2025-08-20T20:58:40.7011078Z Current runner version: '2.328.0'
2025-08-20T20:58:40.7048230Z ##[group]Runner Image Provisioner
2025-08-20T20:58:40.7049356Z Hosted Compute Agent
2025-08-20T20:58:40.7050269Z Version: 20250818.377
2025-08-20T20:58:40.7051136Z Commit: 3c593e9f75fe0b87e893bca80d6e12ba089c61fc
2025-08-20T20:58:40.7052198Z Build Date: 2025-08-18T14:52:18Z
2025-08-20T20:58:40.7053104Z ##[endgroup]
2025-08-20T20:58:40.7053967Z ##[group]Operating System
2025-08-20T20:58:40.7054762Z Ubuntu
2025-08-20T20:58:40.7055523Z 24.04.2
2025-08-20T20:58:40.7056198Z LTS
2025-08-20T20:58:40.7057374Z ##[endgroup]
2025-08-20T20:58:40.7058076Z ##[group]Runner Image
2025-08-20T20:58:40.7059067Z Image: ubuntu-24.04
2025-08-20T20:58:40.7059887Z Version: 20250818.1.0
2025-08-20T20:58:40.7061400Z Included Software: https://github.com/actions/runner-images/blob/ubuntu24/20250818.1/images/ubuntu/Ubuntu2404-Readme.md
2025-08-20T20:58:40.7064242Z Image Release: https://github.com/actions/runner-images/releases/tag/ubuntu24%2F20250818.1
2025-08-20T20:58:40.7065974Z ##[endgroup]
2025-08-20T20:58:40.7070255Z ##[group]GITHUB_TOKEN Permissions
2025-08-20T20:58:40.7073112Z Actions: read
2025-08-20T20:58:40.7074107Z Attestations: read
2025-08-20T20:58:40.7075026Z Checks: read
2025-08-20T20:58:40.7075870Z Contents: read
2025-08-20T20:58:40.7076998Z Deployments: read
2025-08-20T20:58:40.7077851Z Discussions: read
2025-08-20T20:58:40.7078662Z Issues: read
2025-08-20T20:58:40.7079546Z Metadata: read
2025-08-20T20:58:40.7080325Z Models: read
2025-08-20T20:58:40.7081356Z Packages: read
2025-08-20T20:58:40.7082335Z Pages: read
2025-08-20T20:58:40.7083268Z PullRequests: read
2025-08-20T20:58:40.7084213Z RepositoryProjects: read
2025-08-20T20:58:40.7085337Z SecurityEvents: read
2025-08-20T20:58:40.7086283Z Statuses: read
2025-08-20T20:58:40.7087370Z ##[endgroup]
2025-08-20T20:58:40.7090213Z Secret source: Dependabot
2025-08-20T20:58:40.7091633Z Prepare workflow directory
2025-08-20T20:58:40.7453498Z Prepare all required actions
2025-08-20T20:58:40.7508097Z Getting action download info
2025-08-20T20:58:41.0758152Z Download action repository 'actions/checkout@v5' (SHA:08c6903cd8c0fde910a37f88322edcfb5dd907a8)
2025-08-20T20:58:41.4828579Z Download action repository 'actions/upload-artifact@v4' (SHA:ea165f8d65b6e75b540449e92b4886f43607fa02)
2025-08-20T20:58:41.6677954Z Complete job name: compose-health
2025-08-20T20:58:41.7359105Z ##[group]Run actions/checkout@v5
2025-08-20T20:58:41.7359909Z with:
2025-08-20T20:58:41.7360304Z   repository: AlexBomber12/AWA-App
2025-08-20T20:58:41.7360926Z   token: ***
2025-08-20T20:58:41.7361303Z   ssh-strict: true
2025-08-20T20:58:41.7361694Z   ssh-user: git
2025-08-20T20:58:41.7362083Z   persist-credentials: true
2025-08-20T20:58:41.7362525Z   clean: true
2025-08-20T20:58:41.7362911Z   sparse-checkout-cone-mode: true
2025-08-20T20:58:41.7363370Z   fetch-depth: 1
2025-08-20T20:58:41.7363744Z   fetch-tags: false
2025-08-20T20:58:41.7364140Z   show-progress: true
2025-08-20T20:58:41.7364527Z   lfs: false
2025-08-20T20:58:41.7364888Z   submodules: false
2025-08-20T20:58:41.7365356Z   set-safe-directory: true
2025-08-20T20:58:41.7365998Z ##[endgroup]
2025-08-20T20:58:41.8268123Z Syncing repository: AlexBomber12/AWA-App
2025-08-20T20:58:41.8270034Z ##[group]Getting Git version info
2025-08-20T20:58:41.8270710Z Working directory is '/home/runner/work/AWA-App/AWA-App'
2025-08-20T20:58:41.8271665Z [command]/usr/bin/git version
2025-08-20T20:58:41.8320765Z git version 2.51.0
2025-08-20T20:58:41.8341580Z ##[endgroup]
2025-08-20T20:58:41.8355270Z Temporarily overriding HOME='/home/runner/work/_temp/109209e5-d7cb-4a3d-ae1a-ac6afe69d5ab' before making global git config changes
2025-08-20T20:58:41.8360124Z Adding repository directory to the temporary git global config as a safe directory
2025-08-20T20:58:41.8361236Z [command]/usr/bin/git config --global --add safe.directory /home/runner/work/AWA-App/AWA-App
2025-08-20T20:58:41.8395612Z Deleting the contents of '/home/runner/work/AWA-App/AWA-App'
2025-08-20T20:58:41.8399162Z ##[group]Initializing the repository
2025-08-20T20:58:41.8403540Z [command]/usr/bin/git init /home/runner/work/AWA-App/AWA-App
2025-08-20T20:58:41.8488418Z hint: Using 'master' as the name for the initial branch. This default branch name
2025-08-20T20:58:41.8489548Z hint: is subject to change. To configure the initial branch name to use in all
2025-08-20T20:58:41.8490485Z hint: of your new repositories, which will suppress this warning, call:
2025-08-20T20:58:41.8491356Z hint:
2025-08-20T20:58:41.8492076Z hint: 	git config --global init.defaultBranch <name>
2025-08-20T20:58:41.8492708Z hint:
2025-08-20T20:58:41.8493234Z hint: Names commonly chosen instead of 'master' are 'main', 'trunk' and
2025-08-20T20:58:41.8494084Z hint: 'development'. The just-created branch can be renamed via this command:
2025-08-20T20:58:41.8494737Z hint:
2025-08-20T20:58:41.8495224Z hint: 	git branch -m <name>
2025-08-20T20:58:41.8495974Z hint:
2025-08-20T20:58:41.8497254Z hint: Disable this message with "git config set advice.defaultBranchName false"
2025-08-20T20:58:41.8498553Z Initialized empty Git repository in /home/runner/work/AWA-App/AWA-App/.git/
2025-08-20T20:58:41.8501905Z [command]/usr/bin/git remote add origin https://github.com/AlexBomber12/AWA-App
2025-08-20T20:58:41.8535782Z ##[endgroup]
2025-08-20T20:58:41.8536670Z ##[group]Disabling automatic garbage collection
2025-08-20T20:58:41.8539504Z [command]/usr/bin/git config --local gc.auto 0
2025-08-20T20:58:41.8565534Z ##[endgroup]
2025-08-20T20:58:41.8566181Z ##[group]Setting up auth
2025-08-20T20:58:41.8571614Z [command]/usr/bin/git config --local --name-only --get-regexp core\.sshCommand
2025-08-20T20:58:41.8602521Z [command]/usr/bin/git submodule foreach --recursive sh -c "git config --local --name-only --get-regexp 'core\.sshCommand' && git config --local --unset-all 'core.sshCommand' || :"
2025-08-20T20:58:41.8893385Z [command]/usr/bin/git config --local --name-only --get-regexp http\.https\:\/\/github\.com\/\.extraheader
2025-08-20T20:58:41.8925251Z [command]/usr/bin/git submodule foreach --recursive sh -c "git config --local --name-only --get-regexp 'http\.https\:\/\/github\.com\/\.extraheader' && git config --local --unset-all 'http.https://github.com/.extraheader' || :"
2025-08-20T20:58:41.9141072Z [command]/usr/bin/git config --local http.https://github.com/.extraheader AUTHORIZATION: basic ***
2025-08-20T20:58:41.9175531Z ##[endgroup]
2025-08-20T20:58:41.9176996Z ##[group]Fetching the repository
2025-08-20T20:58:41.9185367Z [command]/usr/bin/git -c protocol.version=2 fetch --no-tags --prune --no-recurse-submodules --depth=1 origin +ffc2160eb42abeb5c355654ec7b8603f52938c09:refs/remotes/pull/311/merge
2025-08-20T20:58:42.3794618Z From https://github.com/AlexBomber12/AWA-App
2025-08-20T20:58:42.3802543Z  * [new ref]         ffc2160eb42abeb5c355654ec7b8603f52938c09 -> pull/311/merge
2025-08-20T20:58:42.3828671Z ##[endgroup]
2025-08-20T20:58:42.3829947Z ##[group]Determining the checkout info
2025-08-20T20:58:42.3831511Z ##[endgroup]
2025-08-20T20:58:42.3837183Z [command]/usr/bin/git sparse-checkout disable
2025-08-20T20:58:42.3881500Z [command]/usr/bin/git config --local --unset-all extensions.worktreeConfig
2025-08-20T20:58:42.3909695Z ##[group]Checking out the ref
2025-08-20T20:58:42.3914085Z [command]/usr/bin/git checkout --progress --force refs/remotes/pull/311/merge
2025-08-20T20:58:42.4265490Z Note: switching to 'refs/remotes/pull/311/merge'.
2025-08-20T20:58:42.4269139Z 
2025-08-20T20:58:42.4270088Z You are in 'detached HEAD' state. You can look around, make experimental
2025-08-20T20:58:42.4272328Z changes and commit them, and you can discard any commits you make in this
2025-08-20T20:58:42.4274551Z state without impacting any branches by switching back to a branch.
2025-08-20T20:58:42.4275856Z 
2025-08-20T20:58:42.4276939Z If you want to create a new branch to retain commits you create, you may
2025-08-20T20:58:42.4278698Z do so (now or later) by using -c with the switch command. Example:
2025-08-20T20:58:42.4279317Z 
2025-08-20T20:58:42.4279686Z   git switch -c <new-branch-name>
2025-08-20T20:58:42.4280251Z 
2025-08-20T20:58:42.4280837Z Or undo this operation with:
2025-08-20T20:58:42.4281293Z 
2025-08-20T20:58:42.4281561Z   git switch -
2025-08-20T20:58:42.4281942Z 
2025-08-20T20:58:42.4282524Z Turn off this advice by setting config variable advice.detachedHead to false
2025-08-20T20:58:42.4283299Z 
2025-08-20T20:58:42.4284184Z HEAD is now at ffc2160 Merge 8a4c33dd9e61ab30189b388be4cbfbc1544b2cb4 into ab6f502f8f1e118648fd09a9b43864129ff65477
2025-08-20T20:58:42.4287476Z ##[endgroup]
2025-08-20T20:58:42.4352598Z [command]/usr/bin/git log -1 --format=%H
2025-08-20T20:58:42.4377209Z ffc2160eb42abeb5c355654ec7b8603f52938c09
2025-08-20T20:58:42.4604907Z ##[group]Run echo "GITHUB_SHA=${GITHUB_SHA}" >> "$GITHUB_ENV"
2025-08-20T20:58:42.4606822Z [36;1mecho "GITHUB_SHA=${GITHUB_SHA}" >> "$GITHUB_ENV"[0m
2025-08-20T20:58:42.4681773Z shell: /usr/bin/bash -e {0}
2025-08-20T20:58:42.4682909Z ##[endgroup]
2025-08-20T20:58:42.4845797Z ##[group]Run export COMPOSE_DOCKER_CLI_BUILD=1 DOCKER_BUILDKIT=1
2025-08-20T20:58:42.4847679Z [36;1mexport COMPOSE_DOCKER_CLI_BUILD=1 DOCKER_BUILDKIT=1[0m
2025-08-20T20:58:42.4849087Z [36;1mdocker compose --progress=plain \[0m
2025-08-20T20:58:42.4850274Z [36;1m  -f docker-compose.yml \[0m
2025-08-20T20:58:42.4851386Z [36;1m  -f docker-compose.ci.yml \[0m
2025-08-20T20:58:42.4852566Z [36;1m  -f docker-compose.postgres.yml \[0m
2025-08-20T20:58:42.4853700Z [36;1m  build[0m
2025-08-20T20:58:42.4891749Z shell: /usr/bin/bash -e {0}
2025-08-20T20:58:42.4892718Z env:
2025-08-20T20:58:42.4893663Z   GITHUB_SHA: ffc2160eb42abeb5c355654ec7b8603f52938c09
2025-08-20T20:58:42.4894866Z ##[endgroup]
2025-08-20T20:58:43.2115209Z #1 [internal] load local bake definitions
2025-08-20T20:58:43.3141572Z #1 reading from stdin 1.88kB done
2025-08-20T20:58:43.3142209Z #1 DONE 0.0s
2025-08-20T20:58:43.3142441Z 
2025-08-20T20:58:43.3142834Z #2 [celery_worker internal] load build definition from Dockerfile
2025-08-20T20:58:43.3143486Z #2 transferring dockerfile:
2025-08-20T20:58:43.4322789Z #2 transferring dockerfile: 1.15kB done
2025-08-20T20:58:43.4323522Z #2 DONE 0.0s
2025-08-20T20:58:43.4323768Z 
2025-08-20T20:58:43.4323936Z #3 [fees_h10 internal] load build definition from Dockerfile
2025-08-20T20:58:43.4324335Z #3 transferring dockerfile: 962B done
2025-08-20T20:58:43.4324602Z #3 DONE 0.0s
2025-08-20T20:58:43.4324730Z 
2025-08-20T20:58:43.4324893Z #4 [api internal] load build definition from Dockerfile
2025-08-20T20:58:43.4325304Z #4 transferring dockerfile: 1.48kB done
2025-08-20T20:58:43.4325716Z #4 DONE 0.0s
2025-08-20T20:58:43.4325850Z 
2025-08-20T20:58:43.4326031Z #5 [postgres internal] load build definition from Dockerfile
2025-08-20T20:58:43.4326789Z #5 transferring dockerfile: 807B done
2025-08-20T20:58:43.4327095Z #5 DONE 0.0s
2025-08-20T20:58:43.4327330Z 
2025-08-20T20:58:43.4327536Z #6 [auth] docker/dockerfile:pull token for registry-1.docker.io
2025-08-20T20:58:43.5827709Z #6 DONE 0.0s
2025-08-20T20:58:43.5827949Z 
2025-08-20T20:58:43.5828175Z #7 [auth] library/postgres:pull token for registry-1.docker.io
2025-08-20T20:58:43.5828576Z #7 DONE 0.0s
2025-08-20T20:58:43.5828721Z 
2025-08-20T20:58:43.5829058Z #8 [celery_worker] resolve image config for docker-image://docker.io/docker/dockerfile:1.6
2025-08-20T20:58:43.9627050Z #8 ...
2025-08-20T20:58:43.9627512Z 
2025-08-20T20:58:43.9627876Z #9 [postgres internal] load metadata for docker.io/library/postgres:16
2025-08-20T20:58:43.9628359Z #9 DONE 0.6s
2025-08-20T20:58:44.0847447Z 
2025-08-20T20:58:44.0848401Z #10 [postgres internal] load .dockerignore
2025-08-20T20:58:44.0849229Z #10 transferring context: 265B done
2025-08-20T20:58:44.0849580Z #10 DONE 0.0s
2025-08-20T20:58:44.0849775Z 
2025-08-20T20:58:44.0850171Z #8 [api] resolve image config for docker-image://docker.io/docker/dockerfile:1.6
2025-08-20T20:58:44.0850882Z #8 DONE 0.7s
2025-08-20T20:58:44.0851147Z 
2025-08-20T20:58:44.0851330Z #11 [postgres internal] load build context
2025-08-20T20:58:44.0851753Z #11 transferring context: 582B done
2025-08-20T20:58:44.0852070Z #11 DONE 0.0s
2025-08-20T20:58:44.0852580Z 
2025-08-20T20:58:44.0853107Z #12 [fees_h10] docker-image://docker.io/docker/dockerfile:1.6@sha256:ac85f380a63b13dfcefa89046420e1781752bab202122f8f50032edf31be0021
2025-08-20T20:58:44.0854015Z #12 resolve docker.io/docker/dockerfile:1.6@sha256:ac85f380a63b13dfcefa89046420e1781752bab202122f8f50032edf31be0021 done
2025-08-20T20:58:44.0854761Z #12 sha256:657fcc512c7369f4cb3d94ea329150f8daf626bc838b1a1e81f1834c73ecc77e 482B / 482B done
2025-08-20T20:58:44.0855418Z #12 sha256:a17ee7fff8f5e97b974f5b48f51647d2cf28d543f2aa6c11aaa0ea431b44bb89 1.27kB / 1.27kB done
2025-08-20T20:58:44.0856087Z #12 sha256:9d9c93f4b00be908ab694a4df732570bced3b8a96b7515d70ff93402179ad232 0B / 11.80MB 0.1s
2025-08-20T20:58:44.0857021Z #12 sha256:ac85f380a63b13dfcefa89046420e1781752bab202122f8f50032edf31be0021 8.40kB / 8.40kB done
2025-08-20T20:58:44.1860597Z #12 sha256:657fcc512c7369f4cb3d94ea329150f8daf626bc838b1a1e81f1834c73ecc77e 482B / 482B done
2025-08-20T20:58:44.1861283Z #12 sha256:a17ee7fff8f5e97b974f5b48f51647d2cf28d543f2aa6c11aaa0ea431b44bb89 1.27kB / 1.27kB done
2025-08-20T20:58:44.1861897Z #12 sha256:9d9c93f4b00be908ab694a4df732570bced3b8a96b7515d70ff93402179ad232 6.29MB / 11.80MB 0.2s
2025-08-20T20:58:44.1862477Z #12 sha256:ac85f380a63b13dfcefa89046420e1781752bab202122f8f50032edf31be0021 8.40kB / 8.40kB done
2025-08-20T20:58:44.3594684Z #12 sha256:9d9c93f4b00be908ab694a4df732570bced3b8a96b7515d70ff93402179ad232 11.80MB / 11.80MB 0.3s done
2025-08-20T20:58:44.3595940Z #12 extracting sha256:9d9c93f4b00be908ab694a4df732570bced3b8a96b7515d70ff93402179ad232 0.1s
2025-08-20T20:58:44.4857715Z #12 extracting sha256:9d9c93f4b00be908ab694a4df732570bced3b8a96b7515d70ff93402179ad232 0.1s done
2025-08-20T20:58:44.4865982Z #12 DONE 0.4s
2025-08-20T20:58:44.4867203Z 
2025-08-20T20:58:44.4872175Z #13 [postgres 1/6] FROM docker.io/library/postgres:16@sha256:66a5efb5677ffac1037774a0e141fd3a4c035c9c0c0e624c9cc980dfa10f45e5
2025-08-20T20:58:44.4876167Z #13 resolve docker.io/library/postgres:16@sha256:66a5efb5677ffac1037774a0e141fd3a4c035c9c0c0e624c9cc980dfa10f45e5 done
2025-08-20T20:58:44.4877622Z #13 sha256:66a5efb5677ffac1037774a0e141fd3a4c035c9c0c0e624c9cc980dfa10f45e5 10.24kB / 10.24kB done
2025-08-20T20:58:44.4878705Z #13 sha256:3084fa1fadd59e7633ec56d318f1e4de01be744f446c5c35df7cd801fbc34894 3.63kB / 3.63kB done
2025-08-20T20:58:44.4879728Z #13 sha256:4b802c5161ddfa2ae4beac272c4e24aa5e162a20451c8489cbb952a88507732f 9.89kB / 9.89kB done
2025-08-20T20:58:44.4880858Z #13 sha256:fb850b0e3049060bf4eb46c8806d7ceea916d67e5cc56d6b295511e27463e56b 1.17kB / 1.17kB 0.2s done
2025-08-20T20:58:44.4882093Z #13 sha256:396b1da7636e2dcd10565cb4f2f952cbb4a8a38b58d3b86a2cacb172fb70117c 15.73MB / 29.77MB 0.5s
2025-08-20T20:58:44.4883180Z #13 sha256:7f09385d08f9e8f578f9dad57582fff30d6ca3ef0f4d66ab5e1bf92c88862341 0B / 6.44MB 0.3s
2025-08-20T20:58:44.4884201Z #13 sha256:534f45d26d937460abe84bd086361a04c27e624a23f9384ff13f11c24c64c7bb 1.05MB / 1.45MB 0.5s
2025-08-20T20:58:44.4885191Z #13 sha256:2b6532633f5d125e9a709f56f26af5a07390c859a5c77142b74da1d4e3c79fee 4.19MB / 8.20MB 0.5s
2025-08-20T20:58:44.5857131Z #13 ...
2025-08-20T20:58:44.5857316Z 
2025-08-20T20:58:44.5857469Z #14 [etl internal] load build definition from Dockerfile
2025-08-20T20:58:44.5857797Z #14 transferring dockerfile: 1.15kB done
2025-08-20T20:58:44.5858043Z #14 DONE 0.0s
2025-08-20T20:58:44.5858155Z 
2025-08-20T20:58:44.5923155Z #15 [celery_worker internal] load build definition from Dockerfile
2025-08-20T20:58:44.5923761Z #15 transferring dockerfile: 1.15kB done
2025-08-20T20:58:44.5924220Z #15 DONE 0.0s
2025-08-20T20:58:44.5924421Z 
2025-08-20T20:58:44.5924709Z #16 [auth] library/python:pull token for registry-1.docker.io
2025-08-20T20:58:44.5925321Z #16 DONE 0.0s
2025-08-20T20:58:44.5925526Z 
2025-08-20T20:58:44.5926085Z #13 [postgres 1/6] FROM docker.io/library/postgres:16@sha256:66a5efb5677ffac1037774a0e141fd3a4c035c9c0c0e624c9cc980dfa10f45e5
2025-08-20T20:58:44.5927540Z #13 sha256:396b1da7636e2dcd10565cb4f2f952cbb4a8a38b58d3b86a2cacb172fb70117c 24.12MB / 29.77MB 0.6s
2025-08-20T20:58:44.5928864Z #13 sha256:534f45d26d937460abe84bd086361a04c27e624a23f9384ff13f11c24c64c7bb 1.45MB / 1.45MB 0.5s done
2025-08-20T20:58:44.5929990Z #13 sha256:2b6532633f5d125e9a709f56f26af5a07390c859a5c77142b74da1d4e3c79fee 8.20MB / 8.20MB 0.5s done
2025-08-20T20:58:44.5931005Z #13 sha256:320fa150e60fca9bb108771a06f08d5464ad8b7474b7bf3f4b44d723b686ee72 0B / 1.31MB 0.6s
2025-08-20T20:58:44.5932014Z #13 sha256:19947f6cc5d3035f6c922fa1d6047c79e044256ad948080adb59cec60717b9f8 0B / 116B 0.6s
2025-08-20T20:58:44.6858238Z #13 sha256:396b1da7636e2dcd10565cb4f2f952cbb4a8a38b58d3b86a2cacb172fb70117c 29.77MB / 29.77MB 0.7s done
2025-08-20T20:58:44.6860957Z #13 sha256:320fa150e60fca9bb108771a06f08d5464ad8b7474b7bf3f4b44d723b686ee72 1.31MB / 1.31MB 0.7s
2025-08-20T20:58:44.6861919Z #13 sha256:19947f6cc5d3035f6c922fa1d6047c79e044256ad948080adb59cec60717b9f8 116B / 116B 0.6s done
2025-08-20T20:58:44.6862980Z #13 sha256:e787bdd7824bfcb30d11087160de825f724620c952958f4f725c13421499b724 0B / 3.14kB 0.7s
2025-08-20T20:58:44.6864002Z #13 sha256:a1e4ad56dcecf442fba1cec05cd565ededfdc663e5172df9ef9394d96d4c96f8 0B / 113.19MB 0.7s
2025-08-20T20:58:44.8064093Z #13 sha256:320fa150e60fca9bb108771a06f08d5464ad8b7474b7bf3f4b44d723b686ee72 1.31MB / 1.31MB 0.7s done
2025-08-20T20:58:44.8068412Z #13 sha256:e787bdd7824bfcb30d11087160de825f724620c952958f4f725c13421499b724 3.14kB / 3.14kB 0.7s done
2025-08-20T20:58:44.8069577Z #13 extracting sha256:396b1da7636e2dcd10565cb4f2f952cbb4a8a38b58d3b86a2cacb172fb70117c 0.1s
2025-08-20T20:58:44.8070658Z #13 sha256:f1b3502db45ad485f0affe43e32fc81d699ddac01c023f198271a0a7e1cecd4c 0B / 169B 0.8s
2025-08-20T20:58:44.8071716Z #13 sha256:a858bd6d34e86a481a2e028e3ba489e662b3ac7713eba9a5d3bb97002c7d797e 0B / 128B 0.8s
2025-08-20T20:58:44.8072822Z #13 sha256:987c1b4919ea2d87df20824aaef43a9de0575ac7df684579ad267c7e48c8eeea 10.01kB / 10.01kB 0.8s done
2025-08-20T20:58:44.9233959Z #13 sha256:f1b3502db45ad485f0affe43e32fc81d699ddac01c023f198271a0a7e1cecd4c 169B / 169B 0.9s done
2025-08-20T20:58:44.9234936Z #13 sha256:a858bd6d34e86a481a2e028e3ba489e662b3ac7713eba9a5d3bb97002c7d797e 128B / 128B 0.9s done
2025-08-20T20:58:44.9235556Z #13 sha256:240810240d04caaaccb11d51ba7c3a7f7d6f470ec2a80ee420a3d33899d9a303 0B / 184B 0.9s
2025-08-20T20:58:44.9236125Z #13 sha256:25ef78fb127c1934630de29a3d38f46e544360b1dcf5cfc09b25507fbe88fd75 0B / 5.92kB 0.9s
2025-08-20T20:58:45.0257264Z #13 ...
2025-08-20T20:58:45.0259561Z 
2025-08-20T20:58:45.0259945Z #17 [fees_h10 internal] load metadata for docker.io/library/python:3.12-slim
2025-08-20T20:58:45.0260689Z #17 DONE 0.5s
2025-08-20T20:58:45.0260992Z 
2025-08-20T20:58:45.0261142Z #18 [fees_h10 internal] load .dockerignore
2025-08-20T20:58:45.0261567Z #18 transferring context: 2B done
2025-08-20T20:58:45.0261929Z #18 DONE 0.0s
2025-08-20T20:58:45.0262103Z 
2025-08-20T20:58:45.0262262Z #19 [etl internal] load .dockerignore
2025-08-20T20:58:45.0262693Z #19 transferring context: 265B done
2025-08-20T20:58:45.0263308Z #19 DONE 0.0s
2025-08-20T20:58:45.0263487Z 
2025-08-20T20:58:45.0263664Z #20 [celery_worker internal] load .dockerignore
2025-08-20T20:58:45.0264141Z #20 transferring context: 265B done
2025-08-20T20:58:45.0264510Z #20 DONE 0.0s
2025-08-20T20:58:45.0264683Z 
2025-08-20T20:58:45.0264827Z #21 [api internal] load .dockerignore
2025-08-20T20:58:45.0265225Z #21 transferring context: 265B done
2025-08-20T20:58:45.0265622Z #21 DONE 0.0s
2025-08-20T20:58:45.0265788Z 
2025-08-20T20:58:45.0266397Z #13 [postgres 1/6] FROM docker.io/library/postgres:16@sha256:66a5efb5677ffac1037774a0e141fd3a4c035c9c0c0e624c9cc980dfa10f45e5
2025-08-20T20:58:45.0268402Z #13 sha256:a1e4ad56dcecf442fba1cec05cd565ededfdc663e5172df9ef9394d96d4c96f8 7.34MB / 113.19MB 1.0s
2025-08-20T20:58:45.0269595Z #13 sha256:240810240d04caaaccb11d51ba7c3a7f7d6f470ec2a80ee420a3d33899d9a303 184B / 184B 1.0s done
2025-08-20T20:58:45.0270652Z #13 sha256:25ef78fb127c1934630de29a3d38f46e544360b1dcf5cfc09b25507fbe88fd75 5.92kB / 5.92kB 1.0s done
2025-08-20T20:58:45.2327960Z #13 sha256:a1e4ad56dcecf442fba1cec05cd565ededfdc663e5172df9ef9394d96d4c96f8 17.83MB / 113.19MB 1.2s
2025-08-20T20:58:45.6852877Z #13 sha256:a1e4ad56dcecf442fba1cec05cd565ededfdc663e5172df9ef9394d96d4c96f8 32.51MB / 113.19MB 1.7s
2025-08-20T20:58:45.8861218Z #13 sha256:a1e4ad56dcecf442fba1cec05cd565ededfdc663e5172df9ef9394d96d4c96f8 40.89MB / 113.19MB 1.9s
2025-08-20T20:58:46.0477376Z #13 ...
2025-08-20T20:58:46.0477712Z 
2025-08-20T20:58:46.0477907Z #22 [celery_worker internal] load build context
2025-08-20T20:58:46.0478584Z #22 transferring context: 25.47kB 0.0s done
2025-08-20T20:58:46.0481288Z #22 DONE 0.0s
2025-08-20T20:58:46.0481498Z 
2025-08-20T20:58:46.0481671Z #23 [fees_h10 internal] load build context
2025-08-20T20:58:46.0482160Z #23 transferring context: 8.31kB 0.0s done
2025-08-20T20:58:46.0482570Z #23 DONE 0.0s
2025-08-20T20:58:46.0482749Z 
2025-08-20T20:58:46.0482896Z #24 [etl internal] load build context
2025-08-20T20:58:46.0483631Z #24 transferring context: 25.47kB 0.0s done
2025-08-20T20:58:46.0484054Z #24 DONE 0.1s
2025-08-20T20:58:46.0484227Z 
2025-08-20T20:58:46.0484399Z #25 [api internal] load build context
2025-08-20T20:58:46.0484831Z #25 transferring context: 157.28kB 0.0s done
2025-08-20T20:58:46.0485247Z #25 DONE 0.1s
2025-08-20T20:58:46.0485413Z 
2025-08-20T20:58:46.0486070Z #13 [postgres 1/6] FROM docker.io/library/postgres:16@sha256:66a5efb5677ffac1037774a0e141fd3a4c035c9c0c0e624c9cc980dfa10f45e5
2025-08-20T20:58:46.1623994Z #13 sha256:a1e4ad56dcecf442fba1cec05cd565ededfdc663e5172df9ef9394d96d4c96f8 47.19MB / 113.19MB 2.1s
2025-08-20T20:58:46.2868149Z #13 extracting sha256:396b1da7636e2dcd10565cb4f2f952cbb4a8a38b58d3b86a2cacb172fb70117c 1.5s done
2025-08-20T20:58:46.2872189Z #13 extracting sha256:fb850b0e3049060bf4eb46c8806d7ceea916d67e5cc56d6b295511e27463e56b done
2025-08-20T20:58:46.2873192Z #13 extracting sha256:7f09385d08f9e8f578f9dad57582fff30d6ca3ef0f4d66ab5e1bf92c88862341
2025-08-20T20:58:46.4238906Z #13 sha256:a1e4ad56dcecf442fba1cec05cd565ededfdc663e5172df9ef9394d96d4c96f8 54.53MB / 113.19MB 2.4s
2025-08-20T20:58:46.4241049Z #13 extracting sha256:7f09385d08f9e8f578f9dad57582fff30d6ca3ef0f4d66ab5e1bf92c88862341 0.2s done
2025-08-20T20:58:46.5292611Z #13 extracting sha256:534f45d26d937460abe84bd086361a04c27e624a23f9384ff13f11c24c64c7bb
2025-08-20T20:58:46.6851987Z #13 sha256:a1e4ad56dcecf442fba1cec05cd565ededfdc663e5172df9ef9394d96d4c96f8 62.91MB / 113.19MB 2.7s
2025-08-20T20:58:46.6854521Z #13 extracting sha256:534f45d26d937460abe84bd086361a04c27e624a23f9384ff13f11c24c64c7bb 0.0s done
2025-08-20T20:58:46.6859842Z #13 extracting sha256:2b6532633f5d125e9a709f56f26af5a07390c859a5c77142b74da1d4e3c79fee
2025-08-20T20:58:47.0009206Z #13 sha256:a1e4ad56dcecf442fba1cec05cd565ededfdc663e5172df9ef9394d96d4c96f8 75.50MB / 113.19MB 3.0s
2025-08-20T20:58:47.0010401Z #13 extracting sha256:2b6532633f5d125e9a709f56f26af5a07390c859a5c77142b74da1d4e3c79fee 0.3s done
2025-08-20T20:58:47.0011360Z #13 extracting sha256:320fa150e60fca9bb108771a06f08d5464ad8b7474b7bf3f4b44d723b686ee72
2025-08-20T20:58:47.1100222Z #13 sha256:a1e4ad56dcecf442fba1cec05cd565ededfdc663e5172df9ef9394d96d4c96f8 82.84MB / 113.19MB 3.1s
2025-08-20T20:58:47.1101406Z #13 extracting sha256:320fa150e60fca9bb108771a06f08d5464ad8b7474b7bf3f4b44d723b686ee72 0.1s done
2025-08-20T20:58:47.1102636Z #13 extracting sha256:19947f6cc5d3035f6c922fa1d6047c79e044256ad948080adb59cec60717b9f8
2025-08-20T20:58:47.2299656Z #13 ...
2025-08-20T20:58:47.2304674Z 
2025-08-20T20:58:47.2305729Z #26 [etl base 1/6] FROM docker.io/library/python:3.12-slim@sha256:d67a7b66b989ad6b6d6b10d428dcc5e0bfc3e5f88906e67d490c4d3daac57047
2025-08-20T20:58:47.2307615Z #26 resolve docker.io/library/python:3.12-slim@sha256:d67a7b66b989ad6b6d6b10d428dcc5e0bfc3e5f88906e67d490c4d3daac57047 done
2025-08-20T20:58:47.2309069Z #26 extracting sha256:396b1da7636e2dcd10565cb4f2f952cbb4a8a38b58d3b86a2cacb172fb70117c 0.3s done
2025-08-20T20:58:47.2312483Z #26 sha256:bad5eac7befe06d25bef9d4d894d7467355bac08745c745a88977774933fa032 5.58kB / 5.58kB done
2025-08-20T20:58:47.2313534Z #26 sha256:396b1da7636e2dcd10565cb4f2f952cbb4a8a38b58d3b86a2cacb172fb70117c 29.77MB / 29.77MB done
2025-08-20T20:58:47.2314834Z #26 sha256:5d587318e932a89b94608393c99dd30ee5092a6991c1656f717bd4f4e13d60df 1.29MB / 1.29MB 0.2s done
2025-08-20T20:58:47.2315960Z #26 sha256:e5c05dcf47fbdb2f18dc242ad1b7f48fbd3813c0027ffcfb8e81e4aa7e0965f4 12.11MB / 12.11MB 0.5s done
2025-08-20T20:58:47.2317428Z #26 sha256:d67a7b66b989ad6b6d6b10d428dcc5e0bfc3e5f88906e67d490c4d3daac57047 10.37kB / 10.37kB done
2025-08-20T20:58:47.2330626Z #26 sha256:8f3d1de1b41cd7340a89b024d6f7a10043f7b0d07d97eb36ba76f22fcfa9a235 1.75kB / 1.75kB done
2025-08-20T20:58:47.2332022Z #26 sha256:d76206d463c08ba2a3f7bbab2de2a933ad73f33ab4ab813eafe50c9dff9edc12 251B / 251B 0.2s done
2025-08-20T20:58:47.2333848Z #26 extracting sha256:5d587318e932a89b94608393c99dd30ee5092a6991c1656f717bd4f4e13d60df 0.1s done
2025-08-20T20:58:47.2335369Z #26 extracting sha256:e5c05dcf47fbdb2f18dc242ad1b7f48fbd3813c0027ffcfb8e81e4aa7e0965f4 0.8s done
2025-08-20T20:58:47.2336462Z #26 extracting sha256:d76206d463c08ba2a3f7bbab2de2a933ad73f33ab4ab813eafe50c9dff9edc12 done
2025-08-20T20:58:47.2337705Z #26 DONE 1.4s
2025-08-20T20:58:47.2337876Z 
2025-08-20T20:58:47.2338446Z #27 [fees_h10 base 2/6] WORKDIR /app
2025-08-20T20:58:47.2339983Z #27 DONE 0.0s
2025-08-20T20:58:47.2340190Z 
2025-08-20T20:58:47.2340859Z #28 [api base  3/13] COPY services/api/requirements.txt ./requirements.txt
2025-08-20T20:58:47.2341544Z #28 DONE 0.0s
2025-08-20T20:58:47.2341721Z 
2025-08-20T20:58:47.2342760Z #13 [postgres 1/6] FROM docker.io/library/postgres:16@sha256:66a5efb5677ffac1037774a0e141fd3a4c035c9c0c0e624c9cc980dfa10f45e5
2025-08-20T20:58:47.2344631Z #13 sha256:a1e4ad56dcecf442fba1cec05cd565ededfdc663e5172df9ef9394d96d4c96f8 93.32MB / 113.19MB 3.2s
2025-08-20T20:58:47.2345706Z #13 extracting sha256:19947f6cc5d3035f6c922fa1d6047c79e044256ad948080adb59cec60717b9f8 done
2025-08-20T20:58:47.2347062Z #13 extracting sha256:e787bdd7824bfcb30d11087160de825f724620c952958f4f725c13421499b724 done
2025-08-20T20:58:47.3860638Z #13 ...
2025-08-20T20:58:47.3861899Z 
2025-08-20T20:58:47.3862372Z #29 [etl base 3/5] COPY services/etl/requirements*.txt services/etl/constraints.txt ./
2025-08-20T20:58:47.3863022Z #29 DONE 0.0s
2025-08-20T20:58:47.3863193Z 
2025-08-20T20:58:47.3863493Z #30 [fees_h10 base 3/6] COPY requirements*.txt constraints.txt ./fees_h10/
2025-08-20T20:58:47.3864035Z #30 DONE 0.0s
2025-08-20T20:58:47.3864207Z 
2025-08-20T20:58:47.3864783Z #13 [postgres 1/6] FROM docker.io/library/postgres:16@sha256:66a5efb5677ffac1037774a0e141fd3a4c035c9c0c0e624c9cc980dfa10f45e5
2025-08-20T20:58:47.3865988Z #13 sha256:a1e4ad56dcecf442fba1cec05cd565ededfdc663e5172df9ef9394d96d4c96f8 112.20MB / 113.19MB 3.4s
2025-08-20T20:58:47.4878379Z #13 sha256:a1e4ad56dcecf442fba1cec05cd565ededfdc663e5172df9ef9394d96d4c96f8 113.19MB / 113.19MB 3.4s done
2025-08-20T20:58:47.6092158Z #13 extracting sha256:a1e4ad56dcecf442fba1cec05cd565ededfdc663e5172df9ef9394d96d4c96f8
2025-08-20T20:58:52.6636832Z #13 extracting sha256:a1e4ad56dcecf442fba1cec05cd565ededfdc663e5172df9ef9394d96d4c96f8 5.1s
2025-08-20T20:58:53.2957819Z #13 extracting sha256:a1e4ad56dcecf442fba1cec05cd565ededfdc663e5172df9ef9394d96d4c96f8 5.8s done
2025-08-20T20:58:53.5373169Z #13 ...
2025-08-20T20:58:53.5373482Z 
2025-08-20T20:58:53.5375026Z #31 [api stage-1 3/6] RUN set -eux;     if [ -f /etc/apt/sources.list ]; then         sed -i 's|http://deb.debian.org|https://deb.debian.org|g' /etc/apt/sources.list;     fi;     apt-get update;     apt-get install -y --no-install-recommends tzdata postgresql-client curl;     rm -rf /var/lib/apt/lists/*
2025-08-20T20:58:53.5376304Z #31 0.280 + [ -f /etc/apt/sources.list ]
2025-08-20T20:58:53.5376951Z #31 0.280 + apt-get update
2025-08-20T20:58:53.5377283Z #31 0.401 Hit:1 http://deb.debian.org/debian trixie InRelease
2025-08-20T20:58:53.5377695Z #31 0.404 Get:2 http://deb.debian.org/debian trixie-updates InRelease [47.1 kB]
2025-08-20T20:58:53.5378292Z #31 0.455 Get:3 http://deb.debian.org/debian-security trixie-security InRelease [43.4 kB]
2025-08-20T20:58:53.5378792Z #31 0.489 Get:4 http://deb.debian.org/debian trixie/main amd64 Packages [9668 kB]
2025-08-20T20:58:53.5379627Z #31 0.692 Get:5 http://deb.debian.org/debian trixie-updates/main amd64 Packages [2432 B]
2025-08-20T20:58:53.5380177Z #31 0.720 Get:6 http://deb.debian.org/debian-security trixie-security/main amd64 Packages [20.5 kB]
2025-08-20T20:58:53.5380602Z #31 1.600 Fetched 9781 kB in 1s (7613 kB/s)
2025-08-20T20:58:53.5380867Z #31 1.600 Reading package lists...
2025-08-20T20:58:53.5381230Z #31 2.416 + apt-get install -y --no-install-recommends tzdata postgresql-client curl
2025-08-20T20:58:53.5381601Z #31 2.434 Reading package lists...
2025-08-20T20:58:53.5381840Z #31 3.240 Building dependency tree...
2025-08-20T20:58:53.5382081Z #31 3.471 Reading state information...
2025-08-20T20:58:53.5382363Z #31 3.676 tzdata is already the newest version (2025b-4).
2025-08-20T20:58:53.5382702Z #31 3.676 The following additional packages will be installed:
2025-08-20T20:58:53.5383276Z #31 3.676   libbrotli1 libcom-err2 libcurl4t64 libgdbm-compat4t64 libgnutls30t64
2025-08-20T20:58:53.5383763Z #31 3.676   libgssapi-krb5-2 libidn2-0 libk5crypto3 libkeyutils1 libkrb5-3
2025-08-20T20:58:53.5384244Z #31 3.676   libkrb5support0 libldap2 libnghttp2-14 libnghttp3-9 libp11-kit0 libperl5.40
2025-08-20T20:58:53.5384757Z #31 3.676   libpq5 libpsl5t64 librtmp1 libsasl2-2 libsasl2-modules-db libssh2-1t64
2025-08-20T20:58:53.5385229Z #31 3.677   libtasn1-6 libunistring5 perl perl-modules-5.40 postgresql-client-17
2025-08-20T20:58:53.5385630Z #31 3.677   postgresql-client-common sensible-utils
2025-08-20T20:58:53.5385903Z #31 3.678 Suggested packages:
2025-08-20T20:58:53.5386223Z #31 3.678   gnutls-bin krb5-doc krb5-user perl-doc libterm-readline-gnu-perl
2025-08-20T20:58:53.5386909Z #31 3.678   | libterm-readline-perl-perl make libtap-harness-archive-perl postgresql-17
2025-08-20T20:58:53.5387314Z #31 3.678   postgresql-doc-17
2025-08-20T20:58:53.5387547Z #31 3.678 Recommended packages:
2025-08-20T20:58:53.5387903Z #31 3.678   bash-completion krb5-locales libldap-common publicsuffix libsasl2-modules
2025-08-20T20:58:53.5388320Z #31 3.927 The following NEW packages will be installed:
2025-08-20T20:58:53.5388693Z #31 3.928   curl libbrotli1 libcom-err2 libcurl4t64 libgdbm-compat4t64 libgnutls30t64
2025-08-20T20:58:53.5389133Z #31 3.928   libgssapi-krb5-2 libidn2-0 libk5crypto3 libkeyutils1 libkrb5-3
2025-08-20T20:58:53.5389584Z #31 3.928   libkrb5support0 libldap2 libnghttp2-14 libnghttp3-9 libp11-kit0 libperl5.40
2025-08-20T20:58:53.5390053Z #31 3.929   libpq5 libpsl5t64 librtmp1 libsasl2-2 libsasl2-modules-db libssh2-1t64
2025-08-20T20:58:53.5390501Z #31 3.929   libtasn1-6 libunistring5 perl perl-modules-5.40 postgresql-client
2025-08-20T20:58:53.5390917Z #31 3.929   postgresql-client-17 postgresql-client-common sensible-utils
2025-08-20T20:58:53.5391321Z #31 4.006 0 upgraded, 31 newly installed, 0 to remove and 0 not upgraded.
2025-08-20T20:58:53.5391637Z #31 4.006 Need to get 14.9 MB of archives.
2025-08-20T20:58:53.5391960Z #31 4.006 After this operation, 78.1 MB of additional disk space will be used.
2025-08-20T20:58:53.5392446Z #31 4.006 Get:1 http://deb.debian.org/debian trixie/main amd64 sensible-utils all 0.0.25 [25.0 kB]
2025-08-20T20:58:53.5392992Z #31 4.021 Get:2 http://deb.debian.org/debian trixie/main amd64 perl-modules-5.40 all 5.40.1-6 [3019 kB]
2025-08-20T20:58:53.5393546Z #31 4.100 Get:3 http://deb.debian.org/debian trixie/main amd64 libgdbm-compat4t64 amd64 1.24-2 [50.3 kB]
2025-08-20T20:58:53.5394088Z #31 4.101 Get:4 http://deb.debian.org/debian trixie/main amd64 libperl5.40 amd64 5.40.1-6 [4341 kB]
2025-08-20T20:58:53.5394608Z #31 4.130 Get:5 http://deb.debian.org/debian trixie/main amd64 perl amd64 5.40.1-6 [267 kB]
2025-08-20T20:58:53.5395107Z #31 4.130 Get:6 http://deb.debian.org/debian trixie/main amd64 libbrotli1 amd64 1.1.0-2+b7 [307 kB]
2025-08-20T20:58:53.5395642Z #31 4.131 Get:7 http://deb.debian.org/debian trixie/main amd64 libkrb5support0 amd64 1.21.3-5 [33.0 kB]
2025-08-20T20:58:53.5396191Z #31 4.131 Get:8 http://deb.debian.org/debian trixie/main amd64 libcom-err2 amd64 1.47.2-3+b3 [25.0 kB]
2025-08-20T20:58:53.5396969Z #31 4.133 Get:9 http://deb.debian.org/debian trixie/main amd64 libk5crypto3 amd64 1.21.3-5 [81.5 kB]
2025-08-20T20:58:53.5397497Z #31 4.133 Get:10 http://deb.debian.org/debian trixie/main amd64 libkeyutils1 amd64 1.6.3-6 [9456 B]
2025-08-20T20:58:53.5398009Z #31 4.134 Get:11 http://deb.debian.org/debian trixie/main amd64 libkrb5-3 amd64 1.21.3-5 [326 kB]
2025-08-20T20:58:53.5398532Z #31 4.137 Get:12 http://deb.debian.org/debian trixie/main amd64 libgssapi-krb5-2 amd64 1.21.3-5 [138 kB]
2025-08-20T20:58:53.5399061Z #31 4.137 Get:13 http://deb.debian.org/debian trixie/main amd64 libunistring5 amd64 1.3-2 [477 kB]
2025-08-20T20:58:53.5399575Z #31 4.142 Get:14 http://deb.debian.org/debian trixie/main amd64 libidn2-0 amd64 2.3.8-2 [109 kB]
2025-08-20T20:58:53.5400256Z #31 4.155 Get:15 http://deb.debian.org/debian trixie/main amd64 libsasl2-modules-db amd64 2.1.28+dfsg1-9 [19.8 kB]
2025-08-20T20:58:53.5400857Z #31 4.156 Get:16 http://deb.debian.org/debian trixie/main amd64 libsasl2-2 amd64 2.1.28+dfsg1-9 [57.5 kB]
2025-08-20T20:58:53.5401398Z #31 4.157 Get:17 http://deb.debian.org/debian trixie/main amd64 libldap2 amd64 2.6.10+dfsg-1 [194 kB]
2025-08-20T20:58:53.5401939Z #31 4.159 Get:18 http://deb.debian.org/debian trixie/main amd64 libnghttp2-14 amd64 1.64.0-1.1 [76.0 kB]
2025-08-20T20:58:53.5402465Z #31 4.161 Get:19 http://deb.debian.org/debian trixie/main amd64 libnghttp3-9 amd64 1.8.0-1 [67.7 kB]
2025-08-20T20:58:53.5402996Z #31 4.162 Get:20 http://deb.debian.org/debian trixie/main amd64 libpsl5t64 amd64 0.21.2-1.1+b1 [57.2 kB]
2025-08-20T20:58:53.5403517Z #31 4.163 Get:21 http://deb.debian.org/debian trixie/main amd64 libp11-kit0 amd64 0.25.5-3 [425 kB]
2025-08-20T20:58:53.5404023Z #31 4.164 Get:22 http://deb.debian.org/debian trixie/main amd64 libtasn1-6 amd64 4.20.0-2 [49.9 kB]
2025-08-20T20:58:53.5404542Z #31 4.168 Get:23 http://deb.debian.org/debian trixie/main amd64 libgnutls30t64 amd64 3.8.9-3 [1465 kB]
2025-08-20T20:58:53.5405119Z #31 4.179 Get:24 http://deb.debian.org/debian trixie/main amd64 librtmp1 amd64 2.4+20151223.gitfa8646d.1-2+b5 [58.8 kB]
2025-08-20T20:58:53.5405701Z #31 4.186 Get:25 http://deb.debian.org/debian trixie/main amd64 libssh2-1t64 amd64 1.11.1-1 [245 kB]
2025-08-20T20:58:53.5406248Z #31 4.191 Get:26 http://deb.debian.org/debian trixie/main amd64 libcurl4t64 amd64 8.14.1-2 [391 kB]
2025-08-20T20:58:53.5406906Z #31 4.194 Get:27 http://deb.debian.org/debian trixie/main amd64 curl amd64 8.14.1-2 [269 kB]
2025-08-20T20:58:53.5407376Z #31 4.195 Get:28 http://deb.debian.org/debian trixie/main amd64 libpq5 amd64 17.5-1 [226 kB]
2025-08-20T20:58:53.5407899Z #31 4.197 Get:29 http://deb.debian.org/debian trixie/main amd64 postgresql-client-common all 278 [47.1 kB]
2025-08-20T20:58:53.5408465Z #31 4.198 Get:30 http://deb.debian.org/debian trixie/main amd64 postgresql-client-17 amd64 17.5-1 [2025 kB]
2025-08-20T20:58:53.5409020Z #31 4.210 Get:31 http://deb.debian.org/debian trixie/main amd64 postgresql-client all 17+278 [14.0 kB]
2025-08-20T20:58:53.5409416Z #31 5.919 Fetched 14.9 MB in 0s (55.5 MB/s)
2025-08-20T20:58:53.5409724Z #31 5.939 Selecting previously unselected package sensible-utils.
2025-08-20T20:58:53.5410025Z #31 5.939 (Reading database ... 
2025-08-20T20:58:53.5410231Z (Reading database ... 5%
2025-08-20T20:58:53.5410429Z (Reading database ... 10%
2025-08-20T20:58:53.5410617Z (Reading database ... 15%
2025-08-20T20:58:53.5410806Z (Reading database ... 20%
2025-08-20T20:58:53.5410987Z (Reading database ... 25%
2025-08-20T20:58:53.5411173Z (Reading database ... 30%
2025-08-20T20:58:53.5411418Z (Reading database ... 35%
2025-08-20T20:58:53.5411606Z (Reading database ... 40%
2025-08-20T20:58:53.5411788Z (Reading database ... 45%
2025-08-20T20:58:53.5411973Z (Reading database ... 50%
2025-08-20T20:58:53.5412159Z (Reading database ... 55%
2025-08-20T20:58:53.5412340Z (Reading database ... 60%
2025-08-20T20:58:53.5412531Z (Reading database ... 65%
2025-08-20T20:58:53.5412711Z (Reading database ... 70%
2025-08-20T20:58:53.5412897Z (Reading database ... 75%
2025-08-20T20:58:53.5413214Z (Reading database ... 80%
2025-08-20T20:58:53.5413401Z (Reading database ... 85%
2025-08-20T20:58:53.5413581Z (Reading database ... 90%
2025-08-20T20:58:53.5413770Z (Reading database ... 95%
2025-08-20T20:58:53.5413951Z (Reading database ... 100%
2025-08-20T20:58:53.5414241Z (Reading database ... 5643 files and directories currently installed.)
2025-08-20T20:58:53.5414632Z #31 5.948 Preparing to unpack .../00-sensible-utils_0.0.25_all.deb ...
2025-08-20T20:58:53.5414950Z #31 5.950 Unpacking sensible-utils (0.0.25) ...
2025-08-20T20:58:53.5415281Z #31 5.980 Selecting previously unselected package perl-modules-5.40.
2025-08-20T20:58:53.5415666Z #31 5.982 Preparing to unpack .../01-perl-modules-5.40_5.40.1-6_all.deb ...
2025-08-20T20:58:53.5416017Z #31 5.983 Unpacking perl-modules-5.40 (5.40.1-6) ...
2025-08-20T20:58:54.2070742Z #31 6.994 Selecting previously unselected package libgdbm-compat4t64:amd64.
2025-08-20T20:58:54.2072819Z #31 6.994 Preparing to unpack .../02-libgdbm-compat4t64_1.24-2_amd64.deb ...
2025-08-20T20:58:54.2073949Z #31 6.999 Unpacking libgdbm-compat4t64:amd64 (1.24-2) ...
2025-08-20T20:58:54.2078199Z #31 ...
2025-08-20T20:58:54.2078387Z 
2025-08-20T20:58:54.2079000Z #13 [postgres 1/6] FROM docker.io/library/postgres:16@sha256:66a5efb5677ffac1037774a0e141fd3a4c035c9c0c0e624c9cc980dfa10f45e5
2025-08-20T20:58:54.2080167Z #13 extracting sha256:987c1b4919ea2d87df20824aaef43a9de0575ac7df684579ad267c7e48c8eeea done
2025-08-20T20:58:54.3164672Z #13 extracting sha256:a858bd6d34e86a481a2e028e3ba489e662b3ac7713eba9a5d3bb97002c7d797e done
2025-08-20T20:58:54.3167168Z #13 extracting sha256:f1b3502db45ad485f0affe43e32fc81d699ddac01c023f198271a0a7e1cecd4c done
2025-08-20T20:58:54.3169625Z #13 extracting sha256:25ef78fb127c1934630de29a3d38f46e544360b1dcf5cfc09b25507fbe88fd75 done
2025-08-20T20:58:54.3170681Z #13 extracting sha256:240810240d04caaaccb11d51ba7c3a7f7d6f470ec2a80ee420a3d33899d9a303 done
2025-08-20T20:58:54.4342311Z #13 DONE 10.4s
2025-08-20T20:58:54.4342872Z 
2025-08-20T20:58:54.4344270Z #32 [postgres 2/6] RUN set -eux;     if [ -f /etc/apt/sources.list ]; then         sed -i 's|http://deb.debian.org|https://deb.debian.org|g' /etc/apt/sources.list;     fi;     apt-get update;     apt-get install -y locales;     locale-gen en_US.UTF-8;     rm -rf /var/lib/apt/lists/*
2025-08-20T20:58:54.7728078Z #32 0.301 + [ -f /etc/apt/sources.list ]
2025-08-20T20:58:54.7728913Z #32 0.302 + apt-get update
2025-08-20T20:58:54.8884419Z #32 0.378 Get:1 http://deb.debian.org/debian trixie InRelease [138 kB]
2025-08-20T20:58:54.8885770Z #32 0.394 Get:2 http://apt.postgresql.org/pub/repos/apt trixie-pgdg InRelease [107 kB]
2025-08-20T20:58:54.8888195Z #32 0.422 Get:3 http://deb.debian.org/debian trixie-updates InRelease [47.1 kB]
2025-08-20T20:58:54.8889017Z #32 0.438 Get:4 http://deb.debian.org/debian-security trixie-security InRelease [43.4 kB]
2025-08-20T20:58:54.8889860Z #32 0.461 Get:5 http://deb.debian.org/debian trixie/main amd64 Packages [9,668 kB]
2025-08-20T20:58:54.8890703Z #32 0.487 Get:6 http://apt.postgresql.org/pub/repos/apt trixie-pgdg/16 amd64 Packages [2,574 B]
2025-08-20T20:58:54.9929189Z #32 0.530 Get:7 http://apt.postgresql.org/pub/repos/apt trixie-pgdg/main amd64 Packages [334 kB]
2025-08-20T20:58:55.1352053Z #32 0.591 Get:8 http://deb.debian.org/debian trixie-updates/main amd64 Packages [2,432 B]
2025-08-20T20:58:55.1353506Z #32 0.592 Get:9 http://deb.debian.org/debian-security trixie-security/main amd64 Packages [20.5 kB]
2025-08-20T20:58:55.8844123Z #32 1.472 Fetched 10.4 MB in 1s (9,111 kB/s)
2025-08-20T20:58:56.8306396Z #32 1.472 Reading package lists...
2025-08-20T20:58:56.8308732Z #32 2.344 + apt-get install -y locales
2025-08-20T20:58:57.2452423Z #32 2.359 Reading package lists...
2025-08-20T20:58:57.2454493Z #32 ...
2025-08-20T20:58:57.2519528Z 
2025-08-20T20:58:57.2520268Z #33 [celery_worker base 4/5] RUN if [ -n "" ] && [ -f "" ]; then         pip install -r requirements.txt -c "";     else         pip install -r requirements.txt;     fi
2025-08-20T20:58:57.2521314Z #33 2.885 Collecting keepa==1.3.14 (from -r requirements.txt (line 1))
2025-08-20T20:58:57.2522372Z #33 2.975   Downloading keepa-1.3.14-py3-none-any.whl.metadata (10 kB)
2025-08-20T20:58:57.2523038Z #33 3.057 Collecting minio==7.1.15 (from -r requirements.txt (line 2))
2025-08-20T20:58:57.2523714Z #33 3.074   Downloading minio-7.1.15-py3-none-any.whl.metadata (4.2 kB)
2025-08-20T20:58:57.2524405Z #33 3.147 Collecting celery==5.3.* (from -r requirements.txt (line 3))
2025-08-20T20:58:57.2525124Z #33 3.166   Downloading celery-5.3.6-py3-none-any.whl.metadata (21 kB)
2025-08-20T20:58:57.2525810Z #33 3.267 Collecting redis==5.* (from -r requirements.txt (line 4))
2025-08-20T20:58:57.2526699Z #33 3.287   Downloading redis-5.3.1-py3-none-any.whl.metadata (9.2 kB)
2025-08-20T20:58:57.2527498Z #33 3.451 Collecting python-amazon-sp-api==0.8.0 (from -r requirements.txt (line 5))
2025-08-20T20:58:57.2528635Z #33 3.469   Downloading python_amazon_sp_api-0.8.0-py3-none-any.whl.metadata (3.2 kB)
2025-08-20T20:58:57.2529535Z #33 3.529 Collecting pydantic-settings==2.2.1 (from -r requirements.txt (line 6))
2025-08-20T20:58:57.2530374Z #33 3.549   Downloading pydantic_settings-2.2.1-py3-none-any.whl.metadata (3.1 kB)
2025-08-20T20:58:57.2531139Z #33 3.878 Collecting numpy<2 (from -r requirements.txt (line 7))
2025-08-20T20:58:57.2532015Z #33 3.895   Downloading numpy-1.26.4-cp312-cp312-manylinux_2_17_x86_64.manylinux2014_x86_64.whl.metadata (61 kB)
2025-08-20T20:58:57.2532969Z #33 4.082 Collecting pandas==2.2.* (from -r requirements.txt (line 8))
2025-08-20T20:58:57.2533904Z #33 4.099   Downloading pandas-2.2.3-cp312-cp312-manylinux_2_17_x86_64.manylinux2014_x86_64.whl.metadata (89 kB)
2025-08-20T20:58:57.2534837Z #33 4.232 Collecting pandera==0.19.* (from -r requirements.txt (line 9))
2025-08-20T20:58:57.2535566Z #33 4.251   Downloading pandera-0.19.3-py3-none-any.whl.metadata (15 kB)
2025-08-20T20:58:57.2536309Z #33 4.323 Collecting openpyxl==3.1.* (from -r requirements.txt (line 10))
2025-08-20T20:58:57.2537320Z #33 4.340   Downloading openpyxl-3.1.5-py2.py3-none-any.whl.metadata (2.5 kB)
2025-08-20T20:58:57.2538151Z #33 4.448 Collecting psycopg2-binary==2.9.* (from -r requirements.txt (line 11))
2025-08-20T20:58:57.2539202Z #33 4.463   Downloading psycopg2_binary-2.9.10-cp312-cp312-manylinux_2_17_x86_64.manylinux2014_x86_64.whl.metadata (4.9 kB)
2025-08-20T20:58:57.2540246Z #33 4.538 Collecting requests>=2.2 (from keepa==1.3.14->-r requirements.txt (line 1))
2025-08-20T20:58:57.2541035Z #33 4.553   Downloading requests-2.32.5-py3-none-any.whl.metadata (4.9 kB)
2025-08-20T20:58:57.2541785Z #33 4.630 Collecting tqdm (from keepa==1.3.14->-r requirements.txt (line 1))
2025-08-20T20:58:57.2542497Z #33 4.649   Downloading tqdm-4.67.1-py3-none-any.whl.metadata (57 kB)
2025-08-20T20:58:57.2543236Z #33 5.425 Collecting aiohttp (from keepa==1.3.14->-r requirements.txt (line 1))
2025-08-20T20:58:57.2544200Z #33 5.439   Downloading aiohttp-3.12.15-cp312-cp312-manylinux_2_17_x86_64.manylinux2014_x86_64.whl.metadata (7.7 kB)
2025-08-20T20:58:57.2545185Z #33 5.635 Collecting pydantic (from keepa==1.3.14->-r requirements.txt (line 1))
2025-08-20T20:58:57.2545962Z #33 5.652   Downloading pydantic-2.11.7-py3-none-any.whl.metadata (67 kB)
2025-08-20T20:58:57.2595358Z #33 5.701 Collecting certifi (from minio==7.1.15->-r requirements.txt (line 2))
2025-08-20T20:58:57.2596207Z #33 5.716   Downloading certifi-2025.8.3-py3-none-any.whl.metadata (2.4 kB)
2025-08-20T20:58:57.2597174Z #33 5.763 Collecting urllib3 (from minio==7.1.15->-r requirements.txt (line 2))
2025-08-20T20:58:57.2597938Z #33 5.786   Downloading urllib3-2.5.0-py3-none-any.whl.metadata (6.5 kB)
2025-08-20T20:58:57.2598777Z #33 5.826 Collecting billiard<5.0,>=4.2.0 (from celery==5.3.*->-r requirements.txt (line 3))
2025-08-20T20:58:57.2599584Z #33 5.844   Downloading billiard-4.2.1-py3-none-any.whl.metadata (4.4 kB)
2025-08-20T20:58:57.2600449Z #33 5.872 Collecting click-didyoumean>=0.3.0 (from celery==5.3.*->-r requirements.txt (line 3))
2025-08-20T20:58:57.2601322Z #33 5.896   Downloading click_didyoumean-0.3.1-py3-none-any.whl.metadata (3.9 kB)
2025-08-20T20:58:57.2602398Z #33 5.928 Collecting click-plugins>=1.1.1 (from celery==5.3.*->-r requirements.txt (line 3))
2025-08-20T20:58:57.2603255Z #33 5.945   Downloading click_plugins-1.1.1.2-py2.py3-none-any.whl.metadata (6.5 kB)
2025-08-20T20:58:57.2604127Z #33 5.980 Collecting click-repl>=0.2.0 (from celery==5.3.*->-r requirements.txt (line 3))
2025-08-20T20:58:57.2604934Z #33 5.997   Downloading click_repl-0.3.0-py3-none-any.whl.metadata (3.6 kB)
2025-08-20T20:58:57.2605700Z #33 6.058 Collecting click<9.0,>=8.1.2 (from celery==5.3.*->-r requirements.txt (line 3))
2025-08-20T20:58:57.2606463Z #33 6.075   Downloading click-8.2.1-py3-none-any.whl.metadata (2.5 kB)
2025-08-20T20:58:57.2607406Z #33 6.145 Collecting kombu<6.0,>=5.3.4 (from celery==5.3.*->-r requirements.txt (line 3))
2025-08-20T20:58:57.2608380Z #33 6.171   Downloading kombu-5.5.4-py3-none-any.whl.metadata (3.5 kB)
2025-08-20T20:58:57.2609213Z #33 6.257 Collecting python-dateutil>=2.8.2 (from celery==5.3.*->-r requirements.txt (line 3))
2025-08-20T20:58:57.2610159Z #33 6.493   Downloading python_dateutil-2.9.0.post0-py2.py3-none-any.whl.metadata (8.4 kB)
2025-08-20T20:58:57.2611047Z #33 6.761 Collecting tzdata>=2022.7 (from celery==5.3.*->-r requirements.txt (line 3))
2025-08-20T20:58:57.2611838Z #33 6.777   Downloading tzdata-2025.2-py2.py3-none-any.whl.metadata (1.4 kB)
2025-08-20T20:58:57.2612624Z #33 6.916 Collecting vine<6.0,>=5.1.0 (from celery==5.3.*->-r requirements.txt (line 3))
2025-08-20T20:58:57.2613355Z #33 6.931   Downloading vine-5.1.0-py3-none-any.whl.metadata (2.7 kB)
2025-08-20T20:58:57.2614083Z #33 6.972 Collecting PyJWT>=2.9.0 (from redis==5.*->-r requirements.txt (line 4))
2025-08-20T20:58:57.2614828Z #33 6.989   Downloading PyJWT-2.10.1-py3-none-any.whl.metadata (4.0 kB)
2025-08-20T20:58:57.2615644Z #33 7.035 Collecting six<2,>=1.15 (from python-amazon-sp-api==0.8.0->-r requirements.txt (line 5))
2025-08-20T20:58:57.2616659Z #33 7.052   Downloading six-1.17.0-py2.py3-none-any.whl.metadata (1.7 kB)
2025-08-20T20:58:57.2617542Z #33 7.825 Collecting boto3<2,>=1.16.39 (from python-amazon-sp-api==0.8.0->-r requirements.txt (line 5))
2025-08-20T20:58:57.2618392Z #33 7.843   Downloading boto3-1.40.14-py3-none-any.whl.metadata (6.7 kB)
2025-08-20T20:58:57.2619427Z #33 7.896 Collecting cachetools~=4.2.0 (from python-amazon-sp-api==0.8.0->-r requirements.txt (line 5))
2025-08-20T20:58:57.2620319Z #33 7.917   Downloading cachetools-4.2.4-py3-none-any.whl.metadata (4.8 kB)
2025-08-20T20:58:57.2621216Z #33 8.053 Collecting pycryptodome (from python-amazon-sp-api==0.8.0->-r requirements.txt (line 5))
2025-08-20T20:58:57.2622336Z #33 8.070   Downloading pycryptodome-3.23.0-cp37-abi3-manylinux_2_17_x86_64.manylinux2014_x86_64.whl.metadata (3.4 kB)
2025-08-20T20:58:57.2623401Z #33 8.156 Collecting pytz (from python-amazon-sp-api==0.8.0->-r requirements.txt (line 5))
2025-08-20T20:58:57.2624247Z #33 8.173   Downloading pytz-2025.2-py2.py3-none-any.whl.metadata (22 kB)
2025-08-20T20:58:57.2625097Z #33 8.207 Collecting confuse~=1.4.0 (from python-amazon-sp-api==0.8.0->-r requirements.txt (line 5))
2025-08-20T20:58:57.2625945Z #33 8.225   Downloading confuse-1.4.0-py2.py3-none-any.whl.metadata (3.8 kB)
2025-08-20T20:58:57.2626940Z #33 8.281 Collecting python-dotenv>=0.21.0 (from pydantic-settings==2.2.1->-r requirements.txt (line 6))
2025-08-20T20:58:57.2627774Z #33 8.299   Downloading python_dotenv-1.1.1-py3-none-any.whl.metadata (24 kB)
2025-08-20T20:58:57.2628527Z #33 8.401 Collecting multimethod<=1.10.0 (from pandera==0.19.*->-r requirements.txt (line 9))
2025-08-20T20:58:57.2629292Z #33 8.422   Downloading multimethod-1.10-py3-none-any.whl.metadata (8.2 kB)
2025-08-20T20:58:57.2630077Z #33 8.482 Collecting packaging>=20.0 (from pandera==0.19.*->-r requirements.txt (line 9))
2025-08-20T20:58:57.2630866Z #33 8.498   Downloading packaging-25.0-py3-none-any.whl.metadata (3.3 kB)
2025-08-20T20:58:57.2631568Z #33 8.556 Collecting typeguard (from pandera==0.19.*->-r requirements.txt (line 9))
2025-08-20T20:58:57.2632401Z #33 8.573   Downloading typeguard-4.4.4-py3-none-any.whl.metadata (3.3 kB)
2025-08-20T20:58:57.2633077Z #33 8.608 Collecting typing-inspect>=0.6.0 (from pandera==0.19.*->-r requirements.txt (line 9))
2025-08-20T20:58:57.2633777Z #33 8.625   Downloading typing_inspect-0.9.0-py3-none-any.whl.metadata (1.5 kB)
2025-08-20T20:58:57.2634404Z #33 8.821 Collecting wrapt (from pandera==0.19.*->-r requirements.txt (line 9))
2025-08-20T20:58:57.2635248Z #33 8.838   Downloading wrapt-1.17.3-cp312-cp312-manylinux1_x86_64.manylinux_2_28_x86_64.manylinux_2_5_x86_64.whl.metadata (6.4 kB)
2025-08-20T20:58:57.2636110Z #33 8.883 Collecting et-xmlfile (from openpyxl==3.1.*->-r requirements.txt (line 10))
2025-08-20T20:58:57.2636995Z #33 8.900   Downloading et_xmlfile-2.0.0-py3-none-any.whl.metadata (2.7 kB)
2025-08-20T20:58:57.2638057Z #33 9.610 Collecting botocore<1.41.0,>=1.40.14 (from boto3<2,>=1.16.39->python-amazon-sp-api==0.8.0->-r requirements.txt (line 5))
2025-08-20T20:58:57.2638961Z #33 9.628   Downloading botocore-1.40.14-py3-none-any.whl.metadata (5.7 kB)
2025-08-20T20:58:57.2639857Z #33 9.663 Collecting jmespath<2.0.0,>=0.7.1 (from boto3<2,>=1.16.39->python-amazon-sp-api==0.8.0->-r requirements.txt (line 5))
2025-08-20T20:58:57.2695065Z #33 9.680   Downloading jmespath-1.0.1-py3-none-any.whl.metadata (7.6 kB)
2025-08-20T20:58:57.2699897Z #33 9.749 Collecting s3transfer<0.14.0,>=0.13.0 (from boto3<2,>=1.16.39->python-amazon-sp-api==0.8.0->-r requirements.txt (line 5))
2025-08-20T20:58:57.2701858Z #33 9.771   Downloading s3transfer-0.13.1-py3-none-any.whl.metadata (1.7 kB)
2025-08-20T20:58:57.2707840Z #33 9.894 Collecting prompt-toolkit>=3.0.36 (from click-repl>=0.2.0->celery==5.3.*->-r requirements.txt (line 3))
2025-08-20T20:58:57.2709348Z #33 9.911   Downloading prompt_toolkit-3.0.51-py3-none-any.whl.metadata (6.4 kB)
2025-08-20T20:58:57.4203249Z #33 ...
2025-08-20T20:58:57.4207253Z 
2025-08-20T20:58:57.4219180Z #31 [api stage-1 3/6] RUN set -eux;     if [ -f /etc/apt/sources.list ]; then         sed -i 's|http://deb.debian.org|https://deb.debian.org|g' /etc/apt/sources.list;     fi;     apt-get update;     apt-get install -y --no-install-recommends tzdata postgresql-client curl;     rm -rf /var/lib/apt/lists/*
2025-08-20T20:58:57.4221003Z #31 6.999 Unpacking libgdbm-compat4t64:amd64 (1.24-2) ...
2025-08-20T20:58:57.4221666Z #31 7.030 Selecting previously unselected package libperl5.40:amd64.
2025-08-20T20:58:57.4222405Z #31 7.034 Preparing to unpack .../03-libperl5.40_5.40.1-6_amd64.deb ...
2025-08-20T20:58:57.4223026Z #31 7.035 Unpacking libperl5.40:amd64 (5.40.1-6) ...
2025-08-20T20:58:57.4223580Z #31 7.442 Selecting previously unselected package perl.
2025-08-20T20:58:57.4224183Z #31 7.442 Preparing to unpack .../04-perl_5.40.1-6_amd64.deb ...
2025-08-20T20:58:57.4224738Z #31 7.443 Unpacking perl (5.40.1-6) ...
2025-08-20T20:58:57.4225312Z #31 7.517 Selecting previously unselected package libbrotli1:amd64.
2025-08-20T20:58:57.4226014Z #31 7.519 Preparing to unpack .../05-libbrotli1_1.1.0-2+b7_amd64.deb ...
2025-08-20T20:58:57.4226815Z #31 7.525 Unpacking libbrotli1:amd64 (1.1.0-2+b7) ...
2025-08-20T20:58:57.4227449Z #31 7.565 Selecting previously unselected package libkrb5support0:amd64.
2025-08-20T20:58:57.4228209Z #31 7.565 Preparing to unpack .../06-libkrb5support0_1.21.3-5_amd64.deb ...
2025-08-20T20:58:57.4228879Z #31 7.566 Unpacking libkrb5support0:amd64 (1.21.3-5) ...
2025-08-20T20:58:57.4229529Z #31 7.592 Selecting previously unselected package libcom-err2:amd64.
2025-08-20T20:58:57.4230251Z #31 7.592 Preparing to unpack .../07-libcom-err2_1.47.2-3+b3_amd64.deb ...
2025-08-20T20:58:57.4230877Z #31 7.593 Unpacking libcom-err2:amd64 (1.47.2-3+b3) ...
2025-08-20T20:58:57.4231504Z #31 7.646 Selecting previously unselected package libk5crypto3:amd64.
2025-08-20T20:58:57.4232212Z #31 7.651 Preparing to unpack .../08-libk5crypto3_1.21.3-5_amd64.deb ...
2025-08-20T20:58:57.4232846Z #31 7.655 Unpacking libk5crypto3:amd64 (1.21.3-5) ...
2025-08-20T20:58:57.4233464Z #31 7.690 Selecting previously unselected package libkeyutils1:amd64.
2025-08-20T20:58:57.4234539Z #31 7.693 Preparing to unpack .../09-libkeyutils1_1.6.3-6_amd64.deb ...
2025-08-20T20:58:57.4235173Z #31 7.700 Unpacking libkeyutils1:amd64 (1.6.3-6) ...
2025-08-20T20:58:57.4235768Z #31 7.775 Selecting previously unselected package libkrb5-3:amd64.
2025-08-20T20:58:57.4236462Z #31 7.778 Preparing to unpack .../10-libkrb5-3_1.21.3-5_amd64.deb ...
2025-08-20T20:58:57.4237190Z #31 7.784 Unpacking libkrb5-3:amd64 (1.21.3-5) ...
2025-08-20T20:58:57.4237818Z #31 7.874 Selecting previously unselected package libgssapi-krb5-2:amd64.
2025-08-20T20:58:57.4238631Z #31 7.876 Preparing to unpack .../11-libgssapi-krb5-2_1.21.3-5_amd64.deb ...
2025-08-20T20:58:57.4239270Z #31 7.878 Unpacking libgssapi-krb5-2:amd64 (1.21.3-5) ...
2025-08-20T20:58:57.4239912Z #31 7.932 Selecting previously unselected package libunistring5:amd64.
2025-08-20T20:58:57.4240875Z #31 7.934 Preparing to unpack .../12-libunistring5_1.3-2_amd64.deb ...
2025-08-20T20:58:57.4241487Z #31 7.935 Unpacking libunistring5:amd64 (1.3-2) ...
2025-08-20T20:58:57.4242094Z #31 7.995 Selecting previously unselected package libidn2-0:amd64.
2025-08-20T20:58:57.4242745Z #31 7.997 Preparing to unpack .../13-libidn2-0_2.3.8-2_amd64.deb ...
2025-08-20T20:58:57.4243313Z #31 7.998 Unpacking libidn2-0:amd64 (2.3.8-2) ...
2025-08-20T20:58:57.4243949Z #31 8.033 Selecting previously unselected package libsasl2-modules-db:amd64.
2025-08-20T20:58:57.4244764Z #31 8.035 Preparing to unpack .../14-libsasl2-modules-db_2.1.28+dfsg1-9_amd64.deb ...
2025-08-20T20:58:57.4245503Z #31 8.037 Unpacking libsasl2-modules-db:amd64 (2.1.28+dfsg1-9) ...
2025-08-20T20:58:57.4246172Z #31 8.063 Selecting previously unselected package libsasl2-2:amd64.
2025-08-20T20:58:57.4247173Z #31 8.068 Preparing to unpack .../15-libsasl2-2_2.1.28+dfsg1-9_amd64.deb ...
2025-08-20T20:58:57.4247833Z #31 8.071 Unpacking libsasl2-2:amd64 (2.1.28+dfsg1-9) ...
2025-08-20T20:58:57.4248440Z #31 8.103 Selecting previously unselected package libldap2:amd64.
2025-08-20T20:58:57.4249127Z #31 8.104 Preparing to unpack .../16-libldap2_2.6.10+dfsg-1_amd64.deb ...
2025-08-20T20:58:57.4249749Z #31 8.105 Unpacking libldap2:amd64 (2.6.10+dfsg-1) ...
2025-08-20T20:58:57.4250382Z #31 8.143 Selecting previously unselected package libnghttp2-14:amd64.
2025-08-20T20:58:57.4251147Z #31 8.147 Preparing to unpack .../17-libnghttp2-14_1.64.0-1.1_amd64.deb ...
2025-08-20T20:58:57.4251781Z #31 8.154 Unpacking libnghttp2-14:amd64 (1.64.0-1.1) ...
2025-08-20T20:58:57.4252395Z #31 8.193 Selecting previously unselected package libnghttp3-9:amd64.
2025-08-20T20:58:57.4253093Z #31 8.195 Preparing to unpack .../18-libnghttp3-9_1.8.0-1_amd64.deb ...
2025-08-20T20:58:57.4253691Z #31 8.197 Unpacking libnghttp3-9:amd64 (1.8.0-1) ...
2025-08-20T20:58:57.4254288Z #31 8.220 Selecting previously unselected package libpsl5t64:amd64.
2025-08-20T20:58:57.4254992Z #31 8.223 Preparing to unpack .../19-libpsl5t64_0.21.2-1.1+b1_amd64.deb ...
2025-08-20T20:58:57.4255640Z #31 8.224 Unpacking libpsl5t64:amd64 (0.21.2-1.1+b1) ...
2025-08-20T20:58:57.4256261Z #31 8.254 Selecting previously unselected package libp11-kit0:amd64.
2025-08-20T20:58:57.4257133Z #31 8.254 Preparing to unpack .../20-libp11-kit0_0.25.5-3_amd64.deb ...
2025-08-20T20:58:57.4257756Z #31 8.257 Unpacking libp11-kit0:amd64 (0.25.5-3) ...
2025-08-20T20:58:57.4258357Z #31 8.307 Selecting previously unselected package libtasn1-6:amd64.
2025-08-20T20:58:57.4259051Z #31 8.309 Preparing to unpack .../21-libtasn1-6_4.20.0-2_amd64.deb ...
2025-08-20T20:58:57.4259656Z #31 8.310 Unpacking libtasn1-6:amd64 (4.20.0-2) ...
2025-08-20T20:58:57.4260269Z #31 8.339 Selecting previously unselected package libgnutls30t64:amd64.
2025-08-20T20:58:57.4261006Z #31 8.341 Preparing to unpack .../22-libgnutls30t64_3.8.9-3_amd64.deb ...
2025-08-20T20:58:57.4261622Z #31 8.342 Unpacking libgnutls30t64:amd64 (3.8.9-3) ...
2025-08-20T20:58:57.4262228Z #31 8.416 Selecting previously unselected package librtmp1:amd64.
2025-08-20T20:58:57.4262972Z #31 8.416 Preparing to unpack .../23-librtmp1_2.4+20151223.gitfa8646d.1-2+b5_amd64.deb ...
2025-08-20T20:58:57.4264003Z #31 8.419 Unpacking librtmp1:amd64 (2.4+20151223.gitfa8646d.1-2+b5) ...
2025-08-20T20:58:57.4264704Z #31 8.448 Selecting previously unselected package libssh2-1t64:amd64.
2025-08-20T20:58:57.4265392Z #31 8.451 Preparing to unpack .../24-libssh2-1t64_1.11.1-1_amd64.deb ...
2025-08-20T20:58:57.4266009Z #31 8.453 Unpacking libssh2-1t64:amd64 (1.11.1-1) ...
2025-08-20T20:58:57.4266770Z #31 8.490 Selecting previously unselected package libcurl4t64:amd64.
2025-08-20T20:58:57.4267476Z #31 8.491 Preparing to unpack .../25-libcurl4t64_8.14.1-2_amd64.deb ...
2025-08-20T20:58:57.4268066Z #31 8.495 Unpacking libcurl4t64:amd64 (8.14.1-2) ...
2025-08-20T20:58:57.4268594Z #31 8.547 Selecting previously unselected package curl.
2025-08-20T20:58:57.4269375Z #31 8.547 Preparing to unpack .../26-curl_8.14.1-2_amd64.deb ...
2025-08-20T20:58:57.4269915Z #31 8.549 Unpacking curl (8.14.1-2) ...
2025-08-20T20:58:57.4270460Z #31 8.588 Selecting previously unselected package libpq5:amd64.
2025-08-20T20:58:57.4271111Z #31 8.589 Preparing to unpack .../27-libpq5_17.5-1_amd64.deb ...
2025-08-20T20:58:57.4271653Z #31 8.590 Unpacking libpq5:amd64 (17.5-1) ...
2025-08-20T20:58:57.4272270Z #31 8.628 Selecting previously unselected package postgresql-client-common.
2025-08-20T20:58:57.4273051Z #31 8.630 Preparing to unpack .../28-postgresql-client-common_278_all.deb ...
2025-08-20T20:58:57.4273741Z #31 8.643 Unpacking postgresql-client-common (278) ...
2025-08-20T20:58:57.4274392Z #31 8.676 Selecting previously unselected package postgresql-client-17.
2025-08-20T20:58:57.4275144Z #31 8.678 Preparing to unpack .../29-postgresql-client-17_17.5-1_amd64.deb ...
2025-08-20T20:58:57.4275792Z #31 8.681 Unpacking postgresql-client-17 (17.5-1) ...
2025-08-20T20:58:57.4276416Z #31 8.909 Selecting previously unselected package postgresql-client.
2025-08-20T20:58:57.4277293Z #31 8.913 Preparing to unpack .../30-postgresql-client_17+278_all.deb ...
2025-08-20T20:58:57.4277928Z #31 8.916 Unpacking postgresql-client (17+278) ...
2025-08-20T20:58:57.4278437Z #31 8.948 Setting up libkeyutils1:amd64 (1.6.3-6) ...
2025-08-20T20:58:57.4278971Z #31 8.951 Setting up libgdbm-compat4t64:amd64 (1.24-2) ...
2025-08-20T20:58:57.4279518Z #31 8.955 Setting up libbrotli1:amd64 (1.1.0-2+b7) ...
2025-08-20T20:58:57.4280037Z #31 8.958 Setting up libnghttp2-14:amd64 (1.64.0-1.1) ...
2025-08-20T20:58:57.4280574Z #31 8.964 Setting up libcom-err2:amd64 (1.47.2-3+b3) ...
2025-08-20T20:58:57.4281103Z #31 8.968 Setting up libkrb5support0:amd64 (1.21.3-5) ...
2025-08-20T20:58:57.4281699Z #31 8.974 Setting up libsasl2-modules-db:amd64 (2.1.28+dfsg1-9) ...
2025-08-20T20:58:57.4282276Z #31 8.983 Setting up libp11-kit0:amd64 (0.25.5-3) ...
2025-08-20T20:58:57.4282785Z #31 8.986 Setting up libunistring5:amd64 (1.3-2) ...
2025-08-20T20:58:57.4283304Z #31 8.991 Setting up libk5crypto3:amd64 (1.21.3-5) ...
2025-08-20T20:58:57.4283830Z #31 8.994 Setting up libsasl2-2:amd64 (2.1.28+dfsg1-9) ...
2025-08-20T20:58:57.4284378Z #31 8.997 Setting up libnghttp3-9:amd64 (1.8.0-1) ...
2025-08-20T20:58:57.4284896Z #31 8.999 Setting up perl-modules-5.40 (5.40.1-6) ...
2025-08-20T20:58:57.4285393Z #31 9.002 Setting up sensible-utils (0.0.25) ...
2025-08-20T20:58:57.4285877Z #31 9.005 Setting up libtasn1-6:amd64 (4.20.0-2) ...
2025-08-20T20:58:57.4286372Z #31 9.008 Setting up libkrb5-3:amd64 (1.21.3-5) ...
2025-08-20T20:58:57.4287045Z #31 9.013 Setting up libssh2-1t64:amd64 (1.11.1-1) ...
2025-08-20T20:58:57.4287573Z #31 9.017 Setting up libldap2:amd64 (2.6.10+dfsg-1) ...
2025-08-20T20:58:57.4288083Z #31 9.022 Setting up libidn2-0:amd64 (2.3.8-2) ...
2025-08-20T20:58:57.4288575Z #31 9.025 Setting up libperl5.40:amd64 (5.40.1-6) ...
2025-08-20T20:58:57.4289048Z #31 9.030 Setting up perl (5.40.1-6) ...
2025-08-20T20:58:57.4289530Z #31 9.056 Setting up libgssapi-krb5-2:amd64 (1.21.3-5) ...
2025-08-20T20:58:57.4290083Z #31 9.067 Setting up libgnutls30t64:amd64 (3.8.9-3) ...
2025-08-20T20:58:57.4290612Z #31 9.079 Setting up postgresql-client-common (278) ...
2025-08-20T20:58:57.4291380Z #31 9.117 Setting up libpsl5t64:amd64 (0.21.2-1.1+b1) ...
2025-08-20T20:58:57.4291896Z #31 9.121 Setting up libpq5:amd64 (17.5-1) ...
2025-08-20T20:58:57.4292456Z #31 9.127 Setting up librtmp1:amd64 (2.4+20151223.gitfa8646d.1-2+b5) ...
2025-08-20T20:58:57.4293051Z #31 9.131 Setting up libcurl4t64:amd64 (8.14.1-2) ...
2025-08-20T20:58:57.4293567Z #31 9.143 Setting up postgresql-client-17 (17.5-1) ...
2025-08-20T20:58:57.4294628Z #31 9.818 update-alternatives: using /usr/share/postgresql/17/man/man1/psql.1.gz to provide /usr/share/man/man1/psql.1.gz (psql.1.gz) in auto mode
2025-08-20T20:58:57.4295650Z #31 9.908 Setting up curl (8.14.1-2) ...
2025-08-20T20:58:57.4296118Z #31 9.917 Setting up postgresql-client (17+278) ...
2025-08-20T20:58:57.4296820Z #31 9.928 Processing triggers for libc-bin (2.41-12) ...
2025-08-20T20:58:57.4300671Z #31 9.974 + rm -rf /var/lib/apt/lists/auxfiles /var/lib/apt/lists/deb.debian.org_debian-security_dists_trixie-security_InRelease /var/lib/apt/lists/deb.debian.org_debian-security_dists_trixie-security_main_binary-amd64_Packages.lz4 /var/lib/apt/lists/deb.debian.org_debian_dists_trixie-updates_InRelease /var/lib/apt/lists/deb.debian.org_debian_dists_trixie-updates_main_binary-amd64_Packages.lz4 /var/lib/apt/lists/deb.debian.org_debian_dists_trixie_InRelease /var/lib/apt/lists/deb.debian.org_debian_dists_trixie_main_binary-amd64_Packages.lz4 /var/lib/apt/lists/lock /var/lib/apt/lists/partial
2025-08-20T20:58:57.4304326Z #31 DONE 10.1s
2025-08-20T20:58:57.4304505Z 
2025-08-20T20:58:57.4305104Z #33 [celery_worker base 4/5] RUN if [ -n "" ] && [ -f "" ]; then         pip install -r requirements.txt -c "";     else         pip install -r requirements.txt;     fi
2025-08-20T20:58:57.4306298Z #33 10.00 Collecting pyyaml (from confuse~=1.4.0->python-amazon-sp-api==0.8.0->-r requirements.txt (line 5))
2025-08-20T20:58:57.4307593Z #33 10.03   Downloading PyYAML-6.0.2-cp312-cp312-manylinux_2_17_x86_64.manylinux2014_x86_64.whl.metadata (2.1 kB)
2025-08-20T20:58:57.4308346Z #33 ...
2025-08-20T20:58:57.4308500Z 
2025-08-20T20:58:57.4309214Z #34 [fees_h10 base 4/6] RUN if [ -n "" ] && [ -f "fees_h10/" ]; then         pip install -r fees_h10/requirements.txt -c fees_h10/;     else         pip install -r fees_h10/requirements.txt;     fi
2025-08-20T20:58:57.4310477Z #34 2.927 Collecting celery==5.4.* (from celery[redis]==5.4.*->-r fees_h10/requirements.txt (line 1))
2025-08-20T20:58:57.4311320Z #34 2.981   Downloading celery-5.4.0-py3-none-any.whl.metadata (21 kB)
2025-08-20T20:58:57.4312092Z #34 3.088 Collecting asyncpg (from -r fees_h10/requirements.txt (line 2))
2025-08-20T20:58:57.4313049Z #34 3.103   Downloading asyncpg-0.30.0-cp312-cp312-manylinux_2_17_x86_64.manylinux2014_x86_64.whl.metadata (5.0 kB)
2025-08-20T20:58:57.4314015Z #34 3.164 Collecting httpx (from -r fees_h10/requirements.txt (line 3))
2025-08-20T20:58:57.4314753Z #34 3.180   Downloading httpx-0.28.1-py3-none-any.whl.metadata (7.1 kB)
2025-08-20T20:58:57.4315517Z #34 3.594 Collecting sqlalchemy (from -r fees_h10/requirements.txt (line 4))
2025-08-20T20:58:57.4316658Z #34 3.606   Downloading sqlalchemy-2.0.43-cp312-cp312-manylinux_2_17_x86_64.manylinux2014_x86_64.whl.metadata (9.6 kB)
2025-08-20T20:58:57.4317942Z #34 3.680 Collecting billiard<5.0,>=4.2.0 (from celery==5.4.*->celery[redis]==5.4.*->-r fees_h10/requirements.txt (line 1))
2025-08-20T20:58:57.4318885Z #34 3.692   Downloading billiard-4.2.1-py3-none-any.whl.metadata (4.4 kB)
2025-08-20T20:58:57.4319787Z #34 3.749 Collecting kombu<6.0,>=5.3.4 (from celery==5.4.*->celery[redis]==5.4.*->-r fees_h10/requirements.txt (line 1))
2025-08-20T20:58:57.4320688Z #34 3.761   Downloading kombu-5.5.4-py3-none-any.whl.metadata (3.5 kB)
2025-08-20T20:58:57.4321561Z #34 3.802 Collecting vine<6.0,>=5.1.0 (from celery==5.4.*->celery[redis]==5.4.*->-r fees_h10/requirements.txt (line 1))
2025-08-20T20:58:57.4322445Z #34 3.815   Downloading vine-5.1.0-py3-none-any.whl.metadata (2.7 kB)
2025-08-20T20:58:57.4323324Z #34 3.855 Collecting click<9.0,>=8.1.2 (from celery==5.4.*->celery[redis]==5.4.*->-r fees_h10/requirements.txt (line 1))
2025-08-20T20:58:57.4324482Z #34 3.869   Downloading click-8.2.1-py3-none-any.whl.metadata (2.5 kB)
2025-08-20T20:58:57.4325444Z #34 3.912 Collecting click-didyoumean>=0.3.0 (from celery==5.4.*->celery[redis]==5.4.*->-r fees_h10/requirements.txt (line 1))
2025-08-20T20:58:57.4326454Z #34 3.924   Downloading click_didyoumean-0.3.1-py3-none-any.whl.metadata (3.9 kB)
2025-08-20T20:58:57.4327639Z #34 3.948 Collecting click-repl>=0.2.0 (from celery==5.4.*->celery[redis]==5.4.*->-r fees_h10/requirements.txt (line 1))
2025-08-20T20:58:57.4328575Z #34 3.963   Downloading click_repl-0.3.0-py3-none-any.whl.metadata (3.6 kB)
2025-08-20T20:58:57.4329533Z #34 3.991 Collecting click-plugins>=1.1.1 (from celery==5.4.*->celery[redis]==5.4.*->-r fees_h10/requirements.txt (line 1))
2025-08-20T20:58:57.4330736Z #34 4.002   Downloading click_plugins-1.1.1.2-py2.py3-none-any.whl.metadata (6.5 kB)
2025-08-20T20:58:57.4331743Z #34 4.036 Collecting tzdata>=2022.7 (from celery==5.4.*->celery[redis]==5.4.*->-r fees_h10/requirements.txt (line 1))
2025-08-20T20:58:57.4332689Z #34 4.048   Downloading tzdata-2025.2-py2.py3-none-any.whl.metadata (1.4 kB)
2025-08-20T20:58:57.4333771Z #34 4.094 Collecting python-dateutil>=2.8.2 (from celery==5.4.*->celery[redis]==5.4.*->-r fees_h10/requirements.txt (line 1))
2025-08-20T20:58:57.4334864Z #34 4.105   Downloading python_dateutil-2.9.0.post0-py2.py3-none-any.whl.metadata (8.4 kB)
2025-08-20T20:58:57.4335913Z #34 4.176 Collecting redis!=4.5.5,<6.0.0,>=4.5.2 (from celery[redis]==5.4.*->-r fees_h10/requirements.txt (line 1))
2025-08-20T20:58:57.4336992Z #34 4.193   Downloading redis-5.3.1-py3-none-any.whl.metadata (9.2 kB)
2025-08-20T20:58:57.4337757Z #34 4.248 Collecting anyio (from httpx->-r fees_h10/requirements.txt (line 3))
2025-08-20T20:58:57.4338521Z #34 4.259   Downloading anyio-4.10.0-py3-none-any.whl.metadata (4.0 kB)
2025-08-20T20:58:57.4339313Z #34 4.310 Collecting certifi (from httpx->-r fees_h10/requirements.txt (line 3))
2025-08-20T20:58:57.4340119Z #34 4.321   Downloading certifi-2025.8.3-py3-none-any.whl.metadata (2.4 kB)
2025-08-20T20:58:57.4340920Z #34 4.361 Collecting httpcore==1.* (from httpx->-r fees_h10/requirements.txt (line 3))
2025-08-20T20:58:57.4341730Z #34 4.377   Downloading httpcore-1.0.9-py3-none-any.whl.metadata (21 kB)
2025-08-20T20:58:57.4342480Z #34 4.426 Collecting idna (from httpx->-r fees_h10/requirements.txt (line 3))
2025-08-20T20:58:57.4343209Z #34 4.440   Downloading idna-3.10-py3-none-any.whl.metadata (10 kB)
2025-08-20T20:58:57.4344006Z #34 4.477 Collecting h11>=0.16 (from httpcore==1.*->httpx->-r fees_h10/requirements.txt (line 3))
2025-08-20T20:58:57.4344813Z #34 4.487   Downloading h11-0.16.0-py3-none-any.whl.metadata (8.3 kB)
2025-08-20T20:58:57.4345595Z #34 4.688 Collecting greenlet>=1 (from sqlalchemy->-r fees_h10/requirements.txt (line 4))
2025-08-20T20:58:57.4346905Z #34 4.700   Downloading greenlet-3.2.4-cp312-cp312-manylinux_2_24_x86_64.manylinux_2_28_x86_64.whl.metadata (4.1 kB)
2025-08-20T20:58:57.4348048Z #34 4.741 Collecting typing-extensions>=4.6.0 (from sqlalchemy->-r fees_h10/requirements.txt (line 4))
2025-08-20T20:58:57.4349030Z #34 4.752   Downloading typing_extensions-4.14.1-py3-none-any.whl.metadata (3.0 kB)
2025-08-20T20:58:57.4350192Z #34 4.830 Collecting prompt-toolkit>=3.0.36 (from click-repl>=0.2.0->celery==5.4.*->celery[redis]==5.4.*->-r fees_h10/requirements.txt (line 1))
2025-08-20T20:58:57.4351362Z #34 4.842   Downloading prompt_toolkit-3.0.51-py3-none-any.whl.metadata (6.4 kB)
2025-08-20T20:58:57.4352386Z #34 4.882 Collecting amqp<6.0.0,>=5.1.1 (from kombu<6.0,>=5.3.4->celery==5.4.*->celery[redis]==5.4.*->-r fees_h10/requirements.txt (line 1))
2025-08-20T20:58:57.4353346Z #34 4.892   Downloading amqp-5.3.1-py3-none-any.whl.metadata (8.9 kB)
2025-08-20T20:58:57.4354314Z #34 4.943 Collecting packaging (from kombu<6.0,>=5.3.4->celery==5.4.*->celery[redis]==5.4.*->-r fees_h10/requirements.txt (line 1))
2025-08-20T20:58:57.4355319Z #34 4.953   Downloading packaging-25.0-py3-none-any.whl.metadata (3.3 kB)
2025-08-20T20:58:57.4356682Z #34 4.996 Collecting six>=1.5 (from python-dateutil>=2.8.2->celery==5.4.*->celery[redis]==5.4.*->-r fees_h10/requirements.txt (line 1))
2025-08-20T20:58:57.4357600Z #34 5.016   Downloading six-1.17.0-py2.py3-none-any.whl.metadata (1.7 kB)
2025-08-20T20:58:57.4358440Z #34 5.061 Collecting PyJWT>=2.9.0 (from redis!=4.5.5,<6.0.0,>=4.5.2->celery[redis]==5.4.*->-r fees_h10/requirements.txt (line 1))
2025-08-20T20:58:57.4359326Z #34 5.081   Downloading PyJWT-2.10.1-py3-none-any.whl.metadata (4.0 kB)
2025-08-20T20:58:57.4360125Z #34 5.122 Collecting sniffio>=1.1 (from anyio->httpx->-r fees_h10/requirements.txt (line 3))
2025-08-20T20:58:57.4360943Z #34 5.137   Downloading sniffio-1.3.1-py3-none-any.whl.metadata (3.9 kB)
2025-08-20T20:58:57.4362258Z #34 5.211 Collecting wcwidth (from prompt-toolkit>=3.0.36->click-repl>=0.2.0->celery==5.4.*->celery[redis]==5.4.*->-r fees_h10/requirements.txt (line 1))
2025-08-20T20:58:57.4363368Z #34 5.223   Downloading wcwidth-0.2.13-py2.py3-none-any.whl.metadata (14 kB)
2025-08-20T20:58:57.4364092Z #34 5.256 Downloading celery-5.4.0-py3-none-any.whl (425 kB)
2025-08-20T20:58:57.4364944Z #34 5.300 Downloading asyncpg-0.30.0-cp312-cp312-manylinux_2_17_x86_64.manylinux2014_x86_64.whl (3.6 MB)
2025-08-20T20:58:57.4366295Z #34 5.375    ━━━━━━━━━━━━━━━━━━━━━━━━━━━━━━━━━━━━━━━━ 3.6/3.6 MB 58.2 MB/s eta 0:00:00
2025-08-20T20:58:57.4367123Z #34 5.390 Downloading httpx-0.28.1-py3-none-any.whl (73 kB)
2025-08-20T20:58:57.4367756Z #34 5.420 Downloading httpcore-1.0.9-py3-none-any.whl (78 kB)
2025-08-20T20:58:57.4368628Z #34 5.432 Downloading sqlalchemy-2.0.43-cp312-cp312-manylinux_2_17_x86_64.manylinux2014_x86_64.whl (3.3 MB)
2025-08-20T20:58:57.4369752Z #34 5.468    ━━━━━━━━━━━━━━━━━━━━━━━━━━━━━━━━━━━━━━━━ 3.3/3.3 MB 99.8 MB/s eta 0:00:00
2025-08-20T20:58:57.4370460Z #34 5.481 Downloading billiard-4.2.1-py3-none-any.whl (86 kB)
2025-08-20T20:58:57.4371089Z #34 5.502 Downloading click-8.2.1-py3-none-any.whl (102 kB)
2025-08-20T20:58:57.4371769Z #34 5.519 Downloading click_didyoumean-0.3.1-py3-none-any.whl (3.6 kB)
2025-08-20T20:58:57.4372525Z #34 5.536 Downloading click_plugins-1.1.1.2-py2.py3-none-any.whl (11 kB)
2025-08-20T20:58:57.4373237Z #34 5.549 Downloading click_repl-0.3.0-py3-none-any.whl (10 kB)
2025-08-20T20:58:57.4374113Z #34 5.573 Downloading greenlet-3.2.4-cp312-cp312-manylinux_2_24_x86_64.manylinux_2_28_x86_64.whl (607 kB)
2025-08-20T20:58:57.4375238Z #34 5.591    ━━━━━━━━━━━━━━━━━━━━━━━━━━━━━━━━━━━━━━━━ 607.6/607.6 kB 28.0 MB/s eta 0:00:00
2025-08-20T20:58:57.4375929Z #34 5.609 Downloading kombu-5.5.4-py3-none-any.whl (210 kB)
2025-08-20T20:58:57.4376672Z #34 5.624 Downloading vine-5.1.0-py3-none-any.whl (9.6 kB)
2025-08-20T20:58:57.4377520Z #34 5.643 Downloading python_dateutil-2.9.0.post0-py2.py3-none-any.whl (229 kB)
2025-08-20T20:58:57.4378261Z #34 5.663 Downloading redis-5.3.1-py3-none-any.whl (272 kB)
2025-08-20T20:58:57.4378947Z #34 5.677 Downloading typing_extensions-4.14.1-py3-none-any.whl (43 kB)
2025-08-20T20:58:57.4379671Z #34 5.694 Downloading tzdata-2025.2-py2.py3-none-any.whl (347 kB)
2025-08-20T20:58:57.4380325Z #34 5.712 Downloading anyio-4.10.0-py3-none-any.whl (107 kB)
2025-08-20T20:58:57.4380937Z #34 5.727 Downloading idna-3.10-py3-none-any.whl (70 kB)
2025-08-20T20:58:57.4381543Z #34 5.742 Downloading certifi-2025.8.3-py3-none-any.whl (161 kB)
2025-08-20T20:58:57.4382165Z #34 5.760 Downloading amqp-5.3.1-py3-none-any.whl (50 kB)
2025-08-20T20:58:57.4382728Z #34 5.775 Downloading h11-0.16.0-py3-none-any.whl (37 kB)
2025-08-20T20:58:57.4383370Z #34 5.792 Downloading prompt_toolkit-3.0.51-py3-none-any.whl (387 kB)
2025-08-20T20:58:57.4384029Z #34 5.809 Downloading PyJWT-2.10.1-py3-none-any.whl (22 kB)
2025-08-20T20:58:57.4384638Z #34 5.823 Downloading six-1.17.0-py2.py3-none-any.whl (11 kB)
2025-08-20T20:58:57.4385267Z #34 5.858 Downloading sniffio-1.3.1-py3-none-any.whl (10 kB)
2025-08-20T20:58:57.4385883Z #34 5.873 Downloading packaging-25.0-py3-none-any.whl (66 kB)
2025-08-20T20:58:57.4386941Z #34 5.889 Downloading wcwidth-0.2.13-py2.py3-none-any.whl (34 kB)
2025-08-20T20:58:57.4388955Z #34 6.026 Installing collected packages: wcwidth, vine, tzdata, typing-extensions, sniffio, six, PyJWT, prompt-toolkit, packaging, idna, h11, greenlet, click, certifi, billiard, asyncpg, sqlalchemy, redis, python-dateutil, httpcore, click-repl, click-plugins, click-didyoumean, anyio, amqp, kombu, httpx, celery
2025-08-20T20:58:57.6030317Z #34 ...
2025-08-20T20:58:57.6031661Z 
2025-08-20T20:58:57.6033301Z #35 [api base  4/13] RUN pip install --no-cache-dir -r requirements.txt
2025-08-20T20:58:57.6034069Z #35 2.962 Collecting uvicorn==0.29.0 (from -r requirements.txt (line 1))
2025-08-20T20:58:57.6034811Z #35 3.029   Downloading uvicorn-0.29.0-py3-none-any.whl.metadata (6.3 kB)
2025-08-20T20:58:57.6035584Z #35 3.072 Collecting pydantic-settings==2.2.1 (from -r requirements.txt (line 2))
2025-08-20T20:58:57.6036915Z #35 3.090   Downloading pydantic_settings-2.2.1-py3-none-any.whl.metadata (3.1 kB)
2025-08-20T20:58:57.6037783Z #35 3.188 Collecting fastapi==0.111.0 (from -r requirements.txt (line 3))
2025-08-20T20:58:57.6038519Z #35 3.206   Downloading fastapi-0.111.0-py3-none-any.whl.metadata (25 kB)
2025-08-20T20:58:57.6039249Z #35 3.675 Collecting sqlalchemy==2.0.29 (from -r requirements.txt (line 4))
2025-08-20T20:58:57.6040217Z #35 3.694   Downloading SQLAlchemy-2.0.29-cp312-cp312-manylinux_2_17_x86_64.manylinux2014_x86_64.whl.metadata (9.6 kB)
2025-08-20T20:58:57.6041152Z #35 3.773 Collecting alembic==1.13.1 (from -r requirements.txt (line 5))
2025-08-20T20:58:57.6041879Z #35 3.791   Downloading alembic-1.13.1-py3-none-any.whl.metadata (7.4 kB)
2025-08-20T20:58:57.6042696Z #35 3.834 Collecting psycopg==3.2.9 (from psycopg[binary]==3.2.9->-r requirements.txt (line 6))
2025-08-20T20:58:57.6043498Z #35 3.852   Downloading psycopg-3.2.9-py3-none-any.whl.metadata (4.5 kB)
2025-08-20T20:58:57.6044213Z #35 3.905 Collecting httpx==0.27.2 (from -r requirements.txt (line 7))
2025-08-20T20:58:57.6044894Z #35 3.926   Downloading httpx-0.27.2-py3-none-any.whl.metadata (7.1 kB)
2025-08-20T20:58:57.6045593Z #35 3.994 Collecting asyncpg==0.29.0 (from -r requirements.txt (line 8))
2025-08-20T20:58:57.6046648Z #35 4.012   Downloading asyncpg-0.29.0-cp312-cp312-manylinux_2_17_x86_64.manylinux2014_x86_64.whl.metadata (4.4 kB)
2025-08-20T20:58:57.6047489Z #35 4.488 Collecting boto3==1.34.162 (from -r requirements.txt (line 9))
2025-08-20T20:58:57.6048143Z #35 4.506   Downloading boto3-1.34.162-py3-none-any.whl.metadata (6.6 kB)
2025-08-20T20:58:57.6048781Z #35 4.537 Collecting Jinja2==3.1.5 (from -r requirements.txt (line 10))
2025-08-20T20:58:57.6049438Z #35 4.555   Downloading jinja2-3.1.5-py3-none-any.whl.metadata (2.6 kB)
2025-08-20T20:58:57.6050116Z #35 4.633 Collecting celery==5.3.* (from -r requirements.txt (line 11))
2025-08-20T20:58:57.6050811Z #35 4.651   Downloading celery-5.3.6-py3-none-any.whl.metadata (21 kB)
2025-08-20T20:58:57.6051581Z #35 4.731 Collecting structlog==24.1.0 (from -r requirements.txt (line 12))
2025-08-20T20:58:57.6052320Z #35 4.749   Downloading structlog-24.1.0-py3-none-any.whl.metadata (6.9 kB)
2025-08-20T20:58:57.6053115Z #35 4.787 Collecting asgi-correlation-id==4.3.1 (from -r requirements.txt (line 13))
2025-08-20T20:58:57.6053936Z #35 4.804   Downloading asgi_correlation_id-4.3.1-py3-none-any.whl.metadata (28 kB)
2025-08-20T20:58:57.6054740Z #35 4.838 Collecting fastapi-limiter==0.1.6 (from -r requirements.txt (line 14))
2025-08-20T20:58:57.6055531Z #35 4.856   Downloading fastapi_limiter-0.1.6-py3-none-any.whl.metadata (5.3 kB)
2025-08-20T20:58:57.6056261Z #35 4.938 Collecting redis==5.0.8 (from -r requirements.txt (line 15))
2025-08-20T20:58:57.6089366Z #35 4.957   Downloading redis-5.0.8-py3-none-any.whl.metadata (9.2 kB)
2025-08-20T20:58:57.6090333Z #35 5.052 Collecting sentry-sdk==2.9.0 (from sentry-sdk[celery,fastapi,sqlalchemy]==2.9.0->-r requirements.txt (line 16))
2025-08-20T20:58:57.6091341Z #35 5.072   Downloading sentry_sdk-2.9.0-py2.py3-none-any.whl.metadata (14 kB)
2025-08-20T20:58:57.6092406Z #35 5.211 Collecting click>=7.0 (from uvicorn==0.29.0->-r requirements.txt (line 1))
2025-08-20T20:58:57.6093152Z #35 5.230   Downloading click-8.2.1-py3-none-any.whl.metadata (2.5 kB)
2025-08-20T20:58:57.6093864Z #35 5.258 Collecting h11>=0.8 (from uvicorn==0.29.0->-r requirements.txt (line 1))
2025-08-20T20:58:57.6094562Z #35 5.276   Downloading h11-0.16.0-py3-none-any.whl.metadata (8.3 kB)
2025-08-20T20:58:57.6095352Z #35 5.449 Collecting pydantic>=2.3.0 (from pydantic-settings==2.2.1->-r requirements.txt (line 2))
2025-08-20T20:58:57.6096181Z #35 5.467   Downloading pydantic-2.11.7-py3-none-any.whl.metadata (67 kB)
2025-08-20T20:58:57.6097233Z #35 5.515 Collecting python-dotenv>=0.21.0 (from pydantic-settings==2.2.1->-r requirements.txt (line 2))
2025-08-20T20:58:57.6098116Z #35 5.533   Downloading python_dotenv-1.1.1-py3-none-any.whl.metadata (24 kB)
2025-08-20T20:58:57.6099184Z #35 5.597 Collecting starlette<0.38.0,>=0.37.2 (from fastapi==0.111.0->-r requirements.txt (line 3))
2025-08-20T20:58:57.6100026Z #35 5.617   Downloading starlette-0.37.2-py3-none-any.whl.metadata (5.9 kB)
2025-08-20T20:58:57.6100872Z #35 5.720 Collecting typing-extensions>=4.8.0 (from fastapi==0.111.0->-r requirements.txt (line 3))
2025-08-20T20:58:57.6101772Z #35 5.736   Downloading typing_extensions-4.14.1-py3-none-any.whl.metadata (3.0 kB)
2025-08-20T20:58:57.6102619Z #35 5.759 Collecting fastapi-cli>=0.0.2 (from fastapi==0.111.0->-r requirements.txt (line 3))
2025-08-20T20:58:57.6103425Z #35 5.776   Downloading fastapi_cli-0.0.8-py3-none-any.whl.metadata (6.3 kB)
2025-08-20T20:58:57.6104267Z #35 5.814 Collecting python-multipart>=0.0.7 (from fastapi==0.111.0->-r requirements.txt (line 3))
2025-08-20T20:58:57.6105149Z #35 5.831   Downloading python_multipart-0.0.20-py3-none-any.whl.metadata (1.8 kB)
2025-08-20T20:58:57.6106050Z #35 5.925 Collecting ujson!=4.0.2,!=4.1.0,!=4.2.0,!=4.3.0,!=5.0.0,!=5.1.0,>=4.0.1 (from fastapi==0.111.0->-r requirements.txt (line 3))
2025-08-20T20:58:57.6107241Z #35 5.943   Downloading ujson-5.11.0-cp312-cp312-manylinux_2_24_x86_64.manylinux_2_28_x86_64.whl.metadata (9.4 kB)
2025-08-20T20:58:57.6108196Z #35 6.305 Collecting orjson>=3.2.1 (from fastapi==0.111.0->-r requirements.txt (line 3))
2025-08-20T20:58:57.6109149Z #35 6.372   Downloading orjson-3.11.2-cp312-cp312-manylinux_2_17_x86_64.manylinux2014_x86_64.whl.metadata (1.2 kB)
2025-08-20T20:58:57.6110138Z #35 6.521 Collecting email_validator>=2.0.0 (from fastapi==0.111.0->-r requirements.txt (line 3))
2025-08-20T20:58:57.6110983Z #35 6.588   Downloading email_validator-2.2.0-py3-none-any.whl.metadata (25 kB)
2025-08-20T20:58:57.6111804Z #35 6.777 Collecting greenlet!=0.4.17 (from sqlalchemy==2.0.29->-r requirements.txt (line 4))
2025-08-20T20:58:57.6112806Z #35 6.795   Downloading greenlet-3.2.4-cp312-cp312-manylinux_2_24_x86_64.manylinux_2_28_x86_64.whl.metadata (4.1 kB)
2025-08-20T20:58:57.6113746Z #35 6.837 Collecting Mako (from alembic==1.13.1->-r requirements.txt (line 5))
2025-08-20T20:58:57.6114453Z #35 6.872   Downloading mako-1.3.10-py3-none-any.whl.metadata (2.9 kB)
2025-08-20T20:58:57.6115163Z #35 6.951 Collecting anyio (from httpx==0.27.2->-r requirements.txt (line 7))
2025-08-20T20:58:57.6115889Z #35 6.969   Downloading anyio-4.10.0-py3-none-any.whl.metadata (4.0 kB)
2025-08-20T20:58:57.6177012Z #35 7.009 Collecting certifi (from httpx==0.27.2->-r requirements.txt (line 7))
2025-08-20T20:58:57.6177837Z #35 7.033   Downloading certifi-2025.8.3-py3-none-any.whl.metadata (2.4 kB)
2025-08-20T20:58:57.6178619Z #35 7.084 Collecting httpcore==1.* (from httpx==0.27.2->-r requirements.txt (line 7))
2025-08-20T20:58:57.6179386Z #35 7.104   Downloading httpcore-1.0.9-py3-none-any.whl.metadata (21 kB)
2025-08-20T20:58:57.6180105Z #35 7.138 Collecting idna (from httpx==0.27.2->-r requirements.txt (line 7))
2025-08-20T20:58:57.6180787Z #35 7.156   Downloading idna-3.10-py3-none-any.whl.metadata (10 kB)
2025-08-20T20:58:57.6181494Z #35 7.202 Collecting sniffio (from httpx==0.27.2->-r requirements.txt (line 7))
2025-08-20T20:58:57.6182229Z #35 7.244   Downloading sniffio-1.3.1-py3-none-any.whl.metadata (3.9 kB)
2025-08-20T20:58:57.6183239Z #35 7.945 Collecting botocore<1.35.0,>=1.34.162 (from boto3==1.34.162->-r requirements.txt (line 9))
2025-08-20T20:58:57.6184052Z #35 7.963   Downloading botocore-1.34.162-py3-none-any.whl.metadata (5.7 kB)
2025-08-20T20:58:57.6184853Z #35 7.995 Collecting jmespath<2.0.0,>=0.7.1 (from boto3==1.34.162->-r requirements.txt (line 9))
2025-08-20T20:58:57.6185658Z #35 8.013   Downloading jmespath-1.0.1-py3-none-any.whl.metadata (7.6 kB)
2025-08-20T20:58:57.6186465Z #35 8.055 Collecting s3transfer<0.11.0,>=0.10.0 (from boto3==1.34.162->-r requirements.txt (line 9))
2025-08-20T20:58:57.6187445Z #35 8.073   Downloading s3transfer-0.10.4-py3-none-any.whl.metadata (1.7 kB)
2025-08-20T20:58:57.6188242Z #35 8.149 Collecting MarkupSafe>=2.0 (from Jinja2==3.1.5->-r requirements.txt (line 10))
2025-08-20T20:58:57.6189414Z #35 8.166   Downloading MarkupSafe-3.0.2-cp312-cp312-manylinux_2_17_x86_64.manylinux2014_x86_64.whl.metadata (4.0 kB)
2025-08-20T20:58:57.6190426Z #35 8.209 Collecting billiard<5.0,>=4.2.0 (from celery==5.3.*->-r requirements.txt (line 11))
2025-08-20T20:58:57.6191216Z #35 8.226   Downloading billiard-4.2.1-py3-none-any.whl.metadata (4.4 kB)
2025-08-20T20:58:57.6192057Z #35 8.253 Collecting click-didyoumean>=0.3.0 (from celery==5.3.*->-r requirements.txt (line 11))
2025-08-20T20:58:57.6192923Z #35 8.268   Downloading click_didyoumean-0.3.1-py3-none-any.whl.metadata (3.9 kB)
2025-08-20T20:58:57.6193765Z #35 8.290 Collecting click-plugins>=1.1.1 (from celery==5.3.*->-r requirements.txt (line 11))
2025-08-20T20:58:57.6194613Z #35 8.306   Downloading click_plugins-1.1.1.2-py2.py3-none-any.whl.metadata (6.5 kB)
2025-08-20T20:58:57.6195445Z #35 8.336 Collecting click-repl>=0.2.0 (from celery==5.3.*->-r requirements.txt (line 11))
2025-08-20T20:58:57.6196234Z #35 8.354   Downloading click_repl-0.3.0-py3-none-any.whl.metadata (3.6 kB)
2025-08-20T20:58:57.6197142Z #35 8.426 Collecting kombu<6.0,>=5.3.4 (from celery==5.3.*->-r requirements.txt (line 11))
2025-08-20T20:58:57.6197879Z #35 8.442   Downloading kombu-5.5.4-py3-none-any.whl.metadata (3.5 kB)
2025-08-20T20:58:57.6198673Z #35 8.492 Collecting python-dateutil>=2.8.2 (from celery==5.3.*->-r requirements.txt (line 11))
2025-08-20T20:58:57.6199577Z #35 8.516   Downloading python_dateutil-2.9.0.post0-py2.py3-none-any.whl.metadata (8.4 kB)
2025-08-20T20:58:57.6200424Z #35 8.544 Collecting tzdata>=2022.7 (from celery==5.3.*->-r requirements.txt (line 11))
2025-08-20T20:58:57.6201203Z #35 8.563   Downloading tzdata-2025.2-py2.py3-none-any.whl.metadata (1.4 kB)
2025-08-20T20:58:57.6201959Z #35 8.587 Collecting vine<6.0,>=5.1.0 (from celery==5.3.*->-r requirements.txt (line 11))
2025-08-20T20:58:57.6202687Z #35 8.603   Downloading vine-5.1.0-py3-none-any.whl.metadata (2.7 kB)
2025-08-20T20:58:57.6203681Z #35 8.694 Collecting urllib3>=1.26.11 (from sentry-sdk==2.9.0->sentry-sdk[celery,fastapi,sqlalchemy]==2.9.0->-r requirements.txt (line 16))
2025-08-20T20:58:57.6204690Z #35 8.715   Downloading urllib3-2.5.0-py3-none-any.whl.metadata (6.5 kB)
2025-08-20T20:58:57.6205539Z #35 8.966 Collecting psycopg-binary==3.2.9 (from psycopg[binary]==3.2.9->-r requirements.txt (line 6))
2025-08-20T20:58:57.6237039Z #35 8.987   Downloading psycopg_binary-3.2.9-cp312-cp312-manylinux_2_17_x86_64.manylinux2014_x86_64.whl.metadata (2.9 kB)
2025-08-20T20:58:57.6238461Z #35 9.201 Collecting prompt-toolkit>=3.0.36 (from click-repl>=0.2.0->celery==5.3.*->-r requirements.txt (line 11))
2025-08-20T20:58:57.6239437Z #35 9.226   Downloading prompt_toolkit-3.0.51-py3-none-any.whl.metadata (6.4 kB)
2025-08-20T20:58:57.6240386Z #35 9.283 Collecting dnspython>=2.0.0 (from email_validator>=2.0.0->fastapi==0.111.0->-r requirements.txt (line 3))
2025-08-20T20:58:57.6241314Z #35 9.300   Downloading dnspython-2.7.0-py3-none-any.whl.metadata (5.8 kB)
2025-08-20T20:58:57.6242183Z #35 9.352 Collecting typer>=0.15.1 (from fastapi-cli>=0.0.2->fastapi==0.111.0->-r requirements.txt (line 3))
2025-08-20T20:58:57.6243070Z #35 9.370   Downloading typer-0.16.1-py3-none-any.whl.metadata (15 kB)
2025-08-20T20:58:57.6244194Z #35 9.437 Collecting rich-toolkit>=0.14.8 (from fastapi-cli>=0.0.2->fastapi==0.111.0->-r requirements.txt (line 3))
2025-08-20T20:58:57.6245102Z #35 9.455   Downloading rich_toolkit-0.15.0-py3-none-any.whl.metadata (1.0 kB)
2025-08-20T20:58:57.6245944Z #35 9.517 Collecting amqp<6.0.0,>=5.1.1 (from kombu<6.0,>=5.3.4->celery==5.3.*->-r requirements.txt (line 11))
2025-08-20T20:58:57.6246908Z #35 9.538   Downloading amqp-5.3.1-py3-none-any.whl.metadata (8.9 kB)
2025-08-20T20:58:57.6247705Z #35 9.598 Collecting packaging (from kombu<6.0,>=5.3.4->celery==5.3.*->-r requirements.txt (line 11))
2025-08-20T20:58:57.6248535Z #35 9.618   Downloading packaging-25.0-py3-none-any.whl.metadata (3.3 kB)
2025-08-20T20:58:57.6249686Z #35 9.649 Collecting annotated-types>=0.6.0 (from pydantic>=2.3.0->pydantic-settings==2.2.1->-r requirements.txt (line 2))
2025-08-20T20:58:57.6250709Z #35 9.666   Downloading annotated_types-0.7.0-py3-none-any.whl.metadata (15 kB)
2025-08-20T20:58:57.7733636Z #35 ...
2025-08-20T20:58:57.7734258Z 
2025-08-20T20:58:57.7735628Z #32 [postgres 2/6] RUN set -eux;     if [ -f /etc/apt/sources.list ]; then         sed -i 's|http://deb.debian.org|https://deb.debian.org|g' /etc/apt/sources.list;     fi;     apt-get update;     apt-get install -y locales;     locale-gen en_US.UTF-8;     rm -rf /var/lib/apt/lists/*
2025-08-20T20:58:57.7747118Z #32 2.359 Reading package lists...
2025-08-20T20:58:57.7973013Z #32 3.221 Building dependency tree...
2025-08-20T20:58:57.9166624Z #32 3.395 Reading state information...
2025-08-20T20:58:58.0294097Z #32 3.581 locales is already the newest version (2.41-12).
2025-08-20T20:58:58.0307210Z #32 3.581 0 upgraded, 0 newly installed, 0 to remove and 1 not upgraded.
2025-08-20T20:58:58.0309267Z #32 3.582 + locale-gen en_US.UTF-8
2025-08-20T20:58:58.0309765Z #32 3.586 Generating locales (this might take a while)...
2025-08-20T20:58:58.7862102Z #32 3.600   en_US.UTF-8...
2025-08-20T20:58:58.7862675Z #32 ...
2025-08-20T20:58:58.7863304Z 
2025-08-20T20:58:58.7864443Z #34 [fees_h10 base 4/6] RUN if [ -n "" ] && [ -f "fees_h10/" ]; then         pip install -r fees_h10/requirements.txt -c fees_h10/;     else         pip install -r fees_h10/requirements.txt;     fi
2025-08-20T20:58:58.7870197Z #34 11.24 Successfully installed PyJWT-2.10.1 amqp-5.3.1 anyio-4.10.0 asyncpg-0.30.0 billiard-4.2.1 celery-5.4.0 certifi-2025.8.3 click-8.2.1 click-didyoumean-0.3.1 click-plugins-1.1.1.2 click-repl-0.3.0 greenlet-3.2.4 h11-0.16.0 httpcore-1.0.9 httpx-0.28.1 idna-3.10 kombu-5.5.4 packaging-25.0 prompt-toolkit-3.0.51 python-dateutil-2.9.0.post0 redis-5.3.1 six-1.17.0 sniffio-1.3.1 sqlalchemy-2.0.43 typing-extensions-4.14.1 tzdata-2025.2 vine-5.1.0 wcwidth-0.2.13
2025-08-20T20:58:58.7874673Z #34 11.24 WARNING: Running pip as the 'root' user can result in broken permissions and conflicting behaviour with the system package manager, possibly rendering your system unusable. It is recommended to use a virtual environment instead: https://pip.pypa.io/warnings/venv. Use the --root-user-action option if you know what you are doing and want to suppress this warning.
2025-08-20T20:58:58.7889769Z #34 11.35 
2025-08-20T20:58:58.7890216Z #34 11.35 [notice] A new release of pip is available: 25.0.1 -> 25.2
2025-08-20T20:58:58.7895338Z #34 11.35 [notice] To update, run: pip install --upgrade pip
2025-08-20T20:58:58.7895834Z #34 DONE 11.5s
2025-08-20T20:58:58.8872263Z 
2025-08-20T20:58:58.8872797Z #36 [fees_h10 base 5/6] COPY . ./fees_h10
2025-08-20T20:58:58.8873301Z #36 DONE 0.0s
2025-08-20T20:58:58.8873485Z 
2025-08-20T20:58:58.8873655Z #37 [fees_h10 base 6/6] COPY start.sh ./start.sh
2025-08-20T20:58:58.8874097Z #37 DONE 0.0s
2025-08-20T20:58:58.8874260Z 
2025-08-20T20:58:58.8874528Z #35 [api base  4/13] RUN pip install --no-cache-dir -r requirements.txt
2025-08-20T20:58:58.8875471Z #35 10.68 Collecting pydantic-core==2.33.2 (from pydantic>=2.3.0->pydantic-settings==2.2.1->-r requirements.txt (line 2))
2025-08-20T20:58:58.8876829Z #35 10.70   Downloading pydantic_core-2.33.2-cp312-cp312-manylinux_2_17_x86_64.manylinux2014_x86_64.whl.metadata (6.8 kB)
2025-08-20T20:58:58.8878381Z #35 10.73 Collecting typing-inspection>=0.4.0 (from pydantic>=2.3.0->pydantic-settings==2.2.1->-r requirements.txt (line 2))
2025-08-20T20:58:58.8879417Z #35 10.75   Downloading typing_inspection-0.4.1-py3-none-any.whl.metadata (2.6 kB)
2025-08-20T20:58:58.8880307Z #35 10.80 Collecting six>=1.5 (from python-dateutil>=2.8.2->celery==5.3.*->-r requirements.txt (line 11))
2025-08-20T20:58:58.8881140Z #35 10.81   Downloading six-1.17.0-py2.py3-none-any.whl.metadata (1.7 kB)
2025-08-20T20:58:58.8882023Z #35 11.14 Collecting httptools>=0.5.0 (from uvicorn[standard]>=0.12.0->fastapi==0.111.0->-r requirements.txt (line 3))
2025-08-20T20:58:58.8883541Z #35 11.16   Downloading httptools-0.6.4-cp312-cp312-manylinux_2_5_x86_64.manylinux1_x86_64.manylinux_2_17_x86_64.manylinux2014_x86_64.whl.metadata (3.6 kB)
2025-08-20T20:58:58.8884815Z #35 11.22 Collecting pyyaml>=5.1 (from uvicorn[standard]>=0.12.0->fastapi==0.111.0->-r requirements.txt (line 3))
2025-08-20T20:58:58.8885856Z #35 11.24   Downloading PyYAML-6.0.2-cp312-cp312-manylinux_2_17_x86_64.manylinux2014_x86_64.whl.metadata (2.1 kB)
2025-08-20T20:58:58.8887140Z #35 11.31 Collecting uvloop!=0.15.0,!=0.15.1,>=0.14.0 (from uvicorn[standard]>=0.12.0->fastapi==0.111.0->-r requirements.txt (line 3))
2025-08-20T20:58:58.8888224Z #35 11.32   Downloading uvloop-0.21.0-cp312-cp312-manylinux_2_17_x86_64.manylinux2014_x86_64.whl.metadata (4.9 kB)
2025-08-20T20:58:58.8889298Z #35 11.43 Collecting watchfiles>=0.13 (from uvicorn[standard]>=0.12.0->fastapi==0.111.0->-r requirements.txt (line 3))
2025-08-20T20:58:58.8890410Z #35 11.45   Downloading watchfiles-1.1.0-cp312-cp312-manylinux_2_17_x86_64.manylinux2014_x86_64.whl.metadata (4.9 kB)
2025-08-20T20:58:58.8891513Z #35 11.64 Collecting websockets>=10.4 (from uvicorn[standard]>=0.12.0->fastapi==0.111.0->-r requirements.txt (line 3))
2025-08-20T20:58:59.0484603Z #35 11.66   Downloading websockets-15.0.1-cp312-cp312-manylinux_2_5_x86_64.manylinux1_x86_64.manylinux_2_17_x86_64.manylinux2014_x86_64.whl.metadata (6.8 kB)
2025-08-20T20:58:59.0486070Z #35 11.71 Collecting wcwidth (from prompt-toolkit>=3.0.36->click-repl>=0.2.0->celery==5.3.*->-r requirements.txt (line 11))
2025-08-20T20:58:59.0487194Z #35 11.72   Downloading wcwidth-0.2.13-py2.py3-none-any.whl.metadata (14 kB)
2025-08-20T20:58:59.0488148Z #35 11.82 Collecting rich>=13.7.1 (from rich-toolkit>=0.14.8->fastapi-cli>=0.0.2->fastapi==0.111.0->-r requirements.txt (line 3))
2025-08-20T20:58:59.2384599Z #35 11.83   Downloading rich-14.1.0-py3-none-any.whl.metadata (18 kB)
2025-08-20T20:58:59.2389583Z #35 11.89 Collecting shellingham>=1.3.0 (from typer>=0.15.1->fastapi-cli>=0.0.2->fastapi==0.111.0->-r requirements.txt (line 3))
2025-08-20T20:58:59.2390615Z #35 11.91   Downloading shellingham-1.5.4-py2.py3-none-any.whl.metadata (3.5 kB)
2025-08-20T20:58:59.2391648Z #35 12.01 Collecting markdown-it-py>=2.2.0 (from rich>=13.7.1->rich-toolkit>=0.14.8->fastapi-cli>=0.0.2->fastapi==0.111.0->-r requirements.txt (line 3))
2025-08-20T20:58:59.3550432Z #35 12.02   Downloading markdown_it_py-4.0.0-py3-none-any.whl.metadata (7.3 kB)
2025-08-20T20:58:59.3564461Z #35 12.07 Collecting pygments<3.0.0,>=2.13.0 (from rich>=13.7.1->rich-toolkit>=0.14.8->fastapi-cli>=0.0.2->fastapi==0.111.0->-r requirements.txt (line 3))
2025-08-20T20:58:59.3565590Z #35 12.09   Downloading pygments-2.19.2-py3-none-any.whl.metadata (2.5 kB)
2025-08-20T20:58:59.3567044Z #35 12.12 Collecting mdurl~=0.1 (from markdown-it-py>=2.2.0->rich>=13.7.1->rich-toolkit>=0.14.8->fastapi-cli>=0.0.2->fastapi==0.111.0->-r requirements.txt (line 3))
2025-08-20T20:58:59.4636282Z #35 12.14   Downloading mdurl-0.1.2-py3-none-any.whl.metadata (1.6 kB)
2025-08-20T20:58:59.4637533Z #35 12.17 Downloading uvicorn-0.29.0-py3-none-any.whl (60 kB)
2025-08-20T20:58:59.4638528Z #35 12.19 Downloading pydantic_settings-2.2.1-py3-none-any.whl (13 kB)
2025-08-20T20:58:59.4640102Z #35 12.21 Downloading fastapi-0.111.0-py3-none-any.whl (91 kB)
2025-08-20T20:58:59.4641491Z #35 12.23 Downloading SQLAlchemy-2.0.29-cp312-cp312-manylinux_2_17_x86_64.manylinux2014_x86_64.whl (3.2 MB)
2025-08-20T20:58:59.5705738Z #35 ...
2025-08-20T20:58:59.5707400Z 
2025-08-20T20:58:59.5708629Z #32 [postgres 2/6] RUN set -eux;     if [ -f /etc/apt/sources.list ]; then         sed -i 's|http://deb.debian.org|https://deb.debian.org|g' /etc/apt/sources.list;     fi;     apt-get update;     apt-get install -y locales;     locale-gen en_US.UTF-8;     rm -rf /var/lib/apt/lists/*
2025-08-20T20:58:59.5710111Z #32 3.600   en_US.UTF-8... done
2025-08-20T20:58:59.5710487Z #32 5.129 Generation complete.
2025-08-20T20:58:59.5720584Z #32 5.129 + rm -rf /var/lib/apt/lists/apt.postgresql.org_pub_repos_apt_dists_trixie-pgdg_16_binary-amd64_Packages.lz4 /var/lib/apt/lists/apt.postgresql.org_pub_repos_apt_dists_trixie-pgdg_InRelease /var/lib/apt/lists/apt.postgresql.org_pub_repos_apt_dists_trixie-pgdg_main_binary-amd64_Packages.lz4 /var/lib/apt/lists/auxfiles /var/lib/apt/lists/deb.debian.org_debian-security_dists_trixie-security_InRelease /var/lib/apt/lists/deb.debian.org_debian-security_dists_trixie-security_main_binary-amd64_Packages.lz4 /var/lib/apt/lists/deb.debian.org_debian_dists_trixie-updates_InRelease /var/lib/apt/lists/deb.debian.org_debian_dists_trixie-updates_main_binary-amd64_Packages.lz4 /var/lib/apt/lists/deb.debian.org_debian_dists_trixie_InRelease /var/lib/apt/lists/deb.debian.org_debian_dists_trixie_main_binary-amd64_Packages.lz4 /var/lib/apt/lists/lock /var/lib/apt/lists/partial
2025-08-20T20:58:59.5725615Z #32 DONE 5.1s
2025-08-20T20:58:59.5725788Z 
2025-08-20T20:58:59.5726061Z #35 [api base  4/13] RUN pip install --no-cache-dir -r requirements.txt
2025-08-20T20:58:59.5727246Z #35 12.32    ━━━━━━━━━━━━━━━━━━━━━━━━━━━━━━━━━━━━━━━━ 3.2/3.2 MB 42.7 MB/s eta 0:00:00
2025-08-20T20:58:59.5727853Z #35 12.34 Downloading alembic-1.13.1-py3-none-any.whl (233 kB)
2025-08-20T20:58:59.6712163Z #35 ...
2025-08-20T20:58:59.6716317Z 
2025-08-20T20:58:59.6719417Z #38 [postgres 3/6] COPY docker/postgres/pg_hba.conf /etc/postgresql/pg_hba.conf
2025-08-20T20:58:59.6722895Z #38 DONE 0.0s
2025-08-20T20:58:59.6723100Z 
2025-08-20T20:58:59.6723573Z #39 [postgres 4/6] COPY docker/postgres/init-pg_hba.sh /docker-entrypoint-initdb.d/10_init_pg_hba.sh
2025-08-20T20:58:59.6724306Z #39 DONE 0.0s
2025-08-20T20:58:59.6724478Z 
2025-08-20T20:58:59.6724885Z #40 [postgres 5/6] COPY docker/postgres/postgresql.conf /etc/postgresql/postgresql.conf
2025-08-20T20:58:59.6725544Z #40 DONE 0.0s
2025-08-20T20:58:59.6725719Z 
2025-08-20T20:58:59.6763790Z #35 [api base  4/13] RUN pip install --no-cache-dir -r requirements.txt
2025-08-20T20:58:59.6764520Z #35 12.36 Downloading psycopg-3.2.9-py3-none-any.whl (202 kB)
2025-08-20T20:58:59.6765132Z #35 12.38 Downloading httpx-0.27.2-py3-none-any.whl (76 kB)
2025-08-20T20:58:59.6765946Z #35 12.39 Downloading asyncpg-0.29.0-cp312-cp312-manylinux_2_17_x86_64.manylinux2014_x86_64.whl (3.3 MB)
2025-08-20T20:58:59.6767532Z #35 12.42    ━━━━━━━━━━━━━━━━━━━━━━━━━━━━━━━━━━━━━━━━ 3.3/3.3 MB 183.3 MB/s eta 0:00:00
2025-08-20T20:58:59.6768160Z #35 12.44 Downloading boto3-1.34.162-py3-none-any.whl (139 kB)
2025-08-20T20:58:59.7729057Z #35 12.45 Downloading jinja2-3.1.5-py3-none-any.whl (134 kB)
2025-08-20T20:58:59.7737540Z #35 12.47 Downloading celery-5.3.6-py3-none-any.whl (422 kB)
2025-08-20T20:58:59.7740027Z #35 12.49 Downloading structlog-24.1.0-py3-none-any.whl (65 kB)
2025-08-20T20:58:59.7740998Z #35 12.51 Downloading asgi_correlation_id-4.3.1-py3-none-any.whl (15 kB)
2025-08-20T20:58:59.7742377Z #35 12.52 Downloading fastapi_limiter-0.1.6-py3-none-any.whl (15 kB)
2025-08-20T20:58:59.7742918Z #35 12.54 Downloading redis-5.0.8-py3-none-any.whl (255 kB)
2025-08-20T20:58:59.8751457Z #35 ...
2025-08-20T20:58:59.8752203Z 
2025-08-20T20:58:59.8753028Z #41 [postgres 6/6] RUN chmod 0644 /etc/postgresql/pg_hba.conf &&     chmod +x /docker-entrypoint-initdb.d/10_init_pg_hba.sh
2025-08-20T20:58:59.8754315Z #41 DONE 0.2s
2025-08-20T20:58:59.8756439Z 
2025-08-20T20:58:59.8757682Z #35 [api base  4/13] RUN pip install --no-cache-dir -r requirements.txt
2025-08-20T20:58:59.8759258Z #35 12.56 Downloading sentry_sdk-2.9.0-py2.py3-none-any.whl (301 kB)
2025-08-20T20:58:59.8795215Z #35 12.58 Downloading httpcore-1.0.9-py3-none-any.whl (78 kB)
2025-08-20T20:58:59.8797352Z #35 12.62 Downloading psycopg_binary-3.2.9-cp312-cp312-manylinux_2_17_x86_64.manylinux2014_x86_64.whl (4.4 MB)
2025-08-20T20:58:59.8798637Z #35 12.62    ━━━━━━━━━━━━━━━━━━━━━━━━━━━━━━━━━━━━━━━━ 4.4/4.4 MB 356.0 MB/s eta 0:00:00
2025-08-20T20:58:59.8799649Z #35 12.64 Downloading billiard-4.2.1-py3-none-any.whl (86 kB)
2025-08-20T20:58:59.9833452Z #35 12.66 Downloading botocore-1.34.162-py3-none-any.whl (12.5 MB)
2025-08-20T20:58:59.9838795Z #35 12.72    ━━━━━━━━━━━━━━━━━━━━━━━━━━━━━━━━━━━━━━━━ 12.5/12.5 MB 221.2 MB/s eta 0:00:00
2025-08-20T20:58:59.9843503Z #35 12.74 Downloading click-8.2.1-py3-none-any.whl (102 kB)
2025-08-20T20:58:59.9848313Z #35 12.75 Downloading click_didyoumean-0.3.1-py3-none-any.whl (3.6 kB)
2025-08-20T20:59:00.0890157Z #35 12.77 Downloading click_plugins-1.1.1.2-py2.py3-none-any.whl (11 kB)
2025-08-20T20:59:00.0897366Z #35 12.79 Downloading click_repl-0.3.0-py3-none-any.whl (10 kB)
2025-08-20T20:59:00.0898053Z #35 12.81 Downloading email_validator-2.2.0-py3-none-any.whl (33 kB)
2025-08-20T20:59:00.0898701Z #35 12.82 Downloading fastapi_cli-0.0.8-py3-none-any.whl (10 kB)
2025-08-20T20:59:00.0899548Z #35 12.84 Downloading greenlet-3.2.4-cp312-cp312-manylinux_2_24_x86_64.manylinux_2_28_x86_64.whl (607 kB)
2025-08-20T20:59:00.0900743Z #35 12.84    ━━━━━━━━━━━━━━━━━━━━━━━━━━━━━━━━━━━━━━━ 607.6/607.6 kB 363.3 MB/s eta 0:00:00
2025-08-20T20:59:00.1961334Z #35 12.87 Downloading h11-0.16.0-py3-none-any.whl (37 kB)
2025-08-20T20:59:00.1968534Z #35 12.88 Downloading idna-3.10-py3-none-any.whl (70 kB)
2025-08-20T20:59:00.1969162Z #35 12.90 Downloading jmespath-1.0.1-py3-none-any.whl (20 kB)
2025-08-20T20:59:00.1969802Z #35 12.93 Downloading kombu-5.5.4-py3-none-any.whl (210 kB)
2025-08-20T20:59:00.1970379Z #35 12.95 Downloading vine-5.1.0-py3-none-any.whl (9.6 kB)
2025-08-20T20:59:00.1971228Z #35 12.96 Downloading MarkupSafe-3.0.2-cp312-cp312-manylinux_2_17_x86_64.manylinux2014_x86_64.whl (23 kB)
2025-08-20T20:59:00.3172950Z #35 13.00 Downloading orjson-3.11.2-cp312-cp312-manylinux_2_17_x86_64.manylinux2014_x86_64.whl (121 kB)
2025-08-20T20:59:00.3180216Z #35 13.00 Downloading pydantic-2.11.7-py3-none-any.whl (444 kB)
2025-08-20T20:59:00.3181062Z #35 13.02 Downloading pydantic_core-2.33.2-cp312-cp312-manylinux_2_17_x86_64.manylinux2014_x86_64.whl (2.0 MB)
2025-08-20T20:59:00.3182264Z #35 13.04    ━━━━━━━━━━━━━━━━━━━━━━━━━━━━━━━━━━━━━━━━ 2.0/2.0 MB 235.4 MB/s eta 0:00:00
2025-08-20T20:59:00.3183007Z #35 13.06 Downloading python_dateutil-2.9.0.post0-py2.py3-none-any.whl (229 kB)
2025-08-20T20:59:00.3183765Z #35 13.08 Downloading python_dotenv-1.1.1-py3-none-any.whl (20 kB)
2025-08-20T20:59:00.4231811Z #35 13.10 Downloading python_multipart-0.0.20-py3-none-any.whl (24 kB)
2025-08-20T20:59:00.4233151Z #35 13.12 Downloading s3transfer-0.10.4-py3-none-any.whl (83 kB)
2025-08-20T20:59:00.4234328Z #35 13.13 Downloading starlette-0.37.2-py3-none-any.whl (71 kB)
2025-08-20T20:59:00.4235209Z #35 13.15 Downloading anyio-4.10.0-py3-none-any.whl (107 kB)
2025-08-20T20:59:00.4237322Z #35 13.17 Downloading sniffio-1.3.1-py3-none-any.whl (10 kB)
2025-08-20T20:59:00.4238012Z #35 13.19 Downloading typing_extensions-4.14.1-py3-none-any.whl (43 kB)
2025-08-20T20:59:00.5300320Z #35 13.21 Downloading tzdata-2025.2-py2.py3-none-any.whl (347 kB)
2025-08-20T20:59:00.5301598Z #35 13.23 Downloading ujson-5.11.0-cp312-cp312-manylinux_2_24_x86_64.manylinux_2_28_x86_64.whl (57 kB)
2025-08-20T20:59:00.5302720Z #35 13.25 Downloading urllib3-2.5.0-py3-none-any.whl (129 kB)
2025-08-20T20:59:00.5304931Z #35 13.27 Downloading certifi-2025.8.3-py3-none-any.whl (161 kB)
2025-08-20T20:59:00.5307581Z #35 13.29 Downloading mako-1.3.10-py3-none-any.whl (78 kB)
2025-08-20T20:59:00.6381385Z #35 13.31 Downloading amqp-5.3.1-py3-none-any.whl (50 kB)
2025-08-20T20:59:00.6382457Z #35 13.33 Downloading annotated_types-0.7.0-py3-none-any.whl (13 kB)
2025-08-20T20:59:00.6383150Z #35 13.35 Downloading dnspython-2.7.0-py3-none-any.whl (313 kB)
2025-08-20T20:59:00.6384240Z #35 13.37 Downloading httptools-0.6.4-cp312-cp312-manylinux_2_5_x86_64.manylinux1_x86_64.manylinux_2_17_x86_64.manylinux2014_x86_64.whl (510 kB)
2025-08-20T20:59:00.6385349Z #35 13.38 Downloading prompt_toolkit-3.0.51-py3-none-any.whl (387 kB)
2025-08-20T20:59:00.6386233Z #35 13.41 Downloading PyYAML-6.0.2-cp312-cp312-manylinux_2_17_x86_64.manylinux2014_x86_64.whl (767 kB)
2025-08-20T20:59:00.7386280Z #35 13.42    ━━━━━━━━━━━━━━━━━━━━━━━━━━━━━━━━━━━━━━━ 767.5/767.5 kB 387.3 MB/s eta 0:00:00
2025-08-20T20:59:00.7391995Z #35 13.45 Downloading rich_toolkit-0.15.0-py3-none-any.whl (29 kB)
2025-08-20T20:59:00.7392687Z #35 13.46 Downloading six-1.17.0-py2.py3-none-any.whl (11 kB)
2025-08-20T20:59:00.7393611Z #35 13.48 Downloading typer-0.16.1-py3-none-any.whl (46 kB)
2025-08-20T20:59:00.7394294Z #35 13.49 Downloading typing_inspection-0.4.1-py3-none-any.whl (14 kB)
2025-08-20T20:59:00.7395177Z #35 13.51 Downloading uvloop-0.21.0-cp312-cp312-manylinux_2_17_x86_64.manylinux2014_x86_64.whl (4.7 MB)
2025-08-20T20:59:00.8484165Z #35 13.53    ━━━━━━━━━━━━━━━━━━━━━━━━━━━━━━━━━━━━━━━━ 4.7/4.7 MB 302.0 MB/s eta 0:00:00
2025-08-20T20:59:00.8486219Z #35 13.56 Downloading watchfiles-1.1.0-cp312-cp312-manylinux_2_17_x86_64.manylinux2014_x86_64.whl (452 kB)
2025-08-20T20:59:00.8489720Z #35 13.57 Downloading websockets-15.0.1-cp312-cp312-manylinux_2_5_x86_64.manylinux1_x86_64.manylinux_2_17_x86_64.manylinux2014_x86_64.whl (182 kB)
2025-08-20T20:59:00.8490681Z #35 13.59 Downloading packaging-25.0-py3-none-any.whl (66 kB)
2025-08-20T20:59:00.8491225Z #35 13.60 Downloading rich-14.1.0-py3-none-any.whl (243 kB)
2025-08-20T20:59:00.9530906Z #35 13.62 Downloading shellingham-1.5.4-py2.py3-none-any.whl (9.8 kB)
2025-08-20T20:59:00.9540496Z #35 13.64 Downloading wcwidth-0.2.13-py2.py3-none-any.whl (34 kB)
2025-08-20T20:59:00.9545854Z #35 13.66 Downloading markdown_it_py-4.0.0-py3-none-any.whl (87 kB)
2025-08-20T20:59:00.9547633Z #35 13.67 Downloading pygments-2.19.2-py3-none-any.whl (1.2 MB)
2025-08-20T20:59:00.9548789Z #35 13.68    ━━━━━━━━━━━━━━━━━━━━━━━━━━━━━━━━━━━━━━━━ 1.2/1.2 MB 319.8 MB/s eta 0:00:00
2025-08-20T20:59:00.9549525Z #35 13.70 Downloading mdurl-0.1.2-py3-none-any.whl (10.0 kB)
2025-08-20T20:59:01.0585509Z #35 ...
2025-08-20T20:59:01.0590790Z 
2025-08-20T20:59:01.0599938Z #42 [postgres] exporting to image
2025-08-20T20:59:01.0600644Z #42 exporting layers 1.1s done
2025-08-20T20:59:01.0601575Z #42 writing image sha256:56c6a5bc44a6eb6b583c17d2d59d808ac7cc0364d7d31e8dea9a0f29523358e0 done
2025-08-20T20:59:01.0602630Z #42 naming to docker.io/library/awa-app-postgres done
2025-08-20T20:59:01.0605823Z #42 DONE 1.1s
2025-08-20T20:59:01.0606117Z 
2025-08-20T20:59:01.0606371Z #43 [postgres] resolving provenance for metadata file
2025-08-20T20:59:01.0608563Z #43 DONE 0.0s
2025-08-20T20:59:01.1610482Z 
2025-08-20T20:59:01.1611501Z #33 [celery_worker base 4/5] RUN if [ -n "" ] && [ -f "" ]; then         pip install -r requirements.txt -c "";     else         pip install -r requirements.txt;     fi
2025-08-20T20:59:01.1612675Z #33 10.18 Collecting amqp<6.0.0,>=5.1.1 (from kombu<6.0,>=5.3.4->celery==5.3.*->-r requirements.txt (line 3))
2025-08-20T20:59:01.1613457Z #33 10.20   Downloading amqp-5.3.1-py3-none-any.whl.metadata (8.9 kB)
2025-08-20T20:59:01.1614298Z #33 10.24 Collecting annotated-types>=0.6.0 (from pydantic->keepa==1.3.14->-r requirements.txt (line 1))
2025-08-20T20:59:01.1622947Z #33 10.26   Downloading annotated_types-0.7.0-py3-none-any.whl.metadata (15 kB)
2025-08-20T20:59:01.1623972Z #33 11.10 Collecting pydantic-core==2.33.2 (from pydantic->keepa==1.3.14->-r requirements.txt (line 1))
2025-08-20T20:59:01.1625122Z #33 11.12   Downloading pydantic_core-2.33.2-cp312-cp312-manylinux_2_17_x86_64.manylinux2014_x86_64.whl.metadata (6.8 kB)
2025-08-20T20:59:01.1626277Z #33 11.15 Collecting typing-extensions>=4.12.2 (from pydantic->keepa==1.3.14->-r requirements.txt (line 1))
2025-08-20T20:59:01.1627664Z #33 11.17   Downloading typing_extensions-4.14.1-py3-none-any.whl.metadata (3.0 kB)
2025-08-20T20:59:01.1628547Z #33 11.20 Collecting typing-inspection>=0.4.0 (from pydantic->keepa==1.3.14->-r requirements.txt (line 1))
2025-08-20T20:59:01.1629420Z #33 11.21   Downloading typing_inspection-0.4.1-py3-none-any.whl.metadata (2.6 kB)
2025-08-20T20:59:01.1630344Z #33 11.35 Collecting charset_normalizer<4,>=2 (from requests>=2.2->keepa==1.3.14->-r requirements.txt (line 1))
2025-08-20T20:59:01.1631627Z #33 11.37   Downloading charset_normalizer-3.4.3-cp312-cp312-manylinux2014_x86_64.manylinux_2_17_x86_64.manylinux_2_28_x86_64.whl.metadata (36 kB)
2025-08-20T20:59:01.1632940Z #33 11.41 Collecting idna<4,>=2.5 (from requests>=2.2->keepa==1.3.14->-r requirements.txt (line 1))
2025-08-20T20:59:01.1633945Z #33 11.42   Downloading idna-3.10-py3-none-any.whl.metadata (10 kB)
2025-08-20T20:59:01.1634864Z #33 11.49 Collecting mypy-extensions>=0.3.0 (from typing-inspect>=0.6.0->pandera==0.19.*->-r requirements.txt (line 9))
2025-08-20T20:59:01.1635851Z #33 11.51   Downloading mypy_extensions-1.1.0-py3-none-any.whl.metadata (1.1 kB)
2025-08-20T20:59:01.1636945Z #33 11.60 Collecting aiohappyeyeballs>=2.5.0 (from aiohttp->keepa==1.3.14->-r requirements.txt (line 1))
2025-08-20T20:59:01.1637906Z #33 11.62   Downloading aiohappyeyeballs-2.6.1-py3-none-any.whl.metadata (5.9 kB)
2025-08-20T20:59:01.1638791Z #33 11.65 Collecting aiosignal>=1.4.0 (from aiohttp->keepa==1.3.14->-r requirements.txt (line 1))
2025-08-20T20:59:01.1639621Z #33 11.66   Downloading aiosignal-1.4.0-py3-none-any.whl.metadata (3.7 kB)
2025-08-20T20:59:01.1640441Z #33 11.70 Collecting attrs>=17.3.0 (from aiohttp->keepa==1.3.14->-r requirements.txt (line 1))
2025-08-20T20:59:01.1641234Z #33 11.72   Downloading attrs-25.3.0-py3-none-any.whl.metadata (10 kB)
2025-08-20T20:59:01.1642050Z #33 11.88 Collecting frozenlist>=1.1.1 (from aiohttp->keepa==1.3.14->-r requirements.txt (line 1))
2025-08-20T20:59:01.1643291Z #33 11.90   Downloading frozenlist-1.7.0-cp312-cp312-manylinux_2_5_x86_64.manylinux1_x86_64.manylinux_2_17_x86_64.manylinux2014_x86_64.whl.metadata (18 kB)
2025-08-20T20:59:01.1644515Z #33 12.18 Collecting multidict<7.0,>=4.5 (from aiohttp->keepa==1.3.14->-r requirements.txt (line 1))
2025-08-20T20:59:01.1645815Z #33 12.19   Downloading multidict-6.6.4-cp312-cp312-manylinux2014_x86_64.manylinux_2_17_x86_64.manylinux_2_28_x86_64.whl.metadata (5.3 kB)
2025-08-20T20:59:01.1647227Z #33 12.27 Collecting propcache>=0.2.0 (from aiohttp->keepa==1.3.14->-r requirements.txt (line 1))
2025-08-20T20:59:01.1648274Z #33 12.28   Downloading propcache-0.3.2-cp312-cp312-manylinux_2_17_x86_64.manylinux2014_x86_64.whl.metadata (12 kB)
2025-08-20T20:59:01.1649293Z #33 12.69 Collecting yarl<2.0,>=1.17.0 (from aiohttp->keepa==1.3.14->-r requirements.txt (line 1))
2025-08-20T20:59:01.1650258Z #33 12.70   Downloading yarl-1.20.1-cp312-cp312-manylinux_2_17_x86_64.manylinux2014_x86_64.whl.metadata (73 kB)
2025-08-20T20:59:01.1651372Z #33 12.85 Collecting wcwidth (from prompt-toolkit>=3.0.36->click-repl>=0.2.0->celery==5.3.*->-r requirements.txt (line 3))
2025-08-20T20:59:01.1652342Z #33 12.87   Downloading wcwidth-0.2.13-py2.py3-none-any.whl.metadata (14 kB)
2025-08-20T20:59:01.1653010Z #33 13.46 Downloading keepa-1.3.14-py3-none-any.whl (33 kB)
2025-08-20T20:59:01.1653581Z #33 13.46 Downloading minio-7.1.15-py3-none-any.whl (77 kB)
2025-08-20T20:59:01.1654143Z #33 13.49 Downloading celery-5.3.6-py3-none-any.whl (422 kB)
2025-08-20T20:59:01.1654706Z #33 13.54 Downloading redis-5.3.1-py3-none-any.whl (272 kB)
2025-08-20T20:59:01.1655346Z #33 13.57 Downloading python_amazon_sp_api-0.8.0-py3-none-any.whl (93 kB)
2025-08-20T20:59:01.1656049Z #33 13.58 Downloading pydantic_settings-2.2.1-py3-none-any.whl (13 kB)
2025-08-20T20:59:01.1657179Z #33 13.60 Downloading pandas-2.2.3-cp312-cp312-manylinux_2_17_x86_64.manylinux2014_x86_64.whl (12.7 MB)
2025-08-20T20:59:01.1658356Z #33 13.71    ━━━━━━━━━━━━━━━━━━━━━━━━━━━━━━━━━━━━━━━━ 12.7/12.7 MB 118.6 MB/s eta 0:00:00
2025-08-20T20:59:01.1659148Z #33 13.73 Downloading pandera-0.19.3-py3-none-any.whl (251 kB)
2025-08-20T20:59:01.1659782Z #33 13.76 Downloading openpyxl-3.1.5-py2.py3-none-any.whl (250 kB)
2025-08-20T20:59:01.1660664Z #33 13.78 Downloading psycopg2_binary-2.9.10-cp312-cp312-manylinux_2_17_x86_64.manylinux2014_x86_64.whl (3.0 MB)
2025-08-20T20:59:01.1661733Z #33 13.80    ━━━━━━━━━━━━━━━━━━━━━━━━━━━━━━━━━━━━━━━━ 3.0/3.0 MB 125.0 MB/s eta 0:00:00
2025-08-20T20:59:01.1662514Z #33 13.82 Downloading numpy-1.26.4-cp312-cp312-manylinux_2_17_x86_64.manylinux2014_x86_64.whl (18.0 MB)
2025-08-20T20:59:01.2873700Z #33 13.92    ━━━━━━━━━━━━━━━━━━━━━━━━━━━━━━━━━━━━━━━━ 18.0/18.0 MB 180.0 MB/s eta 0:00:00
2025-08-20T20:59:01.2875416Z #33 13.94 Downloading billiard-4.2.1-py3-none-any.whl (86 kB)
2025-08-20T20:59:01.2877497Z #33 13.97 Downloading boto3-1.40.14-py3-none-any.whl (140 kB)
2025-08-20T20:59:01.2878439Z #33 14.00 Downloading cachetools-4.2.4-py3-none-any.whl (10 kB)
2025-08-20T20:59:01.2879129Z #33 14.01 Downloading click-8.2.1-py3-none-any.whl (102 kB)
2025-08-20T20:59:01.2879989Z #33 14.05 Downloading click_didyoumean-0.3.1-py3-none-any.whl (3.6 kB)
2025-08-20T20:59:01.4237581Z #33 14.07 Downloading click_plugins-1.1.1.2-py2.py3-none-any.whl (11 kB)
2025-08-20T20:59:01.4238198Z #33 14.09 Downloading click_repl-0.3.0-py3-none-any.whl (10 kB)
2025-08-20T20:59:01.4238584Z #33 14.11 Downloading confuse-1.4.0-py2.py3-none-any.whl (21 kB)
2025-08-20T20:59:01.4238946Z #33 14.12 Downloading kombu-5.5.4-py3-none-any.whl (210 kB)
2025-08-20T20:59:01.4239268Z #33 14.15 Downloading vine-5.1.0-py3-none-any.whl (9.6 kB)
2025-08-20T20:59:01.5305432Z #33 ...
2025-08-20T20:59:01.5308705Z 
2025-08-20T20:59:01.5309022Z #44 [fees_h10 stage-1 3/5] COPY --from=base /usr/local /usr/local
2025-08-20T20:59:01.5309565Z #44 DONE 1.8s
2025-08-20T20:59:01.5309744Z 
2025-08-20T20:59:01.5309971Z #45 [fees_h10 stage-1 4/5] COPY --from=base /app /app
2025-08-20T20:59:01.5310420Z #45 DONE 0.0s
2025-08-20T20:59:01.5310588Z 
2025-08-20T20:59:01.5311212Z #33 [celery_worker base 4/5] RUN if [ -n "" ] && [ -f "" ]; then         pip install -r requirements.txt -c "";     else         pip install -r requirements.txt;     fi
2025-08-20T20:59:01.5312221Z #33 14.19 Downloading multimethod-1.10-py3-none-any.whl (9.9 kB)
2025-08-20T20:59:01.5312852Z #33 14.22 Downloading packaging-25.0-py3-none-any.whl (66 kB)
2025-08-20T20:59:01.5313473Z #33 14.24 Downloading pydantic-2.11.7-py3-none-any.whl (444 kB)
2025-08-20T20:59:01.5314333Z #33 14.27 Downloading pydantic_core-2.33.2-cp312-cp312-manylinux_2_17_x86_64.manylinux2014_x86_64.whl (2.0 MB)
2025-08-20T20:59:01.6587866Z #33 ...
2025-08-20T20:59:01.6589834Z 
2025-08-20T20:59:01.6590098Z #46 [fees_h10 stage-1 5/5] RUN chmod +x ./start.sh
2025-08-20T20:59:01.6590574Z #46 DONE 0.1s
2025-08-20T20:59:01.6590756Z 
2025-08-20T20:59:01.6591382Z #33 [celery_worker base 4/5] RUN if [ -n "" ] && [ -f "" ]; then         pip install -r requirements.txt -c "";     else         pip install -r requirements.txt;     fi
2025-08-20T20:59:01.6593009Z #33 14.29    ━━━━━━━━━━━━━━━━━━━━━━━━━━━━━━━━━━━━━━━━ 2.0/2.0 MB 118.1 MB/s eta 0:00:00
2025-08-20T20:59:01.6593592Z #33 14.31 Downloading PyJWT-2.10.1-py3-none-any.whl (22 kB)
2025-08-20T20:59:01.6594270Z #33 14.33 Downloading python_dateutil-2.9.0.post0-py2.py3-none-any.whl (229 kB)
2025-08-20T20:59:01.6594962Z #33 14.35 Downloading python_dotenv-1.1.1-py3-none-any.whl (20 kB)
2025-08-20T20:59:01.6595546Z #33 14.37 Downloading pytz-2025.2-py2.py3-none-any.whl (509 kB)
2025-08-20T20:59:01.6596125Z #33 14.39 Downloading requests-2.32.5-py3-none-any.whl (64 kB)
2025-08-20T20:59:01.7571883Z #33 14.42 Downloading certifi-2025.8.3-py3-none-any.whl (161 kB)
2025-08-20T20:59:01.7573911Z #33 14.45 Downloading six-1.17.0-py2.py3-none-any.whl (11 kB)
2025-08-20T20:59:01.7574508Z #33 14.48 Downloading typing_inspect-0.9.0-py3-none-any.whl (8.8 kB)
2025-08-20T20:59:01.7575398Z #33 14.50 Downloading tzdata-2025.2-py2.py3-none-any.whl (347 kB)
2025-08-20T20:59:01.7575950Z #33 14.52 Downloading urllib3-2.5.0-py3-none-any.whl (129 kB)
2025-08-20T20:59:01.8762782Z #33 14.54 Downloading aiohttp-3.12.15-cp312-cp312-manylinux_2_17_x86_64.manylinux2014_x86_64.whl (1.7 MB)
2025-08-20T20:59:01.8767352Z #33 14.56    ━━━━━━━━━━━━━━━━━━━━━━━━━━━━━━━━━━━━━━━━ 1.7/1.7 MB 82.9 MB/s eta 0:00:00
2025-08-20T20:59:01.8768013Z #33 14.58 Downloading et_xmlfile-2.0.0-py3-none-any.whl (18 kB)
2025-08-20T20:59:01.8768898Z #33 14.60 Downloading pycryptodome-3.23.0-cp37-abi3-manylinux_2_17_x86_64.manylinux2014_x86_64.whl (2.3 MB)
2025-08-20T20:59:01.9829014Z #33 14.64    ━━━━━━━━━━━━━━━━━━━━━━━━━━━━━━━━━━━━━━━━ 2.3/2.3 MB 61.5 MB/s eta 0:00:00
2025-08-20T20:59:01.9829726Z #33 14.66 Downloading tqdm-4.67.1-py3-none-any.whl (78 kB)
2025-08-20T20:59:01.9830350Z #33 14.68 Downloading typeguard-4.4.4-py3-none-any.whl (34 kB)
2025-08-20T20:59:01.9831306Z #33 14.70 Downloading wrapt-1.17.3-cp312-cp312-manylinux1_x86_64.manylinux_2_28_x86_64.manylinux_2_5_x86_64.whl (88 kB)
2025-08-20T20:59:01.9832241Z #33 14.73 Downloading aiohappyeyeballs-2.6.1-py3-none-any.whl (15 kB)
2025-08-20T20:59:01.9832928Z #33 14.74 Downloading aiosignal-1.4.0-py3-none-any.whl (7.5 kB)
2025-08-20T20:59:02.1846033Z #33 14.76 Downloading amqp-5.3.1-py3-none-any.whl (50 kB)
2025-08-20T20:59:02.1850061Z #33 14.79 Downloading annotated_types-0.7.0-py3-none-any.whl (13 kB)
2025-08-20T20:59:02.1850743Z #33 14.82 Downloading attrs-25.3.0-py3-none-any.whl (63 kB)
2025-08-20T20:59:02.1851361Z #33 14.83 Downloading botocore-1.40.14-py3-none-any.whl (14.0 MB)
2025-08-20T20:59:02.2954419Z #33 14.94    ━━━━━━━━━━━━━━━━━━━━━━━━━━━━━━━━━━━━━━━━ 14.0/14.0 MB 129.9 MB/s eta 0:00:00
2025-08-20T20:59:02.2955546Z #33 14.96 Downloading charset_normalizer-3.4.3-cp312-cp312-manylinux2014_x86_64.manylinux_2_17_x86_64.manylinux_2_28_x86_64.whl (151 kB)
2025-08-20T20:59:02.2957217Z #33 14.99 Downloading frozenlist-1.7.0-cp312-cp312-manylinux_2_5_x86_64.manylinux1_x86_64.manylinux_2_17_x86_64.manylinux2014_x86_64.whl (241 kB)
2025-08-20T20:59:02.2958253Z #33 15.01 Downloading idna-3.10-py3-none-any.whl (70 kB)
2025-08-20T20:59:02.2958845Z #33 15.04 Downloading jmespath-1.0.1-py3-none-any.whl (20 kB)
2025-08-20T20:59:02.3961640Z #33 15.06 Downloading multidict-6.6.4-cp312-cp312-manylinux2014_x86_64.manylinux_2_17_x86_64.manylinux_2_28_x86_64.whl (256 kB)
2025-08-20T20:59:02.3962732Z #33 15.08 Downloading mypy_extensions-1.1.0-py3-none-any.whl (5.0 kB)
2025-08-20T20:59:02.3963437Z #33 15.11 Downloading prompt_toolkit-3.0.51-py3-none-any.whl (387 kB)
2025-08-20T20:59:02.3964322Z #33 15.14 Downloading propcache-0.3.2-cp312-cp312-manylinux_2_17_x86_64.manylinux2014_x86_64.whl (224 kB)
2025-08-20T20:59:02.5033616Z #33 15.16 Downloading s3transfer-0.13.1-py3-none-any.whl (85 kB)
2025-08-20T20:59:02.5034348Z #33 15.18 Downloading typing_extensions-4.14.1-py3-none-any.whl (43 kB)
2025-08-20T20:59:02.5035048Z #33 15.22 Downloading typing_inspection-0.4.1-py3-none-any.whl (14 kB)
2025-08-20T20:59:02.5035887Z #33 15.24 Downloading yarl-1.20.1-cp312-cp312-manylinux_2_17_x86_64.manylinux2014_x86_64.whl (355 kB)
2025-08-20T20:59:02.6798823Z #33 15.26 Downloading PyYAML-6.0.2-cp312-cp312-manylinux_2_17_x86_64.manylinux2014_x86_64.whl (767 kB)
2025-08-20T20:59:02.6800119Z #33 15.27    ━━━━━━━━━━━━━━━━━━━━━━━━━━━━━━━━━━━━━━━━ 767.5/767.5 kB 94.2 MB/s eta 0:00:00
2025-08-20T20:59:02.6800746Z #33 15.29 Downloading wcwidth-0.2.13-py2.py3-none-any.whl (34 kB)
2025-08-20T20:59:02.8631161Z #33 ...
2025-08-20T20:59:02.8632710Z 
2025-08-20T20:59:02.8632906Z #47 [fees_h10] exporting to image
2025-08-20T20:59:02.8633367Z #47 exporting layers 1.1s done
2025-08-20T20:59:02.8634070Z #47 writing image sha256:9818c1b5f3488b64836f3a4328ed525e645281b6ca0800cd1f70b32df8394b88 done
2025-08-20T20:59:02.8634900Z #47 naming to docker.io/library/awa-app-fees_h10 done
2025-08-20T20:59:02.8635391Z #47 DONE 1.1s
2025-08-20T20:59:02.8635575Z 
2025-08-20T20:59:02.8636101Z #48 [fees_h10] resolving provenance for metadata file
2025-08-20T20:59:02.8636878Z #48 DONE 0.0s
2025-08-20T20:59:03.0134584Z 
2025-08-20T20:59:03.0135790Z #33 [celery_worker base 4/5] RUN if [ -n "" ] && [ -f "" ]; then         pip install -r requirements.txt -c "";     else         pip install -r requirements.txt;     fi
2025-08-20T20:59:03.0140840Z #33 15.62 Installing collected packages: wcwidth, pytz, wrapt, vine, urllib3, tzdata, typing-extensions, tqdm, six, pyyaml, python-dotenv, PyJWT, pycryptodome, psycopg2-binary, propcache, prompt-toolkit, packaging, numpy, mypy-extensions, multimethod, multidict, jmespath, idna, frozenlist, et-xmlfile, click, charset_normalizer, certifi, cachetools, billiard, attrs, annotated-types, aiohappyeyeballs, yarl, typing-inspection, typing-inspect, typeguard, requests, redis, python-dateutil, pydantic-core, openpyxl, minio, confuse, click-repl, click-plugins, click-didyoumean, amqp, aiosignal, pydantic, pandas, kombu, botocore, aiohttp, s3transfer, pydantic-settings, pandera, keepa, celery, boto3, python-amazon-sp-api
2025-08-20T20:59:09.0414265Z #33 ...
2025-08-20T20:59:09.0414526Z 
2025-08-20T20:59:09.0414851Z #35 [api base  4/13] RUN pip install --no-cache-dir -r requirements.txt
2025-08-20T20:59:09.0419901Z #35 13.98 Installing collected packages: wcwidth, websockets, vine, uvloop, urllib3, ujson, tzdata, typing-extensions, structlog, sniffio, six, shellingham, redis, pyyaml, python-multipart, python-dotenv, pygments, psycopg-binary, prompt-toolkit, packaging, orjson, mdurl, MarkupSafe, jmespath, idna, httptools, h11, greenlet, dnspython, click, certifi, billiard, asyncpg, annotated-types, uvicorn, typing-inspection, sqlalchemy, sentry-sdk, python-dateutil, pydantic-core, psycopg, markdown-it-py, Mako, Jinja2, httpcore, email_validator, click-repl, click-plugins, click-didyoumean, anyio, amqp, watchfiles, starlette, rich, pydantic, kombu, httpx, botocore, alembic, typer, s3transfer, rich-toolkit, pydantic-settings, celery, asgi-correlation-id, fastapi-cli, boto3, fastapi, fastapi-limiter
2025-08-20T20:59:09.0430138Z #35 20.87 Successfully installed Jinja2-3.1.5 Mako-1.3.10 MarkupSafe-3.0.2 alembic-1.13.1 amqp-5.3.1 annotated-types-0.7.0 anyio-4.10.0 asgi-correlation-id-4.3.1 asyncpg-0.29.0 billiard-4.2.1 boto3-1.34.162 botocore-1.34.162 celery-5.3.6 certifi-2025.8.3 click-8.2.1 click-didyoumean-0.3.1 click-plugins-1.1.1.2 click-repl-0.3.0 dnspython-2.7.0 email_validator-2.2.0 fastapi-0.111.0 fastapi-cli-0.0.8 fastapi-limiter-0.1.6 greenlet-3.2.4 h11-0.16.0 httpcore-1.0.9 httptools-0.6.4 httpx-0.27.2 idna-3.10 jmespath-1.0.1 kombu-5.5.4 markdown-it-py-4.0.0 mdurl-0.1.2 orjson-3.11.2 packaging-25.0 prompt-toolkit-3.0.51 psycopg-3.2.9 psycopg-binary-3.2.9 pydantic-2.11.7 pydantic-core-2.33.2 pydantic-settings-2.2.1 pygments-2.19.2 python-dateutil-2.9.0.post0 python-dotenv-1.1.1 python-multipart-0.0.20 pyyaml-6.0.2 redis-5.0.8 rich-14.1.0 rich-toolkit-0.15.0 s3transfer-0.10.4 sentry-sdk-2.9.0 shellingham-1.5.4 six-1.17.0 sniffio-1.3.1 sqlalchemy-2.0.29 starlette-0.37.2 structlog-24.1.0 typer-0.16.1 typing-extensions-4.14.1 typing-inspection-0.4.1 tzdata-2025.2 ujson-5.11.0 urllib3-2.5.0 uvicorn-0.29.0 uvloop-0.21.0 vine-5.1.0 watchfiles-1.1.0 wcwidth-0.2.13 websockets-15.0.1
2025-08-20T20:59:09.0438617Z #35 20.87 WARNING: Running pip as the 'root' user can result in broken permissions and conflicting behaviour with the system package manager, possibly rendering your system unusable. It is recommended to use a virtual environment instead: https://pip.pypa.io/warnings/venv. Use the --root-user-action option if you know what you are doing and want to suppress this warning.
2025-08-20T20:59:09.0440803Z #35 20.95 
2025-08-20T20:59:09.0441207Z #35 20.95 [notice] A new release of pip is available: 25.0.1 -> 25.2
2025-08-20T20:59:09.0441823Z #35 20.95 [notice] To update, run: pip install --upgrade pip
2025-08-20T20:59:09.0442272Z #35 DONE 21.8s
2025-08-20T20:59:09.2673018Z 
2025-08-20T20:59:09.2673479Z #49 [api base  5/13] COPY services/api/ ./services/api
2025-08-20T20:59:09.2673979Z #49 DONE 0.0s
2025-08-20T20:59:09.2674145Z 
2025-08-20T20:59:09.2674678Z #50 [api base  6/13] COPY services/common/ ./services/common
2025-08-20T20:59:09.2675172Z #50 DONE 0.0s
2025-08-20T20:59:09.2675357Z 
2025-08-20T20:59:09.2675565Z #51 [api base  7/13] COPY services/ingest/ ./services/ingest
2025-08-20T20:59:09.2676030Z #51 DONE 0.0s
2025-08-20T20:59:09.2676191Z 
2025-08-20T20:59:09.2676371Z #52 [api base  8/13] COPY services/etl/ ./services/etl
2025-08-20T20:59:09.2677677Z #52 DONE 0.0s
2025-08-20T20:59:09.2677843Z 
2025-08-20T20:59:09.2677986Z #53 [api base  9/13] COPY api/ ./api
2025-08-20T20:59:09.2678348Z #53 DONE 0.0s
2025-08-20T20:59:09.2678500Z 
2025-08-20T20:59:09.2678742Z #54 [api base 10/13] COPY services/api/alembic.ini ./alembic.ini
2025-08-20T20:59:09.2679210Z #54 DONE 0.0s
2025-08-20T20:59:09.2679372Z 
2025-08-20T20:59:09.2679521Z #55 [api base 11/13] COPY alembic/ ./alembic/
2025-08-20T20:59:09.2679899Z #55 DONE 0.0s
2025-08-20T20:59:09.2680055Z 
2025-08-20T20:59:09.2680303Z #56 [api base 12/13] COPY services/api/entrypoint.sh ./entrypoint.sh
2025-08-20T20:59:09.2680786Z #56 DONE 0.0s
2025-08-20T20:59:09.2680944Z 
2025-08-20T20:59:09.2681103Z #57 [api base 13/13] RUN chmod +x ./entrypoint.sh
2025-08-20T20:59:09.2681519Z #57 DONE 0.1s
2025-08-20T20:59:09.2681674Z 
2025-08-20T20:59:09.2682254Z #33 [celery_worker base 4/5] RUN if [ -n "" ] && [ -f "" ]; then         pip install -r requirements.txt -c "";     else         pip install -r requirements.txt;     fi
2025-08-20T20:59:10.2282236Z #33 ...
2025-08-20T20:59:10.2308661Z 
2025-08-20T20:59:10.2311974Z #58 [api stage-1 4/6] COPY --from=base /usr/local /usr/local
2025-08-20T20:59:12.1282976Z #58 DONE 1.9s
2025-08-20T20:59:12.1283220Z 
2025-08-20T20:59:12.1283752Z #33 [celery_worker base 4/5] RUN if [ -n "" ] && [ -f "" ]; then         pip install -r requirements.txt -c "";     else         pip install -r requirements.txt;     fi
2025-08-20T20:59:12.2758181Z #33 ...
2025-08-20T20:59:12.2762834Z 
2025-08-20T20:59:12.2763541Z #59 [api stage-1 5/6] COPY --from=base /app /app
2025-08-20T20:59:12.2764963Z #59 DONE 0.0s
2025-08-20T20:59:12.2765141Z 
2025-08-20T20:59:12.2765344Z #60 [api stage-1 6/6] RUN chmod +x /app/entrypoint.sh
2025-08-20T20:59:12.2765816Z #60 DONE 0.1s
2025-08-20T20:59:12.4280045Z 
2025-08-20T20:59:12.4280478Z #61 [api] exporting to image
2025-08-20T20:59:12.4280879Z #61 exporting layers
2025-08-20T20:59:14.6076611Z #61 exporting layers 2.3s done
2025-08-20T20:59:14.7793061Z #61 writing image sha256:a6a1723085c8ceb51dba150444ccaf7b3d4cab64e8c77a7ddc933afd70128061 done
2025-08-20T20:59:14.7793883Z #61 naming to docker.io/library/awa-app-api done
2025-08-20T20:59:14.7794290Z #61 DONE 2.3s
2025-08-20T20:59:14.7794451Z 
2025-08-20T20:59:14.7794618Z #62 [api] resolving provenance for metadata file
2025-08-20T20:59:14.7795012Z #62 DONE 0.0s
2025-08-20T20:59:14.7795161Z 
2025-08-20T20:59:14.7795707Z #33 [celery_worker base 4/5] RUN if [ -n "" ] && [ -f "" ]; then         pip install -r requirements.txt -c "";     else         pip install -r requirements.txt;     fi
2025-08-20T20:59:14.7801547Z #33 27.12 Successfully installed PyJWT-2.10.1 aiohappyeyeballs-2.6.1 aiohttp-3.12.15 aiosignal-1.4.0 amqp-5.3.1 annotated-types-0.7.0 attrs-25.3.0 billiard-4.2.1 boto3-1.40.14 botocore-1.40.14 cachetools-4.2.4 celery-5.3.6 certifi-2025.8.3 charset_normalizer-3.4.3 click-8.2.1 click-didyoumean-0.3.1 click-plugins-1.1.1.2 click-repl-0.3.0 confuse-1.4.0 et-xmlfile-2.0.0 frozenlist-1.7.0 idna-3.10 jmespath-1.0.1 keepa-1.3.14 kombu-5.5.4 minio-7.1.15 multidict-6.6.4 multimethod-1.10 mypy-extensions-1.1.0 numpy-1.26.4 openpyxl-3.1.5 packaging-25.0 pandas-2.2.3 pandera-0.19.3 prompt-toolkit-3.0.51 propcache-0.3.2 psycopg2-binary-2.9.10 pycryptodome-3.23.0 pydantic-2.11.7 pydantic-core-2.33.2 pydantic-settings-2.2.1 python-amazon-sp-api-0.8.0 python-dateutil-2.9.0.post0 python-dotenv-1.1.1 pytz-2025.2 pyyaml-6.0.2 redis-5.3.1 requests-2.32.5 s3transfer-0.13.1 six-1.17.0 tqdm-4.67.1 typeguard-4.4.4 typing-extensions-4.14.1 typing-inspect-0.9.0 typing-inspection-0.4.1 tzdata-2025.2 urllib3-2.5.0 vine-5.1.0 wcwidth-0.2.13 wrapt-1.17.3 yarl-1.20.1
2025-08-20T20:59:14.7808903Z #33 27.12 WARNING: Running pip as the 'root' user can result in broken permissions and conflicting behaviour with the system package manager, possibly rendering your system unusable. It is recommended to use a virtual environment instead: https://pip.pypa.io/warnings/venv. Use the --root-user-action option if you know what you are doing and want to suppress this warning.
2025-08-20T20:59:14.7811027Z #33 27.24 
2025-08-20T20:59:14.7811382Z #33 27.24 [notice] A new release of pip is available: 25.0.1 -> 25.2
2025-08-20T20:59:14.7811944Z #33 27.24 [notice] To update, run: pip install --upgrade pip
2025-08-20T20:59:14.9746401Z #33 DONE 27.6s
2025-08-20T20:59:14.9746840Z 
2025-08-20T20:59:14.9746988Z #63 [etl base 5/5] COPY services/etl/ .
2025-08-20T20:59:14.9747313Z #63 DONE 0.0s
2025-08-20T20:59:16.0262428Z 
2025-08-20T20:59:16.0263319Z #64 [etl stage-1 3/9] COPY --from=base /usr/local /usr/local
2025-08-20T20:59:18.6357608Z #64 DONE 2.5s
2025-08-20T20:59:18.6357809Z 
2025-08-20T20:59:18.6357943Z #65 [etl stage-1 4/9] COPY --from=base /app /app
2025-08-20T20:59:18.6358239Z #65 DONE 0.0s
2025-08-20T20:59:18.6358349Z 
2025-08-20T20:59:18.6359140Z #66 [celery_worker stage-1 5/9] RUN set -eux;     if [ -f /etc/apt/sources.list ]; then         sed -i 's|http://deb.debian.org|https://deb.debian.org|g' /etc/apt/sources.list;     fi;     apt-get update;     apt-get install -y --no-install-recommends tzdata;     rm -rf /var/lib/apt/lists/*
2025-08-20T20:59:18.6360258Z #66 0.104 + [ -f /etc/apt/sources.list ]
2025-08-20T20:59:18.6360513Z #66 0.104 + apt-get update
2025-08-20T20:59:18.7383900Z #66 0.171 Hit:1 http://deb.debian.org/debian trixie InRelease
2025-08-20T20:59:18.7384369Z #66 0.180 Get:2 http://deb.debian.org/debian trixie-updates InRelease [47.1 kB]
2025-08-20T20:59:18.7384851Z #66 0.206 Get:3 http://deb.debian.org/debian-security trixie-security InRelease [43.4 kB]
2025-08-20T20:59:18.8592251Z #66 0.224 Get:4 http://deb.debian.org/debian trixie/main amd64 Packages [9668 kB]
2025-08-20T20:59:19.0235421Z #66 0.327 Get:5 http://deb.debian.org/debian trixie-updates/main amd64 Packages [2432 B]
2025-08-20T20:59:19.0236274Z #66 0.341 Get:6 http://deb.debian.org/debian-security trixie-security/main amd64 Packages [20.5 kB]
2025-08-20T20:59:19.6398513Z #66 0.957 Fetched 9781 kB in 1s (11.7 MB/s)
2025-08-20T20:59:19.9175265Z #66 0.957 Reading package lists...
2025-08-20T20:59:20.0844885Z #66 1.394 + apt-get install -y --no-install-recommends tzdata
2025-08-20T20:59:20.4623713Z #66 1.402 Reading package lists...
2025-08-20T20:59:20.4624143Z #66 1.833 Building dependency tree...
2025-08-20T20:59:20.4624520Z #66 1.930 Reading state information...
2025-08-20T20:59:20.7675092Z #66 2.057 tzdata is already the newest version (2025b-4).
2025-08-20T20:59:20.7676193Z #66 2.057 0 upgraded, 0 newly installed, 0 to remove and 0 not upgraded.
2025-08-20T20:59:20.7680730Z #66 2.058 + rm -rf /var/lib/apt/lists/auxfiles /var/lib/apt/lists/deb.debian.org_debian-security_dists_trixie-security_InRelease /var/lib/apt/lists/deb.debian.org_debian-security_dists_trixie-security_main_binary-amd64_Packages.lz4 /var/lib/apt/lists/deb.debian.org_debian_dists_trixie-updates_InRelease /var/lib/apt/lists/deb.debian.org_debian_dists_trixie-updates_main_binary-amd64_Packages.lz4 /var/lib/apt/lists/deb.debian.org_debian_dists_trixie_InRelease /var/lib/apt/lists/deb.debian.org_debian_dists_trixie_main_binary-amd64_Packages.lz4 /var/lib/apt/lists/lock /var/lib/apt/lists/partial
2025-08-20T20:59:20.7685147Z #66 DONE 2.1s
2025-08-20T20:59:20.7685356Z 
2025-08-20T20:59:20.7685722Z #67 [etl stage-1 6/9] COPY services/etl/wait-for-it.sh /usr/local/bin/wait-for-it.sh
2025-08-20T20:59:20.7686389Z #67 DONE 0.0s
2025-08-20T20:59:20.7687179Z 
2025-08-20T20:59:20.7687408Z #68 [etl stage-1 7/9] RUN chmod +x /usr/local/bin/wait-for-it.sh
2025-08-20T20:59:20.9034676Z #68 DONE 0.1s
2025-08-20T20:59:20.9034955Z 
2025-08-20T20:59:20.9036173Z #69 [celery_worker stage-1 8/9] COPY services/etl/entrypoint.sh /app/entrypoint.sh
2025-08-20T20:59:20.9037439Z #69 DONE 0.0s
2025-08-20T20:59:20.9037630Z 
2025-08-20T20:59:20.9037811Z #70 [etl stage-1 9/9] RUN chmod +x /app/entrypoint.sh
2025-08-20T20:59:21.0557201Z #70 DONE 0.1s
2025-08-20T20:59:21.0557610Z 
2025-08-20T20:59:21.0557757Z #71 [etl] exporting to image
2025-08-20T20:59:21.0558144Z #71 exporting layers
2025-08-20T20:59:24.0519616Z #71 exporting layers 3.1s done
2025-08-20T20:59:24.0520308Z #71 writing image sha256:d8104a6f3985445f0e407070f659b2faed4a8c7e2f94277986895c316e67ae6b done
2025-08-20T20:59:24.0520769Z #71 naming to docker.io/library/awa-app-etl done
2025-08-20T20:59:24.0521097Z #71 DONE 3.1s
2025-08-20T20:59:24.0521250Z 
2025-08-20T20:59:24.0521400Z #72 [celery_worker] exporting to image
2025-08-20T20:59:24.0521811Z #72 exporting layers 3.1s done
2025-08-20T20:59:24.0522474Z #72 writing image sha256:d8104a6f3985445f0e407070f659b2faed4a8c7e2f94277986895c316e67ae6b done
2025-08-20T20:59:24.0523247Z #72 naming to docker.io/library/awa-app-celery_worker done
2025-08-20T20:59:24.0523722Z #72 DONE 3.1s
2025-08-20T20:59:24.0523881Z 
2025-08-20T20:59:24.0524088Z #73 [celery_worker] resolving provenance for metadata file
2025-08-20T20:59:24.0524370Z #73 DONE 0.0s
2025-08-20T20:59:24.0524462Z 
2025-08-20T20:59:24.0524563Z #74 [etl] resolving provenance for metadata file
2025-08-20T20:59:24.0524808Z #74 DONE 0.0s
2025-08-20T20:59:24.0524978Z  fees_h10  Built
2025-08-20T20:59:24.0525151Z  celery_worker  Built
2025-08-20T20:59:24.0525330Z  etl  Built
2025-08-20T20:59:24.0525475Z  api  Built
2025-08-20T20:59:24.0525634Z  postgres  Built
2025-08-20T20:59:24.0595957Z ##[group]Run export COMPOSE_DOCKER_CLI_BUILD=1 DOCKER_BUILDKIT=1
2025-08-20T20:59:24.0596401Z [36;1mexport COMPOSE_DOCKER_CLI_BUILD=1 DOCKER_BUILDKIT=1[0m
2025-08-20T20:59:24.0597068Z [36;1mdocker compose \[0m
2025-08-20T20:59:24.0597317Z [36;1m  -f docker-compose.yml \[0m
2025-08-20T20:59:24.0597564Z [36;1m  -f docker-compose.ci.yml \[0m
2025-08-20T20:59:24.0597837Z [36;1m  -f docker-compose.postgres.yml \[0m
2025-08-20T20:59:24.0598083Z [36;1m  pull[0m
2025-08-20T20:59:24.0639683Z shell: /usr/bin/bash -e {0}
2025-08-20T20:59:24.0639920Z env:
2025-08-20T20:59:24.0640134Z   GITHUB_SHA: ffc2160eb42abeb5c355654ec7b8603f52938c09
2025-08-20T20:59:24.0640398Z ##[endgroup]
2025-08-20T20:59:24.1652581Z  celery_worker Skipped - No image to be pulled 
2025-08-20T20:59:24.1653127Z  api Skipped - No image to be pulled 
2025-08-20T20:59:24.1653587Z  postgres Skipped - No image to be pulled 
2025-08-20T20:59:24.1654042Z  fees_h10 Skipped - No image to be pulled 
2025-08-20T20:59:24.1654545Z  etl Skipped - No image to be pulled 
2025-08-20T20:59:24.1654919Z  minio Pulling 
2025-08-20T20:59:24.1655195Z  redis Pulling 
2025-08-20T20:59:24.8326989Z  0368fd46e3c6 Pulling fs layer 
2025-08-20T20:59:24.8327454Z  4c55286bbede Pulling fs layer 
2025-08-20T20:59:24.8327809Z  5e28347af205 Pulling fs layer 
2025-08-20T20:59:24.8328144Z  311eca34042e Pulling fs layer 
2025-08-20T20:59:24.8328423Z  e6fe6f07e192 Pulling fs layer 
2025-08-20T20:59:24.8328640Z  a2cadbfeca72 Pulling fs layer 
2025-08-20T20:59:24.8328865Z  4f4fb700ef54 Pulling fs layer 
2025-08-20T20:59:24.8329460Z  a976ed7e7808 Pulling fs layer 
2025-08-20T20:59:24.8329682Z  311eca34042e Waiting 
2025-08-20T20:59:24.8329881Z  e6fe6f07e192 Waiting 
2025-08-20T20:59:24.8330066Z  a2cadbfeca72 Waiting 
2025-08-20T20:59:24.8330266Z  4f4fb700ef54 Waiting 
2025-08-20T20:59:24.8330447Z  a976ed7e7808 Waiting 
2025-08-20T20:59:24.8707899Z  dd15713b0f22 Pulling fs layer 
2025-08-20T20:59:24.8708294Z  fd312a3c94fc Pulling fs layer 
2025-08-20T20:59:24.8708846Z  02e05d20c69e Pulling fs layer 
2025-08-20T20:59:24.8709192Z  1f08d9fb7d7d Pulling fs layer 
2025-08-20T20:59:24.8709542Z  b452b5fb7338 Pulling fs layer 
2025-08-20T20:59:24.8710193Z  dd15713b0f22 Waiting 
2025-08-20T20:59:24.8710517Z  e14ab7c7ae26 Pulling fs layer 
2025-08-20T20:59:24.8710871Z  fd312a3c94fc Waiting 
2025-08-20T20:59:24.8711194Z  3bf7f4428838 Pulling fs layer 
2025-08-20T20:59:24.8711552Z  02e05d20c69e Waiting 
2025-08-20T20:59:24.8711871Z  adc9ba906e83 Pulling fs layer 
2025-08-20T20:59:24.8712234Z  1611ffcaf8be Pulling fs layer 
2025-08-20T20:59:24.8712605Z  1f08d9fb7d7d Waiting 
2025-08-20T20:59:24.8712915Z  e14ab7c7ae26 Waiting 
2025-08-20T20:59:24.8713239Z  b452b5fb7338 Waiting 
2025-08-20T20:59:24.8714183Z  3bf7f4428838 Waiting 
2025-08-20T20:59:24.8714518Z  1611ffcaf8be Waiting 
2025-08-20T20:59:25.0062077Z  4c55286bbede Downloading [=================================================> ]     935B/950B
2025-08-20T20:59:25.0063121Z  4c55286bbede Downloading [==================================================>]     950B/950B
2025-08-20T20:59:25.0063894Z  4c55286bbede Verifying Checksum 
2025-08-20T20:59:25.0064404Z  4c55286bbede Download complete 
2025-08-20T20:59:25.0173412Z  5e28347af205 Downloading [>                                                  ]    2.3kB/173.2kB
2025-08-20T20:59:25.0455694Z  5e28347af205 Verifying Checksum 
2025-08-20T20:59:25.0456901Z  5e28347af205 Download complete 
2025-08-20T20:59:25.0505671Z  0368fd46e3c6 Downloading [>                                                  ]  37.02kB/3.638MB
2025-08-20T20:59:25.1545225Z  0368fd46e3c6 Downloading [==========>                                        ]  784.8kB/3.638MB
2025-08-20T20:59:25.2375201Z  311eca34042e Downloading [>                                                  ]  10.51kB/1.003MB
2025-08-20T20:59:25.2618344Z  e6fe6f07e192 Downloading [>                                                  ]  126.4kB/12.41MB
2025-08-20T20:59:25.2706770Z  0368fd46e3c6 Downloading [========================>                          ]  1.801MB/3.638MB
2025-08-20T20:59:25.2897696Z  311eca34042e Verifying Checksum 
2025-08-20T20:59:25.2899416Z  311eca34042e Download complete 
2025-08-20T20:59:25.3726755Z  e6fe6f07e192 Downloading [==================>                                ]  4.586MB/12.41MB
2025-08-20T20:59:25.3760057Z  0368fd46e3c6 Downloading [======================================>            ]  2.837MB/3.638MB
2025-08-20T20:59:25.4132311Z  0368fd46e3c6 Downloading [==================================================>]  3.638MB/3.638MB
2025-08-20T20:59:25.4133411Z  0368fd46e3c6 Verifying Checksum 
2025-08-20T20:59:25.4133935Z  0368fd46e3c6 Download complete 
2025-08-20T20:59:25.4138699Z  0368fd46e3c6 Extracting [>                                                  ]  65.54kB/3.638MB
2025-08-20T20:59:25.4885675Z  a2cadbfeca72 Downloading [==================================================>]      99B/99B
2025-08-20T20:59:25.4887768Z  a2cadbfeca72 Verifying Checksum 
2025-08-20T20:59:25.4889220Z  a2cadbfeca72 Download complete 
2025-08-20T20:59:25.4940146Z  e6fe6f07e192 Downloading [============================>                      ]  6.982MB/12.41MB
2025-08-20T20:59:25.4967937Z  0368fd46e3c6 Extracting [==================================================>]  3.638MB/3.638MB
2025-08-20T20:59:25.5152144Z  0368fd46e3c6 Pull complete 
2025-08-20T20:59:25.5163095Z  4c55286bbede Extracting [==================================================>]     950B/950B
2025-08-20T20:59:25.5166979Z  4c55286bbede Extracting [==================================================>]     950B/950B
2025-08-20T20:59:25.5337827Z  4c55286bbede Pull complete 
2025-08-20T20:59:25.5347733Z  5e28347af205 Extracting [=========>                                         ]  32.77kB/173.2kB
2025-08-20T20:59:25.5362519Z  5e28347af205 Extracting [==================================================>]  173.2kB/173.2kB
2025-08-20T20:59:25.5622186Z  5e28347af205 Extracting [==================================================>]  173.2kB/173.2kB
2025-08-20T20:59:25.5952649Z  e6fe6f07e192 Downloading [===================================>               ]  8.854MB/12.41MB
2025-08-20T20:59:25.6263051Z  4f4fb700ef54 Downloading [==================================================>]      32B/32B
2025-08-20T20:59:25.6263697Z  4f4fb700ef54 Verifying Checksum 
2025-08-20T20:59:25.6264108Z  4f4fb700ef54 Download complete 
2025-08-20T20:59:25.6667218Z  5e28347af205 Pull complete 
2025-08-20T20:59:25.6678430Z  311eca34042e Extracting [=>                                                 ]  32.77kB/1.003MB
2025-08-20T20:59:25.6853336Z  311eca34042e Extracting [==================================================>]  1.003MB/1.003MB
2025-08-20T20:59:25.6857812Z  311eca34042e Extracting [==================================================>]  1.003MB/1.003MB
2025-08-20T20:59:25.6930520Z  311eca34042e Pull complete 
2025-08-20T20:59:25.7090896Z  a976ed7e7808 Downloading [==================================================>]     574B/574B
2025-08-20T20:59:25.7091726Z  a976ed7e7808 Verifying Checksum 
2025-08-20T20:59:25.7092279Z  a976ed7e7808 Download complete 
2025-08-20T20:59:25.7108826Z  e6fe6f07e192 Downloading [=========================================>         ]   10.3MB/12.41MB
2025-08-20T20:59:25.7437303Z  e6fe6f07e192 Download complete 
2025-08-20T20:59:25.7450047Z  e6fe6f07e192 Extracting [>                                                  ]  131.1kB/12.41MB
2025-08-20T20:59:25.8466378Z  e6fe6f07e192 Extracting [=============================>                     ]  7.209MB/12.41MB
2025-08-20T20:59:25.8880589Z  dd15713b0f22 Downloading [>                                                  ]  73.98kB/7.24MB
2025-08-20T20:59:25.9082364Z  e6fe6f07e192 Extracting [==================================================>]  12.41MB/12.41MB
2025-08-20T20:59:25.9240042Z  e6fe6f07e192 Pull complete 
2025-08-20T20:59:25.9250032Z  a2cadbfeca72 Extracting [==================================================>]      99B/99B
2025-08-20T20:59:25.9253775Z  a2cadbfeca72 Extracting [==================================================>]      99B/99B
2025-08-20T20:59:25.9309382Z  02e05d20c69e Downloading [>                                                  ]    2.3kB/122.7kB
2025-08-20T20:59:25.9388708Z  a2cadbfeca72 Pull complete 
2025-08-20T20:59:25.9402418Z  4f4fb700ef54 Extracting [==================================================>]      32B/32B
2025-08-20T20:59:25.9407838Z  4f4fb700ef54 Extracting [==================================================>]      32B/32B
2025-08-20T20:59:25.9420215Z  fd312a3c94fc Downloading [>                                                  ]  16.54kB/1.637MB
2025-08-20T20:59:25.9454207Z  02e05d20c69e Downloading [==================================================>]  122.7kB/122.7kB
2025-08-20T20:59:25.9454840Z  02e05d20c69e Verifying Checksum 
2025-08-20T20:59:25.9455240Z  02e05d20c69e Download complete 
2025-08-20T20:59:25.9481259Z  4f4fb700ef54 Pull complete 
2025-08-20T20:59:25.9491430Z  a976ed7e7808 Extracting [==================================================>]     574B/574B
2025-08-20T20:59:25.9496018Z  a976ed7e7808 Extracting [==================================================>]     574B/574B
2025-08-20T20:59:25.9577567Z  a976ed7e7808 Pull complete 
2025-08-20T20:59:25.9634774Z  redis Pulled 
2025-08-20T20:59:26.0038183Z  dd15713b0f22 Downloading [================================================>  ]  7.093MB/7.24MB
2025-08-20T20:59:26.0060877Z  fd312a3c94fc Verifying Checksum 
2025-08-20T20:59:26.0061305Z  fd312a3c94fc Download complete 
2025-08-20T20:59:26.0103397Z  dd15713b0f22 Verifying Checksum 
2025-08-20T20:59:26.0103821Z  dd15713b0f22 Download complete 
2025-08-20T20:59:26.0109292Z  dd15713b0f22 Extracting [>                                                  ]   98.3kB/7.24MB
2025-08-20T20:59:26.1115532Z  dd15713b0f22 Extracting [===================>                               ]  2.753MB/7.24MB
2025-08-20T20:59:26.1800348Z  1f08d9fb7d7d Downloading [>                                                  ]  396.7kB/39.39MB
2025-08-20T20:59:26.1966750Z  e14ab7c7ae26 Downloading [>                                                  ]   24.7kB/2.402MB
2025-08-20T20:59:26.2210869Z  dd15713b0f22 Extracting [============================================>      ]  6.488MB/7.24MB
2025-08-20T20:59:26.2241540Z  b452b5fb7338 Downloading [>                                                  ]  115.5kB/11.19MB
2025-08-20T20:59:26.2484060Z  dd15713b0f22 Extracting [==================================================>]   7.24MB/7.24MB
2025-08-20T20:59:26.2572325Z  dd15713b0f22 Pull complete 
2025-08-20T20:59:26.2581559Z  fd312a3c94fc Extracting [=>                                                 ]  32.77kB/1.637MB
2025-08-20T20:59:26.2910619Z  e14ab7c7ae26 Verifying Checksum 
2025-08-20T20:59:26.2911056Z  e14ab7c7ae26 Download complete 
2025-08-20T20:59:26.2940484Z  fd312a3c94fc Extracting [==================================================>]  1.637MB/1.637MB
2025-08-20T20:59:26.2967730Z  fd312a3c94fc Extracting [==================================================>]  1.637MB/1.637MB
2025-08-20T20:59:26.2975235Z  1f08d9fb7d7d Downloading [=====>                                             ]  4.017MB/39.39MB
2025-08-20T20:59:26.3243441Z  b452b5fb7338 Downloading [================>                                  ]  3.787MB/11.19MB
2025-08-20T20:59:26.3457991Z  fd312a3c94fc Pull complete 
2025-08-20T20:59:26.3485356Z  02e05d20c69e Extracting [=============>                                     ]  32.77kB/122.7kB
2025-08-20T20:59:26.3496060Z  02e05d20c69e Extracting [==================================================>]  122.7kB/122.7kB
2025-08-20T20:59:26.3497112Z  02e05d20c69e Extracting [==================================================>]  122.7kB/122.7kB
2025-08-20T20:59:26.3575020Z  02e05d20c69e Pull complete 
2025-08-20T20:59:26.3980685Z  1f08d9fb7d7d Downloading [==================>                                ]  14.95MB/39.39MB
2025-08-20T20:59:26.4370207Z  b452b5fb7338 Downloading [================================================>  ]  10.86MB/11.19MB
2025-08-20T20:59:26.4391554Z  b452b5fb7338 Verifying Checksum 
2025-08-20T20:59:26.4392371Z  b452b5fb7338 Download complete 
2025-08-20T20:59:26.4993530Z  3bf7f4428838 Downloading [>                                                  ]    2.3kB/180.3kB
2025-08-20T20:59:26.5048550Z  1f08d9fb7d7d Downloading [===========================>                       ]  21.43MB/39.39MB
2025-08-20T20:59:26.5272850Z  3bf7f4428838 Verifying Checksum 
2025-08-20T20:59:26.5273420Z  3bf7f4428838 Download complete 
2025-08-20T20:59:26.6090060Z  1f08d9fb7d7d Downloading [=========================================>         ]  32.31MB/39.39MB
2025-08-20T20:59:26.6531081Z  adc9ba906e83 Downloading [===>                                               ]     932B/11.88kB
2025-08-20T20:59:26.6532148Z  adc9ba906e83 Downloading [==================================================>]  11.88kB/11.88kB
2025-08-20T20:59:26.6532913Z  adc9ba906e83 Verifying Checksum 
2025-08-20T20:59:26.6533374Z  adc9ba906e83 Download complete 
2025-08-20T20:59:26.6790141Z  1f08d9fb7d7d Verifying Checksum 
2025-08-20T20:59:26.6790721Z  1f08d9fb7d7d Download complete 
2025-08-20T20:59:26.6876941Z  1f08d9fb7d7d Extracting [>                                                  ]    426kB/39.39MB
2025-08-20T20:59:26.7160490Z  1611ffcaf8be Downloading [==================================================>]     498B/498B
2025-08-20T20:59:26.7162070Z  1611ffcaf8be Verifying Checksum 
2025-08-20T20:59:26.7162742Z  1611ffcaf8be Download complete 
2025-08-20T20:59:26.7900892Z  1f08d9fb7d7d Extracting [===========>                                       ]  8.946MB/39.39MB
2025-08-20T20:59:26.8931645Z  1f08d9fb7d7d Extracting [=====================>                             ]  17.04MB/39.39MB
2025-08-20T20:59:26.9956956Z  1f08d9fb7d7d Extracting [=====================================>             ]  29.82MB/39.39MB
2025-08-20T20:59:27.0984872Z  1f08d9fb7d7d Extracting [================================================>  ]  37.91MB/39.39MB
2025-08-20T20:59:27.1159055Z  1f08d9fb7d7d Extracting [==================================================>]  39.39MB/39.39MB
2025-08-20T20:59:27.1520095Z  1f08d9fb7d7d Pull complete 
2025-08-20T20:59:27.1540465Z  b452b5fb7338 Extracting [>                                                  ]  131.1kB/11.19MB
2025-08-20T20:59:27.2549448Z  b452b5fb7338 Extracting [====================================>              ]  8.258MB/11.19MB
2025-08-20T20:59:27.2846812Z  b452b5fb7338 Extracting [==================================================>]  11.19MB/11.19MB
2025-08-20T20:59:27.2995238Z  b452b5fb7338 Pull complete 
2025-08-20T20:59:27.3003925Z  e14ab7c7ae26 Extracting [>                                                  ]  32.77kB/2.402MB
2025-08-20T20:59:27.3266795Z  e14ab7c7ae26 Extracting [==================================================>]  2.402MB/2.402MB
2025-08-20T20:59:27.3345889Z  e14ab7c7ae26 Pull complete 
2025-08-20T20:59:27.3355584Z  3bf7f4428838 Extracting [=========>                                         ]  32.77kB/180.3kB
2025-08-20T20:59:27.3399608Z  3bf7f4428838 Extracting [==================================================>]  180.3kB/180.3kB
2025-08-20T20:59:27.3414095Z  3bf7f4428838 Extracting [==================================================>]  180.3kB/180.3kB
2025-08-20T20:59:27.3490742Z  3bf7f4428838 Pull complete 
2025-08-20T20:59:27.3499840Z  adc9ba906e83 Extracting [==================================================>]  11.88kB/11.88kB
2025-08-20T20:59:27.3504612Z  adc9ba906e83 Extracting [==================================================>]  11.88kB/11.88kB
2025-08-20T20:59:27.3562680Z  adc9ba906e83 Pull complete 
2025-08-20T20:59:27.3572220Z  1611ffcaf8be Extracting [==================================================>]     498B/498B
2025-08-20T20:59:27.3574049Z  1611ffcaf8be Extracting [==================================================>]     498B/498B
2025-08-20T20:59:27.3639875Z  1611ffcaf8be Pull complete 
2025-08-20T20:59:27.3689476Z  minio Pulled 
2025-08-20T20:59:27.3759149Z ##[group]Run export COMPOSE_DOCKER_CLI_BUILD=1 DOCKER_BUILDKIT=1
2025-08-20T20:59:27.3759589Z [36;1mexport COMPOSE_DOCKER_CLI_BUILD=1 DOCKER_BUILDKIT=1[0m
2025-08-20T20:59:27.3759883Z [36;1mdocker compose \[0m
2025-08-20T20:59:27.3760106Z [36;1m  -f docker-compose.yml \[0m
2025-08-20T20:59:27.3760354Z [36;1m  -f docker-compose.ci.yml \[0m
2025-08-20T20:59:27.3760621Z [36;1m  -f docker-compose.postgres.yml \[0m
2025-08-20T20:59:27.3760915Z [36;1m  up -d --wait --no-build --pull always[0m
2025-08-20T20:59:27.3801592Z shell: /usr/bin/bash -e {0}
2025-08-20T20:59:27.3801814Z env:
2025-08-20T20:59:27.3802024Z   GITHUB_SHA: ffc2160eb42abeb5c355654ec7b8603f52938c09
2025-08-20T20:59:27.3802304Z ##[endgroup]
2025-08-20T20:59:27.4920863Z  minio Pulling 
2025-08-20T20:59:27.4921218Z  redis Pulling 
2025-08-20T20:59:27.8422433Z  minio Pulled 
2025-08-20T20:59:27.8470572Z  redis Pulled 
2025-08-20T20:59:27.8491091Z  Network awa-app_awa-net  Creating
2025-08-20T20:59:27.9001840Z  Network awa-app_awa-net  Created
2025-08-20T20:59:27.9008381Z  Volume "awa-app_miniodata"  Creating
2025-08-20T20:59:27.9020471Z  Volume "awa-app_miniodata"  Created
2025-08-20T20:59:27.9024216Z  Volume "awa-app_awa-data"  Creating
2025-08-20T20:59:27.9033139Z  Volume "awa-app_awa-data"  Created
2025-08-20T20:59:27.9036987Z  Volume "awa-app_awa-pgdata"  Creating
2025-08-20T20:59:27.9044979Z  Volume "awa-app_awa-pgdata"  Created
2025-08-20T20:59:27.9055007Z  Container awa-app-minio-1  Creating
2025-08-20T20:59:27.9057965Z  Container awa-app-redis-1  Creating
2025-08-20T20:59:27.9059480Z  Container awa-app-postgres-1  Creating
2025-08-20T20:59:27.9462859Z  Container awa-app-minio-1  Created
2025-08-20T20:59:27.9468030Z  Container awa-app-postgres-1  Created
2025-08-20T20:59:27.9469032Z  Container awa-app-etl-1  Creating
2025-08-20T20:59:27.9469614Z  Container awa-app-api-1  Creating
2025-08-20T20:59:27.9505084Z  Container awa-app-redis-1  Created
2025-08-20T20:59:27.9510599Z  Container awa-app-fees_h10-1  Creating
2025-08-20T20:59:27.9511400Z  Container awa-app-celery_worker-1  Creating
2025-08-20T20:59:27.9778631Z  Container awa-app-etl-1  Created
2025-08-20T20:59:27.9779706Z  Container awa-app-api-1  Created
2025-08-20T20:59:27.9819462Z  Container awa-app-celery_worker-1  Created
2025-08-20T20:59:27.9819971Z  Container awa-app-fees_h10-1  Created
2025-08-20T20:59:27.9835618Z  Container awa-app-postgres-1  Starting
2025-08-20T20:59:27.9837704Z  Container awa-app-redis-1  Starting
2025-08-20T20:59:27.9838174Z  Container awa-app-minio-1  Starting
2025-08-20T20:59:28.2143982Z  Container awa-app-postgres-1  Started
2025-08-20T20:59:28.2144432Z  Container awa-app-postgres-1  Waiting
2025-08-20T20:59:28.2246353Z  Container awa-app-redis-1  Started
2025-08-20T20:59:28.2250709Z  Container awa-app-postgres-1  Waiting
2025-08-20T20:59:28.2253752Z  Container awa-app-redis-1  Waiting
2025-08-20T20:59:28.2254046Z  Container awa-app-postgres-1  Waiting
2025-08-20T20:59:28.2386747Z  Container awa-app-minio-1  Started
2025-08-20T20:59:28.2388005Z  Container awa-app-postgres-1  Waiting
2025-08-20T20:59:33.7158037Z  Container awa-app-postgres-1  Healthy
2025-08-20T20:59:33.7158549Z  Container awa-app-api-1  Starting
2025-08-20T20:59:33.7257926Z  Container awa-app-redis-1  Healthy
2025-08-20T20:59:33.7261136Z  Container awa-app-postgres-1  Healthy
2025-08-20T20:59:33.7261704Z  Container awa-app-celery_worker-1  Starting
2025-08-20T20:59:33.7266161Z  Container awa-app-postgres-1  Healthy
2025-08-20T20:59:33.7267247Z  Container awa-app-fees_h10-1  Starting
2025-08-20T20:59:33.7403057Z  Container awa-app-postgres-1  Healthy
2025-08-20T20:59:33.7404052Z  Container awa-app-etl-1  Starting
2025-08-20T20:59:33.9215532Z  Container awa-app-celery_worker-1  Started
2025-08-20T20:59:33.9379800Z  Container awa-app-fees_h10-1  Started
2025-08-20T20:59:33.9548414Z  Container awa-app-api-1  Started
2025-08-20T20:59:33.9640043Z  Container awa-app-etl-1  Started
2025-08-20T20:59:33.9641144Z  Container awa-app-postgres-1  Waiting
2025-08-20T20:59:33.9643343Z  Container awa-app-celery_worker-1  Waiting
2025-08-20T20:59:33.9723087Z  Container awa-app-redis-1  Waiting
2025-08-20T20:59:33.9727424Z  Container awa-app-etl-1  Waiting
2025-08-20T20:59:33.9727891Z  Container awa-app-minio-1  Waiting
2025-08-20T20:59:33.9728326Z  Container awa-app-fees_h10-1  Waiting
2025-08-20T20:59:33.9728778Z  Container awa-app-api-1  Waiting
2025-08-20T20:59:34.4664032Z  Container awa-app-redis-1  Healthy
2025-08-20T20:59:34.4683201Z  Container awa-app-postgres-1  Healthy
2025-08-20T20:59:34.4687146Z  Container awa-app-minio-1  Healthy
2025-08-20T20:59:39.4651421Z  Container awa-app-api-1  Healthy
2025-08-20T21:00:03.9662498Z  Container awa-app-celery_worker-1  Healthy
2025-08-20T21:00:04.4656839Z  Container awa-app-etl-1  Healthy
2025-08-20T21:00:04.4657305Z  Container awa-app-fees_h10-1  Healthy
2025-08-20T21:00:04.4723315Z ##[group]Run for i in {1..60}; do pg_isready -h localhost -p 5432 && break; sleep 1; done
2025-08-20T21:00:04.4723811Z [36;1mfor i in {1..60}; do pg_isready -h localhost -p 5432 && break; sleep 1; done[0m
2025-08-20T21:00:04.4763772Z shell: /usr/bin/bash -e {0}
2025-08-20T21:00:04.4764001Z env:
2025-08-20T21:00:04.4764210Z   GITHUB_SHA: ffc2160eb42abeb5c355654ec7b8603f52938c09
2025-08-20T21:00:04.4764491Z ##[endgroup]
2025-08-20T21:00:04.5799756Z localhost:5432 - accepting connections
2025-08-20T21:00:04.5839022Z ##[group]Run [ "$(psql -U postgres -h localhost -tAc "select 1 from pg_database where datname='awa'")" = '1' ] || psql -U postgres -h localhost -c "create database awa"
2025-08-20T21:00:04.5839930Z [36;1m[ "$(psql -U postgres -h localhost -tAc "select 1 from pg_database where datname='awa'")" = '1' ] || psql -U postgres -h localhost -c "create database awa"[0m
2025-08-20T21:00:04.5879851Z shell: /usr/bin/bash -e {0}
2025-08-20T21:00:04.5880069Z env:
2025-08-20T21:00:04.5880273Z   GITHUB_SHA: ffc2160eb42abeb5c355654ec7b8603f52938c09
2025-08-20T21:00:04.5880548Z   PGPASSWORD: pass
2025-08-20T21:00:04.5880730Z ##[endgroup]
2025-08-20T21:00:04.6712775Z ##[group]Run docker compose \
2025-08-20T21:00:04.6713070Z [36;1mdocker compose \[0m
2025-08-20T21:00:04.6713296Z [36;1m  -f docker-compose.yml \[0m
2025-08-20T21:00:04.6713546Z [36;1m  -f docker-compose.ci.yml \[0m
2025-08-20T21:00:04.6713828Z [36;1m  -f docker-compose.postgres.yml \[0m
2025-08-20T21:00:04.6714088Z [36;1m  config | grep image:[0m
2025-08-20T21:00:04.6753588Z shell: /usr/bin/bash -e {0}
2025-08-20T21:00:04.6753805Z env:
2025-08-20T21:00:04.6754028Z   GITHUB_SHA: ffc2160eb42abeb5c355654ec7b8603f52938c09
2025-08-20T21:00:04.6754309Z ##[endgroup]
2025-08-20T21:00:04.7850006Z     image: minio/minio
2025-08-20T21:00:04.7850616Z     image: redis:7-alpine
2025-08-20T21:00:04.7893659Z ##[group]Run export COMPOSE_DOCKER_CLI_BUILD=1 DOCKER_BUILDKIT=1
2025-08-20T21:00:04.7894410Z [36;1mexport COMPOSE_DOCKER_CLI_BUILD=1 DOCKER_BUILDKIT=1[0m
2025-08-20T21:00:04.7894933Z [36;1mdocker compose ps[0m
2025-08-20T21:00:04.7937248Z shell: /usr/bin/bash -e {0}
2025-08-20T21:00:04.7937479Z env:
2025-08-20T21:00:04.7937693Z   GITHUB_SHA: ffc2160eb42abeb5c355654ec7b8603f52938c09
2025-08-20T21:00:04.7937959Z ##[endgroup]
2025-08-20T21:00:04.8992875Z NAME                      IMAGE                   COMMAND                  SERVICE         CREATED          STATUS                    PORTS
2025-08-20T21:00:04.8999681Z awa-app-api-1             awa-app-api             "bash /app/entrypoin…"   api             37 seconds ago   Up 31 seconds (healthy)   0.0.0.0:8000->8000/tcp, [::]:8000->8000/tcp
2025-08-20T21:00:04.9001386Z awa-app-celery_worker-1   awa-app-celery_worker   "/bin/bash /app/entr…"   celery_worker   37 seconds ago   Up 31 seconds (healthy)   
2025-08-20T21:00:04.9002953Z awa-app-etl-1             awa-app-etl             "/bin/bash /app/entr…"   etl             37 seconds ago   Up 31 seconds (healthy)   
2025-08-20T21:00:04.9004281Z awa-app-fees_h10-1        awa-app-fees_h10        "./start.sh celery -…"   fees_h10        37 seconds ago   Up 31 seconds (healthy)   
2025-08-20T21:00:04.9006105Z awa-app-minio-1           minio/minio             "/usr/bin/docker-ent…"   minio           37 seconds ago   Up 36 seconds             0.0.0.0:9000-9001->9000-9001/tcp, [::]:9000-9001->9000-9001/tcp
2025-08-20T21:00:04.9008305Z awa-app-postgres-1        awa-app-postgres        "docker-entrypoint.s…"   postgres        37 seconds ago   Up 36 seconds (healthy)   0.0.0.0:5432->5432/tcp, [::]:5432->5432/tcp
2025-08-20T21:00:04.9010240Z awa-app-redis-1           redis:7-alpine          "docker-entrypoint.s…"   redis           37 seconds ago   Up 36 seconds (healthy)   0.0.0.0:6379->6379/tcp, [::]:6379->6379/tcp
2025-08-20T21:00:04.9113817Z Post job cleanup.
2025-08-20T21:00:04.9916270Z [command]/usr/bin/git version
2025-08-20T21:00:04.9952750Z git version 2.51.0
2025-08-20T21:00:04.9991453Z Temporarily overriding HOME='/home/runner/work/_temp/067d0cc1-c979-4a73-8029-90f508999847' before making global git config changes
2025-08-20T21:00:04.9992673Z Adding repository directory to the temporary git global config as a safe directory
2025-08-20T21:00:04.9997217Z [command]/usr/bin/git config --global --add safe.directory /home/runner/work/AWA-App/AWA-App
2025-08-20T21:00:05.0033671Z [command]/usr/bin/git config --local --name-only --get-regexp core\.sshCommand
2025-08-20T21:00:05.0065898Z [command]/usr/bin/git submodule foreach --recursive sh -c "git config --local --name-only --get-regexp 'core\.sshCommand' && git config --local --unset-all 'core.sshCommand' || :"
2025-08-20T21:00:05.0304950Z [command]/usr/bin/git config --local --name-only --get-regexp http\.https\:\/\/github\.com\/\.extraheader
2025-08-20T21:00:05.0329352Z http.https://github.com/.extraheader
2025-08-20T21:00:05.0339237Z [command]/usr/bin/git config --local --unset-all http.https://github.com/.extraheader
2025-08-20T21:00:05.0370030Z [command]/usr/bin/git submodule foreach --recursive sh -c "git config --local --name-only --get-regexp 'http\.https\:\/\/github\.com\/\.extraheader' && git config --local --unset-all 'http.https://github.com/.extraheader' || :"
2025-08-20T21:00:05.0726039Z Cleaning up orphan processes
