2025-08-18T22:43:37.1523249Z Current runner version: '2.327.1'
2025-08-18T22:43:37.1552449Z ##[group]Runner Image Provisioner
2025-08-18T22:43:37.1553361Z Hosted Compute Agent
2025-08-18T22:43:37.1554025Z Version: 20250818.377
2025-08-18T22:43:37.1554860Z Commit: 3c593e9f75fe0b87e893bca80d6e12ba089c61fc
2025-08-18T22:43:37.1555548Z Build Date: 2025-08-18T14:52:18Z
2025-08-18T22:43:37.1556227Z ##[endgroup]
2025-08-18T22:43:37.1556727Z ##[group]Operating System
2025-08-18T22:43:37.1557313Z Ubuntu
2025-08-18T22:43:37.1557849Z 24.04.2
2025-08-18T22:43:37.1558331Z LTS
2025-08-18T22:43:37.1558762Z ##[endgroup]
2025-08-18T22:43:37.1559308Z ##[group]Runner Image
2025-08-18T22:43:37.1559818Z Image: ubuntu-24.04
2025-08-18T22:43:37.1560360Z Version: 20250810.1.0
2025-08-18T22:43:37.1561396Z Included Software: https://github.com/actions/runner-images/blob/ubuntu24/20250810.1/images/ubuntu/Ubuntu2404-Readme.md
2025-08-18T22:43:37.1562877Z Image Release: https://github.com/actions/runner-images/releases/tag/ubuntu24%2F20250810.1
2025-08-18T22:43:37.1563870Z ##[endgroup]
2025-08-18T22:43:37.1566513Z ##[group]GITHUB_TOKEN Permissions
2025-08-18T22:43:37.1568729Z Actions: write
2025-08-18T22:43:37.1569327Z Attestations: write
2025-08-18T22:43:37.1569875Z Checks: write
2025-08-18T22:43:37.1570405Z Contents: write
2025-08-18T22:43:37.1570899Z Deployments: write
2025-08-18T22:43:37.1571419Z Discussions: write
2025-08-18T22:43:37.1571989Z Issues: write
2025-08-18T22:43:37.1572466Z Metadata: read
2025-08-18T22:43:37.1572956Z Models: read
2025-08-18T22:43:37.1573401Z Packages: write
2025-08-18T22:43:37.1573970Z Pages: write
2025-08-18T22:43:37.1574675Z PullRequests: write
2025-08-18T22:43:37.1575261Z RepositoryProjects: write
2025-08-18T22:43:37.1575886Z SecurityEvents: write
2025-08-18T22:43:37.1576523Z Statuses: write
2025-08-18T22:43:37.1577027Z ##[endgroup]
2025-08-18T22:43:37.1579478Z Secret source: Actions
2025-08-18T22:43:37.1580209Z Prepare workflow directory
2025-08-18T22:43:37.2011900Z Prepare all required actions
2025-08-18T22:43:37.2067758Z Getting action download info
2025-08-18T22:43:37.5223051Z Download action repository 'actions/checkout@v4' (SHA:08eba0b27e820071cde6df949e0beb9ba4906955)
2025-08-18T22:43:37.9282332Z Download action repository 'actions/upload-artifact@v4' (SHA:ea165f8d65b6e75b540449e92b4886f43607fa02)
2025-08-18T22:43:38.1947337Z Complete job name: compose-health
2025-08-18T22:43:38.2645624Z ##[group]Run actions/checkout@v4
2025-08-18T22:43:38.2646433Z with:
2025-08-18T22:43:38.2646839Z   repository: AlexBomber12/AWA-App
2025-08-18T22:43:38.2647496Z   token: ***
2025-08-18T22:43:38.2647900Z   ssh-strict: true
2025-08-18T22:43:38.2648293Z   ssh-user: git
2025-08-18T22:43:38.2648696Z   persist-credentials: true
2025-08-18T22:43:38.2649138Z   clean: true
2025-08-18T22:43:38.2649534Z   sparse-checkout-cone-mode: true
2025-08-18T22:43:38.2650009Z   fetch-depth: 1
2025-08-18T22:43:38.2650387Z   fetch-tags: false
2025-08-18T22:43:38.2650792Z   show-progress: true
2025-08-18T22:43:38.2651189Z   lfs: false
2025-08-18T22:43:38.2651561Z   submodules: false
2025-08-18T22:43:38.2651982Z   set-safe-directory: true
2025-08-18T22:43:38.2652628Z ##[endgroup]
2025-08-18T22:43:38.3706016Z Syncing repository: AlexBomber12/AWA-App
2025-08-18T22:43:38.3707762Z ##[group]Getting Git version info
2025-08-18T22:43:38.3708430Z Working directory is '/home/runner/work/AWA-App/AWA-App'
2025-08-18T22:43:38.3709401Z [command]/usr/bin/git version
2025-08-18T22:43:38.3739418Z git version 2.50.1
2025-08-18T22:43:38.3765546Z ##[endgroup]
2025-08-18T22:43:38.3779307Z Temporarily overriding HOME='/home/runner/work/_temp/fdc7652c-53ef-46b5-936c-7a0c8609d946' before making global git config changes
2025-08-18T22:43:38.3781422Z Adding repository directory to the temporary git global config as a safe directory
2025-08-18T22:43:38.3791121Z [command]/usr/bin/git config --global --add safe.directory /home/runner/work/AWA-App/AWA-App
2025-08-18T22:43:38.3823486Z Deleting the contents of '/home/runner/work/AWA-App/AWA-App'
2025-08-18T22:43:38.3827285Z ##[group]Initializing the repository
2025-08-18T22:43:38.3830925Z [command]/usr/bin/git init /home/runner/work/AWA-App/AWA-App
2025-08-18T22:43:38.3882083Z hint: Using 'master' as the name for the initial branch. This default branch name
2025-08-18T22:43:38.3883557Z hint: is subject to change. To configure the initial branch name to use in all
2025-08-18T22:43:38.3885211Z hint: of your new repositories, which will suppress this warning, call:
2025-08-18T22:43:38.3886229Z hint:
2025-08-18T22:43:38.3886699Z hint: 	git config --global init.defaultBranch <name>
2025-08-18T22:43:38.3887249Z hint:
2025-08-18T22:43:38.3887779Z hint: Names commonly chosen instead of 'master' are 'main', 'trunk' and
2025-08-18T22:43:38.3888634Z hint: 'development'. The just-created branch can be renamed via this command:
2025-08-18T22:43:38.3889292Z hint:
2025-08-18T22:43:38.3889661Z hint: 	git branch -m <name>
2025-08-18T22:43:38.3890267Z hint:
2025-08-18T22:43:38.3890969Z hint: Disable this message with "git config set advice.defaultBranchName false"
2025-08-18T22:43:38.3891943Z Initialized empty Git repository in /home/runner/work/AWA-App/AWA-App/.git/
2025-08-18T22:43:38.3896406Z [command]/usr/bin/git remote add origin https://github.com/AlexBomber12/AWA-App
2025-08-18T22:43:38.3926226Z ##[endgroup]
2025-08-18T22:43:38.3926939Z ##[group]Disabling automatic garbage collection
2025-08-18T22:43:38.3929967Z [command]/usr/bin/git config --local gc.auto 0
2025-08-18T22:43:38.3957216Z ##[endgroup]
2025-08-18T22:43:38.3957901Z ##[group]Setting up auth
2025-08-18T22:43:38.3963743Z [command]/usr/bin/git config --local --name-only --get-regexp core\.sshCommand
2025-08-18T22:43:38.3992324Z [command]/usr/bin/git submodule foreach --recursive sh -c "git config --local --name-only --get-regexp 'core\.sshCommand' && git config --local --unset-all 'core.sshCommand' || :"
2025-08-18T22:43:38.4237110Z [command]/usr/bin/git config --local --name-only --get-regexp http\.https\:\/\/github\.com\/\.extraheader
2025-08-18T22:43:38.4264601Z [command]/usr/bin/git submodule foreach --recursive sh -c "git config --local --name-only --get-regexp 'http\.https\:\/\/github\.com\/\.extraheader' && git config --local --unset-all 'http.https://github.com/.extraheader' || :"
2025-08-18T22:43:38.4482989Z [command]/usr/bin/git config --local http.https://github.com/.extraheader AUTHORIZATION: basic ***
2025-08-18T22:43:38.4518004Z ##[endgroup]
2025-08-18T22:43:38.4519116Z ##[group]Fetching the repository
2025-08-18T22:43:38.4534956Z [command]/usr/bin/git -c protocol.version=2 fetch --no-tags --prune --no-recurse-submodules --depth=1 origin +883cd778482f1d4eac42eead6503456749191dd9:refs/remotes/origin/main
2025-08-18T22:43:38.7893721Z From https://github.com/AlexBomber12/AWA-App
2025-08-18T22:43:38.7895636Z  * [new ref]         883cd778482f1d4eac42eead6503456749191dd9 -> origin/main
2025-08-18T22:43:38.7918353Z ##[endgroup]
2025-08-18T22:43:38.7919825Z ##[group]Determining the checkout info
2025-08-18T22:43:38.7921389Z ##[endgroup]
2025-08-18T22:43:38.7925416Z [command]/usr/bin/git sparse-checkout disable
2025-08-18T22:43:38.7963272Z [command]/usr/bin/git config --local --unset-all extensions.worktreeConfig
2025-08-18T22:43:38.7992747Z ##[group]Checking out the ref
2025-08-18T22:43:38.7996054Z [command]/usr/bin/git checkout --progress --force -B main refs/remotes/origin/main
2025-08-18T22:43:38.8329669Z Switched to a new branch 'main'
2025-08-18T22:43:38.8331656Z branch 'main' set up to track 'origin/main'.
2025-08-18T22:43:38.8339258Z ##[endgroup]
2025-08-18T22:43:38.8374235Z [command]/usr/bin/git log -1 --format=%H
2025-08-18T22:43:38.8395835Z 883cd778482f1d4eac42eead6503456749191dd9
2025-08-18T22:43:38.8617772Z ##[group]Run echo "GITHUB_SHA=${GITHUB_SHA}" >> "$GITHUB_ENV"
2025-08-18T22:43:38.8619442Z [36;1mecho "GITHUB_SHA=${GITHUB_SHA}" >> "$GITHUB_ENV"[0m
2025-08-18T22:43:38.8686713Z shell: /usr/bin/bash -e {0}
2025-08-18T22:43:38.8687731Z ##[endgroup]
2025-08-18T22:43:38.8843957Z ##[group]Run export COMPOSE_DOCKER_CLI_BUILD=1 DOCKER_BUILDKIT=1
2025-08-18T22:43:38.8845952Z [36;1mexport COMPOSE_DOCKER_CLI_BUILD=1 DOCKER_BUILDKIT=1[0m
2025-08-18T22:43:38.8847531Z [36;1mdocker compose \[0m
2025-08-18T22:43:38.8848509Z [36;1m  -f docker-compose.yml \[0m
2025-08-18T22:43:38.8849605Z [36;1m  -f docker-compose.ci.yml \[0m
2025-08-18T22:43:38.8850775Z [36;1m  -f docker-compose.postgres.yml \[0m
2025-08-18T22:43:38.8851965Z [36;1m  build --progress plain[0m
2025-08-18T22:43:38.8890133Z shell: /usr/bin/bash -e {0}
2025-08-18T22:43:38.8891036Z env:
2025-08-18T22:43:38.8891874Z   GITHUB_SHA: 883cd778482f1d4eac42eead6503456749191dd9
2025-08-18T22:43:38.8893052Z ##[endgroup]
2025-08-18T22:43:42.6744424Z --progress is a global compose flag, better use `docker compose --progress xx build ...
2025-08-18T22:43:42.7078997Z time="2025-08-18T22:43:42Z" level=warning msg="/home/runner/work/AWA-App/AWA-App/docker-compose.postgres.yml: the attribute `version` is obsolete, it will be ignored, please remove it to avoid potential confusion"
2025-08-18T22:43:45.3575469Z #1 [internal] load local bake definitions
2025-08-18T22:43:45.5078993Z #1 reading from stdin 1.88kB done
2025-08-18T22:43:45.5079409Z #1 DONE 0.0s
2025-08-18T22:43:45.6908217Z 
2025-08-18T22:43:45.6908915Z #2 [api internal] load build definition from Dockerfile
2025-08-18T22:43:45.6909367Z #2 transferring dockerfile: 1.48kB 0.0s done
2025-08-18T22:43:45.6909857Z #2 DONE 0.0s
2025-08-18T22:43:45.6910064Z 
2025-08-18T22:43:45.6910320Z #3 [fees_h10 internal] load build definition from Dockerfile
2025-08-18T22:43:45.6910913Z #3 transferring dockerfile: 962B 0.0s done
2025-08-18T22:43:45.6911320Z #3 DONE 0.0s
2025-08-18T22:43:45.6911511Z 
2025-08-18T22:43:45.6911668Z #4 [etl internal] load build definition from Dockerfile
2025-08-18T22:43:45.6912014Z #4 transferring dockerfile: 1.15kB 0.0s done
2025-08-18T22:43:45.6912441Z #4 DONE 0.0s
2025-08-18T22:43:45.6912615Z 
2025-08-18T22:43:45.6913022Z #5 [postgres internal] load build definition from Dockerfile
2025-08-18T22:43:45.6913408Z #5 transferring dockerfile: 807B 0.0s done
2025-08-18T22:43:45.6913664Z #5 DONE 0.0s
2025-08-18T22:43:45.6913778Z 
2025-08-18T22:43:45.6913940Z #6 [auth] docker/dockerfile:pull token for registry-1.docker.io
2025-08-18T22:43:45.8413027Z #6 DONE 0.0s
2025-08-18T22:43:45.8413296Z 
2025-08-18T22:43:45.8413606Z #7 [auth] library/postgres:pull token for registry-1.docker.io
2025-08-18T22:43:45.8414181Z #7 DONE 0.0s
2025-08-18T22:43:45.8414635Z 
2025-08-18T22:43:45.8415110Z #8 [celery_worker] resolve image config for docker-image://docker.io/docker/dockerfile:1.6
2025-08-18T22:43:46.2206459Z #8 DONE 0.5s
2025-08-18T22:43:46.2206788Z 
2025-08-18T22:43:46.2207086Z #9 [postgres internal] load metadata for docker.io/library/postgres:16
2025-08-18T22:43:46.2207453Z #9 DONE 0.5s
2025-08-18T22:43:46.2207584Z 
2025-08-18T22:43:46.2207695Z #10 [postgres internal] load .dockerignore
2025-08-18T22:43:46.2207975Z #10 transferring context: 265B done
2025-08-18T22:43:46.2208286Z #10 DONE 0.0s
2025-08-18T22:43:46.2208393Z 
2025-08-18T22:43:46.2208489Z #11 [postgres internal] load build context
2025-08-18T22:43:46.2208768Z #11 transferring context: 582B done
2025-08-18T22:43:46.2209001Z #11 DONE 0.0s
2025-08-18T22:43:46.2209136Z 
2025-08-18T22:43:46.2209579Z #12 [etl] docker-image://docker.io/docker/dockerfile:1.6@sha256:ac85f380a63b13dfcefa89046420e1781752bab202122f8f50032edf31be0021
2025-08-18T22:43:46.2210405Z #12 resolve docker.io/docker/dockerfile:1.6@sha256:ac85f380a63b13dfcefa89046420e1781752bab202122f8f50032edf31be0021 done
2025-08-18T22:43:46.2211077Z #12 sha256:ac85f380a63b13dfcefa89046420e1781752bab202122f8f50032edf31be0021 8.40kB / 8.40kB done
2025-08-18T22:43:46.2211648Z #12 sha256:657fcc512c7369f4cb3d94ea329150f8daf626bc838b1a1e81f1834c73ecc77e 482B / 482B done
2025-08-18T22:43:46.2212224Z #12 sha256:a17ee7fff8f5e97b974f5b48f51647d2cf28d543f2aa6c11aaa0ea431b44bb89 1.27kB / 1.27kB done
2025-08-18T22:43:46.2213280Z #12 sha256:9d9c93f4b00be908ab694a4df732570bced3b8a96b7515d70ff93402179ad232 4.19MB / 11.80MB 0.1s
2025-08-18T22:43:46.3377775Z #12 sha256:ac85f380a63b13dfcefa89046420e1781752bab202122f8f50032edf31be0021 8.40kB / 8.40kB done
2025-08-18T22:43:46.3379602Z #12 sha256:657fcc512c7369f4cb3d94ea329150f8daf626bc838b1a1e81f1834c73ecc77e 482B / 482B done
2025-08-18T22:43:46.3381233Z #12 sha256:a17ee7fff8f5e97b974f5b48f51647d2cf28d543f2aa6c11aaa0ea431b44bb89 1.27kB / 1.27kB done
2025-08-18T22:43:46.3383998Z #12 sha256:9d9c93f4b00be908ab694a4df732570bced3b8a96b7515d70ff93402179ad232 11.80MB / 11.80MB 0.2s done
2025-08-18T22:43:46.3385297Z #12 extracting sha256:9d9c93f4b00be908ab694a4df732570bced3b8a96b7515d70ff93402179ad232
2025-08-18T22:43:46.4471441Z #12 extracting sha256:9d9c93f4b00be908ab694a4df732570bced3b8a96b7515d70ff93402179ad232 0.1s done
2025-08-18T22:43:46.4471992Z #12 DONE 0.3s
2025-08-18T22:43:46.4472175Z 
2025-08-18T22:43:46.4472638Z #13 [postgres 1/6] FROM docker.io/library/postgres:16@sha256:66a5efb5677ffac1037774a0e141fd3a4c035c9c0c0e624c9cc980dfa10f45e5
2025-08-18T22:43:46.4473528Z #13 resolve docker.io/library/postgres:16@sha256:66a5efb5677ffac1037774a0e141fd3a4c035c9c0c0e624c9cc980dfa10f45e5 done
2025-08-18T22:43:46.4474583Z #13 sha256:3084fa1fadd59e7633ec56d318f1e4de01be744f446c5c35df7cd801fbc34894 3.63kB / 3.63kB done
2025-08-18T22:43:46.4475387Z #13 sha256:66a5efb5677ffac1037774a0e141fd3a4c035c9c0c0e624c9cc980dfa10f45e5 10.24kB / 10.24kB done
2025-08-18T22:43:46.4476034Z #13 sha256:4b802c5161ddfa2ae4beac272c4e24aa5e162a20451c8489cbb952a88507732f 9.89kB / 9.89kB done
2025-08-18T22:43:46.4479037Z #13 sha256:fb850b0e3049060bf4eb46c8806d7ceea916d67e5cc56d6b295511e27463e56b 1.17kB / 1.17kB 0.1s done
2025-08-18T22:43:46.4483897Z #13 sha256:396b1da7636e2dcd10565cb4f2f952cbb4a8a38b58d3b86a2cacb172fb70117c 14.68MB / 29.77MB 0.3s
2025-08-18T22:43:46.4484792Z #13 sha256:7f09385d08f9e8f578f9dad57582fff30d6ca3ef0f4d66ab5e1bf92c88862341 3.15MB / 6.44MB 0.2s
2025-08-18T22:43:46.4485458Z #13 sha256:534f45d26d937460abe84bd086361a04c27e624a23f9384ff13f11c24c64c7bb 0B / 1.45MB 0.2s
2025-08-18T22:43:46.4486064Z #13 sha256:320fa150e60fca9bb108771a06f08d5464ad8b7474b7bf3f4b44d723b686ee72 0B / 1.31MB 0.3s
2025-08-18T22:43:46.4486727Z #13 sha256:2b6532633f5d125e9a709f56f26af5a07390c859a5c77142b74da1d4e3c79fee 0B / 8.20MB 0.3s
2025-08-18T22:43:46.5474154Z #13 sha256:396b1da7636e2dcd10565cb4f2f952cbb4a8a38b58d3b86a2cacb172fb70117c 25.17MB / 29.77MB 0.4s
2025-08-18T22:43:46.5475673Z #13 sha256:320fa150e60fca9bb108771a06f08d5464ad8b7474b7bf3f4b44d723b686ee72 1.31MB / 1.31MB 0.3s done
2025-08-18T22:43:46.5476830Z #13 sha256:2b6532633f5d125e9a709f56f26af5a07390c859a5c77142b74da1d4e3c79fee 8.20MB / 8.20MB 0.4s done
2025-08-18T22:43:46.5477942Z #13 sha256:a1e4ad56dcecf442fba1cec05cd565ededfdc663e5172df9ef9394d96d4c96f8 0B / 113.19MB 0.4s
2025-08-18T22:43:46.5479017Z #13 sha256:19947f6cc5d3035f6c922fa1d6047c79e044256ad948080adb59cec60717b9f8 116B / 116B 0.4s done
2025-08-18T22:43:46.5481219Z #13 sha256:e787bdd7824bfcb30d11087160de825f724620c952958f4f725c13421499b724 0B / 3.14kB 0.4s
2025-08-18T22:43:46.6535107Z #13 ...
2025-08-18T22:43:46.6535327Z 
2025-08-18T22:43:46.6535599Z #14 [etl internal] load build definition from Dockerfile
2025-08-18T22:43:46.6536154Z #14 transferring dockerfile: 1.15kB done
2025-08-18T22:43:46.6536561Z #14 DONE 0.0s
2025-08-18T22:43:46.6536726Z 
2025-08-18T22:43:46.6536992Z #15 [celery_worker internal] load build definition from Dockerfile
2025-08-18T22:43:46.6537584Z #15 transferring dockerfile: 1.15kB done
2025-08-18T22:43:46.6537990Z #15 DONE 0.0s
2025-08-18T22:43:46.6538163Z 
2025-08-18T22:43:46.6538400Z #16 [auth] library/python:pull token for registry-1.docker.io
2025-08-18T22:43:46.6538917Z #16 DONE 0.0s
2025-08-18T22:43:46.6539077Z 
2025-08-18T22:43:46.6539673Z #13 [postgres 1/6] FROM docker.io/library/postgres:16@sha256:66a5efb5677ffac1037774a0e141fd3a4c035c9c0c0e624c9cc980dfa10f45e5
2025-08-18T22:43:46.6540897Z #13 sha256:396b1da7636e2dcd10565cb4f2f952cbb4a8a38b58d3b86a2cacb172fb70117c 29.77MB / 29.77MB 0.5s done
2025-08-18T22:43:46.6542641Z #13 sha256:e787bdd7824bfcb30d11087160de825f724620c952958f4f725c13421499b724 3.14kB / 3.14kB 0.4s done
2025-08-18T22:43:46.6543757Z #13 sha256:987c1b4919ea2d87df20824aaef43a9de0575ac7df684579ad267c7e48c8eeea 10.01kB / 10.01kB 0.5s done
2025-08-18T22:43:46.6545224Z #13 sha256:a858bd6d34e86a481a2e028e3ba489e662b3ac7713eba9a5d3bb97002c7d797e 0B / 128B 0.5s
2025-08-18T22:43:46.6546291Z #13 sha256:f1b3502db45ad485f0affe43e32fc81d699ddac01c023f198271a0a7e1cecd4c 0B / 169B 0.5s
2025-08-18T22:43:46.6547270Z #13 extracting sha256:396b1da7636e2dcd10565cb4f2f952cbb4a8a38b58d3b86a2cacb172fb70117c
2025-08-18T22:43:46.7552541Z #13 sha256:a1e4ad56dcecf442fba1cec05cd565ededfdc663e5172df9ef9394d96d4c96f8 11.53MB / 113.19MB 0.6s
2025-08-18T22:43:46.7554014Z #13 sha256:a858bd6d34e86a481a2e028e3ba489e662b3ac7713eba9a5d3bb97002c7d797e 128B / 128B 0.5s done
2025-08-18T22:43:46.7555389Z #13 sha256:f1b3502db45ad485f0affe43e32fc81d699ddac01c023f198271a0a7e1cecd4c 169B / 169B 0.6s done
2025-08-18T22:43:46.7557425Z #13 sha256:240810240d04caaaccb11d51ba7c3a7f7d6f470ec2a80ee420a3d33899d9a303 0B / 184B 0.6s
2025-08-18T22:43:46.7558496Z #13 sha256:25ef78fb127c1934630de29a3d38f46e544360b1dcf5cfc09b25507fbe88fd75 5.92kB / 5.92kB 0.6s done
2025-08-18T22:43:46.8724046Z #13 sha256:a1e4ad56dcecf442fba1cec05cd565ededfdc663e5172df9ef9394d96d4c96f8 20.97MB / 113.19MB 0.7s
2025-08-18T22:43:46.8725493Z #13 sha256:240810240d04caaaccb11d51ba7c3a7f7d6f470ec2a80ee420a3d33899d9a303 184B / 184B 0.6s done
2025-08-18T22:43:46.9806687Z #13 ...
2025-08-18T22:43:46.9807354Z 
2025-08-18T22:43:46.9808146Z #17 [celery_worker internal] load metadata for docker.io/library/python:3.12-slim
2025-08-18T22:43:46.9810268Z #17 DONE 0.4s
2025-08-18T22:43:46.9810460Z 
2025-08-18T22:43:46.9810626Z #18 [fees_h10 internal] load .dockerignore
2025-08-18T22:43:46.9811087Z #18 transferring context: 2B done
2025-08-18T22:43:46.9811448Z #18 DONE 0.0s
2025-08-18T22:43:46.9811609Z 
2025-08-18T22:43:46.9811782Z #19 [celery_worker internal] load .dockerignore
2025-08-18T22:43:46.9812276Z #19 transferring context: 265B done
2025-08-18T22:43:46.9812648Z #19 DONE 0.0s
2025-08-18T22:43:46.9812833Z 
2025-08-18T22:43:46.9812979Z #20 [etl internal] load .dockerignore
2025-08-18T22:43:46.9813412Z #20 transferring context: 265B done
2025-08-18T22:43:46.9813773Z #20 DONE 0.0s
2025-08-18T22:43:46.9813946Z 
2025-08-18T22:43:46.9814087Z #21 [api internal] load .dockerignore
2025-08-18T22:43:46.9814720Z #21 transferring context: 265B done
2025-08-18T22:43:46.9815126Z #21 DONE 0.0s
2025-08-18T22:43:46.9815282Z 
2025-08-18T22:43:46.9815893Z #13 [postgres 1/6] FROM docker.io/library/postgres:16@sha256:66a5efb5677ffac1037774a0e141fd3a4c035c9c0c0e624c9cc980dfa10f45e5
2025-08-18T22:43:47.0850473Z #13 ...
2025-08-18T22:43:47.0852242Z 
2025-08-18T22:43:47.0852453Z #22 [fees_h10 internal] load build context
2025-08-18T22:43:47.0852948Z #22 transferring context: 5.64kB done
2025-08-18T22:43:47.0853349Z #22 DONE 0.0s
2025-08-18T22:43:47.0853528Z 
2025-08-18T22:43:47.0853686Z #23 [etl internal] load build context
2025-08-18T22:43:47.0854145Z #23 transferring context: 23.75kB 0.0s done
2025-08-18T22:43:47.0854821Z #23 DONE 0.0s
2025-08-18T22:43:47.0854992Z 
2025-08-18T22:43:47.0855184Z #24 [celery_worker internal] load build context
2025-08-18T22:43:47.0855672Z #24 transferring context: 23.75kB done
2025-08-18T22:43:47.0856076Z #24 DONE 0.0s
2025-08-18T22:43:47.0856262Z 
2025-08-18T22:43:47.0857281Z #13 [postgres 1/6] FROM docker.io/library/postgres:16@sha256:66a5efb5677ffac1037774a0e141fd3a4c035c9c0c0e624c9cc980dfa10f45e5
2025-08-18T22:43:47.0860267Z #13 sha256:a1e4ad56dcecf442fba1cec05cd565ededfdc663e5172df9ef9394d96d4c96f8 34.60MB / 113.19MB 0.9s
2025-08-18T22:43:47.1979252Z #13 ...
2025-08-18T22:43:47.1980897Z 
2025-08-18T22:43:47.1981751Z #25 [api internal] load build context
2025-08-18T22:43:47.1982087Z #25 transferring context: 134.69kB 0.0s done
2025-08-18T22:43:47.1982360Z #25 DONE 0.0s
2025-08-18T22:43:47.1982466Z 
2025-08-18T22:43:47.1983097Z #13 [postgres 1/6] FROM docker.io/library/postgres:16@sha256:66a5efb5677ffac1037774a0e141fd3a4c035c9c0c0e624c9cc980dfa10f45e5
2025-08-18T22:43:47.3377363Z #13 sha256:a1e4ad56dcecf442fba1cec05cd565ededfdc663e5172df9ef9394d96d4c96f8 48.23MB / 113.19MB 1.2s
2025-08-18T22:43:47.7374155Z #13 sha256:a1e4ad56dcecf442fba1cec05cd565ededfdc663e5172df9ef9394d96d4c96f8 70.25MB / 113.19MB 1.6s
2025-08-18T22:43:47.7375543Z #13 extracting sha256:396b1da7636e2dcd10565cb4f2f952cbb4a8a38b58d3b86a2cacb172fb70117c 1.0s done
2025-08-18T22:43:47.7376573Z #13 extracting sha256:fb850b0e3049060bf4eb46c8806d7ceea916d67e5cc56d6b295511e27463e56b done
2025-08-18T22:43:47.8538655Z #13 extracting sha256:7f09385d08f9e8f578f9dad57582fff30d6ca3ef0f4d66ab5e1bf92c88862341
2025-08-18T22:43:48.0042301Z #13 sha256:a1e4ad56dcecf442fba1cec05cd565ededfdc663e5172df9ef9394d96d4c96f8 79.82MB / 113.19MB 1.8s
2025-08-18T22:43:48.0043957Z #13 extracting sha256:7f09385d08f9e8f578f9dad57582fff30d6ca3ef0f4d66ab5e1bf92c88862341 0.1s done
2025-08-18T22:43:48.0046004Z #13 extracting sha256:534f45d26d937460abe84bd086361a04c27e624a23f9384ff13f11c24c64c7bb
2025-08-18T22:43:48.1165326Z #13 sha256:a1e4ad56dcecf442fba1cec05cd565ededfdc663e5172df9ef9394d96d4c96f8 85.98MB / 113.19MB 1.9s
2025-08-18T22:43:48.1166504Z #13 extracting sha256:534f45d26d937460abe84bd086361a04c27e624a23f9384ff13f11c24c64c7bb 0.0s done
2025-08-18T22:43:48.1167523Z #13 extracting sha256:2b6532633f5d125e9a709f56f26af5a07390c859a5c77142b74da1d4e3c79fee
2025-08-18T22:43:48.3374037Z #13 sha256:a1e4ad56dcecf442fba1cec05cd565ededfdc663e5172df9ef9394d96d4c96f8 97.52MB / 113.19MB 2.2s
2025-08-18T22:43:48.5376359Z #13 sha256:a1e4ad56dcecf442fba1cec05cd565ededfdc663e5172df9ef9394d96d4c96f8 110.10MB / 113.19MB 2.4s
2025-08-18T22:43:48.5377605Z #13 extracting sha256:2b6532633f5d125e9a709f56f26af5a07390c859a5c77142b74da1d4e3c79fee 0.4s done
2025-08-18T22:43:48.6837282Z #13 sha256:a1e4ad56dcecf442fba1cec05cd565ededfdc663e5172df9ef9394d96d4c96f8 113.19MB / 113.19MB 2.5s done
2025-08-18T22:43:48.6838510Z #13 extracting sha256:320fa150e60fca9bb108771a06f08d5464ad8b7474b7bf3f4b44d723b686ee72 0.1s done
2025-08-18T22:43:48.8365401Z #13 extracting sha256:19947f6cc5d3035f6c922fa1d6047c79e044256ad948080adb59cec60717b9f8 done
2025-08-18T22:43:48.8366503Z #13 extracting sha256:e787bdd7824bfcb30d11087160de825f724620c952958f4f725c13421499b724 done
2025-08-18T22:43:49.0238995Z #13 ...
2025-08-18T22:43:49.0239253Z 
2025-08-18T22:43:49.0241964Z #26 [celery_worker base 1/5] FROM docker.io/library/python:3.12-slim@sha256:d67a7b66b989ad6b6d6b10d428dcc5e0bfc3e5f88906e67d490c4d3daac57047
2025-08-18T22:43:49.0243899Z #26 resolve docker.io/library/python:3.12-slim@sha256:d67a7b66b989ad6b6d6b10d428dcc5e0bfc3e5f88906e67d490c4d3daac57047 done
2025-08-18T22:43:49.0246665Z #26 extracting sha256:396b1da7636e2dcd10565cb4f2f952cbb4a8a38b58d3b86a2cacb172fb70117c 0.6s done
2025-08-18T22:43:49.0247787Z #26 sha256:d67a7b66b989ad6b6d6b10d428dcc5e0bfc3e5f88906e67d490c4d3daac57047 10.37kB / 10.37kB done
2025-08-18T22:43:49.0248826Z #26 sha256:8f3d1de1b41cd7340a89b024d6f7a10043f7b0d07d97eb36ba76f22fcfa9a235 1.75kB / 1.75kB done
2025-08-18T22:43:49.0249885Z #26 sha256:bad5eac7befe06d25bef9d4d894d7467355bac08745c745a88977774933fa032 5.58kB / 5.58kB done
2025-08-18T22:43:49.0250934Z #26 sha256:396b1da7636e2dcd10565cb4f2f952cbb4a8a38b58d3b86a2cacb172fb70117c 29.77MB / 29.77MB done
2025-08-18T22:43:49.0252018Z #26 sha256:5d587318e932a89b94608393c99dd30ee5092a6991c1656f717bd4f4e13d60df 1.29MB / 1.29MB 0.1s done
2025-08-18T22:43:49.0253132Z #26 sha256:e5c05dcf47fbdb2f18dc242ad1b7f48fbd3813c0027ffcfb8e81e4aa7e0965f4 12.11MB / 12.11MB 0.3s done
2025-08-18T22:43:49.0254255Z #26 sha256:d76206d463c08ba2a3f7bbab2de2a933ad73f33ab4ab813eafe50c9dff9edc12 251B / 251B 0.2s done
2025-08-18T22:43:49.0255530Z #26 extracting sha256:5d587318e932a89b94608393c99dd30ee5092a6991c1656f717bd4f4e13d60df 0.1s done
2025-08-18T22:43:49.0256597Z #26 extracting sha256:e5c05dcf47fbdb2f18dc242ad1b7f48fbd3813c0027ffcfb8e81e4aa7e0965f4 0.9s done
2025-08-18T22:43:49.0257611Z #26 extracting sha256:d76206d463c08ba2a3f7bbab2de2a933ad73f33ab4ab813eafe50c9dff9edc12 done
2025-08-18T22:43:49.0258650Z #26 DONE 1.8s
2025-08-18T22:43:49.0258844Z 
2025-08-18T22:43:49.0258989Z #27 [etl base 2/5] WORKDIR /app
2025-08-18T22:43:49.0259342Z #27 DONE 0.0s
2025-08-18T22:43:49.0259735Z 
2025-08-18T22:43:49.0260185Z #28 [celery_worker base 3/5] COPY services/etl/requirements*.txt services/etl/constraints.txt ./
2025-08-18T22:43:49.0260871Z #28 DONE 0.0s
2025-08-18T22:43:49.0261040Z 
2025-08-18T22:43:49.0261319Z #29 [fees_h10 base 3/6] COPY requirements*.txt constraints.txt ./fees_h10/
2025-08-18T22:43:49.0261845Z #29 DONE 0.0s
2025-08-18T22:43:49.0262016Z 
2025-08-18T22:43:49.0262289Z #30 [api base  3/13] COPY services/api/requirements.txt ./requirements.txt
2025-08-18T22:43:49.0262848Z #30 DONE 0.1s
2025-08-18T22:43:49.0263017Z 
2025-08-18T22:43:49.0263610Z #13 [postgres 1/6] FROM docker.io/library/postgres:16@sha256:66a5efb5677ffac1037774a0e141fd3a4c035c9c0c0e624c9cc980dfa10f45e5
2025-08-18T22:43:49.0281198Z #13 extracting sha256:a1e4ad56dcecf442fba1cec05cd565ededfdc663e5172df9ef9394d96d4c96f8 0.1s
2025-08-18T22:43:54.1355585Z #13 extracting sha256:a1e4ad56dcecf442fba1cec05cd565ededfdc663e5172df9ef9394d96d4c96f8 5.2s
2025-08-18T22:43:55.0613437Z #13 ...
2025-08-18T22:43:55.0616332Z 
2025-08-18T22:43:55.0618290Z #31 [fees_h10 base 4/6] RUN if [ -n "" ] && [ -f "fees_h10/" ]; then         pip install -r fees_h10/requirements.txt -c fees_h10/;     else         pip install -r fees_h10/requirements.txt;     fi
2025-08-18T22:43:55.0620400Z #31 3.047 Collecting celery==5.4.* (from celery[redis]==5.4.*->-r fees_h10/requirements.txt (line 1))
2025-08-18T22:43:55.0623422Z #31 3.078   Downloading celery-5.4.0-py3-none-any.whl.metadata (21 kB)
2025-08-18T22:43:55.0624202Z #31 3.179 Collecting asyncpg (from -r fees_h10/requirements.txt (line 2))
2025-08-18T22:43:55.0625439Z #31 3.186   Downloading asyncpg-0.30.0-cp312-cp312-manylinux_2_17_x86_64.manylinux2014_x86_64.whl.metadata (5.0 kB)
2025-08-18T22:43:55.0626372Z #31 3.232 Collecting httpx (from -r fees_h10/requirements.txt (line 3))
2025-08-18T22:43:55.0627128Z #31 3.238   Downloading httpx-0.28.1-py3-none-any.whl.metadata (7.1 kB)
2025-08-18T22:43:55.0627883Z #31 3.732 Collecting sqlalchemy (from -r fees_h10/requirements.txt (line 4))
2025-08-18T22:43:55.0628920Z #31 3.748   Downloading sqlalchemy-2.0.43-cp312-cp312-manylinux_2_17_x86_64.manylinux2014_x86_64.whl.metadata (9.6 kB)
2025-08-18T22:43:55.0630156Z #31 3.798 Collecting billiard<5.0,>=4.2.0 (from celery==5.4.*->celery[redis]==5.4.*->-r fees_h10/requirements.txt (line 1))
2025-08-18T22:43:55.0631132Z #31 3.804   Downloading billiard-4.2.1-py3-none-any.whl.metadata (4.4 kB)
2025-08-18T22:43:55.0632048Z #31 3.867 Collecting kombu<6.0,>=5.3.4 (from celery==5.4.*->celery[redis]==5.4.*->-r fees_h10/requirements.txt (line 1))
2025-08-18T22:43:55.0632942Z #31 3.876   Downloading kombu-5.5.4-py3-none-any.whl.metadata (3.5 kB)
2025-08-18T22:43:55.0633847Z #31 3.913 Collecting vine<6.0,>=5.1.0 (from celery==5.4.*->celery[redis]==5.4.*->-r fees_h10/requirements.txt (line 1))
2025-08-18T22:43:55.0634987Z #31 3.918   Downloading vine-5.1.0-py3-none-any.whl.metadata (2.7 kB)
2025-08-18T22:43:55.0635904Z #31 3.967 Collecting click<9.0,>=8.1.2 (from celery==5.4.*->celery[redis]==5.4.*->-r fees_h10/requirements.txt (line 1))
2025-08-18T22:43:55.0636829Z #31 3.971   Downloading click-8.2.1-py3-none-any.whl.metadata (2.5 kB)
2025-08-18T22:43:55.0637830Z #31 3.993 Collecting click-didyoumean>=0.3.0 (from celery==5.4.*->celery[redis]==5.4.*->-r fees_h10/requirements.txt (line 1))
2025-08-18T22:43:55.0638929Z #31 4.000   Downloading click_didyoumean-0.3.1-py3-none-any.whl.metadata (3.9 kB)
2025-08-18T22:43:55.0639900Z #31 4.026 Collecting click-repl>=0.2.0 (from celery==5.4.*->celery[redis]==5.4.*->-r fees_h10/requirements.txt (line 1))
2025-08-18T22:43:55.0640807Z #31 4.039   Downloading click_repl-0.3.0-py3-none-any.whl.metadata (3.6 kB)
2025-08-18T22:43:55.0641778Z #31 4.058 Collecting click-plugins>=1.1.1 (from celery==5.4.*->celery[redis]==5.4.*->-r fees_h10/requirements.txt (line 1))
2025-08-18T22:43:55.0643160Z #31 4.062   Downloading click_plugins-1.1.1.2-py2.py3-none-any.whl.metadata (6.5 kB)
2025-08-18T22:43:55.0644177Z #31 4.089 Collecting tzdata>=2022.7 (from celery==5.4.*->celery[redis]==5.4.*->-r fees_h10/requirements.txt (line 1))
2025-08-18T22:43:55.0645601Z #31 4.097   Downloading tzdata-2025.2-py2.py3-none-any.whl.metadata (1.4 kB)
2025-08-18T22:43:55.0646612Z #31 4.133 Collecting python-dateutil>=2.8.2 (from celery==5.4.*->celery[redis]==5.4.*->-r fees_h10/requirements.txt (line 1))
2025-08-18T22:43:55.0647668Z #31 4.135   Downloading python_dateutil-2.9.0.post0-py2.py3-none-any.whl.metadata (8.4 kB)
2025-08-18T22:43:55.0682946Z #31 4.241 Collecting redis!=4.5.5,<6.0.0,>=4.5.2 (from celery[redis]==5.4.*->-r fees_h10/requirements.txt (line 1))
2025-08-18T22:43:55.0683974Z #31 4.252   Downloading redis-5.3.1-py3-none-any.whl.metadata (9.2 kB)
2025-08-18T22:43:55.0684971Z #31 4.293 Collecting anyio (from httpx->-r fees_h10/requirements.txt (line 3))
2025-08-18T22:43:55.0685756Z #31 4.299   Downloading anyio-4.10.0-py3-none-any.whl.metadata (4.0 kB)
2025-08-18T22:43:55.0686477Z #31 4.344 Collecting certifi (from httpx->-r fees_h10/requirements.txt (line 3))
2025-08-18T22:43:55.0687273Z #31 4.351   Downloading certifi-2025.8.3-py3-none-any.whl.metadata (2.4 kB)
2025-08-18T22:43:55.0688098Z #31 4.420 Collecting httpcore==1.* (from httpx->-r fees_h10/requirements.txt (line 3))
2025-08-18T22:43:55.0688941Z #31 4.425   Downloading httpcore-1.0.9-py3-none-any.whl.metadata (21 kB)
2025-08-18T22:43:55.0689752Z #31 4.455 Collecting idna (from httpx->-r fees_h10/requirements.txt (line 3))
2025-08-18T22:43:55.0690481Z #31 4.464   Downloading idna-3.10-py3-none-any.whl.metadata (10 kB)
2025-08-18T22:43:55.0691302Z #31 4.480 Collecting h11>=0.16 (from httpcore==1.*->httpx->-r fees_h10/requirements.txt (line 3))
2025-08-18T22:43:55.0692094Z #31 4.484   Downloading h11-0.16.0-py3-none-any.whl.metadata (8.3 kB)
2025-08-18T22:43:55.0692880Z #31 4.661 Collecting greenlet>=1 (from sqlalchemy->-r fees_h10/requirements.txt (line 4))
2025-08-18T22:43:55.0693887Z #31 4.666   Downloading greenlet-3.2.4-cp312-cp312-manylinux_2_24_x86_64.manylinux_2_28_x86_64.whl.metadata (4.1 kB)
2025-08-18T22:43:55.0695267Z #31 4.696 Collecting typing-extensions>=4.6.0 (from sqlalchemy->-r fees_h10/requirements.txt (line 4))
2025-08-18T22:43:55.0696229Z #31 4.702   Downloading typing_extensions-4.14.1-py3-none-any.whl.metadata (3.0 kB)
2025-08-18T22:43:55.0697284Z #31 4.799 Collecting prompt-toolkit>=3.0.36 (from click-repl>=0.2.0->celery==5.4.*->celery[redis]==5.4.*->-r fees_h10/requirements.txt (line 1))
2025-08-18T22:43:55.0698370Z #31 4.803   Downloading prompt_toolkit-3.0.51-py3-none-any.whl.metadata (6.4 kB)
2025-08-18T22:43:55.0699405Z #31 4.846 Collecting amqp<6.0.0,>=5.1.1 (from kombu<6.0,>=5.3.4->celery==5.4.*->celery[redis]==5.4.*->-r fees_h10/requirements.txt (line 1))
2025-08-18T22:43:55.0700367Z #31 4.851   Downloading amqp-5.3.1-py3-none-any.whl.metadata (8.9 kB)
2025-08-18T22:43:55.0701359Z #31 4.898 Collecting packaging (from kombu<6.0,>=5.3.4->celery==5.4.*->celery[redis]==5.4.*->-r fees_h10/requirements.txt (line 1))
2025-08-18T22:43:55.0702370Z #31 4.905   Downloading packaging-25.0-py3-none-any.whl.metadata (3.3 kB)
2025-08-18T22:43:55.0703486Z #31 4.930 Collecting six>=1.5 (from python-dateutil>=2.8.2->celery==5.4.*->celery[redis]==5.4.*->-r fees_h10/requirements.txt (line 1))
2025-08-18T22:43:55.0704821Z #31 4.937   Downloading six-1.17.0-py2.py3-none-any.whl.metadata (1.7 kB)
2025-08-18T22:43:55.0705715Z #31 4.969 Collecting PyJWT>=2.9.0 (from redis!=4.5.5,<6.0.0,>=4.5.2->celery[redis]==5.4.*->-r fees_h10/requirements.txt (line 1))
2025-08-18T22:43:55.0706573Z #31 4.975   Downloading PyJWT-2.10.1-py3-none-any.whl.metadata (4.0 kB)
2025-08-18T22:43:55.0707340Z #31 5.005 Collecting sniffio>=1.1 (from anyio->httpx->-r fees_h10/requirements.txt (line 3))
2025-08-18T22:43:55.0708101Z #31 5.015   Downloading sniffio-1.3.1-py3-none-any.whl.metadata (3.9 kB)
2025-08-18T22:43:55.0736246Z #31 5.062 Collecting wcwidth (from prompt-toolkit>=3.0.36->click-repl>=0.2.0->celery==5.4.*->celery[redis]==5.4.*->-r fees_h10/requirements.txt (line 1))
2025-08-18T22:43:55.0756431Z #31 5.069   Downloading wcwidth-0.2.13-py2.py3-none-any.whl.metadata (14 kB)
2025-08-18T22:43:55.0793782Z #31 5.098 Downloading celery-5.4.0-py3-none-any.whl (425 kB)
2025-08-18T22:43:55.0794792Z #31 5.115 Downloading asyncpg-0.30.0-cp312-cp312-manylinux_2_17_x86_64.manylinux2014_x86_64.whl (3.6 MB)
2025-08-18T22:43:55.0796046Z #31 5.149    ━━━━━━━━━━━━━━━━━━━━━━━━━━━━━━━━━━━━━━━━ 3.6/3.6 MB 109.3 MB/s eta 0:00:00
2025-08-18T22:43:55.0796680Z #31 5.157 Downloading httpx-0.28.1-py3-none-any.whl (73 kB)
2025-08-18T22:43:55.0797253Z #31 5.168 Downloading httpcore-1.0.9-py3-none-any.whl (78 kB)
2025-08-18T22:43:55.0798090Z #31 5.177 Downloading sqlalchemy-2.0.43-cp312-cp312-manylinux_2_17_x86_64.manylinux2014_x86_64.whl (3.3 MB)
2025-08-18T22:43:55.0799139Z #31 5.206    ━━━━━━━━━━━━━━━━━━━━━━━━━━━━━━━━━━━━━━━━ 3.3/3.3 MB 128.3 MB/s eta 0:00:00
2025-08-18T22:43:55.0799979Z #31 5.214 Downloading billiard-4.2.1-py3-none-any.whl (86 kB)
2025-08-18T22:43:55.0800645Z #31 5.224 Downloading click-8.2.1-py3-none-any.whl (102 kB)
2025-08-18T22:43:55.0801282Z #31 5.248 Downloading click_didyoumean-0.3.1-py3-none-any.whl (3.6 kB)
2025-08-18T22:43:55.0802032Z #31 5.262 Downloading click_plugins-1.1.1.2-py2.py3-none-any.whl (11 kB)
2025-08-18T22:43:55.0802712Z #31 5.271 Downloading click_repl-0.3.0-py3-none-any.whl (10 kB)
2025-08-18T22:43:55.0803610Z #31 5.286 Downloading greenlet-3.2.4-cp312-cp312-manylinux_2_24_x86_64.manylinux_2_28_x86_64.whl (607 kB)
2025-08-18T22:43:55.0804867Z #31 5.298    ━━━━━━━━━━━━━━━━━━━━━━━━━━━━━━━━━━━━━━━━ 607.6/607.6 kB 46.8 MB/s eta 0:00:00
2025-08-18T22:43:55.0805513Z #31 5.307 Downloading kombu-5.5.4-py3-none-any.whl (210 kB)
2025-08-18T22:43:55.0806243Z #31 5.324 Downloading vine-5.1.0-py3-none-any.whl (9.6 kB)
2025-08-18T22:43:55.0806975Z #31 5.333 Downloading python_dateutil-2.9.0.post0-py2.py3-none-any.whl (229 kB)
2025-08-18T22:43:55.0807747Z #31 5.355 Downloading redis-5.3.1-py3-none-any.whl (272 kB)
2025-08-18T22:43:55.0808407Z #31 5.370 Downloading typing_extensions-4.14.1-py3-none-any.whl (43 kB)
2025-08-18T22:43:55.0809199Z #31 5.382 Downloading tzdata-2025.2-py2.py3-none-any.whl (347 kB)
2025-08-18T22:43:55.0809873Z #31 5.393 Downloading anyio-4.10.0-py3-none-any.whl (107 kB)
2025-08-18T22:43:55.0810472Z #31 5.408 Downloading idna-3.10-py3-none-any.whl (70 kB)
2025-08-18T22:43:55.0811115Z #31 5.424 Downloading certifi-2025.8.3-py3-none-any.whl (161 kB)
2025-08-18T22:43:55.0811744Z #31 5.433 Downloading amqp-5.3.1-py3-none-any.whl (50 kB)
2025-08-18T22:43:55.0812332Z #31 5.441 Downloading h11-0.16.0-py3-none-any.whl (37 kB)
2025-08-18T22:43:55.0812981Z #31 5.453 Downloading prompt_toolkit-3.0.51-py3-none-any.whl (387 kB)
2025-08-18T22:43:55.0813666Z #31 5.461 Downloading PyJWT-2.10.1-py3-none-any.whl (22 kB)
2025-08-18T22:43:55.0814571Z #31 5.469 Downloading six-1.17.0-py2.py3-none-any.whl (11 kB)
2025-08-18T22:43:55.0815220Z #31 5.484 Downloading sniffio-1.3.1-py3-none-any.whl (10 kB)
2025-08-18T22:43:55.0815869Z #31 5.498 Downloading packaging-25.0-py3-none-any.whl (66 kB)
2025-08-18T22:43:55.0816529Z #31 5.508 Downloading wcwidth-0.2.13-py2.py3-none-any.whl (34 kB)
2025-08-18T22:43:55.0818579Z #31 5.666 Installing collected packages: wcwidth, vine, tzdata, typing-extensions, sniffio, six, PyJWT, prompt-toolkit, packaging, idna, h11, greenlet, click, certifi, billiard, asyncpg, sqlalchemy, redis, python-dateutil, httpcore, click-repl, click-plugins, click-didyoumean, anyio, amqp, kombu, httpx, celery
2025-08-18T22:43:56.4323215Z #31 ...
2025-08-18T22:43:56.4323474Z 
2025-08-18T22:43:56.4325116Z #32 [api stage-1 3/6] RUN set -eux;     if [ -f /etc/apt/sources.list ]; then         sed -i 's|http://deb.debian.org|https://deb.debian.org|g' /etc/apt/sources.list;     fi;     apt-get update;     apt-get install -y --no-install-recommends tzdata postgresql-client curl;     rm -rf /var/lib/apt/lists/*
2025-08-18T22:43:56.4326816Z #32 0.278 + [ -f /etc/apt/sources.list ]
2025-08-18T22:43:56.4327605Z #32 0.278 + apt-get update
2025-08-18T22:43:56.4328132Z #32 0.404 Hit:1 http://deb.debian.org/debian trixie InRelease
2025-08-18T22:43:56.4329135Z #32 0.404 Get:2 http://deb.debian.org/debian trixie-updates InRelease [47.1 kB]
2025-08-18T22:43:56.4330006Z #32 0.416 Get:3 http://deb.debian.org/debian-security trixie-security InRelease [43.4 kB]
2025-08-18T22:43:56.4330864Z #32 0.472 Get:4 http://deb.debian.org/debian trixie/main amd64 Packages [9668 kB]
2025-08-18T22:43:56.4331718Z #32 0.598 Get:5 http://deb.debian.org/debian trixie-updates/main amd64 Packages [2432 B]
2025-08-18T22:43:56.4332680Z #32 0.600 Get:6 http://deb.debian.org/debian-security trixie-security/main amd64 Packages [11.2 kB]
2025-08-18T22:43:56.4333417Z #32 1.464 Fetched 9772 kB in 1s (8564 kB/s)
2025-08-18T22:43:56.4333861Z #32 1.464 Reading package lists...
2025-08-18T22:43:56.4334680Z #32 2.371 + apt-get install -y --no-install-recommends tzdata postgresql-client curl
2025-08-18T22:43:56.4335348Z #32 2.385 Reading package lists...
2025-08-18T22:43:56.4335756Z #32 3.232 Building dependency tree...
2025-08-18T22:43:56.4336194Z #32 3.451 Reading state information...
2025-08-18T22:43:56.4336696Z #32 3.763 tzdata is already the newest version (2025b-4).
2025-08-18T22:43:56.4337302Z #32 3.763 The following additional packages will be installed:
2025-08-18T22:43:56.4338036Z #32 3.763   libbrotli1 libcom-err2 libcurl4t64 libgdbm-compat4t64 libgnutls30t64
2025-08-18T22:43:56.4338817Z #32 3.763   libgssapi-krb5-2 libidn2-0 libk5crypto3 libkeyutils1 libkrb5-3
2025-08-18T22:43:56.4339665Z #32 3.763   libkrb5support0 libldap2 libnghttp2-14 libnghttp3-9 libp11-kit0 libperl5.40
2025-08-18T22:43:56.4340620Z #32 3.765   libpq5 libpsl5t64 librtmp1 libsasl2-2 libsasl2-modules-db libssh2-1t64
2025-08-18T22:43:56.4341477Z #32 3.766   libtasn1-6 libunistring5 perl perl-modules-5.40 postgresql-client-17
2025-08-18T22:43:56.4342181Z #32 3.768   postgresql-client-common sensible-utils
2025-08-18T22:43:56.4342662Z #32 3.769 Suggested packages:
2025-08-18T22:43:56.4343238Z #32 3.769   gnutls-bin krb5-doc krb5-user perl-doc libterm-readline-gnu-perl
2025-08-18T22:43:56.4344093Z #32 3.770   | libterm-readline-perl-perl make libtap-harness-archive-perl postgresql-17
2025-08-18T22:43:56.4347316Z #32 3.770   postgresql-doc-17
2025-08-18T22:43:56.4347729Z #32 3.770 Recommended packages:
2025-08-18T22:43:56.4348378Z #32 3.770   bash-completion krb5-locales libldap-common publicsuffix libsasl2-modules
2025-08-18T22:43:56.4349118Z #32 4.055 The following NEW packages will be installed:
2025-08-18T22:43:56.4349832Z #32 4.055   curl libbrotli1 libcom-err2 libcurl4t64 libgdbm-compat4t64 libgnutls30t64
2025-08-18T22:43:56.4350653Z #32 4.055   libgssapi-krb5-2 libidn2-0 libk5crypto3 libkeyutils1 libkrb5-3
2025-08-18T22:43:56.4351496Z #32 4.056   libkrb5support0 libldap2 libnghttp2-14 libnghttp3-9 libp11-kit0 libperl5.40
2025-08-18T22:43:56.4352399Z #32 4.056   libpq5 libpsl5t64 librtmp1 libsasl2-2 libsasl2-modules-db libssh2-1t64
2025-08-18T22:43:56.4353247Z #32 4.057   libtasn1-6 libunistring5 perl perl-modules-5.40 postgresql-client
2025-08-18T22:43:56.4354054Z #32 4.057   postgresql-client-17 postgresql-client-common sensible-utils
2025-08-18T22:43:56.4356564Z #32 4.115 0 upgraded, 31 newly installed, 0 to remove and 0 not upgraded.
2025-08-18T22:43:56.4389955Z #32 4.115 Need to get 14.9 MB of archives.
2025-08-18T22:43:56.4390623Z #32 4.115 After this operation, 78.1 MB of additional disk space will be used.
2025-08-18T22:43:56.4391557Z #32 4.115 Get:1 http://deb.debian.org/debian trixie/main amd64 sensible-utils all 0.0.25 [25.0 kB]
2025-08-18T22:43:56.4392600Z #32 4.118 Get:2 http://deb.debian.org/debian trixie/main amd64 perl-modules-5.40 all 5.40.1-6 [3019 kB]
2025-08-18T22:43:56.4393656Z #32 4.146 Get:3 http://deb.debian.org/debian trixie/main amd64 libgdbm-compat4t64 amd64 1.24-2 [50.3 kB]
2025-08-18T22:43:56.4394863Z #32 4.146 Get:4 http://deb.debian.org/debian trixie/main amd64 libperl5.40 amd64 5.40.1-6 [4341 kB]
2025-08-18T22:43:56.4396081Z #32 4.173 Get:5 http://deb.debian.org/debian trixie/main amd64 perl amd64 5.40.1-6 [267 kB]
2025-08-18T22:43:56.4397069Z #32 4.173 Get:6 http://deb.debian.org/debian trixie/main amd64 libbrotli1 amd64 1.1.0-2+b7 [307 kB]
2025-08-18T22:43:56.4398284Z #32 4.174 Get:7 http://deb.debian.org/debian trixie/main amd64 libkrb5support0 amd64 1.21.3-5 [33.0 kB]
2025-08-18T22:43:56.4399325Z #32 4.175 Get:8 http://deb.debian.org/debian trixie/main amd64 libcom-err2 amd64 1.47.2-3+b3 [25.0 kB]
2025-08-18T22:43:56.4400335Z #32 4.175 Get:9 http://deb.debian.org/debian trixie/main amd64 libk5crypto3 amd64 1.21.3-5 [81.5 kB]
2025-08-18T22:43:56.4401352Z #32 4.176 Get:10 http://deb.debian.org/debian trixie/main amd64 libkeyutils1 amd64 1.6.3-6 [9456 B]
2025-08-18T22:43:56.4402308Z #32 4.177 Get:11 http://deb.debian.org/debian trixie/main amd64 libkrb5-3 amd64 1.21.3-5 [326 kB]
2025-08-18T22:43:56.4403792Z #32 4.180 Get:12 http://deb.debian.org/debian trixie/main amd64 libgssapi-krb5-2 amd64 1.21.3-5 [138 kB]
2025-08-18T22:43:56.4404997Z #32 4.181 Get:13 http://deb.debian.org/debian trixie/main amd64 libunistring5 amd64 1.3-2 [477 kB]
2025-08-18T22:43:56.4405969Z #32 4.184 Get:14 http://deb.debian.org/debian trixie/main amd64 libidn2-0 amd64 2.3.8-2 [109 kB]
2025-08-18T22:43:56.4407031Z #32 4.185 Get:15 http://deb.debian.org/debian trixie/main amd64 libsasl2-modules-db amd64 2.1.28+dfsg1-9 [19.8 kB]
2025-08-18T22:43:56.4408133Z #32 4.185 Get:16 http://deb.debian.org/debian trixie/main amd64 libsasl2-2 amd64 2.1.28+dfsg1-9 [57.5 kB]
2025-08-18T22:43:56.4409171Z #32 4.186 Get:17 http://deb.debian.org/debian trixie/main amd64 libldap2 amd64 2.6.10+dfsg-1 [194 kB]
2025-08-18T22:43:56.4410175Z #32 4.189 Get:18 http://deb.debian.org/debian trixie/main amd64 libnghttp2-14 amd64 1.64.0-1.1 [76.0 kB]
2025-08-18T22:43:56.4411176Z #32 4.189 Get:19 http://deb.debian.org/debian trixie/main amd64 libnghttp3-9 amd64 1.8.0-1 [67.7 kB]
2025-08-18T22:43:56.4412192Z #32 4.189 Get:20 http://deb.debian.org/debian trixie/main amd64 libpsl5t64 amd64 0.21.2-1.1+b1 [57.2 kB]
2025-08-18T22:43:56.4413205Z #32 4.190 Get:21 http://deb.debian.org/debian trixie/main amd64 libp11-kit0 amd64 0.25.5-3 [425 kB]
2025-08-18T22:43:56.4414198Z #32 4.192 Get:22 http://deb.debian.org/debian trixie/main amd64 libtasn1-6 amd64 4.20.0-2 [49.9 kB]
2025-08-18T22:43:56.4417912Z #32 4.193 Get:23 http://deb.debian.org/debian trixie/main amd64 libgnutls30t64 amd64 3.8.9-3 [1465 kB]
2025-08-18T22:43:56.4419045Z #32 4.200 Get:24 http://deb.debian.org/debian trixie/main amd64 librtmp1 amd64 2.4+20151223.gitfa8646d.1-2+b5 [58.8 kB]
2025-08-18T22:43:56.4420160Z #32 4.201 Get:25 http://deb.debian.org/debian trixie/main amd64 libssh2-1t64 amd64 1.11.1-1 [245 kB]
2025-08-18T22:43:56.4421146Z #32 4.202 Get:26 http://deb.debian.org/debian trixie/main amd64 libcurl4t64 amd64 8.14.1-2 [391 kB]
2025-08-18T22:43:56.4422068Z #32 4.205 Get:27 http://deb.debian.org/debian trixie/main amd64 curl amd64 8.14.1-2 [269 kB]
2025-08-18T22:43:56.4422964Z #32 4.205 Get:28 http://deb.debian.org/debian trixie/main amd64 libpq5 amd64 17.5-1 [226 kB]
2025-08-18T22:43:56.4423947Z #32 4.207 Get:29 http://deb.debian.org/debian trixie/main amd64 postgresql-client-common all 278 [47.1 kB]
2025-08-18T22:43:56.4425276Z #32 4.207 Get:30 http://deb.debian.org/debian trixie/main amd64 postgresql-client-17 amd64 17.5-1 [2025 kB]
2025-08-18T22:43:56.4426337Z #32 4.216 Get:31 http://deb.debian.org/debian trixie/main amd64 postgresql-client all 17+278 [14.0 kB]
2025-08-18T22:43:56.4463876Z #32 6.116 Fetched 14.9 MB in 0s (101 MB/s)
2025-08-18T22:43:56.4464702Z #32 6.138 Selecting previously unselected package sensible-utils.
2025-08-18T22:43:56.4465274Z #32 6.138 (Reading database ... 
2025-08-18T22:43:56.4465664Z (Reading database ... 5%
2025-08-18T22:43:56.4466066Z (Reading database ... 10%
2025-08-18T22:43:56.4466456Z (Reading database ... 15%
2025-08-18T22:43:56.4466798Z (Reading database ... 20%
2025-08-18T22:43:56.4467133Z (Reading database ... 25%
2025-08-18T22:43:56.4467464Z (Reading database ... 30%
2025-08-18T22:43:56.4468047Z (Reading database ... 35%
2025-08-18T22:43:56.4468389Z (Reading database ... 40%
2025-08-18T22:43:56.4468712Z (Reading database ... 45%
2025-08-18T22:43:56.4469046Z (Reading database ... 50%
2025-08-18T22:43:56.4469530Z (Reading database ... 55%
2025-08-18T22:43:56.4469861Z (Reading database ... 60%
2025-08-18T22:43:56.4470193Z (Reading database ... 65%
2025-08-18T22:43:56.4470524Z (Reading database ... 70%
2025-08-18T22:43:56.4470846Z (Reading database ... 75%
2025-08-18T22:43:56.4471229Z (Reading database ... 80%
2025-08-18T22:43:56.4471562Z (Reading database ... 85%
2025-08-18T22:43:56.4471884Z (Reading database ... 90%
2025-08-18T22:43:56.4472211Z (Reading database ... 95%
2025-08-18T22:43:56.4472534Z (Reading database ... 100%
2025-08-18T22:43:56.4473063Z (Reading database ... 5643 files and directories currently installed.)
2025-08-18T22:43:56.4473763Z #32 6.145 Preparing to unpack .../00-sensible-utils_0.0.25_all.deb ...
2025-08-18T22:43:56.4474494Z #32 6.147 Unpacking sensible-utils (0.0.25) ...
2025-08-18T22:43:56.4475086Z #32 6.190 Selecting previously unselected package perl-modules-5.40.
2025-08-18T22:43:56.4475785Z #32 6.190 Preparing to unpack .../01-perl-modules-5.40_5.40.1-6_all.deb ...
2025-08-18T22:43:56.4476400Z #32 6.195 Unpacking perl-modules-5.40 (5.40.1-6) ...
2025-08-18T22:43:56.4477007Z #32 7.378 Selecting previously unselected package libgdbm-compat4t64:amd64.
2025-08-18T22:43:56.4477762Z #32 7.378 Preparing to unpack .../02-libgdbm-compat4t64_1.24-2_amd64.deb ...
2025-08-18T22:43:56.4478365Z #32 7.418 Unpacking libgdbm-compat4t64:amd64 (1.24-2) ...
2025-08-18T22:43:56.4478963Z #32 7.457 Selecting previously unselected package libperl5.40:amd64.
2025-08-18T22:43:56.4479631Z #32 7.458 Preparing to unpack .../03-libperl5.40_5.40.1-6_amd64.deb ...
2025-08-18T22:43:56.4480195Z #32 7.463 Unpacking libperl5.40:amd64 (5.40.1-6) ...
2025-08-18T22:43:56.6493995Z #32 ...
2025-08-18T22:43:56.6495007Z 
2025-08-18T22:43:56.6496049Z #13 [postgres 1/6] FROM docker.io/library/postgres:16@sha256:66a5efb5677ffac1037774a0e141fd3a4c035c9c0c0e624c9cc980dfa10f45e5
2025-08-18T22:43:56.6501854Z #13 extracting sha256:a1e4ad56dcecf442fba1cec05cd565ededfdc663e5172df9ef9394d96d4c96f8 6.5s done
2025-08-18T22:43:56.6504209Z #13 extracting sha256:987c1b4919ea2d87df20824aaef43a9de0575ac7df684579ad267c7e48c8eeea done
2025-08-18T22:43:56.6509649Z #13 extracting sha256:a858bd6d34e86a481a2e028e3ba489e662b3ac7713eba9a5d3bb97002c7d797e done
2025-08-18T22:43:56.6511033Z #13 extracting sha256:f1b3502db45ad485f0affe43e32fc81d699ddac01c023f198271a0a7e1cecd4c done
2025-08-18T22:43:56.6512314Z #13 extracting sha256:25ef78fb127c1934630de29a3d38f46e544360b1dcf5cfc09b25507fbe88fd75 done
2025-08-18T22:43:56.6513504Z #13 extracting sha256:240810240d04caaaccb11d51ba7c3a7f7d6f470ec2a80ee420a3d33899d9a303 done
2025-08-18T22:43:56.6515017Z #13 DONE 10.4s
2025-08-18T22:43:56.6520072Z 
2025-08-18T22:43:56.6521288Z #33 [postgres 2/6] RUN set -eux;     if [ -f /etc/apt/sources.list ]; then         sed -i 's|http://deb.debian.org|https://deb.debian.org|g' /etc/apt/sources.list;     fi;     apt-get update;     apt-get install -y locales;     locale-gen en_US.UTF-8;     rm -rf /var/lib/apt/lists/*
2025-08-18T22:43:56.8549276Z #33 0.211 + [ -f /etc/apt/sources.list ]
2025-08-18T22:43:56.8554750Z #33 0.211 + apt-get update
2025-08-18T22:43:56.9583684Z #33 0.283 Get:1 http://deb.debian.org/debian trixie InRelease [138 kB]
2025-08-18T22:43:56.9585184Z #33 0.322 Get:2 http://deb.debian.org/debian trixie-updates InRelease [47.1 kB]
2025-08-18T22:43:56.9587943Z #33 0.336 Get:3 http://deb.debian.org/debian-security trixie-security InRelease [43.4 kB]
2025-08-18T22:43:56.9588818Z #33 0.364 Get:4 http://deb.debian.org/debian trixie/main amd64 Packages [9,668 kB]
2025-08-18T22:43:57.0661654Z #33 0.383 Get:5 http://apt.postgresql.org/pub/repos/apt trixie-pgdg InRelease [107 kB]
2025-08-18T22:43:57.0663054Z #33 0.410 Get:6 http://apt.postgresql.org/pub/repos/apt trixie-pgdg/main amd64 Packages [334 kB]
2025-08-18T22:43:57.0667116Z #33 0.451 Get:7 http://apt.postgresql.org/pub/repos/apt trixie-pgdg/16 amd64 Packages [2,574 B]
2025-08-18T22:43:57.0668326Z #33 0.474 Get:8 http://deb.debian.org/debian trixie-updates/main amd64 Packages [2,432 B]
2025-08-18T22:43:57.0669832Z #33 0.475 Get:9 http://deb.debian.org/debian-security trixie-security/main amd64 Packages [11.2 kB]
2025-08-18T22:43:58.0798647Z #33 1.427 Fetched 10.4 MB in 1s (8,799 kB/s)
2025-08-18T22:43:58.9042424Z #33 1.427 Reading package lists...
2025-08-18T22:43:59.0160676Z #33 2.342 + apt-get install -y locales
2025-08-18T22:43:59.0162516Z #33 2.358 Reading package lists...
2025-08-18T22:43:59.0162915Z #33 ...
2025-08-18T22:43:59.0163071Z 
2025-08-18T22:43:59.0163597Z #34 [etl base 4/5] RUN if [ -n "" ] && [ -f "" ]; then         pip install -r requirements.txt -c "";     else         pip install -r requirements.txt;     fi
2025-08-18T22:43:59.0168397Z #34 2.806 Collecting keepa==1.3.14 (from -r requirements.txt (line 1))
2025-08-18T22:43:59.0169193Z #34 2.848   Downloading keepa-1.3.14-py3-none-any.whl.metadata (10 kB)
2025-08-18T22:43:59.0169950Z #34 2.921 Collecting minio==7.1.15 (from -r requirements.txt (line 2))
2025-08-18T22:43:59.0170687Z #34 2.936   Downloading minio-7.1.15-py3-none-any.whl.metadata (4.2 kB)
2025-08-18T22:43:59.0171429Z #34 3.009 Collecting celery==5.3.* (from -r requirements.txt (line 3))
2025-08-18T22:43:59.0172146Z #34 3.015   Downloading celery-5.3.6-py3-none-any.whl.metadata (21 kB)
2025-08-18T22:43:59.0172859Z #34 3.131 Collecting redis==5.* (from -r requirements.txt (line 4))
2025-08-18T22:43:59.0173561Z #34 3.137   Downloading redis-5.3.1-py3-none-any.whl.metadata (9.2 kB)
2025-08-18T22:43:59.0174637Z #34 3.253 Collecting python-amazon-sp-api==0.8.0 (from -r requirements.txt (line 5))
2025-08-18T22:43:59.0175638Z #34 3.264   Downloading python_amazon_sp_api-0.8.0-py3-none-any.whl.metadata (3.2 kB)
2025-08-18T22:43:59.0176521Z #34 3.306 Collecting pydantic-settings==2.2.1 (from -r requirements.txt (line 6))
2025-08-18T22:43:59.0177387Z #34 3.313   Downloading pydantic_settings-2.2.1-py3-none-any.whl.metadata (3.1 kB)
2025-08-18T22:43:59.0178160Z #34 3.671 Collecting numpy<2 (from -r requirements.txt (line 7))
2025-08-18T22:43:59.0179039Z #34 3.678   Downloading numpy-1.26.4-cp312-cp312-manylinux_2_17_x86_64.manylinux2014_x86_64.whl.metadata (61 kB)
2025-08-18T22:43:59.0179966Z #34 3.921 Collecting pandas==2.2.* (from -r requirements.txt (line 8))
2025-08-18T22:43:59.0180905Z #34 3.927   Downloading pandas-2.2.3-cp312-cp312-manylinux_2_17_x86_64.manylinux2014_x86_64.whl.metadata (89 kB)
2025-08-18T22:43:59.0181838Z #34 4.077 Collecting pandera==0.19.* (from -r requirements.txt (line 9))
2025-08-18T22:43:59.0182575Z #34 4.083   Downloading pandera-0.19.3-py3-none-any.whl.metadata (15 kB)
2025-08-18T22:43:59.0183320Z #34 4.148 Collecting openpyxl==3.1.* (from -r requirements.txt (line 10))
2025-08-18T22:43:59.0184141Z #34 4.153   Downloading openpyxl-3.1.5-py2.py3-none-any.whl.metadata (2.5 kB)
2025-08-18T22:43:59.0185842Z #34 4.257 Collecting psycopg2-binary==2.9.* (from -r requirements.txt (line 11))
2025-08-18T22:43:59.0186900Z #34 4.267   Downloading psycopg2_binary-2.9.10-cp312-cp312-manylinux_2_17_x86_64.manylinux2014_x86_64.whl.metadata (4.9 kB)
2025-08-18T22:43:59.0187951Z #34 4.335 Collecting requests>=2.2 (from keepa==1.3.14->-r requirements.txt (line 1))
2025-08-18T22:43:59.0188759Z #34 4.344   Downloading requests-2.32.5-py3-none-any.whl.metadata (4.9 kB)
2025-08-18T22:43:59.0189526Z #34 4.429 Collecting tqdm (from keepa==1.3.14->-r requirements.txt (line 1))
2025-08-18T22:43:59.0190255Z #34 4.436   Downloading tqdm-4.67.1-py3-none-any.whl.metadata (57 kB)
2025-08-18T22:43:59.0190980Z #34 5.287 Collecting aiohttp (from keepa==1.3.14->-r requirements.txt (line 1))
2025-08-18T22:43:59.0191945Z #34 5.301   Downloading aiohttp-3.12.15-cp312-cp312-manylinux_2_17_x86_64.manylinux2014_x86_64.whl.metadata (7.7 kB)
2025-08-18T22:43:59.0192929Z #34 5.517 Collecting pydantic (from keepa==1.3.14->-r requirements.txt (line 1))
2025-08-18T22:43:59.0194001Z #34 5.525   Downloading pydantic-2.11.7-py3-none-any.whl.metadata (67 kB)
2025-08-18T22:43:59.0195037Z #34 5.587 Collecting certifi (from minio==7.1.15->-r requirements.txt (line 2))
2025-08-18T22:43:59.0195814Z #34 5.597   Downloading certifi-2025.8.3-py3-none-any.whl.metadata (2.4 kB)
2025-08-18T22:43:59.0196852Z #34 5.657 Collecting urllib3 (from minio==7.1.15->-r requirements.txt (line 2))
2025-08-18T22:43:59.0197621Z #34 5.662   Downloading urllib3-2.5.0-py3-none-any.whl.metadata (6.5 kB)
2025-08-18T22:43:59.0198409Z #34 5.711 Collecting billiard<5.0,>=4.2.0 (from celery==5.3.*->-r requirements.txt (line 3))
2025-08-18T22:43:59.0199220Z #34 5.714   Downloading billiard-4.2.1-py3-none-any.whl.metadata (4.4 kB)
2025-08-18T22:43:59.0200060Z #34 5.742 Collecting click-didyoumean>=0.3.0 (from celery==5.3.*->-r requirements.txt (line 3))
2025-08-18T22:43:59.0200891Z #34 5.747   Downloading click_didyoumean-0.3.1-py3-none-any.whl.metadata (3.9 kB)
2025-08-18T22:43:59.0201739Z #34 5.775 Collecting click-plugins>=1.1.1 (from celery==5.3.*->-r requirements.txt (line 3))
2025-08-18T22:43:59.0202629Z #34 5.789   Downloading click_plugins-1.1.1.2-py2.py3-none-any.whl.metadata (6.5 kB)
2025-08-18T22:43:59.0203519Z #34 5.811 Collecting click-repl>=0.2.0 (from celery==5.3.*->-r requirements.txt (line 3))
2025-08-18T22:43:59.0204522Z #34 5.820   Downloading click_repl-0.3.0-py3-none-any.whl.metadata (3.6 kB)
2025-08-18T22:43:59.0205323Z #34 5.862 Collecting click<9.0,>=8.1.2 (from celery==5.3.*->-r requirements.txt (line 3))
2025-08-18T22:43:59.0206097Z #34 5.866   Downloading click-8.2.1-py3-none-any.whl.metadata (2.5 kB)
2025-08-18T22:43:59.0206883Z #34 5.950 Collecting kombu<6.0,>=5.3.4 (from celery==5.3.*->-r requirements.txt (line 3))
2025-08-18T22:43:59.0207640Z #34 5.961   Downloading kombu-5.5.4-py3-none-any.whl.metadata (3.5 kB)
2025-08-18T22:43:59.0208444Z #34 6.004 Collecting python-dateutil>=2.8.2 (from celery==5.3.*->-r requirements.txt (line 3))
2025-08-18T22:43:59.0209357Z #34 6.017   Downloading python_dateutil-2.9.0.post0-py2.py3-none-any.whl.metadata (8.4 kB)
2025-08-18T22:43:59.0210255Z #34 6.063 Collecting tzdata>=2022.7 (from celery==5.3.*->-r requirements.txt (line 3))
2025-08-18T22:43:59.0211084Z #34 6.071   Downloading tzdata-2025.2-py2.py3-none-any.whl.metadata (1.4 kB)
2025-08-18T22:43:59.0211868Z #34 6.094 Collecting vine<6.0,>=5.1.0 (from celery==5.3.*->-r requirements.txt (line 3))
2025-08-18T22:43:59.0212632Z #34 6.098   Downloading vine-5.1.0-py3-none-any.whl.metadata (2.7 kB)
2025-08-18T22:43:59.0213364Z #34 6.136 Collecting PyJWT>=2.9.0 (from redis==5.*->-r requirements.txt (line 4))
2025-08-18T22:43:59.0214105Z #34 6.142   Downloading PyJWT-2.10.1-py3-none-any.whl.metadata (4.0 kB)
2025-08-18T22:43:59.0215425Z #34 6.193 Collecting six<2,>=1.15 (from python-amazon-sp-api==0.8.0->-r requirements.txt (line 5))
2025-08-18T22:43:59.0216246Z #34 6.196   Downloading six-1.17.0-py2.py3-none-any.whl.metadata (1.7 kB)
2025-08-18T22:43:59.0217110Z #34 6.846 Collecting boto3<2,>=1.16.39 (from python-amazon-sp-api==0.8.0->-r requirements.txt (line 5))
2025-08-18T22:43:59.0217972Z #34 7.033   Downloading boto3-1.40.12-py3-none-any.whl.metadata (6.7 kB)
2025-08-18T22:43:59.0218855Z #34 7.309 Collecting cachetools~=4.2.0 (from python-amazon-sp-api==0.8.0->-r requirements.txt (line 5))
2025-08-18T22:43:59.0219784Z #34 7.316   Downloading cachetools-4.2.4-py3-none-any.whl.metadata (4.8 kB)
2025-08-18T22:43:59.0220701Z #34 7.512 Collecting pycryptodome (from python-amazon-sp-api==0.8.0->-r requirements.txt (line 5))
2025-08-18T22:43:59.0221855Z #34 7.523   Downloading pycryptodome-3.23.0-cp37-abi3-manylinux_2_17_x86_64.manylinux2014_x86_64.whl.metadata (3.4 kB)
2025-08-18T22:43:59.0222919Z #34 7.621 Collecting pytz (from python-amazon-sp-api==0.8.0->-r requirements.txt (line 5))
2025-08-18T22:43:59.0223761Z #34 7.629   Downloading pytz-2025.2-py2.py3-none-any.whl.metadata (22 kB)
2025-08-18T22:43:59.0224796Z #34 7.661 Collecting confuse~=1.4.0 (from python-amazon-sp-api==0.8.0->-r requirements.txt (line 5))
2025-08-18T22:43:59.0225744Z #34 7.670   Downloading confuse-1.4.0-py2.py3-none-any.whl.metadata (3.8 kB)
2025-08-18T22:43:59.0226659Z #34 7.758 Collecting python-dotenv>=0.21.0 (from pydantic-settings==2.2.1->-r requirements.txt (line 6))
2025-08-18T22:43:59.0227801Z #34 7.766   Downloading python_dotenv-1.1.1-py3-none-any.whl.metadata (24 kB)
2025-08-18T22:43:59.0228662Z #34 7.831 Collecting multimethod<=1.10.0 (from pandera==0.19.*->-r requirements.txt (line 9))
2025-08-18T22:43:59.0229517Z #34 7.837   Downloading multimethod-1.10-py3-none-any.whl.metadata (8.2 kB)
2025-08-18T22:43:59.0230340Z #34 7.894 Collecting packaging>=20.0 (from pandera==0.19.*->-r requirements.txt (line 9))
2025-08-18T22:43:59.0231169Z #34 7.900   Downloading packaging-25.0-py3-none-any.whl.metadata (3.3 kB)
2025-08-18T22:43:59.0231959Z #34 7.955 Collecting typeguard (from pandera==0.19.*->-r requirements.txt (line 9))
2025-08-18T22:43:59.0232768Z #34 7.968   Downloading typeguard-4.4.4-py3-none-any.whl.metadata (3.3 kB)
2025-08-18T22:43:59.0233627Z #34 7.987 Collecting typing-inspect>=0.6.0 (from pandera==0.19.*->-r requirements.txt (line 9))
2025-08-18T22:43:59.0234670Z #34 7.991   Downloading typing_inspect-0.9.0-py3-none-any.whl.metadata (1.5 kB)
2025-08-18T22:43:59.0235484Z #34 8.167 Collecting wrapt (from pandera==0.19.*->-r requirements.txt (line 9))
2025-08-18T22:43:59.0236525Z #34 8.174   Downloading wrapt-1.17.3-cp312-cp312-manylinux1_x86_64.manylinux_2_28_x86_64.manylinux_2_5_x86_64.whl.metadata (6.4 kB)
2025-08-18T22:43:59.0237613Z #34 8.194 Collecting et-xmlfile (from openpyxl==3.1.*->-r requirements.txt (line 10))
2025-08-18T22:43:59.0238418Z #34 8.201   Downloading et_xmlfile-2.0.0-py3-none-any.whl.metadata (2.7 kB)
2025-08-18T22:43:59.0239387Z #34 8.896 Collecting botocore<1.41.0,>=1.40.12 (from boto3<2,>=1.16.39->python-amazon-sp-api==0.8.0->-r requirements.txt (line 5))
2025-08-18T22:43:59.0240361Z #34 8.902   Downloading botocore-1.40.12-py3-none-any.whl.metadata (5.7 kB)
2025-08-18T22:43:59.0241239Z #34 8.936 Collecting jmespath<2.0.0,>=0.7.1 (from boto3<2,>=1.16.39->python-amazon-sp-api==0.8.0->-r requirements.txt (line 5))
2025-08-18T22:43:59.0242005Z #34 8.943   Downloading jmespath-1.0.1-py3-none-any.whl.metadata (7.6 kB)
2025-08-18T22:43:59.0242864Z #34 8.976 Collecting s3transfer<0.14.0,>=0.13.0 (from boto3<2,>=1.16.39->python-amazon-sp-api==0.8.0->-r requirements.txt (line 5))
2025-08-18T22:43:59.0243856Z #34 8.983   Downloading s3transfer-0.13.1-py3-none-any.whl.metadata (1.7 kB)
2025-08-18T22:43:59.0248652Z #34 9.071 Collecting prompt-toolkit>=3.0.36 (from click-repl>=0.2.0->celery==5.3.*->-r requirements.txt (line 3))
2025-08-18T22:43:59.0249666Z #34 9.080   Downloading prompt_toolkit-3.0.51-py3-none-any.whl.metadata (6.4 kB)
2025-08-18T22:43:59.0250635Z #34 9.139 Collecting pyyaml (from confuse~=1.4.0->python-amazon-sp-api==0.8.0->-r requirements.txt (line 5))
2025-08-18T22:43:59.0251834Z #34 9.147   Downloading PyYAML-6.0.2-cp312-cp312-manylinux_2_17_x86_64.manylinux2014_x86_64.whl.metadata (2.1 kB)
2025-08-18T22:43:59.0252917Z #34 9.195 Collecting amqp<6.0.0,>=5.1.1 (from kombu<6.0,>=5.3.4->celery==5.3.*->-r requirements.txt (line 3))
2025-08-18T22:43:59.0253754Z #34 9.273   Downloading amqp-5.3.1-py3-none-any.whl.metadata (8.9 kB)
2025-08-18T22:43:59.0254816Z #34 9.313 Collecting annotated-types>=0.6.0 (from pydantic->keepa==1.3.14->-r requirements.txt (line 1))
2025-08-18T22:43:59.0255767Z #34 9.325   Downloading annotated_types-0.7.0-py3-none-any.whl.metadata (15 kB)
2025-08-18T22:43:59.1226210Z #34 ...
2025-08-18T22:43:59.1229573Z 
2025-08-18T22:43:59.1231955Z #35 [api base  4/13] RUN pip install --no-cache-dir -r requirements.txt
2025-08-18T22:43:59.1259869Z #35 2.987 Collecting uvicorn==0.29.0 (from -r requirements.txt (line 1))
2025-08-18T22:43:59.1260655Z #35 3.065   Downloading uvicorn-0.29.0-py3-none-any.whl.metadata (6.3 kB)
2025-08-18T22:43:59.1261455Z #35 3.100 Collecting pydantic-settings==2.2.1 (from -r requirements.txt (line 2))
2025-08-18T22:43:59.1262306Z #35 3.114   Downloading pydantic_settings-2.2.1-py3-none-any.whl.metadata (3.1 kB)
2025-08-18T22:43:59.1263427Z #35 3.206 Collecting fastapi==0.111.0 (from -r requirements.txt (line 3))
2025-08-18T22:43:59.1264198Z #35 3.224   Downloading fastapi-0.111.0-py3-none-any.whl.metadata (25 kB)
2025-08-18T22:43:59.1265801Z #35 3.657 Collecting sqlalchemy==2.0.29 (from -r requirements.txt (line 4))
2025-08-18T22:43:59.1266772Z #35 3.678   Downloading SQLAlchemy-2.0.29-cp312-cp312-manylinux_2_17_x86_64.manylinux2014_x86_64.whl.metadata (9.6 kB)
2025-08-18T22:43:59.1267724Z #35 3.732 Collecting alembic==1.13.1 (from -r requirements.txt (line 5))
2025-08-18T22:43:59.1268424Z #35 3.748   Downloading alembic-1.13.1-py3-none-any.whl.metadata (7.4 kB)
2025-08-18T22:43:59.1269243Z #35 3.791 Collecting psycopg==3.2.9 (from psycopg[binary]==3.2.9->-r requirements.txt (line 6))
2025-08-18T22:43:59.1270067Z #35 3.817   Downloading psycopg-3.2.9-py3-none-any.whl.metadata (4.5 kB)
2025-08-18T22:43:59.1270784Z #35 3.866 Collecting httpx==0.27.2 (from -r requirements.txt (line 7))
2025-08-18T22:43:59.1271504Z #35 3.883   Downloading httpx-0.27.2-py3-none-any.whl.metadata (7.1 kB)
2025-08-18T22:43:59.1272211Z #35 3.944 Collecting asyncpg==0.29.0 (from -r requirements.txt (line 8))
2025-08-18T22:43:59.1273143Z #35 3.961   Downloading asyncpg-0.29.0-cp312-cp312-manylinux_2_17_x86_64.manylinux2014_x86_64.whl.metadata (4.4 kB)
2025-08-18T22:43:59.1274034Z #35 4.450 Collecting boto3==1.34.162 (from -r requirements.txt (line 9))
2025-08-18T22:43:59.1274924Z #35 4.524   Downloading boto3-1.34.162-py3-none-any.whl.metadata (6.6 kB)
2025-08-18T22:43:59.1275637Z #35 4.556 Collecting Jinja2==3.1.5 (from -r requirements.txt (line 10))
2025-08-18T22:43:59.1276339Z #35 4.572   Downloading jinja2-3.1.5-py3-none-any.whl.metadata (2.6 kB)
2025-08-18T22:43:59.1277033Z #35 4.646 Collecting celery==5.3.* (from -r requirements.txt (line 11))
2025-08-18T22:43:59.1277717Z #35 4.662   Downloading celery-5.3.6-py3-none-any.whl.metadata (21 kB)
2025-08-18T22:43:59.1278444Z #35 4.740 Collecting structlog==24.1.0 (from -r requirements.txt (line 12))
2025-08-18T22:43:59.1279186Z #35 4.759   Downloading structlog-24.1.0-py3-none-any.whl.metadata (6.9 kB)
2025-08-18T22:43:59.1279989Z #35 4.788 Collecting asgi-correlation-id==4.3.1 (from -r requirements.txt (line 13))
2025-08-18T22:43:59.1280835Z #35 4.803   Downloading asgi_correlation_id-4.3.1-py3-none-any.whl.metadata (28 kB)
2025-08-18T22:43:59.1281643Z #35 4.825 Collecting fastapi-limiter==0.1.6 (from -r requirements.txt (line 14))
2025-08-18T22:43:59.1282442Z #35 4.842   Downloading fastapi_limiter-0.1.6-py3-none-any.whl.metadata (5.3 kB)
2025-08-18T22:43:59.1283137Z #35 4.884 Collecting redis==5.0.8 (from -r requirements.txt (line 15))
2025-08-18T22:43:59.1283858Z #35 4.900   Downloading redis-5.0.8-py3-none-any.whl.metadata (9.2 kB)
2025-08-18T22:43:59.1284977Z #35 4.996 Collecting sentry-sdk==2.9.0 (from sentry-sdk[celery,fastapi,sqlalchemy]==2.9.0->-r requirements.txt (line 16))
2025-08-18T22:43:59.1285978Z #35 5.012   Downloading sentry_sdk-2.9.0-py2.py3-none-any.whl.metadata (14 kB)
2025-08-18T22:43:59.1286768Z #35 5.143 Collecting click>=7.0 (from uvicorn==0.29.0->-r requirements.txt (line 1))
2025-08-18T22:43:59.1287556Z #35 5.159   Downloading click-8.2.1-py3-none-any.whl.metadata (2.5 kB)
2025-08-18T22:43:59.1288260Z #35 5.176 Collecting h11>=0.8 (from uvicorn==0.29.0->-r requirements.txt (line 1))
2025-08-18T22:43:59.1288954Z #35 5.194   Downloading h11-0.16.0-py3-none-any.whl.metadata (8.3 kB)
2025-08-18T22:43:59.1289738Z #35 5.355 Collecting pydantic>=2.3.0 (from pydantic-settings==2.2.1->-r requirements.txt (line 2))
2025-08-18T22:43:59.1290580Z #35 5.370   Downloading pydantic-2.11.7-py3-none-any.whl.metadata (67 kB)
2025-08-18T22:43:59.1291466Z #35 5.415 Collecting python-dotenv>=0.21.0 (from pydantic-settings==2.2.1->-r requirements.txt (line 2))
2025-08-18T22:43:59.1292355Z #35 5.431   Downloading python_dotenv-1.1.1-py3-none-any.whl.metadata (24 kB)
2025-08-18T22:43:59.1293191Z #35 5.485 Collecting starlette<0.38.0,>=0.37.2 (from fastapi==0.111.0->-r requirements.txt (line 3))
2025-08-18T22:43:59.1294187Z #35 5.500   Downloading starlette-0.37.2-py3-none-any.whl.metadata (5.9 kB)
2025-08-18T22:43:59.1335501Z #35 5.595 Collecting typing-extensions>=4.8.0 (from fastapi==0.111.0->-r requirements.txt (line 3))
2025-08-18T22:43:59.1336636Z #35 5.610   Downloading typing_extensions-4.14.1-py3-none-any.whl.metadata (3.0 kB)
2025-08-18T22:43:59.1337514Z #35 5.629 Collecting fastapi-cli>=0.0.2 (from fastapi==0.111.0->-r requirements.txt (line 3))
2025-08-18T22:43:59.1338371Z #35 5.647   Downloading fastapi_cli-0.0.8-py3-none-any.whl.metadata (6.3 kB)
2025-08-18T22:43:59.1339195Z #35 5.694 Collecting python-multipart>=0.0.7 (from fastapi==0.111.0->-r requirements.txt (line 3))
2025-08-18T22:43:59.1340098Z #35 5.710   Downloading python_multipart-0.0.20-py3-none-any.whl.metadata (1.8 kB)
2025-08-18T22:43:59.1341001Z #35 5.790 Collecting ujson!=4.0.2,!=4.1.0,!=4.2.0,!=4.3.0,!=5.0.0,!=5.1.0,>=4.0.1 (from fastapi==0.111.0->-r requirements.txt (line 3))
2025-08-18T22:43:59.1342069Z #35 5.808   Downloading ujson-5.10.0-cp312-cp312-manylinux_2_17_x86_64.manylinux2014_x86_64.whl.metadata (9.3 kB)
2025-08-18T22:43:59.1343068Z #35 6.157 Collecting orjson>=3.2.1 (from fastapi==0.111.0->-r requirements.txt (line 3))
2025-08-18T22:43:59.1344000Z #35 6.174   Downloading orjson-3.11.2-cp312-cp312-manylinux_2_17_x86_64.manylinux2014_x86_64.whl.metadata (1.2 kB)
2025-08-18T22:43:59.1345234Z #35 6.195 Collecting email_validator>=2.0.0 (from fastapi==0.111.0->-r requirements.txt (line 3))
2025-08-18T22:43:59.1346168Z #35 6.211   Downloading email_validator-2.2.0-py3-none-any.whl.metadata (25 kB)
2025-08-18T22:43:59.1346997Z #35 6.409 Collecting greenlet!=0.4.17 (from sqlalchemy==2.0.29->-r requirements.txt (line 4))
2025-08-18T22:43:59.1347966Z #35 6.424   Downloading greenlet-3.2.4-cp312-cp312-manylinux_2_24_x86_64.manylinux_2_28_x86_64.whl.metadata (4.1 kB)
2025-08-18T22:43:59.1348891Z #35 6.491 Collecting Mako (from alembic==1.13.1->-r requirements.txt (line 5))
2025-08-18T22:43:59.1349600Z #35 6.508   Downloading mako-1.3.10-py3-none-any.whl.metadata (2.9 kB)
2025-08-18T22:43:59.1350320Z #35 6.562 Collecting anyio (from httpx==0.27.2->-r requirements.txt (line 7))
2025-08-18T22:43:59.1351040Z #35 6.581   Downloading anyio-4.10.0-py3-none-any.whl.metadata (4.0 kB)
2025-08-18T22:43:59.1351838Z #35 6.629 Collecting certifi (from httpx==0.27.2->-r requirements.txt (line 7))
2025-08-18T22:43:59.1352599Z #35 6.646   Downloading certifi-2025.8.3-py3-none-any.whl.metadata (2.4 kB)
2025-08-18T22:43:59.1353401Z #35 6.673 Collecting httpcore==1.* (from httpx==0.27.2->-r requirements.txt (line 7))
2025-08-18T22:43:59.1354194Z #35 6.689   Downloading httpcore-1.0.9-py3-none-any.whl.metadata (21 kB)
2025-08-18T22:43:59.1355063Z #35 6.705 Collecting idna (from httpx==0.27.2->-r requirements.txt (line 7))
2025-08-18T22:43:59.1355731Z #35 6.966   Downloading idna-3.10-py3-none-any.whl.metadata (10 kB)
2025-08-18T22:43:59.1356453Z #35 7.016 Collecting sniffio (from httpx==0.27.2->-r requirements.txt (line 7))
2025-08-18T22:43:59.1357234Z #35 7.068   Downloading sniffio-1.3.1-py3-none-any.whl.metadata (3.9 kB)
2025-08-18T22:43:59.1358074Z #35 7.617 Collecting botocore<1.35.0,>=1.34.162 (from boto3==1.34.162->-r requirements.txt (line 9))
2025-08-18T22:43:59.1358906Z #35 7.633   Downloading botocore-1.34.162-py3-none-any.whl.metadata (5.7 kB)
2025-08-18T22:43:59.1359708Z #35 7.652 Collecting jmespath<2.0.0,>=0.7.1 (from boto3==1.34.162->-r requirements.txt (line 9))
2025-08-18T22:43:59.1360491Z #35 7.671   Downloading jmespath-1.0.1-py3-none-any.whl.metadata (7.6 kB)
2025-08-18T22:43:59.1361278Z #35 7.704 Collecting s3transfer<0.11.0,>=0.10.0 (from boto3==1.34.162->-r requirements.txt (line 9))
2025-08-18T22:43:59.1362078Z #35 7.723   Downloading s3transfer-0.10.4-py3-none-any.whl.metadata (1.7 kB)
2025-08-18T22:43:59.1362910Z #35 7.808 Collecting MarkupSafe>=2.0 (from Jinja2==3.1.5->-r requirements.txt (line 10))
2025-08-18T22:43:59.1363914Z #35 7.824   Downloading MarkupSafe-3.0.2-cp312-cp312-manylinux_2_17_x86_64.manylinux2014_x86_64.whl.metadata (4.0 kB)
2025-08-18T22:43:59.1398571Z #35 7.857 Collecting billiard<5.0,>=4.2.0 (from celery==5.3.*->-r requirements.txt (line 11))
2025-08-18T22:43:59.1399419Z #35 7.872   Downloading billiard-4.2.1-py3-none-any.whl.metadata (4.4 kB)
2025-08-18T22:43:59.1400514Z #35 7.884 Collecting click-didyoumean>=0.3.0 (from celery==5.3.*->-r requirements.txt (line 11))
2025-08-18T22:43:59.1401417Z #35 7.903   Downloading click_didyoumean-0.3.1-py3-none-any.whl.metadata (3.9 kB)
2025-08-18T22:43:59.1402294Z #35 7.912 Collecting click-plugins>=1.1.1 (from celery==5.3.*->-r requirements.txt (line 11))
2025-08-18T22:43:59.1403200Z #35 7.927   Downloading click_plugins-1.1.1.2-py2.py3-none-any.whl.metadata (6.5 kB)
2025-08-18T22:43:59.1404086Z #35 7.944 Collecting click-repl>=0.2.0 (from celery==5.3.*->-r requirements.txt (line 11))
2025-08-18T22:43:59.1405129Z #35 7.959   Downloading click_repl-0.3.0-py3-none-any.whl.metadata (3.6 kB)
2025-08-18T22:43:59.1405956Z #35 8.032 Collecting kombu<6.0,>=5.3.4 (from celery==5.3.*->-r requirements.txt (line 11))
2025-08-18T22:43:59.1406773Z #35 8.050   Downloading kombu-5.5.4-py3-none-any.whl.metadata (3.5 kB)
2025-08-18T22:43:59.1407638Z #35 8.078 Collecting python-dateutil>=2.8.2 (from celery==5.3.*->-r requirements.txt (line 11))
2025-08-18T22:43:59.1408611Z #35 8.092   Downloading python_dateutil-2.9.0.post0-py2.py3-none-any.whl.metadata (8.4 kB)
2025-08-18T22:43:59.1409445Z #35 8.122 Collecting tzdata>=2022.7 (from celery==5.3.*->-r requirements.txt (line 11))
2025-08-18T22:43:59.1410293Z #35 8.140   Downloading tzdata-2025.2-py2.py3-none-any.whl.metadata (1.4 kB)
2025-08-18T22:43:59.1411107Z #35 8.155 Collecting vine<6.0,>=5.1.0 (from celery==5.3.*->-r requirements.txt (line 11))
2025-08-18T22:43:59.1411890Z #35 8.170   Downloading vine-5.1.0-py3-none-any.whl.metadata (2.7 kB)
2025-08-18T22:43:59.1412996Z #35 8.256 Collecting urllib3>=1.26.11 (from sentry-sdk==2.9.0->sentry-sdk[celery,fastapi,sqlalchemy]==2.9.0->-r requirements.txt (line 16))
2025-08-18T22:43:59.1414066Z #35 8.270   Downloading urllib3-2.5.0-py3-none-any.whl.metadata (6.5 kB)
2025-08-18T22:43:59.1445230Z #35 8.497 Collecting psycopg-binary==3.2.9 (from psycopg[binary]==3.2.9->-r requirements.txt (line 6))
2025-08-18T22:43:59.1446397Z #35 8.518   Downloading psycopg_binary-3.2.9-cp312-cp312-manylinux_2_17_x86_64.manylinux2014_x86_64.whl.metadata (2.9 kB)
2025-08-18T22:43:59.1447589Z #35 8.711 Collecting prompt-toolkit>=3.0.36 (from click-repl>=0.2.0->celery==5.3.*->-r requirements.txt (line 11))
2025-08-18T22:43:59.1448562Z #35 8.727   Downloading prompt_toolkit-3.0.51-py3-none-any.whl.metadata (6.4 kB)
2025-08-18T22:43:59.1449569Z #35 8.748 Collecting dnspython>=2.0.0 (from email_validator>=2.0.0->fastapi==0.111.0->-r requirements.txt (line 3))
2025-08-18T22:43:59.1450516Z #35 8.765   Downloading dnspython-2.7.0-py3-none-any.whl.metadata (5.8 kB)
2025-08-18T22:43:59.1451449Z #35 8.809 Collecting typer>=0.15.1 (from fastapi-cli>=0.0.2->fastapi==0.111.0->-r requirements.txt (line 3))
2025-08-18T22:43:59.1452321Z #35 8.823   Downloading typer-0.16.1-py3-none-any.whl.metadata (15 kB)
2025-08-18T22:43:59.1453216Z #35 8.863 Collecting rich-toolkit>=0.14.8 (from fastapi-cli>=0.0.2->fastapi==0.111.0->-r requirements.txt (line 3))
2025-08-18T22:43:59.1454211Z #35 8.880   Downloading rich_toolkit-0.15.0-py3-none-any.whl.metadata (1.0 kB)
2025-08-18T22:43:59.1455421Z #35 8.926 Collecting amqp<6.0.0,>=5.1.1 (from kombu<6.0,>=5.3.4->celery==5.3.*->-r requirements.txt (line 11))
2025-08-18T22:43:59.1456281Z #35 8.949   Downloading amqp-5.3.1-py3-none-any.whl.metadata (8.9 kB)
2025-08-18T22:43:59.1457141Z #35 8.977 Collecting packaging (from kombu<6.0,>=5.3.4->celery==5.3.*->-r requirements.txt (line 11))
2025-08-18T22:43:59.1458046Z #35 8.992   Downloading packaging-25.0-py3-none-any.whl.metadata (3.3 kB)
2025-08-18T22:43:59.1459075Z #35 9.017 Collecting annotated-types>=0.6.0 (from pydantic>=2.3.0->pydantic-settings==2.2.1->-r requirements.txt (line 2))
2025-08-18T22:43:59.1460340Z #35 9.032   Downloading annotated_types-0.7.0-py3-none-any.whl.metadata (15 kB)
2025-08-18T22:43:59.1461385Z #35 10.09 Collecting pydantic-core==2.33.2 (from pydantic>=2.3.0->pydantic-settings==2.2.1->-r requirements.txt (line 2))
2025-08-18T22:43:59.1462776Z #35 10.11   Downloading pydantic_core-2.33.2-cp312-cp312-manylinux_2_17_x86_64.manylinux2014_x86_64.whl.metadata (6.8 kB)
2025-08-18T22:43:59.1463987Z #35 10.13 Collecting typing-inspection>=0.4.0 (from pydantic>=2.3.0->pydantic-settings==2.2.1->-r requirements.txt (line 2))
2025-08-18T22:43:59.1465273Z #35 10.14   Downloading typing_inspection-0.4.1-py3-none-any.whl.metadata (2.6 kB)
2025-08-18T22:43:59.1466223Z #35 10.19 Collecting six>=1.5 (from python-dateutil>=2.8.2->celery==5.3.*->-r requirements.txt (line 11))
2025-08-18T22:43:59.2670807Z #35 10.21   Downloading six-1.17.0-py2.py3-none-any.whl.metadata (1.7 kB)
2025-08-18T22:43:59.2675689Z #35 ...
2025-08-18T22:43:59.2687298Z 
2025-08-18T22:43:59.2701132Z #32 [api stage-1 3/6] RUN set -eux;     if [ -f /etc/apt/sources.list ]; then         sed -i 's|http://deb.debian.org|https://deb.debian.org|g' /etc/apt/sources.list;     fi;     apt-get update;     apt-get install -y --no-install-recommends tzdata postgresql-client curl;     rm -rf /var/lib/apt/lists/*
2025-08-18T22:43:59.2702963Z #32 7.892 Selecting previously unselected package perl.
2025-08-18T22:43:59.2703622Z #32 7.894 Preparing to unpack .../04-perl_5.40.1-6_amd64.deb ...
2025-08-18T22:43:59.2704159Z #32 7.896 Unpacking perl (5.40.1-6) ...
2025-08-18T22:43:59.2704928Z #32 7.945 Selecting previously unselected package libbrotli1:amd64.
2025-08-18T22:43:59.2705613Z #32 7.945 Preparing to unpack .../05-libbrotli1_1.1.0-2+b7_amd64.deb ...
2025-08-18T22:43:59.2706225Z #32 7.949 Unpacking libbrotli1:amd64 (1.1.0-2+b7) ...
2025-08-18T22:43:59.2706847Z #32 7.984 Selecting previously unselected package libkrb5support0:amd64.
2025-08-18T22:43:59.2707595Z #32 7.986 Preparing to unpack .../06-libkrb5support0_1.21.3-5_amd64.deb ...
2025-08-18T22:43:59.2708226Z #32 7.987 Unpacking libkrb5support0:amd64 (1.21.3-5) ...
2025-08-18T22:43:59.2708854Z #32 8.009 Selecting previously unselected package libcom-err2:amd64.
2025-08-18T22:43:59.2709658Z #32 8.010 Preparing to unpack .../07-libcom-err2_1.47.2-3+b3_amd64.deb ...
2025-08-18T22:43:59.2710278Z #32 8.011 Unpacking libcom-err2:amd64 (1.47.2-3+b3) ...
2025-08-18T22:43:59.2710877Z #32 8.050 Selecting previously unselected package libk5crypto3:amd64.
2025-08-18T22:43:59.2711557Z #32 8.050 Preparing to unpack .../08-libk5crypto3_1.21.3-5_amd64.deb ...
2025-08-18T22:43:59.2712141Z #32 8.057 Unpacking libk5crypto3:amd64 (1.21.3-5) ...
2025-08-18T22:43:59.2712738Z #32 8.095 Selecting previously unselected package libkeyutils1:amd64.
2025-08-18T22:43:59.2713415Z #32 8.095 Preparing to unpack .../09-libkeyutils1_1.6.3-6_amd64.deb ...
2025-08-18T22:43:59.2714007Z #32 8.096 Unpacking libkeyutils1:amd64 (1.6.3-6) ...
2025-08-18T22:43:59.2714787Z #32 8.147 Selecting previously unselected package libkrb5-3:amd64.
2025-08-18T22:43:59.2715466Z #32 8.151 Preparing to unpack .../10-libkrb5-3_1.21.3-5_amd64.deb ...
2025-08-18T22:43:59.2716029Z #32 8.151 Unpacking libkrb5-3:amd64 (1.21.3-5) ...
2025-08-18T22:43:59.2716626Z #32 8.202 Selecting previously unselected package libgssapi-krb5-2:amd64.
2025-08-18T22:43:59.2717364Z #32 8.204 Preparing to unpack .../11-libgssapi-krb5-2_1.21.3-5_amd64.deb ...
2025-08-18T22:43:59.2717986Z #32 8.206 Unpacking libgssapi-krb5-2:amd64 (1.21.3-5) ...
2025-08-18T22:43:59.2718624Z #32 8.245 Selecting previously unselected package libunistring5:amd64.
2025-08-18T22:43:59.2719300Z #32 8.247 Preparing to unpack .../12-libunistring5_1.3-2_amd64.deb ...
2025-08-18T22:43:59.2719892Z #32 8.250 Unpacking libunistring5:amd64 (1.3-2) ...
2025-08-18T22:43:59.2722375Z #32 8.322 Selecting previously unselected package libidn2-0:amd64.
2025-08-18T22:43:59.2723203Z #32 8.324 Preparing to unpack .../13-libidn2-0_2.3.8-2_amd64.deb ...
2025-08-18T22:43:59.2723873Z #32 8.327 Unpacking libidn2-0:amd64 (2.3.8-2) ...
2025-08-18T22:43:59.2725019Z #32 8.389 Selecting previously unselected package libsasl2-modules-db:amd64.
2025-08-18T22:43:59.2725977Z #32 8.389 Preparing to unpack .../14-libsasl2-modules-db_2.1.28+dfsg1-9_amd64.deb ...
2025-08-18T22:43:59.2727300Z #32 8.402 Unpacking libsasl2-modules-db:amd64 (2.1.28+dfsg1-9) ...
2025-08-18T22:43:59.2728091Z #32 8.485 Selecting previously unselected package libsasl2-2:amd64.
2025-08-18T22:43:59.2728921Z #32 8.485 Preparing to unpack .../15-libsasl2-2_2.1.28+dfsg1-9_amd64.deb ...
2025-08-18T22:43:59.2729683Z #32 8.490 Unpacking libsasl2-2:amd64 (2.1.28+dfsg1-9) ...
2025-08-18T22:43:59.2730391Z #32 8.560 Selecting previously unselected package libldap2:amd64.
2025-08-18T22:43:59.2731169Z #32 8.560 Preparing to unpack .../16-libldap2_2.6.10+dfsg-1_amd64.deb ...
2025-08-18T22:43:59.2731903Z #32 8.561 Unpacking libldap2:amd64 (2.6.10+dfsg-1) ...
2025-08-18T22:43:59.2732470Z #32 8.621 Selecting previously unselected package libnghttp2-14:amd64.
2025-08-18T22:43:59.2733304Z #32 8.623 Preparing to unpack .../17-libnghttp2-14_1.64.0-1.1_amd64.deb ...
2025-08-18T22:43:59.2734600Z #32 8.635 Unpacking libnghttp2-14:amd64 (1.64.0-1.1) ...
2025-08-18T22:43:59.2735362Z #32 8.699 Selecting previously unselected package libnghttp3-9:amd64.
2025-08-18T22:43:59.2736175Z #32 8.700 Preparing to unpack .../18-libnghttp3-9_1.8.0-1_amd64.deb ...
2025-08-18T22:43:59.2736894Z #32 8.707 Unpacking libnghttp3-9:amd64 (1.8.0-1) ...
2025-08-18T22:43:59.2737600Z #32 8.768 Selecting previously unselected package libpsl5t64:amd64.
2025-08-18T22:43:59.2738401Z #32 8.770 Preparing to unpack .../19-libpsl5t64_0.21.2-1.1+b1_amd64.deb ...
2025-08-18T22:43:59.2739144Z #32 8.771 Unpacking libpsl5t64:amd64 (0.21.2-1.1+b1) ...
2025-08-18T22:43:59.2739706Z #32 8.810 Selecting previously unselected package libp11-kit0:amd64.
2025-08-18T22:43:59.2740493Z #32 8.812 Preparing to unpack .../20-libp11-kit0_0.25.5-3_amd64.deb ...
2025-08-18T22:43:59.2741180Z #32 8.813 Unpacking libp11-kit0:amd64 (0.25.5-3) ...
2025-08-18T22:43:59.2741876Z #32 8.875 Selecting previously unselected package libtasn1-6:amd64.
2025-08-18T22:43:59.2742648Z #32 8.875 Preparing to unpack .../21-libtasn1-6_4.20.0-2_amd64.deb ...
2025-08-18T22:43:59.2743351Z #32 8.884 Unpacking libtasn1-6:amd64 (4.20.0-2) ...
2025-08-18T22:43:59.2744061Z #32 8.933 Selecting previously unselected package libgnutls30t64:amd64.
2025-08-18T22:43:59.2745017Z #32 8.935 Preparing to unpack .../22-libgnutls30t64_3.8.9-3_amd64.deb ...
2025-08-18T22:43:59.2745861Z #32 8.936 Unpacking libgnutls30t64:amd64 (3.8.9-3) ...
2025-08-18T22:43:59.2746690Z #32 9.035 Selecting previously unselected package librtmp1:amd64.
2025-08-18T22:43:59.2747655Z #32 9.035 Preparing to unpack .../23-librtmp1_2.4+20151223.gitfa8646d.1-2+b5_amd64.deb ...
2025-08-18T22:43:59.2748552Z #32 9.036 Unpacking librtmp1:amd64 (2.4+20151223.gitfa8646d.1-2+b5) ...
2025-08-18T22:43:59.2749248Z #32 9.066 Selecting previously unselected package libssh2-1t64:amd64.
2025-08-18T22:43:59.2749955Z #32 9.071 Preparing to unpack .../24-libssh2-1t64_1.11.1-1_amd64.deb ...
2025-08-18T22:43:59.2750560Z #32 9.074 Unpacking libssh2-1t64:amd64 (1.11.1-1) ...
2025-08-18T22:43:59.2751166Z #32 9.123 Selecting previously unselected package libcurl4t64:amd64.
2025-08-18T22:43:59.2751844Z #32 9.125 Preparing to unpack .../25-libcurl4t64_8.14.1-2_amd64.deb ...
2025-08-18T22:43:59.2752435Z #32 9.131 Unpacking libcurl4t64:amd64 (8.14.1-2) ...
2025-08-18T22:43:59.2752957Z #32 9.208 Selecting previously unselected package curl.
2025-08-18T22:43:59.2753527Z #32 9.208 Preparing to unpack .../26-curl_8.14.1-2_amd64.deb ...
2025-08-18T22:43:59.2754055Z #32 9.210 Unpacking curl (8.14.1-2) ...
2025-08-18T22:43:59.2754783Z #32 9.286 Selecting previously unselected package libpq5:amd64.
2025-08-18T22:43:59.2755413Z #32 9.294 Preparing to unpack .../27-libpq5_17.5-1_amd64.deb ...
2025-08-18T22:43:59.2755944Z #32 9.295 Unpacking libpq5:amd64 (17.5-1) ...
2025-08-18T22:43:59.2756562Z #32 9.379 Selecting previously unselected package postgresql-client-common.
2025-08-18T22:43:59.2757544Z #32 9.379 Preparing to unpack .../28-postgresql-client-common_278_all.deb ...
2025-08-18T22:43:59.2758232Z #32 9.398 Unpacking postgresql-client-common (278) ...
2025-08-18T22:43:59.2758880Z #32 9.469 Selecting previously unselected package postgresql-client-17.
2025-08-18T22:43:59.2759835Z #32 9.476 Preparing to unpack .../29-postgresql-client-17_17.5-1_amd64.deb ...
2025-08-18T22:43:59.2760464Z #32 9.478 Unpacking postgresql-client-17 (17.5-1) ...
2025-08-18T22:43:59.2761057Z #32 9.830 Selecting previously unselected package postgresql-client.
2025-08-18T22:43:59.2761732Z #32 9.833 Preparing to unpack .../30-postgresql-client_17+278_all.deb ...
2025-08-18T22:43:59.2762300Z #32 9.834 Unpacking postgresql-client (17+278) ...
2025-08-18T22:43:59.2762781Z #32 9.897 Setting up libkeyutils1:amd64 (1.6.3-6) ...
2025-08-18T22:43:59.2763284Z #32 9.909 Setting up libgdbm-compat4t64:amd64 (1.24-2) ...
2025-08-18T22:43:59.2763788Z #32 9.912 Setting up libbrotli1:amd64 (1.1.0-2+b7) ...
2025-08-18T22:43:59.2764595Z #32 9.920 Setting up libnghttp2-14:amd64 (1.64.0-1.1) ...
2025-08-18T22:43:59.2765104Z #32 9.926 Setting up libcom-err2:amd64 (1.47.2-3+b3) ...
2025-08-18T22:43:59.2765606Z #32 9.932 Setting up libkrb5support0:amd64 (1.21.3-5) ...
2025-08-18T22:43:59.2766150Z #32 9.937 Setting up libsasl2-modules-db:amd64 (2.1.28+dfsg1-9) ...
2025-08-18T22:43:59.2766691Z #32 9.940 Setting up libp11-kit0:amd64 (0.25.5-3) ...
2025-08-18T22:43:59.2767147Z #32 9.946 Setting up libunistring5:amd64 (1.3-2) ...
2025-08-18T22:43:59.2767618Z #32 9.949 Setting up libk5crypto3:amd64 (1.21.3-5) ...
2025-08-18T22:43:59.2768111Z #32 9.954 Setting up libsasl2-2:amd64 (2.1.28+dfsg1-9) ...
2025-08-18T22:43:59.2768601Z #32 9.958 Setting up libnghttp3-9:amd64 (1.8.0-1) ...
2025-08-18T22:43:59.2769058Z #32 9.964 Setting up perl-modules-5.40 (5.40.1-6) ...
2025-08-18T22:43:59.2769509Z #32 9.969 Setting up sensible-utils (0.0.25) ...
2025-08-18T22:43:59.2769956Z #32 9.974 Setting up libtasn1-6:amd64 (4.20.0-2) ...
2025-08-18T22:43:59.2770408Z #32 9.980 Setting up libkrb5-3:amd64 (1.21.3-5) ...
2025-08-18T22:43:59.2770868Z #32 9.984 Setting up libssh2-1t64:amd64 (1.11.1-1) ...
2025-08-18T22:43:59.2771335Z #32 9.988 Setting up libldap2:amd64 (2.6.10+dfsg-1) ...
2025-08-18T22:43:59.2771784Z #32 9.992 Setting up libidn2-0:amd64 (2.3.8-2) ...
2025-08-18T22:43:59.2772220Z #32 9.996 Setting up libperl5.40:amd64 (5.40.1-6) ...
2025-08-18T22:43:59.2772632Z #32 10.000 Setting up perl (5.40.1-6) ...
2025-08-18T22:43:59.2773066Z #32 10.02 Setting up libgssapi-krb5-2:amd64 (1.21.3-5) ...
2025-08-18T22:43:59.2773553Z #32 10.04 Setting up libgnutls30t64:amd64 (3.8.9-3) ...
2025-08-18T22:43:59.2774046Z #32 10.05 Setting up postgresql-client-common (278) ...
2025-08-18T22:43:59.2774866Z #32 10.07 Setting up libpsl5t64:amd64 (0.21.2-1.1+b1) ...
2025-08-18T22:43:59.2775358Z #32 10.08 Setting up libpq5:amd64 (17.5-1) ...
2025-08-18T22:43:59.2775909Z #32 10.08 Setting up librtmp1:amd64 (2.4+20151223.gitfa8646d.1-2+b5) ...
2025-08-18T22:43:59.2776462Z #32 10.09 Setting up libcurl4t64:amd64 (8.14.1-2) ...
2025-08-18T22:43:59.2776962Z #32 10.09 Setting up postgresql-client-17 (17.5-1) ...
2025-08-18T22:43:59.7415075Z #32 10.86 update-alternatives: using /usr/share/postgresql/17/man/man1/psql.1.gz to provide /usr/share/man/man1/psql.1.gz (psql.1.gz) in auto mode
2025-08-18T22:43:59.8462746Z #32 10.92 Setting up curl (8.14.1-2) ...
2025-08-18T22:43:59.8467603Z #32 10.93 Setting up postgresql-client (17+278) ...
2025-08-18T22:43:59.8468887Z #32 10.95 Processing triggers for libc-bin (2.41-12) ...
2025-08-18T22:43:59.9659190Z #32 11.02 + rm -rf /var/lib/apt/lists/auxfiles /var/lib/apt/lists/deb.debian.org_debian-security_dists_trixie-security_InRelease /var/lib/apt/lists/deb.debian.org_debian-security_dists_trixie-security_main_binary-amd64_Packages.lz4 /var/lib/apt/lists/deb.debian.org_debian_dists_trixie-updates_InRelease /var/lib/apt/lists/deb.debian.org_debian_dists_trixie-updates_main_binary-amd64_Packages.lz4 /var/lib/apt/lists/deb.debian.org_debian_dists_trixie_InRelease /var/lib/apt/lists/deb.debian.org_debian_dists_trixie_main_binary-amd64_Packages.lz4 /var/lib/apt/lists/lock /var/lib/apt/lists/partial
2025-08-18T22:44:00.1314146Z #32 DONE 11.2s
2025-08-18T22:44:00.1315215Z 
2025-08-18T22:44:00.1316939Z #34 [etl base 4/5] RUN if [ -n "" ] && [ -f "" ]; then         pip install -r requirements.txt -c "";     else         pip install -r requirements.txt;     fi
2025-08-18T22:44:00.1318086Z #34 10.37 Collecting pydantic-core==2.33.2 (from pydantic->keepa==1.3.14->-r requirements.txt (line 1))
2025-08-18T22:44:00.1319259Z #34 10.37   Downloading pydantic_core-2.33.2-cp312-cp312-manylinux_2_17_x86_64.manylinux2014_x86_64.whl.metadata (6.8 kB)
2025-08-18T22:44:00.1320410Z #34 10.42 Collecting typing-extensions>=4.12.2 (from pydantic->keepa==1.3.14->-r requirements.txt (line 1))
2025-08-18T22:44:00.1321414Z #34 10.44   Downloading typing_extensions-4.14.1-py3-none-any.whl.metadata (3.0 kB)
2025-08-18T22:44:00.1322387Z #34 10.46 Collecting typing-inspection>=0.4.0 (from pydantic->keepa==1.3.14->-r requirements.txt (line 1))
2025-08-18T22:44:00.1323345Z #34 10.46   Downloading typing_inspection-0.4.1-py3-none-any.whl.metadata (2.6 kB)
2025-08-18T22:44:00.1324521Z #34 10.62 Collecting charset_normalizer<4,>=2 (from requests>=2.2->keepa==1.3.14->-r requirements.txt (line 1))
2025-08-18T22:44:00.1325852Z #34 10.63   Downloading charset_normalizer-3.4.3-cp312-cp312-manylinux2014_x86_64.manylinux_2_17_x86_64.manylinux_2_28_x86_64.whl.metadata (36 kB)
2025-08-18T22:44:00.1327068Z #34 10.66 Collecting idna<4,>=2.5 (from requests>=2.2->keepa==1.3.14->-r requirements.txt (line 1))
2025-08-18T22:44:00.1327873Z #34 10.67   Downloading idna-3.10-py3-none-any.whl.metadata (10 kB)
2025-08-18T22:44:00.1328807Z #34 10.73 Collecting mypy-extensions>=0.3.0 (from typing-inspect>=0.6.0->pandera==0.19.*->-r requirements.txt (line 9))
2025-08-18T22:44:00.1329792Z #34 10.74   Downloading mypy_extensions-1.1.0-py3-none-any.whl.metadata (1.1 kB)
2025-08-18T22:44:00.1330714Z #34 10.79 Collecting aiohappyeyeballs>=2.5.0 (from aiohttp->keepa==1.3.14->-r requirements.txt (line 1))
2025-08-18T22:44:00.1331695Z #34 10.79   Downloading aiohappyeyeballs-2.6.1-py3-none-any.whl.metadata (5.9 kB)
2025-08-18T22:44:00.1332616Z #34 10.83 Collecting aiosignal>=1.4.0 (from aiohttp->keepa==1.3.14->-r requirements.txt (line 1))
2025-08-18T22:44:00.1333503Z #34 10.84   Downloading aiosignal-1.4.0-py3-none-any.whl.metadata (3.7 kB)
2025-08-18T22:44:00.1334526Z #34 10.86 Collecting attrs>=17.3.0 (from aiohttp->keepa==1.3.14->-r requirements.txt (line 1))
2025-08-18T22:44:00.1335473Z #34 10.87   Downloading attrs-25.3.0-py3-none-any.whl.metadata (10 kB)
2025-08-18T22:44:00.1336322Z #34 11.06 Collecting frozenlist>=1.1.1 (from aiohttp->keepa==1.3.14->-r requirements.txt (line 1))
2025-08-18T22:44:00.1337603Z #34 11.06   Downloading frozenlist-1.7.0-cp312-cp312-manylinux_2_5_x86_64.manylinux1_x86_64.manylinux_2_17_x86_64.manylinux2014_x86_64.whl.metadata (18 kB)
2025-08-18T22:44:00.3644655Z #34 11.40 Collecting multidict<7.0,>=4.5 (from aiohttp->keepa==1.3.14->-r requirements.txt (line 1))
2025-08-18T22:44:00.3657404Z #34 11.41   Downloading multidict-6.6.4-cp312-cp312-manylinux2014_x86_64.manylinux_2_17_x86_64.manylinux_2_28_x86_64.whl.metadata (5.3 kB)
2025-08-18T22:44:00.5255026Z #34 11.48 Collecting propcache>=0.2.0 (from aiohttp->keepa==1.3.14->-r requirements.txt (line 1))
2025-08-18T22:44:00.5258027Z #34 11.48   Downloading propcache-0.3.2-cp312-cp312-manylinux_2_17_x86_64.manylinux2014_x86_64.whl.metadata (12 kB)
2025-08-18T22:44:00.7670444Z #34 11.80 Collecting yarl<2.0,>=1.17.0 (from aiohttp->keepa==1.3.14->-r requirements.txt (line 1))
2025-08-18T22:44:00.7673992Z #34 11.80   Downloading yarl-1.20.1-cp312-cp312-manylinux_2_17_x86_64.manylinux2014_x86_64.whl.metadata (73 kB)
2025-08-18T22:44:00.8734154Z #34 11.88 Collecting wcwidth (from prompt-toolkit>=3.0.36->click-repl>=0.2.0->celery==5.3.*->-r requirements.txt (line 3))
2025-08-18T22:44:00.8737713Z #34 11.89   Downloading wcwidth-0.2.13-py2.py3-none-any.whl.metadata (14 kB)
2025-08-18T22:44:00.9838425Z #34 ...
2025-08-18T22:44:00.9843362Z 
2025-08-18T22:44:00.9844119Z #31 [fees_h10 base 4/6] RUN if [ -n "" ] && [ -f "fees_h10/" ]; then         pip install -r fees_h10/requirements.txt -c fees_h10/;     else         pip install -r fees_h10/requirements.txt;     fi
2025-08-18T22:44:00.9847359Z #31 11.68 Successfully installed PyJWT-2.10.1 amqp-5.3.1 anyio-4.10.0 asyncpg-0.30.0 billiard-4.2.1 celery-5.4.0 certifi-2025.8.3 click-8.2.1 click-didyoumean-0.3.1 click-plugins-1.1.1.2 click-repl-0.3.0 greenlet-3.2.4 h11-0.16.0 httpcore-1.0.9 httpx-0.28.1 idna-3.10 kombu-5.5.4 packaging-25.0 prompt-toolkit-3.0.51 python-dateutil-2.9.0.post0 redis-5.3.1 six-1.17.0 sniffio-1.3.1 sqlalchemy-2.0.43 typing-extensions-4.14.1 tzdata-2025.2 vine-5.1.0 wcwidth-0.2.13
2025-08-18T22:44:00.9851422Z #31 11.68 WARNING: Running pip as the 'root' user can result in broken permissions and conflicting behaviour with the system package manager, possibly rendering your system unusable. It is recommended to use a virtual environment instead: https://pip.pypa.io/warnings/venv. Use the --root-user-action option if you know what you are doing and want to suppress this warning.
2025-08-18T22:44:00.9853428Z #31 11.77 
2025-08-18T22:44:00.9853807Z #31 11.77 [notice] A new release of pip is available: 25.0.1 -> 25.2
2025-08-18T22:44:00.9854528Z #31 11.77 [notice] To update, run: pip install --upgrade pip
2025-08-18T22:44:00.9854974Z #31 DONE 12.0s
2025-08-18T22:44:00.9855139Z 
2025-08-18T22:44:00.9855274Z #36 [fees_h10 base 5/6] COPY . ./fees_h10
2025-08-18T22:44:00.9855632Z #36 DONE 0.0s
2025-08-18T22:44:00.9855786Z 
2025-08-18T22:44:00.9855936Z #37 [fees_h10 base 6/6] COPY start.sh ./start.sh
2025-08-18T22:44:00.9856319Z #37 DONE 0.0s
2025-08-18T22:44:01.0890818Z 
2025-08-18T22:44:01.0900808Z #35 [api base  4/13] RUN pip install --no-cache-dir -r requirements.txt
2025-08-18T22:44:01.0902040Z #35 10.74 Collecting httptools>=0.5.0 (from uvicorn[standard]>=0.12.0->fastapi==0.111.0->-r requirements.txt (line 3))
2025-08-18T22:44:01.0906903Z #35 10.75   Downloading httptools-0.6.4-cp312-cp312-manylinux_2_5_x86_64.manylinux1_x86_64.manylinux_2_17_x86_64.manylinux2014_x86_64.whl.metadata (3.6 kB)
2025-08-18T22:44:01.0908293Z #35 10.80 Collecting pyyaml>=5.1 (from uvicorn[standard]>=0.12.0->fastapi==0.111.0->-r requirements.txt (line 3))
2025-08-18T22:44:01.0909465Z #35 10.82   Downloading PyYAML-6.0.2-cp312-cp312-manylinux_2_17_x86_64.manylinux2014_x86_64.whl.metadata (2.1 kB)
2025-08-18T22:44:01.0910652Z #35 10.91 Collecting uvloop!=0.15.0,!=0.15.1,>=0.14.0 (from uvicorn[standard]>=0.12.0->fastapi==0.111.0->-r requirements.txt (line 3))
2025-08-18T22:44:01.0911771Z #35 10.93   Downloading uvloop-0.21.0-cp312-cp312-manylinux_2_17_x86_64.manylinux2014_x86_64.whl.metadata (4.9 kB)
2025-08-18T22:44:01.0912951Z #35 11.07 Collecting watchfiles>=0.13 (from uvicorn[standard]>=0.12.0->fastapi==0.111.0->-r requirements.txt (line 3))
2025-08-18T22:44:01.0914088Z #35 11.08   Downloading watchfiles-1.1.0-cp312-cp312-manylinux_2_17_x86_64.manylinux2014_x86_64.whl.metadata (4.9 kB)
2025-08-18T22:44:01.0915768Z #35 11.30 Collecting websockets>=10.4 (from uvicorn[standard]>=0.12.0->fastapi==0.111.0->-r requirements.txt (line 3))
2025-08-18T22:44:01.0917163Z #35 11.32   Downloading websockets-15.0.1-cp312-cp312-manylinux_2_5_x86_64.manylinux1_x86_64.manylinux_2_17_x86_64.manylinux2014_x86_64.whl.metadata (6.8 kB)
2025-08-18T22:44:01.0918541Z #35 11.36 Collecting wcwidth (from prompt-toolkit>=3.0.36->click-repl>=0.2.0->celery==5.3.*->-r requirements.txt (line 11))
2025-08-18T22:44:01.0919570Z #35 11.37   Downloading wcwidth-0.2.13-py2.py3-none-any.whl.metadata (14 kB)
2025-08-18T22:44:01.0920558Z #35 11.44 Collecting rich>=13.7.1 (from rich-toolkit>=0.14.8->fastapi-cli>=0.0.2->fastapi==0.111.0->-r requirements.txt (line 3))
2025-08-18T22:44:01.0921540Z #35 11.47   Downloading rich-14.1.0-py3-none-any.whl.metadata (18 kB)
2025-08-18T22:44:01.0922485Z #35 11.51 Collecting shellingham>=1.3.0 (from typer>=0.15.1->fastapi-cli>=0.0.2->fastapi==0.111.0->-r requirements.txt (line 3))
2025-08-18T22:44:01.0923846Z #35 11.52   Downloading shellingham-1.5.4-py2.py3-none-any.whl.metadata (3.5 kB)
2025-08-18T22:44:01.0925211Z #35 11.60 Collecting markdown-it-py>=2.2.0 (from rich>=13.7.1->rich-toolkit>=0.14.8->fastapi-cli>=0.0.2->fastapi==0.111.0->-r requirements.txt (line 3))
2025-08-18T22:44:01.0926558Z #35 11.61   Downloading markdown_it_py-4.0.0-py3-none-any.whl.metadata (7.3 kB)
2025-08-18T22:44:01.0927655Z #35 11.64 Collecting pygments<3.0.0,>=2.13.0 (from rich>=13.7.1->rich-toolkit>=0.14.8->fastapi-cli>=0.0.2->fastapi==0.111.0->-r requirements.txt (line 3))
2025-08-18T22:44:01.0928715Z #35 11.66   Downloading pygments-2.19.2-py3-none-any.whl.metadata (2.5 kB)
2025-08-18T22:44:01.0929832Z #35 11.68 Collecting mdurl~=0.1 (from markdown-it-py>=2.2.0->rich>=13.7.1->rich-toolkit>=0.14.8->fastapi-cli>=0.0.2->fastapi==0.111.0->-r requirements.txt (line 3))
2025-08-18T22:44:01.0930922Z #35 11.70   Downloading mdurl-0.1.2-py3-none-any.whl.metadata (1.6 kB)
2025-08-18T22:44:01.0931620Z #35 11.73 Downloading uvicorn-0.29.0-py3-none-any.whl (60 kB)
2025-08-18T22:44:01.0932286Z #35 11.75 Downloading pydantic_settings-2.2.1-py3-none-any.whl (13 kB)
2025-08-18T22:44:01.0932960Z #35 11.77 Downloading fastapi-0.111.0-py3-none-any.whl (91 kB)
2025-08-18T22:44:01.0933833Z #35 11.84 Downloading SQLAlchemy-2.0.29-cp312-cp312-manylinux_2_17_x86_64.manylinux2014_x86_64.whl (3.2 MB)
2025-08-18T22:44:01.0935197Z #35 11.90    ━━━━━━━━━━━━━━━━━━━━━━━━━━━━━━━━━━━━━━━━ 3.2/3.2 MB 87.6 MB/s eta 0:00:00
2025-08-18T22:44:01.0935859Z #35 11.93 Downloading alembic-1.13.1-py3-none-any.whl (233 kB)
2025-08-18T22:44:01.0936503Z #35 11.95 Downloading psycopg-3.2.9-py3-none-any.whl (202 kB)
2025-08-18T22:44:01.0937151Z #35 11.96 Downloading httpx-0.27.2-py3-none-any.whl (76 kB)
2025-08-18T22:44:01.0937974Z #35 11.99 Downloading asyncpg-0.29.0-cp312-cp312-manylinux_2_17_x86_64.manylinux2014_x86_64.whl (3.3 MB)
2025-08-18T22:44:01.0938977Z #35 12.00    ━━━━━━━━━━━━━━━━━━━━━━━━━━━━━━━━━━━━━━━━ 3.3/3.3 MB 295.2 MB/s eta 0:00:00
2025-08-18T22:44:01.0939597Z #35 12.02 Downloading boto3-1.34.162-py3-none-any.whl (139 kB)
2025-08-18T22:44:01.0940209Z #35 12.04 Downloading jinja2-3.1.5-py3-none-any.whl (134 kB)
2025-08-18T22:44:01.0940842Z #35 12.06 Downloading celery-5.3.6-py3-none-any.whl (422 kB)
2025-08-18T22:44:01.0941470Z #35 12.07 Downloading structlog-24.1.0-py3-none-any.whl (65 kB)
2025-08-18T22:44:01.0942151Z #35 12.09 Downloading asgi_correlation_id-4.3.1-py3-none-any.whl (15 kB)
2025-08-18T22:44:01.0942844Z #35 12.11 Downloading fastapi_limiter-0.1.6-py3-none-any.whl (15 kB)
2025-08-18T22:44:01.0943491Z #35 12.13 Downloading redis-5.0.8-py3-none-any.whl (255 kB)
2025-08-18T22:44:01.0944145Z #35 12.15 Downloading sentry_sdk-2.9.0-py2.py3-none-any.whl (301 kB)
2025-08-18T22:44:01.0944939Z #35 12.16 Downloading httpcore-1.0.9-py3-none-any.whl (78 kB)
2025-08-18T22:44:01.2009248Z #35 12.18 Downloading psycopg_binary-3.2.9-cp312-cp312-manylinux_2_17_x86_64.manylinux2014_x86_64.whl (4.4 MB)
2025-08-18T22:44:01.2012737Z #35 12.19    ━━━━━━━━━━━━━━━━━━━━━━━━━━━━━━━━━━━━━━━━ 4.4/4.4 MB 309.3 MB/s eta 0:00:00
2025-08-18T22:44:01.2013340Z #35 12.21 Downloading billiard-4.2.1-py3-none-any.whl (86 kB)
2025-08-18T22:44:01.2013969Z #35 12.23 Downloading botocore-1.34.162-py3-none-any.whl (12.5 MB)
2025-08-18T22:44:01.3079476Z #35 12.28    ━━━━━━━━━━━━━━━━━━━━━━━━━━━━━━━━━━━━━━━━ 12.5/12.5 MB 231.4 MB/s eta 0:00:00
2025-08-18T22:44:01.3080187Z #35 12.30 Downloading click-8.2.1-py3-none-any.whl (102 kB)
2025-08-18T22:44:01.3081498Z #35 12.32 Downloading click_didyoumean-0.3.1-py3-none-any.whl (3.6 kB)
2025-08-18T22:44:01.3083488Z #35 12.33 Downloading click_plugins-1.1.1.2-py2.py3-none-any.whl (11 kB)
2025-08-18T22:44:01.3084533Z #35 12.35 Downloading click_repl-0.3.0-py3-none-any.whl (10 kB)
2025-08-18T22:44:01.3085488Z #35 12.36 Downloading email_validator-2.2.0-py3-none-any.whl (33 kB)
2025-08-18T22:44:01.3086338Z #35 12.38 Downloading fastapi_cli-0.0.8-py3-none-any.whl (10 kB)
2025-08-18T22:44:01.4171913Z #35 12.40 Downloading greenlet-3.2.4-cp312-cp312-manylinux_2_24_x86_64.manylinux_2_28_x86_64.whl (607 kB)
2025-08-18T22:44:01.4174211Z #35 12.41    ━━━━━━━━━━━━━━━━━━━━━━━━━━━━━━━━━━━━━━━━ 607.6/607.6 kB 99.2 MB/s eta 0:00:00
2025-08-18T22:44:01.4175732Z #35 12.42 Downloading h11-0.16.0-py3-none-any.whl (37 kB)
2025-08-18T22:44:01.4176714Z #35 12.44 Downloading idna-3.10-py3-none-any.whl (70 kB)
2025-08-18T22:44:01.4177824Z #35 12.46 Downloading jmespath-1.0.1-py3-none-any.whl (20 kB)
2025-08-18T22:44:01.4178463Z #35 12.47 Downloading kombu-5.5.4-py3-none-any.whl (210 kB)
2025-08-18T22:44:01.5221217Z #35 12.49 Downloading vine-5.1.0-py3-none-any.whl (9.6 kB)
2025-08-18T22:44:01.5230116Z #35 12.51 Downloading MarkupSafe-3.0.2-cp312-cp312-manylinux_2_17_x86_64.manylinux2014_x86_64.whl (23 kB)
2025-08-18T22:44:01.5231287Z #35 12.52 Downloading orjson-3.11.2-cp312-cp312-manylinux_2_17_x86_64.manylinux2014_x86_64.whl (121 kB)
2025-08-18T22:44:01.5231838Z #35 12.54 Downloading pydantic-2.11.7-py3-none-any.whl (444 kB)
2025-08-18T22:44:01.5232387Z #35 12.55 Downloading pydantic_core-2.33.2-cp312-cp312-manylinux_2_17_x86_64.manylinux2014_x86_64.whl (2.0 MB)
2025-08-18T22:44:01.5233168Z #35 12.56    ━━━━━━━━━━━━━━━━━━━━━━━━━━━━━━━━━━━━━━━━ 2.0/2.0 MB 398.9 MB/s eta 0:00:00
2025-08-18T22:44:01.5233604Z #35 12.58 Downloading python_dateutil-2.9.0.post0-py2.py3-none-any.whl (229 kB)
2025-08-18T22:44:01.5234026Z #35 12.60 Downloading python_dotenv-1.1.1-py3-none-any.whl (20 kB)
2025-08-18T22:44:01.6373486Z #35 12.61 Downloading python_multipart-0.0.20-py3-none-any.whl (24 kB)
2025-08-18T22:44:01.6379319Z #35 12.63 Downloading s3transfer-0.10.4-py3-none-any.whl (83 kB)
2025-08-18T22:44:01.6381605Z #35 12.64 Downloading starlette-0.37.2-py3-none-any.whl (71 kB)
2025-08-18T22:44:01.6382659Z #35 12.66 Downloading anyio-4.10.0-py3-none-any.whl (107 kB)
2025-08-18T22:44:01.6384047Z #35 12.68 Downloading sniffio-1.3.1-py3-none-any.whl (10 kB)
2025-08-18T22:44:01.6385046Z #35 12.70 Downloading typing_extensions-4.14.1-py3-none-any.whl (43 kB)
2025-08-18T22:44:01.6385939Z #35 12.71 Downloading tzdata-2025.2-py2.py3-none-any.whl (347 kB)
2025-08-18T22:44:01.7401831Z #35 12.73 Downloading ujson-5.10.0-cp312-cp312-manylinux_2_17_x86_64.manylinux2014_x86_64.whl (53 kB)
2025-08-18T22:44:01.7409600Z #35 12.74 Downloading urllib3-2.5.0-py3-none-any.whl (129 kB)
2025-08-18T22:44:01.7410414Z #35 12.76 Downloading certifi-2025.8.3-py3-none-any.whl (161 kB)
2025-08-18T22:44:01.7412279Z #35 12.78 Downloading mako-1.3.10-py3-none-any.whl (78 kB)
2025-08-18T22:44:01.7412899Z #35 12.79 Downloading amqp-5.3.1-py3-none-any.whl (50 kB)
2025-08-18T22:44:01.7413552Z #35 12.81 Downloading annotated_types-0.7.0-py3-none-any.whl (13 kB)
2025-08-18T22:44:01.8444211Z #35 12.82 Downloading dnspython-2.7.0-py3-none-any.whl (313 kB)
2025-08-18T22:44:01.8445678Z #35 12.84 Downloading httptools-0.6.4-cp312-cp312-manylinux_2_5_x86_64.manylinux1_x86_64.manylinux_2_17_x86_64.manylinux2014_x86_64.whl (510 kB)
2025-08-18T22:44:01.8446984Z #35 12.86 Downloading prompt_toolkit-3.0.51-py3-none-any.whl (387 kB)
2025-08-18T22:44:01.8448125Z #35 12.88 Downloading PyYAML-6.0.2-cp312-cp312-manylinux_2_17_x86_64.manylinux2014_x86_64.whl (767 kB)
2025-08-18T22:44:01.8449613Z #35 12.88    ━━━━━━━━━━━━━━━━━━━━━━━━━━━━━━━━━━━━━━━ 767.5/767.5 kB 471.4 MB/s eta 0:00:00
2025-08-18T22:44:01.8450502Z #35 12.90 Downloading rich_toolkit-0.15.0-py3-none-any.whl (29 kB)
2025-08-18T22:44:01.8451266Z #35 12.91 Downloading six-1.17.0-py2.py3-none-any.whl (11 kB)
2025-08-18T22:44:01.9446407Z #35 12.93 Downloading typer-0.16.1-py3-none-any.whl (46 kB)
2025-08-18T22:44:01.9448704Z #35 12.94 Downloading typing_inspection-0.4.1-py3-none-any.whl (14 kB)
2025-08-18T22:44:01.9449788Z #35 12.96 Downloading uvloop-0.21.0-cp312-cp312-manylinux_2_17_x86_64.manylinux2014_x86_64.whl (4.7 MB)
2025-08-18T22:44:01.9450945Z #35 12.97    ━━━━━━━━━━━━━━━━━━━━━━━━━━━━━━━━━━━━━━━━ 4.7/4.7 MB 352.2 MB/s eta 0:00:00
2025-08-18T22:44:01.9451772Z #35 12.99 Downloading watchfiles-1.1.0-cp312-cp312-manylinux_2_17_x86_64.manylinux2014_x86_64.whl (452 kB)
2025-08-18T22:44:01.9453329Z #35 13.01 Downloading websockets-15.0.1-cp312-cp312-manylinux_2_5_x86_64.manylinux1_x86_64.manylinux_2_17_x86_64.manylinux2014_x86_64.whl (182 kB)
2025-08-18T22:44:02.0451408Z #35 ...
2025-08-18T22:44:02.0452029Z 
2025-08-18T22:44:02.0453283Z #33 [postgres 2/6] RUN set -eux;     if [ -f /etc/apt/sources.list ]; then         sed -i 's|http://deb.debian.org|https://deb.debian.org|g' /etc/apt/sources.list;     fi;     apt-get update;     apt-get install -y locales;     locale-gen en_US.UTF-8;     rm -rf /var/lib/apt/lists/*
2025-08-18T22:44:02.0455037Z #33 2.358 Reading package lists...
2025-08-18T22:44:02.0455450Z #33 3.282 Building dependency tree...
2025-08-18T22:44:02.0455866Z #33 3.554 Reading state information...
2025-08-18T22:44:02.0456349Z #33 3.788 locales is already the newest version (2.41-12).
2025-08-18T22:44:02.0457023Z #33 3.788 0 upgraded, 0 newly installed, 0 to remove and 0 not upgraded.
2025-08-18T22:44:02.0457561Z #33 3.790 + locale-gen en_US.UTF-8
2025-08-18T22:44:02.0458057Z #33 3.793 Generating locales (this might take a while)...
2025-08-18T22:44:02.0458544Z #33 3.806   en_US.UTF-8... done
2025-08-18T22:44:02.0458904Z #33 5.378 Generation complete.
2025-08-18T22:44:02.0464982Z #33 5.378 + rm -rf /var/lib/apt/lists/apt.postgresql.org_pub_repos_apt_dists_trixie-pgdg_16_binary-amd64_Packages.lz4 /var/lib/apt/lists/apt.postgresql.org_pub_repos_apt_dists_trixie-pgdg_InRelease /var/lib/apt/lists/apt.postgresql.org_pub_repos_apt_dists_trixie-pgdg_main_binary-amd64_Packages.lz4 /var/lib/apt/lists/auxfiles /var/lib/apt/lists/deb.debian.org_debian-security_dists_trixie-security_InRelease /var/lib/apt/lists/deb.debian.org_debian-security_dists_trixie-security_main_binary-amd64_Packages.lz4 /var/lib/apt/lists/deb.debian.org_debian_dists_trixie-updates_InRelease /var/lib/apt/lists/deb.debian.org_debian_dists_trixie-updates_main_binary-amd64_Packages.lz4 /var/lib/apt/lists/deb.debian.org_debian_dists_trixie_InRelease /var/lib/apt/lists/deb.debian.org_debian_dists_trixie_main_binary-amd64_Packages.lz4 /var/lib/apt/lists/lock /var/lib/apt/lists/partial
2025-08-18T22:44:02.0470032Z #33 DONE 5.4s
2025-08-18T22:44:02.0470228Z 
2025-08-18T22:44:02.0470508Z #35 [api base  4/13] RUN pip install --no-cache-dir -r requirements.txt
2025-08-18T22:44:02.0471216Z #35 13.02 Downloading packaging-25.0-py3-none-any.whl (66 kB)
2025-08-18T22:44:02.0471819Z #35 13.04 Downloading rich-14.1.0-py3-none-any.whl (243 kB)
2025-08-18T22:44:02.0472459Z #35 13.05 Downloading shellingham-1.5.4-py2.py3-none-any.whl (9.8 kB)
2025-08-18T22:44:02.0473131Z #35 13.07 Downloading wcwidth-0.2.13-py2.py3-none-any.whl (34 kB)
2025-08-18T22:44:02.0473787Z #35 13.09 Downloading markdown_it_py-4.0.0-py3-none-any.whl (87 kB)
2025-08-18T22:44:02.0480980Z #35 13.10 Downloading pygments-2.19.2-py3-none-any.whl (1.2 MB)
2025-08-18T22:44:02.0483931Z #35 13.11    ━━━━━━━━━━━━━━━━━━━━━━━━━━━━━━━━━━━━━━━━ 1.2/1.2 MB 386.9 MB/s eta 0:00:00
2025-08-18T22:44:02.1473999Z #35 ...
2025-08-18T22:44:02.1474698Z 
2025-08-18T22:44:02.1475489Z #38 [postgres 3/6] COPY docker/postgres/pg_hba.conf /etc/postgresql/pg_hba.conf
2025-08-18T22:44:02.1476584Z #38 DONE 0.0s
2025-08-18T22:44:02.1476791Z 
2025-08-18T22:44:02.1477749Z #39 [postgres 4/6] COPY docker/postgres/init-pg_hba.sh /docker-entrypoint-initdb.d/10_init_pg_hba.sh
2025-08-18T22:44:02.1478498Z #39 DONE 0.0s
2025-08-18T22:44:02.1478672Z 
2025-08-18T22:44:02.1479060Z #40 [postgres 5/6] COPY docker/postgres/postgresql.conf /etc/postgresql/postgresql.conf
2025-08-18T22:44:02.1479708Z #40 DONE 0.0s
2025-08-18T22:44:02.1479885Z 
2025-08-18T22:44:02.1480157Z #35 [api base  4/13] RUN pip install --no-cache-dir -r requirements.txt
2025-08-18T22:44:02.1480759Z #35 13.12 Downloading mdurl-0.1.2-py3-none-any.whl (10.0 kB)
2025-08-18T22:44:02.4060716Z #35 ...
2025-08-18T22:44:02.4065690Z 
2025-08-18T22:44:02.4066618Z #41 [postgres 6/6] RUN chmod 0644 /etc/postgresql/pg_hba.conf &&     chmod +x /docker-entrypoint-initdb.d/10_init_pg_hba.sh
2025-08-18T22:44:02.4068469Z #41 DONE 0.2s
2025-08-18T22:44:02.6387550Z 
2025-08-18T22:44:02.6389672Z #34 [etl base 4/5] RUN if [ -n "" ] && [ -f "" ]; then         pip install -r requirements.txt -c "";     else         pip install -r requirements.txt;     fi
2025-08-18T22:44:02.6393510Z #34 12.26 Downloading keepa-1.3.14-py3-none-any.whl (33 kB)
2025-08-18T22:44:02.6394503Z #34 12.28 Downloading minio-7.1.15-py3-none-any.whl (77 kB)
2025-08-18T22:44:02.6397093Z #34 12.30 Downloading celery-5.3.6-py3-none-any.whl (422 kB)
2025-08-18T22:44:02.6397706Z #34 12.32 Downloading redis-5.3.1-py3-none-any.whl (272 kB)
2025-08-18T22:44:02.6398362Z #34 12.34 Downloading python_amazon_sp_api-0.8.0-py3-none-any.whl (93 kB)
2025-08-18T22:44:02.6399092Z #34 12.35 Downloading pydantic_settings-2.2.1-py3-none-any.whl (13 kB)
2025-08-18T22:44:02.6399984Z #34 12.36 Downloading pandas-2.2.3-cp312-cp312-manylinux_2_17_x86_64.manylinux2014_x86_64.whl (12.7 MB)
2025-08-18T22:44:02.6401246Z #34 12.46    ━━━━━━━━━━━━━━━━━━━━━━━━━━━━━━━━━━━━━━━━ 12.7/12.7 MB 129.0 MB/s eta 0:00:00
2025-08-18T22:44:02.6401901Z #34 12.47 Downloading pandera-0.19.3-py3-none-any.whl (251 kB)
2025-08-18T22:44:02.6402555Z #34 12.50 Downloading openpyxl-3.1.5-py2.py3-none-any.whl (250 kB)
2025-08-18T22:44:02.6403476Z #34 12.52 Downloading psycopg2_binary-2.9.10-cp312-cp312-manylinux_2_17_x86_64.manylinux2014_x86_64.whl (3.0 MB)
2025-08-18T22:44:02.6404705Z #34 12.58    ━━━━━━━━━━━━━━━━━━━━━━━━━━━━━━━━━━━━━━━━ 3.0/3.0 MB 58.1 MB/s eta 0:00:00
2025-08-18T22:44:02.6405514Z #34 12.62 Downloading numpy-1.26.4-cp312-cp312-manylinux_2_17_x86_64.manylinux2014_x86_64.whl (18.0 MB)
2025-08-18T22:44:02.6406484Z #34 12.74    ━━━━━━━━━━━━━━━━━━━━━━━━━━━━━━━━━━━━━━━━ 18.0/18.0 MB 142.4 MB/s eta 0:00:00
2025-08-18T22:44:02.6465344Z #34 12.75 Downloading billiard-4.2.1-py3-none-any.whl (86 kB)
2025-08-18T22:44:02.6465971Z #34 12.77 Downloading boto3-1.40.12-py3-none-any.whl (140 kB)
2025-08-18T22:44:02.6466644Z #34 12.78 Downloading cachetools-4.2.4-py3-none-any.whl (10 kB)
2025-08-18T22:44:02.6467187Z #34 12.78 Downloading click-8.2.1-py3-none-any.whl (102 kB)
2025-08-18T22:44:02.6467774Z #34 12.79 Downloading click_didyoumean-0.3.1-py3-none-any.whl (3.6 kB)
2025-08-18T22:44:02.6468404Z #34 12.81 Downloading click_plugins-1.1.1.2-py2.py3-none-any.whl (11 kB)
2025-08-18T22:44:02.6469005Z #34 12.82 Downloading click_repl-0.3.0-py3-none-any.whl (10 kB)
2025-08-18T22:44:02.6469557Z #34 12.83 Downloading confuse-1.4.0-py2.py3-none-any.whl (21 kB)
2025-08-18T22:44:02.6470113Z #34 12.84 Downloading kombu-5.5.4-py3-none-any.whl (210 kB)
2025-08-18T22:44:02.6470690Z #34 12.85 Downloading vine-5.1.0-py3-none-any.whl (9.6 kB)
2025-08-18T22:44:02.6471227Z #34 12.86 Downloading multimethod-1.10-py3-none-any.whl (9.9 kB)
2025-08-18T22:44:02.6471758Z #34 12.87 Downloading packaging-25.0-py3-none-any.whl (66 kB)
2025-08-18T22:44:02.6472337Z #34 12.88 Downloading pydantic-2.11.7-py3-none-any.whl (444 kB)
2025-08-18T22:44:02.6473136Z #34 12.89 Downloading pydantic_core-2.33.2-cp312-cp312-manylinux_2_17_x86_64.manylinux2014_x86_64.whl (2.0 MB)
2025-08-18T22:44:02.6477311Z #34 12.90    ━━━━━━━━━━━━━━━━━━━━━━━━━━━━━━━━━━━━━━━━ 2.0/2.0 MB 146.4 MB/s eta 0:00:00
2025-08-18T22:44:02.6477966Z #34 12.91 Downloading PyJWT-2.10.1-py3-none-any.whl (22 kB)
2025-08-18T22:44:02.6478979Z #34 12.93 Downloading python_dateutil-2.9.0.post0-py2.py3-none-any.whl (229 kB)
2025-08-18T22:44:02.6479747Z #34 12.94 Downloading python_dotenv-1.1.1-py3-none-any.whl (20 kB)
2025-08-18T22:44:02.6480368Z #34 12.95 Downloading pytz-2025.2-py2.py3-none-any.whl (509 kB)
2025-08-18T22:44:02.6480972Z #34 13.00 Downloading requests-2.32.5-py3-none-any.whl (64 kB)
2025-08-18T22:44:02.6481611Z #34 13.02 Downloading certifi-2025.8.3-py3-none-any.whl (161 kB)
2025-08-18T22:44:02.6482254Z #34 13.03 Downloading six-1.17.0-py2.py3-none-any.whl (11 kB)
2025-08-18T22:44:02.6482927Z #34 13.04 Downloading typing_inspect-0.9.0-py3-none-any.whl (8.8 kB)
2025-08-18T22:44:02.6483622Z #34 13.05 Downloading tzdata-2025.2-py2.py3-none-any.whl (347 kB)
2025-08-18T22:44:02.6484520Z #34 13.07 Downloading urllib3-2.5.0-py3-none-any.whl (129 kB)
2025-08-18T22:44:02.6485334Z #34 13.10 Downloading aiohttp-3.12.15-cp312-cp312-manylinux_2_17_x86_64.manylinux2014_x86_64.whl (1.7 MB)
2025-08-18T22:44:02.6486421Z #34 13.12    ━━━━━━━━━━━━━━━━━━━━━━━━━━━━━━━━━━━━━━━━ 1.7/1.7 MB 84.3 MB/s eta 0:00:00
2025-08-18T22:44:02.6487002Z #34 13.13 Downloading et_xmlfile-2.0.0-py3-none-any.whl (18 kB)
2025-08-18T22:44:02.6487764Z #34 13.14 Downloading pycryptodome-3.23.0-cp37-abi3-manylinux_2_17_x86_64.manylinux2014_x86_64.whl (2.3 MB)
2025-08-18T22:44:02.6488703Z #34 13.17    ━━━━━━━━━━━━━━━━━━━━━━━━━━━━━━━━━━━━━━━━ 2.3/2.3 MB 114.3 MB/s eta 0:00:00
2025-08-18T22:44:02.6489270Z #34 13.17 Downloading tqdm-4.67.1-py3-none-any.whl (78 kB)
2025-08-18T22:44:02.6489876Z #34 13.18 Downloading typeguard-4.4.4-py3-none-any.whl (34 kB)
2025-08-18T22:44:02.6490801Z #34 13.19 Downloading wrapt-1.17.3-cp312-cp312-manylinux1_x86_64.manylinux_2_28_x86_64.manylinux_2_5_x86_64.whl (88 kB)
2025-08-18T22:44:02.6491778Z #34 13.20 Downloading aiohappyeyeballs-2.6.1-py3-none-any.whl (15 kB)
2025-08-18T22:44:02.6492490Z #34 13.23 Downloading aiosignal-1.4.0-py3-none-any.whl (7.5 kB)
2025-08-18T22:44:02.6493125Z #34 13.25 Downloading amqp-5.3.1-py3-none-any.whl (50 kB)
2025-08-18T22:44:02.6493781Z #34 13.25 Downloading annotated_types-0.7.0-py3-none-any.whl (13 kB)
2025-08-18T22:44:02.6494758Z #34 13.28 Downloading attrs-25.3.0-py3-none-any.whl (63 kB)
2025-08-18T22:44:02.6495471Z #34 13.29 Downloading botocore-1.40.12-py3-none-any.whl (14.0 MB)
2025-08-18T22:44:02.6496335Z #34 13.39    ━━━━━━━━━━━━━━━━━━━━━━━━━━━━━━━━━━━━━━━━ 14.0/14.0 MB 136.1 MB/s eta 0:00:00
2025-08-18T22:44:02.6497370Z #34 13.40 Downloading charset_normalizer-3.4.3-cp312-cp312-manylinux2014_x86_64.manylinux_2_17_x86_64.manylinux_2_28_x86_64.whl (151 kB)
2025-08-18T22:44:02.6498807Z #34 13.42 Downloading frozenlist-1.7.0-cp312-cp312-manylinux_2_5_x86_64.manylinux1_x86_64.manylinux_2_17_x86_64.manylinux2014_x86_64.whl (241 kB)
2025-08-18T22:44:02.6499801Z #34 13.43 Downloading idna-3.10-py3-none-any.whl (70 kB)
2025-08-18T22:44:02.6500401Z #34 13.45 Downloading jmespath-1.0.1-py3-none-any.whl (20 kB)
2025-08-18T22:44:02.6501354Z #34 13.47 Downloading multidict-6.6.4-cp312-cp312-manylinux2014_x86_64.manylinux_2_17_x86_64.manylinux_2_28_x86_64.whl (256 kB)
2025-08-18T22:44:02.6502425Z #34 13.49 Downloading mypy_extensions-1.1.0-py3-none-any.whl (5.0 kB)
2025-08-18T22:44:02.6503136Z #34 13.50 Downloading prompt_toolkit-3.0.51-py3-none-any.whl (387 kB)
2025-08-18T22:44:02.6504069Z #34 13.50 Downloading propcache-0.3.2-cp312-cp312-manylinux_2_17_x86_64.manylinux2014_x86_64.whl (224 kB)
2025-08-18T22:44:02.6505196Z #34 13.53 Downloading s3transfer-0.13.1-py3-none-any.whl (85 kB)
2025-08-18T22:44:02.6505902Z #34 13.53 Downloading typing_extensions-4.14.1-py3-none-any.whl (43 kB)
2025-08-18T22:44:02.6506639Z #34 13.54 Downloading typing_inspection-0.4.1-py3-none-any.whl (14 kB)
2025-08-18T22:44:02.6507501Z #34 13.55 Downloading yarl-1.20.1-cp312-cp312-manylinux_2_17_x86_64.manylinux2014_x86_64.whl (355 kB)
2025-08-18T22:44:02.6508812Z #34 13.57 Downloading PyYAML-6.0.2-cp312-cp312-manylinux_2_17_x86_64.manylinux2014_x86_64.whl (767 kB)
2025-08-18T22:44:02.6509924Z #34 13.58    ━━━━━━━━━━━━━━━━━━━━━━━━━━━━━━━━━━━━━━━━ 767.5/767.5 kB 76.3 MB/s eta 0:00:00
2025-08-18T22:44:02.6510840Z #34 13.59 Downloading wcwidth-0.2.13-py2.py3-none-any.whl (34 kB)
2025-08-18T22:44:03.0675625Z #34 14.01 Installing collected packages: wcwidth, pytz, wrapt, vine, urllib3, tzdata, typing-extensions, tqdm, six, pyyaml, python-dotenv, PyJWT, pycryptodome, psycopg2-binary, propcache, prompt-toolkit, packaging, numpy, mypy-extensions, multimethod, multidict, jmespath, idna, frozenlist, et-xmlfile, click, charset_normalizer, certifi, cachetools, billiard, attrs, annotated-types, aiohappyeyeballs, yarl, typing-inspection, typing-inspect, typeguard, requests, redis, python-dateutil, pydantic-core, openpyxl, minio, confuse, click-repl, click-plugins, click-didyoumean, amqp, aiosignal, pydantic, pandas, kombu, botocore, aiohttp, s3transfer, pydantic-settings, pandera, keepa, celery, boto3, python-amazon-sp-api
2025-08-18T22:44:03.8932649Z #34 ...
2025-08-18T22:44:03.8936375Z 
2025-08-18T22:44:03.8939918Z #42 [postgres] exporting to image
2025-08-18T22:44:03.8943916Z #42 exporting layers 1.4s done
2025-08-18T22:44:03.8948087Z #42 writing image sha256:8c439299dd5ef3dbad922b60dfa984ea98146852386640de83dfcb8dc92eaab3 done
2025-08-18T22:44:03.8952053Z #42 naming to docker.io/library/awa-app-postgres done
2025-08-18T22:44:03.8954577Z #42 DONE 1.5s
2025-08-18T22:44:03.8956429Z 
2025-08-18T22:44:03.8956658Z #43 [postgres] resolving provenance for metadata file
2025-08-18T22:44:03.8957293Z #43 DONE 0.0s
2025-08-18T22:44:03.8957895Z 
2025-08-18T22:44:03.8959250Z #44 [fees_h10 stage-1 3/5] COPY --from=base /usr/local /usr/local
2025-08-18T22:44:03.8959699Z #44 DONE 2.2s
2025-08-18T22:44:03.8959856Z 
2025-08-18T22:44:03.8960015Z #45 [fees_h10 stage-1 4/5] COPY --from=base /app /app
2025-08-18T22:44:03.8960381Z #45 DONE 0.0s
2025-08-18T22:44:04.0462878Z 
2025-08-18T22:44:04.0463475Z #46 [fees_h10 stage-1 5/5] RUN chmod +x ./start.sh
2025-08-18T22:44:04.0820459Z #46 DONE 0.2s
2025-08-18T22:44:04.0823193Z 
2025-08-18T22:44:04.0823556Z #35 [api base  4/13] RUN pip install --no-cache-dir -r requirements.txt
2025-08-18T22:44:04.0828576Z #35 13.51 Installing collected packages: wcwidth, websockets, vine, uvloop, urllib3, ujson, tzdata, typing-extensions, structlog, sniffio, six, shellingham, redis, pyyaml, python-multipart, python-dotenv, pygments, psycopg-binary, prompt-toolkit, packaging, orjson, mdurl, MarkupSafe, jmespath, idna, httptools, h11, greenlet, dnspython, click, certifi, billiard, asyncpg, annotated-types, uvicorn, typing-inspection, sqlalchemy, sentry-sdk, python-dateutil, pydantic-core, psycopg, markdown-it-py, Mako, Jinja2, httpcore, email_validator, click-repl, click-plugins, click-didyoumean, anyio, amqp, watchfiles, starlette, rich, pydantic, kombu, httpx, botocore, alembic, typer, s3transfer, rich-toolkit, pydantic-settings, celery, asgi-correlation-id, fastapi-cli, boto3, fastapi, fastapi-limiter
2025-08-18T22:44:05.6606070Z #35 ...
2025-08-18T22:44:05.6606478Z 
2025-08-18T22:44:05.6606961Z #47 [fees_h10] exporting to image
2025-08-18T22:44:05.6607387Z #47 exporting layers 1.4s done
2025-08-18T22:44:05.6608092Z #47 writing image sha256:69d046584c2e76b38d13716518d23756eff81d3357925bdceb93f9dc269233b5 done
2025-08-18T22:44:05.6608886Z #47 naming to docker.io/library/awa-app-fees_h10 done
2025-08-18T22:44:05.6609354Z #47 DONE 1.4s
2025-08-18T22:44:05.6609528Z 
2025-08-18T22:44:05.6609735Z #48 [fees_h10] resolving provenance for metadata file
2025-08-18T22:44:05.6610193Z #48 DONE 0.0s
2025-08-18T22:44:05.8108345Z 
2025-08-18T22:44:05.8108964Z #35 [api base  4/13] RUN pip install --no-cache-dir -r requirements.txt
2025-08-18T22:44:10.0034707Z #35 21.08 Successfully installed Jinja2-3.1.5 Mako-1.3.10 MarkupSafe-3.0.2 alembic-1.13.1 amqp-5.3.1 annotated-types-0.7.0 anyio-4.10.0 asgi-correlation-id-4.3.1 asyncpg-0.29.0 billiard-4.2.1 boto3-1.34.162 botocore-1.34.162 celery-5.3.6 certifi-2025.8.3 click-8.2.1 click-didyoumean-0.3.1 click-plugins-1.1.1.2 click-repl-0.3.0 dnspython-2.7.0 email_validator-2.2.0 fastapi-0.111.0 fastapi-cli-0.0.8 fastapi-limiter-0.1.6 greenlet-3.2.4 h11-0.16.0 httpcore-1.0.9 httptools-0.6.4 httpx-0.27.2 idna-3.10 jmespath-1.0.1 kombu-5.5.4 markdown-it-py-4.0.0 mdurl-0.1.2 orjson-3.11.2 packaging-25.0 prompt-toolkit-3.0.51 psycopg-3.2.9 psycopg-binary-3.2.9 pydantic-2.11.7 pydantic-core-2.33.2 pydantic-settings-2.2.1 pygments-2.19.2 python-dateutil-2.9.0.post0 python-dotenv-1.1.1 python-multipart-0.0.20 pyyaml-6.0.2 redis-5.0.8 rich-14.1.0 rich-toolkit-0.15.0 s3transfer-0.10.4 sentry-sdk-2.9.0 shellingham-1.5.4 six-1.17.0 sniffio-1.3.1 sqlalchemy-2.0.29 starlette-0.37.2 structlog-24.1.0 typer-0.16.1 typing-extensions-4.14.1 typing-inspection-0.4.1 tzdata-2025.2 ujson-5.10.0 urllib3-2.5.0 uvicorn-0.29.0 uvloop-0.21.0 vine-5.1.0 watchfiles-1.1.0 wcwidth-0.2.13 websockets-15.0.1
2025-08-18T22:44:10.2167798Z #35 21.08 WARNING: Running pip as the 'root' user can result in broken permissions and conflicting behaviour with the system package manager, possibly rendering your system unusable. It is recommended to use a virtual environment instead: https://pip.pypa.io/warnings/venv. Use the --root-user-action option if you know what you are doing and want to suppress this warning.
2025-08-18T22:44:10.2170095Z #35 21.14 
2025-08-18T22:44:10.2170514Z #35 21.14 [notice] A new release of pip is available: 25.0.1 -> 25.2
2025-08-18T22:44:10.2171152Z #35 21.14 [notice] To update, run: pip install --upgrade pip
2025-08-18T22:44:10.8216213Z #35 DONE 21.9s
2025-08-18T22:44:10.8216475Z 
2025-08-18T22:44:10.8217022Z #34 [etl base 4/5] RUN if [ -n "" ] && [ -f "" ]; then         pip install -r requirements.txt -c "";     else         pip install -r requirements.txt;     fi
2025-08-18T22:44:10.9249425Z #34 ...
2025-08-18T22:44:10.9250465Z 
2025-08-18T22:44:10.9251106Z #49 [api base  5/13] COPY services/api/ ./services/api
2025-08-18T22:44:10.9251603Z #49 DONE 0.0s
2025-08-18T22:44:10.9251776Z 
2025-08-18T22:44:10.9252036Z #50 [api base  6/13] COPY services/common/ ./services/common
2025-08-18T22:44:10.9252552Z #50 DONE 0.0s
2025-08-18T22:44:10.9252740Z 
2025-08-18T22:44:10.9252976Z #51 [api base  7/13] COPY services/ingest/ ./services/ingest
2025-08-18T22:44:10.9253441Z #51 DONE 0.0s
2025-08-18T22:44:10.9253599Z 
2025-08-18T22:44:10.9253779Z #52 [api base  8/13] COPY services/etl/ ./services/etl
2025-08-18T22:44:10.9254237Z #52 DONE 0.0s
2025-08-18T22:44:10.9254649Z 
2025-08-18T22:44:10.9254802Z #53 [api base  9/13] COPY api/ ./api
2025-08-18T22:44:10.9255173Z #53 DONE 0.0s
2025-08-18T22:44:10.9255756Z 
2025-08-18T22:44:10.9256017Z #54 [api base 10/13] COPY services/api/alembic.ini ./alembic.ini
2025-08-18T22:44:10.9256645Z #54 DONE 0.0s
2025-08-18T22:44:10.9256839Z 
2025-08-18T22:44:10.9257014Z #55 [api base 11/13] COPY alembic/ ./alembic/
2025-08-18T22:44:10.9257455Z #55 DONE 0.0s
2025-08-18T22:44:11.0650143Z 
2025-08-18T22:44:11.0650762Z #56 [api base 12/13] COPY services/api/entrypoint.sh ./entrypoint.sh
2025-08-18T22:44:11.0651352Z #56 DONE 0.0s
2025-08-18T22:44:11.0651544Z 
2025-08-18T22:44:11.0651718Z #57 [api base 13/13] RUN chmod +x ./entrypoint.sh
2025-08-18T22:44:11.0652166Z #57 DONE 0.1s
2025-08-18T22:44:11.0652333Z 
2025-08-18T22:44:11.0652827Z #34 [etl base 4/5] RUN if [ -n "" ] && [ -f "" ]; then         pip install -r requirements.txt -c "";     else         pip install -r requirements.txt;     fi
2025-08-18T22:44:12.1656343Z #34 ...
2025-08-18T22:44:12.1656576Z 
2025-08-18T22:44:12.1656821Z #58 [api stage-1 4/6] COPY --from=base /usr/local /usr/local
2025-08-18T22:44:14.2980311Z #58 DONE 2.1s
2025-08-18T22:44:14.2980817Z 
2025-08-18T22:44:14.2981636Z #34 [etl base 4/5] RUN if [ -n "" ] && [ -f "" ]; then         pip install -r requirements.txt -c "";     else         pip install -r requirements.txt;     fi
2025-08-18T22:44:14.4676656Z #34 ...
2025-08-18T22:44:14.4681289Z 
2025-08-18T22:44:14.4681605Z #59 [api stage-1 5/6] COPY --from=base /app /app
2025-08-18T22:44:14.4682085Z #59 DONE 0.0s
2025-08-18T22:44:14.4683000Z 
2025-08-18T22:44:14.4683436Z #60 [api stage-1 6/6] RUN chmod +x /app/entrypoint.sh
2025-08-18T22:44:14.4684565Z #60 DONE 0.1s
2025-08-18T22:44:14.6197392Z 
2025-08-18T22:44:14.6198336Z #61 [api] exporting to image
2025-08-18T22:44:14.6199144Z #61 exporting layers
2025-08-18T22:44:15.9667640Z #61 ...
2025-08-18T22:44:15.9668839Z 
2025-08-18T22:44:15.9669680Z #34 [celery_worker base 4/5] RUN if [ -n "" ] && [ -f "" ]; then         pip install -r requirements.txt -c "";     else         pip install -r requirements.txt;     fi
2025-08-18T22:44:15.9672648Z #34 26.27 WARNING: Running pip as the 'root' user can result in broken permissions and conflicting behaviour with the system package manager, possibly rendering your system unusable. It is recommended to use a virtual environment instead: https://pip.pypa.io/warnings/venv. Use the --root-user-action option if you know what you are doing and want to suppress this warning.
2025-08-18T22:44:15.9681631Z #34 26.27 Successfully installed PyJWT-2.10.1 aiohappyeyeballs-2.6.1 aiohttp-3.12.15 aiosignal-1.4.0 amqp-5.3.1 annotated-types-0.7.0 attrs-25.3.0 billiard-4.2.1 boto3-1.40.12 botocore-1.40.12 cachetools-4.2.4 celery-5.3.6 certifi-2025.8.3 charset_normalizer-3.4.3 click-8.2.1 click-didyoumean-0.3.1 click-plugins-1.1.1.2 click-repl-0.3.0 confuse-1.4.0 et-xmlfile-2.0.0 frozenlist-1.7.0 idna-3.10 jmespath-1.0.1 keepa-1.3.14 kombu-5.5.4 minio-7.1.15 multidict-6.6.4 multimethod-1.10 mypy-extensions-1.1.0 numpy-1.26.4 openpyxl-3.1.5 packaging-25.0 pandas-2.2.3 pandera-0.19.3 prompt-toolkit-3.0.51 propcache-0.3.2 psycopg2-binary-2.9.10 pycryptodome-3.23.0 pydantic-2.11.7 pydantic-core-2.33.2 pydantic-settings-2.2.1 python-amazon-sp-api-0.8.0 python-dateutil-2.9.0.post0 python-dotenv-1.1.1 pytz-2025.2 pyyaml-6.0.2 redis-5.3.1 requests-2.32.5 s3transfer-0.13.1 six-1.17.0 tqdm-4.67.1 typeguard-4.4.4 typing-extensions-4.14.1 typing-inspect-0.9.0 typing-inspection-0.4.1 tzdata-2025.2 urllib3-2.5.0 vine-5.1.0 wcwidth-0.2.13 wrapt-1.17.3 yarl-1.20.1
2025-08-18T22:44:15.9687357Z #34 26.40 
2025-08-18T22:44:15.9687783Z #34 26.40 [notice] A new release of pip is available: 25.0.1 -> 25.2
2025-08-18T22:44:15.9688441Z #34 26.40 [notice] To update, run: pip install --upgrade pip
2025-08-18T22:44:15.9688919Z #34 DONE 26.9s
2025-08-18T22:44:15.9689103Z 
2025-08-18T22:44:15.9689260Z #62 [etl base 5/5] COPY services/etl/ .
2025-08-18T22:44:15.9689631Z #62 DONE 0.0s
2025-08-18T22:44:16.1168900Z 
2025-08-18T22:44:16.1169441Z #61 [api] exporting to image
2025-08-18T22:44:16.7309448Z #61 exporting layers 2.3s done
2025-08-18T22:44:16.9036770Z #61 writing image sha256:2210f55b5c44678edfcb5b1967245fe38dff604d40bf6167f2aa04233840787c done
2025-08-18T22:44:16.9037795Z #61 naming to docker.io/library/awa-app-api done
2025-08-18T22:44:16.9038343Z #61 DONE 2.3s
2025-08-18T22:44:16.9038758Z 
2025-08-18T22:44:16.9038988Z #63 [api] resolving provenance for metadata file
2025-08-18T22:44:16.9039501Z #63 DONE 0.0s
2025-08-18T22:44:17.2719572Z 
2025-08-18T22:44:17.2721113Z #64 [celery_worker stage-1 3/9] COPY --from=base /usr/local /usr/local
2025-08-18T22:44:19.9010235Z #64 DONE 2.5s
2025-08-18T22:44:19.9011143Z 
2025-08-18T22:44:19.9011656Z #65 [celery_worker stage-1 4/9] COPY --from=base /app /app
2025-08-18T22:44:19.9012187Z #65 DONE 0.0s
2025-08-18T22:44:19.9012362Z 
2025-08-18T22:44:19.9013521Z #66 [etl stage-1 5/9] RUN set -eux;     if [ -f /etc/apt/sources.list ]; then         sed -i 's|http://deb.debian.org|https://deb.debian.org|g' /etc/apt/sources.list;     fi;     apt-get update;     apt-get install -y --no-install-recommends tzdata;     rm -rf /var/lib/apt/lists/*
2025-08-18T22:44:19.9014788Z #66 0.110 + [ -f /etc/apt/sources.list ]
2025-08-18T22:44:19.9015154Z #66 0.110 + apt-get update
2025-08-18T22:44:20.0950247Z #66 0.165 Hit:1 http://deb.debian.org/debian trixie InRelease
2025-08-18T22:44:20.0951006Z #66 0.170 Get:2 http://deb.debian.org/debian trixie-updates InRelease [47.1 kB]
2025-08-18T22:44:20.0951833Z #66 0.193 Get:3 http://deb.debian.org/debian-security trixie-security InRelease [43.4 kB]
2025-08-18T22:44:20.0952966Z #66 0.208 Get:4 http://deb.debian.org/debian trixie/main amd64 Packages [9668 kB]
2025-08-18T22:44:20.2580459Z #66 0.304 Get:5 http://deb.debian.org/debian trixie-updates/main amd64 Packages [2432 B]
2025-08-18T22:44:20.2581508Z #66 0.316 Get:6 http://deb.debian.org/debian-security trixie-security/main amd64 Packages [11.2 kB]
2025-08-18T22:44:20.8795904Z #66 0.938 Fetched 9772 kB in 1s (12.1 MB/s)
2025-08-18T22:44:21.1543821Z #66 0.938 Reading package lists...
2025-08-18T22:44:21.3213380Z #66 1.372 + apt-get install -y --no-install-recommends tzdata
2025-08-18T22:44:21.7362630Z #66 1.379 Reading package lists...
2025-08-18T22:44:21.8670105Z #66 1.838 Building dependency tree...
2025-08-18T22:44:21.8670592Z #66 1.945 Reading state information...
2025-08-18T22:44:21.8670932Z #66 2.076 tzdata is already the newest version (2025b-4).
2025-08-18T22:44:21.8671331Z #66 2.076 0 upgraded, 0 newly installed, 0 to remove and 0 not upgraded.
2025-08-18T22:44:22.0653924Z #66 2.077 + rm -rf /var/lib/apt/lists/auxfiles /var/lib/apt/lists/deb.debian.org_debian-security_dists_trixie-security_InRelease /var/lib/apt/lists/deb.debian.org_debian-security_dists_trixie-security_main_binary-amd64_Packages.lz4 /var/lib/apt/lists/deb.debian.org_debian_dists_trixie-updates_InRelease /var/lib/apt/lists/deb.debian.org_debian_dists_trixie-updates_main_binary-amd64_Packages.lz4 /var/lib/apt/lists/deb.debian.org_debian_dists_trixie_InRelease /var/lib/apt/lists/deb.debian.org_debian_dists_trixie_main_binary-amd64_Packages.lz4 /var/lib/apt/lists/lock /var/lib/apt/lists/partial
2025-08-18T22:44:22.0659307Z #66 DONE 2.1s
2025-08-18T22:44:22.0659502Z 
2025-08-18T22:44:22.0660206Z #67 [celery_worker stage-1 6/9] COPY services/etl/wait-for-it.sh /usr/local/bin/wait-for-it.sh
2025-08-18T22:44:22.0661062Z #67 DONE 0.1s
2025-08-18T22:44:22.0661233Z 
2025-08-18T22:44:22.0661463Z #68 [etl stage-1 7/9] RUN chmod +x /usr/local/bin/wait-for-it.sh
2025-08-18T22:44:22.2032490Z #68 DONE 0.1s
2025-08-18T22:44:22.2032755Z 
2025-08-18T22:44:22.2033105Z #69 [etl stage-1 8/9] COPY services/etl/entrypoint.sh /app/entrypoint.sh
2025-08-18T22:44:22.2033686Z #69 DONE 0.0s
2025-08-18T22:44:22.2033886Z 
2025-08-18T22:44:22.2034084Z #70 [etl stage-1 9/9] RUN chmod +x /app/entrypoint.sh
2025-08-18T22:44:22.3568060Z #70 DONE 0.1s
2025-08-18T22:44:22.3573389Z 
2025-08-18T22:44:22.3573734Z #71 [etl] exporting to image
2025-08-18T22:44:22.3574126Z #71 exporting layers
2025-08-18T22:44:25.3712754Z #71 exporting layers 3.2s done
2025-08-18T22:44:25.4118894Z #71 writing image sha256:d6bd8662bd382c3dee054c0c2386c7b3109cac3a707e5f6c436e9e9c1e6dbba1 done
2025-08-18T22:44:25.4119762Z #71 naming to docker.io/library/awa-app-etl done
2025-08-18T22:44:25.4120182Z #71 DONE 3.2s
2025-08-18T22:44:25.4120354Z 
2025-08-18T22:44:25.4120495Z #72 [celery_worker] exporting to image
2025-08-18T22:44:25.4120890Z #72 exporting layers 3.2s done
2025-08-18T22:44:25.4121551Z #72 writing image sha256:d6bd8662bd382c3dee054c0c2386c7b3109cac3a707e5f6c436e9e9c1e6dbba1 done
2025-08-18T22:44:25.4122382Z #72 naming to docker.io/library/awa-app-celery_worker done
2025-08-18T22:44:25.4122718Z #72 DONE 3.2s
2025-08-18T22:44:25.4122831Z 
2025-08-18T22:44:25.4122948Z #73 [etl] resolving provenance for metadata file
2025-08-18T22:44:25.4123197Z #73 DONE 0.0s
2025-08-18T22:44:25.4123287Z 
2025-08-18T22:44:25.4123411Z #74 [celery_worker] resolving provenance for metadata file
2025-08-18T22:44:25.4123681Z #74 DONE 0.0s
2025-08-18T22:44:25.4123849Z  postgres  Built
2025-08-18T22:44:25.4124016Z  etl  Built
2025-08-18T22:44:25.4124165Z  fees_h10  Built
2025-08-18T22:44:25.4124618Z  celery_worker  Built
2025-08-18T22:44:25.4124864Z  api  Built
2025-08-18T22:44:25.4194024Z ##[group]Run export COMPOSE_DOCKER_CLI_BUILD=1 DOCKER_BUILDKIT=1
2025-08-18T22:44:25.4194762Z [36;1mexport COMPOSE_DOCKER_CLI_BUILD=1 DOCKER_BUILDKIT=1[0m
2025-08-18T22:44:25.4195083Z [36;1mdocker compose \[0m
2025-08-18T22:44:25.4195305Z [36;1m  -f docker-compose.yml \[0m
2025-08-18T22:44:25.4195558Z [36;1m  -f docker-compose.ci.yml \[0m
2025-08-18T22:44:25.4195827Z [36;1m  -f docker-compose.postgres.yml \[0m
2025-08-18T22:44:25.4196072Z [36;1m  pull[0m
2025-08-18T22:44:25.4238676Z shell: /usr/bin/bash -e {0}
2025-08-18T22:44:25.4238893Z env:
2025-08-18T22:44:25.4239112Z   GITHUB_SHA: 883cd778482f1d4eac42eead6503456749191dd9
2025-08-18T22:44:25.4239390Z ##[endgroup]
2025-08-18T22:44:25.5280456Z time="2025-08-18T22:44:25Z" level=warning msg="/home/runner/work/AWA-App/AWA-App/docker-compose.postgres.yml: the attribute `version` is obsolete, it will be ignored, please remove it to avoid potential confusion"
2025-08-18T22:44:25.5523143Z  etl Skipped - No image to be pulled 
2025-08-18T22:44:25.5523917Z  api Skipped - No image to be pulled 
2025-08-18T22:44:25.5524607Z  postgres Skipped - No image to be pulled 
2025-08-18T22:44:25.5527243Z  fees_h10 Skipped - No image to be pulled 
2025-08-18T22:44:25.5527572Z  celery_worker Skipped - No image to be pulled 
2025-08-18T22:44:25.5527975Z  minio Pulling 
2025-08-18T22:44:25.5528147Z  redis Pulling 
2025-08-18T22:44:26.0519400Z  0368fd46e3c6 Pulling fs layer 
2025-08-18T22:44:26.0519980Z  4c55286bbede Pulling fs layer 
2025-08-18T22:44:26.0520489Z  5e28347af205 Pulling fs layer 
2025-08-18T22:44:26.0520934Z  311eca34042e Pulling fs layer 
2025-08-18T22:44:26.0521403Z  e6fe6f07e192 Pulling fs layer 
2025-08-18T22:44:26.0527106Z  a2cadbfeca72 Pulling fs layer 
2025-08-18T22:44:26.0527517Z  4f4fb700ef54 Pulling fs layer 
2025-08-18T22:44:26.0527907Z  a976ed7e7808 Pulling fs layer 
2025-08-18T22:44:26.0528267Z  e6fe6f07e192 Waiting 
2025-08-18T22:44:26.0528570Z  a2cadbfeca72 Waiting 
2025-08-18T22:44:26.0528886Z  4f4fb700ef54 Waiting 
2025-08-18T22:44:26.0529176Z  a976ed7e7808 Waiting 
2025-08-18T22:44:26.0529469Z  311eca34042e Waiting 
2025-08-18T22:44:26.0652274Z  dd15713b0f22 Pulling fs layer 
2025-08-18T22:44:26.0658105Z  fd312a3c94fc Pulling fs layer 
2025-08-18T22:44:26.0658618Z  02e05d20c69e Pulling fs layer 
2025-08-18T22:44:26.0659040Z  1f08d9fb7d7d Pulling fs layer 
2025-08-18T22:44:26.0659533Z  b452b5fb7338 Pulling fs layer 
2025-08-18T22:44:26.0659943Z  e14ab7c7ae26 Pulling fs layer 
2025-08-18T22:44:26.0660309Z  3bf7f4428838 Pulling fs layer 
2025-08-18T22:44:26.0660867Z  adc9ba906e83 Pulling fs layer 
2025-08-18T22:44:26.0661450Z  1611ffcaf8be Pulling fs layer 
2025-08-18T22:44:26.0661820Z  1f08d9fb7d7d Waiting 
2025-08-18T22:44:26.0662130Z  b452b5fb7338 Waiting 
2025-08-18T22:44:26.0662427Z  e14ab7c7ae26 Waiting 
2025-08-18T22:44:26.0662860Z  3bf7f4428838 Waiting 
2025-08-18T22:44:26.0663099Z  adc9ba906e83 Waiting 
2025-08-18T22:44:26.0663285Z  1611ffcaf8be Waiting 
2025-08-18T22:44:26.0663472Z  dd15713b0f22 Waiting 
2025-08-18T22:44:26.0663677Z  fd312a3c94fc Waiting 
2025-08-18T22:44:26.0663871Z  02e05d20c69e Waiting 
2025-08-18T22:44:26.1566732Z  4c55286bbede Downloading [=================================================> ]     935B/950B
2025-08-18T22:44:26.1568028Z  4c55286bbede Downloading [==================================================>]     950B/950B
2025-08-18T22:44:26.1568763Z  4c55286bbede Verifying Checksum 
2025-08-18T22:44:26.1569148Z  4c55286bbede Download complete 
2025-08-18T22:44:26.1623044Z  0368fd46e3c6 Downloading [>                                                  ]  37.73kB/3.638MB
2025-08-18T22:44:26.1760953Z  5e28347af205 Downloading [>                                                  ]  2.301kB/173.2kB
2025-08-18T22:44:26.1808220Z  5e28347af205 Verifying Checksum 
2025-08-18T22:44:26.1812714Z  5e28347af205 Download complete 
2025-08-18T22:44:26.2040774Z  0368fd46e3c6 Verifying Checksum 
2025-08-18T22:44:26.2041402Z  0368fd46e3c6 Download complete 
2025-08-18T22:44:26.2045877Z  0368fd46e3c6 Extracting [>                                                  ]  65.54kB/3.638MB
2025-08-18T22:44:26.3036014Z  0368fd46e3c6 Extracting [==================================================>]  3.638MB/3.638MB
2025-08-18T22:44:26.3086547Z  e6fe6f07e192 Downloading [>                                                  ]  127.1kB/12.41MB
2025-08-18T22:44:26.3255098Z  0368fd46e3c6 Pull complete 
2025-08-18T22:44:26.3274970Z  4c55286bbede Extracting [==================================================>]     950B/950B
2025-08-18T22:44:26.3278647Z  4c55286bbede Extracting [==================================================>]     950B/950B
2025-08-18T22:44:26.3294244Z  a2cadbfeca72 Downloading [==================================================>]      99B/99B
2025-08-18T22:44:26.3294980Z  a2cadbfeca72 Verifying Checksum 
2025-08-18T22:44:26.3295570Z  a2cadbfeca72 Download complete 
2025-08-18T22:44:26.3316336Z  311eca34042e Downloading [>                                                  ]  11.06kB/1.003MB
2025-08-18T22:44:26.3459877Z  4c55286bbede Pull complete 
2025-08-18T22:44:26.3469778Z  5e28347af205 Extracting [=========>                                         ]  32.77kB/173.2kB
2025-08-18T22:44:26.3492528Z  5e28347af205 Extracting [==================================================>]  173.2kB/173.2kB
2025-08-18T22:44:26.3639986Z  311eca34042e Downloading [==================================================>]  1.003MB/1.003MB
2025-08-18T22:44:26.3640560Z  311eca34042e Verifying Checksum 
2025-08-18T22:44:26.3640934Z  311eca34042e Download complete 
2025-08-18T22:44:26.3723300Z  5e28347af205 Extracting [==================================================>]  173.2kB/173.2kB
2025-08-18T22:44:26.4165035Z  e6fe6f07e192 Downloading [==============>                                    ]  3.537MB/12.41MB
2025-08-18T22:44:26.4394802Z  4f4fb700ef54 Downloading [==================================================>]      32B/32B
2025-08-18T22:44:26.4395480Z  4f4fb700ef54 Verifying Checksum 
2025-08-18T22:44:26.4395927Z  4f4fb700ef54 Download complete 
2025-08-18T22:44:26.4807315Z  a976ed7e7808 Downloading [==================================================>]     574B/574B
2025-08-18T22:44:26.4807970Z  a976ed7e7808 Verifying Checksum 
2025-08-18T22:44:26.4808423Z  a976ed7e7808 Download complete 
2025-08-18T22:44:26.4942095Z  e6fe6f07e192 Verifying Checksum 
2025-08-18T22:44:26.4942577Z  e6fe6f07e192 Download complete 
2025-08-18T22:44:26.4981787Z  5e28347af205 Pull complete 
2025-08-18T22:44:26.4991900Z  311eca34042e Extracting [=>                                                 ]  32.77kB/1.003MB
2025-08-18T22:44:26.5174220Z  311eca34042e Extracting [==================================================>]  1.003MB/1.003MB
2025-08-18T22:44:26.5178212Z  311eca34042e Extracting [==================================================>]  1.003MB/1.003MB
2025-08-18T22:44:26.5246845Z  311eca34042e Pull complete 
2025-08-18T22:44:26.5268269Z  e6fe6f07e192 Extracting [>                                                  ]  131.1kB/12.41MB
2025-08-18T22:44:26.5606713Z  dd15713b0f22 Downloading [>                                                  ]  73.98kB/7.24MB
2025-08-18T22:44:26.6272616Z  e6fe6f07e192 Extracting [=========================>                         ]  6.423MB/12.41MB
2025-08-18T22:44:26.6299491Z  02e05d20c69e Downloading [>                                                  ]  2.301kB/122.7kB
2025-08-18T22:44:26.6325484Z  fd312a3c94fc Downloading [>                                                  ]  16.53kB/1.637MB
2025-08-18T22:44:26.6332227Z  02e05d20c69e Downloading [==================================================>]  122.7kB/122.7kB
2025-08-18T22:44:26.6335327Z  02e05d20c69e Download complete 
2025-08-18T22:44:26.6608033Z  dd15713b0f22 Downloading [============================>                      ]  4.111MB/7.24MB
2025-08-18T22:44:26.6826063Z  fd312a3c94fc Downloading [==================================================>]  1.637MB/1.637MB
2025-08-18T22:44:26.6826730Z  fd312a3c94fc Verifying Checksum 
2025-08-18T22:44:26.6827454Z  fd312a3c94fc Download complete 
2025-08-18T22:44:26.7040099Z  e6fe6f07e192 Extracting [==================================================>]  12.41MB/12.41MB
2025-08-18T22:44:26.7108366Z  dd15713b0f22 Verifying Checksum 
2025-08-18T22:44:26.7113456Z  dd15713b0f22 Download complete 
2025-08-18T22:44:26.7124079Z  dd15713b0f22 Extracting [>                                                  ]   98.3kB/7.24MB
2025-08-18T22:44:26.7270161Z  e6fe6f07e192 Pull complete 
2025-08-18T22:44:26.7312539Z  a2cadbfeca72 Extracting [==================================================>]      99B/99B
2025-08-18T22:44:26.7314009Z  a2cadbfeca72 Extracting [==================================================>]      99B/99B
2025-08-18T22:44:26.7387690Z  a2cadbfeca72 Pull complete 
2025-08-18T22:44:26.7402430Z  4f4fb700ef54 Extracting [==================================================>]      32B/32B
2025-08-18T22:44:26.7411913Z  4f4fb700ef54 Extracting [==================================================>]      32B/32B
2025-08-18T22:44:26.7493506Z  4f4fb700ef54 Pull complete 
2025-08-18T22:44:26.7510583Z  a976ed7e7808 Extracting [==================================================>]     574B/574B
2025-08-18T22:44:26.7512348Z  a976ed7e7808 Extracting [==================================================>]     574B/574B
2025-08-18T22:44:26.7540938Z  1f08d9fb7d7d Downloading [>                                                  ]  397.4kB/39.39MB
2025-08-18T22:44:26.7649197Z  a976ed7e7808 Pull complete 
2025-08-18T22:44:26.7717184Z  redis Pulled 
2025-08-18T22:44:26.8180203Z  dd15713b0f22 Extracting [==============>                                    ]  2.064MB/7.24MB
2025-08-18T22:44:26.8196513Z  b452b5fb7338 Downloading [>                                                  ]  114.7kB/11.19MB
2025-08-18T22:44:26.8243224Z  e14ab7c7ae26 Downloading [>                                                  ]  24.68kB/2.402MB
2025-08-18T22:44:26.8476450Z  e14ab7c7ae26 Verifying Checksum 
2025-08-18T22:44:26.8477147Z  e14ab7c7ae26 Download complete 
2025-08-18T22:44:26.8580618Z  1f08d9fb7d7d Downloading [==========>                                        ]  8.469MB/39.39MB
2025-08-18T22:44:26.8977091Z  b452b5fb7338 Verifying Checksum 
2025-08-18T22:44:26.8979881Z  b452b5fb7338 Download complete 
2025-08-18T22:44:26.9199500Z  dd15713b0f22 Extracting [============================================>      ]   6.39MB/7.24MB
2025-08-18T22:44:26.9563746Z  3bf7f4428838 Downloading [>                                                  ]  2.301kB/180.3kB
2025-08-18T22:44:26.9620914Z  3bf7f4428838 Download complete 
2025-08-18T22:44:26.9625336Z  1f08d9fb7d7d Downloading [======================>                            ]  17.79MB/39.39MB
2025-08-18T22:44:26.9991681Z  dd15713b0f22 Extracting [==================================================>]   7.24MB/7.24MB
2025-08-18T22:44:27.0069427Z  adc9ba906e83 Downloading [===>                                               ]     933B/11.88kB
2025-08-18T22:44:27.0070994Z  adc9ba906e83 Downloading [==================================================>]  11.88kB/11.88kB
2025-08-18T22:44:27.0071546Z  adc9ba906e83 Verifying Checksum 
2025-08-18T22:44:27.0071826Z  adc9ba906e83 Download complete 
2025-08-18T22:44:27.0080526Z  dd15713b0f22 Pull complete 
2025-08-18T22:44:27.0092120Z  fd312a3c94fc Extracting [=>                                                 ]  32.77kB/1.637MB
2025-08-18T22:44:27.0423783Z  fd312a3c94fc Extracting [==================================================>]  1.637MB/1.637MB
2025-08-18T22:44:27.0446937Z  fd312a3c94fc Extracting [==================================================>]  1.637MB/1.637MB
2025-08-18T22:44:27.0774606Z  1f08d9fb7d7d Downloading [===========================>                       ]  21.42MB/39.39MB
2025-08-18T22:44:27.0894187Z  fd312a3c94fc Pull complete 
2025-08-18T22:44:27.0904680Z  02e05d20c69e Extracting [=============>                                     ]  32.77kB/122.7kB
2025-08-18T22:44:27.0915896Z  02e05d20c69e Extracting [==================================================>]  122.7kB/122.7kB
2025-08-18T22:44:27.1004095Z  02e05d20c69e Pull complete 
2025-08-18T22:44:27.1129606Z  1611ffcaf8be Downloading [==================================================>]     498B/498B
2025-08-18T22:44:27.1130223Z  1611ffcaf8be Download complete 
2025-08-18T22:44:27.1778629Z  1f08d9fb7d7d Downloading [=================================>                 ]  26.25MB/39.39MB
2025-08-18T22:44:27.2816168Z  1f08d9fb7d7d Downloading [============================================>      ]  35.11MB/39.39MB
2025-08-18T22:44:27.3543421Z  1f08d9fb7d7d Verifying Checksum 
2025-08-18T22:44:27.3544220Z  1f08d9fb7d7d Download complete 
2025-08-18T22:44:27.3627858Z  1f08d9fb7d7d Extracting [>                                                  ]    426kB/39.39MB
2025-08-18T22:44:27.4648282Z  1f08d9fb7d7d Extracting [===========>                                       ]  8.946MB/39.39MB
2025-08-18T22:44:27.5687063Z  1f08d9fb7d7d Extracting [=====================>                             ]  17.04MB/39.39MB
2025-08-18T22:44:27.6720972Z  1f08d9fb7d7d Extracting [=====================================>             ]  29.82MB/39.39MB
2025-08-18T22:44:27.7742996Z  1f08d9fb7d7d Extracting [================================================>  ]  37.91MB/39.39MB
2025-08-18T22:44:27.7940504Z  1f08d9fb7d7d Extracting [==================================================>]  39.39MB/39.39MB
2025-08-18T22:44:27.8294626Z  1f08d9fb7d7d Pull complete 
2025-08-18T22:44:27.8315708Z  b452b5fb7338 Extracting [>                                                  ]  131.1kB/11.19MB
2025-08-18T22:44:27.9327741Z  b452b5fb7338 Extracting [====================================>              ]  8.126MB/11.19MB
2025-08-18T22:44:27.9636194Z  b452b5fb7338 Extracting [==================================================>]  11.19MB/11.19MB
2025-08-18T22:44:27.9797485Z  b452b5fb7338 Pull complete 
2025-08-18T22:44:27.9806414Z  e14ab7c7ae26 Extracting [>                                                  ]  32.77kB/2.402MB
2025-08-18T22:44:28.0096434Z  e14ab7c7ae26 Extracting [==================================================>]  2.402MB/2.402MB
2025-08-18T22:44:28.0180564Z  e14ab7c7ae26 Pull complete 
2025-08-18T22:44:28.0192606Z  3bf7f4428838 Extracting [=========>                                         ]  32.77kB/180.3kB
2025-08-18T22:44:28.0298690Z  3bf7f4428838 Extracting [==================================================>]  180.3kB/180.3kB
2025-08-18T22:44:28.0300889Z  3bf7f4428838 Extracting [==================================================>]  180.3kB/180.3kB
2025-08-18T22:44:28.0398258Z  3bf7f4428838 Pull complete 
2025-08-18T22:44:28.0408052Z  adc9ba906e83 Extracting [==================================================>]  11.88kB/11.88kB
2025-08-18T22:44:28.0412251Z  adc9ba906e83 Extracting [==================================================>]  11.88kB/11.88kB
2025-08-18T22:44:28.0477049Z  adc9ba906e83 Pull complete 
2025-08-18T22:44:28.0489189Z  1611ffcaf8be Extracting [==================================================>]     498B/498B
2025-08-18T22:44:28.0491950Z  1611ffcaf8be Extracting [==================================================>]     498B/498B
2025-08-18T22:44:28.0553751Z  1611ffcaf8be Pull complete 
2025-08-18T22:44:28.0613893Z  minio Pulled 
2025-08-18T22:44:28.0681664Z ##[group]Run export COMPOSE_DOCKER_CLI_BUILD=1 DOCKER_BUILDKIT=1
2025-08-18T22:44:28.0682119Z [36;1mexport COMPOSE_DOCKER_CLI_BUILD=1 DOCKER_BUILDKIT=1[0m
2025-08-18T22:44:28.0682424Z [36;1mdocker compose \[0m
2025-08-18T22:44:28.0682642Z [36;1m  -f docker-compose.yml \[0m
2025-08-18T22:44:28.0682894Z [36;1m  -f docker-compose.ci.yml \[0m
2025-08-18T22:44:28.0683194Z [36;1m  -f docker-compose.postgres.yml \[0m
2025-08-18T22:44:28.0683502Z [36;1m  up -d --wait --no-build --pull always[0m
2025-08-18T22:44:28.0724729Z shell: /usr/bin/bash -e {0}
2025-08-18T22:44:28.0724953Z env:
2025-08-18T22:44:28.0725171Z   GITHUB_SHA: 883cd778482f1d4eac42eead6503456749191dd9
2025-08-18T22:44:28.0725444Z ##[endgroup]
2025-08-18T22:44:28.1647230Z time="2025-08-18T22:44:28Z" level=warning msg="/home/runner/work/AWA-App/AWA-App/docker-compose.postgres.yml: the attribute `version` is obsolete, it will be ignored, please remove it to avoid potential confusion"
2025-08-18T22:44:28.1819647Z  redis Pulling 
2025-08-18T22:44:28.1820023Z  minio Pulling 
2025-08-18T22:44:28.4473250Z  redis Pulled 
2025-08-18T22:44:28.4487023Z  minio Pulled 
2025-08-18T22:44:28.4503517Z  Network awa-app_awa-net  Creating
2025-08-18T22:44:28.4851050Z  Network awa-app_awa-net  Created
2025-08-18T22:44:28.4924534Z  Volume "awa-app_awa-pgdata"  Creating
2025-08-18T22:44:28.4937414Z  Volume "awa-app_awa-pgdata"  Created
2025-08-18T22:44:28.4941256Z  Volume "awa-app_miniodata"  Creating
2025-08-18T22:44:28.4947885Z  Volume "awa-app_miniodata"  Created
2025-08-18T22:44:28.4950751Z  Volume "awa-app_awa-data"  Creating
2025-08-18T22:44:28.4957210Z  Volume "awa-app_awa-data"  Created
2025-08-18T22:44:28.4962517Z  Container awa-app-redis-1  Creating
2025-08-18T22:44:28.4963266Z  Container awa-app-minio-1  Creating
2025-08-18T22:44:28.4963771Z  Container awa-app-postgres-1  Creating
2025-08-18T22:44:28.5313127Z  Container awa-app-postgres-1  Created
2025-08-18T22:44:28.5313646Z  Container awa-app-minio-1  Created
2025-08-18T22:44:28.5314099Z  Container awa-app-api-1  Creating
2025-08-18T22:44:28.5314672Z  Container awa-app-etl-1  Creating
2025-08-18T22:44:28.5329996Z  Container awa-app-redis-1  Created
2025-08-18T22:44:28.5330803Z  Container awa-app-celery_worker-1  Creating
2025-08-18T22:44:28.5331448Z  Container awa-app-fees_h10-1  Creating
2025-08-18T22:44:28.5500192Z  Container awa-app-etl-1  Created
2025-08-18T22:44:28.5504077Z  Container awa-app-api-1  Created
2025-08-18T22:44:28.5506841Z  Container awa-app-celery_worker-1  Created
2025-08-18T22:44:28.5520454Z  Container awa-app-fees_h10-1  Created
2025-08-18T22:44:28.5538965Z  Container awa-app-postgres-1  Starting
2025-08-18T22:44:28.5539654Z  Container awa-app-minio-1  Starting
2025-08-18T22:44:28.5540421Z  Container awa-app-redis-1  Starting
2025-08-18T22:44:29.3853466Z  Container awa-app-redis-1  Started
2025-08-18T22:44:29.3853975Z  Container awa-app-minio-1  Started
2025-08-18T22:44:29.3857098Z  Container awa-app-postgres-1  Started
2025-08-18T22:44:29.3857547Z  Container awa-app-postgres-1  Waiting
2025-08-18T22:44:29.3857940Z  Container awa-app-postgres-1  Waiting
2025-08-18T22:44:29.3858331Z  Container awa-app-redis-1  Waiting
2025-08-18T22:44:29.3858746Z  Container awa-app-postgres-1  Waiting
2025-08-18T22:44:29.3859349Z  Container awa-app-postgres-1  Waiting
2025-08-18T22:44:34.8893469Z  Container awa-app-postgres-1  Healthy
2025-08-18T22:44:34.8894162Z  Container awa-app-celery_worker-1  Starting
2025-08-18T22:44:34.8894763Z  Container awa-app-postgres-1  Healthy
2025-08-18T22:44:34.8895187Z  Container awa-app-redis-1  Healthy
2025-08-18T22:44:34.8895586Z  Container awa-app-fees_h10-1  Starting
2025-08-18T22:44:34.8896006Z  Container awa-app-postgres-1  Healthy
2025-08-18T22:44:34.8896432Z  Container awa-app-api-1  Starting
2025-08-18T22:44:34.8896836Z  Container awa-app-postgres-1  Healthy
2025-08-18T22:44:34.8897252Z  Container awa-app-etl-1  Starting
2025-08-18T22:44:35.1004697Z  Container awa-app-celery_worker-1  Started
2025-08-18T22:44:35.1139568Z  Container awa-app-etl-1  Started
2025-08-18T22:44:35.1241824Z  Container awa-app-fees_h10-1  Started
2025-08-18T22:44:35.1515593Z  Container awa-app-api-1  Started
2025-08-18T22:44:35.1516440Z  Container awa-app-celery_worker-1  Waiting
2025-08-18T22:44:35.1516905Z  Container awa-app-postgres-1  Waiting
2025-08-18T22:44:35.1517330Z  Container awa-app-minio-1  Waiting
2025-08-18T22:44:35.1517756Z  Container awa-app-redis-1  Waiting
2025-08-18T22:44:35.1518155Z  Container awa-app-api-1  Waiting
2025-08-18T22:44:35.1518543Z  Container awa-app-fees_h10-1  Waiting
2025-08-18T22:44:35.1518942Z  Container awa-app-etl-1  Waiting
2025-08-18T22:44:35.6539988Z  Container awa-app-postgres-1  Healthy
2025-08-18T22:44:35.6542623Z  Container awa-app-redis-1  Healthy
2025-08-18T22:44:35.6543030Z  Container awa-app-minio-1  Healthy
2025-08-18T22:44:40.6519837Z  Container awa-app-api-1  Healthy
2025-08-18T22:45:05.1516798Z  Container awa-app-celery_worker-1  Healthy
2025-08-18T22:45:05.6518589Z  Container awa-app-etl-1  Healthy
2025-08-18T22:45:05.6519424Z container awa-app-fees_h10-1 exited (2)
2025-08-18T22:45:05.6569835Z ##[error]Process completed with exit code 1.
2025-08-18T22:45:05.6629071Z ##[group]Run export COMPOSE_DOCKER_CLI_BUILD=1
2025-08-18T22:45:05.6629422Z [36;1mexport COMPOSE_DOCKER_CLI_BUILD=1[0m
2025-08-18T22:45:05.6629682Z [36;1mexport DOCKER_BUILDKIT=1[0m
2025-08-18T22:45:05.6630106Z [36;1mdocker compose logs > logs.txt[0m
2025-08-18T22:45:05.6669762Z shell: /usr/bin/bash -e {0}
2025-08-18T22:45:05.6669979Z env:
2025-08-18T22:45:05.6670180Z   GITHUB_SHA: 883cd778482f1d4eac42eead6503456749191dd9
2025-08-18T22:45:05.6670449Z ##[endgroup]
2025-08-18T22:45:05.7723550Z ##[group]Run actions/upload-artifact@v4
2025-08-18T22:45:05.7723845Z with:
2025-08-18T22:45:05.7724021Z   name: docker-logs
2025-08-18T22:45:05.7724208Z   path: logs.txt
2025-08-18T22:45:05.7725003Z   if-no-files-found: warn
2025-08-18T22:45:05.7725278Z   compression-level: 6
2025-08-18T22:45:05.7725470Z   overwrite: false
2025-08-18T22:45:05.7725664Z   include-hidden-files: false
2025-08-18T22:45:05.7725872Z env:
2025-08-18T22:45:05.7726066Z   GITHUB_SHA: 883cd778482f1d4eac42eead6503456749191dd9
2025-08-18T22:45:05.7726334Z ##[endgroup]
2025-08-18T22:45:05.9887766Z With the provided path, there will be 1 file uploaded
2025-08-18T22:45:05.9893155Z Artifact name is valid!
2025-08-18T22:45:05.9894711Z Root directory input is valid!
2025-08-18T22:45:06.1348218Z Beginning upload of artifact content to blob storage
2025-08-18T22:45:06.2821058Z Uploaded bytes 3696
2025-08-18T22:45:06.3228808Z Finished uploading artifact content to blob storage!
2025-08-18T22:45:06.3232360Z SHA256 digest of uploaded artifact zip is 39dc56765bcbbe0079b8679883b6abda501f28f827b7b27bc0bda2afebf9500e
2025-08-18T22:45:06.3234603Z Finalizing artifact upload
2025-08-18T22:45:06.4318911Z Artifact docker-logs.zip successfully finalized. Artifact ID 3793361161
2025-08-18T22:45:06.4319903Z Artifact docker-logs has been successfully uploaded! Final size is 3696 bytes. Artifact ID is 3793361161
2025-08-18T22:45:06.4327141Z Artifact download URL: https://github.com/AlexBomber12/AWA-App/actions/runs/17054297914/artifacts/3793361161
2025-08-18T22:45:06.4495282Z Post job cleanup.
2025-08-18T22:45:06.5509385Z [command]/usr/bin/git version
2025-08-18T22:45:06.5544813Z git version 2.50.1
2025-08-18T22:45:06.5586137Z Temporarily overriding HOME='/home/runner/work/_temp/e7ffe2da-16e0-4517-bfbe-c6fcfa60826d' before making global git config changes
2025-08-18T22:45:06.5587050Z Adding repository directory to the temporary git global config as a safe directory
2025-08-18T22:45:06.5591285Z [command]/usr/bin/git config --global --add safe.directory /home/runner/work/AWA-App/AWA-App
2025-08-18T22:45:06.5625763Z [command]/usr/bin/git config --local --name-only --get-regexp core\.sshCommand
2025-08-18T22:45:06.5656969Z [command]/usr/bin/git submodule foreach --recursive sh -c "git config --local --name-only --get-regexp 'core\.sshCommand' && git config --local --unset-all 'core.sshCommand' || :"
2025-08-18T22:45:06.5881613Z [command]/usr/bin/git config --local --name-only --get-regexp http\.https\:\/\/github\.com\/\.extraheader
2025-08-18T22:45:06.5902557Z http.https://github.com/.extraheader
2025-08-18T22:45:06.5915860Z [command]/usr/bin/git config --local --unset-all http.https://github.com/.extraheader
2025-08-18T22:45:06.5945765Z [command]/usr/bin/git submodule foreach --recursive sh -c "git config --local --name-only --get-regexp 'http\.https\:\/\/github\.com\/\.extraheader' && git config --local --unset-all 'http.https://github.com/.extraheader' || :"
2025-08-18T22:45:06.6270473Z Cleaning up orphan processes
