2025-08-19T16:08:42.1894550Z Current runner version: '2.327.1'
2025-08-19T16:08:42.1931330Z ##[group]Runner Image Provisioner
2025-08-19T16:08:42.1932576Z Hosted Compute Agent
2025-08-19T16:08:42.1933565Z Version: 20250818.377
2025-08-19T16:08:42.1934574Z Commit: 3c593e9f75fe0b87e893bca80d6e12ba089c61fc
2025-08-19T16:08:42.1935839Z Build Date: 2025-08-18T14:52:18Z
2025-08-19T16:08:42.1936996Z ##[endgroup]
2025-08-19T16:08:42.1938057Z ##[group]Operating System
2025-08-19T16:08:42.1938995Z Ubuntu
2025-08-19T16:08:42.1939741Z 24.04.2
2025-08-19T16:08:42.1940695Z LTS
2025-08-19T16:08:42.1941456Z ##[endgroup]
2025-08-19T16:08:42.1942317Z ##[group]Runner Image
2025-08-19T16:08:42.1943424Z Image: ubuntu-24.04
2025-08-19T16:08:42.1944345Z Version: 20250810.1.0
2025-08-19T16:08:42.1946084Z Included Software: https://github.com/actions/runner-images/blob/ubuntu24/20250810.1/images/ubuntu/Ubuntu2404-Readme.md
2025-08-19T16:08:42.1949031Z Image Release: https://github.com/actions/runner-images/releases/tag/ubuntu24%2F20250810.1
2025-08-19T16:08:42.1950702Z ##[endgroup]
2025-08-19T16:08:42.1955040Z ##[group]GITHUB_TOKEN Permissions
2025-08-19T16:08:42.1958559Z Actions: write
2025-08-19T16:08:42.1959569Z Attestations: write
2025-08-19T16:08:42.1960352Z Checks: write
2025-08-19T16:08:42.1961084Z Contents: write
2025-08-19T16:08:42.1961883Z Deployments: write
2025-08-19T16:08:42.1962766Z Discussions: write
2025-08-19T16:08:42.1963689Z Issues: write
2025-08-19T16:08:42.1964442Z Metadata: read
2025-08-19T16:08:42.1965220Z Models: read
2025-08-19T16:08:42.1966003Z Packages: write
2025-08-19T16:08:42.1967096Z Pages: write
2025-08-19T16:08:42.1967844Z PullRequests: write
2025-08-19T16:08:42.1968728Z RepositoryProjects: write
2025-08-19T16:08:42.1969542Z SecurityEvents: write
2025-08-19T16:08:42.1970579Z Statuses: write
2025-08-19T16:08:42.1971345Z ##[endgroup]
2025-08-19T16:08:42.1974012Z Secret source: Actions
2025-08-19T16:08:42.1975474Z Prepare workflow directory
2025-08-19T16:08:42.2345913Z Prepare all required actions
2025-08-19T16:08:42.2404342Z Getting action download info
2025-08-19T16:08:42.6141030Z Download action repository 'actions/checkout@v4' (SHA:08eba0b27e820071cde6df949e0beb9ba4906955)
2025-08-19T16:08:43.2865005Z Download action repository 'actions/upload-artifact@v4' (SHA:ea165f8d65b6e75b540449e92b4886f43607fa02)
2025-08-19T16:08:43.4782119Z Complete job name: compose-health
2025-08-19T16:08:43.5503148Z ##[group]Run actions/checkout@v4
2025-08-19T16:08:43.5504060Z with:
2025-08-19T16:08:43.5504507Z   repository: AlexBomber12/AWA-App
2025-08-19T16:08:43.5505205Z   token: ***
2025-08-19T16:08:43.5505618Z   ssh-strict: true
2025-08-19T16:08:43.5506041Z   ssh-user: git
2025-08-19T16:08:43.5506722Z   persist-credentials: true
2025-08-19T16:08:43.5507217Z   clean: true
2025-08-19T16:08:43.5507648Z   sparse-checkout-cone-mode: true
2025-08-19T16:08:43.5508171Z   fetch-depth: 1
2025-08-19T16:08:43.5508593Z   fetch-tags: false
2025-08-19T16:08:43.5509030Z   show-progress: true
2025-08-19T16:08:43.5509474Z   lfs: false
2025-08-19T16:08:43.5509866Z   submodules: false
2025-08-19T16:08:43.5510323Z   set-safe-directory: true
2025-08-19T16:08:43.5511083Z ##[endgroup]
2025-08-19T16:08:43.6582717Z Syncing repository: AlexBomber12/AWA-App
2025-08-19T16:08:43.6584633Z ##[group]Getting Git version info
2025-08-19T16:08:43.6585377Z Working directory is '/home/runner/work/AWA-App/AWA-App'
2025-08-19T16:08:43.6586746Z [command]/usr/bin/git version
2025-08-19T16:08:43.6679679Z git version 2.50.1
2025-08-19T16:08:43.6705913Z ##[endgroup]
2025-08-19T16:08:43.6721162Z Temporarily overriding HOME='/home/runner/work/_temp/92aa01f4-f4fd-43c0-8533-0ae1b75d7e54' before making global git config changes
2025-08-19T16:08:43.6723480Z Adding repository directory to the temporary git global config as a safe directory
2025-08-19T16:08:43.6733727Z [command]/usr/bin/git config --global --add safe.directory /home/runner/work/AWA-App/AWA-App
2025-08-19T16:08:43.6771905Z Deleting the contents of '/home/runner/work/AWA-App/AWA-App'
2025-08-19T16:08:43.6775463Z ##[group]Initializing the repository
2025-08-19T16:08:43.6779471Z [command]/usr/bin/git init /home/runner/work/AWA-App/AWA-App
2025-08-19T16:08:43.6873785Z hint: Using 'master' as the name for the initial branch. This default branch name
2025-08-19T16:08:43.6874948Z hint: is subject to change. To configure the initial branch name to use in all
2025-08-19T16:08:43.6876083Z hint: of your new repositories, which will suppress this warning, call:
2025-08-19T16:08:43.6877069Z hint:
2025-08-19T16:08:43.6877588Z hint: 	git config --global init.defaultBranch <name>
2025-08-19T16:08:43.6878359Z hint:
2025-08-19T16:08:43.6879360Z hint: Names commonly chosen instead of 'master' are 'main', 'trunk' and
2025-08-19T16:08:43.6880503Z hint: 'development'. The just-created branch can be renamed via this command:
2025-08-19T16:08:43.6881244Z hint:
2025-08-19T16:08:43.6881646Z hint: 	git branch -m <name>
2025-08-19T16:08:43.6882116Z hint:
2025-08-19T16:08:43.6882726Z hint: Disable this message with "git config set advice.defaultBranchName false"
2025-08-19T16:08:43.6883986Z Initialized empty Git repository in /home/runner/work/AWA-App/AWA-App/.git/
2025-08-19T16:08:43.6890079Z [command]/usr/bin/git remote add origin https://github.com/AlexBomber12/AWA-App
2025-08-19T16:08:43.6954764Z ##[endgroup]
2025-08-19T16:08:43.6956092Z ##[group]Disabling automatic garbage collection
2025-08-19T16:08:43.6959756Z [command]/usr/bin/git config --local gc.auto 0
2025-08-19T16:08:43.6988513Z ##[endgroup]
2025-08-19T16:08:43.6989251Z ##[group]Setting up auth
2025-08-19T16:08:43.6995048Z [command]/usr/bin/git config --local --name-only --get-regexp core\.sshCommand
2025-08-19T16:08:43.7026692Z [command]/usr/bin/git submodule foreach --recursive sh -c "git config --local --name-only --get-regexp 'core\.sshCommand' && git config --local --unset-all 'core.sshCommand' || :"
2025-08-19T16:08:43.7347045Z [command]/usr/bin/git config --local --name-only --get-regexp http\.https\:\/\/github\.com\/\.extraheader
2025-08-19T16:08:43.7378992Z [command]/usr/bin/git submodule foreach --recursive sh -c "git config --local --name-only --get-regexp 'http\.https\:\/\/github\.com\/\.extraheader' && git config --local --unset-all 'http.https://github.com/.extraheader' || :"
2025-08-19T16:08:43.7600527Z [command]/usr/bin/git config --local http.https://github.com/.extraheader AUTHORIZATION: basic ***
2025-08-19T16:08:43.7635272Z ##[endgroup]
2025-08-19T16:08:43.7651298Z ##[group]Fetching the repository
2025-08-19T16:08:43.7652736Z [command]/usr/bin/git -c protocol.version=2 fetch --no-tags --prune --no-recurse-submodules --depth=1 origin +3777cfca6e9d097e2508748e9dba6933bb7693d1:refs/remotes/origin/main
2025-08-19T16:08:44.2030888Z From https://github.com/AlexBomber12/AWA-App
2025-08-19T16:08:44.2032845Z  * [new ref]         3777cfca6e9d097e2508748e9dba6933bb7693d1 -> origin/main
2025-08-19T16:08:44.2058027Z ##[endgroup]
2025-08-19T16:08:44.2059796Z ##[group]Determining the checkout info
2025-08-19T16:08:44.2061755Z ##[endgroup]
2025-08-19T16:08:44.2065816Z [command]/usr/bin/git sparse-checkout disable
2025-08-19T16:08:44.2104939Z [command]/usr/bin/git config --local --unset-all extensions.worktreeConfig
2025-08-19T16:08:44.2133357Z ##[group]Checking out the ref
2025-08-19T16:08:44.2137626Z [command]/usr/bin/git checkout --progress --force -B main refs/remotes/origin/main
2025-08-19T16:08:44.2490547Z Switched to a new branch 'main'
2025-08-19T16:08:44.2494282Z branch 'main' set up to track 'origin/main'.
2025-08-19T16:08:44.2502019Z ##[endgroup]
2025-08-19T16:08:44.2544526Z [command]/usr/bin/git log -1 --format=%H
2025-08-19T16:08:44.2569022Z 3777cfca6e9d097e2508748e9dba6933bb7693d1
2025-08-19T16:08:44.2811230Z ##[group]Run echo "GITHUB_SHA=${GITHUB_SHA}" >> "$GITHUB_ENV"
2025-08-19T16:08:44.2812955Z [36;1mecho "GITHUB_SHA=${GITHUB_SHA}" >> "$GITHUB_ENV"[0m
2025-08-19T16:08:44.2889582Z shell: /usr/bin/bash -e {0}
2025-08-19T16:08:44.2890644Z ##[endgroup]
2025-08-19T16:08:44.3051334Z ##[group]Run export COMPOSE_DOCKER_CLI_BUILD=1 DOCKER_BUILDKIT=1
2025-08-19T16:08:44.3053141Z [36;1mexport COMPOSE_DOCKER_CLI_BUILD=1 DOCKER_BUILDKIT=1[0m
2025-08-19T16:08:44.3054776Z [36;1mdocker compose \[0m
2025-08-19T16:08:44.3055841Z [36;1m  -f docker-compose.yml \[0m
2025-08-19T16:08:44.3057269Z [36;1m  -f docker-compose.ci.yml \[0m
2025-08-19T16:08:44.3058515Z [36;1m  -f docker-compose.postgres.yml \[0m
2025-08-19T16:08:44.3059742Z [36;1m  build --progress plain[0m
2025-08-19T16:08:44.3100112Z shell: /usr/bin/bash -e {0}
2025-08-19T16:08:44.3101058Z env:
2025-08-19T16:08:44.3101963Z   GITHUB_SHA: 3777cfca6e9d097e2508748e9dba6933bb7693d1
2025-08-19T16:08:44.3103198Z ##[endgroup]
2025-08-19T16:08:44.6560895Z --progress is a global compose flag, better use `docker compose --progress xx build ...
2025-08-19T16:08:44.6974482Z time="2025-08-19T16:08:44Z" level=warning msg="/home/runner/work/AWA-App/AWA-App/docker-compose.postgres.yml: the attribute `version` is obsolete, it will be ignored, please remove it to avoid potential confusion"
2025-08-19T16:08:45.0187702Z #1 [internal] load local bake definitions
2025-08-19T16:08:45.1249361Z #1 reading from stdin 1.88kB done
2025-08-19T16:08:45.1251301Z #1 DONE 0.0s
2025-08-19T16:08:45.1252039Z 
2025-08-19T16:08:45.1253128Z #2 [celery_worker internal] load build definition from Dockerfile
2025-08-19T16:08:45.2747244Z #2 transferring dockerfile: 1.15kB done
2025-08-19T16:08:45.2749130Z #2 DONE 0.0s
2025-08-19T16:08:45.2749835Z 
2025-08-19T16:08:45.2750667Z #3 [fees_h10 internal] load build definition from Dockerfile
2025-08-19T16:08:45.2752336Z #3 transferring dockerfile: 962B done
2025-08-19T16:08:45.2753710Z #3 DONE 0.0s
2025-08-19T16:08:45.2754169Z 
2025-08-19T16:08:45.2754793Z #4 [postgres internal] load build definition from Dockerfile
2025-08-19T16:08:45.2756382Z #4 transferring dockerfile: 807B done
2025-08-19T16:08:45.2757488Z #4 DONE 0.0s
2025-08-19T16:08:45.2757925Z 
2025-08-19T16:08:45.2758495Z #5 [api internal] load build definition from Dockerfile
2025-08-19T16:08:45.2759802Z #5 transferring dockerfile: 1.48kB done
2025-08-19T16:08:45.2760857Z #5 DONE 0.0s
2025-08-19T16:08:45.2761306Z 
2025-08-19T16:08:45.2761932Z #6 [auth] library/postgres:pull token for registry-1.docker.io
2025-08-19T16:08:45.4250953Z #6 DONE 0.0s
2025-08-19T16:08:45.4252560Z 
2025-08-19T16:08:45.4253670Z #7 [auth] docker/dockerfile:pull token for registry-1.docker.io
2025-08-19T16:08:45.4256447Z #7 DONE 0.0s
2025-08-19T16:08:45.4257222Z 
2025-08-19T16:08:45.4258672Z #8 [etl] resolve image config for docker-image://docker.io/docker/dockerfile:1.6
2025-08-19T16:08:45.9773828Z #8 DONE 0.7s
2025-08-19T16:08:45.9774206Z 
2025-08-19T16:08:45.9774653Z #9 [postgres internal] load metadata for docker.io/library/postgres:16
2025-08-19T16:08:45.9775454Z #9 DONE 0.7s
2025-08-19T16:08:45.9775704Z 
2025-08-19T16:08:45.9776053Z #10 [postgres internal] load .dockerignore
2025-08-19T16:08:45.9776913Z #10 transferring context: 265B done
2025-08-19T16:08:45.9777356Z #10 DONE 0.0s
2025-08-19T16:08:45.9777529Z 
2025-08-19T16:08:45.9777688Z #11 [postgres internal] load build context
2025-08-19T16:08:45.9778103Z #11 transferring context: 582B done
2025-08-19T16:08:45.9778469Z #11 DONE 0.0s
2025-08-19T16:08:45.9778628Z 
2025-08-19T16:08:45.9779341Z #12 [fees_h10] docker-image://docker.io/docker/dockerfile:1.6@sha256:ac85f380a63b13dfcefa89046420e1781752bab202122f8f50032edf31be0021
2025-08-19T16:08:45.9780570Z #12 resolve docker.io/docker/dockerfile:1.6@sha256:ac85f380a63b13dfcefa89046420e1781752bab202122f8f50032edf31be0021 done
2025-08-19T16:08:45.9781627Z #12 sha256:a17ee7fff8f5e97b974f5b48f51647d2cf28d543f2aa6c11aaa0ea431b44bb89 1.27kB / 1.27kB done
2025-08-19T16:08:45.9782408Z #12 sha256:9d9c93f4b00be908ab694a4df732570bced3b8a96b7515d70ff93402179ad232 0B / 11.80MB 0.1s
2025-08-19T16:08:45.9783164Z #12 sha256:ac85f380a63b13dfcefa89046420e1781752bab202122f8f50032edf31be0021 8.40kB / 8.40kB done
2025-08-19T16:08:45.9784260Z #12 sha256:657fcc512c7369f4cb3d94ea329150f8daf626bc838b1a1e81f1834c73ecc77e 482B / 482B done
2025-08-19T16:08:46.0994353Z #12 sha256:a17ee7fff8f5e97b974f5b48f51647d2cf28d543f2aa6c11aaa0ea431b44bb89 1.27kB / 1.27kB done
2025-08-19T16:08:46.0998207Z #12 sha256:9d9c93f4b00be908ab694a4df732570bced3b8a96b7515d70ff93402179ad232 7.34MB / 11.80MB 0.2s
2025-08-19T16:08:46.0999189Z #12 sha256:ac85f380a63b13dfcefa89046420e1781752bab202122f8f50032edf31be0021 8.40kB / 8.40kB done
2025-08-19T16:08:46.1000088Z #12 sha256:657fcc512c7369f4cb3d94ea329150f8daf626bc838b1a1e81f1834c73ecc77e 482B / 482B done
2025-08-19T16:08:46.2474418Z #12 sha256:9d9c93f4b00be908ab694a4df732570bced3b8a96b7515d70ff93402179ad232 11.80MB / 11.80MB 0.3s done
2025-08-19T16:08:46.2475500Z #12 extracting sha256:9d9c93f4b00be908ab694a4df732570bced3b8a96b7515d70ff93402179ad232 0.1s
2025-08-19T16:08:46.3839449Z #12 extracting sha256:9d9c93f4b00be908ab694a4df732570bced3b8a96b7515d70ff93402179ad232 0.1s done
2025-08-19T16:08:46.3840485Z #12 DONE 0.4s
2025-08-19T16:08:46.3841913Z 
2025-08-19T16:08:46.3842414Z #13 [api internal] load metadata for docker.io/library/python:3.12-slim
2025-08-19T16:08:46.4902418Z #13 ...
2025-08-19T16:08:46.4902772Z 
2025-08-19T16:08:46.4903164Z #14 [celery_worker internal] load build definition from Dockerfile
2025-08-19T16:08:46.4903802Z #14 transferring dockerfile: 1.15kB done
2025-08-19T16:08:46.4904253Z #14 DONE 0.0s
2025-08-19T16:08:46.4904450Z 
2025-08-19T16:08:46.4904685Z #15 [etl internal] load build definition from Dockerfile
2025-08-19T16:08:46.4905219Z #15 transferring dockerfile: 1.15kB done
2025-08-19T16:08:46.4905677Z #15 DONE 0.0s
2025-08-19T16:08:46.4905871Z 
2025-08-19T16:08:46.4906397Z #13 [etl internal] load metadata for docker.io/library/python:3.12-slim
2025-08-19T16:08:46.5991685Z #13 ...
2025-08-19T16:08:46.5991961Z 
2025-08-19T16:08:46.5992264Z #16 [auth] library/python:pull token for registry-1.docker.io
2025-08-19T16:08:46.5992806Z #16 DONE 0.0s
2025-08-19T16:08:46.6992316Z 
2025-08-19T16:08:46.6999872Z #17 [postgres 1/6] FROM docker.io/library/postgres:16@sha256:66a5efb5677ffac1037774a0e141fd3a4c035c9c0c0e624c9cc980dfa10f45e5
2025-08-19T16:08:46.7002288Z #17 resolve docker.io/library/postgres:16@sha256:66a5efb5677ffac1037774a0e141fd3a4c035c9c0c0e624c9cc980dfa10f45e5 done
2025-08-19T16:08:46.7006117Z #17 sha256:fb850b0e3049060bf4eb46c8806d7ceea916d67e5cc56d6b295511e27463e56b 1.17kB / 1.17kB 0.1s done
2025-08-19T16:08:46.7011014Z #17 sha256:7f09385d08f9e8f578f9dad57582fff30d6ca3ef0f4d66ab5e1bf92c88862341 6.44MB / 6.44MB 0.4s done
2025-08-19T16:08:46.7013893Z #17 sha256:66a5efb5677ffac1037774a0e141fd3a4c035c9c0c0e624c9cc980dfa10f45e5 10.24kB / 10.24kB done
2025-08-19T16:08:46.7015501Z #17 sha256:3084fa1fadd59e7633ec56d318f1e4de01be744f446c5c35df7cd801fbc34894 3.63kB / 3.63kB done
2025-08-19T16:08:46.7016969Z #17 sha256:4b802c5161ddfa2ae4beac272c4e24aa5e162a20451c8489cbb952a88507732f 9.89kB / 9.89kB done
2025-08-19T16:08:46.7021249Z #17 sha256:396b1da7636e2dcd10565cb4f2f952cbb4a8a38b58d3b86a2cacb172fb70117c 29.77MB / 29.77MB 0.5s done
2025-08-19T16:08:46.7024321Z #17 sha256:534f45d26d937460abe84bd086361a04c27e624a23f9384ff13f11c24c64c7bb 1.45MB / 1.45MB 0.5s done
2025-08-19T16:08:46.7025476Z #17 sha256:2b6532633f5d125e9a709f56f26af5a07390c859a5c77142b74da1d4e3c79fee 8.20MB / 8.20MB 0.5s done
2025-08-19T16:08:46.7028345Z #17 sha256:320fa150e60fca9bb108771a06f08d5464ad8b7474b7bf3f4b44d723b686ee72 1.31MB / 1.31MB 0.6s done
2025-08-19T16:08:46.7029491Z #17 sha256:19947f6cc5d3035f6c922fa1d6047c79e044256ad948080adb59cec60717b9f8 116B / 116B 0.6s done
2025-08-19T16:08:46.7031611Z #17 extracting sha256:396b1da7636e2dcd10565cb4f2f952cbb4a8a38b58d3b86a2cacb172fb70117c 0.2s
2025-08-19T16:08:46.7033275Z #17 sha256:e787bdd7824bfcb30d11087160de825f724620c952958f4f725c13421499b724 3.14kB / 3.14kB 0.6s done
2025-08-19T16:08:46.7034402Z #17 sha256:a1e4ad56dcecf442fba1cec05cd565ededfdc663e5172df9ef9394d96d4c96f8 8.39MB / 113.19MB 0.8s
2025-08-19T16:08:46.7037406Z #17 sha256:987c1b4919ea2d87df20824aaef43a9de0575ac7df684579ad267c7e48c8eeea 10.01kB / 10.01kB 0.7s done
2025-08-19T16:08:46.7040629Z #17 sha256:a858bd6d34e86a481a2e028e3ba489e662b3ac7713eba9a5d3bb97002c7d797e 128B / 128B 0.8s done
2025-08-19T16:08:46.7042292Z #17 sha256:f1b3502db45ad485f0affe43e32fc81d699ddac01c023f198271a0a7e1cecd4c 169B / 169B 0.8s done
2025-08-19T16:08:46.7044558Z #17 sha256:240810240d04caaaccb11d51ba7c3a7f7d6f470ec2a80ee420a3d33899d9a303 0B / 184B 0.8s
2025-08-19T16:08:46.7046641Z #17 sha256:25ef78fb127c1934630de29a3d38f46e544360b1dcf5cfc09b25507fbe88fd75 0B / 5.92kB 0.8s
2025-08-19T16:08:46.8436762Z #17 sha256:a1e4ad56dcecf442fba1cec05cd565ededfdc663e5172df9ef9394d96d4c96f8 15.73MB / 113.19MB 0.9s
2025-08-19T16:08:46.8437934Z #17 sha256:240810240d04caaaccb11d51ba7c3a7f7d6f470ec2a80ee420a3d33899d9a303 184B / 184B 0.9s done
2025-08-19T16:08:46.8438592Z #17 sha256:25ef78fb127c1934630de29a3d38f46e544360b1dcf5cfc09b25507fbe88fd75 5.92kB / 5.92kB 0.8s done
2025-08-19T16:08:46.9437713Z #17 ...
2025-08-19T16:08:46.9437913Z 
2025-08-19T16:08:46.9438956Z #13 [fees_h10 internal] load metadata for docker.io/library/python:3.12-slim
2025-08-19T16:08:46.9439634Z #13 DONE 0.5s
2025-08-19T16:08:46.9439836Z 
2025-08-19T16:08:46.9440448Z #17 [postgres 1/6] FROM docker.io/library/postgres:16@sha256:66a5efb5677ffac1037774a0e141fd3a4c035c9c0c0e624c9cc980dfa10f45e5
2025-08-19T16:08:46.9442944Z #17 sha256:a1e4ad56dcecf442fba1cec05cd565ededfdc663e5172df9ef9394d96d4c96f8 22.02MB / 113.19MB 1.0s
2025-08-19T16:08:47.0987854Z #17 ...
2025-08-19T16:08:47.0988150Z 
2025-08-19T16:08:47.0988345Z #18 [celery_worker internal] load .dockerignore
2025-08-19T16:08:47.0988868Z #18 transferring context: 265B done
2025-08-19T16:08:47.0989268Z #18 DONE 0.0s
2025-08-19T16:08:47.0989451Z 
2025-08-19T16:08:47.0989607Z #19 [etl internal] load .dockerignore
2025-08-19T16:08:47.0990031Z #19 transferring context: 265B done
2025-08-19T16:08:47.0990412Z #19 DONE 0.0s
2025-08-19T16:08:47.0990613Z 
2025-08-19T16:08:47.0990768Z #20 [api internal] load .dockerignore
2025-08-19T16:08:47.0991176Z #20 transferring context: 265B done
2025-08-19T16:08:47.0991598Z #20 DONE 0.0s
2025-08-19T16:08:47.0991765Z 
2025-08-19T16:08:47.0991919Z #21 [fees_h10 internal] load .dockerignore
2025-08-19T16:08:47.0992364Z #21 transferring context: 2B done
2025-08-19T16:08:47.0992754Z #21 DONE 0.0s
2025-08-19T16:08:47.0992921Z 
2025-08-19T16:08:47.0993537Z #17 [postgres 1/6] FROM docker.io/library/postgres:16@sha256:66a5efb5677ffac1037774a0e141fd3a4c035c9c0c0e624c9cc980dfa10f45e5
2025-08-19T16:08:47.0994813Z #17 sha256:a1e4ad56dcecf442fba1cec05cd565ededfdc663e5172df9ef9394d96d4c96f8 33.55MB / 113.19MB 1.2s
2025-08-19T16:08:47.2209105Z #17 ...
2025-08-19T16:08:47.2211725Z 
2025-08-19T16:08:47.2211967Z #22 [celery_worker internal] load build context
2025-08-19T16:08:47.2212502Z #22 transferring context: 24.62kB 0.0s done
2025-08-19T16:08:47.2212923Z #22 DONE 0.0s
2025-08-19T16:08:47.2213111Z 
2025-08-19T16:08:47.2213261Z #23 [etl internal] load build context
2025-08-19T16:08:47.2213692Z #23 transferring context: 24.62kB 0.0s done
2025-08-19T16:08:47.2214086Z #23 DONE 0.0s
2025-08-19T16:08:47.2214288Z 
2025-08-19T16:08:47.2214442Z #24 [fees_h10 internal] load build context
2025-08-19T16:08:47.2214881Z #24 transferring context: 6.04kB 0.0s done
2025-08-19T16:08:47.2215317Z #24 DONE 0.0s
2025-08-19T16:08:47.2215431Z 
2025-08-19T16:08:47.2215527Z #25 [api internal] load build context
2025-08-19T16:08:47.2216000Z #25 transferring context: 148.29kB 0.0s done
2025-08-19T16:08:47.2216548Z #25 DONE 0.0s
2025-08-19T16:08:47.2216667Z 
2025-08-19T16:08:47.2217156Z #17 [postgres 1/6] FROM docker.io/library/postgres:16@sha256:66a5efb5677ffac1037774a0e141fd3a4c035c9c0c0e624c9cc980dfa10f45e5
2025-08-19T16:08:47.2218198Z #17 sha256:a1e4ad56dcecf442fba1cec05cd565ededfdc663e5172df9ef9394d96d4c96f8 42.99MB / 113.19MB 1.3s
2025-08-19T16:08:47.5210483Z #17 sha256:a1e4ad56dcecf442fba1cec05cd565ededfdc663e5172df9ef9394d96d4c96f8 49.46MB / 113.19MB 1.6s
2025-08-19T16:08:47.6211221Z #17 extracting sha256:396b1da7636e2dcd10565cb4f2f952cbb4a8a38b58d3b86a2cacb172fb70117c 1.1s done
2025-08-19T16:08:47.6212607Z #17 extracting sha256:fb850b0e3049060bf4eb46c8806d7ceea916d67e5cc56d6b295511e27463e56b done
2025-08-19T16:08:47.6213592Z #17 extracting sha256:7f09385d08f9e8f578f9dad57582fff30d6ca3ef0f4d66ab5e1bf92c88862341
2025-08-19T16:08:47.7244429Z #17 sha256:a1e4ad56dcecf442fba1cec05cd565ededfdc663e5172df9ef9394d96d4c96f8 55.57MB / 113.19MB 1.8s
2025-08-19T16:08:47.8251420Z #17 extracting sha256:7f09385d08f9e8f578f9dad57582fff30d6ca3ef0f4d66ab5e1bf92c88862341 0.1s done
2025-08-19T16:08:47.8252450Z #17 extracting sha256:534f45d26d937460abe84bd086361a04c27e624a23f9384ff13f11c24c64c7bb
2025-08-19T16:08:47.9434597Z #17 sha256:a1e4ad56dcecf442fba1cec05cd565ededfdc663e5172df9ef9394d96d4c96f8 62.91MB / 113.19MB 2.0s
2025-08-19T16:08:47.9435656Z #17 extracting sha256:534f45d26d937460abe84bd086361a04c27e624a23f9384ff13f11c24c64c7bb 0.0s done
2025-08-19T16:08:47.9437860Z #17 extracting sha256:2b6532633f5d125e9a709f56f26af5a07390c859a5c77142b74da1d4e3c79fee
2025-08-19T16:08:48.1641687Z #17 sha256:a1e4ad56dcecf442fba1cec05cd565ededfdc663e5172df9ef9394d96d4c96f8 72.35MB / 113.19MB 2.2s
2025-08-19T16:08:48.2811856Z #17 sha256:a1e4ad56dcecf442fba1cec05cd565ededfdc663e5172df9ef9394d96d4c96f8 79.69MB / 113.19MB 2.3s
2025-08-19T16:08:48.2813398Z #17 extracting sha256:2b6532633f5d125e9a709f56f26af5a07390c859a5c77142b74da1d4e3c79fee 0.3s done
2025-08-19T16:08:48.2814643Z #17 extracting sha256:320fa150e60fca9bb108771a06f08d5464ad8b7474b7bf3f4b44d723b686ee72
2025-08-19T16:08:48.3985031Z #17 sha256:a1e4ad56dcecf442fba1cec05cd565ededfdc663e5172df9ef9394d96d4c96f8 100.66MB / 113.19MB 2.5s
2025-08-19T16:08:48.3986519Z #17 extracting sha256:320fa150e60fca9bb108771a06f08d5464ad8b7474b7bf3f4b44d723b686ee72 0.1s done
2025-08-19T16:08:48.3988603Z #17 extracting sha256:19947f6cc5d3035f6c922fa1d6047c79e044256ad948080adb59cec60717b9f8 done
2025-08-19T16:08:48.3989306Z #17 extracting sha256:e787bdd7824bfcb30d11087160de825f724620c952958f4f725c13421499b724 done
2025-08-19T16:08:48.5013571Z #17 ...
2025-08-19T16:08:48.5019212Z 
2025-08-19T16:08:48.5021240Z #26 [celery_worker base 1/5] FROM docker.io/library/python:3.12-slim@sha256:d67a7b66b989ad6b6d6b10d428dcc5e0bfc3e5f88906e67d490c4d3daac57047
2025-08-19T16:08:48.5023328Z #26 resolve docker.io/library/python:3.12-slim@sha256:d67a7b66b989ad6b6d6b10d428dcc5e0bfc3e5f88906e67d490c4d3daac57047 done
2025-08-19T16:08:48.5025951Z #26 extracting sha256:396b1da7636e2dcd10565cb4f2f952cbb4a8a38b58d3b86a2cacb172fb70117c 0.4s done
2025-08-19T16:08:48.5027298Z #26 sha256:5d587318e932a89b94608393c99dd30ee5092a6991c1656f717bd4f4e13d60df 1.29MB / 1.29MB 0.1s done
2025-08-19T16:08:48.5028463Z #26 sha256:e5c05dcf47fbdb2f18dc242ad1b7f48fbd3813c0027ffcfb8e81e4aa7e0965f4 12.11MB / 12.11MB 0.6s done
2025-08-19T16:08:48.5029627Z #26 sha256:d67a7b66b989ad6b6d6b10d428dcc5e0bfc3e5f88906e67d490c4d3daac57047 10.37kB / 10.37kB done
2025-08-19T16:08:48.5030730Z #26 sha256:8f3d1de1b41cd7340a89b024d6f7a10043f7b0d07d97eb36ba76f22fcfa9a235 1.75kB / 1.75kB done
2025-08-19T16:08:48.5031815Z #26 sha256:bad5eac7befe06d25bef9d4d894d7467355bac08745c745a88977774933fa032 5.58kB / 5.58kB done
2025-08-19T16:08:48.5032905Z #26 sha256:396b1da7636e2dcd10565cb4f2f952cbb4a8a38b58d3b86a2cacb172fb70117c 29.77MB / 29.77MB done
2025-08-19T16:08:48.5033995Z #26 sha256:d76206d463c08ba2a3f7bbab2de2a933ad73f33ab4ab813eafe50c9dff9edc12 251B / 251B 0.2s done
2025-08-19T16:08:48.5035070Z #26 extracting sha256:5d587318e932a89b94608393c99dd30ee5092a6991c1656f717bd4f4e13d60df 0.1s done
2025-08-19T16:08:48.5036137Z #26 extracting sha256:e5c05dcf47fbdb2f18dc242ad1b7f48fbd3813c0027ffcfb8e81e4aa7e0965f4 0.7s done
2025-08-19T16:08:48.5037369Z #26 extracting sha256:d76206d463c08ba2a3f7bbab2de2a933ad73f33ab4ab813eafe50c9dff9edc12 done
2025-08-19T16:08:48.5043490Z #26 DONE 1.4s
2025-08-19T16:08:48.5043701Z 
2025-08-19T16:08:48.5043854Z #27 [api base 2/5] WORKDIR /app
2025-08-19T16:08:48.5044237Z #27 DONE 0.0s
2025-08-19T16:08:48.5044418Z 
2025-08-19T16:08:48.5044888Z #28 [celery_worker base 3/5] COPY services/etl/requirements*.txt services/etl/constraints.txt ./
2025-08-19T16:08:48.5045613Z #28 DONE 0.0s
2025-08-19T16:08:48.5046098Z 
2025-08-19T16:08:48.5046624Z #29 [api base  3/13] COPY services/api/requirements.txt ./requirements.txt
2025-08-19T16:08:48.5047225Z #29 DONE 0.0s
2025-08-19T16:08:48.6992283Z 
2025-08-19T16:08:48.6993081Z #30 [fees_h10 base 3/6] COPY requirements*.txt constraints.txt ./fees_h10/
2025-08-19T16:08:48.7005796Z #30 DONE 0.0s
2025-08-19T16:08:48.7006035Z 
2025-08-19T16:08:48.7006794Z #17 [postgres 1/6] FROM docker.io/library/postgres:16@sha256:66a5efb5677ffac1037774a0e141fd3a4c035c9c0c0e624c9cc980dfa10f45e5
2025-08-19T16:08:48.7008118Z #17 sha256:a1e4ad56dcecf442fba1cec05cd565ededfdc663e5172df9ef9394d96d4c96f8 112.20MB / 113.19MB 2.8s
2025-08-19T16:08:48.8254886Z #17 sha256:a1e4ad56dcecf442fba1cec05cd565ededfdc663e5172df9ef9394d96d4c96f8 113.19MB / 113.19MB 2.8s done
2025-08-19T16:08:48.8256129Z #17 extracting sha256:a1e4ad56dcecf442fba1cec05cd565ededfdc663e5172df9ef9394d96d4c96f8
2025-08-19T16:08:53.8839845Z #17 extracting sha256:a1e4ad56dcecf442fba1cec05cd565ededfdc663e5172df9ef9394d96d4c96f8 5.1s
2025-08-19T16:08:54.6036742Z #17 extracting sha256:a1e4ad56dcecf442fba1cec05cd565ededfdc663e5172df9ef9394d96d4c96f8 5.7s done
2025-08-19T16:08:54.6038373Z #17 ...
2025-08-19T16:08:54.6039110Z 
2025-08-19T16:08:54.6057317Z #31 [fees_h10 base 4/6] RUN if [ -n "" ] && [ -f "fees_h10/" ]; then         pip install -r fees_h10/requirements.txt -c fees_h10/;     else         pip install -r fees_h10/requirements.txt;     fi
2025-08-19T16:08:54.6087329Z #31 2.954 Collecting celery==5.4.* (from celery[redis]==5.4.*->-r fees_h10/requirements.txt (line 1))
2025-08-19T16:08:54.6088512Z #31 3.027   Downloading celery-5.4.0-py3-none-any.whl.metadata (21 kB)
2025-08-19T16:08:54.6089529Z #31 3.167 Collecting asyncpg (from -r fees_h10/requirements.txt (line 2))
2025-08-19T16:08:54.6230317Z #31 3.184   Downloading asyncpg-0.30.0-cp312-cp312-manylinux_2_17_x86_64.manylinux2014_x86_64.whl.metadata (5.0 kB)
2025-08-19T16:08:54.6231479Z #31 3.235 Collecting httpx (from -r fees_h10/requirements.txt (line 3))
2025-08-19T16:08:54.6232276Z #31 3.252   Downloading httpx-0.28.1-py3-none-any.whl.metadata (7.1 kB)
2025-08-19T16:08:54.6233085Z #31 3.702 Collecting sqlalchemy (from -r fees_h10/requirements.txt (line 4))
2025-08-19T16:08:54.6234200Z #31 3.723   Downloading sqlalchemy-2.0.43-cp312-cp312-manylinux_2_17_x86_64.manylinux2014_x86_64.whl.metadata (9.6 kB)
2025-08-19T16:08:54.6235516Z #31 3.811 Collecting billiard<5.0,>=4.2.0 (from celery==5.4.*->celery[redis]==5.4.*->-r fees_h10/requirements.txt (line 1))
2025-08-19T16:08:54.6236749Z #31 3.827   Downloading billiard-4.2.1-py3-none-any.whl.metadata (4.4 kB)
2025-08-19T16:08:54.6237728Z #31 3.887 Collecting kombu<6.0,>=5.3.4 (from celery==5.4.*->celery[redis]==5.4.*->-r fees_h10/requirements.txt (line 1))
2025-08-19T16:08:54.6238682Z #31 3.905   Downloading kombu-5.5.4-py3-none-any.whl.metadata (3.5 kB)
2025-08-19T16:08:54.6239624Z #31 3.963 Collecting vine<6.0,>=5.1.0 (from celery==5.4.*->celery[redis]==5.4.*->-r fees_h10/requirements.txt (line 1))
2025-08-19T16:08:54.6240512Z #31 3.982   Downloading vine-5.1.0-py3-none-any.whl.metadata (2.7 kB)
2025-08-19T16:08:54.6241329Z #31 4.026 Collecting click<9.0,>=8.1.2 (from celery==5.4.*->celery[redis]==5.4.*->-r fees_h10/requirements.txt (line 1))
2025-08-19T16:08:54.6242234Z #31 4.044   Downloading click-8.2.1-py3-none-any.whl.metadata (2.5 kB)
2025-08-19T16:08:54.6243157Z #31 4.076 Collecting click-didyoumean>=0.3.0 (from celery==5.4.*->celery[redis]==5.4.*->-r fees_h10/requirements.txt (line 1))
2025-08-19T16:08:54.6244169Z #31 4.096   Downloading click_didyoumean-0.3.1-py3-none-any.whl.metadata (3.9 kB)
2025-08-19T16:08:54.6245166Z #31 4.127 Collecting click-repl>=0.2.0 (from celery==5.4.*->celery[redis]==5.4.*->-r fees_h10/requirements.txt (line 1))
2025-08-19T16:08:54.6246120Z #31 4.146   Downloading click_repl-0.3.0-py3-none-any.whl.metadata (3.6 kB)
2025-08-19T16:08:54.6247341Z #31 4.177 Collecting click-plugins>=1.1.1 (from celery==5.4.*->celery[redis]==5.4.*->-r fees_h10/requirements.txt (line 1))
2025-08-19T16:08:54.6258408Z #31 4.198   Downloading click_plugins-1.1.1.2-py2.py3-none-any.whl.metadata (6.5 kB)
2025-08-19T16:08:54.6259575Z #31 4.247 Collecting tzdata>=2022.7 (from celery==5.4.*->celery[redis]==5.4.*->-r fees_h10/requirements.txt (line 1))
2025-08-19T16:08:54.6260838Z #31 4.264   Downloading tzdata-2025.2-py2.py3-none-any.whl.metadata (1.4 kB)
2025-08-19T16:08:54.6261914Z #31 4.300 Collecting python-dateutil>=2.8.2 (from celery==5.4.*->celery[redis]==5.4.*->-r fees_h10/requirements.txt (line 1))
2025-08-19T16:08:54.6263065Z #31 4.321   Downloading python_dateutil-2.9.0.post0-py2.py3-none-any.whl.metadata (8.4 kB)
2025-08-19T16:08:54.6264130Z #31 4.409 Collecting redis!=4.5.5,<6.0.0,>=4.5.2 (from celery[redis]==5.4.*->-r fees_h10/requirements.txt (line 1))
2025-08-19T16:08:54.6265054Z #31 4.426   Downloading redis-5.3.1-py3-none-any.whl.metadata (9.2 kB)
2025-08-19T16:08:54.6265873Z #31 4.475 Collecting anyio (from httpx->-r fees_h10/requirements.txt (line 3))
2025-08-19T16:08:54.6266897Z #31 4.492   Downloading anyio-4.10.0-py3-none-any.whl.metadata (4.0 kB)
2025-08-19T16:08:54.6267677Z #31 4.551 Collecting certifi (from httpx->-r fees_h10/requirements.txt (line 3))
2025-08-19T16:08:54.6268536Z #31 4.567   Downloading certifi-2025.8.3-py3-none-any.whl.metadata (2.4 kB)
2025-08-19T16:08:54.6269388Z #31 4.618 Collecting httpcore==1.* (from httpx->-r fees_h10/requirements.txt (line 3))
2025-08-19T16:08:54.6270249Z #31 4.634   Downloading httpcore-1.0.9-py3-none-any.whl.metadata (21 kB)
2025-08-19T16:08:54.6271044Z #31 4.679 Collecting idna (from httpx->-r fees_h10/requirements.txt (line 3))
2025-08-19T16:08:54.6271811Z #31 4.696   Downloading idna-3.10-py3-none-any.whl.metadata (10 kB)
2025-08-19T16:08:54.6272636Z #31 4.730 Collecting h11>=0.16 (from httpcore==1.*->httpx->-r fees_h10/requirements.txt (line 3))
2025-08-19T16:08:54.6273485Z #31 4.747   Downloading h11-0.16.0-py3-none-any.whl.metadata (8.3 kB)
2025-08-19T16:08:54.6274330Z #31 4.974 Collecting greenlet>=1 (from sqlalchemy->-r fees_h10/requirements.txt (line 4))
2025-08-19T16:08:54.6275414Z #31 4.991   Downloading greenlet-3.2.4-cp312-cp312-manylinux_2_24_x86_64.manylinux_2_28_x86_64.whl.metadata (4.1 kB)
2025-08-19T16:08:54.6276897Z #31 5.038 Collecting typing-extensions>=4.6.0 (from sqlalchemy->-r fees_h10/requirements.txt (line 4))
2025-08-19T16:08:54.6277924Z #31 5.060   Downloading typing_extensions-4.14.1-py3-none-any.whl.metadata (3.0 kB)
2025-08-19T16:08:54.6279105Z #31 5.168 Collecting prompt-toolkit>=3.0.36 (from click-repl>=0.2.0->celery==5.4.*->celery[redis]==5.4.*->-r fees_h10/requirements.txt (line 1))
2025-08-19T16:08:54.6280257Z #31 5.191   Downloading prompt_toolkit-3.0.51-py3-none-any.whl.metadata (6.4 kB)
2025-08-19T16:08:54.6281316Z #31 5.254 Collecting amqp<6.0.0,>=5.1.1 (from kombu<6.0,>=5.3.4->celery==5.4.*->celery[redis]==5.4.*->-r fees_h10/requirements.txt (line 1))
2025-08-19T16:08:54.6282309Z #31 5.270   Downloading amqp-5.3.1-py3-none-any.whl.metadata (8.9 kB)
2025-08-19T16:08:54.6283320Z #31 5.332 Collecting packaging (from kombu<6.0,>=5.3.4->celery==5.4.*->celery[redis]==5.4.*->-r fees_h10/requirements.txt (line 1))
2025-08-19T16:08:54.6284376Z #31 5.351   Downloading packaging-25.0-py3-none-any.whl.metadata (3.3 kB)
2025-08-19T16:08:54.6285457Z #31 5.395 Collecting six>=1.5 (from python-dateutil>=2.8.2->celery==5.4.*->celery[redis]==5.4.*->-r fees_h10/requirements.txt (line 1))
2025-08-19T16:08:54.6286694Z #31 5.411   Downloading six-1.17.0-py2.py3-none-any.whl.metadata (1.7 kB)
2025-08-19T16:08:54.6287685Z #31 5.449 Collecting PyJWT>=2.9.0 (from redis!=4.5.5,<6.0.0,>=4.5.2->celery[redis]==5.4.*->-r fees_h10/requirements.txt (line 1))
2025-08-19T16:08:54.6288662Z #31 5.474   Downloading PyJWT-2.10.1-py3-none-any.whl.metadata (4.0 kB)
2025-08-19T16:08:54.6289532Z #31 5.533 Collecting sniffio>=1.1 (from anyio->httpx->-r fees_h10/requirements.txt (line 3))
2025-08-19T16:08:54.6290413Z #31 5.549   Downloading sniffio-1.3.1-py3-none-any.whl.metadata (3.9 kB)
2025-08-19T16:08:54.6291789Z #31 5.614 Collecting wcwidth (from prompt-toolkit>=3.0.36->click-repl>=0.2.0->celery==5.4.*->celery[redis]==5.4.*->-r fees_h10/requirements.txt (line 1))
2025-08-19T16:08:54.6293001Z #31 5.630   Downloading wcwidth-0.2.13-py2.py3-none-any.whl.metadata (14 kB)
2025-08-19T16:08:54.6293942Z #31 5.671 Downloading celery-5.4.0-py3-none-any.whl (425 kB)
2025-08-19T16:08:54.6294845Z #31 5.737 Downloading asyncpg-0.30.0-cp312-cp312-manylinux_2_17_x86_64.manylinux2014_x86_64.whl (3.6 MB)
2025-08-19T16:08:54.6296324Z #31 5.799    ━━━━━━━━━━━━━━━━━━━━━━━━━━━━━━━━━━━━━━━━ 3.6/3.6 MB 59.3 MB/s eta 0:00:00
2025-08-19T16:08:54.6296992Z #31 5.816 Downloading httpx-0.28.1-py3-none-any.whl (73 kB)
2025-08-19T16:08:54.6297649Z #31 5.838 Downloading httpcore-1.0.9-py3-none-any.whl (78 kB)
2025-08-19T16:08:54.6298559Z #31 5.857 Downloading sqlalchemy-2.0.43-cp312-cp312-manylinux_2_17_x86_64.manylinux2014_x86_64.whl (3.3 MB)
2025-08-19T16:08:54.6299689Z #31 5.887    ━━━━━━━━━━━━━━━━━━━━━━━━━━━━━━━━━━━━━━━━ 3.3/3.3 MB 129.9 MB/s eta 0:00:00
2025-08-19T16:08:54.6300429Z #31 5.906 Downloading billiard-4.2.1-py3-none-any.whl (86 kB)
2025-08-19T16:08:54.6301086Z #31 5.926 Downloading click-8.2.1-py3-none-any.whl (102 kB)
2025-08-19T16:08:54.6301808Z #31 5.949 Downloading click_didyoumean-0.3.1-py3-none-any.whl (3.6 kB)
2025-08-19T16:08:54.6302594Z #31 5.974 Downloading click_plugins-1.1.1.2-py2.py3-none-any.whl (11 kB)
2025-08-19T16:08:54.6303344Z #31 5.996 Downloading click_repl-0.3.0-py3-none-any.whl (10 kB)
2025-08-19T16:08:54.6304260Z #31 6.016 Downloading greenlet-3.2.4-cp312-cp312-manylinux_2_24_x86_64.manylinux_2_28_x86_64.whl (607 kB)
2025-08-19T16:08:54.6305352Z #31 6.032    ━━━━━━━━━━━━━━━━━━━━━━━━━━━━━━━━━━━━━━━━ 607.6/607.6 kB 29.5 MB/s eta 0:00:00
2025-08-19T16:08:54.6306008Z #31 6.050 Downloading kombu-5.5.4-py3-none-any.whl (210 kB)
2025-08-19T16:08:54.7851733Z #31 6.112 Downloading vine-5.1.0-py3-none-any.whl (9.6 kB)
2025-08-19T16:08:54.7852329Z #31 6.163 Downloading python_dateutil-2.9.0.post0-py2.py3-none-any.whl (229 kB)
2025-08-19T16:08:55.1070316Z #31 6.504 Downloading redis-5.3.1-py3-none-any.whl (272 kB)
2025-08-19T16:08:55.2576671Z #31 6.700 Downloading typing_extensions-4.14.1-py3-none-any.whl (43 kB)
2025-08-19T16:08:55.2577909Z #31 6.752 Downloading tzdata-2025.2-py2.py3-none-any.whl (347 kB)
2025-08-19T16:08:55.3581868Z #31 6.840 Downloading anyio-4.10.0-py3-none-any.whl (107 kB)
2025-08-19T16:08:55.3585081Z #31 ...
2025-08-19T16:08:55.3585277Z 
2025-08-19T16:08:55.3585894Z #17 [postgres 1/6] FROM docker.io/library/postgres:16@sha256:66a5efb5677ffac1037774a0e141fd3a4c035c9c0c0e624c9cc980dfa10f45e5
2025-08-19T16:08:55.3587448Z #17 extracting sha256:987c1b4919ea2d87df20824aaef43a9de0575ac7df684579ad267c7e48c8eeea done
2025-08-19T16:08:55.4669915Z #17 extracting sha256:a858bd6d34e86a481a2e028e3ba489e662b3ac7713eba9a5d3bb97002c7d797e done
2025-08-19T16:08:55.4672500Z #17 extracting sha256:f1b3502db45ad485f0affe43e32fc81d699ddac01c023f198271a0a7e1cecd4c done
2025-08-19T16:08:55.4674184Z #17 extracting sha256:25ef78fb127c1934630de29a3d38f46e544360b1dcf5cfc09b25507fbe88fd75 done
2025-08-19T16:08:55.4679935Z #17 extracting sha256:240810240d04caaaccb11d51ba7c3a7f7d6f470ec2a80ee420a3d33899d9a303 done
2025-08-19T16:08:55.5673098Z #17 DONE 9.6s
2025-08-19T16:08:55.5674741Z 
2025-08-19T16:08:55.5683141Z #31 [fees_h10 base 4/6] RUN if [ -n "" ] && [ -f "fees_h10/" ]; then         pip install -r fees_h10/requirements.txt -c fees_h10/;     else         pip install -r fees_h10/requirements.txt;     fi
2025-08-19T16:08:55.5684307Z #31 6.865 Downloading idna-3.10-py3-none-any.whl (70 kB)
2025-08-19T16:08:55.5684944Z #31 6.893 Downloading certifi-2025.8.3-py3-none-any.whl (161 kB)
2025-08-19T16:08:55.5685554Z #31 6.917 Downloading amqp-5.3.1-py3-none-any.whl (50 kB)
2025-08-19T16:08:55.5686125Z #31 6.941 Downloading h11-0.16.0-py3-none-any.whl (37 kB)
2025-08-19T16:08:55.5686960Z #31 6.965 Downloading prompt_toolkit-3.0.51-py3-none-any.whl (387 kB)
2025-08-19T16:08:55.5687633Z #31 6.988 Downloading PyJWT-2.10.1-py3-none-any.whl (22 kB)
2025-08-19T16:08:55.5688588Z #31 7.008 Downloading six-1.17.0-py2.py3-none-any.whl (11 kB)
2025-08-19T16:08:55.5689231Z #31 7.027 Downloading sniffio-1.3.1-py3-none-any.whl (10 kB)
2025-08-19T16:08:55.5689843Z #31 7.049 Downloading packaging-25.0-py3-none-any.whl (66 kB)
2025-08-19T16:08:55.7492269Z #31 7.092 Downloading wcwidth-0.2.13-py2.py3-none-any.whl (34 kB)
2025-08-19T16:08:55.7496715Z #31 7.243 Installing collected packages: wcwidth, vine, tzdata, typing-extensions, sniffio, six, PyJWT, prompt-toolkit, packaging, idna, h11, greenlet, click, certifi, billiard, asyncpg, sqlalchemy, redis, python-dateutil, httpcore, click-repl, click-plugins, click-didyoumean, anyio, amqp, kombu, httpx, celery
2025-08-19T16:08:58.4773569Z #31 ...
2025-08-19T16:08:58.4774353Z 
2025-08-19T16:08:58.4776589Z #32 [api stage-1 3/6] RUN set -eux;     if [ -f /etc/apt/sources.list ]; then         sed -i 's|http://deb.debian.org|https://deb.debian.org|g' /etc/apt/sources.list;     fi;     apt-get update;     apt-get install -y --no-install-recommends tzdata postgresql-client curl;     rm -rf /var/lib/apt/lists/*
2025-08-19T16:08:58.4778651Z #32 0.240 + [ -f /etc/apt/sources.list ]
2025-08-19T16:08:58.4779394Z #32 0.240 + apt-get update
2025-08-19T16:08:58.4780252Z #32 0.467 Hit:1 http://deb.debian.org/debian trixie InRelease
2025-08-19T16:08:58.4781373Z #32 0.469 Get:2 http://deb.debian.org/debian trixie-updates InRelease [47.1 kB]
2025-08-19T16:08:58.4791219Z #32 0.494 Get:3 http://deb.debian.org/debian-security trixie-security InRelease [43.4 kB]
2025-08-19T16:08:58.4792390Z #32 0.516 Get:4 http://deb.debian.org/debian trixie/main amd64 Packages [9668 kB]
2025-08-19T16:08:58.4793507Z #32 0.659 Get:5 http://deb.debian.org/debian trixie-updates/main amd64 Packages [2432 B]
2025-08-19T16:08:58.4794823Z #32 0.659 Get:6 http://deb.debian.org/debian-security trixie-security/main amd64 Packages [11.6 kB]
2025-08-19T16:08:58.4796400Z #32 1.503 Fetched 9772 kB in 1s (8037 kB/s)
2025-08-19T16:08:58.4797270Z #32 1.503 Reading package lists...
2025-08-19T16:08:58.4798300Z #32 2.375 + apt-get install -y --no-install-recommends tzdata postgresql-client curl
2025-08-19T16:08:58.4799316Z #32 2.401 Reading package lists...
2025-08-19T16:08:58.4800055Z #32 3.215 Building dependency tree...
2025-08-19T16:08:58.4800742Z #32 3.388 Reading state information...
2025-08-19T16:08:58.4801496Z #32 3.564 tzdata is already the newest version (2025b-4).
2025-08-19T16:08:58.4802399Z #32 3.564 The following additional packages will be installed:
2025-08-19T16:08:58.4803534Z #32 3.564   libbrotli1 libcom-err2 libcurl4t64 libgdbm-compat4t64 libgnutls30t64
2025-08-19T16:08:58.4804607Z #32 3.564   libgssapi-krb5-2 libidn2-0 libk5crypto3 libkeyutils1 libkrb5-3
2025-08-19T16:08:58.4805809Z #32 3.564   libkrb5support0 libldap2 libnghttp2-14 libnghttp3-9 libp11-kit0 libperl5.40
2025-08-19T16:08:58.4807378Z #32 3.565   libpq5 libpsl5t64 librtmp1 libsasl2-2 libsasl2-modules-db libssh2-1t64
2025-08-19T16:08:58.4808755Z #32 3.565   libtasn1-6 libunistring5 perl perl-modules-5.40 postgresql-client-17
2025-08-19T16:08:58.4809837Z #32 3.565   postgresql-client-common sensible-utils
2025-08-19T16:08:58.4813572Z #32 3.566 Suggested packages:
2025-08-19T16:08:58.4814897Z #32 3.566   gnutls-bin krb5-doc krb5-user perl-doc libterm-readline-gnu-perl
2025-08-19T16:08:58.4816371Z #32 3.566   | libterm-readline-perl-perl make libtap-harness-archive-perl postgresql-17
2025-08-19T16:08:58.4817649Z #32 3.566   postgresql-doc-17
2025-08-19T16:08:58.4818551Z #32 3.566 Recommended packages:
2025-08-19T16:08:58.4819435Z #32 3.566   bash-completion krb5-locales libldap-common publicsuffix libsasl2-modules
2025-08-19T16:08:58.4820550Z #32 3.808 The following NEW packages will be installed:
2025-08-19T16:08:58.4821541Z #32 3.808   curl libbrotli1 libcom-err2 libcurl4t64 libgdbm-compat4t64 libgnutls30t64
2025-08-19T16:08:58.4822649Z #32 3.808   libgssapi-krb5-2 libidn2-0 libk5crypto3 libkeyutils1 libkrb5-3
2025-08-19T16:08:58.4823833Z #32 3.809   libkrb5support0 libldap2 libnghttp2-14 libnghttp3-9 libp11-kit0 libperl5.40
2025-08-19T16:08:58.4825415Z #32 3.809   libpq5 libpsl5t64 librtmp1 libsasl2-2 libsasl2-modules-db libssh2-1t64
2025-08-19T16:08:58.4829314Z #32 3.809   libtasn1-6 libunistring5 perl perl-modules-5.40 postgresql-client
2025-08-19T16:08:58.4835766Z #32 3.809   postgresql-client-17 postgresql-client-common sensible-utils
2025-08-19T16:08:58.4836791Z #32 3.867 0 upgraded, 31 newly installed, 0 to remove and 0 not upgraded.
2025-08-19T16:08:58.4837413Z #32 3.867 Need to get 14.9 MB of archives.
2025-08-19T16:08:58.4838074Z #32 3.867 After this operation, 78.1 MB of additional disk space will be used.
2025-08-19T16:08:58.4838913Z #32 3.867 Get:1 http://deb.debian.org/debian trixie/main amd64 sensible-utils all 0.0.25 [25.0 kB]
2025-08-19T16:08:58.4839794Z #32 3.882 Get:2 http://deb.debian.org/debian trixie/main amd64 perl-modules-5.40 all 5.40.1-6 [3019 kB]
2025-08-19T16:08:58.4840801Z #32 3.962 Get:3 http://deb.debian.org/debian trixie/main amd64 libgdbm-compat4t64 amd64 1.24-2 [50.3 kB]
2025-08-19T16:08:58.4841821Z #32 3.963 Get:4 http://deb.debian.org/debian trixie/main amd64 libperl5.40 amd64 5.40.1-6 [4341 kB]
2025-08-19T16:08:58.4842754Z #32 3.983 Get:5 http://deb.debian.org/debian trixie/main amd64 perl amd64 5.40.1-6 [267 kB]
2025-08-19T16:08:58.4843671Z #32 3.985 Get:6 http://deb.debian.org/debian trixie/main amd64 libbrotli1 amd64 1.1.0-2+b7 [307 kB]
2025-08-19T16:08:58.4844714Z #32 3.987 Get:7 http://deb.debian.org/debian trixie/main amd64 libkrb5support0 amd64 1.21.3-5 [33.0 kB]
2025-08-19T16:08:58.4845751Z #32 3.988 Get:8 http://deb.debian.org/debian trixie/main amd64 libcom-err2 amd64 1.47.2-3+b3 [25.0 kB]
2025-08-19T16:08:58.4847060Z #32 3.989 Get:9 http://deb.debian.org/debian trixie/main amd64 libk5crypto3 amd64 1.21.3-5 [81.5 kB]
2025-08-19T16:08:58.4848067Z #32 3.989 Get:10 http://deb.debian.org/debian trixie/main amd64 libkeyutils1 amd64 1.6.3-6 [9456 B]
2025-08-19T16:08:58.4849066Z #32 3.990 Get:11 http://deb.debian.org/debian trixie/main amd64 libkrb5-3 amd64 1.21.3-5 [326 kB]
2025-08-19T16:08:58.4850097Z #32 3.992 Get:12 http://deb.debian.org/debian trixie/main amd64 libgssapi-krb5-2 amd64 1.21.3-5 [138 kB]
2025-08-19T16:08:58.4851125Z #32 3.992 Get:13 http://deb.debian.org/debian trixie/main amd64 libunistring5 amd64 1.3-2 [477 kB]
2025-08-19T16:08:58.4863999Z #32 4.004 Get:14 http://deb.debian.org/debian trixie/main amd64 libidn2-0 amd64 2.3.8-2 [109 kB]
2025-08-19T16:08:58.4865150Z #32 4.008 Get:15 http://deb.debian.org/debian trixie/main amd64 libsasl2-modules-db amd64 2.1.28+dfsg1-9 [19.8 kB]
2025-08-19T16:08:58.4866491Z #32 4.008 Get:16 http://deb.debian.org/debian trixie/main amd64 libsasl2-2 amd64 2.1.28+dfsg1-9 [57.5 kB]
2025-08-19T16:08:58.4867576Z #32 4.008 Get:17 http://deb.debian.org/debian trixie/main amd64 libldap2 amd64 2.6.10+dfsg-1 [194 kB]
2025-08-19T16:08:58.4868624Z #32 4.008 Get:18 http://deb.debian.org/debian trixie/main amd64 libnghttp2-14 amd64 1.64.0-1.1 [76.0 kB]
2025-08-19T16:08:58.4869649Z #32 4.018 Get:19 http://deb.debian.org/debian trixie/main amd64 libnghttp3-9 amd64 1.8.0-1 [67.7 kB]
2025-08-19T16:08:58.4870765Z #32 4.018 Get:20 http://deb.debian.org/debian trixie/main amd64 libpsl5t64 amd64 0.21.2-1.1+b1 [57.2 kB]
2025-08-19T16:08:58.4871803Z #32 4.019 Get:21 http://deb.debian.org/debian trixie/main amd64 libp11-kit0 amd64 0.25.5-3 [425 kB]
2025-08-19T16:08:58.4872815Z #32 4.022 Get:22 http://deb.debian.org/debian trixie/main amd64 libtasn1-6 amd64 4.20.0-2 [49.9 kB]
2025-08-19T16:08:58.4873827Z #32 4.022 Get:23 http://deb.debian.org/debian trixie/main amd64 libgnutls30t64 amd64 3.8.9-3 [1465 kB]
2025-08-19T16:08:58.4874960Z #32 4.032 Get:24 http://deb.debian.org/debian trixie/main amd64 librtmp1 amd64 2.4+20151223.gitfa8646d.1-2+b5 [58.8 kB]
2025-08-19T16:08:58.4876092Z #32 4.032 Get:25 http://deb.debian.org/debian trixie/main amd64 libssh2-1t64 amd64 1.11.1-1 [245 kB]
2025-08-19T16:08:58.4877281Z #32 4.034 Get:26 http://deb.debian.org/debian trixie/main amd64 libcurl4t64 amd64 8.14.1-2 [391 kB]
2025-08-19T16:08:58.4878485Z #32 4.039 Get:27 http://deb.debian.org/debian trixie/main amd64 curl amd64 8.14.1-2 [269 kB]
2025-08-19T16:08:58.4879438Z #32 4.039 Get:28 http://deb.debian.org/debian trixie/main amd64 libpq5 amd64 17.5-1 [226 kB]
2025-08-19T16:08:58.4880656Z #32 4.045 Get:29 http://deb.debian.org/debian trixie/main amd64 postgresql-client-common all 278 [47.1 kB]
2025-08-19T16:08:58.4881777Z #32 4.047 Get:30 http://deb.debian.org/debian trixie/main amd64 postgresql-client-17 amd64 17.5-1 [2025 kB]
2025-08-19T16:08:58.4882854Z #32 4.057 Get:31 http://deb.debian.org/debian trixie/main amd64 postgresql-client all 17+278 [14.0 kB]
2025-08-19T16:08:58.4883617Z #32 5.788 Fetched 14.9 MB in 0s (63.3 MB/s)
2025-08-19T16:08:58.4884195Z #32 5.812 Selecting previously unselected package sensible-utils.
2025-08-19T16:08:58.4884788Z #32 5.812 (Reading database ... 
2025-08-19T16:08:58.4885197Z (Reading database ... 5%
2025-08-19T16:08:58.4885576Z (Reading database ... 10%
2025-08-19T16:08:58.4885950Z (Reading database ... 15%
2025-08-19T16:08:58.4886501Z (Reading database ... 20%
2025-08-19T16:08:58.4886880Z (Reading database ... 25%
2025-08-19T16:08:58.4887253Z (Reading database ... 30%
2025-08-19T16:08:58.4887623Z (Reading database ... 35%
2025-08-19T16:08:58.4887980Z (Reading database ... 40%
2025-08-19T16:08:58.4889182Z (Reading database ... 45%
2025-08-19T16:08:58.4889563Z (Reading database ... 50%
2025-08-19T16:08:58.4889936Z (Reading database ... 55%
2025-08-19T16:08:58.4890301Z (Reading database ... 60%
2025-08-19T16:08:58.4890671Z (Reading database ... 65%
2025-08-19T16:08:58.4891032Z (Reading database ... 70%
2025-08-19T16:08:58.4891403Z (Reading database ... 75%
2025-08-19T16:08:58.4891764Z (Reading database ... 80%
2025-08-19T16:08:58.4892133Z (Reading database ... 85%
2025-08-19T16:08:58.4892503Z (Reading database ... 90%
2025-08-19T16:08:58.4892864Z (Reading database ... 95%
2025-08-19T16:08:58.4893241Z (Reading database ... 100%
2025-08-19T16:08:58.4893787Z (Reading database ... 5643 files and directories currently installed.)
2025-08-19T16:08:58.4894558Z #32 5.818 Preparing to unpack .../00-sensible-utils_0.0.25_all.deb ...
2025-08-19T16:08:58.4895181Z #32 5.819 Unpacking sensible-utils (0.0.25) ...
2025-08-19T16:08:58.4895817Z #32 5.847 Selecting previously unselected package perl-modules-5.40.
2025-08-19T16:08:58.4896774Z #32 5.849 Preparing to unpack .../01-perl-modules-5.40_5.40.1-6_all.deb ...
2025-08-19T16:08:58.4897446Z #32 5.850 Unpacking perl-modules-5.40 (5.40.1-6) ...
2025-08-19T16:08:58.4898144Z #32 6.812 Selecting previously unselected package libgdbm-compat4t64:amd64.
2025-08-19T16:08:58.4898940Z #32 6.814 Preparing to unpack .../02-libgdbm-compat4t64_1.24-2_amd64.deb ...
2025-08-19T16:08:58.4899675Z #32 6.820 Unpacking libgdbm-compat4t64:amd64 (1.24-2) ...
2025-08-19T16:08:58.4900344Z #32 6.890 Selecting previously unselected package libperl5.40:amd64.
2025-08-19T16:08:58.4901078Z #32 6.893 Preparing to unpack .../03-libperl5.40_5.40.1-6_amd64.deb ...
2025-08-19T16:08:58.4901706Z #32 6.895 Unpacking libperl5.40:amd64 (5.40.1-6) ...
2025-08-19T16:08:58.4902287Z #32 7.270 Selecting previously unselected package perl.
2025-08-19T16:08:58.4902923Z #32 7.273 Preparing to unpack .../04-perl_5.40.1-6_amd64.deb ...
2025-08-19T16:08:58.4903481Z #32 7.273 Unpacking perl (5.40.1-6) ...
2025-08-19T16:08:58.4904078Z #32 7.337 Selecting previously unselected package libbrotli1:amd64.
2025-08-19T16:08:58.4904805Z #32 7.338 Preparing to unpack .../05-libbrotli1_1.1.0-2+b7_amd64.deb ...
2025-08-19T16:08:58.4905459Z #32 7.344 Unpacking libbrotli1:amd64 (1.1.0-2+b7) ...
2025-08-19T16:08:58.4906131Z #32 7.389 Selecting previously unselected package libkrb5support0:amd64.
2025-08-19T16:08:58.4907081Z #32 7.389 Preparing to unpack .../06-libkrb5support0_1.21.3-5_amd64.deb ...
2025-08-19T16:08:58.4907785Z #32 7.392 Unpacking libkrb5support0:amd64 (1.21.3-5) ...
2025-08-19T16:08:58.4908444Z #32 7.430 Selecting previously unselected package libcom-err2:amd64.
2025-08-19T16:08:58.4909179Z #32 7.430 Preparing to unpack .../07-libcom-err2_1.47.2-3+b3_amd64.deb ...
2025-08-19T16:08:58.4910036Z #32 7.439 Unpacking libcom-err2:amd64 (1.47.2-3+b3) ...
2025-08-19T16:08:58.4910708Z #32 7.480 Selecting previously unselected package libk5crypto3:amd64.
2025-08-19T16:08:58.4911443Z #32 7.480 Preparing to unpack .../08-libk5crypto3_1.21.3-5_amd64.deb ...
2025-08-19T16:08:58.4912274Z #32 7.482 Unpacking libk5crypto3:amd64 (1.21.3-5) ...
2025-08-19T16:08:58.4912921Z #32 7.516 Selecting previously unselected package libkeyutils1:amd64.
2025-08-19T16:08:58.4913655Z #32 7.520 Preparing to unpack .../09-libkeyutils1_1.6.3-6_amd64.deb ...
2025-08-19T16:08:58.4914286Z #32 7.523 Unpacking libkeyutils1:amd64 (1.6.3-6) ...
2025-08-19T16:08:58.4914903Z #32 7.571 Selecting previously unselected package libkrb5-3:amd64.
2025-08-19T16:08:58.4915606Z #32 7.573 Preparing to unpack .../10-libkrb5-3_1.21.3-5_amd64.deb ...
2025-08-19T16:08:58.4916368Z #32 7.576 Unpacking libkrb5-3:amd64 (1.21.3-5) ...
2025-08-19T16:08:58.4917040Z #32 7.678 Selecting previously unselected package libgssapi-krb5-2:amd64.
2025-08-19T16:08:58.4917841Z #32 7.678 Preparing to unpack .../11-libgssapi-krb5-2_1.21.3-5_amd64.deb ...
2025-08-19T16:08:58.4918631Z #32 7.679 Unpacking libgssapi-krb5-2:amd64 (1.21.3-5) ...
2025-08-19T16:08:58.4919321Z #32 7.752 Selecting previously unselected package libunistring5:amd64.
2025-08-19T16:08:58.4920078Z #32 7.752 Preparing to unpack .../12-libunistring5_1.3-2_amd64.deb ...
2025-08-19T16:08:58.4920710Z #32 7.756 Unpacking libunistring5:amd64 (1.3-2) ...
2025-08-19T16:08:58.4921345Z #32 7.817 Selecting previously unselected package libidn2-0:amd64.
2025-08-19T16:08:58.4922042Z #32 7.819 Preparing to unpack .../13-libidn2-0_2.3.8-2_amd64.deb ...
2025-08-19T16:08:58.4922748Z #32 7.820 Unpacking libidn2-0:amd64 (2.3.8-2) ...
2025-08-19T16:08:58.4923429Z #32 7.851 Selecting previously unselected package libsasl2-modules-db:amd64.
2025-08-19T16:08:58.4924277Z #32 7.851 Preparing to unpack .../14-libsasl2-modules-db_2.1.28+dfsg1-9_amd64.deb ...
2025-08-19T16:08:58.4925062Z #32 7.853 Unpacking libsasl2-modules-db:amd64 (2.1.28+dfsg1-9) ...
2025-08-19T16:08:58.4925781Z #32 7.880 Selecting previously unselected package libsasl2-2:amd64.
2025-08-19T16:08:58.4926687Z #32 7.884 Preparing to unpack .../15-libsasl2-2_2.1.28+dfsg1-9_amd64.deb ...
2025-08-19T16:08:58.4927368Z #32 7.885 Unpacking libsasl2-2:amd64 (2.1.28+dfsg1-9) ...
2025-08-19T16:08:58.4928018Z #32 7.922 Selecting previously unselected package libldap2:amd64.
2025-08-19T16:08:58.4928742Z #32 7.923 Preparing to unpack .../16-libldap2_2.6.10+dfsg-1_amd64.deb ...
2025-08-19T16:08:58.4936928Z #32 7.925 Unpacking libldap2:amd64 (2.6.10+dfsg-1) ...
2025-08-19T16:08:58.4937634Z #32 7.969 Selecting previously unselected package libnghttp2-14:amd64.
2025-08-19T16:08:58.4938418Z #32 7.969 Preparing to unpack .../17-libnghttp2-14_1.64.0-1.1_amd64.deb ...
2025-08-19T16:08:58.4939114Z #32 7.970 Unpacking libnghttp2-14:amd64 (1.64.0-1.1) ...
2025-08-19T16:08:58.4939790Z #32 7.999 Selecting previously unselected package libnghttp3-9:amd64.
2025-08-19T16:08:58.4940565Z #32 7.999 Preparing to unpack .../18-libnghttp3-9_1.8.0-1_amd64.deb ...
2025-08-19T16:08:58.4941227Z #32 8.001 Unpacking libnghttp3-9:amd64 (1.8.0-1) ...
2025-08-19T16:08:58.4941874Z #32 8.032 Selecting previously unselected package libpsl5t64:amd64.
2025-08-19T16:08:58.4942641Z #32 8.032 Preparing to unpack .../19-libpsl5t64_0.21.2-1.1+b1_amd64.deb ...
2025-08-19T16:08:58.4943316Z #32 8.035 Unpacking libpsl5t64:amd64 (0.21.2-1.1+b1) ...
2025-08-19T16:08:58.4943984Z #32 8.062 Selecting previously unselected package libp11-kit0:amd64.
2025-08-19T16:08:58.4944714Z #32 8.064 Preparing to unpack .../20-libp11-kit0_0.25.5-3_amd64.deb ...
2025-08-19T16:08:58.4945362Z #32 8.066 Unpacking libp11-kit0:amd64 (0.25.5-3) ...
2025-08-19T16:08:58.4946006Z #32 8.108 Selecting previously unselected package libtasn1-6:amd64.
2025-08-19T16:08:58.4951866Z #32 8.109 Preparing to unpack .../21-libtasn1-6_4.20.0-2_amd64.deb ...
2025-08-19T16:08:58.4952531Z #32 8.110 Unpacking libtasn1-6:amd64 (4.20.0-2) ...
2025-08-19T16:08:58.4953710Z #32 8.142 Selecting previously unselected package libgnutls30t64:amd64.
2025-08-19T16:08:58.4954524Z #32 8.143 Preparing to unpack .../22-libgnutls30t64_3.8.9-3_amd64.deb ...
2025-08-19T16:08:58.4955192Z #32 8.144 Unpacking libgnutls30t64:amd64 (3.8.9-3) ...
2025-08-19T16:08:58.4956019Z #32 8.228 Selecting previously unselected package librtmp1:amd64.
2025-08-19T16:08:58.4956994Z #32 8.230 Preparing to unpack .../23-librtmp1_2.4+20151223.gitfa8646d.1-2+b5_amd64.deb ...
2025-08-19T16:08:58.4957814Z #32 8.232 Unpacking librtmp1:amd64 (2.4+20151223.gitfa8646d.1-2+b5) ...
2025-08-19T16:08:58.4958563Z #32 8.270 Selecting previously unselected package libssh2-1t64:amd64.
2025-08-19T16:08:58.4959310Z #32 8.270 Preparing to unpack .../24-libssh2-1t64_1.11.1-1_amd64.deb ...
2025-08-19T16:08:58.4959962Z #32 8.270 Unpacking libssh2-1t64:amd64 (1.11.1-1) ...
2025-08-19T16:08:58.4960598Z #32 8.307 Selecting previously unselected package libcurl4t64:amd64.
2025-08-19T16:08:58.4961343Z #32 8.309 Preparing to unpack .../25-libcurl4t64_8.14.1-2_amd64.deb ...
2025-08-19T16:08:58.4961995Z #32 8.310 Unpacking libcurl4t64:amd64 (8.14.1-2) ...
2025-08-19T16:08:58.4962561Z #32 8.353 Selecting previously unselected package curl.
2025-08-19T16:08:58.4963201Z #32 8.358 Preparing to unpack .../26-curl_8.14.1-2_amd64.deb ...
2025-08-19T16:08:58.4963753Z #32 8.360 Unpacking curl (8.14.1-2) ...
2025-08-19T16:08:58.4964323Z #32 8.396 Selecting previously unselected package libpq5:amd64.
2025-08-19T16:08:58.4965005Z #32 8.398 Preparing to unpack .../27-libpq5_17.5-1_amd64.deb ...
2025-08-19T16:08:58.4965608Z #32 8.402 Unpacking libpq5:amd64 (17.5-1) ...
2025-08-19T16:08:58.4966421Z #32 8.458 Selecting previously unselected package postgresql-client-common.
2025-08-19T16:08:58.4967251Z #32 8.458 Preparing to unpack .../28-postgresql-client-common_278_all.deb ...
2025-08-19T16:08:58.4967967Z #32 8.467 Unpacking postgresql-client-common (278) ...
2025-08-19T16:08:58.4968652Z #32 8.500 Selecting previously unselected package postgresql-client-17.
2025-08-19T16:08:58.4969464Z #32 8.500 Preparing to unpack .../29-postgresql-client-17_17.5-1_amd64.deb ...
2025-08-19T16:08:58.4970152Z #32 8.501 Unpacking postgresql-client-17 (17.5-1) ...
2025-08-19T16:08:58.4970822Z #32 8.709 Selecting previously unselected package postgresql-client.
2025-08-19T16:08:58.4971573Z #32 8.709 Preparing to unpack .../30-postgresql-client_17+278_all.deb ...
2025-08-19T16:08:58.4972232Z #32 8.714 Unpacking postgresql-client (17+278) ...
2025-08-19T16:08:58.4972787Z #32 8.743 Setting up libkeyutils1:amd64 (1.6.3-6) ...
2025-08-19T16:08:58.4973361Z #32 8.753 Setting up libgdbm-compat4t64:amd64 (1.24-2) ...
2025-08-19T16:08:58.4973947Z #32 8.757 Setting up libbrotli1:amd64 (1.1.0-2+b7) ...
2025-08-19T16:08:58.4974509Z #32 8.761 Setting up libnghttp2-14:amd64 (1.64.0-1.1) ...
2025-08-19T16:08:58.4975092Z #32 8.764 Setting up libcom-err2:amd64 (1.47.2-3+b3) ...
2025-08-19T16:08:58.4975676Z #32 8.767 Setting up libkrb5support0:amd64 (1.21.3-5) ...
2025-08-19T16:08:58.4976562Z #32 8.770 Setting up libsasl2-modules-db:amd64 (2.1.28+dfsg1-9) ...
2025-08-19T16:08:58.4977187Z #32 8.783 Setting up libp11-kit0:amd64 (0.25.5-3) ...
2025-08-19T16:08:58.4977732Z #32 8.795 Setting up libunistring5:amd64 (1.3-2) ...
2025-08-19T16:08:58.4978301Z #32 8.804 Setting up libk5crypto3:amd64 (1.21.3-5) ...
2025-08-19T16:08:58.4978870Z #32 8.808 Setting up libsasl2-2:amd64 (2.1.28+dfsg1-9) ...
2025-08-19T16:08:58.4979449Z #32 8.812 Setting up libnghttp3-9:amd64 (1.8.0-1) ...
2025-08-19T16:08:58.4979998Z #32 8.816 Setting up perl-modules-5.40 (5.40.1-6) ...
2025-08-19T16:08:58.4980535Z #32 8.821 Setting up sensible-utils (0.0.25) ...
2025-08-19T16:08:58.4981119Z #32 8.825 Setting up libtasn1-6:amd64 (4.20.0-2) ...
2025-08-19T16:08:58.4981634Z #32 8.829 Setting up libkrb5-3:amd64 (1.21.3-5) ...
2025-08-19T16:08:58.4982173Z #32 8.834 Setting up libssh2-1t64:amd64 (1.11.1-1) ...
2025-08-19T16:08:58.4982724Z #32 8.838 Setting up libldap2:amd64 (2.6.10+dfsg-1) ...
2025-08-19T16:08:58.4983270Z #32 8.841 Setting up libidn2-0:amd64 (2.3.8-2) ...
2025-08-19T16:08:58.4984077Z #32 8.846 Setting up libperl5.40:amd64 (5.40.1-6) ...
2025-08-19T16:08:58.4984607Z #32 8.851 Setting up perl (5.40.1-6) ...
2025-08-19T16:08:58.4985357Z #32 8.860 Setting up libgssapi-krb5-2:amd64 (1.21.3-5) ...
2025-08-19T16:08:58.4985937Z #32 8.867 Setting up libgnutls30t64:amd64 (3.8.9-3) ...
2025-08-19T16:08:58.4986782Z #32 8.874 Setting up postgresql-client-common (278) ...
2025-08-19T16:08:58.4987374Z #32 8.896 Setting up libpsl5t64:amd64 (0.21.2-1.1+b1) ...
2025-08-19T16:08:58.4987908Z #32 8.903 Setting up libpq5:amd64 (17.5-1) ...
2025-08-19T16:08:58.4988498Z #32 8.910 Setting up librtmp1:amd64 (2.4+20151223.gitfa8646d.1-2+b5) ...
2025-08-19T16:08:58.4989133Z #32 8.915 Setting up libcurl4t64:amd64 (8.14.1-2) ...
2025-08-19T16:08:58.4989677Z #32 8.923 Setting up postgresql-client-17 (17.5-1) ...
2025-08-19T16:08:58.4990799Z #32 9.592 update-alternatives: using /usr/share/postgresql/17/man/man1/psql.1.gz to provide /usr/share/man/man1/psql.1.gz (psql.1.gz) in auto mode
2025-08-19T16:08:58.4991887Z #32 9.666 Setting up curl (8.14.1-2) ...
2025-08-19T16:08:58.4992385Z #32 9.677 Setting up postgresql-client (17+278) ...
2025-08-19T16:08:58.4992949Z #32 9.683 Processing triggers for libc-bin (2.41-12) ...
2025-08-19T16:08:58.4996936Z #32 9.753 + rm -rf /var/lib/apt/lists/auxfiles /var/lib/apt/lists/deb.debian.org_debian-security_dists_trixie-security_InRelease /var/lib/apt/lists/deb.debian.org_debian-security_dists_trixie-security_main_binary-amd64_Packages.lz4 /var/lib/apt/lists/deb.debian.org_debian_dists_trixie-updates_InRelease /var/lib/apt/lists/deb.debian.org_debian_dists_trixie-updates_main_binary-amd64_Packages.lz4 /var/lib/apt/lists/deb.debian.org_debian_dists_trixie_InRelease /var/lib/apt/lists/deb.debian.org_debian_dists_trixie_main_binary-amd64_Packages.lz4 /var/lib/apt/lists/lock /var/lib/apt/lists/partial
2025-08-19T16:08:58.5000775Z #32 DONE 9.9s
2025-08-19T16:08:58.7120412Z 
2025-08-19T16:08:58.7121614Z #33 [api base  4/13] RUN pip install --no-cache-dir -r requirements.txt
2025-08-19T16:08:58.7122840Z #33 3.171 Collecting uvicorn==0.29.0 (from -r requirements.txt (line 1))
2025-08-19T16:08:58.7123981Z #33 3.237   Downloading uvicorn-0.29.0-py3-none-any.whl.metadata (6.3 kB)
2025-08-19T16:08:58.7125073Z #33 3.268 Collecting pydantic-settings==2.2.1 (from -r requirements.txt (line 2))
2025-08-19T16:08:58.7126424Z #33 3.285   Downloading pydantic_settings-2.2.1-py3-none-any.whl.metadata (3.1 kB)
2025-08-19T16:08:58.7127531Z #33 3.377 Collecting fastapi==0.111.0 (from -r requirements.txt (line 3))
2025-08-19T16:08:58.7128546Z #33 3.396   Downloading fastapi-0.111.0-py3-none-any.whl.metadata (25 kB)
2025-08-19T16:08:58.7129611Z #33 3.856 Collecting sqlalchemy==2.0.29 (from -r requirements.txt (line 4))
2025-08-19T16:08:58.7130841Z #33 3.873   Downloading SQLAlchemy-2.0.29-cp312-cp312-manylinux_2_17_x86_64.manylinux2014_x86_64.whl.metadata (9.6 kB)
2025-08-19T16:08:58.7132142Z #33 3.930 Collecting alembic==1.13.1 (from -r requirements.txt (line 5))
2025-08-19T16:08:58.7133138Z #33 3.949   Downloading alembic-1.13.1-py3-none-any.whl.metadata (7.4 kB)
2025-08-19T16:08:58.7134211Z #33 3.982 Collecting psycopg==3.2.9 (from psycopg[binary]==3.2.9->-r requirements.txt (line 6))
2025-08-19T16:08:58.7135267Z #33 3.999   Downloading psycopg-3.2.9-py3-none-any.whl.metadata (4.5 kB)
2025-08-19T16:08:58.7136500Z #33 4.048 Collecting httpx==0.27.2 (from -r requirements.txt (line 7))
2025-08-19T16:08:58.7137535Z #33 4.065   Downloading httpx-0.27.2-py3-none-any.whl.metadata (7.1 kB)
2025-08-19T16:08:58.7138502Z #33 4.139 Collecting asyncpg==0.29.0 (from -r requirements.txt (line 8))
2025-08-19T16:08:58.7139664Z #33 4.155   Downloading asyncpg-0.29.0-cp312-cp312-manylinux_2_17_x86_64.manylinux2014_x86_64.whl.metadata (4.4 kB)
2025-08-19T16:08:58.7166912Z #33 4.647 Collecting boto3==1.34.162 (from -r requirements.txt (line 9))
2025-08-19T16:08:58.7167951Z #33 4.664   Downloading boto3-1.34.162-py3-none-any.whl.metadata (6.6 kB)
2025-08-19T16:08:58.7169245Z #33 4.698 Collecting Jinja2==3.1.5 (from -r requirements.txt (line 10))
2025-08-19T16:08:58.7170276Z #33 4.715   Downloading jinja2-3.1.5-py3-none-any.whl.metadata (2.6 kB)
2025-08-19T16:08:58.7171209Z #33 4.782 Collecting celery==5.3.* (from -r requirements.txt (line 11))
2025-08-19T16:08:58.7172435Z #33 4.800   Downloading celery-5.3.6-py3-none-any.whl.metadata (21 kB)
2025-08-19T16:08:58.7173431Z #33 4.879 Collecting structlog==24.1.0 (from -r requirements.txt (line 12))
2025-08-19T16:08:58.7174427Z #33 4.898   Downloading structlog-24.1.0-py3-none-any.whl.metadata (6.9 kB)
2025-08-19T16:08:58.7175532Z #33 4.948 Collecting asgi-correlation-id==4.3.1 (from -r requirements.txt (line 13))
2025-08-19T16:08:58.7176810Z #33 4.965   Downloading asgi_correlation_id-4.3.1-py3-none-any.whl.metadata (28 kB)
2025-08-19T16:08:58.7177910Z #33 4.999 Collecting fastapi-limiter==0.1.6 (from -r requirements.txt (line 14))
2025-08-19T16:08:58.7178964Z #33 5.016   Downloading fastapi_limiter-0.1.6-py3-none-any.whl.metadata (5.3 kB)
2025-08-19T16:08:58.7179919Z #33 5.072 Collecting redis==5.0.8 (from -r requirements.txt (line 15))
2025-08-19T16:08:58.7180860Z #33 5.091   Downloading redis-5.0.8-py3-none-any.whl.metadata (9.2 kB)
2025-08-19T16:08:58.7182003Z #33 5.204 Collecting sentry-sdk==2.9.0 (from sentry-sdk[celery,fastapi,sqlalchemy]==2.9.0->-r requirements.txt (line 16))
2025-08-19T16:08:58.7183271Z #33 5.220   Downloading sentry_sdk-2.9.0-py2.py3-none-any.whl.metadata (14 kB)
2025-08-19T16:08:58.7184397Z #33 5.360 Collecting click>=7.0 (from uvicorn==0.29.0->-r requirements.txt (line 1))
2025-08-19T16:08:58.7185420Z #33 5.379   Downloading click-8.2.1-py3-none-any.whl.metadata (2.5 kB)
2025-08-19T16:08:58.7187646Z #33 5.404 Collecting h11>=0.8 (from uvicorn==0.29.0->-r requirements.txt (line 1))
2025-08-19T16:08:58.7188409Z #33 5.422   Downloading h11-0.16.0-py3-none-any.whl.metadata (8.3 kB)
2025-08-19T16:08:58.7189264Z #33 5.604 Collecting pydantic>=2.3.0 (from pydantic-settings==2.2.1->-r requirements.txt (line 2))
2025-08-19T16:08:58.7190187Z #33 5.620   Downloading pydantic-2.11.7-py3-none-any.whl.metadata (67 kB)
2025-08-19T16:08:58.7191101Z #33 5.668 Collecting python-dotenv>=0.21.0 (from pydantic-settings==2.2.1->-r requirements.txt (line 2))
2025-08-19T16:08:58.7192095Z #33 5.684   Downloading python_dotenv-1.1.1-py3-none-any.whl.metadata (24 kB)
2025-08-19T16:08:58.7192980Z #33 5.742 Collecting starlette<0.38.0,>=0.37.2 (from fastapi==0.111.0->-r requirements.txt (line 3))
2025-08-19T16:08:58.7193869Z #33 5.760   Downloading starlette-0.37.2-py3-none-any.whl.metadata (5.9 kB)
2025-08-19T16:08:58.7194777Z #33 5.848 Collecting typing-extensions>=4.8.0 (from fastapi==0.111.0->-r requirements.txt (line 3))
2025-08-19T16:08:58.7195720Z #33 5.864   Downloading typing_extensions-4.14.1-py3-none-any.whl.metadata (3.0 kB)
2025-08-19T16:08:58.7217089Z #33 5.887 Collecting fastapi-cli>=0.0.2 (from fastapi==0.111.0->-r requirements.txt (line 3))
2025-08-19T16:08:58.7218025Z #33 5.906   Downloading fastapi_cli-0.0.8-py3-none-any.whl.metadata (6.3 kB)
2025-08-19T16:08:58.7218997Z #33 5.948 Collecting python-multipart>=0.0.7 (from fastapi==0.111.0->-r requirements.txt (line 3))
2025-08-19T16:08:58.7219975Z #33 5.964   Downloading python_multipart-0.0.20-py3-none-any.whl.metadata (1.8 kB)
2025-08-19T16:08:58.7220962Z #33 6.046 Collecting ujson!=4.0.2,!=4.1.0,!=4.2.0,!=4.3.0,!=5.0.0,!=5.1.0,>=4.0.1 (from fastapi==0.111.0->-r requirements.txt (line 3))
2025-08-19T16:08:58.7222088Z #33 6.063   Downloading ujson-5.10.0-cp312-cp312-manylinux_2_17_x86_64.manylinux2014_x86_64.whl.metadata (9.3 kB)
2025-08-19T16:08:58.7223116Z #33 6.281 Collecting orjson>=3.2.1 (from fastapi==0.111.0->-r requirements.txt (line 3))
2025-08-19T16:08:58.7224169Z #33 6.410   Downloading orjson-3.11.2-cp312-cp312-manylinux_2_17_x86_64.manylinux2014_x86_64.whl.metadata (1.2 kB)
2025-08-19T16:08:58.7225278Z #33 6.472 Collecting email_validator>=2.0.0 (from fastapi==0.111.0->-r requirements.txt (line 3))
2025-08-19T16:08:58.7226383Z #33 6.603   Downloading email_validator-2.2.0-py3-none-any.whl.metadata (25 kB)
2025-08-19T16:08:58.7227453Z #33 6.772 Collecting greenlet!=0.4.17 (from sqlalchemy==2.0.29->-r requirements.txt (line 4))
2025-08-19T16:08:58.7228522Z #33 6.788   Downloading greenlet-3.2.4-cp312-cp312-manylinux_2_24_x86_64.manylinux_2_28_x86_64.whl.metadata (4.1 kB)
2025-08-19T16:08:58.7229804Z #33 6.825 Collecting Mako (from alembic==1.13.1->-r requirements.txt (line 5))
2025-08-19T16:08:58.7230604Z #33 6.840   Downloading mako-1.3.10-py3-none-any.whl.metadata (2.9 kB)
2025-08-19T16:08:58.7231365Z #33 6.885 Collecting anyio (from httpx==0.27.2->-r requirements.txt (line 7))
2025-08-19T16:08:58.7232143Z #33 6.902   Downloading anyio-4.10.0-py3-none-any.whl.metadata (4.0 kB)
2025-08-19T16:08:58.7232955Z #33 6.939 Collecting certifi (from httpx==0.27.2->-r requirements.txt (line 7))
2025-08-19T16:08:58.7233741Z #33 6.963   Downloading certifi-2025.8.3-py3-none-any.whl.metadata (2.4 kB)
2025-08-19T16:08:58.7234592Z #33 6.998 Collecting httpcore==1.* (from httpx==0.27.2->-r requirements.txt (line 7))
2025-08-19T16:08:58.7235427Z #33 7.014   Downloading httpcore-1.0.9-py3-none-any.whl.metadata (21 kB)
2025-08-19T16:08:58.7276545Z #33 7.063 Collecting idna (from httpx==0.27.2->-r requirements.txt (line 7))
2025-08-19T16:08:58.7277560Z #33 7.084   Downloading idna-3.10-py3-none-any.whl.metadata (10 kB)
2025-08-19T16:08:58.7278322Z #33 7.110 Collecting sniffio (from httpx==0.27.2->-r requirements.txt (line 7))
2025-08-19T16:08:58.7279124Z #33 7.136   Downloading sniffio-1.3.1-py3-none-any.whl.metadata (3.9 kB)
2025-08-19T16:08:58.7279988Z #33 7.762 Collecting botocore<1.35.0,>=1.34.162 (from boto3==1.34.162->-r requirements.txt (line 9))
2025-08-19T16:08:58.7280876Z #33 7.780   Downloading botocore-1.34.162-py3-none-any.whl.metadata (5.7 kB)
2025-08-19T16:08:58.7281743Z #33 7.809 Collecting jmespath<2.0.0,>=0.7.1 (from boto3==1.34.162->-r requirements.txt (line 9))
2025-08-19T16:08:58.7282553Z #33 7.826   Downloading jmespath-1.0.1-py3-none-any.whl.metadata (7.6 kB)
2025-08-19T16:08:58.7283433Z #33 7.867 Collecting s3transfer<0.11.0,>=0.10.0 (from boto3==1.34.162->-r requirements.txt (line 9))
2025-08-19T16:08:58.7284308Z #33 7.885   Downloading s3transfer-0.10.4-py3-none-any.whl.metadata (1.7 kB)
2025-08-19T16:08:58.7285184Z #33 7.977 Collecting MarkupSafe>=2.0 (from Jinja2==3.1.5->-r requirements.txt (line 10))
2025-08-19T16:08:58.7286474Z #33 7.996   Downloading MarkupSafe-3.0.2-cp312-cp312-manylinux_2_17_x86_64.manylinux2014_x86_64.whl.metadata (4.0 kB)
2025-08-19T16:08:58.7287566Z #33 8.035 Collecting billiard<5.0,>=4.2.0 (from celery==5.3.*->-r requirements.txt (line 11))
2025-08-19T16:08:58.7288420Z #33 8.052   Downloading billiard-4.2.1-py3-none-any.whl.metadata (4.4 kB)
2025-08-19T16:08:58.7289279Z #33 8.077 Collecting click-didyoumean>=0.3.0 (from celery==5.3.*->-r requirements.txt (line 11))
2025-08-19T16:08:58.7290191Z #33 8.092   Downloading click_didyoumean-0.3.1-py3-none-any.whl.metadata (3.9 kB)
2025-08-19T16:08:58.7291083Z #33 8.114 Collecting click-plugins>=1.1.1 (from celery==5.3.*->-r requirements.txt (line 11))
2025-08-19T16:08:58.7291994Z #33 8.130   Downloading click_plugins-1.1.1.2-py2.py3-none-any.whl.metadata (6.5 kB)
2025-08-19T16:08:58.7292890Z #33 8.153 Collecting click-repl>=0.2.0 (from celery==5.3.*->-r requirements.txt (line 11))
2025-08-19T16:08:58.7293726Z #33 8.169   Downloading click_repl-0.3.0-py3-none-any.whl.metadata (3.6 kB)
2025-08-19T16:08:58.7294511Z #33 8.243 Collecting kombu<6.0,>=5.3.4 (from celery==5.3.*->-r requirements.txt (line 11))
2025-08-19T16:08:58.7295276Z #33 8.260   Downloading kombu-5.5.4-py3-none-any.whl.metadata (3.5 kB)
2025-08-19T16:08:58.7367174Z #33 8.305 Collecting python-dateutil>=2.8.2 (from celery==5.3.*->-r requirements.txt (line 11))
2025-08-19T16:08:58.7368155Z #33 8.325   Downloading python_dateutil-2.9.0.post0-py2.py3-none-any.whl.metadata (8.4 kB)
2025-08-19T16:08:58.7369034Z #33 8.356 Collecting tzdata>=2022.7 (from celery==5.3.*->-r requirements.txt (line 11))
2025-08-19T16:08:58.7369857Z #33 8.373   Downloading tzdata-2025.2-py2.py3-none-any.whl.metadata (1.4 kB)
2025-08-19T16:08:58.7371001Z #33 8.401 Collecting vine<6.0,>=5.1.0 (from celery==5.3.*->-r requirements.txt (line 11))
2025-08-19T16:08:58.7371768Z #33 8.417   Downloading vine-5.1.0-py3-none-any.whl.metadata (2.7 kB)
2025-08-19T16:08:58.7373022Z #33 8.528 Collecting urllib3>=1.26.11 (from sentry-sdk==2.9.0->sentry-sdk[celery,fastapi,sqlalchemy]==2.9.0->-r requirements.txt (line 16))
2025-08-19T16:08:58.7374084Z #33 8.544   Downloading urllib3-2.5.0-py3-none-any.whl.metadata (6.5 kB)
2025-08-19T16:08:58.7374977Z #33 8.789 Collecting psycopg-binary==3.2.9 (from psycopg[binary]==3.2.9->-r requirements.txt (line 6))
2025-08-19T16:08:58.7376118Z #33 8.808   Downloading psycopg_binary-3.2.9-cp312-cp312-manylinux_2_17_x86_64.manylinux2014_x86_64.whl.metadata (2.9 kB)
2025-08-19T16:08:58.7377487Z #33 8.987 Collecting prompt-toolkit>=3.0.36 (from click-repl>=0.2.0->celery==5.3.*->-r requirements.txt (line 11))
2025-08-19T16:08:58.7378470Z #33 9.009   Downloading prompt_toolkit-3.0.51-py3-none-any.whl.metadata (6.4 kB)
2025-08-19T16:08:58.7379402Z #33 9.048 Collecting dnspython>=2.0.0 (from email_validator>=2.0.0->fastapi==0.111.0->-r requirements.txt (line 3))
2025-08-19T16:08:58.7380248Z #33 9.070   Downloading dnspython-2.7.0-py3-none-any.whl.metadata (5.8 kB)
2025-08-19T16:08:58.7381011Z #33 9.135 Collecting typer>=0.15.1 (from fastapi-cli>=0.0.2->fastapi==0.111.0->-r requirements.txt (line 3))
2025-08-19T16:08:58.7381759Z #33 9.153   Downloading typer-0.16.1-py3-none-any.whl.metadata (15 kB)
2025-08-19T16:08:58.7382607Z #33 9.229 Collecting rich-toolkit>=0.14.8 (from fastapi-cli>=0.0.2->fastapi==0.111.0->-r requirements.txt (line 3))
2025-08-19T16:08:58.7383624Z #33 9.245   Downloading rich_toolkit-0.15.0-py3-none-any.whl.metadata (1.0 kB)
2025-08-19T16:08:58.7384538Z #33 9.316 Collecting amqp<6.0.0,>=5.1.1 (from kombu<6.0,>=5.3.4->celery==5.3.*->-r requirements.txt (line 11))
2025-08-19T16:08:58.7385393Z #33 9.335   Downloading amqp-5.3.1-py3-none-any.whl.metadata (8.9 kB)
2025-08-19T16:08:58.7386604Z #33 9.391 Collecting packaging (from kombu<6.0,>=5.3.4->celery==5.3.*->-r requirements.txt (line 11))
2025-08-19T16:08:58.7387514Z #33 9.413   Downloading packaging-25.0-py3-none-any.whl.metadata (3.3 kB)
2025-08-19T16:08:58.7388482Z #33 9.451 Collecting annotated-types>=0.6.0 (from pydantic>=2.3.0->pydantic-settings==2.2.1->-r requirements.txt (line 2))
2025-08-19T16:08:58.7389507Z #33 9.468   Downloading annotated_types-0.7.0-py3-none-any.whl.metadata (15 kB)
2025-08-19T16:08:58.7390170Z #33 ...
2025-08-19T16:08:58.7390323Z 
2025-08-19T16:08:58.7390905Z #34 [celery_worker base 4/5] RUN if [ -n "" ] && [ -f "" ]; then         pip install -r requirements.txt -c "";     else         pip install -r requirements.txt;     fi
2025-08-19T16:08:58.7392053Z #34 2.828 Collecting keepa==1.3.14 (from -r requirements.txt (line 1))
2025-08-19T16:08:58.7392764Z #34 2.893   Downloading keepa-1.3.14-py3-none-any.whl.metadata (10 kB)
2025-08-19T16:08:58.7393485Z #34 2.984 Collecting minio==7.1.15 (from -r requirements.txt (line 2))
2025-08-19T16:08:58.7394212Z #34 3.001   Downloading minio-7.1.15-py3-none-any.whl.metadata (4.2 kB)
2025-08-19T16:08:58.7394929Z #34 3.075 Collecting celery==5.3.* (from -r requirements.txt (line 3))
2025-08-19T16:08:58.7395626Z #34 3.093   Downloading celery-5.3.6-py3-none-any.whl.metadata (21 kB)
2025-08-19T16:08:58.7396478Z #34 3.212 Collecting redis==5.* (from -r requirements.txt (line 4))
2025-08-19T16:08:58.7397215Z #34 3.228   Downloading redis-5.3.1-py3-none-any.whl.metadata (9.2 kB)
2025-08-19T16:08:58.7398047Z #34 3.337 Collecting python-amazon-sp-api==0.8.0 (from -r requirements.txt (line 5))
2025-08-19T16:08:58.7398984Z #34 3.360   Downloading python_amazon_sp_api-0.8.0-py3-none-any.whl.metadata (3.2 kB)
2025-08-19T16:08:58.7399892Z #34 3.403 Collecting pydantic-settings==2.2.1 (from -r requirements.txt (line 6))
2025-08-19T16:08:58.7400849Z #34 3.422   Downloading pydantic_settings-2.2.1-py3-none-any.whl.metadata (3.1 kB)
2025-08-19T16:08:58.7401939Z #34 3.816 Collecting numpy<2 (from -r requirements.txt (line 7))
2025-08-19T16:08:58.7402892Z #34 3.833   Downloading numpy-1.26.4-cp312-cp312-manylinux_2_17_x86_64.manylinux2014_x86_64.whl.metadata (61 kB)
2025-08-19T16:08:58.7404085Z #34 4.025 Collecting pandas==2.2.* (from -r requirements.txt (line 8))
2025-08-19T16:08:58.7405064Z #34 4.041   Downloading pandas-2.2.3-cp312-cp312-manylinux_2_17_x86_64.manylinux2014_x86_64.whl.metadata (89 kB)
2025-08-19T16:08:58.7406074Z #34 4.175 Collecting pandera==0.19.* (from -r requirements.txt (line 9))
2025-08-19T16:08:58.7407114Z #34 4.192   Downloading pandera-0.19.3-py3-none-any.whl.metadata (15 kB)
2025-08-19T16:08:58.7407910Z #34 4.261 Collecting openpyxl==3.1.* (from -r requirements.txt (line 10))
2025-08-19T16:08:58.7408736Z #34 4.278   Downloading openpyxl-3.1.5-py2.py3-none-any.whl.metadata (2.5 kB)
2025-08-19T16:08:58.7409607Z #34 4.381 Collecting psycopg2-binary==2.9.* (from -r requirements.txt (line 11))
2025-08-19T16:08:58.7410739Z #34 4.397   Downloading psycopg2_binary-2.9.10-cp312-cp312-manylinux_2_17_x86_64.manylinux2014_x86_64.whl.metadata (4.9 kB)
2025-08-19T16:08:58.7411851Z #34 4.489 Collecting requests>=2.2 (from keepa==1.3.14->-r requirements.txt (line 1))
2025-08-19T16:08:58.7412710Z #34 4.505   Downloading requests-2.32.5-py3-none-any.whl.metadata (4.9 kB)
2025-08-19T16:08:58.7413517Z #34 4.584 Collecting tqdm (from keepa==1.3.14->-r requirements.txt (line 1))
2025-08-19T16:08:58.7414286Z #34 4.599   Downloading tqdm-4.67.1-py3-none-any.whl.metadata (57 kB)
2025-08-19T16:08:58.7415101Z #34 5.336 Collecting aiohttp (from keepa==1.3.14->-r requirements.txt (line 1))
2025-08-19T16:08:58.7416144Z #34 5.354   Downloading aiohttp-3.12.15-cp312-cp312-manylinux_2_17_x86_64.manylinux2014_x86_64.whl.metadata (7.7 kB)
2025-08-19T16:08:58.7477577Z #34 5.593 Collecting pydantic (from keepa==1.3.14->-r requirements.txt (line 1))
2025-08-19T16:08:58.7478466Z #34 5.609   Downloading pydantic-2.11.7-py3-none-any.whl.metadata (67 kB)
2025-08-19T16:08:58.7479313Z #34 5.657 Collecting certifi (from minio==7.1.15->-r requirements.txt (line 2))
2025-08-19T16:08:58.7480146Z #34 5.674   Downloading certifi-2025.8.3-py3-none-any.whl.metadata (2.4 kB)
2025-08-19T16:08:58.7480981Z #34 5.727 Collecting urllib3 (from minio==7.1.15->-r requirements.txt (line 2))
2025-08-19T16:08:58.7481803Z #34 5.745   Downloading urllib3-2.5.0-py3-none-any.whl.metadata (6.5 kB)
2025-08-19T16:08:58.7482673Z #34 5.798 Collecting billiard<5.0,>=4.2.0 (from celery==5.3.*->-r requirements.txt (line 3))
2025-08-19T16:08:58.7483528Z #34 5.815   Downloading billiard-4.2.1-py3-none-any.whl.metadata (4.4 kB)
2025-08-19T16:08:58.7484420Z #34 5.842 Collecting click-didyoumean>=0.3.0 (from celery==5.3.*->-r requirements.txt (line 3))
2025-08-19T16:08:58.7485350Z #34 5.857   Downloading click_didyoumean-0.3.1-py3-none-any.whl.metadata (3.9 kB)
2025-08-19T16:08:58.7486442Z #34 5.889 Collecting click-plugins>=1.1.1 (from celery==5.3.*->-r requirements.txt (line 3))
2025-08-19T16:08:58.7487383Z #34 5.906   Downloading click_plugins-1.1.1.2-py2.py3-none-any.whl.metadata (6.5 kB)
2025-08-19T16:08:58.7488295Z #34 5.936 Collecting click-repl>=0.2.0 (from celery==5.3.*->-r requirements.txt (line 3))
2025-08-19T16:08:58.7489164Z #34 5.953   Downloading click_repl-0.3.0-py3-none-any.whl.metadata (3.6 kB)
2025-08-19T16:08:58.7489989Z #34 5.999 Collecting click<9.0,>=8.1.2 (from celery==5.3.*->-r requirements.txt (line 3))
2025-08-19T16:08:58.7490800Z #34 6.015   Downloading click-8.2.1-py3-none-any.whl.metadata (2.5 kB)
2025-08-19T16:08:58.7491587Z #34 6.104 Collecting kombu<6.0,>=5.3.4 (from celery==5.3.*->-r requirements.txt (line 3))
2025-08-19T16:08:58.7492388Z #34 6.124   Downloading kombu-5.5.4-py3-none-any.whl.metadata (3.5 kB)
2025-08-19T16:08:58.7493255Z #34 6.657 Collecting python-dateutil>=2.8.2 (from celery==5.3.*->-r requirements.txt (line 3))
2025-08-19T16:08:58.7494249Z #34 6.707   Downloading python_dateutil-2.9.0.post0-py2.py3-none-any.whl.metadata (8.4 kB)
2025-08-19T16:08:58.7495520Z #34 6.802 Collecting tzdata>=2022.7 (from celery==5.3.*->-r requirements.txt (line 3))
2025-08-19T16:08:58.7496569Z #34 6.852   Downloading tzdata-2025.2-py2.py3-none-any.whl.metadata (1.4 kB)
2025-08-19T16:08:58.7497425Z #34 6.890 Collecting vine<6.0,>=5.1.0 (from celery==5.3.*->-r requirements.txt (line 3))
2025-08-19T16:08:58.7498444Z #34 6.911   Downloading vine-5.1.0-py3-none-any.whl.metadata (2.7 kB)
2025-08-19T16:08:58.7499229Z #34 6.953 Collecting PyJWT>=2.9.0 (from redis==5.*->-r requirements.txt (line 4))
2025-08-19T16:08:58.7500036Z #34 6.973   Downloading PyJWT-2.10.1-py3-none-any.whl.metadata (4.0 kB)
2025-08-19T16:08:58.7500968Z #34 7.015 Collecting six<2,>=1.15 (from python-amazon-sp-api==0.8.0->-r requirements.txt (line 5))
2025-08-19T16:08:58.7501863Z #34 7.032   Downloading six-1.17.0-py2.py3-none-any.whl.metadata (1.7 kB)
2025-08-19T16:08:58.7502764Z #34 7.722 Collecting boto3<2,>=1.16.39 (from python-amazon-sp-api==0.8.0->-r requirements.txt (line 5))
2025-08-19T16:08:58.7503666Z #34 7.741   Downloading boto3-1.40.12-py3-none-any.whl.metadata (6.7 kB)
2025-08-19T16:08:58.7504609Z #34 7.790 Collecting cachetools~=4.2.0 (from python-amazon-sp-api==0.8.0->-r requirements.txt (line 5))
2025-08-19T16:08:58.7505578Z #34 7.810   Downloading cachetools-4.2.4-py3-none-any.whl.metadata (4.8 kB)
2025-08-19T16:08:58.7569021Z #34 7.939 Collecting pycryptodome (from python-amazon-sp-api==0.8.0->-r requirements.txt (line 5))
2025-08-19T16:08:58.7570289Z #34 7.956   Downloading pycryptodome-3.23.0-cp37-abi3-manylinux_2_17_x86_64.manylinux2014_x86_64.whl.metadata (3.4 kB)
2025-08-19T16:08:58.7571430Z #34 8.032 Collecting pytz (from python-amazon-sp-api==0.8.0->-r requirements.txt (line 5))
2025-08-19T16:08:58.7572334Z #34 8.048   Downloading pytz-2025.2-py2.py3-none-any.whl.metadata (22 kB)
2025-08-19T16:08:58.7573252Z #34 8.081 Collecting confuse~=1.4.0 (from python-amazon-sp-api==0.8.0->-r requirements.txt (line 5))
2025-08-19T16:08:58.7574207Z #34 8.098   Downloading confuse-1.4.0-py2.py3-none-any.whl.metadata (3.8 kB)
2025-08-19T16:08:58.7575188Z #34 8.157 Collecting python-dotenv>=0.21.0 (from pydantic-settings==2.2.1->-r requirements.txt (line 6))
2025-08-19T16:08:58.7576357Z #34 8.173   Downloading python_dotenv-1.1.1-py3-none-any.whl.metadata (24 kB)
2025-08-19T16:08:58.7577285Z #34 8.240 Collecting multimethod<=1.10.0 (from pandera==0.19.*->-r requirements.txt (line 9))
2025-08-19T16:08:58.7578193Z #34 8.257   Downloading multimethod-1.10-py3-none-any.whl.metadata (8.2 kB)
2025-08-19T16:08:58.7579062Z #34 8.313 Collecting packaging>=20.0 (from pandera==0.19.*->-r requirements.txt (line 9))
2025-08-19T16:08:58.7579923Z #34 8.327   Downloading packaging-25.0-py3-none-any.whl.metadata (3.3 kB)
2025-08-19T16:08:58.7580772Z #34 8.389 Collecting typeguard (from pandera==0.19.*->-r requirements.txt (line 9))
2025-08-19T16:08:58.7581622Z #34 8.403   Downloading typeguard-4.4.4-py3-none-any.whl.metadata (3.3 kB)
2025-08-19T16:08:58.7582547Z #34 8.443 Collecting typing-inspect>=0.6.0 (from pandera==0.19.*->-r requirements.txt (line 9))
2025-08-19T16:08:58.7583490Z #34 8.464   Downloading typing_inspect-0.9.0-py3-none-any.whl.metadata (1.5 kB)
2025-08-19T16:08:58.7584330Z #34 8.630 Collecting wrapt (from pandera==0.19.*->-r requirements.txt (line 9))
2025-08-19T16:08:58.7585435Z #34 8.645   Downloading wrapt-1.17.3-cp312-cp312-manylinux1_x86_64.manylinux_2_28_x86_64.manylinux_2_5_x86_64.whl.metadata (6.4 kB)
2025-08-19T16:08:58.7586740Z #34 8.704 Collecting et-xmlfile (from openpyxl==3.1.*->-r requirements.txt (line 10))
2025-08-19T16:08:58.7587613Z #34 8.725   Downloading et_xmlfile-2.0.0-py3-none-any.whl.metadata (2.7 kB)
2025-08-19T16:08:58.7588638Z #34 9.434 Collecting botocore<1.41.0,>=1.40.12 (from boto3<2,>=1.16.39->python-amazon-sp-api==0.8.0->-r requirements.txt (line 5))
2025-08-19T16:08:58.7589656Z #34 9.451   Downloading botocore-1.40.12-py3-none-any.whl.metadata (5.7 kB)
2025-08-19T16:08:58.7590669Z #34 9.492 Collecting jmespath<2.0.0,>=0.7.1 (from boto3<2,>=1.16.39->python-amazon-sp-api==0.8.0->-r requirements.txt (line 5))
2025-08-19T16:08:58.7591971Z #34 9.510   Downloading jmespath-1.0.1-py3-none-any.whl.metadata (7.6 kB)
2025-08-19T16:08:58.7593033Z #34 9.569 Collecting s3transfer<0.14.0,>=0.13.0 (from boto3<2,>=1.16.39->python-amazon-sp-api==0.8.0->-r requirements.txt (line 5))
2025-08-19T16:08:58.7594282Z #34 9.585   Downloading s3transfer-0.13.1-py3-none-any.whl.metadata (1.7 kB)
2025-08-19T16:08:58.7595289Z #34 9.727 Collecting prompt-toolkit>=3.0.36 (from click-repl>=0.2.0->celery==5.3.*->-r requirements.txt (line 3))
2025-08-19T16:08:58.7626706Z #34 9.746   Downloading prompt_toolkit-3.0.51-py3-none-any.whl.metadata (6.4 kB)
2025-08-19T16:08:58.7627783Z #34 9.868 Collecting pyyaml (from confuse~=1.4.0->python-amazon-sp-api==0.8.0->-r requirements.txt (line 5))
2025-08-19T16:08:58.7628999Z #34 9.888   Downloading PyYAML-6.0.2-cp312-cp312-manylinux_2_17_x86_64.manylinux2014_x86_64.whl.metadata (2.1 kB)
2025-08-19T16:08:58.7630114Z #34 9.983 Collecting amqp<6.0.0,>=5.1.1 (from kombu<6.0,>=5.3.4->celery==5.3.*->-r requirements.txt (line 3))
2025-08-19T16:08:58.7631015Z #34 10.000   Downloading amqp-5.3.1-py3-none-any.whl.metadata (8.9 kB)
2025-08-19T16:08:58.7631947Z #34 10.05 Collecting annotated-types>=0.6.0 (from pydantic->keepa==1.3.14->-r requirements.txt (line 1))
2025-08-19T16:08:58.7632930Z #34 10.06   Downloading annotated_types-0.7.0-py3-none-any.whl.metadata (15 kB)
2025-08-19T16:08:58.9142069Z #34 ...
2025-08-19T16:08:58.9155971Z 
2025-08-19T16:08:58.9166845Z #33 [api base  4/13] RUN pip install --no-cache-dir -r requirements.txt
2025-08-19T16:08:58.9167751Z #33 10.41 Collecting pydantic-core==2.33.2 (from pydantic>=2.3.0->pydantic-settings==2.2.1->-r requirements.txt (line 2))
2025-08-19T16:08:59.0177576Z #33 10.43   Downloading pydantic_core-2.33.2-cp312-cp312-manylinux_2_17_x86_64.manylinux2014_x86_64.whl.metadata (6.8 kB)
2025-08-19T16:08:59.0179582Z #33 10.45 Collecting typing-inspection>=0.4.0 (from pydantic>=2.3.0->pydantic-settings==2.2.1->-r requirements.txt (line 2))
2025-08-19T16:08:59.0186526Z #33 10.47   Downloading typing_inspection-0.4.1-py3-none-any.whl.metadata (2.6 kB)
2025-08-19T16:08:59.0187895Z #33 10.51 Collecting six>=1.5 (from python-dateutil>=2.8.2->celery==5.3.*->-r requirements.txt (line 11))
2025-08-19T16:08:59.1226525Z #33 10.53   Downloading six-1.17.0-py2.py3-none-any.whl.metadata (1.7 kB)
2025-08-19T16:08:59.3621598Z #33 10.86 Collecting httptools>=0.5.0 (from uvicorn[standard]>=0.12.0->fastapi==0.111.0->-r requirements.txt (line 3))
2025-08-19T16:08:59.4724204Z #33 10.88   Downloading httptools-0.6.4-cp312-cp312-manylinux_2_5_x86_64.manylinux1_x86_64.manylinux_2_17_x86_64.manylinux2014_x86_64.whl.metadata (3.6 kB)
2025-08-19T16:08:59.4728766Z #33 10.94 Collecting pyyaml>=5.1 (from uvicorn[standard]>=0.12.0->fastapi==0.111.0->-r requirements.txt (line 3))
2025-08-19T16:08:59.4729937Z #33 10.96   Downloading PyYAML-6.0.2-cp312-cp312-manylinux_2_17_x86_64.manylinux2014_x86_64.whl.metadata (2.1 kB)
2025-08-19T16:08:59.6274447Z #33 11.01 Collecting uvloop!=0.15.0,!=0.15.1,>=0.14.0 (from uvicorn[standard]>=0.12.0->fastapi==0.111.0->-r requirements.txt (line 3))
2025-08-19T16:08:59.6275696Z #33 11.03   Downloading uvloop-0.21.0-cp312-cp312-manylinux_2_17_x86_64.manylinux2014_x86_64.whl.metadata (4.9 kB)
2025-08-19T16:08:59.6277111Z #33 11.12 Collecting watchfiles>=0.13 (from uvicorn[standard]>=0.12.0->fastapi==0.111.0->-r requirements.txt (line 3))
2025-08-19T16:08:59.7395259Z #33 11.14   Downloading watchfiles-1.1.0-cp312-cp312-manylinux_2_17_x86_64.manylinux2014_x86_64.whl.metadata (4.9 kB)
2025-08-19T16:08:59.8728720Z #33 11.30 Collecting websockets>=10.4 (from uvicorn[standard]>=0.12.0->fastapi==0.111.0->-r requirements.txt (line 3))
2025-08-19T16:08:59.8730437Z #33 11.32   Downloading websockets-15.0.1-cp312-cp312-manylinux_2_5_x86_64.manylinux1_x86_64.manylinux_2_17_x86_64.manylinux2014_x86_64.whl.metadata (6.8 kB)
2025-08-19T16:08:59.8732249Z #33 11.37 Collecting wcwidth (from prompt-toolkit>=3.0.36->click-repl>=0.2.0->celery==5.3.*->-r requirements.txt (line 11))
2025-08-19T16:08:59.9774690Z #33 11.38   Downloading wcwidth-0.2.13-py2.py3-none-any.whl.metadata (14 kB)
2025-08-19T16:08:59.9775890Z #33 11.45 Collecting rich>=13.7.1 (from rich-toolkit>=0.14.8->fastapi-cli>=0.0.2->fastapi==0.111.0->-r requirements.txt (line 3))
2025-08-19T16:08:59.9777488Z #33 11.47   Downloading rich-14.1.0-py3-none-any.whl.metadata (18 kB)
2025-08-19T16:09:00.1206817Z #33 11.52 Collecting shellingham>=1.3.0 (from typer>=0.15.1->fastapi-cli>=0.0.2->fastapi==0.111.0->-r requirements.txt (line 3))
2025-08-19T16:09:00.1208003Z #33 11.54   Downloading shellingham-1.5.4-py2.py3-none-any.whl.metadata (3.5 kB)
2025-08-19T16:09:00.1209887Z #33 11.62 Collecting markdown-it-py>=2.2.0 (from rich>=13.7.1->rich-toolkit>=0.14.8->fastapi-cli>=0.0.2->fastapi==0.111.0->-r requirements.txt (line 3))
2025-08-19T16:09:00.2290878Z #33 11.63   Downloading markdown_it_py-4.0.0-py3-none-any.whl.metadata (7.3 kB)
2025-08-19T16:09:00.2296490Z #33 11.67 Collecting pygments<3.0.0,>=2.13.0 (from rich>=13.7.1->rich-toolkit>=0.14.8->fastapi-cli>=0.0.2->fastapi==0.111.0->-r requirements.txt (line 3))
2025-08-19T16:09:00.2297659Z #33 11.69   Downloading pygments-2.19.2-py3-none-any.whl.metadata (2.5 kB)
2025-08-19T16:09:00.2298869Z #33 11.72 Collecting mdurl~=0.1 (from markdown-it-py>=2.2.0->rich>=13.7.1->rich-toolkit>=0.14.8->fastapi-cli>=0.0.2->fastapi==0.111.0->-r requirements.txt (line 3))
2025-08-19T16:09:00.3302105Z #33 11.74   Downloading mdurl-0.1.2-py3-none-any.whl.metadata (1.6 kB)
2025-08-19T16:09:00.3302833Z #33 11.77 Downloading uvicorn-0.29.0-py3-none-any.whl (60 kB)
2025-08-19T16:09:00.3304044Z #33 11.79 Downloading pydantic_settings-2.2.1-py3-none-any.whl (13 kB)
2025-08-19T16:09:00.3304739Z #33 11.81 Downloading fastapi-0.111.0-py3-none-any.whl (91 kB)
2025-08-19T16:09:00.3305576Z #33 11.82 Downloading SQLAlchemy-2.0.29-cp312-cp312-manylinux_2_17_x86_64.manylinux2014_x86_64.whl (3.2 MB)
2025-08-19T16:09:00.4347870Z #33 11.89    ━━━━━━━━━━━━━━━━━━━━━━━━━━━━━━━━━━━━━━━━ 3.2/3.2 MB 68.3 MB/s eta 0:00:00
2025-08-19T16:09:00.4349324Z #33 11.91 Downloading alembic-1.13.1-py3-none-any.whl (233 kB)
2025-08-19T16:09:00.4350071Z #33 11.93 Downloading psycopg-3.2.9-py3-none-any.whl (202 kB)
2025-08-19T16:09:00.5405454Z #33 11.95 Downloading httpx-0.27.2-py3-none-any.whl (76 kB)
2025-08-19T16:09:00.5406799Z #33 11.97 Downloading asyncpg-0.29.0-cp312-cp312-manylinux_2_17_x86_64.manylinux2014_x86_64.whl (3.3 MB)
2025-08-19T16:09:00.5408575Z #33 11.98    ━━━━━━━━━━━━━━━━━━━━━━━━━━━━━━━━━━━━━━━━ 3.3/3.3 MB 432.4 MB/s eta 0:00:00
2025-08-19T16:09:00.5414653Z #33 12.00 Downloading boto3-1.34.162-py3-none-any.whl (139 kB)
2025-08-19T16:09:00.5415322Z #33 12.01 Downloading jinja2-3.1.5-py3-none-any.whl (134 kB)
2025-08-19T16:09:00.5415956Z #33 12.04 Downloading celery-5.3.6-py3-none-any.whl (422 kB)
2025-08-19T16:09:00.6475318Z #33 12.05 Downloading structlog-24.1.0-py3-none-any.whl (65 kB)
2025-08-19T16:09:00.6477334Z #33 12.07 Downloading asgi_correlation_id-4.3.1-py3-none-any.whl (15 kB)
2025-08-19T16:09:00.6496973Z #33 12.09 Downloading fastapi_limiter-0.1.6-py3-none-any.whl (15 kB)
2025-08-19T16:09:00.6507369Z #33 12.10 Downloading redis-5.0.8-py3-none-any.whl (255 kB)
2025-08-19T16:09:00.6508048Z #33 12.12 Downloading sentry_sdk-2.9.0-py2.py3-none-any.whl (301 kB)
2025-08-19T16:09:00.6508753Z #33 12.14 Downloading httpcore-1.0.9-py3-none-any.whl (78 kB)
2025-08-19T16:09:00.7561158Z #33 ...
2025-08-19T16:09:00.7569104Z 
2025-08-19T16:09:00.7569963Z #31 [fees_h10 base 4/6] RUN if [ -n "" ] && [ -f "fees_h10/" ]; then         pip install -r fees_h10/requirements.txt -c fees_h10/;     else         pip install -r fees_h10/requirements.txt;     fi
2025-08-19T16:09:00.7573504Z #31 11.83 Successfully installed PyJWT-2.10.1 amqp-5.3.1 anyio-4.10.0 asyncpg-0.30.0 billiard-4.2.1 celery-5.4.0 certifi-2025.8.3 click-8.2.1 click-didyoumean-0.3.1 click-plugins-1.1.1.2 click-repl-0.3.0 greenlet-3.2.4 h11-0.16.0 httpcore-1.0.9 httpx-0.28.1 idna-3.10 kombu-5.5.4 packaging-25.0 prompt-toolkit-3.0.51 python-dateutil-2.9.0.post0 redis-5.3.1 six-1.17.0 sniffio-1.3.1 sqlalchemy-2.0.43 typing-extensions-4.14.1 tzdata-2025.2 vine-5.1.0 wcwidth-0.2.13
2025-08-19T16:09:00.7585607Z #31 11.83 WARNING: Running pip as the 'root' user can result in broken permissions and conflicting behaviour with the system package manager, possibly rendering your system unusable. It is recommended to use a virtual environment instead: https://pip.pypa.io/warnings/venv. Use the --root-user-action option if you know what you are doing and want to suppress this warning.
2025-08-19T16:09:00.7638119Z #31 11.98 
2025-08-19T16:09:00.7638588Z #31 11.98 [notice] A new release of pip is available: 25.0.1 -> 25.2
2025-08-19T16:09:00.7639256Z #31 11.98 [notice] To update, run: pip install --upgrade pip
2025-08-19T16:09:00.7639759Z #31 DONE 12.2s
2025-08-19T16:09:00.7640015Z 
2025-08-19T16:09:00.7640173Z #35 [fees_h10 base 5/6] COPY . ./fees_h10
2025-08-19T16:09:00.7640594Z #35 DONE 0.0s
2025-08-19T16:09:00.7640786Z 
2025-08-19T16:09:00.7641077Z #33 [api base  4/13] RUN pip install --no-cache-dir -r requirements.txt
2025-08-19T16:09:00.7642057Z #33 12.17 Downloading psycopg_binary-3.2.9-cp312-cp312-manylinux_2_17_x86_64.manylinux2014_x86_64.whl (4.4 MB)
2025-08-19T16:09:00.7643348Z #33 12.22    ━━━━━━━━━━━━━━━━━━━━━━━━━━━━━━━━━━━━━━━━ 4.4/4.4 MB 130.5 MB/s eta 0:00:00
2025-08-19T16:09:00.7644020Z #33 12.23 Downloading billiard-4.2.1-py3-none-any.whl (86 kB)
2025-08-19T16:09:00.7644687Z #33 12.25 Downloading botocore-1.34.162-py3-none-any.whl (12.5 MB)
2025-08-19T16:09:00.8583558Z #33 ...
2025-08-19T16:09:00.8583788Z 
2025-08-19T16:09:00.8585146Z #36 [fees_h10 base 6/6] COPY start.sh ./start.sh
2025-08-19T16:09:00.8587469Z #36 DONE 0.0s
2025-08-19T16:09:00.8587690Z 
2025-08-19T16:09:00.8591616Z #37 [postgres 2/6] RUN set -eux;     if [ -f /etc/apt/sources.list ]; then         sed -i 's|http://deb.debian.org|https://deb.debian.org|g' /etc/apt/sources.list;     fi;     apt-get update;     apt-get install -y locales;     locale-gen en_US.UTF-8;     rm -rf /var/lib/apt/lists/*
2025-08-19T16:09:00.8596693Z #37 0.218 + [ -f /etc/apt/sources.list ]
2025-08-19T16:09:00.8598331Z #37 0.220 + apt-get update
2025-08-19T16:09:00.8600025Z #37 0.308 Get:1 http://deb.debian.org/debian trixie InRelease [138 kB]
2025-08-19T16:09:00.8601952Z #37 0.355 Get:2 http://deb.debian.org/debian trixie-updates InRelease [47.1 kB]
2025-08-19T16:09:00.8606046Z #37 0.387 Get:3 http://deb.debian.org/debian-security trixie-security InRelease [43.4 kB]
2025-08-19T16:09:00.8608409Z #37 0.412 Get:4 http://deb.debian.org/debian trixie/main amd64 Packages [9,668 kB]
2025-08-19T16:09:00.8612422Z #37 0.448 Get:5 http://apt.postgresql.org/pub/repos/apt trixie-pgdg InRelease [107 kB]
2025-08-19T16:09:00.8614784Z #37 0.512 Get:6 http://apt.postgresql.org/pub/repos/apt trixie-pgdg/16 amd64 Packages [2,574 B]
2025-08-19T16:09:00.8619515Z #37 0.573 Get:7 http://deb.debian.org/debian trixie-updates/main amd64 Packages [2,432 B]
2025-08-19T16:09:00.8622757Z #37 0.576 Get:8 http://deb.debian.org/debian-security trixie-security/main amd64 Packages [11.6 kB]
2025-08-19T16:09:00.8625078Z #37 0.577 Get:9 http://apt.postgresql.org/pub/repos/apt trixie-pgdg/main amd64 Packages [334 kB]
2025-08-19T16:09:00.8627628Z #37 1.472 Fetched 10.4 MB in 1s (8,538 kB/s)
2025-08-19T16:09:00.8628105Z #37 1.472 Reading package lists...
2025-08-19T16:09:00.8628585Z #37 2.319 + apt-get install -y locales
2025-08-19T16:09:00.8629042Z #37 2.336 Reading package lists...
2025-08-19T16:09:00.8629479Z #37 3.203 Building dependency tree...
2025-08-19T16:09:00.8629934Z #37 3.380 Reading state information...
2025-08-19T16:09:00.8630464Z #37 3.563 locales is already the newest version (2.41-12).
2025-08-19T16:09:00.8631144Z #37 3.563 0 upgraded, 0 newly installed, 0 to remove and 1 not upgraded.
2025-08-19T16:09:00.8631938Z #37 3.564 + locale-gen en_US.UTF-8
2025-08-19T16:09:00.8632684Z #37 3.571 Generating locales (this might take a while)...
2025-08-19T16:09:00.8633402Z #37 3.583   en_US.UTF-8... done
2025-08-19T16:09:00.8641099Z #37 5.283 + rm -rf /var/lib/apt/lists/apt.postgresql.org_pub_repos_apt_dists_trixie-pgdg_16_binary-amd64_Packages.lz4 /var/lib/apt/lists/apt.postgresql.org_pub_repos_apt_dists_trixie-pgdg_InRelease /var/lib/apt/lists/apt.postgresql.org_pub_repos_apt_dists_trixie-pgdg_main_binary-amd64_Packages.lz4 /var/lib/apt/lists/auxfiles /var/lib/apt/lists/deb.debian.org_debian-security_dists_trixie-security_InRelease /var/lib/apt/lists/deb.debian.org_debian-security_dists_trixie-security_main_binary-amd64_Packages.lz4 /var/lib/apt/lists/deb.debian.org_debian_dists_trixie-updates_InRelease /var/lib/apt/lists/deb.debian.org_debian_dists_trixie-updates_main_binary-amd64_Packages.lz4 /var/lib/apt/lists/deb.debian.org_debian_dists_trixie_InRelease /var/lib/apt/lists/deb.debian.org_debian_dists_trixie_main_binary-amd64_Packages.lz4 /var/lib/apt/lists/lock /var/lib/apt/lists/partial
2025-08-19T16:09:00.8648793Z #37 5.284 Generation complete.
2025-08-19T16:09:00.8649399Z #37 DONE 5.3s
2025-08-19T16:09:00.8649591Z 
2025-08-19T16:09:00.8650083Z #33 [api base  4/13] RUN pip install --no-cache-dir -r requirements.txt
2025-08-19T16:09:00.8651419Z #33 12.31    ━━━━━━━━━━━━━━━━━━━━━━━━━━━━━━━━━━━━━━━━ 12.5/12.5 MB 223.3 MB/s eta 0:00:00
2025-08-19T16:09:00.8652178Z #33 12.33 Downloading click-8.2.1-py3-none-any.whl (102 kB)
2025-08-19T16:09:00.9669527Z #33 ...
2025-08-19T16:09:00.9671479Z 
2025-08-19T16:09:00.9672140Z #38 [postgres 3/6] COPY docker/postgres/pg_hba.conf /etc/postgresql/pg_hba.conf
2025-08-19T16:09:00.9673114Z #38 DONE 0.0s
2025-08-19T16:09:00.9673494Z 
2025-08-19T16:09:00.9673988Z #39 [postgres 4/6] COPY docker/postgres/init-pg_hba.sh /docker-entrypoint-initdb.d/10_init_pg_hba.sh
2025-08-19T16:09:00.9674715Z #39 DONE 0.0s
2025-08-19T16:09:00.9674887Z 
2025-08-19T16:09:00.9675267Z #40 [postgres 5/6] COPY docker/postgres/postgresql.conf /etc/postgresql/postgresql.conf
2025-08-19T16:09:00.9675913Z #40 DONE 0.0s
2025-08-19T16:09:00.9676078Z 
2025-08-19T16:09:00.9676526Z #33 [api base  4/13] RUN pip install --no-cache-dir -r requirements.txt
2025-08-19T16:09:00.9677226Z #33 12.35 Downloading click_didyoumean-0.3.1-py3-none-any.whl (3.6 kB)
2025-08-19T16:09:00.9677920Z #33 12.38 Downloading click_plugins-1.1.1.2-py2.py3-none-any.whl (11 kB)
2025-08-19T16:09:00.9678523Z #33 12.39 Downloading click_repl-0.3.0-py3-none-any.whl (10 kB)
2025-08-19T16:09:00.9679200Z #33 12.41 Downloading email_validator-2.2.0-py3-none-any.whl (33 kB)
2025-08-19T16:09:00.9679920Z #33 12.42 Downloading fastapi_cli-0.0.8-py3-none-any.whl (10 kB)
2025-08-19T16:09:00.9680854Z #33 12.45 Downloading greenlet-3.2.4-cp312-cp312-manylinux_2_24_x86_64.manylinux_2_28_x86_64.whl (607 kB)
2025-08-19T16:09:00.9682148Z #33 12.46    ━━━━━━━━━━━━━━━━━━━━━━━━━━━━━━━━━━━━━━━━ 607.6/607.6 kB 73.0 MB/s eta 0:00:00
2025-08-19T16:09:01.0740885Z #33 12.48 Downloading h11-0.16.0-py3-none-any.whl (37 kB)
2025-08-19T16:09:01.0749677Z #33 12.50 Downloading idna-3.10-py3-none-any.whl (70 kB)
2025-08-19T16:09:01.0750342Z #33 12.51 Downloading jmespath-1.0.1-py3-none-any.whl (20 kB)
2025-08-19T16:09:01.0750975Z #33 12.53 Downloading kombu-5.5.4-py3-none-any.whl (210 kB)
2025-08-19T16:09:01.0751602Z #33 12.55 Downloading vine-5.1.0-py3-none-any.whl (9.6 kB)
2025-08-19T16:09:01.0752449Z #33 12.57 Downloading MarkupSafe-3.0.2-cp312-cp312-manylinux_2_17_x86_64.manylinux2014_x86_64.whl (23 kB)
2025-08-19T16:09:01.1783771Z #33 ...
2025-08-19T16:09:01.1785599Z 
2025-08-19T16:09:01.1792677Z #41 [postgres 6/6] RUN chmod 0644 /etc/postgresql/pg_hba.conf &&     chmod +x /docker-entrypoint-initdb.d/10_init_pg_hba.sh
2025-08-19T16:09:01.1797827Z #41 DONE 0.2s
2025-08-19T16:09:01.1804095Z 
2025-08-19T16:09:01.1804459Z #33 [api base  4/13] RUN pip install --no-cache-dir -r requirements.txt
2025-08-19T16:09:01.1805377Z #33 12.59 Downloading orjson-3.11.2-cp312-cp312-manylinux_2_17_x86_64.manylinux2014_x86_64.whl (121 kB)
2025-08-19T16:09:01.1806447Z #33 12.60 Downloading pydantic-2.11.7-py3-none-any.whl (444 kB)
2025-08-19T16:09:01.1807341Z #33 12.62 Downloading pydantic_core-2.33.2-cp312-cp312-manylinux_2_17_x86_64.manylinux2014_x86_64.whl (2.0 MB)
2025-08-19T16:09:01.1808837Z #33 12.63    ━━━━━━━━━━━━━━━━━━━━━━━━━━━━━━━━━━━━━━━━ 2.0/2.0 MB 176.5 MB/s eta 0:00:00
2025-08-19T16:09:01.1809531Z #33 12.67 Downloading python_dateutil-2.9.0.post0-py2.py3-none-any.whl (229 kB)
2025-08-19T16:09:01.2849596Z #33 12.67 Downloading python_dotenv-1.1.1-py3-none-any.whl (20 kB)
2025-08-19T16:09:01.2851493Z #33 12.69 Downloading python_multipart-0.0.20-py3-none-any.whl (24 kB)
2025-08-19T16:09:01.2853211Z #33 12.72 Downloading s3transfer-0.10.4-py3-none-any.whl (83 kB)
2025-08-19T16:09:01.2853905Z #33 12.73 Downloading starlette-0.37.2-py3-none-any.whl (71 kB)
2025-08-19T16:09:01.2854530Z #33 12.74 Downloading anyio-4.10.0-py3-none-any.whl (107 kB)
2025-08-19T16:09:01.2855105Z #33 12.76 Downloading sniffio-1.3.1-py3-none-any.whl (10 kB)
2025-08-19T16:09:01.2855753Z #33 12.78 Downloading typing_extensions-4.14.1-py3-none-any.whl (43 kB)
2025-08-19T16:09:01.3921992Z #33 12.80 Downloading tzdata-2025.2-py2.py3-none-any.whl (347 kB)
2025-08-19T16:09:01.3922873Z #33 12.81 Downloading ujson-5.10.0-cp312-cp312-manylinux_2_17_x86_64.manylinux2014_x86_64.whl (53 kB)
2025-08-19T16:09:01.3923715Z #33 12.83 Downloading urllib3-2.5.0-py3-none-any.whl (129 kB)
2025-08-19T16:09:01.3924330Z #33 12.85 Downloading certifi-2025.8.3-py3-none-any.whl (161 kB)
2025-08-19T16:09:01.3924932Z #33 12.88 Downloading mako-1.3.10-py3-none-any.whl (78 kB)
2025-08-19T16:09:01.3925484Z #33 12.89 Downloading amqp-5.3.1-py3-none-any.whl (50 kB)
2025-08-19T16:09:01.5191829Z #33 12.91 Downloading annotated_types-0.7.0-py3-none-any.whl (13 kB)
2025-08-19T16:09:01.5192777Z #33 12.92 Downloading dnspython-2.7.0-py3-none-any.whl (313 kB)
2025-08-19T16:09:01.5194175Z #33 12.94 Downloading httptools-0.6.4-cp312-cp312-manylinux_2_5_x86_64.manylinux1_x86_64.manylinux_2_17_x86_64.manylinux2014_x86_64.whl (510 kB)
2025-08-19T16:09:01.5195806Z #33 12.96 Downloading prompt_toolkit-3.0.51-py3-none-any.whl (387 kB)
2025-08-19T16:09:01.5197839Z #33 12.97 Downloading PyYAML-6.0.2-cp312-cp312-manylinux_2_17_x86_64.manylinux2014_x86_64.whl (767 kB)
2025-08-19T16:09:01.5199095Z #33 12.98    ━━━━━━━━━━━━━━━━━━━━━━━━━━━━━━━━━━━━━━━ 767.5/767.5 kB 170.0 MB/s eta 0:00:00
2025-08-19T16:09:01.5199750Z #33 13.01 Downloading rich_toolkit-0.15.0-py3-none-any.whl (29 kB)
2025-08-19T16:09:01.5200429Z #33 13.01 Downloading six-1.17.0-py2.py3-none-any.whl (11 kB)
2025-08-19T16:09:01.6581880Z #33 13.03 Downloading typer-0.16.1-py3-none-any.whl (46 kB)
2025-08-19T16:09:01.6585397Z #33 13.05 Downloading typing_inspection-0.4.1-py3-none-any.whl (14 kB)
2025-08-19T16:09:01.6586502Z #33 13.07 Downloading uvloop-0.21.0-cp312-cp312-manylinux_2_17_x86_64.manylinux2014_x86_64.whl (4.7 MB)
2025-08-19T16:09:01.6587745Z #33 13.09    ━━━━━━━━━━━━━━━━━━━━━━━━━━━━━━━━━━━━━━━━ 4.7/4.7 MB 213.6 MB/s eta 0:00:00
2025-08-19T16:09:01.6588632Z #33 13.11 Downloading watchfiles-1.1.0-cp312-cp312-manylinux_2_17_x86_64.manylinux2014_x86_64.whl (452 kB)
2025-08-19T16:09:01.6589948Z #33 13.15 Downloading websockets-15.0.1-cp312-cp312-manylinux_2_5_x86_64.manylinux1_x86_64.manylinux_2_17_x86_64.manylinux2014_x86_64.whl (182 kB)
2025-08-19T16:09:01.7616499Z #33 13.16 Downloading packaging-25.0-py3-none-any.whl (66 kB)
2025-08-19T16:09:01.7621808Z #33 13.18 Downloading rich-14.1.0-py3-none-any.whl (243 kB)
2025-08-19T16:09:01.7622497Z #33 13.19 Downloading shellingham-1.5.4-py2.py3-none-any.whl (9.8 kB)
2025-08-19T16:09:01.7623197Z #33 13.22 Downloading wcwidth-0.2.13-py2.py3-none-any.whl (34 kB)
2025-08-19T16:09:01.7623844Z #33 13.22 Downloading markdown_it_py-4.0.0-py3-none-any.whl (87 kB)
2025-08-19T16:09:01.7624477Z #33 13.26 Downloading pygments-2.19.2-py3-none-any.whl (1.2 MB)
2025-08-19T16:09:01.7625416Z #33 13.26    ━━━━━━━━━━━━━━━━━━━━━━━━━━━━━━━━━━━━━━━━ 1.2/1.2 MB 413.8 MB/s eta 0:00:00
2025-08-19T16:09:01.8752513Z #33 13.27 Downloading mdurl-0.1.2-py3-none-any.whl (10.0 kB)
2025-08-19T16:09:02.2028272Z #33 13.64 Installing collected packages: wcwidth, websockets, vine, uvloop, urllib3, ujson, tzdata, typing-extensions, structlog, sniffio, six, shellingham, redis, pyyaml, python-multipart, python-dotenv, pygments, psycopg-binary, prompt-toolkit, packaging, orjson, mdurl, MarkupSafe, jmespath, idna, httptools, h11, greenlet, dnspython, click, certifi, billiard, asyncpg, annotated-types, uvicorn, typing-inspection, sqlalchemy, sentry-sdk, python-dateutil, pydantic-core, psycopg, markdown-it-py, Mako, Jinja2, httpcore, email_validator, click-repl, click-plugins, click-didyoumean, anyio, amqp, watchfiles, starlette, rich, pydantic, kombu, httpx, botocore, alembic, typer, s3transfer, rich-toolkit, pydantic-settings, celery, asgi-correlation-id, fastapi-cli, boto3, fastapi, fastapi-limiter
2025-08-19T16:09:02.5327284Z #33 ...
2025-08-19T16:09:02.5329626Z 
2025-08-19T16:09:02.5330072Z #42 [postgres] exporting to image
2025-08-19T16:09:02.5331346Z #42 exporting layers 1.3s done
2025-08-19T16:09:02.5332307Z #42 writing image sha256:16b86170dfcaa5f5e84d87378b4c755fb6f70e3ab080af0020be97e00b188847 done
2025-08-19T16:09:02.5334411Z #42 naming to docker.io/library/awa-app-postgres done
2025-08-19T16:09:02.5335037Z #42 DONE 1.3s
2025-08-19T16:09:02.5335227Z 
2025-08-19T16:09:02.5335473Z #43 [postgres] resolving provenance for metadata file
2025-08-19T16:09:02.5335964Z #43 DONE 0.0s
2025-08-19T16:09:02.6422643Z 
2025-08-19T16:09:02.6434515Z #34 [celery_worker base 4/5] RUN if [ -n "" ] && [ -f "" ]; then         pip install -r requirements.txt -c "";     else         pip install -r requirements.txt;     fi
2025-08-19T16:09:02.6435821Z #34 10.96 Collecting pydantic-core==2.33.2 (from pydantic->keepa==1.3.14->-r requirements.txt (line 1))
2025-08-19T16:09:02.6437218Z #34 10.98   Downloading pydantic_core-2.33.2-cp312-cp312-manylinux_2_17_x86_64.manylinux2014_x86_64.whl.metadata (6.8 kB)
2025-08-19T16:09:02.6438396Z #34 11.02 Collecting typing-extensions>=4.12.2 (from pydantic->keepa==1.3.14->-r requirements.txt (line 1))
2025-08-19T16:09:02.6439396Z #34 11.03   Downloading typing_extensions-4.14.1-py3-none-any.whl.metadata (3.0 kB)
2025-08-19T16:09:02.6440398Z #34 11.06 Collecting typing-inspection>=0.4.0 (from pydantic->keepa==1.3.14->-r requirements.txt (line 1))
2025-08-19T16:09:02.6441404Z #34 11.08   Downloading typing_inspection-0.4.1-py3-none-any.whl.metadata (2.6 kB)
2025-08-19T16:09:02.6442636Z #34 11.19 Collecting charset_normalizer<4,>=2 (from requests>=2.2->keepa==1.3.14->-r requirements.txt (line 1))
2025-08-19T16:09:02.6443688Z #34 11.21   Downloading charset_normalizer-3.4.3-cp312-cp312-manylinux2014_x86_64.manylinux_2_17_x86_64.manylinux_2_28_x86_64.whl.metadata (36 kB)
2025-08-19T16:09:02.6444396Z #34 11.24 Collecting idna<4,>=2.5 (from requests>=2.2->keepa==1.3.14->-r requirements.txt (line 1))
2025-08-19T16:09:02.6445503Z #34 11.27   Downloading idna-3.10-py3-none-any.whl.metadata (10 kB)
2025-08-19T16:09:02.6446757Z #34 11.32 Collecting mypy-extensions>=0.3.0 (from typing-inspect>=0.6.0->pandera==0.19.*->-r requirements.txt (line 9))
2025-08-19T16:09:02.6447804Z #34 11.34   Downloading mypy_extensions-1.1.0-py3-none-any.whl.metadata (1.1 kB)
2025-08-19T16:09:02.6448775Z #34 11.39 Collecting aiohappyeyeballs>=2.5.0 (from aiohttp->keepa==1.3.14->-r requirements.txt (line 1))
2025-08-19T16:09:02.6449762Z #34 11.40   Downloading aiohappyeyeballs-2.6.1-py3-none-any.whl.metadata (5.9 kB)
2025-08-19T16:09:02.6450691Z #34 11.43 Collecting aiosignal>=1.4.0 (from aiohttp->keepa==1.3.14->-r requirements.txt (line 1))
2025-08-19T16:09:02.6451569Z #34 11.45   Downloading aiosignal-1.4.0-py3-none-any.whl.metadata (3.7 kB)
2025-08-19T16:09:02.6452590Z #34 11.48 Collecting attrs>=17.3.0 (from aiohttp->keepa==1.3.14->-r requirements.txt (line 1))
2025-08-19T16:09:02.6453302Z #34 11.50   Downloading attrs-25.3.0-py3-none-any.whl.metadata (10 kB)
2025-08-19T16:09:02.6453768Z #34 11.66 Collecting frozenlist>=1.1.1 (from aiohttp->keepa==1.3.14->-r requirements.txt (line 1))
2025-08-19T16:09:02.6455171Z #34 11.67   Downloading frozenlist-1.7.0-cp312-cp312-manylinux_2_5_x86_64.manylinux1_x86_64.manylinux_2_17_x86_64.manylinux2014_x86_64.whl.metadata (18 kB)
2025-08-19T16:09:02.6456741Z #34 11.99 Collecting multidict<7.0,>=4.5 (from aiohttp->keepa==1.3.14->-r requirements.txt (line 1))
2025-08-19T16:09:02.6458240Z #34 12.01   Downloading multidict-6.6.4-cp312-cp312-manylinux2014_x86_64.manylinux_2_17_x86_64.manylinux_2_28_x86_64.whl.metadata (5.3 kB)
2025-08-19T16:09:02.6459648Z #34 12.07 Collecting propcache>=0.2.0 (from aiohttp->keepa==1.3.14->-r requirements.txt (line 1))
2025-08-19T16:09:02.6460736Z #34 12.08   Downloading propcache-0.3.2-cp312-cp312-manylinux_2_17_x86_64.manylinux2014_x86_64.whl.metadata (12 kB)
2025-08-19T16:09:02.6461805Z #34 12.50 Collecting yarl<2.0,>=1.17.0 (from aiohttp->keepa==1.3.14->-r requirements.txt (line 1))
2025-08-19T16:09:02.6462798Z #34 12.51   Downloading yarl-1.20.1-cp312-cp312-manylinux_2_17_x86_64.manylinux2014_x86_64.whl.metadata (73 kB)
2025-08-19T16:09:02.6463955Z #34 12.68 Collecting wcwidth (from prompt-toolkit>=3.0.36->click-repl>=0.2.0->celery==5.3.*->-r requirements.txt (line 3))
2025-08-19T16:09:02.6464972Z #34 12.68   Downloading wcwidth-0.2.13-py2.py3-none-any.whl.metadata (14 kB)
2025-08-19T16:09:02.6465698Z #34 13.18 Downloading keepa-1.3.14-py3-none-any.whl (33 kB)
2025-08-19T16:09:02.6466484Z #34 13.21 Downloading minio-7.1.15-py3-none-any.whl (77 kB)
2025-08-19T16:09:02.6467098Z #34 13.23 Downloading celery-5.3.6-py3-none-any.whl (422 kB)
2025-08-19T16:09:02.6467703Z #34 13.28 Downloading redis-5.3.1-py3-none-any.whl (272 kB)
2025-08-19T16:09:02.6468364Z #34 13.30 Downloading python_amazon_sp_api-0.8.0-py3-none-any.whl (93 kB)
2025-08-19T16:09:02.6469116Z #34 13.31 Downloading pydantic_settings-2.2.1-py3-none-any.whl (13 kB)
2025-08-19T16:09:02.6470007Z #34 13.33 Downloading pandas-2.2.3-cp312-cp312-manylinux_2_17_x86_64.manylinux2014_x86_64.whl (12.7 MB)
2025-08-19T16:09:02.6471253Z #34 13.48    ━━━━━━━━━━━━━━━━━━━━━━━━━━━━━━━━━━━━━━━━ 12.7/12.7 MB 94.5 MB/s eta 0:00:00
2025-08-19T16:09:02.6471919Z #34 13.50 Downloading pandera-0.19.3-py3-none-any.whl (251 kB)
2025-08-19T16:09:02.6472594Z #34 13.53 Downloading openpyxl-3.1.5-py2.py3-none-any.whl (250 kB)
2025-08-19T16:09:02.6473547Z #34 13.54 Downloading psycopg2_binary-2.9.10-cp312-cp312-manylinux_2_17_x86_64.manylinux2014_x86_64.whl (3.0 MB)
2025-08-19T16:09:02.6474651Z #34 13.59    ━━━━━━━━━━━━━━━━━━━━━━━━━━━━━━━━━━━━━━━━ 3.0/3.0 MB 104.9 MB/s eta 0:00:00
2025-08-19T16:09:02.6475515Z #34 13.59 Downloading numpy-1.26.4-cp312-cp312-manylinux_2_17_x86_64.manylinux2014_x86_64.whl (18.0 MB)
2025-08-19T16:09:02.6476738Z #34 13.70    ━━━━━━━━━━━━━━━━━━━━━━━━━━━━━━━━━━━━━━━━ 18.0/18.0 MB 156.9 MB/s eta 0:00:00
2025-08-19T16:09:02.6477378Z #34 13.72 Downloading billiard-4.2.1-py3-none-any.whl (86 kB)
2025-08-19T16:09:02.6477995Z #34 13.75 Downloading boto3-1.40.12-py3-none-any.whl (140 kB)
2025-08-19T16:09:02.6478636Z #34 13.77 Downloading cachetools-4.2.4-py3-none-any.whl (10 kB)
2025-08-19T16:09:02.6495978Z #34 13.80 Downloading click-8.2.1-py3-none-any.whl (102 kB)
2025-08-19T16:09:02.6496602Z #34 13.83 Downloading click_didyoumean-0.3.1-py3-none-any.whl (3.6 kB)
2025-08-19T16:09:02.6497044Z #34 13.85 Downloading click_plugins-1.1.1.2-py2.py3-none-any.whl (11 kB)
2025-08-19T16:09:02.6497653Z #34 13.87 Downloading click_repl-0.3.0-py3-none-any.whl (10 kB)
2025-08-19T16:09:02.6498041Z #34 13.91 Downloading confuse-1.4.0-py2.py3-none-any.whl (21 kB)
2025-08-19T16:09:02.6498515Z #34 13.93 Downloading kombu-5.5.4-py3-none-any.whl (210 kB)
2025-08-19T16:09:02.6498852Z #34 13.95 Downloading vine-5.1.0-py3-none-any.whl (9.6 kB)
2025-08-19T16:09:02.6499203Z #34 13.98 Downloading multimethod-1.10-py3-none-any.whl (9.9 kB)
2025-08-19T16:09:02.6499577Z #34 14.00 Downloading packaging-25.0-py3-none-any.whl (66 kB)
2025-08-19T16:09:02.6499935Z #34 14.02 Downloading pydantic-2.11.7-py3-none-any.whl (444 kB)
2025-08-19T16:09:02.6500435Z #34 14.04 Downloading pydantic_core-2.33.2-cp312-cp312-manylinux_2_17_x86_64.manylinux2014_x86_64.whl (2.0 MB)
2025-08-19T16:09:02.6501086Z #34 14.05    ━━━━━━━━━━━━━━━━━━━━━━━━━━━━━━━━━━━━━━━━ 2.0/2.0 MB 179.4 MB/s eta 0:00:00
2025-08-19T16:09:02.6501451Z #34 14.07 Downloading PyJWT-2.10.1-py3-none-any.whl (22 kB)
2025-08-19T16:09:02.6501893Z #34 14.09 Downloading python_dateutil-2.9.0.post0-py2.py3-none-any.whl (229 kB)
2025-08-19T16:09:02.6502334Z #34 14.11 Downloading python_dotenv-1.1.1-py3-none-any.whl (20 kB)
2025-08-19T16:09:02.6502722Z #34 14.13 Downloading pytz-2025.2-py2.py3-none-any.whl (509 kB)
2025-08-19T16:09:02.7587786Z #34 14.15 Downloading requests-2.32.5-py3-none-any.whl (64 kB)
2025-08-19T16:09:02.7592058Z #34 14.17 Downloading certifi-2025.8.3-py3-none-any.whl (161 kB)
2025-08-19T16:09:02.7592778Z #34 14.19 Downloading six-1.17.0-py2.py3-none-any.whl (11 kB)
2025-08-19T16:09:02.7593469Z #34 14.21 Downloading typing_inspect-0.9.0-py3-none-any.whl (8.8 kB)
2025-08-19T16:09:02.7594179Z #34 14.23 Downloading tzdata-2025.2-py2.py3-none-any.whl (347 kB)
2025-08-19T16:09:02.7597026Z #34 14.25 Downloading urllib3-2.5.0-py3-none-any.whl (129 kB)
2025-08-19T16:09:02.7600016Z #34 14.26 Downloading aiohttp-3.12.15-cp312-cp312-manylinux_2_17_x86_64.manylinux2014_x86_64.whl (1.7 MB)
2025-08-19T16:09:02.8768490Z #34 14.28    ━━━━━━━━━━━━━━━━━━━━━━━━━━━━━━━━━━━━━━━━ 1.7/1.7 MB 155.1 MB/s eta 0:00:00
2025-08-19T16:09:02.8769604Z #34 14.29 Downloading et_xmlfile-2.0.0-py3-none-any.whl (18 kB)
2025-08-19T16:09:02.8770725Z #34 14.31 Downloading pycryptodome-3.23.0-cp37-abi3-manylinux_2_17_x86_64.manylinux2014_x86_64.whl (2.3 MB)
2025-08-19T16:09:02.8771930Z #34 14.33    ━━━━━━━━━━━━━━━━━━━━━━━━━━━━━━━━━━━━━━━━ 2.3/2.3 MB 142.9 MB/s eta 0:00:00
2025-08-19T16:09:02.8772359Z #34 14.35 Downloading tqdm-4.67.1-py3-none-any.whl (78 kB)
2025-08-19T16:09:02.8772731Z #34 14.36 Downloading typeguard-4.4.4-py3-none-any.whl (34 kB)
2025-08-19T16:09:02.8773491Z #34 14.38 Downloading wrapt-1.17.3-cp312-cp312-manylinux1_x86_64.manylinux_2_28_x86_64.manylinux_2_5_x86_64.whl (88 kB)
2025-08-19T16:09:02.9843183Z #34 14.40 Downloading aiohappyeyeballs-2.6.1-py3-none-any.whl (15 kB)
2025-08-19T16:09:02.9849177Z #34 14.42 Downloading aiosignal-1.4.0-py3-none-any.whl (7.5 kB)
2025-08-19T16:09:02.9850305Z #34 14.44 Downloading amqp-5.3.1-py3-none-any.whl (50 kB)
2025-08-19T16:09:02.9851237Z #34 14.45 Downloading annotated_types-0.7.0-py3-none-any.whl (13 kB)
2025-08-19T16:09:02.9852109Z #34 14.47 Downloading attrs-25.3.0-py3-none-any.whl (63 kB)
2025-08-19T16:09:03.0871535Z #34 14.49 Downloading botocore-1.40.12-py3-none-any.whl (14.0 MB)
2025-08-19T16:09:03.0872892Z #34 14.58    ━━━━━━━━━━━━━━━━━━━━━━━━━━━━━━━━━━━━━━━━ 14.0/14.0 MB 169.9 MB/s eta 0:00:00
2025-08-19T16:09:03.0873965Z #34 14.59 Downloading charset_normalizer-3.4.3-cp312-cp312-manylinux2014_x86_64.manylinux_2_17_x86_64.manylinux_2_28_x86_64.whl (151 kB)
2025-08-19T16:09:03.1901965Z #34 14.61 Downloading frozenlist-1.7.0-cp312-cp312-manylinux_2_5_x86_64.manylinux1_x86_64.manylinux_2_17_x86_64.manylinux2014_x86_64.whl (241 kB)
2025-08-19T16:09:03.1903551Z #34 14.64 Downloading idna-3.10-py3-none-any.whl (70 kB)
2025-08-19T16:09:03.1904407Z #34 14.66 Downloading jmespath-1.0.1-py3-none-any.whl (20 kB)
2025-08-19T16:09:03.1905663Z #34 14.68 Downloading multidict-6.6.4-cp312-cp312-manylinux2014_x86_64.manylinux_2_17_x86_64.manylinux_2_28_x86_64.whl (256 kB)
2025-08-19T16:09:03.1911762Z #34 14.70 Downloading mypy_extensions-1.1.0-py3-none-any.whl (5.0 kB)
2025-08-19T16:09:03.3136586Z #34 14.72 Downloading prompt_toolkit-3.0.51-py3-none-any.whl (387 kB)
2025-08-19T16:09:03.3139172Z #34 14.74 Downloading propcache-0.3.2-cp312-cp312-manylinux_2_17_x86_64.manylinux2014_x86_64.whl (224 kB)
2025-08-19T16:09:03.3140595Z #34 14.76 Downloading s3transfer-0.13.1-py3-none-any.whl (85 kB)
2025-08-19T16:09:03.3143239Z #34 14.80 Downloading typing_extensions-4.14.1-py3-none-any.whl (43 kB)
2025-08-19T16:09:03.3144007Z #34 14.82 Downloading typing_inspection-0.4.1-py3-none-any.whl (14 kB)
2025-08-19T16:09:03.4175084Z #34 ...
2025-08-19T16:09:03.4175454Z 
2025-08-19T16:09:03.4175802Z #44 [fees_h10 stage-1 3/5] COPY --from=base /usr/local /usr/local
2025-08-19T16:09:03.4176555Z #44 DONE 1.6s
2025-08-19T16:09:03.4176736Z 
2025-08-19T16:09:03.4177418Z #34 [celery_worker base 4/5] RUN if [ -n "" ] && [ -f "" ]; then         pip install -r requirements.txt -c "";     else         pip install -r requirements.txt;     fi
2025-08-19T16:09:03.4178626Z #34 14.84 Downloading yarl-1.20.1-cp312-cp312-manylinux_2_17_x86_64.manylinux2014_x86_64.whl (355 kB)
2025-08-19T16:09:03.4179612Z #34 14.86 Downloading PyYAML-6.0.2-cp312-cp312-manylinux_2_17_x86_64.manylinux2014_x86_64.whl (767 kB)
2025-08-19T16:09:03.4180709Z #34 14.89    ━━━━━━━━━━━━━━━━━━━━━━━━━━━━━━━━━━━━━━━━ 767.5/767.5 kB 17.2 MB/s eta 0:00:00
2025-08-19T16:09:03.4181340Z #34 14.91 Downloading wcwidth-0.2.13-py2.py3-none-any.whl (34 kB)
2025-08-19T16:09:03.5867313Z #34 ...
2025-08-19T16:09:03.5868665Z 
2025-08-19T16:09:03.5868936Z #45 [fees_h10 stage-1 4/5] COPY --from=base /app /app
2025-08-19T16:09:03.5869467Z #45 DONE 0.0s
2025-08-19T16:09:03.5869656Z 
2025-08-19T16:09:03.5869846Z #46 [fees_h10 stage-1 5/5] RUN chmod +x ./start.sh
2025-08-19T16:09:03.5870323Z #46 DONE 0.1s
2025-08-19T16:09:03.7399796Z 
2025-08-19T16:09:03.7400405Z #47 [fees_h10] exporting to image
2025-08-19T16:09:04.9885038Z #47 exporting layers 1.4s done
2025-08-19T16:09:05.1660279Z #47 writing image sha256:821674e2058d28bbfa3f616964f1eee9b03e6538ef799030b982a5d978fe8c0f done
2025-08-19T16:09:05.1661673Z #47 naming to docker.io/library/awa-app-fees_h10 done
2025-08-19T16:09:05.1662753Z #47 DONE 1.4s
2025-08-19T16:09:05.1662979Z 
2025-08-19T16:09:05.1663204Z #48 [fees_h10] resolving provenance for metadata file
2025-08-19T16:09:05.1663716Z #48 DONE 0.0s
2025-08-19T16:09:05.1663910Z 
2025-08-19T16:09:05.1664541Z #34 [celery_worker base 4/5] RUN if [ -n "" ] && [ -f "" ]; then         pip install -r requirements.txt -c "";     else         pip install -r requirements.txt;     fi
2025-08-19T16:09:05.1669589Z #34 15.32 Installing collected packages: wcwidth, pytz, wrapt, vine, urllib3, tzdata, typing-extensions, tqdm, six, pyyaml, python-dotenv, PyJWT, pycryptodome, psycopg2-binary, propcache, prompt-toolkit, packaging, numpy, mypy-extensions, multimethod, multidict, jmespath, idna, frozenlist, et-xmlfile, click, charset_normalizer, certifi, cachetools, billiard, attrs, annotated-types, aiohappyeyeballs, yarl, typing-inspection, typing-inspect, typeguard, requests, redis, python-dateutil, pydantic-core, openpyxl, minio, confuse, click-repl, click-plugins, click-didyoumean, amqp, aiosignal, pydantic, pandas, kombu, botocore, aiohttp, s3transfer, pydantic-settings, pandera, keepa, celery, boto3, python-amazon-sp-api
2025-08-19T16:09:09.4752803Z #34 ...
2025-08-19T16:09:09.4753161Z 
2025-08-19T16:09:09.4753801Z #33 [api base  4/13] RUN pip install --no-cache-dir -r requirements.txt
2025-08-19T16:09:09.4761189Z #33 20.97 Successfully installed Jinja2-3.1.5 Mako-1.3.10 MarkupSafe-3.0.2 alembic-1.13.1 amqp-5.3.1 annotated-types-0.7.0 anyio-4.10.0 asgi-correlation-id-4.3.1 asyncpg-0.29.0 billiard-4.2.1 boto3-1.34.162 botocore-1.34.162 celery-5.3.6 certifi-2025.8.3 click-8.2.1 click-didyoumean-0.3.1 click-plugins-1.1.1.2 click-repl-0.3.0 dnspython-2.7.0 email_validator-2.2.0 fastapi-0.111.0 fastapi-cli-0.0.8 fastapi-limiter-0.1.6 greenlet-3.2.4 h11-0.16.0 httpcore-1.0.9 httptools-0.6.4 httpx-0.27.2 idna-3.10 jmespath-1.0.1 kombu-5.5.4 markdown-it-py-4.0.0 mdurl-0.1.2 orjson-3.11.2 packaging-25.0 prompt-toolkit-3.0.51 psycopg-3.2.9 psycopg-binary-3.2.9 pydantic-2.11.7 pydantic-core-2.33.2 pydantic-settings-2.2.1 pygments-2.19.2 python-dateutil-2.9.0.post0 python-dotenv-1.1.1 python-multipart-0.0.20 pyyaml-6.0.2 redis-5.0.8 rich-14.1.0 rich-toolkit-0.15.0 s3transfer-0.10.4 sentry-sdk-2.9.0 shellingham-1.5.4 six-1.17.0 sniffio-1.3.1 sqlalchemy-2.0.29 starlette-0.37.2 structlog-24.1.0 typer-0.16.1 typing-extensions-4.14.1 typing-inspection-0.4.1 tzdata-2025.2 ujson-5.10.0 urllib3-2.5.0 uvicorn-0.29.0 uvloop-0.21.0 vine-5.1.0 watchfiles-1.1.0 wcwidth-0.2.13 websockets-15.0.1
2025-08-19T16:09:09.5867501Z #33 20.97 WARNING: Running pip as the 'root' user can result in broken permissions and conflicting behaviour with the system package manager, possibly rendering your system unusable. It is recommended to use a virtual environment instead: https://pip.pypa.io/warnings/venv. Use the --root-user-action option if you know what you are doing and want to suppress this warning.
2025-08-19T16:09:09.5870900Z #33 21.08 
2025-08-19T16:09:09.5871341Z #33 21.08 [notice] A new release of pip is available: 25.0.1 -> 25.2
2025-08-19T16:09:09.5871976Z #33 21.08 [notice] To update, run: pip install --upgrade pip
2025-08-19T16:09:10.3565395Z #33 DONE 21.9s
2025-08-19T16:09:10.3565656Z 
2025-08-19T16:09:10.3566540Z #34 [celery_worker base 4/5] RUN if [ -n "" ] && [ -f "" ]; then         pip install -r requirements.txt -c "";     else         pip install -r requirements.txt;     fi
2025-08-19T16:09:10.4614718Z #34 ...
2025-08-19T16:09:10.4615181Z 
2025-08-19T16:09:10.4615423Z #49 [api base  5/13] COPY services/api/ ./services/api
2025-08-19T16:09:10.4615927Z #49 DONE 0.1s
2025-08-19T16:09:10.4616114Z 
2025-08-19T16:09:10.4616553Z #50 [api base  6/13] COPY services/common/ ./services/common
2025-08-19T16:09:10.4617069Z #50 DONE 0.0s
2025-08-19T16:09:10.4617244Z 
2025-08-19T16:09:10.4617486Z #51 [api base  7/13] COPY services/ingest/ ./services/ingest
2025-08-19T16:09:10.4617822Z #51 DONE 0.0s
2025-08-19T16:09:10.4617931Z 
2025-08-19T16:09:10.4618061Z #52 [api base  8/13] COPY services/etl/ ./services/etl
2025-08-19T16:09:10.4618337Z #52 DONE 0.0s
2025-08-19T16:09:10.4618441Z 
2025-08-19T16:09:10.4618530Z #53 [api base  9/13] COPY api/ ./api
2025-08-19T16:09:10.4618760Z #53 DONE 0.0s
2025-08-19T16:09:10.6238817Z 
2025-08-19T16:09:10.6240546Z #54 [api base 10/13] COPY services/api/alembic.ini ./alembic.ini
2025-08-19T16:09:10.6241106Z #54 DONE 0.0s
2025-08-19T16:09:10.6241281Z 
2025-08-19T16:09:10.6241444Z #55 [api base 11/13] COPY alembic/ ./alembic/
2025-08-19T16:09:10.6241857Z #55 DONE 0.0s
2025-08-19T16:09:10.6242023Z 
2025-08-19T16:09:10.6242291Z #56 [api base 12/13] COPY services/api/entrypoint.sh ./entrypoint.sh
2025-08-19T16:09:10.6242847Z #56 DONE 0.0s
2025-08-19T16:09:10.6243031Z 
2025-08-19T16:09:10.6243208Z #57 [api base 13/13] RUN chmod +x ./entrypoint.sh
2025-08-19T16:09:10.6243637Z #57 DONE 0.1s
2025-08-19T16:09:10.6243834Z 
2025-08-19T16:09:10.6244460Z #34 [celery_worker base 4/5] RUN if [ -n "" ] && [ -f "" ]; then         pip install -r requirements.txt -c "";     else         pip install -r requirements.txt;     fi
2025-08-19T16:09:11.7018107Z #34 ...
2025-08-19T16:09:11.7018346Z 
2025-08-19T16:09:11.7018592Z #58 [api stage-1 4/6] COPY --from=base /usr/local /usr/local
2025-08-19T16:09:13.6214331Z #58 DONE 1.9s
2025-08-19T16:09:13.6214592Z 
2025-08-19T16:09:13.6215326Z #34 [celery_worker base 4/5] RUN if [ -n "" ] && [ -f "" ]; then         pip install -r requirements.txt -c "";     else         pip install -r requirements.txt;     fi
2025-08-19T16:09:13.7999869Z #34 ...
2025-08-19T16:09:13.8001054Z 
2025-08-19T16:09:13.8001277Z #59 [api stage-1 5/6] COPY --from=base /app /app
2025-08-19T16:09:13.8001746Z #59 DONE 0.0s
2025-08-19T16:09:13.8001919Z 
2025-08-19T16:09:13.8002120Z #60 [api stage-1 6/6] RUN chmod +x /app/entrypoint.sh
2025-08-19T16:09:13.8002571Z #60 DONE 0.1s
2025-08-19T16:09:13.9514519Z 
2025-08-19T16:09:13.9516130Z #61 [api] exporting to image
2025-08-19T16:09:13.9517245Z #61 exporting layers
2025-08-19T16:09:16.0523421Z #61 exporting layers 2.3s done
2025-08-19T16:09:16.1603337Z #61 writing image sha256:fb5ccc0b4ed8629d9c0a5510217b65162901fcd4ac4222cba3b79c517cde94ce done
2025-08-19T16:09:16.1604207Z #61 naming to docker.io/library/awa-app-api done
2025-08-19T16:09:16.1604816Z #61 DONE 2.3s
2025-08-19T16:09:16.1605165Z 
2025-08-19T16:09:16.1605345Z #62 [api] resolving provenance for metadata file
2025-08-19T16:09:16.1606940Z #62 DONE 0.0s
2025-08-19T16:09:16.1607137Z 
2025-08-19T16:09:16.1607756Z #34 [celery_worker base 4/5] RUN if [ -n "" ] && [ -f "" ]; then         pip install -r requirements.txt -c "";     else         pip install -r requirements.txt;     fi
2025-08-19T16:09:16.1613676Z #34 27.21 Successfully installed PyJWT-2.10.1 aiohappyeyeballs-2.6.1 aiohttp-3.12.15 aiosignal-1.4.0 amqp-5.3.1 annotated-types-0.7.0 attrs-25.3.0 billiard-4.2.1 boto3-1.40.12 botocore-1.40.12 cachetools-4.2.4 celery-5.3.6 certifi-2025.8.3 charset_normalizer-3.4.3 click-8.2.1 click-didyoumean-0.3.1 click-plugins-1.1.1.2 click-repl-0.3.0 confuse-1.4.0 et-xmlfile-2.0.0 frozenlist-1.7.0 idna-3.10 jmespath-1.0.1 keepa-1.3.14 kombu-5.5.4 minio-7.1.15 multidict-6.6.4 multimethod-1.10 mypy-extensions-1.1.0 numpy-1.26.4 openpyxl-3.1.5 packaging-25.0 pandas-2.2.3 pandera-0.19.3 prompt-toolkit-3.0.51 propcache-0.3.2 psycopg2-binary-2.9.10 pycryptodome-3.23.0 pydantic-2.11.7 pydantic-core-2.33.2 pydantic-settings-2.2.1 python-amazon-sp-api-0.8.0 python-dateutil-2.9.0.post0 python-dotenv-1.1.1 pytz-2025.2 pyyaml-6.0.2 redis-5.3.1 requests-2.32.5 s3transfer-0.13.1 six-1.17.0 tqdm-4.67.1 typeguard-4.4.4 typing-extensions-4.14.1 typing-inspect-0.9.0 typing-inspection-0.4.1 tzdata-2025.2 urllib3-2.5.0 vine-5.1.0 wcwidth-0.2.13 wrapt-1.17.3 yarl-1.20.1
2025-08-19T16:09:16.1621238Z #34 27.21 WARNING: Running pip as the 'root' user can result in broken permissions and conflicting behaviour with the system package manager, possibly rendering your system unusable. It is recommended to use a virtual environment instead: https://pip.pypa.io/warnings/venv. Use the --root-user-action option if you know what you are doing and want to suppress this warning.
2025-08-19T16:09:16.1623538Z #34 27.34 
2025-08-19T16:09:16.1623949Z #34 27.34 [notice] A new release of pip is available: 25.0.1 -> 25.2
2025-08-19T16:09:16.1624551Z #34 27.34 [notice] To update, run: pip install --upgrade pip
2025-08-19T16:09:16.3271256Z #34 DONE 27.7s
2025-08-19T16:09:16.3271520Z 
2025-08-19T16:09:16.3271687Z #63 [etl base 5/5] COPY services/etl/ .
2025-08-19T16:09:16.3272154Z #63 DONE 0.0s
2025-08-19T16:09:17.3877104Z 
2025-08-19T16:09:17.3877955Z #64 [celery_worker stage-1 3/9] COPY --from=base /usr/local /usr/local
2025-08-19T16:09:20.0445448Z #64 DONE 2.5s
2025-08-19T16:09:20.0445694Z 
2025-08-19T16:09:20.0445959Z #65 [celery_worker stage-1 4/9] COPY --from=base /app /app
2025-08-19T16:09:20.0446571Z #65 DONE 0.0s
2025-08-19T16:09:20.0446698Z 
2025-08-19T16:09:20.0447589Z #66 [celery_worker stage-1 5/9] RUN set -eux;     if [ -f /etc/apt/sources.list ]; then         sed -i 's|http://deb.debian.org|https://deb.debian.org|g' /etc/apt/sources.list;     fi;     apt-get update;     apt-get install -y --no-install-recommends tzdata;     rm -rf /var/lib/apt/lists/*
2025-08-19T16:09:20.0448637Z #66 0.107 + [ -f /etc/apt/sources.list ]
2025-08-19T16:09:20.0448987Z #66 0.107 + apt-get update
2025-08-19T16:09:20.1599569Z #66 0.169 Hit:1 http://deb.debian.org/debian trixie InRelease
2025-08-19T16:09:20.1600068Z #66 0.177 Get:2 http://deb.debian.org/debian trixie-updates InRelease [47.1 kB]
2025-08-19T16:09:20.1600592Z #66 0.205 Get:3 http://deb.debian.org/debian-security trixie-security InRelease [43.4 kB]
2025-08-19T16:09:20.1601127Z #66 0.223 Get:4 http://deb.debian.org/debian trixie/main amd64 Packages [9668 kB]
2025-08-19T16:09:20.4327921Z #66 0.331 Get:5 http://deb.debian.org/debian trixie-updates/main amd64 Packages [2432 B]
2025-08-19T16:09:20.4329256Z #66 0.345 Get:6 http://deb.debian.org/debian-security trixie-security/main amd64 Packages [11.6 kB]
2025-08-19T16:09:21.0434126Z #66 0.956 Fetched 9772 kB in 1s (11.8 MB/s)
2025-08-19T16:09:21.3160315Z #66 0.956 Reading package lists...
2025-08-19T16:09:21.4832466Z #66 1.388 + apt-get install -y --no-install-recommends tzdata
2025-08-19T16:09:21.7539853Z #66 1.396 Reading package lists...
2025-08-19T16:09:21.9791750Z #66 1.825 Building dependency tree...
2025-08-19T16:09:21.9792249Z #66 1.913 Reading state information...
2025-08-19T16:09:22.1534549Z #66 2.042 tzdata is already the newest version (2025b-4).
2025-08-19T16:09:22.1535310Z #66 2.042 0 upgraded, 0 newly installed, 0 to remove and 0 not upgraded.
2025-08-19T16:09:22.1539474Z #66 2.043 + rm -rf /var/lib/apt/lists/auxfiles /var/lib/apt/lists/deb.debian.org_debian-security_dists_trixie-security_InRelease /var/lib/apt/lists/deb.debian.org_debian-security_dists_trixie-security_main_binary-amd64_Packages.lz4 /var/lib/apt/lists/deb.debian.org_debian_dists_trixie-updates_InRelease /var/lib/apt/lists/deb.debian.org_debian_dists_trixie-updates_main_binary-amd64_Packages.lz4 /var/lib/apt/lists/deb.debian.org_debian_dists_trixie_InRelease /var/lib/apt/lists/deb.debian.org_debian_dists_trixie_main_binary-amd64_Packages.lz4 /var/lib/apt/lists/lock /var/lib/apt/lists/partial
2025-08-19T16:09:22.1543559Z #66 DONE 2.1s
2025-08-19T16:09:22.1544018Z 
2025-08-19T16:09:22.1544347Z #67 [etl stage-1 6/9] COPY services/etl/wait-for-it.sh /usr/local/bin/wait-for-it.sh
2025-08-19T16:09:22.1545111Z #67 DONE 0.0s
2025-08-19T16:09:22.1545267Z 
2025-08-19T16:09:22.1545453Z #68 [celery_worker stage-1 7/9] RUN chmod +x /usr/local/bin/wait-for-it.sh
2025-08-19T16:09:22.3042169Z #68 DONE 0.1s
2025-08-19T16:09:22.3042435Z 
2025-08-19T16:09:22.3042777Z #69 [etl stage-1 8/9] COPY services/etl/entrypoint.sh /app/entrypoint.sh
2025-08-19T16:09:22.3043357Z #69 DONE 0.0s
2025-08-19T16:09:22.3043543Z 
2025-08-19T16:09:22.3043735Z #70 [etl stage-1 9/9] RUN chmod +x /app/entrypoint.sh
2025-08-19T16:09:22.4588053Z #70 DONE 0.1s
2025-08-19T16:09:22.4588756Z 
2025-08-19T16:09:22.4589212Z #71 [celery_worker] exporting to image
2025-08-19T16:09:22.4589688Z #71 exporting layers
2025-08-19T16:09:25.4133260Z #71 exporting layers 3.1s done
2025-08-19T16:09:25.4134050Z #71 writing image sha256:de2475b1f4dadafda3697e5511f81a4efb4c8339a0e5c071e85178c6d5d279fc done
2025-08-19T16:09:25.4134873Z #71 naming to docker.io/library/awa-app-celery_worker done
2025-08-19T16:09:25.4135531Z #71 DONE 3.1s
2025-08-19T16:09:25.4135709Z 
2025-08-19T16:09:25.4135965Z #72 [etl] exporting to image
2025-08-19T16:09:25.4136503Z #72 exporting layers 3.1s done
2025-08-19T16:09:25.4137182Z #72 writing image sha256:de2475b1f4dadafda3697e5511f81a4efb4c8339a0e5c071e85178c6d5d279fc done
2025-08-19T16:09:25.4137963Z #72 naming to docker.io/library/awa-app-etl done
2025-08-19T16:09:25.4138562Z #72 DONE 3.1s
2025-08-19T16:09:25.4138723Z 
2025-08-19T16:09:25.4138867Z #73 [celery_worker] resolving provenance for metadata file
2025-08-19T16:09:25.4139147Z #73 DONE 0.0s
2025-08-19T16:09:25.4139275Z 
2025-08-19T16:09:25.4139380Z #74 [etl] resolving provenance for metadata file
2025-08-19T16:09:25.4139638Z #74 DONE 0.0s
2025-08-19T16:09:25.4139825Z  etl  Built
2025-08-19T16:09:25.4140151Z  fees_h10  Built
2025-08-19T16:09:25.4140336Z  celery_worker  Built
2025-08-19T16:09:25.4140520Z  api  Built
2025-08-19T16:09:25.4140684Z  postgres  Built
2025-08-19T16:09:25.4204404Z ##[group]Run export COMPOSE_DOCKER_CLI_BUILD=1 DOCKER_BUILDKIT=1
2025-08-19T16:09:25.4204852Z [36;1mexport COMPOSE_DOCKER_CLI_BUILD=1 DOCKER_BUILDKIT=1[0m
2025-08-19T16:09:25.4205159Z [36;1mdocker compose \[0m
2025-08-19T16:09:25.4205385Z [36;1m  -f docker-compose.yml \[0m
2025-08-19T16:09:25.4205638Z [36;1m  -f docker-compose.ci.yml \[0m
2025-08-19T16:09:25.4205916Z [36;1m  -f docker-compose.postgres.yml \[0m
2025-08-19T16:09:25.4206619Z [36;1m  pull[0m
2025-08-19T16:09:25.4249322Z shell: /usr/bin/bash -e {0}
2025-08-19T16:09:25.4249562Z env:
2025-08-19T16:09:25.4249792Z   GITHUB_SHA: 3777cfca6e9d097e2508748e9dba6933bb7693d1
2025-08-19T16:09:25.4250073Z ##[endgroup]
2025-08-19T16:09:25.5185089Z time="2025-08-19T16:09:25Z" level=warning msg="/home/runner/work/AWA-App/AWA-App/docker-compose.postgres.yml: the attribute `version` is obsolete, it will be ignored, please remove it to avoid potential confusion"
2025-08-19T16:09:25.5343904Z  postgres Skipped - No image to be pulled 
2025-08-19T16:09:25.5344679Z  api Skipped - No image to be pulled 
2025-08-19T16:09:25.5345166Z  fees_h10 Skipped - No image to be pulled 
2025-08-19T16:09:25.5345631Z  etl Skipped - No image to be pulled 
2025-08-19T16:09:25.5346091Z  celery_worker Skipped - No image to be pulled 
2025-08-19T16:09:25.5346717Z  redis Pulling 
2025-08-19T16:09:25.5347016Z  minio Pulling 
2025-08-19T16:09:26.3168593Z  0368fd46e3c6 Pulling fs layer 
2025-08-19T16:09:26.3169037Z  4c55286bbede Pulling fs layer 
2025-08-19T16:09:26.3169703Z  5e28347af205 Pulling fs layer 
2025-08-19T16:09:26.3170181Z  311eca34042e Pulling fs layer 
2025-08-19T16:09:26.3170546Z  e6fe6f07e192 Pulling fs layer 
2025-08-19T16:09:26.3170921Z  a2cadbfeca72 Pulling fs layer 
2025-08-19T16:09:26.3171284Z  4f4fb700ef54 Pulling fs layer 
2025-08-19T16:09:26.3171676Z  a976ed7e7808 Pulling fs layer 
2025-08-19T16:09:26.3171978Z  e6fe6f07e192 Waiting 
2025-08-19T16:09:26.3172259Z  a2cadbfeca72 Waiting 
2025-08-19T16:09:26.3172575Z  4f4fb700ef54 Waiting 
2025-08-19T16:09:26.3172866Z  a976ed7e7808 Waiting 
2025-08-19T16:09:26.3173201Z  311eca34042e Waiting 
2025-08-19T16:09:26.5316063Z  0368fd46e3c6 Downloading [>                                                  ]  36.99kB/3.638MB
2025-08-19T16:09:26.5539019Z  5e28347af205 Downloading [>                                                  ]    2.3kB/173.2kB
2025-08-19T16:09:26.5550869Z  4c55286bbede Downloading [=================================================> ]     935B/950B
2025-08-19T16:09:26.5551632Z  4c55286bbede Downloading [==================================================>]     950B/950B
2025-08-19T16:09:26.5552241Z  4c55286bbede Download complete 
2025-08-19T16:09:26.5815567Z  5e28347af205 Verifying Checksum 
2025-08-19T16:09:26.5816142Z  5e28347af205 Download complete 
2025-08-19T16:09:26.6076856Z  0368fd46e3c6 Downloading [==================================================>]  3.638MB/3.638MB
2025-08-19T16:09:26.6077477Z  0368fd46e3c6 Verifying Checksum 
2025-08-19T16:09:26.6077824Z  0368fd46e3c6 Download complete 
2025-08-19T16:09:26.6081879Z  0368fd46e3c6 Extracting [>                                                  ]  65.54kB/3.638MB
2025-08-19T16:09:26.6894483Z  0368fd46e3c6 Extracting [==================================================>]  3.638MB/3.638MB
2025-08-19T16:09:26.7063737Z  0368fd46e3c6 Pull complete 
2025-08-19T16:09:26.7076548Z  4c55286bbede Extracting [==================================================>]     950B/950B
2025-08-19T16:09:26.7080990Z  4c55286bbede Extracting [==================================================>]     950B/950B
2025-08-19T16:09:26.7244937Z  4c55286bbede Pull complete 
2025-08-19T16:09:26.7255162Z  5e28347af205 Extracting [=========>                                         ]  32.77kB/173.2kB
2025-08-19T16:09:26.7269901Z  5e28347af205 Extracting [==================================================>]  173.2kB/173.2kB
2025-08-19T16:09:26.7487941Z  5e28347af205 Extracting [==================================================>]  173.2kB/173.2kB
2025-08-19T16:09:26.7760538Z  311eca34042e Downloading [>                                                  ]  11.03kB/1.003MB
2025-08-19T16:09:26.8269345Z  311eca34042e Verifying Checksum 
2025-08-19T16:09:26.8399355Z  311eca34042e Download complete 
2025-08-19T16:09:26.8399999Z  e6fe6f07e192 Downloading [>                                                  ]  127.4kB/12.41MB
2025-08-19T16:09:26.8439147Z  a2cadbfeca72 Downloading [==================================================>]      99B/99B
2025-08-19T16:09:26.8440133Z  a2cadbfeca72 Verifying Checksum 
2025-08-19T16:09:26.8441486Z  a2cadbfeca72 Download complete 
2025-08-19T16:09:26.8539449Z  5e28347af205 Pull complete 
2025-08-19T16:09:26.8550576Z  311eca34042e Extracting [=>                                                 ]  32.77kB/1.003MB
2025-08-19T16:09:26.8739029Z  311eca34042e Extracting [==================================================>]  1.003MB/1.003MB
2025-08-19T16:09:26.8740624Z  311eca34042e Extracting [==================================================>]  1.003MB/1.003MB
2025-08-19T16:09:26.8808009Z  311eca34042e Pull complete 
2025-08-19T16:09:26.9401707Z  e6fe6f07e192 Downloading [=================>                                 ]  4.365MB/12.41MB
2025-08-19T16:09:27.0482208Z  e6fe6f07e192 Downloading [=====================================>             ]  9.419MB/12.41MB
2025-08-19T16:09:27.0487047Z  4f4fb700ef54 Downloading [==================================================>]      32B/32B
2025-08-19T16:09:27.0487691Z  4f4fb700ef54 Verifying Checksum 
2025-08-19T16:09:27.0488201Z  4f4fb700ef54 Download complete 
2025-08-19T16:09:27.0945943Z  a976ed7e7808 Downloading [==================================================>]     574B/574B
2025-08-19T16:09:27.0946761Z  a976ed7e7808 Verifying Checksum 
2025-08-19T16:09:27.0947092Z  a976ed7e7808 Download complete 
2025-08-19T16:09:27.1472770Z  dd15713b0f22 Pulling fs layer 
2025-08-19T16:09:27.1473202Z  fd312a3c94fc Pulling fs layer 
2025-08-19T16:09:27.1473608Z  02e05d20c69e Pulling fs layer 
2025-08-19T16:09:27.1474023Z  1f08d9fb7d7d Pulling fs layer 
2025-08-19T16:09:27.1474403Z  b452b5fb7338 Pulling fs layer 
2025-08-19T16:09:27.1474807Z  e14ab7c7ae26 Pulling fs layer 
2025-08-19T16:09:27.1475197Z  3bf7f4428838 Pulling fs layer 
2025-08-19T16:09:27.1475582Z  adc9ba906e83 Pulling fs layer 
2025-08-19T16:09:27.1475976Z  1611ffcaf8be Pulling fs layer 
2025-08-19T16:09:27.1476517Z  02e05d20c69e Waiting 
2025-08-19T16:09:27.1476752Z  1f08d9fb7d7d Waiting 
2025-08-19T16:09:27.1477018Z  b452b5fb7338 Waiting 
2025-08-19T16:09:27.1477245Z  e14ab7c7ae26 Waiting 
2025-08-19T16:09:27.1477428Z  3bf7f4428838 Waiting 
2025-08-19T16:09:27.1477619Z  adc9ba906e83 Waiting 
2025-08-19T16:09:27.1477899Z  1611ffcaf8be Waiting 
2025-08-19T16:09:27.1718170Z  e6fe6f07e192 Downloading [===============================================>   ]  11.79MB/12.41MB
2025-08-19T16:09:27.2079000Z  e6fe6f07e192 Verifying Checksum 
2025-08-19T16:09:27.2080001Z  e6fe6f07e192 Download complete 
2025-08-19T16:09:27.2092198Z  e6fe6f07e192 Extracting [>                                                  ]  131.1kB/12.41MB
2025-08-19T16:09:27.3099530Z  e6fe6f07e192 Extracting [=============================>                     ]  7.209MB/12.41MB
2025-08-19T16:09:27.3538628Z  fd312a3c94fc Downloading [>                                                  ]  17.36kB/1.637MB
2025-08-19T16:09:27.3696142Z  e6fe6f07e192 Extracting [==================================================>]  12.41MB/12.41MB
2025-08-19T16:09:27.3873574Z  e6fe6f07e192 Pull complete 
2025-08-19T16:09:27.3884380Z  a2cadbfeca72 Extracting [==================================================>]      99B/99B
2025-08-19T16:09:27.3889083Z  a2cadbfeca72 Extracting [==================================================>]      99B/99B
2025-08-19T16:09:27.3967762Z  a2cadbfeca72 Pull complete 
2025-08-19T16:09:27.3980057Z  4f4fb700ef54 Extracting [==================================================>]      32B/32B
2025-08-19T16:09:27.3983767Z  4f4fb700ef54 Extracting [==================================================>]      32B/32B
2025-08-19T16:09:27.3986963Z  dd15713b0f22 Downloading [>                                                  ]  73.47kB/7.24MB
2025-08-19T16:09:27.4101965Z  4f4fb700ef54 Pull complete 
2025-08-19T16:09:27.4125941Z  a976ed7e7808 Extracting [==================================================>]     574B/574B
2025-08-19T16:09:27.4131205Z  a976ed7e7808 Extracting [==================================================>]     574B/574B
2025-08-19T16:09:27.4164884Z  fd312a3c94fc Verifying Checksum 
2025-08-19T16:09:27.4165382Z  fd312a3c94fc Download complete 
2025-08-19T16:09:27.4221575Z  02e05d20c69e Downloading [>                                                  ]    2.3kB/122.7kB
2025-08-19T16:09:27.4224453Z  a976ed7e7808 Pull complete 
2025-08-19T16:09:27.4286017Z  redis Pulled 
2025-08-19T16:09:27.4368864Z  02e05d20c69e Downloading [==================================================>]  122.7kB/122.7kB
2025-08-19T16:09:27.4369827Z  02e05d20c69e Verifying Checksum 
2025-08-19T16:09:27.4370286Z  02e05d20c69e Download complete 
2025-08-19T16:09:27.5005223Z  dd15713b0f22 Downloading [===========================================>       ]   6.29MB/7.24MB
2025-08-19T16:09:27.5130423Z  dd15713b0f22 Verifying Checksum 
2025-08-19T16:09:27.5130928Z  dd15713b0f22 Download complete 
2025-08-19T16:09:27.5135337Z  dd15713b0f22 Extracting [>                                                  ]   98.3kB/7.24MB
2025-08-19T16:09:27.6136390Z  dd15713b0f22 Extracting [====================>                              ]  2.949MB/7.24MB
2025-08-19T16:09:27.6815980Z  1f08d9fb7d7d Downloading [>                                                  ]  397.4kB/39.39MB
2025-08-19T16:09:27.6830872Z  b452b5fb7338 Downloading [>                                                  ]    115kB/11.19MB
2025-08-19T16:09:27.7187914Z  dd15713b0f22 Extracting [=============================================>     ]  6.586MB/7.24MB
2025-08-19T16:09:27.7413955Z  dd15713b0f22 Extracting [==================================================>]   7.24MB/7.24MB
2025-08-19T16:09:27.7519146Z  dd15713b0f22 Pull complete 
2025-08-19T16:09:27.7530594Z  fd312a3c94fc Extracting [=>                                                 ]  32.77kB/1.637MB
2025-08-19T16:09:27.7775844Z  e14ab7c7ae26 Downloading [>                                                  ]   24.2kB/2.402MB
2025-08-19T16:09:27.7881635Z  fd312a3c94fc Extracting [==================================================>]  1.637MB/1.637MB
2025-08-19T16:09:27.7906554Z  fd312a3c94fc Extracting [==================================================>]  1.637MB/1.637MB
2025-08-19T16:09:27.7944841Z  b452b5fb7338 Downloading [==========================>                        ]  5.962MB/11.19MB
2025-08-19T16:09:27.7986849Z  1f08d9fb7d7d Downloading [========>                                          ]  6.454MB/39.39MB
2025-08-19T16:09:27.8485303Z  fd312a3c94fc Pull complete 
2025-08-19T16:09:27.8497268Z  02e05d20c69e Extracting [=============>                                     ]  32.77kB/122.7kB
2025-08-19T16:09:27.8509672Z  02e05d20c69e Extracting [==================================================>]  122.7kB/122.7kB
2025-08-19T16:09:27.8518107Z  e14ab7c7ae26 Downloading [==================================================>]  2.402MB/2.402MB
2025-08-19T16:09:27.8519204Z  e14ab7c7ae26 Verifying Checksum 
2025-08-19T16:09:27.8519828Z  e14ab7c7ae26 Download complete 
2025-08-19T16:09:27.8607978Z  b452b5fb7338 Verifying Checksum 
2025-08-19T16:09:27.8608428Z  b452b5fb7338 Download complete 
2025-08-19T16:09:27.8625906Z  02e05d20c69e Pull complete 
2025-08-19T16:09:27.8993063Z  1f08d9fb7d7d Downloading [=============>                                     ]  10.89MB/39.39MB
2025-08-19T16:09:27.9999686Z  1f08d9fb7d7d Downloading [========================>                          ]  19.41MB/39.39MB
2025-08-19T16:09:28.0663600Z  3bf7f4428838 Downloading [>                                                  ]    2.3kB/180.3kB
2025-08-19T16:09:28.0949752Z  3bf7f4428838 Downloading [==================================================>]  180.3kB/180.3kB
2025-08-19T16:09:28.0951013Z  3bf7f4428838 Download complete 
2025-08-19T16:09:28.1406033Z  1f08d9fb7d7d Downloading [=============================>                     ]  23.05MB/39.39MB
2025-08-19T16:09:28.1677750Z  adc9ba906e83 Downloading [===>                                               ]     932B/11.88kB
2025-08-19T16:09:28.1678778Z  adc9ba906e83 Downloading [==================================================>]  11.88kB/11.88kB
2025-08-19T16:09:28.1679239Z  adc9ba906e83 Verifying Checksum 
2025-08-19T16:09:28.1679537Z  adc9ba906e83 Download complete 
2025-08-19T16:09:28.2411759Z  1f08d9fb7d7d Downloading [==========================================>        ]  33.55MB/39.39MB
2025-08-19T16:09:28.3358425Z  1611ffcaf8be Download complete 
2025-08-19T16:09:28.3518716Z  1f08d9fb7d7d Downloading [=================================================> ]  38.79MB/39.39MB
2025-08-19T16:09:28.3689266Z  1f08d9fb7d7d Verifying Checksum 
2025-08-19T16:09:28.3689916Z  1f08d9fb7d7d Download complete 
2025-08-19T16:09:28.3754484Z  1f08d9fb7d7d Extracting [>                                                  ]    426kB/39.39MB
2025-08-19T16:09:28.4754805Z  1f08d9fb7d7d Extracting [==========>                                        ]   8.52MB/39.39MB
2025-08-19T16:09:28.5765910Z  1f08d9fb7d7d Extracting [=====================>                             ]  16.61MB/39.39MB
2025-08-19T16:09:28.6785243Z  1f08d9fb7d7d Extracting [=====================================>             ]  29.39MB/39.39MB
2025-08-19T16:09:28.7810258Z  1f08d9fb7d7d Extracting [===============================================>   ]  37.49MB/39.39MB
2025-08-19T16:09:28.8049003Z  1f08d9fb7d7d Extracting [==================================================>]  39.39MB/39.39MB
2025-08-19T16:09:28.8473833Z  1f08d9fb7d7d Pull complete 
2025-08-19T16:09:28.8496452Z  b452b5fb7338 Extracting [>                                                  ]  131.1kB/11.19MB
2025-08-19T16:09:28.9525290Z  b452b5fb7338 Extracting [==================================>                ]  7.733MB/11.19MB
2025-08-19T16:09:28.9870026Z  b452b5fb7338 Extracting [==================================================>]  11.19MB/11.19MB
2025-08-19T16:09:29.0029727Z  b452b5fb7338 Pull complete 
2025-08-19T16:09:29.0040503Z  e14ab7c7ae26 Extracting [>                                                  ]  32.77kB/2.402MB
2025-08-19T16:09:29.0313208Z  e14ab7c7ae26 Extracting [==================================================>]  2.402MB/2.402MB
2025-08-19T16:09:29.0389027Z  e14ab7c7ae26 Pull complete 
2025-08-19T16:09:29.0400756Z  3bf7f4428838 Extracting [=========>                                         ]  32.77kB/180.3kB
2025-08-19T16:09:29.0448142Z  3bf7f4428838 Extracting [==================================================>]  180.3kB/180.3kB
2025-08-19T16:09:29.0462250Z  3bf7f4428838 Extracting [==================================================>]  180.3kB/180.3kB
2025-08-19T16:09:29.0549200Z  3bf7f4428838 Pull complete 
2025-08-19T16:09:29.0559651Z  adc9ba906e83 Extracting [==================================================>]  11.88kB/11.88kB
2025-08-19T16:09:29.0563986Z  adc9ba906e83 Extracting [==================================================>]  11.88kB/11.88kB
2025-08-19T16:09:29.0643732Z  adc9ba906e83 Pull complete 
2025-08-19T16:09:29.0661070Z  1611ffcaf8be Extracting [==================================================>]     498B/498B
2025-08-19T16:09:29.0665709Z  1611ffcaf8be Extracting [==================================================>]     498B/498B
2025-08-19T16:09:29.0742610Z  1611ffcaf8be Pull complete 
2025-08-19T16:09:29.0804843Z  minio Pulled 
2025-08-19T16:09:29.0871659Z ##[group]Run export COMPOSE_DOCKER_CLI_BUILD=1 DOCKER_BUILDKIT=1
2025-08-19T16:09:29.0872117Z [36;1mexport COMPOSE_DOCKER_CLI_BUILD=1 DOCKER_BUILDKIT=1[0m
2025-08-19T16:09:29.0872415Z [36;1mdocker compose \[0m
2025-08-19T16:09:29.0872655Z [36;1m  -f docker-compose.yml \[0m
2025-08-19T16:09:29.0872902Z [36;1m  -f docker-compose.ci.yml \[0m
2025-08-19T16:09:29.0873168Z [36;1m  -f docker-compose.postgres.yml \[0m
2025-08-19T16:09:29.0873476Z [36;1m  up -d --wait --no-build --pull always[0m
2025-08-19T16:09:29.0913484Z shell: /usr/bin/bash -e {0}
2025-08-19T16:09:29.0913714Z env:
2025-08-19T16:09:29.0913932Z   GITHUB_SHA: 3777cfca6e9d097e2508748e9dba6933bb7693d1
2025-08-19T16:09:29.0914202Z ##[endgroup]
2025-08-19T16:09:29.1860261Z time="2025-08-19T16:09:29Z" level=warning msg="/home/runner/work/AWA-App/AWA-App/docker-compose.postgres.yml: the attribute `version` is obsolete, it will be ignored, please remove it to avoid potential confusion"
2025-08-19T16:09:29.1980601Z  minio Pulling 
2025-08-19T16:09:29.1981753Z  redis Pulling 
2025-08-19T16:09:29.6367293Z  minio Pulled 
2025-08-19T16:09:29.6634751Z  redis Pulled 
2025-08-19T16:09:29.6654896Z  Network awa-app_awa-net  Creating
2025-08-19T16:09:29.6985454Z  Network awa-app_awa-net  Created
2025-08-19T16:09:29.7047815Z  Volume "awa-app_awa-pgdata"  Creating
2025-08-19T16:09:29.7060503Z  Volume "awa-app_awa-pgdata"  Created
2025-08-19T16:09:29.7063788Z  Volume "awa-app_awa-data"  Creating
2025-08-19T16:09:29.7071083Z  Volume "awa-app_awa-data"  Created
2025-08-19T16:09:29.7074198Z  Volume "awa-app_miniodata"  Creating
2025-08-19T16:09:29.7081044Z  Volume "awa-app_miniodata"  Created
2025-08-19T16:09:29.7085900Z  Container awa-app-minio-1  Creating
2025-08-19T16:09:29.7086757Z  Container awa-app-redis-1  Creating
2025-08-19T16:09:29.7087389Z  Container awa-app-postgres-1  Creating
2025-08-19T16:09:29.7349627Z  Container awa-app-minio-1  Created
2025-08-19T16:09:29.7350115Z  Container awa-app-postgres-1  Created
2025-08-19T16:09:29.7350600Z  Container awa-app-api-1  Creating
2025-08-19T16:09:29.7352519Z  Container awa-app-etl-1  Creating
2025-08-19T16:09:29.7368734Z  Container awa-app-redis-1  Created
2025-08-19T16:09:29.7370436Z  Container awa-app-fees_h10-1  Creating
2025-08-19T16:09:29.7371276Z  Container awa-app-celery_worker-1  Creating
2025-08-19T16:09:29.7579996Z  Container awa-app-etl-1  Created
2025-08-19T16:09:29.7591171Z  Container awa-app-celery_worker-1  Created
2025-08-19T16:09:29.7592554Z  Container awa-app-api-1  Created
2025-08-19T16:09:29.7596863Z  Container awa-app-fees_h10-1  Created
2025-08-19T16:09:29.7612394Z  Container awa-app-postgres-1  Starting
2025-08-19T16:09:29.7617378Z  Container awa-app-redis-1  Starting
2025-08-19T16:09:29.7620739Z  Container awa-app-minio-1  Starting
2025-08-19T16:09:29.9864711Z  Container awa-app-redis-1  Started
2025-08-19T16:09:29.9962033Z  Container awa-app-postgres-1  Started
2025-08-19T16:09:29.9963933Z  Container awa-app-postgres-1  Waiting
2025-08-19T16:09:29.9964756Z  Container awa-app-postgres-1  Waiting
2025-08-19T16:09:29.9965496Z  Container awa-app-redis-1  Waiting
2025-08-19T16:09:29.9966643Z  Container awa-app-postgres-1  Waiting
2025-08-19T16:09:30.0087948Z  Container awa-app-minio-1  Started
2025-08-19T16:09:30.0088987Z  Container awa-app-postgres-1  Waiting
2025-08-19T16:09:35.4975390Z  Container awa-app-postgres-1  Healthy
2025-08-19T16:09:35.4976116Z  Container awa-app-api-1  Starting
2025-08-19T16:09:35.4976949Z  Container awa-app-redis-1  Healthy
2025-08-19T16:09:35.4977390Z  Container awa-app-postgres-1  Healthy
2025-08-19T16:09:35.4978041Z  Container awa-app-fees_h10-1  Starting
2025-08-19T16:09:35.4984301Z  Container awa-app-postgres-1  Healthy
2025-08-19T16:09:35.4985484Z  Container awa-app-celery_worker-1  Starting
2025-08-19T16:09:35.5100047Z  Container awa-app-postgres-1  Healthy
2025-08-19T16:09:35.5105621Z  Container awa-app-etl-1  Starting
2025-08-19T16:09:35.6904616Z  Container awa-app-etl-1  Started
2025-08-19T16:09:35.6912499Z  Container awa-app-fees_h10-1  Started
2025-08-19T16:09:35.7076964Z  Container awa-app-celery_worker-1  Started
2025-08-19T16:09:35.7357345Z  Container awa-app-api-1  Started
2025-08-19T16:09:35.7359019Z  Container awa-app-postgres-1  Waiting
2025-08-19T16:09:35.7361155Z  Container awa-app-etl-1  Waiting
2025-08-19T16:09:35.7361621Z  Container awa-app-fees_h10-1  Waiting
2025-08-19T16:09:35.7362244Z  Container awa-app-celery_worker-1  Waiting
2025-08-19T16:09:35.7362861Z  Container awa-app-redis-1  Waiting
2025-08-19T16:09:35.7363304Z  Container awa-app-minio-1  Waiting
2025-08-19T16:09:35.7363959Z  Container awa-app-api-1  Waiting
2025-08-19T16:09:36.2388999Z  Container awa-app-postgres-1  Healthy
2025-08-19T16:09:36.2390687Z  Container awa-app-redis-1  Healthy
2025-08-19T16:09:36.2407288Z  Container awa-app-minio-1  Healthy
2025-08-19T16:09:41.2371821Z  Container awa-app-api-1  Healthy
2025-08-19T16:10:05.7372458Z  Container awa-app-etl-1  Healthy
2025-08-19T16:10:06.2372360Z  Container awa-app-fees_h10-1  Healthy
2025-08-19T16:10:06.2372925Z  Container awa-app-celery_worker-1  Healthy
2025-08-19T16:10:06.2433986Z ##[group]Run for i in {1..60}; do pg_isready -h localhost -p 5432 && break; sleep 1; done
2025-08-19T16:10:06.2434501Z [36;1mfor i in {1..60}; do pg_isready -h localhost -p 5432 && break; sleep 1; done[0m
2025-08-19T16:10:06.2474588Z shell: /usr/bin/bash -e {0}
2025-08-19T16:10:06.2474808Z env:
2025-08-19T16:10:06.2475030Z   GITHUB_SHA: 3777cfca6e9d097e2508748e9dba6933bb7693d1
2025-08-19T16:10:06.2475302Z ##[endgroup]
2025-08-19T16:10:06.3240307Z localhost:5432 - accepting connections
2025-08-19T16:10:06.3274534Z ##[group]Run [ "$(psql -U postgres -h localhost -tAc "select 1 from pg_database where datname='awa'")" = '1' ] || psql -U postgres -h localhost -c "create database awa"
2025-08-19T16:10:06.3275458Z [36;1m[ "$(psql -U postgres -h localhost -tAc "select 1 from pg_database where datname='awa'")" = '1' ] || psql -U postgres -h localhost -c "create database awa"[0m
2025-08-19T16:10:06.3312857Z shell: /usr/bin/bash -e {0}
2025-08-19T16:10:06.3313084Z env:
2025-08-19T16:10:06.3313295Z   GITHUB_SHA: 3777cfca6e9d097e2508748e9dba6933bb7693d1
2025-08-19T16:10:06.3313586Z   PGPASSWORD: pass
2025-08-19T16:10:06.3313771Z ##[endgroup]
2025-08-19T16:10:06.4262042Z ##[group]Run docker compose \
2025-08-19T16:10:06.4262369Z [36;1mdocker compose \[0m
2025-08-19T16:10:06.4262611Z [36;1m  -f docker-compose.yml \[0m
2025-08-19T16:10:06.4262875Z [36;1m  -f docker-compose.ci.yml \[0m
2025-08-19T16:10:06.4263160Z [36;1m  -f docker-compose.postgres.yml \[0m
2025-08-19T16:10:06.4263429Z [36;1m  config | grep image:[0m
2025-08-19T16:10:06.4302190Z shell: /usr/bin/bash -e {0}
2025-08-19T16:10:06.4302423Z env:
2025-08-19T16:10:06.4302633Z   GITHUB_SHA: 3777cfca6e9d097e2508748e9dba6933bb7693d1
2025-08-19T16:10:06.4302910Z ##[endgroup]
2025-08-19T16:10:06.5195672Z time="2025-08-19T16:10:06Z" level=warning msg="/home/runner/work/AWA-App/AWA-App/docker-compose.postgres.yml: the attribute `version` is obsolete, it will be ignored, please remove it to avoid potential confusion"
2025-08-19T16:10:06.5323219Z     image: minio/minio
2025-08-19T16:10:06.5323602Z     image: redis:7-alpine
2025-08-19T16:10:06.5351536Z ##[group]Run export COMPOSE_DOCKER_CLI_BUILD=1 DOCKER_BUILDKIT=1
2025-08-19T16:10:06.5351999Z [36;1mexport COMPOSE_DOCKER_CLI_BUILD=1 DOCKER_BUILDKIT=1[0m
2025-08-19T16:10:06.5352309Z [36;1mdocker compose ps[0m
2025-08-19T16:10:06.5391861Z shell: /usr/bin/bash -e {0}
2025-08-19T16:10:06.5392095Z env:
2025-08-19T16:10:06.5392308Z   GITHUB_SHA: 3777cfca6e9d097e2508748e9dba6933bb7693d1
2025-08-19T16:10:06.5392596Z ##[endgroup]
2025-08-19T16:10:06.6349750Z NAME                      IMAGE                   COMMAND                  SERVICE         CREATED          STATUS                    PORTS
2025-08-19T16:10:06.6355488Z awa-app-api-1             awa-app-api             "bash /app/entrypoin…"   api             37 seconds ago   Up 31 seconds (healthy)   0.0.0.0:8000->8000/tcp, [::]:8000->8000/tcp
2025-08-19T16:10:06.6357286Z awa-app-celery_worker-1   awa-app-celery_worker   "/bin/bash /app/entr…"   celery_worker   37 seconds ago   Up 31 seconds (healthy)   
2025-08-19T16:10:06.6358694Z awa-app-etl-1             awa-app-etl             "/bin/bash /app/entr…"   etl             37 seconds ago   Up 31 seconds (healthy)   
2025-08-19T16:10:06.6359945Z awa-app-fees_h10-1        awa-app-fees_h10        "./start.sh celery -…"   fees_h10        37 seconds ago   Up 31 seconds (healthy)   
2025-08-19T16:10:06.6361678Z awa-app-minio-1           minio/minio             "/usr/bin/docker-ent…"   minio           37 seconds ago   Up 36 seconds             0.0.0.0:9000-9001->9000-9001/tcp, [::]:9000-9001->9000-9001/tcp
2025-08-19T16:10:06.6363492Z awa-app-postgres-1        awa-app-postgres        "docker-entrypoint.s…"   postgres        37 seconds ago   Up 36 seconds (healthy)   0.0.0.0:5432->5432/tcp, [::]:5432->5432/tcp
2025-08-19T16:10:06.6365315Z awa-app-redis-1           redis:7-alpine          "docker-entrypoint.s…"   redis           37 seconds ago   Up 36 seconds (healthy)   0.0.0.0:6379->6379/tcp, [::]:6379->6379/tcp
2025-08-19T16:10:06.6466736Z Post job cleanup.
2025-08-19T16:10:06.7381028Z [command]/usr/bin/git version
2025-08-19T16:10:06.7418687Z git version 2.50.1
2025-08-19T16:10:06.7461023Z Temporarily overriding HOME='/home/runner/work/_temp/9944c52c-6d3d-4d7b-9db8-358d37be8edb' before making global git config changes
2025-08-19T16:10:06.7462314Z Adding repository directory to the temporary git global config as a safe directory
2025-08-19T16:10:06.7467053Z [command]/usr/bin/git config --global --add safe.directory /home/runner/work/AWA-App/AWA-App
2025-08-19T16:10:06.7502640Z [command]/usr/bin/git config --local --name-only --get-regexp core\.sshCommand
2025-08-19T16:10:06.7533883Z [command]/usr/bin/git submodule foreach --recursive sh -c "git config --local --name-only --get-regexp 'core\.sshCommand' && git config --local --unset-all 'core.sshCommand' || :"
2025-08-19T16:10:06.7753944Z [command]/usr/bin/git config --local --name-only --get-regexp http\.https\:\/\/github\.com\/\.extraheader
2025-08-19T16:10:06.7774534Z http.https://github.com/.extraheader
2025-08-19T16:10:06.7787295Z [command]/usr/bin/git config --local --unset-all http.https://github.com/.extraheader
2025-08-19T16:10:06.7817680Z [command]/usr/bin/git submodule foreach --recursive sh -c "git config --local --name-only --get-regexp 'http\.https\:\/\/github\.com\/\.extraheader' && git config --local --unset-all 'http.https://github.com/.extraheader' || :"
2025-08-19T16:10:06.8144962Z Cleaning up orphan processes
