2025-08-20T20:58:08.7144642Z Current runner version: '2.328.0'
2025-08-20T20:58:08.7169574Z ##[group]Runner Image Provisioner
2025-08-20T20:58:08.7170513Z Hosted Compute Agent
2025-08-20T20:58:08.7171027Z Version: 20250818.377
2025-08-20T20:58:08.7171887Z Commit: 3c593e9f75fe0b87e893bca80d6e12ba089c61fc
2025-08-20T20:58:08.7172738Z Build Date: 2025-08-18T14:52:18Z
2025-08-20T20:58:08.7173333Z ##[endgroup]
2025-08-20T20:58:08.7173872Z ##[group]Operating System
2025-08-20T20:58:08.7174472Z Ubuntu
2025-08-20T20:58:08.7174950Z 24.04.2
2025-08-20T20:58:08.7175377Z LTS
2025-08-20T20:58:08.7175971Z ##[endgroup]
2025-08-20T20:58:08.7176451Z ##[group]Runner Image
2025-08-20T20:58:08.7177024Z Image: ubuntu-24.04
2025-08-20T20:58:08.7177522Z Version: 20250818.1.0
2025-08-20T20:58:08.7178541Z Included Software: https://github.com/actions/runner-images/blob/ubuntu24/20250818.1/images/ubuntu/Ubuntu2404-Readme.md
2025-08-20T20:58:08.7179988Z Image Release: https://github.com/actions/runner-images/releases/tag/ubuntu24%2F20250818.1
2025-08-20T20:58:08.7181000Z ##[endgroup]
2025-08-20T20:58:08.7183863Z ##[group]GITHUB_TOKEN Permissions
2025-08-20T20:58:08.7186073Z Actions: read
2025-08-20T20:58:08.7186586Z Attestations: read
2025-08-20T20:58:08.7187160Z Checks: read
2025-08-20T20:58:08.7187621Z Contents: read
2025-08-20T20:58:08.7188110Z Deployments: read
2025-08-20T20:58:08.7188558Z Discussions: read
2025-08-20T20:58:08.7189155Z Issues: read
2025-08-20T20:58:08.7189627Z Metadata: read
2025-08-20T20:58:08.7190056Z Models: read
2025-08-20T20:58:08.7190716Z Packages: read
2025-08-20T20:58:08.7191191Z Pages: read
2025-08-20T20:58:08.7191868Z PullRequests: read
2025-08-20T20:58:08.7192494Z RepositoryProjects: read
2025-08-20T20:58:08.7193051Z SecurityEvents: read
2025-08-20T20:58:08.7193642Z Statuses: read
2025-08-20T20:58:08.7194167Z ##[endgroup]
2025-08-20T20:58:08.7196223Z Secret source: Dependabot
2025-08-20T20:58:08.7197159Z Prepare workflow directory
2025-08-20T20:58:08.7557319Z Prepare all required actions
2025-08-20T20:58:08.7615567Z Getting action download info
2025-08-20T20:58:09.1096931Z Download action repository 'actions/checkout@v4' (SHA:08eba0b27e820071cde6df949e0beb9ba4906955)
2025-08-20T20:58:09.2991742Z Download action repository 'actions/upload-artifact@v4' (SHA:ea165f8d65b6e75b540449e92b4886f43607fa02)
2025-08-20T20:58:09.5314565Z Complete job name: compose-health
2025-08-20T20:58:09.6032530Z ##[group]Run actions/checkout@v4
2025-08-20T20:58:09.6033442Z with:
2025-08-20T20:58:09.6033875Z   repository: AlexBomber12/AWA-App
2025-08-20T20:58:09.6034571Z   token: ***
2025-08-20T20:58:09.6034993Z   ssh-strict: true
2025-08-20T20:58:09.6035409Z   ssh-user: git
2025-08-20T20:58:09.6035835Z   persist-credentials: true
2025-08-20T20:58:09.6036317Z   clean: true
2025-08-20T20:58:09.6036750Z   sparse-checkout-cone-mode: true
2025-08-20T20:58:09.6037264Z   fetch-depth: 1
2025-08-20T20:58:09.6037684Z   fetch-tags: false
2025-08-20T20:58:09.6038110Z   show-progress: true
2025-08-20T20:58:09.6038544Z   lfs: false
2025-08-20T20:58:09.6038935Z   submodules: false
2025-08-20T20:58:09.6039392Z   set-safe-directory: true
2025-08-20T20:58:09.6040081Z ##[endgroup]
2025-08-20T20:58:09.7097195Z Syncing repository: AlexBomber12/AWA-App
2025-08-20T20:58:09.7098976Z ##[group]Getting Git version info
2025-08-20T20:58:09.7099713Z Working directory is '/home/runner/work/AWA-App/AWA-App'
2025-08-20T20:58:09.7100761Z [command]/usr/bin/git version
2025-08-20T20:58:09.7184059Z git version 2.51.0
2025-08-20T20:58:09.7209868Z ##[endgroup]
2025-08-20T20:58:09.7223877Z Temporarily overriding HOME='/home/runner/work/_temp/62ab7384-e3c1-4368-9154-def1f92edbae' before making global git config changes
2025-08-20T20:58:09.7226188Z Adding repository directory to the temporary git global config as a safe directory
2025-08-20T20:58:09.7228414Z [command]/usr/bin/git config --global --add safe.directory /home/runner/work/AWA-App/AWA-App
2025-08-20T20:58:09.7268421Z Deleting the contents of '/home/runner/work/AWA-App/AWA-App'
2025-08-20T20:58:09.7273533Z ##[group]Initializing the repository
2025-08-20T20:58:09.7278800Z [command]/usr/bin/git init /home/runner/work/AWA-App/AWA-App
2025-08-20T20:58:09.7389244Z hint: Using 'master' as the name for the initial branch. This default branch name
2025-08-20T20:58:09.7391393Z hint: is subject to change. To configure the initial branch name to use in all
2025-08-20T20:58:09.7393516Z hint: of your new repositories, which will suppress this warning, call:
2025-08-20T20:58:09.7394930Z hint:
2025-08-20T20:58:09.7395935Z hint: 	git config --global init.defaultBranch <name>
2025-08-20T20:58:09.7397192Z hint:
2025-08-20T20:58:09.7398352Z hint: Names commonly chosen instead of 'master' are 'main', 'trunk' and
2025-08-20T20:58:09.7400184Z hint: 'development'. The just-created branch can be renamed via this command:
2025-08-20T20:58:09.7401888Z hint:
2025-08-20T20:58:09.7402717Z hint: 	git branch -m <name>
2025-08-20T20:58:09.7403620Z hint:
2025-08-20T20:58:09.7404859Z hint: Disable this message with "git config set advice.defaultBranchName false"
2025-08-20T20:58:09.7411184Z Initialized empty Git repository in /home/runner/work/AWA-App/AWA-App/.git/
2025-08-20T20:58:09.7423727Z [command]/usr/bin/git remote add origin https://github.com/AlexBomber12/AWA-App
2025-08-20T20:58:09.7465321Z ##[endgroup]
2025-08-20T20:58:09.7466836Z ##[group]Disabling automatic garbage collection
2025-08-20T20:58:09.7468391Z [command]/usr/bin/git config --local gc.auto 0
2025-08-20T20:58:09.7502506Z ##[endgroup]
2025-08-20T20:58:09.7503999Z ##[group]Setting up auth
2025-08-20T20:58:09.7513039Z [command]/usr/bin/git config --local --name-only --get-regexp core\.sshCommand
2025-08-20T20:58:09.7548161Z [command]/usr/bin/git submodule foreach --recursive sh -c "git config --local --name-only --get-regexp 'core\.sshCommand' && git config --local --unset-all 'core.sshCommand' || :"
2025-08-20T20:58:09.7908212Z [command]/usr/bin/git config --local --name-only --get-regexp http\.https\:\/\/github\.com\/\.extraheader
2025-08-20T20:58:09.7938976Z [command]/usr/bin/git submodule foreach --recursive sh -c "git config --local --name-only --get-regexp 'http\.https\:\/\/github\.com\/\.extraheader' && git config --local --unset-all 'http.https://github.com/.extraheader' || :"
2025-08-20T20:58:09.8160532Z [command]/usr/bin/git config --local http.https://github.com/.extraheader AUTHORIZATION: basic ***
2025-08-20T20:58:09.8196855Z ##[endgroup]
2025-08-20T20:58:09.8205566Z ##[group]Fetching the repository
2025-08-20T20:58:09.8208153Z [command]/usr/bin/git -c protocol.version=2 fetch --no-tags --prune --no-recurse-submodules --depth=1 origin +044589ea059740eb2ac414fbac0f8ce45d8f19be:refs/remotes/pull/314/merge
2025-08-20T20:58:10.2809009Z From https://github.com/AlexBomber12/AWA-App
2025-08-20T20:58:10.2812032Z  * [new ref]         044589ea059740eb2ac414fbac0f8ce45d8f19be -> pull/314/merge
2025-08-20T20:58:10.2841509Z ##[endgroup]
2025-08-20T20:58:10.2843534Z ##[group]Determining the checkout info
2025-08-20T20:58:10.2845458Z ##[endgroup]
2025-08-20T20:58:10.2849585Z [command]/usr/bin/git sparse-checkout disable
2025-08-20T20:58:10.2890378Z [command]/usr/bin/git config --local --unset-all extensions.worktreeConfig
2025-08-20T20:58:10.2917641Z ##[group]Checking out the ref
2025-08-20T20:58:10.2921502Z [command]/usr/bin/git checkout --progress --force refs/remotes/pull/314/merge
2025-08-20T20:58:10.3277023Z Note: switching to 'refs/remotes/pull/314/merge'.
2025-08-20T20:58:10.3278513Z 
2025-08-20T20:58:10.3279647Z You are in 'detached HEAD' state. You can look around, make experimental
2025-08-20T20:58:10.3282018Z changes and commit them, and you can discard any commits you make in this
2025-08-20T20:58:10.3284235Z state without impacting any branches by switching back to a branch.
2025-08-20T20:58:10.3285731Z 
2025-08-20T20:58:10.3286645Z If you want to create a new branch to retain commits you create, you may
2025-08-20T20:58:10.3288422Z do so (now or later) by using -c with the switch command. Example:
2025-08-20T20:58:10.3289245Z 
2025-08-20T20:58:10.3289587Z   git switch -c <new-branch-name>
2025-08-20T20:58:10.3290163Z 
2025-08-20T20:58:10.3290772Z Or undo this operation with:
2025-08-20T20:58:10.3291302Z 
2025-08-20T20:58:10.3291769Z   git switch -
2025-08-20T20:58:10.3292197Z 
2025-08-20T20:58:10.3292893Z Turn off this advice by setting config variable advice.detachedHead to false
2025-08-20T20:58:10.3293964Z 
2025-08-20T20:58:10.3295267Z HEAD is now at 044589e Merge 9c5fce5c6fb72f74e6ffd3de03fd14a5bcbc3f2e into ab6f502f8f1e118648fd09a9b43864129ff65477
2025-08-20T20:58:10.3299050Z ##[endgroup]
2025-08-20T20:58:10.3324615Z [command]/usr/bin/git log -1 --format=%H
2025-08-20T20:58:10.3345007Z 044589ea059740eb2ac414fbac0f8ce45d8f19be
2025-08-20T20:58:10.3571971Z ##[group]Run echo "GITHUB_SHA=${GITHUB_SHA}" >> "$GITHUB_ENV"
2025-08-20T20:58:10.3573732Z [36;1mecho "GITHUB_SHA=${GITHUB_SHA}" >> "$GITHUB_ENV"[0m
2025-08-20T20:58:10.3651191Z shell: /usr/bin/bash -e {0}
2025-08-20T20:58:10.3652460Z ##[endgroup]
2025-08-20T20:58:10.3816239Z ##[group]Run export COMPOSE_DOCKER_CLI_BUILD=1 DOCKER_BUILDKIT=1
2025-08-20T20:58:10.3818121Z [36;1mexport COMPOSE_DOCKER_CLI_BUILD=1 DOCKER_BUILDKIT=1[0m
2025-08-20T20:58:10.3819683Z [36;1mdocker compose --progress=plain \[0m
2025-08-20T20:58:10.3820949Z [36;1m  -f docker-compose.yml \[0m
2025-08-20T20:58:10.3822323Z [36;1m  -f docker-compose.ci.yml \[0m
2025-08-20T20:58:10.3823590Z [36;1m  -f docker-compose.postgres.yml \[0m
2025-08-20T20:58:10.3824783Z [36;1m  build[0m
2025-08-20T20:58:10.3863342Z shell: /usr/bin/bash -e {0}
2025-08-20T20:58:10.3864331Z env:
2025-08-20T20:58:10.3865259Z   GITHUB_SHA: 044589ea059740eb2ac414fbac0f8ce45d8f19be
2025-08-20T20:58:10.3866517Z ##[endgroup]
2025-08-20T20:58:12.9032495Z #1 [internal] load local bake definitions
2025-08-20T20:58:13.0239791Z #1 reading from stdin 1.88kB done
2025-08-20T20:58:13.0240283Z #1 DONE 0.0s
2025-08-20T20:58:13.0240487Z 
2025-08-20T20:58:13.0240855Z #2 [etl internal] load build definition from Dockerfile
2025-08-20T20:58:13.1990051Z #2 transferring dockerfile: 1.15kB done
2025-08-20T20:58:13.1990795Z #2 DONE 0.0s
2025-08-20T20:58:13.1991045Z 
2025-08-20T20:58:13.1991234Z #3 [api internal] load build definition from Dockerfile
2025-08-20T20:58:13.1991894Z #3 transferring dockerfile: 1.48kB done
2025-08-20T20:58:13.1992243Z #3 DONE 0.0s
2025-08-20T20:58:13.1992384Z 
2025-08-20T20:58:13.1992574Z #4 [fees_h10 internal] load build definition from Dockerfile
2025-08-20T20:58:13.1992980Z #4 transferring dockerfile: 962B done
2025-08-20T20:58:13.1993305Z #4 DONE 0.0s
2025-08-20T20:58:13.1993470Z 
2025-08-20T20:58:13.1993661Z #5 [postgres internal] load build definition from Dockerfile
2025-08-20T20:58:13.1994068Z #5 transferring dockerfile: 807B done
2025-08-20T20:58:13.1994399Z #5 DONE 0.0s
2025-08-20T20:58:13.1994528Z 
2025-08-20T20:58:13.1994955Z #6 [etl] resolve image config for docker-image://docker.io/docker/dockerfile:1.6
2025-08-20T20:58:13.3593789Z #6 ...
2025-08-20T20:58:13.3594113Z 
2025-08-20T20:58:13.3594457Z #7 [auth] docker/dockerfile:pull token for registry-1.docker.io
2025-08-20T20:58:13.3594944Z #7 DONE 0.0s
2025-08-20T20:58:13.3595126Z 
2025-08-20T20:58:13.3595379Z #8 [auth] library/postgres:pull token for registry-1.docker.io
2025-08-20T20:58:13.3595840Z #8 DONE 0.0s
2025-08-20T20:58:13.5097217Z 
2025-08-20T20:58:13.5097849Z #9 [postgres internal] load metadata for docker.io/library/postgres:16
2025-08-20T20:58:13.8677776Z #9 DONE 0.7s
2025-08-20T20:58:13.8678042Z 
2025-08-20T20:58:13.8678608Z #6 [fees_h10] resolve image config for docker-image://docker.io/docker/dockerfile:1.6
2025-08-20T20:58:13.8679191Z #6 DONE 0.7s
2025-08-20T20:58:13.8679372Z 
2025-08-20T20:58:13.8679533Z #10 [postgres internal] load .dockerignore
2025-08-20T20:58:13.8679962Z #10 transferring context: 265B done
2025-08-20T20:58:13.8680322Z #10 DONE 0.0s
2025-08-20T20:58:13.8680491Z 
2025-08-20T20:58:13.8680650Z #11 [postgres internal] load build context
2025-08-20T20:58:13.8681073Z #11 transferring context: 582B done
2025-08-20T20:58:13.8681503Z #11 DONE 0.0s
2025-08-20T20:58:13.8681934Z 
2025-08-20T20:58:13.8682702Z #12 [celery_worker] docker-image://docker.io/docker/dockerfile:1.6@sha256:ac85f380a63b13dfcefa89046420e1781752bab202122f8f50032edf31be0021
2025-08-20T20:58:13.8684205Z #12 resolve docker.io/docker/dockerfile:1.6@sha256:ac85f380a63b13dfcefa89046420e1781752bab202122f8f50032edf31be0021 done
2025-08-20T20:58:13.8684953Z #12 sha256:a17ee7fff8f5e97b974f5b48f51647d2cf28d543f2aa6c11aaa0ea431b44bb89 1.27kB / 1.27kB done
2025-08-20T20:58:13.8685653Z #12 sha256:9d9c93f4b00be908ab694a4df732570bced3b8a96b7515d70ff93402179ad232 0B / 11.80MB 0.1s
2025-08-20T20:58:13.8686281Z #12 sha256:ac85f380a63b13dfcefa89046420e1781752bab202122f8f50032edf31be0021 8.40kB / 8.40kB done
2025-08-20T20:58:13.8686906Z #12 sha256:657fcc512c7369f4cb3d94ea329150f8daf626bc838b1a1e81f1834c73ecc77e 482B / 482B done
2025-08-20T20:58:14.0107489Z #12 sha256:a17ee7fff8f5e97b974f5b48f51647d2cf28d543f2aa6c11aaa0ea431b44bb89 1.27kB / 1.27kB done
2025-08-20T20:58:14.0108573Z #12 sha256:9d9c93f4b00be908ab694a4df732570bced3b8a96b7515d70ff93402179ad232 7.34MB / 11.80MB 0.2s
2025-08-20T20:58:14.0109297Z #12 sha256:ac85f380a63b13dfcefa89046420e1781752bab202122f8f50032edf31be0021 8.40kB / 8.40kB done
2025-08-20T20:58:14.0109975Z #12 sha256:657fcc512c7369f4cb3d94ea329150f8daf626bc838b1a1e81f1834c73ecc77e 482B / 482B done
2025-08-20T20:58:14.1672264Z #12 sha256:9d9c93f4b00be908ab694a4df732570bced3b8a96b7515d70ff93402179ad232 11.80MB / 11.80MB 0.3s done
2025-08-20T20:58:14.1673696Z #12 extracting sha256:9d9c93f4b00be908ab694a4df732570bced3b8a96b7515d70ff93402179ad232
2025-08-20T20:58:14.3133856Z #12 sha256:9d9c93f4b00be908ab694a4df732570bced3b8a96b7515d70ff93402179ad232 11.80MB / 11.80MB 0.3s done
2025-08-20T20:58:14.3137135Z #12 extracting sha256:9d9c93f4b00be908ab694a4df732570bced3b8a96b7515d70ff93402179ad232 0.1s done
2025-08-20T20:58:14.3137929Z #12 DONE 0.5s
2025-08-20T20:58:14.3138162Z 
2025-08-20T20:58:14.3138840Z #13 [postgres 1/6] FROM docker.io/library/postgres:16@sha256:66a5efb5677ffac1037774a0e141fd3a4c035c9c0c0e624c9cc980dfa10f45e5
2025-08-20T20:58:14.3140258Z #13 resolve docker.io/library/postgres:16@sha256:66a5efb5677ffac1037774a0e141fd3a4c035c9c0c0e624c9cc980dfa10f45e5 done
2025-08-20T20:58:14.3141513Z #13 sha256:fb850b0e3049060bf4eb46c8806d7ceea916d67e5cc56d6b295511e27463e56b 1.17kB / 1.17kB 0.2s done
2025-08-20T20:58:14.3151302Z #13 sha256:3084fa1fadd59e7633ec56d318f1e4de01be744f446c5c35df7cd801fbc34894 3.63kB / 3.63kB done
2025-08-20T20:58:14.3152699Z #13 sha256:4b802c5161ddfa2ae4beac272c4e24aa5e162a20451c8489cbb952a88507732f 9.89kB / 9.89kB done
2025-08-20T20:58:14.3153915Z #13 sha256:66a5efb5677ffac1037774a0e141fd3a4c035c9c0c0e624c9cc980dfa10f45e5 10.24kB / 10.24kB done
2025-08-20T20:58:14.3155000Z #13 sha256:396b1da7636e2dcd10565cb4f2f952cbb4a8a38b58d3b86a2cacb172fb70117c 20.97MB / 29.77MB 0.5s
2025-08-20T20:58:14.3156115Z #13 sha256:7f09385d08f9e8f578f9dad57582fff30d6ca3ef0f4d66ab5e1bf92c88862341 6.44MB / 6.44MB 0.5s done
2025-08-20T20:58:14.3157372Z #13 sha256:534f45d26d937460abe84bd086361a04c27e624a23f9384ff13f11c24c64c7bb 0B / 1.45MB 0.5s
2025-08-20T20:58:14.3158409Z #13 sha256:2b6532633f5d125e9a709f56f26af5a07390c859a5c77142b74da1d4e3c79fee 0B / 8.20MB 0.5s
2025-08-20T20:58:14.4272500Z #13 ...
2025-08-20T20:58:14.4274559Z 
2025-08-20T20:58:14.4375552Z #14 [celery_worker internal] load build definition from Dockerfile
2025-08-20T20:58:14.4376226Z #14 transferring dockerfile: 1.15kB done
2025-08-20T20:58:14.4376642Z #14 DONE 0.0s
2025-08-20T20:58:14.4376819Z 
2025-08-20T20:58:14.4377045Z #15 [etl internal] load build definition from Dockerfile
2025-08-20T20:58:14.4377573Z #15 transferring dockerfile: 1.15kB done
2025-08-20T20:58:14.4377967Z #15 DONE 0.0s
2025-08-20T20:58:14.4378147Z 
2025-08-20T20:58:14.4378759Z #13 [postgres 1/6] FROM docker.io/library/postgres:16@sha256:66a5efb5677ffac1037774a0e141fd3a4c035c9c0c0e624c9cc980dfa10f45e5
2025-08-20T20:58:14.4380087Z #13 sha256:396b1da7636e2dcd10565cb4f2f952cbb4a8a38b58d3b86a2cacb172fb70117c 29.77MB / 29.77MB 0.6s done
2025-08-20T20:58:14.4381212Z #13 sha256:534f45d26d937460abe84bd086361a04c27e624a23f9384ff13f11c24c64c7bb 1.45MB / 1.45MB 0.5s done
2025-08-20T20:58:14.4389369Z #13 sha256:2b6532633f5d125e9a709f56f26af5a07390c859a5c77142b74da1d4e3c79fee 1.05MB / 8.20MB 0.6s
2025-08-20T20:58:14.4390912Z #13 sha256:320fa150e60fca9bb108771a06f08d5464ad8b7474b7bf3f4b44d723b686ee72 0B / 1.31MB 0.6s
2025-08-20T20:58:14.4392112Z #13 sha256:19947f6cc5d3035f6c922fa1d6047c79e044256ad948080adb59cec60717b9f8 0B / 116B 0.6s
2025-08-20T20:58:14.4393967Z #13 extracting sha256:396b1da7636e2dcd10565cb4f2f952cbb4a8a38b58d3b86a2cacb172fb70117c
2025-08-20T20:58:14.5347853Z #13 ...
2025-08-20T20:58:14.5348674Z 
2025-08-20T20:58:14.5349155Z #16 [auth] library/python:pull token for registry-1.docker.io
2025-08-20T20:58:14.5349726Z #16 DONE 0.0s
2025-08-20T20:58:14.5349924Z 
2025-08-20T20:58:14.5350522Z #13 [postgres 1/6] FROM docker.io/library/postgres:16@sha256:66a5efb5677ffac1037774a0e141fd3a4c035c9c0c0e624c9cc980dfa10f45e5
2025-08-20T20:58:14.5352177Z #13 sha256:2b6532633f5d125e9a709f56f26af5a07390c859a5c77142b74da1d4e3c79fee 7.34MB / 8.20MB 0.7s
2025-08-20T20:58:14.5353261Z #13 sha256:320fa150e60fca9bb108771a06f08d5464ad8b7474b7bf3f4b44d723b686ee72 1.31MB / 1.31MB 0.6s done
2025-08-20T20:58:14.5354362Z #13 sha256:19947f6cc5d3035f6c922fa1d6047c79e044256ad948080adb59cec60717b9f8 116B / 116B 0.7s done
2025-08-20T20:58:14.5355268Z #13 sha256:e787bdd7824bfcb30d11087160de825f724620c952958f4f725c13421499b724 0B / 3.14kB 0.7s
2025-08-20T20:58:14.5356219Z #13 sha256:a1e4ad56dcecf442fba1cec05cd565ededfdc663e5172df9ef9394d96d4c96f8 0B / 113.19MB 0.7s
2025-08-20T20:58:14.6512562Z #13 sha256:2b6532633f5d125e9a709f56f26af5a07390c859a5c77142b74da1d4e3c79fee 8.20MB / 8.20MB 0.7s done
2025-08-20T20:58:14.6513548Z #13 sha256:e787bdd7824bfcb30d11087160de825f724620c952958f4f725c13421499b724 3.14kB / 3.14kB 0.7s done
2025-08-20T20:58:14.6514135Z #13 sha256:987c1b4919ea2d87df20824aaef43a9de0575ac7df684579ad267c7e48c8eeea 0B / 10.01kB 0.8s
2025-08-20T20:58:14.6514813Z #13 sha256:a858bd6d34e86a481a2e028e3ba489e662b3ac7713eba9a5d3bb97002c7d797e 0B / 128B 0.8s
2025-08-20T20:58:14.7540381Z #13 sha256:987c1b4919ea2d87df20824aaef43a9de0575ac7df684579ad267c7e48c8eeea 10.01kB / 10.01kB 0.8s done
2025-08-20T20:58:14.7542307Z #13 sha256:a858bd6d34e86a481a2e028e3ba489e662b3ac7713eba9a5d3bb97002c7d797e 128B / 128B 0.8s done
2025-08-20T20:58:14.7543800Z #13 sha256:f1b3502db45ad485f0affe43e32fc81d699ddac01c023f198271a0a7e1cecd4c 0B / 169B 0.9s
2025-08-20T20:58:14.7546134Z #13 sha256:25ef78fb127c1934630de29a3d38f46e544360b1dcf5cfc09b25507fbe88fd75 5.92kB / 5.92kB 0.9s done
2025-08-20T20:58:14.7547224Z #13 sha256:240810240d04caaaccb11d51ba7c3a7f7d6f470ec2a80ee420a3d33899d9a303 0B / 184B 0.9s
2025-08-20T20:58:14.8647145Z #13 sha256:a1e4ad56dcecf442fba1cec05cd565ededfdc663e5172df9ef9394d96d4c96f8 11.53MB / 113.19MB 1.0s
2025-08-20T20:58:14.8648171Z #13 sha256:f1b3502db45ad485f0affe43e32fc81d699ddac01c023f198271a0a7e1cecd4c 169B / 169B 0.9s done
2025-08-20T20:58:14.9718297Z #13 sha256:240810240d04caaaccb11d51ba7c3a7f7d6f470ec2a80ee420a3d33899d9a303 184B / 184B 1.0s done
2025-08-20T20:58:15.1103243Z #13 ...
2025-08-20T20:58:15.1103515Z 
2025-08-20T20:58:15.1103760Z #17 [fees_h10 internal] load metadata for docker.io/library/python:3.12-slim
2025-08-20T20:58:15.1104132Z #17 DONE 0.6s
2025-08-20T20:58:15.1104245Z 
2025-08-20T20:58:15.1104349Z #18 [fees_h10 internal] load .dockerignore
2025-08-20T20:58:15.1104609Z #18 transferring context: 2B done
2025-08-20T20:58:15.1104839Z #18 DONE 0.0s
2025-08-20T20:58:15.1104939Z 
2025-08-20T20:58:15.1105043Z #19 [celery_worker internal] load .dockerignore
2025-08-20T20:58:15.1105326Z #19 transferring context: 265B done
2025-08-20T20:58:15.1105551Z #19 DONE 0.0s
2025-08-20T20:58:15.1105658Z 
2025-08-20T20:58:15.1105749Z #20 [etl internal] load .dockerignore
2025-08-20T20:58:15.1105992Z #20 transferring context: 265B done
2025-08-20T20:58:15.1106216Z #20 DONE 0.0s
2025-08-20T20:58:15.1106317Z 
2025-08-20T20:58:15.1106416Z #21 [api internal] load .dockerignore
2025-08-20T20:58:15.1106672Z #21 transferring context: 265B done
2025-08-20T20:58:15.1106894Z #21 DONE 0.0s
2025-08-20T20:58:15.1527821Z 
2025-08-20T20:58:15.1528484Z #13 [postgres 1/6] FROM docker.io/library/postgres:16@sha256:66a5efb5677ffac1037774a0e141fd3a4c035c9c0c0e624c9cc980dfa10f45e5
2025-08-20T20:58:15.1529799Z #13 sha256:a1e4ad56dcecf442fba1cec05cd565ededfdc663e5172df9ef9394d96d4c96f8 25.17MB / 113.19MB 1.3s
2025-08-20T20:58:15.6107935Z #13 sha256:a1e4ad56dcecf442fba1cec05cd565ededfdc663e5172df9ef9394d96d4c96f8 34.60MB / 113.19MB 1.8s
2025-08-20T20:58:15.8519816Z #13 ...
2025-08-20T20:58:15.8520140Z 
2025-08-20T20:58:15.8520349Z #22 [fees_h10 internal] load build context
2025-08-20T20:58:15.8520826Z #22 transferring context: 8.31kB 0.0s done
2025-08-20T20:58:15.8521249Z #22 DONE 0.0s
2025-08-20T20:58:15.8521439Z 
2025-08-20T20:58:15.8521808Z #23 [celery_worker internal] load build context
2025-08-20T20:58:15.8522277Z #23 transferring context: 25.47kB 0.0s done
2025-08-20T20:58:15.8523023Z #23 DONE 0.0s
2025-08-20T20:58:15.8523214Z 
2025-08-20T20:58:15.8523367Z #24 [api internal] load build context
2025-08-20T20:58:15.8523808Z #24 transferring context: 157.28kB 0.0s done
2025-08-20T20:58:15.8524186Z #24 DONE 0.0s
2025-08-20T20:58:15.8524356Z 
2025-08-20T20:58:15.8524490Z #25 [etl internal] load build context
2025-08-20T20:58:15.8524891Z #25 transferring context: 25.47kB 0.0s done
2025-08-20T20:58:15.8525260Z #25 DONE 0.0s
2025-08-20T20:58:15.8525415Z 
2025-08-20T20:58:15.8526019Z #13 [postgres 1/6] FROM docker.io/library/postgres:16@sha256:66a5efb5677ffac1037774a0e141fd3a4c035c9c0c0e624c9cc980dfa10f45e5
2025-08-20T20:58:15.8527274Z #13 sha256:a1e4ad56dcecf442fba1cec05cd565ededfdc663e5172df9ef9394d96d4c96f8 41.94MB / 113.19MB 2.0s
2025-08-20T20:58:15.9636536Z #13 extracting sha256:396b1da7636e2dcd10565cb4f2f952cbb4a8a38b58d3b86a2cacb172fb70117c 1.5s done
2025-08-20T20:58:16.0716241Z #13 sha256:a1e4ad56dcecf442fba1cec05cd565ededfdc663e5172df9ef9394d96d4c96f8 50.33MB / 113.19MB 2.2s
2025-08-20T20:58:16.0717761Z #13 extracting sha256:fb850b0e3049060bf4eb46c8806d7ceea916d67e5cc56d6b295511e27463e56b done
2025-08-20T20:58:16.0722399Z #13 extracting sha256:7f09385d08f9e8f578f9dad57582fff30d6ca3ef0f4d66ab5e1bf92c88862341
2025-08-20T20:58:16.1717078Z #13 sha256:a1e4ad56dcecf442fba1cec05cd565ededfdc663e5172df9ef9394d96d4c96f8 58.72MB / 113.19MB 2.3s
2025-08-20T20:58:16.1719336Z #13 extracting sha256:7f09385d08f9e8f578f9dad57582fff30d6ca3ef0f4d66ab5e1bf92c88862341 0.1s done
2025-08-20T20:58:16.2917735Z #13 sha256:a1e4ad56dcecf442fba1cec05cd565ededfdc663e5172df9ef9394d96d4c96f8 67.11MB / 113.19MB 2.4s
2025-08-20T20:58:16.2919080Z #13 extracting sha256:534f45d26d937460abe84bd086361a04c27e624a23f9384ff13f11c24c64c7bb 0.0s done
2025-08-20T20:58:16.2920188Z #13 extracting sha256:2b6532633f5d125e9a709f56f26af5a07390c859a5c77142b74da1d4e3c79fee
2025-08-20T20:58:16.4029070Z #13 sha256:a1e4ad56dcecf442fba1cec05cd565ededfdc663e5172df9ef9394d96d4c96f8 74.45MB / 113.19MB 2.5s
2025-08-20T20:58:16.5109320Z #13 sha256:a1e4ad56dcecf442fba1cec05cd565ededfdc663e5172df9ef9394d96d4c96f8 88.08MB / 113.19MB 2.7s
2025-08-20T20:58:16.6118994Z #13 sha256:a1e4ad56dcecf442fba1cec05cd565ededfdc663e5172df9ef9394d96d4c96f8 98.57MB / 113.19MB 2.8s
2025-08-20T20:58:16.7215827Z #13 extracting sha256:2b6532633f5d125e9a709f56f26af5a07390c859a5c77142b74da1d4e3c79fee 0.4s done
2025-08-20T20:58:16.7217004Z #13 extracting sha256:320fa150e60fca9bb108771a06f08d5464ad8b7474b7bf3f4b44d723b686ee72
2025-08-20T20:58:16.8350388Z #13 sha256:a1e4ad56dcecf442fba1cec05cd565ededfdc663e5172df9ef9394d96d4c96f8 111.15MB / 113.19MB 3.0s
2025-08-20T20:58:16.8352235Z #13 extracting sha256:320fa150e60fca9bb108771a06f08d5464ad8b7474b7bf3f4b44d723b686ee72 0.1s done
2025-08-20T20:58:16.8353947Z #13 extracting sha256:19947f6cc5d3035f6c922fa1d6047c79e044256ad948080adb59cec60717b9f8
2025-08-20T20:58:16.9439064Z #13 sha256:a1e4ad56dcecf442fba1cec05cd565ededfdc663e5172df9ef9394d96d4c96f8 113.19MB / 113.19MB 3.0s done
2025-08-20T20:58:16.9440271Z #13 extracting sha256:19947f6cc5d3035f6c922fa1d6047c79e044256ad948080adb59cec60717b9f8 done
2025-08-20T20:58:16.9441241Z #13 extracting sha256:e787bdd7824bfcb30d11087160de825f724620c952958f4f725c13421499b724 done
2025-08-20T20:58:16.9444492Z #13 extracting sha256:a1e4ad56dcecf442fba1cec05cd565ededfdc663e5172df9ef9394d96d4c96f8
2025-08-20T20:58:17.5181739Z #13 ...
2025-08-20T20:58:17.5182296Z 
2025-08-20T20:58:17.5183452Z #26 [celery_worker stage-1 1/5] FROM docker.io/library/python:3.12-slim@sha256:d67a7b66b989ad6b6d6b10d428dcc5e0bfc3e5f88906e67d490c4d3daac57047
2025-08-20T20:58:17.5187431Z #26 resolve docker.io/library/python:3.12-slim@sha256:d67a7b66b989ad6b6d6b10d428dcc5e0bfc3e5f88906e67d490c4d3daac57047 done
2025-08-20T20:58:17.5189617Z #26 extracting sha256:396b1da7636e2dcd10565cb4f2f952cbb4a8a38b58d3b86a2cacb172fb70117c 0.2s done
2025-08-20T20:58:17.5192255Z #26 sha256:d67a7b66b989ad6b6d6b10d428dcc5e0bfc3e5f88906e67d490c4d3daac57047 10.37kB / 10.37kB done
2025-08-20T20:58:17.5210833Z #26 sha256:8f3d1de1b41cd7340a89b024d6f7a10043f7b0d07d97eb36ba76f22fcfa9a235 1.75kB / 1.75kB done
2025-08-20T20:58:17.5212096Z #26 sha256:bad5eac7befe06d25bef9d4d894d7467355bac08745c745a88977774933fa032 5.58kB / 5.58kB done
2025-08-20T20:58:17.5213187Z #26 sha256:396b1da7636e2dcd10565cb4f2f952cbb4a8a38b58d3b86a2cacb172fb70117c 29.77MB / 29.77MB done
2025-08-20T20:58:17.5214255Z #26 sha256:5d587318e932a89b94608393c99dd30ee5092a6991c1656f717bd4f4e13d60df 1.29MB / 1.29MB 0.2s done
2025-08-20T20:58:17.5215372Z #26 sha256:e5c05dcf47fbdb2f18dc242ad1b7f48fbd3813c0027ffcfb8e81e4aa7e0965f4 12.11MB / 12.11MB 0.7s done
2025-08-20T20:58:17.5216448Z #26 extracting sha256:5d587318e932a89b94608393c99dd30ee5092a6991c1656f717bd4f4e13d60df 0.2s done
2025-08-20T20:58:17.5217484Z #26 sha256:d76206d463c08ba2a3f7bbab2de2a933ad73f33ab4ab813eafe50c9dff9edc12 251B / 251B 0.3s done
2025-08-20T20:58:17.5218536Z #26 extracting sha256:e5c05dcf47fbdb2f18dc242ad1b7f48fbd3813c0027ffcfb8e81e4aa7e0965f4 0.8s done
2025-08-20T20:58:17.5219567Z #26 extracting sha256:d76206d463c08ba2a3f7bbab2de2a933ad73f33ab4ab813eafe50c9dff9edc12 done
2025-08-20T20:58:17.5220263Z #26 DONE 1.6s
2025-08-20T20:58:17.5220436Z 
2025-08-20T20:58:17.5220581Z #27 [etl stage-1 2/5] WORKDIR /app
2025-08-20T20:58:17.5220950Z #27 DONE 0.0s
2025-08-20T20:58:17.5221115Z 
2025-08-20T20:58:17.5221397Z #28 [api base  3/13] COPY services/api/requirements.txt ./requirements.txt
2025-08-20T20:58:17.5222069Z #28 DONE 0.0s
2025-08-20T20:58:17.5222234Z 
2025-08-20T20:58:17.5222617Z #29 [etl base 3/5] COPY services/etl/requirements*.txt services/etl/constraints.txt ./
2025-08-20T20:58:17.5223237Z #29 DONE 0.0s
2025-08-20T20:58:17.5223405Z 
2025-08-20T20:58:17.5223683Z #30 [fees_h10 base 3/6] COPY requirements*.txt constraints.txt ./fees_h10/
2025-08-20T20:58:17.5224206Z #30 DONE 0.0s
2025-08-20T20:58:17.5224375Z 
2025-08-20T20:58:17.5224966Z #13 [postgres 1/6] FROM docker.io/library/postgres:16@sha256:66a5efb5677ffac1037774a0e141fd3a4c035c9c0c0e624c9cc980dfa10f45e5
2025-08-20T20:58:22.1588073Z #13 extracting sha256:a1e4ad56dcecf442fba1cec05cd565ededfdc663e5172df9ef9394d96d4c96f8 5.2s
2025-08-20T20:58:22.5139197Z #13 extracting sha256:a1e4ad56dcecf442fba1cec05cd565ededfdc663e5172df9ef9394d96d4c96f8 5.5s done
2025-08-20T20:58:22.6318464Z #13 extracting sha256:987c1b4919ea2d87df20824aaef43a9de0575ac7df684579ad267c7e48c8eeea done
2025-08-20T20:58:23.2786129Z #13 extracting sha256:a858bd6d34e86a481a2e028e3ba489e662b3ac7713eba9a5d3bb97002c7d797e done
2025-08-20T20:58:23.2806209Z #13 extracting sha256:f1b3502db45ad485f0affe43e32fc81d699ddac01c023f198271a0a7e1cecd4c done
2025-08-20T20:58:23.2807710Z #13 extracting sha256:25ef78fb127c1934630de29a3d38f46e544360b1dcf5cfc09b25507fbe88fd75 done
2025-08-20T20:58:23.2808781Z #13 extracting sha256:240810240d04caaaccb11d51ba7c3a7f7d6f470ec2a80ee420a3d33899d9a303 done
2025-08-20T20:58:23.3897985Z #13 DONE 9.5s
2025-08-20T20:58:23.3898230Z 
2025-08-20T20:58:23.3899495Z #31 [postgres 2/6] RUN set -eux;     if [ -f /etc/apt/sources.list ]; then         sed -i 's|http://deb.debian.org|https://deb.debian.org|g' /etc/apt/sources.list;     fi;     apt-get update;     apt-get install -y locales;     locale-gen en_US.UTF-8;     rm -rf /var/lib/apt/lists/*
2025-08-20T20:58:23.6012878Z #31 0.181 + [ -f /etc/apt/sources.list ]
2025-08-20T20:58:23.6013630Z #31 0.181 + apt-get update
2025-08-20T20:58:23.6014172Z #31 0.254 Get:1 http://deb.debian.org/debian trixie InRelease [138 kB]
2025-08-20T20:58:23.7094118Z #31 0.294 Get:2 http://apt.postgresql.org/pub/repos/apt trixie-pgdg InRelease [107 kB]
2025-08-20T20:58:23.7096855Z #31 0.298 Get:3 http://deb.debian.org/debian trixie-updates InRelease [47.1 kB]
2025-08-20T20:58:23.7097847Z #31 0.316 Get:4 http://deb.debian.org/debian-security trixie-security InRelease [43.4 kB]
2025-08-20T20:58:23.7098806Z #31 0.346 Get:5 http://deb.debian.org/debian trixie/main amd64 Packages [9,668 kB]
2025-08-20T20:58:23.7099740Z #31 0.363 Get:6 http://apt.postgresql.org/pub/repos/apt trixie-pgdg/main amd64 Packages [334 kB]
2025-08-20T20:58:23.8216165Z #31 0.423 Get:7 http://apt.postgresql.org/pub/repos/apt trixie-pgdg/16 amd64 Packages [2,574 B]
2025-08-20T20:58:23.8217206Z #31 0.446 Get:8 http://deb.debian.org/debian trixie-updates/main amd64 Packages [2,432 B]
2025-08-20T20:58:23.8218186Z #31 0.446 Get:9 http://deb.debian.org/debian-security trixie-security/main amd64 Packages [20.5 kB]
2025-08-20T20:58:24.8334606Z #31 1.379 Fetched 10.4 MB in 1s (8,931 kB/s)
2025-08-20T20:58:25.6236065Z #31 1.379 Reading package lists...
2025-08-20T20:58:25.6236916Z #31 2.213 + apt-get install -y locales
2025-08-20T20:58:26.5487245Z #31 2.227 Reading package lists...
2025-08-20T20:58:26.8430148Z #31 3.148 Building dependency tree...
2025-08-20T20:58:26.8454437Z #31 3.407 Reading state information...
2025-08-20T20:58:27.0734668Z #31 3.740 locales is already the newest version (2.41-12).
2025-08-20T20:58:27.0735873Z #31 3.740 0 upgraded, 0 newly installed, 0 to remove and 1 not upgraded.
2025-08-20T20:58:27.1737669Z 
2025-08-20T20:58:27.1738302Z #31 ...
2025-08-20T20:58:27.1738716Z 
2025-08-20T20:58:27.1740195Z #32 [api stage-1 3/6] RUN set -eux;     if [ -f /etc/apt/sources.list ]; then         sed -i 's|http://deb.debian.org|https://deb.debian.org|g' /etc/apt/sources.list;     fi;     apt-get update;     apt-get install -y --no-install-recommends tzdata postgresql-client curl;     rm -rf /var/lib/apt/lists/*
2025-08-20T20:58:27.1742607Z #32 0.290 + [ -f /etc/apt/sources.list ]
2025-08-20T20:58:27.1743175Z #32 0.290 + apt-get update
2025-08-20T20:58:27.1743789Z #32 0.404 Hit:1 http://deb.debian.org/debian trixie InRelease
2025-08-20T20:58:27.1745098Z #32 0.404 Get:2 http://deb.debian.org/debian trixie-updates InRelease [47.1 kB]
2025-08-20T20:58:27.1746374Z #32 0.440 Get:3 http://deb.debian.org/debian-security trixie-security InRelease [43.4 kB]
2025-08-20T20:58:27.1747265Z #32 0.470 Get:4 http://deb.debian.org/debian trixie/main amd64 Packages [9668 kB]
2025-08-20T20:58:27.1748050Z #32 0.684 Get:5 http://deb.debian.org/debian trixie-updates/main amd64 Packages [2432 B]
2025-08-20T20:58:27.1748992Z #32 0.685 Get:6 http://deb.debian.org/debian-security trixie-security/main amd64 Packages [20.5 kB]
2025-08-20T20:58:27.1749691Z #32 1.651 Fetched 9781 kB in 1s (7448 kB/s)
2025-08-20T20:58:27.1750141Z #32 1.651 Reading package lists...
2025-08-20T20:58:27.1750753Z #32 2.464 + apt-get install -y --no-install-recommends tzdata postgresql-client curl
2025-08-20T20:58:27.1751374Z #32 2.494 Reading package lists...
2025-08-20T20:58:27.1751992Z #32 3.313 Building dependency tree...
2025-08-20T20:58:27.1752394Z #32 3.510 Reading state information...
2025-08-20T20:58:27.1752872Z #32 3.707 tzdata is already the newest version (2025b-4).
2025-08-20T20:58:27.1753435Z #32 3.707 The following additional packages will be installed:
2025-08-20T20:58:27.1754117Z #32 3.707   libbrotli1 libcom-err2 libcurl4t64 libgdbm-compat4t64 libgnutls30t64
2025-08-20T20:58:27.1754855Z #32 3.708   libgssapi-krb5-2 libidn2-0 libk5crypto3 libkeyutils1 libkrb5-3
2025-08-20T20:58:27.1755717Z #32 3.708   libkrb5support0 libldap2 libnghttp2-14 libnghttp3-9 libp11-kit0 libperl5.40
2025-08-20T20:58:27.1756634Z #32 3.708   libpq5 libpsl5t64 librtmp1 libsasl2-2 libsasl2-modules-db libssh2-1t64
2025-08-20T20:58:27.1757851Z #32 3.708   libtasn1-6 libunistring5 perl perl-modules-5.40 postgresql-client-17
2025-08-20T20:58:27.1758577Z #32 3.709   postgresql-client-common sensible-utils
2025-08-20T20:58:27.1759084Z #32 3.710 Suggested packages:
2025-08-20T20:58:27.1759648Z #32 3.710   gnutls-bin krb5-doc krb5-user perl-doc libterm-readline-gnu-perl
2025-08-20T20:58:27.1760482Z #32 3.710   | libterm-readline-perl-perl make libtap-harness-archive-perl postgresql-17
2025-08-20T20:58:27.1761192Z #32 3.710   postgresql-doc-17
2025-08-20T20:58:27.1761771Z #32 3.710 Recommended packages:
2025-08-20T20:58:27.1762463Z #32 3.710   bash-completion krb5-locales libldap-common publicsuffix libsasl2-modules
2025-08-20T20:58:27.1763236Z #32 3.975 The following NEW packages will be installed:
2025-08-20T20:58:27.1763967Z #32 3.975   curl libbrotli1 libcom-err2 libcurl4t64 libgdbm-compat4t64 libgnutls30t64
2025-08-20T20:58:27.1765088Z #32 3.975   libgssapi-krb5-2 libidn2-0 libk5crypto3 libkeyutils1 libkrb5-3
2025-08-20T20:58:27.1766019Z #32 3.976   libkrb5support0 libldap2 libnghttp2-14 libnghttp3-9 libp11-kit0 libperl5.40
2025-08-20T20:58:27.1766835Z #32 3.976   libpq5 libpsl5t64 librtmp1 libsasl2-2 libsasl2-modules-db libssh2-1t64
2025-08-20T20:58:27.1767500Z #32 3.976   libtasn1-6 libunistring5 perl perl-modules-5.40 postgresql-client
2025-08-20T20:58:27.1768142Z #32 3.977   postgresql-client-17 postgresql-client-common sensible-utils
2025-08-20T20:58:27.1768745Z #32 4.048 0 upgraded, 31 newly installed, 0 to remove and 0 not upgraded.
2025-08-20T20:58:27.1769224Z #32 4.048 Need to get 14.9 MB of archives.
2025-08-20T20:58:27.1769736Z #32 4.048 After this operation, 78.1 MB of additional disk space will be used.
2025-08-20T20:58:27.1770484Z #32 4.048 Get:1 http://deb.debian.org/debian trixie/main amd64 sensible-utils all 0.0.25 [25.0 kB]
2025-08-20T20:58:27.1771320Z #32 4.066 Get:2 http://deb.debian.org/debian trixie/main amd64 perl-modules-5.40 all 5.40.1-6 [3019 kB]
2025-08-20T20:58:27.1772428Z #32 4.152 Get:3 http://deb.debian.org/debian trixie/main amd64 libgdbm-compat4t64 amd64 1.24-2 [50.3 kB]
2025-08-20T20:58:27.1773256Z #32 4.153 Get:4 http://deb.debian.org/debian trixie/main amd64 libperl5.40 amd64 5.40.1-6 [4341 kB]
2025-08-20T20:58:27.1774003Z #32 4.181 Get:5 http://deb.debian.org/debian trixie/main amd64 perl amd64 5.40.1-6 [267 kB]
2025-08-20T20:58:27.1774755Z #32 4.181 Get:6 http://deb.debian.org/debian trixie/main amd64 libbrotli1 amd64 1.1.0-2+b7 [307 kB]
2025-08-20T20:58:27.1775550Z #32 4.183 Get:7 http://deb.debian.org/debian trixie/main amd64 libkrb5support0 amd64 1.21.3-5 [33.0 kB]
2025-08-20T20:58:27.1776352Z #32 4.183 Get:8 http://deb.debian.org/debian trixie/main amd64 libcom-err2 amd64 1.47.2-3+b3 [25.0 kB]
2025-08-20T20:58:27.1777159Z #32 4.185 Get:9 http://deb.debian.org/debian trixie/main amd64 libk5crypto3 amd64 1.21.3-5 [81.5 kB]
2025-08-20T20:58:27.1777943Z #32 4.187 Get:10 http://deb.debian.org/debian trixie/main amd64 libkeyutils1 amd64 1.6.3-6 [9456 B]
2025-08-20T20:58:27.1778712Z #32 4.189 Get:11 http://deb.debian.org/debian trixie/main amd64 libkrb5-3 amd64 1.21.3-5 [326 kB]
2025-08-20T20:58:27.1779579Z #32 4.190 Get:12 http://deb.debian.org/debian trixie/main amd64 libgssapi-krb5-2 amd64 1.21.3-5 [138 kB]
2025-08-20T20:58:27.1780435Z #32 4.193 Get:13 http://deb.debian.org/debian trixie/main amd64 libunistring5 amd64 1.3-2 [477 kB]
2025-08-20T20:58:27.1781230Z #32 4.194 Get:14 http://deb.debian.org/debian trixie/main amd64 libidn2-0 amd64 2.3.8-2 [109 kB]
2025-08-20T20:58:27.1782297Z #32 4.215 Get:15 http://deb.debian.org/debian trixie/main amd64 libsasl2-modules-db amd64 2.1.28+dfsg1-9 [19.8 kB]
2025-08-20T20:58:27.1783186Z #32 4.221 Get:16 http://deb.debian.org/debian trixie/main amd64 libsasl2-2 amd64 2.1.28+dfsg1-9 [57.5 kB]
2025-08-20T20:58:27.1784001Z #32 4.221 Get:17 http://deb.debian.org/debian trixie/main amd64 libldap2 amd64 2.6.10+dfsg-1 [194 kB]
2025-08-20T20:58:27.1784806Z #32 4.221 Get:18 http://deb.debian.org/debian trixie/main amd64 libnghttp2-14 amd64 1.64.0-1.1 [76.0 kB]
2025-08-20T20:58:27.1785828Z #32 4.223 Get:19 http://deb.debian.org/debian trixie/main amd64 libnghttp3-9 amd64 1.8.0-1 [67.7 kB]
2025-08-20T20:58:27.1786685Z #32 4.224 Get:20 http://deb.debian.org/debian trixie/main amd64 libpsl5t64 amd64 0.21.2-1.1+b1 [57.2 kB]
2025-08-20T20:58:27.1787487Z #32 4.225 Get:21 http://deb.debian.org/debian trixie/main amd64 libp11-kit0 amd64 0.25.5-3 [425 kB]
2025-08-20T20:58:27.1788271Z #32 4.230 Get:22 http://deb.debian.org/debian trixie/main amd64 libtasn1-6 amd64 4.20.0-2 [49.9 kB]
2025-08-20T20:58:27.1789049Z #32 4.231 Get:23 http://deb.debian.org/debian trixie/main amd64 libgnutls30t64 amd64 3.8.9-3 [1465 kB]
2025-08-20T20:58:27.1790004Z #32 4.237 Get:24 http://deb.debian.org/debian trixie/main amd64 librtmp1 amd64 2.4+20151223.gitfa8646d.1-2+b5 [58.8 kB]
2025-08-20T20:58:27.1791065Z #32 4.241 Get:25 http://deb.debian.org/debian trixie/main amd64 libssh2-1t64 amd64 1.11.1-1 [245 kB]
2025-08-20T20:58:27.1792228Z #32 4.244 Get:26 http://deb.debian.org/debian trixie/main amd64 libcurl4t64 amd64 8.14.1-2 [391 kB]
2025-08-20T20:58:27.1793080Z #32 4.249 Get:27 http://deb.debian.org/debian trixie/main amd64 curl amd64 8.14.1-2 [269 kB]
2025-08-20T20:58:27.1793825Z #32 4.253 Get:28 http://deb.debian.org/debian trixie/main amd64 libpq5 amd64 17.5-1 [226 kB]
2025-08-20T20:58:27.1794654Z #32 4.254 Get:29 http://deb.debian.org/debian trixie/main amd64 postgresql-client-common all 278 [47.1 kB]
2025-08-20T20:58:27.1795574Z #32 4.256 Get:30 http://deb.debian.org/debian trixie/main amd64 postgresql-client-17 amd64 17.5-1 [2025 kB]
2025-08-20T20:58:27.1796401Z #32 4.268 Get:31 http://deb.debian.org/debian trixie/main amd64 postgresql-client all 17+278 [14.0 kB]
2025-08-20T20:58:27.1797000Z #32 6.047 Fetched 14.9 MB in 0s (54.2 MB/s)
2025-08-20T20:58:27.1797449Z #32 6.070 Selecting previously unselected package sensible-utils.
2025-08-20T20:58:27.1797897Z #32 6.070 (Reading database ... 
2025-08-20T20:58:27.1798215Z (Reading database ... 5%
2025-08-20T20:58:27.1798509Z (Reading database ... 10%
2025-08-20T20:58:27.1798803Z (Reading database ... 15%
2025-08-20T20:58:27.1799082Z (Reading database ... 20%
2025-08-20T20:58:27.1799446Z (Reading database ... 25%
2025-08-20T20:58:27.1799724Z (Reading database ... 30%
2025-08-20T20:58:27.1800004Z (Reading database ... 35%
2025-08-20T20:58:27.1800280Z (Reading database ... 40%
2025-08-20T20:58:27.1800564Z (Reading database ... 45%
2025-08-20T20:58:27.1800845Z (Reading database ... 50%
2025-08-20T20:58:27.1801125Z (Reading database ... 55%
2025-08-20T20:58:27.1801399Z (Reading database ... 60%
2025-08-20T20:58:27.1801879Z (Reading database ... 65%
2025-08-20T20:58:27.1802166Z (Reading database ... 70%
2025-08-20T20:58:27.1802439Z (Reading database ... 75%
2025-08-20T20:58:27.1802723Z (Reading database ... 80%
2025-08-20T20:58:27.1802999Z (Reading database ... 85%
2025-08-20T20:58:27.1803276Z (Reading database ... 90%
2025-08-20T20:58:27.1803560Z (Reading database ... 95%
2025-08-20T20:58:27.1803845Z (Reading database ... 100%
2025-08-20T20:58:27.1804263Z (Reading database ... 5643 files and directories currently installed.)
2025-08-20T20:58:27.1804858Z #32 6.076 Preparing to unpack .../00-sensible-utils_0.0.25_all.deb ...
2025-08-20T20:58:27.1805333Z #32 6.080 Unpacking sensible-utils (0.0.25) ...
2025-08-20T20:58:27.1805819Z #32 6.103 Selecting previously unselected package perl-modules-5.40.
2025-08-20T20:58:27.1806409Z #32 6.105 Preparing to unpack .../01-perl-modules-5.40_5.40.1-6_all.deb ...
2025-08-20T20:58:27.1806913Z #32 6.106 Unpacking perl-modules-5.40 (5.40.1-6) ...
2025-08-20T20:58:27.1807441Z #32 6.508 Selecting previously unselected package libgdbm-compat4t64:amd64.
2025-08-20T20:58:27.1808084Z #32 6.510 Preparing to unpack .../02-libgdbm-compat4t64_1.24-2_amd64.deb ...
2025-08-20T20:58:27.1808621Z #32 6.512 Unpacking libgdbm-compat4t64:amd64 (1.24-2) ...
2025-08-20T20:58:27.1809139Z #32 6.535 Selecting previously unselected package libperl5.40:amd64.
2025-08-20T20:58:27.1809708Z #32 6.536 Preparing to unpack .../03-libperl5.40_5.40.1-6_amd64.deb ...
2025-08-20T20:58:27.1810399Z #32 6.537 Unpacking libperl5.40:amd64 (5.40.1-6) ...
2025-08-20T20:58:27.1810829Z #32 6.853 Selecting previously unselected package perl.
2025-08-20T20:58:27.1811315Z #32 6.854 Preparing to unpack .../04-perl_5.40.1-6_amd64.deb ...
2025-08-20T20:58:27.1811885Z #32 6.856 Unpacking perl (5.40.1-6) ...
2025-08-20T20:58:27.1812339Z #32 6.909 Selecting previously unselected package libbrotli1:amd64.
2025-08-20T20:58:27.1812898Z #32 6.911 Preparing to unpack .../05-libbrotli1_1.1.0-2+b7_amd64.deb ...
2025-08-20T20:58:27.1813398Z #32 6.920 Unpacking libbrotli1:amd64 (1.1.0-2+b7) ...
2025-08-20T20:58:27.1813918Z #32 7.051 Selecting previously unselected package libkrb5support0:amd64.
2025-08-20T20:58:27.1814562Z #32 7.059 Preparing to unpack .../06-libkrb5support0_1.21.3-5_amd64.deb ...
2025-08-20T20:58:27.1815090Z #32 7.064 Unpacking libkrb5support0:amd64 (1.21.3-5) ...
2025-08-20T20:58:27.1815745Z #32 7.128 Selecting previously unselected package libcom-err2:amd64.
2025-08-20T20:58:27.1816323Z #32 7.129 Preparing to unpack .../07-libcom-err2_1.47.2-3+b3_amd64.deb ...
2025-08-20T20:58:27.1816827Z #32 7.132 Unpacking libcom-err2:amd64 (1.47.2-3+b3) ...
2025-08-20T20:58:27.1817334Z #32 7.191 Selecting previously unselected package libk5crypto3:amd64.
2025-08-20T20:58:27.1817924Z #32 7.194 Preparing to unpack .../08-libk5crypto3_1.21.3-5_amd64.deb ...
2025-08-20T20:58:27.1818427Z #32 7.199 Unpacking libk5crypto3:amd64 (1.21.3-5) ...
2025-08-20T20:58:27.1818933Z #32 7.285 Selecting previously unselected package libkeyutils1:amd64.
2025-08-20T20:58:27.1819502Z #32 7.292 Preparing to unpack .../09-libkeyutils1_1.6.3-6_amd64.deb ...
2025-08-20T20:58:27.1819991Z #32 7.294 Unpacking libkeyutils1:amd64 (1.6.3-6) ...
2025-08-20T20:58:27.1820471Z #32 7.363 Selecting previously unselected package libkrb5-3:amd64.
2025-08-20T20:58:27.1821032Z #32 7.368 Preparing to unpack .../10-libkrb5-3_1.21.3-5_amd64.deb ...
2025-08-20T20:58:27.1821510Z #32 7.373 Unpacking libkrb5-3:amd64 (1.21.3-5) ...
2025-08-20T20:58:27.1822400Z #32 7.438 Selecting previously unselected package libgssapi-krb5-2:amd64.
2025-08-20T20:58:27.1823196Z #32 7.439 Preparing to unpack .../11-libgssapi-krb5-2_1.21.3-5_amd64.deb ...
2025-08-20T20:58:27.1823855Z #32 7.446 Unpacking libgssapi-krb5-2:amd64 (1.21.3-5) ...
2025-08-20T20:58:27.1824389Z #32 7.482 Selecting previously unselected package libunistring5:amd64.
2025-08-20T20:58:27.1824971Z #32 7.484 Preparing to unpack .../12-libunistring5_1.3-2_amd64.deb ...
2025-08-20T20:58:27.1825467Z #32 7.487 Unpacking libunistring5:amd64 (1.3-2) ...
2025-08-20T20:58:27.1825960Z #32 7.547 Selecting previously unselected package libidn2-0:amd64.
2025-08-20T20:58:27.1826511Z #32 7.547 Preparing to unpack .../13-libidn2-0_2.3.8-2_amd64.deb ...
2025-08-20T20:58:27.1826970Z #32 7.550 Unpacking libidn2-0:amd64 (2.3.8-2) ...
2025-08-20T20:58:27.1827504Z #32 7.580 Selecting previously unselected package libsasl2-modules-db:amd64.
2025-08-20T20:58:27.1828154Z #32 7.580 Preparing to unpack .../14-libsasl2-modules-db_2.1.28+dfsg1-9_amd64.deb ...
2025-08-20T20:58:27.1828775Z #32 7.585 Unpacking libsasl2-modules-db:amd64 (2.1.28+dfsg1-9) ...
2025-08-20T20:58:27.1829324Z #32 7.641 Selecting previously unselected package libsasl2-2:amd64.
2025-08-20T20:58:27.1829890Z #32 7.642 Preparing to unpack .../15-libsasl2-2_2.1.28+dfsg1-9_amd64.deb ...
2025-08-20T20:58:27.1830418Z #32 7.647 Unpacking libsasl2-2:amd64 (2.1.28+dfsg1-9) ...
2025-08-20T20:58:27.1830906Z #32 7.705 Selecting previously unselected package libldap2:amd64.
2025-08-20T20:58:27.1831464Z #32 7.705 Preparing to unpack .../16-libldap2_2.6.10+dfsg-1_amd64.deb ...
2025-08-20T20:58:27.1832174Z #32 7.707 Unpacking libldap2:amd64 (2.6.10+dfsg-1) ...
2025-08-20T20:58:27.1832689Z #32 7.744 Selecting previously unselected package libnghttp2-14:amd64.
2025-08-20T20:58:27.1833266Z #32 7.744 Preparing to unpack .../17-libnghttp2-14_1.64.0-1.1_amd64.deb ...
2025-08-20T20:58:27.1833790Z #32 7.751 Unpacking libnghttp2-14:amd64 (1.64.0-1.1) ...
2025-08-20T20:58:27.1834304Z #32 7.782 Selecting previously unselected package libnghttp3-9:amd64.
2025-08-20T20:58:27.1835075Z #32 7.782 Preparing to unpack .../18-libnghttp3-9_1.8.0-1_amd64.deb ...
2025-08-20T20:58:27.1835560Z #32 7.784 Unpacking libnghttp3-9:amd64 (1.8.0-1) ...
2025-08-20T20:58:27.1836032Z #32 7.820 Selecting previously unselected package libpsl5t64:amd64.
2025-08-20T20:58:27.1836592Z #32 7.820 Preparing to unpack .../19-libpsl5t64_0.21.2-1.1+b1_amd64.deb ...
2025-08-20T20:58:27.1837089Z #32 7.821 Unpacking libpsl5t64:amd64 (0.21.2-1.1+b1) ...
2025-08-20T20:58:27.1837579Z #32 7.847 Selecting previously unselected package libp11-kit0:amd64.
2025-08-20T20:58:27.1838130Z #32 7.847 Preparing to unpack .../20-libp11-kit0_0.25.5-3_amd64.deb ...
2025-08-20T20:58:27.1838610Z #32 7.849 Unpacking libp11-kit0:amd64 (0.25.5-3) ...
2025-08-20T20:58:27.1839088Z #32 7.892 Selecting previously unselected package libtasn1-6:amd64.
2025-08-20T20:58:27.1839789Z #32 7.893 Preparing to unpack .../21-libtasn1-6_4.20.0-2_amd64.deb ...
2025-08-20T20:58:27.1840280Z #32 7.894 Unpacking libtasn1-6:amd64 (4.20.0-2) ...
2025-08-20T20:58:27.1840768Z #32 7.927 Selecting previously unselected package libgnutls30t64:amd64.
2025-08-20T20:58:27.1841353Z #32 7.930 Preparing to unpack .../22-libgnutls30t64_3.8.9-3_amd64.deb ...
2025-08-20T20:58:27.1842000Z #32 7.933 Unpacking libgnutls30t64:amd64 (3.8.9-3) ...
2025-08-20T20:58:27.1842476Z #32 8.020 Selecting previously unselected package librtmp1:amd64.
2025-08-20T20:58:27.1843083Z #32 8.022 Preparing to unpack .../23-librtmp1_2.4+20151223.gitfa8646d.1-2+b5_amd64.deb ...
2025-08-20T20:58:27.1843701Z #32 8.023 Unpacking librtmp1:amd64 (2.4+20151223.gitfa8646d.1-2+b5) ...
2025-08-20T20:58:27.1844269Z #32 8.049 Selecting previously unselected package libssh2-1t64:amd64.
2025-08-20T20:58:27.1844827Z #32 8.052 Preparing to unpack .../24-libssh2-1t64_1.11.1-1_amd64.deb ...
2025-08-20T20:58:27.1845318Z #32 8.059 Unpacking libssh2-1t64:amd64 (1.11.1-1) ...
2025-08-20T20:58:27.1845795Z #32 8.092 Selecting previously unselected package libcurl4t64:amd64.
2025-08-20T20:58:27.1846357Z #32 8.094 Preparing to unpack .../25-libcurl4t64_8.14.1-2_amd64.deb ...
2025-08-20T20:58:27.1846836Z #32 8.096 Unpacking libcurl4t64:amd64 (8.14.1-2) ...
2025-08-20T20:58:27.1847256Z #32 8.139 Selecting previously unselected package curl.
2025-08-20T20:58:27.1847727Z #32 8.141 Preparing to unpack .../26-curl_8.14.1-2_amd64.deb ...
2025-08-20T20:58:27.1848142Z #32 8.145 Unpacking curl (8.14.1-2) ...
2025-08-20T20:58:27.1848560Z #32 8.195 Selecting previously unselected package libpq5:amd64.
2025-08-20T20:58:27.1849059Z #32 8.196 Preparing to unpack .../27-libpq5_17.5-1_amd64.deb ...
2025-08-20T20:58:27.1849495Z #32 8.200 Unpacking libpq5:amd64 (17.5-1) ...
2025-08-20T20:58:27.1850000Z #32 8.246 Selecting previously unselected package postgresql-client-common.
2025-08-20T20:58:27.1850631Z #32 8.248 Preparing to unpack .../28-postgresql-client-common_278_all.deb ...
2025-08-20T20:58:27.1851170Z #32 8.258 Unpacking postgresql-client-common (278) ...
2025-08-20T20:58:27.1852605Z #32 8.299 Selecting previously unselected package postgresql-client-17.
2025-08-20T20:58:27.1853261Z #32 8.299 Preparing to unpack .../29-postgresql-client-17_17.5-1_amd64.deb ...
2025-08-20T20:58:27.1853795Z #32 8.303 Unpacking postgresql-client-17 (17.5-1) ...
2025-08-20T20:58:27.1854311Z #32 8.530 Selecting previously unselected package postgresql-client.
2025-08-20T20:58:27.1854909Z #32 8.531 Preparing to unpack .../30-postgresql-client_17+278_all.deb ...
2025-08-20T20:58:27.1855409Z #32 8.533 Unpacking postgresql-client (17+278) ...
2025-08-20T20:58:27.1855831Z #32 8.572 Setting up libkeyutils1:amd64 (1.6.3-6) ...
2025-08-20T20:58:27.1856268Z #32 8.580 Setting up libgdbm-compat4t64:amd64 (1.24-2) ...
2025-08-20T20:58:27.1856711Z #32 8.583 Setting up libbrotli1:amd64 (1.1.0-2+b7) ...
2025-08-20T20:58:27.1857137Z #32 8.587 Setting up libnghttp2-14:amd64 (1.64.0-1.1) ...
2025-08-20T20:58:27.1857616Z #32 8.590 Setting up libcom-err2:amd64 (1.47.2-3+b3) ...
2025-08-20T20:58:27.1858046Z #32 8.604 Setting up libkrb5support0:amd64 (1.21.3-5) ...
2025-08-20T20:58:27.1858707Z #32 8.608 Setting up libsasl2-modules-db:amd64 (2.1.28+dfsg1-9) ...
2025-08-20T20:58:27.1859172Z #32 8.611 Setting up libp11-kit0:amd64 (0.25.5-3) ...
2025-08-20T20:58:27.1859580Z #32 8.615 Setting up libunistring5:amd64 (1.3-2) ...
2025-08-20T20:58:27.1859993Z #32 8.618 Setting up libk5crypto3:amd64 (1.21.3-5) ...
2025-08-20T20:58:27.1860425Z #32 8.623 Setting up libsasl2-2:amd64 (2.1.28+dfsg1-9) ...
2025-08-20T20:58:27.1860848Z #32 8.630 Setting up libnghttp3-9:amd64 (1.8.0-1) ...
2025-08-20T20:58:27.1861253Z #32 8.634 Setting up perl-modules-5.40 (5.40.1-6) ...
2025-08-20T20:58:27.1861828Z #32 8.636 Setting up sensible-utils (0.0.25) ...
2025-08-20T20:58:27.1862221Z #32 8.646 Setting up libtasn1-6:amd64 (4.20.0-2) ...
2025-08-20T20:58:27.1862619Z #32 8.651 Setting up libkrb5-3:amd64 (1.21.3-5) ...
2025-08-20T20:58:27.1863167Z #32 8.655 Setting up libssh2-1t64:amd64 (1.11.1-1) ...
2025-08-20T20:58:27.1863602Z #32 8.658 Setting up libldap2:amd64 (2.6.10+dfsg-1) ...
2025-08-20T20:58:27.1864037Z #32 8.661 Setting up libidn2-0:amd64 (2.3.8-2) ...
2025-08-20T20:58:27.1864467Z #32 8.668 Setting up libperl5.40:amd64 (5.40.1-6) ...
2025-08-20T20:58:27.1864881Z #32 8.681 Setting up perl (5.40.1-6) ...
2025-08-20T20:58:27.1865406Z #32 8.691 Setting up libgssapi-krb5-2:amd64 (1.21.3-5) ...
2025-08-20T20:58:27.1865922Z #32 8.701 Setting up libgnutls30t64:amd64 (3.8.9-3) ...
2025-08-20T20:58:27.1866439Z #32 8.714 Setting up postgresql-client-common (278) ...
2025-08-20T20:58:27.1866974Z #32 8.725 Setting up libpsl5t64:amd64 (0.21.2-1.1+b1) ...
2025-08-20T20:58:27.1867460Z #32 8.734 Setting up libpq5:amd64 (17.5-1) ...
2025-08-20T20:58:27.1868018Z #32 8.743 Setting up librtmp1:amd64 (2.4+20151223.gitfa8646d.1-2+b5) ...
2025-08-20T20:58:27.1868595Z #32 8.750 Setting up libcurl4t64:amd64 (8.14.1-2) ...
2025-08-20T20:58:27.1869107Z #32 8.756 Setting up postgresql-client-17 (17.5-1) ...
2025-08-20T20:58:27.1870152Z #32 9.355 update-alternatives: using /usr/share/postgresql/17/man/man1/psql.1.gz to provide /usr/share/man/man1/psql.1.gz (psql.1.gz) in auto mode
2025-08-20T20:58:27.1871141Z #32 9.460 Setting up curl (8.14.1-2) ...
2025-08-20T20:58:27.1871745Z #32 9.466 Setting up postgresql-client (17+278) ...
2025-08-20T20:58:27.1872264Z #32 9.477 Processing triggers for libc-bin (2.41-12) ...
2025-08-20T20:58:27.1875921Z #32 9.540 + rm -rf /var/lib/apt/lists/auxfiles /var/lib/apt/lists/deb.debian.org_debian-security_dists_trixie-security_InRelease /var/lib/apt/lists/deb.debian.org_debian-security_dists_trixie-security_main_binary-amd64_Packages.lz4 /var/lib/apt/lists/deb.debian.org_debian_dists_trixie-updates_InRelease /var/lib/apt/lists/deb.debian.org_debian_dists_trixie-updates_main_binary-amd64_Packages.lz4 /var/lib/apt/lists/deb.debian.org_debian_dists_trixie_InRelease /var/lib/apt/lists/deb.debian.org_debian_dists_trixie_main_binary-amd64_Packages.lz4 /var/lib/apt/lists/lock /var/lib/apt/lists/partial
2025-08-20T20:58:27.1879505Z #32 DONE 9.7s
2025-08-20T20:58:27.1879684Z 
2025-08-20T20:58:27.1880845Z #31 [postgres 2/6] RUN set -eux;     if [ -f /etc/apt/sources.list ]; then         sed -i 's|http://deb.debian.org|https://deb.debian.org|g' /etc/apt/sources.list;     fi;     apt-get update;     apt-get install -y locales;     locale-gen en_US.UTF-8;     rm -rf /var/lib/apt/lists/*
2025-08-20T20:58:27.1882588Z #31 3.747 + locale-gen en_US.UTF-8
2025-08-20T20:58:27.1883082Z #31 3.779 Generating locales (this might take a while)...
2025-08-20T20:58:27.4572555Z #31 3.793   en_US.UTF-8...
2025-08-20T20:58:27.4572933Z #31 ...
2025-08-20T20:58:27.4602219Z 
2025-08-20T20:58:27.4602689Z #33 [api base  4/13] RUN pip install --no-cache-dir -r requirements.txt
2025-08-20T20:58:27.4603463Z #33 2.873 Collecting uvicorn==0.29.0 (from -r requirements.txt (line 1))
2025-08-20T20:58:27.4604250Z #33 2.964   Downloading uvicorn-0.29.0-py3-none-any.whl.metadata (6.3 kB)
2025-08-20T20:58:27.4605086Z #33 2.992 Collecting pydantic-settings==2.2.1 (from -r requirements.txt (line 2))
2025-08-20T20:58:27.4606336Z #33 3.012   Downloading pydantic_settings-2.2.1-py3-none-any.whl.metadata (3.1 kB)
2025-08-20T20:58:27.4607191Z #33 3.095 Collecting fastapi==0.111.0 (from -r requirements.txt (line 3))
2025-08-20T20:58:27.4607957Z #33 3.112   Downloading fastapi-0.111.0-py3-none-any.whl.metadata (25 kB)
2025-08-20T20:58:27.4608741Z #33 3.581 Collecting sqlalchemy==2.0.29 (from -r requirements.txt (line 4))
2025-08-20T20:58:27.4609768Z #33 3.606   Downloading SQLAlchemy-2.0.29-cp312-cp312-manylinux_2_17_x86_64.manylinux2014_x86_64.whl.metadata (9.6 kB)
2025-08-20T20:58:27.4610766Z #33 3.666 Collecting alembic==1.13.1 (from -r requirements.txt (line 5))
2025-08-20T20:58:27.4611704Z #33 3.684   Downloading alembic-1.13.1-py3-none-any.whl.metadata (7.4 kB)
2025-08-20T20:58:27.4612871Z #33 3.718 Collecting psycopg==3.2.9 (from psycopg[binary]==3.2.9->-r requirements.txt (line 6))
2025-08-20T20:58:27.4613764Z #33 3.734   Downloading psycopg-3.2.9-py3-none-any.whl.metadata (4.5 kB)
2025-08-20T20:58:27.4614530Z #33 3.776 Collecting httpx==0.27.2 (from -r requirements.txt (line 7))
2025-08-20T20:58:27.4615326Z #33 3.793   Downloading httpx-0.27.2-py3-none-any.whl.metadata (7.1 kB)
2025-08-20T20:58:27.4616080Z #33 3.858 Collecting asyncpg==0.29.0 (from -r requirements.txt (line 8))
2025-08-20T20:58:27.4617075Z #33 3.877   Downloading asyncpg-0.29.0-cp312-cp312-manylinux_2_17_x86_64.manylinux2014_x86_64.whl.metadata (4.4 kB)
2025-08-20T20:58:27.4618046Z #33 4.315 Collecting boto3==1.34.162 (from -r requirements.txt (line 9))
2025-08-20T20:58:27.4618775Z #33 4.341   Downloading boto3-1.34.162-py3-none-any.whl.metadata (6.6 kB)
2025-08-20T20:58:27.4619528Z #33 4.373 Collecting Jinja2==3.1.5 (from -r requirements.txt (line 10))
2025-08-20T20:58:27.4620195Z #33 4.393   Downloading jinja2-3.1.5-py3-none-any.whl.metadata (2.6 kB)
2025-08-20T20:58:27.4620804Z #33 4.454 Collecting celery==5.3.* (from -r requirements.txt (line 11))
2025-08-20T20:58:27.4621383Z #33 4.471   Downloading celery-5.3.6-py3-none-any.whl.metadata (21 kB)
2025-08-20T20:58:27.4622297Z #33 4.534 Collecting structlog==24.1.0 (from -r requirements.txt (line 12))
2025-08-20T20:58:27.4623099Z #33 4.552   Downloading structlog-24.1.0-py3-none-any.whl.metadata (6.9 kB)
2025-08-20T20:58:27.4623939Z #33 4.581 Collecting asgi-correlation-id==4.3.1 (from -r requirements.txt (line 13))
2025-08-20T20:58:27.4624824Z #33 4.600   Downloading asgi_correlation_id-4.3.1-py3-none-any.whl.metadata (28 kB)
2025-08-20T20:58:27.4625670Z #33 4.625 Collecting fastapi-limiter==0.1.6 (from -r requirements.txt (line 14))
2025-08-20T20:58:27.4626538Z #33 4.643   Downloading fastapi_limiter-0.1.6-py3-none-any.whl.metadata (5.3 kB)
2025-08-20T20:58:27.4627317Z #33 4.685 Collecting redis==5.0.8 (from -r requirements.txt (line 15))
2025-08-20T20:58:27.4628047Z #33 4.708   Downloading redis-5.0.8-py3-none-any.whl.metadata (9.2 kB)
2025-08-20T20:58:27.4629056Z #33 4.799 Collecting sentry-sdk==2.9.0 (from sentry-sdk[celery,fastapi,sqlalchemy]==2.9.0->-r requirements.txt (line 16))
2025-08-20T20:58:27.4630089Z #33 4.822   Downloading sentry_sdk-2.9.0-py2.py3-none-any.whl.metadata (14 kB)
2025-08-20T20:58:27.4630911Z #33 4.941 Collecting click>=7.0 (from uvicorn==0.29.0->-r requirements.txt (line 1))
2025-08-20T20:58:27.4631844Z #33 4.961   Downloading click-8.2.1-py3-none-any.whl.metadata (2.5 kB)
2025-08-20T20:58:27.4632622Z #33 4.979 Collecting h11>=0.8 (from uvicorn==0.29.0->-r requirements.txt (line 1))
2025-08-20T20:58:27.4633370Z #33 5.003   Downloading h11-0.16.0-py3-none-any.whl.metadata (8.3 kB)
2025-08-20T20:58:27.4634208Z #33 5.183 Collecting pydantic>=2.3.0 (from pydantic-settings==2.2.1->-r requirements.txt (line 2))
2025-08-20T20:58:27.4635106Z #33 5.204   Downloading pydantic-2.11.7-py3-none-any.whl.metadata (67 kB)
2025-08-20T20:58:27.4636025Z #33 5.245 Collecting python-dotenv>=0.21.0 (from pydantic-settings==2.2.1->-r requirements.txt (line 2))
2025-08-20T20:58:27.4637003Z #33 5.277   Downloading python_dotenv-1.1.1-py3-none-any.whl.metadata (24 kB)
2025-08-20T20:58:27.4638143Z #33 5.379 Collecting starlette<0.38.0,>=0.37.2 (from fastapi==0.111.0->-r requirements.txt (line 3))
2025-08-20T20:58:27.4639036Z #33 5.402   Downloading starlette-0.37.2-py3-none-any.whl.metadata (5.9 kB)
2025-08-20T20:58:27.4639954Z #33 5.538 Collecting typing-extensions>=4.8.0 (from fastapi==0.111.0->-r requirements.txt (line 3))
2025-08-20T20:58:27.4640896Z #33 5.585   Downloading typing_extensions-4.14.1-py3-none-any.whl.metadata (3.0 kB)
2025-08-20T20:58:27.4641985Z #33 5.600 Collecting fastapi-cli>=0.0.2 (from fastapi==0.111.0->-r requirements.txt (line 3))
2025-08-20T20:58:27.4642875Z #33 5.616   Downloading fastapi_cli-0.0.8-py3-none-any.whl.metadata (6.3 kB)
2025-08-20T20:58:27.4643798Z #33 5.642 Collecting python-multipart>=0.0.7 (from fastapi==0.111.0->-r requirements.txt (line 3))
2025-08-20T20:58:27.4644929Z #33 5.659   Downloading python_multipart-0.0.20-py3-none-any.whl.metadata (1.8 kB)
2025-08-20T20:58:27.4645919Z #33 5.731 Collecting ujson!=4.0.2,!=4.1.0,!=4.2.0,!=4.3.0,!=5.0.0,!=5.1.0,>=4.0.1 (from fastapi==0.111.0->-r requirements.txt (line 3))
2025-08-20T20:58:27.4647011Z #33 5.748   Downloading ujson-5.11.0-cp312-cp312-manylinux_2_24_x86_64.manylinux_2_28_x86_64.whl.metadata (9.4 kB)
2025-08-20T20:58:27.4647999Z #33 6.134 Collecting orjson>=3.2.1 (from fastapi==0.111.0->-r requirements.txt (line 3))
2025-08-20T20:58:27.4649005Z #33 6.151   Downloading orjson-3.11.2-cp312-cp312-manylinux_2_17_x86_64.manylinux2014_x86_64.whl.metadata (1.2 kB)
2025-08-20T20:58:27.4650063Z #33 6.179 Collecting email_validator>=2.0.0 (from fastapi==0.111.0->-r requirements.txt (line 3))
2025-08-20T20:58:27.4650942Z #33 6.196   Downloading email_validator-2.2.0-py3-none-any.whl.metadata (25 kB)
2025-08-20T20:58:27.4652004Z #33 6.408 Collecting greenlet!=0.4.17 (from sqlalchemy==2.0.29->-r requirements.txt (line 4))
2025-08-20T20:58:27.4653044Z #33 6.425   Downloading greenlet-3.2.4-cp312-cp312-manylinux_2_24_x86_64.manylinux_2_28_x86_64.whl.metadata (4.1 kB)
2025-08-20T20:58:27.4654015Z #33 6.465 Collecting Mako (from alembic==1.13.1->-r requirements.txt (line 5))
2025-08-20T20:58:27.4654783Z #33 6.484   Downloading mako-1.3.10-py3-none-any.whl.metadata (2.9 kB)
2025-08-20T20:58:27.4655511Z #33 6.523 Collecting anyio (from httpx==0.27.2->-r requirements.txt (line 7))
2025-08-20T20:58:27.4656264Z #33 6.539   Downloading anyio-4.10.0-py3-none-any.whl.metadata (4.0 kB)
2025-08-20T20:58:27.4657015Z #33 6.574 Collecting certifi (from httpx==0.27.2->-r requirements.txt (line 7))
2025-08-20T20:58:27.4657808Z #33 6.592   Downloading certifi-2025.8.3-py3-none-any.whl.metadata (2.4 kB)
2025-08-20T20:58:27.4658601Z #33 6.624 Collecting httpcore==1.* (from httpx==0.27.2->-r requirements.txt (line 7))
2025-08-20T20:58:27.4659407Z #33 6.644   Downloading httpcore-1.0.9-py3-none-any.whl.metadata (21 kB)
2025-08-20T20:58:27.4660192Z #33 6.674 Collecting idna (from httpx==0.27.2->-r requirements.txt (line 7))
2025-08-20T20:58:27.4660909Z #33 6.691   Downloading idna-3.10-py3-none-any.whl.metadata (10 kB)
2025-08-20T20:58:27.4661833Z #33 6.708 Collecting sniffio (from httpx==0.27.2->-r requirements.txt (line 7))
2025-08-20T20:58:27.4662639Z #33 6.725   Downloading sniffio-1.3.1-py3-none-any.whl.metadata (3.9 kB)
2025-08-20T20:58:27.4663496Z #33 7.421 Collecting botocore<1.35.0,>=1.34.162 (from boto3==1.34.162->-r requirements.txt (line 9))
2025-08-20T20:58:27.4664358Z #33 7.438   Downloading botocore-1.34.162-py3-none-any.whl.metadata (5.7 kB)
2025-08-20T20:58:27.4665207Z #33 7.464 Collecting jmespath<2.0.0,>=0.7.1 (from boto3==1.34.162->-r requirements.txt (line 9))
2025-08-20T20:58:27.4666051Z #33 7.481   Downloading jmespath-1.0.1-py3-none-any.whl.metadata (7.6 kB)
2025-08-20T20:58:27.4666911Z #33 7.513 Collecting s3transfer<0.11.0,>=0.10.0 (from boto3==1.34.162->-r requirements.txt (line 9))
2025-08-20T20:58:27.4667786Z #33 7.533   Downloading s3transfer-0.10.4-py3-none-any.whl.metadata (1.7 kB)
2025-08-20T20:58:27.4668627Z #33 7.617 Collecting MarkupSafe>=2.0 (from Jinja2==3.1.5->-r requirements.txt (line 10))
2025-08-20T20:58:27.4669884Z #33 7.635   Downloading MarkupSafe-3.0.2-cp312-cp312-manylinux_2_17_x86_64.manylinux2014_x86_64.whl.metadata (4.0 kB)
2025-08-20T20:58:27.4670949Z #33 7.678 Collecting billiard<5.0,>=4.2.0 (from celery==5.3.*->-r requirements.txt (line 11))
2025-08-20T20:58:27.4700827Z #33 7.694   Downloading billiard-4.2.1-py3-none-any.whl.metadata (4.4 kB)
2025-08-20T20:58:27.4701955Z #33 7.714 Collecting click-didyoumean>=0.3.0 (from celery==5.3.*->-r requirements.txt (line 11))
2025-08-20T20:58:27.4702870Z #33 7.733   Downloading click_didyoumean-0.3.1-py3-none-any.whl.metadata (3.9 kB)
2025-08-20T20:58:27.4703780Z #33 7.754 Collecting click-plugins>=1.1.1 (from celery==5.3.*->-r requirements.txt (line 11))
2025-08-20T20:58:27.4704692Z #33 7.775   Downloading click_plugins-1.1.1.2-py2.py3-none-any.whl.metadata (6.5 kB)
2025-08-20T20:58:27.4705806Z #33 7.795 Collecting click-repl>=0.2.0 (from celery==5.3.*->-r requirements.txt (line 11))
2025-08-20T20:58:27.4706703Z #33 7.814   Downloading click_repl-0.3.0-py3-none-any.whl.metadata (3.6 kB)
2025-08-20T20:58:27.4707530Z #33 7.876 Collecting kombu<6.0,>=5.3.4 (from celery==5.3.*->-r requirements.txt (line 11))
2025-08-20T20:58:27.4708336Z #33 7.894   Downloading kombu-5.5.4-py3-none-any.whl.metadata (3.5 kB)
2025-08-20T20:58:27.4709195Z #33 7.934 Collecting python-dateutil>=2.8.2 (from celery==5.3.*->-r requirements.txt (line 11))
2025-08-20T20:58:27.4710170Z #33 7.955   Downloading python_dateutil-2.9.0.post0-py2.py3-none-any.whl.metadata (8.4 kB)
2025-08-20T20:58:27.4711096Z #33 7.981 Collecting tzdata>=2022.7 (from celery==5.3.*->-r requirements.txt (line 11))
2025-08-20T20:58:27.4712143Z #33 7.998   Downloading tzdata-2025.2-py2.py3-none-any.whl.metadata (1.4 kB)
2025-08-20T20:58:27.4712962Z #33 8.022 Collecting vine<6.0,>=5.1.0 (from celery==5.3.*->-r requirements.txt (line 11))
2025-08-20T20:58:27.4713756Z #33 8.038   Downloading vine-5.1.0-py3-none-any.whl.metadata (2.7 kB)
2025-08-20T20:58:27.4714883Z #33 8.130 Collecting urllib3>=1.26.11 (from sentry-sdk==2.9.0->sentry-sdk[celery,fastapi,sqlalchemy]==2.9.0->-r requirements.txt (line 16))
2025-08-20T20:58:27.4716001Z #33 8.146   Downloading urllib3-2.5.0-py3-none-any.whl.metadata (6.5 kB)
2025-08-20T20:58:27.4716909Z #33 8.353 Collecting psycopg-binary==3.2.9 (from psycopg[binary]==3.2.9->-r requirements.txt (line 6))
2025-08-20T20:58:27.4718086Z #33 8.382   Downloading psycopg_binary-3.2.9-cp312-cp312-manylinux_2_17_x86_64.manylinux2014_x86_64.whl.metadata (2.9 kB)
2025-08-20T20:58:27.4719281Z #33 8.569 Collecting prompt-toolkit>=3.0.36 (from click-repl>=0.2.0->celery==5.3.*->-r requirements.txt (line 11))
2025-08-20T20:58:27.4720974Z #33 8.586   Downloading prompt_toolkit-3.0.51-py3-none-any.whl.metadata (6.4 kB)
2025-08-20T20:58:27.4722374Z #33 8.611 Collecting dnspython>=2.0.0 (from email_validator>=2.0.0->fastapi==0.111.0->-r requirements.txt (line 3))
2025-08-20T20:58:27.4723385Z #33 8.629   Downloading dnspython-2.7.0-py3-none-any.whl.metadata (5.8 kB)
2025-08-20T20:58:27.4724327Z #33 8.675 Collecting typer>=0.15.1 (from fastapi-cli>=0.0.2->fastapi==0.111.0->-r requirements.txt (line 3))
2025-08-20T20:58:27.4725217Z #33 8.693   Downloading typer-0.16.1-py3-none-any.whl.metadata (15 kB)
2025-08-20T20:58:27.4726177Z #33 8.761 Collecting rich-toolkit>=0.14.8 (from fastapi-cli>=0.0.2->fastapi==0.111.0->-r requirements.txt (line 3))
2025-08-20T20:58:27.4727173Z #33 8.780   Downloading rich_toolkit-0.15.0-py3-none-any.whl.metadata (1.0 kB)
2025-08-20T20:58:27.4728067Z #33 8.853 Collecting amqp<6.0.0,>=5.1.1 (from kombu<6.0,>=5.3.4->celery==5.3.*->-r requirements.txt (line 11))
2025-08-20T20:58:27.4728923Z #33 8.881   Downloading amqp-5.3.1-py3-none-any.whl.metadata (8.9 kB)
2025-08-20T20:58:27.4729746Z #33 8.939 Collecting packaging (from kombu<6.0,>=5.3.4->celery==5.3.*->-r requirements.txt (line 11))
2025-08-20T20:58:27.4730631Z #33 8.958   Downloading packaging-25.0-py3-none-any.whl.metadata (3.3 kB)
2025-08-20T20:58:27.4732027Z #33 9.000 Collecting annotated-types>=0.6.0 (from pydantic>=2.3.0->pydantic-settings==2.2.1->-r requirements.txt (line 2))
2025-08-20T20:58:27.4733600Z #33 9.019   Downloading annotated_types-0.7.0-py3-none-any.whl.metadata (15 kB)
2025-08-20T20:58:27.4734612Z #33 10.03 Collecting pydantic-core==2.33.2 (from pydantic>=2.3.0->pydantic-settings==2.2.1->-r requirements.txt (line 2))
2025-08-20T20:58:27.5679510Z #33 10.04   Downloading pydantic_core-2.33.2-cp312-cp312-manylinux_2_17_x86_64.manylinux2014_x86_64.whl.metadata (6.8 kB)
2025-08-20T20:58:27.5680801Z #33 10.07 Collecting typing-inspection>=0.4.0 (from pydantic>=2.3.0->pydantic-settings==2.2.1->-r requirements.txt (line 2))
2025-08-20T20:58:27.5682076Z #33 10.09   Downloading typing_inspection-0.4.1-py3-none-any.whl.metadata (2.6 kB)
2025-08-20T20:58:27.5683015Z #33 10.12 Collecting six>=1.5 (from python-dateutil>=2.8.2->celery==5.3.*->-r requirements.txt (line 11))
2025-08-20T20:58:27.5684218Z #33 10.14   Downloading six-1.17.0-py2.py3-none-any.whl.metadata (1.7 kB)
2025-08-20T20:58:27.5684820Z #33 ...
2025-08-20T20:58:27.5684977Z 
2025-08-20T20:58:27.5685720Z #34 [fees_h10 base 4/6] RUN if [ -n "" ] && [ -f "fees_h10/" ]; then         pip install -r fees_h10/requirements.txt -c fees_h10/;     else         pip install -r fees_h10/requirements.txt;     fi
2025-08-20T20:58:27.5686992Z #34 2.931 Collecting celery==5.4.* (from celery[redis]==5.4.*->-r fees_h10/requirements.txt (line 1))
2025-08-20T20:58:27.5687845Z #34 3.005   Downloading celery-5.4.0-py3-none-any.whl.metadata (21 kB)
2025-08-20T20:58:27.5688581Z #34 3.118 Collecting asyncpg (from -r fees_h10/requirements.txt (line 2))
2025-08-20T20:58:27.5689525Z #34 3.136   Downloading asyncpg-0.30.0-cp312-cp312-manylinux_2_17_x86_64.manylinux2014_x86_64.whl.metadata (5.0 kB)
2025-08-20T20:58:27.5690457Z #34 3.192 Collecting httpx (from -r fees_h10/requirements.txt (line 3))
2025-08-20T20:58:27.5691186Z #34 3.211   Downloading httpx-0.28.1-py3-none-any.whl.metadata (7.1 kB)
2025-08-20T20:58:27.5692118Z #34 3.638 Collecting sqlalchemy (from -r fees_h10/requirements.txt (line 4))
2025-08-20T20:58:27.5693111Z #34 3.654   Downloading sqlalchemy-2.0.43-cp312-cp312-manylinux_2_17_x86_64.manylinux2014_x86_64.whl.metadata (9.6 kB)
2025-08-20T20:58:27.5694263Z #34 3.715 Collecting billiard<5.0,>=4.2.0 (from celery==5.4.*->celery[redis]==5.4.*->-r fees_h10/requirements.txt (line 1))
2025-08-20T20:58:27.5695193Z #34 3.738   Downloading billiard-4.2.1-py3-none-any.whl.metadata (4.4 kB)
2025-08-20T20:58:27.5696098Z #34 3.807 Collecting kombu<6.0,>=5.3.4 (from celery==5.4.*->celery[redis]==5.4.*->-r fees_h10/requirements.txt (line 1))
2025-08-20T20:58:27.5696969Z #34 3.824   Downloading kombu-5.5.4-py3-none-any.whl.metadata (3.5 kB)
2025-08-20T20:58:27.5697844Z #34 3.891 Collecting vine<6.0,>=5.1.0 (from celery==5.4.*->celery[redis]==5.4.*->-r fees_h10/requirements.txt (line 1))
2025-08-20T20:58:27.5698696Z #34 3.908   Downloading vine-5.1.0-py3-none-any.whl.metadata (2.7 kB)
2025-08-20T20:58:27.5699573Z #34 3.959 Collecting click<9.0,>=8.1.2 (from celery==5.4.*->celery[redis]==5.4.*->-r fees_h10/requirements.txt (line 1))
2025-08-20T20:58:27.5700452Z #34 3.975   Downloading click-8.2.1-py3-none-any.whl.metadata (2.5 kB)
2025-08-20T20:58:27.5701386Z #34 4.003 Collecting click-didyoumean>=0.3.0 (from celery==5.4.*->celery[redis]==5.4.*->-r fees_h10/requirements.txt (line 1))
2025-08-20T20:58:27.5702948Z #34 4.020   Downloading click_didyoumean-0.3.1-py3-none-any.whl.metadata (3.9 kB)
2025-08-20T20:58:27.5703922Z #34 4.064 Collecting click-repl>=0.2.0 (from celery==5.4.*->celery[redis]==5.4.*->-r fees_h10/requirements.txt (line 1))
2025-08-20T20:58:27.5704856Z #34 4.081   Downloading click_repl-0.3.0-py3-none-any.whl.metadata (3.6 kB)
2025-08-20T20:58:27.5705816Z #34 4.120 Collecting click-plugins>=1.1.1 (from celery==5.4.*->celery[redis]==5.4.*->-r fees_h10/requirements.txt (line 1))
2025-08-20T20:58:27.5706829Z #34 4.135   Downloading click_plugins-1.1.1.2-py2.py3-none-any.whl.metadata (6.5 kB)
2025-08-20T20:58:27.5707814Z #34 4.176 Collecting tzdata>=2022.7 (from celery==5.4.*->celery[redis]==5.4.*->-r fees_h10/requirements.txt (line 1))
2025-08-20T20:58:27.5709029Z #34 4.195   Downloading tzdata-2025.2-py2.py3-none-any.whl.metadata (1.4 kB)
2025-08-20T20:58:27.5710011Z #34 4.235 Collecting python-dateutil>=2.8.2 (from celery==5.4.*->celery[redis]==5.4.*->-r fees_h10/requirements.txt (line 1))
2025-08-20T20:58:27.5711067Z #34 4.254   Downloading python_dateutil-2.9.0.post0-py2.py3-none-any.whl.metadata (8.4 kB)
2025-08-20T20:58:27.5712212Z #34 4.328 Collecting redis!=4.5.5,<6.0.0,>=4.5.2 (from celery[redis]==5.4.*->-r fees_h10/requirements.txt (line 1))
2025-08-20T20:58:27.5713127Z #34 4.348   Downloading redis-5.3.1-py3-none-any.whl.metadata (9.2 kB)
2025-08-20T20:58:27.5713796Z #34 4.402 Collecting anyio (from httpx->-r fees_h10/requirements.txt (line 3))
2025-08-20T20:58:27.5714496Z #34 4.421   Downloading anyio-4.10.0-py3-none-any.whl.metadata (4.0 kB)
2025-08-20T20:58:27.5715517Z #34 4.468 Collecting certifi (from httpx->-r fees_h10/requirements.txt (line 3))
2025-08-20T20:58:27.5716323Z #34 4.485   Downloading certifi-2025.8.3-py3-none-any.whl.metadata (2.4 kB)
2025-08-20T20:58:27.5717146Z #34 4.545 Collecting httpcore==1.* (from httpx->-r fees_h10/requirements.txt (line 3))
2025-08-20T20:58:27.5717935Z #34 4.564   Downloading httpcore-1.0.9-py3-none-any.whl.metadata (21 kB)
2025-08-20T20:58:27.5718686Z #34 4.603 Collecting idna (from httpx->-r fees_h10/requirements.txt (line 3))
2025-08-20T20:58:27.5719382Z #34 4.619   Downloading idna-3.10-py3-none-any.whl.metadata (10 kB)
2025-08-20T20:58:27.5720180Z #34 4.658 Collecting h11>=0.16 (from httpcore==1.*->httpx->-r fees_h10/requirements.txt (line 3))
2025-08-20T20:58:27.5720977Z #34 4.674   Downloading h11-0.16.0-py3-none-any.whl.metadata (8.3 kB)
2025-08-20T20:58:27.5721913Z #34 4.871 Collecting greenlet>=1 (from sqlalchemy->-r fees_h10/requirements.txt (line 4))
2025-08-20T20:58:27.5722952Z #34 4.891   Downloading greenlet-3.2.4-cp312-cp312-manylinux_2_24_x86_64.manylinux_2_28_x86_64.whl.metadata (4.1 kB)
2025-08-20T20:58:27.5724039Z #34 4.943 Collecting typing-extensions>=4.6.0 (from sqlalchemy->-r fees_h10/requirements.txt (line 4))
2025-08-20T20:58:27.5724976Z #34 4.965   Downloading typing_extensions-4.14.1-py3-none-any.whl.metadata (3.0 kB)
2025-08-20T20:58:27.5726055Z #34 5.069 Collecting prompt-toolkit>=3.0.36 (from click-repl>=0.2.0->celery==5.4.*->celery[redis]==5.4.*->-r fees_h10/requirements.txt (line 1))
2025-08-20T20:58:27.5727084Z #34 5.089   Downloading prompt_toolkit-3.0.51-py3-none-any.whl.metadata (6.4 kB)
2025-08-20T20:58:27.5728078Z #34 5.187 Collecting amqp<6.0.0,>=5.1.1 (from kombu<6.0,>=5.3.4->celery==5.4.*->celery[redis]==5.4.*->-r fees_h10/requirements.txt (line 1))
2025-08-20T20:58:27.5728991Z #34 5.205   Downloading amqp-5.3.1-py3-none-any.whl.metadata (8.9 kB)
2025-08-20T20:58:27.5729927Z #34 5.656 Collecting packaging (from kombu<6.0,>=5.3.4->celery==5.4.*->celery[redis]==5.4.*->-r fees_h10/requirements.txt (line 1))
2025-08-20T20:58:27.5730907Z #34 5.698   Downloading packaging-25.0-py3-none-any.whl.metadata (3.3 kB)
2025-08-20T20:58:27.5803431Z #34 5.757 Collecting six>=1.5 (from python-dateutil>=2.8.2->celery==5.4.*->celery[redis]==5.4.*->-r fees_h10/requirements.txt (line 1))
2025-08-20T20:58:27.5804534Z #34 5.779   Downloading six-1.17.0-py2.py3-none-any.whl.metadata (1.7 kB)
2025-08-20T20:58:27.5805499Z #34 5.834 Collecting PyJWT>=2.9.0 (from redis!=4.5.5,<6.0.0,>=4.5.2->celery[redis]==5.4.*->-r fees_h10/requirements.txt (line 1))
2025-08-20T20:58:27.5806463Z #34 5.852   Downloading PyJWT-2.10.1-py3-none-any.whl.metadata (4.0 kB)
2025-08-20T20:58:27.5807335Z #34 5.907 Collecting sniffio>=1.1 (from anyio->httpx->-r fees_h10/requirements.txt (line 3))
2025-08-20T20:58:27.5808187Z #34 5.932   Downloading sniffio-1.3.1-py3-none-any.whl.metadata (3.9 kB)
2025-08-20T20:58:27.5809339Z #34 5.989 Collecting wcwidth (from prompt-toolkit>=3.0.36->click-repl>=0.2.0->celery==5.4.*->celery[redis]==5.4.*->-r fees_h10/requirements.txt (line 1))
2025-08-20T20:58:27.5810486Z #34 6.008   Downloading wcwidth-0.2.13-py2.py3-none-any.whl.metadata (14 kB)
2025-08-20T20:58:27.5811516Z #34 6.045 Downloading celery-5.4.0-py3-none-any.whl (425 kB)
2025-08-20T20:58:27.5812726Z #34 6.118 Downloading asyncpg-0.30.0-cp312-cp312-manylinux_2_17_x86_64.manylinux2014_x86_64.whl (3.6 MB)
2025-08-20T20:58:27.5814005Z #34 6.176    ━━━━━━━━━━━━━━━━━━━━━━━━━━━━━━━━━━━━━━━━ 3.6/3.6 MB 64.5 MB/s eta 0:00:00
2025-08-20T20:58:27.5814654Z #34 6.191 Downloading httpx-0.28.1-py3-none-any.whl (73 kB)
2025-08-20T20:58:27.5815368Z #34 6.215 Downloading httpcore-1.0.9-py3-none-any.whl (78 kB)
2025-08-20T20:58:27.5816244Z #34 6.251 Downloading sqlalchemy-2.0.43-cp312-cp312-manylinux_2_17_x86_64.manylinux2014_x86_64.whl (3.3 MB)
2025-08-20T20:58:27.5817334Z #34 6.282    ━━━━━━━━━━━━━━━━━━━━━━━━━━━━━━━━━━━━━━━━ 3.3/3.3 MB 113.9 MB/s eta 0:00:00
2025-08-20T20:58:27.5817977Z #34 6.305 Downloading billiard-4.2.1-py3-none-any.whl (86 kB)
2025-08-20T20:58:27.5818816Z #34 6.332 Downloading click-8.2.1-py3-none-any.whl (102 kB)
2025-08-20T20:58:27.5819513Z #34 6.352 Downloading click_didyoumean-0.3.1-py3-none-any.whl (3.6 kB)
2025-08-20T20:58:27.5820278Z #34 6.375 Downloading click_plugins-1.1.1.2-py2.py3-none-any.whl (11 kB)
2025-08-20T20:58:27.5820989Z #34 6.395 Downloading click_repl-0.3.0-py3-none-any.whl (10 kB)
2025-08-20T20:58:27.5852263Z #34 6.419 Downloading greenlet-3.2.4-cp312-cp312-manylinux_2_24_x86_64.manylinux_2_28_x86_64.whl (607 kB)
2025-08-20T20:58:27.5853472Z #34 6.428    ━━━━━━━━━━━━━━━━━━━━━━━━━━━━━━━━━━━━━━━━ 607.6/607.6 kB 59.3 MB/s eta 0:00:00
2025-08-20T20:58:27.5854134Z #34 6.446 Downloading kombu-5.5.4-py3-none-any.whl (210 kB)
2025-08-20T20:58:27.5854752Z #34 6.466 Downloading vine-5.1.0-py3-none-any.whl (9.6 kB)
2025-08-20T20:58:27.5855500Z #34 6.489 Downloading python_dateutil-2.9.0.post0-py2.py3-none-any.whl (229 kB)
2025-08-20T20:58:27.5856245Z #34 6.515 Downloading redis-5.3.1-py3-none-any.whl (272 kB)
2025-08-20T20:58:27.5856967Z #34 6.543 Downloading typing_extensions-4.14.1-py3-none-any.whl (43 kB)
2025-08-20T20:58:27.5857692Z #34 6.568 Downloading tzdata-2025.2-py2.py3-none-any.whl (347 kB)
2025-08-20T20:58:27.5858374Z #34 6.590 Downloading anyio-4.10.0-py3-none-any.whl (107 kB)
2025-08-20T20:58:27.5858966Z #34 6.611 Downloading idna-3.10-py3-none-any.whl (70 kB)
2025-08-20T20:58:27.5859597Z #34 6.639 Downloading certifi-2025.8.3-py3-none-any.whl (161 kB)
2025-08-20T20:58:27.5860222Z #34 6.666 Downloading amqp-5.3.1-py3-none-any.whl (50 kB)
2025-08-20T20:58:27.5860789Z #34 6.686 Downloading h11-0.16.0-py3-none-any.whl (37 kB)
2025-08-20T20:58:27.5861437Z #34 6.706 Downloading prompt_toolkit-3.0.51-py3-none-any.whl (387 kB)
2025-08-20T20:58:27.5862155Z #34 6.746 Downloading PyJWT-2.10.1-py3-none-any.whl (22 kB)
2025-08-20T20:58:27.5862633Z #34 6.770 Downloading six-1.17.0-py2.py3-none-any.whl (11 kB)
2025-08-20T20:58:27.5863118Z #34 6.792 Downloading sniffio-1.3.1-py3-none-any.whl (10 kB)
2025-08-20T20:58:27.5863618Z #34 6.815 Downloading packaging-25.0-py3-none-any.whl (66 kB)
2025-08-20T20:58:27.5864241Z #34 6.841 Downloading wcwidth-0.2.13-py2.py3-none-any.whl (34 kB)
2025-08-20T20:58:27.5866301Z #34 6.984 Installing collected packages: wcwidth, vine, tzdata, typing-extensions, sniffio, six, PyJWT, prompt-toolkit, packaging, idna, h11, greenlet, click, certifi, billiard, asyncpg, sqlalchemy, redis, python-dateutil, httpcore, click-repl, click-plugins, click-didyoumean, anyio, amqp, kombu, httpx, celery
2025-08-20T20:58:27.7217615Z #34 ...
2025-08-20T20:58:27.7217915Z 
2025-08-20T20:58:27.7218570Z #35 [etl base 4/5] RUN if [ -n "" ] && [ -f "" ]; then         pip install -r requirements.txt -c "";     else         pip install -r requirements.txt;     fi
2025-08-20T20:58:27.7219631Z #35 2.997 Collecting keepa==1.3.14 (from -r requirements.txt (line 1))
2025-08-20T20:58:27.7220421Z #35 3.070   Downloading keepa-1.3.14-py3-none-any.whl.metadata (10 kB)
2025-08-20T20:58:27.7221170Z #35 3.148 Collecting minio==7.1.15 (from -r requirements.txt (line 2))
2025-08-20T20:58:27.7222153Z #35 3.168   Downloading minio-7.1.15-py3-none-any.whl.metadata (4.2 kB)
2025-08-20T20:58:27.7223235Z #35 3.255 Collecting celery==5.3.* (from -r requirements.txt (line 3))
2025-08-20T20:58:27.7224006Z #35 3.276   Downloading celery-5.3.6-py3-none-any.whl.metadata (21 kB)
2025-08-20T20:58:27.7224762Z #35 3.430 Collecting redis==5.* (from -r requirements.txt (line 4))
2025-08-20T20:58:27.7225461Z #35 3.453   Downloading redis-5.3.1-py3-none-any.whl.metadata (9.2 kB)
2025-08-20T20:58:27.7226318Z #35 3.610 Collecting python-amazon-sp-api==0.8.0 (from -r requirements.txt (line 5))
2025-08-20T20:58:27.7227254Z #35 3.632   Downloading python_amazon_sp_api-0.8.0-py3-none-any.whl.metadata (3.2 kB)
2025-08-20T20:58:27.7228154Z #35 3.667 Collecting pydantic-settings==2.2.1 (from -r requirements.txt (line 6))
2025-08-20T20:58:27.7229080Z #35 3.685   Downloading pydantic_settings-2.2.1-py3-none-any.whl.metadata (3.1 kB)
2025-08-20T20:58:27.7230194Z #35 3.978 Collecting numpy<2 (from -r requirements.txt (line 7))
2025-08-20T20:58:27.7231156Z #35 3.995   Downloading numpy-1.26.4-cp312-cp312-manylinux_2_17_x86_64.manylinux2014_x86_64.whl.metadata (61 kB)
2025-08-20T20:58:27.7232370Z #35 4.250 Collecting pandas==2.2.* (from -r requirements.txt (line 8))
2025-08-20T20:58:27.7233365Z #35 4.271   Downloading pandas-2.2.3-cp312-cp312-manylinux_2_17_x86_64.manylinux2014_x86_64.whl.metadata (89 kB)
2025-08-20T20:58:27.7234397Z #35 4.420 Collecting pandera==0.19.* (from -r requirements.txt (line 9))
2025-08-20T20:58:27.7235196Z #35 4.438   Downloading pandera-0.19.3-py3-none-any.whl.metadata (15 kB)
2025-08-20T20:58:27.7235999Z #35 4.499 Collecting openpyxl==3.1.* (from -r requirements.txt (line 10))
2025-08-20T20:58:27.7236821Z #35 4.516   Downloading openpyxl-3.1.5-py2.py3-none-any.whl.metadata (2.5 kB)
2025-08-20T20:58:27.7237704Z #35 4.612 Collecting psycopg2-binary==2.9.* (from -r requirements.txt (line 11))
2025-08-20T20:58:27.7238781Z #35 4.631   Downloading psycopg2_binary-2.9.10-cp312-cp312-manylinux_2_17_x86_64.manylinux2014_x86_64.whl.metadata (4.9 kB)
2025-08-20T20:58:27.7239848Z #35 4.701 Collecting requests>=2.2 (from keepa==1.3.14->-r requirements.txt (line 1))
2025-08-20T20:58:27.7240732Z #35 4.719   Downloading requests-2.32.5-py3-none-any.whl.metadata (4.9 kB)
2025-08-20T20:58:27.7271838Z #35 4.816 Collecting tqdm (from keepa==1.3.14->-r requirements.txt (line 1))
2025-08-20T20:58:27.7272729Z #35 4.832   Downloading tqdm-4.67.1-py3-none-any.whl.metadata (57 kB)
2025-08-20T20:58:27.7273558Z #35 5.456 Collecting aiohttp (from keepa==1.3.14->-r requirements.txt (line 1))
2025-08-20T20:58:27.7274599Z #35 5.472   Downloading aiohttp-3.12.15-cp312-cp312-manylinux_2_17_x86_64.manylinux2014_x86_64.whl.metadata (7.7 kB)
2025-08-20T20:58:27.7275586Z #35 5.859 Collecting pydantic (from keepa==1.3.14->-r requirements.txt (line 1))
2025-08-20T20:58:27.7276391Z #35 5.876   Downloading pydantic-2.11.7-py3-none-any.whl.metadata (67 kB)
2025-08-20T20:58:27.7277175Z #35 5.927 Collecting certifi (from minio==7.1.15->-r requirements.txt (line 2))
2025-08-20T20:58:27.7277968Z #35 5.946   Downloading certifi-2025.8.3-py3-none-any.whl.metadata (2.4 kB)
2025-08-20T20:58:27.7278776Z #35 6.009 Collecting urllib3 (from minio==7.1.15->-r requirements.txt (line 2))
2025-08-20T20:58:27.7279495Z #35 6.025   Downloading urllib3-2.5.0-py3-none-any.whl.metadata (6.5 kB)
2025-08-20T20:58:27.7280291Z #35 6.081 Collecting billiard<5.0,>=4.2.0 (from celery==5.3.*->-r requirements.txt (line 3))
2025-08-20T20:58:27.7281132Z #35 6.100   Downloading billiard-4.2.1-py3-none-any.whl.metadata (4.4 kB)
2025-08-20T20:58:27.7282218Z #35 6.137 Collecting click-didyoumean>=0.3.0 (from celery==5.3.*->-r requirements.txt (line 3))
2025-08-20T20:58:27.7283126Z #35 6.157   Downloading click_didyoumean-0.3.1-py3-none-any.whl.metadata (3.9 kB)
2025-08-20T20:58:27.7283851Z #35 6.197 Collecting click-plugins>=1.1.1 (from celery==5.3.*->-r requirements.txt (line 3))
2025-08-20T20:58:27.7284754Z #35 6.216   Downloading click_plugins-1.1.1.2-py2.py3-none-any.whl.metadata (6.5 kB)
2025-08-20T20:58:27.7285598Z #35 6.266 Collecting click-repl>=0.2.0 (from celery==5.3.*->-r requirements.txt (line 3))
2025-08-20T20:58:27.7286643Z #35 6.285   Downloading click_repl-0.3.0-py3-none-any.whl.metadata (3.6 kB)
2025-08-20T20:58:27.7287424Z #35 6.331 Collecting click<9.0,>=8.1.2 (from celery==5.3.*->-r requirements.txt (line 3))
2025-08-20T20:58:27.7288180Z #35 6.348   Downloading click-8.2.1-py3-none-any.whl.metadata (2.5 kB)
2025-08-20T20:58:27.7288946Z #35 6.413 Collecting kombu<6.0,>=5.3.4 (from celery==5.3.*->-r requirements.txt (line 3))
2025-08-20T20:58:27.7289714Z #35 6.431   Downloading kombu-5.5.4-py3-none-any.whl.metadata (3.5 kB)
2025-08-20T20:58:27.7290532Z #35 6.471 Collecting python-dateutil>=2.8.2 (from celery==5.3.*->-r requirements.txt (line 3))
2025-08-20T20:58:27.7291473Z #35 6.487   Downloading python_dateutil-2.9.0.post0-py2.py3-none-any.whl.metadata (8.4 kB)
2025-08-20T20:58:27.7292761Z #35 6.531 Collecting tzdata>=2022.7 (from celery==5.3.*->-r requirements.txt (line 3))
2025-08-20T20:58:27.7293593Z #35 6.551   Downloading tzdata-2025.2-py2.py3-none-any.whl.metadata (1.4 kB)
2025-08-20T20:58:27.7294361Z #35 6.586 Collecting vine<6.0,>=5.1.0 (from celery==5.3.*->-r requirements.txt (line 3))
2025-08-20T20:58:27.7295141Z #35 6.606   Downloading vine-5.1.0-py3-none-any.whl.metadata (2.7 kB)
2025-08-20T20:58:27.7295912Z #35 6.658 Collecting PyJWT>=2.9.0 (from redis==5.*->-r requirements.txt (line 4))
2025-08-20T20:58:27.7296717Z #35 6.677   Downloading PyJWT-2.10.1-py3-none-any.whl.metadata (4.0 kB)
2025-08-20T20:58:27.7297581Z #35 6.712 Collecting six<2,>=1.15 (from python-amazon-sp-api==0.8.0->-r requirements.txt (line 5))
2025-08-20T20:58:27.7298490Z #35 6.743   Downloading six-1.17.0-py2.py3-none-any.whl.metadata (1.7 kB)
2025-08-20T20:58:27.7299370Z #35 7.415 Collecting boto3<2,>=1.16.39 (from python-amazon-sp-api==0.8.0->-r requirements.txt (line 5))
2025-08-20T20:58:27.7300254Z #35 7.432   Downloading boto3-1.40.14-py3-none-any.whl.metadata (6.7 kB)
2025-08-20T20:58:27.7301165Z #35 7.479 Collecting cachetools~=4.2.0 (from python-amazon-sp-api==0.8.0->-r requirements.txt (line 5))
2025-08-20T20:58:27.7332513Z #35 7.499   Downloading cachetools-4.2.4-py3-none-any.whl.metadata (4.8 kB)
2025-08-20T20:58:27.7333499Z #35 7.638 Collecting pycryptodome (from python-amazon-sp-api==0.8.0->-r requirements.txt (line 5))
2025-08-20T20:58:27.7334701Z #35 7.662   Downloading pycryptodome-3.23.0-cp37-abi3-manylinux_2_17_x86_64.manylinux2014_x86_64.whl.metadata (3.4 kB)
2025-08-20T20:58:27.7335831Z #35 7.744 Collecting pytz (from python-amazon-sp-api==0.8.0->-r requirements.txt (line 5))
2025-08-20T20:58:27.7336703Z #35 7.759   Downloading pytz-2025.2-py2.py3-none-any.whl.metadata (22 kB)
2025-08-20T20:58:27.7337619Z #35 7.797 Collecting confuse~=1.4.0 (from python-amazon-sp-api==0.8.0->-r requirements.txt (line 5))
2025-08-20T20:58:27.7338541Z #35 7.847   Downloading confuse-1.4.0-py2.py3-none-any.whl.metadata (3.8 kB)
2025-08-20T20:58:27.7339503Z #35 7.909 Collecting python-dotenv>=0.21.0 (from pydantic-settings==2.2.1->-r requirements.txt (line 6))
2025-08-20T20:58:27.7340443Z #35 7.925   Downloading python_dotenv-1.1.1-py3-none-any.whl.metadata (24 kB)
2025-08-20T20:58:27.7341333Z #35 7.995 Collecting multimethod<=1.10.0 (from pandera==0.19.*->-r requirements.txt (line 9))
2025-08-20T20:58:27.7342482Z #35 8.013   Downloading multimethod-1.10-py3-none-any.whl.metadata (8.2 kB)
2025-08-20T20:58:27.7343337Z #35 8.076 Collecting packaging>=20.0 (from pandera==0.19.*->-r requirements.txt (line 9))
2025-08-20T20:58:27.7344187Z #35 8.092   Downloading packaging-25.0-py3-none-any.whl.metadata (3.3 kB)
2025-08-20T20:58:27.7344990Z #35 8.162 Collecting typeguard (from pandera==0.19.*->-r requirements.txt (line 9))
2025-08-20T20:58:27.7345828Z #35 8.180   Downloading typeguard-4.4.4-py3-none-any.whl.metadata (3.3 kB)
2025-08-20T20:58:27.7346701Z #35 8.222 Collecting typing-inspect>=0.6.0 (from pandera==0.19.*->-r requirements.txt (line 9))
2025-08-20T20:58:27.7347612Z #35 8.239   Downloading typing_inspect-0.9.0-py3-none-any.whl.metadata (1.5 kB)
2025-08-20T20:58:27.7348443Z #35 8.469 Collecting wrapt (from pandera==0.19.*->-r requirements.txt (line 9))
2025-08-20T20:58:27.7349813Z #35 8.486   Downloading wrapt-1.17.3-cp312-cp312-manylinux1_x86_64.manylinux_2_28_x86_64.manylinux_2_5_x86_64.whl.metadata (6.4 kB)
2025-08-20T20:58:27.7350943Z #35 8.526 Collecting et-xmlfile (from openpyxl==3.1.*->-r requirements.txt (line 10))
2025-08-20T20:58:27.7351963Z #35 8.543   Downloading et_xmlfile-2.0.0-py3-none-any.whl.metadata (2.7 kB)
2025-08-20T20:58:27.7352923Z #35 9.104 Collecting botocore<1.41.0,>=1.40.14 (from boto3<2,>=1.16.39->python-amazon-sp-api==0.8.0->-r requirements.txt (line 5))
2025-08-20T20:58:27.7353687Z #35 9.123   Downloading botocore-1.40.14-py3-none-any.whl.metadata (5.7 kB)
2025-08-20T20:58:27.7354629Z #35 9.167 Collecting jmespath<2.0.0,>=0.7.1 (from boto3<2,>=1.16.39->python-amazon-sp-api==0.8.0->-r requirements.txt (line 5))
2025-08-20T20:58:27.7355808Z #35 9.182   Downloading jmespath-1.0.1-py3-none-any.whl.metadata (7.6 kB)
2025-08-20T20:58:27.7356863Z #35 9.231 Collecting s3transfer<0.14.0,>=0.13.0 (from boto3<2,>=1.16.39->python-amazon-sp-api==0.8.0->-r requirements.txt (line 5))
2025-08-20T20:58:27.7357890Z #35 9.251   Downloading s3transfer-0.13.1-py3-none-any.whl.metadata (1.7 kB)
2025-08-20T20:58:27.7358869Z #35 9.399 Collecting prompt-toolkit>=3.0.36 (from click-repl>=0.2.0->celery==5.3.*->-r requirements.txt (line 3))
2025-08-20T20:58:27.7359871Z #35 9.418   Downloading prompt_toolkit-3.0.51-py3-none-any.whl.metadata (6.4 kB)
2025-08-20T20:58:27.7360844Z #35 9.517 Collecting pyyaml (from confuse~=1.4.0->python-amazon-sp-api==0.8.0->-r requirements.txt (line 5))
2025-08-20T20:58:27.7392665Z #35 9.546   Downloading PyYAML-6.0.2-cp312-cp312-manylinux_2_17_x86_64.manylinux2014_x86_64.whl.metadata (2.1 kB)
2025-08-20T20:58:27.7393729Z #35 9.713 Collecting amqp<6.0.0,>=5.1.1 (from kombu<6.0,>=5.3.4->celery==5.3.*->-r requirements.txt (line 3))
2025-08-20T20:58:27.7394538Z #35 9.730   Downloading amqp-5.3.1-py3-none-any.whl.metadata (8.9 kB)
2025-08-20T20:58:27.7395384Z #35 9.779 Collecting annotated-types>=0.6.0 (from pydantic->keepa==1.3.14->-r requirements.txt (line 1))
2025-08-20T20:58:27.7396302Z #35 9.796   Downloading annotated_types-0.7.0-py3-none-any.whl.metadata (15 kB)
2025-08-20T20:58:27.9687826Z #35 ...
2025-08-20T20:58:27.9697386Z 
2025-08-20T20:58:27.9697761Z #33 [api base  4/13] RUN pip install --no-cache-dir -r requirements.txt
2025-08-20T20:58:27.9698733Z #33 10.54 Collecting httptools>=0.5.0 (from uvicorn[standard]>=0.12.0->fastapi==0.111.0->-r requirements.txt (line 3))
2025-08-20T20:58:28.1100726Z #33 10.56   Downloading httptools-0.6.4-cp312-cp312-manylinux_2_5_x86_64.manylinux1_x86_64.manylinux_2_17_x86_64.manylinux2014_x86_64.whl.metadata (3.6 kB)
2025-08-20T20:58:28.1112473Z #33 10.61 Collecting pyyaml>=5.1 (from uvicorn[standard]>=0.12.0->fastapi==0.111.0->-r requirements.txt (line 3))
2025-08-20T20:58:28.1113840Z #33 10.63   Downloading PyYAML-6.0.2-cp312-cp312-manylinux_2_17_x86_64.manylinux2014_x86_64.whl.metadata (2.1 kB)
2025-08-20T20:58:28.2120373Z #33 10.69 Collecting uvloop!=0.15.0,!=0.15.1,>=0.14.0 (from uvicorn[standard]>=0.12.0->fastapi==0.111.0->-r requirements.txt (line 3))
2025-08-20T20:58:28.2121869Z #33 10.71   Downloading uvloop-0.21.0-cp312-cp312-manylinux_2_17_x86_64.manylinux2014_x86_64.whl.metadata (4.9 kB)
2025-08-20T20:58:28.3921959Z #33 10.81 Collecting watchfiles>=0.13 (from uvicorn[standard]>=0.12.0->fastapi==0.111.0->-r requirements.txt (line 3))
2025-08-20T20:58:28.3937988Z #33 10.83   Downloading watchfiles-1.1.0-cp312-cp312-manylinux_2_17_x86_64.manylinux2014_x86_64.whl.metadata (4.9 kB)
2025-08-20T20:58:28.5039025Z #33 11.01 Collecting websockets>=10.4 (from uvicorn[standard]>=0.12.0->fastapi==0.111.0->-r requirements.txt (line 3))
2025-08-20T20:58:28.5042889Z #33 11.03   Downloading websockets-15.0.1-cp312-cp312-manylinux_2_5_x86_64.manylinux1_x86_64.manylinux_2_17_x86_64.manylinux2014_x86_64.whl.metadata (6.8 kB)
2025-08-20T20:58:28.5044562Z #33 11.07 Collecting wcwidth (from prompt-toolkit>=3.0.36->click-repl>=0.2.0->celery==5.3.*->-r requirements.txt (line 11))
2025-08-20T20:58:28.6082959Z #33 11.09   Downloading wcwidth-0.2.13-py2.py3-none-any.whl.metadata (14 kB)
2025-08-20T20:58:28.6084852Z #33 11.17 Collecting rich>=13.7.1 (from rich-toolkit>=0.14.8->fastapi-cli>=0.0.2->fastapi==0.111.0->-r requirements.txt (line 3))
2025-08-20T20:58:28.7238142Z #33 11.19   Downloading rich-14.1.0-py3-none-any.whl.metadata (18 kB)
2025-08-20T20:58:28.7241971Z #33 11.25 Collecting shellingham>=1.3.0 (from typer>=0.15.1->fastapi-cli>=0.0.2->fastapi==0.111.0->-r requirements.txt (line 3))
2025-08-20T20:58:28.7243400Z #33 11.26   Downloading shellingham-1.5.4-py2.py3-none-any.whl.metadata (3.5 kB)
2025-08-20T20:58:28.8516929Z #33 ...
2025-08-20T20:58:28.8519239Z 
2025-08-20T20:58:28.8520647Z #31 [postgres 2/6] RUN set -eux;     if [ -f /etc/apt/sources.list ]; then         sed -i 's|http://deb.debian.org|https://deb.debian.org|g' /etc/apt/sources.list;     fi;     apt-get update;     apt-get install -y locales;     locale-gen en_US.UTF-8;     rm -rf /var/lib/apt/lists/*
2025-08-20T20:58:28.8522575Z #31 3.793   en_US.UTF-8... done
2025-08-20T20:58:28.8522982Z #31 5.346 Generation complete.
2025-08-20T20:58:28.8528037Z #31 5.346 + rm -rf /var/lib/apt/lists/apt.postgresql.org_pub_repos_apt_dists_trixie-pgdg_16_binary-amd64_Packages.lz4 /var/lib/apt/lists/apt.postgresql.org_pub_repos_apt_dists_trixie-pgdg_InRelease /var/lib/apt/lists/apt.postgresql.org_pub_repos_apt_dists_trixie-pgdg_main_binary-amd64_Packages.lz4 /var/lib/apt/lists/auxfiles /var/lib/apt/lists/deb.debian.org_debian-security_dists_trixie-security_InRelease /var/lib/apt/lists/deb.debian.org_debian-security_dists_trixie-security_main_binary-amd64_Packages.lz4 /var/lib/apt/lists/deb.debian.org_debian_dists_trixie-updates_InRelease /var/lib/apt/lists/deb.debian.org_debian_dists_trixie-updates_main_binary-amd64_Packages.lz4 /var/lib/apt/lists/deb.debian.org_debian_dists_trixie_InRelease /var/lib/apt/lists/deb.debian.org_debian_dists_trixie_main_binary-amd64_Packages.lz4 /var/lib/apt/lists/lock /var/lib/apt/lists/partial
2025-08-20T20:58:28.8533412Z #31 DONE 5.4s
2025-08-20T20:58:28.8533601Z 
2025-08-20T20:58:28.8533947Z #36 [postgres 3/6] COPY docker/postgres/pg_hba.conf /etc/postgresql/pg_hba.conf
2025-08-20T20:58:28.8534531Z #36 DONE 0.0s
2025-08-20T20:58:28.8534705Z 
2025-08-20T20:58:28.8535162Z #37 [postgres 4/6] COPY docker/postgres/init-pg_hba.sh /docker-entrypoint-initdb.d/10_init_pg_hba.sh
2025-08-20T20:58:28.8535860Z #37 DONE 0.0s
2025-08-20T20:58:28.8536042Z 
2025-08-20T20:58:28.8536422Z #38 [postgres 5/6] COPY docker/postgres/postgresql.conf /etc/postgresql/postgresql.conf
2025-08-20T20:58:28.8537057Z #38 DONE 0.0s
2025-08-20T20:58:28.8537235Z 
2025-08-20T20:58:28.8537501Z #33 [api base  4/13] RUN pip install --no-cache-dir -r requirements.txt
2025-08-20T20:58:28.8538526Z #33 11.35 Collecting markdown-it-py>=2.2.0 (from rich>=13.7.1->rich-toolkit>=0.14.8->fastapi-cli>=0.0.2->fastapi==0.111.0->-r requirements.txt (line 3))
2025-08-20T20:58:28.8539605Z #33 11.37   Downloading markdown_it_py-4.0.0-py3-none-any.whl.metadata (7.3 kB)
2025-08-20T20:58:28.8540678Z #33 11.42 Collecting pygments<3.0.0,>=2.13.0 (from rich>=13.7.1->rich-toolkit>=0.14.8->fastapi-cli>=0.0.2->fastapi==0.111.0->-r requirements.txt (line 3))
2025-08-20T20:58:28.9566278Z #33 11.44   Downloading pygments-2.19.2-py3-none-any.whl.metadata (2.5 kB)
2025-08-20T20:58:28.9571816Z #33 11.46 Collecting mdurl~=0.1 (from markdown-it-py>=2.2.0->rich>=13.7.1->rich-toolkit>=0.14.8->fastapi-cli>=0.0.2->fastapi==0.111.0->-r requirements.txt (line 3))
2025-08-20T20:58:28.9572946Z #33 11.48   Downloading mdurl-0.1.2-py3-none-any.whl.metadata (1.6 kB)
2025-08-20T20:58:28.9573524Z #33 11.51 Downloading uvicorn-0.29.0-py3-none-any.whl (60 kB)
2025-08-20T20:58:28.9574250Z #33 11.53 Downloading pydantic_settings-2.2.1-py3-none-any.whl (13 kB)
2025-08-20T20:58:29.0648442Z #33 ...
2025-08-20T20:58:29.0649152Z 
2025-08-20T20:58:29.0650216Z #39 [postgres 6/6] RUN chmod 0644 /etc/postgresql/pg_hba.conf &&     chmod +x /docker-entrypoint-initdb.d/10_init_pg_hba.sh
2025-08-20T20:58:29.0651975Z #39 DONE 0.2s
2025-08-20T20:58:29.0652864Z 
2025-08-20T20:58:29.0653330Z #33 [api base  4/13] RUN pip install --no-cache-dir -r requirements.txt
2025-08-20T20:58:29.0654111Z #33 11.54 Downloading fastapi-0.111.0-py3-none-any.whl (91 kB)
2025-08-20T20:58:29.0655072Z #33 11.57 Downloading SQLAlchemy-2.0.29-cp312-cp312-manylinux_2_17_x86_64.manylinux2014_x86_64.whl (3.2 MB)
2025-08-20T20:58:29.1970274Z #33 11.64    ━━━━━━━━━━━━━━━━━━━━━━━━━━━━━━━━━━━━━━━━ 3.2/3.2 MB 62.1 MB/s eta 0:00:00
2025-08-20T20:58:29.1972315Z #33 11.67 Downloading alembic-1.13.1-py3-none-any.whl (233 kB)
2025-08-20T20:58:29.1974925Z #33 11.69 Downloading psycopg-3.2.9-py3-none-any.whl (202 kB)
2025-08-20T20:58:29.1977294Z #33 11.70 Downloading httpx-0.27.2-py3-none-any.whl (76 kB)
2025-08-20T20:58:29.1979743Z #33 11.72 Downloading asyncpg-0.29.0-cp312-cp312-manylinux_2_17_x86_64.manylinux2014_x86_64.whl (3.3 MB)
2025-08-20T20:58:29.1981323Z #33 11.73    ━━━━━━━━━━━━━━━━━━━━━━━━━━━━━━━━━━━━━━━━ 3.3/3.3 MB 290.7 MB/s eta 0:00:00
2025-08-20T20:58:29.1983396Z #33 11.76 Downloading boto3-1.34.162-py3-none-any.whl (139 kB)
2025-08-20T20:58:29.1984037Z #33 11.77 Downloading jinja2-3.1.5-py3-none-any.whl (134 kB)
2025-08-20T20:58:29.3192846Z #33 11.80 Downloading celery-5.3.6-py3-none-any.whl (422 kB)
2025-08-20T20:58:29.3193561Z #33 11.81 Downloading structlog-24.1.0-py3-none-any.whl (65 kB)
2025-08-20T20:58:29.3194270Z #33 11.84 Downloading asgi_correlation_id-4.3.1-py3-none-any.whl (15 kB)
2025-08-20T20:58:29.3195013Z #33 11.85 Downloading fastapi_limiter-0.1.6-py3-none-any.whl (15 kB)
2025-08-20T20:58:29.3195668Z #33 11.87 Downloading redis-5.0.8-py3-none-any.whl (255 kB)
2025-08-20T20:58:29.3196299Z #33 11.89 Downloading sentry_sdk-2.9.0-py2.py3-none-any.whl (301 kB)
2025-08-20T20:58:29.4368414Z #33 11.90 Downloading httpcore-1.0.9-py3-none-any.whl (78 kB)
2025-08-20T20:58:29.4377657Z #33 11.93 Downloading psycopg_binary-3.2.9-cp312-cp312-manylinux_2_17_x86_64.manylinux2014_x86_64.whl (4.4 MB)
2025-08-20T20:58:29.4380723Z #33 11.95    ━━━━━━━━━━━━━━━━━━━━━━━━━━━━━━━━━━━━━━━━ 4.4/4.4 MB 221.5 MB/s eta 0:00:00
2025-08-20T20:58:29.4381373Z #33 11.97 Downloading billiard-4.2.1-py3-none-any.whl (86 kB)
2025-08-20T20:58:29.4382181Z #33 12.00 Downloading botocore-1.34.162-py3-none-any.whl (12.5 MB)
2025-08-20T20:58:29.5517392Z #33 ...
2025-08-20T20:58:29.5517999Z 
2025-08-20T20:58:29.5519229Z #34 [fees_h10 base 4/6] RUN if [ -n "" ] && [ -f "fees_h10/" ]; then         pip install -r fees_h10/requirements.txt -c fees_h10/;     else         pip install -r fees_h10/requirements.txt;     fi
2025-08-20T20:58:29.5523469Z #34 11.62 WARNING: Running pip as the 'root' user can result in broken permissions and conflicting behaviour with the system package manager, possibly rendering your system unusable. It is recommended to use a virtual environment instead: https://pip.pypa.io/warnings/venv. Use the --root-user-action option if you know what you are doing and want to suppress this warning.
2025-08-20T20:58:29.5527715Z #34 11.62 Successfully installed PyJWT-2.10.1 amqp-5.3.1 anyio-4.10.0 asyncpg-0.30.0 billiard-4.2.1 celery-5.4.0 certifi-2025.8.3 click-8.2.1 click-didyoumean-0.3.1 click-plugins-1.1.1.2 click-repl-0.3.0 greenlet-3.2.4 h11-0.16.0 httpcore-1.0.9 httpx-0.28.1 idna-3.10 kombu-5.5.4 packaging-25.0 prompt-toolkit-3.0.51 python-dateutil-2.9.0.post0 redis-5.3.1 six-1.17.0 sniffio-1.3.1 sqlalchemy-2.0.43 typing-extensions-4.14.1 tzdata-2025.2 vine-5.1.0 wcwidth-0.2.13
2025-08-20T20:58:29.5530125Z #34 11.78 
2025-08-20T20:58:29.5530530Z #34 11.78 [notice] A new release of pip is available: 25.0.1 -> 25.2
2025-08-20T20:58:29.5531123Z #34 11.78 [notice] To update, run: pip install --upgrade pip
2025-08-20T20:58:29.5531745Z #34 DONE 12.0s
2025-08-20T20:58:29.5531930Z 
2025-08-20T20:58:29.5532083Z #40 [fees_h10 base 5/6] COPY . ./fees_h10
2025-08-20T20:58:29.5532471Z #40 DONE 0.1s
2025-08-20T20:58:29.5532637Z 
2025-08-20T20:58:29.5532916Z #33 [api base  4/13] RUN pip install --no-cache-dir -r requirements.txt
2025-08-20T20:58:29.5533893Z #33 12.05    ━━━━━━━━━━━━━━━━━━━━━━━━━━━━━━━━━━━━━━━━ 12.5/12.5 MB 232.0 MB/s eta 0:00:00
2025-08-20T20:58:29.5534810Z #33 12.06 Downloading click-8.2.1-py3-none-any.whl (102 kB)
2025-08-20T20:58:29.5535445Z #33 12.08 Downloading click_didyoumean-0.3.1-py3-none-any.whl (3.6 kB)
2025-08-20T20:58:29.5536165Z #33 12.11 Downloading click_plugins-1.1.1.2-py2.py3-none-any.whl (11 kB)
2025-08-20T20:58:29.5536831Z #33 12.12 Downloading click_repl-0.3.0-py3-none-any.whl (10 kB)
2025-08-20T20:58:29.6713095Z #33 ...
2025-08-20T20:58:29.6713381Z 
2025-08-20T20:58:29.6716448Z #41 [fees_h10 base 6/6] COPY start.sh ./start.sh
2025-08-20T20:58:29.6717185Z #41 DONE 0.1s
2025-08-20T20:58:29.6718142Z 
2025-08-20T20:58:29.6718700Z #33 [api base  4/13] RUN pip install --no-cache-dir -r requirements.txt
2025-08-20T20:58:29.6719586Z #33 12.14 Downloading email_validator-2.2.0-py3-none-any.whl (33 kB)
2025-08-20T20:58:29.6720777Z #33 12.16 Downloading fastapi_cli-0.0.8-py3-none-any.whl (10 kB)
2025-08-20T20:58:29.6722163Z #33 12.18 Downloading greenlet-3.2.4-cp312-cp312-manylinux_2_24_x86_64.manylinux_2_28_x86_64.whl (607 kB)
2025-08-20T20:58:29.6724109Z #33 12.19    ━━━━━━━━━━━━━━━━━━━━━━━━━━━━━━━━━━━━━━━ 607.6/607.6 kB 377.7 MB/s eta 0:00:00
2025-08-20T20:58:29.6725062Z #33 12.20 Downloading h11-0.16.0-py3-none-any.whl (37 kB)
2025-08-20T20:58:29.6725783Z #33 12.22 Downloading idna-3.10-py3-none-any.whl (70 kB)
2025-08-20T20:58:29.6742272Z #33 12.23 Downloading jmespath-1.0.1-py3-none-any.whl (20 kB)
2025-08-20T20:58:29.7830684Z #33 12.26 Downloading kombu-5.5.4-py3-none-any.whl (210 kB)
2025-08-20T20:58:29.7833888Z #33 12.28 Downloading vine-5.1.0-py3-none-any.whl (9.6 kB)
2025-08-20T20:58:29.7836842Z #33 12.31 Downloading MarkupSafe-3.0.2-cp312-cp312-manylinux_2_17_x86_64.manylinux2014_x86_64.whl (23 kB)
2025-08-20T20:58:29.7840742Z #33 12.31 Downloading orjson-3.11.2-cp312-cp312-manylinux_2_17_x86_64.manylinux2014_x86_64.whl (121 kB)
2025-08-20T20:58:29.7841776Z #33 12.33 Downloading pydantic-2.11.7-py3-none-any.whl (444 kB)
2025-08-20T20:58:29.7842691Z #33 12.35 Downloading pydantic_core-2.33.2-cp312-cp312-manylinux_2_17_x86_64.manylinux2014_x86_64.whl (2.0 MB)
2025-08-20T20:58:29.8836189Z #33 12.36    ━━━━━━━━━━━━━━━━━━━━━━━━━━━━━━━━━━━━━━━━ 2.0/2.0 MB 392.9 MB/s eta 0:00:00
2025-08-20T20:58:29.8839729Z #33 12.39 Downloading python_dateutil-2.9.0.post0-py2.py3-none-any.whl (229 kB)
2025-08-20T20:58:29.8840551Z #33 12.40 Downloading python_dotenv-1.1.1-py3-none-any.whl (20 kB)
2025-08-20T20:58:29.8841263Z #33 12.42 Downloading python_multipart-0.0.20-py3-none-any.whl (24 kB)
2025-08-20T20:58:29.8842233Z #33 12.43 Downloading s3transfer-0.10.4-py3-none-any.whl (83 kB)
2025-08-20T20:58:29.9931889Z #33 12.46 Downloading starlette-0.37.2-py3-none-any.whl (71 kB)
2025-08-20T20:58:29.9933175Z #33 12.48 Downloading anyio-4.10.0-py3-none-any.whl (107 kB)
2025-08-20T20:58:29.9938447Z #33 12.50 Downloading sniffio-1.3.1-py3-none-any.whl (10 kB)
2025-08-20T20:58:29.9939152Z #33 12.52 Downloading typing_extensions-4.14.1-py3-none-any.whl (43 kB)
2025-08-20T20:58:29.9939876Z #33 12.54 Downloading tzdata-2025.2-py2.py3-none-any.whl (347 kB)
2025-08-20T20:58:29.9940717Z #33 12.55 Downloading ujson-5.11.0-cp312-cp312-manylinux_2_24_x86_64.manylinux_2_28_x86_64.whl (57 kB)
2025-08-20T20:58:29.9941702Z #33 12.56 Downloading urllib3-2.5.0-py3-none-any.whl (129 kB)
2025-08-20T20:58:30.1063736Z #33 12.59 Downloading certifi-2025.8.3-py3-none-any.whl (161 kB)
2025-08-20T20:58:30.1066686Z #33 12.60 Downloading mako-1.3.10-py3-none-any.whl (78 kB)
2025-08-20T20:58:30.1067305Z #33 12.62 Downloading amqp-5.3.1-py3-none-any.whl (50 kB)
2025-08-20T20:58:30.1067951Z #33 12.64 Downloading annotated_types-0.7.0-py3-none-any.whl (13 kB)
2025-08-20T20:58:30.1068538Z #33 12.65 Downloading dnspython-2.7.0-py3-none-any.whl (313 kB)
2025-08-20T20:58:30.1069603Z #33 12.67 Downloading httptools-0.6.4-cp312-cp312-manylinux_2_5_x86_64.manylinux1_x86_64.manylinux_2_17_x86_64.manylinux2014_x86_64.whl (510 kB)
2025-08-20T20:58:30.2146807Z #33 12.69 Downloading prompt_toolkit-3.0.51-py3-none-any.whl (387 kB)
2025-08-20T20:58:30.2153588Z #33 12.71 Downloading PyYAML-6.0.2-cp312-cp312-manylinux_2_17_x86_64.manylinux2014_x86_64.whl (767 kB)
2025-08-20T20:58:30.2159981Z #33 12.72    ━━━━━━━━━━━━━━━━━━━━━━━━━━━━━━━━━━━━━━━ 767.5/767.5 kB 445.8 MB/s eta 0:00:00
2025-08-20T20:58:30.2171025Z #33 12.74 Downloading rich_toolkit-0.15.0-py3-none-any.whl (29 kB)
2025-08-20T20:58:30.2171908Z #33 12.75 Downloading six-1.17.0-py2.py3-none-any.whl (11 kB)
2025-08-20T20:58:30.2172533Z #33 12.77 Downloading typer-0.16.1-py3-none-any.whl (46 kB)
2025-08-20T20:58:30.2173202Z #33 12.79 Downloading typing_inspection-0.4.1-py3-none-any.whl (14 kB)
2025-08-20T20:58:30.3188902Z #33 ...
2025-08-20T20:58:30.3189831Z 
2025-08-20T20:58:30.3191834Z #42 [postgres] exporting to image
2025-08-20T20:58:30.3192624Z #42 exporting layers 1.2s done
2025-08-20T20:58:30.3193767Z #42 writing image sha256:9e0ef72b1ee4fe46db519005c6d6de0575bfc8e2318529018c6d0b95fd05639b done
2025-08-20T20:58:30.3194635Z #42 naming to docker.io/library/awa-app-postgres done
2025-08-20T20:58:30.3195150Z #42 DONE 1.3s
2025-08-20T20:58:30.3195337Z 
2025-08-20T20:58:30.3195551Z #43 [postgres] resolving provenance for metadata file
2025-08-20T20:58:30.3196027Z #43 DONE 0.0s
2025-08-20T20:58:30.3196204Z 
2025-08-20T20:58:30.3196480Z #33 [api base  4/13] RUN pip install --no-cache-dir -r requirements.txt
2025-08-20T20:58:30.3197371Z #33 12.80 Downloading uvloop-0.21.0-cp312-cp312-manylinux_2_17_x86_64.manylinux2014_x86_64.whl (4.7 MB)
2025-08-20T20:58:30.3198592Z #33 12.82    ━━━━━━━━━━━━━━━━━━━━━━━━━━━━━━━━━━━━━━━━ 4.7/4.7 MB 284.7 MB/s eta 0:00:00
2025-08-20T20:58:30.3199477Z #33 12.84 Downloading watchfiles-1.1.0-cp312-cp312-manylinux_2_17_x86_64.manylinux2014_x86_64.whl (452 kB)
2025-08-20T20:58:30.3200806Z #33 12.86 Downloading websockets-15.0.1-cp312-cp312-manylinux_2_5_x86_64.manylinux1_x86_64.manylinux_2_17_x86_64.manylinux2014_x86_64.whl (182 kB)
2025-08-20T20:58:30.3202104Z #33 12.87 Downloading packaging-25.0-py3-none-any.whl (66 kB)
2025-08-20T20:58:30.3202743Z #33 12.89 Downloading rich-14.1.0-py3-none-any.whl (243 kB)
2025-08-20T20:58:30.4454481Z #33 12.91 Downloading shellingham-1.5.4-py2.py3-none-any.whl (9.8 kB)
2025-08-20T20:58:30.4455256Z #33 12.92 Downloading wcwidth-0.2.13-py2.py3-none-any.whl (34 kB)
2025-08-20T20:58:30.4455857Z #33 12.94 Downloading markdown_it_py-4.0.0-py3-none-any.whl (87 kB)
2025-08-20T20:58:30.4456459Z #33 12.96 Downloading pygments-2.19.2-py3-none-any.whl (1.2 MB)
2025-08-20T20:58:30.4457358Z #33 12.96    ━━━━━━━━━━━━━━━━━━━━━━━━━━━━━━━━━━━━━━━━ 1.2/1.2 MB 454.5 MB/s eta 0:00:00
2025-08-20T20:58:30.4457911Z #33 12.98 Downloading mdurl-0.1.2-py3-none-any.whl (10.0 kB)
2025-08-20T20:58:30.6563373Z #33 13.23 Installing collected packages: wcwidth, websockets, vine, uvloop, urllib3, ujson, tzdata, typing-extensions, structlog, sniffio, six, shellingham, redis, pyyaml, python-multipart, python-dotenv, pygments, psycopg-binary, prompt-toolkit, packaging, orjson, mdurl, MarkupSafe, jmespath, idna, httptools, h11, greenlet, dnspython, click, certifi, billiard, asyncpg, annotated-types, uvicorn, typing-inspection, sqlalchemy, sentry-sdk, python-dateutil, pydantic-core, psycopg, markdown-it-py, Mako, Jinja2, httpcore, email_validator, click-repl, click-plugins, click-didyoumean, anyio, amqp, watchfiles, starlette, rich, pydantic, kombu, httpx, botocore, alembic, typer, s3transfer, rich-toolkit, pydantic-settings, celery, asgi-correlation-id, fastapi-cli, boto3, fastapi, fastapi-limiter
2025-08-20T20:58:32.0952907Z #33 ...
2025-08-20T20:58:32.0953155Z 
2025-08-20T20:58:32.0953492Z #44 [fees_h10 stage-1 3/5] COPY --from=base /usr/local /usr/local
2025-08-20T20:58:32.0954026Z #44 DONE 1.4s
2025-08-20T20:58:32.0954209Z 
2025-08-20T20:58:32.0954433Z #45 [fees_h10 stage-1 4/5] COPY --from=base /app /app
2025-08-20T20:58:32.0954895Z #45 DONE 0.0s
2025-08-20T20:58:32.1960140Z 
2025-08-20T20:58:32.1961045Z #46 [fees_h10 stage-1 5/5] RUN chmod +x ./start.sh
2025-08-20T20:58:32.1973172Z #46 DONE 0.2s
2025-08-20T20:58:32.1973386Z 
2025-08-20T20:58:32.1973846Z #47 [fees_h10] exporting to image
2025-08-20T20:58:33.4834034Z #47 exporting layers 1.3s done
2025-08-20T20:58:33.6603294Z #47 writing image sha256:9ed2fdb04e4d3ee5fb5ce5b8d61d7d837531670f4093b2072b70a81ae5edbebf done
2025-08-20T20:58:33.6607437Z #47 naming to docker.io/library/awa-app-fees_h10 done
2025-08-20T20:58:33.6608388Z #47 DONE 1.3s
2025-08-20T20:58:33.6608824Z 
2025-08-20T20:58:33.6609102Z #48 [fees_h10] resolving provenance for metadata file
2025-08-20T20:58:33.6609627Z #48 DONE 0.0s
2025-08-20T20:58:33.6609830Z 
2025-08-20T20:58:33.6610399Z #35 [etl base 4/5] RUN if [ -n "" ] && [ -f "" ]; then         pip install -r requirements.txt -c "";     else         pip install -r requirements.txt;     fi
2025-08-20T20:58:33.6611809Z #35 10.67 Collecting pydantic-core==2.33.2 (from pydantic->keepa==1.3.14->-r requirements.txt (line 1))
2025-08-20T20:58:33.6613325Z #35 10.68   Downloading pydantic_core-2.33.2-cp312-cp312-manylinux_2_17_x86_64.manylinux2014_x86_64.whl.metadata (6.8 kB)
2025-08-20T20:58:33.6614591Z #35 10.72 Collecting typing-extensions>=4.12.2 (from pydantic->keepa==1.3.14->-r requirements.txt (line 1))
2025-08-20T20:58:33.6615640Z #35 10.74   Downloading typing_extensions-4.14.1-py3-none-any.whl.metadata (3.0 kB)
2025-08-20T20:58:33.6616671Z #35 10.77 Collecting typing-inspection>=0.4.0 (from pydantic->keepa==1.3.14->-r requirements.txt (line 1))
2025-08-20T20:58:33.6617707Z #35 10.79   Downloading typing_inspection-0.4.1-py3-none-any.whl.metadata (2.6 kB)
2025-08-20T20:58:33.6618676Z #35 10.95 Collecting charset_normalizer<4,>=2 (from requests>=2.2->keepa==1.3.14->-r requirements.txt (line 1))
2025-08-20T20:58:33.6619957Z #35 10.97   Downloading charset_normalizer-3.4.3-cp312-cp312-manylinux2014_x86_64.manylinux_2_17_x86_64.manylinux_2_28_x86_64.whl.metadata (36 kB)
2025-08-20T20:58:33.6621155Z #35 11.01 Collecting idna<4,>=2.5 (from requests>=2.2->keepa==1.3.14->-r requirements.txt (line 1))
2025-08-20T20:58:33.6622130Z #35 11.02   Downloading idna-3.10-py3-none-any.whl.metadata (10 kB)
2025-08-20T20:58:33.6623041Z #35 11.08 Collecting mypy-extensions>=0.3.0 (from typing-inspect>=0.6.0->pandera==0.19.*->-r requirements.txt (line 9))
2025-08-20T20:58:33.6624020Z #35 11.10   Downloading mypy_extensions-1.1.0-py3-none-any.whl.metadata (1.1 kB)
2025-08-20T20:58:33.6624925Z #35 11.14 Collecting aiohappyeyeballs>=2.5.0 (from aiohttp->keepa==1.3.14->-r requirements.txt (line 1))
2025-08-20T20:58:33.6625845Z #35 11.16   Downloading aiohappyeyeballs-2.6.1-py3-none-any.whl.metadata (5.9 kB)
2025-08-20T20:58:33.6626722Z #35 11.19 Collecting aiosignal>=1.4.0 (from aiohttp->keepa==1.3.14->-r requirements.txt (line 1))
2025-08-20T20:58:33.6627546Z #35 11.22   Downloading aiosignal-1.4.0-py3-none-any.whl.metadata (3.7 kB)
2025-08-20T20:58:33.6628373Z #35 11.26 Collecting attrs>=17.3.0 (from aiohttp->keepa==1.3.14->-r requirements.txt (line 1))
2025-08-20T20:58:33.6629134Z #35 11.28   Downloading attrs-25.3.0-py3-none-any.whl.metadata (10 kB)
2025-08-20T20:58:33.6629961Z #35 11.50 Collecting frozenlist>=1.1.1 (from aiohttp->keepa==1.3.14->-r requirements.txt (line 1))
2025-08-20T20:58:33.6631232Z #35 11.52   Downloading frozenlist-1.7.0-cp312-cp312-manylinux_2_5_x86_64.manylinux1_x86_64.manylinux_2_17_x86_64.manylinux2014_x86_64.whl.metadata (18 kB)
2025-08-20T20:58:33.6632745Z #35 11.89 Collecting multidict<7.0,>=4.5 (from aiohttp->keepa==1.3.14->-r requirements.txt (line 1))
2025-08-20T20:58:33.6633968Z #35 11.92   Downloading multidict-6.6.4-cp312-cp312-manylinux2014_x86_64.manylinux_2_17_x86_64.manylinux_2_28_x86_64.whl.metadata (5.3 kB)
2025-08-20T20:58:33.6635202Z #35 12.02 Collecting propcache>=0.2.0 (from aiohttp->keepa==1.3.14->-r requirements.txt (line 1))
2025-08-20T20:58:33.6636304Z #35 12.05   Downloading propcache-0.3.2-cp312-cp312-manylinux_2_17_x86_64.manylinux2014_x86_64.whl.metadata (12 kB)
2025-08-20T20:58:33.6637420Z #35 12.42 Collecting yarl<2.0,>=1.17.0 (from aiohttp->keepa==1.3.14->-r requirements.txt (line 1))
2025-08-20T20:58:33.6638407Z #35 12.44   Downloading yarl-1.20.1-cp312-cp312-manylinux_2_17_x86_64.manylinux2014_x86_64.whl.metadata (73 kB)
2025-08-20T20:58:33.6639834Z #35 12.60 Collecting wcwidth (from prompt-toolkit>=3.0.36->click-repl>=0.2.0->celery==5.3.*->-r requirements.txt (line 3))
2025-08-20T20:58:33.6640803Z #35 12.61   Downloading wcwidth-0.2.13-py2.py3-none-any.whl.metadata (14 kB)
2025-08-20T20:58:33.6641473Z #35 12.87 Downloading keepa-1.3.14-py3-none-any.whl (33 kB)
2025-08-20T20:58:33.6642268Z #35 12.89 Downloading minio-7.1.15-py3-none-any.whl (77 kB)
2025-08-20T20:58:33.6642854Z #35 12.91 Downloading celery-5.3.6-py3-none-any.whl (422 kB)
2025-08-20T20:58:33.6643430Z #35 12.95 Downloading redis-5.3.1-py3-none-any.whl (272 kB)
2025-08-20T20:58:33.6644094Z #35 13.00 Downloading python_amazon_sp_api-0.8.0-py3-none-any.whl (93 kB)
2025-08-20T20:58:33.6644894Z #35 13.02 Downloading pydantic_settings-2.2.1-py3-none-any.whl (13 kB)
2025-08-20T20:58:33.6646023Z #35 13.04 Downloading pandas-2.2.3-cp312-cp312-manylinux_2_17_x86_64.manylinux2014_x86_64.whl (12.7 MB)
2025-08-20T20:58:33.6647323Z #35 13.27    ━━━━━━━━━━━━━━━━━━━━━━━━━━━━━━━━━━━━━━━━ 12.7/12.7 MB 55.6 MB/s eta 0:00:00
2025-08-20T20:58:33.6647997Z #35 13.29 Downloading pandera-0.19.3-py3-none-any.whl (251 kB)
2025-08-20T20:58:33.6648655Z #35 13.33 Downloading openpyxl-3.1.5-py2.py3-none-any.whl (250 kB)
2025-08-20T20:58:33.6649607Z #35 13.35 Downloading psycopg2_binary-2.9.10-cp312-cp312-manylinux_2_17_x86_64.manylinux2014_x86_64.whl (3.0 MB)
2025-08-20T20:58:33.6650751Z #35 13.39    ━━━━━━━━━━━━━━━━━━━━━━━━━━━━━━━━━━━━━━━━ 3.0/3.0 MB 72.8 MB/s eta 0:00:00
2025-08-20T20:58:33.6651768Z #35 13.42 Downloading numpy-1.26.4-cp312-cp312-manylinux_2_17_x86_64.manylinux2014_x86_64.whl (18.0 MB)
2025-08-20T20:58:33.6652776Z #35 13.60    ━━━━━━━━━━━━━━━━━━━━━━━━━━━━━━━━━━━━━━━━ 18.0/18.0 MB 103.2 MB/s eta 0:00:00
2025-08-20T20:58:33.6653376Z #35 13.62 Downloading billiard-4.2.1-py3-none-any.whl (86 kB)
2025-08-20T20:58:33.6653980Z #35 13.66 Downloading boto3-1.40.14-py3-none-any.whl (140 kB)
2025-08-20T20:58:33.6654577Z #35 13.69 Downloading cachetools-4.2.4-py3-none-any.whl (10 kB)
2025-08-20T20:58:33.6655180Z #35 13.72 Downloading click-8.2.1-py3-none-any.whl (102 kB)
2025-08-20T20:58:33.6655799Z #35 13.74 Downloading click_didyoumean-0.3.1-py3-none-any.whl (3.6 kB)
2025-08-20T20:58:33.6656508Z #35 13.76 Downloading click_plugins-1.1.1.2-py2.py3-none-any.whl (11 kB)
2025-08-20T20:58:33.6657163Z #35 13.78 Downloading click_repl-0.3.0-py3-none-any.whl (10 kB)
2025-08-20T20:58:33.6657780Z #35 13.80 Downloading confuse-1.4.0-py2.py3-none-any.whl (21 kB)
2025-08-20T20:58:33.6658365Z #35 13.82 Downloading kombu-5.5.4-py3-none-any.whl (210 kB)
2025-08-20T20:58:33.6658921Z #35 13.84 Downloading vine-5.1.0-py3-none-any.whl (9.6 kB)
2025-08-20T20:58:33.6659509Z #35 13.86 Downloading multimethod-1.10-py3-none-any.whl (9.9 kB)
2025-08-20T20:58:33.6660112Z #35 13.88 Downloading packaging-25.0-py3-none-any.whl (66 kB)
2025-08-20T20:58:33.6660722Z #35 13.90 Downloading pydantic-2.11.7-py3-none-any.whl (444 kB)
2025-08-20T20:58:33.6661802Z #35 13.92 Downloading pydantic_core-2.33.2-cp312-cp312-manylinux_2_17_x86_64.manylinux2014_x86_64.whl (2.0 MB)
2025-08-20T20:58:33.6663046Z #35 13.94    ━━━━━━━━━━━━━━━━━━━━━━━━━━━━━━━━━━━━━━━━ 2.0/2.0 MB 119.6 MB/s eta 0:00:00
2025-08-20T20:58:33.6663670Z #35 13.95 Downloading PyJWT-2.10.1-py3-none-any.whl (22 kB)
2025-08-20T20:58:33.6664393Z #35 13.97 Downloading python_dateutil-2.9.0.post0-py2.py3-none-any.whl (229 kB)
2025-08-20T20:58:33.6665164Z #35 14.00 Downloading python_dotenv-1.1.1-py3-none-any.whl (20 kB)
2025-08-20T20:58:33.6665855Z #35 14.02 Downloading pytz-2025.2-py2.py3-none-any.whl (509 kB)
2025-08-20T20:58:33.6666522Z #35 14.05 Downloading requests-2.32.5-py3-none-any.whl (64 kB)
2025-08-20T20:58:33.6667200Z #35 14.07 Downloading certifi-2025.8.3-py3-none-any.whl (161 kB)
2025-08-20T20:58:33.6667874Z #35 14.09 Downloading six-1.17.0-py2.py3-none-any.whl (11 kB)
2025-08-20T20:58:33.6668764Z #35 14.11 Downloading typing_inspect-0.9.0-py3-none-any.whl (8.8 kB)
2025-08-20T20:58:33.6669529Z #35 14.13 Downloading tzdata-2025.2-py2.py3-none-any.whl (347 kB)
2025-08-20T20:58:33.6670225Z #35 14.15 Downloading urllib3-2.5.0-py3-none-any.whl (129 kB)
2025-08-20T20:58:33.6671066Z #35 14.18 Downloading aiohttp-3.12.15-cp312-cp312-manylinux_2_17_x86_64.manylinux2014_x86_64.whl (1.7 MB)
2025-08-20T20:58:33.6672322Z #35 14.20    ━━━━━━━━━━━━━━━━━━━━━━━━━━━━━━━━━━━━━━━━ 1.7/1.7 MB 139.2 MB/s eta 0:00:00
2025-08-20T20:58:33.6672982Z #35 14.21 Downloading et_xmlfile-2.0.0-py3-none-any.whl (18 kB)
2025-08-20T20:58:33.6673914Z #35 14.24 Downloading pycryptodome-3.23.0-cp37-abi3-manylinux_2_17_x86_64.manylinux2014_x86_64.whl (2.3 MB)
2025-08-20T20:58:33.6674990Z #35 14.26    ━━━━━━━━━━━━━━━━━━━━━━━━━━━━━━━━━━━━━━━━ 2.3/2.3 MB 102.7 MB/s eta 0:00:00
2025-08-20T20:58:33.6675571Z #35 14.27 Downloading tqdm-4.67.1-py3-none-any.whl (78 kB)
2025-08-20T20:58:33.6676188Z #35 14.30 Downloading typeguard-4.4.4-py3-none-any.whl (34 kB)
2025-08-20T20:58:33.6677083Z #35 14.32 Downloading wrapt-1.17.3-cp312-cp312-manylinux1_x86_64.manylinux_2_28_x86_64.manylinux_2_5_x86_64.whl (88 kB)
2025-08-20T20:58:33.6678038Z #35 14.35 Downloading aiohappyeyeballs-2.6.1-py3-none-any.whl (15 kB)
2025-08-20T20:58:33.6678696Z #35 14.38 Downloading aiosignal-1.4.0-py3-none-any.whl (7.5 kB)
2025-08-20T20:58:33.6679278Z #35 14.40 Downloading amqp-5.3.1-py3-none-any.whl (50 kB)
2025-08-20T20:58:33.6679883Z #35 14.43 Downloading annotated_types-0.7.0-py3-none-any.whl (13 kB)
2025-08-20T20:58:33.6680494Z #35 14.51 Downloading attrs-25.3.0-py3-none-any.whl (63 kB)
2025-08-20T20:58:33.6681086Z #35 14.53 Downloading botocore-1.40.14-py3-none-any.whl (14.0 MB)
2025-08-20T20:58:33.6682046Z #35 14.65    ━━━━━━━━━━━━━━━━━━━━━━━━━━━━━━━━━━━━━━━━ 14.0/14.0 MB 121.5 MB/s eta 0:00:00
2025-08-20T20:58:33.6683074Z #35 14.67 Downloading charset_normalizer-3.4.3-cp312-cp312-manylinux2014_x86_64.manylinux_2_17_x86_64.manylinux_2_28_x86_64.whl (151 kB)
2025-08-20T20:58:33.6684509Z #35 14.69 Downloading frozenlist-1.7.0-cp312-cp312-manylinux_2_5_x86_64.manylinux1_x86_64.manylinux_2_17_x86_64.manylinux2014_x86_64.whl (241 kB)
2025-08-20T20:58:33.6685554Z #35 14.71 Downloading idna-3.10-py3-none-any.whl (70 kB)
2025-08-20T20:58:33.6686152Z #35 14.73 Downloading jmespath-1.0.1-py3-none-any.whl (20 kB)
2025-08-20T20:58:33.6687152Z #35 14.75 Downloading multidict-6.6.4-cp312-cp312-manylinux2014_x86_64.manylinux_2_17_x86_64.manylinux_2_28_x86_64.whl (256 kB)
2025-08-20T20:58:33.6688250Z #35 14.77 Downloading mypy_extensions-1.1.0-py3-none-any.whl (5.0 kB)
2025-08-20T20:58:33.6688998Z #35 14.80 Downloading prompt_toolkit-3.0.51-py3-none-any.whl (387 kB)
2025-08-20T20:58:33.6689941Z #35 14.83 Downloading propcache-0.3.2-cp312-cp312-manylinux_2_17_x86_64.manylinux2014_x86_64.whl (224 kB)
2025-08-20T20:58:33.6690865Z #35 14.86 Downloading s3transfer-0.13.1-py3-none-any.whl (85 kB)
2025-08-20T20:58:33.6691788Z #35 14.88 Downloading typing_extensions-4.14.1-py3-none-any.whl (43 kB)
2025-08-20T20:58:33.6692552Z #35 14.91 Downloading typing_inspection-0.4.1-py3-none-any.whl (14 kB)
2025-08-20T20:58:33.6693664Z #35 14.93 Downloading yarl-1.20.1-cp312-cp312-manylinux_2_17_x86_64.manylinux2014_x86_64.whl (355 kB)
2025-08-20T20:58:33.6694736Z #35 14.96 Downloading PyYAML-6.0.2-cp312-cp312-manylinux_2_17_x86_64.manylinux2014_x86_64.whl (767 kB)
2025-08-20T20:58:33.6695831Z #35 14.97    ━━━━━━━━━━━━━━━━━━━━━━━━━━━━━━━━━━━━━━━━ 767.5/767.5 kB 41.5 MB/s eta 0:00:00
2025-08-20T20:58:33.6696511Z #35 15.01 Downloading wcwidth-0.2.13-py2.py3-none-any.whl (34 kB)
2025-08-20T20:58:33.6701062Z #35 15.42 Installing collected packages: wcwidth, pytz, wrapt, vine, urllib3, tzdata, typing-extensions, tqdm, six, pyyaml, python-dotenv, PyJWT, pycryptodome, psycopg2-binary, propcache, prompt-toolkit, packaging, numpy, mypy-extensions, multimethod, multidict, jmespath, idna, frozenlist, et-xmlfile, click, charset_normalizer, certifi, cachetools, billiard, attrs, annotated-types, aiohappyeyeballs, yarl, typing-inspection, typing-inspect, typeguard, requests, redis, python-dateutil, pydantic-core, openpyxl, minio, confuse, click-repl, click-plugins, click-didyoumean, amqp, aiosignal, pydantic, pandas, kombu, botocore, aiohttp, s3transfer, pydantic-settings, pandera, keepa, celery, boto3, python-amazon-sp-api
2025-08-20T20:58:38.0318112Z #35 ...
2025-08-20T20:58:38.0318587Z 
2025-08-20T20:58:38.0319101Z #33 [api base  4/13] RUN pip install --no-cache-dir -r requirements.txt
2025-08-20T20:58:38.0325175Z #33 20.60 Successfully installed Jinja2-3.1.5 Mako-1.3.10 MarkupSafe-3.0.2 alembic-1.13.1 amqp-5.3.1 annotated-types-0.7.0 anyio-4.10.0 asgi-correlation-id-4.3.1 asyncpg-0.29.0 billiard-4.2.1 boto3-1.34.162 botocore-1.34.162 celery-5.3.6 certifi-2025.8.3 click-8.2.1 click-didyoumean-0.3.1 click-plugins-1.1.1.2 click-repl-0.3.0 dnspython-2.7.0 email_validator-2.2.0 fastapi-0.111.0 fastapi-cli-0.0.8 fastapi-limiter-0.1.6 greenlet-3.2.4 h11-0.16.0 httpcore-1.0.9 httptools-0.6.4 httpx-0.27.2 idna-3.10 jmespath-1.0.1 kombu-5.5.4 markdown-it-py-4.0.0 mdurl-0.1.2 orjson-3.11.2 packaging-25.0 prompt-toolkit-3.0.51 psycopg-3.2.9 psycopg-binary-3.2.9 pydantic-2.11.7 pydantic-core-2.33.2 pydantic-settings-2.2.1 pygments-2.19.2 python-dateutil-2.9.0.post0 python-dotenv-1.1.1 python-multipart-0.0.20 pyyaml-6.0.2 redis-5.0.8 rich-14.1.0 rich-toolkit-0.15.0 s3transfer-0.10.4 sentry-sdk-2.9.0 shellingham-1.5.4 six-1.17.0 sniffio-1.3.1 sqlalchemy-2.0.29 starlette-0.37.2 structlog-24.1.0 typer-0.16.1 typing-extensions-4.14.1 typing-inspection-0.4.1 tzdata-2025.2 ujson-5.11.0 urllib3-2.5.0 uvicorn-0.29.0 uvloop-0.21.0 vine-5.1.0 watchfiles-1.1.0 wcwidth-0.2.13 websockets-15.0.1
2025-08-20T20:58:38.1378168Z #33 20.60 WARNING: Running pip as the 'root' user can result in broken permissions and conflicting behaviour with the system package manager, possibly rendering your system unusable. It is recommended to use a virtual environment instead: https://pip.pypa.io/warnings/venv. Use the --root-user-action option if you know what you are doing and want to suppress this warning.
2025-08-20T20:58:38.1380437Z #33 20.71 
2025-08-20T20:58:38.1380849Z #33 20.71 [notice] A new release of pip is available: 25.0.1 -> 25.2
2025-08-20T20:58:38.1381464Z #33 20.71 [notice] To update, run: pip install --upgrade pip
2025-08-20T20:58:38.9051851Z #33 DONE 21.5s
2025-08-20T20:58:38.9053260Z 
2025-08-20T20:58:38.9053725Z #35 [etl base 4/5] RUN if [ -n "" ] && [ -f "" ]; then         pip install -r requirements.txt -c "";     else         pip install -r requirements.txt;     fi
2025-08-20T20:58:39.0073504Z #35 ...
2025-08-20T20:58:39.0075569Z 
2025-08-20T20:58:39.0075836Z #49 [api base  5/13] COPY services/api/ ./services/api
2025-08-20T20:58:39.0076347Z #49 DONE 0.0s
2025-08-20T20:58:39.0076543Z 
2025-08-20T20:58:39.0076777Z #50 [api base  6/13] COPY services/common/ ./services/common
2025-08-20T20:58:39.0077294Z #50 DONE 0.0s
2025-08-20T20:58:39.0077475Z 
2025-08-20T20:58:39.0077689Z #51 [api base  7/13] COPY services/ingest/ ./services/ingest
2025-08-20T20:58:39.0078191Z #51 DONE 0.0s
2025-08-20T20:58:39.0078371Z 
2025-08-20T20:58:39.0078567Z #52 [api base  8/13] COPY services/etl/ ./services/etl
2025-08-20T20:58:39.0079759Z #52 DONE 0.0s
2025-08-20T20:58:39.0079964Z 
2025-08-20T20:58:39.0080116Z #53 [api base  9/13] COPY api/ ./api
2025-08-20T20:58:39.0080534Z #53 DONE 0.0s
2025-08-20T20:58:39.0080717Z 
2025-08-20T20:58:39.0080979Z #54 [api base 10/13] COPY services/api/alembic.ini ./alembic.ini
2025-08-20T20:58:39.0081512Z #54 DONE 0.0s
2025-08-20T20:58:39.0081894Z 
2025-08-20T20:58:39.0082081Z #55 [api base 11/13] COPY alembic/ ./alembic/
2025-08-20T20:58:39.0082530Z #55 DONE 0.0s
2025-08-20T20:58:39.0082715Z 
2025-08-20T20:58:39.0082995Z #56 [api base 12/13] COPY services/api/entrypoint.sh ./entrypoint.sh
2025-08-20T20:58:39.0083309Z #56 DONE 0.0s
2025-08-20T20:58:39.1347562Z 
2025-08-20T20:58:39.1348350Z #57 [api base 13/13] RUN chmod +x ./entrypoint.sh
2025-08-20T20:58:39.1349415Z #57 DONE 0.1s
2025-08-20T20:58:39.1350311Z 
2025-08-20T20:58:39.1352628Z #35 [etl base 4/5] RUN if [ -n "" ] && [ -f "" ]; then         pip install -r requirements.txt -c "";     else         pip install -r requirements.txt;     fi
2025-08-20T20:58:40.1892548Z #35 ...
2025-08-20T20:58:40.1893074Z 
2025-08-20T20:58:40.1893467Z #58 [api stage-1 4/6] COPY --from=base /usr/local /usr/local
2025-08-20T20:58:42.0936982Z #58 DONE 1.9s
2025-08-20T20:58:42.0937227Z 
2025-08-20T20:58:42.0937801Z #35 [etl base 4/5] RUN if [ -n "" ] && [ -f "" ]; then         pip install -r requirements.txt -c "";     else         pip install -r requirements.txt;     fi
2025-08-20T20:58:42.2570953Z #35 ...
2025-08-20T20:58:42.2571893Z 
2025-08-20T20:58:42.2572357Z #59 [api stage-1 5/6] COPY --from=base /app /app
2025-08-20T20:58:42.2573316Z #59 DONE 0.0s
2025-08-20T20:58:42.2573672Z 
2025-08-20T20:58:42.2573993Z #60 [api stage-1 6/6] RUN chmod +x /app/entrypoint.sh
2025-08-20T20:58:42.2574803Z #60 DONE 0.1s
2025-08-20T20:58:42.4089710Z 
2025-08-20T20:58:42.4091108Z #61 [api] exporting to image
2025-08-20T20:58:42.4092175Z #61 exporting layers
2025-08-20T20:58:44.5595485Z #61 exporting layers 2.3s done
2025-08-20T20:58:44.7117515Z #61 writing image sha256:de5c4f4f8312a1d4efb6791d66fbaf5b6bff429f321da08eb84ad4c026420eeb done
2025-08-20T20:58:44.7118464Z #61 naming to docker.io/library/awa-app-api done
2025-08-20T20:58:44.7118914Z #61 DONE 2.3s
2025-08-20T20:58:44.7119094Z 
2025-08-20T20:58:44.7119291Z #62 [api] resolving provenance for metadata file
2025-08-20T20:58:44.7119827Z #62 DONE 0.0s
2025-08-20T20:58:44.7120017Z 
2025-08-20T20:58:44.7120533Z #35 [etl base 4/5] RUN if [ -n "" ] && [ -f "" ]; then         pip install -r requirements.txt -c "";     else         pip install -r requirements.txt;     fi
2025-08-20T20:58:44.7126507Z #35 27.18 Successfully installed PyJWT-2.10.1 aiohappyeyeballs-2.6.1 aiohttp-3.12.15 aiosignal-1.4.0 amqp-5.3.1 annotated-types-0.7.0 attrs-25.3.0 billiard-4.2.1 boto3-1.40.14 botocore-1.40.14 cachetools-4.2.4 celery-5.3.6 certifi-2025.8.3 charset_normalizer-3.4.3 click-8.2.1 click-didyoumean-0.3.1 click-plugins-1.1.1.2 click-repl-0.3.0 confuse-1.4.0 et-xmlfile-2.0.0 frozenlist-1.7.0 idna-3.10 jmespath-1.0.1 keepa-1.3.14 kombu-5.5.4 minio-7.1.15 multidict-6.6.4 multimethod-1.10 mypy-extensions-1.1.0 numpy-1.26.4 openpyxl-3.1.5 packaging-25.0 pandas-2.2.3 pandera-0.19.3 prompt-toolkit-3.0.51 propcache-0.3.2 psycopg2-binary-2.9.10 pycryptodome-3.23.0 pydantic-2.11.7 pydantic-core-2.33.2 pydantic-settings-2.2.1 python-amazon-sp-api-0.8.0 python-dateutil-2.9.0.post0 python-dotenv-1.1.1 pytz-2025.2 pyyaml-6.0.2 redis-5.3.1 requests-2.32.5 s3transfer-0.13.1 six-1.17.0 tqdm-4.67.1 typeguard-4.4.4 typing-extensions-4.14.1 typing-inspect-0.9.0 typing-inspection-0.4.1 tzdata-2025.2 urllib3-2.5.0 vine-5.1.0 wcwidth-0.2.13 wrapt-1.17.3 yarl-1.20.1
2025-08-20T20:58:44.7133965Z #35 27.18 WARNING: Running pip as the 'root' user can result in broken permissions and conflicting behaviour with the system package manager, possibly rendering your system unusable. It is recommended to use a virtual environment instead: https://pip.pypa.io/warnings/venv. Use the --root-user-action option if you know what you are doing and want to suppress this warning.
2025-08-20T20:58:44.7136344Z #35 27.27 
2025-08-20T20:58:44.7136733Z #35 27.27 [notice] A new release of pip is available: 25.0.1 -> 25.2
2025-08-20T20:58:44.7137353Z #35 27.27 [notice] To update, run: pip install --upgrade pip
2025-08-20T20:58:45.1622877Z #35 DONE 27.6s
2025-08-20T20:58:45.1623134Z 
2025-08-20T20:58:45.1623331Z #63 [celery_worker base 5/5] COPY services/etl/ .
2025-08-20T20:58:45.1623811Z #63 DONE 0.0s
2025-08-20T20:58:46.3559437Z 
2025-08-20T20:58:46.3559959Z #64 [etl stage-1 3/9] COPY --from=base /usr/local /usr/local
2025-08-20T20:58:49.0006722Z #64 DONE 2.5s
2025-08-20T20:58:49.0006958Z 
2025-08-20T20:58:49.0007169Z #65 [etl stage-1 4/9] COPY --from=base /app /app
2025-08-20T20:58:49.0007625Z #65 DONE 0.0s
2025-08-20T20:58:49.0007807Z 
2025-08-20T20:58:49.0008980Z #66 [etl stage-1 5/9] RUN set -eux;     if [ -f /etc/apt/sources.list ]; then         sed -i 's|http://deb.debian.org|https://deb.debian.org|g' /etc/apt/sources.list;     fi;     apt-get update;     apt-get install -y --no-install-recommends tzdata;     rm -rf /var/lib/apt/lists/*
2025-08-20T20:58:49.0010058Z #66 0.105 + [ -f /etc/apt/sources.list ]
2025-08-20T20:58:49.0010404Z #66 0.105 + apt-get update
2025-08-20T20:58:49.1059017Z #66 0.159 Hit:1 http://deb.debian.org/debian trixie InRelease
2025-08-20T20:58:49.1059510Z #66 0.211 Get:2 http://deb.debian.org/debian trixie-updates InRelease [47.1 kB]
2025-08-20T20:58:49.2432688Z #66 0.241 Get:3 http://deb.debian.org/debian-security trixie-security InRelease [43.4 kB]
2025-08-20T20:58:49.2433589Z #66 0.256 Get:4 http://deb.debian.org/debian trixie/main amd64 Packages [9668 kB]
2025-08-20T20:58:49.2434428Z #66 0.348 Get:5 http://deb.debian.org/debian trixie-updates/main amd64 Packages [2432 B]
2025-08-20T20:58:49.4059168Z #66 0.360 Get:6 http://deb.debian.org/debian-security trixie-security/main amd64 Packages [20.5 kB]
2025-08-20T20:58:49.8670621Z #66 0.972 Fetched 9781 kB in 1s (11.6 MB/s)
2025-08-20T20:58:50.3280039Z #66 0.972 Reading package lists...
2025-08-20T20:58:50.4953625Z #66 1.442 + apt-get install -y --no-install-recommends tzdata
2025-08-20T20:58:50.8131931Z #66 1.450 Reading package lists...
2025-08-20T20:58:50.9507718Z #66 1.926 Building dependency tree...
2025-08-20T20:58:51.0883792Z #66 2.055 Reading state information...
2025-08-20T20:58:51.0884292Z #66 2.193 tzdata is already the newest version (2025b-4).
2025-08-20T20:58:51.0884687Z #66 2.193 0 upgraded, 0 newly installed, 0 to remove and 0 not upgraded.
2025-08-20T20:58:51.2519608Z #66 2.194 + rm -rf /var/lib/apt/lists/auxfiles /var/lib/apt/lists/deb.debian.org_debian-security_dists_trixie-security_InRelease /var/lib/apt/lists/deb.debian.org_debian-security_dists_trixie-security_main_binary-amd64_Packages.lz4 /var/lib/apt/lists/deb.debian.org_debian_dists_trixie-updates_InRelease /var/lib/apt/lists/deb.debian.org_debian_dists_trixie-updates_main_binary-amd64_Packages.lz4 /var/lib/apt/lists/deb.debian.org_debian_dists_trixie_InRelease /var/lib/apt/lists/deb.debian.org_debian_dists_trixie_main_binary-amd64_Packages.lz4 /var/lib/apt/lists/lock /var/lib/apt/lists/partial
2025-08-20T20:58:51.2523908Z #66 DONE 2.2s
2025-08-20T20:58:51.2524119Z 
2025-08-20T20:58:51.2524543Z #67 [celery_worker stage-1 6/9] COPY services/etl/wait-for-it.sh /usr/local/bin/wait-for-it.sh
2025-08-20T20:58:51.2525369Z #67 DONE 0.0s
2025-08-20T20:58:51.2525570Z 
2025-08-20T20:58:51.2525803Z #68 [etl stage-1 7/9] RUN chmod +x /usr/local/bin/wait-for-it.sh
2025-08-20T20:58:51.3957771Z #68 DONE 0.1s
2025-08-20T20:58:51.3958066Z 
2025-08-20T20:58:51.3958644Z #69 [etl stage-1 8/9] COPY services/etl/entrypoint.sh /app/entrypoint.sh
2025-08-20T20:58:51.3959214Z #69 DONE 0.0s
2025-08-20T20:58:51.3959392Z 
2025-08-20T20:58:51.3959637Z #70 [celery_worker stage-1 9/9] RUN chmod +x /app/entrypoint.sh
2025-08-20T20:58:51.5488833Z #70 DONE 0.1s
2025-08-20T20:58:51.5489080Z 
2025-08-20T20:58:51.5489279Z #71 [celery_worker] exporting to image
2025-08-20T20:58:51.5489736Z #71 exporting layers
2025-08-20T20:58:54.4683816Z #71 exporting layers 3.1s done
2025-08-20T20:58:54.5032527Z #71 writing image sha256:fb837528e892e8ed4b89146db6ba38c311a6d5a5ef28476f353c81d1b797f3ab done
2025-08-20T20:58:54.5033384Z #71 naming to docker.io/library/awa-app-celery_worker done
2025-08-20T20:58:54.5033841Z #71 DONE 3.1s
2025-08-20T20:58:54.5033957Z 
2025-08-20T20:58:54.5034041Z #72 [etl] exporting to image
2025-08-20T20:58:54.5034270Z #72 exporting layers 3.1s done
2025-08-20T20:58:54.5034688Z #72 writing image sha256:fb837528e892e8ed4b89146db6ba38c311a6d5a5ef28476f353c81d1b797f3ab done
2025-08-20T20:58:54.5035446Z #72 naming to docker.io/library/awa-app-etl done
2025-08-20T20:58:54.5035853Z #72 DONE 3.1s
2025-08-20T20:58:54.5036047Z 
2025-08-20T20:58:54.5036239Z #73 [etl] resolving provenance for metadata file
2025-08-20T20:58:54.5036673Z #73 DONE 0.0s
2025-08-20T20:58:54.5036851Z 
2025-08-20T20:58:54.5037337Z #74 [celery_worker] resolving provenance for metadata file
2025-08-20T20:58:54.5037848Z #74 DONE 0.0s
2025-08-20T20:58:54.5038153Z  celery_worker  Built
2025-08-20T20:58:54.5038500Z  postgres  Built
2025-08-20T20:58:54.5038795Z  api  Built
2025-08-20T20:58:54.5039076Z  etl  Built
2025-08-20T20:58:54.5039350Z  fees_h10  Built
2025-08-20T20:58:54.5107123Z ##[group]Run export COMPOSE_DOCKER_CLI_BUILD=1 DOCKER_BUILDKIT=1
2025-08-20T20:58:54.5107579Z [36;1mexport COMPOSE_DOCKER_CLI_BUILD=1 DOCKER_BUILDKIT=1[0m
2025-08-20T20:58:54.5107889Z [36;1mdocker compose \[0m
2025-08-20T20:58:54.5108124Z [36;1m  -f docker-compose.yml \[0m
2025-08-20T20:58:54.5108372Z [36;1m  -f docker-compose.ci.yml \[0m
2025-08-20T20:58:54.5108647Z [36;1m  -f docker-compose.postgres.yml \[0m
2025-08-20T20:58:54.5108901Z [36;1m  pull[0m
2025-08-20T20:58:54.5150993Z shell: /usr/bin/bash -e {0}
2025-08-20T20:58:54.5151219Z env:
2025-08-20T20:58:54.5151444Z   GITHUB_SHA: 044589ea059740eb2ac414fbac0f8ce45d8f19be
2025-08-20T20:58:54.5151948Z ##[endgroup]
2025-08-20T20:58:54.6213795Z  postgres Skipped - No image to be pulled 
2025-08-20T20:58:54.6214456Z  etl Skipped - No image to be pulled 
2025-08-20T20:58:54.6214946Z  fees_h10 Skipped - No image to be pulled 
2025-08-20T20:58:54.6215458Z  api Skipped - No image to be pulled 
2025-08-20T20:58:54.6216172Z  celery_worker Skipped - No image to be pulled 
2025-08-20T20:58:54.6216611Z  minio Pulling 
2025-08-20T20:58:54.6216899Z  redis Pulling 
2025-08-20T20:58:55.3397364Z  dd15713b0f22 Pulling fs layer 
2025-08-20T20:58:55.3397811Z  fd312a3c94fc Pulling fs layer 
2025-08-20T20:58:55.3398225Z  02e05d20c69e Pulling fs layer 
2025-08-20T20:58:55.3398624Z  1f08d9fb7d7d Pulling fs layer 
2025-08-20T20:58:55.3398974Z  b452b5fb7338 Pulling fs layer 
2025-08-20T20:58:55.3399288Z  e14ab7c7ae26 Pulling fs layer 
2025-08-20T20:58:55.3399624Z  3bf7f4428838 Pulling fs layer 
2025-08-20T20:58:55.3400023Z  adc9ba906e83 Pulling fs layer 
2025-08-20T20:58:55.3400260Z  1611ffcaf8be Pulling fs layer 
2025-08-20T20:58:55.3400585Z  1f08d9fb7d7d Waiting 
2025-08-20T20:58:55.3400889Z  b452b5fb7338 Waiting 
2025-08-20T20:58:55.3401088Z  adc9ba906e83 Waiting 
2025-08-20T20:58:55.3401434Z  3bf7f4428838 Waiting 
2025-08-20T20:58:55.3401920Z  e14ab7c7ae26 Waiting 
2025-08-20T20:58:55.3402242Z  1611ffcaf8be Waiting 
2025-08-20T20:58:55.3531955Z  0368fd46e3c6 Pulling fs layer 
2025-08-20T20:58:55.3532483Z  4c55286bbede Pulling fs layer 
2025-08-20T20:58:55.3532957Z  5e28347af205 Pulling fs layer 
2025-08-20T20:58:55.3533444Z  311eca34042e Pulling fs layer 
2025-08-20T20:58:55.3533908Z  e6fe6f07e192 Pulling fs layer 
2025-08-20T20:58:55.3534361Z  a2cadbfeca72 Pulling fs layer 
2025-08-20T20:58:55.3534835Z  4f4fb700ef54 Pulling fs layer 
2025-08-20T20:58:55.3535212Z  a976ed7e7808 Pulling fs layer 
2025-08-20T20:58:55.3535569Z  0368fd46e3c6 Waiting 
2025-08-20T20:58:55.3535871Z  4c55286bbede Waiting 
2025-08-20T20:58:55.3536174Z  5e28347af205 Waiting 
2025-08-20T20:58:55.3536396Z  311eca34042e Waiting 
2025-08-20T20:58:55.3536592Z  e6fe6f07e192 Waiting 
2025-08-20T20:58:55.3536783Z  4f4fb700ef54 Waiting 
2025-08-20T20:58:55.3537063Z  a976ed7e7808 Waiting 
2025-08-20T20:58:55.3537272Z  a2cadbfeca72 Waiting 
2025-08-20T20:58:55.5459409Z  fd312a3c94fc Downloading [>                                                  ]  16.41kB/1.637MB
2025-08-20T20:58:55.5644462Z  02e05d20c69e Downloading [>                                                  ]    2.3kB/122.7kB
2025-08-20T20:58:55.5741344Z  dd15713b0f22 Downloading [>                                                  ]  75.88kB/7.24MB
2025-08-20T20:58:55.5787542Z  02e05d20c69e Downloading [==================================================>]  122.7kB/122.7kB
2025-08-20T20:58:55.5788180Z  02e05d20c69e Verifying Checksum 
2025-08-20T20:58:55.5788590Z  02e05d20c69e Download complete 
2025-08-20T20:58:55.6110504Z  fd312a3c94fc Verifying Checksum 
2025-08-20T20:58:55.6110973Z  fd312a3c94fc Download complete 
2025-08-20T20:58:55.6770019Z  dd15713b0f22 Downloading [=====================================>             ]  5.368MB/7.24MB
2025-08-20T20:58:55.6901750Z  dd15713b0f22 Downloading [==================================================>]   7.24MB/7.24MB
2025-08-20T20:58:55.6902570Z  dd15713b0f22 Verifying Checksum 
2025-08-20T20:58:55.6903075Z  dd15713b0f22 Download complete 
2025-08-20T20:58:55.6912572Z  dd15713b0f22 Extracting [>                                                  ]   98.3kB/7.24MB
2025-08-20T20:58:55.7923897Z  dd15713b0f22 Extracting [===================>                               ]  2.851MB/7.24MB
2025-08-20T20:58:55.8524729Z  b452b5fb7338 Downloading [>                                                  ]  114.7kB/11.19MB
2025-08-20T20:58:55.8787399Z  1f08d9fb7d7d Downloading [>                                                  ]    409kB/39.39MB
2025-08-20T20:58:55.8977678Z  dd15713b0f22 Extracting [============================================>      ]  6.488MB/7.24MB
2025-08-20T20:58:55.9023674Z  e14ab7c7ae26 Downloading [>                                                  ]  24.72kB/2.402MB
2025-08-20T20:58:55.9245233Z  dd15713b0f22 Extracting [==================================================>]   7.24MB/7.24MB
2025-08-20T20:58:55.9340864Z  dd15713b0f22 Pull complete 
2025-08-20T20:58:55.9354713Z  fd312a3c94fc Extracting [=>                                                 ]  32.77kB/1.637MB
2025-08-20T20:58:55.9532059Z  b452b5fb7338 Downloading [===============>                                   ]   3.39MB/11.19MB
2025-08-20T20:58:55.9728949Z  e14ab7c7ae26 Verifying Checksum 
2025-08-20T20:58:55.9729422Z  e14ab7c7ae26 Download complete 
2025-08-20T20:58:55.9742751Z  fd312a3c94fc Extracting [==================================================>]  1.637MB/1.637MB
2025-08-20T20:58:55.9765949Z  fd312a3c94fc Extracting [==================================================>]  1.637MB/1.637MB
2025-08-20T20:58:55.9788881Z  1f08d9fb7d7d Downloading [======>                                            ]  4.848MB/39.39MB
2025-08-20T20:58:56.0284820Z  fd312a3c94fc Pull complete 
2025-08-20T20:58:56.0294980Z  02e05d20c69e Extracting [=============>                                     ]  32.77kB/122.7kB
2025-08-20T20:58:56.0305212Z  02e05d20c69e Extracting [==================================================>]  122.7kB/122.7kB
2025-08-20T20:58:56.0421383Z  02e05d20c69e Pull complete 
2025-08-20T20:58:56.0598799Z  b452b5fb7338 Downloading [=================================>                 ]  7.437MB/11.19MB
2025-08-20T20:58:56.0873369Z  1f08d9fb7d7d Downloading [==============>                                    ]   11.3MB/39.39MB
2025-08-20T20:58:56.1639373Z  b452b5fb7338 Downloading [================================================>  ]  10.84MB/11.19MB
2025-08-20T20:58:56.1649242Z  b452b5fb7338 Verifying Checksum 
2025-08-20T20:58:56.1649690Z  b452b5fb7338 Download complete 
2025-08-20T20:58:56.1950650Z  1f08d9fb7d7d Downloading [============================>                      ]   22.6MB/39.39MB
2025-08-20T20:58:56.1986944Z  3bf7f4428838 Downloading [>                                                  ]    2.3kB/180.3kB
2025-08-20T20:58:56.2279497Z  3bf7f4428838 Downloading [==================================================>]  180.3kB/180.3kB
2025-08-20T20:58:56.2280775Z  3bf7f4428838 Verifying Checksum 
2025-08-20T20:58:56.2281268Z  3bf7f4428838 Download complete 
2025-08-20T20:58:56.2984886Z  1f08d9fb7d7d Downloading [====================================>              ]   28.6MB/39.39MB
2025-08-20T20:58:56.3690600Z  adc9ba906e83 Downloading [===>                                               ]     932B/11.88kB
2025-08-20T20:58:56.3691851Z  adc9ba906e83 Downloading [==================================================>]  11.88kB/11.88kB
2025-08-20T20:58:56.3692571Z  adc9ba906e83 Verifying Checksum 
2025-08-20T20:58:56.3693002Z  adc9ba906e83 Download complete 
2025-08-20T20:58:56.4017830Z  1f08d9fb7d7d Downloading [============================================>      ]  35.07MB/39.39MB
2025-08-20T20:58:56.4363562Z  1611ffcaf8be Downloading [==================================================>]     498B/498B
2025-08-20T20:58:56.4364193Z  1611ffcaf8be Download complete 
2025-08-20T20:58:56.4462387Z  1f08d9fb7d7d Verifying Checksum 
2025-08-20T20:58:56.4463771Z  1f08d9fb7d7d Download complete 
2025-08-20T20:58:56.4539033Z  1f08d9fb7d7d Extracting [>                                                  ]    426kB/39.39MB
2025-08-20T20:58:56.5568759Z  1f08d9fb7d7d Extracting [===========>                                       ]  8.946MB/39.39MB
2025-08-20T20:58:56.6026145Z  0368fd46e3c6 Downloading [>                                                  ]  36.95kB/3.638MB
2025-08-20T20:58:56.6589821Z  1f08d9fb7d7d Extracting [=====================>                             ]  17.04MB/39.39MB
2025-08-20T20:58:56.6699959Z  4c55286bbede Downloading [=================================================> ]     935B/950B
2025-08-20T20:58:56.6700892Z  4c55286bbede Downloading [==================================================>]     950B/950B
2025-08-20T20:58:56.6702215Z  4c55286bbede Verifying Checksum 
2025-08-20T20:58:56.6702643Z  4c55286bbede Download complete 
2025-08-20T20:58:56.6790924Z  5e28347af205 Downloading [>                                                  ]    2.3kB/173.2kB
2025-08-20T20:58:56.6810413Z  0368fd46e3c6 Download complete 
2025-08-20T20:58:56.6824743Z  0368fd46e3c6 Extracting [>                                                  ]  65.54kB/3.638MB
2025-08-20T20:58:56.7076525Z  5e28347af205 Verifying Checksum 
2025-08-20T20:58:56.7079407Z  5e28347af205 Download complete 
2025-08-20T20:58:56.7632801Z  1f08d9fb7d7d Extracting [====================================>              ]  28.97MB/39.39MB
2025-08-20T20:58:56.7838729Z  0368fd46e3c6 Extracting [=============================================>     ]  3.342MB/3.638MB
2025-08-20T20:58:56.7888961Z  0368fd46e3c6 Extracting [==================================================>]  3.638MB/3.638MB
2025-08-20T20:58:56.8121016Z  0368fd46e3c6 Pull complete 
2025-08-20T20:58:56.8133232Z  4c55286bbede Extracting [==================================================>]     950B/950B
2025-08-20T20:58:56.8142122Z  4c55286bbede Extracting [==================================================>]     950B/950B
2025-08-20T20:58:56.8622883Z  4c55286bbede Pull complete 
2025-08-20T20:58:56.8633204Z  5e28347af205 Extracting [=========>                                         ]  32.77kB/173.2kB
2025-08-20T20:58:56.8653448Z  5e28347af205 Extracting [==================================================>]  173.2kB/173.2kB
2025-08-20T20:58:56.8655438Z  1f08d9fb7d7d Extracting [============================================>      ]  34.93MB/39.39MB
2025-08-20T20:58:56.8963000Z  5e28347af205 Extracting [==================================================>]  173.2kB/173.2kB
2025-08-20T20:58:56.9214738Z  311eca34042e Downloading [>                                                  ]  11.06kB/1.003MB
2025-08-20T20:58:56.9224538Z  1f08d9fb7d7d Extracting [==================================================>]  39.39MB/39.39MB
2025-08-20T20:58:56.9295970Z  a2cadbfeca72 Downloading [==================================================>]      99B/99B
2025-08-20T20:58:56.9300889Z  a2cadbfeca72 Verifying Checksum 
2025-08-20T20:58:56.9303663Z  a2cadbfeca72 Download complete 
2025-08-20T20:58:56.9388013Z  1f08d9fb7d7d Pull complete 
2025-08-20T20:58:56.9418162Z  b452b5fb7338 Extracting [>                                                  ]  131.1kB/11.19MB
2025-08-20T20:58:56.9788948Z  311eca34042e Verifying Checksum 
2025-08-20T20:58:56.9789444Z  311eca34042e Download complete 
2025-08-20T20:58:57.0129814Z  e6fe6f07e192 Downloading [>                                                  ]  127.2kB/12.41MB
2025-08-20T20:58:57.0365329Z  5e28347af205 Pull complete 
2025-08-20T20:58:57.0379795Z  311eca34042e Extracting [=>                                                 ]  32.77kB/1.003MB
2025-08-20T20:58:57.0440405Z  b452b5fb7338 Extracting [=============================>                     ]  6.554MB/11.19MB
2025-08-20T20:58:57.0629743Z  311eca34042e Extracting [==================================================>]  1.003MB/1.003MB
2025-08-20T20:58:57.0634751Z  311eca34042e Extracting [==================================================>]  1.003MB/1.003MB
2025-08-20T20:58:57.0764311Z  311eca34042e Pull complete 
2025-08-20T20:58:57.1048475Z  b452b5fb7338 Extracting [==================================================>]  11.19MB/11.19MB
2025-08-20T20:58:57.1146046Z  e6fe6f07e192 Downloading [======>                                            ]  1.702MB/12.41MB
2025-08-20T20:58:57.1157473Z  b452b5fb7338 Pull complete 
2025-08-20T20:58:57.1171853Z  e14ab7c7ae26 Extracting [>                                                  ]  32.77kB/2.402MB
2025-08-20T20:58:57.1442610Z  e14ab7c7ae26 Extracting [==================================================>]  2.402MB/2.402MB
2025-08-20T20:58:57.1524277Z  4f4fb700ef54 Downloading [==================================================>]      32B/32B
2025-08-20T20:58:57.1524815Z  4f4fb700ef54 Verifying Checksum 
2025-08-20T20:58:57.1525067Z  4f4fb700ef54 Download complete 
2025-08-20T20:58:57.1531803Z  e14ab7c7ae26 Pull complete 
2025-08-20T20:58:57.1541141Z  3bf7f4428838 Extracting [=========>                                         ]  32.77kB/180.3kB
2025-08-20T20:58:57.1589957Z  3bf7f4428838 Extracting [==================================================>]  180.3kB/180.3kB
2025-08-20T20:58:57.1602114Z  3bf7f4428838 Extracting [==================================================>]  180.3kB/180.3kB
2025-08-20T20:58:57.1683108Z  3bf7f4428838 Pull complete 
2025-08-20T20:58:57.1696267Z  adc9ba906e83 Extracting [==================================================>]  11.88kB/11.88kB
2025-08-20T20:58:57.1701301Z  adc9ba906e83 Extracting [==================================================>]  11.88kB/11.88kB
2025-08-20T20:58:57.1776839Z  adc9ba906e83 Pull complete 
2025-08-20T20:58:57.1787884Z  1611ffcaf8be Extracting [==================================================>]     498B/498B
2025-08-20T20:58:57.1792247Z  1611ffcaf8be Extracting [==================================================>]     498B/498B
2025-08-20T20:58:57.1862814Z  1611ffcaf8be Pull complete 
2025-08-20T20:58:57.1919857Z  minio Pulled 
2025-08-20T20:58:57.2189106Z  e6fe6f07e192 Downloading [=============>                                     ]  3.423MB/12.41MB
2025-08-20T20:58:57.2341382Z  a976ed7e7808 Download complete 
2025-08-20T20:58:57.3196120Z  e6fe6f07e192 Downloading [=======================>                           ]  5.815MB/12.41MB
2025-08-20T20:58:57.4139574Z  e6fe6f07e192 Verifying Checksum 
2025-08-20T20:58:57.4140035Z  e6fe6f07e192 Download complete 
2025-08-20T20:58:57.4154341Z  e6fe6f07e192 Extracting [>                                                  ]  131.1kB/12.41MB
2025-08-20T20:58:57.5156892Z  e6fe6f07e192 Extracting [===========================>                       ]  6.816MB/12.41MB
2025-08-20T20:58:57.5798826Z  e6fe6f07e192 Extracting [==================================================>]  12.41MB/12.41MB
2025-08-20T20:58:57.5983497Z  e6fe6f07e192 Pull complete 
2025-08-20T20:58:57.5995083Z  a2cadbfeca72 Extracting [==================================================>]      99B/99B
2025-08-20T20:58:57.5998813Z  a2cadbfeca72 Extracting [==================================================>]      99B/99B
2025-08-20T20:58:57.6059385Z  a2cadbfeca72 Pull complete 
2025-08-20T20:58:57.6070986Z  4f4fb700ef54 Extracting [==================================================>]      32B/32B
2025-08-20T20:58:57.6074758Z  4f4fb700ef54 Extracting [==================================================>]      32B/32B
2025-08-20T20:58:57.6130910Z  4f4fb700ef54 Pull complete 
2025-08-20T20:58:57.6144500Z  a976ed7e7808 Extracting [==================================================>]     574B/574B
2025-08-20T20:58:57.6146893Z  a976ed7e7808 Extracting [==================================================>]     574B/574B
2025-08-20T20:58:57.6222901Z  a976ed7e7808 Pull complete 
2025-08-20T20:58:57.6273060Z  redis Pulled 
2025-08-20T20:58:57.6341145Z ##[group]Run export COMPOSE_DOCKER_CLI_BUILD=1 DOCKER_BUILDKIT=1
2025-08-20T20:58:57.6341855Z [36;1mexport COMPOSE_DOCKER_CLI_BUILD=1 DOCKER_BUILDKIT=1[0m
2025-08-20T20:58:57.6342173Z [36;1mdocker compose \[0m
2025-08-20T20:58:57.6342410Z [36;1m  -f docker-compose.yml \[0m
2025-08-20T20:58:57.6342679Z [36;1m  -f docker-compose.ci.yml \[0m
2025-08-20T20:58:57.6342954Z [36;1m  -f docker-compose.postgres.yml \[0m
2025-08-20T20:58:57.6343249Z [36;1m  up -d --wait --no-build --pull always[0m
2025-08-20T20:58:57.6382514Z shell: /usr/bin/bash -e {0}
2025-08-20T20:58:57.6382746Z env:
2025-08-20T20:58:57.6382965Z   GITHUB_SHA: 044589ea059740eb2ac414fbac0f8ce45d8f19be
2025-08-20T20:58:57.6383249Z ##[endgroup]
2025-08-20T20:58:57.7590247Z  redis Pulling 
2025-08-20T20:58:57.7590627Z  minio Pulling 
2025-08-20T20:58:58.1988520Z  minio Pulled 
2025-08-20T20:58:58.2042953Z  redis Pulled 
2025-08-20T20:58:58.2095402Z  Network awa-app_awa-net  Creating
2025-08-20T20:58:58.2433498Z  Network awa-app_awa-net  Created
2025-08-20T20:58:58.2629010Z  Volume "awa-app_miniodata"  Creating
2025-08-20T20:58:58.2641321Z  Volume "awa-app_miniodata"  Created
2025-08-20T20:58:58.2644666Z  Volume "awa-app_awa-data"  Creating
2025-08-20T20:58:58.2651946Z  Volume "awa-app_awa-data"  Created
2025-08-20T20:58:58.2654683Z  Volume "awa-app_awa-pgdata"  Creating
2025-08-20T20:58:58.2661681Z  Volume "awa-app_awa-pgdata"  Created
2025-08-20T20:58:58.2667037Z  Container awa-app-redis-1  Creating
2025-08-20T20:58:58.2668227Z  Container awa-app-minio-1  Creating
2025-08-20T20:58:58.2668681Z  Container awa-app-postgres-1  Creating
2025-08-20T20:58:58.2998443Z  Container awa-app-minio-1  Created
2025-08-20T20:58:58.3029380Z  Container awa-app-postgres-1  Created
2025-08-20T20:58:58.3031335Z  Container awa-app-api-1  Creating
2025-08-20T20:58:58.3032235Z  Container awa-app-etl-1  Creating
2025-08-20T20:58:58.3042238Z  Container awa-app-redis-1  Created
2025-08-20T20:58:58.3044367Z  Container awa-app-fees_h10-1  Creating
2025-08-20T20:58:58.3044828Z  Container awa-app-celery_worker-1  Creating
2025-08-20T20:58:58.3384405Z  Container awa-app-api-1  Created
2025-08-20T20:58:58.3402436Z  Container awa-app-fees_h10-1  Created
2025-08-20T20:58:58.3407805Z  Container awa-app-etl-1  Created
2025-08-20T20:58:58.3473247Z  Container awa-app-celery_worker-1  Created
2025-08-20T20:58:58.3488344Z  Container awa-app-postgres-1  Starting
2025-08-20T20:58:58.3490931Z  Container awa-app-minio-1  Starting
2025-08-20T20:58:58.3491377Z  Container awa-app-redis-1  Starting
2025-08-20T20:58:58.6210171Z  Container awa-app-redis-1  Started
2025-08-20T20:58:58.6323402Z  Container awa-app-postgres-1  Started
2025-08-20T20:58:58.6324238Z  Container awa-app-postgres-1  Waiting
2025-08-20T20:58:58.6324915Z  Container awa-app-redis-1  Waiting
2025-08-20T20:58:58.6325371Z  Container awa-app-postgres-1  Waiting
2025-08-20T20:58:58.6325954Z  Container awa-app-postgres-1  Waiting
2025-08-20T20:58:58.6335514Z  Container awa-app-minio-1  Started
2025-08-20T20:58:58.6336028Z  Container awa-app-postgres-1  Waiting
2025-08-20T20:59:04.1323959Z  Container awa-app-postgres-1  Healthy
2025-08-20T20:59:04.1324504Z  Container awa-app-redis-1  Healthy
2025-08-20T20:59:04.1324945Z  Container awa-app-fees_h10-1  Starting
2025-08-20T20:59:04.1325919Z  Container awa-app-postgres-1  Healthy
2025-08-20T20:59:04.1326959Z  Container awa-app-api-1  Starting
2025-08-20T20:59:04.1327956Z  Container awa-app-postgres-1  Healthy
2025-08-20T20:59:04.1329423Z  Container awa-app-celery_worker-1  Starting
2025-08-20T20:59:04.1352429Z  Container awa-app-postgres-1  Healthy
2025-08-20T20:59:04.1353595Z  Container awa-app-etl-1  Starting
2025-08-20T20:59:04.3567818Z  Container awa-app-fees_h10-1  Started
2025-08-20T20:59:04.3676797Z  Container awa-app-celery_worker-1  Started
2025-08-20T20:59:04.3696415Z  Container awa-app-etl-1  Started
2025-08-20T20:59:04.3734483Z  Container awa-app-api-1  Started
2025-08-20T20:59:04.3736456Z  Container awa-app-fees_h10-1  Waiting
2025-08-20T20:59:04.3737659Z  Container awa-app-api-1  Waiting
2025-08-20T20:59:04.3738169Z  Container awa-app-minio-1  Waiting
2025-08-20T20:59:04.3738628Z  Container awa-app-redis-1  Waiting
2025-08-20T20:59:04.3739073Z  Container awa-app-celery_worker-1  Waiting
2025-08-20T20:59:04.3739532Z  Container awa-app-postgres-1  Waiting
2025-08-20T20:59:04.3739986Z  Container awa-app-etl-1  Waiting
2025-08-20T20:59:04.8769006Z  Container awa-app-postgres-1  Healthy
2025-08-20T20:59:04.8778667Z  Container awa-app-redis-1  Healthy
2025-08-20T20:59:04.8783604Z  Container awa-app-minio-1  Healthy
2025-08-20T20:59:09.8748830Z  Container awa-app-api-1  Healthy
2025-08-20T20:59:34.8748131Z  Container awa-app-etl-1  Healthy
2025-08-20T20:59:34.8748641Z  Container awa-app-fees_h10-1  Healthy
2025-08-20T20:59:34.8749095Z  Container awa-app-celery_worker-1  Healthy
2025-08-20T20:59:34.8816521Z ##[group]Run for i in {1..60}; do pg_isready -h localhost -p 5432 && break; sleep 1; done
2025-08-20T20:59:34.8817029Z [36;1mfor i in {1..60}; do pg_isready -h localhost -p 5432 && break; sleep 1; done[0m
2025-08-20T20:59:34.8857755Z shell: /usr/bin/bash -e {0}
2025-08-20T20:59:34.8857992Z env:
2025-08-20T20:59:34.8858213Z   GITHUB_SHA: 044589ea059740eb2ac414fbac0f8ce45d8f19be
2025-08-20T20:59:34.8858500Z ##[endgroup]
2025-08-20T20:59:35.0267037Z localhost:5432 - accepting connections
2025-08-20T20:59:35.0321236Z ##[group]Run [ "$(psql -U postgres -h localhost -tAc "select 1 from pg_database where datname='awa'")" = '1' ] || psql -U postgres -h localhost -c "create database awa"
2025-08-20T20:59:35.0323125Z [36;1m[ "$(psql -U postgres -h localhost -tAc "select 1 from pg_database where datname='awa'")" = '1' ] || psql -U postgres -h localhost -c "create database awa"[0m
2025-08-20T20:59:35.0380046Z shell: /usr/bin/bash -e {0}
2025-08-20T20:59:35.0380432Z env:
2025-08-20T20:59:35.0380800Z   GITHUB_SHA: 044589ea059740eb2ac414fbac0f8ce45d8f19be
2025-08-20T20:59:35.0381290Z   PGPASSWORD: pass
2025-08-20T20:59:35.0381846Z ##[endgroup]
2025-08-20T20:59:35.2269824Z ##[group]Run docker compose \
2025-08-20T20:59:35.2270123Z [36;1mdocker compose \[0m
2025-08-20T20:59:35.2270356Z [36;1m  -f docker-compose.yml \[0m
2025-08-20T20:59:35.2270606Z [36;1m  -f docker-compose.ci.yml \[0m
2025-08-20T20:59:35.2270888Z [36;1m  -f docker-compose.postgres.yml \[0m
2025-08-20T20:59:35.2271172Z [36;1m  config | grep image:[0m
2025-08-20T20:59:35.2310252Z shell: /usr/bin/bash -e {0}
2025-08-20T20:59:35.2310473Z env:
2025-08-20T20:59:35.2310683Z   GITHUB_SHA: 044589ea059740eb2ac414fbac0f8ce45d8f19be
2025-08-20T20:59:35.2310998Z ##[endgroup]
2025-08-20T20:59:35.3385220Z     image: minio/minio
2025-08-20T20:59:35.3385640Z     image: redis:7-alpine
2025-08-20T20:59:35.3422549Z ##[group]Run export COMPOSE_DOCKER_CLI_BUILD=1 DOCKER_BUILDKIT=1
2025-08-20T20:59:35.3423052Z [36;1mexport COMPOSE_DOCKER_CLI_BUILD=1 DOCKER_BUILDKIT=1[0m
2025-08-20T20:59:35.3423384Z [36;1mdocker compose ps[0m
2025-08-20T20:59:35.3463856Z shell: /usr/bin/bash -e {0}
2025-08-20T20:59:35.3464089Z env:
2025-08-20T20:59:35.3464313Z   GITHUB_SHA: 044589ea059740eb2ac414fbac0f8ce45d8f19be
2025-08-20T20:59:35.3464588Z ##[endgroup]
2025-08-20T20:59:35.4435420Z NAME                      IMAGE                   COMMAND                  SERVICE         CREATED          STATUS                    PORTS
2025-08-20T20:59:35.4445696Z awa-app-api-1             awa-app-api             "bash /app/entrypoin…"   api             37 seconds ago   Up 31 seconds (healthy)   0.0.0.0:8000->8000/tcp, [::]:8000->8000/tcp
2025-08-20T20:59:35.4447321Z awa-app-celery_worker-1   awa-app-celery_worker   "/bin/bash /app/entr…"   celery_worker   37 seconds ago   Up 31 seconds (healthy)   
2025-08-20T20:59:35.4448729Z awa-app-etl-1             awa-app-etl             "/bin/bash /app/entr…"   etl             37 seconds ago   Up 31 seconds (healthy)   
2025-08-20T20:59:35.4449972Z awa-app-fees_h10-1        awa-app-fees_h10        "./start.sh celery -…"   fees_h10        37 seconds ago   Up 31 seconds (healthy)   
2025-08-20T20:59:35.4451887Z awa-app-minio-1           minio/minio             "/usr/bin/docker-ent…"   minio           37 seconds ago   Up 37 seconds             0.0.0.0:9000-9001->9000-9001/tcp, [::]:9000-9001->9000-9001/tcp
2025-08-20T20:59:35.4453769Z awa-app-postgres-1        awa-app-postgres        "docker-entrypoint.s…"   postgres        37 seconds ago   Up 37 seconds (healthy)   0.0.0.0:5432->5432/tcp, [::]:5432->5432/tcp
2025-08-20T20:59:35.4455587Z awa-app-redis-1           redis:7-alpine          "docker-entrypoint.s…"   redis           37 seconds ago   Up 37 seconds (healthy)   0.0.0.0:6379->6379/tcp, [::]:6379->6379/tcp
2025-08-20T20:59:35.4558906Z Post job cleanup.
2025-08-20T20:59:35.5495279Z [command]/usr/bin/git version
2025-08-20T20:59:35.5536668Z git version 2.51.0
2025-08-20T20:59:35.5588876Z Temporarily overriding HOME='/home/runner/work/_temp/6459f87a-5f30-44dc-a3fa-45b1f1a27a37' before making global git config changes
2025-08-20T20:59:35.5590152Z Adding repository directory to the temporary git global config as a safe directory
2025-08-20T20:59:35.5595397Z [command]/usr/bin/git config --global --add safe.directory /home/runner/work/AWA-App/AWA-App
2025-08-20T20:59:35.5631862Z [command]/usr/bin/git config --local --name-only --get-regexp core\.sshCommand
2025-08-20T20:59:35.5664593Z [command]/usr/bin/git submodule foreach --recursive sh -c "git config --local --name-only --get-regexp 'core\.sshCommand' && git config --local --unset-all 'core.sshCommand' || :"
2025-08-20T20:59:35.5889995Z [command]/usr/bin/git config --local --name-only --get-regexp http\.https\:\/\/github\.com\/\.extraheader
2025-08-20T20:59:35.5910241Z http.https://github.com/.extraheader
2025-08-20T20:59:35.5922403Z [command]/usr/bin/git config --local --unset-all http.https://github.com/.extraheader
2025-08-20T20:59:35.5953906Z [command]/usr/bin/git submodule foreach --recursive sh -c "git config --local --name-only --get-regexp 'http\.https\:\/\/github\.com\/\.extraheader' && git config --local --unset-all 'http.https://github.com/.extraheader' || :"
2025-08-20T20:59:35.6287895Z Cleaning up orphan processes
