2025-08-22T22:59:38.2371165Z Current runner version: '2.328.0'
2025-08-22T22:59:38.2394542Z ##[group]Runner Image Provisioner
2025-08-22T22:59:38.2395380Z Hosted Compute Agent
2025-08-22T22:59:38.2395910Z Version: 20250821.380
2025-08-22T22:59:38.2396575Z Commit: 438d12cb4fe092871db9867344e3bc0bc5319035
2025-08-22T22:59:38.2397286Z Build Date: 2025-08-21T20:49:43Z
2025-08-22T22:59:38.2397891Z ##[endgroup]
2025-08-22T22:59:38.2398498Z ##[group]Operating System
2025-08-22T22:59:38.2399053Z Ubuntu
2025-08-22T22:59:38.2399538Z 24.04.2
2025-08-22T22:59:38.2399975Z LTS
2025-08-22T22:59:38.2400495Z ##[endgroup]
2025-08-22T22:59:38.2400952Z ##[group]Runner Image
2025-08-22T22:59:38.2401523Z Image: ubuntu-24.04
2025-08-22T22:59:38.2402110Z Version: 20250818.1.0
2025-08-22T22:59:38.2403469Z Included Software: https://github.com/actions/runner-images/blob/ubuntu24/20250818.1/images/ubuntu/Ubuntu2404-Readme.md
2025-08-22T22:59:38.2405051Z Image Release: https://github.com/actions/runner-images/releases/tag/ubuntu24%2F20250818.1
2025-08-22T22:59:38.2406043Z ##[endgroup]
2025-08-22T22:59:38.2408499Z ##[group]GITHUB_TOKEN Permissions
2025-08-22T22:59:38.2410659Z Actions: write
2025-08-22T22:59:38.2411208Z Attestations: write
2025-08-22T22:59:38.2411846Z Checks: write
2025-08-22T22:59:38.2412325Z Contents: write
2025-08-22T22:59:38.2413030Z Deployments: write
2025-08-22T22:59:38.2413570Z Discussions: write
2025-08-22T22:59:38.2414204Z Issues: write
2025-08-22T22:59:38.2414712Z Metadata: read
2025-08-22T22:59:38.2415215Z Models: read
2025-08-22T22:59:38.2415733Z Packages: write
2025-08-22T22:59:38.2416210Z Pages: write
2025-08-22T22:59:38.2416771Z PullRequests: write
2025-08-22T22:59:38.2417335Z RepositoryProjects: write
2025-08-22T22:59:38.2417913Z SecurityEvents: write
2025-08-22T22:59:38.2418576Z Statuses: write
2025-08-22T22:59:38.2419082Z ##[endgroup]
2025-08-22T22:59:38.2421082Z Secret source: Actions
2025-08-22T22:59:38.2422122Z Prepare workflow directory
2025-08-22T22:59:38.2739190Z Prepare all required actions
2025-08-22T22:59:38.2776878Z Getting action download info
2025-08-22T22:59:38.7272847Z Download action repository 'actions/checkout@v5' (SHA:08c6903cd8c0fde910a37f88322edcfb5dd907a8)
2025-08-22T22:59:39.1722865Z Download action repository 'actions/upload-artifact@v4' (SHA:ea165f8d65b6e75b540449e92b4886f43607fa02)
2025-08-22T22:59:39.4124280Z Complete job name: compose-health
2025-08-22T22:59:39.4797272Z ##[group]Run actions/checkout@v5
2025-08-22T22:59:39.4798331Z with:
2025-08-22T22:59:39.4798766Z   repository: AlexBomber12/AWA-App
2025-08-22T22:59:39.4799420Z   token: ***
2025-08-22T22:59:39.4799818Z   ssh-strict: true
2025-08-22T22:59:39.4800224Z   ssh-user: git
2025-08-22T22:59:39.4800640Z   persist-credentials: true
2025-08-22T22:59:39.4801087Z   clean: true
2025-08-22T22:59:39.4801488Z   sparse-checkout-cone-mode: true
2025-08-22T22:59:39.4801971Z   fetch-depth: 1
2025-08-22T22:59:39.4802363Z   fetch-tags: false
2025-08-22T22:59:39.4803148Z   show-progress: true
2025-08-22T22:59:39.4803569Z   lfs: false
2025-08-22T22:59:39.4803949Z   submodules: false
2025-08-22T22:59:39.4804377Z   set-safe-directory: true
2025-08-22T22:59:39.4805153Z ##[endgroup]
2025-08-22T22:59:39.5694545Z Syncing repository: AlexBomber12/AWA-App
2025-08-22T22:59:39.5696235Z ##[group]Getting Git version info
2025-08-22T22:59:39.5696928Z Working directory is '/home/runner/work/AWA-App/AWA-App'
2025-08-22T22:59:39.5697907Z [command]/usr/bin/git version
2025-08-22T22:59:39.6539307Z git version 2.51.0
2025-08-22T22:59:39.6560571Z ##[endgroup]
2025-08-22T22:59:39.6574016Z Temporarily overriding HOME='/home/runner/work/_temp/be4aa890-e452-456d-8581-981af1a9a57b' before making global git config changes
2025-08-22T22:59:39.6575363Z Adding repository directory to the temporary git global config as a safe directory
2025-08-22T22:59:39.6578749Z [command]/usr/bin/git config --global --add safe.directory /home/runner/work/AWA-App/AWA-App
2025-08-22T22:59:39.6696038Z Deleting the contents of '/home/runner/work/AWA-App/AWA-App'
2025-08-22T22:59:39.6699195Z ##[group]Initializing the repository
2025-08-22T22:59:39.6703859Z [command]/usr/bin/git init /home/runner/work/AWA-App/AWA-App
2025-08-22T22:59:39.7615662Z hint: Using 'master' as the name for the initial branch. This default branch name
2025-08-22T22:59:39.7616835Z hint: is subject to change. To configure the initial branch name to use in all
2025-08-22T22:59:39.7617794Z hint: of your new repositories, which will suppress this warning, call:
2025-08-22T22:59:39.7618515Z hint:
2025-08-22T22:59:39.7618996Z hint: 	git config --global init.defaultBranch <name>
2025-08-22T22:59:39.7619594Z hint:
2025-08-22T22:59:39.7620141Z hint: Names commonly chosen instead of 'master' are 'main', 'trunk' and
2025-08-22T22:59:39.7621079Z hint: 'development'. The just-created branch can be renamed via this command:
2025-08-22T22:59:39.7621801Z hint:
2025-08-22T22:59:39.7622196Z hint: 	git branch -m <name>
2025-08-22T22:59:39.7622883Z hint:
2025-08-22T22:59:39.7623508Z hint: Disable this message with "git config set advice.defaultBranchName false"
2025-08-22T22:59:39.7652046Z Initialized empty Git repository in /home/runner/work/AWA-App/AWA-App/.git/
2025-08-22T22:59:39.7661916Z [command]/usr/bin/git remote add origin https://github.com/AlexBomber12/AWA-App
2025-08-22T22:59:39.7789314Z ##[endgroup]
2025-08-22T22:59:39.7790517Z ##[group]Disabling automatic garbage collection
2025-08-22T22:59:39.7793685Z [command]/usr/bin/git config --local gc.auto 0
2025-08-22T22:59:39.7820685Z ##[endgroup]
2025-08-22T22:59:39.7821885Z ##[group]Setting up auth
2025-08-22T22:59:39.7827887Z [command]/usr/bin/git config --local --name-only --get-regexp core\.sshCommand
2025-08-22T22:59:39.7858433Z [command]/usr/bin/git submodule foreach --recursive sh -c "git config --local --name-only --get-regexp 'core\.sshCommand' && git config --local --unset-all 'core.sshCommand' || :"
2025-08-22T22:59:39.9455722Z [command]/usr/bin/git config --local --name-only --get-regexp http\.https\:\/\/github\.com\/\.extraheader
2025-08-22T22:59:39.9460344Z [command]/usr/bin/git submodule foreach --recursive sh -c "git config --local --name-only --get-regexp 'http\.https\:\/\/github\.com\/\.extraheader' && git config --local --unset-all 'http.https://github.com/.extraheader' || :"
2025-08-22T22:59:39.9663766Z [command]/usr/bin/git config --local http.https://github.com/.extraheader AUTHORIZATION: basic ***
2025-08-22T22:59:39.9699528Z ##[endgroup]
2025-08-22T22:59:39.9701384Z ##[group]Fetching the repository
2025-08-22T22:59:39.9709194Z [command]/usr/bin/git -c protocol.version=2 fetch --no-tags --prune --no-recurse-submodules --depth=1 origin +78e8eb7914044ee10e4a0d827008adf9fcc4e939:refs/remotes/origin/main
2025-08-22T22:59:40.7011420Z From https://github.com/AlexBomber12/AWA-App
2025-08-22T22:59:40.7012210Z  * [new ref]         78e8eb7914044ee10e4a0d827008adf9fcc4e939 -> origin/main
2025-08-22T22:59:40.7085147Z ##[endgroup]
2025-08-22T22:59:40.7086032Z ##[group]Determining the checkout info
2025-08-22T22:59:40.7088392Z ##[endgroup]
2025-08-22T22:59:40.7093805Z [command]/usr/bin/git sparse-checkout disable
2025-08-22T22:59:40.7317592Z [command]/usr/bin/git config --local --unset-all extensions.worktreeConfig
2025-08-22T22:59:40.7343793Z ##[group]Checking out the ref
2025-08-22T22:59:40.7348059Z [command]/usr/bin/git checkout --progress --force -B main refs/remotes/origin/main
2025-08-22T22:59:40.7718002Z Switched to a new branch 'main'
2025-08-22T22:59:40.7720603Z branch 'main' set up to track 'origin/main'.
2025-08-22T22:59:40.7727720Z ##[endgroup]
2025-08-22T22:59:40.7763268Z [command]/usr/bin/git log -1 --format=%H
2025-08-22T22:59:40.7819038Z 78e8eb7914044ee10e4a0d827008adf9fcc4e939
2025-08-22T22:59:40.8004948Z ##[group]Run echo "GITHUB_SHA=${GITHUB_SHA}" >> "$GITHUB_ENV"
2025-08-22T22:59:40.8005443Z [36;1mecho "GITHUB_SHA=${GITHUB_SHA}" >> "$GITHUB_ENV"[0m
2025-08-22T22:59:40.8174327Z shell: /usr/bin/bash -e {0}
2025-08-22T22:59:40.8174674Z ##[endgroup]
2025-08-22T22:59:40.8286574Z ##[group]Run cat .env.ci >> "$GITHUB_ENV"
2025-08-22T22:59:40.8286957Z [36;1mcat .env.ci >> "$GITHUB_ENV"[0m
2025-08-22T22:59:40.8288000Z [36;1mecho "DATABASE_URL=***postgres:5432/awa" >> "$GITHUB_ENV"[0m
2025-08-22T22:59:40.8288381Z [36;1mecho "PG_HOST=postgres" >> "$GITHUB_ENV"[0m
2025-08-22T22:59:40.8288700Z [36;1mecho "PG_PORT=5432" >> "$GITHUB_ENV"[0m
2025-08-22T22:59:40.8289031Z [36;1mecho "PG_USER=postgres" >> "$GITHUB_ENV"[0m
2025-08-22T22:59:40.8289367Z [36;1mecho "PG_PASSWORD=pass" >> "$GITHUB_ENV"[0m
2025-08-22T22:59:40.8289699Z [36;1mecho "PG_DATABASE=awa" >> "$GITHUB_ENV"[0m
2025-08-22T22:59:40.8290038Z [36;1mecho "POSTGRES_USER=postgres" >> "$GITHUB_ENV"[0m
2025-08-22T22:59:40.8290396Z [36;1mecho "POSTGRES_PASSWORD=pass" >> "$GITHUB_ENV"[0m
2025-08-22T22:59:40.8290722Z [36;1mecho "POSTGRES_DB=awa" >> "$GITHUB_ENV"[0m
2025-08-22T22:59:40.8327632Z shell: /usr/bin/bash -e {0}
2025-08-22T22:59:40.8327906Z env:
2025-08-22T22:59:40.8328190Z   GITHUB_SHA: 78e8eb7914044ee10e4a0d827008adf9fcc4e939
2025-08-22T22:59:40.8328506Z ##[endgroup]
2025-08-22T22:59:40.8421363Z ##[group]Run export COMPOSE_DOCKER_CLI_BUILD=1 DOCKER_BUILDKIT=1
2025-08-22T22:59:40.8421863Z [36;1mexport COMPOSE_DOCKER_CLI_BUILD=1 DOCKER_BUILDKIT=1[0m
2025-08-22T22:59:40.8422229Z [36;1mdocker compose --progress=plain \[0m
2025-08-22T22:59:40.8422764Z [36;1m  -f docker-compose.yml \[0m
2025-08-22T22:59:40.8423067Z [36;1m  -f docker-compose.ci.yml \[0m
2025-08-22T22:59:40.8423371Z [36;1m  -f docker-compose.postgres.yml \[0m
2025-08-22T22:59:40.8423653Z [36;1m  build[0m
2025-08-22T22:59:40.8460165Z shell: /usr/bin/bash -e {0}
2025-08-22T22:59:40.8460433Z env:
2025-08-22T22:59:40.8460691Z   GITHUB_SHA: 78e8eb7914044ee10e4a0d827008adf9fcc4e939
2025-08-22T22:59:40.8461021Z   PG_USER: postgres
2025-08-22T22:59:40.8461248Z   PG_PASSWORD: pass
2025-08-22T22:59:40.8461471Z   PG_DATABASE: awa
2025-08-22T22:59:40.8461682Z   PG_HOST: postgres
2025-08-22T22:59:40.8461898Z   PG_PORT: 5432
2025-08-22T22:59:40.8462409Z   PG_SYNC_DSN: ***localhost:5432/awa
2025-08-22T22:59:40.8463140Z   PG_ASYNC_DSN: ***localhost:5432/awa
2025-08-22T22:59:40.8463590Z   DATABASE_URL: ***postgres:5432/awa
2025-08-22T22:59:40.8463875Z   DATA_DIR: /tmp/awa-data
2025-08-22T22:59:40.8464109Z   ENABLE_LIVE: 0
2025-08-22T22:59:40.8464319Z   TESTING: 1
2025-08-22T22:59:40.8464528Z   POSTGRES_USER: postgres
2025-08-22T22:59:40.8464772Z   POSTGRES_PASSWORD: pass
2025-08-22T22:59:40.8465009Z   POSTGRES_DB: awa
2025-08-22T22:59:40.8465216Z ##[endgroup]
2025-08-22T22:59:45.7503886Z #1 [internal] load local bake definitions
2025-08-22T22:59:45.9007275Z #1 reading from stdin 1.88kB done
2025-08-22T22:59:45.9007831Z #1 DONE 0.0s
2025-08-22T22:59:46.1120061Z 
2025-08-22T22:59:46.1120460Z #2 [postgres internal] load build definition from Dockerfile
2025-08-22T22:59:46.1121180Z #2 transferring dockerfile: 807B done
2025-08-22T22:59:46.1121701Z #2 DONE 0.0s
2025-08-22T22:59:46.1121930Z 
2025-08-22T22:59:46.1122210Z #3 [api internal] load build definition from Dockerfile
2025-08-22T22:59:46.1123182Z #3 transferring dockerfile: 1.48kB done
2025-08-22T22:59:46.1123722Z #3 DONE 0.0s
2025-08-22T22:59:46.1123997Z 
2025-08-22T22:59:46.1124220Z #4 [etl internal] load build definition from Dockerfile
2025-08-22T22:59:46.1124631Z #4 transferring dockerfile: 1.35kB done
2025-08-22T22:59:46.1124970Z #4 DONE 0.0s
2025-08-22T22:59:46.1125134Z 
2025-08-22T22:59:46.1125321Z #5 [fees_h10 internal] load build definition from Dockerfile
2025-08-22T22:59:46.1125735Z #5 transferring dockerfile: 962B done
2025-08-22T22:59:46.1126058Z #5 DONE 0.0s
2025-08-22T22:59:46.1126204Z 
2025-08-22T22:59:46.1126553Z #6 [celery_worker] resolve image config for docker-image://docker.io/docker/dockerfile:1.6
2025-08-22T22:59:46.3647559Z #6 ...
2025-08-22T22:59:46.3647769Z 
2025-08-22T22:59:46.3648070Z #7 [auth] docker/dockerfile:pull token for registry-1.docker.io
2025-08-22T22:59:46.3648586Z #7 DONE 0.0s
2025-08-22T22:59:46.3648726Z 
2025-08-22T22:59:46.3648917Z #8 [auth] library/postgres:pull token for registry-1.docker.io
2025-08-22T22:59:46.3649303Z #8 DONE 0.0s
2025-08-22T22:59:46.5150240Z 
2025-08-22T22:59:46.5151257Z #9 [postgres internal] load metadata for docker.io/library/postgres:16
2025-08-22T22:59:47.1044056Z #9 DONE 1.0s
2025-08-22T22:59:47.1044294Z 
2025-08-22T22:59:47.1044599Z #6 [etl] resolve image config for docker-image://docker.io/docker/dockerfile:1.6
2025-08-22T22:59:47.1045040Z #6 DONE 1.0s
2025-08-22T22:59:47.1045199Z 
2025-08-22T22:59:47.1045317Z #10 [postgres internal] load .dockerignore
2025-08-22T22:59:47.1045630Z #10 transferring context: 265B done
2025-08-22T22:59:47.1045900Z #10 DONE 0.0s
2025-08-22T22:59:47.1046018Z 
2025-08-22T22:59:47.1046129Z #11 [postgres internal] load build context
2025-08-22T22:59:47.1046428Z #11 transferring context: 582B done
2025-08-22T22:59:47.1046744Z #11 DONE 0.0s
2025-08-22T22:59:47.1046858Z 
2025-08-22T22:59:47.1047347Z #12 [api] docker-image://docker.io/docker/dockerfile:1.6@sha256:ac85f380a63b13dfcefa89046420e1781752bab202122f8f50032edf31be0021
2025-08-22T22:59:47.1048615Z #12 resolve docker.io/docker/dockerfile:1.6@sha256:ac85f380a63b13dfcefa89046420e1781752bab202122f8f50032edf31be0021 done
2025-08-22T22:59:47.1049460Z #12 sha256:ac85f380a63b13dfcefa89046420e1781752bab202122f8f50032edf31be0021 8.40kB / 8.40kB done
2025-08-22T22:59:47.1050171Z #12 sha256:657fcc512c7369f4cb3d94ea329150f8daf626bc838b1a1e81f1834c73ecc77e 482B / 482B done
2025-08-22T22:59:47.1050916Z #12 sha256:a17ee7fff8f5e97b974f5b48f51647d2cf28d543f2aa6c11aaa0ea431b44bb89 1.27kB / 1.27kB done
2025-08-22T22:59:47.1051630Z #12 sha256:9d9c93f4b00be908ab694a4df732570bced3b8a96b7515d70ff93402179ad232 0B / 11.80MB 0.1s
2025-08-22T22:59:47.2050075Z #12 sha256:ac85f380a63b13dfcefa89046420e1781752bab202122f8f50032edf31be0021 8.40kB / 8.40kB done
2025-08-22T22:59:47.2051178Z #12 sha256:657fcc512c7369f4cb3d94ea329150f8daf626bc838b1a1e81f1834c73ecc77e 482B / 482B done
2025-08-22T22:59:47.2054091Z #12 sha256:a17ee7fff8f5e97b974f5b48f51647d2cf28d543f2aa6c11aaa0ea431b44bb89 1.27kB / 1.27kB done
2025-08-22T22:59:47.2055466Z #12 sha256:9d9c93f4b00be908ab694a4df732570bced3b8a96b7515d70ff93402179ad232 1.05MB / 11.80MB 0.2s
2025-08-22T22:59:47.3301904Z #12 sha256:9d9c93f4b00be908ab694a4df732570bced3b8a96b7515d70ff93402179ad232 7.34MB / 11.80MB 0.3s
2025-08-22T22:59:47.4303200Z #12 sha256:9d9c93f4b00be908ab694a4df732570bced3b8a96b7515d70ff93402179ad232 11.80MB / 11.80MB 0.3s done
2025-08-22T22:59:47.4306066Z #12 extracting sha256:9d9c93f4b00be908ab694a4df732570bced3b8a96b7515d70ff93402179ad232
2025-08-22T22:59:47.5305918Z #12 extracting sha256:9d9c93f4b00be908ab694a4df732570bced3b8a96b7515d70ff93402179ad232 0.1s done
2025-08-22T22:59:47.5309641Z #12 DONE 0.5s
2025-08-22T22:59:47.5310287Z 
2025-08-22T22:59:47.5311273Z #13 [postgres 1/6] FROM docker.io/library/postgres:16@sha256:66a5efb5677ffac1037774a0e141fd3a4c035c9c0c0e624c9cc980dfa10f45e5
2025-08-22T22:59:47.5315622Z #13 resolve docker.io/library/postgres:16@sha256:66a5efb5677ffac1037774a0e141fd3a4c035c9c0c0e624c9cc980dfa10f45e5 done
2025-08-22T22:59:47.5316872Z #13 sha256:3084fa1fadd59e7633ec56d318f1e4de01be744f446c5c35df7cd801fbc34894 3.63kB / 3.63kB done
2025-08-22T22:59:47.5319438Z #13 sha256:fb850b0e3049060bf4eb46c8806d7ceea916d67e5cc56d6b295511e27463e56b 1.17kB / 1.17kB 0.2s done
2025-08-22T22:59:47.5321026Z #13 sha256:66a5efb5677ffac1037774a0e141fd3a4c035c9c0c0e624c9cc980dfa10f45e5 10.24kB / 10.24kB done
2025-08-22T22:59:47.5322664Z #13 sha256:4b802c5161ddfa2ae4beac272c4e24aa5e162a20451c8489cbb952a88507732f 9.89kB / 9.89kB done
2025-08-22T22:59:47.5323771Z #13 sha256:396b1da7636e2dcd10565cb4f2f952cbb4a8a38b58d3b86a2cacb172fb70117c 26.21MB / 29.77MB 0.4s
2025-08-22T22:59:47.5324847Z #13 sha256:7f09385d08f9e8f578f9dad57582fff30d6ca3ef0f4d66ab5e1bf92c88862341 3.15MB / 6.44MB 0.4s
2025-08-22T22:59:47.5326276Z #13 sha256:534f45d26d937460abe84bd086361a04c27e624a23f9384ff13f11c24c64c7bb 1.45MB / 1.45MB 0.5s done
2025-08-22T22:59:47.5327977Z #13 extracting sha256:396b1da7636e2dcd10565cb4f2f952cbb4a8a38b58d3b86a2cacb172fb70117c
2025-08-22T22:59:47.5329542Z #13 sha256:2b6532633f5d125e9a709f56f26af5a07390c859a5c77142b74da1d4e3c79fee 0B / 8.20MB 0.5s
2025-08-22T22:59:47.5330661Z #13 sha256:19947f6cc5d3035f6c922fa1d6047c79e044256ad948080adb59cec60717b9f8 0B / 116B 0.5s
2025-08-22T22:59:47.6306954Z #13 sha256:7f09385d08f9e8f578f9dad57582fff30d6ca3ef0f4d66ab5e1bf92c88862341 6.44MB / 6.44MB 0.5s done
2025-08-22T22:59:47.6310575Z #13 sha256:2b6532633f5d125e9a709f56f26af5a07390c859a5c77142b74da1d4e3c79fee 4.19MB / 8.20MB 0.6s
2025-08-22T22:59:47.6311717Z #13 sha256:320fa150e60fca9bb108771a06f08d5464ad8b7474b7bf3f4b44d723b686ee72 0B / 1.31MB 0.6s
2025-08-22T22:59:47.7367843Z #13 ...
2025-08-22T22:59:47.7368077Z 
2025-08-22T22:59:47.7368372Z #14 [celery_worker internal] load build definition from Dockerfile
2025-08-22T22:59:47.7368841Z #14 transferring dockerfile: 1.35kB done
2025-08-22T22:59:47.7369221Z #14 DONE 0.0s
2025-08-22T22:59:47.7369343Z 
2025-08-22T22:59:47.7369467Z #15 [etl internal] load build definition from Dockerfile
2025-08-22T22:59:47.7369834Z #15 transferring dockerfile: 1.35kB done
2025-08-22T22:59:47.7370494Z #15 DONE 0.0s
2025-08-22T22:59:47.7370670Z 
2025-08-22T22:59:47.7371292Z #13 [postgres 1/6] FROM docker.io/library/postgres:16@sha256:66a5efb5677ffac1037774a0e141fd3a4c035c9c0c0e624c9cc980dfa10f45e5
2025-08-22T22:59:47.7372463Z #13 sha256:2b6532633f5d125e9a709f56f26af5a07390c859a5c77142b74da1d4e3c79fee 8.20MB / 8.20MB 0.6s done
2025-08-22T22:59:47.7373684Z #13 sha256:19947f6cc5d3035f6c922fa1d6047c79e044256ad948080adb59cec60717b9f8 116B / 116B 0.6s done
2025-08-22T22:59:47.7374574Z #13 sha256:320fa150e60fca9bb108771a06f08d5464ad8b7474b7bf3f4b44d723b686ee72 1.31MB / 1.31MB 0.7s done
2025-08-22T22:59:47.7375166Z #13 sha256:e787bdd7824bfcb30d11087160de825f724620c952958f4f725c13421499b724 0B / 3.14kB 0.7s
2025-08-22T22:59:47.7375942Z #13 sha256:a1e4ad56dcecf442fba1cec05cd565ededfdc663e5172df9ef9394d96d4c96f8 0B / 113.19MB 0.7s
2025-08-22T22:59:47.7376583Z #13 sha256:987c1b4919ea2d87df20824aaef43a9de0575ac7df684579ad267c7e48c8eeea 0B / 10.01kB 0.7s
2025-08-22T22:59:47.8400920Z #13 sha256:e787bdd7824bfcb30d11087160de825f724620c952958f4f725c13421499b724 3.14kB / 3.14kB 0.7s done
2025-08-22T22:59:47.8404104Z #13 sha256:a858bd6d34e86a481a2e028e3ba489e662b3ac7713eba9a5d3bb97002c7d797e 0B / 128B 0.8s
2025-08-22T22:59:47.9483439Z #13 ...
2025-08-22T22:59:47.9483725Z 
2025-08-22T22:59:47.9564993Z #16 [auth] library/python:pull token for registry-1.docker.io
2025-08-22T22:59:47.9565585Z #16 DONE 0.0s
2025-08-22T22:59:47.9565783Z 
2025-08-22T22:59:47.9566423Z #13 [postgres 1/6] FROM docker.io/library/postgres:16@sha256:66a5efb5677ffac1037774a0e141fd3a4c035c9c0c0e624c9cc980dfa10f45e5
2025-08-22T22:59:47.9567664Z #13 sha256:a1e4ad56dcecf442fba1cec05cd565ededfdc663e5172df9ef9394d96d4c96f8 9.44MB / 113.19MB 0.9s
2025-08-22T22:59:47.9568943Z #13 sha256:987c1b4919ea2d87df20824aaef43a9de0575ac7df684579ad267c7e48c8eeea 10.01kB / 10.01kB 0.8s done
2025-08-22T22:59:47.9570104Z #13 sha256:a858bd6d34e86a481a2e028e3ba489e662b3ac7713eba9a5d3bb97002c7d797e 128B / 128B 0.9s done
2025-08-22T22:59:47.9571260Z #13 sha256:25ef78fb127c1934630de29a3d38f46e544360b1dcf5cfc09b25507fbe88fd75 0B / 5.92kB 0.9s
2025-08-22T22:59:47.9572345Z #13 sha256:f1b3502db45ad485f0affe43e32fc81d699ddac01c023f198271a0a7e1cecd4c 0B / 169B 0.9s
2025-08-22T22:59:48.0490469Z #13 sha256:a1e4ad56dcecf442fba1cec05cd565ededfdc663e5172df9ef9394d96d4c96f8 17.83MB / 113.19MB 1.0s
2025-08-22T22:59:48.0492115Z #13 sha256:25ef78fb127c1934630de29a3d38f46e544360b1dcf5cfc09b25507fbe88fd75 5.92kB / 5.92kB 1.0s done
2025-08-22T22:59:48.0493434Z #13 sha256:f1b3502db45ad485f0affe43e32fc81d699ddac01c023f198271a0a7e1cecd4c 169B / 169B 0.9s done
2025-08-22T22:59:48.0494480Z #13 sha256:240810240d04caaaccb11d51ba7c3a7f7d6f470ec2a80ee420a3d33899d9a303 0B / 184B 1.0s
2025-08-22T22:59:48.1750021Z #13 sha256:240810240d04caaaccb11d51ba7c3a7f7d6f470ec2a80ee420a3d33899d9a303 184B / 184B 1.1s done
2025-08-22T22:59:48.3301922Z #13 sha256:a1e4ad56dcecf442fba1cec05cd565ededfdc663e5172df9ef9394d96d4c96f8 36.70MB / 113.19MB 1.3s
2025-08-22T22:59:48.4313804Z #13 ...
2025-08-22T22:59:48.4325927Z 
2025-08-22T22:59:48.4326653Z #17 [fees_h10 internal] load metadata for docker.io/library/python:3.12-slim
2025-08-22T22:59:48.4341186Z #17 DONE 0.8s
2025-08-22T22:59:48.4341365Z 
2025-08-22T22:59:48.4341524Z #18 [fees_h10 internal] load .dockerignore
2025-08-22T22:59:48.4341954Z #18 transferring context: 2B done
2025-08-22T22:59:48.4342332Z #18 DONE 0.0s
2025-08-22T22:59:48.4342657Z 
2025-08-22T22:59:48.4343300Z #13 [postgres 1/6] FROM docker.io/library/postgres:16@sha256:66a5efb5677ffac1037774a0e141fd3a4c035c9c0c0e624c9cc980dfa10f45e5
2025-08-22T22:59:48.5696680Z #13 ...
2025-08-22T22:59:48.5700650Z 
2025-08-22T22:59:48.5703608Z #19 [etl internal] load .dockerignore
2025-08-22T22:59:48.5704700Z #19 transferring context: 265B done
2025-08-22T22:59:48.5705105Z #19 DONE 0.0s
2025-08-22T22:59:48.5705285Z 
2025-08-22T22:59:48.5705424Z #20 [api internal] load .dockerignore
2025-08-22T22:59:48.5705875Z #20 transferring context: 265B done
2025-08-22T22:59:48.5706267Z #20 DONE 0.0s
2025-08-22T22:59:48.5706453Z 
2025-08-22T22:59:48.5706956Z #21 [celery_worker internal] load .dockerignore
2025-08-22T22:59:48.5708744Z #21 transferring context: 265B 0.0s done
2025-08-22T22:59:48.5709150Z #21 DONE 0.0s
2025-08-22T22:59:48.5709320Z 
2025-08-22T22:59:48.5709938Z #13 [postgres 1/6] FROM docker.io/library/postgres:16@sha256:66a5efb5677ffac1037774a0e141fd3a4c035c9c0c0e624c9cc980dfa10f45e5
2025-08-22T22:59:48.5711131Z #13 sha256:a1e4ad56dcecf442fba1cec05cd565ededfdc663e5172df9ef9394d96d4c96f8 48.23MB / 113.19MB 1.5s
2025-08-22T22:59:48.6708461Z #13 ...
2025-08-22T22:59:48.6708714Z 
2025-08-22T22:59:48.6708888Z #22 [fees_h10 internal] load build context
2025-08-22T22:59:48.6709363Z #22 transferring context: 8.31kB done
2025-08-22T22:59:48.6709712Z #22 DONE 0.0s
2025-08-22T22:59:48.6709899Z 
2025-08-22T22:59:48.6710036Z #23 [etl internal] load build context
2025-08-22T22:59:48.6710493Z #23 transferring context: 62.00kB 0.0s done
2025-08-22T22:59:48.6710841Z #23 DONE 0.0s
2025-08-22T22:59:48.6710995Z 
2025-08-22T22:59:48.6711184Z #24 [celery_worker internal] load build context
2025-08-22T22:59:48.6711621Z #24 transferring context: 62.00kB 0.0s done
2025-08-22T22:59:48.6712017Z #24 DONE 0.0s
2025-08-22T22:59:48.6712176Z 
2025-08-22T22:59:48.6712320Z #25 [api internal] load build context
2025-08-22T22:59:48.6713005Z #25 transferring context: 170.37kB 0.0s done
2025-08-22T22:59:48.6713428Z #25 DONE 0.0s
2025-08-22T22:59:48.6713598Z 
2025-08-22T22:59:48.6714249Z #13 [postgres 1/6] FROM docker.io/library/postgres:16@sha256:66a5efb5677ffac1037774a0e141fd3a4c035c9c0c0e624c9cc980dfa10f45e5
2025-08-22T22:59:48.6715562Z #13 extracting sha256:396b1da7636e2dcd10565cb4f2f952cbb4a8a38b58d3b86a2cacb172fb70117c 1.1s done
2025-08-22T22:59:48.6716691Z #13 sha256:a1e4ad56dcecf442fba1cec05cd565ededfdc663e5172df9ef9394d96d4c96f8 56.62MB / 113.19MB 1.6s
2025-08-22T22:59:48.6717779Z #13 extracting sha256:fb850b0e3049060bf4eb46c8806d7ceea916d67e5cc56d6b295511e27463e56b done
2025-08-22T22:59:48.6718764Z #13 extracting sha256:7f09385d08f9e8f578f9dad57582fff30d6ca3ef0f4d66ab5e1bf92c88862341
2025-08-22T22:59:48.7807670Z #13 sha256:a1e4ad56dcecf442fba1cec05cd565ededfdc663e5172df9ef9394d96d4c96f8 63.47MB / 113.19MB 1.7s
2025-08-22T22:59:48.8814820Z #13 extracting sha256:7f09385d08f9e8f578f9dad57582fff30d6ca3ef0f4d66ab5e1bf92c88862341 0.1s done
2025-08-22T22:59:48.9816123Z #13 sha256:a1e4ad56dcecf442fba1cec05cd565ededfdc663e5172df9ef9394d96d4c96f8 73.39MB / 113.19MB 1.9s
2025-08-22T22:59:48.9820407Z #13 extracting sha256:534f45d26d937460abe84bd086361a04c27e624a23f9384ff13f11c24c64c7bb 0.0s done
2025-08-22T22:59:48.9821437Z #13 extracting sha256:2b6532633f5d125e9a709f56f26af5a07390c859a5c77142b74da1d4e3c79fee
2025-08-22T22:59:49.1301422Z #13 sha256:a1e4ad56dcecf442fba1cec05cd565ededfdc663e5172df9ef9394d96d4c96f8 87.03MB / 113.19MB 2.1s
2025-08-22T22:59:49.2449840Z #13 sha256:a1e4ad56dcecf442fba1cec05cd565ededfdc663e5172df9ef9394d96d4c96f8 98.57MB / 113.19MB 2.2s
2025-08-22T22:59:49.3505439Z #13 sha256:a1e4ad56dcecf442fba1cec05cd565ededfdc663e5172df9ef9394d96d4c96f8 104.86MB / 113.19MB 2.3s
2025-08-22T22:59:49.3506618Z #13 extracting sha256:2b6532633f5d125e9a709f56f26af5a07390c859a5c77142b74da1d4e3c79fee 0.3s done
2025-08-22T22:59:49.4511208Z #13 sha256:a1e4ad56dcecf442fba1cec05cd565ededfdc663e5172df9ef9394d96d4c96f8 112.20MB / 113.19MB 2.4s
2025-08-22T22:59:49.4512412Z #13 extracting sha256:320fa150e60fca9bb108771a06f08d5464ad8b7474b7bf3f4b44d723b686ee72 0.1s done
2025-08-22T22:59:49.5529281Z #13 sha256:a1e4ad56dcecf442fba1cec05cd565ededfdc663e5172df9ef9394d96d4c96f8 113.19MB / 113.19MB 2.4s done
2025-08-22T22:59:49.5530512Z #13 extracting sha256:19947f6cc5d3035f6c922fa1d6047c79e044256ad948080adb59cec60717b9f8 done
2025-08-22T22:59:49.5531577Z #13 extracting sha256:e787bdd7824bfcb30d11087160de825f724620c952958f4f725c13421499b724 done
2025-08-22T22:59:49.6962747Z #13 extracting sha256:a1e4ad56dcecf442fba1cec05cd565ededfdc663e5172df9ef9394d96d4c96f8
2025-08-22T22:59:49.9289294Z #13 ...
2025-08-22T22:59:49.9295732Z 
2025-08-22T22:59:49.9302855Z #26 [etl base 1/8] FROM docker.io/library/python:3.12-slim@sha256:d67a7b66b989ad6b6d6b10d428dcc5e0bfc3e5f88906e67d490c4d3daac57047
2025-08-22T22:59:49.9313316Z #26 resolve docker.io/library/python:3.12-slim@sha256:d67a7b66b989ad6b6d6b10d428dcc5e0bfc3e5f88906e67d490c4d3daac57047 done
2025-08-22T22:59:49.9314600Z #26 extracting sha256:396b1da7636e2dcd10565cb4f2f952cbb4a8a38b58d3b86a2cacb172fb70117c 0.0s done
2025-08-22T22:59:49.9315701Z #26 sha256:8f3d1de1b41cd7340a89b024d6f7a10043f7b0d07d97eb36ba76f22fcfa9a235 1.75kB / 1.75kB done
2025-08-22T22:59:49.9316765Z #26 sha256:bad5eac7befe06d25bef9d4d894d7467355bac08745c745a88977774933fa032 5.58kB / 5.58kB done
2025-08-22T22:59:49.9319250Z #26 sha256:5d587318e932a89b94608393c99dd30ee5092a6991c1656f717bd4f4e13d60df 1.29MB / 1.29MB 0.1s done
2025-08-22T22:59:49.9320445Z #26 sha256:e5c05dcf47fbdb2f18dc242ad1b7f48fbd3813c0027ffcfb8e81e4aa7e0965f4 12.11MB / 12.11MB 0.3s done
2025-08-22T22:59:49.9322711Z #26 sha256:d67a7b66b989ad6b6d6b10d428dcc5e0bfc3e5f88906e67d490c4d3daac57047 10.37kB / 10.37kB done
2025-08-22T22:59:49.9323825Z #26 extracting sha256:5d587318e932a89b94608393c99dd30ee5092a6991c1656f717bd4f4e13d60df 0.1s done
2025-08-22T22:59:49.9324906Z #26 sha256:d76206d463c08ba2a3f7bbab2de2a933ad73f33ab4ab813eafe50c9dff9edc12 251B / 251B 0.3s done
2025-08-22T22:59:49.9325988Z #26 extracting sha256:e5c05dcf47fbdb2f18dc242ad1b7f48fbd3813c0027ffcfb8e81e4aa7e0965f4 0.7s done
2025-08-22T22:59:49.9327037Z #26 extracting sha256:d76206d463c08ba2a3f7bbab2de2a933ad73f33ab4ab813eafe50c9dff9edc12 done
2025-08-22T22:59:49.9327740Z #26 DONE 1.2s
2025-08-22T22:59:49.9327910Z 
2025-08-22T22:59:49.9328084Z #27 [etl stage-1 2/5] WORKDIR /app/services/etl
2025-08-22T22:59:49.9328493Z #27 DONE 0.0s
2025-08-22T22:59:49.9328654Z 
2025-08-22T22:59:49.9328789Z #28 [etl base 2/8] WORKDIR /app
2025-08-22T22:59:49.9330110Z #28 DONE 0.0s
2025-08-22T22:59:49.9330283Z 
2025-08-22T22:59:49.9330711Z #29 [etl base 3/8] COPY services/etl/requirements*.txt services/etl/constraints.txt ./
2025-08-22T22:59:49.9331325Z #29 DONE 0.0s
2025-08-22T22:59:49.9331498Z 
2025-08-22T22:59:49.9331786Z #30 [api base  3/13] COPY services/api/requirements.txt ./requirements.txt
2025-08-22T22:59:49.9332326Z #30 DONE 0.0s
2025-08-22T22:59:49.9332627Z 
2025-08-22T22:59:49.9332901Z #31 [fees_h10 base 3/6] COPY requirements*.txt constraints.txt ./fees_h10/
2025-08-22T22:59:49.9333434Z #31 DONE 0.0s
2025-08-22T22:59:49.9333593Z 
2025-08-22T22:59:49.9334192Z #13 [postgres 1/6] FROM docker.io/library/postgres:16@sha256:66a5efb5677ffac1037774a0e141fd3a4c035c9c0c0e624c9cc980dfa10f45e5
2025-08-22T22:59:54.8755381Z #13 extracting sha256:a1e4ad56dcecf442fba1cec05cd565ededfdc663e5172df9ef9394d96d4c96f8 5.2s
2025-08-22T22:59:55.9542096Z #13 ...
2025-08-22T22:59:55.9545154Z 
2025-08-22T22:59:55.9547098Z #32 [fees_h10 base 4/6] RUN if [ -n "" ] && [ -f "fees_h10/" ]; then         pip install -r fees_h10/requirements.txt -c fees_h10/;     else         pip install -r fees_h10/requirements.txt;     fi
2025-08-22T22:59:55.9548763Z #32 2.992 Collecting celery==5.4.* (from celery[redis]==5.4.*->-r fees_h10/requirements.txt (line 1))
2025-08-22T22:59:55.9550573Z #32 3.023   Downloading celery-5.4.0-py3-none-any.whl.metadata (21 kB)
2025-08-22T22:59:55.9553398Z #32 3.125 Collecting asyncpg (from -r fees_h10/requirements.txt (line 2))
2025-08-22T22:59:55.9554280Z #32 3.128   Downloading asyncpg-0.30.0-cp312-cp312-manylinux_2_17_x86_64.manylinux2014_x86_64.whl.metadata (5.0 kB)
2025-08-22T22:59:55.9555128Z #32 3.172 Collecting httpx (from -r fees_h10/requirements.txt (line 3))
2025-08-22T22:59:55.9555880Z #32 3.178   Downloading httpx-0.28.1-py3-none-any.whl.metadata (7.1 kB)
2025-08-22T22:59:55.9556792Z #32 3.662 Collecting sqlalchemy (from -r fees_h10/requirements.txt (line 4))
2025-08-22T22:59:55.9558101Z #32 3.667   Downloading sqlalchemy-2.0.43-cp312-cp312-manylinux_2_17_x86_64.manylinux2014_x86_64.whl.metadata (9.6 kB)
2025-08-22T22:59:55.9559471Z #32 3.753 Collecting billiard<5.0,>=4.2.0 (from celery==5.4.*->celery[redis]==5.4.*->-r fees_h10/requirements.txt (line 1))
2025-08-22T22:59:55.9560748Z #32 3.758   Downloading billiard-4.2.1-py3-none-any.whl.metadata (4.4 kB)
2025-08-22T22:59:55.9561732Z #32 3.816 Collecting kombu<6.0,>=5.3.4 (from celery==5.4.*->celery[redis]==5.4.*->-r fees_h10/requirements.txt (line 1))
2025-08-22T22:59:55.9562866Z #32 3.822   Downloading kombu-5.5.4-py3-none-any.whl.metadata (3.5 kB)
2025-08-22T22:59:55.9563791Z #32 3.866 Collecting vine<6.0,>=5.1.0 (from celery==5.4.*->celery[redis]==5.4.*->-r fees_h10/requirements.txt (line 1))
2025-08-22T22:59:55.9564723Z #32 3.893   Downloading vine-5.1.0-py3-none-any.whl.metadata (2.7 kB)
2025-08-22T22:59:55.9565654Z #32 3.942 Collecting click<9.0,>=8.1.2 (from celery==5.4.*->celery[redis]==5.4.*->-r fees_h10/requirements.txt (line 1))
2025-08-22T22:59:55.9566559Z #32 3.948   Downloading click-8.2.1-py3-none-any.whl.metadata (2.5 kB)
2025-08-22T22:59:55.9567560Z #32 3.979 Collecting click-didyoumean>=0.3.0 (from celery==5.4.*->celery[redis]==5.4.*->-r fees_h10/requirements.txt (line 1))
2025-08-22T22:59:55.9568453Z #32 3.988   Downloading click_didyoumean-0.3.1-py3-none-any.whl.metadata (3.9 kB)
2025-08-22T22:59:55.9569028Z #32 4.025 Collecting click-repl>=0.2.0 (from celery==5.4.*->celery[redis]==5.4.*->-r fees_h10/requirements.txt (line 1))
2025-08-22T22:59:55.9569572Z #32 4.031   Downloading click_repl-0.3.0-py3-none-any.whl.metadata (3.6 kB)
2025-08-22T22:59:55.9570234Z #32 4.048 Collecting click-plugins>=1.1.1 (from celery==5.4.*->celery[redis]==5.4.*->-r fees_h10/requirements.txt (line 1))
2025-08-22T22:59:55.9570852Z #32 4.053   Downloading click_plugins-1.1.1.2-py2.py3-none-any.whl.metadata (6.5 kB)
2025-08-22T22:59:55.9571511Z #32 4.094 Collecting tzdata>=2022.7 (from celery==5.4.*->celery[redis]==5.4.*->-r fees_h10/requirements.txt (line 1))
2025-08-22T22:59:55.9572743Z #32 4.099   Downloading tzdata-2025.2-py2.py3-none-any.whl.metadata (1.4 kB)
2025-08-22T22:59:55.9573803Z #32 4.127 Collecting python-dateutil>=2.8.2 (from celery==5.4.*->celery[redis]==5.4.*->-r fees_h10/requirements.txt (line 1))
2025-08-22T22:59:55.9574944Z #32 4.132   Downloading python_dateutil-2.9.0.post0-py2.py3-none-any.whl.metadata (8.4 kB)
2025-08-22T22:59:55.9576025Z #32 4.191 Collecting redis!=4.5.5,<6.0.0,>=4.5.2 (from celery[redis]==5.4.*->-r fees_h10/requirements.txt (line 1))
2025-08-22T22:59:55.9576937Z #32 4.197   Downloading redis-5.3.1-py3-none-any.whl.metadata (9.2 kB)
2025-08-22T22:59:55.9577729Z #32 4.238 Collecting anyio (from httpx->-r fees_h10/requirements.txt (line 3))
2025-08-22T22:59:55.9578510Z #32 4.242   Downloading anyio-4.10.0-py3-none-any.whl.metadata (4.0 kB)
2025-08-22T22:59:55.9579317Z #32 4.289 Collecting certifi (from httpx->-r fees_h10/requirements.txt (line 3))
2025-08-22T22:59:55.9580176Z #32 4.292   Downloading certifi-2025.8.3-py3-none-any.whl.metadata (2.4 kB)
2025-08-22T22:59:55.9581021Z #32 4.333 Collecting httpcore==1.* (from httpx->-r fees_h10/requirements.txt (line 3))
2025-08-22T22:59:55.9581895Z #32 4.337   Downloading httpcore-1.0.9-py3-none-any.whl.metadata (21 kB)
2025-08-22T22:59:55.9582896Z #32 4.368 Collecting idna (from httpx->-r fees_h10/requirements.txt (line 3))
2025-08-22T22:59:55.9583957Z #32 4.375   Downloading idna-3.10-py3-none-any.whl.metadata (10 kB)
2025-08-22T22:59:55.9584771Z #32 4.403 Collecting h11>=0.16 (from httpcore==1.*->httpx->-r fees_h10/requirements.txt (line 3))
2025-08-22T22:59:55.9585589Z #32 4.408   Downloading h11-0.16.0-py3-none-any.whl.metadata (8.3 kB)
2025-08-22T22:59:55.9586396Z #32 4.635 Collecting greenlet>=1 (from sqlalchemy->-r fees_h10/requirements.txt (line 4))
2025-08-22T22:59:55.9587413Z #32 4.636   Downloading greenlet-3.2.4-cp312-cp312-manylinux_2_24_x86_64.manylinux_2_28_x86_64.whl.metadata (4.1 kB)
2025-08-22T22:59:55.9588562Z #32 4.678 Collecting typing-extensions>=4.6.0 (from sqlalchemy->-r fees_h10/requirements.txt (line 4))
2025-08-22T22:59:55.9589541Z #32 4.689   Downloading typing_extensions-4.14.1-py3-none-any.whl.metadata (3.0 kB)
2025-08-22T22:59:55.9590924Z #32 4.785 Collecting prompt-toolkit>=3.0.36 (from click-repl>=0.2.0->celery==5.4.*->celery[redis]==5.4.*->-r fees_h10/requirements.txt (line 1))
2025-08-22T22:59:55.9592105Z #32 4.790   Downloading prompt_toolkit-3.0.51-py3-none-any.whl.metadata (6.4 kB)
2025-08-22T22:59:55.9593314Z #32 4.830 Collecting amqp<6.0.0,>=5.1.1 (from kombu<6.0,>=5.3.4->celery==5.4.*->celery[redis]==5.4.*->-r fees_h10/requirements.txt (line 1))
2025-08-22T22:59:55.9594271Z #32 4.838   Downloading amqp-5.3.1-py3-none-any.whl.metadata (8.9 kB)
2025-08-22T22:59:55.9595261Z #32 4.900 Collecting packaging (from kombu<6.0,>=5.3.4->celery==5.4.*->celery[redis]==5.4.*->-r fees_h10/requirements.txt (line 1))
2025-08-22T22:59:55.9596261Z #32 4.907   Downloading packaging-25.0-py3-none-any.whl.metadata (3.3 kB)
2025-08-22T22:59:55.9597310Z #32 4.950 Collecting six>=1.5 (from python-dateutil>=2.8.2->celery==5.4.*->celery[redis]==5.4.*->-r fees_h10/requirements.txt (line 1))
2025-08-22T22:59:55.9598321Z #32 4.960   Downloading six-1.17.0-py2.py3-none-any.whl.metadata (1.7 kB)
2025-08-22T22:59:55.9599258Z #32 5.010 Collecting PyJWT>=2.9.0 (from redis!=4.5.5,<6.0.0,>=4.5.2->celery[redis]==5.4.*->-r fees_h10/requirements.txt (line 1))
2025-08-22T22:59:55.9600185Z #32 5.014   Downloading PyJWT-2.10.1-py3-none-any.whl.metadata (4.0 kB)
2025-08-22T22:59:55.9601004Z #32 5.039 Collecting sniffio>=1.1 (from anyio->httpx->-r fees_h10/requirements.txt (line 3))
2025-08-22T22:59:55.9601871Z #32 5.046   Downloading sniffio-1.3.1-py3-none-any.whl.metadata (3.9 kB)
2025-08-22T22:59:55.9603133Z #32 5.092 Collecting wcwidth (from prompt-toolkit>=3.0.36->click-repl>=0.2.0->celery==5.4.*->celery[redis]==5.4.*->-r fees_h10/requirements.txt (line 1))
2025-08-22T22:59:55.9604304Z #32 5.095   Downloading wcwidth-0.2.13-py2.py3-none-any.whl.metadata (14 kB)
2025-08-22T22:59:55.9605024Z #32 5.127 Downloading celery-5.4.0-py3-none-any.whl (425 kB)
2025-08-22T22:59:55.9605864Z #32 5.140 Downloading asyncpg-0.30.0-cp312-cp312-manylinux_2_17_x86_64.manylinux2014_x86_64.whl (3.6 MB)
2025-08-22T22:59:55.9607391Z #32 5.182    ━━━━━━━━━━━━━━━━━━━━━━━━━━━━━━━━━━━━━━━━ 3.6/3.6 MB 106.7 MB/s eta 0:00:00
2025-08-22T22:59:55.9608090Z #32 5.189 Downloading httpx-0.28.1-py3-none-any.whl (73 kB)
2025-08-22T22:59:55.9608746Z #32 5.200 Downloading httpcore-1.0.9-py3-none-any.whl (78 kB)
2025-08-22T22:59:55.9609626Z #32 5.217 Downloading sqlalchemy-2.0.43-cp312-cp312-manylinux_2_17_x86_64.manylinux2014_x86_64.whl (3.3 MB)
2025-08-22T22:59:55.9610799Z #32 5.253    ━━━━━━━━━━━━━━━━━━━━━━━━━━━━━━━━━━━━━━━━ 3.3/3.3 MB 107.3 MB/s eta 0:00:00
2025-08-22T22:59:55.9611515Z #32 5.263 Downloading billiard-4.2.1-py3-none-any.whl (86 kB)
2025-08-22T22:59:55.9612704Z #32 5.283 Downloading click-8.2.1-py3-none-any.whl (102 kB)
2025-08-22T22:59:55.9613400Z #32 5.291 Downloading click_didyoumean-0.3.1-py3-none-any.whl (3.6 kB)
2025-08-22T22:59:55.9614170Z #32 5.299 Downloading click_plugins-1.1.1.2-py2.py3-none-any.whl (11 kB)
2025-08-22T22:59:55.9614889Z #32 5.310 Downloading click_repl-0.3.0-py3-none-any.whl (10 kB)
2025-08-22T22:59:55.9615795Z #32 5.321 Downloading greenlet-3.2.4-cp312-cp312-manylinux_2_24_x86_64.manylinux_2_28_x86_64.whl (607 kB)
2025-08-22T22:59:55.9616961Z #32 5.348    ━━━━━━━━━━━━━━━━━━━━━━━━━━━━━━━━━━━━━━━━ 607.6/607.6 kB 21.0 MB/s eta 0:00:00
2025-08-22T22:59:55.9617914Z #32 5.358 Downloading kombu-5.5.4-py3-none-any.whl (210 kB)
2025-08-22T22:59:55.9618519Z #32 5.376 Downloading vine-5.1.0-py3-none-any.whl (9.6 kB)
2025-08-22T22:59:55.9619263Z #32 5.391 Downloading python_dateutil-2.9.0.post0-py2.py3-none-any.whl (229 kB)
2025-08-22T22:59:55.9620027Z #32 5.404 Downloading redis-5.3.1-py3-none-any.whl (272 kB)
2025-08-22T22:59:55.9620690Z #32 5.421 Downloading typing_extensions-4.14.1-py3-none-any.whl (43 kB)
2025-08-22T22:59:55.9621428Z #32 5.434 Downloading tzdata-2025.2-py2.py3-none-any.whl (347 kB)
2025-08-22T22:59:55.9622068Z #32 5.445 Downloading anyio-4.10.0-py3-none-any.whl (107 kB)
2025-08-22T22:59:55.9622831Z #32 5.457 Downloading idna-3.10-py3-none-any.whl (70 kB)
2025-08-22T22:59:55.9623447Z #32 5.470 Downloading certifi-2025.8.3-py3-none-any.whl (161 kB)
2025-08-22T22:59:55.9624345Z #32 5.482 Downloading amqp-5.3.1-py3-none-any.whl (50 kB)
2025-08-22T22:59:55.9624963Z #32 5.492 Downloading h11-0.16.0-py3-none-any.whl (37 kB)
2025-08-22T22:59:55.9625600Z #32 5.509 Downloading prompt_toolkit-3.0.51-py3-none-any.whl (387 kB)
2025-08-22T22:59:55.9626288Z #32 5.518 Downloading PyJWT-2.10.1-py3-none-any.whl (22 kB)
2025-08-22T22:59:55.9626891Z #32 5.528 Downloading six-1.17.0-py2.py3-none-any.whl (11 kB)
2025-08-22T22:59:55.9627514Z #32 5.535 Downloading sniffio-1.3.1-py3-none-any.whl (10 kB)
2025-08-22T22:59:55.9628133Z #32 5.544 Downloading packaging-25.0-py3-none-any.whl (66 kB)
2025-08-22T22:59:55.9628783Z #32 5.557 Downloading wcwidth-0.2.13-py2.py3-none-any.whl (34 kB)
2025-08-22T22:59:55.9630841Z #32 5.744 Installing collected packages: wcwidth, vine, tzdata, typing-extensions, sniffio, six, PyJWT, prompt-toolkit, packaging, idna, h11, greenlet, click, certifi, billiard, asyncpg, sqlalchemy, redis, python-dateutil, httpcore, click-repl, click-plugins, click-didyoumean, anyio, amqp, kombu, httpx, celery
2025-08-22T22:59:57.2529583Z #32 ...
2025-08-22T22:59:57.2529859Z 
2025-08-22T22:59:57.2530530Z #33 [api base  4/13] RUN pip install --no-cache-dir -r requirements.txt
2025-08-22T22:59:57.2531181Z #33 3.065 Collecting uvicorn==0.29.0 (from -r requirements.txt (line 1))
2025-08-22T22:59:57.2531897Z #33 3.109   Downloading uvicorn-0.29.0-py3-none-any.whl.metadata (6.3 kB)
2025-08-22T22:59:57.2532846Z #33 3.137 Collecting pydantic-settings==2.2.1 (from -r requirements.txt (line 2))
2025-08-22T22:59:57.2533663Z #33 3.142   Downloading pydantic_settings-2.2.1-py3-none-any.whl.metadata (3.1 kB)
2025-08-22T22:59:57.2534425Z #33 3.207 Collecting fastapi==0.111.0 (from -r requirements.txt (line 3))
2025-08-22T22:59:57.2535122Z #33 3.213   Downloading fastapi-0.111.0-py3-none-any.whl.metadata (25 kB)
2025-08-22T22:59:57.2535806Z #33 3.650 Collecting sqlalchemy==2.0.29 (from -r requirements.txt (line 4))
2025-08-22T22:59:57.2536816Z #33 3.658   Downloading SQLAlchemy-2.0.29-cp312-cp312-manylinux_2_17_x86_64.manylinux2014_x86_64.whl.metadata (9.6 kB)
2025-08-22T22:59:57.2537850Z #33 3.703 Collecting alembic==1.13.1 (from -r requirements.txt (line 5))
2025-08-22T22:59:57.2538627Z #33 3.708   Downloading alembic-1.13.1-py3-none-any.whl.metadata (7.4 kB)
2025-08-22T22:59:57.2539497Z #33 3.739 Collecting psycopg==3.2.9 (from psycopg[binary]==3.2.9->-r requirements.txt (line 6))
2025-08-22T22:59:57.2540363Z #33 3.743   Downloading psycopg-3.2.9-py3-none-any.whl.metadata (4.5 kB)
2025-08-22T22:59:57.2541099Z #33 3.779 Collecting httpx==0.27.2 (from -r requirements.txt (line 7))
2025-08-22T22:59:57.2541817Z #33 3.787   Downloading httpx-0.27.2-py3-none-any.whl.metadata (7.1 kB)
2025-08-22T22:59:57.2542731Z #33 3.864 Collecting asyncpg==0.29.0 (from -r requirements.txt (line 8))
2025-08-22T22:59:57.2543687Z #33 3.870   Downloading asyncpg-0.29.0-cp312-cp312-manylinux_2_17_x86_64.manylinux2014_x86_64.whl.metadata (4.4 kB)
2025-08-22T22:59:57.2544646Z #33 4.380 Collecting boto3==1.34.162 (from -r requirements.txt (line 9))
2025-08-22T22:59:57.2545369Z #33 4.388   Downloading boto3-1.34.162-py3-none-any.whl.metadata (6.6 kB)
2025-08-22T22:59:57.2546416Z #33 4.406 Collecting Jinja2==3.1.5 (from -r requirements.txt (line 10))
2025-08-22T22:59:57.2547130Z #33 4.415   Downloading jinja2-3.1.5-py3-none-any.whl.metadata (2.6 kB)
2025-08-22T22:59:57.2547865Z #33 4.468 Collecting celery==5.3.* (from -r requirements.txt (line 11))
2025-08-22T22:59:57.2548589Z #33 4.473   Downloading celery-5.3.6-py3-none-any.whl.metadata (21 kB)
2025-08-22T22:59:57.2549333Z #33 4.529 Collecting structlog==24.1.0 (from -r requirements.txt (line 12))
2025-08-22T22:59:57.2550079Z #33 4.534   Downloading structlog-24.1.0-py3-none-any.whl.metadata (6.9 kB)
2025-08-22T22:59:57.2550905Z #33 4.567 Collecting asgi-correlation-id==4.3.1 (from -r requirements.txt (line 13))
2025-08-22T22:59:57.2551785Z #33 4.572   Downloading asgi_correlation_id-4.3.1-py3-none-any.whl.metadata (28 kB)
2025-08-22T22:59:57.2553118Z #33 4.590 Collecting fastapi-limiter==0.1.6 (from -r requirements.txt (line 14))
2025-08-22T22:59:57.2554013Z #33 4.595   Downloading fastapi_limiter-0.1.6-py3-none-any.whl.metadata (5.3 kB)
2025-08-22T22:59:57.2554813Z #33 4.629 Collecting redis==5.0.8 (from -r requirements.txt (line 15))
2025-08-22T22:59:57.2555542Z #33 4.634   Downloading redis-5.0.8-py3-none-any.whl.metadata (9.2 kB)
2025-08-22T22:59:57.2556573Z #33 4.716 Collecting sentry-sdk==2.9.0 (from sentry-sdk[celery,fastapi,sqlalchemy]==2.9.0->-r requirements.txt (line 16))
2025-08-22T22:59:57.2558473Z #33 4.725   Downloading sentry_sdk-2.9.0-py2.py3-none-any.whl.metadata (14 kB)
2025-08-22T22:59:57.2559337Z #33 4.829 Collecting click>=7.0 (from uvicorn==0.29.0->-r requirements.txt (line 1))
2025-08-22T22:59:57.2560125Z #33 4.831   Downloading click-8.2.1-py3-none-any.whl.metadata (2.5 kB)
2025-08-22T22:59:57.2560873Z #33 4.844 Collecting h11>=0.8 (from uvicorn==0.29.0->-r requirements.txt (line 1))
2025-08-22T22:59:57.2561617Z #33 4.848   Downloading h11-0.16.0-py3-none-any.whl.metadata (8.3 kB)
2025-08-22T22:59:57.2562471Z #33 5.011 Collecting pydantic>=2.3.0 (from pydantic-settings==2.2.1->-r requirements.txt (line 2))
2025-08-22T22:59:57.2563572Z #33 5.017   Downloading pydantic-2.11.7-py3-none-any.whl.metadata (67 kB)
2025-08-22T22:59:57.2564515Z #33 5.048 Collecting python-dotenv>=0.21.0 (from pydantic-settings==2.2.1->-r requirements.txt (line 2))
2025-08-22T22:59:57.2565493Z #33 5.053   Downloading python_dotenv-1.1.1-py3-none-any.whl.metadata (24 kB)
2025-08-22T22:59:57.2566379Z #33 5.117 Collecting starlette<0.38.0,>=0.37.2 (from fastapi==0.111.0->-r requirements.txt (line 3))
2025-08-22T22:59:57.2567261Z #33 5.121   Downloading starlette-0.37.2-py3-none-any.whl.metadata (5.9 kB)
2025-08-22T22:59:57.2568172Z #33 5.228 Collecting typing-extensions>=4.8.0 (from fastapi==0.111.0->-r requirements.txt (line 3))
2025-08-22T22:59:57.2569160Z #33 5.236   Downloading typing_extensions-4.14.1-py3-none-any.whl.metadata (3.0 kB)
2025-08-22T22:59:57.2570088Z #33 5.252 Collecting fastapi-cli>=0.0.2 (from fastapi==0.111.0->-r requirements.txt (line 3))
2025-08-22T22:59:57.2571086Z #33 5.257   Downloading fastapi_cli-0.0.8-py3-none-any.whl.metadata (6.3 kB)
2025-08-22T22:59:57.2572007Z #33 5.289 Collecting python-multipart>=0.0.7 (from fastapi==0.111.0->-r requirements.txt (line 3))
2025-08-22T22:59:57.2573135Z #33 5.292   Downloading python_multipart-0.0.20-py3-none-any.whl.metadata (1.8 kB)
2025-08-22T22:59:57.2577315Z #33 5.376 Collecting ujson!=4.0.2,!=4.1.0,!=4.2.0,!=4.3.0,!=5.0.0,!=5.1.0,>=4.0.1 (from fastapi==0.111.0->-r requirements.txt (line 3))
2025-08-22T22:59:57.2578502Z #33 5.381   Downloading ujson-5.11.0-cp312-cp312-manylinux_2_24_x86_64.manylinux_2_28_x86_64.whl.metadata (9.4 kB)
2025-08-22T22:59:57.2579528Z #33 5.733 Collecting orjson>=3.2.1 (from fastapi==0.111.0->-r requirements.txt (line 3))
2025-08-22T22:59:57.2580556Z #33 5.739   Downloading orjson-3.11.2-cp312-cp312-manylinux_2_17_x86_64.manylinux2014_x86_64.whl.metadata (1.2 kB)
2025-08-22T22:59:57.2581665Z #33 5.766 Collecting email_validator>=2.0.0 (from fastapi==0.111.0->-r requirements.txt (line 3))
2025-08-22T22:59:57.2583026Z #33 5.779   Downloading email_validator-2.2.0-py3-none-any.whl.metadata (25 kB)
2025-08-22T22:59:57.2583909Z #33 5.980 Collecting greenlet!=0.4.17 (from sqlalchemy==2.0.29->-r requirements.txt (line 4))
2025-08-22T22:59:57.2584996Z #33 5.986   Downloading greenlet-3.2.4-cp312-cp312-manylinux_2_24_x86_64.manylinux_2_28_x86_64.whl.metadata (4.1 kB)
2025-08-22T22:59:57.2586003Z #33 6.027 Collecting Mako (from alembic==1.13.1->-r requirements.txt (line 5))
2025-08-22T22:59:57.2586773Z #33 6.032   Downloading mako-1.3.10-py3-none-any.whl.metadata (2.9 kB)
2025-08-22T22:59:57.2587524Z #33 6.086 Collecting anyio (from httpx==0.27.2->-r requirements.txt (line 7))
2025-08-22T22:59:57.2588298Z #33 6.092   Downloading anyio-4.10.0-py3-none-any.whl.metadata (4.0 kB)
2025-08-22T22:59:57.2589091Z #33 6.120 Collecting certifi (from httpx==0.27.2->-r requirements.txt (line 7))
2025-08-22T22:59:57.2590134Z #33 6.125   Downloading certifi-2025.8.3-py3-none-any.whl.metadata (2.4 kB)
2025-08-22T22:59:57.2591188Z #33 6.152 Collecting httpcore==1.* (from httpx==0.27.2->-r requirements.txt (line 7))
2025-08-22T22:59:57.2592251Z #33 6.156   Downloading httpcore-1.0.9-py3-none-any.whl.metadata (21 kB)
2025-08-22T22:59:57.2593324Z #33 6.179 Collecting idna (from httpx==0.27.2->-r requirements.txt (line 7))
2025-08-22T22:59:57.2594058Z #33 6.188   Downloading idna-3.10-py3-none-any.whl.metadata (10 kB)
2025-08-22T22:59:57.2594788Z #33 6.197 Collecting sniffio (from httpx==0.27.2->-r requirements.txt (line 7))
2025-08-22T22:59:57.2595577Z #33 6.201   Downloading sniffio-1.3.1-py3-none-any.whl.metadata (3.9 kB)
2025-08-22T22:59:57.2596427Z #33 6.704 Collecting botocore<1.35.0,>=1.34.162 (from boto3==1.34.162->-r requirements.txt (line 9))
2025-08-22T22:59:57.2597278Z #33 6.743   Downloading botocore-1.34.162-py3-none-any.whl.metadata (5.7 kB)
2025-08-22T22:59:57.2598165Z #33 6.810 Collecting jmespath<2.0.0,>=0.7.1 (from boto3==1.34.162->-r requirements.txt (line 9))
2025-08-22T22:59:57.2598989Z #33 6.812   Downloading jmespath-1.0.1-py3-none-any.whl.metadata (7.6 kB)
2025-08-22T22:59:57.2599804Z #33 6.835 Collecting s3transfer<0.11.0,>=0.10.0 (from boto3==1.34.162->-r requirements.txt (line 9))
2025-08-22T22:59:57.2600691Z #33 7.051   Downloading s3transfer-0.10.4-py3-none-any.whl.metadata (1.7 kB)
2025-08-22T22:59:57.2601532Z #33 7.089 Collecting MarkupSafe>=2.0 (from Jinja2==3.1.5->-r requirements.txt (line 10))
2025-08-22T22:59:57.2602804Z #33 7.091   Downloading MarkupSafe-3.0.2-cp312-cp312-manylinux_2_17_x86_64.manylinux2014_x86_64.whl.metadata (4.0 kB)
2025-08-22T22:59:57.2603895Z #33 7.160 Collecting billiard<5.0,>=4.2.0 (from celery==5.3.*->-r requirements.txt (line 11))
2025-08-22T22:59:57.2604746Z #33 7.191   Downloading billiard-4.2.1-py3-none-any.whl.metadata (4.4 kB)
2025-08-22T22:59:57.2605628Z #33 7.201 Collecting click-didyoumean>=0.3.0 (from celery==5.3.*->-r requirements.txt (line 11))
2025-08-22T22:59:57.2606551Z #33 7.207   Downloading click_didyoumean-0.3.1-py3-none-any.whl.metadata (3.9 kB)
2025-08-22T22:59:57.2607488Z #33 7.215 Collecting click-plugins>=1.1.1 (from celery==5.3.*->-r requirements.txt (line 11))
2025-08-22T22:59:57.2608428Z #33 7.225   Downloading click_plugins-1.1.1.2-py2.py3-none-any.whl.metadata (6.5 kB)
2025-08-22T22:59:57.2609348Z #33 7.238 Collecting click-repl>=0.2.0 (from celery==5.3.*->-r requirements.txt (line 11))
2025-08-22T22:59:57.2610211Z #33 7.244   Downloading click_repl-0.3.0-py3-none-any.whl.metadata (3.6 kB)
2025-08-22T22:59:57.2611040Z #33 7.316 Collecting kombu<6.0,>=5.3.4 (from celery==5.3.*->-r requirements.txt (line 11))
2025-08-22T22:59:57.2611835Z #33 7.320   Downloading kombu-5.5.4-py3-none-any.whl.metadata (3.5 kB)
2025-08-22T22:59:57.2612888Z #33 7.351 Collecting python-dateutil>=2.8.2 (from celery==5.3.*->-r requirements.txt (line 11))
2025-08-22T22:59:57.2613893Z #33 7.356   Downloading python_dateutil-2.9.0.post0-py2.py3-none-any.whl.metadata (8.4 kB)
2025-08-22T22:59:57.2614832Z #33 7.373 Collecting tzdata>=2022.7 (from celery==5.3.*->-r requirements.txt (line 11))
2025-08-22T22:59:57.2615931Z #33 7.377   Downloading tzdata-2025.2-py2.py3-none-any.whl.metadata (1.4 kB)
2025-08-22T22:59:57.2616788Z #33 7.392 Collecting vine<6.0,>=5.1.0 (from celery==5.3.*->-r requirements.txt (line 11))
2025-08-22T22:59:57.2617579Z #33 7.399   Downloading vine-5.1.0-py3-none-any.whl.metadata (2.7 kB)
2025-08-22T22:59:57.2618666Z #33 7.477 Collecting urllib3>=1.26.11 (from sentry-sdk==2.9.0->sentry-sdk[celery,fastapi,sqlalchemy]==2.9.0->-r requirements.txt (line 16))
2025-08-22T22:59:57.4175020Z #33 ...
2025-08-22T22:59:57.4178969Z 
2025-08-22T22:59:57.4183507Z #13 [postgres 1/6] FROM docker.io/library/postgres:16@sha256:66a5efb5677ffac1037774a0e141fd3a4c035c9c0c0e624c9cc980dfa10f45e5
2025-08-22T22:59:57.4207277Z #13 extracting sha256:a1e4ad56dcecf442fba1cec05cd565ededfdc663e5172df9ef9394d96d4c96f8 6.5s done
2025-08-22T22:59:57.4212977Z #13 extracting sha256:987c1b4919ea2d87df20824aaef43a9de0575ac7df684579ad267c7e48c8eeea done
2025-08-22T22:59:57.4217943Z #13 extracting sha256:a858bd6d34e86a481a2e028e3ba489e662b3ac7713eba9a5d3bb97002c7d797e done
2025-08-22T22:59:57.4221002Z #13 extracting sha256:f1b3502db45ad485f0affe43e32fc81d699ddac01c023f198271a0a7e1cecd4c done
2025-08-22T22:59:57.4224128Z #13 extracting sha256:25ef78fb127c1934630de29a3d38f46e544360b1dcf5cfc09b25507fbe88fd75 done
2025-08-22T22:59:57.4226594Z #13 extracting sha256:240810240d04caaaccb11d51ba7c3a7f7d6f470ec2a80ee420a3d33899d9a303 done
2025-08-22T22:59:57.4238960Z #13 DONE 10.3s
2025-08-22T22:59:57.4239175Z 
2025-08-22T22:59:57.4239473Z #33 [api base  4/13] RUN pip install --no-cache-dir -r requirements.txt
2025-08-22T22:59:57.4240230Z #33 7.482   Downloading urllib3-2.5.0-py3-none-any.whl.metadata (6.5 kB)
2025-08-22T22:59:57.4240857Z #33 ...
2025-08-22T22:59:57.4241014Z 
2025-08-22T22:59:57.4242324Z #34 [postgres 2/6] RUN set -eux;     if [ -f /etc/apt/sources.list ]; then         sed -i 's|http://deb.debian.org|https://deb.debian.org|g' /etc/apt/sources.list;     fi;     apt-get update;     apt-get install -y locales;     locale-gen en_US.UTF-8;     rm -rf /var/lib/apt/lists/*
2025-08-22T22:59:57.6204016Z #34 0.242 + [ -f /etc/apt/sources.list ]
2025-08-22T22:59:57.6206707Z #34 0.242 + apt-get update
2025-08-22T22:59:57.6207733Z #34 0.296 Get:1 http://deb.debian.org/debian trixie InRelease [138 kB]
2025-08-22T22:59:57.7249971Z #34 0.314 Get:2 http://deb.debian.org/debian trixie-updates InRelease [47.1 kB]
2025-08-22T22:59:57.7267886Z #34 0.315 Get:3 http://deb.debian.org/debian-security trixie-security InRelease [43.4 kB]
2025-08-22T22:59:57.7275418Z #34 0.349 Get:4 http://deb.debian.org/debian trixie/main amd64 Packages [9,668 kB]
2025-08-22T22:59:57.8287496Z #34 0.423 Get:5 http://deb.debian.org/debian trixie-updates/main amd64 Packages [2,432 B]
2025-08-22T22:59:57.8291883Z #34 0.424 Get:6 http://deb.debian.org/debian-security trixie-security/main amd64 Packages [23.9 kB]
2025-08-22T22:59:57.9508171Z #34 0.625 Get:7 http://apt.postgresql.org/pub/repos/apt trixie-pgdg InRelease [107 kB]
2025-08-22T22:59:58.1513638Z #34 0.680 Get:8 http://apt.postgresql.org/pub/repos/apt trixie-pgdg/main amd64 Packages [334 kB]
2025-08-22T22:59:58.1516565Z #34 0.685 Get:9 http://apt.postgresql.org/pub/repos/apt trixie-pgdg/16 amd64 Packages [2,574 B]
2025-08-22T22:59:58.7222053Z #34 1.398 Fetched 10.4 MB in 1s (9,307 kB/s)
2025-08-22T22:59:59.7152139Z #34 1.398 Reading package lists...
2025-08-22T22:59:59.7152763Z #34 2.294 + apt-get install -y locales
2025-08-22T22:59:59.8878020Z #34 2.316 Reading package lists...
2025-08-22T22:59:59.8878529Z #34 ...
2025-08-22T22:59:59.8878701Z 
2025-08-22T22:59:59.8879376Z #35 [celery_worker base 4/8] RUN if [ -n "" ] && [ -f "" ]; then         pip install -r requirements.txt -c "";     else         pip install -r requirements.txt;     fi
2025-08-22T22:59:59.8881807Z #35 2.898 Collecting keepa==1.3.14 (from -r requirements.txt (line 1))
2025-08-22T22:59:59.8882694Z #35 2.931   Downloading keepa-1.3.14-py3-none-any.whl.metadata (10 kB)
2025-08-22T22:59:59.8883411Z #35 2.997 Collecting minio==7.1.15 (from -r requirements.txt (line 2))
2025-08-22T22:59:59.8884555Z #35 3.006   Downloading minio-7.1.15-py3-none-any.whl.metadata (4.2 kB)
2025-08-22T22:59:59.8885367Z #35 3.064 Collecting celery==5.3.* (from -r requirements.txt (line 3))
2025-08-22T22:59:59.8886124Z #35 3.068   Downloading celery-5.3.6-py3-none-any.whl.metadata (21 kB)
2025-08-22T22:59:59.8886870Z #35 3.182 Collecting redis==5.* (from -r requirements.txt (line 4))
2025-08-22T22:59:59.8887505Z #35 3.185   Downloading redis-5.3.1-py3-none-any.whl.metadata (9.2 kB)
2025-08-22T22:59:59.8888265Z #35 3.324 Collecting python-amazon-sp-api==0.8.0 (from -r requirements.txt (line 5))
2025-08-22T22:59:59.8889026Z #35 3.331   Downloading python_amazon_sp_api-0.8.0-py3-none-any.whl.metadata (3.2 kB)
2025-08-22T22:59:59.8889799Z #35 3.386 Collecting pydantic-settings==2.2.1 (from -r requirements.txt (line 6))
2025-08-22T22:59:59.8890796Z #35 3.390   Downloading pydantic_settings-2.2.1-py3-none-any.whl.metadata (3.1 kB)
2025-08-22T22:59:59.8891518Z #35 3.733 Collecting numpy<2 (from -r requirements.txt (line 7))
2025-08-22T22:59:59.8892336Z #35 3.738   Downloading numpy-1.26.4-cp312-cp312-manylinux_2_17_x86_64.manylinux2014_x86_64.whl.metadata (61 kB)
2025-08-22T22:59:59.8893423Z #35 3.941 Collecting pandas==2.2.* (from -r requirements.txt (line 8))
2025-08-22T22:59:59.8894338Z #35 3.952   Downloading pandas-2.2.3-cp312-cp312-manylinux_2_17_x86_64.manylinux2014_x86_64.whl.metadata (89 kB)
2025-08-22T22:59:59.8895202Z #35 4.120 Collecting pandera==0.19.* (from -r requirements.txt (line 9))
2025-08-22T22:59:59.8895831Z #35 4.169   Downloading pandera-0.19.3-py3-none-any.whl.metadata (15 kB)
2025-08-22T22:59:59.8896481Z #35 4.237 Collecting openpyxl==3.1.* (from -r requirements.txt (line 10))
2025-08-22T22:59:59.8897176Z #35 4.257   Downloading openpyxl-3.1.5-py2.py3-none-any.whl.metadata (2.5 kB)
2025-08-22T22:59:59.8897965Z #35 4.305 Collecting psycopg==3.2.9 (from psycopg[binary]==3.2.9->-r requirements.txt (line 11))
2025-08-22T22:59:59.8898708Z #35 4.309   Downloading psycopg-3.2.9-py3-none-any.whl.metadata (4.5 kB)
2025-08-22T22:59:59.8899396Z #35 4.433 Collecting psycopg2-binary==2.9.* (from -r requirements.txt (line 12))
2025-08-22T22:59:59.8900302Z #35 4.436   Downloading psycopg2_binary-2.9.10-cp312-cp312-manylinux_2_17_x86_64.manylinux2014_x86_64.whl.metadata (4.9 kB)
2025-08-22T22:59:59.8901166Z #35 4.527 Collecting sentry-sdk==2.9.0 (from -r requirements.txt (line 13))
2025-08-22T22:59:59.8901821Z #35 4.531   Downloading sentry_sdk-2.9.0-py2.py3-none-any.whl.metadata (14 kB)
2025-08-22T22:59:59.8923871Z #35 4.671 Collecting requests>=2.2 (from keepa==1.3.14->-r requirements.txt (line 1))
2025-08-22T22:59:59.8924834Z #35 4.678   Downloading requests-2.32.5-py3-none-any.whl.metadata (4.9 kB)
2025-08-22T22:59:59.8925658Z #35 4.734 Collecting tqdm (from keepa==1.3.14->-r requirements.txt (line 1))
2025-08-22T22:59:59.8926444Z #35 4.741   Downloading tqdm-4.67.1-py3-none-any.whl.metadata (57 kB)
2025-08-22T22:59:59.8927229Z #35 5.621 Collecting aiohttp (from keepa==1.3.14->-r requirements.txt (line 1))
2025-08-22T22:59:59.8928261Z #35 5.627   Downloading aiohttp-3.12.15-cp312-cp312-manylinux_2_17_x86_64.manylinux2014_x86_64.whl.metadata (7.7 kB)
2025-08-22T22:59:59.8929315Z #35 5.862 Collecting pydantic (from keepa==1.3.14->-r requirements.txt (line 1))
2025-08-22T22:59:59.8930158Z #35 5.871   Downloading pydantic-2.11.7-py3-none-any.whl.metadata (67 kB)
2025-08-22T22:59:59.8930979Z #35 5.913 Collecting certifi (from minio==7.1.15->-r requirements.txt (line 2))
2025-08-22T22:59:59.8931807Z #35 5.919   Downloading certifi-2025.8.3-py3-none-any.whl.metadata (2.4 kB)
2025-08-22T22:59:59.8932775Z #35 5.971 Collecting urllib3 (from minio==7.1.15->-r requirements.txt (line 2))
2025-08-22T22:59:59.8933429Z #35 5.976   Downloading urllib3-2.5.0-py3-none-any.whl.metadata (6.5 kB)
2025-08-22T22:59:59.8934093Z #35 6.022 Collecting billiard<5.0,>=4.2.0 (from celery==5.3.*->-r requirements.txt (line 3))
2025-08-22T22:59:59.8934781Z #35 6.027   Downloading billiard-4.2.1-py3-none-any.whl.metadata (4.4 kB)
2025-08-22T22:59:59.8935733Z #35 6.082 Collecting click-didyoumean>=0.3.0 (from celery==5.3.*->-r requirements.txt (line 3))
2025-08-22T22:59:59.8936483Z #35 6.089   Downloading click_didyoumean-0.3.1-py3-none-any.whl.metadata (3.9 kB)
2025-08-22T22:59:59.8937201Z #35 6.111 Collecting click-plugins>=1.1.1 (from celery==5.3.*->-r requirements.txt (line 3))
2025-08-22T22:59:59.8937923Z #35 6.116   Downloading click_plugins-1.1.1.2-py2.py3-none-any.whl.metadata (6.5 kB)
2025-08-22T22:59:59.8938640Z #35 6.134 Collecting click-repl>=0.2.0 (from celery==5.3.*->-r requirements.txt (line 3))
2025-08-22T22:59:59.8939309Z #35 6.145   Downloading click_repl-0.3.0-py3-none-any.whl.metadata (3.6 kB)
2025-08-22T22:59:59.8939955Z #35 6.176 Collecting click<9.0,>=8.1.2 (from celery==5.3.*->-r requirements.txt (line 3))
2025-08-22T22:59:59.8940581Z #35 6.179   Downloading click-8.2.1-py3-none-any.whl.metadata (2.5 kB)
2025-08-22T22:59:59.8941375Z #35 6.240 Collecting kombu<6.0,>=5.3.4 (from celery==5.3.*->-r requirements.txt (line 3))
2025-08-22T22:59:59.8942046Z #35 6.248   Downloading kombu-5.5.4-py3-none-any.whl.metadata (3.5 kB)
2025-08-22T22:59:59.8943001Z #35 6.285 Collecting python-dateutil>=2.8.2 (from celery==5.3.*->-r requirements.txt (line 3))
2025-08-22T22:59:59.8944005Z #35 6.290   Downloading python_dateutil-2.9.0.post0-py2.py3-none-any.whl.metadata (8.4 kB)
2025-08-22T22:59:59.8944939Z #35 6.325 Collecting tzdata>=2022.7 (from celery==5.3.*->-r requirements.txt (line 3))
2025-08-22T22:59:59.8945822Z #35 6.330   Downloading tzdata-2025.2-py2.py3-none-any.whl.metadata (1.4 kB)
2025-08-22T22:59:59.8946653Z #35 6.368 Collecting vine<6.0,>=5.1.0 (from celery==5.3.*->-r requirements.txt (line 3))
2025-08-22T22:59:59.8947438Z #35 6.379   Downloading vine-5.1.0-py3-none-any.whl.metadata (2.7 kB)
2025-08-22T22:59:59.8948216Z #35 6.424 Collecting PyJWT>=2.9.0 (from redis==5.*->-r requirements.txt (line 4))
2025-08-22T22:59:59.8949022Z #35 6.434   Downloading PyJWT-2.10.1-py3-none-any.whl.metadata (4.0 kB)
2025-08-22T22:59:59.8949889Z #35 6.478 Collecting six<2,>=1.15 (from python-amazon-sp-api==0.8.0->-r requirements.txt (line 5))
2025-08-22T22:59:59.8950698Z #35 6.483   Downloading six-1.17.0-py2.py3-none-any.whl.metadata (1.7 kB)
2025-08-22T22:59:59.8951544Z #35 6.934 Collecting boto3<2,>=1.16.39 (from python-amazon-sp-api==0.8.0->-r requirements.txt (line 5))
2025-08-22T22:59:59.8980393Z #35 7.056   Downloading boto3-1.40.16-py3-none-any.whl.metadata (6.7 kB)
2025-08-22T22:59:59.8981453Z #35 7.161 Collecting cachetools~=4.2.0 (from python-amazon-sp-api==0.8.0->-r requirements.txt (line 5))
2025-08-22T22:59:59.8982401Z #35 7.198   Downloading cachetools-4.2.4-py3-none-any.whl.metadata (4.8 kB)
2025-08-22T22:59:59.9009622Z #35 7.320 Collecting pycryptodome (from python-amazon-sp-api==0.8.0->-r requirements.txt (line 5))
2025-08-22T22:59:59.9010851Z #35 7.325   Downloading pycryptodome-3.23.0-cp37-abi3-manylinux_2_17_x86_64.manylinux2014_x86_64.whl.metadata (3.4 kB)
2025-08-22T22:59:59.9011968Z #35 7.410 Collecting pytz (from python-amazon-sp-api==0.8.0->-r requirements.txt (line 5))
2025-08-22T22:59:59.9013050Z #35 7.416   Downloading pytz-2025.2-py2.py3-none-any.whl.metadata (22 kB)
2025-08-22T22:59:59.9013995Z #35 7.442 Collecting confuse~=1.4.0 (from python-amazon-sp-api==0.8.0->-r requirements.txt (line 5))
2025-08-22T22:59:59.9014933Z #35 7.456   Downloading confuse-1.4.0-py2.py3-none-any.whl.metadata (3.8 kB)
2025-08-22T22:59:59.9034903Z #35 7.508 Collecting python-dotenv>=0.21.0 (from pydantic-settings==2.2.1->-r requirements.txt (line 6))
2025-08-22T22:59:59.9035998Z #35 7.512   Downloading python_dotenv-1.1.1-py3-none-any.whl.metadata (24 kB)
2025-08-22T22:59:59.9036887Z #35 7.572 Collecting multimethod<=1.10.0 (from pandera==0.19.*->-r requirements.txt (line 9))
2025-08-22T22:59:59.9037779Z #35 7.577   Downloading multimethod-1.10-py3-none-any.whl.metadata (8.2 kB)
2025-08-22T22:59:59.9038651Z #35 7.645 Collecting packaging>=20.0 (from pandera==0.19.*->-r requirements.txt (line 9))
2025-08-22T22:59:59.9039774Z #35 7.652   Downloading packaging-25.0-py3-none-any.whl.metadata (3.3 kB)
2025-08-22T22:59:59.9040604Z #35 7.714 Collecting typeguard (from pandera==0.19.*->-r requirements.txt (line 9))
2025-08-22T22:59:59.9041442Z #35 7.726   Downloading typeguard-4.4.4-py3-none-any.whl.metadata (3.3 kB)
2025-08-22T22:59:59.9042333Z #35 7.744 Collecting typing-inspect>=0.6.0 (from pandera==0.19.*->-r requirements.txt (line 9))
2025-08-22T22:59:59.9051654Z #35 7.749   Downloading typing_inspect-0.9.0-py3-none-any.whl.metadata (1.5 kB)
2025-08-22T22:59:59.9052787Z #35 7.930 Collecting wrapt (from pandera==0.19.*->-r requirements.txt (line 9))
2025-08-22T22:59:59.9053905Z #35 7.936   Downloading wrapt-1.17.3-cp312-cp312-manylinux1_x86_64.manylinux_2_28_x86_64.manylinux_2_5_x86_64.whl.metadata (6.4 kB)
2025-08-22T22:59:59.9055041Z #35 7.955 Collecting et-xmlfile (from openpyxl==3.1.*->-r requirements.txt (line 10))
2025-08-22T22:59:59.9056174Z #35 7.960   Downloading et_xmlfile-2.0.0-py3-none-any.whl.metadata (2.7 kB)
2025-08-22T22:59:59.9057239Z #35 7.993 Collecting typing-extensions>=4.6 (from psycopg==3.2.9->psycopg[binary]==3.2.9->-r requirements.txt (line 11))
2025-08-22T22:59:59.9058326Z #35 7.997   Downloading typing_extensions-4.14.1-py3-none-any.whl.metadata (3.0 kB)
2025-08-22T22:59:59.9059317Z #35 8.225 Collecting psycopg-binary==3.2.9 (from psycopg[binary]==3.2.9->-r requirements.txt (line 11))
2025-08-22T22:59:59.9060497Z #35 8.230   Downloading psycopg_binary-3.2.9-cp312-cp312-manylinux_2_17_x86_64.manylinux2014_x86_64.whl.metadata (2.9 kB)
2025-08-22T22:59:59.9061775Z #35 9.076 Collecting botocore<1.41.0,>=1.40.16 (from boto3<2,>=1.16.39->python-amazon-sp-api==0.8.0->-r requirements.txt (line 5))
2025-08-22T22:59:59.9062951Z #35 9.078   Downloading botocore-1.40.16-py3-none-any.whl.metadata (5.7 kB)
2025-08-22T22:59:59.9063984Z #35 9.110 Collecting jmespath<2.0.0,>=0.7.1 (from boto3<2,>=1.16.39->python-amazon-sp-api==0.8.0->-r requirements.txt (line 5))
2025-08-22T22:59:59.9064970Z #35 9.114   Downloading jmespath-1.0.1-py3-none-any.whl.metadata (7.6 kB)
2025-08-22T22:59:59.9065998Z #35 9.154 Collecting s3transfer<0.14.0,>=0.13.0 (from boto3<2,>=1.16.39->python-amazon-sp-api==0.8.0->-r requirements.txt (line 5))
2025-08-22T22:59:59.9067024Z #35 9.159   Downloading s3transfer-0.13.1-py3-none-any.whl.metadata (1.7 kB)
2025-08-22T22:59:59.9068002Z #35 9.261 Collecting prompt-toolkit>=3.0.36 (from click-repl>=0.2.0->celery==5.3.*->-r requirements.txt (line 3))
2025-08-22T22:59:59.9069007Z #35 9.268   Downloading prompt_toolkit-3.0.51-py3-none-any.whl.metadata (6.4 kB)
2025-08-22T22:59:59.9069982Z #35 9.355 Collecting pyyaml (from confuse~=1.4.0->python-amazon-sp-api==0.8.0->-r requirements.txt (line 5))
2025-08-22T22:59:59.9071133Z #35 9.362   Downloading PyYAML-6.0.2-cp312-cp312-manylinux_2_17_x86_64.manylinux2014_x86_64.whl.metadata (2.1 kB)
2025-08-22T22:59:59.9072227Z #35 9.407 Collecting amqp<6.0.0,>=5.1.1 (from kombu<6.0,>=5.3.4->celery==5.3.*->-r requirements.txt (line 3))
2025-08-22T22:59:59.9073209Z #35 9.413   Downloading amqp-5.3.1-py3-none-any.whl.metadata (8.9 kB)
2025-08-22T22:59:59.9074078Z #35 9.450 Collecting annotated-types>=0.6.0 (from pydantic->keepa==1.3.14->-r requirements.txt (line 1))
2025-08-22T22:59:59.9074988Z #35 9.454   Downloading annotated_types-0.7.0-py3-none-any.whl.metadata (15 kB)
2025-08-22T22:59:59.9895997Z #35 ...
2025-08-22T22:59:59.9899082Z 
2025-08-22T22:59:59.9902157Z #36 [api stage-1 3/6] RUN set -eux;     if [ -f /etc/apt/sources.list ]; then         sed -i 's|http://deb.debian.org|https://deb.debian.org|g' /etc/apt/sources.list;     fi;     apt-get update;     apt-get install -y --no-install-recommends tzdata postgresql-client curl;     rm -rf /var/lib/apt/lists/*
2025-08-22T22:59:59.9909773Z #36 0.249 + [ -f /etc/apt/sources.list ]
2025-08-22T22:59:59.9910243Z #36 0.249 + apt-get update
2025-08-22T22:59:59.9911000Z #36 0.315 Hit:1 http://deb.debian.org/debian trixie InRelease
2025-08-22T22:59:59.9911778Z #36 0.315 Get:2 http://deb.debian.org/debian trixie-updates InRelease [47.1 kB]
2025-08-22T22:59:59.9964072Z #36 0.317 Get:3 http://deb.debian.org/debian-security trixie-security InRelease [43.4 kB]
2025-08-22T22:59:59.9964968Z #36 0.362 Get:4 http://deb.debian.org/debian trixie/main amd64 Packages [9668 kB]
2025-08-22T22:59:59.9965846Z #36 0.442 Get:5 http://deb.debian.org/debian trixie-updates/main amd64 Packages [2432 B]
2025-08-22T22:59:59.9966847Z #36 0.444 Get:6 http://deb.debian.org/debian-security trixie-security/main amd64 Packages [23.9 kB]
2025-08-22T22:59:59.9967606Z #36 1.367 Fetched 9784 kB in 1s (9054 kB/s)
2025-08-22T22:59:59.9968042Z #36 1.367 Reading package lists...
2025-08-22T22:59:59.9968678Z #36 2.169 + apt-get install -y --no-install-recommends tzdata postgresql-client curl
2025-08-22T22:59:59.9969330Z #36 2.196 Reading package lists...
2025-08-22T22:59:59.9969747Z #36 3.097 Building dependency tree...
2025-08-22T22:59:59.9970175Z #36 3.305 Reading state information...
2025-08-22T22:59:59.9970899Z #36 3.557 tzdata is already the newest version (2025b-4).
2025-08-22T22:59:59.9971515Z #36 3.557 The following additional packages will be installed:
2025-08-22T22:59:59.9972257Z #36 3.557   libbrotli1 libcom-err2 libcurl4t64 libgdbm-compat4t64 libgnutls30t64
2025-08-22T22:59:59.9993636Z #36 3.557   libgssapi-krb5-2 libidn2-0 libk5crypto3 libkeyutils1 libkrb5-3
2025-08-22T23:00:00.0001681Z #36 3.557   libkrb5support0 libldap2 libnghttp2-14 libnghttp3-9 libp11-kit0 libperl5.40
2025-08-22T23:00:00.0002881Z #36 3.560   libpq5 libpsl5t64 librtmp1 libsasl2-2 libsasl2-modules-db libssh2-1t64
2025-08-22T23:00:00.0003765Z #36 3.560   libtasn1-6 libunistring5 perl perl-modules-5.40 postgresql-client-17
2025-08-22T23:00:00.0004520Z #36 3.560   postgresql-client-common sensible-utils
2025-08-22T23:00:00.0005023Z #36 3.560 Suggested packages:
2025-08-22T23:00:00.0005604Z #36 3.560   gnutls-bin krb5-doc krb5-user perl-doc libterm-readline-gnu-perl
2025-08-22T23:00:00.0006568Z #36 3.560   | libterm-readline-perl-perl make libtap-harness-archive-perl postgresql-17
2025-08-22T23:00:00.0007321Z #36 3.560   postgresql-doc-17
2025-08-22T23:00:00.0007716Z #36 3.560 Recommended packages:
2025-08-22T23:00:00.0008352Z #36 3.560   bash-completion krb5-locales libldap-common publicsuffix libsasl2-modules
2025-08-22T23:00:00.0009107Z #36 3.875 The following NEW packages will be installed:
2025-08-22T23:00:00.0009854Z #36 3.876   curl libbrotli1 libcom-err2 libcurl4t64 libgdbm-compat4t64 libgnutls30t64
2025-08-22T23:00:00.0010682Z #36 3.876   libgssapi-krb5-2 libidn2-0 libk5crypto3 libkeyutils1 libkrb5-3
2025-08-22T23:00:00.0011551Z #36 3.876   libkrb5support0 libldap2 libnghttp2-14 libnghttp3-9 libp11-kit0 libperl5.40
2025-08-22T23:00:00.0012455Z #36 3.877   libpq5 libpsl5t64 librtmp1 libsasl2-2 libsasl2-modules-db libssh2-1t64
2025-08-22T23:00:00.0053838Z #36 3.877   libtasn1-6 libunistring5 perl perl-modules-5.40 postgresql-client
2025-08-22T23:00:00.0054700Z #36 3.878   postgresql-client-17 postgresql-client-common sensible-utils
2025-08-22T23:00:00.0055487Z #36 3.916 0 upgraded, 31 newly installed, 0 to remove and 0 not upgraded.
2025-08-22T23:00:00.0056099Z #36 3.916 Need to get 14.9 MB of archives.
2025-08-22T23:00:00.0056768Z #36 3.916 After this operation, 78.1 MB of additional disk space will be used.
2025-08-22T23:00:00.0057671Z #36 3.916 Get:1 http://deb.debian.org/debian trixie/main amd64 sensible-utils all 0.0.25 [25.0 kB]
2025-08-22T23:00:00.0058692Z #36 3.918 Get:2 http://deb.debian.org/debian trixie/main amd64 perl-modules-5.40 all 5.40.1-6 [3019 kB]
2025-08-22T23:00:00.0059739Z #36 3.941 Get:3 http://deb.debian.org/debian trixie/main amd64 libgdbm-compat4t64 amd64 1.24-2 [50.3 kB]
2025-08-22T23:00:00.0060750Z #36 3.944 Get:4 http://deb.debian.org/debian trixie/main amd64 libperl5.40 amd64 5.40.1-6 [4341 kB]
2025-08-22T23:00:00.0061670Z #36 3.971 Get:5 http://deb.debian.org/debian trixie/main amd64 perl amd64 5.40.1-6 [267 kB]
2025-08-22T23:00:00.0062780Z #36 3.976 Get:6 http://deb.debian.org/debian trixie/main amd64 libbrotli1 amd64 1.1.0-2+b7 [307 kB]
2025-08-22T23:00:00.0064105Z #36 3.976 Get:7 http://deb.debian.org/debian trixie/main amd64 libkrb5support0 amd64 1.21.3-5 [33.0 kB]
2025-08-22T23:00:00.0065133Z #36 3.977 Get:8 http://deb.debian.org/debian trixie/main amd64 libcom-err2 amd64 1.47.2-3+b3 [25.0 kB]
2025-08-22T23:00:00.0066128Z #36 3.978 Get:9 http://deb.debian.org/debian trixie/main amd64 libk5crypto3 amd64 1.21.3-5 [81.5 kB]
2025-08-22T23:00:00.0067102Z #36 3.979 Get:10 http://deb.debian.org/debian trixie/main amd64 libkeyutils1 amd64 1.6.3-6 [9456 B]
2025-08-22T23:00:00.0068034Z #36 3.980 Get:11 http://deb.debian.org/debian trixie/main amd64 libkrb5-3 amd64 1.21.3-5 [326 kB]
2025-08-22T23:00:00.0069012Z #36 3.984 Get:12 http://deb.debian.org/debian trixie/main amd64 libgssapi-krb5-2 amd64 1.21.3-5 [138 kB]
2025-08-22T23:00:00.0070021Z #36 3.985 Get:13 http://deb.debian.org/debian trixie/main amd64 libunistring5 amd64 1.3-2 [477 kB]
2025-08-22T23:00:00.0071218Z #36 3.989 Get:14 http://deb.debian.org/debian trixie/main amd64 libidn2-0 amd64 2.3.8-2 [109 kB]
2025-08-22T23:00:00.0072324Z #36 3.990 Get:15 http://deb.debian.org/debian trixie/main amd64 libsasl2-modules-db amd64 2.1.28+dfsg1-9 [19.8 kB]
2025-08-22T23:00:00.0101475Z #36 3.991 Get:16 http://deb.debian.org/debian trixie/main amd64 libsasl2-2 amd64 2.1.28+dfsg1-9 [57.5 kB]
2025-08-22T23:00:00.0102715Z #36 3.994 Get:17 http://deb.debian.org/debian trixie/main amd64 libldap2 amd64 2.6.10+dfsg-1 [194 kB]
2025-08-22T23:00:00.0106630Z #36 3.995 Get:18 http://deb.debian.org/debian trixie/main amd64 libnghttp2-14 amd64 1.64.0-1.1 [76.0 kB]
2025-08-22T23:00:00.0107850Z #36 3.995 Get:19 http://deb.debian.org/debian trixie/main amd64 libnghttp3-9 amd64 1.8.0-1 [67.7 kB]
2025-08-22T23:00:00.0108913Z #36 3.997 Get:20 http://deb.debian.org/debian trixie/main amd64 libpsl5t64 amd64 0.21.2-1.1+b1 [57.2 kB]
2025-08-22T23:00:00.0109939Z #36 3.998 Get:21 http://deb.debian.org/debian trixie/main amd64 libp11-kit0 amd64 0.25.5-3 [425 kB]
2025-08-22T23:00:00.0115934Z #36 4.000 Get:22 http://deb.debian.org/debian trixie/main amd64 libtasn1-6 amd64 4.20.0-2 [49.9 kB]
2025-08-22T23:00:00.0117025Z #36 4.003 Get:23 http://deb.debian.org/debian trixie/main amd64 libgnutls30t64 amd64 3.8.9-3 [1465 kB]
2025-08-22T23:00:00.0121946Z #36 4.009 Get:24 http://deb.debian.org/debian trixie/main amd64 librtmp1 amd64 2.4+20151223.gitfa8646d.1-2+b5 [58.8 kB]
2025-08-22T23:00:00.0123396Z #36 4.010 Get:25 http://deb.debian.org/debian trixie/main amd64 libssh2-1t64 amd64 1.11.1-1 [245 kB]
2025-08-22T23:00:00.0127911Z #36 4.010 Get:26 http://deb.debian.org/debian trixie/main amd64 libcurl4t64 amd64 8.14.1-2 [391 kB]
2025-08-22T23:00:00.0128961Z #36 4.011 Get:27 http://deb.debian.org/debian trixie/main amd64 curl amd64 8.14.1-2 [269 kB]
2025-08-22T23:00:00.0129897Z #36 4.013 Get:28 http://deb.debian.org/debian trixie/main amd64 libpq5 amd64 17.5-1 [226 kB]
2025-08-22T23:00:00.0130924Z #36 4.014 Get:29 http://deb.debian.org/debian trixie/main amd64 postgresql-client-common all 278 [47.1 kB]
2025-08-22T23:00:00.0136063Z #36 4.015 Get:30 http://deb.debian.org/debian trixie/main amd64 postgresql-client-17 amd64 17.5-1 [2025 kB]
2025-08-22T23:00:00.0137214Z #36 4.023 Get:31 http://deb.debian.org/debian trixie/main amd64 postgresql-client all 17+278 [14.0 kB]
2025-08-22T23:00:00.0137968Z #36 5.869 Fetched 14.9 MB in 0s (113 MB/s)
2025-08-22T23:00:00.0138548Z #36 5.911 Selecting previously unselected package sensible-utils.
2025-08-22T23:00:00.0139119Z #36 5.911 (Reading database ... 
2025-08-22T23:00:00.0139523Z (Reading database ... 5%
2025-08-22T23:00:00.0142020Z (Reading database ... 10%
2025-08-22T23:00:00.0142409Z (Reading database ... 15%
2025-08-22T23:00:00.0142948Z (Reading database ... 20%
2025-08-22T23:00:00.0143297Z (Reading database ... 25%
2025-08-22T23:00:00.0143660Z (Reading database ... 30%
2025-08-22T23:00:00.0144006Z (Reading database ... 35%
2025-08-22T23:00:00.0144362Z (Reading database ... 40%
2025-08-22T23:00:00.0144696Z (Reading database ... 45%
2025-08-22T23:00:00.0145056Z (Reading database ... 50%
2025-08-22T23:00:00.0145404Z (Reading database ... 55%
2025-08-22T23:00:00.0162881Z (Reading database ... 60%
2025-08-22T23:00:00.0163297Z (Reading database ... 65%
2025-08-22T23:00:00.0163671Z (Reading database ... 70%
2025-08-22T23:00:00.0164024Z (Reading database ... 75%
2025-08-22T23:00:00.0164387Z (Reading database ... 80%
2025-08-22T23:00:00.0164737Z (Reading database ... 85%
2025-08-22T23:00:00.0165409Z (Reading database ... 90%
2025-08-22T23:00:00.0165781Z (Reading database ... 95%
2025-08-22T23:00:00.0166135Z (Reading database ... 100%
2025-08-22T23:00:00.0166680Z (Reading database ... 5643 files and directories currently installed.)
2025-08-22T23:00:00.0167424Z #36 5.919 Preparing to unpack .../00-sensible-utils_0.0.25_all.deb ...
2025-08-22T23:00:00.0168091Z #36 5.924 Unpacking sensible-utils (0.0.25) ...
2025-08-22T23:00:00.0168870Z #36 5.990 Selecting previously unselected package perl-modules-5.40.
2025-08-22T23:00:00.0169961Z #36 5.990 Preparing to unpack .../01-perl-modules-5.40_5.40.1-6_all.deb ...
2025-08-22T23:00:00.0170640Z #36 5.993 Unpacking perl-modules-5.40 (5.40.1-6) ...
2025-08-22T23:00:00.0171358Z #36 7.177 Selecting previously unselected package libgdbm-compat4t64:amd64.
2025-08-22T23:00:00.0172300Z #36 7.177 Preparing to unpack .../02-libgdbm-compat4t64_1.24-2_amd64.deb ...
2025-08-22T23:00:00.0173199Z #36 7.218 Unpacking libgdbm-compat4t64:amd64 (1.24-2) ...
2025-08-22T23:00:00.0173861Z #36 7.265 Selecting previously unselected package libperl5.40:amd64.
2025-08-22T23:00:00.0174514Z #36 7.268 Preparing to unpack .../03-libperl5.40_5.40.1-6_amd64.deb ...
2025-08-22T23:00:00.0175134Z #36 7.271 Unpacking libperl5.40:amd64 (5.40.1-6) ...
2025-08-22T23:00:00.0176028Z #36 7.727 Selecting previously unselected package perl.
2025-08-22T23:00:00.0176637Z #36 7.729 Preparing to unpack .../04-perl_5.40.1-6_amd64.deb ...
2025-08-22T23:00:00.0177190Z #36 7.739 Unpacking perl (5.40.1-6) ...
2025-08-22T23:00:00.0180553Z #36 7.818 Selecting previously unselected package libbrotli1:amd64.
2025-08-22T23:00:00.0181619Z #36 7.818 Preparing to unpack .../05-libbrotli1_1.1.0-2+b7_amd64.deb ...
2025-08-22T23:00:00.0182281Z #36 7.820 Unpacking libbrotli1:amd64 (1.1.0-2+b7) ...
2025-08-22T23:00:00.0183130Z #36 7.886 Selecting previously unselected package libkrb5support0:amd64.
2025-08-22T23:00:00.0183904Z #36 7.886 Preparing to unpack .../06-libkrb5support0_1.21.3-5_amd64.deb ...
2025-08-22T23:00:00.0191071Z #36 7.891 Unpacking libkrb5support0:amd64 (1.21.3-5) ...
2025-08-22T23:00:00.0191744Z #36 7.938 Selecting previously unselected package libcom-err2:amd64.
2025-08-22T23:00:00.0192471Z #36 7.938 Preparing to unpack .../07-libcom-err2_1.47.2-3+b3_amd64.deb ...
2025-08-22T23:00:00.0193297Z #36 7.943 Unpacking libcom-err2:amd64 (1.47.2-3+b3) ...
2025-08-22T23:00:00.0193950Z #36 7.984 Selecting previously unselected package libk5crypto3:amd64.
2025-08-22T23:00:00.0194688Z #36 7.989 Preparing to unpack .../08-libk5crypto3_1.21.3-5_amd64.deb ...
2025-08-22T23:00:00.0197082Z #36 7.992 Unpacking libk5crypto3:amd64 (1.21.3-5) ...
2025-08-22T23:00:00.0197753Z #36 8.044 Selecting previously unselected package libkeyutils1:amd64.
2025-08-22T23:00:00.0200188Z #36 8.044 Preparing to unpack .../09-libkeyutils1_1.6.3-6_amd64.deb ...
2025-08-22T23:00:00.0200837Z #36 8.050 Unpacking libkeyutils1:amd64 (1.6.3-6) ...
2025-08-22T23:00:00.0201463Z #36 8.082 Selecting previously unselected package libkrb5-3:amd64.
2025-08-22T23:00:00.0206315Z #36 8.082 Preparing to unpack .../10-libkrb5-3_1.21.3-5_amd64.deb ...
2025-08-22T23:00:00.0206930Z #36 8.087 Unpacking libkrb5-3:amd64 (1.21.3-5) ...
2025-08-22T23:00:00.0207558Z #36 8.175 Selecting previously unselected package libgssapi-krb5-2:amd64.
2025-08-22T23:00:00.0208292Z #36 8.176 Preparing to unpack .../11-libgssapi-krb5-2_1.21.3-5_amd64.deb ...
2025-08-22T23:00:00.0208935Z #36 8.180 Unpacking libgssapi-krb5-2:amd64 (1.21.3-5) ...
2025-08-22T23:00:00.0209560Z #36 8.271 Selecting previously unselected package libunistring5:amd64.
2025-08-22T23:00:00.0210265Z #36 8.276 Preparing to unpack .../12-libunistring5_1.3-2_amd64.deb ...
2025-08-22T23:00:00.0215409Z #36 8.279 Unpacking libunistring5:amd64 (1.3-2) ...
2025-08-22T23:00:00.0216034Z #36 8.406 Selecting previously unselected package libidn2-0:amd64.
2025-08-22T23:00:00.0216707Z #36 8.408 Preparing to unpack .../13-libidn2-0_2.3.8-2_amd64.deb ...
2025-08-22T23:00:00.0217296Z #36 8.413 Unpacking libidn2-0:amd64 (2.3.8-2) ...
2025-08-22T23:00:00.0221401Z #36 8.496 Selecting previously unselected package libsasl2-modules-db:amd64.
2025-08-22T23:00:00.0222287Z #36 8.496 Preparing to unpack .../14-libsasl2-modules-db_2.1.28+dfsg1-9_amd64.deb ...
2025-08-22T23:00:00.0223249Z #36 8.500 Unpacking libsasl2-modules-db:amd64 (2.1.28+dfsg1-9) ...
2025-08-22T23:00:00.0223954Z #36 8.561 Selecting previously unselected package libsasl2-2:amd64.
2025-08-22T23:00:00.0228712Z #36 8.563 Preparing to unpack .../15-libsasl2-2_2.1.28+dfsg1-9_amd64.deb ...
2025-08-22T23:00:00.0229640Z #36 8.569 Unpacking libsasl2-2:amd64 (2.1.28+dfsg1-9) ...
2025-08-22T23:00:00.0230304Z #36 8.648 Selecting previously unselected package libldap2:amd64.
2025-08-22T23:00:00.0231058Z #36 8.656 Preparing to unpack .../16-libldap2_2.6.10+dfsg-1_amd64.deb ...
2025-08-22T23:00:00.0231702Z #36 8.660 Unpacking libldap2:amd64 (2.6.10+dfsg-1) ...
2025-08-22T23:00:00.0232365Z #36 8.774 Selecting previously unselected package libnghttp2-14:amd64.
2025-08-22T23:00:00.0233308Z #36 8.774 Preparing to unpack .../17-libnghttp2-14_1.64.0-1.1_amd64.deb ...
2025-08-22T23:00:00.0233980Z #36 8.784 Unpacking libnghttp2-14:amd64 (1.64.0-1.1) ...
2025-08-22T23:00:00.0240796Z #36 8.877 Selecting previously unselected package libnghttp3-9:amd64.
2025-08-22T23:00:00.0241576Z #36 8.877 Preparing to unpack .../18-libnghttp3-9_1.8.0-1_amd64.deb ...
2025-08-22T23:00:00.0242216Z #36 8.884 Unpacking libnghttp3-9:amd64 (1.8.0-1) ...
2025-08-22T23:00:00.0243005Z #36 8.984 Selecting previously unselected package libpsl5t64:amd64.
2025-08-22T23:00:00.0263019Z #36 8.984 Preparing to unpack .../19-libpsl5t64_0.21.2-1.1+b1_amd64.deb ...
2025-08-22T23:00:00.0263691Z #36 8.985 Unpacking libpsl5t64:amd64 (0.21.2-1.1+b1) ...
2025-08-22T23:00:00.0264333Z #36 9.045 Selecting previously unselected package libp11-kit0:amd64.
2025-08-22T23:00:00.0265024Z #36 9.048 Preparing to unpack .../20-libp11-kit0_0.25.5-3_amd64.deb ...
2025-08-22T23:00:00.0265621Z #36 9.052 Unpacking libp11-kit0:amd64 (0.25.5-3) ...
2025-08-22T23:00:00.0266188Z #36 9.163 Selecting previously unselected package libtasn1-6:amd64.
2025-08-22T23:00:00.0266802Z #36 9.163 Preparing to unpack .../21-libtasn1-6_4.20.0-2_amd64.deb ...
2025-08-22T23:00:00.0267719Z #36 9.170 Unpacking libtasn1-6:amd64 (4.20.0-2) ...
2025-08-22T23:00:00.0268368Z #36 9.218 Selecting previously unselected package libgnutls30t64:amd64.
2025-08-22T23:00:00.0269123Z #36 9.219 Preparing to unpack .../22-libgnutls30t64_3.8.9-3_amd64.deb ...
2025-08-22T23:00:00.0269762Z #36 9.225 Unpacking libgnutls30t64:amd64 (3.8.9-3) ...
2025-08-22T23:00:00.0270395Z #36 9.365 Selecting previously unselected package librtmp1:amd64.
2025-08-22T23:00:00.0271173Z #36 9.370 Preparing to unpack .../23-librtmp1_2.4+20151223.gitfa8646d.1-2+b5_amd64.deb ...
2025-08-22T23:00:00.0271966Z #36 9.374 Unpacking librtmp1:amd64 (2.4+20151223.gitfa8646d.1-2+b5) ...
2025-08-22T23:00:00.0272956Z #36 9.422 Selecting previously unselected package libssh2-1t64:amd64.
2025-08-22T23:00:00.0273675Z #36 9.425 Preparing to unpack .../24-libssh2-1t64_1.11.1-1_amd64.deb ...
2025-08-22T23:00:00.0274291Z #36 9.431 Unpacking libssh2-1t64:amd64 (1.11.1-1) ...
2025-08-22T23:00:00.0274905Z #36 9.511 Selecting previously unselected package libcurl4t64:amd64.
2025-08-22T23:00:00.0275728Z #36 9.515 Preparing to unpack .../25-libcurl4t64_8.14.1-2_amd64.deb ...
2025-08-22T23:00:00.0276344Z #36 9.521 Unpacking libcurl4t64:amd64 (8.14.1-2) ...
2025-08-22T23:00:00.0276884Z #36 9.614 Selecting previously unselected package curl.
2025-08-22T23:00:00.0277481Z #36 9.617 Preparing to unpack .../26-curl_8.14.1-2_amd64.deb ...
2025-08-22T23:00:00.0278019Z #36 9.624 Unpacking curl (8.14.1-2) ...
2025-08-22T23:00:00.0278834Z #36 9.722 Selecting previously unselected package libpq5:amd64.
2025-08-22T23:00:00.0279767Z #36 9.724 Preparing to unpack .../27-libpq5_17.5-1_amd64.deb ...
2025-08-22T23:00:00.0280341Z #36 9.728 Unpacking libpq5:amd64 (17.5-1) ...
2025-08-22T23:00:00.0280986Z #36 9.852 Selecting previously unselected package postgresql-client-common.
2025-08-22T23:00:00.0281800Z #36 9.857 Preparing to unpack .../28-postgresql-client-common_278_all.deb ...
2025-08-22T23:00:00.0287253Z #36 9.875 Unpacking postgresql-client-common (278) ...
2025-08-22T23:00:00.0287964Z #36 9.922 Selecting previously unselected package postgresql-client-17.
2025-08-22T23:00:00.0288909Z #36 9.923 Preparing to unpack .../29-postgresql-client-17_17.5-1_amd64.deb ...
2025-08-22T23:00:00.0289587Z #36 9.930 Unpacking postgresql-client-17 (17.5-1) ...
2025-08-22T23:00:00.0291624Z #36 10.14 Selecting previously unselected package postgresql-client.
2025-08-22T23:00:00.0292805Z #36 10.15 Preparing to unpack .../30-postgresql-client_17+278_all.deb ...
2025-08-22T23:00:00.0293575Z #36 10.16 Unpacking postgresql-client (17+278) ...
2025-08-22T23:00:00.0299762Z #36 10.22 Setting up libkeyutils1:amd64 (1.6.3-6) ...
2025-08-22T23:00:00.0300364Z #36 10.23 Setting up libgdbm-compat4t64:amd64 (1.24-2) ...
2025-08-22T23:00:00.0300932Z #36 10.24 Setting up libbrotli1:amd64 (1.1.0-2+b7) ...
2025-08-22T23:00:00.0301472Z #36 10.25 Setting up libnghttp2-14:amd64 (1.64.0-1.1) ...
2025-08-22T23:00:00.0897132Z #36 10.25 Setting up libcom-err2:amd64 (1.47.2-3+b3) ...
2025-08-22T23:00:00.0898637Z #36 10.26 Setting up libkrb5support0:amd64 (1.21.3-5) ...
2025-08-22T23:00:00.0899390Z #36 10.27 Setting up libsasl2-modules-db:amd64 (2.1.28+dfsg1-9) ...
2025-08-22T23:00:00.0900236Z #36 10.27 Setting up libp11-kit0:amd64 (0.25.5-3) ...
2025-08-22T23:00:00.0900730Z #36 10.27 Setting up libunistring5:amd64 (1.3-2) ...
2025-08-22T23:00:00.0901230Z #36 10.28 Setting up libk5crypto3:amd64 (1.21.3-5) ...
2025-08-22T23:00:00.0901827Z #36 10.28 Setting up libsasl2-2:amd64 (2.1.28+dfsg1-9) ...
2025-08-22T23:00:00.0902400Z #36 10.29 Setting up libnghttp3-9:amd64 (1.8.0-1) ...
2025-08-22T23:00:00.0903129Z #36 10.29 Setting up perl-modules-5.40 (5.40.1-6) ...
2025-08-22T23:00:00.0903639Z #36 10.30 Setting up sensible-utils (0.0.25) ...
2025-08-22T23:00:00.0904139Z #36 10.30 Setting up libtasn1-6:amd64 (4.20.0-2) ...
2025-08-22T23:00:00.0904640Z #36 10.31 Setting up libkrb5-3:amd64 (1.21.3-5) ...
2025-08-22T23:00:00.0905136Z #36 10.32 Setting up libssh2-1t64:amd64 (1.11.1-1) ...
2025-08-22T23:00:00.0905672Z #36 10.33 Setting up libldap2:amd64 (2.6.10+dfsg-1) ...
2025-08-22T23:00:00.0906183Z #36 10.33 Setting up libidn2-0:amd64 (2.3.8-2) ...
2025-08-22T23:00:00.0906674Z #36 10.34 Setting up libperl5.40:amd64 (5.40.1-6) ...
2025-08-22T23:00:00.0907158Z #36 10.35 Setting up perl (5.40.1-6) ...
2025-08-22T23:00:00.1907496Z #36 10.36 Setting up libgssapi-krb5-2:amd64 (1.21.3-5) ...
2025-08-22T23:00:00.1926495Z #36 10.37 Setting up libgnutls30t64:amd64 (3.8.9-3) ...
2025-08-22T23:00:00.1927122Z #36 10.38 Setting up postgresql-client-common (278) ...
2025-08-22T23:00:00.1927715Z #36 10.40 Setting up libpsl5t64:amd64 (0.21.2-1.1+b1) ...
2025-08-22T23:00:00.1928254Z #36 10.41 Setting up libpq5:amd64 (17.5-1) ...
2025-08-22T23:00:00.1928834Z #36 10.41 Setting up librtmp1:amd64 (2.4+20151223.gitfa8646d.1-2+b5) ...
2025-08-22T23:00:00.1929447Z #36 10.43 Setting up libcurl4t64:amd64 (8.14.1-2) ...
2025-08-22T23:00:00.1929972Z #36 10.44 Setting up postgresql-client-17 (17.5-1) ...
2025-08-22T23:00:00.1930428Z #36 ...
2025-08-22T23:00:00.1930575Z 
2025-08-22T23:00:00.1930857Z #33 [api base  4/13] RUN pip install --no-cache-dir -r requirements.txt
2025-08-22T23:00:00.1932080Z #33 7.721 Collecting psycopg-binary==3.2.9 (from psycopg[binary]==3.2.9->-r requirements.txt (line 6))
2025-08-22T23:00:00.1943034Z #33 7.723   Downloading psycopg_binary-3.2.9-cp312-cp312-manylinux_2_17_x86_64.manylinux2014_x86_64.whl.metadata (2.9 kB)
2025-08-22T23:00:00.1944337Z #33 7.879 Collecting prompt-toolkit>=3.0.36 (from click-repl>=0.2.0->celery==5.3.*->-r requirements.txt (line 11))
2025-08-22T23:00:00.1946961Z #33 7.883   Downloading prompt_toolkit-3.0.51-py3-none-any.whl.metadata (6.4 kB)
2025-08-22T23:00:00.1948579Z #33 7.906 Collecting dnspython>=2.0.0 (from email_validator>=2.0.0->fastapi==0.111.0->-r requirements.txt (line 3))
2025-08-22T23:00:00.1949611Z #33 7.910   Downloading dnspython-2.7.0-py3-none-any.whl.metadata (5.8 kB)
2025-08-22T23:00:00.1951533Z #33 7.955 Collecting typer>=0.15.1 (from fastapi-cli>=0.0.2->fastapi==0.111.0->-r requirements.txt (line 3))
2025-08-22T23:00:00.1953703Z #33 7.960   Downloading typer-0.16.1-py3-none-any.whl.metadata (15 kB)
2025-08-22T23:00:00.1954955Z #33 8.006 Collecting rich-toolkit>=0.14.8 (from fastapi-cli>=0.0.2->fastapi==0.111.0->-r requirements.txt (line 3))
2025-08-22T23:00:00.1957363Z #33 8.012   Downloading rich_toolkit-0.15.0-py3-none-any.whl.metadata (1.0 kB)
2025-08-22T23:00:00.1959395Z #33 8.049 Collecting amqp<6.0.0,>=5.1.1 (from kombu<6.0,>=5.3.4->celery==5.3.*->-r requirements.txt (line 11))
2025-08-22T23:00:00.1961297Z #33 8.053   Downloading amqp-5.3.1-py3-none-any.whl.metadata (8.9 kB)
2025-08-22T23:00:00.1962150Z #33 8.084 Collecting packaging (from kombu<6.0,>=5.3.4->celery==5.3.*->-r requirements.txt (line 11))
2025-08-22T23:00:00.1994583Z #33 8.089   Downloading packaging-25.0-py3-none-any.whl.metadata (3.3 kB)
2025-08-22T23:00:00.1995650Z #33 8.112 Collecting annotated-types>=0.6.0 (from pydantic>=2.3.0->pydantic-settings==2.2.1->-r requirements.txt (line 2))
2025-08-22T23:00:00.1998626Z #33 8.117   Downloading annotated_types-0.7.0-py3-none-any.whl.metadata (15 kB)
2025-08-22T23:00:00.1999667Z #33 9.130 Collecting pydantic-core==2.33.2 (from pydantic>=2.3.0->pydantic-settings==2.2.1->-r requirements.txt (line 2))
2025-08-22T23:00:00.2000775Z #33 9.132   Downloading pydantic_core-2.33.2-cp312-cp312-manylinux_2_17_x86_64.manylinux2014_x86_64.whl.metadata (6.8 kB)
2025-08-22T23:00:00.2004371Z #33 9.152 Collecting typing-inspection>=0.4.0 (from pydantic>=2.3.0->pydantic-settings==2.2.1->-r requirements.txt (line 2))
2025-08-22T23:00:00.2005462Z #33 9.156   Downloading typing_inspection-0.4.1-py3-none-any.whl.metadata (2.6 kB)
2025-08-22T23:00:00.2008701Z #33 9.189 Collecting six>=1.5 (from python-dateutil>=2.8.2->celery==5.3.*->-r requirements.txt (line 11))
2025-08-22T23:00:00.2010713Z #33 9.192   Downloading six-1.17.0-py2.py3-none-any.whl.metadata (1.7 kB)
2025-08-22T23:00:00.2011696Z #33 9.513 Collecting httptools>=0.5.0 (from uvicorn[standard]>=0.12.0->fastapi==0.111.0->-r requirements.txt (line 3))
2025-08-22T23:00:00.2013299Z #33 9.519   Downloading httptools-0.6.4-cp312-cp312-manylinux_2_5_x86_64.manylinux1_x86_64.manylinux_2_17_x86_64.manylinux2014_x86_64.whl.metadata (3.6 kB)
2025-08-22T23:00:00.2014634Z #33 9.573 Collecting pyyaml>=5.1 (from uvicorn[standard]>=0.12.0->fastapi==0.111.0->-r requirements.txt (line 3))
2025-08-22T23:00:00.2015792Z #33 9.577   Downloading PyYAML-6.0.2-cp312-cp312-manylinux_2_17_x86_64.manylinux2014_x86_64.whl.metadata (2.1 kB)
2025-08-22T23:00:00.2016922Z #33 9.633 Collecting uvloop!=0.15.0,!=0.15.1,>=0.14.0 (from uvicorn[standard]>=0.12.0->fastapi==0.111.0->-r requirements.txt (line 3))
2025-08-22T23:00:00.2018065Z #33 9.635   Downloading uvloop-0.21.0-cp312-cp312-manylinux_2_17_x86_64.manylinux2014_x86_64.whl.metadata (4.9 kB)
2025-08-22T23:00:00.2019273Z #33 9.812 Collecting watchfiles>=0.13 (from uvicorn[standard]>=0.12.0->fastapi==0.111.0->-r requirements.txt (line 3))
2025-08-22T23:00:00.2020426Z #33 9.815   Downloading watchfiles-1.1.0-cp312-cp312-manylinux_2_17_x86_64.manylinux2014_x86_64.whl.metadata (4.9 kB)
2025-08-22T23:00:00.2021554Z #33 9.940 Collecting websockets>=10.4 (from uvicorn[standard]>=0.12.0->fastapi==0.111.0->-r requirements.txt (line 3))
2025-08-22T23:00:00.2023108Z #33 9.944   Downloading websockets-15.0.1-cp312-cp312-manylinux_2_5_x86_64.manylinux1_x86_64.manylinux_2_17_x86_64.manylinux2014_x86_64.whl.metadata (6.8 kB)
2025-08-22T23:00:00.2024554Z #33 10.03 Collecting wcwidth (from prompt-toolkit>=3.0.36->click-repl>=0.2.0->celery==5.3.*->-r requirements.txt (line 11))
2025-08-22T23:00:00.2025836Z #33 10.03   Downloading wcwidth-0.2.13-py2.py3-none-any.whl.metadata (14 kB)
2025-08-22T23:00:00.2026876Z #33 10.14 Collecting rich>=13.7.1 (from rich-toolkit>=0.14.8->fastapi-cli>=0.0.2->fastapi==0.111.0->-r requirements.txt (line 3))
2025-08-22T23:00:00.2027850Z #33 10.14   Downloading rich-14.1.0-py3-none-any.whl.metadata (18 kB)
2025-08-22T23:00:00.2028821Z #33 10.20 Collecting shellingham>=1.3.0 (from typer>=0.15.1->fastapi-cli>=0.0.2->fastapi==0.111.0->-r requirements.txt (line 3))
2025-08-22T23:00:00.2029859Z #33 10.20   Downloading shellingham-1.5.4-py2.py3-none-any.whl.metadata (3.5 kB)
2025-08-22T23:00:00.2030998Z #33 10.29 Collecting markdown-it-py>=2.2.0 (from rich>=13.7.1->rich-toolkit>=0.14.8->fastapi-cli>=0.0.2->fastapi==0.111.0->-r requirements.txt (line 3))
2025-08-22T23:00:00.2032378Z #33 10.30   Downloading markdown_it_py-4.0.0-py3-none-any.whl.metadata (7.3 kB)
2025-08-22T23:00:00.2033694Z #33 10.33 Collecting pygments<3.0.0,>=2.13.0 (from rich>=13.7.1->rich-toolkit>=0.14.8->fastapi-cli>=0.0.2->fastapi==0.111.0->-r requirements.txt (line 3))
2025-08-22T23:00:00.2034812Z #33 10.34   Downloading pygments-2.19.2-py3-none-any.whl.metadata (2.5 kB)
2025-08-22T23:00:00.2035977Z #33 10.37 Collecting mdurl~=0.1 (from markdown-it-py>=2.2.0->rich>=13.7.1->rich-toolkit>=0.14.8->fastapi-cli>=0.0.2->fastapi==0.111.0->-r requirements.txt (line 3))
2025-08-22T23:00:00.2037089Z #33 10.37   Downloading mdurl-0.1.2-py3-none-any.whl.metadata (1.6 kB)
2025-08-22T23:00:00.2037744Z #33 10.40 Downloading uvicorn-0.29.0-py3-none-any.whl (60 kB)
2025-08-22T23:00:00.2038430Z #33 10.40 Downloading pydantic_settings-2.2.1-py3-none-any.whl (13 kB)
2025-08-22T23:00:00.2039132Z #33 10.41 Downloading fastapi-0.111.0-py3-none-any.whl (91 kB)
2025-08-22T23:00:00.2040054Z #33 10.41 Downloading SQLAlchemy-2.0.29-cp312-cp312-manylinux_2_17_x86_64.manylinux2014_x86_64.whl (3.2 MB)
2025-08-22T23:00:00.2928679Z #33 10.45    ━━━━━━━━━━━━━━━━━━━━━━━━━━━━━━━━━━━━━━━━ 3.2/3.2 MB 127.9 MB/s eta 0:00:00
2025-08-22T23:00:00.2933453Z #33 10.45 Downloading alembic-1.13.1-py3-none-any.whl (233 kB)
2025-08-22T23:00:00.2938612Z #33 10.46 Downloading psycopg-3.2.9-py3-none-any.whl (202 kB)
2025-08-22T23:00:00.2943357Z #33 10.47 Downloading httpx-0.27.2-py3-none-any.whl (76 kB)
2025-08-22T23:00:00.2949952Z #33 10.47 Downloading asyncpg-0.29.0-cp312-cp312-manylinux_2_17_x86_64.manylinux2014_x86_64.whl (3.3 MB)
2025-08-22T23:00:00.2953255Z #33 10.50    ━━━━━━━━━━━━━━━━━━━━━━━━━━━━━━━━━━━━━━━━ 3.3/3.3 MB 154.3 MB/s eta 0:00:00
2025-08-22T23:00:00.2953875Z #33 10.51 Downloading boto3-1.34.162-py3-none-any.whl (139 kB)
2025-08-22T23:00:00.2954496Z #33 10.52 Downloading jinja2-3.1.5-py3-none-any.whl (134 kB)
2025-08-22T23:00:00.3979480Z #33 10.52 Downloading celery-5.3.6-py3-none-any.whl (422 kB)
2025-08-22T23:00:00.3981089Z #33 10.53 Downloading structlog-24.1.0-py3-none-any.whl (65 kB)
2025-08-22T23:00:00.3987749Z #33 10.54 Downloading asgi_correlation_id-4.3.1-py3-none-any.whl (15 kB)
2025-08-22T23:00:00.3989182Z #33 10.54 Downloading fastapi_limiter-0.1.6-py3-none-any.whl (15 kB)
2025-08-22T23:00:00.3991147Z #33 10.55 Downloading redis-5.0.8-py3-none-any.whl (255 kB)
2025-08-22T23:00:00.3993492Z #33 10.56 Downloading sentry_sdk-2.9.0-py2.py3-none-any.whl (301 kB)
2025-08-22T23:00:00.3994135Z #33 10.56 Downloading httpcore-1.0.9-py3-none-any.whl (78 kB)
2025-08-22T23:00:00.3994954Z #33 10.57 Downloading psycopg_binary-3.2.9-cp312-cp312-manylinux_2_17_x86_64.manylinux2014_x86_64.whl (4.4 MB)
2025-08-22T23:00:00.3996144Z #33 10.61    ━━━━━━━━━━━━━━━━━━━━━━━━━━━━━━━━━━━━━━━━ 4.4/4.4 MB 138.0 MB/s eta 0:00:00
2025-08-22T23:00:00.3996730Z #33 10.62 Downloading billiard-4.2.1-py3-none-any.whl (86 kB)
2025-08-22T23:00:00.5100300Z #33 10.63 Downloading botocore-1.34.162-py3-none-any.whl (12.5 MB)
2025-08-22T23:00:00.6167316Z #33 10.73    ━━━━━━━━━━━━━━━━━━━━━━━━━━━━━━━━━━━━━━━━ 12.5/12.5 MB 128.9 MB/s eta 0:00:00
2025-08-22T23:00:00.6170206Z #33 10.74 Downloading click-8.2.1-py3-none-any.whl (102 kB)
2025-08-22T23:00:00.6171843Z #33 10.75 Downloading click_didyoumean-0.3.1-py3-none-any.whl (3.6 kB)
2025-08-22T23:00:00.6174271Z #33 10.75 Downloading click_plugins-1.1.1.2-py2.py3-none-any.whl (11 kB)
2025-08-22T23:00:00.6176956Z #33 10.76 Downloading click_repl-0.3.0-py3-none-any.whl (10 kB)
2025-08-22T23:00:00.6177651Z #33 10.76 Downloading email_validator-2.2.0-py3-none-any.whl (33 kB)
2025-08-22T23:00:00.6178326Z #33 10.76 Downloading fastapi_cli-0.0.8-py3-none-any.whl (10 kB)
2025-08-22T23:00:00.6179216Z #33 10.77 Downloading greenlet-3.2.4-cp312-cp312-manylinux_2_24_x86_64.manylinux_2_28_x86_64.whl (607 kB)
2025-08-22T23:00:00.6180330Z #33 10.77    ━━━━━━━━━━━━━━━━━━━━━━━━━━━━━━━━━━━━━━━ 607.6/607.6 kB 363.3 MB/s eta 0:00:00
2025-08-22T23:00:00.6180886Z #33 10.78 Downloading h11-0.16.0-py3-none-any.whl (37 kB)
2025-08-22T23:00:00.6181465Z #33 10.78 Downloading idna-3.10-py3-none-any.whl (70 kB)
2025-08-22T23:00:00.6182355Z #33 10.79 Downloading jmespath-1.0.1-py3-none-any.whl (20 kB)
2025-08-22T23:00:00.6183257Z #33 10.79 Downloading kombu-5.5.4-py3-none-any.whl (210 kB)
2025-08-22T23:00:00.6183857Z #33 10.80 Downloading vine-5.1.0-py3-none-any.whl (9.6 kB)
2025-08-22T23:00:00.6184715Z #33 10.81 Downloading MarkupSafe-3.0.2-cp312-cp312-manylinux_2_17_x86_64.manylinux2014_x86_64.whl (23 kB)
2025-08-22T23:00:00.6185813Z #33 10.82 Downloading orjson-3.11.2-cp312-cp312-manylinux_2_17_x86_64.manylinux2014_x86_64.whl (121 kB)
2025-08-22T23:00:00.6186687Z #33 10.82 Downloading pydantic-2.11.7-py3-none-any.whl (444 kB)
2025-08-22T23:00:00.6187602Z #33 10.83 Downloading pydantic_core-2.33.2-cp312-cp312-manylinux_2_17_x86_64.manylinux2014_x86_64.whl (2.0 MB)
2025-08-22T23:00:00.7189967Z #33 10.84    ━━━━━━━━━━━━━━━━━━━━━━━━━━━━━━━━━━━━━━━━ 2.0/2.0 MB 378.2 MB/s eta 0:00:00
2025-08-22T23:00:00.7194365Z #33 10.85 Downloading python_dateutil-2.9.0.post0-py2.py3-none-any.whl (229 kB)
2025-08-22T23:00:00.7195201Z #33 10.86 Downloading python_dotenv-1.1.1-py3-none-any.whl (20 kB)
2025-08-22T23:00:00.7196761Z #33 10.87 Downloading python_multipart-0.0.20-py3-none-any.whl (24 kB)
2025-08-22T23:00:00.7197675Z #33 10.87 Downloading s3transfer-0.10.4-py3-none-any.whl (83 kB)
2025-08-22T23:00:00.7199353Z #33 10.88 Downloading starlette-0.37.2-py3-none-any.whl (71 kB)
2025-08-22T23:00:00.7200080Z #33 10.88 Downloading anyio-4.10.0-py3-none-any.whl (107 kB)
2025-08-22T23:00:00.7200789Z #33 10.89 Downloading sniffio-1.3.1-py3-none-any.whl (10 kB)
2025-08-22T23:00:00.7201635Z #33 10.89 Downloading typing_extensions-4.14.1-py3-none-any.whl (43 kB)
2025-08-22T23:00:00.7202682Z #33 10.90 Downloading tzdata-2025.2-py2.py3-none-any.whl (347 kB)
2025-08-22T23:00:00.7203653Z #33 10.91 Downloading ujson-5.11.0-cp312-cp312-manylinux_2_24_x86_64.manylinux_2_28_x86_64.whl (57 kB)
2025-08-22T23:00:00.7206391Z #33 10.91 Downloading urllib3-2.5.0-py3-none-any.whl (129 kB)
2025-08-22T23:00:00.7207338Z #33 10.91 Downloading certifi-2025.8.3-py3-none-any.whl (161 kB)
2025-08-22T23:00:00.7208118Z #33 10.92 Downloading mako-1.3.10-py3-none-any.whl (78 kB)
2025-08-22T23:00:00.7209001Z #33 10.93 Downloading amqp-5.3.1-py3-none-any.whl (50 kB)
2025-08-22T23:00:00.7210008Z #33 10.93 Downloading annotated_types-0.7.0-py3-none-any.whl (13 kB)
2025-08-22T23:00:00.7210884Z #33 10.94 Downloading dnspython-2.7.0-py3-none-any.whl (313 kB)
2025-08-22T23:00:00.7212021Z #33 10.94 Downloading httptools-0.6.4-cp312-cp312-manylinux_2_5_x86_64.manylinux1_x86_64.manylinux_2_17_x86_64.manylinux2014_x86_64.whl (510 kB)
2025-08-22T23:00:00.8216712Z #33 10.95 Downloading prompt_toolkit-3.0.51-py3-none-any.whl (387 kB)
2025-08-22T23:00:00.8237537Z #33 10.95 Downloading PyYAML-6.0.2-cp312-cp312-manylinux_2_17_x86_64.manylinux2014_x86_64.whl (767 kB)
2025-08-22T23:00:00.8239322Z #33 10.96    ━━━━━━━━━━━━━━━━━━━━━━━━━━━━━━━━━━━━━━━ 767.5/767.5 kB 443.6 MB/s eta 0:00:00
2025-08-22T23:00:00.8240631Z #33 10.97 Downloading rich_toolkit-0.15.0-py3-none-any.whl (29 kB)
2025-08-22T23:00:00.8241748Z #33 10.97 Downloading six-1.17.0-py2.py3-none-any.whl (11 kB)
2025-08-22T23:00:00.8263962Z #33 10.98 Downloading typer-0.16.1-py3-none-any.whl (46 kB)
2025-08-22T23:00:00.8315742Z #33 10.98 Downloading typing_inspection-0.4.1-py3-none-any.whl (14 kB)
2025-08-22T23:00:00.8316542Z #33 10.99 Downloading uvloop-0.21.0-cp312-cp312-manylinux_2_17_x86_64.manylinux2014_x86_64.whl (4.7 MB)
2025-08-22T23:00:00.8317445Z #33 11.00    ━━━━━━━━━━━━━━━━━━━━━━━━━━━━━━━━━━━━━━━━ 4.7/4.7 MB 358.4 MB/s eta 0:00:00
2025-08-22T23:00:00.8318134Z #33 11.01 Downloading watchfiles-1.1.0-cp312-cp312-manylinux_2_17_x86_64.manylinux2014_x86_64.whl (452 kB)
2025-08-22T23:00:00.8319192Z #33 11.02 Downloading websockets-15.0.1-cp312-cp312-manylinux_2_5_x86_64.manylinux1_x86_64.manylinux_2_17_x86_64.manylinux2014_x86_64.whl (182 kB)
2025-08-22T23:00:00.8320069Z #33 11.02 Downloading packaging-25.0-py3-none-any.whl (66 kB)
2025-08-22T23:00:00.8320572Z #33 11.03 Downloading rich-14.1.0-py3-none-any.whl (243 kB)
2025-08-22T23:00:00.8321394Z #33 11.03 Downloading shellingham-1.5.4-py2.py3-none-any.whl (9.8 kB)
2025-08-22T23:00:00.8321989Z #33 11.04 Downloading wcwidth-0.2.13-py2.py3-none-any.whl (34 kB)
2025-08-22T23:00:00.8322732Z #33 11.05 Downloading markdown_it_py-4.0.0-py3-none-any.whl (87 kB)
2025-08-22T23:00:00.9374725Z #33 11.06 Downloading pygments-2.19.2-py3-none-any.whl (1.2 MB)
2025-08-22T23:00:00.9380172Z #33 11.06    ━━━━━━━━━━━━━━━━━━━━━━━━━━━━━━━━━━━━━━━━ 1.2/1.2 MB 451.0 MB/s eta 0:00:00
2025-08-22T23:00:00.9380830Z #33 11.07 Downloading mdurl-0.1.2-py3-none-any.whl (10.0 kB)
2025-08-22T23:00:01.3287717Z #33 ...
2025-08-22T23:00:01.3296349Z 
2025-08-22T23:00:01.3298642Z #36 [api stage-1 3/6] RUN set -eux;     if [ -f /etc/apt/sources.list ]; then         sed -i 's|http://deb.debian.org|https://deb.debian.org|g' /etc/apt/sources.list;     fi;     apt-get update;     apt-get install -y --no-install-recommends tzdata postgresql-client curl;     rm -rf /var/lib/apt/lists/*
2025-08-22T23:00:01.3300994Z #36 11.05 update-alternatives: using /usr/share/postgresql/17/man/man1/psql.1.gz to provide /usr/share/man/man1/psql.1.gz (psql.1.gz) in auto mode
2025-08-22T23:00:01.3313431Z #36 11.12 Setting up curl (8.14.1-2) ...
2025-08-22T23:00:01.3314817Z #36 11.14 Setting up postgresql-client (17+278) ...
2025-08-22T23:00:01.3315320Z #36 11.16 Processing triggers for libc-bin (2.41-12) ...
2025-08-22T23:00:01.3318727Z #36 11.24 + rm -rf /var/lib/apt/lists/auxfiles /var/lib/apt/lists/deb.debian.org_debian-security_dists_trixie-security_InRelease /var/lib/apt/lists/deb.debian.org_debian-security_dists_trixie-security_main_binary-amd64_Packages.lz4 /var/lib/apt/lists/deb.debian.org_debian_dists_trixie-updates_InRelease /var/lib/apt/lists/deb.debian.org_debian_dists_trixie-updates_main_binary-amd64_Packages.lz4 /var/lib/apt/lists/deb.debian.org_debian_dists_trixie_InRelease /var/lib/apt/lists/deb.debian.org_debian_dists_trixie_main_binary-amd64_Packages.lz4 /var/lib/apt/lists/lock /var/lib/apt/lists/partial
2025-08-22T23:00:01.3321957Z #36 DONE 11.5s
2025-08-22T23:00:01.3322148Z 
2025-08-22T23:00:01.3322386Z #33 [api base  4/13] RUN pip install --no-cache-dir -r requirements.txt
2025-08-22T23:00:01.3350767Z #33 11.45 Installing collected packages: wcwidth, websockets, vine, uvloop, urllib3, ujson, tzdata, typing-extensions, structlog, sniffio, six, shellingham, redis, pyyaml, python-multipart, python-dotenv, pygments, psycopg-binary, prompt-toolkit, packaging, orjson, mdurl, MarkupSafe, jmespath, idna, httptools, h11, greenlet, dnspython, click, certifi, billiard, asyncpg, annotated-types, uvicorn, typing-inspection, sqlalchemy, sentry-sdk, python-dateutil, pydantic-core, psycopg, markdown-it-py, Mako, Jinja2, httpcore, email_validator, click-repl, click-plugins, click-didyoumean, anyio, amqp, watchfiles, starlette, rich, pydantic, kombu, httpx, botocore, alembic, typer, s3transfer, rich-toolkit, pydantic-settings, celery, asgi-correlation-id, fastapi-cli, boto3, fastapi, fastapi-limiter
2025-08-22T23:00:01.5262037Z #33 ...
2025-08-22T23:00:01.5275154Z 
2025-08-22T23:00:01.5276012Z #32 [fees_h10 base 4/6] RUN if [ -n "" ] && [ -f "fees_h10/" ]; then         pip install -r fees_h10/requirements.txt -c fees_h10/;     else         pip install -r fees_h10/requirements.txt;     fi
2025-08-22T23:00:01.5279384Z #32 11.41 Successfully installed PyJWT-2.10.1 amqp-5.3.1 anyio-4.10.0 asyncpg-0.30.0 billiard-4.2.1 celery-5.4.0 certifi-2025.8.3 click-8.2.1 click-didyoumean-0.3.1 click-plugins-1.1.1.2 click-repl-0.3.0 greenlet-3.2.4 h11-0.16.0 httpcore-1.0.9 httpx-0.28.1 idna-3.10 kombu-5.5.4 packaging-25.0 prompt-toolkit-3.0.51 python-dateutil-2.9.0.post0 redis-5.3.1 six-1.17.0 sniffio-1.3.1 sqlalchemy-2.0.43 typing-extensions-4.14.1 tzdata-2025.2 vine-5.1.0 wcwidth-0.2.13
2025-08-22T23:00:01.5283957Z #32 11.42 WARNING: Running pip as the 'root' user can result in broken permissions and conflicting behaviour with the system package manager, possibly rendering your system unusable. It is recommended to use a virtual environment instead: https://pip.pypa.io/warnings/venv. Use the --root-user-action option if you know what you are doing and want to suppress this warning.
2025-08-22T23:00:01.5286114Z #32 11.51 
2025-08-22T23:00:01.5286504Z #32 11.51 [notice] A new release of pip is available: 25.0.1 -> 25.2
2025-08-22T23:00:01.5287100Z #32 11.51 [notice] To update, run: pip install --upgrade pip
2025-08-22T23:00:01.5287557Z #32 DONE 11.7s
2025-08-22T23:00:01.7486983Z 
2025-08-22T23:00:01.7489332Z #37 [fees_h10 base 5/6] COPY . ./fees_h10
2025-08-22T23:00:01.7491944Z #37 DONE 0.0s
2025-08-22T23:00:01.7492175Z 
2025-08-22T23:00:01.7492377Z #38 [fees_h10 base 6/6] COPY start.sh ./start.sh
2025-08-22T23:00:01.7493085Z #38 DONE 0.0s
2025-08-22T23:00:01.7493272Z 
2025-08-22T23:00:01.7493891Z #35 [celery_worker base 4/8] RUN if [ -n "" ] && [ -f "" ]; then         pip install -r requirements.txt -c "";     else         pip install -r requirements.txt;     fi
2025-08-22T23:00:01.7495190Z #35 10.50 Collecting pydantic-core==2.33.2 (from pydantic->keepa==1.3.14->-r requirements.txt (line 1))
2025-08-22T23:00:01.7496353Z #35 10.50   Downloading pydantic_core-2.33.2-cp312-cp312-manylinux_2_17_x86_64.manylinux2014_x86_64.whl.metadata (6.8 kB)
2025-08-22T23:00:01.7497576Z #35 10.53 Collecting typing-inspection>=0.4.0 (from pydantic->keepa==1.3.14->-r requirements.txt (line 1))
2025-08-22T23:00:01.7498624Z #35 10.54   Downloading typing_inspection-0.4.1-py3-none-any.whl.metadata (2.6 kB)
2025-08-22T23:00:01.7499635Z #35 10.76 Collecting charset_normalizer<4,>=2 (from requests>=2.2->keepa==1.3.14->-r requirements.txt (line 1))
2025-08-22T23:00:01.7500988Z #35 10.76   Downloading charset_normalizer-3.4.3-cp312-cp312-manylinux2014_x86_64.manylinux_2_17_x86_64.manylinux_2_28_x86_64.whl.metadata (36 kB)
2025-08-22T23:00:01.7502256Z #35 10.80 Collecting idna<4,>=2.5 (from requests>=2.2->keepa==1.3.14->-r requirements.txt (line 1))
2025-08-22T23:00:01.7503368Z #35 10.80   Downloading idna-3.10-py3-none-any.whl.metadata (10 kB)
2025-08-22T23:00:01.7504362Z #35 10.88 Collecting mypy-extensions>=0.3.0 (from typing-inspect>=0.6.0->pandera==0.19.*->-r requirements.txt (line 9))
2025-08-22T23:00:01.7505426Z #35 10.88   Downloading mypy_extensions-1.1.0-py3-none-any.whl.metadata (1.1 kB)
2025-08-22T23:00:01.7506417Z #35 10.94 Collecting aiohappyeyeballs>=2.5.0 (from aiohttp->keepa==1.3.14->-r requirements.txt (line 1))
2025-08-22T23:00:01.7507438Z #35 10.94   Downloading aiohappyeyeballs-2.6.1-py3-none-any.whl.metadata (5.9 kB)
2025-08-22T23:00:01.7508408Z #35 10.96 Collecting aiosignal>=1.4.0 (from aiohttp->keepa==1.3.14->-r requirements.txt (line 1))
2025-08-22T23:00:01.7509260Z #35 10.97   Downloading aiosignal-1.4.0-py3-none-any.whl.metadata (3.7 kB)
2025-08-22T23:00:01.7510112Z #35 11.02 Collecting attrs>=17.3.0 (from aiohttp->keepa==1.3.14->-r requirements.txt (line 1))
2025-08-22T23:00:01.7510965Z #35 11.03   Downloading attrs-25.3.0-py3-none-any.whl.metadata (10 kB)
2025-08-22T23:00:01.7511813Z #35 11.17 Collecting frozenlist>=1.1.1 (from aiohttp->keepa==1.3.14->-r requirements.txt (line 1))
2025-08-22T23:00:01.7546354Z #35 11.17   Downloading frozenlist-1.7.0-cp312-cp312-manylinux_2_5_x86_64.manylinux1_x86_64.manylinux_2_17_x86_64.manylinux2014_x86_64.whl.metadata (18 kB)
2025-08-22T23:00:01.7548163Z #35 11.56 Collecting multidict<7.0,>=4.5 (from aiohttp->keepa==1.3.14->-r requirements.txt (line 1))
2025-08-22T23:00:01.7549399Z #35 11.56   Downloading multidict-6.6.4-cp312-cp312-manylinux2014_x86_64.manylinux_2_17_x86_64.manylinux_2_28_x86_64.whl.metadata (5.3 kB)
2025-08-22T23:00:01.7550655Z #35 11.62 Collecting propcache>=0.2.0 (from aiohttp->keepa==1.3.14->-r requirements.txt (line 1))
2025-08-22T23:00:01.7551768Z #35 11.63   Downloading propcache-0.3.2-cp312-cp312-manylinux_2_17_x86_64.manylinux2014_x86_64.whl.metadata (12 kB)
2025-08-22T23:00:01.9122813Z #35 12.00 Collecting yarl<2.0,>=1.17.0 (from aiohttp->keepa==1.3.14->-r requirements.txt (line 1))
2025-08-22T23:00:01.9134659Z #35 12.00   Downloading yarl-1.20.1-cp312-cp312-manylinux_2_17_x86_64.manylinux2014_x86_64.whl.metadata (73 kB)
2025-08-22T23:00:02.0693656Z #35 12.14 Collecting wcwidth (from prompt-toolkit>=3.0.36->click-repl>=0.2.0->celery==5.3.*->-r requirements.txt (line 3))
2025-08-22T23:00:02.0694800Z #35 12.15   Downloading wcwidth-0.2.13-py2.py3-none-any.whl.metadata (14 kB)
2025-08-22T23:00:02.3930732Z #35 12.62 Downloading keepa-1.3.14-py3-none-any.whl (33 kB)
2025-08-22T23:00:02.5293162Z #35 12.63 Downloading minio-7.1.15-py3-none-any.whl (77 kB)
2025-08-22T23:00:02.5300306Z #35 12.64 Downloading celery-5.3.6-py3-none-any.whl (422 kB)
2025-08-22T23:00:02.5300954Z #35 12.66 Downloading redis-5.3.1-py3-none-any.whl (272 kB)
2025-08-22T23:00:02.5301645Z #35 12.67 Downloading python_amazon_sp_api-0.8.0-py3-none-any.whl (93 kB)
2025-08-22T23:00:02.5302405Z #35 12.68 Downloading pydantic_settings-2.2.1-py3-none-any.whl (13 kB)
2025-08-22T23:00:02.5303466Z #35 12.69 Downloading pandas-2.2.3-cp312-cp312-manylinux_2_17_x86_64.manylinux2014_x86_64.whl (12.7 MB)
2025-08-22T23:00:02.6315135Z #35 12.78    ━━━━━━━━━━━━━━━━━━━━━━━━━━━━━━━━━━━━━━━━ 12.7/12.7 MB 138.6 MB/s eta 0:00:00
2025-08-22T23:00:02.6336103Z #35 12.79 Downloading pandera-0.19.3-py3-none-any.whl (251 kB)
2025-08-22T23:00:02.6336805Z #35 12.80 Downloading openpyxl-3.1.5-py2.py3-none-any.whl (250 kB)
2025-08-22T23:00:02.6337457Z #35 12.81 Downloading psycopg-3.2.9-py3-none-any.whl (202 kB)
2025-08-22T23:00:02.6338355Z #35 12.82 Downloading psycopg2_binary-2.9.10-cp312-cp312-manylinux_2_17_x86_64.manylinux2014_x86_64.whl (3.0 MB)
2025-08-22T23:00:02.6339519Z #35 12.86    ━━━━━━━━━━━━━━━━━━━━━━━━━━━━━━━━━━━━━━━━ 3.0/3.0 MB 93.1 MB/s eta 0:00:00
2025-08-22T23:00:02.7885298Z #35 12.86 Downloading sentry_sdk-2.9.0-py2.py3-none-any.whl (301 kB)
2025-08-22T23:00:02.7887322Z #35 12.87 Downloading psycopg_binary-3.2.9-cp312-cp312-manylinux_2_17_x86_64.manylinux2014_x86_64.whl (4.4 MB)
2025-08-22T23:00:02.7888629Z #35 12.91    ━━━━━━━━━━━━━━━━━━━━━━━━━━━━━━━━━━━━━━━━ 4.4/4.4 MB 127.5 MB/s eta 0:00:00
2025-08-22T23:00:02.7889509Z #35 12.92 Downloading numpy-1.26.4-cp312-cp312-manylinux_2_17_x86_64.manylinux2014_x86_64.whl (18.0 MB)
2025-08-22T23:00:02.8944637Z #35 13.02    ━━━━━━━━━━━━━━━━━━━━━━━━━━━━━━━━━━━━━━━━ 18.0/18.0 MB 187.8 MB/s eta 0:00:00
2025-08-22T23:00:02.8949489Z #35 13.02 Downloading billiard-4.2.1-py3-none-any.whl (86 kB)
2025-08-22T23:00:02.8950108Z #35 13.03 Downloading boto3-1.40.16-py3-none-any.whl (140 kB)
2025-08-22T23:00:02.8950757Z #35 13.04 Downloading cachetools-4.2.4-py3-none-any.whl (10 kB)
2025-08-22T23:00:02.8951384Z #35 13.04 Downloading click-8.2.1-py3-none-any.whl (102 kB)
2025-08-22T23:00:02.8952052Z #35 13.05 Downloading click_didyoumean-0.3.1-py3-none-any.whl (3.6 kB)
2025-08-22T23:00:02.8953522Z #35 13.06 Downloading click_plugins-1.1.1.2-py2.py3-none-any.whl (11 kB)
2025-08-22T23:00:02.8954241Z #35 13.07 Downloading click_repl-0.3.0-py3-none-any.whl (10 kB)
2025-08-22T23:00:02.8954909Z #35 13.08 Downloading confuse-1.4.0-py2.py3-none-any.whl (21 kB)
2025-08-22T23:00:02.8955548Z #35 13.10 Downloading kombu-5.5.4-py3-none-any.whl (210 kB)
2025-08-22T23:00:02.8956414Z #35 13.10 Downloading vine-5.1.0-py3-none-any.whl (9.6 kB)
2025-08-22T23:00:02.8957058Z #35 13.11 Downloading multimethod-1.10-py3-none-any.whl (9.9 kB)
2025-08-22T23:00:02.8957688Z #35 13.12 Downloading packaging-25.0-py3-none-any.whl (66 kB)
2025-08-22T23:00:02.8958270Z #35 13.12 Downloading pydantic-2.11.7-py3-none-any.whl (444 kB)
2025-08-22T23:00:02.9958642Z #35 13.14 Downloading pydantic_core-2.33.2-cp312-cp312-manylinux_2_17_x86_64.manylinux2014_x86_64.whl (2.0 MB)
2025-08-22T23:00:02.9965430Z #35 13.16    ━━━━━━━━━━━━━━━━━━━━━━━━━━━━━━━━━━━━━━━━ 2.0/2.0 MB 123.2 MB/s eta 0:00:00
2025-08-22T23:00:02.9968542Z #35 13.16 Downloading PyJWT-2.10.1-py3-none-any.whl (22 kB)
2025-08-22T23:00:02.9970281Z #35 13.17 Downloading python_dateutil-2.9.0.post0-py2.py3-none-any.whl (229 kB)
2025-08-22T23:00:02.9972145Z #35 13.18 Downloading python_dotenv-1.1.1-py3-none-any.whl (20 kB)
2025-08-22T23:00:02.9973020Z #35 13.19 Downloading pytz-2025.2-py2.py3-none-any.whl (509 kB)
2025-08-22T23:00:02.9973682Z #35 13.21 Downloading requests-2.32.5-py3-none-any.whl (64 kB)
2025-08-22T23:00:02.9974286Z #35 13.22 Downloading certifi-2025.8.3-py3-none-any.whl (161 kB)
2025-08-22T23:00:02.9974923Z #35 13.22 Downloading six-1.17.0-py2.py3-none-any.whl (11 kB)
2025-08-22T23:00:03.0989099Z #35 13.24 Downloading typing_extensions-4.14.1-py3-none-any.whl (43 kB)
2025-08-22T23:00:03.1013266Z #35 13.24 Downloading typing_inspect-0.9.0-py3-none-any.whl (8.8 kB)
2025-08-22T23:00:03.1014975Z #35 13.25 Downloading tzdata-2025.2-py2.py3-none-any.whl (347 kB)
2025-08-22T23:00:03.1021019Z #35 13.26 Downloading urllib3-2.5.0-py3-none-any.whl (129 kB)
2025-08-22T23:00:03.1024790Z #35 13.29 Downloading aiohttp-3.12.15-cp312-cp312-manylinux_2_17_x86_64.manylinux2014_x86_64.whl (1.7 MB)
2025-08-22T23:00:03.1033665Z #35 13.32    ━━━━━━━━━━━━━━━━━━━━━━━━━━━━━━━━━━━━━━━━ 1.7/1.7 MB 69.4 MB/s eta 0:00:00
2025-08-22T23:00:03.1042331Z #35 13.33 Downloading et_xmlfile-2.0.0-py3-none-any.whl (18 kB)
2025-08-22T23:00:03.2044681Z #35 ...
2025-08-22T23:00:03.2046511Z 
2025-08-22T23:00:03.2047817Z #34 [postgres 2/6] RUN set -eux;     if [ -f /etc/apt/sources.list ]; then         sed -i 's|http://deb.debian.org|https://deb.debian.org|g' /etc/apt/sources.list;     fi;     apt-get update;     apt-get install -y locales;     locale-gen en_US.UTF-8;     rm -rf /var/lib/apt/lists/*
2025-08-22T23:00:03.2050546Z #34 2.316 Reading package lists...
2025-08-22T23:00:03.2050989Z #34 3.246 Building dependency tree...
2025-08-22T23:00:03.2051414Z #34 3.471 Reading state information...
2025-08-22T23:00:03.2051911Z #34 3.901 locales is already the newest version (2.41-12).
2025-08-22T23:00:03.2052742Z #34 3.901 0 upgraded, 0 newly installed, 0 to remove and 1 not upgraded.
2025-08-22T23:00:03.2053316Z #34 3.903 + locale-gen en_US.UTF-8
2025-08-22T23:00:03.2053779Z #34 3.915 Generating locales (this might take a while)...
2025-08-22T23:00:03.2054272Z #34 3.925   en_US.UTF-8... done
2025-08-22T23:00:03.2054633Z #34 5.700 Generation complete.
2025-08-22T23:00:03.2059522Z #34 5.701 + rm -rf /var/lib/apt/lists/apt.postgresql.org_pub_repos_apt_dists_trixie-pgdg_16_binary-amd64_Packages.lz4 /var/lib/apt/lists/apt.postgresql.org_pub_repos_apt_dists_trixie-pgdg_InRelease /var/lib/apt/lists/apt.postgresql.org_pub_repos_apt_dists_trixie-pgdg_main_binary-amd64_Packages.lz4 /var/lib/apt/lists/auxfiles /var/lib/apt/lists/deb.debian.org_debian-security_dists_trixie-security_InRelease /var/lib/apt/lists/deb.debian.org_debian-security_dists_trixie-security_main_binary-amd64_Packages.lz4 /var/lib/apt/lists/deb.debian.org_debian_dists_trixie-updates_InRelease /var/lib/apt/lists/deb.debian.org_debian_dists_trixie-updates_main_binary-amd64_Packages.lz4 /var/lib/apt/lists/deb.debian.org_debian_dists_trixie_InRelease /var/lib/apt/lists/deb.debian.org_debian_dists_trixie_main_binary-amd64_Packages.lz4 /var/lib/apt/lists/lock /var/lib/apt/lists/partial
2025-08-22T23:00:03.2065219Z #34 DONE 5.8s
2025-08-22T23:00:03.2065398Z 
2025-08-22T23:00:03.2065988Z #39 [postgres 3/6] COPY docker/postgres/pg_hba.conf /etc/postgresql/pg_hba.conf
2025-08-22T23:00:03.2066605Z #39 DONE 0.0s
2025-08-22T23:00:03.2066790Z 
2025-08-22T23:00:03.2067244Z #40 [postgres 4/6] COPY docker/postgres/init-pg_hba.sh /docker-entrypoint-initdb.d/10_init_pg_hba.sh
2025-08-22T23:00:03.2067932Z #40 DONE 0.0s
2025-08-22T23:00:03.2068096Z 
2025-08-22T23:00:03.2068474Z #41 [postgres 5/6] COPY docker/postgres/postgresql.conf /etc/postgresql/postgresql.conf
2025-08-22T23:00:03.2069123Z #41 DONE 0.0s
2025-08-22T23:00:03.2069290Z 
2025-08-22T23:00:03.2069883Z #35 [celery_worker base 4/8] RUN if [ -n "" ] && [ -f "" ]; then         pip install -r requirements.txt -c "";     else         pip install -r requirements.txt;     fi
2025-08-22T23:00:03.2088116Z #35 13.35 Downloading pycryptodome-3.23.0-cp37-abi3-manylinux_2_17_x86_64.manylinux2014_x86_64.whl (2.3 MB)
2025-08-22T23:00:03.2089446Z #35 13.38    ━━━━━━━━━━━━━━━━━━━━━━━━━━━━━━━━━━━━━━━━ 2.3/2.3 MB 94.1 MB/s eta 0:00:00
2025-08-22T23:00:03.2090051Z #35 13.38 Downloading tqdm-4.67.1-py3-none-any.whl (78 kB)
2025-08-22T23:00:03.2090688Z #35 13.39 Downloading typeguard-4.4.4-py3-none-any.whl (34 kB)
2025-08-22T23:00:03.2091624Z #35 13.40 Downloading wrapt-1.17.3-cp312-cp312-manylinux1_x86_64.manylinux_2_28_x86_64.manylinux_2_5_x86_64.whl (88 kB)
2025-08-22T23:00:03.2092926Z #35 13.41 Downloading aiohappyeyeballs-2.6.1-py3-none-any.whl (15 kB)
2025-08-22T23:00:03.2093661Z #35 13.42 Downloading aiosignal-1.4.0-py3-none-any.whl (7.5 kB)
2025-08-22T23:00:03.2094254Z #35 13.42 Downloading amqp-5.3.1-py3-none-any.whl (50 kB)
2025-08-22T23:00:03.3199317Z #35 13.43 Downloading annotated_types-0.7.0-py3-none-any.whl (13 kB)
2025-08-22T23:00:03.3200102Z #35 13.45 Downloading attrs-25.3.0-py3-none-any.whl (63 kB)
2025-08-22T23:00:03.3200766Z #35 13.47 Downloading botocore-1.40.16-py3-none-any.whl (14.0 MB)
2025-08-22T23:00:03.4217298Z #35 ...
2025-08-22T23:00:03.4222310Z 
2025-08-22T23:00:03.4223200Z #42 [postgres 6/6] RUN chmod 0644 /etc/postgresql/pg_hba.conf &&     chmod +x /docker-entrypoint-initdb.d/10_init_pg_hba.sh
2025-08-22T23:00:03.4224086Z #42 DONE 0.2s
2025-08-22T23:00:03.4224275Z 
2025-08-22T23:00:03.4224940Z #35 [celery_worker base 4/8] RUN if [ -n "" ] && [ -f "" ]; then         pip install -r requirements.txt -c "";     else         pip install -r requirements.txt;     fi
2025-08-22T23:00:03.4226301Z #35 13.55    ━━━━━━━━━━━━━━━━━━━━━━━━━━━━━━━━━━━━━━━━ 14.0/14.0 MB 174.1 MB/s eta 0:00:00
2025-08-22T23:00:03.4227350Z #35 13.55 Downloading charset_normalizer-3.4.3-cp312-cp312-manylinux2014_x86_64.manylinux_2_17_x86_64.manylinux_2_28_x86_64.whl (151 kB)
2025-08-22T23:00:03.4228801Z #35 13.56 Downloading frozenlist-1.7.0-cp312-cp312-manylinux_2_5_x86_64.manylinux1_x86_64.manylinux_2_17_x86_64.manylinux2014_x86_64.whl (241 kB)
2025-08-22T23:00:03.4229840Z #35 13.57 Downloading idna-3.10-py3-none-any.whl (70 kB)
2025-08-22T23:00:03.4230417Z #35 13.58 Downloading jmespath-1.0.1-py3-none-any.whl (20 kB)
2025-08-22T23:00:03.4231344Z #35 13.59 Downloading multidict-6.6.4-cp312-cp312-manylinux2014_x86_64.manylinux_2_17_x86_64.manylinux_2_28_x86_64.whl (256 kB)
2025-08-22T23:00:03.4232328Z #35 13.60 Downloading mypy_extensions-1.1.0-py3-none-any.whl (5.0 kB)
2025-08-22T23:00:03.4233566Z #35 13.61 Downloading prompt_toolkit-3.0.51-py3-none-any.whl (387 kB)
2025-08-22T23:00:03.4234497Z #35 13.64 Downloading propcache-0.3.2-cp312-cp312-manylinux_2_17_x86_64.manylinux2014_x86_64.whl (224 kB)
2025-08-22T23:00:03.4235374Z #35 13.65 Downloading s3transfer-0.13.1-py3-none-any.whl (85 kB)
2025-08-22T23:00:03.6405351Z #35 13.67 Downloading typing_inspection-0.4.1-py3-none-any.whl (14 kB)
2025-08-22T23:00:03.6406746Z #35 13.69 Downloading yarl-1.20.1-cp312-cp312-manylinux_2_17_x86_64.manylinux2014_x86_64.whl (355 kB)
2025-08-22T23:00:03.6409031Z #35 13.69 Downloading PyYAML-6.0.2-cp312-cp312-manylinux_2_17_x86_64.manylinux2014_x86_64.whl (767 kB)
2025-08-22T23:00:03.6410268Z #35 13.71    ━━━━━━━━━━━━━━━━━━━━━━━━━━━━━━━━━━━━━━━━ 767.5/767.5 kB 42.6 MB/s eta 0:00:00
2025-08-22T23:00:03.6411242Z #35 13.72 Downloading wcwidth-0.2.13-py2.py3-none-any.whl (34 kB)
2025-08-22T23:00:04.0253648Z #35 14.25 Installing collected packages: wcwidth, pytz, wrapt, vine, urllib3, tzdata, typing-extensions, tqdm, six, pyyaml, python-dotenv, PyJWT, pycryptodome, psycopg2-binary, psycopg-binary, propcache, prompt-toolkit, packaging, numpy, mypy-extensions, multimethod, multidict, jmespath, idna, frozenlist, et-xmlfile, click, charset_normalizer, certifi, cachetools, billiard, attrs, annotated-types, aiohappyeyeballs, yarl, typing-inspection, typing-inspect, typeguard, sentry-sdk, requests, redis, python-dateutil, pydantic-core, psycopg, openpyxl, minio, confuse, click-repl, click-plugins, click-didyoumean, amqp, aiosignal, pydantic, pandas, kombu, botocore, aiohttp, s3transfer, pydantic-settings, pandera, keepa, celery, boto3, python-amazon-sp-api
2025-08-22T23:00:05.0187864Z #35 ...
2025-08-22T23:00:05.0189302Z 
2025-08-22T23:00:05.0189615Z #43 [postgres] exporting to image
2025-08-22T23:00:05.0190381Z #43 exporting layers 1.4s done
2025-08-22T23:00:05.0191967Z #43 writing image sha256:fe48a6fcea5bb1175ca1b11b97d172a61845a3ef2c60d5717d8b35e387ff1921 done
2025-08-22T23:00:05.0222946Z #43 naming to docker.io/library/awa-app-postgres done
2025-08-22T23:00:05.0223762Z #43 DONE 1.4s
2025-08-22T23:00:05.0224332Z 
2025-08-22T23:00:05.0224718Z #44 [postgres] resolving provenance for metadata file
2025-08-22T23:00:05.0225218Z #44 DONE 0.0s
2025-08-22T23:00:05.0225400Z 
2025-08-22T23:00:05.0225992Z #45 [fees_h10 stage-1 3/5] COPY --from=base /usr/local /usr/local
2025-08-22T23:00:05.0226511Z #45 DONE 2.3s
2025-08-22T23:00:05.0226688Z 
2025-08-22T23:00:05.0226870Z #46 [fees_h10 stage-1 4/5] COPY --from=base /app /app
2025-08-22T23:00:05.0227329Z #46 DONE 0.0s
2025-08-22T23:00:05.0284719Z 
2025-08-22T23:00:05.0285253Z #47 [fees_h10 stage-1 5/5] RUN chmod +x ./start.sh
2025-08-22T23:00:05.0285734Z #47 DONE 0.2s
2025-08-22T23:00:05.0285922Z 
2025-08-22T23:00:05.0286232Z #33 [api base  4/13] RUN pip install --no-cache-dir -r requirements.txt
2025-08-22T23:00:05.1797262Z #33 ...
2025-08-22T23:00:05.1797593Z 
2025-08-22T23:00:05.1797750Z #48 [fees_h10] exporting to image
2025-08-22T23:00:06.4641929Z #48 exporting layers 1.4s done
2025-08-22T23:00:06.4644610Z #48 writing image sha256:352af7cf660e5231237f2114b1786f7ccfc2904f18592702fd68450bd1848878
2025-08-22T23:00:06.6484507Z #48 writing image sha256:352af7cf660e5231237f2114b1786f7ccfc2904f18592702fd68450bd1848878 done
2025-08-22T23:00:06.6485436Z #48 naming to docker.io/library/awa-app-fees_h10 done
2025-08-22T23:00:06.6485927Z #48 DONE 1.4s
2025-08-22T23:00:06.6486112Z 
2025-08-22T23:00:06.6486312Z #49 [fees_h10] resolving provenance for metadata file
2025-08-22T23:00:06.6486785Z #49 DONE 0.0s
2025-08-22T23:00:06.6486954Z 
2025-08-22T23:00:06.6487577Z #35 [celery_worker base 4/8] RUN if [ -n "" ] && [ -f "" ]; then         pip install -r requirements.txt -c "";     else         pip install -r requirements.txt;     fi
2025-08-22T23:00:09.7053679Z #35 ...
2025-08-22T23:00:09.7054552Z 
2025-08-22T23:00:09.7055999Z #33 [api base  4/13] RUN pip install --no-cache-dir -r requirements.txt
2025-08-22T23:00:09.7063154Z #33 19.93 Successfully installed Jinja2-3.1.5 Mako-1.3.10 MarkupSafe-3.0.2 alembic-1.13.1 amqp-5.3.1 annotated-types-0.7.0 anyio-4.10.0 asgi-correlation-id-4.3.1 asyncpg-0.29.0 billiard-4.2.1 boto3-1.34.162 botocore-1.34.162 celery-5.3.6 certifi-2025.8.3 click-8.2.1 click-didyoumean-0.3.1 click-plugins-1.1.1.2 click-repl-0.3.0 dnspython-2.7.0 email_validator-2.2.0 fastapi-0.111.0 fastapi-cli-0.0.8 fastapi-limiter-0.1.6 greenlet-3.2.4 h11-0.16.0 httpcore-1.0.9 httptools-0.6.4 httpx-0.27.2 idna-3.10 jmespath-1.0.1 kombu-5.5.4 markdown-it-py-4.0.0 mdurl-0.1.2 orjson-3.11.2 packaging-25.0 prompt-toolkit-3.0.51 psycopg-3.2.9 psycopg-binary-3.2.9 pydantic-2.11.7 pydantic-core-2.33.2 pydantic-settings-2.2.1 pygments-2.19.2 python-dateutil-2.9.0.post0 python-dotenv-1.1.1 python-multipart-0.0.20 pyyaml-6.0.2 redis-5.0.8 rich-14.1.0 rich-toolkit-0.15.0 s3transfer-0.10.4 sentry-sdk-2.9.0 shellingham-1.5.4 six-1.17.0 sniffio-1.3.1 sqlalchemy-2.0.29 starlette-0.37.2 structlog-24.1.0 typer-0.16.1 typing-extensions-4.14.1 typing-inspection-0.4.1 tzdata-2025.2 ujson-5.11.0 urllib3-2.5.0 uvicorn-0.29.0 uvloop-0.21.0 vine-5.1.0 watchfiles-1.1.0 wcwidth-0.2.13 websockets-15.0.1
2025-08-22T23:00:09.9137323Z #33 19.93 WARNING: Running pip as the 'root' user can result in broken permissions and conflicting behaviour with the system package manager, possibly rendering your system unusable. It is recommended to use a virtual environment instead: https://pip.pypa.io/warnings/venv. Use the --root-user-action option if you know what you are doing and want to suppress this warning.
2025-08-22T23:00:09.9139668Z #33 19.99 
2025-08-22T23:00:09.9140127Z #33 19.99 [notice] A new release of pip is available: 25.0.1 -> 25.2
2025-08-22T23:00:09.9140735Z #33 19.99 [notice] To update, run: pip install --upgrade pip
2025-08-22T23:00:10.3261163Z #33 DONE 20.6s
2025-08-22T23:00:10.3261401Z 
2025-08-22T23:00:10.3262056Z #35 [celery_worker base 4/8] RUN if [ -n "" ] && [ -f "" ]; then         pip install -r requirements.txt -c "";     else         pip install -r requirements.txt;     fi
2025-08-22T23:00:10.4274177Z #35 ...
2025-08-22T23:00:10.4274549Z 
2025-08-22T23:00:10.4274837Z #50 [api base  5/13] COPY services/api/ ./services/api
2025-08-22T23:00:10.4275320Z #50 DONE 0.0s
2025-08-22T23:00:10.4275497Z 
2025-08-22T23:00:10.4275714Z #51 [api base  6/13] COPY services/common/ ./services/common
2025-08-22T23:00:10.4276187Z #51 DONE 0.0s
2025-08-22T23:00:10.4276351Z 
2025-08-22T23:00:10.4276551Z #52 [api base  7/13] COPY services/ingest/ ./services/ingest
2025-08-22T23:00:10.4277004Z #52 DONE 0.0s
2025-08-22T23:00:10.4277163Z 
2025-08-22T23:00:10.4277350Z #53 [api base  8/13] COPY services/etl/ ./services/etl
2025-08-22T23:00:10.4277792Z #53 DONE 0.0s
2025-08-22T23:00:10.4277957Z 
2025-08-22T23:00:10.4278101Z #54 [api base  9/13] COPY api/ ./api
2025-08-22T23:00:10.6286609Z #54 DONE 0.0s
2025-08-22T23:00:10.6288418Z 
2025-08-22T23:00:10.6289025Z #55 [api base 10/13] COPY services/api/alembic.ini ./alembic.ini
2025-08-22T23:00:10.6290192Z #55 DONE 0.0s
2025-08-22T23:00:10.6290658Z 
2025-08-22T23:00:10.6291680Z #56 [api base 11/13] COPY alembic/ ./alembic/
2025-08-22T23:00:10.6292668Z #56 DONE 0.0s
2025-08-22T23:00:10.6293312Z 
2025-08-22T23:00:10.6294918Z #57 [api base 12/13] COPY services/api/entrypoint.sh ./entrypoint.sh
2025-08-22T23:00:10.6299545Z #57 DONE 0.0s
2025-08-22T23:00:10.6299733Z 
2025-08-22T23:00:10.6299915Z #58 [api base 13/13] RUN chmod +x ./entrypoint.sh
2025-08-22T23:00:10.6300371Z #58 DONE 0.1s
2025-08-22T23:00:10.6300539Z 
2025-08-22T23:00:10.6301157Z #35 [celery_worker base 4/8] RUN if [ -n "" ] && [ -f "" ]; then         pip install -r requirements.txt -c "";     else         pip install -r requirements.txt;     fi
2025-08-22T23:00:11.6563795Z #35 ...
2025-08-22T23:00:11.6564033Z 
2025-08-22T23:00:11.6564303Z #59 [api stage-1 4/6] COPY --from=base /usr/local /usr/local
2025-08-22T23:00:13.6219573Z #59 DONE 2.0s
2025-08-22T23:00:13.6219983Z 
2025-08-22T23:00:13.6220718Z #35 [celery_worker base 4/8] RUN if [ -n "" ] && [ -f "" ]; then         pip install -r requirements.txt -c "";     else         pip install -r requirements.txt;     fi
2025-08-22T23:00:13.7934477Z #35 ...
2025-08-22T23:00:13.7934718Z 
2025-08-22T23:00:13.7934935Z #60 [api stage-1 5/6] COPY --from=base /app /app
2025-08-22T23:00:13.7935395Z #60 DONE 0.0s
2025-08-22T23:00:13.7935575Z 
2025-08-22T23:00:13.7935776Z #61 [api stage-1 6/6] RUN chmod +x /app/entrypoint.sh
2025-08-22T23:00:13.7936233Z #61 DONE 0.1s
2025-08-22T23:00:13.9450109Z 
2025-08-22T23:00:13.9450565Z #62 [api] exporting to image
2025-08-22T23:00:13.9474160Z #62 exporting layers
2025-08-22T23:00:16.0940034Z #62 exporting layers 2.3s done
2025-08-22T23:00:16.2793153Z #62 writing image sha256:9621ccef3eb26f181a277a6f0927324146df206bf10e6be9191542810b624f8b done
2025-08-22T23:00:16.2793965Z #62 naming to docker.io/library/awa-app-api done
2025-08-22T23:00:16.2794281Z #62 DONE 2.3s
2025-08-22T23:00:16.2794396Z 
2025-08-22T23:00:16.2794768Z #63 [api] resolving provenance for metadata file
2025-08-22T23:00:16.2795053Z #63 DONE 0.0s
2025-08-22T23:00:16.2795173Z 
2025-08-22T23:00:16.2795572Z #35 [celery_worker base 4/8] RUN if [ -n "" ] && [ -f "" ]; then         pip install -r requirements.txt -c "";     else         pip install -r requirements.txt;     fi
2025-08-22T23:00:16.7494709Z #35 26.98 Successfully installed PyJWT-2.10.1 aiohappyeyeballs-2.6.1 aiohttp-3.12.15 aiosignal-1.4.0 amqp-5.3.1 annotated-types-0.7.0 attrs-25.3.0 billiard-4.2.1 boto3-1.40.16 botocore-1.40.16 cachetools-4.2.4 celery-5.3.6 certifi-2025.8.3 charset_normalizer-3.4.3 click-8.2.1 click-didyoumean-0.3.1 click-plugins-1.1.1.2 click-repl-0.3.0 confuse-1.4.0 et-xmlfile-2.0.0 frozenlist-1.7.0 idna-3.10 jmespath-1.0.1 keepa-1.3.14 kombu-5.5.4 minio-7.1.15 multidict-6.6.4 multimethod-1.10 mypy-extensions-1.1.0 numpy-1.26.4 openpyxl-3.1.5 packaging-25.0 pandas-2.2.3 pandera-0.19.3 prompt-toolkit-3.0.51 propcache-0.3.2 psycopg-3.2.9 psycopg-binary-3.2.9 psycopg2-binary-2.9.10 pycryptodome-3.23.0 pydantic-2.11.7 pydantic-core-2.33.2 pydantic-settings-2.2.1 python-amazon-sp-api-0.8.0 python-dateutil-2.9.0.post0 python-dotenv-1.1.1 pytz-2025.2 pyyaml-6.0.2 redis-5.3.1 requests-2.32.5 s3transfer-0.13.1 sentry-sdk-2.9.0 six-1.17.0 tqdm-4.67.1 typeguard-4.4.4 typing-extensions-4.14.1 typing-inspect-0.9.0 typing-inspection-0.4.1 tzdata-2025.2 urllib3-2.5.0 vine-5.1.0 wcwidth-0.2.13 wrapt-1.17.3 yarl-1.20.1
2025-08-22T23:00:16.9616819Z #35 26.98 WARNING: Running pip as the 'root' user can result in broken permissions and conflicting behaviour with the system package manager, possibly rendering your system unusable. It is recommended to use a virtual environment instead: https://pip.pypa.io/warnings/venv. Use the --root-user-action option if you know what you are doing and want to suppress this warning.
2025-08-22T23:00:16.9618187Z #35 27.04 
2025-08-22T23:00:16.9618448Z #35 27.04 [notice] A new release of pip is available: 25.0.1 -> 25.2
2025-08-22T23:00:16.9618840Z #35 27.04 [notice] To update, run: pip install --upgrade pip
2025-08-22T23:00:17.3174006Z #35 DONE 27.4s
2025-08-22T23:00:17.3176586Z 
2025-08-22T23:00:17.3177077Z #64 [celery_worker base 5/8] COPY services/common/ ./services/common
2025-08-22T23:00:17.3177655Z #64 DONE 0.0s
2025-08-22T23:00:17.3177831Z 
2025-08-22T23:00:17.3178051Z #65 [etl base 6/8] COPY services/ingest/ ./services/ingest
2025-08-22T23:00:17.3178785Z #65 DONE 0.0s
2025-08-22T23:00:17.3178994Z 
2025-08-22T23:00:17.3179261Z #66 [celery_worker base 7/8] COPY services/etl/ ./services/etl
2025-08-22T23:00:17.3179760Z #66 DONE 0.0s
2025-08-22T23:00:17.3179938Z 
2025-08-22T23:00:17.3180283Z #67 [etl base 8/8] RUN chmod +x services/etl/wait-for-it.sh services/etl/entrypoint.sh
2025-08-22T23:00:17.4676870Z #67 DONE 0.1s
2025-08-22T23:00:18.5999249Z 
2025-08-22T23:00:18.5999839Z #68 [etl stage-1 3/5] COPY --from=base /usr/local /usr/local
2025-08-22T23:00:21.3317692Z #68 DONE 2.6s
2025-08-22T23:00:21.3317945Z 
2025-08-22T23:00:21.3318173Z #69 [etl stage-1 4/5] COPY --from=base /app /app
2025-08-22T23:00:21.3318652Z #69 DONE 0.0s
2025-08-22T23:00:21.3319187Z 
2025-08-22T23:00:21.3320422Z #70 [etl stage-1 5/5] RUN set -eux;     if [ -f /etc/apt/sources.list ]; then         sed -i 's|http://deb.debian.org|https://deb.debian.org|g' /etc/apt/sources.list;     fi;     apt-get update;     apt-get install -y --no-install-recommends tzdata;     rm -rf /var/lib/apt/lists/*
2025-08-22T23:00:21.3321966Z #70 0.104 + [ -f /etc/apt/sources.list ]
2025-08-22T23:00:21.3322395Z #70 0.104 + apt-get update
2025-08-22T23:00:21.4440445Z #70 0.156 Hit:1 http://deb.debian.org/debian trixie InRelease
2025-08-22T23:00:21.4440989Z #70 0.156 Get:2 http://deb.debian.org/debian trixie-updates InRelease [47.1 kB]
2025-08-22T23:00:21.4441542Z #70 0.158 Get:3 http://deb.debian.org/debian-security trixie-security InRelease [43.4 kB]
2025-08-22T23:00:21.4442079Z #70 0.172 Get:4 http://deb.debian.org/debian trixie/main amd64 Packages [9668 kB]
2025-08-22T23:00:21.4443092Z #70 0.216 Get:5 http://deb.debian.org/debian trixie-updates/main amd64 Packages [2432 B]
2025-08-22T23:00:21.5954730Z #70 0.217 Get:6 http://deb.debian.org/debian-security trixie-security/main amd64 Packages [23.9 kB]
2025-08-22T23:00:22.2230052Z #70 0.845 Fetched 9784 kB in 1s (13.6 MB/s)
2025-08-22T23:00:22.6765412Z #70 0.845 Reading package lists...
2025-08-22T23:00:22.6765991Z #70 1.291 + apt-get install -y --no-install-recommends tzdata
2025-08-22T23:00:22.9714360Z #70 1.299 Reading package lists...
2025-08-22T23:00:23.0836712Z #70 1.752 Building dependency tree...
2025-08-22T23:00:23.0837337Z #70 1.856 Reading state information...
2025-08-22T23:00:23.3935194Z #70 1.989 tzdata is already the newest version (2025b-4).
2025-08-22T23:00:23.3937527Z #70 1.989 0 upgraded, 0 newly installed, 0 to remove and 0 not upgraded.
2025-08-22T23:00:23.3941290Z #70 1.990 + rm -rf /var/lib/apt/lists/auxfiles /var/lib/apt/lists/deb.debian.org_debian-security_dists_trixie-security_InRelease /var/lib/apt/lists/deb.debian.org_debian-security_dists_trixie-security_main_binary-amd64_Packages.lz4 /var/lib/apt/lists/deb.debian.org_debian_dists_trixie-updates_InRelease /var/lib/apt/lists/deb.debian.org_debian_dists_trixie-updates_main_binary-amd64_Packages.lz4 /var/lib/apt/lists/deb.debian.org_debian_dists_trixie_InRelease /var/lib/apt/lists/deb.debian.org_debian_dists_trixie_main_binary-amd64_Packages.lz4 /var/lib/apt/lists/lock /var/lib/apt/lists/partial
2025-08-22T23:00:23.3945070Z #70 DONE 2.0s
2025-08-22T23:00:23.3945251Z 
2025-08-22T23:00:23.3945384Z #71 [etl] exporting to image
2025-08-22T23:00:23.3945742Z #71 exporting layers
2025-08-22T23:00:25.4859891Z #71 exporting layers 2.2s done
2025-08-22T23:00:25.5337792Z #71 writing image sha256:51bdddf804f0a75f0493ca4cbac37dbed99e0de80a21d7b54c0fcdaad9dccaa3 done
2025-08-22T23:00:25.5338636Z #71 naming to docker.io/library/awa-app-etl done
2025-08-22T23:00:25.5339341Z #71 DONE 2.3s
2025-08-22T23:00:25.5339529Z 
2025-08-22T23:00:25.5339908Z #72 [celery_worker] exporting to image
2025-08-22T23:00:25.5340673Z  celery_worker  Built
2025-08-22T23:00:25.5341023Z  fees_h10  Built
2025-08-22T23:00:25.5341457Z  api  Built
2025-08-22T23:00:25.5341764Z  postgres  Built
2025-08-22T23:00:25.5342040Z  etl  Built
2025-08-22T23:00:25.5342437Z #72 exporting layers 2.2s done
2025-08-22T23:00:25.5343351Z #72 writing image sha256:51bdddf804f0a75f0493ca4cbac37dbed99e0de80a21d7b54c0fcdaad9dccaa3 done
2025-08-22T23:00:25.5344188Z #72 naming to docker.io/library/awa-app-celery_worker done
2025-08-22T23:00:25.5344652Z #72 DONE 2.3s
2025-08-22T23:00:25.5344816Z 
2025-08-22T23:00:25.5345025Z #73 [celery_worker] resolving provenance for metadata file
2025-08-22T23:00:25.5345483Z #73 DONE 0.0s
2025-08-22T23:00:25.5345639Z 
2025-08-22T23:00:25.5345806Z #74 [etl] resolving provenance for metadata file
2025-08-22T23:00:25.5346221Z #74 DONE 0.0s
2025-08-22T23:00:25.5418158Z ##[group]Run export COMPOSE_DOCKER_CLI_BUILD=1 DOCKER_BUILDKIT=1
2025-08-22T23:00:25.5418625Z [36;1mexport COMPOSE_DOCKER_CLI_BUILD=1 DOCKER_BUILDKIT=1[0m
2025-08-22T23:00:25.5418925Z [36;1mdocker compose \[0m
2025-08-22T23:00:25.5419150Z [36;1m  -f docker-compose.yml \[0m
2025-08-22T23:00:25.5419587Z [36;1m  -f docker-compose.ci.yml \[0m
2025-08-22T23:00:25.5419857Z [36;1m  -f docker-compose.postgres.yml \[0m
2025-08-22T23:00:25.5420111Z [36;1m  pull[0m
2025-08-22T23:00:25.5461540Z shell: /usr/bin/bash -e {0}
2025-08-22T23:00:25.5461763Z env:
2025-08-22T23:00:25.5461977Z   GITHUB_SHA: 78e8eb7914044ee10e4a0d827008adf9fcc4e939
2025-08-22T23:00:25.5462261Z   PG_USER: postgres
2025-08-22T23:00:25.5462448Z   PG_PASSWORD: pass
2025-08-22T23:00:25.5463129Z   PG_DATABASE: awa
2025-08-22T23:00:25.5463310Z   PG_HOST: postgres
2025-08-22T23:00:25.5463488Z   PG_PORT: 5432
2025-08-22T23:00:25.5464007Z   PG_SYNC_DSN: ***localhost:5432/awa
2025-08-22T23:00:25.5464532Z   PG_ASYNC_DSN: ***localhost:5432/awa
2025-08-22T23:00:25.5464930Z   DATABASE_URL: ***postgres:5432/awa
2025-08-22T23:00:25.5465169Z   DATA_DIR: /tmp/awa-data
2025-08-22T23:00:25.5465362Z   ENABLE_LIVE: 0
2025-08-22T23:00:25.5465531Z   TESTING: 1
2025-08-22T23:00:25.5465695Z   POSTGRES_USER: postgres
2025-08-22T23:00:25.5465899Z   POSTGRES_PASSWORD: pass
2025-08-22T23:00:25.5466081Z   POSTGRES_DB: awa
2025-08-22T23:00:25.5466254Z ##[endgroup]
2025-08-22T23:00:25.6522468Z  api Skipped - No image to be pulled 
2025-08-22T23:00:25.6523879Z  celery_worker Skipped - No image to be pulled 
2025-08-22T23:00:25.6524643Z  postgres Skipped - No image to be pulled 
2025-08-22T23:00:25.6525248Z  etl Skipped - No image to be pulled 
2025-08-22T23:00:25.6525710Z  fees_h10 Skipped - No image to be pulled 
2025-08-22T23:00:25.6526084Z  redis Pulling 
2025-08-22T23:00:25.6526370Z  minio Pulling 
2025-08-22T23:00:26.9404542Z  0368fd46e3c6 Pulling fs layer 
2025-08-22T23:00:26.9404980Z  4c55286bbede Pulling fs layer 
2025-08-22T23:00:26.9405346Z  5e28347af205 Pulling fs layer 
2025-08-22T23:00:26.9405714Z  311eca34042e Pulling fs layer 
2025-08-22T23:00:26.9405952Z  e6fe6f07e192 Pulling fs layer 
2025-08-22T23:00:26.9406182Z  a2cadbfeca72 Pulling fs layer 
2025-08-22T23:00:26.9406429Z  4f4fb700ef54 Pulling fs layer 
2025-08-22T23:00:26.9406823Z  a976ed7e7808 Pulling fs layer 
2025-08-22T23:00:26.9407169Z  a2cadbfeca72 Waiting 
2025-08-22T23:00:26.9407487Z  a976ed7e7808 Waiting 
2025-08-22T23:00:26.9407801Z  311eca34042e Waiting 
2025-08-22T23:00:26.9408102Z  4f4fb700ef54 Waiting 
2025-08-22T23:00:26.9408416Z  e6fe6f07e192 Waiting 
2025-08-22T23:00:26.9583222Z  dd15713b0f22 Pulling fs layer 
2025-08-22T23:00:26.9583642Z  fd312a3c94fc Pulling fs layer 
2025-08-22T23:00:26.9584053Z  02e05d20c69e Pulling fs layer 
2025-08-22T23:00:26.9584459Z  1f08d9fb7d7d Pulling fs layer 
2025-08-22T23:00:26.9584832Z  dd15713b0f22 Waiting 
2025-08-22T23:00:26.9585180Z  b452b5fb7338 Pulling fs layer 
2025-08-22T23:00:26.9585552Z  fd312a3c94fc Waiting 
2025-08-22T23:00:26.9585915Z  e14ab7c7ae26 Pulling fs layer 
2025-08-22T23:00:26.9586285Z  02e05d20c69e Waiting 
2025-08-22T23:00:26.9586625Z  3bf7f4428838 Pulling fs layer 
2025-08-22T23:00:26.9586987Z  1f08d9fb7d7d Waiting 
2025-08-22T23:00:26.9587334Z  adc9ba906e83 Pulling fs layer 
2025-08-22T23:00:26.9587718Z  b452b5fb7338 Waiting 
2025-08-22T23:00:26.9588056Z  1611ffcaf8be Pulling fs layer 
2025-08-22T23:00:26.9588431Z  e14ab7c7ae26 Waiting 
2025-08-22T23:00:26.9588751Z  3bf7f4428838 Waiting 
2025-08-22T23:00:26.9589077Z  adc9ba906e83 Waiting 
2025-08-22T23:00:26.9589420Z  1611ffcaf8be Waiting 
2025-08-22T23:00:27.1974512Z  5e28347af205 Downloading [>                                                  ]  2.301kB/173.2kB
2025-08-22T23:00:27.2015525Z  5e28347af205 Verifying Checksum 
2025-08-22T23:00:27.2016106Z  5e28347af205 Download complete 
2025-08-22T23:00:27.2348487Z  0368fd46e3c6 Downloading [>                                                  ]  37.02kB/3.638MB
2025-08-22T23:00:27.2503755Z  4c55286bbede Downloading [=================================================> ]     934B/950B
2025-08-22T23:00:27.2505825Z  4c55286bbede Downloading [==================================================>]     950B/950B
2025-08-22T23:00:27.2506538Z  4c55286bbede Verifying Checksum 
2025-08-22T23:00:27.2506937Z  4c55286bbede Download complete 
2025-08-22T23:00:27.3365297Z  0368fd46e3c6 Downloading [=====================================>             ]  2.755MB/3.638MB
2025-08-22T23:00:27.3485827Z  0368fd46e3c6 Verifying Checksum 
2025-08-22T23:00:27.3486599Z  0368fd46e3c6 Download complete 
2025-08-22T23:00:27.3497285Z  0368fd46e3c6 Extracting [>                                                  ]  65.54kB/3.638MB
2025-08-22T23:00:27.4312322Z  0368fd46e3c6 Extracting [==================================================>]  3.638MB/3.638MB
2025-08-22T23:00:27.4497565Z  0368fd46e3c6 Pull complete 
2025-08-22T23:00:27.4511858Z  4c55286bbede Extracting [==================================================>]     950B/950B
2025-08-22T23:00:27.4515648Z  4c55286bbede Extracting [==================================================>]     950B/950B
2025-08-22T23:00:27.4676091Z  4c55286bbede Pull complete 
2025-08-22T23:00:27.4686711Z  5e28347af205 Extracting [=========>                                         ]  32.77kB/173.2kB
2025-08-22T23:00:27.4701653Z  5e28347af205 Extracting [==================================================>]  173.2kB/173.2kB
2025-08-22T23:00:27.4909267Z  311eca34042e Downloading [>                                                  ]  10.51kB/1.003MB
2025-08-22T23:00:27.4928587Z  5e28347af205 Extracting [==================================================>]  173.2kB/173.2kB
2025-08-22T23:00:27.4982796Z  311eca34042e Verifying Checksum 
2025-08-22T23:00:27.4983219Z  311eca34042e Download complete 
2025-08-22T23:00:27.5581034Z  e6fe6f07e192 Downloading [>                                                  ]  127.4kB/12.41MB
2025-08-22T23:00:27.6052109Z  5e28347af205 Pull complete 
2025-08-22T23:00:27.6068287Z  311eca34042e Extracting [=>                                                 ]  32.77kB/1.003MB
2025-08-22T23:00:27.6272083Z  311eca34042e Extracting [==================================================>]  1.003MB/1.003MB
2025-08-22T23:00:27.6275061Z  311eca34042e Extracting [==================================================>]  1.003MB/1.003MB
2025-08-22T23:00:27.6360413Z  311eca34042e Pull complete 
2025-08-22T23:00:27.6500395Z  a2cadbfeca72 Downloading [==================================================>]      99B/99B
2025-08-22T23:00:27.6501032Z  a2cadbfeca72 Verifying Checksum 
2025-08-22T23:00:27.6501448Z  a2cadbfeca72 Download complete 
2025-08-22T23:00:27.6597668Z  e6fe6f07e192 Downloading [===============================>                   ]  7.777MB/12.41MB
2025-08-22T23:00:27.7695206Z  4f4fb700ef54 Download complete 
2025-08-22T23:00:27.7926808Z  e6fe6f07e192 Downloading [======================================>            ]  9.628MB/12.41MB
2025-08-22T23:00:27.8445640Z  e6fe6f07e192 Verifying Checksum 
2025-08-22T23:00:27.8446135Z  e6fe6f07e192 Download complete 
2025-08-22T23:00:27.8459342Z  e6fe6f07e192 Extracting [>                                                  ]  131.1kB/12.41MB
2025-08-22T23:00:27.9126890Z  a976ed7e7808 Downloading [==================================================>]     574B/574B
2025-08-22T23:00:27.9127961Z  a976ed7e7808 Verifying Checksum 
2025-08-22T23:00:27.9128906Z  a976ed7e7808 Download complete 
2025-08-22T23:00:27.9465598Z  e6fe6f07e192 Extracting [==========================>                        ]  6.685MB/12.41MB
2025-08-22T23:00:28.0111229Z  e6fe6f07e192 Extracting [==================================================>]  12.41MB/12.41MB
2025-08-22T23:00:28.0317940Z  e6fe6f07e192 Pull complete 
2025-08-22T23:00:28.0342378Z  a2cadbfeca72 Extracting [==================================================>]      99B/99B
2025-08-22T23:00:28.0347731Z  a2cadbfeca72 Extracting [==================================================>]      99B/99B
2025-08-22T23:00:28.0391144Z  dd15713b0f22 Downloading [>                                                  ]  74.26kB/7.24MB
2025-08-22T23:00:28.0430672Z  a2cadbfeca72 Pull complete 
2025-08-22T23:00:28.0444917Z  4f4fb700ef54 Extracting [==================================================>]      32B/32B
2025-08-22T23:00:28.0450561Z  4f4fb700ef54 Extracting [==================================================>]      32B/32B
2025-08-22T23:00:28.0606905Z  4f4fb700ef54 Pull complete 
2025-08-22T23:00:28.0624832Z  a976ed7e7808 Extracting [==================================================>]     574B/574B
2025-08-22T23:00:28.0628682Z  a976ed7e7808 Extracting [==================================================>]     574B/574B
2025-08-22T23:00:28.0754399Z  a976ed7e7808 Pull complete 
2025-08-22T23:00:28.0832246Z  redis Pulled 
2025-08-22T23:00:28.1404420Z  dd15713b0f22 Downloading [====================>                              ]  2.931MB/7.24MB
2025-08-22T23:00:28.1805961Z  fd312a3c94fc Downloading [>                                                  ]  17.36kB/1.637MB
2025-08-22T23:00:28.1898013Z  02e05d20c69e Downloading [>                                                  ]    2.3kB/122.7kB
2025-08-22T23:00:28.1919254Z  02e05d20c69e Download complete 
2025-08-22T23:00:28.2085308Z  fd312a3c94fc Verifying Checksum 
2025-08-22T23:00:28.2085699Z  fd312a3c94fc Download complete 
2025-08-22T23:00:28.2460309Z  dd15713b0f22 Downloading [===========================>                       ]  4.053MB/7.24MB
2025-08-22T23:00:28.3072866Z  dd15713b0f22 Verifying Checksum 
2025-08-22T23:00:28.3073397Z  dd15713b0f22 Download complete 
2025-08-22T23:00:28.3080659Z  dd15713b0f22 Extracting [>                                                  ]   98.3kB/7.24MB
2025-08-22T23:00:28.4086084Z  dd15713b0f22 Extracting [===================>                               ]  2.851MB/7.24MB
2025-08-22T23:00:28.5106997Z  dd15713b0f22 Extracting [=============================================>     ]  6.586MB/7.24MB
2025-08-22T23:00:28.5126698Z  b452b5fb7338 Downloading [>                                                  ]  115.7kB/11.19MB
2025-08-22T23:00:28.5400876Z  1f08d9fb7d7d Downloading [>                                                  ]  396.7kB/39.39MB
2025-08-22T23:00:28.5484106Z  dd15713b0f22 Extracting [==================================================>]   7.24MB/7.24MB
2025-08-22T23:00:28.5601153Z  dd15713b0f22 Pull complete 
2025-08-22T23:00:28.5619270Z  fd312a3c94fc Extracting [=>                                                 ]  32.77kB/1.637MB
2025-08-22T23:00:28.5751323Z  b452b5fb7338 Verifying Checksum 
2025-08-22T23:00:28.5752861Z  b452b5fb7338 Download complete 
2025-08-22T23:00:28.5764305Z  e14ab7c7ae26 Downloading [>                                                  ]   24.2kB/2.402MB
2025-08-22T23:00:28.5979789Z  fd312a3c94fc Extracting [==================================================>]  1.637MB/1.637MB
2025-08-22T23:00:28.6004551Z  fd312a3c94fc Extracting [==================================================>]  1.637MB/1.637MB
2025-08-22T23:00:28.6021417Z  e14ab7c7ae26 Verifying Checksum 
2025-08-22T23:00:28.6021971Z  e14ab7c7ae26 Download complete 
2025-08-22T23:00:28.6481020Z  1f08d9fb7d7d Downloading [==>                                                ]  2.005MB/39.39MB
2025-08-22T23:00:28.6485656Z  fd312a3c94fc Pull complete 
2025-08-22T23:00:28.6507218Z  02e05d20c69e Extracting [=============>                                     ]  32.77kB/122.7kB
2025-08-22T23:00:28.6519764Z  02e05d20c69e Extracting [==================================================>]  122.7kB/122.7kB
2025-08-22T23:00:28.6642465Z  02e05d20c69e Pull complete 
2025-08-22T23:00:28.7614368Z  1f08d9fb7d7d Downloading [======>                                            ]  4.832MB/39.39MB
2025-08-22T23:00:28.8692383Z  1f08d9fb7d7d Downloading [========>                                          ]  6.834MB/39.39MB
2025-08-22T23:00:28.8752721Z  3bf7f4428838 Downloading [>                                                  ]    2.3kB/180.3kB
2025-08-22T23:00:28.8789848Z  3bf7f4428838 Downloading [==================================================>]  180.3kB/180.3kB
2025-08-22T23:00:28.8790387Z  3bf7f4428838 Verifying Checksum 
2025-08-22T23:00:28.8790790Z  3bf7f4428838 Download complete 
2025-08-22T23:00:28.8810643Z  adc9ba906e83 Downloading [===>                                               ]     936B/11.88kB
2025-08-22T23:00:28.8813041Z  adc9ba906e83 Downloading [==================================================>]  11.88kB/11.88kB
2025-08-22T23:00:28.8813667Z  adc9ba906e83 Verifying Checksum 
2025-08-22T23:00:28.8814059Z  adc9ba906e83 Download complete 
2025-08-22T23:00:28.9943313Z  1f08d9fb7d7d Downloading [===============>                                   ]  12.47MB/39.39MB
2025-08-22T23:00:29.1012699Z  1f08d9fb7d7d Downloading [=========================>                         ]  20.13MB/39.39MB
2025-08-22T23:00:29.1745947Z  1611ffcaf8be Downloading [==================================================>]     498B/498B
2025-08-22T23:00:29.1746443Z  1611ffcaf8be Verifying Checksum 
2025-08-22T23:00:29.1746777Z  1611ffcaf8be Download complete 
2025-08-22T23:00:29.2222318Z  1f08d9fb7d7d Downloading [==============================>                    ]  23.75MB/39.39MB
2025-08-22T23:00:29.3254090Z  1f08d9fb7d7d Downloading [=================================>                 ]  26.16MB/39.39MB
2025-08-22T23:00:29.4265111Z  1f08d9fb7d7d Downloading [======================================>            ]  30.61MB/39.39MB
2025-08-22T23:00:29.5395915Z  1f08d9fb7d7d Downloading [===========================================>       ]  34.26MB/39.39MB
2025-08-22T23:00:29.6457644Z  1f08d9fb7d7d Verifying Checksum 
2025-08-22T23:00:29.6458341Z  1f08d9fb7d7d Download complete 
2025-08-22T23:00:29.6534758Z  1f08d9fb7d7d Extracting [>                                                  ]    426kB/39.39MB
2025-08-22T23:00:29.7560334Z  1f08d9fb7d7d Extracting [===========>                                       ]  8.946MB/39.39MB
2025-08-22T23:00:29.8567467Z  1f08d9fb7d7d Extracting [=====================>                             ]  16.61MB/39.39MB
2025-08-22T23:00:29.9581712Z  1f08d9fb7d7d Extracting [=====================================>             ]  29.39MB/39.39MB
2025-08-22T23:00:30.0604466Z  1f08d9fb7d7d Extracting [===============================================>   ]  37.49MB/39.39MB
2025-08-22T23:00:30.0833082Z  1f08d9fb7d7d Extracting [==================================================>]  39.39MB/39.39MB
2025-08-22T23:00:30.1276600Z  1f08d9fb7d7d Pull complete 
2025-08-22T23:00:30.1299189Z  b452b5fb7338 Extracting [>                                                  ]  131.1kB/11.19MB
2025-08-22T23:00:30.2304152Z  b452b5fb7338 Extracting [====================================>              ]  8.258MB/11.19MB
2025-08-22T23:00:30.2594508Z  b452b5fb7338 Extracting [==================================================>]  11.19MB/11.19MB
2025-08-22T23:00:30.2776992Z  b452b5fb7338 Pull complete 
2025-08-22T23:00:30.2788324Z  e14ab7c7ae26 Extracting [>                                                  ]  32.77kB/2.402MB
2025-08-22T23:00:30.3065826Z  e14ab7c7ae26 Extracting [==================================================>]  2.402MB/2.402MB
2025-08-22T23:00:30.3210579Z  e14ab7c7ae26 Pull complete 
2025-08-22T23:00:30.3227407Z  3bf7f4428838 Extracting [=========>                                         ]  32.77kB/180.3kB
2025-08-22T23:00:30.3279753Z  3bf7f4428838 Extracting [==================================================>]  180.3kB/180.3kB
2025-08-22T23:00:30.3293625Z  3bf7f4428838 Extracting [==================================================>]  180.3kB/180.3kB
2025-08-22T23:00:30.3381169Z  3bf7f4428838 Pull complete 
2025-08-22T23:00:30.3398157Z  adc9ba906e83 Extracting [==================================================>]  11.88kB/11.88kB
2025-08-22T23:00:30.3404180Z  adc9ba906e83 Extracting [==================================================>]  11.88kB/11.88kB
2025-08-22T23:00:30.3536111Z  adc9ba906e83 Pull complete 
2025-08-22T23:00:30.3554276Z  1611ffcaf8be Extracting [==================================================>]     498B/498B
2025-08-22T23:00:30.3557115Z  1611ffcaf8be Extracting [==================================================>]     498B/498B
2025-08-22T23:00:30.3679872Z  1611ffcaf8be Pull complete 
2025-08-22T23:00:30.3767100Z  minio Pulled 
2025-08-22T23:00:30.3835140Z ##[group]Run export COMPOSE_DOCKER_CLI_BUILD=1 DOCKER_BUILDKIT=1
2025-08-22T23:00:30.3835815Z [36;1mexport COMPOSE_DOCKER_CLI_BUILD=1 DOCKER_BUILDKIT=1[0m
2025-08-22T23:00:30.3836119Z [36;1mdocker compose \[0m
2025-08-22T23:00:30.3836348Z [36;1m  -f docker-compose.yml \[0m
2025-08-22T23:00:30.3836594Z [36;1m  -f docker-compose.ci.yml \[0m
2025-08-22T23:00:30.3836860Z [36;1m  -f docker-compose.postgres.yml \[0m
2025-08-22T23:00:30.3837149Z [36;1m  up -d --wait --no-build --pull always[0m
2025-08-22T23:00:30.3878400Z shell: /usr/bin/bash -e {0}
2025-08-22T23:00:30.3878626Z env:
2025-08-22T23:00:30.3878833Z   GITHUB_SHA: 78e8eb7914044ee10e4a0d827008adf9fcc4e939
2025-08-22T23:00:30.3879111Z   PG_USER: postgres
2025-08-22T23:00:30.3879300Z   PG_PASSWORD: pass
2025-08-22T23:00:30.3879478Z   PG_DATABASE: awa
2025-08-22T23:00:30.3879655Z   PG_HOST: postgres
2025-08-22T23:00:30.3879818Z   PG_PORT: 5432
2025-08-22T23:00:30.3880273Z   PG_SYNC_DSN: ***localhost:5432/awa
2025-08-22T23:00:30.3880719Z   PG_ASYNC_DSN: ***localhost:5432/awa
2025-08-22T23:00:30.3881108Z   DATABASE_URL: ***postgres:5432/awa
2025-08-22T23:00:30.3881344Z   DATA_DIR: /tmp/awa-data
2025-08-22T23:00:30.3881534Z   ENABLE_LIVE: 0
2025-08-22T23:00:30.3881699Z   TESTING: 1
2025-08-22T23:00:30.3881860Z   POSTGRES_USER: postgres
2025-08-22T23:00:30.3882060Z   POSTGRES_PASSWORD: pass
2025-08-22T23:00:30.3882238Z   POSTGRES_DB: awa
2025-08-22T23:00:30.3882414Z ##[endgroup]
2025-08-22T23:00:30.4987781Z  minio Pulling 
2025-08-22T23:00:31.2585489Z  redis Pulling 
2025-08-22T23:00:31.2585855Z  minio Pulled 
2025-08-22T23:00:31.4946289Z  redis Pulled 
2025-08-22T23:00:31.4964660Z  Network awa-app_awa-net  Creating
2025-08-22T23:00:31.5304109Z  Network awa-app_awa-net  Created
2025-08-22T23:00:31.5347600Z  Volume "awa-app_awa-pgdata"  Creating
2025-08-22T23:00:31.5360990Z  Volume "awa-app_awa-pgdata"  Created
2025-08-22T23:00:31.5364461Z  Volume "awa-app_miniodata"  Creating
2025-08-22T23:00:31.5372045Z  Volume "awa-app_miniodata"  Created
2025-08-22T23:00:31.5374945Z  Volume "awa-app_awa-data"  Creating
2025-08-22T23:00:31.5383315Z  Volume "awa-app_awa-data"  Created
2025-08-22T23:00:31.5388588Z  Container awa-app-redis-1  Creating
2025-08-22T23:00:31.5390002Z  Container awa-app-minio-1  Creating
2025-08-22T23:00:31.5390463Z  Container awa-app-postgres-1  Creating
2025-08-22T23:00:31.5724887Z  Container awa-app-postgres-1  Created
2025-08-22T23:00:31.5725390Z  Container awa-app-api-1  Creating
2025-08-22T23:00:31.5732305Z  Container awa-app-minio-1  Created
2025-08-22T23:00:31.5733640Z  Container awa-app-etl-1  Creating
2025-08-22T23:00:31.5739519Z  Container awa-app-redis-1  Created
2025-08-22T23:00:31.5742006Z  Container awa-app-fees_h10-1  Creating
2025-08-22T23:00:31.5742790Z  Container awa-app-celery_worker-1  Creating
2025-08-22T23:00:31.5999840Z  Container awa-app-fees_h10-1  Created
2025-08-22T23:00:31.6000741Z  Container awa-app-etl-1  Created
2025-08-22T23:00:31.6001832Z  Container awa-app-celery_worker-1  Created
2025-08-22T23:00:31.6002406Z  Container awa-app-api-1  Created
2025-08-22T23:00:31.6017268Z  Container awa-app-minio-1  Starting
2025-08-22T23:00:31.6018061Z  Container awa-app-postgres-1  Starting
2025-08-22T23:00:31.6018705Z  Container awa-app-redis-1  Starting
2025-08-22T23:00:32.2724559Z  Container awa-app-redis-1  Started
2025-08-22T23:00:32.2725983Z  Container awa-app-postgres-1  Started
2025-08-22T23:00:32.2726587Z  Container awa-app-postgres-1  Waiting
2025-08-22T23:00:32.2728090Z  Container awa-app-postgres-1  Waiting
2025-08-22T23:00:32.2728571Z  Container awa-app-redis-1  Waiting
2025-08-22T23:00:32.2728996Z  Container awa-app-postgres-1  Waiting
2025-08-22T23:00:32.2854457Z  Container awa-app-minio-1  Started
2025-08-22T23:00:32.2857103Z  Container awa-app-postgres-1  Waiting
2025-08-22T23:00:37.7737568Z  Container awa-app-redis-1  Healthy
2025-08-22T23:00:37.7738273Z  Container awa-app-postgres-1  Healthy
2025-08-22T23:00:37.7740857Z  Container awa-app-fees_h10-1  Starting
2025-08-22T23:00:37.7742887Z  Container awa-app-postgres-1  Healthy
2025-08-22T23:00:37.7743668Z  Container awa-app-api-1  Starting
2025-08-22T23:00:37.7752836Z  Container awa-app-postgres-1  Healthy
2025-08-22T23:00:37.7753352Z  Container awa-app-celery_worker-1  Starting
2025-08-22T23:00:37.7875618Z  Container awa-app-postgres-1  Healthy
2025-08-22T23:00:37.7877401Z  Container awa-app-etl-1  Starting
2025-08-22T23:00:37.9806397Z  Container awa-app-etl-1  Started
2025-08-22T23:00:37.9933492Z  Container awa-app-celery_worker-1  Started
2025-08-22T23:00:38.0091303Z  Container awa-app-api-1  Started
2025-08-22T23:00:38.0207530Z  Container awa-app-fees_h10-1  Started
2025-08-22T23:00:38.0210049Z  Container awa-app-postgres-1  Waiting
2025-08-22T23:00:38.0210872Z  Container awa-app-api-1  Waiting
2025-08-22T23:00:38.0215745Z  Container awa-app-etl-1  Waiting
2025-08-22T23:00:38.0216187Z  Container awa-app-redis-1  Waiting
2025-08-22T23:00:38.0216700Z  Container awa-app-fees_h10-1  Waiting
2025-08-22T23:00:38.0217285Z  Container awa-app-minio-1  Waiting
2025-08-22T23:00:38.0230891Z  Container awa-app-celery_worker-1  Waiting
2025-08-22T23:00:38.5246945Z  Container awa-app-minio-1  Healthy
2025-08-22T23:00:38.5248070Z  Container awa-app-redis-1  Healthy
2025-08-22T23:00:38.5248858Z  Container awa-app-postgres-1  Healthy
2025-08-22T23:00:43.5226383Z  Container awa-app-etl-1  Healthy
2025-08-22T23:01:08.5223456Z  Container awa-app-fees_h10-1  Healthy
2025-08-22T23:02:42.5223744Z container awa-app-api-1 exited (1)
2025-08-22T23:02:42.5273934Z ##[error]Process completed with exit code 1.
2025-08-22T23:02:42.5334696Z ##[group]Run export COMPOSE_DOCKER_CLI_BUILD=1
2025-08-22T23:02:42.5335051Z [36;1mexport COMPOSE_DOCKER_CLI_BUILD=1[0m
2025-08-22T23:02:42.5335315Z [36;1mexport DOCKER_BUILDKIT=1[0m
2025-08-22T23:02:42.5335556Z [36;1mdocker compose logs > logs.txt[0m
2025-08-22T23:02:42.5374358Z shell: /usr/bin/bash -e {0}
2025-08-22T23:02:42.5374578Z env:
2025-08-22T23:02:42.5374784Z   GITHUB_SHA: 78e8eb7914044ee10e4a0d827008adf9fcc4e939
2025-08-22T23:02:42.5375068Z   PG_USER: postgres
2025-08-22T23:02:42.5375249Z   PG_PASSWORD: pass
2025-08-22T23:02:42.5375444Z   PG_DATABASE: awa
2025-08-22T23:02:42.5375611Z   PG_HOST: postgres
2025-08-22T23:02:42.5375779Z   PG_PORT: 5432
2025-08-22T23:02:42.5376217Z   PG_SYNC_DSN: ***localhost:5432/awa
2025-08-22T23:02:42.5376598Z   PG_ASYNC_DSN: ***localhost:5432/awa
2025-08-22T23:02:42.5376956Z   DATABASE_URL: ***postgres:5432/awa
2025-08-22T23:02:42.5377183Z   DATA_DIR: /tmp/awa-data
2025-08-22T23:02:42.5377371Z   ENABLE_LIVE: 0
2025-08-22T23:02:42.5377588Z   TESTING: 1
2025-08-22T23:02:42.5377753Z   POSTGRES_USER: postgres
2025-08-22T23:02:42.5377955Z   POSTGRES_PASSWORD: pass
2025-08-22T23:02:42.5378136Z   POSTGRES_DB: awa
2025-08-22T23:02:42.5378310Z ##[endgroup]
2025-08-22T23:02:42.6366459Z ##[group]Run actions/upload-artifact@v4
2025-08-22T23:02:42.6366747Z with:
2025-08-22T23:02:42.6366931Z   name: docker-logs
2025-08-22T23:02:42.6367124Z   path: logs.txt
2025-08-22T23:02:42.6367319Z   if-no-files-found: warn
2025-08-22T23:02:42.6367533Z   compression-level: 6
2025-08-22T23:02:42.6367737Z   overwrite: false
2025-08-22T23:02:42.6367953Z   include-hidden-files: false
2025-08-22T23:02:42.6368166Z env:
2025-08-22T23:02:42.6368384Z   GITHUB_SHA: 78e8eb7914044ee10e4a0d827008adf9fcc4e939
2025-08-22T23:02:42.6368671Z   PG_USER: postgres
2025-08-22T23:02:42.6368867Z   PG_PASSWORD: pass
2025-08-22T23:02:42.6369053Z   PG_DATABASE: awa
2025-08-22T23:02:42.6369237Z   PG_HOST: postgres
2025-08-22T23:02:42.6369412Z   PG_PORT: 5432
2025-08-22T23:02:42.6369885Z   PG_SYNC_DSN: ***localhost:5432/awa
2025-08-22T23:02:42.6370287Z   PG_ASYNC_DSN: ***localhost:5432/awa
2025-08-22T23:02:42.6370665Z   DATABASE_URL: ***postgres:5432/awa
2025-08-22T23:02:42.6370934Z   DATA_DIR: /tmp/awa-data
2025-08-22T23:02:42.6371135Z   ENABLE_LIVE: 0
2025-08-22T23:02:42.6371313Z   TESTING: 1
2025-08-22T23:02:42.6371486Z   POSTGRES_USER: postgres
2025-08-22T23:02:42.6371707Z   POSTGRES_PASSWORD: pass
2025-08-22T23:02:42.6371904Z   POSTGRES_DB: awa
2025-08-22T23:02:42.6372089Z ##[endgroup]
2025-08-22T23:02:42.8676332Z With the provided path, there will be 1 file uploaded
2025-08-22T23:02:42.8679732Z Artifact name is valid!
2025-08-22T23:02:42.8681184Z Root directory input is valid!
2025-08-22T23:02:43.1840170Z Beginning upload of artifact content to blob storage
2025-08-22T23:02:43.5270989Z Uploaded bytes 4251
2025-08-22T23:02:43.6180324Z Finished uploading artifact content to blob storage!
2025-08-22T23:02:43.6183757Z SHA256 digest of uploaded artifact zip is 93025472fab77a24ff89727e030cb8ad5e663d218701f9cc561176be2a98c104
2025-08-22T23:02:43.6185526Z Finalizing artifact upload
2025-08-22T23:02:43.7631432Z Artifact docker-logs.zip successfully finalized. Artifact ID 3832632248
2025-08-22T23:02:43.7632742Z Artifact docker-logs has been successfully uploaded! Final size is 4251 bytes. Artifact ID is 3832632248
2025-08-22T23:02:43.7639932Z Artifact download URL: https://github.com/AlexBomber12/AWA-App/actions/runs/17167667475/artifacts/3832632248
2025-08-22T23:02:43.7789150Z Post job cleanup.
2025-08-22T23:02:43.8545760Z [command]/usr/bin/git version
2025-08-22T23:02:43.8580670Z git version 2.51.0
2025-08-22T23:02:43.8618106Z Temporarily overriding HOME='/home/runner/work/_temp/9b19d443-4eef-4289-bf72-934de7938d76' before making global git config changes
2025-08-22T23:02:43.8619349Z Adding repository directory to the temporary git global config as a safe directory
2025-08-22T23:02:43.8624677Z [command]/usr/bin/git config --global --add safe.directory /home/runner/work/AWA-App/AWA-App
2025-08-22T23:02:43.8660179Z [command]/usr/bin/git config --local --name-only --get-regexp core\.sshCommand
2025-08-22T23:02:43.8691806Z [command]/usr/bin/git submodule foreach --recursive sh -c "git config --local --name-only --get-regexp 'core\.sshCommand' && git config --local --unset-all 'core.sshCommand' || :"
2025-08-22T23:02:43.8915795Z [command]/usr/bin/git config --local --name-only --get-regexp http\.https\:\/\/github\.com\/\.extraheader
2025-08-22T23:02:43.8937685Z http.https://github.com/.extraheader
2025-08-22T23:02:43.8948185Z [command]/usr/bin/git config --local --unset-all http.https://github.com/.extraheader
2025-08-22T23:02:43.8978823Z [command]/usr/bin/git submodule foreach --recursive sh -c "git config --local --name-only --get-regexp 'http\.https\:\/\/github\.com\/\.extraheader' && git config --local --unset-all 'http.https://github.com/.extraheader' || :"
2025-08-22T23:02:43.9303878Z Cleaning up orphan processes
