2025-08-20T20:59:31.2053006Z Current runner version: '2.328.0'
2025-08-20T20:59:31.2088480Z ##[group]Runner Image Provisioner
2025-08-20T20:59:31.2090140Z Hosted Compute Agent
2025-08-20T20:59:31.2090988Z Version: 20250818.377
2025-08-20T20:59:31.2092005Z Commit: 3c593e9f75fe0b87e893bca80d6e12ba089c61fc
2025-08-20T20:59:31.2093410Z Build Date: 2025-08-18T14:52:18Z
2025-08-20T20:59:31.2094446Z ##[endgroup]
2025-08-20T20:59:31.2095315Z ##[group]Operating System
2025-08-20T20:59:31.2096484Z Ubuntu
2025-08-20T20:59:31.2097277Z 24.04.2
2025-08-20T20:59:31.2098074Z LTS
2025-08-20T20:59:31.2099035Z ##[endgroup]
2025-08-20T20:59:31.2099852Z ##[group]Runner Image
2025-08-20T20:59:31.2100881Z Image: ubuntu-24.04
2025-08-20T20:59:31.2101945Z Version: 20250818.1.0
2025-08-20T20:59:31.2103770Z Included Software: https://github.com/actions/runner-images/blob/ubuntu24/20250818.1/images/ubuntu/Ubuntu2404-Readme.md
2025-08-20T20:59:31.2106717Z Image Release: https://github.com/actions/runner-images/releases/tag/ubuntu24%2F20250818.1
2025-08-20T20:59:31.2108454Z ##[endgroup]
2025-08-20T20:59:31.2113001Z ##[group]GITHUB_TOKEN Permissions
2025-08-20T20:59:31.2116372Z Actions: read
2025-08-20T20:59:31.2117258Z Attestations: read
2025-08-20T20:59:31.2118405Z Checks: read
2025-08-20T20:59:31.2119433Z Contents: read
2025-08-20T20:59:31.2120284Z Deployments: read
2025-08-20T20:59:31.2121248Z Discussions: read
2025-08-20T20:59:31.2122224Z Issues: read
2025-08-20T20:59:31.2123039Z Metadata: read
2025-08-20T20:59:31.2124080Z Models: read
2025-08-20T20:59:31.2124952Z Packages: read
2025-08-20T20:59:31.2125781Z Pages: read
2025-08-20T20:59:31.2126789Z PullRequests: read
2025-08-20T20:59:31.2127789Z RepositoryProjects: read
2025-08-20T20:59:31.2129134Z SecurityEvents: read
2025-08-20T20:59:31.2130159Z Statuses: read
2025-08-20T20:59:31.2131228Z ##[endgroup]
2025-08-20T20:59:31.2133919Z Secret source: Dependabot
2025-08-20T20:59:31.2135549Z Prepare workflow directory
2025-08-20T20:59:31.2516596Z Prepare all required actions
2025-08-20T20:59:31.2571642Z Getting action download info
2025-08-20T20:59:31.5782911Z Download action repository 'actions/checkout@v4' (SHA:08eba0b27e820071cde6df949e0beb9ba4906955)
2025-08-20T20:59:31.9541925Z Download action repository 'actions/upload-artifact@v4' (SHA:ea165f8d65b6e75b540449e92b4886f43607fa02)
2025-08-20T20:59:32.2024605Z Complete job name: compose-health
2025-08-20T20:59:32.2751623Z ##[group]Run actions/checkout@v4
2025-08-20T20:59:32.2752511Z with:
2025-08-20T20:59:32.2752963Z   repository: AlexBomber12/AWA-App
2025-08-20T20:59:32.2753685Z   token: ***
2025-08-20T20:59:32.2754108Z   ssh-strict: true
2025-08-20T20:59:32.2754530Z   ssh-user: git
2025-08-20T20:59:32.2754966Z   persist-credentials: true
2025-08-20T20:59:32.2755446Z   clean: true
2025-08-20T20:59:32.2755880Z   sparse-checkout-cone-mode: true
2025-08-20T20:59:32.2756393Z   fetch-depth: 1
2025-08-20T20:59:32.2756831Z   fetch-tags: false
2025-08-20T20:59:32.2757282Z   show-progress: true
2025-08-20T20:59:32.2757729Z   lfs: false
2025-08-20T20:59:32.2758127Z   submodules: false
2025-08-20T20:59:32.2758796Z   set-safe-directory: true
2025-08-20T20:59:32.2759617Z ##[endgroup]
2025-08-20T20:59:32.3816705Z Syncing repository: AlexBomber12/AWA-App
2025-08-20T20:59:32.3818506Z ##[group]Getting Git version info
2025-08-20T20:59:32.3819576Z Working directory is '/home/runner/work/AWA-App/AWA-App'
2025-08-20T20:59:32.3820656Z [command]/usr/bin/git version
2025-08-20T20:59:32.3905032Z git version 2.51.0
2025-08-20T20:59:32.3930420Z ##[endgroup]
2025-08-20T20:59:32.3944206Z Temporarily overriding HOME='/home/runner/work/_temp/4961016a-e871-40a1-9201-5737a4e69d75' before making global git config changes
2025-08-20T20:59:32.3949401Z Adding repository directory to the temporary git global config as a safe directory
2025-08-20T20:59:32.3950556Z [command]/usr/bin/git config --global --add safe.directory /home/runner/work/AWA-App/AWA-App
2025-08-20T20:59:32.3984961Z Deleting the contents of '/home/runner/work/AWA-App/AWA-App'
2025-08-20T20:59:32.3989389Z ##[group]Initializing the repository
2025-08-20T20:59:32.3993994Z [command]/usr/bin/git init /home/runner/work/AWA-App/AWA-App
2025-08-20T20:59:32.4125729Z hint: Using 'master' as the name for the initial branch. This default branch name
2025-08-20T20:59:32.4126835Z hint: is subject to change. To configure the initial branch name to use in all
2025-08-20T20:59:32.4127837Z hint: of your new repositories, which will suppress this warning, call:
2025-08-20T20:59:32.4128874Z hint:
2025-08-20T20:59:32.4129804Z hint: 	git config --global init.defaultBranch <name>
2025-08-20T20:59:32.4130887Z hint:
2025-08-20T20:59:32.4131909Z hint: Names commonly chosen instead of 'master' are 'main', 'trunk' and
2025-08-20T20:59:32.4133508Z hint: 'development'. The just-created branch can be renamed via this command:
2025-08-20T20:59:32.4134391Z hint:
2025-08-20T20:59:32.4134811Z hint: 	git branch -m <name>
2025-08-20T20:59:32.4135293Z hint:
2025-08-20T20:59:32.4135911Z hint: Disable this message with "git config set advice.defaultBranchName false"
2025-08-20T20:59:32.4136956Z Initialized empty Git repository in /home/runner/work/AWA-App/AWA-App/.git/
2025-08-20T20:59:32.4143720Z [command]/usr/bin/git remote add origin https://github.com/AlexBomber12/AWA-App
2025-08-20T20:59:32.4180915Z ##[endgroup]
2025-08-20T20:59:32.4181675Z ##[group]Disabling automatic garbage collection
2025-08-20T20:59:32.4184465Z [command]/usr/bin/git config --local gc.auto 0
2025-08-20T20:59:32.4211548Z ##[endgroup]
2025-08-20T20:59:32.4212267Z ##[group]Setting up auth
2025-08-20T20:59:32.4217630Z [command]/usr/bin/git config --local --name-only --get-regexp core\.sshCommand
2025-08-20T20:59:32.4246762Z [command]/usr/bin/git submodule foreach --recursive sh -c "git config --local --name-only --get-regexp 'core\.sshCommand' && git config --local --unset-all 'core.sshCommand' || :"
2025-08-20T20:59:32.4581077Z [command]/usr/bin/git config --local --name-only --get-regexp http\.https\:\/\/github\.com\/\.extraheader
2025-08-20T20:59:32.4609448Z [command]/usr/bin/git submodule foreach --recursive sh -c "git config --local --name-only --get-regexp 'http\.https\:\/\/github\.com\/\.extraheader' && git config --local --unset-all 'http.https://github.com/.extraheader' || :"
2025-08-20T20:59:32.4826462Z [command]/usr/bin/git config --local http.https://github.com/.extraheader AUTHORIZATION: basic ***
2025-08-20T20:59:32.4868387Z ##[endgroup]
2025-08-20T20:59:32.4869605Z ##[group]Fetching the repository
2025-08-20T20:59:32.4876858Z [command]/usr/bin/git -c protocol.version=2 fetch --no-tags --prune --no-recurse-submodules --depth=1 origin +fd155233b3e65db95b9ae1a2f0471e25c2f0c84a:refs/remotes/pull/318/merge
2025-08-20T20:59:32.9517419Z From https://github.com/AlexBomber12/AWA-App
2025-08-20T20:59:32.9521022Z  * [new ref]         fd155233b3e65db95b9ae1a2f0471e25c2f0c84a -> pull/318/merge
2025-08-20T20:59:32.9551428Z ##[endgroup]
2025-08-20T20:59:32.9552492Z ##[group]Determining the checkout info
2025-08-20T20:59:32.9553788Z ##[endgroup]
2025-08-20T20:59:32.9558266Z [command]/usr/bin/git sparse-checkout disable
2025-08-20T20:59:32.9599596Z [command]/usr/bin/git config --local --unset-all extensions.worktreeConfig
2025-08-20T20:59:32.9628008Z ##[group]Checking out the ref
2025-08-20T20:59:32.9631943Z [command]/usr/bin/git checkout --progress --force refs/remotes/pull/318/merge
2025-08-20T20:59:32.9979594Z Note: switching to 'refs/remotes/pull/318/merge'.
2025-08-20T20:59:32.9980737Z 
2025-08-20T20:59:32.9981653Z You are in 'detached HEAD' state. You can look around, make experimental
2025-08-20T20:59:32.9984046Z changes and commit them, and you can discard any commits you make in this
2025-08-20T20:59:32.9986095Z state without impacting any branches by switching back to a branch.
2025-08-20T20:59:32.9987053Z 
2025-08-20T20:59:32.9987691Z If you want to create a new branch to retain commits you create, you may
2025-08-20T20:59:32.9989775Z do so (now or later) by using -c with the switch command. Example:
2025-08-20T20:59:32.9990668Z 
2025-08-20T20:59:32.9990993Z   git switch -c <new-branch-name>
2025-08-20T20:59:32.9991602Z 
2025-08-20T20:59:32.9992182Z Or undo this operation with:
2025-08-20T20:59:32.9992754Z 
2025-08-20T20:59:32.9993173Z   git switch -
2025-08-20T20:59:32.9993613Z 
2025-08-20T20:59:32.9994304Z Turn off this advice by setting config variable advice.detachedHead to false
2025-08-20T20:59:32.9995335Z 
2025-08-20T20:59:32.9996544Z HEAD is now at fd15523 Merge 9c792c2003490e114b5b503ca530d394dce9f0ad into ab6f502f8f1e118648fd09a9b43864129ff65477
2025-08-20T20:59:33.0000487Z ##[endgroup]
2025-08-20T20:59:33.0026281Z [command]/usr/bin/git log -1 --format=%H
2025-08-20T20:59:33.0047305Z fd155233b3e65db95b9ae1a2f0471e25c2f0c84a
2025-08-20T20:59:33.0271917Z ##[group]Run echo "GITHUB_SHA=${GITHUB_SHA}" >> "$GITHUB_ENV"
2025-08-20T20:59:33.0273661Z [36;1mecho "GITHUB_SHA=${GITHUB_SHA}" >> "$GITHUB_ENV"[0m
2025-08-20T20:59:33.0357320Z shell: /usr/bin/bash -e {0}
2025-08-20T20:59:33.0358389Z ##[endgroup]
2025-08-20T20:59:33.0526417Z ##[group]Run export COMPOSE_DOCKER_CLI_BUILD=1 DOCKER_BUILDKIT=1
2025-08-20T20:59:33.0528261Z [36;1mexport COMPOSE_DOCKER_CLI_BUILD=1 DOCKER_BUILDKIT=1[0m
2025-08-20T20:59:33.0530016Z [36;1mdocker compose --progress=plain \[0m
2025-08-20T20:59:33.0531254Z [36;1m  -f docker-compose.yml \[0m
2025-08-20T20:59:33.0532371Z [36;1m  -f docker-compose.ci.yml \[0m
2025-08-20T20:59:33.0533614Z [36;1m  -f docker-compose.postgres.yml \[0m
2025-08-20T20:59:33.0534767Z [36;1m  build[0m
2025-08-20T20:59:33.0577486Z shell: /usr/bin/bash -e {0}
2025-08-20T20:59:33.0578433Z env:
2025-08-20T20:59:33.0579533Z   GITHUB_SHA: fd155233b3e65db95b9ae1a2f0471e25c2f0c84a
2025-08-20T20:59:33.0580789Z ##[endgroup]
2025-08-20T20:59:39.8216514Z #1 [internal] load local bake definitions
2025-08-20T20:59:39.9718452Z #1 reading from stdin 1.88kB done
2025-08-20T20:59:39.9719283Z #1 DONE 0.0s
2025-08-20T20:59:40.1877220Z 
2025-08-20T20:59:40.1877967Z #2 [api internal] load build definition from Dockerfile
2025-08-20T20:59:40.1879038Z #2 transferring dockerfile: 1.48kB 0.0s done
2025-08-20T20:59:40.1879614Z #2 DONE 0.0s
2025-08-20T20:59:40.1879887Z 
2025-08-20T20:59:40.1880227Z #3 [postgres internal] load build definition from Dockerfile
2025-08-20T20:59:40.1880913Z #3 transferring dockerfile: 807B 0.0s done
2025-08-20T20:59:40.1881276Z #3 DONE 0.0s
2025-08-20T20:59:40.1881543Z 
2025-08-20T20:59:40.1881814Z #4 [fees_h10 internal] load build definition from Dockerfile
2025-08-20T20:59:40.1882540Z #4 transferring dockerfile: 962B 0.0s done
2025-08-20T20:59:40.1883045Z #4 DONE 0.0s
2025-08-20T20:59:40.1883232Z 
2025-08-20T20:59:40.1883519Z #5 [celery_worker internal] load build definition from Dockerfile
2025-08-20T20:59:40.1884226Z #5 transferring dockerfile: 1.15kB 0.0s done
2025-08-20T20:59:40.1884823Z #5 DONE 0.0s
2025-08-20T20:59:40.1884981Z 
2025-08-20T20:59:40.1885293Z #6 [auth] library/postgres:pull token for registry-1.docker.io
2025-08-20T20:59:40.3380686Z #6 DONE 0.0s
2025-08-20T20:59:40.3380969Z 
2025-08-20T20:59:40.3381302Z #7 [auth] docker/dockerfile:pull token for registry-1.docker.io
2025-08-20T20:59:40.3381861Z #7 DONE 0.0s
2025-08-20T20:59:40.3382048Z 
2025-08-20T20:59:40.3382649Z #8 [etl] resolve image config for docker-image://docker.io/docker/dockerfile:1.6
2025-08-20T20:59:40.8685585Z #8 DONE 0.7s
2025-08-20T20:59:40.8685883Z 
2025-08-20T20:59:40.8686398Z #9 [postgres internal] load metadata for docker.io/library/postgres:16
2025-08-20T20:59:40.8686847Z #9 DONE 0.7s
2025-08-20T20:59:40.8686972Z 
2025-08-20T20:59:40.8687105Z #10 [postgres internal] load .dockerignore
2025-08-20T20:59:40.8687436Z #10 transferring context: 265B done
2025-08-20T20:59:40.8687710Z #10 DONE 0.0s
2025-08-20T20:59:40.8687841Z 
2025-08-20T20:59:40.8687959Z #11 [postgres internal] load build context
2025-08-20T20:59:40.8688281Z #11 transferring context: 582B done
2025-08-20T20:59:40.8688569Z #11 DONE 0.0s
2025-08-20T20:59:40.8688888Z 
2025-08-20T20:59:40.8689493Z #12 [etl] docker-image://docker.io/docker/dockerfile:1.6@sha256:ac85f380a63b13dfcefa89046420e1781752bab202122f8f50032edf31be0021
2025-08-20T20:59:40.8690516Z #12 resolve docker.io/docker/dockerfile:1.6@sha256:ac85f380a63b13dfcefa89046420e1781752bab202122f8f50032edf31be0021 done
2025-08-20T20:59:40.8691777Z #12 sha256:ac85f380a63b13dfcefa89046420e1781752bab202122f8f50032edf31be0021 8.40kB / 8.40kB done
2025-08-20T20:59:40.8692500Z #12 sha256:657fcc512c7369f4cb3d94ea329150f8daf626bc838b1a1e81f1834c73ecc77e 482B / 482B done
2025-08-20T20:59:40.8693234Z #12 sha256:a17ee7fff8f5e97b974f5b48f51647d2cf28d543f2aa6c11aaa0ea431b44bb89 1.27kB / 1.27kB done
2025-08-20T20:59:40.8693963Z #12 sha256:9d9c93f4b00be908ab694a4df732570bced3b8a96b7515d70ff93402179ad232 0B / 11.80MB 0.1s
2025-08-20T20:59:40.9980208Z #12 sha256:ac85f380a63b13dfcefa89046420e1781752bab202122f8f50032edf31be0021 8.40kB / 8.40kB done
2025-08-20T20:59:40.9980934Z #12 sha256:657fcc512c7369f4cb3d94ea329150f8daf626bc838b1a1e81f1834c73ecc77e 482B / 482B done
2025-08-20T20:59:40.9982081Z #12 sha256:a17ee7fff8f5e97b974f5b48f51647d2cf28d543f2aa6c11aaa0ea431b44bb89 1.27kB / 1.27kB done
2025-08-20T20:59:40.9982799Z #12 sha256:9d9c93f4b00be908ab694a4df732570bced3b8a96b7515d70ff93402179ad232 5.24MB / 11.80MB 0.2s
2025-08-20T20:59:41.1315495Z #12 sha256:9d9c93f4b00be908ab694a4df732570bced3b8a96b7515d70ff93402179ad232 9.44MB / 11.80MB 0.3s
2025-08-20T20:59:41.1316559Z #12 extracting sha256:9d9c93f4b00be908ab694a4df732570bced3b8a96b7515d70ff93402179ad232
2025-08-20T20:59:41.2318783Z #12 sha256:9d9c93f4b00be908ab694a4df732570bced3b8a96b7515d70ff93402179ad232 11.80MB / 11.80MB 0.3s done
2025-08-20T20:59:41.3984100Z #12 extracting sha256:9d9c93f4b00be908ab694a4df732570bced3b8a96b7515d70ff93402179ad232 0.1s done
2025-08-20T20:59:41.3989425Z #12 DONE 0.5s
2025-08-20T20:59:41.3989661Z 
2025-08-20T20:59:41.3990277Z #13 [postgres 1/6] FROM docker.io/library/postgres:16@sha256:66a5efb5677ffac1037774a0e141fd3a4c035c9c0c0e624c9cc980dfa10f45e5
2025-08-20T20:59:41.3991673Z #13 resolve docker.io/library/postgres:16@sha256:66a5efb5677ffac1037774a0e141fd3a4c035c9c0c0e624c9cc980dfa10f45e5 done
2025-08-20T20:59:41.4136261Z #13 sha256:4b802c5161ddfa2ae4beac272c4e24aa5e162a20451c8489cbb952a88507732f 9.89kB / 9.89kB done
2025-08-20T20:59:41.4137517Z #13 sha256:3084fa1fadd59e7633ec56d318f1e4de01be744f446c5c35df7cd801fbc34894 3.63kB / 3.63kB done
2025-08-20T20:59:41.4138526Z #13 sha256:66a5efb5677ffac1037774a0e141fd3a4c035c9c0c0e624c9cc980dfa10f45e5 10.24kB / 10.24kB done
2025-08-20T20:59:41.4139738Z #13 sha256:396b1da7636e2dcd10565cb4f2f952cbb4a8a38b58d3b86a2cacb172fb70117c 29.77MB / 29.77MB 0.6s
2025-08-20T20:59:41.4140802Z #13 sha256:fb850b0e3049060bf4eb46c8806d7ceea916d67e5cc56d6b295511e27463e56b 1.17kB / 1.17kB 0.2s done
2025-08-20T20:59:41.4141863Z #13 sha256:7f09385d08f9e8f578f9dad57582fff30d6ca3ef0f4d66ab5e1bf92c88862341 4.19MB / 6.44MB 0.4s
2025-08-20T20:59:41.4142999Z #13 sha256:534f45d26d937460abe84bd086361a04c27e624a23f9384ff13f11c24c64c7bb 1.45MB / 1.45MB 0.6s done
2025-08-20T20:59:41.4144205Z #13 sha256:2b6532633f5d125e9a709f56f26af5a07390c859a5c77142b74da1d4e3c79fee 8.20MB / 8.20MB 0.6s done
2025-08-20T20:59:41.4146011Z #13 sha256:19947f6cc5d3035f6c922fa1d6047c79e044256ad948080adb59cec60717b9f8 0B / 116B 0.6s
2025-08-20T20:59:41.4147052Z #13 sha256:320fa150e60fca9bb108771a06f08d5464ad8b7474b7bf3f4b44d723b686ee72 0B / 1.31MB 0.6s
2025-08-20T20:59:41.5219317Z #13 ...
2025-08-20T20:59:41.5219982Z 
2025-08-20T20:59:41.5220659Z #14 [etl internal] load build definition from Dockerfile
2025-08-20T20:59:41.5221198Z #14 transferring dockerfile: 1.15kB done
2025-08-20T20:59:41.5221617Z #14 DONE 0.0s
2025-08-20T20:59:41.5221808Z 
2025-08-20T20:59:41.5222085Z #15 [celery_worker internal] load build definition from Dockerfile
2025-08-20T20:59:41.5222660Z #15 transferring dockerfile: 1.15kB done
2025-08-20T20:59:41.5223065Z #15 DONE 0.0s
2025-08-20T20:59:41.5223241Z 
2025-08-20T20:59:41.5223840Z #13 [postgres 1/6] FROM docker.io/library/postgres:16@sha256:66a5efb5677ffac1037774a0e141fd3a4c035c9c0c0e624c9cc980dfa10f45e5
2025-08-20T20:59:41.5225445Z #13 sha256:396b1da7636e2dcd10565cb4f2f952cbb4a8a38b58d3b86a2cacb172fb70117c 29.77MB / 29.77MB 0.6s done
2025-08-20T20:59:41.5226485Z #13 sha256:19947f6cc5d3035f6c922fa1d6047c79e044256ad948080adb59cec60717b9f8 116B / 116B 0.7s done
2025-08-20T20:59:41.5227723Z #13 sha256:320fa150e60fca9bb108771a06f08d5464ad8b7474b7bf3f4b44d723b686ee72 1.31MB / 1.31MB 0.7s done
2025-08-20T20:59:41.5228782Z #13 extracting sha256:396b1da7636e2dcd10565cb4f2f952cbb4a8a38b58d3b86a2cacb172fb70117c
2025-08-20T20:59:41.5229792Z #13 sha256:a1e4ad56dcecf442fba1cec05cd565ededfdc663e5172df9ef9394d96d4c96f8 0B / 113.19MB 0.7s
2025-08-20T20:59:41.5230918Z #13 sha256:987c1b4919ea2d87df20824aaef43a9de0575ac7df684579ad267c7e48c8eeea 0B / 10.01kB 0.7s
2025-08-20T20:59:41.5231836Z #13 sha256:e787bdd7824bfcb30d11087160de825f724620c952958f4f725c13421499b724 0B / 3.14kB 0.7s
2025-08-20T20:59:41.6731571Z #13 ...
2025-08-20T20:59:41.6732701Z 
2025-08-20T20:59:41.6733287Z #16 [auth] library/python:pull token for registry-1.docker.io
2025-08-20T20:59:41.6734092Z #16 DONE 0.0s
2025-08-20T20:59:41.6734278Z 
2025-08-20T20:59:41.6734815Z #13 [postgres 1/6] FROM docker.io/library/postgres:16@sha256:66a5efb5677ffac1037774a0e141fd3a4c035c9c0c0e624c9cc980dfa10f45e5
2025-08-20T20:59:41.6736016Z #13 sha256:e787bdd7824bfcb30d11087160de825f724620c952958f4f725c13421499b724 3.14kB / 3.14kB 0.7s done
2025-08-20T20:59:41.6736979Z #13 sha256:a858bd6d34e86a481a2e028e3ba489e662b3ac7713eba9a5d3bb97002c7d797e 0B / 128B 0.8s
2025-08-20T20:59:41.7746263Z #13 sha256:987c1b4919ea2d87df20824aaef43a9de0575ac7df684579ad267c7e48c8eeea 10.01kB / 10.01kB 0.8s done
2025-08-20T20:59:41.7747441Z #13 sha256:a858bd6d34e86a481a2e028e3ba489e662b3ac7713eba9a5d3bb97002c7d797e 128B / 128B 0.9s done
2025-08-20T20:59:41.7748437Z #13 sha256:f1b3502db45ad485f0affe43e32fc81d699ddac01c023f198271a0a7e1cecd4c 0B / 169B 0.9s
2025-08-20T20:59:41.7749508Z #13 sha256:25ef78fb127c1934630de29a3d38f46e544360b1dcf5cfc09b25507fbe88fd75 0B / 5.92kB 0.9s
2025-08-20T20:59:41.8781074Z #13 sha256:f1b3502db45ad485f0affe43e32fc81d699ddac01c023f198271a0a7e1cecd4c 169B / 169B 0.9s done
2025-08-20T20:59:41.8782963Z #13 sha256:25ef78fb127c1934630de29a3d38f46e544360b1dcf5cfc09b25507fbe88fd75 5.92kB / 5.92kB 1.0s done
2025-08-20T20:59:41.8784449Z #13 sha256:240810240d04caaaccb11d51ba7c3a7f7d6f470ec2a80ee420a3d33899d9a303 0B / 184B 1.0s
2025-08-20T20:59:41.9911668Z #13 sha256:240810240d04caaaccb11d51ba7c3a7f7d6f470ec2a80ee420a3d33899d9a303 184B / 184B 1.0s done
2025-08-20T20:59:42.0972401Z #13 ...
2025-08-20T20:59:42.0972664Z 
2025-08-20T20:59:42.0972906Z #17 [fees_h10 internal] load metadata for docker.io/library/python:3.12-slim
2025-08-20T20:59:42.0973290Z #17 DONE 0.6s
2025-08-20T20:59:42.0973410Z 
2025-08-20T20:59:42.0973520Z #18 [fees_h10 internal] load .dockerignore
2025-08-20T20:59:42.0973804Z #18 transferring context: 2B done
2025-08-20T20:59:42.0974051Z #18 DONE 0.0s
2025-08-20T20:59:42.0974158Z 
2025-08-20T20:59:42.0974255Z #19 [etl internal] load .dockerignore
2025-08-20T20:59:42.0974522Z #19 transferring context: 265B done
2025-08-20T20:59:42.0974775Z #19 DONE 0.0s
2025-08-20T20:59:42.0974886Z 
2025-08-20T20:59:42.0974978Z #20 [api internal] load .dockerignore
2025-08-20T20:59:42.0975243Z #20 transferring context: 265B done
2025-08-20T20:59:42.0975486Z #20 DONE 0.0s
2025-08-20T20:59:42.0975590Z 
2025-08-20T20:59:42.0975705Z #21 [celery_worker internal] load .dockerignore
2025-08-20T20:59:42.0975985Z #21 transferring context: 265B done
2025-08-20T20:59:42.0976217Z #21 DONE 0.0s
2025-08-20T20:59:42.0976318Z 
2025-08-20T20:59:42.0976700Z #13 [postgres 1/6] FROM docker.io/library/postgres:16@sha256:66a5efb5677ffac1037774a0e141fd3a4c035c9c0c0e624c9cc980dfa10f45e5
2025-08-20T20:59:42.0977455Z #13 sha256:a1e4ad56dcecf442fba1cec05cd565ededfdc663e5172df9ef9394d96d4c96f8 9.44MB / 113.19MB 1.3s
2025-08-20T20:59:42.7980138Z #13 sha256:a1e4ad56dcecf442fba1cec05cd565ededfdc663e5172df9ef9394d96d4c96f8 19.92MB / 113.19MB 2.0s
2025-08-20T20:59:42.9492779Z #13 ...
2025-08-20T20:59:42.9493219Z 
2025-08-20T20:59:42.9493611Z #22 [etl internal] load build context
2025-08-20T20:59:42.9494145Z #22 transferring context: 25.47kB done
2025-08-20T20:59:42.9494942Z #22 DONE 0.0s
2025-08-20T20:59:42.9495372Z 
2025-08-20T20:59:42.9495670Z #23 [fees_h10 internal] load build context
2025-08-20T20:59:42.9496078Z #23 transferring context: 8.31kB 0.0s done
2025-08-20T20:59:42.9496475Z #23 DONE 0.0s
2025-08-20T20:59:42.9496584Z 
2025-08-20T20:59:42.9496686Z #24 [api internal] load build context
2025-08-20T20:59:42.9497539Z #24 transferring context: 157.28kB 0.0s done
2025-08-20T20:59:42.9497900Z #24 DONE 0.0s
2025-08-20T20:59:42.9498010Z 
2025-08-20T20:59:42.9498122Z #25 [celery_worker internal] load build context
2025-08-20T20:59:42.9498504Z #25 transferring context: 25.47kB done
2025-08-20T20:59:42.9499099Z #25 DONE 0.0s
2025-08-20T20:59:42.9499269Z 
2025-08-20T20:59:42.9499633Z #13 [postgres 1/6] FROM docker.io/library/postgres:16@sha256:66a5efb5677ffac1037774a0e141fd3a4c035c9c0c0e624c9cc980dfa10f45e5
2025-08-20T20:59:43.0509972Z #13 extracting sha256:396b1da7636e2dcd10565cb4f2f952cbb4a8a38b58d3b86a2cacb172fb70117c 1.5s done
2025-08-20T20:59:43.0515078Z #13 sha256:a1e4ad56dcecf442fba1cec05cd565ededfdc663e5172df9ef9394d96d4c96f8 29.36MB / 113.19MB 2.2s
2025-08-20T20:59:43.0516436Z #13 extracting sha256:fb850b0e3049060bf4eb46c8806d7ceea916d67e5cc56d6b295511e27463e56b done
2025-08-20T20:59:43.0517677Z #13 extracting sha256:7f09385d08f9e8f578f9dad57582fff30d6ca3ef0f4d66ab5e1bf92c88862341
2025-08-20T20:59:43.2635857Z #13 sha256:a1e4ad56dcecf442fba1cec05cd565ededfdc663e5172df9ef9394d96d4c96f8 35.65MB / 113.19MB 2.4s
2025-08-20T20:59:43.2637026Z #13 extracting sha256:7f09385d08f9e8f578f9dad57582fff30d6ca3ef0f4d66ab5e1bf92c88862341 0.1s done
2025-08-20T20:59:43.3980708Z #13 extracting sha256:534f45d26d937460abe84bd086361a04c27e624a23f9384ff13f11c24c64c7bb 0.0s done
2025-08-20T20:59:43.3981486Z #13 extracting sha256:2b6532633f5d125e9a709f56f26af5a07390c859a5c77142b74da1d4e3c79fee
2025-08-20T20:59:43.6212489Z #13 sha256:a1e4ad56dcecf442fba1cec05cd565ededfdc663e5172df9ef9394d96d4c96f8 41.94MB / 113.19MB 2.8s
2025-08-20T20:59:43.7220564Z #13 extracting sha256:2b6532633f5d125e9a709f56f26af5a07390c859a5c77142b74da1d4e3c79fee 0.4s done
2025-08-20T20:59:43.8342810Z #13 sha256:a1e4ad56dcecf442fba1cec05cd565ededfdc663e5172df9ef9394d96d4c96f8 48.23MB / 113.19MB 3.0s
2025-08-20T20:59:43.8343616Z #13 extracting sha256:320fa150e60fca9bb108771a06f08d5464ad8b7474b7bf3f4b44d723b686ee72 0.1s done
2025-08-20T20:59:43.9379980Z #13 extracting sha256:19947f6cc5d3035f6c922fa1d6047c79e044256ad948080adb59cec60717b9f8 done
2025-08-20T20:59:43.9380791Z #13 extracting sha256:e787bdd7824bfcb30d11087160de825f724620c952958f4f725c13421499b724 done
2025-08-20T20:59:44.0579856Z #13 sha256:a1e4ad56dcecf442fba1cec05cd565ededfdc663e5172df9ef9394d96d4c96f8 59.77MB / 113.19MB 3.2s
2025-08-20T20:59:44.2000597Z #13 ...
2025-08-20T20:59:44.2001355Z 
2025-08-20T20:59:44.2002343Z #26 [etl stage-1 1/9] FROM docker.io/library/python:3.12-slim@sha256:d67a7b66b989ad6b6d6b10d428dcc5e0bfc3e5f88906e67d490c4d3daac57047
2025-08-20T20:59:44.2018397Z #26 resolve docker.io/library/python:3.12-slim@sha256:d67a7b66b989ad6b6d6b10d428dcc5e0bfc3e5f88906e67d490c4d3daac57047 done
2025-08-20T20:59:44.2025206Z #26 extracting sha256:396b1da7636e2dcd10565cb4f2f952cbb4a8a38b58d3b86a2cacb172fb70117c 0.1s done
2025-08-20T20:59:44.2026290Z #26 sha256:d67a7b66b989ad6b6d6b10d428dcc5e0bfc3e5f88906e67d490c4d3daac57047 10.37kB / 10.37kB done
2025-08-20T20:59:44.2027384Z #26 sha256:8f3d1de1b41cd7340a89b024d6f7a10043f7b0d07d97eb36ba76f22fcfa9a235 1.75kB / 1.75kB done
2025-08-20T20:59:44.2028432Z #26 sha256:bad5eac7befe06d25bef9d4d894d7467355bac08745c745a88977774933fa032 5.58kB / 5.58kB done
2025-08-20T20:59:44.2029849Z #26 sha256:396b1da7636e2dcd10565cb4f2f952cbb4a8a38b58d3b86a2cacb172fb70117c 29.77MB / 29.77MB done
2025-08-20T20:59:44.2030925Z #26 sha256:5d587318e932a89b94608393c99dd30ee5092a6991c1656f717bd4f4e13d60df 1.29MB / 1.29MB 0.2s done
2025-08-20T20:59:44.2032009Z #26 sha256:e5c05dcf47fbdb2f18dc242ad1b7f48fbd3813c0027ffcfb8e81e4aa7e0965f4 12.11MB / 12.11MB 0.4s done
2025-08-20T20:59:44.2033044Z #26 extracting sha256:5d587318e932a89b94608393c99dd30ee5092a6991c1656f717bd4f4e13d60df 0.2s done
2025-08-20T20:59:44.2034397Z #26 sha256:d76206d463c08ba2a3f7bbab2de2a933ad73f33ab4ab813eafe50c9dff9edc12 251B / 251B 0.3s done
2025-08-20T20:59:44.2035492Z #26 extracting sha256:e5c05dcf47fbdb2f18dc242ad1b7f48fbd3813c0027ffcfb8e81e4aa7e0965f4 0.7s done
2025-08-20T20:59:44.2036577Z #26 extracting sha256:d76206d463c08ba2a3f7bbab2de2a933ad73f33ab4ab813eafe50c9dff9edc12 done
2025-08-20T20:59:44.2069009Z #26 DONE 1.2s
2025-08-20T20:59:44.2069226Z 
2025-08-20T20:59:44.2069388Z #27 [api stage-1 2/9] WORKDIR /app
2025-08-20T20:59:44.2069805Z #27 DONE 0.0s
2025-08-20T20:59:44.2069993Z 
2025-08-20T20:59:44.2070308Z #28 [api base  3/13] COPY services/api/requirements.txt ./requirements.txt
2025-08-20T20:59:44.2070887Z #28 DONE 0.0s
2025-08-20T20:59:44.2071079Z 
2025-08-20T20:59:44.2071396Z #29 [fees_h10 base 3/6] COPY requirements*.txt constraints.txt ./fees_h10/
2025-08-20T20:59:44.2072212Z #29 DONE 0.0s
2025-08-20T20:59:44.2072399Z 
2025-08-20T20:59:44.2072759Z #30 [etl base 3/5] COPY services/etl/requirements*.txt services/etl/constraints.txt ./
2025-08-20T20:59:44.2073420Z #30 DONE 0.0s
2025-08-20T20:59:44.2073596Z 
2025-08-20T20:59:44.2074177Z #13 [postgres 1/6] FROM docker.io/library/postgres:16@sha256:66a5efb5677ffac1037774a0e141fd3a4c035c9c0c0e624c9cc980dfa10f45e5
2025-08-20T20:59:44.2075322Z #13 sha256:a1e4ad56dcecf442fba1cec05cd565ededfdc663e5172df9ef9394d96d4c96f8 72.35MB / 113.19MB 3.4s
2025-08-20T20:59:44.2991794Z #13 sha256:a1e4ad56dcecf442fba1cec05cd565ededfdc663e5172df9ef9394d96d4c96f8 79.97MB / 113.19MB 3.5s
2025-08-20T20:59:44.4246452Z #13 sha256:a1e4ad56dcecf442fba1cec05cd565ededfdc663e5172df9ef9394d96d4c96f8 96.47MB / 113.19MB 3.6s
2025-08-20T20:59:44.5981677Z #13 sha256:a1e4ad56dcecf442fba1cec05cd565ededfdc663e5172df9ef9394d96d4c96f8 103.81MB / 113.19MB 3.8s
2025-08-20T20:59:44.8030683Z #13 sha256:a1e4ad56dcecf442fba1cec05cd565ededfdc663e5172df9ef9394d96d4c96f8 113.19MB / 113.19MB 4.0s
2025-08-20T20:59:45.0435712Z #13 sha256:a1e4ad56dcecf442fba1cec05cd565ededfdc663e5172df9ef9394d96d4c96f8 113.19MB / 113.19MB 4.0s done
2025-08-20T20:59:45.0436923Z #13 extracting sha256:a1e4ad56dcecf442fba1cec05cd565ededfdc663e5172df9ef9394d96d4c96f8
2025-08-20T20:59:50.1702189Z #13 extracting sha256:a1e4ad56dcecf442fba1cec05cd565ededfdc663e5172df9ef9394d96d4c96f8 5.1s
2025-08-20T20:59:50.3994028Z #13 ...
2025-08-20T20:59:50.4011047Z 
2025-08-20T20:59:50.4012352Z #31 [fees_h10 base 4/6] RUN if [ -n "" ] && [ -f "fees_h10/" ]; then         pip install -r fees_h10/requirements.txt -c fees_h10/;     else         pip install -r fees_h10/requirements.txt;     fi
2025-08-20T20:59:50.4014142Z #31 2.966 Collecting celery==5.4.* (from celery[redis]==5.4.*->-r fees_h10/requirements.txt (line 1))
2025-08-20T20:59:50.4015348Z #31 3.035   Downloading celery-5.4.0-py3-none-any.whl.metadata (21 kB)
2025-08-20T20:59:50.4016390Z #31 3.172 Collecting asyncpg (from -r fees_h10/requirements.txt (line 2))
2025-08-20T20:59:50.4018064Z #31 3.191   Downloading asyncpg-0.30.0-cp312-cp312-manylinux_2_17_x86_64.manylinux2014_x86_64.whl.metadata (5.0 kB)
2025-08-20T20:59:50.4020085Z #31 3.247 Collecting httpx (from -r fees_h10/requirements.txt (line 3))
2025-08-20T20:59:50.4021070Z #31 3.263   Downloading httpx-0.28.1-py3-none-any.whl.metadata (7.1 kB)
2025-08-20T20:59:50.4022046Z #31 3.709 Collecting sqlalchemy (from -r fees_h10/requirements.txt (line 4))
2025-08-20T20:59:50.4027500Z #31 3.730   Downloading sqlalchemy-2.0.43-cp312-cp312-manylinux_2_17_x86_64.manylinux2014_x86_64.whl.metadata (9.6 kB)
2025-08-20T20:59:50.4032071Z #31 3.818 Collecting billiard<5.0,>=4.2.0 (from celery==5.4.*->celery[redis]==5.4.*->-r fees_h10/requirements.txt (line 1))
2025-08-20T20:59:50.4033070Z #31 3.834   Downloading billiard-4.2.1-py3-none-any.whl.metadata (4.4 kB)
2025-08-20T20:59:50.4034056Z #31 3.903 Collecting kombu<6.0,>=5.3.4 (from celery==5.4.*->celery[redis]==5.4.*->-r fees_h10/requirements.txt (line 1))
2025-08-20T20:59:50.4035017Z #31 3.918   Downloading kombu-5.5.4-py3-none-any.whl.metadata (3.5 kB)
2025-08-20T20:59:50.4035945Z #31 3.961 Collecting vine<6.0,>=5.1.0 (from celery==5.4.*->celery[redis]==5.4.*->-r fees_h10/requirements.txt (line 1))
2025-08-20T20:59:50.4037208Z #31 3.978   Downloading vine-5.1.0-py3-none-any.whl.metadata (2.7 kB)
2025-08-20T20:59:50.4038129Z #31 4.036 Collecting click<9.0,>=8.1.2 (from celery==5.4.*->celery[redis]==5.4.*->-r fees_h10/requirements.txt (line 1))
2025-08-20T20:59:50.4039252Z #31 4.054   Downloading click-8.2.1-py3-none-any.whl.metadata (2.5 kB)
2025-08-20T20:59:50.4040254Z #31 4.104 Collecting click-didyoumean>=0.3.0 (from celery==5.4.*->celery[redis]==5.4.*->-r fees_h10/requirements.txt (line 1))
2025-08-20T20:59:50.4041317Z #31 4.120   Downloading click_didyoumean-0.3.1-py3-none-any.whl.metadata (3.9 kB)
2025-08-20T20:59:50.4042303Z #31 4.161 Collecting click-repl>=0.2.0 (from celery==5.4.*->celery[redis]==5.4.*->-r fees_h10/requirements.txt (line 1))
2025-08-20T20:59:50.4046432Z #31 4.181   Downloading click_repl-0.3.0-py3-none-any.whl.metadata (3.6 kB)
2025-08-20T20:59:50.4047558Z #31 4.222 Collecting click-plugins>=1.1.1 (from celery==5.4.*->celery[redis]==5.4.*->-r fees_h10/requirements.txt (line 1))
2025-08-20T20:59:50.4048853Z #31 4.241   Downloading click_plugins-1.1.1.2-py2.py3-none-any.whl.metadata (6.5 kB)
2025-08-20T20:59:50.4049904Z #31 4.294 Collecting tzdata>=2022.7 (from celery==5.4.*->celery[redis]==5.4.*->-r fees_h10/requirements.txt (line 1))
2025-08-20T20:59:50.4051191Z #31 4.310   Downloading tzdata-2025.2-py2.py3-none-any.whl.metadata (1.4 kB)
2025-08-20T20:59:50.4052365Z #31 4.355 Collecting python-dateutil>=2.8.2 (from celery==5.4.*->celery[redis]==5.4.*->-r fees_h10/requirements.txt (line 1))
2025-08-20T20:59:50.4053501Z #31 4.375   Downloading python_dateutil-2.9.0.post0-py2.py3-none-any.whl.metadata (8.4 kB)
2025-08-20T20:59:50.4054706Z #31 4.478 Collecting redis!=4.5.5,<6.0.0,>=4.5.2 (from celery[redis]==5.4.*->-r fees_h10/requirements.txt (line 1))
2025-08-20T20:59:50.4055605Z #31 4.499   Downloading redis-5.3.1-py3-none-any.whl.metadata (9.2 kB)
2025-08-20T20:59:50.4056372Z #31 4.549 Collecting anyio (from httpx->-r fees_h10/requirements.txt (line 3))
2025-08-20T20:59:50.4057161Z #31 4.566   Downloading anyio-4.10.0-py3-none-any.whl.metadata (4.0 kB)
2025-08-20T20:59:50.4057948Z #31 4.620 Collecting certifi (from httpx->-r fees_h10/requirements.txt (line 3))
2025-08-20T20:59:50.4059052Z #31 4.638   Downloading certifi-2025.8.3-py3-none-any.whl.metadata (2.4 kB)
2025-08-20T20:59:50.4059884Z #31 4.692 Collecting httpcore==1.* (from httpx->-r fees_h10/requirements.txt (line 3))
2025-08-20T20:59:50.4060701Z #31 4.707   Downloading httpcore-1.0.9-py3-none-any.whl.metadata (21 kB)
2025-08-20T20:59:50.4061475Z #31 4.752 Collecting idna (from httpx->-r fees_h10/requirements.txt (line 3))
2025-08-20T20:59:50.4062160Z #31 4.772   Downloading idna-3.10-py3-none-any.whl.metadata (10 kB)
2025-08-20T20:59:50.4062917Z #31 4.821 Collecting h11>=0.16 (from httpcore==1.*->httpx->-r fees_h10/requirements.txt (line 3))
2025-08-20T20:59:50.4063697Z #31 4.831   Downloading h11-0.16.0-py3-none-any.whl.metadata (8.3 kB)
2025-08-20T20:59:50.4064495Z #31 5.050 Collecting greenlet>=1 (from sqlalchemy->-r fees_h10/requirements.txt (line 4))
2025-08-20T20:59:50.4065482Z #31 5.069   Downloading greenlet-3.2.4-cp312-cp312-manylinux_2_24_x86_64.manylinux_2_28_x86_64.whl.metadata (4.1 kB)
2025-08-20T20:59:50.4066563Z #31 5.118 Collecting typing-extensions>=4.6.0 (from sqlalchemy->-r fees_h10/requirements.txt (line 4))
2025-08-20T20:59:50.4067529Z #31 5.138   Downloading typing_extensions-4.14.1-py3-none-any.whl.metadata (3.0 kB)
2025-08-20T20:59:50.4068858Z #31 5.257 Collecting prompt-toolkit>=3.0.36 (from click-repl>=0.2.0->celery==5.4.*->celery[redis]==5.4.*->-r fees_h10/requirements.txt (line 1))
2025-08-20T20:59:50.4069955Z #31 5.275   Downloading prompt_toolkit-3.0.51-py3-none-any.whl.metadata (6.4 kB)
2025-08-20T20:59:50.4071003Z #31 5.330 Collecting amqp<6.0.0,>=5.1.1 (from kombu<6.0,>=5.3.4->celery==5.4.*->celery[redis]==5.4.*->-r fees_h10/requirements.txt (line 1))
2025-08-20T20:59:50.4071938Z #31 5.348   Downloading amqp-5.3.1-py3-none-any.whl.metadata (8.9 kB)
2025-08-20T20:59:50.4073193Z #31 5.422 Collecting packaging (from kombu<6.0,>=5.3.4->celery==5.4.*->celery[redis]==5.4.*->-r fees_h10/requirements.txt (line 1))
2025-08-20T20:59:50.4074203Z #31 5.438   Downloading packaging-25.0-py3-none-any.whl.metadata (3.3 kB)
2025-08-20T20:59:50.4075211Z #31 5.481 Collecting six>=1.5 (from python-dateutil>=2.8.2->celery==5.4.*->celery[redis]==5.4.*->-r fees_h10/requirements.txt (line 1))
2025-08-20T20:59:50.4076233Z #31 5.498   Downloading six-1.17.0-py2.py3-none-any.whl.metadata (1.7 kB)
2025-08-20T20:59:50.4077184Z #31 5.540 Collecting PyJWT>=2.9.0 (from redis!=4.5.5,<6.0.0,>=4.5.2->celery[redis]==5.4.*->-r fees_h10/requirements.txt (line 1))
2025-08-20T20:59:50.4078141Z #31 5.557   Downloading PyJWT-2.10.1-py3-none-any.whl.metadata (4.0 kB)
2025-08-20T20:59:50.4079373Z #31 5.615 Collecting sniffio>=1.1 (from anyio->httpx->-r fees_h10/requirements.txt (line 3))
2025-08-20T20:59:50.4080215Z #31 5.636   Downloading sniffio-1.3.1-py3-none-any.whl.metadata (3.9 kB)
2025-08-20T20:59:50.4081326Z #31 5.692 Collecting wcwidth (from prompt-toolkit>=3.0.36->click-repl>=0.2.0->celery==5.4.*->celery[redis]==5.4.*->-r fees_h10/requirements.txt (line 1))
2025-08-20T20:59:50.4082449Z #31 5.713   Downloading wcwidth-0.2.13-py2.py3-none-any.whl.metadata (14 kB)
2025-08-20T20:59:50.4083173Z #31 5.743 Downloading celery-5.4.0-py3-none-any.whl (425 kB)
2025-08-20T20:59:50.4084046Z #31 5.807 Downloading asyncpg-0.30.0-cp312-cp312-manylinux_2_17_x86_64.manylinux2014_x86_64.whl (3.6 MB)
2025-08-20T20:59:50.4085400Z #31 5.866    ━━━━━━━━━━━━━━━━━━━━━━━━━━━━━━━━━━━━━━━━ 3.6/3.6 MB 62.2 MB/s eta 0:00:00
2025-08-20T20:59:50.4085828Z #31 5.882 Downloading httpx-0.28.1-py3-none-any.whl (73 kB)
2025-08-20T20:59:50.4086487Z #31 5.909 Downloading httpcore-1.0.9-py3-none-any.whl (78 kB)
2025-08-20T20:59:50.4087438Z #31 5.932 Downloading sqlalchemy-2.0.43-cp312-cp312-manylinux_2_17_x86_64.manylinux2014_x86_64.whl (3.3 MB)
2025-08-20T20:59:50.4088816Z #31 5.967    ━━━━━━━━━━━━━━━━━━━━━━━━━━━━━━━━━━━━━━━━ 3.3/3.3 MB 110.1 MB/s eta 0:00:00
2025-08-20T20:59:50.4089455Z #31 5.988 Downloading billiard-4.2.1-py3-none-any.whl (86 kB)
2025-08-20T20:59:50.4089867Z #31 6.011 Downloading click-8.2.1-py3-none-any.whl (102 kB)
2025-08-20T20:59:50.4090261Z #31 6.033 Downloading click_didyoumean-0.3.1-py3-none-any.whl (3.6 kB)
2025-08-20T20:59:50.4090698Z #31 6.057 Downloading click_plugins-1.1.1.2-py2.py3-none-any.whl (11 kB)
2025-08-20T20:59:50.4091094Z #31 6.076 Downloading click_repl-0.3.0-py3-none-any.whl (10 kB)
2025-08-20T20:59:50.4091572Z #31 6.103 Downloading greenlet-3.2.4-cp312-cp312-manylinux_2_24_x86_64.manylinux_2_28_x86_64.whl (607 kB)
2025-08-20T20:59:50.4092176Z #31 6.118    ━━━━━━━━━━━━━━━━━━━━━━━━━━━━━━━━━━━━━━━━ 607.6/607.6 kB 43.6 MB/s eta 0:00:00
2025-08-20T20:59:50.4092537Z #31 6.139 Downloading kombu-5.5.4-py3-none-any.whl (210 kB)
2025-08-20T20:59:50.4092893Z #31 6.162 Downloading vine-5.1.0-py3-none-any.whl (9.6 kB)
2025-08-20T20:59:50.4093293Z #31 6.189 Downloading python_dateutil-2.9.0.post0-py2.py3-none-any.whl (229 kB)
2025-08-20T20:59:50.4093709Z #31 6.217 Downloading redis-5.3.1-py3-none-any.whl (272 kB)
2025-08-20T20:59:50.4094085Z #31 6.240 Downloading typing_extensions-4.14.1-py3-none-any.whl (43 kB)
2025-08-20T20:59:50.4094477Z #31 6.281 Downloading tzdata-2025.2-py2.py3-none-any.whl (347 kB)
2025-08-20T20:59:50.5150066Z #31 6.305 Downloading anyio-4.10.0-py3-none-any.whl (107 kB)
2025-08-20T20:59:50.5151148Z #31 6.344 Downloading idna-3.10-py3-none-any.whl (70 kB)
2025-08-20T20:59:50.5151942Z #31 6.367 Downloading certifi-2025.8.3-py3-none-any.whl (161 kB)
2025-08-20T20:59:50.5152598Z #31 6.387 Downloading amqp-5.3.1-py3-none-any.whl (50 kB)
2025-08-20T20:59:50.5153156Z #31 6.411 Downloading h11-0.16.0-py3-none-any.whl (37 kB)
2025-08-20T20:59:50.5153615Z #31 ...
2025-08-20T20:59:50.5153768Z 
2025-08-20T20:59:50.5154399Z #13 [postgres 1/6] FROM docker.io/library/postgres:16@sha256:66a5efb5677ffac1037774a0e141fd3a4c035c9c0c0e624c9cc980dfa10f45e5
2025-08-20T20:59:50.5167097Z #13 extracting sha256:a1e4ad56dcecf442fba1cec05cd565ededfdc663e5172df9ef9394d96d4c96f8 5.4s done
2025-08-20T20:59:51.3208387Z #13 extracting sha256:987c1b4919ea2d87df20824aaef43a9de0575ac7df684579ad267c7e48c8eeea done
2025-08-20T20:59:51.4331447Z #13 extracting sha256:a858bd6d34e86a481a2e028e3ba489e662b3ac7713eba9a5d3bb97002c7d797e done
2025-08-20T20:59:51.4337148Z #13 extracting sha256:f1b3502db45ad485f0affe43e32fc81d699ddac01c023f198271a0a7e1cecd4c done
2025-08-20T20:59:51.4351043Z #13 extracting sha256:25ef78fb127c1934630de29a3d38f46e544360b1dcf5cfc09b25507fbe88fd75 done
2025-08-20T20:59:51.4352125Z #13 extracting sha256:240810240d04caaaccb11d51ba7c3a7f7d6f470ec2a80ee420a3d33899d9a303
2025-08-20T20:59:51.5328812Z #13 extracting sha256:240810240d04caaaccb11d51ba7c3a7f7d6f470ec2a80ee420a3d33899d9a303 done
2025-08-20T20:59:51.5333562Z #13 DONE 10.7s
2025-08-20T20:59:51.5334405Z 
2025-08-20T20:59:51.5336388Z #32 [api stage-1 3/6] RUN set -eux;     if [ -f /etc/apt/sources.list ]; then         sed -i 's|http://deb.debian.org|https://deb.debian.org|g' /etc/apt/sources.list;     fi;     apt-get update;     apt-get install -y --no-install-recommends tzdata postgresql-client curl;     rm -rf /var/lib/apt/lists/*
2025-08-20T20:59:51.5338231Z #32 0.250 + [ -f /etc/apt/sources.list ]
2025-08-20T20:59:51.5338835Z #32 0.250 + apt-get update
2025-08-20T20:59:51.5339343Z #32 0.353 Hit:1 http://deb.debian.org/debian trixie InRelease
2025-08-20T20:59:51.5340079Z #32 0.358 Get:2 http://deb.debian.org/debian trixie-updates InRelease [47.1 kB]
2025-08-20T20:59:51.5340946Z #32 0.404 Get:3 http://deb.debian.org/debian-security trixie-security InRelease [43.4 kB]
2025-08-20T20:59:51.5341816Z #32 0.430 Get:4 http://deb.debian.org/debian trixie/main amd64 Packages [9668 kB]
2025-08-20T20:59:51.5342698Z #32 0.590 Get:5 http://deb.debian.org/debian trixie-updates/main amd64 Packages [2432 B]
2025-08-20T20:59:51.5343699Z #32 0.614 Get:6 http://deb.debian.org/debian-security trixie-security/main amd64 Packages [20.5 kB]
2025-08-20T20:59:51.5344490Z #32 1.569 Fetched 9781 kB in 1s (7583 kB/s)
2025-08-20T20:59:51.5344959Z #32 1.569 Reading package lists...
2025-08-20T20:59:51.5345606Z #32 2.405 + apt-get install -y --no-install-recommends tzdata postgresql-client curl
2025-08-20T20:59:51.5346273Z #32 2.420 Reading package lists...
2025-08-20T20:59:51.5346703Z #32 3.241 Building dependency tree...
2025-08-20T20:59:51.5347145Z #32 3.445 Reading state information...
2025-08-20T20:59:51.5347660Z #32 3.629 tzdata is already the newest version (2025b-4).
2025-08-20T20:59:51.5348275Z #32 3.629 The following additional packages will be installed:
2025-08-20T20:59:51.5349163Z #32 3.629   libbrotli1 libcom-err2 libcurl4t64 libgdbm-compat4t64 libgnutls30t64
2025-08-20T20:59:51.5349945Z #32 3.629   libgssapi-krb5-2 libidn2-0 libk5crypto3 libkeyutils1 libkrb5-3
2025-08-20T20:59:51.5350782Z #32 3.629   libkrb5support0 libldap2 libnghttp2-14 libnghttp3-9 libp11-kit0 libperl5.40
2025-08-20T20:59:51.5351689Z #32 3.630   libpq5 libpsl5t64 librtmp1 libsasl2-2 libsasl2-modules-db libssh2-1t64
2025-08-20T20:59:51.5352515Z #32 3.630   libtasn1-6 libunistring5 perl perl-modules-5.40 postgresql-client-17
2025-08-20T20:59:51.5353247Z #32 3.630   postgresql-client-common sensible-utils
2025-08-20T20:59:51.5353746Z #32 3.631 Suggested packages:
2025-08-20T20:59:51.5354349Z #32 3.632   gnutls-bin krb5-doc krb5-user perl-doc libterm-readline-gnu-perl
2025-08-20T20:59:51.5355230Z #32 3.632   | libterm-readline-perl-perl make libtap-harness-archive-perl postgresql-17
2025-08-20T20:59:51.5355960Z #32 3.632   postgresql-doc-17
2025-08-20T20:59:51.5356377Z #32 3.632 Recommended packages:
2025-08-20T20:59:51.5357033Z #32 3.632   bash-completion krb5-locales libldap-common publicsuffix libsasl2-modules
2025-08-20T20:59:51.5357803Z #32 3.903 The following NEW packages will be installed:
2025-08-20T20:59:51.5358548Z #32 3.903   curl libbrotli1 libcom-err2 libcurl4t64 libgdbm-compat4t64 libgnutls30t64
2025-08-20T20:59:51.5391830Z #32 3.903   libgssapi-krb5-2 libidn2-0 libk5crypto3 libkeyutils1 libkrb5-3
2025-08-20T20:59:51.5392987Z #32 3.903   libkrb5support0 libldap2 libnghttp2-14 libnghttp3-9 libp11-kit0 libperl5.40
2025-08-20T20:59:51.5393917Z #32 3.903   libpq5 libpsl5t64 librtmp1 libsasl2-2 libsasl2-modules-db libssh2-1t64
2025-08-20T20:59:51.5394794Z #32 3.903   libtasn1-6 libunistring5 perl perl-modules-5.40 postgresql-client
2025-08-20T20:59:51.5403864Z #32 3.903   postgresql-client-17 postgresql-client-common sensible-utils
2025-08-20T20:59:51.5404676Z #32 3.963 0 upgraded, 31 newly installed, 0 to remove and 0 not upgraded.
2025-08-20T20:59:51.5405308Z #32 3.963 Need to get 14.9 MB of archives.
2025-08-20T20:59:51.5405952Z #32 3.963 After this operation, 78.1 MB of additional disk space will be used.
2025-08-20T20:59:51.5406894Z #32 3.963 Get:1 http://deb.debian.org/debian trixie/main amd64 sensible-utils all 0.0.25 [25.0 kB]
2025-08-20T20:59:51.5412917Z #32 3.979 Get:2 http://deb.debian.org/debian trixie/main amd64 perl-modules-5.40 all 5.40.1-6 [3019 kB]
2025-08-20T20:59:51.5414082Z #32 4.059 Get:3 http://deb.debian.org/debian trixie/main amd64 libgdbm-compat4t64 amd64 1.24-2 [50.3 kB]
2025-08-20T20:59:51.5415169Z #32 4.061 Get:4 http://deb.debian.org/debian trixie/main amd64 libperl5.40 amd64 5.40.1-6 [4341 kB]
2025-08-20T20:59:51.5433247Z #32 4.082 Get:5 http://deb.debian.org/debian trixie/main amd64 perl amd64 5.40.1-6 [267 kB]
2025-08-20T20:59:51.5436824Z #32 4.084 Get:6 http://deb.debian.org/debian trixie/main amd64 libbrotli1 amd64 1.1.0-2+b7 [307 kB]
2025-08-20T20:59:51.5437960Z #32 4.087 Get:7 http://deb.debian.org/debian trixie/main amd64 libkrb5support0 amd64 1.21.3-5 [33.0 kB]
2025-08-20T20:59:51.5439361Z #32 4.088 Get:8 http://deb.debian.org/debian trixie/main amd64 libcom-err2 amd64 1.47.2-3+b3 [25.0 kB]
2025-08-20T20:59:51.5440427Z #32 4.088 Get:9 http://deb.debian.org/debian trixie/main amd64 libk5crypto3 amd64 1.21.3-5 [81.5 kB]
2025-08-20T20:59:51.5441425Z #32 4.089 Get:10 http://deb.debian.org/debian trixie/main amd64 libkeyutils1 amd64 1.6.3-6 [9456 B]
2025-08-20T20:59:51.5479149Z #32 4.089 Get:11 http://deb.debian.org/debian trixie/main amd64 libkrb5-3 amd64 1.21.3-5 [326 kB]
2025-08-20T20:59:51.5480263Z #32 4.092 Get:12 http://deb.debian.org/debian trixie/main amd64 libgssapi-krb5-2 amd64 1.21.3-5 [138 kB]
2025-08-20T20:59:51.5481327Z #32 4.092 Get:13 http://deb.debian.org/debian trixie/main amd64 libunistring5 amd64 1.3-2 [477 kB]
2025-08-20T20:59:51.5482306Z #32 4.100 Get:14 http://deb.debian.org/debian trixie/main amd64 libidn2-0 amd64 2.3.8-2 [109 kB]
2025-08-20T20:59:51.5483381Z #32 4.102 Get:15 http://deb.debian.org/debian trixie/main amd64 libsasl2-modules-db amd64 2.1.28+dfsg1-9 [19.8 kB]
2025-08-20T20:59:51.5484498Z #32 4.115 Get:16 http://deb.debian.org/debian trixie/main amd64 libsasl2-2 amd64 2.1.28+dfsg1-9 [57.5 kB]
2025-08-20T20:59:51.5485563Z #32 4.117 Get:17 http://deb.debian.org/debian trixie/main amd64 libldap2 amd64 2.6.10+dfsg-1 [194 kB]
2025-08-20T20:59:51.5486592Z #32 4.118 Get:18 http://deb.debian.org/debian trixie/main amd64 libnghttp2-14 amd64 1.64.0-1.1 [76.0 kB]
2025-08-20T20:59:51.5487663Z #32 4.122 Get:19 http://deb.debian.org/debian trixie/main amd64 libnghttp3-9 amd64 1.8.0-1 [67.7 kB]
2025-08-20T20:59:51.5488921Z #32 4.123 Get:20 http://deb.debian.org/debian trixie/main amd64 libpsl5t64 amd64 0.21.2-1.1+b1 [57.2 kB]
2025-08-20T20:59:51.5489958Z #32 4.124 Get:21 http://deb.debian.org/debian trixie/main amd64 libp11-kit0 amd64 0.25.5-3 [425 kB]
2025-08-20T20:59:51.5490966Z #32 4.124 Get:22 http://deb.debian.org/debian trixie/main amd64 libtasn1-6 amd64 4.20.0-2 [49.9 kB]
2025-08-20T20:59:51.5491976Z #32 4.125 Get:23 http://deb.debian.org/debian trixie/main amd64 libgnutls30t64 amd64 3.8.9-3 [1465 kB]
2025-08-20T20:59:51.5493096Z #32 4.136 Get:24 http://deb.debian.org/debian trixie/main amd64 librtmp1 amd64 2.4+20151223.gitfa8646d.1-2+b5 [58.8 kB]
2025-08-20T20:59:51.5494227Z #32 4.136 Get:25 http://deb.debian.org/debian trixie/main amd64 libssh2-1t64 amd64 1.11.1-1 [245 kB]
2025-08-20T20:59:51.5495226Z #32 4.140 Get:26 http://deb.debian.org/debian trixie/main amd64 libcurl4t64 amd64 8.14.1-2 [391 kB]
2025-08-20T20:59:51.5496529Z #32 4.144 Get:27 http://deb.debian.org/debian trixie/main amd64 curl amd64 8.14.1-2 [269 kB]
2025-08-20T20:59:51.5497461Z #32 4.145 Get:28 http://deb.debian.org/debian trixie/main amd64 libpq5 amd64 17.5-1 [226 kB]
2025-08-20T20:59:51.5498486Z #32 4.148 Get:29 http://deb.debian.org/debian trixie/main amd64 postgresql-client-common all 278 [47.1 kB]
2025-08-20T20:59:51.5499780Z #32 4.149 Get:30 http://deb.debian.org/debian trixie/main amd64 postgresql-client-17 amd64 17.5-1 [2025 kB]
2025-08-20T20:59:51.5500846Z #32 4.161 Get:31 http://deb.debian.org/debian trixie/main amd64 postgresql-client all 17+278 [14.0 kB]
2025-08-20T20:59:51.5501618Z #32 6.051 Fetched 14.9 MB in 0s (61.1 MB/s)
2025-08-20T20:59:51.5502431Z #32 6.073 Selecting previously unselected package sensible-utils.
2025-08-20T20:59:51.5503026Z #32 6.073 (Reading database ... 
2025-08-20T20:59:51.5503446Z (Reading database ... 5%
2025-08-20T20:59:51.5503830Z (Reading database ... 10%
2025-08-20T20:59:51.5504206Z (Reading database ... 15%
2025-08-20T20:59:51.5504572Z (Reading database ... 20%
2025-08-20T20:59:51.5504944Z (Reading database ... 25%
2025-08-20T20:59:51.5505306Z (Reading database ... 30%
2025-08-20T20:59:51.5505678Z (Reading database ... 35%
2025-08-20T20:59:51.5506056Z (Reading database ... 40%
2025-08-20T20:59:51.5506436Z (Reading database ... 45%
2025-08-20T20:59:51.5506808Z (Reading database ... 50%
2025-08-20T20:59:51.5507170Z (Reading database ... 55%
2025-08-20T20:59:51.5507541Z (Reading database ... 60%
2025-08-20T20:59:51.5507911Z (Reading database ... 65%
2025-08-20T20:59:51.5508279Z (Reading database ... 70%
2025-08-20T20:59:51.5508799Z (Reading database ... 75%
2025-08-20T20:59:51.5509149Z (Reading database ... 80%
2025-08-20T20:59:51.5509492Z (Reading database ... 85%
2025-08-20T20:59:51.5509846Z (Reading database ... 90%
2025-08-20T20:59:51.5510185Z (Reading database ... 95%
2025-08-20T20:59:51.5510535Z (Reading database ... 100%
2025-08-20T20:59:51.5511056Z (Reading database ... 5643 files and directories currently installed.)
2025-08-20T20:59:51.5511780Z #32 6.082 Preparing to unpack .../00-sensible-utils_0.0.25_all.deb ...
2025-08-20T20:59:51.5512377Z #32 6.084 Unpacking sensible-utils (0.0.25) ...
2025-08-20T20:59:51.5512984Z #32 6.119 Selecting previously unselected package perl-modules-5.40.
2025-08-20T20:59:51.5513741Z #32 6.120 Preparing to unpack .../01-perl-modules-5.40_5.40.1-6_all.deb ...
2025-08-20T20:59:51.5514370Z #32 6.122 Unpacking perl-modules-5.40 (5.40.1-6) ...
2025-08-20T20:59:51.5515040Z #32 7.191 Selecting previously unselected package libgdbm-compat4t64:amd64.
2025-08-20T20:59:51.5515795Z #32 7.193 Preparing to unpack .../02-libgdbm-compat4t64_1.24-2_amd64.deb ...
2025-08-20T20:59:51.5516452Z #32 7.200 Unpacking libgdbm-compat4t64:amd64 (1.24-2) ...
2025-08-20T20:59:51.5517123Z #32 7.244 Selecting previously unselected package libperl5.40:amd64.
2025-08-20T20:59:51.5517822Z #32 7.246 Preparing to unpack .../03-libperl5.40_5.40.1-6_amd64.deb ...
2025-08-20T20:59:51.5518419Z #32 7.250 Unpacking libperl5.40:amd64 (5.40.1-6) ...
2025-08-20T20:59:51.9225530Z #32 7.806 Selecting previously unselected package perl.
2025-08-20T20:59:51.9227569Z #32 7.808 Preparing to unpack .../04-perl_5.40.1-6_amd64.deb ...
2025-08-20T20:59:51.9228170Z #32 7.811 Unpacking perl (5.40.1-6) ...
2025-08-20T20:59:51.9228980Z #32 7.851 Selecting previously unselected package libbrotli1:amd64.
2025-08-20T20:59:52.0649956Z #32 7.853 Preparing to unpack .../05-libbrotli1_1.1.0-2+b7_amd64.deb ...
2025-08-20T20:59:52.0650914Z #32 7.854 Unpacking libbrotli1:amd64 (1.1.0-2+b7) ...
2025-08-20T20:59:52.0670937Z #32 7.929 Selecting previously unselected package libkrb5support0:amd64.
2025-08-20T20:59:52.0673813Z #32 7.933 Preparing to unpack .../06-libkrb5support0_1.21.3-5_amd64.deb ...
2025-08-20T20:59:52.0676670Z #32 7.937 Unpacking libkrb5support0:amd64 (1.21.3-5) ...
2025-08-20T20:59:52.0678160Z #32 ...
2025-08-20T20:59:52.0680987Z 
2025-08-20T20:59:52.0682228Z #33 [postgres 2/6] RUN set -eux;     if [ -f /etc/apt/sources.list ]; then         sed -i 's|http://deb.debian.org|https://deb.debian.org|g' /etc/apt/sources.list;     fi;     apt-get update;     apt-get install -y locales;     locale-gen en_US.UTF-8;     rm -rf /var/lib/apt/lists/*
2025-08-20T20:59:52.0683721Z #33 0.283 + [ -f /etc/apt/sources.list ]
2025-08-20T20:59:52.0684144Z #33 0.283 + apt-get update
2025-08-20T20:59:52.0684626Z #33 0.376 Get:1 http://deb.debian.org/debian trixie InRelease [138 kB]
2025-08-20T20:59:52.0685408Z #33 0.394 Get:2 http://apt.postgresql.org/pub/repos/apt trixie-pgdg InRelease [107 kB]
2025-08-20T20:59:52.0687147Z #33 0.416 Get:3 http://deb.debian.org/debian trixie-updates InRelease [47.1 kB]
2025-08-20T20:59:52.0688495Z #33 0.437 Get:4 http://deb.debian.org/debian-security trixie-security InRelease [43.4 kB]
2025-08-20T20:59:52.0692559Z #33 0.452 Get:5 http://deb.debian.org/debian trixie/main amd64 Packages [9,668 kB]
2025-08-20T20:59:52.0694481Z #33 0.478 Get:6 http://apt.postgresql.org/pub/repos/apt trixie-pgdg/main amd64 Packages [334 kB]
2025-08-20T20:59:52.1831433Z #33 0.543 Get:7 http://apt.postgresql.org/pub/repos/apt trixie-pgdg/16 amd64 Packages [2,574 B]
2025-08-20T20:59:52.1833043Z #33 0.584 Get:8 http://deb.debian.org/debian trixie-updates/main amd64 Packages [2,432 B]
2025-08-20T20:59:52.1834318Z #33 0.585 Get:9 http://deb.debian.org/debian-security trixie-security/main amd64 Packages [20.5 kB]
2025-08-20T20:59:53.0208444Z #33 1.455 Fetched 10.4 MB in 1s (9,217 kB/s)
2025-08-20T20:59:53.8298349Z #33 1.455 Reading package lists...
2025-08-20T20:59:53.9956547Z #33 2.312 + apt-get install -y locales
2025-08-20T20:59:54.1070577Z #33 2.328 Reading package lists...
2025-08-20T20:59:54.1077256Z #33 ...
2025-08-20T20:59:54.1077451Z 
2025-08-20T20:59:54.1078067Z #34 [etl base 4/5] RUN if [ -n "" ] && [ -f "" ]; then         pip install -r requirements.txt -c "";     else         pip install -r requirements.txt;     fi
2025-08-20T20:59:54.1079307Z #34 2.919 Collecting keepa==1.3.14 (from -r requirements.txt (line 1))
2025-08-20T20:59:54.1080073Z #34 2.985   Downloading keepa-1.3.14-py3-none-any.whl.metadata (10 kB)
2025-08-20T20:59:54.1080822Z #34 3.062 Collecting minio==7.1.15 (from -r requirements.txt (line 2))
2025-08-20T20:59:54.1081575Z #34 3.075   Downloading minio-7.1.15-py3-none-any.whl.metadata (4.2 kB)
2025-08-20T20:59:54.1082320Z #34 3.173 Collecting celery==5.3.* (from -r requirements.txt (line 3))
2025-08-20T20:59:54.1083057Z #34 3.186   Downloading celery-5.3.6-py3-none-any.whl.metadata (21 kB)
2025-08-20T20:59:54.1083778Z #34 3.286 Collecting redis==5.* (from -r requirements.txt (line 4))
2025-08-20T20:59:54.1084485Z #34 3.298   Downloading redis-5.3.1-py3-none-any.whl.metadata (9.2 kB)
2025-08-20T20:59:54.1085286Z #34 3.461 Collecting python-amazon-sp-api==0.8.0 (from -r requirements.txt (line 5))
2025-08-20T20:59:54.1086202Z #34 3.477   Downloading python_amazon_sp_api-0.8.0-py3-none-any.whl.metadata (3.2 kB)
2025-08-20T20:59:54.1087104Z #34 3.525 Collecting pydantic-settings==2.2.1 (from -r requirements.txt (line 6))
2025-08-20T20:59:54.1088001Z #34 3.541   Downloading pydantic_settings-2.2.1-py3-none-any.whl.metadata (3.1 kB)
2025-08-20T20:59:54.1088957Z #34 3.879 Collecting numpy<2 (from -r requirements.txt (line 7))
2025-08-20T20:59:54.1089836Z #34 3.894   Downloading numpy-1.26.4-cp312-cp312-manylinux_2_17_x86_64.manylinux2014_x86_64.whl.metadata (61 kB)
2025-08-20T20:59:54.1090808Z #34 4.098 Collecting pandas==2.2.* (from -r requirements.txt (line 8))
2025-08-20T20:59:54.1091769Z #34 4.112   Downloading pandas-2.2.3-cp312-cp312-manylinux_2_17_x86_64.manylinux2014_x86_64.whl.metadata (89 kB)
2025-08-20T20:59:54.1092721Z #34 4.252 Collecting pandera==0.19.* (from -r requirements.txt (line 9))
2025-08-20T20:59:54.1093500Z #34 4.266   Downloading pandera-0.19.3-py3-none-any.whl.metadata (15 kB)
2025-08-20T20:59:54.1094274Z #34 4.333 Collecting openpyxl==3.1.* (from -r requirements.txt (line 10))
2025-08-20T20:59:54.1095074Z #34 4.347   Downloading openpyxl-3.1.5-py2.py3-none-any.whl.metadata (2.5 kB)
2025-08-20T20:59:54.1096269Z #34 4.493 Collecting psycopg2-binary==2.9.* (from -r requirements.txt (line 11))
2025-08-20T20:59:54.1097372Z #34 4.509   Downloading psycopg2_binary-2.9.10-cp312-cp312-manylinux_2_17_x86_64.manylinux2014_x86_64.whl.metadata (4.9 kB)
2025-08-20T20:59:54.1098484Z #34 4.583 Collecting requests>=2.2 (from keepa==1.3.14->-r requirements.txt (line 1))
2025-08-20T20:59:54.1130880Z #34 4.595   Downloading requests-2.32.5-py3-none-any.whl.metadata (4.9 kB)
2025-08-20T20:59:54.1131661Z #34 4.672 Collecting tqdm (from keepa==1.3.14->-r requirements.txt (line 1))
2025-08-20T20:59:54.1132465Z #34 4.684   Downloading tqdm-4.67.1-py3-none-any.whl.metadata (57 kB)
2025-08-20T20:59:54.1133243Z #34 5.437 Collecting aiohttp (from keepa==1.3.14->-r requirements.txt (line 1))
2025-08-20T20:59:54.1134508Z #34 5.449   Downloading aiohttp-3.12.15-cp312-cp312-manylinux_2_17_x86_64.manylinux2014_x86_64.whl.metadata (7.7 kB)
2025-08-20T20:59:54.1135561Z #34 5.637 Collecting pydantic (from keepa==1.3.14->-r requirements.txt (line 1))
2025-08-20T20:59:54.1136366Z #34 5.651   Downloading pydantic-2.11.7-py3-none-any.whl.metadata (67 kB)
2025-08-20T20:59:54.1137157Z #34 5.710 Collecting certifi (from minio==7.1.15->-r requirements.txt (line 2))
2025-08-20T20:59:54.1137962Z #34 5.728   Downloading certifi-2025.8.3-py3-none-any.whl.metadata (2.4 kB)
2025-08-20T20:59:54.1138957Z #34 5.776 Collecting urllib3 (from minio==7.1.15->-r requirements.txt (line 2))
2025-08-20T20:59:54.1139739Z #34 5.788   Downloading urllib3-2.5.0-py3-none-any.whl.metadata (6.5 kB)
2025-08-20T20:59:54.1140569Z #34 5.846 Collecting billiard<5.0,>=4.2.0 (from celery==5.3.*->-r requirements.txt (line 3))
2025-08-20T20:59:54.1141442Z #34 5.859   Downloading billiard-4.2.1-py3-none-any.whl.metadata (4.4 kB)
2025-08-20T20:59:54.1142325Z #34 5.891 Collecting click-didyoumean>=0.3.0 (from celery==5.3.*->-r requirements.txt (line 3))
2025-08-20T20:59:54.1143249Z #34 5.902   Downloading click_didyoumean-0.3.1-py3-none-any.whl.metadata (3.9 kB)
2025-08-20T20:59:54.1144149Z #34 5.946 Collecting click-plugins>=1.1.1 (from celery==5.3.*->-r requirements.txt (line 3))
2025-08-20T20:59:54.1145067Z #34 5.960   Downloading click_plugins-1.1.1.2-py2.py3-none-any.whl.metadata (6.5 kB)
2025-08-20T20:59:54.1145966Z #34 5.996 Collecting click-repl>=0.2.0 (from celery==5.3.*->-r requirements.txt (line 3))
2025-08-20T20:59:54.1146826Z #34 6.008   Downloading click_repl-0.3.0-py3-none-any.whl.metadata (3.6 kB)
2025-08-20T20:59:54.1147625Z #34 6.052 Collecting click<9.0,>=8.1.2 (from celery==5.3.*->-r requirements.txt (line 3))
2025-08-20T20:59:54.1148414Z #34 6.064   Downloading click-8.2.1-py3-none-any.whl.metadata (2.5 kB)
2025-08-20T20:59:54.1149401Z #34 6.137 Collecting kombu<6.0,>=5.3.4 (from celery==5.3.*->-r requirements.txt (line 3))
2025-08-20T20:59:54.1150215Z #34 6.156   Downloading kombu-5.5.4-py3-none-any.whl.metadata (3.5 kB)
2025-08-20T20:59:54.1151063Z #34 6.214 Collecting python-dateutil>=2.8.2 (from celery==5.3.*->-r requirements.txt (line 3))
2025-08-20T20:59:54.1152046Z #34 6.228   Downloading python_dateutil-2.9.0.post0-py2.py3-none-any.whl.metadata (8.4 kB)
2025-08-20T20:59:54.1152970Z #34 6.293 Collecting tzdata>=2022.7 (from celery==5.3.*->-r requirements.txt (line 3))
2025-08-20T20:59:54.1153808Z #34 6.305   Downloading tzdata-2025.2-py2.py3-none-any.whl.metadata (1.4 kB)
2025-08-20T20:59:54.1154622Z #34 6.356 Collecting vine<6.0,>=5.1.0 (from celery==5.3.*->-r requirements.txt (line 3))
2025-08-20T20:59:54.1155398Z #34 6.367   Downloading vine-5.1.0-py3-none-any.whl.metadata (2.7 kB)
2025-08-20T20:59:54.1156157Z #34 6.409 Collecting PyJWT>=2.9.0 (from redis==5.*->-r requirements.txt (line 4))
2025-08-20T20:59:54.1156944Z #34 6.442   Downloading PyJWT-2.10.1-py3-none-any.whl.metadata (4.0 kB)
2025-08-20T20:59:54.1157803Z #34 6.952 Collecting six<2,>=1.15 (from python-amazon-sp-api==0.8.0->-r requirements.txt (line 5))
2025-08-20T20:59:54.1158887Z #34 6.963   Downloading six-1.17.0-py2.py3-none-any.whl.metadata (1.7 kB)
2025-08-20T20:59:54.1160078Z #34 7.747 Collecting boto3<2,>=1.16.39 (from python-amazon-sp-api==0.8.0->-r requirements.txt (line 5))
2025-08-20T20:59:54.1160961Z #34 7.761   Downloading boto3-1.40.14-py3-none-any.whl.metadata (6.7 kB)
2025-08-20T20:59:54.1161879Z #34 7.811 Collecting cachetools~=4.2.0 (from python-amazon-sp-api==0.8.0->-r requirements.txt (line 5))
2025-08-20T20:59:54.1162813Z #34 7.823   Downloading cachetools-4.2.4-py3-none-any.whl.metadata (4.8 kB)
2025-08-20T20:59:54.1163747Z #34 7.990 Collecting pycryptodome (from python-amazon-sp-api==0.8.0->-r requirements.txt (line 5))
2025-08-20T20:59:54.1164869Z #34 8.005   Downloading pycryptodome-3.23.0-cp37-abi3-manylinux_2_17_x86_64.manylinux2014_x86_64.whl.metadata (3.4 kB)
2025-08-20T20:59:54.1166165Z #34 8.083 Collecting pytz (from python-amazon-sp-api==0.8.0->-r requirements.txt (line 5))
2025-08-20T20:59:54.1167074Z #34 8.094   Downloading pytz-2025.2-py2.py3-none-any.whl.metadata (22 kB)
2025-08-20T20:59:54.1167989Z #34 8.139 Collecting confuse~=1.4.0 (from python-amazon-sp-api==0.8.0->-r requirements.txt (line 5))
2025-08-20T20:59:54.1169095Z #34 8.155   Downloading confuse-1.4.0-py2.py3-none-any.whl.metadata (3.8 kB)
2025-08-20T20:59:54.1170043Z #34 8.226 Collecting python-dotenv>=0.21.0 (from pydantic-settings==2.2.1->-r requirements.txt (line 6))
2025-08-20T20:59:54.1171013Z #34 8.239   Downloading python_dotenv-1.1.1-py3-none-any.whl.metadata (24 kB)
2025-08-20T20:59:54.1171894Z #34 8.299 Collecting multimethod<=1.10.0 (from pandera==0.19.*->-r requirements.txt (line 9))
2025-08-20T20:59:54.1172767Z #34 8.317   Downloading multimethod-1.10-py3-none-any.whl.metadata (8.2 kB)
2025-08-20T20:59:54.1173629Z #34 8.377 Collecting packaging>=20.0 (from pandera==0.19.*->-r requirements.txt (line 9))
2025-08-20T20:59:54.1174472Z #34 8.389   Downloading packaging-25.0-py3-none-any.whl.metadata (3.3 kB)
2025-08-20T20:59:54.1175306Z #34 8.445 Collecting typeguard (from pandera==0.19.*->-r requirements.txt (line 9))
2025-08-20T20:59:54.1176155Z #34 8.457   Downloading typeguard-4.4.4-py3-none-any.whl.metadata (3.3 kB)
2025-08-20T20:59:54.1177032Z #34 8.509 Collecting typing-inspect>=0.6.0 (from pandera==0.19.*->-r requirements.txt (line 9))
2025-08-20T20:59:54.1177941Z #34 8.525   Downloading typing_inspect-0.9.0-py3-none-any.whl.metadata (1.5 kB)
2025-08-20T20:59:54.1184257Z #34 8.707 Collecting wrapt (from pandera==0.19.*->-r requirements.txt (line 9))
2025-08-20T20:59:54.1185407Z #34 8.719   Downloading wrapt-1.17.3-cp312-cp312-manylinux1_x86_64.manylinux_2_28_x86_64.manylinux_2_5_x86_64.whl.metadata (6.4 kB)
2025-08-20T20:59:54.1186555Z #34 8.751 Collecting et-xmlfile (from openpyxl==3.1.*->-r requirements.txt (line 10))
2025-08-20T20:59:54.1187397Z #34 8.763   Downloading et_xmlfile-2.0.0-py3-none-any.whl.metadata (2.7 kB)
2025-08-20T20:59:54.1188424Z #34 9.373 Collecting botocore<1.41.0,>=1.40.14 (from boto3<2,>=1.16.39->python-amazon-sp-api==0.8.0->-r requirements.txt (line 5))
2025-08-20T20:59:54.1189610Z #34 9.388   Downloading botocore-1.40.14-py3-none-any.whl.metadata (5.7 kB)
2025-08-20T20:59:54.1190623Z #34 9.424 Collecting jmespath<2.0.0,>=0.7.1 (from boto3<2,>=1.16.39->python-amazon-sp-api==0.8.0->-r requirements.txt (line 5))
2025-08-20T20:59:54.1191615Z #34 9.437   Downloading jmespath-1.0.1-py3-none-any.whl.metadata (7.6 kB)
2025-08-20T20:59:54.1192611Z #34 9.490 Collecting s3transfer<0.14.0,>=0.13.0 (from boto3<2,>=1.16.39->python-amazon-sp-api==0.8.0->-r requirements.txt (line 5))
2025-08-20T20:59:54.1193631Z #34 9.501   Downloading s3transfer-0.13.1-py3-none-any.whl.metadata (1.7 kB)
2025-08-20T20:59:54.1194597Z #34 9.603 Collecting prompt-toolkit>=3.0.36 (from click-repl>=0.2.0->celery==5.3.*->-r requirements.txt (line 3))
2025-08-20T20:59:54.1195593Z #34 9.616   Downloading prompt_toolkit-3.0.51-py3-none-any.whl.metadata (6.4 kB)
2025-08-20T20:59:54.1196582Z #34 9.727 Collecting pyyaml (from confuse~=1.4.0->python-amazon-sp-api==0.8.0->-r requirements.txt (line 5))
2025-08-20T20:59:54.1197710Z #34 9.740   Downloading PyYAML-6.0.2-cp312-cp312-manylinux_2_17_x86_64.manylinux2014_x86_64.whl.metadata (2.1 kB)
2025-08-20T20:59:54.1204008Z #34 9.887 Collecting amqp<6.0.0,>=5.1.1 (from kombu<6.0,>=5.3.4->celery==5.3.*->-r requirements.txt (line 3))
2025-08-20T20:59:54.1204891Z #34 9.902   Downloading amqp-5.3.1-py3-none-any.whl.metadata (8.9 kB)
2025-08-20T20:59:54.1205905Z #34 9.986 Collecting annotated-types>=0.6.0 (from pydantic->keepa==1.3.14->-r requirements.txt (line 1))
2025-08-20T20:59:54.2621120Z #34 10.00   Downloading annotated_types-0.7.0-py3-none-any.whl.metadata (15 kB)
2025-08-20T20:59:54.2621792Z #34 ...
2025-08-20T20:59:54.2624649Z 
2025-08-20T20:59:54.2628749Z #35 [api base  4/13] RUN pip install --no-cache-dir -r requirements.txt
2025-08-20T20:59:54.2650566Z #35 2.994 Collecting uvicorn==0.29.0 (from -r requirements.txt (line 1))
2025-08-20T20:59:54.2655373Z #35 3.072   Downloading uvicorn-0.29.0-py3-none-any.whl.metadata (6.3 kB)
2025-08-20T20:59:54.2659738Z #35 3.111 Collecting pydantic-settings==2.2.1 (from -r requirements.txt (line 2))
2025-08-20T20:59:54.2662810Z #35 3.131   Downloading pydantic_settings-2.2.1-py3-none-any.whl.metadata (3.1 kB)
2025-08-20T20:59:54.2719631Z #35 3.220 Collecting fastapi==0.111.0 (from -r requirements.txt (line 3))
2025-08-20T20:59:54.2720956Z #35 3.237   Downloading fastapi-0.111.0-py3-none-any.whl.metadata (25 kB)
2025-08-20T20:59:54.2722126Z #35 3.756 Collecting sqlalchemy==2.0.29 (from -r requirements.txt (line 4))
2025-08-20T20:59:54.2723456Z #35 3.780   Downloading SQLAlchemy-2.0.29-cp312-cp312-manylinux_2_17_x86_64.manylinux2014_x86_64.whl.metadata (9.6 kB)
2025-08-20T20:59:54.2749352Z #35 3.842 Collecting alembic==1.13.1 (from -r requirements.txt (line 5))
2025-08-20T20:59:54.2750183Z #35 3.861   Downloading alembic-1.13.1-py3-none-any.whl.metadata (7.4 kB)
2025-08-20T20:59:54.2751145Z #35 3.901 Collecting psycopg==3.2.9 (from psycopg[binary]==3.2.9->-r requirements.txt (line 6))
2025-08-20T20:59:54.2752037Z #35 3.917   Downloading psycopg-3.2.9-py3-none-any.whl.metadata (4.5 kB)
2025-08-20T20:59:54.2752827Z #35 3.956 Collecting httpx==0.27.2 (from -r requirements.txt (line 7))
2025-08-20T20:59:54.2753549Z #35 3.973   Downloading httpx-0.27.2-py3-none-any.whl.metadata (7.1 kB)
2025-08-20T20:59:54.2754322Z #35 4.037 Collecting asyncpg==0.29.0 (from -r requirements.txt (line 8))
2025-08-20T20:59:54.2755321Z #35 4.053   Downloading asyncpg-0.29.0-cp312-cp312-manylinux_2_17_x86_64.manylinux2014_x86_64.whl.metadata (4.4 kB)
2025-08-20T20:59:54.2756301Z #35 4.544 Collecting boto3==1.34.162 (from -r requirements.txt (line 9))
2025-08-20T20:59:54.2757079Z #35 4.561   Downloading boto3-1.34.162-py3-none-any.whl.metadata (6.6 kB)
2025-08-20T20:59:54.2757836Z #35 4.592 Collecting Jinja2==3.1.5 (from -r requirements.txt (line 10))
2025-08-20T20:59:54.2758758Z #35 4.610   Downloading jinja2-3.1.5-py3-none-any.whl.metadata (2.6 kB)
2025-08-20T20:59:54.2759531Z #35 4.683 Collecting celery==5.3.* (from -r requirements.txt (line 11))
2025-08-20T20:59:54.2760290Z #35 4.700   Downloading celery-5.3.6-py3-none-any.whl.metadata (21 kB)
2025-08-20T20:59:54.2761077Z #35 4.766 Collecting structlog==24.1.0 (from -r requirements.txt (line 12))
2025-08-20T20:59:54.2761887Z #35 4.787   Downloading structlog-24.1.0-py3-none-any.whl.metadata (6.9 kB)
2025-08-20T20:59:54.2762748Z #35 4.833 Collecting asgi-correlation-id==4.3.1 (from -r requirements.txt (line 13))
2025-08-20T20:59:54.2763646Z #35 4.852   Downloading asgi_correlation_id-4.3.1-py3-none-any.whl.metadata (28 kB)
2025-08-20T20:59:54.2764520Z #35 4.880 Collecting fastapi-limiter==0.1.6 (from -r requirements.txt (line 14))
2025-08-20T20:59:54.2765383Z #35 4.902   Downloading fastapi_limiter-0.1.6-py3-none-any.whl.metadata (5.3 kB)
2025-08-20T20:59:54.2766189Z #35 4.979 Collecting redis==5.0.8 (from -r requirements.txt (line 15))
2025-08-20T20:59:54.2766943Z #35 4.997   Downloading redis-5.0.8-py3-none-any.whl.metadata (9.2 kB)
2025-08-20T20:59:54.2767950Z #35 5.095 Collecting sentry-sdk==2.9.0 (from sentry-sdk[celery,fastapi,sqlalchemy]==2.9.0->-r requirements.txt (line 16))
2025-08-20T20:59:54.2769593Z #35 5.114   Downloading sentry_sdk-2.9.0-py2.py3-none-any.whl.metadata (14 kB)
2025-08-20T20:59:54.2770407Z #35 5.253 Collecting click>=7.0 (from uvicorn==0.29.0->-r requirements.txt (line 1))
2025-08-20T20:59:54.2771175Z #35 5.273   Downloading click-8.2.1-py3-none-any.whl.metadata (2.5 kB)
2025-08-20T20:59:54.2771911Z #35 5.300 Collecting h11>=0.8 (from uvicorn==0.29.0->-r requirements.txt (line 1))
2025-08-20T20:59:54.2772638Z #35 5.314   Downloading h11-0.16.0-py3-none-any.whl.metadata (8.3 kB)
2025-08-20T20:59:54.2773464Z #35 5.491 Collecting pydantic>=2.3.0 (from pydantic-settings==2.2.1->-r requirements.txt (line 2))
2025-08-20T20:59:54.2774330Z #35 5.508   Downloading pydantic-2.11.7-py3-none-any.whl.metadata (67 kB)
2025-08-20T20:59:54.2775460Z #35 5.564 Collecting python-dotenv>=0.21.0 (from pydantic-settings==2.2.1->-r requirements.txt (line 2))
2025-08-20T20:59:54.2776385Z #35 5.578   Downloading python_dotenv-1.1.1-py3-none-any.whl.metadata (24 kB)
2025-08-20T20:59:54.2777248Z #35 5.636 Collecting starlette<0.38.0,>=0.37.2 (from fastapi==0.111.0->-r requirements.txt (line 3))
2025-08-20T20:59:54.2778101Z #35 5.652   Downloading starlette-0.37.2-py3-none-any.whl.metadata (5.9 kB)
2025-08-20T20:59:54.2839313Z #35 5.752 Collecting typing-extensions>=4.8.0 (from fastapi==0.111.0->-r requirements.txt (line 3))
2025-08-20T20:59:54.2840314Z #35 5.770   Downloading typing_extensions-4.14.1-py3-none-any.whl.metadata (3.0 kB)
2025-08-20T20:59:54.2841222Z #35 5.795 Collecting fastapi-cli>=0.0.2 (from fastapi==0.111.0->-r requirements.txt (line 3))
2025-08-20T20:59:54.2842071Z #35 5.811   Downloading fastapi_cli-0.0.8-py3-none-any.whl.metadata (6.3 kB)
2025-08-20T20:59:54.2842965Z #35 5.852 Collecting python-multipart>=0.0.7 (from fastapi==0.111.0->-r requirements.txt (line 3))
2025-08-20T20:59:54.2843892Z #35 5.870   Downloading python_multipart-0.0.20-py3-none-any.whl.metadata (1.8 kB)
2025-08-20T20:59:54.2844850Z #35 5.968 Collecting ujson!=4.0.2,!=4.1.0,!=4.2.0,!=4.3.0,!=5.0.0,!=5.1.0,>=4.0.1 (from fastapi==0.111.0->-r requirements.txt (line 3))
2025-08-20T20:59:54.2845921Z #35 5.984   Downloading ujson-5.11.0-cp312-cp312-manylinux_2_24_x86_64.manylinux_2_28_x86_64.whl.metadata (9.4 kB)
2025-08-20T20:59:54.2846894Z #35 6.316 Collecting orjson>=3.2.1 (from fastapi==0.111.0->-r requirements.txt (line 3))
2025-08-20T20:59:54.2847835Z #35 6.332   Downloading orjson-3.11.2-cp312-cp312-manylinux_2_17_x86_64.manylinux2014_x86_64.whl.metadata (1.2 kB)
2025-08-20T20:59:54.2849008Z #35 6.363 Collecting email_validator>=2.0.0 (from fastapi==0.111.0->-r requirements.txt (line 3))
2025-08-20T20:59:54.2849907Z #35 6.381   Downloading email_validator-2.2.0-py3-none-any.whl.metadata (25 kB)
2025-08-20T20:59:54.2850768Z #35 6.551 Collecting greenlet!=0.4.17 (from sqlalchemy==2.0.29->-r requirements.txt (line 4))
2025-08-20T20:59:54.2851802Z #35 6.786   Downloading greenlet-3.2.4-cp312-cp312-manylinux_2_24_x86_64.manylinux_2_28_x86_64.whl.metadata (4.1 kB)
2025-08-20T20:59:54.2852773Z #35 6.899 Collecting Mako (from alembic==1.13.1->-r requirements.txt (line 5))
2025-08-20T20:59:54.2853506Z #35 6.974   Downloading mako-1.3.10-py3-none-any.whl.metadata (2.9 kB)
2025-08-20T20:59:54.2854237Z #35 7.008 Collecting anyio (from httpx==0.27.2->-r requirements.txt (line 7))
2025-08-20T20:59:54.2854981Z #35 7.024   Downloading anyio-4.10.0-py3-none-any.whl.metadata (4.0 kB)
2025-08-20T20:59:54.2855726Z #35 7.053 Collecting certifi (from httpx==0.27.2->-r requirements.txt (line 7))
2025-08-20T20:59:54.2856513Z #35 7.084   Downloading certifi-2025.8.3-py3-none-any.whl.metadata (2.4 kB)
2025-08-20T20:59:54.2857315Z #35 7.116 Collecting httpcore==1.* (from httpx==0.27.2->-r requirements.txt (line 7))
2025-08-20T20:59:54.2858109Z #35 7.132   Downloading httpcore-1.0.9-py3-none-any.whl.metadata (21 kB)
2025-08-20T20:59:54.2859003Z #35 7.160 Collecting idna (from httpx==0.27.2->-r requirements.txt (line 7))
2025-08-20T20:59:54.2859755Z #35 7.177   Downloading idna-3.10-py3-none-any.whl.metadata (10 kB)
2025-08-20T20:59:54.2860809Z #35 7.204 Collecting sniffio (from httpx==0.27.2->-r requirements.txt (line 7))
2025-08-20T20:59:54.2861608Z #35 7.223   Downloading sniffio-1.3.1-py3-none-any.whl.metadata (3.9 kB)
2025-08-20T20:59:54.2862482Z #35 7.973 Collecting botocore<1.35.0,>=1.34.162 (from boto3==1.34.162->-r requirements.txt (line 9))
2025-08-20T20:59:54.2863371Z #35 7.990   Downloading botocore-1.34.162-py3-none-any.whl.metadata (5.7 kB)
2025-08-20T20:59:54.2864247Z #35 8.023 Collecting jmespath<2.0.0,>=0.7.1 (from boto3==1.34.162->-r requirements.txt (line 9))
2025-08-20T20:59:54.2865098Z #35 8.039   Downloading jmespath-1.0.1-py3-none-any.whl.metadata (7.6 kB)
2025-08-20T20:59:54.2865957Z #35 8.073 Collecting s3transfer<0.11.0,>=0.10.0 (from boto3==1.34.162->-r requirements.txt (line 9))
2025-08-20T20:59:54.2867039Z #35 8.089   Downloading s3transfer-0.10.4-py3-none-any.whl.metadata (1.7 kB)
2025-08-20T20:59:54.2867903Z #35 8.172 Collecting MarkupSafe>=2.0 (from Jinja2==3.1.5->-r requirements.txt (line 10))
2025-08-20T20:59:54.2929267Z #35 8.191   Downloading MarkupSafe-3.0.2-cp312-cp312-manylinux_2_17_x86_64.manylinux2014_x86_64.whl.metadata (4.0 kB)
2025-08-20T20:59:54.2930411Z #35 8.238 Collecting billiard<5.0,>=4.2.0 (from celery==5.3.*->-r requirements.txt (line 11))
2025-08-20T20:59:54.2931238Z #35 8.252   Downloading billiard-4.2.1-py3-none-any.whl.metadata (4.4 kB)
2025-08-20T20:59:54.2932164Z #35 8.280 Collecting click-didyoumean>=0.3.0 (from celery==5.3.*->-r requirements.txt (line 11))
2025-08-20T20:59:54.2933095Z #35 8.297   Downloading click_didyoumean-0.3.1-py3-none-any.whl.metadata (3.9 kB)
2025-08-20T20:59:54.2933999Z #35 8.319 Collecting click-plugins>=1.1.1 (from celery==5.3.*->-r requirements.txt (line 11))
2025-08-20T20:59:54.2934915Z #35 8.337   Downloading click_plugins-1.1.1.2-py2.py3-none-any.whl.metadata (6.5 kB)
2025-08-20T20:59:54.2935833Z #35 8.360 Collecting click-repl>=0.2.0 (from celery==5.3.*->-r requirements.txt (line 11))
2025-08-20T20:59:54.2936692Z #35 8.375   Downloading click_repl-0.3.0-py3-none-any.whl.metadata (3.6 kB)
2025-08-20T20:59:54.2937504Z #35 8.448 Collecting kombu<6.0,>=5.3.4 (from celery==5.3.*->-r requirements.txt (line 11))
2025-08-20T20:59:54.2938308Z #35 8.465   Downloading kombu-5.5.4-py3-none-any.whl.metadata (3.5 kB)
2025-08-20T20:59:54.2939333Z #35 8.502 Collecting python-dateutil>=2.8.2 (from celery==5.3.*->-r requirements.txt (line 11))
2025-08-20T20:59:54.2940329Z #35 8.518   Downloading python_dateutil-2.9.0.post0-py2.py3-none-any.whl.metadata (8.4 kB)
2025-08-20T20:59:54.2941259Z #35 8.547 Collecting tzdata>=2022.7 (from celery==5.3.*->-r requirements.txt (line 11))
2025-08-20T20:59:54.2942103Z #35 8.571   Downloading tzdata-2025.2-py2.py3-none-any.whl.metadata (1.4 kB)
2025-08-20T20:59:54.2942933Z #35 8.598 Collecting vine<6.0,>=5.1.0 (from celery==5.3.*->-r requirements.txt (line 11))
2025-08-20T20:59:54.2943726Z #35 8.616   Downloading vine-5.1.0-py3-none-any.whl.metadata (2.7 kB)
2025-08-20T20:59:54.2944796Z #35 8.703 Collecting urllib3>=1.26.11 (from sentry-sdk==2.9.0->sentry-sdk[celery,fastapi,sqlalchemy]==2.9.0->-r requirements.txt (line 16))
2025-08-20T20:59:54.2945882Z #35 8.720   Downloading urllib3-2.5.0-py3-none-any.whl.metadata (6.5 kB)
2025-08-20T20:59:54.2946794Z #35 8.929 Collecting psycopg-binary==3.2.9 (from psycopg[binary]==3.2.9->-r requirements.txt (line 6))
2025-08-20T20:59:54.2947957Z #35 8.949   Downloading psycopg_binary-3.2.9-cp312-cp312-manylinux_2_17_x86_64.manylinux2014_x86_64.whl.metadata (2.9 kB)
2025-08-20T20:59:54.2949313Z #35 9.159 Collecting prompt-toolkit>=3.0.36 (from click-repl>=0.2.0->celery==5.3.*->-r requirements.txt (line 11))
2025-08-20T20:59:54.2950319Z #35 9.176   Downloading prompt_toolkit-3.0.51-py3-none-any.whl.metadata (6.4 kB)
2025-08-20T20:59:54.2951309Z #35 9.225 Collecting dnspython>=2.0.0 (from email_validator>=2.0.0->fastapi==0.111.0->-r requirements.txt (line 3))
2025-08-20T20:59:54.2952263Z #35 9.246   Downloading dnspython-2.7.0-py3-none-any.whl.metadata (5.8 kB)
2025-08-20T20:59:54.2953400Z #35 9.327 Collecting typer>=0.15.1 (from fastapi-cli>=0.0.2->fastapi==0.111.0->-r requirements.txt (line 3))
2025-08-20T20:59:54.2954262Z #35 9.346   Downloading typer-0.16.1-py3-none-any.whl.metadata (15 kB)
2025-08-20T20:59:54.2955169Z #35 9.412 Collecting rich-toolkit>=0.14.8 (from fastapi-cli>=0.0.2->fastapi==0.111.0->-r requirements.txt (line 3))
2025-08-20T20:59:54.2956113Z #35 9.429   Downloading rich_toolkit-0.15.0-py3-none-any.whl.metadata (1.0 kB)
2025-08-20T20:59:54.2956990Z #35 9.485 Collecting amqp<6.0.0,>=5.1.1 (from kombu<6.0,>=5.3.4->celery==5.3.*->-r requirements.txt (line 11))
2025-08-20T20:59:54.2957822Z #35 9.504   Downloading amqp-5.3.1-py3-none-any.whl.metadata (8.9 kB)
2025-08-20T20:59:54.3018948Z #35 9.549 Collecting packaging (from kombu<6.0,>=5.3.4->celery==5.3.*->-r requirements.txt (line 11))
2025-08-20T20:59:54.3020242Z #35 9.566   Downloading packaging-25.0-py3-none-any.whl.metadata (3.3 kB)
2025-08-20T20:59:54.3021304Z #35 9.607 Collecting annotated-types>=0.6.0 (from pydantic>=2.3.0->pydantic-settings==2.2.1->-r requirements.txt (line 2))
2025-08-20T20:59:54.3022343Z #35 9.621   Downloading annotated_types-0.7.0-py3-none-any.whl.metadata (15 kB)
2025-08-20T20:59:54.4115741Z #35 ...
2025-08-20T20:59:54.4116249Z 
2025-08-20T20:59:54.4117720Z #32 [api stage-1 3/6] RUN set -eux;     if [ -f /etc/apt/sources.list ]; then         sed -i 's|http://deb.debian.org|https://deb.debian.org|g' /etc/apt/sources.list;     fi;     apt-get update;     apt-get install -y --no-install-recommends tzdata postgresql-client curl;     rm -rf /var/lib/apt/lists/*
2025-08-20T20:59:54.4120170Z #32 8.003 Selecting previously unselected package libcom-err2:amd64.
2025-08-20T20:59:54.4120922Z #32 8.009 Preparing to unpack .../07-libcom-err2_1.47.2-3+b3_amd64.deb ...
2025-08-20T20:59:54.4121592Z #32 8.014 Unpacking libcom-err2:amd64 (1.47.2-3+b3) ...
2025-08-20T20:59:54.4122283Z #32 8.046 Selecting previously unselected package libk5crypto3:amd64.
2025-08-20T20:59:54.4123015Z #32 8.048 Preparing to unpack .../08-libk5crypto3_1.21.3-5_amd64.deb ...
2025-08-20T20:59:54.4123668Z #32 8.050 Unpacking libk5crypto3:amd64 (1.21.3-5) ...
2025-08-20T20:59:54.4124312Z #32 8.080 Selecting previously unselected package libkeyutils1:amd64.
2025-08-20T20:59:54.4125053Z #32 8.081 Preparing to unpack .../09-libkeyutils1_1.6.3-6_amd64.deb ...
2025-08-20T20:59:54.4125679Z #32 8.086 Unpacking libkeyutils1:amd64 (1.6.3-6) ...
2025-08-20T20:59:54.4126293Z #32 8.120 Selecting previously unselected package libkrb5-3:amd64.
2025-08-20T20:59:54.4126992Z #32 8.121 Preparing to unpack .../10-libkrb5-3_1.21.3-5_amd64.deb ...
2025-08-20T20:59:54.4127589Z #32 8.123 Unpacking libkrb5-3:amd64 (1.21.3-5) ...
2025-08-20T20:59:54.4128243Z #32 8.180 Selecting previously unselected package libgssapi-krb5-2:amd64.
2025-08-20T20:59:54.4129226Z #32 8.180 Preparing to unpack .../11-libgssapi-krb5-2_1.21.3-5_amd64.deb ...
2025-08-20T20:59:54.4129915Z #32 8.182 Unpacking libgssapi-krb5-2:amd64 (1.21.3-5) ...
2025-08-20T20:59:54.4130588Z #32 8.220 Selecting previously unselected package libunistring5:amd64.
2025-08-20T20:59:54.4131330Z #32 8.221 Preparing to unpack .../12-libunistring5_1.3-2_amd64.deb ...
2025-08-20T20:59:54.4131951Z #32 8.223 Unpacking libunistring5:amd64 (1.3-2) ...
2025-08-20T20:59:54.4132574Z #32 8.279 Selecting previously unselected package libidn2-0:amd64.
2025-08-20T20:59:54.4133266Z #32 8.282 Preparing to unpack .../13-libidn2-0_2.3.8-2_amd64.deb ...
2025-08-20T20:59:54.4133852Z #32 8.284 Unpacking libidn2-0:amd64 (2.3.8-2) ...
2025-08-20T20:59:54.4134515Z #32 8.317 Selecting previously unselected package libsasl2-modules-db:amd64.
2025-08-20T20:59:54.4135341Z #32 8.320 Preparing to unpack .../14-libsasl2-modules-db_2.1.28+dfsg1-9_amd64.deb ...
2025-08-20T20:59:54.4136110Z #32 8.321 Unpacking libsasl2-modules-db:amd64 (2.1.28+dfsg1-9) ...
2025-08-20T20:59:54.4136817Z #32 8.344 Selecting previously unselected package libsasl2-2:amd64.
2025-08-20T20:59:54.4137544Z #32 8.345 Preparing to unpack .../15-libsasl2-2_2.1.28+dfsg1-9_amd64.deb ...
2025-08-20T20:59:54.4178893Z #32 8.346 Unpacking libsasl2-2:amd64 (2.1.28+dfsg1-9) ...
2025-08-20T20:59:54.4179617Z #32 8.378 Selecting previously unselected package libldap2:amd64.
2025-08-20T20:59:54.4180358Z #32 8.380 Preparing to unpack .../16-libldap2_2.6.10+dfsg-1_amd64.deb ...
2025-08-20T20:59:54.4181014Z #32 8.382 Unpacking libldap2:amd64 (2.6.10+dfsg-1) ...
2025-08-20T20:59:54.4181695Z #32 8.420 Selecting previously unselected package libnghttp2-14:amd64.
2025-08-20T20:59:54.4182464Z #32 8.422 Preparing to unpack .../17-libnghttp2-14_1.64.0-1.1_amd64.deb ...
2025-08-20T20:59:54.4183127Z #32 8.425 Unpacking libnghttp2-14:amd64 (1.64.0-1.1) ...
2025-08-20T20:59:54.4183785Z #32 8.469 Selecting previously unselected package libnghttp3-9:amd64.
2025-08-20T20:59:54.4184513Z #32 8.471 Preparing to unpack .../18-libnghttp3-9_1.8.0-1_amd64.deb ...
2025-08-20T20:59:54.4185402Z #32 8.473 Unpacking libnghttp3-9:amd64 (1.8.0-1) ...
2025-08-20T20:59:54.4186056Z #32 8.502 Selecting previously unselected package libpsl5t64:amd64.
2025-08-20T20:59:54.4186789Z #32 8.503 Preparing to unpack .../19-libpsl5t64_0.21.2-1.1+b1_amd64.deb ...
2025-08-20T20:59:54.4187442Z #32 8.504 Unpacking libpsl5t64:amd64 (0.21.2-1.1+b1) ...
2025-08-20T20:59:54.4188072Z #32 8.546 Selecting previously unselected package libp11-kit0:amd64.
2025-08-20T20:59:54.4188966Z #32 8.548 Preparing to unpack .../20-libp11-kit0_0.25.5-3_amd64.deb ...
2025-08-20T20:59:54.4189621Z #32 8.549 Unpacking libp11-kit0:amd64 (0.25.5-3) ...
2025-08-20T20:59:54.4190249Z #32 8.596 Selecting previously unselected package libtasn1-6:amd64.
2025-08-20T20:59:54.4190963Z #32 8.597 Preparing to unpack .../21-libtasn1-6_4.20.0-2_amd64.deb ...
2025-08-20T20:59:54.4191571Z #32 8.599 Unpacking libtasn1-6:amd64 (4.20.0-2) ...
2025-08-20T20:59:54.4192208Z #32 8.633 Selecting previously unselected package libgnutls30t64:amd64.
2025-08-20T20:59:54.4192958Z #32 8.633 Preparing to unpack .../22-libgnutls30t64_3.8.9-3_amd64.deb ...
2025-08-20T20:59:54.4193606Z #32 8.636 Unpacking libgnutls30t64:amd64 (3.8.9-3) ...
2025-08-20T20:59:54.4194229Z #32 8.754 Selecting previously unselected package librtmp1:amd64.
2025-08-20T20:59:54.4195002Z #32 8.757 Preparing to unpack .../23-librtmp1_2.4+20151223.gitfa8646d.1-2+b5_amd64.deb ...
2025-08-20T20:59:54.4195794Z #32 8.759 Unpacking librtmp1:amd64 (2.4+20151223.gitfa8646d.1-2+b5) ...
2025-08-20T20:59:54.4196508Z #32 8.789 Selecting previously unselected package libssh2-1t64:amd64.
2025-08-20T20:59:54.4197229Z #32 8.789 Preparing to unpack .../24-libssh2-1t64_1.11.1-1_amd64.deb ...
2025-08-20T20:59:54.4197849Z #32 8.792 Unpacking libssh2-1t64:amd64 (1.11.1-1) ...
2025-08-20T20:59:54.4198480Z #32 8.845 Selecting previously unselected package libcurl4t64:amd64.
2025-08-20T20:59:54.4199361Z #32 8.845 Preparing to unpack .../25-libcurl4t64_8.14.1-2_amd64.deb ...
2025-08-20T20:59:54.4199986Z #32 8.849 Unpacking libcurl4t64:amd64 (8.14.1-2) ...
2025-08-20T20:59:54.4200541Z #32 8.961 Selecting previously unselected package curl.
2025-08-20T20:59:54.4201146Z #32 8.961 Preparing to unpack .../26-curl_8.14.1-2_amd64.deb ...
2025-08-20T20:59:54.4201686Z #32 8.963 Unpacking curl (8.14.1-2) ...
2025-08-20T20:59:54.4202224Z #32 9.032 Selecting previously unselected package libpq5:amd64.
2025-08-20T20:59:54.4202866Z #32 9.035 Preparing to unpack .../27-libpq5_17.5-1_amd64.deb ...
2025-08-20T20:59:54.4203420Z #32 9.044 Unpacking libpq5:amd64 (17.5-1) ...
2025-08-20T20:59:54.4204067Z #32 9.138 Selecting previously unselected package postgresql-client-common.
2025-08-20T20:59:54.4204871Z #32 9.138 Preparing to unpack .../28-postgresql-client-common_278_all.deb ...
2025-08-20T20:59:54.4205553Z #32 9.146 Unpacking postgresql-client-common (278) ...
2025-08-20T20:59:54.4206229Z #32 9.196 Selecting previously unselected package postgresql-client-17.
2025-08-20T20:59:54.4207002Z #32 9.202 Preparing to unpack .../29-postgresql-client-17_17.5-1_amd64.deb ...
2025-08-20T20:59:54.4207559Z #32 9.204 Unpacking postgresql-client-17 (17.5-1) ...
2025-08-20T20:59:54.4208293Z #32 9.414 Selecting previously unselected package postgresql-client.
2025-08-20T20:59:54.4241421Z #32 9.416 Preparing to unpack .../30-postgresql-client_17+278_all.deb ...
2025-08-20T20:59:54.4242112Z #32 9.421 Unpacking postgresql-client (17+278) ...
2025-08-20T20:59:54.4242679Z #32 9.453 Setting up libkeyutils1:amd64 (1.6.3-6) ...
2025-08-20T20:59:54.4243251Z #32 9.462 Setting up libgdbm-compat4t64:amd64 (1.24-2) ...
2025-08-20T20:59:54.4243817Z #32 9.465 Setting up libbrotli1:amd64 (1.1.0-2+b7) ...
2025-08-20T20:59:54.4244375Z #32 9.469 Setting up libnghttp2-14:amd64 (1.64.0-1.1) ...
2025-08-20T20:59:54.4244937Z #32 9.473 Setting up libcom-err2:amd64 (1.47.2-3+b3) ...
2025-08-20T20:59:54.4245507Z #32 9.480 Setting up libkrb5support0:amd64 (1.21.3-5) ...
2025-08-20T20:59:54.4246132Z #32 9.483 Setting up libsasl2-modules-db:amd64 (2.1.28+dfsg1-9) ...
2025-08-20T20:59:54.4246969Z #32 9.489 Setting up libp11-kit0:amd64 (0.25.5-3) ...
2025-08-20T20:59:54.4247533Z #32 9.495 Setting up libunistring5:amd64 (1.3-2) ...
2025-08-20T20:59:54.4248072Z #32 9.498 Setting up libk5crypto3:amd64 (1.21.3-5) ...
2025-08-20T20:59:54.4248884Z #32 9.506 Setting up libsasl2-2:amd64 (2.1.28+dfsg1-9) ...
2025-08-20T20:59:54.4249450Z #32 9.509 Setting up libnghttp3-9:amd64 (1.8.0-1) ...
2025-08-20T20:59:54.4249985Z #32 9.514 Setting up perl-modules-5.40 (5.40.1-6) ...
2025-08-20T20:59:54.4250498Z #32 9.517 Setting up sensible-utils (0.0.25) ...
2025-08-20T20:59:54.4251015Z #32 9.520 Setting up libtasn1-6:amd64 (4.20.0-2) ...
2025-08-20T20:59:54.4251526Z #32 9.526 Setting up libkrb5-3:amd64 (1.21.3-5) ...
2025-08-20T20:59:54.4252051Z #32 9.529 Setting up libssh2-1t64:amd64 (1.11.1-1) ...
2025-08-20T20:59:54.4252613Z #32 9.533 Setting up libldap2:amd64 (2.6.10+dfsg-1) ...
2025-08-20T20:59:54.4253129Z #32 9.539 Setting up libidn2-0:amd64 (2.3.8-2) ...
2025-08-20T20:59:54.4253652Z #32 9.546 Setting up libperl5.40:amd64 (5.40.1-6) ...
2025-08-20T20:59:54.4254141Z #32 9.549 Setting up perl (5.40.1-6) ...
2025-08-20T20:59:54.4254658Z #32 9.562 Setting up libgssapi-krb5-2:amd64 (1.21.3-5) ...
2025-08-20T20:59:54.4255228Z #32 9.571 Setting up libgnutls30t64:amd64 (3.8.9-3) ...
2025-08-20T20:59:54.4255791Z #32 9.575 Setting up postgresql-client-common (278) ...
2025-08-20T20:59:54.4256358Z #32 9.588 Setting up libpsl5t64:amd64 (0.21.2-1.1+b1) ...
2025-08-20T20:59:54.4256877Z #32 9.594 Setting up libpq5:amd64 (17.5-1) ...
2025-08-20T20:59:54.4257469Z #32 9.603 Setting up librtmp1:amd64 (2.4+20151223.gitfa8646d.1-2+b5) ...
2025-08-20T20:59:54.4258084Z #32 9.609 Setting up libcurl4t64:amd64 (8.14.1-2) ...
2025-08-20T20:59:54.4258802Z #32 9.612 Setting up postgresql-client-17 (17.5-1) ...
2025-08-20T20:59:54.5948931Z #32 10.40 update-alternatives: using /usr/share/postgresql/17/man/man1/psql.1.gz to provide /usr/share/man/man1/psql.1.gz (psql.1.gz) in auto mode
2025-08-20T20:59:54.5951565Z #32 10.52 Setting up curl (8.14.1-2) ...
2025-08-20T20:59:54.7229777Z #32 10.54 Setting up postgresql-client (17+278) ...
2025-08-20T20:59:54.7230633Z #32 10.55 Processing triggers for libc-bin (2.41-12) ...
2025-08-20T20:59:54.7234308Z #32 10.65 + rm -rf /var/lib/apt/lists/auxfiles /var/lib/apt/lists/deb.debian.org_debian-security_dists_trixie-security_InRelease /var/lib/apt/lists/deb.debian.org_debian-security_dists_trixie-security_main_binary-amd64_Packages.lz4 /var/lib/apt/lists/deb.debian.org_debian_dists_trixie-updates_InRelease /var/lib/apt/lists/deb.debian.org_debian_dists_trixie-updates_main_binary-amd64_Packages.lz4 /var/lib/apt/lists/deb.debian.org_debian_dists_trixie_InRelease /var/lib/apt/lists/deb.debian.org_debian_dists_trixie_main_binary-amd64_Packages.lz4 /var/lib/apt/lists/lock /var/lib/apt/lists/partial
2025-08-20T20:59:55.0559074Z #32 DONE 10.8s
2025-08-20T20:59:55.0619941Z 
2025-08-20T20:59:55.0620496Z #35 [api base  4/13] RUN pip install --no-cache-dir -r requirements.txt
2025-08-20T20:59:55.0621565Z #35 10.66 Collecting pydantic-core==2.33.2 (from pydantic>=2.3.0->pydantic-settings==2.2.1->-r requirements.txt (line 2))
2025-08-20T20:59:55.0623298Z #35 10.69   Downloading pydantic_core-2.33.2-cp312-cp312-manylinux_2_17_x86_64.manylinux2014_x86_64.whl.metadata (6.8 kB)
2025-08-20T20:59:55.0624567Z #35 10.72 Collecting typing-inspection>=0.4.0 (from pydantic>=2.3.0->pydantic-settings==2.2.1->-r requirements.txt (line 2))
2025-08-20T20:59:55.0625664Z #35 10.75   Downloading typing_inspection-0.4.1-py3-none-any.whl.metadata (2.6 kB)
2025-08-20T20:59:55.0626636Z #35 10.79 Collecting six>=1.5 (from python-dateutil>=2.8.2->celery==5.3.*->-r requirements.txt (line 11))
2025-08-20T20:59:55.0627553Z #35 10.81   Downloading six-1.17.0-py2.py3-none-any.whl.metadata (1.7 kB)
2025-08-20T20:59:55.3258199Z #35 11.15 Collecting httptools>=0.5.0 (from uvicorn[standard]>=0.12.0->fastapi==0.111.0->-r requirements.txt (line 3))
2025-08-20T20:59:55.3260371Z #35 11.16   Downloading httptools-0.6.4-cp312-cp312-manylinux_2_5_x86_64.manylinux1_x86_64.manylinux_2_17_x86_64.manylinux2014_x86_64.whl.metadata (3.6 kB)
2025-08-20T20:59:55.3262738Z #35 11.22 Collecting pyyaml>=5.1 (from uvicorn[standard]>=0.12.0->fastapi==0.111.0->-r requirements.txt (line 3))
2025-08-20T20:59:55.3264219Z #35 11.23   Downloading PyYAML-6.0.2-cp312-cp312-manylinux_2_17_x86_64.manylinux2014_x86_64.whl.metadata (2.1 kB)
2025-08-20T20:59:55.4584718Z #35 11.31 Collecting uvloop!=0.15.0,!=0.15.1,>=0.14.0 (from uvicorn[standard]>=0.12.0->fastapi==0.111.0->-r requirements.txt (line 3))
2025-08-20T20:59:55.4591333Z #35 11.32   Downloading uvloop-0.21.0-cp312-cp312-manylinux_2_17_x86_64.manylinux2014_x86_64.whl.metadata (4.9 kB)
2025-08-20T20:59:55.5960943Z #35 11.42 Collecting watchfiles>=0.13 (from uvicorn[standard]>=0.12.0->fastapi==0.111.0->-r requirements.txt (line 3))
2025-08-20T20:59:55.5964029Z #35 11.43   Downloading watchfiles-1.1.0-cp312-cp312-manylinux_2_17_x86_64.manylinux2014_x86_64.whl.metadata (4.9 kB)
2025-08-20T20:59:55.7018942Z #35 11.60 Collecting websockets>=10.4 (from uvicorn[standard]>=0.12.0->fastapi==0.111.0->-r requirements.txt (line 3))
2025-08-20T20:59:55.8533645Z #35 11.62   Downloading websockets-15.0.1-cp312-cp312-manylinux_2_5_x86_64.manylinux1_x86_64.manylinux_2_17_x86_64.manylinux2014_x86_64.whl.metadata (6.8 kB)
2025-08-20T20:59:55.8535829Z #35 11.66 Collecting wcwidth (from prompt-toolkit>=3.0.36->click-repl>=0.2.0->celery==5.3.*->-r requirements.txt (line 11))
2025-08-20T20:59:55.8538359Z #35 11.68   Downloading wcwidth-0.2.13-py2.py3-none-any.whl.metadata (14 kB)
2025-08-20T20:59:55.8539705Z #35 11.76 Collecting rich>=13.7.1 (from rich-toolkit>=0.14.8->fastapi-cli>=0.0.2->fastapi==0.111.0->-r requirements.txt (line 3))
2025-08-20T20:59:56.0379815Z #35 11.78   Downloading rich-14.1.0-py3-none-any.whl.metadata (18 kB)
2025-08-20T20:59:56.0383020Z #35 11.83 Collecting shellingham>=1.3.0 (from typer>=0.15.1->fastapi-cli>=0.0.2->fastapi==0.111.0->-r requirements.txt (line 3))
2025-08-20T20:59:56.0384129Z #35 11.85   Downloading shellingham-1.5.4-py2.py3-none-any.whl.metadata (3.5 kB)
2025-08-20T20:59:56.0385305Z #35 11.94 Collecting markdown-it-py>=2.2.0 (from rich>=13.7.1->rich-toolkit>=0.14.8->fastapi-cli>=0.0.2->fastapi==0.111.0->-r requirements.txt (line 3))
2025-08-20T20:59:56.1523594Z #35 11.96   Downloading markdown_it_py-4.0.0-py3-none-any.whl.metadata (7.3 kB)
2025-08-20T20:59:56.1535536Z #35 12.01 Collecting pygments<3.0.0,>=2.13.0 (from rich>=13.7.1->rich-toolkit>=0.14.8->fastapi-cli>=0.0.2->fastapi==0.111.0->-r requirements.txt (line 3))
2025-08-20T20:59:56.1536821Z #35 12.03   Downloading pygments-2.19.2-py3-none-any.whl.metadata (2.5 kB)
2025-08-20T20:59:56.1539032Z #35 12.06 Collecting mdurl~=0.1 (from markdown-it-py>=2.2.0->rich>=13.7.1->rich-toolkit>=0.14.8->fastapi-cli>=0.0.2->fastapi==0.111.0->-r requirements.txt (line 3))
2025-08-20T20:59:56.2605379Z #35 12.08   Downloading mdurl-0.1.2-py3-none-any.whl.metadata (1.6 kB)
2025-08-20T20:59:56.2606929Z #35 12.11 Downloading uvicorn-0.29.0-py3-none-any.whl (60 kB)
2025-08-20T20:59:56.2607930Z #35 12.13 Downloading pydantic_settings-2.2.1-py3-none-any.whl (13 kB)
2025-08-20T20:59:56.2609088Z #35 12.15 Downloading fastapi-0.111.0-py3-none-any.whl (91 kB)
2025-08-20T20:59:56.3619727Z #35 12.18 Downloading SQLAlchemy-2.0.29-cp312-cp312-manylinux_2_17_x86_64.manylinux2014_x86_64.whl (3.2 MB)
2025-08-20T20:59:56.3621079Z #35 12.23    ━━━━━━━━━━━━━━━━━━━━━━━━━━━━━━━━━━━━━━━━ 3.2/3.2 MB 73.3 MB/s eta 0:00:00
2025-08-20T20:59:56.3621663Z #35 12.25 Downloading alembic-1.13.1-py3-none-any.whl (233 kB)
2025-08-20T20:59:56.3622182Z #35 12.27 Downloading psycopg-3.2.9-py3-none-any.whl (202 kB)
2025-08-20T20:59:56.4773988Z #35 12.29 Downloading httpx-0.27.2-py3-none-any.whl (76 kB)
2025-08-20T20:59:56.4778133Z #35 12.32 Downloading asyncpg-0.29.0-cp312-cp312-manylinux_2_17_x86_64.manylinux2014_x86_64.whl (3.3 MB)
2025-08-20T20:59:56.4779541Z #35 12.34    ━━━━━━━━━━━━━━━━━━━━━━━━━━━━━━━━━━━━━━━━ 3.3/3.3 MB 146.4 MB/s eta 0:00:00
2025-08-20T20:59:56.4780495Z #35 12.36 Downloading boto3-1.34.162-py3-none-any.whl (139 kB)
2025-08-20T20:59:56.4781118Z #35 12.39 Downloading jinja2-3.1.5-py3-none-any.whl (134 kB)
2025-08-20T20:59:56.5912672Z #35 12.40 Downloading celery-5.3.6-py3-none-any.whl (422 kB)
2025-08-20T20:59:56.5927408Z #35 12.42 Downloading structlog-24.1.0-py3-none-any.whl (65 kB)
2025-08-20T20:59:56.5928186Z #35 12.44 Downloading asgi_correlation_id-4.3.1-py3-none-any.whl (15 kB)
2025-08-20T20:59:56.5941518Z #35 12.46 Downloading fastapi_limiter-0.1.6-py3-none-any.whl (15 kB)
2025-08-20T20:59:56.5942331Z #35 12.48 Downloading redis-5.0.8-py3-none-any.whl (255 kB)
2025-08-20T20:59:56.6961587Z #35 ...
2025-08-20T20:59:56.6964451Z 
2025-08-20T20:59:56.6965253Z #31 [fees_h10 base 4/6] RUN if [ -n "" ] && [ -f "fees_h10/" ]; then         pip install -r fees_h10/requirements.txt -c fees_h10/;     else         pip install -r fees_h10/requirements.txt;     fi
2025-08-20T20:59:56.6966428Z #31 6.444 Downloading prompt_toolkit-3.0.51-py3-none-any.whl (387 kB)
2025-08-20T20:59:56.6967139Z #31 6.497 Downloading PyJWT-2.10.1-py3-none-any.whl (22 kB)
2025-08-20T20:59:56.6967749Z #31 6.966 Downloading six-1.17.0-py2.py3-none-any.whl (11 kB)
2025-08-20T20:59:56.7000597Z #31 7.077 Downloading sniffio-1.3.1-py3-none-any.whl (10 kB)
2025-08-20T20:59:56.7001253Z #31 7.130 Downloading packaging-25.0-py3-none-any.whl (66 kB)
2025-08-20T20:59:56.7001916Z #31 7.172 Downloading wcwidth-0.2.13-py2.py3-none-any.whl (34 kB)
2025-08-20T20:59:56.7003974Z #31 7.335 Installing collected packages: wcwidth, vine, tzdata, typing-extensions, sniffio, six, PyJWT, prompt-toolkit, packaging, idna, h11, greenlet, click, certifi, billiard, asyncpg, sqlalchemy, redis, python-dateutil, httpcore, click-repl, click-plugins, click-didyoumean, anyio, amqp, kombu, httpx, celery
2025-08-20T20:59:56.7008105Z #31 12.21 Successfully installed PyJWT-2.10.1 amqp-5.3.1 anyio-4.10.0 asyncpg-0.30.0 billiard-4.2.1 celery-5.4.0 certifi-2025.8.3 click-8.2.1 click-didyoumean-0.3.1 click-plugins-1.1.1.2 click-repl-0.3.0 greenlet-3.2.4 h11-0.16.0 httpcore-1.0.9 httpx-0.28.1 idna-3.10 kombu-5.5.4 packaging-25.0 prompt-toolkit-3.0.51 python-dateutil-2.9.0.post0 redis-5.3.1 six-1.17.0 sniffio-1.3.1 sqlalchemy-2.0.43 typing-extensions-4.14.1 tzdata-2025.2 vine-5.1.0 wcwidth-0.2.13
2025-08-20T20:59:56.7012783Z #31 12.21 WARNING: Running pip as the 'root' user can result in broken permissions and conflicting behaviour with the system package manager, possibly rendering your system unusable. It is recommended to use a virtual environment instead: https://pip.pypa.io/warnings/venv. Use the --root-user-action option if you know what you are doing and want to suppress this warning.
2025-08-20T20:59:56.7015017Z #31 12.35 
2025-08-20T20:59:56.7015467Z #31 12.35 [notice] A new release of pip is available: 25.0.1 -> 25.2
2025-08-20T20:59:56.7016129Z #31 12.35 [notice] To update, run: pip install --upgrade pip
2025-08-20T20:59:56.7016649Z #31 DONE 12.5s
2025-08-20T20:59:56.7016841Z 
2025-08-20T20:59:56.7017006Z #36 [fees_h10 base 5/6] COPY . ./fees_h10
2025-08-20T20:59:56.7017447Z #36 DONE 0.0s
2025-08-20T20:59:56.7017634Z 
2025-08-20T20:59:56.7017810Z #37 [fees_h10 base 6/6] COPY start.sh ./start.sh
2025-08-20T20:59:56.7018867Z #37 DONE 0.0s
2025-08-20T20:59:56.7019042Z 
2025-08-20T20:59:56.7019323Z #35 [api base  4/13] RUN pip install --no-cache-dir -r requirements.txt
2025-08-20T20:59:56.7019996Z #35 12.50 Downloading sentry_sdk-2.9.0-py2.py3-none-any.whl (301 kB)
2025-08-20T20:59:56.7072701Z #35 12.52 Downloading httpcore-1.0.9-py3-none-any.whl (78 kB)
2025-08-20T20:59:56.7073643Z #35 12.54 Downloading psycopg_binary-3.2.9-cp312-cp312-manylinux_2_17_x86_64.manylinux2014_x86_64.whl (4.4 MB)
2025-08-20T20:59:56.7074978Z #35 12.57    ━━━━━━━━━━━━━━━━━━━━━━━━━━━━━━━━━━━━━━━━ 4.4/4.4 MB 189.4 MB/s eta 0:00:00
2025-08-20T20:59:56.7075624Z #35 12.59 Downloading billiard-4.2.1-py3-none-any.whl (86 kB)
2025-08-20T20:59:56.8152461Z #35 12.61 Downloading botocore-1.34.162-py3-none-any.whl (12.5 MB)
2025-08-20T20:59:56.8153855Z #35 12.65    ━━━━━━━━━━━━━━━━━━━━━━━━━━━━━━━━━━━━━━━━ 12.5/12.5 MB 274.9 MB/s eta 0:00:00
2025-08-20T20:59:56.8154448Z #35 12.67 Downloading click-8.2.1-py3-none-any.whl (102 kB)
2025-08-20T20:59:56.8155093Z #35 12.68 Downloading click_didyoumean-0.3.1-py3-none-any.whl (3.6 kB)
2025-08-20T20:59:56.8155773Z #35 12.70 Downloading click_plugins-1.1.1.2-py2.py3-none-any.whl (11 kB)
2025-08-20T20:59:56.8156413Z #35 12.72 Downloading click_repl-0.3.0-py3-none-any.whl (10 kB)
2025-08-20T20:59:56.9205784Z #35 12.74 Downloading email_validator-2.2.0-py3-none-any.whl (33 kB)
2025-08-20T20:59:56.9217029Z #35 12.76 Downloading fastapi_cli-0.0.8-py3-none-any.whl (10 kB)
2025-08-20T20:59:56.9219722Z #35 12.77 Downloading greenlet-3.2.4-cp312-cp312-manylinux_2_24_x86_64.manylinux_2_28_x86_64.whl (607 kB)
2025-08-20T20:59:56.9222672Z #35 12.78    ━━━━━━━━━━━━━━━━━━━━━━━━━━━━━━━━━━━━━━━ 607.6/607.6 kB 399.6 MB/s eta 0:00:00
2025-08-20T20:59:56.9224106Z #35 12.79 Downloading h11-0.16.0-py3-none-any.whl (37 kB)
2025-08-20T20:59:56.9224664Z #35 12.81 Downloading idna-3.10-py3-none-any.whl (70 kB)
2025-08-20T20:59:56.9225251Z #35 12.83 Downloading jmespath-1.0.1-py3-none-any.whl (20 kB)
2025-08-20T20:59:57.0206411Z #35 ...
2025-08-20T20:59:57.0206694Z 
2025-08-20T20:59:57.0207879Z #33 [postgres 2/6] RUN set -eux;     if [ -f /etc/apt/sources.list ]; then         sed -i 's|http://deb.debian.org|https://deb.debian.org|g' /etc/apt/sources.list;     fi;     apt-get update;     apt-get install -y locales;     locale-gen en_US.UTF-8;     rm -rf /var/lib/apt/lists/*
2025-08-20T20:59:57.0209068Z #33 2.328 Reading package lists...
2025-08-20T20:59:57.0209588Z #33 3.341 Building dependency tree...
2025-08-20T20:59:57.0210022Z #33 3.553 Reading state information...
2025-08-20T20:59:57.0210326Z #33 3.801 locales is already the newest version (2.41-12).
2025-08-20T20:59:57.0210722Z #33 3.801 0 upgraded, 0 newly installed, 0 to remove and 1 not upgraded.
2025-08-20T20:59:57.0211049Z #33 3.802 + locale-gen en_US.UTF-8
2025-08-20T20:59:57.0211341Z #33 3.807 Generating locales (this might take a while)...
2025-08-20T20:59:57.0211657Z #33 3.821   en_US.UTF-8... done
2025-08-20T20:59:57.0211898Z #33 5.436 Generation complete.
2025-08-20T20:59:57.0215310Z #33 5.437 + rm -rf /var/lib/apt/lists/apt.postgresql.org_pub_repos_apt_dists_trixie-pgdg_16_binary-amd64_Packages.lz4 /var/lib/apt/lists/apt.postgresql.org_pub_repos_apt_dists_trixie-pgdg_InRelease /var/lib/apt/lists/apt.postgresql.org_pub_repos_apt_dists_trixie-pgdg_main_binary-amd64_Packages.lz4 /var/lib/apt/lists/auxfiles /var/lib/apt/lists/deb.debian.org_debian-security_dists_trixie-security_InRelease /var/lib/apt/lists/deb.debian.org_debian-security_dists_trixie-security_main_binary-amd64_Packages.lz4 /var/lib/apt/lists/deb.debian.org_debian_dists_trixie-updates_InRelease /var/lib/apt/lists/deb.debian.org_debian_dists_trixie-updates_main_binary-amd64_Packages.lz4 /var/lib/apt/lists/deb.debian.org_debian_dists_trixie_InRelease /var/lib/apt/lists/deb.debian.org_debian_dists_trixie_main_binary-amd64_Packages.lz4 /var/lib/apt/lists/lock /var/lib/apt/lists/partial
2025-08-20T20:59:57.0218333Z #33 DONE 5.5s
2025-08-20T20:59:57.0218447Z 
2025-08-20T20:59:57.0218928Z #38 [postgres 3/6] COPY docker/postgres/pg_hba.conf /etc/postgresql/pg_hba.conf
2025-08-20T20:59:57.0219710Z #38 DONE 0.0s
2025-08-20T20:59:57.0219821Z 
2025-08-20T20:59:57.0220000Z #35 [api base  4/13] RUN pip install --no-cache-dir -r requirements.txt
2025-08-20T20:59:57.0220381Z #35 12.85 Downloading kombu-5.5.4-py3-none-any.whl (210 kB)
2025-08-20T20:59:57.0220743Z #35 12.86 Downloading vine-5.1.0-py3-none-any.whl (9.6 kB)
2025-08-20T20:59:57.0221484Z #35 12.88 Downloading MarkupSafe-3.0.2-cp312-cp312-manylinux_2_17_x86_64.manylinux2014_x86_64.whl (23 kB)
2025-08-20T20:59:57.0222282Z #35 12.90 Downloading orjson-3.11.2-cp312-cp312-manylinux_2_17_x86_64.manylinux2014_x86_64.whl (121 kB)
2025-08-20T20:59:57.0222835Z #35 12.92 Downloading pydantic-2.11.7-py3-none-any.whl (444 kB)
2025-08-20T20:59:57.1297746Z #35 ...
2025-08-20T20:59:57.1300963Z 
2025-08-20T20:59:57.1301849Z #39 [postgres 4/6] COPY docker/postgres/init-pg_hba.sh /docker-entrypoint-initdb.d/10_init_pg_hba.sh
2025-08-20T20:59:57.1302632Z #39 DONE 0.0s
2025-08-20T20:59:57.1302831Z 
2025-08-20T20:59:57.1303253Z #40 [postgres 5/6] COPY docker/postgres/postgresql.conf /etc/postgresql/postgresql.conf
2025-08-20T20:59:57.1303945Z #40 DONE 0.0s
2025-08-20T20:59:57.1304134Z 
2025-08-20T20:59:57.1304424Z #35 [api base  4/13] RUN pip install --no-cache-dir -r requirements.txt
2025-08-20T20:59:57.1305356Z #35 12.93 Downloading pydantic_core-2.33.2-cp312-cp312-manylinux_2_17_x86_64.manylinux2014_x86_64.whl (2.0 MB)
2025-08-20T20:59:57.1306626Z #35 12.95    ━━━━━━━━━━━━━━━━━━━━━━━━━━━━━━━━━━━━━━━━ 2.0/2.0 MB 239.9 MB/s eta 0:00:00
2025-08-20T20:59:57.1307361Z #35 12.96 Downloading python_dateutil-2.9.0.post0-py2.py3-none-any.whl (229 kB)
2025-08-20T20:59:57.1308126Z #35 12.98 Downloading python_dotenv-1.1.1-py3-none-any.whl (20 kB)
2025-08-20T20:59:57.1309013Z #35 13.00 Downloading python_multipart-0.0.20-py3-none-any.whl (24 kB)
2025-08-20T20:59:57.1309708Z #35 13.02 Downloading s3transfer-0.10.4-py3-none-any.whl (83 kB)
2025-08-20T20:59:57.1310331Z #35 13.03 Downloading starlette-0.37.2-py3-none-any.whl (71 kB)
2025-08-20T20:59:57.2336354Z #35 13.05 Downloading anyio-4.10.0-py3-none-any.whl (107 kB)
2025-08-20T20:59:57.2337035Z #35 13.07 Downloading sniffio-1.3.1-py3-none-any.whl (10 kB)
2025-08-20T20:59:57.2337718Z #35 13.09 Downloading typing_extensions-4.14.1-py3-none-any.whl (43 kB)
2025-08-20T20:59:57.2338420Z #35 13.10 Downloading tzdata-2025.2-py2.py3-none-any.whl (347 kB)
2025-08-20T20:59:57.2339533Z #35 13.12 Downloading ujson-5.11.0-cp312-cp312-manylinux_2_24_x86_64.manylinux_2_28_x86_64.whl (57 kB)
2025-08-20T20:59:57.2340354Z #35 13.14 Downloading urllib3-2.5.0-py3-none-any.whl (129 kB)
2025-08-20T20:59:57.3366574Z #35 ...
2025-08-20T20:59:57.3367435Z 
2025-08-20T20:59:57.3368452Z #41 [postgres 6/6] RUN chmod 0644 /etc/postgresql/pg_hba.conf &&     chmod +x /docker-entrypoint-initdb.d/10_init_pg_hba.sh
2025-08-20T20:59:57.3370898Z #41 DONE 0.2s
2025-08-20T20:59:57.3371321Z 
2025-08-20T20:59:57.3372378Z #35 [api base  4/13] RUN pip install --no-cache-dir -r requirements.txt
2025-08-20T20:59:57.3373430Z #35 13.15 Downloading certifi-2025.8.3-py3-none-any.whl (161 kB)
2025-08-20T20:59:57.3374358Z #35 13.17 Downloading mako-1.3.10-py3-none-any.whl (78 kB)
2025-08-20T20:59:57.3375212Z #35 13.19 Downloading amqp-5.3.1-py3-none-any.whl (50 kB)
2025-08-20T20:59:57.3377946Z #35 13.21 Downloading annotated_types-0.7.0-py3-none-any.whl (13 kB)
2025-08-20T20:59:57.3378807Z #35 13.23 Downloading dnspython-2.7.0-py3-none-any.whl (313 kB)
2025-08-20T20:59:57.4534694Z #35 13.25 Downloading httptools-0.6.4-cp312-cp312-manylinux_2_5_x86_64.manylinux1_x86_64.manylinux_2_17_x86_64.manylinux2014_x86_64.whl (510 kB)
2025-08-20T20:59:57.4535881Z #35 13.28 Downloading prompt_toolkit-3.0.51-py3-none-any.whl (387 kB)
2025-08-20T20:59:57.4536787Z #35 13.29 Downloading PyYAML-6.0.2-cp312-cp312-manylinux_2_17_x86_64.manylinux2014_x86_64.whl (767 kB)
2025-08-20T20:59:57.4538048Z #35 13.30    ━━━━━━━━━━━━━━━━━━━━━━━━━━━━━━━━━━━━━━━ 767.5/767.5 kB 401.6 MB/s eta 0:00:00
2025-08-20T20:59:57.4538964Z #35 13.32 Downloading rich_toolkit-0.15.0-py3-none-any.whl (29 kB)
2025-08-20T20:59:57.4539976Z #35 13.34 Downloading six-1.17.0-py2.py3-none-any.whl (11 kB)
2025-08-20T20:59:57.4540596Z #35 13.36 Downloading typer-0.16.1-py3-none-any.whl (46 kB)
2025-08-20T20:59:57.5582791Z #35 13.38 Downloading typing_inspection-0.4.1-py3-none-any.whl (14 kB)
2025-08-20T20:59:57.5589650Z #35 13.39 Downloading uvloop-0.21.0-cp312-cp312-manylinux_2_17_x86_64.manylinux2014_x86_64.whl (4.7 MB)
2025-08-20T20:59:57.5591047Z #35 13.41    ━━━━━━━━━━━━━━━━━━━━━━━━━━━━━━━━━━━━━━━━ 4.7/4.7 MB 261.7 MB/s eta 0:00:00
2025-08-20T20:59:57.5591964Z #35 13.43 Downloading watchfiles-1.1.0-cp312-cp312-manylinux_2_17_x86_64.manylinux2014_x86_64.whl (452 kB)
2025-08-20T20:59:57.5593305Z #35 13.46 Downloading websockets-15.0.1-cp312-cp312-manylinux_2_5_x86_64.manylinux1_x86_64.manylinux_2_17_x86_64.manylinux2014_x86_64.whl (182 kB)
2025-08-20T20:59:57.6587240Z #35 13.48 Downloading packaging-25.0-py3-none-any.whl (66 kB)
2025-08-20T20:59:57.6589376Z #35 13.49 Downloading rich-14.1.0-py3-none-any.whl (243 kB)
2025-08-20T20:59:57.6590126Z #35 13.52 Downloading shellingham-1.5.4-py2.py3-none-any.whl (9.8 kB)
2025-08-20T20:59:57.6590855Z #35 13.52 Downloading wcwidth-0.2.13-py2.py3-none-any.whl (34 kB)
2025-08-20T20:59:57.6591543Z #35 13.54 Downloading markdown_it_py-4.0.0-py3-none-any.whl (87 kB)
2025-08-20T20:59:57.6592213Z #35 13.57 Downloading pygments-2.19.2-py3-none-any.whl (1.2 MB)
2025-08-20T20:59:57.6593217Z #35 13.57    ━━━━━━━━━━━━━━━━━━━━━━━━━━━━━━━━━━━━━━━━ 1.2/1.2 MB 362.9 MB/s eta 0:00:00
2025-08-20T20:59:57.7627835Z #35 13.59 Downloading mdurl-0.1.2-py3-none-any.whl (10.0 kB)
2025-08-20T20:59:58.0905697Z #35 13.94 Installing collected packages: wcwidth, websockets, vine, uvloop, urllib3, ujson, tzdata, typing-extensions, structlog, sniffio, six, shellingham, redis, pyyaml, python-multipart, python-dotenv, pygments, psycopg-binary, prompt-toolkit, packaging, orjson, mdurl, MarkupSafe, jmespath, idna, httptools, h11, greenlet, dnspython, click, certifi, billiard, asyncpg, annotated-types, uvicorn, typing-inspection, sqlalchemy, sentry-sdk, python-dateutil, pydantic-core, psycopg, markdown-it-py, Mako, Jinja2, httpcore, email_validator, click-repl, click-plugins, click-didyoumean, anyio, amqp, watchfiles, starlette, rich, pydantic, kombu, httpx, botocore, alembic, typer, s3transfer, rich-toolkit, pydantic-settings, celery, asgi-correlation-id, fastapi-cli, boto3, fastapi, fastapi-limiter
2025-08-20T20:59:58.5990396Z #35 ...
2025-08-20T20:59:58.5990635Z 
2025-08-20T20:59:58.5990798Z #42 [postgres] exporting to image
2025-08-20T20:59:58.5991255Z #42 exporting layers 1.2s done
2025-08-20T20:59:58.5991979Z #42 writing image sha256:b377df11ae8ef67e124a1b8fdcad4309674af2732c12ee8bf4a0cc4378c52d3d done
2025-08-20T20:59:58.5992856Z #42 naming to docker.io/library/awa-app-postgres done
2025-08-20T20:59:58.5993371Z #42 DONE 1.2s
2025-08-20T20:59:58.5993571Z 
2025-08-20T20:59:58.5993827Z #43 [postgres] resolving provenance for metadata file
2025-08-20T20:59:58.5994319Z #43 DONE 0.0s
2025-08-20T20:59:58.8337558Z 
2025-08-20T20:59:58.8338370Z #34 [etl base 4/5] RUN if [ -n "" ] && [ -f "" ]; then         pip install -r requirements.txt -c "";     else         pip install -r requirements.txt;     fi
2025-08-20T20:59:58.8339740Z #34 11.05 Collecting pydantic-core==2.33.2 (from pydantic->keepa==1.3.14->-r requirements.txt (line 1))
2025-08-20T20:59:58.8340888Z #34 11.07   Downloading pydantic_core-2.33.2-cp312-cp312-manylinux_2_17_x86_64.manylinux2014_x86_64.whl.metadata (6.8 kB)
2025-08-20T20:59:58.8342033Z #34 11.11 Collecting typing-extensions>=4.12.2 (from pydantic->keepa==1.3.14->-r requirements.txt (line 1))
2025-08-20T20:59:58.8342991Z #34 11.12   Downloading typing_extensions-4.14.1-py3-none-any.whl.metadata (3.0 kB)
2025-08-20T20:59:58.8343885Z #34 11.15 Collecting typing-inspection>=0.4.0 (from pydantic->keepa==1.3.14->-r requirements.txt (line 1))
2025-08-20T20:59:58.8344492Z #34 11.16   Downloading typing_inspection-0.4.1-py3-none-any.whl.metadata (2.6 kB)
2025-08-20T20:59:58.8345295Z #34 11.30 Collecting charset_normalizer<4,>=2 (from requests>=2.2->keepa==1.3.14->-r requirements.txt (line 1))
2025-08-20T20:59:58.8346036Z #34 11.31   Downloading charset_normalizer-3.4.3-cp312-cp312-manylinux2014_x86_64.manylinux_2_17_x86_64.manylinux_2_28_x86_64.whl.metadata (36 kB)
2025-08-20T20:59:58.8346726Z #34 11.35 Collecting idna<4,>=2.5 (from requests>=2.2->keepa==1.3.14->-r requirements.txt (line 1))
2025-08-20T20:59:58.8347186Z #34 11.37   Downloading idna-3.10-py3-none-any.whl.metadata (10 kB)
2025-08-20T20:59:58.8347741Z #34 11.43 Collecting mypy-extensions>=0.3.0 (from typing-inspect>=0.6.0->pandera==0.19.*->-r requirements.txt (line 9))
2025-08-20T20:59:58.8348491Z #34 11.44   Downloading mypy_extensions-1.1.0-py3-none-any.whl.metadata (1.1 kB)
2025-08-20T20:59:58.8349462Z #34 11.49 Collecting aiohappyeyeballs>=2.5.0 (from aiohttp->keepa==1.3.14->-r requirements.txt (line 1))
2025-08-20T20:59:58.8350506Z #34 11.50   Downloading aiohappyeyeballs-2.6.1-py3-none-any.whl.metadata (5.9 kB)
2025-08-20T20:59:58.8351469Z #34 11.53 Collecting aiosignal>=1.4.0 (from aiohttp->keepa==1.3.14->-r requirements.txt (line 1))
2025-08-20T20:59:58.8352380Z #34 11.55   Downloading aiosignal-1.4.0-py3-none-any.whl.metadata (3.7 kB)
2025-08-20T20:59:58.8353236Z #34 11.58 Collecting attrs>=17.3.0 (from aiohttp->keepa==1.3.14->-r requirements.txt (line 1))
2025-08-20T20:59:58.8354073Z #34 11.60   Downloading attrs-25.3.0-py3-none-any.whl.metadata (10 kB)
2025-08-20T20:59:58.8354945Z #34 11.76 Collecting frozenlist>=1.1.1 (from aiohttp->keepa==1.3.14->-r requirements.txt (line 1))
2025-08-20T20:59:58.8356260Z #34 11.77   Downloading frozenlist-1.7.0-cp312-cp312-manylinux_2_5_x86_64.manylinux1_x86_64.manylinux_2_17_x86_64.manylinux2014_x86_64.whl.metadata (18 kB)
2025-08-20T20:59:58.8357561Z #34 12.07 Collecting multidict<7.0,>=4.5 (from aiohttp->keepa==1.3.14->-r requirements.txt (line 1))
2025-08-20T20:59:58.8358983Z #34 12.08   Downloading multidict-6.6.4-cp312-cp312-manylinux2014_x86_64.manylinux_2_17_x86_64.manylinux_2_28_x86_64.whl.metadata (5.3 kB)
2025-08-20T20:59:58.8360210Z #34 12.15 Collecting propcache>=0.2.0 (from aiohttp->keepa==1.3.14->-r requirements.txt (line 1))
2025-08-20T20:59:58.8361336Z #34 12.17   Downloading propcache-0.3.2-cp312-cp312-manylinux_2_17_x86_64.manylinux2014_x86_64.whl.metadata (12 kB)
2025-08-20T20:59:58.8362414Z #34 12.47 Collecting yarl<2.0,>=1.17.0 (from aiohttp->keepa==1.3.14->-r requirements.txt (line 1))
2025-08-20T20:59:58.8363446Z #34 12.48   Downloading yarl-1.20.1-cp312-cp312-manylinux_2_17_x86_64.manylinux2014_x86_64.whl.metadata (73 kB)
2025-08-20T20:59:58.8364634Z #34 12.66 Collecting wcwidth (from prompt-toolkit>=3.0.36->click-repl>=0.2.0->celery==5.3.*->-r requirements.txt (line 3))
2025-08-20T20:59:58.8365672Z #34 12.67   Downloading wcwidth-0.2.13-py2.py3-none-any.whl.metadata (14 kB)
2025-08-20T20:59:58.8366428Z #34 12.91 Downloading keepa-1.3.14-py3-none-any.whl (33 kB)
2025-08-20T20:59:58.8367038Z #34 12.93 Downloading minio-7.1.15-py3-none-any.whl (77 kB)
2025-08-20T20:59:58.8367670Z #34 12.95 Downloading celery-5.3.6-py3-none-any.whl (422 kB)
2025-08-20T20:59:58.8368304Z #34 12.99 Downloading redis-5.3.1-py3-none-any.whl (272 kB)
2025-08-20T20:59:58.8369344Z #34 13.01 Downloading python_amazon_sp_api-0.8.0-py3-none-any.whl (93 kB)
2025-08-20T20:59:58.8370117Z #34 13.03 Downloading pydantic_settings-2.2.1-py3-none-any.whl (13 kB)
2025-08-20T20:59:58.8371051Z #34 13.05 Downloading pandas-2.2.3-cp312-cp312-manylinux_2_17_x86_64.manylinux2014_x86_64.whl (12.7 MB)
2025-08-20T20:59:58.8371842Z #34 13.13    ━━━━━━━━━━━━━━━━━━━━━━━━━━━━━━━━━━━━━━━━ 12.7/12.7 MB 171.8 MB/s eta 0:00:00
2025-08-20T20:59:58.8372208Z #34 13.14 Downloading pandera-0.19.3-py3-none-any.whl (251 kB)
2025-08-20T20:59:58.8372592Z #34 13.16 Downloading openpyxl-3.1.5-py2.py3-none-any.whl (250 kB)
2025-08-20T20:59:58.8373365Z #34 13.18 Downloading psycopg2_binary-2.9.10-cp312-cp312-manylinux_2_17_x86_64.manylinux2014_x86_64.whl (3.0 MB)
2025-08-20T20:59:58.8374055Z #34 13.20    ━━━━━━━━━━━━━━━━━━━━━━━━━━━━━━━━━━━━━━━━ 3.0/3.0 MB 150.6 MB/s eta 0:00:00
2025-08-20T20:59:58.8374668Z #34 13.23 Downloading numpy-1.26.4-cp312-cp312-manylinux_2_17_x86_64.manylinux2014_x86_64.whl (18.0 MB)
2025-08-20T20:59:58.8375218Z #34 13.37    ━━━━━━━━━━━━━━━━━━━━━━━━━━━━━━━━━━━━━━━━ 18.0/18.0 MB 136.8 MB/s eta 0:00:00
2025-08-20T20:59:58.8375819Z #34 13.37 Downloading billiard-4.2.1-py3-none-any.whl (86 kB)
2025-08-20T20:59:58.8376461Z #34 13.38 Downloading boto3-1.40.14-py3-none-any.whl (140 kB)
2025-08-20T20:59:58.8377109Z #34 13.41 Downloading cachetools-4.2.4-py3-none-any.whl (10 kB)
2025-08-20T20:59:58.8377760Z #34 13.44 Downloading click-8.2.1-py3-none-any.whl (102 kB)
2025-08-20T20:59:58.8378443Z #34 13.45 Downloading click_didyoumean-0.3.1-py3-none-any.whl (3.6 kB)
2025-08-20T20:59:58.8379373Z #34 13.48 Downloading click_plugins-1.1.1.2-py2.py3-none-any.whl (11 kB)
2025-08-20T20:59:58.8380099Z #34 13.49 Downloading click_repl-0.3.0-py3-none-any.whl (10 kB)
2025-08-20T20:59:58.8380772Z #34 13.53 Downloading confuse-1.4.0-py2.py3-none-any.whl (21 kB)
2025-08-20T20:59:58.8381431Z #34 13.53 Downloading kombu-5.5.4-py3-none-any.whl (210 kB)
2025-08-20T20:59:58.8381775Z #34 13.55 Downloading vine-5.1.0-py3-none-any.whl (9.6 kB)
2025-08-20T20:59:58.8382127Z #34 13.57 Downloading multimethod-1.10-py3-none-any.whl (9.9 kB)
2025-08-20T20:59:58.8382497Z #34 13.58 Downloading packaging-25.0-py3-none-any.whl (66 kB)
2025-08-20T20:59:58.8382859Z #34 13.59 Downloading pydantic-2.11.7-py3-none-any.whl (444 kB)
2025-08-20T20:59:58.8383371Z #34 13.62 Downloading pydantic_core-2.33.2-cp312-cp312-manylinux_2_17_x86_64.manylinux2014_x86_64.whl (2.0 MB)
2025-08-20T20:59:58.8383996Z #34 13.65    ━━━━━━━━━━━━━━━━━━━━━━━━━━━━━━━━━━━━━━━━ 2.0/2.0 MB 78.2 MB/s eta 0:00:00
2025-08-20T20:59:58.8384505Z #34 13.66 Downloading PyJWT-2.10.1-py3-none-any.whl (22 kB)
2025-08-20T20:59:58.8384931Z #34 13.67 Downloading python_dateutil-2.9.0.post0-py2.py3-none-any.whl (229 kB)
2025-08-20T20:59:58.8385363Z #34 13.71 Downloading python_dotenv-1.1.1-py3-none-any.whl (20 kB)
2025-08-20T20:59:58.8385741Z #34 13.73 Downloading pytz-2025.2-py2.py3-none-any.whl (509 kB)
2025-08-20T20:59:58.8386097Z #34 13.75 Downloading requests-2.32.5-py3-none-any.whl (64 kB)
2025-08-20T20:59:58.8386461Z #34 13.77 Downloading certifi-2025.8.3-py3-none-any.whl (161 kB)
2025-08-20T20:59:58.8386815Z #34 13.79 Downloading six-1.17.0-py2.py3-none-any.whl (11 kB)
2025-08-20T20:59:58.8387181Z #34 13.81 Downloading typing_inspect-0.9.0-py3-none-any.whl (8.8 kB)
2025-08-20T20:59:58.8387568Z #34 13.84 Downloading tzdata-2025.2-py2.py3-none-any.whl (347 kB)
2025-08-20T20:59:58.8388164Z #34 13.86 Downloading urllib3-2.5.0-py3-none-any.whl (129 kB)
2025-08-20T20:59:58.8389204Z #34 13.88 Downloading aiohttp-3.12.15-cp312-cp312-manylinux_2_17_x86_64.manylinux2014_x86_64.whl (1.7 MB)
2025-08-20T20:59:58.8390300Z #34 13.90    ━━━━━━━━━━━━━━━━━━━━━━━━━━━━━━━━━━━━━━━━ 1.7/1.7 MB 80.9 MB/s eta 0:00:00
2025-08-20T20:59:58.8390940Z #34 13.91 Downloading et_xmlfile-2.0.0-py3-none-any.whl (18 kB)
2025-08-20T20:59:58.8392037Z #34 13.94 Downloading pycryptodome-3.23.0-cp37-abi3-manylinux_2_17_x86_64.manylinux2014_x86_64.whl (2.3 MB)
2025-08-20T20:59:58.8393130Z #34 13.95    ━━━━━━━━━━━━━━━━━━━━━━━━━━━━━━━━━━━━━━━━ 2.3/2.3 MB 101.3 MB/s eta 0:00:00
2025-08-20T20:59:58.8393779Z #34 13.97 Downloading tqdm-4.67.1-py3-none-any.whl (78 kB)
2025-08-20T20:59:58.8394327Z #34 13.98 Downloading typeguard-4.4.4-py3-none-any.whl (34 kB)
2025-08-20T20:59:58.8394876Z #34 14.00 Downloading wrapt-1.17.3-cp312-cp312-manylinux1_x86_64.manylinux_2_28_x86_64.manylinux_2_5_x86_64.whl (88 kB)
2025-08-20T20:59:58.8395511Z #34 14.04 Downloading aiohappyeyeballs-2.6.1-py3-none-any.whl (15 kB)
2025-08-20T20:59:58.8395966Z #34 14.05 Downloading aiosignal-1.4.0-py3-none-any.whl (7.5 kB)
2025-08-20T20:59:58.8396335Z #34 14.07 Downloading amqp-5.3.1-py3-none-any.whl (50 kB)
2025-08-20T20:59:58.8397178Z #34 14.09 Downloading annotated_types-0.7.0-py3-none-any.whl (13 kB)
2025-08-20T20:59:58.8397868Z #34 14.11 Downloading attrs-25.3.0-py3-none-any.whl (63 kB)
2025-08-20T20:59:58.8398546Z #34 14.14 Downloading botocore-1.40.14-py3-none-any.whl (14.0 MB)
2025-08-20T20:59:58.8399610Z #34 14.26    ━━━━━━━━━━━━━━━━━━━━━━━━━━━━━━━━━━━━━━━━ 14.0/14.0 MB 108.7 MB/s eta 0:00:00
2025-08-20T20:59:58.8400681Z #34 14.28 Downloading charset_normalizer-3.4.3-cp312-cp312-manylinux2014_x86_64.manylinux_2_17_x86_64.manylinux_2_28_x86_64.whl (151 kB)
2025-08-20T20:59:58.8402192Z #34 14.31 Downloading frozenlist-1.7.0-cp312-cp312-manylinux_2_5_x86_64.manylinux1_x86_64.manylinux_2_17_x86_64.manylinux2014_x86_64.whl (241 kB)
2025-08-20T20:59:58.8403284Z #34 14.35 Downloading idna-3.10-py3-none-any.whl (70 kB)
2025-08-20T20:59:58.8403769Z #34 14.36 Downloading jmespath-1.0.1-py3-none-any.whl (20 kB)
2025-08-20T20:59:58.8404322Z #34 14.38 Downloading multidict-6.6.4-cp312-cp312-manylinux2014_x86_64.manylinux_2_17_x86_64.manylinux_2_28_x86_64.whl (256 kB)
2025-08-20T20:59:58.8404908Z #34 14.40 Downloading mypy_extensions-1.1.0-py3-none-any.whl (5.0 kB)
2025-08-20T20:59:58.8405407Z #34 14.42 Downloading prompt_toolkit-3.0.51-py3-none-any.whl (387 kB)
2025-08-20T20:59:58.8405964Z #34 14.43 Downloading propcache-0.3.2-cp312-cp312-manylinux_2_17_x86_64.manylinux2014_x86_64.whl (224 kB)
2025-08-20T20:59:58.8406554Z #34 14.45 Downloading s3transfer-0.13.1-py3-none-any.whl (85 kB)
2025-08-20T20:59:58.8407278Z #34 14.46 Downloading typing_extensions-4.14.1-py3-none-any.whl (43 kB)
2025-08-20T20:59:58.8408049Z #34 14.49 Downloading typing_inspection-0.4.1-py3-none-any.whl (14 kB)
2025-08-20T20:59:58.8409304Z #34 14.52 Downloading yarl-1.20.1-cp312-cp312-manylinux_2_17_x86_64.manylinux2014_x86_64.whl (355 kB)
2025-08-20T20:59:58.8410377Z #34 14.54 Downloading PyYAML-6.0.2-cp312-cp312-manylinux_2_17_x86_64.manylinux2014_x86_64.whl (767 kB)
2025-08-20T20:59:58.8411448Z #34 14.56    ━━━━━━━━━━━━━━━━━━━━━━━━━━━━━━━━━━━━━━━━ 767.5/767.5 kB 26.6 MB/s eta 0:00:00
2025-08-20T20:59:58.8412145Z #34 14.58 Downloading wcwidth-0.2.13-py2.py3-none-any.whl (34 kB)
2025-08-20T20:59:59.0036454Z #34 14.90 Installing collected packages: wcwidth, pytz, wrapt, vine, urllib3, tzdata, typing-extensions, tqdm, six, pyyaml, python-dotenv, PyJWT, pycryptodome, psycopg2-binary, propcache, prompt-toolkit, packaging, numpy, mypy-extensions, multimethod, multidict, jmespath, idna, frozenlist, et-xmlfile, click, charset_normalizer, certifi, cachetools, billiard, attrs, annotated-types, aiohappyeyeballs, yarl, typing-inspection, typing-inspect, typeguard, requests, redis, python-dateutil, pydantic-core, openpyxl, minio, confuse, click-repl, click-plugins, click-didyoumean, amqp, aiosignal, pydantic, pandas, kombu, botocore, aiohttp, s3transfer, pydantic-settings, pandera, keepa, celery, boto3, python-amazon-sp-api
2025-08-20T20:59:59.5938454Z #34 ...
2025-08-20T20:59:59.5938903Z 
2025-08-20T20:59:59.5939225Z #44 [fees_h10 stage-1 3/5] COPY --from=base /usr/local /usr/local
2025-08-20T20:59:59.5939796Z #44 DONE 2.1s
2025-08-20T20:59:59.7766038Z 
2025-08-20T20:59:59.7768802Z #45 [fees_h10 stage-1 4/5] COPY --from=base /app /app
2025-08-20T20:59:59.7769696Z #45 DONE 0.0s
2025-08-20T20:59:59.7769885Z 
2025-08-20T20:59:59.7770079Z #46 [fees_h10 stage-1 5/5] RUN chmod +x ./start.sh
2025-08-20T20:59:59.7934045Z #46 DONE 0.2s
2025-08-20T20:59:59.7934303Z 
2025-08-20T20:59:59.7934870Z #34 [etl base 4/5] RUN if [ -n "" ] && [ -f "" ]; then         pip install -r requirements.txt -c "";     else         pip install -r requirements.txt;     fi
2025-08-20T21:00:00.2463840Z #34 ...
2025-08-20T21:00:00.2464219Z 
2025-08-20T21:00:00.2464385Z #47 [fees_h10] exporting to image
2025-08-20T21:00:01.2207409Z #47 exporting layers 1.4s done
2025-08-20T21:00:01.2208270Z #47 writing image sha256:014168e006ebd4877b7ac0a1676f274756ea64b355d9ad4ce2bbaa2d14e99ab5
2025-08-20T21:00:01.4056302Z #47 writing image sha256:014168e006ebd4877b7ac0a1676f274756ea64b355d9ad4ce2bbaa2d14e99ab5 done
2025-08-20T21:00:01.4057531Z #47 naming to docker.io/library/awa-app-fees_h10 done
2025-08-20T21:00:01.4058071Z #47 DONE 1.4s
2025-08-20T21:00:01.4058265Z 
2025-08-20T21:00:01.4058488Z #48 [fees_h10] resolving provenance for metadata file
2025-08-20T21:00:01.4059189Z #48 DONE 0.0s
2025-08-20T21:00:01.4059375Z 
2025-08-20T21:00:01.4059666Z #35 [api base  4/13] RUN pip install --no-cache-dir -r requirements.txt
2025-08-20T21:00:05.8180375Z #35 21.73 Successfully installed Jinja2-3.1.5 Mako-1.3.10 MarkupSafe-3.0.2 alembic-1.13.1 amqp-5.3.1 annotated-types-0.7.0 anyio-4.10.0 asgi-correlation-id-4.3.1 asyncpg-0.29.0 billiard-4.2.1 boto3-1.34.162 botocore-1.34.162 celery-5.3.6 certifi-2025.8.3 click-8.2.1 click-didyoumean-0.3.1 click-plugins-1.1.1.2 click-repl-0.3.0 dnspython-2.7.0 email_validator-2.2.0 fastapi-0.111.0 fastapi-cli-0.0.8 fastapi-limiter-0.1.6 greenlet-3.2.4 h11-0.16.0 httpcore-1.0.9 httptools-0.6.4 httpx-0.27.2 idna-3.10 jmespath-1.0.1 kombu-5.5.4 markdown-it-py-4.0.0 mdurl-0.1.2 orjson-3.11.2 packaging-25.0 prompt-toolkit-3.0.51 psycopg-3.2.9 psycopg-binary-3.2.9 pydantic-2.11.7 pydantic-core-2.33.2 pydantic-settings-2.2.1 pygments-2.19.2 python-dateutil-2.9.0.post0 python-dotenv-1.1.1 python-multipart-0.0.20 pyyaml-6.0.2 redis-5.0.8 rich-14.1.0 rich-toolkit-0.15.0 s3transfer-0.10.4 sentry-sdk-2.9.0 shellingham-1.5.4 six-1.17.0 sniffio-1.3.1 sqlalchemy-2.0.29 starlette-0.37.2 structlog-24.1.0 typer-0.16.1 typing-extensions-4.14.1 typing-inspection-0.4.1 tzdata-2025.2 ujson-5.11.0 urllib3-2.5.0 uvicorn-0.29.0 uvloop-0.21.0 vine-5.1.0 watchfiles-1.1.0 wcwidth-0.2.13 websockets-15.0.1
2025-08-20T21:00:05.9200036Z #35 21.73 WARNING: Running pip as the 'root' user can result in broken permissions and conflicting behaviour with the system package manager, possibly rendering your system unusable. It is recommended to use a virtual environment instead: https://pip.pypa.io/warnings/venv. Use the --root-user-action option if you know what you are doing and want to suppress this warning.
2025-08-20T21:00:05.9203532Z #35 21.83 
2025-08-20T21:00:05.9204031Z #35 21.83 [notice] A new release of pip is available: 25.0.1 -> 25.2
2025-08-20T21:00:05.9204694Z #35 21.83 [notice] To update, run: pip install --upgrade pip
2025-08-20T21:00:06.6631454Z #35 DONE 22.6s
2025-08-20T21:00:06.6637037Z 
2025-08-20T21:00:06.6639219Z #34 [etl base 4/5] RUN if [ -n "" ] && [ -f "" ]; then         pip install -r requirements.txt -c "";     else         pip install -r requirements.txt;     fi
2025-08-20T21:00:06.7724440Z #34 ...
2025-08-20T21:00:06.7724975Z 
2025-08-20T21:00:06.7725284Z #49 [api base  5/13] COPY services/api/ ./services/api
2025-08-20T21:00:06.7725828Z #49 DONE 0.0s
2025-08-20T21:00:06.7726066Z 
2025-08-20T21:00:06.7726310Z #50 [api base  6/13] COPY services/common/ ./services/common
2025-08-20T21:00:06.7726869Z #50 DONE 0.0s
2025-08-20T21:00:06.7727056Z 
2025-08-20T21:00:06.7727305Z #51 [api base  7/13] COPY services/ingest/ ./services/ingest
2025-08-20T21:00:06.7727798Z #51 DONE 0.0s
2025-08-20T21:00:06.7727975Z 
2025-08-20T21:00:06.7728204Z #52 [api base  8/13] COPY services/etl/ ./services/etl
2025-08-20T21:00:06.7728995Z #52 DONE 0.0s
2025-08-20T21:00:06.7729201Z 
2025-08-20T21:00:06.7729831Z #53 [api base  9/13] COPY api/ ./api
2025-08-20T21:00:06.7730239Z #53 DONE 0.0s
2025-08-20T21:00:06.9552581Z 
2025-08-20T21:00:06.9554137Z #54 [api base 10/13] COPY services/api/alembic.ini ./alembic.ini
2025-08-20T21:00:06.9555734Z #54 DONE 0.0s
2025-08-20T21:00:06.9555915Z 
2025-08-20T21:00:06.9556082Z #55 [api base 11/13] COPY alembic/ ./alembic/
2025-08-20T21:00:06.9556492Z #55 DONE 0.0s
2025-08-20T21:00:06.9556657Z 
2025-08-20T21:00:06.9556922Z #56 [api base 12/13] COPY services/api/entrypoint.sh ./entrypoint.sh
2025-08-20T21:00:06.9557432Z #56 DONE 0.0s
2025-08-20T21:00:06.9557600Z 
2025-08-20T21:00:06.9557770Z #57 [api base 13/13] RUN chmod +x ./entrypoint.sh
2025-08-20T21:00:06.9558192Z #57 DONE 0.1s
2025-08-20T21:00:06.9558362Z 
2025-08-20T21:00:06.9559417Z #34 [etl base 4/5] RUN if [ -n "" ] && [ -f "" ]; then         pip install -r requirements.txt -c "";     else         pip install -r requirements.txt;     fi
2025-08-20T21:00:07.9859132Z #34 ...
2025-08-20T21:00:07.9859400Z 
2025-08-20T21:00:07.9860311Z #58 [api stage-1 4/6] COPY --from=base /usr/local /usr/local
2025-08-20T21:00:10.1975165Z #58 DONE 2.2s
2025-08-20T21:00:10.1975432Z 
2025-08-20T21:00:10.1976029Z #34 [etl base 4/5] RUN if [ -n "" ] && [ -f "" ]; then         pip install -r requirements.txt -c "";     else         pip install -r requirements.txt;     fi
2025-08-20T21:00:10.3680272Z #34 ...
2025-08-20T21:00:10.3686283Z 
2025-08-20T21:00:10.3686993Z #59 [api stage-1 5/6] COPY --from=base /app /app
2025-08-20T21:00:10.3687512Z #59 DONE 0.0s
2025-08-20T21:00:10.3687698Z 
2025-08-20T21:00:10.3687906Z #60 [api stage-1 6/6] RUN chmod +x /app/entrypoint.sh
2025-08-20T21:00:10.3688366Z #60 DONE 0.1s
2025-08-20T21:00:10.5203355Z 
2025-08-20T21:00:10.5203790Z #61 [api] exporting to image
2025-08-20T21:00:10.5204242Z #61 exporting layers
2025-08-20T21:00:12.1431695Z #61 ...
2025-08-20T21:00:12.1431923Z 
2025-08-20T21:00:12.1432588Z #34 [celery_worker base 4/5] RUN if [ -n "" ] && [ -f "" ]; then         pip install -r requirements.txt -c "";     else         pip install -r requirements.txt;     fi
2025-08-20T21:00:12.1435241Z #34 27.35 WARNING: Running pip as the 'root' user can result in broken permissions and conflicting behaviour with the system package manager, possibly rendering your system unusable. It is recommended to use a virtual environment instead: https://pip.pypa.io/warnings/venv. Use the --root-user-action option if you know what you are doing and want to suppress this warning.
2025-08-20T21:00:12.1442229Z #34 27.36 Successfully installed PyJWT-2.10.1 aiohappyeyeballs-2.6.1 aiohttp-3.12.15 aiosignal-1.4.0 amqp-5.3.1 annotated-types-0.7.0 attrs-25.3.0 billiard-4.2.1 boto3-1.40.14 botocore-1.40.14 cachetools-4.2.4 celery-5.3.6 certifi-2025.8.3 charset_normalizer-3.4.3 click-8.2.1 click-didyoumean-0.3.1 click-plugins-1.1.1.2 click-repl-0.3.0 confuse-1.4.0 et-xmlfile-2.0.0 frozenlist-1.7.0 idna-3.10 jmespath-1.0.1 keepa-1.3.14 kombu-5.5.4 minio-7.1.15 multidict-6.6.4 multimethod-1.10 mypy-extensions-1.1.0 numpy-1.26.4 openpyxl-3.1.5 packaging-25.0 pandas-2.2.3 pandera-0.19.3 prompt-toolkit-3.0.51 propcache-0.3.2 psycopg2-binary-2.9.10 pycryptodome-3.23.0 pydantic-2.11.7 pydantic-core-2.33.2 pydantic-settings-2.2.1 python-amazon-sp-api-0.8.0 python-dateutil-2.9.0.post0 python-dotenv-1.1.1 pytz-2025.2 pyyaml-6.0.2 redis-5.3.1 requests-2.32.5 s3transfer-0.13.1 six-1.17.0 tqdm-4.67.1 typeguard-4.4.4 typing-extensions-4.14.1 typing-inspect-0.9.0 typing-inspection-0.4.1 tzdata-2025.2 urllib3-2.5.0 vine-5.1.0 wcwidth-0.2.13 wrapt-1.17.3 yarl-1.20.1
2025-08-20T21:00:12.1447735Z #34 27.50 
2025-08-20T21:00:12.1448147Z #34 27.50 [notice] A new release of pip is available: 25.0.1 -> 25.2
2025-08-20T21:00:12.1448923Z #34 27.50 [notice] To update, run: pip install --upgrade pip
2025-08-20T21:00:12.1449423Z #34 DONE 27.9s
2025-08-20T21:00:12.1449594Z 
2025-08-20T21:00:12.1449749Z #62 [etl base 5/5] COPY services/etl/ .
2025-08-20T21:00:12.1450136Z #62 DONE 0.0s
2025-08-20T21:00:12.2940498Z 
2025-08-20T21:00:12.2940918Z #61 [api] exporting to image
2025-08-20T21:00:12.6403663Z #61 exporting layers 2.3s done
2025-08-20T21:00:12.8174652Z #61 writing image sha256:7af146c44a47793b408f703765282d8a58f6a8ec3cbe28eb0be5c58ffa331b18 done
2025-08-20T21:00:12.8176686Z #61 naming to docker.io/library/awa-app-api done
2025-08-20T21:00:12.8177321Z #61 DONE 2.3s
2025-08-20T21:00:12.8177501Z 
2025-08-20T21:00:12.8177691Z #63 [api] resolving provenance for metadata file
2025-08-20T21:00:12.8178127Z #63 DONE 0.0s
2025-08-20T21:00:13.3558564Z 
2025-08-20T21:00:13.3559555Z #64 [celery_worker stage-1 3/9] COPY --from=base /usr/local /usr/local
2025-08-20T21:00:16.0246784Z #64 DONE 2.5s
2025-08-20T21:00:16.0247045Z 
2025-08-20T21:00:16.0247338Z #65 [celery_worker stage-1 4/9] COPY --from=base /app /app
2025-08-20T21:00:16.0247765Z #65 DONE 0.0s
2025-08-20T21:00:16.0247897Z 
2025-08-20T21:00:16.0249381Z #66 [celery_worker stage-1 5/9] RUN set -eux;     if [ -f /etc/apt/sources.list ]; then         sed -i 's|http://deb.debian.org|https://deb.debian.org|g' /etc/apt/sources.list;     fi;     apt-get update;     apt-get install -y --no-install-recommends tzdata;     rm -rf /var/lib/apt/lists/*
2025-08-20T21:00:16.0250678Z #66 0.109 + [ -f /etc/apt/sources.list ]
2025-08-20T21:00:16.0250981Z #66 0.109 + apt-get update
2025-08-20T21:00:16.1409076Z #66 0.191 Hit:1 http://deb.debian.org/debian trixie InRelease
2025-08-20T21:00:16.1409708Z #66 0.197 Get:2 http://deb.debian.org/debian trixie-updates InRelease [47.1 kB]
2025-08-20T21:00:16.2661462Z #66 0.226 Get:3 http://deb.debian.org/debian-security trixie-security InRelease [43.4 kB]
2025-08-20T21:00:16.2662213Z #66 0.244 Get:4 http://deb.debian.org/debian trixie/main amd64 Packages [9668 kB]
2025-08-20T21:00:16.2662802Z #66 0.351 Get:5 http://deb.debian.org/debian trixie-updates/main amd64 Packages [2432 B]
2025-08-20T21:00:16.4307937Z #66 0.365 Get:6 http://deb.debian.org/debian-security trixie-security/main amd64 Packages [20.5 kB]
2025-08-20T21:00:17.0443816Z #66 0.979 Fetched 9781 kB in 1s (11.5 MB/s)
2025-08-20T21:00:17.4898393Z #66 0.979 Reading package lists...
2025-08-20T21:00:17.4899409Z #66 1.416 + apt-get install -y --no-install-recommends tzdata
2025-08-20T21:00:17.9028548Z #66 1.424 Reading package lists...
2025-08-20T21:00:18.0415478Z #66 1.877 Building dependency tree...
2025-08-20T21:00:18.0415971Z #66 1.988 Reading state information...
2025-08-20T21:00:18.2135433Z #66 2.126 tzdata is already the newest version (2025b-4).
2025-08-20T21:00:18.2136215Z #66 2.126 0 upgraded, 0 newly installed, 0 to remove and 0 not upgraded.
2025-08-20T21:00:18.2140218Z #66 2.127 + rm -rf /var/lib/apt/lists/auxfiles /var/lib/apt/lists/deb.debian.org_debian-security_dists_trixie-security_InRelease /var/lib/apt/lists/deb.debian.org_debian-security_dists_trixie-security_main_binary-amd64_Packages.lz4 /var/lib/apt/lists/deb.debian.org_debian_dists_trixie-updates_InRelease /var/lib/apt/lists/deb.debian.org_debian_dists_trixie-updates_main_binary-amd64_Packages.lz4 /var/lib/apt/lists/deb.debian.org_debian_dists_trixie_InRelease /var/lib/apt/lists/deb.debian.org_debian_dists_trixie_main_binary-amd64_Packages.lz4 /var/lib/apt/lists/lock /var/lib/apt/lists/partial
2025-08-20T21:00:18.2143913Z #66 DONE 2.1s
2025-08-20T21:00:18.2144115Z 
2025-08-20T21:00:18.2144564Z #67 [celery_worker stage-1 6/9] COPY services/etl/wait-for-it.sh /usr/local/bin/wait-for-it.sh
2025-08-20T21:00:18.2144971Z #67 DONE 0.0s
2025-08-20T21:00:18.2145085Z 
2025-08-20T21:00:18.2145341Z #68 [celery_worker stage-1 7/9] RUN chmod +x /usr/local/bin/wait-for-it.sh
2025-08-20T21:00:18.3780379Z #68 DONE 0.1s
2025-08-20T21:00:18.3780641Z 
2025-08-20T21:00:18.3780865Z #69 [etl stage-1 8/9] COPY services/etl/entrypoint.sh /app/entrypoint.sh
2025-08-20T21:00:18.3781323Z #69 DONE 0.0s
2025-08-20T21:00:18.3781519Z 
2025-08-20T21:00:18.3781771Z #70 [celery_worker stage-1 9/9] RUN chmod +x /app/entrypoint.sh
2025-08-20T21:00:18.5311031Z #70 DONE 0.1s
2025-08-20T21:00:18.5311289Z 
2025-08-20T21:00:18.5311473Z #71 [etl] exporting to image
2025-08-20T21:00:18.5311893Z #71 exporting layers
2025-08-20T21:00:21.5885004Z #71 exporting layers 3.2s done
2025-08-20T21:00:21.5885828Z #71 writing image sha256:e2d7cd1b31eba2eea81cd1ebc4a718905c04fa178987b7cdb26d2b2dd481172c done
2025-08-20T21:00:21.5887059Z #71 naming to docker.io/library/awa-app-etl done
2025-08-20T21:00:21.5887702Z #71 DONE 3.2s
2025-08-20T21:00:21.5887912Z 
2025-08-20T21:00:21.5888071Z #72 [celery_worker] exporting to image
2025-08-20T21:00:21.5888520Z #72 exporting layers 3.2s done
2025-08-20T21:00:21.5889438Z #72 writing image sha256:e2d7cd1b31eba2eea81cd1ebc4a718905c04fa178987b7cdb26d2b2dd481172c done
2025-08-20T21:00:21.5890302Z #72 naming to docker.io/library/awa-app-celery_worker done
2025-08-20T21:00:21.5890935Z #72 DONE 3.2s
2025-08-20T21:00:21.5891115Z 
2025-08-20T21:00:21.5891304Z #73 [etl] resolving provenance for metadata file
2025-08-20T21:00:21.5891642Z #73 DONE 0.0s
2025-08-20T21:00:21.5891750Z 
2025-08-20T21:00:21.5892126Z #74 [celery_worker] resolving provenance for metadata file
2025-08-20T21:00:21.5892434Z #74 DONE 0.0s
2025-08-20T21:00:21.5892764Z  celery_worker  Built
2025-08-20T21:00:21.5892975Z  postgres  Built
2025-08-20T21:00:21.5893153Z  etl  Built
2025-08-20T21:00:21.5893322Z  fees_h10  Built
2025-08-20T21:00:21.5893494Z  api  Built
2025-08-20T21:00:21.5963425Z ##[group]Run export COMPOSE_DOCKER_CLI_BUILD=1 DOCKER_BUILDKIT=1
2025-08-20T21:00:21.5963878Z [36;1mexport COMPOSE_DOCKER_CLI_BUILD=1 DOCKER_BUILDKIT=1[0m
2025-08-20T21:00:21.5964194Z [36;1mdocker compose \[0m
2025-08-20T21:00:21.5964423Z [36;1m  -f docker-compose.yml \[0m
2025-08-20T21:00:21.5964687Z [36;1m  -f docker-compose.ci.yml \[0m
2025-08-20T21:00:21.5964984Z [36;1m  -f docker-compose.postgres.yml \[0m
2025-08-20T21:00:21.5965251Z [36;1m  pull[0m
2025-08-20T21:00:21.6005441Z shell: /usr/bin/bash -e {0}
2025-08-20T21:00:21.6005666Z env:
2025-08-20T21:00:21.6005895Z   GITHUB_SHA: fd155233b3e65db95b9ae1a2f0471e25c2f0c84a
2025-08-20T21:00:21.6006176Z ##[endgroup]
2025-08-20T21:00:21.7276598Z  postgres Skipped - No image to be pulled 
2025-08-20T21:00:21.7277012Z  api Skipped - No image to be pulled 
2025-08-20T21:00:21.7277302Z  celery_worker Skipped - No image to be pulled 
2025-08-20T21:00:21.7277591Z  fees_h10 Skipped - No image to be pulled 
2025-08-20T21:00:21.7277906Z  etl Skipped - No image to be pulled 
2025-08-20T21:00:21.7278139Z  redis Pulling 
2025-08-20T21:00:21.7278336Z  minio Pulling 
2025-08-20T21:00:22.4884862Z  dd15713b0f22 Pulling fs layer 
2025-08-20T21:00:22.4885383Z  fd312a3c94fc Pulling fs layer 
2025-08-20T21:00:22.4885803Z  02e05d20c69e Pulling fs layer 
2025-08-20T21:00:22.4886388Z  1f08d9fb7d7d Pulling fs layer 
2025-08-20T21:00:22.4886923Z  b452b5fb7338 Pulling fs layer 
2025-08-20T21:00:22.4887374Z  e14ab7c7ae26 Pulling fs layer 
2025-08-20T21:00:22.4887788Z  3bf7f4428838 Pulling fs layer 
2025-08-20T21:00:22.4888196Z  adc9ba906e83 Pulling fs layer 
2025-08-20T21:00:22.4888794Z  1611ffcaf8be Pulling fs layer 
2025-08-20T21:00:22.4889210Z  1f08d9fb7d7d Waiting 
2025-08-20T21:00:22.4889565Z  b452b5fb7338 Waiting 
2025-08-20T21:00:22.4889945Z  e14ab7c7ae26 Waiting 
2025-08-20T21:00:22.4890298Z  3bf7f4428838 Waiting 
2025-08-20T21:00:22.4890614Z  adc9ba906e83 Waiting 
2025-08-20T21:00:22.4890948Z  1611ffcaf8be Waiting 
2025-08-20T21:00:22.5479224Z  0368fd46e3c6 Pulling fs layer 
2025-08-20T21:00:22.5480276Z  4c55286bbede Pulling fs layer 
2025-08-20T21:00:22.5481005Z  5e28347af205 Pulling fs layer 
2025-08-20T21:00:22.5481473Z  311eca34042e Pulling fs layer 
2025-08-20T21:00:22.5481856Z  e6fe6f07e192 Pulling fs layer 
2025-08-20T21:00:22.5482125Z  a2cadbfeca72 Pulling fs layer 
2025-08-20T21:00:22.5482479Z  4f4fb700ef54 Pulling fs layer 
2025-08-20T21:00:22.5482857Z  a976ed7e7808 Pulling fs layer 
2025-08-20T21:00:22.5483273Z  311eca34042e Waiting 
2025-08-20T21:00:22.5483637Z  4c55286bbede Waiting 
2025-08-20T21:00:22.5483989Z  5e28347af205 Waiting 
2025-08-20T21:00:22.5484333Z  e6fe6f07e192 Waiting 
2025-08-20T21:00:22.5484701Z  a2cadbfeca72 Waiting 
2025-08-20T21:00:22.5485056Z  4f4fb700ef54 Waiting 
2025-08-20T21:00:22.5485396Z  a976ed7e7808 Waiting 
2025-08-20T21:00:22.5486069Z  0368fd46e3c6 Waiting 
2025-08-20T21:00:22.6956587Z  02e05d20c69e Downloading [>                                                  ]    2.3kB/122.7kB
2025-08-20T21:00:22.7000957Z  dd15713b0f22 Downloading [>                                                  ]  74.26kB/7.24MB
2025-08-20T21:00:22.7103200Z  02e05d20c69e Downloading [==================================================>]  122.7kB/122.7kB
2025-08-20T21:00:22.7103961Z  02e05d20c69e Verifying Checksum 
2025-08-20T21:00:22.7104480Z  02e05d20c69e Download complete 
2025-08-20T21:00:22.7208795Z  fd312a3c94fc Downloading [>                                                  ]  16.41kB/1.637MB
2025-08-20T21:00:22.7817106Z  fd312a3c94fc Verifying Checksum 
2025-08-20T21:00:22.7817622Z  fd312a3c94fc Download complete 
2025-08-20T21:00:22.7989123Z  dd15713b0f22 Verifying Checksum 
2025-08-20T21:00:22.7989612Z  dd15713b0f22 Download complete 
2025-08-20T21:00:22.7996307Z  dd15713b0f22 Extracting [>                                                  ]   98.3kB/7.24MB
2025-08-20T21:00:22.9000886Z  dd15713b0f22 Extracting [===================>                               ]  2.851MB/7.24MB
2025-08-20T21:00:22.9629671Z  1f08d9fb7d7d Downloading [>                                                  ]  404.3kB/39.39MB
2025-08-20T21:00:23.0049854Z  dd15713b0f22 Extracting [=============================================>     ]  6.586MB/7.24MB
2025-08-20T21:00:23.0185020Z  b452b5fb7338 Downloading [>                                                  ]  115.7kB/11.19MB
2025-08-20T21:00:23.0252509Z  dd15713b0f22 Extracting [==================================================>]   7.24MB/7.24MB
2025-08-20T21:00:23.0349659Z  dd15713b0f22 Pull complete 
2025-08-20T21:00:23.0366444Z  fd312a3c94fc Extracting [=>                                                 ]  32.77kB/1.637MB
2025-08-20T21:00:23.0486691Z  e14ab7c7ae26 Downloading [>                                                  ]  24.72kB/2.402MB
2025-08-20T21:00:23.0731885Z  1f08d9fb7d7d Downloading [=====>                                             ]  4.422MB/39.39MB
2025-08-20T21:00:23.0830617Z  fd312a3c94fc Extracting [==================================================>]  1.637MB/1.637MB
2025-08-20T21:00:23.0859374Z  fd312a3c94fc Extracting [==================================================>]  1.637MB/1.637MB
2025-08-20T21:00:23.1212539Z  b452b5fb7338 Downloading [========================================>          ]  9.141MB/11.19MB
2025-08-20T21:00:23.1216464Z  e14ab7c7ae26 Download complete 
2025-08-20T21:00:23.1460916Z  b452b5fb7338 Verifying Checksum 
2025-08-20T21:00:23.1461559Z  b452b5fb7338 Download complete 
2025-08-20T21:00:23.1463483Z  fd312a3c94fc Pull complete 
2025-08-20T21:00:23.1473517Z  02e05d20c69e Extracting [=============>                                     ]  32.77kB/122.7kB
2025-08-20T21:00:23.1488280Z  02e05d20c69e Extracting [==================================================>]  122.7kB/122.7kB
2025-08-20T21:00:23.1619165Z  02e05d20c69e Pull complete 
2025-08-20T21:00:23.1760610Z  1f08d9fb7d7d Downloading [=============>                                     ]  10.88MB/39.39MB
2025-08-20T21:00:23.2814567Z  1f08d9fb7d7d Downloading [=========================>                         ]  19.73MB/39.39MB
2025-08-20T21:00:23.3420781Z  3bf7f4428838 Downloading [>                                                  ]    2.3kB/180.3kB
2025-08-20T21:00:23.3519608Z  adc9ba906e83 Downloading [===>                                               ]     932B/11.88kB
2025-08-20T21:00:23.3521178Z  adc9ba906e83 Downloading [==================================================>]  11.88kB/11.88kB
2025-08-20T21:00:23.3521965Z  adc9ba906e83 Download complete 
2025-08-20T21:00:23.3706527Z  3bf7f4428838 Downloading [==================================================>]  180.3kB/180.3kB
2025-08-20T21:00:23.3707227Z  3bf7f4428838 Verifying Checksum 
2025-08-20T21:00:23.3707666Z  3bf7f4428838 Download complete 
2025-08-20T21:00:23.3824863Z  1f08d9fb7d7d Downloading [===============================>                   ]  24.99MB/39.39MB
2025-08-20T21:00:23.5073930Z  1f08d9fb7d7d Downloading [===========================================>       ]  33.88MB/39.39MB
2025-08-20T21:00:23.5898740Z  0368fd46e3c6 Downloading [>                                                  ]  37.73kB/3.638MB
2025-08-20T21:00:23.6219338Z  1611ffcaf8be Downloading [==================================================>]     498B/498B
2025-08-20T21:00:23.6220054Z  1611ffcaf8be Verifying Checksum 
2025-08-20T21:00:23.6220479Z  1611ffcaf8be Download complete 
2025-08-20T21:00:23.6452287Z  1f08d9fb7d7d Downloading [==============================================>    ]  36.29MB/39.39MB
2025-08-20T21:00:23.7026705Z  0368fd46e3c6 Downloading [===============================>                   ]  2.276MB/3.638MB
2025-08-20T21:00:23.7109598Z  1f08d9fb7d7d Verifying Checksum 
2025-08-20T21:00:23.7110372Z  1f08d9fb7d7d Download complete 
2025-08-20T21:00:23.7192460Z  1f08d9fb7d7d Extracting [>                                                  ]    426kB/39.39MB
2025-08-20T21:00:23.7474305Z  0368fd46e3c6 Verifying Checksum 
2025-08-20T21:00:23.7475042Z  0368fd46e3c6 Download complete 
2025-08-20T21:00:23.7489347Z  0368fd46e3c6 Extracting [>                                                  ]  65.54kB/3.638MB
2025-08-20T21:00:23.8241176Z  1f08d9fb7d7d Extracting [==========>                                        ]  8.094MB/39.39MB
2025-08-20T21:00:23.8494753Z  0368fd46e3c6 Extracting [==============================================>    ]  3.408MB/3.638MB
2025-08-20T21:00:23.8540184Z  0368fd46e3c6 Extracting [==================================================>]  3.638MB/3.638MB
2025-08-20T21:00:23.8660164Z  4c55286bbede Downloading [=================================================> ]     935B/950B
2025-08-20T21:00:23.8661259Z  4c55286bbede Downloading [==================================================>]     950B/950B
2025-08-20T21:00:23.8663732Z  4c55286bbede Verifying Checksum 
2025-08-20T21:00:23.8665289Z  4c55286bbede Download complete 
2025-08-20T21:00:23.8788080Z  0368fd46e3c6 Pull complete 
2025-08-20T21:00:23.8803824Z  4c55286bbede Extracting [==================================================>]     950B/950B
2025-08-20T21:00:23.8809607Z  4c55286bbede Extracting [==================================================>]     950B/950B
2025-08-20T21:00:23.9214814Z  4c55286bbede Pull complete 
2025-08-20T21:00:23.9256694Z  1f08d9fb7d7d Extracting [==================>                                ]  14.48MB/39.39MB
2025-08-20T21:00:23.9258845Z  5e28347af205 Downloading [>                                                  ]    2.3kB/173.2kB
2025-08-20T21:00:23.9544956Z  5e28347af205 Verifying Checksum 
2025-08-20T21:00:23.9545953Z  5e28347af205 Extracting [=========>                                         ]  32.77kB/173.2kB
2025-08-20T21:00:23.9567236Z  5e28347af205 Extracting [==================================================>]  173.2kB/173.2kB
2025-08-20T21:00:23.9600689Z  311eca34042e Downloading [>                                                  ]  10.51kB/1.003MB
2025-08-20T21:00:23.9846848Z  5e28347af205 Extracting [==================================================>]  173.2kB/173.2kB
2025-08-20T21:00:24.0164489Z  311eca34042e Downloading [==================================================>]  1.003MB/1.003MB
2025-08-20T21:00:24.0165182Z  311eca34042e Verifying Checksum 
2025-08-20T21:00:24.0165616Z  311eca34042e Download complete 
2025-08-20T21:00:24.0257738Z  1f08d9fb7d7d Extracting [=============================>                     ]  23.43MB/39.39MB
2025-08-20T21:00:24.1052446Z  e6fe6f07e192 Downloading [>                                                  ]  127.3kB/12.41MB
2025-08-20T21:00:24.1296819Z  1f08d9fb7d7d Extracting [========================================>          ]  31.52MB/39.39MB
2025-08-20T21:00:24.1368206Z  5e28347af205 Pull complete 
2025-08-20T21:00:24.1383709Z  311eca34042e Extracting [=>                                                 ]  32.77kB/1.003MB
2025-08-20T21:00:24.1614158Z  311eca34042e Extracting [==================================================>]  1.003MB/1.003MB
2025-08-20T21:00:24.1615672Z  311eca34042e Extracting [==================================================>]  1.003MB/1.003MB
2025-08-20T21:00:24.1756202Z  311eca34042e Pull complete 
2025-08-20T21:00:24.1790241Z  a2cadbfeca72 Downloading [==================================================>]      99B/99B
2025-08-20T21:00:24.1790913Z  a2cadbfeca72 Verifying Checksum 
2025-08-20T21:00:24.1791585Z  a2cadbfeca72 Download complete 
2025-08-20T21:00:24.2099014Z  e6fe6f07e192 Downloading [==============>                                    ]   3.57MB/12.41MB
2025-08-20T21:00:24.2267473Z  1f08d9fb7d7d Extracting [==================================================>]  39.39MB/39.39MB
2025-08-20T21:00:24.2292267Z  4f4fb700ef54 Downloading [==================================================>]      32B/32B
2025-08-20T21:00:24.2294023Z  4f4fb700ef54 Verifying Checksum 
2025-08-20T21:00:24.2294798Z  4f4fb700ef54 Download complete 
2025-08-20T21:00:24.2513733Z  1f08d9fb7d7d Pull complete 
2025-08-20T21:00:24.2540267Z  b452b5fb7338 Extracting [>                                                  ]  131.1kB/11.19MB
2025-08-20T21:00:24.3104459Z  e6fe6f07e192 Downloading [===========================>                       ]    6.9MB/12.41MB
2025-08-20T21:00:24.3549731Z  b452b5fb7338 Extracting [==================================>                ]  7.733MB/11.19MB
2025-08-20T21:00:24.3906422Z  a976ed7e7808 Downloading [==================================================>]     574B/574B
2025-08-20T21:00:24.3907056Z  a976ed7e7808 Verifying Checksum 
2025-08-20T21:00:24.3907450Z  a976ed7e7808 Download complete 
2025-08-20T21:00:24.3911715Z  b452b5fb7338 Extracting [==================================================>]  11.19MB/11.19MB
2025-08-20T21:00:24.4106097Z  b452b5fb7338 Pull complete 
2025-08-20T21:00:24.4120348Z  e14ab7c7ae26 Extracting [>                                                  ]  32.77kB/2.402MB
2025-08-20T21:00:24.4202594Z  e6fe6f07e192 Downloading [==========================================>        ]  10.62MB/12.41MB
2025-08-20T21:00:24.4395291Z  e14ab7c7ae26 Extracting [==================================================>]  2.402MB/2.402MB
2025-08-20T21:00:24.4518205Z  e14ab7c7ae26 Pull complete 
2025-08-20T21:00:24.4539494Z  3bf7f4428838 Extracting [=========>                                         ]  32.77kB/180.3kB
2025-08-20T21:00:24.4588845Z  3bf7f4428838 Extracting [==================================================>]  180.3kB/180.3kB
2025-08-20T21:00:24.4600720Z  3bf7f4428838 Extracting [==================================================>]  180.3kB/180.3kB
2025-08-20T21:00:24.4688061Z  3bf7f4428838 Pull complete 
2025-08-20T21:00:24.4704397Z  adc9ba906e83 Extracting [==================================================>]  11.88kB/11.88kB
2025-08-20T21:00:24.4705941Z  adc9ba906e83 Extracting [==================================================>]  11.88kB/11.88kB
2025-08-20T21:00:24.4783076Z  adc9ba906e83 Pull complete 
2025-08-20T21:00:24.4798121Z  1611ffcaf8be Extracting [==================================================>]     498B/498B
2025-08-20T21:00:24.4803787Z  1611ffcaf8be Extracting [==================================================>]     498B/498B
2025-08-20T21:00:24.4896063Z  1611ffcaf8be Pull complete 
2025-08-20T21:00:24.4970472Z  minio Pulled 
2025-08-20T21:00:24.5279719Z  e6fe6f07e192 Downloading [================================================>  ]  11.93MB/12.41MB
2025-08-20T21:00:24.5379725Z  e6fe6f07e192 Verifying Checksum 
2025-08-20T21:00:24.5392155Z  e6fe6f07e192 Download complete 
2025-08-20T21:00:24.5392754Z  e6fe6f07e192 Extracting [>                                                  ]  131.1kB/12.41MB
2025-08-20T21:00:24.6402097Z  e6fe6f07e192 Extracting [===========================>                       ]  6.947MB/12.41MB
2025-08-20T21:00:24.7031586Z  e6fe6f07e192 Extracting [==================================================>]  12.41MB/12.41MB
2025-08-20T21:00:24.7235604Z  e6fe6f07e192 Pull complete 
2025-08-20T21:00:24.7252376Z  a2cadbfeca72 Extracting [==================================================>]      99B/99B
2025-08-20T21:00:24.7256289Z  a2cadbfeca72 Extracting [==================================================>]      99B/99B
2025-08-20T21:00:24.7331266Z  a2cadbfeca72 Pull complete 
2025-08-20T21:00:24.7346331Z  4f4fb700ef54 Extracting [==================================================>]      32B/32B
2025-08-20T21:00:24.7349989Z  4f4fb700ef54 Extracting [==================================================>]      32B/32B
2025-08-20T21:00:24.7428405Z  4f4fb700ef54 Pull complete 
2025-08-20T21:00:24.7441462Z  a976ed7e7808 Extracting [==================================================>]     574B/574B
2025-08-20T21:00:24.7442968Z  a976ed7e7808 Extracting [==================================================>]     574B/574B
2025-08-20T21:00:24.7556296Z  a976ed7e7808 Pull complete 
2025-08-20T21:00:24.7624675Z  redis Pulled 
2025-08-20T21:00:24.7694570Z ##[group]Run export COMPOSE_DOCKER_CLI_BUILD=1 DOCKER_BUILDKIT=1
2025-08-20T21:00:24.7695021Z [36;1mexport COMPOSE_DOCKER_CLI_BUILD=1 DOCKER_BUILDKIT=1[0m
2025-08-20T21:00:24.7695347Z [36;1mdocker compose \[0m
2025-08-20T21:00:24.7695577Z [36;1m  -f docker-compose.yml \[0m
2025-08-20T21:00:24.7695838Z [36;1m  -f docker-compose.ci.yml \[0m
2025-08-20T21:00:24.7696111Z [36;1m  -f docker-compose.postgres.yml \[0m
2025-08-20T21:00:24.7696414Z [36;1m  up -d --wait --no-build --pull always[0m
2025-08-20T21:00:24.7735862Z shell: /usr/bin/bash -e {0}
2025-08-20T21:00:24.7736088Z env:
2025-08-20T21:00:24.7736313Z   GITHUB_SHA: fd155233b3e65db95b9ae1a2f0471e25c2f0c84a
2025-08-20T21:00:24.7736590Z ##[endgroup]
2025-08-20T21:00:24.8841390Z  redis Pulling 
2025-08-20T21:00:24.8841880Z  minio Pulling 
2025-08-20T21:00:25.2735189Z  minio Pulled 
2025-08-20T21:00:25.3057536Z  redis Pulled 
2025-08-20T21:00:25.3121896Z  Network awa-app_awa-net  Creating
2025-08-20T21:00:25.3450928Z  Network awa-app_awa-net  Created
2025-08-20T21:00:25.3515064Z  Volume "awa-app_awa-data"  Creating
2025-08-20T21:00:25.3528064Z  Volume "awa-app_awa-data"  Created
2025-08-20T21:00:25.3531336Z  Volume "awa-app_miniodata"  Creating
2025-08-20T21:00:25.3539812Z  Volume "awa-app_miniodata"  Created
2025-08-20T21:00:25.3543305Z  Volume "awa-app_awa-pgdata"  Creating
2025-08-20T21:00:25.3551003Z  Volume "awa-app_awa-pgdata"  Created
2025-08-20T21:00:25.3556440Z  Container awa-app-redis-1  Creating
2025-08-20T21:00:25.3556907Z  Container awa-app-postgres-1  Creating
2025-08-20T21:00:25.3557358Z  Container awa-app-minio-1  Creating
2025-08-20T21:00:25.4498172Z  Container awa-app-redis-1  Created
2025-08-20T21:00:25.4498943Z  Container awa-app-minio-1  Created
2025-08-20T21:00:25.4507582Z  Container awa-app-postgres-1  Created
2025-08-20T21:00:25.4508199Z  Container awa-app-api-1  Creating
2025-08-20T21:00:25.4508861Z  Container awa-app-fees_h10-1  Creating
2025-08-20T21:00:25.4509345Z  Container awa-app-etl-1  Creating
2025-08-20T21:00:25.4509804Z  Container awa-app-celery_worker-1  Creating
2025-08-20T21:00:25.4709137Z  Container awa-app-api-1  Created
2025-08-20T21:00:25.4743369Z  Container awa-app-celery_worker-1  Created
2025-08-20T21:00:25.4744614Z  Container awa-app-fees_h10-1  Created
2025-08-20T21:00:25.4750856Z  Container awa-app-etl-1  Created
2025-08-20T21:00:25.4766693Z  Container awa-app-minio-1  Starting
2025-08-20T21:00:25.4767929Z  Container awa-app-redis-1  Starting
2025-08-20T21:00:25.4771791Z  Container awa-app-postgres-1  Starting
2025-08-20T21:00:26.5651371Z  Container awa-app-redis-1  Started
2025-08-20T21:00:26.5750357Z  Container awa-app-minio-1  Started
2025-08-20T21:00:26.5755098Z  Container awa-app-postgres-1  Started
2025-08-20T21:00:26.5756830Z  Container awa-app-redis-1  Waiting
2025-08-20T21:00:26.5757492Z  Container awa-app-postgres-1  Waiting
2025-08-20T21:00:26.5757943Z  Container awa-app-postgres-1  Waiting
2025-08-20T21:00:26.5758468Z  Container awa-app-postgres-1  Waiting
2025-08-20T21:00:26.5759258Z  Container awa-app-postgres-1  Waiting
2025-08-20T21:00:32.0777916Z  Container awa-app-postgres-1  Healthy
2025-08-20T21:00:32.0780106Z  Container awa-app-api-1  Starting
2025-08-20T21:00:32.0780691Z  Container awa-app-redis-1  Healthy
2025-08-20T21:00:32.0781204Z  Container awa-app-postgres-1  Healthy
2025-08-20T21:00:32.0781757Z  Container awa-app-fees_h10-1  Starting
2025-08-20T21:00:32.0784858Z  Container awa-app-postgres-1  Healthy
2025-08-20T21:00:32.0785511Z  Container awa-app-celery_worker-1  Starting
2025-08-20T21:00:32.0793588Z  Container awa-app-postgres-1  Healthy
2025-08-20T21:00:32.0795277Z  Container awa-app-etl-1  Starting
2025-08-20T21:00:32.2871296Z  Container awa-app-fees_h10-1  Started
2025-08-20T21:00:32.2891534Z  Container awa-app-etl-1  Started
2025-08-20T21:00:32.3050698Z  Container awa-app-celery_worker-1  Started
2025-08-20T21:00:32.3236638Z  Container awa-app-api-1  Started
2025-08-20T21:00:32.3240882Z  Container awa-app-minio-1  Waiting
2025-08-20T21:00:32.3241738Z  Container awa-app-redis-1  Waiting
2025-08-20T21:00:32.3242258Z  Container awa-app-fees_h10-1  Waiting
2025-08-20T21:00:32.3242747Z  Container awa-app-postgres-1  Waiting
2025-08-20T21:00:32.3243249Z  Container awa-app-etl-1  Waiting
2025-08-20T21:00:32.3243727Z  Container awa-app-celery_worker-1  Waiting
2025-08-20T21:00:32.3244231Z  Container awa-app-api-1  Waiting
2025-08-20T21:00:32.8268032Z  Container awa-app-redis-1  Healthy
2025-08-20T21:00:32.8268809Z  Container awa-app-minio-1  Healthy
2025-08-20T21:00:32.8279048Z  Container awa-app-postgres-1  Healthy
2025-08-20T21:00:37.8247553Z  Container awa-app-api-1  Healthy
2025-08-20T21:01:02.8253742Z  Container awa-app-celery_worker-1  Healthy
2025-08-20T21:01:02.8254297Z  Container awa-app-fees_h10-1  Healthy
2025-08-20T21:01:02.8254685Z  Container awa-app-etl-1  Healthy
2025-08-20T21:01:02.8316448Z ##[group]Run for i in {1..60}; do pg_isready -h localhost -p 5432 && break; sleep 1; done
2025-08-20T21:01:02.8316957Z [36;1mfor i in {1..60}; do pg_isready -h localhost -p 5432 && break; sleep 1; done[0m
2025-08-20T21:01:02.8356908Z shell: /usr/bin/bash -e {0}
2025-08-20T21:01:02.8357138Z env:
2025-08-20T21:01:02.8357387Z   GITHUB_SHA: fd155233b3e65db95b9ae1a2f0471e25c2f0c84a
2025-08-20T21:01:02.8357677Z ##[endgroup]
2025-08-20T21:01:02.9867733Z localhost:5432 - accepting connections
2025-08-20T21:01:02.9907393Z ##[group]Run [ "$(psql -U postgres -h localhost -tAc "select 1 from pg_database where datname='awa'")" = '1' ] || psql -U postgres -h localhost -c "create database awa"
2025-08-20T21:01:02.9908340Z [36;1m[ "$(psql -U postgres -h localhost -tAc "select 1 from pg_database where datname='awa'")" = '1' ] || psql -U postgres -h localhost -c "create database awa"[0m
2025-08-20T21:01:02.9947447Z shell: /usr/bin/bash -e {0}
2025-08-20T21:01:02.9947675Z env:
2025-08-20T21:01:02.9947900Z   GITHUB_SHA: fd155233b3e65db95b9ae1a2f0471e25c2f0c84a
2025-08-20T21:01:02.9948186Z   PGPASSWORD: pass
2025-08-20T21:01:02.9948392Z ##[endgroup]
2025-08-20T21:01:03.1899196Z ##[group]Run docker compose \
2025-08-20T21:01:03.1899539Z [36;1mdocker compose \[0m
2025-08-20T21:01:03.1899776Z [36;1m  -f docker-compose.yml \[0m
2025-08-20T21:01:03.1900057Z [36;1m  -f docker-compose.ci.yml \[0m
2025-08-20T21:01:03.1900333Z [36;1m  -f docker-compose.postgres.yml \[0m
2025-08-20T21:01:03.1900613Z [36;1m  config | grep image:[0m
2025-08-20T21:01:03.1940010Z shell: /usr/bin/bash -e {0}
2025-08-20T21:01:03.1940231Z env:
2025-08-20T21:01:03.1940450Z   GITHUB_SHA: fd155233b3e65db95b9ae1a2f0471e25c2f0c84a
2025-08-20T21:01:03.1940726Z ##[endgroup]
2025-08-20T21:01:03.3033753Z     image: minio/minio
2025-08-20T21:01:03.3034170Z     image: redis:7-alpine
2025-08-20T21:01:03.3065625Z ##[group]Run export COMPOSE_DOCKER_CLI_BUILD=1 DOCKER_BUILDKIT=1
2025-08-20T21:01:03.3066380Z [36;1mexport COMPOSE_DOCKER_CLI_BUILD=1 DOCKER_BUILDKIT=1[0m
2025-08-20T21:01:03.3066951Z [36;1mdocker compose ps[0m
2025-08-20T21:01:03.3116419Z shell: /usr/bin/bash -e {0}
2025-08-20T21:01:03.3116820Z env:
2025-08-20T21:01:03.3117205Z   GITHUB_SHA: fd155233b3e65db95b9ae1a2f0471e25c2f0c84a
2025-08-20T21:01:03.3117706Z ##[endgroup]
2025-08-20T21:01:03.4145885Z NAME                      IMAGE                   COMMAND                  SERVICE         CREATED          STATUS                    PORTS
2025-08-20T21:01:03.4154991Z awa-app-api-1             awa-app-api             "bash /app/entrypoin…"   api             38 seconds ago   Up 31 seconds (healthy)   0.0.0.0:8000->8000/tcp, [::]:8000->8000/tcp
2025-08-20T21:01:03.4156170Z awa-app-celery_worker-1   awa-app-celery_worker   "/bin/bash /app/entr…"   celery_worker   38 seconds ago   Up 31 seconds (healthy)   
2025-08-20T21:01:03.4157173Z awa-app-etl-1             awa-app-etl             "/bin/bash /app/entr…"   etl             38 seconds ago   Up 31 seconds (healthy)   
2025-08-20T21:01:03.4158044Z awa-app-fees_h10-1        awa-app-fees_h10        "./start.sh celery -…"   fees_h10        38 seconds ago   Up 31 seconds (healthy)   
2025-08-20T21:01:03.4159488Z awa-app-minio-1           minio/minio             "/usr/bin/docker-ent…"   minio           38 seconds ago   Up 37 seconds             0.0.0.0:9000-9001->9000-9001/tcp, [::]:9000-9001->9000-9001/tcp
2025-08-20T21:01:03.4160836Z awa-app-postgres-1        awa-app-postgres        "docker-entrypoint.s…"   postgres        38 seconds ago   Up 37 seconds (healthy)   0.0.0.0:5432->5432/tcp, [::]:5432->5432/tcp
2025-08-20T21:01:03.4162130Z awa-app-redis-1           redis:7-alpine          "docker-entrypoint.s…"   redis           38 seconds ago   Up 37 seconds (healthy)   0.0.0.0:6379->6379/tcp, [::]:6379->6379/tcp
2025-08-20T21:01:03.4260550Z Post job cleanup.
2025-08-20T21:01:03.5193506Z [command]/usr/bin/git version
2025-08-20T21:01:03.5237138Z git version 2.51.0
2025-08-20T21:01:03.5277835Z Temporarily overriding HOME='/home/runner/work/_temp/24cb61de-16d2-4d1c-a4c4-c00e9bca6e76' before making global git config changes
2025-08-20T21:01:03.5279230Z Adding repository directory to the temporary git global config as a safe directory
2025-08-20T21:01:03.5283039Z [command]/usr/bin/git config --global --add safe.directory /home/runner/work/AWA-App/AWA-App
2025-08-20T21:01:03.5318788Z [command]/usr/bin/git config --local --name-only --get-regexp core\.sshCommand
2025-08-20T21:01:03.5350705Z [command]/usr/bin/git submodule foreach --recursive sh -c "git config --local --name-only --get-regexp 'core\.sshCommand' && git config --local --unset-all 'core.sshCommand' || :"
2025-08-20T21:01:03.5572187Z [command]/usr/bin/git config --local --name-only --get-regexp http\.https\:\/\/github\.com\/\.extraheader
2025-08-20T21:01:03.5593306Z http.https://github.com/.extraheader
2025-08-20T21:01:03.5607715Z [command]/usr/bin/git config --local --unset-all http.https://github.com/.extraheader
2025-08-20T21:01:03.5642652Z [command]/usr/bin/git submodule foreach --recursive sh -c "git config --local --name-only --get-regexp 'http\.https\:\/\/github\.com\/\.extraheader' && git config --local --unset-all 'http.https://github.com/.extraheader' || :"
2025-08-20T21:01:03.5971911Z Cleaning up orphan processes
