2025-08-17T16:19:00.1316487Z Current runner version: '2.327.1'
2025-08-17T16:19:00.1349754Z ##[group]Runner Image Provisioner
2025-08-17T16:19:00.1350978Z Hosted Compute Agent
2025-08-17T16:19:00.1352048Z Version: 20250812.370
2025-08-17T16:19:00.1353099Z Commit: 4a2b2bf7520004e3e907c2150c8cabe342a3da32
2025-08-17T16:19:00.1354386Z Build Date: 2025-08-12T16:08:14Z
2025-08-17T16:19:00.1355426Z ##[endgroup]
2025-08-17T16:19:00.1356386Z ##[group]Operating System
2025-08-17T16:19:00.1357491Z Ubuntu
2025-08-17T16:19:00.1358433Z 24.04.2
2025-08-17T16:19:00.1359209Z LTS
2025-08-17T16:19:00.1360172Z ##[endgroup]
2025-08-17T16:19:00.1361075Z ##[group]Runner Image
2025-08-17T16:19:00.1362124Z Image: ubuntu-24.04
2025-08-17T16:19:00.1363149Z Version: 20250810.1.0
2025-08-17T16:19:00.1364971Z Included Software: https://github.com/actions/runner-images/blob/ubuntu24/20250810.1/images/ubuntu/Ubuntu2404-Readme.md
2025-08-17T16:19:00.1368062Z Image Release: https://github.com/actions/runner-images/releases/tag/ubuntu24%2F20250810.1
2025-08-17T16:19:00.1369849Z ##[endgroup]
2025-08-17T16:19:00.1374293Z ##[group]GITHUB_TOKEN Permissions
2025-08-17T16:19:00.1377128Z Actions: write
2025-08-17T16:19:00.1378656Z Attestations: write
2025-08-17T16:19:00.1379632Z Checks: write
2025-08-17T16:19:00.1380440Z Contents: write
2025-08-17T16:19:00.1381510Z Deployments: write
2025-08-17T16:19:00.1382393Z Discussions: write
2025-08-17T16:19:00.1383309Z Issues: write
2025-08-17T16:19:00.1384172Z Metadata: read
2025-08-17T16:19:00.1385081Z Models: read
2025-08-17T16:19:00.1385851Z Packages: write
2025-08-17T16:19:00.1387128Z Pages: write
2025-08-17T16:19:00.1387989Z PullRequests: write
2025-08-17T16:19:00.1389023Z RepositoryProjects: write
2025-08-17T16:19:00.1390182Z SecurityEvents: write
2025-08-17T16:19:00.1391237Z Statuses: write
2025-08-17T16:19:00.1392154Z ##[endgroup]
2025-08-17T16:19:00.1395494Z Secret source: Actions
2025-08-17T16:19:00.1397175Z Prepare workflow directory
2025-08-17T16:19:00.1869111Z Prepare all required actions
2025-08-17T16:19:00.1925820Z Getting action download info
2025-08-17T16:19:00.4050463Z Download action repository 'actions/checkout@v4' (SHA:08eba0b27e820071cde6df949e0beb9ba4906955)
2025-08-17T16:19:00.6732932Z Download action repository 'actions/upload-artifact@v4' (SHA:ea165f8d65b6e75b540449e92b4886f43607fa02)
2025-08-17T16:19:00.9030994Z Complete job name: compose-health
2025-08-17T16:19:00.9730228Z ##[group]Run actions/checkout@v4
2025-08-17T16:19:00.9731041Z with:
2025-08-17T16:19:00.9731439Z   repository: AlexBomber12/AWA-App
2025-08-17T16:19:00.9732077Z   token: ***
2025-08-17T16:19:00.9732451Z   ssh-strict: true
2025-08-17T16:19:00.9732845Z   ssh-user: git
2025-08-17T16:19:00.9733238Z   persist-credentials: true
2025-08-17T16:19:00.9733680Z   clean: true
2025-08-17T16:19:00.9734072Z   sparse-checkout-cone-mode: true
2025-08-17T16:19:00.9734550Z   fetch-depth: 1
2025-08-17T16:19:00.9734929Z   fetch-tags: false
2025-08-17T16:19:00.9735314Z   show-progress: true
2025-08-17T16:19:00.9735709Z   lfs: false
2025-08-17T16:19:00.9736065Z   submodules: false
2025-08-17T16:19:00.9736476Z   set-safe-directory: true
2025-08-17T16:19:00.9737481Z ##[endgroup]
2025-08-17T16:19:01.0792692Z Syncing repository: AlexBomber12/AWA-App
2025-08-17T16:19:01.0794569Z ##[group]Getting Git version info
2025-08-17T16:19:01.0795277Z Working directory is '/home/runner/work/AWA-App/AWA-App'
2025-08-17T16:19:01.0796258Z [command]/usr/bin/git version
2025-08-17T16:19:01.0836440Z git version 2.50.1
2025-08-17T16:19:01.0862033Z ##[endgroup]
2025-08-17T16:19:01.0875265Z Temporarily overriding HOME='/home/runner/work/_temp/15999a66-22e1-4255-bff4-6229c8171f44' before making global git config changes
2025-08-17T16:19:01.0876626Z Adding repository directory to the temporary git global config as a safe directory
2025-08-17T16:19:01.0888207Z [command]/usr/bin/git config --global --add safe.directory /home/runner/work/AWA-App/AWA-App
2025-08-17T16:19:01.0922301Z Deleting the contents of '/home/runner/work/AWA-App/AWA-App'
2025-08-17T16:19:01.0927390Z ##[group]Initializing the repository
2025-08-17T16:19:01.0932155Z [command]/usr/bin/git init /home/runner/work/AWA-App/AWA-App
2025-08-17T16:19:01.0992610Z hint: Using 'master' as the name for the initial branch. This default branch name
2025-08-17T16:19:01.0993756Z hint: is subject to change. To configure the initial branch name to use in all
2025-08-17T16:19:01.0994783Z hint: of your new repositories, which will suppress this warning, call:
2025-08-17T16:19:01.0995820Z hint:
2025-08-17T16:19:01.0996294Z hint: 	git config --global init.defaultBranch <name>
2025-08-17T16:19:01.0997084Z hint:
2025-08-17T16:19:01.0997694Z hint: Names commonly chosen instead of 'master' are 'main', 'trunk' and
2025-08-17T16:19:01.0998573Z hint: 'development'. The just-created branch can be renamed via this command:
2025-08-17T16:19:01.0999255Z hint:
2025-08-17T16:19:01.0999613Z hint: 	git branch -m <name>
2025-08-17T16:19:01.1000042Z hint:
2025-08-17T16:19:01.1000930Z hint: Disable this message with "git config set advice.defaultBranchName false"
2025-08-17T16:19:01.1002135Z Initialized empty Git repository in /home/runner/work/AWA-App/AWA-App/.git/
2025-08-17T16:19:01.1006020Z [command]/usr/bin/git remote add origin https://github.com/AlexBomber12/AWA-App
2025-08-17T16:19:01.1036296Z ##[endgroup]
2025-08-17T16:19:01.1037322Z ##[group]Disabling automatic garbage collection
2025-08-17T16:19:01.1040528Z [command]/usr/bin/git config --local gc.auto 0
2025-08-17T16:19:01.1067163Z ##[endgroup]
2025-08-17T16:19:01.1067864Z ##[group]Setting up auth
2025-08-17T16:19:01.1073897Z [command]/usr/bin/git config --local --name-only --get-regexp core\.sshCommand
2025-08-17T16:19:01.1102576Z [command]/usr/bin/git submodule foreach --recursive sh -c "git config --local --name-only --get-regexp 'core\.sshCommand' && git config --local --unset-all 'core.sshCommand' || :"
2025-08-17T16:19:01.1388541Z [command]/usr/bin/git config --local --name-only --get-regexp http\.https\:\/\/github\.com\/\.extraheader
2025-08-17T16:19:01.1421621Z [command]/usr/bin/git submodule foreach --recursive sh -c "git config --local --name-only --get-regexp 'http\.https\:\/\/github\.com\/\.extraheader' && git config --local --unset-all 'http.https://github.com/.extraheader' || :"
2025-08-17T16:19:01.1657175Z [command]/usr/bin/git config --local http.https://github.com/.extraheader AUTHORIZATION: basic ***
2025-08-17T16:19:01.1698755Z ##[endgroup]
2025-08-17T16:19:01.1700201Z ##[group]Fetching the repository
2025-08-17T16:19:01.1722237Z [command]/usr/bin/git -c protocol.version=2 fetch --no-tags --prune --no-recurse-submodules --depth=1 origin +6ab2d9cc87c8e84e45f515e86b76e5352cba035f:refs/remotes/origin/main
2025-08-17T16:19:01.4138632Z From https://github.com/AlexBomber12/AWA-App
2025-08-17T16:19:01.4139921Z  * [new ref]         6ab2d9cc87c8e84e45f515e86b76e5352cba035f -> origin/main
2025-08-17T16:19:01.4161910Z ##[endgroup]
2025-08-17T16:19:01.4162976Z ##[group]Determining the checkout info
2025-08-17T16:19:01.4164172Z ##[endgroup]
2025-08-17T16:19:01.4169032Z [command]/usr/bin/git sparse-checkout disable
2025-08-17T16:19:01.4262092Z [command]/usr/bin/git config --local --unset-all extensions.worktreeConfig
2025-08-17T16:19:01.4263765Z ##[group]Checking out the ref
2025-08-17T16:19:01.4264548Z [command]/usr/bin/git checkout --progress --force -B main refs/remotes/origin/main
2025-08-17T16:19:01.4622565Z Switched to a new branch 'main'
2025-08-17T16:19:01.4625440Z branch 'main' set up to track 'origin/main'.
2025-08-17T16:19:01.4631859Z ##[endgroup]
2025-08-17T16:19:01.4666757Z [command]/usr/bin/git log -1 --format=%H
2025-08-17T16:19:01.4688507Z 6ab2d9cc87c8e84e45f515e86b76e5352cba035f
2025-08-17T16:19:01.4894321Z ##[group]Run echo "GITHUB_SHA=${GITHUB_SHA}" >> "$GITHUB_ENV"
2025-08-17T16:19:01.4896127Z [36;1mecho "GITHUB_SHA=${GITHUB_SHA}" >> "$GITHUB_ENV"[0m
2025-08-17T16:19:01.4965028Z shell: /usr/bin/bash -e {0}
2025-08-17T16:19:01.4966082Z ##[endgroup]
2025-08-17T16:19:01.5125338Z ##[group]Run export COMPOSE_DOCKER_CLI_BUILD=1 DOCKER_BUILDKIT=1
2025-08-17T16:19:01.5127290Z [36;1mexport COMPOSE_DOCKER_CLI_BUILD=1 DOCKER_BUILDKIT=1[0m
2025-08-17T16:19:01.5128887Z [36;1mdocker compose \[0m
2025-08-17T16:19:01.5129873Z [36;1m  -f docker-compose.yml \[0m
2025-08-17T16:19:01.5130976Z [36;1m  -f docker-compose.ci.yml \[0m
2025-08-17T16:19:01.5132144Z [36;1m  -f docker-compose.postgres.yml \[0m
2025-08-17T16:19:01.5133316Z [36;1m  build --progress plain[0m
2025-08-17T16:19:01.5170792Z shell: /usr/bin/bash -e {0}
2025-08-17T16:19:01.5171699Z env:
2025-08-17T16:19:01.5172566Z   GITHUB_SHA: 6ab2d9cc87c8e84e45f515e86b76e5352cba035f
2025-08-17T16:19:01.5173780Z ##[endgroup]
2025-08-17T16:19:04.4756464Z --progress is a global compose flag, better use `docker compose --progress xx build ...
2025-08-17T16:19:04.5046143Z time="2025-08-17T16:19:04Z" level=warning msg="/home/runner/work/AWA-App/AWA-App/docker-compose.postgres.yml: the attribute `version` is obsolete, it will be ignored, please remove it to avoid potential confusion"
2025-08-17T16:19:07.1838205Z #1 [internal] load local bake definitions
2025-08-17T16:19:07.3342139Z #1 reading from stdin 1.47kB done
2025-08-17T16:19:07.3342794Z #1 DONE 0.0s
2025-08-17T16:19:07.3485883Z 
2025-08-17T16:19:07.3486309Z #2 [etl internal] load build definition from Dockerfile
2025-08-17T16:19:07.3487137Z #2 DONE 0.0s
2025-08-17T16:19:07.5658975Z 
2025-08-17T16:19:07.5659625Z #3 [api internal] load build definition from Dockerfile
2025-08-17T16:19:07.5660318Z #3 transferring dockerfile: 1.44kB done
2025-08-17T16:19:07.5661475Z #3 DONE 0.0s
2025-08-17T16:19:07.5661672Z 
2025-08-17T16:19:07.5661987Z #4 [postgres internal] load build definition from Dockerfile
2025-08-17T16:19:07.5662542Z #4 transferring dockerfile: 807B done
2025-08-17T16:19:07.5662979Z #4 DONE 0.0s
2025-08-17T16:19:07.5663174Z 
2025-08-17T16:19:07.5663437Z #5 [fees_h10 internal] load build definition from Dockerfile
2025-08-17T16:19:07.5664133Z #5 transferring dockerfile: 962B done
2025-08-17T16:19:07.5664562Z #5 DONE 0.0s
2025-08-17T16:19:07.5664753Z 
2025-08-17T16:19:07.5664977Z #2 [etl internal] load build definition from Dockerfile
2025-08-17T16:19:07.5665533Z #2 transferring dockerfile: 1.15kB done
2025-08-17T16:19:07.5665965Z #2 DONE 0.0s
2025-08-17T16:19:07.5666149Z 
2025-08-17T16:19:07.5666415Z #6 [auth] library/postgres:pull token for registry-1.docker.io
2025-08-17T16:19:07.5667191Z #6 DONE 0.0s
2025-08-17T16:19:07.5667381Z 
2025-08-17T16:19:07.5667668Z #7 [auth] docker/dockerfile:pull token for registry-1.docker.io
2025-08-17T16:19:07.5668222Z #7 DONE 0.0s
2025-08-17T16:19:07.5668420Z 
2025-08-17T16:19:07.5668861Z #8 [etl] resolve image config for docker-image://docker.io/docker/dockerfile:1.6
2025-08-17T16:19:07.9164147Z #8 DONE 0.4s
2025-08-17T16:19:07.9165630Z 
2025-08-17T16:19:07.9167057Z #9 [postgres internal] load metadata for docker.io/library/postgres:16
2025-08-17T16:19:07.9167642Z #9 DONE 0.4s
2025-08-17T16:19:07.9168914Z 
2025-08-17T16:19:07.9169192Z #10 [postgres internal] load .dockerignore
2025-08-17T16:19:07.9169812Z #10 transferring context: 265B done
2025-08-17T16:19:07.9170202Z #10 DONE 0.0s
2025-08-17T16:19:07.9170408Z 
2025-08-17T16:19:07.9170586Z #11 [postgres internal] load build context
2025-08-17T16:19:07.9171041Z #11 transferring context: 582B done
2025-08-17T16:19:07.9171425Z #11 DONE 0.0s
2025-08-17T16:19:07.9171596Z 
2025-08-17T16:19:07.9172333Z #12 [etl] docker-image://docker.io/docker/dockerfile:1.6@sha256:ac85f380a63b13dfcefa89046420e1781752bab202122f8f50032edf31be0021
2025-08-17T16:19:07.9173667Z #12 resolve docker.io/docker/dockerfile:1.6@sha256:ac85f380a63b13dfcefa89046420e1781752bab202122f8f50032edf31be0021 done
2025-08-17T16:19:07.9174809Z #12 sha256:ac85f380a63b13dfcefa89046420e1781752bab202122f8f50032edf31be0021 8.40kB / 8.40kB done
2025-08-17T16:19:07.9175836Z #12 sha256:657fcc512c7369f4cb3d94ea329150f8daf626bc838b1a1e81f1834c73ecc77e 482B / 482B done
2025-08-17T16:19:08.0324512Z #12 sha256:ac85f380a63b13dfcefa89046420e1781752bab202122f8f50032edf31be0021 8.40kB / 8.40kB done
2025-08-17T16:19:08.0325687Z #12 sha256:657fcc512c7369f4cb3d94ea329150f8daf626bc838b1a1e81f1834c73ecc77e 482B / 482B done
2025-08-17T16:19:08.0327523Z #12 sha256:a17ee7fff8f5e97b974f5b48f51647d2cf28d543f2aa6c11aaa0ea431b44bb89 1.27kB / 1.27kB done
2025-08-17T16:19:08.0328797Z #12 sha256:9d9c93f4b00be908ab694a4df732570bced3b8a96b7515d70ff93402179ad232 11.80MB / 11.80MB 0.1s done
2025-08-17T16:19:08.0331791Z #12 extracting sha256:9d9c93f4b00be908ab694a4df732570bced3b8a96b7515d70ff93402179ad232 0.1s
2025-08-17T16:19:08.1432231Z #12 extracting sha256:9d9c93f4b00be908ab694a4df732570bced3b8a96b7515d70ff93402179ad232 0.1s done
2025-08-17T16:19:08.1433627Z #12 DONE 0.3s
2025-08-17T16:19:08.1434064Z 
2025-08-17T16:19:08.1434700Z #13 [postgres 1/6] FROM docker.io/library/postgres:16@sha256:66a5efb5677ffac1037774a0e141fd3a4c035c9c0c0e624c9cc980dfa10f45e5
2025-08-17T16:19:08.1435947Z #13 resolve docker.io/library/postgres:16@sha256:66a5efb5677ffac1037774a0e141fd3a4c035c9c0c0e624c9cc980dfa10f45e5 done
2025-08-17T16:19:08.1437184Z #13 sha256:4b802c5161ddfa2ae4beac272c4e24aa5e162a20451c8489cbb952a88507732f 9.89kB / 9.89kB done
2025-08-17T16:19:08.1438165Z #13 sha256:396b1da7636e2dcd10565cb4f2f952cbb4a8a38b58d3b86a2cacb172fb70117c 26.48MB / 29.77MB 0.2s
2025-08-17T16:19:08.1439140Z #13 sha256:534f45d26d937460abe84bd086361a04c27e624a23f9384ff13f11c24c64c7bb 0B / 1.45MB 0.2s
2025-08-17T16:19:08.1440077Z #13 sha256:66a5efb5677ffac1037774a0e141fd3a4c035c9c0c0e624c9cc980dfa10f45e5 10.24kB / 10.24kB done
2025-08-17T16:19:08.1441040Z #13 sha256:fb850b0e3049060bf4eb46c8806d7ceea916d67e5cc56d6b295511e27463e56b 1.17kB / 1.17kB 0.1s done
2025-08-17T16:19:08.1442020Z #13 sha256:7f09385d08f9e8f578f9dad57582fff30d6ca3ef0f4d66ab5e1bf92c88862341 6.44MB / 6.44MB 0.2s done
2025-08-17T16:19:08.1442972Z #13 sha256:3084fa1fadd59e7633ec56d318f1e4de01be744f446c5c35df7cd801fbc34894 3.63kB / 3.63kB done
2025-08-17T16:19:08.1443918Z #13 sha256:2b6532633f5d125e9a709f56f26af5a07390c859a5c77142b74da1d4e3c79fee 8.20MB / 8.20MB 0.3s done
2025-08-17T16:19:08.1444834Z #13 extracting sha256:396b1da7636e2dcd10565cb4f2f952cbb4a8a38b58d3b86a2cacb172fb70117c
2025-08-17T16:19:08.1445770Z #13 sha256:320fa150e60fca9bb108771a06f08d5464ad8b7474b7bf3f4b44d723b686ee72 1.31MB / 1.31MB 0.3s done
2025-08-17T16:19:08.1446738Z #13 sha256:a1e4ad56dcecf442fba1cec05cd565ededfdc663e5172df9ef9394d96d4c96f8 0B / 113.19MB 0.3s
2025-08-17T16:19:08.1447829Z #13 sha256:e787bdd7824bfcb30d11087160de825f724620c952958f4f725c13421499b724 0B / 3.14kB 0.3s
2025-08-17T16:19:08.1448690Z #13 sha256:19947f6cc5d3035f6c922fa1d6047c79e044256ad948080adb59cec60717b9f8 0B / 116B 0.3s
2025-08-17T16:19:08.2436130Z #13 ...
2025-08-17T16:19:08.2436497Z 
2025-08-17T16:19:08.2438056Z #14 [auth] library/python:pull token for registry-1.docker.io
2025-08-17T16:19:08.2438945Z #14 DONE 0.0s
2025-08-17T16:19:08.2439507Z 
2025-08-17T16:19:08.2440434Z #13 [postgres 1/6] FROM docker.io/library/postgres:16@sha256:66a5efb5677ffac1037774a0e141fd3a4c035c9c0c0e624c9cc980dfa10f45e5
2025-08-17T16:19:08.2442414Z #13 sha256:e787bdd7824bfcb30d11087160de825f724620c952958f4f725c13421499b724 3.14kB / 3.14kB 0.3s done
2025-08-17T16:19:08.2443800Z #13 sha256:19947f6cc5d3035f6c922fa1d6047c79e044256ad948080adb59cec60717b9f8 116B / 116B 0.3s done
2025-08-17T16:19:08.2460003Z #13 sha256:a858bd6d34e86a481a2e028e3ba489e662b3ac7713eba9a5d3bb97002c7d797e 128B / 128B 0.4s done
2025-08-17T16:19:08.2461089Z #13 sha256:f1b3502db45ad485f0affe43e32fc81d699ddac01c023f198271a0a7e1cecd4c 169B / 169B 0.4s
2025-08-17T16:19:08.2462246Z #13 sha256:987c1b4919ea2d87df20824aaef43a9de0575ac7df684579ad267c7e48c8eeea 10.01kB / 10.01kB 0.3s done
2025-08-17T16:19:08.4378612Z #13 sha256:a1e4ad56dcecf442fba1cec05cd565ededfdc663e5172df9ef9394d96d4c96f8 20.97MB / 113.19MB 0.5s
2025-08-17T16:19:08.4379731Z #13 sha256:f1b3502db45ad485f0affe43e32fc81d699ddac01c023f198271a0a7e1cecd4c 169B / 169B 0.4s done
2025-08-17T16:19:08.4381056Z #13 sha256:25ef78fb127c1934630de29a3d38f46e544360b1dcf5cfc09b25507fbe88fd75 5.92kB / 5.92kB 0.4s done
2025-08-17T16:19:08.4382036Z #13 sha256:240810240d04caaaccb11d51ba7c3a7f7d6f470ec2a80ee420a3d33899d9a303 184B / 184B 0.5s done
2025-08-17T16:19:08.5450848Z #13 ...
2025-08-17T16:19:08.5484871Z 
2025-08-17T16:19:08.5485291Z #15 [api internal] load metadata for docker.io/library/python:3.12-slim
2025-08-17T16:19:08.5485928Z #15 DONE 0.3s
2025-08-17T16:19:08.5486108Z 
2025-08-17T16:19:08.5486265Z #16 [etl internal] load .dockerignore
2025-08-17T16:19:08.5486668Z #16 transferring context: 265B done
2025-08-17T16:19:08.5487260Z #16 DONE 0.0s
2025-08-17T16:19:08.5487429Z 
2025-08-17T16:19:08.5487579Z #17 [fees_h10 internal] load .dockerignore
2025-08-17T16:19:08.5487996Z #17 transferring context: 2B done
2025-08-17T16:19:08.5488369Z #17 DONE 0.0s
2025-08-17T16:19:08.5488536Z 
2025-08-17T16:19:08.5488679Z #18 [api internal] load .dockerignore
2025-08-17T16:19:08.5489161Z #18 transferring context: 265B done
2025-08-17T16:19:08.5489529Z #18 DONE 0.0s
2025-08-17T16:19:08.5489693Z 
2025-08-17T16:19:08.5490358Z #13 [postgres 1/6] FROM docker.io/library/postgres:16@sha256:66a5efb5677ffac1037774a0e141fd3a4c035c9c0c0e624c9cc980dfa10f45e5
2025-08-17T16:19:08.5491639Z #13 sha256:a1e4ad56dcecf442fba1cec05cd565ededfdc663e5172df9ef9394d96d4c96f8 32.51MB / 113.19MB 0.6s
2025-08-17T16:19:08.6436469Z #13 sha256:a1e4ad56dcecf442fba1cec05cd565ededfdc663e5172df9ef9394d96d4c96f8 46.14MB / 113.19MB 0.8s
2025-08-17T16:19:08.7522907Z #13 sha256:a1e4ad56dcecf442fba1cec05cd565ededfdc663e5172df9ef9394d96d4c96f8 60.37MB / 113.19MB 0.9s
2025-08-17T16:19:09.0431100Z #13 sha256:a1e4ad56dcecf442fba1cec05cd565ededfdc663e5172df9ef9394d96d4c96f8 74.45MB / 113.19MB 1.2s
2025-08-17T16:19:09.3428567Z #13 sha256:a1e4ad56dcecf442fba1cec05cd565ededfdc663e5172df9ef9394d96d4c96f8 91.23MB / 113.19MB 1.5s
2025-08-17T16:19:09.4435712Z #13 sha256:a1e4ad56dcecf442fba1cec05cd565ededfdc663e5172df9ef9394d96d4c96f8 98.57MB / 113.19MB 1.6s
2025-08-17T16:19:09.6644840Z #13 ...
2025-08-17T16:19:09.6645286Z 
2025-08-17T16:19:09.6645546Z #19 [etl internal] load build context
2025-08-17T16:19:09.6646288Z #19 transferring context: 13.08kB 0.0s done
2025-08-17T16:19:09.6646736Z #19 DONE 0.1s
2025-08-17T16:19:09.6647124Z 
2025-08-17T16:19:09.6647268Z #20 [fees_h10 internal] load build context
2025-08-17T16:19:09.6647694Z #20 transferring context: 5.54kB 0.0s done
2025-08-17T16:19:09.6648082Z #20 DONE 0.1s
2025-08-17T16:19:09.6648509Z 
2025-08-17T16:19:09.6648656Z #21 [api internal] load build context
2025-08-17T16:19:09.6649579Z #21 transferring context: 85.31kB 0.0s done
2025-08-17T16:19:09.6649985Z #21 DONE 0.1s
2025-08-17T16:19:09.6650158Z 
2025-08-17T16:19:09.6650782Z #13 [postgres 1/6] FROM docker.io/library/postgres:16@sha256:66a5efb5677ffac1037774a0e141fd3a4c035c9c0c0e624c9cc980dfa10f45e5
2025-08-17T16:19:09.6652060Z #13 sha256:a1e4ad56dcecf442fba1cec05cd565ededfdc663e5172df9ef9394d96d4c96f8 113.19MB / 113.19MB 1.7s done
2025-08-17T16:19:09.9248727Z #13 extracting sha256:396b1da7636e2dcd10565cb4f2f952cbb4a8a38b58d3b86a2cacb172fb70117c 1.8s done
2025-08-17T16:19:09.9256072Z #13 extracting sha256:fb850b0e3049060bf4eb46c8806d7ceea916d67e5cc56d6b295511e27463e56b
2025-08-17T16:19:10.0411105Z #13 extracting sha256:fb850b0e3049060bf4eb46c8806d7ceea916d67e5cc56d6b295511e27463e56b done
2025-08-17T16:19:10.0412684Z #13 extracting sha256:7f09385d08f9e8f578f9dad57582fff30d6ca3ef0f4d66ab5e1bf92c88862341
2025-08-17T16:19:10.1740231Z #13 extracting sha256:7f09385d08f9e8f578f9dad57582fff30d6ca3ef0f4d66ab5e1bf92c88862341 0.1s done
2025-08-17T16:19:10.1741329Z #13 extracting sha256:534f45d26d937460abe84bd086361a04c27e624a23f9384ff13f11c24c64c7bb
2025-08-17T16:19:10.3084575Z #13 extracting sha256:534f45d26d937460abe84bd086361a04c27e624a23f9384ff13f11c24c64c7bb 0.0s done
2025-08-17T16:19:10.3085622Z #13 extracting sha256:2b6532633f5d125e9a709f56f26af5a07390c859a5c77142b74da1d4e3c79fee
2025-08-17T16:19:10.6201942Z #13 extracting sha256:2b6532633f5d125e9a709f56f26af5a07390c859a5c77142b74da1d4e3c79fee 0.3s done
2025-08-17T16:19:10.6203051Z #13 extracting sha256:320fa150e60fca9bb108771a06f08d5464ad8b7474b7bf3f4b44d723b686ee72
2025-08-17T16:19:10.7230191Z #13 extracting sha256:320fa150e60fca9bb108771a06f08d5464ad8b7474b7bf3f4b44d723b686ee72 0.1s done
2025-08-17T16:19:10.7231788Z #13 extracting sha256:19947f6cc5d3035f6c922fa1d6047c79e044256ad948080adb59cec60717b9f8 done
2025-08-17T16:19:10.7232803Z #13 extracting sha256:e787bdd7824bfcb30d11087160de825f724620c952958f4f725c13421499b724
2025-08-17T16:19:10.8345041Z #13 ...
2025-08-17T16:19:10.8345595Z 
2025-08-17T16:19:10.8346449Z #22 [fees_h10 base 1/5] FROM docker.io/library/python:3.12-slim@sha256:d67a7b66b989ad6b6d6b10d428dcc5e0bfc3e5f88906e67d490c4d3daac57047
2025-08-17T16:19:10.8367551Z #22 resolve docker.io/library/python:3.12-slim@sha256:d67a7b66b989ad6b6d6b10d428dcc5e0bfc3e5f88906e67d490c4d3daac57047 done
2025-08-17T16:19:10.8389281Z #22 extracting sha256:396b1da7636e2dcd10565cb4f2f952cbb4a8a38b58d3b86a2cacb172fb70117c 0.4s done
2025-08-17T16:19:10.8394633Z #22 sha256:8f3d1de1b41cd7340a89b024d6f7a10043f7b0d07d97eb36ba76f22fcfa9a235 1.75kB / 1.75kB done
2025-08-17T16:19:10.8409960Z #22 sha256:bad5eac7befe06d25bef9d4d894d7467355bac08745c745a88977774933fa032 5.58kB / 5.58kB done
2025-08-17T16:19:10.8411280Z #22 sha256:5d587318e932a89b94608393c99dd30ee5092a6991c1656f717bd4f4e13d60df 1.29MB / 1.29MB 0.1s done
2025-08-17T16:19:10.8412918Z #22 sha256:e5c05dcf47fbdb2f18dc242ad1b7f48fbd3813c0027ffcfb8e81e4aa7e0965f4 12.11MB / 12.11MB 0.4s done
2025-08-17T16:19:10.8414303Z #22 sha256:d76206d463c08ba2a3f7bbab2de2a933ad73f33ab4ab813eafe50c9dff9edc12 251B / 251B 0.1s done
2025-08-17T16:19:10.8416151Z #22 sha256:d67a7b66b989ad6b6d6b10d428dcc5e0bfc3e5f88906e67d490c4d3daac57047 10.37kB / 10.37kB done
2025-08-17T16:19:10.8417471Z #22 extracting sha256:5d587318e932a89b94608393c99dd30ee5092a6991c1656f717bd4f4e13d60df 0.1s done
2025-08-17T16:19:10.8418679Z #22 extracting sha256:e5c05dcf47fbdb2f18dc242ad1b7f48fbd3813c0027ffcfb8e81e4aa7e0965f4 0.6s done
2025-08-17T16:19:10.8419818Z #22 extracting sha256:d76206d463c08ba2a3f7bbab2de2a933ad73f33ab4ab813eafe50c9dff9edc12 done
2025-08-17T16:19:10.8420538Z #22 DONE 1.3s
2025-08-17T16:19:10.8420728Z 
2025-08-17T16:19:10.8420864Z #23 [api base 2/5] WORKDIR /app
2025-08-17T16:19:10.8421211Z #23 DONE 0.0s
2025-08-17T16:19:10.8421392Z 
2025-08-17T16:19:10.8421707Z #24 [fees_h10 base 3/6] COPY requirements*.txt constraints.txt ./fees_h10/
2025-08-17T16:19:10.8422273Z #24 DONE 0.0s
2025-08-17T16:19:10.8422439Z 
2025-08-17T16:19:10.8423057Z #13 [postgres 1/6] FROM docker.io/library/postgres:16@sha256:66a5efb5677ffac1037774a0e141fd3a4c035c9c0c0e624c9cc980dfa10f45e5
2025-08-17T16:19:10.8424278Z #13 extracting sha256:e787bdd7824bfcb30d11087160de825f724620c952958f4f725c13421499b724 done
2025-08-17T16:19:10.8425269Z #13 extracting sha256:a1e4ad56dcecf442fba1cec05cd565ededfdc663e5172df9ef9394d96d4c96f8
2025-08-17T16:19:11.0515134Z #13 ...
2025-08-17T16:19:11.0528897Z 
2025-08-17T16:19:11.0529680Z #25 [etl base 3/5] COPY services/etl/requirements*.txt services/etl/constraints.txt ./
2025-08-17T16:19:11.0530588Z #25 DONE 0.0s
2025-08-17T16:19:11.0531302Z 
2025-08-17T16:19:11.0531653Z #26 [api base  3/12] COPY services/api/requirements.txt ./requirements.txt
2025-08-17T16:19:11.0532237Z #26 DONE 0.0s
2025-08-17T16:19:11.0532449Z 
2025-08-17T16:19:11.0533081Z #13 [postgres 1/6] FROM docker.io/library/postgres:16@sha256:66a5efb5677ffac1037774a0e141fd3a4c035c9c0c0e624c9cc980dfa10f45e5
2025-08-17T16:19:15.9763592Z #13 extracting sha256:a1e4ad56dcecf442fba1cec05cd565ededfdc663e5172df9ef9394d96d4c96f8 5.0s
2025-08-17T16:19:17.1622168Z #13 extracting sha256:a1e4ad56dcecf442fba1cec05cd565ededfdc663e5172df9ef9394d96d4c96f8 6.3s done
2025-08-17T16:19:17.1628924Z #13 ...
2025-08-17T16:19:17.1629508Z 
2025-08-17T16:19:17.1632202Z #27 [fees_h10 base 4/6] RUN if [ -n "" ] && [ -f "fees_h10/" ]; then         pip install -r fees_h10/requirements.txt -c fees_h10/;     else         pip install -r fees_h10/requirements.txt;     fi
2025-08-17T16:19:17.1634001Z #27 2.979 Collecting celery==5.4.* (from celery[redis]==5.4.*->-r fees_h10/requirements.txt (line 1))
2025-08-17T16:19:17.1673535Z #27 3.019   Downloading celery-5.4.0-py3-none-any.whl.metadata (21 kB)
2025-08-17T16:19:17.1674413Z #27 3.142 Collecting asyncpg (from -r fees_h10/requirements.txt (line 2))
2025-08-17T16:19:17.1675563Z #27 3.151   Downloading asyncpg-0.30.0-cp312-cp312-manylinux_2_17_x86_64.manylinux2014_x86_64.whl.metadata (5.0 kB)
2025-08-17T16:19:17.1676503Z #27 3.182 Collecting httpx (from -r fees_h10/requirements.txt (line 3))
2025-08-17T16:19:17.1677402Z #27 3.191   Downloading httpx-0.28.1-py3-none-any.whl.metadata (7.1 kB)
2025-08-17T16:19:17.1764288Z #27 3.643 Collecting sqlalchemy (from -r fees_h10/requirements.txt (line 4))
2025-08-17T16:19:17.1765243Z #27 3.653   Downloading sqlalchemy-2.0.43-cp312-cp312-manylinux_2_17_x86_64.manylinux2014_x86_64.whl.metadata (9.6 kB)
2025-08-17T16:19:17.1766449Z #27 3.736 Collecting billiard<5.0,>=4.2.0 (from celery==5.4.*->celery[redis]==5.4.*->-r fees_h10/requirements.txt (line 1))
2025-08-17T16:19:17.1767496Z #27 3.744   Downloading billiard-4.2.1-py3-none-any.whl.metadata (4.4 kB)
2025-08-17T16:19:17.1768348Z #27 3.806 Collecting kombu<6.0,>=5.3.4 (from celery==5.4.*->celery[redis]==5.4.*->-r fees_h10/requirements.txt (line 1))
2025-08-17T16:19:17.1769179Z #27 3.814   Downloading kombu-5.5.4-py3-none-any.whl.metadata (3.5 kB)
2025-08-17T16:19:17.1769997Z #27 3.855 Collecting vine<6.0,>=5.1.0 (from celery==5.4.*->celery[redis]==5.4.*->-r fees_h10/requirements.txt (line 1))
2025-08-17T16:19:17.1770801Z #27 3.861   Downloading vine-5.1.0-py3-none-any.whl.metadata (2.7 kB)
2025-08-17T16:19:17.1771618Z #27 3.901 Collecting click<9.0,>=8.1.2 (from celery==5.4.*->celery[redis]==5.4.*->-r fees_h10/requirements.txt (line 1))
2025-08-17T16:19:17.1772453Z #27 3.913   Downloading click-8.2.1-py3-none-any.whl.metadata (2.5 kB)
2025-08-17T16:19:17.1773354Z #27 3.937 Collecting click-didyoumean>=0.3.0 (from celery==5.4.*->celery[redis]==5.4.*->-r fees_h10/requirements.txt (line 1))
2025-08-17T16:19:17.1774320Z #27 3.946   Downloading click_didyoumean-0.3.1-py3-none-any.whl.metadata (3.9 kB)
2025-08-17T16:19:17.1775228Z #27 3.966 Collecting click-repl>=0.2.0 (from celery==5.4.*->celery[redis]==5.4.*->-r fees_h10/requirements.txt (line 1))
2025-08-17T16:19:17.1791358Z #27 3.976   Downloading click_repl-0.3.0-py3-none-any.whl.metadata (3.6 kB)
2025-08-17T16:19:17.1792281Z #27 3.998 Collecting click-plugins>=1.1.1 (from celery==5.4.*->celery[redis]==5.4.*->-r fees_h10/requirements.txt (line 1))
2025-08-17T16:19:17.1793249Z #27 4.008   Downloading click_plugins-1.1.1.2-py2.py3-none-any.whl.metadata (6.5 kB)
2025-08-17T16:19:17.1794182Z #27 4.057 Collecting tzdata>=2022.7 (from celery==5.4.*->celery[redis]==5.4.*->-r fees_h10/requirements.txt (line 1))
2025-08-17T16:19:17.1795061Z #27 4.065   Downloading tzdata-2025.2-py2.py3-none-any.whl.metadata (1.4 kB)
2025-08-17T16:19:17.1795997Z #27 4.096 Collecting python-dateutil>=2.8.2 (from celery==5.4.*->celery[redis]==5.4.*->-r fees_h10/requirements.txt (line 1))
2025-08-17T16:19:17.1797562Z #27 4.108   Downloading python_dateutil-2.9.0.post0-py2.py3-none-any.whl.metadata (8.4 kB)
2025-08-17T16:19:17.1798555Z #27 4.196 Collecting redis!=4.5.5,<6.0.0,>=4.5.2 (from celery[redis]==5.4.*->-r fees_h10/requirements.txt (line 1))
2025-08-17T16:19:17.1799385Z #27 4.206   Downloading redis-5.3.1-py3-none-any.whl.metadata (9.2 kB)
2025-08-17T16:19:17.1800075Z #27 4.265 Collecting anyio (from httpx->-r fees_h10/requirements.txt (line 3))
2025-08-17T16:19:17.1800784Z #27 4.278   Downloading anyio-4.10.0-py3-none-any.whl.metadata (4.0 kB)
2025-08-17T16:19:17.1801491Z #27 4.322 Collecting certifi (from httpx->-r fees_h10/requirements.txt (line 3))
2025-08-17T16:19:17.1802252Z #27 4.330   Downloading certifi-2025.8.3-py3-none-any.whl.metadata (2.4 kB)
2025-08-17T16:19:17.1803014Z #27 4.394 Collecting httpcore==1.* (from httpx->-r fees_h10/requirements.txt (line 3))
2025-08-17T16:19:17.1803768Z #27 4.404   Downloading httpcore-1.0.9-py3-none-any.whl.metadata (21 kB)
2025-08-17T16:19:17.1804735Z #27 4.445 Collecting idna (from httpx->-r fees_h10/requirements.txt (line 3))
2025-08-17T16:19:17.1805436Z #27 4.454   Downloading idna-3.10-py3-none-any.whl.metadata (10 kB)
2025-08-17T16:19:17.1809846Z #27 4.487 Collecting h11>=0.16 (from httpcore==1.*->httpx->-r fees_h10/requirements.txt (line 3))
2025-08-17T16:19:17.1810791Z #27 4.494   Downloading h11-0.16.0-py3-none-any.whl.metadata (8.3 kB)
2025-08-17T16:19:17.1811516Z #27 4.682 Collecting greenlet>=1 (from sqlalchemy->-r fees_h10/requirements.txt (line 4))
2025-08-17T16:19:17.1812472Z #27 4.693   Downloading greenlet-3.2.4-cp312-cp312-manylinux_2_24_x86_64.manylinux_2_28_x86_64.whl.metadata (4.1 kB)
2025-08-17T16:19:17.1813486Z #27 4.739 Collecting typing-extensions>=4.6.0 (from sqlalchemy->-r fees_h10/requirements.txt (line 4))
2025-08-17T16:19:17.1814370Z #27 4.748   Downloading typing_extensions-4.14.1-py3-none-any.whl.metadata (3.0 kB)
2025-08-17T16:19:17.1818221Z #27 4.837 Collecting prompt-toolkit>=3.0.36 (from click-repl>=0.2.0->celery==5.4.*->celery[redis]==5.4.*->-r fees_h10/requirements.txt (line 1))
2025-08-17T16:19:17.1819341Z #27 4.849   Downloading prompt_toolkit-3.0.51-py3-none-any.whl.metadata (6.4 kB)
2025-08-17T16:19:17.1820431Z #27 4.899 Collecting amqp<6.0.0,>=5.1.1 (from kombu<6.0,>=5.3.4->celery==5.4.*->celery[redis]==5.4.*->-r fees_h10/requirements.txt (line 1))
2025-08-17T16:19:17.1821290Z #27 4.911   Downloading amqp-5.3.1-py3-none-any.whl.metadata (8.9 kB)
2025-08-17T16:19:17.1822161Z #27 4.961 Collecting packaging (from kombu<6.0,>=5.3.4->celery==5.4.*->celery[redis]==5.4.*->-r fees_h10/requirements.txt (line 1))
2025-08-17T16:19:17.1823151Z #27 4.970   Downloading packaging-25.0-py3-none-any.whl.metadata (3.3 kB)
2025-08-17T16:19:17.1824323Z #27 5.007 Collecting six>=1.5 (from python-dateutil>=2.8.2->celery==5.4.*->celery[redis]==5.4.*->-r fees_h10/requirements.txt (line 1))
2025-08-17T16:19:17.1825473Z #27 5.016   Downloading six-1.17.0-py2.py3-none-any.whl.metadata (1.7 kB)
2025-08-17T16:19:17.1826407Z #27 5.054 Collecting PyJWT>=2.9.0 (from redis!=4.5.5,<6.0.0,>=4.5.2->celery[redis]==5.4.*->-r fees_h10/requirements.txt (line 1))
2025-08-17T16:19:17.1827464Z #27 5.061   Downloading PyJWT-2.10.1-py3-none-any.whl.metadata (4.0 kB)
2025-08-17T16:19:17.1828270Z #27 5.098 Collecting sniffio>=1.1 (from anyio->httpx->-r fees_h10/requirements.txt (line 3))
2025-08-17T16:19:17.1829097Z #27 5.106   Downloading sniffio-1.3.1-py3-none-any.whl.metadata (3.9 kB)
2025-08-17T16:19:17.1830179Z #27 5.155 Collecting wcwidth (from prompt-toolkit>=3.0.36->click-repl>=0.2.0->celery==5.4.*->celery[redis]==5.4.*->-r fees_h10/requirements.txt (line 1))
2025-08-17T16:19:17.1831272Z #27 5.164   Downloading wcwidth-0.2.13-py2.py3-none-any.whl.metadata (14 kB)
2025-08-17T16:19:17.1831977Z #27 5.199 Downloading celery-5.4.0-py3-none-any.whl (425 kB)
2025-08-17T16:19:17.1832780Z #27 5.231 Downloading asyncpg-0.30.0-cp312-cp312-manylinux_2_17_x86_64.manylinux2014_x86_64.whl (3.6 MB)
2025-08-17T16:19:17.1833982Z #27 5.286    ━━━━━━━━━━━━━━━━━━━━━━━━━━━━━━━━━━━━━━━━ 3.6/3.6 MB 80.2 MB/s eta 0:00:00
2025-08-17T16:19:17.1834608Z #27 5.297 Downloading httpx-0.28.1-py3-none-any.whl (73 kB)
2025-08-17T16:19:17.1835230Z #27 5.308 Downloading httpcore-1.0.9-py3-none-any.whl (78 kB)
2025-08-17T16:19:17.1836162Z #27 5.323 Downloading sqlalchemy-2.0.43-cp312-cp312-manylinux_2_17_x86_64.manylinux2014_x86_64.whl (3.3 MB)
2025-08-17T16:19:17.1837411Z #27 5.357    ━━━━━━━━━━━━━━━━━━━━━━━━━━━━━━━━━━━━━━━━ 3.3/3.3 MB 120.9 MB/s eta 0:00:00
2025-08-17T16:19:17.1838061Z #27 5.367 Downloading billiard-4.2.1-py3-none-any.whl (86 kB)
2025-08-17T16:19:17.1838609Z #27 5.383 Downloading click-8.2.1-py3-none-any.whl (102 kB)
2025-08-17T16:19:17.1839193Z #27 5.399 Downloading click_didyoumean-0.3.1-py3-none-any.whl (3.6 kB)
2025-08-17T16:19:17.1839869Z #27 5.410 Downloading click_plugins-1.1.1.2-py2.py3-none-any.whl (11 kB)
2025-08-17T16:19:17.1840510Z #27 5.427 Downloading click_repl-0.3.0-py3-none-any.whl (10 kB)
2025-08-17T16:19:17.1841316Z #27 5.442 Downloading greenlet-3.2.4-cp312-cp312-manylinux_2_24_x86_64.manylinux_2_28_x86_64.whl (607 kB)
2025-08-17T16:19:17.1842440Z #27 5.454    ━━━━━━━━━━━━━━━━━━━━━━━━━━━━━━━━━━━━━━━━ 607.6/607.6 kB 51.0 MB/s eta 0:00:00
2025-08-17T16:19:17.1843005Z #27 5.466 Downloading kombu-5.5.4-py3-none-any.whl (210 kB)
2025-08-17T16:19:17.1843664Z #27 5.488 Downloading vine-5.1.0-py3-none-any.whl (9.6 kB)
2025-08-17T16:19:17.1844318Z #27 5.498 Downloading python_dateutil-2.9.0.post0-py2.py3-none-any.whl (229 kB)
2025-08-17T16:19:17.1845029Z #27 5.517 Downloading redis-5.3.1-py3-none-any.whl (272 kB)
2025-08-17T16:19:17.1845662Z #27 5.534 Downloading typing_extensions-4.14.1-py3-none-any.whl (43 kB)
2025-08-17T16:19:17.1846354Z #27 5.549 Downloading tzdata-2025.2-py2.py3-none-any.whl (347 kB)
2025-08-17T16:19:17.1877501Z #27 5.569 Downloading anyio-4.10.0-py3-none-any.whl (107 kB)
2025-08-17T16:19:17.1878202Z #27 5.590 Downloading idna-3.10-py3-none-any.whl (70 kB)
2025-08-17T16:19:17.1878810Z #27 5.605 Downloading certifi-2025.8.3-py3-none-any.whl (161 kB)
2025-08-17T16:19:17.1879419Z #27 5.620 Downloading amqp-5.3.1-py3-none-any.whl (50 kB)
2025-08-17T16:19:17.1881686Z #27 5.631 Downloading h11-0.16.0-py3-none-any.whl (37 kB)
2025-08-17T16:19:17.1882319Z #27 5.645 Downloading prompt_toolkit-3.0.51-py3-none-any.whl (387 kB)
2025-08-17T16:19:17.1882976Z #27 5.663 Downloading PyJWT-2.10.1-py3-none-any.whl (22 kB)
2025-08-17T16:19:17.1883553Z #27 5.679 Downloading six-1.17.0-py2.py3-none-any.whl (11 kB)
2025-08-17T16:19:17.1884129Z #27 5.692 Downloading sniffio-1.3.1-py3-none-any.whl (10 kB)
2025-08-17T16:19:17.1884721Z #27 5.705 Downloading packaging-25.0-py3-none-any.whl (66 kB)
2025-08-17T16:19:17.1885093Z #27 5.720 Downloading wcwidth-0.2.13-py2.py3-none-any.whl (34 kB)
2025-08-17T16:19:17.1886223Z #27 5.875 Installing collected packages: wcwidth, vine, tzdata, typing-extensions, sniffio, six, PyJWT, prompt-toolkit, packaging, idna, h11, greenlet, click, certifi, billiard, asyncpg, sqlalchemy, redis, python-dateutil, httpcore, click-repl, click-plugins, click-didyoumean, anyio, amqp, kombu, httpx, celery
2025-08-17T16:19:17.3129894Z #27 ...
2025-08-17T16:19:17.3130108Z 
2025-08-17T16:19:17.3130815Z #13 [postgres 1/6] FROM docker.io/library/postgres:16@sha256:66a5efb5677ffac1037774a0e141fd3a4c035c9c0c0e624c9cc980dfa10f45e5
2025-08-17T16:19:17.3132125Z #13 extracting sha256:987c1b4919ea2d87df20824aaef43a9de0575ac7df684579ad267c7e48c8eeea done
2025-08-17T16:19:18.0009822Z #13 extracting sha256:a858bd6d34e86a481a2e028e3ba489e662b3ac7713eba9a5d3bb97002c7d797e done
2025-08-17T16:19:18.0029514Z #13 extracting sha256:f1b3502db45ad485f0affe43e32fc81d699ddac01c023f198271a0a7e1cecd4c done
2025-08-17T16:19:18.1131256Z #13 extracting sha256:25ef78fb127c1934630de29a3d38f46e544360b1dcf5cfc09b25507fbe88fd75 done
2025-08-17T16:19:18.1133073Z #13 extracting sha256:240810240d04caaaccb11d51ba7c3a7f7d6f470ec2a80ee420a3d33899d9a303 done
2025-08-17T16:19:18.2272424Z #13 DONE 10.3s
2025-08-17T16:19:18.2272688Z 
2025-08-17T16:19:18.2273977Z #28 [postgres 2/6] RUN set -eux;     if [ -f /etc/apt/sources.list ]; then         sed -i 's|http://deb.debian.org|https://deb.debian.org|g' /etc/apt/sources.list;     fi;     apt-get update;     apt-get install -y locales;     locale-gen en_US.UTF-8;     rm -rf /var/lib/apt/lists/*
2025-08-17T16:19:18.4523634Z #28 0.214 + [ -f /etc/apt/sources.list ]
2025-08-17T16:19:18.4534876Z #28 0.215 + apt-get update
2025-08-17T16:19:18.5578854Z #28 0.308 Get:1 http://deb.debian.org/debian trixie InRelease [138 kB]
2025-08-17T16:19:18.5588085Z #28 0.308 Get:2 http://apt.postgresql.org/pub/repos/apt trixie-pgdg InRelease [107 kB]
2025-08-17T16:19:18.5637977Z #28 0.334 Get:3 http://deb.debian.org/debian trixie-updates InRelease [47.1 kB]
2025-08-17T16:19:18.5638889Z #28 0.334 Get:4 http://deb.debian.org/debian-security trixie-security InRelease [43.4 kB]
2025-08-17T16:19:18.5639870Z #28 0.358 Get:5 http://apt.postgresql.org/pub/repos/apt trixie-pgdg/16 amd64 Packages [2,574 B]
2025-08-17T16:19:18.5640873Z #28 0.389 Get:6 http://apt.postgresql.org/pub/repos/apt trixie-pgdg/main amd64 Packages [334 kB]
2025-08-17T16:19:18.5642098Z #28 0.392 Get:7 http://deb.debian.org/debian trixie/main amd64 Packages [9,668 kB]
2025-08-17T16:19:18.6660735Z #28 0.506 Get:8 http://deb.debian.org/debian trixie-updates/main amd64 Packages [2,432 B]
2025-08-17T16:19:18.8045174Z #28 0.507 Get:9 http://deb.debian.org/debian-security trixie-security/main amd64 Packages [8,780 B]
2025-08-17T16:19:19.7192315Z #28 1.413 Fetched 10.3 MB in 1s (9,015 kB/s)
2025-08-17T16:19:20.4927713Z #28 1.413 Reading package lists...
2025-08-17T16:19:20.4929775Z #28 2.293 + apt-get install -y locales
2025-08-17T16:19:20.9126047Z #28 2.302 Reading package lists...
2025-08-17T16:19:20.9129465Z #28 ...
2025-08-17T16:19:20.9130848Z 
2025-08-17T16:19:20.9132843Z #29 [etl base 4/5] RUN if [ -n "" ] && [ -f "" ]; then         pip install -r requirements.txt -c "";     else         pip install -r requirements.txt;     fi
2025-08-17T16:19:20.9134248Z #29 2.951 Collecting keepa==1.3.14 (from -r requirements.txt (line 1))
2025-08-17T16:19:20.9136713Z #29 3.023   Downloading keepa-1.3.14-py3-none-any.whl.metadata (10 kB)
2025-08-17T16:19:20.9137692Z #29 3.084 Collecting minio==7.1.15 (from -r requirements.txt (line 2))
2025-08-17T16:19:20.9138430Z #29 3.094   Downloading minio-7.1.15-py3-none-any.whl.metadata (4.2 kB)
2025-08-17T16:19:20.9139278Z #29 3.196 Collecting python-amazon-sp-api==0.8.0 (from -r requirements.txt (line 3))
2025-08-17T16:19:20.9140176Z #29 3.206   Downloading python_amazon_sp_api-0.8.0-py3-none-any.whl.metadata (3.2 kB)
2025-08-17T16:19:20.9141056Z #29 3.238 Collecting pydantic-settings==2.2.1 (from -r requirements.txt (line 4))
2025-08-17T16:19:20.9141952Z #29 3.248   Downloading pydantic_settings-2.2.1-py3-none-any.whl.metadata (3.1 kB)
2025-08-17T16:19:20.9142723Z #29 3.577 Collecting numpy<2 (from -r requirements.txt (line 5))
2025-08-17T16:19:20.9143622Z #29 3.586   Downloading numpy-1.26.4-cp312-cp312-manylinux_2_17_x86_64.manylinux2014_x86_64.whl.metadata (61 kB)
2025-08-17T16:19:20.9144574Z #29 3.816 Collecting pandas==2.2.* (from -r requirements.txt (line 6))
2025-08-17T16:19:20.9145532Z #29 3.824   Downloading pandas-2.2.3-cp312-cp312-manylinux_2_17_x86_64.manylinux2014_x86_64.whl.metadata (89 kB)
2025-08-17T16:19:20.9146502Z #29 3.934 Collecting pandera==0.19.* (from -r requirements.txt (line 7))
2025-08-17T16:19:20.9147426Z #29 3.945   Downloading pandera-0.19.3-py3-none-any.whl.metadata (15 kB)
2025-08-17T16:19:20.9148196Z #29 3.994 Collecting openpyxl==3.1.* (from -r requirements.txt (line 8))
2025-08-17T16:19:20.9148979Z #29 4.003   Downloading openpyxl-3.1.5-py2.py3-none-any.whl.metadata (2.5 kB)
2025-08-17T16:19:20.9149830Z #29 4.112 Collecting psycopg2-binary==2.9.* (from -r requirements.txt (line 9))
2025-08-17T16:19:20.9150874Z #29 4.119   Downloading psycopg2_binary-2.9.10-cp312-cp312-manylinux_2_17_x86_64.manylinux2014_x86_64.whl.metadata (4.9 kB)
2025-08-17T16:19:20.9151915Z #29 4.211 Collecting requests>=2.2 (from keepa==1.3.14->-r requirements.txt (line 1))
2025-08-17T16:19:20.9152788Z #29 4.221   Downloading requests-2.32.4-py3-none-any.whl.metadata (4.9 kB)
2025-08-17T16:19:20.9153585Z #29 4.299 Collecting tqdm (from keepa==1.3.14->-r requirements.txt (line 1))
2025-08-17T16:19:20.9154356Z #29 4.308   Downloading tqdm-4.67.1-py3-none-any.whl.metadata (57 kB)
2025-08-17T16:19:20.9155138Z #29 5.088 Collecting aiohttp (from keepa==1.3.14->-r requirements.txt (line 1))
2025-08-17T16:19:20.9156170Z #29 5.095   Downloading aiohttp-3.12.15-cp312-cp312-manylinux_2_17_x86_64.manylinux2014_x86_64.whl.metadata (7.7 kB)
2025-08-17T16:19:20.9160856Z #29 5.285 Collecting pydantic (from keepa==1.3.14->-r requirements.txt (line 1))
2025-08-17T16:19:20.9161699Z #29 5.293   Downloading pydantic-2.11.7-py3-none-any.whl.metadata (67 kB)
2025-08-17T16:19:20.9162522Z #29 5.345 Collecting certifi (from minio==7.1.15->-r requirements.txt (line 2))
2025-08-17T16:19:20.9163327Z #29 5.352   Downloading certifi-2025.8.3-py3-none-any.whl.metadata (2.4 kB)
2025-08-17T16:19:20.9164127Z #29 5.403 Collecting urllib3 (from minio==7.1.15->-r requirements.txt (line 2))
2025-08-17T16:19:20.9165218Z #29 5.412   Downloading urllib3-2.5.0-py3-none-any.whl.metadata (6.5 kB)
2025-08-17T16:19:20.9166121Z #29 5.444 Collecting six<2,>=1.15 (from python-amazon-sp-api==0.8.0->-r requirements.txt (line 3))
2025-08-17T16:19:20.9168039Z #29 5.454   Downloading six-1.17.0-py2.py3-none-any.whl.metadata (1.7 kB)
2025-08-17T16:19:20.9168952Z #29 6.146 Collecting boto3<2,>=1.16.39 (from python-amazon-sp-api==0.8.0->-r requirements.txt (line 3))
2025-08-17T16:19:20.9169869Z #29 6.155   Downloading boto3-1.40.11-py3-none-any.whl.metadata (6.7 kB)
2025-08-17T16:19:20.9170785Z #29 6.196 Collecting cachetools~=4.2.0 (from python-amazon-sp-api==0.8.0->-r requirements.txt (line 3))
2025-08-17T16:19:20.9171745Z #29 6.205   Downloading cachetools-4.2.4-py3-none-any.whl.metadata (4.8 kB)
2025-08-17T16:19:20.9172706Z #29 6.335 Collecting pycryptodome (from python-amazon-sp-api==0.8.0->-r requirements.txt (line 3))
2025-08-17T16:19:20.9174874Z #29 6.352   Downloading pycryptodome-3.23.0-cp37-abi3-manylinux_2_17_x86_64.manylinux2014_x86_64.whl.metadata (3.4 kB)
2025-08-17T16:19:20.9176534Z #29 6.487 Collecting pytz (from python-amazon-sp-api==0.8.0->-r requirements.txt (line 3))
2025-08-17T16:19:20.9178388Z #29 6.612   Downloading pytz-2025.2-py2.py3-none-any.whl.metadata (22 kB)
2025-08-17T16:19:20.9179291Z #29 6.919 Collecting confuse~=1.4.0 (from python-amazon-sp-api==0.8.0->-r requirements.txt (line 3))
2025-08-17T16:19:20.9180227Z #29 6.928   Downloading confuse-1.4.0-py2.py3-none-any.whl.metadata (3.8 kB)
2025-08-17T16:19:20.9181178Z #29 7.079 Collecting python-dotenv>=0.21.0 (from pydantic-settings==2.2.1->-r requirements.txt (line 4))
2025-08-17T16:19:20.9182173Z #29 7.087   Downloading python_dotenv-1.1.1-py3-none-any.whl.metadata (24 kB)
2025-08-17T16:19:20.9183064Z #29 7.185 Collecting python-dateutil>=2.8.2 (from pandas==2.2.*->-r requirements.txt (line 6))
2025-08-17T16:19:20.9184082Z #29 7.194   Downloading python_dateutil-2.9.0.post0-py2.py3-none-any.whl.metadata (8.4 kB)
2025-08-17T16:19:20.9185026Z #29 7.251 Collecting tzdata>=2022.7 (from pandas==2.2.*->-r requirements.txt (line 6))
2025-08-17T16:19:20.9185860Z #29 7.257   Downloading tzdata-2025.2-py2.py3-none-any.whl.metadata (1.4 kB)
2025-08-17T16:19:20.9186750Z #29 7.287 Collecting multimethod<=1.10.0 (from pandera==0.19.*->-r requirements.txt (line 7))
2025-08-17T16:19:20.9187784Z #29 7.300   Downloading multimethod-1.10-py3-none-any.whl.metadata (8.2 kB)
2025-08-17T16:19:20.9188647Z #29 7.370 Collecting packaging>=20.0 (from pandera==0.19.*->-r requirements.txt (line 7))
2025-08-17T16:19:20.9189483Z #29 7.378   Downloading packaging-25.0-py3-none-any.whl.metadata (3.3 kB)
2025-08-17T16:19:20.9190326Z #29 7.494 Collecting typeguard (from pandera==0.19.*->-r requirements.txt (line 7))
2025-08-17T16:19:20.9191174Z #29 7.505   Downloading typeguard-4.4.4-py3-none-any.whl.metadata (3.3 kB)
2025-08-17T16:19:20.9192052Z #29 7.529 Collecting typing-inspect>=0.6.0 (from pandera==0.19.*->-r requirements.txt (line 7))
2025-08-17T16:19:20.9192969Z #29 7.537   Downloading typing_inspect-0.9.0-py3-none-any.whl.metadata (1.5 kB)
2025-08-17T16:19:20.9193786Z #29 7.689 Collecting wrapt (from pandera==0.19.*->-r requirements.txt (line 7))
2025-08-17T16:19:20.9194870Z #29 7.697   Downloading wrapt-1.17.3-cp312-cp312-manylinux1_x86_64.manylinux_2_28_x86_64.manylinux_2_5_x86_64.whl.metadata (6.4 kB)
2025-08-17T16:19:20.9195979Z #29 7.722 Collecting et-xmlfile (from openpyxl==3.1.*->-r requirements.txt (line 8))
2025-08-17T16:19:20.9196805Z #29 7.731   Downloading et_xmlfile-2.0.0-py3-none-any.whl.metadata (2.7 kB)
2025-08-17T16:19:20.9198141Z #29 8.374 Collecting botocore<1.41.0,>=1.40.11 (from boto3<2,>=1.16.39->python-amazon-sp-api==0.8.0->-r requirements.txt (line 3))
2025-08-17T16:19:20.9199151Z #29 8.385   Downloading botocore-1.40.11-py3-none-any.whl.metadata (5.7 kB)
2025-08-17T16:19:20.9200165Z #29 8.414 Collecting jmespath<2.0.0,>=0.7.1 (from boto3<2,>=1.16.39->python-amazon-sp-api==0.8.0->-r requirements.txt (line 3))
2025-08-17T16:19:20.9201574Z #29 8.422   Downloading jmespath-1.0.1-py3-none-any.whl.metadata (7.6 kB)
2025-08-17T16:19:20.9202611Z #29 8.472 Collecting s3transfer<0.14.0,>=0.13.0 (from boto3<2,>=1.16.39->python-amazon-sp-api==0.8.0->-r requirements.txt (line 3))
2025-08-17T16:19:20.9203876Z #29 8.480   Downloading s3transfer-0.13.1-py3-none-any.whl.metadata (1.7 kB)
2025-08-17T16:19:20.9204868Z #29 8.550 Collecting pyyaml (from confuse~=1.4.0->python-amazon-sp-api==0.8.0->-r requirements.txt (line 3))
2025-08-17T16:19:20.9215536Z #29 8.559   Downloading PyYAML-6.0.2-cp312-cp312-manylinux_2_17_x86_64.manylinux2014_x86_64.whl.metadata (2.1 kB)
2025-08-17T16:19:20.9216673Z #29 8.588 Collecting annotated-types>=0.6.0 (from pydantic->keepa==1.3.14->-r requirements.txt (line 1))
2025-08-17T16:19:20.9217844Z #29 8.597   Downloading annotated_types-0.7.0-py3-none-any.whl.metadata (15 kB)
2025-08-17T16:19:20.9219829Z #29 9.616 Collecting pydantic-core==2.33.2 (from pydantic->keepa==1.3.14->-r requirements.txt (line 1))
2025-08-17T16:19:20.9221003Z #29 9.626   Downloading pydantic_core-2.33.2-cp312-cp312-manylinux_2_17_x86_64.manylinux2014_x86_64.whl.metadata (6.8 kB)
2025-08-17T16:19:20.9222212Z #29 9.666 Collecting typing-extensions>=4.12.2 (from pydantic->keepa==1.3.14->-r requirements.txt (line 1))
2025-08-17T16:19:20.9223247Z #29 9.677   Downloading typing_extensions-4.14.1-py3-none-any.whl.metadata (3.0 kB)
2025-08-17T16:19:20.9224267Z #29 9.709 Collecting typing-inspection>=0.4.0 (from pydantic->keepa==1.3.14->-r requirements.txt (line 1))
2025-08-17T16:19:20.9225266Z #29 9.716   Downloading typing_inspection-0.4.1-py3-none-any.whl.metadata (2.6 kB)
2025-08-17T16:19:20.9226286Z #29 9.862 Collecting charset_normalizer<4,>=2 (from requests>=2.2->keepa==1.3.14->-r requirements.txt (line 1))
2025-08-17T16:19:20.9227961Z #29 9.870   Downloading charset_normalizer-3.4.3-cp312-cp312-manylinux2014_x86_64.manylinux_2_17_x86_64.manylinux_2_28_x86_64.whl.metadata (36 kB)
2025-08-17T16:19:20.9229219Z #29 9.911 Collecting idna<4,>=2.5 (from requests>=2.2->keepa==1.3.14->-r requirements.txt (line 1))
2025-08-17T16:19:20.9230046Z #29 9.922   Downloading idna-3.10-py3-none-any.whl.metadata (10 kB)
2025-08-17T16:19:20.9231001Z #29 9.975 Collecting mypy-extensions>=0.3.0 (from typing-inspect>=0.6.0->pandera==0.19.*->-r requirements.txt (line 7))
2025-08-17T16:19:20.9232034Z #29 9.983   Downloading mypy_extensions-1.1.0-py3-none-any.whl.metadata (1.1 kB)
2025-08-17T16:19:20.9233008Z #29 10.03 Collecting aiohappyeyeballs>=2.5.0 (from aiohttp->keepa==1.3.14->-r requirements.txt (line 1))
2025-08-17T16:19:20.9234012Z #29 10.04   Downloading aiohappyeyeballs-2.6.1-py3-none-any.whl.metadata (5.9 kB)
2025-08-17T16:19:20.9234941Z #29 10.06 Collecting aiosignal>=1.4.0 (from aiohttp->keepa==1.3.14->-r requirements.txt (line 1))
2025-08-17T16:19:20.9235837Z #29 10.07   Downloading aiosignal-1.4.0-py3-none-any.whl.metadata (3.7 kB)
2025-08-17T16:19:21.0122949Z #29 10.10 Collecting attrs>=17.3.0 (from aiohttp->keepa==1.3.14->-r requirements.txt (line 1))
2025-08-17T16:19:21.0127399Z #29 10.11   Downloading attrs-25.3.0-py3-none-any.whl.metadata (10 kB)
2025-08-17T16:19:21.0127983Z #29 ...
2025-08-17T16:19:21.0128146Z 
2025-08-17T16:19:21.0128422Z #30 [api base  4/12] RUN pip install --no-cache-dir -r requirements.txt
2025-08-17T16:19:21.0129110Z #30 3.099 Collecting uvicorn==0.29.0 (from -r requirements.txt (line 1))
2025-08-17T16:19:21.0129856Z #30 3.149   Downloading uvicorn-0.29.0-py3-none-any.whl.metadata (6.3 kB)
2025-08-17T16:19:21.0130689Z #30 3.182 Collecting pydantic-settings==2.2.1 (from -r requirements.txt (line 2))
2025-08-17T16:19:21.0131569Z #30 3.192   Downloading pydantic_settings-2.2.1-py3-none-any.whl.metadata (3.1 kB)
2025-08-17T16:19:21.0132392Z #30 3.267 Collecting fastapi==0.111.0 (from -r requirements.txt (line 3))
2025-08-17T16:19:21.0133138Z #30 3.276   Downloading fastapi-0.111.0-py3-none-any.whl.metadata (25 kB)
2025-08-17T16:19:21.0133811Z #30 3.735 Collecting sqlalchemy==2.0.29 (from -r requirements.txt (line 4))
2025-08-17T16:19:21.0135340Z #30 3.749   Downloading SQLAlchemy-2.0.29-cp312-cp312-manylinux_2_17_x86_64.manylinux2014_x86_64.whl.metadata (9.6 kB)
2025-08-17T16:19:21.0136216Z #30 3.803 Collecting alembic==1.13.1 (from -r requirements.txt (line 5))
2025-08-17T16:19:21.0137286Z #30 3.813   Downloading alembic-1.13.1-py3-none-any.whl.metadata (7.4 kB)
2025-08-17T16:19:21.0138007Z #30 3.836 Collecting psycopg==3.2.9 (from psycopg[binary]==3.2.9->-r requirements.txt (line 6))
2025-08-17T16:19:21.0138767Z #30 3.844   Downloading psycopg-3.2.9-py3-none-any.whl.metadata (4.5 kB)
2025-08-17T16:19:21.0139461Z #30 3.878 Collecting httpx==0.27.2 (from -r requirements.txt (line 7))
2025-08-17T16:19:21.0140153Z #30 3.886   Downloading httpx-0.27.2-py3-none-any.whl.metadata (7.1 kB)
2025-08-17T16:19:21.0140867Z #30 3.956 Collecting asyncpg==0.29.0 (from -r requirements.txt (line 8))
2025-08-17T16:19:21.0141775Z #30 3.965   Downloading asyncpg-0.29.0-cp312-cp312-manylinux_2_17_x86_64.manylinux2014_x86_64.whl.metadata (4.4 kB)
2025-08-17T16:19:21.0142706Z #30 4.432 Collecting boto3==1.34.162 (from -r requirements.txt (line 9))
2025-08-17T16:19:21.0143422Z #30 4.444   Downloading boto3-1.34.162-py3-none-any.whl.metadata (6.6 kB)
2025-08-17T16:19:21.0144082Z #30 4.470 Collecting Jinja2==3.1.5 (from -r requirements.txt (line 10))
2025-08-17T16:19:21.0144682Z #30 4.480   Downloading jinja2-3.1.5-py3-none-any.whl.metadata (2.6 kB)
2025-08-17T16:19:21.0145458Z #30 4.510 Collecting click>=7.0 (from uvicorn==0.29.0->-r requirements.txt (line 1))
2025-08-17T16:19:21.0146241Z #30 4.521   Downloading click-8.2.1-py3-none-any.whl.metadata (2.5 kB)
2025-08-17T16:19:21.0147169Z #30 4.540 Collecting h11>=0.8 (from uvicorn==0.29.0->-r requirements.txt (line 1))
2025-08-17T16:19:21.0147924Z #30 4.551   Downloading h11-0.16.0-py3-none-any.whl.metadata (8.3 kB)
2025-08-17T16:19:21.0148780Z #30 4.768 Collecting pydantic>=2.3.0 (from pydantic-settings==2.2.1->-r requirements.txt (line 2))
2025-08-17T16:19:21.0149676Z #30 4.783   Downloading pydantic-2.11.7-py3-none-any.whl.metadata (67 kB)
2025-08-17T16:19:21.0150632Z #30 4.825 Collecting python-dotenv>=0.21.0 (from pydantic-settings==2.2.1->-r requirements.txt (line 2))
2025-08-17T16:19:21.0151577Z #30 4.834   Downloading python_dotenv-1.1.1-py3-none-any.whl.metadata (24 kB)
2025-08-17T16:19:21.0152467Z #30 4.902 Collecting starlette<0.38.0,>=0.37.2 (from fastapi==0.111.0->-r requirements.txt (line 3))
2025-08-17T16:19:21.0153341Z #30 4.909   Downloading starlette-0.37.2-py3-none-any.whl.metadata (5.9 kB)
2025-08-17T16:19:21.0154249Z #30 5.026 Collecting typing-extensions>=4.8.0 (from fastapi==0.111.0->-r requirements.txt (line 3))
2025-08-17T16:19:21.0155209Z #30 5.037   Downloading typing_extensions-4.14.1-py3-none-any.whl.metadata (3.0 kB)
2025-08-17T16:19:21.0156119Z #30 5.052 Collecting fastapi-cli>=0.0.2 (from fastapi==0.111.0->-r requirements.txt (line 3))
2025-08-17T16:19:21.0217279Z #30 5.063   Downloading fastapi_cli-0.0.8-py3-none-any.whl.metadata (6.3 kB)
2025-08-17T16:19:21.0218249Z #30 5.138 Collecting python-multipart>=0.0.7 (from fastapi==0.111.0->-r requirements.txt (line 3))
2025-08-17T16:19:21.0219227Z #30 5.145   Downloading python_multipart-0.0.20-py3-none-any.whl.metadata (1.8 kB)
2025-08-17T16:19:21.0220234Z #30 5.241 Collecting ujson!=4.0.2,!=4.1.0,!=4.2.0,!=4.3.0,!=5.0.0,!=5.1.0,>=4.0.1 (from fastapi==0.111.0->-r requirements.txt (line 3))
2025-08-17T16:19:21.0221328Z #30 5.253   Downloading ujson-5.10.0-cp312-cp312-manylinux_2_17_x86_64.manylinux2014_x86_64.whl.metadata (9.3 kB)
2025-08-17T16:19:21.0222319Z #30 5.611 Collecting orjson>=3.2.1 (from fastapi==0.111.0->-r requirements.txt (line 3))
2025-08-17T16:19:21.0223324Z #30 5.620   Downloading orjson-3.11.2-cp312-cp312-manylinux_2_17_x86_64.manylinux2014_x86_64.whl.metadata (1.2 kB)
2025-08-17T16:19:21.0224386Z #30 5.638 Collecting email_validator>=2.0.0 (from fastapi==0.111.0->-r requirements.txt (line 3))
2025-08-17T16:19:21.0225288Z #30 5.646   Downloading email_validator-2.2.0-py3-none-any.whl.metadata (25 kB)
2025-08-17T16:19:21.0226427Z #30 5.866 Collecting greenlet!=0.4.17 (from sqlalchemy==2.0.29->-r requirements.txt (line 4))
2025-08-17T16:19:21.0227677Z #30 5.877   Downloading greenlet-3.2.4-cp312-cp312-manylinux_2_24_x86_64.manylinux_2_28_x86_64.whl.metadata (4.1 kB)
2025-08-17T16:19:21.0228893Z #30 5.943 Collecting Mako (from alembic==1.13.1->-r requirements.txt (line 5))
2025-08-17T16:19:21.0229643Z #30 5.953   Downloading mako-1.3.10-py3-none-any.whl.metadata (2.9 kB)
2025-08-17T16:19:21.0230390Z #30 6.003 Collecting anyio (from httpx==0.27.2->-r requirements.txt (line 7))
2025-08-17T16:19:21.0231115Z #30 6.013   Downloading anyio-4.10.0-py3-none-any.whl.metadata (4.0 kB)
2025-08-17T16:19:21.0231769Z #30 6.053 Collecting certifi (from httpx==0.27.2->-r requirements.txt (line 7))
2025-08-17T16:19:21.0232442Z #30 6.061   Downloading certifi-2025.8.3-py3-none-any.whl.metadata (2.4 kB)
2025-08-17T16:19:21.0233118Z #30 6.102 Collecting httpcore==1.* (from httpx==0.27.2->-r requirements.txt (line 7))
2025-08-17T16:19:21.0233817Z #30 6.110   Downloading httpcore-1.0.9-py3-none-any.whl.metadata (21 kB)
2025-08-17T16:19:21.0234456Z #30 6.133 Collecting idna (from httpx==0.27.2->-r requirements.txt (line 7))
2025-08-17T16:19:21.0235055Z #30 6.141   Downloading idna-3.10-py3-none-any.whl.metadata (10 kB)
2025-08-17T16:19:21.0235683Z #30 6.156 Collecting sniffio (from httpx==0.27.2->-r requirements.txt (line 7))
2025-08-17T16:19:21.0236316Z #30 6.166   Downloading sniffio-1.3.1-py3-none-any.whl.metadata (3.9 kB)
2025-08-17T16:19:21.0237194Z #30 6.625 Collecting botocore<1.35.0,>=1.34.162 (from boto3==1.34.162->-r requirements.txt (line 9))
2025-08-17T16:19:21.0237906Z #30 6.650   Downloading botocore-1.34.162-py3-none-any.whl.metadata (5.7 kB)
2025-08-17T16:19:21.0238621Z #30 6.767 Collecting jmespath<2.0.0,>=0.7.1 (from boto3==1.34.162->-r requirements.txt (line 9))
2025-08-17T16:19:21.0239425Z #30 6.810   Downloading jmespath-1.0.1-py3-none-any.whl.metadata (7.6 kB)
2025-08-17T16:19:21.0240264Z #30 6.870 Collecting s3transfer<0.11.0,>=0.10.0 (from boto3==1.34.162->-r requirements.txt (line 9))
2025-08-17T16:19:21.0241127Z #30 6.910   Downloading s3transfer-0.10.4-py3-none-any.whl.metadata (1.7 kB)
2025-08-17T16:19:21.0241948Z #30 6.953 Collecting MarkupSafe>=2.0 (from Jinja2==3.1.5->-r requirements.txt (line 10))
2025-08-17T16:19:21.0242996Z #30 7.007   Downloading MarkupSafe-3.0.2-cp312-cp312-manylinux_2_17_x86_64.manylinux2014_x86_64.whl.metadata (4.0 kB)
2025-08-17T16:19:21.0244105Z #30 7.215 Collecting psycopg-binary==3.2.9 (from psycopg[binary]==3.2.9->-r requirements.txt (line 6))
2025-08-17T16:19:21.0245195Z #30 7.222   Downloading psycopg_binary-3.2.9-cp312-cp312-manylinux_2_17_x86_64.manylinux2014_x86_64.whl.metadata (2.9 kB)
2025-08-17T16:19:21.0246405Z #30 7.253 Collecting python-dateutil<3.0.0,>=2.1 (from botocore<1.35.0,>=1.34.162->boto3==1.34.162->-r requirements.txt (line 9))
2025-08-17T16:19:21.0277899Z #30 7.261   Downloading python_dateutil-2.9.0.post0-py2.py3-none-any.whl.metadata (8.4 kB)
2025-08-17T16:19:21.0279036Z #30 7.317 Collecting urllib3!=2.2.0,<3,>=1.25.4 (from botocore<1.35.0,>=1.34.162->boto3==1.34.162->-r requirements.txt (line 9))
2025-08-17T16:19:21.0280001Z #30 7.328   Downloading urllib3-2.5.0-py3-none-any.whl.metadata (6.5 kB)
2025-08-17T16:19:21.0280971Z #30 7.373 Collecting dnspython>=2.0.0 (from email_validator>=2.0.0->fastapi==0.111.0->-r requirements.txt (line 3))
2025-08-17T16:19:21.0281974Z #30 7.386   Downloading dnspython-2.7.0-py3-none-any.whl.metadata (5.8 kB)
2025-08-17T16:19:21.0282905Z #30 7.421 Collecting typer>=0.15.1 (from fastapi-cli>=0.0.2->fastapi==0.111.0->-r requirements.txt (line 3))
2025-08-17T16:19:21.0283824Z #30 7.429   Downloading typer-0.16.0-py3-none-any.whl.metadata (15 kB)
2025-08-17T16:19:21.0284766Z #30 7.495 Collecting rich-toolkit>=0.14.8 (from fastapi-cli>=0.0.2->fastapi==0.111.0->-r requirements.txt (line 3))
2025-08-17T16:19:21.0285747Z #30 7.502   Downloading rich_toolkit-0.15.0-py3-none-any.whl.metadata (1.0 kB)
2025-08-17T16:19:21.0287190Z #30 7.525 Collecting annotated-types>=0.6.0 (from pydantic>=2.3.0->pydantic-settings==2.2.1->-r requirements.txt (line 2))
2025-08-17T16:19:21.0288284Z #30 7.535   Downloading annotated_types-0.7.0-py3-none-any.whl.metadata (15 kB)
2025-08-17T16:19:21.0289527Z #30 8.514 Collecting pydantic-core==2.33.2 (from pydantic>=2.3.0->pydantic-settings==2.2.1->-r requirements.txt (line 2))
2025-08-17T16:19:21.0290770Z #30 8.523   Downloading pydantic_core-2.33.2-cp312-cp312-manylinux_2_17_x86_64.manylinux2014_x86_64.whl.metadata (6.8 kB)
2025-08-17T16:19:21.0292040Z #30 8.549 Collecting typing-inspection>=0.4.0 (from pydantic>=2.3.0->pydantic-settings==2.2.1->-r requirements.txt (line 2))
2025-08-17T16:19:21.0293142Z #30 8.556   Downloading typing_inspection-0.4.1-py3-none-any.whl.metadata (2.6 kB)
2025-08-17T16:19:21.0294173Z #30 8.881 Collecting httptools>=0.5.0 (from uvicorn[standard]>=0.12.0->fastapi==0.111.0->-r requirements.txt (line 3))
2025-08-17T16:19:21.0295581Z #30 8.892   Downloading httptools-0.6.4-cp312-cp312-manylinux_2_5_x86_64.manylinux1_x86_64.manylinux_2_17_x86_64.manylinux2014_x86_64.whl.metadata (3.6 kB)
2025-08-17T16:19:21.0297126Z #30 8.951 Collecting pyyaml>=5.1 (from uvicorn[standard]>=0.12.0->fastapi==0.111.0->-r requirements.txt (line 3))
2025-08-17T16:19:21.0298284Z #30 8.962   Downloading PyYAML-6.0.2-cp312-cp312-manylinux_2_17_x86_64.manylinux2014_x86_64.whl.metadata (2.1 kB)
2025-08-17T16:19:21.0299464Z #30 9.064 Collecting uvloop!=0.15.0,!=0.15.1,>=0.14.0 (from uvicorn[standard]>=0.12.0->fastapi==0.111.0->-r requirements.txt (line 3))
2025-08-17T16:19:21.0300635Z #30 9.073   Downloading uvloop-0.21.0-cp312-cp312-manylinux_2_17_x86_64.manylinux2014_x86_64.whl.metadata (4.9 kB)
2025-08-17T16:19:21.0301812Z #30 9.191 Collecting watchfiles>=0.13 (from uvicorn[standard]>=0.12.0->fastapi==0.111.0->-r requirements.txt (line 3))
2025-08-17T16:19:21.0303020Z #30 9.199   Downloading watchfiles-1.1.0-cp312-cp312-manylinux_2_17_x86_64.manylinux2014_x86_64.whl.metadata (4.9 kB)
2025-08-17T16:19:21.0304253Z #30 9.324 Collecting websockets>=10.4 (from uvicorn[standard]>=0.12.0->fastapi==0.111.0->-r requirements.txt (line 3))
2025-08-17T16:19:21.0305701Z #30 9.332   Downloading websockets-15.0.1-cp312-cp312-manylinux_2_5_x86_64.manylinux1_x86_64.manylinux_2_17_x86_64.manylinux2014_x86_64.whl.metadata (6.8 kB)
2025-08-17T16:19:21.0337692Z #30 9.375 Collecting six>=1.5 (from python-dateutil<3.0.0,>=2.1->botocore<1.35.0,>=1.34.162->boto3==1.34.162->-r requirements.txt (line 9))
2025-08-17T16:19:21.0338797Z #30 9.390   Downloading six-1.17.0-py2.py3-none-any.whl.metadata (1.7 kB)
2025-08-17T16:19:21.0339842Z #30 9.468 Collecting rich>=13.7.1 (from rich-toolkit>=0.14.8->fastapi-cli>=0.0.2->fastapi==0.111.0->-r requirements.txt (line 3))
2025-08-17T16:19:21.0340841Z #30 9.477   Downloading rich-14.1.0-py3-none-any.whl.metadata (18 kB)
2025-08-17T16:19:21.0341836Z #30 9.529 Collecting shellingham>=1.3.0 (from typer>=0.15.1->fastapi-cli>=0.0.2->fastapi==0.111.0->-r requirements.txt (line 3))
2025-08-17T16:19:21.0342903Z #30 9.538   Downloading shellingham-1.5.4-py2.py3-none-any.whl.metadata (3.5 kB)
2025-08-17T16:19:21.0344096Z #30 9.621 Collecting markdown-it-py>=2.2.0 (from rich>=13.7.1->rich-toolkit>=0.14.8->fastapi-cli>=0.0.2->fastapi==0.111.0->-r requirements.txt (line 3))
2025-08-17T16:19:21.0345235Z #30 9.627   Downloading markdown_it_py-4.0.0-py3-none-any.whl.metadata (7.3 kB)
2025-08-17T16:19:21.0346349Z #30 9.677 Collecting pygments<3.0.0,>=2.13.0 (from rich>=13.7.1->rich-toolkit>=0.14.8->fastapi-cli>=0.0.2->fastapi==0.111.0->-r requirements.txt (line 3))
2025-08-17T16:19:21.0347638Z #30 9.685   Downloading pygments-2.19.2-py3-none-any.whl.metadata (2.5 kB)
2025-08-17T16:19:21.0348842Z #30 9.714 Collecting mdurl~=0.1 (from markdown-it-py>=2.2.0->rich>=13.7.1->rich-toolkit>=0.14.8->fastapi-cli>=0.0.2->fastapi==0.111.0->-r requirements.txt (line 3))
2025-08-17T16:19:21.0349986Z #30 9.722   Downloading mdurl-0.1.2-py3-none-any.whl.metadata (1.6 kB)
2025-08-17T16:19:21.0350701Z #30 9.753 Downloading uvicorn-0.29.0-py3-none-any.whl (60 kB)
2025-08-17T16:19:21.0351642Z #30 9.768 Downloading pydantic_settings-2.2.1-py3-none-any.whl (13 kB)
2025-08-17T16:19:21.0352387Z #30 9.782 Downloading fastapi-0.111.0-py3-none-any.whl (91 kB)
2025-08-17T16:19:21.0353295Z #30 9.797 Downloading SQLAlchemy-2.0.29-cp312-cp312-manylinux_2_17_x86_64.manylinux2014_x86_64.whl (3.2 MB)
2025-08-17T16:19:21.0354797Z #30 9.826    ━━━━━━━━━━━━━━━━━━━━━━━━━━━━━━━━━━━━━━━━ 3.2/3.2 MB 136.0 MB/s eta 0:00:00
2025-08-17T16:19:21.0355460Z #30 9.836 Downloading alembic-1.13.1-py3-none-any.whl (233 kB)
2025-08-17T16:19:21.0356105Z #30 9.847 Downloading psycopg-3.2.9-py3-none-any.whl (202 kB)
2025-08-17T16:19:21.0356729Z #30 9.857 Downloading httpx-0.27.2-py3-none-any.whl (76 kB)
2025-08-17T16:19:21.0357834Z #30 9.865 Downloading asyncpg-0.29.0-cp312-cp312-manylinux_2_17_x86_64.manylinux2014_x86_64.whl (3.3 MB)
2025-08-17T16:19:21.0358904Z #30 9.886    ━━━━━━━━━━━━━━━━━━━━━━━━━━━━━━━━━━━━━━━━ 3.3/3.3 MB 177.2 MB/s eta 0:00:00
2025-08-17T16:19:21.0359529Z #30 9.894 Downloading boto3-1.34.162-py3-none-any.whl (139 kB)
2025-08-17T16:19:21.0360176Z #30 9.903 Downloading jinja2-3.1.5-py3-none-any.whl (134 kB)
2025-08-17T16:19:21.0360814Z #30 9.909 Downloading httpcore-1.0.9-py3-none-any.whl (78 kB)
2025-08-17T16:19:21.0361737Z #30 9.921 Downloading psycopg_binary-3.2.9-cp312-cp312-manylinux_2_17_x86_64.manylinux2014_x86_64.whl (4.4 MB)
2025-08-17T16:19:21.0362824Z #30 9.943    ━━━━━━━━━━━━━━━━━━━━━━━━━━━━━━━━━━━━━━━━ 4.4/4.4 MB 260.8 MB/s eta 0:00:00
2025-08-17T16:19:21.0363481Z #30 9.950 Downloading botocore-1.34.162-py3-none-any.whl (12.5 MB)
2025-08-17T16:19:21.0364322Z #30 10.00    ━━━━━━━━━━━━━━━━━━━━━━━━━━━━━━━━━━━━━━━━ 12.5/12.5 MB 276.7 MB/s eta 0:00:00
2025-08-17T16:19:21.0364947Z #30 10.01 Downloading click-8.2.1-py3-none-any.whl (102 kB)
2025-08-17T16:19:21.0365608Z #30 10.02 Downloading email_validator-2.2.0-py3-none-any.whl (33 kB)
2025-08-17T16:19:21.0366298Z #30 10.03 Downloading fastapi_cli-0.0.8-py3-none-any.whl (10 kB)
2025-08-17T16:19:21.0427476Z #30 10.04 Downloading greenlet-3.2.4-cp312-cp312-manylinux_2_24_x86_64.manylinux_2_28_x86_64.whl (607 kB)
2025-08-17T16:19:21.0428654Z #30 10.04    ━━━━━━━━━━━━━━━━━━━━━━━━━━━━━━━━━━━━━━━ 607.6/607.6 kB 406.3 MB/s eta 0:00:00
2025-08-17T16:19:21.0429299Z #30 10.05 Downloading h11-0.16.0-py3-none-any.whl (37 kB)
2025-08-17T16:19:21.0429926Z #30 10.06 Downloading idna-3.10-py3-none-any.whl (70 kB)
2025-08-17T16:19:21.0430544Z #30 10.07 Downloading jmespath-1.0.1-py3-none-any.whl (20 kB)
2025-08-17T16:19:21.0431429Z #30 10.07 Downloading MarkupSafe-3.0.2-cp312-cp312-manylinux_2_17_x86_64.manylinux2014_x86_64.whl (23 kB)
2025-08-17T16:19:21.0432537Z #30 10.08 Downloading orjson-3.11.2-cp312-cp312-manylinux_2_17_x86_64.manylinux2014_x86_64.whl (121 kB)
2025-08-17T16:19:21.0433419Z #30 10.09 Downloading pydantic-2.11.7-py3-none-any.whl (444 kB)
2025-08-17T16:19:21.0434330Z #30 10.10 Downloading pydantic_core-2.33.2-cp312-cp312-manylinux_2_17_x86_64.manylinux2014_x86_64.whl (2.0 MB)
2025-08-17T16:19:21.0435436Z #30 10.12    ━━━━━━━━━━━━━━━━━━━━━━━━━━━━━━━━━━━━━━━━ 2.0/2.0 MB 324.4 MB/s eta 0:00:00
2025-08-17T16:19:21.0436124Z #30 10.12 Downloading python_dotenv-1.1.1-py3-none-any.whl (20 kB)
2025-08-17T16:19:21.0437002Z #30 10.13 Downloading python_multipart-0.0.20-py3-none-any.whl (24 kB)
2025-08-17T16:19:21.0437746Z #30 10.14 Downloading s3transfer-0.10.4-py3-none-any.whl (83 kB)
2025-08-17T16:19:21.0438418Z #30 10.15 Downloading starlette-0.37.2-py3-none-any.whl (71 kB)
2025-08-17T16:19:21.0439048Z #30 10.16 Downloading anyio-4.10.0-py3-none-any.whl (107 kB)
2025-08-17T16:19:21.0439660Z #30 10.17 Downloading sniffio-1.3.1-py3-none-any.whl (10 kB)
2025-08-17T16:19:21.1158253Z #30 10.18 Downloading typing_extensions-4.14.1-py3-none-any.whl (43 kB)
2025-08-17T16:19:21.1178415Z #30 10.19 Downloading ujson-5.10.0-cp312-cp312-manylinux_2_17_x86_64.manylinux2014_x86_64.whl (53 kB)
2025-08-17T16:19:21.1179593Z #30 10.20 Downloading certifi-2025.8.3-py3-none-any.whl (161 kB)
2025-08-17T16:19:21.1180557Z #30 10.21 Downloading mako-1.3.10-py3-none-any.whl (78 kB)
2025-08-17T16:19:21.1183662Z #30 10.22 Downloading annotated_types-0.7.0-py3-none-any.whl (13 kB)
2025-08-17T16:19:21.1185456Z #30 10.23 Downloading dnspython-2.7.0-py3-none-any.whl (313 kB)
2025-08-17T16:19:21.1190895Z #30 10.24 Downloading httptools-0.6.4-cp312-cp312-manylinux_2_5_x86_64.manylinux1_x86_64.manylinux_2_17_x86_64.manylinux2014_x86_64.whl (510 kB)
2025-08-17T16:19:21.1194182Z #30 10.26 Downloading python_dateutil-2.9.0.post0-py2.py3-none-any.whl (229 kB)
2025-08-17T16:19:21.1198777Z #30 10.26 Downloading PyYAML-6.0.2-cp312-cp312-manylinux_2_17_x86_64.manylinux2014_x86_64.whl (767 kB)
2025-08-17T16:19:21.1201759Z #30 10.28    ━━━━━━━━━━━━━━━━━━━━━━━━━━━━━━━━━━━━━━━ 767.5/767.5 kB 228.7 MB/s eta 0:00:00
2025-08-17T16:19:21.1203825Z #30 ...
2025-08-17T16:19:21.1203982Z 
2025-08-17T16:19:21.1205311Z #31 [api stage-1 3/6] RUN set -eux;     if [ -f /etc/apt/sources.list ]; then         sed -i 's|http://deb.debian.org|https://deb.debian.org|g' /etc/apt/sources.list;     fi;     apt-get update;     apt-get install -y --no-install-recommends tzdata postgresql-client curl;     rm -rf /var/lib/apt/lists/*
2025-08-17T16:19:21.1212245Z #31 0.256 + [ -f /etc/apt/sources.list ]
2025-08-17T16:19:21.1212675Z #31 0.256 + apt-get update
2025-08-17T16:19:21.1213141Z #31 0.339 Hit:1 http://deb.debian.org/debian trixie InRelease
2025-08-17T16:19:21.1213806Z #31 0.339 Get:2 http://deb.debian.org/debian trixie-updates InRelease [47.1 kB]
2025-08-17T16:19:21.1214607Z #31 0.339 Get:3 http://deb.debian.org/debian-security trixie-security InRelease [43.4 kB]
2025-08-17T16:19:21.1215412Z #31 0.369 Get:4 http://deb.debian.org/debian trixie/main amd64 Packages [9668 kB]
2025-08-17T16:19:21.1216199Z #31 0.465 Get:5 http://deb.debian.org/debian trixie-updates/main amd64 Packages [2432 B]
2025-08-17T16:19:21.1217371Z #31 0.465 Get:6 http://deb.debian.org/debian-security trixie-security/main amd64 Packages [8780 B]
2025-08-17T16:19:21.1218083Z #31 1.386 Fetched 9769 kB in 1s (8942 kB/s)
2025-08-17T16:19:21.1218496Z #31 1.386 Reading package lists...
2025-08-17T16:19:21.1219086Z #31 2.227 + apt-get install -y --no-install-recommends tzdata postgresql-client curl
2025-08-17T16:19:21.1219695Z #31 2.246 Reading package lists...
2025-08-17T16:19:21.1220084Z #31 3.025 Building dependency tree...
2025-08-17T16:19:21.1220481Z #31 3.212 Reading state information...
2025-08-17T16:19:21.1220958Z #31 3.445 tzdata is already the newest version (2025b-4).
2025-08-17T16:19:21.1221582Z #31 3.445 The following additional packages will be installed:
2025-08-17T16:19:21.1222266Z #31 3.446   libbrotli1 libcom-err2 libcurl4t64 libgdbm-compat4t64 libgnutls30t64
2025-08-17T16:19:21.1223030Z #31 3.446   libgssapi-krb5-2 libidn2-0 libk5crypto3 libkeyutils1 libkrb5-3
2025-08-17T16:19:21.1223848Z #31 3.446   libkrb5support0 libldap2 libnghttp2-14 libnghttp3-9 libp11-kit0 libperl5.40
2025-08-17T16:19:21.1224703Z #31 3.447   libpq5 libpsl5t64 librtmp1 libsasl2-2 libsasl2-modules-db libssh2-1t64
2025-08-17T16:19:21.1225509Z #31 3.448   libtasn1-6 libunistring5 perl perl-modules-5.40 postgresql-client-17
2025-08-17T16:19:21.1226166Z #31 3.448   postgresql-client-common sensible-utils
2025-08-17T16:19:21.1226629Z #31 3.450 Suggested packages:
2025-08-17T16:19:21.1253824Z #31 3.450   gnutls-bin krb5-doc krb5-user perl-doc libterm-readline-gnu-perl
2025-08-17T16:19:21.1254726Z #31 3.450   | libterm-readline-perl-perl make libtap-harness-archive-perl postgresql-17
2025-08-17T16:19:21.1255438Z #31 3.450   postgresql-doc-17
2025-08-17T16:19:21.1255810Z #31 3.450 Recommended packages:
2025-08-17T16:19:21.1256406Z #31 3.450   bash-completion krb5-locales libldap-common publicsuffix libsasl2-modules
2025-08-17T16:19:21.1257310Z #31 3.772 The following NEW packages will be installed:
2025-08-17T16:19:21.1258003Z #31 3.772   curl libbrotli1 libcom-err2 libcurl4t64 libgdbm-compat4t64 libgnutls30t64
2025-08-17T16:19:21.1258848Z #31 3.772   libgssapi-krb5-2 libidn2-0 libk5crypto3 libkeyutils1 libkrb5-3
2025-08-17T16:19:21.1280135Z #31 3.772   libkrb5support0 libldap2 libnghttp2-14 libnghttp3-9 libp11-kit0 libperl5.40
2025-08-17T16:19:21.1281469Z #31 3.772   libpq5 libpsl5t64 librtmp1 libsasl2-2 libsasl2-modules-db libssh2-1t64
2025-08-17T16:19:21.1282341Z #31 3.772   libtasn1-6 libunistring5 perl perl-modules-5.40 postgresql-client
2025-08-17T16:19:21.1283373Z #31 3.773   postgresql-client-17 postgresql-client-common sensible-utils
2025-08-17T16:19:21.1284149Z #31 3.837 0 upgraded, 31 newly installed, 0 to remove and 0 not upgraded.
2025-08-17T16:19:21.1284722Z #31 3.837 Need to get 14.9 MB of archives.
2025-08-17T16:19:21.1285325Z #31 3.837 After this operation, 78.1 MB of additional disk space will be used.
2025-08-17T16:19:21.1286227Z #31 3.837 Get:1 http://deb.debian.org/debian trixie/main amd64 sensible-utils all 0.0.25 [25.0 kB]
2025-08-17T16:19:21.1287440Z #31 3.846 Get:2 http://deb.debian.org/debian trixie/main amd64 perl-modules-5.40 all 5.40.1-6 [3019 kB]
2025-08-17T16:19:21.1288500Z #31 3.885 Get:3 http://deb.debian.org/debian trixie/main amd64 libgdbm-compat4t64 amd64 1.24-2 [50.3 kB]
2025-08-17T16:19:21.1289505Z #31 3.885 Get:4 http://deb.debian.org/debian trixie/main amd64 libperl5.40 amd64 5.40.1-6 [4341 kB]
2025-08-17T16:19:21.1290406Z #31 3.909 Get:5 http://deb.debian.org/debian trixie/main amd64 perl amd64 5.40.1-6 [267 kB]
2025-08-17T16:19:21.1291293Z #31 3.910 Get:6 http://deb.debian.org/debian trixie/main amd64 libbrotli1 amd64 1.1.0-2+b7 [307 kB]
2025-08-17T16:19:21.1292230Z #31 3.912 Get:7 http://deb.debian.org/debian trixie/main amd64 libkrb5support0 amd64 1.21.3-5 [33.0 kB]
2025-08-17T16:19:21.1293182Z #31 3.913 Get:8 http://deb.debian.org/debian trixie/main amd64 libcom-err2 amd64 1.47.2-3+b3 [25.0 kB]
2025-08-17T16:19:21.1294110Z #31 3.913 Get:9 http://deb.debian.org/debian trixie/main amd64 libk5crypto3 amd64 1.21.3-5 [81.5 kB]
2025-08-17T16:19:21.1295028Z #31 3.914 Get:10 http://deb.debian.org/debian trixie/main amd64 libkeyutils1 amd64 1.6.3-6 [9456 B]
2025-08-17T16:19:21.1295928Z #31 3.914 Get:11 http://deb.debian.org/debian trixie/main amd64 libkrb5-3 amd64 1.21.3-5 [326 kB]
2025-08-17T16:19:21.1327125Z #31 3.916 Get:12 http://deb.debian.org/debian trixie/main amd64 libgssapi-krb5-2 amd64 1.21.3-5 [138 kB]
2025-08-17T16:19:21.1328155Z #31 3.918 Get:13 http://deb.debian.org/debian trixie/main amd64 libunistring5 amd64 1.3-2 [477 kB]
2025-08-17T16:19:21.1329060Z #31 3.920 Get:14 http://deb.debian.org/debian trixie/main amd64 libidn2-0 amd64 2.3.8-2 [109 kB]
2025-08-17T16:19:21.1330322Z #31 3.922 Get:15 http://deb.debian.org/debian trixie/main amd64 libsasl2-modules-db amd64 2.1.28+dfsg1-9 [19.8 kB]
2025-08-17T16:19:21.1331521Z #31 3.922 Get:16 http://deb.debian.org/debian trixie/main amd64 libsasl2-2 amd64 2.1.28+dfsg1-9 [57.5 kB]
2025-08-17T16:19:21.1332456Z #31 3.923 Get:17 http://deb.debian.org/debian trixie/main amd64 libldap2 amd64 2.6.10+dfsg-1 [194 kB]
2025-08-17T16:19:21.1333381Z #31 3.926 Get:18 http://deb.debian.org/debian trixie/main amd64 libnghttp2-14 amd64 1.64.0-1.1 [76.0 kB]
2025-08-17T16:19:21.1334297Z #31 3.926 Get:19 http://deb.debian.org/debian trixie/main amd64 libnghttp3-9 amd64 1.8.0-1 [67.7 kB]
2025-08-17T16:19:21.1335224Z #31 3.927 Get:20 http://deb.debian.org/debian trixie/main amd64 libpsl5t64 amd64 0.21.2-1.1+b1 [57.2 kB]
2025-08-17T16:19:21.1336155Z #31 3.927 Get:21 http://deb.debian.org/debian trixie/main amd64 libp11-kit0 amd64 0.25.5-3 [425 kB]
2025-08-17T16:19:21.1337190Z #31 3.930 Get:22 http://deb.debian.org/debian trixie/main amd64 libtasn1-6 amd64 4.20.0-2 [49.9 kB]
2025-08-17T16:19:21.1338106Z #31 3.931 Get:23 http://deb.debian.org/debian trixie/main amd64 libgnutls30t64 amd64 3.8.9-3 [1465 kB]
2025-08-17T16:19:21.1339136Z #31 3.948 Get:24 http://deb.debian.org/debian trixie/main amd64 librtmp1 amd64 2.4+20151223.gitfa8646d.1-2+b5 [58.8 kB]
2025-08-17T16:19:21.1340149Z #31 3.949 Get:25 http://deb.debian.org/debian trixie/main amd64 libssh2-1t64 amd64 1.11.1-1 [245 kB]
2025-08-17T16:19:21.1341074Z #31 3.950 Get:26 http://deb.debian.org/debian trixie/main amd64 libcurl4t64 amd64 8.14.1-2 [391 kB]
2025-08-17T16:19:21.1342268Z #31 3.956 Get:27 http://deb.debian.org/debian trixie/main amd64 curl amd64 8.14.1-2 [269 kB]
2025-08-17T16:19:21.1343110Z #31 3.958 Get:28 http://deb.debian.org/debian trixie/main amd64 libpq5 amd64 17.5-1 [226 kB]
2025-08-17T16:19:21.1344217Z #31 3.959 Get:29 http://deb.debian.org/debian trixie/main amd64 postgresql-client-common all 278 [47.1 kB]
2025-08-17T16:19:21.1345259Z #31 3.960 Get:30 http://deb.debian.org/debian trixie/main amd64 postgresql-client-17 amd64 17.5-1 [2025 kB]
2025-08-17T16:19:21.1346249Z #31 3.968 Get:31 http://deb.debian.org/debian trixie/main amd64 postgresql-client all 17+278 [14.0 kB]
2025-08-17T16:19:21.1347112Z #31 5.726 Fetched 14.9 MB in 0s (84.2 MB/s)
2025-08-17T16:19:21.1347649Z #31 5.752 Selecting previously unselected package sensible-utils.
2025-08-17T16:19:21.1348169Z #31 5.753 (Reading database ... 
2025-08-17T16:19:21.1348527Z (Reading database ... 5%
2025-08-17T16:19:21.1348852Z (Reading database ... 10%
2025-08-17T16:19:21.1349183Z (Reading database ... 15%
2025-08-17T16:19:21.1349499Z (Reading database ... 20%
2025-08-17T16:19:21.1349832Z (Reading database ... 25%
2025-08-17T16:19:21.1350149Z (Reading database ... 30%
2025-08-17T16:19:21.1377362Z (Reading database ... 35%
2025-08-17T16:19:21.1378275Z (Reading database ... 40%
2025-08-17T16:19:21.1379204Z (Reading database ... 45%
2025-08-17T16:19:21.1379929Z (Reading database ... 50%
2025-08-17T16:19:21.1380276Z (Reading database ... 55%
2025-08-17T16:19:21.1380640Z (Reading database ... 60%
2025-08-17T16:19:21.1380986Z (Reading database ... 65%
2025-08-17T16:19:21.1381337Z (Reading database ... 70%
2025-08-17T16:19:21.1381672Z (Reading database ... 75%
2025-08-17T16:19:21.1382018Z (Reading database ... 80%
2025-08-17T16:19:21.1382353Z (Reading database ... 85%
2025-08-17T16:19:21.1382701Z (Reading database ... 90%
2025-08-17T16:19:21.1383044Z (Reading database ... 95%
2025-08-17T16:19:21.1383399Z (Reading database ... 100%
2025-08-17T16:19:21.1383923Z (Reading database ... 5643 files and directories currently installed.)
2025-08-17T16:19:21.1384670Z #31 5.766 Preparing to unpack .../00-sensible-utils_0.0.25_all.deb ...
2025-08-17T16:19:21.1385279Z #31 5.773 Unpacking sensible-utils (0.0.25) ...
2025-08-17T16:19:21.1385884Z #31 5.847 Selecting previously unselected package perl-modules-5.40.
2025-08-17T16:19:21.1386626Z #31 5.847 Preparing to unpack .../01-perl-modules-5.40_5.40.1-6_all.deb ...
2025-08-17T16:19:21.1387492Z #31 5.853 Unpacking perl-modules-5.40 (5.40.1-6) ...
2025-08-17T16:19:21.1388161Z #31 7.078 Selecting previously unselected package libgdbm-compat4t64:amd64.
2025-08-17T16:19:21.1388942Z #31 7.078 Preparing to unpack .../02-libgdbm-compat4t64_1.24-2_amd64.deb ...
2025-08-17T16:19:21.1389600Z #31 7.086 Unpacking libgdbm-compat4t64:amd64 (1.24-2) ...
2025-08-17T16:19:21.1390245Z #31 7.221 Selecting previously unselected package libperl5.40:amd64.
2025-08-17T16:19:21.1390955Z #31 7.222 Preparing to unpack .../03-libperl5.40_5.40.1-6_amd64.deb ...
2025-08-17T16:19:21.1391563Z #31 7.223 Unpacking libperl5.40:amd64 (5.40.1-6) ...
2025-08-17T16:19:21.1392101Z #31 7.642 Selecting previously unselected package perl.
2025-08-17T16:19:21.1392697Z #31 7.644 Preparing to unpack .../04-perl_5.40.1-6_amd64.deb ...
2025-08-17T16:19:21.1393235Z #31 7.645 Unpacking perl (5.40.1-6) ...
2025-08-17T16:19:21.1393791Z #31 7.711 Selecting previously unselected package libbrotli1:amd64.
2025-08-17T16:19:21.1394499Z #31 7.713 Preparing to unpack .../05-libbrotli1_1.1.0-2+b7_amd64.deb ...
2025-08-17T16:19:21.1395111Z #31 7.715 Unpacking libbrotli1:amd64 (1.1.0-2+b7) ...
2025-08-17T16:19:21.1395761Z #31 7.803 Selecting previously unselected package libkrb5support0:amd64.
2025-08-17T16:19:21.1396508Z #31 7.809 Preparing to unpack .../06-libkrb5support0_1.21.3-5_amd64.deb ...
2025-08-17T16:19:21.1397318Z #31 7.810 Unpacking libkrb5support0:amd64 (1.21.3-5) ...
2025-08-17T16:19:21.1397952Z #31 7.859 Selecting previously unselected package libcom-err2:amd64.
2025-08-17T16:19:21.1398651Z #31 7.861 Preparing to unpack .../07-libcom-err2_1.47.2-3+b3_amd64.deb ...
2025-08-17T16:19:21.1399566Z #31 7.864 Unpacking libcom-err2:amd64 (1.47.2-3+b3) ...
2025-08-17T16:19:21.1400227Z #31 7.907 Selecting previously unselected package libk5crypto3:amd64.
2025-08-17T16:19:21.1401142Z #31 7.910 Preparing to unpack .../08-libk5crypto3_1.21.3-5_amd64.deb ...
2025-08-17T16:19:21.1401758Z #31 7.915 Unpacking libk5crypto3:amd64 (1.21.3-5) ...
2025-08-17T16:19:21.1402383Z #31 7.994 Selecting previously unselected package libkeyutils1:amd64.
2025-08-17T16:19:21.1403089Z #31 7.998 Preparing to unpack .../09-libkeyutils1_1.6.3-6_amd64.deb ...
2025-08-17T16:19:21.1403697Z #31 7.999 Unpacking libkeyutils1:amd64 (1.6.3-6) ...
2025-08-17T16:19:21.1404296Z #31 8.059 Selecting previously unselected package libkrb5-3:amd64.
2025-08-17T16:19:21.1404958Z #31 8.059 Preparing to unpack .../10-libkrb5-3_1.21.3-5_amd64.deb ...
2025-08-17T16:19:21.1405534Z #31 8.064 Unpacking libkrb5-3:amd64 (1.21.3-5) ...
2025-08-17T16:19:21.1406157Z #31 8.202 Selecting previously unselected package libgssapi-krb5-2:amd64.
2025-08-17T16:19:21.1467201Z #31 8.202 Preparing to unpack .../11-libgssapi-krb5-2_1.21.3-5_amd64.deb ...
2025-08-17T16:19:21.1467959Z #31 8.209 Unpacking libgssapi-krb5-2:amd64 (1.21.3-5) ...
2025-08-17T16:19:21.1468634Z #31 8.285 Selecting previously unselected package libunistring5:amd64.
2025-08-17T16:19:21.1469368Z #31 8.285 Preparing to unpack .../12-libunistring5_1.3-2_amd64.deb ...
2025-08-17T16:19:21.1469981Z #31 8.289 Unpacking libunistring5:amd64 (1.3-2) ...
2025-08-17T16:19:21.1470603Z #31 8.416 Selecting previously unselected package libidn2-0:amd64.
2025-08-17T16:19:21.1471278Z #31 8.417 Preparing to unpack .../13-libidn2-0_2.3.8-2_amd64.deb ...
2025-08-17T16:19:21.1471858Z #31 8.420 Unpacking libidn2-0:amd64 (2.3.8-2) ...
2025-08-17T16:19:21.1472503Z #31 8.463 Selecting previously unselected package libsasl2-modules-db:amd64.
2025-08-17T16:19:21.1473323Z #31 8.468 Preparing to unpack .../14-libsasl2-modules-db_2.1.28+dfsg1-9_amd64.deb ...
2025-08-17T16:19:21.1474095Z #31 8.469 Unpacking libsasl2-modules-db:amd64 (2.1.28+dfsg1-9) ...
2025-08-17T16:19:21.1474776Z #31 8.506 Selecting previously unselected package libsasl2-2:amd64.
2025-08-17T16:19:21.1475498Z #31 8.511 Preparing to unpack .../15-libsasl2-2_2.1.28+dfsg1-9_amd64.deb ...
2025-08-17T16:19:21.1476148Z #31 8.513 Unpacking libsasl2-2:amd64 (2.1.28+dfsg1-9) ...
2025-08-17T16:19:21.1476812Z #31 8.547 Selecting previously unselected package libldap2:amd64.
2025-08-17T16:19:21.1477691Z #31 8.549 Preparing to unpack .../16-libldap2_2.6.10+dfsg-1_amd64.deb ...
2025-08-17T16:19:21.1478327Z #31 8.553 Unpacking libldap2:amd64 (2.6.10+dfsg-1) ...
2025-08-17T16:19:21.1478966Z #31 8.609 Selecting previously unselected package libnghttp2-14:amd64.
2025-08-17T16:19:21.1480269Z #31 8.609 Preparing to unpack .../17-libnghttp2-14_1.64.0-1.1_amd64.deb ...
2025-08-17T16:19:21.1483505Z #31 8.612 Unpacking libnghttp2-14:amd64 (1.64.0-1.1) ...
2025-08-17T16:19:21.1484177Z #31 8.663 Selecting previously unselected package libnghttp3-9:amd64.
2025-08-17T16:19:21.1485172Z #31 8.669 Preparing to unpack .../18-libnghttp3-9_1.8.0-1_amd64.deb ...
2025-08-17T16:19:21.1485774Z #31 8.670 Unpacking libnghttp3-9:amd64 (1.8.0-1) ...
2025-08-17T16:19:21.1486370Z #31 8.736 Selecting previously unselected package libpsl5t64:amd64.
2025-08-17T16:19:21.1487338Z #31 8.742 Preparing to unpack .../19-libpsl5t64_0.21.2-1.1+b1_amd64.deb ...
2025-08-17T16:19:21.1487974Z #31 8.749 Unpacking libpsl5t64:amd64 (0.21.2-1.1+b1) ...
2025-08-17T16:19:21.1488595Z #31 8.798 Selecting previously unselected package libp11-kit0:amd64.
2025-08-17T16:19:21.1489284Z #31 8.802 Preparing to unpack .../20-libp11-kit0_0.25.5-3_amd64.deb ...
2025-08-17T16:19:21.1489887Z #31 8.803 Unpacking libp11-kit0:amd64 (0.25.5-3) ...
2025-08-17T16:19:21.1490490Z #31 8.918 Selecting previously unselected package libtasn1-6:amd64.
2025-08-17T16:19:21.1491177Z #31 8.918 Preparing to unpack .../21-libtasn1-6_4.20.0-2_amd64.deb ...
2025-08-17T16:19:21.1491768Z #31 8.927 Unpacking libtasn1-6:amd64 (4.20.0-2) ...
2025-08-17T16:19:21.1492648Z #31 8.980 Selecting previously unselected package libgnutls30t64:amd64.
2025-08-17T16:19:21.1493400Z #31 8.984 Preparing to unpack .../22-libgnutls30t64_3.8.9-3_amd64.deb ...
2025-08-17T16:19:21.1494206Z #31 8.987 Unpacking libgnutls30t64:amd64 (3.8.9-3) ...
2025-08-17T16:19:21.1494810Z #31 9.119 Selecting previously unselected package librtmp1:amd64.
2025-08-17T16:19:21.1495568Z #31 9.119 Preparing to unpack .../23-librtmp1_2.4+20151223.gitfa8646d.1-2+b5_amd64.deb ...
2025-08-17T16:19:21.1496331Z #31 9.126 Unpacking librtmp1:amd64 (2.4+20151223.gitfa8646d.1-2+b5) ...
2025-08-17T16:19:21.1497524Z #31 9.189 Selecting previously unselected package libssh2-1t64:amd64.
2025-08-17T16:19:21.1498249Z #31 9.189 Preparing to unpack .../24-libssh2-1t64_1.11.1-1_amd64.deb ...
2025-08-17T16:19:21.1498864Z #31 9.199 Unpacking libssh2-1t64:amd64 (1.11.1-1) ...
2025-08-17T16:19:21.1507061Z #31 9.282 Selecting previously unselected package libcurl4t64:amd64.
2025-08-17T16:19:21.1508146Z #31 9.282 Preparing to unpack .../25-libcurl4t64_8.14.1-2_amd64.deb ...
2025-08-17T16:19:21.1508787Z #31 9.287 Unpacking libcurl4t64:amd64 (8.14.1-2) ...
2025-08-17T16:19:21.1509335Z #31 9.389 Selecting previously unselected package curl.
2025-08-17T16:19:21.1509945Z #31 9.394 Preparing to unpack .../26-curl_8.14.1-2_amd64.deb ...
2025-08-17T16:19:21.1510473Z #31 9.398 Unpacking curl (8.14.1-2) ...
2025-08-17T16:19:21.1511031Z #31 9.453 Selecting previously unselected package libpq5:amd64.
2025-08-17T16:19:21.1511679Z #31 9.453 Preparing to unpack .../27-libpq5_17.5-1_amd64.deb ...
2025-08-17T16:19:21.1512236Z #31 9.456 Unpacking libpq5:amd64 (17.5-1) ...
2025-08-17T16:19:21.1512880Z #31 9.545 Selecting previously unselected package postgresql-client-common.
2025-08-17T16:19:21.1513698Z #31 9.545 Preparing to unpack .../28-postgresql-client-common_278_all.deb ...
2025-08-17T16:19:21.1514413Z #31 9.566 Unpacking postgresql-client-common (278) ...
2025-08-17T16:19:21.1515108Z #31 9.638 Selecting previously unselected package postgresql-client-17.
2025-08-17T16:19:21.1515920Z #31 9.638 Preparing to unpack .../29-postgresql-client-17_17.5-1_amd64.deb ...
2025-08-17T16:19:21.1547693Z #31 9.640 Unpacking postgresql-client-17 (17.5-1) ...
2025-08-17T16:19:21.1548428Z #31 9.833 Selecting previously unselected package postgresql-client.
2025-08-17T16:19:21.1549170Z #31 9.833 Preparing to unpack .../30-postgresql-client_17+278_all.deb ...
2025-08-17T16:19:21.1549811Z #31 9.834 Unpacking postgresql-client (17+278) ...
2025-08-17T16:19:21.1550343Z #31 9.884 Setting up libkeyutils1:amd64 (1.6.3-6) ...
2025-08-17T16:19:21.1550886Z #31 9.894 Setting up libgdbm-compat4t64:amd64 (1.24-2) ...
2025-08-17T16:19:21.1551440Z #31 9.899 Setting up libbrotli1:amd64 (1.1.0-2+b7) ...
2025-08-17T16:19:21.1551953Z #31 9.903 Setting up libnghttp2-14:amd64 (1.64.0-1.1) ...
2025-08-17T16:19:21.1552505Z #31 9.910 Setting up libcom-err2:amd64 (1.47.2-3+b3) ...
2025-08-17T16:19:21.1553058Z #31 9.915 Setting up libkrb5support0:amd64 (1.21.3-5) ...
2025-08-17T16:19:21.1553689Z #31 9.919 Setting up libsasl2-modules-db:amd64 (2.1.28+dfsg1-9) ...
2025-08-17T16:19:21.1554285Z #31 9.924 Setting up libp11-kit0:amd64 (0.25.5-3) ...
2025-08-17T16:19:21.1554794Z #31 9.927 Setting up libunistring5:amd64 (1.3-2) ...
2025-08-17T16:19:21.1555320Z #31 9.932 Setting up libk5crypto3:amd64 (1.21.3-5) ...
2025-08-17T16:19:21.1555854Z #31 9.935 Setting up libsasl2-2:amd64 (2.1.28+dfsg1-9) ...
2025-08-17T16:19:21.1556397Z #31 9.940 Setting up libnghttp3-9:amd64 (1.8.0-1) ...
2025-08-17T16:19:21.1557139Z #31 9.944 Setting up perl-modules-5.40 (5.40.1-6) ...
2025-08-17T16:19:21.1557652Z #31 9.947 Setting up sensible-utils (0.0.25) ...
2025-08-17T16:19:21.1558138Z #31 9.956 Setting up libtasn1-6:amd64 (4.20.0-2) ...
2025-08-17T16:19:21.1558633Z #31 9.967 Setting up libkrb5-3:amd64 (1.21.3-5) ...
2025-08-17T16:19:21.1559139Z #31 9.974 Setting up libssh2-1t64:amd64 (1.11.1-1) ...
2025-08-17T16:19:21.1559650Z #31 9.980 Setting up libldap2:amd64 (2.6.10+dfsg-1) ...
2025-08-17T16:19:21.1560422Z #31 9.993 Setting up libidn2-0:amd64 (2.3.8-2) ...
2025-08-17T16:19:21.1560944Z #31 9.999 Setting up libperl5.40:amd64 (5.40.1-6) ...
2025-08-17T16:19:21.1561428Z #31 10.01 Setting up perl (5.40.1-6) ...
2025-08-17T16:19:21.1562118Z #31 10.02 Setting up libgssapi-krb5-2:amd64 (1.21.3-5) ...
2025-08-17T16:19:21.1562668Z #31 10.03 Setting up libgnutls30t64:amd64 (3.8.9-3) ...
2025-08-17T16:19:21.1563212Z #31 10.03 Setting up postgresql-client-common (278) ...
2025-08-17T16:19:21.1563755Z #31 10.04 Setting up libpsl5t64:amd64 (0.21.2-1.1+b1) ...
2025-08-17T16:19:21.1564801Z #31 10.05 Setting up libpq5:amd64 (17.5-1) ...
2025-08-17T16:19:21.1565340Z #31 10.05 Setting up librtmp1:amd64 (2.4+20151223.gitfa8646d.1-2+b5) ...
2025-08-17T16:19:21.1565853Z #31 10.05 Setting up libcurl4t64:amd64 (8.14.1-2) ...
2025-08-17T16:19:21.1566310Z #31 10.06 Setting up postgresql-client-17 (17.5-1) ...
2025-08-17T16:19:21.2204684Z #31 ...
2025-08-17T16:19:21.2206735Z 
2025-08-17T16:19:21.2210795Z #30 [api base  4/12] RUN pip install --no-cache-dir -r requirements.txt
2025-08-17T16:19:21.2212053Z #30 10.28    ━━━━━━━━━━━━━━━━━━━━━━━━━━━━━━━━━━━━━━━ 767.5/767.5 kB 228.7 MB/s eta 0:00:00
2025-08-17T16:19:21.2212674Z #30 10.29 Downloading rich_toolkit-0.15.0-py3-none-any.whl (29 kB)
2025-08-17T16:19:21.2213272Z #30 10.30 Downloading typer-0.16.0-py3-none-any.whl (46 kB)
2025-08-17T16:19:21.2213891Z #30 10.31 Downloading typing_inspection-0.4.1-py3-none-any.whl (14 kB)
2025-08-17T16:19:21.2214519Z #30 10.32 Downloading urllib3-2.5.0-py3-none-any.whl (129 kB)
2025-08-17T16:19:21.2215294Z #30 10.34 Downloading uvloop-0.21.0-cp312-cp312-manylinux_2_17_x86_64.manylinux2014_x86_64.whl (4.7 MB)
2025-08-17T16:19:21.3268314Z #30 10.38    ━━━━━━━━━━━━━━━━━━━━━━━━━━━━━━━━━━━━━━━━ 4.7/4.7 MB 125.6 MB/s eta 0:00:00
2025-08-17T16:19:21.3270045Z #30 10.39 Downloading watchfiles-1.1.0-cp312-cp312-manylinux_2_17_x86_64.manylinux2014_x86_64.whl (452 kB)
2025-08-17T16:19:21.3271373Z #30 10.41 Downloading websockets-15.0.1-cp312-cp312-manylinux_2_5_x86_64.manylinux1_x86_64.manylinux_2_17_x86_64.manylinux2014_x86_64.whl (182 kB)
2025-08-17T16:19:21.3272376Z #30 10.43 Downloading rich-14.1.0-py3-none-any.whl (243 kB)
2025-08-17T16:19:21.3273029Z #30 10.44 Downloading shellingham-1.5.4-py2.py3-none-any.whl (9.8 kB)
2025-08-17T16:19:21.3273705Z #30 10.45 Downloading six-1.17.0-py2.py3-none-any.whl (11 kB)
2025-08-17T16:19:21.3274342Z #30 10.46 Downloading markdown_it_py-4.0.0-py3-none-any.whl (87 kB)
2025-08-17T16:19:21.3275047Z #30 10.47 Downloading pygments-2.19.2-py3-none-any.whl (1.2 MB)
2025-08-17T16:19:21.3275826Z #30 10.48    ━━━━━━━━━━━━━━━━━━━━━━━━━━━━━━━━━━━━━━━━ 1.2/1.2 MB 367.7 MB/s eta 0:00:00
2025-08-17T16:19:21.3276421Z #30 10.49 Downloading mdurl-0.1.2-py3-none-any.whl (10.0 kB)
2025-08-17T16:19:21.6178465Z #30 10.77 Installing collected packages: websockets, uvloop, urllib3, ujson, typing-extensions, sniffio, six, shellingham, pyyaml, python-multipart, python-dotenv, pygments, psycopg-binary, orjson, mdurl, MarkupSafe, jmespath, idna, httptools, h11, greenlet, dnspython, click, certifi, asyncpg, annotated-types, uvicorn, typing-inspection, sqlalchemy, python-dateutil, pydantic-core, psycopg, markdown-it-py, Mako, Jinja2, httpcore, email_validator, anyio, watchfiles, starlette, rich, pydantic, httpx, botocore, alembic, typer, s3transfer, rich-toolkit, pydantic-settings, fastapi-cli, boto3, fastapi
2025-08-17T16:19:22.0516679Z #30 ...
2025-08-17T16:19:22.0531864Z 
2025-08-17T16:19:22.0533356Z #31 [api stage-1 3/6] RUN set -eux;     if [ -f /etc/apt/sources.list ]; then         sed -i 's|http://deb.debian.org|https://deb.debian.org|g' /etc/apt/sources.list;     fi;     apt-get update;     apt-get install -y --no-install-recommends tzdata postgresql-client curl;     rm -rf /var/lib/apt/lists/*
2025-08-17T16:19:22.0535651Z #31 10.81 update-alternatives: using /usr/share/postgresql/17/man/man1/psql.1.gz to provide /usr/share/man/man1/psql.1.gz (psql.1.gz) in auto mode
2025-08-17T16:19:22.0536669Z #31 10.90 Setting up curl (8.14.1-2) ...
2025-08-17T16:19:22.0537559Z #31 10.91 Setting up postgresql-client (17+278) ...
2025-08-17T16:19:22.0538081Z #31 10.92 Processing triggers for libc-bin (2.41-12) ...
2025-08-17T16:19:22.0541737Z #31 10.99 + rm -rf /var/lib/apt/lists/auxfiles /var/lib/apt/lists/deb.debian.org_debian-security_dists_trixie-security_InRelease /var/lib/apt/lists/deb.debian.org_debian-security_dists_trixie-security_main_binary-amd64_Packages.lz4 /var/lib/apt/lists/deb.debian.org_debian_dists_trixie-updates_InRelease /var/lib/apt/lists/deb.debian.org_debian_dists_trixie-updates_main_binary-amd64_Packages.lz4 /var/lib/apt/lists/deb.debian.org_debian_dists_trixie_InRelease /var/lib/apt/lists/deb.debian.org_debian_dists_trixie_main_binary-amd64_Packages.lz4 /var/lib/apt/lists/lock /var/lib/apt/lists/partial
2025-08-17T16:19:22.0545320Z #31 DONE 11.2s
2025-08-17T16:19:22.2255156Z 
2025-08-17T16:19:22.2257814Z #28 [postgres 2/6] RUN set -eux;     if [ -f /etc/apt/sources.list ]; then         sed -i 's|http://deb.debian.org|https://deb.debian.org|g' /etc/apt/sources.list;     fi;     apt-get update;     apt-get install -y locales;     locale-gen en_US.UTF-8;     rm -rf /var/lib/apt/lists/*
2025-08-17T16:19:22.2259653Z #28 2.302 Reading package lists...
2025-08-17T16:19:22.2260283Z #28 3.127 Building dependency tree...
2025-08-17T16:19:22.2261058Z #28 3.345 Reading state information...
2025-08-17T16:19:22.2262005Z #28 3.570 locales is already the newest version (2.41-12).
2025-08-17T16:19:22.2262820Z #28 3.570 0 upgraded, 0 newly installed, 0 to remove and 0 not upgraded.
2025-08-17T16:19:22.2287581Z #28 3.572 + locale-gen en_US.UTF-8
2025-08-17T16:19:22.2288293Z #28 3.579 Generating locales (this might take a while)...
2025-08-17T16:19:22.7523717Z #28 3.598   en_US.UTF-8...
2025-08-17T16:19:22.7525125Z #28 ...
2025-08-17T16:19:22.7525292Z 
2025-08-17T16:19:22.7526033Z #27 [fees_h10 base 4/6] RUN if [ -n "" ] && [ -f "fees_h10/" ]; then         pip install -r fees_h10/requirements.txt -c fees_h10/;     else         pip install -r fees_h10/requirements.txt;     fi
2025-08-17T16:19:22.7529229Z #27 11.56 Successfully installed PyJWT-2.10.1 amqp-5.3.1 anyio-4.10.0 asyncpg-0.30.0 billiard-4.2.1 celery-5.4.0 certifi-2025.8.3 click-8.2.1 click-didyoumean-0.3.1 click-plugins-1.1.1.2 click-repl-0.3.0 greenlet-3.2.4 h11-0.16.0 httpcore-1.0.9 httpx-0.28.1 idna-3.10 kombu-5.5.4 packaging-25.0 prompt-toolkit-3.0.51 python-dateutil-2.9.0.post0 redis-5.3.1 six-1.17.0 sniffio-1.3.1 sqlalchemy-2.0.43 typing-extensions-4.14.1 tzdata-2025.2 vine-5.1.0 wcwidth-0.2.13
2025-08-17T16:19:22.7533567Z #27 11.56 WARNING: Running pip as the 'root' user can result in broken permissions and conflicting behaviour with the system package manager, possibly rendering your system unusable. It is recommended to use a virtual environment instead: https://pip.pypa.io/warnings/venv. Use the --root-user-action option if you know what you are doing and want to suppress this warning.
2025-08-17T16:19:22.7535759Z #27 11.67 
2025-08-17T16:19:22.7536181Z #27 11.67 [notice] A new release of pip is available: 25.0.1 -> 25.2
2025-08-17T16:19:22.7537204Z #27 11.67 [notice] To update, run: pip install --upgrade pip
2025-08-17T16:19:22.7537708Z #27 DONE 11.9s
2025-08-17T16:19:22.7537888Z 
2025-08-17T16:19:22.7538036Z #32 [fees_h10 base 5/6] COPY . ./fees_h10
2025-08-17T16:19:22.7538636Z #32 DONE 0.0s
2025-08-17T16:19:22.8563520Z 
2025-08-17T16:19:22.8565844Z #33 [fees_h10 base 6/6] COPY start.sh ./start.sh
2025-08-17T16:19:22.8567534Z #33 DONE 0.0s
2025-08-17T16:19:22.8567737Z 
2025-08-17T16:19:22.8568300Z #29 [etl base 4/5] RUN if [ -n "" ] && [ -f "" ]; then         pip install -r requirements.txt -c "";     else         pip install -r requirements.txt;     fi
2025-08-17T16:19:22.8569403Z #29 10.23 Collecting frozenlist>=1.1.1 (from aiohttp->keepa==1.3.14->-r requirements.txt (line 1))
2025-08-17T16:19:22.8570680Z #29 10.24   Downloading frozenlist-1.7.0-cp312-cp312-manylinux_2_5_x86_64.manylinux1_x86_64.manylinux_2_17_x86_64.manylinux2014_x86_64.whl.metadata (18 kB)
2025-08-17T16:19:22.8571996Z #29 10.75 Collecting multidict<7.0,>=4.5 (from aiohttp->keepa==1.3.14->-r requirements.txt (line 1))
2025-08-17T16:19:22.8573190Z #29 10.76   Downloading multidict-6.6.4-cp312-cp312-manylinux2014_x86_64.manylinux_2_17_x86_64.manylinux_2_28_x86_64.whl.metadata (5.3 kB)
2025-08-17T16:19:22.8574357Z #29 10.85 Collecting propcache>=0.2.0 (from aiohttp->keepa==1.3.14->-r requirements.txt (line 1))
2025-08-17T16:19:22.8575451Z #29 10.86   Downloading propcache-0.3.2-cp312-cp312-manylinux_2_17_x86_64.manylinux2014_x86_64.whl.metadata (12 kB)
2025-08-17T16:19:22.8576493Z #29 11.24 Collecting yarl<2.0,>=1.17.0 (from aiohttp->keepa==1.3.14->-r requirements.txt (line 1))
2025-08-17T16:19:22.8577649Z #29 11.25   Downloading yarl-1.20.1-cp312-cp312-manylinux_2_17_x86_64.manylinux2014_x86_64.whl.metadata (73 kB)
2025-08-17T16:19:22.8578503Z #29 11.59 Downloading keepa-1.3.14-py3-none-any.whl (33 kB)
2025-08-17T16:19:22.8579099Z #29 11.60 Downloading minio-7.1.15-py3-none-any.whl (77 kB)
2025-08-17T16:19:22.8579766Z #29 11.62 Downloading python_amazon_sp_api-0.8.0-py3-none-any.whl (93 kB)
2025-08-17T16:19:22.8580513Z #29 11.63 Downloading pydantic_settings-2.2.1-py3-none-any.whl (13 kB)
2025-08-17T16:19:22.8581406Z #29 11.64 Downloading pandas-2.2.3-cp312-cp312-manylinux_2_17_x86_64.manylinux2014_x86_64.whl (12.7 MB)
2025-08-17T16:19:22.8582619Z #29 11.74    ━━━━━━━━━━━━━━━━━━━━━━━━━━━━━━━━━━━━━━━━ 12.7/12.7 MB 139.5 MB/s eta 0:00:00
2025-08-17T16:19:22.8583196Z #29 11.75 Downloading pandera-0.19.3-py3-none-any.whl (251 kB)
2025-08-17T16:19:22.8583850Z #29 11.76 Downloading openpyxl-3.1.5-py2.py3-none-any.whl (250 kB)
2025-08-17T16:19:22.8584778Z #29 11.77 Downloading psycopg2_binary-2.9.10-cp312-cp312-manylinux_2_17_x86_64.manylinux2014_x86_64.whl (3.0 MB)
2025-08-17T16:19:22.8585826Z #29 11.80    ━━━━━━━━━━━━━━━━━━━━━━━━━━━━━━━━━━━━━━━━ 3.0/3.0 MB 128.6 MB/s eta 0:00:00
2025-08-17T16:19:22.8586638Z #29 11.81 Downloading numpy-1.26.4-cp312-cp312-manylinux_2_17_x86_64.manylinux2014_x86_64.whl (18.0 MB)
2025-08-17T16:19:22.8599474Z #29 11.96    ━━━━━━━━━━━━━━━━━━━━━━━━━━━━━━━━━━━━━━━━ 18.0/18.0 MB 120.5 MB/s eta 0:00:00
2025-08-17T16:19:22.8600544Z #29 11.97 Downloading boto3-1.40.11-py3-none-any.whl (140 kB)
2025-08-17T16:19:22.8626129Z #29 11.98 Downloading cachetools-4.2.4-py3-none-any.whl (10 kB)
2025-08-17T16:19:22.8627023Z #29 11.99 Downloading confuse-1.4.0-py2.py3-none-any.whl (21 kB)
2025-08-17T16:19:22.8627673Z #29 12.00 Downloading multimethod-1.10-py3-none-any.whl (9.9 kB)
2025-08-17T16:19:22.8628288Z #29 12.01 Downloading packaging-25.0-py3-none-any.whl (66 kB)
2025-08-17T16:19:22.8628876Z #29 12.03 Downloading pydantic-2.11.7-py3-none-any.whl (444 kB)
2025-08-17T16:19:22.9605501Z #29 12.05 Downloading pydantic_core-2.33.2-cp312-cp312-manylinux_2_17_x86_64.manylinux2014_x86_64.whl (2.0 MB)
2025-08-17T16:19:22.9611945Z #29 12.07    ━━━━━━━━━━━━━━━━━━━━━━━━━━━━━━━━━━━━━━━━ 2.0/2.0 MB 132.8 MB/s eta 0:00:00
2025-08-17T16:19:22.9612718Z #29 12.08 Downloading python_dateutil-2.9.0.post0-py2.py3-none-any.whl (229 kB)
2025-08-17T16:19:22.9613853Z #29 12.09 Downloading python_dotenv-1.1.1-py3-none-any.whl (20 kB)
2025-08-17T16:19:22.9614545Z #29 12.10 Downloading pytz-2025.2-py2.py3-none-any.whl (509 kB)
2025-08-17T16:19:22.9615200Z #29 12.11 Downloading requests-2.32.4-py3-none-any.whl (64 kB)
2025-08-17T16:19:22.9616062Z #29 12.12 Downloading certifi-2025.8.3-py3-none-any.whl (161 kB)
2025-08-17T16:19:22.9616699Z #29 12.13 Downloading six-1.17.0-py2.py3-none-any.whl (11 kB)
2025-08-17T16:19:23.0715340Z #29 12.14 Downloading typing_inspect-0.9.0-py3-none-any.whl (8.8 kB)
2025-08-17T16:19:23.0716085Z #29 12.15 Downloading tzdata-2025.2-py2.py3-none-any.whl (347 kB)
2025-08-17T16:19:23.0716747Z #29 12.17 Downloading urllib3-2.5.0-py3-none-any.whl (129 kB)
2025-08-17T16:19:23.0717775Z #29 12.18 Downloading aiohttp-3.12.15-cp312-cp312-manylinux_2_17_x86_64.manylinux2014_x86_64.whl (1.7 MB)
2025-08-17T16:19:23.0719009Z #29 12.19    ━━━━━━━━━━━━━━━━━━━━━━━━━━━━━━━━━━━━━━━━ 1.7/1.7 MB 137.6 MB/s eta 0:00:00
2025-08-17T16:19:23.0719648Z #29 12.20 Downloading et_xmlfile-2.0.0-py3-none-any.whl (18 kB)
2025-08-17T16:19:23.0720564Z #29 12.22 Downloading pycryptodome-3.23.0-cp37-abi3-manylinux_2_17_x86_64.manylinux2014_x86_64.whl (2.3 MB)
2025-08-17T16:19:23.0721604Z #29 12.24    ━━━━━━━━━━━━━━━━━━━━━━━━━━━━━━━━━━━━━━━━ 2.3/2.3 MB 94.3 MB/s eta 0:00:00
2025-08-17T16:19:23.2474135Z #29 12.25 Downloading tqdm-4.67.1-py3-none-any.whl (78 kB)
2025-08-17T16:19:23.2477339Z #29 12.26 Downloading typeguard-4.4.4-py3-none-any.whl (34 kB)
2025-08-17T16:19:23.2478252Z #29 12.28 Downloading wrapt-1.17.3-cp312-cp312-manylinux1_x86_64.manylinux_2_28_x86_64.manylinux_2_5_x86_64.whl (88 kB)
2025-08-17T16:19:23.2479240Z #29 12.29 Downloading aiohappyeyeballs-2.6.1-py3-none-any.whl (15 kB)
2025-08-17T16:19:23.2479949Z #29 12.30 Downloading aiosignal-1.4.0-py3-none-any.whl (7.5 kB)
2025-08-17T16:19:23.2480634Z #29 12.31 Downloading annotated_types-0.7.0-py3-none-any.whl (13 kB)
2025-08-17T16:19:23.2481294Z #29 12.33 Downloading attrs-25.3.0-py3-none-any.whl (63 kB)
2025-08-17T16:19:23.2481966Z #29 12.34 Downloading botocore-1.40.11-py3-none-any.whl (14.0 MB)
2025-08-17T16:19:23.3546416Z #29 12.42    ━━━━━━━━━━━━━━━━━━━━━━━━━━━━━━━━━━━━━━━━ 14.0/14.0 MB 171.8 MB/s eta 0:00:00
2025-08-17T16:19:23.3547761Z #29 12.43 Downloading charset_normalizer-3.4.3-cp312-cp312-manylinux2014_x86_64.manylinux_2_17_x86_64.manylinux_2_28_x86_64.whl (151 kB)
2025-08-17T16:19:23.3549192Z #29 12.44 Downloading frozenlist-1.7.0-cp312-cp312-manylinux_2_5_x86_64.manylinux1_x86_64.manylinux_2_17_x86_64.manylinux2014_x86_64.whl (241 kB)
2025-08-17T16:19:23.3550193Z #29 12.45 Downloading idna-3.10-py3-none-any.whl (70 kB)
2025-08-17T16:19:23.3550756Z #29 12.47 Downloading jmespath-1.0.1-py3-none-any.whl (20 kB)
2025-08-17T16:19:23.3552743Z #29 12.48 Downloading multidict-6.6.4-cp312-cp312-manylinux2014_x86_64.manylinux_2_17_x86_64.manylinux_2_28_x86_64.whl (256 kB)
2025-08-17T16:19:23.3553738Z #29 12.50 Downloading mypy_extensions-1.1.0-py3-none-any.whl (5.0 kB)
2025-08-17T16:19:23.3554619Z #29 12.51 Downloading propcache-0.3.2-cp312-cp312-manylinux_2_17_x86_64.manylinux2014_x86_64.whl (224 kB)
2025-08-17T16:19:23.3555466Z #29 12.53 Downloading s3transfer-0.13.1-py3-none-any.whl (85 kB)
2025-08-17T16:19:23.4731608Z #29 ...
2025-08-17T16:19:23.4731897Z 
2025-08-17T16:19:23.4733154Z #28 [postgres 2/6] RUN set -eux;     if [ -f /etc/apt/sources.list ]; then         sed -i 's|http://deb.debian.org|https://deb.debian.org|g' /etc/apt/sources.list;     fi;     apt-get update;     apt-get install -y locales;     locale-gen en_US.UTF-8;     rm -rf /var/lib/apt/lists/*
2025-08-17T16:19:23.4734607Z #28 3.598   en_US.UTF-8... done
2025-08-17T16:19:23.4734992Z #28 5.226 Generation complete.
2025-08-17T16:19:23.4740474Z #28 5.226 + rm -rf /var/lib/apt/lists/apt.postgresql.org_pub_repos_apt_dists_trixie-pgdg_16_binary-amd64_Packages.lz4 /var/lib/apt/lists/apt.postgresql.org_pub_repos_apt_dists_trixie-pgdg_InRelease /var/lib/apt/lists/apt.postgresql.org_pub_repos_apt_dists_trixie-pgdg_main_binary-amd64_Packages.lz4 /var/lib/apt/lists/auxfiles /var/lib/apt/lists/deb.debian.org_debian-security_dists_trixie-security_InRelease /var/lib/apt/lists/deb.debian.org_debian-security_dists_trixie-security_main_binary-amd64_Packages.lz4 /var/lib/apt/lists/deb.debian.org_debian_dists_trixie-updates_InRelease /var/lib/apt/lists/deb.debian.org_debian_dists_trixie-updates_main_binary-amd64_Packages.lz4 /var/lib/apt/lists/deb.debian.org_debian_dists_trixie_InRelease /var/lib/apt/lists/deb.debian.org_debian_dists_trixie_main_binary-amd64_Packages.lz4 /var/lib/apt/lists/lock /var/lib/apt/lists/partial
2025-08-17T16:19:23.4745671Z #28 DONE 5.3s
2025-08-17T16:19:23.4745851Z 
2025-08-17T16:19:23.4746183Z #34 [postgres 3/6] COPY docker/postgres/pg_hba.conf /etc/postgresql/pg_hba.conf
2025-08-17T16:19:23.4746763Z #34 DONE 0.0s
2025-08-17T16:19:23.4747126Z 
2025-08-17T16:19:23.4747631Z #29 [etl base 4/5] RUN if [ -n "" ] && [ -f "" ]; then         pip install -r requirements.txt -c "";     else         pip install -r requirements.txt;     fi
2025-08-17T16:19:23.4748589Z #29 12.54 Downloading typing_extensions-4.14.1-py3-none-any.whl (43 kB)
2025-08-17T16:19:23.4750612Z #29 12.55 Downloading typing_inspection-0.4.1-py3-none-any.whl (14 kB)
2025-08-17T16:19:23.4751489Z #29 12.56 Downloading yarl-1.20.1-cp312-cp312-manylinux_2_17_x86_64.manylinux2014_x86_64.whl (355 kB)
2025-08-17T16:19:23.4752480Z #29 12.58 Downloading PyYAML-6.0.2-cp312-cp312-manylinux_2_17_x86_64.manylinux2014_x86_64.whl (767 kB)
2025-08-17T16:19:23.4753654Z #29 12.59    ━━━━━━━━━━━━━━━━━━━━━━━━━━━━━━━━━━━━━━━━ 767.5/767.5 kB 61.5 MB/s eta 0:00:00
2025-08-17T16:19:23.6501399Z #29 ...
2025-08-17T16:19:23.6510689Z 
2025-08-17T16:19:23.6511196Z #35 [postgres 4/6] COPY docker/postgres/init-pg_hba.sh /docker-entrypoint-initdb.d/10_init_pg_hba.sh
2025-08-17T16:19:23.6511982Z #35 DONE 0.0s
2025-08-17T16:19:23.6512141Z 
2025-08-17T16:19:23.6512508Z #36 [postgres 5/6] COPY docker/postgres/postgresql.conf /etc/postgresql/postgresql.conf
2025-08-17T16:19:23.6513517Z #36 DONE 0.0s
2025-08-17T16:19:23.7538203Z 
2025-08-17T16:19:23.7540045Z #37 [postgres 6/6] RUN chmod 0644 /etc/postgresql/pg_hba.conf &&     chmod +x /docker-entrypoint-initdb.d/10_init_pg_hba.sh
2025-08-17T16:19:23.7541190Z #37 DONE 0.2s
2025-08-17T16:19:23.7542667Z 
2025-08-17T16:19:23.7542959Z #38 [postgres] exporting to image
2025-08-17T16:19:23.7544628Z #38 exporting layers
2025-08-17T16:19:25.2721019Z #38 exporting layers 1.5s done
2025-08-17T16:19:25.4583281Z #38 writing image sha256:dee107499f4b4f0c262cd1e94bc40f6aca006374f26ea3fbd7c870759581f215 done
2025-08-17T16:19:25.4586119Z #38 naming to docker.io/library/awa-app-postgres done
2025-08-17T16:19:25.4586642Z #38 DONE 1.5s
2025-08-17T16:19:25.4587002Z 
2025-08-17T16:19:25.4587224Z #39 [postgres] resolving provenance for metadata file
2025-08-17T16:19:25.4587724Z #39 DONE 0.0s
2025-08-17T16:19:25.4587909Z 
2025-08-17T16:19:25.4588459Z #29 [etl base 4/5] RUN if [ -n "" ] && [ -f "" ]; then         pip install -r requirements.txt -c "";     else         pip install -r requirements.txt;     fi
2025-08-17T16:19:25.4592469Z #29 12.98 Installing collected packages: pytz, wrapt, urllib3, tzdata, typing-extensions, tqdm, six, pyyaml, python-dotenv, pycryptodome, psycopg2-binary, propcache, packaging, numpy, mypy-extensions, multimethod, multidict, jmespath, idna, frozenlist, et-xmlfile, charset_normalizer, certifi, cachetools, attrs, annotated-types, aiohappyeyeballs, yarl, typing-inspection, typing-inspect, typeguard, requests, python-dateutil, pydantic-core, openpyxl, minio, confuse, aiosignal, pydantic, pandas, botocore, aiohttp, s3transfer, pydantic-settings, pandera, keepa, boto3, python-amazon-sp-api
2025-08-17T16:19:25.9186368Z #29 ...
2025-08-17T16:19:25.9186644Z 
2025-08-17T16:19:25.9187680Z #40 [fees_h10 stage-1 3/5] COPY --from=base /usr/local /usr/local
2025-08-17T16:19:25.9188195Z #40 DONE 2.3s
2025-08-17T16:19:26.0916304Z 
2025-08-17T16:19:26.0917750Z #41 [fees_h10 stage-1 4/5] COPY --from=base /app /app
2025-08-17T16:19:26.0918257Z #41 DONE 0.0s
2025-08-17T16:19:26.0918427Z 
2025-08-17T16:19:26.0918895Z #42 [fees_h10 stage-1 5/5] RUN chmod +x ./start.sh
2025-08-17T16:19:26.1007018Z #42 DONE 0.2s
2025-08-17T16:19:26.1007591Z 
2025-08-17T16:19:26.1008011Z #30 [api base  4/12] RUN pip install --no-cache-dir -r requirements.txt
2025-08-17T16:19:26.2541163Z #30 ...
2025-08-17T16:19:26.2542006Z 
2025-08-17T16:19:26.2542612Z #43 [fees_h10] exporting to image
2025-08-17T16:19:27.5688719Z #43 exporting layers 1.5s done
2025-08-17T16:19:27.7532277Z #43 writing image sha256:284b425ed7da08fe354bb73f2caa04785e7f1016420b0e19f057a76dcf2628b4 done
2025-08-17T16:19:27.7537176Z #43 naming to docker.io/library/awa-app-fees_h10 done
2025-08-17T16:19:27.7538318Z #43 DONE 1.5s
2025-08-17T16:19:27.7539623Z 
2025-08-17T16:19:27.7540527Z #44 [fees_h10] resolving provenance for metadata file
2025-08-17T16:19:27.7541254Z #44 DONE 0.0s
2025-08-17T16:19:27.7541558Z 
2025-08-17T16:19:27.7541967Z #30 [api base  4/12] RUN pip install --no-cache-dir -r requirements.txt
2025-08-17T16:19:28.6607245Z #30 17.82 Successfully installed Jinja2-3.1.5 Mako-1.3.10 MarkupSafe-3.0.2 alembic-1.13.1 annotated-types-0.7.0 anyio-4.10.0 asyncpg-0.29.0 boto3-1.34.162 botocore-1.34.162 certifi-2025.8.3 click-8.2.1 dnspython-2.7.0 email_validator-2.2.0 fastapi-0.111.0 fastapi-cli-0.0.8 greenlet-3.2.4 h11-0.16.0 httpcore-1.0.9 httptools-0.6.4 httpx-0.27.2 idna-3.10 jmespath-1.0.1 markdown-it-py-4.0.0 mdurl-0.1.2 orjson-3.11.2 psycopg-3.2.9 psycopg-binary-3.2.9 pydantic-2.11.7 pydantic-core-2.33.2 pydantic-settings-2.2.1 pygments-2.19.2 python-dateutil-2.9.0.post0 python-dotenv-1.1.1 python-multipart-0.0.20 pyyaml-6.0.2 rich-14.1.0 rich-toolkit-0.15.0 s3transfer-0.10.4 shellingham-1.5.4 six-1.17.0 sniffio-1.3.1 sqlalchemy-2.0.29 starlette-0.37.2 typer-0.16.0 typing-extensions-4.14.1 typing-inspection-0.4.1 ujson-5.10.0 urllib3-2.5.0 uvicorn-0.29.0 uvloop-0.21.0 watchfiles-1.1.0 websockets-15.0.1
2025-08-17T16:19:28.8926685Z #30 17.82 WARNING: Running pip as the 'root' user can result in broken permissions and conflicting behaviour with the system package manager, possibly rendering your system unusable. It is recommended to use a virtual environment instead: https://pip.pypa.io/warnings/venv. Use the --root-user-action option if you know what you are doing and want to suppress this warning.
2025-08-17T16:19:28.8929154Z #30 17.90 
2025-08-17T16:19:28.8929593Z #30 17.90 [notice] A new release of pip is available: 25.0.1 -> 25.2
2025-08-17T16:19:28.8930221Z #30 17.90 [notice] To update, run: pip install --upgrade pip
2025-08-17T16:19:29.0683583Z #30 DONE 18.2s
2025-08-17T16:19:29.0683849Z 
2025-08-17T16:19:29.0684435Z #29 [etl base 4/5] RUN if [ -n "" ] && [ -f "" ]; then         pip install -r requirements.txt -c "";     else         pip install -r requirements.txt;     fi
2025-08-17T16:19:29.1708699Z #29 ...
2025-08-17T16:19:29.1708926Z 
2025-08-17T16:19:29.1709136Z #45 [api base  5/12] COPY services/api/ ./services/api
2025-08-17T16:19:29.1709746Z #45 DONE 0.0s
2025-08-17T16:19:29.1710141Z 
2025-08-17T16:19:29.1732524Z #46 [api base  6/12] COPY services/common/ ./services/common
2025-08-17T16:19:29.1733112Z #46 DONE 0.0s
2025-08-17T16:19:29.1733291Z 
2025-08-17T16:19:29.1733518Z #47 [api base  7/12] COPY services/ingest/ ./services/ingest
2025-08-17T16:19:29.1733997Z #47 DONE 0.0s
2025-08-17T16:19:29.1734164Z 
2025-08-17T16:19:29.1734367Z #48 [api base  8/12] COPY services/etl/ ./services/etl
2025-08-17T16:19:29.1734824Z #48 DONE 0.0s
2025-08-17T16:19:29.1735010Z 
2025-08-17T16:19:29.1735248Z #49 [api base  9/12] COPY services/api/alembic.ini ./alembic.ini
2025-08-17T16:19:29.1735743Z #49 DONE 0.0s
2025-08-17T16:19:29.1735925Z 
2025-08-17T16:19:29.1736083Z #50 [api base 10/12] COPY alembic/ ./alembic/
2025-08-17T16:19:29.1736514Z #50 DONE 0.0s
2025-08-17T16:19:29.3054237Z 
2025-08-17T16:19:29.3056504Z #51 [api base 11/12] COPY services/api/entrypoint.sh ./entrypoint.sh
2025-08-17T16:19:29.3062553Z #51 DONE 0.0s
2025-08-17T16:19:29.3062766Z 
2025-08-17T16:19:29.3062953Z #52 [api base 12/12] RUN chmod +x ./entrypoint.sh
2025-08-17T16:19:29.3063406Z #52 DONE 0.1s
2025-08-17T16:19:29.3063582Z 
2025-08-17T16:19:29.3064459Z #29 [etl base 4/5] RUN if [ -n "" ] && [ -f "" ]; then         pip install -r requirements.txt -c "";     else         pip install -r requirements.txt;     fi
2025-08-17T16:19:30.1577343Z #29 ...
2025-08-17T16:19:30.1577755Z 
2025-08-17T16:19:30.1578403Z #53 [api stage-1 4/6] COPY --from=base /usr/local /usr/local
2025-08-17T16:19:31.7199793Z #53 DONE 1.6s
2025-08-17T16:19:31.7200036Z 
2025-08-17T16:19:31.7200596Z #29 [etl base 4/5] RUN if [ -n "" ] && [ -f "" ]; then         pip install -r requirements.txt -c "";     else         pip install -r requirements.txt;     fi
2025-08-17T16:19:31.8862929Z #29 ...
2025-08-17T16:19:31.8863169Z 
2025-08-17T16:19:31.8863363Z #54 [api stage-1 5/6] COPY --from=base /app /app
2025-08-17T16:19:31.8863850Z #54 DONE 0.0s
2025-08-17T16:19:31.8864019Z 
2025-08-17T16:19:31.8864223Z #55 [api stage-1 6/6] RUN chmod +x /app/entrypoint.sh
2025-08-17T16:19:31.8864718Z #55 DONE 0.1s
2025-08-17T16:19:32.0496997Z 
2025-08-17T16:19:32.0499780Z #56 [api] exporting to image
2025-08-17T16:19:33.8798530Z #56 exporting layers 2.0s done
2025-08-17T16:19:34.0605203Z #56 writing image sha256:2b37b20186aac7b2171738ca6737f2b5053ea2ec258a25265e850b48c6afdf47 done
2025-08-17T16:19:34.0605906Z #56 naming to docker.io/library/awa-app-api done
2025-08-17T16:19:34.0606285Z #56 DONE 2.0s
2025-08-17T16:19:34.0606397Z 
2025-08-17T16:19:34.0606534Z #57 [api] resolving provenance for metadata file
2025-08-17T16:19:34.0606801Z #57 DONE 0.0s
2025-08-17T16:19:34.0607147Z 
2025-08-17T16:19:34.0607485Z #29 [etl base 4/5] RUN if [ -n "" ] && [ -f "" ]; then         pip install -r requirements.txt -c "";     else         pip install -r requirements.txt;     fi
2025-08-17T16:19:35.0361484Z #29 24.21 Successfully installed aiohappyeyeballs-2.6.1 aiohttp-3.12.15 aiosignal-1.4.0 annotated-types-0.7.0 attrs-25.3.0 boto3-1.40.11 botocore-1.40.11 cachetools-4.2.4 certifi-2025.8.3 charset_normalizer-3.4.3 confuse-1.4.0 et-xmlfile-2.0.0 frozenlist-1.7.0 idna-3.10 jmespath-1.0.1 keepa-1.3.14 minio-7.1.15 multidict-6.6.4 multimethod-1.10 mypy-extensions-1.1.0 numpy-1.26.4 openpyxl-3.1.5 packaging-25.0 pandas-2.2.3 pandera-0.19.3 propcache-0.3.2 psycopg2-binary-2.9.10 pycryptodome-3.23.0 pydantic-2.11.7 pydantic-core-2.33.2 pydantic-settings-2.2.1 python-amazon-sp-api-0.8.0 python-dateutil-2.9.0.post0 python-dotenv-1.1.1 pytz-2025.2 pyyaml-6.0.2 requests-2.32.4 s3transfer-0.13.1 six-1.17.0 tqdm-4.67.1 typeguard-4.4.4 typing-extensions-4.14.1 typing-inspect-0.9.0 typing-inspection-0.4.1 tzdata-2025.2 urllib3-2.5.0 wrapt-1.17.3 yarl-1.20.1
2025-08-17T16:19:35.2614764Z #29 24.21 WARNING: Running pip as the 'root' user can result in broken permissions and conflicting behaviour with the system package manager, possibly rendering your system unusable. It is recommended to use a virtual environment instead: https://pip.pypa.io/warnings/venv. Use the --root-user-action option if you know what you are doing and want to suppress this warning.
2025-08-17T16:19:35.2616074Z #29 24.28 
2025-08-17T16:19:35.2616340Z #29 24.28 [notice] A new release of pip is available: 25.0.1 -> 25.2
2025-08-17T16:19:35.2616710Z #29 24.28 [notice] To update, run: pip install --upgrade pip
2025-08-17T16:19:35.4118272Z #29 DONE 24.6s
2025-08-17T16:19:35.5749483Z 
2025-08-17T16:19:35.5750145Z #58 [etl base 5/5] COPY services/etl/ .
2025-08-17T16:19:35.5750598Z #58 DONE 0.0s
2025-08-17T16:19:36.5540094Z 
2025-08-17T16:19:36.5540699Z #59 [etl stage-1 3/9] COPY --from=base /usr/local /usr/local
2025-08-17T16:19:38.9277635Z #59 DONE 2.4s
2025-08-17T16:19:39.0719819Z 
2025-08-17T16:19:39.0720269Z #60 [etl stage-1 4/9] COPY --from=base /app /app
2025-08-17T16:19:39.0720612Z #60 DONE 0.0s
2025-08-17T16:19:39.0720807Z 
2025-08-17T16:19:39.0721625Z #61 [etl stage-1 5/9] RUN set -eux;     if [ -f /etc/apt/sources.list ]; then         sed -i 's|http://deb.debian.org|https://deb.debian.org|g' /etc/apt/sources.list;     fi;     apt-get update;     apt-get install -y --no-install-recommends tzdata;     rm -rf /var/lib/apt/lists/*
2025-08-17T16:19:39.0722908Z #61 0.125 + [ -f /etc/apt/sources.list ]
2025-08-17T16:19:39.0723287Z #61 0.125 + apt-get update
2025-08-17T16:19:39.1788660Z #61 0.193 Hit:1 http://deb.debian.org/debian trixie InRelease
2025-08-17T16:19:39.1789666Z #61 0.198 Get:2 http://deb.debian.org/debian trixie-updates InRelease [47.1 kB]
2025-08-17T16:19:39.1790485Z #61 0.218 Get:3 http://deb.debian.org/debian-security trixie-security InRelease [43.4 kB]
2025-08-17T16:19:39.1791289Z #61 0.232 Get:4 http://deb.debian.org/debian trixie/main amd64 Packages [9668 kB]
2025-08-17T16:19:39.4282143Z #61 0.320 Get:5 http://deb.debian.org/debian trixie-updates/main amd64 Packages [2432 B]
2025-08-17T16:19:39.4282940Z #61 0.331 Get:6 http://deb.debian.org/debian-security trixie-security/main amd64 Packages [8780 B]
2025-08-17T16:19:39.8873855Z #61 0.940 Fetched 9769 kB in 1s (12.3 MB/s)
2025-08-17T16:19:40.3014084Z #61 0.940 Reading package lists...
2025-08-17T16:19:40.4692477Z #61 1.364 + apt-get install -y --no-install-recommends tzdata
2025-08-17T16:19:40.7294321Z #61 1.372 Reading package lists...
2025-08-17T16:19:40.9578547Z #61 1.791 Building dependency tree...
2025-08-17T16:19:40.9579035Z #61 1.881 Reading state information...
2025-08-17T16:19:40.9579545Z #61 2.011 tzdata is already the newest version (2025b-4).
2025-08-17T16:19:40.9580148Z #61 2.011 0 upgraded, 0 newly installed, 0 to remove and 0 not upgraded.
2025-08-17T16:19:41.1479724Z #61 2.012 + rm -rf /var/lib/apt/lists/auxfiles /var/lib/apt/lists/deb.debian.org_debian-security_dists_trixie-security_InRelease /var/lib/apt/lists/deb.debian.org_debian-security_dists_trixie-security_main_binary-amd64_Packages.lz4 /var/lib/apt/lists/deb.debian.org_debian_dists_trixie-updates_InRelease /var/lib/apt/lists/deb.debian.org_debian_dists_trixie-updates_main_binary-amd64_Packages.lz4 /var/lib/apt/lists/deb.debian.org_debian_dists_trixie_InRelease /var/lib/apt/lists/deb.debian.org_debian_dists_trixie_main_binary-amd64_Packages.lz4 /var/lib/apt/lists/lock /var/lib/apt/lists/partial
2025-08-17T16:19:41.1483256Z #61 DONE 2.0s
2025-08-17T16:19:41.1483507Z 
2025-08-17T16:19:41.1483877Z #62 [etl stage-1 6/9] COPY services/etl/wait-for-it.sh /usr/local/bin/wait-for-it.sh
2025-08-17T16:19:41.1484524Z #62 DONE 0.0s
2025-08-17T16:19:41.1484721Z 
2025-08-17T16:19:41.1484970Z #63 [etl stage-1 7/9] RUN chmod +x /usr/local/bin/wait-for-it.sh
2025-08-17T16:19:41.1485485Z #63 DONE 0.1s
2025-08-17T16:19:41.2889210Z 
2025-08-17T16:19:41.2889964Z #64 [etl stage-1 8/9] COPY services/etl/entrypoint.sh /app/entrypoint.sh
2025-08-17T16:19:41.2890488Z #64 DONE 0.0s
2025-08-17T16:19:41.2890680Z 
2025-08-17T16:19:41.2890883Z #65 [etl stage-1 9/9] RUN chmod +x /app/entrypoint.sh
2025-08-17T16:19:41.2891233Z #65 DONE 0.1s
2025-08-17T16:19:41.4417609Z 
2025-08-17T16:19:41.4418049Z #66 [etl] exporting to image
2025-08-17T16:19:41.4418489Z #66 exporting layers
2025-08-17T16:19:44.1326456Z #66 exporting layers 2.8s done
2025-08-17T16:19:44.1566307Z #66 writing image sha256:b3564e0f3c84cb0022c9817e17a35177386828570e69a8afbaf5c01d785423ff done
2025-08-17T16:19:44.1567319Z #66 naming to docker.io/library/awa-app-etl done
2025-08-17T16:19:44.1567796Z #66 DONE 2.8s
2025-08-17T16:19:44.1567979Z 
2025-08-17T16:19:44.1568106Z  fees_h10  Built
2025-08-17T16:19:44.1568400Z  api  Built
2025-08-17T16:19:44.1568673Z  postgres  Built
2025-08-17T16:19:44.1568950Z  etl  Built
2025-08-17T16:19:44.1569277Z #67 [etl] resolving provenance for metadata file
2025-08-17T16:19:44.1569702Z #67 DONE 0.0s
2025-08-17T16:19:44.1636714Z ##[group]Run export COMPOSE_DOCKER_CLI_BUILD=1 DOCKER_BUILDKIT=1
2025-08-17T16:19:44.1637480Z [36;1mexport COMPOSE_DOCKER_CLI_BUILD=1 DOCKER_BUILDKIT=1[0m
2025-08-17T16:19:44.1637793Z [36;1mdocker compose \[0m
2025-08-17T16:19:44.1638012Z [36;1m  -f docker-compose.yml \[0m
2025-08-17T16:19:44.1638259Z [36;1m  -f docker-compose.ci.yml \[0m
2025-08-17T16:19:44.1638520Z [36;1m  -f docker-compose.postgres.yml \[0m
2025-08-17T16:19:44.1638768Z [36;1m  pull[0m
2025-08-17T16:19:44.1680657Z shell: /usr/bin/bash -e {0}
2025-08-17T16:19:44.1680874Z env:
2025-08-17T16:19:44.1681106Z   GITHUB_SHA: 6ab2d9cc87c8e84e45f515e86b76e5352cba035f
2025-08-17T16:19:44.1681371Z ##[endgroup]
2025-08-17T16:19:44.2548727Z time="2025-08-17T16:19:44Z" level=warning msg="/home/runner/work/AWA-App/AWA-App/docker-compose.postgres.yml: the attribute `version` is obsolete, it will be ignored, please remove it to avoid potential confusion"
2025-08-17T16:19:44.2736258Z  etl Skipped - No image to be pulled 
2025-08-17T16:19:44.2737139Z  fees_h10 Skipped - No image to be pulled 
2025-08-17T16:19:44.2737932Z  api Skipped - No image to be pulled 
2025-08-17T16:19:44.2738821Z  postgres Skipped - No image to be pulled 
2025-08-17T16:19:44.2739229Z  minio Pulling 
2025-08-17T16:19:44.5675955Z  dd15713b0f22 Pulling fs layer 
2025-08-17T16:19:44.5676502Z  fd312a3c94fc Pulling fs layer 
2025-08-17T16:19:44.5677308Z  02e05d20c69e Pulling fs layer 
2025-08-17T16:19:44.5677658Z  1f08d9fb7d7d Pulling fs layer 
2025-08-17T16:19:44.5678007Z  b452b5fb7338 Pulling fs layer 
2025-08-17T16:19:44.5678472Z  e14ab7c7ae26 Pulling fs layer 
2025-08-17T16:19:44.5678908Z  3bf7f4428838 Pulling fs layer 
2025-08-17T16:19:44.5679262Z  adc9ba906e83 Pulling fs layer 
2025-08-17T16:19:44.5679624Z  1611ffcaf8be Pulling fs layer 
2025-08-17T16:19:44.5679930Z  1f08d9fb7d7d Waiting 
2025-08-17T16:19:44.5680127Z  b452b5fb7338 Waiting 
2025-08-17T16:19:44.5680314Z  e14ab7c7ae26 Waiting 
2025-08-17T16:19:44.5680490Z  3bf7f4428838 Waiting 
2025-08-17T16:19:44.5680691Z  adc9ba906e83 Waiting 
2025-08-17T16:19:44.5680865Z  1611ffcaf8be Waiting 
2025-08-17T16:19:44.6612175Z  02e05d20c69e Downloading [>                                                  ]  2.301kB/122.7kB
2025-08-17T16:19:44.6668690Z  02e05d20c69e Downloading [==================================================>]  122.7kB/122.7kB
2025-08-17T16:19:44.6670047Z  02e05d20c69e Verifying Checksum 
2025-08-17T16:19:44.6670721Z  02e05d20c69e Download complete 
2025-08-17T16:19:44.6685242Z  fd312a3c94fc Downloading [>                                                  ]  17.36kB/1.637MB
2025-08-17T16:19:44.6709261Z  dd15713b0f22 Downloading [>                                                  ]  76.59kB/7.24MB
2025-08-17T16:19:44.6959795Z  fd312a3c94fc Verifying Checksum 
2025-08-17T16:19:44.6968854Z  fd312a3c94fc Download complete 
2025-08-17T16:19:44.7155593Z  dd15713b0f22 Download complete 
2025-08-17T16:19:44.7163336Z  dd15713b0f22 Extracting [>                                                  ]   98.3kB/7.24MB
2025-08-17T16:19:44.7718343Z  1f08d9fb7d7d Downloading [>                                                  ]  397.4kB/39.39MB
2025-08-17T16:19:44.7837310Z  b452b5fb7338 Downloading [>                                                  ]  115.7kB/11.19MB
2025-08-17T16:19:44.7942184Z  e14ab7c7ae26 Downloading [>                                                  ]  24.75kB/2.402MB
2025-08-17T16:19:44.8181950Z  dd15713b0f22 Extracting [===============>                                   ]  2.261MB/7.24MB
2025-08-17T16:19:44.8225559Z  e14ab7c7ae26 Verifying Checksum 
2025-08-17T16:19:44.8226209Z  e14ab7c7ae26 Download complete 
2025-08-17T16:19:44.8392797Z  b452b5fb7338 Verifying Checksum 
2025-08-17T16:19:44.8398247Z  b452b5fb7338 Download complete 
2025-08-17T16:19:44.8750781Z  1f08d9fb7d7d Downloading [==============>                                    ]  11.74MB/39.39MB
2025-08-17T16:19:44.8964615Z  3bf7f4428838 Downloading [>                                                  ]  2.301kB/180.3kB
2025-08-17T16:19:44.9063612Z  3bf7f4428838 Downloading [==================================================>]  180.3kB/180.3kB
2025-08-17T16:19:44.9066008Z  3bf7f4428838 Verifying Checksum 
2025-08-17T16:19:44.9066415Z  3bf7f4428838 Download complete 
2025-08-17T16:19:44.9170185Z  adc9ba906e83 Downloading [===>                                               ]     932B/11.88kB
2025-08-17T16:19:44.9171168Z  adc9ba906e83 Downloading [==================================================>]  11.88kB/11.88kB
2025-08-17T16:19:44.9171783Z  adc9ba906e83 Verifying Checksum 
2025-08-17T16:19:44.9172222Z  adc9ba906e83 Download complete 
2025-08-17T16:19:44.9482510Z  dd15713b0f22 Extracting [============================================>      ]  6.488MB/7.24MB
2025-08-17T16:19:44.9757516Z  1f08d9fb7d7d Downloading [======================================>            ]  30.31MB/39.39MB
2025-08-17T16:19:44.9805115Z  dd15713b0f22 Extracting [==================================================>]   7.24MB/7.24MB
2025-08-17T16:19:44.9868547Z  1611ffcaf8be Downloading [==================================================>]     498B/498B
2025-08-17T16:19:44.9869163Z  1611ffcaf8be Verifying Checksum 
2025-08-17T16:19:44.9869560Z  1611ffcaf8be Download complete 
2025-08-17T16:19:44.9914632Z  dd15713b0f22 Pull complete 
2025-08-17T16:19:44.9927437Z  fd312a3c94fc Extracting [=>                                                 ]  32.77kB/1.637MB
2025-08-17T16:19:45.0270634Z  fd312a3c94fc Extracting [==================================================>]  1.637MB/1.637MB
2025-08-17T16:19:45.0299518Z  fd312a3c94fc Extracting [==================================================>]  1.637MB/1.637MB
2025-08-17T16:19:45.0783348Z  1f08d9fb7d7d Downloading [===============================================>   ]  37.62MB/39.39MB
2025-08-17T16:19:45.0907712Z  fd312a3c94fc Pull complete 
2025-08-17T16:19:45.0920219Z  02e05d20c69e Extracting [=============>                                     ]  32.77kB/122.7kB
2025-08-17T16:19:45.0934198Z  02e05d20c69e Extracting [==================================================>]  122.7kB/122.7kB
2025-08-17T16:19:45.0943546Z  1f08d9fb7d7d Download complete 
2025-08-17T16:19:45.1049165Z  02e05d20c69e Pull complete 
2025-08-17T16:19:45.1139836Z  1f08d9fb7d7d Extracting [>                                                  ]    426kB/39.39MB
2025-08-17T16:19:45.2144290Z  1f08d9fb7d7d Extracting [===========>                                       ]  8.946MB/39.39MB
2025-08-17T16:19:45.3162750Z  1f08d9fb7d7d Extracting [=====================>                             ]  17.04MB/39.39MB
2025-08-17T16:19:45.4191624Z  1f08d9fb7d7d Extracting [=====================================>             ]  29.82MB/39.39MB
2025-08-17T16:19:45.5194954Z  1f08d9fb7d7d Extracting [================================================>  ]  37.91MB/39.39MB
2025-08-17T16:19:45.5363250Z  1f08d9fb7d7d Extracting [==================================================>]  39.39MB/39.39MB
2025-08-17T16:19:45.5791947Z  1f08d9fb7d7d Pull complete 
2025-08-17T16:19:45.5815503Z  b452b5fb7338 Extracting [>                                                  ]  131.1kB/11.19MB
2025-08-17T16:19:45.6822999Z  b452b5fb7338 Extracting [====================================>              ]  8.126MB/11.19MB
2025-08-17T16:19:45.7138406Z  b452b5fb7338 Extracting [==================================================>]  11.19MB/11.19MB
2025-08-17T16:19:45.7305555Z  b452b5fb7338 Pull complete 
2025-08-17T16:19:45.7318742Z  e14ab7c7ae26 Extracting [>                                                  ]  32.77kB/2.402MB
2025-08-17T16:19:45.7579273Z  e14ab7c7ae26 Extracting [==================================================>]  2.402MB/2.402MB
2025-08-17T16:19:45.7670616Z  e14ab7c7ae26 Pull complete 
2025-08-17T16:19:45.7682281Z  3bf7f4428838 Extracting [=========>                                         ]  32.77kB/180.3kB
2025-08-17T16:19:45.7752746Z  3bf7f4428838 Extracting [==================================================>]  180.3kB/180.3kB
2025-08-17T16:19:45.7767620Z  3bf7f4428838 Extracting [==================================================>]  180.3kB/180.3kB
2025-08-17T16:19:45.7871038Z  3bf7f4428838 Pull complete 
2025-08-17T16:19:45.7891119Z  adc9ba906e83 Extracting [==================================================>]  11.88kB/11.88kB
2025-08-17T16:19:45.7893655Z  adc9ba906e83 Extracting [==================================================>]  11.88kB/11.88kB
2025-08-17T16:19:45.7975430Z  adc9ba906e83 Pull complete 
2025-08-17T16:19:45.7988381Z  1611ffcaf8be Extracting [==================================================>]     498B/498B
2025-08-17T16:19:45.7991283Z  1611ffcaf8be Extracting [==================================================>]     498B/498B
2025-08-17T16:19:45.8072299Z  1611ffcaf8be Pull complete 
2025-08-17T16:19:45.8129893Z  minio Pulled 
2025-08-17T16:19:45.8198108Z ##[group]Run export COMPOSE_DOCKER_CLI_BUILD=1 DOCKER_BUILDKIT=1
2025-08-17T16:19:45.8198563Z [36;1mexport COMPOSE_DOCKER_CLI_BUILD=1 DOCKER_BUILDKIT=1[0m
2025-08-17T16:19:45.8198860Z [36;1mdocker compose \[0m
2025-08-17T16:19:45.8199082Z [36;1m  -f docker-compose.yml \[0m
2025-08-17T16:19:45.8199335Z [36;1m  -f docker-compose.ci.yml \[0m
2025-08-17T16:19:45.8199595Z [36;1m  -f docker-compose.postgres.yml \[0m
2025-08-17T16:19:45.8199879Z [36;1m  up -d --wait --no-build --pull always[0m
2025-08-17T16:19:45.8240853Z shell: /usr/bin/bash -e {0}
2025-08-17T16:19:45.8241070Z env:
2025-08-17T16:19:45.8241274Z   GITHUB_SHA: 6ab2d9cc87c8e84e45f515e86b76e5352cba035f
2025-08-17T16:19:45.8241544Z ##[endgroup]
2025-08-17T16:19:45.9143776Z time="2025-08-17T16:19:45Z" level=warning msg="/home/runner/work/AWA-App/AWA-App/docker-compose.postgres.yml: the attribute `version` is obsolete, it will be ignored, please remove it to avoid potential confusion"
2025-08-17T16:19:45.9321610Z  minio Pulling 
2025-08-17T16:19:46.0754816Z  minio Pulled 
2025-08-17T16:19:46.0772629Z  Network awa-app_awa-net  Creating
2025-08-17T16:19:46.1119017Z  Network awa-app_awa-net  Created
2025-08-17T16:19:46.1168761Z  Volume "awa-app_awa-data"  Creating
2025-08-17T16:19:46.1180103Z  Volume "awa-app_awa-data"  Created
2025-08-17T16:19:46.1183047Z  Volume "awa-app_miniodata"  Creating
2025-08-17T16:19:46.1191261Z  Volume "awa-app_miniodata"  Created
2025-08-17T16:19:46.1194552Z  Volume "awa-app_awa-pgdata"  Creating
2025-08-17T16:19:46.1201611Z  Volume "awa-app_awa-pgdata"  Created
2025-08-17T16:19:46.1206644Z  Container awa-app-minio-1  Creating
2025-08-17T16:19:46.1207385Z  Container awa-app-postgres-1  Creating
2025-08-17T16:19:46.1479494Z  Container awa-app-postgres-1  Created
2025-08-17T16:19:46.1480033Z  Container awa-app-api-1  Creating
2025-08-17T16:19:46.1482184Z  Container awa-app-fees_h10-1  Creating
2025-08-17T16:19:46.1483904Z  Container awa-app-minio-1  Created
2025-08-17T16:19:46.1484372Z  Container awa-app-etl-1  Creating
2025-08-17T16:19:46.1632768Z  Container awa-app-fees_h10-1  Created
2025-08-17T16:19:46.1636157Z  Container awa-app-etl-1  Created
2025-08-17T16:19:46.1638420Z  Container awa-app-api-1  Created
2025-08-17T16:19:46.1650100Z  Container awa-app-minio-1  Starting
2025-08-17T16:19:46.1650945Z  Container awa-app-postgres-1  Starting
2025-08-17T16:19:46.4801439Z  Container awa-app-postgres-1  Started
2025-08-17T16:19:46.4803365Z  Container awa-app-postgres-1  Waiting
2025-08-17T16:19:46.4816713Z  Container awa-app-postgres-1  Waiting
2025-08-17T16:19:46.4914858Z  Container awa-app-minio-1  Started
2025-08-17T16:19:46.4915694Z  Container awa-app-postgres-1  Waiting
2025-08-17T16:19:51.9813642Z  Container awa-app-postgres-1  Healthy
2025-08-17T16:19:51.9814162Z  Container awa-app-api-1  Starting
2025-08-17T16:19:51.9814708Z  Container awa-app-postgres-1  Healthy
2025-08-17T16:19:51.9815648Z  Container awa-app-fees_h10-1  Starting
2025-08-17T16:19:51.9927060Z  Container awa-app-postgres-1  Healthy
2025-08-17T16:19:51.9927625Z  Container awa-app-etl-1  Starting
2025-08-17T16:19:52.1427519Z  Container awa-app-fees_h10-1  Started
2025-08-17T16:19:52.1451416Z  Container awa-app-etl-1  Started
2025-08-17T16:19:52.1588937Z  Container awa-app-api-1  Started
2025-08-17T16:19:52.1589847Z  Container awa-app-minio-1  Waiting
2025-08-17T16:19:52.1590933Z  Container awa-app-postgres-1  Waiting
2025-08-17T16:19:52.1591770Z  Container awa-app-etl-1  Waiting
2025-08-17T16:19:52.1592419Z  Container awa-app-fees_h10-1  Waiting
2025-08-17T16:19:52.1593093Z  Container awa-app-api-1  Waiting
2025-08-17T16:19:52.6615889Z  Container awa-app-minio-1  Healthy
2025-08-17T16:19:52.6617025Z  Container awa-app-postgres-1  Healthy
2025-08-17T16:19:57.6601179Z  Container awa-app-api-1  Healthy
2025-08-17T16:20:22.6604744Z  Container awa-app-fees_h10-1  Healthy
2025-08-17T16:20:22.6605241Z  Container awa-app-etl-1  Healthy
2025-08-17T16:20:22.6668994Z ##[group]Run for i in {1..60}; do pg_isready -h localhost -p 5432 && break; sleep 1; done
2025-08-17T16:20:22.6669685Z [36;1mfor i in {1..60}; do pg_isready -h localhost -p 5432 && break; sleep 1; done[0m
2025-08-17T16:20:22.6709847Z shell: /usr/bin/bash -e {0}
2025-08-17T16:20:22.6710070Z env:
2025-08-17T16:20:22.6710293Z   GITHUB_SHA: 6ab2d9cc87c8e84e45f515e86b76e5352cba035f
2025-08-17T16:20:22.6710569Z ##[endgroup]
2025-08-17T16:20:22.7260317Z localhost:5432 - accepting connections
2025-08-17T16:20:22.7297338Z ##[group]Run [ "$(psql -U postgres -h localhost -tAc "select 1 from pg_database where datname='awa'")" = '1' ] || psql -U postgres -h localhost -c "create database awa"
2025-08-17T16:20:22.7298270Z [36;1m[ "$(psql -U postgres -h localhost -tAc "select 1 from pg_database where datname='awa'")" = '1' ] || psql -U postgres -h localhost -c "create database awa"[0m
2025-08-17T16:20:22.7337533Z shell: /usr/bin/bash -e {0}
2025-08-17T16:20:22.7337753Z env:
2025-08-17T16:20:22.7337957Z   GITHUB_SHA: 6ab2d9cc87c8e84e45f515e86b76e5352cba035f
2025-08-17T16:20:22.7338226Z   PGPASSWORD: pass
2025-08-17T16:20:22.7338417Z ##[endgroup]
2025-08-17T16:20:22.8151195Z ##[group]Run docker compose \
2025-08-17T16:20:22.8151474Z [36;1mdocker compose \[0m
2025-08-17T16:20:22.8151697Z [36;1m  -f docker-compose.yml \[0m
2025-08-17T16:20:22.8151938Z [36;1m  -f docker-compose.ci.yml \[0m
2025-08-17T16:20:22.8152203Z [36;1m  -f docker-compose.postgres.yml \[0m
2025-08-17T16:20:22.8152454Z [36;1m  config | grep image:[0m
2025-08-17T16:20:22.8191734Z shell: /usr/bin/bash -e {0}
2025-08-17T16:20:22.8191945Z env:
2025-08-17T16:20:22.8192148Z   GITHUB_SHA: 6ab2d9cc87c8e84e45f515e86b76e5352cba035f
2025-08-17T16:20:22.8192418Z ##[endgroup]
2025-08-17T16:20:22.9091299Z time="2025-08-17T16:20:22Z" level=warning msg="/home/runner/work/AWA-App/AWA-App/docker-compose.postgres.yml: the attribute `version` is obsolete, it will be ignored, please remove it to avoid potential confusion"
2025-08-17T16:20:22.9204250Z     image: minio/minio
2025-08-17T16:20:22.9232138Z ##[group]Run export COMPOSE_DOCKER_CLI_BUILD=1 DOCKER_BUILDKIT=1
2025-08-17T16:20:22.9232597Z [36;1mexport COMPOSE_DOCKER_CLI_BUILD=1 DOCKER_BUILDKIT=1[0m
2025-08-17T16:20:22.9232904Z [36;1mdocker compose ps[0m
2025-08-17T16:20:22.9272943Z shell: /usr/bin/bash -e {0}
2025-08-17T16:20:22.9273164Z env:
2025-08-17T16:20:22.9273376Z   GITHUB_SHA: 6ab2d9cc87c8e84e45f515e86b76e5352cba035f
2025-08-17T16:20:22.9273643Z ##[endgroup]
2025-08-17T16:20:23.0111404Z NAME                 IMAGE              COMMAND                  SERVICE    CREATED          STATUS                    PORTS
2025-08-17T16:20:23.0119041Z awa-app-api-1        awa-app-api        "bash /app/entrypoin…"   api        37 seconds ago   Up 31 seconds (healthy)   0.0.0.0:8000->8000/tcp, [::]:8000->8000/tcp
2025-08-17T16:20:23.0120448Z awa-app-etl-1        awa-app-etl        "/bin/bash /app/entr…"   etl        37 seconds ago   Up 31 seconds (healthy)   
2025-08-17T16:20:23.0121730Z awa-app-fees_h10-1   awa-app-fees_h10   "./start.sh celery -…"   fees_h10   37 seconds ago   Up 31 seconds (healthy)   
2025-08-17T16:20:23.0123335Z awa-app-minio-1      minio/minio        "/usr/bin/docker-ent…"   minio      37 seconds ago   Up 36 seconds             0.0.0.0:9000-9001->9000-9001/tcp, [::]:9000-9001->9000-9001/tcp
2025-08-17T16:20:23.0125135Z awa-app-postgres-1   awa-app-postgres   "docker-entrypoint.s…"   postgres   37 seconds ago   Up 36 seconds (healthy)   0.0.0.0:5432->5432/tcp, [::]:5432->5432/tcp
2025-08-17T16:20:23.0227426Z Post job cleanup.
2025-08-17T16:20:23.1175939Z [command]/usr/bin/git version
2025-08-17T16:20:23.1212357Z git version 2.50.1
2025-08-17T16:20:23.1258819Z Temporarily overriding HOME='/home/runner/work/_temp/d7dc56b4-5fb7-47d9-b513-9924178cf3f1' before making global git config changes
2025-08-17T16:20:23.1260061Z Adding repository directory to the temporary git global config as a safe directory
2025-08-17T16:20:23.1265094Z [command]/usr/bin/git config --global --add safe.directory /home/runner/work/AWA-App/AWA-App
2025-08-17T16:20:23.1301397Z [command]/usr/bin/git config --local --name-only --get-regexp core\.sshCommand
2025-08-17T16:20:23.1334868Z [command]/usr/bin/git submodule foreach --recursive sh -c "git config --local --name-only --get-regexp 'core\.sshCommand' && git config --local --unset-all 'core.sshCommand' || :"
2025-08-17T16:20:23.1558978Z [command]/usr/bin/git config --local --name-only --get-regexp http\.https\:\/\/github\.com\/\.extraheader
2025-08-17T16:20:23.1579666Z http.https://github.com/.extraheader
2025-08-17T16:20:23.1592080Z [command]/usr/bin/git config --local --unset-all http.https://github.com/.extraheader
2025-08-17T16:20:23.1621577Z [command]/usr/bin/git submodule foreach --recursive sh -c "git config --local --name-only --get-regexp 'http\.https\:\/\/github\.com\/\.extraheader' && git config --local --unset-all 'http.https://github.com/.extraheader' || :"
2025-08-17T16:20:23.1984951Z Cleaning up orphan processes
