2025-08-20T21:28:06.9369460Z Current runner version: '2.328.0'
2025-08-20T21:28:06.9393207Z ##[group]Runner Image Provisioner
2025-08-20T21:28:06.9394041Z Hosted Compute Agent
2025-08-20T21:28:06.9394641Z Version: 20250818.377
2025-08-20T21:28:06.9395245Z Commit: 3c593e9f75fe0b87e893bca80d6e12ba089c61fc
2025-08-20T21:28:06.9396039Z Build Date: 2025-08-18T14:52:18Z
2025-08-20T21:28:06.9396688Z ##[endgroup]
2025-08-20T21:28:06.9397242Z ##[group]Operating System
2025-08-20T21:28:06.9398041Z Ubuntu
2025-08-20T21:28:06.9398541Z 24.04.2
2025-08-20T21:28:06.9399038Z LTS
2025-08-20T21:28:06.9399522Z ##[endgroup]
2025-08-20T21:28:06.9400064Z ##[group]Runner Image
2025-08-20T21:28:06.9400645Z Image: ubuntu-24.04
2025-08-20T21:28:06.9401291Z Version: 20250818.1.0
2025-08-20T21:28:06.9402440Z Included Software: https://github.com/actions/runner-images/blob/ubuntu24/20250818.1/images/ubuntu/Ubuntu2404-Readme.md
2025-08-20T21:28:06.9404218Z Image Release: https://github.com/actions/runner-images/releases/tag/ubuntu24%2F20250818.1
2025-08-20T21:28:06.9405355Z ##[endgroup]
2025-08-20T21:28:06.9408354Z ##[group]GITHUB_TOKEN Permissions
2025-08-20T21:28:06.9410751Z Actions: write
2025-08-20T21:28:06.9411342Z Attestations: write
2025-08-20T21:28:06.9411931Z Checks: write
2025-08-20T21:28:06.9412471Z Contents: write
2025-08-20T21:28:06.9412985Z Deployments: write
2025-08-20T21:28:06.9413581Z Discussions: write
2025-08-20T21:28:06.9414174Z Issues: write
2025-08-20T21:28:06.9414663Z Metadata: read
2025-08-20T21:28:06.9415212Z Models: read
2025-08-20T21:28:06.9415719Z Packages: write
2025-08-20T21:28:06.9416255Z Pages: write
2025-08-20T21:28:06.9416734Z PullRequests: write
2025-08-20T21:28:06.9417401Z RepositoryProjects: write
2025-08-20T21:28:06.9418344Z SecurityEvents: write
2025-08-20T21:28:06.9419442Z Statuses: write
2025-08-20T21:28:06.9420467Z ##[endgroup]
2025-08-20T21:28:06.9423617Z Secret source: Actions
2025-08-20T21:28:06.9424882Z Prepare workflow directory
2025-08-20T21:28:06.9742314Z Prepare all required actions
2025-08-20T21:28:06.9781071Z Getting action download info
2025-08-20T21:28:07.2528020Z Download action repository 'actions/checkout@v5' (SHA:08c6903cd8c0fde910a37f88322edcfb5dd907a8)
2025-08-20T21:28:07.3419272Z Download action repository 'actions/upload-artifact@v4' (SHA:ea165f8d65b6e75b540449e92b4886f43607fa02)
2025-08-20T21:28:07.7008094Z Complete job name: compose-health
2025-08-20T21:28:07.7704126Z ##[group]Run actions/checkout@v5
2025-08-20T21:28:07.7704937Z with:
2025-08-20T21:28:07.7705341Z   repository: AlexBomber12/AWA-App
2025-08-20T21:28:07.7705986Z   token: ***
2025-08-20T21:28:07.7706364Z   ssh-strict: true
2025-08-20T21:28:07.7706761Z   ssh-user: git
2025-08-20T21:28:07.7707149Z   persist-credentials: true
2025-08-20T21:28:07.7707610Z   clean: true
2025-08-20T21:28:07.7708217Z   sparse-checkout-cone-mode: true
2025-08-20T21:28:07.7708701Z   fetch-depth: 1
2025-08-20T21:28:07.7709082Z   fetch-tags: false
2025-08-20T21:28:07.7709482Z   show-progress: true
2025-08-20T21:28:07.7709880Z   lfs: false
2025-08-20T21:28:07.7710245Z   submodules: false
2025-08-20T21:28:07.7710664Z   set-safe-directory: true
2025-08-20T21:28:07.7711358Z ##[endgroup]
2025-08-20T21:28:07.8671763Z Syncing repository: AlexBomber12/AWA-App
2025-08-20T21:28:07.8673778Z ##[group]Getting Git version info
2025-08-20T21:28:07.8674643Z Working directory is '/home/runner/work/AWA-App/AWA-App'
2025-08-20T21:28:07.8675796Z [command]/usr/bin/git version
2025-08-20T21:28:07.8681690Z git version 2.51.0
2025-08-20T21:28:07.8702674Z ##[endgroup]
2025-08-20T21:28:07.8716858Z Temporarily overriding HOME='/home/runner/work/_temp/ee0d8bb9-c64b-4664-80c0-efafcea3b98c' before making global git config changes
2025-08-20T21:28:07.8720947Z Adding repository directory to the temporary git global config as a safe directory
2025-08-20T21:28:07.8723427Z [command]/usr/bin/git config --global --add safe.directory /home/runner/work/AWA-App/AWA-App
2025-08-20T21:28:07.8756099Z Deleting the contents of '/home/runner/work/AWA-App/AWA-App'
2025-08-20T21:28:07.8759841Z ##[group]Initializing the repository
2025-08-20T21:28:07.8764015Z [command]/usr/bin/git init /home/runner/work/AWA-App/AWA-App
2025-08-20T21:28:07.8820882Z hint: Using 'master' as the name for the initial branch. This default branch name
2025-08-20T21:28:07.8823219Z hint: is subject to change. To configure the initial branch name to use in all
2025-08-20T21:28:07.8825806Z hint: of your new repositories, which will suppress this warning, call:
2025-08-20T21:28:07.8828292Z hint:
2025-08-20T21:28:07.8829743Z hint: 	git config --global init.defaultBranch <name>
2025-08-20T21:28:07.8831182Z hint:
2025-08-20T21:28:07.8832618Z hint: Names commonly chosen instead of 'master' are 'main', 'trunk' and
2025-08-20T21:28:07.8834918Z hint: 'development'. The just-created branch can be renamed via this command:
2025-08-20T21:28:07.8836617Z hint:
2025-08-20T21:28:07.8837596Z hint: 	git branch -m <name>
2025-08-20T21:28:07.8839065Z hint:
2025-08-20T21:28:07.8840228Z hint: Disable this message with "git config set advice.defaultBranchName false"
2025-08-20T21:28:07.8842109Z Initialized empty Git repository in /home/runner/work/AWA-App/AWA-App/.git/
2025-08-20T21:28:07.8844879Z [command]/usr/bin/git remote add origin https://github.com/AlexBomber12/AWA-App
2025-08-20T21:28:07.8946443Z ##[endgroup]
2025-08-20T21:28:07.8948444Z ##[group]Disabling automatic garbage collection
2025-08-20T21:28:07.8951253Z [command]/usr/bin/git config --local gc.auto 0
2025-08-20T21:28:07.8991050Z ##[endgroup]
2025-08-20T21:28:07.8991879Z ##[group]Setting up auth
2025-08-20T21:28:07.8998651Z [command]/usr/bin/git config --local --name-only --get-regexp core\.sshCommand
2025-08-20T21:28:07.9031073Z [command]/usr/bin/git submodule foreach --recursive sh -c "git config --local --name-only --get-regexp 'core\.sshCommand' && git config --local --unset-all 'core.sshCommand' || :"
2025-08-20T21:28:07.9309435Z [command]/usr/bin/git config --local --name-only --get-regexp http\.https\:\/\/github\.com\/\.extraheader
2025-08-20T21:28:07.9342293Z [command]/usr/bin/git submodule foreach --recursive sh -c "git config --local --name-only --get-regexp 'http\.https\:\/\/github\.com\/\.extraheader' && git config --local --unset-all 'http.https://github.com/.extraheader' || :"
2025-08-20T21:28:07.9590336Z [command]/usr/bin/git config --local http.https://github.com/.extraheader AUTHORIZATION: basic ***
2025-08-20T21:28:07.9627458Z ##[endgroup]
2025-08-20T21:28:07.9629296Z ##[group]Fetching the repository
2025-08-20T21:28:07.9639097Z [command]/usr/bin/git -c protocol.version=2 fetch --no-tags --prune --no-recurse-submodules --depth=1 origin +8662cc9525ec3953e0e40629b80b57e3fced61f2:refs/remotes/origin/main
2025-08-20T21:28:08.2008099Z From https://github.com/AlexBomber12/AWA-App
2025-08-20T21:28:08.2010556Z  * [new ref]         8662cc9525ec3953e0e40629b80b57e3fced61f2 -> origin/main
2025-08-20T21:28:08.2039874Z ##[endgroup]
2025-08-20T21:28:08.2040930Z ##[group]Determining the checkout info
2025-08-20T21:28:08.2042432Z ##[endgroup]
2025-08-20T21:28:08.2047946Z [command]/usr/bin/git sparse-checkout disable
2025-08-20T21:28:08.2088368Z [command]/usr/bin/git config --local --unset-all extensions.worktreeConfig
2025-08-20T21:28:08.2116156Z ##[group]Checking out the ref
2025-08-20T21:28:08.2120312Z [command]/usr/bin/git checkout --progress --force -B main refs/remotes/origin/main
2025-08-20T21:28:08.2473611Z Switched to a new branch 'main'
2025-08-20T21:28:08.2475625Z branch 'main' set up to track 'origin/main'.
2025-08-20T21:28:08.2484797Z ##[endgroup]
2025-08-20T21:28:08.2526592Z [command]/usr/bin/git log -1 --format=%H
2025-08-20T21:28:08.2551906Z 8662cc9525ec3953e0e40629b80b57e3fced61f2
2025-08-20T21:28:08.2771422Z ##[group]Run echo "GITHUB_SHA=${GITHUB_SHA}" >> "$GITHUB_ENV"
2025-08-20T21:28:08.2772787Z [36;1mecho "GITHUB_SHA=${GITHUB_SHA}" >> "$GITHUB_ENV"[0m
2025-08-20T21:28:08.2841294Z shell: /usr/bin/bash -e {0}
2025-08-20T21:28:08.2842145Z ##[endgroup]
2025-08-20T21:28:08.2992356Z ##[group]Run export COMPOSE_DOCKER_CLI_BUILD=1 DOCKER_BUILDKIT=1
2025-08-20T21:28:08.2993849Z [36;1mexport COMPOSE_DOCKER_CLI_BUILD=1 DOCKER_BUILDKIT=1[0m
2025-08-20T21:28:08.2995397Z [36;1mdocker compose --progress=plain \[0m
2025-08-20T21:28:08.2996337Z [36;1m  -f docker-compose.yml \[0m
2025-08-20T21:28:08.2997195Z [36;1m  -f docker-compose.ci.yml \[0m
2025-08-20T21:28:08.2998476Z [36;1m  -f docker-compose.postgres.yml \[0m
2025-08-20T21:28:08.2999378Z [36;1m  build[0m
2025-08-20T21:28:08.3038371Z shell: /usr/bin/bash -e {0}
2025-08-20T21:28:08.3039169Z env:
2025-08-20T21:28:08.3039889Z   GITHUB_SHA: 8662cc9525ec3953e0e40629b80b57e3fced61f2
2025-08-20T21:28:08.3040988Z ##[endgroup]
2025-08-20T21:28:17.3360675Z #1 [internal] load local bake definitions
2025-08-20T21:28:17.4864277Z #1 reading from stdin 1.88kB done
2025-08-20T21:28:17.4865116Z #1 DONE 0.0s
2025-08-20T21:28:17.6879539Z 
2025-08-20T21:28:17.6880889Z #2 [api internal] load build definition from Dockerfile
2025-08-20T21:28:17.6882034Z #2 transferring dockerfile: 1.48kB done
2025-08-20T21:28:17.6883514Z #2 DONE 0.0s
2025-08-20T21:28:17.6883816Z 
2025-08-20T21:28:17.6884211Z #3 [fees_h10 internal] load build definition from Dockerfile
2025-08-20T21:28:17.6884972Z #3 transferring dockerfile: 962B done
2025-08-20T21:28:17.6885569Z #3 DONE 0.0s
2025-08-20T21:28:17.6885846Z 
2025-08-20T21:28:17.6886214Z #4 [postgres internal] load build definition from Dockerfile
2025-08-20T21:28:17.6887033Z #4 transferring dockerfile: 807B done
2025-08-20T21:28:17.6887595Z #4 DONE 0.0s
2025-08-20T21:28:17.6888111Z 
2025-08-20T21:28:17.6888487Z #5 [celery_worker internal] load build definition from Dockerfile
2025-08-20T21:28:17.6889320Z #5 transferring dockerfile: 1.15kB done
2025-08-20T21:28:17.6889992Z #5 DONE 0.0s
2025-08-20T21:28:17.6890232Z 
2025-08-20T21:28:17.6890632Z #6 [auth] docker/dockerfile:pull token for registry-1.docker.io
2025-08-20T21:28:17.6891313Z #6 DONE 0.0s
2025-08-20T21:28:17.6891576Z 
2025-08-20T21:28:17.6891929Z #7 [auth] library/postgres:pull token for registry-1.docker.io
2025-08-20T21:28:17.6892619Z #7 DONE 0.0s
2025-08-20T21:28:17.6892865Z 
2025-08-20T21:28:17.6893469Z #8 [celery_worker] resolve image config for docker-image://docker.io/docker/dockerfile:1.6
2025-08-20T21:28:17.7914887Z #8 ...
2025-08-20T21:28:17.7915269Z 
2025-08-20T21:28:17.7915846Z #9 [postgres internal] load metadata for docker.io/library/postgres:16
2025-08-20T21:28:17.7916852Z #9 DONE 0.3s
2025-08-20T21:28:17.9098273Z 
2025-08-20T21:28:17.9098900Z #10 [postgres internal] load .dockerignore
2025-08-20T21:28:17.9099992Z #10 transferring context: 265B done
2025-08-20T21:28:17.9100681Z #10 DONE 0.0s
2025-08-20T21:28:17.9100892Z 
2025-08-20T21:28:17.9101097Z #11 [postgres internal] load build context
2025-08-20T21:28:17.9101625Z #11 transferring context: 582B done
2025-08-20T21:28:17.9102075Z #11 DONE 0.0s
2025-08-20T21:28:17.9102285Z 
2025-08-20T21:28:17.9103001Z #8 [etl] resolve image config for docker-image://docker.io/docker/dockerfile:1.6
2025-08-20T21:28:17.9103844Z #8 DONE 0.3s
2025-08-20T21:28:17.9104185Z 
2025-08-20T21:28:17.9105667Z #12 [fees_h10] docker-image://docker.io/docker/dockerfile:1.6@sha256:ac85f380a63b13dfcefa89046420e1781752bab202122f8f50032edf31be0021
2025-08-20T21:28:17.9107248Z #12 resolve docker.io/docker/dockerfile:1.6@sha256:ac85f380a63b13dfcefa89046420e1781752bab202122f8f50032edf31be0021 done
2025-08-20T21:28:18.0100012Z #12 sha256:ac85f380a63b13dfcefa89046420e1781752bab202122f8f50032edf31be0021 8.40kB / 8.40kB done
2025-08-20T21:28:18.0101114Z #12 sha256:657fcc512c7369f4cb3d94ea329150f8daf626bc838b1a1e81f1834c73ecc77e 482B / 482B done
2025-08-20T21:28:18.0102081Z #12 sha256:a17ee7fff8f5e97b974f5b48f51647d2cf28d543f2aa6c11aaa0ea431b44bb89 1.27kB / 1.27kB done
2025-08-20T21:28:18.5254203Z #12 sha256:9d9c93f4b00be908ab694a4df732570bced3b8a96b7515d70ff93402179ad232 11.80MB / 11.80MB 0.7s done
2025-08-20T21:28:18.5256007Z #12 extracting sha256:9d9c93f4b00be908ab694a4df732570bced3b8a96b7515d70ff93402179ad232
2025-08-20T21:28:18.6401698Z #12 sha256:9d9c93f4b00be908ab694a4df732570bced3b8a96b7515d70ff93402179ad232 11.80MB / 11.80MB 0.7s done
2025-08-20T21:28:18.6403191Z #12 extracting sha256:9d9c93f4b00be908ab694a4df732570bced3b8a96b7515d70ff93402179ad232 0.1s done
2025-08-20T21:28:18.7750937Z #12 extracting sha256:9d9c93f4b00be908ab694a4df732570bced3b8a96b7515d70ff93402179ad232 0.1s done
2025-08-20T21:28:18.7756911Z #12 DONE 0.8s
2025-08-20T21:28:18.7760191Z 
2025-08-20T21:28:18.7763552Z #13 [postgres 1/6] FROM docker.io/library/postgres:16@sha256:66a5efb5677ffac1037774a0e141fd3a4c035c9c0c0e624c9cc980dfa10f45e5
2025-08-20T21:28:18.7764955Z #13 resolve docker.io/library/postgres:16@sha256:66a5efb5677ffac1037774a0e141fd3a4c035c9c0c0e624c9cc980dfa10f45e5 done
2025-08-20T21:28:18.7766027Z #13 sha256:66a5efb5677ffac1037774a0e141fd3a4c035c9c0c0e624c9cc980dfa10f45e5 10.24kB / 10.24kB done
2025-08-20T21:28:18.7767021Z #13 sha256:534f45d26d937460abe84bd086361a04c27e624a23f9384ff13f11c24c64c7bb 1.45MB / 1.45MB 0.1s done
2025-08-20T21:28:18.7777545Z #13 sha256:3084fa1fadd59e7633ec56d318f1e4de01be744f446c5c35df7cd801fbc34894 3.63kB / 3.63kB done
2025-08-20T21:28:18.7778992Z #13 sha256:396b1da7636e2dcd10565cb4f2f952cbb4a8a38b58d3b86a2cacb172fb70117c 29.77MB / 29.77MB 0.6s done
2025-08-20T21:28:18.7780331Z #13 sha256:fb850b0e3049060bf4eb46c8806d7ceea916d67e5cc56d6b295511e27463e56b 1.17kB / 1.17kB 0.0s done
2025-08-20T21:28:18.7781617Z #13 sha256:4b802c5161ddfa2ae4beac272c4e24aa5e162a20451c8489cbb952a88507732f 9.89kB / 9.89kB done
2025-08-20T21:28:18.7782828Z #13 sha256:7f09385d08f9e8f578f9dad57582fff30d6ca3ef0f4d66ab5e1bf92c88862341 6.44MB / 6.44MB 0.2s done
2025-08-20T21:28:18.7784188Z #13 sha256:2b6532633f5d125e9a709f56f26af5a07390c859a5c77142b74da1d4e3c79fee 8.20MB / 8.20MB 0.3s done
2025-08-20T21:28:18.7785398Z #13 sha256:320fa150e60fca9bb108771a06f08d5464ad8b7474b7bf3f4b44d723b686ee72 1.31MB / 1.31MB 0.3s done
2025-08-20T21:28:18.7786553Z #13 sha256:19947f6cc5d3035f6c922fa1d6047c79e044256ad948080adb59cec60717b9f8 116B / 116B 0.3s done
2025-08-20T21:28:18.7788004Z #13 sha256:e787bdd7824bfcb30d11087160de825f724620c952958f4f725c13421499b724 3.14kB / 3.14kB 0.3s done
2025-08-20T21:28:18.7789180Z #13 sha256:a858bd6d34e86a481a2e028e3ba489e662b3ac7713eba9a5d3bb97002c7d797e 128B / 128B 0.4s done
2025-08-20T21:28:18.7790339Z #13 sha256:a1e4ad56dcecf442fba1cec05cd565ededfdc663e5172df9ef9394d96d4c96f8 46.14MB / 113.19MB 0.9s
2025-08-20T21:28:18.7791455Z #13 sha256:987c1b4919ea2d87df20824aaef43a9de0575ac7df684579ad267c7e48c8eeea 10.01kB / 10.01kB 0.4s done
2025-08-20T21:28:18.7792504Z #13 sha256:f1b3502db45ad485f0affe43e32fc81d699ddac01c023f198271a0a7e1cecd4c 169B / 169B 0.4s done
2025-08-20T21:28:18.7793665Z #13 sha256:240810240d04caaaccb11d51ba7c3a7f7d6f470ec2a80ee420a3d33899d9a303 184B / 184B 0.5s done
2025-08-20T21:28:18.7794793Z #13 sha256:25ef78fb127c1934630de29a3d38f46e544360b1dcf5cfc09b25507fbe88fd75 5.92kB / 5.92kB 0.5s done
2025-08-20T21:28:18.7795866Z #13 extracting sha256:396b1da7636e2dcd10565cb4f2f952cbb4a8a38b58d3b86a2cacb172fb70117c 0.2s
2025-08-20T21:28:18.9075798Z #13 ...
2025-08-20T21:28:18.9076736Z 
2025-08-20T21:28:18.9077347Z #14 [etl internal] load build definition from Dockerfile
2025-08-20T21:28:18.9078598Z #14 transferring dockerfile: 1.15kB done
2025-08-20T21:28:18.9079519Z #14 DONE 0.0s
2025-08-20T21:28:18.9079745Z 
2025-08-20T21:28:18.9080100Z #15 [celery_worker internal] load build definition from Dockerfile
2025-08-20T21:28:18.9080722Z #15 transferring dockerfile: 1.15kB done
2025-08-20T21:28:18.9081269Z #15 DONE 0.0s
2025-08-20T21:28:18.9081492Z 
2025-08-20T21:28:18.9081790Z #16 [auth] library/python:pull token for registry-1.docker.io
2025-08-20T21:28:18.9082143Z #16 DONE 0.0s
2025-08-20T21:28:18.9082262Z 
2025-08-20T21:28:18.9082683Z #13 [postgres 1/6] FROM docker.io/library/postgres:16@sha256:66a5efb5677ffac1037774a0e141fd3a4c035c9c0c0e624c9cc980dfa10f45e5
2025-08-20T21:28:19.0094488Z #13 sha256:a1e4ad56dcecf442fba1cec05cd565ededfdc663e5172df9ef9394d96d4c96f8 61.87MB / 113.19MB 1.2s
2025-08-20T21:28:19.2096665Z #13 ...
2025-08-20T21:28:19.2099117Z 
2025-08-20T21:28:19.2099790Z #17 [fees_h10 internal] load metadata for docker.io/library/python:3.12-slim
2025-08-20T21:28:19.2101054Z #17 DONE 0.3s
2025-08-20T21:28:19.2101350Z 
2025-08-20T21:28:19.2101708Z #18 [etl internal] load .dockerignore
2025-08-20T21:28:19.2102157Z #18 transferring context: 265B done
2025-08-20T21:28:19.2102570Z #18 DONE 0.0s
2025-08-20T21:28:19.2102799Z 
2025-08-20T21:28:19.2103172Z #19 [fees_h10 internal] load .dockerignore
2025-08-20T21:28:19.2104179Z #19 transferring context: 2B done
2025-08-20T21:28:19.2108395Z #19 DONE 0.0s
2025-08-20T21:28:19.2108660Z 
2025-08-20T21:28:19.2108858Z #20 [api internal] load .dockerignore
2025-08-20T21:28:19.2109424Z #20 transferring context: 265B done
2025-08-20T21:28:19.2109924Z #20 DONE 0.0s
2025-08-20T21:28:19.2110145Z 
2025-08-20T21:28:19.2110363Z #21 [celery_worker internal] load .dockerignore
2025-08-20T21:28:19.2110935Z #21 transferring context: 265B done
2025-08-20T21:28:19.2111357Z #21 DONE 0.0s
2025-08-20T21:28:19.2111567Z 
2025-08-20T21:28:19.2112288Z #13 [postgres 1/6] FROM docker.io/library/postgres:16@sha256:66a5efb5677ffac1037774a0e141fd3a4c035c9c0c0e624c9cc980dfa10f45e5
2025-08-20T21:28:19.2113748Z #13 sha256:a1e4ad56dcecf442fba1cec05cd565ededfdc663e5172df9ef9394d96d4c96f8 68.16MB / 113.19MB 1.4s
2025-08-20T21:28:19.3100784Z #13 sha256:a1e4ad56dcecf442fba1cec05cd565ededfdc663e5172df9ef9394d96d4c96f8 74.45MB / 113.19MB 1.5s
2025-08-20T21:28:19.9096457Z #13 sha256:a1e4ad56dcecf442fba1cec05cd565ededfdc663e5172df9ef9394d96d4c96f8 89.13MB / 113.19MB 2.1s
2025-08-20T21:28:20.0097432Z #13 sha256:a1e4ad56dcecf442fba1cec05cd565ededfdc663e5172df9ef9394d96d4c96f8 100.66MB / 113.19MB 2.2s
2025-08-20T21:28:20.1515680Z #13 ...
2025-08-20T21:28:20.1516559Z 
2025-08-20T21:28:20.1517213Z #22 [celery_worker internal] load build context
2025-08-20T21:28:20.1517866Z #22 transferring context: 25.47kB 0.0s done
2025-08-20T21:28:20.1518306Z #22 DONE 0.0s
2025-08-20T21:28:20.1518479Z 
2025-08-20T21:28:20.1518687Z #23 [fees_h10 internal] load build context
2025-08-20T21:28:20.1519253Z #23 transferring context: 8.31kB 0.0s done
2025-08-20T21:28:20.1519702Z #23 DONE 0.0s
2025-08-20T21:28:20.1519917Z 
2025-08-20T21:28:20.1520076Z #24 [api internal] load build context
2025-08-20T21:28:20.1520603Z #24 transferring context: 157.28kB 0.0s done
2025-08-20T21:28:20.1521166Z #24 DONE 0.1s
2025-08-20T21:28:20.1521366Z 
2025-08-20T21:28:20.1521816Z #25 [etl internal] load build context
2025-08-20T21:28:20.1522334Z #25 transferring context: 25.47kB done
2025-08-20T21:28:20.1522819Z #25 DONE 0.1s
2025-08-20T21:28:20.1523570Z 
2025-08-20T21:28:20.1525253Z #13 [postgres 1/6] FROM docker.io/library/postgres:16@sha256:66a5efb5677ffac1037774a0e141fd3a4c035c9c0c0e624c9cc980dfa10f45e5
2025-08-20T21:28:20.1528222Z #13 sha256:a1e4ad56dcecf442fba1cec05cd565ededfdc663e5172df9ef9394d96d4c96f8 113.19MB / 113.19MB 2.3s
2025-08-20T21:28:20.2525419Z #13 sha256:a1e4ad56dcecf442fba1cec05cd565ededfdc663e5172df9ef9394d96d4c96f8 113.19MB / 113.19MB 2.3s done
2025-08-20T21:28:20.2528815Z #13 extracting sha256:396b1da7636e2dcd10565cb4f2f952cbb4a8a38b58d3b86a2cacb172fb70117c 1.7s done
2025-08-20T21:28:20.2530264Z #13 extracting sha256:fb850b0e3049060bf4eb46c8806d7ceea916d67e5cc56d6b295511e27463e56b done
2025-08-20T21:28:20.2543961Z #13 extracting sha256:7f09385d08f9e8f578f9dad57582fff30d6ca3ef0f4d66ab5e1bf92c88862341
2025-08-20T21:28:20.4859319Z #13 extracting sha256:7f09385d08f9e8f578f9dad57582fff30d6ca3ef0f4d66ab5e1bf92c88862341 0.2s done
2025-08-20T21:28:20.4860675Z #13 extracting sha256:534f45d26d937460abe84bd086361a04c27e624a23f9384ff13f11c24c64c7bb
2025-08-20T21:28:20.6428568Z #13 extracting sha256:534f45d26d937460abe84bd086361a04c27e624a23f9384ff13f11c24c64c7bb 0.0s done
2025-08-20T21:28:20.6431166Z #13 extracting sha256:2b6532633f5d125e9a709f56f26af5a07390c859a5c77142b74da1d4e3c79fee 0.1s
2025-08-20T21:28:20.9643378Z #13 extracting sha256:2b6532633f5d125e9a709f56f26af5a07390c859a5c77142b74da1d4e3c79fee 0.4s done
2025-08-20T21:28:21.0812681Z #13 extracting sha256:320fa150e60fca9bb108771a06f08d5464ad8b7474b7bf3f4b44d723b686ee72 0.1s done
2025-08-20T21:28:21.1875452Z #13 extracting sha256:19947f6cc5d3035f6c922fa1d6047c79e044256ad948080adb59cec60717b9f8 done
2025-08-20T21:28:21.1879954Z #13 extracting sha256:e787bdd7824bfcb30d11087160de825f724620c952958f4f725c13421499b724 done
2025-08-20T21:28:21.2995752Z #13 ...
2025-08-20T21:28:21.2996028Z 
2025-08-20T21:28:21.2996708Z #26 [etl base  1/13] FROM docker.io/library/python:3.12-slim@sha256:d67a7b66b989ad6b6d6b10d428dcc5e0bfc3e5f88906e67d490c4d3daac57047
2025-08-20T21:28:21.2998366Z #26 resolve docker.io/library/python:3.12-slim@sha256:d67a7b66b989ad6b6d6b10d428dcc5e0bfc3e5f88906e67d490c4d3daac57047 done
2025-08-20T21:28:21.2999630Z #26 extracting sha256:396b1da7636e2dcd10565cb4f2f952cbb4a8a38b58d3b86a2cacb172fb70117c 0.1s done
2025-08-20T21:28:21.3000728Z #26 sha256:d67a7b66b989ad6b6d6b10d428dcc5e0bfc3e5f88906e67d490c4d3daac57047 10.37kB / 10.37kB done
2025-08-20T21:28:21.3001856Z #26 sha256:8f3d1de1b41cd7340a89b024d6f7a10043f7b0d07d97eb36ba76f22fcfa9a235 1.75kB / 1.75kB done
2025-08-20T21:28:21.3002951Z #26 sha256:bad5eac7befe06d25bef9d4d894d7467355bac08745c745a88977774933fa032 5.58kB / 5.58kB done
2025-08-20T21:28:21.3004042Z #26 sha256:5d587318e932a89b94608393c99dd30ee5092a6991c1656f717bd4f4e13d60df 1.29MB / 1.29MB 0.1s done
2025-08-20T21:28:21.3005166Z #26 sha256:e5c05dcf47fbdb2f18dc242ad1b7f48fbd3813c0027ffcfb8e81e4aa7e0965f4 12.11MB / 12.11MB 0.4s done
2025-08-20T21:28:21.3006350Z #26 sha256:d76206d463c08ba2a3f7bbab2de2a933ad73f33ab4ab813eafe50c9dff9edc12 251B / 251B 0.1s done
2025-08-20T21:28:21.3019533Z #26 extracting sha256:5d587318e932a89b94608393c99dd30ee5092a6991c1656f717bd4f4e13d60df 0.2s done
2025-08-20T21:28:21.3020714Z #26 extracting sha256:e5c05dcf47fbdb2f18dc242ad1b7f48fbd3813c0027ffcfb8e81e4aa7e0965f4 0.8s done
2025-08-20T21:28:21.3021767Z #26 extracting sha256:d76206d463c08ba2a3f7bbab2de2a933ad73f33ab4ab813eafe50c9dff9edc12 done
2025-08-20T21:28:21.3022475Z #26 DONE 1.2s
2025-08-20T21:28:21.3022663Z 
2025-08-20T21:28:21.3022839Z #27 [fees_h10 base  2/13] WORKDIR /app
2025-08-20T21:28:21.3023225Z #27 DONE 0.0s
2025-08-20T21:28:21.3023393Z 
2025-08-20T21:28:21.3023677Z #28 [api base  3/13] COPY services/api/requirements.txt ./requirements.txt
2025-08-20T21:28:21.3024227Z #28 DONE 0.0s
2025-08-20T21:28:21.3024400Z 
2025-08-20T21:28:21.3035286Z #13 [postgres 1/6] FROM docker.io/library/postgres:16@sha256:66a5efb5677ffac1037774a0e141fd3a4c035c9c0c0e624c9cc980dfa10f45e5
2025-08-20T21:28:21.3036847Z #13 extracting sha256:a1e4ad56dcecf442fba1cec05cd565ededfdc663e5172df9ef9394d96d4c96f8
2025-08-20T21:28:21.4232483Z #13 ...
2025-08-20T21:28:21.4260977Z 
2025-08-20T21:28:21.4261666Z #29 [etl base 3/5] COPY services/etl/requirements*.txt services/etl/constraints.txt ./
2025-08-20T21:28:21.4262363Z #29 DONE 0.0s
2025-08-20T21:28:21.4262555Z 
2025-08-20T21:28:21.4262852Z #30 [fees_h10 base 3/6] COPY requirements*.txt constraints.txt ./fees_h10/
2025-08-20T21:28:21.4263368Z #30 DONE 0.0s
2025-08-20T21:28:21.4263528Z 
2025-08-20T21:28:21.4264160Z #13 [postgres 1/6] FROM docker.io/library/postgres:16@sha256:66a5efb5677ffac1037774a0e141fd3a4c035c9c0c0e624c9cc980dfa10f45e5
2025-08-20T21:28:26.3925215Z #13 extracting sha256:a1e4ad56dcecf442fba1cec05cd565ededfdc663e5172df9ef9394d96d4c96f8 5.1s
2025-08-20T21:28:27.4936986Z #13 ...
2025-08-20T21:28:27.4938053Z 
2025-08-20T21:28:27.4943546Z #31 [fees_h10 base 4/6] RUN if [ -n "" ] && [ -f "fees_h10/" ]; then         pip install -r fees_h10/requirements.txt -c fees_h10/;     else         pip install -r fees_h10/requirements.txt;     fi
2025-08-20T21:28:27.4944940Z #31 2.911 Collecting celery==5.4.* (from celery[redis]==5.4.*->-r fees_h10/requirements.txt (line 1))
2025-08-20T21:28:27.4945850Z #31 2.962   Downloading celery-5.4.0-py3-none-any.whl.metadata (21 kB)
2025-08-20T21:28:27.4946601Z #31 3.064 Collecting asyncpg (from -r fees_h10/requirements.txt (line 2))
2025-08-20T21:28:27.4948099Z #31 3.070   Downloading asyncpg-0.30.0-cp312-cp312-manylinux_2_17_x86_64.manylinux2014_x86_64.whl.metadata (5.0 kB)
2025-08-20T21:28:27.4949109Z #31 3.123 Collecting httpx (from -r fees_h10/requirements.txt (line 3))
2025-08-20T21:28:27.4949863Z #31 3.130   Downloading httpx-0.28.1-py3-none-any.whl.metadata (7.1 kB)
2025-08-20T21:28:27.4950938Z #31 3.606 Collecting sqlalchemy (from -r fees_h10/requirements.txt (line 4))
2025-08-20T21:28:27.4951953Z #31 3.611   Downloading sqlalchemy-2.0.43-cp312-cp312-manylinux_2_17_x86_64.manylinux2014_x86_64.whl.metadata (9.6 kB)
2025-08-20T21:28:27.4953336Z #31 3.681 Collecting billiard<5.0,>=4.2.0 (from celery==5.4.*->celery[redis]==5.4.*->-r fees_h10/requirements.txt (line 1))
2025-08-20T21:28:27.4954213Z #31 3.691   Downloading billiard-4.2.1-py3-none-any.whl.metadata (4.4 kB)
2025-08-20T21:28:27.4955160Z #31 3.784 Collecting kombu<6.0,>=5.3.4 (from celery==5.4.*->celery[redis]==5.4.*->-r fees_h10/requirements.txt (line 1))
2025-08-20T21:28:27.4956041Z #31 3.794   Downloading kombu-5.5.4-py3-none-any.whl.metadata (3.5 kB)
2025-08-20T21:28:27.4956909Z #31 3.827 Collecting vine<6.0,>=5.1.0 (from celery==5.4.*->celery[redis]==5.4.*->-r fees_h10/requirements.txt (line 1))
2025-08-20T21:28:27.4958077Z #31 3.831   Downloading vine-5.1.0-py3-none-any.whl.metadata (2.7 kB)
2025-08-20T21:28:27.4958962Z #31 3.862 Collecting click<9.0,>=8.1.2 (from celery==5.4.*->celery[redis]==5.4.*->-r fees_h10/requirements.txt (line 1))
2025-08-20T21:28:27.4959834Z #31 3.866   Downloading click-8.2.1-py3-none-any.whl.metadata (2.5 kB)
2025-08-20T21:28:27.4960810Z #31 3.881 Collecting click-didyoumean>=0.3.0 (from celery==5.4.*->celery[redis]==5.4.*->-r fees_h10/requirements.txt (line 1))
2025-08-20T21:28:27.4961869Z #31 3.885   Downloading click_didyoumean-0.3.1-py3-none-any.whl.metadata (3.9 kB)
2025-08-20T21:28:27.4962872Z #31 3.910 Collecting click-repl>=0.2.0 (from celery==5.4.*->celery[redis]==5.4.*->-r fees_h10/requirements.txt (line 1))
2025-08-20T21:28:27.4963824Z #31 3.918   Downloading click_repl-0.3.0-py3-none-any.whl.metadata (3.6 kB)
2025-08-20T21:28:27.4965094Z #31 3.944 Collecting click-plugins>=1.1.1 (from celery==5.4.*->celery[redis]==5.4.*->-r fees_h10/requirements.txt (line 1))
2025-08-20T21:28:27.5061169Z #31 3.951   Downloading click_plugins-1.1.1.2-py2.py3-none-any.whl.metadata (6.5 kB)
2025-08-20T21:28:27.5062713Z #31 4.002 Collecting tzdata>=2022.7 (from celery==5.4.*->celery[redis]==5.4.*->-r fees_h10/requirements.txt (line 1))
2025-08-20T21:28:27.5065289Z #31 4.010   Downloading tzdata-2025.2-py2.py3-none-any.whl.metadata (1.4 kB)
2025-08-20T21:28:27.5066322Z #31 4.064 Collecting python-dateutil>=2.8.2 (from celery==5.4.*->celery[redis]==5.4.*->-r fees_h10/requirements.txt (line 1))
2025-08-20T21:28:27.5067375Z #31 4.072   Downloading python_dateutil-2.9.0.post0-py2.py3-none-any.whl.metadata (8.4 kB)
2025-08-20T21:28:27.5068646Z #31 4.160 Collecting redis!=4.5.5,<6.0.0,>=4.5.2 (from celery[redis]==5.4.*->-r fees_h10/requirements.txt (line 1))
2025-08-20T21:28:27.5069522Z #31 4.162   Downloading redis-5.3.1-py3-none-any.whl.metadata (9.2 kB)
2025-08-20T21:28:27.5070279Z #31 4.206 Collecting anyio (from httpx->-r fees_h10/requirements.txt (line 3))
2025-08-20T21:28:27.5071036Z #31 4.208   Downloading anyio-4.10.0-py3-none-any.whl.metadata (4.0 kB)
2025-08-20T21:28:27.5071806Z #31 4.244 Collecting certifi (from httpx->-r fees_h10/requirements.txt (line 3))
2025-08-20T21:28:27.5072595Z #31 4.250   Downloading certifi-2025.8.3-py3-none-any.whl.metadata (2.4 kB)
2025-08-20T21:28:27.5073384Z #31 4.280 Collecting httpcore==1.* (from httpx->-r fees_h10/requirements.txt (line 3))
2025-08-20T21:28:27.5074184Z #31 4.285   Downloading httpcore-1.0.9-py3-none-any.whl.metadata (21 kB)
2025-08-20T21:28:27.5074937Z #31 4.317 Collecting idna (from httpx->-r fees_h10/requirements.txt (line 3))
2025-08-20T21:28:27.5075634Z #31 4.322   Downloading idna-3.10-py3-none-any.whl.metadata (10 kB)
2025-08-20T21:28:27.5076385Z #31 4.345 Collecting h11>=0.16 (from httpcore==1.*->httpx->-r fees_h10/requirements.txt (line 3))
2025-08-20T21:28:27.5178784Z #31 4.350   Downloading h11-0.16.0-py3-none-any.whl.metadata (8.3 kB)
2025-08-20T21:28:27.5180293Z #31 4.541 Collecting greenlet>=1 (from sqlalchemy->-r fees_h10/requirements.txt (line 4))
2025-08-20T21:28:27.5182253Z #31 4.545   Downloading greenlet-3.2.4-cp312-cp312-manylinux_2_24_x86_64.manylinux_2_28_x86_64.whl.metadata (4.1 kB)
2025-08-20T21:28:27.5184590Z #31 4.581 Collecting typing-extensions>=4.6.0 (from sqlalchemy->-r fees_h10/requirements.txt (line 4))
2025-08-20T21:28:27.5186408Z #31 4.588   Downloading typing_extensions-4.14.1-py3-none-any.whl.metadata (3.0 kB)
2025-08-20T21:28:27.5188701Z #31 4.669 Collecting prompt-toolkit>=3.0.36 (from click-repl>=0.2.0->celery==5.4.*->celery[redis]==5.4.*->-r fees_h10/requirements.txt (line 1))
2025-08-20T21:28:27.5190804Z #31 4.673   Downloading prompt_toolkit-3.0.51-py3-none-any.whl.metadata (6.4 kB)
2025-08-20T21:28:27.5192581Z #31 4.741 Collecting amqp<6.0.0,>=5.1.1 (from kombu<6.0,>=5.3.4->celery==5.4.*->celery[redis]==5.4.*->-r fees_h10/requirements.txt (line 1))
2025-08-20T21:28:27.5194342Z #31 4.748   Downloading amqp-5.3.1-py3-none-any.whl.metadata (8.9 kB)
2025-08-20T21:28:27.5195823Z #31 4.797 Collecting packaging (from kombu<6.0,>=5.3.4->celery==5.4.*->celery[redis]==5.4.*->-r fees_h10/requirements.txt (line 1))
2025-08-20T21:28:27.5198594Z #31 4.803   Downloading packaging-25.0-py3-none-any.whl.metadata (3.3 kB)
2025-08-20T21:28:27.5199707Z #31 4.832 Collecting six>=1.5 (from python-dateutil>=2.8.2->celery==5.4.*->celery[redis]==5.4.*->-r fees_h10/requirements.txt (line 1))
2025-08-20T21:28:27.5200819Z #31 4.840   Downloading six-1.17.0-py2.py3-none-any.whl.metadata (1.7 kB)
2025-08-20T21:28:27.5201820Z #31 4.871 Collecting PyJWT>=2.9.0 (from redis!=4.5.5,<6.0.0,>=4.5.2->celery[redis]==5.4.*->-r fees_h10/requirements.txt (line 1))
2025-08-20T21:28:27.5202810Z #31 4.879   Downloading PyJWT-2.10.1-py3-none-any.whl.metadata (4.0 kB)
2025-08-20T21:28:27.5203713Z #31 4.926 Collecting sniffio>=1.1 (from anyio->httpx->-r fees_h10/requirements.txt (line 3))
2025-08-20T21:28:27.5204606Z #31 4.933   Downloading sniffio-1.3.1-py3-none-any.whl.metadata (3.9 kB)
2025-08-20T21:28:27.5205765Z #31 4.981 Collecting wcwidth (from prompt-toolkit>=3.0.36->click-repl>=0.2.0->celery==5.4.*->celery[redis]==5.4.*->-r fees_h10/requirements.txt (line 1))
2025-08-20T21:28:27.5206674Z #31 4.986   Downloading wcwidth-0.2.13-py2.py3-none-any.whl.metadata (14 kB)
2025-08-20T21:28:27.5207475Z #31 5.031 Downloading celery-5.4.0-py3-none-any.whl (425 kB)
2025-08-20T21:28:27.5208454Z #31 5.046 Downloading asyncpg-0.30.0-cp312-cp312-manylinux_2_17_x86_64.manylinux2014_x86_64.whl (3.6 MB)
2025-08-20T21:28:27.5209791Z #31 5.087    ━━━━━━━━━━━━━━━━━━━━━━━━━━━━━━━━━━━━━━━━ 3.6/3.6 MB 100.6 MB/s eta 0:00:00
2025-08-20T21:28:27.5210519Z #31 5.091 Downloading httpx-0.28.1-py3-none-any.whl (73 kB)
2025-08-20T21:28:27.5211149Z #31 5.100 Downloading httpcore-1.0.9-py3-none-any.whl (78 kB)
2025-08-20T21:28:27.5212182Z #31 5.117 Downloading sqlalchemy-2.0.43-cp312-cp312-manylinux_2_17_x86_64.manylinux2014_x86_64.whl (3.3 MB)
2025-08-20T21:28:27.5213423Z #31 5.167    ━━━━━━━━━━━━━━━━━━━━━━━━━━━━━━━━━━━━━━━━ 3.3/3.3 MB 81.7 MB/s eta 0:00:00
2025-08-20T21:28:27.5214287Z #31 5.174 Downloading billiard-4.2.1-py3-none-any.whl (86 kB)
2025-08-20T21:28:27.5214989Z #31 5.183 Downloading click-8.2.1-py3-none-any.whl (102 kB)
2025-08-20T21:28:27.5216079Z #31 5.194 Downloading click_didyoumean-0.3.1-py3-none-any.whl (3.6 kB)
2025-08-20T21:28:27.5217005Z #31 5.201 Downloading click_plugins-1.1.1.2-py2.py3-none-any.whl (11 kB)
2025-08-20T21:28:27.5217995Z #31 5.208 Downloading click_repl-0.3.0-py3-none-any.whl (10 kB)
2025-08-20T21:28:27.5219121Z #31 5.225 Downloading greenlet-3.2.4-cp312-cp312-manylinux_2_24_x86_64.manylinux_2_28_x86_64.whl (607 kB)
2025-08-20T21:28:27.5220535Z #31 5.236    ━━━━━━━━━━━━━━━━━━━━━━━━━━━━━━━━━━━━━━━━ 607.6/607.6 kB 69.0 MB/s eta 0:00:00
2025-08-20T21:28:27.5221471Z #31 5.245 Downloading kombu-5.5.4-py3-none-any.whl (210 kB)
2025-08-20T21:28:27.5222261Z #31 5.257 Downloading vine-5.1.0-py3-none-any.whl (9.6 kB)
2025-08-20T21:28:27.5223224Z #31 5.264 Downloading python_dateutil-2.9.0.post0-py2.py3-none-any.whl (229 kB)
2025-08-20T21:28:27.5224117Z #31 5.275 Downloading redis-5.3.1-py3-none-any.whl (272 kB)
2025-08-20T21:28:27.5225214Z #31 5.285 Downloading typing_extensions-4.14.1-py3-none-any.whl (43 kB)
2025-08-20T21:28:27.5226218Z #31 5.295 Downloading tzdata-2025.2-py2.py3-none-any.whl (347 kB)
2025-08-20T21:28:27.5227107Z #31 5.319 Downloading anyio-4.10.0-py3-none-any.whl (107 kB)
2025-08-20T21:28:27.5227986Z #31 5.327 Downloading idna-3.10-py3-none-any.whl (70 kB)
2025-08-20T21:28:27.5228903Z #31 5.336 Downloading certifi-2025.8.3-py3-none-any.whl (161 kB)
2025-08-20T21:28:27.5229795Z #31 5.344 Downloading amqp-5.3.1-py3-none-any.whl (50 kB)
2025-08-20T21:28:27.5230667Z #31 5.351 Downloading h11-0.16.0-py3-none-any.whl (37 kB)
2025-08-20T21:28:27.5231613Z #31 5.359 Downloading prompt_toolkit-3.0.51-py3-none-any.whl (387 kB)
2025-08-20T21:28:27.5232515Z #31 5.369 Downloading PyJWT-2.10.1-py3-none-any.whl (22 kB)
2025-08-20T21:28:27.5233112Z #31 5.376 Downloading six-1.17.0-py2.py3-none-any.whl (11 kB)
2025-08-20T21:28:27.5233947Z #31 5.387 Downloading sniffio-1.3.1-py3-none-any.whl (10 kB)
2025-08-20T21:28:27.5234781Z #31 5.397 Downloading packaging-25.0-py3-none-any.whl (66 kB)
2025-08-20T21:28:27.5235680Z #31 5.412 Downloading wcwidth-0.2.13-py2.py3-none-any.whl (34 kB)
2025-08-20T21:28:27.5238309Z #31 5.578 Installing collected packages: wcwidth, vine, tzdata, typing-extensions, sniffio, six, PyJWT, prompt-toolkit, packaging, idna, h11, greenlet, click, certifi, billiard, asyncpg, sqlalchemy, redis, python-dateutil, httpcore, click-repl, click-plugins, click-didyoumean, anyio, amqp, kombu, httpx, celery
2025-08-20T21:28:27.7570003Z #31 ...
2025-08-20T21:28:27.7572610Z 
2025-08-20T21:28:27.7573241Z #13 [postgres 1/6] FROM docker.io/library/postgres:16@sha256:66a5efb5677ffac1037774a0e141fd3a4c035c9c0c0e624c9cc980dfa10f45e5
2025-08-20T21:28:28.2600789Z #13 extracting sha256:a1e4ad56dcecf442fba1cec05cd565ededfdc663e5172df9ef9394d96d4c96f8 7.0s done
2025-08-20T21:28:29.2399360Z #13 extracting sha256:987c1b4919ea2d87df20824aaef43a9de0575ac7df684579ad267c7e48c8eeea done
2025-08-20T21:28:29.2401943Z #13 extracting sha256:a858bd6d34e86a481a2e028e3ba489e662b3ac7713eba9a5d3bb97002c7d797e
2025-08-20T21:28:29.3659970Z #13 extracting sha256:a858bd6d34e86a481a2e028e3ba489e662b3ac7713eba9a5d3bb97002c7d797e done
2025-08-20T21:28:29.3661042Z #13 extracting sha256:f1b3502db45ad485f0affe43e32fc81d699ddac01c023f198271a0a7e1cecd4c done
2025-08-20T21:28:29.3662003Z #13 extracting sha256:25ef78fb127c1934630de29a3d38f46e544360b1dcf5cfc09b25507fbe88fd75 done
2025-08-20T21:28:29.3662953Z #13 extracting sha256:240810240d04caaaccb11d51ba7c3a7f7d6f470ec2a80ee420a3d33899d9a303 done
2025-08-20T21:28:29.4743271Z #13 DONE 11.6s
2025-08-20T21:28:29.4743906Z 
2025-08-20T21:28:29.4745405Z #32 [postgres 2/6] RUN set -eux;     if [ -f /etc/apt/sources.list ]; then         sed -i 's|http://deb.debian.org|https://deb.debian.org|g' /etc/apt/sources.list;     fi;     apt-get update;     apt-get install -y locales;     locale-gen en_US.UTF-8;     rm -rf /var/lib/apt/lists/*
2025-08-20T21:28:29.6957541Z #32 0.209 + [ -f /etc/apt/sources.list ]
2025-08-20T21:28:29.6971419Z #32 0.209 + apt-get update
2025-08-20T21:28:29.7990318Z #32 0.272 Get:1 http://deb.debian.org/debian trixie InRelease [138 kB]
2025-08-20T21:28:29.8001098Z #32 0.272 Get:2 http://apt.postgresql.org/pub/repos/apt trixie-pgdg InRelease [107 kB]
2025-08-20T21:28:29.8001904Z #32 0.286 Get:3 http://deb.debian.org/debian trixie-updates InRelease [47.1 kB]
2025-08-20T21:28:29.8002681Z #32 0.288 Get:4 http://deb.debian.org/debian-security trixie-security InRelease [43.4 kB]
2025-08-20T21:28:29.8003530Z #32 0.309 Get:5 http://apt.postgresql.org/pub/repos/apt trixie-pgdg/16 amd64 Packages [2,574 B]
2025-08-20T21:28:29.8004436Z #32 0.333 Get:6 http://apt.postgresql.org/pub/repos/apt trixie-pgdg/main amd64 Packages [334 kB]
2025-08-20T21:28:29.8005286Z #32 0.340 Get:7 http://deb.debian.org/debian trixie/main amd64 Packages [9,668 kB]
2025-08-20T21:28:29.9135181Z #32 0.413 Get:8 http://deb.debian.org/debian trixie-updates/main amd64 Packages [2,432 B]
2025-08-20T21:28:29.9136235Z #32 0.414 Get:9 http://deb.debian.org/debian-security trixie-security/main amd64 Packages [20.5 kB]
2025-08-20T21:28:30.8520686Z #32 1.326 Fetched 10.4 MB in 1s (9,596 kB/s)
2025-08-20T21:28:31.3039393Z #32 1.326 Reading package lists...
2025-08-20T21:28:31.3040427Z #32 ...
2025-08-20T21:28:31.3041144Z 
2025-08-20T21:28:31.3049677Z #33 [api base  4/13] RUN pip install --no-cache-dir -r requirements.txt
2025-08-20T21:28:31.3050727Z #33 2.975 Collecting uvicorn==0.29.0 (from -r requirements.txt (line 1))
2025-08-20T21:28:31.3051820Z #33 3.006   Downloading uvicorn-0.29.0-py3-none-any.whl.metadata (6.3 kB)
2025-08-20T21:28:31.3053093Z #33 3.036 Collecting pydantic-settings==2.2.1 (from -r requirements.txt (line 2))
2025-08-20T21:28:31.3054240Z #33 3.040   Downloading pydantic_settings-2.2.1-py3-none-any.whl.metadata (3.1 kB)
2025-08-20T21:28:31.3055620Z #33 3.128 Collecting fastapi==0.111.0 (from -r requirements.txt (line 3))
2025-08-20T21:28:31.3056684Z #33 3.141   Downloading fastapi-0.111.0-py3-none-any.whl.metadata (25 kB)
2025-08-20T21:28:31.3057910Z #33 3.510 Collecting sqlalchemy==2.0.29 (from -r requirements.txt (line 4))
2025-08-20T21:28:31.3061140Z #33 3.515   Downloading SQLAlchemy-2.0.29-cp312-cp312-manylinux_2_17_x86_64.manylinux2014_x86_64.whl.metadata (9.6 kB)
2025-08-20T21:28:31.3062231Z #33 3.558 Collecting alembic==1.13.1 (from -r requirements.txt (line 5))
2025-08-20T21:28:31.3063048Z #33 3.564   Downloading alembic-1.13.1-py3-none-any.whl.metadata (7.4 kB)
2025-08-20T21:28:31.3063979Z #33 3.584 Collecting psycopg==3.2.9 (from psycopg[binary]==3.2.9->-r requirements.txt (line 6))
2025-08-20T21:28:31.3064894Z #33 3.594   Downloading psycopg-3.2.9-py3-none-any.whl.metadata (4.5 kB)
2025-08-20T21:28:31.3065686Z #33 3.628 Collecting httpx==0.27.2 (from -r requirements.txt (line 7))
2025-08-20T21:28:31.3066484Z #33 3.631   Downloading httpx-0.27.2-py3-none-any.whl.metadata (7.1 kB)
2025-08-20T21:28:31.3067244Z #33 3.710 Collecting asyncpg==0.29.0 (from -r requirements.txt (line 8))
2025-08-20T21:28:31.3072954Z #33 3.716   Downloading asyncpg-0.29.0-cp312-cp312-manylinux_2_17_x86_64.manylinux2014_x86_64.whl.metadata (4.4 kB)
2025-08-20T21:28:31.3074008Z #33 4.208 Collecting boto3==1.34.162 (from -r requirements.txt (line 9))
2025-08-20T21:28:31.3074800Z #33 4.211   Downloading boto3-1.34.162-py3-none-any.whl.metadata (6.6 kB)
2025-08-20T21:28:31.3075607Z #33 4.233 Collecting Jinja2==3.1.5 (from -r requirements.txt (line 10))
2025-08-20T21:28:31.3076388Z #33 4.237   Downloading jinja2-3.1.5-py3-none-any.whl.metadata (2.6 kB)
2025-08-20T21:28:31.3077145Z #33 4.369 Collecting celery==5.3.* (from -r requirements.txt (line 11))
2025-08-20T21:28:31.3078045Z #33 4.375   Downloading celery-5.3.6-py3-none-any.whl.metadata (21 kB)
2025-08-20T21:28:31.3078800Z #33 4.449 Collecting structlog==24.1.0 (from -r requirements.txt (line 12))
2025-08-20T21:28:31.3079611Z #33 4.462   Downloading structlog-24.1.0-py3-none-any.whl.metadata (6.9 kB)
2025-08-20T21:28:31.3080445Z #33 4.501 Collecting asgi-correlation-id==4.3.1 (from -r requirements.txt (line 13))
2025-08-20T21:28:31.3081286Z #33 4.509   Downloading asgi_correlation_id-4.3.1-py3-none-any.whl.metadata (28 kB)
2025-08-20T21:28:31.3082142Z #33 4.533 Collecting fastapi-limiter==0.1.6 (from -r requirements.txt (line 14))
2025-08-20T21:28:31.3083006Z #33 4.543   Downloading fastapi_limiter-0.1.6-py3-none-any.whl.metadata (5.3 kB)
2025-08-20T21:28:31.3083797Z #33 4.586 Collecting redis==5.0.8 (from -r requirements.txt (line 15))
2025-08-20T21:28:31.3084531Z #33 4.596   Downloading redis-5.0.8-py3-none-any.whl.metadata (9.2 kB)
2025-08-20T21:28:31.3085517Z #33 4.688 Collecting sentry-sdk==2.9.0 (from sentry-sdk[celery,fastapi,sqlalchemy]==2.9.0->-r requirements.txt (line 16))
2025-08-20T21:28:31.3086547Z #33 4.698   Downloading sentry_sdk-2.9.0-py2.py3-none-any.whl.metadata (14 kB)
2025-08-20T21:28:31.3087914Z #33 4.798 Collecting click>=7.0 (from uvicorn==0.29.0->-r requirements.txt (line 1))
2025-08-20T21:28:31.3088730Z #33 4.801   Downloading click-8.2.1-py3-none-any.whl.metadata (2.5 kB)
2025-08-20T21:28:31.3089735Z #33 4.817 Collecting h11>=0.8 (from uvicorn==0.29.0->-r requirements.txt (line 1))
2025-08-20T21:28:31.3090481Z #33 4.826   Downloading h11-0.16.0-py3-none-any.whl.metadata (8.3 kB)
2025-08-20T21:28:31.3091308Z #33 5.063 Collecting pydantic>=2.3.0 (from pydantic-settings==2.2.1->-r requirements.txt (line 2))
2025-08-20T21:28:31.3092197Z #33 5.072   Downloading pydantic-2.11.7-py3-none-any.whl.metadata (67 kB)
2025-08-20T21:28:31.3093108Z #33 5.105 Collecting python-dotenv>=0.21.0 (from pydantic-settings==2.2.1->-r requirements.txt (line 2))
2025-08-20T21:28:31.3094091Z #33 5.108   Downloading python_dotenv-1.1.1-py3-none-any.whl.metadata (24 kB)
2025-08-20T21:28:31.3094966Z #33 5.163 Collecting starlette<0.38.0,>=0.37.2 (from fastapi==0.111.0->-r requirements.txt (line 3))
2025-08-20T21:28:31.3095854Z #33 5.170   Downloading starlette-0.37.2-py3-none-any.whl.metadata (5.9 kB)
2025-08-20T21:28:31.3096766Z #33 5.239 Collecting typing-extensions>=4.8.0 (from fastapi==0.111.0->-r requirements.txt (line 3))
2025-08-20T21:28:31.3138064Z #33 5.249   Downloading typing_extensions-4.14.1-py3-none-any.whl.metadata (3.0 kB)
2025-08-20T21:28:31.3139012Z #33 5.260 Collecting fastapi-cli>=0.0.2 (from fastapi==0.111.0->-r requirements.txt (line 3))
2025-08-20T21:28:31.3139849Z #33 5.265   Downloading fastapi_cli-0.0.8-py3-none-any.whl.metadata (6.3 kB)
2025-08-20T21:28:31.3140749Z #33 5.303 Collecting python-multipart>=0.0.7 (from fastapi==0.111.0->-r requirements.txt (line 3))
2025-08-20T21:28:31.3141735Z #33 5.312   Downloading python_multipart-0.0.20-py3-none-any.whl.metadata (1.8 kB)
2025-08-20T21:28:31.3142680Z #33 5.442 Collecting ujson!=4.0.2,!=4.1.0,!=4.2.0,!=4.3.0,!=5.0.0,!=5.1.0,>=4.0.1 (from fastapi==0.111.0->-r requirements.txt (line 3))
2025-08-20T21:28:31.3143761Z #33 5.459   Downloading ujson-5.11.0-cp312-cp312-manylinux_2_24_x86_64.manylinux_2_28_x86_64.whl.metadata (9.4 kB)
2025-08-20T21:28:31.3144677Z #33 5.819 Collecting orjson>=3.2.1 (from fastapi==0.111.0->-r requirements.txt (line 3))
2025-08-20T21:28:31.3145626Z #33 5.822   Downloading orjson-3.11.2-cp312-cp312-manylinux_2_17_x86_64.manylinux2014_x86_64.whl.metadata (1.2 kB)
2025-08-20T21:28:31.3146501Z #33 5.839 Collecting email_validator>=2.0.0 (from fastapi==0.111.0->-r requirements.txt (line 3))
2025-08-20T21:28:31.3147314Z #33 5.842   Downloading email_validator-2.2.0-py3-none-any.whl.metadata (25 kB)
2025-08-20T21:28:31.3148387Z #33 6.045 Collecting greenlet!=0.4.17 (from sqlalchemy==2.0.29->-r requirements.txt (line 4))
2025-08-20T21:28:31.3149423Z #33 6.053   Downloading greenlet-3.2.4-cp312-cp312-manylinux_2_24_x86_64.manylinux_2_28_x86_64.whl.metadata (4.1 kB)
2025-08-20T21:28:31.3150400Z #33 6.123 Collecting Mako (from alembic==1.13.1->-r requirements.txt (line 5))
2025-08-20T21:28:31.3151144Z #33 6.127   Downloading mako-1.3.10-py3-none-any.whl.metadata (2.9 kB)
2025-08-20T21:28:31.3151871Z #33 6.169 Collecting anyio (from httpx==0.27.2->-r requirements.txt (line 7))
2025-08-20T21:28:31.3152637Z #33 6.177   Downloading anyio-4.10.0-py3-none-any.whl.metadata (4.0 kB)
2025-08-20T21:28:31.3153374Z #33 6.215 Collecting certifi (from httpx==0.27.2->-r requirements.txt (line 7))
2025-08-20T21:28:31.3154140Z #33 6.238   Downloading certifi-2025.8.3-py3-none-any.whl.metadata (2.4 kB)
2025-08-20T21:28:31.3154927Z #33 6.276 Collecting httpcore==1.* (from httpx==0.27.2->-r requirements.txt (line 7))
2025-08-20T21:28:31.3155726Z #33 6.284   Downloading httpcore-1.0.9-py3-none-any.whl.metadata (21 kB)
2025-08-20T21:28:31.3156439Z #33 6.303 Collecting idna (from httpx==0.27.2->-r requirements.txt (line 7))
2025-08-20T21:28:31.3157130Z #33 6.308   Downloading idna-3.10-py3-none-any.whl.metadata (10 kB)
2025-08-20T21:28:31.3158080Z #33 6.321 Collecting sniffio (from httpx==0.27.2->-r requirements.txt (line 7))
2025-08-20T21:28:31.3159173Z #33 6.326   Downloading sniffio-1.3.1-py3-none-any.whl.metadata (3.9 kB)
2025-08-20T21:28:31.3160050Z #33 6.974 Collecting botocore<1.35.0,>=1.34.162 (from boto3==1.34.162->-r requirements.txt (line 9))
2025-08-20T21:28:31.3161663Z #33 6.981   Downloading botocore-1.34.162-py3-none-any.whl.metadata (5.7 kB)
2025-08-20T21:28:31.3162529Z #33 7.006 Collecting jmespath<2.0.0,>=0.7.1 (from boto3==1.34.162->-r requirements.txt (line 9))
2025-08-20T21:28:31.3163346Z #33 7.010   Downloading jmespath-1.0.1-py3-none-any.whl.metadata (7.6 kB)
2025-08-20T21:28:31.3164194Z #33 7.044 Collecting s3transfer<0.11.0,>=0.10.0 (from boto3==1.34.162->-r requirements.txt (line 9))
2025-08-20T21:28:31.3165056Z #33 7.055   Downloading s3transfer-0.10.4-py3-none-any.whl.metadata (1.7 kB)
2025-08-20T21:28:31.3165881Z #33 7.150 Collecting MarkupSafe>=2.0 (from Jinja2==3.1.5->-r requirements.txt (line 10))
2025-08-20T21:28:31.3166895Z #33 7.159   Downloading MarkupSafe-3.0.2-cp312-cp312-manylinux_2_17_x86_64.manylinux2014_x86_64.whl.metadata (4.0 kB)
2025-08-20T21:28:31.3168154Z #33 7.196 Collecting billiard<5.0,>=4.2.0 (from celery==5.3.*->-r requirements.txt (line 11))
2025-08-20T21:28:31.3168991Z #33 7.203   Downloading billiard-4.2.1-py3-none-any.whl.metadata (4.4 kB)
2025-08-20T21:28:31.3169878Z #33 7.459 Collecting click-didyoumean>=0.3.0 (from celery==5.3.*->-r requirements.txt (line 11))
2025-08-20T21:28:31.3170775Z #33 7.462   Downloading click_didyoumean-0.3.1-py3-none-any.whl.metadata (3.9 kB)
2025-08-20T21:28:31.3172642Z #33 7.471 Collecting click-plugins>=1.1.1 (from celery==5.3.*->-r requirements.txt (line 11))
2025-08-20T21:28:31.3174121Z #33 7.474   Downloading click_plugins-1.1.1.2-py2.py3-none-any.whl.metadata (6.5 kB)
2025-08-20T21:28:31.3174979Z #33 7.483 Collecting click-repl>=0.2.0 (from celery==5.3.*->-r requirements.txt (line 11))
2025-08-20T21:28:31.3175760Z #33 7.486   Downloading click_repl-0.3.0-py3-none-any.whl.metadata (3.6 kB)
2025-08-20T21:28:31.3176534Z #33 7.728 Collecting kombu<6.0,>=5.3.4 (from celery==5.3.*->-r requirements.txt (line 11))
2025-08-20T21:28:31.3177283Z #33 7.731   Downloading kombu-5.5.4-py3-none-any.whl.metadata (3.5 kB)
2025-08-20T21:28:31.3178283Z #33 7.749 Collecting python-dateutil>=2.8.2 (from celery==5.3.*->-r requirements.txt (line 11))
2025-08-20T21:28:31.3179179Z #33 7.755   Downloading python_dateutil-2.9.0.post0-py2.py3-none-any.whl.metadata (8.4 kB)
2025-08-20T21:28:31.3180033Z #33 7.765 Collecting tzdata>=2022.7 (from celery==5.3.*->-r requirements.txt (line 11))
2025-08-20T21:28:31.3180822Z #33 7.769   Downloading tzdata-2025.2-py2.py3-none-any.whl.metadata (1.4 kB)
2025-08-20T21:28:31.3181578Z #33 7.777 Collecting vine<6.0,>=5.1.0 (from celery==5.3.*->-r requirements.txt (line 11))
2025-08-20T21:28:31.3182325Z #33 7.780   Downloading vine-5.1.0-py3-none-any.whl.metadata (2.7 kB)
2025-08-20T21:28:31.3183327Z #33 7.844 Collecting urllib3>=1.26.11 (from sentry-sdk==2.9.0->sentry-sdk[celery,fastapi,sqlalchemy]==2.9.0->-r requirements.txt (line 16))
2025-08-20T21:28:31.3184345Z #33 7.851   Downloading urllib3-2.5.0-py3-none-any.whl.metadata (6.5 kB)
2025-08-20T21:28:31.3185201Z #33 8.079 Collecting psycopg-binary==3.2.9 (from psycopg[binary]==3.2.9->-r requirements.txt (line 6))
2025-08-20T21:28:31.3186305Z #33 8.084   Downloading psycopg_binary-3.2.9-cp312-cp312-manylinux_2_17_x86_64.manylinux2014_x86_64.whl.metadata (2.9 kB)
2025-08-20T21:28:31.3187459Z #33 8.305 Collecting prompt-toolkit>=3.0.36 (from click-repl>=0.2.0->celery==5.3.*->-r requirements.txt (line 11))
2025-08-20T21:28:31.3188626Z #33 8.312   Downloading prompt_toolkit-3.0.51-py3-none-any.whl.metadata (6.4 kB)
2025-08-20T21:28:31.3189561Z #33 8.336 Collecting dnspython>=2.0.0 (from email_validator>=2.0.0->fastapi==0.111.0->-r requirements.txt (line 3))
2025-08-20T21:28:31.3190470Z #33 8.342   Downloading dnspython-2.7.0-py3-none-any.whl.metadata (5.8 kB)
2025-08-20T21:28:31.3191333Z #33 8.377 Collecting typer>=0.15.1 (from fastapi-cli>=0.0.2->fastapi==0.111.0->-r requirements.txt (line 3))
2025-08-20T21:28:31.3192432Z #33 8.382   Downloading typer-0.16.1-py3-none-any.whl.metadata (15 kB)
2025-08-20T21:28:31.3193320Z #33 8.422 Collecting rich-toolkit>=0.14.8 (from fastapi-cli>=0.0.2->fastapi==0.111.0->-r requirements.txt (line 3))
2025-08-20T21:28:31.3194430Z #33 8.426   Downloading rich_toolkit-0.15.0-py3-none-any.whl.metadata (1.0 kB)
2025-08-20T21:28:31.3195259Z #33 8.471 Collecting amqp<6.0.0,>=5.1.1 (from kombu<6.0,>=5.3.4->celery==5.3.*->-r requirements.txt (line 11))
2025-08-20T21:28:31.3196038Z #33 8.480   Downloading amqp-5.3.1-py3-none-any.whl.metadata (8.9 kB)
2025-08-20T21:28:31.3196831Z #33 8.518 Collecting packaging (from kombu<6.0,>=5.3.4->celery==5.3.*->-r requirements.txt (line 11))
2025-08-20T21:28:31.3200177Z #33 8.523   Downloading packaging-25.0-py3-none-any.whl.metadata (3.3 kB)
2025-08-20T21:28:31.3201295Z #33 8.551 Collecting annotated-types>=0.6.0 (from pydantic>=2.3.0->pydantic-settings==2.2.1->-r requirements.txt (line 2))
2025-08-20T21:28:31.3202333Z #33 8.555   Downloading annotated_types-0.7.0-py3-none-any.whl.metadata (15 kB)
2025-08-20T21:28:31.3203353Z #33 9.539 Collecting pydantic-core==2.33.2 (from pydantic>=2.3.0->pydantic-settings==2.2.1->-r requirements.txt (line 2))
2025-08-20T21:28:31.3204570Z #33 9.544   Downloading pydantic_core-2.33.2-cp312-cp312-manylinux_2_17_x86_64.manylinux2014_x86_64.whl.metadata (6.8 kB)
2025-08-20T21:28:31.3205794Z #33 9.565 Collecting typing-inspection>=0.4.0 (from pydantic>=2.3.0->pydantic-settings==2.2.1->-r requirements.txt (line 2))
2025-08-20T21:28:31.3206852Z #33 9.568   Downloading typing_inspection-0.4.1-py3-none-any.whl.metadata (2.6 kB)
2025-08-20T21:28:31.3207993Z #33 9.599 Collecting six>=1.5 (from python-dateutil>=2.8.2->celery==5.3.*->-r requirements.txt (line 11))
2025-08-20T21:28:31.3208880Z #33 9.605   Downloading six-1.17.0-py2.py3-none-any.whl.metadata (1.7 kB)
2025-08-20T21:28:31.3492392Z #33 10.06 Collecting httptools>=0.5.0 (from uvicorn[standard]>=0.12.0->fastapi==0.111.0->-r requirements.txt (line 3))
2025-08-20T21:28:31.3493348Z #33 ...
2025-08-20T21:28:31.3493509Z 
2025-08-20T21:28:31.3494886Z #34 [api stage-1 3/6] RUN set -eux;     if [ -f /etc/apt/sources.list ]; then         sed -i 's|http://deb.debian.org|https://deb.debian.org|g' /etc/apt/sources.list;     fi;     apt-get update;     apt-get install -y --no-install-recommends tzdata postgresql-client curl;     rm -rf /var/lib/apt/lists/*
2025-08-20T21:28:31.3496646Z #34 0.264 + [ -f /etc/apt/sources.list ]
2025-08-20T21:28:31.3497084Z #34 0.264 + apt-get update
2025-08-20T21:28:31.3497538Z #34 0.335 Hit:1 http://deb.debian.org/debian trixie InRelease
2025-08-20T21:28:31.3498388Z #34 0.335 Get:2 http://deb.debian.org/debian trixie-updates InRelease [47.1 kB]
2025-08-20T21:28:31.3499206Z #34 0.341 Get:3 http://deb.debian.org/debian-security trixie-security InRelease [43.4 kB]
2025-08-20T21:28:31.3499987Z #34 0.365 Get:4 http://deb.debian.org/debian trixie/main amd64 Packages [9668 kB]
2025-08-20T21:28:31.3500801Z #34 0.450 Get:5 http://deb.debian.org/debian trixie-updates/main amd64 Packages [2432 B]
2025-08-20T21:28:31.3501792Z #34 0.452 Get:6 http://deb.debian.org/debian-security trixie-security/main amd64 Packages [20.5 kB]
2025-08-20T21:28:31.3502535Z #34 1.414 Fetched 9781 kB in 1s (8795 kB/s)
2025-08-20T21:28:31.3502968Z #34 1.414 Reading package lists...
2025-08-20T21:28:31.3503578Z #34 2.246 + apt-get install -y --no-install-recommends tzdata postgresql-client curl
2025-08-20T21:28:31.3504215Z #34 2.257 Reading package lists...
2025-08-20T21:28:31.3504614Z #34 3.115 Building dependency tree...
2025-08-20T21:28:31.3505032Z #34 3.341 Reading state information...
2025-08-20T21:28:31.3505502Z #34 3.535 tzdata is already the newest version (2025b-4).
2025-08-20T21:28:31.3506112Z #34 3.535 The following additional packages will be installed:
2025-08-20T21:28:31.3506814Z #34 3.535   libbrotli1 libcom-err2 libcurl4t64 libgdbm-compat4t64 libgnutls30t64
2025-08-20T21:28:31.3507597Z #34 3.538   libgssapi-krb5-2 libidn2-0 libk5crypto3 libkeyutils1 libkrb5-3
2025-08-20T21:28:31.3523967Z #34 3.538   libkrb5support0 libldap2 libnghttp2-14 libnghttp3-9 libp11-kit0 libperl5.40
2025-08-20T21:28:31.3524921Z #34 3.538   libpq5 libpsl5t64 librtmp1 libsasl2-2 libsasl2-modules-db libssh2-1t64
2025-08-20T21:28:31.3525971Z #34 3.538   libtasn1-6 libunistring5 perl perl-modules-5.40 postgresql-client-17
2025-08-20T21:28:31.3526681Z #34 3.538   postgresql-client-common sensible-utils
2025-08-20T21:28:31.3527210Z #34 3.538 Suggested packages:
2025-08-20T21:28:31.3527991Z #34 3.538   gnutls-bin krb5-doc krb5-user perl-doc libterm-readline-gnu-perl
2025-08-20T21:28:31.3528840Z #34 3.538   | libterm-readline-perl-perl make libtap-harness-archive-perl postgresql-17
2025-08-20T21:28:31.3529520Z #34 3.538   postgresql-doc-17
2025-08-20T21:28:31.3529906Z #34 3.538 Recommended packages:
2025-08-20T21:28:31.3530508Z #34 3.538   bash-completion krb5-locales libldap-common publicsuffix libsasl2-modules
2025-08-20T21:28:31.3531220Z #34 3.811 The following NEW packages will be installed:
2025-08-20T21:28:31.3531922Z #34 3.811   curl libbrotli1 libcom-err2 libcurl4t64 libgdbm-compat4t64 libgnutls30t64
2025-08-20T21:28:31.3532706Z #34 3.811   libgssapi-krb5-2 libidn2-0 libk5crypto3 libkeyutils1 libkrb5-3
2025-08-20T21:28:31.3533533Z #34 3.811   libkrb5support0 libldap2 libnghttp2-14 libnghttp3-9 libp11-kit0 libperl5.40
2025-08-20T21:28:31.3534419Z #34 3.812   libpq5 libpsl5t64 librtmp1 libsasl2-2 libsasl2-modules-db libssh2-1t64
2025-08-20T21:28:31.3535231Z #34 3.814   libtasn1-6 libunistring5 perl perl-modules-5.40 postgresql-client
2025-08-20T21:28:31.3535999Z #34 3.814   postgresql-client-17 postgresql-client-common sensible-utils
2025-08-20T21:28:31.3547220Z #34 3.917 0 upgraded, 31 newly installed, 0 to remove and 0 not upgraded.
2025-08-20T21:28:31.3548678Z #34 3.917 Need to get 14.9 MB of archives.
2025-08-20T21:28:31.3549567Z #34 3.917 After this operation, 78.1 MB of additional disk space will be used.
2025-08-20T21:28:31.3550572Z #34 3.917 Get:1 http://deb.debian.org/debian trixie/main amd64 sensible-utils all 0.0.25 [25.0 kB]
2025-08-20T21:28:31.3551534Z #34 3.920 Get:2 http://deb.debian.org/debian trixie/main amd64 perl-modules-5.40 all 5.40.1-6 [3019 kB]
2025-08-20T21:28:31.3552646Z #34 3.941 Get:3 http://deb.debian.org/debian trixie/main amd64 libgdbm-compat4t64 amd64 1.24-2 [50.3 kB]
2025-08-20T21:28:31.3553585Z #34 3.941 Get:4 http://deb.debian.org/debian trixie/main amd64 libperl5.40 amd64 5.40.1-6 [4341 kB]
2025-08-20T21:28:31.3554435Z #34 3.969 Get:5 http://deb.debian.org/debian trixie/main amd64 perl amd64 5.40.1-6 [267 kB]
2025-08-20T21:28:31.3555393Z #34 3.971 Get:6 http://deb.debian.org/debian trixie/main amd64 libbrotli1 amd64 1.1.0-2+b7 [307 kB]
2025-08-20T21:28:31.3556527Z #34 3.974 Get:7 http://deb.debian.org/debian trixie/main amd64 libkrb5support0 amd64 1.21.3-5 [33.0 kB]
2025-08-20T21:28:31.3559858Z #34 3.975 Get:8 http://deb.debian.org/debian trixie/main amd64 libcom-err2 amd64 1.47.2-3+b3 [25.0 kB]
2025-08-20T21:28:31.3569384Z #34 3.975 Get:9 http://deb.debian.org/debian trixie/main amd64 libk5crypto3 amd64 1.21.3-5 [81.5 kB]
2025-08-20T21:28:31.3570360Z #34 3.976 Get:10 http://deb.debian.org/debian trixie/main amd64 libkeyutils1 amd64 1.6.3-6 [9456 B]
2025-08-20T21:28:31.3571288Z #34 3.976 Get:11 http://deb.debian.org/debian trixie/main amd64 libkrb5-3 amd64 1.21.3-5 [326 kB]
2025-08-20T21:28:31.3572237Z #34 3.979 Get:12 http://deb.debian.org/debian trixie/main amd64 libgssapi-krb5-2 amd64 1.21.3-5 [138 kB]
2025-08-20T21:28:31.3573191Z #34 3.981 Get:13 http://deb.debian.org/debian trixie/main amd64 libunistring5 amd64 1.3-2 [477 kB]
2025-08-20T21:28:31.3574095Z #34 3.984 Get:14 http://deb.debian.org/debian trixie/main amd64 libidn2-0 amd64 2.3.8-2 [109 kB]
2025-08-20T21:28:31.3575081Z #34 3.985 Get:15 http://deb.debian.org/debian trixie/main amd64 libsasl2-modules-db amd64 2.1.28+dfsg1-9 [19.8 kB]
2025-08-20T21:28:31.3576125Z #34 3.986 Get:16 http://deb.debian.org/debian trixie/main amd64 libsasl2-2 amd64 2.1.28+dfsg1-9 [57.5 kB]
2025-08-20T21:28:31.3577086Z #34 3.988 Get:17 http://deb.debian.org/debian trixie/main amd64 libldap2 amd64 2.6.10+dfsg-1 [194 kB]
2025-08-20T21:28:31.3578552Z #34 3.988 Get:18 http://deb.debian.org/debian trixie/main amd64 libnghttp2-14 amd64 1.64.0-1.1 [76.0 kB]
2025-08-20T21:28:31.3579725Z #34 3.992 Get:19 http://deb.debian.org/debian trixie/main amd64 libnghttp3-9 amd64 1.8.0-1 [67.7 kB]
2025-08-20T21:28:31.3580696Z #34 3.993 Get:20 http://deb.debian.org/debian trixie/main amd64 libpsl5t64 amd64 0.21.2-1.1+b1 [57.2 kB]
2025-08-20T21:28:31.3581686Z #34 3.993 Get:21 http://deb.debian.org/debian trixie/main amd64 libp11-kit0 amd64 0.25.5-3 [425 kB]
2025-08-20T21:28:31.3582540Z #34 3.994 Get:22 http://deb.debian.org/debian trixie/main amd64 libtasn1-6 amd64 4.20.0-2 [49.9 kB]
2025-08-20T21:28:31.3583396Z #34 3.995 Get:23 http://deb.debian.org/debian trixie/main amd64 libgnutls30t64 amd64 3.8.9-3 [1465 kB]
2025-08-20T21:28:31.3584438Z #34 4.004 Get:24 http://deb.debian.org/debian trixie/main amd64 librtmp1 amd64 2.4+20151223.gitfa8646d.1-2+b5 [58.8 kB]
2025-08-20T21:28:31.3585381Z #34 4.007 Get:25 http://deb.debian.org/debian trixie/main amd64 libssh2-1t64 amd64 1.11.1-1 [245 kB]
2025-08-20T21:28:31.3586275Z #34 4.008 Get:26 http://deb.debian.org/debian trixie/main amd64 libcurl4t64 amd64 8.14.1-2 [391 kB]
2025-08-20T21:28:31.3587154Z #34 4.011 Get:27 http://deb.debian.org/debian trixie/main amd64 curl amd64 8.14.1-2 [269 kB]
2025-08-20T21:28:31.3608474Z #34 4.014 Get:28 http://deb.debian.org/debian trixie/main amd64 libpq5 amd64 17.5-1 [226 kB]
2025-08-20T21:28:31.3609478Z #34 4.014 Get:29 http://deb.debian.org/debian trixie/main amd64 postgresql-client-common all 278 [47.1 kB]
2025-08-20T21:28:31.3610527Z #34 4.015 Get:30 http://deb.debian.org/debian trixie/main amd64 postgresql-client-17 amd64 17.5-1 [2025 kB]
2025-08-20T21:28:31.3611569Z #34 4.025 Get:31 http://deb.debian.org/debian trixie/main amd64 postgresql-client all 17+278 [14.0 kB]
2025-08-20T21:28:31.3612268Z #34 6.036 Fetched 14.9 MB in 0s (74.7 MB/s)
2025-08-20T21:28:31.3612815Z #34 6.062 Selecting previously unselected package sensible-utils.
2025-08-20T21:28:31.3613356Z #34 6.062 (Reading database ... 
2025-08-20T21:28:31.3613720Z (Reading database ... 5%
2025-08-20T21:28:31.3614061Z (Reading database ... 10%
2025-08-20T21:28:31.3614404Z (Reading database ... 15%
2025-08-20T21:28:31.3614761Z (Reading database ... 20%
2025-08-20T21:28:31.3615095Z (Reading database ... 25%
2025-08-20T21:28:31.3615419Z (Reading database ... 30%
2025-08-20T21:28:31.3615721Z (Reading database ... 35%
2025-08-20T21:28:31.3616033Z (Reading database ... 40%
2025-08-20T21:28:31.3616348Z (Reading database ... 45%
2025-08-20T21:28:31.3616691Z (Reading database ... 50%
2025-08-20T21:28:31.3617028Z (Reading database ... 55%
2025-08-20T21:28:31.3617368Z (Reading database ... 60%
2025-08-20T21:28:31.3617890Z (Reading database ... 65%
2025-08-20T21:28:31.3618239Z (Reading database ... 70%
2025-08-20T21:28:31.3618569Z (Reading database ... 75%
2025-08-20T21:28:31.3618895Z (Reading database ... 80%
2025-08-20T21:28:31.3619229Z (Reading database ... 85%
2025-08-20T21:28:31.3619561Z (Reading database ... 90%
2025-08-20T21:28:31.3619895Z (Reading database ... 95%
2025-08-20T21:28:31.3620227Z (Reading database ... 100%
2025-08-20T21:28:31.3620738Z (Reading database ... 5643 files and directories currently installed.)
2025-08-20T21:28:31.3621445Z #34 6.068 Preparing to unpack .../00-sensible-utils_0.0.25_all.deb ...
2025-08-20T21:28:31.3622029Z #34 6.080 Unpacking sensible-utils (0.0.25) ...
2025-08-20T21:28:31.3622618Z #34 6.122 Selecting previously unselected package perl-modules-5.40.
2025-08-20T21:28:31.3623313Z #34 6.122 Preparing to unpack .../01-perl-modules-5.40_5.40.1-6_all.deb ...
2025-08-20T21:28:31.3623911Z #34 6.124 Unpacking perl-modules-5.40 (5.40.1-6) ...
2025-08-20T21:28:31.3624532Z #34 6.750 Selecting previously unselected package libgdbm-compat4t64:amd64.
2025-08-20T21:28:31.3625265Z #34 6.754 Preparing to unpack .../02-libgdbm-compat4t64_1.24-2_amd64.deb ...
2025-08-20T21:28:31.3625860Z #34 6.759 Unpacking libgdbm-compat4t64:amd64 (1.24-2) ...
2025-08-20T21:28:31.3626738Z #34 6.854 Selecting previously unselected package libperl5.40:amd64.
2025-08-20T21:28:31.3627440Z #34 6.854 Preparing to unpack .../03-libperl5.40_5.40.1-6_amd64.deb ...
2025-08-20T21:28:31.3628404Z #34 6.860 Unpacking libperl5.40:amd64 (5.40.1-6) ...
2025-08-20T21:28:31.3628930Z #34 7.905 Selecting previously unselected package perl.
2025-08-20T21:28:31.3629491Z #34 7.905 Preparing to unpack .../04-perl_5.40.1-6_amd64.deb ...
2025-08-20T21:28:31.3630009Z #34 7.909 Unpacking perl (5.40.1-6) ...
2025-08-20T21:28:31.3630516Z #34 7.978 Selecting previously unselected package libbrotli1:amd64.
2025-08-20T21:28:31.3631174Z #34 7.978 Preparing to unpack .../05-libbrotli1_1.1.0-2+b7_amd64.deb ...
2025-08-20T21:28:31.3631772Z #34 7.979 Unpacking libbrotli1:amd64 (1.1.0-2+b7) ...
2025-08-20T21:28:31.3632383Z #34 8.035 Selecting previously unselected package libkrb5support0:amd64.
2025-08-20T21:28:31.3633100Z #34 8.039 Preparing to unpack .../06-libkrb5support0_1.21.3-5_amd64.deb ...
2025-08-20T21:28:31.3633729Z #34 8.049 Unpacking libkrb5support0:amd64 (1.21.3-5) ...
2025-08-20T21:28:31.3634348Z #34 8.091 Selecting previously unselected package libcom-err2:amd64.
2025-08-20T21:28:31.3634999Z #34 8.092 Preparing to unpack .../07-libcom-err2_1.47.2-3+b3_amd64.deb ...
2025-08-20T21:28:31.3635600Z #34 8.095 Unpacking libcom-err2:amd64 (1.47.2-3+b3) ...
2025-08-20T21:28:31.3636187Z #34 8.126 Selecting previously unselected package libk5crypto3:amd64.
2025-08-20T21:28:31.3636873Z #34 8.127 Preparing to unpack .../08-libk5crypto3_1.21.3-5_amd64.deb ...
2025-08-20T21:28:31.3637461Z #34 8.128 Unpacking libk5crypto3:amd64 (1.21.3-5) ...
2025-08-20T21:28:31.3659979Z #34 8.156 Selecting previously unselected package libkeyutils1:amd64.
2025-08-20T21:28:31.3660743Z #34 8.159 Preparing to unpack .../09-libkeyutils1_1.6.3-6_amd64.deb ...
2025-08-20T21:28:31.3661363Z #34 8.162 Unpacking libkeyutils1:amd64 (1.6.3-6) ...
2025-08-20T21:28:31.3661977Z #34 8.190 Selecting previously unselected package libkrb5-3:amd64.
2025-08-20T21:28:31.3662675Z #34 8.197 Preparing to unpack .../10-libkrb5-3_1.21.3-5_amd64.deb ...
2025-08-20T21:28:31.3663263Z #34 8.197 Unpacking libkrb5-3:amd64 (1.21.3-5) ...
2025-08-20T21:28:31.3663902Z #34 8.294 Selecting previously unselected package libgssapi-krb5-2:amd64.
2025-08-20T21:28:31.3664675Z #34 8.294 Preparing to unpack .../11-libgssapi-krb5-2_1.21.3-5_amd64.deb ...
2025-08-20T21:28:31.3665347Z #34 8.297 Unpacking libgssapi-krb5-2:amd64 (1.21.3-5) ...
2025-08-20T21:28:31.3665988Z #34 8.331 Selecting previously unselected package libunistring5:amd64.
2025-08-20T21:28:31.3666714Z #34 8.331 Preparing to unpack .../12-libunistring5_1.3-2_amd64.deb ...
2025-08-20T21:28:31.3667334Z #34 8.331 Unpacking libunistring5:amd64 (1.3-2) ...
2025-08-20T21:28:31.3668170Z #34 8.402 Selecting previously unselected package libidn2-0:amd64.
2025-08-20T21:28:31.3668884Z #34 8.405 Preparing to unpack .../13-libidn2-0_2.3.8-2_amd64.deb ...
2025-08-20T21:28:31.3669476Z #34 8.412 Unpacking libidn2-0:amd64 (2.3.8-2) ...
2025-08-20T21:28:31.3670133Z #34 8.454 Selecting previously unselected package libsasl2-modules-db:amd64.
2025-08-20T21:28:31.3670952Z #34 8.456 Preparing to unpack .../14-libsasl2-modules-db_2.1.28+dfsg1-9_amd64.deb ...
2025-08-20T21:28:31.3671715Z #34 8.460 Unpacking libsasl2-modules-db:amd64 (2.1.28+dfsg1-9) ...
2025-08-20T21:28:31.3672408Z #34 8.507 Selecting previously unselected package libsasl2-2:amd64.
2025-08-20T21:28:31.3673118Z #34 8.515 Preparing to unpack .../15-libsasl2-2_2.1.28+dfsg1-9_amd64.deb ...
2025-08-20T21:28:31.3673761Z #34 8.523 Unpacking libsasl2-2:amd64 (2.1.28+dfsg1-9) ...
2025-08-20T21:28:31.3674365Z #34 8.598 Selecting previously unselected package libldap2:amd64.
2025-08-20T21:28:31.3675053Z #34 8.598 Preparing to unpack .../16-libldap2_2.6.10+dfsg-1_amd64.deb ...
2025-08-20T21:28:31.3675685Z #34 8.601 Unpacking libldap2:amd64 (2.6.10+dfsg-1) ...
2025-08-20T21:28:31.3676317Z #34 8.679 Selecting previously unselected package libnghttp2-14:amd64.
2025-08-20T21:28:31.3677396Z #34 8.679 Preparing to unpack .../17-libnghttp2-14_1.64.0-1.1_amd64.deb ...
2025-08-20T21:28:31.3678236Z #34 8.683 Unpacking libnghttp2-14:amd64 (1.64.0-1.1) ...
2025-08-20T21:28:31.3678880Z #34 8.741 Selecting previously unselected package libnghttp3-9:amd64.
2025-08-20T21:28:31.3679807Z #34 8.741 Preparing to unpack .../18-libnghttp3-9_1.8.0-1_amd64.deb ...
2025-08-20T21:28:31.3680440Z #34 8.752 Unpacking libnghttp3-9:amd64 (1.8.0-1) ...
2025-08-20T21:28:31.3681110Z #34 8.834 Selecting previously unselected package libpsl5t64:amd64.
2025-08-20T21:28:31.3681819Z #34 8.841 Preparing to unpack .../19-libpsl5t64_0.21.2-1.1+b1_amd64.deb ...
2025-08-20T21:28:31.3682457Z #34 8.845 Unpacking libpsl5t64:amd64 (0.21.2-1.1+b1) ...
2025-08-20T21:28:31.3683070Z #34 8.918 Selecting previously unselected package libp11-kit0:amd64.
2025-08-20T21:28:31.3683766Z #34 8.922 Preparing to unpack .../20-libp11-kit0_0.25.5-3_amd64.deb ...
2025-08-20T21:28:31.3684357Z #34 8.926 Unpacking libp11-kit0:amd64 (0.25.5-3) ...
2025-08-20T21:28:31.3684953Z #34 9.057 Selecting previously unselected package libtasn1-6:amd64.
2025-08-20T21:28:31.3685631Z #34 9.062 Preparing to unpack .../21-libtasn1-6_4.20.0-2_amd64.deb ...
2025-08-20T21:28:31.3686238Z #34 9.068 Unpacking libtasn1-6:amd64 (4.20.0-2) ...
2025-08-20T21:28:31.3686862Z #34 9.133 Selecting previously unselected package libgnutls30t64:amd64.
2025-08-20T21:28:31.3687585Z #34 9.135 Preparing to unpack .../22-libgnutls30t64_3.8.9-3_amd64.deb ...
2025-08-20T21:28:31.3703403Z #34 9.146 Unpacking libgnutls30t64:amd64 (3.8.9-3) ...
2025-08-20T21:28:31.3704023Z #34 9.296 Selecting previously unselected package librtmp1:amd64.
2025-08-20T21:28:31.3704775Z #34 9.298 Preparing to unpack .../23-librtmp1_2.4+20151223.gitfa8646d.1-2+b5_amd64.deb ...
2025-08-20T21:28:31.3705568Z #34 9.302 Unpacking librtmp1:amd64 (2.4+20151223.gitfa8646d.1-2+b5) ...
2025-08-20T21:28:31.3706252Z #34 9.330 Selecting previously unselected package libssh2-1t64:amd64.
2025-08-20T21:28:31.3706948Z #34 9.330 Preparing to unpack .../24-libssh2-1t64_1.11.1-1_amd64.deb ...
2025-08-20T21:28:31.3708311Z #34 9.332 Unpacking libssh2-1t64:amd64 (1.11.1-1) ...
2025-08-20T21:28:31.3708916Z #34 9.389 Selecting previously unselected package libcurl4t64:amd64.
2025-08-20T21:28:31.3709616Z #34 9.391 Preparing to unpack .../25-libcurl4t64_8.14.1-2_amd64.deb ...
2025-08-20T21:28:31.3710206Z #34 9.392 Unpacking libcurl4t64:amd64 (8.14.1-2) ...
2025-08-20T21:28:31.3710744Z #34 9.470 Selecting previously unselected package curl.
2025-08-20T21:28:31.3711313Z #34 9.472 Preparing to unpack .../26-curl_8.14.1-2_amd64.deb ...
2025-08-20T21:28:31.3711842Z #34 9.479 Unpacking curl (8.14.1-2) ...
2025-08-20T21:28:31.3712368Z #34 9.543 Selecting previously unselected package libpq5:amd64.
2025-08-20T21:28:31.3712989Z #34 9.543 Preparing to unpack .../27-libpq5_17.5-1_amd64.deb ...
2025-08-20T21:28:31.3713522Z #34 9.546 Unpacking libpq5:amd64 (17.5-1) ...
2025-08-20T21:28:31.3714129Z #34 9.621 Selecting previously unselected package postgresql-client-common.
2025-08-20T21:28:31.3714918Z #34 9.621 Preparing to unpack .../28-postgresql-client-common_278_all.deb ...
2025-08-20T21:28:31.3715567Z #34 9.644 Unpacking postgresql-client-common (278) ...
2025-08-20T21:28:31.3716580Z #34 9.721 Selecting previously unselected package postgresql-client-17.
2025-08-20T21:28:31.3717351Z #34 9.725 Preparing to unpack .../29-postgresql-client-17_17.5-1_amd64.deb ...
2025-08-20T21:28:31.3718709Z #34 9.729 Unpacking postgresql-client-17 (17.5-1) ...
2025-08-20T21:28:31.4738571Z #34 10.13 Selecting previously unselected package postgresql-client.
2025-08-20T21:28:31.4739754Z #34 10.13 Preparing to unpack .../30-postgresql-client_17+278_all.deb ...
2025-08-20T21:28:31.4740749Z #34 10.14 Unpacking postgresql-client (17+278) ...
2025-08-20T21:28:31.4742370Z #34 10.20 Setting up libkeyutils1:amd64 (1.6.3-6) ...
2025-08-20T21:28:31.4743017Z #34 ...
2025-08-20T21:28:31.4743288Z 
2025-08-20T21:28:31.4744368Z #35 [etl base 4/5] RUN if [ -n "" ] && [ -f "" ]; then         pip install -r requirements.txt -c "";     else         pip install -r requirements.txt;     fi
2025-08-20T21:28:31.4746858Z #35 3.021 Collecting keepa==1.3.14 (from -r requirements.txt (line 1))
2025-08-20T21:28:31.4747593Z #35 3.063   Downloading keepa-1.3.14-py3-none-any.whl.metadata (10 kB)
2025-08-20T21:28:31.4748879Z #35 3.134 Collecting minio==7.1.15 (from -r requirements.txt (line 2))
2025-08-20T21:28:31.4749611Z #35 3.143   Downloading minio-7.1.15-py3-none-any.whl.metadata (4.2 kB)
2025-08-20T21:28:31.4750330Z #35 3.225 Collecting celery==5.3.* (from -r requirements.txt (line 3))
2025-08-20T21:28:31.4751043Z #35 3.256   Downloading celery-5.3.6-py3-none-any.whl.metadata (21 kB)
2025-08-20T21:28:31.4751760Z #35 3.414 Collecting redis==5.* (from -r requirements.txt (line 4))
2025-08-20T21:28:31.4752476Z #35 3.421   Downloading redis-5.3.1-py3-none-any.whl.metadata (9.2 kB)
2025-08-20T21:28:31.4753136Z #35 3.541 Collecting python-amazon-sp-api==0.8.0 (from -r requirements.txt (line 5))
2025-08-20T21:28:31.4753859Z #35 3.548   Downloading python_amazon_sp_api-0.8.0-py3-none-any.whl.metadata (3.2 kB)
2025-08-20T21:28:31.4754540Z #35 3.577 Collecting pydantic-settings==2.2.1 (from -r requirements.txt (line 6))
2025-08-20T21:28:31.4755210Z #35 3.586   Downloading pydantic_settings-2.2.1-py3-none-any.whl.metadata (3.1 kB)
2025-08-20T21:28:31.4755868Z #35 3.886 Collecting numpy<2 (from -r requirements.txt (line 7))
2025-08-20T21:28:31.4756747Z #35 3.893   Downloading numpy-1.26.4-cp312-cp312-manylinux_2_17_x86_64.manylinux2014_x86_64.whl.metadata (61 kB)
2025-08-20T21:28:31.4757810Z #35 4.121 Collecting pandas==2.2.* (from -r requirements.txt (line 8))
2025-08-20T21:28:31.4758743Z #35 4.125   Downloading pandas-2.2.3-cp312-cp312-manylinux_2_17_x86_64.manylinux2014_x86_64.whl.metadata (89 kB)
2025-08-20T21:28:31.4759678Z #35 4.250 Collecting pandera==0.19.* (from -r requirements.txt (line 9))
2025-08-20T21:28:31.4760422Z #35 4.313   Downloading pandera-0.19.3-py3-none-any.whl.metadata (15 kB)
2025-08-20T21:28:31.4761178Z #35 4.363 Collecting openpyxl==3.1.* (from -r requirements.txt (line 10))
2025-08-20T21:28:31.4761950Z #35 4.369   Downloading openpyxl-3.1.5-py2.py3-none-any.whl.metadata (2.5 kB)
2025-08-20T21:28:31.4762763Z #35 4.464 Collecting psycopg2-binary==2.9.* (from -r requirements.txt (line 11))
2025-08-20T21:28:31.4763796Z #35 4.472   Downloading psycopg2_binary-2.9.10-cp312-cp312-manylinux_2_17_x86_64.manylinux2014_x86_64.whl.metadata (4.9 kB)
2025-08-20T21:28:31.4764761Z #35 4.535 Collecting requests>=2.2 (from keepa==1.3.14->-r requirements.txt (line 1))
2025-08-20T21:28:31.4765491Z #35 4.547   Downloading requests-2.32.5-py3-none-any.whl.metadata (4.9 kB)
2025-08-20T21:28:31.4766241Z #35 4.608 Collecting tqdm (from keepa==1.3.14->-r requirements.txt (line 1))
2025-08-20T21:28:31.4766957Z #35 4.616   Downloading tqdm-4.67.1-py3-none-any.whl.metadata (57 kB)
2025-08-20T21:28:31.4789198Z #35 5.437 Collecting aiohttp (from keepa==1.3.14->-r requirements.txt (line 1))
2025-08-20T21:28:31.4791276Z #35 5.443   Downloading aiohttp-3.12.15-cp312-cp312-manylinux_2_17_x86_64.manylinux2014_x86_64.whl.metadata (7.7 kB)
2025-08-20T21:28:31.4792289Z #35 5.669 Collecting pydantic (from keepa==1.3.14->-r requirements.txt (line 1))
2025-08-20T21:28:31.4793081Z #35 5.673   Downloading pydantic-2.11.7-py3-none-any.whl.metadata (67 kB)
2025-08-20T21:28:31.4793857Z #35 5.732 Collecting certifi (from minio==7.1.15->-r requirements.txt (line 2))
2025-08-20T21:28:31.4794590Z #35 5.743   Downloading certifi-2025.8.3-py3-none-any.whl.metadata (2.4 kB)
2025-08-20T21:28:31.4795317Z #35 5.808 Collecting urllib3 (from minio==7.1.15->-r requirements.txt (line 2))
2025-08-20T21:28:31.4796048Z #35 5.812   Downloading urllib3-2.5.0-py3-none-any.whl.metadata (6.5 kB)
2025-08-20T21:28:31.4796825Z #35 5.869 Collecting billiard<5.0,>=4.2.0 (from celery==5.3.*->-r requirements.txt (line 3))
2025-08-20T21:28:31.4797609Z #35 5.876   Downloading billiard-4.2.1-py3-none-any.whl.metadata (4.4 kB)
2025-08-20T21:28:31.4798707Z #35 5.909 Collecting click-didyoumean>=0.3.0 (from celery==5.3.*->-r requirements.txt (line 3))
2025-08-20T21:28:31.4799838Z #35 5.917   Downloading click_didyoumean-0.3.1-py3-none-any.whl.metadata (3.9 kB)
2025-08-20T21:28:31.4800747Z #35 5.944 Collecting click-plugins>=1.1.1 (from celery==5.3.*->-r requirements.txt (line 3))
2025-08-20T21:28:31.4802027Z #35 5.949   Downloading click_plugins-1.1.1.2-py2.py3-none-any.whl.metadata (6.5 kB)
2025-08-20T21:28:31.4802916Z #35 5.967 Collecting click-repl>=0.2.0 (from celery==5.3.*->-r requirements.txt (line 3))
2025-08-20T21:28:31.4803728Z #35 5.971   Downloading click_repl-0.3.0-py3-none-any.whl.metadata (3.6 kB)
2025-08-20T21:28:31.4804522Z #35 6.012 Collecting click<9.0,>=8.1.2 (from celery==5.3.*->-r requirements.txt (line 3))
2025-08-20T21:28:31.4805303Z #35 6.018   Downloading click-8.2.1-py3-none-any.whl.metadata (2.5 kB)
2025-08-20T21:28:31.4806070Z #35 6.077 Collecting kombu<6.0,>=5.3.4 (from celery==5.3.*->-r requirements.txt (line 3))
2025-08-20T21:28:31.4806937Z #35 6.082   Downloading kombu-5.5.4-py3-none-any.whl.metadata (3.5 kB)
2025-08-20T21:28:31.4807967Z #35 6.132 Collecting python-dateutil>=2.8.2 (from celery==5.3.*->-r requirements.txt (line 3))
2025-08-20T21:28:31.4808925Z #35 6.139   Downloading python_dateutil-2.9.0.post0-py2.py3-none-any.whl.metadata (8.4 kB)
2025-08-20T21:28:31.4809801Z #35 6.183 Collecting tzdata>=2022.7 (from celery==5.3.*->-r requirements.txt (line 3))
2025-08-20T21:28:31.4810594Z #35 6.190   Downloading tzdata-2025.2-py2.py3-none-any.whl.metadata (1.4 kB)
2025-08-20T21:28:31.4811371Z #35 6.243 Collecting vine<6.0,>=5.1.0 (from celery==5.3.*->-r requirements.txt (line 3))
2025-08-20T21:28:31.4812115Z #35 6.289   Downloading vine-5.1.0-py3-none-any.whl.metadata (2.7 kB)
2025-08-20T21:28:31.4812803Z #35 6.321 Collecting PyJWT>=2.9.0 (from redis==5.*->-r requirements.txt (line 4))
2025-08-20T21:28:31.4813539Z #35 6.325   Downloading PyJWT-2.10.1-py3-none-any.whl.metadata (4.0 kB)
2025-08-20T21:28:31.4814355Z #35 6.370 Collecting six<2,>=1.15 (from python-amazon-sp-api==0.8.0->-r requirements.txt (line 5))
2025-08-20T21:28:31.4815185Z #35 6.376   Downloading six-1.17.0-py2.py3-none-any.whl.metadata (1.7 kB)
2025-08-20T21:28:31.4816031Z #35 7.092 Collecting boto3<2,>=1.16.39 (from python-amazon-sp-api==0.8.0->-r requirements.txt (line 5))
2025-08-20T21:28:31.4816875Z #35 7.095   Downloading boto3-1.40.14-py3-none-any.whl.metadata (6.7 kB)
2025-08-20T21:28:31.4867125Z #35 7.799 Collecting cachetools~=4.2.0 (from python-amazon-sp-api==0.8.0->-r requirements.txt (line 5))
2025-08-20T21:28:31.4868476Z #35 7.818   Downloading cachetools-4.2.4-py3-none-any.whl.metadata (4.8 kB)
2025-08-20T21:28:31.4869471Z #35 8.003 Collecting pycryptodome (from python-amazon-sp-api==0.8.0->-r requirements.txt (line 5))
2025-08-20T21:28:31.4870596Z #35 8.010   Downloading pycryptodome-3.23.0-cp37-abi3-manylinux_2_17_x86_64.manylinux2014_x86_64.whl.metadata (3.4 kB)
2025-08-20T21:28:31.4871611Z #35 8.083 Collecting pytz (from python-amazon-sp-api==0.8.0->-r requirements.txt (line 5))
2025-08-20T21:28:31.4872340Z #35 8.086   Downloading pytz-2025.2-py2.py3-none-any.whl.metadata (22 kB)
2025-08-20T21:28:31.4873146Z #35 8.108 Collecting confuse~=1.4.0 (from python-amazon-sp-api==0.8.0->-r requirements.txt (line 5))
2025-08-20T21:28:31.4874188Z #35 8.114   Downloading confuse-1.4.0-py2.py3-none-any.whl.metadata (3.8 kB)
2025-08-20T21:28:31.4875164Z #35 8.161 Collecting python-dotenv>=0.21.0 (from pydantic-settings==2.2.1->-r requirements.txt (line 6))
2025-08-20T21:28:31.4876120Z #35 8.172   Downloading python_dotenv-1.1.1-py3-none-any.whl.metadata (24 kB)
2025-08-20T21:28:31.4876970Z #35 8.240 Collecting multimethod<=1.10.0 (from pandera==0.19.*->-r requirements.txt (line 9))
2025-08-20T21:28:31.4877987Z #35 8.287   Downloading multimethod-1.10-py3-none-any.whl.metadata (8.2 kB)
2025-08-20T21:28:31.4878841Z #35 8.335 Collecting packaging>=20.0 (from pandera==0.19.*->-r requirements.txt (line 9))
2025-08-20T21:28:31.4879691Z #35 8.342   Downloading packaging-25.0-py3-none-any.whl.metadata (3.3 kB)
2025-08-20T21:28:31.4881114Z #35 8.392 Collecting typeguard (from pandera==0.19.*->-r requirements.txt (line 9))
2025-08-20T21:28:31.4882192Z #35 8.397   Downloading typeguard-4.4.4-py3-none-any.whl.metadata (3.3 kB)
2025-08-20T21:28:31.4883333Z #35 8.414 Collecting typing-inspect>=0.6.0 (from pandera==0.19.*->-r requirements.txt (line 9))
2025-08-20T21:28:31.4884301Z #35 8.418   Downloading typing_inspect-0.9.0-py3-none-any.whl.metadata (1.5 kB)
2025-08-20T21:28:31.4885164Z #35 8.610 Collecting wrapt (from pandera==0.19.*->-r requirements.txt (line 9))
2025-08-20T21:28:31.4886257Z #35 8.615   Downloading wrapt-1.17.3-cp312-cp312-manylinux1_x86_64.manylinux_2_28_x86_64.manylinux_2_5_x86_64.whl.metadata (6.4 kB)
2025-08-20T21:28:31.4887391Z #35 8.635 Collecting et-xmlfile (from openpyxl==3.1.*->-r requirements.txt (line 10))
2025-08-20T21:28:31.4888646Z #35 8.641   Downloading et_xmlfile-2.0.0-py3-none-any.whl.metadata (2.7 kB)
2025-08-20T21:28:31.4889675Z #35 9.209 Collecting botocore<1.41.0,>=1.40.14 (from boto3<2,>=1.16.39->python-amazon-sp-api==0.8.0->-r requirements.txt (line 5))
2025-08-20T21:28:31.4890665Z #35 9.211   Downloading botocore-1.40.14-py3-none-any.whl.metadata (5.7 kB)
2025-08-20T21:28:31.4891647Z #35 9.247 Collecting jmespath<2.0.0,>=0.7.1 (from boto3<2,>=1.16.39->python-amazon-sp-api==0.8.0->-r requirements.txt (line 5))
2025-08-20T21:28:31.4892633Z #35 9.290   Downloading jmespath-1.0.1-py3-none-any.whl.metadata (7.6 kB)
2025-08-20T21:28:31.4893636Z #35 9.333 Collecting s3transfer<0.14.0,>=0.13.0 (from boto3<2,>=1.16.39->python-amazon-sp-api==0.8.0->-r requirements.txt (line 5))
2025-08-20T21:28:31.4894642Z #35 9.340   Downloading s3transfer-0.13.1-py3-none-any.whl.metadata (1.7 kB)
2025-08-20T21:28:31.4895629Z #35 9.426 Collecting prompt-toolkit>=3.0.36 (from click-repl>=0.2.0->celery==5.3.*->-r requirements.txt (line 3))
2025-08-20T21:28:31.4896586Z #35 9.430   Downloading prompt_toolkit-3.0.51-py3-none-any.whl.metadata (6.4 kB)
2025-08-20T21:28:31.4897558Z #35 9.486 Collecting pyyaml (from confuse~=1.4.0->python-amazon-sp-api==0.8.0->-r requirements.txt (line 5))
2025-08-20T21:28:31.4898886Z #35 9.491   Downloading PyYAML-6.0.2-cp312-cp312-manylinux_2_17_x86_64.manylinux2014_x86_64.whl.metadata (2.1 kB)
2025-08-20T21:28:31.4899948Z #35 9.612 Collecting amqp<6.0.0,>=5.1.1 (from kombu<6.0,>=5.3.4->celery==5.3.*->-r requirements.txt (line 3))
2025-08-20T21:28:31.4900770Z #35 9.618   Downloading amqp-5.3.1-py3-none-any.whl.metadata (8.9 kB)
2025-08-20T21:28:31.4901606Z #35 9.651 Collecting annotated-types>=0.6.0 (from pydantic->keepa==1.3.14->-r requirements.txt (line 1))
2025-08-20T21:28:31.4902540Z #35 9.655   Downloading annotated_types-0.7.0-py3-none-any.whl.metadata (15 kB)
2025-08-20T21:28:31.5811801Z #35 ...
2025-08-20T21:28:31.5812036Z 
2025-08-20T21:28:31.5814441Z #34 [api stage-1 3/6] RUN set -eux;     if [ -f /etc/apt/sources.list ]; then         sed -i 's|http://deb.debian.org|https://deb.debian.org|g' /etc/apt/sources.list;     fi;     apt-get update;     apt-get install -y --no-install-recommends tzdata postgresql-client curl;     rm -rf /var/lib/apt/lists/*
2025-08-20T21:28:31.5815982Z #34 10.21 Setting up libgdbm-compat4t64:amd64 (1.24-2) ...
2025-08-20T21:28:31.5816484Z #34 10.22 Setting up libbrotli1:amd64 (1.1.0-2+b7) ...
2025-08-20T21:28:31.5816950Z #34 10.22 Setting up libnghttp2-14:amd64 (1.64.0-1.1) ...
2025-08-20T21:28:31.5838630Z #34 10.23 Setting up libcom-err2:amd64 (1.47.2-3+b3) ...
2025-08-20T21:28:31.5840749Z #34 10.23 Setting up libkrb5support0:amd64 (1.21.3-5) ...
2025-08-20T21:28:31.5841475Z #34 10.25 Setting up libsasl2-modules-db:amd64 (2.1.28+dfsg1-9) ...
2025-08-20T21:28:31.5842233Z #34 10.25 Setting up libp11-kit0:amd64 (0.25.5-3) ...
2025-08-20T21:28:31.5842773Z #34 10.25 Setting up libunistring5:amd64 (1.3-2) ...
2025-08-20T21:28:31.5843292Z #34 10.26 Setting up libk5crypto3:amd64 (1.21.3-5) ...
2025-08-20T21:28:31.5843847Z #34 10.27 Setting up libsasl2-2:amd64 (2.1.28+dfsg1-9) ...
2025-08-20T21:28:31.5844469Z #34 10.27 Setting up libnghttp3-9:amd64 (1.8.0-1) ...
2025-08-20T21:28:31.5845504Z #34 10.28 Setting up perl-modules-5.40 (5.40.1-6) ...
2025-08-20T21:28:31.5846048Z #34 10.28 Setting up sensible-utils (0.0.25) ...
2025-08-20T21:28:31.5846582Z #34 10.29 Setting up libtasn1-6:amd64 (4.20.0-2) ...
2025-08-20T21:28:31.5847329Z #34 10.29 Setting up libkrb5-3:amd64 (1.21.3-5) ...
2025-08-20T21:28:31.6954369Z #34 10.30 Setting up libssh2-1t64:amd64 (1.11.1-1) ...
2025-08-20T21:28:31.6955073Z #34 10.31 Setting up libldap2:amd64 (2.6.10+dfsg-1) ...
2025-08-20T21:28:31.6955568Z #34 10.32 Setting up libidn2-0:amd64 (2.3.8-2) ...
2025-08-20T21:28:31.6969012Z #34 10.32 Setting up libperl5.40:amd64 (5.40.1-6) ...
2025-08-20T21:28:31.6970679Z #34 10.32 Setting up perl (5.40.1-6) ...
2025-08-20T21:28:31.6972273Z #34 10.34 Setting up libgssapi-krb5-2:amd64 (1.21.3-5) ...
2025-08-20T21:28:31.6973961Z #34 10.34 Setting up libgnutls30t64:amd64 (3.8.9-3) ...
2025-08-20T21:28:31.6975604Z #34 10.35 Setting up postgresql-client-common (278) ...
2025-08-20T21:28:31.6976248Z #34 10.37 Setting up libpsl5t64:amd64 (0.21.2-1.1+b1) ...
2025-08-20T21:28:31.6976752Z #34 10.37 Setting up libpq5:amd64 (17.5-1) ...
2025-08-20T21:28:31.6977301Z #34 10.38 Setting up librtmp1:amd64 (2.4+20151223.gitfa8646d.1-2+b5) ...
2025-08-20T21:28:31.6978099Z #34 10.39 Setting up libcurl4t64:amd64 (8.14.1-2) ...
2025-08-20T21:28:31.6978646Z #34 10.39 Setting up postgresql-client-17 (17.5-1) ...
2025-08-20T21:28:32.4320309Z #34 11.14 update-alternatives: using /usr/share/postgresql/17/man/man1/psql.1.gz to provide /usr/share/man/man1/psql.1.gz (psql.1.gz) in auto mode
2025-08-20T21:28:32.5759786Z #34 11.23 Setting up curl (8.14.1-2) ...
2025-08-20T21:28:32.5760355Z #34 11.24 Setting up postgresql-client (17+278) ...
2025-08-20T21:28:32.5760883Z #34 11.24 Processing triggers for libc-bin (2.41-12) ...
2025-08-20T21:28:32.6787914Z #34 11.30 + rm -rf /var/lib/apt/lists/auxfiles /var/lib/apt/lists/deb.debian.org_debian-security_dists_trixie-security_InRelease /var/lib/apt/lists/deb.debian.org_debian-security_dists_trixie-security_main_binary-amd64_Packages.lz4 /var/lib/apt/lists/deb.debian.org_debian_dists_trixie-updates_InRelease /var/lib/apt/lists/deb.debian.org_debian_dists_trixie-updates_main_binary-amd64_Packages.lz4 /var/lib/apt/lists/deb.debian.org_debian_dists_trixie_InRelease /var/lib/apt/lists/deb.debian.org_debian_dists_trixie_main_binary-amd64_Packages.lz4 /var/lib/apt/lists/lock /var/lib/apt/lists/partial
2025-08-20T21:28:32.6804353Z #34 DONE 11.4s
2025-08-20T21:28:32.6805930Z 
2025-08-20T21:28:32.6807647Z #33 [api base  4/13] RUN pip install --no-cache-dir -r requirements.txt
2025-08-20T21:28:32.6839778Z #33 10.07   Downloading httptools-0.6.4-cp312-cp312-manylinux_2_5_x86_64.manylinux1_x86_64.manylinux_2_17_x86_64.manylinux2014_x86_64.whl.metadata (3.6 kB)
2025-08-20T21:28:32.6841117Z #33 10.12 Collecting pyyaml>=5.1 (from uvicorn[standard]>=0.12.0->fastapi==0.111.0->-r requirements.txt (line 3))
2025-08-20T21:28:32.6842196Z #33 10.13   Downloading PyYAML-6.0.2-cp312-cp312-manylinux_2_17_x86_64.manylinux2014_x86_64.whl.metadata (2.1 kB)
2025-08-20T21:28:32.6843378Z #33 10.20 Collecting uvloop!=0.15.0,!=0.15.1,>=0.14.0 (from uvicorn[standard]>=0.12.0->fastapi==0.111.0->-r requirements.txt (line 3))
2025-08-20T21:28:32.6844532Z #33 10.20   Downloading uvloop-0.21.0-cp312-cp312-manylinux_2_17_x86_64.manylinux2014_x86_64.whl.metadata (4.9 kB)
2025-08-20T21:28:32.6845585Z #33 10.41 Collecting watchfiles>=0.13 (from uvicorn[standard]>=0.12.0->fastapi==0.111.0->-r requirements.txt (line 3))
2025-08-20T21:28:32.6866902Z #33 10.42   Downloading watchfiles-1.1.0-cp312-cp312-manylinux_2_17_x86_64.manylinux2014_x86_64.whl.metadata (4.9 kB)
2025-08-20T21:28:32.6868365Z #33 10.61 Collecting websockets>=10.4 (from uvicorn[standard]>=0.12.0->fastapi==0.111.0->-r requirements.txt (line 3))
2025-08-20T21:28:32.6869742Z #33 10.61   Downloading websockets-15.0.1-cp312-cp312-manylinux_2_5_x86_64.manylinux1_x86_64.manylinux_2_17_x86_64.manylinux2014_x86_64.whl.metadata (6.8 kB)
2025-08-20T21:28:32.6871491Z #33 10.67 Collecting wcwidth (from prompt-toolkit>=3.0.36->click-repl>=0.2.0->celery==5.3.*->-r requirements.txt (line 11))
2025-08-20T21:28:32.6872561Z #33 10.68   Downloading wcwidth-0.2.13-py2.py3-none-any.whl.metadata (14 kB)
2025-08-20T21:28:32.6873889Z #33 10.77 Collecting rich>=13.7.1 (from rich-toolkit>=0.14.8->fastapi-cli>=0.0.2->fastapi==0.111.0->-r requirements.txt (line 3))
2025-08-20T21:28:32.6874863Z #33 10.77   Downloading rich-14.1.0-py3-none-any.whl.metadata (18 kB)
2025-08-20T21:28:32.6875813Z #33 10.83 Collecting shellingham>=1.3.0 (from typer>=0.15.1->fastapi-cli>=0.0.2->fastapi==0.111.0->-r requirements.txt (line 3))
2025-08-20T21:28:32.6876843Z #33 10.84   Downloading shellingham-1.5.4-py2.py3-none-any.whl.metadata (3.5 kB)
2025-08-20T21:28:32.6878148Z #33 10.94 Collecting markdown-it-py>=2.2.0 (from rich>=13.7.1->rich-toolkit>=0.14.8->fastapi-cli>=0.0.2->fastapi==0.111.0->-r requirements.txt (line 3))
2025-08-20T21:28:32.6879239Z #33 10.94   Downloading markdown_it_py-4.0.0-py3-none-any.whl.metadata (7.3 kB)
2025-08-20T21:28:32.6880296Z #33 10.99 Collecting pygments<3.0.0,>=2.13.0 (from rich>=13.7.1->rich-toolkit>=0.14.8->fastapi-cli>=0.0.2->fastapi==0.111.0->-r requirements.txt (line 3))
2025-08-20T21:28:32.6881366Z #33 10.99   Downloading pygments-2.19.2-py3-none-any.whl.metadata (2.5 kB)
2025-08-20T21:28:32.6882506Z #33 11.01 Collecting mdurl~=0.1 (from markdown-it-py>=2.2.0->rich>=13.7.1->rich-toolkit>=0.14.8->fastapi-cli>=0.0.2->fastapi==0.111.0->-r requirements.txt (line 3))
2025-08-20T21:28:32.6883621Z #33 11.01   Downloading mdurl-0.1.2-py3-none-any.whl.metadata (1.6 kB)
2025-08-20T21:28:32.6884274Z #33 11.04 Downloading uvicorn-0.29.0-py3-none-any.whl (60 kB)
2025-08-20T21:28:32.6884917Z #33 11.05 Downloading pydantic_settings-2.2.1-py3-none-any.whl (13 kB)
2025-08-20T21:28:32.6885613Z #33 11.06 Downloading fastapi-0.111.0-py3-none-any.whl (91 kB)
2025-08-20T21:28:32.6886452Z #33 11.07 Downloading SQLAlchemy-2.0.29-cp312-cp312-manylinux_2_17_x86_64.manylinux2014_x86_64.whl (3.2 MB)
2025-08-20T21:28:32.6899250Z #33 11.09    ━━━━━━━━━━━━━━━━━━━━━━━━━━━━━━━━━━━━━━━━ 3.2/3.2 MB 235.0 MB/s eta 0:00:00
2025-08-20T21:28:32.6900139Z #33 11.09 Downloading alembic-1.13.1-py3-none-any.whl (233 kB)
2025-08-20T21:28:32.6900957Z #33 11.10 Downloading psycopg-3.2.9-py3-none-any.whl (202 kB)
2025-08-20T21:28:32.6901553Z #33 11.10 Downloading httpx-0.27.2-py3-none-any.whl (76 kB)
2025-08-20T21:28:32.6902572Z #33 11.11 Downloading asyncpg-0.29.0-cp312-cp312-manylinux_2_17_x86_64.manylinux2014_x86_64.whl (3.3 MB)
2025-08-20T21:28:32.6903645Z #33 11.13    ━━━━━━━━━━━━━━━━━━━━━━━━━━━━━━━━━━━━━━━━ 3.3/3.3 MB 161.3 MB/s eta 0:00:00
2025-08-20T21:28:32.6904427Z #33 11.14 Downloading boto3-1.34.162-py3-none-any.whl (139 kB)
2025-08-20T21:28:32.6905024Z #33 11.14 Downloading jinja2-3.1.5-py3-none-any.whl (134 kB)
2025-08-20T21:28:32.6905599Z #33 11.14 Downloading celery-5.3.6-py3-none-any.whl (422 kB)
2025-08-20T21:28:32.6906195Z #33 11.17 Downloading structlog-24.1.0-py3-none-any.whl (65 kB)
2025-08-20T21:28:32.6906821Z #33 11.17 Downloading asgi_correlation_id-4.3.1-py3-none-any.whl (15 kB)
2025-08-20T21:28:32.6907564Z #33 11.17 Downloading fastapi_limiter-0.1.6-py3-none-any.whl (15 kB)
2025-08-20T21:28:32.6908444Z #33 11.18 Downloading redis-5.0.8-py3-none-any.whl (255 kB)
2025-08-20T21:28:32.6909062Z #33 11.19 Downloading sentry_sdk-2.9.0-py2.py3-none-any.whl (301 kB)
2025-08-20T21:28:32.6909692Z #33 11.19 Downloading httpcore-1.0.9-py3-none-any.whl (78 kB)
2025-08-20T21:28:32.6910518Z #33 11.20 Downloading psycopg_binary-3.2.9-cp312-cp312-manylinux_2_17_x86_64.manylinux2014_x86_64.whl (4.4 MB)
2025-08-20T21:28:32.6911557Z #33 11.22    ━━━━━━━━━━━━━━━━━━━━━━━━━━━━━━━━━━━━━━━━ 4.4/4.4 MB 339.4 MB/s eta 0:00:00
2025-08-20T21:28:32.6912102Z #33 11.22 Downloading billiard-4.2.1-py3-none-any.whl (86 kB)
2025-08-20T21:28:32.6912704Z #33 11.23 Downloading botocore-1.34.162-py3-none-any.whl (12.5 MB)
2025-08-20T21:28:32.6913530Z #33 11.30    ━━━━━━━━━━━━━━━━━━━━━━━━━━━━━━━━━━━━━━━━ 12.5/12.5 MB 196.9 MB/s eta 0:00:00
2025-08-20T21:28:32.6914109Z #33 11.31 Downloading click-8.2.1-py3-none-any.whl (102 kB)
2025-08-20T21:28:32.6915018Z #33 11.31 Downloading click_didyoumean-0.3.1-py3-none-any.whl (3.6 kB)
2025-08-20T21:28:32.6915716Z #33 11.32 Downloading click_plugins-1.1.1.2-py2.py3-none-any.whl (11 kB)
2025-08-20T21:28:32.6916606Z #33 11.34 Downloading click_repl-0.3.0-py3-none-any.whl (10 kB)
2025-08-20T21:28:32.6917251Z #33 11.34 Downloading email_validator-2.2.0-py3-none-any.whl (33 kB)
2025-08-20T21:28:32.6918085Z #33 11.35 Downloading fastapi_cli-0.0.8-py3-none-any.whl (10 kB)
2025-08-20T21:28:32.6918903Z #33 11.36 Downloading greenlet-3.2.4-cp312-cp312-manylinux_2_24_x86_64.manylinux_2_28_x86_64.whl (607 kB)
2025-08-20T21:28:32.6919912Z #33 11.37    ━━━━━━━━━━━━━━━━━━━━━━━━━━━━━━━━━━━━━━━ 607.6/607.6 kB 344.2 MB/s eta 0:00:00
2025-08-20T21:28:32.6920478Z #33 11.37 Downloading h11-0.16.0-py3-none-any.whl (37 kB)
2025-08-20T21:28:32.6921007Z #33 11.39 Downloading idna-3.10-py3-none-any.whl (70 kB)
2025-08-20T21:28:32.6921573Z #33 11.39 Downloading jmespath-1.0.1-py3-none-any.whl (20 kB)
2025-08-20T21:28:32.7797952Z #33 11.40 Downloading kombu-5.5.4-py3-none-any.whl (210 kB)
2025-08-20T21:28:32.7802129Z #33 11.40 Downloading vine-5.1.0-py3-none-any.whl (9.6 kB)
2025-08-20T21:28:32.7803101Z #33 11.41 Downloading MarkupSafe-3.0.2-cp312-cp312-manylinux_2_17_x86_64.manylinux2014_x86_64.whl (23 kB)
2025-08-20T21:28:32.7804171Z #33 11.42 Downloading orjson-3.11.2-cp312-cp312-manylinux_2_17_x86_64.manylinux2014_x86_64.whl (121 kB)
2025-08-20T21:28:32.7805024Z #33 11.42 Downloading pydantic-2.11.7-py3-none-any.whl (444 kB)
2025-08-20T21:28:32.7805904Z #33 11.43 Downloading pydantic_core-2.33.2-cp312-cp312-manylinux_2_17_x86_64.manylinux2014_x86_64.whl (2.0 MB)
2025-08-20T21:28:32.7807170Z #33 11.44    ━━━━━━━━━━━━━━━━━━━━━━━━━━━━━━━━━━━━━━━━ 2.0/2.0 MB 216.2 MB/s eta 0:00:00
2025-08-20T21:28:32.7808112Z #33 11.45 Downloading python_dateutil-2.9.0.post0-py2.py3-none-any.whl (229 kB)
2025-08-20T21:28:32.7808888Z #33 11.45 Downloading python_dotenv-1.1.1-py3-none-any.whl (20 kB)
2025-08-20T21:28:32.7809591Z #33 11.45 Downloading python_multipart-0.0.20-py3-none-any.whl (24 kB)
2025-08-20T21:28:32.7810292Z #33 11.46 Downloading s3transfer-0.10.4-py3-none-any.whl (83 kB)
2025-08-20T21:28:32.7810952Z #33 11.46 Downloading starlette-0.37.2-py3-none-any.whl (71 kB)
2025-08-20T21:28:32.7811549Z #33 11.47 Downloading anyio-4.10.0-py3-none-any.whl (107 kB)
2025-08-20T21:28:32.7812110Z #33 11.47 Downloading sniffio-1.3.1-py3-none-any.whl (10 kB)
2025-08-20T21:28:32.7812777Z #33 11.48 Downloading typing_extensions-4.14.1-py3-none-any.whl (43 kB)
2025-08-20T21:28:32.7813470Z #33 11.48 Downloading tzdata-2025.2-py2.py3-none-any.whl (347 kB)
2025-08-20T21:28:32.7814316Z #33 11.49 Downloading ujson-5.11.0-cp312-cp312-manylinux_2_24_x86_64.manylinux_2_28_x86_64.whl (57 kB)
2025-08-20T21:28:32.7815145Z #33 11.49 Downloading urllib3-2.5.0-py3-none-any.whl (129 kB)
2025-08-20T21:28:32.8818293Z #33 11.49 Downloading certifi-2025.8.3-py3-none-any.whl (161 kB)
2025-08-20T21:28:32.8818978Z #33 11.50 Downloading mako-1.3.10-py3-none-any.whl (78 kB)
2025-08-20T21:28:32.8820309Z #33 11.50 Downloading amqp-5.3.1-py3-none-any.whl (50 kB)
2025-08-20T21:28:32.8821796Z #33 11.51 Downloading annotated_types-0.7.0-py3-none-any.whl (13 kB)
2025-08-20T21:28:32.8823490Z #33 11.51 Downloading dnspython-2.7.0-py3-none-any.whl (313 kB)
2025-08-20T21:28:32.8824890Z #33 11.52 Downloading httptools-0.6.4-cp312-cp312-manylinux_2_5_x86_64.manylinux1_x86_64.manylinux_2_17_x86_64.manylinux2014_x86_64.whl (510 kB)
2025-08-20T21:28:32.8826287Z #33 11.52 Downloading prompt_toolkit-3.0.51-py3-none-any.whl (387 kB)
2025-08-20T21:28:32.8828070Z #33 11.53 Downloading PyYAML-6.0.2-cp312-cp312-manylinux_2_17_x86_64.manylinux2014_x86_64.whl (767 kB)
2025-08-20T21:28:32.8829711Z #33 11.53    ━━━━━━━━━━━━━━━━━━━━━━━━━━━━━━━━━━━━━━━ 767.5/767.5 kB 422.0 MB/s eta 0:00:00
2025-08-20T21:28:32.8830587Z #33 11.54 Downloading rich_toolkit-0.15.0-py3-none-any.whl (29 kB)
2025-08-20T21:28:32.8832420Z #33 11.54 Downloading six-1.17.0-py2.py3-none-any.whl (11 kB)
2025-08-20T21:28:32.8839506Z #33 11.54 Downloading typer-0.16.1-py3-none-any.whl (46 kB)
2025-08-20T21:28:32.8840207Z #33 11.55 Downloading typing_inspection-0.4.1-py3-none-any.whl (14 kB)
2025-08-20T21:28:32.8841354Z #33 11.55 Downloading uvloop-0.21.0-cp312-cp312-manylinux_2_17_x86_64.manylinux2014_x86_64.whl (4.7 MB)
2025-08-20T21:28:32.8842405Z #33 11.57    ━━━━━━━━━━━━━━━━━━━━━━━━━━━━━━━━━━━━━━━━ 4.7/4.7 MB 392.0 MB/s eta 0:00:00
2025-08-20T21:28:32.8843244Z #33 11.57 Downloading watchfiles-1.1.0-cp312-cp312-manylinux_2_17_x86_64.manylinux2014_x86_64.whl (452 kB)
2025-08-20T21:28:32.8844577Z #33 11.58 Downloading websockets-15.0.1-cp312-cp312-manylinux_2_5_x86_64.manylinux1_x86_64.manylinux_2_17_x86_64.manylinux2014_x86_64.whl (182 kB)
2025-08-20T21:28:32.8845616Z #33 11.58 Downloading packaging-25.0-py3-none-any.whl (66 kB)
2025-08-20T21:28:32.8846229Z #33 11.58 Downloading rich-14.1.0-py3-none-any.whl (243 kB)
2025-08-20T21:28:32.8846863Z #33 11.59 Downloading shellingham-1.5.4-py2.py3-none-any.whl (9.8 kB)
2025-08-20T21:28:32.8847574Z #33 11.59 Downloading wcwidth-0.2.13-py2.py3-none-any.whl (34 kB)
2025-08-20T21:28:33.0232978Z #33 11.60 Downloading markdown_it_py-4.0.0-py3-none-any.whl (87 kB)
2025-08-20T21:28:33.0258157Z #33 11.60 Downloading pygments-2.19.2-py3-none-any.whl (1.2 MB)
2025-08-20T21:28:33.0259337Z #33 11.61    ━━━━━━━━━━━━━━━━━━━━━━━━━━━━━━━━━━━━━━━━ 1.2/1.2 MB 401.4 MB/s eta 0:00:00
2025-08-20T21:28:33.0259984Z #33 11.62 Downloading mdurl-0.1.2-py3-none-any.whl (10.0 kB)
2025-08-20T21:28:33.2343869Z #33 11.95 Installing collected packages: wcwidth, websockets, vine, uvloop, urllib3, ujson, tzdata, typing-extensions, structlog, sniffio, six, shellingham, redis, pyyaml, python-multipart, python-dotenv, pygments, psycopg-binary, prompt-toolkit, packaging, orjson, mdurl, MarkupSafe, jmespath, idna, httptools, h11, greenlet, dnspython, click, certifi, billiard, asyncpg, annotated-types, uvicorn, typing-inspection, sqlalchemy, sentry-sdk, python-dateutil, pydantic-core, psycopg, markdown-it-py, Mako, Jinja2, httpcore, email_validator, click-repl, click-plugins, click-didyoumean, anyio, amqp, watchfiles, starlette, rich, pydantic, kombu, httpx, botocore, alembic, typer, s3transfer, rich-toolkit, pydantic-settings, celery, asgi-correlation-id, fastapi-cli, boto3, fastapi, fastapi-limiter
2025-08-20T21:28:33.4348996Z #33 ...
2025-08-20T21:28:33.4352301Z 
2025-08-20T21:28:33.4353137Z #31 [fees_h10 base 4/6] RUN if [ -n "" ] && [ -f "fees_h10/" ]; then         pip install -r fees_h10/requirements.txt -c fees_h10/;     else         pip install -r fees_h10/requirements.txt;     fi
2025-08-20T21:28:33.4356213Z #31 11.61 Successfully installed PyJWT-2.10.1 amqp-5.3.1 anyio-4.10.0 asyncpg-0.30.0 billiard-4.2.1 celery-5.4.0 certifi-2025.8.3 click-8.2.1 click-didyoumean-0.3.1 click-plugins-1.1.1.2 click-repl-0.3.0 greenlet-3.2.4 h11-0.16.0 httpcore-1.0.9 httpx-0.28.1 idna-3.10 kombu-5.5.4 packaging-25.0 prompt-toolkit-3.0.51 python-dateutil-2.9.0.post0 redis-5.3.1 six-1.17.0 sniffio-1.3.1 sqlalchemy-2.0.43 typing-extensions-4.14.1 tzdata-2025.2 vine-5.1.0 wcwidth-0.2.13
2025-08-20T21:28:33.4360651Z #31 11.61 WARNING: Running pip as the 'root' user can result in broken permissions and conflicting behaviour with the system package manager, possibly rendering your system unusable. It is recommended to use a virtual environment instead: https://pip.pypa.io/warnings/venv. Use the --root-user-action option if you know what you are doing and want to suppress this warning.
2025-08-20T21:28:33.4362678Z #31 11.71 
2025-08-20T21:28:33.4363049Z #31 11.71 [notice] A new release of pip is available: 25.0.1 -> 25.2
2025-08-20T21:28:33.4363663Z #31 11.71 [notice] To update, run: pip install --upgrade pip
2025-08-20T21:28:33.4364147Z #31 DONE 11.9s
2025-08-20T21:28:33.4364326Z 
2025-08-20T21:28:33.4364468Z #36 [fees_h10 base 5/6] COPY . ./fees_h10
2025-08-20T21:28:33.4364816Z #36 DONE 0.0s
2025-08-20T21:28:33.4364972Z 
2025-08-20T21:28:33.4365126Z #37 [fees_h10 base 6/6] COPY start.sh ./start.sh
2025-08-20T21:28:33.4365523Z #37 DONE 0.0s
2025-08-20T21:28:33.4846780Z 
2025-08-20T21:28:33.4853840Z #35 [etl base 4/5] RUN if [ -n "" ] && [ -f "" ]; then         pip install -r requirements.txt -c "";     else         pip install -r requirements.txt;     fi
2025-08-20T21:28:33.4855276Z #35 10.66 Collecting pydantic-core==2.33.2 (from pydantic->keepa==1.3.14->-r requirements.txt (line 1))
2025-08-20T21:28:33.4856395Z #35 10.66   Downloading pydantic_core-2.33.2-cp312-cp312-manylinux_2_17_x86_64.manylinux2014_x86_64.whl.metadata (6.8 kB)
2025-08-20T21:28:33.4882297Z #35 10.69 Collecting typing-extensions>=4.12.2 (from pydantic->keepa==1.3.14->-r requirements.txt (line 1))
2025-08-20T21:28:33.4883483Z #35 10.70   Downloading typing_extensions-4.14.1-py3-none-any.whl.metadata (3.0 kB)
2025-08-20T21:28:33.4884638Z #35 10.73 Collecting typing-inspection>=0.4.0 (from pydantic->keepa==1.3.14->-r requirements.txt (line 1))
2025-08-20T21:28:33.4885720Z #35 10.73   Downloading typing_inspection-0.4.1-py3-none-any.whl.metadata (2.6 kB)
2025-08-20T21:28:33.4886830Z #35 10.90 Collecting charset_normalizer<4,>=2 (from requests>=2.2->keepa==1.3.14->-r requirements.txt (line 1))
2025-08-20T21:28:33.4889149Z #35 10.92   Downloading charset_normalizer-3.4.3-cp312-cp312-manylinux2014_x86_64.manylinux_2_17_x86_64.manylinux_2_28_x86_64.whl.metadata (36 kB)
2025-08-20T21:28:33.4890564Z #35 10.96 Collecting idna<4,>=2.5 (from requests>=2.2->keepa==1.3.14->-r requirements.txt (line 1))
2025-08-20T21:28:33.4891535Z #35 10.97   Downloading idna-3.10-py3-none-any.whl.metadata (10 kB)
2025-08-20T21:28:33.4893065Z #35 11.03 Collecting mypy-extensions>=0.3.0 (from typing-inspect>=0.6.0->pandera==0.19.*->-r requirements.txt (line 9))
2025-08-20T21:28:33.4894455Z #35 11.04   Downloading mypy_extensions-1.1.0-py3-none-any.whl.metadata (1.1 kB)
2025-08-20T21:28:33.4895639Z #35 11.08 Collecting aiohappyeyeballs>=2.5.0 (from aiohttp->keepa==1.3.14->-r requirements.txt (line 1))
2025-08-20T21:28:33.4896675Z #35 11.09   Downloading aiohappyeyeballs-2.6.1-py3-none-any.whl.metadata (5.9 kB)
2025-08-20T21:28:33.4900823Z #35 11.11 Collecting aiosignal>=1.4.0 (from aiohttp->keepa==1.3.14->-r requirements.txt (line 1))
2025-08-20T21:28:33.4901841Z #35 11.11   Downloading aiosignal-1.4.0-py3-none-any.whl.metadata (3.7 kB)
2025-08-20T21:28:33.4902665Z #35 11.16 Collecting attrs>=17.3.0 (from aiohttp->keepa==1.3.14->-r requirements.txt (line 1))
2025-08-20T21:28:33.4903449Z #35 11.17   Downloading attrs-25.3.0-py3-none-any.whl.metadata (10 kB)
2025-08-20T21:28:33.4904256Z #35 11.42 Collecting frozenlist>=1.1.1 (from aiohttp->keepa==1.3.14->-r requirements.txt (line 1))
2025-08-20T21:28:33.4905464Z #35 11.43   Downloading frozenlist-1.7.0-cp312-cp312-manylinux_2_5_x86_64.manylinux1_x86_64.manylinux_2_17_x86_64.manylinux2014_x86_64.whl.metadata (18 kB)
2025-08-20T21:28:33.4906659Z #35 11.72 Collecting multidict<7.0,>=4.5 (from aiohttp->keepa==1.3.14->-r requirements.txt (line 1))
2025-08-20T21:28:33.4907953Z #35 11.73   Downloading multidict-6.6.4-cp312-cp312-manylinux2014_x86_64.manylinux_2_17_x86_64.manylinux_2_28_x86_64.whl.metadata (5.3 kB)
2025-08-20T21:28:33.4909071Z #35 11.79 Collecting propcache>=0.2.0 (from aiohttp->keepa==1.3.14->-r requirements.txt (line 1))
2025-08-20T21:28:33.4910094Z #35 11.80   Downloading propcache-0.3.2-cp312-cp312-manylinux_2_17_x86_64.manylinux2014_x86_64.whl.metadata (12 kB)
2025-08-20T21:28:33.6416054Z #35 12.18 Collecting yarl<2.0,>=1.17.0 (from aiohttp->keepa==1.3.14->-r requirements.txt (line 1))
2025-08-20T21:28:33.6417510Z #35 12.18   Downloading yarl-1.20.1-cp312-cp312-manylinux_2_17_x86_64.manylinux2014_x86_64.whl.metadata (73 kB)
2025-08-20T21:28:33.7992714Z #35 12.34 Collecting wcwidth (from prompt-toolkit>=3.0.36->click-repl>=0.2.0->celery==5.3.*->-r requirements.txt (line 3))
2025-08-20T21:28:33.7995361Z #35 12.34   Downloading wcwidth-0.2.13-py2.py3-none-any.whl.metadata (14 kB)
2025-08-20T21:28:33.9154394Z #35 12.61 Downloading keepa-1.3.14-py3-none-any.whl (33 kB)
2025-08-20T21:28:34.0714812Z #35 12.62 Downloading minio-7.1.15-py3-none-any.whl (77 kB)
2025-08-20T21:28:34.0732733Z #35 12.63 Downloading celery-5.3.6-py3-none-any.whl (422 kB)
2025-08-20T21:28:34.0733377Z #35 12.64 Downloading redis-5.3.1-py3-none-any.whl (272 kB)
2025-08-20T21:28:34.0734282Z #35 12.66 Downloading python_amazon_sp_api-0.8.0-py3-none-any.whl (93 kB)
2025-08-20T21:28:34.0734989Z #35 12.67 Downloading pydantic_settings-2.2.1-py3-none-any.whl (13 kB)
2025-08-20T21:28:34.0735718Z #35 12.67 Downloading pandas-2.2.3-cp312-cp312-manylinux_2_17_x86_64.manylinux2014_x86_64.whl (12.7 MB)
2025-08-20T21:28:34.1862351Z #35 12.77    ━━━━━━━━━━━━━━━━━━━━━━━━━━━━━━━━━━━━━━━━ 12.7/12.7 MB 138.6 MB/s eta 0:00:00
2025-08-20T21:28:34.1868164Z #35 12.78 Downloading pandera-0.19.3-py3-none-any.whl (251 kB)
2025-08-20T21:28:34.1869269Z #35 12.78 Downloading openpyxl-3.1.5-py2.py3-none-any.whl (250 kB)
2025-08-20T21:28:34.1871175Z #35 12.80 Downloading psycopg2_binary-2.9.10-cp312-cp312-manylinux_2_17_x86_64.manylinux2014_x86_64.whl (3.0 MB)
2025-08-20T21:28:34.1889757Z #35 12.83    ━━━━━━━━━━━━━━━━━━━━━━━━━━━━━━━━━━━━━━━━ 3.0/3.0 MB 124.9 MB/s eta 0:00:00
2025-08-20T21:28:34.1893044Z #35 12.84 Downloading numpy-1.26.4-cp312-cp312-manylinux_2_17_x86_64.manylinux2014_x86_64.whl (18.0 MB)
2025-08-20T21:28:34.3013739Z #35 12.98    ━━━━━━━━━━━━━━━━━━━━━━━━━━━━━━━━━━━━━━━━ 18.0/18.0 MB 135.9 MB/s eta 0:00:00
2025-08-20T21:28:34.4034420Z #35 13.00 Downloading billiard-4.2.1-py3-none-any.whl (86 kB)
2025-08-20T21:28:34.4037847Z #35 13.01 Downloading boto3-1.40.14-py3-none-any.whl (140 kB)
2025-08-20T21:28:34.4038627Z #35 13.01 Downloading cachetools-4.2.4-py3-none-any.whl (10 kB)
2025-08-20T21:28:34.4039344Z #35 13.02 Downloading click-8.2.1-py3-none-any.whl (102 kB)
2025-08-20T21:28:34.4042150Z #35 13.03 Downloading click_didyoumean-0.3.1-py3-none-any.whl (3.6 kB)
2025-08-20T21:28:34.4069681Z #35 13.04 Downloading click_plugins-1.1.1.2-py2.py3-none-any.whl (11 kB)
2025-08-20T21:28:34.4070584Z #35 13.04 Downloading click_repl-0.3.0-py3-none-any.whl (10 kB)
2025-08-20T21:28:34.4071909Z #35 13.05 Downloading confuse-1.4.0-py2.py3-none-any.whl (21 kB)
2025-08-20T21:28:34.4072808Z #35 13.06 Downloading kombu-5.5.4-py3-none-any.whl (210 kB)
2025-08-20T21:28:34.4074121Z #35 13.07 Downloading vine-5.1.0-py3-none-any.whl (9.6 kB)
2025-08-20T21:28:34.4074746Z #35 13.07 Downloading multimethod-1.10-py3-none-any.whl (9.9 kB)
2025-08-20T21:28:34.4075360Z #35 13.08 Downloading packaging-25.0-py3-none-any.whl (66 kB)
2025-08-20T21:28:34.4075954Z #35 13.09 Downloading pydantic-2.11.7-py3-none-any.whl (444 kB)
2025-08-20T21:28:34.5039700Z #35 13.10 Downloading pydantic_core-2.33.2-cp312-cp312-manylinux_2_17_x86_64.manylinux2014_x86_64.whl (2.0 MB)
2025-08-20T21:28:34.5042525Z #35 13.12    ━━━━━━━━━━━━━━━━━━━━━━━━━━━━━━━━━━━━━━━━ 2.0/2.0 MB 104.1 MB/s eta 0:00:00
2025-08-20T21:28:34.5043113Z #35 13.13 Downloading PyJWT-2.10.1-py3-none-any.whl (22 kB)
2025-08-20T21:28:34.5043839Z #35 13.14 Downloading python_dateutil-2.9.0.post0-py2.py3-none-any.whl (229 kB)
2025-08-20T21:28:34.5044573Z #35 13.16 Downloading python_dotenv-1.1.1-py3-none-any.whl (20 kB)
2025-08-20T21:28:34.5045574Z #35 13.17 Downloading pytz-2025.2-py2.py3-none-any.whl (509 kB)
2025-08-20T21:28:34.5046186Z #35 13.18 Downloading requests-2.32.5-py3-none-any.whl (64 kB)
2025-08-20T21:28:34.5047049Z #35 13.19 Downloading certifi-2025.8.3-py3-none-any.whl (161 kB)
2025-08-20T21:28:34.5047643Z #35 13.19 Downloading six-1.17.0-py2.py3-none-any.whl (11 kB)
2025-08-20T21:28:34.6169179Z #35 13.20 Downloading typing_inspect-0.9.0-py3-none-any.whl (8.8 kB)
2025-08-20T21:28:34.6183381Z #35 13.21 Downloading tzdata-2025.2-py2.py3-none-any.whl (347 kB)
2025-08-20T21:28:34.6184237Z #35 13.22 Downloading urllib3-2.5.0-py3-none-any.whl (129 kB)
2025-08-20T21:28:34.6185127Z #35 13.22 Downloading aiohttp-3.12.15-cp312-cp312-manylinux_2_17_x86_64.manylinux2014_x86_64.whl (1.7 MB)
2025-08-20T21:28:34.6186195Z #35 13.26    ━━━━━━━━━━━━━━━━━━━━━━━━━━━━━━━━━━━━━━━━ 1.7/1.7 MB 48.5 MB/s eta 0:00:00
2025-08-20T21:28:34.6186718Z #35 13.29 Downloading et_xmlfile-2.0.0-py3-none-any.whl (18 kB)
2025-08-20T21:28:34.6187463Z #35 13.30 Downloading pycryptodome-3.23.0-cp37-abi3-manylinux_2_17_x86_64.manylinux2014_x86_64.whl (2.3 MB)
2025-08-20T21:28:34.7725093Z #35 13.31    ━━━━━━━━━━━━━━━━━━━━━━━━━━━━━━━━━━━━━━━━ 2.3/2.3 MB 150.4 MB/s eta 0:00:00
2025-08-20T21:28:34.7726105Z #35 13.32 Downloading tqdm-4.67.1-py3-none-any.whl (78 kB)
2025-08-20T21:28:34.7729479Z #35 13.32 Downloading typeguard-4.4.4-py3-none-any.whl (34 kB)
2025-08-20T21:28:34.7730828Z #35 13.33 Downloading wrapt-1.17.3-cp312-cp312-manylinux1_x86_64.manylinux_2_28_x86_64.manylinux_2_5_x86_64.whl (88 kB)
2025-08-20T21:28:34.7733604Z #35 13.34 Downloading aiohappyeyeballs-2.6.1-py3-none-any.whl (15 kB)
2025-08-20T21:28:34.7734275Z #35 13.34 Downloading aiosignal-1.4.0-py3-none-any.whl (7.5 kB)
2025-08-20T21:28:34.7734841Z #35 13.35 Downloading amqp-5.3.1-py3-none-any.whl (50 kB)
2025-08-20T21:28:34.7735435Z #35 13.36 Downloading annotated_types-0.7.0-py3-none-any.whl (13 kB)
2025-08-20T21:28:34.7736036Z #35 13.37 Downloading attrs-25.3.0-py3-none-any.whl (63 kB)
2025-08-20T21:28:34.7736612Z #35 13.37 Downloading botocore-1.40.14-py3-none-any.whl (14.0 MB)
2025-08-20T21:28:34.7737459Z #35 13.47    ━━━━━━━━━━━━━━━━━━━━━━━━━━━━━━━━━━━━━━━━ 14.0/14.0 MB 154.4 MB/s eta 0:00:00
2025-08-20T21:28:34.8729861Z #35 13.47 Downloading charset_normalizer-3.4.3-cp312-cp312-manylinux2014_x86_64.manylinux_2_17_x86_64.manylinux_2_28_x86_64.whl (151 kB)
2025-08-20T21:28:34.8731325Z #35 13.50 Downloading frozenlist-1.7.0-cp312-cp312-manylinux_2_5_x86_64.manylinux1_x86_64.manylinux_2_17_x86_64.manylinux2014_x86_64.whl (241 kB)
2025-08-20T21:28:34.8732302Z #35 13.53 Downloading idna-3.10-py3-none-any.whl (70 kB)
2025-08-20T21:28:34.8732860Z #35 13.54 Downloading jmespath-1.0.1-py3-none-any.whl (20 kB)
2025-08-20T21:28:34.9769474Z #35 ...
2025-08-20T21:28:34.9770134Z 
2025-08-20T21:28:34.9772663Z #32 [postgres 2/6] RUN set -eux;     if [ -f /etc/apt/sources.list ]; then         sed -i 's|http://deb.debian.org|https://deb.debian.org|g' /etc/apt/sources.list;     fi;     apt-get update;     apt-get install -y locales;     locale-gen en_US.UTF-8;     rm -rf /var/lib/apt/lists/*
2025-08-20T21:28:34.9774569Z #32 1.326 Reading package lists...
2025-08-20T21:28:34.9775212Z #32 2.303 + apt-get install -y locales
2025-08-20T21:28:34.9776266Z #32 2.314 Reading package lists...
2025-08-20T21:28:34.9861473Z #32 3.200 Building dependency tree...
2025-08-20T21:28:34.9866363Z #32 3.417 Reading state information...
2025-08-20T21:28:34.9866924Z #32 3.619 locales is already the newest version (2.41-12).
2025-08-20T21:28:34.9867578Z #32 3.619 0 upgraded, 0 newly installed, 0 to remove and 1 not upgraded.
2025-08-20T21:28:34.9884376Z #32 3.621 + locale-gen en_US.UTF-8
2025-08-20T21:28:34.9886908Z #32 3.626 Generating locales (this might take a while)...
2025-08-20T21:28:34.9889400Z #32 3.638   en_US.UTF-8... done
2025-08-20T21:28:34.9890073Z #32 5.345 Generation complete.
2025-08-20T21:28:34.9896834Z #32 5.345 + rm -rf /var/lib/apt/lists/apt.postgresql.org_pub_repos_apt_dists_trixie-pgdg_16_binary-amd64_Packages.lz4 /var/lib/apt/lists/apt.postgresql.org_pub_repos_apt_dists_trixie-pgdg_InRelease /var/lib/apt/lists/apt.postgresql.org_pub_repos_apt_dists_trixie-pgdg_main_binary-amd64_Packages.lz4 /var/lib/apt/lists/auxfiles /var/lib/apt/lists/deb.debian.org_debian-security_dists_trixie-security_InRelease /var/lib/apt/lists/deb.debian.org_debian-security_dists_trixie-security_main_binary-amd64_Packages.lz4 /var/lib/apt/lists/deb.debian.org_debian_dists_trixie-updates_InRelease /var/lib/apt/lists/deb.debian.org_debian_dists_trixie-updates_main_binary-amd64_Packages.lz4 /var/lib/apt/lists/deb.debian.org_debian_dists_trixie_InRelease /var/lib/apt/lists/deb.debian.org_debian_dists_trixie_main_binary-amd64_Packages.lz4 /var/lib/apt/lists/lock /var/lib/apt/lists/partial
2025-08-20T21:28:34.9928392Z #32 DONE 5.4s
2025-08-20T21:28:34.9928717Z 
2025-08-20T21:28:34.9929239Z #38 [postgres 3/6] COPY docker/postgres/pg_hba.conf /etc/postgresql/pg_hba.conf
2025-08-20T21:28:34.9930307Z #38 DONE 0.0s
2025-08-20T21:28:34.9930643Z 
2025-08-20T21:28:34.9931281Z #39 [postgres 4/6] COPY docker/postgres/init-pg_hba.sh /docker-entrypoint-initdb.d/10_init_pg_hba.sh
2025-08-20T21:28:34.9932234Z #39 DONE 0.0s
2025-08-20T21:28:34.9932571Z 
2025-08-20T21:28:34.9933156Z #40 [postgres 5/6] COPY docker/postgres/postgresql.conf /etc/postgresql/postgresql.conf
2025-08-20T21:28:34.9934198Z #40 DONE 0.0s
2025-08-20T21:28:34.9934627Z 
2025-08-20T21:28:34.9935280Z #35 [etl base 4/5] RUN if [ -n "" ] && [ -f "" ]; then         pip install -r requirements.txt -c "";     else         pip install -r requirements.txt;     fi
2025-08-20T21:28:34.9936841Z #35 13.57 Downloading multidict-6.6.4-cp312-cp312-manylinux2014_x86_64.manylinux_2_17_x86_64.manylinux_2_28_x86_64.whl (256 kB)
2025-08-20T21:28:34.9938402Z #35 13.59 Downloading mypy_extensions-1.1.0-py3-none-any.whl (5.0 kB)
2025-08-20T21:28:34.9942113Z #35 13.60 Downloading prompt_toolkit-3.0.51-py3-none-any.whl (387 kB)
2025-08-20T21:28:34.9943046Z #35 13.61 Downloading propcache-0.3.2-cp312-cp312-manylinux_2_17_x86_64.manylinux2014_x86_64.whl (224 kB)
2025-08-20T21:28:34.9943914Z #35 13.62 Downloading s3transfer-0.13.1-py3-none-any.whl (85 kB)
2025-08-20T21:28:34.9944596Z #35 13.64 Downloading typing_extensions-4.14.1-py3-none-any.whl (43 kB)
2025-08-20T21:28:34.9945325Z #35 13.65 Downloading typing_inspection-0.4.1-py3-none-any.whl (14 kB)
2025-08-20T21:28:34.9946176Z #35 13.66 Downloading yarl-1.20.1-cp312-cp312-manylinux_2_17_x86_64.manylinux2014_x86_64.whl (355 kB)
2025-08-20T21:28:34.9947161Z #35 13.67 Downloading PyYAML-6.0.2-cp312-cp312-manylinux_2_17_x86_64.manylinux2014_x86_64.whl (767 kB)
2025-08-20T21:28:35.1717162Z #35 13.71    ━━━━━━━━━━━━━━━━━━━━━━━━━━━━━━━━━━━━━━━━ 767.5/767.5 kB 21.7 MB/s eta 0:00:00
2025-08-20T21:28:35.1720978Z #35 13.71 Downloading wcwidth-0.2.13-py2.py3-none-any.whl (34 kB)
2025-08-20T21:28:35.1803789Z #35 ...
2025-08-20T21:28:35.1811816Z 
2025-08-20T21:28:35.1812979Z #41 [postgres 6/6] RUN chmod 0644 /etc/postgresql/pg_hba.conf &&     chmod +x /docker-entrypoint-initdb.d/10_init_pg_hba.sh
2025-08-20T21:28:35.1814080Z #41 DONE 0.2s
2025-08-20T21:28:35.3330289Z 
2025-08-20T21:28:35.3333036Z #42 [postgres] exporting to image
2025-08-20T21:28:35.3335545Z #42 exporting layers
2025-08-20T21:28:36.5853800Z #42 exporting layers 1.4s done
2025-08-20T21:28:36.8284279Z #42 writing image sha256:1fed01b3157c984e74dfa58cb8406b723af44c0f42fd52690fef05622d6f50ee done
2025-08-20T21:28:36.8287860Z #42 naming to docker.io/library/awa-app-postgres done
2025-08-20T21:28:36.8288298Z #42 DONE 1.4s
2025-08-20T21:28:36.8288467Z 
2025-08-20T21:28:36.8288662Z #43 [postgres] resolving provenance for metadata file
2025-08-20T21:28:36.8289086Z #43 DONE 0.0s
2025-08-20T21:28:36.8289243Z 
2025-08-20T21:28:36.8289495Z #44 [fees_h10 stage-1 3/5] COPY --from=base /usr/local /usr/local
2025-08-20T21:28:36.8289951Z #44 DONE 2.5s
2025-08-20T21:28:36.8290102Z 
2025-08-20T21:28:36.8290273Z #45 [fees_h10 stage-1 4/5] COPY --from=base /app /app
2025-08-20T21:28:36.8290666Z #45 DONE 0.0s
2025-08-20T21:28:36.8290817Z 
2025-08-20T21:28:36.8291312Z #46 [fees_h10 stage-1 5/5] RUN chmod +x ./start.sh
2025-08-20T21:28:36.8629955Z #46 DONE 0.2s
2025-08-20T21:28:36.8644590Z 
2025-08-20T21:28:36.8646127Z #35 [etl base 4/5] RUN if [ -n "" ] && [ -f "" ]; then         pip install -r requirements.txt -c "";     else         pip install -r requirements.txt;     fi
2025-08-20T21:28:36.8651191Z #35 14.15 Installing collected packages: wcwidth, pytz, wrapt, vine, urllib3, tzdata, typing-extensions, tqdm, six, pyyaml, python-dotenv, PyJWT, pycryptodome, psycopg2-binary, propcache, prompt-toolkit, packaging, numpy, mypy-extensions, multimethod, multidict, jmespath, idna, frozenlist, et-xmlfile, click, charset_normalizer, certifi, cachetools, billiard, attrs, annotated-types, aiohappyeyeballs, yarl, typing-inspection, typing-inspect, typeguard, requests, redis, python-dateutil, pydantic-core, openpyxl, minio, confuse, click-repl, click-plugins, click-didyoumean, amqp, aiosignal, pydantic, pandas, kombu, botocore, aiohttp, s3transfer, pydantic-settings, pandera, keepa, celery, boto3, python-amazon-sp-api
2025-08-20T21:28:38.4602229Z #35 ...
2025-08-20T21:28:38.4603001Z 
2025-08-20T21:28:38.4603326Z #47 [fees_h10] exporting to image
2025-08-20T21:28:38.4605467Z #47 exporting layers 1.4s done
2025-08-20T21:28:38.4606374Z #47 writing image sha256:11b99cb6c3b75bf4532fac2e8cf33deed30c499de577c20f8970c5efc094a00c done
2025-08-20T21:28:38.4607322Z #47 naming to docker.io/library/awa-app-fees_h10 done
2025-08-20T21:28:38.4608373Z #47 DONE 1.4s
2025-08-20T21:28:38.4608579Z 
2025-08-20T21:28:38.4608983Z #48 [fees_h10] resolving provenance for metadata file
2025-08-20T21:28:38.4609521Z #48 DONE 0.0s
2025-08-20T21:28:38.6108748Z 
2025-08-20T21:28:38.6110385Z #35 [etl base 4/5] RUN if [ -n "" ] && [ -f "" ]; then         pip install -r requirements.txt -c "";     else         pip install -r requirements.txt;     fi
2025-08-20T21:28:41.8588841Z #35 ...
2025-08-20T21:28:41.8589081Z 
2025-08-20T21:28:41.8589398Z #33 [api base  4/13] RUN pip install --no-cache-dir -r requirements.txt
2025-08-20T21:28:41.8595989Z #33 20.57 Successfully installed Jinja2-3.1.5 Mako-1.3.10 MarkupSafe-3.0.2 alembic-1.13.1 amqp-5.3.1 annotated-types-0.7.0 anyio-4.10.0 asgi-correlation-id-4.3.1 asyncpg-0.29.0 billiard-4.2.1 boto3-1.34.162 botocore-1.34.162 celery-5.3.6 certifi-2025.8.3 click-8.2.1 click-didyoumean-0.3.1 click-plugins-1.1.1.2 click-repl-0.3.0 dnspython-2.7.0 email_validator-2.2.0 fastapi-0.111.0 fastapi-cli-0.0.8 fastapi-limiter-0.1.6 greenlet-3.2.4 h11-0.16.0 httpcore-1.0.9 httptools-0.6.4 httpx-0.27.2 idna-3.10 jmespath-1.0.1 kombu-5.5.4 markdown-it-py-4.0.0 mdurl-0.1.2 orjson-3.11.2 packaging-25.0 prompt-toolkit-3.0.51 psycopg-3.2.9 psycopg-binary-3.2.9 pydantic-2.11.7 pydantic-core-2.33.2 pydantic-settings-2.2.1 pygments-2.19.2 python-dateutil-2.9.0.post0 python-dotenv-1.1.1 python-multipart-0.0.20 pyyaml-6.0.2 redis-5.0.8 rich-14.1.0 rich-toolkit-0.15.0 s3transfer-0.10.4 sentry-sdk-2.9.0 shellingham-1.5.4 six-1.17.0 sniffio-1.3.1 sqlalchemy-2.0.29 starlette-0.37.2 structlog-24.1.0 typer-0.16.1 typing-extensions-4.14.1 typing-inspection-0.4.1 tzdata-2025.2 ujson-5.11.0 urllib3-2.5.0 uvicorn-0.29.0 uvloop-0.21.0 vine-5.1.0 watchfiles-1.1.0 wcwidth-0.2.13 websockets-15.0.1
2025-08-20T21:28:42.0703826Z #33 20.57 WARNING: Running pip as the 'root' user can result in broken permissions and conflicting behaviour with the system package manager, possibly rendering your system unusable. It is recommended to use a virtual environment instead: https://pip.pypa.io/warnings/venv. Use the --root-user-action option if you know what you are doing and want to suppress this warning.
2025-08-20T21:28:42.0707108Z #33 20.63 
2025-08-20T21:28:42.0707615Z #33 20.63 [notice] A new release of pip is available: 25.0.1 -> 25.2
2025-08-20T21:28:42.0708718Z #33 20.63 [notice] To update, run: pip install --upgrade pip
2025-08-20T21:28:42.5315226Z #33 DONE 21.2s
2025-08-20T21:28:42.5315761Z 
2025-08-20T21:28:42.5316832Z #35 [etl base 4/5] RUN if [ -n "" ] && [ -f "" ]; then         pip install -r requirements.txt -c "";     else         pip install -r requirements.txt;     fi
2025-08-20T21:28:42.7710951Z #35 ...
2025-08-20T21:28:42.7712573Z 
2025-08-20T21:28:42.7712863Z #49 [api base  5/13] COPY services/api/ ./services/api
2025-08-20T21:28:42.7713737Z #49 DONE 0.0s
2025-08-20T21:28:42.7713935Z 
2025-08-20T21:28:42.7714167Z #50 [api base  6/13] COPY services/common/ ./services/common
2025-08-20T21:28:42.7714672Z #50 DONE 0.0s
2025-08-20T21:28:42.7714866Z 
2025-08-20T21:28:42.7715084Z #51 [api base  7/13] COPY services/ingest/ ./services/ingest
2025-08-20T21:28:42.7715581Z #51 DONE 0.0s
2025-08-20T21:28:42.7715758Z 
2025-08-20T21:28:42.7715960Z #52 [api base  8/13] COPY services/etl/ ./services/etl
2025-08-20T21:28:42.7716427Z #52 DONE 0.0s
2025-08-20T21:28:42.7716597Z 
2025-08-20T21:28:42.7716742Z #53 [api base  9/13] COPY api/ ./api
2025-08-20T21:28:42.7717129Z #53 DONE 0.0s
2025-08-20T21:28:42.7717301Z 
2025-08-20T21:28:42.7717543Z #54 [api base 10/13] COPY services/api/alembic.ini ./alembic.ini
2025-08-20T21:28:42.7718280Z #54 DONE 0.0s
2025-08-20T21:28:42.7718455Z 
2025-08-20T21:28:42.7718620Z #55 [api base 11/13] COPY alembic/ ./alembic/
2025-08-20T21:28:42.7719035Z #55 DONE 0.0s
2025-08-20T21:28:42.7719216Z 
2025-08-20T21:28:42.7719489Z #56 [api base 12/13] COPY services/api/entrypoint.sh ./entrypoint.sh
2025-08-20T21:28:42.7720023Z #56 DONE 0.0s
2025-08-20T21:28:42.7720207Z 
2025-08-20T21:28:42.7720391Z #57 [api base 13/13] RUN chmod +x ./entrypoint.sh
2025-08-20T21:28:42.7720828Z #57 DONE 0.1s
2025-08-20T21:28:42.9211636Z 
2025-08-20T21:28:42.9212956Z #35 [etl base 4/5] RUN if [ -n "" ] && [ -f "" ]; then         pip install -r requirements.txt -c "";     else         pip install -r requirements.txt;     fi
2025-08-20T21:28:43.8268982Z #35 ...
2025-08-20T21:28:43.8269341Z 
2025-08-20T21:28:43.8269749Z #58 [api stage-1 4/6] COPY --from=base /usr/local /usr/local
2025-08-20T21:28:45.6565536Z #58 DONE 1.8s
2025-08-20T21:28:45.6566055Z 
2025-08-20T21:28:45.6566854Z #35 [etl base 4/5] RUN if [ -n "" ] && [ -f "" ]; then         pip install -r requirements.txt -c "";     else         pip install -r requirements.txt;     fi
2025-08-20T21:28:45.8170831Z #35 ...
2025-08-20T21:28:45.8171118Z 
2025-08-20T21:28:45.8171332Z #59 [api stage-1 5/6] COPY --from=base /app /app
2025-08-20T21:28:45.8171808Z #59 DONE 0.0s
2025-08-20T21:28:45.8171984Z 
2025-08-20T21:28:45.8172189Z #60 [api stage-1 6/6] RUN chmod +x /app/entrypoint.sh
2025-08-20T21:28:45.8172662Z #60 DONE 0.1s
2025-08-20T21:28:45.9691830Z 
2025-08-20T21:28:45.9692360Z #61 [api] exporting to image
2025-08-20T21:28:45.9692816Z #61 exporting layers
2025-08-20T21:28:48.1175116Z #61 exporting layers 2.3s done
2025-08-20T21:28:48.2439639Z #61 writing image sha256:663dbcc2ea38e6595b3e0c59915b45e072e71cf83a32d35dab69277a3aaca798 done
2025-08-20T21:28:48.2440469Z #61 naming to docker.io/library/awa-app-api done
2025-08-20T21:28:48.2440924Z #61 DONE 2.3s
2025-08-20T21:28:48.2441102Z 
2025-08-20T21:28:48.2441299Z #62 [api] resolving provenance for metadata file
2025-08-20T21:28:48.2441759Z #62 DONE 0.0s
2025-08-20T21:28:48.2441934Z 
2025-08-20T21:28:48.2442452Z #35 [etl base 4/5] RUN if [ -n "" ] && [ -f "" ]; then         pip install -r requirements.txt -c "";     else         pip install -r requirements.txt;     fi
2025-08-20T21:28:48.2449296Z #35 26.88 Successfully installed PyJWT-2.10.1 aiohappyeyeballs-2.6.1 aiohttp-3.12.15 aiosignal-1.4.0 amqp-5.3.1 annotated-types-0.7.0 attrs-25.3.0 billiard-4.2.1 boto3-1.40.14 botocore-1.40.14 cachetools-4.2.4 celery-5.3.6 certifi-2025.8.3 charset_normalizer-3.4.3 click-8.2.1 click-didyoumean-0.3.1 click-plugins-1.1.1.2 click-repl-0.3.0 confuse-1.4.0 et-xmlfile-2.0.0 frozenlist-1.7.0 idna-3.10 jmespath-1.0.1 keepa-1.3.14 kombu-5.5.4 minio-7.1.15 multidict-6.6.4 multimethod-1.10 mypy-extensions-1.1.0 numpy-1.26.4 openpyxl-3.1.5 packaging-25.0 pandas-2.2.3 pandera-0.19.3 prompt-toolkit-3.0.51 propcache-0.3.2 psycopg2-binary-2.9.10 pycryptodome-3.23.0 pydantic-2.11.7 pydantic-core-2.33.2 pydantic-settings-2.2.1 python-amazon-sp-api-0.8.0 python-dateutil-2.9.0.post0 python-dotenv-1.1.1 pytz-2025.2 pyyaml-6.0.2 redis-5.3.1 requests-2.32.5 s3transfer-0.13.1 six-1.17.0 tqdm-4.67.1 typeguard-4.4.4 typing-extensions-4.14.1 typing-inspect-0.9.0 typing-inspection-0.4.1 tzdata-2025.2 urllib3-2.5.0 vine-5.1.0 wcwidth-0.2.13 wrapt-1.17.3 yarl-1.20.1
2025-08-20T21:28:48.2456654Z #35 26.88 WARNING: Running pip as the 'root' user can result in broken permissions and conflicting behaviour with the system package manager, possibly rendering your system unusable. It is recommended to use a virtual environment instead: https://pip.pypa.io/warnings/venv. Use the --root-user-action option if you know what you are doing and want to suppress this warning.
2025-08-20T21:28:48.3943174Z #35 26.94 
2025-08-20T21:28:48.3943708Z #35 26.94 [notice] A new release of pip is available: 25.0.1 -> 25.2
2025-08-20T21:28:48.3944386Z #35 26.94 [notice] To update, run: pip install --upgrade pip
2025-08-20T21:28:48.7649218Z #35 DONE 27.3s
2025-08-20T21:28:48.7649481Z 
2025-08-20T21:28:48.7649700Z #63 [celery_worker base 5/5] COPY services/etl/ .
2025-08-20T21:28:48.7650160Z #63 DONE 0.0s
2025-08-20T21:28:49.8580864Z 
2025-08-20T21:28:49.8581624Z #64 [celery_worker stage-1 3/9] COPY --from=base /usr/local /usr/local
2025-08-20T21:28:52.5176740Z #64 DONE 2.5s
2025-08-20T21:28:52.5177647Z 
2025-08-20T21:28:52.5178207Z #65 [celery_worker stage-1 4/9] COPY --from=base /app /app
2025-08-20T21:28:52.5178974Z #65 DONE 0.0s
2025-08-20T21:28:52.5179246Z 
2025-08-20T21:28:52.5180843Z #66 [etl stage-1 5/9] RUN set -eux;     if [ -f /etc/apt/sources.list ]; then         sed -i 's|http://deb.debian.org|https://deb.debian.org|g' /etc/apt/sources.list;     fi;     apt-get update;     apt-get install -y --no-install-recommends tzdata;     rm -rf /var/lib/apt/lists/*
2025-08-20T21:28:52.5182207Z #66 0.122 + [ -f /etc/apt/sources.list ]
2025-08-20T21:28:52.5182591Z #66 0.122 + apt-get update
2025-08-20T21:28:52.6361478Z #66 0.182 Hit:1 http://deb.debian.org/debian trixie InRelease
2025-08-20T21:28:52.6362603Z #66 0.182 Get:2 http://deb.debian.org/debian trixie-updates InRelease [47.1 kB]
2025-08-20T21:28:52.6367298Z #66 0.184 Get:3 http://deb.debian.org/debian-security trixie-security InRelease [43.4 kB]
2025-08-20T21:28:52.6368348Z #66 0.197 Get:4 http://deb.debian.org/debian trixie/main amd64 Packages [9668 kB]
2025-08-20T21:28:52.7874816Z #66 0.241 Get:5 http://deb.debian.org/debian trixie-updates/main amd64 Packages [2432 B]
2025-08-20T21:28:52.7875775Z #66 0.242 Get:6 http://deb.debian.org/debian-security trixie-security/main amd64 Packages [20.5 kB]
2025-08-20T21:28:53.2706416Z #66 0.875 Fetched 9781 kB in 1s (13.4 MB/s)
2025-08-20T21:28:53.7124259Z #66 0.875 Reading package lists...
2025-08-20T21:28:53.8801152Z #66 1.327 + apt-get install -y --no-install-recommends tzdata
2025-08-20T21:28:54.3051029Z #66 1.335 Reading package lists...
2025-08-20T21:28:54.4403660Z #66 1.788 Building dependency tree...
2025-08-20T21:28:54.4404438Z #66 1.910 Reading state information...
2025-08-20T21:28:54.6074931Z #66 2.045 tzdata is already the newest version (2025b-4).
2025-08-20T21:28:54.6075886Z #66 2.045 0 upgraded, 0 newly installed, 0 to remove and 0 not upgraded.
2025-08-20T21:28:54.6083930Z #66 2.046 + rm -rf /var/lib/apt/lists/auxfiles /var/lib/apt/lists/deb.debian.org_debian-security_dists_trixie-security_InRelease /var/lib/apt/lists/deb.debian.org_debian-security_dists_trixie-security_main_binary-amd64_Packages.lz4 /var/lib/apt/lists/deb.debian.org_debian_dists_trixie-updates_InRelease /var/lib/apt/lists/deb.debian.org_debian_dists_trixie-updates_main_binary-amd64_Packages.lz4 /var/lib/apt/lists/deb.debian.org_debian_dists_trixie_InRelease /var/lib/apt/lists/deb.debian.org_debian_dists_trixie_main_binary-amd64_Packages.lz4 /var/lib/apt/lists/lock /var/lib/apt/lists/partial
2025-08-20T21:28:54.6089642Z #66 DONE 2.1s
2025-08-20T21:28:54.6089859Z 
2025-08-20T21:28:54.6090370Z #67 [celery_worker stage-1 6/9] COPY services/etl/wait-for-it.sh /usr/local/bin/wait-for-it.sh
2025-08-20T21:28:54.6091510Z #67 DONE 0.0s
2025-08-20T21:28:54.6092169Z 
2025-08-20T21:28:54.6092496Z #68 [celery_worker stage-1 7/9] RUN chmod +x /usr/local/bin/wait-for-it.sh
2025-08-20T21:28:54.7456072Z #68 DONE 0.1s
2025-08-20T21:28:54.7461300Z 
2025-08-20T21:28:54.7461707Z #69 [etl stage-1 8/9] COPY services/etl/entrypoint.sh /app/entrypoint.sh
2025-08-20T21:28:54.7462403Z #69 DONE 0.0s
2025-08-20T21:28:54.7462908Z 
2025-08-20T21:28:54.7463195Z #70 [celery_worker stage-1 9/9] RUN chmod +x /app/entrypoint.sh
2025-08-20T21:28:54.8994643Z #70 DONE 0.1s
2025-08-20T21:28:54.9005979Z 
2025-08-20T21:28:54.9006166Z #71 [etl] exporting to image
2025-08-20T21:28:54.9006587Z #71 exporting layers
2025-08-20T21:28:57.8782966Z #71 exporting layers 3.1s done
2025-08-20T21:28:57.9123117Z #71 writing image sha256:3766e2d56afe6431079fc95601f069740f7ceb97e40b2b9af0b611c31c5b9a26 done
2025-08-20T21:28:57.9123716Z #71 naming to docker.io/library/awa-app-etl done
2025-08-20T21:28:57.9124245Z #71 DONE 3.1s
2025-08-20T21:28:57.9124573Z  etl  Built
2025-08-20T21:28:57.9124749Z 
2025-08-20T21:28:57.9125016Z  fees_h10  Built
2025-08-20T21:28:57.9125389Z #72 [celery_worker] exporting to image
2025-08-20T21:28:57.9125879Z #72 exporting layers 3.1s done
2025-08-20T21:28:57.9126668Z #72 writing image sha256:3766e2d56afe6431079fc95601f069740f7ceb97e40b2b9af0b611c31c5b9a26 done
2025-08-20T21:28:57.9127627Z #72 naming to docker.io/library/awa-app-celery_worker done
2025-08-20T21:28:57.9128416Z #72 DONE 3.1s
2025-08-20T21:28:57.9128621Z 
2025-08-20T21:28:57.9128875Z #73 [celery_worker] resolving provenance for metadata file
2025-08-20T21:28:57.9129435Z #73 DONE 0.0s
2025-08-20T21:28:57.9129620Z 
2025-08-20T21:28:57.9129818Z #74 [etl] resolving provenance for metadata file
2025-08-20T21:28:57.9130354Z #74 DONE 0.0s
2025-08-20T21:28:57.9130708Z  api  Built
2025-08-20T21:28:57.9131071Z  celery_worker  Built
2025-08-20T21:28:57.9131464Z  postgres  Built
2025-08-20T21:28:57.9201395Z ##[group]Run export COMPOSE_DOCKER_CLI_BUILD=1 DOCKER_BUILDKIT=1
2025-08-20T21:28:57.9201897Z [36;1mexport COMPOSE_DOCKER_CLI_BUILD=1 DOCKER_BUILDKIT=1[0m
2025-08-20T21:28:57.9202259Z [36;1mdocker compose \[0m
2025-08-20T21:28:57.9202519Z [36;1m  -f docker-compose.yml \[0m
2025-08-20T21:28:57.9202829Z [36;1m  -f docker-compose.ci.yml \[0m
2025-08-20T21:28:57.9203147Z [36;1m  -f docker-compose.postgres.yml \[0m
2025-08-20T21:28:57.9203439Z [36;1m  pull[0m
2025-08-20T21:28:57.9245803Z shell: /usr/bin/bash -e {0}
2025-08-20T21:28:57.9246107Z env:
2025-08-20T21:28:57.9246419Z   GITHUB_SHA: 8662cc9525ec3953e0e40629b80b57e3fced61f2
2025-08-20T21:28:57.9246791Z ##[endgroup]
2025-08-20T21:28:58.0474254Z  etl Skipped - No image to be pulled 
2025-08-20T21:28:58.0474845Z  postgres Skipped - No image to be pulled 
2025-08-20T21:28:58.0475382Z  api Skipped - No image to be pulled 
2025-08-20T21:28:58.0475862Z  fees_h10 Skipped - No image to be pulled 
2025-08-20T21:28:58.0476461Z  celery_worker Skipped - No image to be pulled 
2025-08-20T21:28:58.0476918Z  redis Pulling 
2025-08-20T21:28:58.0477208Z  minio Pulling 
2025-08-20T21:28:58.2821622Z  dd15713b0f22 Pulling fs layer 
2025-08-20T21:28:58.2822710Z  fd312a3c94fc Pulling fs layer 
2025-08-20T21:28:58.2823427Z  02e05d20c69e Pulling fs layer 
2025-08-20T21:28:58.2824093Z  1f08d9fb7d7d Pulling fs layer 
2025-08-20T21:28:58.2824766Z  b452b5fb7338 Pulling fs layer 
2025-08-20T21:28:58.2825448Z  e14ab7c7ae26 Pulling fs layer 
2025-08-20T21:28:58.2826147Z  3bf7f4428838 Pulling fs layer 
2025-08-20T21:28:58.2826820Z  adc9ba906e83 Pulling fs layer 
2025-08-20T21:28:58.2827509Z  1611ffcaf8be Pulling fs layer 
2025-08-20T21:28:58.2828305Z  1f08d9fb7d7d Waiting 
2025-08-20T21:28:58.2828637Z  b452b5fb7338 Waiting 
2025-08-20T21:28:58.2829062Z  e14ab7c7ae26 Waiting 
2025-08-20T21:28:58.2829378Z  3bf7f4428838 Waiting 
2025-08-20T21:28:58.2829733Z  adc9ba906e83 Waiting 
2025-08-20T21:28:58.2890538Z  0368fd46e3c6 Pulling fs layer 
2025-08-20T21:28:58.2891453Z  4c55286bbede Pulling fs layer 
2025-08-20T21:28:58.2892297Z  5e28347af205 Pulling fs layer 
2025-08-20T21:28:58.2893357Z  311eca34042e Pulling fs layer 
2025-08-20T21:28:58.2894927Z  e6fe6f07e192 Pulling fs layer 
2025-08-20T21:28:58.2895347Z  a2cadbfeca72 Pulling fs layer 
2025-08-20T21:28:58.2895759Z  4f4fb700ef54 Pulling fs layer 
2025-08-20T21:28:58.2896470Z  a976ed7e7808 Pulling fs layer 
2025-08-20T21:28:58.2896839Z  311eca34042e Waiting 
2025-08-20T21:28:58.2897157Z  e6fe6f07e192 Waiting 
2025-08-20T21:28:58.2897479Z  a2cadbfeca72 Waiting 
2025-08-20T21:28:58.2897985Z  4f4fb700ef54 Waiting 
2025-08-20T21:28:58.2898325Z  a976ed7e7808 Waiting 
2025-08-20T21:28:58.2898646Z  0368fd46e3c6 Waiting 
2025-08-20T21:28:58.2898979Z  4c55286bbede Waiting 
2025-08-20T21:28:58.2899309Z  5e28347af205 Waiting 
2025-08-20T21:28:58.3509379Z  fd312a3c94fc Downloading [>                                                  ]  17.36kB/1.637MB
2025-08-20T21:28:58.3555851Z  02e05d20c69e Downloading [>                                                  ]  2.301kB/122.7kB
2025-08-20T21:28:58.3581454Z  02e05d20c69e Downloading [==================================================>]  122.7kB/122.7kB
2025-08-20T21:28:58.3582264Z  02e05d20c69e Verifying Checksum 
2025-08-20T21:28:58.3582710Z  02e05d20c69e Download complete 
2025-08-20T21:28:58.3625553Z  dd15713b0f22 Downloading [>                                                  ]  75.85kB/7.24MB
2025-08-20T21:28:58.3699768Z  fd312a3c94fc Verifying Checksum 
2025-08-20T21:28:58.3701262Z  fd312a3c94fc Download complete 
2025-08-20T21:28:58.4181941Z  1f08d9fb7d7d Downloading [>                                                  ]  404.9kB/39.39MB
2025-08-20T21:28:58.4221186Z  dd15713b0f22 Verifying Checksum 
2025-08-20T21:28:58.4222322Z  dd15713b0f22 Download complete 
2025-08-20T21:28:58.4227273Z  dd15713b0f22 Extracting [>                                                  ]   98.3kB/7.24MB
2025-08-20T21:28:58.4500433Z  b452b5fb7338 Downloading [>                                                  ]  115.7kB/11.19MB
2025-08-20T21:28:58.5036311Z  e14ab7c7ae26 Downloading [>                                                  ]  24.74kB/2.402MB
2025-08-20T21:28:58.5172543Z  e14ab7c7ae26 Verifying Checksum 
2025-08-20T21:28:58.5172965Z  e14ab7c7ae26 Download complete 
2025-08-20T21:28:58.5245213Z  1f08d9fb7d7d Downloading [=========>                                         ]  7.674MB/39.39MB
2025-08-20T21:28:58.5295882Z  dd15713b0f22 Extracting [==============>                                    ]  2.163MB/7.24MB
2025-08-20T21:28:58.5573199Z  b452b5fb7338 Downloading [=======================>                           ]   5.29MB/11.19MB
2025-08-20T21:28:58.5896897Z  3bf7f4428838 Downloading [>                                                  ]  2.302kB/180.3kB
2025-08-20T21:28:58.5924560Z  3bf7f4428838 Downloading [==================================================>]  180.3kB/180.3kB
2025-08-20T21:28:58.5925217Z  3bf7f4428838 Verifying Checksum 
2025-08-20T21:28:58.5925655Z  3bf7f4428838 Download complete 
2025-08-20T21:28:58.6305181Z  1f08d9fb7d7d Downloading [=====================>                             ]  16.55MB/39.39MB
2025-08-20T21:28:58.6402868Z  adc9ba906e83 Downloading [===>                                               ]     932B/11.88kB
2025-08-20T21:28:58.6406338Z  adc9ba906e83 Download complete 
2025-08-20T21:28:58.6538307Z  b452b5fb7338 Verifying Checksum 
2025-08-20T21:28:58.6540230Z  b452b5fb7338 Download complete 
2025-08-20T21:28:58.6550285Z  dd15713b0f22 Extracting [============================================>      ]  6.488MB/7.24MB
2025-08-20T21:28:58.6815007Z  dd15713b0f22 Extracting [==================================================>]   7.24MB/7.24MB
2025-08-20T21:28:58.6915152Z  dd15713b0f22 Pull complete 
2025-08-20T21:28:58.6928717Z  fd312a3c94fc Extracting [=>                                                 ]  32.77kB/1.637MB
2025-08-20T21:28:58.7024747Z  0368fd46e3c6 Downloading [>                                                  ]  37.73kB/3.638MB
2025-08-20T21:28:58.7316184Z  fd312a3c94fc Extracting [==================================================>]  1.637MB/1.637MB
2025-08-20T21:28:58.7333260Z  1f08d9fb7d7d Downloading [============================>                      ]  22.21MB/39.39MB
2025-08-20T21:28:58.7353168Z  fd312a3c94fc Extracting [==================================================>]  1.637MB/1.637MB
2025-08-20T21:28:58.7425197Z  1611ffcaf8be Downloading [==================================================>]     498B/498B
2025-08-20T21:28:58.7428194Z  1611ffcaf8be Verifying Checksum 
2025-08-20T21:28:58.7429758Z  1611ffcaf8be Download complete 
2025-08-20T21:28:58.7495954Z  0368fd46e3c6 Verifying Checksum 
2025-08-20T21:28:58.7497441Z  0368fd46e3c6 Download complete 
2025-08-20T21:28:58.7511977Z  0368fd46e3c6 Extracting [>                                                  ]  65.54kB/3.638MB
2025-08-20T21:28:58.7992849Z  4c55286bbede Downloading [=================================================> ]     935B/950B
2025-08-20T21:28:58.7995867Z  4c55286bbede Download complete 
2025-08-20T21:28:58.8070311Z  fd312a3c94fc Pull complete 
2025-08-20T21:28:58.8083006Z  02e05d20c69e Extracting [=============>                                     ]  32.77kB/122.7kB
2025-08-20T21:28:58.8095209Z  02e05d20c69e Extracting [==================================================>]  122.7kB/122.7kB
2025-08-20T21:28:58.8243037Z  02e05d20c69e Pull complete 
2025-08-20T21:28:58.8279394Z  5e28347af205 Downloading [>                                                  ]  2.303kB/173.2kB
2025-08-20T21:28:58.8358669Z  5e28347af205 Verifying Checksum 
2025-08-20T21:28:58.8359172Z  5e28347af205 Download complete 
2025-08-20T21:28:58.8431653Z  1f08d9fb7d7d Downloading [====================================>              ]  29.12MB/39.39MB
2025-08-20T21:28:58.8523623Z  0368fd46e3c6 Extracting [=================================>                 ]  2.425MB/3.638MB
2025-08-20T21:28:58.8567124Z  311eca34042e Downloading [>                                                  ]  11.03kB/1.003MB
2025-08-20T21:28:58.8637576Z  311eca34042e Downloading [==================================================>]  1.003MB/1.003MB
2025-08-20T21:28:58.8638475Z  311eca34042e Verifying Checksum 
2025-08-20T21:28:58.8638902Z  311eca34042e Download complete 
2025-08-20T21:28:58.8695346Z  0368fd46e3c6 Extracting [==================================================>]  3.638MB/3.638MB
2025-08-20T21:28:58.8882773Z  0368fd46e3c6 Pull complete 
2025-08-20T21:28:58.8893616Z  4c55286bbede Extracting [==================================================>]     950B/950B
2025-08-20T21:28:58.8898232Z  4c55286bbede Extracting [==================================================>]     950B/950B
2025-08-20T21:28:58.8975580Z  e6fe6f07e192 Downloading [>                                                  ]  127.3kB/12.41MB
2025-08-20T21:28:58.9054227Z  4c55286bbede Pull complete 
2025-08-20T21:28:58.9065640Z  5e28347af205 Extracting [=========>                                         ]  32.77kB/173.2kB
2025-08-20T21:28:58.9082620Z  5e28347af205 Extracting [==================================================>]  173.2kB/173.2kB
2025-08-20T21:28:58.9212465Z  a2cadbfeca72 Downloading [==================================================>]      99B/99B
2025-08-20T21:28:58.9213201Z  a2cadbfeca72 Verifying Checksum 
2025-08-20T21:28:58.9213637Z  a2cadbfeca72 Download complete 
2025-08-20T21:28:58.9341890Z  5e28347af205 Extracting [==================================================>]  173.2kB/173.2kB
2025-08-20T21:28:58.9651522Z  1f08d9fb7d7d Downloading [=============================================>     ]  35.98MB/39.39MB
2025-08-20T21:28:59.0002344Z  e6fe6f07e192 Downloading [====================>                              ]  5.045MB/12.41MB
2025-08-20T21:28:59.0110340Z  1f08d9fb7d7d Verifying Checksum 
2025-08-20T21:28:59.0111417Z  1f08d9fb7d7d Download complete 
2025-08-20T21:28:59.0207329Z  1f08d9fb7d7d Extracting [>                                                  ]    426kB/39.39MB
2025-08-20T21:28:59.0318949Z  4f4fb700ef54 Downloading [==================================================>]      32B/32B
2025-08-20T21:28:59.0320792Z  4f4fb700ef54 Verifying Checksum 
2025-08-20T21:28:59.0321233Z  4f4fb700ef54 Download complete 
2025-08-20T21:28:59.0611087Z  5e28347af205 Pull complete 
2025-08-20T21:28:59.0648319Z  a976ed7e7808 Download complete 
2025-08-20T21:28:59.0649686Z  311eca34042e Extracting [=>                                                 ]  32.77kB/1.003MB
2025-08-20T21:28:59.0877988Z  311eca34042e Extracting [==================================================>]  1.003MB/1.003MB
2025-08-20T21:28:59.0881058Z  311eca34042e Extracting [==================================================>]  1.003MB/1.003MB
2025-08-20T21:28:59.1011402Z  311eca34042e Pull complete 
2025-08-20T21:28:59.1018164Z  e6fe6f07e192 Downloading [================================>                  ]  7.973MB/12.41MB
2025-08-20T21:28:59.1230224Z  1f08d9fb7d7d Extracting [=========>                                         ]  7.668MB/39.39MB
2025-08-20T21:28:59.1643133Z  e6fe6f07e192 Verifying Checksum 
2025-08-20T21:28:59.1644015Z  e6fe6f07e192 Download complete 
2025-08-20T21:28:59.1656236Z  e6fe6f07e192 Extracting [>                                                  ]  131.1kB/12.41MB
2025-08-20T21:28:59.2256289Z  1f08d9fb7d7d Extracting [==================>                                ]  14.48MB/39.39MB
2025-08-20T21:28:59.2672269Z  e6fe6f07e192 Extracting [=====================>                             ]  5.243MB/12.41MB
2025-08-20T21:28:59.3257905Z  1f08d9fb7d7d Extracting [============================>                      ]  22.15MB/39.39MB
2025-08-20T21:28:59.3688839Z  e6fe6f07e192 Extracting [================================================>  ]  12.06MB/12.41MB
2025-08-20T21:28:59.3752014Z  e6fe6f07e192 Extracting [==================================================>]  12.41MB/12.41MB
2025-08-20T21:28:59.4085670Z  e6fe6f07e192 Pull complete 
2025-08-20T21:28:59.4097920Z  a2cadbfeca72 Extracting [==================================================>]      99B/99B
2025-08-20T21:28:59.4103598Z  a2cadbfeca72 Extracting [==================================================>]      99B/99B
2025-08-20T21:28:59.4192535Z  a2cadbfeca72 Pull complete 
2025-08-20T21:28:59.4211973Z  4f4fb700ef54 Extracting [==================================================>]      32B/32B
2025-08-20T21:28:59.4214715Z  4f4fb700ef54 Extracting [==================================================>]      32B/32B
2025-08-20T21:28:59.4296501Z  4f4fb700ef54 Pull complete 
2025-08-20T21:28:59.4309054Z  a976ed7e7808 Extracting [==================================================>]     574B/574B
2025-08-20T21:28:59.4312590Z  a976ed7e7808 Extracting [==================================================>]     574B/574B
2025-08-20T21:28:59.4409060Z  1f08d9fb7d7d Extracting [======================================>            ]  30.24MB/39.39MB
2025-08-20T21:28:59.4422060Z  a976ed7e7808 Pull complete 
2025-08-20T21:28:59.4484823Z  redis Pulled 
2025-08-20T21:28:59.5421753Z  1f08d9fb7d7d Extracting [=================================================> ]  39.19MB/39.39MB
2025-08-20T21:28:59.5439162Z  1f08d9fb7d7d Extracting [==================================================>]  39.39MB/39.39MB
2025-08-20T21:28:59.5609854Z  1f08d9fb7d7d Pull complete 
2025-08-20T21:28:59.5630943Z  b452b5fb7338 Extracting [>                                                  ]  131.1kB/11.19MB
2025-08-20T21:28:59.6636541Z  b452b5fb7338 Extracting [====================================>              ]  8.126MB/11.19MB
2025-08-20T21:28:59.6941520Z  b452b5fb7338 Extracting [==================================================>]  11.19MB/11.19MB
2025-08-20T21:28:59.7091073Z  b452b5fb7338 Pull complete 
2025-08-20T21:28:59.7102012Z  e14ab7c7ae26 Extracting [>                                                  ]  32.77kB/2.402MB
2025-08-20T21:28:59.7458813Z  e14ab7c7ae26 Extracting [==================================================>]  2.402MB/2.402MB
2025-08-20T21:28:59.7533339Z  e14ab7c7ae26 Pull complete 
2025-08-20T21:28:59.7543487Z  3bf7f4428838 Extracting [=========>                                         ]  32.77kB/180.3kB
2025-08-20T21:28:59.7594329Z  3bf7f4428838 Extracting [==================================================>]  180.3kB/180.3kB
2025-08-20T21:28:59.7608847Z  3bf7f4428838 Extracting [==================================================>]  180.3kB/180.3kB
2025-08-20T21:28:59.7685679Z  3bf7f4428838 Pull complete 
2025-08-20T21:28:59.7695939Z  adc9ba906e83 Extracting [==================================================>]  11.88kB/11.88kB
2025-08-20T21:28:59.7701557Z  adc9ba906e83 Extracting [==================================================>]  11.88kB/11.88kB
2025-08-20T21:28:59.7766829Z  adc9ba906e83 Pull complete 
2025-08-20T21:28:59.7778262Z  1611ffcaf8be Extracting [==================================================>]     498B/498B
2025-08-20T21:28:59.7781663Z  1611ffcaf8be Extracting [==================================================>]     498B/498B
2025-08-20T21:28:59.7855392Z  1611ffcaf8be Pull complete 
2025-08-20T21:28:59.7927836Z  minio Pulled 
2025-08-20T21:28:59.8000304Z ##[group]Run export COMPOSE_DOCKER_CLI_BUILD=1 DOCKER_BUILDKIT=1
2025-08-20T21:28:59.8000898Z [36;1mexport COMPOSE_DOCKER_CLI_BUILD=1 DOCKER_BUILDKIT=1[0m
2025-08-20T21:28:59.8001322Z [36;1mdocker compose \[0m
2025-08-20T21:28:59.8001615Z [36;1m  -f docker-compose.yml \[0m
2025-08-20T21:28:59.8001939Z [36;1m  -f docker-compose.ci.yml \[0m
2025-08-20T21:28:59.8002275Z [36;1m  -f docker-compose.postgres.yml \[0m
2025-08-20T21:28:59.8002642Z [36;1m  up -d --wait --no-build --pull always[0m
2025-08-20T21:28:59.8044459Z shell: /usr/bin/bash -e {0}
2025-08-20T21:28:59.8044785Z env:
2025-08-20T21:28:59.8045095Z   GITHUB_SHA: 8662cc9525ec3953e0e40629b80b57e3fced61f2
2025-08-20T21:28:59.8045508Z ##[endgroup]
2025-08-20T21:28:59.9638524Z  minio Pulling 
2025-08-20T21:28:59.9638935Z  redis Pulling 
2025-08-20T21:29:00.0950094Z  redis Pulled 
2025-08-20T21:29:00.0990592Z  minio Pulled 
2025-08-20T21:29:00.1008176Z  Network awa-app_awa-net  Creating
2025-08-20T21:29:00.1341312Z  Network awa-app_awa-net  Created
2025-08-20T21:29:00.1512144Z  Volume "awa-app_awa-pgdata"  Creating
2025-08-20T21:29:00.1526651Z  Volume "awa-app_awa-pgdata"  Created
2025-08-20T21:29:00.1530121Z  Volume "awa-app_miniodata"  Creating
2025-08-20T21:29:00.1545287Z  Volume "awa-app_miniodata"  Created
2025-08-20T21:29:00.1548201Z  Volume "awa-app_awa-data"  Creating
2025-08-20T21:29:00.1555520Z  Volume "awa-app_awa-data"  Created
2025-08-20T21:29:00.1560825Z  Container awa-app-minio-1  Creating
2025-08-20T21:29:00.1562083Z  Container awa-app-postgres-1  Creating
2025-08-20T21:29:00.1562697Z  Container awa-app-redis-1  Creating
2025-08-20T21:29:00.1828459Z  Container awa-app-redis-1  Created
2025-08-20T21:29:00.1845349Z  Container awa-app-minio-1  Created
2025-08-20T21:29:00.1846289Z  Container awa-app-postgres-1  Created
2025-08-20T21:29:00.1846876Z  Container awa-app-api-1  Creating
2025-08-20T21:29:00.1847395Z  Container awa-app-etl-1  Creating
2025-08-20T21:29:00.1850695Z  Container awa-app-fees_h10-1  Creating
2025-08-20T21:29:00.1853591Z  Container awa-app-celery_worker-1  Creating
2025-08-20T21:29:00.2021908Z  Container awa-app-api-1  Created
2025-08-20T21:29:00.2025737Z  Container awa-app-fees_h10-1  Created
2025-08-20T21:29:00.2034833Z  Container awa-app-etl-1  Created
2025-08-20T21:29:00.2041877Z  Container awa-app-celery_worker-1  Created
2025-08-20T21:29:00.2060679Z  Container awa-app-postgres-1  Starting
2025-08-20T21:29:00.2061637Z  Container awa-app-redis-1  Starting
2025-08-20T21:29:00.2062168Z  Container awa-app-minio-1  Starting
2025-08-20T21:29:00.8901014Z  Container awa-app-postgres-1  Started
2025-08-20T21:29:00.8901460Z  Container awa-app-postgres-1  Waiting
2025-08-20T21:29:00.9080668Z  Container awa-app-minio-1  Started
2025-08-20T21:29:00.9108017Z  Container awa-app-postgres-1  Waiting
2025-08-20T21:29:00.9110435Z  Container awa-app-redis-1  Started
2025-08-20T21:29:00.9110901Z  Container awa-app-postgres-1  Waiting
2025-08-20T21:29:00.9111368Z  Container awa-app-postgres-1  Waiting
2025-08-20T21:29:00.9111853Z  Container awa-app-redis-1  Waiting
2025-08-20T21:29:06.3914320Z  Container awa-app-postgres-1  Healthy
2025-08-20T21:29:06.3915178Z  Container awa-app-api-1  Starting
2025-08-20T21:29:06.4080408Z  Container awa-app-postgres-1  Healthy
2025-08-20T21:29:06.4083285Z  Container awa-app-etl-1  Starting
2025-08-20T21:29:06.4084231Z  Container awa-app-redis-1  Healthy
2025-08-20T21:29:06.4084852Z  Container awa-app-postgres-1  Healthy
2025-08-20T21:29:06.4085485Z  Container awa-app-celery_worker-1  Starting
2025-08-20T21:29:06.4090556Z  Container awa-app-postgres-1  Healthy
2025-08-20T21:29:06.4092507Z  Container awa-app-fees_h10-1  Starting
2025-08-20T21:29:06.5963099Z  Container awa-app-api-1  Started
2025-08-20T21:29:06.6073432Z  Container awa-app-celery_worker-1  Started
2025-08-20T21:29:06.6164713Z  Container awa-app-etl-1  Started
2025-08-20T21:29:06.6333465Z  Container awa-app-fees_h10-1  Started
2025-08-20T21:29:06.6334066Z  Container awa-app-etl-1  Waiting
2025-08-20T21:29:06.6334900Z  Container awa-app-fees_h10-1  Waiting
2025-08-20T21:29:06.6335446Z  Container awa-app-celery_worker-1  Waiting
2025-08-20T21:29:06.6335957Z  Container awa-app-redis-1  Waiting
2025-08-20T21:29:06.6336425Z  Container awa-app-minio-1  Waiting
2025-08-20T21:29:06.6336888Z  Container awa-app-api-1  Waiting
2025-08-20T21:29:06.6337372Z  Container awa-app-postgres-1  Waiting
2025-08-20T21:29:07.1368126Z  Container awa-app-postgres-1  Healthy
2025-08-20T21:29:07.1368714Z  Container awa-app-redis-1  Healthy
2025-08-20T21:29:07.1369154Z  Container awa-app-minio-1  Healthy
2025-08-20T21:29:12.1355209Z  Container awa-app-api-1  Healthy
2025-08-20T21:29:37.1346021Z  Container awa-app-fees_h10-1  Healthy
2025-08-20T21:29:37.1346830Z  Container awa-app-etl-1  Healthy
2025-08-20T21:29:37.1347568Z  Container awa-app-celery_worker-1  Healthy
2025-08-20T21:29:37.1421650Z ##[group]Run for i in {1..60}; do pg_isready -h localhost -p 5432 && break; sleep 1; done
2025-08-20T21:29:37.1422332Z [36;1mfor i in {1..60}; do pg_isready -h localhost -p 5432 && break; sleep 1; done[0m
2025-08-20T21:29:37.1462895Z shell: /usr/bin/bash -e {0}
2025-08-20T21:29:37.1463223Z env:
2025-08-20T21:29:37.1463530Z   GITHUB_SHA: 8662cc9525ec3953e0e40629b80b57e3fced61f2
2025-08-20T21:29:37.1463948Z ##[endgroup]
2025-08-20T21:29:37.2586384Z localhost:5432 - accepting connections
2025-08-20T21:29:37.2632151Z ##[group]Run [ "$(psql -U postgres -h localhost -tAc "select 1 from pg_database where datname='awa'")" = '1' ] || psql -U postgres -h localhost -c "create database awa"
2025-08-20T21:29:37.2633314Z [36;1m[ "$(psql -U postgres -h localhost -tAc "select 1 from pg_database where datname='awa'")" = '1' ] || psql -U postgres -h localhost -c "create database awa"[0m
2025-08-20T21:29:37.2673417Z shell: /usr/bin/bash -e {0}
2025-08-20T21:29:37.2673704Z env:
2025-08-20T21:29:37.2673978Z   GITHUB_SHA: 8662cc9525ec3953e0e40629b80b57e3fced61f2
2025-08-20T21:29:37.2674360Z   PGPASSWORD: pass
2025-08-20T21:29:37.2674612Z ##[endgroup]
2025-08-20T21:29:37.4752176Z ##[group]Run docker compose \
2025-08-20T21:29:37.4752561Z [36;1mdocker compose \[0m
2025-08-20T21:29:37.4752867Z [36;1m  -f docker-compose.yml \[0m
2025-08-20T21:29:37.4753220Z [36;1m  -f docker-compose.ci.yml \[0m
2025-08-20T21:29:37.4753590Z [36;1m  -f docker-compose.postgres.yml \[0m
2025-08-20T21:29:37.4753976Z [36;1m  config | grep image:[0m
2025-08-20T21:29:37.4794271Z shell: /usr/bin/bash -e {0}
2025-08-20T21:29:37.4805158Z env:
2025-08-20T21:29:37.4805500Z   GITHUB_SHA: 8662cc9525ec3953e0e40629b80b57e3fced61f2
2025-08-20T21:29:37.4805924Z ##[endgroup]
2025-08-20T21:29:37.5894783Z     image: minio/minio
2025-08-20T21:29:37.5895050Z     image: redis:7-alpine
2025-08-20T21:29:37.5924910Z ##[group]Run export COMPOSE_DOCKER_CLI_BUILD=1 DOCKER_BUILDKIT=1
2025-08-20T21:29:37.5925437Z [36;1mexport COMPOSE_DOCKER_CLI_BUILD=1 DOCKER_BUILDKIT=1[0m
2025-08-20T21:29:37.5925828Z [36;1mdocker compose ps[0m
2025-08-20T21:29:37.5966064Z shell: /usr/bin/bash -e {0}
2025-08-20T21:29:37.5966353Z env:
2025-08-20T21:29:37.5966634Z   GITHUB_SHA: 8662cc9525ec3953e0e40629b80b57e3fced61f2
2025-08-20T21:29:37.5967003Z ##[endgroup]
2025-08-20T21:29:37.6958609Z NAME                      IMAGE                   COMMAND                  SERVICE         CREATED          STATUS                    PORTS
2025-08-20T21:29:37.6970254Z awa-app-api-1             awa-app-api             "bash /app/entrypoin…"   api             37 seconds ago   Up 31 seconds (healthy)   0.0.0.0:8000->8000/tcp, [::]:8000->8000/tcp
2025-08-20T21:29:37.6973787Z awa-app-celery_worker-1   awa-app-celery_worker   "/bin/bash /app/entr…"   celery_worker   37 seconds ago   Up 31 seconds (healthy)   
2025-08-20T21:29:37.6975610Z awa-app-etl-1             awa-app-etl             "/bin/bash /app/entr…"   etl             37 seconds ago   Up 31 seconds (healthy)   
2025-08-20T21:29:37.6977239Z awa-app-fees_h10-1        awa-app-fees_h10        "./start.sh celery -…"   fees_h10        37 seconds ago   Up 31 seconds (healthy)   
2025-08-20T21:29:37.6979688Z awa-app-minio-1           minio/minio             "/usr/bin/docker-ent…"   minio           37 seconds ago   Up 37 seconds             0.0.0.0:9000-9001->9000-9001/tcp, [::]:9000-9001->9000-9001/tcp
2025-08-20T21:29:37.6982154Z awa-app-postgres-1        awa-app-postgres        "docker-entrypoint.s…"   postgres        37 seconds ago   Up 37 seconds (healthy)   0.0.0.0:5432->5432/tcp, [::]:5432->5432/tcp
2025-08-20T21:29:37.6984699Z awa-app-redis-1           redis:7-alpine          "docker-entrypoint.s…"   redis           37 seconds ago   Up 37 seconds (healthy)   0.0.0.0:6379->6379/tcp, [::]:6379->6379/tcp
2025-08-20T21:29:37.7090284Z Post job cleanup.
2025-08-20T21:29:37.7876746Z [command]/usr/bin/git version
2025-08-20T21:29:37.7913553Z git version 2.51.0
2025-08-20T21:29:37.7950490Z Temporarily overriding HOME='/home/runner/work/_temp/9b5bd450-a5eb-4f59-ac56-0c7a3ed9f1f3' before making global git config changes
2025-08-20T21:29:37.7952482Z Adding repository directory to the temporary git global config as a safe directory
2025-08-20T21:29:37.7958587Z [command]/usr/bin/git config --global --add safe.directory /home/runner/work/AWA-App/AWA-App
2025-08-20T21:29:37.7993842Z [command]/usr/bin/git config --local --name-only --get-regexp core\.sshCommand
2025-08-20T21:29:37.8027018Z [command]/usr/bin/git submodule foreach --recursive sh -c "git config --local --name-only --get-regexp 'core\.sshCommand' && git config --local --unset-all 'core.sshCommand' || :"
2025-08-20T21:29:37.8253592Z [command]/usr/bin/git config --local --name-only --get-regexp http\.https\:\/\/github\.com\/\.extraheader
2025-08-20T21:29:37.8275672Z http.https://github.com/.extraheader
2025-08-20T21:29:37.8285826Z [command]/usr/bin/git config --local --unset-all http.https://github.com/.extraheader
2025-08-20T21:29:37.8316819Z [command]/usr/bin/git submodule foreach --recursive sh -c "git config --local --name-only --get-regexp 'http\.https\:\/\/github\.com\/\.extraheader' && git config --local --unset-all 'http.https://github.com/.extraheader' || :"
2025-08-20T21:29:37.8658336Z Cleaning up orphan processes
