2025-08-21T17:27:18.9175977Z Current runner version: '2.328.0'
2025-08-21T17:27:18.9209016Z ##[group]Runner Image Provisioner
2025-08-21T17:27:18.9210281Z Hosted Compute Agent
2025-08-21T17:27:18.9211143Z Version: 20250818.377
2025-08-21T17:27:18.9212199Z Commit: 3c593e9f75fe0b87e893bca80d6e12ba089c61fc
2025-08-21T17:27:18.9213274Z Build Date: 2025-08-18T14:52:18Z
2025-08-21T17:27:18.9214425Z ##[endgroup]
2025-08-21T17:27:18.9215291Z ##[group]Operating System
2025-08-21T17:27:18.9216303Z Ubuntu
2025-08-21T17:27:18.9216984Z 24.04.2
2025-08-21T17:27:18.9217710Z LTS
2025-08-21T17:27:18.9218458Z ##[endgroup]
2025-08-21T17:27:18.9219253Z ##[group]Runner Image
2025-08-21T17:27:18.9220202Z Image: ubuntu-24.04
2025-08-21T17:27:18.9221007Z Version: 20250818.1.0
2025-08-21T17:27:18.9222708Z Included Software: https://github.com/actions/runner-images/blob/ubuntu24/20250818.1/images/ubuntu/Ubuntu2404-Readme.md
2025-08-21T17:27:18.9225526Z Image Release: https://github.com/actions/runner-images/releases/tag/ubuntu24%2F20250818.1
2025-08-21T17:27:18.9227182Z ##[endgroup]
2025-08-21T17:27:18.9231460Z ##[group]GITHUB_TOKEN Permissions
2025-08-21T17:27:18.9234020Z Actions: write
2025-08-21T17:27:18.9235223Z Attestations: write
2025-08-21T17:27:18.9236001Z Checks: write
2025-08-21T17:27:18.9236763Z Contents: write
2025-08-21T17:27:18.9237625Z Deployments: write
2025-08-21T17:27:18.9238518Z Discussions: write
2025-08-21T17:27:18.9239269Z Issues: write
2025-08-21T17:27:18.9240071Z Metadata: read
2025-08-21T17:27:18.9240819Z Models: read
2025-08-21T17:27:18.9241642Z Packages: write
2025-08-21T17:27:18.9243024Z Pages: write
2025-08-21T17:27:18.9243796Z PullRequests: write
2025-08-21T17:27:18.9244900Z RepositoryProjects: write
2025-08-21T17:27:18.9245839Z SecurityEvents: write
2025-08-21T17:27:18.9246838Z Statuses: write
2025-08-21T17:27:18.9247677Z ##[endgroup]
2025-08-21T17:27:18.9250974Z Secret source: Actions
2025-08-21T17:27:18.9252562Z Prepare workflow directory
2025-08-21T17:27:18.9699141Z Prepare all required actions
2025-08-21T17:27:18.9754754Z Getting action download info
2025-08-21T17:27:19.2650126Z Download action repository 'actions/checkout@v5' (SHA:08c6903cd8c0fde910a37f88322edcfb5dd907a8)
2025-08-21T17:27:19.3462636Z Download action repository 'actions/upload-artifact@v4' (SHA:ea165f8d65b6e75b540449e92b4886f43607fa02)
2025-08-21T17:27:19.5400609Z Complete job name: compose-health
2025-08-21T17:27:19.6098726Z ##[group]Run actions/checkout@v5
2025-08-21T17:27:19.6099565Z with:
2025-08-21T17:27:19.6099965Z   repository: AlexBomber12/AWA-App
2025-08-21T17:27:19.6100624Z   token: ***
2025-08-21T17:27:19.6101009Z   ssh-strict: true
2025-08-21T17:27:19.6101397Z   ssh-user: git
2025-08-21T17:27:19.6101798Z   persist-credentials: true
2025-08-21T17:27:19.6102239Z   clean: true
2025-08-21T17:27:19.6102637Z   sparse-checkout-cone-mode: true
2025-08-21T17:27:19.6103104Z   fetch-depth: 1
2025-08-21T17:27:19.6103496Z   fetch-tags: false
2025-08-21T17:27:19.6103888Z   show-progress: true
2025-08-21T17:27:19.6104455Z   lfs: false
2025-08-21T17:27:19.6104824Z   submodules: false
2025-08-21T17:27:19.6105342Z   set-safe-directory: true
2025-08-21T17:27:19.6106055Z ##[endgroup]
2025-08-21T17:27:19.7009805Z Syncing repository: AlexBomber12/AWA-App
2025-08-21T17:27:19.7011614Z ##[group]Getting Git version info
2025-08-21T17:27:19.7012318Z Working directory is '/home/runner/work/AWA-App/AWA-App'
2025-08-21T17:27:19.7013338Z [command]/usr/bin/git version
2025-08-21T17:27:19.7082154Z git version 2.51.0
2025-08-21T17:27:19.7101682Z ##[endgroup]
2025-08-21T17:27:19.7115302Z Temporarily overriding HOME='/home/runner/work/_temp/9d66670c-832e-4ca0-a426-cca290406d8d' before making global git config changes
2025-08-21T17:27:19.7117140Z Adding repository directory to the temporary git global config as a safe directory
2025-08-21T17:27:19.7119809Z [command]/usr/bin/git config --global --add safe.directory /home/runner/work/AWA-App/AWA-App
2025-08-21T17:27:19.7155900Z Deleting the contents of '/home/runner/work/AWA-App/AWA-App'
2025-08-21T17:27:19.7159350Z ##[group]Initializing the repository
2025-08-21T17:27:19.7163267Z [command]/usr/bin/git init /home/runner/work/AWA-App/AWA-App
2025-08-21T17:27:19.7252717Z hint: Using 'master' as the name for the initial branch. This default branch name
2025-08-21T17:27:19.7254283Z hint: is subject to change. To configure the initial branch name to use in all
2025-08-21T17:27:19.7255817Z hint: of your new repositories, which will suppress this warning, call:
2025-08-21T17:27:19.7256924Z hint:
2025-08-21T17:27:19.7257659Z hint: 	git config --global init.defaultBranch <name>
2025-08-21T17:27:19.7258557Z hint:
2025-08-21T17:27:19.7259422Z hint: Names commonly chosen instead of 'master' are 'main', 'trunk' and
2025-08-21T17:27:19.7260765Z hint: 'development'. The just-created branch can be renamed via this command:
2025-08-21T17:27:19.7261485Z hint:
2025-08-21T17:27:19.7261865Z hint: 	git branch -m <name>
2025-08-21T17:27:19.7262288Z hint:
2025-08-21T17:27:19.7262862Z hint: Disable this message with "git config set advice.defaultBranchName false"
2025-08-21T17:27:19.7264360Z Initialized empty Git repository in /home/runner/work/AWA-App/AWA-App/.git/
2025-08-21T17:27:19.7268850Z [command]/usr/bin/git remote add origin https://github.com/AlexBomber12/AWA-App
2025-08-21T17:27:19.7305540Z ##[endgroup]
2025-08-21T17:27:19.7306251Z ##[group]Disabling automatic garbage collection
2025-08-21T17:27:19.7308909Z [command]/usr/bin/git config --local gc.auto 0
2025-08-21T17:27:19.7336205Z ##[endgroup]
2025-08-21T17:27:19.7336866Z ##[group]Setting up auth
2025-08-21T17:27:19.7342191Z [command]/usr/bin/git config --local --name-only --get-regexp core\.sshCommand
2025-08-21T17:27:19.7371559Z [command]/usr/bin/git submodule foreach --recursive sh -c "git config --local --name-only --get-regexp 'core\.sshCommand' && git config --local --unset-all 'core.sshCommand' || :"
2025-08-21T17:27:19.7693156Z [command]/usr/bin/git config --local --name-only --get-regexp http\.https\:\/\/github\.com\/\.extraheader
2025-08-21T17:27:19.7721810Z [command]/usr/bin/git submodule foreach --recursive sh -c "git config --local --name-only --get-regexp 'http\.https\:\/\/github\.com\/\.extraheader' && git config --local --unset-all 'http.https://github.com/.extraheader' || :"
2025-08-21T17:27:19.7937339Z [command]/usr/bin/git config --local http.https://github.com/.extraheader AUTHORIZATION: basic ***
2025-08-21T17:27:19.7972834Z ##[endgroup]
2025-08-21T17:27:19.7974296Z ##[group]Fetching the repository
2025-08-21T17:27:19.7982590Z [command]/usr/bin/git -c protocol.version=2 fetch --no-tags --prune --no-recurse-submodules --depth=1 origin +d3c9474aa6e76dc2fcdf051819b99de869ed6fdb:refs/remotes/origin/main
2025-08-21T17:27:20.0087219Z From https://github.com/AlexBomber12/AWA-App
2025-08-21T17:27:20.0088049Z  * [new ref]         d3c9474aa6e76dc2fcdf051819b99de869ed6fdb -> origin/main
2025-08-21T17:27:20.0126331Z ##[endgroup]
2025-08-21T17:27:20.0127358Z ##[group]Determining the checkout info
2025-08-21T17:27:20.0128633Z ##[endgroup]
2025-08-21T17:27:20.0133466Z [command]/usr/bin/git sparse-checkout disable
2025-08-21T17:27:20.0171670Z [command]/usr/bin/git config --local --unset-all extensions.worktreeConfig
2025-08-21T17:27:20.0197857Z ##[group]Checking out the ref
2025-08-21T17:27:20.0201148Z [command]/usr/bin/git checkout --progress --force -B main refs/remotes/origin/main
2025-08-21T17:27:20.0440325Z Switched to a new branch 'main'
2025-08-21T17:27:20.0442842Z branch 'main' set up to track 'origin/main'.
2025-08-21T17:27:20.0450212Z ##[endgroup]
2025-08-21T17:27:20.0485428Z [command]/usr/bin/git log -1 --format=%H
2025-08-21T17:27:20.0507329Z d3c9474aa6e76dc2fcdf051819b99de869ed6fdb
2025-08-21T17:27:20.0695404Z ##[group]Run echo "GITHUB_SHA=${GITHUB_SHA}" >> "$GITHUB_ENV"
2025-08-21T17:27:20.0696199Z [36;1mecho "GITHUB_SHA=${GITHUB_SHA}" >> "$GITHUB_ENV"[0m
2025-08-21T17:27:20.0771421Z shell: /usr/bin/bash -e {0}
2025-08-21T17:27:20.0771963Z ##[endgroup]
2025-08-21T17:27:20.0893614Z ##[group]Run cat .env.ci >> "$GITHUB_ENV"
2025-08-21T17:27:20.0894437Z [36;1mcat .env.ci >> "$GITHUB_ENV"[0m
2025-08-21T17:27:20.0895675Z [36;1mecho "DATABASE_URL=***postgres:5432/awa" >> "$GITHUB_ENV"[0m
2025-08-21T17:27:20.0896360Z [36;1mecho "PG_HOST=postgres" >> "$GITHUB_ENV"[0m
2025-08-21T17:27:20.0896930Z [36;1mecho "PG_PORT=5432" >> "$GITHUB_ENV"[0m
2025-08-21T17:27:20.0897486Z [36;1mecho "PG_USER=postgres" >> "$GITHUB_ENV"[0m
2025-08-21T17:27:20.0898068Z [36;1mecho "PG_PASSWORD=pass" >> "$GITHUB_ENV"[0m
2025-08-21T17:27:20.0898635Z [36;1mecho "PG_DATABASE=awa" >> "$GITHUB_ENV"[0m
2025-08-21T17:27:20.0935371Z shell: /usr/bin/bash -e {0}
2025-08-21T17:27:20.0935834Z env:
2025-08-21T17:27:20.0936264Z   GITHUB_SHA: d3c9474aa6e76dc2fcdf051819b99de869ed6fdb
2025-08-21T17:27:20.0936824Z ##[endgroup]
2025-08-21T17:27:20.1036897Z ##[group]Run export COMPOSE_DOCKER_CLI_BUILD=1 DOCKER_BUILDKIT=1
2025-08-21T17:27:20.1037691Z [36;1mexport COMPOSE_DOCKER_CLI_BUILD=1 DOCKER_BUILDKIT=1[0m
2025-08-21T17:27:20.1038343Z [36;1mdocker compose --progress=plain \[0m
2025-08-21T17:27:20.1038882Z [36;1m  -f docker-compose.yml \[0m
2025-08-21T17:27:20.1039392Z [36;1m  -f docker-compose.ci.yml \[0m
2025-08-21T17:27:20.1039922Z [36;1m  -f docker-compose.postgres.yml \[0m
2025-08-21T17:27:20.1040429Z [36;1m  build[0m
2025-08-21T17:27:20.1076747Z shell: /usr/bin/bash -e {0}
2025-08-21T17:27:20.1077232Z env:
2025-08-21T17:27:20.1077659Z   GITHUB_SHA: d3c9474aa6e76dc2fcdf051819b99de869ed6fdb
2025-08-21T17:27:20.1078224Z   PG_USER: postgres
2025-08-21T17:27:20.1078608Z   PG_PASSWORD: pass
2025-08-21T17:27:20.1078995Z   PG_DATABASE: awa
2025-08-21T17:27:20.1079370Z   PG_HOST: postgres
2025-08-21T17:27:20.1079746Z   PG_PORT: 5432
2025-08-21T17:27:20.1080434Z   PG_SYNC_DSN: ***localhost:5432/awa
2025-08-21T17:27:20.1081195Z   PG_ASYNC_DSN: ***localhost:5432/awa
2025-08-21T17:27:20.1081931Z   DATABASE_URL: ***postgres:5432/awa
2025-08-21T17:27:20.1082410Z   DATA_DIR: /tmp/awa-data
2025-08-21T17:27:20.1082815Z   ENABLE_LIVE: 0
2025-08-21T17:27:20.1083178Z   TESTING: 1
2025-08-21T17:27:20.1083522Z ##[endgroup]
2025-08-21T17:27:20.8995845Z #1 [internal] load local bake definitions
2025-08-21T17:27:21.0499677Z #1 reading from stdin 1.88kB done
2025-08-21T17:27:21.0500272Z #1 DONE 0.0s
2025-08-21T17:27:21.2903295Z 
2025-08-21T17:27:21.2903738Z #2 [fees_h10 internal] load build definition from Dockerfile
2025-08-21T17:27:21.2904639Z #2 transferring dockerfile: 962B done
2025-08-21T17:27:21.2905136Z #2 DONE 0.0s
2025-08-21T17:27:21.2905352Z 
2025-08-21T17:27:21.2905666Z #3 [postgres internal] load build definition from Dockerfile
2025-08-21T17:27:21.2906307Z #3 transferring dockerfile: 807B done
2025-08-21T17:27:21.2906803Z #3 DONE 0.0s
2025-08-21T17:27:21.2907009Z 
2025-08-21T17:27:21.2907299Z #4 [api internal] load build definition from Dockerfile
2025-08-21T17:27:21.2907879Z #4 transferring dockerfile: 1.48kB done
2025-08-21T17:27:21.2908358Z #4 DONE 0.0s
2025-08-21T17:27:21.2908589Z 
2025-08-21T17:27:21.2908904Z #5 [celery_worker internal] load build definition from Dockerfile
2025-08-21T17:27:21.2909517Z #5 transferring dockerfile: 1.35kB done
2025-08-21T17:27:21.2910029Z #5 DONE 0.0s
2025-08-21T17:27:21.2910222Z 
2025-08-21T17:27:21.2910507Z #6 [auth] library/postgres:pull token for registry-1.docker.io
2025-08-21T17:27:21.2911086Z #6 DONE 0.0s
2025-08-21T17:27:21.2911307Z 
2025-08-21T17:27:21.2911618Z #7 [auth] docker/dockerfile:pull token for registry-1.docker.io
2025-08-21T17:27:21.2912225Z #7 DONE 0.0s
2025-08-21T17:27:21.2912452Z 
2025-08-21T17:27:21.2912904Z #8 [api] resolve image config for docker-image://docker.io/docker/dockerfile:1.6
2025-08-21T17:27:21.4368298Z #8 ...
2025-08-21T17:27:21.4368638Z 
2025-08-21T17:27:21.4369025Z #9 [postgres internal] load metadata for docker.io/library/postgres:16
2025-08-21T17:27:21.4370130Z #9 DONE 0.3s
2025-08-21T17:27:21.5659451Z 
2025-08-21T17:27:21.5660044Z #10 [postgres internal] load .dockerignore
2025-08-21T17:27:21.5661571Z #10 transferring context: 265B done
2025-08-21T17:27:21.5662108Z #10 DONE 0.0s
2025-08-21T17:27:21.5662355Z 
2025-08-21T17:27:21.5662516Z #11 [postgres internal] load build context
2025-08-21T17:27:21.5663139Z #11 transferring context: 582B done
2025-08-21T17:27:21.5663423Z #11 DONE 0.0s
2025-08-21T17:27:21.5663543Z 
2025-08-21T17:27:21.5663829Z #8 [etl] resolve image config for docker-image://docker.io/docker/dockerfile:1.6
2025-08-21T17:27:21.5664563Z #8 DONE 0.4s
2025-08-21T17:27:21.5664697Z 
2025-08-21T17:27:21.5665159Z #12 [fees_h10] docker-image://docker.io/docker/dockerfile:1.6@sha256:ac85f380a63b13dfcefa89046420e1781752bab202122f8f50032edf31be0021
2025-08-21T17:27:21.5665980Z #12 resolve docker.io/docker/dockerfile:1.6@sha256:ac85f380a63b13dfcefa89046420e1781752bab202122f8f50032edf31be0021 done
2025-08-21T17:27:21.6660954Z #12 sha256:a17ee7fff8f5e97b974f5b48f51647d2cf28d543f2aa6c11aaa0ea431b44bb89 1.27kB / 1.27kB done
2025-08-21T17:27:21.6661856Z #12 sha256:ac85f380a63b13dfcefa89046420e1781752bab202122f8f50032edf31be0021 8.40kB / 8.40kB done
2025-08-21T17:27:21.6662585Z #12 sha256:657fcc512c7369f4cb3d94ea329150f8daf626bc838b1a1e81f1834c73ecc77e 482B / 482B done
2025-08-21T17:27:22.0421761Z #12 sha256:9d9c93f4b00be908ab694a4df732570bced3b8a96b7515d70ff93402179ad232 0B / 11.80MB 0.5s
2025-08-21T17:27:22.1503866Z #12 sha256:9d9c93f4b00be908ab694a4df732570bced3b8a96b7515d70ff93402179ad232 6.29MB / 11.80MB 0.6s
2025-08-21T17:27:22.2516820Z #12 sha256:9d9c93f4b00be908ab694a4df732570bced3b8a96b7515d70ff93402179ad232 11.80MB / 11.80MB 0.7s
2025-08-21T17:27:22.2520831Z #12 extracting sha256:9d9c93f4b00be908ab694a4df732570bced3b8a96b7515d70ff93402179ad232
2025-08-21T17:27:22.3563610Z #12 sha256:9d9c93f4b00be908ab694a4df732570bced3b8a96b7515d70ff93402179ad232 11.80MB / 11.80MB 0.7s done
2025-08-21T17:27:22.4571726Z #12 extracting sha256:9d9c93f4b00be908ab694a4df732570bced3b8a96b7515d70ff93402179ad232 0.2s done
2025-08-21T17:27:22.5653605Z #12 DONE 1.0s
2025-08-21T17:27:22.5653959Z 
2025-08-21T17:27:22.5654725Z #13 [postgres 1/6] FROM docker.io/library/postgres:16@sha256:66a5efb5677ffac1037774a0e141fd3a4c035c9c0c0e624c9cc980dfa10f45e5
2025-08-21T17:27:22.5655587Z #13 resolve docker.io/library/postgres:16@sha256:66a5efb5677ffac1037774a0e141fd3a4c035c9c0c0e624c9cc980dfa10f45e5 done
2025-08-21T17:27:22.5656414Z #13 sha256:3084fa1fadd59e7633ec56d318f1e4de01be744f446c5c35df7cd801fbc34894 3.63kB / 3.63kB done
2025-08-21T17:27:22.5657082Z #13 sha256:7f09385d08f9e8f578f9dad57582fff30d6ca3ef0f4d66ab5e1bf92c88862341 6.44MB / 6.44MB 0.1s done
2025-08-21T17:27:22.5657835Z #13 sha256:66a5efb5677ffac1037774a0e141fd3a4c035c9c0c0e624c9cc980dfa10f45e5 10.24kB / 10.24kB done
2025-08-21T17:27:22.5658508Z #13 sha256:396b1da7636e2dcd10565cb4f2f952cbb4a8a38b58d3b86a2cacb172fb70117c 29.77MB / 29.77MB 0.4s done
2025-08-21T17:27:22.5659238Z #13 sha256:fb850b0e3049060bf4eb46c8806d7ceea916d67e5cc56d6b295511e27463e56b 1.17kB / 1.17kB 0.0s done
2025-08-21T17:27:22.5659958Z #13 sha256:4b802c5161ddfa2ae4beac272c4e24aa5e162a20451c8489cbb952a88507732f 9.89kB / 9.89kB done
2025-08-21T17:27:22.5660595Z #13 sha256:534f45d26d937460abe84bd086361a04c27e624a23f9384ff13f11c24c64c7bb 1.45MB / 1.45MB 0.1s done
2025-08-21T17:27:22.5661232Z #13 sha256:19947f6cc5d3035f6c922fa1d6047c79e044256ad948080adb59cec60717b9f8 116B / 116B 0.2s done
2025-08-21T17:27:22.5661866Z #13 sha256:e787bdd7824bfcb30d11087160de825f724620c952958f4f725c13421499b724 3.14kB / 3.14kB 0.2s done
2025-08-21T17:27:22.5662513Z #13 sha256:2b6532633f5d125e9a709f56f26af5a07390c859a5c77142b74da1d4e3c79fee 8.20MB / 8.20MB 0.2s done
2025-08-21T17:27:22.5663154Z #13 sha256:320fa150e60fca9bb108771a06f08d5464ad8b7474b7bf3f4b44d723b686ee72 1.31MB / 1.31MB 0.2s done
2025-08-21T17:27:22.5663815Z #13 sha256:987c1b4919ea2d87df20824aaef43a9de0575ac7df684579ad267c7e48c8eeea 10.01kB / 10.01kB 0.2s done
2025-08-21T17:27:22.5665335Z #13 sha256:f1b3502db45ad485f0affe43e32fc81d699ddac01c023f198271a0a7e1cecd4c 169B / 169B 0.3s done
2025-08-21T17:27:22.5666938Z #13 sha256:a1e4ad56dcecf442fba1cec05cd565ededfdc663e5172df9ef9394d96d4c96f8 104.86MB / 113.19MB 1.1s
2025-08-21T17:27:22.5669055Z #13 sha256:a858bd6d34e86a481a2e028e3ba489e662b3ac7713eba9a5d3bb97002c7d797e 128B / 128B 0.3s done
2025-08-21T17:27:22.5670161Z #13 sha256:25ef78fb127c1934630de29a3d38f46e544360b1dcf5cfc09b25507fbe88fd75 5.92kB / 5.92kB 0.4s done
2025-08-21T17:27:22.5670834Z #13 sha256:240810240d04caaaccb11d51ba7c3a7f7d6f470ec2a80ee420a3d33899d9a303 184B / 184B 0.4s done
2025-08-21T17:27:22.5671465Z #13 extracting sha256:396b1da7636e2dcd10565cb4f2f952cbb4a8a38b58d3b86a2cacb172fb70117c 0.5s
2025-08-21T17:27:22.7661074Z #13 sha256:a1e4ad56dcecf442fba1cec05cd565ededfdc663e5172df9ef9394d96d4c96f8 112.20MB / 113.19MB 1.3s
2025-08-21T17:27:23.2747812Z #13 sha256:a1e4ad56dcecf442fba1cec05cd565ededfdc663e5172df9ef9394d96d4c96f8 113.19MB / 113.19MB 1.7s done
2025-08-21T17:27:23.4567212Z #13 ...
2025-08-21T17:27:23.4567567Z 
2025-08-21T17:27:23.4569616Z #14 [celery_worker internal] load build definition from Dockerfile
2025-08-21T17:27:23.4570266Z #14 transferring dockerfile: 1.35kB done
2025-08-21T17:27:23.4570644Z #14 DONE 0.0s
2025-08-21T17:27:23.4570818Z 
2025-08-21T17:27:23.4571047Z #15 [etl internal] load build definition from Dockerfile
2025-08-21T17:27:23.4571543Z #15 transferring dockerfile: 1.35kB done
2025-08-21T17:27:23.4573107Z #15 DONE 0.0s
2025-08-21T17:27:23.4573306Z 
2025-08-21T17:27:23.4573566Z #16 [auth] library/python:pull token for registry-1.docker.io
2025-08-21T17:27:23.4574330Z #16 DONE 0.0s
2025-08-21T17:27:23.4574531Z 
2025-08-21T17:27:23.4575144Z #13 [postgres 1/6] FROM docker.io/library/postgres:16@sha256:66a5efb5677ffac1037774a0e141fd3a4c035c9c0c0e624c9cc980dfa10f45e5
2025-08-21T17:27:23.5665932Z #13 extracting sha256:396b1da7636e2dcd10565cb4f2f952cbb4a8a38b58d3b86a2cacb172fb70117c 1.6s done
2025-08-21T17:27:23.5667311Z #13 extracting sha256:fb850b0e3049060bf4eb46c8806d7ceea916d67e5cc56d6b295511e27463e56b
2025-08-21T17:27:23.7174773Z #13 extracting sha256:fb850b0e3049060bf4eb46c8806d7ceea916d67e5cc56d6b295511e27463e56b done
2025-08-21T17:27:24.0898485Z #13 ...
2025-08-21T17:27:24.0898792Z 
2025-08-21T17:27:24.1008691Z #17 [etl internal] load metadata for docker.io/library/python:3.12-slim
2025-08-21T17:27:24.1012844Z #17 DONE 0.7s
2025-08-21T17:27:24.1013096Z 
2025-08-21T17:27:24.1018076Z #18 [fees_h10 internal] load .dockerignore
2025-08-21T17:27:24.1018616Z #18 transferring context: 2B done
2025-08-21T17:27:24.1019007Z #18 DONE 0.0s
2025-08-21T17:27:24.1019196Z 
2025-08-21T17:27:24.1019353Z #19 [etl internal] load .dockerignore
2025-08-21T17:27:24.1019787Z #19 transferring context: 265B done
2025-08-21T17:27:24.1020186Z #19 DONE 0.0s
2025-08-21T17:27:24.1020363Z 
2025-08-21T17:27:24.1020552Z #20 [celery_worker internal] load .dockerignore
2025-08-21T17:27:24.1021027Z #20 transferring context: 265B done
2025-08-21T17:27:24.1021419Z #20 DONE 0.0s
2025-08-21T17:27:24.1021593Z 
2025-08-21T17:27:24.1021762Z #21 [api internal] load .dockerignore
2025-08-21T17:27:24.1022209Z #21 transferring context: 265B 0.0s done
2025-08-21T17:27:24.1022617Z #21 DONE 0.0s
2025-08-21T17:27:24.1022800Z 
2025-08-21T17:27:24.1022959Z #22 [fees_h10 internal] load build context
2025-08-21T17:27:24.1023455Z #22 transferring context: 8.31kB done
2025-08-21T17:27:24.1023867Z #22 DONE 0.0s
2025-08-21T17:27:24.1024302Z 
2025-08-21T17:27:24.1025265Z #13 [postgres 1/6] FROM docker.io/library/postgres:16@sha256:66a5efb5677ffac1037774a0e141fd3a4c035c9c0c0e624c9cc980dfa10f45e5
2025-08-21T17:27:24.1026390Z #13 extracting sha256:7f09385d08f9e8f578f9dad57582fff30d6ca3ef0f4d66ab5e1bf92c88862341
2025-08-21T17:27:24.2283484Z #13 ...
2025-08-21T17:27:24.2283722Z 
2025-08-21T17:27:24.2283913Z #23 [celery_worker internal] load build context
2025-08-21T17:27:24.2284712Z #23 transferring context: 61.52kB 0.0s done
2025-08-21T17:27:24.2285447Z #23 DONE 0.0s
2025-08-21T17:27:24.2285639Z 
2025-08-21T17:27:24.2285796Z #24 [etl internal] load build context
2025-08-21T17:27:24.2286289Z #24 transferring context: 61.52kB 0.0s done
2025-08-21T17:27:24.2286677Z #24 DONE 0.0s
2025-08-21T17:27:24.2286859Z 
2025-08-21T17:27:24.2287012Z #25 [api internal] load build context
2025-08-21T17:27:24.2287458Z #25 transferring context: 162.54kB 0.0s done
2025-08-21T17:27:24.2287883Z #25 DONE 0.1s
2025-08-21T17:27:24.2288291Z 
2025-08-21T17:27:24.2288665Z #13 [postgres 1/6] FROM docker.io/library/postgres:16@sha256:66a5efb5677ffac1037774a0e141fd3a4c035c9c0c0e624c9cc980dfa10f45e5
2025-08-21T17:27:24.2289926Z #13 extracting sha256:7f09385d08f9e8f578f9dad57582fff30d6ca3ef0f4d66ab5e1bf92c88862341 0.2s done
2025-08-21T17:27:24.3420611Z #13 extracting sha256:534f45d26d937460abe84bd086361a04c27e624a23f9384ff13f11c24c64c7bb
2025-08-21T17:27:24.4412720Z #13 extracting sha256:534f45d26d937460abe84bd086361a04c27e624a23f9384ff13f11c24c64c7bb 0.0s done
2025-08-21T17:27:24.4423717Z #13 extracting sha256:2b6532633f5d125e9a709f56f26af5a07390c859a5c77142b74da1d4e3c79fee
2025-08-21T17:27:24.7722667Z #13 extracting sha256:2b6532633f5d125e9a709f56f26af5a07390c859a5c77142b74da1d4e3c79fee 0.3s done
2025-08-21T17:27:24.7725713Z #13 extracting sha256:320fa150e60fca9bb108771a06f08d5464ad8b7474b7bf3f4b44d723b686ee72
2025-08-21T17:27:24.8803900Z #13 extracting sha256:320fa150e60fca9bb108771a06f08d5464ad8b7474b7bf3f4b44d723b686ee72 0.1s done
2025-08-21T17:27:24.8819104Z #13 extracting sha256:19947f6cc5d3035f6c922fa1d6047c79e044256ad948080adb59cec60717b9f8
2025-08-21T17:27:24.9865721Z #13 extracting sha256:19947f6cc5d3035f6c922fa1d6047c79e044256ad948080adb59cec60717b9f8 done
2025-08-21T17:27:24.9866785Z #13 extracting sha256:e787bdd7824bfcb30d11087160de825f724620c952958f4f725c13421499b724 done
2025-08-21T17:27:24.9867785Z #13 extracting sha256:a1e4ad56dcecf442fba1cec05cd565ededfdc663e5172df9ef9394d96d4c96f8
2025-08-21T17:27:25.2080265Z #13 ...
2025-08-21T17:27:25.2095169Z 
2025-08-21T17:27:25.2099562Z #26 [api stage-1 1/5] FROM docker.io/library/python:3.12-slim@sha256:d67a7b66b989ad6b6d6b10d428dcc5e0bfc3e5f88906e67d490c4d3daac57047
2025-08-21T17:27:25.2104866Z #26 resolve docker.io/library/python:3.12-slim@sha256:d67a7b66b989ad6b6d6b10d428dcc5e0bfc3e5f88906e67d490c4d3daac57047 0.0s done
2025-08-21T17:27:25.2107877Z #26 extracting sha256:5d587318e932a89b94608393c99dd30ee5092a6991c1656f717bd4f4e13d60df 0.1s done
2025-08-21T17:27:25.2110655Z #26 sha256:bad5eac7befe06d25bef9d4d894d7467355bac08745c745a88977774933fa032 5.58kB / 5.58kB done
2025-08-21T17:27:25.2117670Z #26 sha256:5d587318e932a89b94608393c99dd30ee5092a6991c1656f717bd4f4e13d60df 1.29MB / 1.29MB 0.1s done
2025-08-21T17:27:25.2120530Z #26 sha256:e5c05dcf47fbdb2f18dc242ad1b7f48fbd3813c0027ffcfb8e81e4aa7e0965f4 12.11MB / 12.11MB 0.3s done
2025-08-21T17:27:25.2127407Z #26 sha256:d76206d463c08ba2a3f7bbab2de2a933ad73f33ab4ab813eafe50c9dff9edc12 251B / 251B 0.1s done
2025-08-21T17:27:25.2128569Z #26 sha256:d67a7b66b989ad6b6d6b10d428dcc5e0bfc3e5f88906e67d490c4d3daac57047 10.37kB / 10.37kB done
2025-08-21T17:27:25.2129686Z #26 sha256:8f3d1de1b41cd7340a89b024d6f7a10043f7b0d07d97eb36ba76f22fcfa9a235 1.75kB / 1.75kB done
2025-08-21T17:27:25.2130837Z #26 extracting sha256:e5c05dcf47fbdb2f18dc242ad1b7f48fbd3813c0027ffcfb8e81e4aa7e0965f4 0.7s done
2025-08-21T17:27:25.2131951Z #26 extracting sha256:d76206d463c08ba2a3f7bbab2de2a933ad73f33ab4ab813eafe50c9dff9edc12 done
2025-08-21T17:27:25.2132710Z #26 DONE 1.0s
2025-08-21T17:27:25.2132903Z 
2025-08-21T17:27:25.2133138Z #27 [celery_worker stage-1 2/5] WORKDIR /app/services/etl
2025-08-21T17:27:25.2133614Z #27 DONE 0.0s
2025-08-21T17:27:25.2133790Z 
2025-08-21T17:27:25.2133938Z #28 [api stage-1 2/5] WORKDIR /app
2025-08-21T17:27:25.2146066Z #28 DONE 0.0s
2025-08-21T17:27:25.2146277Z 
2025-08-21T17:27:25.2146593Z #29 [api base  3/13] COPY services/api/requirements.txt ./requirements.txt
2025-08-21T17:27:25.2147173Z #29 DONE 0.0s
2025-08-21T17:27:25.2147363Z 
2025-08-21T17:27:25.2147727Z #30 [fees_h10 base 3/6] COPY requirements*.txt constraints.txt ./fees_h10/
2025-08-21T17:27:25.2148310Z #30 DONE 0.0s
2025-08-21T17:27:25.2148477Z 
2025-08-21T17:27:25.2149115Z #13 [postgres 1/6] FROM docker.io/library/postgres:16@sha256:66a5efb5677ffac1037774a0e141fd3a4c035c9c0c0e624c9cc980dfa10f45e5
2025-08-21T17:27:25.3595502Z #13 ...
2025-08-21T17:27:25.3595958Z 
2025-08-21T17:27:25.3596483Z #31 [etl base 3/8] COPY services/etl/requirements*.txt services/etl/constraints.txt ./
2025-08-21T17:27:25.3597450Z #31 DONE 0.1s
2025-08-21T17:27:25.3597625Z 
2025-08-21T17:27:25.3598244Z #13 [postgres 1/6] FROM docker.io/library/postgres:16@sha256:66a5efb5677ffac1037774a0e141fd3a4c035c9c0c0e624c9cc980dfa10f45e5
2025-08-21T17:27:30.1823093Z #13 extracting sha256:a1e4ad56dcecf442fba1cec05cd565ededfdc663e5172df9ef9394d96d4c96f8 5.1s
2025-08-21T17:27:31.4487617Z #13 extracting sha256:a1e4ad56dcecf442fba1cec05cd565ededfdc663e5172df9ef9394d96d4c96f8 6.4s done
2025-08-21T17:27:31.5550284Z #13 ...
2025-08-21T17:27:31.5551299Z 
2025-08-21T17:27:31.5552695Z #32 [fees_h10 base 4/6] RUN if [ -n "" ] && [ -f "fees_h10/" ]; then         pip install -r fees_h10/requirements.txt -c fees_h10/;     else         pip install -r fees_h10/requirements.txt;     fi
2025-08-21T17:27:31.5554336Z #32 3.187 Collecting celery==5.4.* (from celery[redis]==5.4.*->-r fees_h10/requirements.txt (line 1))
2025-08-21T17:27:31.5555216Z #32 3.223   Downloading celery-5.4.0-py3-none-any.whl.metadata (21 kB)
2025-08-21T17:27:31.5555973Z #32 3.338 Collecting asyncpg (from -r fees_h10/requirements.txt (line 2))
2025-08-21T17:27:31.5556930Z #32 3.341   Downloading asyncpg-0.30.0-cp312-cp312-manylinux_2_17_x86_64.manylinux2014_x86_64.whl.metadata (5.0 kB)
2025-08-21T17:27:31.5557862Z #32 3.379 Collecting httpx (from -r fees_h10/requirements.txt (line 3))
2025-08-21T17:27:31.5558637Z #32 3.388   Downloading httpx-0.28.1-py3-none-any.whl.metadata (7.1 kB)
2025-08-21T17:27:31.5559370Z #32 3.825 Collecting sqlalchemy (from -r fees_h10/requirements.txt (line 4))
2025-08-21T17:27:31.5560379Z #32 3.835   Downloading sqlalchemy-2.0.43-cp312-cp312-manylinux_2_17_x86_64.manylinux2014_x86_64.whl.metadata (9.6 kB)
2025-08-21T17:27:31.5561732Z #32 3.905 Collecting billiard<5.0,>=4.2.0 (from celery==5.4.*->celery[redis]==5.4.*->-r fees_h10/requirements.txt (line 1))
2025-08-21T17:27:31.5562681Z #32 3.912   Downloading billiard-4.2.1-py3-none-any.whl.metadata (4.4 kB)
2025-08-21T17:27:31.5563590Z #32 3.983 Collecting kombu<6.0,>=5.3.4 (from celery==5.4.*->celery[redis]==5.4.*->-r fees_h10/requirements.txt (line 1))
2025-08-21T17:27:31.5564730Z #32 3.988   Downloading kombu-5.5.4-py3-none-any.whl.metadata (3.5 kB)
2025-08-21T17:27:31.5565597Z #32 4.056 Collecting vine<6.0,>=5.1.0 (from celery==5.4.*->celery[redis]==5.4.*->-r fees_h10/requirements.txt (line 1))
2025-08-21T17:27:31.5566512Z #32 4.069   Downloading vine-5.1.0-py3-none-any.whl.metadata (2.7 kB)
2025-08-21T17:27:31.5567380Z #32 4.114 Collecting click<9.0,>=8.1.2 (from celery==5.4.*->celery[redis]==5.4.*->-r fees_h10/requirements.txt (line 1))
2025-08-21T17:27:31.5568287Z #32 4.118   Downloading click-8.2.1-py3-none-any.whl.metadata (2.5 kB)
2025-08-21T17:27:31.5569262Z #32 4.147 Collecting click-didyoumean>=0.3.0 (from celery==5.4.*->celery[redis]==5.4.*->-r fees_h10/requirements.txt (line 1))
2025-08-21T17:27:31.5570284Z #32 4.151   Downloading click_didyoumean-0.3.1-py3-none-any.whl.metadata (3.9 kB)
2025-08-21T17:27:31.5571235Z #32 4.178 Collecting click-repl>=0.2.0 (from celery==5.4.*->celery[redis]==5.4.*->-r fees_h10/requirements.txt (line 1))
2025-08-21T17:27:31.5572170Z #32 4.184   Downloading click_repl-0.3.0-py3-none-any.whl.metadata (3.6 kB)
2025-08-21T17:27:31.5573089Z #32 4.216 Collecting click-plugins>=1.1.1 (from celery==5.4.*->celery[redis]==5.4.*->-r fees_h10/requirements.txt (line 1))
2025-08-21T17:27:31.5574246Z #32 4.226   Downloading click_plugins-1.1.1.2-py2.py3-none-any.whl.metadata (6.5 kB)
2025-08-21T17:27:31.5575208Z #32 4.262 Collecting tzdata>=2022.7 (from celery==5.4.*->celery[redis]==5.4.*->-r fees_h10/requirements.txt (line 1))
2025-08-21T17:27:31.5576115Z #32 4.270   Downloading tzdata-2025.2-py2.py3-none-any.whl.metadata (1.4 kB)
2025-08-21T17:27:31.5577104Z #32 4.299 Collecting python-dateutil>=2.8.2 (from celery==5.4.*->celery[redis]==5.4.*->-r fees_h10/requirements.txt (line 1))
2025-08-21T17:27:31.5578136Z #32 4.307   Downloading python_dateutil-2.9.0.post0-py2.py3-none-any.whl.metadata (8.4 kB)
2025-08-21T17:27:31.5579152Z #32 4.382 Collecting redis!=4.5.5,<6.0.0,>=4.5.2 (from celery[redis]==5.4.*->-r fees_h10/requirements.txt (line 1))
2025-08-21T17:27:31.5580329Z #32 4.391   Downloading redis-5.3.1-py3-none-any.whl.metadata (9.2 kB)
2025-08-21T17:27:31.5581057Z #32 4.442 Collecting anyio (from httpx->-r fees_h10/requirements.txt (line 3))
2025-08-21T17:27:31.5581785Z #32 4.446   Downloading anyio-4.10.0-py3-none-any.whl.metadata (4.0 kB)
2025-08-21T17:27:31.5582510Z #32 4.491 Collecting certifi (from httpx->-r fees_h10/requirements.txt (line 3))
2025-08-21T17:27:31.5583276Z #32 4.507   Downloading certifi-2025.8.3-py3-none-any.whl.metadata (2.4 kB)
2025-08-21T17:27:31.5584456Z #32 4.565 Collecting httpcore==1.* (from httpx->-r fees_h10/requirements.txt (line 3))
2025-08-21T17:27:31.5585278Z #32 4.570   Downloading httpcore-1.0.9-py3-none-any.whl.metadata (21 kB)
2025-08-21T17:27:31.5586008Z #32 4.597 Collecting idna (from httpx->-r fees_h10/requirements.txt (line 3))
2025-08-21T17:27:31.5586669Z #32 4.604   Downloading idna-3.10-py3-none-any.whl.metadata (10 kB)
2025-08-21T17:27:31.5587411Z #32 4.640 Collecting h11>=0.16 (from httpcore==1.*->httpx->-r fees_h10/requirements.txt (line 3))
2025-08-21T17:27:31.5588165Z #32 4.644   Downloading h11-0.16.0-py3-none-any.whl.metadata (8.3 kB)
2025-08-21T17:27:31.5588922Z #32 4.852 Collecting greenlet>=1 (from sqlalchemy->-r fees_h10/requirements.txt (line 4))
2025-08-21T17:27:31.5589909Z #32 4.857   Downloading greenlet-3.2.4-cp312-cp312-manylinux_2_24_x86_64.manylinux_2_28_x86_64.whl.metadata (4.1 kB)
2025-08-21T17:27:31.5590973Z #32 4.895 Collecting typing-extensions>=4.6.0 (from sqlalchemy->-r fees_h10/requirements.txt (line 4))
2025-08-21T17:27:31.5591902Z #32 4.899   Downloading typing_extensions-4.14.1-py3-none-any.whl.metadata (3.0 kB)
2025-08-21T17:27:31.5592972Z #32 4.977 Collecting prompt-toolkit>=3.0.36 (from click-repl>=0.2.0->celery==5.4.*->celery[redis]==5.4.*->-r fees_h10/requirements.txt (line 1))
2025-08-21T17:27:31.5594019Z #32 4.982   Downloading prompt_toolkit-3.0.51-py3-none-any.whl.metadata (6.4 kB)
2025-08-21T17:27:31.5595180Z #32 5.040 Collecting amqp<6.0.0,>=5.1.1 (from kombu<6.0,>=5.3.4->celery==5.4.*->celery[redis]==5.4.*->-r fees_h10/requirements.txt (line 1))
2025-08-21T17:27:31.5596096Z #32 5.048   Downloading amqp-5.3.1-py3-none-any.whl.metadata (8.9 kB)
2025-08-21T17:27:31.5597014Z #32 5.113 Collecting packaging (from kombu<6.0,>=5.3.4->celery==5.4.*->celery[redis]==5.4.*->-r fees_h10/requirements.txt (line 1))
2025-08-21T17:27:31.5597955Z #32 5.122   Downloading packaging-25.0-py3-none-any.whl.metadata (3.3 kB)
2025-08-21T17:27:31.5598942Z #32 5.151 Collecting six>=1.5 (from python-dateutil>=2.8.2->celery==5.4.*->celery[redis]==5.4.*->-r fees_h10/requirements.txt (line 1))
2025-08-21T17:27:31.5599890Z #32 5.160   Downloading six-1.17.0-py2.py3-none-any.whl.metadata (1.7 kB)
2025-08-21T17:27:31.5600777Z #32 5.199 Collecting PyJWT>=2.9.0 (from redis!=4.5.5,<6.0.0,>=4.5.2->celery[redis]==5.4.*->-r fees_h10/requirements.txt (line 1))
2025-08-21T17:27:31.5601643Z #32 5.206   Downloading PyJWT-2.10.1-py3-none-any.whl.metadata (4.0 kB)
2025-08-21T17:27:31.5602406Z #32 5.247 Collecting sniffio>=1.1 (from anyio->httpx->-r fees_h10/requirements.txt (line 3))
2025-08-21T17:27:31.5603208Z #32 5.262   Downloading sniffio-1.3.1-py3-none-any.whl.metadata (3.9 kB)
2025-08-21T17:27:31.5604411Z #32 5.325 Collecting wcwidth (from prompt-toolkit>=3.0.36->click-repl>=0.2.0->celery==5.4.*->celery[redis]==5.4.*->-r fees_h10/requirements.txt (line 1))
2025-08-21T17:27:31.5605509Z #32 5.329   Downloading wcwidth-0.2.13-py2.py3-none-any.whl.metadata (14 kB)
2025-08-21T17:27:31.5606189Z #32 5.377 Downloading celery-5.4.0-py3-none-any.whl (425 kB)
2025-08-21T17:27:31.5606992Z #32 5.398 Downloading asyncpg-0.30.0-cp312-cp312-manylinux_2_17_x86_64.manylinux2014_x86_64.whl (3.6 MB)
2025-08-21T17:27:31.5608344Z #32 5.437    ━━━━━━━━━━━━━━━━━━━━━━━━━━━━━━━━━━━━━━━━ 3.6/3.6 MB 104.5 MB/s eta 0:00:00
2025-08-21T17:27:31.5608994Z #32 5.445 Downloading httpx-0.28.1-py3-none-any.whl (73 kB)
2025-08-21T17:27:31.5609588Z #32 5.461 Downloading httpcore-1.0.9-py3-none-any.whl (78 kB)
2025-08-21T17:27:31.5610678Z #32 5.477 Downloading sqlalchemy-2.0.43-cp312-cp312-manylinux_2_17_x86_64.manylinux2014_x86_64.whl (3.3 MB)
2025-08-21T17:27:31.5611739Z #32 5.535    ━━━━━━━━━━━━━━━━━━━━━━━━━━━━━━━━━━━━━━━━ 3.3/3.3 MB 66.1 MB/s eta 0:00:00
2025-08-21T17:27:31.5612377Z #32 5.542 Downloading billiard-4.2.1-py3-none-any.whl (86 kB)
2025-08-21T17:27:31.5613020Z #32 5.559 Downloading click-8.2.1-py3-none-any.whl (102 kB)
2025-08-21T17:27:31.5613654Z #32 5.574 Downloading click_didyoumean-0.3.1-py3-none-any.whl (3.6 kB)
2025-08-21T17:27:31.5614640Z #32 5.587 Downloading click_plugins-1.1.1.2-py2.py3-none-any.whl (11 kB)
2025-08-21T17:27:31.5615520Z #32 5.598 Downloading click_repl-0.3.0-py3-none-any.whl (10 kB)
2025-08-21T17:27:31.5616364Z #32 5.614 Downloading greenlet-3.2.4-cp312-cp312-manylinux_2_24_x86_64.manylinux_2_28_x86_64.whl (607 kB)
2025-08-21T17:27:31.5617383Z #32 5.642    ━━━━━━━━━━━━━━━━━━━━━━━━━━━━━━━━━━━━━━━━ 607.6/607.6 kB 22.0 MB/s eta 0:00:00
2025-08-21T17:27:31.5617974Z #32 5.648 Downloading kombu-5.5.4-py3-none-any.whl (210 kB)
2025-08-21T17:27:31.5618537Z #32 5.660 Downloading vine-5.1.0-py3-none-any.whl (9.6 kB)
2025-08-21T17:27:31.5619218Z #32 5.682 Downloading python_dateutil-2.9.0.post0-py2.py3-none-any.whl (229 kB)
2025-08-21T17:27:31.5619906Z #32 5.693 Downloading redis-5.3.1-py3-none-any.whl (272 kB)
2025-08-21T17:27:31.5620543Z #32 5.713 Downloading typing_extensions-4.14.1-py3-none-any.whl (43 kB)
2025-08-21T17:27:31.5621234Z #32 5.727 Downloading tzdata-2025.2-py2.py3-none-any.whl (347 kB)
2025-08-21T17:27:31.5621836Z #32 5.743 Downloading anyio-4.10.0-py3-none-any.whl (107 kB)
2025-08-21T17:27:31.5622419Z #32 5.757 Downloading idna-3.10-py3-none-any.whl (70 kB)
2025-08-21T17:27:31.5623133Z #32 5.773 Downloading certifi-2025.8.3-py3-none-any.whl (161 kB)
2025-08-21T17:27:31.5623714Z #32 5.782 Downloading amqp-5.3.1-py3-none-any.whl (50 kB)
2025-08-21T17:27:31.5624392Z #32 5.791 Downloading h11-0.16.0-py3-none-any.whl (37 kB)
2025-08-21T17:27:31.5625012Z #32 5.802 Downloading prompt_toolkit-3.0.51-py3-none-any.whl (387 kB)
2025-08-21T17:27:31.5625646Z #32 5.821 Downloading PyJWT-2.10.1-py3-none-any.whl (22 kB)
2025-08-21T17:27:31.5626219Z #32 5.846 Downloading six-1.17.0-py2.py3-none-any.whl (11 kB)
2025-08-21T17:27:31.5626807Z #32 5.858 Downloading sniffio-1.3.1-py3-none-any.whl (10 kB)
2025-08-21T17:27:31.5627397Z #32 5.868 Downloading packaging-25.0-py3-none-any.whl (66 kB)
2025-08-21T17:27:31.5628218Z #32 5.884 Downloading wcwidth-0.2.13-py2.py3-none-any.whl (34 kB)
2025-08-21T17:27:31.5630688Z #32 6.036 Installing collected packages: wcwidth, vine, tzdata, typing-extensions, sniffio, six, PyJWT, prompt-toolkit, packaging, idna, h11, greenlet, click, certifi, billiard, asyncpg, sqlalchemy, redis, python-dateutil, httpcore, click-repl, click-plugins, click-didyoumean, anyio, amqp, kombu, httpx, celery
2025-08-21T17:27:32.1847647Z #32 ...
2025-08-21T17:27:32.1848555Z 
2025-08-21T17:27:32.1849299Z #13 [postgres 1/6] FROM docker.io/library/postgres:16@sha256:66a5efb5677ffac1037774a0e141fd3a4c035c9c0c0e624c9cc980dfa10f45e5
2025-08-21T17:27:32.1850771Z #13 extracting sha256:987c1b4919ea2d87df20824aaef43a9de0575ac7df684579ad267c7e48c8eeea done
2025-08-21T17:27:32.1851723Z #13 extracting sha256:a858bd6d34e86a481a2e028e3ba489e662b3ac7713eba9a5d3bb97002c7d797e done
2025-08-21T17:27:32.2919213Z #13 extracting sha256:f1b3502db45ad485f0affe43e32fc81d699ddac01c023f198271a0a7e1cecd4c done
2025-08-21T17:27:32.2920362Z #13 extracting sha256:25ef78fb127c1934630de29a3d38f46e544360b1dcf5cfc09b25507fbe88fd75 done
2025-08-21T17:27:32.2921392Z #13 extracting sha256:240810240d04caaaccb11d51ba7c3a7f7d6f470ec2a80ee420a3d33899d9a303 done
2025-08-21T17:27:32.4162354Z #13 DONE 11.0s
2025-08-21T17:27:32.4165307Z 
2025-08-21T17:27:32.4166852Z #33 [api base  4/13] RUN pip install --no-cache-dir -r requirements.txt
2025-08-21T17:27:32.4167678Z #33 3.019 Collecting uvicorn==0.29.0 (from -r requirements.txt (line 1))
2025-08-21T17:27:32.4168439Z #33 3.051   Downloading uvicorn-0.29.0-py3-none-any.whl.metadata (6.3 kB)
2025-08-21T17:27:32.4169609Z #33 3.080 Collecting pydantic-settings==2.2.1 (from -r requirements.txt (line 2))
2025-08-21T17:27:32.4170470Z #33 3.092   Downloading pydantic_settings-2.2.1-py3-none-any.whl.metadata (3.1 kB)
2025-08-21T17:27:32.4171267Z #33 3.171 Collecting fastapi==0.111.0 (from -r requirements.txt (line 3))
2025-08-21T17:27:32.4171971Z #33 3.176   Downloading fastapi-0.111.0-py3-none-any.whl.metadata (25 kB)
2025-08-21T17:27:32.4172664Z #33 3.660 Collecting sqlalchemy==2.0.29 (from -r requirements.txt (line 4))
2025-08-21T17:27:32.4173818Z #33 3.667   Downloading SQLAlchemy-2.0.29-cp312-cp312-manylinux_2_17_x86_64.manylinux2014_x86_64.whl.metadata (9.6 kB)
2025-08-21T17:27:32.4174958Z #33 3.715 Collecting alembic==1.13.1 (from -r requirements.txt (line 5))
2025-08-21T17:27:32.4175665Z #33 3.732   Downloading alembic-1.13.1-py3-none-any.whl.metadata (7.4 kB)
2025-08-21T17:27:32.4176507Z #33 3.767 Collecting psycopg==3.2.9 (from psycopg[binary]==3.2.9->-r requirements.txt (line 6))
2025-08-21T17:27:32.4177374Z #33 3.779   Downloading psycopg-3.2.9-py3-none-any.whl.metadata (4.5 kB)
2025-08-21T17:27:32.4178049Z #33 3.845 Collecting httpx==0.27.2 (from -r requirements.txt (line 7))
2025-08-21T17:27:32.4178737Z #33 3.858   Downloading httpx-0.27.2-py3-none-any.whl.metadata (7.1 kB)
2025-08-21T17:27:32.4179409Z #33 3.919 Collecting asyncpg==0.29.0 (from -r requirements.txt (line 8))
2025-08-21T17:27:32.4180307Z #33 3.924   Downloading asyncpg-0.29.0-cp312-cp312-manylinux_2_17_x86_64.manylinux2014_x86_64.whl.metadata (4.4 kB)
2025-08-21T17:27:32.4181222Z #33 4.440 Collecting boto3==1.34.162 (from -r requirements.txt (line 9))
2025-08-21T17:27:32.4181963Z #33 4.444   Downloading boto3-1.34.162-py3-none-any.whl.metadata (6.6 kB)
2025-08-21T17:27:32.4182679Z #33 4.465 Collecting Jinja2==3.1.5 (from -r requirements.txt (line 10))
2025-08-21T17:27:32.4183350Z #33 4.469   Downloading jinja2-3.1.5-py3-none-any.whl.metadata (2.6 kB)
2025-08-21T17:27:32.4184180Z #33 4.536 Collecting celery==5.3.* (from -r requirements.txt (line 11))
2025-08-21T17:27:32.4184858Z #33 4.540   Downloading celery-5.3.6-py3-none-any.whl.metadata (21 kB)
2025-08-21T17:27:32.4185473Z #33 4.595 Collecting structlog==24.1.0 (from -r requirements.txt (line 12))
2025-08-21T17:27:32.4186106Z #33 4.600   Downloading structlog-24.1.0-py3-none-any.whl.metadata (6.9 kB)
2025-08-21T17:27:32.4186907Z #33 4.624 Collecting asgi-correlation-id==4.3.1 (from -r requirements.txt (line 13))
2025-08-21T17:27:32.4218976Z #33 4.635   Downloading asgi_correlation_id-4.3.1-py3-none-any.whl.metadata (28 kB)
2025-08-21T17:27:32.4219951Z #33 4.651 Collecting fastapi-limiter==0.1.6 (from -r requirements.txt (line 14))
2025-08-21T17:27:32.4220858Z #33 4.656   Downloading fastapi_limiter-0.1.6-py3-none-any.whl.metadata (5.3 kB)
2025-08-21T17:27:32.4221684Z #33 4.703 Collecting redis==5.0.8 (from -r requirements.txt (line 15))
2025-08-21T17:27:32.4222437Z #33 4.707   Downloading redis-5.0.8-py3-none-any.whl.metadata (9.2 kB)
2025-08-21T17:27:32.4223473Z #33 4.792 Collecting sentry-sdk==2.9.0 (from sentry-sdk[celery,fastapi,sqlalchemy]==2.9.0->-r requirements.txt (line 16))
2025-08-21T17:27:32.4224722Z #33 4.797   Downloading sentry_sdk-2.9.0-py2.py3-none-any.whl.metadata (14 kB)
2025-08-21T17:27:32.4225563Z #33 4.924 Collecting click>=7.0 (from uvicorn==0.29.0->-r requirements.txt (line 1))
2025-08-21T17:27:32.4226347Z #33 4.932   Downloading click-8.2.1-py3-none-any.whl.metadata (2.5 kB)
2025-08-21T17:27:32.4227113Z #33 4.944 Collecting h11>=0.8 (from uvicorn==0.29.0->-r requirements.txt (line 1))
2025-08-21T17:27:32.4227857Z #33 4.952   Downloading h11-0.16.0-py3-none-any.whl.metadata (8.3 kB)
2025-08-21T17:27:32.4228730Z #33 5.132 Collecting pydantic>=2.3.0 (from pydantic-settings==2.2.1->-r requirements.txt (line 2))
2025-08-21T17:27:32.4229636Z #33 5.139   Downloading pydantic-2.11.7-py3-none-any.whl.metadata (67 kB)
2025-08-21T17:27:32.4230585Z #33 5.170 Collecting python-dotenv>=0.21.0 (from pydantic-settings==2.2.1->-r requirements.txt (line 2))
2025-08-21T17:27:32.4231916Z #33 5.174   Downloading python_dotenv-1.1.1-py3-none-any.whl.metadata (24 kB)
2025-08-21T17:27:32.4232820Z #33 5.226 Collecting starlette<0.38.0,>=0.37.2 (from fastapi==0.111.0->-r requirements.txt (line 3))
2025-08-21T17:27:32.4233724Z #33 5.230   Downloading starlette-0.37.2-py3-none-any.whl.metadata (5.9 kB)
2025-08-21T17:27:32.4234806Z #33 5.339 Collecting typing-extensions>=4.8.0 (from fastapi==0.111.0->-r requirements.txt (line 3))
2025-08-21T17:27:32.4236694Z #33 5.343   Downloading typing_extensions-4.14.1-py3-none-any.whl.metadata (3.0 kB)
2025-08-21T17:27:32.4238359Z #33 5.370 Collecting fastapi-cli>=0.0.2 (from fastapi==0.111.0->-r requirements.txt (line 3))
2025-08-21T17:27:32.4239744Z #33 5.370   Downloading fastapi_cli-0.0.8-py3-none-any.whl.metadata (6.3 kB)
2025-08-21T17:27:32.4244628Z #33 5.406 Collecting python-multipart>=0.0.7 (from fastapi==0.111.0->-r requirements.txt (line 3))
2025-08-21T17:27:32.4246288Z #33 5.412   Downloading python_multipart-0.0.20-py3-none-any.whl.metadata (1.8 kB)
2025-08-21T17:27:32.4248295Z #33 5.504 Collecting ujson!=4.0.2,!=4.1.0,!=4.2.0,!=4.3.0,!=5.0.0,!=5.1.0,>=4.0.1 (from fastapi==0.111.0->-r requirements.txt (line 3))
2025-08-21T17:27:32.4249454Z #33 5.512   Downloading ujson-5.11.0-cp312-cp312-manylinux_2_24_x86_64.manylinux_2_28_x86_64.whl.metadata (9.4 kB)
2025-08-21T17:27:32.4257099Z #33 5.842 Collecting orjson>=3.2.1 (from fastapi==0.111.0->-r requirements.txt (line 3))
2025-08-21T17:27:32.4258206Z #33 5.855   Downloading orjson-3.11.2-cp312-cp312-manylinux_2_17_x86_64.manylinux2014_x86_64.whl.metadata (1.2 kB)
2025-08-21T17:27:32.4259941Z #33 5.876 Collecting email_validator>=2.0.0 (from fastapi==0.111.0->-r requirements.txt (line 3))
2025-08-21T17:27:32.4260875Z #33 5.890   Downloading email_validator-2.2.0-py3-none-any.whl.metadata (25 kB)
2025-08-21T17:27:32.4262846Z #33 6.148 Collecting greenlet!=0.4.17 (from sqlalchemy==2.0.29->-r requirements.txt (line 4))
2025-08-21T17:27:32.4265040Z #33 6.154   Downloading greenlet-3.2.4-cp312-cp312-manylinux_2_24_x86_64.manylinux_2_28_x86_64.whl.metadata (4.1 kB)
2025-08-21T17:27:32.4266757Z #33 6.195 Collecting Mako (from alembic==1.13.1->-r requirements.txt (line 5))
2025-08-21T17:27:32.4278544Z #33 6.202   Downloading mako-1.3.10-py3-none-any.whl.metadata (2.9 kB)
2025-08-21T17:27:32.4279247Z #33 6.242 Collecting anyio (from httpx==0.27.2->-r requirements.txt (line 7))
2025-08-21T17:27:32.4279990Z #33 6.250   Downloading anyio-4.10.0-py3-none-any.whl.metadata (4.0 kB)
2025-08-21T17:27:32.4280725Z #33 6.274 Collecting certifi (from httpx==0.27.2->-r requirements.txt (line 7))
2025-08-21T17:27:32.4281506Z #33 6.281   Downloading certifi-2025.8.3-py3-none-any.whl.metadata (2.4 kB)
2025-08-21T17:27:32.4282284Z #33 6.314 Collecting httpcore==1.* (from httpx==0.27.2->-r requirements.txt (line 7))
2025-08-21T17:27:32.4283064Z #33 6.319   Downloading httpcore-1.0.9-py3-none-any.whl.metadata (21 kB)
2025-08-21T17:27:32.4283786Z #33 6.341 Collecting idna (from httpx==0.27.2->-r requirements.txt (line 7))
2025-08-21T17:27:32.4284736Z #33 6.342   Downloading idna-3.10-py3-none-any.whl.metadata (10 kB)
2025-08-21T17:27:32.4285450Z #33 6.354 Collecting sniffio (from httpx==0.27.2->-r requirements.txt (line 7))
2025-08-21T17:27:32.4286187Z #33 6.361   Downloading sniffio-1.3.1-py3-none-any.whl.metadata (3.9 kB)
2025-08-21T17:27:32.4286975Z #33 6.783 Collecting botocore<1.35.0,>=1.34.162 (from boto3==1.34.162->-r requirements.txt (line 9))
2025-08-21T17:27:32.4287799Z #33 6.811   Downloading botocore-1.34.162-py3-none-any.whl.metadata (5.7 kB)
2025-08-21T17:27:32.4288603Z #33 6.823 Collecting jmespath<2.0.0,>=0.7.1 (from boto3==1.34.162->-r requirements.txt (line 9))
2025-08-21T17:27:32.4289389Z #33 6.828   Downloading jmespath-1.0.1-py3-none-any.whl.metadata (7.6 kB)
2025-08-21T17:27:32.4290180Z #33 6.847 Collecting s3transfer<0.11.0,>=0.10.0 (from boto3==1.34.162->-r requirements.txt (line 9))
2025-08-21T17:27:32.4291018Z #33 6.857   Downloading s3transfer-0.10.4-py3-none-any.whl.metadata (1.7 kB)
2025-08-21T17:27:32.4292046Z #33 6.969 Collecting MarkupSafe>=2.0 (from Jinja2==3.1.5->-r requirements.txt (line 10))
2025-08-21T17:27:32.4293015Z #33 6.981   Downloading MarkupSafe-3.0.2-cp312-cp312-manylinux_2_17_x86_64.manylinux2014_x86_64.whl.metadata (4.0 kB)
2025-08-21T17:27:32.4294026Z #33 7.016 Collecting billiard<5.0,>=4.2.0 (from celery==5.3.*->-r requirements.txt (line 11))
2025-08-21T17:27:32.4296306Z #33 7.023   Downloading billiard-4.2.1-py3-none-any.whl.metadata (4.4 kB)
2025-08-21T17:27:32.4353124Z #33 7.035 Collecting click-didyoumean>=0.3.0 (from celery==5.3.*->-r requirements.txt (line 11))
2025-08-21T17:27:32.4355092Z #33 7.041   Downloading click_didyoumean-0.3.1-py3-none-any.whl.metadata (3.9 kB)
2025-08-21T17:27:32.4384265Z #33 7.050 Collecting click-plugins>=1.1.1 (from celery==5.3.*->-r requirements.txt (line 11))
2025-08-21T17:27:32.4385210Z #33 7.059   Downloading click_plugins-1.1.1.2-py2.py3-none-any.whl.metadata (6.5 kB)
2025-08-21T17:27:32.4386073Z #33 7.071 Collecting click-repl>=0.2.0 (from celery==5.3.*->-r requirements.txt (line 11))
2025-08-21T17:27:32.4386927Z #33 7.083   Downloading click_repl-0.3.0-py3-none-any.whl.metadata (3.6 kB)
2025-08-21T17:27:32.4387673Z #33 7.148 Collecting kombu<6.0,>=5.3.4 (from celery==5.3.*->-r requirements.txt (line 11))
2025-08-21T17:27:32.4388342Z #33 7.157   Downloading kombu-5.5.4-py3-none-any.whl.metadata (3.5 kB)
2025-08-21T17:27:32.4389180Z #33 7.189 Collecting python-dateutil>=2.8.2 (from celery==5.3.*->-r requirements.txt (line 11))
2025-08-21T17:27:32.4390072Z #33 7.191   Downloading python_dateutil-2.9.0.post0-py2.py3-none-any.whl.metadata (8.4 kB)
2025-08-21T17:27:32.4390946Z #33 7.210 Collecting tzdata>=2022.7 (from celery==5.3.*->-r requirements.txt (line 11))
2025-08-21T17:27:32.4391737Z #33 7.215   Downloading tzdata-2025.2-py2.py3-none-any.whl.metadata (1.4 kB)
2025-08-21T17:27:32.4392515Z #33 7.229 Collecting vine<6.0,>=5.1.0 (from celery==5.3.*->-r requirements.txt (line 11))
2025-08-21T17:27:32.4393261Z #33 7.233   Downloading vine-5.1.0-py3-none-any.whl.metadata (2.7 kB)
2025-08-21T17:27:32.6529330Z #33 7.355 Collecting urllib3>=1.26.11 (from sentry-sdk==2.9.0->sentry-sdk[celery,fastapi,sqlalchemy]==2.9.0->-r requirements.txt (line 16))
2025-08-21T17:27:32.6532980Z #33 7.362   Downloading urllib3-2.5.0-py3-none-any.whl.metadata (6.5 kB)
2025-08-21T17:27:32.8576894Z #33 7.609 Collecting psycopg-binary==3.2.9 (from psycopg[binary]==3.2.9->-r requirements.txt (line 6))
2025-08-21T17:27:32.8593122Z #33 7.615   Downloading psycopg_binary-3.2.9-cp312-cp312-manylinux_2_17_x86_64.manylinux2014_x86_64.whl.metadata (2.9 kB)
2025-08-21T17:27:32.9802216Z #33 7.778 Collecting prompt-toolkit>=3.0.36 (from click-repl>=0.2.0->celery==5.3.*->-r requirements.txt (line 11))
2025-08-21T17:27:32.9803318Z #33 7.789   Downloading prompt_toolkit-3.0.51-py3-none-any.whl.metadata (6.4 kB)
2025-08-21T17:27:32.9804548Z #33 7.808 Collecting dnspython>=2.0.0 (from email_validator>=2.0.0->fastapi==0.111.0->-r requirements.txt (line 3))
2025-08-21T17:27:32.9805587Z #33 7.813   Downloading dnspython-2.7.0-py3-none-any.whl.metadata (5.8 kB)
2025-08-21T17:27:33.0829821Z #33 7.849 Collecting typer>=0.15.1 (from fastapi-cli>=0.0.2->fastapi==0.111.0->-r requirements.txt (line 3))
2025-08-21T17:27:33.0833490Z #33 7.859   Downloading typer-0.16.1-py3-none-any.whl.metadata (15 kB)
2025-08-21T17:27:33.0842148Z #33 7.902 Collecting rich-toolkit>=0.14.8 (from fastapi-cli>=0.0.2->fastapi==0.111.0->-r requirements.txt (line 3))
2025-08-21T17:27:33.0843199Z #33 7.908   Downloading rich_toolkit-0.15.0-py3-none-any.whl.metadata (1.0 kB)
2025-08-21T17:27:33.0844273Z #33 7.948 Collecting amqp<6.0.0,>=5.1.1 (from kombu<6.0,>=5.3.4->celery==5.3.*->-r requirements.txt (line 11))
2025-08-21T17:27:33.0845935Z #33 ...
2025-08-21T17:27:33.0846109Z 
2025-08-21T17:27:33.0847188Z #34 [postgres 2/6] RUN set -eux;     if [ -f /etc/apt/sources.list ]; then         sed -i 's|http://deb.debian.org|https://deb.debian.org|g' /etc/apt/sources.list;     fi;     apt-get update;     apt-get install -y locales;     locale-gen en_US.UTF-8;     rm -rf /var/lib/apt/lists/*
2025-08-21T17:27:33.0848801Z #34 0.300 + [ -f /etc/apt/sources.list ]
2025-08-21T17:27:33.0849094Z #34 0.300 + apt-get update
2025-08-21T17:27:33.0849438Z #34 0.398 Get:1 http://deb.debian.org/debian trixie InRelease [138 kB]
2025-08-21T17:27:33.0850078Z #34 0.441 Get:2 http://deb.debian.org/debian trixie-updates InRelease [47.1 kB]
2025-08-21T17:27:33.0850809Z #34 0.446 Get:3 http://deb.debian.org/debian-security trixie-security InRelease [43.4 kB]
2025-08-21T17:27:33.0852038Z #34 0.491 Get:4 http://deb.debian.org/debian trixie/main amd64 Packages [9,668 kB]
2025-08-21T17:27:33.0853095Z #34 0.588 Get:5 http://deb.debian.org/debian trixie-updates/main amd64 Packages [2,432 B]
2025-08-21T17:27:33.0853994Z #34 0.588 Get:6 http://deb.debian.org/debian-security trixie-security/main amd64 Packages [20.5 kB]
2025-08-21T17:27:33.0855153Z #34 0.591 Get:7 http://apt.postgresql.org/pub/repos/apt trixie-pgdg InRelease [107 kB]
2025-08-21T17:27:33.0856069Z #34 0.636 Get:8 http://apt.postgresql.org/pub/repos/apt trixie-pgdg/main amd64 Packages [334 kB]
2025-08-21T17:27:33.0856954Z #34 0.645 Get:9 http://apt.postgresql.org/pub/repos/apt trixie-pgdg/16 amd64 Packages [2,574 B]
2025-08-21T17:27:34.1301287Z #34 1.605 Fetched 10.4 MB in 1s (8,324 kB/s)
2025-08-21T17:27:35.0131812Z #34 1.605 Reading package lists...
2025-08-21T17:27:35.0132378Z #34 2.579 + apt-get install -y locales
2025-08-21T17:27:35.1195678Z #34 2.596 Reading package lists...
2025-08-21T17:27:35.1196630Z #34 ...
2025-08-21T17:27:35.1196937Z 
2025-08-21T17:27:35.1198713Z #35 [api stage-1 3/6] RUN set -eux;     if [ -f /etc/apt/sources.list ]; then         sed -i 's|http://deb.debian.org|https://deb.debian.org|g' /etc/apt/sources.list;     fi;     apt-get update;     apt-get install -y --no-install-recommends tzdata postgresql-client curl;     rm -rf /var/lib/apt/lists/*
2025-08-21T17:27:35.1206915Z #35 0.284 + [ -f /etc/apt/sources.list ]
2025-08-21T17:27:35.1207506Z #35 0.285 + apt-get update
2025-08-21T17:27:35.1208092Z #35 0.367 Hit:1 http://deb.debian.org/debian trixie InRelease
2025-08-21T17:27:35.1208868Z #35 0.367 Get:2 http://deb.debian.org/debian trixie-updates InRelease [47.1 kB]
2025-08-21T17:27:35.1209821Z #35 0.369 Get:3 http://deb.debian.org/debian-security trixie-security InRelease [43.4 kB]
2025-08-21T17:27:35.1213512Z #35 0.429 Get:4 http://deb.debian.org/debian trixie/main amd64 Packages [9668 kB]
2025-08-21T17:27:35.1229283Z #35 0.529 Get:5 http://deb.debian.org/debian trixie-updates/main amd64 Packages [2432 B]
2025-08-21T17:27:35.1230280Z #35 0.529 Get:6 http://deb.debian.org/debian-security trixie-security/main amd64 Packages [20.5 kB]
2025-08-21T17:27:35.1231033Z #35 1.460 Fetched 9781 kB in 1s (8679 kB/s)
2025-08-21T17:27:35.1231462Z #35 1.460 Reading package lists...
2025-08-21T17:27:35.1232055Z #35 2.330 + apt-get install -y --no-install-recommends tzdata postgresql-client curl
2025-08-21T17:27:35.1232676Z #35 2.357 Reading package lists...
2025-08-21T17:27:35.1233074Z #35 3.188 Building dependency tree...
2025-08-21T17:27:35.1233500Z #35 3.400 Reading state information...
2025-08-21T17:27:35.1233991Z #35 3.642 tzdata is already the newest version (2025b-4).
2025-08-21T17:27:35.1240886Z #35 3.642 The following additional packages will be installed:
2025-08-21T17:27:35.1241620Z #35 3.642   libbrotli1 libcom-err2 libcurl4t64 libgdbm-compat4t64 libgnutls30t64
2025-08-21T17:27:35.1242397Z #35 3.642   libgssapi-krb5-2 libidn2-0 libk5crypto3 libkeyutils1 libkrb5-3
2025-08-21T17:27:35.1243230Z #35 3.642   libkrb5support0 libldap2 libnghttp2-14 libnghttp3-9 libp11-kit0 libperl5.40
2025-08-21T17:27:35.1244310Z #35 3.643   libpq5 libpsl5t64 librtmp1 libsasl2-2 libsasl2-modules-db libssh2-1t64
2025-08-21T17:27:35.1245151Z #35 3.643   libtasn1-6 libunistring5 perl perl-modules-5.40 postgresql-client-17
2025-08-21T17:27:35.1245833Z #35 3.644   postgresql-client-common sensible-utils
2025-08-21T17:27:35.1246314Z #35 3.645 Suggested packages:
2025-08-21T17:27:35.1247201Z #35 3.645   gnutls-bin krb5-doc krb5-user perl-doc libterm-readline-gnu-perl
2025-08-21T17:27:35.1248030Z #35 3.645   | libterm-readline-perl-perl make libtap-harness-archive-perl postgresql-17
2025-08-21T17:27:35.1248707Z #35 3.646   postgresql-doc-17
2025-08-21T17:27:35.1249085Z #35 3.646 Recommended packages:
2025-08-21T17:27:35.1249715Z #35 3.646   bash-completion krb5-locales libldap-common publicsuffix libsasl2-modules
2025-08-21T17:27:35.1250471Z #35 3.940 The following NEW packages will be installed:
2025-08-21T17:27:35.1251141Z #35 3.940   curl libbrotli1 libcom-err2 libcurl4t64 libgdbm-compat4t64 libgnutls30t64
2025-08-21T17:27:35.1252154Z #35 3.940   libgssapi-krb5-2 libidn2-0 libk5crypto3 libkeyutils1 libkrb5-3
2025-08-21T17:27:35.1252999Z #35 3.940   libkrb5support0 libldap2 libnghttp2-14 libnghttp3-9 libp11-kit0 libperl5.40
2025-08-21T17:27:35.1253870Z #35 3.941   libpq5 libpsl5t64 librtmp1 libsasl2-2 libsasl2-modules-db libssh2-1t64
2025-08-21T17:27:35.1254910Z #35 3.941   libtasn1-6 libunistring5 perl perl-modules-5.40 postgresql-client
2025-08-21T17:27:35.1255715Z #35 3.941   postgresql-client-17 postgresql-client-common sensible-utils
2025-08-21T17:27:35.1256450Z #35 3.982 0 upgraded, 31 newly installed, 0 to remove and 0 not upgraded.
2025-08-21T17:27:35.1257035Z #35 3.982 Need to get 14.9 MB of archives.
2025-08-21T17:27:35.1257636Z #35 3.982 After this operation, 78.1 MB of additional disk space will be used.
2025-08-21T17:27:35.1258528Z #35 3.982 Get:1 http://deb.debian.org/debian trixie/main amd64 sensible-utils all 0.0.25 [25.0 kB]
2025-08-21T17:27:35.1259542Z #35 3.983 Get:2 http://deb.debian.org/debian trixie/main amd64 perl-modules-5.40 all 5.40.1-6 [3019 kB]
2025-08-21T17:27:35.1260570Z #35 4.019 Get:3 http://deb.debian.org/debian trixie/main amd64 libgdbm-compat4t64 amd64 1.24-2 [50.3 kB]
2025-08-21T17:27:35.1261578Z #35 4.020 Get:4 http://deb.debian.org/debian trixie/main amd64 libperl5.40 amd64 5.40.1-6 [4341 kB]
2025-08-21T17:27:35.1262521Z #35 4.044 Get:5 http://deb.debian.org/debian trixie/main amd64 perl amd64 5.40.1-6 [267 kB]
2025-08-21T17:27:35.1263445Z #35 4.052 Get:6 http://deb.debian.org/debian trixie/main amd64 libbrotli1 amd64 1.1.0-2+b7 [307 kB]
2025-08-21T17:27:35.1284891Z #35 4.052 Get:7 http://deb.debian.org/debian trixie/main amd64 libkrb5support0 amd64 1.21.3-5 [33.0 kB]
2025-08-21T17:27:35.1285844Z #35 4.052 Get:8 http://deb.debian.org/debian trixie/main amd64 libcom-err2 amd64 1.47.2-3+b3 [25.0 kB]
2025-08-21T17:27:35.1286658Z #35 4.052 Get:9 http://deb.debian.org/debian trixie/main amd64 libk5crypto3 amd64 1.21.3-5 [81.5 kB]
2025-08-21T17:27:35.1287555Z #35 4.052 Get:10 http://deb.debian.org/debian trixie/main amd64 libkeyutils1 amd64 1.6.3-6 [9456 B]
2025-08-21T17:27:35.1288492Z #35 4.052 Get:11 http://deb.debian.org/debian trixie/main amd64 libkrb5-3 amd64 1.21.3-5 [326 kB]
2025-08-21T17:27:35.1289457Z #35 4.054 Get:12 http://deb.debian.org/debian trixie/main amd64 libgssapi-krb5-2 amd64 1.21.3-5 [138 kB]
2025-08-21T17:27:35.1290444Z #35 4.055 Get:13 http://deb.debian.org/debian trixie/main amd64 libunistring5 amd64 1.3-2 [477 kB]
2025-08-21T17:27:35.1291408Z #35 4.058 Get:14 http://deb.debian.org/debian trixie/main amd64 libidn2-0 amd64 2.3.8-2 [109 kB]
2025-08-21T17:27:35.1292449Z #35 4.060 Get:15 http://deb.debian.org/debian trixie/main amd64 libsasl2-modules-db amd64 2.1.28+dfsg1-9 [19.8 kB]
2025-08-21T17:27:35.1293557Z #35 4.061 Get:16 http://deb.debian.org/debian trixie/main amd64 libsasl2-2 amd64 2.1.28+dfsg1-9 [57.5 kB]
2025-08-21T17:27:35.1294796Z #35 4.061 Get:17 http://deb.debian.org/debian trixie/main amd64 libldap2 amd64 2.6.10+dfsg-1 [194 kB]
2025-08-21T17:27:35.1295760Z #35 4.067 Get:18 http://deb.debian.org/debian trixie/main amd64 libnghttp2-14 amd64 1.64.0-1.1 [76.0 kB]
2025-08-21T17:27:35.1296705Z #35 4.068 Get:19 http://deb.debian.org/debian trixie/main amd64 libnghttp3-9 amd64 1.8.0-1 [67.7 kB]
2025-08-21T17:27:35.1297638Z #35 4.068 Get:20 http://deb.debian.org/debian trixie/main amd64 libpsl5t64 amd64 0.21.2-1.1+b1 [57.2 kB]
2025-08-21T17:27:35.1298795Z #35 4.068 Get:21 http://deb.debian.org/debian trixie/main amd64 libp11-kit0 amd64 0.25.5-3 [425 kB]
2025-08-21T17:27:35.1299723Z #35 4.071 Get:22 http://deb.debian.org/debian trixie/main amd64 libtasn1-6 amd64 4.20.0-2 [49.9 kB]
2025-08-21T17:27:35.1300648Z #35 4.072 Get:23 http://deb.debian.org/debian trixie/main amd64 libgnutls30t64 amd64 3.8.9-3 [1465 kB]
2025-08-21T17:27:35.1301696Z #35 4.079 Get:24 http://deb.debian.org/debian trixie/main amd64 librtmp1 amd64 2.4+20151223.gitfa8646d.1-2+b5 [58.8 kB]
2025-08-21T17:27:35.1302754Z #35 4.081 Get:25 http://deb.debian.org/debian trixie/main amd64 libssh2-1t64 amd64 1.11.1-1 [245 kB]
2025-08-21T17:27:35.1303852Z #35 4.083 Get:26 http://deb.debian.org/debian trixie/main amd64 libcurl4t64 amd64 8.14.1-2 [391 kB]
2025-08-21T17:27:35.1304952Z #35 4.086 Get:27 http://deb.debian.org/debian trixie/main amd64 curl amd64 8.14.1-2 [269 kB]
2025-08-21T17:27:35.1305813Z #35 4.089 Get:28 http://deb.debian.org/debian trixie/main amd64 libpq5 amd64 17.5-1 [226 kB]
2025-08-21T17:27:35.1306794Z #35 4.090 Get:29 http://deb.debian.org/debian trixie/main amd64 postgresql-client-common all 278 [47.1 kB]
2025-08-21T17:27:35.1307856Z #35 4.091 Get:30 http://deb.debian.org/debian trixie/main amd64 postgresql-client-17 amd64 17.5-1 [2025 kB]
2025-08-21T17:27:35.1308854Z #35 4.099 Get:31 http://deb.debian.org/debian trixie/main amd64 postgresql-client all 17+278 [14.0 kB]
2025-08-21T17:27:35.1309570Z #35 6.252 Fetched 14.9 MB in 0s (105 MB/s)
2025-08-21T17:27:35.1310131Z #35 6.285 Selecting previously unselected package sensible-utils.
2025-08-21T17:27:35.1310661Z #35 6.285 (Reading database ... 
2025-08-21T17:27:35.1311026Z (Reading database ... 5%
2025-08-21T17:27:35.1311368Z (Reading database ... 10%
2025-08-21T17:27:35.1311701Z (Reading database ... 15%
2025-08-21T17:27:35.1312029Z (Reading database ... 20%
2025-08-21T17:27:35.1312360Z (Reading database ... 25%
2025-08-21T17:27:35.1312703Z (Reading database ... 30%
2025-08-21T17:27:35.1313041Z (Reading database ... 35%
2025-08-21T17:27:35.1313380Z (Reading database ... 40%
2025-08-21T17:27:35.1313697Z (Reading database ... 45%
2025-08-21T17:27:35.1314023Z (Reading database ... 50%
2025-08-21T17:27:35.1358270Z (Reading database ... 55%
2025-08-21T17:27:35.1358655Z (Reading database ... 60%
2025-08-21T17:27:35.1359002Z (Reading database ... 65%
2025-08-21T17:27:35.1359353Z (Reading database ... 70%
2025-08-21T17:27:35.1359689Z (Reading database ... 75%
2025-08-21T17:27:35.1360045Z (Reading database ... 80%
2025-08-21T17:27:35.1360388Z (Reading database ... 85%
2025-08-21T17:27:35.1360725Z (Reading database ... 90%
2025-08-21T17:27:35.1361068Z (Reading database ... 95%
2025-08-21T17:27:35.1361424Z (Reading database ... 100%
2025-08-21T17:27:35.1361946Z (Reading database ... 5643 files and directories currently installed.)
2025-08-21T17:27:35.1362670Z #35 6.288 Preparing to unpack .../00-sensible-utils_0.0.25_all.deb ...
2025-08-21T17:27:35.1363275Z #35 6.292 Unpacking sensible-utils (0.0.25) ...
2025-08-21T17:27:35.1363881Z #35 6.482 Selecting previously unselected package perl-modules-5.40.
2025-08-21T17:27:35.1364850Z #35 6.482 Preparing to unpack .../01-perl-modules-5.40_5.40.1-6_all.deb ...
2025-08-21T17:27:35.1365497Z #35 6.580 Unpacking perl-modules-5.40 (5.40.1-6) ...
2025-08-21T17:27:35.1366153Z #35 7.314 Selecting previously unselected package libgdbm-compat4t64:amd64.
2025-08-21T17:27:35.1366923Z #35 7.314 Preparing to unpack .../02-libgdbm-compat4t64_1.24-2_amd64.deb ...
2025-08-21T17:27:35.1367564Z #35 7.323 Unpacking libgdbm-compat4t64:amd64 (1.24-2) ...
2025-08-21T17:27:35.1368259Z #35 7.390 Selecting previously unselected package libperl5.40:amd64.
2025-08-21T17:27:35.1368945Z #35 7.390 Preparing to unpack .../03-libperl5.40_5.40.1-6_amd64.deb ...
2025-08-21T17:27:35.1369532Z #35 7.393 Unpacking libperl5.40:amd64 (5.40.1-6) ...
2025-08-21T17:27:35.1370069Z #35 7.895 Selecting previously unselected package perl.
2025-08-21T17:27:35.1370649Z #35 7.897 Preparing to unpack .../04-perl_5.40.1-6_amd64.deb ...
2025-08-21T17:27:35.1371483Z #35 7.903 Unpacking perl (5.40.1-6) ...
2025-08-21T17:27:35.1372040Z #35 7.979 Selecting previously unselected package libbrotli1:amd64.
2025-08-21T17:27:35.1372746Z #35 7.980 Preparing to unpack .../05-libbrotli1_1.1.0-2+b7_amd64.deb ...
2025-08-21T17:27:35.1373346Z #35 7.984 Unpacking libbrotli1:amd64 (1.1.0-2+b7) ...
2025-08-21T17:27:35.1373996Z #35 8.059 Selecting previously unselected package libkrb5support0:amd64.
2025-08-21T17:27:35.1374916Z #35 8.061 Preparing to unpack .../06-libkrb5support0_1.21.3-5_amd64.deb ...
2025-08-21T17:27:35.1375568Z #35 8.067 Unpacking libkrb5support0:amd64 (1.21.3-5) ...
2025-08-21T17:27:35.1376402Z #35 8.117 Selecting previously unselected package libcom-err2:amd64.
2025-08-21T17:27:35.1377121Z #35 8.117 Preparing to unpack .../07-libcom-err2_1.47.2-3+b3_amd64.deb ...
2025-08-21T17:27:35.1377746Z #35 8.119 Unpacking libcom-err2:amd64 (1.47.2-3+b3) ...
2025-08-21T17:27:35.1378368Z #35 8.166 Selecting previously unselected package libk5crypto3:amd64.
2025-08-21T17:27:35.1379086Z #35 8.167 Preparing to unpack .../08-libk5crypto3_1.21.3-5_amd64.deb ...
2025-08-21T17:27:35.1379695Z #35 8.168 Unpacking libk5crypto3:amd64 (1.21.3-5) ...
2025-08-21T17:27:35.1380302Z #35 8.224 Selecting previously unselected package libkeyutils1:amd64.
2025-08-21T17:27:35.1381006Z #35 8.224 Preparing to unpack .../09-libkeyutils1_1.6.3-6_amd64.deb ...
2025-08-21T17:27:35.1381597Z #35 8.237 Unpacking libkeyutils1:amd64 (1.6.3-6) ...
2025-08-21T17:27:35.1382186Z #35 8.280 Selecting previously unselected package libkrb5-3:amd64.
2025-08-21T17:27:35.1382851Z #35 8.283 Preparing to unpack .../10-libkrb5-3_1.21.3-5_amd64.deb ...
2025-08-21T17:27:35.1383480Z #35 8.286 Unpacking libkrb5-3:amd64 (1.21.3-5) ...
2025-08-21T17:27:35.1424027Z #35 8.375 Selecting previously unselected package libgssapi-krb5-2:amd64.
2025-08-21T17:27:35.1424957Z #35 8.376 Preparing to unpack .../11-libgssapi-krb5-2_1.21.3-5_amd64.deb ...
2025-08-21T17:27:35.1425589Z #35 8.380 Unpacking libgssapi-krb5-2:amd64 (1.21.3-5) ...
2025-08-21T17:27:35.1426214Z #35 8.441 Selecting previously unselected package libunistring5:amd64.
2025-08-21T17:27:35.1426864Z #35 8.443 Preparing to unpack .../12-libunistring5_1.3-2_amd64.deb ...
2025-08-21T17:27:35.1427472Z #35 8.452 Unpacking libunistring5:amd64 (1.3-2) ...
2025-08-21T17:27:35.1428069Z #35 8.596 Selecting previously unselected package libidn2-0:amd64.
2025-08-21T17:27:35.1428748Z #35 8.599 Preparing to unpack .../13-libidn2-0_2.3.8-2_amd64.deb ...
2025-08-21T17:27:35.1429325Z #35 8.601 Unpacking libidn2-0:amd64 (2.3.8-2) ...
2025-08-21T17:27:35.1429973Z #35 8.671 Selecting previously unselected package libsasl2-modules-db:amd64.
2025-08-21T17:27:35.1430804Z #35 8.673 Preparing to unpack .../14-libsasl2-modules-db_2.1.28+dfsg1-9_amd64.deb ...
2025-08-21T17:27:35.1431547Z #35 8.677 Unpacking libsasl2-modules-db:amd64 (2.1.28+dfsg1-9) ...
2025-08-21T17:27:35.1432253Z #35 8.759 Selecting previously unselected package libsasl2-2:amd64.
2025-08-21T17:27:35.1432952Z #35 8.761 Preparing to unpack .../15-libsasl2-2_2.1.28+dfsg1-9_amd64.deb ...
2025-08-21T17:27:35.1433601Z #35 8.770 Unpacking libsasl2-2:amd64 (2.1.28+dfsg1-9) ...
2025-08-21T17:27:35.1444521Z #35 8.847 Selecting previously unselected package libldap2:amd64.
2025-08-21T17:27:35.1445278Z #35 8.850 Preparing to unpack .../16-libldap2_2.6.10+dfsg-1_amd64.deb ...
2025-08-21T17:27:35.1445930Z #35 8.856 Unpacking libldap2:amd64 (2.6.10+dfsg-1) ...
2025-08-21T17:27:35.1446563Z #35 8.920 Selecting previously unselected package libnghttp2-14:amd64.
2025-08-21T17:27:35.1447299Z #35 8.920 Preparing to unpack .../17-libnghttp2-14_1.64.0-1.1_amd64.deb ...
2025-08-21T17:27:35.1447949Z #35 8.926 Unpacking libnghttp2-14:amd64 (1.64.0-1.1) ...
2025-08-21T17:27:35.1448590Z #35 9.020 Selecting previously unselected package libnghttp3-9:amd64.
2025-08-21T17:27:35.1449324Z #35 9.020 Preparing to unpack .../18-libnghttp3-9_1.8.0-1_amd64.deb ...
2025-08-21T17:27:35.1449940Z #35 9.025 Unpacking libnghttp3-9:amd64 (1.8.0-1) ...
2025-08-21T17:27:35.1450857Z #35 9.098 Selecting previously unselected package libpsl5t64:amd64.
2025-08-21T17:27:35.1451565Z #35 9.100 Preparing to unpack .../19-libpsl5t64_0.21.2-1.1+b1_amd64.deb ...
2025-08-21T17:27:35.1452201Z #35 9.109 Unpacking libpsl5t64:amd64 (0.21.2-1.1+b1) ...
2025-08-21T17:27:35.1452813Z #35 9.172 Selecting previously unselected package libp11-kit0:amd64.
2025-08-21T17:27:35.1453517Z #35 9.172 Preparing to unpack .../20-libp11-kit0_0.25.5-3_amd64.deb ...
2025-08-21T17:27:35.1454670Z #35 9.181 Unpacking libp11-kit0:amd64 (0.25.5-3) ...
2025-08-21T17:27:35.1455309Z #35 9.318 Selecting previously unselected package libtasn1-6:amd64.
2025-08-21T17:27:35.1456231Z #35 9.325 Preparing to unpack .../21-libtasn1-6_4.20.0-2_amd64.deb ...
2025-08-21T17:27:35.1456846Z #35 9.327 Unpacking libtasn1-6:amd64 (4.20.0-2) ...
2025-08-21T17:27:35.1457467Z #35 9.399 Selecting previously unselected package libgnutls30t64:amd64.
2025-08-21T17:27:35.1458120Z #35 9.402 Preparing to unpack .../22-libgnutls30t64_3.8.9-3_amd64.deb ...
2025-08-21T17:27:35.1458678Z #35 9.409 Unpacking libgnutls30t64:amd64 (3.8.9-3) ...
2025-08-21T17:27:35.1459213Z #35 9.555 Selecting previously unselected package librtmp1:amd64.
2025-08-21T17:27:35.1459887Z #35 9.557 Preparing to unpack .../23-librtmp1_2.4+20151223.gitfa8646d.1-2+b5_amd64.deb ...
2025-08-21T17:27:35.1460583Z #35 9.561 Unpacking librtmp1:amd64 (2.4+20151223.gitfa8646d.1-2+b5) ...
2025-08-21T17:27:35.1461210Z #35 9.615 Selecting previously unselected package libssh2-1t64:amd64.
2025-08-21T17:27:35.1461890Z #35 9.616 Preparing to unpack .../24-libssh2-1t64_1.11.1-1_amd64.deb ...
2025-08-21T17:27:35.1462464Z #35 9.621 Unpacking libssh2-1t64:amd64 (1.11.1-1) ...
2025-08-21T17:27:35.1463048Z #35 9.682 Selecting previously unselected package libcurl4t64:amd64.
2025-08-21T17:27:35.1463612Z #35 9.692 Preparing to unpack .../25-libcurl4t64_8.14.1-2_amd64.deb ...
2025-08-21T17:27:35.1464371Z #35 9.694 Unpacking libcurl4t64:amd64 (8.14.1-2) ...
2025-08-21T17:27:35.1464803Z #35 9.788 Selecting previously unselected package curl.
2025-08-21T17:27:35.1465273Z #35 9.788 Preparing to unpack .../26-curl_8.14.1-2_amd64.deb ...
2025-08-21T17:27:35.1465697Z #35 9.793 Unpacking curl (8.14.1-2) ...
2025-08-21T17:27:35.1466111Z #35 9.881 Selecting previously unselected package libpq5:amd64.
2025-08-21T17:27:35.1466620Z #35 9.885 Preparing to unpack .../27-libpq5_17.5-1_amd64.deb ...
2025-08-21T17:27:35.1467064Z #35 9.890 Unpacking libpq5:amd64 (17.5-1) ...
2025-08-21T17:27:35.1467577Z #35 9.987 Selecting previously unselected package postgresql-client-common.
2025-08-21T17:27:35.1468301Z #35 9.987 Preparing to unpack .../28-postgresql-client-common_278_all.deb ...
2025-08-21T17:27:35.1468869Z #35 10.01 Unpacking postgresql-client-common (278) ...
2025-08-21T17:27:35.2235684Z #35 10.10 Selecting previously unselected package postgresql-client-17.
2025-08-21T17:27:35.2268024Z #35 10.11 Preparing to unpack .../29-postgresql-client-17_17.5-1_amd64.deb ...
2025-08-21T17:27:35.2268767Z #35 10.11 Unpacking postgresql-client-17 (17.5-1) ...
2025-08-21T17:27:35.2269259Z #35 ...
2025-08-21T17:27:35.2269939Z 
2025-08-21T17:27:35.2270651Z #36 [etl base 4/8] RUN if [ -n "" ] && [ -f "" ]; then         pip install -r requirements.txt -c "";     else         pip install -r requirements.txt;     fi
2025-08-21T17:27:35.2272474Z #36 3.000 Collecting keepa==1.3.14 (from -r requirements.txt (line 1))
2025-08-21T17:27:35.2273333Z #36 3.053   Downloading keepa-1.3.14-py3-none-any.whl.metadata (10 kB)
2025-08-21T17:27:35.2274357Z #36 3.133 Collecting minio==7.1.15 (from -r requirements.txt (line 2))
2025-08-21T17:27:35.2275176Z #36 3.141   Downloading minio-7.1.15-py3-none-any.whl.metadata (4.2 kB)
2025-08-21T17:27:35.2275983Z #36 3.210 Collecting celery==5.3.* (from -r requirements.txt (line 3))
2025-08-21T17:27:35.2276769Z #36 3.217   Downloading celery-5.3.6-py3-none-any.whl.metadata (21 kB)
2025-08-21T17:27:35.2278985Z #36 3.337 Collecting redis==5.* (from -r requirements.txt (line 4))
2025-08-21T17:27:35.2279707Z #36 3.341   Downloading redis-5.3.1-py3-none-any.whl.metadata (9.2 kB)
2025-08-21T17:27:35.2280919Z #36 3.483 Collecting python-amazon-sp-api==0.8.0 (from -r requirements.txt (line 5))
2025-08-21T17:27:35.2281808Z #36 3.492   Downloading python_amazon_sp_api-0.8.0-py3-none-any.whl.metadata (3.2 kB)
2025-08-21T17:27:35.2282669Z #36 3.531 Collecting pydantic-settings==2.2.1 (from -r requirements.txt (line 6))
2025-08-21T17:27:35.2283500Z #36 3.543   Downloading pydantic_settings-2.2.1-py3-none-any.whl.metadata (3.1 kB)
2025-08-21T17:27:35.2284484Z #36 3.842 Collecting numpy<2 (from -r requirements.txt (line 7))
2025-08-21T17:27:35.2285634Z #36 3.850   Downloading numpy-1.26.4-cp312-cp312-manylinux_2_17_x86_64.manylinux2014_x86_64.whl.metadata (61 kB)
2025-08-21T17:27:35.2286572Z #36 4.071 Collecting pandas==2.2.* (from -r requirements.txt (line 8))
2025-08-21T17:27:35.2287508Z #36 4.077   Downloading pandas-2.2.3-cp312-cp312-manylinux_2_17_x86_64.manylinux2014_x86_64.whl.metadata (89 kB)
2025-08-21T17:27:35.2288420Z #36 4.213 Collecting pandera==0.19.* (from -r requirements.txt (line 9))
2025-08-21T17:27:35.2289174Z #36 4.221   Downloading pandera-0.19.3-py3-none-any.whl.metadata (15 kB)
2025-08-21T17:27:35.2289895Z #36 4.281 Collecting openpyxl==3.1.* (from -r requirements.txt (line 10))
2025-08-21T17:27:35.2290668Z #36 4.286   Downloading openpyxl-3.1.5-py2.py3-none-any.whl.metadata (2.5 kB)
2025-08-21T17:27:35.2291543Z #36 4.334 Collecting psycopg==3.2.9 (from psycopg[binary]==3.2.9->-r requirements.txt (line 11))
2025-08-21T17:27:35.2292365Z #36 4.339   Downloading psycopg-3.2.9-py3-none-any.whl.metadata (4.5 kB)
2025-08-21T17:27:35.2293134Z #36 4.460 Collecting psycopg2-binary==2.9.* (from -r requirements.txt (line 12))
2025-08-21T17:27:35.2325932Z #36 4.466   Downloading psycopg2_binary-2.9.10-cp312-cp312-manylinux_2_17_x86_64.manylinux2014_x86_64.whl.metadata (4.9 kB)
2025-08-21T17:27:35.2327047Z #36 4.570 Collecting sentry-sdk==2.9.0 (from -r requirements.txt (line 13))
2025-08-21T17:27:35.2327870Z #36 4.577   Downloading sentry_sdk-2.9.0-py2.py3-none-any.whl.metadata (14 kB)
2025-08-21T17:27:35.2328694Z #36 4.715 Collecting requests>=2.2 (from keepa==1.3.14->-r requirements.txt (line 1))
2025-08-21T17:27:35.2329507Z #36 4.722   Downloading requests-2.32.5-py3-none-any.whl.metadata (4.9 kB)
2025-08-21T17:27:35.2330275Z #36 4.805 Collecting tqdm (from keepa==1.3.14->-r requirements.txt (line 1))
2025-08-21T17:27:35.2331000Z #36 4.811   Downloading tqdm-4.67.1-py3-none-any.whl.metadata (57 kB)
2025-08-21T17:27:35.2331725Z #36 5.723 Collecting aiohttp (from keepa==1.3.14->-r requirements.txt (line 1))
2025-08-21T17:27:35.2332678Z #36 5.731   Downloading aiohttp-3.12.15-cp312-cp312-manylinux_2_17_x86_64.manylinux2014_x86_64.whl.metadata (7.7 kB)
2025-08-21T17:27:35.2333660Z #36 5.955 Collecting pydantic (from keepa==1.3.14->-r requirements.txt (line 1))
2025-08-21T17:27:35.2334637Z #36 5.972   Downloading pydantic-2.11.7-py3-none-any.whl.metadata (67 kB)
2025-08-21T17:27:35.2335417Z #36 6.028 Collecting certifi (from minio==7.1.15->-r requirements.txt (line 2))
2025-08-21T17:27:35.2336217Z #36 6.032   Downloading certifi-2025.8.3-py3-none-any.whl.metadata (2.4 kB)
2025-08-21T17:27:35.2337002Z #36 6.086 Collecting urllib3 (from minio==7.1.15->-r requirements.txt (line 2))
2025-08-21T17:27:35.2337764Z #36 6.090   Downloading urllib3-2.5.0-py3-none-any.whl.metadata (6.5 kB)
2025-08-21T17:27:35.2338561Z #36 6.137 Collecting billiard<5.0,>=4.2.0 (from celery==5.3.*->-r requirements.txt (line 3))
2025-08-21T17:27:35.2339371Z #36 6.141   Downloading billiard-4.2.1-py3-none-any.whl.metadata (4.4 kB)
2025-08-21T17:27:35.2340222Z #36 6.161 Collecting click-didyoumean>=0.3.0 (from celery==5.3.*->-r requirements.txt (line 3))
2025-08-21T17:27:35.2341159Z #36 6.166   Downloading click_didyoumean-0.3.1-py3-none-any.whl.metadata (3.9 kB)
2025-08-21T17:27:35.2342056Z #36 6.193 Collecting click-plugins>=1.1.1 (from celery==5.3.*->-r requirements.txt (line 3))
2025-08-21T17:27:35.2342968Z #36 6.201   Downloading click_plugins-1.1.1.2-py2.py3-none-any.whl.metadata (6.5 kB)
2025-08-21T17:27:35.2344319Z #36 6.244 Collecting click-repl>=0.2.0 (from celery==5.3.*->-r requirements.txt (line 3))
2025-08-21T17:27:35.2355188Z #36 6.251   Downloading click_repl-0.3.0-py3-none-any.whl.metadata (3.6 kB)
2025-08-21T17:27:35.2356011Z #36 6.348 Collecting click<9.0,>=8.1.2 (from celery==5.3.*->-r requirements.txt (line 3))
2025-08-21T17:27:35.2356788Z #36 6.357   Downloading click-8.2.1-py3-none-any.whl.metadata (2.5 kB)
2025-08-21T17:27:35.2357561Z #36 6.776 Collecting kombu<6.0,>=5.3.4 (from celery==5.3.*->-r requirements.txt (line 3))
2025-08-21T17:27:35.2358329Z #36 6.779   Downloading kombu-5.5.4-py3-none-any.whl.metadata (3.5 kB)
2025-08-21T17:27:35.2359567Z #36 6.874 Collecting python-dateutil>=2.8.2 (from celery==5.3.*->-r requirements.txt (line 3))
2025-08-21T17:27:35.2360440Z #36 6.886   Downloading python_dateutil-2.9.0.post0-py2.py3-none-any.whl.metadata (8.4 kB)
2025-08-21T17:27:35.2361344Z #36 6.918 Collecting tzdata>=2022.7 (from celery==5.3.*->-r requirements.txt (line 3))
2025-08-21T17:27:35.2362176Z #36 6.923   Downloading tzdata-2025.2-py2.py3-none-any.whl.metadata (1.4 kB)
2025-08-21T17:27:35.2362965Z #36 6.950 Collecting vine<6.0,>=5.1.0 (from celery==5.3.*->-r requirements.txt (line 3))
2025-08-21T17:27:35.2363727Z #36 6.956   Downloading vine-5.1.0-py3-none-any.whl.metadata (2.7 kB)
2025-08-21T17:27:35.2364646Z #36 6.997 Collecting PyJWT>=2.9.0 (from redis==5.*->-r requirements.txt (line 4))
2025-08-21T17:27:35.2365411Z #36 7.003   Downloading PyJWT-2.10.1-py3-none-any.whl.metadata (4.0 kB)
2025-08-21T17:27:35.2366257Z #36 7.037 Collecting six<2,>=1.15 (from python-amazon-sp-api==0.8.0->-r requirements.txt (line 5))
2025-08-21T17:27:35.2367107Z #36 7.042   Downloading six-1.17.0-py2.py3-none-any.whl.metadata (1.7 kB)
2025-08-21T17:27:35.2367993Z #36 7.724 Collecting boto3<2,>=1.16.39 (from python-amazon-sp-api==0.8.0->-r requirements.txt (line 5))
2025-08-21T17:27:35.2368879Z #36 7.729   Downloading boto3-1.40.14-py3-none-any.whl.metadata (6.7 kB)
2025-08-21T17:27:35.2369774Z #36 7.768 Collecting cachetools~=4.2.0 (from python-amazon-sp-api==0.8.0->-r requirements.txt (line 5))
2025-08-21T17:27:35.2370706Z #36 7.775   Downloading cachetools-4.2.4-py3-none-any.whl.metadata (4.8 kB)
2025-08-21T17:27:35.2371614Z #36 7.913 Collecting pycryptodome (from python-amazon-sp-api==0.8.0->-r requirements.txt (line 5))
2025-08-21T17:27:35.2372751Z #36 7.918   Downloading pycryptodome-3.23.0-cp37-abi3-manylinux_2_17_x86_64.manylinux2014_x86_64.whl.metadata (3.4 kB)
2025-08-21T17:27:35.2373824Z #36 7.982 Collecting pytz (from python-amazon-sp-api==0.8.0->-r requirements.txt (line 5))
2025-08-21T17:27:35.2374903Z #36 7.986   Downloading pytz-2025.2-py2.py3-none-any.whl.metadata (22 kB)
2025-08-21T17:27:35.2375785Z #36 8.015 Collecting confuse~=1.4.0 (from python-amazon-sp-api==0.8.0->-r requirements.txt (line 5))
2025-08-21T17:27:35.2418654Z #36 8.028   Downloading confuse-1.4.0-py2.py3-none-any.whl.metadata (3.8 kB)
2025-08-21T17:27:35.2419627Z #36 8.079 Collecting python-dotenv>=0.21.0 (from pydantic-settings==2.2.1->-r requirements.txt (line 6))
2025-08-21T17:27:35.2420536Z #36 8.082   Downloading python_dotenv-1.1.1-py3-none-any.whl.metadata (24 kB)
2025-08-21T17:27:35.2421403Z #36 8.140 Collecting multimethod<=1.10.0 (from pandera==0.19.*->-r requirements.txt (line 9))
2025-08-21T17:27:35.2422273Z #36 8.145   Downloading multimethod-1.10-py3-none-any.whl.metadata (8.2 kB)
2025-08-21T17:27:35.2423108Z #36 8.187 Collecting packaging>=20.0 (from pandera==0.19.*->-r requirements.txt (line 9))
2025-08-21T17:27:35.2423966Z #36 8.193   Downloading packaging-25.0-py3-none-any.whl.metadata (3.3 kB)
2025-08-21T17:27:35.2425007Z #36 8.257 Collecting typeguard (from pandera==0.19.*->-r requirements.txt (line 9))
2025-08-21T17:27:35.2425820Z #36 8.262   Downloading typeguard-4.4.4-py3-none-any.whl.metadata (3.3 kB)
2025-08-21T17:27:35.2426679Z #36 8.286 Collecting typing-inspect>=0.6.0 (from pandera==0.19.*->-r requirements.txt (line 9))
2025-08-21T17:27:35.2427527Z #36 8.293   Downloading typing_inspect-0.9.0-py3-none-any.whl.metadata (1.5 kB)
2025-08-21T17:27:35.2428617Z #36 8.454 Collecting wrapt (from pandera==0.19.*->-r requirements.txt (line 9))
2025-08-21T17:27:35.2429671Z #36 8.459   Downloading wrapt-1.17.3-cp312-cp312-manylinux1_x86_64.manylinux_2_28_x86_64.manylinux_2_5_x86_64.whl.metadata (6.4 kB)
2025-08-21T17:27:35.2430754Z #36 8.482 Collecting et-xmlfile (from openpyxl==3.1.*->-r requirements.txt (line 10))
2025-08-21T17:27:35.2431588Z #36 8.488   Downloading et_xmlfile-2.0.0-py3-none-any.whl.metadata (2.7 kB)
2025-08-21T17:27:35.2432594Z #36 8.523 Collecting typing-extensions>=4.6 (from psycopg==3.2.9->psycopg[binary]==3.2.9->-r requirements.txt (line 11))
2025-08-21T17:27:35.2433847Z #36 8.528   Downloading typing_extensions-4.14.1-py3-none-any.whl.metadata (3.0 kB)
2025-08-21T17:27:35.2435018Z #36 8.770 Collecting psycopg-binary==3.2.9 (from psycopg[binary]==3.2.9->-r requirements.txt (line 11))
2025-08-21T17:27:35.2436142Z #36 8.776   Downloading psycopg_binary-3.2.9-cp312-cp312-manylinux_2_17_x86_64.manylinux2014_x86_64.whl.metadata (2.9 kB)
2025-08-21T17:27:35.2437340Z #36 9.450 Collecting botocore<1.41.0,>=1.40.14 (from boto3<2,>=1.16.39->python-amazon-sp-api==0.8.0->-r requirements.txt (line 5))
2025-08-21T17:27:35.2438299Z #36 9.454   Downloading botocore-1.40.14-py3-none-any.whl.metadata (5.7 kB)
2025-08-21T17:27:35.2439276Z #36 9.488 Collecting jmespath<2.0.0,>=0.7.1 (from boto3<2,>=1.16.39->python-amazon-sp-api==0.8.0->-r requirements.txt (line 5))
2025-08-21T17:27:35.2440259Z #36 9.494   Downloading jmespath-1.0.1-py3-none-any.whl.metadata (7.6 kB)
2025-08-21T17:27:35.2441288Z #36 9.528 Collecting s3transfer<0.14.0,>=0.13.0 (from boto3<2,>=1.16.39->python-amazon-sp-api==0.8.0->-r requirements.txt (line 5))
2025-08-21T17:27:35.2442319Z #36 9.533   Downloading s3transfer-0.13.1-py3-none-any.whl.metadata (1.7 kB)
2025-08-21T17:27:35.2443285Z #36 9.621 Collecting prompt-toolkit>=3.0.36 (from click-repl>=0.2.0->celery==5.3.*->-r requirements.txt (line 3))
2025-08-21T17:27:35.2474619Z #36 9.628   Downloading prompt_toolkit-3.0.51-py3-none-any.whl.metadata (6.4 kB)
2025-08-21T17:27:35.2475663Z #36 9.692 Collecting pyyaml (from confuse~=1.4.0->python-amazon-sp-api==0.8.0->-r requirements.txt (line 5))
2025-08-21T17:27:35.2477099Z #36 9.694   Downloading PyYAML-6.0.2-cp312-cp312-manylinux_2_17_x86_64.manylinux2014_x86_64.whl.metadata (2.1 kB)
2025-08-21T17:27:35.2478147Z #36 9.745 Collecting amqp<6.0.0,>=5.1.1 (from kombu<6.0,>=5.3.4->celery==5.3.*->-r requirements.txt (line 3))
2025-08-21T17:27:35.2478967Z #36 9.749   Downloading amqp-5.3.1-py3-none-any.whl.metadata (8.9 kB)
2025-08-21T17:27:35.2479861Z #36 9.787 Collecting annotated-types>=0.6.0 (from pydantic->keepa==1.3.14->-r requirements.txt (line 1))
2025-08-21T17:27:35.2480806Z #36 9.792   Downloading annotated_types-0.7.0-py3-none-any.whl.metadata (15 kB)
2025-08-21T17:27:35.3761610Z #36 ...
2025-08-21T17:27:35.3763782Z 
2025-08-21T17:27:35.3784933Z #33 [api base  4/13] RUN pip install --no-cache-dir -r requirements.txt
2025-08-21T17:27:35.3791328Z #33 7.953   Downloading amqp-5.3.1-py3-none-any.whl.metadata (8.9 kB)
2025-08-21T17:27:35.3792175Z #33 7.986 Collecting packaging (from kombu<6.0,>=5.3.4->celery==5.3.*->-r requirements.txt (line 11))
2025-08-21T17:27:35.3793040Z #33 7.992   Downloading packaging-25.0-py3-none-any.whl.metadata (3.3 kB)
2025-08-21T17:27:35.3794197Z #33 8.010 Collecting annotated-types>=0.6.0 (from pydantic>=2.3.0->pydantic-settings==2.2.1->-r requirements.txt (line 2))
2025-08-21T17:27:35.3795217Z #33 8.015   Downloading annotated_types-0.7.0-py3-none-any.whl.metadata (15 kB)
2025-08-21T17:27:35.3796209Z #33 9.031 Collecting pydantic-core==2.33.2 (from pydantic>=2.3.0->pydantic-settings==2.2.1->-r requirements.txt (line 2))
2025-08-21T17:27:35.3797413Z #33 9.036   Downloading pydantic_core-2.33.2-cp312-cp312-manylinux_2_17_x86_64.manylinux2014_x86_64.whl.metadata (6.8 kB)
2025-08-21T17:27:35.3798607Z #33 9.054 Collecting typing-inspection>=0.4.0 (from pydantic>=2.3.0->pydantic-settings==2.2.1->-r requirements.txt (line 2))
2025-08-21T17:27:35.3800455Z #33 9.060   Downloading typing_inspection-0.4.1-py3-none-any.whl.metadata (2.6 kB)
2025-08-21T17:27:35.3801394Z #33 9.093 Collecting six>=1.5 (from python-dateutil>=2.8.2->celery==5.3.*->-r requirements.txt (line 11))
2025-08-21T17:27:35.3802253Z #33 9.101   Downloading six-1.17.0-py2.py3-none-any.whl.metadata (1.7 kB)
2025-08-21T17:27:35.3803162Z #33 9.444 Collecting httptools>=0.5.0 (from uvicorn[standard]>=0.12.0->fastapi==0.111.0->-r requirements.txt (line 3))
2025-08-21T17:27:35.3835156Z #33 9.451   Downloading httptools-0.6.4-cp312-cp312-manylinux_2_5_x86_64.manylinux1_x86_64.manylinux_2_17_x86_64.manylinux2014_x86_64.whl.metadata (3.6 kB)
2025-08-21T17:27:35.3836540Z #33 9.520 Collecting pyyaml>=5.1 (from uvicorn[standard]>=0.12.0->fastapi==0.111.0->-r requirements.txt (line 3))
2025-08-21T17:27:35.3837667Z #33 9.526   Downloading PyYAML-6.0.2-cp312-cp312-manylinux_2_17_x86_64.manylinux2014_x86_64.whl.metadata (2.1 kB)
2025-08-21T17:27:35.3838837Z #33 9.577 Collecting uvloop!=0.15.0,!=0.15.1,>=0.14.0 (from uvicorn[standard]>=0.12.0->fastapi==0.111.0->-r requirements.txt (line 3))
2025-08-21T17:27:35.3839990Z #33 9.582   Downloading uvloop-0.21.0-cp312-cp312-manylinux_2_17_x86_64.manylinux2014_x86_64.whl.metadata (4.9 kB)
2025-08-21T17:27:35.3841126Z #33 9.688 Collecting watchfiles>=0.13 (from uvicorn[standard]>=0.12.0->fastapi==0.111.0->-r requirements.txt (line 3))
2025-08-21T17:27:35.3842258Z #33 9.695   Downloading watchfiles-1.1.0-cp312-cp312-manylinux_2_17_x86_64.manylinux2014_x86_64.whl.metadata (4.9 kB)
2025-08-21T17:27:35.3843406Z #33 9.909 Collecting websockets>=10.4 (from uvicorn[standard]>=0.12.0->fastapi==0.111.0->-r requirements.txt (line 3))
2025-08-21T17:27:35.3844950Z #33 9.913   Downloading websockets-15.0.1-cp312-cp312-manylinux_2_5_x86_64.manylinux1_x86_64.manylinux_2_17_x86_64.manylinux2014_x86_64.whl.metadata (6.8 kB)
2025-08-21T17:27:35.3846313Z #33 9.955 Collecting wcwidth (from prompt-toolkit>=3.0.36->click-repl>=0.2.0->celery==5.3.*->-r requirements.txt (line 11))
2025-08-21T17:27:35.3847300Z #33 9.962   Downloading wcwidth-0.2.13-py2.py3-none-any.whl.metadata (14 kB)
2025-08-21T17:27:35.3848270Z #33 10.05 Collecting rich>=13.7.1 (from rich-toolkit>=0.14.8->fastapi-cli>=0.0.2->fastapi==0.111.0->-r requirements.txt (line 3))
2025-08-21T17:27:35.3849180Z #33 10.06   Downloading rich-14.1.0-py3-none-any.whl.metadata (18 kB)
2025-08-21T17:27:35.3850110Z #33 10.12 Collecting shellingham>=1.3.0 (from typer>=0.15.1->fastapi-cli>=0.0.2->fastapi==0.111.0->-r requirements.txt (line 3))
2025-08-21T17:27:35.3851098Z #33 10.12   Downloading shellingham-1.5.4-py2.py3-none-any.whl.metadata (3.5 kB)
2025-08-21T17:27:35.3852191Z #33 10.24 Collecting markdown-it-py>=2.2.0 (from rich>=13.7.1->rich-toolkit>=0.14.8->fastapi-cli>=0.0.2->fastapi==0.111.0->-r requirements.txt (line 3))
2025-08-21T17:27:35.5299067Z #33 10.25   Downloading markdown_it_py-4.0.0-py3-none-any.whl.metadata (7.3 kB)
2025-08-21T17:27:35.5307173Z #33 10.29 Collecting pygments<3.0.0,>=2.13.0 (from rich>=13.7.1->rich-toolkit>=0.14.8->fastapi-cli>=0.0.2->fastapi==0.111.0->-r requirements.txt (line 3))
2025-08-21T17:27:35.5308274Z #33 10.30   Downloading pygments-2.19.2-py3-none-any.whl.metadata (2.5 kB)
2025-08-21T17:27:35.5309709Z #33 10.33 Collecting mdurl~=0.1 (from markdown-it-py>=2.2.0->rich>=13.7.1->rich-toolkit>=0.14.8->fastapi-cli>=0.0.2->fastapi==0.111.0->-r requirements.txt (line 3))
2025-08-21T17:27:35.5310748Z #33 10.34   Downloading mdurl-0.1.2-py3-none-any.whl.metadata (1.6 kB)
2025-08-21T17:27:35.5311413Z #33 10.39 Downloading uvicorn-0.29.0-py3-none-any.whl (60 kB)
2025-08-21T17:27:35.6287364Z #33 10.40 Downloading pydantic_settings-2.2.1-py3-none-any.whl (13 kB)
2025-08-21T17:27:35.6288216Z #33 10.41 Downloading fastapi-0.111.0-py3-none-any.whl (91 kB)
2025-08-21T17:27:35.6289322Z #33 10.41 Downloading SQLAlchemy-2.0.29-cp312-cp312-manylinux_2_17_x86_64.manylinux2014_x86_64.whl (3.2 MB)
2025-08-21T17:27:35.6290588Z #33 10.43    ━━━━━━━━━━━━━━━━━━━━━━━━━━━━━━━━━━━━━━━━ 3.2/3.2 MB 324.5 MB/s eta 0:00:00
2025-08-21T17:27:35.6291510Z #33 10.44 Downloading alembic-1.13.1-py3-none-any.whl (233 kB)
2025-08-21T17:27:35.6292090Z #33 10.44 Downloading psycopg-3.2.9-py3-none-any.whl (202 kB)
2025-08-21T17:27:35.6292636Z #33 10.45 Downloading httpx-0.27.2-py3-none-any.whl (76 kB)
2025-08-21T17:27:35.6293376Z #33 10.45 Downloading asyncpg-0.29.0-cp312-cp312-manylinux_2_17_x86_64.manylinux2014_x86_64.whl (3.3 MB)
2025-08-21T17:27:35.6294479Z #33 10.47    ━━━━━━━━━━━━━━━━━━━━━━━━━━━━━━━━━━━━━━━━ 3.3/3.3 MB 314.7 MB/s eta 0:00:00
2025-08-21T17:27:35.6295061Z #33 10.47 Downloading boto3-1.34.162-py3-none-any.whl (139 kB)
2025-08-21T17:27:35.6295944Z #33 10.47 Downloading jinja2-3.1.5-py3-none-any.whl (134 kB)
2025-08-21T17:27:35.6296509Z #33 10.48 Downloading celery-5.3.6-py3-none-any.whl (422 kB)
2025-08-21T17:27:35.6297083Z #33 10.48 Downloading structlog-24.1.0-py3-none-any.whl (65 kB)
2025-08-21T17:27:35.6297696Z #33 10.49 Downloading asgi_correlation_id-4.3.1-py3-none-any.whl (15 kB)
2025-08-21T17:27:35.6298375Z #33 10.49 Downloading fastapi_limiter-0.1.6-py3-none-any.whl (15 kB)
2025-08-21T17:27:35.7320916Z #33 10.50 Downloading redis-5.0.8-py3-none-any.whl (255 kB)
2025-08-21T17:27:35.7328796Z #33 10.51 Downloading sentry_sdk-2.9.0-py2.py3-none-any.whl (301 kB)
2025-08-21T17:27:35.7329484Z #33 10.51 Downloading httpcore-1.0.9-py3-none-any.whl (78 kB)
2025-08-21T17:27:35.7330313Z #33 10.52 Downloading psycopg_binary-3.2.9-cp312-cp312-manylinux_2_17_x86_64.manylinux2014_x86_64.whl (4.4 MB)
2025-08-21T17:27:35.7331521Z #33 10.54    ━━━━━━━━━━━━━━━━━━━━━━━━━━━━━━━━━━━━━━━━ 4.4/4.4 MB 340.5 MB/s eta 0:00:00
2025-08-21T17:27:35.7332123Z #33 10.54 Downloading billiard-4.2.1-py3-none-any.whl (86 kB)
2025-08-21T17:27:35.7332731Z #33 10.55 Downloading botocore-1.34.162-py3-none-any.whl (12.5 MB)
2025-08-21T17:27:35.7333536Z #33 10.59    ━━━━━━━━━━━━━━━━━━━━━━━━━━━━━━━━━━━━━━━━ 12.5/12.5 MB 328.3 MB/s eta 0:00:00
2025-08-21T17:27:35.7334271Z #33 10.60 Downloading click-8.2.1-py3-none-any.whl (102 kB)
2025-08-21T17:27:35.8366317Z #33 10.60 Downloading click_didyoumean-0.3.1-py3-none-any.whl (3.6 kB)
2025-08-21T17:27:35.8381297Z #33 10.60 Downloading click_plugins-1.1.1.2-py2.py3-none-any.whl (11 kB)
2025-08-21T17:27:35.8384728Z #33 10.61 Downloading click_repl-0.3.0-py3-none-any.whl (10 kB)
2025-08-21T17:27:35.8385386Z #33 10.61 Downloading email_validator-2.2.0-py3-none-any.whl (33 kB)
2025-08-21T17:27:35.8386019Z #33 10.62 Downloading fastapi_cli-0.0.8-py3-none-any.whl (10 kB)
2025-08-21T17:27:35.8386822Z #33 10.62 Downloading greenlet-3.2.4-cp312-cp312-manylinux_2_24_x86_64.manylinux_2_28_x86_64.whl (607 kB)
2025-08-21T17:27:35.8387990Z #33 10.63    ━━━━━━━━━━━━━━━━━━━━━━━━━━━━━━━━━━━━━━━ 607.6/607.6 kB 468.8 MB/s eta 0:00:00
2025-08-21T17:27:35.8388541Z #33 10.63 Downloading h11-0.16.0-py3-none-any.whl (37 kB)
2025-08-21T17:27:35.8389055Z #33 10.64 Downloading idna-3.10-py3-none-any.whl (70 kB)
2025-08-21T17:27:35.8389603Z #33 10.64 Downloading jmespath-1.0.1-py3-none-any.whl (20 kB)
2025-08-21T17:27:35.8390167Z #33 10.65 Downloading kombu-5.5.4-py3-none-any.whl (210 kB)
2025-08-21T17:27:35.8390698Z #33 10.65 Downloading vine-5.1.0-py3-none-any.whl (9.6 kB)
2025-08-21T17:27:35.8391436Z #33 10.66 Downloading MarkupSafe-3.0.2-cp312-cp312-manylinux_2_17_x86_64.manylinux2014_x86_64.whl (23 kB)
2025-08-21T17:27:35.8392390Z #33 10.67 Downloading orjson-3.11.2-cp312-cp312-manylinux_2_17_x86_64.manylinux2014_x86_64.whl (121 kB)
2025-08-21T17:27:35.8393145Z #33 10.67 Downloading pydantic-2.11.7-py3-none-any.whl (444 kB)
2025-08-21T17:27:35.8393926Z #33 10.67 Downloading pydantic_core-2.33.2-cp312-cp312-manylinux_2_17_x86_64.manylinux2014_x86_64.whl (2.0 MB)
2025-08-21T17:27:35.8404951Z #33 10.68    ━━━━━━━━━━━━━━━━━━━━━━━━━━━━━━━━━━━━━━━━ 2.0/2.0 MB 351.7 MB/s eta 0:00:00
2025-08-21T17:27:35.8405663Z #33 10.69 Downloading python_dateutil-2.9.0.post0-py2.py3-none-any.whl (229 kB)
2025-08-21T17:27:35.8406389Z #33 10.70 Downloading python_dotenv-1.1.1-py3-none-any.whl (20 kB)
2025-08-21T17:27:35.8407034Z #33 10.70 Downloading python_multipart-0.0.20-py3-none-any.whl (24 kB)
2025-08-21T17:27:35.9482278Z #33 10.71 Downloading s3transfer-0.10.4-py3-none-any.whl (83 kB)
2025-08-21T17:27:35.9492198Z #33 10.71 Downloading starlette-0.37.2-py3-none-any.whl (71 kB)
2025-08-21T17:27:35.9492901Z #33 10.72 Downloading anyio-4.10.0-py3-none-any.whl (107 kB)
2025-08-21T17:27:35.9493531Z #33 10.72 Downloading sniffio-1.3.1-py3-none-any.whl (10 kB)
2025-08-21T17:27:35.9494391Z #33 10.72 Downloading typing_extensions-4.14.1-py3-none-any.whl (43 kB)
2025-08-21T17:27:35.9495135Z #33 10.73 Downloading tzdata-2025.2-py2.py3-none-any.whl (347 kB)
2025-08-21T17:27:35.9496410Z #33 10.73 Downloading ujson-5.11.0-cp312-cp312-manylinux_2_24_x86_64.manylinux_2_28_x86_64.whl (57 kB)
2025-08-21T17:27:35.9497294Z #33 10.74 Downloading urllib3-2.5.0-py3-none-any.whl (129 kB)
2025-08-21T17:27:35.9497947Z #33 10.74 Downloading certifi-2025.8.3-py3-none-any.whl (161 kB)
2025-08-21T17:27:35.9498568Z #33 10.75 Downloading mako-1.3.10-py3-none-any.whl (78 kB)
2025-08-21T17:27:35.9499183Z #33 10.75 Downloading amqp-5.3.1-py3-none-any.whl (50 kB)
2025-08-21T17:27:35.9499833Z #33 10.76 Downloading annotated_types-0.7.0-py3-none-any.whl (13 kB)
2025-08-21T17:27:35.9500523Z #33 10.76 Downloading dnspython-2.7.0-py3-none-any.whl (313 kB)
2025-08-21T17:27:35.9501611Z #33 10.77 Downloading httptools-0.6.4-cp312-cp312-manylinux_2_5_x86_64.manylinux1_x86_64.manylinux_2_17_x86_64.manylinux2014_x86_64.whl (510 kB)
2025-08-21T17:27:35.9502730Z #33 10.78 Downloading prompt_toolkit-3.0.51-py3-none-any.whl (387 kB)
2025-08-21T17:27:35.9503621Z #33 10.79 Downloading PyYAML-6.0.2-cp312-cp312-manylinux_2_17_x86_64.manylinux2014_x86_64.whl (767 kB)
2025-08-21T17:27:35.9518736Z #33 10.81    ━━━━━━━━━━━━━━━━━━━━━━━━━━━━━━━━━━━━━━━ 767.5/767.5 kB 410.6 MB/s eta 0:00:00
2025-08-21T17:27:36.0497110Z #33 10.82 Downloading rich_toolkit-0.15.0-py3-none-any.whl (29 kB)
2025-08-21T17:27:36.0532006Z #33 10.83 Downloading six-1.17.0-py2.py3-none-any.whl (11 kB)
2025-08-21T17:27:36.0532579Z #33 10.83 Downloading typer-0.16.1-py3-none-any.whl (46 kB)
2025-08-21T17:27:36.0533164Z #33 10.84 Downloading typing_inspection-0.4.1-py3-none-any.whl (14 kB)
2025-08-21T17:27:36.0533900Z #33 10.85 Downloading uvloop-0.21.0-cp312-cp312-manylinux_2_17_x86_64.manylinux2014_x86_64.whl (4.7 MB)
2025-08-21T17:27:36.0536989Z #33 10.87    ━━━━━━━━━━━━━━━━━━━━━━━━━━━━━━━━━━━━━━━━ 4.7/4.7 MB 286.6 MB/s eta 0:00:00
2025-08-21T17:27:36.0537715Z #33 10.88 Downloading watchfiles-1.1.0-cp312-cp312-manylinux_2_17_x86_64.manylinux2014_x86_64.whl (452 kB)
2025-08-21T17:27:36.0538813Z #33 10.89 Downloading websockets-15.0.1-cp312-cp312-manylinux_2_5_x86_64.manylinux1_x86_64.manylinux_2_17_x86_64.manylinux2014_x86_64.whl (182 kB)
2025-08-21T17:27:36.0539702Z #33 10.90 Downloading packaging-25.0-py3-none-any.whl (66 kB)
2025-08-21T17:27:36.0540494Z #33 10.90 Downloading rich-14.1.0-py3-none-any.whl (243 kB)
2025-08-21T17:27:36.0541046Z #33 10.91 Downloading shellingham-1.5.4-py2.py3-none-any.whl (9.8 kB)
2025-08-21T17:27:36.0541624Z #33 10.91 Downloading wcwidth-0.2.13-py2.py3-none-any.whl (34 kB)
2025-08-21T17:27:36.2771192Z #33 10.92 Downloading markdown_it_py-4.0.0-py3-none-any.whl (87 kB)
2025-08-21T17:27:36.2772294Z #33 10.93 Downloading pygments-2.19.2-py3-none-any.whl (1.2 MB)
2025-08-21T17:27:36.2773491Z #33 10.94    ━━━━━━━━━━━━━━━━━━━━━━━━━━━━━━━━━━━━━━━━ 1.2/1.2 MB 118.6 MB/s eta 0:00:00
2025-08-21T17:27:36.2774453Z #33 10.94 Downloading mdurl-0.1.2-py3-none-any.whl (10.0 kB)
2025-08-21T17:27:36.5416719Z #33 11.39 Installing collected packages: wcwidth, websockets, vine, uvloop, urllib3, ujson, tzdata, typing-extensions, structlog, sniffio, six, shellingham, redis, pyyaml, python-multipart, python-dotenv, pygments, psycopg-binary, prompt-toolkit, packaging, orjson, mdurl, MarkupSafe, jmespath, idna, httptools, h11, greenlet, dnspython, click, certifi, billiard, asyncpg, annotated-types, uvicorn, typing-inspection, sqlalchemy, sentry-sdk, python-dateutil, pydantic-core, psycopg, markdown-it-py, Mako, Jinja2, httpcore, email_validator, click-repl, click-plugins, click-didyoumean, anyio, amqp, watchfiles, starlette, rich, pydantic, kombu, httpx, botocore, alembic, typer, s3transfer, rich-toolkit, pydantic-settings, celery, asgi-correlation-id, fastapi-cli, boto3, fastapi, fastapi-limiter
2025-08-21T17:27:36.9076952Z #33 ...
2025-08-21T17:27:36.9085923Z 
2025-08-21T17:27:36.9087249Z #35 [api stage-1 3/6] RUN set -eux;     if [ -f /etc/apt/sources.list ]; then         sed -i 's|http://deb.debian.org|https://deb.debian.org|g' /etc/apt/sources.list;     fi;     apt-get update;     apt-get install -y --no-install-recommends tzdata postgresql-client curl;     rm -rf /var/lib/apt/lists/*
2025-08-21T17:27:36.9089332Z #35 10.33 Selecting previously unselected package postgresql-client.
2025-08-21T17:27:36.9090058Z #35 10.34 Preparing to unpack .../30-postgresql-client_17+278_all.deb ...
2025-08-21T17:27:36.9090658Z #35 10.35 Unpacking postgresql-client (17+278) ...
2025-08-21T17:27:36.9091164Z #35 10.44 Setting up libkeyutils1:amd64 (1.6.3-6) ...
2025-08-21T17:27:36.9091716Z #35 10.44 Setting up libgdbm-compat4t64:amd64 (1.24-2) ...
2025-08-21T17:27:36.9092263Z #35 10.46 Setting up libbrotli1:amd64 (1.1.0-2+b7) ...
2025-08-21T17:27:36.9092793Z #35 10.46 Setting up libnghttp2-14:amd64 (1.64.0-1.1) ...
2025-08-21T17:27:36.9093326Z #35 10.48 Setting up libcom-err2:amd64 (1.47.2-3+b3) ...
2025-08-21T17:27:36.9093865Z #35 10.49 Setting up libkrb5support0:amd64 (1.21.3-5) ...
2025-08-21T17:27:36.9094671Z #35 10.50 Setting up libsasl2-modules-db:amd64 (2.1.28+dfsg1-9) ...
2025-08-21T17:27:36.9095256Z #35 10.51 Setting up libp11-kit0:amd64 (0.25.5-3) ...
2025-08-21T17:27:36.9095750Z #35 10.51 Setting up libunistring5:amd64 (1.3-2) ...
2025-08-21T17:27:36.9096251Z #35 10.52 Setting up libk5crypto3:amd64 (1.21.3-5) ...
2025-08-21T17:27:36.9096787Z #35 10.53 Setting up libsasl2-2:amd64 (2.1.28+dfsg1-9) ...
2025-08-21T17:27:36.9097315Z #35 10.53 Setting up libnghttp3-9:amd64 (1.8.0-1) ...
2025-08-21T17:27:36.9097792Z #35 10.54 Setting up perl-modules-5.40 (5.40.1-6) ...
2025-08-21T17:27:36.9098266Z #35 10.55 Setting up sensible-utils (0.0.25) ...
2025-08-21T17:27:36.9098707Z #35 10.56 Setting up libtasn1-6:amd64 (4.20.0-2) ...
2025-08-21T17:27:36.9099161Z #35 10.56 Setting up libkrb5-3:amd64 (1.21.3-5) ...
2025-08-21T17:27:36.9099621Z #35 10.57 Setting up libssh2-1t64:amd64 (1.11.1-1) ...
2025-08-21T17:27:36.9100087Z #35 10.58 Setting up libldap2:amd64 (2.6.10+dfsg-1) ...
2025-08-21T17:27:36.9100550Z #35 10.59 Setting up libidn2-0:amd64 (2.3.8-2) ...
2025-08-21T17:27:36.9100997Z #35 10.60 Setting up libperl5.40:amd64 (5.40.1-6) ...
2025-08-21T17:27:36.9101428Z #35 10.62 Setting up perl (5.40.1-6) ...
2025-08-21T17:27:36.9101876Z #35 10.63 Setting up libgssapi-krb5-2:amd64 (1.21.3-5) ...
2025-08-21T17:27:36.9102377Z #35 10.64 Setting up libgnutls30t64:amd64 (3.8.9-3) ...
2025-08-21T17:27:36.9102860Z #35 10.65 Setting up postgresql-client-common (278) ...
2025-08-21T17:27:36.9103366Z #35 10.67 Setting up libpsl5t64:amd64 (0.21.2-1.1+b1) ...
2025-08-21T17:27:36.9103835Z #35 10.68 Setting up libpq5:amd64 (17.5-1) ...
2025-08-21T17:27:36.9104578Z #35 10.68 Setting up librtmp1:amd64 (2.4+20151223.gitfa8646d.1-2+b5) ...
2025-08-21T17:27:36.9105162Z #35 10.69 Setting up libcurl4t64:amd64 (8.14.1-2) ...
2025-08-21T17:27:36.9105654Z #35 10.70 Setting up postgresql-client-17 (17.5-1) ...
2025-08-21T17:27:36.9106692Z #35 11.36 update-alternatives: using /usr/share/postgresql/17/man/man1/psql.1.gz to provide /usr/share/man/man1/psql.1.gz (psql.1.gz) in auto mode
2025-08-21T17:27:36.9107666Z #35 11.46 Setting up curl (8.14.1-2) ...
2025-08-21T17:27:36.9108120Z #35 11.47 Setting up postgresql-client (17+278) ...
2025-08-21T17:27:36.9108640Z #35 11.48 Processing triggers for libc-bin (2.41-12) ...
2025-08-21T17:27:36.9112216Z #35 11.54 + rm -rf /var/lib/apt/lists/auxfiles /var/lib/apt/lists/deb.debian.org_debian-security_dists_trixie-security_InRelease /var/lib/apt/lists/deb.debian.org_debian-security_dists_trixie-security_main_binary-amd64_Packages.lz4 /var/lib/apt/lists/deb.debian.org_debian_dists_trixie-updates_InRelease /var/lib/apt/lists/deb.debian.org_debian_dists_trixie-updates_main_binary-amd64_Packages.lz4 /var/lib/apt/lists/deb.debian.org_debian_dists_trixie_InRelease /var/lib/apt/lists/deb.debian.org_debian_dists_trixie_main_binary-amd64_Packages.lz4 /var/lib/apt/lists/lock /var/lib/apt/lists/partial
2025-08-21T17:27:36.9146463Z #35 DONE 11.8s
2025-08-21T17:27:37.0580393Z 
2025-08-21T17:27:37.0583353Z #36 [etl base 4/8] RUN if [ -n "" ] && [ -f "" ]; then         pip install -r requirements.txt -c "";     else         pip install -r requirements.txt;     fi
2025-08-21T17:27:37.0616617Z #36 10.88 Collecting pydantic-core==2.33.2 (from pydantic->keepa==1.3.14->-r requirements.txt (line 1))
2025-08-21T17:27:37.0629282Z #36 10.89   Downloading pydantic_core-2.33.2-cp312-cp312-manylinux_2_17_x86_64.manylinux2014_x86_64.whl.metadata (6.8 kB)
2025-08-21T17:27:37.0654428Z #36 10.91 Collecting typing-inspection>=0.4.0 (from pydantic->keepa==1.3.14->-r requirements.txt (line 1))
2025-08-21T17:27:37.0655541Z #36 10.92   Downloading typing_inspection-0.4.1-py3-none-any.whl.metadata (2.6 kB)
2025-08-21T17:27:37.0656561Z #36 11.10 Collecting charset_normalizer<4,>=2 (from requests>=2.2->keepa==1.3.14->-r requirements.txt (line 1))
2025-08-21T17:27:37.0657863Z #36 11.11   Downloading charset_normalizer-3.4.3-cp312-cp312-manylinux2014_x86_64.manylinux_2_17_x86_64.manylinux_2_28_x86_64.whl.metadata (36 kB)
2025-08-21T17:27:37.0659108Z #36 11.15 Collecting idna<4,>=2.5 (from requests>=2.2->keepa==1.3.14->-r requirements.txt (line 1))
2025-08-21T17:27:37.0659937Z #36 11.15   Downloading idna-3.10-py3-none-any.whl.metadata (10 kB)
2025-08-21T17:27:37.0660896Z #36 11.22 Collecting mypy-extensions>=0.3.0 (from typing-inspect>=0.6.0->pandera==0.19.*->-r requirements.txt (line 9))
2025-08-21T17:27:37.0661938Z #36 11.23   Downloading mypy_extensions-1.1.0-py3-none-any.whl.metadata (1.1 kB)
2025-08-21T17:27:37.0662891Z #36 11.30 Collecting aiohappyeyeballs>=2.5.0 (from aiohttp->keepa==1.3.14->-r requirements.txt (line 1))
2025-08-21T17:27:37.0663865Z #36 11.31   Downloading aiohappyeyeballs-2.6.1-py3-none-any.whl.metadata (5.9 kB)
2025-08-21T17:27:37.0696259Z #36 11.33 Collecting aiosignal>=1.4.0 (from aiohttp->keepa==1.3.14->-r requirements.txt (line 1))
2025-08-21T17:27:37.0697150Z #36 11.34   Downloading aiosignal-1.4.0-py3-none-any.whl.metadata (3.7 kB)
2025-08-21T17:27:37.0698030Z #36 11.38 Collecting attrs>=17.3.0 (from aiohttp->keepa==1.3.14->-r requirements.txt (line 1))
2025-08-21T17:27:37.0698887Z #36 11.39   Downloading attrs-25.3.0-py3-none-any.whl.metadata (10 kB)
2025-08-21T17:27:37.0699769Z #36 11.57 Collecting frozenlist>=1.1.1 (from aiohttp->keepa==1.3.14->-r requirements.txt (line 1))
2025-08-21T17:27:37.0701072Z #36 11.58   Downloading frozenlist-1.7.0-cp312-cp312-manylinux_2_5_x86_64.manylinux1_x86_64.manylinux_2_17_x86_64.manylinux2014_x86_64.whl.metadata (18 kB)
2025-08-21T17:27:37.4099381Z #36 11.98 Collecting multidict<7.0,>=4.5 (from aiohttp->keepa==1.3.14->-r requirements.txt (line 1))
2025-08-21T17:27:37.4128581Z #36 11.99   Downloading multidict-6.6.4-cp312-cp312-manylinux2014_x86_64.manylinux_2_17_x86_64.manylinux_2_28_x86_64.whl.metadata (5.3 kB)
2025-08-21T17:27:37.4129894Z #36 12.05 Collecting propcache>=0.2.0 (from aiohttp->keepa==1.3.14->-r requirements.txt (line 1))
2025-08-21T17:27:37.4131011Z #36 12.05   Downloading propcache-0.3.2-cp312-cp312-manylinux_2_17_x86_64.manylinux2014_x86_64.whl.metadata (12 kB)
2025-08-21T17:27:37.4666799Z #36 ...
2025-08-21T17:27:37.4677917Z 
2025-08-21T17:27:37.4686070Z #32 [fees_h10 base 4/6] RUN if [ -n "" ] && [ -f "fees_h10/" ]; then         pip install -r fees_h10/requirements.txt -c fees_h10/;     else         pip install -r fees_h10/requirements.txt;     fi
2025-08-21T17:27:37.4706884Z #32 11.95 Successfully installed PyJWT-2.10.1 amqp-5.3.1 anyio-4.10.0 asyncpg-0.30.0 billiard-4.2.1 celery-5.4.0 certifi-2025.8.3 click-8.2.1 click-didyoumean-0.3.1 click-plugins-1.1.1.2 click-repl-0.3.0 greenlet-3.2.4 h11-0.16.0 httpcore-1.0.9 httpx-0.28.1 idna-3.10 kombu-5.5.4 packaging-25.0 prompt-toolkit-3.0.51 python-dateutil-2.9.0.post0 redis-5.3.1 six-1.17.0 sniffio-1.3.1 sqlalchemy-2.0.43 typing-extensions-4.14.1 tzdata-2025.2 vine-5.1.0 wcwidth-0.2.13
2025-08-21T17:27:37.4712491Z #32 11.95 WARNING: Running pip as the 'root' user can result in broken permissions and conflicting behaviour with the system package manager, possibly rendering your system unusable. It is recommended to use a virtual environment instead: https://pip.pypa.io/warnings/venv. Use the --root-user-action option if you know what you are doing and want to suppress this warning.
2025-08-21T17:27:37.4744519Z #32 12.06 
2025-08-21T17:27:37.4745512Z #32 12.06 [notice] A new release of pip is available: 25.0.1 -> 25.2
2025-08-21T17:27:37.4748094Z #32 12.06 [notice] To update, run: pip install --upgrade pip
2025-08-21T17:27:37.4748625Z #32 DONE 12.3s
2025-08-21T17:27:37.6198964Z 
2025-08-21T17:27:37.6201131Z #37 [fees_h10 base 5/6] COPY . ./fees_h10
2025-08-21T17:27:37.6204934Z #37 DONE 0.0s
2025-08-21T17:27:37.6205173Z 
2025-08-21T17:27:37.6205365Z #38 [fees_h10 base 6/6] COPY start.sh ./start.sh
2025-08-21T17:27:37.6205800Z #38 DONE 0.0s
2025-08-21T17:27:37.6205963Z 
2025-08-21T17:27:37.6207187Z #34 [postgres 2/6] RUN set -eux;     if [ -f /etc/apt/sources.list ]; then         sed -i 's|http://deb.debian.org|https://deb.debian.org|g' /etc/apt/sources.list;     fi;     apt-get update;     apt-get install -y locales;     locale-gen en_US.UTF-8;     rm -rf /var/lib/apt/lists/*
2025-08-21T17:27:37.6208784Z #34 2.596 Reading package lists...
2025-08-21T17:27:37.6209193Z #34 3.633 Building dependency tree...
2025-08-21T17:27:37.6209609Z #34 3.862 Reading state information...
2025-08-21T17:27:37.6210105Z #34 4.145 locales is already the newest version (2.41-12).
2025-08-21T17:27:37.6210734Z #34 4.145 0 upgraded, 0 newly installed, 0 to remove and 1 not upgraded.
2025-08-21T17:27:37.6211283Z #34 4.148 + locale-gen en_US.UTF-8
2025-08-21T17:27:37.6211733Z #34 4.153 Generating locales (this might take a while)...
2025-08-21T17:27:38.4615789Z #34 4.166   en_US.UTF-8... done
2025-08-21T17:27:38.4621464Z #34 5.963 + rm -rf /var/lib/apt/lists/apt.postgresql.org_pub_repos_apt_dists_trixie-pgdg_16_binary-amd64_Packages.lz4 /var/lib/apt/lists/apt.postgresql.org_pub_repos_apt_dists_trixie-pgdg_InRelease /var/lib/apt/lists/apt.postgresql.org_pub_repos_apt_dists_trixie-pgdg_main_binary-amd64_Packages.lz4 /var/lib/apt/lists/auxfiles /var/lib/apt/lists/deb.debian.org_debian-security_dists_trixie-security_InRelease /var/lib/apt/lists/deb.debian.org_debian-security_dists_trixie-security_main_binary-amd64_Packages.lz4 /var/lib/apt/lists/deb.debian.org_debian_dists_trixie-updates_InRelease /var/lib/apt/lists/deb.debian.org_debian_dists_trixie-updates_main_binary-amd64_Packages.lz4 /var/lib/apt/lists/deb.debian.org_debian_dists_trixie_InRelease /var/lib/apt/lists/deb.debian.org_debian_dists_trixie_main_binary-amd64_Packages.lz4 /var/lib/apt/lists/lock /var/lib/apt/lists/partial
2025-08-21T17:27:38.4639431Z #34 5.963 Generation complete.
2025-08-21T17:27:38.4639835Z #34 DONE 6.0s
2025-08-21T17:27:38.4640014Z 
2025-08-21T17:27:38.4640569Z #36 [etl base 4/8] RUN if [ -n "" ] && [ -f "" ]; then         pip install -r requirements.txt -c "";     else         pip install -r requirements.txt;     fi
2025-08-21T17:27:38.4641613Z #36 12.41 Collecting yarl<2.0,>=1.17.0 (from aiohttp->keepa==1.3.14->-r requirements.txt (line 1))
2025-08-21T17:27:38.4642596Z #36 12.42   Downloading yarl-1.20.1-cp312-cp312-manylinux_2_17_x86_64.manylinux2014_x86_64.whl.metadata (73 kB)
2025-08-21T17:27:38.4643712Z #36 12.56 Collecting wcwidth (from prompt-toolkit>=3.0.36->click-repl>=0.2.0->celery==5.3.*->-r requirements.txt (line 3))
2025-08-21T17:27:38.4645183Z #36 12.57   Downloading wcwidth-0.2.13-py2.py3-none-any.whl.metadata (14 kB)
2025-08-21T17:27:38.4645885Z #36 12.84 Downloading keepa-1.3.14-py3-none-any.whl (33 kB)
2025-08-21T17:27:38.4646461Z #36 12.86 Downloading minio-7.1.15-py3-none-any.whl (77 kB)
2025-08-21T17:27:38.4647026Z #36 12.86 Downloading celery-5.3.6-py3-none-any.whl (422 kB)
2025-08-21T17:27:38.4647922Z #36 12.88 Downloading redis-5.3.1-py3-none-any.whl (272 kB)
2025-08-21T17:27:38.4648531Z #36 12.90 Downloading python_amazon_sp_api-0.8.0-py3-none-any.whl (93 kB)
2025-08-21T17:27:38.4649258Z #36 12.90 Downloading pydantic_settings-2.2.1-py3-none-any.whl (13 kB)
2025-08-21T17:27:38.4650131Z #36 12.91 Downloading pandas-2.2.3-cp312-cp312-manylinux_2_17_x86_64.manylinux2014_x86_64.whl (12.7 MB)
2025-08-21T17:27:38.4651313Z #36 12.99    ━━━━━━━━━━━━━━━━━━━━━━━━━━━━━━━━━━━━━━━━ 12.7/12.7 MB 174.4 MB/s eta 0:00:00
2025-08-21T17:27:38.4651917Z #36 13.00 Downloading pandera-0.19.3-py3-none-any.whl (251 kB)
2025-08-21T17:27:38.4652792Z #36 13.01 Downloading openpyxl-3.1.5-py2.py3-none-any.whl (250 kB)
2025-08-21T17:27:38.4661577Z #36 13.02 Downloading psycopg-3.2.9-py3-none-any.whl (202 kB)
2025-08-21T17:27:38.4662416Z #36 13.03 Downloading psycopg2_binary-2.9.10-cp312-cp312-manylinux_2_17_x86_64.manylinux2014_x86_64.whl (3.0 MB)
2025-08-21T17:27:38.4663861Z #36 13.06    ━━━━━━━━━━━━━━━━━━━━━━━━━━━━━━━━━━━━━━━━ 3.0/3.0 MB 119.2 MB/s eta 0:00:00
2025-08-21T17:27:38.4664621Z #36 13.07 Downloading sentry_sdk-2.9.0-py2.py3-none-any.whl (301 kB)
2025-08-21T17:27:38.4665452Z #36 13.09 Downloading psycopg_binary-3.2.9-cp312-cp312-manylinux_2_17_x86_64.manylinux2014_x86_64.whl (4.4 MB)
2025-08-21T17:27:38.4674811Z #36 13.14    ━━━━━━━━━━━━━━━━━━━━━━━━━━━━━━━━━━━━━━━━ 4.4/4.4 MB 88.1 MB/s eta 0:00:00
2025-08-21T17:27:38.4675580Z #36 13.15 Downloading numpy-1.26.4-cp312-cp312-manylinux_2_17_x86_64.manylinux2014_x86_64.whl (18.0 MB)
2025-08-21T17:27:38.5677612Z #36 ...
2025-08-21T17:27:38.5677838Z 
2025-08-21T17:27:38.5678220Z #39 [postgres 3/6] COPY docker/postgres/pg_hba.conf /etc/postgresql/pg_hba.conf
2025-08-21T17:27:38.5678710Z #39 DONE 0.1s
2025-08-21T17:27:38.5678900Z 
2025-08-21T17:27:38.5679191Z #40 [postgres 4/6] COPY docker/postgres/init-pg_hba.sh /docker-entrypoint-initdb.d/10_init_pg_hba.sh
2025-08-21T17:27:38.5679620Z #40 DONE 0.0s
2025-08-21T17:27:38.5679742Z 
2025-08-21T17:27:38.5680051Z #36 [etl base 4/8] RUN if [ -n "" ] && [ -f "" ]; then         pip install -r requirements.txt -c "";     else         pip install -r requirements.txt;     fi
2025-08-21T17:27:38.5680845Z #36 13.34    ━━━━━━━━━━━━━━━━━━━━━━━━━━━━━━━━━━━━━━━━ 18.0/18.0 MB 100.1 MB/s eta 0:00:00
2025-08-21T17:27:38.5681201Z #36 13.34 Downloading billiard-4.2.1-py3-none-any.whl (86 kB)
2025-08-21T17:27:38.5681555Z #36 13.35 Downloading boto3-1.40.14-py3-none-any.whl (140 kB)
2025-08-21T17:27:38.6678904Z #36 ...
2025-08-21T17:27:38.6680874Z 
2025-08-21T17:27:38.6681412Z #41 [postgres 5/6] COPY docker/postgres/postgresql.conf /etc/postgresql/postgresql.conf
2025-08-21T17:27:38.6682167Z #41 DONE 0.0s
2025-08-21T17:27:38.6682351Z 
2025-08-21T17:27:38.6682909Z #36 [etl base 4/8] RUN if [ -n "" ] && [ -f "" ]; then         pip install -r requirements.txt -c "";     else         pip install -r requirements.txt;     fi
2025-08-21T17:27:38.6683903Z #36 13.36 Downloading cachetools-4.2.4-py3-none-any.whl (10 kB)
2025-08-21T17:27:38.6685061Z #36 13.37 Downloading click-8.2.1-py3-none-any.whl (102 kB)
2025-08-21T17:27:38.6685732Z #36 13.38 Downloading click_didyoumean-0.3.1-py3-none-any.whl (3.6 kB)
2025-08-21T17:27:38.6686474Z #36 13.39 Downloading click_plugins-1.1.1.2-py2.py3-none-any.whl (11 kB)
2025-08-21T17:27:38.6687150Z #36 13.40 Downloading click_repl-0.3.0-py3-none-any.whl (10 kB)
2025-08-21T17:27:38.6687793Z #36 13.42 Downloading confuse-1.4.0-py2.py3-none-any.whl (21 kB)
2025-08-21T17:27:38.6688403Z #36 13.43 Downloading kombu-5.5.4-py3-none-any.whl (210 kB)
2025-08-21T17:27:38.6692784Z #36 13.44 Downloading vine-5.1.0-py3-none-any.whl (9.6 kB)
2025-08-21T17:27:38.6693727Z #36 13.45 Downloading multimethod-1.10-py3-none-any.whl (9.9 kB)
2025-08-21T17:27:38.6694627Z #36 13.46 Downloading packaging-25.0-py3-none-any.whl (66 kB)
2025-08-21T17:27:38.7727733Z #36 13.48 Downloading pydantic-2.11.7-py3-none-any.whl (444 kB)
2025-08-21T17:27:38.7730294Z #36 13.48 Downloading pydantic_core-2.33.2-cp312-cp312-manylinux_2_17_x86_64.manylinux2014_x86_64.whl (2.0 MB)
2025-08-21T17:27:38.7731544Z #36 13.51    ━━━━━━━━━━━━━━━━━━━━━━━━━━━━━━━━━━━━━━━━ 2.0/2.0 MB 113.4 MB/s eta 0:00:00
2025-08-21T17:27:38.7732140Z #36 13.51 Downloading PyJWT-2.10.1-py3-none-any.whl (22 kB)
2025-08-21T17:27:38.7732840Z #36 13.52 Downloading python_dateutil-2.9.0.post0-py2.py3-none-any.whl (229 kB)
2025-08-21T17:27:38.7733564Z #36 13.53 Downloading python_dotenv-1.1.1-py3-none-any.whl (20 kB)
2025-08-21T17:27:38.7734365Z #36 13.54 Downloading pytz-2025.2-py2.py3-none-any.whl (509 kB)
2025-08-21T17:27:38.7734958Z #36 13.55 Downloading requests-2.32.5-py3-none-any.whl (64 kB)
2025-08-21T17:27:38.7735594Z #36 13.56 Downloading certifi-2025.8.3-py3-none-any.whl (161 kB)
2025-08-21T17:27:38.8928373Z #36 ...
2025-08-21T17:27:38.8930042Z 
2025-08-21T17:27:38.8932078Z #42 [postgres 6/6] RUN chmod 0644 /etc/postgresql/pg_hba.conf &&     chmod +x /docker-entrypoint-initdb.d/10_init_pg_hba.sh
2025-08-21T17:27:38.8933148Z #42 DONE 0.2s
2025-08-21T17:27:38.8933918Z 
2025-08-21T17:27:38.8934944Z #36 [etl base 4/8] RUN if [ -n "" ] && [ -f "" ]; then         pip install -r requirements.txt -c "";     else         pip install -r requirements.txt;     fi
2025-08-21T17:27:38.8936212Z #36 13.59 Downloading six-1.17.0-py2.py3-none-any.whl (11 kB)
2025-08-21T17:27:38.8937076Z #36 13.60 Downloading typing_extensions-4.14.1-py3-none-any.whl (43 kB)
2025-08-21T17:27:38.8938994Z #36 13.62 Downloading typing_inspect-0.9.0-py3-none-any.whl (8.8 kB)
2025-08-21T17:27:38.8939679Z #36 13.65 Downloading tzdata-2025.2-py2.py3-none-any.whl (347 kB)
2025-08-21T17:27:38.8940302Z #36 13.65 Downloading urllib3-2.5.0-py3-none-any.whl (129 kB)
2025-08-21T17:27:38.8941151Z #36 13.66 Downloading aiohttp-3.12.15-cp312-cp312-manylinux_2_17_x86_64.manylinux2014_x86_64.whl (1.7 MB)
2025-08-21T17:27:38.9969986Z #36 13.68    ━━━━━━━━━━━━━━━━━━━━━━━━━━━━━━━━━━━━━━━━ 1.7/1.7 MB 93.6 MB/s eta 0:00:00
2025-08-21T17:27:38.9971257Z #36 13.69 Downloading et_xmlfile-2.0.0-py3-none-any.whl (18 kB)
2025-08-21T17:27:38.9972694Z #36 13.71 Downloading pycryptodome-3.23.0-cp37-abi3-manylinux_2_17_x86_64.manylinux2014_x86_64.whl (2.3 MB)
2025-08-21T17:27:39.0005308Z #36 13.76    ━━━━━━━━━━━━━━━━━━━━━━━━━━━━━━━━━━━━━━━━ 2.3/2.3 MB 52.8 MB/s eta 0:00:00
2025-08-21T17:27:39.0006405Z #36 13.76 Downloading tqdm-4.67.1-py3-none-any.whl (78 kB)
2025-08-21T17:27:39.0007276Z #36 13.77 Downloading typeguard-4.4.4-py3-none-any.whl (34 kB)
2025-08-21T17:27:39.1731495Z #36 13.79 Downloading wrapt-1.17.3-cp312-cp312-manylinux1_x86_64.manylinux_2_28_x86_64.manylinux_2_5_x86_64.whl (88 kB)
2025-08-21T17:27:39.1735712Z #36 13.80 Downloading aiohappyeyeballs-2.6.1-py3-none-any.whl (15 kB)
2025-08-21T17:27:39.1736454Z #36 13.81 Downloading aiosignal-1.4.0-py3-none-any.whl (7.5 kB)
2025-08-21T17:27:39.1737056Z #36 13.84 Downloading amqp-5.3.1-py3-none-any.whl (50 kB)
2025-08-21T17:27:39.1737667Z #36 13.84 Downloading annotated_types-0.7.0-py3-none-any.whl (13 kB)
2025-08-21T17:27:39.1738289Z #36 13.85 Downloading attrs-25.3.0-py3-none-any.whl (63 kB)
2025-08-21T17:27:39.1739227Z #36 13.87 Downloading botocore-1.40.14-py3-none-any.whl (14.0 MB)
2025-08-21T17:27:39.2767107Z #36 13.97    ━━━━━━━━━━━━━━━━━━━━━━━━━━━━━━━━━━━━━━━━ 14.0/14.0 MB 138.1 MB/s eta 0:00:00
2025-08-21T17:27:39.2769031Z #36 13.97 Downloading charset_normalizer-3.4.3-cp312-cp312-manylinux2014_x86_64.manylinux_2_17_x86_64.manylinux_2_28_x86_64.whl (151 kB)
2025-08-21T17:27:39.2771991Z #36 13.98 Downloading frozenlist-1.7.0-cp312-cp312-manylinux_2_5_x86_64.manylinux1_x86_64.manylinux_2_17_x86_64.manylinux2014_x86_64.whl (241 kB)
2025-08-21T17:27:39.2773045Z #36 14.00 Downloading idna-3.10-py3-none-any.whl (70 kB)
2025-08-21T17:27:39.2774005Z #36 14.01 Downloading jmespath-1.0.1-py3-none-any.whl (20 kB)
2025-08-21T17:27:39.2775186Z #36 14.02 Downloading multidict-6.6.4-cp312-cp312-manylinux2014_x86_64.manylinux_2_17_x86_64.manylinux_2_28_x86_64.whl (256 kB)
2025-08-21T17:27:39.2776225Z #36 14.03 Downloading mypy_extensions-1.1.0-py3-none-any.whl (5.0 kB)
2025-08-21T17:27:39.2776965Z #36 14.04 Downloading prompt_toolkit-3.0.51-py3-none-any.whl (387 kB)
2025-08-21T17:27:39.2777843Z #36 14.05 Downloading propcache-0.3.2-cp312-cp312-manylinux_2_17_x86_64.manylinux2014_x86_64.whl (224 kB)
2025-08-21T17:27:39.2778722Z #36 14.06 Downloading s3transfer-0.13.1-py3-none-any.whl (85 kB)
2025-08-21T17:27:39.3761335Z #36 14.09 Downloading typing_inspection-0.4.1-py3-none-any.whl (14 kB)
2025-08-21T17:27:39.3771832Z #36 14.10 Downloading yarl-1.20.1-cp312-cp312-manylinux_2_17_x86_64.manylinux2014_x86_64.whl (355 kB)
2025-08-21T17:27:39.3772907Z #36 14.12 Downloading PyYAML-6.0.2-cp312-cp312-manylinux_2_17_x86_64.manylinux2014_x86_64.whl (767 kB)
2025-08-21T17:27:39.3774325Z #36 14.14    ━━━━━━━━━━━━━━━━━━━━━━━━━━━━━━━━━━━━━━━━ 767.5/767.5 kB 39.6 MB/s eta 0:00:00
2025-08-21T17:27:39.3774980Z #36 14.14 Downloading wcwidth-0.2.13-py2.py3-none-any.whl (34 kB)
2025-08-21T17:27:40.0359548Z #36 14.68 Installing collected packages: wcwidth, pytz, wrapt, vine, urllib3, tzdata, typing-extensions, tqdm, six, pyyaml, python-dotenv, PyJWT, pycryptodome, psycopg2-binary, psycopg-binary, propcache, prompt-toolkit, packaging, numpy, mypy-extensions, multimethod, multidict, jmespath, idna, frozenlist, et-xmlfile, click, charset_normalizer, certifi, cachetools, billiard, attrs, annotated-types, aiohappyeyeballs, yarl, typing-inspection, typing-inspect, typeguard, sentry-sdk, requests, redis, python-dateutil, pydantic-core, psycopg, openpyxl, minio, confuse, click-repl, click-plugins, click-didyoumean, amqp, aiosignal, pydantic, pandas, kombu, botocore, aiohttp, s3transfer, pydantic-settings, pandera, keepa, celery, boto3, python-amazon-sp-api
2025-08-21T17:27:40.4360264Z #36 ...
2025-08-21T17:27:40.4360536Z 
2025-08-21T17:27:40.4360698Z #43 [postgres] exporting to image
2025-08-21T17:27:40.4361420Z #43 exporting layers 1.4s done
2025-08-21T17:27:40.4362141Z #43 writing image sha256:d274740441a5da7c189a4256999301cc24d7e4128bdd4f31d41e4084838fce87 done
2025-08-21T17:27:40.4362985Z #43 naming to docker.io/library/awa-app-postgres done
2025-08-21T17:27:40.4363636Z #43 DONE 1.4s
2025-08-21T17:27:40.4363816Z 
2025-08-21T17:27:40.4364028Z #44 [postgres] resolving provenance for metadata file
2025-08-21T17:27:40.4364707Z #44 DONE 0.0s
2025-08-21T17:27:40.5864629Z 
2025-08-21T17:27:40.5866798Z #45 [fees_h10 stage-1 3/5] COPY --from=base /usr/local /usr/local
2025-08-21T17:27:40.5994741Z #45 DONE 2.3s
2025-08-21T17:27:40.5999548Z 
2025-08-21T17:27:40.5999988Z #33 [api base  4/13] RUN pip install --no-cache-dir -r requirements.txt
2025-08-21T17:27:40.7808699Z #33 ...
2025-08-21T17:27:40.7809829Z 
2025-08-21T17:27:40.7811656Z #46 [fees_h10 stage-1 4/5] COPY --from=base /app /app
2025-08-21T17:27:40.7813430Z #46 DONE 0.0s
2025-08-21T17:27:40.7813684Z 
2025-08-21T17:27:40.7813905Z #47 [fees_h10 stage-1 5/5] RUN chmod +x ./start.sh
2025-08-21T17:27:40.8071225Z #47 DONE 0.2s
2025-08-21T17:27:40.8083499Z 
2025-08-21T17:27:40.8083943Z #33 [api base  4/13] RUN pip install --no-cache-dir -r requirements.txt
2025-08-21T17:27:40.9603675Z #33 ...
2025-08-21T17:27:40.9604899Z 
2025-08-21T17:27:40.9605397Z #48 [fees_h10] exporting to image
2025-08-21T17:27:42.2098614Z #48 exporting layers 1.4s done
2025-08-21T17:27:42.3931554Z #48 writing image sha256:ff29e731952013b9fa116b10f67db87a563eaa65fa57a4cb7c38a13bc3b75e18 done
2025-08-21T17:27:42.3932435Z #48 naming to docker.io/library/awa-app-fees_h10 done
2025-08-21T17:27:42.3932918Z #48 DONE 1.4s
2025-08-21T17:27:42.3933100Z 
2025-08-21T17:27:42.3933306Z #49 [fees_h10] resolving provenance for metadata file
2025-08-21T17:27:42.3933767Z #49 DONE 0.0s
2025-08-21T17:27:42.3933946Z 
2025-08-21T17:27:42.3935081Z #36 [etl base 4/8] RUN if [ -n "" ] && [ -f "" ]; then         pip install -r requirements.txt -c "";     else         pip install -r requirements.txt;     fi
2025-08-21T17:27:45.3446950Z #36 ...
2025-08-21T17:27:45.3447192Z 
2025-08-21T17:27:45.3447477Z #33 [api base  4/13] RUN pip install --no-cache-dir -r requirements.txt
2025-08-21T17:27:45.3453213Z #33 20.21 Successfully installed Jinja2-3.1.5 Mako-1.3.10 MarkupSafe-3.0.2 alembic-1.13.1 amqp-5.3.1 annotated-types-0.7.0 anyio-4.10.0 asgi-correlation-id-4.3.1 asyncpg-0.29.0 billiard-4.2.1 boto3-1.34.162 botocore-1.34.162 celery-5.3.6 certifi-2025.8.3 click-8.2.1 click-didyoumean-0.3.1 click-plugins-1.1.1.2 click-repl-0.3.0 dnspython-2.7.0 email_validator-2.2.0 fastapi-0.111.0 fastapi-cli-0.0.8 fastapi-limiter-0.1.6 greenlet-3.2.4 h11-0.16.0 httpcore-1.0.9 httptools-0.6.4 httpx-0.27.2 idna-3.10 jmespath-1.0.1 kombu-5.5.4 markdown-it-py-4.0.0 mdurl-0.1.2 orjson-3.11.2 packaging-25.0 prompt-toolkit-3.0.51 psycopg-3.2.9 psycopg-binary-3.2.9 pydantic-2.11.7 pydantic-core-2.33.2 pydantic-settings-2.2.1 pygments-2.19.2 python-dateutil-2.9.0.post0 python-dotenv-1.1.1 python-multipart-0.0.20 pyyaml-6.0.2 redis-5.0.8 rich-14.1.0 rich-toolkit-0.15.0 s3transfer-0.10.4 sentry-sdk-2.9.0 shellingham-1.5.4 six-1.17.0 sniffio-1.3.1 sqlalchemy-2.0.29 starlette-0.37.2 structlog-24.1.0 typer-0.16.1 typing-extensions-4.14.1 typing-inspection-0.4.1 tzdata-2025.2 ujson-5.11.0 urllib3-2.5.0 uvicorn-0.29.0 uvloop-0.21.0 vine-5.1.0 watchfiles-1.1.0 wcwidth-0.2.13 websockets-15.0.1
2025-08-21T17:27:45.5648359Z #33 20.21 WARNING: Running pip as the 'root' user can result in broken permissions and conflicting behaviour with the system package manager, possibly rendering your system unusable. It is recommended to use a virtual environment instead: https://pip.pypa.io/warnings/venv. Use the --root-user-action option if you know what you are doing and want to suppress this warning.
2025-08-21T17:27:45.5650506Z #33 20.28 
2025-08-21T17:27:45.5650880Z #33 20.28 [notice] A new release of pip is available: 25.0.1 -> 25.2
2025-08-21T17:27:45.5651467Z #33 20.28 [notice] To update, run: pip install --upgrade pip
2025-08-21T17:27:45.8899596Z #33 DONE 20.8s
2025-08-21T17:27:45.8899849Z 
2025-08-21T17:27:45.8900422Z #36 [etl base 4/8] RUN if [ -n "" ] && [ -f "" ]; then         pip install -r requirements.txt -c "";     else         pip install -r requirements.txt;     fi
2025-08-21T17:27:46.0005701Z #36 ...
2025-08-21T17:27:46.0012651Z 
2025-08-21T17:27:46.0013160Z #50 [api base  5/13] COPY services/api/ ./services/api
2025-08-21T17:27:46.0014499Z #50 DONE 0.1s
2025-08-21T17:27:46.0014989Z 
2025-08-21T17:27:46.0015249Z #51 [api base  6/13] COPY services/common/ ./services/common
2025-08-21T17:27:46.0015666Z #51 DONE 0.0s
2025-08-21T17:27:46.0015781Z 
2025-08-21T17:27:46.0016147Z #52 [api base  7/13] COPY services/ingest/ ./services/ingest
2025-08-21T17:27:46.0016532Z #52 DONE 0.0s
2025-08-21T17:27:46.0016636Z 
2025-08-21T17:27:46.0016747Z #53 [api base  8/13] COPY services/etl/ ./services/etl
2025-08-21T17:27:46.0017234Z #53 DONE 0.0s
2025-08-21T17:27:46.2189809Z 
2025-08-21T17:27:46.2190234Z #54 [api base  9/13] COPY api/ ./api
2025-08-21T17:27:46.2190677Z #54 DONE 0.0s
2025-08-21T17:27:46.2190852Z 
2025-08-21T17:27:46.2191108Z #55 [api base 10/13] COPY services/api/alembic.ini ./alembic.ini
2025-08-21T17:27:46.2191612Z #55 DONE 0.0s
2025-08-21T17:27:46.2191783Z 
2025-08-21T17:27:46.2192241Z #56 [api base 11/13] COPY alembic/ ./alembic/
2025-08-21T17:27:46.2192649Z #56 DONE 0.0s
2025-08-21T17:27:46.2192816Z 
2025-08-21T17:27:46.2193074Z #57 [api base 12/13] COPY services/api/entrypoint.sh ./entrypoint.sh
2025-08-21T17:27:46.2193588Z #57 DONE 0.0s
2025-08-21T17:27:46.2193745Z 
2025-08-21T17:27:46.2193916Z #58 [api base 13/13] RUN chmod +x ./entrypoint.sh
2025-08-21T17:27:46.2194531Z #58 DONE 0.2s
2025-08-21T17:27:46.2194694Z 
2025-08-21T17:27:46.2195250Z #36 [etl base 4/8] RUN if [ -n "" ] && [ -f "" ]; then         pip install -r requirements.txt -c "";     else         pip install -r requirements.txt;     fi
2025-08-21T17:27:47.2832007Z #36 ...
2025-08-21T17:27:47.2832592Z 
2025-08-21T17:27:47.2832898Z #59 [api stage-1 4/6] COPY --from=base /usr/local /usr/local
2025-08-21T17:27:49.2731502Z #59 DONE 2.0s
2025-08-21T17:27:49.2731936Z 
2025-08-21T17:27:49.2732767Z #36 [etl base 4/8] RUN if [ -n "" ] && [ -f "" ]; then         pip install -r requirements.txt -c "";     else         pip install -r requirements.txt;     fi
2025-08-21T17:27:49.4427387Z #36 ...
2025-08-21T17:27:49.4427625Z 
2025-08-21T17:27:49.4428171Z #60 [api stage-1 5/6] COPY --from=base /app /app
2025-08-21T17:27:49.4428907Z #60 DONE 0.0s
2025-08-21T17:27:49.4429115Z 
2025-08-21T17:27:49.4429337Z #61 [api stage-1 6/6] RUN chmod +x /app/entrypoint.sh
2025-08-21T17:27:49.4429894Z #61 DONE 0.1s
2025-08-21T17:27:49.6037902Z 
2025-08-21T17:27:49.6038387Z #62 [api] exporting to image
2025-08-21T17:27:49.6039355Z #62 exporting layers
2025-08-21T17:27:51.8288140Z #62 exporting layers 2.4s done
2025-08-21T17:27:52.0107114Z #62 writing image sha256:b9b1f0e8dbcf7fdb897c3b7d4364f9f1559735ad2315e43bf306cb80a60de73e done
2025-08-21T17:27:52.0107883Z #62 naming to docker.io/library/awa-app-api done
2025-08-21T17:27:52.0108334Z #62 DONE 2.4s
2025-08-21T17:27:52.0108519Z 
2025-08-21T17:27:52.0108704Z #63 [api] resolving provenance for metadata file
2025-08-21T17:27:52.0109146Z #63 DONE 0.0s
2025-08-21T17:27:52.0109313Z 
2025-08-21T17:27:52.0109885Z #36 [etl base 4/8] RUN if [ -n "" ] && [ -f "" ]; then         pip install -r requirements.txt -c "";     else         pip install -r requirements.txt;     fi
2025-08-21T17:27:52.8926053Z #36 27.69 Successfully installed PyJWT-2.10.1 aiohappyeyeballs-2.6.1 aiohttp-3.12.15 aiosignal-1.4.0 amqp-5.3.1 annotated-types-0.7.0 attrs-25.3.0 billiard-4.2.1 boto3-1.40.14 botocore-1.40.14 cachetools-4.2.4 celery-5.3.6 certifi-2025.8.3 charset_normalizer-3.4.3 click-8.2.1 click-didyoumean-0.3.1 click-plugins-1.1.1.2 click-repl-0.3.0 confuse-1.4.0 et-xmlfile-2.0.0 frozenlist-1.7.0 idna-3.10 jmespath-1.0.1 keepa-1.3.14 kombu-5.5.4 minio-7.1.15 multidict-6.6.4 multimethod-1.10 mypy-extensions-1.1.0 numpy-1.26.4 openpyxl-3.1.5 packaging-25.0 pandas-2.2.3 pandera-0.19.3 prompt-toolkit-3.0.51 propcache-0.3.2 psycopg-3.2.9 psycopg-binary-3.2.9 psycopg2-binary-2.9.10 pycryptodome-3.23.0 pydantic-2.11.7 pydantic-core-2.33.2 pydantic-settings-2.2.1 python-amazon-sp-api-0.8.0 python-dateutil-2.9.0.post0 python-dotenv-1.1.1 pytz-2025.2 pyyaml-6.0.2 redis-5.3.1 requests-2.32.5 s3transfer-0.13.1 sentry-sdk-2.9.0 six-1.17.0 tqdm-4.67.1 typeguard-4.4.4 typing-extensions-4.14.1 typing-inspect-0.9.0 typing-inspection-0.4.1 tzdata-2025.2 urllib3-2.5.0 vine-5.1.0 wcwidth-0.2.13 wrapt-1.17.3 yarl-1.20.1
2025-08-21T17:27:53.1082882Z #36 27.69 WARNING: Running pip as the 'root' user can result in broken permissions and conflicting behaviour with the system package manager, possibly rendering your system unusable. It is recommended to use a virtual environment instead: https://pip.pypa.io/warnings/venv. Use the --root-user-action option if you know what you are doing and want to suppress this warning.
2025-08-21T17:27:53.1084648Z #36 27.75 
2025-08-21T17:27:53.1084914Z #36 27.75 [notice] A new release of pip is available: 25.0.1 -> 25.2
2025-08-21T17:27:53.1085304Z #36 27.75 [notice] To update, run: pip install --upgrade pip
2025-08-21T17:27:53.5251085Z #36 DONE 28.1s
2025-08-21T17:27:53.5251348Z 
2025-08-21T17:27:53.5251640Z #64 [celery_worker base 5/8] COPY services/common/ ./services/common
2025-08-21T17:27:53.5252336Z #64 DONE 0.0s
2025-08-21T17:27:53.5252451Z 
2025-08-21T17:27:53.5252659Z #65 [etl base 6/8] COPY services/ingest/ ./services/ingest
2025-08-21T17:27:53.5253138Z #65 DONE 0.0s
2025-08-21T17:27:53.5253310Z 
2025-08-21T17:27:53.5253494Z #66 [etl base 7/8] COPY services/etl/ ./services/etl
2025-08-21T17:27:53.5253938Z #66 DONE 0.0s
2025-08-21T17:27:53.5254227Z 
2025-08-21T17:27:53.5254682Z #67 [etl base 8/8] RUN chmod +x services/etl/wait-for-it.sh services/etl/entrypoint.sh
2025-08-21T17:27:53.6761397Z #67 DONE 0.1s
2025-08-21T17:27:54.8371944Z 
2025-08-21T17:27:54.8373353Z #68 [celery_worker stage-1 3/5] COPY --from=base /usr/local /usr/local
2025-08-21T17:27:57.5955468Z #68 DONE 2.6s
2025-08-21T17:27:57.5955735Z 
2025-08-21T17:27:57.5956010Z #69 [celery_worker stage-1 4/5] COPY --from=base /app /app
2025-08-21T17:27:57.5956668Z #69 DONE 0.0s
2025-08-21T17:27:57.5956846Z 
2025-08-21T17:27:57.5957787Z #70 [etl stage-1 5/5] RUN set -eux;     if [ -f /etc/apt/sources.list ]; then         sed -i 's|http://deb.debian.org|https://deb.debian.org|g' /etc/apt/sources.list;     fi;     apt-get update;     apt-get install -y --no-install-recommends tzdata;     rm -rf /var/lib/apt/lists/*
2025-08-21T17:27:57.5958814Z #70 0.105 + [ -f /etc/apt/sources.list ]
2025-08-21T17:27:57.5959064Z #70 0.105 + apt-get update
2025-08-21T17:27:57.7109332Z #70 0.148 Hit:1 http://deb.debian.org/debian trixie InRelease
2025-08-21T17:27:57.7110691Z #70 0.148 Get:2 http://deb.debian.org/debian trixie-updates InRelease [47.1 kB]
2025-08-21T17:27:57.7111720Z #70 0.149 Get:3 http://deb.debian.org/debian-security trixie-security InRelease [43.4 kB]
2025-08-21T17:27:57.7112560Z #70 0.165 Get:4 http://deb.debian.org/debian trixie/main amd64 Packages [9668 kB]
2025-08-21T17:27:57.8625048Z #70 0.221 Get:5 http://deb.debian.org/debian trixie-updates/main amd64 Packages [2432 B]
2025-08-21T17:27:57.8626064Z #70 0.222 Get:6 http://deb.debian.org/debian-security trixie-security/main amd64 Packages [20.5 kB]
2025-08-21T17:27:58.5018099Z #70 0.861 Fetched 9781 kB in 1s (13.3 MB/s)
2025-08-21T17:27:58.9868468Z #70 0.861 Reading package lists...
2025-08-21T17:27:58.9869029Z #70 1.338 + apt-get install -y --no-install-recommends tzdata
2025-08-21T17:27:59.4399546Z #70 1.346 Reading package lists...
2025-08-21T17:27:59.4399989Z #70 1.825 Building dependency tree...
2025-08-21T17:27:59.4400368Z #70 1.950 Reading state information...
2025-08-21T17:27:59.7557295Z #70 2.088 tzdata is already the newest version (2025b-4).
2025-08-21T17:27:59.7559135Z #70 2.088 0 upgraded, 0 newly installed, 0 to remove and 0 not upgraded.
2025-08-21T17:27:59.7562869Z #70 2.089 + rm -rf /var/lib/apt/lists/auxfiles /var/lib/apt/lists/deb.debian.org_debian-security_dists_trixie-security_InRelease /var/lib/apt/lists/deb.debian.org_debian-security_dists_trixie-security_main_binary-amd64_Packages.lz4 /var/lib/apt/lists/deb.debian.org_debian_dists_trixie-updates_InRelease /var/lib/apt/lists/deb.debian.org_debian_dists_trixie-updates_main_binary-amd64_Packages.lz4 /var/lib/apt/lists/deb.debian.org_debian_dists_trixie_InRelease /var/lib/apt/lists/deb.debian.org_debian_dists_trixie_main_binary-amd64_Packages.lz4 /var/lib/apt/lists/lock /var/lib/apt/lists/partial
2025-08-21T17:27:59.7566697Z #70 DONE 2.1s
2025-08-21T17:27:59.7566883Z 
2025-08-21T17:27:59.7567033Z #71 [celery_worker] exporting to image
2025-08-21T17:27:59.7567437Z #71 exporting layers
2025-08-21T17:28:01.9111134Z #71 exporting layers 2.3s done
2025-08-21T17:28:01.9111965Z #71 writing image sha256:5ff97efd062b65ae696f6f45f253d8934ebdfb6fafb558824a08d52277990f5f done
2025-08-21T17:28:01.9112786Z #71 naming to docker.io/library/awa-app-celery_worker done
2025-08-21T17:28:01.9113199Z #71 DONE 2.3s
2025-08-21T17:28:01.9113379Z 
2025-08-21T17:28:01.9113494Z #72 [etl] exporting to image
2025-08-21T17:28:01.9113869Z #72 exporting layers 2.3s done
2025-08-21T17:28:01.9114803Z #72 writing image sha256:5ff97efd062b65ae696f6f45f253d8934ebdfb6fafb558824a08d52277990f5f done
2025-08-21T17:28:01.9115921Z #72 naming to docker.io/library/awa-app-etl done
2025-08-21T17:28:01.9116351Z #72 DONE 2.3s
2025-08-21T17:28:01.9116512Z 
2025-08-21T17:28:01.9116684Z #73 [etl] resolving provenance for metadata file
2025-08-21T17:28:01.9117097Z #73 DONE 0.0s
2025-08-21T17:28:01.9117250Z 
2025-08-21T17:28:01.9117461Z #74 [celery_worker] resolving provenance for metadata file
2025-08-21T17:28:01.9117913Z #74 DONE 0.0s
2025-08-21T17:28:01.9118149Z  fees_h10  Built
2025-08-21T17:28:01.9118324Z  api  Built
2025-08-21T17:28:01.9118487Z  celery_worker  Built
2025-08-21T17:28:01.9118677Z  postgres  Built
2025-08-21T17:28:01.9118841Z  etl  Built
2025-08-21T17:28:01.9189915Z ##[group]Run export COMPOSE_DOCKER_CLI_BUILD=1 DOCKER_BUILDKIT=1
2025-08-21T17:28:01.9190356Z [36;1mexport COMPOSE_DOCKER_CLI_BUILD=1 DOCKER_BUILDKIT=1[0m
2025-08-21T17:28:01.9190665Z [36;1mdocker compose \[0m
2025-08-21T17:28:01.9190884Z [36;1m  -f docker-compose.yml \[0m
2025-08-21T17:28:01.9191121Z [36;1m  -f docker-compose.ci.yml \[0m
2025-08-21T17:28:01.9191401Z [36;1m  -f docker-compose.postgres.yml \[0m
2025-08-21T17:28:01.9191647Z [36;1m  pull[0m
2025-08-21T17:28:01.9232591Z shell: /usr/bin/bash -e {0}
2025-08-21T17:28:01.9232813Z env:
2025-08-21T17:28:01.9233029Z   GITHUB_SHA: d3c9474aa6e76dc2fcdf051819b99de869ed6fdb
2025-08-21T17:28:01.9233312Z   PG_USER: postgres
2025-08-21T17:28:01.9233497Z   PG_PASSWORD: pass
2025-08-21T17:28:01.9233675Z   PG_DATABASE: awa
2025-08-21T17:28:01.9233852Z   PG_HOST: postgres
2025-08-21T17:28:01.9234025Z   PG_PORT: 5432
2025-08-21T17:28:01.9235164Z   PG_SYNC_DSN: ***localhost:5432/awa
2025-08-21T17:28:01.9235645Z   PG_ASYNC_DSN: ***localhost:5432/awa
2025-08-21T17:28:01.9236020Z   DATABASE_URL: ***postgres:5432/awa
2025-08-21T17:28:01.9236239Z   DATA_DIR: /tmp/awa-data
2025-08-21T17:28:01.9236432Z   ENABLE_LIVE: 0
2025-08-21T17:28:01.9236599Z   TESTING: 1
2025-08-21T17:28:01.9236755Z ##[endgroup]
2025-08-21T17:28:02.0295710Z  celery_worker Skipped - No image to be pulled 
2025-08-21T17:28:02.0297024Z  api Skipped - No image to be pulled 
2025-08-21T17:28:02.0297439Z  fees_h10 Skipped - No image to be pulled 
2025-08-21T17:28:02.0297721Z  etl Skipped - No image to be pulled 
2025-08-21T17:28:02.0298026Z  postgres Skipped - No image to be pulled 
2025-08-21T17:28:02.0298332Z  minio Pulling 
2025-08-21T17:28:02.0298501Z  redis Pulling 
2025-08-21T17:28:02.4221856Z  dd15713b0f22 Pulling fs layer 
2025-08-21T17:28:02.4222373Z  fd312a3c94fc Pulling fs layer 
2025-08-21T17:28:02.4222797Z  02e05d20c69e Pulling fs layer 
2025-08-21T17:28:02.4223181Z  1f08d9fb7d7d Pulling fs layer 
2025-08-21T17:28:02.4223455Z  b452b5fb7338 Pulling fs layer 
2025-08-21T17:28:02.4223683Z  e14ab7c7ae26 Pulling fs layer 
2025-08-21T17:28:02.4223906Z  3bf7f4428838 Pulling fs layer 
2025-08-21T17:28:02.4224329Z  adc9ba906e83 Pulling fs layer 
2025-08-21T17:28:02.4224550Z  1611ffcaf8be Pulling fs layer 
2025-08-21T17:28:02.4224759Z  1f08d9fb7d7d Waiting 
2025-08-21T17:28:02.4224947Z  3bf7f4428838 Waiting 
2025-08-21T17:28:02.4225234Z  b452b5fb7338 Waiting 
2025-08-21T17:28:02.4225420Z  adc9ba906e83 Waiting 
2025-08-21T17:28:02.4225605Z  e14ab7c7ae26 Waiting 
2025-08-21T17:28:02.4225782Z  1611ffcaf8be Waiting 
2025-08-21T17:28:02.4626410Z  0368fd46e3c6 Pulling fs layer 
2025-08-21T17:28:02.4629696Z  4c55286bbede Pulling fs layer 
2025-08-21T17:28:02.4630338Z  5e28347af205 Pulling fs layer 
2025-08-21T17:28:02.4630960Z  311eca34042e Pulling fs layer 
2025-08-21T17:28:02.4631438Z  e6fe6f07e192 Pulling fs layer 
2025-08-21T17:28:02.4631818Z  a2cadbfeca72 Pulling fs layer 
2025-08-21T17:28:02.4632181Z  4f4fb700ef54 Pulling fs layer 
2025-08-21T17:28:02.4632539Z  a976ed7e7808 Pulling fs layer 
2025-08-21T17:28:02.4632893Z  0368fd46e3c6 Waiting 
2025-08-21T17:28:02.4633082Z  4c55286bbede Waiting 
2025-08-21T17:28:02.4633267Z  5e28347af205 Waiting 
2025-08-21T17:28:02.4633556Z  311eca34042e Waiting 
2025-08-21T17:28:02.4633753Z  e6fe6f07e192 Waiting 
2025-08-21T17:28:02.4633935Z  a2cadbfeca72 Waiting 
2025-08-21T17:28:02.4634790Z  4f4fb700ef54 Waiting 
2025-08-21T17:28:02.4635080Z  a976ed7e7808 Waiting 
2025-08-21T17:28:02.4673634Z  02e05d20c69e Downloading [>                                                  ]  2.301kB/122.7kB
2025-08-21T17:28:02.4691066Z  02e05d20c69e Download complete 
2025-08-21T17:28:02.4890280Z  dd15713b0f22 Downloading [>                                                  ]  73.47kB/7.24MB
2025-08-21T17:28:02.5150504Z  fd312a3c94fc Downloading [>                                                  ]  17.36kB/1.637MB
2025-08-21T17:28:02.5216226Z  1f08d9fb7d7d Downloading [>                                                  ]  404.9kB/39.39MB
2025-08-21T17:28:02.5559311Z  fd312a3c94fc Verifying Checksum 
2025-08-21T17:28:02.5559902Z  fd312a3c94fc Download complete 
2025-08-21T17:28:02.5892311Z  dd15713b0f22 Downloading [===================================>               ]  5.209MB/7.24MB
2025-08-21T17:28:02.6222190Z  1f08d9fb7d7d Downloading [===================>                               ]  15.73MB/39.39MB
2025-08-21T17:28:02.6245507Z  b452b5fb7338 Downloading [>                                                  ]  115.7kB/11.19MB
2025-08-21T17:28:02.6759549Z  dd15713b0f22 Verifying Checksum 
2025-08-21T17:28:02.6760464Z  dd15713b0f22 Download complete 
2025-08-21T17:28:02.6774785Z  dd15713b0f22 Extracting [>                                                  ]   98.3kB/7.24MB
2025-08-21T17:28:02.7198903Z  b452b5fb7338 Verifying Checksum 
2025-08-21T17:28:02.7199994Z  b452b5fb7338 Download complete 
2025-08-21T17:28:02.7227494Z  1f08d9fb7d7d Downloading [===================================>               ]  28.29MB/39.39MB
2025-08-21T17:28:02.7303177Z  e14ab7c7ae26 Downloading [>                                                  ]   24.2kB/2.402MB
2025-08-21T17:28:02.7639006Z  e14ab7c7ae26 Verifying Checksum 
2025-08-21T17:28:02.7639702Z  e14ab7c7ae26 Download complete 
2025-08-21T17:28:02.7872963Z  dd15713b0f22 Extracting [==============>                                    ]  2.163MB/7.24MB
2025-08-21T17:28:02.8229939Z  1f08d9fb7d7d Downloading [==============================================>    ]  36.74MB/39.39MB
2025-08-21T17:28:02.8550558Z  3bf7f4428838 Downloading [>                                                  ]  2.301kB/180.3kB
2025-08-21T17:28:02.8551424Z  adc9ba906e83 Downloading [===>                                               ]     933B/11.88kB
2025-08-21T17:28:02.8554765Z  adc9ba906e83 Downloading [==================================================>]  11.88kB/11.88kB
2025-08-21T17:28:02.8555541Z  adc9ba906e83 Verifying Checksum 
2025-08-21T17:28:02.8556443Z  adc9ba906e83 Download complete 
2025-08-21T17:28:02.8620350Z  1f08d9fb7d7d Download complete 
2025-08-21T17:28:02.8954989Z  3bf7f4428838 Downloading [==================================================>]  180.3kB/180.3kB
2025-08-21T17:28:02.8956050Z  3bf7f4428838 Verifying Checksum 
2025-08-21T17:28:02.8956485Z  3bf7f4428838 Download complete 
2025-08-21T17:28:02.8997236Z  dd15713b0f22 Extracting [============================================>      ]  6.488MB/7.24MB
2025-08-21T17:28:02.9128112Z  1611ffcaf8be Download complete 
2025-08-21T17:28:02.9245653Z  dd15713b0f22 Extracting [==================================================>]   7.24MB/7.24MB
2025-08-21T17:28:02.9342413Z  dd15713b0f22 Pull complete 
2025-08-21T17:28:02.9358052Z  fd312a3c94fc Extracting [=>                                                 ]  32.77kB/1.637MB
2025-08-21T17:28:02.9462609Z  0368fd46e3c6 Downloading [>                                                  ]   36.9kB/3.638MB
2025-08-21T17:28:02.9572687Z  5e28347af205 Downloading [>                                                  ]  2.302kB/173.2kB
2025-08-21T17:28:02.9636990Z  5e28347af205 Verifying Checksum 
2025-08-21T17:28:02.9637535Z  5e28347af205 Download complete 
2025-08-21T17:28:02.9788330Z  fd312a3c94fc Extracting [==================================================>]  1.637MB/1.637MB
2025-08-21T17:28:02.9812829Z  fd312a3c94fc Extracting [==================================================>]  1.637MB/1.637MB
2025-08-21T17:28:03.0236369Z  4c55286bbede Downloading [=================================================> ]     937B/950B
2025-08-21T17:28:03.0237633Z  4c55286bbede Downloading [==================================================>]     950B/950B
2025-08-21T17:28:03.0238609Z  4c55286bbede Verifying Checksum 
2025-08-21T17:28:03.0239042Z  4c55286bbede Download complete 
2025-08-21T17:28:03.0249999Z  0368fd46e3c6 Verifying Checksum 
2025-08-21T17:28:03.0251642Z  0368fd46e3c6 Download complete 
2025-08-21T17:28:03.0257992Z  0368fd46e3c6 Extracting [>                                                  ]  65.54kB/3.638MB
2025-08-21T17:28:03.0439949Z  fd312a3c94fc Pull complete 
2025-08-21T17:28:03.0458923Z  311eca34042e Downloading [>                                                  ]  10.52kB/1.003MB
2025-08-21T17:28:03.0460655Z  02e05d20c69e Extracting [=============>                                     ]  32.77kB/122.7kB
2025-08-21T17:28:03.0480175Z  02e05d20c69e Extracting [==================================================>]  122.7kB/122.7kB
2025-08-21T17:28:03.0551689Z  311eca34042e Verifying Checksum 
2025-08-21T17:28:03.0552460Z  311eca34042e Download complete 
2025-08-21T17:28:03.0618837Z  02e05d20c69e Pull complete 
2025-08-21T17:28:03.0746538Z  1f08d9fb7d7d Extracting [>                                                  ]    426kB/39.39MB
2025-08-21T17:28:03.0772128Z  e6fe6f07e192 Downloading [>                                                  ]  127.9kB/12.41MB
2025-08-21T17:28:03.1046558Z  a2cadbfeca72 Downloading [==================================================>]      99B/99B
2025-08-21T17:28:03.1047194Z  a2cadbfeca72 Download complete 
2025-08-21T17:28:03.1263224Z  0368fd46e3c6 Extracting [=====================>                             ]  1.573MB/3.638MB
2025-08-21T17:28:03.1519686Z  a976ed7e7808 Downloading [==================================================>]     574B/574B
2025-08-21T17:28:03.1520337Z  a976ed7e7808 Verifying Checksum 
2025-08-21T17:28:03.1520722Z  a976ed7e7808 Download complete 
2025-08-21T17:28:03.1565886Z  e6fe6f07e192 Verifying Checksum 
2025-08-21T17:28:03.1568355Z  e6fe6f07e192 Download complete 
2025-08-21T17:28:03.1657551Z  0368fd46e3c6 Extracting [==================================================>]  3.638MB/3.638MB
2025-08-21T17:28:03.1754485Z  1f08d9fb7d7d Extracting [========>                                          ]  6.816MB/39.39MB
2025-08-21T17:28:03.1837857Z  4f4fb700ef54 Downloading [==================================================>]      32B/32B
2025-08-21T17:28:03.1838609Z  4f4fb700ef54 Verifying Checksum 
2025-08-21T17:28:03.1839033Z  4f4fb700ef54 Download complete 
2025-08-21T17:28:03.1897906Z  0368fd46e3c6 Pull complete 
2025-08-21T17:28:03.1915372Z  4c55286bbede Extracting [==================================================>]     950B/950B
2025-08-21T17:28:03.1917896Z  4c55286bbede Extracting [==================================================>]     950B/950B
2025-08-21T17:28:03.2147166Z  4c55286bbede Pull complete 
2025-08-21T17:28:03.2205147Z  5e28347af205 Extracting [=========>                                         ]  32.77kB/173.2kB
2025-08-21T17:28:03.2224606Z  5e28347af205 Extracting [==================================================>]  173.2kB/173.2kB
2025-08-21T17:28:03.2529674Z  5e28347af205 Extracting [==================================================>]  173.2kB/173.2kB
2025-08-21T17:28:03.2777217Z  1f08d9fb7d7d Extracting [================>                                  ]  13.21MB/39.39MB
2025-08-21T17:28:03.3821036Z  1f08d9fb7d7d Extracting [============================>                      ]  22.58MB/39.39MB
2025-08-21T17:28:03.3961034Z  5e28347af205 Pull complete 
2025-08-21T17:28:03.3982297Z  311eca34042e Extracting [=>                                                 ]  32.77kB/1.003MB
2025-08-21T17:28:03.4249439Z  311eca34042e Extracting [==================================================>]  1.003MB/1.003MB
2025-08-21T17:28:03.4251448Z  311eca34042e Extracting [==================================================>]  1.003MB/1.003MB
2025-08-21T17:28:03.4404679Z  311eca34042e Pull complete 
2025-08-21T17:28:03.4432130Z  e6fe6f07e192 Extracting [>                                                  ]  131.1kB/12.41MB
2025-08-21T17:28:03.4870914Z  1f08d9fb7d7d Extracting [======================================>            ]  30.67MB/39.39MB
2025-08-21T17:28:03.5446604Z  e6fe6f07e192 Extracting [======================>                            ]  5.636MB/12.41MB
2025-08-21T17:28:03.5875892Z  1f08d9fb7d7d Extracting [=================================================> ]  38.76MB/39.39MB
2025-08-21T17:28:03.5968385Z  1f08d9fb7d7d Extracting [==================================================>]  39.39MB/39.39MB
2025-08-21T17:28:03.6264890Z  1f08d9fb7d7d Pull complete 
2025-08-21T17:28:03.6291311Z  b452b5fb7338 Extracting [>                                                  ]  131.1kB/11.19MB
2025-08-21T17:28:03.6389507Z  e6fe6f07e192 Extracting [==================================================>]  12.41MB/12.41MB
2025-08-21T17:28:03.6553249Z  e6fe6f07e192 Pull complete 
2025-08-21T17:28:03.6581374Z  a2cadbfeca72 Extracting [==================================================>]      99B/99B
2025-08-21T17:28:03.6582501Z  a2cadbfeca72 Extracting [==================================================>]      99B/99B
2025-08-21T17:28:03.6675834Z  a2cadbfeca72 Pull complete 
2025-08-21T17:28:03.6691561Z  4f4fb700ef54 Extracting [==================================================>]      32B/32B
2025-08-21T17:28:03.6695108Z  4f4fb700ef54 Extracting [==================================================>]      32B/32B
2025-08-21T17:28:03.6801524Z  4f4fb700ef54 Pull complete 
2025-08-21T17:28:03.6816220Z  a976ed7e7808 Extracting [==================================================>]     574B/574B
2025-08-21T17:28:03.6819913Z  a976ed7e7808 Extracting [==================================================>]     574B/574B
2025-08-21T17:28:03.6939287Z  a976ed7e7808 Pull complete 
2025-08-21T17:28:03.7013704Z  redis Pulled 
2025-08-21T17:28:03.7300825Z  b452b5fb7338 Extracting [===============================>                   ]  6.947MB/11.19MB
2025-08-21T17:28:03.7767587Z  b452b5fb7338 Extracting [==================================================>]  11.19MB/11.19MB
2025-08-21T17:28:03.7913836Z  b452b5fb7338 Pull complete 
2025-08-21T17:28:03.7926986Z  e14ab7c7ae26 Extracting [>                                                  ]  32.77kB/2.402MB
2025-08-21T17:28:03.8198124Z  e14ab7c7ae26 Extracting [==================================================>]  2.402MB/2.402MB
2025-08-21T17:28:03.8291757Z  e14ab7c7ae26 Pull complete 
2025-08-21T17:28:03.8308403Z  3bf7f4428838 Extracting [=========>                                         ]  32.77kB/180.3kB
2025-08-21T17:28:03.8357279Z  3bf7f4428838 Extracting [==================================================>]  180.3kB/180.3kB
2025-08-21T17:28:03.8369594Z  3bf7f4428838 Extracting [==================================================>]  180.3kB/180.3kB
2025-08-21T17:28:03.8462860Z  3bf7f4428838 Pull complete 
2025-08-21T17:28:03.8477268Z  adc9ba906e83 Extracting [==================================================>]  11.88kB/11.88kB
2025-08-21T17:28:03.8480661Z  adc9ba906e83 Extracting [==================================================>]  11.88kB/11.88kB
2025-08-21T17:28:03.8587355Z  adc9ba906e83 Pull complete 
2025-08-21T17:28:03.8602586Z  1611ffcaf8be Extracting [==================================================>]     498B/498B
2025-08-21T17:28:03.8605863Z  1611ffcaf8be Extracting [==================================================>]     498B/498B
2025-08-21T17:28:03.8701024Z  1611ffcaf8be Pull complete 
2025-08-21T17:28:03.8767826Z  minio Pulled 
2025-08-21T17:28:03.8842914Z ##[group]Run export COMPOSE_DOCKER_CLI_BUILD=1 DOCKER_BUILDKIT=1
2025-08-21T17:28:03.8843349Z [36;1mexport COMPOSE_DOCKER_CLI_BUILD=1 DOCKER_BUILDKIT=1[0m
2025-08-21T17:28:03.8843647Z [36;1mdocker compose \[0m
2025-08-21T17:28:03.8843886Z [36;1m  -f docker-compose.yml \[0m
2025-08-21T17:28:03.8844357Z [36;1m  -f docker-compose.ci.yml \[0m
2025-08-21T17:28:03.8844630Z [36;1m  -f docker-compose.postgres.yml \[0m
2025-08-21T17:28:03.8845098Z [36;1m  up -d --wait --no-build --pull always[0m
2025-08-21T17:28:03.8887232Z shell: /usr/bin/bash -e {0}
2025-08-21T17:28:03.8887447Z env:
2025-08-21T17:28:03.8887663Z   GITHUB_SHA: d3c9474aa6e76dc2fcdf051819b99de869ed6fdb
2025-08-21T17:28:03.8887944Z   PG_USER: postgres
2025-08-21T17:28:03.8888121Z   PG_PASSWORD: pass
2025-08-21T17:28:03.8888297Z   PG_DATABASE: awa
2025-08-21T17:28:03.8888469Z   PG_HOST: postgres
2025-08-21T17:28:03.8888642Z   PG_PORT: 5432
2025-08-21T17:28:03.8889139Z   PG_SYNC_DSN: ***localhost:5432/awa
2025-08-21T17:28:03.8889611Z   PG_ASYNC_DSN: ***localhost:5432/awa
2025-08-21T17:28:03.8889988Z   DATABASE_URL: ***postgres:5432/awa
2025-08-21T17:28:03.8890212Z   DATA_DIR: /tmp/awa-data
2025-08-21T17:28:03.8890415Z   ENABLE_LIVE: 0
2025-08-21T17:28:03.8890588Z   TESTING: 1
2025-08-21T17:28:03.8890744Z ##[endgroup]
2025-08-21T17:28:03.9942497Z  minio Pulling 
2025-08-21T17:28:03.9942882Z  redis Pulling 
2025-08-21T17:28:04.1408640Z  minio Pulled 
2025-08-21T17:28:04.1523452Z  redis Pulled 
2025-08-21T17:28:04.1541448Z  Network awa-app_awa-net  Creating
2025-08-21T17:28:04.1884826Z  Network awa-app_awa-net  Created
2025-08-21T17:28:04.2055290Z  Volume "awa-app_awa-data"  Creating
2025-08-21T17:28:04.2071903Z  Volume "awa-app_awa-data"  Created
2025-08-21T17:28:04.2076624Z  Volume "awa-app_awa-pgdata"  Creating
2025-08-21T17:28:04.2083784Z  Volume "awa-app_awa-pgdata"  Created
2025-08-21T17:28:04.2087482Z  Volume "awa-app_miniodata"  Creating
2025-08-21T17:28:04.2097860Z  Volume "awa-app_miniodata"  Created
2025-08-21T17:28:04.2103134Z  Container awa-app-minio-1  Creating
2025-08-21T17:28:04.2103592Z  Container awa-app-redis-1  Creating
2025-08-21T17:28:04.2104181Z  Container awa-app-postgres-1  Creating
2025-08-21T17:28:04.2476829Z  Container awa-app-postgres-1  Created
2025-08-21T17:28:04.2477691Z  Container awa-app-minio-1  Created
2025-08-21T17:28:04.2478317Z  Container awa-app-redis-1  Created
2025-08-21T17:28:04.2480182Z  Container awa-app-api-1  Creating
2025-08-21T17:28:04.2480630Z  Container awa-app-fees_h10-1  Creating
2025-08-21T17:28:04.2481113Z  Container awa-app-celery_worker-1  Creating
2025-08-21T17:28:04.2481804Z  Container awa-app-etl-1  Creating
2025-08-21T17:28:04.2724675Z  Container awa-app-fees_h10-1  Created
2025-08-21T17:28:04.2725199Z  Container awa-app-api-1  Created
2025-08-21T17:28:04.2743873Z  Container awa-app-etl-1  Created
2025-08-21T17:28:04.2750303Z  Container awa-app-celery_worker-1  Created
2025-08-21T17:28:04.2770386Z  Container awa-app-minio-1  Starting
2025-08-21T17:28:04.2776754Z  Container awa-app-redis-1  Starting
2025-08-21T17:28:04.2777419Z  Container awa-app-postgres-1  Starting
2025-08-21T17:28:04.5085730Z  Container awa-app-postgres-1  Started
2025-08-21T17:28:04.5086251Z  Container awa-app-postgres-1  Waiting
2025-08-21T17:28:04.5089955Z  Container awa-app-redis-1  Started
2025-08-21T17:28:04.5090998Z  Container awa-app-redis-1  Waiting
2025-08-21T17:28:04.5092875Z  Container awa-app-postgres-1  Waiting
2025-08-21T17:28:04.5093359Z  Container awa-app-postgres-1  Waiting
2025-08-21T17:28:04.5248321Z  Container awa-app-minio-1  Started
2025-08-21T17:28:04.5249092Z  Container awa-app-postgres-1  Waiting
2025-08-21T17:28:10.0129134Z  Container awa-app-postgres-1  Healthy
2025-08-21T17:28:10.0129998Z  Container awa-app-postgres-1  Healthy
2025-08-21T17:28:10.0130733Z  Container awa-app-api-1  Starting
2025-08-21T17:28:10.0131173Z  Container awa-app-redis-1  Healthy
2025-08-21T17:28:10.0131584Z  Container awa-app-fees_h10-1  Starting
2025-08-21T17:28:10.0132350Z  Container awa-app-postgres-1  Healthy
2025-08-21T17:28:10.0267051Z  Container awa-app-celery_worker-1  Starting
2025-08-21T17:28:10.0267602Z  Container awa-app-postgres-1  Healthy
2025-08-21T17:28:10.0268062Z  Container awa-app-etl-1  Starting
2025-08-21T17:28:10.2115497Z  Container awa-app-celery_worker-1  Started
2025-08-21T17:28:10.2289767Z  Container awa-app-fees_h10-1  Started
2025-08-21T17:28:10.2442915Z  Container awa-app-etl-1  Started
2025-08-21T17:28:10.2555362Z  Container awa-app-api-1  Started
2025-08-21T17:28:10.2557107Z  Container awa-app-etl-1  Waiting
2025-08-21T17:28:10.2558210Z  Container awa-app-fees_h10-1  Waiting
2025-08-21T17:28:10.2558886Z  Container awa-app-api-1  Waiting
2025-08-21T17:28:10.2559562Z  Container awa-app-redis-1  Waiting
2025-08-21T17:28:10.2560027Z  Container awa-app-postgres-1  Waiting
2025-08-21T17:28:10.2560752Z  Container awa-app-minio-1  Waiting
2025-08-21T17:28:10.2561351Z  Container awa-app-celery_worker-1  Waiting
2025-08-21T17:28:10.7591976Z  Container awa-app-redis-1  Healthy
2025-08-21T17:28:10.7594548Z  Container awa-app-postgres-1  Healthy
2025-08-21T17:28:10.7606645Z  Container awa-app-minio-1  Healthy
2025-08-21T17:28:15.7570663Z  Container awa-app-api-1  Healthy
2025-08-21T17:28:15.7572881Z  Container awa-app-etl-1  Healthy
2025-08-21T17:28:40.7572704Z  Container awa-app-fees_h10-1  Healthy
2025-08-21T17:30:14.7568444Z container awa-app-celery_worker-1 is unhealthy
2025-08-21T17:30:14.7621883Z ##[error]Process completed with exit code 1.
2025-08-21T17:30:14.7690292Z ##[group]Run export COMPOSE_DOCKER_CLI_BUILD=1
2025-08-21T17:30:14.7690633Z [36;1mexport COMPOSE_DOCKER_CLI_BUILD=1[0m
2025-08-21T17:30:14.7690886Z [36;1mexport DOCKER_BUILDKIT=1[0m
2025-08-21T17:30:14.7691117Z [36;1mdocker compose logs > logs.txt[0m
2025-08-21T17:30:14.7731712Z shell: /usr/bin/bash -e {0}
2025-08-21T17:30:14.7731935Z env:
2025-08-21T17:30:14.7732150Z   GITHUB_SHA: d3c9474aa6e76dc2fcdf051819b99de869ed6fdb
2025-08-21T17:30:14.7732425Z   PG_USER: postgres
2025-08-21T17:30:14.7732612Z   PG_PASSWORD: pass
2025-08-21T17:30:14.7732788Z   PG_DATABASE: awa
2025-08-21T17:30:14.7732953Z   PG_HOST: postgres
2025-08-21T17:30:14.7733118Z   PG_PORT: 5432
2025-08-21T17:30:14.7733579Z   PG_SYNC_DSN: ***localhost:5432/awa
2025-08-21T17:30:14.7733958Z   PG_ASYNC_DSN: ***localhost:5432/awa
2025-08-21T17:30:14.7734662Z   DATABASE_URL: ***postgres:5432/awa
2025-08-21T17:30:14.7734889Z   DATA_DIR: /tmp/awa-data
2025-08-21T17:30:14.7735089Z   ENABLE_LIVE: 0
2025-08-21T17:30:14.7735301Z   TESTING: 1
2025-08-21T17:30:14.7735462Z ##[endgroup]
2025-08-21T17:30:14.8836051Z ##[group]Run actions/upload-artifact@v4
2025-08-21T17:30:14.8836340Z with:
2025-08-21T17:30:14.8836518Z   name: docker-logs
2025-08-21T17:30:14.8836707Z   path: logs.txt
2025-08-21T17:30:14.8836897Z   if-no-files-found: warn
2025-08-21T17:30:14.8837100Z   compression-level: 6
2025-08-21T17:30:14.8837293Z   overwrite: false
2025-08-21T17:30:14.8837484Z   include-hidden-files: false
2025-08-21T17:30:14.8837687Z env:
2025-08-21T17:30:14.8837892Z   GITHUB_SHA: d3c9474aa6e76dc2fcdf051819b99de869ed6fdb
2025-08-21T17:30:14.8838167Z   PG_USER: postgres
2025-08-21T17:30:14.8838352Z   PG_PASSWORD: pass
2025-08-21T17:30:14.8838527Z   PG_DATABASE: awa
2025-08-21T17:30:14.8838700Z   PG_HOST: postgres
2025-08-21T17:30:14.8838859Z   PG_PORT: 5432
2025-08-21T17:30:14.8839320Z   PG_SYNC_DSN: ***localhost:5432/awa
2025-08-21T17:30:14.8839699Z   PG_ASYNC_DSN: ***localhost:5432/awa
2025-08-21T17:30:14.8840077Z   DATABASE_URL: ***postgres:5432/awa
2025-08-21T17:30:14.8840342Z   DATA_DIR: /tmp/awa-data
2025-08-21T17:30:14.8840531Z   ENABLE_LIVE: 0
2025-08-21T17:30:14.8840696Z   TESTING: 1
2025-08-21T17:30:14.8840847Z ##[endgroup]
2025-08-21T17:30:15.1117747Z With the provided path, there will be 1 file uploaded
2025-08-21T17:30:15.1124492Z Artifact name is valid!
2025-08-21T17:30:15.1125831Z Root directory input is valid!
2025-08-21T17:30:15.2476971Z Beginning upload of artifact content to blob storage
2025-08-21T17:30:15.3000927Z Uploaded bytes 3538
2025-08-21T17:30:15.3227903Z Finished uploading artifact content to blob storage!
2025-08-21T17:30:15.3230902Z SHA256 digest of uploaded artifact zip is 46cfd5909421ad12bdbbc6bcf5bd67c6473b95bddd9aaa2a8fe58cb0ba69749a
2025-08-21T17:30:15.3233154Z Finalizing artifact upload
2025-08-21T17:30:15.4216891Z Artifact docker-logs.zip successfully finalized. Artifact ID 3821342391
2025-08-21T17:30:15.4217956Z Artifact docker-logs has been successfully uploaded! Final size is 3538 bytes. Artifact ID is 3821342391
2025-08-21T17:30:15.4225601Z Artifact download URL: https://github.com/AlexBomber12/AWA-App/actions/runs/17134179829/artifacts/3821342391
2025-08-21T17:30:15.4377622Z Post job cleanup.
2025-08-21T17:30:15.5183926Z [command]/usr/bin/git version
2025-08-21T17:30:15.5222008Z git version 2.51.0
2025-08-21T17:30:15.5260231Z Temporarily overriding HOME='/home/runner/work/_temp/c806810f-4e07-4fa3-b1d5-c596c88db7f2' before making global git config changes
2025-08-21T17:30:15.5261513Z Adding repository directory to the temporary git global config as a safe directory
2025-08-21T17:30:15.5266489Z [command]/usr/bin/git config --global --add safe.directory /home/runner/work/AWA-App/AWA-App
2025-08-21T17:30:15.5304847Z [command]/usr/bin/git config --local --name-only --get-regexp core\.sshCommand
2025-08-21T17:30:15.5339320Z [command]/usr/bin/git submodule foreach --recursive sh -c "git config --local --name-only --get-regexp 'core\.sshCommand' && git config --local --unset-all 'core.sshCommand' || :"
2025-08-21T17:30:15.5574774Z [command]/usr/bin/git config --local --name-only --get-regexp http\.https\:\/\/github\.com\/\.extraheader
2025-08-21T17:30:15.5600628Z http.https://github.com/.extraheader
2025-08-21T17:30:15.5611541Z [command]/usr/bin/git config --local --unset-all http.https://github.com/.extraheader
2025-08-21T17:30:15.5642784Z [command]/usr/bin/git submodule foreach --recursive sh -c "git config --local --name-only --get-regexp 'http\.https\:\/\/github\.com\/\.extraheader' && git config --local --unset-all 'http.https://github.com/.extraheader' || :"
2025-08-21T17:30:15.6037822Z Cleaning up orphan processes
