2025-08-20T17:46:00.8885351Z Current runner version: '2.328.0'
2025-08-20T17:46:00.8910721Z ##[group]Runner Image Provisioner
2025-08-20T17:46:00.8911438Z Hosted Compute Agent
2025-08-20T17:46:00.8912259Z Version: 20250818.377
2025-08-20T17:46:00.8912880Z Commit: 3c593e9f75fe0b87e893bca80d6e12ba089c61fc
2025-08-20T17:46:00.8913571Z Build Date: 2025-08-18T14:52:18Z
2025-08-20T17:46:00.8914355Z ##[endgroup]
2025-08-20T17:46:00.8914909Z ##[group]Operating System
2025-08-20T17:46:00.8915455Z Ubuntu
2025-08-20T17:46:00.8915878Z 24.04.2
2025-08-20T17:46:00.8916396Z LTS
2025-08-20T17:46:00.8916826Z ##[endgroup]
2025-08-20T17:46:00.8917291Z ##[group]Runner Image
2025-08-20T17:46:00.8917889Z Image: ubuntu-24.04
2025-08-20T17:46:00.8918394Z Version: 20250810.1.0
2025-08-20T17:46:00.8919367Z Included Software: https://github.com/actions/runner-images/blob/ubuntu24/20250810.1/images/ubuntu/Ubuntu2404-Readme.md
2025-08-20T17:46:00.8920941Z Image Release: https://github.com/actions/runner-images/releases/tag/ubuntu24%2F20250810.1
2025-08-20T17:46:00.8921866Z ##[endgroup]
2025-08-20T17:46:00.8924592Z ##[group]GITHUB_TOKEN Permissions
2025-08-20T17:46:00.8926924Z Actions: write
2025-08-20T17:46:00.8927562Z Attestations: write
2025-08-20T17:46:00.8928035Z Checks: write
2025-08-20T17:46:00.8928498Z Contents: write
2025-08-20T17:46:00.8929020Z Deployments: write
2025-08-20T17:46:00.8929536Z Discussions: write
2025-08-20T17:46:00.8930037Z Issues: write
2025-08-20T17:46:00.8930544Z Metadata: read
2025-08-20T17:46:00.8931020Z Models: read
2025-08-20T17:46:00.8931465Z Packages: write
2025-08-20T17:46:00.8932002Z Pages: write
2025-08-20T17:46:00.8932452Z PullRequests: write
2025-08-20T17:46:00.8933013Z RepositoryProjects: write
2025-08-20T17:46:00.8933561Z SecurityEvents: write
2025-08-20T17:46:00.8934372Z Statuses: write
2025-08-20T17:46:00.8934873Z ##[endgroup]
2025-08-20T17:46:00.8937284Z Secret source: Actions
2025-08-20T17:46:00.8938505Z Prepare workflow directory
2025-08-20T17:46:00.9255405Z Prepare all required actions
2025-08-20T17:46:00.9292263Z Getting action download info
2025-08-20T17:46:01.2141787Z Download action repository 'actions/checkout@v4' (SHA:08eba0b27e820071cde6df949e0beb9ba4906955)
2025-08-20T17:46:01.6250009Z Download action repository 'actions/upload-artifact@v4' (SHA:ea165f8d65b6e75b540449e92b4886f43607fa02)
2025-08-20T17:46:01.8098855Z Complete job name: compose-health
2025-08-20T17:46:01.8798781Z ##[group]Run actions/checkout@v4
2025-08-20T17:46:01.8799907Z with:
2025-08-20T17:46:01.8800565Z   repository: AlexBomber12/AWA-App
2025-08-20T17:46:01.8801467Z   token: ***
2025-08-20T17:46:01.8801853Z   ssh-strict: true
2025-08-20T17:46:01.8802244Z   ssh-user: git
2025-08-20T17:46:01.8802668Z   persist-credentials: true
2025-08-20T17:46:01.8803137Z   clean: true
2025-08-20T17:46:01.8803538Z   sparse-checkout-cone-mode: true
2025-08-20T17:46:01.8804008Z   fetch-depth: 1
2025-08-20T17:46:01.8804565Z   fetch-tags: false
2025-08-20T17:46:01.8804961Z   show-progress: true
2025-08-20T17:46:01.8805357Z   lfs: false
2025-08-20T17:46:01.8805710Z   submodules: false
2025-08-20T17:46:01.8806152Z   set-safe-directory: true
2025-08-20T17:46:01.8806935Z ##[endgroup]
2025-08-20T17:46:01.9965578Z Syncing repository: AlexBomber12/AWA-App
2025-08-20T17:46:01.9968254Z ##[group]Getting Git version info
2025-08-20T17:46:01.9969415Z Working directory is '/home/runner/work/AWA-App/AWA-App'
2025-08-20T17:46:01.9971051Z [command]/usr/bin/git version
2025-08-20T17:46:01.9999916Z git version 2.50.1
2025-08-20T17:46:02.0026592Z ##[endgroup]
2025-08-20T17:46:02.0042256Z Temporarily overriding HOME='/home/runner/work/_temp/5c2c169e-5357-4655-84a9-6f131b8deee9' before making global git config changes
2025-08-20T17:46:02.0044844Z Adding repository directory to the temporary git global config as a safe directory
2025-08-20T17:46:02.0048864Z [command]/usr/bin/git config --global --add safe.directory /home/runner/work/AWA-App/AWA-App
2025-08-20T17:46:02.0084011Z Deleting the contents of '/home/runner/work/AWA-App/AWA-App'
2025-08-20T17:46:02.0088097Z ##[group]Initializing the repository
2025-08-20T17:46:02.0092760Z [command]/usr/bin/git init /home/runner/work/AWA-App/AWA-App
2025-08-20T17:46:02.0152878Z hint: Using 'master' as the name for the initial branch. This default branch name
2025-08-20T17:46:02.0154645Z hint: is subject to change. To configure the initial branch name to use in all
2025-08-20T17:46:02.0156120Z hint: of your new repositories, which will suppress this warning, call:
2025-08-20T17:46:02.0156944Z hint:
2025-08-20T17:46:02.0157436Z hint: 	git config --global init.defaultBranch <name>
2025-08-20T17:46:02.0158019Z hint:
2025-08-20T17:46:02.0158568Z hint: Names commonly chosen instead of 'master' are 'main', 'trunk' and
2025-08-20T17:46:02.0159460Z hint: 'development'. The just-created branch can be renamed via this command:
2025-08-20T17:46:02.0160218Z hint:
2025-08-20T17:46:02.0160832Z hint: 	git branch -m <name>
2025-08-20T17:46:02.0161444Z hint:
2025-08-20T17:46:02.0162043Z hint: Disable this message with "git config set advice.defaultBranchName false"
2025-08-20T17:46:02.0163027Z Initialized empty Git repository in /home/runner/work/AWA-App/AWA-App/.git/
2025-08-20T17:46:02.0166174Z [command]/usr/bin/git remote add origin https://github.com/AlexBomber12/AWA-App
2025-08-20T17:46:02.0196384Z ##[endgroup]
2025-08-20T17:46:02.0197098Z ##[group]Disabling automatic garbage collection
2025-08-20T17:46:02.0200150Z [command]/usr/bin/git config --local gc.auto 0
2025-08-20T17:46:02.0228660Z ##[endgroup]
2025-08-20T17:46:02.0229310Z ##[group]Setting up auth
2025-08-20T17:46:02.0235156Z [command]/usr/bin/git config --local --name-only --get-regexp core\.sshCommand
2025-08-20T17:46:02.0264872Z [command]/usr/bin/git submodule foreach --recursive sh -c "git config --local --name-only --get-regexp 'core\.sshCommand' && git config --local --unset-all 'core.sshCommand' || :"
2025-08-20T17:46:02.0528652Z [command]/usr/bin/git config --local --name-only --get-regexp http\.https\:\/\/github\.com\/\.extraheader
2025-08-20T17:46:02.0556808Z [command]/usr/bin/git submodule foreach --recursive sh -c "git config --local --name-only --get-regexp 'http\.https\:\/\/github\.com\/\.extraheader' && git config --local --unset-all 'http.https://github.com/.extraheader' || :"
2025-08-20T17:46:02.0772906Z [command]/usr/bin/git config --local http.https://github.com/.extraheader AUTHORIZATION: basic ***
2025-08-20T17:46:02.0807694Z ##[endgroup]
2025-08-20T17:46:02.0808977Z ##[group]Fetching the repository
2025-08-20T17:46:02.0818169Z [command]/usr/bin/git -c protocol.version=2 fetch --no-tags --prune --no-recurse-submodules --depth=1 origin +d0db6dc7bd943499fc0e80050cc8d9d3cce74589:refs/remotes/pull/305/merge
2025-08-20T17:46:02.3911870Z From https://github.com/AlexBomber12/AWA-App
2025-08-20T17:46:02.3913697Z  * [new ref]         d0db6dc7bd943499fc0e80050cc8d9d3cce74589 -> pull/305/merge
2025-08-20T17:46:02.3937252Z ##[endgroup]
2025-08-20T17:46:02.3938532Z ##[group]Determining the checkout info
2025-08-20T17:46:02.3941642Z ##[endgroup]
2025-08-20T17:46:02.3945394Z [command]/usr/bin/git sparse-checkout disable
2025-08-20T17:46:02.4020574Z [command]/usr/bin/git config --local --unset-all extensions.worktreeConfig
2025-08-20T17:46:02.4049659Z ##[group]Checking out the ref
2025-08-20T17:46:02.4053745Z [command]/usr/bin/git checkout --progress --force refs/remotes/pull/305/merge
2025-08-20T17:46:02.4391503Z Note: switching to 'refs/remotes/pull/305/merge'.
2025-08-20T17:46:02.4392685Z 
2025-08-20T17:46:02.4393506Z You are in 'detached HEAD' state. You can look around, make experimental
2025-08-20T17:46:02.4395577Z changes and commit them, and you can discard any commits you make in this
2025-08-20T17:46:02.4396814Z state without impacting any branches by switching back to a branch.
2025-08-20T17:46:02.4397517Z 
2025-08-20T17:46:02.4398034Z If you want to create a new branch to retain commits you create, you may
2025-08-20T17:46:02.4399532Z do so (now or later) by using -c with the switch command. Example:
2025-08-20T17:46:02.4400531Z 
2025-08-20T17:46:02.4401020Z   git switch -c <new-branch-name>
2025-08-20T17:46:02.4402197Z 
2025-08-20T17:46:02.4402654Z Or undo this operation with:
2025-08-20T17:46:02.4403249Z 
2025-08-20T17:46:02.4403571Z   git switch -
2025-08-20T17:46:02.4404325Z 
2025-08-20T17:46:02.4404997Z Turn off this advice by setting config variable advice.detachedHead to false
2025-08-20T17:46:02.4405834Z 
2025-08-20T17:46:02.4406774Z HEAD is now at d0db6dc Merge 71c42909f45822f9f74278b6056e8de1e4c00696 into 58f732c854cc9fa63f1ff7b1508bb3c35865ecaa
2025-08-20T17:46:02.4409840Z ##[endgroup]
2025-08-20T17:46:02.4439944Z [command]/usr/bin/git log -1 --format=%H
2025-08-20T17:46:02.4461683Z d0db6dc7bd943499fc0e80050cc8d9d3cce74589
2025-08-20T17:46:02.4686603Z ##[group]Run echo "GITHUB_SHA=${GITHUB_SHA}" >> "$GITHUB_ENV"
2025-08-20T17:46:02.4688413Z [36;1mecho "GITHUB_SHA=${GITHUB_SHA}" >> "$GITHUB_ENV"[0m
2025-08-20T17:46:02.4758841Z shell: /usr/bin/bash -e {0}
2025-08-20T17:46:02.4760001Z ##[endgroup]
2025-08-20T17:46:02.4923354Z ##[group]Run export COMPOSE_DOCKER_CLI_BUILD=1 DOCKER_BUILDKIT=1
2025-08-20T17:46:02.4925276Z [36;1mexport COMPOSE_DOCKER_CLI_BUILD=1 DOCKER_BUILDKIT=1[0m
2025-08-20T17:46:02.4926605Z [36;1mdocker compose \[0m
2025-08-20T17:46:02.4927661Z [36;1m  -f docker-compose.yml \[0m
2025-08-20T17:46:02.4928807Z [36;1m  -f docker-compose.ci.yml \[0m
2025-08-20T17:46:02.4929987Z [36;1m  -f docker-compose.postgres.yml \[0m
2025-08-20T17:46:02.4931176Z [36;1m  build --progress plain[0m
2025-08-20T17:46:02.4968605Z shell: /usr/bin/bash -e {0}
2025-08-20T17:46:02.4969574Z env:
2025-08-20T17:46:02.4970522Z   GITHUB_SHA: d0db6dc7bd943499fc0e80050cc8d9d3cce74589
2025-08-20T17:46:02.4971739Z ##[endgroup]
2025-08-20T17:46:04.3450238Z --progress is a global compose flag, better use `docker compose --progress xx build ...
2025-08-20T17:46:06.2463035Z #1 [internal] load local bake definitions
2025-08-20T17:46:06.3908572Z #1 reading from stdin 1.88kB done
2025-08-20T17:46:06.3909304Z #1 DONE 0.0s
2025-08-20T17:46:06.6029835Z 
2025-08-20T17:46:06.6030368Z #2 [api internal] load build definition from Dockerfile
2025-08-20T17:46:06.6031129Z #2 transferring dockerfile: 1.48kB done
2025-08-20T17:46:06.6031559Z #2 DONE 0.0s
2025-08-20T17:46:06.6031729Z 
2025-08-20T17:46:06.6031929Z #3 [fees_h10 internal] load build definition from Dockerfile
2025-08-20T17:46:06.6032530Z #3 transferring dockerfile: 962B done
2025-08-20T17:46:06.6032963Z #3 DONE 0.0s
2025-08-20T17:46:06.6033139Z 
2025-08-20T17:46:06.6033383Z #4 [postgres internal] load build definition from Dockerfile
2025-08-20T17:46:06.6033908Z #4 transferring dockerfile: 807B done
2025-08-20T17:46:06.6034526Z #4 DONE 0.0s
2025-08-20T17:46:06.6034688Z 
2025-08-20T17:46:06.6034885Z #5 [etl internal] load build definition from Dockerfile
2025-08-20T17:46:06.6035366Z #5 transferring dockerfile: 1.15kB done
2025-08-20T17:46:06.6035604Z #5 DONE 0.0s
2025-08-20T17:46:06.6035722Z 
2025-08-20T17:46:06.6035904Z #6 [auth] docker/dockerfile:pull token for registry-1.docker.io
2025-08-20T17:46:06.6036218Z #6 DONE 0.0s
2025-08-20T17:46:06.6036343Z 
2025-08-20T17:46:06.6036506Z #7 [auth] library/postgres:pull token for registry-1.docker.io
2025-08-20T17:46:06.6036810Z #7 DONE 0.0s
2025-08-20T17:46:06.6036910Z 
2025-08-20T17:46:06.6037172Z #8 [etl] resolve image config for docker-image://docker.io/docker/dockerfile:1.6
2025-08-20T17:46:06.8808886Z #8 DONE 0.4s
2025-08-20T17:46:06.8809873Z 
2025-08-20T17:46:06.8811048Z #9 [postgres internal] load metadata for docker.io/library/postgres:16
2025-08-20T17:46:06.8811759Z #9 DONE 0.4s
2025-08-20T17:46:06.8811944Z 
2025-08-20T17:46:06.8812126Z #10 [postgres internal] load .dockerignore
2025-08-20T17:46:06.8812599Z #10 transferring context: 265B done
2025-08-20T17:46:06.8812971Z #10 DONE 0.0s
2025-08-20T17:46:06.8813154Z 
2025-08-20T17:46:06.8813307Z #11 [postgres internal] load build context
2025-08-20T17:46:06.8813758Z #11 transferring context: 582B done
2025-08-20T17:46:06.8814320Z #11 DONE 0.0s
2025-08-20T17:46:06.8814547Z 
2025-08-20T17:46:06.8815337Z #12 [celery_worker] docker-image://docker.io/docker/dockerfile:1.6@sha256:ac85f380a63b13dfcefa89046420e1781752bab202122f8f50032edf31be0021
2025-08-20T17:46:06.8816776Z #12 resolve docker.io/docker/dockerfile:1.6@sha256:ac85f380a63b13dfcefa89046420e1781752bab202122f8f50032edf31be0021 done
2025-08-20T17:46:06.8817573Z #12 sha256:ac85f380a63b13dfcefa89046420e1781752bab202122f8f50032edf31be0021 8.40kB / 8.40kB done
2025-08-20T17:46:06.8818245Z #12 sha256:657fcc512c7369f4cb3d94ea329150f8daf626bc838b1a1e81f1834c73ecc77e 482B / 482B done
2025-08-20T17:46:06.8818819Z #12 sha256:a17ee7fff8f5e97b974f5b48f51647d2cf28d543f2aa6c11aaa0ea431b44bb89 1.27kB / 1.27kB done
2025-08-20T17:46:06.8819409Z #12 sha256:9d9c93f4b00be908ab694a4df732570bced3b8a96b7515d70ff93402179ad232 4.19MB / 11.80MB 0.1s
2025-08-20T17:46:06.9830445Z #12 sha256:ac85f380a63b13dfcefa89046420e1781752bab202122f8f50032edf31be0021 8.40kB / 8.40kB done
2025-08-20T17:46:06.9831888Z #12 sha256:657fcc512c7369f4cb3d94ea329150f8daf626bc838b1a1e81f1834c73ecc77e 482B / 482B done
2025-08-20T17:46:06.9832952Z #12 sha256:a17ee7fff8f5e97b974f5b48f51647d2cf28d543f2aa6c11aaa0ea431b44bb89 1.27kB / 1.27kB done
2025-08-20T17:46:06.9833967Z #12 extracting sha256:9d9c93f4b00be908ab694a4df732570bced3b8a96b7515d70ff93402179ad232
2025-08-20T17:46:07.0832453Z #12 sha256:9d9c93f4b00be908ab694a4df732570bced3b8a96b7515d70ff93402179ad232 11.80MB / 11.80MB 0.2s done
2025-08-20T17:46:07.2031037Z #12 extracting sha256:9d9c93f4b00be908ab694a4df732570bced3b8a96b7515d70ff93402179ad232 0.1s done
2025-08-20T17:46:07.2031883Z #12 DONE 0.3s
2025-08-20T17:46:07.2032084Z 
2025-08-20T17:46:07.2032683Z #13 [postgres 1/6] FROM docker.io/library/postgres:16@sha256:66a5efb5677ffac1037774a0e141fd3a4c035c9c0c0e624c9cc980dfa10f45e5
2025-08-20T17:46:07.2033997Z #13 resolve docker.io/library/postgres:16@sha256:66a5efb5677ffac1037774a0e141fd3a4c035c9c0c0e624c9cc980dfa10f45e5 done
2025-08-20T17:46:07.2035541Z #13 sha256:fb850b0e3049060bf4eb46c8806d7ceea916d67e5cc56d6b295511e27463e56b 1.17kB / 1.17kB 0.1s done
2025-08-20T17:46:07.2036663Z #13 sha256:4b802c5161ddfa2ae4beac272c4e24aa5e162a20451c8489cbb952a88507732f 9.89kB / 9.89kB done
2025-08-20T17:46:07.2037735Z #13 sha256:3084fa1fadd59e7633ec56d318f1e4de01be744f446c5c35df7cd801fbc34894 3.63kB / 3.63kB done
2025-08-20T17:46:07.2038825Z #13 sha256:396b1da7636e2dcd10565cb4f2f952cbb4a8a38b58d3b86a2cacb172fb70117c 6.29MB / 29.77MB 0.3s
2025-08-20T17:46:07.2039908Z #13 sha256:66a5efb5677ffac1037774a0e141fd3a4c035c9c0c0e624c9cc980dfa10f45e5 10.24kB / 10.24kB done
2025-08-20T17:46:07.2041031Z #13 sha256:7f09385d08f9e8f578f9dad57582fff30d6ca3ef0f4d66ab5e1bf92c88862341 3.15MB / 6.44MB 0.2s
2025-08-20T17:46:07.2042053Z #13 sha256:534f45d26d937460abe84bd086361a04c27e624a23f9384ff13f11c24c64c7bb 0B / 1.45MB 0.2s
2025-08-20T17:46:07.2043038Z #13 sha256:320fa150e60fca9bb108771a06f08d5464ad8b7474b7bf3f4b44d723b686ee72 0B / 1.31MB 0.3s
2025-08-20T17:46:07.2044205Z #13 sha256:2b6532633f5d125e9a709f56f26af5a07390c859a5c77142b74da1d4e3c79fee 0B / 8.20MB 0.3s
2025-08-20T17:46:07.3157516Z #13 ...
2025-08-20T17:46:07.3157720Z 
2025-08-20T17:46:07.3157935Z #14 [etl internal] load build definition from Dockerfile
2025-08-20T17:46:07.3158450Z #14 transferring dockerfile: 1.15kB done
2025-08-20T17:46:07.3158799Z #14 DONE 0.0s
2025-08-20T17:46:07.3158974Z 
2025-08-20T17:46:07.3159237Z #15 [celery_worker internal] load build definition from Dockerfile
2025-08-20T17:46:07.3226138Z #15 transferring dockerfile: 1.15kB done
2025-08-20T17:46:07.3226492Z #15 DONE 0.0s
2025-08-20T17:46:07.3226605Z 
2025-08-20T17:46:07.3226795Z #16 [auth] library/python:pull token for registry-1.docker.io
2025-08-20T17:46:07.3227276Z #16 DONE 0.0s
2025-08-20T17:46:07.3227438Z 
2025-08-20T17:46:07.3228108Z #13 [postgres 1/6] FROM docker.io/library/postgres:16@sha256:66a5efb5677ffac1037774a0e141fd3a4c035c9c0c0e624c9cc980dfa10f45e5
2025-08-20T17:46:07.3229545Z #13 sha256:396b1da7636e2dcd10565cb4f2f952cbb4a8a38b58d3b86a2cacb172fb70117c 14.68MB / 29.77MB 0.5s
2025-08-20T17:46:07.3230362Z #13 sha256:320fa150e60fca9bb108771a06f08d5464ad8b7474b7bf3f4b44d723b686ee72 1.31MB / 1.31MB 0.4s done
2025-08-20T17:46:07.3231264Z #13 sha256:2b6532633f5d125e9a709f56f26af5a07390c859a5c77142b74da1d4e3c79fee 8.20MB / 8.20MB 0.5s done
2025-08-20T17:46:07.3231898Z #13 sha256:19947f6cc5d3035f6c922fa1d6047c79e044256ad948080adb59cec60717b9f8 116B / 116B 0.4s done
2025-08-20T17:46:07.3232495Z #13 sha256:a1e4ad56dcecf442fba1cec05cd565ededfdc663e5172df9ef9394d96d4c96f8 0B / 113.19MB 0.5s
2025-08-20T17:46:07.3233096Z #13 sha256:e787bdd7824bfcb30d11087160de825f724620c952958f4f725c13421499b724 3.14kB / 3.14kB 0.5s done
2025-08-20T17:46:07.3233680Z #13 sha256:987c1b4919ea2d87df20824aaef43a9de0575ac7df684579ad267c7e48c8eeea 0B / 10.01kB 0.5s
2025-08-20T17:46:07.4158970Z #13 sha256:396b1da7636e2dcd10565cb4f2f952cbb4a8a38b58d3b86a2cacb172fb70117c 17.83MB / 29.77MB 0.6s
2025-08-20T17:46:07.5162408Z #13 sha256:987c1b4919ea2d87df20824aaef43a9de0575ac7df684579ad267c7e48c8eeea 10.01kB / 10.01kB 0.5s done
2025-08-20T17:46:07.5163583Z #13 sha256:f1b3502db45ad485f0affe43e32fc81d699ddac01c023f198271a0a7e1cecd4c 0B / 169B 0.6s
2025-08-20T17:46:07.5164878Z #13 sha256:a858bd6d34e86a481a2e028e3ba489e662b3ac7713eba9a5d3bb97002c7d797e 128B / 128B 0.6s done
2025-08-20T17:46:07.5166004Z #13 sha256:396b1da7636e2dcd10565cb4f2f952cbb4a8a38b58d3b86a2cacb172fb70117c 25.17MB / 29.77MB 0.7s
2025-08-20T17:46:07.5166746Z #13 sha256:a1e4ad56dcecf442fba1cec05cd565ededfdc663e5172df9ef9394d96d4c96f8 8.39MB / 113.19MB 0.7s
2025-08-20T17:46:07.5167442Z #13 sha256:f1b3502db45ad485f0affe43e32fc81d699ddac01c023f198271a0a7e1cecd4c 169B / 169B 0.6s done
2025-08-20T17:46:07.5168104Z #13 sha256:240810240d04caaaccb11d51ba7c3a7f7d6f470ec2a80ee420a3d33899d9a303 0B / 184B 0.7s
2025-08-20T17:46:07.5168772Z #13 sha256:25ef78fb127c1934630de29a3d38f46e544360b1dcf5cfc09b25507fbe88fd75 5.92kB / 5.92kB 0.7s done
2025-08-20T17:46:07.7156845Z #13 ...
2025-08-20T17:46:07.7157265Z 
2025-08-20T17:46:07.7157613Z #17 [etl internal] load metadata for docker.io/library/python:3.12-slim
2025-08-20T17:46:07.7158291Z #17 DONE 0.3s
2025-08-20T17:46:07.7158467Z 
2025-08-20T17:46:07.7158630Z #18 [fees_h10 internal] load .dockerignore
2025-08-20T17:46:07.7159223Z #18 transferring context: 2B done
2025-08-20T17:46:07.7159720Z #18 DONE 0.0s
2025-08-20T17:46:07.7159950Z 
2025-08-20T17:46:07.7160150Z #19 [api internal] load .dockerignore
2025-08-20T17:46:07.7160661Z #19 transferring context: 265B done
2025-08-20T17:46:07.7161198Z #19 DONE 0.0s
2025-08-20T17:46:07.7161431Z 
2025-08-20T17:46:07.7163468Z #20 [celery_worker internal] load .dockerignore
2025-08-20T17:46:07.7163965Z #20 transferring context: 265B done
2025-08-20T17:46:07.7164526Z #20 DONE 0.0s
2025-08-20T17:46:07.7164703Z 
2025-08-20T17:46:07.7164893Z #21 [etl internal] load .dockerignore
2025-08-20T17:46:07.7165300Z #21 transferring context: 265B done
2025-08-20T17:46:07.7165671Z #21 DONE 0.0s
2025-08-20T17:46:07.7165836Z 
2025-08-20T17:46:07.7166450Z #13 [postgres 1/6] FROM docker.io/library/postgres:16@sha256:66a5efb5677ffac1037774a0e141fd3a4c035c9c0c0e624c9cc980dfa10f45e5
2025-08-20T17:46:07.7167658Z #13 sha256:396b1da7636e2dcd10565cb4f2f952cbb4a8a38b58d3b86a2cacb172fb70117c 29.77MB / 29.77MB 0.8s
2025-08-20T17:46:07.7168774Z #13 sha256:a1e4ad56dcecf442fba1cec05cd565ededfdc663e5172df9ef9394d96d4c96f8 19.92MB / 113.19MB 0.9s
2025-08-20T17:46:07.7169879Z #13 sha256:240810240d04caaaccb11d51ba7c3a7f7d6f470ec2a80ee420a3d33899d9a303 184B / 184B 0.7s done
2025-08-20T17:46:07.8158794Z #13 sha256:a1e4ad56dcecf442fba1cec05cd565ededfdc663e5172df9ef9394d96d4c96f8 31.46MB / 113.19MB 1.0s
2025-08-20T17:46:08.0159690Z #13 sha256:a1e4ad56dcecf442fba1cec05cd565ededfdc663e5172df9ef9394d96d4c96f8 42.99MB / 113.19MB 1.2s
2025-08-20T17:46:08.2083745Z #13 sha256:396b1da7636e2dcd10565cb4f2f952cbb4a8a38b58d3b86a2cacb172fb70117c 29.77MB / 29.77MB 0.9s done
2025-08-20T17:46:08.2085080Z #13 extracting sha256:396b1da7636e2dcd10565cb4f2f952cbb4a8a38b58d3b86a2cacb172fb70117c 0.1s
2025-08-20T17:46:08.3151479Z #13 sha256:a1e4ad56dcecf442fba1cec05cd565ededfdc663e5172df9ef9394d96d4c96f8 62.91MB / 113.19MB 1.5s
2025-08-20T17:46:08.5200655Z #13 sha256:a1e4ad56dcecf442fba1cec05cd565ededfdc663e5172df9ef9394d96d4c96f8 75.50MB / 113.19MB 1.7s
2025-08-20T17:46:08.7157151Z #13 sha256:a1e4ad56dcecf442fba1cec05cd565ededfdc663e5172df9ef9394d96d4c96f8 93.32MB / 113.19MB 1.9s
2025-08-20T17:46:09.1929147Z #13 sha256:a1e4ad56dcecf442fba1cec05cd565ededfdc663e5172df9ef9394d96d4c96f8 109.05MB / 113.19MB 2.3s
2025-08-20T17:46:09.4167813Z #13 sha256:a1e4ad56dcecf442fba1cec05cd565ededfdc663e5172df9ef9394d96d4c96f8 113.19MB / 113.19MB 2.5s done
2025-08-20T17:46:09.5437844Z #13 ...
2025-08-20T17:46:09.5438086Z 
2025-08-20T17:46:09.5438258Z #22 [fees_h10 internal] load build context
2025-08-20T17:46:09.5438744Z #22 transferring context: 8.32kB done
2025-08-20T17:46:09.5439162Z #22 DONE 0.0s
2025-08-20T17:46:09.5439356Z 
2025-08-20T17:46:09.5439514Z #23 [etl internal] load build context
2025-08-20T17:46:09.5439974Z #23 transferring context: 25.47kB 0.0s done
2025-08-20T17:46:09.5440416Z #23 DONE 0.0s
2025-08-20T17:46:09.5440944Z 
2025-08-20T17:46:09.5441134Z #24 [api internal] load build context
2025-08-20T17:46:09.5441613Z #24 transferring context: 157.37kB 0.0s done
2025-08-20T17:46:09.5442038Z #24 DONE 0.0s
2025-08-20T17:46:09.5442207Z 
2025-08-20T17:46:09.5442407Z #25 [celery_worker internal] load build context
2025-08-20T17:46:09.5442883Z #25 transferring context: 25.47kB done
2025-08-20T17:46:09.5445666Z #25 DONE 0.0s
2025-08-20T17:46:09.5445879Z 
2025-08-20T17:46:09.5446518Z #13 [postgres 1/6] FROM docker.io/library/postgres:16@sha256:66a5efb5677ffac1037774a0e141fd3a4c035c9c0c0e624c9cc980dfa10f45e5
2025-08-20T17:46:09.5447802Z #13 extracting sha256:396b1da7636e2dcd10565cb4f2f952cbb4a8a38b58d3b86a2cacb172fb70117c 1.4s done
2025-08-20T17:46:09.5448861Z #13 extracting sha256:fb850b0e3049060bf4eb46c8806d7ceea916d67e5cc56d6b295511e27463e56b done
2025-08-20T17:46:09.5449911Z #13 extracting sha256:7f09385d08f9e8f578f9dad57582fff30d6ca3ef0f4d66ab5e1bf92c88862341
2025-08-20T17:46:09.7516475Z #13 extracting sha256:7f09385d08f9e8f578f9dad57582fff30d6ca3ef0f4d66ab5e1bf92c88862341 0.1s done
2025-08-20T17:46:09.7520051Z #13 extracting sha256:534f45d26d937460abe84bd086361a04c27e624a23f9384ff13f11c24c64c7bb
2025-08-20T17:46:09.9016454Z #13 extracting sha256:534f45d26d937460abe84bd086361a04c27e624a23f9384ff13f11c24c64c7bb 0.0s done
2025-08-20T17:46:09.9018971Z #13 extracting sha256:2b6532633f5d125e9a709f56f26af5a07390c859a5c77142b74da1d4e3c79fee 0.1s
2025-08-20T17:46:10.1664913Z #13 extracting sha256:2b6532633f5d125e9a709f56f26af5a07390c859a5c77142b74da1d4e3c79fee 0.3s done
2025-08-20T17:46:10.2756480Z #13 extracting sha256:320fa150e60fca9bb108771a06f08d5464ad8b7474b7bf3f4b44d723b686ee72 0.1s done
2025-08-20T17:46:10.2757605Z #13 extracting sha256:19947f6cc5d3035f6c922fa1d6047c79e044256ad948080adb59cec60717b9f8 done
2025-08-20T17:46:10.3826716Z #13 extracting sha256:e787bdd7824bfcb30d11087160de825f724620c952958f4f725c13421499b724 done
2025-08-20T17:46:10.3827802Z #13 extracting sha256:a1e4ad56dcecf442fba1cec05cd565ededfdc663e5172df9ef9394d96d4c96f8
2025-08-20T17:46:10.4859856Z #13 ...
2025-08-20T17:46:10.4860471Z 
2025-08-20T17:46:10.4861590Z #26 [api stage-1 1/5] FROM docker.io/library/python:3.12-slim@sha256:d67a7b66b989ad6b6d6b10d428dcc5e0bfc3e5f88906e67d490c4d3daac57047
2025-08-20T17:46:10.4863515Z #26 resolve docker.io/library/python:3.12-slim@sha256:d67a7b66b989ad6b6d6b10d428dcc5e0bfc3e5f88906e67d490c4d3daac57047 done
2025-08-20T17:46:10.4881059Z #26 extracting sha256:396b1da7636e2dcd10565cb4f2f952cbb4a8a38b58d3b86a2cacb172fb70117c 0.1s done
2025-08-20T17:46:10.4882340Z #26 sha256:bad5eac7befe06d25bef9d4d894d7467355bac08745c745a88977774933fa032 5.58kB / 5.58kB done
2025-08-20T17:46:10.4887873Z #26 sha256:396b1da7636e2dcd10565cb4f2f952cbb4a8a38b58d3b86a2cacb172fb70117c 29.77MB / 29.77MB done
2025-08-20T17:46:10.4890287Z #26 sha256:5d587318e932a89b94608393c99dd30ee5092a6991c1656f717bd4f4e13d60df 1.29MB / 1.29MB 0.1s done
2025-08-20T17:46:10.4891453Z #26 sha256:e5c05dcf47fbdb2f18dc242ad1b7f48fbd3813c0027ffcfb8e81e4aa7e0965f4 12.11MB / 12.11MB 0.3s done
2025-08-20T17:46:10.4892597Z #26 sha256:d76206d463c08ba2a3f7bbab2de2a933ad73f33ab4ab813eafe50c9dff9edc12 251B / 251B 0.1s done
2025-08-20T17:46:10.4894001Z #26 sha256:d67a7b66b989ad6b6d6b10d428dcc5e0bfc3e5f88906e67d490c4d3daac57047 10.37kB / 10.37kB done
2025-08-20T17:46:10.4895233Z #26 sha256:8f3d1de1b41cd7340a89b024d6f7a10043f7b0d07d97eb36ba76f22fcfa9a235 1.75kB / 1.75kB done
2025-08-20T17:46:10.4896269Z #26 extracting sha256:5d587318e932a89b94608393c99dd30ee5092a6991c1656f717bd4f4e13d60df 0.1s done
2025-08-20T17:46:10.4897326Z #26 extracting sha256:e5c05dcf47fbdb2f18dc242ad1b7f48fbd3813c0027ffcfb8e81e4aa7e0965f4 0.7s done
2025-08-20T17:46:10.4898566Z #26 extracting sha256:d76206d463c08ba2a3f7bbab2de2a933ad73f33ab4ab813eafe50c9dff9edc12 done
2025-08-20T17:46:10.4899297Z #26 DONE 1.1s
2025-08-20T17:46:10.4899473Z 
2025-08-20T17:46:10.4899623Z #27 [api stage-1 2/5] WORKDIR /app
2025-08-20T17:46:10.4900002Z #27 DONE 0.0s
2025-08-20T17:46:10.4900170Z 
2025-08-20T17:46:10.4900897Z #28 [fees_h10 base 3/6] COPY requirements*.txt constraints.txt ./fees_h10/
2025-08-20T17:46:10.4901429Z #28 DONE 0.0s
2025-08-20T17:46:10.4901605Z 
2025-08-20T17:46:10.4903706Z #13 [postgres 1/6] FROM docker.io/library/postgres:16@sha256:66a5efb5677ffac1037774a0e141fd3a4c035c9c0c0e624c9cc980dfa10f45e5
2025-08-20T17:46:10.7160872Z #13 ...
2025-08-20T17:46:10.7161097Z 
2025-08-20T17:46:10.7165044Z #29 [api base  3/13] COPY services/api/requirements.txt ./requirements.txt
2025-08-20T17:46:10.7165691Z #29 DONE 0.0s
2025-08-20T17:46:10.7165907Z 
2025-08-20T17:46:10.7166374Z #30 [celery_worker base 3/5] COPY services/etl/requirements*.txt services/etl/constraints.txt ./
2025-08-20T17:46:10.7167028Z #30 DONE 0.0s
2025-08-20T17:46:10.7167204Z 
2025-08-20T17:46:10.7167787Z #13 [postgres 1/6] FROM docker.io/library/postgres:16@sha256:66a5efb5677ffac1037774a0e141fd3a4c035c9c0c0e624c9cc980dfa10f45e5
2025-08-20T17:46:15.6201070Z #13 extracting sha256:a1e4ad56dcecf442fba1cec05cd565ededfdc663e5172df9ef9394d96d4c96f8 5.1s
2025-08-20T17:46:16.7087267Z #13 extracting sha256:a1e4ad56dcecf442fba1cec05cd565ededfdc663e5172df9ef9394d96d4c96f8 6.3s done
2025-08-20T17:46:16.8412109Z #13 extracting sha256:987c1b4919ea2d87df20824aaef43a9de0575ac7df684579ad267c7e48c8eeea done
2025-08-20T17:46:16.8413025Z #13 ...
2025-08-20T17:46:16.8413216Z 
2025-08-20T17:46:16.8414325Z #31 [fees_h10 base 4/6] RUN if [ -n "" ] && [ -f "fees_h10/" ]; then         pip install -r fees_h10/requirements.txt -c fees_h10/;     else         pip install -r fees_h10/requirements.txt;     fi
2025-08-20T17:46:16.8415220Z #31 3.051 Collecting celery==5.4.* (from celery[redis]==5.4.*->-r fees_h10/requirements.txt (line 1))
2025-08-20T17:46:16.8415778Z #31 3.126   Downloading celery-5.4.0-py3-none-any.whl.metadata (21 kB)
2025-08-20T17:46:16.8416257Z #31 3.275 Collecting asyncpg (from -r fees_h10/requirements.txt (line 2))
2025-08-20T17:46:16.8416865Z #31 3.287   Downloading asyncpg-0.30.0-cp312-cp312-manylinux_2_17_x86_64.manylinux2014_x86_64.whl.metadata (5.0 kB)
2025-08-20T17:46:16.8417481Z #31 3.344 Collecting httpx (from -r fees_h10/requirements.txt (line 3))
2025-08-20T17:46:16.8417937Z #31 3.355   Downloading httpx-0.28.1-py3-none-any.whl.metadata (7.1 kB)
2025-08-20T17:46:16.8418405Z #31 3.814 Collecting sqlalchemy (from -r fees_h10/requirements.txt (line 4))
2025-08-20T17:46:16.8419020Z #31 3.825   Downloading sqlalchemy-2.0.43-cp312-cp312-manylinux_2_17_x86_64.manylinux2014_x86_64.whl.metadata (9.6 kB)
2025-08-20T17:46:16.8419877Z #31 3.878 Collecting billiard<5.0,>=4.2.0 (from celery==5.4.*->celery[redis]==5.4.*->-r fees_h10/requirements.txt (line 1))
2025-08-20T17:46:16.8420480Z #31 3.891   Downloading billiard-4.2.1-py3-none-any.whl.metadata (4.4 kB)
2025-08-20T17:46:16.8421048Z #31 3.961 Collecting kombu<6.0,>=5.3.4 (from celery==5.4.*->celery[redis]==5.4.*->-r fees_h10/requirements.txt (line 1))
2025-08-20T17:46:16.8421611Z #31 3.970   Downloading kombu-5.5.4-py3-none-any.whl.metadata (3.5 kB)
2025-08-20T17:46:16.8422161Z #31 4.012 Collecting vine<6.0,>=5.1.0 (from celery==5.4.*->celery[redis]==5.4.*->-r fees_h10/requirements.txt (line 1))
2025-08-20T17:46:16.8422706Z #31 4.025   Downloading vine-5.1.0-py3-none-any.whl.metadata (2.7 kB)
2025-08-20T17:46:16.8636386Z #31 4.072 Collecting click<9.0,>=8.1.2 (from celery==5.4.*->celery[redis]==5.4.*->-r fees_h10/requirements.txt (line 1))
2025-08-20T17:46:16.8637292Z #31 4.084   Downloading click-8.2.1-py3-none-any.whl.metadata (2.5 kB)
2025-08-20T17:46:16.8638266Z #31 4.119 Collecting click-didyoumean>=0.3.0 (from celery==5.4.*->celery[redis]==5.4.*->-r fees_h10/requirements.txt (line 1))
2025-08-20T17:46:16.8639262Z #31 4.127   Downloading click_didyoumean-0.3.1-py3-none-any.whl.metadata (3.9 kB)
2025-08-20T17:46:16.8640243Z #31 4.157 Collecting click-repl>=0.2.0 (from celery==5.4.*->celery[redis]==5.4.*->-r fees_h10/requirements.txt (line 1))
2025-08-20T17:46:16.8641230Z #31 4.169   Downloading click_repl-0.3.0-py3-none-any.whl.metadata (3.6 kB)
2025-08-20T17:46:16.8642393Z #31 4.196 Collecting click-plugins>=1.1.1 (from celery==5.4.*->celery[redis]==5.4.*->-r fees_h10/requirements.txt (line 1))
2025-08-20T17:46:16.8643401Z #31 4.202   Downloading click_plugins-1.1.1.2-py2.py3-none-any.whl.metadata (6.5 kB)
2025-08-20T17:46:16.8644577Z #31 4.240 Collecting tzdata>=2022.7 (from celery==5.4.*->celery[redis]==5.4.*->-r fees_h10/requirements.txt (line 1))
2025-08-20T17:46:16.8645510Z #31 4.251   Downloading tzdata-2025.2-py2.py3-none-any.whl.metadata (1.4 kB)
2025-08-20T17:46:16.8646479Z #31 4.290 Collecting python-dateutil>=2.8.2 (from celery==5.4.*->celery[redis]==5.4.*->-r fees_h10/requirements.txt (line 1))
2025-08-20T17:46:16.8647527Z #31 4.298   Downloading python_dateutil-2.9.0.post0-py2.py3-none-any.whl.metadata (8.4 kB)
2025-08-20T17:46:16.8648641Z #31 4.396 Collecting redis!=4.5.5,<6.0.0,>=4.5.2 (from celery[redis]==5.4.*->-r fees_h10/requirements.txt (line 1))
2025-08-20T17:46:16.8649492Z #31 4.408   Downloading redis-5.3.1-py3-none-any.whl.metadata (9.2 kB)
2025-08-20T17:46:16.8650242Z #31 4.451 Collecting anyio (from httpx->-r fees_h10/requirements.txt (line 3))
2025-08-20T17:46:16.8650992Z #31 4.461   Downloading anyio-4.10.0-py3-none-any.whl.metadata (4.0 kB)
2025-08-20T17:46:16.8651717Z #31 4.497 Collecting certifi (from httpx->-r fees_h10/requirements.txt (line 3))
2025-08-20T17:46:16.8652483Z #31 4.505   Downloading certifi-2025.8.3-py3-none-any.whl.metadata (2.4 kB)
2025-08-20T17:46:16.8653208Z #31 4.559 Collecting httpcore==1.* (from httpx->-r fees_h10/requirements.txt (line 3))
2025-08-20T17:46:16.8653977Z #31 4.568   Downloading httpcore-1.0.9-py3-none-any.whl.metadata (21 kB)
2025-08-20T17:46:16.8654908Z #31 4.601 Collecting idna (from httpx->-r fees_h10/requirements.txt (line 3))
2025-08-20T17:46:16.8655594Z #31 4.609   Downloading idna-3.10-py3-none-any.whl.metadata (10 kB)
2025-08-20T17:46:16.8656322Z #31 4.642 Collecting h11>=0.16 (from httpcore==1.*->httpx->-r fees_h10/requirements.txt (line 3))
2025-08-20T17:46:16.8733556Z #31 4.651   Downloading h11-0.16.0-py3-none-any.whl.metadata (8.3 kB)
2025-08-20T17:46:16.8734793Z #31 4.833 Collecting greenlet>=1 (from sqlalchemy->-r fees_h10/requirements.txt (line 4))
2025-08-20T17:46:16.8736036Z #31 4.842   Downloading greenlet-3.2.4-cp312-cp312-manylinux_2_24_x86_64.manylinux_2_28_x86_64.whl.metadata (4.1 kB)
2025-08-20T17:46:16.8737129Z #31 4.876 Collecting typing-extensions>=4.6.0 (from sqlalchemy->-r fees_h10/requirements.txt (line 4))
2025-08-20T17:46:16.8738085Z #31 4.886   Downloading typing_extensions-4.14.1-py3-none-any.whl.metadata (3.0 kB)
2025-08-20T17:46:16.8739175Z #31 4.999 Collecting prompt-toolkit>=3.0.36 (from click-repl>=0.2.0->celery==5.4.*->celery[redis]==5.4.*->-r fees_h10/requirements.txt (line 1))
2025-08-20T17:46:16.8740305Z #31 5.007   Downloading prompt_toolkit-3.0.51-py3-none-any.whl.metadata (6.4 kB)
2025-08-20T17:46:16.8741350Z #31 5.053 Collecting amqp<6.0.0,>=5.1.1 (from kombu<6.0,>=5.3.4->celery==5.4.*->celery[redis]==5.4.*->-r fees_h10/requirements.txt (line 1))
2025-08-20T17:46:16.8742322Z #31 5.060   Downloading amqp-5.3.1-py3-none-any.whl.metadata (8.9 kB)
2025-08-20T17:46:16.8743305Z #31 5.132 Collecting packaging (from kombu<6.0,>=5.3.4->celery==5.4.*->celery[redis]==5.4.*->-r fees_h10/requirements.txt (line 1))
2025-08-20T17:46:16.9633412Z #31 5.144   Downloading packaging-25.0-py3-none-any.whl.metadata (3.3 kB)
2025-08-20T17:46:16.9634473Z #31 5.192 Collecting six>=1.5 (from python-dateutil>=2.8.2->celery==5.4.*->celery[redis]==5.4.*->-r fees_h10/requirements.txt (line 1))
2025-08-20T17:46:16.9635880Z #31 5.207   Downloading six-1.17.0-py2.py3-none-any.whl.metadata (1.7 kB)
2025-08-20T17:46:16.9636851Z #31 5.250 Collecting PyJWT>=2.9.0 (from redis!=4.5.5,<6.0.0,>=4.5.2->celery[redis]==5.4.*->-r fees_h10/requirements.txt (line 1))
2025-08-20T17:46:16.9637706Z #31 5.257   Downloading PyJWT-2.10.1-py3-none-any.whl.metadata (4.0 kB)
2025-08-20T17:46:16.9638458Z #31 5.298 Collecting sniffio>=1.1 (from anyio->httpx->-r fees_h10/requirements.txt (line 3))
2025-08-20T17:46:16.9639446Z #31 5.309   Downloading sniffio-1.3.1-py3-none-any.whl.metadata (3.9 kB)
2025-08-20T17:46:16.9640485Z #31 5.403 Collecting wcwidth (from prompt-toolkit>=3.0.36->click-repl>=0.2.0->celery==5.4.*->celery[redis]==5.4.*->-r fees_h10/requirements.txt (line 1))
2025-08-20T17:46:16.9641533Z #31 5.411   Downloading wcwidth-0.2.13-py2.py3-none-any.whl.metadata (14 kB)
2025-08-20T17:46:16.9642206Z #31 5.442 Downloading celery-5.4.0-py3-none-any.whl (425 kB)
2025-08-20T17:46:16.9642976Z #31 5.492 Downloading asyncpg-0.30.0-cp312-cp312-manylinux_2_17_x86_64.manylinux2014_x86_64.whl (3.6 MB)
2025-08-20T17:46:16.9644416Z #31 5.547    ━━━━━━━━━━━━━━━━━━━━━━━━━━━━━━━━━━━━━━━━ 3.6/3.6 MB 72.6 MB/s eta 0:00:00
2025-08-20T17:46:16.9645096Z #31 5.561 Downloading httpx-0.28.1-py3-none-any.whl (73 kB)
2025-08-20T17:46:16.9645913Z #31 5.572 Downloading httpcore-1.0.9-py3-none-any.whl (78 kB)
2025-08-20T17:46:16.9647078Z #31 5.588 Downloading sqlalchemy-2.0.43-cp312-cp312-manylinux_2_17_x86_64.manylinux2014_x86_64.whl (3.3 MB)
2025-08-20T17:46:16.9648672Z #31 5.621    ━━━━━━━━━━━━━━━━━━━━━━━━━━━━━━━━━━━━━━━━ 3.3/3.3 MB 120.5 MB/s eta 0:00:00
2025-08-20T17:46:16.9649734Z #31 5.631 Downloading billiard-4.2.1-py3-none-any.whl (86 kB)
2025-08-20T17:46:16.9650320Z #31 5.644 Downloading click-8.2.1-py3-none-any.whl (102 kB)
2025-08-20T17:46:16.9650926Z #31 5.657 Downloading click_didyoumean-0.3.1-py3-none-any.whl (3.6 kB)
2025-08-20T17:46:16.9651611Z #31 5.668 Downloading click_plugins-1.1.1.2-py2.py3-none-any.whl (11 kB)
2025-08-20T17:46:16.9652241Z #31 5.687 Downloading click_repl-0.3.0-py3-none-any.whl (10 kB)
2025-08-20T17:46:16.9653469Z #31 5.702 Downloading greenlet-3.2.4-cp312-cp312-manylinux_2_24_x86_64.manylinux_2_28_x86_64.whl (607 kB)
2025-08-20T17:46:16.9654583Z #31 5.717    ━━━━━━━━━━━━━━━━━━━━━━━━━━━━━━━━━━━━━━━━ 607.6/607.6 kB 38.6 MB/s eta 0:00:00
2025-08-20T17:46:16.9655540Z #31 5.727 Downloading kombu-5.5.4-py3-none-any.whl (210 kB)
2025-08-20T17:46:16.9656102Z #31 5.745 Downloading vine-5.1.0-py3-none-any.whl (9.6 kB)
2025-08-20T17:46:16.9657054Z #31 5.756 Downloading python_dateutil-2.9.0.post0-py2.py3-none-any.whl (229 kB)
2025-08-20T17:46:16.9657740Z #31 5.772 Downloading redis-5.3.1-py3-none-any.whl (272 kB)
2025-08-20T17:46:16.9658357Z #31 5.785 Downloading typing_extensions-4.14.1-py3-none-any.whl (43 kB)
2025-08-20T17:46:16.9659175Z #31 5.798 Downloading tzdata-2025.2-py2.py3-none-any.whl (347 kB)
2025-08-20T17:46:16.9659752Z #31 5.813 Downloading anyio-4.10.0-py3-none-any.whl (107 kB)
2025-08-20T17:46:16.9660301Z #31 5.827 Downloading idna-3.10-py3-none-any.whl (70 kB)
2025-08-20T17:46:16.9660859Z #31 5.843 Downloading certifi-2025.8.3-py3-none-any.whl (161 kB)
2025-08-20T17:46:16.9661412Z #31 5.856 Downloading amqp-5.3.1-py3-none-any.whl (50 kB)
2025-08-20T17:46:16.9661921Z #31 5.876 Downloading h11-0.16.0-py3-none-any.whl (37 kB)
2025-08-20T17:46:16.9662846Z #31 5.894 Downloading prompt_toolkit-3.0.51-py3-none-any.whl (387 kB)
2025-08-20T17:46:16.9663447Z #31 5.914 Downloading PyJWT-2.10.1-py3-none-any.whl (22 kB)
2025-08-20T17:46:16.9663998Z #31 5.929 Downloading six-1.17.0-py2.py3-none-any.whl (11 kB)
2025-08-20T17:46:16.9665255Z #31 5.945 Downloading sniffio-1.3.1-py3-none-any.whl (10 kB)
2025-08-20T17:46:16.9812316Z #31 5.961 Downloading packaging-25.0-py3-none-any.whl (66 kB)
2025-08-20T17:46:16.9813154Z #31 5.972 Downloading wcwidth-0.2.13-py2.py3-none-any.whl (34 kB)
2025-08-20T17:46:16.9815610Z #31 6.110 Installing collected packages: wcwidth, vine, tzdata, typing-extensions, sniffio, six, PyJWT, prompt-toolkit, packaging, idna, h11, greenlet, click, certifi, billiard, asyncpg, sqlalchemy, redis, python-dateutil, httpcore, click-repl, click-plugins, click-didyoumean, anyio, amqp, kombu, httpx, celery
2025-08-20T17:46:17.6294560Z #31 ...
2025-08-20T17:46:17.6294794Z 
2025-08-20T17:46:17.6295442Z #13 [postgres 1/6] FROM docker.io/library/postgres:16@sha256:66a5efb5677ffac1037774a0e141fd3a4c035c9c0c0e624c9cc980dfa10f45e5
2025-08-20T17:46:17.6296586Z #13 extracting sha256:a858bd6d34e86a481a2e028e3ba489e662b3ac7713eba9a5d3bb97002c7d797e done
2025-08-20T17:46:17.6297849Z #13 extracting sha256:f1b3502db45ad485f0affe43e32fc81d699ddac01c023f198271a0a7e1cecd4c done
2025-08-20T17:46:17.6298857Z #13 extracting sha256:25ef78fb127c1934630de29a3d38f46e544360b1dcf5cfc09b25507fbe88fd75 done
2025-08-20T17:46:17.6299821Z #13 extracting sha256:240810240d04caaaccb11d51ba7c3a7f7d6f470ec2a80ee420a3d33899d9a303 done
2025-08-20T17:46:17.6300513Z #13 DONE 10.8s
2025-08-20T17:46:17.6300675Z 
2025-08-20T17:46:17.6301981Z #32 [api stage-1 3/6] RUN set -eux;     if [ -f /etc/apt/sources.list ]; then         sed -i 's|http://deb.debian.org|https://deb.debian.org|g' /etc/apt/sources.list;     fi;     apt-get update;     apt-get install -y --no-install-recommends tzdata postgresql-client curl;     rm -rf /var/lib/apt/lists/*
2025-08-20T17:46:17.6303641Z #32 0.259 + [ -f /etc/apt/sources.list ]
2025-08-20T17:46:17.6304205Z #32 0.259 + apt-get update
2025-08-20T17:46:17.6304649Z #32 0.346 Hit:1 http://deb.debian.org/debian trixie InRelease
2025-08-20T17:46:17.6305343Z #32 0.346 Get:2 http://deb.debian.org/debian trixie-updates InRelease [47.1 kB]
2025-08-20T17:46:17.6306153Z #32 0.346 Get:3 http://deb.debian.org/debian-security trixie-security InRelease [43.4 kB]
2025-08-20T17:46:17.6306958Z #32 0.374 Get:4 http://deb.debian.org/debian trixie/main amd64 Packages [9668 kB]
2025-08-20T17:46:17.6307750Z #32 0.463 Get:5 http://deb.debian.org/debian trixie-updates/main amd64 Packages [2432 B]
2025-08-20T17:46:17.6308640Z #32 0.464 Get:6 http://deb.debian.org/debian-security trixie-security/main amd64 Packages [11.6 kB]
2025-08-20T17:46:17.6309341Z #32 1.330 Fetched 9772 kB in 1s (9489 kB/s)
2025-08-20T17:46:17.6309750Z #32 1.330 Reading package lists...
2025-08-20T17:46:17.6310324Z #32 2.191 + apt-get install -y --no-install-recommends tzdata postgresql-client curl
2025-08-20T17:46:17.6310951Z #32 2.205 Reading package lists...
2025-08-20T17:46:17.6311328Z #32 3.032 Building dependency tree...
2025-08-20T17:46:17.6311734Z #32 3.208 Reading state information...
2025-08-20T17:46:17.6312196Z #32 3.386 tzdata is already the newest version (2025b-4).
2025-08-20T17:46:17.6312750Z #32 3.386 The following additional packages will be installed:
2025-08-20T17:46:17.6313428Z #32 3.387   libbrotli1 libcom-err2 libcurl4t64 libgdbm-compat4t64 libgnutls30t64
2025-08-20T17:46:17.6314338Z #32 3.387   libgssapi-krb5-2 libidn2-0 libk5crypto3 libkeyutils1 libkrb5-3
2025-08-20T17:46:17.6315143Z #32 3.387   libkrb5support0 libldap2 libnghttp2-14 libnghttp3-9 libp11-kit0 libperl5.40
2025-08-20T17:46:17.6315986Z #32 3.387   libpq5 libpsl5t64 librtmp1 libsasl2-2 libsasl2-modules-db libssh2-1t64
2025-08-20T17:46:17.6316787Z #32 3.387   libtasn1-6 libunistring5 perl perl-modules-5.40 postgresql-client-17
2025-08-20T17:46:17.6317436Z #32 3.388   postgresql-client-common sensible-utils
2025-08-20T17:46:17.6317896Z #32 3.389 Suggested packages:
2025-08-20T17:46:17.6318417Z #32 3.389   gnutls-bin krb5-doc krb5-user perl-doc libterm-readline-gnu-perl
2025-08-20T17:46:17.6319244Z #32 3.389   | libterm-readline-perl-perl make libtap-harness-archive-perl postgresql-17
2025-08-20T17:46:17.6319905Z #32 3.389   postgresql-doc-17
2025-08-20T17:46:17.6320261Z #32 3.389 Recommended packages:
2025-08-20T17:46:17.6321098Z #32 3.389   bash-completion krb5-locales libldap-common publicsuffix libsasl2-modules
2025-08-20T17:46:17.6321787Z #32 3.670 The following NEW packages will be installed:
2025-08-20T17:46:17.6322449Z #32 3.672   curl libbrotli1 libcom-err2 libcurl4t64 libgdbm-compat4t64 libgnutls30t64
2025-08-20T17:46:17.6323229Z #32 3.673   libgssapi-krb5-2 libidn2-0 libk5crypto3 libkeyutils1 libkrb5-3
2025-08-20T17:46:17.6324026Z #32 3.673   libkrb5support0 libldap2 libnghttp2-14 libnghttp3-9 libp11-kit0 libperl5.40
2025-08-20T17:46:17.6359280Z #32 3.673   libpq5 libpsl5t64 librtmp1 libsasl2-2 libsasl2-modules-db libssh2-1t64
2025-08-20T17:46:17.6361647Z #32 3.674   libtasn1-6 libunistring5 perl perl-modules-5.40 postgresql-client
2025-08-20T17:46:17.6362949Z #32 3.675   postgresql-client-17 postgresql-client-common sensible-utils
2025-08-20T17:46:17.6365747Z #32 3.735 0 upgraded, 31 newly installed, 0 to remove and 0 not upgraded.
2025-08-20T17:46:17.6367241Z #32 3.735 Need to get 14.9 MB of archives.
2025-08-20T17:46:17.6368833Z #32 3.735 After this operation, 78.1 MB of additional disk space will be used.
2025-08-20T17:46:17.6372426Z #32 3.735 Get:1 http://deb.debian.org/debian trixie/main amd64 sensible-utils all 0.0.25 [25.0 kB]
2025-08-20T17:46:17.6376184Z #32 3.746 Get:2 http://deb.debian.org/debian trixie/main amd64 perl-modules-5.40 all 5.40.1-6 [3019 kB]
2025-08-20T17:46:17.6383011Z #32 3.796 Get:3 http://deb.debian.org/debian trixie/main amd64 libgdbm-compat4t64 amd64 1.24-2 [50.3 kB]
2025-08-20T17:46:17.6390651Z #32 3.797 Get:4 http://deb.debian.org/debian trixie/main amd64 libperl5.40 amd64 5.40.1-6 [4341 kB]
2025-08-20T17:46:17.6394420Z #32 3.831 Get:5 http://deb.debian.org/debian trixie/main amd64 perl amd64 5.40.1-6 [267 kB]
2025-08-20T17:46:17.6395419Z #32 3.836 Get:6 http://deb.debian.org/debian trixie/main amd64 libbrotli1 amd64 1.1.0-2+b7 [307 kB]
2025-08-20T17:46:17.6396436Z #32 3.837 Get:7 http://deb.debian.org/debian trixie/main amd64 libkrb5support0 amd64 1.21.3-5 [33.0 kB]
2025-08-20T17:46:17.6397393Z #32 3.837 Get:8 http://deb.debian.org/debian trixie/main amd64 libcom-err2 amd64 1.47.2-3+b3 [25.0 kB]
2025-08-20T17:46:17.6398293Z #32 3.837 Get:9 http://deb.debian.org/debian trixie/main amd64 libk5crypto3 amd64 1.21.3-5 [81.5 kB]
2025-08-20T17:46:17.6399220Z #32 3.838 Get:10 http://deb.debian.org/debian trixie/main amd64 libkeyutils1 amd64 1.6.3-6 [9456 B]
2025-08-20T17:46:17.6400109Z #32 3.839 Get:11 http://deb.debian.org/debian trixie/main amd64 libkrb5-3 amd64 1.21.3-5 [326 kB]
2025-08-20T17:46:17.6400955Z #32 3.841 Get:12 http://deb.debian.org/debian trixie/main amd64 libgssapi-krb5-2 amd64 1.21.3-5 [138 kB]
2025-08-20T17:46:17.6401844Z #32 3.841 Get:13 http://deb.debian.org/debian trixie/main amd64 libunistring5 amd64 1.3-2 [477 kB]
2025-08-20T17:46:17.6402735Z #32 3.848 Get:14 http://deb.debian.org/debian trixie/main amd64 libidn2-0 amd64 2.3.8-2 [109 kB]
2025-08-20T17:46:17.6403725Z #32 3.848 Get:15 http://deb.debian.org/debian trixie/main amd64 libsasl2-modules-db amd64 2.1.28+dfsg1-9 [19.8 kB]
2025-08-20T17:46:17.6404840Z #32 3.848 Get:16 http://deb.debian.org/debian trixie/main amd64 libsasl2-2 amd64 2.1.28+dfsg1-9 [57.5 kB]
2025-08-20T17:46:17.6405797Z #32 3.849 Get:17 http://deb.debian.org/debian trixie/main amd64 libldap2 amd64 2.6.10+dfsg-1 [194 kB]
2025-08-20T17:46:17.6406713Z #32 3.850 Get:18 http://deb.debian.org/debian trixie/main amd64 libnghttp2-14 amd64 1.64.0-1.1 [76.0 kB]
2025-08-20T17:46:17.6407611Z #32 3.852 Get:19 http://deb.debian.org/debian trixie/main amd64 libnghttp3-9 amd64 1.8.0-1 [67.7 kB]
2025-08-20T17:46:17.6408512Z #32 3.852 Get:20 http://deb.debian.org/debian trixie/main amd64 libpsl5t64 amd64 0.21.2-1.1+b1 [57.2 kB]
2025-08-20T17:46:17.6409443Z #32 3.853 Get:21 http://deb.debian.org/debian trixie/main amd64 libp11-kit0 amd64 0.25.5-3 [425 kB]
2025-08-20T17:46:17.6410307Z #32 3.855 Get:22 http://deb.debian.org/debian trixie/main amd64 libtasn1-6 amd64 4.20.0-2 [49.9 kB]
2025-08-20T17:46:17.6411133Z #32 3.864 Get:23 http://deb.debian.org/debian trixie/main amd64 libgnutls30t64 amd64 3.8.9-3 [1465 kB]
2025-08-20T17:46:17.6412402Z #32 3.870 Get:24 http://deb.debian.org/debian trixie/main amd64 librtmp1 amd64 2.4+20151223.gitfa8646d.1-2+b5 [58.8 kB]
2025-08-20T17:46:17.6413349Z #32 3.870 Get:25 http://deb.debian.org/debian trixie/main amd64 libssh2-1t64 amd64 1.11.1-1 [245 kB]
2025-08-20T17:46:17.6414417Z #32 3.872 Get:26 http://deb.debian.org/debian trixie/main amd64 libcurl4t64 amd64 8.14.1-2 [391 kB]
2025-08-20T17:46:17.6415245Z #32 3.874 Get:27 http://deb.debian.org/debian trixie/main amd64 curl amd64 8.14.1-2 [269 kB]
2025-08-20T17:46:17.6416019Z #32 3.876 Get:28 http://deb.debian.org/debian trixie/main amd64 libpq5 amd64 17.5-1 [226 kB]
2025-08-20T17:46:17.6416931Z #32 3.879 Get:29 http://deb.debian.org/debian trixie/main amd64 postgresql-client-common all 278 [47.1 kB]
2025-08-20T17:46:17.6451170Z #32 3.879 Get:30 http://deb.debian.org/debian trixie/main amd64 postgresql-client-17 amd64 17.5-1 [2025 kB]
2025-08-20T17:46:17.6454776Z #32 3.886 Get:31 http://deb.debian.org/debian trixie/main amd64 postgresql-client all 17+278 [14.0 kB]
2025-08-20T17:46:17.6456546Z #32 5.760 Fetched 14.9 MB in 0s (78.3 MB/s)
2025-08-20T17:46:17.6458136Z #32 5.782 Selecting previously unselected package sensible-utils.
2025-08-20T17:46:17.6461160Z #32 5.782 (Reading database ... 
2025-08-20T17:46:17.6462515Z (Reading database ... 5%
2025-08-20T17:46:17.6462885Z (Reading database ... 10%
2025-08-20T17:46:17.6464345Z (Reading database ... 15%
2025-08-20T17:46:17.6464693Z (Reading database ... 20%
2025-08-20T17:46:17.6484630Z (Reading database ... 25%
2025-08-20T17:46:17.6484990Z (Reading database ... 30%
2025-08-20T17:46:17.6485333Z (Reading database ... 35%
2025-08-20T17:46:17.6485670Z (Reading database ... 40%
2025-08-20T17:46:17.6486006Z (Reading database ... 45%
2025-08-20T17:46:17.6486335Z (Reading database ... 50%
2025-08-20T17:46:17.6486685Z (Reading database ... 55%
2025-08-20T17:46:17.6487013Z (Reading database ... 60%
2025-08-20T17:46:17.6487363Z (Reading database ... 65%
2025-08-20T17:46:17.6487701Z (Reading database ... 70%
2025-08-20T17:46:17.6488035Z (Reading database ... 75%
2025-08-20T17:46:17.6488359Z (Reading database ... 80%
2025-08-20T17:46:17.6488693Z (Reading database ... 85%
2025-08-20T17:46:17.6489026Z (Reading database ... 90%
2025-08-20T17:46:17.6489352Z (Reading database ... 95%
2025-08-20T17:46:17.6489690Z (Reading database ... 100%
2025-08-20T17:46:17.6490197Z (Reading database ... 5643 files and directories currently installed.)
2025-08-20T17:46:17.6490912Z #32 5.790 Preparing to unpack .../00-sensible-utils_0.0.25_all.deb ...
2025-08-20T17:46:17.6491492Z #32 5.793 Unpacking sensible-utils (0.0.25) ...
2025-08-20T17:46:17.6492098Z #32 5.828 Selecting previously unselected package perl-modules-5.40.
2025-08-20T17:46:17.6492807Z #32 5.830 Preparing to unpack .../01-perl-modules-5.40_5.40.1-6_all.deb ...
2025-08-20T17:46:17.6493415Z #32 5.831 Unpacking perl-modules-5.40 (5.40.1-6) ...
2025-08-20T17:46:17.6494199Z #32 6.953 Selecting previously unselected package libgdbm-compat4t64:amd64.
2025-08-20T17:46:17.6494911Z #32 6.953 Preparing to unpack .../02-libgdbm-compat4t64_1.24-2_amd64.deb ...
2025-08-20T17:46:17.6495528Z #32 6.958 Unpacking libgdbm-compat4t64:amd64 (1.24-2) ...
2025-08-20T17:46:17.6496119Z #32 6.995 Selecting previously unselected package libperl5.40:amd64.
2025-08-20T17:46:17.6496782Z #32 6.999 Preparing to unpack .../03-libperl5.40_5.40.1-6_amd64.deb ...
2025-08-20T17:46:17.6497347Z #32 7.001 Unpacking libperl5.40:amd64 (5.40.1-6) ...
2025-08-20T17:46:18.1000182Z #32 7.545 Selecting previously unselected package perl.
2025-08-20T17:46:18.1000857Z #32 7.548 Preparing to unpack .../04-perl_5.40.1-6_amd64.deb ...
2025-08-20T17:46:18.1002168Z #32 7.549 Unpacking perl (5.40.1-6) ...
2025-08-20T17:46:18.1003864Z #32 7.591 Selecting previously unselected package libbrotli1:amd64.
2025-08-20T17:46:18.1012193Z #32 7.591 Preparing to unpack .../05-libbrotli1_1.1.0-2+b7_amd64.deb ...
2025-08-20T17:46:18.1016761Z #32 7.594 Unpacking libbrotli1:amd64 (1.1.0-2+b7) ...
2025-08-20T17:46:18.2092595Z #32 7.636 Selecting previously unselected package libkrb5support0:amd64.
2025-08-20T17:46:18.2093551Z #32 7.638 Preparing to unpack .../06-libkrb5support0_1.21.3-5_amd64.deb ...
2025-08-20T17:46:18.2094381Z #32 7.640 Unpacking libkrb5support0:amd64 (1.21.3-5) ...
2025-08-20T17:46:18.2095006Z #32 7.684 Selecting previously unselected package libcom-err2:amd64.
2025-08-20T17:46:18.2095703Z #32 7.685 Preparing to unpack .../07-libcom-err2_1.47.2-3+b3_amd64.deb ...
2025-08-20T17:46:18.2096326Z #32 7.687 Unpacking libcom-err2:amd64 (1.47.2-3+b3) ...
2025-08-20T17:46:18.2096987Z #32 7.714 Selecting previously unselected package libk5crypto3:amd64.
2025-08-20T17:46:18.2097674Z #32 7.716 Preparing to unpack .../08-libk5crypto3_1.21.3-5_amd64.deb ...
2025-08-20T17:46:18.2098277Z #32 7.718 Unpacking libk5crypto3:amd64 (1.21.3-5) ...
2025-08-20T17:46:18.3314394Z #32 7.751 Selecting previously unselected package libkeyutils1:amd64.
2025-08-20T17:46:18.3315408Z #32 7.756 Preparing to unpack .../09-libkeyutils1_1.6.3-6_amd64.deb ...
2025-08-20T17:46:18.3318953Z #32 7.763 Unpacking libkeyutils1:amd64 (1.6.3-6) ...
2025-08-20T17:46:18.3323641Z #32 7.795 Selecting previously unselected package libkrb5-3:amd64.
2025-08-20T17:46:18.3324705Z #32 7.797 Preparing to unpack .../10-libkrb5-3_1.21.3-5_amd64.deb ...
2025-08-20T17:46:18.3325987Z #32 7.802 Unpacking libkrb5-3:amd64 (1.21.3-5) ...
2025-08-20T17:46:18.3326690Z #32 ...
2025-08-20T17:46:18.3327029Z 
2025-08-20T17:46:18.3328336Z #33 [postgres 2/6] RUN set -eux;     if [ -f /etc/apt/sources.list ]; then         sed -i 's|http://deb.debian.org|https://deb.debian.org|g' /etc/apt/sources.list;     fi;     apt-get update;     apt-get install -y locales;     locale-gen en_US.UTF-8;     rm -rf /var/lib/apt/lists/*
2025-08-20T17:46:18.3332183Z #33 0.358 + [ -f /etc/apt/sources.list ]
2025-08-20T17:46:18.3332943Z #33 0.358 + apt-get update
2025-08-20T17:46:18.3341089Z #33 0.470 Get:1 http://apt.postgresql.org/pub/repos/apt trixie-pgdg InRelease [107 kB]
2025-08-20T17:46:18.3342056Z #33 0.531 Get:2 http://apt.postgresql.org/pub/repos/apt trixie-pgdg/16 amd64 Packages [2,574 B]
2025-08-20T17:46:18.3343023Z #33 0.560 Get:3 http://apt.postgresql.org/pub/repos/apt trixie-pgdg/main amd64 Packages [334 kB]
2025-08-20T17:46:18.3343847Z #33 0.593 Get:4 http://deb.debian.org/debian trixie InRelease [138 kB]
2025-08-20T17:46:18.3344811Z #33 0.613 Get:5 http://deb.debian.org/debian trixie-updates InRelease [47.1 kB]
2025-08-20T17:46:18.3345632Z #33 0.622 Get:6 http://deb.debian.org/debian-security trixie-security InRelease [43.4 kB]
2025-08-20T17:46:18.3346512Z #33 0.642 Get:7 http://deb.debian.org/debian trixie/main amd64 Packages [9,668 kB]
2025-08-20T17:46:18.4349998Z #33 0.728 Get:8 http://deb.debian.org/debian trixie-updates/main amd64 Packages [2,432 B]
2025-08-20T17:46:18.4351086Z #33 0.728 Get:9 http://deb.debian.org/debian-security trixie-security/main amd64 Packages [11.6 kB]
2025-08-20T17:46:19.2822813Z #33 1.605 Fetched 10.4 MB in 1s (8,529 kB/s)
2025-08-20T17:46:20.2298845Z #33 1.605 Reading package lists...
2025-08-20T17:46:20.2300522Z #33 2.492 + apt-get install -y locales
2025-08-20T17:46:20.5340141Z #33 2.508 Reading package lists...
2025-08-20T17:46:20.5344762Z #33 ...
2025-08-20T17:46:20.5348585Z 
2025-08-20T17:46:20.5353195Z #34 [celery_worker base 4/5] RUN if [ -n "" ] && [ -f "" ]; then         pip install -r requirements.txt -c "";     else         pip install -r requirements.txt;     fi
2025-08-20T17:46:20.5387763Z #34 2.963 Collecting keepa==1.3.14 (from -r requirements.txt (line 1))
2025-08-20T17:46:20.5397341Z #34 3.006   Downloading keepa-1.3.14-py3-none-any.whl.metadata (10 kB)
2025-08-20T17:46:20.5398075Z #34 3.066 Collecting minio==7.1.15 (from -r requirements.txt (line 2))
2025-08-20T17:46:20.5398809Z #34 3.080   Downloading minio-7.1.15-py3-none-any.whl.metadata (4.2 kB)
2025-08-20T17:46:20.5399949Z #34 3.141 Collecting celery==5.3.* (from -r requirements.txt (line 3))
2025-08-20T17:46:20.5401567Z #34 3.149   Downloading celery-5.3.6-py3-none-any.whl.metadata (21 kB)
2025-08-20T17:46:20.5402820Z #34 3.279 Collecting redis==5.* (from -r requirements.txt (line 4))
2025-08-20T17:46:20.5403688Z #34 3.287   Downloading redis-5.3.1-py3-none-any.whl.metadata (9.2 kB)
2025-08-20T17:46:20.5406495Z #34 3.393 Collecting python-amazon-sp-api==0.8.0 (from -r requirements.txt (line 5))
2025-08-20T17:46:20.5408757Z #34 3.407   Downloading python_amazon_sp_api-0.8.0-py3-none-any.whl.metadata (3.2 kB)
2025-08-20T17:46:20.5409612Z #34 3.450 Collecting pydantic-settings==2.2.1 (from -r requirements.txt (line 6))
2025-08-20T17:46:20.5410466Z #34 3.463   Downloading pydantic_settings-2.2.1-py3-none-any.whl.metadata (3.1 kB)
2025-08-20T17:46:20.5411230Z #34 3.789 Collecting numpy<2 (from -r requirements.txt (line 7))
2025-08-20T17:46:20.5412338Z #34 3.798   Downloading numpy-1.26.4-cp312-cp312-manylinux_2_17_x86_64.manylinux2014_x86_64.whl.metadata (61 kB)
2025-08-20T17:46:20.5413281Z #34 4.013 Collecting pandas==2.2.* (from -r requirements.txt (line 8))
2025-08-20T17:46:20.5447828Z #34 4.022   Downloading pandas-2.2.3-cp312-cp312-manylinux_2_17_x86_64.manylinux2014_x86_64.whl.metadata (89 kB)
2025-08-20T17:46:20.5448821Z #34 4.147 Collecting pandera==0.19.* (from -r requirements.txt (line 9))
2025-08-20T17:46:20.5449574Z #34 4.156   Downloading pandera-0.19.3-py3-none-any.whl.metadata (15 kB)
2025-08-20T17:46:20.5450309Z #34 4.226 Collecting openpyxl==3.1.* (from -r requirements.txt (line 10))
2025-08-20T17:46:20.5451067Z #34 4.233   Downloading openpyxl-3.1.5-py2.py3-none-any.whl.metadata (2.5 kB)
2025-08-20T17:46:20.5451875Z #34 4.385 Collecting psycopg2-binary==2.9.* (from -r requirements.txt (line 11))
2025-08-20T17:46:20.5452878Z #34 4.394   Downloading psycopg2_binary-2.9.10-cp312-cp312-manylinux_2_17_x86_64.manylinux2014_x86_64.whl.metadata (4.9 kB)
2025-08-20T17:46:20.5453893Z #34 4.468 Collecting requests>=2.2 (from keepa==1.3.14->-r requirements.txt (line 1))
2025-08-20T17:46:20.5454868Z #34 4.477   Downloading requests-2.32.5-py3-none-any.whl.metadata (4.9 kB)
2025-08-20T17:46:20.5455615Z #34 4.536 Collecting tqdm (from keepa==1.3.14->-r requirements.txt (line 1))
2025-08-20T17:46:20.5456310Z #34 4.547   Downloading tqdm-4.67.1-py3-none-any.whl.metadata (57 kB)
2025-08-20T17:46:20.5457022Z #34 5.353 Collecting aiohttp (from keepa==1.3.14->-r requirements.txt (line 1))
2025-08-20T17:46:20.5457954Z #34 5.360   Downloading aiohttp-3.12.15-cp312-cp312-manylinux_2_17_x86_64.manylinux2014_x86_64.whl.metadata (7.7 kB)
2025-08-20T17:46:20.5458896Z #34 5.563 Collecting pydantic (from keepa==1.3.14->-r requirements.txt (line 1))
2025-08-20T17:46:20.5459645Z #34 5.574   Downloading pydantic-2.11.7-py3-none-any.whl.metadata (67 kB)
2025-08-20T17:46:20.5460385Z #34 5.614 Collecting certifi (from minio==7.1.15->-r requirements.txt (line 2))
2025-08-20T17:46:20.5461143Z #34 5.622   Downloading certifi-2025.8.3-py3-none-any.whl.metadata (2.4 kB)
2025-08-20T17:46:20.5461884Z #34 5.675 Collecting urllib3 (from minio==7.1.15->-r requirements.txt (line 2))
2025-08-20T17:46:20.5462627Z #34 5.683   Downloading urllib3-2.5.0-py3-none-any.whl.metadata (6.5 kB)
2025-08-20T17:46:20.5463419Z #34 5.741 Collecting billiard<5.0,>=4.2.0 (from celery==5.3.*->-r requirements.txt (line 3))
2025-08-20T17:46:20.5464494Z #34 5.750   Downloading billiard-4.2.1-py3-none-any.whl.metadata (4.4 kB)
2025-08-20T17:46:20.5465355Z #34 5.771 Collecting click-didyoumean>=0.3.0 (from celery==5.3.*->-r requirements.txt (line 3))
2025-08-20T17:46:20.5466233Z #34 5.781   Downloading click_didyoumean-0.3.1-py3-none-any.whl.metadata (3.9 kB)
2025-08-20T17:46:20.5467093Z #34 5.806 Collecting click-plugins>=1.1.1 (from celery==5.3.*->-r requirements.txt (line 3))
2025-08-20T17:46:20.5467963Z #34 5.818   Downloading click_plugins-1.1.1.2-py2.py3-none-any.whl.metadata (6.5 kB)
2025-08-20T17:46:20.5468807Z #34 5.846 Collecting click-repl>=0.2.0 (from celery==5.3.*->-r requirements.txt (line 3))
2025-08-20T17:46:20.5469596Z #34 5.857   Downloading click_repl-0.3.0-py3-none-any.whl.metadata (3.6 kB)
2025-08-20T17:46:20.5470629Z #34 5.901 Collecting click<9.0,>=8.1.2 (from celery==5.3.*->-r requirements.txt (line 3))
2025-08-20T17:46:20.5471385Z #34 5.914   Downloading click-8.2.1-py3-none-any.whl.metadata (2.5 kB)
2025-08-20T17:46:20.5472119Z #34 5.977 Collecting kombu<6.0,>=5.3.4 (from celery==5.3.*->-r requirements.txt (line 3))
2025-08-20T17:46:20.5472868Z #34 5.989   Downloading kombu-5.5.4-py3-none-any.whl.metadata (3.5 kB)
2025-08-20T17:46:20.5473664Z #34 6.027 Collecting python-dateutil>=2.8.2 (from celery==5.3.*->-r requirements.txt (line 3))
2025-08-20T17:46:20.5504910Z #34 6.040   Downloading python_dateutil-2.9.0.post0-py2.py3-none-any.whl.metadata (8.4 kB)
2025-08-20T17:46:20.5505841Z #34 6.078 Collecting tzdata>=2022.7 (from celery==5.3.*->-r requirements.txt (line 3))
2025-08-20T17:46:20.5506651Z #34 6.087   Downloading tzdata-2025.2-py2.py3-none-any.whl.metadata (1.4 kB)
2025-08-20T17:46:20.5507649Z #34 6.118 Collecting vine<6.0,>=5.1.0 (from celery==5.3.*->-r requirements.txt (line 3))
2025-08-20T17:46:20.5508413Z #34 6.128   Downloading vine-5.1.0-py3-none-any.whl.metadata (2.7 kB)
2025-08-20T17:46:20.5509133Z #34 6.174 Collecting PyJWT>=2.9.0 (from redis==5.*->-r requirements.txt (line 4))
2025-08-20T17:46:20.5509869Z #34 6.184   Downloading PyJWT-2.10.1-py3-none-any.whl.metadata (4.0 kB)
2025-08-20T17:46:20.5510717Z #34 6.375 Collecting six<2,>=1.15 (from python-amazon-sp-api==0.8.0->-r requirements.txt (line 5))
2025-08-20T17:46:20.5511620Z #34 6.480   Downloading six-1.17.0-py2.py3-none-any.whl.metadata (1.7 kB)
2025-08-20T17:46:20.5512453Z #34 7.478 Collecting boto3<2,>=1.16.39 (from python-amazon-sp-api==0.8.0->-r requirements.txt (line 5))
2025-08-20T17:46:20.5513304Z #34 7.487   Downloading boto3-1.40.13-py3-none-any.whl.metadata (6.7 kB)
2025-08-20T17:46:20.5514368Z #34 7.524 Collecting cachetools~=4.2.0 (from python-amazon-sp-api==0.8.0->-r requirements.txt (line 5))
2025-08-20T17:46:20.5515298Z #34 7.532   Downloading cachetools-4.2.4-py3-none-any.whl.metadata (4.8 kB)
2025-08-20T17:46:20.5516206Z #34 7.661 Collecting pycryptodome (from python-amazon-sp-api==0.8.0->-r requirements.txt (line 5))
2025-08-20T17:46:20.5517345Z #34 7.673   Downloading pycryptodome-3.23.0-cp37-abi3-manylinux_2_17_x86_64.manylinux2014_x86_64.whl.metadata (3.4 kB)
2025-08-20T17:46:20.5518403Z #34 7.735 Collecting pytz (from python-amazon-sp-api==0.8.0->-r requirements.txt (line 5))
2025-08-20T17:46:20.5519221Z #34 7.745   Downloading pytz-2025.2-py2.py3-none-any.whl.metadata (22 kB)
2025-08-20T17:46:20.5520070Z #34 7.782 Collecting confuse~=1.4.0 (from python-amazon-sp-api==0.8.0->-r requirements.txt (line 5))
2025-08-20T17:46:20.5520953Z #34 7.799   Downloading confuse-1.4.0-py2.py3-none-any.whl.metadata (3.8 kB)
2025-08-20T17:46:20.5521848Z #34 7.868 Collecting python-dotenv>=0.21.0 (from pydantic-settings==2.2.1->-r requirements.txt (line 6))
2025-08-20T17:46:20.5522771Z #34 7.877   Downloading python_dotenv-1.1.1-py3-none-any.whl.metadata (24 kB)
2025-08-20T17:46:20.5523598Z #34 7.939 Collecting multimethod<=1.10.0 (from pandera==0.19.*->-r requirements.txt (line 9))
2025-08-20T17:46:20.5524658Z #34 7.947   Downloading multimethod-1.10-py3-none-any.whl.metadata (8.2 kB)
2025-08-20T17:46:20.5525473Z #34 7.996 Collecting packaging>=20.0 (from pandera==0.19.*->-r requirements.txt (line 9))
2025-08-20T17:46:20.5526276Z #34 8.005   Downloading packaging-25.0-py3-none-any.whl.metadata (3.3 kB)
2025-08-20T17:46:20.5527059Z #34 8.052 Collecting typeguard (from pandera==0.19.*->-r requirements.txt (line 9))
2025-08-20T17:46:20.5527831Z #34 8.064   Downloading typeguard-4.4.4-py3-none-any.whl.metadata (3.3 kB)
2025-08-20T17:46:20.5528668Z #34 8.093 Collecting typing-inspect>=0.6.0 (from pandera==0.19.*->-r requirements.txt (line 9))
2025-08-20T17:46:20.5529509Z #34 8.101   Downloading typing_inspect-0.9.0-py3-none-any.whl.metadata (1.5 kB)
2025-08-20T17:46:20.5530282Z #34 8.256 Collecting wrapt (from pandera==0.19.*->-r requirements.txt (line 9))
2025-08-20T17:46:20.5531300Z #34 8.263   Downloading wrapt-1.17.3-cp312-cp312-manylinux1_x86_64.manylinux_2_28_x86_64.manylinux_2_5_x86_64.whl.metadata (6.4 kB)
2025-08-20T17:46:20.5532569Z #34 8.288 Collecting et-xmlfile (from openpyxl==3.1.*->-r requirements.txt (line 10))
2025-08-20T17:46:20.5533381Z #34 8.300   Downloading et_xmlfile-2.0.0-py3-none-any.whl.metadata (2.7 kB)
2025-08-20T17:46:20.5564778Z #34 8.860 Collecting botocore<1.41.0,>=1.40.13 (from boto3<2,>=1.16.39->python-amazon-sp-api==0.8.0->-r requirements.txt (line 5))
2025-08-20T17:46:20.5565791Z #34 8.870   Downloading botocore-1.40.13-py3-none-any.whl.metadata (5.7 kB)
2025-08-20T17:46:20.5566755Z #34 8.906 Collecting jmespath<2.0.0,>=0.7.1 (from boto3<2,>=1.16.39->python-amazon-sp-api==0.8.0->-r requirements.txt (line 5))
2025-08-20T17:46:20.5567703Z #34 8.918   Downloading jmespath-1.0.1-py3-none-any.whl.metadata (7.6 kB)
2025-08-20T17:46:20.5568857Z #34 8.964 Collecting s3transfer<0.14.0,>=0.13.0 (from boto3<2,>=1.16.39->python-amazon-sp-api==0.8.0->-r requirements.txt (line 5))
2025-08-20T17:46:20.5569830Z #34 8.974   Downloading s3transfer-0.13.1-py3-none-any.whl.metadata (1.7 kB)
2025-08-20T17:46:20.5570762Z #34 9.067 Collecting prompt-toolkit>=3.0.36 (from click-repl>=0.2.0->celery==5.3.*->-r requirements.txt (line 3))
2025-08-20T17:46:20.5571722Z #34 9.079   Downloading prompt_toolkit-3.0.51-py3-none-any.whl.metadata (6.4 kB)
2025-08-20T17:46:20.5572692Z #34 9.152 Collecting pyyaml (from confuse~=1.4.0->python-amazon-sp-api==0.8.0->-r requirements.txt (line 5))
2025-08-20T17:46:20.5573791Z #34 9.164   Downloading PyYAML-6.0.2-cp312-cp312-manylinux_2_17_x86_64.manylinux2014_x86_64.whl.metadata (2.1 kB)
2025-08-20T17:46:20.5574898Z #34 9.226 Collecting amqp<6.0.0,>=5.1.1 (from kombu<6.0,>=5.3.4->celery==5.3.*->-r requirements.txt (line 3))
2025-08-20T17:46:20.5575697Z #34 9.328   Downloading amqp-5.3.1-py3-none-any.whl.metadata (8.9 kB)
2025-08-20T17:46:20.5576542Z #34 9.362 Collecting annotated-types>=0.6.0 (from pydantic->keepa==1.3.14->-r requirements.txt (line 1))
2025-08-20T17:46:20.5577437Z #34 9.374   Downloading annotated_types-0.7.0-py3-none-any.whl.metadata (15 kB)
2025-08-20T17:46:20.6849641Z #34 ...
2025-08-20T17:46:20.6876546Z 
2025-08-20T17:46:20.6877261Z #35 [api base  4/13] RUN pip install --no-cache-dir -r requirements.txt
2025-08-20T17:46:20.6878709Z #35 2.945 Collecting uvicorn==0.29.0 (from -r requirements.txt (line 1))
2025-08-20T17:46:20.6879657Z #35 2.987   Downloading uvicorn-0.29.0-py3-none-any.whl.metadata (6.3 kB)
2025-08-20T17:46:20.6880680Z #35 3.019 Collecting pydantic-settings==2.2.1 (from -r requirements.txt (line 2))
2025-08-20T17:46:20.6881691Z #35 3.028   Downloading pydantic_settings-2.2.1-py3-none-any.whl.metadata (3.1 kB)
2025-08-20T17:46:20.6882455Z #35 3.106 Collecting fastapi==0.111.0 (from -r requirements.txt (line 3))
2025-08-20T17:46:20.6883158Z #35 3.119   Downloading fastapi-0.111.0-py3-none-any.whl.metadata (25 kB)
2025-08-20T17:46:20.6883882Z #35 3.652 Collecting sqlalchemy==2.0.29 (from -r requirements.txt (line 4))
2025-08-20T17:46:20.6884992Z #35 3.662   Downloading SQLAlchemy-2.0.29-cp312-cp312-manylinux_2_17_x86_64.manylinux2014_x86_64.whl.metadata (9.6 kB)
2025-08-20T17:46:20.6885899Z #35 3.719 Collecting alembic==1.13.1 (from -r requirements.txt (line 5))
2025-08-20T17:46:20.6886617Z #35 3.729   Downloading alembic-1.13.1-py3-none-any.whl.metadata (7.4 kB)
2025-08-20T17:46:20.6887419Z #35 3.781 Collecting psycopg==3.2.9 (from psycopg[binary]==3.2.9->-r requirements.txt (line 6))
2025-08-20T17:46:20.6888226Z #35 3.786   Downloading psycopg-3.2.9-py3-none-any.whl.metadata (4.5 kB)
2025-08-20T17:46:20.6888911Z #35 3.835 Collecting httpx==0.27.2 (from -r requirements.txt (line 7))
2025-08-20T17:46:20.6889562Z #35 3.846   Downloading httpx-0.27.2-py3-none-any.whl.metadata (7.1 kB)
2025-08-20T17:46:20.6890240Z #35 3.932 Collecting asyncpg==0.29.0 (from -r requirements.txt (line 8))
2025-08-20T17:46:20.6891123Z #35 3.939   Downloading asyncpg-0.29.0-cp312-cp312-manylinux_2_17_x86_64.manylinux2014_x86_64.whl.metadata (4.4 kB)
2025-08-20T17:46:20.6892026Z #35 4.430 Collecting boto3==1.34.162 (from -r requirements.txt (line 9))
2025-08-20T17:46:20.6893027Z #35 4.438   Downloading boto3-1.34.162-py3-none-any.whl.metadata (6.6 kB)
2025-08-20T17:46:20.6893724Z #35 4.467 Collecting Jinja2==3.1.5 (from -r requirements.txt (line 10))
2025-08-20T17:46:20.6894601Z #35 4.474   Downloading jinja2-3.1.5-py3-none-any.whl.metadata (2.6 kB)
2025-08-20T17:46:20.6895253Z #35 4.539 Collecting celery==5.3.* (from -r requirements.txt (line 11))
2025-08-20T17:46:20.6895900Z #35 4.548   Downloading celery-5.3.6-py3-none-any.whl.metadata (21 kB)
2025-08-20T17:46:20.6896577Z #35 4.608 Collecting structlog==24.1.0 (from -r requirements.txt (line 12))
2025-08-20T17:46:20.6897278Z #35 4.618   Downloading structlog-24.1.0-py3-none-any.whl.metadata (6.9 kB)
2025-08-20T17:46:20.6898044Z #35 4.638 Collecting asgi-correlation-id==4.3.1 (from -r requirements.txt (line 13))
2025-08-20T17:46:20.6899048Z #35 4.649   Downloading asgi_correlation_id-4.3.1-py3-none-any.whl.metadata (28 kB)
2025-08-20T17:46:20.6899841Z #35 4.666 Collecting fastapi-limiter==0.1.6 (from -r requirements.txt (line 14))
2025-08-20T17:46:20.6900614Z #35 4.676   Downloading fastapi_limiter-0.1.6-py3-none-any.whl.metadata (5.3 kB)
2025-08-20T17:46:20.6901333Z #35 4.719 Collecting redis==5.0.8 (from -r requirements.txt (line 15))
2025-08-20T17:46:20.6901993Z #35 4.733   Downloading redis-5.0.8-py3-none-any.whl.metadata (9.2 kB)
2025-08-20T17:46:20.6902870Z #35 4.844 Collecting sentry-sdk==2.9.0 (from sentry-sdk[celery,fastapi,sqlalchemy]==2.9.0->-r requirements.txt (line 16))
2025-08-20T17:46:20.6914789Z #35 4.856   Downloading sentry_sdk-2.9.0-py2.py3-none-any.whl.metadata (14 kB)
2025-08-20T17:46:20.6915586Z #35 4.967 Collecting click>=7.0 (from uvicorn==0.29.0->-r requirements.txt (line 1))
2025-08-20T17:46:20.6916310Z #35 4.975   Downloading click-8.2.1-py3-none-any.whl.metadata (2.5 kB)
2025-08-20T17:46:20.6917002Z #35 4.993 Collecting h11>=0.8 (from uvicorn==0.29.0->-r requirements.txt (line 1))
2025-08-20T17:46:20.6917664Z #35 5.003   Downloading h11-0.16.0-py3-none-any.whl.metadata (8.3 kB)
2025-08-20T17:46:20.6918434Z #35 5.185 Collecting pydantic>=2.3.0 (from pydantic-settings==2.2.1->-r requirements.txt (line 2))
2025-08-20T17:46:20.6919239Z #35 5.193   Downloading pydantic-2.11.7-py3-none-any.whl.metadata (67 kB)
2025-08-20T17:46:20.6920069Z #35 5.230 Collecting python-dotenv>=0.21.0 (from pydantic-settings==2.2.1->-r requirements.txt (line 2))
2025-08-20T17:46:20.6920916Z #35 5.242   Downloading python_dotenv-1.1.1-py3-none-any.whl.metadata (24 kB)
2025-08-20T17:46:20.6921720Z #35 5.297 Collecting starlette<0.38.0,>=0.37.2 (from fastapi==0.111.0->-r requirements.txt (line 3))
2025-08-20T17:46:20.6922501Z #35 5.306   Downloading starlette-0.37.2-py3-none-any.whl.metadata (5.9 kB)
2025-08-20T17:46:20.6923303Z #35 5.394 Collecting typing-extensions>=4.8.0 (from fastapi==0.111.0->-r requirements.txt (line 3))
2025-08-20T17:46:20.6924421Z #35 5.403   Downloading typing_extensions-4.14.1-py3-none-any.whl.metadata (3.0 kB)
2025-08-20T17:46:20.6925272Z #35 5.424 Collecting fastapi-cli>=0.0.2 (from fastapi==0.111.0->-r requirements.txt (line 3))
2025-08-20T17:46:20.6926056Z #35 5.432   Downloading fastapi_cli-0.0.8-py3-none-any.whl.metadata (6.3 kB)
2025-08-20T17:46:20.6926978Z #35 5.461 Collecting python-multipart>=0.0.7 (from fastapi==0.111.0->-r requirements.txt (line 3))
2025-08-20T17:46:20.6927823Z #35 5.469   Downloading python_multipart-0.0.20-py3-none-any.whl.metadata (1.8 kB)
2025-08-20T17:46:20.6928692Z #35 5.565 Collecting ujson!=4.0.2,!=4.1.0,!=4.2.0,!=4.3.0,!=5.0.0,!=5.1.0,>=4.0.1 (from fastapi==0.111.0->-r requirements.txt (line 3))
2025-08-20T17:46:20.6929702Z #35 5.577   Downloading ujson-5.11.0-cp312-cp312-manylinux_2_24_x86_64.manylinux_2_28_x86_64.whl.metadata (9.4 kB)
2025-08-20T17:46:20.6930599Z #35 5.952 Collecting orjson>=3.2.1 (from fastapi==0.111.0->-r requirements.txt (line 3))
2025-08-20T17:46:20.6931512Z #35 5.960   Downloading orjson-3.11.2-cp312-cp312-manylinux_2_17_x86_64.manylinux2014_x86_64.whl.metadata (1.2 kB)
2025-08-20T17:46:20.6932744Z #35 5.984 Collecting email_validator>=2.0.0 (from fastapi==0.111.0->-r requirements.txt (line 3))
2025-08-20T17:46:20.6933566Z #35 5.993   Downloading email_validator-2.2.0-py3-none-any.whl.metadata (25 kB)
2025-08-20T17:46:20.6934542Z #35 6.215 Collecting greenlet!=0.4.17 (from sqlalchemy==2.0.29->-r requirements.txt (line 4))
2025-08-20T17:46:20.6935532Z #35 6.221   Downloading greenlet-3.2.4-cp312-cp312-manylinux_2_24_x86_64.manylinux_2_28_x86_64.whl.metadata (4.1 kB)
2025-08-20T17:46:20.6936443Z #35 6.267 Collecting Mako (from alembic==1.13.1->-r requirements.txt (line 5))
2025-08-20T17:46:20.6937140Z #35 6.279   Downloading mako-1.3.10-py3-none-any.whl.metadata (2.9 kB)
2025-08-20T17:46:20.6937812Z #35 6.348 Collecting anyio (from httpx==0.27.2->-r requirements.txt (line 7))
2025-08-20T17:46:20.6938762Z #35 6.378   Downloading anyio-4.10.0-py3-none-any.whl.metadata (4.0 kB)
2025-08-20T17:46:20.6939474Z #35 6.398 Collecting certifi (from httpx==0.27.2->-r requirements.txt (line 7))
2025-08-20T17:46:20.6940202Z #35 6.477   Downloading certifi-2025.8.3-py3-none-any.whl.metadata (2.4 kB)
2025-08-20T17:46:20.6940940Z #35 6.555 Collecting httpcore==1.* (from httpx==0.27.2->-r requirements.txt (line 7))
2025-08-20T17:46:20.6941671Z #35 6.636   Downloading httpcore-1.0.9-py3-none-any.whl.metadata (21 kB)
2025-08-20T17:46:20.6942356Z #35 6.657 Collecting idna (from httpx==0.27.2->-r requirements.txt (line 7))
2025-08-20T17:46:20.6943006Z #35 6.664   Downloading idna-3.10-py3-none-any.whl.metadata (10 kB)
2025-08-20T17:46:20.6943662Z #35 6.678 Collecting sniffio (from httpx==0.27.2->-r requirements.txt (line 7))
2025-08-20T17:46:20.7004761Z #35 6.729   Downloading sniffio-1.3.1-py3-none-any.whl.metadata (3.9 kB)
2025-08-20T17:46:20.7005607Z #35 7.503 Collecting botocore<1.35.0,>=1.34.162 (from boto3==1.34.162->-r requirements.txt (line 9))
2025-08-20T17:46:20.7006439Z #35 7.511   Downloading botocore-1.34.162-py3-none-any.whl.metadata (5.7 kB)
2025-08-20T17:46:20.7007232Z #35 7.535 Collecting jmespath<2.0.0,>=0.7.1 (from boto3==1.34.162->-r requirements.txt (line 9))
2025-08-20T17:46:20.7008010Z #35 7.544   Downloading jmespath-1.0.1-py3-none-any.whl.metadata (7.6 kB)
2025-08-20T17:46:20.7008785Z #35 7.570 Collecting s3transfer<0.11.0,>=0.10.0 (from boto3==1.34.162->-r requirements.txt (line 9))
2025-08-20T17:46:20.7009572Z #35 7.578   Downloading s3transfer-0.10.4-py3-none-any.whl.metadata (1.7 kB)
2025-08-20T17:46:20.7010337Z #35 7.650 Collecting MarkupSafe>=2.0 (from Jinja2==3.1.5->-r requirements.txt (line 10))
2025-08-20T17:46:20.7011311Z #35 7.659   Downloading MarkupSafe-3.0.2-cp312-cp312-manylinux_2_17_x86_64.manylinux2014_x86_64.whl.metadata (4.0 kB)
2025-08-20T17:46:20.7012276Z #35 7.690 Collecting billiard<5.0,>=4.2.0 (from celery==5.3.*->-r requirements.txt (line 11))
2025-08-20T17:46:20.7013027Z #35 7.698   Downloading billiard-4.2.1-py3-none-any.whl.metadata (4.4 kB)
2025-08-20T17:46:20.7013814Z #35 7.712 Collecting click-didyoumean>=0.3.0 (from celery==5.3.*->-r requirements.txt (line 11))
2025-08-20T17:46:20.7014854Z #35 7.720   Downloading click_didyoumean-0.3.1-py3-none-any.whl.metadata (3.9 kB)
2025-08-20T17:46:20.7015678Z #35 7.736 Collecting click-plugins>=1.1.1 (from celery==5.3.*->-r requirements.txt (line 11))
2025-08-20T17:46:20.7016484Z #35 7.744   Downloading click_plugins-1.1.1.2-py2.py3-none-any.whl.metadata (6.5 kB)
2025-08-20T17:46:20.7017283Z #35 7.762 Collecting click-repl>=0.2.0 (from celery==5.3.*->-r requirements.txt (line 11))
2025-08-20T17:46:20.7018026Z #35 7.775   Downloading click_repl-0.3.0-py3-none-any.whl.metadata (3.6 kB)
2025-08-20T17:46:20.7018747Z #35 7.836 Collecting kombu<6.0,>=5.3.4 (from celery==5.3.*->-r requirements.txt (line 11))
2025-08-20T17:46:20.7019484Z #35 7.848   Downloading kombu-5.5.4-py3-none-any.whl.metadata (3.5 kB)
2025-08-20T17:46:20.7020266Z #35 7.888 Collecting python-dateutil>=2.8.2 (from celery==5.3.*->-r requirements.txt (line 11))
2025-08-20T17:46:20.7021152Z #35 7.899   Downloading python_dateutil-2.9.0.post0-py2.py3-none-any.whl.metadata (8.4 kB)
2025-08-20T17:46:20.7022259Z #35 7.931 Collecting tzdata>=2022.7 (from celery==5.3.*->-r requirements.txt (line 11))
2025-08-20T17:46:20.7023028Z #35 7.939   Downloading tzdata-2025.2-py2.py3-none-any.whl.metadata (1.4 kB)
2025-08-20T17:46:20.7023754Z #35 7.955 Collecting vine<6.0,>=5.1.0 (from celery==5.3.*->-r requirements.txt (line 11))
2025-08-20T17:46:20.7024650Z #35 7.966   Downloading vine-5.1.0-py3-none-any.whl.metadata (2.7 kB)
2025-08-20T17:46:20.7025612Z #35 8.049 Collecting urllib3>=1.26.11 (from sentry-sdk==2.9.0->sentry-sdk[celery,fastapi,sqlalchemy]==2.9.0->-r requirements.txt (line 16))
2025-08-20T17:46:20.7026590Z #35 8.058   Downloading urllib3-2.5.0-py3-none-any.whl.metadata (6.5 kB)
2025-08-20T17:46:20.7027412Z #35 8.264 Collecting psycopg-binary==3.2.9 (from psycopg[binary]==3.2.9->-r requirements.txt (line 6))
2025-08-20T17:46:20.7028639Z #35 8.275   Downloading psycopg_binary-3.2.9-cp312-cp312-manylinux_2_17_x86_64.manylinux2014_x86_64.whl.metadata (2.9 kB)
2025-08-20T17:46:20.7029751Z #35 8.430 Collecting prompt-toolkit>=3.0.36 (from click-repl>=0.2.0->celery==5.3.*->-r requirements.txt (line 11))
2025-08-20T17:46:20.7030668Z #35 8.439   Downloading prompt_toolkit-3.0.51-py3-none-any.whl.metadata (6.4 kB)
2025-08-20T17:46:20.7031565Z #35 8.459 Collecting dnspython>=2.0.0 (from email_validator>=2.0.0->fastapi==0.111.0->-r requirements.txt (line 3))
2025-08-20T17:46:20.7032435Z #35 8.466   Downloading dnspython-2.7.0-py3-none-any.whl.metadata (5.8 kB)
2025-08-20T17:46:20.7033247Z #35 8.506 Collecting typer>=0.15.1 (from fastapi-cli>=0.0.2->fastapi==0.111.0->-r requirements.txt (line 3))
2025-08-20T17:46:20.7094459Z #35 8.519   Downloading typer-0.16.1-py3-none-any.whl.metadata (15 kB)
2025-08-20T17:46:20.7095658Z #35 8.570 Collecting rich-toolkit>=0.14.8 (from fastapi-cli>=0.0.2->fastapi==0.111.0->-r requirements.txt (line 3))
2025-08-20T17:46:20.7096639Z #35 8.581   Downloading rich_toolkit-0.15.0-py3-none-any.whl.metadata (1.0 kB)
2025-08-20T17:46:20.7097451Z #35 8.622 Collecting amqp<6.0.0,>=5.1.1 (from kombu<6.0,>=5.3.4->celery==5.3.*->-r requirements.txt (line 11))
2025-08-20T17:46:20.7098202Z #35 8.630   Downloading amqp-5.3.1-py3-none-any.whl.metadata (8.9 kB)
2025-08-20T17:46:20.7098960Z #35 8.660 Collecting packaging (from kombu<6.0,>=5.3.4->celery==5.3.*->-r requirements.txt (line 11))
2025-08-20T17:46:20.7099770Z #35 8.668   Downloading packaging-25.0-py3-none-any.whl.metadata (3.3 kB)
2025-08-20T17:46:20.7100656Z #35 8.694 Collecting annotated-types>=0.6.0 (from pydantic>=2.3.0->pydantic-settings==2.2.1->-r requirements.txt (line 2))
2025-08-20T17:46:20.7101554Z #35 8.705   Downloading annotated_types-0.7.0-py3-none-any.whl.metadata (15 kB)
2025-08-20T17:46:20.7102443Z #35 9.737 Collecting pydantic-core==2.33.2 (from pydantic>=2.3.0->pydantic-settings==2.2.1->-r requirements.txt (line 2))
2025-08-20T17:46:20.7103572Z #35 9.750   Downloading pydantic_core-2.33.2-cp312-cp312-manylinux_2_17_x86_64.manylinux2014_x86_64.whl.metadata (6.8 kB)
2025-08-20T17:46:20.7104920Z #35 9.792 Collecting typing-inspection>=0.4.0 (from pydantic>=2.3.0->pydantic-settings==2.2.1->-r requirements.txt (line 2))
2025-08-20T17:46:20.7105836Z #35 9.801   Downloading typing_inspection-0.4.1-py3-none-any.whl.metadata (2.6 kB)
2025-08-20T17:46:20.7106682Z #35 9.874 Collecting six>=1.5 (from python-dateutil>=2.8.2->celery==5.3.*->-r requirements.txt (line 11))
2025-08-20T17:46:20.7107492Z #35 9.890   Downloading six-1.17.0-py2.py3-none-any.whl.metadata (1.7 kB)
2025-08-20T17:46:20.7108073Z #35 ...
2025-08-20T17:46:20.7108212Z 
2025-08-20T17:46:20.7109467Z #32 [api stage-1 3/6] RUN set -eux;     if [ -f /etc/apt/sources.list ]; then         sed -i 's|http://deb.debian.org|https://deb.debian.org|g' /etc/apt/sources.list;     fi;     apt-get update;     apt-get install -y --no-install-recommends tzdata postgresql-client curl;     rm -rf /var/lib/apt/lists/*
2025-08-20T17:46:20.7111128Z #32 7.874 Selecting previously unselected package libgssapi-krb5-2:amd64.
2025-08-20T17:46:20.7111819Z #32 7.880 Preparing to unpack .../11-libgssapi-krb5-2_1.21.3-5_amd64.deb ...
2025-08-20T17:46:20.7112691Z #32 7.883 Unpacking libgssapi-krb5-2:amd64 (1.21.3-5) ...
2025-08-20T17:46:20.7113260Z #32 7.916 Selecting previously unselected package libunistring5:amd64.
2025-08-20T17:46:20.7113907Z #32 7.917 Preparing to unpack .../12-libunistring5_1.3-2_amd64.deb ...
2025-08-20T17:46:20.7114646Z #32 7.918 Unpacking libunistring5:amd64 (1.3-2) ...
2025-08-20T17:46:20.7115231Z #32 7.990 Selecting previously unselected package libidn2-0:amd64.
2025-08-20T17:46:20.7115824Z #32 7.992 Preparing to unpack .../13-libidn2-0_2.3.8-2_amd64.deb ...
2025-08-20T17:46:20.7116309Z #32 7.997 Unpacking libidn2-0:amd64 (2.3.8-2) ...
2025-08-20T17:46:20.7116892Z #32 8.043 Selecting previously unselected package libsasl2-modules-db:amd64.
2025-08-20T17:46:20.7117805Z #32 8.046 Preparing to unpack .../14-libsasl2-modules-db_2.1.28+dfsg1-9_amd64.deb ...
2025-08-20T17:46:20.7118492Z #32 8.047 Unpacking libsasl2-modules-db:amd64 (2.1.28+dfsg1-9) ...
2025-08-20T17:46:20.7119121Z #32 8.093 Selecting previously unselected package libsasl2-2:amd64.
2025-08-20T17:46:20.7119752Z #32 8.095 Preparing to unpack .../15-libsasl2-2_2.1.28+dfsg1-9_amd64.deb ...
2025-08-20T17:46:20.7120323Z #32 8.096 Unpacking libsasl2-2:amd64 (2.1.28+dfsg1-9) ...
2025-08-20T17:46:20.7120845Z #32 8.125 Selecting previously unselected package libldap2:amd64.
2025-08-20T17:46:20.7121445Z #32 8.127 Preparing to unpack .../16-libldap2_2.6.10+dfsg-1_amd64.deb ...
2025-08-20T17:46:20.7121989Z #32 8.132 Unpacking libldap2:amd64 (2.6.10+dfsg-1) ...
2025-08-20T17:46:20.7122530Z #32 8.174 Selecting previously unselected package libnghttp2-14:amd64.
2025-08-20T17:46:20.7123188Z #32 8.175 Preparing to unpack .../17-libnghttp2-14_1.64.0-1.1_amd64.deb ...
2025-08-20T17:46:20.7123758Z #32 8.184 Unpacking libnghttp2-14:amd64 (1.64.0-1.1) ...
2025-08-20T17:46:20.7154687Z #32 8.263 Selecting previously unselected package libnghttp3-9:amd64.
2025-08-20T17:46:20.7155404Z #32 8.263 Preparing to unpack .../18-libnghttp3-9_1.8.0-1_amd64.deb ...
2025-08-20T17:46:20.7155989Z #32 8.273 Unpacking libnghttp3-9:amd64 (1.8.0-1) ...
2025-08-20T17:46:20.7156560Z #32 8.314 Selecting previously unselected package libpsl5t64:amd64.
2025-08-20T17:46:20.7157213Z #32 8.316 Preparing to unpack .../19-libpsl5t64_0.21.2-1.1+b1_amd64.deb ...
2025-08-20T17:46:20.7157802Z #32 8.318 Unpacking libpsl5t64:amd64 (0.21.2-1.1+b1) ...
2025-08-20T17:46:20.7158370Z #32 8.370 Selecting previously unselected package libp11-kit0:amd64.
2025-08-20T17:46:20.7159008Z #32 8.372 Preparing to unpack .../20-libp11-kit0_0.25.5-3_amd64.deb ...
2025-08-20T17:46:20.7159568Z #32 8.378 Unpacking libp11-kit0:amd64 (0.25.5-3) ...
2025-08-20T17:46:20.7160114Z #32 8.473 Selecting previously unselected package libtasn1-6:amd64.
2025-08-20T17:46:20.7160754Z #32 8.473 Preparing to unpack .../21-libtasn1-6_4.20.0-2_amd64.deb ...
2025-08-20T17:46:20.7161302Z #32 8.474 Unpacking libtasn1-6:amd64 (4.20.0-2) ...
2025-08-20T17:46:20.7161877Z #32 8.520 Selecting previously unselected package libgnutls30t64:amd64.
2025-08-20T17:46:20.7162559Z #32 8.524 Preparing to unpack .../22-libgnutls30t64_3.8.9-3_amd64.deb ...
2025-08-20T17:46:20.7163131Z #32 8.527 Unpacking libgnutls30t64:amd64 (3.8.9-3) ...
2025-08-20T17:46:20.7163683Z #32 8.628 Selecting previously unselected package librtmp1:amd64.
2025-08-20T17:46:20.7164582Z #32 8.630 Preparing to unpack .../23-librtmp1_2.4+20151223.gitfa8646d.1-2+b5_amd64.deb ...
2025-08-20T17:46:20.7165312Z #32 8.636 Unpacking librtmp1:amd64 (2.4+20151223.gitfa8646d.1-2+b5) ...
2025-08-20T17:46:20.7165955Z #32 8.697 Selecting previously unselected package libssh2-1t64:amd64.
2025-08-20T17:46:20.7166638Z #32 8.699 Preparing to unpack .../24-libssh2-1t64_1.11.1-1_amd64.deb ...
2025-08-20T17:46:20.7167215Z #32 8.703 Unpacking libssh2-1t64:amd64 (1.11.1-1) ...
2025-08-20T17:46:20.7167792Z #32 8.742 Selecting previously unselected package libcurl4t64:amd64.
2025-08-20T17:46:20.7168441Z #32 8.744 Preparing to unpack .../25-libcurl4t64_8.14.1-2_amd64.deb ...
2025-08-20T17:46:20.7169235Z #32 8.749 Unpacking libcurl4t64:amd64 (8.14.1-2) ...
2025-08-20T17:46:20.7169732Z #32 8.815 Selecting previously unselected package curl.
2025-08-20T17:46:20.7170267Z #32 8.823 Preparing to unpack .../26-curl_8.14.1-2_amd64.deb ...
2025-08-20T17:46:20.7170763Z #32 8.824 Unpacking curl (8.14.1-2) ...
2025-08-20T17:46:20.7171248Z #32 8.915 Selecting previously unselected package libpq5:amd64.
2025-08-20T17:46:20.7171826Z #32 8.917 Preparing to unpack .../27-libpq5_17.5-1_amd64.deb ...
2025-08-20T17:46:20.7172330Z #32 8.919 Unpacking libpq5:amd64 (17.5-1) ...
2025-08-20T17:46:20.7172919Z #32 8.966 Selecting previously unselected package postgresql-client-common.
2025-08-20T17:46:20.7173656Z #32 8.968 Preparing to unpack .../28-postgresql-client-common_278_all.deb ...
2025-08-20T17:46:20.7174458Z #32 8.978 Unpacking postgresql-client-common (278) ...
2025-08-20T17:46:20.7175251Z #32 9.018 Selecting previously unselected package postgresql-client-17.
2025-08-20T17:46:20.7175964Z #32 9.018 Preparing to unpack .../29-postgresql-client-17_17.5-1_amd64.deb ...
2025-08-20T17:46:20.7176572Z #32 9.023 Unpacking postgresql-client-17 (17.5-1) ...
2025-08-20T17:46:20.7177111Z #32 9.364 Selecting previously unselected package postgresql-client.
2025-08-20T17:46:20.7177764Z #32 9.364 Preparing to unpack .../30-postgresql-client_17+278_all.deb ...
2025-08-20T17:46:20.7178340Z #32 9.369 Unpacking postgresql-client (17+278) ...
2025-08-20T17:46:20.7178816Z #32 9.422 Setting up libkeyutils1:amd64 (1.6.3-6) ...
2025-08-20T17:46:20.7179318Z #32 9.434 Setting up libgdbm-compat4t64:amd64 (1.24-2) ...
2025-08-20T17:46:20.7179807Z #32 9.440 Setting up libbrotli1:amd64 (1.1.0-2+b7) ...
2025-08-20T17:46:20.7180302Z #32 9.445 Setting up libnghttp2-14:amd64 (1.64.0-1.1) ...
2025-08-20T17:46:20.7180781Z #32 9.448 Setting up libcom-err2:amd64 (1.47.2-3+b3) ...
2025-08-20T17:46:20.7181270Z #32 9.454 Setting up libkrb5support0:amd64 (1.21.3-5) ...
2025-08-20T17:46:20.7181832Z #32 9.457 Setting up libsasl2-modules-db:amd64 (2.1.28+dfsg1-9) ...
2025-08-20T17:46:20.7182370Z #32 9.461 Setting up libp11-kit0:amd64 (0.25.5-3) ...
2025-08-20T17:46:20.7182826Z #32 9.464 Setting up libunistring5:amd64 (1.3-2) ...
2025-08-20T17:46:20.7183272Z #32 9.475 Setting up libk5crypto3:amd64 (1.21.3-5) ...
2025-08-20T17:46:20.7183759Z #32 9.479 Setting up libsasl2-2:amd64 (2.1.28+dfsg1-9) ...
2025-08-20T17:46:20.7214559Z #32 9.485 Setting up libnghttp3-9:amd64 (1.8.0-1) ...
2025-08-20T17:46:20.7215089Z #32 9.488 Setting up perl-modules-5.40 (5.40.1-6) ...
2025-08-20T17:46:20.7215544Z #32 9.494 Setting up sensible-utils (0.0.25) ...
2025-08-20T17:46:20.7215999Z #32 9.498 Setting up libtasn1-6:amd64 (4.20.0-2) ...
2025-08-20T17:46:20.7216442Z #32 9.503 Setting up libkrb5-3:amd64 (1.21.3-5) ...
2025-08-20T17:46:20.7216884Z #32 9.506 Setting up libssh2-1t64:amd64 (1.11.1-1) ...
2025-08-20T17:46:20.7217370Z #32 9.511 Setting up libldap2:amd64 (2.6.10+dfsg-1) ...
2025-08-20T17:46:20.7217818Z #32 9.516 Setting up libidn2-0:amd64 (2.3.8-2) ...
2025-08-20T17:46:20.7218272Z #32 9.525 Setting up libperl5.40:amd64 (5.40.1-6) ...
2025-08-20T17:46:20.7218700Z #32 9.528 Setting up perl (5.40.1-6) ...
2025-08-20T17:46:20.7219130Z #32 9.543 Setting up libgssapi-krb5-2:amd64 (1.21.3-5) ...
2025-08-20T17:46:20.7219604Z #32 9.550 Setting up libgnutls30t64:amd64 (3.8.9-3) ...
2025-08-20T17:46:20.7220072Z #32 9.555 Setting up postgresql-client-common (278) ...
2025-08-20T17:46:20.7220576Z #32 9.586 Setting up libpsl5t64:amd64 (0.21.2-1.1+b1) ...
2025-08-20T17:46:20.7221020Z #32 9.591 Setting up libpq5:amd64 (17.5-1) ...
2025-08-20T17:46:20.7221525Z #32 9.596 Setting up librtmp1:amd64 (2.4+20151223.gitfa8646d.1-2+b5) ...
2025-08-20T17:46:20.7222065Z #32 9.604 Setting up libcurl4t64:amd64 (8.14.1-2) ...
2025-08-20T17:46:20.7222537Z #32 9.607 Setting up postgresql-client-17 (17.5-1) ...
2025-08-20T17:46:20.7223534Z #32 10.24 update-alternatives: using /usr/share/postgresql/17/man/man1/psql.1.gz to provide /usr/share/man/man1/psql.1.gz (psql.1.gz) in auto mode
2025-08-20T17:46:20.8233795Z #32 10.36 Setting up curl (8.14.1-2) ...
2025-08-20T17:46:20.9466520Z #32 10.36 Setting up postgresql-client (17+278) ...
2025-08-20T17:46:20.9467678Z #32 10.37 Processing triggers for libc-bin (2.41-12) ...
2025-08-20T17:46:20.9471288Z #32 10.43 + rm -rf /var/lib/apt/lists/auxfiles /var/lib/apt/lists/deb.debian.org_debian-security_dists_trixie-security_InRelease /var/lib/apt/lists/deb.debian.org_debian-security_dists_trixie-security_main_binary-amd64_Packages.lz4 /var/lib/apt/lists/deb.debian.org_debian_dists_trixie-updates_InRelease /var/lib/apt/lists/deb.debian.org_debian_dists_trixie-updates_main_binary-amd64_Packages.lz4 /var/lib/apt/lists/deb.debian.org_debian_dists_trixie_InRelease /var/lib/apt/lists/deb.debian.org_debian_dists_trixie_main_binary-amd64_Packages.lz4 /var/lib/apt/lists/lock /var/lib/apt/lists/partial
2025-08-20T17:46:21.0333647Z #32 DONE 10.5s
2025-08-20T17:46:21.0334770Z 
2025-08-20T17:46:21.0341450Z #33 [postgres 2/6] RUN set -eux;     if [ -f /etc/apt/sources.list ]; then         sed -i 's|http://deb.debian.org|https://deb.debian.org|g' /etc/apt/sources.list;     fi;     apt-get update;     apt-get install -y locales;     locale-gen en_US.UTF-8;     rm -rf /var/lib/apt/lists/*
2025-08-20T17:46:21.0343162Z #33 2.508 Reading package lists...
2025-08-20T17:46:21.2673561Z #33 3.416 Building dependency tree...
2025-08-20T17:46:21.2674615Z #33 3.615 Reading state information...
2025-08-20T17:46:21.4851382Z #33 3.836 locales is already the newest version (2.41-12).
2025-08-20T17:46:21.4852689Z #33 3.836 0 upgraded, 0 newly installed, 0 to remove and 1 not upgraded.
2025-08-20T17:46:21.4853234Z #33 3.836 + locale-gen en_US.UTF-8
2025-08-20T17:46:21.4853685Z #33 3.840 Generating locales (this might take a while)...
2025-08-20T17:46:22.6160391Z #33 3.855   en_US.UTF-8...
2025-08-20T17:46:22.6160941Z #33 ...
2025-08-20T17:46:22.6164573Z 
2025-08-20T17:46:22.6199510Z #31 [fees_h10 base 4/6] RUN if [ -n "" ] && [ -f "fees_h10/" ]; then         pip install -r fees_h10/requirements.txt -c fees_h10/;     else         pip install -r fees_h10/requirements.txt;     fi
2025-08-20T17:46:22.6211683Z #31 11.80 Successfully installed PyJWT-2.10.1 amqp-5.3.1 anyio-4.10.0 asyncpg-0.30.0 billiard-4.2.1 celery-5.4.0 certifi-2025.8.3 click-8.2.1 click-didyoumean-0.3.1 click-plugins-1.1.1.2 click-repl-0.3.0 greenlet-3.2.4 h11-0.16.0 httpcore-1.0.9 httpx-0.28.1 idna-3.10 kombu-5.5.4 packaging-25.0 prompt-toolkit-3.0.51 python-dateutil-2.9.0.post0 redis-5.3.1 six-1.17.0 sniffio-1.3.1 sqlalchemy-2.0.43 typing-extensions-4.14.1 tzdata-2025.2 vine-5.1.0 wcwidth-0.2.13
2025-08-20T17:46:22.6227051Z #31 11.80 WARNING: Running pip as the 'root' user can result in broken permissions and conflicting behaviour with the system package manager, possibly rendering your system unusable. It is recommended to use a virtual environment instead: https://pip.pypa.io/warnings/venv. Use the --root-user-action option if you know what you are doing and want to suppress this warning.
2025-08-20T17:46:22.6230666Z #31 11.92 
2025-08-20T17:46:22.6232106Z #31 11.92 [notice] A new release of pip is available: 25.0.1 -> 25.2
2025-08-20T17:46:22.6232711Z #31 11.92 [notice] To update, run: pip install --upgrade pip
2025-08-20T17:46:22.6233168Z #31 DONE 12.1s
2025-08-20T17:46:22.6233352Z 
2025-08-20T17:46:22.6233499Z #36 [fees_h10 base 5/6] COPY . ./fees_h10
2025-08-20T17:46:22.6233880Z #36 DONE 0.0s
2025-08-20T17:46:22.7387445Z 
2025-08-20T17:46:22.7390924Z #37 [fees_h10 base 6/6] COPY start.sh ./start.sh
2025-08-20T17:46:22.7400950Z #37 DONE 0.0s
2025-08-20T17:46:22.7401145Z 
2025-08-20T17:46:22.7401440Z #35 [api base  4/13] RUN pip install --no-cache-dir -r requirements.txt
2025-08-20T17:46:22.7402312Z #35 10.38 Collecting httptools>=0.5.0 (from uvicorn[standard]>=0.12.0->fastapi==0.111.0->-r requirements.txt (line 3))
2025-08-20T17:46:22.7403636Z #35 10.39   Downloading httptools-0.6.4-cp312-cp312-manylinux_2_5_x86_64.manylinux1_x86_64.manylinux_2_17_x86_64.manylinux2014_x86_64.whl.metadata (3.6 kB)
2025-08-20T17:46:22.7405435Z #35 10.48 Collecting pyyaml>=5.1 (from uvicorn[standard]>=0.12.0->fastapi==0.111.0->-r requirements.txt (line 3))
2025-08-20T17:46:22.7406506Z #35 10.49   Downloading PyYAML-6.0.2-cp312-cp312-manylinux_2_17_x86_64.manylinux2014_x86_64.whl.metadata (2.1 kB)
2025-08-20T17:46:22.7407560Z #35 10.56 Collecting uvloop!=0.15.0,!=0.15.1,>=0.14.0 (from uvicorn[standard]>=0.12.0->fastapi==0.111.0->-r requirements.txt (line 3))
2025-08-20T17:46:22.7408672Z #35 10.57   Downloading uvloop-0.21.0-cp312-cp312-manylinux_2_17_x86_64.manylinux2014_x86_64.whl.metadata (4.9 kB)
2025-08-20T17:46:22.7409740Z #35 10.67 Collecting watchfiles>=0.13 (from uvicorn[standard]>=0.12.0->fastapi==0.111.0->-r requirements.txt (line 3))
2025-08-20T17:46:22.7410902Z #35 10.68   Downloading watchfiles-1.1.0-cp312-cp312-manylinux_2_17_x86_64.manylinux2014_x86_64.whl.metadata (4.9 kB)
2025-08-20T17:46:22.7412220Z #35 10.88 Collecting websockets>=10.4 (from uvicorn[standard]>=0.12.0->fastapi==0.111.0->-r requirements.txt (line 3))
2025-08-20T17:46:22.7413527Z #35 10.89   Downloading websockets-15.0.1-cp312-cp312-manylinux_2_5_x86_64.manylinux1_x86_64.manylinux_2_17_x86_64.manylinux2014_x86_64.whl.metadata (6.8 kB)
2025-08-20T17:46:22.7415097Z #35 10.93 Collecting wcwidth (from prompt-toolkit>=3.0.36->click-repl>=0.2.0->celery==5.3.*->-r requirements.txt (line 11))
2025-08-20T17:46:22.7416057Z #35 10.94   Downloading wcwidth-0.2.13-py2.py3-none-any.whl.metadata (14 kB)
2025-08-20T17:46:22.7416995Z #35 11.01 Collecting rich>=13.7.1 (from rich-toolkit>=0.14.8->fastapi-cli>=0.0.2->fastapi==0.111.0->-r requirements.txt (line 3))
2025-08-20T17:46:22.7417885Z #35 11.02   Downloading rich-14.1.0-py3-none-any.whl.metadata (18 kB)
2025-08-20T17:46:22.7418801Z #35 11.08 Collecting shellingham>=1.3.0 (from typer>=0.15.1->fastapi-cli>=0.0.2->fastapi==0.111.0->-r requirements.txt (line 3))
2025-08-20T17:46:22.7419801Z #35 11.09   Downloading shellingham-1.5.4-py2.py3-none-any.whl.metadata (3.5 kB)
2025-08-20T17:46:22.7420886Z #35 11.17 Collecting markdown-it-py>=2.2.0 (from rich>=13.7.1->rich-toolkit>=0.14.8->fastapi-cli>=0.0.2->fastapi==0.111.0->-r requirements.txt (line 3))
2025-08-20T17:46:22.7421943Z #35 11.18   Downloading markdown_it_py-4.0.0-py3-none-any.whl.metadata (7.3 kB)
2025-08-20T17:46:22.7422957Z #35 11.21 Collecting pygments<3.0.0,>=2.13.0 (from rich>=13.7.1->rich-toolkit>=0.14.8->fastapi-cli>=0.0.2->fastapi==0.111.0->-r requirements.txt (line 3))
2025-08-20T17:46:22.7423995Z #35 11.22   Downloading pygments-2.19.2-py3-none-any.whl.metadata (2.5 kB)
2025-08-20T17:46:22.7426830Z #35 11.24 Collecting mdurl~=0.1 (from markdown-it-py>=2.2.0->rich>=13.7.1->rich-toolkit>=0.14.8->fastapi-cli>=0.0.2->fastapi==0.111.0->-r requirements.txt (line 3))
2025-08-20T17:46:22.7441261Z #35 11.25   Downloading mdurl-0.1.2-py3-none-any.whl.metadata (1.6 kB)
2025-08-20T17:46:22.7441948Z #35 11.27 Downloading uvicorn-0.29.0-py3-none-any.whl (60 kB)
2025-08-20T17:46:22.7442609Z #35 11.28 Downloading pydantic_settings-2.2.1-py3-none-any.whl (13 kB)
2025-08-20T17:46:22.7443280Z #35 11.28 Downloading fastapi-0.111.0-py3-none-any.whl (91 kB)
2025-08-20T17:46:22.7444293Z #35 11.30 Downloading SQLAlchemy-2.0.29-cp312-cp312-manylinux_2_17_x86_64.manylinux2014_x86_64.whl (3.2 MB)
2025-08-20T17:46:22.7445503Z #35 11.33    ━━━━━━━━━━━━━━━━━━━━━━━━━━━━━━━━━━━━━━━━ 3.2/3.2 MB 189.1 MB/s eta 0:00:00
2025-08-20T17:46:22.7446088Z #35 11.33 Downloading alembic-1.13.1-py3-none-any.whl (233 kB)
2025-08-20T17:46:22.7446697Z #35 11.34 Downloading psycopg-3.2.9-py3-none-any.whl (202 kB)
2025-08-20T17:46:22.7447293Z #35 11.35 Downloading httpx-0.27.2-py3-none-any.whl (76 kB)
2025-08-20T17:46:22.7448076Z #35 11.36 Downloading asyncpg-0.29.0-cp312-cp312-manylinux_2_17_x86_64.manylinux2014_x86_64.whl (3.3 MB)
2025-08-20T17:46:22.7448992Z #35 11.38    ━━━━━━━━━━━━━━━━━━━━━━━━━━━━━━━━━━━━━━━━ 3.3/3.3 MB 242.2 MB/s eta 0:00:00
2025-08-20T17:46:22.7449581Z #35 11.39 Downloading boto3-1.34.162-py3-none-any.whl (139 kB)
2025-08-20T17:46:22.7450157Z #35 11.40 Downloading jinja2-3.1.5-py3-none-any.whl (134 kB)
2025-08-20T17:46:22.7450996Z #35 11.41 Downloading celery-5.3.6-py3-none-any.whl (422 kB)
2025-08-20T17:46:22.7451587Z #35 11.42 Downloading structlog-24.1.0-py3-none-any.whl (65 kB)
2025-08-20T17:46:22.7452238Z #35 11.43 Downloading asgi_correlation_id-4.3.1-py3-none-any.whl (15 kB)
2025-08-20T17:46:22.7452909Z #35 11.44 Downloading fastapi_limiter-0.1.6-py3-none-any.whl (15 kB)
2025-08-20T17:46:22.7453521Z #35 11.45 Downloading redis-5.0.8-py3-none-any.whl (255 kB)
2025-08-20T17:46:22.7454279Z #35 11.46 Downloading sentry_sdk-2.9.0-py2.py3-none-any.whl (301 kB)
2025-08-20T17:46:22.7454911Z #35 11.47 Downloading httpcore-1.0.9-py3-none-any.whl (78 kB)
2025-08-20T17:46:22.7455724Z #35 11.48 Downloading psycopg_binary-3.2.9-cp312-cp312-manylinux_2_17_x86_64.manylinux2014_x86_64.whl (4.4 MB)
2025-08-20T17:46:22.7456916Z #35 11.50    ━━━━━━━━━━━━━━━━━━━━━━━━━━━━━━━━━━━━━━━━ 4.4/4.4 MB 202.0 MB/s eta 0:00:00
2025-08-20T17:46:22.7457523Z #35 11.51 Downloading billiard-4.2.1-py3-none-any.whl (86 kB)
2025-08-20T17:46:22.7458140Z #35 11.52 Downloading botocore-1.34.162-py3-none-any.whl (12.5 MB)
2025-08-20T17:46:22.7458899Z #35 11.56    ━━━━━━━━━━━━━━━━━━━━━━━━━━━━━━━━━━━━━━━━ 12.5/12.5 MB 306.8 MB/s eta 0:00:00
2025-08-20T17:46:22.7459440Z #35 11.57 Downloading click-8.2.1-py3-none-any.whl (102 kB)
2025-08-20T17:46:22.7460055Z #35 11.58 Downloading click_didyoumean-0.3.1-py3-none-any.whl (3.6 kB)
2025-08-20T17:46:22.7460751Z #35 11.59 Downloading click_plugins-1.1.1.2-py2.py3-none-any.whl (11 kB)
2025-08-20T17:46:22.7461401Z #35 11.60 Downloading click_repl-0.3.0-py3-none-any.whl (10 kB)
2025-08-20T17:46:22.7462032Z #35 11.61 Downloading email_validator-2.2.0-py3-none-any.whl (33 kB)
2025-08-20T17:46:22.7462665Z #35 11.62 Downloading fastapi_cli-0.0.8-py3-none-any.whl (10 kB)
2025-08-20T17:46:22.7463504Z #35 11.62 Downloading greenlet-3.2.4-cp312-cp312-manylinux_2_24_x86_64.manylinux_2_28_x86_64.whl (607 kB)
2025-08-20T17:46:22.7464659Z #35 11.63    ━━━━━━━━━━━━━━━━━━━━━━━━━━━━━━━━━━━━━━━ 607.6/607.6 kB 388.2 MB/s eta 0:00:00
2025-08-20T17:46:22.7465261Z #35 11.64 Downloading h11-0.16.0-py3-none-any.whl (37 kB)
2025-08-20T17:46:22.7489801Z #35 11.65 Downloading idna-3.10-py3-none-any.whl (70 kB)
2025-08-20T17:46:22.7490402Z #35 11.65 Downloading jmespath-1.0.1-py3-none-any.whl (20 kB)
2025-08-20T17:46:22.7490981Z #35 11.66 Downloading kombu-5.5.4-py3-none-any.whl (210 kB)
2025-08-20T17:46:22.7491525Z #35 11.67 Downloading vine-5.1.0-py3-none-any.whl (9.6 kB)
2025-08-20T17:46:22.7492350Z #35 11.68 Downloading MarkupSafe-3.0.2-cp312-cp312-manylinux_2_17_x86_64.manylinux2014_x86_64.whl (23 kB)
2025-08-20T17:46:22.7493361Z #35 11.69 Downloading orjson-3.11.2-cp312-cp312-manylinux_2_17_x86_64.manylinux2014_x86_64.whl (121 kB)
2025-08-20T17:46:22.7494319Z #35 11.70 Downloading pydantic-2.11.7-py3-none-any.whl (444 kB)
2025-08-20T17:46:22.7495181Z #35 11.71 Downloading pydantic_core-2.33.2-cp312-cp312-manylinux_2_17_x86_64.manylinux2014_x86_64.whl (2.0 MB)
2025-08-20T17:46:22.7496242Z #35 11.72    ━━━━━━━━━━━━━━━━━━━━━━━━━━━━━━━━━━━━━━━━ 2.0/2.0 MB 351.1 MB/s eta 0:00:00
2025-08-20T17:46:22.7496944Z #35 11.73 Downloading python_dateutil-2.9.0.post0-py2.py3-none-any.whl (229 kB)
2025-08-20T17:46:22.7497665Z #35 11.74 Downloading python_dotenv-1.1.1-py3-none-any.whl (20 kB)
2025-08-20T17:46:22.7498343Z #35 11.74 Downloading python_multipart-0.0.20-py3-none-any.whl (24 kB)
2025-08-20T17:46:22.7499008Z #35 11.75 Downloading s3transfer-0.10.4-py3-none-any.whl (83 kB)
2025-08-20T17:46:22.7499618Z #35 11.76 Downloading starlette-0.37.2-py3-none-any.whl (71 kB)
2025-08-20T17:46:22.7500218Z #35 11.77 Downloading anyio-4.10.0-py3-none-any.whl (107 kB)
2025-08-20T17:46:22.7500810Z #35 11.78 Downloading sniffio-1.3.1-py3-none-any.whl (10 kB)
2025-08-20T17:46:22.7501446Z #35 11.79 Downloading typing_extensions-4.14.1-py3-none-any.whl (43 kB)
2025-08-20T17:46:22.7502109Z #35 11.80 Downloading tzdata-2025.2-py2.py3-none-any.whl (347 kB)
2025-08-20T17:46:22.7502918Z #35 11.81 Downloading ujson-5.11.0-cp312-cp312-manylinux_2_24_x86_64.manylinux_2_28_x86_64.whl (57 kB)
2025-08-20T17:46:22.7503935Z #35 11.82 Downloading urllib3-2.5.0-py3-none-any.whl (129 kB)
2025-08-20T17:46:22.7504773Z #35 11.83 Downloading certifi-2025.8.3-py3-none-any.whl (161 kB)
2025-08-20T17:46:22.7505381Z #35 11.84 Downloading mako-1.3.10-py3-none-any.whl (78 kB)
2025-08-20T17:46:22.7505941Z #35 11.84 Downloading amqp-5.3.1-py3-none-any.whl (50 kB)
2025-08-20T17:46:22.7506545Z #35 11.85 Downloading annotated_types-0.7.0-py3-none-any.whl (13 kB)
2025-08-20T17:46:22.7507174Z #35 11.86 Downloading dnspython-2.7.0-py3-none-any.whl (313 kB)
2025-08-20T17:46:22.7508204Z #35 11.87 Downloading httptools-0.6.4-cp312-cp312-manylinux_2_5_x86_64.manylinux1_x86_64.manylinux_2_17_x86_64.manylinux2014_x86_64.whl (510 kB)
2025-08-20T17:46:22.7509211Z #35 11.88 Downloading prompt_toolkit-3.0.51-py3-none-any.whl (387 kB)
2025-08-20T17:46:22.7510304Z #35 11.89 Downloading PyYAML-6.0.2-cp312-cp312-manylinux_2_17_x86_64.manylinux2014_x86_64.whl (767 kB)
2025-08-20T17:46:22.7511265Z #35 11.89    ━━━━━━━━━━━━━━━━━━━━━━━━━━━━━━━━━━━━━━━ 767.5/767.5 kB 405.6 MB/s eta 0:00:00
2025-08-20T17:46:22.7511933Z #35 11.90 Downloading rich_toolkit-0.15.0-py3-none-any.whl (29 kB)
2025-08-20T17:46:22.7512577Z #35 11.91 Downloading six-1.17.0-py2.py3-none-any.whl (11 kB)
2025-08-20T17:46:22.7513130Z #35 11.92 Downloading typer-0.16.1-py3-none-any.whl (46 kB)
2025-08-20T17:46:22.7513774Z #35 11.93 Downloading typing_inspection-0.4.1-py3-none-any.whl (14 kB)
2025-08-20T17:46:22.7514787Z #35 11.93 Downloading uvloop-0.21.0-cp312-cp312-manylinux_2_17_x86_64.manylinux2014_x86_64.whl (4.7 MB)
2025-08-20T17:46:22.7519722Z #35 11.95    ━━━━━━━━━━━━━━━━━━━━━━━━━━━━━━━━━━━━━━━━ 4.7/4.7 MB 278.7 MB/s eta 0:00:00
2025-08-20T17:46:22.7520558Z #35 11.97 Downloading watchfiles-1.1.0-cp312-cp312-manylinux_2_17_x86_64.manylinux2014_x86_64.whl (452 kB)
2025-08-20T17:46:22.7521831Z #35 11.98 Downloading websockets-15.0.1-cp312-cp312-manylinux_2_5_x86_64.manylinux1_x86_64.manylinux_2_17_x86_64.manylinux2014_x86_64.whl (182 kB)
2025-08-20T17:46:22.7522866Z #35 11.99 Downloading packaging-25.0-py3-none-any.whl (66 kB)
2025-08-20T17:46:22.7523459Z #35 11.99 Downloading rich-14.1.0-py3-none-any.whl (243 kB)
2025-08-20T17:46:22.7524601Z #35 12.00 Downloading shellingham-1.5.4-py2.py3-none-any.whl (9.8 kB)
2025-08-20T17:46:22.7525290Z #35 12.01 Downloading wcwidth-0.2.13-py2.py3-none-any.whl (34 kB)
2025-08-20T17:46:22.7525934Z #35 12.02 Downloading markdown_it_py-4.0.0-py3-none-any.whl (87 kB)
2025-08-20T17:46:22.7526558Z #35 12.03 Downloading pygments-2.19.2-py3-none-any.whl (1.2 MB)
2025-08-20T17:46:22.7527301Z #35 12.04    ━━━━━━━━━━━━━━━━━━━━━━━━━━━━━━━━━━━━━━━━ 1.2/1.2 MB 101.5 MB/s eta 0:00:00
2025-08-20T17:46:22.7528269Z #35 12.05 Downloading mdurl-0.1.2-py3-none-any.whl (10.0 kB)
2025-08-20T17:46:23.0090663Z #35 12.43 Installing collected packages: wcwidth, websockets, vine, uvloop, urllib3, ujson, tzdata, typing-extensions, structlog, sniffio, six, shellingham, redis, pyyaml, python-multipart, python-dotenv, pygments, psycopg-binary, prompt-toolkit, packaging, orjson, mdurl, MarkupSafe, jmespath, idna, httptools, h11, greenlet, dnspython, click, certifi, billiard, asyncpg, annotated-types, uvicorn, typing-inspection, sqlalchemy, sentry-sdk, python-dateutil, pydantic-core, psycopg, markdown-it-py, Mako, Jinja2, httpcore, email_validator, click-repl, click-plugins, click-didyoumean, anyio, amqp, watchfiles, starlette, rich, pydantic, kombu, httpx, botocore, alembic, typer, s3transfer, rich-toolkit, pydantic-settings, celery, asgi-correlation-id, fastapi-cli, boto3, fastapi, fastapi-limiter
2025-08-20T17:46:23.1096352Z #35 ...
2025-08-20T17:46:23.1098917Z 
2025-08-20T17:46:23.1100300Z #33 [postgres 2/6] RUN set -eux;     if [ -f /etc/apt/sources.list ]; then         sed -i 's|http://deb.debian.org|https://deb.debian.org|g' /etc/apt/sources.list;     fi;     apt-get update;     apt-get install -y locales;     locale-gen en_US.UTF-8;     rm -rf /var/lib/apt/lists/*
2025-08-20T17:46:23.1105344Z #33 3.855   en_US.UTF-8... done
2025-08-20T17:46:23.1110691Z #33 5.380 + rm -rf /var/lib/apt/lists/apt.postgresql.org_pub_repos_apt_dists_trixie-pgdg_16_binary-amd64_Packages.lz4 /var/lib/apt/lists/apt.postgresql.org_pub_repos_apt_dists_trixie-pgdg_InRelease /var/lib/apt/lists/apt.postgresql.org_pub_repos_apt_dists_trixie-pgdg_main_binary-amd64_Packages.lz4 /var/lib/apt/lists/auxfiles /var/lib/apt/lists/deb.debian.org_debian-security_dists_trixie-security_InRelease /var/lib/apt/lists/deb.debian.org_debian-security_dists_trixie-security_main_binary-amd64_Packages.lz4 /var/lib/apt/lists/deb.debian.org_debian_dists_trixie-updates_InRelease /var/lib/apt/lists/deb.debian.org_debian_dists_trixie-updates_main_binary-amd64_Packages.lz4 /var/lib/apt/lists/deb.debian.org_debian_dists_trixie_InRelease /var/lib/apt/lists/deb.debian.org_debian_dists_trixie_main_binary-amd64_Packages.lz4 /var/lib/apt/lists/lock /var/lib/apt/lists/partial
2025-08-20T17:46:23.1123630Z #33 5.381 Generation complete.
2025-08-20T17:46:23.1124034Z #33 DONE 5.4s
2025-08-20T17:46:23.1129548Z 
2025-08-20T17:46:23.1129919Z #38 [postgres 3/6] COPY docker/postgres/pg_hba.conf /etc/postgresql/pg_hba.conf
2025-08-20T17:46:23.1130523Z #38 DONE 0.0s
2025-08-20T17:46:23.2169362Z 
2025-08-20T17:46:23.2170504Z #39 [postgres 4/6] COPY docker/postgres/init-pg_hba.sh /docker-entrypoint-initdb.d/10_init_pg_hba.sh
2025-08-20T17:46:23.2174007Z #39 DONE 0.0s
2025-08-20T17:46:23.2178256Z 
2025-08-20T17:46:23.2179168Z #40 [postgres 5/6] COPY docker/postgres/postgresql.conf /etc/postgresql/postgresql.conf
2025-08-20T17:46:23.2180430Z #40 DONE 0.0s
2025-08-20T17:46:23.2180978Z 
2025-08-20T17:46:23.2183104Z #34 [celery_worker base 4/5] RUN if [ -n "" ] && [ -f "" ]; then         pip install -r requirements.txt -c "";     else         pip install -r requirements.txt;     fi
2025-08-20T17:46:23.2187432Z #34 10.43 Collecting pydantic-core==2.33.2 (from pydantic->keepa==1.3.14->-r requirements.txt (line 1))
2025-08-20T17:46:23.2188828Z #34 10.43   Downloading pydantic_core-2.33.2-cp312-cp312-manylinux_2_17_x86_64.manylinux2014_x86_64.whl.metadata (6.8 kB)
2025-08-20T17:46:23.2189949Z #34 10.52 Collecting typing-extensions>=4.12.2 (from pydantic->keepa==1.3.14->-r requirements.txt (line 1))
2025-08-20T17:46:23.2191064Z #34 10.53   Downloading typing_extensions-4.14.1-py3-none-any.whl.metadata (3.0 kB)
2025-08-20T17:46:23.2192190Z #34 10.55 Collecting typing-inspection>=0.4.0 (from pydantic->keepa==1.3.14->-r requirements.txt (line 1))
2025-08-20T17:46:23.2193136Z #34 10.56   Downloading typing_inspection-0.4.1-py3-none-any.whl.metadata (2.6 kB)
2025-08-20T17:46:23.2195621Z #34 10.67 Collecting charset_normalizer<4,>=2 (from requests>=2.2->keepa==1.3.14->-r requirements.txt (line 1))
2025-08-20T17:46:23.2197061Z #34 10.68   Downloading charset_normalizer-3.4.3-cp312-cp312-manylinux2014_x86_64.manylinux_2_17_x86_64.manylinux_2_28_x86_64.whl.metadata (36 kB)
2025-08-20T17:46:23.2198245Z #34 10.71 Collecting idna<4,>=2.5 (from requests>=2.2->keepa==1.3.14->-r requirements.txt (line 1))
2025-08-20T17:46:23.2199165Z #34 10.71   Downloading idna-3.10-py3-none-any.whl.metadata (10 kB)
2025-08-20T17:46:23.2200217Z #34 10.76 Collecting mypy-extensions>=0.3.0 (from typing-inspect>=0.6.0->pandera==0.19.*->-r requirements.txt (line 9))
2025-08-20T17:46:23.2201198Z #34 10.77   Downloading mypy_extensions-1.1.0-py3-none-any.whl.metadata (1.1 kB)
2025-08-20T17:46:23.2202255Z #34 10.81 Collecting aiohappyeyeballs>=2.5.0 (from aiohttp->keepa==1.3.14->-r requirements.txt (line 1))
2025-08-20T17:46:23.2203305Z #34 10.82   Downloading aiohappyeyeballs-2.6.1-py3-none-any.whl.metadata (5.9 kB)
2025-08-20T17:46:23.2204295Z #34 10.84 Collecting aiosignal>=1.4.0 (from aiohttp->keepa==1.3.14->-r requirements.txt (line 1))
2025-08-20T17:46:23.2205251Z #34 10.85   Downloading aiosignal-1.4.0-py3-none-any.whl.metadata (3.7 kB)
2025-08-20T17:46:23.2206251Z #34 10.88 Collecting attrs>=17.3.0 (from aiohttp->keepa==1.3.14->-r requirements.txt (line 1))
2025-08-20T17:46:23.2207018Z #34 10.89   Downloading attrs-25.3.0-py3-none-any.whl.metadata (10 kB)
2025-08-20T17:46:23.2208138Z #34 11.05 Collecting frozenlist>=1.1.1 (from aiohttp->keepa==1.3.14->-r requirements.txt (line 1))
2025-08-20T17:46:23.2209392Z #34 11.05   Downloading frozenlist-1.7.0-cp312-cp312-manylinux_2_5_x86_64.manylinux1_x86_64.manylinux_2_17_x86_64.manylinux2014_x86_64.whl.metadata (18 kB)
2025-08-20T17:46:23.2210590Z #34 11.39 Collecting multidict<7.0,>=4.5 (from aiohttp->keepa==1.3.14->-r requirements.txt (line 1))
2025-08-20T17:46:23.2211709Z #34 11.39   Downloading multidict-6.6.4-cp312-cp312-manylinux2014_x86_64.manylinux_2_17_x86_64.manylinux_2_28_x86_64.whl.metadata (5.3 kB)
2025-08-20T17:46:23.2212825Z #34 11.46 Collecting propcache>=0.2.0 (from aiohttp->keepa==1.3.14->-r requirements.txt (line 1))
2025-08-20T17:46:23.2213832Z #34 11.47   Downloading propcache-0.3.2-cp312-cp312-manylinux_2_17_x86_64.manylinux2014_x86_64.whl.metadata (12 kB)
2025-08-20T17:46:23.2215700Z #34 11.82 Collecting yarl<2.0,>=1.17.0 (from aiohttp->keepa==1.3.14->-r requirements.txt (line 1))
2025-08-20T17:46:23.2216667Z #34 11.82   Downloading yarl-1.20.1-cp312-cp312-manylinux_2_17_x86_64.manylinux2014_x86_64.whl.metadata (73 kB)
2025-08-20T17:46:23.2217758Z #34 11.93 Collecting wcwidth (from prompt-toolkit>=3.0.36->click-repl>=0.2.0->celery==5.3.*->-r requirements.txt (line 3))
2025-08-20T17:46:23.2218709Z #34 11.94   Downloading wcwidth-0.2.13-py2.py3-none-any.whl.metadata (14 kB)
2025-08-20T17:46:23.2219368Z #34 12.24 Downloading keepa-1.3.14-py3-none-any.whl (33 kB)
2025-08-20T17:46:23.2219927Z #34 12.25 Downloading minio-7.1.15-py3-none-any.whl (77 kB)
2025-08-20T17:46:23.2220487Z #34 12.26 Downloading celery-5.3.6-py3-none-any.whl (422 kB)
2025-08-20T17:46:23.2221037Z #34 12.28 Downloading redis-5.3.1-py3-none-any.whl (272 kB)
2025-08-20T17:46:23.2221661Z #34 12.30 Downloading python_amazon_sp_api-0.8.0-py3-none-any.whl (93 kB)
2025-08-20T17:46:23.2222351Z #34 12.31 Downloading pydantic_settings-2.2.1-py3-none-any.whl (13 kB)
2025-08-20T17:46:23.2223205Z #34 12.32 Downloading pandas-2.2.3-cp312-cp312-manylinux_2_17_x86_64.manylinux2014_x86_64.whl (12.7 MB)
2025-08-20T17:46:23.2224512Z #34 12.40    ━━━━━━━━━━━━━━━━━━━━━━━━━━━━━━━━━━━━━━━━ 12.7/12.7 MB 170.1 MB/s eta 0:00:00
2025-08-20T17:46:23.2225107Z #34 12.41 Downloading pandera-0.19.3-py3-none-any.whl (251 kB)
2025-08-20T17:46:23.2225803Z #34 12.43 Downloading openpyxl-3.1.5-py2.py3-none-any.whl (250 kB)
2025-08-20T17:46:23.2226743Z #34 12.45 Downloading psycopg2_binary-2.9.10-cp312-cp312-manylinux_2_17_x86_64.manylinux2014_x86_64.whl (3.0 MB)
2025-08-20T17:46:23.2227731Z #34 12.47    ━━━━━━━━━━━━━━━━━━━━━━━━━━━━━━━━━━━━━━━━ 3.0/3.0 MB 163.8 MB/s eta 0:00:00
2025-08-20T17:46:23.2228476Z #34 12.48 Downloading numpy-1.26.4-cp312-cp312-manylinux_2_17_x86_64.manylinux2014_x86_64.whl (18.0 MB)
2025-08-20T17:46:23.2229384Z #34 12.61    ━━━━━━━━━━━━━━━━━━━━━━━━━━━━━━━━━━━━━━━━ 18.0/18.0 MB 145.3 MB/s eta 0:00:00
2025-08-20T17:46:23.2229962Z #34 12.62 Downloading billiard-4.2.1-py3-none-any.whl (86 kB)
2025-08-20T17:46:23.2230506Z #34 12.63 Downloading boto3-1.40.13-py3-none-any.whl (140 kB)
2025-08-20T17:46:23.2231267Z #34 12.64 Downloading cachetools-4.2.4-py3-none-any.whl (10 kB)
2025-08-20T17:46:23.2231818Z #34 12.66 Downloading click-8.2.1-py3-none-any.whl (102 kB)
2025-08-20T17:46:23.2232442Z #34 12.67 Downloading click_didyoumean-0.3.1-py3-none-any.whl (3.6 kB)
2025-08-20T17:46:23.2233136Z #34 12.71 Downloading click_plugins-1.1.1.2-py2.py3-none-any.whl (11 kB)
2025-08-20T17:46:23.3286364Z #34 12.71 Downloading click_repl-0.3.0-py3-none-any.whl (10 kB)
2025-08-20T17:46:23.3287341Z #34 12.73 Downloading confuse-1.4.0-py2.py3-none-any.whl (21 kB)
2025-08-20T17:46:23.3287983Z #34 12.74 Downloading kombu-5.5.4-py3-none-any.whl (210 kB)
2025-08-20T17:46:23.3292593Z #34 12.75 Downloading vine-5.1.0-py3-none-any.whl (9.6 kB)
2025-08-20T17:46:23.3295157Z #34 12.76 Downloading multimethod-1.10-py3-none-any.whl (9.9 kB)
2025-08-20T17:46:23.3296156Z #34 12.77 Downloading packaging-25.0-py3-none-any.whl (66 kB)
2025-08-20T17:46:23.3296822Z #34 12.79 Downloading pydantic-2.11.7-py3-none-any.whl (444 kB)
2025-08-20T17:46:23.3297706Z #34 12.80 Downloading pydantic_core-2.33.2-cp312-cp312-manylinux_2_17_x86_64.manylinux2014_x86_64.whl (2.0 MB)
2025-08-20T17:46:23.4326568Z #34 ...
2025-08-20T17:46:23.4330410Z 
2025-08-20T17:46:23.4331029Z #41 [postgres 6/6] RUN chmod 0644 /etc/postgresql/pg_hba.conf &&     chmod +x /docker-entrypoint-initdb.d/10_init_pg_hba.sh
2025-08-20T17:46:23.4331827Z #41 DONE 0.2s
2025-08-20T17:46:23.4332006Z 
2025-08-20T17:46:23.4332586Z #34 [celery_worker base 4/5] RUN if [ -n "" ] && [ -f "" ]; then         pip install -r requirements.txt -c "";     else         pip install -r requirements.txt;     fi
2025-08-20T17:46:23.4333880Z #34 12.83    ━━━━━━━━━━━━━━━━━━━━━━━━━━━━━━━━━━━━━━━━ 2.0/2.0 MB 98.2 MB/s eta 0:00:00
2025-08-20T17:46:23.4334659Z #34 12.83 Downloading PyJWT-2.10.1-py3-none-any.whl (22 kB)
2025-08-20T17:46:23.4335405Z #34 12.85 Downloading python_dateutil-2.9.0.post0-py2.py3-none-any.whl (229 kB)
2025-08-20T17:46:23.4336149Z #34 12.86 Downloading python_dotenv-1.1.1-py3-none-any.whl (20 kB)
2025-08-20T17:46:23.4336824Z #34 12.88 Downloading pytz-2025.2-py2.py3-none-any.whl (509 kB)
2025-08-20T17:46:23.4337454Z #34 12.89 Downloading requests-2.32.5-py3-none-any.whl (64 kB)
2025-08-20T17:46:23.4351817Z #34 12.91 Downloading certifi-2025.8.3-py3-none-any.whl (161 kB)
2025-08-20T17:46:23.5406873Z #34 12.93 Downloading six-1.17.0-py2.py3-none-any.whl (11 kB)
2025-08-20T17:46:23.5407569Z #34 12.94 Downloading typing_inspect-0.9.0-py3-none-any.whl (8.8 kB)
2025-08-20T17:46:23.5409429Z #34 12.95 Downloading tzdata-2025.2-py2.py3-none-any.whl (347 kB)
2025-08-20T17:46:23.5410707Z #34 12.96 Downloading urllib3-2.5.0-py3-none-any.whl (129 kB)
2025-08-20T17:46:23.5411623Z #34 12.99 Downloading aiohttp-3.12.15-cp312-cp312-manylinux_2_17_x86_64.manylinux2014_x86_64.whl (1.7 MB)
2025-08-20T17:46:23.5412818Z #34 13.01    ━━━━━━━━━━━━━━━━━━━━━━━━━━━━━━━━━━━━━━━━ 1.7/1.7 MB 71.6 MB/s eta 0:00:00
2025-08-20T17:46:23.5413446Z #34 13.02 Downloading et_xmlfile-2.0.0-py3-none-any.whl (18 kB)
2025-08-20T17:46:23.6478464Z #34 13.04 Downloading pycryptodome-3.23.0-cp37-abi3-manylinux_2_17_x86_64.manylinux2014_x86_64.whl (2.3 MB)
2025-08-20T17:46:23.6480428Z #34 13.05    ━━━━━━━━━━━━━━━━━━━━━━━━━━━━━━━━━━━━━━━━ 2.3/2.3 MB 117.2 MB/s eta 0:00:00
2025-08-20T17:46:23.6481423Z #34 13.06 Downloading tqdm-4.67.1-py3-none-any.whl (78 kB)
2025-08-20T17:46:23.6482788Z #34 13.08 Downloading typeguard-4.4.4-py3-none-any.whl (34 kB)
2025-08-20T17:46:23.6483870Z #34 13.09 Downloading wrapt-1.17.3-cp312-cp312-manylinux1_x86_64.manylinux_2_28_x86_64.manylinux_2_5_x86_64.whl (88 kB)
2025-08-20T17:46:23.6485252Z #34 13.12 Downloading aiohappyeyeballs-2.6.1-py3-none-any.whl (15 kB)
2025-08-20T17:46:23.6486308Z #34 13.12 Downloading aiosignal-1.4.0-py3-none-any.whl (7.5 kB)
2025-08-20T17:46:23.6487158Z #34 13.13 Downloading amqp-5.3.1-py3-none-any.whl (50 kB)
2025-08-20T17:46:23.6487860Z #34 13.14 Downloading annotated_types-0.7.0-py3-none-any.whl (13 kB)
2025-08-20T17:46:23.8535877Z #34 13.19 Downloading attrs-25.3.0-py3-none-any.whl (63 kB)
2025-08-20T17:46:23.8537090Z #34 13.22 Downloading botocore-1.40.13-py3-none-any.whl (14.0 MB)
2025-08-20T17:46:23.9640769Z #34 13.35    ━━━━━━━━━━━━━━━━━━━━━━━━━━━━━━━━━━━━━━━━ 14.0/14.0 MB 112.9 MB/s eta 0:00:00
2025-08-20T17:46:23.9641872Z #34 13.36 Downloading charset_normalizer-3.4.3-cp312-cp312-manylinux2014_x86_64.manylinux_2_17_x86_64.manylinux_2_28_x86_64.whl (151 kB)
2025-08-20T17:46:23.9643295Z #34 13.37 Downloading frozenlist-1.7.0-cp312-cp312-manylinux_2_5_x86_64.manylinux1_x86_64.manylinux_2_17_x86_64.manylinux2014_x86_64.whl (241 kB)
2025-08-20T17:46:23.9647861Z #34 13.39 Downloading idna-3.10-py3-none-any.whl (70 kB)
2025-08-20T17:46:23.9648474Z #34 13.40 Downloading jmespath-1.0.1-py3-none-any.whl (20 kB)
2025-08-20T17:46:23.9649419Z #34 13.43 Downloading multidict-6.6.4-cp312-cp312-manylinux2014_x86_64.manylinux_2_17_x86_64.manylinux_2_28_x86_64.whl (256 kB)
2025-08-20T17:46:23.9650723Z #34 13.44 Downloading mypy_extensions-1.1.0-py3-none-any.whl (5.0 kB)
2025-08-20T17:46:24.0851991Z #34 13.46 Downloading prompt_toolkit-3.0.51-py3-none-any.whl (387 kB)
2025-08-20T17:46:24.0863658Z #34 13.48 Downloading propcache-0.3.2-cp312-cp312-manylinux_2_17_x86_64.manylinux2014_x86_64.whl (224 kB)
2025-08-20T17:46:24.0867682Z #34 13.49 Downloading s3transfer-0.13.1-py3-none-any.whl (85 kB)
2025-08-20T17:46:24.0868413Z #34 13.51 Downloading typing_extensions-4.14.1-py3-none-any.whl (43 kB)
2025-08-20T17:46:24.0869167Z #34 13.52 Downloading typing_inspection-0.4.1-py3-none-any.whl (14 kB)
2025-08-20T17:46:24.0870048Z #34 13.54 Downloading yarl-1.20.1-cp312-cp312-manylinux_2_17_x86_64.manylinux2014_x86_64.whl (355 kB)
2025-08-20T17:46:24.0871059Z #34 13.56 Downloading PyYAML-6.0.2-cp312-cp312-manylinux_2_17_x86_64.manylinux2014_x86_64.whl (767 kB)
2025-08-20T17:46:24.2477184Z #34 13.58    ━━━━━━━━━━━━━━━━━━━━━━━━━━━━━━━━━━━━━━━━ 767.5/767.5 kB 38.0 MB/s eta 0:00:00
2025-08-20T17:46:24.2478241Z #34 13.59 Downloading wcwidth-0.2.13-py2.py3-none-any.whl (34 kB)
2025-08-20T17:46:24.5251803Z #34 14.02 Installing collected packages: wcwidth, pytz, wrapt, vine, urllib3, tzdata, typing-extensions, tqdm, six, pyyaml, python-dotenv, PyJWT, pycryptodome, psycopg2-binary, propcache, prompt-toolkit, packaging, numpy, mypy-extensions, multimethod, multidict, jmespath, idna, frozenlist, et-xmlfile, click, charset_normalizer, certifi, cachetools, billiard, attrs, annotated-types, aiohappyeyeballs, yarl, typing-inspection, typing-inspect, typeguard, requests, redis, python-dateutil, pydantic-core, openpyxl, minio, confuse, click-repl, click-plugins, click-didyoumean, amqp, aiosignal, pydantic, pandas, kombu, botocore, aiohttp, s3transfer, pydantic-settings, pandera, keepa, celery, boto3, python-amazon-sp-api
2025-08-20T17:46:24.9075526Z #34 ...
2025-08-20T17:46:24.9076040Z 
2025-08-20T17:46:24.9076197Z #42 [postgres] exporting to image
2025-08-20T17:46:24.9076639Z #42 exporting layers 1.3s done
2025-08-20T17:46:24.9077390Z #42 writing image sha256:e4fc22c03bd89848eb030b25c9d52f3cf3bb88d4c15960ca4b2070de5829c1e9 done
2025-08-20T17:46:24.9078233Z #42 naming to docker.io/library/awa-app-postgres done
2025-08-20T17:46:24.9078698Z #42 DONE 1.3s
2025-08-20T17:46:24.9078878Z 
2025-08-20T17:46:24.9079077Z #43 [postgres] resolving provenance for metadata file
2025-08-20T17:46:24.9079518Z #43 DONE 0.0s
2025-08-20T17:46:25.0576752Z 
2025-08-20T17:46:25.0577413Z #44 [fees_h10 stage-1 3/5] COPY --from=base /usr/local /usr/local
2025-08-20T17:46:25.3612950Z #44 DONE 2.0s
2025-08-20T17:46:25.3613217Z 
2025-08-20T17:46:25.3613868Z #34 [celery_worker base 4/5] RUN if [ -n "" ] && [ -f "" ]; then         pip install -r requirements.txt -c "";     else         pip install -r requirements.txt;     fi
2025-08-20T17:46:25.5304937Z #34 ...
2025-08-20T17:46:25.5306320Z 
2025-08-20T17:46:25.5306687Z #45 [fees_h10 stage-1 4/5] COPY --from=base /app /app
2025-08-20T17:46:25.5309268Z #45 DONE 0.0s
2025-08-20T17:46:25.5523735Z 
2025-08-20T17:46:25.5525265Z #46 [fees_h10 stage-1 5/5] RUN chmod +x ./start.sh
2025-08-20T17:46:25.5527025Z #46 DONE 0.2s
2025-08-20T17:46:25.5527500Z 
2025-08-20T17:46:25.5528101Z #34 [celery_worker base 4/5] RUN if [ -n "" ] && [ -f "" ]; then         pip install -r requirements.txt -c "";     else         pip install -r requirements.txt;     fi
2025-08-20T17:46:27.1129399Z #34 ...
2025-08-20T17:46:27.1129967Z 
2025-08-20T17:46:27.1130794Z #47 [fees_h10] exporting to image
2025-08-20T17:46:27.1131519Z #47 exporting layers 1.4s done
2025-08-20T17:46:27.1132178Z #47 writing image sha256:47d6b3570e4840f25417580381f92ef879352ae2ebba92c01758367a0e753f99 done
2025-08-20T17:46:27.1132969Z #47 naming to docker.io/library/awa-app-fees_h10 done
2025-08-20T17:46:27.1133429Z #47 DONE 1.4s
2025-08-20T17:46:27.1133605Z 
2025-08-20T17:46:27.1133806Z #48 [fees_h10] resolving provenance for metadata file
2025-08-20T17:46:27.1134574Z #48 DONE 0.0s
2025-08-20T17:46:27.2633950Z 
2025-08-20T17:46:27.2635235Z #35 [api base  4/13] RUN pip install --no-cache-dir -r requirements.txt
2025-08-20T17:46:30.8088043Z #35 20.31 Successfully installed Jinja2-3.1.5 Mako-1.3.10 MarkupSafe-3.0.2 alembic-1.13.1 amqp-5.3.1 annotated-types-0.7.0 anyio-4.10.0 asgi-correlation-id-4.3.1 asyncpg-0.29.0 billiard-4.2.1 boto3-1.34.162 botocore-1.34.162 celery-5.3.6 certifi-2025.8.3 click-8.2.1 click-didyoumean-0.3.1 click-plugins-1.1.1.2 click-repl-0.3.0 dnspython-2.7.0 email_validator-2.2.0 fastapi-0.111.0 fastapi-cli-0.0.8 fastapi-limiter-0.1.6 greenlet-3.2.4 h11-0.16.0 httpcore-1.0.9 httptools-0.6.4 httpx-0.27.2 idna-3.10 jmespath-1.0.1 kombu-5.5.4 markdown-it-py-4.0.0 mdurl-0.1.2 orjson-3.11.2 packaging-25.0 prompt-toolkit-3.0.51 psycopg-3.2.9 psycopg-binary-3.2.9 pydantic-2.11.7 pydantic-core-2.33.2 pydantic-settings-2.2.1 pygments-2.19.2 python-dateutil-2.9.0.post0 python-dotenv-1.1.1 python-multipart-0.0.20 pyyaml-6.0.2 redis-5.0.8 rich-14.1.0 rich-toolkit-0.15.0 s3transfer-0.10.4 sentry-sdk-2.9.0 shellingham-1.5.4 six-1.17.0 sniffio-1.3.1 sqlalchemy-2.0.29 starlette-0.37.2 structlog-24.1.0 typer-0.16.1 typing-extensions-4.14.1 typing-inspection-0.4.1 tzdata-2025.2 ujson-5.11.0 urllib3-2.5.0 uvicorn-0.29.0 uvloop-0.21.0 vine-5.1.0 watchfiles-1.1.0 wcwidth-0.2.13 websockets-15.0.1
2025-08-20T17:46:31.0562226Z #35 20.32 WARNING: Running pip as the 'root' user can result in broken permissions and conflicting behaviour with the system package manager, possibly rendering your system unusable. It is recommended to use a virtual environment instead: https://pip.pypa.io/warnings/venv. Use the --root-user-action option if you know what you are doing and want to suppress this warning.
2025-08-20T17:46:31.0564546Z #35 20.41 
2025-08-20T17:46:31.0564967Z #35 20.41 [notice] A new release of pip is available: 25.0.1 -> 25.2
2025-08-20T17:46:31.0565558Z #35 20.41 [notice] To update, run: pip install --upgrade pip
2025-08-20T17:46:31.5770319Z #35 DONE 21.1s
2025-08-20T17:46:31.5770577Z 
2025-08-20T17:46:31.5771243Z #34 [celery_worker base 4/5] RUN if [ -n "" ] && [ -f "" ]; then         pip install -r requirements.txt -c "";     else         pip install -r requirements.txt;     fi
2025-08-20T17:46:31.6998593Z #34 ...
2025-08-20T17:46:31.6998830Z 
2025-08-20T17:46:31.6999106Z #49 [api base  5/13] COPY services/api/ ./services/api
2025-08-20T17:46:31.6999577Z #49 DONE 0.0s
2025-08-20T17:46:31.6999752Z 
2025-08-20T17:46:31.6999977Z #50 [api base  6/13] COPY services/common/ ./services/common
2025-08-20T17:46:31.7000431Z #50 DONE 0.0s
2025-08-20T17:46:31.7000579Z 
2025-08-20T17:46:31.7000768Z #51 [api base  7/13] COPY services/ingest/ ./services/ingest
2025-08-20T17:46:31.7001206Z #51 DONE 0.0s
2025-08-20T17:46:31.7001369Z 
2025-08-20T17:46:31.7001553Z #52 [api base  8/13] COPY services/etl/ ./services/etl
2025-08-20T17:46:31.7002005Z #52 DONE 0.0s
2025-08-20T17:46:31.7002174Z 
2025-08-20T17:46:31.7002318Z #53 [api base  9/13] COPY api/ ./api
2025-08-20T17:46:31.7002701Z #53 DONE 0.0s
2025-08-20T17:46:31.7002868Z 
2025-08-20T17:46:31.7003146Z #54 [api base 10/13] COPY services/api/alembic.ini ./alembic.ini
2025-08-20T17:46:31.7003639Z #54 DONE 0.0s
2025-08-20T17:46:31.8483104Z 
2025-08-20T17:46:31.8486020Z #55 [api base 11/13] COPY alembic/ ./alembic/
2025-08-20T17:46:31.8486642Z #55 DONE 0.0s
2025-08-20T17:46:31.8486809Z 
2025-08-20T17:46:31.8487064Z #56 [api base 12/13] COPY services/api/entrypoint.sh ./entrypoint.sh
2025-08-20T17:46:31.8487585Z #56 DONE 0.0s
2025-08-20T17:46:31.8487749Z 
2025-08-20T17:46:31.8487921Z #57 [api base 13/13] RUN chmod +x ./entrypoint.sh
2025-08-20T17:46:31.8488350Z #57 DONE 0.1s
2025-08-20T17:46:31.8488512Z 
2025-08-20T17:46:31.8489110Z #34 [celery_worker base 4/5] RUN if [ -n "" ] && [ -f "" ]; then         pip install -r requirements.txt -c "";     else         pip install -r requirements.txt;     fi
2025-08-20T17:46:32.8931336Z #34 ...
2025-08-20T17:46:32.8931762Z 
2025-08-20T17:46:32.8932071Z #58 [api stage-1 4/6] COPY --from=base /usr/local /usr/local
2025-08-20T17:46:34.8736334Z #58 DONE 2.0s
2025-08-20T17:46:34.8736590Z 
2025-08-20T17:46:34.8737625Z #34 [celery_worker base 4/5] RUN if [ -n "" ] && [ -f "" ]; then         pip install -r requirements.txt -c "";     else         pip install -r requirements.txt;     fi
2025-08-20T17:46:35.0593981Z #34 ...
2025-08-20T17:46:35.0594394Z 
2025-08-20T17:46:35.0594543Z #59 [api stage-1 5/6] COPY --from=base /app /app
2025-08-20T17:46:35.0594886Z #59 DONE 0.0s
2025-08-20T17:46:35.0595008Z 
2025-08-20T17:46:35.0595151Z #60 [api stage-1 6/6] RUN chmod +x /app/entrypoint.sh
2025-08-20T17:46:35.0681022Z #60 DONE 0.2s
2025-08-20T17:46:35.0681372Z 
2025-08-20T17:46:35.0695457Z #34 [celery_worker base 4/5] RUN if [ -n "" ] && [ -f "" ]; then         pip install -r requirements.txt -c "";     else         pip install -r requirements.txt;     fi
2025-08-20T17:46:35.2268302Z #34 ...
2025-08-20T17:46:35.2268546Z 
2025-08-20T17:46:35.2268701Z #61 [api] exporting to image
2025-08-20T17:46:35.2269112Z #61 exporting layers
2025-08-20T17:46:37.2150936Z #61 ...
2025-08-20T17:46:37.2151256Z 
2025-08-20T17:46:37.2152076Z #34 [celery_worker base 4/5] RUN if [ -n "" ] && [ -f "" ]; then         pip install -r requirements.txt -c "";     else         pip install -r requirements.txt;     fi
2025-08-20T17:46:37.2158029Z #34 26.04 Successfully installed PyJWT-2.10.1 aiohappyeyeballs-2.6.1 aiohttp-3.12.15 aiosignal-1.4.0 amqp-5.3.1 annotated-types-0.7.0 attrs-25.3.0 billiard-4.2.1 boto3-1.40.13 botocore-1.40.13 cachetools-4.2.4 celery-5.3.6 certifi-2025.8.3 charset_normalizer-3.4.3 click-8.2.1 click-didyoumean-0.3.1 click-plugins-1.1.1.2 click-repl-0.3.0 confuse-1.4.0 et-xmlfile-2.0.0 frozenlist-1.7.0 idna-3.10 jmespath-1.0.1 keepa-1.3.14 kombu-5.5.4 minio-7.1.15 multidict-6.6.4 multimethod-1.10 mypy-extensions-1.1.0 numpy-1.26.4 openpyxl-3.1.5 packaging-25.0 pandas-2.2.3 pandera-0.19.3 prompt-toolkit-3.0.51 propcache-0.3.2 psycopg2-binary-2.9.10 pycryptodome-3.23.0 pydantic-2.11.7 pydantic-core-2.33.2 pydantic-settings-2.2.1 python-amazon-sp-api-0.8.0 python-dateutil-2.9.0.post0 python-dotenv-1.1.1 pytz-2025.2 pyyaml-6.0.2 redis-5.3.1 requests-2.32.5 s3transfer-0.13.1 six-1.17.0 tqdm-4.67.1 typeguard-4.4.4 typing-extensions-4.14.1 typing-inspect-0.9.0 typing-inspection-0.4.1 tzdata-2025.2 urllib3-2.5.0 vine-5.1.0 wcwidth-0.2.13 wrapt-1.17.3 yarl-1.20.1
2025-08-20T17:46:37.2165407Z #34 26.04 WARNING: Running pip as the 'root' user can result in broken permissions and conflicting behaviour with the system package manager, possibly rendering your system unusable. It is recommended to use a virtual environment instead: https://pip.pypa.io/warnings/venv. Use the --root-user-action option if you know what you are doing and want to suppress this warning.
2025-08-20T17:46:37.2167449Z #34 26.15 
2025-08-20T17:46:37.2167841Z #34 26.15 [notice] A new release of pip is available: 25.0.1 -> 25.2
2025-08-20T17:46:37.2168450Z #34 26.15 [notice] To update, run: pip install --upgrade pip
2025-08-20T17:46:37.2168903Z #34 DONE 26.5s
2025-08-20T17:46:37.2169082Z 
2025-08-20T17:46:37.2169260Z #62 [celery_worker base 5/5] COPY services/etl/ .
2025-08-20T17:46:37.2169688Z #62 DONE 0.0s
2025-08-20T17:46:37.3642703Z 
2025-08-20T17:46:37.3643136Z #61 [api] exporting to image
2025-08-20T17:46:37.3964361Z #61 exporting layers 2.3s done
2025-08-20T17:46:37.5720469Z #61 writing image sha256:ccf9b41dbf119fb7506c81f4a8b6fb96a945bbfe81fc7a507bd2105f7c5051b6 done
2025-08-20T17:46:37.5721090Z #61 naming to docker.io/library/awa-app-api done
2025-08-20T17:46:37.5721391Z #61 DONE 2.3s
2025-08-20T17:46:37.5721501Z 
2025-08-20T17:46:37.5721618Z #63 [api] resolving provenance for metadata file
2025-08-20T17:46:37.5721898Z #63 DONE 0.0s
2025-08-20T17:46:38.3613108Z 
2025-08-20T17:46:38.3614020Z #64 [celery_worker stage-1 3/9] COPY --from=base /usr/local /usr/local
2025-08-20T17:46:40.9807194Z #64 DONE 2.5s
2025-08-20T17:46:40.9807447Z 
2025-08-20T17:46:40.9807713Z #65 [celery_worker stage-1 4/9] COPY --from=base /app /app
2025-08-20T17:46:40.9808189Z #65 DONE 0.0s
2025-08-20T17:46:40.9808370Z 
2025-08-20T17:46:40.9809899Z #66 [etl stage-1 5/9] RUN set -eux;     if [ -f /etc/apt/sources.list ]; then         sed -i 's|http://deb.debian.org|https://deb.debian.org|g' /etc/apt/sources.list;     fi;     apt-get update;     apt-get install -y --no-install-recommends tzdata;     rm -rf /var/lib/apt/lists/*
2025-08-20T17:46:40.9811384Z #66 0.108 + [ -f /etc/apt/sources.list ]
2025-08-20T17:46:40.9811794Z #66 0.108 + apt-get update
2025-08-20T17:46:41.1217015Z #66 0.160 Hit:1 http://deb.debian.org/debian trixie InRelease
2025-08-20T17:46:41.1217793Z #66 0.160 Get:2 http://deb.debian.org/debian trixie-updates InRelease [47.1 kB]
2025-08-20T17:46:41.1218648Z #66 0.167 Get:3 http://deb.debian.org/debian-security trixie-security InRelease [43.4 kB]
2025-08-20T17:46:41.1219514Z #66 0.179 Get:4 http://deb.debian.org/debian trixie/main amd64 Packages [9668 kB]
2025-08-20T17:46:41.1220344Z #66 0.249 Get:5 http://deb.debian.org/debian trixie-updates/main amd64 Packages [2432 B]
2025-08-20T17:46:41.2726262Z #66 0.249 Get:6 http://deb.debian.org/debian-security trixie-security/main amd64 Packages [11.6 kB]
2025-08-20T17:46:41.7413768Z #66 0.869 Fetched 9772 kB in 1s (13.2 MB/s)
2025-08-20T17:46:42.1739657Z #66 0.869 Reading package lists...
2025-08-20T17:46:42.3408278Z #66 1.310 + apt-get install -y --no-install-recommends tzdata
2025-08-20T17:46:42.6288208Z #66 1.318 Reading package lists...
2025-08-20T17:46:42.8769752Z #66 1.765 Building dependency tree...
2025-08-20T17:46:42.8770238Z #66 1.871 Reading state information...
2025-08-20T17:46:43.0429262Z #66 2.004 tzdata is already the newest version (2025b-4).
2025-08-20T17:46:43.0429841Z #66 2.004 0 upgraded, 0 newly installed, 0 to remove and 0 not upgraded.
2025-08-20T17:46:43.0433140Z #66 2.006 + rm -rf /var/lib/apt/lists/auxfiles /var/lib/apt/lists/deb.debian.org_debian-security_dists_trixie-security_InRelease /var/lib/apt/lists/deb.debian.org_debian-security_dists_trixie-security_main_binary-amd64_Packages.lz4 /var/lib/apt/lists/deb.debian.org_debian_dists_trixie-updates_InRelease /var/lib/apt/lists/deb.debian.org_debian_dists_trixie-updates_main_binary-amd64_Packages.lz4 /var/lib/apt/lists/deb.debian.org_debian_dists_trixie_InRelease /var/lib/apt/lists/deb.debian.org_debian_dists_trixie_main_binary-amd64_Packages.lz4 /var/lib/apt/lists/lock /var/lib/apt/lists/partial
2025-08-20T17:46:43.0437035Z #66 DONE 2.0s
2025-08-20T17:46:43.0437221Z 
2025-08-20T17:46:43.0437591Z #67 [etl stage-1 6/9] COPY services/etl/wait-for-it.sh /usr/local/bin/wait-for-it.sh
2025-08-20T17:46:43.0438147Z #67 DONE 0.0s
2025-08-20T17:46:43.0438255Z 
2025-08-20T17:46:43.0438398Z #68 [etl stage-1 7/9] RUN chmod +x /usr/local/bin/wait-for-it.sh
2025-08-20T17:46:43.1912401Z #68 DONE 0.1s
2025-08-20T17:46:43.1912642Z 
2025-08-20T17:46:43.1912965Z #69 [etl stage-1 8/9] COPY services/etl/entrypoint.sh /app/entrypoint.sh
2025-08-20T17:46:43.1913508Z #69 DONE 0.0s
2025-08-20T17:46:43.1913680Z 
2025-08-20T17:46:43.1913867Z #70 [etl stage-1 9/9] RUN chmod +x /app/entrypoint.sh
2025-08-20T17:46:43.3438511Z #70 DONE 0.1s
2025-08-20T17:46:43.3439240Z 
2025-08-20T17:46:43.3439619Z #71 [etl] exporting to image
2025-08-20T17:46:43.3440012Z #71 exporting layers
2025-08-20T17:46:46.3118995Z #71 exporting layers 3.1s done
2025-08-20T17:46:46.3120082Z #71 writing image sha256:db235f666f7f1f61e2b312e0bf6c5c39072141750b6684362cf971953647d62c done
2025-08-20T17:46:46.3120768Z #71 naming to docker.io/library/awa-app-etl done
2025-08-20T17:46:46.3121182Z #71 DONE 3.1s
2025-08-20T17:46:46.3121364Z 
2025-08-20T17:46:46.3121515Z #72 [celery_worker] exporting to image
2025-08-20T17:46:46.3121919Z #72 exporting layers 3.1s done
2025-08-20T17:46:46.3122585Z #72 writing image sha256:db235f666f7f1f61e2b312e0bf6c5c39072141750b6684362cf971953647d62c done
2025-08-20T17:46:46.3123355Z #72 naming to docker.io/library/awa-app-celery_worker done
2025-08-20T17:46:46.3123817Z #72 DONE 3.1s
2025-08-20T17:46:46.3123979Z 
2025-08-20T17:46:46.3124277Z  api  Built
2025-08-20T17:46:46.3124550Z  postgres  Built
2025-08-20T17:46:46.3124839Z  celery_worker  Built
2025-08-20T17:46:46.3125135Z  etl  Built
2025-08-20T17:46:46.3125621Z  fees_h10  Built
2025-08-20T17:46:46.3126011Z #73 [celery_worker] resolving provenance for metadata file
2025-08-20T17:46:46.3126477Z #73 DONE 0.0s
2025-08-20T17:46:46.3126634Z 
2025-08-20T17:46:46.3126797Z #74 [etl] resolving provenance for metadata file
2025-08-20T17:46:46.3127204Z #74 DONE 0.0s
2025-08-20T17:46:46.3194447Z ##[group]Run export COMPOSE_DOCKER_CLI_BUILD=1 DOCKER_BUILDKIT=1
2025-08-20T17:46:46.3194925Z [36;1mexport COMPOSE_DOCKER_CLI_BUILD=1 DOCKER_BUILDKIT=1[0m
2025-08-20T17:46:46.3195239Z [36;1mdocker compose \[0m
2025-08-20T17:46:46.3195463Z [36;1m  -f docker-compose.yml \[0m
2025-08-20T17:46:46.3195718Z [36;1m  -f docker-compose.ci.yml \[0m
2025-08-20T17:46:46.3195990Z [36;1m  -f docker-compose.postgres.yml \[0m
2025-08-20T17:46:46.3196237Z [36;1m  pull[0m
2025-08-20T17:46:46.3237727Z shell: /usr/bin/bash -e {0}
2025-08-20T17:46:46.3237954Z env:
2025-08-20T17:46:46.3238174Z   GITHUB_SHA: d0db6dc7bd943499fc0e80050cc8d9d3cce74589
2025-08-20T17:46:46.3238454Z ##[endgroup]
2025-08-20T17:46:46.4307097Z  api Skipped - No image to be pulled 
2025-08-20T17:46:46.4307725Z  fees_h10 Skipped - No image to be pulled 
2025-08-20T17:46:46.4308251Z  etl Skipped - No image to be pulled 
2025-08-20T17:46:46.4308662Z  postgres Skipped - No image to be pulled 
2025-08-20T17:46:46.4309230Z  celery_worker Skipped - No image to be pulled 
2025-08-20T17:46:46.4309599Z  minio Pulling 
2025-08-20T17:46:46.4309938Z  redis Pulling 
2025-08-20T17:46:46.7120818Z  dd15713b0f22 Pulling fs layer 
2025-08-20T17:46:46.7121364Z  fd312a3c94fc Pulling fs layer 
2025-08-20T17:46:46.7121835Z  02e05d20c69e Pulling fs layer 
2025-08-20T17:46:46.7122307Z  1f08d9fb7d7d Pulling fs layer 
2025-08-20T17:46:46.7122775Z  b452b5fb7338 Pulling fs layer 
2025-08-20T17:46:46.7123209Z  e14ab7c7ae26 Pulling fs layer 
2025-08-20T17:46:46.7123560Z  3bf7f4428838 Pulling fs layer 
2025-08-20T17:46:46.7123948Z  adc9ba906e83 Pulling fs layer 
2025-08-20T17:46:46.7124492Z  1611ffcaf8be Pulling fs layer 
2025-08-20T17:46:46.7124828Z  e14ab7c7ae26 Waiting 
2025-08-20T17:46:46.7125144Z  3bf7f4428838 Waiting 
2025-08-20T17:46:46.7125431Z  adc9ba906e83 Waiting 
2025-08-20T17:46:46.7125731Z  1611ffcaf8be Waiting 
2025-08-20T17:46:46.7126025Z  b452b5fb7338 Waiting 
2025-08-20T17:46:46.7126245Z  1f08d9fb7d7d Waiting 
2025-08-20T17:46:46.7306812Z  0368fd46e3c6 Pulling fs layer 
2025-08-20T17:46:46.7307382Z  4c55286bbede Pulling fs layer 
2025-08-20T17:46:46.7307781Z  5e28347af205 Pulling fs layer 
2025-08-20T17:46:46.7308183Z  311eca34042e Pulling fs layer 
2025-08-20T17:46:46.7308584Z  e6fe6f07e192 Pulling fs layer 
2025-08-20T17:46:46.7309001Z  a2cadbfeca72 Pulling fs layer 
2025-08-20T17:46:46.7309406Z  4f4fb700ef54 Pulling fs layer 
2025-08-20T17:46:46.7309820Z  a976ed7e7808 Pulling fs layer 
2025-08-20T17:46:46.7310199Z  0368fd46e3c6 Waiting 
2025-08-20T17:46:46.7310554Z  4c55286bbede Waiting 
2025-08-20T17:46:46.7310894Z  5e28347af205 Waiting 
2025-08-20T17:46:46.7311245Z  311eca34042e Waiting 
2025-08-20T17:46:46.7311604Z  e6fe6f07e192 Waiting 
2025-08-20T17:46:46.7311975Z  a2cadbfeca72 Waiting 
2025-08-20T17:46:46.7312353Z  4f4fb700ef54 Waiting 
2025-08-20T17:46:46.7313054Z  a976ed7e7808 Waiting 
2025-08-20T17:46:46.7928650Z  02e05d20c69e Downloading [>                                                  ]  2.301kB/122.7kB
2025-08-20T17:46:46.7983886Z  02e05d20c69e Download complete 
2025-08-20T17:46:46.7989101Z  dd15713b0f22 Downloading [>                                                  ]  73.56kB/7.24MB
2025-08-20T17:46:46.8139413Z  fd312a3c94fc Downloading [>                                                  ]  17.36kB/1.637MB
2025-08-20T17:46:46.8467638Z  fd312a3c94fc Verifying Checksum 
2025-08-20T17:46:46.8468068Z  fd312a3c94fc Download complete 
2025-08-20T17:46:46.8566962Z  dd15713b0f22 Verifying Checksum 
2025-08-20T17:46:46.8568021Z  dd15713b0f22 Download complete 
2025-08-20T17:46:46.8575912Z  dd15713b0f22 Extracting [>                                                  ]   98.3kB/7.24MB
2025-08-20T17:46:46.9133231Z  1f08d9fb7d7d Downloading [>                                                  ]  401.4kB/39.39MB
2025-08-20T17:46:46.9494995Z  e14ab7c7ae26 Downloading [>                                                  ]  24.06kB/2.402MB
2025-08-20T17:46:46.9632145Z  dd15713b0f22 Extracting [================>                                  ]  2.458MB/7.24MB
2025-08-20T17:46:46.9962369Z  e14ab7c7ae26 Downloading [==================================================>]  2.402MB/2.402MB
2025-08-20T17:46:46.9964864Z  e14ab7c7ae26 Verifying Checksum 
2025-08-20T17:46:46.9965796Z  e14ab7c7ae26 Download complete 
2025-08-20T17:46:47.0075536Z  b452b5fb7338 Downloading [>                                                  ]  115.2kB/11.19MB
2025-08-20T17:46:47.0165375Z  1f08d9fb7d7d Downloading [======>                                            ]  5.241MB/39.39MB
2025-08-20T17:46:47.0766084Z  dd15713b0f22 Extracting [============================================>      ]  6.488MB/7.24MB
2025-08-20T17:46:47.0972371Z  3bf7f4428838 Downloading [>                                                  ]  2.301kB/180.3kB
2025-08-20T17:46:47.1033740Z  dd15713b0f22 Extracting [==================================================>]   7.24MB/7.24MB
2025-08-20T17:46:47.1076570Z  3bf7f4428838 Downloading [==================================================>]  180.3kB/180.3kB
2025-08-20T17:46:47.1080963Z  3bf7f4428838 Verifying Checksum 
2025-08-20T17:46:47.1081659Z  3bf7f4428838 Download complete 
2025-08-20T17:46:47.1093623Z  b452b5fb7338 Downloading [=====>                                             ]  1.166MB/11.19MB
2025-08-20T17:46:47.1128490Z  dd15713b0f22 Pull complete 
2025-08-20T17:46:47.1139266Z  fd312a3c94fc Extracting [=>                                                 ]  32.77kB/1.637MB
2025-08-20T17:46:47.1224910Z  1f08d9fb7d7d Downloading [===============>                                   ]  12.53MB/39.39MB
2025-08-20T17:46:47.1529230Z  fd312a3c94fc Extracting [==================================================>]  1.637MB/1.637MB
2025-08-20T17:46:47.1557058Z  fd312a3c94fc Extracting [==================================================>]  1.637MB/1.637MB
2025-08-20T17:46:47.1928823Z  adc9ba906e83 Downloading [===>                                               ]     932B/11.88kB
2025-08-20T17:46:47.1931026Z  adc9ba906e83 Downloading [==================================================>]  11.88kB/11.88kB
2025-08-20T17:46:47.1935454Z  adc9ba906e83 Verifying Checksum 
2025-08-20T17:46:47.1935880Z  adc9ba906e83 Download complete 
2025-08-20T17:46:47.2045870Z  fd312a3c94fc Pull complete 
2025-08-20T17:46:47.2058021Z  02e05d20c69e Extracting [=============>                                     ]  32.77kB/122.7kB
2025-08-20T17:46:47.2070516Z  02e05d20c69e Extracting [==================================================>]  122.7kB/122.7kB
2025-08-20T17:46:47.2072059Z  02e05d20c69e Extracting [==================================================>]  122.7kB/122.7kB
2025-08-20T17:46:47.2169935Z  02e05d20c69e Pull complete 
2025-08-20T17:46:47.2173058Z  b452b5fb7338 Downloading [===========>                                       ]  2.571MB/11.19MB
2025-08-20T17:46:47.2232185Z  1f08d9fb7d7d Downloading [=========================>                         ]   20.2MB/39.39MB
2025-08-20T17:46:47.2784046Z  1611ffcaf8be Downloading [==================================================>]     498B/498B
2025-08-20T17:46:47.2784840Z  1611ffcaf8be Download complete 
2025-08-20T17:46:47.3182896Z  b452b5fb7338 Downloading [===============>                                   ]  3.398MB/11.19MB
2025-08-20T17:46:47.3318149Z  1f08d9fb7d7d Downloading [=================================>                 ]  26.69MB/39.39MB
2025-08-20T17:46:47.3579508Z  0368fd46e3c6 Downloading [>                                                  ]  37.72kB/3.638MB
2025-08-20T17:46:47.4121208Z  0368fd46e3c6 Verifying Checksum 
2025-08-20T17:46:47.4122585Z  0368fd46e3c6 Download complete 
2025-08-20T17:46:47.4130180Z  0368fd46e3c6 Extracting [>                                                  ]  65.54kB/3.638MB
2025-08-20T17:46:47.4297306Z  b452b5fb7338 Downloading [==============================>                    ]  6.716MB/11.19MB
2025-08-20T17:46:47.4431476Z  1f08d9fb7d7d Downloading [===========================================>       ]  34.36MB/39.39MB
2025-08-20T17:46:47.5029216Z  1f08d9fb7d7d Verifying Checksum 
2025-08-20T17:46:47.5030835Z  4c55286bbede Downloading [==================================================>]     950B/950B
2025-08-20T17:46:47.5032528Z  1f08d9fb7d7d Download complete 
2025-08-20T17:46:47.5037711Z  4c55286bbede Verifying Checksum 
2025-08-20T17:46:47.5038972Z  4c55286bbede Download complete 
2025-08-20T17:46:47.5133474Z  0368fd46e3c6 Extracting [========================================>          ]  2.949MB/3.638MB
2025-08-20T17:46:47.5141125Z  1f08d9fb7d7d Extracting [>                                                  ]    426kB/39.39MB
2025-08-20T17:46:47.5247434Z  0368fd46e3c6 Extracting [==================================================>]  3.638MB/3.638MB
2025-08-20T17:46:47.5319522Z  b452b5fb7338 Downloading [==============================================>    ]  10.38MB/11.19MB
2025-08-20T17:46:47.5486549Z  0368fd46e3c6 Pull complete 
2025-08-20T17:46:47.5499113Z  4c55286bbede Extracting [==================================================>]     950B/950B
2025-08-20T17:46:47.5507843Z  4c55286bbede Extracting [==================================================>]     950B/950B
2025-08-20T17:46:47.5774013Z  5e28347af205 Downloading [>                                                  ]  2.301kB/173.2kB
2025-08-20T17:46:47.5813151Z  b452b5fb7338 Verifying Checksum 
2025-08-20T17:46:47.5814862Z  b452b5fb7338 Download complete 
2025-08-20T17:46:47.5815309Z  4c55286bbede Pull complete 
2025-08-20T17:46:47.5881516Z  5e28347af205 Verifying Checksum 
2025-08-20T17:46:47.5881957Z  5e28347af205 Download complete 
2025-08-20T17:46:47.5884002Z  5e28347af205 Extracting [=========>                                         ]  32.77kB/173.2kB
2025-08-20T17:46:47.5905287Z  5e28347af205 Extracting [==================================================>]  173.2kB/173.2kB
2025-08-20T17:46:47.6171662Z  5e28347af205 Extracting [==================================================>]  173.2kB/173.2kB
2025-08-20T17:46:47.6177540Z  311eca34042e Downloading [>                                                  ]  10.51kB/1.003MB
2025-08-20T17:46:47.6182798Z  1f08d9fb7d7d Extracting [=========>                                         ]  7.242MB/39.39MB
2025-08-20T17:46:47.6550663Z  311eca34042e Verifying Checksum 
2025-08-20T17:46:47.6551170Z  311eca34042e Download complete 
2025-08-20T17:46:47.6672799Z  a2cadbfeca72 Downloading [==================================================>]      99B/99B
2025-08-20T17:46:47.6673683Z  a2cadbfeca72 Verifying Checksum 
2025-08-20T17:46:47.6674506Z  a2cadbfeca72 Download complete 
2025-08-20T17:46:47.6879347Z  e6fe6f07e192 Downloading [>                                                  ]  127.9kB/12.41MB
2025-08-20T17:46:47.7184446Z  1f08d9fb7d7d Extracting [================>                                  ]  13.21MB/39.39MB
2025-08-20T17:46:47.7426249Z  a976ed7e7808 Downloading [==================================================>]     574B/574B
2025-08-20T17:46:47.7427822Z  a976ed7e7808 Verifying Checksum 
2025-08-20T17:46:47.7428313Z  a976ed7e7808 Download complete 
2025-08-20T17:46:47.7682968Z  5e28347af205 Pull complete 
2025-08-20T17:46:47.7696109Z  311eca34042e Extracting [=>                                                 ]  32.77kB/1.003MB
2025-08-20T17:46:47.7925752Z  311eca34042e Extracting [==================================================>]  1.003MB/1.003MB
2025-08-20T17:46:47.7929097Z  311eca34042e Extracting [==================================================>]  1.003MB/1.003MB
2025-08-20T17:46:47.7979446Z  e6fe6f07e192 Downloading [=================>                                 ]  4.389MB/12.41MB
2025-08-20T17:46:47.7988575Z  4f4fb700ef54 Downloading [==================================================>]      32B/32B
2025-08-20T17:46:47.7995735Z  4f4fb700ef54 Verifying Checksum 
2025-08-20T17:46:47.7996227Z  4f4fb700ef54 Download complete 
2025-08-20T17:46:47.8063886Z  311eca34042e Pull complete 
2025-08-20T17:46:47.8199511Z  1f08d9fb7d7d Extracting [===========================>                       ]   21.3MB/39.39MB
2025-08-20T17:46:47.8880297Z  e6fe6f07e192 Verifying Checksum 
2025-08-20T17:46:47.8881880Z  e6fe6f07e192 Download complete 
2025-08-20T17:46:47.8907384Z  e6fe6f07e192 Extracting [>                                                  ]  131.1kB/12.41MB
2025-08-20T17:46:47.9251731Z  1f08d9fb7d7d Extracting [======================================>            ]  30.24MB/39.39MB
2025-08-20T17:46:47.9920654Z  e6fe6f07e192 Extracting [======================>                            ]  5.636MB/12.41MB
2025-08-20T17:46:48.0284782Z  1f08d9fb7d7d Extracting [================================================>  ]  37.91MB/39.39MB
2025-08-20T17:46:48.0503622Z  1f08d9fb7d7d Extracting [==================================================>]  39.39MB/39.39MB
2025-08-20T17:46:48.0729889Z  1f08d9fb7d7d Pull complete 
2025-08-20T17:46:48.0819506Z  b452b5fb7338 Extracting [>                                                  ]  131.1kB/11.19MB
2025-08-20T17:46:48.0922494Z  e6fe6f07e192 Extracting [=================================================> ]  12.32MB/12.41MB
2025-08-20T17:46:48.0940974Z  e6fe6f07e192 Extracting [==================================================>]  12.41MB/12.41MB
2025-08-20T17:46:48.1044057Z  e6fe6f07e192 Pull complete 
2025-08-20T17:46:48.1061108Z  a2cadbfeca72 Extracting [==================================================>]      99B/99B
2025-08-20T17:46:48.1062976Z  a2cadbfeca72 Extracting [==================================================>]      99B/99B
2025-08-20T17:46:48.1155913Z  a2cadbfeca72 Pull complete 
2025-08-20T17:46:48.1166844Z  4f4fb700ef54 Extracting [==================================================>]      32B/32B
2025-08-20T17:46:48.1171567Z  4f4fb700ef54 Extracting [==================================================>]      32B/32B
2025-08-20T17:46:48.1272556Z  4f4fb700ef54 Pull complete 
2025-08-20T17:46:48.1286410Z  a976ed7e7808 Extracting [==================================================>]     574B/574B
2025-08-20T17:46:48.1290433Z  a976ed7e7808 Extracting [==================================================>]     574B/574B
2025-08-20T17:46:48.1395139Z  a976ed7e7808 Pull complete 
2025-08-20T17:46:48.1458217Z  redis Pulled 
2025-08-20T17:46:48.1825483Z  b452b5fb7338 Extracting [================================>                  ]  7.209MB/11.19MB
2025-08-20T17:46:48.2272266Z  b452b5fb7338 Extracting [==================================================>]  11.19MB/11.19MB
2025-08-20T17:46:48.2404379Z  b452b5fb7338 Pull complete 
2025-08-20T17:46:48.2414308Z  e14ab7c7ae26 Extracting [>                                                  ]  32.77kB/2.402MB
2025-08-20T17:46:48.2678631Z  e14ab7c7ae26 Extracting [==================================================>]  2.402MB/2.402MB
2025-08-20T17:46:48.2760021Z  e14ab7c7ae26 Pull complete 
2025-08-20T17:46:48.2770926Z  3bf7f4428838 Extracting [=========>                                         ]  32.77kB/180.3kB
2025-08-20T17:46:48.2817641Z  3bf7f4428838 Extracting [==================================================>]  180.3kB/180.3kB
2025-08-20T17:46:48.2830959Z  3bf7f4428838 Extracting [==================================================>]  180.3kB/180.3kB
2025-08-20T17:46:48.2923216Z  3bf7f4428838 Pull complete 
2025-08-20T17:46:48.2937760Z  adc9ba906e83 Extracting [==================================================>]  11.88kB/11.88kB
2025-08-20T17:46:48.2941204Z  adc9ba906e83 Extracting [==================================================>]  11.88kB/11.88kB
2025-08-20T17:46:48.3020725Z  adc9ba906e83 Pull complete 
2025-08-20T17:46:48.3032343Z  1611ffcaf8be Extracting [==================================================>]     498B/498B
2025-08-20T17:46:48.3033987Z  1611ffcaf8be Extracting [==================================================>]     498B/498B
2025-08-20T17:46:48.3103877Z  1611ffcaf8be Pull complete 
2025-08-20T17:46:48.3159987Z  minio Pulled 
2025-08-20T17:46:48.3263911Z ##[group]Run export COMPOSE_DOCKER_CLI_BUILD=1 DOCKER_BUILDKIT=1
2025-08-20T17:46:48.3264932Z [36;1mexport COMPOSE_DOCKER_CLI_BUILD=1 DOCKER_BUILDKIT=1[0m
2025-08-20T17:46:48.3265243Z [36;1mdocker compose \[0m
2025-08-20T17:46:48.3265463Z [36;1m  -f docker-compose.yml \[0m
2025-08-20T17:46:48.3265720Z [36;1m  -f docker-compose.ci.yml \[0m
2025-08-20T17:46:48.3265991Z [36;1m  -f docker-compose.postgres.yml \[0m
2025-08-20T17:46:48.3266278Z [36;1m  up -d --wait --no-build --pull always[0m
2025-08-20T17:46:48.3307098Z shell: /usr/bin/bash -e {0}
2025-08-20T17:46:48.3307314Z env:
2025-08-20T17:46:48.3307528Z   GITHUB_SHA: d0db6dc7bd943499fc0e80050cc8d9d3cce74589
2025-08-20T17:46:48.3307807Z ##[endgroup]
2025-08-20T17:46:48.4360991Z  minio Pulling 
2025-08-20T17:46:48.4361722Z  redis Pulling 
2025-08-20T17:46:48.5885868Z  minio Pulled 
2025-08-20T17:46:48.5930088Z  redis Pulled 
2025-08-20T17:46:48.5947332Z  Network awa-app_awa-net  Creating
2025-08-20T17:46:48.6280730Z  Network awa-app_awa-net  Created
2025-08-20T17:46:48.6332841Z  Volume "awa-app_awa-data"  Creating
2025-08-20T17:46:48.6344483Z  Volume "awa-app_awa-data"  Created
2025-08-20T17:46:48.6347490Z  Volume "awa-app_miniodata"  Creating
2025-08-20T17:46:48.6355520Z  Volume "awa-app_miniodata"  Created
2025-08-20T17:46:48.6359135Z  Volume "awa-app_awa-pgdata"  Creating
2025-08-20T17:46:48.6365596Z  Volume "awa-app_awa-pgdata"  Created
2025-08-20T17:46:48.6370864Z  Container awa-app-redis-1  Creating
2025-08-20T17:46:48.6371689Z  Container awa-app-minio-1  Creating
2025-08-20T17:46:48.6372151Z  Container awa-app-postgres-1  Creating
2025-08-20T17:46:48.6679260Z  Container awa-app-redis-1  Created
2025-08-20T17:46:48.6679791Z  Container awa-app-minio-1  Created
2025-08-20T17:46:48.6680265Z  Container awa-app-postgres-1  Created
2025-08-20T17:46:48.6680735Z  Container awa-app-celery_worker-1  Creating
2025-08-20T17:46:48.6681212Z  Container awa-app-fees_h10-1  Creating
2025-08-20T17:46:48.6681695Z  Container awa-app-etl-1  Creating
2025-08-20T17:46:48.6682139Z  Container awa-app-api-1  Creating
2025-08-20T17:46:48.6860337Z  Container awa-app-api-1  Created
2025-08-20T17:46:48.6915687Z  Container awa-app-celery_worker-1  Created
2025-08-20T17:46:48.6930353Z  Container awa-app-etl-1  Created
2025-08-20T17:46:48.6931575Z  Container awa-app-fees_h10-1  Created
2025-08-20T17:46:48.6947857Z  Container awa-app-postgres-1  Starting
2025-08-20T17:46:48.6949477Z  Container awa-app-minio-1  Starting
2025-08-20T17:46:48.6949939Z  Container awa-app-redis-1  Starting
2025-08-20T17:46:48.9986721Z  Container awa-app-redis-1  Started
2025-08-20T17:46:49.0087392Z  Container awa-app-postgres-1  Started
2025-08-20T17:46:49.0092264Z  Container awa-app-postgres-1  Waiting
2025-08-20T17:46:49.0092824Z  Container awa-app-postgres-1  Waiting
2025-08-20T17:46:49.0093532Z  Container awa-app-redis-1  Waiting
2025-08-20T17:46:49.0093954Z  Container awa-app-minio-1  Started
2025-08-20T17:46:49.0094546Z  Container awa-app-postgres-1  Waiting
2025-08-20T17:46:49.0095020Z  Container awa-app-postgres-1  Waiting
2025-08-20T17:46:54.5102938Z  Container awa-app-redis-1  Healthy
2025-08-20T17:46:54.5103997Z  Container awa-app-postgres-1  Healthy
2025-08-20T17:46:54.5104710Z  Container awa-app-fees_h10-1  Starting
2025-08-20T17:46:54.5109772Z  Container awa-app-postgres-1  Healthy
2025-08-20T17:46:54.5112357Z  Container awa-app-api-1  Starting
2025-08-20T17:46:54.5113309Z  Container awa-app-postgres-1  Healthy
2025-08-20T17:46:54.5114616Z  Container awa-app-etl-1  Starting
2025-08-20T17:46:54.5117442Z  Container awa-app-postgres-1  Healthy
2025-08-20T17:46:54.5118003Z  Container awa-app-celery_worker-1  Starting
2025-08-20T17:46:54.6967141Z  Container awa-app-fees_h10-1  Started
2025-08-20T17:46:54.7278037Z  Container awa-app-celery_worker-1  Started
2025-08-20T17:46:54.7452047Z  Container awa-app-etl-1  Started
2025-08-20T17:46:54.7588430Z  Container awa-app-api-1  Started
2025-08-20T17:46:54.7590205Z  Container awa-app-minio-1  Waiting
2025-08-20T17:46:54.7593370Z  Container awa-app-api-1  Waiting
2025-08-20T17:46:54.7593879Z  Container awa-app-postgres-1  Waiting
2025-08-20T17:46:54.7594572Z  Container awa-app-celery_worker-1  Waiting
2025-08-20T17:46:54.7595052Z  Container awa-app-redis-1  Waiting
2025-08-20T17:46:54.7595477Z  Container awa-app-fees_h10-1  Waiting
2025-08-20T17:46:54.7595892Z  Container awa-app-etl-1  Waiting
2025-08-20T17:46:55.2630297Z  Container awa-app-redis-1  Healthy
2025-08-20T17:46:55.2632793Z  Container awa-app-minio-1  Healthy
2025-08-20T17:46:55.2645022Z  Container awa-app-postgres-1  Healthy
2025-08-20T17:47:00.2606682Z  Container awa-app-api-1  Healthy
2025-08-20T17:47:25.2604981Z  Container awa-app-celery_worker-1  Healthy
2025-08-20T17:47:25.2605754Z  Container awa-app-etl-1  Healthy
2025-08-20T17:47:25.2606286Z  Container awa-app-fees_h10-1  Healthy
2025-08-20T17:47:25.2717453Z ##[group]Run for i in {1..60}; do pg_isready -h localhost -p 5432 && break; sleep 1; done
2025-08-20T17:47:25.2717962Z [36;1mfor i in {1..60}; do pg_isready -h localhost -p 5432 && break; sleep 1; done[0m
2025-08-20T17:47:25.2757692Z shell: /usr/bin/bash -e {0}
2025-08-20T17:47:25.2757933Z env:
2025-08-20T17:47:25.2758145Z   GITHUB_SHA: d0db6dc7bd943499fc0e80050cc8d9d3cce74589
2025-08-20T17:47:25.2758429Z ##[endgroup]
2025-08-20T17:47:25.3563934Z localhost:5432 - accepting connections
2025-08-20T17:47:25.3601294Z ##[group]Run [ "$(psql -U postgres -h localhost -tAc "select 1 from pg_database where datname='awa'")" = '1' ] || psql -U postgres -h localhost -c "create database awa"
2025-08-20T17:47:25.3602194Z [36;1m[ "$(psql -U postgres -h localhost -tAc "select 1 from pg_database where datname='awa'")" = '1' ] || psql -U postgres -h localhost -c "create database awa"[0m
2025-08-20T17:47:25.3641449Z shell: /usr/bin/bash -e {0}
2025-08-20T17:47:25.3641673Z env:
2025-08-20T17:47:25.3641886Z   GITHUB_SHA: d0db6dc7bd943499fc0e80050cc8d9d3cce74589
2025-08-20T17:47:25.3642171Z   PGPASSWORD: pass
2025-08-20T17:47:25.3642360Z ##[endgroup]
2025-08-20T17:47:25.4579686Z ##[group]Run docker compose \
2025-08-20T17:47:25.4579963Z [36;1mdocker compose \[0m
2025-08-20T17:47:25.4580203Z [36;1m  -f docker-compose.yml \[0m
2025-08-20T17:47:25.4580450Z [36;1m  -f docker-compose.ci.yml \[0m
2025-08-20T17:47:25.4580715Z [36;1m  -f docker-compose.postgres.yml \[0m
2025-08-20T17:47:25.4580999Z [36;1m  config | grep image:[0m
2025-08-20T17:47:25.4620408Z shell: /usr/bin/bash -e {0}
2025-08-20T17:47:25.4620621Z env:
2025-08-20T17:47:25.4620849Z   GITHUB_SHA: d0db6dc7bd943499fc0e80050cc8d9d3cce74589
2025-08-20T17:47:25.4621124Z ##[endgroup]
2025-08-20T17:47:25.5629032Z     image: minio/minio
2025-08-20T17:47:25.5629389Z     image: redis:7-alpine
2025-08-20T17:47:25.5657760Z ##[group]Run export COMPOSE_DOCKER_CLI_BUILD=1 DOCKER_BUILDKIT=1
2025-08-20T17:47:25.5658189Z [36;1mexport COMPOSE_DOCKER_CLI_BUILD=1 DOCKER_BUILDKIT=1[0m
2025-08-20T17:47:25.5658535Z [36;1mdocker compose ps[0m
2025-08-20T17:47:25.5706247Z shell: /usr/bin/bash -e {0}
2025-08-20T17:47:25.5706470Z env:
2025-08-20T17:47:25.5706682Z   GITHUB_SHA: d0db6dc7bd943499fc0e80050cc8d9d3cce74589
2025-08-20T17:47:25.5706961Z ##[endgroup]
2025-08-20T17:47:25.6648355Z NAME                      IMAGE                   COMMAND                  SERVICE         CREATED          STATUS                    PORTS
2025-08-20T17:47:25.6655449Z awa-app-api-1             awa-app-api             "bash /app/entrypoin…"   api             37 seconds ago   Up 31 seconds (healthy)   0.0.0.0:8000->8000/tcp, [::]:8000->8000/tcp
2025-08-20T17:47:25.6656425Z awa-app-celery_worker-1   awa-app-celery_worker   "/bin/bash /app/entr…"   celery_worker   37 seconds ago   Up 31 seconds (healthy)   
2025-08-20T17:47:25.6657309Z awa-app-etl-1             awa-app-etl             "/bin/bash /app/entr…"   etl             37 seconds ago   Up 31 seconds (healthy)   
2025-08-20T17:47:25.6658007Z awa-app-fees_h10-1        awa-app-fees_h10        "./start.sh celery -…"   fees_h10        37 seconds ago   Up 31 seconds (healthy)   
2025-08-20T17:47:25.6658995Z awa-app-minio-1           minio/minio             "/usr/bin/docker-ent…"   minio           37 seconds ago   Up 36 seconds             0.0.0.0:9000-9001->9000-9001/tcp, [::]:9000-9001->9000-9001/tcp
2025-08-20T17:47:25.6660072Z awa-app-postgres-1        awa-app-postgres        "docker-entrypoint.s…"   postgres        37 seconds ago   Up 36 seconds (healthy)   0.0.0.0:5432->5432/tcp, [::]:5432->5432/tcp
2025-08-20T17:47:25.6661108Z awa-app-redis-1           redis:7-alpine          "docker-entrypoint.s…"   redis           37 seconds ago   Up 36 seconds (healthy)   0.0.0.0:6379->6379/tcp, [::]:6379->6379/tcp
2025-08-20T17:47:25.6762269Z Post job cleanup.
2025-08-20T17:47:25.7687266Z [command]/usr/bin/git version
2025-08-20T17:47:25.7722600Z git version 2.50.1
2025-08-20T17:47:25.7774020Z Temporarily overriding HOME='/home/runner/work/_temp/8fefc340-eb63-4739-9361-db8c3f333af0' before making global git config changes
2025-08-20T17:47:25.7775513Z Adding repository directory to the temporary git global config as a safe directory
2025-08-20T17:47:25.7780197Z [command]/usr/bin/git config --global --add safe.directory /home/runner/work/AWA-App/AWA-App
2025-08-20T17:47:25.7813352Z [command]/usr/bin/git config --local --name-only --get-regexp core\.sshCommand
2025-08-20T17:47:25.7850975Z [command]/usr/bin/git submodule foreach --recursive sh -c "git config --local --name-only --get-regexp 'core\.sshCommand' && git config --local --unset-all 'core.sshCommand' || :"
2025-08-20T17:47:25.8093594Z [command]/usr/bin/git config --local --name-only --get-regexp http\.https\:\/\/github\.com\/\.extraheader
2025-08-20T17:47:25.8116778Z http.https://github.com/.extraheader
2025-08-20T17:47:25.8133027Z [command]/usr/bin/git config --local --unset-all http.https://github.com/.extraheader
2025-08-20T17:47:25.8166760Z [command]/usr/bin/git submodule foreach --recursive sh -c "git config --local --name-only --get-regexp 'http\.https\:\/\/github\.com\/\.extraheader' && git config --local --unset-all 'http.https://github.com/.extraheader' || :"
2025-08-20T17:47:25.8527821Z Cleaning up orphan processes
