2025-08-23T15:59:55.1082724Z Current runner version: '2.328.0'
2025-08-23T15:59:55.1107752Z ##[group]Runner Image Provisioner
2025-08-23T15:59:55.1108656Z Hosted Compute Agent
2025-08-23T15:59:55.1109194Z Version: 20250818.377
2025-08-23T15:59:55.1109836Z Commit: 3c593e9f75fe0b87e893bca80d6e12ba089c61fc
2025-08-23T15:59:55.1110593Z Build Date: 2025-08-18T14:52:18Z
2025-08-23T15:59:55.1111203Z ##[endgroup]
2025-08-23T15:59:55.1111753Z ##[group]Operating System
2025-08-23T15:59:55.1112386Z Ubuntu
2025-08-23T15:59:55.1112882Z 24.04.2
2025-08-23T15:59:55.1113691Z LTS
2025-08-23T15:59:55.1114286Z ##[endgroup]
2025-08-23T15:59:55.1114791Z ##[group]Runner Image
2025-08-23T15:59:55.1115396Z Image: ubuntu-24.04
2025-08-23T15:59:55.1115922Z Version: 20250818.1.0
2025-08-23T15:59:55.1116952Z Included Software: https://github.com/actions/runner-images/blob/ubuntu24/20250818.1/images/ubuntu/Ubuntu2404-Readme.md
2025-08-23T15:59:55.1118499Z Image Release: https://github.com/actions/runner-images/releases/tag/ubuntu24%2F20250818.1
2025-08-23T15:59:55.1119529Z ##[endgroup]
2025-08-23T15:59:55.1122171Z ##[group]GITHUB_TOKEN Permissions
2025-08-23T15:59:55.1124803Z Actions: write
2025-08-23T15:59:55.1125336Z Attestations: write
2025-08-23T15:59:55.1125936Z Checks: write
2025-08-23T15:59:55.1126431Z Contents: write
2025-08-23T15:59:55.1126947Z Deployments: write
2025-08-23T15:59:55.1127423Z Discussions: write
2025-08-23T15:59:55.1128040Z Issues: write
2025-08-23T15:59:55.1128506Z Metadata: read
2025-08-23T15:59:55.1128995Z Models: read
2025-08-23T15:59:55.1129562Z Packages: write
2025-08-23T15:59:55.1130060Z Pages: write
2025-08-23T15:59:55.1130563Z PullRequests: write
2025-08-23T15:59:55.1131180Z RepositoryProjects: write
2025-08-23T15:59:55.1131761Z SecurityEvents: write
2025-08-23T15:59:55.1132357Z Statuses: write
2025-08-23T15:59:55.1132935Z ##[endgroup]
2025-08-23T15:59:55.1135122Z Secret source: Actions
2025-08-23T15:59:55.1136149Z Prepare workflow directory
2025-08-23T15:59:55.1463043Z Prepare all required actions
2025-08-23T15:59:55.1499942Z Getting action download info
2025-08-23T15:59:55.4568983Z Download action repository 'actions/checkout@v5' (SHA:08c6903cd8c0fde910a37f88322edcfb5dd907a8)
2025-08-23T15:59:55.5272117Z Download action repository 'actions/upload-artifact@v4' (SHA:ea165f8d65b6e75b540449e92b4886f43607fa02)
2025-08-23T15:59:55.7759693Z Complete job name: compose-health
2025-08-23T15:59:55.8446355Z ##[group]Run actions/checkout@v5
2025-08-23T15:59:55.8447165Z with:
2025-08-23T15:59:55.8447568Z   repository: AlexBomber12/AWA-App
2025-08-23T15:59:55.8448222Z   token: ***
2025-08-23T15:59:55.8448593Z   ssh-strict: true
2025-08-23T15:59:55.8448984Z   ssh-user: git
2025-08-23T15:59:55.8449494Z   persist-credentials: true
2025-08-23T15:59:55.8449943Z   clean: true
2025-08-23T15:59:55.8450347Z   sparse-checkout-cone-mode: true
2025-08-23T15:59:55.8450828Z   fetch-depth: 1
2025-08-23T15:59:55.8451220Z   fetch-tags: false
2025-08-23T15:59:55.8451620Z   show-progress: true
2025-08-23T15:59:55.8452027Z   lfs: false
2025-08-23T15:59:55.8452398Z   submodules: false
2025-08-23T15:59:55.8452821Z   set-safe-directory: true
2025-08-23T15:59:55.8453657Z ##[endgroup]
2025-08-23T15:59:55.9352554Z Syncing repository: AlexBomber12/AWA-App
2025-08-23T15:59:55.9354423Z ##[group]Getting Git version info
2025-08-23T15:59:55.9355154Z Working directory is '/home/runner/work/AWA-App/AWA-App'
2025-08-23T15:59:55.9356146Z [command]/usr/bin/git version
2025-08-23T15:59:55.9373658Z git version 2.51.0
2025-08-23T15:59:55.9393455Z ##[endgroup]
2025-08-23T15:59:55.9407011Z Temporarily overriding HOME='/home/runner/work/_temp/0b0a2e33-96b5-4fdd-a358-83a5d5119788' before making global git config changes
2025-08-23T15:59:55.9409132Z Adding repository directory to the temporary git global config as a safe directory
2025-08-23T15:59:55.9411527Z [command]/usr/bin/git config --global --add safe.directory /home/runner/work/AWA-App/AWA-App
2025-08-23T15:59:55.9445655Z Deleting the contents of '/home/runner/work/AWA-App/AWA-App'
2025-08-23T15:59:55.9449136Z ##[group]Initializing the repository
2025-08-23T15:59:55.9453674Z [command]/usr/bin/git init /home/runner/work/AWA-App/AWA-App
2025-08-23T15:59:55.9508412Z hint: Using 'master' as the name for the initial branch. This default branch name
2025-08-23T15:59:55.9510243Z hint: is subject to change. To configure the initial branch name to use in all
2025-08-23T15:59:55.9511948Z hint: of your new repositories, which will suppress this warning, call:
2025-08-23T15:59:55.9513010Z hint:
2025-08-23T15:59:55.9513905Z hint: 	git config --global init.defaultBranch <name>
2025-08-23T15:59:55.9514535Z hint:
2025-08-23T15:59:55.9515121Z hint: Names commonly chosen instead of 'master' are 'main', 'trunk' and
2025-08-23T15:59:55.9516104Z hint: 'development'. The just-created branch can be renamed via this command:
2025-08-23T15:59:55.9517218Z hint:
2025-08-23T15:59:55.9517657Z hint: 	git branch -m <name>
2025-08-23T15:59:55.9518107Z hint:
2025-08-23T15:59:55.9518685Z hint: Disable this message with "git config set advice.defaultBranchName false"
2025-08-23T15:59:55.9519860Z Initialized empty Git repository in /home/runner/work/AWA-App/AWA-App/.git/
2025-08-23T15:59:55.9522334Z [command]/usr/bin/git remote add origin https://github.com/AlexBomber12/AWA-App
2025-08-23T15:59:55.9552870Z ##[endgroup]
2025-08-23T15:59:55.9554155Z ##[group]Disabling automatic garbage collection
2025-08-23T15:59:55.9556396Z [command]/usr/bin/git config --local gc.auto 0
2025-08-23T15:59:55.9584302Z ##[endgroup]
2025-08-23T15:59:55.9585302Z ##[group]Setting up auth
2025-08-23T15:59:55.9590614Z [command]/usr/bin/git config --local --name-only --get-regexp core\.sshCommand
2025-08-23T15:59:55.9620766Z [command]/usr/bin/git submodule foreach --recursive sh -c "git config --local --name-only --get-regexp 'core\.sshCommand' && git config --local --unset-all 'core.sshCommand' || :"
2025-08-23T15:59:55.9871218Z [command]/usr/bin/git config --local --name-only --get-regexp http\.https\:\/\/github\.com\/\.extraheader
2025-08-23T15:59:55.9900991Z [command]/usr/bin/git submodule foreach --recursive sh -c "git config --local --name-only --get-regexp 'http\.https\:\/\/github\.com\/\.extraheader' && git config --local --unset-all 'http.https://github.com/.extraheader' || :"
2025-08-23T15:59:56.0117617Z [command]/usr/bin/git config --local http.https://github.com/.extraheader AUTHORIZATION: basic ***
2025-08-23T15:59:56.0151029Z ##[endgroup]
2025-08-23T15:59:56.0152311Z ##[group]Fetching the repository
2025-08-23T15:59:56.0160860Z [command]/usr/bin/git -c protocol.version=2 fetch --no-tags --prune --no-recurse-submodules --depth=1 origin +4f3172d3313a0f4e178c8add750af619610c31d4:refs/remotes/pull/355/merge
2025-08-23T15:59:56.3537551Z From https://github.com/AlexBomber12/AWA-App
2025-08-23T15:59:56.3538434Z  * [new ref]         4f3172d3313a0f4e178c8add750af619610c31d4 -> pull/355/merge
2025-08-23T15:59:56.3567172Z ##[endgroup]
2025-08-23T15:59:56.3568044Z ##[group]Determining the checkout info
2025-08-23T15:59:56.3569726Z ##[endgroup]
2025-08-23T15:59:56.3574701Z [command]/usr/bin/git sparse-checkout disable
2025-08-23T15:59:56.3612500Z [command]/usr/bin/git config --local --unset-all extensions.worktreeConfig
2025-08-23T15:59:56.3637916Z ##[group]Checking out the ref
2025-08-23T15:59:56.3641510Z [command]/usr/bin/git checkout --progress --force refs/remotes/pull/355/merge
2025-08-23T15:59:56.3922048Z Note: switching to 'refs/remotes/pull/355/merge'.
2025-08-23T15:59:56.3922762Z 
2025-08-23T15:59:56.3923596Z You are in 'detached HEAD' state. You can look around, make experimental
2025-08-23T15:59:56.3925002Z changes and commit them, and you can discard any commits you make in this
2025-08-23T15:59:56.3926348Z state without impacting any branches by switching back to a branch.
2025-08-23T15:59:56.3927152Z 
2025-08-23T15:59:56.3927684Z If you want to create a new branch to retain commits you create, you may
2025-08-23T15:59:56.3928505Z do so (now or later) by using -c with the switch command. Example:
2025-08-23T15:59:56.3928960Z 
2025-08-23T15:59:56.3929166Z   git switch -c <new-branch-name>
2025-08-23T15:59:56.3929912Z 
2025-08-23T15:59:56.3930222Z Or undo this operation with:
2025-08-23T15:59:56.3930710Z 
2025-08-23T15:59:56.3930983Z   git switch -
2025-08-23T15:59:56.3931362Z 
2025-08-23T15:59:56.3932003Z Turn off this advice by setting config variable advice.detachedHead to false
2025-08-23T15:59:56.3932549Z 
2025-08-23T15:59:56.3933337Z HEAD is now at 4f3172d Merge 0f55e4cacfed27f9f83c878bd48411e7fb8c4df0 into a413aa60b8fc5e2682e71f074ff2d95894de399f
2025-08-23T15:59:56.3935192Z ##[endgroup]
2025-08-23T15:59:56.3966828Z [command]/usr/bin/git log -1 --format=%H
2025-08-23T15:59:56.3988465Z 4f3172d3313a0f4e178c8add750af619610c31d4
2025-08-23T15:59:56.4179279Z ##[group]Run echo "GITHUB_SHA=${GITHUB_SHA}" >> "$GITHUB_ENV"
2025-08-23T15:59:56.4180071Z [36;1mecho "GITHUB_SHA=${GITHUB_SHA}" >> "$GITHUB_ENV"[0m
2025-08-23T15:59:56.4249134Z shell: /usr/bin/bash -e {0}
2025-08-23T15:59:56.4249633Z ##[endgroup]
2025-08-23T15:59:56.4373870Z ##[group]Run cat .env.ci >> "$GITHUB_ENV"
2025-08-23T15:59:56.4374510Z [36;1mcat .env.ci >> "$GITHUB_ENV"[0m
2025-08-23T15:59:56.4375576Z [36;1mecho "DATABASE_URL=***postgres:5432/awa" >> "$GITHUB_ENV"[0m
2025-08-23T15:59:56.4376279Z [36;1mecho "PG_HOST=postgres" >> "$GITHUB_ENV"[0m
2025-08-23T15:59:56.4376867Z [36;1mecho "PG_PORT=5432" >> "$GITHUB_ENV"[0m
2025-08-23T15:59:56.4377452Z [36;1mecho "PG_USER=postgres" >> "$GITHUB_ENV"[0m
2025-08-23T15:59:56.4378028Z [36;1mecho "PG_PASSWORD=pass" >> "$GITHUB_ENV"[0m
2025-08-23T15:59:56.4378606Z [36;1mecho "PG_DATABASE=awa" >> "$GITHUB_ENV"[0m
2025-08-23T15:59:56.4379534Z [36;1mecho "PG_SYNC_DSN=***postgres:5432/awa" >> "$GITHUB_ENV"[0m
2025-08-23T15:59:56.4380528Z [36;1mecho "PG_ASYNC_DSN=***postgres:5432/awa" >> "$GITHUB_ENV"[0m
2025-08-23T15:59:56.4381194Z [36;1mecho "POSTGRES_USER=postgres" >> "$GITHUB_ENV"[0m
2025-08-23T15:59:56.4381832Z [36;1mecho "POSTGRES_PASSWORD=pass" >> "$GITHUB_ENV"[0m
2025-08-23T15:59:56.4382461Z [36;1mecho "POSTGRES_DB=awa" >> "$GITHUB_ENV"[0m
2025-08-23T15:59:56.4418533Z shell: /usr/bin/bash -e {0}
2025-08-23T15:59:56.4418997Z env:
2025-08-23T15:59:56.4419431Z   GITHUB_SHA: 4f3172d3313a0f4e178c8add750af619610c31d4
2025-08-23T15:59:56.4419982Z ##[endgroup]
2025-08-23T15:59:56.4532871Z ##[group]Run export COMPOSE_DOCKER_CLI_BUILD=1 DOCKER_BUILDKIT=1
2025-08-23T15:59:56.4534008Z [36;1mexport COMPOSE_DOCKER_CLI_BUILD=1 DOCKER_BUILDKIT=1[0m
2025-08-23T15:59:56.4534671Z [36;1mdocker compose --progress=plain \[0m
2025-08-23T15:59:56.4535206Z [36;1m  -f docker-compose.yml \[0m
2025-08-23T15:59:56.4535722Z [36;1m  -f docker-compose.ci.yml \[0m
2025-08-23T15:59:56.4536274Z [36;1m  -f docker-compose.postgres.yml \[0m
2025-08-23T15:59:56.4536791Z [36;1m  build[0m
2025-08-23T15:59:56.4572686Z shell: /usr/bin/bash -e {0}
2025-08-23T15:59:56.4573134Z env:
2025-08-23T15:59:56.4573700Z   GITHUB_SHA: 4f3172d3313a0f4e178c8add750af619610c31d4
2025-08-23T15:59:56.4574301Z   PG_USER: postgres
2025-08-23T15:59:56.4574693Z   PG_PASSWORD: pass
2025-08-23T15:59:56.4575092Z   PG_DATABASE: awa
2025-08-23T15:59:56.4575484Z   PG_HOST: postgres
2025-08-23T15:59:56.4575873Z   PG_PORT: 5432
2025-08-23T15:59:56.4576568Z   PG_SYNC_DSN: ***postgres:5432/awa
2025-08-23T15:59:56.4577335Z   PG_ASYNC_DSN: ***postgres:5432/awa
2025-08-23T15:59:56.4578089Z   DATABASE_URL: ***postgres:5432/awa
2025-08-23T15:59:56.4578587Z   DATA_DIR: /tmp/awa-data
2025-08-23T15:59:56.4579011Z   ENABLE_LIVE: 0
2025-08-23T15:59:56.4579391Z   TESTING: 1
2025-08-23T15:59:56.4579823Z   POSTGRES_USER: postgres
2025-08-23T15:59:56.4580257Z   POSTGRES_PASSWORD: pass
2025-08-23T15:59:56.4580690Z   POSTGRES_DB: awa
2025-08-23T15:59:56.4581062Z ##[endgroup]
2025-08-23T16:00:01.0551338Z #1 [internal] load local bake definitions
2025-08-23T16:00:01.2057732Z #1 reading from stdin 1.88kB done
2025-08-23T16:00:01.2060506Z #1 DONE 0.0s
2025-08-23T16:00:01.3521517Z 
2025-08-23T16:00:01.3522134Z #2 [postgres internal] load build definition from Dockerfile
2025-08-23T16:00:01.3524446Z #2 transferring dockerfile: 807B done
2025-08-23T16:00:01.3525148Z #2 DONE 0.0s
2025-08-23T16:00:01.3525705Z 
2025-08-23T16:00:01.3525901Z #3 [fees_h10 internal] load build definition from Dockerfile
2025-08-23T16:00:01.3526323Z #3 transferring dockerfile: 962B done
2025-08-23T16:00:01.3526613Z #3 DONE 0.0s
2025-08-23T16:00:01.3526745Z 
2025-08-23T16:00:01.3526908Z #4 [etl internal] load build definition from Dockerfile
2025-08-23T16:00:01.3527271Z #4 transferring dockerfile: 1.35kB done
2025-08-23T16:00:01.3527576Z #4 DONE 0.0s
2025-08-23T16:00:01.3527712Z 
2025-08-23T16:00:01.3527865Z #5 [api internal] load build definition from Dockerfile
2025-08-23T16:00:01.3528228Z #5 transferring dockerfile: 1.48kB done
2025-08-23T16:00:01.3528523Z #5 DONE 0.0s
2025-08-23T16:00:01.3528654Z 
2025-08-23T16:00:01.3528858Z #6 [auth] docker/dockerfile:pull token for registry-1.docker.io
2025-08-23T16:00:01.5523473Z #6 DONE 0.0s
2025-08-23T16:00:01.5523860Z 
2025-08-23T16:00:01.5524169Z #7 [auth] library/postgres:pull token for registry-1.docker.io
2025-08-23T16:00:01.5524727Z #7 DONE 0.0s
2025-08-23T16:00:01.5524985Z 
2025-08-23T16:00:01.5525463Z #8 [etl] resolve image config for docker-image://docker.io/docker/dockerfile:1.6
2025-08-23T16:00:02.8572588Z #8 DONE 1.5s
2025-08-23T16:00:02.8573034Z 
2025-08-23T16:00:02.8574466Z #9 [celery_worker] docker-image://docker.io/docker/dockerfile:1.6@sha256:ac85f380a63b13dfcefa89046420e1781752bab202122f8f50032edf31be0021
2025-08-23T16:00:02.8575780Z #9 resolve docker.io/docker/dockerfile:1.6@sha256:ac85f380a63b13dfcefa89046420e1781752bab202122f8f50032edf31be0021 done
2025-08-23T16:00:02.8576784Z #9 sha256:ac85f380a63b13dfcefa89046420e1781752bab202122f8f50032edf31be0021 8.40kB / 8.40kB done
2025-08-23T16:00:02.8577667Z #9 sha256:657fcc512c7369f4cb3d94ea329150f8daf626bc838b1a1e81f1834c73ecc77e 482B / 482B done
2025-08-23T16:00:02.8578537Z #9 sha256:a17ee7fff8f5e97b974f5b48f51647d2cf28d543f2aa6c11aaa0ea431b44bb89 1.27kB / 1.27kB done
2025-08-23T16:00:02.8579414Z #9 sha256:9d9c93f4b00be908ab694a4df732570bced3b8a96b7515d70ff93402179ad232 0B / 11.80MB 0.1s
2025-08-23T16:00:02.9579957Z #9 sha256:ac85f380a63b13dfcefa89046420e1781752bab202122f8f50032edf31be0021 8.40kB / 8.40kB done
2025-08-23T16:00:02.9582624Z #9 sha256:657fcc512c7369f4cb3d94ea329150f8daf626bc838b1a1e81f1834c73ecc77e 482B / 482B done
2025-08-23T16:00:02.9584829Z #9 sha256:a17ee7fff8f5e97b974f5b48f51647d2cf28d543f2aa6c11aaa0ea431b44bb89 1.27kB / 1.27kB done
2025-08-23T16:00:03.1575604Z #9 sha256:9d9c93f4b00be908ab694a4df732570bced3b8a96b7515d70ff93402179ad232 4.19MB / 11.80MB 0.4s
2025-08-23T16:00:03.2582159Z #9 sha256:9d9c93f4b00be908ab694a4df732570bced3b8a96b7515d70ff93402179ad232 7.34MB / 11.80MB 0.5s
2025-08-23T16:00:03.3913903Z #9 sha256:9d9c93f4b00be908ab694a4df732570bced3b8a96b7515d70ff93402179ad232 10.49MB / 11.80MB 0.6s
2025-08-23T16:00:03.3915260Z #9 extracting sha256:9d9c93f4b00be908ab694a4df732570bced3b8a96b7515d70ff93402179ad232
2025-08-23T16:00:03.4957243Z #9 sha256:9d9c93f4b00be908ab694a4df732570bced3b8a96b7515d70ff93402179ad232 11.80MB / 11.80MB 0.6s done
2025-08-23T16:00:03.4958410Z #9 extracting sha256:9d9c93f4b00be908ab694a4df732570bced3b8a96b7515d70ff93402179ad232 0.1s done
2025-08-23T16:00:03.6010372Z #9 DONE 0.7s
2025-08-23T16:00:03.6011902Z 
2025-08-23T16:00:03.6012618Z #10 [celery_worker internal] load build definition from Dockerfile
2025-08-23T16:00:03.8247123Z #10 transferring dockerfile: 1.35kB done
2025-08-23T16:00:03.8247925Z #10 DONE 0.0s
2025-08-23T16:00:03.8248158Z 
2025-08-23T16:00:03.8248513Z #11 [etl internal] load build definition from Dockerfile
2025-08-23T16:00:03.8249265Z #11 transferring dockerfile: 1.35kB done
2025-08-23T16:00:03.8249841Z #11 DONE 0.0s
2025-08-23T16:00:03.8250060Z 
2025-08-23T16:00:03.8250373Z #12 [auth] library/python:pull token for registry-1.docker.io
2025-08-23T16:00:03.8251019Z #12 DONE 0.0s
2025-08-23T16:00:03.8251176Z 
2025-08-23T16:00:03.8251425Z #13 [etl internal] load metadata for docker.io/library/python:3.12-slim
2025-08-23T16:00:03.8669804Z #13 ...
2025-08-23T16:00:03.8670054Z 
2025-08-23T16:00:03.8670460Z #14 [postgres internal] load metadata for docker.io/library/postgres:16
2025-08-23T16:00:03.8671537Z #14 DONE 2.6s
2025-08-23T16:00:03.9892360Z 
2025-08-23T16:00:03.9892926Z #15 [postgres internal] load .dockerignore
2025-08-23T16:00:03.9894127Z #15 transferring context: 265B done
2025-08-23T16:00:03.9894587Z #15 DONE 0.0s
2025-08-23T16:00:03.9894802Z 
2025-08-23T16:00:03.9895016Z #16 [postgres internal] load build context
2025-08-23T16:00:03.9895451Z #16 transferring context: 582B done
2025-08-23T16:00:03.9895742Z #16 DONE 0.0s
2025-08-23T16:00:03.9895870Z 
2025-08-23T16:00:03.9896344Z #17 [postgres 1/6] FROM docker.io/library/postgres:16@sha256:66a5efb5677ffac1037774a0e141fd3a4c035c9c0c0e624c9cc980dfa10f45e5
2025-08-23T16:00:03.9897352Z #17 resolve docker.io/library/postgres:16@sha256:66a5efb5677ffac1037774a0e141fd3a4c035c9c0c0e624c9cc980dfa10f45e5 done
2025-08-23T16:00:03.9898248Z #17 sha256:4b802c5161ddfa2ae4beac272c4e24aa5e162a20451c8489cbb952a88507732f 9.89kB / 9.89kB done
2025-08-23T16:00:03.9898894Z #17 sha256:66a5efb5677ffac1037774a0e141fd3a4c035c9c0c0e624c9cc980dfa10f45e5 10.24kB / 10.24kB done
2025-08-23T16:00:03.9899593Z #17 sha256:3084fa1fadd59e7633ec56d318f1e4de01be744f446c5c35df7cd801fbc34894 3.63kB / 3.63kB done
2025-08-23T16:00:03.9900244Z #17 sha256:fb850b0e3049060bf4eb46c8806d7ceea916d67e5cc56d6b295511e27463e56b 0B / 1.17kB 0.1s
2025-08-23T16:00:03.9900868Z #17 sha256:396b1da7636e2dcd10565cb4f2f952cbb4a8a38b58d3b86a2cacb172fb70117c 0B / 29.77MB 0.1s
2025-08-23T16:00:03.9901489Z #17 sha256:7f09385d08f9e8f578f9dad57582fff30d6ca3ef0f4d66ab5e1bf92c88862341 1.05MB / 6.44MB 0.1s
2025-08-23T16:00:04.0897949Z #17 sha256:fb850b0e3049060bf4eb46c8806d7ceea916d67e5cc56d6b295511e27463e56b 1.17kB / 1.17kB 0.1s done
2025-08-23T16:00:04.0898632Z #17 sha256:7f09385d08f9e8f578f9dad57582fff30d6ca3ef0f4d66ab5e1bf92c88862341 4.19MB / 6.44MB 0.2s
2025-08-23T16:00:04.0899260Z #17 sha256:534f45d26d937460abe84bd086361a04c27e624a23f9384ff13f11c24c64c7bb 1.45MB / 1.45MB 0.2s
2025-08-23T16:00:04.1907509Z #17 ...
2025-08-23T16:00:04.1907918Z 
2025-08-23T16:00:04.1908331Z #13 [fees_h10 internal] load metadata for docker.io/library/python:3.12-slim
2025-08-23T16:00:04.1908910Z #13 DONE 0.5s
2025-08-23T16:00:04.1909103Z 
2025-08-23T16:00:04.1909553Z #18 [etl internal] load .dockerignore
2025-08-23T16:00:04.1910085Z #18 transferring context: 265B done
2025-08-23T16:00:04.1910443Z #18 DONE 0.0s
2025-08-23T16:00:04.1910635Z 
2025-08-23T16:00:04.1910805Z #19 [fees_h10 internal] load .dockerignore
2025-08-23T16:00:04.1911229Z #19 transferring context: 2B done
2025-08-23T16:00:04.1911588Z #19 DONE 0.0s
2025-08-23T16:00:04.1911750Z 
2025-08-23T16:00:04.1911899Z #20 [api internal] load .dockerignore
2025-08-23T16:00:04.1912336Z #20 transferring context: 265B done
2025-08-23T16:00:04.1912716Z #20 DONE 0.0s
2025-08-23T16:00:04.1912906Z 
2025-08-23T16:00:04.1913081Z #21 [celery_worker internal] load .dockerignore
2025-08-23T16:00:04.1913701Z #21 transferring context: 265B done
2025-08-23T16:00:04.1914083Z #21 DONE 0.0s
2025-08-23T16:00:04.1914257Z 
2025-08-23T16:00:04.1914887Z #17 [postgres 1/6] FROM docker.io/library/postgres:16@sha256:66a5efb5677ffac1037774a0e141fd3a4c035c9c0c0e624c9cc980dfa10f45e5
2025-08-23T16:00:04.1916215Z #17 sha256:7f09385d08f9e8f578f9dad57582fff30d6ca3ef0f4d66ab5e1bf92c88862341 6.44MB / 6.44MB 0.2s done
2025-08-23T16:00:04.1917375Z #17 sha256:534f45d26d937460abe84bd086361a04c27e624a23f9384ff13f11c24c64c7bb 1.45MB / 1.45MB 0.2s done
2025-08-23T16:00:04.1918477Z #17 sha256:2b6532633f5d125e9a709f56f26af5a07390c859a5c77142b74da1d4e3c79fee 6.29MB / 8.20MB 0.3s
2025-08-23T16:00:04.1919536Z #17 sha256:320fa150e60fca9bb108771a06f08d5464ad8b7474b7bf3f4b44d723b686ee72 1.31MB / 1.31MB 0.3s
2025-08-23T16:00:04.3077144Z #17 ...
2025-08-23T16:00:04.3077444Z 
2025-08-23T16:00:04.3077638Z #22 [fees_h10 internal] load build context
2025-08-23T16:00:04.3078210Z #22 transferring context: 8.31kB done
2025-08-23T16:00:04.3078610Z #22 DONE 0.0s
2025-08-23T16:00:04.3078745Z 
2025-08-23T16:00:04.3078872Z #23 [celery_worker internal] load build context
2025-08-23T16:00:04.3079223Z #23 transferring context: 62.00kB 0.0s done
2025-08-23T16:00:04.3079943Z #23 DONE 0.0s
2025-08-23T16:00:04.3080071Z 
2025-08-23T16:00:04.3080194Z #24 [api internal] load build context
2025-08-23T16:00:04.3080509Z #24 transferring context: 171.14kB 0.0s done
2025-08-23T16:00:04.3080806Z #24 DONE 0.0s
2025-08-23T16:00:04.3080926Z 
2025-08-23T16:00:04.3081034Z #25 [etl internal] load build context
2025-08-23T16:00:04.3081352Z #25 transferring context: 62.00kB 0.0s done
2025-08-23T16:00:04.3081639Z #25 DONE 0.0s
2025-08-23T16:00:04.3081767Z 
2025-08-23T16:00:04.3082237Z #17 [postgres 1/6] FROM docker.io/library/postgres:16@sha256:66a5efb5677ffac1037774a0e141fd3a4c035c9c0c0e624c9cc980dfa10f45e5
2025-08-23T16:00:04.3083394Z #17 sha256:2b6532633f5d125e9a709f56f26af5a07390c859a5c77142b74da1d4e3c79fee 8.20MB / 8.20MB 0.3s done
2025-08-23T16:00:04.3084064Z #17 sha256:320fa150e60fca9bb108771a06f08d5464ad8b7474b7bf3f4b44d723b686ee72 1.31MB / 1.31MB 0.3s done
2025-08-23T16:00:04.3084685Z #17 sha256:19947f6cc5d3035f6c922fa1d6047c79e044256ad948080adb59cec60717b9f8 116B / 116B 0.4s done
2025-08-23T16:00:04.3085299Z #17 sha256:a1e4ad56dcecf442fba1cec05cd565ededfdc663e5172df9ef9394d96d4c96f8 0B / 113.19MB 0.4s
2025-08-23T16:00:04.3085888Z #17 sha256:987c1b4919ea2d87df20824aaef43a9de0575ac7df684579ad267c7e48c8eeea 0B / 10.01kB 0.4s
2025-08-23T16:00:04.3086466Z #17 sha256:e787bdd7824bfcb30d11087160de825f724620c952958f4f725c13421499b724 3.14kB / 3.14kB 0.4s done
2025-08-23T16:00:04.4894403Z #17 sha256:a1e4ad56dcecf442fba1cec05cd565ededfdc663e5172df9ef9394d96d4c96f8 46.14MB / 113.19MB 0.6s
2025-08-23T16:00:04.4895175Z #17 sha256:987c1b4919ea2d87df20824aaef43a9de0575ac7df684579ad267c7e48c8eeea 10.01kB / 10.01kB 0.4s done
2025-08-23T16:00:04.4896102Z #17 sha256:a858bd6d34e86a481a2e028e3ba489e662b3ac7713eba9a5d3bb97002c7d797e 128B / 128B 0.5s done
2025-08-23T16:00:04.4897195Z #17 sha256:f1b3502db45ad485f0affe43e32fc81d699ddac01c023f198271a0a7e1cecd4c 169B / 169B 0.6s done
2025-08-23T16:00:04.4898011Z #17 sha256:25ef78fb127c1934630de29a3d38f46e544360b1dcf5cfc09b25507fbe88fd75 0B / 5.92kB 0.6s
2025-08-23T16:00:04.5898181Z #17 sha256:a1e4ad56dcecf442fba1cec05cd565ededfdc663e5172df9ef9394d96d4c96f8 63.96MB / 113.19MB 0.7s
2025-08-23T16:00:04.5899207Z #17 sha256:25ef78fb127c1934630de29a3d38f46e544360b1dcf5cfc09b25507fbe88fd75 5.92kB / 5.92kB 0.7s done
2025-08-23T16:00:04.5900145Z #17 sha256:240810240d04caaaccb11d51ba7c3a7f7d6f470ec2a80ee420a3d33899d9a303 0B / 184B 0.7s
2025-08-23T16:00:04.7080866Z #17 sha256:a1e4ad56dcecf442fba1cec05cd565ededfdc663e5172df9ef9394d96d4c96f8 80.74MB / 113.19MB 0.8s
2025-08-23T16:00:04.8091707Z #17 sha256:a1e4ad56dcecf442fba1cec05cd565ededfdc663e5172df9ef9394d96d4c96f8 91.23MB / 113.19MB 0.9s
2025-08-23T16:00:04.9985884Z #17 sha256:396b1da7636e2dcd10565cb4f2f952cbb4a8a38b58d3b86a2cacb172fb70117c 8.39MB / 29.77MB 1.1s
2025-08-23T16:00:04.9986828Z #17 sha256:a1e4ad56dcecf442fba1cec05cd565ededfdc663e5172df9ef9394d96d4c96f8 108.00MB / 113.19MB 1.1s
2025-08-23T16:00:05.1082227Z #17 sha256:396b1da7636e2dcd10565cb4f2f952cbb4a8a38b58d3b86a2cacb172fb70117c 25.17MB / 29.77MB 1.2s
2025-08-23T16:00:05.2775831Z #17 sha256:396b1da7636e2dcd10565cb4f2f952cbb4a8a38b58d3b86a2cacb172fb70117c 29.77MB / 29.77MB 1.2s done
2025-08-23T16:00:05.2780687Z #17 sha256:a1e4ad56dcecf442fba1cec05cd565ededfdc663e5172df9ef9394d96d4c96f8 113.19MB / 113.19MB 1.2s done
2025-08-23T16:00:05.2781847Z #17 extracting sha256:396b1da7636e2dcd10565cb4f2f952cbb4a8a38b58d3b86a2cacb172fb70117c 0.1s
2025-08-23T16:00:06.0889764Z #17 extracting sha256:396b1da7636e2dcd10565cb4f2f952cbb4a8a38b58d3b86a2cacb172fb70117c 0.9s done
2025-08-23T16:00:06.0891477Z #17 extracting sha256:fb850b0e3049060bf4eb46c8806d7ceea916d67e5cc56d6b295511e27463e56b done
2025-08-23T16:00:06.1889091Z #17 extracting sha256:7f09385d08f9e8f578f9dad57582fff30d6ca3ef0f4d66ab5e1bf92c88862341
2025-08-23T16:00:06.3157137Z #17 extracting sha256:7f09385d08f9e8f578f9dad57582fff30d6ca3ef0f4d66ab5e1bf92c88862341 0.1s done
2025-08-23T16:00:06.4363020Z #17 extracting sha256:534f45d26d937460abe84bd086361a04c27e624a23f9384ff13f11c24c64c7bb 0.0s done
2025-08-23T16:00:06.5627769Z #17 extracting sha256:2b6532633f5d125e9a709f56f26af5a07390c859a5c77142b74da1d4e3c79fee 0.1s
2025-08-23T16:00:06.7881380Z #17 extracting sha256:2b6532633f5d125e9a709f56f26af5a07390c859a5c77142b74da1d4e3c79fee 0.3s done
2025-08-23T16:00:06.8889281Z #17 extracting sha256:320fa150e60fca9bb108771a06f08d5464ad8b7474b7bf3f4b44d723b686ee72
2025-08-23T16:00:06.9893498Z #17 ...
2025-08-23T16:00:06.9893816Z 
2025-08-23T16:00:06.9896370Z #26 [etl base 1/8] FROM docker.io/library/python:3.12-slim@sha256:d67a7b66b989ad6b6d6b10d428dcc5e0bfc3e5f88906e67d490c4d3daac57047
2025-08-23T16:00:06.9897862Z #26 resolve docker.io/library/python:3.12-slim@sha256:d67a7b66b989ad6b6d6b10d428dcc5e0bfc3e5f88906e67d490c4d3daac57047 0.0s done
2025-08-23T16:00:06.9898909Z #26 sha256:d67a7b66b989ad6b6d6b10d428dcc5e0bfc3e5f88906e67d490c4d3daac57047 10.37kB / 10.37kB done
2025-08-23T16:00:06.9900046Z #26 sha256:8f3d1de1b41cd7340a89b024d6f7a10043f7b0d07d97eb36ba76f22fcfa9a235 1.75kB / 1.75kB done
2025-08-23T16:00:06.9901169Z #26 sha256:bad5eac7befe06d25bef9d4d894d7467355bac08745c745a88977774933fa032 5.58kB / 5.58kB done
2025-08-23T16:00:06.9902330Z #26 sha256:396b1da7636e2dcd10565cb4f2f952cbb4a8a38b58d3b86a2cacb172fb70117c 29.77MB / 29.77MB 0.9s done
2025-08-23T16:00:06.9903742Z #26 sha256:5d587318e932a89b94608393c99dd30ee5092a6991c1656f717bd4f4e13d60df 1.29MB / 1.29MB 1.0s done
2025-08-23T16:00:06.9904856Z #26 extracting sha256:396b1da7636e2dcd10565cb4f2f952cbb4a8a38b58d3b86a2cacb172fb70117c 0.9s done
2025-08-23T16:00:06.9906026Z #26 sha256:e5c05dcf47fbdb2f18dc242ad1b7f48fbd3813c0027ffcfb8e81e4aa7e0965f4 12.11MB / 12.11MB 1.2s done
2025-08-23T16:00:06.9907201Z #26 sha256:d76206d463c08ba2a3f7bbab2de2a933ad73f33ab4ab813eafe50c9dff9edc12 251B / 251B 1.1s done
2025-08-23T16:00:06.9908281Z #26 extracting sha256:5d587318e932a89b94608393c99dd30ee5092a6991c1656f717bd4f4e13d60df 0.1s done
2025-08-23T16:00:06.9910005Z #26 extracting sha256:e5c05dcf47fbdb2f18dc242ad1b7f48fbd3813c0027ffcfb8e81e4aa7e0965f4 0.7s done
2025-08-23T16:00:06.9911235Z #26 extracting sha256:d76206d463c08ba2a3f7bbab2de2a933ad73f33ab4ab813eafe50c9dff9edc12 done
2025-08-23T16:00:06.9912269Z #26 DONE 2.8s
2025-08-23T16:00:06.9912478Z 
2025-08-23T16:00:06.9913125Z #17 [postgres 1/6] FROM docker.io/library/postgres:16@sha256:66a5efb5677ffac1037774a0e141fd3a4c035c9c0c0e624c9cc980dfa10f45e5
2025-08-23T16:00:06.9914572Z #17 extracting sha256:320fa150e60fca9bb108771a06f08d5464ad8b7474b7bf3f4b44d723b686ee72 0.1s done
2025-08-23T16:00:06.9915646Z #17 extracting sha256:19947f6cc5d3035f6c922fa1d6047c79e044256ad948080adb59cec60717b9f8 done
2025-08-23T16:00:06.9916663Z #17 extracting sha256:e787bdd7824bfcb30d11087160de825f724620c952958f4f725c13421499b724 done
2025-08-23T16:00:07.0989016Z #17 ...
2025-08-23T16:00:07.0989258Z 
2025-08-23T16:00:07.0989547Z #27 [celery_worker stage-1 2/5] WORKDIR /app/services/etl
2025-08-23T16:00:07.0990028Z #27 DONE 0.0s
2025-08-23T16:00:07.0990202Z 
2025-08-23T16:00:07.0990349Z #28 [celery_worker base 2/8] WORKDIR /app
2025-08-23T16:00:07.0990756Z #28 DONE 0.0s
2025-08-23T16:00:07.0990926Z 
2025-08-23T16:00:07.0991219Z #29 [api base  3/13] COPY services/api/requirements.txt ./requirements.txt
2025-08-23T16:00:07.0991763Z #29 DONE 0.0s
2025-08-23T16:00:07.0991920Z 
2025-08-23T16:00:07.0992248Z #30 [fees_h10 base 3/6] COPY requirements*.txt constraints.txt ./fees_h10/
2025-08-23T16:00:07.0992781Z #30 DONE 0.0s
2025-08-23T16:00:07.0992937Z 
2025-08-23T16:00:07.1009901Z #31 [celery_worker base 3/8] COPY services/etl/requirements*.txt services/etl/constraints.txt ./
2025-08-23T16:00:07.1010658Z #31 DONE 0.1s
2025-08-23T16:00:07.1010833Z 
2025-08-23T16:00:07.1011465Z #17 [postgres 1/6] FROM docker.io/library/postgres:16@sha256:66a5efb5677ffac1037774a0e141fd3a4c035c9c0c0e624c9cc980dfa10f45e5
2025-08-23T16:00:07.2362869Z #17 extracting sha256:a1e4ad56dcecf442fba1cec05cd565ededfdc663e5172df9ef9394d96d4c96f8
2025-08-23T16:00:09.1495965Z #17 sha256:240810240d04caaaccb11d51ba7c3a7f7d6f470ec2a80ee420a3d33899d9a303 184B / 184B 5.1s done
2025-08-23T16:00:12.1799705Z #17 extracting sha256:a1e4ad56dcecf442fba1cec05cd565ededfdc663e5172df9ef9394d96d4c96f8 5.0s
2025-08-23T16:00:13.3461251Z #17 extracting sha256:a1e4ad56dcecf442fba1cec05cd565ededfdc663e5172df9ef9394d96d4c96f8 6.0s done
2025-08-23T16:00:13.5674870Z #17 ...
2025-08-23T16:00:13.5675166Z 
2025-08-23T16:00:13.5676416Z #32 [fees_h10 base 4/6] RUN if [ -n "" ] && [ -f "fees_h10/" ]; then         pip install -r fees_h10/requirements.txt -c fees_h10/;     else         pip install -r fees_h10/requirements.txt;     fi
2025-08-23T16:00:13.5677894Z #32 2.905 Collecting celery==5.4.* (from celery[redis]==5.4.*->-r fees_h10/requirements.txt (line 1))
2025-08-23T16:00:13.5678566Z #32 2.965   Downloading celery-5.4.0-py3-none-any.whl.metadata (21 kB)
2025-08-23T16:00:13.5679130Z #32 3.073 Collecting asyncpg (from -r fees_h10/requirements.txt (line 2))
2025-08-23T16:00:13.5679862Z #32 3.088   Downloading asyncpg-0.30.0-cp312-cp312-manylinux_2_17_x86_64.manylinux2014_x86_64.whl.metadata (5.0 kB)
2025-08-23T16:00:13.5680583Z #32 3.121 Collecting httpx (from -r fees_h10/requirements.txt (line 3))
2025-08-23T16:00:13.5681123Z #32 3.137   Downloading httpx-0.28.1-py3-none-any.whl.metadata (7.1 kB)
2025-08-23T16:00:13.5681673Z #32 3.593 Collecting sqlalchemy (from -r fees_h10/requirements.txt (line 4))
2025-08-23T16:00:13.5682407Z #32 3.611   Downloading sqlalchemy-2.0.43-cp312-cp312-manylinux_2_17_x86_64.manylinux2014_x86_64.whl.metadata (9.6 kB)
2025-08-23T16:00:13.5683595Z #32 3.672 Collecting billiard<5.0,>=4.2.0 (from celery==5.4.*->celery[redis]==5.4.*->-r fees_h10/requirements.txt (line 1))
2025-08-23T16:00:13.5684318Z #32 3.686   Downloading billiard-4.2.1-py3-none-any.whl.metadata (4.4 kB)
2025-08-23T16:00:13.5685008Z #32 3.739 Collecting kombu<6.0,>=5.3.4 (from celery==5.4.*->celery[redis]==5.4.*->-r fees_h10/requirements.txt (line 1))
2025-08-23T16:00:13.5685677Z #32 3.757   Downloading kombu-5.5.4-py3-none-any.whl.metadata (3.5 kB)
2025-08-23T16:00:13.5686330Z #32 3.816 Collecting vine<6.0,>=5.1.0 (from celery==5.4.*->celery[redis]==5.4.*->-r fees_h10/requirements.txt (line 1))
2025-08-23T16:00:13.6364629Z #32 3.836   Downloading vine-5.1.0-py3-none-any.whl.metadata (2.7 kB)
2025-08-23T16:00:13.6366566Z #32 3.873 Collecting click<9.0,>=8.1.2 (from celery==5.4.*->celery[redis]==5.4.*->-r fees_h10/requirements.txt (line 1))
2025-08-23T16:00:13.6367836Z #32 3.889   Downloading click-8.2.1-py3-none-any.whl.metadata (2.5 kB)
2025-08-23T16:00:13.6369204Z #32 3.907 Collecting click-didyoumean>=0.3.0 (from celery==5.4.*->celery[redis]==5.4.*->-r fees_h10/requirements.txt (line 1))
2025-08-23T16:00:13.6370623Z #32 3.921   Downloading click_didyoumean-0.3.1-py3-none-any.whl.metadata (3.9 kB)
2025-08-23T16:00:13.6371979Z #32 3.940 Collecting click-repl>=0.2.0 (from celery==5.4.*->celery[redis]==5.4.*->-r fees_h10/requirements.txt (line 1))
2025-08-23T16:00:13.6373482Z #32 3.954   Downloading click_repl-0.3.0-py3-none-any.whl.metadata (3.6 kB)
2025-08-23T16:00:13.6374800Z #32 3.973 Collecting click-plugins>=1.1.1 (from celery==5.4.*->celery[redis]==5.4.*->-r fees_h10/requirements.txt (line 1))
2025-08-23T16:00:13.6376253Z #32 3.987   Downloading click_plugins-1.1.1.2-py2.py3-none-any.whl.metadata (6.5 kB)
2025-08-23T16:00:13.6377618Z #32 4.010 Collecting tzdata>=2022.7 (from celery==5.4.*->celery[redis]==5.4.*->-r fees_h10/requirements.txt (line 1))
2025-08-23T16:00:13.6378691Z #32 4.024   Downloading tzdata-2025.2-py2.py3-none-any.whl.metadata (1.4 kB)
2025-08-23T16:00:13.6379819Z #32 4.044 Collecting python-dateutil>=2.8.2 (from celery==5.4.*->celery[redis]==5.4.*->-r fees_h10/requirements.txt (line 1))
2025-08-23T16:00:13.6380887Z #32 4.058   Downloading python_dateutil-2.9.0.post0-py2.py3-none-any.whl.metadata (8.4 kB)
2025-08-23T16:00:13.6381923Z #32 4.140 Collecting redis!=4.5.5,<6.0.0,>=4.5.2 (from celery[redis]==5.4.*->-r fees_h10/requirements.txt (line 1))
2025-08-23T16:00:13.6382775Z #32 4.161   Downloading redis-5.3.1-py3-none-any.whl.metadata (9.2 kB)
2025-08-23T16:00:13.6383707Z #32 4.201 Collecting anyio (from httpx->-r fees_h10/requirements.txt (line 3))
2025-08-23T16:00:13.6384707Z #32 4.217   Downloading anyio-4.10.0-py3-none-any.whl.metadata (4.0 kB)
2025-08-23T16:00:13.6385454Z #32 4.262 Collecting certifi (from httpx->-r fees_h10/requirements.txt (line 3))
2025-08-23T16:00:13.6386208Z #32 4.285   Downloading certifi-2025.8.3-py3-none-any.whl.metadata (2.4 kB)
2025-08-23T16:00:13.6387189Z #32 4.319 Collecting httpcore==1.* (from httpx->-r fees_h10/requirements.txt (line 3))
2025-08-23T16:00:13.6388464Z #32 4.337   Downloading httpcore-1.0.9-py3-none-any.whl.metadata (21 kB)
2025-08-23T16:00:13.6389399Z #32 4.364 Collecting idna (from httpx->-r fees_h10/requirements.txt (line 3))
2025-08-23T16:00:13.6390191Z #32 4.379   Downloading idna-3.10-py3-none-any.whl.metadata (10 kB)
2025-08-23T16:00:13.6391140Z #32 4.411 Collecting h11>=0.16 (from httpcore==1.*->httpx->-r fees_h10/requirements.txt (line 3))
2025-08-23T16:00:13.6392651Z #32 4.426   Downloading h11-0.16.0-py3-none-any.whl.metadata (8.3 kB)
2025-08-23T16:00:13.6393739Z #32 4.680 Collecting greenlet>=1 (from sqlalchemy->-r fees_h10/requirements.txt (line 4))
2025-08-23T16:00:13.6419698Z #32 4.696   Downloading greenlet-3.2.4-cp312-cp312-manylinux_2_24_x86_64.manylinux_2_28_x86_64.whl.metadata (4.1 kB)
2025-08-23T16:00:13.6420892Z #32 4.733 Collecting typing-extensions>=4.6.0 (from sqlalchemy->-r fees_h10/requirements.txt (line 4))
2025-08-23T16:00:13.6421916Z #32 4.747   Downloading typing_extensions-4.14.1-py3-none-any.whl.metadata (3.0 kB)
2025-08-23T16:00:13.6423063Z #32 4.857 Collecting prompt-toolkit>=3.0.36 (from click-repl>=0.2.0->celery==5.4.*->celery[redis]==5.4.*->-r fees_h10/requirements.txt (line 1))
2025-08-23T16:00:13.6424527Z #32 4.872   Downloading prompt_toolkit-3.0.51-py3-none-any.whl.metadata (6.4 kB)
2025-08-23T16:00:13.6425582Z #32 4.925 Collecting amqp<6.0.0,>=5.1.1 (from kombu<6.0,>=5.3.4->celery==5.4.*->celery[redis]==5.4.*->-r fees_h10/requirements.txt (line 1))
2025-08-23T16:00:13.6426568Z #32 4.942   Downloading amqp-5.3.1-py3-none-any.whl.metadata (8.9 kB)
2025-08-23T16:00:13.6427782Z #32 4.985 Collecting packaging (from kombu<6.0,>=5.3.4->celery==5.4.*->celery[redis]==5.4.*->-r fees_h10/requirements.txt (line 1))
2025-08-23T16:00:13.6428854Z #32 5.001   Downloading packaging-25.0-py3-none-any.whl.metadata (3.3 kB)
2025-08-23T16:00:13.6429931Z #32 5.043 Collecting six>=1.5 (from python-dateutil>=2.8.2->celery==5.4.*->celery[redis]==5.4.*->-r fees_h10/requirements.txt (line 1))
2025-08-23T16:00:13.6430988Z #32 5.061   Downloading six-1.17.0-py2.py3-none-any.whl.metadata (1.7 kB)
2025-08-23T16:00:13.6431960Z #32 5.105 Collecting PyJWT>=2.9.0 (from redis!=4.5.5,<6.0.0,>=4.5.2->celery[redis]==5.4.*->-r fees_h10/requirements.txt (line 1))
2025-08-23T16:00:13.6432911Z #32 5.122   Downloading PyJWT-2.10.1-py3-none-any.whl.metadata (4.0 kB)
2025-08-23T16:00:13.6433947Z #32 5.162 Collecting sniffio>=1.1 (from anyio->httpx->-r fees_h10/requirements.txt (line 3))
2025-08-23T16:00:13.6434811Z #32 5.176   Downloading sniffio-1.3.1-py3-none-any.whl.metadata (3.9 kB)
2025-08-23T16:00:13.6435968Z #32 5.225 Collecting wcwidth (from prompt-toolkit>=3.0.36->click-repl>=0.2.0->celery==5.4.*->celery[redis]==5.4.*->-r fees_h10/requirements.txt (line 1))
2025-08-23T16:00:13.6437140Z #32 5.242   Downloading wcwidth-0.2.13-py2.py3-none-any.whl.metadata (14 kB)
2025-08-23T16:00:13.6437868Z #32 5.277 Downloading celery-5.4.0-py3-none-any.whl (425 kB)
2025-08-23T16:00:13.6438735Z #32 5.338 Downloading asyncpg-0.30.0-cp312-cp312-manylinux_2_17_x86_64.manylinux2014_x86_64.whl (3.6 MB)
2025-08-23T16:00:13.6440117Z #32 5.414    ━━━━━━━━━━━━━━━━━━━━━━━━━━━━━━━━━━━━━━━━ 3.6/3.6 MB 48.2 MB/s eta 0:00:00
2025-08-23T16:00:13.6440787Z #32 5.431 Downloading httpx-0.28.1-py3-none-any.whl (73 kB)
2025-08-23T16:00:13.6441439Z #32 5.450 Downloading httpcore-1.0.9-py3-none-any.whl (78 kB)
2025-08-23T16:00:13.6442343Z #32 5.474 Downloading sqlalchemy-2.0.43-cp312-cp312-manylinux_2_17_x86_64.manylinux2014_x86_64.whl (3.3 MB)
2025-08-23T16:00:13.6444011Z #32 5.511    ━━━━━━━━━━━━━━━━━━━━━━━━━━━━━━━━━━━━━━━━ 3.3/3.3 MB 99.4 MB/s eta 0:00:00
2025-08-23T16:00:13.6455748Z #32 5.527 Downloading billiard-4.2.1-py3-none-any.whl (86 kB)
2025-08-23T16:00:13.6456394Z #32 5.547 Downloading click-8.2.1-py3-none-any.whl (102 kB)
2025-08-23T16:00:13.6457072Z #32 5.565 Downloading click_didyoumean-0.3.1-py3-none-any.whl (3.6 kB)
2025-08-23T16:00:13.6457810Z #32 5.587 Downloading click_plugins-1.1.1.2-py2.py3-none-any.whl (11 kB)
2025-08-23T16:00:13.6458521Z #32 5.610 Downloading click_repl-0.3.0-py3-none-any.whl (10 kB)
2025-08-23T16:00:13.6500365Z #32 5.638 Downloading greenlet-3.2.4-cp312-cp312-manylinux_2_24_x86_64.manylinux_2_28_x86_64.whl (607 kB)
2025-08-23T16:00:13.6501580Z #32 5.650    ━━━━━━━━━━━━━━━━━━━━━━━━━━━━━━━━━━━━━━━━ 607.6/607.6 kB 49.4 MB/s eta 0:00:00
2025-08-23T16:00:13.6502288Z #32 5.666 Downloading kombu-5.5.4-py3-none-any.whl (210 kB)
2025-08-23T16:00:13.6502909Z #32 5.686 Downloading vine-5.1.0-py3-none-any.whl (9.6 kB)
2025-08-23T16:00:13.6503954Z #32 5.708 Downloading python_dateutil-2.9.0.post0-py2.py3-none-any.whl (229 kB)
2025-08-23T16:00:13.6504756Z #32 5.740 Downloading redis-5.3.1-py3-none-any.whl (272 kB)
2025-08-23T16:00:13.6505462Z #32 5.761 Downloading typing_extensions-4.14.1-py3-none-any.whl (43 kB)
2025-08-23T16:00:13.6506205Z #32 5.784 Downloading tzdata-2025.2-py2.py3-none-any.whl (347 kB)
2025-08-23T16:00:13.6506872Z #32 5.810 Downloading anyio-4.10.0-py3-none-any.whl (107 kB)
2025-08-23T16:00:13.6507482Z #32 5.827 Downloading idna-3.10-py3-none-any.whl (70 kB)
2025-08-23T16:00:13.6508121Z #32 5.846 Downloading certifi-2025.8.3-py3-none-any.whl (161 kB)
2025-08-23T16:00:13.6508697Z #32 5.865 Downloading amqp-5.3.1-py3-none-any.whl (50 kB)
2025-08-23T16:00:13.6509185Z #32 5.884 Downloading h11-0.16.0-py3-none-any.whl (37 kB)
2025-08-23T16:00:13.6509746Z #32 5.905 Downloading prompt_toolkit-3.0.51-py3-none-any.whl (387 kB)
2025-08-23T16:00:13.6510320Z #32 5.933 Downloading PyJWT-2.10.1-py3-none-any.whl (22 kB)
2025-08-23T16:00:13.6510859Z #32 5.952 Downloading six-1.17.0-py2.py3-none-any.whl (11 kB)
2025-08-23T16:00:13.6511441Z #32 5.971 Downloading sniffio-1.3.1-py3-none-any.whl (10 kB)
2025-08-23T16:00:13.6512260Z #32 5.996 Downloading packaging-25.0-py3-none-any.whl (66 kB)
2025-08-23T16:00:13.6512883Z #32 6.017 Downloading wcwidth-0.2.13-py2.py3-none-any.whl (34 kB)
2025-08-23T16:00:13.6515084Z #32 6.159 Installing collected packages: wcwidth, vine, tzdata, typing-extensions, sniffio, six, PyJWT, prompt-toolkit, packaging, idna, h11, greenlet, click, certifi, billiard, asyncpg, sqlalchemy, redis, python-dateutil, httpcore, click-repl, click-plugins, click-didyoumean, anyio, amqp, kombu, httpx, celery
2025-08-23T16:00:14.1665929Z #32 ...
2025-08-23T16:00:14.1666478Z 
2025-08-23T16:00:14.1667458Z #17 [postgres 1/6] FROM docker.io/library/postgres:16@sha256:66a5efb5677ffac1037774a0e141fd3a4c035c9c0c0e624c9cc980dfa10f45e5
2025-08-23T16:00:14.1668670Z #17 extracting sha256:987c1b4919ea2d87df20824aaef43a9de0575ac7df684579ad267c7e48c8eeea done
2025-08-23T16:00:14.1669699Z #17 extracting sha256:a858bd6d34e86a481a2e028e3ba489e662b3ac7713eba9a5d3bb97002c7d797e done
2025-08-23T16:00:14.1670666Z #17 extracting sha256:f1b3502db45ad485f0affe43e32fc81d699ddac01c023f198271a0a7e1cecd4c done
2025-08-23T16:00:14.1671621Z #17 extracting sha256:25ef78fb127c1934630de29a3d38f46e544360b1dcf5cfc09b25507fbe88fd75
2025-08-23T16:00:14.3319847Z #17 extracting sha256:25ef78fb127c1934630de29a3d38f46e544360b1dcf5cfc09b25507fbe88fd75 done
2025-08-23T16:00:14.3343525Z #17 extracting sha256:240810240d04caaaccb11d51ba7c3a7f7d6f470ec2a80ee420a3d33899d9a303 done
2025-08-23T16:00:14.3345715Z #17 DONE 10.4s
2025-08-23T16:00:14.3349611Z 
2025-08-23T16:00:14.3352920Z #33 [api stage-1 3/6] RUN set -eux;     if [ -f /etc/apt/sources.list ]; then         sed -i 's|http://deb.debian.org|https://deb.debian.org|g' /etc/apt/sources.list;     fi;     apt-get update;     apt-get install -y --no-install-recommends tzdata postgresql-client curl;     rm -rf /var/lib/apt/lists/*
2025-08-23T16:00:14.3355065Z #33 0.243 + [ -f /etc/apt/sources.list ]
2025-08-23T16:00:14.3355873Z #33 0.243 + apt-get update
2025-08-23T16:00:14.3363822Z #33 0.353 Hit:1 http://deb.debian.org/debian trixie InRelease
2025-08-23T16:00:14.3364569Z #33 0.356 Get:2 http://deb.debian.org/debian trixie-updates InRelease [47.1 kB]
2025-08-23T16:00:14.3365445Z #33 0.392 Get:3 http://deb.debian.org/debian-security trixie-security InRelease [43.4 kB]
2025-08-23T16:00:14.3366306Z #33 0.417 Get:4 http://deb.debian.org/debian trixie/main amd64 Packages [9668 kB]
2025-08-23T16:00:14.3368481Z #33 0.562 Get:5 http://deb.debian.org/debian trixie-updates/main amd64 Packages [2432 B]
2025-08-23T16:00:14.3369573Z #33 0.582 Get:6 http://deb.debian.org/debian-security trixie-security/main amd64 Packages [23.9 kB]
2025-08-23T16:00:14.3370321Z #33 1.419 Fetched 9784 kB in 1s (8643 kB/s)
2025-08-23T16:00:14.3370774Z #33 1.419 Reading package lists...
2025-08-23T16:00:14.3371392Z #33 2.244 + apt-get install -y --no-install-recommends tzdata postgresql-client curl
2025-08-23T16:00:14.3372062Z #33 2.263 Reading package lists...
2025-08-23T16:00:14.3372474Z #33 3.114 Building dependency tree...
2025-08-23T16:00:14.3372915Z #33 3.318 Reading state information...
2025-08-23T16:00:14.3373580Z #33 3.581 tzdata is already the newest version (2025b-4).
2025-08-23T16:00:14.3374179Z #33 3.581 The following additional packages will be installed:
2025-08-23T16:00:14.3374917Z #33 3.581   libbrotli1 libcom-err2 libcurl4t64 libgdbm-compat4t64 libgnutls30t64
2025-08-23T16:00:14.3375711Z #33 3.581   libgssapi-krb5-2 libidn2-0 libk5crypto3 libkeyutils1 libkrb5-3
2025-08-23T16:00:14.3376574Z #33 3.581   libkrb5support0 libldap2 libnghttp2-14 libnghttp3-9 libp11-kit0 libperl5.40
2025-08-23T16:00:14.3377469Z #33 3.582   libpq5 libpsl5t64 librtmp1 libsasl2-2 libsasl2-modules-db libssh2-1t64
2025-08-23T16:00:14.3378320Z #33 3.582   libtasn1-6 libunistring5 perl perl-modules-5.40 postgresql-client-17
2025-08-23T16:00:14.3379032Z #33 3.582   postgresql-client-common sensible-utils
2025-08-23T16:00:14.3379528Z #33 3.583 Suggested packages:
2025-08-23T16:00:14.3380109Z #33 3.583   gnutls-bin krb5-doc krb5-user perl-doc libterm-readline-gnu-perl
2025-08-23T16:00:14.3381236Z #33 3.583   | libterm-readline-perl-perl make libtap-harness-archive-perl postgresql-17
2025-08-23T16:00:14.3381948Z #33 3.583   postgresql-doc-17
2025-08-23T16:00:14.3382332Z #33 3.583 Recommended packages:
2025-08-23T16:00:14.3382974Z #33 3.583   bash-completion krb5-locales libldap-common publicsuffix libsasl2-modules
2025-08-23T16:00:14.3421046Z #33 3.854 The following NEW packages will be installed:
2025-08-23T16:00:14.3421796Z #33 3.854   curl libbrotli1 libcom-err2 libcurl4t64 libgdbm-compat4t64 libgnutls30t64
2025-08-23T16:00:14.3422642Z #33 3.854   libgssapi-krb5-2 libidn2-0 libk5crypto3 libkeyutils1 libkrb5-3
2025-08-23T16:00:14.3423652Z #33 3.854   libkrb5support0 libldap2 libnghttp2-14 libnghttp3-9 libp11-kit0 libperl5.40
2025-08-23T16:00:14.3424516Z #33 3.855   libpq5 libpsl5t64 librtmp1 libsasl2-2 libsasl2-modules-db libssh2-1t64
2025-08-23T16:00:14.3425320Z #33 3.855   libtasn1-6 libunistring5 perl perl-modules-5.40 postgresql-client
2025-08-23T16:00:14.3426097Z #33 3.855   postgresql-client-17 postgresql-client-common sensible-utils
2025-08-23T16:00:14.3426810Z #33 3.927 0 upgraded, 31 newly installed, 0 to remove and 0 not upgraded.
2025-08-23T16:00:14.3427357Z #33 3.927 Need to get 14.9 MB of archives.
2025-08-23T16:00:14.3427932Z #33 3.927 After this operation, 78.1 MB of additional disk space will be used.
2025-08-23T16:00:14.3428803Z #33 3.927 Get:1 http://deb.debian.org/debian trixie/main amd64 sensible-utils all 0.0.25 [25.0 kB]
2025-08-23T16:00:14.3429790Z #33 3.946 Get:2 http://deb.debian.org/debian trixie/main amd64 perl-modules-5.40 all 5.40.1-6 [3019 kB]
2025-08-23T16:00:14.3430801Z #33 4.110 Get:3 http://deb.debian.org/debian trixie/main amd64 libgdbm-compat4t64 amd64 1.24-2 [50.3 kB]
2025-08-23T16:00:14.3431774Z #33 4.110 Get:4 http://deb.debian.org/debian trixie/main amd64 libperl5.40 amd64 5.40.1-6 [4341 kB]
2025-08-23T16:00:14.3432971Z #33 4.130 Get:5 http://deb.debian.org/debian trixie/main amd64 perl amd64 5.40.1-6 [267 kB]
2025-08-23T16:00:14.3434324Z #33 4.132 Get:6 http://deb.debian.org/debian trixie/main amd64 libbrotli1 amd64 1.1.0-2+b7 [307 kB]
2025-08-23T16:00:14.3435324Z #33 4.134 Get:7 http://deb.debian.org/debian trixie/main amd64 libkrb5support0 amd64 1.21.3-5 [33.0 kB]
2025-08-23T16:00:14.3436336Z #33 4.135 Get:8 http://deb.debian.org/debian trixie/main amd64 libcom-err2 amd64 1.47.2-3+b3 [25.0 kB]
2025-08-23T16:00:14.3437325Z #33 4.135 Get:9 http://deb.debian.org/debian trixie/main amd64 libk5crypto3 amd64 1.21.3-5 [81.5 kB]
2025-08-23T16:00:14.3438280Z #33 4.137 Get:10 http://deb.debian.org/debian trixie/main amd64 libkeyutils1 amd64 1.6.3-6 [9456 B]
2025-08-23T16:00:14.3439211Z #33 4.137 Get:11 http://deb.debian.org/debian trixie/main amd64 libkrb5-3 amd64 1.21.3-5 [326 kB]
2025-08-23T16:00:14.3440178Z #33 4.139 Get:12 http://deb.debian.org/debian trixie/main amd64 libgssapi-krb5-2 amd64 1.21.3-5 [138 kB]
2025-08-23T16:00:14.3441151Z #33 4.141 Get:13 http://deb.debian.org/debian trixie/main amd64 libunistring5 amd64 1.3-2 [477 kB]
2025-08-23T16:00:14.3442058Z #33 4.151 Get:14 http://deb.debian.org/debian trixie/main amd64 libidn2-0 amd64 2.3.8-2 [109 kB]
2025-08-23T16:00:14.3443034Z #33 4.166 Get:15 http://deb.debian.org/debian trixie/main amd64 libsasl2-modules-db amd64 2.1.28+dfsg1-9 [19.8 kB]
2025-08-23T16:00:14.3444296Z #33 4.168 Get:16 http://deb.debian.org/debian trixie/main amd64 libsasl2-2 amd64 2.1.28+dfsg1-9 [57.5 kB]
2025-08-23T16:00:14.3445280Z #33 4.168 Get:17 http://deb.debian.org/debian trixie/main amd64 libldap2 amd64 2.6.10+dfsg-1 [194 kB]
2025-08-23T16:00:14.3446248Z #33 4.180 Get:18 http://deb.debian.org/debian trixie/main amd64 libnghttp2-14 amd64 1.64.0-1.1 [76.0 kB]
2025-08-23T16:00:14.3447217Z #33 4.184 Get:19 http://deb.debian.org/debian trixie/main amd64 libnghttp3-9 amd64 1.8.0-1 [67.7 kB]
2025-08-23T16:00:14.3448169Z #33 4.186 Get:20 http://deb.debian.org/debian trixie/main amd64 libpsl5t64 amd64 0.21.2-1.1+b1 [57.2 kB]
2025-08-23T16:00:14.3449349Z #33 4.187 Get:21 http://deb.debian.org/debian trixie/main amd64 libp11-kit0 amd64 0.25.5-3 [425 kB]
2025-08-23T16:00:14.3450286Z #33 4.191 Get:22 http://deb.debian.org/debian trixie/main amd64 libtasn1-6 amd64 4.20.0-2 [49.9 kB]
2025-08-23T16:00:14.3451230Z #33 4.194 Get:23 http://deb.debian.org/debian trixie/main amd64 libgnutls30t64 amd64 3.8.9-3 [1465 kB]
2025-08-23T16:00:14.3452305Z #33 4.203 Get:24 http://deb.debian.org/debian trixie/main amd64 librtmp1 amd64 2.4+20151223.gitfa8646d.1-2+b5 [58.8 kB]
2025-08-23T16:00:14.3453544Z #33 4.204 Get:25 http://deb.debian.org/debian trixie/main amd64 libssh2-1t64 amd64 1.11.1-1 [245 kB]
2025-08-23T16:00:14.3462114Z #33 4.205 Get:26 http://deb.debian.org/debian trixie/main amd64 libcurl4t64 amd64 8.14.1-2 [391 kB]
2025-08-23T16:00:14.3463083Z #33 4.208 Get:27 http://deb.debian.org/debian trixie/main amd64 curl amd64 8.14.1-2 [269 kB]
2025-08-23T16:00:14.3468665Z #33 4.228 Get:28 http://deb.debian.org/debian trixie/main amd64 libpq5 amd64 17.5-1 [226 kB]
2025-08-23T16:00:14.3469676Z #33 4.242 Get:29 http://deb.debian.org/debian trixie/main amd64 postgresql-client-common all 278 [47.1 kB]
2025-08-23T16:00:14.3470738Z #33 4.254 Get:30 http://deb.debian.org/debian trixie/main amd64 postgresql-client-17 amd64 17.5-1 [2025 kB]
2025-08-23T16:00:14.3471776Z #33 4.264 Get:31 http://deb.debian.org/debian trixie/main amd64 postgresql-client all 17+278 [14.0 kB]
2025-08-23T16:00:14.3472496Z #33 6.103 Fetched 14.9 MB in 0s (37.6 MB/s)
2025-08-23T16:00:14.3473028Z #33 6.125 Selecting previously unselected package sensible-utils.
2025-08-23T16:00:14.3473772Z #33 6.125 (Reading database ... 
2025-08-23T16:00:14.3474145Z (Reading database ... 5%
2025-08-23T16:00:14.3474489Z (Reading database ... 10%
2025-08-23T16:00:14.3474823Z (Reading database ... 15%
2025-08-23T16:00:14.3475153Z (Reading database ... 20%
2025-08-23T16:00:14.3475472Z (Reading database ... 25%
2025-08-23T16:00:14.3475799Z (Reading database ... 30%
2025-08-23T16:00:14.3476362Z (Reading database ... 35%
2025-08-23T16:00:14.3476683Z (Reading database ... 40%
2025-08-23T16:00:14.3477017Z (Reading database ... 45%
2025-08-23T16:00:14.3477336Z (Reading database ... 50%
2025-08-23T16:00:14.3477665Z (Reading database ... 55%
2025-08-23T16:00:14.3477986Z (Reading database ... 60%
2025-08-23T16:00:14.3478310Z (Reading database ... 65%
2025-08-23T16:00:14.3478633Z (Reading database ... 70%
2025-08-23T16:00:14.3478961Z (Reading database ... 75%
2025-08-23T16:00:14.3479282Z (Reading database ... 80%
2025-08-23T16:00:14.3479605Z (Reading database ... 85%
2025-08-23T16:00:14.3479923Z (Reading database ... 90%
2025-08-23T16:00:14.3480253Z (Reading database ... 95%
2025-08-23T16:00:14.3480580Z (Reading database ... 100%
2025-08-23T16:00:14.3481075Z (Reading database ... 5643 files and directories currently installed.)
2025-08-23T16:00:14.3481779Z #33 6.135 Preparing to unpack .../00-sensible-utils_0.0.25_all.deb ...
2025-08-23T16:00:14.3482350Z #33 6.137 Unpacking sensible-utils (0.0.25) ...
2025-08-23T16:00:14.3482942Z #33 6.180 Selecting previously unselected package perl-modules-5.40.
2025-08-23T16:00:14.3514133Z #33 6.184 Preparing to unpack .../01-perl-modules-5.40_5.40.1-6_all.deb ...
2025-08-23T16:00:14.3514831Z #33 6.186 Unpacking perl-modules-5.40 (5.40.1-6) ...
2025-08-23T16:00:14.3515516Z #33 7.053 Selecting previously unselected package libgdbm-compat4t64:amd64.
2025-08-23T16:00:14.3516311Z #33 7.053 Preparing to unpack .../02-libgdbm-compat4t64_1.24-2_amd64.deb ...
2025-08-23T16:00:14.3516983Z #33 7.058 Unpacking libgdbm-compat4t64:amd64 (1.24-2) ...
2025-08-23T16:00:14.3517616Z #33 7.132 Selecting previously unselected package libperl5.40:amd64.
2025-08-23T16:00:14.3518341Z #33 7.136 Preparing to unpack .../03-libperl5.40_5.40.1-6_amd64.deb ...
2025-08-23T16:00:14.3518955Z #33 7.137 Unpacking libperl5.40:amd64 (5.40.1-6) ...
2025-08-23T16:00:14.6631063Z #33 7.580 Selecting previously unselected package perl.
2025-08-23T16:00:14.6634137Z #33 7.582 Preparing to unpack .../04-perl_5.40.1-6_amd64.deb ...
2025-08-23T16:00:14.6634743Z #33 7.584 Unpacking perl (5.40.1-6) ...
2025-08-23T16:00:14.6646546Z #33 7.623 Selecting previously unselected package libbrotli1:amd64.
2025-08-23T16:00:14.6647393Z #33 7.623 Preparing to unpack .../05-libbrotli1_1.1.0-2+b7_amd64.deb ...
2025-08-23T16:00:14.6648021Z #33 7.624 Unpacking libbrotli1:amd64 (1.1.0-2+b7) ...
2025-08-23T16:00:14.6648683Z #33 7.660 Selecting previously unselected package libkrb5support0:amd64.
2025-08-23T16:00:14.6649446Z #33 7.661 Preparing to unpack .../06-libkrb5support0_1.21.3-5_amd64.deb ...
2025-08-23T16:00:14.6650111Z #33 7.662 Unpacking libkrb5support0:amd64 (1.21.3-5) ...
2025-08-23T16:00:14.6650534Z #33 ...
2025-08-23T16:00:14.6650687Z 
2025-08-23T16:00:14.6651980Z #34 [postgres 2/6] RUN set -eux;     if [ -f /etc/apt/sources.list ]; then         sed -i 's|http://deb.debian.org|https://deb.debian.org|g' /etc/apt/sources.list;     fi;     apt-get update;     apt-get install -y locales;     locale-gen en_US.UTF-8;     rm -rf /var/lib/apt/lists/*
2025-08-23T16:00:14.6654130Z #34 0.229 + [ -f /etc/apt/sources.list ]
2025-08-23T16:00:14.6654552Z #34 0.230 + apt-get update
2025-08-23T16:00:14.6655056Z #34 0.310 Get:1 http://deb.debian.org/debian trixie InRelease [138 kB]
2025-08-23T16:00:14.7766916Z #34 0.364 Get:2 http://deb.debian.org/debian trixie-updates InRelease [47.1 kB]
2025-08-23T16:00:14.7773091Z #34 0.382 Get:3 http://deb.debian.org/debian-security trixie-security InRelease [43.4 kB]
2025-08-23T16:00:14.7778962Z #34 0.401 Get:4 http://deb.debian.org/debian trixie/main amd64 Packages [9,668 kB]
2025-08-23T16:00:14.8800272Z #34 0.549 Get:5 http://deb.debian.org/debian trixie-updates/main amd64 Packages [2,432 B]
2025-08-23T16:00:14.8802182Z #34 0.549 Get:6 http://deb.debian.org/debian-security trixie-security/main amd64 Packages [23.9 kB]
2025-08-23T16:00:15.5717972Z #34 1.204 Get:7 http://apt.postgresql.org/pub/repos/apt trixie-pgdg InRelease [107 kB]
2025-08-23T16:00:15.6914971Z #34 1.247 Get:8 http://apt.postgresql.org/pub/repos/apt trixie-pgdg/main amd64 Packages [334 kB]
2025-08-23T16:00:15.6965257Z #34 1.256 Get:9 http://apt.postgresql.org/pub/repos/apt trixie-pgdg/16 amd64 Packages [2,574 B]
2025-08-23T16:00:15.9562207Z #34 1.533 Fetched 10.4 MB in 1s (8,179 kB/s)
2025-08-23T16:00:16.9358213Z #34 1.533 Reading package lists...
2025-08-23T16:00:16.9358719Z #34 2.525 + apt-get install -y locales
2025-08-23T16:00:17.0827578Z #34 2.537 Reading package lists...
2025-08-23T16:00:17.0828452Z #34 ...
2025-08-23T16:00:17.0843794Z 
2025-08-23T16:00:17.0844325Z #35 [api base  4/13] RUN pip install --no-cache-dir -r requirements.txt
2025-08-23T16:00:17.0845091Z #35 2.843 Collecting uvicorn==0.29.0 (from -r requirements.txt (line 1))
2025-08-23T16:00:17.0845851Z #35 2.944   Downloading uvicorn-0.29.0-py3-none-any.whl.metadata (6.3 kB)
2025-08-23T16:00:17.0846665Z #35 2.967 Collecting pydantic-settings==2.2.1 (from -r requirements.txt (line 2))
2025-08-23T16:00:17.0847520Z #35 2.989   Downloading pydantic_settings-2.2.1-py3-none-any.whl.metadata (3.1 kB)
2025-08-23T16:00:17.0848369Z #35 3.063 Collecting fastapi==0.111.0 (from -r requirements.txt (line 3))
2025-08-23T16:00:17.0849128Z #35 3.081   Downloading fastapi-0.111.0-py3-none-any.whl.metadata (25 kB)
2025-08-23T16:00:17.0849887Z #35 3.536 Collecting sqlalchemy==2.0.29 (from -r requirements.txt (line 4))
2025-08-23T16:00:17.0850790Z #35 3.557   Downloading SQLAlchemy-2.0.29-cp312-cp312-manylinux_2_17_x86_64.manylinux2014_x86_64.whl.metadata (9.6 kB)
2025-08-23T16:00:17.0851712Z #35 3.621 Collecting alembic==1.13.1 (from -r requirements.txt (line 5))
2025-08-23T16:00:17.0852422Z #35 3.643   Downloading alembic-1.13.1-py3-none-any.whl.metadata (7.4 kB)
2025-08-23T16:00:17.0853403Z #35 3.668 Collecting psycopg==3.2.9 (from psycopg[binary]==3.2.9->-r requirements.txt (line 6))
2025-08-23T16:00:17.0854251Z #35 3.687   Downloading psycopg-3.2.9-py3-none-any.whl.metadata (4.5 kB)
2025-08-23T16:00:17.0854972Z #35 3.723 Collecting httpx==0.27.2 (from -r requirements.txt (line 7))
2025-08-23T16:00:17.0855649Z #35 3.743   Downloading httpx-0.27.2-py3-none-any.whl.metadata (7.1 kB)
2025-08-23T16:00:17.0884586Z #35 3.822 Collecting asyncpg==0.29.0 (from -r requirements.txt (line 8))
2025-08-23T16:00:17.0885634Z #35 3.844   Downloading asyncpg-0.29.0-cp312-cp312-manylinux_2_17_x86_64.manylinux2014_x86_64.whl.metadata (4.4 kB)
2025-08-23T16:00:17.0886618Z #35 4.288 Collecting boto3==1.34.162 (from -r requirements.txt (line 9))
2025-08-23T16:00:17.0887368Z #35 4.308   Downloading boto3-1.34.162-py3-none-any.whl.metadata (6.6 kB)
2025-08-23T16:00:17.0888097Z #35 4.331 Collecting Jinja2==3.1.5 (from -r requirements.txt (line 10))
2025-08-23T16:00:17.0888820Z #35 4.353   Downloading jinja2-3.1.5-py3-none-any.whl.metadata (2.6 kB)
2025-08-23T16:00:17.0889545Z #35 4.414 Collecting celery==5.3.* (from -r requirements.txt (line 11))
2025-08-23T16:00:17.0890255Z #35 4.431   Downloading celery-5.3.6-py3-none-any.whl.metadata (21 kB)
2025-08-23T16:00:17.0890997Z #35 4.493 Collecting structlog==24.1.0 (from -r requirements.txt (line 12))
2025-08-23T16:00:17.0891783Z #35 4.514   Downloading structlog-24.1.0-py3-none-any.whl.metadata (6.9 kB)
2025-08-23T16:00:17.0892633Z #35 4.543 Collecting asgi-correlation-id==4.3.1 (from -r requirements.txt (line 13))
2025-08-23T16:00:17.0897475Z #35 4.564   Downloading asgi_correlation_id-4.3.1-py3-none-any.whl.metadata (28 kB)
2025-08-23T16:00:17.0898376Z #35 4.585 Collecting fastapi-limiter==0.1.6 (from -r requirements.txt (line 14))
2025-08-23T16:00:17.0899253Z #35 4.609   Downloading fastapi_limiter-0.1.6-py3-none-any.whl.metadata (5.3 kB)
2025-08-23T16:00:17.0900026Z #35 4.662 Collecting redis==5.0.8 (from -r requirements.txt (line 15))
2025-08-23T16:00:17.0900748Z #35 4.683   Downloading redis-5.0.8-py3-none-any.whl.metadata (9.2 kB)
2025-08-23T16:00:17.0901702Z #35 4.777 Collecting sentry-sdk==2.9.0 (from sentry-sdk[celery,fastapi,sqlalchemy]==2.9.0->-r requirements.txt (line 16))
2025-08-23T16:00:17.0902716Z #35 4.800   Downloading sentry_sdk-2.9.0-py2.py3-none-any.whl.metadata (14 kB)
2025-08-23T16:00:17.0903998Z #35 4.922 Collecting click>=7.0 (from uvicorn==0.29.0->-r requirements.txt (line 1))
2025-08-23T16:00:17.0904775Z #35 4.942   Downloading click-8.2.1-py3-none-any.whl.metadata (2.5 kB)
2025-08-23T16:00:17.0905530Z #35 4.956 Collecting h11>=0.8 (from uvicorn==0.29.0->-r requirements.txt (line 1))
2025-08-23T16:00:17.0906243Z #35 4.977   Downloading h11-0.16.0-py3-none-any.whl.metadata (8.3 kB)
2025-08-23T16:00:17.0907080Z #35 5.152 Collecting pydantic>=2.3.0 (from pydantic-settings==2.2.1->-r requirements.txt (line 2))
2025-08-23T16:00:17.0907938Z #35 5.172   Downloading pydantic-2.11.7-py3-none-any.whl.metadata (67 kB)
2025-08-23T16:00:17.0908840Z #35 5.221 Collecting python-dotenv>=0.21.0 (from pydantic-settings==2.2.1->-r requirements.txt (line 2))
2025-08-23T16:00:17.0909924Z #35 5.242   Downloading python_dotenv-1.1.1-py3-none-any.whl.metadata (24 kB)
2025-08-23T16:00:17.0910784Z #35 5.298 Collecting starlette<0.38.0,>=0.37.2 (from fastapi==0.111.0->-r requirements.txt (line 3))
2025-08-23T16:00:17.0911661Z #35 5.317   Downloading starlette-0.37.2-py3-none-any.whl.metadata (5.9 kB)
2025-08-23T16:00:17.0912557Z #35 5.434 Collecting typing-extensions>=4.8.0 (from fastapi==0.111.0->-r requirements.txt (line 3))
2025-08-23T16:00:17.0913710Z #35 5.455   Downloading typing_extensions-4.14.1-py3-none-any.whl.metadata (3.0 kB)
2025-08-23T16:00:17.0914611Z #35 5.467 Collecting fastapi-cli>=0.0.2 (from fastapi==0.111.0->-r requirements.txt (line 3))
2025-08-23T16:00:17.0915434Z #35 5.491   Downloading fastapi_cli-0.0.8-py3-none-any.whl.metadata (6.3 kB)
2025-08-23T16:00:17.0916313Z #35 5.528 Collecting python-multipart>=0.0.7 (from fastapi==0.111.0->-r requirements.txt (line 3))
2025-08-23T16:00:17.0917215Z #35 5.547   Downloading python_multipart-0.0.20-py3-none-any.whl.metadata (1.8 kB)
2025-08-23T16:00:17.0918144Z #35 5.641 Collecting ujson!=4.0.2,!=4.1.0,!=4.2.0,!=4.3.0,!=5.0.0,!=5.1.0,>=4.0.1 (from fastapi==0.111.0->-r requirements.txt (line 3))
2025-08-23T16:00:17.0919222Z #35 5.661   Downloading ujson-5.11.0-cp312-cp312-manylinux_2_24_x86_64.manylinux_2_28_x86_64.whl.metadata (9.4 kB)
2025-08-23T16:00:17.0920374Z #35 6.021 Collecting orjson>=3.2.1 (from fastapi==0.111.0->-r requirements.txt (line 3))
2025-08-23T16:00:17.0921358Z #35 6.043   Downloading orjson-3.11.2-cp312-cp312-manylinux_2_17_x86_64.manylinux2014_x86_64.whl.metadata (1.2 kB)
2025-08-23T16:00:17.0922381Z #35 6.072 Collecting email_validator>=2.0.0 (from fastapi==0.111.0->-r requirements.txt (line 3))
2025-08-23T16:00:17.0983622Z #35 6.094   Downloading email_validator-2.2.0-py3-none-any.whl.metadata (25 kB)
2025-08-23T16:00:17.0984617Z #35 6.333 Collecting greenlet!=0.4.17 (from sqlalchemy==2.0.29->-r requirements.txt (line 4))
2025-08-23T16:00:17.0985691Z #35 6.346   Downloading greenlet-3.2.4-cp312-cp312-manylinux_2_24_x86_64.manylinux_2_28_x86_64.whl.metadata (4.1 kB)
2025-08-23T16:00:17.0986683Z #35 6.388 Collecting Mako (from alembic==1.13.1->-r requirements.txt (line 5))
2025-08-23T16:00:17.0987447Z #35 6.404   Downloading mako-1.3.10-py3-none-any.whl.metadata (2.9 kB)
2025-08-23T16:00:17.0988224Z #35 6.661 Collecting anyio (from httpx==0.27.2->-r requirements.txt (line 7))
2025-08-23T16:00:17.0988962Z #35 6.694   Downloading anyio-4.10.0-py3-none-any.whl.metadata (4.0 kB)
2025-08-23T16:00:17.0989721Z #35 6.720 Collecting certifi (from httpx==0.27.2->-r requirements.txt (line 7))
2025-08-23T16:00:17.0990516Z #35 6.739   Downloading certifi-2025.8.3-py3-none-any.whl.metadata (2.4 kB)
2025-08-23T16:00:17.0991307Z #35 6.764 Collecting httpcore==1.* (from httpx==0.27.2->-r requirements.txt (line 7))
2025-08-23T16:00:17.0992110Z #35 6.784   Downloading httpcore-1.0.9-py3-none-any.whl.metadata (21 kB)
2025-08-23T16:00:17.0992850Z #35 6.801 Collecting idna (from httpx==0.27.2->-r requirements.txt (line 7))
2025-08-23T16:00:17.0993769Z #35 6.820   Downloading idna-3.10-py3-none-any.whl.metadata (10 kB)
2025-08-23T16:00:17.0994489Z #35 6.831 Collecting sniffio (from httpx==0.27.2->-r requirements.txt (line 7))
2025-08-23T16:00:17.0995493Z #35 6.849   Downloading sniffio-1.3.1-py3-none-any.whl.metadata (3.9 kB)
2025-08-23T16:00:17.0996317Z #35 7.372 Collecting botocore<1.35.0,>=1.34.162 (from boto3==1.34.162->-r requirements.txt (line 9))
2025-08-23T16:00:17.0997149Z #35 7.396   Downloading botocore-1.34.162-py3-none-any.whl.metadata (5.7 kB)
2025-08-23T16:00:17.0997978Z #35 7.408 Collecting jmespath<2.0.0,>=0.7.1 (from boto3==1.34.162->-r requirements.txt (line 9))
2025-08-23T16:00:17.0998782Z #35 7.429   Downloading jmespath-1.0.1-py3-none-any.whl.metadata (7.6 kB)
2025-08-23T16:00:17.0999595Z #35 7.458 Collecting s3transfer<0.11.0,>=0.10.0 (from boto3==1.34.162->-r requirements.txt (line 9))
2025-08-23T16:00:17.1000432Z #35 7.481   Downloading s3transfer-0.10.4-py3-none-any.whl.metadata (1.7 kB)
2025-08-23T16:00:17.1001235Z #35 7.547 Collecting MarkupSafe>=2.0 (from Jinja2==3.1.5->-r requirements.txt (line 10))
2025-08-23T16:00:17.1002251Z #35 7.567   Downloading MarkupSafe-3.0.2-cp312-cp312-manylinux_2_17_x86_64.manylinux2014_x86_64.whl.metadata (4.0 kB)
2025-08-23T16:00:17.1003465Z #35 7.600 Collecting billiard<5.0,>=4.2.0 (from celery==5.3.*->-r requirements.txt (line 11))
2025-08-23T16:00:17.1004279Z #35 7.620   Downloading billiard-4.2.1-py3-none-any.whl.metadata (4.4 kB)
2025-08-23T16:00:17.1005122Z #35 7.631 Collecting click-didyoumean>=0.3.0 (from celery==5.3.*->-r requirements.txt (line 11))
2025-08-23T16:00:17.1006034Z #35 7.650   Downloading click_didyoumean-0.3.1-py3-none-any.whl.metadata (3.9 kB)
2025-08-23T16:00:17.1007012Z #35 7.661 Collecting click-plugins>=1.1.1 (from celery==5.3.*->-r requirements.txt (line 11))
2025-08-23T16:00:17.1007867Z #35 7.682   Downloading click_plugins-1.1.1.2-py2.py3-none-any.whl.metadata (6.5 kB)
2025-08-23T16:00:17.1008741Z #35 7.694 Collecting click-repl>=0.2.0 (from celery==5.3.*->-r requirements.txt (line 11))
2025-08-23T16:00:17.1009548Z #35 7.718   Downloading click_repl-0.3.0-py3-none-any.whl.metadata (3.6 kB)
2025-08-23T16:00:17.1010361Z #35 7.773 Collecting kombu<6.0,>=5.3.4 (from celery==5.3.*->-r requirements.txt (line 11))
2025-08-23T16:00:17.1011363Z #35 7.794   Downloading kombu-5.5.4-py3-none-any.whl.metadata (3.5 kB)
2025-08-23T16:00:17.1012197Z #35 7.820 Collecting python-dateutil>=2.8.2 (from celery==5.3.*->-r requirements.txt (line 11))
2025-08-23T16:00:17.1013153Z #35 7.842   Downloading python_dateutil-2.9.0.post0-py2.py3-none-any.whl.metadata (8.4 kB)
2025-08-23T16:00:17.1055529Z #35 7.861 Collecting tzdata>=2022.7 (from celery==5.3.*->-r requirements.txt (line 11))
2025-08-23T16:00:17.1056925Z #35 7.883   Downloading tzdata-2025.2-py2.py3-none-any.whl.metadata (1.4 kB)
2025-08-23T16:00:17.1057858Z #35 7.905 Collecting vine<6.0,>=5.1.0 (from celery==5.3.*->-r requirements.txt (line 11))
2025-08-23T16:00:17.1058610Z #35 7.927   Downloading vine-5.1.0-py3-none-any.whl.metadata (2.7 kB)
2025-08-23T16:00:17.1059635Z #35 8.009 Collecting urllib3>=1.26.11 (from sentry-sdk==2.9.0->sentry-sdk[celery,fastapi,sqlalchemy]==2.9.0->-r requirements.txt (line 16))
2025-08-23T16:00:17.1060687Z #35 8.031   Downloading urllib3-2.5.0-py3-none-any.whl.metadata (6.5 kB)
2025-08-23T16:00:17.1061584Z #35 8.237 Collecting psycopg-binary==3.2.9 (from psycopg[binary]==3.2.9->-r requirements.txt (line 6))
2025-08-23T16:00:17.1062687Z #35 8.258   Downloading psycopg_binary-3.2.9-cp312-cp312-manylinux_2_17_x86_64.manylinux2014_x86_64.whl.metadata (2.9 kB)
2025-08-23T16:00:17.1064060Z #35 8.439 Collecting prompt-toolkit>=3.0.36 (from click-repl>=0.2.0->celery==5.3.*->-r requirements.txt (line 11))
2025-08-23T16:00:17.1065018Z #35 8.457   Downloading prompt_toolkit-3.0.51-py3-none-any.whl.metadata (6.4 kB)
2025-08-23T16:00:17.1065974Z #35 8.473 Collecting dnspython>=2.0.0 (from email_validator>=2.0.0->fastapi==0.111.0->-r requirements.txt (line 3))
2025-08-23T16:00:17.1066952Z #35 8.494   Downloading dnspython-2.7.0-py3-none-any.whl.metadata (5.8 kB)
2025-08-23T16:00:17.1067830Z #35 8.537 Collecting typer>=0.15.1 (from fastapi-cli>=0.0.2->fastapi==0.111.0->-r requirements.txt (line 3))
2025-08-23T16:00:17.1068905Z #35 8.559   Downloading typer-0.16.1-py3-none-any.whl.metadata (15 kB)
2025-08-23T16:00:17.1069777Z #35 8.605 Collecting rich-toolkit>=0.14.8 (from fastapi-cli>=0.0.2->fastapi==0.111.0->-r requirements.txt (line 3))
2025-08-23T16:00:17.1070707Z #35 8.632   Downloading rich_toolkit-0.15.0-py3-none-any.whl.metadata (1.0 kB)
2025-08-23T16:00:17.1071577Z #35 8.677 Collecting amqp<6.0.0,>=5.1.1 (from kombu<6.0,>=5.3.4->celery==5.3.*->-r requirements.txt (line 11))
2025-08-23T16:00:17.1072757Z #35 8.700   Downloading amqp-5.3.1-py3-none-any.whl.metadata (8.9 kB)
2025-08-23T16:00:17.1073881Z #35 8.731 Collecting packaging (from kombu<6.0,>=5.3.4->celery==5.3.*->-r requirements.txt (line 11))
2025-08-23T16:00:17.1104313Z #35 8.752   Downloading packaging-25.0-py3-none-any.whl.metadata (3.3 kB)
2025-08-23T16:00:17.1105361Z #35 8.784 Collecting annotated-types>=0.6.0 (from pydantic>=2.3.0->pydantic-settings==2.2.1->-r requirements.txt (line 2))
2025-08-23T16:00:17.1106509Z #35 8.808   Downloading annotated_types-0.7.0-py3-none-any.whl.metadata (15 kB)
2025-08-23T16:00:17.1107540Z #35 9.802 Collecting pydantic-core==2.33.2 (from pydantic>=2.3.0->pydantic-settings==2.2.1->-r requirements.txt (line 2))
2025-08-23T16:00:17.1108737Z #35 9.822   Downloading pydantic_core-2.33.2-cp312-cp312-manylinux_2_17_x86_64.manylinux2014_x86_64.whl.metadata (6.8 kB)
2025-08-23T16:00:17.1109974Z #35 9.841 Collecting typing-inspection>=0.4.0 (from pydantic>=2.3.0->pydantic-settings==2.2.1->-r requirements.txt (line 2))
2025-08-23T16:00:17.1111054Z #35 9.865   Downloading typing_inspection-0.4.1-py3-none-any.whl.metadata (2.6 kB)
2025-08-23T16:00:17.1111990Z #35 9.899 Collecting six>=1.5 (from python-dateutil>=2.8.2->celery==5.3.*->-r requirements.txt (line 11))
2025-08-23T16:00:17.1112878Z #35 9.919   Downloading six-1.17.0-py2.py3-none-any.whl.metadata (1.7 kB)
2025-08-23T16:00:17.2333628Z #35 ...
2025-08-23T16:00:17.2334602Z 
2025-08-23T16:00:17.2335849Z #36 [etl base 4/8] RUN if [ -n "" ] && [ -f "" ]; then         pip install -r requirements.txt -c "";     else         pip install -r requirements.txt;     fi
2025-08-23T16:00:17.2344709Z #36 2.999 Collecting keepa==1.3.14 (from -r requirements.txt (line 1))
2025-08-23T16:00:17.2345768Z #36 3.232   Downloading keepa-1.3.14-py3-none-any.whl.metadata (10 kB)
2025-08-23T16:00:17.2346659Z #36 3.283 Collecting minio==7.1.15 (from -r requirements.txt (line 2))
2025-08-23T16:00:17.2350098Z #36 3.293   Downloading minio-7.1.15-py3-none-any.whl.metadata (4.2 kB)
2025-08-23T16:00:17.2350891Z #36 3.356 Collecting celery==5.3.* (from -r requirements.txt (line 3))
2025-08-23T16:00:17.2351645Z #36 3.364   Downloading celery-5.3.6-py3-none-any.whl.metadata (21 kB)
2025-08-23T16:00:17.2352367Z #36 3.507 Collecting redis==5.* (from -r requirements.txt (line 4))
2025-08-23T16:00:17.2353098Z #36 3.523   Downloading redis-5.3.1-py3-none-any.whl.metadata (9.2 kB)
2025-08-23T16:00:17.2354120Z #36 3.632 Collecting python-amazon-sp-api==0.8.0 (from -r requirements.txt (line 5))
2025-08-23T16:00:17.2355048Z #36 3.638   Downloading python_amazon_sp_api-0.8.0-py3-none-any.whl.metadata (3.2 kB)
2025-08-23T16:00:17.2355950Z #36 3.669 Collecting pydantic-settings==2.2.1 (from -r requirements.txt (line 6))
2025-08-23T16:00:17.2356839Z #36 3.679   Downloading pydantic_settings-2.2.1-py3-none-any.whl.metadata (3.1 kB)
2025-08-23T16:00:17.2357622Z #36 3.946 Collecting numpy<2 (from -r requirements.txt (line 7))
2025-08-23T16:00:17.2358523Z #36 3.952   Downloading numpy-1.26.4-cp312-cp312-manylinux_2_17_x86_64.manylinux2014_x86_64.whl.metadata (61 kB)
2025-08-23T16:00:17.2359477Z #36 4.152 Collecting pandas==2.2.* (from -r requirements.txt (line 8))
2025-08-23T16:00:17.2360422Z #36 4.156   Downloading pandas-2.2.3-cp312-cp312-manylinux_2_17_x86_64.manylinux2014_x86_64.whl.metadata (89 kB)
2025-08-23T16:00:17.2361391Z #36 4.263 Collecting pandera==0.19.* (from -r requirements.txt (line 9))
2025-08-23T16:00:17.2362152Z #36 4.270   Downloading pandera-0.19.3-py3-none-any.whl.metadata (15 kB)
2025-08-23T16:00:17.2363363Z #36 4.319 Collecting openpyxl==3.1.* (from -r requirements.txt (line 10))
2025-08-23T16:00:17.2364188Z #36 4.325   Downloading openpyxl-3.1.5-py2.py3-none-any.whl.metadata (2.5 kB)
2025-08-23T16:00:17.2365094Z #36 4.359 Collecting psycopg==3.2.9 (from psycopg[binary]==3.2.9->-r requirements.txt (line 11))
2025-08-23T16:00:17.2365961Z #36 4.363   Downloading psycopg-3.2.9-py3-none-any.whl.metadata (4.5 kB)
2025-08-23T16:00:17.2366764Z #36 4.460 Collecting psycopg2-binary==2.9.* (from -r requirements.txt (line 12))
2025-08-23T16:00:17.2367858Z #36 4.464   Downloading psycopg2_binary-2.9.10-cp312-cp312-manylinux_2_17_x86_64.manylinux2014_x86_64.whl.metadata (4.9 kB)
2025-08-23T16:00:17.2368912Z #36 4.551 Collecting sentry-sdk==2.9.0 (from -r requirements.txt (line 13))
2025-08-23T16:00:17.2369717Z #36 4.559   Downloading sentry_sdk-2.9.0-py2.py3-none-any.whl.metadata (14 kB)
2025-08-23T16:00:17.2370551Z #36 4.675 Collecting requests>=2.2 (from keepa==1.3.14->-r requirements.txt (line 1))
2025-08-23T16:00:17.2371380Z #36 4.680   Downloading requests-2.32.5-py3-none-any.whl.metadata (4.9 kB)
2025-08-23T16:00:17.2372166Z #36 4.739 Collecting tqdm (from keepa==1.3.14->-r requirements.txt (line 1))
2025-08-23T16:00:17.2372903Z #36 4.746   Downloading tqdm-4.67.1-py3-none-any.whl.metadata (57 kB)
2025-08-23T16:00:17.2427370Z #36 5.483 Collecting aiohttp (from keepa==1.3.14->-r requirements.txt (line 1))
2025-08-23T16:00:17.2428441Z #36 5.489   Downloading aiohttp-3.12.15-cp312-cp312-manylinux_2_17_x86_64.manylinux2014_x86_64.whl.metadata (7.7 kB)
2025-08-23T16:00:17.2429476Z #36 5.701 Collecting pydantic (from keepa==1.3.14->-r requirements.txt (line 1))
2025-08-23T16:00:17.2430311Z #36 5.707   Downloading pydantic-2.11.7-py3-none-any.whl.metadata (67 kB)
2025-08-23T16:00:17.2431118Z #36 5.749 Collecting certifi (from minio==7.1.15->-r requirements.txt (line 2))
2025-08-23T16:00:17.2431926Z #36 5.752   Downloading certifi-2025.8.3-py3-none-any.whl.metadata (2.4 kB)
2025-08-23T16:00:17.2432746Z #36 5.798 Collecting urllib3 (from minio==7.1.15->-r requirements.txt (line 2))
2025-08-23T16:00:17.2433956Z #36 5.806   Downloading urllib3-2.5.0-py3-none-any.whl.metadata (6.5 kB)
2025-08-23T16:00:17.2434810Z #36 5.853 Collecting billiard<5.0,>=4.2.0 (from celery==5.3.*->-r requirements.txt (line 3))
2025-08-23T16:00:17.2435650Z #36 5.858   Downloading billiard-4.2.1-py3-none-any.whl.metadata (4.4 kB)
2025-08-23T16:00:17.2436534Z #36 5.881 Collecting click-didyoumean>=0.3.0 (from celery==5.3.*->-r requirements.txt (line 3))
2025-08-23T16:00:17.2437456Z #36 5.885   Downloading click_didyoumean-0.3.1-py3-none-any.whl.metadata (3.9 kB)
2025-08-23T16:00:17.2438343Z #36 5.904 Collecting click-plugins>=1.1.1 (from celery==5.3.*->-r requirements.txt (line 3))
2025-08-23T16:00:17.2439249Z #36 5.909   Downloading click_plugins-1.1.1.2-py2.py3-none-any.whl.metadata (6.5 kB)
2025-08-23T16:00:17.2440125Z #36 5.927 Collecting click-repl>=0.2.0 (from celery==5.3.*->-r requirements.txt (line 3))
2025-08-23T16:00:17.2440964Z #36 5.932   Downloading click_repl-0.3.0-py3-none-any.whl.metadata (3.6 kB)
2025-08-23T16:00:17.2441781Z #36 5.972 Collecting click<9.0,>=8.1.2 (from celery==5.3.*->-r requirements.txt (line 3))
2025-08-23T16:00:17.2442563Z #36 5.979   Downloading click-8.2.1-py3-none-any.whl.metadata (2.5 kB)
2025-08-23T16:00:17.2443510Z #36 6.035 Collecting kombu<6.0,>=5.3.4 (from celery==5.3.*->-r requirements.txt (line 3))
2025-08-23T16:00:17.2444294Z #36 6.041   Downloading kombu-5.5.4-py3-none-any.whl.metadata (3.5 kB)
2025-08-23T16:00:17.2445137Z #36 6.080 Collecting python-dateutil>=2.8.2 (from celery==5.3.*->-r requirements.txt (line 3))
2025-08-23T16:00:17.2446102Z #36 6.085   Downloading python_dateutil-2.9.0.post0-py2.py3-none-any.whl.metadata (8.4 kB)
2025-08-23T16:00:17.2447016Z #36 6.110 Collecting tzdata>=2022.7 (from celery==5.3.*->-r requirements.txt (line 3))
2025-08-23T16:00:17.2447858Z #36 6.123   Downloading tzdata-2025.2-py2.py3-none-any.whl.metadata (1.4 kB)
2025-08-23T16:00:17.2448655Z #36 6.143 Collecting vine<6.0,>=5.1.0 (from celery==5.3.*->-r requirements.txt (line 3))
2025-08-23T16:00:17.2449646Z #36 6.148   Downloading vine-5.1.0-py3-none-any.whl.metadata (2.7 kB)
2025-08-23T16:00:17.2450396Z #36 6.186 Collecting PyJWT>=2.9.0 (from redis==5.*->-r requirements.txt (line 4))
2025-08-23T16:00:17.2451172Z #36 6.194   Downloading PyJWT-2.10.1-py3-none-any.whl.metadata (4.0 kB)
2025-08-23T16:00:17.2452010Z #36 6.292 Collecting six<2,>=1.15 (from python-amazon-sp-api==0.8.0->-r requirements.txt (line 5))
2025-08-23T16:00:17.2452880Z #36 6.294   Downloading six-1.17.0-py2.py3-none-any.whl.metadata (1.7 kB)
2025-08-23T16:00:17.2484110Z #36 7.075 Collecting boto3<2,>=1.16.39 (from python-amazon-sp-api==0.8.0->-r requirements.txt (line 5))
2025-08-23T16:00:17.2485159Z #36 7.083   Downloading boto3-1.40.16-py3-none-any.whl.metadata (6.7 kB)
2025-08-23T16:00:17.2486109Z #36 7.129 Collecting cachetools~=4.2.0 (from python-amazon-sp-api==0.8.0->-r requirements.txt (line 5))
2025-08-23T16:00:17.2487059Z #36 7.137   Downloading cachetools-4.2.4-py3-none-any.whl.metadata (4.8 kB)
2025-08-23T16:00:17.2488023Z #36 7.335 Collecting pycryptodome (from python-amazon-sp-api==0.8.0->-r requirements.txt (line 5))
2025-08-23T16:00:17.2489195Z #36 7.341   Downloading pycryptodome-3.23.0-cp37-abi3-manylinux_2_17_x86_64.manylinux2014_x86_64.whl.metadata (3.4 kB)
2025-08-23T16:00:17.2490293Z #36 7.418 Collecting pytz (from python-amazon-sp-api==0.8.0->-r requirements.txt (line 5))
2025-08-23T16:00:17.2491169Z #36 7.423   Downloading pytz-2025.2-py2.py3-none-any.whl.metadata (22 kB)
2025-08-23T16:00:17.2492073Z #36 7.444 Collecting confuse~=1.4.0 (from python-amazon-sp-api==0.8.0->-r requirements.txt (line 5))
2025-08-23T16:00:17.2492993Z #36 7.451   Downloading confuse-1.4.0-py2.py3-none-any.whl.metadata (3.8 kB)
2025-08-23T16:00:17.2494109Z #36 7.517 Collecting python-dotenv>=0.21.0 (from pydantic-settings==2.2.1->-r requirements.txt (line 6))
2025-08-23T16:00:17.2495061Z #36 7.521   Downloading python_dotenv-1.1.1-py3-none-any.whl.metadata (24 kB)
2025-08-23T16:00:17.2495965Z #36 7.576 Collecting multimethod<=1.10.0 (from pandera==0.19.*->-r requirements.txt (line 9))
2025-08-23T16:00:17.2497064Z #36 7.582   Downloading multimethod-1.10-py3-none-any.whl.metadata (8.2 kB)
2025-08-23T16:00:17.2497947Z #36 7.617 Collecting packaging>=20.0 (from pandera==0.19.*->-r requirements.txt (line 9))
2025-08-23T16:00:17.2498789Z #36 7.623   Downloading packaging-25.0-py3-none-any.whl.metadata (3.3 kB)
2025-08-23T16:00:17.2499630Z #36 7.675 Collecting typeguard (from pandera==0.19.*->-r requirements.txt (line 9))
2025-08-23T16:00:17.2500468Z #36 7.680   Downloading typeguard-4.4.4-py3-none-any.whl.metadata (3.3 kB)
2025-08-23T16:00:17.2501339Z #36 7.697 Collecting typing-inspect>=0.6.0 (from pandera==0.19.*->-r requirements.txt (line 9))
2025-08-23T16:00:17.2502251Z #36 7.701   Downloading typing_inspect-0.9.0-py3-none-any.whl.metadata (1.5 kB)
2025-08-23T16:00:17.2503067Z #36 7.849 Collecting wrapt (from pandera==0.19.*->-r requirements.txt (line 9))
2025-08-23T16:00:17.2538744Z #36 7.856   Downloading wrapt-1.17.3-cp312-cp312-manylinux1_x86_64.manylinux_2_28_x86_64.manylinux_2_5_x86_64.whl.metadata (6.4 kB)
2025-08-23T16:00:17.2539890Z #36 7.878 Collecting et-xmlfile (from openpyxl==3.1.*->-r requirements.txt (line 10))
2025-08-23T16:00:17.2540737Z #36 7.883   Downloading et_xmlfile-2.0.0-py3-none-any.whl.metadata (2.7 kB)
2025-08-23T16:00:17.2541774Z #36 7.916 Collecting typing-extensions>=4.6 (from psycopg==3.2.9->psycopg[binary]==3.2.9->-r requirements.txt (line 11))
2025-08-23T16:00:17.2542845Z #36 7.920   Downloading typing_extensions-4.14.1-py3-none-any.whl.metadata (3.0 kB)
2025-08-23T16:00:17.2544018Z #36 8.158 Collecting psycopg-binary==3.2.9 (from psycopg[binary]==3.2.9->-r requirements.txt (line 11))
2025-08-23T16:00:17.2545220Z #36 8.165   Downloading psycopg_binary-3.2.9-cp312-cp312-manylinux_2_17_x86_64.manylinux2014_x86_64.whl.metadata (2.9 kB)
2025-08-23T16:00:17.2546464Z #36 8.914 Collecting botocore<1.41.0,>=1.40.16 (from boto3<2,>=1.16.39->python-amazon-sp-api==0.8.0->-r requirements.txt (line 5))
2025-08-23T16:00:17.2547720Z #36 8.924   Downloading botocore-1.40.16-py3-none-any.whl.metadata (5.7 kB)
2025-08-23T16:00:17.2548723Z #36 8.949 Collecting jmespath<2.0.0,>=0.7.1 (from boto3<2,>=1.16.39->python-amazon-sp-api==0.8.0->-r requirements.txt (line 5))
2025-08-23T16:00:17.2549720Z #36 8.955   Downloading jmespath-1.0.1-py3-none-any.whl.metadata (7.6 kB)
2025-08-23T16:00:17.2550727Z #36 9.012 Collecting s3transfer<0.14.0,>=0.13.0 (from boto3<2,>=1.16.39->python-amazon-sp-api==0.8.0->-r requirements.txt (line 5))
2025-08-23T16:00:17.2551739Z #36 9.017   Downloading s3transfer-0.13.1-py3-none-any.whl.metadata (1.7 kB)
2025-08-23T16:00:17.2552722Z #36 9.136 Collecting prompt-toolkit>=3.0.36 (from click-repl>=0.2.0->celery==5.3.*->-r requirements.txt (line 3))
2025-08-23T16:00:17.2553888Z #36 9.144   Downloading prompt_toolkit-3.0.51-py3-none-any.whl.metadata (6.4 kB)
2025-08-23T16:00:17.2554893Z #36 9.219 Collecting pyyaml (from confuse~=1.4.0->python-amazon-sp-api==0.8.0->-r requirements.txt (line 5))
2025-08-23T16:00:17.2556032Z #36 9.228   Downloading PyYAML-6.0.2-cp312-cp312-manylinux_2_17_x86_64.manylinux2014_x86_64.whl.metadata (2.1 kB)
2025-08-23T16:00:17.2557049Z #36 9.272 Collecting amqp<6.0.0,>=5.1.1 (from kombu<6.0,>=5.3.4->celery==5.3.*->-r requirements.txt (line 3))
2025-08-23T16:00:17.2557873Z #36 9.279   Downloading amqp-5.3.1-py3-none-any.whl.metadata (8.9 kB)
2025-08-23T16:00:17.2558770Z #36 9.316 Collecting annotated-types>=0.6.0 (from pydantic->keepa==1.3.14->-r requirements.txt (line 1))
2025-08-23T16:00:17.2559744Z #36 9.321   Downloading annotated_types-0.7.0-py3-none-any.whl.metadata (15 kB)
2025-08-23T16:00:17.3829000Z #36 ...
2025-08-23T16:00:17.3829752Z 
2025-08-23T16:00:17.3836092Z #33 [api stage-1 3/6] RUN set -eux;     if [ -f /etc/apt/sources.list ]; then         sed -i 's|http://deb.debian.org|https://deb.debian.org|g' /etc/apt/sources.list;     fi;     apt-get update;     apt-get install -y --no-install-recommends tzdata postgresql-client curl;     rm -rf /var/lib/apt/lists/*
2025-08-23T16:00:17.3841810Z #33 7.692 Selecting previously unselected package libcom-err2:amd64.
2025-08-23T16:00:17.3846639Z #33 7.692 Preparing to unpack .../07-libcom-err2_1.47.2-3+b3_amd64.deb ...
2025-08-23T16:00:17.3850904Z #33 7.693 Unpacking libcom-err2:amd64 (1.47.2-3+b3) ...
2025-08-23T16:00:17.3855473Z #33 7.722 Selecting previously unselected package libk5crypto3:amd64.
2025-08-23T16:00:17.3857442Z #33 7.724 Preparing to unpack .../08-libk5crypto3_1.21.3-5_amd64.deb ...
2025-08-23T16:00:17.3858718Z #33 7.726 Unpacking libk5crypto3:amd64 (1.21.3-5) ...
2025-08-23T16:00:17.3864232Z #33 7.753 Selecting previously unselected package libkeyutils1:amd64.
2025-08-23T16:00:17.3864946Z #33 7.755 Preparing to unpack .../09-libkeyutils1_1.6.3-6_amd64.deb ...
2025-08-23T16:00:17.3865531Z #33 7.756 Unpacking libkeyutils1:amd64 (1.6.3-6) ...
2025-08-23T16:00:17.3866104Z #33 7.784 Selecting previously unselected package libkrb5-3:amd64.
2025-08-23T16:00:17.3866751Z #33 7.784 Preparing to unpack .../10-libkrb5-3_1.21.3-5_amd64.deb ...
2025-08-23T16:00:17.3867317Z #33 7.785 Unpacking libkrb5-3:amd64 (1.21.3-5) ...
2025-08-23T16:00:17.3867921Z #33 7.846 Selecting previously unselected package libgssapi-krb5-2:amd64.
2025-08-23T16:00:17.3868643Z #33 7.846 Preparing to unpack .../11-libgssapi-krb5-2_1.21.3-5_amd64.deb ...
2025-08-23T16:00:17.3869268Z #33 7.847 Unpacking libgssapi-krb5-2:amd64 (1.21.3-5) ...
2025-08-23T16:00:17.3869874Z #33 7.892 Selecting previously unselected package libunistring5:amd64.
2025-08-23T16:00:17.3870555Z #33 7.894 Preparing to unpack .../12-libunistring5_1.3-2_amd64.deb ...
2025-08-23T16:00:17.3871130Z #33 7.897 Unpacking libunistring5:amd64 (1.3-2) ...
2025-08-23T16:00:17.3871699Z #33 7.986 Selecting previously unselected package libidn2-0:amd64.
2025-08-23T16:00:17.3872339Z #33 7.986 Preparing to unpack .../13-libidn2-0_2.3.8-2_amd64.deb ...
2025-08-23T16:00:17.3872882Z #33 7.993 Unpacking libidn2-0:amd64 (2.3.8-2) ...
2025-08-23T16:00:17.3889668Z #33 8.038 Selecting previously unselected package libsasl2-modules-db:amd64.
2025-08-23T16:00:17.3890521Z #33 8.038 Preparing to unpack .../14-libsasl2-modules-db_2.1.28+dfsg1-9_amd64.deb ...
2025-08-23T16:00:17.3891319Z #33 8.040 Unpacking libsasl2-modules-db:amd64 (2.1.28+dfsg1-9) ...
2025-08-23T16:00:17.3892119Z #33 8.090 Selecting previously unselected package libsasl2-2:amd64.
2025-08-23T16:00:17.3892801Z #33 8.093 Preparing to unpack .../15-libsasl2-2_2.1.28+dfsg1-9_amd64.deb ...
2025-08-23T16:00:17.3893719Z #33 8.095 Unpacking libsasl2-2:amd64 (2.1.28+dfsg1-9) ...
2025-08-23T16:00:17.3894306Z #33 8.174 Selecting previously unselected package libldap2:amd64.
2025-08-23T16:00:17.3894962Z #33 8.182 Preparing to unpack .../16-libldap2_2.6.10+dfsg-1_amd64.deb ...
2025-08-23T16:00:17.3895548Z #33 8.184 Unpacking libldap2:amd64 (2.6.10+dfsg-1) ...
2025-08-23T16:00:17.3896150Z #33 8.235 Selecting previously unselected package libnghttp2-14:amd64.
2025-08-23T16:00:17.3896832Z #33 8.238 Preparing to unpack .../17-libnghttp2-14_1.64.0-1.1_amd64.deb ...
2025-08-23T16:00:17.3897445Z #33 8.241 Unpacking libnghttp2-14:amd64 (1.64.0-1.1) ...
2025-08-23T16:00:17.3898042Z #33 8.294 Selecting previously unselected package libnghttp3-9:amd64.
2025-08-23T16:00:17.3898739Z #33 8.294 Preparing to unpack .../18-libnghttp3-9_1.8.0-1_amd64.deb ...
2025-08-23T16:00:17.3899330Z #33 8.304 Unpacking libnghttp3-9:amd64 (1.8.0-1) ...
2025-08-23T16:00:17.3899906Z #33 8.366 Selecting previously unselected package libpsl5t64:amd64.
2025-08-23T16:00:17.3900562Z #33 8.374 Preparing to unpack .../19-libpsl5t64_0.21.2-1.1+b1_amd64.deb ...
2025-08-23T16:00:17.3901167Z #33 8.380 Unpacking libpsl5t64:amd64 (0.21.2-1.1+b1) ...
2025-08-23T16:00:17.3901751Z #33 8.432 Selecting previously unselected package libp11-kit0:amd64.
2025-08-23T16:00:17.3902396Z #33 8.434 Preparing to unpack .../20-libp11-kit0_0.25.5-3_amd64.deb ...
2025-08-23T16:00:17.3902963Z #33 8.439 Unpacking libp11-kit0:amd64 (0.25.5-3) ...
2025-08-23T16:00:17.3903676Z #33 8.507 Selecting previously unselected package libtasn1-6:amd64.
2025-08-23T16:00:17.3904536Z #33 8.507 Preparing to unpack .../21-libtasn1-6_4.20.0-2_amd64.deb ...
2025-08-23T16:00:17.3905103Z #33 8.508 Unpacking libtasn1-6:amd64 (4.20.0-2) ...
2025-08-23T16:00:17.3905698Z #33 8.570 Selecting previously unselected package libgnutls30t64:amd64.
2025-08-23T16:00:17.3906393Z #33 8.571 Preparing to unpack .../22-libgnutls30t64_3.8.9-3_amd64.deb ...
2025-08-23T16:00:17.3906959Z #33 8.575 Unpacking libgnutls30t64:amd64 (3.8.9-3) ...
2025-08-23T16:00:17.3907510Z #33 8.660 Selecting previously unselected package librtmp1:amd64.
2025-08-23T16:00:17.3908198Z #33 8.660 Preparing to unpack .../23-librtmp1_2.4+20151223.gitfa8646d.1-2+b5_amd64.deb ...
2025-08-23T16:00:17.3908933Z #33 8.664 Unpacking librtmp1:amd64 (2.4+20151223.gitfa8646d.1-2+b5) ...
2025-08-23T16:00:17.3909581Z #33 8.711 Selecting previously unselected package libssh2-1t64:amd64.
2025-08-23T16:00:17.3910239Z #33 8.713 Preparing to unpack .../24-libssh2-1t64_1.11.1-1_amd64.deb ...
2025-08-23T16:00:17.3910821Z #33 8.720 Unpacking libssh2-1t64:amd64 (1.11.1-1) ...
2025-08-23T16:00:17.3911389Z #33 8.767 Selecting previously unselected package libcurl4t64:amd64.
2025-08-23T16:00:17.3912037Z #33 8.767 Preparing to unpack .../25-libcurl4t64_8.14.1-2_amd64.deb ...
2025-08-23T16:00:17.3912595Z #33 8.768 Unpacking libcurl4t64:amd64 (8.14.1-2) ...
2025-08-23T16:00:17.3913102Z #33 8.816 Selecting previously unselected package curl.
2025-08-23T16:00:17.3915458Z #33 8.818 Preparing to unpack .../26-curl_8.14.1-2_amd64.deb ...
2025-08-23T16:00:17.3915969Z #33 8.820 Unpacking curl (8.14.1-2) ...
2025-08-23T16:00:17.3916452Z #33 8.877 Selecting previously unselected package libpq5:amd64.
2025-08-23T16:00:17.3917045Z #33 8.877 Preparing to unpack .../27-libpq5_17.5-1_amd64.deb ...
2025-08-23T16:00:17.3917586Z #33 8.879 Unpacking libpq5:amd64 (17.5-1) ...
2025-08-23T16:00:17.3918214Z #33 8.963 Selecting previously unselected package postgresql-client-common.
2025-08-23T16:00:17.3919269Z #33 8.974 Preparing to unpack .../28-postgresql-client-common_278_all.deb ...
2025-08-23T16:00:17.3919954Z #33 8.981 Unpacking postgresql-client-common (278) ...
2025-08-23T16:00:17.3920613Z #33 9.030 Selecting previously unselected package postgresql-client-17.
2025-08-23T16:00:17.3947468Z #33 9.033 Preparing to unpack .../29-postgresql-client-17_17.5-1_amd64.deb ...
2025-08-23T16:00:17.3948117Z #33 9.033 Unpacking postgresql-client-17 (17.5-1) ...
2025-08-23T16:00:17.3948740Z #33 9.286 Selecting previously unselected package postgresql-client.
2025-08-23T16:00:17.3949442Z #33 9.287 Preparing to unpack .../30-postgresql-client_17+278_all.deb ...
2025-08-23T16:00:17.3950044Z #33 9.296 Unpacking postgresql-client (17+278) ...
2025-08-23T16:00:17.3950522Z #33 9.355 Setting up libkeyutils1:amd64 (1.6.3-6) ...
2025-08-23T16:00:17.3951029Z #33 9.363 Setting up libgdbm-compat4t64:amd64 (1.24-2) ...
2025-08-23T16:00:17.3951522Z #33 9.367 Setting up libbrotli1:amd64 (1.1.0-2+b7) ...
2025-08-23T16:00:17.3952079Z #33 9.375 Setting up libnghttp2-14:amd64 (1.64.0-1.1) ...
2025-08-23T16:00:17.3952597Z #33 9.378 Setting up libcom-err2:amd64 (1.47.2-3+b3) ...
2025-08-23T16:00:17.3953099Z #33 9.381 Setting up libkrb5support0:amd64 (1.21.3-5) ...
2025-08-23T16:00:17.3954078Z #33 9.390 Setting up libsasl2-modules-db:amd64 (2.1.28+dfsg1-9) ...
2025-08-23T16:00:17.3954620Z #33 9.398 Setting up libp11-kit0:amd64 (0.25.5-3) ...
2025-08-23T16:00:17.3955105Z #33 9.405 Setting up libunistring5:amd64 (1.3-2) ...
2025-08-23T16:00:17.3955589Z #33 9.410 Setting up libk5crypto3:amd64 (1.21.3-5) ...
2025-08-23T16:00:17.3956088Z #33 9.415 Setting up libsasl2-2:amd64 (2.1.28+dfsg1-9) ...
2025-08-23T16:00:17.3956593Z #33 9.420 Setting up libnghttp3-9:amd64 (1.8.0-1) ...
2025-08-23T16:00:17.3957060Z #33 9.423 Setting up perl-modules-5.40 (5.40.1-6) ...
2025-08-23T16:00:17.3957540Z #33 9.428 Setting up sensible-utils (0.0.25) ...
2025-08-23T16:00:17.3957998Z #33 9.432 Setting up libtasn1-6:amd64 (4.20.0-2) ...
2025-08-23T16:00:17.3958477Z #33 9.445 Setting up libkrb5-3:amd64 (1.21.3-5) ...
2025-08-23T16:00:17.3958955Z #33 9.454 Setting up libssh2-1t64:amd64 (1.11.1-1) ...
2025-08-23T16:00:17.3959655Z #33 9.466 Setting up libldap2:amd64 (2.6.10+dfsg-1) ...
2025-08-23T16:00:17.3960148Z #33 9.471 Setting up libidn2-0:amd64 (2.3.8-2) ...
2025-08-23T16:00:17.3960611Z #33 9.476 Setting up libperl5.40:amd64 (5.40.1-6) ...
2025-08-23T16:00:17.3961048Z #33 9.481 Setting up perl (5.40.1-6) ...
2025-08-23T16:00:17.3961489Z #33 9.496 Setting up libgssapi-krb5-2:amd64 (1.21.3-5) ...
2025-08-23T16:00:17.3961999Z #33 9.505 Setting up libgnutls30t64:amd64 (3.8.9-3) ...
2025-08-23T16:00:17.3962489Z #33 9.508 Setting up postgresql-client-common (278) ...
2025-08-23T16:00:17.3962983Z #33 9.533 Setting up libpsl5t64:amd64 (0.21.2-1.1+b1) ...
2025-08-23T16:00:17.3963624Z #33 9.540 Setting up libpq5:amd64 (17.5-1) ...
2025-08-23T16:00:17.3964164Z #33 9.545 Setting up librtmp1:amd64 (2.4+20151223.gitfa8646d.1-2+b5) ...
2025-08-23T16:00:17.3964731Z #33 9.552 Setting up libcurl4t64:amd64 (8.14.1-2) ...
2025-08-23T16:00:17.3965221Z #33 9.558 Setting up postgresql-client-17 (17.5-1) ...
2025-08-23T16:00:17.6300979Z #33 10.55 update-alternatives: using /usr/share/postgresql/17/man/man1/psql.1.gz to provide /usr/share/man/man1/psql.1.gz (psql.1.gz) in auto mode
2025-08-23T16:00:17.6325560Z #33 10.64 Setting up curl (8.14.1-2) ...
2025-08-23T16:00:17.7403726Z #33 10.64 Setting up postgresql-client (17+278) ...
2025-08-23T16:00:17.7407877Z #33 10.65 Processing triggers for libc-bin (2.41-12) ...
2025-08-23T16:00:17.7412801Z #33 10.72 + rm -rf /var/lib/apt/lists/auxfiles /var/lib/apt/lists/deb.debian.org_debian-security_dists_trixie-security_InRelease /var/lib/apt/lists/deb.debian.org_debian-security_dists_trixie-security_main_binary-amd64_Packages.lz4 /var/lib/apt/lists/deb.debian.org_debian_dists_trixie-updates_InRelease /var/lib/apt/lists/deb.debian.org_debian_dists_trixie-updates_main_binary-amd64_Packages.lz4 /var/lib/apt/lists/deb.debian.org_debian_dists_trixie_InRelease /var/lib/apt/lists/deb.debian.org_debian_dists_trixie_main_binary-amd64_Packages.lz4 /var/lib/apt/lists/lock /var/lib/apt/lists/partial
2025-08-23T16:00:17.8439671Z #33 DONE 10.9s
2025-08-23T16:00:17.8454808Z 
2025-08-23T16:00:17.8456639Z #36 [etl base 4/8] RUN if [ -n "" ] && [ -f "" ]; then         pip install -r requirements.txt -c "";     else         pip install -r requirements.txt;     fi
2025-08-23T16:00:17.8458916Z #36 10.45 Collecting pydantic-core==2.33.2 (from pydantic->keepa==1.3.14->-r requirements.txt (line 1))
2025-08-23T16:00:17.8461139Z #36 10.45   Downloading pydantic_core-2.33.2-cp312-cp312-manylinux_2_17_x86_64.manylinux2014_x86_64.whl.metadata (6.8 kB)
2025-08-23T16:00:17.8463667Z #36 10.48 Collecting typing-inspection>=0.4.0 (from pydantic->keepa==1.3.14->-r requirements.txt (line 1))
2025-08-23T16:00:17.8498553Z #36 10.48   Downloading typing_inspection-0.4.1-py3-none-any.whl.metadata (2.6 kB)
2025-08-23T16:00:17.8499530Z #36 10.65 Collecting charset_normalizer<4,>=2 (from requests>=2.2->keepa==1.3.14->-r requirements.txt (line 1))
2025-08-23T16:00:17.8500693Z #36 10.66   Downloading charset_normalizer-3.4.3-cp312-cp312-manylinux2014_x86_64.manylinux_2_17_x86_64.manylinux_2_28_x86_64.whl.metadata (36 kB)
2025-08-23T16:00:17.8501703Z #36 10.70 Collecting idna<4,>=2.5 (from requests>=2.2->keepa==1.3.14->-r requirements.txt (line 1))
2025-08-23T16:00:17.8502394Z #36 10.72   Downloading idna-3.10-py3-none-any.whl.metadata (10 kB)
2025-08-23T16:00:17.9458993Z #36 10.83 Collecting mypy-extensions>=0.3.0 (from typing-inspect>=0.6.0->pandera==0.19.*->-r requirements.txt (line 9))
2025-08-23T16:00:17.9465242Z #36 10.84   Downloading mypy_extensions-1.1.0-py3-none-any.whl.metadata (1.1 kB)
2025-08-23T16:00:17.9476384Z #36 10.87 Collecting aiohappyeyeballs>=2.5.0 (from aiohttp->keepa==1.3.14->-r requirements.txt (line 1))
2025-08-23T16:00:17.9479157Z #36 10.88   Downloading aiohappyeyeballs-2.6.1-py3-none-any.whl.metadata (5.9 kB)
2025-08-23T16:00:18.0837281Z #36 10.89 Collecting aiosignal>=1.4.0 (from aiohttp->keepa==1.3.14->-r requirements.txt (line 1))
2025-08-23T16:00:18.0838917Z #36 10.90   Downloading aiosignal-1.4.0-py3-none-any.whl.metadata (3.7 kB)
2025-08-23T16:00:18.0840829Z #36 10.93 Collecting attrs>=17.3.0 (from aiohttp->keepa==1.3.14->-r requirements.txt (line 1))
2025-08-23T16:00:18.0841584Z #36 10.93   Downloading attrs-25.3.0-py3-none-any.whl.metadata (10 kB)
2025-08-23T16:00:18.0842354Z #36 11.03 Collecting frozenlist>=1.1.1 (from aiohttp->keepa==1.3.14->-r requirements.txt (line 1))
2025-08-23T16:00:18.2115709Z #36 11.03   Downloading frozenlist-1.7.0-cp312-cp312-manylinux_2_5_x86_64.manylinux1_x86_64.manylinux_2_17_x86_64.manylinux2014_x86_64.whl.metadata (18 kB)
2025-08-23T16:00:18.4457606Z #36 11.31 Collecting multidict<7.0,>=4.5 (from aiohttp->keepa==1.3.14->-r requirements.txt (line 1))
2025-08-23T16:00:18.4458878Z #36 11.31   Downloading multidict-6.6.4-cp312-cp312-manylinux2014_x86_64.manylinux_2_17_x86_64.manylinux_2_28_x86_64.whl.metadata (5.3 kB)
2025-08-23T16:00:18.4460231Z #36 11.36 Collecting propcache>=0.2.0 (from aiohttp->keepa==1.3.14->-r requirements.txt (line 1))
2025-08-23T16:00:18.4461301Z #36 11.36   Downloading propcache-0.3.2-cp312-cp312-manylinux_2_17_x86_64.manylinux2014_x86_64.whl.metadata (12 kB)
2025-08-23T16:00:18.6482128Z #36 11.58 Collecting yarl<2.0,>=1.17.0 (from aiohttp->keepa==1.3.14->-r requirements.txt (line 1))
2025-08-23T16:00:18.6497963Z #36 11.58   Downloading yarl-1.20.1-cp312-cp312-manylinux_2_17_x86_64.manylinux2014_x86_64.whl.metadata (73 kB)
2025-08-23T16:00:18.7537426Z #36 11.68 Collecting wcwidth (from prompt-toolkit>=3.0.36->click-repl>=0.2.0->celery==5.3.*->-r requirements.txt (line 3))
2025-08-23T16:00:18.7540787Z #36 11.69   Downloading wcwidth-0.2.13-py2.py3-none-any.whl.metadata (14 kB)
2025-08-23T16:00:18.9716298Z #36 ...
2025-08-23T16:00:18.9718451Z 
2025-08-23T16:00:18.9725783Z #32 [fees_h10 base 4/6] RUN if [ -n "" ] && [ -f "fees_h10/" ]; then         pip install -r fees_h10/requirements.txt -c fees_h10/;     else         pip install -r fees_h10/requirements.txt;     fi
2025-08-23T16:00:18.9729414Z #32 11.63 Successfully installed PyJWT-2.10.1 amqp-5.3.1 anyio-4.10.0 asyncpg-0.30.0 billiard-4.2.1 celery-5.4.0 certifi-2025.8.3 click-8.2.1 click-didyoumean-0.3.1 click-plugins-1.1.1.2 click-repl-0.3.0 greenlet-3.2.4 h11-0.16.0 httpcore-1.0.9 httpx-0.28.1 idna-3.10 kombu-5.5.4 packaging-25.0 prompt-toolkit-3.0.51 python-dateutil-2.9.0.post0 redis-5.3.1 six-1.17.0 sniffio-1.3.1 sqlalchemy-2.0.43 typing-extensions-4.14.1 tzdata-2025.2 vine-5.1.0 wcwidth-0.2.13
2025-08-23T16:00:18.9737165Z #32 11.63 WARNING: Running pip as the 'root' user can result in broken permissions and conflicting behaviour with the system package manager, possibly rendering your system unusable. It is recommended to use a virtual environment instead: https://pip.pypa.io/warnings/venv. Use the --root-user-action option if you know what you are doing and want to suppress this warning.
2025-08-23T16:00:18.9739434Z #32 11.73 
2025-08-23T16:00:18.9739710Z #32 11.73 [notice] A new release of pip is available: 25.0.1 -> 25.2
2025-08-23T16:00:18.9740205Z #32 11.73 [notice] To update, run: pip install --upgrade pip
2025-08-23T16:00:18.9740701Z #32 DONE 11.9s
2025-08-23T16:00:18.9740836Z 
2025-08-23T16:00:18.9740927Z #37 [fees_h10 base 5/6] COPY . ./fees_h10
2025-08-23T16:00:18.9741171Z #37 DONE 0.0s
2025-08-23T16:00:18.9741267Z 
2025-08-23T16:00:18.9741738Z #36 [etl base 4/8] RUN if [ -n "" ] && [ -f "" ]; then         pip install -r requirements.txt -c "";     else         pip install -r requirements.txt;     fi
2025-08-23T16:00:18.9742645Z #36 11.90 Downloading keepa-1.3.14-py3-none-any.whl (33 kB)
2025-08-23T16:00:19.0765837Z #36 ...
2025-08-23T16:00:19.0767884Z 
2025-08-23T16:00:19.0768063Z #38 [fees_h10 base 6/6] COPY start.sh ./start.sh
2025-08-23T16:00:19.0769581Z #38 DONE 0.0s
2025-08-23T16:00:19.0769759Z 
2025-08-23T16:00:19.0771331Z #36 [etl base 4/8] RUN if [ -n "" ] && [ -f "" ]; then         pip install -r requirements.txt -c "";     else         pip install -r requirements.txt;     fi
2025-08-23T16:00:19.0772472Z #36 11.92 Downloading minio-7.1.15-py3-none-any.whl (77 kB)
2025-08-23T16:00:19.0779030Z #36 11.93 Downloading celery-5.3.6-py3-none-any.whl (422 kB)
2025-08-23T16:00:19.0779686Z #36 11.95 Downloading redis-5.3.1-py3-none-any.whl (272 kB)
2025-08-23T16:00:19.0780355Z #36 11.96 Downloading python_amazon_sp_api-0.8.0-py3-none-any.whl (93 kB)
2025-08-23T16:00:19.0781081Z #36 11.97 Downloading pydantic_settings-2.2.1-py3-none-any.whl (13 kB)
2025-08-23T16:00:19.0781965Z #36 11.97 Downloading pandas-2.2.3-cp312-cp312-manylinux_2_17_x86_64.manylinux2014_x86_64.whl (12.7 MB)
2025-08-23T16:00:19.1853788Z #36 12.08    ━━━━━━━━━━━━━━━━━━━━━━━━━━━━━━━━━━━━━━━━ 12.7/12.7 MB 125.1 MB/s eta 0:00:00
2025-08-23T16:00:19.1854888Z #36 12.09 Downloading pandera-0.19.3-py3-none-any.whl (251 kB)
2025-08-23T16:00:19.1856078Z #36 12.10 Downloading openpyxl-3.1.5-py2.py3-none-any.whl (250 kB)
2025-08-23T16:00:19.1857075Z #36 12.10 Downloading psycopg-3.2.9-py3-none-any.whl (202 kB)
2025-08-23T16:00:19.1859135Z #36 12.11 Downloading psycopg2_binary-2.9.10-cp312-cp312-manylinux_2_17_x86_64.manylinux2014_x86_64.whl (3.0 MB)
2025-08-23T16:00:19.2942686Z #36 12.13    ━━━━━━━━━━━━━━━━━━━━━━━━━━━━━━━━━━━━━━━━ 3.0/3.0 MB 158.4 MB/s eta 0:00:00
2025-08-23T16:00:19.2944055Z #36 12.14 Downloading sentry_sdk-2.9.0-py2.py3-none-any.whl (301 kB)
2025-08-23T16:00:19.2945471Z #36 12.15 Downloading psycopg_binary-3.2.9-cp312-cp312-manylinux_2_17_x86_64.manylinux2014_x86_64.whl (4.4 MB)
2025-08-23T16:00:19.2946832Z #36 12.18    ━━━━━━━━━━━━━━━━━━━━━━━━━━━━━━━━━━━━━━━━ 4.4/4.4 MB 142.2 MB/s eta 0:00:00
2025-08-23T16:00:19.2947880Z #36 12.19 Downloading numpy-1.26.4-cp312-cp312-manylinux_2_17_x86_64.manylinux2014_x86_64.whl (18.0 MB)
2025-08-23T16:00:19.3957058Z #36 12.29    ━━━━━━━━━━━━━━━━━━━━━━━━━━━━━━━━━━━━━━━━ 18.0/18.0 MB 176.7 MB/s eta 0:00:00
2025-08-23T16:00:19.3959056Z #36 12.30 Downloading billiard-4.2.1-py3-none-any.whl (86 kB)
2025-08-23T16:00:19.3961244Z #36 12.31 Downloading boto3-1.40.16-py3-none-any.whl (140 kB)
2025-08-23T16:00:19.3962215Z #36 12.32 Downloading cachetools-4.2.4-py3-none-any.whl (10 kB)
2025-08-23T16:00:19.3962827Z #36 12.33 Downloading click-8.2.1-py3-none-any.whl (102 kB)
2025-08-23T16:00:19.5006186Z #36 12.34 Downloading click_didyoumean-0.3.1-py3-none-any.whl (3.6 kB)
2025-08-23T16:00:19.5010323Z #36 12.35 Downloading click_plugins-1.1.1.2-py2.py3-none-any.whl (11 kB)
2025-08-23T16:00:19.5011025Z #36 12.36 Downloading click_repl-0.3.0-py3-none-any.whl (10 kB)
2025-08-23T16:00:19.5011667Z #36 12.37 Downloading confuse-1.4.0-py2.py3-none-any.whl (21 kB)
2025-08-23T16:00:19.5012279Z #36 12.38 Downloading kombu-5.5.4-py3-none-any.whl (210 kB)
2025-08-23T16:00:19.5012828Z #36 12.38 Downloading vine-5.1.0-py3-none-any.whl (9.6 kB)
2025-08-23T16:00:19.5013578Z #36 12.39 Downloading multimethod-1.10-py3-none-any.whl (9.9 kB)
2025-08-23T16:00:19.5014183Z #36 12.41 Downloading packaging-25.0-py3-none-any.whl (66 kB)
2025-08-23T16:00:19.5014798Z #36 12.42 Downloading pydantic-2.11.7-py3-none-any.whl (444 kB)
2025-08-23T16:00:19.5015677Z #36 12.43 Downloading pydantic_core-2.33.2-cp312-cp312-manylinux_2_17_x86_64.manylinux2014_x86_64.whl (2.0 MB)
2025-08-23T16:00:19.5016878Z #36 12.44    ━━━━━━━━━━━━━━━━━━━━━━━━━━━━━━━━━━━━━━━━ 2.0/2.0 MB 147.7 MB/s eta 0:00:00
2025-08-23T16:00:19.6041638Z #36 12.45 Downloading PyJWT-2.10.1-py3-none-any.whl (22 kB)
2025-08-23T16:00:19.6057903Z #36 12.46 Downloading python_dateutil-2.9.0.post0-py2.py3-none-any.whl (229 kB)
2025-08-23T16:00:19.6058720Z #36 12.47 Downloading python_dotenv-1.1.1-py3-none-any.whl (20 kB)
2025-08-23T16:00:19.6059377Z #36 12.47 Downloading pytz-2025.2-py2.py3-none-any.whl (509 kB)
2025-08-23T16:00:19.6060028Z #36 12.49 Downloading requests-2.32.5-py3-none-any.whl (64 kB)
2025-08-23T16:00:19.6060661Z #36 12.50 Downloading certifi-2025.8.3-py3-none-any.whl (161 kB)
2025-08-23T16:00:19.6061267Z #36 12.50 Downloading six-1.17.0-py2.py3-none-any.whl (11 kB)
2025-08-23T16:00:19.6061921Z #36 12.51 Downloading typing_extensions-4.14.1-py3-none-any.whl (43 kB)
2025-08-23T16:00:19.6062666Z #36 12.52 Downloading typing_inspect-0.9.0-py3-none-any.whl (8.8 kB)
2025-08-23T16:00:19.6063906Z #36 12.53 Downloading tzdata-2025.2-py2.py3-none-any.whl (347 kB)
2025-08-23T16:00:19.6064577Z #36 12.54 Downloading urllib3-2.5.0-py3-none-any.whl (129 kB)
2025-08-23T16:00:19.6065404Z #36 12.55 Downloading aiohttp-3.12.15-cp312-cp312-manylinux_2_17_x86_64.manylinux2014_x86_64.whl (1.7 MB)
2025-08-23T16:00:19.7096389Z #36 12.56    ━━━━━━━━━━━━━━━━━━━━━━━━━━━━━━━━━━━━━━━━ 1.7/1.7 MB 143.3 MB/s eta 0:00:00
2025-08-23T16:00:19.7098059Z #36 12.58 Downloading et_xmlfile-2.0.0-py3-none-any.whl (18 kB)
2025-08-23T16:00:19.7104924Z #36 12.58 Downloading pycryptodome-3.23.0-cp37-abi3-manylinux_2_17_x86_64.manylinux2014_x86_64.whl (2.3 MB)
2025-08-23T16:00:19.7106566Z #36 12.60    ━━━━━━━━━━━━━━━━━━━━━━━━━━━━━━━━━━━━━━━━ 2.3/2.3 MB 153.6 MB/s eta 0:00:00
2025-08-23T16:00:19.7108517Z #36 12.61 Downloading tqdm-4.67.1-py3-none-any.whl (78 kB)
2025-08-23T16:00:19.7109034Z #36 12.61 Downloading typeguard-4.4.4-py3-none-any.whl (34 kB)
2025-08-23T16:00:19.7111726Z #36 12.63 Downloading wrapt-1.17.3-cp312-cp312-manylinux1_x86_64.manylinux_2_28_x86_64.manylinux_2_5_x86_64.whl (88 kB)
2025-08-23T16:00:19.7112528Z #36 12.64 Downloading aiohappyeyeballs-2.6.1-py3-none-any.whl (15 kB)
2025-08-23T16:00:19.7113378Z #36 12.65 Downloading aiosignal-1.4.0-py3-none-any.whl (7.5 kB)
2025-08-23T16:00:19.8214733Z #36 12.66 Downloading amqp-5.3.1-py3-none-any.whl (50 kB)
2025-08-23T16:00:19.8215804Z #36 12.67 Downloading annotated_types-0.7.0-py3-none-any.whl (13 kB)
2025-08-23T16:00:19.8216732Z #36 12.68 Downloading attrs-25.3.0-py3-none-any.whl (63 kB)
2025-08-23T16:00:19.8217676Z #36 12.68 Downloading botocore-1.40.16-py3-none-any.whl (14.0 MB)
2025-08-23T16:00:19.9328224Z #36 12.77    ━━━━━━━━━━━━━━━━━━━━━━━━━━━━━━━━━━━━━━━━ 14.0/14.0 MB 166.0 MB/s eta 0:00:00
2025-08-23T16:00:19.9332444Z #36 12.78 Downloading charset_normalizer-3.4.3-cp312-cp312-manylinux2014_x86_64.manylinux_2_17_x86_64.manylinux_2_28_x86_64.whl (151 kB)
2025-08-23T16:00:19.9337592Z #36 12.79 Downloading frozenlist-1.7.0-cp312-cp312-manylinux_2_5_x86_64.manylinux1_x86_64.manylinux_2_17_x86_64.manylinux2014_x86_64.whl (241 kB)
2025-08-23T16:00:19.9338564Z #36 12.79 Downloading idna-3.10-py3-none-any.whl (70 kB)
2025-08-23T16:00:19.9339108Z #36 12.80 Downloading jmespath-1.0.1-py3-none-any.whl (20 kB)
2025-08-23T16:00:19.9339997Z #36 12.81 Downloading multidict-6.6.4-cp312-cp312-manylinux2014_x86_64.manylinux_2_17_x86_64.manylinux_2_28_x86_64.whl (256 kB)
2025-08-23T16:00:19.9340918Z #36 12.82 Downloading mypy_extensions-1.1.0-py3-none-any.whl (5.0 kB)
2025-08-23T16:00:19.9341555Z #36 12.82 Downloading prompt_toolkit-3.0.51-py3-none-any.whl (387 kB)
2025-08-23T16:00:19.9342359Z #36 12.84 Downloading propcache-0.3.2-cp312-cp312-manylinux_2_17_x86_64.manylinux2014_x86_64.whl (224 kB)
2025-08-23T16:00:19.9343159Z #36 12.85 Downloading s3transfer-0.13.1-py3-none-any.whl (85 kB)
2025-08-23T16:00:19.9343920Z #36 12.86 Downloading typing_inspection-0.4.1-py3-none-any.whl (14 kB)
2025-08-23T16:00:20.0440981Z #36 ...
2025-08-23T16:00:20.0441549Z 
2025-08-23T16:00:20.0443110Z #34 [postgres 2/6] RUN set -eux;     if [ -f /etc/apt/sources.list ]; then         sed -i 's|http://deb.debian.org|https://deb.debian.org|g' /etc/apt/sources.list;     fi;     apt-get update;     apt-get install -y locales;     locale-gen en_US.UTF-8;     rm -rf /var/lib/apt/lists/*
2025-08-23T16:00:20.0445903Z #34 2.537 Reading package lists...
2025-08-23T16:00:20.0446569Z #34 3.433 Building dependency tree...
2025-08-23T16:00:20.0447298Z #34 3.672 Reading state information...
2025-08-23T16:00:20.0448124Z #34 3.880 locales is already the newest version (2.41-12).
2025-08-23T16:00:20.0449036Z #34 3.880 0 upgraded, 0 newly installed, 0 to remove and 1 not upgraded.
2025-08-23T16:00:20.0449873Z #34 3.881 + locale-gen en_US.UTF-8
2025-08-23T16:00:20.0450779Z #34 3.886 Generating locales (this might take a while)...
2025-08-23T16:00:20.0451292Z #34 3.900   en_US.UTF-8... done
2025-08-23T16:00:20.0456932Z #34 5.565 + rm -rf /var/lib/apt/lists/apt.postgresql.org_pub_repos_apt_dists_trixie-pgdg_16_binary-amd64_Packages.lz4 /var/lib/apt/lists/apt.postgresql.org_pub_repos_apt_dists_trixie-pgdg_InRelease /var/lib/apt/lists/apt.postgresql.org_pub_repos_apt_dists_trixie-pgdg_main_binary-amd64_Packages.lz4 /var/lib/apt/lists/auxfiles /var/lib/apt/lists/deb.debian.org_debian-security_dists_trixie-security_InRelease /var/lib/apt/lists/deb.debian.org_debian-security_dists_trixie-security_main_binary-amd64_Packages.lz4 /var/lib/apt/lists/deb.debian.org_debian_dists_trixie-updates_InRelease /var/lib/apt/lists/deb.debian.org_debian_dists_trixie-updates_main_binary-amd64_Packages.lz4 /var/lib/apt/lists/deb.debian.org_debian_dists_trixie_InRelease /var/lib/apt/lists/deb.debian.org_debian_dists_trixie_main_binary-amd64_Packages.lz4 /var/lib/apt/lists/lock /var/lib/apt/lists/partial
2025-08-23T16:00:20.0462153Z #34 5.566 Generation complete.
2025-08-23T16:00:20.0462514Z #34 DONE 5.6s
2025-08-23T16:00:20.0462695Z 
2025-08-23T16:00:20.0463046Z #39 [postgres 3/6] COPY docker/postgres/pg_hba.conf /etc/postgresql/pg_hba.conf
2025-08-23T16:00:20.0463831Z #39 DONE 0.0s
2025-08-23T16:00:20.0464004Z 
2025-08-23T16:00:20.0464466Z #40 [postgres 4/6] COPY docker/postgres/init-pg_hba.sh /docker-entrypoint-initdb.d/10_init_pg_hba.sh
2025-08-23T16:00:20.0465167Z #40 DONE 0.0s
2025-08-23T16:00:20.0465336Z 
2025-08-23T16:00:20.0465712Z #41 [postgres 5/6] COPY docker/postgres/postgresql.conf /etc/postgresql/postgresql.conf
2025-08-23T16:00:20.0466352Z #41 DONE 0.0s
2025-08-23T16:00:20.0466514Z 
2025-08-23T16:00:20.0467030Z #36 [etl base 4/8] RUN if [ -n "" ] && [ -f "" ]; then         pip install -r requirements.txt -c "";     else         pip install -r requirements.txt;     fi
2025-08-23T16:00:20.0468104Z #36 12.88 Downloading yarl-1.20.1-cp312-cp312-manylinux_2_17_x86_64.manylinux2014_x86_64.whl (355 kB)
2025-08-23T16:00:20.0469087Z #36 12.90 Downloading PyYAML-6.0.2-cp312-cp312-manylinux_2_17_x86_64.manylinux2014_x86_64.whl (767 kB)
2025-08-23T16:00:20.0470542Z #36 12.91    ━━━━━━━━━━━━━━━━━━━━━━━━━━━━━━━━━━━━━━━━ 767.5/767.5 kB 59.2 MB/s eta 0:00:00
2025-08-23T16:00:20.0471196Z #36 12.92 Downloading wcwidth-0.2.13-py2.py3-none-any.whl (34 kB)
2025-08-23T16:00:20.2312775Z #36 ...
2025-08-23T16:00:20.2317556Z 
2025-08-23T16:00:20.2322239Z #42 [postgres 6/6] RUN chmod 0644 /etc/postgresql/pg_hba.conf &&     chmod +x /docker-entrypoint-initdb.d/10_init_pg_hba.sh
2025-08-23T16:00:20.2327466Z #42 DONE 0.2s
2025-08-23T16:00:20.3867213Z 
2025-08-23T16:00:20.3869700Z #35 [api base  4/13] RUN pip install --no-cache-dir -r requirements.txt
2025-08-23T16:00:20.3889295Z #35 10.41 Collecting httptools>=0.5.0 (from uvicorn[standard]>=0.12.0->fastapi==0.111.0->-r requirements.txt (line 3))
2025-08-23T16:00:20.3890735Z #35 10.43   Downloading httptools-0.6.4-cp312-cp312-manylinux_2_5_x86_64.manylinux1_x86_64.manylinux_2_17_x86_64.manylinux2014_x86_64.whl.metadata (3.6 kB)
2025-08-23T16:00:20.3892132Z #35 10.49 Collecting pyyaml>=5.1 (from uvicorn[standard]>=0.12.0->fastapi==0.111.0->-r requirements.txt (line 3))
2025-08-23T16:00:20.3893610Z #35 10.51   Downloading PyYAML-6.0.2-cp312-cp312-manylinux_2_17_x86_64.manylinux2014_x86_64.whl.metadata (2.1 kB)
2025-08-23T16:00:20.3894803Z #35 10.56 Collecting uvloop!=0.15.0,!=0.15.1,>=0.14.0 (from uvicorn[standard]>=0.12.0->fastapi==0.111.0->-r requirements.txt (line 3))
2025-08-23T16:00:20.3895992Z #35 10.58   Downloading uvloop-0.21.0-cp312-cp312-manylinux_2_17_x86_64.manylinux2014_x86_64.whl.metadata (4.9 kB)
2025-08-23T16:00:20.3897150Z #35 10.71 Collecting watchfiles>=0.13 (from uvicorn[standard]>=0.12.0->fastapi==0.111.0->-r requirements.txt (line 3))
2025-08-23T16:00:20.3898341Z #35 10.73   Downloading watchfiles-1.1.0-cp312-cp312-manylinux_2_17_x86_64.manylinux2014_x86_64.whl.metadata (4.9 kB)
2025-08-23T16:00:20.3899538Z #35 10.93 Collecting websockets>=10.4 (from uvicorn[standard]>=0.12.0->fastapi==0.111.0->-r requirements.txt (line 3))
2025-08-23T16:00:20.3900941Z #35 10.95   Downloading websockets-15.0.1-cp312-cp312-manylinux_2_5_x86_64.manylinux1_x86_64.manylinux_2_17_x86_64.manylinux2014_x86_64.whl.metadata (6.8 kB)
2025-08-23T16:00:20.3902724Z #35 10.99 Collecting wcwidth (from prompt-toolkit>=3.0.36->click-repl>=0.2.0->celery==5.3.*->-r requirements.txt (line 11))
2025-08-23T16:00:20.3936724Z #35 11.01   Downloading wcwidth-0.2.13-py2.py3-none-any.whl.metadata (14 kB)
2025-08-23T16:00:20.3937803Z #35 11.07 Collecting rich>=13.7.1 (from rich-toolkit>=0.14.8->fastapi-cli>=0.0.2->fastapi==0.111.0->-r requirements.txt (line 3))
2025-08-23T16:00:20.3938806Z #35 11.09   Downloading rich-14.1.0-py3-none-any.whl.metadata (18 kB)
2025-08-23T16:00:20.3939802Z #35 11.13 Collecting shellingham>=1.3.0 (from typer>=0.15.1->fastapi-cli>=0.0.2->fastapi==0.111.0->-r requirements.txt (line 3))
2025-08-23T16:00:20.3940881Z #35 11.15   Downloading shellingham-1.5.4-py2.py3-none-any.whl.metadata (3.5 kB)
2025-08-23T16:00:20.3942061Z #35 11.24 Collecting markdown-it-py>=2.2.0 (from rich>=13.7.1->rich-toolkit>=0.14.8->fastapi-cli>=0.0.2->fastapi==0.111.0->-r requirements.txt (line 3))
2025-08-23T16:00:20.3943413Z #35 11.26   Downloading markdown_it_py-4.0.0-py3-none-any.whl.metadata (7.3 kB)
2025-08-23T16:00:20.3944560Z #35 11.29 Collecting pygments<3.0.0,>=2.13.0 (from rich>=13.7.1->rich-toolkit>=0.14.8->fastapi-cli>=0.0.2->fastapi==0.111.0->-r requirements.txt (line 3))
2025-08-23T16:00:20.3945699Z #35 11.32   Downloading pygments-2.19.2-py3-none-any.whl.metadata (2.5 kB)
2025-08-23T16:00:20.3946868Z #35 11.33 Collecting mdurl~=0.1 (from markdown-it-py>=2.2.0->rich>=13.7.1->rich-toolkit>=0.14.8->fastapi-cli>=0.0.2->fastapi==0.111.0->-r requirements.txt (line 3))
2025-08-23T16:00:20.3948004Z #35 11.36   Downloading mdurl-0.1.2-py3-none-any.whl.metadata (1.6 kB)
2025-08-23T16:00:20.3948686Z #35 11.39 Downloading uvicorn-0.29.0-py3-none-any.whl (60 kB)
2025-08-23T16:00:20.3949364Z #35 11.41 Downloading pydantic_settings-2.2.1-py3-none-any.whl (13 kB)
2025-08-23T16:00:20.3950044Z #35 11.43 Downloading fastapi-0.111.0-py3-none-any.whl (91 kB)
2025-08-23T16:00:20.3951279Z #35 11.46 Downloading SQLAlchemy-2.0.29-cp312-cp312-manylinux_2_17_x86_64.manylinux2014_x86_64.whl (3.2 MB)
2025-08-23T16:00:20.3952540Z #35 11.53    ━━━━━━━━━━━━━━━━━━━━━━━━━━━━━━━━━━━━━━━━ 3.2/3.2 MB 57.5 MB/s eta 0:00:00
2025-08-23T16:00:20.3953397Z #35 11.55 Downloading alembic-1.13.1-py3-none-any.whl (233 kB)
2025-08-23T16:00:20.3954025Z #35 11.57 Downloading psycopg-3.2.9-py3-none-any.whl (202 kB)
2025-08-23T16:00:20.3954632Z #35 11.59 Downloading httpx-0.27.2-py3-none-any.whl (76 kB)
2025-08-23T16:00:20.3955474Z #35 11.62 Downloading asyncpg-0.29.0-cp312-cp312-manylinux_2_17_x86_64.manylinux2014_x86_64.whl (3.3 MB)
2025-08-23T16:00:20.3956512Z #35 11.64    ━━━━━━━━━━━━━━━━━━━━━━━━━━━━━━━━━━━━━━━━ 3.3/3.3 MB 357.0 MB/s eta 0:00:00
2025-08-23T16:00:20.3957118Z #35 11.66 Downloading boto3-1.34.162-py3-none-any.whl (139 kB)
2025-08-23T16:00:20.3957723Z #35 11.68 Downloading jinja2-3.1.5-py3-none-any.whl (134 kB)
2025-08-23T16:00:20.3958354Z #35 11.70 Downloading celery-5.3.6-py3-none-any.whl (422 kB)
2025-08-23T16:00:20.3958978Z #35 11.72 Downloading structlog-24.1.0-py3-none-any.whl (65 kB)
2025-08-23T16:00:20.3959936Z #35 11.74 Downloading asgi_correlation_id-4.3.1-py3-none-any.whl (15 kB)
2025-08-23T16:00:20.3960716Z #35 11.76 Downloading fastapi_limiter-0.1.6-py3-none-any.whl (15 kB)
2025-08-23T16:00:20.3961377Z #35 11.78 Downloading redis-5.0.8-py3-none-any.whl (255 kB)
2025-08-23T16:00:20.3962032Z #35 11.80 Downloading sentry_sdk-2.9.0-py2.py3-none-any.whl (301 kB)
2025-08-23T16:00:20.3962704Z #35 11.82 Downloading httpcore-1.0.9-py3-none-any.whl (78 kB)
2025-08-23T16:00:20.3963852Z #35 11.85 Downloading psycopg_binary-3.2.9-cp312-cp312-manylinux_2_17_x86_64.manylinux2014_x86_64.whl (4.4 MB)
2025-08-23T16:00:20.3964985Z #35 11.88    ━━━━━━━━━━━━━━━━━━━━━━━━━━━━━━━━━━━━━━━━ 4.4/4.4 MB 217.4 MB/s eta 0:00:00
2025-08-23T16:00:20.3965610Z #35 11.90 Downloading billiard-4.2.1-py3-none-any.whl (86 kB)
2025-08-23T16:00:20.3966264Z #35 11.94 Downloading botocore-1.34.162-py3-none-any.whl (12.5 MB)
2025-08-23T16:00:20.3967108Z #35 12.00    ━━━━━━━━━━━━━━━━━━━━━━━━━━━━━━━━━━━━━━━━ 12.5/12.5 MB 197.0 MB/s eta 0:00:00
2025-08-23T16:00:20.3967704Z #35 12.02 Downloading click-8.2.1-py3-none-any.whl (102 kB)
2025-08-23T16:00:20.3968360Z #35 12.04 Downloading click_didyoumean-0.3.1-py3-none-any.whl (3.6 kB)
2025-08-23T16:00:20.3969104Z #35 12.06 Downloading click_plugins-1.1.1.2-py2.py3-none-any.whl (11 kB)
2025-08-23T16:00:20.3969799Z #35 12.08 Downloading click_repl-0.3.0-py3-none-any.whl (10 kB)
2025-08-23T16:00:20.3970475Z #35 12.10 Downloading email_validator-2.2.0-py3-none-any.whl (33 kB)
2025-08-23T16:00:20.3971160Z #35 12.13 Downloading fastapi_cli-0.0.8-py3-none-any.whl (10 kB)
2025-08-23T16:00:20.3972024Z #35 12.15 Downloading greenlet-3.2.4-cp312-cp312-manylinux_2_24_x86_64.manylinux_2_28_x86_64.whl (607 kB)
2025-08-23T16:00:20.3973067Z #35 12.16    ━━━━━━━━━━━━━━━━━━━━━━━━━━━━━━━━━━━━━━━ 607.6/607.6 kB 398.7 MB/s eta 0:00:00
2025-08-23T16:00:20.3974075Z #35 12.18 Downloading h11-0.16.0-py3-none-any.whl (37 kB)
2025-08-23T16:00:20.3974644Z #35 12.20 Downloading idna-3.10-py3-none-any.whl (70 kB)
2025-08-23T16:00:20.3975253Z #35 12.22 Downloading jmespath-1.0.1-py3-none-any.whl (20 kB)
2025-08-23T16:00:20.3975875Z #35 12.24 Downloading kombu-5.5.4-py3-none-any.whl (210 kB)
2025-08-23T16:00:20.3976467Z #35 12.26 Downloading vine-5.1.0-py3-none-any.whl (9.6 kB)
2025-08-23T16:00:20.3977311Z #35 12.28 Downloading MarkupSafe-3.0.2-cp312-cp312-manylinux_2_17_x86_64.manylinux2014_x86_64.whl (23 kB)
2025-08-23T16:00:20.3978404Z #35 12.30 Downloading orjson-3.11.2-cp312-cp312-manylinux_2_17_x86_64.manylinux2014_x86_64.whl (121 kB)
2025-08-23T16:00:20.3979274Z #35 12.32 Downloading pydantic-2.11.7-py3-none-any.whl (444 kB)
2025-08-23T16:00:20.3980161Z #35 12.35 Downloading pydantic_core-2.33.2-cp312-cp312-manylinux_2_17_x86_64.manylinux2014_x86_64.whl (2.0 MB)
2025-08-23T16:00:20.3981247Z #35 12.36    ━━━━━━━━━━━━━━━━━━━━━━━━━━━━━━━━━━━━━━━━ 2.0/2.0 MB 399.2 MB/s eta 0:00:00
2025-08-23T16:00:20.3982005Z #35 12.38 Downloading python_dateutil-2.9.0.post0-py2.py3-none-any.whl (229 kB)
2025-08-23T16:00:20.3982799Z #35 12.40 Downloading python_dotenv-1.1.1-py3-none-any.whl (20 kB)
2025-08-23T16:00:20.3983701Z #35 12.42 Downloading python_multipart-0.0.20-py3-none-any.whl (24 kB)
2025-08-23T16:00:20.3984389Z #35 12.44 Downloading s3transfer-0.10.4-py3-none-any.whl (83 kB)
2025-08-23T16:00:20.3985041Z #35 12.46 Downloading starlette-0.37.2-py3-none-any.whl (71 kB)
2025-08-23T16:00:20.3985659Z #35 12.49 Downloading anyio-4.10.0-py3-none-any.whl (107 kB)
2025-08-23T16:00:20.3986245Z #35 12.51 Downloading sniffio-1.3.1-py3-none-any.whl (10 kB)
2025-08-23T16:00:20.3986928Z #35 12.53 Downloading typing_extensions-4.14.1-py3-none-any.whl (43 kB)
2025-08-23T16:00:20.3987627Z #35 12.55 Downloading tzdata-2025.2-py2.py3-none-any.whl (347 kB)
2025-08-23T16:00:20.3988473Z #35 12.57 Downloading ujson-5.11.0-cp312-cp312-manylinux_2_24_x86_64.manylinux_2_28_x86_64.whl (57 kB)
2025-08-23T16:00:20.3989317Z #35 12.59 Downloading urllib3-2.5.0-py3-none-any.whl (129 kB)
2025-08-23T16:00:20.3990164Z #35 12.62 Downloading certifi-2025.8.3-py3-none-any.whl (161 kB)
2025-08-23T16:00:20.3990801Z #35 12.64 Downloading mako-1.3.10-py3-none-any.whl (78 kB)
2025-08-23T16:00:20.3991369Z #35 12.66 Downloading amqp-5.3.1-py3-none-any.whl (50 kB)
2025-08-23T16:00:20.3992010Z #35 12.68 Downloading annotated_types-0.7.0-py3-none-any.whl (13 kB)
2025-08-23T16:00:20.3992690Z #35 12.70 Downloading dnspython-2.7.0-py3-none-any.whl (313 kB)
2025-08-23T16:00:20.4024124Z #35 12.72 Downloading httptools-0.6.4-cp312-cp312-manylinux_2_5_x86_64.manylinux1_x86_64.manylinux_2_17_x86_64.manylinux2014_x86_64.whl (510 kB)
2025-08-23T16:00:20.4025321Z #35 12.74 Downloading prompt_toolkit-3.0.51-py3-none-any.whl (387 kB)
2025-08-23T16:00:20.4026195Z #35 12.76 Downloading PyYAML-6.0.2-cp312-cp312-manylinux_2_17_x86_64.manylinux2014_x86_64.whl (767 kB)
2025-08-23T16:00:20.4027276Z #35 12.77    ━━━━━━━━━━━━━━━━━━━━━━━━━━━━━━━━━━━━━━━ 767.5/767.5 kB 349.8 MB/s eta 0:00:00
2025-08-23T16:00:20.4027931Z #35 12.79 Downloading rich_toolkit-0.15.0-py3-none-any.whl (29 kB)
2025-08-23T16:00:20.4028570Z #35 12.81 Downloading six-1.17.0-py2.py3-none-any.whl (11 kB)
2025-08-23T16:00:20.4029177Z #35 12.83 Downloading typer-0.16.1-py3-none-any.whl (46 kB)
2025-08-23T16:00:20.4029849Z #35 12.85 Downloading typing_inspection-0.4.1-py3-none-any.whl (14 kB)
2025-08-23T16:00:20.4030795Z #35 12.87 Downloading uvloop-0.21.0-cp312-cp312-manylinux_2_17_x86_64.manylinux2014_x86_64.whl (4.7 MB)
2025-08-23T16:00:20.4031830Z #35 12.89    ━━━━━━━━━━━━━━━━━━━━━━━━━━━━━━━━━━━━━━━━ 4.7/4.7 MB 244.6 MB/s eta 0:00:00
2025-08-23T16:00:20.4032706Z #35 12.92 Downloading watchfiles-1.1.0-cp312-cp312-manylinux_2_17_x86_64.manylinux2014_x86_64.whl (452 kB)
2025-08-23T16:00:20.4034315Z #35 12.94 Downloading websockets-15.0.1-cp312-cp312-manylinux_2_5_x86_64.manylinux1_x86_64.manylinux_2_17_x86_64.manylinux2014_x86_64.whl (182 kB)
2025-08-23T16:00:20.4035398Z #35 12.96 Downloading packaging-25.0-py3-none-any.whl (66 kB)
2025-08-23T16:00:20.4036295Z #35 12.98 Downloading rich-14.1.0-py3-none-any.whl (243 kB)
2025-08-23T16:00:20.4036963Z #35 13.00 Downloading shellingham-1.5.4-py2.py3-none-any.whl (9.8 kB)
2025-08-23T16:00:20.4037699Z #35 13.02 Downloading wcwidth-0.2.13-py2.py3-none-any.whl (34 kB)
2025-08-23T16:00:20.4038385Z #35 13.04 Downloading markdown_it_py-4.0.0-py3-none-any.whl (87 kB)
2025-08-23T16:00:20.4039031Z #35 13.06 Downloading pygments-2.19.2-py3-none-any.whl (1.2 MB)
2025-08-23T16:00:20.4039821Z #35 13.07    ━━━━━━━━━━━━━━━━━━━━━━━━━━━━━━━━━━━━━━━━ 1.2/1.2 MB 232.2 MB/s eta 0:00:00
2025-08-23T16:00:20.4040394Z #35 13.09 Downloading mdurl-0.1.2-py3-none-any.whl (10.0 kB)
2025-08-23T16:00:20.6429015Z #35 13.46 Installing collected packages: wcwidth, websockets, vine, uvloop, urllib3, ujson, tzdata, typing-extensions, structlog, sniffio, six, shellingham, redis, pyyaml, python-multipart, python-dotenv, pygments, psycopg-binary, prompt-toolkit, packaging, orjson, mdurl, MarkupSafe, jmespath, idna, httptools, h11, greenlet, dnspython, click, certifi, billiard, asyncpg, annotated-types, uvicorn, typing-inspection, sqlalchemy, sentry-sdk, python-dateutil, pydantic-core, psycopg, markdown-it-py, Mako, Jinja2, httpcore, email_validator, click-repl, click-plugins, click-didyoumean, anyio, amqp, watchfiles, starlette, rich, pydantic, kombu, httpx, botocore, alembic, typer, s3transfer, rich-toolkit, pydantic-settings, celery, asgi-correlation-id, fastapi-cli, boto3, fastapi, fastapi-limiter
2025-08-23T16:00:21.9138940Z #35 ...
2025-08-23T16:00:21.9143749Z 
2025-08-23T16:00:21.9144321Z #43 [postgres] exporting to image
2025-08-23T16:00:21.9144712Z #43 exporting layers 1.5s done
2025-08-23T16:00:21.9145362Z #43 writing image sha256:de3797f0033bcbafa7d412f1a299e81cf0432557199ccfec23668f78ee343c2d done
2025-08-23T16:00:21.9146132Z #43 naming to docker.io/library/awa-app-postgres done
2025-08-23T16:00:21.9146587Z #43 DONE 1.5s
2025-08-23T16:00:21.9146752Z 
2025-08-23T16:00:21.9147005Z #44 [postgres] resolving provenance for metadata file
2025-08-23T16:00:21.9147439Z #44 DONE 0.0s
2025-08-23T16:00:21.9966959Z 
2025-08-23T16:00:21.9971683Z #45 [fees_h10 stage-1 3/5] COPY --from=base /usr/local /usr/local
2025-08-23T16:00:21.9972800Z #45 DONE 2.3s
2025-08-23T16:00:21.9972986Z 
2025-08-23T16:00:21.9975565Z #36 [etl base 4/8] RUN if [ -n "" ] && [ -f "" ]; then         pip install -r requirements.txt -c "";     else         pip install -r requirements.txt;     fi
2025-08-23T16:00:21.9982121Z #36 13.37 Installing collected packages: wcwidth, pytz, wrapt, vine, urllib3, tzdata, typing-extensions, tqdm, six, pyyaml, python-dotenv, PyJWT, pycryptodome, psycopg2-binary, psycopg-binary, propcache, prompt-toolkit, packaging, numpy, mypy-extensions, multimethod, multidict, jmespath, idna, frozenlist, et-xmlfile, click, charset_normalizer, certifi, cachetools, billiard, attrs, annotated-types, aiohappyeyeballs, yarl, typing-inspection, typing-inspect, typeguard, sentry-sdk, requests, redis, python-dateutil, pydantic-core, psycopg, openpyxl, minio, confuse, click-repl, click-plugins, click-didyoumean, amqp, aiosignal, pydantic, pandas, kombu, botocore, aiohttp, s3transfer, pydantic-settings, pandera, keepa, celery, boto3, python-amazon-sp-api
2025-08-23T16:00:22.1668480Z #36 ...
2025-08-23T16:00:22.1669087Z 
2025-08-23T16:00:22.1669600Z #46 [fees_h10 stage-1 4/5] COPY --from=base /app /app
2025-08-23T16:00:22.1693965Z #46 DONE 0.0s
2025-08-23T16:00:22.1694458Z 
2025-08-23T16:00:22.1694896Z #47 [fees_h10 stage-1 5/5] RUN chmod +x ./start.sh
2025-08-23T16:00:22.1695637Z #47 DONE 0.1s
2025-08-23T16:00:22.3194608Z 
2025-08-23T16:00:22.3204040Z #48 [fees_h10] exporting to image
2025-08-23T16:00:23.4893697Z #48 exporting layers 1.3s done
2025-08-23T16:00:23.6635998Z #48 writing image sha256:02603abf2a18b16c7144ac02705f0fb8944e1659009f2bd2f7e36c6b763dc46a done
2025-08-23T16:00:23.6637333Z #48 naming to docker.io/library/awa-app-fees_h10 done
2025-08-23T16:00:23.6638034Z #48 DONE 1.3s
2025-08-23T16:00:23.6638650Z 
2025-08-23T16:00:23.6638863Z #49 [fees_h10] resolving provenance for metadata file
2025-08-23T16:00:23.6639326Z #49 DONE 0.0s
2025-08-23T16:00:23.6639503Z 
2025-08-23T16:00:23.6640047Z #36 [etl base 4/8] RUN if [ -n "" ] && [ -f "" ]; then         pip install -r requirements.txt -c "";     else         pip install -r requirements.txt;     fi
2025-08-23T16:00:27.9139910Z #36 ...
2025-08-23T16:00:27.9140146Z 
2025-08-23T16:00:27.9140477Z #35 [api base  4/13] RUN pip install --no-cache-dir -r requirements.txt
2025-08-23T16:00:27.9149260Z #35 20.90 Successfully installed Jinja2-3.1.5 Mako-1.3.10 MarkupSafe-3.0.2 alembic-1.13.1 amqp-5.3.1 annotated-types-0.7.0 anyio-4.10.0 asgi-correlation-id-4.3.1 asyncpg-0.29.0 billiard-4.2.1 boto3-1.34.162 botocore-1.34.162 celery-5.3.6 certifi-2025.8.3 click-8.2.1 click-didyoumean-0.3.1 click-plugins-1.1.1.2 click-repl-0.3.0 dnspython-2.7.0 email_validator-2.2.0 fastapi-0.111.0 fastapi-cli-0.0.8 fastapi-limiter-0.1.6 greenlet-3.2.4 h11-0.16.0 httpcore-1.0.9 httptools-0.6.4 httpx-0.27.2 idna-3.10 jmespath-1.0.1 kombu-5.5.4 markdown-it-py-4.0.0 mdurl-0.1.2 orjson-3.11.2 packaging-25.0 prompt-toolkit-3.0.51 psycopg-3.2.9 psycopg-binary-3.2.9 pydantic-2.11.7 pydantic-core-2.33.2 pydantic-settings-2.2.1 pygments-2.19.2 python-dateutil-2.9.0.post0 python-dotenv-1.1.1 python-multipart-0.0.20 pyyaml-6.0.2 redis-5.0.8 rich-14.1.0 rich-toolkit-0.15.0 s3transfer-0.10.4 sentry-sdk-2.9.0 shellingham-1.5.4 six-1.17.0 sniffio-1.3.1 sqlalchemy-2.0.29 starlette-0.37.2 structlog-24.1.0 typer-0.16.1 typing-extensions-4.14.1 typing-inspection-0.4.1 tzdata-2025.2 ujson-5.11.0 urllib3-2.5.0 uvicorn-0.29.0 uvloop-0.21.0 vine-5.1.0 watchfiles-1.1.0 wcwidth-0.2.13 websockets-15.0.1
2025-08-23T16:00:28.1641777Z #35 20.90 WARNING: Running pip as the 'root' user can result in broken permissions and conflicting behaviour with the system package manager, possibly rendering your system unusable. It is recommended to use a virtual environment instead: https://pip.pypa.io/warnings/venv. Use the --root-user-action option if you know what you are doing and want to suppress this warning.
2025-08-23T16:00:28.1645444Z #35 21.00 
2025-08-23T16:00:28.1646330Z #35 21.00 [notice] A new release of pip is available: 25.0.1 -> 25.2
2025-08-23T16:00:28.1647009Z #35 21.00 [notice] To update, run: pip install --upgrade pip
2025-08-23T16:00:28.6310928Z #35 DONE 21.6s
2025-08-23T16:00:28.6311204Z 
2025-08-23T16:00:28.6311881Z #36 [etl base 4/8] RUN if [ -n "" ] && [ -f "" ]; then         pip install -r requirements.txt -c "";     else         pip install -r requirements.txt;     fi
2025-08-23T16:00:28.8677352Z #36 ...
2025-08-23T16:00:28.8677602Z 
2025-08-23T16:00:28.8677840Z #50 [api base  5/13] COPY services/api/ ./services/api
2025-08-23T16:00:28.8678311Z #50 DONE 0.0s
2025-08-23T16:00:28.8678483Z 
2025-08-23T16:00:28.8678684Z #51 [api base  6/13] COPY services/common/ ./services/common
2025-08-23T16:00:28.8679129Z #51 DONE 0.0s
2025-08-23T16:00:28.8679300Z 
2025-08-23T16:00:28.8679512Z #52 [api base  7/13] COPY services/ingest/ ./services/ingest
2025-08-23T16:00:28.8680016Z #52 DONE 0.0s
2025-08-23T16:00:28.8680178Z 
2025-08-23T16:00:28.8680373Z #53 [api base  8/13] COPY services/etl/ ./services/etl
2025-08-23T16:00:28.8680792Z #53 DONE 0.0s
2025-08-23T16:00:28.8680945Z 
2025-08-23T16:00:28.8681085Z #54 [api base  9/13] COPY api/ ./api
2025-08-23T16:00:28.8681451Z #54 DONE 0.0s
2025-08-23T16:00:28.8681603Z 
2025-08-23T16:00:28.8681820Z #55 [api base 10/13] COPY services/api/alembic.ini ./alembic.ini
2025-08-23T16:00:28.8682287Z #55 DONE 0.0s
2025-08-23T16:00:28.8682442Z 
2025-08-23T16:00:28.8682590Z #56 [api base 11/13] COPY alembic/ ./alembic/
2025-08-23T16:00:28.8682981Z #56 DONE 0.0s
2025-08-23T16:00:28.8683131Z 
2025-08-23T16:00:28.8683578Z #57 [api base 12/13] COPY services/api/entrypoint.sh ./entrypoint.sh
2025-08-23T16:00:28.8684077Z #57 DONE 0.0s
2025-08-23T16:00:28.8684251Z 
2025-08-23T16:00:28.8684423Z #58 [api base 13/13] RUN chmod +x ./entrypoint.sh
2025-08-23T16:00:28.8684845Z #58 DONE 0.1s
2025-08-23T16:00:29.0175442Z 
2025-08-23T16:00:29.0176591Z #36 [etl base 4/8] RUN if [ -n "" ] && [ -f "" ]; then         pip install -r requirements.txt -c "";     else         pip install -r requirements.txt;     fi
2025-08-23T16:00:29.9303728Z #36 ...
2025-08-23T16:00:29.9304144Z 
2025-08-23T16:00:29.9304601Z #59 [api stage-1 4/6] COPY --from=base /usr/local /usr/local
2025-08-23T16:00:32.0690589Z #59 DONE 2.1s
2025-08-23T16:00:32.0691219Z 
2025-08-23T16:00:32.0692245Z #36 [etl base 4/8] RUN if [ -n "" ] && [ -f "" ]; then         pip install -r requirements.txt -c "";     else         pip install -r requirements.txt;     fi
2025-08-23T16:00:32.2291860Z #36 ...
2025-08-23T16:00:32.2292313Z 
2025-08-23T16:00:32.2292934Z #60 [api stage-1 5/6] COPY --from=base /app /app
2025-08-23T16:00:32.2294032Z #60 DONE 0.0s
2025-08-23T16:00:32.2300557Z 
2025-08-23T16:00:32.2300824Z #61 [api stage-1 6/6] RUN chmod +x /app/entrypoint.sh
2025-08-23T16:00:32.2301309Z #61 DONE 0.1s
2025-08-23T16:00:32.3819036Z 
2025-08-23T16:00:32.3819883Z #62 [api] exporting to image
2025-08-23T16:00:32.3820626Z #62 exporting layers
2025-08-23T16:00:33.9486583Z #62 ...
2025-08-23T16:00:33.9486854Z 
2025-08-23T16:00:33.9487492Z #36 [etl base 4/8] RUN if [ -n "" ] && [ -f "" ]; then         pip install -r requirements.txt -c "";     else         pip install -r requirements.txt;     fi
2025-08-23T16:00:33.9490073Z #36 26.13 WARNING: Running pip as the 'root' user can result in broken permissions and conflicting behaviour with the system package manager, possibly rendering your system unusable. It is recommended to use a virtual environment instead: https://pip.pypa.io/warnings/venv. Use the --root-user-action option if you know what you are doing and want to suppress this warning.
2025-08-23T16:00:33.9505496Z #36 26.14 Successfully installed PyJWT-2.10.1 aiohappyeyeballs-2.6.1 aiohttp-3.12.15 aiosignal-1.4.0 amqp-5.3.1 annotated-types-0.7.0 attrs-25.3.0 billiard-4.2.1 boto3-1.40.16 botocore-1.40.16 cachetools-4.2.4 celery-5.3.6 certifi-2025.8.3 charset_normalizer-3.4.3 click-8.2.1 click-didyoumean-0.3.1 click-plugins-1.1.1.2 click-repl-0.3.0 confuse-1.4.0 et-xmlfile-2.0.0 frozenlist-1.7.0 idna-3.10 jmespath-1.0.1 keepa-1.3.14 kombu-5.5.4 minio-7.1.15 multidict-6.6.4 multimethod-1.10 mypy-extensions-1.1.0 numpy-1.26.4 openpyxl-3.1.5 packaging-25.0 pandas-2.2.3 pandera-0.19.3 prompt-toolkit-3.0.51 propcache-0.3.2 psycopg-3.2.9 psycopg-binary-3.2.9 psycopg2-binary-2.9.10 pycryptodome-3.23.0 pydantic-2.11.7 pydantic-core-2.33.2 pydantic-settings-2.2.1 python-amazon-sp-api-0.8.0 python-dateutil-2.9.0.post0 python-dotenv-1.1.1 pytz-2025.2 pyyaml-6.0.2 redis-5.3.1 requests-2.32.5 s3transfer-0.13.1 sentry-sdk-2.9.0 six-1.17.0 tqdm-4.67.1 typeguard-4.4.4 typing-extensions-4.14.1 typing-inspect-0.9.0 typing-inspection-0.4.1 tzdata-2025.2 urllib3-2.5.0 vine-5.1.0 wcwidth-0.2.13 wrapt-1.17.3 yarl-1.20.1
2025-08-23T16:00:33.9511602Z #36 26.24 
2025-08-23T16:00:33.9512031Z #36 26.24 [notice] A new release of pip is available: 25.0.1 -> 25.2
2025-08-23T16:00:33.9512633Z #36 26.24 [notice] To update, run: pip install --upgrade pip
2025-08-23T16:00:33.9513131Z #36 DONE 26.7s
2025-08-23T16:00:33.9513467Z 
2025-08-23T16:00:33.9513754Z #63 [celery_worker base 5/8] COPY services/common/ ./services/common
2025-08-23T16:00:33.9514279Z #63 DONE 0.0s
2025-08-23T16:00:33.9514456Z 
2025-08-23T16:00:33.9514671Z #64 [etl base 6/8] COPY services/ingest/ ./services/ingest
2025-08-23T16:00:33.9515138Z #64 DONE 0.0s
2025-08-23T16:00:33.9515322Z 
2025-08-23T16:00:33.9515508Z #65 [etl base 7/8] COPY services/etl/ ./services/etl
2025-08-23T16:00:33.9515956Z #65 DONE 0.0s
2025-08-23T16:00:34.0987223Z 
2025-08-23T16:00:34.0988029Z #66 [celery_worker base 8/8] RUN chmod +x services/etl/wait-for-it.sh services/etl/entrypoint.sh
2025-08-23T16:00:34.0988749Z #66 DONE 0.1s
2025-08-23T16:00:34.0988916Z 
2025-08-23T16:00:34.0989064Z #62 [api] exporting to image
2025-08-23T16:00:34.5495340Z #62 exporting layers 2.3s done
2025-08-23T16:00:34.7274625Z #62 writing image sha256:688e2a0aff45936cb97ef1f80c9d13d83d720f1ffbacec1c486076f8c26a48f6 done
2025-08-23T16:00:34.7276323Z #62 naming to docker.io/library/awa-app-api done
2025-08-23T16:00:34.7276919Z #62 DONE 2.3s
2025-08-23T16:00:34.7277112Z 
2025-08-23T16:00:34.7277301Z #67 [api] resolving provenance for metadata file
2025-08-23T16:00:34.7277728Z #67 DONE 0.0s
2025-08-23T16:00:35.3627213Z 
2025-08-23T16:00:35.3628772Z #68 [celery_worker stage-1 3/5] COPY --from=base /usr/local /usr/local
2025-08-23T16:00:38.1116761Z #68 DONE 2.6s
2025-08-23T16:00:38.1117038Z 
2025-08-23T16:00:38.1117321Z #69 [celery_worker stage-1 4/5] COPY --from=base /app /app
2025-08-23T16:00:38.1117918Z #69 DONE 0.0s
2025-08-23T16:00:38.1118111Z 
2025-08-23T16:00:38.1119476Z #70 [etl stage-1 5/5] RUN set -eux;     if [ -f /etc/apt/sources.list ]; then         sed -i 's|http://deb.debian.org|https://deb.debian.org|g' /etc/apt/sources.list;     fi;     apt-get update;     apt-get install -y --no-install-recommends tzdata;     rm -rf /var/lib/apt/lists/*
2025-08-23T16:00:38.1120819Z #70 0.116 + [ -f /etc/apt/sources.list ]
2025-08-23T16:00:38.1121162Z #70 0.116 + apt-get update
2025-08-23T16:00:38.2236383Z #70 0.184 Hit:1 http://deb.debian.org/debian trixie InRelease
2025-08-23T16:00:38.2237142Z #70 0.194 Get:2 http://deb.debian.org/debian trixie-updates InRelease [47.1 kB]
2025-08-23T16:00:38.3775518Z #70 0.228 Get:3 http://deb.debian.org/debian-security trixie-security InRelease [43.4 kB]
2025-08-23T16:00:38.3776425Z #70 0.250 Get:4 http://deb.debian.org/debian trixie/main amd64 Packages [9668 kB]
2025-08-23T16:00:38.3777234Z #70 0.382 Get:5 http://deb.debian.org/debian trixie-updates/main amd64 Packages [2432 B]
2025-08-23T16:00:38.5455904Z #70 0.399 Get:6 http://deb.debian.org/debian-security trixie-security/main amd64 Packages [23.9 kB]
2025-08-23T16:00:39.1524825Z #70 1.006 Fetched 9784 kB in 1s (11.3 MB/s)
2025-08-23T16:00:39.4382131Z #70 1.006 Reading package lists...
2025-08-23T16:00:39.6066181Z #70 1.452 + apt-get install -y --no-install-recommends tzdata
2025-08-23T16:00:40.0244109Z #70 1.461 Reading package lists...
2025-08-23T16:00:40.0244594Z #70 1.907 Building dependency tree...
2025-08-23T16:00:40.1570986Z #70 2.029 Reading state information...
2025-08-23T16:00:40.3240126Z #70 2.161 tzdata is already the newest version (2025b-4).
2025-08-23T16:00:40.3241167Z #70 2.161 0 upgraded, 0 newly installed, 0 to remove and 0 not upgraded.
2025-08-23T16:00:40.3245170Z #70 2.162 + rm -rf /var/lib/apt/lists/auxfiles /var/lib/apt/lists/deb.debian.org_debian-security_dists_trixie-security_InRelease /var/lib/apt/lists/deb.debian.org_debian-security_dists_trixie-security_main_binary-amd64_Packages.lz4 /var/lib/apt/lists/deb.debian.org_debian_dists_trixie-updates_InRelease /var/lib/apt/lists/deb.debian.org_debian_dists_trixie-updates_main_binary-amd64_Packages.lz4 /var/lib/apt/lists/deb.debian.org_debian_dists_trixie_InRelease /var/lib/apt/lists/deb.debian.org_debian_dists_trixie_main_binary-amd64_Packages.lz4 /var/lib/apt/lists/lock /var/lib/apt/lists/partial
2025-08-23T16:00:40.3249035Z #70 DONE 2.2s
2025-08-23T16:00:40.3249340Z 
2025-08-23T16:00:40.3249589Z #71 [celery_worker] exporting to image
2025-08-23T16:00:40.3250099Z #71 exporting layers
2025-08-23T16:00:42.4392384Z #71 exporting layers 2.3s done
2025-08-23T16:00:42.4747646Z #71 writing image sha256:4a3b102b927df06efbe06b26af5090afc5caf1e6c758d562a724c343359dddf1 done
2025-08-23T16:00:42.4748487Z #71 naming to docker.io/library/awa-app-celery_worker done
2025-08-23T16:00:42.4748970Z #71 DONE 2.3s
2025-08-23T16:00:42.4749146Z 
2025-08-23T16:00:42.4749289Z #72 [etl] exporting to image
2025-08-23T16:00:42.4749651Z #72 exporting layers 2.3s done
2025-08-23T16:00:42.4750291Z #72 writing image sha256:4a3b102b927df06efbe06b26af5090afc5caf1e6c758d562a724c343359dddf1 done
2025-08-23T16:00:42.4751052Z #72 naming to docker.io/library/awa-app-etl done
2025-08-23T16:00:42.4751461Z #72 DONE 2.3s
2025-08-23T16:00:42.4751628Z 
2025-08-23T16:00:42.4751796Z #73 [etl] resolving provenance for metadata file
2025-08-23T16:00:42.4752206Z #73 DONE 0.0s
2025-08-23T16:00:42.4752363Z 
2025-08-23T16:00:42.4752828Z #74 [celery_worker] resolving provenance for metadata file
2025-08-23T16:00:42.4753465Z #74 DONE 0.0s
2025-08-23T16:00:42.4753742Z  api  Built
2025-08-23T16:00:42.4754013Z  celery_worker  Built
2025-08-23T16:00:42.4754312Z  postgres  Built
2025-08-23T16:00:42.4754589Z  fees_h10  Built
2025-08-23T16:00:42.4754845Z  etl  Built
2025-08-23T16:00:42.4819017Z ##[group]Run export COMPOSE_DOCKER_CLI_BUILD=1 DOCKER_BUILDKIT=1
2025-08-23T16:00:42.4819476Z [36;1mexport COMPOSE_DOCKER_CLI_BUILD=1 DOCKER_BUILDKIT=1[0m
2025-08-23T16:00:42.4819792Z [36;1mdocker compose \[0m
2025-08-23T16:00:42.4820013Z [36;1m  -f docker-compose.yml \[0m
2025-08-23T16:00:42.4820254Z [36;1m  -f docker-compose.ci.yml \[0m
2025-08-23T16:00:42.4820522Z [36;1m  -f docker-compose.postgres.yml \[0m
2025-08-23T16:00:42.4820768Z [36;1m  pull[0m
2025-08-23T16:00:42.4863000Z shell: /usr/bin/bash -e {0}
2025-08-23T16:00:42.4863617Z env:
2025-08-23T16:00:42.4863842Z   GITHUB_SHA: 4f3172d3313a0f4e178c8add750af619610c31d4
2025-08-23T16:00:42.4864139Z   PG_USER: postgres
2025-08-23T16:00:42.4864321Z   PG_PASSWORD: pass
2025-08-23T16:00:42.4864512Z   PG_DATABASE: awa
2025-08-23T16:00:42.4864681Z   PG_HOST: postgres
2025-08-23T16:00:42.4864850Z   PG_PORT: 5432
2025-08-23T16:00:42.4865430Z   PG_SYNC_DSN: ***postgres:5432/awa
2025-08-23T16:00:42.4865971Z   PG_ASYNC_DSN: ***postgres:5432/awa
2025-08-23T16:00:42.4866632Z   DATABASE_URL: ***postgres:5432/awa
2025-08-23T16:00:42.4866893Z   DATA_DIR: /tmp/awa-data
2025-08-23T16:00:42.4867102Z   ENABLE_LIVE: 0
2025-08-23T16:00:42.4867273Z   TESTING: 1
2025-08-23T16:00:42.4867438Z   POSTGRES_USER: postgres
2025-08-23T16:00:42.4867647Z   POSTGRES_PASSWORD: pass
2025-08-23T16:00:42.4867837Z   POSTGRES_DB: awa
2025-08-23T16:00:42.4868013Z ##[endgroup]
2025-08-23T16:00:42.6009492Z  postgres Skipped - No image to be pulled 
2025-08-23T16:00:42.6010573Z  celery_worker Skipped - No image to be pulled 
2025-08-23T16:00:42.6011086Z  api Skipped - No image to be pulled 
2025-08-23T16:00:42.6011439Z  minio Pulling 
2025-08-23T16:00:42.6011763Z  redis Pulling 
2025-08-23T16:00:42.6012031Z  fees_h10 Skipped - No image to be pulled 
2025-08-23T16:00:42.6012313Z  etl Skipped - No image to be pulled 
2025-08-23T16:00:43.1592982Z  0368fd46e3c6 Pulling fs layer 
2025-08-23T16:00:43.1593723Z  4c55286bbede Pulling fs layer 
2025-08-23T16:00:43.1594216Z  5e28347af205 Pulling fs layer 
2025-08-23T16:00:43.1594739Z  311eca34042e Pulling fs layer 
2025-08-23T16:00:43.1595266Z  e6fe6f07e192 Pulling fs layer 
2025-08-23T16:00:43.1595826Z  a2cadbfeca72 Pulling fs layer 
2025-08-23T16:00:43.1596327Z  4f4fb700ef54 Pulling fs layer 
2025-08-23T16:00:43.1596792Z  a976ed7e7808 Pulling fs layer 
2025-08-23T16:00:43.1597071Z  e6fe6f07e192 Waiting 
2025-08-23T16:00:43.1597351Z  a976ed7e7808 Waiting 
2025-08-23T16:00:43.1597702Z  a2cadbfeca72 Waiting 
2025-08-23T16:00:43.1597952Z  4f4fb700ef54 Waiting 
2025-08-23T16:00:43.1598200Z  311eca34042e Waiting 
2025-08-23T16:00:43.1937889Z  dd15713b0f22 Pulling fs layer 
2025-08-23T16:00:43.1938310Z  fd312a3c94fc Pulling fs layer 
2025-08-23T16:00:43.1938676Z  02e05d20c69e Pulling fs layer 
2025-08-23T16:00:43.1939038Z  1f08d9fb7d7d Pulling fs layer 
2025-08-23T16:00:43.1939389Z  b452b5fb7338 Pulling fs layer 
2025-08-23T16:00:43.1939743Z  e14ab7c7ae26 Pulling fs layer 
2025-08-23T16:00:43.1940110Z  3bf7f4428838 Pulling fs layer 
2025-08-23T16:00:43.1940460Z  adc9ba906e83 Pulling fs layer 
2025-08-23T16:00:43.1940818Z  1611ffcaf8be Pulling fs layer 
2025-08-23T16:00:43.1941165Z  dd15713b0f22 Waiting 
2025-08-23T16:00:43.1941474Z  fd312a3c94fc Waiting 
2025-08-23T16:00:43.1941768Z  02e05d20c69e Waiting 
2025-08-23T16:00:43.1942063Z  1f08d9fb7d7d Waiting 
2025-08-23T16:00:43.1942350Z  b452b5fb7338 Waiting 
2025-08-23T16:00:43.1942659Z  e14ab7c7ae26 Waiting 
2025-08-23T16:00:43.1942936Z  3bf7f4428838 Waiting 
2025-08-23T16:00:43.1943130Z  1611ffcaf8be Waiting 
2025-08-23T16:00:43.1943554Z  adc9ba906e83 Waiting 
2025-08-23T16:00:43.2858919Z  4c55286bbede Downloading [=================================================> ]     935B/950B
2025-08-23T16:00:43.2861282Z  4c55286bbede Downloading [==================================================>]     950B/950B
2025-08-23T16:00:43.2862087Z  4c55286bbede Verifying Checksum 
2025-08-23T16:00:43.2862596Z  4c55286bbede Download complete 
2025-08-23T16:00:43.2982116Z  5e28347af205 Downloading [>                                                  ]  2.301kB/173.2kB
2025-08-23T16:00:43.3009802Z  0368fd46e3c6 Downloading [>                                                  ]  37.72kB/3.638MB
2025-08-23T16:00:43.3018804Z  5e28347af205 Verifying Checksum 
2025-08-23T16:00:43.3019268Z  5e28347af205 Download complete 
2025-08-23T16:00:43.3302331Z  0368fd46e3c6 Verifying Checksum 
2025-08-23T16:00:43.3302959Z  0368fd46e3c6 Download complete 
2025-08-23T16:00:43.3309853Z  0368fd46e3c6 Extracting [>                                                  ]  65.54kB/3.638MB
2025-08-23T16:00:43.4134423Z  0368fd46e3c6 Extracting [==================================================>]  3.638MB/3.638MB
2025-08-23T16:00:43.4322823Z  0368fd46e3c6 Pull complete 
2025-08-23T16:00:43.4333531Z  4c55286bbede Extracting [==================================================>]     950B/950B
2025-08-23T16:00:43.4337286Z  4c55286bbede Extracting [==================================================>]     950B/950B
2025-08-23T16:00:43.4515429Z  e6fe6f07e192 Downloading [>                                                  ]  127.4kB/12.41MB
2025-08-23T16:00:43.4559818Z  4c55286bbede Pull complete 
2025-08-23T16:00:43.4570280Z  5e28347af205 Extracting [=========>                                         ]  32.77kB/173.2kB
2025-08-23T16:00:43.4587037Z  5e28347af205 Extracting [==================================================>]  173.2kB/173.2kB
2025-08-23T16:00:43.4622171Z  a2cadbfeca72 Downloading [==================================================>]      99B/99B
2025-08-23T16:00:43.4624552Z  a2cadbfeca72 Verifying Checksum 
2025-08-23T16:00:43.4624962Z  a2cadbfeca72 Download complete 
2025-08-23T16:00:43.4842602Z  5e28347af205 Extracting [==================================================>]  173.2kB/173.2kB
2025-08-23T16:00:43.5505633Z  e6fe6f07e192 Downloading [===========================>                       ]  6.716MB/12.41MB
2025-08-23T16:00:43.5768997Z  4f4fb700ef54 Downloading [==================================================>]      32B/32B
2025-08-23T16:00:43.5771245Z  4f4fb700ef54 Verifying Checksum 
2025-08-23T16:00:43.5772313Z  4f4fb700ef54 Download complete 
2025-08-23T16:00:43.5977026Z  5e28347af205 Pull complete 
2025-08-23T16:00:43.6548294Z  e6fe6f07e192 Downloading [===============================================>   ]  11.74MB/12.41MB
2025-08-23T16:00:43.6599613Z  e6fe6f07e192 Verifying Checksum 
2025-08-23T16:00:43.6600185Z  e6fe6f07e192 Download complete 
2025-08-23T16:00:43.7009103Z  a976ed7e7808 Downloading [==================================================>]     574B/574B
2025-08-23T16:00:43.7009870Z  a976ed7e7808 Verifying Checksum 
2025-08-23T16:00:43.7010349Z  a976ed7e7808 Download complete 
2025-08-23T16:00:43.7883901Z  dd15713b0f22 Downloading [>                                                  ]  75.88kB/7.24MB
2025-08-23T16:00:43.8016293Z  311eca34042e Downloading [>                                                  ]  10.51kB/1.003MB
2025-08-23T16:00:43.8288754Z  fd312a3c94fc Downloading [>                                                  ]  17.36kB/1.637MB
2025-08-23T16:00:43.8390488Z  fd312a3c94fc Verifying Checksum 
2025-08-23T16:00:43.8390926Z  fd312a3c94fc Download complete 
2025-08-23T16:00:43.8891270Z  dd15713b0f22 Downloading [=================>                                 ]  2.522MB/7.24MB
2025-08-23T16:00:43.9078722Z  311eca34042e Downloading [===>                                               ]  78.49kB/1.003MB
2025-08-23T16:00:43.9557642Z  02e05d20c69e Downloading [>                                                  ]  2.304kB/122.7kB
2025-08-23T16:00:43.9570148Z  dd15713b0f22 Verifying Checksum 
2025-08-23T16:00:43.9571199Z  dd15713b0f22 Download complete 
2025-08-23T16:00:43.9576804Z  02e05d20c69e Downloading [==================================================>]  122.7kB/122.7kB
2025-08-23T16:00:43.9578735Z  02e05d20c69e Verifying Checksum 
2025-08-23T16:00:43.9580013Z  02e05d20c69e Download complete 
2025-08-23T16:00:43.9581091Z  dd15713b0f22 Extracting [>                                                  ]   98.3kB/7.24MB
2025-08-23T16:00:44.0147801Z  311eca34042e Downloading [========>                                          ]  164.1kB/1.003MB
2025-08-23T16:00:44.0595405Z  dd15713b0f22 Extracting [===================>                               ]  2.753MB/7.24MB
2025-08-23T16:00:44.0785099Z  b452b5fb7338 Downloading [>                                                  ]  115.2kB/11.19MB
2025-08-23T16:00:44.1196377Z  311eca34042e Downloading [=============>                                     ]  270.3kB/1.003MB
2025-08-23T16:00:44.1617658Z  dd15713b0f22 Extracting [============================================>      ]  6.488MB/7.24MB
2025-08-23T16:00:44.1859550Z  b452b5fb7338 Downloading [===========>                                       ]  2.472MB/11.19MB
2025-08-23T16:00:44.1881758Z  dd15713b0f22 Extracting [==================================================>]   7.24MB/7.24MB
2025-08-23T16:00:44.1974485Z  dd15713b0f22 Pull complete 
2025-08-23T16:00:44.1986738Z  fd312a3c94fc Extracting [=>                                                 ]  32.77kB/1.637MB
2025-08-23T16:00:44.2243860Z  1f08d9fb7d7d Downloading [>                                                  ]  397.4kB/39.39MB
2025-08-23T16:00:44.2261161Z  311eca34042e Downloading [=============================>                     ]    598kB/1.003MB
2025-08-23T16:00:44.2427036Z  fd312a3c94fc Extracting [==================================================>]  1.637MB/1.637MB
2025-08-23T16:00:44.2680850Z  311eca34042e Downloading [==================================================>]  1.003MB/1.003MB
2025-08-23T16:00:44.2681498Z  311eca34042e Verifying Checksum 
2025-08-23T16:00:44.2681846Z  311eca34042e Download complete 
2025-08-23T16:00:44.2697441Z  311eca34042e Extracting [=>                                                 ]  32.77kB/1.003MB
2025-08-23T16:00:44.2888131Z  b452b5fb7338 Downloading [=======================>                           ]  5.356MB/11.19MB
2025-08-23T16:00:44.3031290Z  311eca34042e Extracting [==================================================>]  1.003MB/1.003MB
2025-08-23T16:00:44.3033158Z  311eca34042e Extracting [==================================================>]  1.003MB/1.003MB
2025-08-23T16:00:44.3096072Z  fd312a3c94fc Pull complete 
2025-08-23T16:00:44.3109411Z  02e05d20c69e Extracting [=============>                                     ]  32.77kB/122.7kB
2025-08-23T16:00:44.3147776Z  311eca34042e Pull complete 
2025-08-23T16:00:44.3169501Z  02e05d20c69e Extracting [==================================================>]  122.7kB/122.7kB
2025-08-23T16:00:44.3171587Z  e6fe6f07e192 Extracting [>                                                  ]  131.1kB/12.41MB
2025-08-23T16:00:44.3250550Z  02e05d20c69e Pull complete 
2025-08-23T16:00:44.3252520Z  1f08d9fb7d7d Downloading [====================>                              ]  16.52MB/39.39MB
2025-08-23T16:00:44.3268207Z  b452b5fb7338 Verifying Checksum 
2025-08-23T16:00:44.3268992Z  b452b5fb7338 Download complete 
2025-08-23T16:00:44.4035821Z  e14ab7c7ae26 Downloading [>                                                  ]   24.2kB/2.402MB
2025-08-23T16:00:44.4171478Z  e14ab7c7ae26 Download complete 
2025-08-23T16:00:44.4183582Z  e6fe6f07e192 Extracting [========================>                          ]   6.16MB/12.41MB
2025-08-23T16:00:44.4272635Z  1f08d9fb7d7d Downloading [=================================>                 ]  26.19MB/39.39MB
2025-08-23T16:00:44.4966266Z  e6fe6f07e192 Extracting [==================================================>]  12.41MB/12.41MB
2025-08-23T16:00:44.5221284Z  e6fe6f07e192 Pull complete 
2025-08-23T16:00:44.5232145Z  a2cadbfeca72 Extracting [==================================================>]      99B/99B
2025-08-23T16:00:44.5237462Z  a2cadbfeca72 Extracting [==================================================>]      99B/99B
2025-08-23T16:00:44.5302823Z  1f08d9fb7d7d Downloading [========================================>          ]  31.83MB/39.39MB
2025-08-23T16:00:44.5318204Z  a2cadbfeca72 Pull complete 
2025-08-23T16:00:44.5325705Z  adc9ba906e83 Downloading [===>                                               ]     933B/11.88kB
2025-08-23T16:00:44.5330152Z  adc9ba906e83 Downloading [==================================================>]  11.88kB/11.88kB
2025-08-23T16:00:44.5331805Z  adc9ba906e83 Verifying Checksum 
2025-08-23T16:00:44.5332146Z  adc9ba906e83 Download complete 
2025-08-23T16:00:44.5339290Z  4f4fb700ef54 Extracting [==================================================>]      32B/32B
2025-08-23T16:00:44.5342566Z  4f4fb700ef54 Extracting [==================================================>]      32B/32B
2025-08-23T16:00:44.5413522Z  4f4fb700ef54 Pull complete 
2025-08-23T16:00:44.5424812Z  a976ed7e7808 Extracting [==================================================>]     574B/574B
2025-08-23T16:00:44.5427361Z  a976ed7e7808 Extracting [==================================================>]     574B/574B
2025-08-23T16:00:44.5508597Z  a976ed7e7808 Pull complete 
2025-08-23T16:00:44.5568001Z  redis Pulled 
2025-08-23T16:00:44.6316044Z  1f08d9fb7d7d Downloading [============================================>      ]  35.44MB/39.39MB
2025-08-23T16:00:44.6725470Z  1611ffcaf8be Downloading [==================================================>]     498B/498B
2025-08-23T16:00:44.6726019Z  1611ffcaf8be Download complete 
2025-08-23T16:00:44.6839838Z  1f08d9fb7d7d Verifying Checksum 
2025-08-23T16:00:44.6840334Z  1f08d9fb7d7d Download complete 
2025-08-23T16:00:44.6908455Z  1f08d9fb7d7d Extracting [>                                                  ]    426kB/39.39MB
2025-08-23T16:00:44.7973427Z  1f08d9fb7d7d Extracting [===========>                                       ]  9.372MB/39.39MB
2025-08-23T16:00:44.8077152Z  3bf7f4428838 Downloading [>                                                  ]  2.301kB/180.3kB
2025-08-23T16:00:44.8984598Z  1f08d9fb7d7d Extracting [=====================>                             ]  17.04MB/39.39MB
2025-08-23T16:00:44.9477155Z  3bf7f4428838 Downloading [=========================================>         ]  147.9kB/180.3kB
2025-08-23T16:00:44.9973025Z  3bf7f4428838 Downloading [==================================================>]  180.3kB/180.3kB
2025-08-23T16:00:44.9974268Z  3bf7f4428838 Verifying Checksum 
2025-08-23T16:00:44.9974849Z  3bf7f4428838 Download complete 
2025-08-23T16:00:45.0037672Z  1f08d9fb7d7d Extracting [=====================================>             ]  29.82MB/39.39MB
2025-08-23T16:00:45.1067119Z  1f08d9fb7d7d Extracting [================================================>  ]  37.91MB/39.39MB
2025-08-23T16:00:45.1235959Z  1f08d9fb7d7d Extracting [==================================================>]  39.39MB/39.39MB
2025-08-23T16:00:45.1586008Z  1f08d9fb7d7d Pull complete 
2025-08-23T16:00:45.1607482Z  b452b5fb7338 Extracting [>                                                  ]  131.1kB/11.19MB
2025-08-23T16:00:45.2614448Z  b452b5fb7338 Extracting [===================================>               ]  7.995MB/11.19MB
2025-08-23T16:00:45.2934075Z  b452b5fb7338 Extracting [==================================================>]  11.19MB/11.19MB
2025-08-23T16:00:45.3076287Z  b452b5fb7338 Pull complete 
2025-08-23T16:00:45.3088614Z  e14ab7c7ae26 Extracting [>                                                  ]  32.77kB/2.402MB
2025-08-23T16:00:45.3356839Z  e14ab7c7ae26 Extracting [==================================================>]  2.402MB/2.402MB
2025-08-23T16:00:45.3441498Z  e14ab7c7ae26 Pull complete 
2025-08-23T16:00:45.3452951Z  3bf7f4428838 Extracting [=========>                                         ]  32.77kB/180.3kB
2025-08-23T16:00:45.3498446Z  3bf7f4428838 Extracting [==================================================>]  180.3kB/180.3kB
2025-08-23T16:00:45.3513751Z  3bf7f4428838 Extracting [==================================================>]  180.3kB/180.3kB
2025-08-23T16:00:45.3590023Z  3bf7f4428838 Pull complete 
2025-08-23T16:00:45.3601303Z  adc9ba906e83 Extracting [==================================================>]  11.88kB/11.88kB
2025-08-23T16:00:45.3604790Z  adc9ba906e83 Extracting [==================================================>]  11.88kB/11.88kB
2025-08-23T16:00:45.3669335Z  adc9ba906e83 Pull complete 
2025-08-23T16:00:45.3683596Z  1611ffcaf8be Extracting [==================================================>]     498B/498B
2025-08-23T16:00:45.3685358Z  1611ffcaf8be Extracting [==================================================>]     498B/498B
2025-08-23T16:00:45.3756493Z  1611ffcaf8be Pull complete 
2025-08-23T16:00:45.3811650Z  minio Pulled 
2025-08-23T16:00:45.3902294Z ##[group]Run export COMPOSE_DOCKER_CLI_BUILD=1 DOCKER_BUILDKIT=1
2025-08-23T16:00:45.3902766Z [36;1mexport COMPOSE_DOCKER_CLI_BUILD=1 DOCKER_BUILDKIT=1[0m
2025-08-23T16:00:45.3903095Z [36;1mdocker compose \[0m
2025-08-23T16:00:45.3903742Z [36;1m  -f docker-compose.yml \[0m
2025-08-23T16:00:45.3903999Z [36;1m  -f docker-compose.ci.yml \[0m
2025-08-23T16:00:45.3904283Z [36;1m  -f docker-compose.postgres.yml \[0m
2025-08-23T16:00:45.3904564Z [36;1m  up -d --wait --no-build --pull always[0m
2025-08-23T16:00:45.3946716Z shell: /usr/bin/bash -e {0}
2025-08-23T16:00:45.3946947Z env:
2025-08-23T16:00:45.3947158Z   GITHUB_SHA: 4f3172d3313a0f4e178c8add750af619610c31d4
2025-08-23T16:00:45.3947449Z   PG_USER: postgres
2025-08-23T16:00:45.3947643Z   PG_PASSWORD: pass
2025-08-23T16:00:45.3947830Z   PG_DATABASE: awa
2025-08-23T16:00:45.3948006Z   PG_HOST: postgres
2025-08-23T16:00:45.3948187Z   PG_PORT: 5432
2025-08-23T16:00:45.3948691Z   PG_SYNC_DSN: ***postgres:5432/awa
2025-08-23T16:00:45.3949196Z   PG_ASYNC_DSN: ***postgres:5432/awa
2025-08-23T16:00:45.3949594Z   DATABASE_URL: ***postgres:5432/awa
2025-08-23T16:00:45.3949832Z   DATA_DIR: /tmp/awa-data
2025-08-23T16:00:45.3950028Z   ENABLE_LIVE: 0
2025-08-23T16:00:45.3950210Z   TESTING: 1
2025-08-23T16:00:45.3950385Z   POSTGRES_USER: postgres
2025-08-23T16:00:45.3950592Z   POSTGRES_PASSWORD: pass
2025-08-23T16:00:45.3950785Z   POSTGRES_DB: awa
2025-08-23T16:00:45.3950963Z ##[endgroup]
2025-08-23T16:00:45.5158217Z  minio Pulling 
2025-08-23T16:00:45.5159192Z  redis Pulling 
2025-08-23T16:00:45.8183076Z  minio Pulled 
2025-08-23T16:00:45.8348093Z  redis Pulled 
2025-08-23T16:00:45.8364665Z  Network awa-app_awa-net  Creating
2025-08-23T16:00:45.8697493Z  Network awa-app_awa-net  Created
2025-08-23T16:00:45.8743740Z  Volume "awa-app_awa-data"  Creating
2025-08-23T16:00:45.8756484Z  Volume "awa-app_awa-data"  Created
2025-08-23T16:00:45.8760172Z  Volume "awa-app_miniodata"  Creating
2025-08-23T16:00:45.8767843Z  Volume "awa-app_miniodata"  Created
2025-08-23T16:00:45.8770660Z  Volume "awa-app_awa-pgdata"  Creating
2025-08-23T16:00:45.8777594Z  Volume "awa-app_awa-pgdata"  Created
2025-08-23T16:00:45.8783741Z  Container awa-app-redis-1  Creating
2025-08-23T16:00:45.8784249Z  Container awa-app-minio-1  Creating
2025-08-23T16:00:45.8785631Z  Container awa-app-postgres-1  Creating
2025-08-23T16:00:45.9049364Z  Container awa-app-postgres-1  Created
2025-08-23T16:00:45.9050250Z  Container awa-app-minio-1  Created
2025-08-23T16:00:45.9052221Z  Container awa-app-redis-1  Created
2025-08-23T16:00:45.9052822Z  Container awa-app-etl-1  Creating
2025-08-23T16:00:45.9053568Z  Container awa-app-celery_worker-1  Creating
2025-08-23T16:00:45.9065819Z  Container awa-app-fees_h10-1  Creating
2025-08-23T16:00:45.9067057Z  Container awa-app-api-1  Creating
2025-08-23T16:00:45.9264834Z  Container awa-app-fees_h10-1  Created
2025-08-23T16:00:45.9265324Z  Container awa-app-etl-1  Created
2025-08-23T16:00:45.9274858Z  Container awa-app-api-1  Created
2025-08-23T16:00:45.9295518Z  Container awa-app-celery_worker-1  Created
2025-08-23T16:00:45.9315363Z  Container awa-app-redis-1  Starting
2025-08-23T16:00:45.9316371Z  Container awa-app-minio-1  Starting
2025-08-23T16:00:45.9318575Z  Container awa-app-postgres-1  Starting
2025-08-23T16:00:46.2416710Z  Container awa-app-redis-1  Started
2025-08-23T16:00:46.2497451Z  Container awa-app-postgres-1  Started
2025-08-23T16:00:46.2498522Z  Container awa-app-postgres-1  Waiting
2025-08-23T16:00:46.2499017Z  Container awa-app-redis-1  Waiting
2025-08-23T16:00:46.2499697Z  Container awa-app-postgres-1  Waiting
2025-08-23T16:00:46.2500268Z  Container awa-app-postgres-1  Waiting
2025-08-23T16:00:46.2560390Z  Container awa-app-minio-1  Started
2025-08-23T16:00:46.2561617Z  Container awa-app-postgres-1  Waiting
2025-08-23T16:00:51.7516067Z  Container awa-app-redis-1  Healthy
2025-08-23T16:00:51.7517061Z  Container awa-app-postgres-1  Healthy
2025-08-23T16:00:51.7518109Z  Container awa-app-postgres-1  Healthy
2025-08-23T16:00:51.7524319Z  Container awa-app-fees_h10-1  Starting
2025-08-23T16:00:51.7524836Z  Container awa-app-api-1  Starting
2025-08-23T16:00:51.7525252Z  Container awa-app-postgres-1  Healthy
2025-08-23T16:00:51.7525674Z  Container awa-app-celery_worker-1  Starting
2025-08-23T16:00:51.7613944Z  Container awa-app-postgres-1  Healthy
2025-08-23T16:00:51.7615968Z  Container awa-app-etl-1  Starting
2025-08-23T16:00:51.9506173Z  Container awa-app-celery_worker-1  Started
2025-08-23T16:00:51.9596205Z  Container awa-app-etl-1  Started
2025-08-23T16:00:51.9785410Z  Container awa-app-fees_h10-1  Started
2025-08-23T16:00:51.9856924Z  Container awa-app-api-1  Started
2025-08-23T16:00:51.9858786Z  Container awa-app-minio-1  Waiting
2025-08-23T16:00:51.9860451Z  Container awa-app-postgres-1  Waiting
2025-08-23T16:00:51.9861543Z  Container awa-app-celery_worker-1  Waiting
2025-08-23T16:00:51.9862189Z  Container awa-app-fees_h10-1  Waiting
2025-08-23T16:00:51.9873525Z  Container awa-app-redis-1  Waiting
2025-08-23T16:00:51.9874498Z  Container awa-app-etl-1  Waiting
2025-08-23T16:00:51.9875877Z  Container awa-app-api-1  Waiting
2025-08-23T16:00:52.4926386Z  Container awa-app-postgres-1  Healthy
2025-08-23T16:00:52.4927001Z  Container awa-app-redis-1  Healthy
2025-08-23T16:00:52.4927471Z  Container awa-app-minio-1  Healthy
2025-08-23T16:00:57.4876328Z  Container awa-app-etl-1  Healthy
2025-08-23T16:01:22.4881259Z  Container awa-app-fees_h10-1  Healthy
2025-08-23T16:02:56.4879350Z container awa-app-api-1 exited (1)
2025-08-23T16:02:56.4928828Z ##[error]Process completed with exit code 1.
2025-08-23T16:02:56.4989729Z ##[group]Run export COMPOSE_DOCKER_CLI_BUILD=1
2025-08-23T16:02:56.4990072Z [36;1mexport COMPOSE_DOCKER_CLI_BUILD=1[0m
2025-08-23T16:02:56.4990329Z [36;1mexport DOCKER_BUILDKIT=1[0m
2025-08-23T16:02:56.4990572Z [36;1mdocker compose logs > logs.txt[0m
2025-08-23T16:02:56.5030472Z shell: /usr/bin/bash -e {0}
2025-08-23T16:02:56.5030688Z env:
2025-08-23T16:02:56.5030901Z   GITHUB_SHA: 4f3172d3313a0f4e178c8add750af619610c31d4
2025-08-23T16:02:56.5031171Z   PG_USER: postgres
2025-08-23T16:02:56.5031364Z   PG_PASSWORD: pass
2025-08-23T16:02:56.5031544Z   PG_DATABASE: awa
2025-08-23T16:02:56.5031718Z   PG_HOST: postgres
2025-08-23T16:02:56.5031885Z   PG_PORT: 5432
2025-08-23T16:02:56.5032319Z   PG_SYNC_DSN: ***postgres:5432/awa
2025-08-23T16:02:56.5032695Z   PG_ASYNC_DSN: ***postgres:5432/awa
2025-08-23T16:02:56.5033061Z   DATABASE_URL: ***postgres:5432/awa
2025-08-23T16:02:56.5033388Z   DATA_DIR: /tmp/awa-data
2025-08-23T16:02:56.5033582Z   ENABLE_LIVE: 0
2025-08-23T16:02:56.5033786Z   TESTING: 1
2025-08-23T16:02:56.5033949Z   POSTGRES_USER: postgres
2025-08-23T16:02:56.5034155Z   POSTGRES_PASSWORD: pass
2025-08-23T16:02:56.5034343Z   POSTGRES_DB: awa
2025-08-23T16:02:56.5034516Z ##[endgroup]
2025-08-23T16:02:56.6265257Z ##[group]Run actions/upload-artifact@v4
2025-08-23T16:02:56.6265561Z with:
2025-08-23T16:02:56.6265734Z   name: docker-logs
2025-08-23T16:02:56.6265924Z   path: logs.txt
2025-08-23T16:02:56.6266112Z   if-no-files-found: warn
2025-08-23T16:02:56.6266320Z   compression-level: 6
2025-08-23T16:02:56.6266502Z   overwrite: false
2025-08-23T16:02:56.6266700Z   include-hidden-files: false
2025-08-23T16:02:56.6266908Z env:
2025-08-23T16:02:56.6267369Z   GITHUB_SHA: 4f3172d3313a0f4e178c8add750af619610c31d4
2025-08-23T16:02:56.6267646Z   PG_USER: postgres
2025-08-23T16:02:56.6267828Z   PG_PASSWORD: pass
2025-08-23T16:02:56.6268005Z   PG_DATABASE: awa
2025-08-23T16:02:56.6268170Z   PG_HOST: postgres
2025-08-23T16:02:56.6268341Z   PG_PORT: 5432
2025-08-23T16:02:56.6268799Z   PG_SYNC_DSN: ***postgres:5432/awa
2025-08-23T16:02:56.6269177Z   PG_ASYNC_DSN: ***postgres:5432/awa
2025-08-23T16:02:56.6269536Z   DATABASE_URL: ***postgres:5432/awa
2025-08-23T16:02:56.6269762Z   DATA_DIR: /tmp/awa-data
2025-08-23T16:02:56.6270008Z   ENABLE_LIVE: 0
2025-08-23T16:02:56.6270172Z   TESTING: 1
2025-08-23T16:02:56.6270346Z   POSTGRES_USER: postgres
2025-08-23T16:02:56.6270542Z   POSTGRES_PASSWORD: pass
2025-08-23T16:02:56.6270741Z   POSTGRES_DB: awa
2025-08-23T16:02:56.6270908Z ##[endgroup]
2025-08-23T16:02:56.8507677Z With the provided path, there will be 1 file uploaded
2025-08-23T16:02:56.8513526Z Artifact name is valid!
2025-08-23T16:02:56.8514719Z Root directory input is valid!
2025-08-23T16:02:56.9878272Z Beginning upload of artifact content to blob storage
2025-08-23T16:02:57.1127477Z Uploaded bytes 4170
2025-08-23T16:02:57.1475433Z Finished uploading artifact content to blob storage!
2025-08-23T16:02:57.1478751Z SHA256 digest of uploaded artifact zip is 28c8081012fe219b3d6ec9e46f300894c9dc31513b53859514543c9c1ddf529b
2025-08-23T16:02:57.1480509Z Finalizing artifact upload
2025-08-23T16:02:57.2221182Z Artifact docker-logs.zip successfully finalized. Artifact ID 3835055537
2025-08-23T16:02:57.2222827Z Artifact docker-logs has been successfully uploaded! Final size is 4170 bytes. Artifact ID is 3835055537
2025-08-23T16:02:57.2234589Z Artifact download URL: https://github.com/AlexBomber12/AWA-App/actions/runs/17177369319/artifacts/3835055537
2025-08-23T16:02:57.2393764Z Post job cleanup.
2025-08-23T16:02:57.3227980Z [command]/usr/bin/git version
2025-08-23T16:02:57.3264497Z git version 2.51.0
2025-08-23T16:02:57.3301194Z Temporarily overriding HOME='/home/runner/work/_temp/64a4ba82-c374-4228-a11f-60d9f75974fb' before making global git config changes
2025-08-23T16:02:57.3302482Z Adding repository directory to the temporary git global config as a safe directory
2025-08-23T16:02:57.3307268Z [command]/usr/bin/git config --global --add safe.directory /home/runner/work/AWA-App/AWA-App
2025-08-23T16:02:57.3342506Z [command]/usr/bin/git config --local --name-only --get-regexp core\.sshCommand
2025-08-23T16:02:57.3373884Z [command]/usr/bin/git submodule foreach --recursive sh -c "git config --local --name-only --get-regexp 'core\.sshCommand' && git config --local --unset-all 'core.sshCommand' || :"
2025-08-23T16:02:57.3594428Z [command]/usr/bin/git config --local --name-only --get-regexp http\.https\:\/\/github\.com\/\.extraheader
2025-08-23T16:02:57.3615974Z http.https://github.com/.extraheader
2025-08-23T16:02:57.3625749Z [command]/usr/bin/git config --local --unset-all http.https://github.com/.extraheader
2025-08-23T16:02:57.3655487Z [command]/usr/bin/git submodule foreach --recursive sh -c "git config --local --name-only --get-regexp 'http\.https\:\/\/github\.com\/\.extraheader' && git config --local --unset-all 'http.https://github.com/.extraheader' || :"
2025-08-23T16:02:57.3983077Z Cleaning up orphan processes
