2025-08-20T17:53:45.2304000Z Current runner version: '2.328.0'
2025-08-20T17:53:45.2339380Z ##[group]Runner Image Provisioner
2025-08-20T17:53:45.2340870Z Hosted Compute Agent
2025-08-20T17:53:45.2341901Z Version: 20250818.377
2025-08-20T17:53:45.2343016Z Commit: 3c593e9f75fe0b87e893bca80d6e12ba089c61fc
2025-08-20T17:53:45.2344275Z Build Date: 2025-08-18T14:52:18Z
2025-08-20T17:53:45.2345391Z ##[endgroup]
2025-08-20T17:53:45.2346327Z ##[group]Operating System
2025-08-20T17:53:45.2347302Z Ubuntu
2025-08-20T17:53:45.2348330Z 24.04.2
2025-08-20T17:53:45.2349116Z LTS
2025-08-20T17:53:45.2349895Z ##[endgroup]
2025-08-20T17:53:45.2350937Z ##[group]Runner Image
2025-08-20T17:53:45.2351898Z Image: ubuntu-24.04
2025-08-20T17:53:45.2352650Z Version: 20250810.1.0
2025-08-20T17:53:45.2354332Z Included Software: https://github.com/actions/runner-images/blob/ubuntu24/20250810.1/images/ubuntu/Ubuntu2404-Readme.md
2025-08-20T17:53:45.2356809Z Image Release: https://github.com/actions/runner-images/releases/tag/ubuntu24%2F20250810.1
2025-08-20T17:53:45.2358492Z ##[endgroup]
2025-08-20T17:53:45.2362704Z ##[group]GITHUB_TOKEN Permissions
2025-08-20T17:53:45.2365691Z Actions: write
2025-08-20T17:53:45.2366750Z Attestations: write
2025-08-20T17:53:45.2367735Z Checks: write
2025-08-20T17:53:45.2368510Z Contents: write
2025-08-20T17:53:45.2369519Z Deployments: write
2025-08-20T17:53:45.2370685Z Discussions: write
2025-08-20T17:53:45.2371611Z Issues: write
2025-08-20T17:53:45.2372656Z Metadata: read
2025-08-20T17:53:45.2373429Z Models: read
2025-08-20T17:53:45.2374216Z Packages: write
2025-08-20T17:53:45.2375081Z Pages: write
2025-08-20T17:53:45.2375971Z PullRequests: write
2025-08-20T17:53:45.2376933Z RepositoryProjects: write
2025-08-20T17:53:45.2378216Z SecurityEvents: write
2025-08-20T17:53:45.2379316Z Statuses: write
2025-08-20T17:53:45.2380508Z ##[endgroup]
2025-08-20T17:53:45.2383406Z Secret source: Actions
2025-08-20T17:53:45.2385292Z Prepare workflow directory
2025-08-20T17:53:45.2728369Z Prepare all required actions
2025-08-20T17:53:45.2767555Z Getting action download info
2025-08-20T17:53:45.6131543Z Download action repository 'actions/checkout@v4' (SHA:08eba0b27e820071cde6df949e0beb9ba4906955)
2025-08-20T17:53:46.2203459Z Download action repository 'actions/upload-artifact@v4' (SHA:ea165f8d65b6e75b540449e92b4886f43607fa02)
2025-08-20T17:53:46.4082543Z Complete job name: compose-health
2025-08-20T17:53:46.4768355Z ##[group]Run actions/checkout@v4
2025-08-20T17:53:46.4769177Z with:
2025-08-20T17:53:46.4769613Z   repository: AlexBomber12/AWA-App
2025-08-20T17:53:46.4770476Z   token: ***
2025-08-20T17:53:46.4770918Z   ssh-strict: true
2025-08-20T17:53:46.4771354Z   ssh-user: git
2025-08-20T17:53:46.4771768Z   persist-credentials: true
2025-08-20T17:53:46.4772207Z   clean: true
2025-08-20T17:53:46.4772611Z   sparse-checkout-cone-mode: true
2025-08-20T17:53:46.4773081Z   fetch-depth: 1
2025-08-20T17:53:46.4773459Z   fetch-tags: false
2025-08-20T17:53:46.4773862Z   show-progress: true
2025-08-20T17:53:46.4774261Z   lfs: false
2025-08-20T17:53:46.4774636Z   submodules: false
2025-08-20T17:53:46.4775055Z   set-safe-directory: true
2025-08-20T17:53:46.4775732Z ##[endgroup]
2025-08-20T17:53:46.5834491Z Syncing repository: AlexBomber12/AWA-App
2025-08-20T17:53:46.5836300Z ##[group]Getting Git version info
2025-08-20T17:53:46.5836983Z Working directory is '/home/runner/work/AWA-App/AWA-App'
2025-08-20T17:53:46.5837955Z [command]/usr/bin/git version
2025-08-20T17:53:46.5908082Z git version 2.50.1
2025-08-20T17:53:46.5934638Z ##[endgroup]
2025-08-20T17:53:46.5951168Z Temporarily overriding HOME='/home/runner/work/_temp/0a29342b-faf4-4be2-8fcb-c9a998d16b41' before making global git config changes
2025-08-20T17:53:46.5953543Z Adding repository directory to the temporary git global config as a safe directory
2025-08-20T17:53:46.5965292Z [command]/usr/bin/git config --global --add safe.directory /home/runner/work/AWA-App/AWA-App
2025-08-20T17:53:46.6001654Z Deleting the contents of '/home/runner/work/AWA-App/AWA-App'
2025-08-20T17:53:46.6005535Z ##[group]Initializing the repository
2025-08-20T17:53:46.6010587Z [command]/usr/bin/git init /home/runner/work/AWA-App/AWA-App
2025-08-20T17:53:46.6100719Z hint: Using 'master' as the name for the initial branch. This default branch name
2025-08-20T17:53:46.6102165Z hint: is subject to change. To configure the initial branch name to use in all
2025-08-20T17:53:46.6103152Z hint: of your new repositories, which will suppress this warning, call:
2025-08-20T17:53:46.6104340Z hint:
2025-08-20T17:53:46.6104856Z hint: 	git config --global init.defaultBranch <name>
2025-08-20T17:53:46.6105529Z hint:
2025-08-20T17:53:46.6106478Z hint: Names commonly chosen instead of 'master' are 'main', 'trunk' and
2025-08-20T17:53:46.6108078Z hint: 'development'. The just-created branch can be renamed via this command:
2025-08-20T17:53:46.6109357Z hint:
2025-08-20T17:53:46.6110047Z hint: 	git branch -m <name>
2025-08-20T17:53:46.6111103Z hint:
2025-08-20T17:53:46.6112155Z hint: Disable this message with "git config set advice.defaultBranchName false"
2025-08-20T17:53:46.6113816Z Initialized empty Git repository in /home/runner/work/AWA-App/AWA-App/.git/
2025-08-20T17:53:46.6118332Z [command]/usr/bin/git remote add origin https://github.com/AlexBomber12/AWA-App
2025-08-20T17:53:46.6151766Z ##[endgroup]
2025-08-20T17:53:46.6152968Z ##[group]Disabling automatic garbage collection
2025-08-20T17:53:46.6156634Z [command]/usr/bin/git config --local gc.auto 0
2025-08-20T17:53:46.6185271Z ##[endgroup]
2025-08-20T17:53:46.6186458Z ##[group]Setting up auth
2025-08-20T17:53:46.6192794Z [command]/usr/bin/git config --local --name-only --get-regexp core\.sshCommand
2025-08-20T17:53:46.6223168Z [command]/usr/bin/git submodule foreach --recursive sh -c "git config --local --name-only --get-regexp 'core\.sshCommand' && git config --local --unset-all 'core.sshCommand' || :"
2025-08-20T17:53:46.6528548Z [command]/usr/bin/git config --local --name-only --get-regexp http\.https\:\/\/github\.com\/\.extraheader
2025-08-20T17:53:46.6558541Z [command]/usr/bin/git submodule foreach --recursive sh -c "git config --local --name-only --get-regexp 'http\.https\:\/\/github\.com\/\.extraheader' && git config --local --unset-all 'http.https://github.com/.extraheader' || :"
2025-08-20T17:53:46.6773831Z [command]/usr/bin/git config --local http.https://github.com/.extraheader AUTHORIZATION: basic ***
2025-08-20T17:53:46.6807664Z ##[endgroup]
2025-08-20T17:53:46.6808977Z ##[group]Fetching the repository
2025-08-20T17:53:46.6817335Z [command]/usr/bin/git -c protocol.version=2 fetch --no-tags --prune --no-recurse-submodules --depth=1 origin +52815a4c933c789fa928907de12b0d6ff4e3f45c:refs/remotes/origin/main
2025-08-20T17:53:47.1310762Z From https://github.com/AlexBomber12/AWA-App
2025-08-20T17:53:47.1311634Z  * [new ref]         52815a4c933c789fa928907de12b0d6ff4e3f45c -> origin/main
2025-08-20T17:53:47.1334362Z ##[endgroup]
2025-08-20T17:53:47.1334903Z ##[group]Determining the checkout info
2025-08-20T17:53:47.1337374Z ##[endgroup]
2025-08-20T17:53:47.1343212Z [command]/usr/bin/git sparse-checkout disable
2025-08-20T17:53:47.1382563Z [command]/usr/bin/git config --local --unset-all extensions.worktreeConfig
2025-08-20T17:53:47.1409608Z ##[group]Checking out the ref
2025-08-20T17:53:47.1413949Z [command]/usr/bin/git checkout --progress --force -B main refs/remotes/origin/main
2025-08-20T17:53:47.1751275Z Switched to a new branch 'main'
2025-08-20T17:53:47.1754213Z branch 'main' set up to track 'origin/main'.
2025-08-20T17:53:47.1760634Z ##[endgroup]
2025-08-20T17:53:47.1792919Z [command]/usr/bin/git log -1 --format=%H
2025-08-20T17:53:47.1814332Z 52815a4c933c789fa928907de12b0d6ff4e3f45c
2025-08-20T17:53:47.2000426Z ##[group]Run echo "GITHUB_SHA=${GITHUB_SHA}" >> "$GITHUB_ENV"
2025-08-20T17:53:47.2001208Z [36;1mecho "GITHUB_SHA=${GITHUB_SHA}" >> "$GITHUB_ENV"[0m
2025-08-20T17:53:47.2077396Z shell: /usr/bin/bash -e {0}
2025-08-20T17:53:47.2077876Z ##[endgroup]
2025-08-20T17:53:47.2197036Z ##[group]Run export COMPOSE_DOCKER_CLI_BUILD=1 DOCKER_BUILDKIT=1
2025-08-20T17:53:47.2197833Z [36;1mexport COMPOSE_DOCKER_CLI_BUILD=1 DOCKER_BUILDKIT=1[0m
2025-08-20T17:53:47.2198541Z [36;1mdocker compose \[0m
2025-08-20T17:53:47.2198975Z [36;1m  -f docker-compose.yml \[0m
2025-08-20T17:53:47.2199448Z [36;1m  -f docker-compose.ci.yml \[0m
2025-08-20T17:53:47.2199913Z [36;1m  -f docker-compose.postgres.yml \[0m
2025-08-20T17:53:47.2200692Z [36;1m  build --progress plain[0m
2025-08-20T17:53:47.2237795Z shell: /usr/bin/bash -e {0}
2025-08-20T17:53:47.2238193Z env:
2025-08-20T17:53:47.2238574Z   GITHUB_SHA: 52815a4c933c789fa928907de12b0d6ff4e3f45c
2025-08-20T17:53:47.2239015Z ##[endgroup]
2025-08-20T17:53:50.1103265Z --progress is a global compose flag, better use `docker compose --progress xx build ...
2025-08-20T17:53:53.0534917Z #1 [internal] load local bake definitions
2025-08-20T17:53:53.2037301Z #1 reading from stdin 1.88kB done
2025-08-20T17:53:53.2038115Z #1 DONE 0.0s
2025-08-20T17:53:53.5109413Z 
2025-08-20T17:53:53.5110261Z #2 [fees_h10 internal] load build definition from Dockerfile
2025-08-20T17:53:53.5111019Z #2 transferring dockerfile: 962B done
2025-08-20T17:53:53.5111596Z #2 DONE 0.0s
2025-08-20T17:53:53.5111853Z 
2025-08-20T17:53:53.5112109Z #3 [etl internal] load build definition from Dockerfile
2025-08-20T17:53:53.5112763Z #3 transferring dockerfile: 1.15kB done
2025-08-20T17:53:53.5113257Z #3 DONE 0.0s
2025-08-20T17:53:53.5113469Z 
2025-08-20T17:53:53.5113777Z #4 [postgres internal] load build definition from Dockerfile
2025-08-20T17:53:53.5114410Z #4 transferring dockerfile: 807B done
2025-08-20T17:53:53.5114908Z #4 DONE 0.1s
2025-08-20T17:53:53.5115114Z 
2025-08-20T17:53:53.5115367Z #5 [api internal] load build definition from Dockerfile
2025-08-20T17:53:53.5115980Z #5 transferring dockerfile: 1.48kB done
2025-08-20T17:53:53.5116572Z #5 DONE 0.1s
2025-08-20T17:53:53.5116813Z 
2025-08-20T17:53:53.5117146Z #6 [auth] library/postgres:pull token for registry-1.docker.io
2025-08-20T17:53:53.6665228Z #6 DONE 0.0s
2025-08-20T17:53:53.6665487Z 
2025-08-20T17:53:53.6665940Z #7 [auth] docker/dockerfile:pull token for registry-1.docker.io
2025-08-20T17:53:53.6666785Z #7 DONE 0.0s
2025-08-20T17:53:53.6667011Z 
2025-08-20T17:53:53.6667812Z #8 [api] resolve image config for docker-image://docker.io/docker/dockerfile:1.6
2025-08-20T17:53:54.0817866Z #8 ...
2025-08-20T17:53:54.0818173Z 
2025-08-20T17:53:54.0818557Z #9 [postgres internal] load metadata for docker.io/library/postgres:16
2025-08-20T17:53:54.0819223Z #9 DONE 0.7s
2025-08-20T17:53:54.2031992Z 
2025-08-20T17:53:54.2032601Z #10 [postgres internal] load .dockerignore
2025-08-20T17:53:54.2033147Z #10 transferring context: 265B done
2025-08-20T17:53:54.2033554Z #10 DONE 0.0s
2025-08-20T17:53:54.2033738Z 
2025-08-20T17:53:54.2033904Z #11 [postgres internal] load build context
2025-08-20T17:53:54.2034387Z #11 transferring context: 582B done
2025-08-20T17:53:54.2034776Z #11 DONE 0.0s
2025-08-20T17:53:54.2034950Z 
2025-08-20T17:53:54.2035324Z #8 [fees_h10] resolve image config for docker-image://docker.io/docker/dockerfile:1.6
2025-08-20T17:53:54.2035861Z #8 DONE 0.8s
2025-08-20T17:53:54.2035990Z 
2025-08-20T17:53:54.2036513Z #12 [celery_worker] docker-image://docker.io/docker/dockerfile:1.6@sha256:ac85f380a63b13dfcefa89046420e1781752bab202122f8f50032edf31be0021
2025-08-20T17:53:54.2037522Z #12 resolve docker.io/docker/dockerfile:1.6@sha256:ac85f380a63b13dfcefa89046420e1781752bab202122f8f50032edf31be0021 done
2025-08-20T17:53:54.3035588Z #12 sha256:657fcc512c7369f4cb3d94ea329150f8daf626bc838b1a1e81f1834c73ecc77e 482B / 482B done
2025-08-20T17:53:54.3036779Z #12 sha256:a17ee7fff8f5e97b974f5b48f51647d2cf28d543f2aa6c11aaa0ea431b44bb89 1.27kB / 1.27kB done
2025-08-20T17:53:54.3037950Z #12 sha256:ac85f380a63b13dfcefa89046420e1781752bab202122f8f50032edf31be0021 8.40kB / 8.40kB done
2025-08-20T17:53:55.0826499Z #12 sha256:9d9c93f4b00be908ab694a4df732570bced3b8a96b7515d70ff93402179ad232 0B / 11.80MB 0.9s
2025-08-20T17:53:55.3032604Z #12 sha256:9d9c93f4b00be908ab694a4df732570bced3b8a96b7515d70ff93402179ad232 11.80MB / 11.80MB 1.1s done
2025-08-20T17:53:55.3033833Z #12 extracting sha256:9d9c93f4b00be908ab694a4df732570bced3b8a96b7515d70ff93402179ad232
2025-08-20T17:53:55.4062996Z #12 extracting sha256:9d9c93f4b00be908ab694a4df732570bced3b8a96b7515d70ff93402179ad232 0.1s done
2025-08-20T17:53:55.4064214Z #12 DONE 1.2s
2025-08-20T17:53:55.4064520Z 
2025-08-20T17:53:55.4065239Z #13 [postgres 1/6] FROM docker.io/library/postgres:16@sha256:66a5efb5677ffac1037774a0e141fd3a4c035c9c0c0e624c9cc980dfa10f45e5
2025-08-20T17:53:55.4067678Z #13 resolve docker.io/library/postgres:16@sha256:66a5efb5677ffac1037774a0e141fd3a4c035c9c0c0e624c9cc980dfa10f45e5 done
2025-08-20T17:53:55.4068766Z #13 sha256:66a5efb5677ffac1037774a0e141fd3a4c035c9c0c0e624c9cc980dfa10f45e5 10.24kB / 10.24kB done
2025-08-20T17:53:55.4069746Z #13 sha256:7f09385d08f9e8f578f9dad57582fff30d6ca3ef0f4d66ab5e1bf92c88862341 6.44MB / 6.44MB 0.2s done
2025-08-20T17:53:55.4070950Z #13 sha256:4b802c5161ddfa2ae4beac272c4e24aa5e162a20451c8489cbb952a88507732f 9.89kB / 9.89kB done
2025-08-20T17:53:55.4071934Z #13 sha256:396b1da7636e2dcd10565cb4f2f952cbb4a8a38b58d3b86a2cacb172fb70117c 29.77MB / 29.77MB 0.6s done
2025-08-20T17:53:55.4072950Z #13 sha256:fb850b0e3049060bf4eb46c8806d7ceea916d67e5cc56d6b295511e27463e56b 1.17kB / 1.17kB 0.2s done
2025-08-20T17:53:55.4073906Z #13 sha256:3084fa1fadd59e7633ec56d318f1e4de01be744f446c5c35df7cd801fbc34894 3.63kB / 3.63kB done
2025-08-20T17:53:55.4074844Z #13 sha256:534f45d26d937460abe84bd086361a04c27e624a23f9384ff13f11c24c64c7bb 1.45MB / 1.45MB 0.3s done
2025-08-20T17:53:55.4075804Z #13 sha256:2b6532633f5d125e9a709f56f26af5a07390c859a5c77142b74da1d4e3c79fee 8.20MB / 8.20MB 0.5s done
2025-08-20T17:53:55.4076763Z #13 sha256:320fa150e60fca9bb108771a06f08d5464ad8b7474b7bf3f4b44d723b686ee72 1.31MB / 1.31MB 0.4s done
2025-08-20T17:53:55.4077695Z #13 sha256:19947f6cc5d3035f6c922fa1d6047c79e044256ad948080adb59cec60717b9f8 116B / 116B 0.5s done
2025-08-20T17:53:55.4078655Z #13 sha256:e787bdd7824bfcb30d11087160de825f724620c952958f4f725c13421499b724 3.14kB / 3.14kB 0.6s done
2025-08-20T17:53:55.4079631Z #13 sha256:a1e4ad56dcecf442fba1cec05cd565ededfdc663e5172df9ef9394d96d4c96f8 51.38MB / 113.19MB 1.3s
2025-08-20T17:53:55.4080752Z #13 extracting sha256:396b1da7636e2dcd10565cb4f2f952cbb4a8a38b58d3b86a2cacb172fb70117c 0.4s
2025-08-20T17:53:55.4081811Z #13 sha256:a858bd6d34e86a481a2e028e3ba489e662b3ac7713eba9a5d3bb97002c7d797e 128B / 128B 0.7s done
2025-08-20T17:53:55.4082789Z #13 sha256:987c1b4919ea2d87df20824aaef43a9de0575ac7df684579ad267c7e48c8eeea 10.01kB / 10.01kB 0.7s done
2025-08-20T17:53:55.4083773Z #13 sha256:f1b3502db45ad485f0affe43e32fc81d699ddac01c023f198271a0a7e1cecd4c 169B / 169B 0.8s done
2025-08-20T17:53:55.4084737Z #13 sha256:25ef78fb127c1934630de29a3d38f46e544360b1dcf5cfc09b25507fbe88fd75 5.92kB / 5.92kB 0.9s done
2025-08-20T17:53:55.4085700Z #13 sha256:240810240d04caaaccb11d51ba7c3a7f7d6f470ec2a80ee420a3d33899d9a303 184B / 184B 0.9s done
2025-08-20T17:53:55.5417955Z #13 ...
2025-08-20T17:53:55.5418172Z 
2025-08-20T17:53:55.5418413Z #14 [etl internal] load build definition from Dockerfile
2025-08-20T17:53:55.5418806Z #14 transferring dockerfile: 1.15kB done
2025-08-20T17:53:55.5419149Z #14 DONE 0.0s
2025-08-20T17:53:55.5419289Z 
2025-08-20T17:53:55.5419460Z #15 [celery_worker internal] load build definition from Dockerfile
2025-08-20T17:53:55.5419901Z #15 transferring dockerfile: 1.15kB done
2025-08-20T17:53:55.5420310Z #15 DONE 0.0s
2025-08-20T17:53:55.5420414Z 
2025-08-20T17:53:55.5420815Z #13 [postgres 1/6] FROM docker.io/library/postgres:16@sha256:66a5efb5677ffac1037774a0e141fd3a4c035c9c0c0e624c9cc980dfa10f45e5
2025-08-20T17:53:55.5421781Z #13 sha256:a1e4ad56dcecf442fba1cec05cd565ededfdc663e5172df9ef9394d96d4c96f8 59.77MB / 113.19MB 1.4s
2025-08-20T17:53:55.7027858Z #13 ...
2025-08-20T17:53:55.7028464Z 
2025-08-20T17:53:55.7028859Z #16 [auth] library/python:pull token for registry-1.docker.io
2025-08-20T17:53:55.7031087Z #16 DONE 0.0s
2025-08-20T17:53:55.7031977Z 
2025-08-20T17:53:55.7033099Z #13 [postgres 1/6] FROM docker.io/library/postgres:16@sha256:66a5efb5677ffac1037774a0e141fd3a4c035c9c0c0e624c9cc980dfa10f45e5
2025-08-20T17:53:55.7035347Z #13 sha256:a1e4ad56dcecf442fba1cec05cd565ededfdc663e5172df9ef9394d96d4c96f8 74.45MB / 113.19MB 1.6s
2025-08-20T17:53:55.8030566Z #13 sha256:a1e4ad56dcecf442fba1cec05cd565ededfdc663e5172df9ef9394d96d4c96f8 92.27MB / 113.19MB 1.7s
2025-08-20T17:53:55.8031852Z #13 extracting sha256:396b1da7636e2dcd10565cb4f2f952cbb4a8a38b58d3b86a2cacb172fb70117c 1.0s done
2025-08-20T17:53:55.9564162Z #13 sha256:a1e4ad56dcecf442fba1cec05cd565ededfdc663e5172df9ef9394d96d4c96f8 102.76MB / 113.19MB 1.9s
2025-08-20T17:53:55.9565348Z #13 extracting sha256:fb850b0e3049060bf4eb46c8806d7ceea916d67e5cc56d6b295511e27463e56b done
2025-08-20T17:53:56.1035826Z #13 sha256:a1e4ad56dcecf442fba1cec05cd565ededfdc663e5172df9ef9394d96d4c96f8 113.19MB / 113.19MB 2.0s
2025-08-20T17:53:56.6029843Z #13 sha256:a1e4ad56dcecf442fba1cec05cd565ededfdc663e5172df9ef9394d96d4c96f8 113.19MB / 113.19MB 2.4s done
2025-08-20T17:53:57.1668056Z #13 ...
2025-08-20T17:53:57.1668290Z 
2025-08-20T17:53:57.1668653Z #17 [fees_h10 internal] load metadata for docker.io/library/python:3.12-slim
2025-08-20T17:53:57.1669265Z #17 DONE 1.6s
2025-08-20T17:53:57.1669432Z 
2025-08-20T17:53:57.1669579Z #18 [fees_h10 internal] load .dockerignore
2025-08-20T17:53:57.1670001Z #18 transferring context: 2B done
2025-08-20T17:53:57.1670563Z #18 DONE 0.1s
2025-08-20T17:53:57.3690798Z 
2025-08-20T17:53:57.3691189Z #19 [etl internal] load .dockerignore
2025-08-20T17:53:57.3691643Z #19 transferring context: 265B done
2025-08-20T17:53:57.4840334Z #19 DONE 0.3s
2025-08-20T17:53:57.4841808Z 
2025-08-20T17:53:57.4842368Z #20 [celery_worker internal] load .dockerignore
2025-08-20T17:53:57.4842895Z #20 transferring context: 265B done
2025-08-20T17:53:57.4843296Z #20 DONE 0.3s
2025-08-20T17:53:57.4843477Z 
2025-08-20T17:53:57.4843633Z #21 [api internal] load .dockerignore
2025-08-20T17:53:57.4844087Z #21 transferring context: 265B done
2025-08-20T17:53:57.4844439Z #21 DONE 0.3s
2025-08-20T17:53:57.4844604Z 
2025-08-20T17:53:57.4844759Z #22 [fees_h10 internal] load build context
2025-08-20T17:53:57.4845218Z #22 transferring context: 8.32kB 0.0s done
2025-08-20T17:53:57.4845605Z #22 DONE 0.0s
2025-08-20T17:53:57.4845771Z 
2025-08-20T17:53:57.4845929Z #23 [etl internal] load build context
2025-08-20T17:53:57.4846314Z #23 transferring context: 25.47kB 0.0s done
2025-08-20T17:53:57.4846562Z #23 DONE 0.0s
2025-08-20T17:53:57.4846717Z 
2025-08-20T17:53:57.4846887Z #24 [celery_worker internal] load build context
2025-08-20T17:53:57.4847344Z #24 transferring context: 25.47kB done
2025-08-20T17:53:57.4847713Z #24 DONE 0.0s
2025-08-20T17:53:57.4847880Z 
2025-08-20T17:53:57.4848019Z #25 [api internal] load build context
2025-08-20T17:53:57.4848436Z #25 transferring context: 157.37kB 0.0s done
2025-08-20T17:53:57.4848828Z #25 DONE 0.0s
2025-08-20T17:53:57.4848982Z 
2025-08-20T17:53:57.4849707Z #26 [celery_worker stage-1 1/5] FROM docker.io/library/python:3.12-slim@sha256:d67a7b66b989ad6b6d6b10d428dcc5e0bfc3e5f88906e67d490c4d3daac57047
2025-08-20T17:53:57.4851337Z #26 resolve docker.io/library/python:3.12-slim@sha256:d67a7b66b989ad6b6d6b10d428dcc5e0bfc3e5f88906e67d490c4d3daac57047 done
2025-08-20T17:53:57.5991506Z #26 sha256:5d587318e932a89b94608393c99dd30ee5092a6991c1656f717bd4f4e13d60df 1.29MB / 1.29MB 0.1s done
2025-08-20T17:53:57.5996770Z #26 sha256:e5c05dcf47fbdb2f18dc242ad1b7f48fbd3813c0027ffcfb8e81e4aa7e0965f4 1.05MB / 12.11MB 0.2s
2025-08-20T17:53:57.5997842Z #26 sha256:d76206d463c08ba2a3f7bbab2de2a933ad73f33ab4ab813eafe50c9dff9edc12 0B / 251B 0.2s
2025-08-20T17:53:57.5998966Z #26 sha256:d67a7b66b989ad6b6d6b10d428dcc5e0bfc3e5f88906e67d490c4d3daac57047 10.37kB / 10.37kB done
2025-08-20T17:53:57.6000496Z #26 sha256:8f3d1de1b41cd7340a89b024d6f7a10043f7b0d07d97eb36ba76f22fcfa9a235 1.75kB / 1.75kB done
2025-08-20T17:53:57.6001643Z #26 sha256:bad5eac7befe06d25bef9d4d894d7467355bac08745c745a88977774933fa032 5.58kB / 5.58kB done
2025-08-20T17:53:57.6003537Z #26 extracting sha256:5d587318e932a89b94608393c99dd30ee5092a6991c1656f717bd4f4e13d60df
2025-08-20T17:53:57.6991945Z #26 sha256:5d587318e932a89b94608393c99dd30ee5092a6991c1656f717bd4f4e13d60df 1.29MB / 1.29MB 0.1s done
2025-08-20T17:53:57.6993458Z #26 sha256:e5c05dcf47fbdb2f18dc242ad1b7f48fbd3813c0027ffcfb8e81e4aa7e0965f4 7.81MB / 12.11MB 0.3s
2025-08-20T17:53:57.6994782Z #26 sha256:d76206d463c08ba2a3f7bbab2de2a933ad73f33ab4ab813eafe50c9dff9edc12 251B / 251B 0.2s done
2025-08-20T17:53:57.6995785Z #26 extracting sha256:5d587318e932a89b94608393c99dd30ee5092a6991c1656f717bd4f4e13d60df 0.1s done
2025-08-20T17:53:57.8123315Z #26 sha256:e5c05dcf47fbdb2f18dc242ad1b7f48fbd3813c0027ffcfb8e81e4aa7e0965f4 11.53MB / 12.11MB 0.4s
2025-08-20T17:53:57.8124617Z #26 sha256:d76206d463c08ba2a3f7bbab2de2a933ad73f33ab4ab813eafe50c9dff9edc12 251B / 251B 0.2s done
2025-08-20T17:53:57.8125729Z #26 extracting sha256:e5c05dcf47fbdb2f18dc242ad1b7f48fbd3813c0027ffcfb8e81e4aa7e0965f4
2025-08-20T17:53:57.9136837Z #26 sha256:e5c05dcf47fbdb2f18dc242ad1b7f48fbd3813c0027ffcfb8e81e4aa7e0965f4 12.11MB / 12.11MB 0.4s done
2025-08-20T17:53:58.5269908Z #26 extracting sha256:e5c05dcf47fbdb2f18dc242ad1b7f48fbd3813c0027ffcfb8e81e4aa7e0965f4 0.6s done
2025-08-20T17:53:58.5276442Z #26 extracting sha256:d76206d463c08ba2a3f7bbab2de2a933ad73f33ab4ab813eafe50c9dff9edc12
2025-08-20T17:53:58.6509985Z #26 extracting sha256:d76206d463c08ba2a3f7bbab2de2a933ad73f33ab4ab813eafe50c9dff9edc12 done
2025-08-20T17:53:58.6511020Z #26 DONE 1.2s
2025-08-20T17:53:58.6511226Z 
2025-08-20T17:53:58.6511404Z #27 [fees_h10 stage-1 2/5] WORKDIR /app
2025-08-20T17:53:58.6511860Z #27 DONE 0.0s
2025-08-20T17:53:58.6512049Z 
2025-08-20T17:53:58.6512418Z #28 [fees_h10 base 3/6] COPY requirements*.txt constraints.txt ./fees_h10/
2025-08-20T17:53:58.6513067Z #28 DONE 0.0s
2025-08-20T17:53:58.6513260Z 
2025-08-20T17:53:58.6513560Z #29 [api base  3/13] COPY services/api/requirements.txt ./requirements.txt
2025-08-20T17:53:58.6514152Z #29 DONE 0.0s
2025-08-20T17:53:58.6514355Z 
2025-08-20T17:53:58.6514842Z #30 [celery_worker base 3/5] COPY services/etl/requirements*.txt services/etl/constraints.txt ./
2025-08-20T17:53:58.6516186Z #30 DONE 0.1s
2025-08-20T17:53:58.6516393Z 
2025-08-20T17:53:58.6517032Z #31 [celery_worker base 4/5] RUN if [ -n "" ] && [ -f "" ]; then         pip install -r requirements.txt -c "";     else         pip install -r requirements.txt;     fi
2025-08-20T17:54:01.5967123Z #31 2.934 Collecting keepa==1.3.14 (from -r requirements.txt (line 1))
2025-08-20T17:54:01.7012701Z #31 2.988   Downloading keepa-1.3.14-py3-none-any.whl.metadata (10 kB)
2025-08-20T17:54:01.7018718Z #31 3.061 Collecting minio==7.1.15 (from -r requirements.txt (line 2))
2025-08-20T17:54:01.7019515Z #31 3.073   Downloading minio-7.1.15-py3-none-any.whl.metadata (4.2 kB)
2025-08-20T17:54:01.7998563Z #31 3.161 Collecting celery==5.3.* (from -r requirements.txt (line 3))
2025-08-20T17:54:01.7999352Z #31 3.174   Downloading celery-5.3.6-py3-none-any.whl.metadata (21 kB)
2025-08-20T17:54:02.0281437Z #31 3.304 Collecting redis==5.* (from -r requirements.txt (line 4))
2025-08-20T17:54:02.0282141Z #31 3.317   Downloading redis-5.3.1-py3-none-any.whl.metadata (9.2 kB)
2025-08-20T17:54:02.1301345Z #31 3.461 Collecting python-amazon-sp-api==0.8.0 (from -r requirements.txt (line 5))
2025-08-20T17:54:02.1302829Z #31 3.481   Downloading python_amazon_sp_api-0.8.0-py3-none-any.whl.metadata (3.2 kB)
2025-08-20T17:54:02.2371560Z #31 3.535 Collecting pydantic-settings==2.2.1 (from -r requirements.txt (line 6))
2025-08-20T17:54:02.2376856Z #31 3.550   Downloading pydantic_settings-2.2.1-py3-none-any.whl.metadata (3.1 kB)
2025-08-20T17:54:02.6030793Z #31 3.850 Collecting numpy<2 (from -r requirements.txt (line 7))
2025-08-20T17:54:02.6032003Z #31 3.863   Downloading numpy-1.26.4-cp312-cp312-manylinux_2_17_x86_64.manylinux2014_x86_64.whl.metadata (61 kB)
2025-08-20T17:54:02.7114743Z #31 4.060 Collecting pandas==2.2.* (from -r requirements.txt (line 8))
2025-08-20T17:54:02.7145634Z #31 4.072   Downloading pandas-2.2.3-cp312-cp312-manylinux_2_17_x86_64.manylinux2014_x86_64.whl.metadata (89 kB)
2025-08-20T17:54:02.9253282Z #31 4.203 Collecting pandera==0.19.* (from -r requirements.txt (line 9))
2025-08-20T17:54:02.9257413Z #31 4.215   Downloading pandera-0.19.3-py3-none-any.whl.metadata (15 kB)
2025-08-20T17:54:02.9258378Z #31 4.268 Collecting openpyxl==3.1.* (from -r requirements.txt (line 10))
2025-08-20T17:54:02.9259160Z #31 4.280   Downloading openpyxl-3.1.5-py2.py3-none-any.whl.metadata (2.5 kB)
2025-08-20T17:54:03.0323725Z #31 4.384 Collecting psycopg2-binary==2.9.* (from -r requirements.txt (line 11))
2025-08-20T17:54:03.0327492Z #31 4.397   Downloading psycopg2_binary-2.9.10-cp312-cp312-manylinux_2_17_x86_64.manylinux2014_x86_64.whl.metadata (4.9 kB)
2025-08-20T17:54:03.1471063Z #31 4.468 Collecting requests>=2.2 (from keepa==1.3.14->-r requirements.txt (line 1))
2025-08-20T17:54:03.1473550Z #31 4.480   Downloading requests-2.32.5-py3-none-any.whl.metadata (4.9 kB)
2025-08-20T17:54:03.2642792Z #31 4.562 Collecting tqdm (from keepa==1.3.14->-r requirements.txt (line 1))
2025-08-20T17:54:03.2644384Z #31 4.575   Downloading tqdm-4.67.1-py3-none-any.whl.metadata (57 kB)
2025-08-20T17:54:04.0456300Z #31 5.339 Collecting aiohttp (from keepa==1.3.14->-r requirements.txt (line 1))
2025-08-20T17:54:04.0458753Z #31 5.349   Downloading aiohttp-3.12.15-cp312-cp312-manylinux_2_17_x86_64.manylinux2014_x86_64.whl.metadata (7.7 kB)
2025-08-20T17:54:04.1510881Z #31 5.519 Collecting pydantic (from keepa==1.3.14->-r requirements.txt (line 1))
2025-08-20T17:54:04.3760539Z #31 5.600   Downloading pydantic-2.11.7-py3-none-any.whl.metadata (67 kB)
2025-08-20T17:54:04.4228993Z #31 ...
2025-08-20T17:54:04.4229249Z 
2025-08-20T17:54:04.4231209Z #32 [api stage-1 3/6] RUN set -eux;     if [ -f /etc/apt/sources.list ]; then         sed -i 's|http://deb.debian.org|https://deb.debian.org|g' /etc/apt/sources.list;     fi;     apt-get update;     apt-get install -y --no-install-recommends tzdata postgresql-client curl;     rm -rf /var/lib/apt/lists/*
2025-08-20T17:54:04.4232781Z #32 0.247 + [ -f /etc/apt/sources.list ]
2025-08-20T17:54:04.4233176Z #32 0.247 + apt-get update
2025-08-20T17:54:04.4233490Z #32 0.330 Hit:1 http://deb.debian.org/debian trixie InRelease
2025-08-20T17:54:04.4233975Z #32 0.330 Get:2 http://deb.debian.org/debian trixie-updates InRelease [47.1 kB]
2025-08-20T17:54:04.4234533Z #32 0.358 Get:3 http://deb.debian.org/debian-security trixie-security InRelease [43.4 kB]
2025-08-20T17:54:04.4235109Z #32 0.376 Get:4 http://deb.debian.org/debian trixie/main amd64 Packages [9668 kB]
2025-08-20T17:54:04.4235663Z #32 0.510 Get:5 http://deb.debian.org/debian trixie-updates/main amd64 Packages [2432 B]
2025-08-20T17:54:04.4236301Z #32 0.510 Get:6 http://deb.debian.org/debian-security trixie-security/main amd64 Packages [11.6 kB]
2025-08-20T17:54:04.4236802Z #32 1.430 Fetched 9772 kB in 1s (8512 kB/s)
2025-08-20T17:54:04.4237095Z #32 1.430 Reading package lists...
2025-08-20T17:54:04.4237517Z #32 2.268 + apt-get install -y --no-install-recommends tzdata postgresql-client curl
2025-08-20T17:54:04.4237946Z #32 2.278 Reading package lists...
2025-08-20T17:54:04.4238221Z #32 3.076 Building dependency tree...
2025-08-20T17:54:04.4238510Z #32 3.266 Reading state information...
2025-08-20T17:54:04.4238843Z #32 3.582 tzdata is already the newest version (2025b-4).
2025-08-20T17:54:04.4239244Z #32 3.582 The following additional packages will be installed:
2025-08-20T17:54:04.4239727Z #32 3.582   libbrotli1 libcom-err2 libcurl4t64 libgdbm-compat4t64 libgnutls30t64
2025-08-20T17:54:04.4240560Z #32 3.582   libgssapi-krb5-2 libidn2-0 libk5crypto3 libkeyutils1 libkrb5-3
2025-08-20T17:54:04.4241149Z #32 3.582   libkrb5support0 libldap2 libnghttp2-14 libnghttp3-9 libp11-kit0 libperl5.40
2025-08-20T17:54:04.4241765Z #32 3.582   libpq5 libpsl5t64 librtmp1 libsasl2-2 libsasl2-modules-db libssh2-1t64
2025-08-20T17:54:04.4242325Z #32 3.582   libtasn1-6 libunistring5 perl perl-modules-5.40 postgresql-client-17
2025-08-20T17:54:04.4243094Z #32 3.582   postgresql-client-common sensible-utils
2025-08-20T17:54:04.4243433Z #32 3.583 Suggested packages:
2025-08-20T17:54:04.4243779Z #32 3.583   gnutls-bin krb5-doc krb5-user perl-doc libterm-readline-gnu-perl
2025-08-20T17:54:04.4244386Z #32 3.583   | libterm-readline-perl-perl make libtap-harness-archive-perl postgresql-17
2025-08-20T17:54:04.4244767Z #32 3.583   postgresql-doc-17
2025-08-20T17:54:04.4244994Z #32 3.583 Recommended packages:
2025-08-20T17:54:04.4245349Z #32 3.583   bash-completion krb5-locales libldap-common publicsuffix libsasl2-modules
2025-08-20T17:54:04.4245758Z #32 3.906 The following NEW packages will be installed:
2025-08-20T17:54:04.4246143Z #32 3.907   curl libbrotli1 libcom-err2 libcurl4t64 libgdbm-compat4t64 libgnutls30t64
2025-08-20T17:54:04.4246583Z #32 3.907   libgssapi-krb5-2 libidn2-0 libk5crypto3 libkeyutils1 libkrb5-3
2025-08-20T17:54:04.4247043Z #32 3.907   libkrb5support0 libldap2 libnghttp2-14 libnghttp3-9 libp11-kit0 libperl5.40
2025-08-20T17:54:04.4247520Z #32 3.908   libpq5 libpsl5t64 librtmp1 libsasl2-2 libsasl2-modules-db libssh2-1t64
2025-08-20T17:54:04.4247983Z #32 3.909   libtasn1-6 libunistring5 perl perl-modules-5.40 postgresql-client
2025-08-20T17:54:04.4248422Z #32 3.909   postgresql-client-17 postgresql-client-common sensible-utils
2025-08-20T17:54:04.4248830Z #32 3.964 0 upgraded, 31 newly installed, 0 to remove and 0 not upgraded.
2025-08-20T17:54:04.4249156Z #32 3.964 Need to get 14.9 MB of archives.
2025-08-20T17:54:04.4249482Z #32 3.964 After this operation, 78.1 MB of additional disk space will be used.
2025-08-20T17:54:04.4249976Z #32 3.964 Get:1 http://deb.debian.org/debian trixie/main amd64 sensible-utils all 0.0.25 [25.0 kB]
2025-08-20T17:54:04.4250769Z #32 3.980 Get:2 http://deb.debian.org/debian trixie/main amd64 perl-modules-5.40 all 5.40.1-6 [3019 kB]
2025-08-20T17:54:04.4251334Z #32 4.102 Get:3 http://deb.debian.org/debian trixie/main amd64 libgdbm-compat4t64 amd64 1.24-2 [50.3 kB]
2025-08-20T17:54:04.4251890Z #32 4.103 Get:4 http://deb.debian.org/debian trixie/main amd64 libperl5.40 amd64 5.40.1-6 [4341 kB]
2025-08-20T17:54:04.4252397Z #32 4.178 Get:5 http://deb.debian.org/debian trixie/main amd64 perl amd64 5.40.1-6 [267 kB]
2025-08-20T17:54:04.4252916Z #32 4.181 Get:6 http://deb.debian.org/debian trixie/main amd64 libbrotli1 amd64 1.1.0-2+b7 [307 kB]
2025-08-20T17:54:04.4253450Z #32 4.187 Get:7 http://deb.debian.org/debian trixie/main amd64 libkrb5support0 amd64 1.21.3-5 [33.0 kB]
2025-08-20T17:54:04.4254004Z #32 4.190 Get:8 http://deb.debian.org/debian trixie/main amd64 libcom-err2 amd64 1.47.2-3+b3 [25.0 kB]
2025-08-20T17:54:04.4254543Z #32 4.191 Get:9 http://deb.debian.org/debian trixie/main amd64 libk5crypto3 amd64 1.21.3-5 [81.5 kB]
2025-08-20T17:54:04.4255073Z #32 4.192 Get:10 http://deb.debian.org/debian trixie/main amd64 libkeyutils1 amd64 1.6.3-6 [9456 B]
2025-08-20T17:54:04.4255591Z #32 4.195 Get:11 http://deb.debian.org/debian trixie/main amd64 libkrb5-3 amd64 1.21.3-5 [326 kB]
2025-08-20T17:54:04.4256124Z #32 4.196 Get:12 http://deb.debian.org/debian trixie/main amd64 libgssapi-krb5-2 amd64 1.21.3-5 [138 kB]
2025-08-20T17:54:04.4256660Z #32 4.199 Get:13 http://deb.debian.org/debian trixie/main amd64 libunistring5 amd64 1.3-2 [477 kB]
2025-08-20T17:54:04.4257168Z #32 4.202 Get:14 http://deb.debian.org/debian trixie/main amd64 libidn2-0 amd64 2.3.8-2 [109 kB]
2025-08-20T17:54:04.4257729Z #32 4.205 Get:15 http://deb.debian.org/debian trixie/main amd64 libsasl2-modules-db amd64 2.1.28+dfsg1-9 [19.8 kB]
2025-08-20T17:54:04.4258321Z #32 4.206 Get:16 http://deb.debian.org/debian trixie/main amd64 libsasl2-2 amd64 2.1.28+dfsg1-9 [57.5 kB]
2025-08-20T17:54:04.4258860Z #32 4.219 Get:17 http://deb.debian.org/debian trixie/main amd64 libldap2 amd64 2.6.10+dfsg-1 [194 kB]
2025-08-20T17:54:04.4259397Z #32 4.223 Get:18 http://deb.debian.org/debian trixie/main amd64 libnghttp2-14 amd64 1.64.0-1.1 [76.0 kB]
2025-08-20T17:54:04.4259920Z #32 4.223 Get:19 http://deb.debian.org/debian trixie/main amd64 libnghttp3-9 amd64 1.8.0-1 [67.7 kB]
2025-08-20T17:54:04.4260684Z #32 4.223 Get:20 http://deb.debian.org/debian trixie/main amd64 libpsl5t64 amd64 0.21.2-1.1+b1 [57.2 kB]
2025-08-20T17:54:04.4261227Z #32 4.224 Get:21 http://deb.debian.org/debian trixie/main amd64 libp11-kit0 amd64 0.25.5-3 [425 kB]
2025-08-20T17:54:04.4261836Z #32 4.229 Get:22 http://deb.debian.org/debian trixie/main amd64 libtasn1-6 amd64 4.20.0-2 [49.9 kB]
2025-08-20T17:54:04.4262366Z #32 4.230 Get:23 http://deb.debian.org/debian trixie/main amd64 libgnutls30t64 amd64 3.8.9-3 [1465 kB]
2025-08-20T17:54:04.4262950Z #32 4.248 Get:24 http://deb.debian.org/debian trixie/main amd64 librtmp1 amd64 2.4+20151223.gitfa8646d.1-2+b5 [58.8 kB]
2025-08-20T17:54:04.4263540Z #32 4.250 Get:25 http://deb.debian.org/debian trixie/main amd64 libssh2-1t64 amd64 1.11.1-1 [245 kB]
2025-08-20T17:54:04.4264081Z #32 4.253 Get:26 http://deb.debian.org/debian trixie/main amd64 libcurl4t64 amd64 8.14.1-2 [391 kB]
2025-08-20T17:54:04.4264648Z #32 4.258 Get:27 http://deb.debian.org/debian trixie/main amd64 curl amd64 8.14.1-2 [269 kB]
2025-08-20T17:54:04.4265126Z #32 4.259 Get:28 http://deb.debian.org/debian trixie/main amd64 libpq5 amd64 17.5-1 [226 kB]
2025-08-20T17:54:04.4265658Z #32 4.264 Get:29 http://deb.debian.org/debian trixie/main amd64 postgresql-client-common all 278 [47.1 kB]
2025-08-20T17:54:04.4266279Z #32 4.265 Get:30 http://deb.debian.org/debian trixie/main amd64 postgresql-client-17 amd64 17.5-1 [2025 kB]
2025-08-20T17:54:04.4266842Z #32 4.288 Get:31 http://deb.debian.org/debian trixie/main amd64 postgresql-client all 17+278 [14.0 kB]
2025-08-20T17:54:04.5324657Z #32 5.962 Fetched 14.9 MB in 0s (40.6 MB/s)
2025-08-20T17:54:04.6356726Z #32 6.035 Selecting previously unselected package sensible-utils.
2025-08-20T17:54:04.6363793Z #32 6.035 (Reading database ... 
2025-08-20T17:54:04.6364488Z (Reading database ... 5%
2025-08-20T17:54:04.6364880Z (Reading database ... 10%
2025-08-20T17:54:04.6365251Z (Reading database ... 15%
2025-08-20T17:54:04.6365624Z (Reading database ... 20%
2025-08-20T17:54:04.6365980Z (Reading database ... 25%
2025-08-20T17:54:04.6366371Z (Reading database ... 30%
2025-08-20T17:54:04.6366730Z (Reading database ... 35%
2025-08-20T17:54:04.6367108Z (Reading database ... 40%
2025-08-20T17:54:04.6367484Z (Reading database ... 45%
2025-08-20T17:54:04.6367851Z (Reading database ... 50%
2025-08-20T17:54:04.6368201Z (Reading database ... 55%
2025-08-20T17:54:04.6368557Z (Reading database ... 60%
2025-08-20T17:54:04.6368911Z (Reading database ... 65%
2025-08-20T17:54:04.6369261Z (Reading database ... 70%
2025-08-20T17:54:04.6369623Z (Reading database ... 75%
2025-08-20T17:54:04.6369982Z (Reading database ... 80%
2025-08-20T17:54:04.6370991Z (Reading database ... 85%
2025-08-20T17:54:04.6371356Z (Reading database ... 90%
2025-08-20T17:54:04.6371718Z (Reading database ... 95%
2025-08-20T17:54:04.6372068Z (Reading database ... 100%
2025-08-20T17:54:04.6372609Z (Reading database ... 5643 files and directories currently installed.)
2025-08-20T17:54:04.6373649Z #32 6.042 Preparing to unpack .../00-sensible-utils_0.0.25_all.deb ...
2025-08-20T17:54:04.6374304Z #32 6.044 Unpacking sensible-utils (0.0.25) ...
2025-08-20T17:54:04.6374753Z #32 ...
2025-08-20T17:54:04.6375077Z 
2025-08-20T17:54:04.6375717Z #31 [celery_worker base 4/5] RUN if [ -n "" ] && [ -f "" ]; then         pip install -r requirements.txt -c "";     else         pip install -r requirements.txt;     fi
2025-08-20T17:54:04.6376840Z #31 5.908 Collecting certifi (from minio==7.1.15->-r requirements.txt (line 2))
2025-08-20T17:54:04.6377666Z #31 5.933   Downloading certifi-2025.8.3-py3-none-any.whl.metadata (2.4 kB)
2025-08-20T17:54:04.6378477Z #31 6.010 Collecting urllib3 (from minio==7.1.15->-r requirements.txt (line 2))
2025-08-20T17:54:04.7357319Z #31 6.024   Downloading urllib3-2.5.0-py3-none-any.whl.metadata (6.5 kB)
2025-08-20T17:54:04.7365290Z #31 6.084 Collecting billiard<5.0,>=4.2.0 (from celery==5.3.*->-r requirements.txt (line 3))
2025-08-20T17:54:04.7366218Z #31 6.096   Downloading billiard-4.2.1-py3-none-any.whl.metadata (4.4 kB)
2025-08-20T17:54:04.8481173Z #31 ...
2025-08-20T17:54:04.8490663Z 
2025-08-20T17:54:04.8491370Z #13 [postgres 1/6] FROM docker.io/library/postgres:16@sha256:66a5efb5677ffac1037774a0e141fd3a4c035c9c0c0e624c9cc980dfa10f45e5
2025-08-20T17:54:04.8492910Z #13 extracting sha256:7f09385d08f9e8f578f9dad57582fff30d6ca3ef0f4d66ab5e1bf92c88862341 0.1s done
2025-08-20T17:54:04.8494001Z #13 extracting sha256:534f45d26d937460abe84bd086361a04c27e624a23f9384ff13f11c24c64c7bb 0.0s done
2025-08-20T17:54:04.8495064Z #13 extracting sha256:2b6532633f5d125e9a709f56f26af5a07390c859a5c77142b74da1d4e3c79fee 0.3s done
2025-08-20T17:54:04.8496127Z #13 extracting sha256:320fa150e60fca9bb108771a06f08d5464ad8b7474b7bf3f4b44d723b686ee72 0.1s done
2025-08-20T17:54:04.8497169Z #13 extracting sha256:19947f6cc5d3035f6c922fa1d6047c79e044256ad948080adb59cec60717b9f8 done
2025-08-20T17:54:04.8498177Z #13 extracting sha256:e787bdd7824bfcb30d11087160de825f724620c952958f4f725c13421499b724 done
2025-08-20T17:54:04.8499243Z #13 extracting sha256:a1e4ad56dcecf442fba1cec05cd565ededfdc663e5172df9ef9394d96d4c96f8 5.7s done
2025-08-20T17:54:04.8500513Z #13 extracting sha256:987c1b4919ea2d87df20824aaef43a9de0575ac7df684579ad267c7e48c8eeea done
2025-08-20T17:54:04.8501520Z #13 extracting sha256:a858bd6d34e86a481a2e028e3ba489e662b3ac7713eba9a5d3bb97002c7d797e done
2025-08-20T17:54:04.8502539Z #13 extracting sha256:f1b3502db45ad485f0affe43e32fc81d699ddac01c023f198271a0a7e1cecd4c done
2025-08-20T17:54:04.8503561Z #13 extracting sha256:25ef78fb127c1934630de29a3d38f46e544360b1dcf5cfc09b25507fbe88fd75 done
2025-08-20T17:54:04.8504558Z #13 extracting sha256:240810240d04caaaccb11d51ba7c3a7f7d6f470ec2a80ee420a3d33899d9a303 done
2025-08-20T17:54:04.8505253Z #13 DONE 10.7s
2025-08-20T17:54:04.8505427Z 
2025-08-20T17:54:04.8506036Z #31 [celery_worker base 4/5] RUN if [ -n "" ] && [ -f "" ]; then         pip install -r requirements.txt -c "";     else         pip install -r requirements.txt;     fi
2025-08-20T17:54:04.8507201Z #31 6.128 Collecting click-didyoumean>=0.3.0 (from celery==5.3.*->-r requirements.txt (line 3))
2025-08-20T17:54:04.8508098Z #31 6.145   Downloading click_didyoumean-0.3.1-py3-none-any.whl.metadata (3.9 kB)
2025-08-20T17:54:04.8508964Z #31 6.175 Collecting click-plugins>=1.1.1 (from celery==5.3.*->-r requirements.txt (line 3))
2025-08-20T17:54:04.8509852Z #31 6.186   Downloading click_plugins-1.1.1.2-py2.py3-none-any.whl.metadata (6.5 kB)
2025-08-20T17:54:04.9703393Z #31 6.220 Collecting click-repl>=0.2.0 (from celery==5.3.*->-r requirements.txt (line 3))
2025-08-20T17:54:04.9704322Z #31 6.233   Downloading click_repl-0.3.0-py3-none-any.whl.metadata (3.6 kB)
2025-08-20T17:54:04.9705156Z #31 6.281 Collecting click<9.0,>=8.1.2 (from celery==5.3.*->-r requirements.txt (line 3))
2025-08-20T17:54:04.9705988Z #31 6.295   Downloading click-8.2.1-py3-none-any.whl.metadata (2.5 kB)
2025-08-20T17:54:05.0783733Z #31 6.365 Collecting kombu<6.0,>=5.3.4 (from celery==5.3.*->-r requirements.txt (line 3))
2025-08-20T17:54:05.0784643Z #31 6.374   Downloading kombu-5.5.4-py3-none-any.whl.metadata (3.5 kB)
2025-08-20T17:54:05.0785222Z #31 6.418 Collecting python-dateutil>=2.8.2 (from celery==5.3.*->-r requirements.txt (line 3))
2025-08-20T17:54:05.0786284Z #31 6.431   Downloading python_dateutil-2.9.0.post0-py2.py3-none-any.whl.metadata (8.4 kB)
2025-08-20T17:54:05.1867527Z #31 6.468 Collecting tzdata>=2022.7 (from celery==5.3.*->-r requirements.txt (line 3))
2025-08-20T17:54:05.1868961Z #31 6.479   Downloading tzdata-2025.2-py2.py3-none-any.whl.metadata (1.4 kB)
2025-08-20T17:54:05.1870409Z #31 6.513 Collecting vine<6.0,>=5.1.0 (from celery==5.3.*->-r requirements.txt (line 3))
2025-08-20T17:54:05.1871454Z #31 6.529   Downloading vine-5.1.0-py3-none-any.whl.metadata (2.7 kB)
2025-08-20T17:54:05.2869306Z #31 6.581 Collecting PyJWT>=2.9.0 (from redis==5.*->-r requirements.txt (line 4))
2025-08-20T17:54:05.2870990Z #31 6.597   Downloading PyJWT-2.10.1-py3-none-any.whl.metadata (4.0 kB)
2025-08-20T17:54:05.2873121Z #31 6.648 Collecting six<2,>=1.15 (from python-amazon-sp-api==0.8.0->-r requirements.txt (line 5))
2025-08-20T17:54:05.3896253Z #31 6.661   Downloading six-1.17.0-py2.py3-none-any.whl.metadata (1.7 kB)
2025-08-20T17:54:06.0493129Z #31 7.320 Collecting boto3<2,>=1.16.39 (from python-amazon-sp-api==0.8.0->-r requirements.txt (line 5))
2025-08-20T17:54:06.0498463Z #31 7.333   Downloading boto3-1.40.13-py3-none-any.whl.metadata (6.7 kB)
2025-08-20T17:54:06.0502074Z #31 7.413 Collecting cachetools~=4.2.0 (from python-amazon-sp-api==0.8.0->-r requirements.txt (line 5))
2025-08-20T17:54:06.1704494Z #31 7.426   Downloading cachetools-4.2.4-py3-none-any.whl.metadata (4.8 kB)
2025-08-20T17:54:06.2707413Z #31 7.548 Collecting pycryptodome (from python-amazon-sp-api==0.8.0->-r requirements.txt (line 5))
2025-08-20T17:54:06.2708684Z #31 7.560   Downloading pycryptodome-3.23.0-cp37-abi3-manylinux_2_17_x86_64.manylinux2014_x86_64.whl.metadata (3.4 kB)
2025-08-20T17:54:06.2709811Z #31 7.637 Collecting pytz (from python-amazon-sp-api==0.8.0->-r requirements.txt (line 5))
2025-08-20T17:54:06.3999768Z #31 7.649   Downloading pytz-2025.2-py2.py3-none-any.whl.metadata (22 kB)
2025-08-20T17:54:06.4001224Z #31 7.684 Collecting confuse~=1.4.0 (from python-amazon-sp-api==0.8.0->-r requirements.txt (line 5))
2025-08-20T17:54:06.4002208Z #31 7.700   Downloading confuse-1.4.0-py2.py3-none-any.whl.metadata (3.8 kB)
2025-08-20T17:54:06.5490797Z #31 7.773 Collecting python-dotenv>=0.21.0 (from pydantic-settings==2.2.1->-r requirements.txt (line 6))
2025-08-20T17:54:06.5492387Z #31 7.785   Downloading python_dotenv-1.1.1-py3-none-any.whl.metadata (24 kB)
2025-08-20T17:54:06.5495056Z #31 7.856 Collecting multimethod<=1.10.0 (from pandera==0.19.*->-r requirements.txt (line 9))
2025-08-20T17:54:06.5496167Z #31 7.868   Downloading multimethod-1.10-py3-none-any.whl.metadata (8.2 kB)
2025-08-20T17:54:06.6589088Z #31 7.930 Collecting packaging>=20.0 (from pandera==0.19.*->-r requirements.txt (line 9))
2025-08-20T17:54:06.6593036Z #31 7.942   Downloading packaging-25.0-py3-none-any.whl.metadata (3.3 kB)
2025-08-20T17:54:06.6593835Z #31 8.023 Collecting typeguard (from pandera==0.19.*->-r requirements.txt (line 9))
2025-08-20T17:54:06.7951572Z #31 8.036   Downloading typeguard-4.4.4-py3-none-any.whl.metadata (3.3 kB)
2025-08-20T17:54:06.7954188Z #31 8.072 Collecting typing-inspect>=0.6.0 (from pandera==0.19.*->-r requirements.txt (line 9))
2025-08-20T17:54:06.7958291Z #31 8.087   Downloading typing_inspect-0.9.0-py3-none-any.whl.metadata (1.5 kB)
2025-08-20T17:54:07.0010340Z #31 8.276 Collecting wrapt (from pandera==0.19.*->-r requirements.txt (line 9))
2025-08-20T17:54:07.0013147Z #31 8.291   Downloading wrapt-1.17.3-cp312-cp312-manylinux1_x86_64.manylinux_2_28_x86_64.manylinux_2_5_x86_64.whl.metadata (6.4 kB)
2025-08-20T17:54:07.0014257Z #31 8.327 Collecting et-xmlfile (from openpyxl==3.1.*->-r requirements.txt (line 10))
2025-08-20T17:54:07.0015105Z #31 8.340   Downloading et_xmlfile-2.0.0-py3-none-any.whl.metadata (2.7 kB)
2025-08-20T17:54:07.5712183Z #31 8.946 Collecting botocore<1.41.0,>=1.40.13 (from boto3<2,>=1.16.39->python-amazon-sp-api==0.8.0->-r requirements.txt (line 5))
2025-08-20T17:54:07.7073676Z #31 8.959   Downloading botocore-1.40.13-py3-none-any.whl.metadata (5.7 kB)
2025-08-20T17:54:07.7075187Z #31 9.015 Collecting jmespath<2.0.0,>=0.7.1 (from boto3<2,>=1.16.39->python-amazon-sp-api==0.8.0->-r requirements.txt (line 5))
2025-08-20T17:54:07.7076690Z #31 9.033   Downloading jmespath-1.0.1-py3-none-any.whl.metadata (7.6 kB)
2025-08-20T17:54:07.8244134Z #31 9.079 Collecting s3transfer<0.14.0,>=0.13.0 (from boto3<2,>=1.16.39->python-amazon-sp-api==0.8.0->-r requirements.txt (line 5))
2025-08-20T17:54:07.8245408Z #31 9.091   Downloading s3transfer-0.13.1-py3-none-any.whl.metadata (1.7 kB)
2025-08-20T17:54:07.9340772Z #31 9.208 Collecting prompt-toolkit>=3.0.36 (from click-repl>=0.2.0->celery==5.3.*->-r requirements.txt (line 3))
2025-08-20T17:54:07.9361161Z #31 9.225   Downloading prompt_toolkit-3.0.51-py3-none-any.whl.metadata (6.4 kB)
2025-08-20T17:54:08.0678853Z #31 ...
2025-08-20T17:54:08.0697135Z 
2025-08-20T17:54:08.0699230Z #32 [api stage-1 3/6] RUN set -eux;     if [ -f /etc/apt/sources.list ]; then         sed -i 's|http://deb.debian.org|https://deb.debian.org|g' /etc/apt/sources.list;     fi;     apt-get update;     apt-get install -y --no-install-recommends tzdata postgresql-client curl;     rm -rf /var/lib/apt/lists/*
2025-08-20T17:54:08.0701397Z #32 6.083 Selecting previously unselected package perl-modules-5.40.
2025-08-20T17:54:08.0702059Z #32 6.084 Preparing to unpack .../01-perl-modules-5.40_5.40.1-6_all.deb ...
2025-08-20T17:54:08.0702675Z #32 6.085 Unpacking perl-modules-5.40 (5.40.1-6) ...
2025-08-20T17:54:08.0703347Z #32 6.527 Selecting previously unselected package libgdbm-compat4t64:amd64.
2025-08-20T17:54:08.0704146Z #32 6.529 Preparing to unpack .../02-libgdbm-compat4t64_1.24-2_amd64.deb ...
2025-08-20T17:54:08.0704815Z #32 6.532 Unpacking libgdbm-compat4t64:amd64 (1.24-2) ...
2025-08-20T17:54:08.0705462Z #32 6.554 Selecting previously unselected package libperl5.40:amd64.
2025-08-20T17:54:08.0722132Z #32 6.555 Preparing to unpack .../03-libperl5.40_5.40.1-6_amd64.deb ...
2025-08-20T17:54:08.0722836Z #32 6.556 Unpacking libperl5.40:amd64 (5.40.1-6) ...
2025-08-20T17:54:08.0723415Z #32 6.911 Selecting previously unselected package perl.
2025-08-20T17:54:08.0724048Z #32 6.911 Preparing to unpack .../04-perl_5.40.1-6_amd64.deb ...
2025-08-20T17:54:08.0724603Z #32 6.916 Unpacking perl (5.40.1-6) ...
2025-08-20T17:54:08.0725177Z #32 6.957 Selecting previously unselected package libbrotli1:amd64.
2025-08-20T17:54:08.0725907Z #32 6.959 Preparing to unpack .../05-libbrotli1_1.1.0-2+b7_amd64.deb ...
2025-08-20T17:54:08.0726531Z #32 6.963 Unpacking libbrotli1:amd64 (1.1.0-2+b7) ...
2025-08-20T17:54:08.0727184Z #32 7.007 Selecting previously unselected package libkrb5support0:amd64.
2025-08-20T17:54:08.0727946Z #32 7.009 Preparing to unpack .../06-libkrb5support0_1.21.3-5_amd64.deb ...
2025-08-20T17:54:08.0728605Z #32 7.013 Unpacking libkrb5support0:amd64 (1.21.3-5) ...
2025-08-20T17:54:08.0729263Z #32 7.040 Selecting previously unselected package libcom-err2:amd64.
2025-08-20T17:54:08.0729978Z #32 7.044 Preparing to unpack .../07-libcom-err2_1.47.2-3+b3_amd64.deb ...
2025-08-20T17:54:08.0730873Z #32 7.053 Unpacking libcom-err2:amd64 (1.47.2-3+b3) ...
2025-08-20T17:54:08.0731525Z #32 7.128 Selecting previously unselected package libk5crypto3:amd64.
2025-08-20T17:54:08.0732255Z #32 7.129 Preparing to unpack .../08-libk5crypto3_1.21.3-5_amd64.deb ...
2025-08-20T17:54:08.0732883Z #32 7.130 Unpacking libk5crypto3:amd64 (1.21.3-5) ...
2025-08-20T17:54:08.0733513Z #32 7.166 Selecting previously unselected package libkeyutils1:amd64.
2025-08-20T17:54:08.0734174Z #32 7.168 Preparing to unpack .../09-libkeyutils1_1.6.3-6_amd64.deb ...
2025-08-20T17:54:08.0734687Z #32 7.169 Unpacking libkeyutils1:amd64 (1.6.3-6) ...
2025-08-20T17:54:08.0735189Z #32 7.202 Selecting previously unselected package libkrb5-3:amd64.
2025-08-20T17:54:08.0735751Z #32 7.205 Preparing to unpack .../10-libkrb5-3_1.21.3-5_amd64.deb ...
2025-08-20T17:54:08.0736297Z #32 7.210 Unpacking libkrb5-3:amd64 (1.21.3-5) ...
2025-08-20T17:54:08.0736872Z #32 7.267 Selecting previously unselected package libgssapi-krb5-2:amd64.
2025-08-20T17:54:08.0737537Z #32 7.268 Preparing to unpack .../11-libgssapi-krb5-2_1.21.3-5_amd64.deb ...
2025-08-20T17:54:08.0738124Z #32 7.272 Unpacking libgssapi-krb5-2:amd64 (1.21.3-5) ...
2025-08-20T17:54:08.0738731Z #32 7.332 Selecting previously unselected package libunistring5:amd64.
2025-08-20T17:54:08.0739399Z #32 7.332 Preparing to unpack .../12-libunistring5_1.3-2_amd64.deb ...
2025-08-20T17:54:08.0739983Z #32 7.333 Unpacking libunistring5:amd64 (1.3-2) ...
2025-08-20T17:54:08.0740783Z #32 7.426 Selecting previously unselected package libidn2-0:amd64.
2025-08-20T17:54:08.0741485Z #32 7.426 Preparing to unpack .../13-libidn2-0_2.3.8-2_amd64.deb ...
2025-08-20T17:54:08.0742071Z #32 7.429 Unpacking libidn2-0:amd64 (2.3.8-2) ...
2025-08-20T17:54:08.0742730Z #32 7.455 Selecting previously unselected package libsasl2-modules-db:amd64.
2025-08-20T17:54:08.0744109Z #32 7.459 Preparing to unpack .../14-libsasl2-modules-db_2.1.28+dfsg1-9_amd64.deb ...
2025-08-20T17:54:08.0744956Z #32 7.462 Unpacking libsasl2-modules-db:amd64 (2.1.28+dfsg1-9) ...
2025-08-20T17:54:08.0745876Z #32 7.482 Selecting previously unselected package libsasl2-2:amd64.
2025-08-20T17:54:08.0746611Z #32 7.485 Preparing to unpack .../15-libsasl2-2_2.1.28+dfsg1-9_amd64.deb ...
2025-08-20T17:54:08.0747283Z #32 7.486 Unpacking libsasl2-2:amd64 (2.1.28+dfsg1-9) ...
2025-08-20T17:54:08.0747957Z #32 7.516 Selecting previously unselected package libldap2:amd64.
2025-08-20T17:54:08.0748666Z #32 7.516 Preparing to unpack .../16-libldap2_2.6.10+dfsg-1_amd64.deb ...
2025-08-20T17:54:08.0749306Z #32 7.517 Unpacking libldap2:amd64 (2.6.10+dfsg-1) ...
2025-08-20T17:54:08.0749954Z #32 7.572 Selecting previously unselected package libnghttp2-14:amd64.
2025-08-20T17:54:08.0781065Z #32 7.572 Preparing to unpack .../17-libnghttp2-14_1.64.0-1.1_amd64.deb ...
2025-08-20T17:54:08.0781794Z #32 7.574 Unpacking libnghttp2-14:amd64 (1.64.0-1.1) ...
2025-08-20T17:54:08.0782470Z #32 7.624 Selecting previously unselected package libnghttp3-9:amd64.
2025-08-20T17:54:08.0783213Z #32 7.624 Preparing to unpack .../18-libnghttp3-9_1.8.0-1_amd64.deb ...
2025-08-20T17:54:08.0783849Z #32 7.628 Unpacking libnghttp3-9:amd64 (1.8.0-1) ...
2025-08-20T17:54:08.0784452Z #32 7.663 Selecting previously unselected package libpsl5t64:amd64.
2025-08-20T17:54:08.0785183Z #32 7.663 Preparing to unpack .../19-libpsl5t64_0.21.2-1.1+b1_amd64.deb ...
2025-08-20T17:54:08.0785825Z #32 7.665 Unpacking libpsl5t64:amd64 (0.21.2-1.1+b1) ...
2025-08-20T17:54:08.0786461Z #32 7.698 Selecting previously unselected package libp11-kit0:amd64.
2025-08-20T17:54:08.0787167Z #32 7.700 Preparing to unpack .../20-libp11-kit0_0.25.5-3_amd64.deb ...
2025-08-20T17:54:08.0787774Z #32 7.702 Unpacking libp11-kit0:amd64 (0.25.5-3) ...
2025-08-20T17:54:08.0788388Z #32 7.747 Selecting previously unselected package libtasn1-6:amd64.
2025-08-20T17:54:08.0789093Z #32 7.749 Preparing to unpack .../21-libtasn1-6_4.20.0-2_amd64.deb ...
2025-08-20T17:54:08.0789699Z #32 7.751 Unpacking libtasn1-6:amd64 (4.20.0-2) ...
2025-08-20T17:54:08.0790521Z #32 7.791 Selecting previously unselected package libgnutls30t64:amd64.
2025-08-20T17:54:08.0791237Z #32 7.794 Preparing to unpack .../22-libgnutls30t64_3.8.9-3_amd64.deb ...
2025-08-20T17:54:08.0791785Z #32 7.796 Unpacking libgnutls30t64:amd64 (3.8.9-3) ...
2025-08-20T17:54:08.0792288Z #32 7.888 Selecting previously unselected package librtmp1:amd64.
2025-08-20T17:54:08.0792937Z #32 7.888 Preparing to unpack .../23-librtmp1_2.4+20151223.gitfa8646d.1-2+b5_amd64.deb ...
2025-08-20T17:54:08.0793604Z #32 7.890 Unpacking librtmp1:amd64 (2.4+20151223.gitfa8646d.1-2+b5) ...
2025-08-20T17:54:08.0794197Z #32 7.920 Selecting previously unselected package libssh2-1t64:amd64.
2025-08-20T17:54:08.0794851Z #32 7.922 Preparing to unpack .../24-libssh2-1t64_1.11.1-1_amd64.deb ...
2025-08-20T17:54:08.0795364Z #32 7.925 Unpacking libssh2-1t64:amd64 (1.11.1-1) ...
2025-08-20T17:54:08.0795885Z #32 7.975 Selecting previously unselected package libcurl4t64:amd64.
2025-08-20T17:54:08.0796451Z #32 7.978 Preparing to unpack .../25-libcurl4t64_8.14.1-2_amd64.deb ...
2025-08-20T17:54:08.0796952Z #32 7.983 Unpacking libcurl4t64:amd64 (8.14.1-2) ...
2025-08-20T17:54:08.0797379Z #32 8.038 Selecting previously unselected package curl.
2025-08-20T17:54:08.0797866Z #32 8.038 Preparing to unpack .../26-curl_8.14.1-2_amd64.deb ...
2025-08-20T17:54:08.0798291Z #32 8.039 Unpacking curl (8.14.1-2) ...
2025-08-20T17:54:08.0798719Z #32 8.099 Selecting previously unselected package libpq5:amd64.
2025-08-20T17:54:08.0799233Z #32 8.100 Preparing to unpack .../27-libpq5_17.5-1_amd64.deb ...
2025-08-20T17:54:08.0799680Z #32 8.102 Unpacking libpq5:amd64 (17.5-1) ...
2025-08-20T17:54:08.0800375Z #32 8.152 Selecting previously unselected package postgresql-client-common.
2025-08-20T17:54:08.0801032Z #32 8.154 Preparing to unpack .../28-postgresql-client-common_278_all.deb ...
2025-08-20T17:54:08.0801833Z #32 8.163 Unpacking postgresql-client-common (278) ...
2025-08-20T17:54:08.0802374Z #32 8.224 Selecting previously unselected package postgresql-client-17.
2025-08-20T17:54:08.0803170Z #32 8.227 Preparing to unpack .../29-postgresql-client-17_17.5-1_amd64.deb ...
2025-08-20T17:54:08.0803717Z #32 8.231 Unpacking postgresql-client-17 (17.5-1) ...
2025-08-20T17:54:08.0804222Z #32 8.435 Selecting previously unselected package postgresql-client.
2025-08-20T17:54:08.0804814Z #32 8.435 Preparing to unpack .../30-postgresql-client_17+278_all.deb ...
2025-08-20T17:54:08.0805322Z #32 8.436 Unpacking postgresql-client (17+278) ...
2025-08-20T17:54:08.0805743Z #32 8.475 Setting up libkeyutils1:amd64 (1.6.3-6) ...
2025-08-20T17:54:08.0806181Z #32 8.481 Setting up libgdbm-compat4t64:amd64 (1.24-2) ...
2025-08-20T17:54:08.0806636Z #32 8.485 Setting up libbrotli1:amd64 (1.1.0-2+b7) ...
2025-08-20T17:54:08.0807075Z #32 8.495 Setting up libnghttp2-14:amd64 (1.64.0-1.1) ...
2025-08-20T17:54:08.0807526Z #32 8.497 Setting up libcom-err2:amd64 (1.47.2-3+b3) ...
2025-08-20T17:54:08.0807971Z #32 8.499 Setting up libkrb5support0:amd64 (1.21.3-5) ...
2025-08-20T17:54:08.0808465Z #32 8.502 Setting up libsasl2-modules-db:amd64 (2.1.28+dfsg1-9) ...
2025-08-20T17:54:08.0808959Z #32 8.505 Setting up libp11-kit0:amd64 (0.25.5-3) ...
2025-08-20T17:54:08.0809382Z #32 8.512 Setting up libunistring5:amd64 (1.3-2) ...
2025-08-20T17:54:08.0809801Z #32 8.515 Setting up libk5crypto3:amd64 (1.21.3-5) ...
2025-08-20T17:54:08.0860606Z #32 8.520 Setting up libsasl2-2:amd64 (2.1.28+dfsg1-9) ...
2025-08-20T17:54:08.0861106Z #32 8.523 Setting up libnghttp3-9:amd64 (1.8.0-1) ...
2025-08-20T17:54:08.0861540Z #32 8.526 Setting up perl-modules-5.40 (5.40.1-6) ...
2025-08-20T17:54:08.0861953Z #32 8.528 Setting up sensible-utils (0.0.25) ...
2025-08-20T17:54:08.0862365Z #32 8.531 Setting up libtasn1-6:amd64 (4.20.0-2) ...
2025-08-20T17:54:08.0862779Z #32 8.537 Setting up libkrb5-3:amd64 (1.21.3-5) ...
2025-08-20T17:54:08.0863212Z #32 8.540 Setting up libssh2-1t64:amd64 (1.11.1-1) ...
2025-08-20T17:54:08.0863652Z #32 8.550 Setting up libldap2:amd64 (2.6.10+dfsg-1) ...
2025-08-20T17:54:08.0864078Z #32 8.554 Setting up libidn2-0:amd64 (2.3.8-2) ...
2025-08-20T17:54:08.0864498Z #32 8.557 Setting up libperl5.40:amd64 (5.40.1-6) ...
2025-08-20T17:54:08.0864883Z #32 8.560 Setting up perl (5.40.1-6) ...
2025-08-20T17:54:08.0865289Z #32 8.567 Setting up libgssapi-krb5-2:amd64 (1.21.3-5) ...
2025-08-20T17:54:08.0865723Z #32 8.582 Setting up libgnutls30t64:amd64 (3.8.9-3) ...
2025-08-20T17:54:08.0866169Z #32 8.586 Setting up postgresql-client-common (278) ...
2025-08-20T17:54:08.0866616Z #32 8.601 Setting up libpsl5t64:amd64 (0.21.2-1.1+b1) ...
2025-08-20T17:54:08.0867041Z #32 8.604 Setting up libpq5:amd64 (17.5-1) ...
2025-08-20T17:54:08.0867508Z #32 8.608 Setting up librtmp1:amd64 (2.4+20151223.gitfa8646d.1-2+b5) ...
2025-08-20T17:54:08.0868008Z #32 8.614 Setting up libcurl4t64:amd64 (8.14.1-2) ...
2025-08-20T17:54:08.0868457Z #32 8.619 Setting up postgresql-client-17 (17.5-1) ...
2025-08-20T17:54:08.0869373Z #32 9.163 update-alternatives: using /usr/share/postgresql/17/man/man1/psql.1.gz to provide /usr/share/man/man1/psql.1.gz (psql.1.gz) in auto mode
2025-08-20T17:54:08.0870608Z #32 9.253 Setting up curl (8.14.1-2) ...
2025-08-20T17:54:08.0870991Z #32 9.263 Setting up postgresql-client (17+278) ...
2025-08-20T17:54:08.0871439Z #32 9.266 Processing triggers for libc-bin (2.41-12) ...
2025-08-20T17:54:08.0874689Z #32 9.311 + rm -rf /var/lib/apt/lists/auxfiles /var/lib/apt/lists/deb.debian.org_debian-security_dists_trixie-security_InRelease /var/lib/apt/lists/deb.debian.org_debian-security_dists_trixie-security_main_binary-amd64_Packages.lz4 /var/lib/apt/lists/deb.debian.org_debian_dists_trixie-updates_InRelease /var/lib/apt/lists/deb.debian.org_debian_dists_trixie-updates_main_binary-amd64_Packages.lz4 /var/lib/apt/lists/deb.debian.org_debian_dists_trixie_InRelease /var/lib/apt/lists/deb.debian.org_debian_dists_trixie_main_binary-amd64_Packages.lz4 /var/lib/apt/lists/lock /var/lib/apt/lists/partial
2025-08-20T17:54:08.0878133Z #32 DONE 9.5s
2025-08-20T17:54:08.0878322Z 
2025-08-20T17:54:08.0878841Z #31 [celery_worker base 4/5] RUN if [ -n "" ] && [ -f "" ]; then         pip install -r requirements.txt -c "";     else         pip install -r requirements.txt;     fi
2025-08-20T17:54:08.0880347Z #31 9.326 Collecting pyyaml (from confuse~=1.4.0->python-amazon-sp-api==0.8.0->-r requirements.txt (line 5))
2025-08-20T17:54:08.0881320Z #31 9.341   Downloading PyYAML-6.0.2-cp312-cp312-manylinux_2_17_x86_64.manylinux2014_x86_64.whl.metadata (2.1 kB)
2025-08-20T17:54:08.1772584Z #31 9.507 Collecting amqp<6.0.0,>=5.1.1 (from kombu<6.0,>=5.3.4->celery==5.3.*->-r requirements.txt (line 3))
2025-08-20T17:54:08.1773390Z #31 9.518   Downloading amqp-5.3.1-py3-none-any.whl.metadata (8.9 kB)
2025-08-20T17:54:08.3502769Z #31 9.562 Collecting annotated-types>=0.6.0 (from pydantic->keepa==1.3.14->-r requirements.txt (line 1))
2025-08-20T17:54:08.3504718Z #31 9.574   Downloading annotated_types-0.7.0-py3-none-any.whl.metadata (15 kB)
2025-08-20T17:54:08.7711223Z #31 ...
2025-08-20T17:54:08.7715736Z 
2025-08-20T17:54:08.7718835Z #33 [fees_h10 base 4/6] RUN if [ -n "" ] && [ -f "fees_h10/" ]; then         pip install -r fees_h10/requirements.txt -c fees_h10/;     else         pip install -r fees_h10/requirements.txt;     fi
2025-08-20T17:54:08.7728655Z #33 2.892 Collecting celery==5.4.* (from celery[redis]==5.4.*->-r fees_h10/requirements.txt (line 1))
2025-08-20T17:54:08.7729589Z #33 2.974   Downloading celery-5.4.0-py3-none-any.whl.metadata (21 kB)
2025-08-20T17:54:08.7730530Z #33 3.123 Collecting asyncpg (from -r fees_h10/requirements.txt (line 2))
2025-08-20T17:54:08.7731549Z #33 3.142   Downloading asyncpg-0.30.0-cp312-cp312-manylinux_2_17_x86_64.manylinux2014_x86_64.whl.metadata (5.0 kB)
2025-08-20T17:54:08.7732538Z #33 3.223 Collecting httpx (from -r fees_h10/requirements.txt (line 3))
2025-08-20T17:54:08.7733312Z #33 3.242   Downloading httpx-0.28.1-py3-none-any.whl.metadata (7.1 kB)
2025-08-20T17:54:08.7734113Z #33 3.688 Collecting sqlalchemy (from -r fees_h10/requirements.txt (line 4))
2025-08-20T17:54:08.7735185Z #33 3.710   Downloading sqlalchemy-2.0.43-cp312-cp312-manylinux_2_17_x86_64.manylinux2014_x86_64.whl.metadata (9.6 kB)
2025-08-20T17:54:08.7736437Z #33 3.822 Collecting billiard<5.0,>=4.2.0 (from celery==5.4.*->celery[redis]==5.4.*->-r fees_h10/requirements.txt (line 1))
2025-08-20T17:54:08.7737440Z #33 3.840   Downloading billiard-4.2.1-py3-none-any.whl.metadata (4.4 kB)
2025-08-20T17:54:08.7738408Z #33 3.917 Collecting kombu<6.0,>=5.3.4 (from celery==5.4.*->celery[redis]==5.4.*->-r fees_h10/requirements.txt (line 1))
2025-08-20T17:54:08.7739342Z #33 3.937   Downloading kombu-5.5.4-py3-none-any.whl.metadata (3.5 kB)
2025-08-20T17:54:08.7771030Z #33 3.980 Collecting vine<6.0,>=5.1.0 (from celery==5.4.*->celery[redis]==5.4.*->-r fees_h10/requirements.txt (line 1))
2025-08-20T17:54:08.7772009Z #33 3.997   Downloading vine-5.1.0-py3-none-any.whl.metadata (2.7 kB)
2025-08-20T17:54:08.7772960Z #33 4.042 Collecting click<9.0,>=8.1.2 (from celery==5.4.*->celery[redis]==5.4.*->-r fees_h10/requirements.txt (line 1))
2025-08-20T17:54:08.7773903Z #33 4.060   Downloading click-8.2.1-py3-none-any.whl.metadata (2.5 kB)
2025-08-20T17:54:08.7774942Z #33 4.089 Collecting click-didyoumean>=0.3.0 (from celery==5.4.*->celery[redis]==5.4.*->-r fees_h10/requirements.txt (line 1))
2025-08-20T17:54:08.7776028Z #33 4.108   Downloading click_didyoumean-0.3.1-py3-none-any.whl.metadata (3.9 kB)
2025-08-20T17:54:08.7777056Z #33 4.143 Collecting click-repl>=0.2.0 (from celery==5.4.*->celery[redis]==5.4.*->-r fees_h10/requirements.txt (line 1))
2025-08-20T17:54:08.7778041Z #33 4.165   Downloading click_repl-0.3.0-py3-none-any.whl.metadata (3.6 kB)
2025-08-20T17:54:08.7779058Z #33 4.196 Collecting click-plugins>=1.1.1 (from celery==5.4.*->celery[redis]==5.4.*->-r fees_h10/requirements.txt (line 1))
2025-08-20T17:54:08.7780290Z #33 4.212   Downloading click_plugins-1.1.1.2-py2.py3-none-any.whl.metadata (6.5 kB)
2025-08-20T17:54:08.7781733Z #33 4.247 Collecting tzdata>=2022.7 (from celery==5.4.*->celery[redis]==5.4.*->-r fees_h10/requirements.txt (line 1))
2025-08-20T17:54:08.7782746Z #33 4.266   Downloading tzdata-2025.2-py2.py3-none-any.whl.metadata (1.4 kB)
2025-08-20T17:54:08.7783999Z #33 4.303 Collecting python-dateutil>=2.8.2 (from celery==5.4.*->celery[redis]==5.4.*->-r fees_h10/requirements.txt (line 1))
2025-08-20T17:54:08.7785143Z #33 4.320   Downloading python_dateutil-2.9.0.post0-py2.py3-none-any.whl.metadata (8.4 kB)
2025-08-20T17:54:08.7786216Z #33 4.397 Collecting redis!=4.5.5,<6.0.0,>=4.5.2 (from celery[redis]==5.4.*->-r fees_h10/requirements.txt (line 1))
2025-08-20T17:54:08.7787137Z #33 4.416   Downloading redis-5.3.1-py3-none-any.whl.metadata (9.2 kB)
2025-08-20T17:54:08.7787932Z #33 4.467 Collecting anyio (from httpx->-r fees_h10/requirements.txt (line 3))
2025-08-20T17:54:08.7788722Z #33 4.486   Downloading anyio-4.10.0-py3-none-any.whl.metadata (4.0 kB)
2025-08-20T17:54:08.7789543Z #33 4.540 Collecting certifi (from httpx->-r fees_h10/requirements.txt (line 3))
2025-08-20T17:54:08.7790529Z #33 4.556   Downloading certifi-2025.8.3-py3-none-any.whl.metadata (2.4 kB)
2025-08-20T17:54:08.7791400Z #33 4.610 Collecting httpcore==1.* (from httpx->-r fees_h10/requirements.txt (line 3))
2025-08-20T17:54:08.7792244Z #33 4.644   Downloading httpcore-1.0.9-py3-none-any.whl.metadata (21 kB)
2025-08-20T17:54:08.7793030Z #33 4.703 Collecting idna (from httpx->-r fees_h10/requirements.txt (line 3))
2025-08-20T17:54:08.7793784Z #33 4.720   Downloading idna-3.10-py3-none-any.whl.metadata (10 kB)
2025-08-20T17:54:08.7794603Z #33 4.774 Collecting h11>=0.16 (from httpcore==1.*->httpx->-r fees_h10/requirements.txt (line 3))
2025-08-20T17:54:08.7795439Z #33 4.791   Downloading h11-0.16.0-py3-none-any.whl.metadata (8.3 kB)
2025-08-20T17:54:08.7796242Z #33 5.095 Collecting greenlet>=1 (from sqlalchemy->-r fees_h10/requirements.txt (line 4))
2025-08-20T17:54:08.7797345Z #33 5.111   Downloading greenlet-3.2.4-cp312-cp312-manylinux_2_24_x86_64.manylinux_2_28_x86_64.whl.metadata (4.1 kB)
2025-08-20T17:54:08.7798506Z #33 5.171 Collecting typing-extensions>=4.6.0 (from sqlalchemy->-r fees_h10/requirements.txt (line 4))
2025-08-20T17:54:08.7799520Z #33 5.187   Downloading typing_extensions-4.14.1-py3-none-any.whl.metadata (3.0 kB)
2025-08-20T17:54:08.7831011Z #33 5.323 Collecting prompt-toolkit>=3.0.36 (from click-repl>=0.2.0->celery==5.4.*->celery[redis]==5.4.*->-r fees_h10/requirements.txt (line 1))
2025-08-20T17:54:08.7832200Z #33 5.343   Downloading prompt_toolkit-3.0.51-py3-none-any.whl.metadata (6.4 kB)
2025-08-20T17:54:08.7833299Z #33 5.428 Collecting amqp<6.0.0,>=5.1.1 (from kombu<6.0,>=5.3.4->celery==5.4.*->celery[redis]==5.4.*->-r fees_h10/requirements.txt (line 1))
2025-08-20T17:54:08.7834282Z #33 5.447   Downloading amqp-5.3.1-py3-none-any.whl.metadata (8.9 kB)
2025-08-20T17:54:08.7835271Z #33 5.861 Collecting packaging (from kombu<6.0,>=5.3.4->celery==5.4.*->celery[redis]==5.4.*->-r fees_h10/requirements.txt (line 1))
2025-08-20T17:54:08.7836306Z #33 5.878   Downloading packaging-25.0-py3-none-any.whl.metadata (3.3 kB)
2025-08-20T17:54:08.7837352Z #33 5.955 Collecting six>=1.5 (from python-dateutil>=2.8.2->celery==5.4.*->celery[redis]==5.4.*->-r fees_h10/requirements.txt (line 1))
2025-08-20T17:54:08.7838410Z #33 5.971   Downloading six-1.17.0-py2.py3-none-any.whl.metadata (1.7 kB)
2025-08-20T17:54:08.7839365Z #33 6.028 Collecting PyJWT>=2.9.0 (from redis!=4.5.5,<6.0.0,>=4.5.2->celery[redis]==5.4.*->-r fees_h10/requirements.txt (line 1))
2025-08-20T17:54:08.7840472Z #33 6.050   Downloading PyJWT-2.10.1-py3-none-any.whl.metadata (4.0 kB)
2025-08-20T17:54:08.7841331Z #33 6.100 Collecting sniffio>=1.1 (from anyio->httpx->-r fees_h10/requirements.txt (line 3))
2025-08-20T17:54:08.7842176Z #33 6.119   Downloading sniffio-1.3.1-py3-none-any.whl.metadata (3.9 kB)
2025-08-20T17:54:08.7843321Z #33 6.171 Collecting wcwidth (from prompt-toolkit>=3.0.36->click-repl>=0.2.0->celery==5.4.*->celery[redis]==5.4.*->-r fees_h10/requirements.txt (line 1))
2025-08-20T17:54:08.7844734Z #33 6.187   Downloading wcwidth-0.2.13-py2.py3-none-any.whl.metadata (14 kB)
2025-08-20T17:54:08.7845481Z #33 6.222 Downloading celery-5.4.0-py3-none-any.whl (425 kB)
2025-08-20T17:54:08.7846553Z #33 6.291 Downloading asyncpg-0.30.0-cp312-cp312-manylinux_2_17_x86_64.manylinux2014_x86_64.whl (3.6 MB)
2025-08-20T17:54:08.7847962Z #33 6.350    ━━━━━━━━━━━━━━━━━━━━━━━━━━━━━━━━━━━━━━━━ 3.6/3.6 MB 66.8 MB/s eta 0:00:00
2025-08-20T17:54:08.7848687Z #33 6.369 Downloading httpx-0.28.1-py3-none-any.whl (73 kB)
2025-08-20T17:54:08.7849309Z #33 6.389 Downloading httpcore-1.0.9-py3-none-any.whl (78 kB)
2025-08-20T17:54:08.7850404Z #33 6.409 Downloading sqlalchemy-2.0.43-cp312-cp312-manylinux_2_17_x86_64.manylinux2014_x86_64.whl (3.3 MB)
2025-08-20T17:54:08.7851547Z #33 6.438    ━━━━━━━━━━━━━━━━━━━━━━━━━━━━━━━━━━━━━━━━ 3.3/3.3 MB 121.0 MB/s eta 0:00:00
2025-08-20T17:54:08.7852203Z #33 6.456 Downloading billiard-4.2.1-py3-none-any.whl (86 kB)
2025-08-20T17:54:08.7852872Z #33 6.476 Downloading click-8.2.1-py3-none-any.whl (102 kB)
2025-08-20T17:54:08.7853551Z #33 6.497 Downloading click_didyoumean-0.3.1-py3-none-any.whl (3.6 kB)
2025-08-20T17:54:08.7854326Z #33 6.518 Downloading click_plugins-1.1.1.2-py2.py3-none-any.whl (11 kB)
2025-08-20T17:54:08.7855062Z #33 6.544 Downloading click_repl-0.3.0-py3-none-any.whl (10 kB)
2025-08-20T17:54:08.7855950Z #33 6.562 Downloading greenlet-3.2.4-cp312-cp312-manylinux_2_24_x86_64.manylinux_2_28_x86_64.whl (607 kB)
2025-08-20T17:54:08.7857032Z #33 6.577    ━━━━━━━━━━━━━━━━━━━━━━━━━━━━━━━━━━━━━━━━ 607.6/607.6 kB 40.3 MB/s eta 0:00:00
2025-08-20T17:54:08.7857666Z #33 6.594 Downloading kombu-5.5.4-py3-none-any.whl (210 kB)
2025-08-20T17:54:08.7858279Z #33 6.619 Downloading vine-5.1.0-py3-none-any.whl (9.6 kB)
2025-08-20T17:54:08.7859027Z #33 6.643 Downloading python_dateutil-2.9.0.post0-py2.py3-none-any.whl (229 kB)
2025-08-20T17:54:08.7859780Z #33 6.672 Downloading redis-5.3.1-py3-none-any.whl (272 kB)
2025-08-20T17:54:08.7895755Z #33 6.701 Downloading typing_extensions-4.14.1-py3-none-any.whl (43 kB)
2025-08-20T17:54:08.7896535Z #33 6.724 Downloading tzdata-2025.2-py2.py3-none-any.whl (347 kB)
2025-08-20T17:54:08.7897210Z #33 6.746 Downloading anyio-4.10.0-py3-none-any.whl (107 kB)
2025-08-20T17:54:08.7897836Z #33 6.768 Downloading idna-3.10-py3-none-any.whl (70 kB)
2025-08-20T17:54:08.7898458Z #33 6.797 Downloading certifi-2025.8.3-py3-none-any.whl (161 kB)
2025-08-20T17:54:08.7899045Z #33 6.821 Downloading amqp-5.3.1-py3-none-any.whl (50 kB)
2025-08-20T17:54:08.7899630Z #33 6.844 Downloading h11-0.16.0-py3-none-any.whl (37 kB)
2025-08-20T17:54:08.7900535Z #33 6.862 Downloading prompt_toolkit-3.0.51-py3-none-any.whl (387 kB)
2025-08-20T17:54:08.7901216Z #33 6.890 Downloading PyJWT-2.10.1-py3-none-any.whl (22 kB)
2025-08-20T17:54:08.7901838Z #33 6.910 Downloading six-1.17.0-py2.py3-none-any.whl (11 kB)
2025-08-20T17:54:08.7902452Z #33 6.936 Downloading sniffio-1.3.1-py3-none-any.whl (10 kB)
2025-08-20T17:54:08.7903074Z #33 6.954 Downloading packaging-25.0-py3-none-any.whl (66 kB)
2025-08-20T17:54:08.7903752Z #33 6.978 Downloading wcwidth-0.2.13-py2.py3-none-any.whl (34 kB)
2025-08-20T17:54:08.7905887Z #33 7.120 Installing collected packages: wcwidth, vine, tzdata, typing-extensions, sniffio, six, PyJWT, prompt-toolkit, packaging, idna, h11, greenlet, click, certifi, billiard, asyncpg, sqlalchemy, redis, python-dateutil, httpcore, click-repl, click-plugins, click-didyoumean, anyio, amqp, kombu, httpx, celery
2025-08-20T17:54:08.9186725Z #33 ...
2025-08-20T17:54:08.9187048Z 
2025-08-20T17:54:08.9251208Z #34 [api base  4/13] RUN pip install --no-cache-dir -r requirements.txt
2025-08-20T17:54:08.9251977Z #34 2.817 Collecting uvicorn==0.29.0 (from -r requirements.txt (line 1))
2025-08-20T17:54:08.9252734Z #34 2.887   Downloading uvicorn-0.29.0-py3-none-any.whl.metadata (6.3 kB)
2025-08-20T17:54:08.9253751Z #34 2.927 Collecting pydantic-settings==2.2.1 (from -r requirements.txt (line 2))
2025-08-20T17:54:08.9254766Z #34 2.942   Downloading pydantic_settings-2.2.1-py3-none-any.whl.metadata (3.1 kB)
2025-08-20T17:54:08.9255915Z #34 3.008 Collecting fastapi==0.111.0 (from -r requirements.txt (line 3))
2025-08-20T17:54:08.9262153Z #34 3.024   Downloading fastapi-0.111.0-py3-none-any.whl.metadata (25 kB)
2025-08-20T17:54:08.9263301Z #34 3.427 Collecting sqlalchemy==2.0.29 (from -r requirements.txt (line 4))
2025-08-20T17:54:08.9264354Z #34 3.447   Downloading SQLAlchemy-2.0.29-cp312-cp312-manylinux_2_17_x86_64.manylinux2014_x86_64.whl.metadata (9.6 kB)
2025-08-20T17:54:08.9265368Z #34 3.499 Collecting alembic==1.13.1 (from -r requirements.txt (line 5))
2025-08-20T17:54:08.9266185Z #34 3.514   Downloading alembic-1.13.1-py3-none-any.whl.metadata (7.4 kB)
2025-08-20T17:54:08.9267064Z #34 3.548 Collecting psycopg==3.2.9 (from psycopg[binary]==3.2.9->-r requirements.txt (line 6))
2025-08-20T17:54:08.9267921Z #34 3.562   Downloading psycopg-3.2.9-py3-none-any.whl.metadata (4.5 kB)
2025-08-20T17:54:08.9268671Z #34 3.602 Collecting httpx==0.27.2 (from -r requirements.txt (line 7))
2025-08-20T17:54:08.9269412Z #34 3.615   Downloading httpx-0.27.2-py3-none-any.whl.metadata (7.1 kB)
2025-08-20T17:54:08.9270339Z #34 3.707 Collecting asyncpg==0.29.0 (from -r requirements.txt (line 8))
2025-08-20T17:54:08.9271281Z #34 3.732   Downloading asyncpg-0.29.0-cp312-cp312-manylinux_2_17_x86_64.manylinux2014_x86_64.whl.metadata (4.4 kB)
2025-08-20T17:54:08.9272248Z #34 4.145 Collecting boto3==1.34.162 (from -r requirements.txt (line 9))
2025-08-20T17:54:08.9272992Z #34 4.159   Downloading boto3-1.34.162-py3-none-any.whl.metadata (6.6 kB)
2025-08-20T17:54:08.9273735Z #34 4.184 Collecting Jinja2==3.1.5 (from -r requirements.txt (line 10))
2025-08-20T17:54:08.9274476Z #34 4.200   Downloading jinja2-3.1.5-py3-none-any.whl.metadata (2.6 kB)
2025-08-20T17:54:08.9275206Z #34 4.256 Collecting celery==5.3.* (from -r requirements.txt (line 11))
2025-08-20T17:54:08.9275923Z #34 4.272   Downloading celery-5.3.6-py3-none-any.whl.metadata (21 kB)
2025-08-20T17:54:08.9276651Z #34 4.337 Collecting structlog==24.1.0 (from -r requirements.txt (line 12))
2025-08-20T17:54:08.9277457Z #34 4.353   Downloading structlog-24.1.0-py3-none-any.whl.metadata (6.9 kB)
2025-08-20T17:54:08.9278305Z #34 4.408 Collecting asgi-correlation-id==4.3.1 (from -r requirements.txt (line 13))
2025-08-20T17:54:08.9279185Z #34 4.424   Downloading asgi_correlation_id-4.3.1-py3-none-any.whl.metadata (28 kB)
2025-08-20T17:54:08.9280045Z #34 4.449 Collecting fastapi-limiter==0.1.6 (from -r requirements.txt (line 14))
2025-08-20T17:54:08.9311293Z #34 4.465   Downloading fastapi_limiter-0.1.6-py3-none-any.whl.metadata (5.3 kB)
2025-08-20T17:54:08.9312132Z #34 4.520 Collecting redis==5.0.8 (from -r requirements.txt (line 15))
2025-08-20T17:54:08.9312890Z #34 4.541   Downloading redis-5.0.8-py3-none-any.whl.metadata (9.2 kB)
2025-08-20T17:54:08.9313892Z #34 4.621 Collecting sentry-sdk==2.9.0 (from sentry-sdk[celery,fastapi,sqlalchemy]==2.9.0->-r requirements.txt (line 16))
2025-08-20T17:54:08.9314956Z #34 4.638   Downloading sentry_sdk-2.9.0-py2.py3-none-any.whl.metadata (14 kB)
2025-08-20T17:54:08.9315796Z #34 4.767 Collecting click>=7.0 (from uvicorn==0.29.0->-r requirements.txt (line 1))
2025-08-20T17:54:08.9316585Z #34 4.783   Downloading click-8.2.1-py3-none-any.whl.metadata (2.5 kB)
2025-08-20T17:54:08.9317348Z #34 4.805 Collecting h11>=0.8 (from uvicorn==0.29.0->-r requirements.txt (line 1))
2025-08-20T17:54:08.9318097Z #34 4.828   Downloading h11-0.16.0-py3-none-any.whl.metadata (8.3 kB)
2025-08-20T17:54:08.9318921Z #34 5.039 Collecting pydantic>=2.3.0 (from pydantic-settings==2.2.1->-r requirements.txt (line 2))
2025-08-20T17:54:08.9319823Z #34 5.054   Downloading pydantic-2.11.7-py3-none-any.whl.metadata (67 kB)
2025-08-20T17:54:08.9321010Z #34 5.104 Collecting python-dotenv>=0.21.0 (from pydantic-settings==2.2.1->-r requirements.txt (line 2))
2025-08-20T17:54:08.9321984Z #34 5.119   Downloading python_dotenv-1.1.1-py3-none-any.whl.metadata (24 kB)
2025-08-20T17:54:08.9322881Z #34 5.179 Collecting starlette<0.38.0,>=0.37.2 (from fastapi==0.111.0->-r requirements.txt (line 3))
2025-08-20T17:54:08.9324029Z #34 5.195   Downloading starlette-0.37.2-py3-none-any.whl.metadata (5.9 kB)
2025-08-20T17:54:08.9324954Z #34 5.311 Collecting typing-extensions>=4.8.0 (from fastapi==0.111.0->-r requirements.txt (line 3))
2025-08-20T17:54:08.9326128Z #34 5.328   Downloading typing_extensions-4.14.1-py3-none-any.whl.metadata (3.0 kB)
2025-08-20T17:54:08.9327037Z #34 5.351 Collecting fastapi-cli>=0.0.2 (from fastapi==0.111.0->-r requirements.txt (line 3))
2025-08-20T17:54:08.9327928Z #34 5.375   Downloading fastapi_cli-0.0.8-py3-none-any.whl.metadata (6.3 kB)
2025-08-20T17:54:08.9328832Z #34 5.422 Collecting python-multipart>=0.0.7 (from fastapi==0.111.0->-r requirements.txt (line 3))
2025-08-20T17:54:08.9329764Z #34 5.436   Downloading python_multipart-0.0.20-py3-none-any.whl.metadata (1.8 kB)
2025-08-20T17:54:08.9330883Z #34 5.527 Collecting ujson!=4.0.2,!=4.1.0,!=4.2.0,!=4.3.0,!=5.0.0,!=5.1.0,>=4.0.1 (from fastapi==0.111.0->-r requirements.txt (line 3))
2025-08-20T17:54:08.9331951Z #34 5.571   Downloading ujson-5.11.0-cp312-cp312-manylinux_2_24_x86_64.manylinux_2_28_x86_64.whl.metadata (9.4 kB)
2025-08-20T17:54:08.9332966Z #34 5.799 Collecting orjson>=3.2.1 (from fastapi==0.111.0->-r requirements.txt (line 3))
2025-08-20T17:54:08.9333975Z #34 5.852   Downloading orjson-3.11.2-cp312-cp312-manylinux_2_17_x86_64.manylinux2014_x86_64.whl.metadata (1.2 kB)
2025-08-20T17:54:08.9335035Z #34 5.872 Collecting email_validator>=2.0.0 (from fastapi==0.111.0->-r requirements.txt (line 3))
2025-08-20T17:54:08.9335933Z #34 5.887   Downloading email_validator-2.2.0-py3-none-any.whl.metadata (25 kB)
2025-08-20T17:54:08.9336798Z #34 6.058 Collecting greenlet!=0.4.17 (from sqlalchemy==2.0.29->-r requirements.txt (line 4))
2025-08-20T17:54:08.9337814Z #34 6.076   Downloading greenlet-3.2.4-cp312-cp312-manylinux_2_24_x86_64.manylinux_2_28_x86_64.whl.metadata (4.1 kB)
2025-08-20T17:54:08.9338802Z #34 6.124 Collecting Mako (from alembic==1.13.1->-r requirements.txt (line 5))
2025-08-20T17:54:08.9339562Z #34 6.139   Downloading mako-1.3.10-py3-none-any.whl.metadata (2.9 kB)
2025-08-20T17:54:08.9385293Z #34 6.191 Collecting anyio (from httpx==0.27.2->-r requirements.txt (line 7))
2025-08-20T17:54:08.9391256Z #34 6.205   Downloading anyio-4.10.0-py3-none-any.whl.metadata (4.0 kB)
2025-08-20T17:54:08.9392130Z #34 6.251 Collecting certifi (from httpx==0.27.2->-r requirements.txt (line 7))
2025-08-20T17:54:08.9392988Z #34 6.272   Downloading certifi-2025.8.3-py3-none-any.whl.metadata (2.4 kB)
2025-08-20T17:54:08.9393831Z #34 6.304 Collecting httpcore==1.* (from httpx==0.27.2->-r requirements.txt (line 7))
2025-08-20T17:54:08.9394654Z #34 6.315   Downloading httpcore-1.0.9-py3-none-any.whl.metadata (21 kB)
2025-08-20T17:54:08.9395433Z #34 6.345 Collecting idna (from httpx==0.27.2->-r requirements.txt (line 7))
2025-08-20T17:54:08.9396181Z #34 6.365   Downloading idna-3.10-py3-none-any.whl.metadata (10 kB)
2025-08-20T17:54:08.9396976Z #34 6.379 Collecting sniffio (from httpx==0.27.2->-r requirements.txt (line 7))
2025-08-20T17:54:08.9397773Z #34 6.395   Downloading sniffio-1.3.1-py3-none-any.whl.metadata (3.9 kB)
2025-08-20T17:54:08.9398619Z #34 7.068 Collecting botocore<1.35.0,>=1.34.162 (from boto3==1.34.162->-r requirements.txt (line 9))
2025-08-20T17:54:08.9399513Z #34 7.087   Downloading botocore-1.34.162-py3-none-any.whl.metadata (5.7 kB)
2025-08-20T17:54:08.9400619Z #34 7.110 Collecting jmespath<2.0.0,>=0.7.1 (from boto3==1.34.162->-r requirements.txt (line 9))
2025-08-20T17:54:08.9401469Z #34 7.125   Downloading jmespath-1.0.1-py3-none-any.whl.metadata (7.6 kB)
2025-08-20T17:54:08.9402339Z #34 7.162 Collecting s3transfer<0.11.0,>=0.10.0 (from boto3==1.34.162->-r requirements.txt (line 9))
2025-08-20T17:54:08.9403211Z #34 7.182   Downloading s3transfer-0.10.4-py3-none-any.whl.metadata (1.7 kB)
2025-08-20T17:54:08.9404060Z #34 7.253 Collecting MarkupSafe>=2.0 (from Jinja2==3.1.5->-r requirements.txt (line 10))
2025-08-20T17:54:08.9405493Z #34 7.268   Downloading MarkupSafe-3.0.2-cp312-cp312-manylinux_2_17_x86_64.manylinux2014_x86_64.whl.metadata (4.0 kB)
2025-08-20T17:54:08.9406605Z #34 7.326 Collecting billiard<5.0,>=4.2.0 (from celery==5.3.*->-r requirements.txt (line 11))
2025-08-20T17:54:08.9407662Z #34 7.340   Downloading billiard-4.2.1-py3-none-any.whl.metadata (4.4 kB)
2025-08-20T17:54:08.9408542Z #34 7.390 Collecting click-didyoumean>=0.3.0 (from celery==5.3.*->-r requirements.txt (line 11))
2025-08-20T17:54:08.9409496Z #34 7.404   Downloading click_didyoumean-0.3.1-py3-none-any.whl.metadata (3.9 kB)
2025-08-20T17:54:08.9414262Z #34 7.425 Collecting click-plugins>=1.1.1 (from celery==5.3.*->-r requirements.txt (line 11))
2025-08-20T17:54:08.9415252Z #34 7.441   Downloading click_plugins-1.1.1.2-py2.py3-none-any.whl.metadata (6.5 kB)
2025-08-20T17:54:08.9416164Z #34 7.459 Collecting click-repl>=0.2.0 (from celery==5.3.*->-r requirements.txt (line 11))
2025-08-20T17:54:08.9417006Z #34 7.478   Downloading click_repl-0.3.0-py3-none-any.whl.metadata (3.6 kB)
2025-08-20T17:54:08.9417846Z #34 7.546 Collecting kombu<6.0,>=5.3.4 (from celery==5.3.*->-r requirements.txt (line 11))
2025-08-20T17:54:08.9418655Z #34 7.561   Downloading kombu-5.5.4-py3-none-any.whl.metadata (3.5 kB)
2025-08-20T17:54:08.9419531Z #34 7.596 Collecting python-dateutil>=2.8.2 (from celery==5.3.*->-r requirements.txt (line 11))
2025-08-20T17:54:08.9420680Z #34 7.611   Downloading python_dateutil-2.9.0.post0-py2.py3-none-any.whl.metadata (8.4 kB)
2025-08-20T17:54:08.9421428Z #34 7.637 Collecting tzdata>=2022.7 (from celery==5.3.*->-r requirements.txt (line 11))
2025-08-20T17:54:08.9422103Z #34 7.653   Downloading tzdata-2025.2-py2.py3-none-any.whl.metadata (1.4 kB)
2025-08-20T17:54:08.9422735Z #34 7.671 Collecting vine<6.0,>=5.1.0 (from celery==5.3.*->-r requirements.txt (line 11))
2025-08-20T17:54:08.9423345Z #34 7.689   Downloading vine-5.1.0-py3-none-any.whl.metadata (2.7 kB)
2025-08-20T17:54:08.9424189Z #34 7.779 Collecting urllib3>=1.26.11 (from sentry-sdk==2.9.0->sentry-sdk[celery,fastapi,sqlalchemy]==2.9.0->-r requirements.txt (line 16))
2025-08-20T17:54:08.9425204Z #34 7.798   Downloading urllib3-2.5.0-py3-none-any.whl.metadata (6.5 kB)
2025-08-20T17:54:08.9426110Z #34 8.019 Collecting psycopg-binary==3.2.9 (from psycopg[binary]==3.2.9->-r requirements.txt (line 6))
2025-08-20T17:54:08.9427276Z #34 8.034   Downloading psycopg_binary-3.2.9-cp312-cp312-manylinux_2_17_x86_64.manylinux2014_x86_64.whl.metadata (2.9 kB)
2025-08-20T17:54:08.9428497Z #34 8.211 Collecting prompt-toolkit>=3.0.36 (from click-repl>=0.2.0->celery==5.3.*->-r requirements.txt (line 11))
2025-08-20T17:54:08.9429517Z #34 8.230   Downloading prompt_toolkit-3.0.51-py3-none-any.whl.metadata (6.4 kB)
2025-08-20T17:54:08.9430714Z #34 8.257 Collecting dnspython>=2.0.0 (from email_validator>=2.0.0->fastapi==0.111.0->-r requirements.txt (line 3))
2025-08-20T17:54:08.9431687Z #34 8.274   Downloading dnspython-2.7.0-py3-none-any.whl.metadata (5.8 kB)
2025-08-20T17:54:08.9432592Z #34 8.317 Collecting typer>=0.15.1 (from fastapi-cli>=0.0.2->fastapi==0.111.0->-r requirements.txt (line 3))
2025-08-20T17:54:08.9433480Z #34 8.332   Downloading typer-0.16.1-py3-none-any.whl.metadata (15 kB)
2025-08-20T17:54:08.9434407Z #34 8.376 Collecting rich-toolkit>=0.14.8 (from fastapi-cli>=0.0.2->fastapi==0.111.0->-r requirements.txt (line 3))
2025-08-20T17:54:08.9435389Z #34 8.393   Downloading rich_toolkit-0.15.0-py3-none-any.whl.metadata (1.0 kB)
2025-08-20T17:54:08.9436285Z #34 8.440 Collecting amqp<6.0.0,>=5.1.1 (from kombu<6.0,>=5.3.4->celery==5.3.*->-r requirements.txt (line 11))
2025-08-20T17:54:08.9437124Z #34 8.457   Downloading amqp-5.3.1-py3-none-any.whl.metadata (8.9 kB)
2025-08-20T17:54:08.9437977Z #34 8.495 Collecting packaging (from kombu<6.0,>=5.3.4->celery==5.3.*->-r requirements.txt (line 11))
2025-08-20T17:54:08.9438843Z #34 8.515   Downloading packaging-25.0-py3-none-any.whl.metadata (3.3 kB)
2025-08-20T17:54:08.9439867Z #34 8.544 Collecting annotated-types>=0.6.0 (from pydantic>=2.3.0->pydantic-settings==2.2.1->-r requirements.txt (line 2))
2025-08-20T17:54:08.9441307Z #34 8.558   Downloading annotated_types-0.7.0-py3-none-any.whl.metadata (15 kB)
2025-08-20T17:54:08.9442352Z #34 9.738 Collecting pydantic-core==2.33.2 (from pydantic>=2.3.0->pydantic-settings==2.2.1->-r requirements.txt (line 2))
2025-08-20T17:54:08.9443786Z #34 9.753   Downloading pydantic_core-2.33.2-cp312-cp312-manylinux_2_17_x86_64.manylinux2014_x86_64.whl.metadata (6.8 kB)
2025-08-20T17:54:08.9445048Z #34 9.777 Collecting typing-inspection>=0.4.0 (from pydantic>=2.3.0->pydantic-settings==2.2.1->-r requirements.txt (line 2))
2025-08-20T17:54:08.9446125Z #34 9.792   Downloading typing_inspection-0.4.1-py3-none-any.whl.metadata (2.6 kB)
2025-08-20T17:54:08.9447085Z #34 9.827 Collecting six>=1.5 (from python-dateutil>=2.8.2->celery==5.3.*->-r requirements.txt (line 11))
2025-08-20T17:54:08.9447975Z #34 9.843   Downloading six-1.17.0-py2.py3-none-any.whl.metadata (1.7 kB)
2025-08-20T17:54:08.9448949Z #34 10.32 Collecting httptools>=0.5.0 (from uvicorn[standard]>=0.12.0->fastapi==0.111.0->-r requirements.txt (line 3))
2025-08-20T17:54:09.0453361Z #34 10.33   Downloading httptools-0.6.4-cp312-cp312-manylinux_2_5_x86_64.manylinux1_x86_64.manylinux_2_17_x86_64.manylinux2014_x86_64.whl.metadata (3.6 kB)
2025-08-20T17:54:09.0462025Z #34 10.38 Collecting pyyaml>=5.1 (from uvicorn[standard]>=0.12.0->fastapi==0.111.0->-r requirements.txt (line 3))
2025-08-20T17:54:09.0463215Z #34 10.40   Downloading PyYAML-6.0.2-cp312-cp312-manylinux_2_17_x86_64.manylinux2014_x86_64.whl.metadata (2.1 kB)
2025-08-20T17:54:09.0463979Z #34 ...
2025-08-20T17:54:09.0464142Z 
2025-08-20T17:54:09.0464749Z #31 [celery_worker base 4/5] RUN if [ -n "" ] && [ -f "" ]; then         pip install -r requirements.txt -c "";     else         pip install -r requirements.txt;     fi
2025-08-20T17:54:09.0465909Z #31 10.36 Collecting pydantic-core==2.33.2 (from pydantic->keepa==1.3.14->-r requirements.txt (line 1))
2025-08-20T17:54:09.0467010Z #31 10.37   Downloading pydantic_core-2.33.2-cp312-cp312-manylinux_2_17_x86_64.manylinux2014_x86_64.whl.metadata (6.8 kB)
2025-08-20T17:54:09.0468144Z #31 10.41 Collecting typing-extensions>=4.12.2 (from pydantic->keepa==1.3.14->-r requirements.txt (line 1))
2025-08-20T17:54:09.2352843Z #31 10.42   Downloading typing_extensions-4.14.1-py3-none-any.whl.metadata (3.0 kB)
2025-08-20T17:54:09.2357190Z #31 10.45 Collecting typing-inspection>=0.4.0 (from pydantic->keepa==1.3.14->-r requirements.txt (line 1))
2025-08-20T17:54:09.2358172Z #31 10.46   Downloading typing_inspection-0.4.1-py3-none-any.whl.metadata (2.6 kB)
2025-08-20T17:54:09.3594996Z #31 10.61 Collecting charset_normalizer<4,>=2 (from requests>=2.2->keepa==1.3.14->-r requirements.txt (line 1))
2025-08-20T17:54:09.3596423Z #31 10.62   Downloading charset_normalizer-3.4.3-cp312-cp312-manylinux2014_x86_64.manylinux_2_17_x86_64.manylinux_2_28_x86_64.whl.metadata (36 kB)
2025-08-20T17:54:09.3597688Z #31 10.66 Collecting idna<4,>=2.5 (from requests>=2.2->keepa==1.3.14->-r requirements.txt (line 1))
2025-08-20T17:54:09.3598517Z #31 10.67   Downloading idna-3.10-py3-none-any.whl.metadata (10 kB)
2025-08-20T17:54:09.3599474Z #31 10.73 Collecting mypy-extensions>=0.3.0 (from typing-inspect>=0.6.0->pandera==0.19.*->-r requirements.txt (line 9))
2025-08-20T17:54:09.4621028Z #31 10.74   Downloading mypy_extensions-1.1.0-py3-none-any.whl.metadata (1.1 kB)
2025-08-20T17:54:09.4622467Z #31 10.80 Collecting aiohappyeyeballs>=2.5.0 (from aiohttp->keepa==1.3.14->-r requirements.txt (line 1))
2025-08-20T17:54:09.4624679Z #31 10.81   Downloading aiohappyeyeballs-2.6.1-py3-none-any.whl.metadata (5.9 kB)
2025-08-20T17:54:09.4625623Z #31 10.84 Collecting aiosignal>=1.4.0 (from aiohttp->keepa==1.3.14->-r requirements.txt (line 1))
2025-08-20T17:54:09.5931029Z #31 10.85   Downloading aiosignal-1.4.0-py3-none-any.whl.metadata (3.7 kB)
2025-08-20T17:54:09.5931951Z #31 10.88 Collecting attrs>=17.3.0 (from aiohttp->keepa==1.3.14->-r requirements.txt (line 1))
2025-08-20T17:54:09.5932792Z #31 10.90   Downloading attrs-25.3.0-py3-none-any.whl.metadata (10 kB)
2025-08-20T17:54:09.6956859Z #31 11.07 Collecting frozenlist>=1.1.1 (from aiohttp->keepa==1.3.14->-r requirements.txt (line 1))
2025-08-20T17:54:09.8153815Z #31 11.08   Downloading frozenlist-1.7.0-cp312-cp312-manylinux_2_5_x86_64.manylinux1_x86_64.manylinux_2_17_x86_64.manylinux2014_x86_64.whl.metadata (18 kB)
2025-08-20T17:54:10.0251124Z #31 11.39 Collecting multidict<7.0,>=4.5 (from aiohttp->keepa==1.3.14->-r requirements.txt (line 1))
2025-08-20T17:54:10.1268543Z #31 ...
2025-08-20T17:54:10.1269939Z 
2025-08-20T17:54:10.1271813Z #35 [postgres 2/6] RUN set -eux;     if [ -f /etc/apt/sources.list ]; then         sed -i 's|http://deb.debian.org|https://deb.debian.org|g' /etc/apt/sources.list;     fi;     apt-get update;     apt-get install -y locales;     locale-gen en_US.UTF-8;     rm -rf /var/lib/apt/lists/*
2025-08-20T17:54:10.1273341Z #35 0.162 + [ -f /etc/apt/sources.list ]
2025-08-20T17:54:10.1273758Z #35 0.164 + apt-get update
2025-08-20T17:54:10.1274331Z #35 0.243 Get:1 http://apt.postgresql.org/pub/repos/apt trixie-pgdg InRelease [107 kB]
2025-08-20T17:54:10.1275117Z #35 0.304 Get:2 http://deb.debian.org/debian trixie InRelease [138 kB]
2025-08-20T17:54:10.1275906Z #35 0.307 Get:3 http://apt.postgresql.org/pub/repos/apt trixie-pgdg/16 amd64 Packages [2,574 B]
2025-08-20T17:54:10.1276490Z #35 0.348 Get:4 http://deb.debian.org/debian trixie-updates InRelease [47.1 kB]
2025-08-20T17:54:10.1277083Z #35 0.349 Get:5 http://apt.postgresql.org/pub/repos/apt trixie-pgdg/main amd64 Packages [334 kB]
2025-08-20T17:54:10.1277713Z #35 0.363 Get:6 http://deb.debian.org/debian-security trixie-security InRelease [43.4 kB]
2025-08-20T17:54:10.1278278Z #35 0.382 Get:7 http://deb.debian.org/debian trixie/main amd64 Packages [9,668 kB]
2025-08-20T17:54:10.1278743Z #35 0.511 Get:8 http://deb.debian.org/debian trixie-updates/main amd64 Packages [2,432 B]
2025-08-20T17:54:10.1279356Z #35 0.513 Get:9 http://deb.debian.org/debian-security trixie-security/main amd64 Packages [11.6 kB]
2025-08-20T17:54:10.1279824Z #35 1.388 Fetched 10.4 MB in 1s (8,665 kB/s)
2025-08-20T17:54:10.1280305Z #35 1.388 Reading package lists...
2025-08-20T17:54:10.1280742Z #35 2.273 + apt-get install -y locales
2025-08-20T17:54:10.1281148Z #35 2.285 Reading package lists...
2025-08-20T17:54:10.1281539Z #35 3.141 Building dependency tree...
2025-08-20T17:54:10.1281984Z #35 3.349 Reading state information...
2025-08-20T17:54:10.1282484Z #35 3.547 locales is already the newest version (2.41-12).
2025-08-20T17:54:10.1282942Z #35 3.547 0 upgraded, 0 newly installed, 0 to remove and 1 not upgraded.
2025-08-20T17:54:10.1283432Z #35 3.548 + locale-gen en_US.UTF-8
2025-08-20T17:54:10.1283823Z #35 3.555 Generating locales (this might take a while)...
2025-08-20T17:54:10.1284196Z #35 3.569   en_US.UTF-8... done
2025-08-20T17:54:10.1284591Z #35 5.197 Generation complete.
2025-08-20T17:54:10.1289851Z #35 5.198 + rm -rf /var/lib/apt/lists/apt.postgresql.org_pub_repos_apt_dists_trixie-pgdg_16_binary-amd64_Packages.lz4 /var/lib/apt/lists/apt.postgresql.org_pub_repos_apt_dists_trixie-pgdg_InRelease /var/lib/apt/lists/apt.postgresql.org_pub_repos_apt_dists_trixie-pgdg_main_binary-amd64_Packages.lz4 /var/lib/apt/lists/auxfiles /var/lib/apt/lists/deb.debian.org_debian-security_dists_trixie-security_InRelease /var/lib/apt/lists/deb.debian.org_debian-security_dists_trixie-security_main_binary-amd64_Packages.lz4 /var/lib/apt/lists/deb.debian.org_debian_dists_trixie-updates_InRelease /var/lib/apt/lists/deb.debian.org_debian_dists_trixie-updates_main_binary-amd64_Packages.lz4 /var/lib/apt/lists/deb.debian.org_debian_dists_trixie_InRelease /var/lib/apt/lists/deb.debian.org_debian_dists_trixie_main_binary-amd64_Packages.lz4 /var/lib/apt/lists/lock /var/lib/apt/lists/partial
2025-08-20T17:54:10.1294587Z #35 DONE 5.3s
2025-08-20T17:54:10.1294785Z 
2025-08-20T17:54:10.1295139Z #36 [postgres 3/6] COPY docker/postgres/pg_hba.conf /etc/postgresql/pg_hba.conf
2025-08-20T17:54:10.1295763Z #36 DONE 0.0s
2025-08-20T17:54:10.1295940Z 
2025-08-20T17:54:10.1296391Z #37 [postgres 4/6] COPY docker/postgres/init-pg_hba.sh /docker-entrypoint-initdb.d/10_init_pg_hba.sh
2025-08-20T17:54:10.1297430Z #37 DONE 0.0s
2025-08-20T17:54:10.1297635Z 
2025-08-20T17:54:10.1298245Z #31 [celery_worker base 4/5] RUN if [ -n "" ] && [ -f "" ]; then         pip install -r requirements.txt -c "";     else         pip install -r requirements.txt;     fi
2025-08-20T17:54:10.1299756Z #31 11.40   Downloading multidict-6.6.4-cp312-cp312-manylinux2014_x86_64.manylinux_2_17_x86_64.manylinux_2_28_x86_64.whl.metadata (5.3 kB)
2025-08-20T17:54:10.1300890Z #31 11.48 Collecting propcache>=0.2.0 (from aiohttp->keepa==1.3.14->-r requirements.txt (line 1))
2025-08-20T17:54:10.1301650Z #31 11.50   Downloading propcache-0.3.2-cp312-cp312-manylinux_2_17_x86_64.manylinux2014_x86_64.whl.metadata (12 kB)
2025-08-20T17:54:10.2309515Z #31 ...
2025-08-20T17:54:10.2311217Z 
2025-08-20T17:54:10.2311686Z #38 [postgres 5/6] COPY docker/postgres/postgresql.conf /etc/postgresql/postgresql.conf
2025-08-20T17:54:10.2312393Z #38 DONE 0.0s
2025-08-20T17:54:10.3412107Z 
2025-08-20T17:54:10.3413948Z #39 [postgres 6/6] RUN chmod 0644 /etc/postgresql/pg_hba.conf &&     chmod +x /docker-entrypoint-initdb.d/10_init_pg_hba.sh
2025-08-20T17:54:10.3415269Z #39 DONE 0.2s
2025-08-20T17:54:10.3415656Z 
2025-08-20T17:54:10.3416091Z #40 [postgres] exporting to image
2025-08-20T17:54:10.3416724Z #40 exporting layers
2025-08-20T17:54:10.7766396Z #40 ...
2025-08-20T17:54:10.7766944Z 
2025-08-20T17:54:10.7769250Z #33 [fees_h10 base 4/6] RUN if [ -n "" ] && [ -f "fees_h10/" ]; then         pip install -r fees_h10/requirements.txt -c fees_h10/;     else         pip install -r fees_h10/requirements.txt;     fi
2025-08-20T17:54:10.7772282Z #33 11.78 WARNING: Running pip as the 'root' user can result in broken permissions and conflicting behaviour with the system package manager, possibly rendering your system unusable. It is recommended to use a virtual environment instead: https://pip.pypa.io/warnings/venv. Use the --root-user-action option if you know what you are doing and want to suppress this warning.
2025-08-20T17:54:10.7784730Z #33 11.79 Successfully installed PyJWT-2.10.1 amqp-5.3.1 anyio-4.10.0 asyncpg-0.30.0 billiard-4.2.1 celery-5.4.0 certifi-2025.8.3 click-8.2.1 click-didyoumean-0.3.1 click-plugins-1.1.1.2 click-repl-0.3.0 greenlet-3.2.4 h11-0.16.0 httpcore-1.0.9 httpx-0.28.1 idna-3.10 kombu-5.5.4 packaging-25.0 prompt-toolkit-3.0.51 python-dateutil-2.9.0.post0 redis-5.3.1 six-1.17.0 sniffio-1.3.1 sqlalchemy-2.0.43 typing-extensions-4.14.1 tzdata-2025.2 vine-5.1.0 wcwidth-0.2.13
2025-08-20T17:54:10.7787234Z #33 11.95 
2025-08-20T17:54:10.7787664Z #33 11.95 [notice] A new release of pip is available: 25.0.1 -> 25.2
2025-08-20T17:54:10.7788299Z #33 11.95 [notice] To update, run: pip install --upgrade pip
2025-08-20T17:54:10.7788760Z #33 DONE 12.2s
2025-08-20T17:54:10.8844414Z 
2025-08-20T17:54:10.8846399Z #41 [fees_h10 base 5/6] COPY . ./fees_h10
2025-08-20T17:54:10.8848487Z #41 DONE 0.1s
2025-08-20T17:54:10.8848684Z 
2025-08-20T17:54:10.8848858Z #42 [fees_h10 base 6/6] COPY start.sh ./start.sh
2025-08-20T17:54:10.9965767Z #42 DONE 0.0s
2025-08-20T17:54:10.9970831Z 
2025-08-20T17:54:10.9971202Z #34 [api base  4/13] RUN pip install --no-cache-dir -r requirements.txt
2025-08-20T17:54:10.9972159Z #34 10.45 Collecting uvloop!=0.15.0,!=0.15.1,>=0.14.0 (from uvicorn[standard]>=0.12.0->fastapi==0.111.0->-r requirements.txt (line 3))
2025-08-20T17:54:10.9973339Z #34 10.49   Downloading uvloop-0.21.0-cp312-cp312-manylinux_2_17_x86_64.manylinux2014_x86_64.whl.metadata (4.9 kB)
2025-08-20T17:54:10.9974472Z #34 10.67 Collecting watchfiles>=0.13 (from uvicorn[standard]>=0.12.0->fastapi==0.111.0->-r requirements.txt (line 3))
2025-08-20T17:54:10.9975630Z #34 10.69   Downloading watchfiles-1.1.0-cp312-cp312-manylinux_2_17_x86_64.manylinux2014_x86_64.whl.metadata (4.9 kB)
2025-08-20T17:54:10.9976776Z #34 10.82 Collecting websockets>=10.4 (from uvicorn[standard]>=0.12.0->fastapi==0.111.0->-r requirements.txt (line 3))
2025-08-20T17:54:10.9978414Z #34 10.83   Downloading websockets-15.0.1-cp312-cp312-manylinux_2_5_x86_64.manylinux1_x86_64.manylinux_2_17_x86_64.manylinux2014_x86_64.whl.metadata (6.8 kB)
2025-08-20T17:54:10.9979834Z #34 10.88 Collecting wcwidth (from prompt-toolkit>=3.0.36->click-repl>=0.2.0->celery==5.3.*->-r requirements.txt (line 11))
2025-08-20T17:54:10.9981261Z #34 10.89   Downloading wcwidth-0.2.13-py2.py3-none-any.whl.metadata (14 kB)
2025-08-20T17:54:10.9982260Z #34 10.97 Collecting rich>=13.7.1 (from rich-toolkit>=0.14.8->fastapi-cli>=0.0.2->fastapi==0.111.0->-r requirements.txt (line 3))
2025-08-20T17:54:10.9983191Z #34 10.98   Downloading rich-14.1.0-py3-none-any.whl.metadata (18 kB)
2025-08-20T17:54:10.9984115Z #34 11.03 Collecting shellingham>=1.3.0 (from typer>=0.15.1->fastapi-cli>=0.0.2->fastapi==0.111.0->-r requirements.txt (line 3))
2025-08-20T17:54:10.9985262Z #34 11.05   Downloading shellingham-1.5.4-py2.py3-none-any.whl.metadata (3.5 kB)
2025-08-20T17:54:10.9986369Z #34 11.14 Collecting markdown-it-py>=2.2.0 (from rich>=13.7.1->rich-toolkit>=0.14.8->fastapi-cli>=0.0.2->fastapi==0.111.0->-r requirements.txt (line 3))
2025-08-20T17:54:10.9987450Z #34 11.15   Downloading markdown_it_py-4.0.0-py3-none-any.whl.metadata (7.3 kB)
2025-08-20T17:54:10.9988509Z #34 11.19 Collecting pygments<3.0.0,>=2.13.0 (from rich>=13.7.1->rich-toolkit>=0.14.8->fastapi-cli>=0.0.2->fastapi==0.111.0->-r requirements.txt (line 3))
2025-08-20T17:54:10.9989572Z #34 11.21   Downloading pygments-2.19.2-py3-none-any.whl.metadata (2.5 kB)
2025-08-20T17:54:11.0004274Z #34 11.23 Collecting mdurl~=0.1 (from markdown-it-py>=2.2.0->rich>=13.7.1->rich-toolkit>=0.14.8->fastapi-cli>=0.0.2->fastapi==0.111.0->-r requirements.txt (line 3))
2025-08-20T17:54:11.0005432Z #34 11.25   Downloading mdurl-0.1.2-py3-none-any.whl.metadata (1.6 kB)
2025-08-20T17:54:11.0006106Z #34 11.28 Downloading uvicorn-0.29.0-py3-none-any.whl (60 kB)
2025-08-20T17:54:11.0006762Z #34 11.30 Downloading pydantic_settings-2.2.1-py3-none-any.whl (13 kB)
2025-08-20T17:54:11.0007427Z #34 11.31 Downloading fastapi-0.111.0-py3-none-any.whl (91 kB)
2025-08-20T17:54:11.0008294Z #34 11.33 Downloading SQLAlchemy-2.0.29-cp312-cp312-manylinux_2_17_x86_64.manylinux2014_x86_64.whl (3.2 MB)
2025-08-20T17:54:11.0009525Z #34 11.38    ━━━━━━━━━━━━━━━━━━━━━━━━━━━━━━━━━━━━━━━━ 3.2/3.2 MB 79.8 MB/s eta 0:00:00
2025-08-20T17:54:11.0010350Z #34 11.40 Downloading alembic-1.13.1-py3-none-any.whl (233 kB)
2025-08-20T17:54:11.0010998Z #34 11.42 Downloading psycopg-3.2.9-py3-none-any.whl (202 kB)
2025-08-20T17:54:11.0011639Z #34 11.43 Downloading httpx-0.27.2-py3-none-any.whl (76 kB)
2025-08-20T17:54:11.0012477Z #34 11.45 Downloading asyncpg-0.29.0-cp312-cp312-manylinux_2_17_x86_64.manylinux2014_x86_64.whl (3.3 MB)
2025-08-20T17:54:11.0013514Z #34 11.49    ━━━━━━━━━━━━━━━━━━━━━━━━━━━━━━━━━━━━━━━━ 3.3/3.3 MB 95.5 MB/s eta 0:00:00
2025-08-20T17:54:11.0014966Z #34 11.51 Downloading boto3-1.34.162-py3-none-any.whl (139 kB)
2025-08-20T17:54:11.0015593Z #34 11.53 Downloading jinja2-3.1.5-py3-none-any.whl (134 kB)
2025-08-20T17:54:11.0016199Z #34 11.55 Downloading celery-5.3.6-py3-none-any.whl (422 kB)
2025-08-20T17:54:11.0016834Z #34 11.58 Downloading structlog-24.1.0-py3-none-any.whl (65 kB)
2025-08-20T17:54:11.0017520Z #34 11.59 Downloading asgi_correlation_id-4.3.1-py3-none-any.whl (15 kB)
2025-08-20T17:54:11.0018232Z #34 11.61 Downloading fastapi_limiter-0.1.6-py3-none-any.whl (15 kB)
2025-08-20T17:54:11.0018894Z #34 11.62 Downloading redis-5.0.8-py3-none-any.whl (255 kB)
2025-08-20T17:54:11.0019542Z #34 11.64 Downloading sentry_sdk-2.9.0-py2.py3-none-any.whl (301 kB)
2025-08-20T17:54:11.0020315Z #34 11.65 Downloading httpcore-1.0.9-py3-none-any.whl (78 kB)
2025-08-20T17:54:11.0021203Z #34 11.67 Downloading psycopg_binary-3.2.9-cp312-cp312-manylinux_2_17_x86_64.manylinux2014_x86_64.whl (4.4 MB)
2025-08-20T17:54:11.0022287Z #34 11.70    ━━━━━━━━━━━━━━━━━━━━━━━━━━━━━━━━━━━━━━━━ 4.4/4.4 MB 200.8 MB/s eta 0:00:00
2025-08-20T17:54:11.0022904Z #34 11.71 Downloading billiard-4.2.1-py3-none-any.whl (86 kB)
2025-08-20T17:54:11.0023543Z #34 11.74 Downloading botocore-1.34.162-py3-none-any.whl (12.5 MB)
2025-08-20T17:54:11.0024648Z #34 11.79    ━━━━━━━━━━━━━━━━━━━━━━━━━━━━━━━━━━━━━━━━ 12.5/12.5 MB 249.7 MB/s eta 0:00:00
2025-08-20T17:54:11.0025284Z #34 11.80 Downloading click-8.2.1-py3-none-any.whl (102 kB)
2025-08-20T17:54:11.0025952Z #34 11.82 Downloading click_didyoumean-0.3.1-py3-none-any.whl (3.6 kB)
2025-08-20T17:54:11.0026913Z #34 11.84 Downloading click_plugins-1.1.1.2-py2.py3-none-any.whl (11 kB)
2025-08-20T17:54:11.0027622Z #34 11.85 Downloading click_repl-0.3.0-py3-none-any.whl (10 kB)
2025-08-20T17:54:11.0028289Z #34 11.86 Downloading email_validator-2.2.0-py3-none-any.whl (33 kB)
2025-08-20T17:54:11.0028956Z #34 11.88 Downloading fastapi_cli-0.0.8-py3-none-any.whl (10 kB)
2025-08-20T17:54:11.0029823Z #34 11.90 Downloading greenlet-3.2.4-cp312-cp312-manylinux_2_24_x86_64.manylinux_2_28_x86_64.whl (607 kB)
2025-08-20T17:54:11.0031006Z #34 11.90    ━━━━━━━━━━━━━━━━━━━━━━━━━━━━━━━━━━━━━━━ 607.6/607.6 kB 354.6 MB/s eta 0:00:00
2025-08-20T17:54:11.0031602Z #34 11.95 Downloading h11-0.16.0-py3-none-any.whl (37 kB)
2025-08-20T17:54:11.0032190Z #34 11.95 Downloading idna-3.10-py3-none-any.whl (70 kB)
2025-08-20T17:54:11.0032783Z #34 11.95 Downloading jmespath-1.0.1-py3-none-any.whl (20 kB)
2025-08-20T17:54:11.0033366Z #34 11.97 Downloading kombu-5.5.4-py3-none-any.whl (210 kB)
2025-08-20T17:54:11.0033954Z #34 11.98 Downloading vine-5.1.0-py3-none-any.whl (9.6 kB)
2025-08-20T17:54:11.0034791Z #34 12.00 Downloading MarkupSafe-3.0.2-cp312-cp312-manylinux_2_17_x86_64.manylinux2014_x86_64.whl (23 kB)
2025-08-20T17:54:11.0035879Z #34 12.02 Downloading orjson-3.11.2-cp312-cp312-manylinux_2_17_x86_64.manylinux2014_x86_64.whl (121 kB)
2025-08-20T17:54:11.0036714Z #34 12.03 Downloading pydantic-2.11.7-py3-none-any.whl (444 kB)
2025-08-20T17:54:11.0037601Z #34 12.05 Downloading pydantic_core-2.33.2-cp312-cp312-manylinux_2_17_x86_64.manylinux2014_x86_64.whl (2.0 MB)
2025-08-20T17:54:11.0038661Z #34 12.07    ━━━━━━━━━━━━━━━━━━━━━━━━━━━━━━━━━━━━━━━━ 2.0/2.0 MB 433.0 MB/s eta 0:00:00
2025-08-20T17:54:11.0039365Z #34 12.08 Downloading python_dateutil-2.9.0.post0-py2.py3-none-any.whl (229 kB)
2025-08-20T17:54:11.0070538Z #34 12.09 Downloading python_dotenv-1.1.1-py3-none-any.whl (20 kB)
2025-08-20T17:54:11.0071604Z #34 12.11 Downloading python_multipart-0.0.20-py3-none-any.whl (24 kB)
2025-08-20T17:54:11.0072485Z #34 12.12 Downloading s3transfer-0.10.4-py3-none-any.whl (83 kB)
2025-08-20T17:54:11.0073226Z #34 12.14 Downloading starlette-0.37.2-py3-none-any.whl (71 kB)
2025-08-20T17:54:11.0073806Z #34 12.15 Downloading anyio-4.10.0-py3-none-any.whl (107 kB)
2025-08-20T17:54:11.0074367Z #34 12.19 Downloading sniffio-1.3.1-py3-none-any.whl (10 kB)
2025-08-20T17:54:11.0074995Z #34 12.19 Downloading typing_extensions-4.14.1-py3-none-any.whl (43 kB)
2025-08-20T17:54:11.0075674Z #34 12.20 Downloading tzdata-2025.2-py2.py3-none-any.whl (347 kB)
2025-08-20T17:54:11.0076471Z #34 12.22 Downloading ujson-5.11.0-cp312-cp312-manylinux_2_24_x86_64.manylinux_2_28_x86_64.whl (57 kB)
2025-08-20T17:54:11.0077255Z #34 12.23 Downloading urllib3-2.5.0-py3-none-any.whl (129 kB)
2025-08-20T17:54:11.0077863Z #34 12.25 Downloading certifi-2025.8.3-py3-none-any.whl (161 kB)
2025-08-20T17:54:11.0078435Z #34 12.27 Downloading mako-1.3.10-py3-none-any.whl (78 kB)
2025-08-20T17:54:11.0078985Z #34 12.28 Downloading amqp-5.3.1-py3-none-any.whl (50 kB)
2025-08-20T17:54:11.0079600Z #34 12.30 Downloading annotated_types-0.7.0-py3-none-any.whl (13 kB)
2025-08-20T17:54:11.0080419Z #34 12.31 Downloading dnspython-2.7.0-py3-none-any.whl (313 kB)
2025-08-20T17:54:11.0081470Z #34 12.33 Downloading httptools-0.6.4-cp312-cp312-manylinux_2_5_x86_64.manylinux1_x86_64.manylinux_2_17_x86_64.manylinux2014_x86_64.whl (510 kB)
2025-08-20T17:54:11.0082550Z #34 12.35 Downloading prompt_toolkit-3.0.51-py3-none-any.whl (387 kB)
2025-08-20T17:54:11.1081671Z #34 12.39 Downloading PyYAML-6.0.2-cp312-cp312-manylinux_2_17_x86_64.manylinux2014_x86_64.whl (767 kB)
2025-08-20T17:54:11.1103446Z #34 12.39    ━━━━━━━━━━━━━━━━━━━━━━━━━━━━━━━━━━━━━━━ 767.5/767.5 kB 345.3 MB/s eta 0:00:00
2025-08-20T17:54:11.1104135Z #34 12.39 Downloading rich_toolkit-0.15.0-py3-none-any.whl (29 kB)
2025-08-20T17:54:11.1105091Z #34 12.40 Downloading six-1.17.0-py2.py3-none-any.whl (11 kB)
2025-08-20T17:54:11.1105728Z #34 12.43 Downloading typer-0.16.1-py3-none-any.whl (46 kB)
2025-08-20T17:54:11.1106622Z #34 12.44 Downloading typing_inspection-0.4.1-py3-none-any.whl (14 kB)
2025-08-20T17:54:11.1107499Z #34 12.45 Downloading uvloop-0.21.0-cp312-cp312-manylinux_2_17_x86_64.manylinux2014_x86_64.whl (4.7 MB)
2025-08-20T17:54:11.2102500Z #34 12.51    ━━━━━━━━━━━━━━━━━━━━━━━━━━━━━━━━━━━━━━━━ 4.7/4.7 MB 98.6 MB/s eta 0:00:00
2025-08-20T17:54:11.2104087Z #34 12.53 Downloading watchfiles-1.1.0-cp312-cp312-manylinux_2_17_x86_64.manylinux2014_x86_64.whl (452 kB)
2025-08-20T17:54:11.2106347Z #34 12.54 Downloading websockets-15.0.1-cp312-cp312-manylinux_2_5_x86_64.manylinux1_x86_64.manylinux_2_17_x86_64.manylinux2014_x86_64.whl (182 kB)
2025-08-20T17:54:11.2107596Z #34 12.58 Downloading packaging-25.0-py3-none-any.whl (66 kB)
2025-08-20T17:54:11.2108365Z #34 12.58 Downloading rich-14.1.0-py3-none-any.whl (243 kB)
2025-08-20T17:54:11.2110061Z #34 12.59 Downloading shellingham-1.5.4-py2.py3-none-any.whl (9.8 kB)
2025-08-20T17:54:11.3237260Z #34 12.62 Downloading wcwidth-0.2.13-py2.py3-none-any.whl (34 kB)
2025-08-20T17:54:11.3238414Z #34 12.63 Downloading markdown_it_py-4.0.0-py3-none-any.whl (87 kB)
2025-08-20T17:54:11.3239654Z #34 12.63 Downloading pygments-2.19.2-py3-none-any.whl (1.2 MB)
2025-08-20T17:54:11.3242534Z #34 12.65    ━━━━━━━━━━━━━━━━━━━━━━━━━━━━━━━━━━━━━━━━ 1.2/1.2 MB 253.5 MB/s eta 0:00:00
2025-08-20T17:54:11.3243137Z #34 12.66 Downloading mdurl-0.1.2-py3-none-any.whl (10.0 kB)
2025-08-20T17:54:11.6424016Z #34 ...
2025-08-20T17:54:11.6424611Z 
2025-08-20T17:54:11.6425008Z #40 [postgres] exporting to image
2025-08-20T17:54:11.6426513Z #40 exporting layers 1.2s done
2025-08-20T17:54:11.6427511Z #40 writing image sha256:60119eaa515eef0e9633a1c0f936bd0004484def4e6d4c1884c05fdb1cc1d969 done
2025-08-20T17:54:11.6428520Z #40 naming to docker.io/library/awa-app-postgres done
2025-08-20T17:54:11.6429215Z #40 DONE 1.2s
2025-08-20T17:54:11.6429967Z 
2025-08-20T17:54:11.6430759Z #43 [postgres] resolving provenance for metadata file
2025-08-20T17:54:11.6433985Z #43 DONE 0.0s
2025-08-20T17:54:11.6439237Z 
2025-08-20T17:54:11.6439923Z #34 [api base  4/13] RUN pip install --no-cache-dir -r requirements.txt
2025-08-20T17:54:11.6445613Z #34 13.00 Installing collected packages: wcwidth, websockets, vine, uvloop, urllib3, ujson, tzdata, typing-extensions, structlog, sniffio, six, shellingham, redis, pyyaml, python-multipart, python-dotenv, pygments, psycopg-binary, prompt-toolkit, packaging, orjson, mdurl, MarkupSafe, jmespath, idna, httptools, h11, greenlet, dnspython, click, certifi, billiard, asyncpg, annotated-types, uvicorn, typing-inspection, sqlalchemy, sentry-sdk, python-dateutil, pydantic-core, psycopg, markdown-it-py, Mako, Jinja2, httpcore, email_validator, click-repl, click-plugins, click-didyoumean, anyio, amqp, watchfiles, starlette, rich, pydantic, kombu, httpx, botocore, alembic, typer, s3transfer, rich-toolkit, pydantic-settings, celery, asgi-correlation-id, fastapi-cli, boto3, fastapi, fastapi-limiter
2025-08-20T17:54:13.1389202Z #34 ...
2025-08-20T17:54:13.1394185Z 
2025-08-20T17:54:13.1394610Z #44 [fees_h10 stage-1 3/5] COPY --from=base /usr/local /usr/local
2025-08-20T17:54:13.1395172Z #44 DONE 1.2s
2025-08-20T17:54:13.3178688Z 
2025-08-20T17:54:13.3186368Z #45 [fees_h10 stage-1 4/5] COPY --from=base /app /app
2025-08-20T17:54:13.3186937Z #45 DONE 0.0s
2025-08-20T17:54:13.3187125Z 
2025-08-20T17:54:13.3187768Z #31 [celery_worker base 4/5] RUN if [ -n "" ] && [ -f "" ]; then         pip install -r requirements.txt -c "";     else         pip install -r requirements.txt;     fi
2025-08-20T17:54:13.3188935Z #31 11.86 Collecting yarl<2.0,>=1.17.0 (from aiohttp->keepa==1.3.14->-r requirements.txt (line 1))
2025-08-20T17:54:13.3189989Z #31 11.88   Downloading yarl-1.20.1-cp312-cp312-manylinux_2_17_x86_64.manylinux2014_x86_64.whl.metadata (73 kB)
2025-08-20T17:54:13.3191789Z #31 12.06 Collecting wcwidth (from prompt-toolkit>=3.0.36->click-repl>=0.2.0->celery==5.3.*->-r requirements.txt (line 3))
2025-08-20T17:54:13.3192882Z #31 12.06   Downloading wcwidth-0.2.13-py2.py3-none-any.whl.metadata (14 kB)
2025-08-20T17:54:13.3193796Z #31 12.37 Downloading keepa-1.3.14-py3-none-any.whl (33 kB)
2025-08-20T17:54:13.3194378Z #31 12.40 Downloading minio-7.1.15-py3-none-any.whl (77 kB)
2025-08-20T17:54:13.3194951Z #31 12.40 Downloading celery-5.3.6-py3-none-any.whl (422 kB)
2025-08-20T17:54:13.3195521Z #31 12.44 Downloading redis-5.3.1-py3-none-any.whl (272 kB)
2025-08-20T17:54:13.3196215Z #31 12.47 Downloading python_amazon_sp_api-0.8.0-py3-none-any.whl (93 kB)
2025-08-20T17:54:13.3197007Z #31 12.49 Downloading pydantic_settings-2.2.1-py3-none-any.whl (13 kB)
2025-08-20T17:54:13.3221069Z #31 12.50 Downloading pandas-2.2.3-cp312-cp312-manylinux_2_17_x86_64.manylinux2014_x86_64.whl (12.7 MB)
2025-08-20T17:54:13.3222405Z #31 12.63    ━━━━━━━━━━━━━━━━━━━━━━━━━━━━━━━━━━━━━━━━ 12.7/12.7 MB 123.2 MB/s eta 0:00:00
2025-08-20T17:54:13.3223089Z #31 12.63 Downloading pandera-0.19.3-py3-none-any.whl (251 kB)
2025-08-20T17:54:13.3223787Z #31 12.66 Downloading openpyxl-3.1.5-py2.py3-none-any.whl (250 kB)
2025-08-20T17:54:13.3224770Z #31 12.67 Downloading psycopg2_binary-2.9.10-cp312-cp312-manylinux_2_17_x86_64.manylinux2014_x86_64.whl (3.0 MB)
2025-08-20T17:54:13.3225872Z #31 12.70    ━━━━━━━━━━━━━━━━━━━━━━━━━━━━━━━━━━━━━━━━ 3.0/3.0 MB 124.0 MB/s eta 0:00:00
2025-08-20T17:54:13.3226722Z #31 12.71 Downloading numpy-1.26.4-cp312-cp312-manylinux_2_17_x86_64.manylinux2014_x86_64.whl (18.0 MB)
2025-08-20T17:54:13.3227776Z #31 12.91    ━━━━━━━━━━━━━━━━━━━━━━━━━━━━━━━━━━━━━━━━ 18.0/18.0 MB 90.6 MB/s eta 0:00:00
2025-08-20T17:54:13.3228399Z #31 12.92 Downloading billiard-4.2.1-py3-none-any.whl (86 kB)
2025-08-20T17:54:13.3229022Z #31 12.94 Downloading boto3-1.40.13-py3-none-any.whl (140 kB)
2025-08-20T17:54:13.3229680Z #31 12.96 Downloading cachetools-4.2.4-py3-none-any.whl (10 kB)
2025-08-20T17:54:13.3230530Z #31 12.97 Downloading click-8.2.1-py3-none-any.whl (102 kB)
2025-08-20T17:54:13.3231174Z #31 12.99 Downloading click_didyoumean-0.3.1-py3-none-any.whl (3.6 kB)
2025-08-20T17:54:13.3231915Z #31 13.00 Downloading click_plugins-1.1.1.2-py2.py3-none-any.whl (11 kB)
2025-08-20T17:54:13.3232659Z #31 13.02 Downloading click_repl-0.3.0-py3-none-any.whl (10 kB)
2025-08-20T17:54:13.3233314Z #31 13.03 Downloading confuse-1.4.0-py2.py3-none-any.whl (21 kB)
2025-08-20T17:54:13.3233962Z #31 13.05 Downloading kombu-5.5.4-py3-none-any.whl (210 kB)
2025-08-20T17:54:13.3234556Z #31 13.06 Downloading vine-5.1.0-py3-none-any.whl (9.6 kB)
2025-08-20T17:54:13.3235150Z #31 13.08 Downloading multimethod-1.10-py3-none-any.whl (9.9 kB)
2025-08-20T17:54:13.3236246Z #31 13.10 Downloading packaging-25.0-py3-none-any.whl (66 kB)
2025-08-20T17:54:13.3236913Z #31 13.11 Downloading pydantic-2.11.7-py3-none-any.whl (444 kB)
2025-08-20T17:54:13.3237816Z #31 13.13 Downloading pydantic_core-2.33.2-cp312-cp312-manylinux_2_17_x86_64.manylinux2014_x86_64.whl (2.0 MB)
2025-08-20T17:54:13.3239128Z #31 13.15    ━━━━━━━━━━━━━━━━━━━━━━━━━━━━━━━━━━━━━━━━ 2.0/2.0 MB 150.0 MB/s eta 0:00:00
2025-08-20T17:54:13.3239783Z #31 13.16 Downloading PyJWT-2.10.1-py3-none-any.whl (22 kB)
2025-08-20T17:54:13.3240866Z #31 13.18 Downloading python_dateutil-2.9.0.post0-py2.py3-none-any.whl (229 kB)
2025-08-20T17:54:13.3241589Z #31 13.19 Downloading python_dotenv-1.1.1-py3-none-any.whl (20 kB)
2025-08-20T17:54:13.3242170Z #31 13.21 Downloading pytz-2025.2-py2.py3-none-any.whl (509 kB)
2025-08-20T17:54:13.3242789Z #31 13.23 Downloading requests-2.32.5-py3-none-any.whl (64 kB)
2025-08-20T17:54:13.3243450Z #31 13.24 Downloading certifi-2025.8.3-py3-none-any.whl (161 kB)
2025-08-20T17:54:13.3244083Z #31 13.26 Downloading six-1.17.0-py2.py3-none-any.whl (11 kB)
2025-08-20T17:54:13.3244744Z #31 13.28 Downloading typing_inspect-0.9.0-py3-none-any.whl (8.8 kB)
2025-08-20T17:54:13.3245426Z #31 13.29 Downloading tzdata-2025.2-py2.py3-none-any.whl (347 kB)
2025-08-20T17:54:13.3246082Z #31 13.30 Downloading urllib3-2.5.0-py3-none-any.whl (129 kB)
2025-08-20T17:54:13.3246947Z #31 13.32 Downloading aiohttp-3.12.15-cp312-cp312-manylinux_2_17_x86_64.manylinux2014_x86_64.whl (1.7 MB)
2025-08-20T17:54:13.3248059Z #31 13.33    ━━━━━━━━━━━━━━━━━━━━━━━━━━━━━━━━━━━━━━━━ 1.7/1.7 MB 169.5 MB/s eta 0:00:00
2025-08-20T17:54:13.3248674Z #31 13.34 Downloading et_xmlfile-2.0.0-py3-none-any.whl (18 kB)
2025-08-20T17:54:13.3249555Z #31 13.36 Downloading pycryptodome-3.23.0-cp37-abi3-manylinux_2_17_x86_64.manylinux2014_x86_64.whl (2.3 MB)
2025-08-20T17:54:13.3250912Z #31 13.38    ━━━━━━━━━━━━━━━━━━━━━━━━━━━━━━━━━━━━━━━━ 2.3/2.3 MB 123.4 MB/s eta 0:00:00
2025-08-20T17:54:13.3251516Z #31 13.39 Downloading tqdm-4.67.1-py3-none-any.whl (78 kB)
2025-08-20T17:54:13.3252150Z #31 13.40 Downloading typeguard-4.4.4-py3-none-any.whl (34 kB)
2025-08-20T17:54:13.3253101Z #31 13.42 Downloading wrapt-1.17.3-cp312-cp312-manylinux1_x86_64.manylinux_2_28_x86_64.manylinux_2_5_x86_64.whl (88 kB)
2025-08-20T17:54:13.3254142Z #31 13.43 Downloading aiohappyeyeballs-2.6.1-py3-none-any.whl (15 kB)
2025-08-20T17:54:13.3254881Z #31 13.45 Downloading aiosignal-1.4.0-py3-none-any.whl (7.5 kB)
2025-08-20T17:54:13.3255491Z #31 13.46 Downloading amqp-5.3.1-py3-none-any.whl (50 kB)
2025-08-20T17:54:13.3256164Z #31 13.48 Downloading annotated_types-0.7.0-py3-none-any.whl (13 kB)
2025-08-20T17:54:13.3256819Z #31 13.50 Downloading attrs-25.3.0-py3-none-any.whl (63 kB)
2025-08-20T17:54:13.3257447Z #31 13.52 Downloading botocore-1.40.13-py3-none-any.whl (14.0 MB)
2025-08-20T17:54:13.3258298Z #31 13.60    ━━━━━━━━━━━━━━━━━━━━━━━━━━━━━━━━━━━━━━━━ 14.0/14.0 MB 170.4 MB/s eta 0:00:00
2025-08-20T17:54:13.3259353Z #31 13.61 Downloading charset_normalizer-3.4.3-cp312-cp312-manylinux2014_x86_64.manylinux_2_17_x86_64.manylinux_2_28_x86_64.whl (151 kB)
2025-08-20T17:54:13.3261110Z #31 13.63 Downloading frozenlist-1.7.0-cp312-cp312-manylinux_2_5_x86_64.manylinux1_x86_64.manylinux_2_17_x86_64.manylinux2014_x86_64.whl (241 kB)
2025-08-20T17:54:13.3262123Z #31 13.65 Downloading idna-3.10-py3-none-any.whl (70 kB)
2025-08-20T17:54:13.3262683Z #31 13.66 Downloading jmespath-1.0.1-py3-none-any.whl (20 kB)
2025-08-20T17:54:13.3263687Z #31 13.68 Downloading multidict-6.6.4-cp312-cp312-manylinux2014_x86_64.manylinux_2_17_x86_64.manylinux_2_28_x86_64.whl (256 kB)
2025-08-20T17:54:13.3264774Z #31 13.70 Downloading mypy_extensions-1.1.0-py3-none-any.whl (5.0 kB)
2025-08-20T17:54:13.3265519Z #31 13.71 Downloading prompt_toolkit-3.0.51-py3-none-any.whl (387 kB)
2025-08-20T17:54:13.3266414Z #31 13.73 Downloading propcache-0.3.2-cp312-cp312-manylinux_2_17_x86_64.manylinux2014_x86_64.whl (224 kB)
2025-08-20T17:54:13.3267289Z #31 13.74 Downloading s3transfer-0.13.1-py3-none-any.whl (85 kB)
2025-08-20T17:54:13.3267959Z #31 13.76 Downloading typing_extensions-4.14.1-py3-none-any.whl (43 kB)
2025-08-20T17:54:13.3268633Z #31 13.77 Downloading typing_inspection-0.4.1-py3-none-any.whl (14 kB)
2025-08-20T17:54:13.3269507Z #31 13.79 Downloading yarl-1.20.1-cp312-cp312-manylinux_2_17_x86_64.manylinux2014_x86_64.whl (355 kB)
2025-08-20T17:54:13.3275663Z #31 13.80 Downloading PyYAML-6.0.2-cp312-cp312-manylinux_2_17_x86_64.manylinux2014_x86_64.whl (767 kB)
2025-08-20T17:54:13.3276802Z #31 13.81    ━━━━━━━━━━━━━━━━━━━━━━━━━━━━━━━━━━━━━━━ 767.5/767.5 kB 100.0 MB/s eta 0:00:00
2025-08-20T17:54:13.3277652Z #31 13.82 Downloading wcwidth-0.2.13-py2.py3-none-any.whl (34 kB)
2025-08-20T17:54:13.3282334Z #31 14.17 Installing collected packages: wcwidth, pytz, wrapt, vine, urllib3, tzdata, typing-extensions, tqdm, six, pyyaml, python-dotenv, PyJWT, pycryptodome, psycopg2-binary, propcache, prompt-toolkit, packaging, numpy, mypy-extensions, multimethod, multidict, jmespath, idna, frozenlist, et-xmlfile, click, charset_normalizer, certifi, cachetools, billiard, attrs, annotated-types, aiohappyeyeballs, yarl, typing-inspection, typing-inspect, typeguard, requests, redis, python-dateutil, pydantic-core, openpyxl, minio, confuse, click-repl, click-plugins, click-didyoumean, amqp, aiosignal, pydantic, pandas, kombu, botocore, aiohttp, s3transfer, pydantic-settings, pandera, keepa, celery, boto3, python-amazon-sp-api
2025-08-20T17:54:13.3291641Z #31 ...
2025-08-20T17:54:13.3291824Z 
2025-08-20T17:54:13.3292026Z #46 [fees_h10 stage-1 5/5] RUN chmod +x ./start.sh
2025-08-20T17:54:13.3292512Z #46 DONE 0.2s
2025-08-20T17:54:13.4796277Z 
2025-08-20T17:54:13.4799640Z #47 [fees_h10] exporting to image
2025-08-20T17:54:14.5919078Z #47 exporting layers 1.3s done
2025-08-20T17:54:14.5921429Z #47 writing image sha256:2b47710d8d01a9e2107aa30e76bcff0592b7e8397a3a6f0988ccb2d5ed70ea0a
2025-08-20T17:54:14.7756227Z #47 writing image sha256:2b47710d8d01a9e2107aa30e76bcff0592b7e8397a3a6f0988ccb2d5ed70ea0a done
2025-08-20T17:54:14.7757135Z #47 naming to docker.io/library/awa-app-fees_h10 done
2025-08-20T17:54:14.7757629Z #47 DONE 1.3s
2025-08-20T17:54:14.7757807Z 
2025-08-20T17:54:14.7758004Z #48 [fees_h10] resolving provenance for metadata file
2025-08-20T17:54:14.7758449Z #48 DONE 0.0s
2025-08-20T17:54:14.7758625Z 
2025-08-20T17:54:14.7758933Z #34 [api base  4/13] RUN pip install --no-cache-dir -r requirements.txt
2025-08-20T17:54:18.7725610Z #34 20.15 Successfully installed Jinja2-3.1.5 Mako-1.3.10 MarkupSafe-3.0.2 alembic-1.13.1 amqp-5.3.1 annotated-types-0.7.0 anyio-4.10.0 asgi-correlation-id-4.3.1 asyncpg-0.29.0 billiard-4.2.1 boto3-1.34.162 botocore-1.34.162 celery-5.3.6 certifi-2025.8.3 click-8.2.1 click-didyoumean-0.3.1 click-plugins-1.1.1.2 click-repl-0.3.0 dnspython-2.7.0 email_validator-2.2.0 fastapi-0.111.0 fastapi-cli-0.0.8 fastapi-limiter-0.1.6 greenlet-3.2.4 h11-0.16.0 httpcore-1.0.9 httptools-0.6.4 httpx-0.27.2 idna-3.10 jmespath-1.0.1 kombu-5.5.4 markdown-it-py-4.0.0 mdurl-0.1.2 orjson-3.11.2 packaging-25.0 prompt-toolkit-3.0.51 psycopg-3.2.9 psycopg-binary-3.2.9 pydantic-2.11.7 pydantic-core-2.33.2 pydantic-settings-2.2.1 pygments-2.19.2 python-dateutil-2.9.0.post0 python-dotenv-1.1.1 python-multipart-0.0.20 pyyaml-6.0.2 redis-5.0.8 rich-14.1.0 rich-toolkit-0.15.0 s3transfer-0.10.4 sentry-sdk-2.9.0 shellingham-1.5.4 six-1.17.0 sniffio-1.3.1 sqlalchemy-2.0.29 starlette-0.37.2 structlog-24.1.0 typer-0.16.1 typing-extensions-4.14.1 typing-inspection-0.4.1 tzdata-2025.2 ujson-5.11.0 urllib3-2.5.0 uvicorn-0.29.0 uvloop-0.21.0 vine-5.1.0 watchfiles-1.1.0 wcwidth-0.2.13 websockets-15.0.1
2025-08-20T17:54:18.8735247Z #34 20.15 WARNING: Running pip as the 'root' user can result in broken permissions and conflicting behaviour with the system package manager, possibly rendering your system unusable. It is recommended to use a virtual environment instead: https://pip.pypa.io/warnings/venv. Use the --root-user-action option if you know what you are doing and want to suppress this warning.
2025-08-20T17:54:18.8737545Z #34 20.25 
2025-08-20T17:54:18.8737941Z #34 20.25 [notice] A new release of pip is available: 25.0.1 -> 25.2
2025-08-20T17:54:18.8738562Z #34 20.25 [notice] To update, run: pip install --upgrade pip
2025-08-20T17:54:19.6112383Z #34 DONE 21.0s
2025-08-20T17:54:19.6112642Z 
2025-08-20T17:54:19.6113672Z #31 [celery_worker base 4/5] RUN if [ -n "" ] && [ -f "" ]; then         pip install -r requirements.txt -c "";     else         pip install -r requirements.txt;     fi
2025-08-20T17:54:19.8348121Z #31 ...
2025-08-20T17:54:19.8350988Z 
2025-08-20T17:54:19.8351581Z #49 [api base  5/13] COPY services/api/ ./services/api
2025-08-20T17:54:19.8352097Z #49 DONE 0.0s
2025-08-20T17:54:19.8352280Z 
2025-08-20T17:54:19.8352519Z #50 [api base  6/13] COPY services/common/ ./services/common
2025-08-20T17:54:19.8353018Z #50 DONE 0.0s
2025-08-20T17:54:19.8353193Z 
2025-08-20T17:54:19.8353412Z #51 [api base  7/13] COPY services/ingest/ ./services/ingest
2025-08-20T17:54:19.8353887Z #51 DONE 0.0s
2025-08-20T17:54:19.8354069Z 
2025-08-20T17:54:19.8354262Z #52 [api base  8/13] COPY services/etl/ ./services/etl
2025-08-20T17:54:19.8354715Z #52 DONE 0.0s
2025-08-20T17:54:19.8354884Z 
2025-08-20T17:54:19.8355025Z #53 [api base  9/13] COPY api/ ./api
2025-08-20T17:54:19.8355420Z #53 DONE 0.0s
2025-08-20T17:54:19.8355591Z 
2025-08-20T17:54:19.8355847Z #54 [api base 10/13] COPY services/api/alembic.ini ./alembic.ini
2025-08-20T17:54:19.8356367Z #54 DONE 0.0s
2025-08-20T17:54:19.8356534Z 
2025-08-20T17:54:19.8356689Z #55 [api base 11/13] COPY alembic/ ./alembic/
2025-08-20T17:54:19.8357125Z #55 DONE 0.0s
2025-08-20T17:54:19.8357290Z 
2025-08-20T17:54:19.8357548Z #56 [api base 12/13] COPY services/api/entrypoint.sh ./entrypoint.sh
2025-08-20T17:54:19.8358104Z #56 DONE 0.0s
2025-08-20T17:54:19.8358281Z 
2025-08-20T17:54:19.8358467Z #57 [api base 13/13] RUN chmod +x ./entrypoint.sh
2025-08-20T17:54:19.8358909Z #57 DONE 0.1s
2025-08-20T17:54:19.9850778Z 
2025-08-20T17:54:19.9851697Z #31 [celery_worker base 4/5] RUN if [ -n "" ] && [ -f "" ]; then         pip install -r requirements.txt -c "";     else         pip install -r requirements.txt;     fi
2025-08-20T17:54:20.9129996Z #31 ...
2025-08-20T17:54:20.9130411Z 
2025-08-20T17:54:20.9130669Z #58 [api stage-1 4/6] COPY --from=base /usr/local /usr/local
2025-08-20T17:54:22.8677084Z #58 DONE 2.0s
2025-08-20T17:54:22.8677343Z 
2025-08-20T17:54:22.8678014Z #31 [celery_worker base 4/5] RUN if [ -n "" ] && [ -f "" ]; then         pip install -r requirements.txt -c "";     else         pip install -r requirements.txt;     fi
2025-08-20T17:54:23.0699536Z #31 ...
2025-08-20T17:54:23.0700386Z 
2025-08-20T17:54:23.0702409Z #59 [api stage-1 5/6] COPY --from=base /app /app
2025-08-20T17:54:23.0724004Z #59 DONE 0.1s
2025-08-20T17:54:23.0724392Z 
2025-08-20T17:54:23.0724795Z #60 [api stage-1 6/6] RUN chmod +x /app/entrypoint.sh
2025-08-20T17:54:23.0749853Z #60 DONE 0.2s
2025-08-20T17:54:23.0750933Z 
2025-08-20T17:54:23.0753805Z #31 [celery_worker base 4/5] RUN if [ -n "" ] && [ -f "" ]; then         pip install -r requirements.txt -c "";     else         pip install -r requirements.txt;     fi
2025-08-20T17:54:23.2281257Z #31 ...
2025-08-20T17:54:23.2282135Z 
2025-08-20T17:54:23.2282487Z #61 [api] exporting to image
2025-08-20T17:54:23.2283237Z #61 exporting layers
2025-08-20T17:54:25.3109100Z #61 ...
2025-08-20T17:54:25.3109966Z 
2025-08-20T17:54:25.3110959Z #31 [etl base 4/5] RUN if [ -n "" ] && [ -f "" ]; then         pip install -r requirements.txt -c "";     else         pip install -r requirements.txt;     fi
2025-08-20T17:54:25.3117053Z #31 26.03 Successfully installed PyJWT-2.10.1 aiohappyeyeballs-2.6.1 aiohttp-3.12.15 aiosignal-1.4.0 amqp-5.3.1 annotated-types-0.7.0 attrs-25.3.0 billiard-4.2.1 boto3-1.40.13 botocore-1.40.13 cachetools-4.2.4 celery-5.3.6 certifi-2025.8.3 charset_normalizer-3.4.3 click-8.2.1 click-didyoumean-0.3.1 click-plugins-1.1.1.2 click-repl-0.3.0 confuse-1.4.0 et-xmlfile-2.0.0 frozenlist-1.7.0 idna-3.10 jmespath-1.0.1 keepa-1.3.14 kombu-5.5.4 minio-7.1.15 multidict-6.6.4 multimethod-1.10 mypy-extensions-1.1.0 numpy-1.26.4 openpyxl-3.1.5 packaging-25.0 pandas-2.2.3 pandera-0.19.3 prompt-toolkit-3.0.51 propcache-0.3.2 psycopg2-binary-2.9.10 pycryptodome-3.23.0 pydantic-2.11.7 pydantic-core-2.33.2 pydantic-settings-2.2.1 python-amazon-sp-api-0.8.0 python-dateutil-2.9.0.post0 python-dotenv-1.1.1 pytz-2025.2 pyyaml-6.0.2 redis-5.3.1 requests-2.32.5 s3transfer-0.13.1 six-1.17.0 tqdm-4.67.1 typeguard-4.4.4 typing-extensions-4.14.1 typing-inspect-0.9.0 typing-inspection-0.4.1 tzdata-2025.2 urllib3-2.5.0 vine-5.1.0 wcwidth-0.2.13 wrapt-1.17.3 yarl-1.20.1
2025-08-20T17:54:25.3137649Z #31 26.03 WARNING: Running pip as the 'root' user can result in broken permissions and conflicting behaviour with the system package manager, possibly rendering your system unusable. It is recommended to use a virtual environment instead: https://pip.pypa.io/warnings/venv. Use the --root-user-action option if you know what you are doing and want to suppress this warning.
2025-08-20T17:54:25.3138872Z #31 26.16 
2025-08-20T17:54:25.3139120Z #31 26.16 [notice] A new release of pip is available: 25.0.1 -> 25.2
2025-08-20T17:54:25.3139502Z #31 26.16 [notice] To update, run: pip install --upgrade pip
2025-08-20T17:54:25.3139835Z #31 DONE 26.5s
2025-08-20T17:54:25.3139994Z 
2025-08-20T17:54:25.3140304Z #62 [celery_worker base 5/5] COPY services/etl/ .
2025-08-20T17:54:25.3140729Z #62 DONE 0.0s
2025-08-20T17:54:25.3140851Z 
2025-08-20T17:54:25.3140939Z #61 [api] exporting to image
2025-08-20T17:54:25.3141163Z #61 exporting layers 2.2s done
2025-08-20T17:54:25.3141666Z #61 writing image sha256:13486477629c46e7ceb42a3e6fbe8017ad63eb2379b14c8027ae7f0644659e76
2025-08-20T17:54:25.4841869Z #61 writing image sha256:13486477629c46e7ceb42a3e6fbe8017ad63eb2379b14c8027ae7f0644659e76 done
2025-08-20T17:54:25.4842689Z #61 naming to docker.io/library/awa-app-api done
2025-08-20T17:54:25.4843157Z #61 DONE 2.2s
2025-08-20T17:54:25.4843339Z 
2025-08-20T17:54:25.4843527Z #63 [api] resolving provenance for metadata file
2025-08-20T17:54:25.4843975Z #63 DONE 0.0s
2025-08-20T17:54:26.4465785Z 
2025-08-20T17:54:26.4466286Z #64 [celery_worker stage-1 3/9] COPY --from=base /usr/local /usr/local
2025-08-20T17:54:29.0235979Z #64 DONE 2.5s
2025-08-20T17:54:29.0236257Z 
2025-08-20T17:54:29.0236521Z #65 [celery_worker stage-1 4/9] COPY --from=base /app /app
2025-08-20T17:54:29.0237051Z #65 DONE 0.0s
2025-08-20T17:54:29.0237239Z 
2025-08-20T17:54:29.0238511Z #66 [etl stage-1 5/9] RUN set -eux;     if [ -f /etc/apt/sources.list ]; then         sed -i 's|http://deb.debian.org|https://deb.debian.org|g' /etc/apt/sources.list;     fi;     apt-get update;     apt-get install -y --no-install-recommends tzdata;     rm -rf /var/lib/apt/lists/*
2025-08-20T17:54:29.0241791Z #66 0.104 + [ -f /etc/apt/sources.list ]
2025-08-20T17:54:29.0242236Z #66 0.104 + apt-get update
2025-08-20T17:54:29.1712892Z #66 0.187 Hit:1 http://deb.debian.org/debian trixie InRelease
2025-08-20T17:54:29.1713414Z #66 0.203 Get:2 http://deb.debian.org/debian trixie-updates InRelease [47.1 kB]
2025-08-20T17:54:29.3521673Z #66 0.252 Get:3 http://deb.debian.org/debian-security trixie-security InRelease [43.4 kB]
2025-08-20T17:54:29.3522624Z #66 0.282 Get:4 http://deb.debian.org/debian trixie/main amd64 Packages [9668 kB]
2025-08-20T17:54:29.5456332Z #66 0.450 Get:5 http://deb.debian.org/debian trixie-updates/main amd64 Packages [2432 B]
2025-08-20T17:54:29.5457345Z #66 0.475 Get:6 http://deb.debian.org/debian-security trixie-security/main amd64 Packages [11.6 kB]
2025-08-20T17:54:30.1412202Z #66 1.071 Fetched 9772 kB in 1s (10.3 MB/s)
2025-08-20T17:54:30.5814153Z #66 1.071 Reading package lists...
2025-08-20T17:54:30.5815706Z #66 1.503 + apt-get install -y --no-install-recommends tzdata
2025-08-20T17:54:30.9605155Z #66 1.511 Reading package lists...
2025-08-20T17:54:30.9605599Z #66 1.940 Building dependency tree...
2025-08-20T17:54:30.9605982Z #66 2.041 Reading state information...
2025-08-20T17:54:31.0896693Z #66 2.170 tzdata is already the newest version (2025b-4).
2025-08-20T17:54:31.0897123Z #66 2.170 0 upgraded, 0 newly installed, 0 to remove and 0 not upgraded.
2025-08-20T17:54:31.2479713Z #66 2.171 + rm -rf /var/lib/apt/lists/auxfiles /var/lib/apt/lists/deb.debian.org_debian-security_dists_trixie-security_InRelease /var/lib/apt/lists/deb.debian.org_debian-security_dists_trixie-security_main_binary-amd64_Packages.lz4 /var/lib/apt/lists/deb.debian.org_debian_dists_trixie-updates_InRelease /var/lib/apt/lists/deb.debian.org_debian_dists_trixie-updates_main_binary-amd64_Packages.lz4 /var/lib/apt/lists/deb.debian.org_debian_dists_trixie_InRelease /var/lib/apt/lists/deb.debian.org_debian_dists_trixie_main_binary-amd64_Packages.lz4 /var/lib/apt/lists/lock /var/lib/apt/lists/partial
2025-08-20T17:54:31.2484597Z #66 DONE 2.2s
2025-08-20T17:54:31.2484788Z 
2025-08-20T17:54:31.2485213Z #67 [celery_worker stage-1 6/9] COPY services/etl/wait-for-it.sh /usr/local/bin/wait-for-it.sh
2025-08-20T17:54:31.2485904Z #67 DONE 0.0s
2025-08-20T17:54:31.2486076Z 
2025-08-20T17:54:31.2486373Z #68 [celery_worker stage-1 7/9] RUN chmod +x /usr/local/bin/wait-for-it.sh
2025-08-20T17:54:31.3937428Z #68 DONE 0.1s
2025-08-20T17:54:31.3942388Z 
2025-08-20T17:54:31.3942953Z #69 [etl stage-1 8/9] COPY services/etl/entrypoint.sh /app/entrypoint.sh
2025-08-20T17:54:31.3943531Z #69 DONE 0.0s
2025-08-20T17:54:31.3943705Z 
2025-08-20T17:54:31.3943898Z #70 [etl stage-1 9/9] RUN chmod +x /app/entrypoint.sh
2025-08-20T17:54:31.5473305Z #70 DONE 0.1s
2025-08-20T17:54:31.5473780Z 
2025-08-20T17:54:31.5474119Z #71 [etl] exporting to image
2025-08-20T17:54:31.5474518Z #71 exporting layers
2025-08-20T17:54:34.4862133Z #71 exporting layers 3.1s done
2025-08-20T17:54:34.5266100Z #71 writing image sha256:14fbe0c60245ba311f4db4fbd3f0fa01dee8d7dafad948143499014c8188b407 done
2025-08-20T17:54:34.5267118Z #71 naming to docker.io/library/awa-app-etl done
2025-08-20T17:54:34.5267741Z  api  Built
2025-08-20T17:54:34.5268009Z #71 DONE 3.1s
2025-08-20T17:54:34.5268278Z  fees_h10  Built
2025-08-20T17:54:34.5268580Z  celery_worker  Built
2025-08-20T17:54:34.5268901Z  etl  Built
2025-08-20T17:54:34.5269161Z  postgres  Built
2025-08-20T17:54:34.5269347Z 
2025-08-20T17:54:34.5269515Z #72 [celery_worker] exporting to image
2025-08-20T17:54:34.5269930Z #72 exporting layers 3.1s done
2025-08-20T17:54:34.5270797Z #72 writing image sha256:14fbe0c60245ba311f4db4fbd3f0fa01dee8d7dafad948143499014c8188b407 done
2025-08-20T17:54:34.5271639Z #72 naming to docker.io/library/awa-app-celery_worker done
2025-08-20T17:54:34.5272125Z #72 DONE 3.1s
2025-08-20T17:54:34.5272287Z 
2025-08-20T17:54:34.5272549Z #73 [celery_worker] resolving provenance for metadata file
2025-08-20T17:54:34.5273016Z #73 DONE 0.0s
2025-08-20T17:54:34.5273174Z 
2025-08-20T17:54:34.5273347Z #74 [etl] resolving provenance for metadata file
2025-08-20T17:54:34.5273755Z #74 DONE 0.0s
2025-08-20T17:54:34.5336620Z ##[group]Run export COMPOSE_DOCKER_CLI_BUILD=1 DOCKER_BUILDKIT=1
2025-08-20T17:54:34.5337061Z [36;1mexport COMPOSE_DOCKER_CLI_BUILD=1 DOCKER_BUILDKIT=1[0m
2025-08-20T17:54:34.5337368Z [36;1mdocker compose \[0m
2025-08-20T17:54:34.5337589Z [36;1m  -f docker-compose.yml \[0m
2025-08-20T17:54:34.5337841Z [36;1m  -f docker-compose.ci.yml \[0m
2025-08-20T17:54:34.5338108Z [36;1m  -f docker-compose.postgres.yml \[0m
2025-08-20T17:54:34.5338355Z [36;1m  pull[0m
2025-08-20T17:54:34.5379823Z shell: /usr/bin/bash -e {0}
2025-08-20T17:54:34.5380042Z env:
2025-08-20T17:54:34.5380464Z   GITHUB_SHA: 52815a4c933c789fa928907de12b0d6ff4e3f45c
2025-08-20T17:54:34.5380744Z ##[endgroup]
2025-08-20T17:54:34.6383586Z  postgres Skipped - No image to be pulled 
2025-08-20T17:54:34.6384375Z  etl Skipped - No image to be pulled 
2025-08-20T17:54:34.6384961Z  fees_h10 Skipped - No image to be pulled 
2025-08-20T17:54:34.6385468Z  celery_worker Skipped - No image to be pulled 
2025-08-20T17:54:34.6386080Z  api Skipped - No image to be pulled 
2025-08-20T17:54:34.6386470Z  redis Pulling 
2025-08-20T17:54:34.6386754Z  minio Pulling 
2025-08-20T17:54:35.3433647Z  dd15713b0f22 Pulling fs layer 
2025-08-20T17:54:35.3434175Z  fd312a3c94fc Pulling fs layer 
2025-08-20T17:54:35.3434558Z  02e05d20c69e Pulling fs layer 
2025-08-20T17:54:35.3434896Z  1f08d9fb7d7d Pulling fs layer 
2025-08-20T17:54:35.3435165Z  b452b5fb7338 Pulling fs layer 
2025-08-20T17:54:35.3435462Z  e14ab7c7ae26 Pulling fs layer 
2025-08-20T17:54:35.3435854Z  3bf7f4428838 Pulling fs layer 
2025-08-20T17:54:35.3436225Z  adc9ba906e83 Pulling fs layer 
2025-08-20T17:54:35.3436626Z  1611ffcaf8be Pulling fs layer 
2025-08-20T17:54:35.3437016Z  e14ab7c7ae26 Waiting 
2025-08-20T17:54:35.3437343Z  3bf7f4428838 Waiting 
2025-08-20T17:54:35.3438040Z  adc9ba906e83 Waiting 
2025-08-20T17:54:35.3438378Z  1611ffcaf8be Waiting 
2025-08-20T17:54:35.3438725Z  1f08d9fb7d7d Waiting 
2025-08-20T17:54:35.3439061Z  b452b5fb7338 Waiting 
2025-08-20T17:54:35.3466084Z  0368fd46e3c6 Pulling fs layer 
2025-08-20T17:54:35.3466525Z  4c55286bbede Pulling fs layer 
2025-08-20T17:54:35.3466901Z  5e28347af205 Pulling fs layer 
2025-08-20T17:54:35.3467180Z  311eca34042e Pulling fs layer 
2025-08-20T17:54:35.3467466Z  e6fe6f07e192 Pulling fs layer 
2025-08-20T17:54:35.3467751Z  a2cadbfeca72 Pulling fs layer 
2025-08-20T17:54:35.3467981Z  4f4fb700ef54 Pulling fs layer 
2025-08-20T17:54:35.3468337Z  a976ed7e7808 Pulling fs layer 
2025-08-20T17:54:35.3468700Z  0368fd46e3c6 Waiting 
2025-08-20T17:54:35.3469028Z  4c55286bbede Waiting 
2025-08-20T17:54:35.3469344Z  5e28347af205 Waiting 
2025-08-20T17:54:35.3469648Z  311eca34042e Waiting 
2025-08-20T17:54:35.3469963Z  e6fe6f07e192 Waiting 
2025-08-20T17:54:35.3470480Z  a2cadbfeca72 Waiting 
2025-08-20T17:54:35.3470818Z  4f4fb700ef54 Waiting 
2025-08-20T17:54:35.3471128Z  a976ed7e7808 Waiting 
2025-08-20T17:54:35.5492736Z  02e05d20c69e Downloading [>                                                  ]    2.3kB/122.7kB
2025-08-20T17:54:35.5637834Z  02e05d20c69e Verifying Checksum 
2025-08-20T17:54:35.5638318Z  02e05d20c69e Download complete 
2025-08-20T17:54:35.5663861Z  fd312a3c94fc Downloading [>                                                  ]   17.2kB/1.637MB
2025-08-20T17:54:35.5668049Z  dd15713b0f22 Downloading [>                                                  ]  73.99kB/7.24MB
2025-08-20T17:54:35.6271484Z  fd312a3c94fc Verifying Checksum 
2025-08-20T17:54:35.6271936Z  fd312a3c94fc Download complete 
2025-08-20T17:54:35.6722653Z  dd15713b0f22 Downloading [===========>                                       ]   1.62MB/7.24MB
2025-08-20T17:54:35.7729685Z  dd15713b0f22 Downloading [=========================================>         ]  5.979MB/7.24MB
2025-08-20T17:54:35.8202521Z  1f08d9fb7d7d Downloading [>                                                  ]    409kB/39.39MB
2025-08-20T17:54:35.8563661Z  b452b5fb7338 Downloading [>                                                  ]  115.7kB/11.19MB
2025-08-20T17:54:35.8618642Z  dd15713b0f22 Verifying Checksum 
2025-08-20T17:54:35.8619706Z  dd15713b0f22 Download complete 
2025-08-20T17:54:35.8630486Z  dd15713b0f22 Extracting [>                                                  ]   98.3kB/7.24MB
2025-08-20T17:54:35.9250823Z  1f08d9fb7d7d Downloading [========>                                          ]  6.462MB/39.39MB
2025-08-20T17:54:35.9566196Z  b452b5fb7338 Downloading [===================>                               ]  4.463MB/11.19MB
2025-08-20T17:54:35.9684790Z  dd15713b0f22 Extracting [==============>                                    ]  2.163MB/7.24MB
2025-08-20T17:54:36.0267924Z  1f08d9fb7d7d Downloading [===========================>                       ]  21.82MB/39.39MB
2025-08-20T17:54:36.0611995Z  b452b5fb7338 Downloading [===========================================>       ]  9.698MB/11.19MB
2025-08-20T17:54:36.0901167Z  dd15713b0f22 Extracting [============================================>      ]  6.488MB/7.24MB
2025-08-20T17:54:36.1165583Z  dd15713b0f22 Extracting [==================================================>]   7.24MB/7.24MB
2025-08-20T17:54:36.1177259Z  e14ab7c7ae26 Downloading [>                                                  ]  24.74kB/2.402MB
2025-08-20T17:54:36.1233361Z  b452b5fb7338 Verifying Checksum 
2025-08-20T17:54:36.1234086Z  b452b5fb7338 Download complete 
2025-08-20T17:54:36.1273031Z  1f08d9fb7d7d Downloading [=====================================>             ]  29.51MB/39.39MB
2025-08-20T17:54:36.1273656Z  dd15713b0f22 Pull complete 
2025-08-20T17:54:36.1286703Z  fd312a3c94fc Extracting [=>                                                 ]  32.77kB/1.637MB
2025-08-20T17:54:36.1630511Z  fd312a3c94fc Extracting [==================================================>]  1.637MB/1.637MB
2025-08-20T17:54:36.1659200Z  fd312a3c94fc Extracting [==================================================>]  1.637MB/1.637MB
2025-08-20T17:54:36.1886795Z  e14ab7c7ae26 Verifying Checksum 
2025-08-20T17:54:36.1887258Z  e14ab7c7ae26 Download complete 
2025-08-20T17:54:36.2197547Z  fd312a3c94fc Pull complete 
2025-08-20T17:54:36.2208761Z  02e05d20c69e Extracting [=============>                                     ]  32.77kB/122.7kB
2025-08-20T17:54:36.2219119Z  02e05d20c69e Extracting [==================================================>]  122.7kB/122.7kB
2025-08-20T17:54:36.2306177Z  1f08d9fb7d7d Downloading [============================================>      ]  35.15MB/39.39MB
2025-08-20T17:54:36.2321325Z  02e05d20c69e Pull complete 
2025-08-20T17:54:36.2826121Z  1f08d9fb7d7d Verifying Checksum 
2025-08-20T17:54:36.2826818Z  1f08d9fb7d7d Download complete 
2025-08-20T17:54:36.2903234Z  1f08d9fb7d7d Extracting [>                                                  ]    426kB/39.39MB
2025-08-20T17:54:36.3323360Z  3bf7f4428838 Downloading [>                                                  ]    2.3kB/180.3kB
2025-08-20T17:54:36.3600763Z  3bf7f4428838 Verifying Checksum 
2025-08-20T17:54:36.3601903Z  3bf7f4428838 Download complete 
2025-08-20T17:54:36.3913514Z  adc9ba906e83 Downloading [===>                                               ]     932B/11.88kB
2025-08-20T17:54:36.3915910Z  adc9ba906e83 Downloading [==================================================>]  11.88kB/11.88kB
2025-08-20T17:54:36.3917176Z  adc9ba906e83 Download complete 
2025-08-20T17:54:36.3928822Z  1f08d9fb7d7d Extracting [===========>                                       ]  8.946MB/39.39MB
2025-08-20T17:54:36.4966133Z  1f08d9fb7d7d Extracting [=====================>                             ]  17.04MB/39.39MB
2025-08-20T17:54:36.5023315Z  1611ffcaf8be Downloading [==================================================>]     498B/498B
2025-08-20T17:54:36.5025023Z  1611ffcaf8be Verifying Checksum 
2025-08-20T17:54:36.5026221Z  1611ffcaf8be Download complete 
2025-08-20T17:54:36.5732840Z  0368fd46e3c6 Downloading [>                                                  ]  37.02kB/3.638MB
2025-08-20T17:54:36.5997263Z  1f08d9fb7d7d Extracting [=====================================>             ]  29.82MB/39.39MB
2025-08-20T17:54:36.6636460Z  4c55286bbede Downloading [=================================================> ]     935B/950B
2025-08-20T17:54:36.6637285Z  4c55286bbede Downloading [==================================================>]     950B/950B
2025-08-20T17:54:36.6637866Z  4c55286bbede Verifying Checksum 
2025-08-20T17:54:36.6638272Z  4c55286bbede Download complete 
2025-08-20T17:54:36.6735406Z  0368fd46e3c6 Downloading [===============================================>   ]  3.447MB/3.638MB
2025-08-20T17:54:36.6745910Z  0368fd46e3c6 Downloading [==================================================>]  3.638MB/3.638MB
2025-08-20T17:54:36.6746722Z  0368fd46e3c6 Verifying Checksum 
2025-08-20T17:54:36.6753417Z  0368fd46e3c6 Download complete 
2025-08-20T17:54:36.6759838Z  0368fd46e3c6 Extracting [>                                                  ]  65.54kB/3.638MB
2025-08-20T17:54:36.7008632Z  1f08d9fb7d7d Extracting [==============================================>    ]  36.63MB/39.39MB
2025-08-20T17:54:36.7120589Z  5e28347af205 Downloading [>                                                  ]    2.3kB/173.2kB
2025-08-20T17:54:36.7405779Z  5e28347af205 Verifying Checksum 
2025-08-20T17:54:36.7408212Z  5e28347af205 Download complete 
2025-08-20T17:54:36.7426301Z  1f08d9fb7d7d Extracting [==================================================>]  39.39MB/39.39MB
2025-08-20T17:54:36.7763962Z  0368fd46e3c6 Extracting [====================================>              ]  2.621MB/3.638MB
2025-08-20T17:54:36.7809359Z  1f08d9fb7d7d Pull complete 
2025-08-20T17:54:36.7837559Z  b452b5fb7338 Extracting [>                                                  ]  131.1kB/11.19MB
2025-08-20T17:54:36.7915149Z  0368fd46e3c6 Extracting [==================================================>]  3.638MB/3.638MB
2025-08-20T17:54:36.8137236Z  0368fd46e3c6 Pull complete 
2025-08-20T17:54:36.8154710Z  4c55286bbede Extracting [==================================================>]     950B/950B
2025-08-20T17:54:36.8159393Z  4c55286bbede Extracting [==================================================>]     950B/950B
2025-08-20T17:54:36.8322693Z  4c55286bbede Pull complete 
2025-08-20T17:54:36.8337331Z  5e28347af205 Extracting [=========>                                         ]  32.77kB/173.2kB
2025-08-20T17:54:36.8357634Z  5e28347af205 Extracting [==================================================>]  173.2kB/173.2kB
2025-08-20T17:54:36.8602779Z  5e28347af205 Extracting [==================================================>]  173.2kB/173.2kB
2025-08-20T17:54:36.8855819Z  b452b5fb7338 Extracting [=================================>                 ]  7.471MB/11.19MB
2025-08-20T17:54:36.9196595Z  e6fe6f07e192 Downloading [>                                                  ]  126.4kB/12.41MB
2025-08-20T17:54:36.9302673Z  b452b5fb7338 Extracting [==================================================>]  11.19MB/11.19MB
2025-08-20T17:54:36.9479851Z  b452b5fb7338 Pull complete 
2025-08-20T17:54:36.9492232Z  e14ab7c7ae26 Extracting [>                                                  ]  32.77kB/2.402MB
2025-08-20T17:54:36.9654161Z  a2cadbfeca72 Downloading [==================================================>]      99B/99B
2025-08-20T17:54:36.9654771Z  a2cadbfeca72 Verifying Checksum 
2025-08-20T17:54:36.9655151Z  a2cadbfeca72 Download complete 
2025-08-20T17:54:36.9813504Z  e14ab7c7ae26 Extracting [==================================================>]  2.402MB/2.402MB
2025-08-20T17:54:36.9918090Z  e14ab7c7ae26 Pull complete 
2025-08-20T17:54:36.9933473Z  3bf7f4428838 Extracting [=========>                                         ]  32.77kB/180.3kB
2025-08-20T17:54:36.9950328Z  5e28347af205 Pull complete 
2025-08-20T17:54:36.9984786Z  3bf7f4428838 Extracting [==================================================>]  180.3kB/180.3kB
2025-08-20T17:54:36.9998181Z  3bf7f4428838 Extracting [==================================================>]  180.3kB/180.3kB
2025-08-20T17:54:37.0087452Z  3bf7f4428838 Pull complete 
2025-08-20T17:54:37.0097639Z  adc9ba906e83 Extracting [==================================================>]  11.88kB/11.88kB
2025-08-20T17:54:37.0100655Z  adc9ba906e83 Extracting [==================================================>]  11.88kB/11.88kB
2025-08-20T17:54:37.0168680Z  adc9ba906e83 Pull complete 
2025-08-20T17:54:37.0177546Z  1611ffcaf8be Extracting [==================================================>]     498B/498B
2025-08-20T17:54:37.0180569Z  1611ffcaf8be Extracting [==================================================>]     498B/498B
2025-08-20T17:54:37.0243817Z  1611ffcaf8be Pull complete 
2025-08-20T17:54:37.0294899Z  minio Pulled 
2025-08-20T17:54:37.0322022Z  e6fe6f07e192 Downloading [=====================>                             ]  5.422MB/12.41MB
2025-08-20T17:54:37.0389599Z  311eca34042e Downloading [>                                                  ]  10.51kB/1.003MB
2025-08-20T17:54:37.0985185Z  311eca34042e Verifying Checksum 
2025-08-20T17:54:37.0989049Z  311eca34042e Download complete 
2025-08-20T17:54:37.0989688Z  311eca34042e Extracting [=>                                                 ]  32.77kB/1.003MB
2025-08-20T17:54:37.1164289Z  311eca34042e Extracting [==================================================>]  1.003MB/1.003MB
2025-08-20T17:54:37.1169732Z  311eca34042e Extracting [==================================================>]  1.003MB/1.003MB
2025-08-20T17:54:37.1268608Z  311eca34042e Pull complete 
2025-08-20T17:54:37.1324406Z  e6fe6f07e192 Downloading [=================================================> ]   12.2MB/12.41MB
2025-08-20T17:54:37.1333950Z  e6fe6f07e192 Verifying Checksum 
2025-08-20T17:54:37.1334487Z  e6fe6f07e192 Download complete 
2025-08-20T17:54:37.1344890Z  e6fe6f07e192 Extracting [>                                                  ]  131.1kB/12.41MB
2025-08-20T17:54:37.1747645Z  4f4fb700ef54 Downloading [==================================================>]      32B/32B
2025-08-20T17:54:37.1748606Z  4f4fb700ef54 Download complete 
2025-08-20T17:54:37.2351257Z  e6fe6f07e192 Extracting [============================>                      ]  7.078MB/12.41MB
2025-08-20T17:54:37.2943989Z  e6fe6f07e192 Extracting [==================================================>]  12.41MB/12.41MB
2025-08-20T17:54:37.3090877Z  e6fe6f07e192 Pull complete 
2025-08-20T17:54:37.3100962Z  a2cadbfeca72 Extracting [==================================================>]      99B/99B
2025-08-20T17:54:37.3104808Z  a2cadbfeca72 Extracting [==================================================>]      99B/99B
2025-08-20T17:54:37.3173213Z  a2cadbfeca72 Pull complete 
2025-08-20T17:54:37.3183770Z  4f4fb700ef54 Extracting [==================================================>]      32B/32B
2025-08-20T17:54:37.3186299Z  4f4fb700ef54 Extracting [==================================================>]      32B/32B
2025-08-20T17:54:37.3240308Z  4f4fb700ef54 Pull complete 
2025-08-20T17:54:37.3399945Z  a976ed7e7808 Downloading [==================================================>]     574B/574B
2025-08-20T17:54:37.3400879Z  a976ed7e7808 Download complete 
2025-08-20T17:54:37.3402535Z  a976ed7e7808 Extracting [==================================================>]     574B/574B
2025-08-20T17:54:37.3407175Z  a976ed7e7808 Extracting [==================================================>]     574B/574B
2025-08-20T17:54:37.3482720Z  a976ed7e7808 Pull complete 
2025-08-20T17:54:37.3532014Z  redis Pulled 
2025-08-20T17:54:37.3598768Z ##[group]Run export COMPOSE_DOCKER_CLI_BUILD=1 DOCKER_BUILDKIT=1
2025-08-20T17:54:37.3599222Z [36;1mexport COMPOSE_DOCKER_CLI_BUILD=1 DOCKER_BUILDKIT=1[0m
2025-08-20T17:54:37.3599520Z [36;1mdocker compose \[0m
2025-08-20T17:54:37.3599747Z [36;1m  -f docker-compose.yml \[0m
2025-08-20T17:54:37.3599996Z [36;1m  -f docker-compose.ci.yml \[0m
2025-08-20T17:54:37.3600691Z [36;1m  -f docker-compose.postgres.yml \[0m
2025-08-20T17:54:37.3601147Z [36;1m  up -d --wait --no-build --pull always[0m
2025-08-20T17:54:37.3642074Z shell: /usr/bin/bash -e {0}
2025-08-20T17:54:37.3642305Z env:
2025-08-20T17:54:37.3642516Z   GITHUB_SHA: 52815a4c933c789fa928907de12b0d6ff4e3f45c
2025-08-20T17:54:37.3642791Z ##[endgroup]
2025-08-20T17:54:37.4698988Z  redis Pulling 
2025-08-20T17:54:37.4701223Z  minio Pulling 
2025-08-20T17:54:37.8706518Z  redis Pulled 
2025-08-20T17:54:37.8798778Z  minio Pulled 
2025-08-20T17:54:37.8864852Z  Network awa-app_awa-net  Creating
2025-08-20T17:54:37.9197565Z  Network awa-app_awa-net  Created
2025-08-20T17:54:37.9542882Z  Volume "awa-app_awa-data"  Creating
2025-08-20T17:54:37.9555118Z  Volume "awa-app_awa-data"  Created
2025-08-20T17:54:37.9558321Z  Volume "awa-app_miniodata"  Creating
2025-08-20T17:54:37.9566729Z  Volume "awa-app_miniodata"  Created
2025-08-20T17:54:37.9569500Z  Volume "awa-app_awa-pgdata"  Creating
2025-08-20T17:54:37.9576587Z  Volume "awa-app_awa-pgdata"  Created
2025-08-20T17:54:37.9581616Z  Container awa-app-postgres-1  Creating
2025-08-20T17:54:37.9582238Z  Container awa-app-redis-1  Creating
2025-08-20T17:54:37.9582915Z  Container awa-app-minio-1  Creating
2025-08-20T17:54:37.9854457Z  Container awa-app-postgres-1  Created
2025-08-20T17:54:37.9855445Z  Container awa-app-minio-1  Created
2025-08-20T17:54:37.9856182Z  Container awa-app-etl-1  Creating
2025-08-20T17:54:37.9856617Z  Container awa-app-api-1  Creating
2025-08-20T17:54:37.9857020Z  Container awa-app-redis-1  Created
2025-08-20T17:54:37.9857453Z  Container awa-app-fees_h10-1  Creating
2025-08-20T17:54:37.9861442Z  Container awa-app-celery_worker-1  Creating
2025-08-20T17:54:38.0028094Z  Container awa-app-api-1  Created
2025-08-20T17:54:38.0028758Z  Container awa-app-celery_worker-1  Created
2025-08-20T17:54:38.0033551Z  Container awa-app-fees_h10-1  Created
2025-08-20T17:54:38.0034285Z  Container awa-app-etl-1  Created
2025-08-20T17:54:38.0061880Z  Container awa-app-postgres-1  Starting
2025-08-20T17:54:38.0062367Z  Container awa-app-minio-1  Starting
2025-08-20T17:54:38.0063153Z  Container awa-app-redis-1  Starting
2025-08-20T17:54:38.5053942Z  Container awa-app-redis-1  Started
2025-08-20T17:54:38.5145309Z  Container awa-app-postgres-1  Started
2025-08-20T17:54:38.5145901Z  Container awa-app-postgres-1  Waiting
2025-08-20T17:54:38.5146391Z  Container awa-app-redis-1  Waiting
2025-08-20T17:54:38.5149039Z  Container awa-app-postgres-1  Waiting
2025-08-20T17:54:38.5150693Z  Container awa-app-postgres-1  Waiting
2025-08-20T17:54:38.5256320Z  Container awa-app-minio-1  Started
2025-08-20T17:54:38.5257560Z  Container awa-app-postgres-1  Waiting
2025-08-20T17:54:44.0169455Z  Container awa-app-redis-1  Healthy
2025-08-20T17:54:44.0171407Z  Container awa-app-postgres-1  Healthy
2025-08-20T17:54:44.0171845Z  Container awa-app-fees_h10-1  Starting
2025-08-20T17:54:44.0172275Z  Container awa-app-postgres-1  Healthy
2025-08-20T17:54:44.0172703Z  Container awa-app-celery_worker-1  Starting
2025-08-20T17:54:44.0193037Z  Container awa-app-postgres-1  Healthy
2025-08-20T17:54:44.0194024Z  Container awa-app-api-1  Starting
2025-08-20T17:54:44.0273934Z  Container awa-app-postgres-1  Healthy
2025-08-20T17:54:44.0274450Z  Container awa-app-etl-1  Starting
2025-08-20T17:54:44.2082055Z  Container awa-app-fees_h10-1  Started
2025-08-20T17:54:44.2227772Z  Container awa-app-celery_worker-1  Started
2025-08-20T17:54:44.2393577Z  Container awa-app-etl-1  Started
2025-08-20T17:54:44.2462818Z  Container awa-app-api-1  Started
2025-08-20T17:54:44.2464210Z  Container awa-app-etl-1  Waiting
2025-08-20T17:54:44.2486770Z  Container awa-app-postgres-1  Waiting
2025-08-20T17:54:44.2490598Z  Container awa-app-api-1  Waiting
2025-08-20T17:54:44.2493149Z  Container awa-app-celery_worker-1  Waiting
2025-08-20T17:54:44.2493672Z  Container awa-app-minio-1  Waiting
2025-08-20T17:54:44.2494139Z  Container awa-app-redis-1  Waiting
2025-08-20T17:54:44.2494559Z  Container awa-app-fees_h10-1  Waiting
2025-08-20T17:54:44.7483149Z  Container awa-app-postgres-1  Healthy
2025-08-20T17:54:44.7509100Z  Container awa-app-redis-1  Healthy
2025-08-20T17:54:44.7509722Z  Container awa-app-minio-1  Healthy
2025-08-20T17:54:49.7496010Z  Container awa-app-api-1  Healthy
2025-08-20T17:55:14.7479158Z  Container awa-app-etl-1  Healthy
2025-08-20T17:55:14.7502865Z  Container awa-app-celery_worker-1  Healthy
2025-08-20T17:55:14.7503435Z  Container awa-app-fees_h10-1  Healthy
2025-08-20T17:55:14.7565765Z ##[group]Run for i in {1..60}; do pg_isready -h localhost -p 5432 && break; sleep 1; done
2025-08-20T17:55:14.7566268Z [36;1mfor i in {1..60}; do pg_isready -h localhost -p 5432 && break; sleep 1; done[0m
2025-08-20T17:55:14.7606282Z shell: /usr/bin/bash -e {0}
2025-08-20T17:55:14.7606502Z env:
2025-08-20T17:55:14.7606720Z   GITHUB_SHA: 52815a4c933c789fa928907de12b0d6ff4e3f45c
2025-08-20T17:55:14.7607000Z ##[endgroup]
2025-08-20T17:55:14.9126150Z localhost:5432 - accepting connections
2025-08-20T17:55:14.9165501Z ##[group]Run [ "$(psql -U postgres -h localhost -tAc "select 1 from pg_database where datname='awa'")" = '1' ] || psql -U postgres -h localhost -c "create database awa"
2025-08-20T17:55:14.9166440Z [36;1m[ "$(psql -U postgres -h localhost -tAc "select 1 from pg_database where datname='awa'")" = '1' ] || psql -U postgres -h localhost -c "create database awa"[0m
2025-08-20T17:55:14.9205350Z shell: /usr/bin/bash -e {0}
2025-08-20T17:55:14.9205570Z env:
2025-08-20T17:55:14.9205772Z   GITHUB_SHA: 52815a4c933c789fa928907de12b0d6ff4e3f45c
2025-08-20T17:55:14.9206045Z   PGPASSWORD: pass
2025-08-20T17:55:14.9206228Z ##[endgroup]
2025-08-20T17:55:15.0218396Z ##[group]Run docker compose \
2025-08-20T17:55:15.0218682Z [36;1mdocker compose \[0m
2025-08-20T17:55:15.0218911Z [36;1m  -f docker-compose.yml \[0m
2025-08-20T17:55:15.0219155Z [36;1m  -f docker-compose.ci.yml \[0m
2025-08-20T17:55:15.0219428Z [36;1m  -f docker-compose.postgres.yml \[0m
2025-08-20T17:55:15.0219699Z [36;1m  config | grep image:[0m
2025-08-20T17:55:15.0258035Z shell: /usr/bin/bash -e {0}
2025-08-20T17:55:15.0258261Z env:
2025-08-20T17:55:15.0258473Z   GITHUB_SHA: 52815a4c933c789fa928907de12b0d6ff4e3f45c
2025-08-20T17:55:15.0258923Z ##[endgroup]
2025-08-20T17:55:15.1292879Z     image: minio/minio
2025-08-20T17:55:15.1293248Z     image: redis:7-alpine
2025-08-20T17:55:15.1320638Z ##[group]Run export COMPOSE_DOCKER_CLI_BUILD=1 DOCKER_BUILDKIT=1
2025-08-20T17:55:15.1321109Z [36;1mexport COMPOSE_DOCKER_CLI_BUILD=1 DOCKER_BUILDKIT=1[0m
2025-08-20T17:55:15.1321425Z [36;1mdocker compose ps[0m
2025-08-20T17:55:15.1360363Z shell: /usr/bin/bash -e {0}
2025-08-20T17:55:15.1360582Z env:
2025-08-20T17:55:15.1360793Z   GITHUB_SHA: 52815a4c933c789fa928907de12b0d6ff4e3f45c
2025-08-20T17:55:15.1361061Z ##[endgroup]
2025-08-20T17:55:15.2279381Z NAME                      IMAGE                   COMMAND                  SERVICE         CREATED          STATUS                    PORTS
2025-08-20T17:55:15.2287177Z awa-app-api-1             awa-app-api             "bash /app/entrypoin…"   api             38 seconds ago   Up 31 seconds (healthy)   0.0.0.0:8000->8000/tcp, [::]:8000->8000/tcp
2025-08-20T17:55:15.2288806Z awa-app-celery_worker-1   awa-app-celery_worker   "/bin/bash /app/entr…"   celery_worker   38 seconds ago   Up 31 seconds (healthy)   
2025-08-20T17:55:15.2290430Z awa-app-etl-1             awa-app-etl             "/bin/bash /app/entr…"   etl             38 seconds ago   Up 31 seconds (healthy)   
2025-08-20T17:55:15.2291713Z awa-app-fees_h10-1        awa-app-fees_h10        "./start.sh celery -…"   fees_h10        38 seconds ago   Up 31 seconds (healthy)   
2025-08-20T17:55:15.2293428Z awa-app-minio-1           minio/minio             "/usr/bin/docker-ent…"   minio           38 seconds ago   Up 37 seconds             0.0.0.0:9000-9001->9000-9001/tcp, [::]:9000-9001->9000-9001/tcp
2025-08-20T17:55:15.2295300Z awa-app-postgres-1        awa-app-postgres        "docker-entrypoint.s…"   postgres        38 seconds ago   Up 37 seconds (healthy)   0.0.0.0:5432->5432/tcp, [::]:5432->5432/tcp
2025-08-20T17:55:15.2297142Z awa-app-redis-1           redis:7-alpine          "docker-entrypoint.s…"   redis           38 seconds ago   Up 37 seconds (healthy)   0.0.0.0:6379->6379/tcp, [::]:6379->6379/tcp
2025-08-20T17:55:15.2396439Z Post job cleanup.
2025-08-20T17:55:15.3326313Z [command]/usr/bin/git version
2025-08-20T17:55:15.3362759Z git version 2.50.1
2025-08-20T17:55:15.3407410Z Temporarily overriding HOME='/home/runner/work/_temp/edde040b-4c7a-456a-a06c-6800c2096c5d' before making global git config changes
2025-08-20T17:55:15.3408705Z Adding repository directory to the temporary git global config as a safe directory
2025-08-20T17:55:15.3414018Z [command]/usr/bin/git config --global --add safe.directory /home/runner/work/AWA-App/AWA-App
2025-08-20T17:55:15.3450432Z [command]/usr/bin/git config --local --name-only --get-regexp core\.sshCommand
2025-08-20T17:55:15.3483824Z [command]/usr/bin/git submodule foreach --recursive sh -c "git config --local --name-only --get-regexp 'core\.sshCommand' && git config --local --unset-all 'core.sshCommand' || :"
2025-08-20T17:55:15.3709163Z [command]/usr/bin/git config --local --name-only --get-regexp http\.https\:\/\/github\.com\/\.extraheader
2025-08-20T17:55:15.3729838Z http.https://github.com/.extraheader
2025-08-20T17:55:15.3743140Z [command]/usr/bin/git config --local --unset-all http.https://github.com/.extraheader
2025-08-20T17:55:15.3772963Z [command]/usr/bin/git submodule foreach --recursive sh -c "git config --local --name-only --get-regexp 'http\.https\:\/\/github\.com\/\.extraheader' && git config --local --unset-all 'http.https://github.com/.extraheader' || :"
2025-08-20T17:55:15.4106987Z Cleaning up orphan processes
