2025-08-21T18:13:21.1547465Z Current runner version: '2.328.0'
2025-08-21T18:13:21.1572313Z ##[group]Runner Image Provisioner
2025-08-21T18:13:21.1573261Z Hosted Compute Agent
2025-08-21T18:13:21.1574114Z Version: 20250818.377
2025-08-21T18:13:21.1575153Z Commit: 3c593e9f75fe0b87e893bca80d6e12ba089c61fc
2025-08-21T18:13:21.1576460Z Build Date: 2025-08-18T14:52:18Z
2025-08-21T18:13:21.1577389Z ##[endgroup]
2025-08-21T18:13:21.1578369Z ##[group]Operating System
2025-08-21T18:13:21.1579454Z Ubuntu
2025-08-21T18:13:21.1580528Z 24.04.2
2025-08-21T18:13:21.1581304Z LTS
2025-08-21T18:13:21.1582263Z ##[endgroup]
2025-08-21T18:13:21.1583056Z ##[group]Runner Image
2025-08-21T18:13:21.1584087Z Image: ubuntu-24.04
2025-08-21T18:13:21.1585127Z Version: 20250818.1.0
2025-08-21T18:13:21.1586892Z Included Software: https://github.com/actions/runner-images/blob/ubuntu24/20250818.1/images/ubuntu/Ubuntu2404-Readme.md
2025-08-21T18:13:21.1589931Z Image Release: https://github.com/actions/runner-images/releases/tag/ubuntu24%2F20250818.1
2025-08-21T18:13:21.1591649Z ##[endgroup]
2025-08-21T18:13:21.1595984Z ##[group]GITHUB_TOKEN Permissions
2025-08-21T18:13:21.1599033Z Actions: write
2025-08-21T18:13:21.1600277Z Attestations: write
2025-08-21T18:13:21.1601278Z Checks: write
2025-08-21T18:13:21.1602111Z Contents: write
2025-08-21T18:13:21.1603002Z Deployments: write
2025-08-21T18:13:21.1603950Z Discussions: write
2025-08-21T18:13:21.1604925Z Issues: write
2025-08-21T18:13:21.1605870Z Metadata: read
2025-08-21T18:13:21.1606638Z Models: read
2025-08-21T18:13:21.1607610Z Packages: write
2025-08-21T18:13:21.1608421Z Pages: write
2025-08-21T18:13:21.1609262Z PullRequests: write
2025-08-21T18:13:21.1610481Z RepositoryProjects: write
2025-08-21T18:13:21.1611511Z SecurityEvents: write
2025-08-21T18:13:21.1612526Z Statuses: write
2025-08-21T18:13:21.1613400Z ##[endgroup]
2025-08-21T18:13:21.1616195Z Secret source: Actions
2025-08-21T18:13:21.1617959Z Prepare workflow directory
2025-08-21T18:13:21.1982593Z Prepare all required actions
2025-08-21T18:13:21.2039868Z Getting action download info
2025-08-21T18:13:21.5371329Z Download action repository 'actions/checkout@v5' (SHA:08c6903cd8c0fde910a37f88322edcfb5dd907a8)
2025-08-21T18:13:21.9533057Z Download action repository 'actions/upload-artifact@v4' (SHA:ea165f8d65b6e75b540449e92b4886f43607fa02)
2025-08-21T18:13:22.1432727Z Complete job name: compose-health
2025-08-21T18:13:22.2148671Z ##[group]Run actions/checkout@v5
2025-08-21T18:13:22.2149528Z with:
2025-08-21T18:13:22.2150142Z   repository: AlexBomber12/AWA-App
2025-08-21T18:13:22.2150837Z   token: ***
2025-08-21T18:13:22.2151254Z   ssh-strict: true
2025-08-21T18:13:22.2151677Z   ssh-user: git
2025-08-21T18:13:22.2152102Z   persist-credentials: true
2025-08-21T18:13:22.2152583Z   clean: true
2025-08-21T18:13:22.2153005Z   sparse-checkout-cone-mode: true
2025-08-21T18:13:22.2153517Z   fetch-depth: 1
2025-08-21T18:13:22.2153947Z   fetch-tags: false
2025-08-21T18:13:22.2154377Z   show-progress: true
2025-08-21T18:13:22.2154824Z   lfs: false
2025-08-21T18:13:22.2155229Z   submodules: false
2025-08-21T18:13:22.2155692Z   set-safe-directory: true
2025-08-21T18:13:22.2156402Z ##[endgroup]
2025-08-21T18:13:22.3096207Z Syncing repository: AlexBomber12/AWA-App
2025-08-21T18:13:22.3097988Z ##[group]Getting Git version info
2025-08-21T18:13:22.3098771Z Working directory is '/home/runner/work/AWA-App/AWA-App'
2025-08-21T18:13:22.3100050Z [command]/usr/bin/git version
2025-08-21T18:13:22.3175578Z git version 2.51.0
2025-08-21T18:13:22.3196041Z ##[endgroup]
2025-08-21T18:13:22.3209444Z Temporarily overriding HOME='/home/runner/work/_temp/4659e2d4-3810-4cef-bfaa-018a4006f5be' before making global git config changes
2025-08-21T18:13:22.3214261Z Adding repository directory to the temporary git global config as a safe directory
2025-08-21T18:13:22.3215451Z [command]/usr/bin/git config --global --add safe.directory /home/runner/work/AWA-App/AWA-App
2025-08-21T18:13:22.3251480Z Deleting the contents of '/home/runner/work/AWA-App/AWA-App'
2025-08-21T18:13:22.3255032Z ##[group]Initializing the repository
2025-08-21T18:13:22.3259312Z [command]/usr/bin/git init /home/runner/work/AWA-App/AWA-App
2025-08-21T18:13:22.3391171Z hint: Using 'master' as the name for the initial branch. This default branch name
2025-08-21T18:13:22.3392356Z hint: is subject to change. To configure the initial branch name to use in all
2025-08-21T18:13:22.3393396Z hint: of your new repositories, which will suppress this warning, call:
2025-08-21T18:13:22.3394142Z hint:
2025-08-21T18:13:22.3394795Z hint: 	git config --global init.defaultBranch <name>
2025-08-21T18:13:22.3395843Z hint:
2025-08-21T18:13:22.3396490Z hint: Names commonly chosen instead of 'master' are 'main', 'trunk' and
2025-08-21T18:13:22.3397491Z hint: 'development'. The just-created branch can be renamed via this command:
2025-08-21T18:13:22.3398250Z hint:
2025-08-21T18:13:22.3398664Z hint: 	git branch -m <name>
2025-08-21T18:13:22.3399118Z hint:
2025-08-21T18:13:22.3400044Z hint: Disable this message with "git config set advice.defaultBranchName false"
2025-08-21T18:13:22.3401680Z Initialized empty Git repository in /home/runner/work/AWA-App/AWA-App/.git/
2025-08-21T18:13:22.3406214Z [command]/usr/bin/git remote add origin https://github.com/AlexBomber12/AWA-App
2025-08-21T18:13:22.3446363Z ##[endgroup]
2025-08-21T18:13:22.3447722Z ##[group]Disabling automatic garbage collection
2025-08-21T18:13:22.3450256Z [command]/usr/bin/git config --local gc.auto 0
2025-08-21T18:13:22.3478229Z ##[endgroup]
2025-08-21T18:13:22.3479801Z ##[group]Setting up auth
2025-08-21T18:13:22.3485667Z [command]/usr/bin/git config --local --name-only --get-regexp core\.sshCommand
2025-08-21T18:13:22.3516726Z [command]/usr/bin/git submodule foreach --recursive sh -c "git config --local --name-only --get-regexp 'core\.sshCommand' && git config --local --unset-all 'core.sshCommand' || :"
2025-08-21T18:13:22.3882185Z [command]/usr/bin/git config --local --name-only --get-regexp http\.https\:\/\/github\.com\/\.extraheader
2025-08-21T18:13:22.3915221Z [command]/usr/bin/git submodule foreach --recursive sh -c "git config --local --name-only --get-regexp 'http\.https\:\/\/github\.com\/\.extraheader' && git config --local --unset-all 'http.https://github.com/.extraheader' || :"
2025-08-21T18:13:22.4146527Z [command]/usr/bin/git config --local http.https://github.com/.extraheader AUTHORIZATION: basic ***
2025-08-21T18:13:22.4184150Z ##[endgroup]
2025-08-21T18:13:22.4184984Z ##[group]Fetching the repository
2025-08-21T18:13:22.4193331Z [command]/usr/bin/git -c protocol.version=2 fetch --no-tags --prune --no-recurse-submodules --depth=1 origin +c0ff1be96e5c5326bfc2e01e5b37bc0129ef63b1:refs/remotes/origin/main
2025-08-21T18:13:22.8490769Z From https://github.com/AlexBomber12/AWA-App
2025-08-21T18:13:22.8491966Z  * [new ref]         c0ff1be96e5c5326bfc2e01e5b37bc0129ef63b1 -> origin/main
2025-08-21T18:13:22.8522937Z ##[endgroup]
2025-08-21T18:13:22.8524022Z ##[group]Determining the checkout info
2025-08-21T18:13:22.8525435Z ##[endgroup]
2025-08-21T18:13:22.8530525Z [command]/usr/bin/git sparse-checkout disable
2025-08-21T18:13:22.8571751Z [command]/usr/bin/git config --local --unset-all extensions.worktreeConfig
2025-08-21T18:13:22.8597172Z ##[group]Checking out the ref
2025-08-21T18:13:22.8600916Z [command]/usr/bin/git checkout --progress --force -B main refs/remotes/origin/main
2025-08-21T18:13:22.8940500Z Switched to a new branch 'main'
2025-08-21T18:13:22.8942278Z branch 'main' set up to track 'origin/main'.
2025-08-21T18:13:22.8950906Z ##[endgroup]
2025-08-21T18:13:22.8991163Z [command]/usr/bin/git log -1 --format=%H
2025-08-21T18:13:22.9015791Z c0ff1be96e5c5326bfc2e01e5b37bc0129ef63b1
2025-08-21T18:13:22.9243039Z ##[group]Run echo "GITHUB_SHA=${GITHUB_SHA}" >> "$GITHUB_ENV"
2025-08-21T18:13:22.9245057Z [36;1mecho "GITHUB_SHA=${GITHUB_SHA}" >> "$GITHUB_ENV"[0m
2025-08-21T18:13:22.9338288Z shell: /usr/bin/bash -e {0}
2025-08-21T18:13:22.9339406Z ##[endgroup]
2025-08-21T18:13:22.9507077Z ##[group]Run cat .env.ci >> "$GITHUB_ENV"
2025-08-21T18:13:22.9508398Z [36;1mcat .env.ci >> "$GITHUB_ENV"[0m
2025-08-21T18:13:22.9511501Z [36;1mecho "DATABASE_URL=***postgres:5432/awa" >> "$GITHUB_ENV"[0m
2025-08-21T18:13:22.9513171Z [36;1mecho "PG_HOST=postgres" >> "$GITHUB_ENV"[0m
2025-08-21T18:13:22.9514560Z [36;1mecho "PG_PORT=5432" >> "$GITHUB_ENV"[0m
2025-08-21T18:13:22.9515934Z [36;1mecho "PG_USER=postgres" >> "$GITHUB_ENV"[0m
2025-08-21T18:13:22.9517381Z [36;1mecho "PG_PASSWORD=pass" >> "$GITHUB_ENV"[0m
2025-08-21T18:13:22.9518802Z [36;1mecho "PG_DATABASE=awa" >> "$GITHUB_ENV"[0m
2025-08-21T18:13:22.9563926Z shell: /usr/bin/bash -e {0}
2025-08-21T18:13:22.9564950Z env:
2025-08-21T18:13:22.9565889Z   GITHUB_SHA: c0ff1be96e5c5326bfc2e01e5b37bc0129ef63b1
2025-08-21T18:13:22.9567195Z ##[endgroup]
2025-08-21T18:13:22.9716029Z ##[group]Run export COMPOSE_DOCKER_CLI_BUILD=1 DOCKER_BUILDKIT=1
2025-08-21T18:13:22.9717800Z [36;1mexport COMPOSE_DOCKER_CLI_BUILD=1 DOCKER_BUILDKIT=1[0m
2025-08-21T18:13:22.9719291Z [36;1mdocker compose --progress=plain \[0m
2025-08-21T18:13:22.9720725Z [36;1m  -f docker-compose.yml \[0m
2025-08-21T18:13:22.9721873Z [36;1m  -f docker-compose.ci.yml \[0m
2025-08-21T18:13:22.9723064Z [36;1m  -f docker-compose.postgres.yml \[0m
2025-08-21T18:13:22.9724197Z [36;1m  build[0m
2025-08-21T18:13:22.9768015Z shell: /usr/bin/bash -e {0}
2025-08-21T18:13:22.9768955Z env:
2025-08-21T18:13:22.9770211Z   GITHUB_SHA: c0ff1be96e5c5326bfc2e01e5b37bc0129ef63b1
2025-08-21T18:13:22.9771501Z   PG_USER: postgres
2025-08-21T18:13:22.9772333Z   PG_PASSWORD: pass
2025-08-21T18:13:22.9773155Z   PG_DATABASE: awa
2025-08-21T18:13:22.9773961Z   PG_HOST: postgres
2025-08-21T18:13:22.9774786Z   PG_PORT: 5432
2025-08-21T18:13:22.9776359Z   PG_SYNC_DSN: ***localhost:5432/awa
2025-08-21T18:13:22.9778024Z   PG_ASYNC_DSN: ***localhost:5432/awa
2025-08-21T18:13:22.9779842Z   DATABASE_URL: ***postgres:5432/awa
2025-08-21T18:13:22.9780919Z   DATA_DIR: /tmp/awa-data
2025-08-21T18:13:22.9781812Z   ENABLE_LIVE: 0
2025-08-21T18:13:22.9782594Z   TESTING: 1
2025-08-21T18:13:22.9783330Z ##[endgroup]
2025-08-21T18:13:23.7831321Z #1 [internal] load local bake definitions
2025-08-21T18:13:23.8881886Z #1 reading from stdin 1.88kB done
2025-08-21T18:13:23.8884365Z #1 DONE 0.0s
2025-08-21T18:13:24.0323487Z 
2025-08-21T18:13:24.0325086Z #2 [fees_h10 internal] load build definition from Dockerfile
2025-08-21T18:13:24.0326628Z #2 transferring dockerfile: 962B done
2025-08-21T18:13:24.0328178Z #2 DONE 0.0s
2025-08-21T18:13:24.0328849Z 
2025-08-21T18:13:24.0329897Z #3 [etl internal] load build definition from Dockerfile
2025-08-21T18:13:24.0331271Z #3 transferring dockerfile: 1.35kB done
2025-08-21T18:13:24.0332293Z #3 DONE 0.0s
2025-08-21T18:13:24.0333046Z 
2025-08-21T18:13:24.0334070Z #4 [postgres internal] load build definition from Dockerfile
2025-08-21T18:13:24.0335626Z #4 transferring dockerfile: 807B done
2025-08-21T18:13:24.0336648Z #4 DONE 0.0s
2025-08-21T18:13:24.0337066Z 
2025-08-21T18:13:24.0337579Z #5 [api internal] load build definition from Dockerfile
2025-08-21T18:13:24.0338945Z #5 transferring dockerfile: 1.48kB done
2025-08-21T18:13:24.0340253Z #5 DONE 0.0s
2025-08-21T18:13:24.0340682Z 
2025-08-21T18:13:24.0341288Z #6 [auth] library/postgres:pull token for registry-1.docker.io
2025-08-21T18:13:24.1827481Z #6 DONE 0.0s
2025-08-21T18:13:24.1828039Z 
2025-08-21T18:13:24.1828747Z #7 [auth] docker/dockerfile:pull token for registry-1.docker.io
2025-08-21T18:13:24.1830372Z #7 DONE 0.0s
2025-08-21T18:13:24.1830840Z 
2025-08-21T18:13:24.1831809Z #8 [api] resolve image config for docker-image://docker.io/docker/dockerfile:1.6
2025-08-21T18:13:24.5654755Z #8 ...
2025-08-21T18:13:24.5655053Z 
2025-08-21T18:13:24.5655419Z #9 [postgres internal] load metadata for docker.io/library/postgres:16
2025-08-21T18:13:24.5656077Z #9 DONE 0.6s
2025-08-21T18:13:24.6881460Z 
2025-08-21T18:13:24.6881867Z #10 [postgres internal] load .dockerignore
2025-08-21T18:13:24.6882318Z #10 transferring context: 265B done
2025-08-21T18:13:24.6882606Z #10 DONE 0.0s
2025-08-21T18:13:24.6882740Z 
2025-08-21T18:13:24.6882860Z #11 [postgres internal] load build context
2025-08-21T18:13:24.6883432Z #11 transferring context: 582B done
2025-08-21T18:13:24.6883689Z #11 DONE 0.0s
2025-08-21T18:13:24.6883815Z 
2025-08-21T18:13:24.6884299Z #8 [api] resolve image config for docker-image://docker.io/docker/dockerfile:1.6
2025-08-21T18:13:24.6884996Z #8 DONE 0.7s
2025-08-21T18:13:24.6885201Z 
2025-08-21T18:13:24.6885902Z #12 [etl] docker-image://docker.io/docker/dockerfile:1.6@sha256:ac85f380a63b13dfcefa89046420e1781752bab202122f8f50032edf31be0021
2025-08-21T18:13:24.6887010Z #12 resolve docker.io/docker/dockerfile:1.6@sha256:ac85f380a63b13dfcefa89046420e1781752bab202122f8f50032edf31be0021 done
2025-08-21T18:13:24.8883879Z #12 sha256:657fcc512c7369f4cb3d94ea329150f8daf626bc838b1a1e81f1834c73ecc77e 482B / 482B done
2025-08-21T18:13:24.8884842Z #12 sha256:a17ee7fff8f5e97b974f5b48f51647d2cf28d543f2aa6c11aaa0ea431b44bb89 1.27kB / 1.27kB done
2025-08-21T18:13:24.8885660Z #12 sha256:ac85f380a63b13dfcefa89046420e1781752bab202122f8f50032edf31be0021 8.40kB / 8.40kB done
2025-08-21T18:13:25.5880326Z #12 sha256:9d9c93f4b00be908ab694a4df732570bced3b8a96b7515d70ff93402179ad232 0B / 11.80MB 0.9s
2025-08-21T18:13:25.6941666Z #12 sha256:9d9c93f4b00be908ab694a4df732570bced3b8a96b7515d70ff93402179ad232 1.05MB / 11.80MB 1.0s
2025-08-21T18:13:25.7944327Z #12 sha256:9d9c93f4b00be908ab694a4df732570bced3b8a96b7515d70ff93402179ad232 3.15MB / 11.80MB 1.1s
2025-08-21T18:13:25.9314324Z #12 sha256:9d9c93f4b00be908ab694a4df732570bced3b8a96b7515d70ff93402179ad232 6.29MB / 11.80MB 1.3s
2025-08-21T18:13:26.0314087Z #12 sha256:9d9c93f4b00be908ab694a4df732570bced3b8a96b7515d70ff93402179ad232 9.44MB / 11.80MB 1.4s
2025-08-21T18:13:26.1316279Z #12 sha256:9d9c93f4b00be908ab694a4df732570bced3b8a96b7515d70ff93402179ad232 11.80MB / 11.80MB 1.4s done
2025-08-21T18:13:26.1318379Z #12 extracting sha256:9d9c93f4b00be908ab694a4df732570bced3b8a96b7515d70ff93402179ad232
2025-08-21T18:13:26.2875957Z #12 extracting sha256:9d9c93f4b00be908ab694a4df732570bced3b8a96b7515d70ff93402179ad232 0.1s done
2025-08-21T18:13:26.2878368Z #12 DONE 1.6s
2025-08-21T18:13:26.2879081Z 
2025-08-21T18:13:26.2880089Z #13 [postgres 1/6] FROM docker.io/library/postgres:16@sha256:66a5efb5677ffac1037774a0e141fd3a4c035c9c0c0e624c9cc980dfa10f45e5
2025-08-21T18:13:26.2881683Z #13 resolve docker.io/library/postgres:16@sha256:66a5efb5677ffac1037774a0e141fd3a4c035c9c0c0e624c9cc980dfa10f45e5 done
2025-08-21T18:13:26.2884434Z #13 sha256:66a5efb5677ffac1037774a0e141fd3a4c035c9c0c0e624c9cc980dfa10f45e5 10.24kB / 10.24kB done
2025-08-21T18:13:26.2889231Z #13 sha256:396b1da7636e2dcd10565cb4f2f952cbb4a8a38b58d3b86a2cacb172fb70117c 29.77MB / 29.77MB 0.8s done
2025-08-21T18:13:26.2892068Z #13 sha256:fb850b0e3049060bf4eb46c8806d7ceea916d67e5cc56d6b295511e27463e56b 1.17kB / 1.17kB 0.1s done
2025-08-21T18:13:26.2893124Z #13 sha256:3084fa1fadd59e7633ec56d318f1e4de01be744f446c5c35df7cd801fbc34894 3.63kB / 3.63kB done
2025-08-21T18:13:26.2894090Z #13 sha256:4b802c5161ddfa2ae4beac272c4e24aa5e162a20451c8489cbb952a88507732f 9.89kB / 9.89kB done
2025-08-21T18:13:26.2895085Z #13 sha256:7f09385d08f9e8f578f9dad57582fff30d6ca3ef0f4d66ab5e1bf92c88862341 6.44MB / 6.44MB 0.3s done
2025-08-21T18:13:26.2896088Z #13 sha256:534f45d26d937460abe84bd086361a04c27e624a23f9384ff13f11c24c64c7bb 1.45MB / 1.45MB 0.3s done
2025-08-21T18:13:26.2897078Z #13 sha256:320fa150e60fca9bb108771a06f08d5464ad8b7474b7bf3f4b44d723b686ee72 1.31MB / 1.31MB 0.5s done
2025-08-21T18:13:26.2898085Z #13 sha256:2b6532633f5d125e9a709f56f26af5a07390c859a5c77142b74da1d4e3c79fee 8.20MB / 8.20MB 0.4s done
2025-08-21T18:13:26.2899041Z #13 sha256:19947f6cc5d3035f6c922fa1d6047c79e044256ad948080adb59cec60717b9f8 116B / 116B 0.5s done
2025-08-21T18:13:26.2904896Z #13 sha256:e787bdd7824bfcb30d11087160de825f724620c952958f4f725c13421499b724 3.14kB / 3.14kB 0.6s done
2025-08-21T18:13:26.2905895Z #13 sha256:a1e4ad56dcecf442fba1cec05cd565ededfdc663e5172df9ef9394d96d4c96f8 57.67MB / 113.19MB 1.7s
2025-08-21T18:13:26.2906874Z #13 sha256:987c1b4919ea2d87df20824aaef43a9de0575ac7df684579ad267c7e48c8eeea 10.01kB / 10.01kB 0.7s done
2025-08-21T18:13:26.2907870Z #13 sha256:a858bd6d34e86a481a2e028e3ba489e662b3ac7713eba9a5d3bb97002c7d797e 128B / 128B 0.8s done
2025-08-21T18:13:26.2909047Z #13 extracting sha256:396b1da7636e2dcd10565cb4f2f952cbb4a8a38b58d3b86a2cacb172fb70117c 0.8s
2025-08-21T18:13:26.2910089Z #13 sha256:f1b3502db45ad485f0affe43e32fc81d699ddac01c023f198271a0a7e1cecd4c 169B / 169B 0.8s done
2025-08-21T18:13:26.2911022Z #13 sha256:25ef78fb127c1934630de29a3d38f46e544360b1dcf5cfc09b25507fbe88fd75 5.92kB / 5.92kB 0.9s done
2025-08-21T18:13:26.2911963Z #13 sha256:240810240d04caaaccb11d51ba7c3a7f7d6f470ec2a80ee420a3d33899d9a303 184B / 184B 0.9s done
2025-08-21T18:13:26.4233197Z #13 ...
2025-08-21T18:13:26.4234142Z 
2025-08-21T18:13:26.4235207Z #14 [celery_worker internal] load build definition from Dockerfile
2025-08-21T18:13:26.4237436Z #14 transferring dockerfile: 1.35kB done
2025-08-21T18:13:26.4237889Z #14 DONE 0.0s
2025-08-21T18:13:26.4239929Z 
2025-08-21T18:13:26.4240168Z #15 [etl internal] load build definition from Dockerfile
2025-08-21T18:13:26.4241625Z #15 transferring dockerfile: 1.35kB done
2025-08-21T18:13:26.4242439Z #15 DONE 0.0s
2025-08-21T18:13:26.4243086Z 
2025-08-21T18:13:26.4243726Z #13 [postgres 1/6] FROM docker.io/library/postgres:16@sha256:66a5efb5677ffac1037774a0e141fd3a4c035c9c0c0e624c9cc980dfa10f45e5
2025-08-21T18:13:26.5878962Z #13 ...
2025-08-21T18:13:26.5879279Z 
2025-08-21T18:13:26.5879838Z #16 [auth] library/python:pull token for registry-1.docker.io
2025-08-21T18:13:26.5880545Z #16 DONE 0.0s
2025-08-21T18:13:26.5880782Z 
2025-08-21T18:13:26.5887411Z #13 [postgres 1/6] FROM docker.io/library/postgres:16@sha256:66a5efb5677ffac1037774a0e141fd3a4c035c9c0c0e624c9cc980dfa10f45e5
2025-08-21T18:13:26.5889156Z #13 sha256:a1e4ad56dcecf442fba1cec05cd565ededfdc663e5172df9ef9394d96d4c96f8 69.21MB / 113.19MB 2.0s
2025-08-21T18:13:26.5890432Z #13 extracting sha256:396b1da7636e2dcd10565cb4f2f952cbb4a8a38b58d3b86a2cacb172fb70117c 1.0s done
2025-08-21T18:13:26.5891236Z #13 extracting sha256:fb850b0e3049060bf4eb46c8806d7ceea916d67e5cc56d6b295511e27463e56b done
2025-08-21T18:13:26.6885321Z #13 sha256:a1e4ad56dcecf442fba1cec05cd565ededfdc663e5172df9ef9394d96d4c96f8 81.79MB / 113.19MB 2.1s
2025-08-21T18:13:26.8884867Z #13 sha256:a1e4ad56dcecf442fba1cec05cd565ededfdc663e5172df9ef9394d96d4c96f8 91.23MB / 113.19MB 2.3s
2025-08-21T18:13:27.0885163Z #13 sha256:a1e4ad56dcecf442fba1cec05cd565ededfdc663e5172df9ef9394d96d4c96f8 98.57MB / 113.19MB 2.5s
2025-08-21T18:13:27.2880838Z #13 sha256:a1e4ad56dcecf442fba1cec05cd565ededfdc663e5172df9ef9394d96d4c96f8 110.10MB / 113.19MB 2.7s
2025-08-21T18:13:27.5038665Z #13 extracting sha256:7f09385d08f9e8f578f9dad57582fff30d6ca3ef0f4d66ab5e1bf92c88862341
2025-08-21T18:13:27.6063852Z #13 sha256:a1e4ad56dcecf442fba1cec05cd565ededfdc663e5172df9ef9394d96d4c96f8 113.19MB / 113.19MB 2.9s done
2025-08-21T18:13:27.7076461Z #13 ...
2025-08-21T18:13:27.7077120Z 
2025-08-21T18:13:27.7081621Z #17 [api internal] load metadata for docker.io/library/python:3.12-slim
2025-08-21T18:13:27.7082293Z #17 DONE 1.4s
2025-08-21T18:13:27.7082480Z 
2025-08-21T18:13:27.7083163Z #13 [postgres 1/6] FROM docker.io/library/postgres:16@sha256:66a5efb5677ffac1037774a0e141fd3a4c035c9c0c0e624c9cc980dfa10f45e5
2025-08-21T18:13:27.7084485Z #13 extracting sha256:7f09385d08f9e8f578f9dad57582fff30d6ca3ef0f4d66ab5e1bf92c88862341 0.1s done
2025-08-21T18:13:27.7085844Z #13 extracting sha256:534f45d26d937460abe84bd086361a04c27e624a23f9384ff13f11c24c64c7bb
2025-08-21T18:13:27.8539903Z #13 ...
2025-08-21T18:13:27.8540557Z 
2025-08-21T18:13:27.8541089Z #18 [fees_h10 internal] load .dockerignore
2025-08-21T18:13:27.8541939Z #18 transferring context: 2B done
2025-08-21T18:13:27.8543953Z #18 DONE 0.0s
2025-08-21T18:13:27.8544141Z 
2025-08-21T18:13:27.8544322Z #19 [api internal] load .dockerignore
2025-08-21T18:13:27.8544742Z #19 transferring context: 265B done
2025-08-21T18:13:27.8545120Z #19 DONE 0.0s
2025-08-21T18:13:27.8545282Z 
2025-08-21T18:13:27.8545423Z #20 [etl internal] load .dockerignore
2025-08-21T18:13:27.8545828Z #20 transferring context: 265B done
2025-08-21T18:13:27.8546482Z #20 DONE 0.0s
2025-08-21T18:13:27.8546651Z 
2025-08-21T18:13:27.8546818Z #21 [celery_worker internal] load .dockerignore
2025-08-21T18:13:27.8547261Z #21 transferring context: 265B done
2025-08-21T18:13:27.8547618Z #21 DONE 0.0s
2025-08-21T18:13:27.8547778Z 
2025-08-21T18:13:27.8547931Z #22 [fees_h10 internal] load build context
2025-08-21T18:13:27.8548339Z #22 transferring context: 8.31kB done
2025-08-21T18:13:27.8548736Z #22 DONE 0.0s
2025-08-21T18:13:27.8548901Z 
2025-08-21T18:13:27.8549053Z #23 [api internal] load build context
2025-08-21T18:13:27.8549506Z #23 transferring context: 162.54kB 0.0s done
2025-08-21T18:13:27.8550006Z #23 DONE 0.0s
2025-08-21T18:13:27.8550126Z 
2025-08-21T18:13:27.8550555Z #24 [celery_worker internal] load build context
2025-08-21T18:13:27.8550970Z #24 transferring context: 61.52kB done
2025-08-21T18:13:27.8551199Z #24 DONE 0.0s
2025-08-21T18:13:27.8551347Z 
2025-08-21T18:13:27.8551438Z #25 [etl internal] load build context
2025-08-21T18:13:27.8551674Z #25 transferring context: 61.52kB done
2025-08-21T18:13:27.8551910Z #25 DONE 0.0s
2025-08-21T18:13:27.8552021Z 
2025-08-21T18:13:27.8552390Z #13 [postgres 1/6] FROM docker.io/library/postgres:16@sha256:66a5efb5677ffac1037774a0e141fd3a4c035c9c0c0e624c9cc980dfa10f45e5
2025-08-21T18:13:27.8553287Z #13 extracting sha256:534f45d26d937460abe84bd086361a04c27e624a23f9384ff13f11c24c64c7bb 0.0s done
2025-08-21T18:13:27.8554171Z #13 extracting sha256:2b6532633f5d125e9a709f56f26af5a07390c859a5c77142b74da1d4e3c79fee
2025-08-21T18:13:28.1559236Z #13 extracting sha256:2b6532633f5d125e9a709f56f26af5a07390c859a5c77142b74da1d4e3c79fee 0.3s done
2025-08-21T18:13:28.1560536Z #13 extracting sha256:320fa150e60fca9bb108771a06f08d5464ad8b7474b7bf3f4b44d723b686ee72
2025-08-21T18:13:28.3413549Z #13 extracting sha256:320fa150e60fca9bb108771a06f08d5464ad8b7474b7bf3f4b44d723b686ee72 0.1s done
2025-08-21T18:13:28.3414893Z #13 extracting sha256:19947f6cc5d3035f6c922fa1d6047c79e044256ad948080adb59cec60717b9f8 done
2025-08-21T18:13:28.3416058Z #13 extracting sha256:e787bdd7824bfcb30d11087160de825f724620c952958f4f725c13421499b724 done
2025-08-21T18:13:28.3417696Z #13 extracting sha256:a1e4ad56dcecf442fba1cec05cd565ededfdc663e5172df9ef9394d96d4c96f8
2025-08-21T18:13:28.9962377Z #13 ...
2025-08-21T18:13:28.9962655Z 
2025-08-21T18:13:28.9989388Z #26 [etl base 1/6] FROM docker.io/library/python:3.12-slim@sha256:d67a7b66b989ad6b6d6b10d428dcc5e0bfc3e5f88906e67d490c4d3daac57047
2025-08-21T18:13:28.9991277Z #26 resolve docker.io/library/python:3.12-slim@sha256:d67a7b66b989ad6b6d6b10d428dcc5e0bfc3e5f88906e67d490c4d3daac57047 done
2025-08-21T18:13:28.9995793Z #26 sha256:d76206d463c08ba2a3f7bbab2de2a933ad73f33ab4ab813eafe50c9dff9edc12 251B / 251B 0.2s done
2025-08-21T18:13:29.0006229Z #26 sha256:d67a7b66b989ad6b6d6b10d428dcc5e0bfc3e5f88906e67d490c4d3daac57047 10.37kB / 10.37kB done
2025-08-21T18:13:29.0008435Z #26 sha256:8f3d1de1b41cd7340a89b024d6f7a10043f7b0d07d97eb36ba76f22fcfa9a235 1.75kB / 1.75kB done
2025-08-21T18:13:29.0009582Z #26 sha256:bad5eac7befe06d25bef9d4d894d7467355bac08745c745a88977774933fa032 5.58kB / 5.58kB done
2025-08-21T18:13:29.0012456Z #26 sha256:5d587318e932a89b94608393c99dd30ee5092a6991c1656f717bd4f4e13d60df 1.29MB / 1.29MB 0.2s done
2025-08-21T18:13:29.0013648Z #26 sha256:e5c05dcf47fbdb2f18dc242ad1b7f48fbd3813c0027ffcfb8e81e4aa7e0965f4 12.11MB / 12.11MB 0.4s done
2025-08-21T18:13:29.0014791Z #26 extracting sha256:5d587318e932a89b94608393c99dd30ee5092a6991c1656f717bd4f4e13d60df 0.1s done
2025-08-21T18:13:29.0015863Z #26 extracting sha256:e5c05dcf47fbdb2f18dc242ad1b7f48fbd3813c0027ffcfb8e81e4aa7e0965f4 0.7s done
2025-08-21T18:13:29.0016920Z #26 extracting sha256:d76206d463c08ba2a3f7bbab2de2a933ad73f33ab4ab813eafe50c9dff9edc12 done
2025-08-21T18:13:29.0017648Z #26 DONE 1.2s
2025-08-21T18:13:29.0017823Z 
2025-08-21T18:13:29.0017990Z #27 [etl stage-1 2/5] WORKDIR /app/services/etl
2025-08-21T18:13:29.0018410Z #27 DONE 0.0s
2025-08-21T18:13:29.0018574Z 
2025-08-21T18:13:29.0018715Z #28 [fees_h10 base 2/6] WORKDIR /app
2025-08-21T18:13:29.0019074Z #28 DONE 0.0s
2025-08-21T18:13:29.0019551Z 
2025-08-21T18:13:29.0020025Z #29 [api base  3/13] COPY services/api/requirements.txt ./requirements.txt
2025-08-21T18:13:29.0020568Z #29 DONE 0.0s
2025-08-21T18:13:29.0020737Z 
2025-08-21T18:13:29.0021033Z #30 [fees_h10 base 3/6] COPY requirements*.txt constraints.txt ./fees_h10/
2025-08-21T18:13:29.0021560Z #30 DONE 0.0s
2025-08-21T18:13:29.0021740Z 
2025-08-21T18:13:29.0022099Z #31 [etl base 3/8] COPY services/etl/requirements*.txt services/etl/constraints.txt ./
2025-08-21T18:13:29.0022708Z #31 DONE 0.0s
2025-08-21T18:13:29.0022865Z 
2025-08-21T18:13:29.0028222Z #13 [postgres 1/6] FROM docker.io/library/postgres:16@sha256:66a5efb5677ffac1037774a0e141fd3a4c035c9c0c0e624c9cc980dfa10f45e5
2025-08-21T18:13:33.4576127Z #13 extracting sha256:a1e4ad56dcecf442fba1cec05cd565ededfdc663e5172df9ef9394d96d4c96f8 5.1s
2025-08-21T18:13:33.6738269Z #13 extracting sha256:a1e4ad56dcecf442fba1cec05cd565ededfdc663e5172df9ef9394d96d4c96f8 5.3s done
2025-08-21T18:13:34.3597007Z #13 extracting sha256:987c1b4919ea2d87df20824aaef43a9de0575ac7df684579ad267c7e48c8eeea done
2025-08-21T18:13:34.3598083Z #13 extracting sha256:a858bd6d34e86a481a2e028e3ba489e662b3ac7713eba9a5d3bb97002c7d797e done
2025-08-21T18:13:34.3599054Z #13 extracting sha256:f1b3502db45ad485f0affe43e32fc81d699ddac01c023f198271a0a7e1cecd4c
2025-08-21T18:13:34.4596475Z #13 extracting sha256:f1b3502db45ad485f0affe43e32fc81d699ddac01c023f198271a0a7e1cecd4c done
2025-08-21T18:13:34.4600591Z #13 extracting sha256:25ef78fb127c1934630de29a3d38f46e544360b1dcf5cfc09b25507fbe88fd75 done
2025-08-21T18:13:34.4602449Z #13 extracting sha256:240810240d04caaaccb11d51ba7c3a7f7d6f470ec2a80ee420a3d33899d9a303 done
2025-08-21T18:13:34.5624879Z #13 DONE 9.9s
2025-08-21T18:13:34.5625623Z 
2025-08-21T18:13:34.5627300Z #32 [postgres 2/6] RUN set -eux;     if [ -f /etc/apt/sources.list ]; then         sed -i 's|http://deb.debian.org|https://deb.debian.org|g' /etc/apt/sources.list;     fi;     apt-get update;     apt-get install -y locales;     locale-gen en_US.UTF-8;     rm -rf /var/lib/apt/lists/*
2025-08-21T18:13:34.8162260Z #32 0.246 + [ -f /etc/apt/sources.list ]
2025-08-21T18:13:34.8171572Z #32 0.246 + apt-get update
2025-08-21T18:13:34.9260719Z #32 0.334 Get:1 http://deb.debian.org/debian trixie InRelease [138 kB]
2025-08-21T18:13:34.9261924Z #32 0.396 Get:2 http://deb.debian.org/debian trixie-updates InRelease [47.1 kB]
2025-08-21T18:13:34.9262789Z #32 0.420 Get:3 http://deb.debian.org/debian-security trixie-security InRelease [43.4 kB]
2025-08-21T18:13:35.0282919Z #32 0.447 Get:4 http://deb.debian.org/debian trixie/main amd64 Packages [9,668 kB]
2025-08-21T18:13:35.1359892Z #32 0.627 Get:5 http://deb.debian.org/debian trixie-updates/main amd64 Packages [2,432 B]
2025-08-21T18:13:35.1361207Z #32 0.654 Get:6 http://deb.debian.org/debian-security trixie-security/main amd64 Packages [20.5 kB]
2025-08-21T18:13:35.5596301Z #32 1.055 Get:7 http://apt.postgresql.org/pub/repos/apt trixie-pgdg InRelease [107 kB]
2025-08-21T18:13:35.6635554Z #32 1.117 Get:8 http://apt.postgresql.org/pub/repos/apt trixie-pgdg/main amd64 Packages [334 kB]
2025-08-21T18:13:35.6637806Z #32 1.154 Get:9 http://apt.postgresql.org/pub/repos/apt trixie-pgdg/16 amd64 Packages [2,574 B]
2025-08-21T18:13:36.0928783Z #32 1.565 Fetched 10.4 MB in 1s (8,049 kB/s)
2025-08-21T18:13:36.9888743Z #32 1.565 Reading package lists...
2025-08-21T18:13:36.9890853Z #32 2.434 + apt-get install -y locales
2025-08-21T18:13:37.7606752Z #32 2.446 Reading package lists...
2025-08-21T18:13:38.1208586Z #32 3.294 Building dependency tree...
2025-08-21T18:13:38.1211159Z #32 3.537 Reading state information...
2025-08-21T18:13:38.4609148Z 
2025-08-21T18:13:38.4610913Z #32 ...
2025-08-21T18:13:38.4611314Z 
2025-08-21T18:13:38.4612971Z #33 [api stage-1 3/6] RUN set -eux;     if [ -f /etc/apt/sources.list ]; then         sed -i 's|http://deb.debian.org|https://deb.debian.org|g' /etc/apt/sources.list;     fi;     apt-get update;     apt-get install -y --no-install-recommends tzdata postgresql-client curl;     rm -rf /var/lib/apt/lists/*
2025-08-21T18:13:38.4615268Z #33 0.272 + [ -f /etc/apt/sources.list ]
2025-08-21T18:13:38.4615781Z #33 0.272 + apt-get update
2025-08-21T18:13:38.4616447Z #33 0.354 Hit:1 http://deb.debian.org/debian trixie InRelease
2025-08-21T18:13:38.4617393Z #33 0.354 Get:2 http://deb.debian.org/debian trixie-updates InRelease [47.1 kB]
2025-08-21T18:13:38.4618337Z #33 0.383 Get:3 http://deb.debian.org/debian-security trixie-security InRelease [43.4 kB]
2025-08-21T18:13:38.4619190Z #33 0.402 Get:4 http://deb.debian.org/debian trixie/main amd64 Packages [9668 kB]
2025-08-21T18:13:38.4620163Z #33 0.577 Get:5 http://deb.debian.org/debian trixie-updates/main amd64 Packages [2432 B]
2025-08-21T18:13:38.4621368Z #33 0.577 Get:6 http://deb.debian.org/debian-security trixie-security/main amd64 Packages [20.5 kB]
2025-08-21T18:13:38.4622148Z #33 1.446 Fetched 9781 kB in 1s (8598 kB/s)
2025-08-21T18:13:38.4622581Z #33 1.446 Reading package lists...
2025-08-21T18:13:38.4623179Z #33 2.275 + apt-get install -y --no-install-recommends tzdata postgresql-client curl
2025-08-21T18:13:38.4623819Z #33 2.290 Reading package lists...
2025-08-21T18:13:38.4624216Z #33 3.162 Building dependency tree...
2025-08-21T18:13:38.4624643Z #33 3.354 Reading state information...
2025-08-21T18:13:38.4625106Z #33 3.641 tzdata is already the newest version (2025b-4).
2025-08-21T18:13:38.4625687Z #33 3.641 The following additional packages will be installed:
2025-08-21T18:13:38.4626403Z #33 3.641   libbrotli1 libcom-err2 libcurl4t64 libgdbm-compat4t64 libgnutls30t64
2025-08-21T18:13:38.4627180Z #33 3.641   libgssapi-krb5-2 libidn2-0 libk5crypto3 libkeyutils1 libkrb5-3
2025-08-21T18:13:38.4628033Z #33 3.642   libkrb5support0 libldap2 libnghttp2-14 libnghttp3-9 libp11-kit0 libperl5.40
2025-08-21T18:13:38.4628896Z #33 3.644   libpq5 libpsl5t64 librtmp1 libsasl2-2 libsasl2-modules-db libssh2-1t64
2025-08-21T18:13:38.4630043Z #33 3.644   libtasn1-6 libunistring5 perl perl-modules-5.40 postgresql-client-17
2025-08-21T18:13:38.4630731Z #33 3.644   postgresql-client-common sensible-utils
2025-08-21T18:13:38.4631223Z #33 3.645 Suggested packages:
2025-08-21T18:13:38.4631778Z #33 3.645   gnutls-bin krb5-doc krb5-user perl-doc libterm-readline-gnu-perl
2025-08-21T18:13:38.4632633Z #33 3.645   | libterm-readline-perl-perl make libtap-harness-archive-perl postgresql-17
2025-08-21T18:13:38.4633325Z #33 3.645   postgresql-doc-17
2025-08-21T18:13:38.4633703Z #33 3.645 Recommended packages:
2025-08-21T18:13:38.4634318Z #33 3.645   bash-completion krb5-locales libldap-common publicsuffix libsasl2-modules
2025-08-21T18:13:38.4635041Z #33 3.915 The following NEW packages will be installed:
2025-08-21T18:13:38.4635751Z #33 3.915   curl libbrotli1 libcom-err2 libcurl4t64 libgdbm-compat4t64 libgnutls30t64
2025-08-21T18:13:38.4636566Z #33 3.915   libgssapi-krb5-2 libidn2-0 libk5crypto3 libkeyutils1 libkrb5-3
2025-08-21T18:13:38.4637349Z #33 3.915   libkrb5support0 libldap2 libnghttp2-14 libnghttp3-9 libp11-kit0 libperl5.40
2025-08-21T18:13:38.4638225Z #33 3.915   libpq5 libpsl5t64 librtmp1 libsasl2-2 libsasl2-modules-db libssh2-1t64
2025-08-21T18:13:38.4639034Z #33 3.917   libtasn1-6 libunistring5 perl perl-modules-5.40 postgresql-client
2025-08-21T18:13:38.4640078Z #33 3.917   postgresql-client-17 postgresql-client-common sensible-utils
2025-08-21T18:13:38.4640822Z #33 3.969 0 upgraded, 31 newly installed, 0 to remove and 0 not upgraded.
2025-08-21T18:13:38.4641398Z #33 3.969 Need to get 14.9 MB of archives.
2025-08-21T18:13:38.4642000Z #33 3.969 After this operation, 78.1 MB of additional disk space will be used.
2025-08-21T18:13:38.4642881Z #33 3.969 Get:1 http://deb.debian.org/debian trixie/main amd64 sensible-utils all 0.0.25 [25.0 kB]
2025-08-21T18:13:38.4643903Z #33 3.987 Get:2 http://deb.debian.org/debian trixie/main amd64 perl-modules-5.40 all 5.40.1-6 [3019 kB]
2025-08-21T18:13:38.4644926Z #33 4.070 Get:3 http://deb.debian.org/debian trixie/main amd64 libgdbm-compat4t64 amd64 1.24-2 [50.3 kB]
2025-08-21T18:13:38.4645881Z #33 4.071 Get:4 http://deb.debian.org/debian trixie/main amd64 libperl5.40 amd64 5.40.1-6 [4341 kB]
2025-08-21T18:13:38.4647069Z #33 4.106 Get:5 http://deb.debian.org/debian trixie/main amd64 perl amd64 5.40.1-6 [267 kB]
2025-08-21T18:13:38.4648000Z #33 4.106 Get:6 http://deb.debian.org/debian trixie/main amd64 libbrotli1 amd64 1.1.0-2+b7 [307 kB]
2025-08-21T18:13:38.4649002Z #33 4.106 Get:7 http://deb.debian.org/debian trixie/main amd64 libkrb5support0 amd64 1.21.3-5 [33.0 kB]
2025-08-21T18:13:38.4650180Z #33 4.106 Get:8 http://deb.debian.org/debian trixie/main amd64 libcom-err2 amd64 1.47.2-3+b3 [25.0 kB]
2025-08-21T18:13:38.4651176Z #33 4.106 Get:9 http://deb.debian.org/debian trixie/main amd64 libk5crypto3 amd64 1.21.3-5 [81.5 kB]
2025-08-21T18:13:38.4652334Z #33 4.106 Get:10 http://deb.debian.org/debian trixie/main amd64 libkeyutils1 amd64 1.6.3-6 [9456 B]
2025-08-21T18:13:38.4653298Z #33 4.106 Get:11 http://deb.debian.org/debian trixie/main amd64 libkrb5-3 amd64 1.21.3-5 [326 kB]
2025-08-21T18:13:38.4654282Z #33 4.110 Get:12 http://deb.debian.org/debian trixie/main amd64 libgssapi-krb5-2 amd64 1.21.3-5 [138 kB]
2025-08-21T18:13:38.4655282Z #33 4.110 Get:13 http://deb.debian.org/debian trixie/main amd64 libunistring5 amd64 1.3-2 [477 kB]
2025-08-21T18:13:38.4656234Z #33 4.112 Get:14 http://deb.debian.org/debian trixie/main amd64 libidn2-0 amd64 2.3.8-2 [109 kB]
2025-08-21T18:13:38.4657260Z #33 4.125 Get:15 http://deb.debian.org/debian trixie/main amd64 libsasl2-modules-db amd64 2.1.28+dfsg1-9 [19.8 kB]
2025-08-21T18:13:38.4658354Z #33 4.126 Get:16 http://deb.debian.org/debian trixie/main amd64 libsasl2-2 amd64 2.1.28+dfsg1-9 [57.5 kB]
2025-08-21T18:13:38.4659370Z #33 4.128 Get:17 http://deb.debian.org/debian trixie/main amd64 libldap2 amd64 2.6.10+dfsg-1 [194 kB]
2025-08-21T18:13:38.4660617Z #33 4.131 Get:18 http://deb.debian.org/debian trixie/main amd64 libnghttp2-14 amd64 1.64.0-1.1 [76.0 kB]
2025-08-21T18:13:38.4661546Z #33 4.133 Get:19 http://deb.debian.org/debian trixie/main amd64 libnghttp3-9 amd64 1.8.0-1 [67.7 kB]
2025-08-21T18:13:38.4662532Z #33 4.133 Get:20 http://deb.debian.org/debian trixie/main amd64 libpsl5t64 amd64 0.21.2-1.1+b1 [57.2 kB]
2025-08-21T18:13:38.4663531Z #33 4.135 Get:21 http://deb.debian.org/debian trixie/main amd64 libp11-kit0 amd64 0.25.5-3 [425 kB]
2025-08-21T18:13:38.4664490Z #33 4.139 Get:22 http://deb.debian.org/debian trixie/main amd64 libtasn1-6 amd64 4.20.0-2 [49.9 kB]
2025-08-21T18:13:38.4665481Z #33 4.140 Get:23 http://deb.debian.org/debian trixie/main amd64 libgnutls30t64 amd64 3.8.9-3 [1465 kB]
2025-08-21T18:13:38.4666585Z #33 4.146 Get:24 http://deb.debian.org/debian trixie/main amd64 librtmp1 amd64 2.4+20151223.gitfa8646d.1-2+b5 [58.8 kB]
2025-08-21T18:13:38.4667663Z #33 4.158 Get:25 http://deb.debian.org/debian trixie/main amd64 libssh2-1t64 amd64 1.11.1-1 [245 kB]
2025-08-21T18:13:38.4668738Z #33 4.159 Get:26 http://deb.debian.org/debian trixie/main amd64 libcurl4t64 amd64 8.14.1-2 [391 kB]
2025-08-21T18:13:38.4669879Z #33 4.160 Get:27 http://deb.debian.org/debian trixie/main amd64 curl amd64 8.14.1-2 [269 kB]
2025-08-21T18:13:38.4670788Z #33 4.163 Get:28 http://deb.debian.org/debian trixie/main amd64 libpq5 amd64 17.5-1 [226 kB]
2025-08-21T18:13:38.4671774Z #33 4.165 Get:29 http://deb.debian.org/debian trixie/main amd64 postgresql-client-common all 278 [47.1 kB]
2025-08-21T18:13:38.4672855Z #33 4.166 Get:30 http://deb.debian.org/debian trixie/main amd64 postgresql-client-17 amd64 17.5-1 [2025 kB]
2025-08-21T18:13:38.4673889Z #33 4.177 Get:31 http://deb.debian.org/debian trixie/main amd64 postgresql-client all 17+278 [14.0 kB]
2025-08-21T18:13:38.4674635Z #33 5.968 Fetched 14.9 MB in 0s (59.6 MB/s)
2025-08-21T18:13:38.4675189Z #33 5.983 Selecting previously unselected package sensible-utils.
2025-08-21T18:13:38.4675750Z #33 5.983 (Reading database ... 
2025-08-21T18:13:38.4676140Z (Reading database ... 5%
2025-08-21T18:13:38.4676483Z (Reading database ... 10%
2025-08-21T18:13:38.4676837Z (Reading database ... 15%
2025-08-21T18:13:38.4677178Z (Reading database ... 20%
2025-08-21T18:13:38.4677525Z (Reading database ... 25%
2025-08-21T18:13:38.4678087Z (Reading database ... 30%
2025-08-21T18:13:38.4678573Z (Reading database ... 35%
2025-08-21T18:13:38.4678896Z (Reading database ... 40%
2025-08-21T18:13:38.4679219Z (Reading database ... 45%
2025-08-21T18:13:38.4679534Z (Reading database ... 50%
2025-08-21T18:13:38.4680033Z (Reading database ... 55%
2025-08-21T18:13:38.4680368Z (Reading database ... 60%
2025-08-21T18:13:38.4680693Z (Reading database ... 65%
2025-08-21T18:13:38.4681029Z (Reading database ... 70%
2025-08-21T18:13:38.4681352Z (Reading database ... 75%
2025-08-21T18:13:38.4681677Z (Reading database ... 80%
2025-08-21T18:13:38.4682001Z (Reading database ... 85%
2025-08-21T18:13:38.4682563Z (Reading database ... 90%
2025-08-21T18:13:38.4682911Z (Reading database ... 95%
2025-08-21T18:13:38.4683250Z (Reading database ... 100%
2025-08-21T18:13:38.4683751Z (Reading database ... 5643 files and directories currently installed.)
2025-08-21T18:13:38.4684450Z #33 5.992 Preparing to unpack .../00-sensible-utils_0.0.25_all.deb ...
2025-08-21T18:13:38.4685037Z #33 5.993 Unpacking sensible-utils (0.0.25) ...
2025-08-21T18:13:38.4685628Z #33 6.017 Selecting previously unselected package perl-modules-5.40.
2025-08-21T18:13:38.4686361Z #33 6.019 Preparing to unpack .../01-perl-modules-5.40_5.40.1-6_all.deb ...
2025-08-21T18:13:38.4686993Z #33 6.022 Unpacking perl-modules-5.40 (5.40.1-6) ...
2025-08-21T18:13:38.4687687Z #33 6.499 Selecting previously unselected package libgdbm-compat4t64:amd64.
2025-08-21T18:13:38.4688447Z #33 6.499 Preparing to unpack .../02-libgdbm-compat4t64_1.24-2_amd64.deb ...
2025-08-21T18:13:38.4689104Z #33 6.502 Unpacking libgdbm-compat4t64:amd64 (1.24-2) ...
2025-08-21T18:13:38.4689916Z #33 6.535 Selecting previously unselected package libperl5.40:amd64.
2025-08-21T18:13:38.4690598Z #33 6.535 Preparing to unpack .../03-libperl5.40_5.40.1-6_amd64.deb ...
2025-08-21T18:13:38.4691187Z #33 6.541 Unpacking libperl5.40:amd64 (5.40.1-6) ...
2025-08-21T18:13:38.4691707Z #33 6.899 Selecting previously unselected package perl.
2025-08-21T18:13:38.4692293Z #33 6.901 Preparing to unpack .../04-perl_5.40.1-6_amd64.deb ...
2025-08-21T18:13:38.4692805Z #33 6.902 Unpacking perl (5.40.1-6) ...
2025-08-21T18:13:38.4693346Z #33 6.943 Selecting previously unselected package libbrotli1:amd64.
2025-08-21T18:13:38.4694026Z #33 6.945 Preparing to unpack .../05-libbrotli1_1.1.0-2+b7_amd64.deb ...
2025-08-21T18:13:38.4694629Z #33 6.947 Unpacking libbrotli1:amd64 (1.1.0-2+b7) ...
2025-08-21T18:13:38.4695234Z #33 6.987 Selecting previously unselected package libkrb5support0:amd64.
2025-08-21T18:13:38.4695954Z #33 6.988 Preparing to unpack .../06-libkrb5support0_1.21.3-5_amd64.deb ...
2025-08-21T18:13:38.4696595Z #33 6.990 Unpacking libkrb5support0:amd64 (1.21.3-5) ...
2025-08-21T18:13:38.4697207Z #33 7.016 Selecting previously unselected package libcom-err2:amd64.
2025-08-21T18:13:38.4697915Z #33 7.018 Preparing to unpack .../07-libcom-err2_1.47.2-3+b3_amd64.deb ...
2025-08-21T18:13:38.4698524Z #33 7.020 Unpacking libcom-err2:amd64 (1.47.2-3+b3) ...
2025-08-21T18:13:38.4699133Z #33 7.052 Selecting previously unselected package libk5crypto3:amd64.
2025-08-21T18:13:38.4700051Z #33 7.052 Preparing to unpack .../08-libk5crypto3_1.21.3-5_amd64.deb ...
2025-08-21T18:13:38.4700669Z #33 7.053 Unpacking libk5crypto3:amd64 (1.21.3-5) ...
2025-08-21T18:13:38.4701282Z #33 7.081 Selecting previously unselected package libkeyutils1:amd64.
2025-08-21T18:13:38.4701972Z #33 7.081 Preparing to unpack .../09-libkeyutils1_1.6.3-6_amd64.deb ...
2025-08-21T18:13:38.4702576Z #33 7.083 Unpacking libkeyutils1:amd64 (1.6.3-6) ...
2025-08-21T18:13:38.4703168Z #33 7.107 Selecting previously unselected package libkrb5-3:amd64.
2025-08-21T18:13:38.4703828Z #33 7.109 Preparing to unpack .../10-libkrb5-3_1.21.3-5_amd64.deb ...
2025-08-21T18:13:38.4704412Z #33 7.110 Unpacking libkrb5-3:amd64 (1.21.3-5) ...
2025-08-21T18:13:38.4705017Z #33 7.149 Selecting previously unselected package libgssapi-krb5-2:amd64.
2025-08-21T18:13:38.4705746Z #33 7.151 Preparing to unpack .../11-libgssapi-krb5-2_1.21.3-5_amd64.deb ...
2025-08-21T18:13:38.4706625Z #33 7.152 Unpacking libgssapi-krb5-2:amd64 (1.21.3-5) ...
2025-08-21T18:13:38.4707215Z #33 7.181 Selecting previously unselected package libunistring5:amd64.
2025-08-21T18:13:38.4707878Z #33 7.183 Preparing to unpack .../12-libunistring5_1.3-2_amd64.deb ...
2025-08-21T18:13:38.4708452Z #33 7.184 Unpacking libunistring5:amd64 (1.3-2) ...
2025-08-21T18:13:38.4709019Z #33 7.246 Selecting previously unselected package libidn2-0:amd64.
2025-08-21T18:13:38.4709838Z #33 7.248 Preparing to unpack .../13-libidn2-0_2.3.8-2_amd64.deb ...
2025-08-21T18:13:38.4710409Z #33 7.249 Unpacking libidn2-0:amd64 (2.3.8-2) ...
2025-08-21T18:13:38.4711232Z #33 7.283 Selecting previously unselected package libsasl2-modules-db:amd64.
2025-08-21T18:13:38.4712048Z #33 7.288 Preparing to unpack .../14-libsasl2-modules-db_2.1.28+dfsg1-9_amd64.deb ...
2025-08-21T18:13:38.4712795Z #33 7.292 Unpacking libsasl2-modules-db:amd64 (2.1.28+dfsg1-9) ...
2025-08-21T18:13:38.4713474Z #33 7.325 Selecting previously unselected package libsasl2-2:amd64.
2025-08-21T18:13:38.4714207Z #33 7.325 Preparing to unpack .../15-libsasl2-2_2.1.28+dfsg1-9_amd64.deb ...
2025-08-21T18:13:38.4714848Z #33 7.326 Unpacking libsasl2-2:amd64 (2.1.28+dfsg1-9) ...
2025-08-21T18:13:38.4715445Z #33 7.361 Selecting previously unselected package libldap2:amd64.
2025-08-21T18:13:38.4716127Z #33 7.361 Preparing to unpack .../16-libldap2_2.6.10+dfsg-1_amd64.deb ...
2025-08-21T18:13:38.4716723Z #33 7.367 Unpacking libldap2:amd64 (2.6.10+dfsg-1) ...
2025-08-21T18:13:38.4717331Z #33 7.423 Selecting previously unselected package libnghttp2-14:amd64.
2025-08-21T18:13:38.4718048Z #33 7.427 Preparing to unpack .../17-libnghttp2-14_1.64.0-1.1_amd64.deb ...
2025-08-21T18:13:38.4718680Z #33 7.430 Unpacking libnghttp2-14:amd64 (1.64.0-1.1) ...
2025-08-21T18:13:38.4719305Z #33 7.478 Selecting previously unselected package libnghttp3-9:amd64.
2025-08-21T18:13:38.4726662Z #33 7.478 Preparing to unpack .../18-libnghttp3-9_1.8.0-1_amd64.deb ...
2025-08-21T18:13:38.4771469Z #33 7.480 Unpacking libnghttp3-9:amd64 (1.8.0-1) ...
2025-08-21T18:13:38.4772111Z #33 7.516 Selecting previously unselected package libpsl5t64:amd64.
2025-08-21T18:13:38.4773017Z #33 7.519 Preparing to unpack .../19-libpsl5t64_0.21.2-1.1+b1_amd64.deb ...
2025-08-21T18:13:38.4773660Z #33 7.521 Unpacking libpsl5t64:amd64 (0.21.2-1.1+b1) ...
2025-08-21T18:13:38.4774281Z #33 7.554 Selecting previously unselected package libp11-kit0:amd64.
2025-08-21T18:13:38.4774967Z #33 7.558 Preparing to unpack .../20-libp11-kit0_0.25.5-3_amd64.deb ...
2025-08-21T18:13:38.4775578Z #33 7.560 Unpacking libp11-kit0:amd64 (0.25.5-3) ...
2025-08-21T18:13:38.4776216Z #33 7.614 Selecting previously unselected package libtasn1-6:amd64.
2025-08-21T18:13:38.4776922Z #33 7.614 Preparing to unpack .../21-libtasn1-6_4.20.0-2_amd64.deb ...
2025-08-21T18:13:38.4777517Z #33 7.617 Unpacking libtasn1-6:amd64 (4.20.0-2) ...
2025-08-21T18:13:38.4778132Z #33 7.652 Selecting previously unselected package libgnutls30t64:amd64.
2025-08-21T18:13:38.4778883Z #33 7.652 Preparing to unpack .../22-libgnutls30t64_3.8.9-3_amd64.deb ...
2025-08-21T18:13:38.4779517Z #33 7.655 Unpacking libgnutls30t64:amd64 (3.8.9-3) ...
2025-08-21T18:13:38.4780300Z #33 7.747 Selecting previously unselected package librtmp1:amd64.
2025-08-21T18:13:38.4781062Z #33 7.758 Preparing to unpack .../23-librtmp1_2.4+20151223.gitfa8646d.1-2+b5_amd64.deb ...
2025-08-21T18:13:38.4781830Z #33 7.760 Unpacking librtmp1:amd64 (2.4+20151223.gitfa8646d.1-2+b5) ...
2025-08-21T18:13:38.4782537Z #33 7.808 Selecting previously unselected package libssh2-1t64:amd64.
2025-08-21T18:13:38.4783239Z #33 7.808 Preparing to unpack .../24-libssh2-1t64_1.11.1-1_amd64.deb ...
2025-08-21T18:13:38.4783841Z #33 7.809 Unpacking libssh2-1t64:amd64 (1.11.1-1) ...
2025-08-21T18:13:38.4784441Z #33 7.854 Selecting previously unselected package libcurl4t64:amd64.
2025-08-21T18:13:38.4785143Z #33 7.858 Preparing to unpack .../25-libcurl4t64_8.14.1-2_amd64.deb ...
2025-08-21T18:13:38.4785748Z #33 7.865 Unpacking libcurl4t64:amd64 (8.14.1-2) ...
2025-08-21T18:13:38.4786647Z #33 7.927 Selecting previously unselected package curl.
2025-08-21T18:13:38.4787227Z #33 7.927 Preparing to unpack .../26-curl_8.14.1-2_amd64.deb ...
2025-08-21T18:13:38.4787807Z #33 7.928 Unpacking curl (8.14.1-2) ...
2025-08-21T18:13:38.4788328Z #33 7.983 Selecting previously unselected package libpq5:amd64.
2025-08-21T18:13:38.4788943Z #33 7.985 Preparing to unpack .../27-libpq5_17.5-1_amd64.deb ...
2025-08-21T18:13:38.4789493Z #33 7.986 Unpacking libpq5:amd64 (17.5-1) ...
2025-08-21T18:13:38.4798870Z #33 8.045 Selecting previously unselected package postgresql-client-common.
2025-08-21T18:13:38.4800119Z #33 8.045 Preparing to unpack .../28-postgresql-client-common_278_all.deb ...
2025-08-21T18:13:38.4800832Z #33 8.068 Unpacking postgresql-client-common (278) ...
2025-08-21T18:13:38.4801448Z #33 8.132 Selecting previously unselected package postgresql-client-17.
2025-08-21T18:13:38.4802224Z #33 8.132 Preparing to unpack .../29-postgresql-client-17_17.5-1_amd64.deb ...
2025-08-21T18:13:38.4802885Z #33 8.134 Unpacking postgresql-client-17 (17.5-1) ...
2025-08-21T18:13:38.4803504Z #33 8.330 Selecting previously unselected package postgresql-client.
2025-08-21T18:13:38.4804224Z #33 8.333 Preparing to unpack .../30-postgresql-client_17+278_all.deb ...
2025-08-21T18:13:38.4804831Z #33 8.338 Unpacking postgresql-client (17+278) ...
2025-08-21T18:13:38.4805334Z #33 8.384 Setting up libkeyutils1:amd64 (1.6.3-6) ...
2025-08-21T18:13:38.4805865Z #33 8.389 Setting up libgdbm-compat4t64:amd64 (1.24-2) ...
2025-08-21T18:13:38.4806409Z #33 8.396 Setting up libbrotli1:amd64 (1.1.0-2+b7) ...
2025-08-21T18:13:38.4806945Z #33 8.404 Setting up libnghttp2-14:amd64 (1.64.0-1.1) ...
2025-08-21T18:13:38.4807489Z #33 8.407 Setting up libcom-err2:amd64 (1.47.2-3+b3) ...
2025-08-21T18:13:38.4808061Z #33 8.416 Setting up libkrb5support0:amd64 (1.21.3-5) ...
2025-08-21T18:13:38.4808687Z #33 8.423 Setting up libsasl2-modules-db:amd64 (2.1.28+dfsg1-9) ...
2025-08-21T18:13:38.4809309Z #33 8.431 Setting up libp11-kit0:amd64 (0.25.5-3) ...
2025-08-21T18:13:38.4810027Z #33 8.438 Setting up libunistring5:amd64 (1.3-2) ...
2025-08-21T18:13:38.4810545Z #33 8.444 Setting up libk5crypto3:amd64 (1.21.3-5) ...
2025-08-21T18:13:38.4811078Z #33 8.448 Setting up libsasl2-2:amd64 (2.1.28+dfsg1-9) ...
2025-08-21T18:13:38.4811618Z #33 8.451 Setting up libnghttp3-9:amd64 (1.8.0-1) ...
2025-08-21T18:13:38.4812127Z #33 8.454 Setting up perl-modules-5.40 (5.40.1-6) ...
2025-08-21T18:13:38.4812632Z #33 8.462 Setting up sensible-utils (0.0.25) ...
2025-08-21T18:13:38.4813132Z #33 8.470 Setting up libtasn1-6:amd64 (4.20.0-2) ...
2025-08-21T18:13:38.4813640Z #33 8.473 Setting up libkrb5-3:amd64 (1.21.3-5) ...
2025-08-21T18:13:38.4814149Z #33 8.477 Setting up libssh2-1t64:amd64 (1.11.1-1) ...
2025-08-21T18:13:38.4814670Z #33 8.480 Setting up libldap2:amd64 (2.6.10+dfsg-1) ...
2025-08-21T18:13:38.4815190Z #33 8.488 Setting up libidn2-0:amd64 (2.3.8-2) ...
2025-08-21T18:13:38.4815685Z #33 8.495 Setting up libperl5.40:amd64 (5.40.1-6) ...
2025-08-21T18:13:38.4816170Z #33 8.498 Setting up perl (5.40.1-6) ...
2025-08-21T18:13:38.4816656Z #33 8.507 Setting up libgssapi-krb5-2:amd64 (1.21.3-5) ...
2025-08-21T18:13:38.4817213Z #33 8.511 Setting up libgnutls30t64:amd64 (3.8.9-3) ...
2025-08-21T18:13:38.4817736Z #33 8.514 Setting up postgresql-client-common (278) ...
2025-08-21T18:13:38.4818289Z #33 8.527 Setting up libpsl5t64:amd64 (0.21.2-1.1+b1) ...
2025-08-21T18:13:38.4818802Z #33 8.532 Setting up libpq5:amd64 (17.5-1) ...
2025-08-21T18:13:38.4819369Z #33 8.536 Setting up librtmp1:amd64 (2.4+20151223.gitfa8646d.1-2+b5) ...
2025-08-21T18:13:38.4820277Z #33 8.541 Setting up libcurl4t64:amd64 (8.14.1-2) ...
2025-08-21T18:13:38.4820812Z #33 8.545 Setting up postgresql-client-17 (17.5-1) ...
2025-08-21T18:13:38.4821900Z #33 9.150 update-alternatives: using /usr/share/postgresql/17/man/man1/psql.1.gz to provide /usr/share/man/man1/psql.1.gz (psql.1.gz) in auto mode
2025-08-21T18:13:38.4822926Z #33 9.207 Setting up curl (8.14.1-2) ...
2025-08-21T18:13:38.4823639Z #33 9.213 Setting up postgresql-client (17+278) ...
2025-08-21T18:13:38.4824187Z #33 9.217 Processing triggers for libc-bin (2.41-12) ...
2025-08-21T18:13:38.4828123Z #33 9.256 + rm -rf /var/lib/apt/lists/auxfiles /var/lib/apt/lists/deb.debian.org_debian-security_dists_trixie-security_InRelease /var/lib/apt/lists/deb.debian.org_debian-security_dists_trixie-security_main_binary-amd64_Packages.lz4 /var/lib/apt/lists/deb.debian.org_debian_dists_trixie-updates_InRelease /var/lib/apt/lists/deb.debian.org_debian_dists_trixie-updates_main_binary-amd64_Packages.lz4 /var/lib/apt/lists/deb.debian.org_debian_dists_trixie_InRelease /var/lib/apt/lists/deb.debian.org_debian_dists_trixie_main_binary-amd64_Packages.lz4 /var/lib/apt/lists/lock /var/lib/apt/lists/partial
2025-08-21T18:13:38.4832120Z #33 DONE 9.4s
2025-08-21T18:13:38.4832316Z 
2025-08-21T18:13:38.4833545Z #32 [postgres 2/6] RUN set -eux;     if [ -f /etc/apt/sources.list ]; then         sed -i 's|http://deb.debian.org|https://deb.debian.org|g' /etc/apt/sources.list;     fi;     apt-get update;     apt-get install -y locales;     locale-gen en_US.UTF-8;     rm -rf /var/lib/apt/lists/*
2025-08-21T18:13:38.4835126Z #32 3.899 locales is already the newest version (2.41-12).
2025-08-21T18:13:38.4835781Z #32 3.899 0 upgraded, 0 newly installed, 0 to remove and 1 not upgraded.
2025-08-21T18:13:38.4836321Z #32 3.900 + locale-gen en_US.UTF-8
2025-08-21T18:13:38.4836708Z #32 3.904 Generating locales (this might take a while)...
2025-08-21T18:13:38.9816693Z #32 3.914   en_US.UTF-8...
2025-08-21T18:13:38.9817431Z #32 ...
2025-08-21T18:13:38.9817720Z 
2025-08-21T18:13:38.9818697Z #34 [fees_h10 base 4/6] RUN if [ -n "" ] && [ -f "fees_h10/" ]; then         pip install -r fees_h10/requirements.txt -c fees_h10/;     else         pip install -r fees_h10/requirements.txt;     fi
2025-08-21T18:13:38.9820622Z #34 3.075 Collecting celery==5.4.* (from celery[redis]==5.4.*->-r fees_h10/requirements.txt (line 1))
2025-08-21T18:13:38.9821720Z #34 3.157   Downloading celery-5.4.0-py3-none-any.whl.metadata (21 kB)
2025-08-21T18:13:38.9822447Z #34 3.268 Collecting asyncpg (from -r fees_h10/requirements.txt (line 2))
2025-08-21T18:13:38.9823415Z #34 3.286   Downloading asyncpg-0.30.0-cp312-cp312-manylinux_2_17_x86_64.manylinux2014_x86_64.whl.metadata (5.0 kB)
2025-08-21T18:13:38.9824368Z #34 3.328 Collecting httpx (from -r fees_h10/requirements.txt (line 3))
2025-08-21T18:13:38.9825067Z #34 3.349   Downloading httpx-0.28.1-py3-none-any.whl.metadata (7.1 kB)
2025-08-21T18:13:38.9825795Z #34 3.820 Collecting sqlalchemy (from -r fees_h10/requirements.txt (line 4))
2025-08-21T18:13:38.9826702Z #34 3.837   Downloading sqlalchemy-2.0.43-cp312-cp312-manylinux_2_17_x86_64.manylinux2014_x86_64.whl.metadata (9.6 kB)
2025-08-21T18:13:38.9828029Z #34 3.902 Collecting billiard<5.0,>=4.2.0 (from celery==5.4.*->celery[redis]==5.4.*->-r fees_h10/requirements.txt (line 1))
2025-08-21T18:13:38.9829008Z #34 3.919   Downloading billiard-4.2.1-py3-none-any.whl.metadata (4.4 kB)
2025-08-21T18:13:38.9831647Z #34 3.968 Collecting kombu<6.0,>=5.3.4 (from celery==5.4.*->celery[redis]==5.4.*->-r fees_h10/requirements.txt (line 1))
2025-08-21T18:13:38.9832598Z #34 3.984   Downloading kombu-5.5.4-py3-none-any.whl.metadata (3.5 kB)
2025-08-21T18:13:38.9833519Z #34 4.023 Collecting vine<6.0,>=5.1.0 (from celery==5.4.*->celery[redis]==5.4.*->-r fees_h10/requirements.txt (line 1))
2025-08-21T18:13:38.9834357Z #34 4.039   Downloading vine-5.1.0-py3-none-any.whl.metadata (2.7 kB)
2025-08-21T18:13:38.9835257Z #34 4.089 Collecting click<9.0,>=8.1.2 (from celery==5.4.*->celery[redis]==5.4.*->-r fees_h10/requirements.txt (line 1))
2025-08-21T18:13:38.9836178Z #34 4.107   Downloading click-8.2.1-py3-none-any.whl.metadata (2.5 kB)
2025-08-21T18:13:38.9837188Z #34 4.139 Collecting click-didyoumean>=0.3.0 (from celery==5.4.*->celery[redis]==5.4.*->-r fees_h10/requirements.txt (line 1))
2025-08-21T18:13:38.9838249Z #34 4.158   Downloading click_didyoumean-0.3.1-py3-none-any.whl.metadata (3.9 kB)
2025-08-21T18:13:38.9839870Z #34 4.196 Collecting click-repl>=0.2.0 (from celery==5.4.*->celery[redis]==5.4.*->-r fees_h10/requirements.txt (line 1))
2025-08-21T18:13:38.9840842Z #34 4.211   Downloading click_repl-0.3.0-py3-none-any.whl.metadata (3.6 kB)
2025-08-21T18:13:38.9841830Z #34 4.240 Collecting click-plugins>=1.1.1 (from celery==5.4.*->celery[redis]==5.4.*->-r fees_h10/requirements.txt (line 1))
2025-08-21T18:13:38.9842868Z #34 4.259   Downloading click_plugins-1.1.1.2-py2.py3-none-any.whl.metadata (6.5 kB)
2025-08-21T18:13:38.9843884Z #34 4.301 Collecting tzdata>=2022.7 (from celery==5.4.*->celery[redis]==5.4.*->-r fees_h10/requirements.txt (line 1))
2025-08-21T18:13:38.9845187Z #34 4.321   Downloading tzdata-2025.2-py2.py3-none-any.whl.metadata (1.4 kB)
2025-08-21T18:13:38.9846229Z #34 4.360 Collecting python-dateutil>=2.8.2 (from celery==5.4.*->celery[redis]==5.4.*->-r fees_h10/requirements.txt (line 1))
2025-08-21T18:13:38.9847327Z #34 4.381   Downloading python_dateutil-2.9.0.post0-py2.py3-none-any.whl.metadata (8.4 kB)
2025-08-21T18:13:38.9848357Z #34 4.495 Collecting redis!=4.5.5,<6.0.0,>=4.5.2 (from celery[redis]==5.4.*->-r fees_h10/requirements.txt (line 1))
2025-08-21T18:13:38.9849258Z #34 4.510   Downloading redis-5.3.1-py3-none-any.whl.metadata (9.2 kB)
2025-08-21T18:13:38.9850328Z #34 4.571 Collecting anyio (from httpx->-r fees_h10/requirements.txt (line 3))
2025-08-21T18:13:38.9851168Z #34 4.588   Downloading anyio-4.10.0-py3-none-any.whl.metadata (4.0 kB)
2025-08-21T18:13:38.9851965Z #34 4.637 Collecting certifi (from httpx->-r fees_h10/requirements.txt (line 3))
2025-08-21T18:13:38.9852778Z #34 4.657   Downloading certifi-2025.8.3-py3-none-any.whl.metadata (2.4 kB)
2025-08-21T18:13:38.9853617Z #34 4.704 Collecting httpcore==1.* (from httpx->-r fees_h10/requirements.txt (line 3))
2025-08-21T18:13:38.9854419Z #34 4.725   Downloading httpcore-1.0.9-py3-none-any.whl.metadata (21 kB)
2025-08-21T18:13:38.9855185Z #34 4.801 Collecting idna (from httpx->-r fees_h10/requirements.txt (line 3))
2025-08-21T18:13:38.9855933Z #34 4.887   Downloading idna-3.10-py3-none-any.whl.metadata (10 kB)
2025-08-21T18:13:38.9856759Z #34 5.249 Collecting h11>=0.16 (from httpcore==1.*->httpx->-r fees_h10/requirements.txt (line 3))
2025-08-21T18:13:38.9857569Z #34 5.267   Downloading h11-0.16.0-py3-none-any.whl.metadata (8.3 kB)
2025-08-21T18:13:38.9858364Z #34 5.451 Collecting greenlet>=1 (from sqlalchemy->-r fees_h10/requirements.txt (line 4))
2025-08-21T18:13:38.9859411Z #34 5.467   Downloading greenlet-3.2.4-cp312-cp312-manylinux_2_24_x86_64.manylinux_2_28_x86_64.whl.metadata (4.1 kB)
2025-08-21T18:13:38.9860720Z #34 5.511 Collecting typing-extensions>=4.6.0 (from sqlalchemy->-r fees_h10/requirements.txt (line 4))
2025-08-21T18:13:38.9861696Z #34 5.535   Downloading typing_extensions-4.14.1-py3-none-any.whl.metadata (3.0 kB)
2025-08-21T18:13:38.9862825Z #34 5.648 Collecting prompt-toolkit>=3.0.36 (from click-repl>=0.2.0->celery==5.4.*->celery[redis]==5.4.*->-r fees_h10/requirements.txt (line 1))
2025-08-21T18:13:38.9863944Z #34 5.668   Downloading prompt_toolkit-3.0.51-py3-none-any.whl.metadata (6.4 kB)
2025-08-21T18:13:38.9864963Z #34 5.716 Collecting amqp<6.0.0,>=5.1.1 (from kombu<6.0,>=5.3.4->celery==5.4.*->celery[redis]==5.4.*->-r fees_h10/requirements.txt (line 1))
2025-08-21T18:13:38.9865911Z #34 5.735   Downloading amqp-5.3.1-py3-none-any.whl.metadata (8.9 kB)
2025-08-21T18:13:38.9866901Z #34 5.784 Collecting packaging (from kombu<6.0,>=5.3.4->celery==5.4.*->celery[redis]==5.4.*->-r fees_h10/requirements.txt (line 1))
2025-08-21T18:13:38.9867913Z #34 5.802   Downloading packaging-25.0-py3-none-any.whl.metadata (3.3 kB)
2025-08-21T18:13:38.9868958Z #34 5.837 Collecting six>=1.5 (from python-dateutil>=2.8.2->celery==5.4.*->celery[redis]==5.4.*->-r fees_h10/requirements.txt (line 1))
2025-08-21T18:13:38.9870156Z #34 5.854   Downloading six-1.17.0-py2.py3-none-any.whl.metadata (1.7 kB)
2025-08-21T18:13:38.9871104Z #34 5.893 Collecting PyJWT>=2.9.0 (from redis!=4.5.5,<6.0.0,>=4.5.2->celery[redis]==5.4.*->-r fees_h10/requirements.txt (line 1))
2025-08-21T18:13:38.9872311Z #34 5.920   Downloading PyJWT-2.10.1-py3-none-any.whl.metadata (4.0 kB)
2025-08-21T18:13:38.9873135Z #34 5.960 Collecting sniffio>=1.1 (from anyio->httpx->-r fees_h10/requirements.txt (line 3))
2025-08-21T18:13:38.9873980Z #34 5.977   Downloading sniffio-1.3.1-py3-none-any.whl.metadata (3.9 kB)
2025-08-21T18:13:38.9875064Z #34 6.031 Collecting wcwidth (from prompt-toolkit>=3.0.36->click-repl>=0.2.0->celery==5.4.*->celery[redis]==5.4.*->-r fees_h10/requirements.txt (line 1))
2025-08-21T18:13:38.9876210Z #34 6.050   Downloading wcwidth-0.2.13-py2.py3-none-any.whl.metadata (14 kB)
2025-08-21T18:13:38.9877143Z #34 6.114 Downloading celery-5.4.0-py3-none-any.whl (425 kB)
2025-08-21T18:13:38.9878015Z #34 6.178 Downloading asyncpg-0.30.0-cp312-cp312-manylinux_2_17_x86_64.manylinux2014_x86_64.whl (3.6 MB)
2025-08-21T18:13:38.9879376Z #34 6.243    ━━━━━━━━━━━━━━━━━━━━━━━━━━━━━━━━━━━━━━━━ 3.6/3.6 MB 57.9 MB/s eta 0:00:00
2025-08-21T18:13:38.9880189Z #34 6.260 Downloading httpx-0.28.1-py3-none-any.whl (73 kB)
2025-08-21T18:13:38.9880830Z #34 6.287 Downloading httpcore-1.0.9-py3-none-any.whl (78 kB)
2025-08-21T18:13:38.9881717Z #34 6.310 Downloading sqlalchemy-2.0.43-cp312-cp312-manylinux_2_17_x86_64.manylinux2014_x86_64.whl (3.3 MB)
2025-08-21T18:13:38.9882807Z #34 6.376    ━━━━━━━━━━━━━━━━━━━━━━━━━━━━━━━━━━━━━━━━ 3.3/3.3 MB 59.9 MB/s eta 0:00:00
2025-08-21T18:13:38.9883436Z #34 6.397 Downloading billiard-4.2.1-py3-none-any.whl (86 kB)
2025-08-21T18:13:38.9884040Z #34 6.431 Downloading click-8.2.1-py3-none-any.whl (102 kB)
2025-08-21T18:13:38.9884711Z #34 6.456 Downloading click_didyoumean-0.3.1-py3-none-any.whl (3.6 kB)
2025-08-21T18:13:38.9885473Z #34 6.480 Downloading click_plugins-1.1.1.2-py2.py3-none-any.whl (11 kB)
2025-08-21T18:13:38.9886183Z #34 6.503 Downloading click_repl-0.3.0-py3-none-any.whl (10 kB)
2025-08-21T18:13:38.9887040Z #34 6.527 Downloading greenlet-3.2.4-cp312-cp312-manylinux_2_24_x86_64.manylinux_2_28_x86_64.whl (607 kB)
2025-08-21T18:13:38.9888126Z #34 6.553    ━━━━━━━━━━━━━━━━━━━━━━━━━━━━━━━━━━━━━━━━ 607.6/607.6 kB 18.6 MB/s eta 0:00:00
2025-08-21T18:13:38.9888750Z #34 6.581 Downloading kombu-5.5.4-py3-none-any.whl (210 kB)
2025-08-21T18:13:38.9889330Z #34 6.605 Downloading vine-5.1.0-py3-none-any.whl (9.6 kB)
2025-08-21T18:13:38.9890233Z #34 6.626 Downloading python_dateutil-2.9.0.post0-py2.py3-none-any.whl (229 kB)
2025-08-21T18:13:38.9890964Z #34 6.654 Downloading redis-5.3.1-py3-none-any.whl (272 kB)
2025-08-21T18:13:38.9891640Z #34 6.682 Downloading typing_extensions-4.14.1-py3-none-any.whl (43 kB)
2025-08-21T18:13:38.9892345Z #34 6.708 Downloading tzdata-2025.2-py2.py3-none-any.whl (347 kB)
2025-08-21T18:13:38.9892998Z #34 6.736 Downloading anyio-4.10.0-py3-none-any.whl (107 kB)
2025-08-21T18:13:38.9893588Z #34 6.758 Downloading idna-3.10-py3-none-any.whl (70 kB)
2025-08-21T18:13:38.9894195Z #34 6.786 Downloading certifi-2025.8.3-py3-none-any.whl (161 kB)
2025-08-21T18:13:38.9894812Z #34 6.806 Downloading amqp-5.3.1-py3-none-any.whl (50 kB)
2025-08-21T18:13:38.9895383Z #34 6.826 Downloading h11-0.16.0-py3-none-any.whl (37 kB)
2025-08-21T18:13:38.9896023Z #34 6.849 Downloading prompt_toolkit-3.0.51-py3-none-any.whl (387 kB)
2025-08-21T18:13:38.9896684Z #34 6.871 Downloading PyJWT-2.10.1-py3-none-any.whl (22 kB)
2025-08-21T18:13:38.9897293Z #34 6.897 Downloading six-1.17.0-py2.py3-none-any.whl (11 kB)
2025-08-21T18:13:38.9897905Z #34 6.915 Downloading sniffio-1.3.1-py3-none-any.whl (10 kB)
2025-08-21T18:13:38.9898511Z #34 6.939 Downloading packaging-25.0-py3-none-any.whl (66 kB)
2025-08-21T18:13:38.9899161Z #34 6.961 Downloading wcwidth-0.2.13-py2.py3-none-any.whl (34 kB)
2025-08-21T18:13:38.9901365Z #34 7.087 Installing collected packages: wcwidth, vine, tzdata, typing-extensions, sniffio, six, PyJWT, prompt-toolkit, packaging, idna, h11, greenlet, click, certifi, billiard, asyncpg, sqlalchemy, redis, python-dateutil, httpcore, click-repl, click-plugins, click-didyoumean, anyio, amqp, kombu, httpx, celery
2025-08-21T18:13:39.1625497Z #34 ...
2025-08-21T18:13:39.1626180Z 
2025-08-21T18:13:39.1626741Z #35 [api base  4/13] RUN pip install --no-cache-dir -r requirements.txt
2025-08-21T18:13:39.1627520Z #35 3.121 Collecting uvicorn==0.29.0 (from -r requirements.txt (line 1))
2025-08-21T18:13:39.1628296Z #35 3.188   Downloading uvicorn-0.29.0-py3-none-any.whl.metadata (6.3 kB)
2025-08-21T18:13:39.1629142Z #35 3.222 Collecting pydantic-settings==2.2.1 (from -r requirements.txt (line 2))
2025-08-21T18:13:39.1630188Z #35 3.240   Downloading pydantic_settings-2.2.1-py3-none-any.whl.metadata (3.1 kB)
2025-08-21T18:13:39.1631023Z #35 3.327 Collecting fastapi==0.111.0 (from -r requirements.txt (line 3))
2025-08-21T18:13:39.1632046Z #35 3.343   Downloading fastapi-0.111.0-py3-none-any.whl.metadata (25 kB)
2025-08-21T18:13:39.1632882Z #35 3.795 Collecting sqlalchemy==2.0.29 (from -r requirements.txt (line 4))
2025-08-21T18:13:39.1633911Z #35 3.816   Downloading SQLAlchemy-2.0.29-cp312-cp312-manylinux_2_17_x86_64.manylinux2014_x86_64.whl.metadata (9.6 kB)
2025-08-21T18:13:39.1634924Z #35 3.878 Collecting alembic==1.13.1 (from -r requirements.txt (line 5))
2025-08-21T18:13:39.1635682Z #35 3.898   Downloading alembic-1.13.1-py3-none-any.whl.metadata (7.4 kB)
2025-08-21T18:13:39.1636527Z #35 3.933 Collecting psycopg==3.2.9 (from psycopg[binary]==3.2.9->-r requirements.txt (line 6))
2025-08-21T18:13:39.1637389Z #35 3.951   Downloading psycopg-3.2.9-py3-none-any.whl.metadata (4.5 kB)
2025-08-21T18:13:39.1638143Z #35 3.998 Collecting httpx==0.27.2 (from -r requirements.txt (line 7))
2025-08-21T18:13:39.1638871Z #35 4.015   Downloading httpx-0.27.2-py3-none-any.whl.metadata (7.1 kB)
2025-08-21T18:13:39.1639780Z #35 4.096 Collecting asyncpg==0.29.0 (from -r requirements.txt (line 8))
2025-08-21T18:13:39.1640754Z #35 4.115   Downloading asyncpg-0.29.0-cp312-cp312-manylinux_2_17_x86_64.manylinux2014_x86_64.whl.metadata (4.4 kB)
2025-08-21T18:13:39.1641726Z #35 4.580 Collecting boto3==1.34.162 (from -r requirements.txt (line 9))
2025-08-21T18:13:39.1642460Z #35 4.597   Downloading boto3-1.34.162-py3-none-any.whl.metadata (6.6 kB)
2025-08-21T18:13:39.1643209Z #35 4.630 Collecting Jinja2==3.1.5 (from -r requirements.txt (line 10))
2025-08-21T18:13:39.1643948Z #35 4.647   Downloading jinja2-3.1.5-py3-none-any.whl.metadata (2.6 kB)
2025-08-21T18:13:39.1644669Z #35 4.716 Collecting celery==5.3.* (from -r requirements.txt (line 11))
2025-08-21T18:13:39.1645394Z #35 4.733   Downloading celery-5.3.6-py3-none-any.whl.metadata (21 kB)
2025-08-21T18:13:39.1646136Z #35 4.807 Collecting structlog==24.1.0 (from -r requirements.txt (line 12))
2025-08-21T18:13:39.1646920Z #35 4.825   Downloading structlog-24.1.0-py3-none-any.whl.metadata (6.9 kB)
2025-08-21T18:13:39.1647762Z #35 4.935 Collecting asgi-correlation-id==4.3.1 (from -r requirements.txt (line 13))
2025-08-21T18:13:39.1648650Z #35 4.952   Downloading asgi_correlation_id-4.3.1-py3-none-any.whl.metadata (28 kB)
2025-08-21T18:13:39.1649501Z #35 4.977 Collecting fastapi-limiter==0.1.6 (from -r requirements.txt (line 14))
2025-08-21T18:13:39.1660656Z #35 4.997   Downloading fastapi_limiter-0.1.6-py3-none-any.whl.metadata (5.3 kB)
2025-08-21T18:13:39.1661465Z #35 5.180 Collecting redis==5.0.8 (from -r requirements.txt (line 15))
2025-08-21T18:13:39.1662192Z #35 5.200   Downloading redis-5.0.8-py3-none-any.whl.metadata (9.2 kB)
2025-08-21T18:13:39.1663193Z #35 5.283 Collecting sentry-sdk==2.9.0 (from sentry-sdk[celery,fastapi,sqlalchemy]==2.9.0->-r requirements.txt (line 16))
2025-08-21T18:13:39.1664239Z #35 5.304   Downloading sentry_sdk-2.9.0-py2.py3-none-any.whl.metadata (14 kB)
2025-08-21T18:13:39.1665054Z #35 5.459 Collecting click>=7.0 (from uvicorn==0.29.0->-r requirements.txt (line 1))
2025-08-21T18:13:39.1665836Z #35 5.478   Downloading click-8.2.1-py3-none-any.whl.metadata (2.5 kB)
2025-08-21T18:13:39.1666578Z #35 5.500 Collecting h11>=0.8 (from uvicorn==0.29.0->-r requirements.txt (line 1))
2025-08-21T18:13:39.1667321Z #35 5.517   Downloading h11-0.16.0-py3-none-any.whl.metadata (8.3 kB)
2025-08-21T18:13:39.1668215Z #35 5.731 Collecting pydantic>=2.3.0 (from pydantic-settings==2.2.1->-r requirements.txt (line 2))
2025-08-21T18:13:39.1669362Z #35 5.751   Downloading pydantic-2.11.7-py3-none-any.whl.metadata (67 kB)
2025-08-21T18:13:39.1670462Z #35 5.798 Collecting python-dotenv>=0.21.0 (from pydantic-settings==2.2.1->-r requirements.txt (line 2))
2025-08-21T18:13:39.1671446Z #35 5.815   Downloading python_dotenv-1.1.1-py3-none-any.whl.metadata (24 kB)
2025-08-21T18:13:39.1672319Z #35 5.860 Collecting starlette<0.38.0,>=0.37.2 (from fastapi==0.111.0->-r requirements.txt (line 3))
2025-08-21T18:13:39.1673188Z #35 5.876   Downloading starlette-0.37.2-py3-none-any.whl.metadata (5.9 kB)
2025-08-21T18:13:39.1674306Z #35 5.953 Collecting typing-extensions>=4.8.0 (from fastapi==0.111.0->-r requirements.txt (line 3))
2025-08-21T18:13:39.1675274Z #35 5.972   Downloading typing_extensions-4.14.1-py3-none-any.whl.metadata (3.0 kB)
2025-08-21T18:13:39.1676186Z #35 5.998 Collecting fastapi-cli>=0.0.2 (from fastapi==0.111.0->-r requirements.txt (line 3))
2025-08-21T18:13:39.1677042Z #35 6.017   Downloading fastapi_cli-0.0.8-py3-none-any.whl.metadata (6.3 kB)
2025-08-21T18:13:39.1677936Z #35 6.056 Collecting python-multipart>=0.0.7 (from fastapi==0.111.0->-r requirements.txt (line 3))
2025-08-21T18:13:39.1678865Z #35 6.074   Downloading python_multipart-0.0.20-py3-none-any.whl.metadata (1.8 kB)
2025-08-21T18:13:39.1710111Z #35 6.178 Collecting ujson!=4.0.2,!=4.1.0,!=4.2.0,!=4.3.0,!=5.0.0,!=5.1.0,>=4.0.1 (from fastapi==0.111.0->-r requirements.txt (line 3))
2025-08-21T18:13:39.1711290Z #35 6.198   Downloading ujson-5.11.0-cp312-cp312-manylinux_2_24_x86_64.manylinux_2_28_x86_64.whl.metadata (9.4 kB)
2025-08-21T18:13:39.1712323Z #35 6.577 Collecting orjson>=3.2.1 (from fastapi==0.111.0->-r requirements.txt (line 3))
2025-08-21T18:13:39.1713352Z #35 6.598   Downloading orjson-3.11.2-cp312-cp312-manylinux_2_17_x86_64.manylinux2014_x86_64.whl.metadata (1.2 kB)
2025-08-21T18:13:39.1714430Z #35 6.627 Collecting email_validator>=2.0.0 (from fastapi==0.111.0->-r requirements.txt (line 3))
2025-08-21T18:13:39.1715374Z #35 6.644   Downloading email_validator-2.2.0-py3-none-any.whl.metadata (25 kB)
2025-08-21T18:13:39.1716273Z #35 6.857 Collecting greenlet!=0.4.17 (from sqlalchemy==2.0.29->-r requirements.txt (line 4))
2025-08-21T18:13:39.1717349Z #35 6.875   Downloading greenlet-3.2.4-cp312-cp312-manylinux_2_24_x86_64.manylinux_2_28_x86_64.whl.metadata (4.1 kB)
2025-08-21T18:13:39.1718343Z #35 6.930 Collecting Mako (from alembic==1.13.1->-r requirements.txt (line 5))
2025-08-21T18:13:39.1719144Z #35 6.947   Downloading mako-1.3.10-py3-none-any.whl.metadata (2.9 kB)
2025-08-21T18:13:39.1720086Z #35 6.991 Collecting anyio (from httpx==0.27.2->-r requirements.txt (line 7))
2025-08-21T18:13:39.1720866Z #35 7.010   Downloading anyio-4.10.0-py3-none-any.whl.metadata (4.0 kB)
2025-08-21T18:13:39.1721635Z #35 7.046 Collecting certifi (from httpx==0.27.2->-r requirements.txt (line 7))
2025-08-21T18:13:39.1722441Z #35 7.062   Downloading certifi-2025.8.3-py3-none-any.whl.metadata (2.4 kB)
2025-08-21T18:13:39.1723252Z #35 7.101 Collecting httpcore==1.* (from httpx==0.27.2->-r requirements.txt (line 7))
2025-08-21T18:13:39.1724055Z #35 7.118   Downloading httpcore-1.0.9-py3-none-any.whl.metadata (21 kB)
2025-08-21T18:13:39.1724808Z #35 7.149 Collecting idna (from httpx==0.27.2->-r requirements.txt (line 7))
2025-08-21T18:13:39.1725527Z #35 7.169   Downloading idna-3.10-py3-none-any.whl.metadata (10 kB)
2025-08-21T18:13:39.1726269Z #35 7.200 Collecting sniffio (from httpx==0.27.2->-r requirements.txt (line 7))
2025-08-21T18:13:39.1727045Z #35 7.217   Downloading sniffio-1.3.1-py3-none-any.whl.metadata (3.9 kB)
2025-08-21T18:13:39.1727894Z #35 7.855 Collecting botocore<1.35.0,>=1.34.162 (from boto3==1.34.162->-r requirements.txt (line 9))
2025-08-21T18:13:39.1728759Z #35 7.873   Downloading botocore-1.34.162-py3-none-any.whl.metadata (5.7 kB)
2025-08-21T18:13:39.1729746Z #35 7.902 Collecting jmespath<2.0.0,>=0.7.1 (from boto3==1.34.162->-r requirements.txt (line 9))
2025-08-21T18:13:39.1730597Z #35 7.923   Downloading jmespath-1.0.1-py3-none-any.whl.metadata (7.6 kB)
2025-08-21T18:13:39.1731711Z #35 7.963 Collecting s3transfer<0.11.0,>=0.10.0 (from boto3==1.34.162->-r requirements.txt (line 9))
2025-08-21T18:13:39.1732570Z #35 7.986   Downloading s3transfer-0.10.4-py3-none-any.whl.metadata (1.7 kB)
2025-08-21T18:13:39.1733404Z #35 8.087 Collecting MarkupSafe>=2.0 (from Jinja2==3.1.5->-r requirements.txt (line 10))
2025-08-21T18:13:39.1734455Z #35 8.103   Downloading MarkupSafe-3.0.2-cp312-cp312-manylinux_2_17_x86_64.manylinux2014_x86_64.whl.metadata (4.0 kB)
2025-08-21T18:13:39.1735499Z #35 8.153 Collecting billiard<5.0,>=4.2.0 (from celery==5.3.*->-r requirements.txt (line 11))
2025-08-21T18:13:39.1736521Z #35 8.174   Downloading billiard-4.2.1-py3-none-any.whl.metadata (4.4 kB)
2025-08-21T18:13:39.1737436Z #35 8.201 Collecting click-didyoumean>=0.3.0 (from celery==5.3.*->-r requirements.txt (line 11))
2025-08-21T18:13:39.1738353Z #35 8.221   Downloading click_didyoumean-0.3.1-py3-none-any.whl.metadata (3.9 kB)
2025-08-21T18:13:39.1739267Z #35 8.251 Collecting click-plugins>=1.1.1 (from celery==5.3.*->-r requirements.txt (line 11))
2025-08-21T18:13:39.1740338Z #35 8.268   Downloading click_plugins-1.1.1.2-py2.py3-none-any.whl.metadata (6.5 kB)
2025-08-21T18:13:39.1741225Z #35 8.299 Collecting click-repl>=0.2.0 (from celery==5.3.*->-r requirements.txt (line 11))
2025-08-21T18:13:39.1742075Z #35 8.318   Downloading click_repl-0.3.0-py3-none-any.whl.metadata (3.6 kB)
2025-08-21T18:13:39.1742863Z #35 8.389 Collecting kombu<6.0,>=5.3.4 (from celery==5.3.*->-r requirements.txt (line 11))
2025-08-21T18:13:39.1743644Z #35 8.407   Downloading kombu-5.5.4-py3-none-any.whl.metadata (3.5 kB)
2025-08-21T18:13:39.1744485Z #35 8.452 Collecting python-dateutil>=2.8.2 (from celery==5.3.*->-r requirements.txt (line 11))
2025-08-21T18:13:39.1745467Z #35 8.471   Downloading python_dateutil-2.9.0.post0-py2.py3-none-any.whl.metadata (8.4 kB)
2025-08-21T18:13:39.1746402Z #35 8.502 Collecting tzdata>=2022.7 (from celery==5.3.*->-r requirements.txt (line 11))
2025-08-21T18:13:39.1747270Z #35 8.519   Downloading tzdata-2025.2-py2.py3-none-any.whl.metadata (1.4 kB)
2025-08-21T18:13:39.1748100Z #35 8.552 Collecting vine<6.0,>=5.1.0 (from celery==5.3.*->-r requirements.txt (line 11))
2025-08-21T18:13:39.1748889Z #35 8.568   Downloading vine-5.1.0-py3-none-any.whl.metadata (2.7 kB)
2025-08-21T18:13:39.1780344Z #35 8.675 Collecting urllib3>=1.26.11 (from sentry-sdk==2.9.0->sentry-sdk[celery,fastapi,sqlalchemy]==2.9.0->-r requirements.txt (line 16))
2025-08-21T18:13:39.1781521Z #35 8.697   Downloading urllib3-2.5.0-py3-none-any.whl.metadata (6.5 kB)
2025-08-21T18:13:39.1782481Z #35 8.919 Collecting psycopg-binary==3.2.9 (from psycopg[binary]==3.2.9->-r requirements.txt (line 6))
2025-08-21T18:13:39.1783652Z #35 8.936   Downloading psycopg_binary-3.2.9-cp312-cp312-manylinux_2_17_x86_64.manylinux2014_x86_64.whl.metadata (2.9 kB)
2025-08-21T18:13:39.1784846Z #35 9.137 Collecting prompt-toolkit>=3.0.36 (from click-repl>=0.2.0->celery==5.3.*->-r requirements.txt (line 11))
2025-08-21T18:13:39.1785849Z #35 9.159   Downloading prompt_toolkit-3.0.51-py3-none-any.whl.metadata (6.4 kB)
2025-08-21T18:13:39.1786830Z #35 9.189 Collecting dnspython>=2.0.0 (from email_validator>=2.0.0->fastapi==0.111.0->-r requirements.txt (line 3))
2025-08-21T18:13:39.1787797Z #35 9.208   Downloading dnspython-2.7.0-py3-none-any.whl.metadata (5.8 kB)
2025-08-21T18:13:39.1788713Z #35 9.256 Collecting typer>=0.15.1 (from fastapi-cli>=0.0.2->fastapi==0.111.0->-r requirements.txt (line 3))
2025-08-21T18:13:39.1789584Z #35 9.282   Downloading typer-0.16.1-py3-none-any.whl.metadata (15 kB)
2025-08-21T18:13:39.1790679Z #35 9.381 Collecting rich-toolkit>=0.14.8 (from fastapi-cli>=0.0.2->fastapi==0.111.0->-r requirements.txt (line 3))
2025-08-21T18:13:39.1791645Z #35 9.398   Downloading rich_toolkit-0.15.0-py3-none-any.whl.metadata (1.0 kB)
2025-08-21T18:13:39.1792535Z #35 9.446 Collecting amqp<6.0.0,>=5.1.1 (from kombu<6.0,>=5.3.4->celery==5.3.*->-r requirements.txt (line 11))
2025-08-21T18:13:39.1820900Z #35 9.464   Downloading amqp-5.3.1-py3-none-any.whl.metadata (8.9 kB)
2025-08-21T18:13:39.1821652Z #35 9.501 Collecting packaging (from kombu<6.0,>=5.3.4->celery==5.3.*->-r requirements.txt (line 11))
2025-08-21T18:13:39.1822469Z #35 9.519   Downloading packaging-25.0-py3-none-any.whl.metadata (3.3 kB)
2025-08-21T18:13:39.1823418Z #35 9.551 Collecting annotated-types>=0.6.0 (from pydantic>=2.3.0->pydantic-settings==2.2.1->-r requirements.txt (line 2))
2025-08-21T18:13:39.1824377Z #35 9.568   Downloading annotated_types-0.7.0-py3-none-any.whl.metadata (15 kB)
2025-08-21T18:13:39.3103977Z #35 ...
2025-08-21T18:13:39.3104200Z 
2025-08-21T18:13:39.3105153Z #36 [celery_worker base 4/8] RUN if [ -n "" ] && [ -f "" ]; then         pip install -r requirements.txt -c "";     else         pip install -r requirements.txt;     fi
2025-08-21T18:13:39.3106222Z #36 3.185 Collecting keepa==1.3.14 (from -r requirements.txt (line 1))
2025-08-21T18:13:39.3106944Z #36 3.278   Downloading keepa-1.3.14-py3-none-any.whl.metadata (10 kB)
2025-08-21T18:13:39.3107714Z #36 3.349 Collecting minio==7.1.15 (from -r requirements.txt (line 2))
2025-08-21T18:13:39.3108477Z #36 3.375   Downloading minio-7.1.15-py3-none-any.whl.metadata (4.2 kB)
2025-08-21T18:13:39.3109228Z #36 3.476 Collecting celery==5.3.* (from -r requirements.txt (line 3))
2025-08-21T18:13:39.3110169Z #36 3.503   Downloading celery-5.3.6-py3-none-any.whl.metadata (21 kB)
2025-08-21T18:13:39.3110895Z #36 3.627 Collecting redis==5.* (from -r requirements.txt (line 4))
2025-08-21T18:13:39.3111622Z #36 3.658   Downloading redis-5.3.1-py3-none-any.whl.metadata (9.2 kB)
2025-08-21T18:13:39.3112484Z #36 3.814 Collecting python-amazon-sp-api==0.8.0 (from -r requirements.txt (line 5))
2025-08-21T18:13:39.3113413Z #36 3.842   Downloading python_amazon_sp_api-0.8.0-py3-none-any.whl.metadata (3.2 kB)
2025-08-21T18:13:39.3114325Z #36 3.886 Collecting pydantic-settings==2.2.1 (from -r requirements.txt (line 6))
2025-08-21T18:13:39.3115224Z #36 3.911   Downloading pydantic_settings-2.2.1-py3-none-any.whl.metadata (3.1 kB)
2025-08-21T18:13:39.3116039Z #36 4.195 Collecting numpy<2 (from -r requirements.txt (line 7))
2025-08-21T18:13:39.3116961Z #36 4.220   Downloading numpy-1.26.4-cp312-cp312-manylinux_2_17_x86_64.manylinux2014_x86_64.whl.metadata (61 kB)
2025-08-21T18:13:39.3117926Z #36 4.520 Collecting pandas==2.2.* (from -r requirements.txt (line 8))
2025-08-21T18:13:39.3118891Z #36 4.546   Downloading pandas-2.2.3-cp312-cp312-manylinux_2_17_x86_64.manylinux2014_x86_64.whl.metadata (89 kB)
2025-08-21T18:13:39.3120019Z #36 4.691 Collecting pandera==0.19.* (from -r requirements.txt (line 9))
2025-08-21T18:13:39.3120813Z #36 4.722   Downloading pandera-0.19.3-py3-none-any.whl.metadata (15 kB)
2025-08-21T18:13:39.3121591Z #36 4.802 Collecting openpyxl==3.1.* (from -r requirements.txt (line 10))
2025-08-21T18:13:39.3122405Z #36 4.907   Downloading openpyxl-3.1.5-py2.py3-none-any.whl.metadata (2.5 kB)
2025-08-21T18:13:39.3123316Z #36 5.254 Collecting psycopg==3.2.9 (from psycopg[binary]==3.2.9->-r requirements.txt (line 11))
2025-08-21T18:13:39.3124257Z #36 5.280   Downloading psycopg-3.2.9-py3-none-any.whl.metadata (4.5 kB)
2025-08-21T18:13:39.3125083Z #36 5.440 Collecting psycopg2-binary==2.9.* (from -r requirements.txt (line 12))
2025-08-21T18:13:39.3126172Z #36 5.465   Downloading psycopg2_binary-2.9.10-cp312-cp312-manylinux_2_17_x86_64.manylinux2014_x86_64.whl.metadata (4.9 kB)
2025-08-21T18:13:39.3127235Z #36 5.581 Collecting sentry-sdk==2.9.0 (from -r requirements.txt (line 13))
2025-08-21T18:13:39.3128057Z #36 5.610   Downloading sentry_sdk-2.9.0-py2.py3-none-any.whl.metadata (14 kB)
2025-08-21T18:13:39.3128882Z #36 5.740 Collecting requests>=2.2 (from keepa==1.3.14->-r requirements.txt (line 1))
2025-08-21T18:13:39.3160171Z #36 5.772   Downloading requests-2.32.5-py3-none-any.whl.metadata (4.9 kB)
2025-08-21T18:13:39.3161052Z #36 5.839 Collecting tqdm (from keepa==1.3.14->-r requirements.txt (line 1))
2025-08-21T18:13:39.3161840Z #36 5.865   Downloading tqdm-4.67.1-py3-none-any.whl.metadata (57 kB)
2025-08-21T18:13:39.3163008Z #36 6.554 Collecting aiohttp (from keepa==1.3.14->-r requirements.txt (line 1))
2025-08-21T18:13:39.3164056Z #36 6.584   Downloading aiohttp-3.12.15-cp312-cp312-manylinux_2_17_x86_64.manylinux2014_x86_64.whl.metadata (7.7 kB)
2025-08-21T18:13:39.3165084Z #36 6.781 Collecting pydantic (from keepa==1.3.14->-r requirements.txt (line 1))
2025-08-21T18:13:39.3165903Z #36 6.805   Downloading pydantic-2.11.7-py3-none-any.whl.metadata (67 kB)
2025-08-21T18:13:39.3166704Z #36 6.857 Collecting certifi (from minio==7.1.15->-r requirements.txt (line 2))
2025-08-21T18:13:39.3167741Z #36 6.882   Downloading certifi-2025.8.3-py3-none-any.whl.metadata (2.4 kB)
2025-08-21T18:13:39.3168582Z #36 6.928 Collecting urllib3 (from minio==7.1.15->-r requirements.txt (line 2))
2025-08-21T18:13:39.3169378Z #36 6.954   Downloading urllib3-2.5.0-py3-none-any.whl.metadata (6.5 kB)
2025-08-21T18:13:39.3170465Z #36 7.007 Collecting billiard<5.0,>=4.2.0 (from celery==5.3.*->-r requirements.txt (line 3))
2025-08-21T18:13:39.3171309Z #36 7.033   Downloading billiard-4.2.1-py3-none-any.whl.metadata (4.4 kB)
2025-08-21T18:13:39.3172180Z #36 7.061 Collecting click-didyoumean>=0.3.0 (from celery==5.3.*->-r requirements.txt (line 3))
2025-08-21T18:13:39.3173114Z #36 7.086   Downloading click_didyoumean-0.3.1-py3-none-any.whl.metadata (3.9 kB)
2025-08-21T18:13:39.3174014Z #36 7.132 Collecting click-plugins>=1.1.1 (from celery==5.3.*->-r requirements.txt (line 3))
2025-08-21T18:13:39.3174940Z #36 7.158   Downloading click_plugins-1.1.1.2-py2.py3-none-any.whl.metadata (6.5 kB)
2025-08-21T18:13:39.3175847Z #36 7.194 Collecting click-repl>=0.2.0 (from celery==5.3.*->-r requirements.txt (line 3))
2025-08-21T18:13:39.3176703Z #36 7.223   Downloading click_repl-0.3.0-py3-none-any.whl.metadata (3.6 kB)
2025-08-21T18:13:39.3177529Z #36 7.274 Collecting click<9.0,>=8.1.2 (from celery==5.3.*->-r requirements.txt (line 3))
2025-08-21T18:13:39.3178321Z #36 7.298   Downloading click-8.2.1-py3-none-any.whl.metadata (2.5 kB)
2025-08-21T18:13:39.3179124Z #36 7.363 Collecting kombu<6.0,>=5.3.4 (from celery==5.3.*->-r requirements.txt (line 3))
2025-08-21T18:13:39.3180080Z #36 7.388   Downloading kombu-5.5.4-py3-none-any.whl.metadata (3.5 kB)
2025-08-21T18:13:39.3180931Z #36 7.440 Collecting python-dateutil>=2.8.2 (from celery==5.3.*->-r requirements.txt (line 3))
2025-08-21T18:13:39.3181913Z #36 7.472   Downloading python_dateutil-2.9.0.post0-py2.py3-none-any.whl.metadata (8.4 kB)
2025-08-21T18:13:39.3182837Z #36 7.519 Collecting tzdata>=2022.7 (from celery==5.3.*->-r requirements.txt (line 3))
2025-08-21T18:13:39.3183686Z #36 7.547   Downloading tzdata-2025.2-py2.py3-none-any.whl.metadata (1.4 kB)
2025-08-21T18:13:39.3184515Z #36 7.587 Collecting vine<6.0,>=5.1.0 (from celery==5.3.*->-r requirements.txt (line 3))
2025-08-21T18:13:39.3185301Z #36 7.615   Downloading vine-5.1.0-py3-none-any.whl.metadata (2.7 kB)
2025-08-21T18:13:39.3186065Z #36 7.679 Collecting PyJWT>=2.9.0 (from redis==5.*->-r requirements.txt (line 4))
2025-08-21T18:13:39.3186849Z #36 7.706   Downloading PyJWT-2.10.1-py3-none-any.whl.metadata (4.0 kB)
2025-08-21T18:13:39.3187705Z #36 7.759 Collecting six<2,>=1.15 (from python-amazon-sp-api==0.8.0->-r requirements.txt (line 5))
2025-08-21T18:13:39.3188603Z #36 7.787   Downloading six-1.17.0-py2.py3-none-any.whl.metadata (1.7 kB)
2025-08-21T18:13:39.3189509Z #36 8.458 Collecting boto3<2,>=1.16.39 (from python-amazon-sp-api==0.8.0->-r requirements.txt (line 5))
2025-08-21T18:13:39.3250744Z #36 8.485   Downloading boto3-1.40.14-py3-none-any.whl.metadata (6.7 kB)
2025-08-21T18:13:39.3251714Z #36 8.537 Collecting cachetools~=4.2.0 (from python-amazon-sp-api==0.8.0->-r requirements.txt (line 5))
2025-08-21T18:13:39.3252740Z #36 8.562   Downloading cachetools-4.2.4-py3-none-any.whl.metadata (4.8 kB)
2025-08-21T18:13:39.3253704Z #36 8.709 Collecting pycryptodome (from python-amazon-sp-api==0.8.0->-r requirements.txt (line 5))
2025-08-21T18:13:39.3254886Z #36 8.735   Downloading pycryptodome-3.23.0-cp37-abi3-manylinux_2_17_x86_64.manylinux2014_x86_64.whl.metadata (3.4 kB)
2025-08-21T18:13:39.3256315Z #36 8.845 Collecting pytz (from python-amazon-sp-api==0.8.0->-r requirements.txt (line 5))
2025-08-21T18:13:39.3257187Z #36 8.871   Downloading pytz-2025.2-py2.py3-none-any.whl.metadata (22 kB)
2025-08-21T18:13:39.3258104Z #36 8.909 Collecting confuse~=1.4.0 (from python-amazon-sp-api==0.8.0->-r requirements.txt (line 5))
2025-08-21T18:13:39.3259030Z #36 8.936   Downloading confuse-1.4.0-py2.py3-none-any.whl.metadata (3.8 kB)
2025-08-21T18:13:39.3260172Z #36 9.032 Collecting python-dotenv>=0.21.0 (from pydantic-settings==2.2.1->-r requirements.txt (line 6))
2025-08-21T18:13:39.3261360Z #36 9.058   Downloading python_dotenv-1.1.1-py3-none-any.whl.metadata (24 kB)
2025-08-21T18:13:39.3262281Z #36 9.138 Collecting multimethod<=1.10.0 (from pandera==0.19.*->-r requirements.txt (line 9))
2025-08-21T18:13:39.3263168Z #36 9.166   Downloading multimethod-1.10-py3-none-any.whl.metadata (8.2 kB)
2025-08-21T18:13:39.3264022Z #36 9.217 Collecting packaging>=20.0 (from pandera==0.19.*->-r requirements.txt (line 9))
2025-08-21T18:13:39.3264886Z #36 9.246   Downloading packaging-25.0-py3-none-any.whl.metadata (3.3 kB)
2025-08-21T18:13:39.3265714Z #36 9.362 Collecting typeguard (from pandera==0.19.*->-r requirements.txt (line 9))
2025-08-21T18:13:39.3266563Z #36 9.387   Downloading typeguard-4.4.4-py3-none-any.whl.metadata (3.3 kB)
2025-08-21T18:13:39.3267450Z #36 9.420 Collecting typing-inspect>=0.6.0 (from pandera==0.19.*->-r requirements.txt (line 9))
2025-08-21T18:13:39.3268352Z #36 9.444   Downloading typing_inspect-0.9.0-py3-none-any.whl.metadata (1.5 kB)
2025-08-21T18:13:39.3269189Z #36 9.597 Collecting wrapt (from pandera==0.19.*->-r requirements.txt (line 9))
2025-08-21T18:13:39.3270445Z #36 9.625   Downloading wrapt-1.17.3-cp312-cp312-manylinux1_x86_64.manylinux_2_28_x86_64.manylinux_2_5_x86_64.whl.metadata (6.4 kB)
2025-08-21T18:13:39.3271585Z #36 9.652 Collecting et-xmlfile (from openpyxl==3.1.*->-r requirements.txt (line 10))
2025-08-21T18:13:39.3272440Z #36 9.677   Downloading et_xmlfile-2.0.0-py3-none-any.whl.metadata (2.7 kB)
2025-08-21T18:13:39.3273466Z #36 9.721 Collecting typing-extensions>=4.6 (from psycopg==3.2.9->psycopg[binary]==3.2.9->-r requirements.txt (line 11))
2025-08-21T18:13:39.3274548Z #36 9.750   Downloading typing_extensions-4.14.1-py3-none-any.whl.metadata (3.0 kB)
2025-08-21T18:13:39.3275513Z #36 10.00 Collecting psycopg-binary==3.2.9 (from psycopg[binary]==3.2.9->-r requirements.txt (line 11))
2025-08-21T18:13:39.3276674Z #36 10.03   Downloading psycopg_binary-3.2.9-cp312-cp312-manylinux_2_17_x86_64.manylinux2014_x86_64.whl.metadata (2.9 kB)
2025-08-21T18:13:39.4389371Z #36 ...
2025-08-21T18:13:39.4389856Z 
2025-08-21T18:13:39.4391832Z #35 [api base  4/13] RUN pip install --no-cache-dir -r requirements.txt
2025-08-21T18:13:39.4392826Z #35 10.48 Collecting pydantic-core==2.33.2 (from pydantic>=2.3.0->pydantic-settings==2.2.1->-r requirements.txt (line 2))
2025-08-21T18:13:39.5497399Z #35 10.50   Downloading pydantic_core-2.33.2-cp312-cp312-manylinux_2_17_x86_64.manylinux2014_x86_64.whl.metadata (6.8 kB)
2025-08-21T18:13:39.5499215Z #35 10.53 Collecting typing-inspection>=0.4.0 (from pydantic>=2.3.0->pydantic-settings==2.2.1->-r requirements.txt (line 2))
2025-08-21T18:13:39.5501580Z #35 10.55   Downloading typing_inspection-0.4.1-py3-none-any.whl.metadata (2.6 kB)
2025-08-21T18:13:39.5503022Z #35 10.59 Collecting six>=1.5 (from python-dateutil>=2.8.2->celery==5.3.*->-r requirements.txt (line 11))
2025-08-21T18:13:39.6522368Z #35 10.61   Downloading six-1.17.0-py2.py3-none-any.whl.metadata (1.7 kB)
2025-08-21T18:13:39.9376526Z #35 10.93 Collecting httptools>=0.5.0 (from uvicorn[standard]>=0.12.0->fastapi==0.111.0->-r requirements.txt (line 3))
2025-08-21T18:13:39.9380810Z #35 10.95   Downloading httptools-0.6.4-cp312-cp312-manylinux_2_5_x86_64.manylinux1_x86_64.manylinux_2_17_x86_64.manylinux2014_x86_64.whl.metadata (3.6 kB)
2025-08-21T18:13:40.0444411Z #35 11.00 Collecting pyyaml>=5.1 (from uvicorn[standard]>=0.12.0->fastapi==0.111.0->-r requirements.txt (line 3))
2025-08-21T18:13:40.0446256Z #35 11.02   Downloading PyYAML-6.0.2-cp312-cp312-manylinux_2_17_x86_64.manylinux2014_x86_64.whl.metadata (2.1 kB)
2025-08-21T18:13:40.0448646Z #35 11.07 Collecting uvloop!=0.15.0,!=0.15.1,>=0.14.0 (from uvicorn[standard]>=0.12.0->fastapi==0.111.0->-r requirements.txt (line 3))
2025-08-21T18:13:40.1611388Z #35 ...
2025-08-21T18:13:40.1617582Z 
2025-08-21T18:13:40.1619101Z #32 [postgres 2/6] RUN set -eux;     if [ -f /etc/apt/sources.list ]; then         sed -i 's|http://deb.debian.org|https://deb.debian.org|g' /etc/apt/sources.list;     fi;     apt-get update;     apt-get install -y locales;     locale-gen en_US.UTF-8;     rm -rf /var/lib/apt/lists/*
2025-08-21T18:13:40.1620679Z #32 3.914   en_US.UTF-8... done
2025-08-21T18:13:40.1620993Z #32 5.580 Generation complete.
2025-08-21T18:13:40.1625254Z #32 5.581 + rm -rf /var/lib/apt/lists/apt.postgresql.org_pub_repos_apt_dists_trixie-pgdg_16_binary-amd64_Packages.lz4 /var/lib/apt/lists/apt.postgresql.org_pub_repos_apt_dists_trixie-pgdg_InRelease /var/lib/apt/lists/apt.postgresql.org_pub_repos_apt_dists_trixie-pgdg_main_binary-amd64_Packages.lz4 /var/lib/apt/lists/auxfiles /var/lib/apt/lists/deb.debian.org_debian-security_dists_trixie-security_InRelease /var/lib/apt/lists/deb.debian.org_debian-security_dists_trixie-security_main_binary-amd64_Packages.lz4 /var/lib/apt/lists/deb.debian.org_debian_dists_trixie-updates_InRelease /var/lib/apt/lists/deb.debian.org_debian_dists_trixie-updates_main_binary-amd64_Packages.lz4 /var/lib/apt/lists/deb.debian.org_debian_dists_trixie_InRelease /var/lib/apt/lists/deb.debian.org_debian_dists_trixie_main_binary-amd64_Packages.lz4 /var/lib/apt/lists/lock /var/lib/apt/lists/partial
2025-08-21T18:13:40.1629436Z #32 DONE 5.6s
2025-08-21T18:13:40.1629578Z 
2025-08-21T18:13:40.1630036Z #37 [postgres 3/6] COPY docker/postgres/pg_hba.conf /etc/postgresql/pg_hba.conf
2025-08-21T18:13:40.1630532Z #37 DONE 0.0s
2025-08-21T18:13:40.1630670Z 
2025-08-21T18:13:40.1630894Z #35 [api base  4/13] RUN pip install --no-cache-dir -r requirements.txt
2025-08-21T18:13:40.1632003Z #35 11.09   Downloading uvloop-0.21.0-cp312-cp312-manylinux_2_17_x86_64.manylinux2014_x86_64.whl.metadata (4.9 kB)
2025-08-21T18:13:40.2907111Z #35 ...
2025-08-21T18:13:40.2907338Z 
2025-08-21T18:13:40.2907954Z #38 [postgres 4/6] COPY docker/postgres/init-pg_hba.sh /docker-entrypoint-initdb.d/10_init_pg_hba.sh
2025-08-21T18:13:40.2908667Z #38 DONE 0.0s
2025-08-21T18:13:40.2908827Z 
2025-08-21T18:13:40.2909227Z #39 [postgres 5/6] COPY docker/postgres/postgresql.conf /etc/postgresql/postgresql.conf
2025-08-21T18:13:40.2910149Z #39 DONE 0.0s
2025-08-21T18:13:40.2910334Z 
2025-08-21T18:13:40.2910667Z #35 [api base  4/13] RUN pip install --no-cache-dir -r requirements.txt
2025-08-21T18:13:40.2911611Z #35 11.33 Collecting watchfiles>=0.13 (from uvicorn[standard]>=0.12.0->fastapi==0.111.0->-r requirements.txt (line 3))
2025-08-21T18:13:40.4059421Z #35 ...
2025-08-21T18:13:40.4060299Z 
2025-08-21T18:13:40.4061083Z #40 [postgres 6/6] RUN chmod 0644 /etc/postgresql/pg_hba.conf &&     chmod +x /docker-entrypoint-initdb.d/10_init_pg_hba.sh
2025-08-21T18:13:40.4063981Z #40 DONE 0.2s
2025-08-21T18:13:40.4064182Z 
2025-08-21T18:13:40.4064496Z #35 [api base  4/13] RUN pip install --no-cache-dir -r requirements.txt
2025-08-21T18:13:40.4065492Z #35 11.35   Downloading watchfiles-1.1.0-cp312-cp312-manylinux_2_17_x86_64.manylinux2014_x86_64.whl.metadata (4.9 kB)
2025-08-21T18:13:40.5400173Z #35 11.50 Collecting websockets>=10.4 (from uvicorn[standard]>=0.12.0->fastapi==0.111.0->-r requirements.txt (line 3))
2025-08-21T18:13:40.5401666Z #35 11.51   Downloading websockets-15.0.1-cp312-cp312-manylinux_2_5_x86_64.manylinux1_x86_64.manylinux_2_17_x86_64.manylinux2014_x86_64.whl.metadata (6.8 kB)
2025-08-21T18:13:40.5403088Z #35 11.58 Collecting wcwidth (from prompt-toolkit>=3.0.36->click-repl>=0.2.0->celery==5.3.*->-r requirements.txt (line 11))
2025-08-21T18:13:40.6956493Z #35 11.59   Downloading wcwidth-0.2.13-py2.py3-none-any.whl.metadata (14 kB)
2025-08-21T18:13:40.7027461Z #35 11.74 Collecting rich>=13.7.1 (from rich-toolkit>=0.14.8->fastapi-cli>=0.0.2->fastapi==0.111.0->-r requirements.txt (line 3))
2025-08-21T18:13:40.7030747Z #35 11.74   Downloading rich-14.1.0-py3-none-any.whl.metadata (18 kB)
2025-08-21T18:13:40.8770938Z #35 11.78 Collecting shellingham>=1.3.0 (from typer>=0.15.1->fastapi-cli>=0.0.2->fastapi==0.111.0->-r requirements.txt (line 3))
2025-08-21T18:13:40.8772801Z #35 11.80   Downloading shellingham-1.5.4-py2.py3-none-any.whl.metadata (3.5 kB)
2025-08-21T18:13:40.8775397Z #35 11.90 Collecting markdown-it-py>=2.2.0 (from rich>=13.7.1->rich-toolkit>=0.14.8->fastapi-cli>=0.0.2->fastapi==0.111.0->-r requirements.txt (line 3))
2025-08-21T18:13:40.8776469Z #35 11.92   Downloading markdown_it_py-4.0.0-py3-none-any.whl.metadata (7.3 kB)
2025-08-21T18:13:40.9967984Z #35 11.98 Collecting pygments<3.0.0,>=2.13.0 (from rich>=13.7.1->rich-toolkit>=0.14.8->fastapi-cli>=0.0.2->fastapi==0.111.0->-r requirements.txt (line 3))
2025-08-21T18:13:40.9970073Z #35 11.99   Downloading pygments-2.19.2-py3-none-any.whl.metadata (2.5 kB)
2025-08-21T18:13:40.9972816Z #35 12.04 Collecting mdurl~=0.1 (from markdown-it-py>=2.2.0->rich>=13.7.1->rich-toolkit>=0.14.8->fastapi-cli>=0.0.2->fastapi==0.111.0->-r requirements.txt (line 3))
2025-08-21T18:13:41.1120483Z #35 12.06   Downloading mdurl-0.1.2-py3-none-any.whl.metadata (1.6 kB)
2025-08-21T18:13:41.1122171Z #35 12.10 Downloading uvicorn-0.29.0-py3-none-any.whl (60 kB)
2025-08-21T18:13:41.1123332Z #35 12.12 Downloading pydantic_settings-2.2.1-py3-none-any.whl (13 kB)
2025-08-21T18:13:41.1131303Z #35 12.13 Downloading fastapi-0.111.0-py3-none-any.whl (91 kB)
2025-08-21T18:13:41.1132677Z #35 12.15 Downloading SQLAlchemy-2.0.29-cp312-cp312-manylinux_2_17_x86_64.manylinux2014_x86_64.whl (3.2 MB)
2025-08-21T18:13:41.2161657Z #35 12.23    ━━━━━━━━━━━━━━━━━━━━━━━━━━━━━━━━━━━━━━━━ 3.2/3.2 MB 64.2 MB/s eta 0:00:00
2025-08-21T18:13:41.2162433Z #35 12.24 Downloading alembic-1.13.1-py3-none-any.whl (233 kB)
2025-08-21T18:13:41.2163526Z #35 12.26 Downloading psycopg-3.2.9-py3-none-any.whl (202 kB)
2025-08-21T18:13:41.3165567Z #35 ...
2025-08-21T18:13:41.3172508Z 
2025-08-21T18:13:41.3173332Z #34 [fees_h10 base 4/6] RUN if [ -n "" ] && [ -f "fees_h10/" ]; then         pip install -r fees_h10/requirements.txt -c fees_h10/;     else         pip install -r fees_h10/requirements.txt;     fi
2025-08-21T18:13:41.3176179Z #34 11.81 WARNING: Running pip as the 'root' user can result in broken permissions and conflicting behaviour with the system package manager, possibly rendering your system unusable. It is recommended to use a virtual environment instead: https://pip.pypa.io/warnings/venv. Use the --root-user-action option if you know what you are doing and want to suppress this warning.
2025-08-21T18:13:41.3180695Z #34 11.81 Successfully installed PyJWT-2.10.1 amqp-5.3.1 anyio-4.10.0 asyncpg-0.30.0 billiard-4.2.1 celery-5.4.0 certifi-2025.8.3 click-8.2.1 click-didyoumean-0.3.1 click-plugins-1.1.1.2 click-repl-0.3.0 greenlet-3.2.4 h11-0.16.0 httpcore-1.0.9 httpx-0.28.1 idna-3.10 kombu-5.5.4 packaging-25.0 prompt-toolkit-3.0.51 python-dateutil-2.9.0.post0 redis-5.3.1 six-1.17.0 sniffio-1.3.1 sqlalchemy-2.0.43 typing-extensions-4.14.1 tzdata-2025.2 vine-5.1.0 wcwidth-0.2.13
2025-08-21T18:13:41.3183142Z #34 12.02 
2025-08-21T18:13:41.3183553Z #34 12.02 [notice] A new release of pip is available: 25.0.1 -> 25.2
2025-08-21T18:13:41.3184157Z #34 12.02 [notice] To update, run: pip install --upgrade pip
2025-08-21T18:13:41.3184634Z #34 DONE 12.2s
2025-08-21T18:13:41.3184807Z 
2025-08-21T18:13:41.3185084Z #35 [api base  4/13] RUN pip install --no-cache-dir -r requirements.txt
2025-08-21T18:13:41.3185718Z #35 12.29 Downloading httpx-0.27.2-py3-none-any.whl (76 kB)
2025-08-21T18:13:41.3186538Z #35 12.30 Downloading asyncpg-0.29.0-cp312-cp312-manylinux_2_17_x86_64.manylinux2014_x86_64.whl (3.3 MB)
2025-08-21T18:13:41.3187801Z #35 12.33    ━━━━━━━━━━━━━━━━━━━━━━━━━━━━━━━━━━━━━━━━ 3.3/3.3 MB 203.8 MB/s eta 0:00:00
2025-08-21T18:13:41.3188422Z #35 12.33 Downloading boto3-1.34.162-py3-none-any.whl (139 kB)
2025-08-21T18:13:41.3189361Z #35 12.36 Downloading jinja2-3.1.5-py3-none-any.whl (134 kB)
2025-08-21T18:13:41.4240294Z #35 ...
2025-08-21T18:13:41.4261265Z 
2025-08-21T18:13:41.4261535Z #41 [fees_h10 base 5/6] COPY . ./fees_h10
2025-08-21T18:13:41.4261997Z #41 DONE 0.1s
2025-08-21T18:13:41.4262195Z 
2025-08-21T18:13:41.4262380Z #42 [fees_h10 base 6/6] COPY start.sh ./start.sh
2025-08-21T18:13:41.4262825Z #42 DONE 0.0s
2025-08-21T18:13:41.4263008Z 
2025-08-21T18:13:41.4263289Z #35 [api base  4/13] RUN pip install --no-cache-dir -r requirements.txt
2025-08-21T18:13:41.4264447Z #35 12.37 Downloading celery-5.3.6-py3-none-any.whl (422 kB)
2025-08-21T18:13:41.4265096Z #35 12.39 Downloading structlog-24.1.0-py3-none-any.whl (65 kB)
2025-08-21T18:13:41.4265791Z #35 12.41 Downloading asgi_correlation_id-4.3.1-py3-none-any.whl (15 kB)
2025-08-21T18:13:41.4266502Z #35 12.43 Downloading fastapi_limiter-0.1.6-py3-none-any.whl (15 kB)
2025-08-21T18:13:41.4267159Z #35 12.46 Downloading redis-5.0.8-py3-none-any.whl (255 kB)
2025-08-21T18:13:41.5434118Z #35 12.48 Downloading sentry_sdk-2.9.0-py2.py3-none-any.whl (301 kB)
2025-08-21T18:13:41.5440120Z #35 12.51 Downloading httpcore-1.0.9-py3-none-any.whl (78 kB)
2025-08-21T18:13:41.5441025Z #35 12.53 Downloading psycopg_binary-3.2.9-cp312-cp312-manylinux_2_17_x86_64.manylinux2014_x86_64.whl (4.4 MB)
2025-08-21T18:13:41.5442302Z #35 12.55    ━━━━━━━━━━━━━━━━━━━━━━━━━━━━━━━━━━━━━━━━ 4.4/4.4 MB 180.9 MB/s eta 0:00:00
2025-08-21T18:13:41.5442921Z #35 12.58 Downloading billiard-4.2.1-py3-none-any.whl (86 kB)
2025-08-21T18:13:41.6484833Z #35 12.59 Downloading botocore-1.34.162-py3-none-any.whl (12.5 MB)
2025-08-21T18:13:41.6489922Z #35 12.65    ━━━━━━━━━━━━━━━━━━━━━━━━━━━━━━━━━━━━━━━━ 12.5/12.5 MB 218.4 MB/s eta 0:00:00
2025-08-21T18:13:41.6490580Z #35 12.66 Downloading click-8.2.1-py3-none-any.whl (102 kB)
2025-08-21T18:13:41.6491214Z #35 12.69 Downloading click_didyoumean-0.3.1-py3-none-any.whl (3.6 kB)
2025-08-21T18:13:41.7519396Z #35 12.70 Downloading click_plugins-1.1.1.2-py2.py3-none-any.whl (11 kB)
2025-08-21T18:13:41.7521721Z #35 12.72 Downloading click_repl-0.3.0-py3-none-any.whl (10 kB)
2025-08-21T18:13:41.7522437Z #35 12.73 Downloading email_validator-2.2.0-py3-none-any.whl (33 kB)
2025-08-21T18:13:41.7523147Z #35 12.75 Downloading fastapi_cli-0.0.8-py3-none-any.whl (10 kB)
2025-08-21T18:13:41.7524030Z #35 12.77 Downloading greenlet-3.2.4-cp312-cp312-manylinux_2_24_x86_64.manylinux_2_28_x86_64.whl (607 kB)
2025-08-21T18:13:41.7525269Z #35 12.78    ━━━━━━━━━━━━━━━━━━━━━━━━━━━━━━━━━━━━━━━ 607.6/607.6 kB 509.1 MB/s eta 0:00:00
2025-08-21T18:13:41.7525928Z #35 12.79 Downloading h11-0.16.0-py3-none-any.whl (37 kB)
2025-08-21T18:13:41.8557544Z #35 ...
2025-08-21T18:13:41.8558155Z 
2025-08-21T18:13:41.8558410Z #43 [postgres] exporting to image
2025-08-21T18:13:41.8558893Z #43 exporting layers 1.4s done
2025-08-21T18:13:41.8559560Z #43 writing image sha256:b0415e94993cc6b8510ef867aae84c647f4dba904056011aae746535b7fd03bd done
2025-08-21T18:13:41.8560577Z #43 naming to docker.io/library/awa-app-postgres done
2025-08-21T18:13:41.8561046Z #43 DONE 1.4s
2025-08-21T18:13:41.8561215Z 
2025-08-21T18:13:41.8561421Z #44 [postgres] resolving provenance for metadata file
2025-08-21T18:13:41.8561884Z #44 DONE 0.0s
2025-08-21T18:13:41.8562065Z 
2025-08-21T18:13:41.8562350Z #35 [api base  4/13] RUN pip install --no-cache-dir -r requirements.txt
2025-08-21T18:13:41.8563020Z #35 12.81 Downloading idna-3.10-py3-none-any.whl (70 kB)
2025-08-21T18:13:41.8563619Z #35 12.83 Downloading jmespath-1.0.1-py3-none-any.whl (20 kB)
2025-08-21T18:13:41.8564264Z #35 12.85 Downloading kombu-5.5.4-py3-none-any.whl (210 kB)
2025-08-21T18:13:41.8564656Z #35 12.86 Downloading vine-5.1.0-py3-none-any.whl (9.6 kB)
2025-08-21T18:13:41.8565235Z #35 12.88 Downloading MarkupSafe-3.0.2-cp312-cp312-manylinux_2_17_x86_64.manylinux2014_x86_64.whl (23 kB)
2025-08-21T18:13:41.9697250Z #35 12.90 Downloading orjson-3.11.2-cp312-cp312-manylinux_2_17_x86_64.manylinux2014_x86_64.whl (121 kB)
2025-08-21T18:13:41.9698498Z #35 12.91 Downloading pydantic-2.11.7-py3-none-any.whl (444 kB)
2025-08-21T18:13:41.9699375Z #35 12.93 Downloading pydantic_core-2.33.2-cp312-cp312-manylinux_2_17_x86_64.manylinux2014_x86_64.whl (2.0 MB)
2025-08-21T18:13:41.9722358Z #35 12.94    ━━━━━━━━━━━━━━━━━━━━━━━━━━━━━━━━━━━━━━━━ 2.0/2.0 MB 574.8 MB/s eta 0:00:00
2025-08-21T18:13:41.9723251Z #35 12.96 Downloading python_dateutil-2.9.0.post0-py2.py3-none-any.whl (229 kB)
2025-08-21T18:13:41.9724035Z #35 12.98 Downloading python_dotenv-1.1.1-py3-none-any.whl (20 kB)
2025-08-21T18:13:41.9724757Z #35 12.99 Downloading python_multipart-0.0.20-py3-none-any.whl (24 kB)
2025-08-21T18:13:41.9725750Z #35 13.01 Downloading s3transfer-0.10.4-py3-none-any.whl (83 kB)
2025-08-21T18:13:42.0789184Z #35 13.03 Downloading starlette-0.37.2-py3-none-any.whl (71 kB)
2025-08-21T18:13:42.0790065Z #35 13.04 Downloading anyio-4.10.0-py3-none-any.whl (107 kB)
2025-08-21T18:13:42.0790711Z #35 13.06 Downloading sniffio-1.3.1-py3-none-any.whl (10 kB)
2025-08-21T18:13:42.0791437Z #35 13.08 Downloading typing_extensions-4.14.1-py3-none-any.whl (43 kB)
2025-08-21T18:13:42.0792150Z #35 13.10 Downloading tzdata-2025.2-py2.py3-none-any.whl (347 kB)
2025-08-21T18:13:42.0793044Z #35 13.12 Downloading ujson-5.11.0-cp312-cp312-manylinux_2_24_x86_64.manylinux_2_28_x86_64.whl (57 kB)
2025-08-21T18:13:42.1977927Z #35 13.13 Downloading urllib3-2.5.0-py3-none-any.whl (129 kB)
2025-08-21T18:13:42.1978711Z #35 13.15 Downloading certifi-2025.8.3-py3-none-any.whl (161 kB)
2025-08-21T18:13:42.1979376Z #35 13.17 Downloading mako-1.3.10-py3-none-any.whl (78 kB)
2025-08-21T18:13:42.1980160Z #35 13.18 Downloading amqp-5.3.1-py3-none-any.whl (50 kB)
2025-08-21T18:13:42.1980856Z #35 13.21 Downloading annotated_types-0.7.0-py3-none-any.whl (13 kB)
2025-08-21T18:13:42.1981549Z #35 13.22 Downloading dnspython-2.7.0-py3-none-any.whl (313 kB)
2025-08-21T18:13:42.1983166Z #35 13.24 Downloading httptools-0.6.4-cp312-cp312-manylinux_2_5_x86_64.manylinux1_x86_64.manylinux_2_17_x86_64.manylinux2014_x86_64.whl (510 kB)
2025-08-21T18:13:42.3017667Z #35 13.26 Downloading prompt_toolkit-3.0.51-py3-none-any.whl (387 kB)
2025-08-21T18:13:42.3018416Z #35 13.28 Downloading PyYAML-6.0.2-cp312-cp312-manylinux_2_17_x86_64.manylinux2014_x86_64.whl (767 kB)
2025-08-21T18:13:42.3019240Z #35 13.28    ━━━━━━━━━━━━━━━━━━━━━━━━━━━━━━━━━━━━━━━ 767.5/767.5 kB 369.0 MB/s eta 0:00:00
2025-08-21T18:13:42.3019838Z #35 13.30 Downloading rich_toolkit-0.15.0-py3-none-any.whl (29 kB)
2025-08-21T18:13:42.3020301Z #35 13.32 Downloading six-1.17.0-py2.py3-none-any.whl (11 kB)
2025-08-21T18:13:42.3020669Z #35 13.33 Downloading typer-0.16.1-py3-none-any.whl (46 kB)
2025-08-21T18:13:42.4175634Z #35 13.35 Downloading typing_inspection-0.4.1-py3-none-any.whl (14 kB)
2025-08-21T18:13:42.4176664Z #35 13.36 Downloading uvloop-0.21.0-cp312-cp312-manylinux_2_17_x86_64.manylinux2014_x86_64.whl (4.7 MB)
2025-08-21T18:13:42.4177926Z #35 13.38    ━━━━━━━━━━━━━━━━━━━━━━━━━━━━━━━━━━━━━━━━ 4.7/4.7 MB 270.1 MB/s eta 0:00:00
2025-08-21T18:13:42.4178840Z #35 13.40 Downloading watchfiles-1.1.0-cp312-cp312-manylinux_2_17_x86_64.manylinux2014_x86_64.whl (452 kB)
2025-08-21T18:13:42.4180384Z #35 13.42 Downloading websockets-15.0.1-cp312-cp312-manylinux_2_5_x86_64.manylinux1_x86_64.manylinux_2_17_x86_64.manylinux2014_x86_64.whl (182 kB)
2025-08-21T18:13:42.4181469Z #35 13.44 Downloading packaging-25.0-py3-none-any.whl (66 kB)
2025-08-21T18:13:42.4182095Z #35 13.46 Downloading rich-14.1.0-py3-none-any.whl (243 kB)
2025-08-21T18:13:42.5724090Z #35 13.48 Downloading shellingham-1.5.4-py2.py3-none-any.whl (9.8 kB)
2025-08-21T18:13:42.5729913Z #35 13.49 Downloading wcwidth-0.2.13-py2.py3-none-any.whl (34 kB)
2025-08-21T18:13:42.5730730Z #35 13.51 Downloading markdown_it_py-4.0.0-py3-none-any.whl (87 kB)
2025-08-21T18:13:42.5731468Z #35 13.53 Downloading pygments-2.19.2-py3-none-any.whl (1.2 MB)
2025-08-21T18:13:42.5732600Z #35 13.53    ━━━━━━━━━━━━━━━━━━━━━━━━━━━━━━━━━━━━━━━━ 1.2/1.2 MB 392.5 MB/s eta 0:00:00
2025-08-21T18:13:42.5733278Z #35 13.55 Downloading mdurl-0.1.2-py3-none-any.whl (10.0 kB)
2025-08-21T18:13:42.9102393Z #35 13.80 Installing collected packages: wcwidth, websockets, vine, uvloop, urllib3, ujson, tzdata, typing-extensions, structlog, sniffio, six, shellingham, redis, pyyaml, python-multipart, python-dotenv, pygments, psycopg-binary, prompt-toolkit, packaging, orjson, mdurl, MarkupSafe, jmespath, idna, httptools, h11, greenlet, dnspython, click, certifi, billiard, asyncpg, annotated-types, uvicorn, typing-inspection, sqlalchemy, sentry-sdk, python-dateutil, pydantic-core, psycopg, markdown-it-py, Mako, Jinja2, httpcore, email_validator, click-repl, click-plugins, click-didyoumean, anyio, amqp, watchfiles, starlette, rich, pydantic, kombu, httpx, botocore, alembic, typer, s3transfer, rich-toolkit, pydantic-settings, celery, asgi-correlation-id, fastapi-cli, boto3, fastapi, fastapi-limiter
2025-08-21T18:13:43.3352702Z #35 ...
2025-08-21T18:13:43.3352971Z 
2025-08-21T18:13:43.3353313Z #45 [fees_h10 stage-1 3/5] COPY --from=base /usr/local /usr/local
2025-08-21T18:13:43.3353883Z #45 DONE 1.1s
2025-08-21T18:13:43.4508223Z 
2025-08-21T18:13:43.4509860Z #46 [fees_h10 stage-1 4/5] COPY --from=base /app /app
2025-08-21T18:13:43.4510722Z #46 DONE 0.0s
2025-08-21T18:13:43.4511067Z 
2025-08-21T18:13:43.4511885Z #36 [celery_worker base 4/8] RUN if [ -n "" ] && [ -f "" ]; then         pip install -r requirements.txt -c "";     else         pip install -r requirements.txt;     fi
2025-08-21T18:13:43.4513478Z #36 10.61 Collecting botocore<1.41.0,>=1.40.14 (from boto3<2,>=1.16.39->python-amazon-sp-api==0.8.0->-r requirements.txt (line 5))
2025-08-21T18:13:43.4515621Z #36 10.64   Downloading botocore-1.40.14-py3-none-any.whl.metadata (5.7 kB)
2025-08-21T18:13:43.4516637Z #36 10.67 Collecting jmespath<2.0.0,>=0.7.1 (from boto3<2,>=1.16.39->python-amazon-sp-api==0.8.0->-r requirements.txt (line 5))
2025-08-21T18:13:43.4517633Z #36 10.70   Downloading jmespath-1.0.1-py3-none-any.whl.metadata (7.6 kB)
2025-08-21T18:13:43.4518664Z #36 10.74 Collecting s3transfer<0.14.0,>=0.13.0 (from boto3<2,>=1.16.39->python-amazon-sp-api==0.8.0->-r requirements.txt (line 5))
2025-08-21T18:13:43.4524400Z #36 10.76   Downloading s3transfer-0.13.1-py3-none-any.whl.metadata (1.7 kB)
2025-08-21T18:13:43.4525364Z #36 10.85 Collecting prompt-toolkit>=3.0.36 (from click-repl>=0.2.0->celery==5.3.*->-r requirements.txt (line 3))
2025-08-21T18:13:43.4526316Z #36 10.88   Downloading prompt_toolkit-3.0.51-py3-none-any.whl.metadata (6.4 kB)
2025-08-21T18:13:43.4527228Z #36 10.93 Collecting pyyaml (from confuse~=1.4.0->python-amazon-sp-api==0.8.0->-r requirements.txt (line 5))
2025-08-21T18:13:43.4528265Z #36 10.96   Downloading PyYAML-6.0.2-cp312-cp312-manylinux_2_17_x86_64.manylinux2014_x86_64.whl.metadata (2.1 kB)
2025-08-21T18:13:43.4529554Z #36 11.00 Collecting amqp<6.0.0,>=5.1.1 (from kombu<6.0,>=5.3.4->celery==5.3.*->-r requirements.txt (line 3))
2025-08-21T18:13:43.4536967Z #36 11.02   Downloading amqp-5.3.1-py3-none-any.whl.metadata (8.9 kB)
2025-08-21T18:13:43.4537802Z #36 11.06 Collecting annotated-types>=0.6.0 (from pydantic->keepa==1.3.14->-r requirements.txt (line 1))
2025-08-21T18:13:43.4538713Z #36 11.10   Downloading annotated_types-0.7.0-py3-none-any.whl.metadata (15 kB)
2025-08-21T18:13:43.4539583Z #36 12.19 Collecting pydantic-core==2.33.2 (from pydantic->keepa==1.3.14->-r requirements.txt (line 1))
2025-08-21T18:13:43.4540911Z #36 12.22   Downloading pydantic_core-2.33.2-cp312-cp312-manylinux_2_17_x86_64.manylinux2014_x86_64.whl.metadata (6.8 kB)
2025-08-21T18:13:43.4542175Z #36 12.27 Collecting typing-inspection>=0.4.0 (from pydantic->keepa==1.3.14->-r requirements.txt (line 1))
2025-08-21T18:13:43.4543116Z #36 12.29   Downloading typing_inspection-0.4.1-py3-none-any.whl.metadata (2.6 kB)
2025-08-21T18:13:43.4544070Z #36 12.49 Collecting charset_normalizer<4,>=2 (from requests>=2.2->keepa==1.3.14->-r requirements.txt (line 1))
2025-08-21T18:13:43.4545328Z #36 12.50   Downloading charset_normalizer-3.4.3-cp312-cp312-manylinux2014_x86_64.manylinux_2_17_x86_64.manylinux_2_28_x86_64.whl.metadata (36 kB)
2025-08-21T18:13:43.4546861Z #36 12.57 Collecting idna<4,>=2.5 (from requests>=2.2->keepa==1.3.14->-r requirements.txt (line 1))
2025-08-21T18:13:43.4547611Z #36 12.58   Downloading idna-3.10-py3-none-any.whl.metadata (10 kB)
2025-08-21T18:13:43.4548485Z #36 12.65 Collecting mypy-extensions>=0.3.0 (from typing-inspect>=0.6.0->pandera==0.19.*->-r requirements.txt (line 9))
2025-08-21T18:13:43.4549458Z #36 12.68   Downloading mypy_extensions-1.1.0-py3-none-any.whl.metadata (1.1 kB)
2025-08-21T18:13:43.4551090Z #36 12.74 Collecting aiohappyeyeballs>=2.5.0 (from aiohttp->keepa==1.3.14->-r requirements.txt (line 1))
2025-08-21T18:13:43.4552279Z #36 12.76   Downloading aiohappyeyeballs-2.6.1-py3-none-any.whl.metadata (5.9 kB)
2025-08-21T18:13:43.4553217Z #36 12.79 Collecting aiosignal>=1.4.0 (from aiohttp->keepa==1.3.14->-r requirements.txt (line 1))
2025-08-21T18:13:43.4554253Z #36 12.82   Downloading aiosignal-1.4.0-py3-none-any.whl.metadata (3.7 kB)
2025-08-21T18:13:43.4555208Z #36 12.85 Collecting attrs>=17.3.0 (from aiohttp->keepa==1.3.14->-r requirements.txt (line 1))
2025-08-21T18:13:43.4556283Z #36 12.87   Downloading attrs-25.3.0-py3-none-any.whl.metadata (10 kB)
2025-08-21T18:13:43.4557108Z #36 12.96 Collecting frozenlist>=1.1.1 (from aiohttp->keepa==1.3.14->-r requirements.txt (line 1))
2025-08-21T18:13:43.4558349Z #36 12.99   Downloading frozenlist-1.7.0-cp312-cp312-manylinux_2_5_x86_64.manylinux1_x86_64.manylinux_2_17_x86_64.manylinux2014_x86_64.whl.metadata (18 kB)
2025-08-21T18:13:43.4559556Z #36 13.24 Collecting multidict<7.0,>=4.5 (from aiohttp->keepa==1.3.14->-r requirements.txt (line 1))
2025-08-21T18:13:43.4560930Z #36 13.27   Downloading multidict-6.6.4-cp312-cp312-manylinux2014_x86_64.manylinux_2_17_x86_64.manylinux_2_28_x86_64.whl.metadata (5.3 kB)
2025-08-21T18:13:43.4562092Z #36 13.32 Collecting propcache>=0.2.0 (from aiohttp->keepa==1.3.14->-r requirements.txt (line 1))
2025-08-21T18:13:43.4563098Z #36 13.35   Downloading propcache-0.3.2-cp312-cp312-manylinux_2_17_x86_64.manylinux2014_x86_64.whl.metadata (12 kB)
2025-08-21T18:13:43.4564094Z #36 13.59 Collecting yarl<2.0,>=1.17.0 (from aiohttp->keepa==1.3.14->-r requirements.txt (line 1))
2025-08-21T18:13:43.4565067Z #36 13.62   Downloading yarl-1.20.1-cp312-cp312-manylinux_2_17_x86_64.manylinux2014_x86_64.whl.metadata (73 kB)
2025-08-21T18:13:43.4566200Z #36 13.75 Collecting wcwidth (from prompt-toolkit>=3.0.36->click-repl>=0.2.0->celery==5.3.*->-r requirements.txt (line 3))
2025-08-21T18:13:43.4567199Z #36 13.78   Downloading wcwidth-0.2.13-py2.py3-none-any.whl.metadata (14 kB)
2025-08-21T18:13:43.4567899Z #36 14.08 Downloading keepa-1.3.14-py3-none-any.whl (33 kB)
2025-08-21T18:13:43.4568483Z #36 14.11 Downloading minio-7.1.15-py3-none-any.whl (77 kB)
2025-08-21T18:13:43.4569082Z #36 14.14 Downloading celery-5.3.6-py3-none-any.whl (422 kB)
2025-08-21T18:13:43.4569868Z #36 14.20 Downloading redis-5.3.1-py3-none-any.whl (272 kB)
2025-08-21T18:13:43.4570558Z #36 14.23 Downloading python_amazon_sp_api-0.8.0-py3-none-any.whl (93 kB)
2025-08-21T18:13:43.4571321Z #36 14.27 Downloading pydantic_settings-2.2.1-py3-none-any.whl (13 kB)
2025-08-21T18:13:43.4572173Z #36 14.29 Downloading pandas-2.2.3-cp312-cp312-manylinux_2_17_x86_64.manylinux2014_x86_64.whl (12.7 MB)
2025-08-21T18:13:43.4573370Z #36 14.44    ━━━━━━━━━━━━━━━━━━━━━━━━━━━━━━━━━━━━━━━━ 12.7/12.7 MB 88.3 MB/s eta 0:00:00
2025-08-21T18:13:43.5879104Z #36 ...
2025-08-21T18:13:43.5884100Z 
2025-08-21T18:13:43.5886580Z #47 [fees_h10 stage-1 5/5] RUN chmod +x ./start.sh
2025-08-21T18:13:43.5888898Z #47 DONE 0.2s
2025-08-21T18:13:43.5889090Z 
2025-08-21T18:13:43.5890234Z #36 [celery_worker base 4/8] RUN if [ -n "" ] && [ -f "" ]; then         pip install -r requirements.txt -c "";     else         pip install -r requirements.txt;     fi
2025-08-21T18:13:43.5891258Z #36 14.47 Downloading pandera-0.19.3-py3-none-any.whl (251 kB)
2025-08-21T18:13:43.5891925Z #36 14.50 Downloading openpyxl-3.1.5-py2.py3-none-any.whl (250 kB)
2025-08-21T18:13:43.5892543Z #36 14.53 Downloading psycopg-3.2.9-py3-none-any.whl (202 kB)
2025-08-21T18:13:43.5893706Z #36 14.57 Downloading psycopg2_binary-2.9.10-cp312-cp312-manylinux_2_17_x86_64.manylinux2014_x86_64.whl (3.0 MB)
2025-08-21T18:13:43.6894415Z #36 14.61    ━━━━━━━━━━━━━━━━━━━━━━━━━━━━━━━━━━━━━━━━ 3.0/3.0 MB 94.7 MB/s eta 0:00:00
2025-08-21T18:13:43.6898854Z #36 14.63 Downloading sentry_sdk-2.9.0-py2.py3-none-any.whl (301 kB)
2025-08-21T18:13:43.6899992Z #36 14.67 Downloading psycopg_binary-3.2.9-cp312-cp312-manylinux_2_17_x86_64.manylinux2014_x86_64.whl (4.4 MB)
2025-08-21T18:13:43.8764500Z #36 14.71    ━━━━━━━━━━━━━━━━━━━━━━━━━━━━━━━━━━━━━━━━ 4.4/4.4 MB 114.6 MB/s eta 0:00:00
2025-08-21T18:13:43.8765729Z #36 14.74 Downloading numpy-1.26.4-cp312-cp312-manylinux_2_17_x86_64.manylinux2014_x86_64.whl (18.0 MB)
2025-08-21T18:13:43.8766849Z #36 14.89    ━━━━━━━━━━━━━━━━━━━━━━━━━━━━━━━━━━━━━━━━ 18.0/18.0 MB 121.8 MB/s eta 0:00:00
2025-08-21T18:13:43.9978450Z #36 14.92 Downloading billiard-4.2.1-py3-none-any.whl (86 kB)
2025-08-21T18:13:43.9981912Z #36 14.96 Downloading boto3-1.40.14-py3-none-any.whl (140 kB)
2025-08-21T18:13:43.9982660Z #36 14.98 Downloading cachetools-4.2.4-py3-none-any.whl (10 kB)
2025-08-21T18:13:43.9983326Z #36 15.02 Downloading click-8.2.1-py3-none-any.whl (102 kB)
2025-08-21T18:13:44.1263368Z #36 15.05 Downloading click_didyoumean-0.3.1-py3-none-any.whl (3.6 kB)
2025-08-21T18:13:44.1265948Z #36 15.08 Downloading click_plugins-1.1.1.2-py2.py3-none-any.whl (11 kB)
2025-08-21T18:13:44.1266687Z #36 15.11 Downloading click_repl-0.3.0-py3-none-any.whl (10 kB)
2025-08-21T18:13:44.1267353Z #36 15.14 Downloading confuse-1.4.0-py2.py3-none-any.whl (21 kB)
2025-08-21T18:13:44.2589001Z #36 15.17 Downloading kombu-5.5.4-py3-none-any.whl (210 kB)
2025-08-21T18:13:44.2590387Z #36 15.21 Downloading vine-5.1.0-py3-none-any.whl (9.6 kB)
2025-08-21T18:13:44.2591341Z #36 15.24 Downloading multimethod-1.10-py3-none-any.whl (9.9 kB)
2025-08-21T18:13:44.3657580Z #36 15.27 Downloading packaging-25.0-py3-none-any.whl (66 kB)
2025-08-21T18:13:44.3662056Z #36 15.31 Downloading pydantic-2.11.7-py3-none-any.whl (444 kB)
2025-08-21T18:13:44.3664086Z #36 15.35 Downloading pydantic_core-2.33.2-cp312-cp312-manylinux_2_17_x86_64.manylinux2014_x86_64.whl (2.0 MB)
2025-08-21T18:13:44.3666230Z #36 15.36    ━━━━━━━━━━━━━━━━━━━━━━━━━━━━━━━━━━━━━━━━ 2.0/2.0 MB 178.0 MB/s eta 0:00:00
2025-08-21T18:13:44.3670836Z #36 15.38 Downloading PyJWT-2.10.1-py3-none-any.whl (22 kB)
2025-08-21T18:13:44.4912635Z #36 15.41 Downloading python_dateutil-2.9.0.post0-py2.py3-none-any.whl (229 kB)
2025-08-21T18:13:44.4913773Z #36 15.45 Downloading python_dotenv-1.1.1-py3-none-any.whl (20 kB)
2025-08-21T18:13:44.4915052Z #36 15.48 Downloading pytz-2025.2-py2.py3-none-any.whl (509 kB)
2025-08-21T18:13:44.4915747Z #36 15.51 Downloading requests-2.32.5-py3-none-any.whl (64 kB)
2025-08-21T18:13:44.6157084Z #36 15.54 Downloading certifi-2025.8.3-py3-none-any.whl (161 kB)
2025-08-21T18:13:44.6164344Z #36 15.57 Downloading six-1.17.0-py2.py3-none-any.whl (11 kB)
2025-08-21T18:13:44.6165091Z #36 15.61 Downloading typing_extensions-4.14.1-py3-none-any.whl (43 kB)
2025-08-21T18:13:44.7177367Z #36 ...
2025-08-21T18:13:44.7177621Z 
2025-08-21T18:13:44.7177771Z #48 [fees_h10] exporting to image
2025-08-21T18:13:44.7178489Z #48 exporting layers 1.2s done
2025-08-21T18:13:44.7179371Z #48 writing image sha256:1b0dde2ca6165096085f8ab33d91fe4428d31bb211f20885f26314233dfa7c6c done
2025-08-21T18:13:44.7180355Z #48 naming to docker.io/library/awa-app-fees_h10 done
2025-08-21T18:13:44.7180809Z #48 DONE 1.2s
2025-08-21T18:13:44.7180978Z 
2025-08-21T18:13:44.7181178Z #49 [fees_h10] resolving provenance for metadata file
2025-08-21T18:13:44.7181645Z #49 DONE 0.0s
2025-08-21T18:13:44.7181811Z 
2025-08-21T18:13:44.7182742Z #36 [celery_worker base 4/8] RUN if [ -n "" ] && [ -f "" ]; then         pip install -r requirements.txt -c "";     else         pip install -r requirements.txt;     fi
2025-08-21T18:13:44.7183820Z #36 15.63 Downloading typing_inspect-0.9.0-py3-none-any.whl (8.8 kB)
2025-08-21T18:13:44.7184542Z #36 15.66 Downloading tzdata-2025.2-py2.py3-none-any.whl (347 kB)
2025-08-21T18:13:44.7185230Z #36 15.69 Downloading urllib3-2.5.0-py3-none-any.whl (129 kB)
2025-08-21T18:13:44.7186139Z #36 15.72 Downloading aiohttp-3.12.15-cp312-cp312-manylinux_2_17_x86_64.manylinux2014_x86_64.whl (1.7 MB)
2025-08-21T18:13:44.7187391Z #36 15.73    ━━━━━━━━━━━━━━━━━━━━━━━━━━━━━━━━━━━━━━━━ 1.7/1.7 MB 147.1 MB/s eta 0:00:00
2025-08-21T18:13:44.8364183Z #36 15.76 Downloading et_xmlfile-2.0.0-py3-none-any.whl (18 kB)
2025-08-21T18:13:44.8365277Z #36 15.79 Downloading pycryptodome-3.23.0-cp37-abi3-manylinux_2_17_x86_64.manylinux2014_x86_64.whl (2.3 MB)
2025-08-21T18:13:44.8366488Z #36 15.80    ━━━━━━━━━━━━━━━━━━━━━━━━━━━━━━━━━━━━━━━━ 2.3/2.3 MB 171.1 MB/s eta 0:00:00
2025-08-21T18:13:44.8366957Z #36 15.83 Downloading tqdm-4.67.1-py3-none-any.whl (78 kB)
2025-08-21T18:13:44.8367403Z #36 15.85 Downloading typeguard-4.4.4-py3-none-any.whl (34 kB)
2025-08-21T18:13:44.9462068Z #36 15.88 Downloading wrapt-1.17.3-cp312-cp312-manylinux1_x86_64.manylinux_2_28_x86_64.manylinux_2_5_x86_64.whl (88 kB)
2025-08-21T18:13:44.9463037Z #36 15.91 Downloading aiohappyeyeballs-2.6.1-py3-none-any.whl (15 kB)
2025-08-21T18:13:44.9463573Z #36 15.94 Downloading aiosignal-1.4.0-py3-none-any.whl (7.5 kB)
2025-08-21T18:13:44.9464021Z #36 15.96 Downloading amqp-5.3.1-py3-none-any.whl (50 kB)
2025-08-21T18:13:45.1309164Z #36 15.99 Downloading annotated_types-0.7.0-py3-none-any.whl (13 kB)
2025-08-21T18:13:45.2429335Z #36 16.02 Downloading attrs-25.3.0-py3-none-any.whl (63 kB)
2025-08-21T18:13:45.2430265Z #36 16.05 Downloading botocore-1.40.14-py3-none-any.whl (14.0 MB)
2025-08-21T18:13:45.2431361Z #36 16.15    ━━━━━━━━━━━━━━━━━━━━━━━━━━━━━━━━━━━━━━━━ 14.0/14.0 MB 138.1 MB/s eta 0:00:00
2025-08-21T18:13:45.2432419Z #36 16.17 Downloading charset_normalizer-3.4.3-cp312-cp312-manylinux2014_x86_64.manylinux_2_17_x86_64.manylinux_2_28_x86_64.whl (151 kB)
2025-08-21T18:13:45.2433921Z #36 16.20 Downloading frozenlist-1.7.0-cp312-cp312-manylinux_2_5_x86_64.manylinux1_x86_64.manylinux_2_17_x86_64.manylinux2014_x86_64.whl (241 kB)
2025-08-21T18:13:45.2434994Z #36 16.23 Downloading idna-3.10-py3-none-any.whl (70 kB)
2025-08-21T18:13:45.2435585Z #36 16.26 Downloading jmespath-1.0.1-py3-none-any.whl (20 kB)
2025-08-21T18:13:45.3545507Z #36 16.29 Downloading multidict-6.6.4-cp312-cp312-manylinux2014_x86_64.manylinux_2_17_x86_64.manylinux_2_28_x86_64.whl (256 kB)
2025-08-21T18:13:45.3546387Z #36 16.32 Downloading mypy_extensions-1.1.0-py3-none-any.whl (5.0 kB)
2025-08-21T18:13:45.3546828Z #36 16.34 Downloading prompt_toolkit-3.0.51-py3-none-any.whl (387 kB)
2025-08-21T18:13:45.4727561Z #36 16.37 Downloading propcache-0.3.2-cp312-cp312-manylinux_2_17_x86_64.manylinux2014_x86_64.whl (224 kB)
2025-08-21T18:13:45.4730518Z #36 16.40 Downloading s3transfer-0.13.1-py3-none-any.whl (85 kB)
2025-08-21T18:13:45.4731258Z #36 16.43 Downloading typing_inspection-0.4.1-py3-none-any.whl (14 kB)
2025-08-21T18:13:45.4732161Z #36 16.46 Downloading yarl-1.20.1-cp312-cp312-manylinux_2_17_x86_64.manylinux2014_x86_64.whl (355 kB)
2025-08-21T18:13:45.4733547Z #36 16.49 Downloading PyYAML-6.0.2-cp312-cp312-manylinux_2_17_x86_64.manylinux2014_x86_64.whl (767 kB)
2025-08-21T18:13:45.6568196Z #36 16.50    ━━━━━━━━━━━━━━━━━━━━━━━━━━━━━━━━━━━━━━━ 767.5/767.5 kB 107.9 MB/s eta 0:00:00
2025-08-21T18:13:45.6568961Z #36 16.52 Downloading wcwidth-0.2.13-py2.py3-none-any.whl (34 kB)
2025-08-21T18:13:46.0051695Z #36 16.87 Installing collected packages: wcwidth, pytz, wrapt, vine, urllib3, tzdata, typing-extensions, tqdm, six, pyyaml, python-dotenv, PyJWT, pycryptodome, psycopg2-binary, psycopg-binary, propcache, prompt-toolkit, packaging, numpy, mypy-extensions, multimethod, multidict, jmespath, idna, frozenlist, et-xmlfile, click, charset_normalizer, certifi, cachetools, billiard, attrs, annotated-types, aiohappyeyeballs, yarl, typing-inspection, typing-inspect, typeguard, sentry-sdk, requests, redis, python-dateutil, pydantic-core, psycopg, openpyxl, minio, confuse, click-repl, click-plugins, click-didyoumean, amqp, aiosignal, pydantic, pandas, kombu, botocore, aiohttp, s3transfer, pydantic-settings, pandera, keepa, celery, boto3, python-amazon-sp-api
2025-08-21T18:13:49.8565243Z #36 ...
2025-08-21T18:13:49.8565489Z 
2025-08-21T18:13:49.8565776Z #35 [api base  4/13] RUN pip install --no-cache-dir -r requirements.txt
2025-08-21T18:13:49.8572069Z #35 20.90 Successfully installed Jinja2-3.1.5 Mako-1.3.10 MarkupSafe-3.0.2 alembic-1.13.1 amqp-5.3.1 annotated-types-0.7.0 anyio-4.10.0 asgi-correlation-id-4.3.1 asyncpg-0.29.0 billiard-4.2.1 boto3-1.34.162 botocore-1.34.162 celery-5.3.6 certifi-2025.8.3 click-8.2.1 click-didyoumean-0.3.1 click-plugins-1.1.1.2 click-repl-0.3.0 dnspython-2.7.0 email_validator-2.2.0 fastapi-0.111.0 fastapi-cli-0.0.8 fastapi-limiter-0.1.6 greenlet-3.2.4 h11-0.16.0 httpcore-1.0.9 httptools-0.6.4 httpx-0.27.2 idna-3.10 jmespath-1.0.1 kombu-5.5.4 markdown-it-py-4.0.0 mdurl-0.1.2 orjson-3.11.2 packaging-25.0 prompt-toolkit-3.0.51 psycopg-3.2.9 psycopg-binary-3.2.9 pydantic-2.11.7 pydantic-core-2.33.2 pydantic-settings-2.2.1 pygments-2.19.2 python-dateutil-2.9.0.post0 python-dotenv-1.1.1 python-multipart-0.0.20 pyyaml-6.0.2 redis-5.0.8 rich-14.1.0 rich-toolkit-0.15.0 s3transfer-0.10.4 sentry-sdk-2.9.0 shellingham-1.5.4 six-1.17.0 sniffio-1.3.1 sqlalchemy-2.0.29 starlette-0.37.2 structlog-24.1.0 typer-0.16.1 typing-extensions-4.14.1 typing-inspection-0.4.1 tzdata-2025.2 ujson-5.11.0 urllib3-2.5.0 uvicorn-0.29.0 uvloop-0.21.0 vine-5.1.0 watchfiles-1.1.0 wcwidth-0.2.13 websockets-15.0.1
2025-08-21T18:13:49.9594488Z #35 20.90 WARNING: Running pip as the 'root' user can result in broken permissions and conflicting behaviour with the system package manager, possibly rendering your system unusable. It is recommended to use a virtual environment instead: https://pip.pypa.io/warnings/venv. Use the --root-user-action option if you know what you are doing and want to suppress this warning.
2025-08-21T18:13:49.9596687Z #35 21.00 
2025-08-21T18:13:49.9597093Z #35 21.00 [notice] A new release of pip is available: 25.0.1 -> 25.2
2025-08-21T18:13:49.9597690Z #35 21.00 [notice] To update, run: pip install --upgrade pip
2025-08-21T18:13:50.7964280Z #35 DONE 21.8s
2025-08-21T18:13:50.7964976Z 
2025-08-21T18:13:50.7966479Z #36 [celery_worker base 4/8] RUN if [ -n "" ] && [ -f "" ]; then         pip install -r requirements.txt -c "";     else         pip install -r requirements.txt;     fi
2025-08-21T18:13:50.8991335Z #36 ...
2025-08-21T18:13:50.8991696Z 
2025-08-21T18:13:50.8992338Z #50 [api base  5/13] COPY services/api/ ./services/api
2025-08-21T18:13:50.8993192Z #50 DONE 0.0s
2025-08-21T18:13:50.8993622Z 
2025-08-21T18:13:50.8993942Z #51 [api base  6/13] COPY services/common/ ./services/common
2025-08-21T18:13:50.8994488Z #51 DONE 0.0s
2025-08-21T18:13:50.8994679Z 
2025-08-21T18:13:50.8994899Z #52 [api base  7/13] COPY services/ingest/ ./services/ingest
2025-08-21T18:13:50.8995393Z #52 DONE 0.0s
2025-08-21T18:13:50.8995576Z 
2025-08-21T18:13:50.8995767Z #53 [api base  8/13] COPY services/etl/ ./services/etl
2025-08-21T18:13:50.8996225Z #53 DONE 0.0s
2025-08-21T18:13:50.8996722Z 
2025-08-21T18:13:50.8996860Z #54 [api base  9/13] COPY api/ ./api
2025-08-21T18:13:50.8997248Z #54 DONE 0.0s
2025-08-21T18:13:50.8997417Z 
2025-08-21T18:13:50.8997659Z #55 [api base 10/13] COPY services/api/alembic.ini ./alembic.ini
2025-08-21T18:13:50.8998175Z #55 DONE 0.0s
2025-08-21T18:13:50.8998348Z 
2025-08-21T18:13:50.8998736Z #56 [api base 11/13] COPY alembic/ ./alembic/
2025-08-21T18:13:50.8999304Z #56 DONE 0.0s
2025-08-21T18:13:51.0523399Z 
2025-08-21T18:13:51.0527013Z #57 [api base 12/13] COPY services/api/entrypoint.sh ./entrypoint.sh
2025-08-21T18:13:51.0527614Z #57 DONE 0.0s
2025-08-21T18:13:51.0527807Z 
2025-08-21T18:13:51.0528315Z #58 [api base 13/13] RUN chmod +x ./entrypoint.sh
2025-08-21T18:13:51.0528777Z #58 DONE 0.1s
2025-08-21T18:13:51.0528945Z 
2025-08-21T18:13:51.0529504Z #36 [celery_worker base 4/8] RUN if [ -n "" ] && [ -f "" ]; then         pip install -r requirements.txt -c "";     else         pip install -r requirements.txt;     fi
2025-08-21T18:13:52.1401641Z #36 ...
2025-08-21T18:13:52.1401868Z 
2025-08-21T18:13:52.1402127Z #59 [api stage-1 4/6] COPY --from=base /usr/local /usr/local
2025-08-21T18:13:54.0910477Z #59 DONE 2.0s
2025-08-21T18:13:54.0911152Z 
2025-08-21T18:13:54.0912123Z #36 [celery_worker base 4/8] RUN if [ -n "" ] && [ -f "" ]; then         pip install -r requirements.txt -c "";     else         pip install -r requirements.txt;     fi
2025-08-21T18:13:54.2531844Z #36 ...
2025-08-21T18:13:54.2532304Z 
2025-08-21T18:13:54.2532606Z #60 [api stage-1 5/6] COPY --from=base /app /app
2025-08-21T18:13:54.2533310Z #60 DONE 0.0s
2025-08-21T18:13:54.2533507Z 
2025-08-21T18:13:54.2533741Z #61 [api stage-1 6/6] RUN chmod +x /app/entrypoint.sh
2025-08-21T18:13:54.2534202Z #61 DONE 0.1s
2025-08-21T18:13:54.4051139Z 
2025-08-21T18:13:54.4051839Z #62 [api] exporting to image
2025-08-21T18:13:54.4052298Z #62 exporting layers
2025-08-21T18:13:56.5613394Z #62 exporting layers 2.3s done
2025-08-21T18:13:56.7345613Z #62 writing image sha256:3f28716246849e25431620c11ab7fe3aae19d3465bdbc12187b5a6d0f64cff6e done
2025-08-21T18:13:56.7346414Z #62 naming to docker.io/library/awa-app-api done
2025-08-21T18:13:56.7346752Z #62 DONE 2.3s
2025-08-21T18:13:56.7346874Z 
2025-08-21T18:13:56.7347007Z #63 [api] resolving provenance for metadata file
2025-08-21T18:13:56.7347318Z #63 DONE 0.0s
2025-08-21T18:13:56.7347502Z 
2025-08-21T18:13:56.7348074Z #36 [celery_worker base 4/8] RUN if [ -n "" ] && [ -f "" ]; then         pip install -r requirements.txt -c "";     else         pip install -r requirements.txt;     fi
2025-08-21T18:13:58.0268339Z #36 29.04 Successfully installed PyJWT-2.10.1 aiohappyeyeballs-2.6.1 aiohttp-3.12.15 aiosignal-1.4.0 amqp-5.3.1 annotated-types-0.7.0 attrs-25.3.0 billiard-4.2.1 boto3-1.40.14 botocore-1.40.14 cachetools-4.2.4 celery-5.3.6 certifi-2025.8.3 charset_normalizer-3.4.3 click-8.2.1 click-didyoumean-0.3.1 click-plugins-1.1.1.2 click-repl-0.3.0 confuse-1.4.0 et-xmlfile-2.0.0 frozenlist-1.7.0 idna-3.10 jmespath-1.0.1 keepa-1.3.14 kombu-5.5.4 minio-7.1.15 multidict-6.6.4 multimethod-1.10 mypy-extensions-1.1.0 numpy-1.26.4 openpyxl-3.1.5 packaging-25.0 pandas-2.2.3 pandera-0.19.3 prompt-toolkit-3.0.51 propcache-0.3.2 psycopg-3.2.9 psycopg-binary-3.2.9 psycopg2-binary-2.9.10 pycryptodome-3.23.0 pydantic-2.11.7 pydantic-core-2.33.2 pydantic-settings-2.2.1 python-amazon-sp-api-0.8.0 python-dateutil-2.9.0.post0 python-dotenv-1.1.1 pytz-2025.2 pyyaml-6.0.2 redis-5.3.1 requests-2.32.5 s3transfer-0.13.1 sentry-sdk-2.9.0 six-1.17.0 tqdm-4.67.1 typeguard-4.4.4 typing-extensions-4.14.1 typing-inspect-0.9.0 typing-inspection-0.4.1 tzdata-2025.2 urllib3-2.5.0 vine-5.1.0 wcwidth-0.2.13 wrapt-1.17.3 yarl-1.20.1
2025-08-21T18:13:58.1770013Z #36 29.05 WARNING: Running pip as the 'root' user can result in broken permissions and conflicting behaviour with the system package manager, possibly rendering your system unusable. It is recommended to use a virtual environment instead: https://pip.pypa.io/warnings/venv. Use the --root-user-action option if you know what you are doing and want to suppress this warning.
2025-08-21T18:13:58.1829891Z #36 29.20 
2025-08-21T18:13:58.1830456Z #36 29.20 [notice] A new release of pip is available: 25.0.1 -> 25.2
2025-08-21T18:13:58.1831226Z #36 29.20 [notice] To update, run: pip install --upgrade pip
2025-08-21T18:13:58.7667058Z #36 DONE 29.6s
2025-08-21T18:13:58.7667851Z 
2025-08-21T18:13:58.7668284Z #64 [etl base 5/8] COPY services/common/ ./services/common
2025-08-21T18:13:58.7668800Z #64 DONE 0.0s
2025-08-21T18:13:58.7668972Z 
2025-08-21T18:13:58.7669251Z #65 [celery_worker base 6/8] COPY services/ingest/ ./services/ingest
2025-08-21T18:13:58.7669930Z #65 DONE 0.0s
2025-08-21T18:13:58.7670109Z 
2025-08-21T18:13:58.7670629Z #66 [etl base 7/8] COPY services/etl/ ./services/etl
2025-08-21T18:13:58.7671104Z #66 DONE 0.0s
2025-08-21T18:13:58.7671286Z 
2025-08-21T18:13:58.7671686Z #67 [celery_worker base 8/8] RUN chmod +x services/etl/wait-for-it.sh services/etl/entrypoint.sh
2025-08-21T18:13:58.9171367Z #67 DONE 0.1s
2025-08-21T18:14:00.0709198Z 
2025-08-21T18:14:00.0710191Z #68 [etl stage-1 3/5] COPY --from=base /usr/local /usr/local
2025-08-21T18:14:02.8394602Z #68 DONE 2.6s
2025-08-21T18:14:02.8394827Z 
2025-08-21T18:14:02.8394956Z #69 [etl stage-1 4/5] COPY --from=base /app /app
2025-08-21T18:14:02.8395257Z #69 DONE 0.0s
2025-08-21T18:14:02.8395454Z 
2025-08-21T18:14:02.8396338Z #70 [etl stage-1 5/5] RUN set -eux;     if [ -f /etc/apt/sources.list ]; then         sed -i 's|http://deb.debian.org|https://deb.debian.org|g' /etc/apt/sources.list;     fi;     apt-get update;     apt-get install -y --no-install-recommends tzdata;     rm -rf /var/lib/apt/lists/*
2025-08-21T18:14:02.8397409Z #70 0.118 + [ -f /etc/apt/sources.list ]
2025-08-21T18:14:02.8397706Z #70 0.118 + apt-get update
2025-08-21T18:14:02.9470056Z #70 0.180 Hit:1 http://deb.debian.org/debian trixie InRelease
2025-08-21T18:14:02.9470701Z #70 0.185 Get:2 http://deb.debian.org/debian trixie-updates InRelease [47.1 kB]
2025-08-21T18:14:02.9471331Z #70 0.210 Get:3 http://deb.debian.org/debian-security trixie-security InRelease [43.4 kB]
2025-08-21T18:14:02.9471992Z #70 0.226 Get:4 http://deb.debian.org/debian trixie/main amd64 Packages [9668 kB]
2025-08-21T18:14:03.0541657Z #70 0.320 Get:5 http://deb.debian.org/debian trixie-updates/main amd64 Packages [2432 B]
2025-08-21T18:14:03.0542415Z #70 0.333 Get:6 http://deb.debian.org/debian-security trixie-security/main amd64 Packages [20.5 kB]
2025-08-21T18:14:03.6829049Z #70 0.962 Fetched 9781 kB in 1s (11.9 MB/s)
2025-08-21T18:14:04.1560792Z #70 0.962 Reading package lists...
2025-08-21T18:14:04.3243901Z #70 1.445 + apt-get install -y --no-install-recommends tzdata
2025-08-21T18:14:04.6553558Z #70 1.453 Reading package lists...
2025-08-21T18:14:04.7813054Z #70 1.942 Building dependency tree...
2025-08-21T18:14:04.7813571Z #70 2.060 Reading state information...
2025-08-21T18:14:04.9143995Z #70 2.193 tzdata is already the newest version (2025b-4).
2025-08-21T18:14:04.9144549Z #70 2.193 0 upgraded, 0 newly installed, 0 to remove and 0 not upgraded.
2025-08-21T18:14:05.0888736Z #70 2.194 + rm -rf /var/lib/apt/lists/auxfiles /var/lib/apt/lists/deb.debian.org_debian-security_dists_trixie-security_InRelease /var/lib/apt/lists/deb.debian.org_debian-security_dists_trixie-security_main_binary-amd64_Packages.lz4 /var/lib/apt/lists/deb.debian.org_debian_dists_trixie-updates_InRelease /var/lib/apt/lists/deb.debian.org_debian_dists_trixie-updates_main_binary-amd64_Packages.lz4 /var/lib/apt/lists/deb.debian.org_debian_dists_trixie_InRelease /var/lib/apt/lists/deb.debian.org_debian_dists_trixie_main_binary-amd64_Packages.lz4 /var/lib/apt/lists/lock /var/lib/apt/lists/partial
2025-08-21T18:14:05.0892527Z #70 DONE 2.2s
2025-08-21T18:14:05.0892715Z 
2025-08-21T18:14:05.0892905Z #71 [celery_worker] exporting to image
2025-08-21T18:14:05.0893318Z #71 exporting layers
2025-08-21T18:14:07.2071679Z #71 exporting layers 2.3s done
2025-08-21T18:14:07.2534247Z #71 writing image sha256:b48ad1827ffca1806e6aeec6d5993db231fa0983823df6ea2d39d337ffe1fe87 done
2025-08-21T18:14:07.2534804Z #71 naming to docker.io/library/awa-app-celery_worker done
2025-08-21T18:14:07.2535525Z  fees_h10  Built
2025-08-21T18:14:07.2535839Z #71 DONE 2.3s
2025-08-21T18:14:07.2535999Z 
2025-08-21T18:14:07.2536128Z #72 [etl] exporting to image
2025-08-21T18:14:07.2536483Z #72 exporting layers 2.3s done
2025-08-21T18:14:07.2537018Z #72 writing image sha256:b48ad1827ffca1806e6aeec6d5993db231fa0983823df6ea2d39d337ffe1fe87 done
2025-08-21T18:14:07.2537775Z #72 naming to docker.io/library/awa-app-etl done
2025-08-21T18:14:07.2538037Z #72 DONE 2.3s
2025-08-21T18:14:07.2538136Z 
2025-08-21T18:14:07.2538277Z #73 [celery_worker] resolving provenance for metadata file
2025-08-21T18:14:07.2538773Z #73 DONE 0.0s
2025-08-21T18:14:07.2538881Z 
2025-08-21T18:14:07.2538982Z #74 [etl] resolving provenance for metadata file
2025-08-21T18:14:07.2539223Z #74 DONE 0.0s
2025-08-21T18:14:07.2539386Z  celery_worker  Built
2025-08-21T18:14:07.2539564Z  etl  Built
2025-08-21T18:14:07.2539909Z  postgres  Built
2025-08-21T18:14:07.2540087Z  api  Built
2025-08-21T18:14:07.2600919Z ##[group]Run export COMPOSE_DOCKER_CLI_BUILD=1 DOCKER_BUILDKIT=1
2025-08-21T18:14:07.2601390Z [36;1mexport COMPOSE_DOCKER_CLI_BUILD=1 DOCKER_BUILDKIT=1[0m
2025-08-21T18:14:07.2601696Z [36;1mdocker compose \[0m
2025-08-21T18:14:07.2601918Z [36;1m  -f docker-compose.yml \[0m
2025-08-21T18:14:07.2602176Z [36;1m  -f docker-compose.ci.yml \[0m
2025-08-21T18:14:07.2602450Z [36;1m  -f docker-compose.postgres.yml \[0m
2025-08-21T18:14:07.2602695Z [36;1m  pull[0m
2025-08-21T18:14:07.2642257Z shell: /usr/bin/bash -e {0}
2025-08-21T18:14:07.2642478Z env:
2025-08-21T18:14:07.2642688Z   GITHUB_SHA: c0ff1be96e5c5326bfc2e01e5b37bc0129ef63b1
2025-08-21T18:14:07.2642980Z   PG_USER: postgres
2025-08-21T18:14:07.2643167Z   PG_PASSWORD: pass
2025-08-21T18:14:07.2643348Z   PG_DATABASE: awa
2025-08-21T18:14:07.2643518Z   PG_HOST: postgres
2025-08-21T18:14:07.2643694Z   PG_PORT: 5432
2025-08-21T18:14:07.2644189Z   PG_SYNC_DSN: ***localhost:5432/awa
2025-08-21T18:14:07.2644672Z   PG_ASYNC_DSN: ***localhost:5432/awa
2025-08-21T18:14:07.2645090Z   DATABASE_URL: ***postgres:5432/awa
2025-08-21T18:14:07.2645317Z   DATA_DIR: /tmp/awa-data
2025-08-21T18:14:07.2645515Z   ENABLE_LIVE: 0
2025-08-21T18:14:07.2645683Z   TESTING: 1
2025-08-21T18:14:07.2645839Z ##[endgroup]
2025-08-21T18:14:07.3814842Z  celery_worker Skipped - No image to be pulled 
2025-08-21T18:14:07.3815924Z  fees_h10 Skipped - No image to be pulled 
2025-08-21T18:14:07.3817114Z  postgres Skipped - No image to be pulled 
2025-08-21T18:14:07.3817874Z  etl Skipped - No image to be pulled 
2025-08-21T18:14:07.3818160Z  api Skipped - No image to be pulled 
2025-08-21T18:14:07.3818643Z  minio Pulling 
2025-08-21T18:14:07.3818825Z  redis Pulling 
2025-08-21T18:14:08.1624138Z  0368fd46e3c6 Pulling fs layer 
2025-08-21T18:14:08.1624658Z  4c55286bbede Pulling fs layer 
2025-08-21T18:14:08.1625020Z  5e28347af205 Pulling fs layer 
2025-08-21T18:14:08.1625297Z  311eca34042e Pulling fs layer 
2025-08-21T18:14:08.1625592Z  e6fe6f07e192 Pulling fs layer 
2025-08-21T18:14:08.1625876Z  a2cadbfeca72 Pulling fs layer 
2025-08-21T18:14:08.1626238Z  4f4fb700ef54 Pulling fs layer 
2025-08-21T18:14:08.1626508Z  a976ed7e7808 Pulling fs layer 
2025-08-21T18:14:08.1626773Z  e6fe6f07e192 Waiting 
2025-08-21T18:14:08.1627089Z  a2cadbfeca72 Waiting 
2025-08-21T18:14:08.1627316Z  a976ed7e7808 Waiting 
2025-08-21T18:14:08.1627540Z  4f4fb700ef54 Waiting 
2025-08-21T18:14:08.1627858Z  311eca34042e Waiting 
2025-08-21T18:14:08.1976328Z  dd15713b0f22 Pulling fs layer 
2025-08-21T18:14:08.1976845Z  fd312a3c94fc Pulling fs layer 
2025-08-21T18:14:08.1977273Z  02e05d20c69e Pulling fs layer 
2025-08-21T18:14:08.1977542Z  dd15713b0f22 Waiting 
2025-08-21T18:14:08.1977842Z  1f08d9fb7d7d Pulling fs layer 
2025-08-21T18:14:08.1978263Z  fd312a3c94fc Waiting 
2025-08-21T18:14:08.1978578Z  b452b5fb7338 Pulling fs layer 
2025-08-21T18:14:08.1978840Z  02e05d20c69e Waiting 
2025-08-21T18:14:08.1979077Z  e14ab7c7ae26 Pulling fs layer 
2025-08-21T18:14:08.1979389Z  1f08d9fb7d7d Waiting 
2025-08-21T18:14:08.1980366Z  3bf7f4428838 Pulling fs layer 
2025-08-21T18:14:08.1980785Z  b452b5fb7338 Waiting 
2025-08-21T18:14:08.1981177Z  adc9ba906e83 Pulling fs layer 
2025-08-21T18:14:08.1981588Z  1611ffcaf8be Pulling fs layer 
2025-08-21T18:14:08.1982008Z  e14ab7c7ae26 Waiting 
2025-08-21T18:14:08.1982363Z  3bf7f4428838 Waiting 
2025-08-21T18:14:08.1982723Z  1611ffcaf8be Waiting 
2025-08-21T18:14:08.1983082Z  adc9ba906e83 Waiting 
2025-08-21T18:14:08.4222615Z  5e28347af205 Downloading [>                                                  ]    2.3kB/173.2kB
2025-08-21T18:14:08.4252824Z  0368fd46e3c6 Downloading [>                                                  ]  36.95kB/3.638MB
2025-08-21T18:14:08.4802061Z  5e28347af205 Verifying Checksum 
2025-08-21T18:14:08.4802630Z  5e28347af205 Download complete 
2025-08-21T18:14:08.4990218Z  4c55286bbede Downloading [=================================================> ]     934B/950B
2025-08-21T18:14:08.4991442Z  4c55286bbede Downloading [==================================================>]     950B/950B
2025-08-21T18:14:08.4991904Z  4c55286bbede Verifying Checksum 
2025-08-21T18:14:08.4992190Z  4c55286bbede Download complete 
2025-08-21T18:14:08.5262595Z  0368fd46e3c6 Downloading [========================>                          ]  1.755MB/3.638MB
2025-08-21T18:14:08.5509492Z  0368fd46e3c6 Downloading [==================================================>]  3.638MB/3.638MB
2025-08-21T18:14:08.5510770Z  0368fd46e3c6 Download complete 
2025-08-21T18:14:08.5520120Z  0368fd46e3c6 Extracting [>                                                  ]  65.54kB/3.638MB
2025-08-21T18:14:08.6354132Z  0368fd46e3c6 Extracting [==================================================>]  3.638MB/3.638MB
2025-08-21T18:14:08.6541326Z  0368fd46e3c6 Pull complete 
2025-08-21T18:14:08.6552229Z  4c55286bbede Extracting [==================================================>]     950B/950B
2025-08-21T18:14:08.6556411Z  4c55286bbede Extracting [==================================================>]     950B/950B
2025-08-21T18:14:08.6743115Z  4c55286bbede Pull complete 
2025-08-21T18:14:08.6756136Z  5e28347af205 Extracting [=========>                                         ]  32.77kB/173.2kB
2025-08-21T18:14:08.6771733Z  5e28347af205 Extracting [==================================================>]  173.2kB/173.2kB
2025-08-21T18:14:08.6987835Z  5e28347af205 Extracting [==================================================>]  173.2kB/173.2kB
2025-08-21T18:14:08.7421162Z  311eca34042e Downloading [>                                                  ]  11.03kB/1.003MB
2025-08-21T18:14:08.7474809Z  a2cadbfeca72 Downloading [==================================================>]      99B/99B
2025-08-21T18:14:08.7476947Z  a2cadbfeca72 Verifying Checksum 
2025-08-21T18:14:08.7478349Z  a2cadbfeca72 Download complete 
2025-08-21T18:14:08.7692336Z  e6fe6f07e192 Downloading [>                                                  ]  127.9kB/12.41MB
2025-08-21T18:14:08.7914230Z  311eca34042e Downloading [==================================================>]  1.003MB/1.003MB
2025-08-21T18:14:08.7914878Z  311eca34042e Verifying Checksum 
2025-08-21T18:14:08.7915287Z  311eca34042e Download complete 
2025-08-21T18:14:08.8038301Z  5e28347af205 Pull complete 
2025-08-21T18:14:08.8048882Z  311eca34042e Extracting [=>                                                 ]  32.77kB/1.003MB
2025-08-21T18:14:08.8228063Z  311eca34042e Extracting [==================================================>]  1.003MB/1.003MB
2025-08-21T18:14:08.8232212Z  311eca34042e Extracting [==================================================>]  1.003MB/1.003MB
2025-08-21T18:14:08.8303958Z  311eca34042e Pull complete 
2025-08-21T18:14:08.8694472Z  e6fe6f07e192 Downloading [==========>                                        ]  2.503MB/12.41MB
2025-08-21T18:14:08.9853965Z  e6fe6f07e192 Downloading [===========================>                       ]  6.732MB/12.41MB
2025-08-21T18:14:08.9982965Z  4f4fb700ef54 Downloading [==================================================>]      32B/32B
2025-08-21T18:14:08.9983940Z  4f4fb700ef54 Verifying Checksum 
2025-08-21T18:14:08.9984356Z  4f4fb700ef54 Download complete 
2025-08-21T18:14:09.0007635Z  a976ed7e7808 Downloading [==================================================>]     574B/574B
2025-08-21T18:14:09.0008224Z  a976ed7e7808 Verifying Checksum 
2025-08-21T18:14:09.0008514Z  a976ed7e7808 Download complete 
2025-08-21T18:14:09.0899371Z  e6fe6f07e192 Downloading [============================================>      ]   11.1MB/12.41MB
2025-08-21T18:14:09.1061925Z  e6fe6f07e192 Verifying Checksum 
2025-08-21T18:14:09.1062374Z  e6fe6f07e192 Download complete 
2025-08-21T18:14:09.1075334Z  e6fe6f07e192 Extracting [>                                                  ]  131.1kB/12.41MB
2025-08-21T18:14:09.2081398Z  e6fe6f07e192 Extracting [============================>                      ]  7.078MB/12.41MB
2025-08-21T18:14:09.2225023Z  fd312a3c94fc Downloading [>                                                  ]  16.51kB/1.637MB
2025-08-21T18:14:09.2702761Z  e6fe6f07e192 Extracting [==================================================>]  12.41MB/12.41MB
2025-08-21T18:14:09.2866865Z  fd312a3c94fc Verifying Checksum 
2025-08-21T18:14:09.2867423Z  fd312a3c94fc Download complete 
2025-08-21T18:14:09.2902733Z  e6fe6f07e192 Pull complete 
2025-08-21T18:14:09.2917390Z  a2cadbfeca72 Extracting [==================================================>]      99B/99B
2025-08-21T18:14:09.2969988Z  a2cadbfeca72 Extracting [==================================================>]      99B/99B
2025-08-21T18:14:09.3080807Z  a2cadbfeca72 Pull complete 
2025-08-21T18:14:09.3087601Z  02e05d20c69e Downloading [>                                                  ]    2.3kB/122.7kB
2025-08-21T18:14:09.3093649Z  4f4fb700ef54 Extracting [==================================================>]      32B/32B
2025-08-21T18:14:09.3097741Z  4f4fb700ef54 Extracting [==================================================>]      32B/32B
2025-08-21T18:14:09.3154519Z  4f4fb700ef54 Pull complete 
2025-08-21T18:14:09.3164797Z  a976ed7e7808 Extracting [==================================================>]     574B/574B
2025-08-21T18:14:09.3168996Z  a976ed7e7808 Extracting [==================================================>]     574B/574B
2025-08-21T18:14:09.3234772Z  02e05d20c69e Verifying Checksum 
2025-08-21T18:14:09.3235364Z  02e05d20c69e Download complete 
2025-08-21T18:14:09.3247011Z  a976ed7e7808 Pull complete 
2025-08-21T18:14:09.3300606Z  dd15713b0f22 Downloading [>                                                  ]  75.85kB/7.24MB
2025-08-21T18:14:09.3305282Z  redis Pulled 
2025-08-21T18:14:09.4308649Z  dd15713b0f22 Downloading [=======>                                           ]  1.052MB/7.24MB
2025-08-21T18:14:09.5294218Z  dd15713b0f22 Verifying Checksum 
2025-08-21T18:14:09.5294961Z  dd15713b0f22 Download complete 
2025-08-21T18:14:09.5300826Z  dd15713b0f22 Extracting [>                                                  ]   98.3kB/7.24MB
2025-08-21T18:14:09.5437889Z  1f08d9fb7d7d Downloading [>                                                  ]  409.1kB/39.39MB
2025-08-21T18:14:09.5575343Z  b452b5fb7338 Downloading [>                                                  ]  114.7kB/11.19MB
2025-08-21T18:14:09.6318723Z  dd15713b0f22 Extracting [==============>                                    ]  2.163MB/7.24MB
2025-08-21T18:14:09.6442787Z  1f08d9fb7d7d Downloading [============>                                      ]  10.08MB/39.39MB
2025-08-21T18:14:09.6605792Z  b452b5fb7338 Downloading [========================>                          ]  5.483MB/11.19MB
2025-08-21T18:14:09.7482272Z  1f08d9fb7d7d Downloading [====================>                              ]  16.53MB/39.39MB
2025-08-21T18:14:09.7554341Z  dd15713b0f22 Extracting [============================================>      ]  6.488MB/7.24MB
2025-08-21T18:14:09.7614427Z  b452b5fb7338 Downloading [===============================================>   ]  10.69MB/11.19MB
2025-08-21T18:14:09.7648978Z  b452b5fb7338 Verifying Checksum 
2025-08-21T18:14:09.7650110Z  b452b5fb7338 Download complete 
2025-08-21T18:14:09.7815000Z  dd15713b0f22 Extracting [==================================================>]   7.24MB/7.24MB
2025-08-21T18:14:09.7912063Z  dd15713b0f22 Pull complete 
2025-08-21T18:14:09.7922116Z  fd312a3c94fc Extracting [=>                                                 ]  32.77kB/1.637MB
2025-08-21T18:14:09.8257154Z  fd312a3c94fc Extracting [==================================================>]  1.637MB/1.637MB
2025-08-21T18:14:09.8277248Z  fd312a3c94fc Extracting [==================================================>]  1.637MB/1.637MB
2025-08-21T18:14:09.8577482Z  1f08d9fb7d7d Downloading [===============================>                   ]  24.98MB/39.39MB
2025-08-21T18:14:09.8625837Z  e14ab7c7ae26 Downloading [>                                                  ]  24.68kB/2.402MB
2025-08-21T18:14:09.8808811Z  fd312a3c94fc Pull complete 
2025-08-21T18:14:09.8821867Z  02e05d20c69e Extracting [=============>                                     ]  32.77kB/122.7kB
2025-08-21T18:14:09.8832475Z  02e05d20c69e Extracting [==================================================>]  122.7kB/122.7kB
2025-08-21T18:14:09.8940203Z  02e05d20c69e Pull complete 
2025-08-21T18:14:09.9628771Z  1f08d9fb7d7d Downloading [=====================================>             ]  29.44MB/39.39MB
2025-08-21T18:14:09.9823162Z  e14ab7c7ae26 Downloading [========>                                          ]  397.4kB/2.402MB
2025-08-21T18:14:10.0704673Z  1f08d9fb7d7d Downloading [==============================================>    ]  36.34MB/39.39MB
2025-08-21T18:14:10.0705755Z  e14ab7c7ae26 Verifying Checksum 
2025-08-21T18:14:10.0706211Z  e14ab7c7ae26 Download complete 
2025-08-21T18:14:10.0869923Z  3bf7f4428838 Downloading [>                                                  ]  2.302kB/180.3kB
2025-08-21T18:14:10.1152660Z  1f08d9fb7d7d Verifying Checksum 
2025-08-21T18:14:10.1153236Z  1f08d9fb7d7d Download complete 
2025-08-21T18:14:10.1302308Z  1f08d9fb7d7d Extracting [>                                                  ]    426kB/39.39MB
2025-08-21T18:14:10.1802078Z  3bf7f4428838 Verifying Checksum 
2025-08-21T18:14:10.1802531Z  3bf7f4428838 Download complete 
2025-08-21T18:14:10.2326532Z  1f08d9fb7d7d Extracting [===========>                                       ]  8.946MB/39.39MB
2025-08-21T18:14:10.3342127Z  1f08d9fb7d7d Extracting [=====================>                             ]  16.61MB/39.39MB
2025-08-21T18:14:10.3400513Z  adc9ba906e83 Downloading [=====>                                             ]  1.369kB/11.88kB
2025-08-21T18:14:10.3430497Z  adc9ba906e83 Downloading [==================================================>]  11.88kB/11.88kB
2025-08-21T18:14:10.3431149Z  adc9ba906e83 Download complete 
2025-08-21T18:14:10.4357032Z  1f08d9fb7d7d Extracting [=====================================>             ]  29.39MB/39.39MB
2025-08-21T18:14:10.5409908Z  1f08d9fb7d7d Extracting [================================================>  ]  37.91MB/39.39MB
2025-08-21T18:14:10.5547749Z  1611ffcaf8be Downloading [==================================================>]     498B/498B
2025-08-21T18:14:10.5548831Z  1611ffcaf8be Verifying Checksum 
2025-08-21T18:14:10.5550430Z  1611ffcaf8be Download complete 
2025-08-21T18:14:10.5586617Z  1f08d9fb7d7d Extracting [==================================================>]  39.39MB/39.39MB
2025-08-21T18:14:10.6002352Z  1f08d9fb7d7d Pull complete 
2025-08-21T18:14:10.6025710Z  b452b5fb7338 Extracting [>                                                  ]  131.1kB/11.19MB
2025-08-21T18:14:10.7036105Z  b452b5fb7338 Extracting [=====================================>             ]  8.389MB/11.19MB
2025-08-21T18:14:10.7320293Z  b452b5fb7338 Extracting [==================================================>]  11.19MB/11.19MB
2025-08-21T18:14:10.7478044Z  b452b5fb7338 Pull complete 
2025-08-21T18:14:10.7490076Z  e14ab7c7ae26 Extracting [>                                                  ]  32.77kB/2.402MB
2025-08-21T18:14:10.7764578Z  e14ab7c7ae26 Extracting [==================================================>]  2.402MB/2.402MB
2025-08-21T18:14:10.7860290Z  e14ab7c7ae26 Pull complete 
2025-08-21T18:14:10.7874315Z  3bf7f4428838 Extracting [=========>                                         ]  32.77kB/180.3kB
2025-08-21T18:14:10.7935207Z  3bf7f4428838 Extracting [==================================================>]  180.3kB/180.3kB
2025-08-21T18:14:10.7949085Z  3bf7f4428838 Extracting [==================================================>]  180.3kB/180.3kB
2025-08-21T18:14:10.8033855Z  3bf7f4428838 Pull complete 
2025-08-21T18:14:10.8050140Z  adc9ba906e83 Extracting [==================================================>]  11.88kB/11.88kB
2025-08-21T18:14:10.8054246Z  adc9ba906e83 Extracting [==================================================>]  11.88kB/11.88kB
2025-08-21T18:14:10.8128951Z  adc9ba906e83 Pull complete 
2025-08-21T18:14:10.8142710Z  1611ffcaf8be Extracting [==================================================>]     498B/498B
2025-08-21T18:14:10.8146881Z  1611ffcaf8be Extracting [==================================================>]     498B/498B
2025-08-21T18:14:10.8238283Z  1611ffcaf8be Pull complete 
2025-08-21T18:14:10.8301002Z  minio Pulled 
2025-08-21T18:14:10.8371245Z ##[group]Run export COMPOSE_DOCKER_CLI_BUILD=1 DOCKER_BUILDKIT=1
2025-08-21T18:14:10.8371687Z [36;1mexport COMPOSE_DOCKER_CLI_BUILD=1 DOCKER_BUILDKIT=1[0m
2025-08-21T18:14:10.8371991Z [36;1mdocker compose \[0m
2025-08-21T18:14:10.8372206Z [36;1m  -f docker-compose.yml \[0m
2025-08-21T18:14:10.8372447Z [36;1m  -f docker-compose.ci.yml \[0m
2025-08-21T18:14:10.8372707Z [36;1m  -f docker-compose.postgres.yml \[0m
2025-08-21T18:14:10.8372998Z [36;1m  up -d --wait --no-build --pull always[0m
2025-08-21T18:14:10.8413334Z shell: /usr/bin/bash -e {0}
2025-08-21T18:14:10.8413550Z env:
2025-08-21T18:14:10.8413767Z   GITHUB_SHA: c0ff1be96e5c5326bfc2e01e5b37bc0129ef63b1
2025-08-21T18:14:10.8414047Z   PG_USER: postgres
2025-08-21T18:14:10.8414239Z   PG_PASSWORD: pass
2025-08-21T18:14:10.8414424Z   PG_DATABASE: awa
2025-08-21T18:14:10.8414627Z   PG_HOST: postgres
2025-08-21T18:14:10.8414801Z   PG_PORT: 5432
2025-08-21T18:14:10.8415409Z   PG_SYNC_DSN: ***localhost:5432/awa
2025-08-21T18:14:10.8415857Z   PG_ASYNC_DSN: ***localhost:5432/awa
2025-08-21T18:14:10.8416238Z   DATABASE_URL: ***postgres:5432/awa
2025-08-21T18:14:10.8416475Z   DATA_DIR: /tmp/awa-data
2025-08-21T18:14:10.8416667Z   ENABLE_LIVE: 0
2025-08-21T18:14:10.8416841Z   TESTING: 1
2025-08-21T18:14:10.8416998Z ##[endgroup]
2025-08-21T18:14:10.9562457Z  minio Pulling 
2025-08-21T18:14:10.9563579Z  redis Pulling 
2025-08-21T18:14:11.3308338Z  redis Pulled 
2025-08-21T18:14:11.3798414Z  minio Pulled 
2025-08-21T18:14:11.3849995Z  Network awa-app_awa-net  Creating
2025-08-21T18:14:11.4192770Z  Network awa-app_awa-net  Created
2025-08-21T18:14:11.4235829Z  Volume "awa-app_awa-data"  Creating
2025-08-21T18:14:11.4248741Z  Volume "awa-app_awa-data"  Created
2025-08-21T18:14:11.4252705Z  Volume "awa-app_awa-pgdata"  Creating
2025-08-21T18:14:11.4260238Z  Volume "awa-app_awa-pgdata"  Created
2025-08-21T18:14:11.4263424Z  Volume "awa-app_miniodata"  Creating
2025-08-21T18:14:11.4270348Z  Volume "awa-app_miniodata"  Created
2025-08-21T18:14:11.4275817Z  Container awa-app-postgres-1  Creating
2025-08-21T18:14:11.4276453Z  Container awa-app-minio-1  Creating
2025-08-21T18:14:11.4277008Z  Container awa-app-redis-1  Creating
2025-08-21T18:14:11.4532125Z  Container awa-app-minio-1  Created
2025-08-21T18:14:11.4532634Z  Container awa-app-postgres-1  Created
2025-08-21T18:14:11.4533057Z  Container awa-app-etl-1  Creating
2025-08-21T18:14:11.4533855Z  Container awa-app-api-1  Creating
2025-08-21T18:14:11.4546389Z  Container awa-app-redis-1  Created
2025-08-21T18:14:11.4546927Z  Container awa-app-celery_worker-1  Creating
2025-08-21T18:14:11.4547415Z  Container awa-app-fees_h10-1  Creating
2025-08-21T18:14:11.4734742Z  Container awa-app-celery_worker-1  Created
2025-08-21T18:14:11.4735791Z  Container awa-app-api-1  Created
2025-08-21T18:14:11.4741597Z  Container awa-app-etl-1  Created
2025-08-21T18:14:11.4747543Z  Container awa-app-fees_h10-1  Created
2025-08-21T18:14:11.4765786Z  Container awa-app-minio-1  Starting
2025-08-21T18:14:11.4766528Z  Container awa-app-redis-1  Starting
2025-08-21T18:14:11.4768378Z  Container awa-app-postgres-1  Starting
2025-08-21T18:14:11.7312206Z  Container awa-app-redis-1  Started
2025-08-21T18:14:11.7340394Z  Container awa-app-postgres-1  Started
2025-08-21T18:14:11.7341094Z  Container awa-app-postgres-1  Waiting
2025-08-21T18:14:11.7341815Z  Container awa-app-redis-1  Waiting
2025-08-21T18:14:11.7342397Z  Container awa-app-postgres-1  Waiting
2025-08-21T18:14:11.7342844Z  Container awa-app-postgres-1  Waiting
2025-08-21T18:14:11.7500580Z  Container awa-app-minio-1  Started
2025-08-21T18:14:11.7502257Z  Container awa-app-postgres-1  Waiting
2025-08-21T18:14:17.2351717Z  Container awa-app-redis-1  Healthy
2025-08-21T18:14:17.2352916Z  Container awa-app-postgres-1  Healthy
2025-08-21T18:14:17.2353932Z  Container awa-app-api-1  Starting
2025-08-21T18:14:17.2355277Z  Container awa-app-postgres-1  Healthy
2025-08-21T18:14:17.2356127Z  Container awa-app-fees_h10-1  Starting
2025-08-21T18:14:17.2357934Z  Container awa-app-postgres-1  Healthy
2025-08-21T18:14:17.2359027Z  Container awa-app-celery_worker-1  Starting
2025-08-21T18:14:17.2530845Z  Container awa-app-postgres-1  Healthy
2025-08-21T18:14:17.2531459Z  Container awa-app-etl-1  Starting
2025-08-21T18:14:17.4302487Z  Container awa-app-celery_worker-1  Started
2025-08-21T18:14:17.4415068Z  Container awa-app-etl-1  Started
2025-08-21T18:14:17.4563822Z  Container awa-app-fees_h10-1  Started
2025-08-21T18:14:17.4737846Z  Container awa-app-api-1  Started
2025-08-21T18:14:17.4738777Z  Container awa-app-api-1  Waiting
2025-08-21T18:14:17.4739463Z  Container awa-app-celery_worker-1  Waiting
2025-08-21T18:14:17.4740700Z  Container awa-app-etl-1  Waiting
2025-08-21T18:14:17.4741325Z  Container awa-app-postgres-1  Waiting
2025-08-21T18:14:17.4741793Z  Container awa-app-redis-1  Waiting
2025-08-21T18:14:17.4742473Z  Container awa-app-fees_h10-1  Waiting
2025-08-21T18:14:17.4743041Z  Container awa-app-minio-1  Waiting
2025-08-21T18:14:17.9773906Z  Container awa-app-redis-1  Healthy
2025-08-21T18:14:17.9775043Z  Container awa-app-minio-1  Healthy
2025-08-21T18:14:17.9778663Z  Container awa-app-postgres-1  Healthy
2025-08-21T18:14:22.9759937Z  Container awa-app-etl-1  Healthy
2025-08-21T18:14:22.9760522Z  Container awa-app-api-1  Healthy
2025-08-21T18:14:47.9751405Z  Container awa-app-fees_h10-1  Healthy
2025-08-21T18:16:21.9755061Z container awa-app-celery_worker-1 is unhealthy
2025-08-21T18:16:21.9807334Z ##[error]Process completed with exit code 1.
2025-08-21T18:16:21.9867004Z ##[group]Run export COMPOSE_DOCKER_CLI_BUILD=1
2025-08-21T18:16:21.9867352Z [36;1mexport COMPOSE_DOCKER_CLI_BUILD=1[0m
2025-08-21T18:16:21.9867609Z [36;1mexport DOCKER_BUILDKIT=1[0m
2025-08-21T18:16:21.9867843Z [36;1mdocker compose logs > logs.txt[0m
2025-08-21T18:16:21.9907381Z shell: /usr/bin/bash -e {0}
2025-08-21T18:16:21.9907609Z env:
2025-08-21T18:16:21.9907846Z   GITHUB_SHA: c0ff1be96e5c5326bfc2e01e5b37bc0129ef63b1
2025-08-21T18:16:21.9908128Z   PG_USER: postgres
2025-08-21T18:16:21.9908311Z   PG_PASSWORD: pass
2025-08-21T18:16:21.9908500Z   PG_DATABASE: awa
2025-08-21T18:16:21.9908687Z   PG_HOST: postgres
2025-08-21T18:16:21.9908861Z   PG_PORT: 5432
2025-08-21T18:16:21.9909348Z   PG_SYNC_DSN: ***localhost:5432/awa
2025-08-21T18:16:21.9910432Z   PG_ASYNC_DSN: ***localhost:5432/awa
2025-08-21T18:16:21.9910823Z   DATABASE_URL: ***postgres:5432/awa
2025-08-21T18:16:21.9911049Z   DATA_DIR: /tmp/awa-data
2025-08-21T18:16:21.9911247Z   ENABLE_LIVE: 0
2025-08-21T18:16:21.9911451Z   TESTING: 1
2025-08-21T18:16:21.9911610Z ##[endgroup]
2025-08-21T18:16:22.0987701Z ##[group]Run actions/upload-artifact@v4
2025-08-21T18:16:22.0987975Z with:
2025-08-21T18:16:22.0988148Z   name: docker-logs
2025-08-21T18:16:22.0988334Z   path: logs.txt
2025-08-21T18:16:22.0988529Z   if-no-files-found: warn
2025-08-21T18:16:22.0988738Z   compression-level: 6
2025-08-21T18:16:22.0989131Z   overwrite: false
2025-08-21T18:16:22.0989321Z   include-hidden-files: false
2025-08-21T18:16:22.0989516Z env:
2025-08-21T18:16:22.0990248Z   GITHUB_SHA: c0ff1be96e5c5326bfc2e01e5b37bc0129ef63b1
2025-08-21T18:16:22.0990537Z   PG_USER: postgres
2025-08-21T18:16:22.0990730Z   PG_PASSWORD: pass
2025-08-21T18:16:22.0990908Z   PG_DATABASE: awa
2025-08-21T18:16:22.0991083Z   PG_HOST: postgres
2025-08-21T18:16:22.0991247Z   PG_PORT: 5432
2025-08-21T18:16:22.0991744Z   PG_SYNC_DSN: ***localhost:5432/awa
2025-08-21T18:16:22.0992137Z   PG_ASYNC_DSN: ***localhost:5432/awa
2025-08-21T18:16:22.0992511Z   DATABASE_URL: ***postgres:5432/awa
2025-08-21T18:16:22.0992763Z   DATA_DIR: /tmp/awa-data
2025-08-21T18:16:22.0992951Z   ENABLE_LIVE: 0
2025-08-21T18:16:22.0993119Z   TESTING: 1
2025-08-21T18:16:22.0993272Z ##[endgroup]
2025-08-21T18:16:22.3220020Z With the provided path, there will be 1 file uploaded
2025-08-21T18:16:22.3224841Z Artifact name is valid!
2025-08-21T18:16:22.3226349Z Root directory input is valid!
2025-08-21T18:16:22.4973328Z Beginning upload of artifact content to blob storage
2025-08-21T18:16:22.6845641Z Uploaded bytes 3500
2025-08-21T18:16:22.7285797Z Finished uploading artifact content to blob storage!
2025-08-21T18:16:22.7289317Z SHA256 digest of uploaded artifact zip is e91e52e8f072595f04606be159839f301d081edd55077d54b52aae6829bf3d27
2025-08-21T18:16:22.7291529Z Finalizing artifact upload
2025-08-21T18:16:22.8351745Z Artifact docker-logs.zip successfully finalized. Artifact ID 3821714193
2025-08-21T18:16:22.8352948Z Artifact docker-logs has been successfully uploaded! Final size is 3500 bytes. Artifact ID is 3821714193
2025-08-21T18:16:22.8359491Z Artifact download URL: https://github.com/AlexBomber12/AWA-App/actions/runs/17135198603/artifacts/3821714193
2025-08-21T18:16:22.8513009Z Post job cleanup.
2025-08-21T18:16:22.9314801Z [command]/usr/bin/git version
2025-08-21T18:16:22.9351956Z git version 2.51.0
2025-08-21T18:16:22.9387880Z Temporarily overriding HOME='/home/runner/work/_temp/69a760c7-4058-42d9-913c-b6db32933a9f' before making global git config changes
2025-08-21T18:16:22.9389043Z Adding repository directory to the temporary git global config as a safe directory
2025-08-21T18:16:22.9393862Z [command]/usr/bin/git config --global --add safe.directory /home/runner/work/AWA-App/AWA-App
2025-08-21T18:16:22.9430231Z [command]/usr/bin/git config --local --name-only --get-regexp core\.sshCommand
2025-08-21T18:16:22.9462177Z [command]/usr/bin/git submodule foreach --recursive sh -c "git config --local --name-only --get-regexp 'core\.sshCommand' && git config --local --unset-all 'core.sshCommand' || :"
2025-08-21T18:16:22.9697323Z [command]/usr/bin/git config --local --name-only --get-regexp http\.https\:\/\/github\.com\/\.extraheader
2025-08-21T18:16:22.9722040Z http.https://github.com/.extraheader
2025-08-21T18:16:22.9733912Z [command]/usr/bin/git config --local --unset-all http.https://github.com/.extraheader
2025-08-21T18:16:22.9768614Z [command]/usr/bin/git submodule foreach --recursive sh -c "git config --local --name-only --get-regexp 'http\.https\:\/\/github\.com\/\.extraheader' && git config --local --unset-all 'http.https://github.com/.extraheader' || :"
2025-08-21T18:16:23.0117027Z Cleaning up orphan processes
