2025-08-19T15:42:10.0739095Z Current runner version: '2.327.1'
2025-08-19T15:42:10.0765191Z ##[group]Runner Image Provisioner
2025-08-19T15:42:10.0765987Z Hosted Compute Agent
2025-08-19T15:42:10.0766525Z Version: 20250818.377
2025-08-19T15:42:10.0767077Z Commit: 3c593e9f75fe0b87e893bca80d6e12ba089c61fc
2025-08-19T15:42:10.0767837Z Build Date: 2025-08-18T14:52:18Z
2025-08-19T15:42:10.0768385Z ##[endgroup]
2025-08-19T15:42:10.0768913Z ##[group]Operating System
2025-08-19T15:42:10.0769723Z Ubuntu
2025-08-19T15:42:10.0770182Z 24.04.2
2025-08-19T15:42:10.0770637Z LTS
2025-08-19T15:42:10.0771132Z ##[endgroup]
2025-08-19T15:42:10.0771670Z ##[group]Runner Image
2025-08-19T15:42:10.0772217Z Image: ubuntu-24.04
2025-08-19T15:42:10.0772778Z Version: 20250810.1.0
2025-08-19T15:42:10.0773730Z Included Software: https://github.com/actions/runner-images/blob/ubuntu24/20250810.1/images/ubuntu/Ubuntu2404-Readme.md
2025-08-19T15:42:10.0775286Z Image Release: https://github.com/actions/runner-images/releases/tag/ubuntu24%2F20250810.1
2025-08-19T15:42:10.0776229Z ##[endgroup]
2025-08-19T15:42:10.0778514Z ##[group]GITHUB_TOKEN Permissions
2025-08-19T15:42:10.0780986Z Actions: read
2025-08-19T15:42:10.0781562Z Attestations: read
2025-08-19T15:42:10.0782098Z Checks: read
2025-08-19T15:42:10.0782601Z Contents: read
2025-08-19T15:42:10.0783061Z Deployments: read
2025-08-19T15:42:10.0783599Z Discussions: read
2025-08-19T15:42:10.0784096Z Issues: read
2025-08-19T15:42:10.0784573Z Metadata: read
2025-08-19T15:42:10.0785099Z Models: read
2025-08-19T15:42:10.0785567Z Packages: read
2025-08-19T15:42:10.0786058Z Pages: read
2025-08-19T15:42:10.0786491Z PullRequests: read
2025-08-19T15:42:10.0787108Z RepositoryProjects: read
2025-08-19T15:42:10.0787625Z SecurityEvents: read
2025-08-19T15:42:10.0788211Z Statuses: read
2025-08-19T15:42:10.0788884Z ##[endgroup]
2025-08-19T15:42:10.0791765Z Secret source: Dependabot
2025-08-19T15:42:10.0792654Z Prepare workflow directory
2025-08-19T15:42:10.1130883Z Prepare all required actions
2025-08-19T15:42:10.1171646Z Getting action download info
2025-08-19T15:42:10.5805985Z Download action repository 'actions/checkout@v4' (SHA:08eba0b27e820071cde6df949e0beb9ba4906955)
2025-08-19T15:42:11.1297768Z Download action repository 'actions/upload-artifact@v4' (SHA:ea165f8d65b6e75b540449e92b4886f43607fa02)
2025-08-19T15:42:12.2230025Z Complete job name: compose-health
2025-08-19T15:42:12.3010619Z ##[group]Run actions/checkout@v4
2025-08-19T15:42:12.3011836Z with:
2025-08-19T15:42:12.3012489Z   repository: AlexBomber12/AWA-App
2025-08-19T15:42:12.3013482Z   token: ***
2025-08-19T15:42:12.3014089Z   ssh-strict: true
2025-08-19T15:42:12.3014703Z   ssh-user: git
2025-08-19T15:42:12.3015329Z   persist-credentials: true
2025-08-19T15:42:12.3016010Z   clean: true
2025-08-19T15:42:12.3016643Z   sparse-checkout-cone-mode: true
2025-08-19T15:42:12.3017348Z   fetch-depth: 1
2025-08-19T15:42:12.3017957Z   fetch-tags: false
2025-08-19T15:42:12.3018580Z   show-progress: true
2025-08-19T15:42:12.3019203Z   lfs: false
2025-08-19T15:42:12.3019973Z   submodules: false
2025-08-19T15:42:12.3020636Z   set-safe-directory: true
2025-08-19T15:42:12.3021567Z ##[endgroup]
2025-08-19T15:42:12.4133969Z Syncing repository: AlexBomber12/AWA-App
2025-08-19T15:42:12.4136217Z ##[group]Getting Git version info
2025-08-19T15:42:12.4137164Z Working directory is '/home/runner/work/AWA-App/AWA-App'
2025-08-19T15:42:12.4138566Z [command]/usr/bin/git version
2025-08-19T15:42:12.4178487Z git version 2.50.1
2025-08-19T15:42:12.4204953Z ##[endgroup]
2025-08-19T15:42:12.4219286Z Temporarily overriding HOME='/home/runner/work/_temp/f7a483d8-bb6e-44e9-a0aa-625b40f045cc' before making global git config changes
2025-08-19T15:42:12.4221453Z Adding repository directory to the temporary git global config as a safe directory
2025-08-19T15:42:12.4225098Z [command]/usr/bin/git config --global --add safe.directory /home/runner/work/AWA-App/AWA-App
2025-08-19T15:42:12.4261100Z Deleting the contents of '/home/runner/work/AWA-App/AWA-App'
2025-08-19T15:42:12.4264759Z ##[group]Initializing the repository
2025-08-19T15:42:12.4269080Z [command]/usr/bin/git init /home/runner/work/AWA-App/AWA-App
2025-08-19T15:42:12.4329086Z hint: Using 'master' as the name for the initial branch. This default branch name
2025-08-19T15:42:12.4331559Z hint: is subject to change. To configure the initial branch name to use in all
2025-08-19T15:42:12.4333815Z hint: of your new repositories, which will suppress this warning, call:
2025-08-19T15:42:12.4335757Z hint:
2025-08-19T15:42:12.4337044Z hint: 	git config --global init.defaultBranch <name>
2025-08-19T15:42:12.4338566Z hint:
2025-08-19T15:42:12.4340191Z hint: Names commonly chosen instead of 'master' are 'main', 'trunk' and
2025-08-19T15:42:12.4342177Z hint: 'development'. The just-created branch can be renamed via this command:
2025-08-19T15:42:12.4343939Z hint:
2025-08-19T15:42:12.4345089Z hint: 	git branch -m <name>
2025-08-19T15:42:12.4346304Z hint:
2025-08-19T15:42:12.4347744Z hint: Disable this message with "git config set advice.defaultBranchName false"
2025-08-19T15:42:12.4350097Z Initialized empty Git repository in /home/runner/work/AWA-App/AWA-App/.git/
2025-08-19T15:42:12.4353575Z [command]/usr/bin/git remote add origin https://github.com/AlexBomber12/AWA-App
2025-08-19T15:42:12.4383022Z ##[endgroup]
2025-08-19T15:42:12.4384101Z ##[group]Disabling automatic garbage collection
2025-08-19T15:42:12.4386319Z [command]/usr/bin/git config --local gc.auto 0
2025-08-19T15:42:12.4415693Z ##[endgroup]
2025-08-19T15:42:12.4416711Z ##[group]Setting up auth
2025-08-19T15:42:12.4423026Z [command]/usr/bin/git config --local --name-only --get-regexp core\.sshCommand
2025-08-19T15:42:12.4454896Z [command]/usr/bin/git submodule foreach --recursive sh -c "git config --local --name-only --get-regexp 'core\.sshCommand' && git config --local --unset-all 'core.sshCommand' || :"
2025-08-19T15:42:12.4721699Z [command]/usr/bin/git config --local --name-only --get-regexp http\.https\:\/\/github\.com\/\.extraheader
2025-08-19T15:42:12.4752760Z [command]/usr/bin/git submodule foreach --recursive sh -c "git config --local --name-only --get-regexp 'http\.https\:\/\/github\.com\/\.extraheader' && git config --local --unset-all 'http.https://github.com/.extraheader' || :"
2025-08-19T15:42:12.4986956Z [command]/usr/bin/git config --local http.https://github.com/.extraheader AUTHORIZATION: basic ***
2025-08-19T15:42:12.5035120Z ##[endgroup]
2025-08-19T15:42:12.5036340Z ##[group]Fetching the repository
2025-08-19T15:42:12.5044072Z [command]/usr/bin/git -c protocol.version=2 fetch --no-tags --prune --no-recurse-submodules --depth=1 origin +ca74a95e0738ff6f49b8469705a9650e8d3edee2:refs/remotes/pull/281/merge
2025-08-19T15:42:13.0177442Z From https://github.com/AlexBomber12/AWA-App
2025-08-19T15:42:13.0180756Z  * [new ref]         ca74a95e0738ff6f49b8469705a9650e8d3edee2 -> pull/281/merge
2025-08-19T15:42:13.0215306Z ##[endgroup]
2025-08-19T15:42:13.0216651Z ##[group]Determining the checkout info
2025-08-19T15:42:13.0218045Z ##[endgroup]
2025-08-19T15:42:13.0223455Z [command]/usr/bin/git sparse-checkout disable
2025-08-19T15:42:13.0265067Z [command]/usr/bin/git config --local --unset-all extensions.worktreeConfig
2025-08-19T15:42:13.0295136Z ##[group]Checking out the ref
2025-08-19T15:42:13.0299728Z [command]/usr/bin/git checkout --progress --force refs/remotes/pull/281/merge
2025-08-19T15:42:13.0701093Z Note: switching to 'refs/remotes/pull/281/merge'.
2025-08-19T15:42:13.0702161Z 
2025-08-19T15:42:13.0702894Z You are in 'detached HEAD' state. You can look around, make experimental
2025-08-19T15:42:13.0704899Z changes and commit them, and you can discard any commits you make in this
2025-08-19T15:42:13.0706323Z state without impacting any branches by switching back to a branch.
2025-08-19T15:42:13.0707161Z 
2025-08-19T15:42:13.0707703Z If you want to create a new branch to retain commits you create, you may
2025-08-19T15:42:13.0709327Z do so (now or later) by using -c with the switch command. Example:
2025-08-19T15:42:13.0710332Z 
2025-08-19T15:42:13.0710536Z   git switch -c <new-branch-name>
2025-08-19T15:42:13.0711037Z 
2025-08-19T15:42:13.0711639Z Or undo this operation with:
2025-08-19T15:42:13.0712057Z 
2025-08-19T15:42:13.0712200Z   git switch -
2025-08-19T15:42:13.0712463Z 
2025-08-19T15:42:13.0713099Z Turn off this advice by setting config variable advice.detachedHead to false
2025-08-19T15:42:13.0714327Z 
2025-08-19T15:42:13.0715589Z HEAD is now at ca74a95 Merge 99f074b87edf940f79b93b4f608ceb225e433aad into 416bb3323323947ed0bb73f94104241663afc80e
2025-08-19T15:42:13.0719139Z ##[endgroup]
2025-08-19T15:42:13.0750575Z [command]/usr/bin/git log -1 --format=%H
2025-08-19T15:42:13.0773523Z ca74a95e0738ff6f49b8469705a9650e8d3edee2
2025-08-19T15:42:13.1001993Z ##[group]Run echo "GITHUB_SHA=${GITHUB_SHA}" >> "$GITHUB_ENV"
2025-08-19T15:42:13.1003344Z [36;1mecho "GITHUB_SHA=${GITHUB_SHA}" >> "$GITHUB_ENV"[0m
2025-08-19T15:42:13.1078190Z shell: /usr/bin/bash -e {0}
2025-08-19T15:42:13.1078868Z ##[endgroup]
2025-08-19T15:42:13.1241008Z ##[group]Run export COMPOSE_DOCKER_CLI_BUILD=1 DOCKER_BUILDKIT=1
2025-08-19T15:42:13.1242487Z [36;1mexport COMPOSE_DOCKER_CLI_BUILD=1 DOCKER_BUILDKIT=1[0m
2025-08-19T15:42:13.1243568Z [36;1mdocker compose \[0m
2025-08-19T15:42:13.1244262Z [36;1m  -f docker-compose.yml \[0m
2025-08-19T15:42:13.1245031Z [36;1m  -f docker-compose.ci.yml \[0m
2025-08-19T15:42:13.1245882Z [36;1m  -f docker-compose.postgres.yml \[0m
2025-08-19T15:42:13.1246743Z [36;1m  build --progress plain[0m
2025-08-19T15:42:13.1290517Z shell: /usr/bin/bash -e {0}
2025-08-19T15:42:13.1291119Z env:
2025-08-19T15:42:13.1291656Z   GITHUB_SHA: ca74a95e0738ff6f49b8469705a9650e8d3edee2
2025-08-19T15:42:13.1292520Z ##[endgroup]
2025-08-19T15:42:13.5100584Z --progress is a global compose flag, better use `docker compose --progress xx build ...
2025-08-19T15:42:13.5465369Z time="2025-08-19T15:42:13Z" level=warning msg="/home/runner/work/AWA-App/AWA-App/docker-compose.postgres.yml: the attribute `version` is obsolete, it will be ignored, please remove it to avoid potential confusion"
2025-08-19T15:42:13.8457192Z #1 [internal] load local bake definitions
2025-08-19T15:42:13.9605497Z #1 reading from stdin 1.88kB done
2025-08-19T15:42:13.9607142Z #1 DONE 0.0s
2025-08-19T15:42:14.1587235Z 
2025-08-19T15:42:14.1588304Z #2 [postgres internal] load build definition from Dockerfile
2025-08-19T15:42:14.1589845Z #2 transferring dockerfile: 807B done
2025-08-19T15:42:14.1590565Z #2 DONE 0.0s
2025-08-19T15:42:14.1590856Z 
2025-08-19T15:42:14.1591270Z #3 [fees_h10 internal] load build definition from Dockerfile
2025-08-19T15:42:14.1592302Z #3 transferring dockerfile: 962B done
2025-08-19T15:42:14.1593008Z #3 DONE 0.0s
2025-08-19T15:42:14.1593276Z 
2025-08-19T15:42:14.1593774Z #4 [celery_worker internal] load build definition from Dockerfile
2025-08-19T15:42:14.1594880Z #4 transferring dockerfile: 1.15kB done
2025-08-19T15:42:14.1595613Z #4 DONE 0.0s
2025-08-19T15:42:14.1595876Z 
2025-08-19T15:42:14.1596279Z #5 [api internal] load build definition from Dockerfile
2025-08-19T15:42:14.1597257Z #5 transferring dockerfile: 1.48kB done
2025-08-19T15:42:14.1598040Z #5 DONE 0.0s
2025-08-19T15:42:14.1598314Z 
2025-08-19T15:42:14.1599065Z #6 [api] resolve image config for docker-image://docker.io/docker/dockerfile:1.6
2025-08-19T15:42:14.4204578Z #6 ...
2025-08-19T15:42:14.4204918Z 
2025-08-19T15:42:14.4205313Z #7 [auth] docker/dockerfile:pull token for registry-1.docker.io
2025-08-19T15:42:14.4206045Z #7 DONE 0.0s
2025-08-19T15:42:14.4206284Z 
2025-08-19T15:42:14.4206613Z #8 [auth] library/postgres:pull token for registry-1.docker.io
2025-08-19T15:42:14.4207194Z #8 DONE 0.0s
2025-08-19T15:42:14.5707679Z 
2025-08-19T15:42:14.5708260Z #9 [postgres internal] load metadata for docker.io/library/postgres:16
2025-08-19T15:42:15.2267314Z #9 ...
2025-08-19T15:42:15.2267595Z 
2025-08-19T15:42:15.2268113Z #6 [api] resolve image config for docker-image://docker.io/docker/dockerfile:1.6
2025-08-19T15:42:15.2268689Z #6 DONE 1.1s
2025-08-19T15:42:15.3967840Z 
2025-08-19T15:42:15.3971145Z #10 [fees_h10] docker-image://docker.io/docker/dockerfile:1.6@sha256:ac85f380a63b13dfcefa89046420e1781752bab202122f8f50032edf31be0021
2025-08-19T15:42:15.3973065Z #10 resolve docker.io/docker/dockerfile:1.6@sha256:ac85f380a63b13dfcefa89046420e1781752bab202122f8f50032edf31be0021 done
2025-08-19T15:42:15.3974272Z #10 sha256:ac85f380a63b13dfcefa89046420e1781752bab202122f8f50032edf31be0021 8.40kB / 8.40kB done
2025-08-19T15:42:15.3975361Z #10 sha256:657fcc512c7369f4cb3d94ea329150f8daf626bc838b1a1e81f1834c73ecc77e 482B / 482B done
2025-08-19T15:42:15.3976505Z #10 sha256:a17ee7fff8f5e97b974f5b48f51647d2cf28d543f2aa6c11aaa0ea431b44bb89 1.27kB / 1.27kB done
2025-08-19T15:42:15.3977695Z #10 sha256:9d9c93f4b00be908ab694a4df732570bced3b8a96b7515d70ff93402179ad232 11.80MB / 11.80MB 0.2s done
2025-08-19T15:42:15.3978903Z #10 extracting sha256:9d9c93f4b00be908ab694a4df732570bced3b8a96b7515d70ff93402179ad232 0.1s done
2025-08-19T15:42:15.5067913Z #10 extracting sha256:9d9c93f4b00be908ab694a4df732570bced3b8a96b7515d70ff93402179ad232 0.1s done
2025-08-19T15:42:15.5069184Z #10 DONE 0.3s
2025-08-19T15:42:15.5099923Z 
2025-08-19T15:42:15.5100311Z #9 [postgres internal] load metadata for docker.io/library/postgres:16
2025-08-19T15:42:15.6776425Z #9 ...
2025-08-19T15:42:15.6776760Z 
2025-08-19T15:42:15.6780121Z #11 [celery_worker internal] load build definition from Dockerfile
2025-08-19T15:42:15.6781045Z #11 transferring dockerfile: 1.15kB done
2025-08-19T15:42:15.6781498Z #11 DONE 0.0s
2025-08-19T15:42:15.6781681Z 
2025-08-19T15:42:15.6781903Z #12 [etl internal] load build definition from Dockerfile
2025-08-19T15:42:15.6829822Z #12 transferring dockerfile: 1.15kB done
2025-08-19T15:42:15.6830503Z #12 DONE 0.0s
2025-08-19T15:42:15.7357771Z 
2025-08-19T15:42:15.7358330Z #13 [auth] library/python:pull token for registry-1.docker.io
2025-08-19T15:42:15.8862139Z #13 DONE 0.0s
2025-08-19T15:42:15.8862421Z 
2025-08-19T15:42:15.8862754Z #14 [etl internal] load metadata for docker.io/library/python:3.12-slim
2025-08-19T15:42:16.4645430Z #14 DONE 0.8s
2025-08-19T15:42:16.4654294Z 
2025-08-19T15:42:16.4660364Z #15 [celery_worker internal] load .dockerignore
2025-08-19T15:42:16.4828137Z #15 transferring context: 265B done
2025-08-19T15:42:16.4829737Z #15 DONE 0.0s
2025-08-19T15:42:16.4830042Z 
2025-08-19T15:42:16.4830229Z #16 [fees_h10 internal] load .dockerignore
2025-08-19T15:42:16.4830714Z #16 transferring context: 2B done
2025-08-19T15:42:16.4831092Z #16 DONE 0.0s
2025-08-19T15:42:16.4831263Z 
2025-08-19T15:42:16.4831420Z #17 [api internal] load .dockerignore
2025-08-19T15:42:16.4831865Z #17 transferring context: 265B done
2025-08-19T15:42:16.4832271Z #17 DONE 0.0s
2025-08-19T15:42:16.4832461Z 
2025-08-19T15:42:16.4832694Z #18 [etl internal] load .dockerignore
2025-08-19T15:42:16.4834795Z #18 transferring context: 265B done
2025-08-19T15:42:16.4835270Z #18 DONE 0.0s
2025-08-19T15:42:16.4835461Z 
2025-08-19T15:42:16.4836126Z #19 [api base 1/5] FROM docker.io/library/python:3.12-slim@sha256:d67a7b66b989ad6b6d6b10d428dcc5e0bfc3e5f88906e67d490c4d3daac57047
2025-08-19T15:42:16.4836969Z #19 resolve docker.io/library/python:3.12-slim@sha256:d67a7b66b989ad6b6d6b10d428dcc5e0bfc3e5f88906e67d490c4d3daac57047 done
2025-08-19T15:42:16.6501881Z #19 ...
2025-08-19T15:42:16.6502164Z 
2025-08-19T15:42:16.6502296Z #20 [etl internal] load build context
2025-08-19T15:42:16.6502682Z #20 transferring context: 24.62kB done
2025-08-19T15:42:16.6503017Z #20 DONE 0.0s
2025-08-19T15:42:16.6503163Z 
2025-08-19T15:42:16.6503340Z #21 [fees_h10 internal] load build context
2025-08-19T15:42:16.6503728Z #21 transferring context: 6.04kB done
2025-08-19T15:42:16.6504144Z #21 DONE 0.0s
2025-08-19T15:42:16.6504292Z 
2025-08-19T15:42:16.6504409Z #22 [api internal] load build context
2025-08-19T15:42:16.6504890Z #22 transferring context: 148.29kB 0.0s done
2025-08-19T15:42:16.6505236Z #22 DONE 0.0s
2025-08-19T15:42:16.6505373Z 
2025-08-19T15:42:16.6505520Z #23 [celery_worker internal] load build context
2025-08-19T15:42:16.6506077Z #23 transferring context: 24.62kB done
2025-08-19T15:42:16.6506451Z #23 DONE 0.0s
2025-08-19T15:42:16.6506667Z 
2025-08-19T15:42:16.6507266Z #19 [api base 1/5] FROM docker.io/library/python:3.12-slim@sha256:d67a7b66b989ad6b6d6b10d428dcc5e0bfc3e5f88906e67d490c4d3daac57047
2025-08-19T15:42:16.6508619Z #19 sha256:396b1da7636e2dcd10565cb4f2f952cbb4a8a38b58d3b86a2cacb172fb70117c 8.39MB / 29.77MB 0.2s
2025-08-19T15:42:16.6509289Z #19 sha256:5d587318e932a89b94608393c99dd30ee5092a6991c1656f717bd4f4e13d60df 0B / 1.29MB 0.2s
2025-08-19T15:42:16.6510260Z #19 sha256:e5c05dcf47fbdb2f18dc242ad1b7f48fbd3813c0027ffcfb8e81e4aa7e0965f4 0B / 12.11MB 0.2s
2025-08-19T15:42:16.6510949Z #19 sha256:d67a7b66b989ad6b6d6b10d428dcc5e0bfc3e5f88906e67d490c4d3daac57047 10.37kB / 10.37kB done
2025-08-19T15:42:16.6511635Z #19 sha256:8f3d1de1b41cd7340a89b024d6f7a10043f7b0d07d97eb36ba76f22fcfa9a235 1.75kB / 1.75kB done
2025-08-19T15:42:16.6512262Z #19 sha256:bad5eac7befe06d25bef9d4d894d7467355bac08745c745a88977774933fa032 5.58kB / 5.58kB done
2025-08-19T15:42:16.7503032Z #19 sha256:396b1da7636e2dcd10565cb4f2f952cbb4a8a38b58d3b86a2cacb172fb70117c 14.68MB / 29.77MB 0.3s
2025-08-19T15:42:16.7503949Z #19 sha256:e5c05dcf47fbdb2f18dc242ad1b7f48fbd3813c0027ffcfb8e81e4aa7e0965f4 6.29MB / 12.11MB 0.3s
2025-08-19T15:42:16.8507190Z #19 sha256:396b1da7636e2dcd10565cb4f2f952cbb4a8a38b58d3b86a2cacb172fb70117c 27.26MB / 29.77MB 0.4s
2025-08-19T15:42:16.8508232Z #19 sha256:5d587318e932a89b94608393c99dd30ee5092a6991c1656f717bd4f4e13d60df 1.29MB / 1.29MB 0.3s done
2025-08-19T15:42:16.8509193Z #19 sha256:e5c05dcf47fbdb2f18dc242ad1b7f48fbd3813c0027ffcfb8e81e4aa7e0965f4 12.11MB / 12.11MB 0.4s done
2025-08-19T15:42:16.8510324Z #19 sha256:d76206d463c08ba2a3f7bbab2de2a933ad73f33ab4ab813eafe50c9dff9edc12 0B / 251B 0.4s
2025-08-19T15:42:17.0172205Z #19 sha256:396b1da7636e2dcd10565cb4f2f952cbb4a8a38b58d3b86a2cacb172fb70117c 29.77MB / 29.77MB 0.4s done
2025-08-19T15:42:17.0173403Z #19 sha256:5d587318e932a89b94608393c99dd30ee5092a6991c1656f717bd4f4e13d60df 1.29MB / 1.29MB 0.3s done
2025-08-19T15:42:17.0174664Z #19 sha256:e5c05dcf47fbdb2f18dc242ad1b7f48fbd3813c0027ffcfb8e81e4aa7e0965f4 12.11MB / 12.11MB 0.4s done
2025-08-19T15:42:17.0175866Z #19 sha256:d76206d463c08ba2a3f7bbab2de2a933ad73f33ab4ab813eafe50c9dff9edc12 251B / 251B 0.4s done
2025-08-19T15:42:17.0176960Z #19 extracting sha256:396b1da7636e2dcd10565cb4f2f952cbb4a8a38b58d3b86a2cacb172fb70117c 0.1s
2025-08-19T15:42:17.9196965Z #19 extracting sha256:396b1da7636e2dcd10565cb4f2f952cbb4a8a38b58d3b86a2cacb172fb70117c 0.9s done
2025-08-19T15:42:17.9198206Z #19 extracting sha256:5d587318e932a89b94608393c99dd30ee5092a6991c1656f717bd4f4e13d60df 0.1s
2025-08-19T15:42:18.0275087Z #19 extracting sha256:5d587318e932a89b94608393c99dd30ee5092a6991c1656f717bd4f4e13d60df 0.1s done
2025-08-19T15:42:18.0276173Z #19 extracting sha256:e5c05dcf47fbdb2f18dc242ad1b7f48fbd3813c0027ffcfb8e81e4aa7e0965f4
2025-08-19T15:42:18.6868325Z #19 extracting sha256:e5c05dcf47fbdb2f18dc242ad1b7f48fbd3813c0027ffcfb8e81e4aa7e0965f4 0.5s done
2025-08-19T15:42:18.6869833Z #19 extracting sha256:d76206d463c08ba2a3f7bbab2de2a933ad73f33ab4ab813eafe50c9dff9edc12 done
2025-08-19T15:42:18.8967391Z #19 DONE 2.2s
2025-08-19T15:42:18.8977707Z 
2025-08-19T15:42:18.8977918Z #24 [api base 2/5] WORKDIR /app
2025-08-19T15:42:18.8978321Z #24 DONE 0.0s
2025-08-19T15:42:18.8978510Z 
2025-08-19T15:42:18.8978819Z #25 [api base  3/13] COPY services/api/requirements.txt ./requirements.txt
2025-08-19T15:42:18.8979404Z #25 DONE 0.0s
2025-08-19T15:42:18.8979801Z 
2025-08-19T15:42:18.8980193Z #26 [etl base 3/5] COPY services/etl/requirements*.txt services/etl/constraints.txt ./
2025-08-19T15:42:18.8980838Z #26 DONE 0.0s
2025-08-19T15:42:18.8981012Z 
2025-08-19T15:42:18.8981296Z #27 [fees_h10 base 3/6] COPY requirements*.txt constraints.txt ./fees_h10/
2025-08-19T15:42:18.8981851Z #27 DONE 0.0s
2025-08-19T15:42:18.8982019Z 
2025-08-19T15:42:18.8982609Z #28 [celery_worker base 4/5] RUN if [ -n "" ] && [ -f "" ]; then         pip install -r requirements.txt -c "";     else         pip install -r requirements.txt;     fi
2025-08-19T15:42:20.0468611Z #28 ...
2025-08-19T15:42:20.0468910Z 
2025-08-19T15:42:20.0471112Z #9 [postgres internal] load metadata for docker.io/library/postgres:16
2025-08-19T15:42:20.0472927Z #9 DONE 6.0s
2025-08-19T15:42:20.1986477Z 
2025-08-19T15:42:20.1988187Z #29 [postgres internal] load .dockerignore
2025-08-19T15:42:20.1989290Z #29 transferring context: 265B done
2025-08-19T15:42:20.1990349Z #29 DONE 0.0s
2025-08-19T15:42:20.1991623Z 
2025-08-19T15:42:20.1991984Z #30 [postgres internal] load build context
2025-08-19T15:42:20.1992942Z #30 transferring context: 582B 0.0s done
2025-08-19T15:42:20.1993601Z #30 DONE 0.0s
2025-08-19T15:42:20.1995146Z 
2025-08-19T15:42:20.1995844Z #31 [postgres 1/6] FROM docker.io/library/postgres:16@sha256:66a5efb5677ffac1037774a0e141fd3a4c035c9c0c0e624c9cc980dfa10f45e5
2025-08-19T15:42:20.1997336Z #31 resolve docker.io/library/postgres:16@sha256:66a5efb5677ffac1037774a0e141fd3a4c035c9c0c0e624c9cc980dfa10f45e5 0.0s done
2025-08-19T15:42:20.1999007Z #31 sha256:7f09385d08f9e8f578f9dad57582fff30d6ca3ef0f4d66ab5e1bf92c88862341 0B / 6.44MB 0.1s
2025-08-19T15:42:20.2000337Z #31 sha256:534f45d26d937460abe84bd086361a04c27e624a23f9384ff13f11c24c64c7bb 0B / 1.45MB 0.1s
2025-08-19T15:42:20.2001475Z #31 sha256:66a5efb5677ffac1037774a0e141fd3a4c035c9c0c0e624c9cc980dfa10f45e5 10.24kB / 10.24kB done
2025-08-19T15:42:20.2002576Z #31 sha256:fb850b0e3049060bf4eb46c8806d7ceea916d67e5cc56d6b295511e27463e56b 0B / 1.17kB 0.1s
2025-08-19T15:42:20.2003672Z #31 sha256:3084fa1fadd59e7633ec56d318f1e4de01be744f446c5c35df7cd801fbc34894 3.63kB / 3.63kB done
2025-08-19T15:42:20.2004790Z #31 sha256:4b802c5161ddfa2ae4beac272c4e24aa5e162a20451c8489cbb952a88507732f 9.89kB / 9.89kB done
2025-08-19T15:42:20.3761934Z #31 sha256:fb850b0e3049060bf4eb46c8806d7ceea916d67e5cc56d6b295511e27463e56b 1.17kB / 1.17kB 0.1s done
2025-08-19T15:42:20.3771836Z #31 extracting sha256:fb850b0e3049060bf4eb46c8806d7ceea916d67e5cc56d6b295511e27463e56b done
2025-08-19T15:42:20.3772895Z #31 sha256:2b6532633f5d125e9a709f56f26af5a07390c859a5c77142b74da1d4e3c79fee 0B / 8.20MB 0.2s
2025-08-19T15:42:20.3773882Z #31 extracting sha256:7f09385d08f9e8f578f9dad57582fff30d6ca3ef0f4d66ab5e1bf92c88862341
2025-08-19T15:42:20.4822503Z #31 sha256:7f09385d08f9e8f578f9dad57582fff30d6ca3ef0f4d66ab5e1bf92c88862341 6.44MB / 6.44MB 0.3s done
2025-08-19T15:42:20.4829100Z #31 sha256:320fa150e60fca9bb108771a06f08d5464ad8b7474b7bf3f4b44d723b686ee72 0B / 1.31MB 0.3s
2025-08-19T15:42:20.5838629Z #31 sha256:534f45d26d937460abe84bd086361a04c27e624a23f9384ff13f11c24c64c7bb 1.45MB / 1.45MB 0.3s done
2025-08-19T15:42:20.5840592Z #31 sha256:2b6532633f5d125e9a709f56f26af5a07390c859a5c77142b74da1d4e3c79fee 3.15MB / 8.20MB 0.4s
2025-08-19T15:42:20.5842064Z #31 sha256:19947f6cc5d3035f6c922fa1d6047c79e044256ad948080adb59cec60717b9f8 0B / 116B 0.4s
2025-08-19T15:42:20.6864266Z #31 sha256:2b6532633f5d125e9a709f56f26af5a07390c859a5c77142b74da1d4e3c79fee 4.19MB / 8.20MB 0.5s
2025-08-19T15:42:20.6868843Z #31 sha256:320fa150e60fca9bb108771a06f08d5464ad8b7474b7bf3f4b44d723b686ee72 1.31MB / 1.31MB 0.4s done
2025-08-19T15:42:20.6874017Z #31 sha256:19947f6cc5d3035f6c922fa1d6047c79e044256ad948080adb59cec60717b9f8 116B / 116B 0.5s done
2025-08-19T15:42:20.6877023Z #31 sha256:e787bdd7824bfcb30d11087160de825f724620c952958f4f725c13421499b724 0B / 3.14kB 0.5s
2025-08-19T15:42:20.8014458Z #31 sha256:2b6532633f5d125e9a709f56f26af5a07390c859a5c77142b74da1d4e3c79fee 8.20MB / 8.20MB 0.6s done
2025-08-19T15:42:20.8015669Z #31 sha256:e787bdd7824bfcb30d11087160de825f724620c952958f4f725c13421499b724 3.14kB / 3.14kB 0.5s done
2025-08-19T15:42:20.8017524Z #31 sha256:987c1b4919ea2d87df20824aaef43a9de0575ac7df684579ad267c7e48c8eeea 0B / 10.01kB 0.7s
2025-08-19T15:42:20.8018628Z #31 sha256:a1e4ad56dcecf442fba1cec05cd565ededfdc663e5172df9ef9394d96d4c96f8 10.49MB / 113.19MB 0.7s
2025-08-19T15:42:20.8022575Z #31 sha256:a858bd6d34e86a481a2e028e3ba489e662b3ac7713eba9a5d3bb97002c7d797e 0B / 128B 0.7s
2025-08-19T15:42:20.9975844Z #31 extracting sha256:7f09385d08f9e8f578f9dad57582fff30d6ca3ef0f4d66ab5e1bf92c88862341 0.5s done
2025-08-19T15:42:20.9993275Z #31 sha256:a1e4ad56dcecf442fba1cec05cd565ededfdc663e5172df9ef9394d96d4c96f8 23.07MB / 113.19MB 0.9s
2025-08-19T15:42:20.9994813Z #31 sha256:a858bd6d34e86a481a2e028e3ba489e662b3ac7713eba9a5d3bb97002c7d797e 128B / 128B 0.7s done
2025-08-19T15:42:20.9995906Z #31 sha256:f1b3502db45ad485f0affe43e32fc81d699ddac01c023f198271a0a7e1cecd4c 169B / 169B 0.9s done
2025-08-19T15:42:20.9996982Z #31 sha256:25ef78fb127c1934630de29a3d38f46e544360b1dcf5cfc09b25507fbe88fd75 0B / 5.92kB 0.9s
2025-08-19T15:42:21.1027657Z #31 extracting sha256:534f45d26d937460abe84bd086361a04c27e624a23f9384ff13f11c24c64c7bb
2025-08-19T15:42:21.2152768Z #31 sha256:a1e4ad56dcecf442fba1cec05cd565ededfdc663e5172df9ef9394d96d4c96f8 36.70MB / 113.19MB 1.1s
2025-08-19T15:42:21.2186226Z #31 sha256:25ef78fb127c1934630de29a3d38f46e544360b1dcf5cfc09b25507fbe88fd75 5.92kB / 5.92kB 1.0s done
2025-08-19T15:42:21.2187438Z #31 extracting sha256:534f45d26d937460abe84bd086361a04c27e624a23f9384ff13f11c24c64c7bb 0.1s done
2025-08-19T15:42:21.2188842Z #31 sha256:240810240d04caaaccb11d51ba7c3a7f7d6f470ec2a80ee420a3d33899d9a303 0B / 184B 1.1s
2025-08-19T15:42:21.3972304Z #31 sha256:a1e4ad56dcecf442fba1cec05cd565ededfdc663e5172df9ef9394d96d4c96f8 57.67MB / 113.19MB 1.3s
2025-08-19T15:42:21.3977793Z #31 sha256:240810240d04caaaccb11d51ba7c3a7f7d6f470ec2a80ee420a3d33899d9a303 184B / 184B 1.1s done
2025-08-19T15:42:21.3978888Z #31 extracting sha256:2b6532633f5d125e9a709f56f26af5a07390c859a5c77142b74da1d4e3c79fee
2025-08-19T15:42:21.4986670Z #31 sha256:a1e4ad56dcecf442fba1cec05cd565ededfdc663e5172df9ef9394d96d4c96f8 66.06MB / 113.19MB 1.4s
2025-08-19T15:42:21.7466418Z #31 sha256:a1e4ad56dcecf442fba1cec05cd565ededfdc663e5172df9ef9394d96d4c96f8 73.40MB / 113.19MB 1.6s
2025-08-19T15:42:21.8548152Z #31 sha256:a1e4ad56dcecf442fba1cec05cd565ededfdc663e5172df9ef9394d96d4c96f8 80.74MB / 113.19MB 1.7s
2025-08-19T15:42:21.9566408Z #31 sha256:a1e4ad56dcecf442fba1cec05cd565ededfdc663e5172df9ef9394d96d4c96f8 87.03MB / 113.19MB 1.8s
2025-08-19T15:42:22.0589041Z #31 extracting sha256:2b6532633f5d125e9a709f56f26af5a07390c859a5c77142b74da1d4e3c79fee 0.7s done
2025-08-19T15:42:22.1782549Z #31 sha256:a1e4ad56dcecf442fba1cec05cd565ededfdc663e5172df9ef9394d96d4c96f8 93.32MB / 113.19MB 2.0s
2025-08-19T15:42:22.1784094Z #31 extracting sha256:320fa150e60fca9bb108771a06f08d5464ad8b7474b7bf3f4b44d723b686ee72
2025-08-19T15:42:22.4019132Z #31 extracting sha256:320fa150e60fca9bb108771a06f08d5464ad8b7474b7bf3f4b44d723b686ee72 0.2s done
2025-08-19T15:42:22.5031070Z #31 extracting sha256:19947f6cc5d3035f6c922fa1d6047c79e044256ad948080adb59cec60717b9f8 done
2025-08-19T15:42:22.5037540Z #31 extracting sha256:e787bdd7824bfcb30d11087160de825f724620c952958f4f725c13421499b724 done
2025-08-19T15:42:22.6111406Z #31 sha256:a1e4ad56dcecf442fba1cec05cd565ededfdc663e5172df9ef9394d96d4c96f8 110.10MB / 113.19MB 2.5s
2025-08-19T15:42:22.7143189Z #31 sha256:a1e4ad56dcecf442fba1cec05cd565ededfdc663e5172df9ef9394d96d4c96f8 113.19MB / 113.19MB 2.6s done
2025-08-19T15:42:22.9455987Z #31 extracting sha256:a1e4ad56dcecf442fba1cec05cd565ededfdc663e5172df9ef9394d96d4c96f8
2025-08-19T15:42:25.8216692Z #31 sha256:987c1b4919ea2d87df20824aaef43a9de0575ac7df684579ad267c7e48c8eeea 10.01kB / 10.01kB 5.7s done
2025-08-19T15:42:28.0031209Z #31 extracting sha256:a1e4ad56dcecf442fba1cec05cd565ededfdc663e5172df9ef9394d96d4c96f8 5.0s
2025-08-19T15:42:28.7364708Z #31 ...
2025-08-19T15:42:28.7365199Z 
2025-08-19T15:42:28.7366674Z #32 [api stage-1 3/6] RUN set -eux;     if [ -f /etc/apt/sources.list ]; then         sed -i 's|http://deb.debian.org|https://deb.debian.org|g' /etc/apt/sources.list;     fi;     apt-get update;     apt-get install -y --no-install-recommends tzdata postgresql-client curl;     rm -rf /var/lib/apt/lists/*
2025-08-19T15:42:28.7368600Z #32 0.249 + [ -f /etc/apt/sources.list ]
2025-08-19T15:42:28.7369022Z #32 0.250 + apt-get update
2025-08-19T15:42:28.7369617Z #32 0.317 Hit:1 http://deb.debian.org/debian trixie InRelease
2025-08-19T15:42:28.7370364Z #32 0.317 Get:2 http://deb.debian.org/debian trixie-updates InRelease [47.1 kB]
2025-08-19T15:42:28.7371186Z #32 0.467 Get:3 http://deb.debian.org/debian-security trixie-security InRelease [43.4 kB]
2025-08-19T15:42:28.7372328Z #32 0.472 Get:4 http://deb.debian.org/debian trixie/main amd64 Packages [9668 kB]
2025-08-19T15:42:28.7373215Z #32 0.551 Get:5 http://deb.debian.org/debian trixie-updates/main amd64 Packages [2432 B]
2025-08-19T15:42:28.7374124Z #32 0.552 Get:6 http://deb.debian.org/debian-security trixie-security/main amd64 Packages [11.6 kB]
2025-08-19T15:42:28.7374915Z #32 1.400 Fetched 9772 kB in 1s (8809 kB/s)
2025-08-19T15:42:28.7375371Z #32 1.400 Reading package lists...
2025-08-19T15:42:28.7376018Z #32 2.339 + apt-get install -y --no-install-recommends tzdata postgresql-client curl
2025-08-19T15:42:28.7376691Z #32 2.379 Reading package lists...
2025-08-19T15:42:28.7377121Z #32 3.355 Building dependency tree...
2025-08-19T15:42:28.7377571Z #32 3.610 Reading state information...
2025-08-19T15:42:28.7378385Z #32 3.946 tzdata is already the newest version (2025b-4).
2025-08-19T15:42:28.7379044Z #32 3.946 The following additional packages will be installed:
2025-08-19T15:42:28.7380034Z #32 3.947   libbrotli1 libcom-err2 libcurl4t64 libgdbm-compat4t64 libgnutls30t64
2025-08-19T15:42:28.7380868Z #32 3.947   libgssapi-krb5-2 libidn2-0 libk5crypto3 libkeyutils1 libkrb5-3
2025-08-19T15:42:28.7381749Z #32 3.947   libkrb5support0 libldap2 libnghttp2-14 libnghttp3-9 libp11-kit0 libperl5.40
2025-08-19T15:42:28.7382693Z #32 3.948   libpq5 libpsl5t64 librtmp1 libsasl2-2 libsasl2-modules-db libssh2-1t64
2025-08-19T15:42:28.7383574Z #32 3.948   libtasn1-6 libunistring5 perl perl-modules-5.40 postgresql-client-17
2025-08-19T15:42:28.7384280Z #32 3.949   postgresql-client-common sensible-utils
2025-08-19T15:42:28.7384786Z #32 3.954 Suggested packages:
2025-08-19T15:42:28.7385367Z #32 3.954   gnutls-bin krb5-doc krb5-user perl-doc libterm-readline-gnu-perl
2025-08-19T15:42:28.7386354Z #32 3.954   | libterm-readline-perl-perl make libtap-harness-archive-perl postgresql-17
2025-08-19T15:42:28.7387078Z #32 3.954   postgresql-doc-17
2025-08-19T15:42:28.7387482Z #32 3.954 Recommended packages:
2025-08-19T15:42:28.7388133Z #32 3.954   bash-completion krb5-locales libldap-common publicsuffix libsasl2-modules
2025-08-19T15:42:28.7388900Z #32 4.213 The following NEW packages will be installed:
2025-08-19T15:42:28.7485202Z #32 4.213   curl libbrotli1 libcom-err2 libcurl4t64 libgdbm-compat4t64 libgnutls30t64
2025-08-19T15:42:28.7486216Z #32 4.214   libgssapi-krb5-2 libidn2-0 libk5crypto3 libkeyutils1 libkrb5-3
2025-08-19T15:42:28.7487064Z #32 4.214   libkrb5support0 libldap2 libnghttp2-14 libnghttp3-9 libp11-kit0 libperl5.40
2025-08-19T15:42:28.7487958Z #32 4.214   libpq5 libpsl5t64 librtmp1 libsasl2-2 libsasl2-modules-db libssh2-1t64
2025-08-19T15:42:28.7488786Z #32 4.214   libtasn1-6 libunistring5 perl perl-modules-5.40 postgresql-client
2025-08-19T15:42:28.7489754Z #32 4.215   postgresql-client-17 postgresql-client-common sensible-utils
2025-08-19T15:42:28.7490538Z #32 4.251 0 upgraded, 31 newly installed, 0 to remove and 0 not upgraded.
2025-08-19T15:42:28.7491134Z #32 4.251 Need to get 14.9 MB of archives.
2025-08-19T15:42:28.7491761Z #32 4.251 After this operation, 78.1 MB of additional disk space will be used.
2025-08-19T15:42:28.7492675Z #32 4.251 Get:1 http://deb.debian.org/debian trixie/main amd64 sensible-utils all 0.0.25 [25.0 kB]
2025-08-19T15:42:28.7493721Z #32 4.253 Get:2 http://deb.debian.org/debian trixie/main amd64 perl-modules-5.40 all 5.40.1-6 [3019 kB]
2025-08-19T15:42:28.7494789Z #32 4.274 Get:3 http://deb.debian.org/debian trixie/main amd64 libgdbm-compat4t64 amd64 1.24-2 [50.3 kB]
2025-08-19T15:42:28.7495810Z #32 4.276 Get:4 http://deb.debian.org/debian trixie/main amd64 libperl5.40 amd64 5.40.1-6 [4341 kB]
2025-08-19T15:42:28.7496777Z #32 4.310 Get:5 http://deb.debian.org/debian trixie/main amd64 perl amd64 5.40.1-6 [267 kB]
2025-08-19T15:42:28.7497728Z #32 4.311 Get:6 http://deb.debian.org/debian trixie/main amd64 libbrotli1 amd64 1.1.0-2+b7 [307 kB]
2025-08-19T15:42:28.7498757Z #32 4.313 Get:7 http://deb.debian.org/debian trixie/main amd64 libkrb5support0 amd64 1.21.3-5 [33.0 kB]
2025-08-19T15:42:28.7500246Z #32 4.314 Get:8 http://deb.debian.org/debian trixie/main amd64 libcom-err2 amd64 1.47.2-3+b3 [25.0 kB]
2025-08-19T15:42:28.7501216Z #32 4.317 Get:9 http://deb.debian.org/debian trixie/main amd64 libk5crypto3 amd64 1.21.3-5 [81.5 kB]
2025-08-19T15:42:28.7502164Z #32 4.317 Get:10 http://deb.debian.org/debian trixie/main amd64 libkeyutils1 amd64 1.6.3-6 [9456 B]
2025-08-19T15:42:28.7503139Z #32 4.318 Get:11 http://deb.debian.org/debian trixie/main amd64 libkrb5-3 amd64 1.21.3-5 [326 kB]
2025-08-19T15:42:28.7504167Z #32 4.320 Get:12 http://deb.debian.org/debian trixie/main amd64 libgssapi-krb5-2 amd64 1.21.3-5 [138 kB]
2025-08-19T15:42:28.7505196Z #32 4.321 Get:13 http://deb.debian.org/debian trixie/main amd64 libunistring5 amd64 1.3-2 [477 kB]
2025-08-19T15:42:28.7506412Z #32 4.328 Get:14 http://deb.debian.org/debian trixie/main amd64 libidn2-0 amd64 2.3.8-2 [109 kB]
2025-08-19T15:42:28.7507516Z #32 4.328 Get:15 http://deb.debian.org/debian trixie/main amd64 libsasl2-modules-db amd64 2.1.28+dfsg1-9 [19.8 kB]
2025-08-19T15:42:28.7508644Z #32 4.328 Get:16 http://deb.debian.org/debian trixie/main amd64 libsasl2-2 amd64 2.1.28+dfsg1-9 [57.5 kB]
2025-08-19T15:42:28.7531164Z #32 4.328 Get:17 http://deb.debian.org/debian trixie/main amd64 libldap2 amd64 2.6.10+dfsg-1 [194 kB]
2025-08-19T15:42:28.7532605Z #32 4.331 Get:18 http://deb.debian.org/debian trixie/main amd64 libnghttp2-14 amd64 1.64.0-1.1 [76.0 kB]
2025-08-19T15:42:28.7533657Z #32 4.332 Get:19 http://deb.debian.org/debian trixie/main amd64 libnghttp3-9 amd64 1.8.0-1 [67.7 kB]
2025-08-19T15:42:28.7534696Z #32 4.337 Get:20 http://deb.debian.org/debian trixie/main amd64 libpsl5t64 amd64 0.21.2-1.1+b1 [57.2 kB]
2025-08-19T15:42:28.7535716Z #32 4.337 Get:21 http://deb.debian.org/debian trixie/main amd64 libp11-kit0 amd64 0.25.5-3 [425 kB]
2025-08-19T15:42:28.7536730Z #32 4.337 Get:22 http://deb.debian.org/debian trixie/main amd64 libtasn1-6 amd64 4.20.0-2 [49.9 kB]
2025-08-19T15:42:28.7537734Z #32 4.343 Get:23 http://deb.debian.org/debian trixie/main amd64 libgnutls30t64 amd64 3.8.9-3 [1465 kB]
2025-08-19T15:42:28.7538860Z #32 4.362 Get:24 http://deb.debian.org/debian trixie/main amd64 librtmp1 amd64 2.4+20151223.gitfa8646d.1-2+b5 [58.8 kB]
2025-08-19T15:42:28.7540158Z #32 4.362 Get:25 http://deb.debian.org/debian trixie/main amd64 libssh2-1t64 amd64 1.11.1-1 [245 kB]
2025-08-19T15:42:28.7542473Z #32 4.363 Get:26 http://deb.debian.org/debian trixie/main amd64 libcurl4t64 amd64 8.14.1-2 [391 kB]
2025-08-19T15:42:28.7544371Z #32 4.367 Get:27 http://deb.debian.org/debian trixie/main amd64 curl amd64 8.14.1-2 [269 kB]
2025-08-19T15:42:28.7545309Z #32 4.367 Get:28 http://deb.debian.org/debian trixie/main amd64 libpq5 amd64 17.5-1 [226 kB]
2025-08-19T15:42:28.7547129Z #32 4.369 Get:29 http://deb.debian.org/debian trixie/main amd64 postgresql-client-common all 278 [47.1 kB]
2025-08-19T15:42:28.7549696Z #32 4.372 Get:30 http://deb.debian.org/debian trixie/main amd64 postgresql-client-17 amd64 17.5-1 [2025 kB]
2025-08-19T15:42:28.7550822Z #32 4.383 Get:31 http://deb.debian.org/debian trixie/main amd64 postgresql-client all 17+278 [14.0 kB]
2025-08-19T15:42:28.7573058Z #32 6.552 Fetched 14.9 MB in 0s (95.0 MB/s)
2025-08-19T15:42:28.7573728Z #32 6.594 Selecting previously unselected package sensible-utils.
2025-08-19T15:42:28.7582277Z #32 6.594 (Reading database ... 
2025-08-19T15:42:28.7582778Z (Reading database ... 5%
2025-08-19T15:42:28.7585406Z (Reading database ... 10%
2025-08-19T15:42:28.7585989Z (Reading database ... 15%
2025-08-19T15:42:28.7586351Z (Reading database ... 20%
2025-08-19T15:42:28.7587441Z (Reading database ... 25%
2025-08-19T15:42:28.7587811Z (Reading database ... 30%
2025-08-19T15:42:28.7588176Z (Reading database ... 35%
2025-08-19T15:42:28.7588522Z (Reading database ... 40%
2025-08-19T15:42:28.7590692Z (Reading database ... 45%
2025-08-19T15:42:28.7592931Z (Reading database ... 50%
2025-08-19T15:42:28.7593444Z (Reading database ... 55%
2025-08-19T15:42:28.7593749Z (Reading database ... 60%
2025-08-19T15:42:28.7594046Z (Reading database ... 65%
2025-08-19T15:42:28.7600602Z (Reading database ... 70%
2025-08-19T15:42:28.7600967Z (Reading database ... 75%
2025-08-19T15:42:28.7601706Z (Reading database ... 80%
2025-08-19T15:42:28.7602072Z (Reading database ... 85%
2025-08-19T15:42:28.7602436Z (Reading database ... 90%
2025-08-19T15:42:28.7602789Z (Reading database ... 95%
2025-08-19T15:42:28.7603156Z (Reading database ... 100%
2025-08-19T15:42:28.7603690Z (Reading database ... 5643 files and directories currently installed.)
2025-08-19T15:42:28.7604450Z #32 6.618 Preparing to unpack .../00-sensible-utils_0.0.25_all.deb ...
2025-08-19T15:42:28.7605224Z #32 6.628 Unpacking sensible-utils (0.0.25) ...
2025-08-19T15:42:28.7605901Z #32 6.706 Selecting previously unselected package perl-modules-5.40.
2025-08-19T15:42:28.7606667Z #32 6.706 Preparing to unpack .../01-perl-modules-5.40_5.40.1-6_all.deb ...
2025-08-19T15:42:28.7607570Z #32 6.710 Unpacking perl-modules-5.40 (5.40.1-6) ...
2025-08-19T15:42:28.7608267Z #32 7.375 Selecting previously unselected package libgdbm-compat4t64:amd64.
2025-08-19T15:42:28.7609080Z #32 7.379 Preparing to unpack .../02-libgdbm-compat4t64_1.24-2_amd64.deb ...
2025-08-19T15:42:28.7609952Z #32 7.384 Unpacking libgdbm-compat4t64:amd64 (1.24-2) ...
2025-08-19T15:42:28.7610625Z #32 7.429 Selecting previously unselected package libperl5.40:amd64.
2025-08-19T15:42:28.7611349Z #32 7.429 Preparing to unpack .../03-libperl5.40_5.40.1-6_amd64.deb ...
2025-08-19T15:42:28.7611985Z #32 7.429 Unpacking libperl5.40:amd64 (5.40.1-6) ...
2025-08-19T15:42:28.7612544Z #32 7.942 Selecting previously unselected package perl.
2025-08-19T15:42:28.7613156Z #32 7.942 Preparing to unpack .../04-perl_5.40.1-6_amd64.deb ...
2025-08-19T15:42:28.7613713Z #32 7.946 Unpacking perl (5.40.1-6) ...
2025-08-19T15:42:28.7614280Z #32 8.001 Selecting previously unselected package libbrotli1:amd64.
2025-08-19T15:42:28.7615028Z #32 8.005 Preparing to unpack .../05-libbrotli1_1.1.0-2+b7_amd64.deb ...
2025-08-19T15:42:28.7615692Z #32 8.009 Unpacking libbrotli1:amd64 (1.1.0-2+b7) ...
2025-08-19T15:42:28.7616373Z #32 8.121 Selecting previously unselected package libkrb5support0:amd64.
2025-08-19T15:42:28.7617153Z #32 8.123 Preparing to unpack .../06-libkrb5support0_1.21.3-5_amd64.deb ...
2025-08-19T15:42:28.7617818Z #32 8.129 Unpacking libkrb5support0:amd64 (1.21.3-5) ...
2025-08-19T15:42:28.7618469Z #32 8.257 Selecting previously unselected package libcom-err2:amd64.
2025-08-19T15:42:28.7619193Z #32 8.257 Preparing to unpack .../07-libcom-err2_1.47.2-3+b3_amd64.deb ...
2025-08-19T15:42:28.7620287Z #32 8.264 Unpacking libcom-err2:amd64 (1.47.2-3+b3) ...
2025-08-19T15:42:28.7620929Z #32 8.351 Selecting previously unselected package libk5crypto3:amd64.
2025-08-19T15:42:28.7621863Z #32 8.353 Preparing to unpack .../08-libk5crypto3_1.21.3-5_amd64.deb ...
2025-08-19T15:42:28.7622501Z #32 8.356 Unpacking libk5crypto3:amd64 (1.21.3-5) ...
2025-08-19T15:42:28.7649803Z #32 8.453 Selecting previously unselected package libkeyutils1:amd64.
2025-08-19T15:42:28.7650693Z #32 8.456 Preparing to unpack .../09-libkeyutils1_1.6.3-6_amd64.deb ...
2025-08-19T15:42:28.7651360Z #32 8.477 Unpacking libkeyutils1:amd64 (1.6.3-6) ...
2025-08-19T15:42:28.7651995Z #32 8.567 Selecting previously unselected package libkrb5-3:amd64.
2025-08-19T15:42:28.7652713Z #32 8.573 Preparing to unpack .../10-libkrb5-3_1.21.3-5_amd64.deb ...
2025-08-19T15:42:28.7653362Z #32 8.576 Unpacking libkrb5-3:amd64 (1.21.3-5) ...
2025-08-19T15:42:28.7654032Z #32 8.686 Selecting previously unselected package libgssapi-krb5-2:amd64.
2025-08-19T15:42:28.7654828Z #32 8.690 Preparing to unpack .../11-libgssapi-krb5-2_1.21.3-5_amd64.deb ...
2025-08-19T15:42:28.7655531Z #32 8.695 Unpacking libgssapi-krb5-2:amd64 (1.21.3-5) ...
2025-08-19T15:42:28.7656215Z #32 8.774 Selecting previously unselected package libunistring5:amd64.
2025-08-19T15:42:28.7657050Z #32 8.779 Preparing to unpack .../12-libunistring5_1.3-2_amd64.deb ...
2025-08-19T15:42:28.7657652Z #32 8.780 Unpacking libunistring5:amd64 (1.3-2) ...
2025-08-19T15:42:28.7658247Z #32 8.890 Selecting previously unselected package libidn2-0:amd64.
2025-08-19T15:42:28.7659312Z #32 8.893 Preparing to unpack .../13-libidn2-0_2.3.8-2_amd64.deb ...
2025-08-19T15:42:28.7660112Z #32 8.898 Unpacking libidn2-0:amd64 (2.3.8-2) ...
2025-08-19T15:42:28.7660759Z #32 8.944 Selecting previously unselected package libsasl2-modules-db:amd64.
2025-08-19T15:42:28.7661560Z #32 8.950 Preparing to unpack .../14-libsasl2-modules-db_2.1.28+dfsg1-9_amd64.deb ...
2025-08-19T15:42:28.7662331Z #32 8.956 Unpacking libsasl2-modules-db:amd64 (2.1.28+dfsg1-9) ...
2025-08-19T15:42:28.7663038Z #32 9.028 Selecting previously unselected package libsasl2-2:amd64.
2025-08-19T15:42:28.7663760Z #32 9.028 Preparing to unpack .../15-libsasl2-2_2.1.28+dfsg1-9_amd64.deb ...
2025-08-19T15:42:28.7664418Z #32 9.037 Unpacking libsasl2-2:amd64 (2.1.28+dfsg1-9) ...
2025-08-19T15:42:28.7665291Z #32 9.088 Selecting previously unselected package libldap2:amd64.
2025-08-19T15:42:28.7666084Z #32 9.093 Preparing to unpack .../16-libldap2_2.6.10+dfsg-1_amd64.deb ...
2025-08-19T15:42:28.7666741Z #32 9.094 Unpacking libldap2:amd64 (2.6.10+dfsg-1) ...
2025-08-19T15:42:28.7667337Z #32 9.147 Selecting previously unselected package libnghttp2-14:amd64.
2025-08-19T15:42:28.7668058Z #32 9.149 Preparing to unpack .../17-libnghttp2-14_1.64.0-1.1_amd64.deb ...
2025-08-19T15:42:28.7668722Z #32 9.154 Unpacking libnghttp2-14:amd64 (1.64.0-1.1) ...
2025-08-19T15:42:28.7669401Z #32 9.243 Selecting previously unselected package libnghttp3-9:amd64.
2025-08-19T15:42:28.7670336Z #32 9.243 Preparing to unpack .../18-libnghttp3-9_1.8.0-1_amd64.deb ...
2025-08-19T15:42:28.7670965Z #32 9.245 Unpacking libnghttp3-9:amd64 (1.8.0-1) ...
2025-08-19T15:42:28.7671553Z #32 9.306 Selecting previously unselected package libpsl5t64:amd64.
2025-08-19T15:42:28.7672240Z #32 9.309 Preparing to unpack .../19-libpsl5t64_0.21.2-1.1+b1_amd64.deb ...
2025-08-19T15:42:28.7672857Z #32 9.313 Unpacking libpsl5t64:amd64 (0.21.2-1.1+b1) ...
2025-08-19T15:42:28.7673473Z #32 9.372 Selecting previously unselected package libp11-kit0:amd64.
2025-08-19T15:42:28.7674183Z #32 9.374 Preparing to unpack .../20-libp11-kit0_0.25.5-3_amd64.deb ...
2025-08-19T15:42:28.7674777Z #32 9.376 Unpacking libp11-kit0:amd64 (0.25.5-3) ...
2025-08-19T15:42:28.7675377Z #32 9.442 Selecting previously unselected package libtasn1-6:amd64.
2025-08-19T15:42:28.7676075Z #32 9.444 Preparing to unpack .../21-libtasn1-6_4.20.0-2_amd64.deb ...
2025-08-19T15:42:28.7676696Z #32 9.446 Unpacking libtasn1-6:amd64 (4.20.0-2) ...
2025-08-19T15:42:28.7677332Z #32 9.529 Selecting previously unselected package libgnutls30t64:amd64.
2025-08-19T15:42:28.7678086Z #32 9.536 Preparing to unpack .../22-libgnutls30t64_3.8.9-3_amd64.deb ...
2025-08-19T15:42:28.7678748Z #32 9.542 Unpacking libgnutls30t64:amd64 (3.8.9-3) ...
2025-08-19T15:42:28.7679375Z #32 9.699 Selecting previously unselected package librtmp1:amd64.
2025-08-19T15:42:28.7725993Z #32 9.701 Preparing to unpack .../23-librtmp1_2.4+20151223.gitfa8646d.1-2+b5_amd64.deb ...
2025-08-19T15:42:28.7726874Z #32 9.708 Unpacking librtmp1:amd64 (2.4+20151223.gitfa8646d.1-2+b5) ...
2025-08-19T15:42:28.7727620Z #32 9.794 Selecting previously unselected package libssh2-1t64:amd64.
2025-08-19T15:42:28.7728347Z #32 9.796 Preparing to unpack .../24-libssh2-1t64_1.11.1-1_amd64.deb ...
2025-08-19T15:42:28.7729328Z #32 9.807 Unpacking libssh2-1t64:amd64 (1.11.1-1) ...
2025-08-19T15:42:28.7730315Z #32 9.888 Selecting previously unselected package libcurl4t64:amd64.
2025-08-19T15:42:28.7731242Z #32 9.888 Preparing to unpack .../25-libcurl4t64_8.14.1-2_amd64.deb ...
2025-08-19T15:42:28.7731882Z #32 9.892 Unpacking libcurl4t64:amd64 (8.14.1-2) ...
2025-08-19T15:42:28.7732446Z #32 9.966 Selecting previously unselected package curl.
2025-08-19T15:42:28.7733023Z #32 9.969 Preparing to unpack .../26-curl_8.14.1-2_amd64.deb ...
2025-08-19T15:42:28.7733581Z #32 9.973 Unpacking curl (8.14.1-2) ...
2025-08-19T15:42:28.7734140Z #32 10.04 Selecting previously unselected package libpq5:amd64.
2025-08-19T15:42:28.7734775Z #32 10.04 Preparing to unpack .../27-libpq5_17.5-1_amd64.deb ...
2025-08-19T15:42:28.8378706Z #32 10.04 Unpacking libpq5:amd64 (17.5-1) ...
2025-08-19T15:42:28.8383581Z #32 10.10 Selecting previously unselected package postgresql-client-common.
2025-08-19T15:42:28.8384455Z #32 10.10 Preparing to unpack .../28-postgresql-client-common_278_all.deb ...
2025-08-19T15:42:28.8385159Z #32 10.11 Unpacking postgresql-client-common (278) ...
2025-08-19T15:42:28.8385631Z #32 ...
2025-08-19T15:42:28.8385793Z 
2025-08-19T15:42:28.8386089Z #33 [api base  4/13] RUN pip install --no-cache-dir -r requirements.txt
2025-08-19T15:42:28.8386826Z #33 2.910 Collecting uvicorn==0.29.0 (from -r requirements.txt (line 1))
2025-08-19T15:42:28.8387620Z #33 2.939   Downloading uvicorn-0.29.0-py3-none-any.whl.metadata (6.3 kB)
2025-08-19T15:42:28.8392128Z #33 2.962 Collecting pydantic-settings==2.2.1 (from -r requirements.txt (line 2))
2025-08-19T15:42:28.8393153Z #33 2.965   Downloading pydantic_settings-2.2.1-py3-none-any.whl.metadata (3.1 kB)
2025-08-19T15:42:28.8394031Z #33 3.038 Collecting fastapi==0.111.0 (from -r requirements.txt (line 3))
2025-08-19T15:42:28.8394818Z #33 3.046   Downloading fastapi-0.111.0-py3-none-any.whl.metadata (25 kB)
2025-08-19T15:42:28.8395615Z #33 3.497 Collecting sqlalchemy==2.0.29 (from -r requirements.txt (line 4))
2025-08-19T15:42:28.8396645Z #33 3.497   Downloading SQLAlchemy-2.0.29-cp312-cp312-manylinux_2_17_x86_64.manylinux2014_x86_64.whl.metadata (9.6 kB)
2025-08-19T15:42:28.8397670Z #33 3.553 Collecting alembic==1.13.1 (from -r requirements.txt (line 5))
2025-08-19T15:42:28.8398445Z #33 3.560   Downloading alembic-1.13.1-py3-none-any.whl.metadata (7.4 kB)
2025-08-19T15:42:28.8399327Z #33 3.584 Collecting psycopg==3.2.9 (from psycopg[binary]==3.2.9->-r requirements.txt (line 6))
2025-08-19T15:42:28.8400393Z #33 3.590   Downloading psycopg-3.2.9-py3-none-any.whl.metadata (4.5 kB)
2025-08-19T15:42:28.8401169Z #33 3.647 Collecting httpx==0.27.2 (from -r requirements.txt (line 7))
2025-08-19T15:42:28.8401917Z #33 3.653   Downloading httpx-0.27.2-py3-none-any.whl.metadata (7.1 kB)
2025-08-19T15:42:28.8402676Z #33 3.722 Collecting asyncpg==0.29.0 (from -r requirements.txt (line 8))
2025-08-19T15:42:28.8403662Z #33 3.726   Downloading asyncpg-0.29.0-cp312-cp312-manylinux_2_17_x86_64.manylinux2014_x86_64.whl.metadata (4.4 kB)
2025-08-19T15:42:28.8404634Z #33 4.188 Collecting boto3==1.34.162 (from -r requirements.txt (line 9))
2025-08-19T15:42:28.8405376Z #33 4.204   Downloading boto3-1.34.162-py3-none-any.whl.metadata (6.6 kB)
2025-08-19T15:42:28.8406134Z #33 4.223 Collecting Jinja2==3.1.5 (from -r requirements.txt (line 10))
2025-08-19T15:42:28.8406868Z #33 4.228   Downloading jinja2-3.1.5-py3-none-any.whl.metadata (2.6 kB)
2025-08-19T15:42:28.8407615Z #33 4.292 Collecting celery==5.3.* (from -r requirements.txt (line 11))
2025-08-19T15:42:28.8408328Z #33 4.298   Downloading celery-5.3.6-py3-none-any.whl.metadata (21 kB)
2025-08-19T15:42:28.8409096Z #33 4.353 Collecting structlog==24.1.0 (from -r requirements.txt (line 12))
2025-08-19T15:42:28.8410081Z #33 4.357   Downloading structlog-24.1.0-py3-none-any.whl.metadata (6.9 kB)
2025-08-19T15:42:28.8410933Z #33 4.383 Collecting asgi-correlation-id==4.3.1 (from -r requirements.txt (line 13))
2025-08-19T15:42:28.8411851Z #33 4.387   Downloading asgi_correlation_id-4.3.1-py3-none-any.whl.metadata (28 kB)
2025-08-19T15:42:28.8412730Z #33 4.409 Collecting fastapi-limiter==0.1.6 (from -r requirements.txt (line 14))
2025-08-19T15:42:28.8413606Z #33 4.415   Downloading fastapi_limiter-0.1.6-py3-none-any.whl.metadata (5.3 kB)
2025-08-19T15:42:28.8414420Z #33 4.456 Collecting redis==5.0.8 (from -r requirements.txt (line 15))
2025-08-19T15:42:28.8415154Z #33 4.470   Downloading redis-5.0.8-py3-none-any.whl.metadata (9.2 kB)
2025-08-19T15:42:28.8416186Z #33 4.559 Collecting sentry-sdk==2.9.0 (from sentry-sdk[celery,fastapi,sqlalchemy]==2.9.0->-r requirements.txt (line 16))
2025-08-19T15:42:28.8417251Z #33 4.566   Downloading sentry_sdk-2.9.0-py2.py3-none-any.whl.metadata (14 kB)
2025-08-19T15:42:28.8418409Z #33 4.677 Collecting click>=7.0 (from uvicorn==0.29.0->-r requirements.txt (line 1))
2025-08-19T15:42:28.8419207Z #33 4.685   Downloading click-8.2.1-py3-none-any.whl.metadata (2.5 kB)
2025-08-19T15:42:28.8420157Z #33 4.693 Collecting h11>=0.8 (from uvicorn==0.29.0->-r requirements.txt (line 1))
2025-08-19T15:42:28.8420930Z #33 4.696   Downloading h11-0.16.0-py3-none-any.whl.metadata (8.3 kB)
2025-08-19T15:42:28.8421785Z #33 4.850 Collecting pydantic>=2.3.0 (from pydantic-settings==2.2.1->-r requirements.txt (line 2))
2025-08-19T15:42:28.8422686Z #33 4.856   Downloading pydantic-2.11.7-py3-none-any.whl.metadata (67 kB)
2025-08-19T15:42:28.8423620Z #33 4.881 Collecting python-dotenv>=0.21.0 (from pydantic-settings==2.2.1->-r requirements.txt (line 2))
2025-08-19T15:42:28.8424580Z #33 4.886   Downloading python_dotenv-1.1.1-py3-none-any.whl.metadata (24 kB)
2025-08-19T15:42:28.8425697Z #33 4.957 Collecting starlette<0.38.0,>=0.37.2 (from fastapi==0.111.0->-r requirements.txt (line 3))
2025-08-19T15:42:28.8426669Z #33 4.960   Downloading starlette-0.37.2-py3-none-any.whl.metadata (5.9 kB)
2025-08-19T15:42:28.8427574Z #33 5.089 Collecting typing-extensions>=4.8.0 (from fastapi==0.111.0->-r requirements.txt (line 3))
2025-08-19T15:42:28.8428537Z #33 5.094   Downloading typing_extensions-4.14.1-py3-none-any.whl.metadata (3.0 kB)
2025-08-19T15:42:28.8429616Z #33 5.108 Collecting fastapi-cli>=0.0.2 (from fastapi==0.111.0->-r requirements.txt (line 3))
2025-08-19T15:42:28.8430501Z #33 5.113   Downloading fastapi_cli-0.0.8-py3-none-any.whl.metadata (6.3 kB)
2025-08-19T15:42:28.8431406Z #33 5.158 Collecting python-multipart>=0.0.7 (from fastapi==0.111.0->-r requirements.txt (line 3))
2025-08-19T15:42:28.8432348Z #33 5.161   Downloading python_multipart-0.0.20-py3-none-any.whl.metadata (1.8 kB)
2025-08-19T15:42:28.8433390Z #33 5.255 Collecting ujson!=4.0.2,!=4.1.0,!=4.2.0,!=4.3.0,!=5.0.0,!=5.1.0,>=4.0.1 (from fastapi==0.111.0->-r requirements.txt (line 3))
2025-08-19T15:42:28.8434497Z #33 5.259   Downloading ujson-5.10.0-cp312-cp312-manylinux_2_17_x86_64.manylinux2014_x86_64.whl.metadata (9.3 kB)
2025-08-19T15:42:28.8435534Z #33 5.620 Collecting orjson>=3.2.1 (from fastapi==0.111.0->-r requirements.txt (line 3))
2025-08-19T15:42:28.8436566Z #33 5.624   Downloading orjson-3.11.2-cp312-cp312-manylinux_2_17_x86_64.manylinux2014_x86_64.whl.metadata (1.2 kB)
2025-08-19T15:42:28.8437632Z #33 5.642 Collecting email_validator>=2.0.0 (from fastapi==0.111.0->-r requirements.txt (line 3))
2025-08-19T15:42:28.8438546Z #33 5.648   Downloading email_validator-2.2.0-py3-none-any.whl.metadata (25 kB)
2025-08-19T15:42:28.8439586Z #33 5.883 Collecting greenlet!=0.4.17 (from sqlalchemy==2.0.29->-r requirements.txt (line 4))
2025-08-19T15:42:28.8440676Z #33 5.890   Downloading greenlet-3.2.4-cp312-cp312-manylinux_2_24_x86_64.manylinux_2_28_x86_64.whl.metadata (4.1 kB)
2025-08-19T15:42:28.8441707Z #33 5.950 Collecting Mako (from alembic==1.13.1->-r requirements.txt (line 5))
2025-08-19T15:42:28.8442475Z #33 5.954   Downloading mako-1.3.10-py3-none-any.whl.metadata (2.9 kB)
2025-08-19T15:42:28.8443231Z #33 6.001 Collecting anyio (from httpx==0.27.2->-r requirements.txt (line 7))
2025-08-19T15:42:28.8443995Z #33 6.006   Downloading anyio-4.10.0-py3-none-any.whl.metadata (4.0 kB)
2025-08-19T15:42:28.8444770Z #33 6.034 Collecting certifi (from httpx==0.27.2->-r requirements.txt (line 7))
2025-08-19T15:42:28.8445563Z #33 6.040   Downloading certifi-2025.8.3-py3-none-any.whl.metadata (2.4 kB)
2025-08-19T15:42:28.8446377Z #33 6.063 Collecting httpcore==1.* (from httpx==0.27.2->-r requirements.txt (line 7))
2025-08-19T15:42:28.8447191Z #33 6.066   Downloading httpcore-1.0.9-py3-none-any.whl.metadata (21 kB)
2025-08-19T15:42:28.8447914Z #33 6.088 Collecting idna (from httpx==0.27.2->-r requirements.txt (line 7))
2025-08-19T15:42:28.8448636Z #33 6.093   Downloading idna-3.10-py3-none-any.whl.metadata (10 kB)
2025-08-19T15:42:28.8449393Z #33 6.106 Collecting sniffio (from httpx==0.27.2->-r requirements.txt (line 7))
2025-08-19T15:42:28.8450648Z #33 6.114   Downloading sniffio-1.3.1-py3-none-any.whl.metadata (3.9 kB)
2025-08-19T15:42:28.8451509Z #33 6.713 Collecting botocore<1.35.0,>=1.34.162 (from boto3==1.34.162->-r requirements.txt (line 9))
2025-08-19T15:42:28.8452400Z #33 6.723   Downloading botocore-1.34.162-py3-none-any.whl.metadata (5.7 kB)
2025-08-19T15:42:28.8453261Z #33 6.743 Collecting jmespath<2.0.0,>=0.7.1 (from boto3==1.34.162->-r requirements.txt (line 9))
2025-08-19T15:42:28.8454106Z #33 6.750   Downloading jmespath-1.0.1-py3-none-any.whl.metadata (7.6 kB)
2025-08-19T15:42:28.8454971Z #33 6.782 Collecting s3transfer<0.11.0,>=0.10.0 (from boto3==1.34.162->-r requirements.txt (line 9))
2025-08-19T15:42:28.8455848Z #33 6.791   Downloading s3transfer-0.10.4-py3-none-any.whl.metadata (1.7 kB)
2025-08-19T15:42:28.8456701Z #33 6.879 Collecting MarkupSafe>=2.0 (from Jinja2==3.1.5->-r requirements.txt (line 10))
2025-08-19T15:42:28.8473021Z #33 6.886   Downloading MarkupSafe-3.0.2-cp312-cp312-manylinux_2_17_x86_64.manylinux2014_x86_64.whl.metadata (4.0 kB)
2025-08-19T15:42:28.8474272Z #33 6.922 Collecting billiard<5.0,>=4.2.0 (from celery==5.3.*->-r requirements.txt (line 11))
2025-08-19T15:42:28.8475137Z #33 6.925   Downloading billiard-4.2.1-py3-none-any.whl.metadata (4.4 kB)
2025-08-19T15:42:28.8476051Z #33 6.949 Collecting click-didyoumean>=0.3.0 (from celery==5.3.*->-r requirements.txt (line 11))
2025-08-19T15:42:28.8477017Z #33 6.954   Downloading click_didyoumean-0.3.1-py3-none-any.whl.metadata (3.9 kB)
2025-08-19T15:42:28.8477937Z #33 6.978 Collecting click-plugins>=1.1.1 (from celery==5.3.*->-r requirements.txt (line 11))
2025-08-19T15:42:28.8478867Z #33 6.984   Downloading click_plugins-1.1.1.2-py2.py3-none-any.whl.metadata (6.5 kB)
2025-08-19T15:42:28.8479952Z #33 6.996 Collecting click-repl>=0.2.0 (from celery==5.3.*->-r requirements.txt (line 11))
2025-08-19T15:42:28.8480840Z #33 7.000   Downloading click_repl-0.3.0-py3-none-any.whl.metadata (3.6 kB)
2025-08-19T15:42:28.8481675Z #33 7.062 Collecting kombu<6.0,>=5.3.4 (from celery==5.3.*->-r requirements.txt (line 11))
2025-08-19T15:42:28.8482492Z #33 7.067   Downloading kombu-5.5.4-py3-none-any.whl.metadata (3.5 kB)
2025-08-19T15:42:28.8483359Z #33 7.108 Collecting python-dateutil>=2.8.2 (from celery==5.3.*->-r requirements.txt (line 11))
2025-08-19T15:42:28.8484345Z #33 7.114   Downloading python_dateutil-2.9.0.post0-py2.py3-none-any.whl.metadata (8.4 kB)
2025-08-19T15:42:28.8485287Z #33 7.133 Collecting tzdata>=2022.7 (from celery==5.3.*->-r requirements.txt (line 11))
2025-08-19T15:42:28.8486147Z #33 7.141   Downloading tzdata-2025.2-py2.py3-none-any.whl.metadata (1.4 kB)
2025-08-19T15:42:28.8486987Z #33 7.155 Collecting vine<6.0,>=5.1.0 (from celery==5.3.*->-r requirements.txt (line 11))
2025-08-19T15:42:28.8487789Z #33 7.158   Downloading vine-5.1.0-py3-none-any.whl.metadata (2.7 kB)
2025-08-19T15:42:28.8488887Z #33 7.247 Collecting urllib3>=1.26.11 (from sentry-sdk==2.9.0->sentry-sdk[celery,fastapi,sqlalchemy]==2.9.0->-r requirements.txt (line 16))
2025-08-19T15:42:28.8490162Z #33 7.253   Downloading urllib3-2.5.0-py3-none-any.whl.metadata (6.5 kB)
2025-08-19T15:42:28.8491043Z #33 7.469 Collecting psycopg-binary==3.2.9 (from psycopg[binary]==3.2.9->-r requirements.txt (line 6))
2025-08-19T15:42:28.8492225Z #33 7.471   Downloading psycopg_binary-3.2.9-cp312-cp312-manylinux_2_17_x86_64.manylinux2014_x86_64.whl.metadata (2.9 kB)
2025-08-19T15:42:28.8493452Z #33 7.748 Collecting prompt-toolkit>=3.0.36 (from click-repl>=0.2.0->celery==5.3.*->-r requirements.txt (line 11))
2025-08-19T15:42:28.8494467Z #33 7.753   Downloading prompt_toolkit-3.0.51-py3-none-any.whl.metadata (6.4 kB)
2025-08-19T15:42:28.8495479Z #33 7.775 Collecting dnspython>=2.0.0 (from email_validator>=2.0.0->fastapi==0.111.0->-r requirements.txt (line 3))
2025-08-19T15:42:28.8496460Z #33 7.782   Downloading dnspython-2.7.0-py3-none-any.whl.metadata (5.8 kB)
2025-08-19T15:42:28.8497390Z #33 7.834 Collecting typer>=0.15.1 (from fastapi-cli>=0.0.2->fastapi==0.111.0->-r requirements.txt (line 3))
2025-08-19T15:42:28.8498144Z #33 7.841   Downloading typer-0.16.1-py3-none-any.whl.metadata (15 kB)
2025-08-19T15:42:28.8499121Z #33 7.895 Collecting rich-toolkit>=0.14.8 (from fastapi-cli>=0.0.2->fastapi==0.111.0->-r requirements.txt (line 3))
2025-08-19T15:42:28.8500299Z #33 7.898   Downloading rich_toolkit-0.15.0-py3-none-any.whl.metadata (1.0 kB)
2025-08-19T15:42:28.8501038Z #33 7.935 Collecting amqp<6.0.0,>=5.1.1 (from kombu<6.0,>=5.3.4->celery==5.3.*->-r requirements.txt (line 11))
2025-08-19T15:42:28.8501742Z #33 7.943   Downloading amqp-5.3.1-py3-none-any.whl.metadata (8.9 kB)
2025-08-19T15:42:28.8502424Z #33 7.967 Collecting packaging (from kombu<6.0,>=5.3.4->celery==5.3.*->-r requirements.txt (line 11))
2025-08-19T15:42:28.8503138Z #33 7.974   Downloading packaging-25.0-py3-none-any.whl.metadata (3.3 kB)
2025-08-19T15:42:28.8504160Z #33 7.996 Collecting annotated-types>=0.6.0 (from pydantic>=2.3.0->pydantic-settings==2.2.1->-r requirements.txt (line 2))
2025-08-19T15:42:28.8505003Z #33 8.002   Downloading annotated_types-0.7.0-py3-none-any.whl.metadata (15 kB)
2025-08-19T15:42:28.8505838Z #33 9.015 Collecting pydantic-core==2.33.2 (from pydantic>=2.3.0->pydantic-settings==2.2.1->-r requirements.txt (line 2))
2025-08-19T15:42:28.8506843Z #33 9.018   Downloading pydantic_core-2.33.2-cp312-cp312-manylinux_2_17_x86_64.manylinux2014_x86_64.whl.metadata (6.8 kB)
2025-08-19T15:42:28.8507856Z #33 9.039 Collecting typing-inspection>=0.4.0 (from pydantic>=2.3.0->pydantic-settings==2.2.1->-r requirements.txt (line 2))
2025-08-19T15:42:28.8508725Z #33 9.042   Downloading typing_inspection-0.4.1-py3-none-any.whl.metadata (2.6 kB)
2025-08-19T15:42:28.8509677Z #33 9.073 Collecting six>=1.5 (from python-dateutil>=2.8.2->celery==5.3.*->-r requirements.txt (line 11))
2025-08-19T15:42:28.8510495Z #33 9.077   Downloading six-1.17.0-py2.py3-none-any.whl.metadata (1.7 kB)
2025-08-19T15:42:28.8511283Z #33 9.386 Collecting httptools>=0.5.0 (from uvicorn[standard]>=0.12.0->fastapi==0.111.0->-r requirements.txt (line 3))
2025-08-19T15:42:28.8512426Z #33 9.394   Downloading httptools-0.6.4-cp312-cp312-manylinux_2_5_x86_64.manylinux1_x86_64.manylinux_2_17_x86_64.manylinux2014_x86_64.whl.metadata (3.6 kB)
2025-08-19T15:42:28.8513794Z #33 9.448 Collecting pyyaml>=5.1 (from uvicorn[standard]>=0.12.0->fastapi==0.111.0->-r requirements.txt (line 3))
2025-08-19T15:42:28.8514915Z #33 9.457   Downloading PyYAML-6.0.2-cp312-cp312-manylinux_2_17_x86_64.manylinux2014_x86_64.whl.metadata (2.1 kB)
2025-08-19T15:42:28.8516086Z #33 9.540 Collecting uvloop!=0.15.0,!=0.15.1,>=0.14.0 (from uvicorn[standard]>=0.12.0->fastapi==0.111.0->-r requirements.txt (line 3))
2025-08-19T15:42:28.8517256Z #33 9.545   Downloading uvloop-0.21.0-cp312-cp312-manylinux_2_17_x86_64.manylinux2014_x86_64.whl.metadata (4.9 kB)
2025-08-19T15:42:28.8518412Z #33 9.699 Collecting watchfiles>=0.13 (from uvicorn[standard]>=0.12.0->fastapi==0.111.0->-r requirements.txt (line 3))
2025-08-19T15:42:28.8519808Z #33 9.702   Downloading watchfiles-1.1.0-cp312-cp312-manylinux_2_17_x86_64.manylinux2014_x86_64.whl.metadata (4.9 kB)
2025-08-19T15:42:28.8521048Z #33 9.912 Collecting websockets>=10.4 (from uvicorn[standard]>=0.12.0->fastapi==0.111.0->-r requirements.txt (line 3))
2025-08-19T15:42:28.8522471Z #33 9.918   Downloading websockets-15.0.1-cp312-cp312-manylinux_2_5_x86_64.manylinux1_x86_64.manylinux_2_17_x86_64.manylinux2014_x86_64.whl.metadata (6.8 kB)
2025-08-19T15:42:28.8523816Z #33 9.962 Collecting wcwidth (from prompt-toolkit>=3.0.36->click-repl>=0.2.0->celery==5.3.*->-r requirements.txt (line 11))
2025-08-19T15:42:28.8542425Z #33 9.971   Downloading wcwidth-0.2.13-py2.py3-none-any.whl.metadata (14 kB)
2025-08-19T15:42:28.8543545Z #33 10.05 Collecting rich>=13.7.1 (from rich-toolkit>=0.14.8->fastapi-cli>=0.0.2->fastapi==0.111.0->-r requirements.txt (line 3))
2025-08-19T15:42:28.8544569Z #33 10.05   Downloading rich-14.1.0-py3-none-any.whl.metadata (18 kB)
2025-08-19T15:42:28.8545598Z #33 10.10 Collecting shellingham>=1.3.0 (from typer>=0.15.1->fastapi-cli>=0.0.2->fastapi==0.111.0->-r requirements.txt (line 3))
2025-08-19T15:42:28.8546991Z #33 10.12   Downloading shellingham-1.5.4-py2.py3-none-any.whl.metadata (3.5 kB)
2025-08-19T15:42:28.9484408Z #33 10.20 Collecting markdown-it-py>=2.2.0 (from rich>=13.7.1->rich-toolkit>=0.14.8->fastapi-cli>=0.0.2->fastapi==0.111.0->-r requirements.txt (line 3))
2025-08-19T15:42:28.9506026Z #33 10.21   Downloading markdown_it_py-4.0.0-py3-none-any.whl.metadata (7.3 kB)
2025-08-19T15:42:28.9506705Z #33 ...
2025-08-19T15:42:28.9506868Z 
2025-08-19T15:42:28.9507593Z #34 [fees_h10 base 4/6] RUN if [ -n "" ] && [ -f "fees_h10/" ]; then         pip install -r fees_h10/requirements.txt -c fees_h10/;     else         pip install -r fees_h10/requirements.txt;     fi
2025-08-19T15:42:28.9508913Z #34 2.882 Collecting celery==5.4.* (from celery[redis]==5.4.*->-r fees_h10/requirements.txt (line 1))
2025-08-19T15:42:28.9517904Z #34 2.923   Downloading celery-5.4.0-py3-none-any.whl.metadata (21 kB)
2025-08-19T15:42:28.9518723Z #34 3.059 Collecting asyncpg (from -r fees_h10/requirements.txt (line 2))
2025-08-19T15:42:28.9519912Z #34 3.067   Downloading asyncpg-0.30.0-cp312-cp312-manylinux_2_17_x86_64.manylinux2014_x86_64.whl.metadata (5.0 kB)
2025-08-19T15:42:28.9520893Z #34 3.134 Collecting httpx (from -r fees_h10/requirements.txt (line 3))
2025-08-19T15:42:28.9521658Z #34 3.143   Downloading httpx-0.28.1-py3-none-any.whl.metadata (7.1 kB)
2025-08-19T15:42:28.9522400Z #34 3.620 Collecting sqlalchemy (from -r fees_h10/requirements.txt (line 4))
2025-08-19T15:42:28.9523391Z #34 3.625   Downloading sqlalchemy-2.0.43-cp312-cp312-manylinux_2_17_x86_64.manylinux2014_x86_64.whl.metadata (9.6 kB)
2025-08-19T15:42:28.9524545Z #34 3.689 Collecting billiard<5.0,>=4.2.0 (from celery==5.4.*->celery[redis]==5.4.*->-r fees_h10/requirements.txt (line 1))
2025-08-19T15:42:28.9525471Z #34 3.696   Downloading billiard-4.2.1-py3-none-any.whl.metadata (4.4 kB)
2025-08-19T15:42:28.9526409Z #34 3.767 Collecting kombu<6.0,>=5.3.4 (from celery==5.4.*->celery[redis]==5.4.*->-r fees_h10/requirements.txt (line 1))
2025-08-19T15:42:28.9527324Z #34 3.771   Downloading kombu-5.5.4-py3-none-any.whl.metadata (3.5 kB)
2025-08-19T15:42:28.9528191Z #34 3.803 Collecting vine<6.0,>=5.1.0 (from celery==5.4.*->celery[redis]==5.4.*->-r fees_h10/requirements.txt (line 1))
2025-08-19T15:42:28.9529063Z #34 3.812   Downloading vine-5.1.0-py3-none-any.whl.metadata (2.7 kB)
2025-08-19T15:42:28.9530092Z #34 3.845 Collecting click<9.0,>=8.1.2 (from celery==5.4.*->celery[redis]==5.4.*->-r fees_h10/requirements.txt (line 1))
2025-08-19T15:42:28.9530969Z #34 3.853   Downloading click-8.2.1-py3-none-any.whl.metadata (2.5 kB)
2025-08-19T15:42:28.9531901Z #34 3.866 Collecting click-didyoumean>=0.3.0 (from celery==5.4.*->celery[redis]==5.4.*->-r fees_h10/requirements.txt (line 1))
2025-08-19T15:42:28.9532936Z #34 3.872   Downloading click_didyoumean-0.3.1-py3-none-any.whl.metadata (3.9 kB)
2025-08-19T15:42:28.9533936Z #34 3.890 Collecting click-repl>=0.2.0 (from celery==5.4.*->celery[redis]==5.4.*->-r fees_h10/requirements.txt (line 1))
2025-08-19T15:42:28.9551690Z #34 3.898   Downloading click_repl-0.3.0-py3-none-any.whl.metadata (3.6 kB)
2025-08-19T15:42:28.9552763Z #34 3.918 Collecting click-plugins>=1.1.1 (from celery==5.4.*->celery[redis]==5.4.*->-r fees_h10/requirements.txt (line 1))
2025-08-19T15:42:28.9553815Z #34 3.922   Downloading click_plugins-1.1.1.2-py2.py3-none-any.whl.metadata (6.5 kB)
2025-08-19T15:42:28.9554839Z #34 3.953 Collecting tzdata>=2022.7 (from celery==5.4.*->celery[redis]==5.4.*->-r fees_h10/requirements.txt (line 1))
2025-08-19T15:42:28.9555836Z #34 3.959   Downloading tzdata-2025.2-py2.py3-none-any.whl.metadata (1.4 kB)
2025-08-19T15:42:28.9556858Z #34 3.984 Collecting python-dateutil>=2.8.2 (from celery==5.4.*->celery[redis]==5.4.*->-r fees_h10/requirements.txt (line 1))
2025-08-19T15:42:28.9557934Z #34 3.988   Downloading python_dateutil-2.9.0.post0-py2.py3-none-any.whl.metadata (8.4 kB)
2025-08-19T15:42:28.9558930Z #34 4.056 Collecting redis!=4.5.5,<6.0.0,>=4.5.2 (from celery[redis]==5.4.*->-r fees_h10/requirements.txt (line 1))
2025-08-19T15:42:28.9560389Z #34 4.062   Downloading redis-5.3.1-py3-none-any.whl.metadata (9.2 kB)
2025-08-19T15:42:28.9561182Z #34 4.096 Collecting anyio (from httpx->-r fees_h10/requirements.txt (line 3))
2025-08-19T15:42:28.9561961Z #34 4.102   Downloading anyio-4.10.0-py3-none-any.whl.metadata (4.0 kB)
2025-08-19T15:42:28.9562754Z #34 4.135 Collecting certifi (from httpx->-r fees_h10/requirements.txt (line 3))
2025-08-19T15:42:28.9563540Z #34 4.139   Downloading certifi-2025.8.3-py3-none-any.whl.metadata (2.4 kB)
2025-08-19T15:42:28.9564366Z #34 4.214 Collecting httpcore==1.* (from httpx->-r fees_h10/requirements.txt (line 3))
2025-08-19T15:42:28.9565187Z #34 4.221   Downloading httpcore-1.0.9-py3-none-any.whl.metadata (21 kB)
2025-08-19T15:42:28.9565958Z #34 4.268 Collecting idna (from httpx->-r fees_h10/requirements.txt (line 3))
2025-08-19T15:42:28.9566979Z #34 4.272   Downloading idna-3.10-py3-none-any.whl.metadata (10 kB)
2025-08-19T15:42:28.9567807Z #34 4.304 Collecting h11>=0.16 (from httpcore==1.*->httpx->-r fees_h10/requirements.txt (line 3))
2025-08-19T15:42:28.9568699Z #34 4.311   Downloading h11-0.16.0-py3-none-any.whl.metadata (8.3 kB)
2025-08-19T15:42:28.9569672Z #34 4.508 Collecting greenlet>=1 (from sqlalchemy->-r fees_h10/requirements.txt (line 4))
2025-08-19T15:42:28.9570741Z #34 4.516   Downloading greenlet-3.2.4-cp312-cp312-manylinux_2_24_x86_64.manylinux_2_28_x86_64.whl.metadata (4.1 kB)
2025-08-19T15:42:28.9571902Z #34 4.555 Collecting typing-extensions>=4.6.0 (from sqlalchemy->-r fees_h10/requirements.txt (line 4))
2025-08-19T15:42:28.9572909Z #34 4.558   Downloading typing_extensions-4.14.1-py3-none-any.whl.metadata (3.0 kB)
2025-08-19T15:42:28.9574066Z #34 4.672 Collecting prompt-toolkit>=3.0.36 (from click-repl>=0.2.0->celery==5.4.*->celery[redis]==5.4.*->-r fees_h10/requirements.txt (line 1))
2025-08-19T15:42:28.9575209Z #34 4.679   Downloading prompt_toolkit-3.0.51-py3-none-any.whl.metadata (6.4 kB)
2025-08-19T15:42:28.9576249Z #34 4.721 Collecting amqp<6.0.0,>=5.1.1 (from kombu<6.0,>=5.3.4->celery==5.4.*->celery[redis]==5.4.*->-r fees_h10/requirements.txt (line 1))
2025-08-19T15:42:28.9577252Z #34 4.725   Downloading amqp-5.3.1-py3-none-any.whl.metadata (8.9 kB)
2025-08-19T15:42:28.9578241Z #34 4.765 Collecting packaging (from kombu<6.0,>=5.3.4->celery==5.4.*->celery[redis]==5.4.*->-r fees_h10/requirements.txt (line 1))
2025-08-19T15:42:28.9579257Z #34 4.774   Downloading packaging-25.0-py3-none-any.whl.metadata (3.3 kB)
2025-08-19T15:42:28.9613364Z #34 4.817 Collecting six>=1.5 (from python-dateutil>=2.8.2->celery==5.4.*->celery[redis]==5.4.*->-r fees_h10/requirements.txt (line 1))
2025-08-19T15:42:28.9614430Z #34 4.821   Downloading six-1.17.0-py2.py3-none-any.whl.metadata (1.7 kB)
2025-08-19T15:42:28.9615399Z #34 4.881 Collecting PyJWT>=2.9.0 (from redis!=4.5.5,<6.0.0,>=4.5.2->celery[redis]==5.4.*->-r fees_h10/requirements.txt (line 1))
2025-08-19T15:42:28.9616363Z #34 4.885   Downloading PyJWT-2.10.1-py3-none-any.whl.metadata (4.0 kB)
2025-08-19T15:42:28.9617171Z #34 4.926 Collecting sniffio>=1.1 (from anyio->httpx->-r fees_h10/requirements.txt (line 3))
2025-08-19T15:42:28.9618008Z #34 4.932   Downloading sniffio-1.3.1-py3-none-any.whl.metadata (3.9 kB)
2025-08-19T15:42:28.9619142Z #34 5.009 Collecting wcwidth (from prompt-toolkit>=3.0.36->click-repl>=0.2.0->celery==5.4.*->celery[redis]==5.4.*->-r fees_h10/requirements.txt (line 1))
2025-08-19T15:42:28.9620480Z #34 5.017   Downloading wcwidth-0.2.13-py2.py3-none-any.whl.metadata (14 kB)
2025-08-19T15:42:28.9621165Z #34 5.052 Downloading celery-5.4.0-py3-none-any.whl (425 kB)
2025-08-19T15:42:28.9621990Z #34 5.069 Downloading asyncpg-0.30.0-cp312-cp312-manylinux_2_17_x86_64.manylinux2014_x86_64.whl (3.6 MB)
2025-08-19T15:42:28.9623324Z #34 5.136    ━━━━━━━━━━━━━━━━━━━━━━━━━━━━━━━━━━━━━━━━ 3.6/3.6 MB 59.4 MB/s eta 0:00:00
2025-08-19T15:42:28.9623939Z #34 5.148 Downloading httpx-0.28.1-py3-none-any.whl (73 kB)
2025-08-19T15:42:28.9624559Z #34 5.161 Downloading httpcore-1.0.9-py3-none-any.whl (78 kB)
2025-08-19T15:42:28.9625446Z #34 5.169 Downloading sqlalchemy-2.0.43-cp312-cp312-manylinux_2_17_x86_64.manylinux2014_x86_64.whl (3.3 MB)
2025-08-19T15:42:28.9626780Z #34 5.228    ━━━━━━━━━━━━━━━━━━━━━━━━━━━━━━━━━━━━━━━━ 3.3/3.3 MB 64.7 MB/s eta 0:00:00
2025-08-19T15:42:28.9627413Z #34 5.236 Downloading billiard-4.2.1-py3-none-any.whl (86 kB)
2025-08-19T15:42:28.9628010Z #34 5.244 Downloading click-8.2.1-py3-none-any.whl (102 kB)
2025-08-19T15:42:28.9628670Z #34 5.253 Downloading click_didyoumean-0.3.1-py3-none-any.whl (3.6 kB)
2025-08-19T15:42:28.9629409Z #34 5.263 Downloading click_plugins-1.1.1.2-py2.py3-none-any.whl (11 kB)
2025-08-19T15:42:28.9630267Z #34 5.276 Downloading click_repl-0.3.0-py3-none-any.whl (10 kB)
2025-08-19T15:42:28.9631141Z #34 5.287 Downloading greenlet-3.2.4-cp312-cp312-manylinux_2_24_x86_64.manylinux_2_28_x86_64.whl (607 kB)
2025-08-19T15:42:28.9632382Z #34 5.315    ━━━━━━━━━━━━━━━━━━━━━━━━━━━━━━━━━━━━━━━━ 607.6/607.6 kB 21.5 MB/s eta 0:00:00
2025-08-19T15:42:28.9632979Z #34 5.321 Downloading kombu-5.5.4-py3-none-any.whl (210 kB)
2025-08-19T15:42:28.9633563Z #34 5.338 Downloading vine-5.1.0-py3-none-any.whl (9.6 kB)
2025-08-19T15:42:28.9634261Z #34 5.380 Downloading python_dateutil-2.9.0.post0-py2.py3-none-any.whl (229 kB)
2025-08-19T15:42:28.9634990Z #34 5.392 Downloading redis-5.3.1-py3-none-any.whl (272 kB)
2025-08-19T15:42:28.9635662Z #34 5.404 Downloading typing_extensions-4.14.1-py3-none-any.whl (43 kB)
2025-08-19T15:42:28.9636364Z #34 5.414 Downloading tzdata-2025.2-py2.py3-none-any.whl (347 kB)
2025-08-19T15:42:28.9636981Z #34 5.428 Downloading anyio-4.10.0-py3-none-any.whl (107 kB)
2025-08-19T15:42:28.9637557Z #34 5.441 Downloading idna-3.10-py3-none-any.whl (70 kB)
2025-08-19T15:42:28.9638147Z #34 5.455 Downloading certifi-2025.8.3-py3-none-any.whl (161 kB)
2025-08-19T15:42:28.9638760Z #34 5.465 Downloading amqp-5.3.1-py3-none-any.whl (50 kB)
2025-08-19T15:42:28.9639319Z #34 5.474 Downloading h11-0.16.0-py3-none-any.whl (37 kB)
2025-08-19T15:42:28.9673629Z #34 5.484 Downloading prompt_toolkit-3.0.51-py3-none-any.whl (387 kB)
2025-08-19T15:42:28.9674367Z #34 5.496 Downloading PyJWT-2.10.1-py3-none-any.whl (22 kB)
2025-08-19T15:42:28.9675000Z #34 5.506 Downloading six-1.17.0-py2.py3-none-any.whl (11 kB)
2025-08-19T15:42:28.9675635Z #34 5.519 Downloading sniffio-1.3.1-py3-none-any.whl (10 kB)
2025-08-19T15:42:28.9676283Z #34 5.525 Downloading packaging-25.0-py3-none-any.whl (66 kB)
2025-08-19T15:42:28.9676946Z #34 5.535 Downloading wcwidth-0.2.13-py2.py3-none-any.whl (34 kB)
2025-08-19T15:42:28.9699804Z #34 5.705 Installing collected packages: wcwidth, vine, tzdata, typing-extensions, sniffio, six, PyJWT, prompt-toolkit, packaging, idna, h11, greenlet, click, certifi, billiard, asyncpg, sqlalchemy, redis, python-dateutil, httpcore, click-repl, click-plugins, click-didyoumean, anyio, amqp, kombu, httpx, celery
2025-08-19T15:42:29.0497984Z #34 ...
2025-08-19T15:42:29.0500742Z 
2025-08-19T15:42:29.0503312Z #33 [api base  4/13] RUN pip install --no-cache-dir -r requirements.txt
2025-08-19T15:42:29.0506878Z #33 10.25 Collecting pygments<3.0.0,>=2.13.0 (from rich>=13.7.1->rich-toolkit>=0.14.8->fastapi-cli>=0.0.2->fastapi==0.111.0->-r requirements.txt (line 3))
2025-08-19T15:42:29.0508048Z #33 10.25   Downloading pygments-2.19.2-py3-none-any.whl.metadata (2.5 kB)
2025-08-19T15:42:29.0513207Z #33 10.27 Collecting mdurl~=0.1 (from markdown-it-py>=2.2.0->rich>=13.7.1->rich-toolkit>=0.14.8->fastapi-cli>=0.0.2->fastapi==0.111.0->-r requirements.txt (line 3))
2025-08-19T15:42:29.0516589Z #33 10.28   Downloading mdurl-0.1.2-py3-none-any.whl.metadata (1.6 kB)
2025-08-19T15:42:29.0518082Z #33 10.30 Downloading uvicorn-0.29.0-py3-none-any.whl (60 kB)
2025-08-19T15:42:29.0520709Z #33 10.30 Downloading pydantic_settings-2.2.1-py3-none-any.whl (13 kB)
2025-08-19T15:42:29.0524533Z #33 10.31 Downloading fastapi-0.111.0-py3-none-any.whl (91 kB)
2025-08-19T15:42:29.0525576Z #33 10.33 Downloading SQLAlchemy-2.0.29-cp312-cp312-manylinux_2_17_x86_64.manylinux2014_x86_64.whl (3.2 MB)
2025-08-19T15:42:29.1582090Z #33 10.37    ━━━━━━━━━━━━━━━━━━━━━━━━━━━━━━━━━━━━━━━━ 3.2/3.2 MB 75.2 MB/s eta 0:00:00
2025-08-19T15:42:29.1584401Z #33 10.38 Downloading alembic-1.13.1-py3-none-any.whl (233 kB)
2025-08-19T15:42:29.1585933Z #33 10.38 Downloading psycopg-3.2.9-py3-none-any.whl (202 kB)
2025-08-19T15:42:29.1587271Z #33 10.39 Downloading httpx-0.27.2-py3-none-any.whl (76 kB)
2025-08-19T15:42:29.1591328Z #33 10.39 Downloading asyncpg-0.29.0-cp312-cp312-manylinux_2_17_x86_64.manylinux2014_x86_64.whl (3.3 MB)
2025-08-19T15:42:29.1592502Z #33 10.41    ━━━━━━━━━━━━━━━━━━━━━━━━━━━━━━━━━━━━━━━━ 3.3/3.3 MB 201.2 MB/s eta 0:00:00
2025-08-19T15:42:29.1593193Z #33 10.42 Downloading boto3-1.34.162-py3-none-any.whl (139 kB)
2025-08-19T15:42:29.1593856Z #33 10.42 Downloading jinja2-3.1.5-py3-none-any.whl (134 kB)
2025-08-19T15:42:29.1594481Z #33 10.42 Downloading celery-5.3.6-py3-none-any.whl (422 kB)
2025-08-19T15:42:29.2592828Z #33 10.44 Downloading structlog-24.1.0-py3-none-any.whl (65 kB)
2025-08-19T15:42:29.2593896Z #33 10.44 Downloading asgi_correlation_id-4.3.1-py3-none-any.whl (15 kB)
2025-08-19T15:42:29.2594733Z #33 10.45 Downloading fastapi_limiter-0.1.6-py3-none-any.whl (15 kB)
2025-08-19T15:42:29.2595388Z #33 10.46 Downloading redis-5.0.8-py3-none-any.whl (255 kB)
2025-08-19T15:42:29.2596009Z #33 10.47 Downloading sentry_sdk-2.9.0-py2.py3-none-any.whl (301 kB)
2025-08-19T15:42:29.2596670Z #33 10.48 Downloading httpcore-1.0.9-py3-none-any.whl (78 kB)
2025-08-19T15:42:29.2597479Z #33 10.50 Downloading psycopg_binary-3.2.9-cp312-cp312-manylinux_2_17_x86_64.manylinux2014_x86_64.whl (4.4 MB)
2025-08-19T15:42:29.3607618Z #33 10.54    ━━━━━━━━━━━━━━━━━━━━━━━━━━━━━━━━━━━━━━━━ 4.4/4.4 MB 179.1 MB/s eta 0:00:00
2025-08-19T15:42:29.3608377Z #33 10.54 Downloading billiard-4.2.1-py3-none-any.whl (86 kB)
2025-08-19T15:42:29.3609048Z #33 10.54 Downloading botocore-1.34.162-py3-none-any.whl (12.5 MB)
2025-08-19T15:42:29.3610211Z #33 10.62    ━━━━━━━━━━━━━━━━━━━━━━━━━━━━━━━━━━━━━━━━ 12.5/12.5 MB 171.4 MB/s eta 0:00:00
2025-08-19T15:42:29.3610861Z #33 10.63 Downloading click-8.2.1-py3-none-any.whl (102 kB)
2025-08-19T15:42:29.3611555Z #33 10.63 Downloading click_didyoumean-0.3.1-py3-none-any.whl (3.6 kB)
2025-08-19T15:42:29.3612308Z #33 10.63 Downloading click_plugins-1.1.1.2-py2.py3-none-any.whl (11 kB)
2025-08-19T15:42:29.3613035Z #33 10.64 Downloading click_repl-0.3.0-py3-none-any.whl (10 kB)
2025-08-19T15:42:29.4698349Z #33 10.64 Downloading email_validator-2.2.0-py3-none-any.whl (33 kB)
2025-08-19T15:42:29.4699144Z #33 10.65 Downloading fastapi_cli-0.0.8-py3-none-any.whl (10 kB)
2025-08-19T15:42:29.4700243Z #33 10.66 Downloading greenlet-3.2.4-cp312-cp312-manylinux_2_24_x86_64.manylinux_2_28_x86_64.whl (607 kB)
2025-08-19T15:42:29.4701551Z #33 10.66    ━━━━━━━━━━━━━━━━━━━━━━━━━━━━━━━━━━━━━━━ 607.6/607.6 kB 310.9 MB/s eta 0:00:00
2025-08-19T15:42:29.4702196Z #33 10.67 Downloading h11-0.16.0-py3-none-any.whl (37 kB)
2025-08-19T15:42:29.4702798Z #33 10.67 Downloading idna-3.10-py3-none-any.whl (70 kB)
2025-08-19T15:42:29.4703402Z #33 10.68 Downloading jmespath-1.0.1-py3-none-any.whl (20 kB)
2025-08-19T15:42:29.4704047Z #33 10.68 Downloading kombu-5.5.4-py3-none-any.whl (210 kB)
2025-08-19T15:42:29.4704638Z #33 10.69 Downloading vine-5.1.0-py3-none-any.whl (9.6 kB)
2025-08-19T15:42:29.4705446Z #33 10.69 Downloading MarkupSafe-3.0.2-cp312-cp312-manylinux_2_17_x86_64.manylinux2014_x86_64.whl (23 kB)
2025-08-19T15:42:29.4706492Z #33 10.70 Downloading orjson-3.11.2-cp312-cp312-manylinux_2_17_x86_64.manylinux2014_x86_64.whl (121 kB)
2025-08-19T15:42:29.4707330Z #33 10.70 Downloading pydantic-2.11.7-py3-none-any.whl (444 kB)
2025-08-19T15:42:29.4708181Z #33 10.71 Downloading pydantic_core-2.33.2-cp312-cp312-manylinux_2_17_x86_64.manylinux2014_x86_64.whl (2.0 MB)
2025-08-19T15:42:29.4709292Z #33 10.72    ━━━━━━━━━━━━━━━━━━━━━━━━━━━━━━━━━━━━━━━━ 2.0/2.0 MB 283.4 MB/s eta 0:00:00
2025-08-19T15:42:29.4710222Z #33 10.72 Downloading python_dateutil-2.9.0.post0-py2.py3-none-any.whl (229 kB)
2025-08-19T15:42:29.4711011Z #33 10.73 Downloading python_dotenv-1.1.1-py3-none-any.whl (20 kB)
2025-08-19T15:42:29.4712084Z #33 10.73 Downloading python_multipart-0.0.20-py3-none-any.whl (24 kB)
2025-08-19T15:42:29.4712794Z #33 10.75 Downloading s3transfer-0.10.4-py3-none-any.whl (83 kB)
2025-08-19T15:42:29.5730609Z #33 10.76 Downloading starlette-0.37.2-py3-none-any.whl (71 kB)
2025-08-19T15:42:29.5731358Z #33 10.76 Downloading anyio-4.10.0-py3-none-any.whl (107 kB)
2025-08-19T15:42:29.5733871Z #33 10.77 Downloading sniffio-1.3.1-py3-none-any.whl (10 kB)
2025-08-19T15:42:29.5736362Z #33 10.77 Downloading typing_extensions-4.14.1-py3-none-any.whl (43 kB)
2025-08-19T15:42:29.5754144Z #33 10.78 Downloading tzdata-2025.2-py2.py3-none-any.whl (347 kB)
2025-08-19T15:42:29.5756761Z #33 10.79 Downloading ujson-5.10.0-cp312-cp312-manylinux_2_17_x86_64.manylinux2014_x86_64.whl (53 kB)
2025-08-19T15:42:29.5757964Z #33 10.79 Downloading urllib3-2.5.0-py3-none-any.whl (129 kB)
2025-08-19T15:42:29.5767520Z #33 10.79 Downloading certifi-2025.8.3-py3-none-any.whl (161 kB)
2025-08-19T15:42:29.5782384Z #33 10.80 Downloading mako-1.3.10-py3-none-any.whl (78 kB)
2025-08-19T15:42:29.5783881Z #33 10.80 Downloading amqp-5.3.1-py3-none-any.whl (50 kB)
2025-08-19T15:42:29.5785543Z #33 10.81 Downloading annotated_types-0.7.0-py3-none-any.whl (13 kB)
2025-08-19T15:42:29.5786431Z #33 10.81 Downloading dnspython-2.7.0-py3-none-any.whl (313 kB)
2025-08-19T15:42:29.5788356Z #33 10.82 Downloading httptools-0.6.4-cp312-cp312-manylinux_2_5_x86_64.manylinux1_x86_64.manylinux_2_17_x86_64.manylinux2014_x86_64.whl (510 kB)
2025-08-19T15:42:29.5790666Z #33 10.83 Downloading prompt_toolkit-3.0.51-py3-none-any.whl (387 kB)
2025-08-19T15:42:29.5791605Z #33 10.83 Downloading PyYAML-6.0.2-cp312-cp312-manylinux_2_17_x86_64.manylinux2014_x86_64.whl (767 kB)
2025-08-19T15:42:29.5792875Z #33 10.84    ━━━━━━━━━━━━━━━━━━━━━━━━━━━━━━━━━━━━━━━ 767.5/767.5 kB 383.7 MB/s eta 0:00:00
2025-08-19T15:42:29.5793576Z #33 10.85 Downloading rich_toolkit-0.15.0-py3-none-any.whl (29 kB)
2025-08-19T15:42:29.6768921Z #33 10.85 Downloading six-1.17.0-py2.py3-none-any.whl (11 kB)
2025-08-19T15:42:29.6799360Z #33 10.86 Downloading typer-0.16.1-py3-none-any.whl (46 kB)
2025-08-19T15:42:29.6800734Z #33 10.87 Downloading typing_inspection-0.4.1-py3-none-any.whl (14 kB)
2025-08-19T15:42:29.6801672Z #33 10.87 Downloading uvloop-0.21.0-cp312-cp312-manylinux_2_17_x86_64.manylinux2014_x86_64.whl (4.7 MB)
2025-08-19T15:42:29.6802954Z #33 10.90    ━━━━━━━━━━━━━━━━━━━━━━━━━━━━━━━━━━━━━━━━ 4.7/4.7 MB 200.0 MB/s eta 0:00:00
2025-08-19T15:42:29.6803854Z #33 10.90 Downloading watchfiles-1.1.0-cp312-cp312-manylinux_2_17_x86_64.manylinux2014_x86_64.whl (452 kB)
2025-08-19T15:42:29.6805232Z #33 10.91 Downloading websockets-15.0.1-cp312-cp312-manylinux_2_5_x86_64.manylinux1_x86_64.manylinux_2_17_x86_64.manylinux2014_x86_64.whl (182 kB)
2025-08-19T15:42:29.6806371Z #33 10.92 Downloading packaging-25.0-py3-none-any.whl (66 kB)
2025-08-19T15:42:29.6807050Z #33 10.92 Downloading rich-14.1.0-py3-none-any.whl (243 kB)
2025-08-19T15:42:29.6807739Z #33 10.93 Downloading shellingham-1.5.4-py2.py3-none-any.whl (9.8 kB)
2025-08-19T15:42:29.6808473Z #33 10.93 Downloading wcwidth-0.2.13-py2.py3-none-any.whl (34 kB)
2025-08-19T15:42:29.6809169Z #33 10.94 Downloading markdown_it_py-4.0.0-py3-none-any.whl (87 kB)
2025-08-19T15:42:29.6838410Z #33 10.94 Downloading pygments-2.19.2-py3-none-any.whl (1.2 MB)
2025-08-19T15:42:29.7864996Z #33 10.95    ━━━━━━━━━━━━━━━━━━━━━━━━━━━━━━━━━━━━━━━━ 1.2/1.2 MB 334.6 MB/s eta 0:00:00
2025-08-19T15:42:29.7868337Z #33 10.96 Downloading mdurl-0.1.2-py3-none-any.whl (10.0 kB)
2025-08-19T15:42:30.2087821Z #33 11.49 Installing collected packages: wcwidth, websockets, vine, uvloop, urllib3, ujson, tzdata, typing-extensions, structlog, sniffio, six, shellingham, redis, pyyaml, python-multipart, python-dotenv, pygments, psycopg-binary, prompt-toolkit, packaging, orjson, mdurl, MarkupSafe, jmespath, idna, httptools, h11, greenlet, dnspython, click, certifi, billiard, asyncpg, annotated-types, uvicorn, typing-inspection, sqlalchemy, sentry-sdk, python-dateutil, pydantic-core, psycopg, markdown-it-py, Mako, Jinja2, httpcore, email_validator, click-repl, click-plugins, click-didyoumean, anyio, amqp, watchfiles, starlette, rich, pydantic, kombu, httpx, botocore, alembic, typer, s3transfer, rich-toolkit, pydantic-settings, celery, asgi-correlation-id, fastapi-cli, boto3, fastapi, fastapi-limiter
2025-08-19T15:42:30.9730818Z #33 ...
2025-08-19T15:42:30.9731604Z 
2025-08-19T15:42:30.9737326Z #32 [api stage-1 3/6] RUN set -eux;     if [ -f /etc/apt/sources.list ]; then         sed -i 's|http://deb.debian.org|https://deb.debian.org|g' /etc/apt/sources.list;     fi;     apt-get update;     apt-get install -y --no-install-recommends tzdata postgresql-client curl;     rm -rf /var/lib/apt/lists/*
2025-08-19T15:42:30.9739653Z #32 10.17 Selecting previously unselected package postgresql-client-17.
2025-08-19T15:42:30.9743434Z #32 10.17 Preparing to unpack .../29-postgresql-client-17_17.5-1_amd64.deb ...
2025-08-19T15:42:30.9747254Z #32 10.18 Unpacking postgresql-client-17 (17.5-1) ...
2025-08-19T15:42:30.9747989Z #32 10.43 Selecting previously unselected package postgresql-client.
2025-08-19T15:42:30.9750132Z #32 10.43 Preparing to unpack .../30-postgresql-client_17+278_all.deb ...
2025-08-19T15:42:30.9750813Z #32 10.44 Unpacking postgresql-client (17+278) ...
2025-08-19T15:42:30.9751356Z #32 10.47 Setting up libkeyutils1:amd64 (1.6.3-6) ...
2025-08-19T15:42:30.9753099Z #32 10.48 Setting up libgdbm-compat4t64:amd64 (1.24-2) ...
2025-08-19T15:42:30.9754079Z #32 10.48 Setting up libbrotli1:amd64 (1.1.0-2+b7) ...
2025-08-19T15:42:30.9754646Z #32 10.49 Setting up libnghttp2-14:amd64 (1.64.0-1.1) ...
2025-08-19T15:42:30.9755254Z #32 10.49 Setting up libcom-err2:amd64 (1.47.2-3+b3) ...
2025-08-19T15:42:30.9756112Z #32 10.51 Setting up libkrb5support0:amd64 (1.21.3-5) ...
2025-08-19T15:42:30.9756852Z #32 10.55 Setting up libsasl2-modules-db:amd64 (2.1.28+dfsg1-9) ...
2025-08-19T15:42:30.9757480Z #32 10.55 Setting up libp11-kit0:amd64 (0.25.5-3) ...
2025-08-19T15:42:30.9758184Z #32 10.56 Setting up libunistring5:amd64 (1.3-2) ...
2025-08-19T15:42:30.9758738Z #32 10.56 Setting up libk5crypto3:amd64 (1.21.3-5) ...
2025-08-19T15:42:30.9759296Z #32 10.57 Setting up libsasl2-2:amd64 (2.1.28+dfsg1-9) ...
2025-08-19T15:42:30.9760338Z #32 10.58 Setting up libnghttp3-9:amd64 (1.8.0-1) ...
2025-08-19T15:42:30.9761049Z #32 10.59 Setting up perl-modules-5.40 (5.40.1-6) ...
2025-08-19T15:42:30.9761714Z #32 10.59 Setting up sensible-utils (0.0.25) ...
2025-08-19T15:42:30.9762240Z #32 10.60 Setting up libtasn1-6:amd64 (4.20.0-2) ...
2025-08-19T15:42:30.9762907Z #32 10.61 Setting up libkrb5-3:amd64 (1.21.3-5) ...
2025-08-19T15:42:30.9763887Z #32 10.62 Setting up libssh2-1t64:amd64 (1.11.1-1) ...
2025-08-19T15:42:30.9764443Z #32 10.62 Setting up libldap2:amd64 (2.6.10+dfsg-1) ...
2025-08-19T15:42:30.9764960Z #32 10.63 Setting up libidn2-0:amd64 (2.3.8-2) ...
2025-08-19T15:42:30.9765479Z #32 10.63 Setting up libperl5.40:amd64 (5.40.1-6) ...
2025-08-19T15:42:30.9766220Z #32 10.64 Setting up perl (5.40.1-6) ...
2025-08-19T15:42:30.9766740Z #32 10.66 Setting up libgssapi-krb5-2:amd64 (1.21.3-5) ...
2025-08-19T15:42:30.9767309Z #32 10.67 Setting up libgnutls30t64:amd64 (3.8.9-3) ...
2025-08-19T15:42:30.9768107Z #32 10.67 Setting up postgresql-client-common (278) ...
2025-08-19T15:42:30.9768694Z #32 10.69 Setting up libpsl5t64:amd64 (0.21.2-1.1+b1) ...
2025-08-19T15:42:30.9769584Z #32 10.70 Setting up libpq5:amd64 (17.5-1) ...
2025-08-19T15:42:30.9770212Z #32 10.70 Setting up librtmp1:amd64 (2.4+20151223.gitfa8646d.1-2+b5) ...
2025-08-19T15:42:30.9770795Z #32 10.71 Setting up libcurl4t64:amd64 (8.14.1-2) ...
2025-08-19T15:42:30.9771302Z #32 10.71 Setting up postgresql-client-17 (17.5-1) ...
2025-08-19T15:42:30.9782369Z #32 11.58 update-alternatives: using /usr/share/postgresql/17/man/man1/psql.1.gz to provide /usr/share/man/man1/psql.1.gz (psql.1.gz) in auto mode
2025-08-19T15:42:30.9783380Z #32 12.02 Setting up curl (8.14.1-2) ...
2025-08-19T15:42:30.9783863Z #32 12.04 Setting up postgresql-client (17+278) ...
2025-08-19T15:42:30.9784380Z #32 12.05 Processing triggers for libc-bin (2.41-12) ...
2025-08-19T15:42:30.9788398Z #32 12.11 + rm -rf /var/lib/apt/lists/auxfiles /var/lib/apt/lists/deb.debian.org_debian-security_dists_trixie-security_InRelease /var/lib/apt/lists/deb.debian.org_debian-security_dists_trixie-security_main_binary-amd64_Packages.lz4 /var/lib/apt/lists/deb.debian.org_debian_dists_trixie-updates_InRelease /var/lib/apt/lists/deb.debian.org_debian_dists_trixie-updates_main_binary-amd64_Packages.lz4 /var/lib/apt/lists/deb.debian.org_debian_dists_trixie_InRelease /var/lib/apt/lists/deb.debian.org_debian_dists_trixie_main_binary-amd64_Packages.lz4 /var/lib/apt/lists/lock /var/lib/apt/lists/partial
2025-08-19T15:42:30.9792480Z #32 DONE 12.2s
2025-08-19T15:42:30.9792646Z 
2025-08-19T15:42:30.9793758Z #34 [fees_h10 base 4/6] RUN if [ -n "" ] && [ -f "fees_h10/" ]; then         pip install -r fees_h10/requirements.txt -c fees_h10/;     else         pip install -r fees_h10/requirements.txt;     fi
2025-08-19T15:42:30.9796713Z #34 11.88 Successfully installed PyJWT-2.10.1 amqp-5.3.1 anyio-4.10.0 asyncpg-0.30.0 billiard-4.2.1 celery-5.4.0 certifi-2025.8.3 click-8.2.1 click-didyoumean-0.3.1 click-plugins-1.1.1.2 click-repl-0.3.0 greenlet-3.2.4 h11-0.16.0 httpcore-1.0.9 httpx-0.28.1 idna-3.10 kombu-5.5.4 packaging-25.0 prompt-toolkit-3.0.51 python-dateutil-2.9.0.post0 redis-5.3.1 six-1.17.0 sniffio-1.3.1 sqlalchemy-2.0.43 typing-extensions-4.14.1 tzdata-2025.2 vine-5.1.0 wcwidth-0.2.13
2025-08-19T15:42:30.9801362Z #34 11.89 WARNING: Running pip as the 'root' user can result in broken permissions and conflicting behaviour with the system package manager, possibly rendering your system unusable. It is recommended to use a virtual environment instead: https://pip.pypa.io/warnings/venv. Use the --root-user-action option if you know what you are doing and want to suppress this warning.
2025-08-19T15:42:30.9803617Z #34 11.98 
2025-08-19T15:42:30.9804056Z #34 11.98 [notice] A new release of pip is available: 25.0.1 -> 25.2
2025-08-19T15:42:30.9804712Z #34 11.98 [notice] To update, run: pip install --upgrade pip
2025-08-19T15:42:30.9805229Z #34 DONE 12.2s
2025-08-19T15:42:31.1638692Z 
2025-08-19T15:42:31.1641108Z #35 [fees_h10 base 5/6] COPY . ./fees_h10
2025-08-19T15:42:31.1641704Z #35 DONE 0.0s
2025-08-19T15:42:31.1641897Z 
2025-08-19T15:42:31.1642068Z #36 [fees_h10 base 6/6] COPY start.sh ./start.sh
2025-08-19T15:42:31.1642505Z #36 DONE 0.0s
2025-08-19T15:42:31.1642694Z 
2025-08-19T15:42:31.1643337Z #31 [postgres 1/6] FROM docker.io/library/postgres:16@sha256:66a5efb5677ffac1037774a0e141fd3a4c035c9c0c0e624c9cc980dfa10f45e5
2025-08-19T15:42:31.1644584Z #31 extracting sha256:a1e4ad56dcecf442fba1cec05cd565ededfdc663e5172df9ef9394d96d4c96f8 6.8s done
2025-08-19T15:42:31.1645654Z #31 extracting sha256:987c1b4919ea2d87df20824aaef43a9de0575ac7df684579ad267c7e48c8eeea done
2025-08-19T15:42:31.1646699Z #31 extracting sha256:a858bd6d34e86a481a2e028e3ba489e662b3ac7713eba9a5d3bb97002c7d797e done
2025-08-19T15:42:31.1647717Z #31 extracting sha256:f1b3502db45ad485f0affe43e32fc81d699ddac01c023f198271a0a7e1cecd4c done
2025-08-19T15:42:31.1649965Z #31 extracting sha256:25ef78fb127c1934630de29a3d38f46e544360b1dcf5cfc09b25507fbe88fd75 done
2025-08-19T15:42:31.1651792Z #31 extracting sha256:240810240d04caaaccb11d51ba7c3a7f7d6f470ec2a80ee420a3d33899d9a303 done
2025-08-19T15:42:31.1652638Z #31 DONE 11.0s
2025-08-19T15:42:31.1653228Z 
2025-08-19T15:42:31.1654152Z #28 [celery_worker base 4/5] RUN if [ -n "" ] && [ -f "" ]; then         pip install -r requirements.txt -c "";     else         pip install -r requirements.txt;     fi
2025-08-19T15:42:31.1655194Z #28 2.828 Collecting keepa==1.3.14 (from -r requirements.txt (line 1))
2025-08-19T15:42:31.1655889Z #28 2.863   Downloading keepa-1.3.14-py3-none-any.whl.metadata (10 kB)
2025-08-19T15:42:31.1656597Z #28 2.932 Collecting minio==7.1.15 (from -r requirements.txt (line 2))
2025-08-19T15:42:31.1657324Z #28 2.937   Downloading minio-7.1.15-py3-none-any.whl.metadata (4.2 kB)
2025-08-19T15:42:31.1658041Z #28 3.016 Collecting celery==5.3.* (from -r requirements.txt (line 3))
2025-08-19T15:42:31.1659121Z #28 3.024   Downloading celery-5.3.6-py3-none-any.whl.metadata (21 kB)
2025-08-19T15:42:31.1660254Z #28 3.166 Collecting redis==5.* (from -r requirements.txt (line 4))
2025-08-19T15:42:31.1660965Z #28 3.169   Downloading redis-5.3.1-py3-none-any.whl.metadata (9.2 kB)
2025-08-19T15:42:31.1661753Z #28 3.317 Collecting python-amazon-sp-api==0.8.0 (from -r requirements.txt (line 5))
2025-08-19T15:42:31.1662641Z #28 3.324   Downloading python_amazon_sp_api-0.8.0-py3-none-any.whl.metadata (3.2 kB)
2025-08-19T15:42:31.1663505Z #28 3.376 Collecting pydantic-settings==2.2.1 (from -r requirements.txt (line 6))
2025-08-19T15:42:31.1664375Z #28 3.378   Downloading pydantic_settings-2.2.1-py3-none-any.whl.metadata (3.1 kB)
2025-08-19T15:42:31.1665136Z #28 3.768 Collecting numpy<2 (from -r requirements.txt (line 7))
2025-08-19T15:42:31.1666273Z #28 3.772   Downloading numpy-1.26.4-cp312-cp312-manylinux_2_17_x86_64.manylinux2014_x86_64.whl.metadata (61 kB)
2025-08-19T15:42:31.1667236Z #28 3.980 Collecting pandas==2.2.* (from -r requirements.txt (line 8))
2025-08-19T15:42:31.1668271Z #28 3.986   Downloading pandas-2.2.3-cp312-cp312-manylinux_2_17_x86_64.manylinux2014_x86_64.whl.metadata (89 kB)
2025-08-19T15:42:31.1669216Z #28 4.112 Collecting pandera==0.19.* (from -r requirements.txt (line 9))
2025-08-19T15:42:31.1670133Z #28 4.187   Downloading pandera-0.19.3-py3-none-any.whl.metadata (15 kB)
2025-08-19T15:42:31.1670895Z #28 4.244 Collecting openpyxl==3.1.* (from -r requirements.txt (line 10))
2025-08-19T15:42:31.1671690Z #28 4.248   Downloading openpyxl-3.1.5-py2.py3-none-any.whl.metadata (2.5 kB)
2025-08-19T15:42:31.1672502Z #28 4.366 Collecting psycopg2-binary==2.9.* (from -r requirements.txt (line 11))
2025-08-19T15:42:31.1673564Z #28 4.370   Downloading psycopg2_binary-2.9.10-cp312-cp312-manylinux_2_17_x86_64.manylinux2014_x86_64.whl.metadata (4.9 kB)
2025-08-19T15:42:31.1674681Z #28 4.472 Collecting requests>=2.2 (from keepa==1.3.14->-r requirements.txt (line 1))
2025-08-19T15:42:31.1675525Z #28 4.478   Downloading requests-2.32.5-py3-none-any.whl.metadata (4.9 kB)
2025-08-19T15:42:31.1676276Z #28 4.558 Collecting tqdm (from keepa==1.3.14->-r requirements.txt (line 1))
2025-08-19T15:42:31.1677028Z #28 4.567   Downloading tqdm-4.67.1-py3-none-any.whl.metadata (57 kB)
2025-08-19T15:42:31.1677768Z #28 5.428 Collecting aiohttp (from keepa==1.3.14->-r requirements.txt (line 1))
2025-08-19T15:42:31.1678755Z #28 5.435   Downloading aiohttp-3.12.15-cp312-cp312-manylinux_2_17_x86_64.manylinux2014_x86_64.whl.metadata (7.7 kB)
2025-08-19T15:42:31.1680027Z #28 5.650 Collecting pydantic (from keepa==1.3.14->-r requirements.txt (line 1))
2025-08-19T15:42:31.1680874Z #28 5.659   Downloading pydantic-2.11.7-py3-none-any.whl.metadata (67 kB)
2025-08-19T15:42:31.1681690Z #28 5.713 Collecting certifi (from minio==7.1.15->-r requirements.txt (line 2))
2025-08-19T15:42:31.1682517Z #28 5.722   Downloading certifi-2025.8.3-py3-none-any.whl.metadata (2.4 kB)
2025-08-19T15:42:31.1683297Z #28 5.789 Collecting urllib3 (from minio==7.1.15->-r requirements.txt (line 2))
2025-08-19T15:42:31.1684074Z #28 5.794   Downloading urllib3-2.5.0-py3-none-any.whl.metadata (6.5 kB)
2025-08-19T15:42:31.1684899Z #28 5.859 Collecting billiard<5.0,>=4.2.0 (from celery==5.3.*->-r requirements.txt (line 3))
2025-08-19T15:42:31.1685731Z #28 5.865   Downloading billiard-4.2.1-py3-none-any.whl.metadata (4.4 kB)
2025-08-19T15:42:31.1686621Z #28 5.897 Collecting click-didyoumean>=0.3.0 (from celery==5.3.*->-r requirements.txt (line 3))
2025-08-19T15:42:31.1687564Z #28 5.906   Downloading click_didyoumean-0.3.1-py3-none-any.whl.metadata (3.9 kB)
2025-08-19T15:42:31.1688463Z #28 5.931 Collecting click-plugins>=1.1.1 (from celery==5.3.*->-r requirements.txt (line 3))
2025-08-19T15:42:31.1689371Z #28 5.940   Downloading click_plugins-1.1.1.2-py2.py3-none-any.whl.metadata (6.5 kB)
2025-08-19T15:42:31.1690463Z #28 5.967 Collecting click-repl>=0.2.0 (from celery==5.3.*->-r requirements.txt (line 3))
2025-08-19T15:42:31.1691281Z #28 5.974   Downloading click_repl-0.3.0-py3-none-any.whl.metadata (3.6 kB)
2025-08-19T15:42:31.1692341Z #28 6.021 Collecting click<9.0,>=8.1.2 (from celery==5.3.*->-r requirements.txt (line 3))
2025-08-19T15:42:31.1693108Z #28 6.026   Downloading click-8.2.1-py3-none-any.whl.metadata (2.5 kB)
2025-08-19T15:42:31.1693867Z #28 6.097 Collecting kombu<6.0,>=5.3.4 (from celery==5.3.*->-r requirements.txt (line 3))
2025-08-19T15:42:31.1694609Z #28 6.101   Downloading kombu-5.5.4-py3-none-any.whl.metadata (3.5 kB)
2025-08-19T15:42:31.1695413Z #28 6.146 Collecting python-dateutil>=2.8.2 (from celery==5.3.*->-r requirements.txt (line 3))
2025-08-19T15:42:31.1696345Z #28 6.153   Downloading python_dateutil-2.9.0.post0-py2.py3-none-any.whl.metadata (8.4 kB)
2025-08-19T15:42:31.1697252Z #28 6.184 Collecting tzdata>=2022.7 (from celery==5.3.*->-r requirements.txt (line 3))
2025-08-19T15:42:31.1698281Z #28 6.190   Downloading tzdata-2025.2-py2.py3-none-any.whl.metadata (1.4 kB)
2025-08-19T15:42:31.1699093Z #28 6.221 Collecting vine<6.0,>=5.1.0 (from celery==5.3.*->-r requirements.txt (line 3))
2025-08-19T15:42:31.1700186Z #28 6.228   Downloading vine-5.1.0-py3-none-any.whl.metadata (2.7 kB)
2025-08-19T15:42:31.1727813Z #28 6.285 Collecting PyJWT>=2.9.0 (from redis==5.*->-r requirements.txt (line 4))
2025-08-19T15:42:31.1728730Z #28 6.296   Downloading PyJWT-2.10.1-py3-none-any.whl.metadata (4.0 kB)
2025-08-19T15:42:31.1729796Z #28 6.352 Collecting six<2,>=1.15 (from python-amazon-sp-api==0.8.0->-r requirements.txt (line 5))
2025-08-19T15:42:31.1730703Z #28 6.366   Downloading six-1.17.0-py2.py3-none-any.whl.metadata (1.7 kB)
2025-08-19T15:42:31.1731594Z #28 7.085 Collecting boto3<2,>=1.16.39 (from python-amazon-sp-api==0.8.0->-r requirements.txt (line 5))
2025-08-19T15:42:31.1732573Z #28 7.091   Downloading boto3-1.40.12-py3-none-any.whl.metadata (6.7 kB)
2025-08-19T15:42:31.1733529Z #28 7.131 Collecting cachetools~=4.2.0 (from python-amazon-sp-api==0.8.0->-r requirements.txt (line 5))
2025-08-19T15:42:31.1734456Z #28 7.134   Downloading cachetools-4.2.4-py3-none-any.whl.metadata (4.8 kB)
2025-08-19T15:42:31.1735419Z #28 7.266 Collecting pycryptodome (from python-amazon-sp-api==0.8.0->-r requirements.txt (line 5))
2025-08-19T15:42:31.1736528Z #28 7.269   Downloading pycryptodome-3.23.0-cp37-abi3-manylinux_2_17_x86_64.manylinux2014_x86_64.whl.metadata (3.4 kB)
2025-08-19T15:42:31.1737564Z #28 7.347 Collecting pytz (from python-amazon-sp-api==0.8.0->-r requirements.txt (line 5))
2025-08-19T15:42:31.1738413Z #28 7.354   Downloading pytz-2025.2-py2.py3-none-any.whl.metadata (22 kB)
2025-08-19T15:42:31.1739272Z #28 7.392 Collecting confuse~=1.4.0 (from python-amazon-sp-api==0.8.0->-r requirements.txt (line 5))
2025-08-19T15:42:31.1740866Z #28 7.398   Downloading confuse-1.4.0-py2.py3-none-any.whl.metadata (3.8 kB)
2025-08-19T15:42:31.1741844Z #28 7.453 Collecting python-dotenv>=0.21.0 (from pydantic-settings==2.2.1->-r requirements.txt (line 6))
2025-08-19T15:42:31.1742808Z #28 7.456   Downloading python_dotenv-1.1.1-py3-none-any.whl.metadata (24 kB)
2025-08-19T15:42:31.1743704Z #28 7.542 Collecting multimethod<=1.10.0 (from pandera==0.19.*->-r requirements.txt (line 9))
2025-08-19T15:42:31.1744625Z #28 7.550   Downloading multimethod-1.10-py3-none-any.whl.metadata (8.2 kB)
2025-08-19T15:42:31.1745526Z #28 7.623 Collecting packaging>=20.0 (from pandera==0.19.*->-r requirements.txt (line 9))
2025-08-19T15:42:31.1746408Z #28 7.629   Downloading packaging-25.0-py3-none-any.whl.metadata (3.3 kB)
2025-08-19T15:42:31.1747273Z #28 7.714 Collecting typeguard (from pandera==0.19.*->-r requirements.txt (line 9))
2025-08-19T15:42:31.1748138Z #28 7.719   Downloading typeguard-4.4.4-py3-none-any.whl.metadata (3.3 kB)
2025-08-19T15:42:31.1749036Z #28 7.750 Collecting typing-inspect>=0.6.0 (from pandera==0.19.*->-r requirements.txt (line 9))
2025-08-19T15:42:31.1750165Z #28 7.756   Downloading typing_inspect-0.9.0-py3-none-any.whl.metadata (1.5 kB)
2025-08-19T15:42:31.1751049Z #28 7.908 Collecting wrapt (from pandera==0.19.*->-r requirements.txt (line 9))
2025-08-19T15:42:31.1752513Z #28 7.913   Downloading wrapt-1.17.3-cp312-cp312-manylinux1_x86_64.manylinux_2_28_x86_64.manylinux_2_5_x86_64.whl.metadata (6.4 kB)
2025-08-19T15:42:31.1753680Z #28 7.938 Collecting et-xmlfile (from openpyxl==3.1.*->-r requirements.txt (line 10))
2025-08-19T15:42:31.1754538Z #28 7.944   Downloading et_xmlfile-2.0.0-py3-none-any.whl.metadata (2.7 kB)
2025-08-19T15:42:31.1755596Z #28 8.594 Collecting botocore<1.41.0,>=1.40.12 (from boto3<2,>=1.16.39->python-amazon-sp-api==0.8.0->-r requirements.txt (line 5))
2025-08-19T15:42:31.1756633Z #28 8.605   Downloading botocore-1.40.12-py3-none-any.whl.metadata (5.7 kB)
2025-08-19T15:42:31.1757668Z #28 8.631 Collecting jmespath<2.0.0,>=0.7.1 (from boto3<2,>=1.16.39->python-amazon-sp-api==0.8.0->-r requirements.txt (line 5))
2025-08-19T15:42:31.1758686Z #28 8.635   Downloading jmespath-1.0.1-py3-none-any.whl.metadata (7.6 kB)
2025-08-19T15:42:31.1760120Z #28 8.666 Collecting s3transfer<0.14.0,>=0.13.0 (from boto3<2,>=1.16.39->python-amazon-sp-api==0.8.0->-r requirements.txt (line 5))
2025-08-19T15:42:31.1761213Z #28 8.673   Downloading s3transfer-0.13.1-py3-none-any.whl.metadata (1.7 kB)
2025-08-19T15:42:31.1762210Z #28 8.795 Collecting prompt-toolkit>=3.0.36 (from click-repl>=0.2.0->celery==5.3.*->-r requirements.txt (line 3))
2025-08-19T15:42:31.1763185Z #28 8.800   Downloading prompt_toolkit-3.0.51-py3-none-any.whl.metadata (6.4 kB)
2025-08-19T15:42:31.1764109Z #28 8.868 Collecting pyyaml (from confuse~=1.4.0->python-amazon-sp-api==0.8.0->-r requirements.txt (line 5))
2025-08-19T15:42:31.1765172Z #28 8.876   Downloading PyYAML-6.0.2-cp312-cp312-manylinux_2_17_x86_64.manylinux2014_x86_64.whl.metadata (2.1 kB)
2025-08-19T15:42:31.1766182Z #28 8.921 Collecting amqp<6.0.0,>=5.1.1 (from kombu<6.0,>=5.3.4->celery==5.3.*->-r requirements.txt (line 3))
2025-08-19T15:42:31.1766996Z #28 9.003   Downloading amqp-5.3.1-py3-none-any.whl.metadata (8.9 kB)
2025-08-19T15:42:31.1767892Z #28 9.043 Collecting annotated-types>=0.6.0 (from pydantic->keepa==1.3.14->-r requirements.txt (line 1))
2025-08-19T15:42:31.1768849Z #28 9.048   Downloading annotated_types-0.7.0-py3-none-any.whl.metadata (15 kB)
2025-08-19T15:42:31.1770081Z #28 9.943 Collecting pydantic-core==2.33.2 (from pydantic->keepa==1.3.14->-r requirements.txt (line 1))
2025-08-19T15:42:31.1771217Z #28 9.948   Downloading pydantic_core-2.33.2-cp312-cp312-manylinux_2_17_x86_64.manylinux2014_x86_64.whl.metadata (6.8 kB)
2025-08-19T15:42:31.1772345Z #28 9.986 Collecting typing-extensions>=4.12.2 (from pydantic->keepa==1.3.14->-r requirements.txt (line 1))
2025-08-19T15:42:31.1773320Z #28 9.990   Downloading typing_extensions-4.14.1-py3-none-any.whl.metadata (3.0 kB)
2025-08-19T15:42:31.1774314Z #28 10.02 Collecting typing-inspection>=0.4.0 (from pydantic->keepa==1.3.14->-r requirements.txt (line 1))
2025-08-19T15:42:31.1775324Z #28 10.02   Downloading typing_inspection-0.4.1-py3-none-any.whl.metadata (2.6 kB)
2025-08-19T15:42:31.1776360Z #28 10.16 Collecting charset_normalizer<4,>=2 (from requests>=2.2->keepa==1.3.14->-r requirements.txt (line 1))
2025-08-19T15:42:31.1777740Z #28 10.16   Downloading charset_normalizer-3.4.3-cp312-cp312-manylinux2014_x86_64.manylinux_2_17_x86_64.manylinux_2_28_x86_64.whl.metadata (36 kB)
2025-08-19T15:42:31.1779023Z #28 10.21 Collecting idna<4,>=2.5 (from requests>=2.2->keepa==1.3.14->-r requirements.txt (line 1))
2025-08-19T15:42:31.1780068Z #28 10.22   Downloading idna-3.10-py3-none-any.whl.metadata (10 kB)
2025-08-19T15:42:31.1781072Z #28 10.29 Collecting mypy-extensions>=0.3.0 (from typing-inspect>=0.6.0->pandera==0.19.*->-r requirements.txt (line 9))
2025-08-19T15:42:31.1782142Z #28 10.30   Downloading mypy_extensions-1.1.0-py3-none-any.whl.metadata (1.1 kB)
2025-08-19T15:42:31.1783127Z #28 10.36 Collecting aiohappyeyeballs>=2.5.0 (from aiohttp->keepa==1.3.14->-r requirements.txt (line 1))
2025-08-19T15:42:31.1784160Z #28 10.36   Downloading aiohappyeyeballs-2.6.1-py3-none-any.whl.metadata (5.9 kB)
2025-08-19T15:42:31.1785112Z #28 10.39 Collecting aiosignal>=1.4.0 (from aiohttp->keepa==1.3.14->-r requirements.txt (line 1))
2025-08-19T15:42:31.1786333Z #28 10.40   Downloading aiosignal-1.4.0-py3-none-any.whl.metadata (3.7 kB)
2025-08-19T15:42:31.1787231Z #28 10.43 Collecting attrs>=17.3.0 (from aiohttp->keepa==1.3.14->-r requirements.txt (line 1))
2025-08-19T15:42:31.1788070Z #28 10.44   Downloading attrs-25.3.0-py3-none-any.whl.metadata (10 kB)
2025-08-19T15:42:31.1790063Z #28 10.66 Collecting frozenlist>=1.1.1 (from aiohttp->keepa==1.3.14->-r requirements.txt (line 1))
2025-08-19T15:42:31.1792300Z #28 10.66   Downloading frozenlist-1.7.0-cp312-cp312-manylinux_2_5_x86_64.manylinux1_x86_64.manylinux_2_17_x86_64.manylinux2014_x86_64.whl.metadata (18 kB)
2025-08-19T15:42:31.1793602Z #28 11.05 Collecting multidict<7.0,>=4.5 (from aiohttp->keepa==1.3.14->-r requirements.txt (line 1))
2025-08-19T15:42:31.1795026Z #28 11.06   Downloading multidict-6.6.4-cp312-cp312-manylinux2014_x86_64.manylinux_2_17_x86_64.manylinux_2_28_x86_64.whl.metadata (5.3 kB)
2025-08-19T15:42:31.1796224Z #28 11.77 Collecting propcache>=0.2.0 (from aiohttp->keepa==1.3.14->-r requirements.txt (line 1))
2025-08-19T15:42:31.1797304Z #28 11.78   Downloading propcache-0.3.2-cp312-cp312-manylinux_2_17_x86_64.manylinux2014_x86_64.whl.metadata (12 kB)
2025-08-19T15:42:31.1798328Z #28 12.27 Collecting yarl<2.0,>=1.17.0 (from aiohttp->keepa==1.3.14->-r requirements.txt (line 1))
2025-08-19T15:42:31.1799327Z #28 12.28   Downloading yarl-1.20.1-cp312-cp312-manylinux_2_17_x86_64.manylinux2014_x86_64.whl.metadata (73 kB)
2025-08-19T15:42:31.2694724Z #28 12.43 Collecting wcwidth (from prompt-toolkit>=3.0.36->click-repl>=0.2.0->celery==5.3.*->-r requirements.txt (line 3))
2025-08-19T15:42:31.2704091Z #28 12.43   Downloading wcwidth-0.2.13-py2.py3-none-any.whl.metadata (14 kB)
2025-08-19T15:42:31.3725685Z #28 ...
2025-08-19T15:42:31.3728327Z 
2025-08-19T15:42:31.3731044Z #37 [postgres 2/6] RUN set -eux;     if [ -f /etc/apt/sources.list ]; then         sed -i 's|http://deb.debian.org|https://deb.debian.org|g' /etc/apt/sources.list;     fi;     apt-get update;     apt-get install -y locales;     locale-gen en_US.UTF-8;     rm -rf /var/lib/apt/lists/*
2025-08-19T15:42:31.3733742Z #37 0.211 + [ -f /etc/apt/sources.list ]
2025-08-19T15:42:31.3741562Z #37 0.216 + apt-get update
2025-08-19T15:42:31.3769893Z #37 0.265 Get:1 http://deb.debian.org/debian trixie InRelease [138 kB]
2025-08-19T15:42:31.3771444Z #37 0.286 Get:2 http://deb.debian.org/debian trixie-updates InRelease [47.1 kB]
2025-08-19T15:42:31.3773864Z #37 0.287 Get:3 http://deb.debian.org/debian-security trixie-security InRelease [43.4 kB]
2025-08-19T15:42:31.3774848Z #37 0.287 Get:4 http://apt.postgresql.org/pub/repos/apt trixie-pgdg InRelease [107 kB]
2025-08-19T15:42:31.3775773Z #37 0.314 Get:5 http://deb.debian.org/debian trixie/main amd64 Packages [9,668 kB]
2025-08-19T15:42:31.5539368Z #37 0.349 Get:6 http://apt.postgresql.org/pub/repos/apt trixie-pgdg/16 amd64 Packages [2,574 B]
2025-08-19T15:42:31.5554676Z #37 0.373 Get:7 http://apt.postgresql.org/pub/repos/apt trixie-pgdg/main amd64 Packages [334 kB]
2025-08-19T15:42:31.5555666Z #37 0.378 Get:8 http://deb.debian.org/debian trixie-updates/main amd64 Packages [2,432 B]
2025-08-19T15:42:31.5556559Z #37 0.379 Get:9 http://deb.debian.org/debian-security trixie-security/main amd64 Packages [11.6 kB]
2025-08-19T15:42:32.4038509Z #37 1.318 Fetched 10.4 MB in 1s (9,720 kB/s)
2025-08-19T15:42:33.2426598Z #37 1.318 Reading package lists...
2025-08-19T15:42:33.4240448Z #37 2.198 + apt-get install -y locales
2025-08-19T15:42:33.5671808Z #37 2.214 Reading package lists...
2025-08-19T15:42:33.5672635Z #37 ...
2025-08-19T15:42:33.5672833Z 
2025-08-19T15:42:33.5673355Z #38 [fees_h10 stage-1 3/5] COPY --from=base /usr/local /usr/local
2025-08-19T15:42:33.5674357Z #38 DONE 1.5s
2025-08-19T15:42:33.7508502Z 
2025-08-19T15:42:33.7510573Z #39 [fees_h10 stage-1 4/5] COPY --from=base /app /app
2025-08-19T15:42:33.7511545Z #39 DONE 0.0s
2025-08-19T15:42:33.7512372Z 
2025-08-19T15:42:33.7513410Z #28 [celery_worker base 4/5] RUN if [ -n "" ] && [ -f "" ]; then         pip install -r requirements.txt -c "";     else         pip install -r requirements.txt;     fi
2025-08-19T15:42:33.7515107Z #28 12.82 Downloading keepa-1.3.14-py3-none-any.whl (33 kB)
2025-08-19T15:42:33.7515912Z #28 12.83 Downloading minio-7.1.15-py3-none-any.whl (77 kB)
2025-08-19T15:42:33.7540324Z #28 12.84 Downloading celery-5.3.6-py3-none-any.whl (422 kB)
2025-08-19T15:42:33.7541368Z #28 12.85 Downloading redis-5.3.1-py3-none-any.whl (272 kB)
2025-08-19T15:42:33.7543588Z #28 12.86 Downloading python_amazon_sp_api-0.8.0-py3-none-any.whl (93 kB)
2025-08-19T15:42:33.7544352Z #28 12.88 Downloading pydantic_settings-2.2.1-py3-none-any.whl (13 kB)
2025-08-19T15:42:33.7545253Z #28 12.89 Downloading pandas-2.2.3-cp312-cp312-manylinux_2_17_x86_64.manylinux2014_x86_64.whl (12.7 MB)
2025-08-19T15:42:33.7546463Z #28 13.00    ━━━━━━━━━━━━━━━━━━━━━━━━━━━━━━━━━━━━━━━━ 12.7/12.7 MB 118.2 MB/s eta 0:00:00
2025-08-19T15:42:33.7547389Z #28 13.01 Downloading pandera-0.19.3-py3-none-any.whl (251 kB)
2025-08-19T15:42:33.7548059Z #28 13.04 Downloading openpyxl-3.1.5-py2.py3-none-any.whl (250 kB)
2025-08-19T15:42:33.7548992Z #28 13.04 Downloading psycopg2_binary-2.9.10-cp312-cp312-manylinux_2_17_x86_64.manylinux2014_x86_64.whl (3.0 MB)
2025-08-19T15:42:33.7550267Z #28 13.07    ━━━━━━━━━━━━━━━━━━━━━━━━━━━━━━━━━━━━━━━━ 3.0/3.0 MB 119.5 MB/s eta 0:00:00
2025-08-19T15:42:33.7551105Z #28 13.07 Downloading numpy-1.26.4-cp312-cp312-manylinux_2_17_x86_64.manylinux2014_x86_64.whl (18.0 MB)
2025-08-19T15:42:33.7552188Z #28 13.23    ━━━━━━━━━━━━━━━━━━━━━━━━━━━━━━━━━━━━━━━━ 18.0/18.0 MB 116.6 MB/s eta 0:00:00
2025-08-19T15:42:33.7552821Z #28 13.24 Downloading billiard-4.2.1-py3-none-any.whl (86 kB)
2025-08-19T15:42:33.7553443Z #28 13.32 Downloading boto3-1.40.12-py3-none-any.whl (140 kB)
2025-08-19T15:42:33.7554078Z #28 13.33 Downloading cachetools-4.2.4-py3-none-any.whl (10 kB)
2025-08-19T15:42:33.7554726Z #28 13.34 Downloading click-8.2.1-py3-none-any.whl (102 kB)
2025-08-19T15:42:33.7555377Z #28 13.35 Downloading click_didyoumean-0.3.1-py3-none-any.whl (3.6 kB)
2025-08-19T15:42:33.7556115Z #28 13.36 Downloading click_plugins-1.1.1.2-py2.py3-none-any.whl (11 kB)
2025-08-19T15:42:33.7556794Z #28 13.37 Downloading click_repl-0.3.0-py3-none-any.whl (10 kB)
2025-08-19T15:42:33.7557455Z #28 13.38 Downloading confuse-1.4.0-py2.py3-none-any.whl (21 kB)
2025-08-19T15:42:33.7558200Z #28 13.38 Downloading kombu-5.5.4-py3-none-any.whl (210 kB)
2025-08-19T15:42:33.7558796Z #28 13.39 Downloading vine-5.1.0-py3-none-any.whl (9.6 kB)
2025-08-19T15:42:33.7559407Z #28 13.40 Downloading multimethod-1.10-py3-none-any.whl (9.9 kB)
2025-08-19T15:42:33.7591130Z #28 13.41 Downloading packaging-25.0-py3-none-any.whl (66 kB)
2025-08-19T15:42:33.7591811Z #28 13.42 Downloading pydantic-2.11.7-py3-none-any.whl (444 kB)
2025-08-19T15:42:33.7593078Z #28 13.43 Downloading pydantic_core-2.33.2-cp312-cp312-manylinux_2_17_x86_64.manylinux2014_x86_64.whl (2.0 MB)
2025-08-19T15:42:33.7594266Z #28 13.45    ━━━━━━━━━━━━━━━━━━━━━━━━━━━━━━━━━━━━━━━━ 2.0/2.0 MB 97.9 MB/s eta 0:00:00
2025-08-19T15:42:33.7595230Z #28 13.46 Downloading PyJWT-2.10.1-py3-none-any.whl (22 kB)
2025-08-19T15:42:33.7595970Z #28 13.47 Downloading python_dateutil-2.9.0.post0-py2.py3-none-any.whl (229 kB)
2025-08-19T15:42:33.7596727Z #28 13.47 Downloading python_dotenv-1.1.1-py3-none-any.whl (20 kB)
2025-08-19T15:42:33.7597372Z #28 13.48 Downloading pytz-2025.2-py2.py3-none-any.whl (509 kB)
2025-08-19T15:42:33.7598005Z #28 13.49 Downloading requests-2.32.5-py3-none-any.whl (64 kB)
2025-08-19T15:42:33.7598650Z #28 13.50 Downloading certifi-2025.8.3-py3-none-any.whl (161 kB)
2025-08-19T15:42:33.7599270Z #28 13.51 Downloading six-1.17.0-py2.py3-none-any.whl (11 kB)
2025-08-19T15:42:33.7600160Z #28 13.52 Downloading typing_inspect-0.9.0-py3-none-any.whl (8.8 kB)
2025-08-19T15:42:33.7600856Z #28 13.52 Downloading tzdata-2025.2-py2.py3-none-any.whl (347 kB)
2025-08-19T15:42:33.7601739Z #28 13.57 Downloading urllib3-2.5.0-py3-none-any.whl (129 kB)
2025-08-19T15:42:33.7602622Z #28 13.58 Downloading aiohttp-3.12.15-cp312-cp312-manylinux_2_17_x86_64.manylinux2014_x86_64.whl (1.7 MB)
2025-08-19T15:42:33.7603735Z #28 13.60    ━━━━━━━━━━━━━━━━━━━━━━━━━━━━━━━━━━━━━━━━ 1.7/1.7 MB 121.9 MB/s eta 0:00:00
2025-08-19T15:42:33.7604375Z #28 13.61 Downloading et_xmlfile-2.0.0-py3-none-any.whl (18 kB)
2025-08-19T15:42:33.7605286Z #28 13.61 Downloading pycryptodome-3.23.0-cp37-abi3-manylinux_2_17_x86_64.manylinux2014_x86_64.whl (2.3 MB)
2025-08-19T15:42:33.7606328Z #28 13.63    ━━━━━━━━━━━━━━━━━━━━━━━━━━━━━━━━━━━━━━━━ 2.3/2.3 MB 113.8 MB/s eta 0:00:00
2025-08-19T15:42:33.7606936Z #28 13.64 Downloading tqdm-4.67.1-py3-none-any.whl (78 kB)
2025-08-19T15:42:33.7607539Z #28 13.65 Downloading typeguard-4.4.4-py3-none-any.whl (34 kB)
2025-08-19T15:42:33.7608480Z #28 13.65 Downloading wrapt-1.17.3-cp312-cp312-manylinux1_x86_64.manylinux_2_28_x86_64.manylinux_2_5_x86_64.whl (88 kB)
2025-08-19T15:42:33.7609896Z #28 13.66 Downloading aiohappyeyeballs-2.6.1-py3-none-any.whl (15 kB)
2025-08-19T15:42:33.7610648Z #28 13.67 Downloading aiosignal-1.4.0-py3-none-any.whl (7.5 kB)
2025-08-19T15:42:33.7611266Z #28 13.68 Downloading amqp-5.3.1-py3-none-any.whl (50 kB)
2025-08-19T15:42:33.7611905Z #28 13.69 Downloading annotated_types-0.7.0-py3-none-any.whl (13 kB)
2025-08-19T15:42:33.7612564Z #28 13.70 Downloading attrs-25.3.0-py3-none-any.whl (63 kB)
2025-08-19T15:42:33.7613190Z #28 13.71 Downloading botocore-1.40.12-py3-none-any.whl (14.0 MB)
2025-08-19T15:42:33.7614004Z #28 13.81    ━━━━━━━━━━━━━━━━━━━━━━━━━━━━━━━━━━━━━━━━ 14.0/14.0 MB 137.7 MB/s eta 0:00:00
2025-08-19T15:42:33.7615015Z #28 13.82 Downloading charset_normalizer-3.4.3-cp312-cp312-manylinux2014_x86_64.manylinux_2_17_x86_64.manylinux_2_28_x86_64.whl (151 kB)
2025-08-19T15:42:33.7616545Z #28 13.83 Downloading frozenlist-1.7.0-cp312-cp312-manylinux_2_5_x86_64.manylinux1_x86_64.manylinux_2_17_x86_64.manylinux2014_x86_64.whl (241 kB)
2025-08-19T15:42:33.7617614Z #28 13.84 Downloading idna-3.10-py3-none-any.whl (70 kB)
2025-08-19T15:42:33.7618194Z #28 13.85 Downloading jmespath-1.0.1-py3-none-any.whl (20 kB)
2025-08-19T15:42:33.7619168Z #28 13.86 Downloading multidict-6.6.4-cp312-cp312-manylinux2014_x86_64.manylinux_2_17_x86_64.manylinux_2_28_x86_64.whl (256 kB)
2025-08-19T15:42:33.7621382Z #28 13.87 Downloading mypy_extensions-1.1.0-py3-none-any.whl (5.0 kB)
2025-08-19T15:42:33.7622114Z #28 13.88 Downloading prompt_toolkit-3.0.51-py3-none-any.whl (387 kB)
2025-08-19T15:42:33.7623054Z #28 13.89 Downloading propcache-0.3.2-cp312-cp312-manylinux_2_17_x86_64.manylinux2014_x86_64.whl (224 kB)
2025-08-19T15:42:33.7623973Z #28 13.90 Downloading s3transfer-0.13.1-py3-none-any.whl (85 kB)
2025-08-19T15:42:33.7624674Z #28 13.90 Downloading typing_extensions-4.14.1-py3-none-any.whl (43 kB)
2025-08-19T15:42:33.7625417Z #28 13.91 Downloading typing_inspection-0.4.1-py3-none-any.whl (14 kB)
2025-08-19T15:42:33.7626323Z #28 13.92 Downloading yarl-1.20.1-cp312-cp312-manylinux_2_17_x86_64.manylinux2014_x86_64.whl (355 kB)
2025-08-19T15:42:33.7627390Z #28 13.93 Downloading PyYAML-6.0.2-cp312-cp312-manylinux_2_17_x86_64.manylinux2014_x86_64.whl (767 kB)
2025-08-19T15:42:33.7628737Z #28 13.94    ━━━━━━━━━━━━━━━━━━━━━━━━━━━━━━━━━━━━━━━━ 767.5/767.5 kB 66.0 MB/s eta 0:00:00
2025-08-19T15:42:33.7629404Z #28 13.94 Downloading wcwidth-0.2.13-py2.py3-none-any.whl (34 kB)
2025-08-19T15:42:33.7635209Z #28 14.35 Installing collected packages: wcwidth, pytz, wrapt, vine, urllib3, tzdata, typing-extensions, tqdm, six, pyyaml, python-dotenv, PyJWT, pycryptodome, psycopg2-binary, propcache, prompt-toolkit, packaging, numpy, mypy-extensions, multimethod, multidict, jmespath, idna, frozenlist, et-xmlfile, click, charset_normalizer, certifi, cachetools, billiard, attrs, annotated-types, aiohappyeyeballs, yarl, typing-inspection, typing-inspect, typeguard, requests, redis, python-dateutil, pydantic-core, openpyxl, minio, confuse, click-repl, click-plugins, click-didyoumean, amqp, aiosignal, pydantic, pandas, kombu, botocore, aiohttp, s3transfer, pydantic-settings, pandera, keepa, celery, boto3, python-amazon-sp-api
2025-08-19T15:42:33.8249038Z #28 ...
2025-08-19T15:42:33.8250372Z 
2025-08-19T15:42:33.8250950Z #40 [fees_h10 stage-1 5/5] RUN chmod +x ./start.sh
2025-08-19T15:42:33.8252937Z #40 DONE 0.2s
2025-08-19T15:42:33.9861907Z 
2025-08-19T15:42:33.9864144Z #41 [fees_h10] exporting to image
2025-08-19T15:42:33.9864875Z #41 exporting layers
2025-08-19T15:42:35.9799693Z #41 exporting layers 2.1s done
2025-08-19T15:42:35.9804283Z #41 writing image sha256:3e76baf2f90b14cefb684f838a6852fd3f7e674276e44d442de2efd714c37961
2025-08-19T15:42:36.1656111Z #41 writing image sha256:3e76baf2f90b14cefb684f838a6852fd3f7e674276e44d442de2efd714c37961 done
2025-08-19T15:42:36.1660446Z #41 naming to docker.io/library/awa-app-fees_h10 done
2025-08-19T15:42:36.1661643Z #41 DONE 2.2s
2025-08-19T15:42:36.1661868Z 
2025-08-19T15:42:36.1662088Z #42 [fees_h10] resolving provenance for metadata file
2025-08-19T15:42:36.1662595Z #42 DONE 0.0s
2025-08-19T15:42:36.1662814Z 
2025-08-19T15:42:36.1664085Z #37 [postgres 2/6] RUN set -eux;     if [ -f /etc/apt/sources.list ]; then         sed -i 's|http://deb.debian.org|https://deb.debian.org|g' /etc/apt/sources.list;     fi;     apt-get update;     apt-get install -y locales;     locale-gen en_US.UTF-8;     rm -rf /var/lib/apt/lists/*
2025-08-19T15:42:36.1665643Z #37 2.214 Reading package lists...
2025-08-19T15:42:36.1666076Z #37 3.135 Building dependency tree...
2025-08-19T15:42:36.1666522Z #37 3.381 Reading state information...
2025-08-19T15:42:36.1667029Z #37 3.774 locales is already the newest version (2.41-12).
2025-08-19T15:42:36.1667665Z #37 3.774 0 upgraded, 0 newly installed, 0 to remove and 1 not upgraded.
2025-08-19T15:42:36.1668244Z #37 3.779 + locale-gen en_US.UTF-8
2025-08-19T15:42:36.1668718Z #37 3.787 Generating locales (this might take a while)...
2025-08-19T15:42:36.6244546Z #37 3.800   en_US.UTF-8... done
2025-08-19T15:42:36.7391158Z #37 5.566 Generation complete.
2025-08-19T15:42:36.7397676Z #37 5.566 + rm -rf /var/lib/apt/lists/apt.postgresql.org_pub_repos_apt_dists_trixie-pgdg_16_binary-amd64_Packages.lz4 /var/lib/apt/lists/apt.postgresql.org_pub_repos_apt_dists_trixie-pgdg_InRelease /var/lib/apt/lists/apt.postgresql.org_pub_repos_apt_dists_trixie-pgdg_main_binary-amd64_Packages.lz4 /var/lib/apt/lists/auxfiles /var/lib/apt/lists/deb.debian.org_debian-security_dists_trixie-security_InRelease /var/lib/apt/lists/deb.debian.org_debian-security_dists_trixie-security_main_binary-amd64_Packages.lz4 /var/lib/apt/lists/deb.debian.org_debian_dists_trixie-updates_InRelease /var/lib/apt/lists/deb.debian.org_debian_dists_trixie-updates_main_binary-amd64_Packages.lz4 /var/lib/apt/lists/deb.debian.org_debian_dists_trixie_InRelease /var/lib/apt/lists/deb.debian.org_debian_dists_trixie_main_binary-amd64_Packages.lz4 /var/lib/apt/lists/lock /var/lib/apt/lists/partial
2025-08-19T15:42:36.7403762Z #37 DONE 5.6s
2025-08-19T15:42:36.7403917Z 
2025-08-19T15:42:36.7404218Z #43 [postgres 3/6] COPY docker/postgres/pg_hba.conf /etc/postgresql/pg_hba.conf
2025-08-19T15:42:36.7404818Z #43 DONE 0.0s
2025-08-19T15:42:36.7405001Z 
2025-08-19T15:42:36.7405284Z #33 [api base  4/13] RUN pip install --no-cache-dir -r requirements.txt
2025-08-19T15:42:36.9222248Z #33 ...
2025-08-19T15:42:36.9222651Z 
2025-08-19T15:42:36.9223350Z #44 [postgres 4/6] COPY docker/postgres/init-pg_hba.sh /docker-entrypoint-initdb.d/10_init_pg_hba.sh
2025-08-19T15:42:36.9228458Z #44 DONE 0.0s
2025-08-19T15:42:36.9228824Z 
2025-08-19T15:42:36.9229368Z #45 [postgres 5/6] COPY docker/postgres/postgresql.conf /etc/postgresql/postgresql.conf
2025-08-19T15:42:36.9230588Z #45 DONE 0.0s
2025-08-19T15:42:36.9230930Z 
2025-08-19T15:42:36.9231720Z #46 [postgres 6/6] RUN chmod 0644 /etc/postgresql/pg_hba.conf &&     chmod +x /docker-entrypoint-initdb.d/10_init_pg_hba.sh
2025-08-19T15:42:36.9627681Z #46 DONE 0.2s
2025-08-19T15:42:36.9628364Z 
2025-08-19T15:42:36.9638205Z #28 [celery_worker base 4/5] RUN if [ -n "" ] && [ -f "" ]; then         pip install -r requirements.txt -c "";     else         pip install -r requirements.txt;     fi
2025-08-19T15:42:37.1165047Z #28 ...
2025-08-19T15:42:37.1169133Z 
2025-08-19T15:42:37.1173459Z #47 [postgres] exporting to image
2025-08-19T15:42:38.2525662Z #47 exporting layers 1.3s done
2025-08-19T15:42:38.4314455Z #47 writing image sha256:b7a393f5cc233b84306e1437965bba480d79800ea2753e3a414c54835e70d51f done
2025-08-19T15:42:38.4315365Z #47 naming to docker.io/library/awa-app-postgres done
2025-08-19T15:42:38.4315866Z #47 DONE 1.3s
2025-08-19T15:42:38.4316043Z 
2025-08-19T15:42:38.4316250Z #48 [postgres] resolving provenance for metadata file
2025-08-19T15:42:38.4316729Z #48 DONE 0.0s
2025-08-19T15:42:38.4316903Z 
2025-08-19T15:42:38.4317187Z #33 [api base  4/13] RUN pip install --no-cache-dir -r requirements.txt
2025-08-19T15:42:40.1990186Z #33 21.48 Successfully installed Jinja2-3.1.5 Mako-1.3.10 MarkupSafe-3.0.2 alembic-1.13.1 amqp-5.3.1 annotated-types-0.7.0 anyio-4.10.0 asgi-correlation-id-4.3.1 asyncpg-0.29.0 billiard-4.2.1 boto3-1.34.162 botocore-1.34.162 celery-5.3.6 certifi-2025.8.3 click-8.2.1 click-didyoumean-0.3.1 click-plugins-1.1.1.2 click-repl-0.3.0 dnspython-2.7.0 email_validator-2.2.0 fastapi-0.111.0 fastapi-cli-0.0.8 fastapi-limiter-0.1.6 greenlet-3.2.4 h11-0.16.0 httpcore-1.0.9 httptools-0.6.4 httpx-0.27.2 idna-3.10 jmespath-1.0.1 kombu-5.5.4 markdown-it-py-4.0.0 mdurl-0.1.2 orjson-3.11.2 packaging-25.0 prompt-toolkit-3.0.51 psycopg-3.2.9 psycopg-binary-3.2.9 pydantic-2.11.7 pydantic-core-2.33.2 pydantic-settings-2.2.1 pygments-2.19.2 python-dateutil-2.9.0.post0 python-dotenv-1.1.1 python-multipart-0.0.20 pyyaml-6.0.2 redis-5.0.8 rich-14.1.0 rich-toolkit-0.15.0 s3transfer-0.10.4 sentry-sdk-2.9.0 shellingham-1.5.4 six-1.17.0 sniffio-1.3.1 sqlalchemy-2.0.29 starlette-0.37.2 structlog-24.1.0 typer-0.16.1 typing-extensions-4.14.1 typing-inspection-0.4.1 tzdata-2025.2 ujson-5.10.0 urllib3-2.5.0 uvicorn-0.29.0 uvloop-0.21.0 vine-5.1.0 watchfiles-1.1.0 wcwidth-0.2.13 websockets-15.0.1
2025-08-19T15:42:40.4097476Z #33 21.48 WARNING: Running pip as the 'root' user can result in broken permissions and conflicting behaviour with the system package manager, possibly rendering your system unusable. It is recommended to use a virtual environment instead: https://pip.pypa.io/warnings/venv. Use the --root-user-action option if you know what you are doing and want to suppress this warning.
2025-08-19T15:42:40.4100116Z #33 21.54 
2025-08-19T15:42:40.4100536Z #33 21.54 [notice] A new release of pip is available: 25.0.1 -> 25.2
2025-08-19T15:42:40.4101107Z #33 21.54 [notice] To update, run: pip install --upgrade pip
2025-08-19T15:42:40.7689133Z #33 DONE 22.0s
2025-08-19T15:42:40.7689404Z 
2025-08-19T15:42:40.7692654Z #28 [celery_worker base 4/5] RUN if [ -n "" ] && [ -f "" ]; then         pip install -r requirements.txt -c "";     else         pip install -r requirements.txt;     fi
2025-08-19T15:42:40.8689234Z #28 ...
2025-08-19T15:42:40.8689729Z 
2025-08-19T15:42:40.8689979Z #49 [api base  5/13] COPY services/api/ ./services/api
2025-08-19T15:42:40.8690555Z #49 DONE 0.0s
2025-08-19T15:42:40.8690741Z 
2025-08-19T15:42:40.8690938Z #50 [api base  6/13] COPY services/common/ ./services/common
2025-08-19T15:42:40.8691708Z #50 DONE 0.0s
2025-08-19T15:42:40.8691829Z 
2025-08-19T15:42:40.8691982Z #51 [api base  7/13] COPY services/ingest/ ./services/ingest
2025-08-19T15:42:40.8692384Z #51 DONE 0.0s
2025-08-19T15:42:40.8692507Z 
2025-08-19T15:42:40.8692627Z #52 [api base  8/13] COPY services/etl/ ./services/etl
2025-08-19T15:42:40.8692907Z #52 DONE 0.0s
2025-08-19T15:42:40.8693052Z 
2025-08-19T15:42:40.8693205Z #53 [api base  9/13] COPY api/ ./api
2025-08-19T15:42:40.8693452Z #53 DONE 0.0s
2025-08-19T15:42:40.8693549Z 
2025-08-19T15:42:40.8693697Z #54 [api base 10/13] COPY services/api/alembic.ini ./alembic.ini
2025-08-19T15:42:40.8694111Z #54 DONE 0.0s
2025-08-19T15:42:41.0333842Z 
2025-08-19T15:42:41.0334873Z #55 [api base 11/13] COPY alembic/ ./alembic/
2025-08-19T15:42:41.0336024Z #55 DONE 0.0s
2025-08-19T15:42:41.0336431Z 
2025-08-19T15:42:41.0337304Z #56 [api base 12/13] COPY services/api/entrypoint.sh ./entrypoint.sh
2025-08-19T15:42:41.0338599Z #56 DONE 0.0s
2025-08-19T15:42:41.0339072Z 
2025-08-19T15:42:41.0341422Z #57 [api base 13/13] RUN chmod +x ./entrypoint.sh
2025-08-19T15:42:41.0341837Z #57 DONE 0.1s
2025-08-19T15:42:41.0342027Z 
2025-08-19T15:42:41.0342653Z #28 [celery_worker base 4/5] RUN if [ -n "" ] && [ -f "" ]; then         pip install -r requirements.txt -c "";     else         pip install -r requirements.txt;     fi
2025-08-19T15:42:42.0257095Z #28 ...
2025-08-19T15:42:42.0260268Z 
2025-08-19T15:42:42.0260822Z #58 [api stage-1 4/6] COPY --from=base /usr/local /usr/local
2025-08-19T15:42:44.0379272Z #58 DONE 2.0s
2025-08-19T15:42:44.0379722Z 
2025-08-19T15:42:44.0380431Z #28 [celery_worker base 4/5] RUN if [ -n "" ] && [ -f "" ]; then         pip install -r requirements.txt -c "";     else         pip install -r requirements.txt;     fi
2025-08-19T15:42:44.2113918Z #28 ...
2025-08-19T15:42:44.2114173Z 
2025-08-19T15:42:44.2114416Z #59 [api stage-1 5/6] COPY --from=base /app /app
2025-08-19T15:42:44.2114907Z #59 DONE 0.0s
2025-08-19T15:42:44.2115093Z 
2025-08-19T15:42:44.2115323Z #60 [api stage-1 6/6] RUN chmod +x /app/entrypoint.sh
2025-08-19T15:42:44.2115813Z #60 DONE 0.1s
2025-08-19T15:42:44.3636252Z 
2025-08-19T15:42:44.3638216Z #61 [api] exporting to image
2025-08-19T15:42:44.3639177Z #61 exporting layers
2025-08-19T15:42:46.5886478Z #61 exporting layers 2.4s done
2025-08-19T15:42:46.7639027Z #61 writing image sha256:08c3a922b9d6ea8707fb818f2671742597e1d8d5631615e493f713e546131880 done
2025-08-19T15:42:46.7640139Z #61 naming to docker.io/library/awa-app-api done
2025-08-19T15:42:46.7640622Z #61 DONE 2.4s
2025-08-19T15:42:46.7640804Z 
2025-08-19T15:42:46.7640995Z #62 [api] resolving provenance for metadata file
2025-08-19T15:42:46.7641467Z #62 DONE 0.0s
2025-08-19T15:42:46.7641641Z 
2025-08-19T15:42:46.7642290Z #28 [celery_worker base 4/5] RUN if [ -n "" ] && [ -f "" ]; then         pip install -r requirements.txt -c "";     else         pip install -r requirements.txt;     fi
2025-08-19T15:42:47.2508221Z #28 28.30 Successfully installed PyJWT-2.10.1 aiohappyeyeballs-2.6.1 aiohttp-3.12.15 aiosignal-1.4.0 amqp-5.3.1 annotated-types-0.7.0 attrs-25.3.0 billiard-4.2.1 boto3-1.40.12 botocore-1.40.12 cachetools-4.2.4 celery-5.3.6 certifi-2025.8.3 charset_normalizer-3.4.3 click-8.2.1 click-didyoumean-0.3.1 click-plugins-1.1.1.2 click-repl-0.3.0 confuse-1.4.0 et-xmlfile-2.0.0 frozenlist-1.7.0 idna-3.10 jmespath-1.0.1 keepa-1.3.14 kombu-5.5.4 minio-7.1.15 multidict-6.6.4 multimethod-1.10 mypy-extensions-1.1.0 numpy-1.26.4 openpyxl-3.1.5 packaging-25.0 pandas-2.2.3 pandera-0.19.3 prompt-toolkit-3.0.51 propcache-0.3.2 psycopg2-binary-2.9.10 pycryptodome-3.23.0 pydantic-2.11.7 pydantic-core-2.33.2 pydantic-settings-2.2.1 python-amazon-sp-api-0.8.0 python-dateutil-2.9.0.post0 python-dotenv-1.1.1 pytz-2025.2 pyyaml-6.0.2 redis-5.3.1 requests-2.32.5 s3transfer-0.13.1 six-1.17.0 tqdm-4.67.1 typeguard-4.4.4 typing-extensions-4.14.1 typing-inspect-0.9.0 typing-inspection-0.4.1 tzdata-2025.2 urllib3-2.5.0 vine-5.1.0 wcwidth-0.2.13 wrapt-1.17.3 yarl-1.20.1
2025-08-19T15:42:47.2514497Z #28 28.30 WARNING: Running pip as the 'root' user can result in broken permissions and conflicting behaviour with the system package manager, possibly rendering your system unusable. It is recommended to use a virtual environment instead: https://pip.pypa.io/warnings/venv. Use the --root-user-action option if you know what you are doing and want to suppress this warning.
2025-08-19T15:42:47.2516318Z #28 28.37 
2025-08-19T15:42:47.2516568Z #28 28.37 [notice] A new release of pip is available: 25.0.1 -> 25.2
2025-08-19T15:42:47.2516958Z #28 28.37 [notice] To update, run: pip install --upgrade pip
2025-08-19T15:42:47.6685705Z #28 DONE 28.8s
2025-08-19T15:42:47.6685979Z 
2025-08-19T15:42:47.6686170Z #63 [celery_worker base 5/5] COPY services/etl/ .
2025-08-19T15:42:47.6686643Z #63 DONE 0.0s
2025-08-19T15:42:48.7910512Z 
2025-08-19T15:42:48.7911761Z #64 [celery_worker stage-1 3/9] COPY --from=base /usr/local /usr/local
2025-08-19T15:42:51.5416886Z #64 DONE 2.6s
2025-08-19T15:42:51.5417112Z 
2025-08-19T15:42:51.5417288Z #65 [celery_worker stage-1 4/9] COPY --from=base /app /app
2025-08-19T15:42:51.5417748Z #65 DONE 0.0s
2025-08-19T15:42:51.5417857Z 
2025-08-19T15:42:51.5418716Z #66 [celery_worker stage-1 5/9] RUN set -eux;     if [ -f /etc/apt/sources.list ]; then         sed -i 's|http://deb.debian.org|https://deb.debian.org|g' /etc/apt/sources.list;     fi;     apt-get update;     apt-get install -y --no-install-recommends tzdata;     rm -rf /var/lib/apt/lists/*
2025-08-19T15:42:51.5419977Z #66 0.116 + [ -f /etc/apt/sources.list ]
2025-08-19T15:42:51.5420239Z #66 0.116 + apt-get update
2025-08-19T15:42:51.6795202Z #66 0.163 Hit:1 http://deb.debian.org/debian trixie InRelease
2025-08-19T15:42:51.6796825Z #66 0.163 Get:2 http://deb.debian.org/debian trixie-updates InRelease [47.1 kB]
2025-08-19T15:42:51.6797642Z #66 0.165 Get:3 http://deb.debian.org/debian-security trixie-security InRelease [43.4 kB]
2025-08-19T15:42:51.6798487Z #66 0.178 Get:4 http://deb.debian.org/debian trixie/main amd64 Packages [9668 kB]
2025-08-19T15:42:51.6799311Z #66 0.253 Get:5 http://deb.debian.org/debian trixie-updates/main amd64 Packages [2432 B]
2025-08-19T15:42:51.8303913Z #66 0.253 Get:6 http://deb.debian.org/debian-security trixie-security/main amd64 Packages [11.6 kB]
2025-08-19T15:42:52.3302393Z #66 0.904 Fetched 9772 kB in 1s (12.8 MB/s)
2025-08-19T15:42:52.9784934Z #66 0.904 Reading package lists...
2025-08-19T15:42:52.9785414Z #66 1.394 + apt-get install -y --no-install-recommends tzdata
2025-08-19T15:42:53.4870248Z #66 1.402 Reading package lists...
2025-08-19T15:42:53.4905441Z #66 1.910 Building dependency tree...
2025-08-19T15:42:53.6410671Z #66 2.064 Reading state information...
2025-08-19T15:42:53.8275307Z #66 2.226 tzdata is already the newest version (2025b-4).
2025-08-19T15:42:53.8277302Z #66 2.226 0 upgraded, 0 newly installed, 0 to remove and 0 not upgraded.
2025-08-19T15:42:53.8280232Z #66 2.227 + rm -rf /var/lib/apt/lists/auxfiles /var/lib/apt/lists/deb.debian.org_debian-security_dists_trixie-security_InRelease /var/lib/apt/lists/deb.debian.org_debian-security_dists_trixie-security_main_binary-amd64_Packages.lz4 /var/lib/apt/lists/deb.debian.org_debian_dists_trixie-updates_InRelease /var/lib/apt/lists/deb.debian.org_debian_dists_trixie-updates_main_binary-amd64_Packages.lz4 /var/lib/apt/lists/deb.debian.org_debian_dists_trixie_InRelease /var/lib/apt/lists/deb.debian.org_debian_dists_trixie_main_binary-amd64_Packages.lz4 /var/lib/apt/lists/lock /var/lib/apt/lists/partial
2025-08-19T15:42:53.8282632Z #66 DONE 2.2s
2025-08-19T15:42:53.8282749Z 
2025-08-19T15:42:53.8283018Z #67 [celery_worker stage-1 6/9] COPY services/etl/wait-for-it.sh /usr/local/bin/wait-for-it.sh
2025-08-19T15:42:53.8283461Z #67 DONE 0.0s
2025-08-19T15:42:53.8283571Z 
2025-08-19T15:42:53.8283761Z #68 [celery_worker stage-1 7/9] RUN chmod +x /usr/local/bin/wait-for-it.sh
2025-08-19T15:42:54.0030827Z #68 DONE 0.1s
2025-08-19T15:42:54.0031049Z 
2025-08-19T15:42:54.0031362Z #69 [etl stage-1 8/9] COPY services/etl/entrypoint.sh /app/entrypoint.sh
2025-08-19T15:42:54.0031928Z #69 DONE 0.0s
2025-08-19T15:42:54.0032600Z 
2025-08-19T15:42:54.0032792Z #70 [etl stage-1 9/9] RUN chmod +x /app/entrypoint.sh
2025-08-19T15:42:54.1679858Z #70 DONE 0.2s
2025-08-19T15:42:54.1680684Z 
2025-08-19T15:42:54.1681184Z #71 [celery_worker] exporting to image
2025-08-19T15:42:54.1681657Z #71 exporting layers
2025-08-19T15:42:57.2691817Z #71 exporting layers 3.2s done
2025-08-19T15:42:57.2692598Z #71 writing image sha256:5b0e4c69144bdf6e290110380939730000fd46f47c95cd1de3b5faf4d2e4d37d done
2025-08-19T15:42:57.2693237Z #71 naming to docker.io/library/awa-app-celery_worker done
2025-08-19T15:42:57.2693642Z #71 DONE 3.2s
2025-08-19T15:42:57.2693810Z 
2025-08-19T15:42:57.2693960Z #72 [etl] exporting to image
2025-08-19T15:42:57.2694341Z #72 exporting layers 3.2s done
2025-08-19T15:42:57.2695015Z #72 writing image sha256:5b0e4c69144bdf6e290110380939730000fd46f47c95cd1de3b5faf4d2e4d37d done
2025-08-19T15:42:57.2696124Z #72 naming to docker.io/library/awa-app-etl done
2025-08-19T15:42:57.2696577Z #72 DONE 3.2s
2025-08-19T15:42:57.2696761Z 
2025-08-19T15:42:57.2696987Z #73 [celery_worker] resolving provenance for metadata file
2025-08-19T15:42:57.2697465Z #73 DONE 0.0s
2025-08-19T15:42:57.2697636Z 
2025-08-19T15:42:57.2697788Z #74 [etl] resolving provenance for metadata file
2025-08-19T15:42:57.2698031Z #74 DONE 0.0s
2025-08-19T15:42:57.2698202Z  api  Built
2025-08-19T15:42:57.2698359Z  fees_h10  Built
2025-08-19T15:42:57.2698528Z  etl  Built
2025-08-19T15:42:57.2698685Z  postgres  Built
2025-08-19T15:42:57.2698862Z  celery_worker  Built
2025-08-19T15:42:57.2763169Z ##[group]Run export COMPOSE_DOCKER_CLI_BUILD=1 DOCKER_BUILDKIT=1
2025-08-19T15:42:57.2763633Z [36;1mexport COMPOSE_DOCKER_CLI_BUILD=1 DOCKER_BUILDKIT=1[0m
2025-08-19T15:42:57.2763939Z [36;1mdocker compose \[0m
2025-08-19T15:42:57.2764156Z [36;1m  -f docker-compose.yml \[0m
2025-08-19T15:42:57.2764404Z [36;1m  -f docker-compose.ci.yml \[0m
2025-08-19T15:42:57.2764670Z [36;1m  -f docker-compose.postgres.yml \[0m
2025-08-19T15:42:57.2764915Z [36;1m  pull[0m
2025-08-19T15:42:57.2805104Z shell: /usr/bin/bash -e {0}
2025-08-19T15:42:57.2805323Z env:
2025-08-19T15:42:57.2805535Z   GITHUB_SHA: ca74a95e0738ff6f49b8469705a9650e8d3edee2
2025-08-19T15:42:57.2805812Z ##[endgroup]
2025-08-19T15:42:57.3781548Z time="2025-08-19T15:42:57Z" level=warning msg="/home/runner/work/AWA-App/AWA-App/docker-compose.postgres.yml: the attribute `version` is obsolete, it will be ignored, please remove it to avoid potential confusion"
2025-08-19T15:42:57.3912999Z  postgres Skipped - No image to be pulled 
2025-08-19T15:42:57.3913549Z  etl Skipped - No image to be pulled 
2025-08-19T15:42:57.3913990Z  api Skipped - No image to be pulled 
2025-08-19T15:42:57.3914419Z  fees_h10 Skipped - No image to be pulled 
2025-08-19T15:42:57.3914885Z  celery_worker Skipped - No image to be pulled 
2025-08-19T15:42:57.3915319Z  minio Pulling 
2025-08-19T15:42:57.3915597Z  redis Pulling 
2025-08-19T15:42:58.6607238Z  dd15713b0f22 Pulling fs layer 
2025-08-19T15:42:58.6607779Z  fd312a3c94fc Pulling fs layer 
2025-08-19T15:42:58.6608269Z  02e05d20c69e Pulling fs layer 
2025-08-19T15:42:58.6608703Z  1f08d9fb7d7d Pulling fs layer 
2025-08-19T15:42:58.6609079Z  b452b5fb7338 Pulling fs layer 
2025-08-19T15:42:58.6609347Z  e14ab7c7ae26 Pulling fs layer 
2025-08-19T15:42:58.6609880Z  3bf7f4428838 Pulling fs layer 
2025-08-19T15:42:58.6610152Z  adc9ba906e83 Pulling fs layer 
2025-08-19T15:42:58.6610492Z  1611ffcaf8be Pulling fs layer 
2025-08-19T15:42:58.6610784Z  e14ab7c7ae26 Waiting 
2025-08-19T15:42:58.6611048Z  3bf7f4428838 Waiting 
2025-08-19T15:42:58.6611365Z  adc9ba906e83 Waiting 
2025-08-19T15:42:58.6611637Z  1611ffcaf8be Waiting 
2025-08-19T15:42:58.6611890Z  1f08d9fb7d7d Waiting 
2025-08-19T15:42:58.6612208Z  b452b5fb7338 Waiting 
2025-08-19T15:42:58.6832487Z  0368fd46e3c6 Pulling fs layer 
2025-08-19T15:42:58.6833041Z  4c55286bbede Pulling fs layer 
2025-08-19T15:42:58.6833543Z  5e28347af205 Pulling fs layer 
2025-08-19T15:42:58.6834023Z  311eca34042e Pulling fs layer 
2025-08-19T15:42:58.6834868Z  e6fe6f07e192 Pulling fs layer 
2025-08-19T15:42:58.6835358Z  a2cadbfeca72 Pulling fs layer 
2025-08-19T15:42:58.6835847Z  4f4fb700ef54 Pulling fs layer 
2025-08-19T15:42:58.6836272Z  a976ed7e7808 Pulling fs layer 
2025-08-19T15:42:58.6836561Z  e6fe6f07e192 Waiting 
2025-08-19T15:42:58.6836829Z  a2cadbfeca72 Waiting 
2025-08-19T15:42:58.6837166Z  4f4fb700ef54 Waiting 
2025-08-19T15:42:58.6837452Z  a976ed7e7808 Waiting 
2025-08-19T15:42:58.6837698Z  0368fd46e3c6 Waiting 
2025-08-19T15:42:58.6837970Z  5e28347af205 Waiting 
2025-08-19T15:42:58.6838238Z  311eca34042e Waiting 
2025-08-19T15:42:58.6838452Z  4c55286bbede Waiting 
2025-08-19T15:42:58.9504944Z  fd312a3c94fc Downloading [>                                                  ]  17.36kB/1.637MB
2025-08-19T15:42:58.9697447Z  02e05d20c69e Downloading [>                                                  ]    2.3kB/122.7kB
2025-08-19T15:42:58.9715073Z  02e05d20c69e Downloading [==================================================>]  122.7kB/122.7kB
2025-08-19T15:42:58.9715783Z  02e05d20c69e Verifying Checksum 
2025-08-19T15:42:58.9716208Z  02e05d20c69e Download complete 
2025-08-19T15:42:58.9726516Z  dd15713b0f22 Downloading [>                                                  ]  73.47kB/7.24MB
2025-08-19T15:42:59.0392303Z  fd312a3c94fc Verifying Checksum 
2025-08-19T15:42:59.0392931Z  fd312a3c94fc Download complete 
2025-08-19T15:42:59.0859803Z  dd15713b0f22 Downloading [=============================>                     ]   4.34MB/7.24MB
2025-08-19T15:42:59.1446626Z  dd15713b0f22 Downloading [==================================================>]   7.24MB/7.24MB
2025-08-19T15:42:59.1447543Z  dd15713b0f22 Verifying Checksum 
2025-08-19T15:42:59.1448089Z  dd15713b0f22 Download complete 
2025-08-19T15:42:59.1451682Z  dd15713b0f22 Extracting [>                                                  ]   98.3kB/7.24MB
2025-08-19T15:42:59.2347170Z  1f08d9fb7d7d Downloading [>                                                  ]  397.4kB/39.39MB
2025-08-19T15:42:59.2458748Z  dd15713b0f22 Extracting [=================>                                 ]  2.556MB/7.24MB
2025-08-19T15:42:59.3054035Z  b452b5fb7338 Downloading [>                                                  ]  115.7kB/11.19MB
2025-08-19T15:42:59.3436571Z  1f08d9fb7d7d Downloading [=====>                                             ]  4.438MB/39.39MB
2025-08-19T15:42:59.3668898Z  dd15713b0f22 Extracting [============================================>      ]  6.488MB/7.24MB
2025-08-19T15:42:59.3802849Z  b452b5fb7338 Verifying Checksum 
2025-08-19T15:42:59.3803345Z  b452b5fb7338 Download complete 
2025-08-19T15:42:59.3971444Z  dd15713b0f22 Extracting [==================================================>]   7.24MB/7.24MB
2025-08-19T15:42:59.4053732Z  dd15713b0f22 Pull complete 
2025-08-19T15:42:59.4066337Z  fd312a3c94fc Extracting [=>                                                 ]  32.77kB/1.637MB
2025-08-19T15:42:59.4130146Z  e14ab7c7ae26 Downloading [>                                                  ]   24.2kB/2.402MB
2025-08-19T15:42:59.4346816Z  e14ab7c7ae26 Downloading [==================================================>]  2.402MB/2.402MB
2025-08-19T15:42:59.4347558Z  e14ab7c7ae26 Verifying Checksum 
2025-08-19T15:42:59.4347908Z  e14ab7c7ae26 Download complete 
2025-08-19T15:42:59.4414343Z  fd312a3c94fc Extracting [==================================================>]  1.637MB/1.637MB
2025-08-19T15:42:59.4438764Z  1f08d9fb7d7d Downloading [=============>                                     ]  10.47MB/39.39MB
2025-08-19T15:42:59.4444921Z  fd312a3c94fc Extracting [==================================================>]  1.637MB/1.637MB
2025-08-19T15:42:59.4965742Z  fd312a3c94fc Pull complete 
2025-08-19T15:42:59.4980848Z  02e05d20c69e Extracting [=============>                                     ]  32.77kB/122.7kB
2025-08-19T15:42:59.4992699Z  02e05d20c69e Extracting [==================================================>]  122.7kB/122.7kB
2025-08-19T15:42:59.5080952Z  02e05d20c69e Pull complete 
2025-08-19T15:42:59.5462046Z  1f08d9fb7d7d Downloading [===================>                               ]  15.71MB/39.39MB
2025-08-19T15:42:59.6370361Z  3bf7f4428838 Downloading [>                                                  ]  2.301kB/180.3kB
2025-08-19T15:42:59.6421847Z  3bf7f4428838 Downloading [==================================================>]  180.3kB/180.3kB
2025-08-19T15:42:59.6422526Z  3bf7f4428838 Verifying Checksum 
2025-08-19T15:42:59.6422959Z  3bf7f4428838 Download complete 
2025-08-19T15:42:59.6532099Z  1f08d9fb7d7d Downloading [==============================>                    ]  23.79MB/39.39MB
2025-08-19T15:42:59.7352323Z  adc9ba906e83 Downloading [===>                                               ]     933B/11.88kB
2025-08-19T15:42:59.7354320Z  adc9ba906e83 Downloading [==================================================>]  11.88kB/11.88kB
2025-08-19T15:42:59.7355070Z  adc9ba906e83 Verifying Checksum 
2025-08-19T15:42:59.7355555Z  adc9ba906e83 Download complete 
2025-08-19T15:42:59.7551012Z  1f08d9fb7d7d Downloading [==========================================>        ]  33.86MB/39.39MB
2025-08-19T15:42:59.8504907Z  1f08d9fb7d7d Verifying Checksum 
2025-08-19T15:42:59.8505535Z  1f08d9fb7d7d Download complete 
2025-08-19T15:42:59.8582204Z  1f08d9fb7d7d Extracting [>                                                  ]    426kB/39.39MB
2025-08-19T15:42:59.9142016Z  1611ffcaf8be Download complete 
2025-08-19T15:42:59.9615601Z  1f08d9fb7d7d Extracting [===========>                                       ]  8.946MB/39.39MB
2025-08-19T15:43:00.0026317Z  0368fd46e3c6 Downloading [>                                                  ]  37.02kB/3.638MB
2025-08-19T15:43:00.0625557Z  1f08d9fb7d7d Extracting [=====================>                             ]  16.61MB/39.39MB
2025-08-19T15:43:00.0940499Z  0368fd46e3c6 Verifying Checksum 
2025-08-19T15:43:00.0941318Z  0368fd46e3c6 Download complete 
2025-08-19T15:43:00.0951611Z  0368fd46e3c6 Extracting [>                                                  ]  65.54kB/3.638MB
2025-08-19T15:43:00.1142907Z  4c55286bbede Downloading [=================================================> ]     934B/950B
2025-08-19T15:43:00.1151215Z  4c55286bbede Downloading [==================================================>]     950B/950B
2025-08-19T15:43:00.1152842Z  4c55286bbede Verifying Checksum 
2025-08-19T15:43:00.1154271Z  4c55286bbede Download complete 
2025-08-19T15:43:00.1637831Z  1f08d9fb7d7d Extracting [==================================>                ]  26.84MB/39.39MB
2025-08-19T15:43:00.1959909Z  0368fd46e3c6 Extracting [====================================>              ]  2.621MB/3.638MB
2025-08-19T15:43:00.1962548Z  5e28347af205 Downloading [>                                                  ]  2.301kB/173.2kB
2025-08-19T15:43:00.2000847Z  5e28347af205 Verifying Checksum 
2025-08-19T15:43:00.2001422Z  5e28347af205 Download complete 
2025-08-19T15:43:00.2125063Z  0368fd46e3c6 Extracting [==================================================>]  3.638MB/3.638MB
2025-08-19T15:43:00.2359759Z  0368fd46e3c6 Pull complete 
2025-08-19T15:43:00.2375292Z  4c55286bbede Extracting [==================================================>]     950B/950B
2025-08-19T15:43:00.2384168Z  4c55286bbede Extracting [==================================================>]     950B/950B
2025-08-19T15:43:00.2695480Z  1f08d9fb7d7d Extracting [==========================================>        ]  33.23MB/39.39MB
2025-08-19T15:43:00.2781747Z  4c55286bbede Pull complete 
2025-08-19T15:43:00.3018073Z  5e28347af205 Extracting [=========>                                         ]  32.77kB/173.2kB
2025-08-19T15:43:00.3031764Z  5e28347af205 Extracting [==================================================>]  173.2kB/173.2kB
2025-08-19T15:43:00.3488580Z  5e28347af205 Extracting [==================================================>]  173.2kB/173.2kB
2025-08-19T15:43:00.3505208Z  311eca34042e Downloading [>                                                  ]  10.95kB/1.003MB
2025-08-19T15:43:00.3614113Z  311eca34042e Verifying Checksum 
2025-08-19T15:43:00.3616485Z  311eca34042e Download complete 
2025-08-19T15:43:00.3740050Z  1f08d9fb7d7d Extracting [================================================>  ]  38.34MB/39.39MB
2025-08-19T15:43:00.3842034Z  e6fe6f07e192 Downloading [>                                                  ]  127.4kB/12.41MB
2025-08-19T15:43:00.3901845Z  1f08d9fb7d7d Extracting [==================================================>]  39.39MB/39.39MB
2025-08-19T15:43:00.4137813Z  1f08d9fb7d7d Pull complete 
2025-08-19T15:43:00.4166703Z  b452b5fb7338 Extracting [>                                                  ]  131.1kB/11.19MB
2025-08-19T15:43:00.4858973Z  e6fe6f07e192 Downloading [=======================>                           ]  5.929MB/12.41MB
2025-08-19T15:43:00.4888437Z  a2cadbfeca72 Downloading [==================================================>]      99B/99B
2025-08-19T15:43:00.4891808Z  a2cadbfeca72 Download complete 
2025-08-19T15:43:00.5080728Z  5e28347af205 Pull complete 
2025-08-19T15:43:00.5096642Z  311eca34042e Extracting [=>                                                 ]  32.77kB/1.003MB
2025-08-19T15:43:00.5166870Z  b452b5fb7338 Extracting [==========================>                        ]  6.029MB/11.19MB
2025-08-19T15:43:00.5376314Z  311eca34042e Extracting [==================================================>]  1.003MB/1.003MB
2025-08-19T15:43:00.5387705Z  311eca34042e Extracting [==================================================>]  1.003MB/1.003MB
2025-08-19T15:43:00.5528448Z  311eca34042e Pull complete 
2025-08-19T15:43:00.5906040Z  e6fe6f07e192 Downloading [================================================>  ]     12MB/12.41MB
2025-08-19T15:43:00.5930745Z  b452b5fb7338 Extracting [==================================================>]  11.19MB/11.19MB
2025-08-19T15:43:00.6020040Z  e6fe6f07e192 Verifying Checksum 
2025-08-19T15:43:00.6020669Z  e6fe6f07e192 Download complete 
2025-08-19T15:43:00.6033865Z  e6fe6f07e192 Extracting [>                                                  ]  131.1kB/12.41MB
2025-08-19T15:43:00.6073090Z  b452b5fb7338 Pull complete 
2025-08-19T15:43:00.6101128Z  e14ab7c7ae26 Extracting [>                                                  ]  32.77kB/2.402MB
2025-08-19T15:43:00.6406736Z  e14ab7c7ae26 Extracting [==================================================>]  2.402MB/2.402MB
2025-08-19T15:43:00.6463663Z  4f4fb700ef54 Downloading [==================================================>]      32B/32B
2025-08-19T15:43:00.6464299Z  4f4fb700ef54 Verifying Checksum 
2025-08-19T15:43:00.6464761Z  4f4fb700ef54 Download complete 
2025-08-19T15:43:00.6506646Z  e14ab7c7ae26 Pull complete 
2025-08-19T15:43:00.6520395Z  3bf7f4428838 Extracting [=========>                                         ]  32.77kB/180.3kB
2025-08-19T15:43:00.6578221Z  3bf7f4428838 Extracting [==================================================>]  180.3kB/180.3kB
2025-08-19T15:43:00.6592015Z  3bf7f4428838 Extracting [==================================================>]  180.3kB/180.3kB
2025-08-19T15:43:00.6717010Z  3bf7f4428838 Pull complete 
2025-08-19T15:43:00.6732810Z  adc9ba906e83 Extracting [==================================================>]  11.88kB/11.88kB
2025-08-19T15:43:00.6741310Z  adc9ba906e83 Extracting [==================================================>]  11.88kB/11.88kB
2025-08-19T15:43:00.6846527Z  adc9ba906e83 Pull complete 
2025-08-19T15:43:00.6861740Z  1611ffcaf8be Extracting [==================================================>]     498B/498B
2025-08-19T15:43:00.6865548Z  1611ffcaf8be Extracting [==================================================>]     498B/498B
2025-08-19T15:43:00.6997969Z  1611ffcaf8be Pull complete 
2025-08-19T15:43:00.7039923Z  e6fe6f07e192 Extracting [=====================>                             ]  5.243MB/12.41MB
2025-08-19T15:43:00.7078683Z  minio Pulled 
2025-08-19T15:43:00.7494843Z  a976ed7e7808 Downloading [==================================================>]     574B/574B
2025-08-19T15:43:00.7495509Z  a976ed7e7808 Verifying Checksum 
2025-08-19T15:43:00.7495897Z  a976ed7e7808 Download complete 
2025-08-19T15:43:00.7859261Z  e6fe6f07e192 Extracting [==================================================>]  12.41MB/12.41MB
2025-08-19T15:43:00.8000563Z  e6fe6f07e192 Pull complete 
2025-08-19T15:43:00.8010964Z  a2cadbfeca72 Extracting [==================================================>]      99B/99B
2025-08-19T15:43:00.8014563Z  a2cadbfeca72 Extracting [==================================================>]      99B/99B
2025-08-19T15:43:00.8081474Z  a2cadbfeca72 Pull complete 
2025-08-19T15:43:00.8120075Z  4f4fb700ef54 Extracting [==================================================>]      32B/32B
2025-08-19T15:43:00.8123537Z  4f4fb700ef54 Extracting [==================================================>]      32B/32B
2025-08-19T15:43:00.8187694Z  4f4fb700ef54 Pull complete 
2025-08-19T15:43:00.8200926Z  a976ed7e7808 Extracting [==================================================>]     574B/574B
2025-08-19T15:43:00.8204181Z  a976ed7e7808 Extracting [==================================================>]     574B/574B
2025-08-19T15:43:00.8286614Z  a976ed7e7808 Pull complete 
2025-08-19T15:43:00.8342014Z  redis Pulled 
2025-08-19T15:43:00.8426102Z ##[group]Run export COMPOSE_DOCKER_CLI_BUILD=1 DOCKER_BUILDKIT=1
2025-08-19T15:43:00.8426865Z [36;1mexport COMPOSE_DOCKER_CLI_BUILD=1 DOCKER_BUILDKIT=1[0m
2025-08-19T15:43:00.8427193Z [36;1mdocker compose \[0m
2025-08-19T15:43:00.8427430Z [36;1m  -f docker-compose.yml \[0m
2025-08-19T15:43:00.8427695Z [36;1m  -f docker-compose.ci.yml \[0m
2025-08-19T15:43:00.8427972Z [36;1m  -f docker-compose.postgres.yml \[0m
2025-08-19T15:43:00.8428276Z [36;1m  up -d --wait --no-build --pull always[0m
2025-08-19T15:43:00.8468993Z shell: /usr/bin/bash -e {0}
2025-08-19T15:43:00.8469210Z env:
2025-08-19T15:43:00.8469635Z   GITHUB_SHA: ca74a95e0738ff6f49b8469705a9650e8d3edee2
2025-08-19T15:43:00.8469923Z ##[endgroup]
2025-08-19T15:43:00.9430102Z time="2025-08-19T15:43:00Z" level=warning msg="/home/runner/work/AWA-App/AWA-App/docker-compose.postgres.yml: the attribute `version` is obsolete, it will be ignored, please remove it to avoid potential confusion"
2025-08-19T15:43:00.9610521Z  redis Pulling 
2025-08-19T15:43:00.9610957Z  minio Pulling 
2025-08-19T15:43:01.6903818Z  redis Pulled 
2025-08-19T15:43:01.7547135Z  minio Pulled 
2025-08-19T15:43:01.7565979Z  Network awa-app_awa-net  Creating
2025-08-19T15:43:01.7908059Z  Network awa-app_awa-net  Created
2025-08-19T15:43:01.7957227Z  Volume "awa-app_awa-data"  Creating
2025-08-19T15:43:01.7971335Z  Volume "awa-app_awa-data"  Created
2025-08-19T15:43:01.7974814Z  Volume "awa-app_miniodata"  Creating
2025-08-19T15:43:01.7983968Z  Volume "awa-app_miniodata"  Created
2025-08-19T15:43:01.7987406Z  Volume "awa-app_awa-pgdata"  Creating
2025-08-19T15:43:01.7995467Z  Volume "awa-app_awa-pgdata"  Created
2025-08-19T15:43:01.8000967Z  Container awa-app-postgres-1  Creating
2025-08-19T15:43:01.8001709Z  Container awa-app-minio-1  Creating
2025-08-19T15:43:01.8002144Z  Container awa-app-redis-1  Creating
2025-08-19T15:43:01.8375579Z  Container awa-app-minio-1  Created
2025-08-19T15:43:01.8385391Z  Container awa-app-postgres-1  Created
2025-08-19T15:43:01.8388897Z  Container awa-app-api-1  Creating
2025-08-19T15:43:01.8390091Z  Container awa-app-etl-1  Creating
2025-08-19T15:43:01.8396766Z  Container awa-app-redis-1  Created
2025-08-19T15:43:01.8397439Z  Container awa-app-fees_h10-1  Creating
2025-08-19T15:43:01.8401068Z  Container awa-app-celery_worker-1  Creating
2025-08-19T15:43:01.8598296Z  Container awa-app-fees_h10-1  Created
2025-08-19T15:43:01.8599208Z  Container awa-app-etl-1  Created
2025-08-19T15:43:01.8600781Z  Container awa-app-api-1  Created
2025-08-19T15:43:01.8601728Z  Container awa-app-celery_worker-1  Created
2025-08-19T15:43:01.8619168Z  Container awa-app-postgres-1  Starting
2025-08-19T15:43:01.8620436Z  Container awa-app-minio-1  Starting
2025-08-19T15:43:01.8620985Z  Container awa-app-redis-1  Starting
2025-08-19T15:43:02.1008389Z  Container awa-app-redis-1  Started
2025-08-19T15:43:02.1135219Z  Container awa-app-postgres-1  Started
2025-08-19T15:43:02.1147746Z  Container awa-app-postgres-1  Waiting
2025-08-19T15:43:02.1148450Z  Container awa-app-postgres-1  Waiting
2025-08-19T15:43:02.1148911Z  Container awa-app-redis-1  Waiting
2025-08-19T15:43:02.1149363Z  Container awa-app-postgres-1  Waiting
2025-08-19T15:43:02.1243930Z  Container awa-app-minio-1  Started
2025-08-19T15:43:02.1246345Z  Container awa-app-postgres-1  Waiting
2025-08-19T15:43:07.6146635Z  Container awa-app-redis-1  Healthy
2025-08-19T15:43:07.6148647Z  Container awa-app-postgres-1  Healthy
2025-08-19T15:43:07.6154047Z  Container awa-app-api-1  Starting
2025-08-19T15:43:07.6154512Z  Container awa-app-postgres-1  Healthy
2025-08-19T15:43:07.6157756Z  Container awa-app-fees_h10-1  Starting
2025-08-19T15:43:07.6158345Z  Container awa-app-postgres-1  Healthy
2025-08-19T15:43:07.6158906Z  Container awa-app-celery_worker-1  Starting
2025-08-19T15:43:07.6256420Z  Container awa-app-postgres-1  Healthy
2025-08-19T15:43:07.6257784Z  Container awa-app-etl-1  Starting
2025-08-19T15:43:07.8232994Z  Container awa-app-fees_h10-1  Started
2025-08-19T15:43:07.8533904Z  Container awa-app-etl-1  Started
2025-08-19T15:43:07.8535840Z  Container awa-app-celery_worker-1  Started
2025-08-19T15:43:07.8573505Z  Container awa-app-api-1  Started
2025-08-19T15:43:07.8575651Z  Container awa-app-api-1  Waiting
2025-08-19T15:43:07.8576783Z  Container awa-app-etl-1  Waiting
2025-08-19T15:43:07.8577574Z  Container awa-app-minio-1  Waiting
2025-08-19T15:43:07.8578289Z  Container awa-app-celery_worker-1  Waiting
2025-08-19T15:43:07.8579262Z  Container awa-app-fees_h10-1  Waiting
2025-08-19T15:43:07.8579944Z  Container awa-app-redis-1  Waiting
2025-08-19T15:43:07.8580401Z  Container awa-app-postgres-1  Waiting
2025-08-19T15:43:08.3615635Z  Container awa-app-postgres-1  Healthy
2025-08-19T15:43:08.3616194Z  Container awa-app-minio-1  Healthy
2025-08-19T15:43:08.3616653Z  Container awa-app-redis-1  Healthy
2025-08-19T15:43:13.3590623Z  Container awa-app-api-1  Healthy
2025-08-19T15:43:38.3596463Z  Container awa-app-fees_h10-1  Healthy
2025-08-19T15:43:38.3597105Z  Container awa-app-celery_worker-1  Healthy
2025-08-19T15:43:38.3597561Z  Container awa-app-etl-1  Healthy
2025-08-19T15:43:38.3663893Z ##[group]Run for i in {1..60}; do pg_isready -h localhost -p 5432 && break; sleep 1; done
2025-08-19T15:43:38.3664420Z [36;1mfor i in {1..60}; do pg_isready -h localhost -p 5432 && break; sleep 1; done[0m
2025-08-19T15:43:38.3705415Z shell: /usr/bin/bash -e {0}
2025-08-19T15:43:38.3705652Z env:
2025-08-19T15:43:38.3705866Z   GITHUB_SHA: ca74a95e0738ff6f49b8469705a9650e8d3edee2
2025-08-19T15:43:38.3706153Z ##[endgroup]
2025-08-19T15:43:38.4383287Z localhost:5432 - accepting connections
2025-08-19T15:43:38.4426071Z ##[group]Run [ "$(psql -U postgres -h localhost -tAc "select 1 from pg_database where datname='awa'")" = '1' ] || psql -U postgres -h localhost -c "create database awa"
2025-08-19T15:43:38.4427058Z [36;1m[ "$(psql -U postgres -h localhost -tAc "select 1 from pg_database where datname='awa'")" = '1' ] || psql -U postgres -h localhost -c "create database awa"[0m
2025-08-19T15:43:38.4467407Z shell: /usr/bin/bash -e {0}
2025-08-19T15:43:38.4467656Z env:
2025-08-19T15:43:38.4467885Z   GITHUB_SHA: ca74a95e0738ff6f49b8469705a9650e8d3edee2
2025-08-19T15:43:38.4468197Z   PGPASSWORD: pass
2025-08-19T15:43:38.4468401Z ##[endgroup]
2025-08-19T15:43:38.5426800Z ##[group]Run docker compose \
2025-08-19T15:43:38.5427293Z [36;1mdocker compose \[0m
2025-08-19T15:43:38.5427695Z [36;1m  -f docker-compose.yml \[0m
2025-08-19T15:43:38.5428145Z [36;1m  -f docker-compose.ci.yml \[0m
2025-08-19T15:43:38.5428640Z [36;1m  -f docker-compose.postgres.yml \[0m
2025-08-19T15:43:38.5429090Z [36;1m  config | grep image:[0m
2025-08-19T15:43:38.5486316Z shell: /usr/bin/bash -e {0}
2025-08-19T15:43:38.5486780Z env:
2025-08-19T15:43:38.5487135Z   GITHUB_SHA: ca74a95e0738ff6f49b8469705a9650e8d3edee2
2025-08-19T15:43:38.5487596Z ##[endgroup]
2025-08-19T15:43:38.6503392Z time="2025-08-19T15:43:38Z" level=warning msg="/home/runner/work/AWA-App/AWA-App/docker-compose.postgres.yml: the attribute `version` is obsolete, it will be ignored, please remove it to avoid potential confusion"
2025-08-19T15:43:38.6667176Z     image: minio/minio
2025-08-19T15:43:38.6667597Z     image: redis:7-alpine
2025-08-19T15:43:38.6699806Z ##[group]Run export COMPOSE_DOCKER_CLI_BUILD=1 DOCKER_BUILDKIT=1
2025-08-19T15:43:38.6700393Z [36;1mexport COMPOSE_DOCKER_CLI_BUILD=1 DOCKER_BUILDKIT=1[0m
2025-08-19T15:43:38.6700720Z [36;1mdocker compose ps[0m
2025-08-19T15:43:38.6740695Z shell: /usr/bin/bash -e {0}
2025-08-19T15:43:38.6740931Z env:
2025-08-19T15:43:38.6741153Z   GITHUB_SHA: ca74a95e0738ff6f49b8469705a9650e8d3edee2
2025-08-19T15:43:38.6741434Z ##[endgroup]
2025-08-19T15:43:38.7684656Z NAME                      IMAGE                   COMMAND                  SERVICE         CREATED          STATUS                    PORTS
2025-08-19T15:43:38.7693158Z awa-app-api-1             awa-app-api             "bash /app/entrypoin…"   api             37 seconds ago   Up 31 seconds (healthy)   0.0.0.0:8000->8000/tcp, [::]:8000->8000/tcp
2025-08-19T15:43:38.7694783Z awa-app-celery_worker-1   awa-app-celery_worker   "/bin/bash /app/entr…"   celery_worker   37 seconds ago   Up 31 seconds (healthy)   
2025-08-19T15:43:38.7696167Z awa-app-etl-1             awa-app-etl             "/bin/bash /app/entr…"   etl             37 seconds ago   Up 31 seconds (healthy)   
2025-08-19T15:43:38.7697388Z awa-app-fees_h10-1        awa-app-fees_h10        "./start.sh celery -…"   fees_h10        37 seconds ago   Up 31 seconds (healthy)   
2025-08-19T15:43:38.7699094Z awa-app-minio-1           minio/minio             "/usr/bin/docker-ent…"   minio           37 seconds ago   Up 36 seconds             0.0.0.0:9000-9001->9000-9001/tcp, [::]:9000-9001->9000-9001/tcp
2025-08-19T15:43:38.7701137Z awa-app-postgres-1        awa-app-postgres        "docker-entrypoint.s…"   postgres        37 seconds ago   Up 36 seconds (healthy)   0.0.0.0:5432->5432/tcp, [::]:5432->5432/tcp
2025-08-19T15:43:38.7702980Z awa-app-redis-1           redis:7-alpine          "docker-entrypoint.s…"   redis           37 seconds ago   Up 36 seconds (healthy)   0.0.0.0:6379->6379/tcp, [::]:6379->6379/tcp
2025-08-19T15:43:38.7804217Z Post job cleanup.
2025-08-19T15:43:38.8763793Z [command]/usr/bin/git version
2025-08-19T15:43:38.8803240Z git version 2.50.1
2025-08-19T15:43:38.8858125Z Temporarily overriding HOME='/home/runner/work/_temp/6140df66-0145-457a-885f-183abc14d4aa' before making global git config changes
2025-08-19T15:43:38.8859182Z Adding repository directory to the temporary git global config as a safe directory
2025-08-19T15:43:38.8872137Z [command]/usr/bin/git config --global --add safe.directory /home/runner/work/AWA-App/AWA-App
2025-08-19T15:43:38.8909889Z [command]/usr/bin/git config --local --name-only --get-regexp core\.sshCommand
2025-08-19T15:43:38.8944898Z [command]/usr/bin/git submodule foreach --recursive sh -c "git config --local --name-only --get-regexp 'core\.sshCommand' && git config --local --unset-all 'core.sshCommand' || :"
2025-08-19T15:43:38.9187359Z [command]/usr/bin/git config --local --name-only --get-regexp http\.https\:\/\/github\.com\/\.extraheader
2025-08-19T15:43:38.9210613Z http.https://github.com/.extraheader
2025-08-19T15:43:38.9223002Z [command]/usr/bin/git config --local --unset-all http.https://github.com/.extraheader
2025-08-19T15:43:38.9254365Z [command]/usr/bin/git submodule foreach --recursive sh -c "git config --local --name-only --get-regexp 'http\.https\:\/\/github\.com\/\.extraheader' && git config --local --unset-all 'http.https://github.com/.extraheader' || :"
2025-08-19T15:43:38.9601398Z Cleaning up orphan processes
