2025-08-20T21:16:40.7807696Z Current runner version: '2.328.0'
2025-08-20T21:16:40.7832087Z ##[group]Runner Image Provisioner
2025-08-20T21:16:40.7833086Z Hosted Compute Agent
2025-08-20T21:16:40.7833647Z Version: 20250818.377
2025-08-20T21:16:40.7834334Z Commit: 3c593e9f75fe0b87e893bca80d6e12ba089c61fc
2025-08-20T21:16:40.7835066Z Build Date: 2025-08-18T14:52:18Z
2025-08-20T21:16:40.7835648Z ##[endgroup]
2025-08-20T21:16:40.7836276Z ##[group]Operating System
2025-08-20T21:16:40.7836849Z Ubuntu
2025-08-20T21:16:40.7837355Z 24.04.2
2025-08-20T21:16:40.7837790Z LTS
2025-08-20T21:16:40.7838338Z ##[endgroup]
2025-08-20T21:16:40.7838828Z ##[group]Runner Image
2025-08-20T21:16:40.7839414Z Image: ubuntu-24.04
2025-08-20T21:16:40.7840007Z Version: 20250810.1.0
2025-08-20T21:16:40.7840989Z Included Software: https://github.com/actions/runner-images/blob/ubuntu24/20250810.1/images/ubuntu/Ubuntu2404-Readme.md
2025-08-20T21:16:40.7842533Z Image Release: https://github.com/actions/runner-images/releases/tag/ubuntu24%2F20250810.1
2025-08-20T21:16:40.7843923Z ##[endgroup]
2025-08-20T21:16:40.7846523Z ##[group]GITHUB_TOKEN Permissions
2025-08-20T21:16:40.7848695Z Actions: write
2025-08-20T21:16:40.7849234Z Attestations: write
2025-08-20T21:16:40.7849860Z Checks: write
2025-08-20T21:16:40.7850349Z Contents: write
2025-08-20T21:16:40.7850882Z Deployments: write
2025-08-20T21:16:40.7851468Z Discussions: write
2025-08-20T21:16:40.7851991Z Issues: write
2025-08-20T21:16:40.7852495Z Metadata: read
2025-08-20T21:16:40.7853397Z Models: read
2025-08-20T21:16:40.7853962Z Packages: write
2025-08-20T21:16:40.7854462Z Pages: write
2025-08-20T21:16:40.7855014Z PullRequests: write
2025-08-20T21:16:40.7855595Z RepositoryProjects: write
2025-08-20T21:16:40.7856206Z SecurityEvents: write
2025-08-20T21:16:40.7856901Z Statuses: write
2025-08-20T21:16:40.7857417Z ##[endgroup]
2025-08-20T21:16:40.7859727Z Secret source: Actions
2025-08-20T21:16:40.7860392Z Prepare workflow directory
2025-08-20T21:16:40.8182493Z Prepare all required actions
2025-08-20T21:16:40.8219286Z Getting action download info
2025-08-20T21:16:41.1261878Z Download action repository 'actions/checkout@v4' (SHA:08eba0b27e820071cde6df949e0beb9ba4906955)
2025-08-20T21:16:41.5737234Z Download action repository 'actions/upload-artifact@v4' (SHA:ea165f8d65b6e75b540449e92b4886f43607fa02)
2025-08-20T21:16:41.8240368Z Complete job name: compose-health
2025-08-20T21:16:41.8928352Z ##[group]Run actions/checkout@v4
2025-08-20T21:16:41.8929172Z with:
2025-08-20T21:16:41.8929580Z   repository: AlexBomber12/AWA-App
2025-08-20T21:16:41.8930221Z   token: ***
2025-08-20T21:16:41.8930608Z   ssh-strict: true
2025-08-20T21:16:41.8931007Z   ssh-user: git
2025-08-20T21:16:41.8931418Z   persist-credentials: true
2025-08-20T21:16:41.8931861Z   clean: true
2025-08-20T21:16:41.8932269Z   sparse-checkout-cone-mode: true
2025-08-20T21:16:41.8932749Z   fetch-depth: 1
2025-08-20T21:16:41.8933321Z   fetch-tags: false
2025-08-20T21:16:41.8933718Z   show-progress: true
2025-08-20T21:16:41.8934128Z   lfs: false
2025-08-20T21:16:41.8934492Z   submodules: false
2025-08-20T21:16:41.8934918Z   set-safe-directory: true
2025-08-20T21:16:41.8935592Z ##[endgroup]
2025-08-20T21:16:41.9980140Z Syncing repository: AlexBomber12/AWA-App
2025-08-20T21:16:41.9981996Z ##[group]Getting Git version info
2025-08-20T21:16:41.9982684Z Working directory is '/home/runner/work/AWA-App/AWA-App'
2025-08-20T21:16:41.9983959Z [command]/usr/bin/git version
2025-08-20T21:16:42.0066394Z git version 2.50.1
2025-08-20T21:16:42.0092023Z ##[endgroup]
2025-08-20T21:16:42.0105865Z Temporarily overriding HOME='/home/runner/work/_temp/1b9ebe4e-e532-4f4f-a43f-90ddedbb828b' before making global git config changes
2025-08-20T21:16:42.0107235Z Adding repository directory to the temporary git global config as a safe directory
2025-08-20T21:16:42.0110739Z [command]/usr/bin/git config --global --add safe.directory /home/runner/work/AWA-App/AWA-App
2025-08-20T21:16:42.0146102Z Deleting the contents of '/home/runner/work/AWA-App/AWA-App'
2025-08-20T21:16:42.0149567Z ##[group]Initializing the repository
2025-08-20T21:16:42.0153406Z [command]/usr/bin/git init /home/runner/work/AWA-App/AWA-App
2025-08-20T21:16:42.0251659Z hint: Using 'master' as the name for the initial branch. This default branch name
2025-08-20T21:16:42.0252744Z hint: is subject to change. To configure the initial branch name to use in all
2025-08-20T21:16:42.0254341Z hint: of your new repositories, which will suppress this warning, call:
2025-08-20T21:16:42.0255465Z hint:
2025-08-20T21:16:42.0256263Z hint: 	git config --global init.defaultBranch <name>
2025-08-20T21:16:42.0257248Z hint:
2025-08-20T21:16:42.0258165Z hint: Names commonly chosen instead of 'master' are 'main', 'trunk' and
2025-08-20T21:16:42.0259289Z hint: 'development'. The just-created branch can be renamed via this command:
2025-08-20T21:16:42.0260011Z hint:
2025-08-20T21:16:42.0260388Z hint: 	git branch -m <name>
2025-08-20T21:16:42.0260841Z hint:
2025-08-20T21:16:42.0261438Z hint: Disable this message with "git config set advice.defaultBranchName false"
2025-08-20T21:16:42.0262538Z Initialized empty Git repository in /home/runner/work/AWA-App/AWA-App/.git/
2025-08-20T21:16:42.0268268Z [command]/usr/bin/git remote add origin https://github.com/AlexBomber12/AWA-App
2025-08-20T21:16:42.0303121Z ##[endgroup]
2025-08-20T21:16:42.0303917Z ##[group]Disabling automatic garbage collection
2025-08-20T21:16:42.0305967Z [command]/usr/bin/git config --local gc.auto 0
2025-08-20T21:16:42.0333822Z ##[endgroup]
2025-08-20T21:16:42.0334497Z ##[group]Setting up auth
2025-08-20T21:16:42.0340209Z [command]/usr/bin/git config --local --name-only --get-regexp core\.sshCommand
2025-08-20T21:16:42.0368989Z [command]/usr/bin/git submodule foreach --recursive sh -c "git config --local --name-only --get-regexp 'core\.sshCommand' && git config --local --unset-all 'core.sshCommand' || :"
2025-08-20T21:16:42.0807059Z [command]/usr/bin/git config --local --name-only --get-regexp http\.https\:\/\/github\.com\/\.extraheader
2025-08-20T21:16:42.0835298Z [command]/usr/bin/git submodule foreach --recursive sh -c "git config --local --name-only --get-regexp 'http\.https\:\/\/github\.com\/\.extraheader' && git config --local --unset-all 'http.https://github.com/.extraheader' || :"
2025-08-20T21:16:42.1051306Z [command]/usr/bin/git config --local http.https://github.com/.extraheader AUTHORIZATION: basic ***
2025-08-20T21:16:42.1086820Z ##[endgroup]
2025-08-20T21:16:42.1088117Z ##[group]Fetching the repository
2025-08-20T21:16:42.1096183Z [command]/usr/bin/git -c protocol.version=2 fetch --no-tags --prune --no-recurse-submodules --depth=1 origin +eb573cd5d3169492f60a4627e8a620ba488ca0a9:refs/remotes/pull/320/merge
2025-08-20T21:16:42.4811938Z From https://github.com/AlexBomber12/AWA-App
2025-08-20T21:16:42.4814017Z  * [new ref]         eb573cd5d3169492f60a4627e8a620ba488ca0a9 -> pull/320/merge
2025-08-20T21:16:42.4839664Z ##[endgroup]
2025-08-20T21:16:42.4840973Z ##[group]Determining the checkout info
2025-08-20T21:16:42.4842446Z ##[endgroup]
2025-08-20T21:16:42.4846839Z [command]/usr/bin/git sparse-checkout disable
2025-08-20T21:16:42.4884742Z [command]/usr/bin/git config --local --unset-all extensions.worktreeConfig
2025-08-20T21:16:42.4911090Z ##[group]Checking out the ref
2025-08-20T21:16:42.4915855Z [command]/usr/bin/git checkout --progress --force refs/remotes/pull/320/merge
2025-08-20T21:16:42.5244627Z Note: switching to 'refs/remotes/pull/320/merge'.
2025-08-20T21:16:42.5245882Z 
2025-08-20T21:16:42.5246591Z You are in 'detached HEAD' state. You can look around, make experimental
2025-08-20T21:16:42.5248414Z changes and commit them, and you can discard any commits you make in this
2025-08-20T21:16:42.5251395Z state without impacting any branches by switching back to a branch.
2025-08-20T21:16:42.5253589Z 
2025-08-20T21:16:42.5254908Z If you want to create a new branch to retain commits you create, you may
2025-08-20T21:16:42.5257696Z do so (now or later) by using -c with the switch command. Example:
2025-08-20T21:16:42.5259272Z 
2025-08-20T21:16:42.5259810Z   git switch -c <new-branch-name>
2025-08-20T21:16:42.5261088Z 
2025-08-20T21:16:42.5261603Z Or undo this operation with:
2025-08-20T21:16:42.5262498Z 
2025-08-20T21:16:42.5263112Z   git switch -
2025-08-20T21:16:42.5263846Z 
2025-08-20T21:16:42.5264888Z Turn off this advice by setting config variable advice.detachedHead to false
2025-08-20T21:16:42.5266162Z 
2025-08-20T21:16:42.5267717Z HEAD is now at eb573cd Merge c5c4893a1790ef244388bae3bb7802f27116c1dd into 6d21d84a7501b5c4931f8d539efe5fb2bf8fe674
2025-08-20T21:16:42.5273237Z ##[endgroup]
2025-08-20T21:16:42.5290765Z [command]/usr/bin/git log -1 --format=%H
2025-08-20T21:16:42.5312218Z eb573cd5d3169492f60a4627e8a620ba488ca0a9
2025-08-20T21:16:42.5533649Z ##[group]Run echo "GITHUB_SHA=${GITHUB_SHA}" >> "$GITHUB_ENV"
2025-08-20T21:16:42.5535290Z [36;1mecho "GITHUB_SHA=${GITHUB_SHA}" >> "$GITHUB_ENV"[0m
2025-08-20T21:16:42.5614669Z shell: /usr/bin/bash -e {0}
2025-08-20T21:16:42.5615655Z ##[endgroup]
2025-08-20T21:16:42.5771950Z ##[group]Run export COMPOSE_DOCKER_CLI_BUILD=1 DOCKER_BUILDKIT=1
2025-08-20T21:16:42.5773956Z [36;1mexport COMPOSE_DOCKER_CLI_BUILD=1 DOCKER_BUILDKIT=1[0m
2025-08-20T21:16:42.5775403Z [36;1mdocker compose --progress=plain \[0m
2025-08-20T21:16:42.5776585Z [36;1m  -f docker-compose.yml \[0m
2025-08-20T21:16:42.5777643Z [36;1m  -f docker-compose.ci.yml \[0m
2025-08-20T21:16:42.5778777Z [36;1m  -f docker-compose.postgres.yml \[0m
2025-08-20T21:16:42.5779879Z [36;1m  build[0m
2025-08-20T21:16:42.5816976Z shell: /usr/bin/bash -e {0}
2025-08-20T21:16:42.5817853Z env:
2025-08-20T21:16:42.5818684Z   GITHUB_SHA: eb573cd5d3169492f60a4627e8a620ba488ca0a9
2025-08-20T21:16:42.5819849Z ##[endgroup]
2025-08-20T21:16:49.8254324Z #1 [internal] load local bake definitions
2025-08-20T21:16:49.9762553Z #1 reading from stdin 1.88kB done
2025-08-20T21:16:49.9763303Z #1 DONE 0.0s
2025-08-20T21:16:50.1151228Z 
2025-08-20T21:16:50.1151896Z #2 [fees_h10 internal] load build definition from Dockerfile
2025-08-20T21:16:50.1152591Z #2 transferring dockerfile: 962B done
2025-08-20T21:16:50.1153612Z #2 DONE 0.0s
2025-08-20T21:16:50.1153909Z 
2025-08-20T21:16:50.1154246Z #3 [celery_worker internal] load build definition from Dockerfile
2025-08-20T21:16:50.1154952Z #3 transferring dockerfile: 1.15kB done
2025-08-20T21:16:50.1155416Z #3 DONE 0.0s
2025-08-20T21:16:50.1155585Z 
2025-08-20T21:16:50.1155793Z #4 [postgres internal] load build definition from Dockerfile
2025-08-20T21:16:50.1156261Z #4 transferring dockerfile: 807B done
2025-08-20T21:16:50.1156615Z #4 DONE 0.0s
2025-08-20T21:16:50.1156835Z 
2025-08-20T21:16:50.1157009Z #5 [api internal] load build definition from Dockerfile
2025-08-20T21:16:50.1157416Z #5 transferring dockerfile: 1.48kB done
2025-08-20T21:16:50.1157793Z #5 DONE 0.0s
2025-08-20T21:16:50.1157935Z 
2025-08-20T21:16:50.1158147Z #6 [auth] library/postgres:pull token for registry-1.docker.io
2025-08-20T21:16:50.2656264Z #6 DONE 0.0s
2025-08-20T21:16:50.2656619Z 
2025-08-20T21:16:50.2656956Z #7 [auth] docker/dockerfile:pull token for registry-1.docker.io
2025-08-20T21:16:50.2657510Z #7 DONE 0.0s
2025-08-20T21:16:50.2657700Z 
2025-08-20T21:16:50.2658050Z #8 [api] resolve image config for docker-image://docker.io/docker/dockerfile:1.6
2025-08-20T21:16:50.5711286Z #8 ...
2025-08-20T21:16:50.5711686Z 
2025-08-20T21:16:50.5712116Z #9 [postgres internal] load metadata for docker.io/library/postgres:16
2025-08-20T21:16:50.6922805Z #9 DONE 0.5s
2025-08-20T21:16:50.6923276Z 
2025-08-20T21:16:50.6923463Z #10 [postgres internal] load .dockerignore
2025-08-20T21:16:50.6923934Z #10 transferring context: 265B done
2025-08-20T21:16:50.6924344Z #10 DONE 0.0s
2025-08-20T21:16:50.6924572Z 
2025-08-20T21:16:50.6924733Z #11 [postgres internal] load build context
2025-08-20T21:16:50.6925180Z #11 transferring context: 582B done
2025-08-20T21:16:50.6925570Z #11 DONE 0.0s
2025-08-20T21:16:50.6925684Z 
2025-08-20T21:16:50.6926157Z #8 [celery_worker] resolve image config for docker-image://docker.io/docker/dockerfile:1.6
2025-08-20T21:16:50.6926617Z #8 DONE 0.6s
2025-08-20T21:16:50.6926741Z 
2025-08-20T21:16:50.6927285Z #12 [etl] docker-image://docker.io/docker/dockerfile:1.6@sha256:ac85f380a63b13dfcefa89046420e1781752bab202122f8f50032edf31be0021
2025-08-20T21:16:50.6928661Z #12 resolve docker.io/docker/dockerfile:1.6@sha256:ac85f380a63b13dfcefa89046420e1781752bab202122f8f50032edf31be0021 done
2025-08-20T21:16:50.7925195Z #12 sha256:ac85f380a63b13dfcefa89046420e1781752bab202122f8f50032edf31be0021 8.40kB / 8.40kB done
2025-08-20T21:16:50.7926460Z #12 sha256:657fcc512c7369f4cb3d94ea329150f8daf626bc838b1a1e81f1834c73ecc77e 482B / 482B done
2025-08-20T21:16:50.7927432Z #12 sha256:a17ee7fff8f5e97b974f5b48f51647d2cf28d543f2aa6c11aaa0ea431b44bb89 1.27kB / 1.27kB done
2025-08-20T21:16:51.2681418Z #12 sha256:9d9c93f4b00be908ab694a4df732570bced3b8a96b7515d70ff93402179ad232 0B / 11.80MB 0.6s
2025-08-20T21:16:51.3708010Z #12 sha256:9d9c93f4b00be908ab694a4df732570bced3b8a96b7515d70ff93402179ad232 2.10MB / 11.80MB 0.7s
2025-08-20T21:16:51.4921932Z #12 sha256:9d9c93f4b00be908ab694a4df732570bced3b8a96b7515d70ff93402179ad232 8.39MB / 11.80MB 0.8s
2025-08-20T21:16:51.5923967Z #12 sha256:9d9c93f4b00be908ab694a4df732570bced3b8a96b7515d70ff93402179ad232 11.80MB / 11.80MB 0.9s
2025-08-20T21:16:51.5925535Z #12 extracting sha256:9d9c93f4b00be908ab694a4df732570bced3b8a96b7515d70ff93402179ad232
2025-08-20T21:16:51.7927943Z #12 sha256:9d9c93f4b00be908ab694a4df732570bced3b8a96b7515d70ff93402179ad232 11.80MB / 11.80MB 0.9s done
2025-08-20T21:16:51.7929682Z #12 extracting sha256:9d9c93f4b00be908ab694a4df732570bced3b8a96b7515d70ff93402179ad232 0.1s done
2025-08-20T21:16:51.7946282Z #12 DONE 1.1s
2025-08-20T21:16:51.7947004Z 
2025-08-20T21:16:51.7947945Z #13 [postgres 1/6] FROM docker.io/library/postgres:16@sha256:66a5efb5677ffac1037774a0e141fd3a4c035c9c0c0e624c9cc980dfa10f45e5
2025-08-20T21:16:51.7949344Z #13 resolve docker.io/library/postgres:16@sha256:66a5efb5677ffac1037774a0e141fd3a4c035c9c0c0e624c9cc980dfa10f45e5 done
2025-08-20T21:16:51.7952005Z #13 sha256:3084fa1fadd59e7633ec56d318f1e4de01be744f446c5c35df7cd801fbc34894 3.63kB / 3.63kB done
2025-08-20T21:16:51.7953534Z #13 sha256:4b802c5161ddfa2ae4beac272c4e24aa5e162a20451c8489cbb952a88507732f 9.89kB / 9.89kB done
2025-08-20T21:16:51.7955057Z #13 sha256:396b1da7636e2dcd10565cb4f2f952cbb4a8a38b58d3b86a2cacb172fb70117c 29.77MB / 29.77MB 0.3s done
2025-08-20T21:16:51.7956571Z #13 sha256:7f09385d08f9e8f578f9dad57582fff30d6ca3ef0f4d66ab5e1bf92c88862341 6.44MB / 6.44MB 0.2s done
2025-08-20T21:16:51.7958136Z #13 sha256:fb850b0e3049060bf4eb46c8806d7ceea916d67e5cc56d6b295511e27463e56b 1.17kB / 1.17kB 0.1s done
2025-08-20T21:16:51.7959446Z #13 sha256:66a5efb5677ffac1037774a0e141fd3a4c035c9c0c0e624c9cc980dfa10f45e5 10.24kB / 10.24kB done
2025-08-20T21:16:51.7960845Z #13 sha256:2b6532633f5d125e9a709f56f26af5a07390c859a5c77142b74da1d4e3c79fee 8.20MB / 8.20MB 0.4s done
2025-08-20T21:16:51.7962230Z #13 sha256:320fa150e60fca9bb108771a06f08d5464ad8b7474b7bf3f4b44d723b686ee72 1.31MB / 1.31MB 0.3s done
2025-08-20T21:16:51.8103006Z #13 sha256:534f45d26d937460abe84bd086361a04c27e624a23f9384ff13f11c24c64c7bb 1.45MB / 1.45MB 0.2s done
2025-08-20T21:16:51.8111626Z #13 sha256:19947f6cc5d3035f6c922fa1d6047c79e044256ad948080adb59cec60717b9f8 116B / 116B 0.3s done
2025-08-20T21:16:51.8114586Z #13 extracting sha256:396b1da7636e2dcd10565cb4f2f952cbb4a8a38b58d3b86a2cacb172fb70117c 0.7s
2025-08-20T21:16:51.8115971Z #13 sha256:987c1b4919ea2d87df20824aaef43a9de0575ac7df684579ad267c7e48c8eeea 10.01kB / 10.01kB 0.4s done
2025-08-20T21:16:51.8122199Z #13 sha256:e787bdd7824bfcb30d11087160de825f724620c952958f4f725c13421499b724 3.14kB / 3.14kB 0.4s done
2025-08-20T21:16:51.8124037Z #13 sha256:a1e4ad56dcecf442fba1cec05cd565ededfdc663e5172df9ef9394d96d4c96f8 101.29MB / 113.19MB 1.2s
2025-08-20T21:16:51.8125441Z #13 sha256:25ef78fb127c1934630de29a3d38f46e544360b1dcf5cfc09b25507fbe88fd75 5.92kB / 5.92kB 0.5s done
2025-08-20T21:16:51.8127449Z #13 sha256:f1b3502db45ad485f0affe43e32fc81d699ddac01c023f198271a0a7e1cecd4c 169B / 169B 0.5s done
2025-08-20T21:16:51.8129596Z #13 sha256:a858bd6d34e86a481a2e028e3ba489e662b3ac7713eba9a5d3bb97002c7d797e 128B / 128B 0.5s done
2025-08-20T21:16:51.8132138Z #13 sha256:240810240d04caaaccb11d51ba7c3a7f7d6f470ec2a80ee420a3d33899d9a303 184B / 184B 0.5s done
2025-08-20T21:16:51.9447480Z #13 ...
2025-08-20T21:16:51.9447810Z 
2025-08-20T21:16:51.9448100Z #14 [celery_worker internal] load build definition from Dockerfile
2025-08-20T21:16:51.9448745Z #14 transferring dockerfile: 1.15kB done
2025-08-20T21:16:51.9449421Z #14 DONE 0.0s
2025-08-20T21:16:51.9449628Z 
2025-08-20T21:16:51.9449860Z #15 [etl internal] load build definition from Dockerfile
2025-08-20T21:16:51.9450435Z #15 transferring dockerfile: 1.15kB done
2025-08-20T21:16:51.9450805Z #15 DONE 0.0s
2025-08-20T21:16:51.9450995Z 
2025-08-20T21:16:51.9451203Z #16 [auth] library/python:pull token for registry-1.docker.io
2025-08-20T21:16:51.9451655Z #16 DONE 0.0s
2025-08-20T21:16:51.9451782Z 
2025-08-20T21:16:51.9452564Z #13 [postgres 1/6] FROM docker.io/library/postgres:16@sha256:66a5efb5677ffac1037774a0e141fd3a4c035c9c0c0e624c9cc980dfa10f45e5
2025-08-20T21:16:51.9454013Z #13 sha256:a1e4ad56dcecf442fba1cec05cd565ededfdc663e5172df9ef9394d96d4c96f8 106.95MB / 113.19MB 1.3s
2025-08-20T21:16:52.0925355Z #13 extracting sha256:396b1da7636e2dcd10565cb4f2f952cbb4a8a38b58d3b86a2cacb172fb70117c 1.1s done
2025-08-20T21:16:52.0926219Z #13 sha256:a1e4ad56dcecf442fba1cec05cd565ededfdc663e5172df9ef9394d96d4c96f8 113.19MB / 113.19MB 1.4s done
2025-08-20T21:16:52.0927012Z #13 extracting sha256:fb850b0e3049060bf4eb46c8806d7ceea916d67e5cc56d6b295511e27463e56b done
2025-08-20T21:16:52.4421520Z #13 extracting sha256:7f09385d08f9e8f578f9dad57582fff30d6ca3ef0f4d66ab5e1bf92c88862341
2025-08-20T21:16:52.6545925Z #13 ...
2025-08-20T21:16:52.6546709Z 
2025-08-20T21:16:52.6558798Z #17 [etl internal] load metadata for docker.io/library/python:3.12-slim
2025-08-20T21:16:52.6562330Z #17 DONE 0.8s
2025-08-20T21:16:52.6562542Z 
2025-08-20T21:16:52.6562709Z #18 [api internal] load .dockerignore
2025-08-20T21:16:52.6565689Z #18 transferring context: 265B done
2025-08-20T21:16:52.6566112Z #18 DONE 0.0s
2025-08-20T21:16:52.6566316Z 
2025-08-20T21:16:52.6566484Z #19 [fees_h10 internal] load .dockerignore
2025-08-20T21:16:52.6566927Z #19 transferring context: 2B done
2025-08-20T21:16:52.6567322Z #19 DONE 0.0s
2025-08-20T21:16:52.6567499Z 
2025-08-20T21:16:52.6567681Z #20 [celery_worker internal] load .dockerignore
2025-08-20T21:16:52.6582386Z #20 transferring context: 265B done
2025-08-20T21:16:52.6582799Z #20 DONE 0.0s
2025-08-20T21:16:52.6583276Z 
2025-08-20T21:16:52.6583441Z #21 [etl internal] load .dockerignore
2025-08-20T21:16:52.6583875Z #21 transferring context: 265B done
2025-08-20T21:16:52.6584254Z #21 DONE 0.0s
2025-08-20T21:16:52.6584433Z 
2025-08-20T21:16:52.6585072Z #13 [postgres 1/6] FROM docker.io/library/postgres:16@sha256:66a5efb5677ffac1037774a0e141fd3a4c035c9c0c0e624c9cc980dfa10f45e5
2025-08-20T21:16:52.6586262Z #13 extracting sha256:7f09385d08f9e8f578f9dad57582fff30d6ca3ef0f4d66ab5e1bf92c88862341 0.1s done
2025-08-20T21:16:52.7656588Z #13 ...
2025-08-20T21:16:52.7657825Z 
2025-08-20T21:16:52.7658408Z #22 [fees_h10 internal] load build context
2025-08-20T21:16:52.7658999Z #22 transferring context: 8.31kB done
2025-08-20T21:16:52.7659421Z #22 DONE 0.0s
2025-08-20T21:16:52.7659598Z 
2025-08-20T21:16:52.7659762Z #23 [etl internal] load build context
2025-08-20T21:16:52.7660175Z #23 transferring context: 25.47kB 0.0s done
2025-08-20T21:16:52.7660577Z #23 DONE 0.0s
2025-08-20T21:16:52.7660738Z 
2025-08-20T21:16:52.7660908Z #24 [celery_worker internal] load build context
2025-08-20T21:16:52.7661369Z #24 transferring context: 25.47kB 0.0s done
2025-08-20T21:16:52.7661757Z #24 DONE 0.0s
2025-08-20T21:16:52.7661928Z 
2025-08-20T21:16:52.7662070Z #25 [api internal] load build context
2025-08-20T21:16:52.7662486Z #25 transferring context: 157.28kB 0.0s done
2025-08-20T21:16:52.7662807Z #25 DONE 0.0s
2025-08-20T21:16:52.7663162Z 
2025-08-20T21:16:52.7663705Z #13 [postgres 1/6] FROM docker.io/library/postgres:16@sha256:66a5efb5677ffac1037774a0e141fd3a4c035c9c0c0e624c9cc980dfa10f45e5
2025-08-20T21:16:52.7664699Z #13 extracting sha256:534f45d26d937460abe84bd086361a04c27e624a23f9384ff13f11c24c64c7bb 0.1s done
2025-08-20T21:16:52.7665638Z #13 extracting sha256:2b6532633f5d125e9a709f56f26af5a07390c859a5c77142b74da1d4e3c79fee
2025-08-20T21:16:53.1184683Z #13 extracting sha256:2b6532633f5d125e9a709f56f26af5a07390c859a5c77142b74da1d4e3c79fee 0.4s done
2025-08-20T21:16:53.2296386Z #13 extracting sha256:320fa150e60fca9bb108771a06f08d5464ad8b7474b7bf3f4b44d723b686ee72 0.1s done
2025-08-20T21:16:53.4127106Z #13 extracting sha256:19947f6cc5d3035f6c922fa1d6047c79e044256ad948080adb59cec60717b9f8 done
2025-08-20T21:16:53.4128290Z #13 extracting sha256:e787bdd7824bfcb30d11087160de825f724620c952958f4f725c13421499b724 done
2025-08-20T21:16:53.5226629Z #13 extracting sha256:a1e4ad56dcecf442fba1cec05cd565ededfdc663e5172df9ef9394d96d4c96f8 0.1s
2025-08-20T21:16:54.2376204Z #13 ...
2025-08-20T21:16:54.2376465Z 
2025-08-20T21:16:54.2377987Z #26 [api base  1/13] FROM docker.io/library/python:3.12-slim@sha256:d67a7b66b989ad6b6d6b10d428dcc5e0bfc3e5f88906e67d490c4d3daac57047
2025-08-20T21:16:54.2379418Z #26 resolve docker.io/library/python:3.12-slim@sha256:d67a7b66b989ad6b6d6b10d428dcc5e0bfc3e5f88906e67d490c4d3daac57047 done
2025-08-20T21:16:54.2380669Z #26 sha256:bad5eac7befe06d25bef9d4d894d7467355bac08745c745a88977774933fa032 5.58kB / 5.58kB done
2025-08-20T21:16:54.2381819Z #26 sha256:5d587318e932a89b94608393c99dd30ee5092a6991c1656f717bd4f4e13d60df 1.29MB / 1.29MB 0.2s done
2025-08-20T21:16:54.2383068Z #26 sha256:e5c05dcf47fbdb2f18dc242ad1b7f48fbd3813c0027ffcfb8e81e4aa7e0965f4 12.11MB / 12.11MB 0.2s done
2025-08-20T21:16:54.2384231Z #26 sha256:d76206d463c08ba2a3f7bbab2de2a933ad73f33ab4ab813eafe50c9dff9edc12 251B / 251B 0.1s done
2025-08-20T21:16:54.2385296Z #26 sha256:d67a7b66b989ad6b6d6b10d428dcc5e0bfc3e5f88906e67d490c4d3daac57047 10.37kB / 10.37kB done
2025-08-20T21:16:54.2386405Z #26 sha256:8f3d1de1b41cd7340a89b024d6f7a10043f7b0d07d97eb36ba76f22fcfa9a235 1.75kB / 1.75kB done
2025-08-20T21:16:54.2387460Z #26 extracting sha256:5d587318e932a89b94608393c99dd30ee5092a6991c1656f717bd4f4e13d60df 0.2s done
2025-08-20T21:16:54.2388466Z #26 extracting sha256:e5c05dcf47fbdb2f18dc242ad1b7f48fbd3813c0027ffcfb8e81e4aa7e0965f4 0.9s done
2025-08-20T21:16:54.2389503Z #26 extracting sha256:d76206d463c08ba2a3f7bbab2de2a933ad73f33ab4ab813eafe50c9dff9edc12 done
2025-08-20T21:16:54.2390213Z #26 DONE 1.4s
2025-08-20T21:16:54.2390388Z 
2025-08-20T21:16:54.2390520Z #27 [etl base  2/13] WORKDIR /app
2025-08-20T21:16:54.2390888Z #27 DONE 0.0s
2025-08-20T21:16:54.2391055Z 
2025-08-20T21:16:54.2391353Z #28 [api base  3/13] COPY services/api/requirements.txt ./requirements.txt
2025-08-20T21:16:54.2391910Z #28 DONE 0.0s
2025-08-20T21:16:54.2392078Z 
2025-08-20T21:16:54.2392568Z #29 [celery_worker base 3/5] COPY services/etl/requirements*.txt services/etl/constraints.txt ./
2025-08-20T21:16:54.2393457Z #29 DONE 0.0s
2025-08-20T21:16:54.2393635Z 
2025-08-20T21:16:54.2393930Z #30 [fees_h10 base 3/6] COPY requirements*.txt constraints.txt ./fees_h10/
2025-08-20T21:16:54.2394497Z #30 DONE 0.1s
2025-08-20T21:16:54.2394675Z 
2025-08-20T21:16:54.2395289Z #13 [postgres 1/6] FROM docker.io/library/postgres:16@sha256:66a5efb5677ffac1037774a0e141fd3a4c035c9c0c0e624c9cc980dfa10f45e5
2025-08-20T21:16:58.6870774Z #13 extracting sha256:a1e4ad56dcecf442fba1cec05cd565ededfdc663e5172df9ef9394d96d4c96f8 5.2s
2025-08-20T21:16:59.5483506Z #13 extracting sha256:a1e4ad56dcecf442fba1cec05cd565ededfdc663e5172df9ef9394d96d4c96f8 6.1s done
2025-08-20T21:17:00.2471624Z #13 extracting sha256:987c1b4919ea2d87df20824aaef43a9de0575ac7df684579ad267c7e48c8eeea done
2025-08-20T21:17:00.2473300Z #13 extracting sha256:a858bd6d34e86a481a2e028e3ba489e662b3ac7713eba9a5d3bb97002c7d797e
2025-08-20T21:17:00.3546285Z #13 extracting sha256:a858bd6d34e86a481a2e028e3ba489e662b3ac7713eba9a5d3bb97002c7d797e done
2025-08-20T21:17:00.3547357Z #13 extracting sha256:f1b3502db45ad485f0affe43e32fc81d699ddac01c023f198271a0a7e1cecd4c done
2025-08-20T21:17:00.3548403Z #13 extracting sha256:25ef78fb127c1934630de29a3d38f46e544360b1dcf5cfc09b25507fbe88fd75 done
2025-08-20T21:17:00.3550089Z #13 extracting sha256:240810240d04caaaccb11d51ba7c3a7f7d6f470ec2a80ee420a3d33899d9a303
2025-08-20T21:17:00.3550746Z #13 ...
2025-08-20T21:17:00.3550895Z 
2025-08-20T21:17:00.3551691Z #31 [fees_h10 base 4/6] RUN if [ -n "" ] && [ -f "fees_h10/" ]; then         pip install -r fees_h10/requirements.txt -c fees_h10/;     else         pip install -r fees_h10/requirements.txt;     fi
2025-08-20T21:17:00.3573395Z #31 3.093 Collecting celery==5.4.* (from celery[redis]==5.4.*->-r fees_h10/requirements.txt (line 1))
2025-08-20T21:17:00.3574307Z #31 3.129   Downloading celery-5.4.0-py3-none-any.whl.metadata (21 kB)
2025-08-20T21:17:00.3575099Z #31 3.270 Collecting asyncpg (from -r fees_h10/requirements.txt (line 2))
2025-08-20T21:17:00.3576048Z #31 3.278   Downloading asyncpg-0.30.0-cp312-cp312-manylinux_2_17_x86_64.manylinux2014_x86_64.whl.metadata (5.0 kB)
2025-08-20T21:17:00.3577229Z #31 3.322 Collecting httpx (from -r fees_h10/requirements.txt (line 3))
2025-08-20T21:17:00.3577947Z #31 3.327   Downloading httpx-0.28.1-py3-none-any.whl.metadata (7.1 kB)
2025-08-20T21:17:00.3578676Z #31 3.742 Collecting sqlalchemy (from -r fees_h10/requirements.txt (line 4))
2025-08-20T21:17:00.3579647Z #31 3.747   Downloading sqlalchemy-2.0.43-cp312-cp312-manylinux_2_17_x86_64.manylinux2014_x86_64.whl.metadata (9.6 kB)
2025-08-20T21:17:00.3580947Z #31 3.809 Collecting billiard<5.0,>=4.2.0 (from celery==5.4.*->celery[redis]==5.4.*->-r fees_h10/requirements.txt (line 1))
2025-08-20T21:17:00.3581895Z #31 3.815   Downloading billiard-4.2.1-py3-none-any.whl.metadata (4.4 kB)
2025-08-20T21:17:00.3582795Z #31 3.889 Collecting kombu<6.0,>=5.3.4 (from celery==5.4.*->celery[redis]==5.4.*->-r fees_h10/requirements.txt (line 1))
2025-08-20T21:17:00.3583961Z #31 3.896   Downloading kombu-5.5.4-py3-none-any.whl.metadata (3.5 kB)
2025-08-20T21:17:00.3584834Z #31 3.936 Collecting vine<6.0,>=5.1.0 (from celery==5.4.*->celery[redis]==5.4.*->-r fees_h10/requirements.txt (line 1))
2025-08-20T21:17:00.3585712Z #31 3.941   Downloading vine-5.1.0-py3-none-any.whl.metadata (2.7 kB)
2025-08-20T21:17:00.3586622Z #31 3.976 Collecting click<9.0,>=8.1.2 (from celery==5.4.*->celery[redis]==5.4.*->-r fees_h10/requirements.txt (line 1))
2025-08-20T21:17:00.3587550Z #31 3.980   Downloading click-8.2.1-py3-none-any.whl.metadata (2.5 kB)
2025-08-20T21:17:00.3588541Z #31 3.995 Collecting click-didyoumean>=0.3.0 (from celery==5.4.*->celery[redis]==5.4.*->-r fees_h10/requirements.txt (line 1))
2025-08-20T21:17:00.3589564Z #31 3.998   Downloading click_didyoumean-0.3.1-py3-none-any.whl.metadata (3.9 kB)
2025-08-20T21:17:00.3590555Z #31 4.017 Collecting click-repl>=0.2.0 (from celery==5.4.*->celery[redis]==5.4.*->-r fees_h10/requirements.txt (line 1))
2025-08-20T21:17:00.3591514Z #31 4.021   Downloading click_repl-0.3.0-py3-none-any.whl.metadata (3.6 kB)
2025-08-20T21:17:00.3592496Z #31 4.040 Collecting click-plugins>=1.1.1 (from celery==5.4.*->celery[redis]==5.4.*->-r fees_h10/requirements.txt (line 1))
2025-08-20T21:17:00.3673969Z #31 4.044   Downloading click_plugins-1.1.1.2-py2.py3-none-any.whl.metadata (6.5 kB)
2025-08-20T21:17:00.3675352Z #31 4.071 Collecting tzdata>=2022.7 (from celery==5.4.*->celery[redis]==5.4.*->-r fees_h10/requirements.txt (line 1))
2025-08-20T21:17:00.3676343Z #31 4.076   Downloading tzdata-2025.2-py2.py3-none-any.whl.metadata (1.4 kB)
2025-08-20T21:17:00.3683694Z #31 4.098 Collecting python-dateutil>=2.8.2 (from celery==5.4.*->celery[redis]==5.4.*->-r fees_h10/requirements.txt (line 1))
2025-08-20T21:17:00.3684855Z #31 4.105   Downloading python_dateutil-2.9.0.post0-py2.py3-none-any.whl.metadata (8.4 kB)
2025-08-20T21:17:00.3697745Z #31 4.172 Collecting redis!=4.5.5,<6.0.0,>=4.5.2 (from celery[redis]==5.4.*->-r fees_h10/requirements.txt (line 1))
2025-08-20T21:17:00.3698655Z #31 4.179   Downloading redis-5.3.1-py3-none-any.whl.metadata (9.2 kB)
2025-08-20T21:17:00.3699418Z #31 4.214 Collecting anyio (from httpx->-r fees_h10/requirements.txt (line 3))
2025-08-20T21:17:00.3700186Z #31 4.220   Downloading anyio-4.10.0-py3-none-any.whl.metadata (4.0 kB)
2025-08-20T21:17:00.3701190Z #31 4.257 Collecting certifi (from httpx->-r fees_h10/requirements.txt (line 3))
2025-08-20T21:17:00.3701969Z #31 4.261   Downloading certifi-2025.8.3-py3-none-any.whl.metadata (2.4 kB)
2025-08-20T21:17:00.3702768Z #31 4.307 Collecting httpcore==1.* (from httpx->-r fees_h10/requirements.txt (line 3))
2025-08-20T21:17:00.3703731Z #31 4.312   Downloading httpcore-1.0.9-py3-none-any.whl.metadata (21 kB)
2025-08-20T21:17:00.3704476Z #31 4.335 Collecting idna (from httpx->-r fees_h10/requirements.txt (line 3))
2025-08-20T21:17:00.3705169Z #31 4.340   Downloading idna-3.10-py3-none-any.whl.metadata (10 kB)
2025-08-20T21:17:00.3705939Z #31 4.361 Collecting h11>=0.16 (from httpcore==1.*->httpx->-r fees_h10/requirements.txt (line 3))
2025-08-20T21:17:00.3706725Z #31 4.369   Downloading h11-0.16.0-py3-none-any.whl.metadata (8.3 kB)
2025-08-20T21:17:00.3707651Z #31 4.554 Collecting greenlet>=1 (from sqlalchemy->-r fees_h10/requirements.txt (line 4))
2025-08-20T21:17:00.3708681Z #31 4.559   Downloading greenlet-3.2.4-cp312-cp312-manylinux_2_24_x86_64.manylinux_2_28_x86_64.whl.metadata (4.1 kB)
2025-08-20T21:17:00.3709744Z #31 4.604 Collecting typing-extensions>=4.6.0 (from sqlalchemy->-r fees_h10/requirements.txt (line 4))
2025-08-20T21:17:00.3710680Z #31 4.608   Downloading typing_extensions-4.14.1-py3-none-any.whl.metadata (3.0 kB)
2025-08-20T21:17:00.3711785Z #31 4.710 Collecting prompt-toolkit>=3.0.36 (from click-repl>=0.2.0->celery==5.4.*->celery[redis]==5.4.*->-r fees_h10/requirements.txt (line 1))
2025-08-20T21:17:00.3712987Z #31 4.715   Downloading prompt_toolkit-3.0.51-py3-none-any.whl.metadata (6.4 kB)
2025-08-20T21:17:00.3714015Z #31 4.769 Collecting amqp<6.0.0,>=5.1.1 (from kombu<6.0,>=5.3.4->celery==5.4.*->celery[redis]==5.4.*->-r fees_h10/requirements.txt (line 1))
2025-08-20T21:17:00.3714978Z #31 4.775   Downloading amqp-5.3.1-py3-none-any.whl.metadata (8.9 kB)
2025-08-20T21:17:00.3715942Z #31 4.827 Collecting packaging (from kombu<6.0,>=5.3.4->celery==5.4.*->celery[redis]==5.4.*->-r fees_h10/requirements.txt (line 1))
2025-08-20T21:17:00.3716945Z #31 4.835   Downloading packaging-25.0-py3-none-any.whl.metadata (3.3 kB)
2025-08-20T21:17:00.3717943Z #31 4.873 Collecting six>=1.5 (from python-dateutil>=2.8.2->celery==5.4.*->celery[redis]==5.4.*->-r fees_h10/requirements.txt (line 1))
2025-08-20T21:17:00.3718931Z #31 4.879   Downloading six-1.17.0-py2.py3-none-any.whl.metadata (1.7 kB)
2025-08-20T21:17:00.3719817Z #31 4.925 Collecting PyJWT>=2.9.0 (from redis!=4.5.5,<6.0.0,>=4.5.2->celery[redis]==5.4.*->-r fees_h10/requirements.txt (line 1))
2025-08-20T21:17:00.3720728Z #31 4.931   Downloading PyJWT-2.10.1-py3-none-any.whl.metadata (4.0 kB)
2025-08-20T21:17:00.3721541Z #31 4.971 Collecting sniffio>=1.1 (from anyio->httpx->-r fees_h10/requirements.txt (line 3))
2025-08-20T21:17:00.3722366Z #31 4.977   Downloading sniffio-1.3.1-py3-none-any.whl.metadata (3.9 kB)
2025-08-20T21:17:00.3757761Z #31 5.037 Collecting wcwidth (from prompt-toolkit>=3.0.36->click-repl>=0.2.0->celery==5.4.*->celery[redis]==5.4.*->-r fees_h10/requirements.txt (line 1))
2025-08-20T21:17:00.3758944Z #31 5.042   Downloading wcwidth-0.2.13-py2.py3-none-any.whl.metadata (14 kB)
2025-08-20T21:17:00.3759660Z #31 5.067 Downloading celery-5.4.0-py3-none-any.whl (425 kB)
2025-08-20T21:17:00.3760490Z #31 5.085 Downloading asyncpg-0.30.0-cp312-cp312-manylinux_2_17_x86_64.manylinux2014_x86_64.whl (3.6 MB)
2025-08-20T21:17:00.3775545Z #31 5.124    ━━━━━━━━━━━━━━━━━━━━━━━━━━━━━━━━━━━━━━━━ 3.6/3.6 MB 107.4 MB/s eta 0:00:00
2025-08-20T21:17:00.3776326Z #31 5.131 Downloading httpx-0.28.1-py3-none-any.whl (73 kB)
2025-08-20T21:17:00.3777364Z #31 5.142 Downloading httpcore-1.0.9-py3-none-any.whl (78 kB)
2025-08-20T21:17:00.3779653Z #31 5.152 Downloading sqlalchemy-2.0.43-cp312-cp312-manylinux_2_17_x86_64.manylinux2014_x86_64.whl (3.3 MB)
2025-08-20T21:17:00.3780861Z #31 5.190    ━━━━━━━━━━━━━━━━━━━━━━━━━━━━━━━━━━━━━━━━ 3.3/3.3 MB 104.2 MB/s eta 0:00:00
2025-08-20T21:17:00.3781551Z #31 5.195 Downloading billiard-4.2.1-py3-none-any.whl (86 kB)
2025-08-20T21:17:00.3782415Z #31 5.209 Downloading click-8.2.1-py3-none-any.whl (102 kB)
2025-08-20T21:17:00.3783290Z #31 5.225 Downloading click_didyoumean-0.3.1-py3-none-any.whl (3.6 kB)
2025-08-20T21:17:00.3784063Z #31 5.240 Downloading click_plugins-1.1.1.2-py2.py3-none-any.whl (11 kB)
2025-08-20T21:17:00.3784809Z #31 5.249 Downloading click_repl-0.3.0-py3-none-any.whl (10 kB)
2025-08-20T21:17:00.3785731Z #31 5.258 Downloading greenlet-3.2.4-cp312-cp312-manylinux_2_24_x86_64.manylinux_2_28_x86_64.whl (607 kB)
2025-08-20T21:17:00.3786841Z #31 5.270    ━━━━━━━━━━━━━━━━━━━━━━━━━━━━━━━━━━━━━━━━ 607.6/607.6 kB 50.3 MB/s eta 0:00:00
2025-08-20T21:17:00.3787499Z #31 5.275 Downloading kombu-5.5.4-py3-none-any.whl (210 kB)
2025-08-20T21:17:00.3788092Z #31 5.283 Downloading vine-5.1.0-py3-none-any.whl (9.6 kB)
2025-08-20T21:17:00.3789005Z #31 5.292 Downloading python_dateutil-2.9.0.post0-py2.py3-none-any.whl (229 kB)
2025-08-20T21:17:00.3789755Z #31 5.305 Downloading redis-5.3.1-py3-none-any.whl (272 kB)
2025-08-20T21:17:00.3790479Z #31 5.317 Downloading typing_extensions-4.14.1-py3-none-any.whl (43 kB)
2025-08-20T21:17:00.3791190Z #31 5.327 Downloading tzdata-2025.2-py2.py3-none-any.whl (347 kB)
2025-08-20T21:17:00.3791834Z #31 5.343 Downloading anyio-4.10.0-py3-none-any.whl (107 kB)
2025-08-20T21:17:00.3792416Z #31 5.365 Downloading idna-3.10-py3-none-any.whl (70 kB)
2025-08-20T21:17:00.3793347Z #31 5.377 Downloading certifi-2025.8.3-py3-none-any.whl (161 kB)
2025-08-20T21:17:00.3793974Z #31 5.389 Downloading amqp-5.3.1-py3-none-any.whl (50 kB)
2025-08-20T21:17:00.3794549Z #31 5.401 Downloading h11-0.16.0-py3-none-any.whl (37 kB)
2025-08-20T21:17:00.3795195Z #31 5.420 Downloading prompt_toolkit-3.0.51-py3-none-any.whl (387 kB)
2025-08-20T21:17:00.3795849Z #31 5.482 Downloading PyJWT-2.10.1-py3-none-any.whl (22 kB)
2025-08-20T21:17:00.3796459Z #31 5.654 Downloading six-1.17.0-py2.py3-none-any.whl (11 kB)
2025-08-20T21:17:00.3797065Z #31 5.933 Downloading sniffio-1.3.1-py3-none-any.whl (10 kB)
2025-08-20T21:17:00.3797693Z #31 5.992 Downloading packaging-25.0-py3-none-any.whl (66 kB)
2025-08-20T21:17:00.3798339Z #31 6.034 Downloading wcwidth-0.2.13-py2.py3-none-any.whl (34 kB)
2025-08-20T21:17:00.3800393Z #31 6.191 Installing collected packages: wcwidth, vine, tzdata, typing-extensions, sniffio, six, PyJWT, prompt-toolkit, packaging, idna, h11, greenlet, click, certifi, billiard, asyncpg, sqlalchemy, redis, python-dateutil, httpcore, click-repl, click-plugins, click-didyoumean, anyio, amqp, kombu, httpx, celery
2025-08-20T21:17:00.5972296Z #31 ...
2025-08-20T21:17:00.5972546Z 
2025-08-20T21:17:00.5974052Z #13 [postgres 1/6] FROM docker.io/library/postgres:16@sha256:66a5efb5677ffac1037774a0e141fd3a4c035c9c0c0e624c9cc980dfa10f45e5
2025-08-20T21:17:00.5975770Z #13 extracting sha256:240810240d04caaaccb11d51ba7c3a7f7d6f470ec2a80ee420a3d33899d9a303 done
2025-08-20T21:17:00.5976605Z #13 DONE 9.9s
2025-08-20T21:17:00.5976784Z 
2025-08-20T21:17:00.5978153Z #32 [api stage-1 3/6] RUN set -eux;     if [ -f /etc/apt/sources.list ]; then         sed -i 's|http://deb.debian.org|https://deb.debian.org|g' /etc/apt/sources.list;     fi;     apt-get update;     apt-get install -y --no-install-recommends tzdata postgresql-client curl;     rm -rf /var/lib/apt/lists/*
2025-08-20T21:17:00.5980054Z #32 0.258 + [ -f /etc/apt/sources.list ]
2025-08-20T21:17:00.5980468Z #32 0.258 + apt-get update
2025-08-20T21:17:00.5980937Z #32 0.318 Hit:1 http://deb.debian.org/debian trixie InRelease
2025-08-20T21:17:00.5982562Z #32 0.319 Get:2 http://deb.debian.org/debian trixie-updates InRelease [47.1 kB]
2025-08-20T21:17:00.5983627Z #32 0.333 Get:3 http://deb.debian.org/debian-security trixie-security InRelease [43.4 kB]
2025-08-20T21:17:00.5984478Z #32 0.358 Get:4 http://deb.debian.org/debian trixie/main amd64 Packages [9668 kB]
2025-08-20T21:17:00.5985296Z #32 0.458 Get:5 http://deb.debian.org/debian trixie-updates/main amd64 Packages [2432 B]
2025-08-20T21:17:00.5986245Z #32 0.458 Get:6 http://deb.debian.org/debian-security trixie-security/main amd64 Packages [20.5 kB]
2025-08-20T21:17:00.5987316Z #32 1.330 Fetched 9781 kB in 1s (9582 kB/s)
2025-08-20T21:17:00.5987737Z #32 1.330 Reading package lists...
2025-08-20T21:17:00.5988328Z #32 2.171 + apt-get install -y --no-install-recommends tzdata postgresql-client curl
2025-08-20T21:17:00.5988967Z #32 2.201 Reading package lists...
2025-08-20T21:17:00.5989355Z #32 3.009 Building dependency tree...
2025-08-20T21:17:00.5989791Z #32 3.196 Reading state information...
2025-08-20T21:17:00.5990252Z #32 3.388 tzdata is already the newest version (2025b-4).
2025-08-20T21:17:00.5990828Z #32 3.388 The following additional packages will be installed:
2025-08-20T21:17:00.5991533Z #32 3.388   libbrotli1 libcom-err2 libcurl4t64 libgdbm-compat4t64 libgnutls30t64
2025-08-20T21:17:00.5992297Z #32 3.388   libgssapi-krb5-2 libidn2-0 libk5crypto3 libkeyutils1 libkrb5-3
2025-08-20T21:17:00.5993562Z #32 3.388   libkrb5support0 libldap2 libnghttp2-14 libnghttp3-9 libp11-kit0 libperl5.40
2025-08-20T21:17:00.5994396Z #32 3.389   libpq5 libpsl5t64 librtmp1 libsasl2-2 libsasl2-modules-db libssh2-1t64
2025-08-20T21:17:00.5995189Z #32 3.389   libtasn1-6 libunistring5 perl perl-modules-5.40 postgresql-client-17
2025-08-20T21:17:00.5995871Z #32 3.389   postgresql-client-common sensible-utils
2025-08-20T21:17:00.5996359Z #32 3.390 Suggested packages:
2025-08-20T21:17:00.5996751Z #32 3.390   gnutls-bin krb5-doc krb5-user perl-doc libterm-readline-gnu-perl
2025-08-20T21:17:00.5997593Z #32 3.390   | libterm-readline-perl-perl make libtap-harness-archive-perl postgresql-17
2025-08-20T21:17:00.5998275Z #32 3.390   postgresql-doc-17
2025-08-20T21:17:00.5998668Z #32 3.390 Recommended packages:
2025-08-20T21:17:00.5999277Z #32 3.390   bash-completion krb5-locales libldap-common publicsuffix libsasl2-modules
2025-08-20T21:17:00.5999996Z #32 3.700 The following NEW packages will be installed:
2025-08-20T21:17:00.6000669Z #32 3.700   curl libbrotli1 libcom-err2 libcurl4t64 libgdbm-compat4t64 libgnutls30t64
2025-08-20T21:17:00.6001468Z #32 3.702   libgssapi-krb5-2 libidn2-0 libk5crypto3 libkeyutils1 libkrb5-3
2025-08-20T21:17:00.6002313Z #32 3.702   libkrb5support0 libldap2 libnghttp2-14 libnghttp3-9 libp11-kit0 libperl5.40
2025-08-20T21:17:00.6003382Z #32 3.702   libpq5 libpsl5t64 librtmp1 libsasl2-2 libsasl2-modules-db libssh2-1t64
2025-08-20T21:17:00.6004136Z #32 3.702   libtasn1-6 libunistring5 perl perl-modules-5.40 postgresql-client
2025-08-20T21:17:00.6004878Z #32 3.702   postgresql-client-17 postgresql-client-common sensible-utils
2025-08-20T21:17:00.6005571Z #32 3.766 0 upgraded, 31 newly installed, 0 to remove and 0 not upgraded.
2025-08-20T21:17:00.6006130Z #32 3.766 Need to get 14.9 MB of archives.
2025-08-20T21:17:00.6006695Z #32 3.766 After this operation, 78.1 MB of additional disk space will be used.
2025-08-20T21:17:00.6007542Z #32 3.766 Get:1 http://deb.debian.org/debian trixie/main amd64 sensible-utils all 0.0.25 [25.0 kB]
2025-08-20T21:17:00.6008476Z #32 3.776 Get:2 http://deb.debian.org/debian trixie/main amd64 perl-modules-5.40 all 5.40.1-6 [3019 kB]
2025-08-20T21:17:00.6009454Z #32 3.845 Get:3 http://deb.debian.org/debian trixie/main amd64 libgdbm-compat4t64 amd64 1.24-2 [50.3 kB]
2025-08-20T21:17:00.6010419Z #32 3.850 Get:4 http://deb.debian.org/debian trixie/main amd64 libperl5.40 amd64 5.40.1-6 [4341 kB]
2025-08-20T21:17:00.6011361Z #32 3.877 Get:5 http://deb.debian.org/debian trixie/main amd64 perl amd64 5.40.1-6 [267 kB]
2025-08-20T21:17:00.6012294Z #32 3.882 Get:6 http://deb.debian.org/debian trixie/main amd64 libbrotli1 amd64 1.1.0-2+b7 [307 kB]
2025-08-20T21:17:00.6013460Z #32 3.884 Get:7 http://deb.debian.org/debian trixie/main amd64 libkrb5support0 amd64 1.21.3-5 [33.0 kB]
2025-08-20T21:17:00.6016131Z #32 3.884 Get:8 http://deb.debian.org/debian trixie/main amd64 libcom-err2 amd64 1.47.2-3+b3 [25.0 kB]
2025-08-20T21:17:00.6017140Z #32 3.884 Get:9 http://deb.debian.org/debian trixie/main amd64 libk5crypto3 amd64 1.21.3-5 [81.5 kB]
2025-08-20T21:17:00.6018090Z #32 3.886 Get:10 http://deb.debian.org/debian trixie/main amd64 libkeyutils1 amd64 1.6.3-6 [9456 B]
2025-08-20T21:17:00.6019417Z #32 3.887 Get:11 http://deb.debian.org/debian trixie/main amd64 libkrb5-3 amd64 1.21.3-5 [326 kB]
2025-08-20T21:17:00.6020377Z #32 3.890 Get:12 http://deb.debian.org/debian trixie/main amd64 libgssapi-krb5-2 amd64 1.21.3-5 [138 kB]
2025-08-20T21:17:00.6021336Z #32 3.891 Get:13 http://deb.debian.org/debian trixie/main amd64 libunistring5 amd64 1.3-2 [477 kB]
2025-08-20T21:17:00.6022235Z #32 3.892 Get:14 http://deb.debian.org/debian trixie/main amd64 libidn2-0 amd64 2.3.8-2 [109 kB]
2025-08-20T21:17:00.6023387Z #32 3.905 Get:15 http://deb.debian.org/debian trixie/main amd64 libsasl2-modules-db amd64 2.1.28+dfsg1-9 [19.8 kB]
2025-08-20T21:17:00.6024442Z #32 3.905 Get:16 http://deb.debian.org/debian trixie/main amd64 libsasl2-2 amd64 2.1.28+dfsg1-9 [57.5 kB]
2025-08-20T21:17:00.6025562Z #32 3.905 Get:17 http://deb.debian.org/debian trixie/main amd64 libldap2 amd64 2.6.10+dfsg-1 [194 kB]
2025-08-20T21:17:00.6026690Z #32 3.910 Get:18 http://deb.debian.org/debian trixie/main amd64 libnghttp2-14 amd64 1.64.0-1.1 [76.0 kB]
2025-08-20T21:17:00.6027677Z #32 3.912 Get:19 http://deb.debian.org/debian trixie/main amd64 libnghttp3-9 amd64 1.8.0-1 [67.7 kB]
2025-08-20T21:17:00.6028636Z #32 3.912 Get:20 http://deb.debian.org/debian trixie/main amd64 libpsl5t64 amd64 0.21.2-1.1+b1 [57.2 kB]
2025-08-20T21:17:00.6029586Z #32 3.916 Get:21 http://deb.debian.org/debian trixie/main amd64 libp11-kit0 amd64 0.25.5-3 [425 kB]
2025-08-20T21:17:00.6030518Z #32 3.919 Get:22 http://deb.debian.org/debian trixie/main amd64 libtasn1-6 amd64 4.20.0-2 [49.9 kB]
2025-08-20T21:17:00.6031464Z #32 3.929 Get:23 http://deb.debian.org/debian trixie/main amd64 libgnutls30t64 amd64 3.8.9-3 [1465 kB]
2025-08-20T21:17:00.6032512Z #32 3.936 Get:24 http://deb.debian.org/debian trixie/main amd64 librtmp1 amd64 2.4+20151223.gitfa8646d.1-2+b5 [58.8 kB]
2025-08-20T21:17:00.6033855Z #32 3.938 Get:25 http://deb.debian.org/debian trixie/main amd64 libssh2-1t64 amd64 1.11.1-1 [245 kB]
2025-08-20T21:17:00.6034806Z #32 3.941 Get:26 http://deb.debian.org/debian trixie/main amd64 libcurl4t64 amd64 8.14.1-2 [391 kB]
2025-08-20T21:17:00.6035689Z #32 3.944 Get:27 http://deb.debian.org/debian trixie/main amd64 curl amd64 8.14.1-2 [269 kB]
2025-08-20T21:17:00.6036532Z #32 3.946 Get:28 http://deb.debian.org/debian trixie/main amd64 libpq5 amd64 17.5-1 [226 kB]
2025-08-20T21:17:00.6037464Z #32 3.947 Get:29 http://deb.debian.org/debian trixie/main amd64 postgresql-client-common all 278 [47.1 kB]
2025-08-20T21:17:00.6038485Z #32 3.950 Get:30 http://deb.debian.org/debian trixie/main amd64 postgresql-client-17 amd64 17.5-1 [2025 kB]
2025-08-20T21:17:00.6039469Z #32 3.962 Get:31 http://deb.debian.org/debian trixie/main amd64 postgresql-client all 17+278 [14.0 kB]
2025-08-20T21:17:00.6040164Z #32 6.062 Fetched 14.9 MB in 0s (60.3 MB/s)
2025-08-20T21:17:00.6040703Z #32 6.107 Selecting previously unselected package sensible-utils.
2025-08-20T21:17:00.6041232Z #32 6.107 (Reading database ... 
2025-08-20T21:17:00.6041609Z (Reading database ... 5%
2025-08-20T21:17:00.6041939Z (Reading database ... 10%
2025-08-20T21:17:00.6042281Z (Reading database ... 15%
2025-08-20T21:17:00.6042634Z (Reading database ... 20%
2025-08-20T21:17:00.6043107Z (Reading database ... 25%
2025-08-20T21:17:00.6043400Z (Reading database ... 30%
2025-08-20T21:17:00.6043779Z (Reading database ... 35%
2025-08-20T21:17:00.6044007Z (Reading database ... 40%
2025-08-20T21:17:00.6044271Z (Reading database ... 45%
2025-08-20T21:17:00.6044575Z (Reading database ... 50%
2025-08-20T21:17:00.6044870Z (Reading database ... 55%
2025-08-20T21:17:00.6045072Z (Reading database ... 60%
2025-08-20T21:17:00.6045257Z (Reading database ... 65%
2025-08-20T21:17:00.6045468Z (Reading database ... 70%
2025-08-20T21:17:00.6045659Z (Reading database ... 75%
2025-08-20T21:17:00.6045851Z (Reading database ... 80%
2025-08-20T21:17:00.6046042Z (Reading database ... 85%
2025-08-20T21:17:00.6046310Z (Reading database ... 90%
2025-08-20T21:17:00.6046683Z (Reading database ... 95%
2025-08-20T21:17:00.6047249Z (Reading database ... 100%
2025-08-20T21:17:00.6047781Z (Reading database ... 5643 files and directories currently installed.)
2025-08-20T21:17:00.6048522Z #32 6.116 Preparing to unpack .../00-sensible-utils_0.0.25_all.deb ...
2025-08-20T21:17:00.6049143Z #32 6.118 Unpacking sensible-utils (0.0.25) ...
2025-08-20T21:17:00.6049744Z #32 6.180 Selecting previously unselected package perl-modules-5.40.
2025-08-20T21:17:00.6050455Z #32 6.180 Preparing to unpack .../01-perl-modules-5.40_5.40.1-6_all.deb ...
2025-08-20T21:17:00.6051070Z #32 6.183 Unpacking perl-modules-5.40 (5.40.1-6) ...
2025-08-20T21:17:00.8394991Z #32 ...
2025-08-20T21:17:00.8395340Z 
2025-08-20T21:17:00.8397517Z #33 [postgres 2/6] RUN set -eux;     if [ -f /etc/apt/sources.list ]; then         sed -i 's|http://deb.debian.org|https://deb.debian.org|g' /etc/apt/sources.list;     fi;     apt-get update;     apt-get install -y locales;     locale-gen en_US.UTF-8;     rm -rf /var/lib/apt/lists/*
2025-08-20T21:17:00.8404110Z #33 0.206 + [ -f /etc/apt/sources.list ]
2025-08-20T21:17:00.8406860Z #33 0.207 + apt-get update
2025-08-20T21:17:00.8408592Z #33 0.263 Get:1 http://deb.debian.org/debian trixie InRelease [138 kB]
2025-08-20T21:17:00.8416559Z #33 0.368 Get:2 http://deb.debian.org/debian trixie-updates InRelease [47.1 kB]
2025-08-20T21:17:00.9509781Z #33 0.373 Get:3 http://deb.debian.org/debian-security trixie-security InRelease [43.4 kB]
2025-08-20T21:17:00.9511406Z #33 0.374 Get:4 http://apt.postgresql.org/pub/repos/apt trixie-pgdg InRelease [107 kB]
2025-08-20T21:17:00.9513985Z #33 0.407 Get:5 http://deb.debian.org/debian trixie/main amd64 Packages [9,668 kB]
2025-08-20T21:17:01.0642247Z #33 0.484 Get:6 http://apt.postgresql.org/pub/repos/apt trixie-pgdg/16 amd64 Packages [2,574 B]
2025-08-20T21:17:01.0643803Z #33 0.487 Get:7 http://deb.debian.org/debian trixie-updates/main amd64 Packages [2,432 B]
2025-08-20T21:17:01.0645045Z #33 0.490 Get:8 http://apt.postgresql.org/pub/repos/apt trixie-pgdg/main amd64 Packages [334 kB]
2025-08-20T21:17:01.0647276Z #33 0.490 Get:9 http://deb.debian.org/debian-security trixie-security/main amd64 Packages [20.5 kB]
2025-08-20T21:17:01.9964145Z #33 1.506 Fetched 10.4 MB in 1s (8,212 kB/s)
2025-08-20T21:17:02.9746042Z #33 1.506 Reading package lists...
2025-08-20T21:17:02.9746758Z #33 2.377 + apt-get install -y locales
2025-08-20T21:17:03.7372563Z #33 2.389 Reading package lists...
2025-08-20T21:17:03.9589726Z #33 3.279 Building dependency tree...
2025-08-20T21:17:04.0629302Z #33 3.488 Reading state information...
2025-08-20T21:17:04.1760029Z #33 ...
2025-08-20T21:17:04.1762689Z 
2025-08-20T21:17:04.1763438Z #34 [etl base 4/5] RUN if [ -n "" ] && [ -f "" ]; then         pip install -r requirements.txt -c "";     else         pip install -r requirements.txt;     fi
2025-08-20T21:17:04.1764425Z #34 3.028 Collecting keepa==1.3.14 (from -r requirements.txt (line 1))
2025-08-20T21:17:04.1765182Z #34 3.107   Downloading keepa-1.3.14-py3-none-any.whl.metadata (10 kB)
2025-08-20T21:17:04.1765837Z #34 3.188 Collecting minio==7.1.15 (from -r requirements.txt (line 2))
2025-08-20T21:17:04.1766495Z #34 3.210   Downloading minio-7.1.15-py3-none-any.whl.metadata (4.2 kB)
2025-08-20T21:17:04.1767151Z #34 3.312 Collecting celery==5.3.* (from -r requirements.txt (line 3))
2025-08-20T21:17:04.1767799Z #34 3.334   Downloading celery-5.3.6-py3-none-any.whl.metadata (21 kB)
2025-08-20T21:17:04.1768436Z #34 3.443 Collecting redis==5.* (from -r requirements.txt (line 4))
2025-08-20T21:17:04.1769085Z #34 3.464   Downloading redis-5.3.1-py3-none-any.whl.metadata (9.2 kB)
2025-08-20T21:17:04.1769866Z #34 3.631 Collecting python-amazon-sp-api==0.8.0 (from -r requirements.txt (line 5))
2025-08-20T21:17:04.1770731Z #34 3.654   Downloading python_amazon_sp_api-0.8.0-py3-none-any.whl.metadata (3.2 kB)
2025-08-20T21:17:04.1771442Z #34 3.690 Collecting pydantic-settings==2.2.1 (from -r requirements.txt (line 6))
2025-08-20T21:17:04.1772153Z #34 3.711   Downloading pydantic_settings-2.2.1-py3-none-any.whl.metadata (3.1 kB)
2025-08-20T21:17:04.1773475Z #34 3.987 Collecting numpy<2 (from -r requirements.txt (line 7))
2025-08-20T21:17:04.1774186Z #34 4.011   Downloading numpy-1.26.4-cp312-cp312-manylinux_2_17_x86_64.manylinux2014_x86_64.whl.metadata (61 kB)
2025-08-20T21:17:04.1774958Z #34 4.217 Collecting pandas==2.2.* (from -r requirements.txt (line 8))
2025-08-20T21:17:04.1775707Z #34 4.239   Downloading pandas-2.2.3-cp312-cp312-manylinux_2_17_x86_64.manylinux2014_x86_64.whl.metadata (89 kB)
2025-08-20T21:17:04.1776487Z #34 4.363 Collecting pandera==0.19.* (from -r requirements.txt (line 9))
2025-08-20T21:17:04.1777144Z #34 4.383   Downloading pandera-0.19.3-py3-none-any.whl.metadata (15 kB)
2025-08-20T21:17:04.1777767Z #34 4.439 Collecting openpyxl==3.1.* (from -r requirements.txt (line 10))
2025-08-20T21:17:04.1778421Z #34 4.460   Downloading openpyxl-3.1.5-py2.py3-none-any.whl.metadata (2.5 kB)
2025-08-20T21:17:04.1779329Z #34 4.556 Collecting psycopg2-binary==2.9.* (from -r requirements.txt (line 11))
2025-08-20T21:17:04.1780304Z #34 4.577   Downloading psycopg2_binary-2.9.10-cp312-cp312-manylinux_2_17_x86_64.manylinux2014_x86_64.whl.metadata (4.9 kB)
2025-08-20T21:17:04.1781309Z #34 4.656 Collecting requests>=2.2 (from keepa==1.3.14->-r requirements.txt (line 1))
2025-08-20T21:17:04.1782067Z #34 4.677   Downloading requests-2.32.5-py3-none-any.whl.metadata (4.9 kB)
2025-08-20T21:17:04.1814177Z #34 4.749 Collecting tqdm (from keepa==1.3.14->-r requirements.txt (line 1))
2025-08-20T21:17:04.1814955Z #34 4.772   Downloading tqdm-4.67.1-py3-none-any.whl.metadata (57 kB)
2025-08-20T21:17:04.1815707Z #34 5.516 Collecting aiohttp (from keepa==1.3.14->-r requirements.txt (line 1))
2025-08-20T21:17:04.1816694Z #34 5.676   Downloading aiohttp-3.12.15-cp312-cp312-manylinux_2_17_x86_64.manylinux2014_x86_64.whl.metadata (7.7 kB)
2025-08-20T21:17:04.1817697Z #34 6.131 Collecting pydantic (from keepa==1.3.14->-r requirements.txt (line 1))
2025-08-20T21:17:04.1818498Z #34 6.152   Downloading pydantic-2.11.7-py3-none-any.whl.metadata (67 kB)
2025-08-20T21:17:04.1819270Z #34 6.201 Collecting certifi (from minio==7.1.15->-r requirements.txt (line 2))
2025-08-20T21:17:04.1820065Z #34 6.222   Downloading certifi-2025.8.3-py3-none-any.whl.metadata (2.4 kB)
2025-08-20T21:17:04.1820833Z #34 6.283 Collecting urllib3 (from minio==7.1.15->-r requirements.txt (line 2))
2025-08-20T21:17:04.1821584Z #34 6.303   Downloading urllib3-2.5.0-py3-none-any.whl.metadata (6.5 kB)
2025-08-20T21:17:04.1822371Z #34 6.354 Collecting billiard<5.0,>=4.2.0 (from celery==5.3.*->-r requirements.txt (line 3))
2025-08-20T21:17:04.1823359Z #34 6.375   Downloading billiard-4.2.1-py3-none-any.whl.metadata (4.4 kB)
2025-08-20T21:17:04.1824188Z #34 6.416 Collecting click-didyoumean>=0.3.0 (from celery==5.3.*->-r requirements.txt (line 3))
2025-08-20T21:17:04.1825023Z #34 6.439   Downloading click_didyoumean-0.3.1-py3-none-any.whl.metadata (3.9 kB)
2025-08-20T21:17:04.1825873Z #34 6.475 Collecting click-plugins>=1.1.1 (from celery==5.3.*->-r requirements.txt (line 3))
2025-08-20T21:17:04.1826762Z #34 6.511   Downloading click_plugins-1.1.1.2-py2.py3-none-any.whl.metadata (6.5 kB)
2025-08-20T21:17:04.1827644Z #34 6.541 Collecting click-repl>=0.2.0 (from celery==5.3.*->-r requirements.txt (line 3))
2025-08-20T21:17:04.1828454Z #34 6.566   Downloading click_repl-0.3.0-py3-none-any.whl.metadata (3.6 kB)
2025-08-20T21:17:04.1829227Z #34 6.602 Collecting click<9.0,>=8.1.2 (from celery==5.3.*->-r requirements.txt (line 3))
2025-08-20T21:17:04.1829993Z #34 6.622   Downloading click-8.2.1-py3-none-any.whl.metadata (2.5 kB)
2025-08-20T21:17:04.1830764Z #34 6.807 Collecting kombu<6.0,>=5.3.4 (from celery==5.3.*->-r requirements.txt (line 3))
2025-08-20T21:17:04.1831535Z #34 6.829   Downloading kombu-5.5.4-py3-none-any.whl.metadata (3.5 kB)
2025-08-20T21:17:04.1832342Z #34 6.869 Collecting python-dateutil>=2.8.2 (from celery==5.3.*->-r requirements.txt (line 3))
2025-08-20T21:17:04.1833453Z #34 6.889   Downloading python_dateutil-2.9.0.post0-py2.py3-none-any.whl.metadata (8.4 kB)
2025-08-20T21:17:04.1834348Z #34 6.920 Collecting tzdata>=2022.7 (from celery==5.3.*->-r requirements.txt (line 3))
2025-08-20T21:17:04.1835427Z #34 6.942   Downloading tzdata-2025.2-py2.py3-none-any.whl.metadata (1.4 kB)
2025-08-20T21:17:04.1836212Z #34 6.985 Collecting vine<6.0,>=5.1.0 (from celery==5.3.*->-r requirements.txt (line 3))
2025-08-20T21:17:04.1836954Z #34 7.010   Downloading vine-5.1.0-py3-none-any.whl.metadata (2.7 kB)
2025-08-20T21:17:04.1837687Z #34 7.055 Collecting PyJWT>=2.9.0 (from redis==5.*->-r requirements.txt (line 4))
2025-08-20T21:17:04.1838446Z #34 7.099   Downloading PyJWT-2.10.1-py3-none-any.whl.metadata (4.0 kB)
2025-08-20T21:17:04.1839252Z #34 7.150 Collecting six<2,>=1.15 (from python-amazon-sp-api==0.8.0->-r requirements.txt (line 5))
2025-08-20T21:17:04.1840090Z #34 7.173   Downloading six-1.17.0-py2.py3-none-any.whl.metadata (1.7 kB)
2025-08-20T21:17:04.1841109Z #34 7.771 Collecting boto3<2,>=1.16.39 (from python-amazon-sp-api==0.8.0->-r requirements.txt (line 5))
2025-08-20T21:17:04.1841990Z #34 7.795   Downloading boto3-1.40.14-py3-none-any.whl.metadata (6.7 kB)
2025-08-20T21:17:04.1873255Z #34 7.837 Collecting cachetools~=4.2.0 (from python-amazon-sp-api==0.8.0->-r requirements.txt (line 5))
2025-08-20T21:17:04.1874203Z #34 7.988   Downloading cachetools-4.2.4-py3-none-any.whl.metadata (4.8 kB)
2025-08-20T21:17:04.1875115Z #34 8.125 Collecting pycryptodome (from python-amazon-sp-api==0.8.0->-r requirements.txt (line 5))
2025-08-20T21:17:04.1876242Z #34 8.147   Downloading pycryptodome-3.23.0-cp37-abi3-manylinux_2_17_x86_64.manylinux2014_x86_64.whl.metadata (3.4 kB)
2025-08-20T21:17:04.1877327Z #34 8.222 Collecting pytz (from python-amazon-sp-api==0.8.0->-r requirements.txt (line 5))
2025-08-20T21:17:04.1878151Z #34 8.241   Downloading pytz-2025.2-py2.py3-none-any.whl.metadata (22 kB)
2025-08-20T21:17:04.1879017Z #34 8.279 Collecting confuse~=1.4.0 (from python-amazon-sp-api==0.8.0->-r requirements.txt (line 5))
2025-08-20T21:17:04.1879843Z #34 8.301   Downloading confuse-1.4.0-py2.py3-none-any.whl.metadata (3.8 kB)
2025-08-20T21:17:04.1880750Z #34 8.360 Collecting python-dotenv>=0.21.0 (from pydantic-settings==2.2.1->-r requirements.txt (line 6))
2025-08-20T21:17:04.1881667Z #34 8.383   Downloading python_dotenv-1.1.1-py3-none-any.whl.metadata (24 kB)
2025-08-20T21:17:04.1882514Z #34 8.452 Collecting multimethod<=1.10.0 (from pandera==0.19.*->-r requirements.txt (line 9))
2025-08-20T21:17:04.1921386Z #34 8.473   Downloading multimethod-1.10-py3-none-any.whl.metadata (8.2 kB)
2025-08-20T21:17:04.1922252Z #34 8.553 Collecting packaging>=20.0 (from pandera==0.19.*->-r requirements.txt (line 9))
2025-08-20T21:17:04.1923261Z #34 8.575   Downloading packaging-25.0-py3-none-any.whl.metadata (3.3 kB)
2025-08-20T21:17:04.1924074Z #34 8.633 Collecting typeguard (from pandera==0.19.*->-r requirements.txt (line 9))
2025-08-20T21:17:04.1924909Z #34 8.654   Downloading typeguard-4.4.4-py3-none-any.whl.metadata (3.3 kB)
2025-08-20T21:17:04.1925781Z #34 8.685 Collecting typing-inspect>=0.6.0 (from pandera==0.19.*->-r requirements.txt (line 9))
2025-08-20T21:17:04.1926693Z #34 8.710   Downloading typing_inspect-0.9.0-py3-none-any.whl.metadata (1.5 kB)
2025-08-20T21:17:04.1927494Z #34 8.894 Collecting wrapt (from pandera==0.19.*->-r requirements.txt (line 9))
2025-08-20T21:17:04.1928562Z #34 8.917   Downloading wrapt-1.17.3-cp312-cp312-manylinux1_x86_64.manylinux_2_28_x86_64.manylinux_2_5_x86_64.whl.metadata (6.4 kB)
2025-08-20T21:17:04.1929642Z #34 8.942 Collecting et-xmlfile (from openpyxl==3.1.*->-r requirements.txt (line 10))
2025-08-20T21:17:04.1930476Z #34 8.972   Downloading et_xmlfile-2.0.0-py3-none-any.whl.metadata (2.7 kB)
2025-08-20T21:17:04.1931468Z #34 9.782 Collecting botocore<1.41.0,>=1.40.14 (from boto3<2,>=1.16.39->python-amazon-sp-api==0.8.0->-r requirements.txt (line 5))
2025-08-20T21:17:04.1932462Z #34 9.808   Downloading botocore-1.40.14-py3-none-any.whl.metadata (5.7 kB)
2025-08-20T21:17:04.1963714Z #34 9.846 Collecting jmespath<2.0.0,>=0.7.1 (from boto3<2,>=1.16.39->python-amazon-sp-api==0.8.0->-r requirements.txt (line 5))
2025-08-20T21:17:04.1965010Z #34 9.872   Downloading jmespath-1.0.1-py3-none-any.whl.metadata (7.6 kB)
2025-08-20T21:17:04.1965878Z #34 9.920 Collecting s3transfer<0.14.0,>=0.13.0 (from boto3<2,>=1.16.39->python-amazon-sp-api==0.8.0->-r requirements.txt (line 5))
2025-08-20T21:17:04.1966757Z #34 9.941   Downloading s3transfer-0.13.1-py3-none-any.whl.metadata (1.7 kB)
2025-08-20T21:17:04.2846152Z #34 10.05 Collecting prompt-toolkit>=3.0.36 (from click-repl>=0.2.0->celery==5.3.*->-r requirements.txt (line 3))
2025-08-20T21:17:04.2866035Z #34 10.08   Downloading prompt_toolkit-3.0.51-py3-none-any.whl.metadata (6.4 kB)
2025-08-20T21:17:04.2867126Z #34 10.14 Collecting pyyaml (from confuse~=1.4.0->python-amazon-sp-api==0.8.0->-r requirements.txt (line 5))
2025-08-20T21:17:04.2867930Z #34 ...
2025-08-20T21:17:04.2868110Z 
2025-08-20T21:17:04.2868714Z #35 [api base  4/13] RUN pip install --no-cache-dir -r requirements.txt
2025-08-20T21:17:04.2869501Z #35 3.028 Collecting uvicorn==0.29.0 (from -r requirements.txt (line 1))
2025-08-20T21:17:04.2870290Z #35 3.060   Downloading uvicorn-0.29.0-py3-none-any.whl.metadata (6.3 kB)
2025-08-20T21:17:04.2871122Z #35 3.084 Collecting pydantic-settings==2.2.1 (from -r requirements.txt (line 2))
2025-08-20T21:17:04.2872001Z #35 3.092   Downloading pydantic_settings-2.2.1-py3-none-any.whl.metadata (3.1 kB)
2025-08-20T21:17:04.2873028Z #35 3.154 Collecting fastapi==0.111.0 (from -r requirements.txt (line 3))
2025-08-20T21:17:04.2873788Z #35 3.167   Downloading fastapi-0.111.0-py3-none-any.whl.metadata (25 kB)
2025-08-20T21:17:04.2874550Z #35 3.608 Collecting sqlalchemy==2.0.29 (from -r requirements.txt (line 4))
2025-08-20T21:17:04.2875607Z #35 3.621   Downloading SQLAlchemy-2.0.29-cp312-cp312-manylinux_2_17_x86_64.manylinux2014_x86_64.whl.metadata (9.6 kB)
2025-08-20T21:17:04.2876595Z #35 3.668 Collecting alembic==1.13.1 (from -r requirements.txt (line 5))
2025-08-20T21:17:04.2877372Z #35 3.676   Downloading alembic-1.13.1-py3-none-any.whl.metadata (7.4 kB)
2025-08-20T21:17:04.2878223Z #35 3.701 Collecting psycopg==3.2.9 (from psycopg[binary]==3.2.9->-r requirements.txt (line 6))
2025-08-20T21:17:04.2879121Z #35 3.706   Downloading psycopg-3.2.9-py3-none-any.whl.metadata (4.5 kB)
2025-08-20T21:17:04.2879898Z #35 3.734 Collecting httpx==0.27.2 (from -r requirements.txt (line 7))
2025-08-20T21:17:04.2880649Z #35 3.739   Downloading httpx-0.27.2-py3-none-any.whl.metadata (7.1 kB)
2025-08-20T21:17:04.2881431Z #35 3.790 Collecting asyncpg==0.29.0 (from -r requirements.txt (line 8))
2025-08-20T21:17:04.2882401Z #35 3.798   Downloading asyncpg-0.29.0-cp312-cp312-manylinux_2_17_x86_64.manylinux2014_x86_64.whl.metadata (4.4 kB)
2025-08-20T21:17:04.2883541Z #35 4.265 Collecting boto3==1.34.162 (from -r requirements.txt (line 9))
2025-08-20T21:17:04.2884298Z #35 4.280   Downloading boto3-1.34.162-py3-none-any.whl.metadata (6.6 kB)
2025-08-20T21:17:04.2885053Z #35 4.303 Collecting Jinja2==3.1.5 (from -r requirements.txt (line 10))
2025-08-20T21:17:04.2885797Z #35 4.362   Downloading jinja2-3.1.5-py3-none-any.whl.metadata (2.6 kB)
2025-08-20T21:17:04.2886528Z #35 4.421 Collecting celery==5.3.* (from -r requirements.txt (line 11))
2025-08-20T21:17:04.2887279Z #35 4.444   Downloading celery-5.3.6-py3-none-any.whl.metadata (21 kB)
2025-08-20T21:17:04.2888043Z #35 4.514 Collecting structlog==24.1.0 (from -r requirements.txt (line 12))
2025-08-20T21:17:04.2888854Z #35 4.523   Downloading structlog-24.1.0-py3-none-any.whl.metadata (6.9 kB)
2025-08-20T21:17:04.2889714Z #35 4.564 Collecting asgi-correlation-id==4.3.1 (from -r requirements.txt (line 13))
2025-08-20T21:17:04.2890564Z #35 4.570   Downloading asgi_correlation_id-4.3.1-py3-none-any.whl.metadata (28 kB)
2025-08-20T21:17:04.2891434Z #35 4.585 Collecting fastapi-limiter==0.1.6 (from -r requirements.txt (line 14))
2025-08-20T21:17:04.2892280Z #35 4.590   Downloading fastapi_limiter-0.1.6-py3-none-any.whl.metadata (5.3 kB)
2025-08-20T21:17:04.2923414Z #35 4.635 Collecting redis==5.0.8 (from -r requirements.txt (line 15))
2025-08-20T21:17:04.2924487Z #35 4.642   Downloading redis-5.0.8-py3-none-any.whl.metadata (9.2 kB)
2025-08-20T21:17:04.2925455Z #35 4.732 Collecting sentry-sdk==2.9.0 (from sentry-sdk[celery,fastapi,sqlalchemy]==2.9.0->-r requirements.txt (line 16))
2025-08-20T21:17:04.2926502Z #35 4.741   Downloading sentry_sdk-2.9.0-py2.py3-none-any.whl.metadata (14 kB)
2025-08-20T21:17:04.2927335Z #35 4.839 Collecting click>=7.0 (from uvicorn==0.29.0->-r requirements.txt (line 1))
2025-08-20T21:17:04.2928143Z #35 4.843   Downloading click-8.2.1-py3-none-any.whl.metadata (2.5 kB)
2025-08-20T21:17:04.2928887Z #35 4.860 Collecting h11>=0.8 (from uvicorn==0.29.0->-r requirements.txt (line 1))
2025-08-20T21:17:04.2929710Z #35 4.865   Downloading h11-0.16.0-py3-none-any.whl.metadata (8.3 kB)
2025-08-20T21:17:04.2930664Z #35 5.051 Collecting pydantic>=2.3.0 (from pydantic-settings==2.2.1->-r requirements.txt (line 2))
2025-08-20T21:17:04.2931836Z #35 5.056   Downloading pydantic-2.11.7-py3-none-any.whl.metadata (67 kB)
2025-08-20T21:17:04.2932795Z #35 5.087 Collecting python-dotenv>=0.21.0 (from pydantic-settings==2.2.1->-r requirements.txt (line 2))
2025-08-20T21:17:04.2934815Z #35 5.093   Downloading python_dotenv-1.1.1-py3-none-any.whl.metadata (24 kB)
2025-08-20T21:17:04.2935735Z #35 5.160 Collecting starlette<0.38.0,>=0.37.2 (from fastapi==0.111.0->-r requirements.txt (line 3))
2025-08-20T21:17:04.2936665Z #35 5.170   Downloading starlette-0.37.2-py3-none-any.whl.metadata (5.9 kB)
2025-08-20T21:17:04.2937606Z #35 5.287 Collecting typing-extensions>=4.8.0 (from fastapi==0.111.0->-r requirements.txt (line 3))
2025-08-20T21:17:04.2938573Z #35 5.321   Downloading typing_extensions-4.14.1-py3-none-any.whl.metadata (3.0 kB)
2025-08-20T21:17:04.2939436Z #35 5.340 Collecting fastapi-cli>=0.0.2 (from fastapi==0.111.0->-r requirements.txt (line 3))
2025-08-20T21:17:04.2940277Z #35 5.346   Downloading fastapi_cli-0.0.8-py3-none-any.whl.metadata (6.3 kB)
2025-08-20T21:17:04.2941405Z #35 5.383 Collecting python-multipart>=0.0.7 (from fastapi==0.111.0->-r requirements.txt (line 3))
2025-08-20T21:17:04.2942394Z #35 5.388   Downloading python_multipart-0.0.20-py3-none-any.whl.metadata (1.8 kB)
2025-08-20T21:17:04.2943535Z #35 5.488 Collecting ujson!=4.0.2,!=4.1.0,!=4.2.0,!=4.3.0,!=5.0.0,!=5.1.0,>=4.0.1 (from fastapi==0.111.0->-r requirements.txt (line 3))
2025-08-20T21:17:04.2944620Z #35 5.501   Downloading ujson-5.11.0-cp312-cp312-manylinux_2_24_x86_64.manylinux_2_28_x86_64.whl.metadata (9.4 kB)
2025-08-20T21:17:04.2945608Z #35 5.717 Collecting orjson>=3.2.1 (from fastapi==0.111.0->-r requirements.txt (line 3))
2025-08-20T21:17:04.2946612Z #35 5.908   Downloading orjson-3.11.2-cp312-cp312-manylinux_2_17_x86_64.manylinux2014_x86_64.whl.metadata (1.2 kB)
2025-08-20T21:17:04.2947620Z #35 5.920 Collecting email_validator>=2.0.0 (from fastapi==0.111.0->-r requirements.txt (line 3))
2025-08-20T21:17:04.2948541Z #35 5.957   Downloading email_validator-2.2.0-py3-none-any.whl.metadata (25 kB)
2025-08-20T21:17:04.2949463Z #35 6.188 Collecting greenlet!=0.4.17 (from sqlalchemy==2.0.29->-r requirements.txt (line 4))
2025-08-20T21:17:04.2950548Z #35 6.195   Downloading greenlet-3.2.4-cp312-cp312-manylinux_2_24_x86_64.manylinux_2_28_x86_64.whl.metadata (4.1 kB)
2025-08-20T21:17:04.2951577Z #35 6.248 Collecting Mako (from alembic==1.13.1->-r requirements.txt (line 5))
2025-08-20T21:17:04.2952333Z #35 6.276   Downloading mako-1.3.10-py3-none-any.whl.metadata (2.9 kB)
2025-08-20T21:17:04.2981388Z #35 6.313 Collecting anyio (from httpx==0.27.2->-r requirements.txt (line 7))
2025-08-20T21:17:04.2982209Z #35 6.321   Downloading anyio-4.10.0-py3-none-any.whl.metadata (4.0 kB)
2025-08-20T21:17:04.2983150Z #35 6.345 Collecting certifi (from httpx==0.27.2->-r requirements.txt (line 7))
2025-08-20T21:17:04.2984263Z #35 6.351   Downloading certifi-2025.8.3-py3-none-any.whl.metadata (2.4 kB)
2025-08-20T21:17:04.2987040Z #35 6.368 Collecting httpcore==1.* (from httpx==0.27.2->-r requirements.txt (line 7))
2025-08-20T21:17:04.2987837Z #35 6.373   Downloading httpcore-1.0.9-py3-none-any.whl.metadata (21 kB)
2025-08-20T21:17:04.2988842Z #35 6.396 Collecting idna (from httpx==0.27.2->-r requirements.txt (line 7))
2025-08-20T21:17:04.2989547Z #35 6.410   Downloading idna-3.10-py3-none-any.whl.metadata (10 kB)
2025-08-20T21:17:04.2990268Z #35 6.424 Collecting sniffio (from httpx==0.27.2->-r requirements.txt (line 7))
2025-08-20T21:17:04.2991022Z #35 6.434   Downloading sniffio-1.3.1-py3-none-any.whl.metadata (3.9 kB)
2025-08-20T21:17:04.2991846Z #35 7.011 Collecting botocore<1.35.0,>=1.34.162 (from boto3==1.34.162->-r requirements.txt (line 9))
2025-08-20T21:17:04.2992709Z #35 7.019   Downloading botocore-1.34.162-py3-none-any.whl.metadata (5.7 kB)
2025-08-20T21:17:04.2993762Z #35 7.041 Collecting jmespath<2.0.0,>=0.7.1 (from boto3==1.34.162->-r requirements.txt (line 9))
2025-08-20T21:17:04.2994583Z #35 7.051   Downloading jmespath-1.0.1-py3-none-any.whl.metadata (7.6 kB)
2025-08-20T21:17:04.2995581Z #35 7.079 Collecting s3transfer<0.11.0,>=0.10.0 (from boto3==1.34.162->-r requirements.txt (line 9))
2025-08-20T21:17:04.2996448Z #35 7.086   Downloading s3transfer-0.10.4-py3-none-any.whl.metadata (1.7 kB)
2025-08-20T21:17:04.2997279Z #35 7.164 Collecting MarkupSafe>=2.0 (from Jinja2==3.1.5->-r requirements.txt (line 10))
2025-08-20T21:17:04.2998323Z #35 7.170   Downloading MarkupSafe-3.0.2-cp312-cp312-manylinux_2_17_x86_64.manylinux2014_x86_64.whl.metadata (4.0 kB)
2025-08-20T21:17:04.2999491Z #35 7.211 Collecting billiard<5.0,>=4.2.0 (from celery==5.3.*->-r requirements.txt (line 11))
2025-08-20T21:17:04.3000313Z #35 7.224   Downloading billiard-4.2.1-py3-none-any.whl.metadata (4.4 kB)
2025-08-20T21:17:04.3001177Z #35 7.238 Collecting click-didyoumean>=0.3.0 (from celery==5.3.*->-r requirements.txt (line 11))
2025-08-20T21:17:04.3002075Z #35 7.273   Downloading click_didyoumean-0.3.1-py3-none-any.whl.metadata (3.9 kB)
2025-08-20T21:17:04.3006730Z #35 7.291 Collecting click-plugins>=1.1.1 (from celery==5.3.*->-r requirements.txt (line 11))
2025-08-20T21:17:04.3007682Z #35 7.293   Downloading click_plugins-1.1.1.2-py2.py3-none-any.whl.metadata (6.5 kB)
2025-08-20T21:17:04.3008576Z #35 7.304 Collecting click-repl>=0.2.0 (from celery==5.3.*->-r requirements.txt (line 11))
2025-08-20T21:17:04.3009403Z #35 7.309   Downloading click_repl-0.3.0-py3-none-any.whl.metadata (3.6 kB)
2025-08-20T21:17:04.3010183Z #35 7.358 Collecting kombu<6.0,>=5.3.4 (from celery==5.3.*->-r requirements.txt (line 11))
2025-08-20T21:17:04.3010944Z #35 7.363   Downloading kombu-5.5.4-py3-none-any.whl.metadata (3.5 kB)
2025-08-20T21:17:04.3014698Z #35 7.399 Collecting python-dateutil>=2.8.2 (from celery==5.3.*->-r requirements.txt (line 11))
2025-08-20T21:17:04.3015670Z #35 7.405   Downloading python_dateutil-2.9.0.post0-py2.py3-none-any.whl.metadata (8.4 kB)
2025-08-20T21:17:04.3016569Z #35 7.427 Collecting tzdata>=2022.7 (from celery==5.3.*->-r requirements.txt (line 11))
2025-08-20T21:17:04.3017393Z #35 7.432   Downloading tzdata-2025.2-py2.py3-none-any.whl.metadata (1.4 kB)
2025-08-20T21:17:04.3018161Z #35 7.447 Collecting vine<6.0,>=5.1.0 (from celery==5.3.*->-r requirements.txt (line 11))
2025-08-20T21:17:04.3018813Z #35 7.452   Downloading vine-5.1.0-py3-none-any.whl.metadata (2.7 kB)
2025-08-20T21:17:04.3019838Z #35 7.526 Collecting urllib3>=1.26.11 (from sentry-sdk==2.9.0->sentry-sdk[celery,fastapi,sqlalchemy]==2.9.0->-r requirements.txt (line 16))
2025-08-20T21:17:04.3020888Z #35 7.532   Downloading urllib3-2.5.0-py3-none-any.whl.metadata (6.5 kB)
2025-08-20T21:17:04.3021756Z #35 7.680 Collecting psycopg-binary==3.2.9 (from psycopg[binary]==3.2.9->-r requirements.txt (line 6))
2025-08-20T21:17:04.3023082Z #35 7.687   Downloading psycopg_binary-3.2.9-cp312-cp312-manylinux_2_17_x86_64.manylinux2014_x86_64.whl.metadata (2.9 kB)
2025-08-20T21:17:04.3024248Z #35 7.853 Collecting prompt-toolkit>=3.0.36 (from click-repl>=0.2.0->celery==5.3.*->-r requirements.txt (line 11))
2025-08-20T21:17:04.3025114Z #35 7.858   Downloading prompt_toolkit-3.0.51-py3-none-any.whl.metadata (6.4 kB)
2025-08-20T21:17:04.3026068Z #35 7.874 Collecting dnspython>=2.0.0 (from email_validator>=2.0.0->fastapi==0.111.0->-r requirements.txt (line 3))
2025-08-20T21:17:04.3027216Z #35 7.878   Downloading dnspython-2.7.0-py3-none-any.whl.metadata (5.8 kB)
2025-08-20T21:17:04.3028096Z #35 7.910 Collecting typer>=0.15.1 (from fastapi-cli>=0.0.2->fastapi==0.111.0->-r requirements.txt (line 3))
2025-08-20T21:17:04.3028946Z #35 7.914   Downloading typer-0.16.1-py3-none-any.whl.metadata (15 kB)
2025-08-20T21:17:04.3029837Z #35 7.943 Collecting rich-toolkit>=0.14.8 (from fastapi-cli>=0.0.2->fastapi==0.111.0->-r requirements.txt (line 3))
2025-08-20T21:17:04.3030783Z #35 7.948   Downloading rich_toolkit-0.15.0-py3-none-any.whl.metadata (1.0 kB)
2025-08-20T21:17:04.3031636Z #35 7.986 Collecting amqp<6.0.0,>=5.1.1 (from kombu<6.0,>=5.3.4->celery==5.3.*->-r requirements.txt (line 11))
2025-08-20T21:17:04.3032478Z #35 7.991   Downloading amqp-5.3.1-py3-none-any.whl.metadata (8.9 kB)
2025-08-20T21:17:04.3050590Z #35 8.016 Collecting packaging (from kombu<6.0,>=5.3.4->celery==5.3.*->-r requirements.txt (line 11))
2025-08-20T21:17:04.3051457Z #35 8.024   Downloading packaging-25.0-py3-none-any.whl.metadata (3.3 kB)
2025-08-20T21:17:04.3052445Z #35 8.043 Collecting annotated-types>=0.6.0 (from pydantic>=2.3.0->pydantic-settings==2.2.1->-r requirements.txt (line 2))
2025-08-20T21:17:04.3053684Z #35 8.054   Downloading annotated_types-0.7.0-py3-none-any.whl.metadata (15 kB)
2025-08-20T21:17:04.3054711Z #35 9.064 Collecting pydantic-core==2.33.2 (from pydantic>=2.3.0->pydantic-settings==2.2.1->-r requirements.txt (line 2))
2025-08-20T21:17:04.3055919Z #35 9.070   Downloading pydantic_core-2.33.2-cp312-cp312-manylinux_2_17_x86_64.manylinux2014_x86_64.whl.metadata (6.8 kB)
2025-08-20T21:17:04.3057147Z #35 9.102 Collecting typing-inspection>=0.4.0 (from pydantic>=2.3.0->pydantic-settings==2.2.1->-r requirements.txt (line 2))
2025-08-20T21:17:04.3058127Z #35 9.106   Downloading typing_inspection-0.4.1-py3-none-any.whl.metadata (2.6 kB)
2025-08-20T21:17:04.3059024Z #35 9.136 Collecting six>=1.5 (from python-dateutil>=2.8.2->celery==5.3.*->-r requirements.txt (line 11))
2025-08-20T21:17:04.3059915Z #35 9.144   Downloading six-1.17.0-py2.py3-none-any.whl.metadata (1.7 kB)
2025-08-20T21:17:04.3060846Z #35 9.661 Collecting httptools>=0.5.0 (from uvicorn[standard]>=0.12.0->fastapi==0.111.0->-r requirements.txt (line 3))
2025-08-20T21:17:04.3062207Z #35 9.666   Downloading httptools-0.6.4-cp312-cp312-manylinux_2_5_x86_64.manylinux1_x86_64.manylinux_2_17_x86_64.manylinux2014_x86_64.whl.metadata (3.6 kB)
2025-08-20T21:17:04.3070815Z #35 9.719 Collecting pyyaml>=5.1 (from uvicorn[standard]>=0.12.0->fastapi==0.111.0->-r requirements.txt (line 3))
2025-08-20T21:17:04.3071861Z #35 9.724   Downloading PyYAML-6.0.2-cp312-cp312-manylinux_2_17_x86_64.manylinux2014_x86_64.whl.metadata (2.1 kB)
2025-08-20T21:17:04.3073287Z #35 9.766 Collecting uvloop!=0.15.0,!=0.15.1,>=0.14.0 (from uvicorn[standard]>=0.12.0->fastapi==0.111.0->-r requirements.txt (line 3))
2025-08-20T21:17:04.3074550Z #35 9.771   Downloading uvloop-0.21.0-cp312-cp312-manylinux_2_17_x86_64.manylinux2014_x86_64.whl.metadata (4.9 kB)
2025-08-20T21:17:04.3075703Z #35 9.950 Collecting watchfiles>=0.13 (from uvicorn[standard]>=0.12.0->fastapi==0.111.0->-r requirements.txt (line 3))
2025-08-20T21:17:04.3076861Z #35 9.955   Downloading watchfiles-1.1.0-cp312-cp312-manylinux_2_17_x86_64.manylinux2014_x86_64.whl.metadata (4.9 kB)
2025-08-20T21:17:04.3077905Z #35 10.09 Collecting websockets>=10.4 (from uvicorn[standard]>=0.12.0->fastapi==0.111.0->-r requirements.txt (line 3))
2025-08-20T21:17:04.3079234Z #35 10.10   Downloading websockets-15.0.1-cp312-cp312-manylinux_2_5_x86_64.manylinux1_x86_64.manylinux_2_17_x86_64.manylinux2014_x86_64.whl.metadata (6.8 kB)
2025-08-20T21:17:04.3080619Z #35 10.14 Collecting wcwidth (from prompt-toolkit>=3.0.36->click-repl>=0.2.0->celery==5.3.*->-r requirements.txt (line 11))
2025-08-20T21:17:04.3081603Z #35 10.15   Downloading wcwidth-0.2.13-py2.py3-none-any.whl.metadata (14 kB)
2025-08-20T21:17:04.3944857Z #35 10.22 Collecting rich>=13.7.1 (from rich-toolkit>=0.14.8->fastapi-cli>=0.0.2->fastapi==0.111.0->-r requirements.txt (line 3))
2025-08-20T21:17:04.3958689Z #35 10.28   Downloading rich-14.1.0-py3-none-any.whl.metadata (18 kB)
2025-08-20T21:17:04.3963325Z #35 ...
2025-08-20T21:17:04.3970139Z 
2025-08-20T21:17:04.3975792Z #32 [api stage-1 3/6] RUN set -eux;     if [ -f /etc/apt/sources.list ]; then         sed -i 's|http://deb.debian.org|https://deb.debian.org|g' /etc/apt/sources.list;     fi;     apt-get update;     apt-get install -y --no-install-recommends tzdata postgresql-client curl;     rm -rf /var/lib/apt/lists/*
2025-08-20T21:17:04.3981726Z #32 6.903 Selecting previously unselected package libgdbm-compat4t64:amd64.
2025-08-20T21:17:04.3987113Z #32 6.903 Preparing to unpack .../02-libgdbm-compat4t64_1.24-2_amd64.deb ...
2025-08-20T21:17:04.3991702Z #32 6.906 Unpacking libgdbm-compat4t64:amd64 (1.24-2) ...
2025-08-20T21:17:04.3997142Z #32 6.935 Selecting previously unselected package libperl5.40:amd64.
2025-08-20T21:17:04.4000771Z #32 6.939 Preparing to unpack .../03-libperl5.40_5.40.1-6_amd64.deb ...
2025-08-20T21:17:04.4009458Z #32 6.942 Unpacking libperl5.40:amd64 (5.40.1-6) ...
2025-08-20T21:17:04.4010042Z #32 7.330 Selecting previously unselected package perl.
2025-08-20T21:17:04.4010665Z #32 7.333 Preparing to unpack .../04-perl_5.40.1-6_amd64.deb ...
2025-08-20T21:17:04.4011212Z #32 7.335 Unpacking perl (5.40.1-6) ...
2025-08-20T21:17:04.4011807Z #32 7.421 Selecting previously unselected package libbrotli1:amd64.
2025-08-20T21:17:04.4012534Z #32 7.421 Preparing to unpack .../05-libbrotli1_1.1.0-2+b7_amd64.deb ...
2025-08-20T21:17:04.4013363Z #32 7.425 Unpacking libbrotli1:amd64 (1.1.0-2+b7) ...
2025-08-20T21:17:04.4014020Z #32 7.509 Selecting previously unselected package libkrb5support0:amd64.
2025-08-20T21:17:04.4014795Z #32 7.511 Preparing to unpack .../06-libkrb5support0_1.21.3-5_amd64.deb ...
2025-08-20T21:17:04.4015501Z #32 7.517 Unpacking libkrb5support0:amd64 (1.21.3-5) ...
2025-08-20T21:17:04.4016154Z #32 7.570 Selecting previously unselected package libcom-err2:amd64.
2025-08-20T21:17:04.4016902Z #32 7.570 Preparing to unpack .../07-libcom-err2_1.47.2-3+b3_amd64.deb ...
2025-08-20T21:17:04.4017547Z #32 7.572 Unpacking libcom-err2:amd64 (1.47.2-3+b3) ...
2025-08-20T21:17:04.4018203Z #32 7.673 Selecting previously unselected package libk5crypto3:amd64.
2025-08-20T21:17:04.4018939Z #32 7.673 Preparing to unpack .../08-libk5crypto3_1.21.3-5_amd64.deb ...
2025-08-20T21:17:04.4019570Z #32 7.675 Unpacking libk5crypto3:amd64 (1.21.3-5) ...
2025-08-20T21:17:04.4020210Z #32 7.730 Selecting previously unselected package libkeyutils1:amd64.
2025-08-20T21:17:04.4020942Z #32 7.732 Preparing to unpack .../09-libkeyutils1_1.6.3-6_amd64.deb ...
2025-08-20T21:17:04.4021578Z #32 7.738 Unpacking libkeyutils1:amd64 (1.6.3-6) ...
2025-08-20T21:17:04.4022190Z #32 7.808 Selecting previously unselected package libkrb5-3:amd64.
2025-08-20T21:17:04.4023033Z #32 7.811 Preparing to unpack .../10-libkrb5-3_1.21.3-5_amd64.deb ...
2025-08-20T21:17:04.4023764Z #32 7.812 Unpacking libkrb5-3:amd64 (1.21.3-5) ...
2025-08-20T21:17:04.4024425Z #32 7.883 Selecting previously unselected package libgssapi-krb5-2:amd64.
2025-08-20T21:17:04.4025207Z #32 7.884 Preparing to unpack .../11-libgssapi-krb5-2_1.21.3-5_amd64.deb ...
2025-08-20T21:17:04.4025868Z #32 7.887 Unpacking libgssapi-krb5-2:amd64 (1.21.3-5) ...
2025-08-20T21:17:04.4026528Z #32 7.932 Selecting previously unselected package libunistring5:amd64.
2025-08-20T21:17:04.4027256Z #32 7.932 Preparing to unpack .../12-libunistring5_1.3-2_amd64.deb ...
2025-08-20T21:17:04.4027880Z #32 7.935 Unpacking libunistring5:amd64 (1.3-2) ...
2025-08-20T21:17:04.4028495Z #32 8.000 Selecting previously unselected package libidn2-0:amd64.
2025-08-20T21:17:04.4029180Z #32 8.005 Preparing to unpack .../13-libidn2-0_2.3.8-2_amd64.deb ...
2025-08-20T21:17:04.4029790Z #32 8.007 Unpacking libidn2-0:amd64 (2.3.8-2) ...
2025-08-20T21:17:04.4030453Z #32 8.053 Selecting previously unselected package libsasl2-modules-db:amd64.
2025-08-20T21:17:04.4031591Z #32 8.053 Preparing to unpack .../14-libsasl2-modules-db_2.1.28+dfsg1-9_amd64.deb ...
2025-08-20T21:17:04.4032366Z #32 8.056 Unpacking libsasl2-modules-db:amd64 (2.1.28+dfsg1-9) ...
2025-08-20T21:17:04.4033237Z #32 8.095 Selecting previously unselected package libsasl2-2:amd64.
2025-08-20T21:17:04.4033983Z #32 8.097 Preparing to unpack .../15-libsasl2-2_2.1.28+dfsg1-9_amd64.deb ...
2025-08-20T21:17:04.4034640Z #32 8.101 Unpacking libsasl2-2:amd64 (2.1.28+dfsg1-9) ...
2025-08-20T21:17:04.4035272Z #32 8.152 Selecting previously unselected package libldap2:amd64.
2025-08-20T21:17:04.4035973Z #32 8.153 Preparing to unpack .../16-libldap2_2.6.10+dfsg-1_amd64.deb ...
2025-08-20T21:17:04.4036619Z #32 8.160 Unpacking libldap2:amd64 (2.6.10+dfsg-1) ...
2025-08-20T21:17:04.4037263Z #32 8.200 Selecting previously unselected package libnghttp2-14:amd64.
2025-08-20T21:17:04.4038213Z #32 8.204 Preparing to unpack .../17-libnghttp2-14_1.64.0-1.1_amd64.deb ...
2025-08-20T21:17:04.4038907Z #32 8.206 Unpacking libnghttp2-14:amd64 (1.64.0-1.1) ...
2025-08-20T21:17:04.4039559Z #32 8.263 Selecting previously unselected package libnghttp3-9:amd64.
2025-08-20T21:17:04.4040282Z #32 8.265 Preparing to unpack .../18-libnghttp3-9_1.8.0-1_amd64.deb ...
2025-08-20T21:17:04.4040923Z #32 8.268 Unpacking libnghttp3-9:amd64 (1.8.0-1) ...
2025-08-20T21:17:04.4041559Z #32 8.301 Selecting previously unselected package libpsl5t64:amd64.
2025-08-20T21:17:04.4042263Z #32 8.301 Preparing to unpack .../19-libpsl5t64_0.21.2-1.1+b1_amd64.deb ...
2025-08-20T21:17:04.4043080Z #32 8.303 Unpacking libpsl5t64:amd64 (0.21.2-1.1+b1) ...
2025-08-20T21:17:04.4043706Z #32 8.333 Selecting previously unselected package libp11-kit0:amd64.
2025-08-20T21:17:04.4044398Z #32 8.333 Preparing to unpack .../20-libp11-kit0_0.25.5-3_amd64.deb ...
2025-08-20T21:17:04.4045002Z #32 8.346 Unpacking libp11-kit0:amd64 (0.25.5-3) ...
2025-08-20T21:17:04.4045562Z #32 8.412 Selecting previously unselected package libtasn1-6:amd64.
2025-08-20T21:17:04.4046216Z #32 8.412 Preparing to unpack .../21-libtasn1-6_4.20.0-2_amd64.deb ...
2025-08-20T21:17:04.4046822Z #32 8.415 Unpacking libtasn1-6:amd64 (4.20.0-2) ...
2025-08-20T21:17:04.4047427Z #32 8.461 Selecting previously unselected package libgnutls30t64:amd64.
2025-08-20T21:17:04.4048152Z #32 8.463 Preparing to unpack .../22-libgnutls30t64_3.8.9-3_amd64.deb ...
2025-08-20T21:17:04.4048734Z #32 8.465 Unpacking libgnutls30t64:amd64 (3.8.9-3) ...
2025-08-20T21:17:04.4049301Z #32 8.572 Selecting previously unselected package librtmp1:amd64.
2025-08-20T21:17:04.4050030Z #32 8.575 Preparing to unpack .../23-librtmp1_2.4+20151223.gitfa8646d.1-2+b5_amd64.deb ...
2025-08-20T21:17:04.4050793Z #32 8.578 Unpacking librtmp1:amd64 (2.4+20151223.gitfa8646d.1-2+b5) ...
2025-08-20T21:17:04.4052014Z #32 8.620 Selecting previously unselected package libssh2-1t64:amd64.
2025-08-20T21:17:04.4053080Z #32 8.620 Preparing to unpack .../24-libssh2-1t64_1.11.1-1_amd64.deb ...
2025-08-20T21:17:04.4053713Z #32 8.624 Unpacking libssh2-1t64:amd64 (1.11.1-1) ...
2025-08-20T21:17:04.4054322Z #32 8.678 Selecting previously unselected package libcurl4t64:amd64.
2025-08-20T21:17:04.4054988Z #32 8.678 Preparing to unpack .../25-libcurl4t64_8.14.1-2_amd64.deb ...
2025-08-20T21:17:04.4055570Z #32 8.680 Unpacking libcurl4t64:amd64 (8.14.1-2) ...
2025-08-20T21:17:04.4056130Z #32 8.735 Selecting previously unselected package curl.
2025-08-20T21:17:04.4056727Z #32 8.738 Preparing to unpack .../26-curl_8.14.1-2_amd64.deb ...
2025-08-20T21:17:04.4057258Z #32 8.741 Unpacking curl (8.14.1-2) ...
2025-08-20T21:17:04.4057779Z #32 8.792 Selecting previously unselected package libpq5:amd64.
2025-08-20T21:17:04.4058399Z #32 8.796 Preparing to unpack .../27-libpq5_17.5-1_amd64.deb ...
2025-08-20T21:17:04.4058958Z #32 8.799 Unpacking libpq5:amd64 (17.5-1) ...
2025-08-20T21:17:04.4059572Z #32 8.887 Selecting previously unselected package postgresql-client-common.
2025-08-20T21:17:04.4060377Z #32 8.895 Preparing to unpack .../28-postgresql-client-common_278_all.deb ...
2025-08-20T21:17:04.4061264Z #32 8.922 Unpacking postgresql-client-common (278) ...
2025-08-20T21:17:04.4061938Z #32 8.959 Selecting previously unselected package postgresql-client-17.
2025-08-20T21:17:04.4062708Z #32 8.960 Preparing to unpack .../29-postgresql-client-17_17.5-1_amd64.deb ...
2025-08-20T21:17:04.4063702Z #32 8.963 Unpacking postgresql-client-17 (17.5-1) ...
2025-08-20T21:17:04.4064356Z #32 9.168 Selecting previously unselected package postgresql-client.
2025-08-20T21:17:04.4065071Z #32 9.168 Preparing to unpack .../30-postgresql-client_17+278_all.deb ...
2025-08-20T21:17:04.4065694Z #32 9.169 Unpacking postgresql-client (17+278) ...
2025-08-20T21:17:04.4066210Z #32 9.230 Setting up libkeyutils1:amd64 (1.6.3-6) ...
2025-08-20T21:17:04.4066866Z #32 9.245 Setting up libgdbm-compat4t64:amd64 (1.24-2) ...
2025-08-20T21:17:04.4067417Z #32 9.249 Setting up libbrotli1:amd64 (1.1.0-2+b7) ...
2025-08-20T21:17:04.4068155Z #32 9.253 Setting up libnghttp2-14:amd64 (1.64.0-1.1) ...
2025-08-20T21:17:04.4068722Z #32 9.257 Setting up libcom-err2:amd64 (1.47.2-3+b3) ...
2025-08-20T21:17:04.4069264Z #32 9.260 Setting up libkrb5support0:amd64 (1.21.3-5) ...
2025-08-20T21:17:04.4069860Z #32 9.267 Setting up libsasl2-modules-db:amd64 (2.1.28+dfsg1-9) ...
2025-08-20T21:17:04.4070438Z #32 9.271 Setting up libp11-kit0:amd64 (0.25.5-3) ...
2025-08-20T21:17:04.4070945Z #32 9.278 Setting up libunistring5:amd64 (1.3-2) ...
2025-08-20T21:17:04.4071452Z #32 9.283 Setting up libk5crypto3:amd64 (1.21.3-5) ...
2025-08-20T21:17:04.4071986Z #32 9.287 Setting up libsasl2-2:amd64 (2.1.28+dfsg1-9) ...
2025-08-20T21:17:04.4072524Z #32 9.292 Setting up libnghttp3-9:amd64 (1.8.0-1) ...
2025-08-20T21:17:04.4073255Z #32 9.295 Setting up perl-modules-5.40 (5.40.1-6) ...
2025-08-20T21:17:04.4073772Z #32 9.301 Setting up sensible-utils (0.0.25) ...
2025-08-20T21:17:04.4074263Z #32 9.306 Setting up libtasn1-6:amd64 (4.20.0-2) ...
2025-08-20T21:17:04.4074760Z #32 9.309 Setting up libkrb5-3:amd64 (1.21.3-5) ...
2025-08-20T21:17:04.4075259Z #32 9.316 Setting up libssh2-1t64:amd64 (1.11.1-1) ...
2025-08-20T21:17:04.4075783Z #32 9.319 Setting up libldap2:amd64 (2.6.10+dfsg-1) ...
2025-08-20T21:17:04.4076278Z #32 9.324 Setting up libidn2-0:amd64 (2.3.8-2) ...
2025-08-20T21:17:04.4076774Z #32 9.328 Setting up libperl5.40:amd64 (5.40.1-6) ...
2025-08-20T21:17:04.4077249Z #32 9.332 Setting up perl (5.40.1-6) ...
2025-08-20T21:17:04.4077741Z #32 9.354 Setting up libgssapi-krb5-2:amd64 (1.21.3-5) ...
2025-08-20T21:17:04.4078279Z #32 9.364 Setting up libgnutls30t64:amd64 (3.8.9-3) ...
2025-08-20T21:17:04.4078803Z #32 9.367 Setting up postgresql-client-common (278) ...
2025-08-20T21:17:04.4079340Z #32 9.389 Setting up libpsl5t64:amd64 (0.21.2-1.1+b1) ...
2025-08-20T21:17:04.4079859Z #32 9.399 Setting up libpq5:amd64 (17.5-1) ...
2025-08-20T21:17:04.4080427Z #32 9.409 Setting up librtmp1:amd64 (2.4+20151223.gitfa8646d.1-2+b5) ...
2025-08-20T21:17:04.4081050Z #32 9.418 Setting up libcurl4t64:amd64 (8.14.1-2) ...
2025-08-20T21:17:04.4081571Z #32 9.430 Setting up postgresql-client-17 (17.5-1) ...
2025-08-20T21:17:04.4952470Z #32 10.33 update-alternatives: using /usr/share/postgresql/17/man/man1/psql.1.gz to provide /usr/share/man/man1/psql.1.gz (psql.1.gz) in auto mode
2025-08-20T21:17:04.4953663Z #32 10.40 Setting up curl (8.14.1-2) ...
2025-08-20T21:17:04.4955279Z #32 10.40 Setting up postgresql-client (17+278) ...
2025-08-20T21:17:04.4955834Z #32 10.41 Processing triggers for libc-bin (2.41-12) ...
2025-08-20T21:17:04.6228782Z #32 10.46 + rm -rf /var/lib/apt/lists/auxfiles /var/lib/apt/lists/deb.debian.org_debian-security_dists_trixie-security_InRelease /var/lib/apt/lists/deb.debian.org_debian-security_dists_trixie-security_main_binary-amd64_Packages.lz4 /var/lib/apt/lists/deb.debian.org_debian_dists_trixie-updates_InRelease /var/lib/apt/lists/deb.debian.org_debian_dists_trixie-updates_main_binary-amd64_Packages.lz4 /var/lib/apt/lists/deb.debian.org_debian_dists_trixie_InRelease /var/lib/apt/lists/deb.debian.org_debian_dists_trixie_main_binary-amd64_Packages.lz4 /var/lib/apt/lists/lock /var/lib/apt/lists/partial
2025-08-20T21:17:04.8267695Z #32 DONE 10.7s
2025-08-20T21:17:04.8270056Z 
2025-08-20T21:17:04.8270409Z #35 [api base  4/13] RUN pip install --no-cache-dir -r requirements.txt
2025-08-20T21:17:04.8271406Z #35 10.34 Collecting shellingham>=1.3.0 (from typer>=0.15.1->fastapi-cli>=0.0.2->fastapi==0.111.0->-r requirements.txt (line 3))
2025-08-20T21:17:04.8272435Z #35 10.34   Downloading shellingham-1.5.4-py2.py3-none-any.whl.metadata (3.5 kB)
2025-08-20T21:17:04.8273796Z #35 10.43 Collecting markdown-it-py>=2.2.0 (from rich>=13.7.1->rich-toolkit>=0.14.8->fastapi-cli>=0.0.2->fastapi==0.111.0->-r requirements.txt (line 3))
2025-08-20T21:17:04.8274908Z #35 10.44   Downloading markdown_it_py-4.0.0-py3-none-any.whl.metadata (7.3 kB)
2025-08-20T21:17:04.8276294Z #35 10.50 Collecting pygments<3.0.0,>=2.13.0 (from rich>=13.7.1->rich-toolkit>=0.14.8->fastapi-cli>=0.0.2->fastapi==0.111.0->-r requirements.txt (line 3))
2025-08-20T21:17:04.8277366Z #35 10.51   Downloading pygments-2.19.2-py3-none-any.whl.metadata (2.5 kB)
2025-08-20T21:17:04.8278510Z #35 10.53 Collecting mdurl~=0.1 (from markdown-it-py>=2.2.0->rich>=13.7.1->rich-toolkit>=0.14.8->fastapi-cli>=0.0.2->fastapi==0.111.0->-r requirements.txt (line 3))
2025-08-20T21:17:04.8279601Z #35 10.54   Downloading mdurl-0.1.2-py3-none-any.whl.metadata (1.6 kB)
2025-08-20T21:17:04.8280240Z #35 10.58 Downloading uvicorn-0.29.0-py3-none-any.whl (60 kB)
2025-08-20T21:17:04.8280889Z #35 10.60 Downloading pydantic_settings-2.2.1-py3-none-any.whl (13 kB)
2025-08-20T21:17:04.8281542Z #35 10.61 Downloading fastapi-0.111.0-py3-none-any.whl (91 kB)
2025-08-20T21:17:04.8282390Z #35 10.62 Downloading SQLAlchemy-2.0.29-cp312-cp312-manylinux_2_17_x86_64.manylinux2014_x86_64.whl (3.2 MB)
2025-08-20T21:17:04.8283721Z #35 10.63    ━━━━━━━━━━━━━━━━━━━━━━━━━━━━━━━━━━━━━━━━ 3.2/3.2 MB 243.8 MB/s eta 0:00:00
2025-08-20T21:17:04.8284618Z #35 10.64 Downloading alembic-1.13.1-py3-none-any.whl (233 kB)
2025-08-20T21:17:04.8285255Z #35 10.64 Downloading psycopg-3.2.9-py3-none-any.whl (202 kB)
2025-08-20T21:17:04.8285854Z #35 10.65 Downloading httpx-0.27.2-py3-none-any.whl (76 kB)
2025-08-20T21:17:04.8286673Z #35 10.66 Downloading asyncpg-0.29.0-cp312-cp312-manylinux_2_17_x86_64.manylinux2014_x86_64.whl (3.3 MB)
2025-08-20T21:17:04.8287681Z #35 10.68    ━━━━━━━━━━━━━━━━━━━━━━━━━━━━━━━━━━━━━━━━ 3.3/3.3 MB 178.2 MB/s eta 0:00:00
2025-08-20T21:17:04.8288284Z #35 10.69 Downloading boto3-1.34.162-py3-none-any.whl (139 kB)
2025-08-20T21:17:04.8288887Z #35 10.69 Downloading jinja2-3.1.5-py3-none-any.whl (134 kB)
2025-08-20T21:17:04.8289483Z #35 10.70 Downloading celery-5.3.6-py3-none-any.whl (422 kB)
2025-08-20T21:17:04.8290096Z #35 10.71 Downloading structlog-24.1.0-py3-none-any.whl (65 kB)
2025-08-20T21:17:04.9415049Z #35 10.71 Downloading asgi_correlation_id-4.3.1-py3-none-any.whl (15 kB)
2025-08-20T21:17:04.9420833Z #35 10.72 Downloading fastapi_limiter-0.1.6-py3-none-any.whl (15 kB)
2025-08-20T21:17:04.9421844Z #35 10.73 Downloading redis-5.0.8-py3-none-any.whl (255 kB)
2025-08-20T21:17:04.9422617Z #35 10.73 Downloading sentry_sdk-2.9.0-py2.py3-none-any.whl (301 kB)
2025-08-20T21:17:04.9423443Z #35 10.74 Downloading httpcore-1.0.9-py3-none-any.whl (78 kB)
2025-08-20T21:17:04.9424281Z #35 10.74 Downloading psycopg_binary-3.2.9-cp312-cp312-manylinux_2_17_x86_64.manylinux2014_x86_64.whl (4.4 MB)
2025-08-20T21:17:04.9425490Z #35 10.76    ━━━━━━━━━━━━━━━━━━━━━━━━━━━━━━━━━━━━━━━━ 4.4/4.4 MB 291.8 MB/s eta 0:00:00
2025-08-20T21:17:04.9426082Z #35 10.77 Downloading billiard-4.2.1-py3-none-any.whl (86 kB)
2025-08-20T21:17:04.9426709Z #35 10.78 Downloading botocore-1.34.162-py3-none-any.whl (12.5 MB)
2025-08-20T21:17:05.0412016Z #35 10.82    ━━━━━━━━━━━━━━━━━━━━━━━━━━━━━━━━━━━━━━━━ 12.5/12.5 MB 299.2 MB/s eta 0:00:00
2025-08-20T21:17:05.0415490Z #35 10.83 Downloading click-8.2.1-py3-none-any.whl (102 kB)
2025-08-20T21:17:05.0419145Z #35 10.83 Downloading click_didyoumean-0.3.1-py3-none-any.whl (3.6 kB)
2025-08-20T21:17:05.0429801Z #35 10.84 Downloading click_plugins-1.1.1.2-py2.py3-none-any.whl (11 kB)
2025-08-20T21:17:05.0442055Z #35 10.84 Downloading click_repl-0.3.0-py3-none-any.whl (10 kB)
2025-08-20T21:17:05.0442762Z #35 10.85 Downloading email_validator-2.2.0-py3-none-any.whl (33 kB)
2025-08-20T21:17:05.0443714Z #35 10.85 Downloading fastapi_cli-0.0.8-py3-none-any.whl (10 kB)
2025-08-20T21:17:05.0444554Z #35 10.85 Downloading greenlet-3.2.4-cp312-cp312-manylinux_2_24_x86_64.manylinux_2_28_x86_64.whl (607 kB)
2025-08-20T21:17:05.0445668Z #35 10.86    ━━━━━━━━━━━━━━━━━━━━━━━━━━━━━━━━━━━━━━━ 607.6/607.6 kB 440.8 MB/s eta 0:00:00
2025-08-20T21:17:05.0446321Z #35 10.86 Downloading h11-0.16.0-py3-none-any.whl (37 kB)
2025-08-20T21:17:05.0446882Z #35 10.87 Downloading idna-3.10-py3-none-any.whl (70 kB)
2025-08-20T21:17:05.0447475Z #35 10.88 Downloading jmespath-1.0.1-py3-none-any.whl (20 kB)
2025-08-20T21:17:05.0448072Z #35 10.88 Downloading kombu-5.5.4-py3-none-any.whl (210 kB)
2025-08-20T21:17:05.0448946Z #35 10.89 Downloading vine-5.1.0-py3-none-any.whl (9.6 kB)
2025-08-20T21:17:05.0449781Z #35 10.89 Downloading MarkupSafe-3.0.2-cp312-cp312-manylinux_2_17_x86_64.manylinux2014_x86_64.whl (23 kB)
2025-08-20T21:17:05.0450836Z #35 10.90 Downloading orjson-3.11.2-cp312-cp312-manylinux_2_17_x86_64.manylinux2014_x86_64.whl (121 kB)
2025-08-20T21:17:05.0451658Z #35 10.90 Downloading pydantic-2.11.7-py3-none-any.whl (444 kB)
2025-08-20T21:17:05.0452532Z #35 10.91 Downloading pydantic_core-2.33.2-cp312-cp312-manylinux_2_17_x86_64.manylinux2014_x86_64.whl (2.0 MB)
2025-08-20T21:17:05.0454327Z #35 10.92    ━━━━━━━━━━━━━━━━━━━━━━━━━━━━━━━━━━━━━━━━ 2.0/2.0 MB 315.3 MB/s eta 0:00:00
2025-08-20T21:17:05.0455056Z #35 10.92 Downloading python_dateutil-2.9.0.post0-py2.py3-none-any.whl (229 kB)
2025-08-20T21:17:05.1450452Z #35 10.93 Downloading python_dotenv-1.1.1-py3-none-any.whl (20 kB)
2025-08-20T21:17:05.1457502Z #35 10.94 Downloading python_multipart-0.0.20-py3-none-any.whl (24 kB)
2025-08-20T21:17:05.1458268Z #35 10.95 Downloading s3transfer-0.10.4-py3-none-any.whl (83 kB)
2025-08-20T21:17:05.1458922Z #35 10.95 Downloading starlette-0.37.2-py3-none-any.whl (71 kB)
2025-08-20T21:17:05.1459553Z #35 10.96 Downloading anyio-4.10.0-py3-none-any.whl (107 kB)
2025-08-20T21:17:05.1460133Z #35 10.96 Downloading sniffio-1.3.1-py3-none-any.whl (10 kB)
2025-08-20T21:17:05.1460773Z #35 10.98 Downloading typing_extensions-4.14.1-py3-none-any.whl (43 kB)
2025-08-20T21:17:05.1461456Z #35 10.98 Downloading tzdata-2025.2-py2.py3-none-any.whl (347 kB)
2025-08-20T21:17:05.1462266Z #35 11.00 Downloading ujson-5.11.0-cp312-cp312-manylinux_2_24_x86_64.manylinux_2_28_x86_64.whl (57 kB)
2025-08-20T21:17:05.1463254Z #35 11.00 Downloading urllib3-2.5.0-py3-none-any.whl (129 kB)
2025-08-20T21:17:05.1463884Z #35 11.01 Downloading certifi-2025.8.3-py3-none-any.whl (161 kB)
2025-08-20T21:17:05.1464483Z #35 11.01 Downloading mako-1.3.10-py3-none-any.whl (78 kB)
2025-08-20T21:17:05.1465041Z #35 11.02 Downloading amqp-5.3.1-py3-none-any.whl (50 kB)
2025-08-20T21:17:05.1465656Z #35 11.02 Downloading annotated_types-0.7.0-py3-none-any.whl (13 kB)
2025-08-20T21:17:05.1466295Z #35 11.03 Downloading dnspython-2.7.0-py3-none-any.whl (313 kB)
2025-08-20T21:17:05.2712078Z #35 11.03 Downloading httptools-0.6.4-cp312-cp312-manylinux_2_5_x86_64.manylinux1_x86_64.manylinux_2_17_x86_64.manylinux2014_x86_64.whl (510 kB)
2025-08-20T21:17:05.2713476Z #35 11.04 Downloading prompt_toolkit-3.0.51-py3-none-any.whl (387 kB)
2025-08-20T21:17:05.2714368Z #35 11.05 Downloading PyYAML-6.0.2-cp312-cp312-manylinux_2_17_x86_64.manylinux2014_x86_64.whl (767 kB)
2025-08-20T21:17:05.2717154Z #35 11.06    ━━━━━━━━━━━━━━━━━━━━━━━━━━━━━━━━━━━━━━━ 767.5/767.5 kB 400.8 MB/s eta 0:00:00
2025-08-20T21:17:05.2717739Z #35 11.06 Downloading rich_toolkit-0.15.0-py3-none-any.whl (29 kB)
2025-08-20T21:17:05.2718308Z #35 11.07 Downloading six-1.17.0-py2.py3-none-any.whl (11 kB)
2025-08-20T21:17:05.2718884Z #35 11.08 Downloading typer-0.16.1-py3-none-any.whl (46 kB)
2025-08-20T21:17:05.2719523Z #35 11.08 Downloading typing_inspection-0.4.1-py3-none-any.whl (14 kB)
2025-08-20T21:17:05.2720325Z #35 11.09 Downloading uvloop-0.21.0-cp312-cp312-manylinux_2_17_x86_64.manylinux2014_x86_64.whl (4.7 MB)
2025-08-20T21:17:05.2721539Z #35 11.11    ━━━━━━━━━━━━━━━━━━━━━━━━━━━━━━━━━━━━━━━━ 4.7/4.7 MB 187.3 MB/s eta 0:00:00
2025-08-20T21:17:05.2722321Z #35 11.12 Downloading watchfiles-1.1.0-cp312-cp312-manylinux_2_17_x86_64.manylinux2014_x86_64.whl (452 kB)
2025-08-20T21:17:05.2727715Z #35 11.15 Downloading websockets-15.0.1-cp312-cp312-manylinux_2_5_x86_64.manylinux1_x86_64.manylinux_2_17_x86_64.manylinux2014_x86_64.whl (182 kB)
2025-08-20T21:17:05.4584886Z #35 11.16 Downloading packaging-25.0-py3-none-any.whl (66 kB)
2025-08-20T21:17:05.4618046Z #35 11.17 Downloading rich-14.1.0-py3-none-any.whl (243 kB)
2025-08-20T21:17:05.4624179Z #35 11.24 Downloading shellingham-1.5.4-py2.py3-none-any.whl (9.8 kB)
2025-08-20T21:17:05.4624892Z #35 11.34 Downloading wcwidth-0.2.13-py2.py3-none-any.whl (34 kB)
2025-08-20T21:17:05.5638727Z #35 11.36 Downloading markdown_it_py-4.0.0-py3-none-any.whl (87 kB)
2025-08-20T21:17:05.5645448Z #35 11.36 Downloading pygments-2.19.2-py3-none-any.whl (1.2 MB)
2025-08-20T21:17:05.5646533Z #35 11.37    ━━━━━━━━━━━━━━━━━━━━━━━━━━━━━━━━━━━━━━━━ 1.2/1.2 MB 200.9 MB/s eta 0:00:00
2025-08-20T21:17:05.5647141Z #35 11.38 Downloading mdurl-0.1.2-py3-none-any.whl (10.0 kB)
2025-08-20T21:17:05.8260168Z #35 ...
2025-08-20T21:17:05.8261035Z 
2025-08-20T21:17:05.8262134Z #31 [fees_h10 base 4/6] RUN if [ -n "" ] && [ -f "fees_h10/" ]; then         pip install -r fees_h10/requirements.txt -c fees_h10/;     else         pip install -r fees_h10/requirements.txt;     fi
2025-08-20T21:17:05.8265475Z #31 11.42 Successfully installed PyJWT-2.10.1 amqp-5.3.1 anyio-4.10.0 asyncpg-0.30.0 billiard-4.2.1 celery-5.4.0 certifi-2025.8.3 click-8.2.1 click-didyoumean-0.3.1 click-plugins-1.1.1.2 click-repl-0.3.0 greenlet-3.2.4 h11-0.16.0 httpcore-1.0.9 httpx-0.28.1 idna-3.10 kombu-5.5.4 packaging-25.0 prompt-toolkit-3.0.51 python-dateutil-2.9.0.post0 redis-5.3.1 six-1.17.0 sniffio-1.3.1 sqlalchemy-2.0.43 typing-extensions-4.14.1 tzdata-2025.2 vine-5.1.0 wcwidth-0.2.13
2025-08-20T21:17:05.8293489Z #31 11.42 WARNING: Running pip as the 'root' user can result in broken permissions and conflicting behaviour with the system package manager, possibly rendering your system unusable. It is recommended to use a virtual environment instead: https://pip.pypa.io/warnings/venv. Use the --root-user-action option if you know what you are doing and want to suppress this warning.
2025-08-20T21:17:05.8295664Z #31 11.51 
2025-08-20T21:17:05.8296084Z #31 11.51 [notice] A new release of pip is available: 25.0.1 -> 25.2
2025-08-20T21:17:05.8296689Z #31 11.51 [notice] To update, run: pip install --upgrade pip
2025-08-20T21:17:05.8297166Z #31 DONE 11.7s
2025-08-20T21:17:05.8297345Z 
2025-08-20T21:17:05.8297610Z #35 [api base  4/13] RUN pip install --no-cache-dir -r requirements.txt
2025-08-20T21:17:05.8302180Z #35 11.71 Installing collected packages: wcwidth, websockets, vine, uvloop, urllib3, ujson, tzdata, typing-extensions, structlog, sniffio, six, shellingham, redis, pyyaml, python-multipart, python-dotenv, pygments, psycopg-binary, prompt-toolkit, packaging, orjson, mdurl, MarkupSafe, jmespath, idna, httptools, h11, greenlet, dnspython, click, certifi, billiard, asyncpg, annotated-types, uvicorn, typing-inspection, sqlalchemy, sentry-sdk, python-dateutil, pydantic-core, psycopg, markdown-it-py, Mako, Jinja2, httpcore, email_validator, click-repl, click-plugins, click-didyoumean, anyio, amqp, watchfiles, starlette, rich, pydantic, kombu, httpx, botocore, alembic, typer, s3transfer, rich-toolkit, pydantic-settings, celery, asgi-correlation-id, fastapi-cli, boto3, fastapi, fastapi-limiter
2025-08-20T21:17:05.9484334Z #35 ...
2025-08-20T21:17:05.9484593Z 
2025-08-20T21:17:05.9484775Z #36 [fees_h10 base 5/6] COPY . ./fees_h10
2025-08-20T21:17:05.9485218Z #36 DONE 0.0s
2025-08-20T21:17:05.9485419Z 
2025-08-20T21:17:05.9485629Z #37 [fees_h10 base 6/6] COPY start.sh ./start.sh
2025-08-20T21:17:05.9486102Z #37 DONE 0.0s
2025-08-20T21:17:06.0487157Z 
2025-08-20T21:17:06.0489669Z #33 [postgres 2/6] RUN set -eux;     if [ -f /etc/apt/sources.list ]; then         sed -i 's|http://deb.debian.org|https://deb.debian.org|g' /etc/apt/sources.list;     fi;     apt-get update;     apt-get install -y locales;     locale-gen en_US.UTF-8;     rm -rf /var/lib/apt/lists/*
2025-08-20T21:17:06.0491300Z #33 3.760 locales is already the newest version (2.41-12).
2025-08-20T21:17:06.0491957Z #33 3.760 0 upgraded, 0 newly installed, 0 to remove and 1 not upgraded.
2025-08-20T21:17:06.0492551Z #33 3.761 + locale-gen en_US.UTF-8
2025-08-20T21:17:06.0494775Z #33 3.772 Generating locales (this might take a while)...
2025-08-20T21:17:06.0495314Z #33 3.788   en_US.UTF-8... done
2025-08-20T21:17:06.0495710Z #33 5.478 Generation complete.
2025-08-20T21:17:06.0501151Z #33 5.479 + rm -rf /var/lib/apt/lists/apt.postgresql.org_pub_repos_apt_dists_trixie-pgdg_16_binary-amd64_Packages.lz4 /var/lib/apt/lists/apt.postgresql.org_pub_repos_apt_dists_trixie-pgdg_InRelease /var/lib/apt/lists/apt.postgresql.org_pub_repos_apt_dists_trixie-pgdg_main_binary-amd64_Packages.lz4 /var/lib/apt/lists/auxfiles /var/lib/apt/lists/deb.debian.org_debian-security_dists_trixie-security_InRelease /var/lib/apt/lists/deb.debian.org_debian-security_dists_trixie-security_main_binary-amd64_Packages.lz4 /var/lib/apt/lists/deb.debian.org_debian_dists_trixie-updates_InRelease /var/lib/apt/lists/deb.debian.org_debian_dists_trixie-updates_main_binary-amd64_Packages.lz4 /var/lib/apt/lists/deb.debian.org_debian_dists_trixie_InRelease /var/lib/apt/lists/deb.debian.org_debian_dists_trixie_main_binary-amd64_Packages.lz4 /var/lib/apt/lists/lock /var/lib/apt/lists/partial
2025-08-20T21:17:06.0506548Z #33 DONE 5.5s
2025-08-20T21:17:06.0506752Z 
2025-08-20T21:17:06.0507106Z #38 [postgres 3/6] COPY docker/postgres/pg_hba.conf /etc/postgresql/pg_hba.conf
2025-08-20T21:17:06.0507766Z #38 DONE 0.0s
2025-08-20T21:17:06.0507955Z 
2025-08-20T21:17:06.0508427Z #39 [postgres 4/6] COPY docker/postgres/init-pg_hba.sh /docker-entrypoint-initdb.d/10_init_pg_hba.sh
2025-08-20T21:17:06.0509155Z #39 DONE 0.0s
2025-08-20T21:17:06.0509327Z 
2025-08-20T21:17:06.0509712Z #40 [postgres 5/6] COPY docker/postgres/postgresql.conf /etc/postgresql/postgresql.conf
2025-08-20T21:17:06.0510376Z #40 DONE 0.0s
2025-08-20T21:17:06.0510548Z 
2025-08-20T21:17:06.0511063Z #41 [postgres 6/6] RUN chmod 0644 /etc/postgresql/pg_hba.conf &&     chmod +x /docker-entrypoint-initdb.d/10_init_pg_hba.sh
2025-08-20T21:17:06.2527146Z #41 DONE 0.2s
2025-08-20T21:17:06.2534773Z 
2025-08-20T21:17:06.2535425Z #34 [etl base 4/5] RUN if [ -n "" ] && [ -f "" ]; then         pip install -r requirements.txt -c "";     else         pip install -r requirements.txt;     fi
2025-08-20T21:17:06.2536698Z #34 10.16   Downloading PyYAML-6.0.2-cp312-cp312-manylinux_2_17_x86_64.manylinux2014_x86_64.whl.metadata (2.1 kB)
2025-08-20T21:17:06.2537831Z #34 10.28 Collecting amqp<6.0.0,>=5.1.1 (from kombu<6.0,>=5.3.4->celery==5.3.*->-r requirements.txt (line 3))
2025-08-20T21:17:06.2538706Z #34 10.31   Downloading amqp-5.3.1-py3-none-any.whl.metadata (8.9 kB)
2025-08-20T21:17:06.2539617Z #34 10.34 Collecting annotated-types>=0.6.0 (from pydantic->keepa==1.3.14->-r requirements.txt (line 1))
2025-08-20T21:17:06.2540596Z #34 10.36   Downloading annotated_types-0.7.0-py3-none-any.whl.metadata (15 kB)
2025-08-20T21:17:06.2541547Z #34 11.36 Collecting pydantic-core==2.33.2 (from pydantic->keepa==1.3.14->-r requirements.txt (line 1))
2025-08-20T21:17:06.2542707Z #34 11.38   Downloading pydantic_core-2.33.2-cp312-cp312-manylinux_2_17_x86_64.manylinux2014_x86_64.whl.metadata (6.8 kB)
2025-08-20T21:17:06.2544093Z #34 11.41 Collecting typing-extensions>=4.12.2 (from pydantic->keepa==1.3.14->-r requirements.txt (line 1))
2025-08-20T21:17:06.2545121Z #34 11.43   Downloading typing_extensions-4.14.1-py3-none-any.whl.metadata (3.0 kB)
2025-08-20T21:17:06.2546154Z #34 11.45 Collecting typing-inspection>=0.4.0 (from pydantic->keepa==1.3.14->-r requirements.txt (line 1))
2025-08-20T21:17:06.2547170Z #34 11.47   Downloading typing_inspection-0.4.1-py3-none-any.whl.metadata (2.6 kB)
2025-08-20T21:17:06.2548503Z #34 11.60 Collecting charset_normalizer<4,>=2 (from requests>=2.2->keepa==1.3.14->-r requirements.txt (line 1))
2025-08-20T21:17:06.2549862Z #34 11.62   Downloading charset_normalizer-3.4.3-cp312-cp312-manylinux2014_x86_64.manylinux_2_17_x86_64.manylinux_2_28_x86_64.whl.metadata (36 kB)
2025-08-20T21:17:06.2551255Z #34 11.65 Collecting idna<4,>=2.5 (from requests>=2.2->keepa==1.3.14->-r requirements.txt (line 1))
2025-08-20T21:17:06.2552207Z #34 11.68   Downloading idna-3.10-py3-none-any.whl.metadata (10 kB)
2025-08-20T21:17:06.2586713Z #34 11.76 Collecting mypy-extensions>=0.3.0 (from typing-inspect>=0.6.0->pandera==0.19.*->-r requirements.txt (line 9))
2025-08-20T21:17:06.2587826Z #34 11.78   Downloading mypy_extensions-1.1.0-py3-none-any.whl.metadata (1.1 kB)
2025-08-20T21:17:06.2589095Z #34 11.83 Collecting aiohappyeyeballs>=2.5.0 (from aiohttp->keepa==1.3.14->-r requirements.txt (line 1))
2025-08-20T21:17:06.2590144Z #34 11.85   Downloading aiohappyeyeballs-2.6.1-py3-none-any.whl.metadata (5.9 kB)
2025-08-20T21:17:06.2591112Z #34 11.88 Collecting aiosignal>=1.4.0 (from aiohttp->keepa==1.3.14->-r requirements.txt (line 1))
2025-08-20T21:17:06.2592001Z #34 11.91   Downloading aiosignal-1.4.0-py3-none-any.whl.metadata (3.7 kB)
2025-08-20T21:17:06.2593020Z #34 11.94 Collecting attrs>=17.3.0 (from aiohttp->keepa==1.3.14->-r requirements.txt (line 1))
2025-08-20T21:17:06.2593868Z #34 11.97   Downloading attrs-25.3.0-py3-none-any.whl.metadata (10 kB)
2025-08-20T21:17:06.4569209Z #34 12.14 Collecting frozenlist>=1.1.1 (from aiohttp->keepa==1.3.14->-r requirements.txt (line 1))
2025-08-20T21:17:06.4585186Z #34 12.18   Downloading frozenlist-1.7.0-cp312-cp312-manylinux_2_5_x86_64.manylinux1_x86_64.manylinux_2_17_x86_64.manylinux2014_x86_64.whl.metadata (18 kB)
2025-08-20T21:17:06.6349650Z #34 12.51 Collecting multidict<7.0,>=4.5 (from aiohttp->keepa==1.3.14->-r requirements.txt (line 1))
2025-08-20T21:17:06.7388838Z #34 12.53   Downloading multidict-6.6.4-cp312-cp312-manylinux2014_x86_64.manylinux_2_17_x86_64.manylinux_2_28_x86_64.whl.metadata (5.3 kB)
2025-08-20T21:17:06.9081631Z #34 12.62 Collecting propcache>=0.2.0 (from aiohttp->keepa==1.3.14->-r requirements.txt (line 1))
2025-08-20T21:17:06.9082799Z #34 12.63   Downloading propcache-0.3.2-cp312-cp312-manylinux_2_17_x86_64.manylinux2014_x86_64.whl.metadata (12 kB)
2025-08-20T21:17:07.2058575Z #34 13.04 Collecting yarl<2.0,>=1.17.0 (from aiohttp->keepa==1.3.14->-r requirements.txt (line 1))
2025-08-20T21:17:07.2059710Z #34 13.07   Downloading yarl-1.20.1-cp312-cp312-manylinux_2_17_x86_64.manylinux2014_x86_64.whl.metadata (73 kB)
2025-08-20T21:17:07.5187467Z #34 13.22 Collecting wcwidth (from prompt-toolkit>=3.0.36->click-repl>=0.2.0->celery==5.3.*->-r requirements.txt (line 3))
2025-08-20T21:17:07.5188976Z #34 13.25   Downloading wcwidth-0.2.13-py2.py3-none-any.whl.metadata (14 kB)
2025-08-20T21:17:07.8463085Z #34 13.61 Downloading keepa-1.3.14-py3-none-any.whl (33 kB)
2025-08-20T21:17:07.8463766Z #34 13.64 Downloading minio-7.1.15-py3-none-any.whl (77 kB)
2025-08-20T21:17:07.8464398Z #34 13.67 Downloading celery-5.3.6-py3-none-any.whl (422 kB)
2025-08-20T21:17:07.8465248Z #34 13.72 Downloading redis-5.3.1-py3-none-any.whl (272 kB)
2025-08-20T21:17:08.0489077Z 
2025-08-20T21:17:08.0489485Z #34 ...
2025-08-20T21:17:08.0489722Z 
2025-08-20T21:17:08.0489886Z #42 [postgres] exporting to image
2025-08-20T21:17:08.0490357Z #42 exporting layers 1.6s done
2025-08-20T21:17:08.0491092Z #42 writing image sha256:ca0ff0fc62e51ed621b32fecf96ed40ff81d7a8ee266bf4d0101fc8876203119 done
2025-08-20T21:17:08.0491955Z #42 naming to docker.io/library/awa-app-postgres done
2025-08-20T21:17:08.0492433Z #42 DONE 1.6s
2025-08-20T21:17:08.0492624Z 
2025-08-20T21:17:08.0493024Z #43 [postgres] resolving provenance for metadata file
2025-08-20T21:17:08.0493506Z #43 DONE 0.0s
2025-08-20T21:17:08.0493674Z 
2025-08-20T21:17:08.0494256Z #34 [etl base 4/5] RUN if [ -n "" ] && [ -f "" ]; then         pip install -r requirements.txt -c "";     else         pip install -r requirements.txt;     fi
2025-08-20T21:17:08.0495605Z #34 13.75 Downloading python_amazon_sp_api-0.8.0-py3-none-any.whl (93 kB)
2025-08-20T21:17:08.0496369Z #34 13.78 Downloading pydantic_settings-2.2.1-py3-none-any.whl (13 kB)
2025-08-20T21:17:08.0497288Z #34 13.80 Downloading pandas-2.2.3-cp312-cp312-manylinux_2_17_x86_64.manylinux2014_x86_64.whl (12.7 MB)
2025-08-20T21:17:08.1673861Z #34 13.93    ━━━━━━━━━━━━━━━━━━━━━━━━━━━━━━━━━━━━━━━━ 12.7/12.7 MB 105.8 MB/s eta 0:00:00
2025-08-20T21:17:08.1674538Z #34 13.95 Downloading pandera-0.19.3-py3-none-any.whl (251 kB)
2025-08-20T21:17:08.1675026Z #34 13.98 Downloading openpyxl-3.1.5-py2.py3-none-any.whl (250 kB)
2025-08-20T21:17:08.1675565Z #34 14.00 Downloading psycopg2_binary-2.9.10-cp312-cp312-manylinux_2_17_x86_64.manylinux2014_x86_64.whl (3.0 MB)
2025-08-20T21:17:08.1676520Z #34 14.02    ━━━━━━━━━━━━━━━━━━━━━━━━━━━━━━━━━━━━━━━━ 3.0/3.0 MB 168.4 MB/s eta 0:00:00
2025-08-20T21:17:08.2846528Z #34 14.05 Downloading numpy-1.26.4-cp312-cp312-manylinux_2_17_x86_64.manylinux2014_x86_64.whl (18.0 MB)
2025-08-20T21:17:08.3996764Z #34 14.16    ━━━━━━━━━━━━━━━━━━━━━━━━━━━━━━━━━━━━━━━━ 18.0/18.0 MB 156.0 MB/s eta 0:00:00
2025-08-20T21:17:08.3999857Z #34 14.18 Downloading billiard-4.2.1-py3-none-any.whl (86 kB)
2025-08-20T21:17:08.4000910Z #34 14.21 Downloading boto3-1.40.14-py3-none-any.whl (140 kB)
2025-08-20T21:17:08.4001774Z #34 14.23 Downloading cachetools-4.2.4-py3-none-any.whl (10 kB)
2025-08-20T21:17:08.4002447Z #34 14.25 Downloading click-8.2.1-py3-none-any.whl (102 kB)
2025-08-20T21:17:08.5161312Z #34 14.28 Downloading click_didyoumean-0.3.1-py3-none-any.whl (3.6 kB)
2025-08-20T21:17:08.5162115Z #34 14.30 Downloading click_plugins-1.1.1.2-py2.py3-none-any.whl (11 kB)
2025-08-20T21:17:08.5162811Z #34 14.32 Downloading click_repl-0.3.0-py3-none-any.whl (10 kB)
2025-08-20T21:17:08.5163710Z #34 14.35 Downloading confuse-1.4.0-py2.py3-none-any.whl (21 kB)
2025-08-20T21:17:08.5164341Z #34 14.37 Downloading kombu-5.5.4-py3-none-any.whl (210 kB)
2025-08-20T21:17:08.5164931Z #34 14.39 Downloading vine-5.1.0-py3-none-any.whl (9.6 kB)
2025-08-20T21:17:08.6305904Z #34 14.42 Downloading multimethod-1.10-py3-none-any.whl (9.9 kB)
2025-08-20T21:17:08.6306635Z #34 14.44 Downloading packaging-25.0-py3-none-any.whl (66 kB)
2025-08-20T21:17:08.6307258Z #34 14.46 Downloading pydantic-2.11.7-py3-none-any.whl (444 kB)
2025-08-20T21:17:08.6308134Z #34 14.49 Downloading pydantic_core-2.33.2-cp312-cp312-manylinux_2_17_x86_64.manylinux2014_x86_64.whl (2.0 MB)
2025-08-20T21:17:08.7317867Z #34 14.51    ━━━━━━━━━━━━━━━━━━━━━━━━━━━━━━━━━━━━━━━━ 2.0/2.0 MB 122.4 MB/s eta 0:00:00#34 ...
2025-08-20T21:17:08.7318368Z 
2025-08-20T21:17:08.7318824Z #44 [fees_h10 stage-1 3/5] COPY --from=base /usr/local /usr/local
2025-08-20T21:17:08.7319370Z #44 DONE 1.6s
2025-08-20T21:17:08.7319620Z 
2025-08-20T21:17:08.7319763Z #45 [fees_h10 stage-1 4/5] COPY --from=base /app /app
2025-08-20T21:17:08.7320554Z #45 DONE 0.0s
2025-08-20T21:17:08.7320743Z 
2025-08-20T21:17:08.7321723Z #34 [etl base 4/5] RUN if [ -n "" ] && [ -f "" ]; then         pip install -r requirements.txt -c "";     else         pip install -r requirements.txt;     fi
2025-08-20T21:17:08.7323397Z #34 14.51    ━━━━━━━━━━━━━━━━━━━━━━━━━━━━━━━━━━━━━━━━ 2.0/2.0 MB 122.4 MB/s eta 0:00:00
2025-08-20T21:17:08.7323762Z #34 14.53 Downloading PyJWT-2.10.1-py3-none-any.whl (22 kB)
2025-08-20T21:17:08.7324191Z #34 14.56 Downloading python_dateutil-2.9.0.post0-py2.py3-none-any.whl (229 kB)
2025-08-20T21:17:08.7324639Z #34 14.58 Downloading python_dotenv-1.1.1-py3-none-any.whl (20 kB)
2025-08-20T21:17:08.7325003Z #34 14.60 Downloading pytz-2025.2-py2.py3-none-any.whl (509 kB)
2025-08-20T21:17:08.8326540Z #34 14.64 Downloading requests-2.32.5-py3-none-any.whl (64 kB)
2025-08-20T21:17:08.8327333Z #34 14.66 Downloading certifi-2025.8.3-py3-none-any.whl (161 kB)
2025-08-20T21:17:08.8328397Z #34 14.69 Downloading six-1.17.0-py2.py3-none-any.whl (11 kB)
2025-08-20T21:17:08.8329326Z #34 14.71 Downloading typing_inspect-0.9.0-py3-none-any.whl (8.8 kB)
2025-08-20T21:17:08.9523765Z #34 ...
2025-08-20T21:17:08.9524018Z 
2025-08-20T21:17:08.9524225Z #46 [fees_h10 stage-1 5/5] RUN chmod +x ./start.sh
2025-08-20T21:17:08.9524712Z #46 DONE 0.1s
2025-08-20T21:17:08.9524905Z 
2025-08-20T21:17:08.9525480Z #34 [etl base 4/5] RUN if [ -n "" ] && [ -f "" ]; then         pip install -r requirements.txt -c "";     else         pip install -r requirements.txt;     fi
2025-08-20T21:17:08.9526462Z #34 14.74 Downloading tzdata-2025.2-py2.py3-none-any.whl (347 kB)
2025-08-20T21:17:08.9527119Z #34 14.77 Downloading urllib3-2.5.0-py3-none-any.whl (129 kB)
2025-08-20T21:17:08.9527964Z #34 14.80 Downloading aiohttp-3.12.15-cp312-cp312-manylinux_2_17_x86_64.manylinux2014_x86_64.whl (1.7 MB)
2025-08-20T21:17:09.0686866Z #34 14.83    ━━━━━━━━━━━━━━━━━━━━━━━━━━━━━━━━━━━━━━━━ 1.7/1.7 MB 73.1 MB/s eta 0:00:00
2025-08-20T21:17:09.0706018Z #34 14.85 Downloading et_xmlfile-2.0.0-py3-none-any.whl (18 kB)
2025-08-20T21:17:09.0706941Z #34 14.88 Downloading pycryptodome-3.23.0-cp37-abi3-manylinux_2_17_x86_64.manylinux2014_x86_64.whl (2.3 MB)
2025-08-20T21:17:09.0708074Z #34 14.90    ━━━━━━━━━━━━━━━━━━━━━━━━━━━━━━━━━━━━━━━━ 2.3/2.3 MB 119.0 MB/s eta 0:00:00
2025-08-20T21:17:09.0708661Z #34 14.92 Downloading tqdm-4.67.1-py3-none-any.whl (78 kB)
2025-08-20T21:17:09.1724909Z #34 14.95 Downloading typeguard-4.4.4-py3-none-any.whl (34 kB)
2025-08-20T21:17:09.1726690Z #34 14.97 Downloading wrapt-1.17.3-cp312-cp312-manylinux1_x86_64.manylinux_2_28_x86_64.manylinux_2_5_x86_64.whl (88 kB)
2025-08-20T21:17:09.1729043Z #34 15.01 Downloading aiohappyeyeballs-2.6.1-py3-none-any.whl (15 kB)
2025-08-20T21:17:09.1729746Z #34 15.03 Downloading aiosignal-1.4.0-py3-none-any.whl (7.5 kB)
2025-08-20T21:17:09.3788559Z #34 15.05 Downloading amqp-5.3.1-py3-none-any.whl (50 kB)
2025-08-20T21:17:09.3793186Z #34 15.08 Downloading annotated_types-0.7.0-py3-none-any.whl (13 kB)
2025-08-20T21:17:09.3797510Z #34 15.11 Downloading attrs-25.3.0-py3-none-any.whl (63 kB)
2025-08-20T21:17:09.3801802Z #34 15.14 Downloading botocore-1.40.14-py3-none-any.whl (14.0 MB)
2025-08-20T21:17:09.3806755Z #34 15.26    ━━━━━━━━━━━━━━━━━━━━━━━━━━━━━━━━━━━━━━━━ 14.0/14.0 MB 122.3 MB/s eta 0:00:00
2025-08-20T21:17:09.4876266Z #34 15.28 Downloading charset_normalizer-3.4.3-cp312-cp312-manylinux2014_x86_64.manylinux_2_17_x86_64.manylinux_2_28_x86_64.whl (151 kB)
2025-08-20T21:17:09.4913928Z #34 15.31 Downloading frozenlist-1.7.0-cp312-cp312-manylinux_2_5_x86_64.manylinux1_x86_64.manylinux_2_17_x86_64.manylinux2014_x86_64.whl (241 kB)
2025-08-20T21:17:09.4915210Z #34 15.34 Downloading idna-3.10-py3-none-any.whl (70 kB)
2025-08-20T21:17:09.4916281Z #34 15.36 Downloading jmespath-1.0.1-py3-none-any.whl (20 kB)
2025-08-20T21:17:09.5940347Z #34 15.39 Downloading multidict-6.6.4-cp312-cp312-manylinux2014_x86_64.manylinux_2_17_x86_64.manylinux_2_28_x86_64.whl (256 kB)
2025-08-20T21:17:09.5941884Z #34 15.42 Downloading mypy_extensions-1.1.0-py3-none-any.whl (5.0 kB)
2025-08-20T21:17:09.5942594Z #34 15.45 Downloading prompt_toolkit-3.0.51-py3-none-any.whl (387 kB)
2025-08-20T21:17:09.7012420Z #34 15.47 Downloading propcache-0.3.2-cp312-cp312-manylinux_2_17_x86_64.manylinux2014_x86_64.whl (224 kB)
2025-08-20T21:17:09.7013769Z #34 15.51 Downloading s3transfer-0.13.1-py3-none-any.whl (85 kB)
2025-08-20T21:17:09.7014460Z #34 15.54 Downloading typing_extensions-4.14.1-py3-none-any.whl (43 kB)
2025-08-20T21:17:09.9339499Z #34 15.58 Downloading typing_inspection-0.4.1-py3-none-any.whl (14 kB)
2025-08-20T21:17:09.9340526Z #34 15.60 Downloading yarl-1.20.1-cp312-cp312-manylinux_2_17_x86_64.manylinux2014_x86_64.whl (355 kB)
2025-08-20T21:17:09.9341640Z #34 15.63 Downloading PyYAML-6.0.2-cp312-cp312-manylinux_2_17_x86_64.manylinux2014_x86_64.whl (767 kB)
2025-08-20T21:17:09.9343054Z #34 15.64    ━━━━━━━━━━━━━━━━━━━━━━━━━━━━━━━━━━━━━━━━ 767.5/767.5 kB 91.3 MB/s eta 0:00:00
2025-08-20T21:17:09.9353542Z #34 15.66 Downloading wcwidth-0.2.13-py2.py3-none-any.whl (34 kB)
2025-08-20T21:17:10.1323547Z #34 ...
2025-08-20T21:17:10.1324214Z 
2025-08-20T21:17:10.1326131Z #47 [fees_h10] exporting to image
2025-08-20T21:17:10.1328318Z #47 exporting layers 1.1s done
2025-08-20T21:17:10.1329207Z #47 writing image sha256:b0016f46607e6cc980b680e29c9e4e667cec161c007efe146561b79ab576c1c9 done
2025-08-20T21:17:10.1330391Z #47 naming to docker.io/library/awa-app-fees_h10 done
2025-08-20T21:17:10.1331205Z #47 DONE 1.1s
2025-08-20T21:17:10.1331799Z 
2025-08-20T21:17:10.1332449Z #48 [fees_h10] resolving provenance for metadata file
2025-08-20T21:17:10.1333178Z #48 DONE 0.0s
2025-08-20T21:17:10.1333362Z 
2025-08-20T21:17:10.1333902Z #34 [etl base 4/5] RUN if [ -n "" ] && [ -f "" ]; then         pip install -r requirements.txt -c "";     else         pip install -r requirements.txt;     fi
2025-08-20T21:17:10.1338565Z #34 16.01 Installing collected packages: wcwidth, pytz, wrapt, vine, urllib3, tzdata, typing-extensions, tqdm, six, pyyaml, python-dotenv, PyJWT, pycryptodome, psycopg2-binary, propcache, prompt-toolkit, packaging, numpy, mypy-extensions, multimethod, multidict, jmespath, idna, frozenlist, et-xmlfile, click, charset_normalizer, certifi, cachetools, billiard, attrs, annotated-types, aiohappyeyeballs, yarl, typing-inspection, typing-inspect, typeguard, requests, redis, python-dateutil, pydantic-core, openpyxl, minio, confuse, click-repl, click-plugins, click-didyoumean, amqp, aiosignal, pydantic, pandas, kombu, botocore, aiohttp, s3transfer, pydantic-settings, pandera, keepa, celery, boto3, python-amazon-sp-api
2025-08-20T21:17:13.9800100Z #34 ...
2025-08-20T21:17:13.9801834Z 
2025-08-20T21:17:13.9802199Z #35 [api base  4/13] RUN pip install --no-cache-dir -r requirements.txt
2025-08-20T21:17:13.9808057Z #35 19.50 Successfully installed Jinja2-3.1.5 Mako-1.3.10 MarkupSafe-3.0.2 alembic-1.13.1 amqp-5.3.1 annotated-types-0.7.0 anyio-4.10.0 asgi-correlation-id-4.3.1 asyncpg-0.29.0 billiard-4.2.1 boto3-1.34.162 botocore-1.34.162 celery-5.3.6 certifi-2025.8.3 click-8.2.1 click-didyoumean-0.3.1 click-plugins-1.1.1.2 click-repl-0.3.0 dnspython-2.7.0 email_validator-2.2.0 fastapi-0.111.0 fastapi-cli-0.0.8 fastapi-limiter-0.1.6 greenlet-3.2.4 h11-0.16.0 httpcore-1.0.9 httptools-0.6.4 httpx-0.27.2 idna-3.10 jmespath-1.0.1 kombu-5.5.4 markdown-it-py-4.0.0 mdurl-0.1.2 orjson-3.11.2 packaging-25.0 prompt-toolkit-3.0.51 psycopg-3.2.9 psycopg-binary-3.2.9 pydantic-2.11.7 pydantic-core-2.33.2 pydantic-settings-2.2.1 pygments-2.19.2 python-dateutil-2.9.0.post0 python-dotenv-1.1.1 python-multipart-0.0.20 pyyaml-6.0.2 redis-5.0.8 rich-14.1.0 rich-toolkit-0.15.0 s3transfer-0.10.4 sentry-sdk-2.9.0 shellingham-1.5.4 six-1.17.0 sniffio-1.3.1 sqlalchemy-2.0.29 starlette-0.37.2 structlog-24.1.0 typer-0.16.1 typing-extensions-4.14.1 typing-inspection-0.4.1 tzdata-2025.2 ujson-5.11.0 urllib3-2.5.0 uvicorn-0.29.0 uvloop-0.21.0 vine-5.1.0 watchfiles-1.1.0 wcwidth-0.2.13 websockets-15.0.1
2025-08-20T21:17:13.9815765Z #35 19.50 WARNING: Running pip as the 'root' user can result in broken permissions and conflicting behaviour with the system package manager, possibly rendering your system unusable. It is recommended to use a virtual environment instead: https://pip.pypa.io/warnings/venv. Use the --root-user-action option if you know what you are doing and want to suppress this warning.
2025-08-20T21:17:13.9818133Z #35 19.56 
2025-08-20T21:17:13.9818533Z #35 19.56 [notice] A new release of pip is available: 25.0.1 -> 25.2
2025-08-20T21:17:13.9819138Z #35 19.56 [notice] To update, run: pip install --upgrade pip
2025-08-20T21:17:14.2201922Z #35 DONE 20.1s
2025-08-20T21:17:14.2202182Z 
2025-08-20T21:17:14.2203107Z #34 [etl base 4/5] RUN if [ -n "" ] && [ -f "" ]; then         pip install -r requirements.txt -c "";     else         pip install -r requirements.txt;     fi
2025-08-20T21:17:14.3277924Z #34 ...
2025-08-20T21:17:14.3278260Z 
2025-08-20T21:17:14.3278497Z #49 [api base  5/13] COPY services/api/ ./services/api
2025-08-20T21:17:14.3286949Z #49 DONE 0.0s
2025-08-20T21:17:14.3288839Z 
2025-08-20T21:17:14.3289996Z #50 [api base  6/13] COPY services/common/ ./services/common
2025-08-20T21:17:14.3291502Z #50 DONE 0.0s
2025-08-20T21:17:14.3292036Z 
2025-08-20T21:17:14.3292702Z #51 [api base  7/13] COPY services/ingest/ ./services/ingest
2025-08-20T21:17:14.3294189Z #51 DONE 0.0s
2025-08-20T21:17:14.3294532Z 
2025-08-20T21:17:14.3294938Z #52 [api base  8/13] COPY services/etl/ ./services/etl
2025-08-20T21:17:14.3295790Z #52 DONE 0.0s
2025-08-20T21:17:14.3295984Z 
2025-08-20T21:17:14.3296129Z #53 [api base  9/13] COPY api/ ./api
2025-08-20T21:17:14.3296526Z #53 DONE 0.0s
2025-08-20T21:17:14.3296718Z 
2025-08-20T21:17:14.3296961Z #54 [api base 10/13] COPY services/api/alembic.ini ./alembic.ini
2025-08-20T21:17:14.3297458Z #54 DONE 0.0s
2025-08-20T21:17:14.3297627Z 
2025-08-20T21:17:14.3297788Z #55 [api base 11/13] COPY alembic/ ./alembic/
2025-08-20T21:17:14.3298205Z #55 DONE 0.0s
2025-08-20T21:17:14.4731319Z 
2025-08-20T21:17:14.4736292Z #56 [api base 12/13] COPY services/api/entrypoint.sh ./entrypoint.sh
2025-08-20T21:17:14.4736998Z #56 DONE 0.0s
2025-08-20T21:17:14.4737176Z 
2025-08-20T21:17:14.4737346Z #57 [api base 13/13] RUN chmod +x ./entrypoint.sh
2025-08-20T21:17:14.4737787Z #57 DONE 0.1s
2025-08-20T21:17:14.4737952Z 
2025-08-20T21:17:14.4738479Z #34 [etl base 4/5] RUN if [ -n "" ] && [ -f "" ]; then         pip install -r requirements.txt -c "";     else         pip install -r requirements.txt;     fi
2025-08-20T21:17:15.4793372Z #34 ...
2025-08-20T21:17:15.4793617Z 
2025-08-20T21:17:15.4793884Z #58 [api stage-1 4/6] COPY --from=base /usr/local /usr/local
2025-08-20T21:17:17.4059697Z #58 DONE 1.9s
2025-08-20T21:17:17.4065847Z 
2025-08-20T21:17:17.4066696Z #34 [etl base 4/5] RUN if [ -n "" ] && [ -f "" ]; then         pip install -r requirements.txt -c "";     else         pip install -r requirements.txt;     fi
2025-08-20T21:17:17.5555949Z #34 ...
2025-08-20T21:17:17.5561652Z 
2025-08-20T21:17:17.5562249Z #59 [api stage-1 5/6] COPY --from=base /app /app
2025-08-20T21:17:17.5563698Z #59 DONE 0.0s
2025-08-20T21:17:17.5563977Z 
2025-08-20T21:17:17.5564203Z #60 [api stage-1 6/6] RUN chmod +x /app/entrypoint.sh
2025-08-20T21:17:17.5564660Z #60 DONE 0.1s
2025-08-20T21:17:17.7083256Z 
2025-08-20T21:17:17.7085178Z #61 [api] exporting to image
2025-08-20T21:17:17.7086701Z #61 exporting layers
2025-08-20T21:17:19.8873140Z #61 exporting layers 2.3s done
2025-08-20T21:17:20.0737249Z #61 writing image sha256:375e81562eb1bf44004b1b01a1ef3d25b386740cfe685b9a063c8ae758eaf12c done
2025-08-20T21:17:20.0738140Z #61 naming to docker.io/library/awa-app-api done
2025-08-20T21:17:20.0738613Z #61 DONE 2.3s
2025-08-20T21:17:20.0738795Z 
2025-08-20T21:17:20.0739016Z #62 [api] resolving provenance for metadata file
2025-08-20T21:17:20.0739480Z #62 DONE 0.0s
2025-08-20T21:17:20.0739673Z 
2025-08-20T21:17:20.0740222Z #34 [etl base 4/5] RUN if [ -n "" ] && [ -f "" ]; then         pip install -r requirements.txt -c "";     else         pip install -r requirements.txt;     fi
2025-08-20T21:17:21.6147375Z #34 27.28 Successfully installed PyJWT-2.10.1 aiohappyeyeballs-2.6.1 aiohttp-3.12.15 aiosignal-1.4.0 amqp-5.3.1 annotated-types-0.7.0 attrs-25.3.0 billiard-4.2.1 boto3-1.40.14 botocore-1.40.14 cachetools-4.2.4 celery-5.3.6 certifi-2025.8.3 charset_normalizer-3.4.3 click-8.2.1 click-didyoumean-0.3.1 click-plugins-1.1.1.2 click-repl-0.3.0 confuse-1.4.0 et-xmlfile-2.0.0 frozenlist-1.7.0 idna-3.10 jmespath-1.0.1 keepa-1.3.14 kombu-5.5.4 minio-7.1.15 multidict-6.6.4 multimethod-1.10 mypy-extensions-1.1.0 numpy-1.26.4 openpyxl-3.1.5 packaging-25.0 pandas-2.2.3 pandera-0.19.3 prompt-toolkit-3.0.51 propcache-0.3.2 psycopg2-binary-2.9.10 pycryptodome-3.23.0 pydantic-2.11.7 pydantic-core-2.33.2 pydantic-settings-2.2.1 python-amazon-sp-api-0.8.0 python-dateutil-2.9.0.post0 python-dotenv-1.1.1 pytz-2025.2 pyyaml-6.0.2 redis-5.3.1 requests-2.32.5 s3transfer-0.13.1 six-1.17.0 tqdm-4.67.1 typeguard-4.4.4 typing-extensions-4.14.1 typing-inspect-0.9.0 typing-inspection-0.4.1 tzdata-2025.2 urllib3-2.5.0 vine-5.1.0 wcwidth-0.2.13 wrapt-1.17.3 yarl-1.20.1
2025-08-20T21:17:21.6153161Z #34 27.28 WARNING: Running pip as the 'root' user can result in broken permissions and conflicting behaviour with the system package manager, possibly rendering your system unusable. It is recommended to use a virtual environment instead: https://pip.pypa.io/warnings/venv. Use the --root-user-action option if you know what you are doing and want to suppress this warning.
2025-08-20T21:17:21.6154576Z #34 27.34 
2025-08-20T21:17:21.6154830Z #34 27.34 [notice] A new release of pip is available: 25.0.1 -> 25.2
2025-08-20T21:17:21.6155224Z #34 27.34 [notice] To update, run: pip install --upgrade pip
2025-08-20T21:17:21.9346240Z #34 DONE 27.6s
2025-08-20T21:17:21.9346419Z 
2025-08-20T21:17:21.9346532Z #63 [etl base 5/5] COPY services/etl/ .
2025-08-20T21:17:21.9346788Z #63 DONE 0.0s
2025-08-20T21:17:23.0055022Z 
2025-08-20T21:17:23.0055622Z #64 [celery_worker stage-1 3/9] COPY --from=base /usr/local /usr/local
2025-08-20T21:17:25.6331639Z #64 DONE 2.5s
2025-08-20T21:17:25.6331884Z 
2025-08-20T21:17:25.6332113Z #65 [etl stage-1 4/9] COPY --from=base /app /app
2025-08-20T21:17:25.6332586Z #65 DONE 0.0s
2025-08-20T21:17:25.6332756Z 
2025-08-20T21:17:25.6334231Z #66 [celery_worker stage-1 5/9] RUN set -eux;     if [ -f /etc/apt/sources.list ]; then         sed -i 's|http://deb.debian.org|https://deb.debian.org|g' /etc/apt/sources.list;     fi;     apt-get update;     apt-get install -y --no-install-recommends tzdata;     rm -rf /var/lib/apt/lists/*
2025-08-20T21:17:25.6335784Z #66 0.105 + [ -f /etc/apt/sources.list ]
2025-08-20T21:17:25.6336169Z #66 0.105 + apt-get update
2025-08-20T21:17:25.7353940Z #66 0.162 Hit:1 http://deb.debian.org/debian trixie InRelease
2025-08-20T21:17:25.7354426Z #66 0.167 Get:2 http://deb.debian.org/debian trixie-updates InRelease [47.1 kB]
2025-08-20T21:17:25.7354920Z #66 0.191 Get:3 http://deb.debian.org/debian-security trixie-security InRelease [43.4 kB]
2025-08-20T21:17:25.8459332Z #66 0.207 Get:4 http://deb.debian.org/debian trixie/main amd64 Packages [9668 kB]
2025-08-20T21:17:25.8460284Z #66 0.305 Get:5 http://deb.debian.org/debian trixie-updates/main amd64 Packages [2432 B]
2025-08-20T21:17:25.9962479Z #66 0.318 Get:6 http://deb.debian.org/debian-security trixie-security/main amd64 Packages [20.5 kB]
2025-08-20T21:17:26.4563395Z #66 0.928 Fetched 9781 kB in 1s (12.2 MB/s)
2025-08-20T21:17:26.8721031Z #66 0.928 Reading package lists...
2025-08-20T21:17:27.0394950Z #66 1.352 + apt-get install -y --no-install-recommends tzdata
2025-08-20T21:17:27.3063895Z #66 1.360 Reading package lists...
2025-08-20T21:17:27.4143506Z #66 1.785 Building dependency tree...
2025-08-20T21:17:27.4144100Z #66 1.886 Reading state information...
2025-08-20T21:17:27.7269857Z #66 2.013 tzdata is already the newest version (2025b-4).
2025-08-20T21:17:27.7270577Z #66 2.013 0 upgraded, 0 newly installed, 0 to remove and 0 not upgraded.
2025-08-20T21:17:27.7274648Z #66 2.014 + rm -rf /var/lib/apt/lists/auxfiles /var/lib/apt/lists/deb.debian.org_debian-security_dists_trixie-security_InRelease /var/lib/apt/lists/deb.debian.org_debian-security_dists_trixie-security_main_binary-amd64_Packages.lz4 /var/lib/apt/lists/deb.debian.org_debian_dists_trixie-updates_InRelease /var/lib/apt/lists/deb.debian.org_debian_dists_trixie-updates_main_binary-amd64_Packages.lz4 /var/lib/apt/lists/deb.debian.org_debian_dists_trixie_InRelease /var/lib/apt/lists/deb.debian.org_debian_dists_trixie_main_binary-amd64_Packages.lz4 /var/lib/apt/lists/lock /var/lib/apt/lists/partial
2025-08-20T21:17:27.7278288Z #66 DONE 2.0s
2025-08-20T21:17:27.7278469Z 
2025-08-20T21:17:27.7278885Z #67 [celery_worker stage-1 6/9] COPY services/etl/wait-for-it.sh /usr/local/bin/wait-for-it.sh
2025-08-20T21:17:27.7279577Z #67 DONE 0.0s
2025-08-20T21:17:27.7279768Z 
2025-08-20T21:17:27.7280006Z #68 [etl stage-1 7/9] RUN chmod +x /usr/local/bin/wait-for-it.sh
2025-08-20T21:17:27.8711749Z #68 DONE 0.1s
2025-08-20T21:17:27.8714282Z 
2025-08-20T21:17:27.8714695Z #69 [celery_worker stage-1 8/9] COPY services/etl/entrypoint.sh /app/entrypoint.sh
2025-08-20T21:17:27.8715348Z #69 DONE 0.0s
2025-08-20T21:17:27.8715865Z 
2025-08-20T21:17:27.8716141Z #70 [celery_worker stage-1 9/9] RUN chmod +x /app/entrypoint.sh
2025-08-20T21:17:28.0331616Z #70 DONE 0.1s
2025-08-20T21:17:28.0331997Z 
2025-08-20T21:17:28.0332399Z #71 [celery_worker] exporting to image
2025-08-20T21:17:28.0332824Z #71 exporting layers
2025-08-20T21:17:30.9995714Z #71 exporting layers 3.1s done
2025-08-20T21:17:31.0343830Z #71 writing image sha256:1c546512cb1f0a4e7934aa837fce1801e08b897a4529fd03822f8dac20833f6f done
2025-08-20T21:17:31.0344546Z #71 naming to docker.io/library/awa-app-celery_worker done
2025-08-20T21:17:31.0344865Z #71 DONE 3.1s
2025-08-20T21:17:31.0344977Z 
2025-08-20T21:17:31.0345061Z #72 [etl] exporting to image
2025-08-20T21:17:31.0345381Z #72 exporting layers 3.1s done
2025-08-20T21:17:31.0346072Z #72 writing image sha256:1c546512cb1f0a4e7934aa837fce1801e08b897a4529fd03822f8dac20833f6f done
2025-08-20T21:17:31.0346849Z #72 naming to docker.io/library/awa-app-etl done
2025-08-20T21:17:31.0347745Z  celery_worker  Built
2025-08-20T21:17:31.0348092Z  etl  Built
2025-08-20T21:17:31.0348363Z  fees_h10  Built
2025-08-20T21:17:31.0348670Z  postgres  Built
2025-08-20T21:17:31.0348952Z  api  Built
2025-08-20T21:17:31.0349253Z #72 DONE 3.1s
2025-08-20T21:17:31.0349416Z 
2025-08-20T21:17:31.0349642Z #73 [celery_worker] resolving provenance for metadata file
2025-08-20T21:17:31.0350105Z #73 DONE 0.0s
2025-08-20T21:17:31.0350271Z 
2025-08-20T21:17:31.0350439Z #74 [etl] resolving provenance for metadata file
2025-08-20T21:17:31.0350861Z #74 DONE 0.0s
2025-08-20T21:17:31.0420518Z ##[group]Run export COMPOSE_DOCKER_CLI_BUILD=1 DOCKER_BUILDKIT=1
2025-08-20T21:17:31.0420975Z [36;1mexport COMPOSE_DOCKER_CLI_BUILD=1 DOCKER_BUILDKIT=1[0m
2025-08-20T21:17:31.0421300Z [36;1mdocker compose \[0m
2025-08-20T21:17:31.0421537Z [36;1m  -f docker-compose.yml \[0m
2025-08-20T21:17:31.0421801Z [36;1m  -f docker-compose.ci.yml \[0m
2025-08-20T21:17:31.0422088Z [36;1m  -f docker-compose.postgres.yml \[0m
2025-08-20T21:17:31.0422347Z [36;1m  pull[0m
2025-08-20T21:17:31.0465111Z shell: /usr/bin/bash -e {0}
2025-08-20T21:17:31.0465355Z env:
2025-08-20T21:17:31.0465608Z   GITHUB_SHA: eb573cd5d3169492f60a4627e8a620ba488ca0a9
2025-08-20T21:17:31.0465912Z ##[endgroup]
2025-08-20T21:17:31.1783790Z  api Skipped - No image to be pulled 
2025-08-20T21:17:31.1784635Z  celery_worker Skipped - No image to be pulled 
2025-08-20T21:17:31.1784967Z  etl Skipped - No image to be pulled 
2025-08-20T21:17:31.1785376Z  postgres Skipped - No image to be pulled 
2025-08-20T21:17:31.1785733Z  fees_h10 Skipped - No image to be pulled 
2025-08-20T21:17:31.1786114Z  minio Pulling 
2025-08-20T21:17:31.1786322Z  redis Pulling 
2025-08-20T21:17:31.6982444Z  dd15713b0f22 Pulling fs layer 
2025-08-20T21:17:31.6983136Z  fd312a3c94fc Pulling fs layer 
2025-08-20T21:17:31.6983610Z  02e05d20c69e Pulling fs layer 
2025-08-20T21:17:31.6984059Z  1f08d9fb7d7d Pulling fs layer 
2025-08-20T21:17:31.6984468Z  b452b5fb7338 Pulling fs layer 
2025-08-20T21:17:31.6985088Z  e14ab7c7ae26 Pulling fs layer 
2025-08-20T21:17:31.6985486Z  3bf7f4428838 Pulling fs layer 
2025-08-20T21:17:31.6985876Z  adc9ba906e83 Pulling fs layer 
2025-08-20T21:17:31.6986588Z  1611ffcaf8be Pulling fs layer 
2025-08-20T21:17:31.6986980Z  1f08d9fb7d7d Waiting 
2025-08-20T21:17:31.6987328Z  b452b5fb7338 Waiting 
2025-08-20T21:17:31.6987664Z  adc9ba906e83 Waiting 
2025-08-20T21:17:31.6988000Z  3bf7f4428838 Waiting 
2025-08-20T21:17:31.6988343Z  e14ab7c7ae26 Waiting 
2025-08-20T21:17:31.6989598Z  1611ffcaf8be Waiting 
2025-08-20T21:17:31.7112408Z  0368fd46e3c6 Pulling fs layer 
2025-08-20T21:17:31.7112976Z  4c55286bbede Pulling fs layer 
2025-08-20T21:17:31.7113372Z  5e28347af205 Pulling fs layer 
2025-08-20T21:17:31.7113751Z  311eca34042e Pulling fs layer 
2025-08-20T21:17:31.7114158Z  e6fe6f07e192 Pulling fs layer 
2025-08-20T21:17:31.7114552Z  a2cadbfeca72 Pulling fs layer 
2025-08-20T21:17:31.7114931Z  4f4fb700ef54 Pulling fs layer 
2025-08-20T21:17:31.7115295Z  a976ed7e7808 Pulling fs layer 
2025-08-20T21:17:31.7115650Z  5e28347af205 Waiting 
2025-08-20T21:17:31.7115969Z  0368fd46e3c6 Waiting 
2025-08-20T21:17:31.7116208Z  311eca34042e Waiting 
2025-08-20T21:17:31.7116389Z  e6fe6f07e192 Waiting 
2025-08-20T21:17:31.7116564Z  a2cadbfeca72 Waiting 
2025-08-20T21:17:31.7116753Z  4c55286bbede Waiting 
2025-08-20T21:17:31.7116933Z  a976ed7e7808 Waiting 
2025-08-20T21:17:31.7117110Z  4f4fb700ef54 Waiting 
2025-08-20T21:17:31.8238920Z  dd15713b0f22 Downloading [>                                                  ]  75.88kB/7.24MB
2025-08-20T21:17:31.8264244Z  fd312a3c94fc Downloading [>                                                  ]  17.36kB/1.637MB
2025-08-20T21:17:31.8453498Z  fd312a3c94fc Verifying Checksum 
2025-08-20T21:17:31.8454342Z  fd312a3c94fc Download complete 
2025-08-20T21:17:31.8804929Z  dd15713b0f22 Verifying Checksum 
2025-08-20T21:17:31.8805344Z  dd15713b0f22 Download complete 
2025-08-20T21:17:31.8810953Z  dd15713b0f22 Extracting [>                                                  ]   98.3kB/7.24MB
2025-08-20T21:17:31.9237548Z  02e05d20c69e Downloading [>                                                  ]    2.3kB/122.7kB
2025-08-20T21:17:31.9474775Z  02e05d20c69e Downloading [==================================================>]  122.7kB/122.7kB
2025-08-20T21:17:31.9475390Z  02e05d20c69e Verifying Checksum 
2025-08-20T21:17:31.9475803Z  02e05d20c69e Download complete 
2025-08-20T21:17:31.9816230Z  dd15713b0f22 Extracting [===================>                               ]  2.753MB/7.24MB
2025-08-20T21:17:31.9921212Z  b452b5fb7338 Downloading [>                                                  ]  114.3kB/11.19MB
2025-08-20T21:17:32.0773429Z  1f08d9fb7d7d Downloading [>                                                  ]  397.4kB/39.39MB
2025-08-20T21:17:32.0813345Z  b452b5fb7338 Verifying Checksum 
2025-08-20T21:17:32.0813772Z  b452b5fb7338 Download complete 
2025-08-20T21:17:32.0910702Z  dd15713b0f22 Extracting [============================================>      ]  6.488MB/7.24MB
2025-08-20T21:17:32.1186459Z  dd15713b0f22 Extracting [==================================================>]   7.24MB/7.24MB
2025-08-20T21:17:32.1279607Z  dd15713b0f22 Pull complete 
2025-08-20T21:17:32.1291365Z  fd312a3c94fc Extracting [=>                                                 ]  32.77kB/1.637MB
2025-08-20T21:17:32.1498272Z  e14ab7c7ae26 Downloading [>                                                  ]  24.21kB/2.402MB
2025-08-20T21:17:32.1631818Z  fd312a3c94fc Extracting [==================================================>]  1.637MB/1.637MB
2025-08-20T21:17:32.1658484Z  fd312a3c94fc Extracting [==================================================>]  1.637MB/1.637MB
2025-08-20T21:17:32.1786593Z  1f08d9fb7d7d Downloading [======>                                            ]  5.258MB/39.39MB
2025-08-20T21:17:32.1987499Z  3bf7f4428838 Downloading [>                                                  ]  2.301kB/180.3kB
2025-08-20T21:17:32.2063854Z  3bf7f4428838 Verifying Checksum 
2025-08-20T21:17:32.2065065Z  3bf7f4428838 Download complete 
2025-08-20T21:17:32.2209975Z  fd312a3c94fc Pull complete 
2025-08-20T21:17:32.2225782Z  02e05d20c69e Extracting [=============>                                     ]  32.77kB/122.7kB
2025-08-20T21:17:32.2236183Z  02e05d20c69e Extracting [==================================================>]  122.7kB/122.7kB
2025-08-20T21:17:32.2358794Z  02e05d20c69e Pull complete 
2025-08-20T21:17:32.2508304Z  e14ab7c7ae26 Downloading [===============================>                   ]  1.501MB/2.402MB
2025-08-20T21:17:32.2669371Z  e14ab7c7ae26 Verifying Checksum 
2025-08-20T21:17:32.2669850Z  e14ab7c7ae26 Download complete 
2025-08-20T21:17:32.2914392Z  1f08d9fb7d7d Downloading [===================>                               ]  15.32MB/39.39MB
2025-08-20T21:17:32.3724702Z  adc9ba906e83 Downloading [===>                                               ]     933B/11.88kB
2025-08-20T21:17:32.3725810Z  adc9ba906e83 Downloading [==================================================>]  11.88kB/11.88kB
2025-08-20T21:17:32.3726523Z  adc9ba906e83 Verifying Checksum 
2025-08-20T21:17:32.3727004Z  adc9ba906e83 Download complete 
2025-08-20T21:17:32.3925635Z  1f08d9fb7d7d Downloading [========================>                          ]  19.35MB/39.39MB
2025-08-20T21:17:32.5053452Z  1f08d9fb7d7d Downloading [==================================>                ]   27.4MB/39.39MB
2025-08-20T21:17:32.6065898Z  1611ffcaf8be Downloading [==================================================>]     498B/498B
2025-08-20T21:17:32.6066365Z  1611ffcaf8be Verifying Checksum 
2025-08-20T21:17:32.6066832Z  1611ffcaf8be Download complete 
2025-08-20T21:17:32.6135635Z  1f08d9fb7d7d Downloading [================================================>  ]  37.93MB/39.39MB
2025-08-20T21:17:32.6213185Z  1f08d9fb7d7d Verifying Checksum 
2025-08-20T21:17:32.6213633Z  1f08d9fb7d7d Download complete 
2025-08-20T21:17:32.6289234Z  1f08d9fb7d7d Extracting [>                                                  ]    426kB/39.39MB
2025-08-20T21:17:32.7175568Z  0368fd46e3c6 Downloading [>                                                  ]  36.95kB/3.638MB
2025-08-20T21:17:32.7244281Z  4c55286bbede Downloading [=================================================> ]     935B/950B
2025-08-20T21:17:32.7245805Z  4c55286bbede Downloading [==================================================>]     950B/950B
2025-08-20T21:17:32.7246958Z  4c55286bbede Verifying Checksum 
2025-08-20T21:17:32.7248852Z  4c55286bbede Download complete 
2025-08-20T21:17:32.7290876Z  5e28347af205 Downloading [>                                                  ]  2.301kB/173.2kB
2025-08-20T21:17:32.7332343Z  1f08d9fb7d7d Extracting [===========>                                       ]  8.946MB/39.39MB
2025-08-20T21:17:32.7346266Z  5e28347af205 Verifying Checksum 
2025-08-20T21:17:32.7346914Z  5e28347af205 Download complete 
2025-08-20T21:17:32.8276469Z  0368fd46e3c6 Downloading [==>                                                ]  184.9kB/3.638MB
2025-08-20T21:17:32.8350782Z  311eca34042e Downloading [>                                                  ]  10.51kB/1.003MB
2025-08-20T21:17:32.8378924Z  1f08d9fb7d7d Extracting [=====================>                             ]  17.04MB/39.39MB
2025-08-20T21:17:32.8425826Z  e6fe6f07e192 Downloading [>                                                  ]  127.3kB/12.41MB
2025-08-20T21:17:32.8469845Z  311eca34042e Verifying Checksum 
2025-08-20T21:17:32.8470306Z  311eca34042e Download complete 
2025-08-20T21:17:32.9381914Z  0368fd46e3c6 Downloading [=============>                                     ]  1.007MB/3.638MB
2025-08-20T21:17:32.9385207Z  1f08d9fb7d7d Extracting [====================================>              ]  28.97MB/39.39MB
2025-08-20T21:17:32.9456855Z  e6fe6f07e192 Downloading [=============================================>     ]  11.37MB/12.41MB
2025-08-20T21:17:32.9560516Z  e6fe6f07e192 Download complete 
2025-08-20T21:17:33.0327378Z  a2cadbfeca72 Downloading [==================================================>]      99B/99B
2025-08-20T21:17:33.0328275Z  a2cadbfeca72 Verifying Checksum 
2025-08-20T21:17:33.0328724Z  a2cadbfeca72 Download complete 
2025-08-20T21:17:33.0384069Z  0368fd46e3c6 Downloading [================================================>  ]  3.517MB/3.638MB
2025-08-20T21:17:33.0408619Z  1f08d9fb7d7d Extracting [==============================================>    ]  36.63MB/39.39MB
2025-08-20T21:17:33.0414461Z  0368fd46e3c6 Verifying Checksum 
2025-08-20T21:17:33.0414892Z  0368fd46e3c6 Download complete 
2025-08-20T21:17:33.0422343Z  0368fd46e3c6 Extracting [>                                                  ]  65.54kB/3.638MB
2025-08-20T21:17:33.0616292Z  4f4fb700ef54 Downloading [==================================================>]      32B/32B
2025-08-20T21:17:33.0617055Z  4f4fb700ef54 Verifying Checksum 
2025-08-20T21:17:33.0617741Z  4f4fb700ef54 Download complete 
2025-08-20T21:17:33.0928126Z  1f08d9fb7d7d Extracting [==================================================>]  39.39MB/39.39MB
2025-08-20T21:17:33.1387393Z  1f08d9fb7d7d Pull complete 
2025-08-20T21:17:33.1411499Z  b452b5fb7338 Extracting [>                                                  ]  131.1kB/11.19MB
2025-08-20T21:17:33.1423336Z  0368fd46e3c6 Extracting [=================================>                 ]  2.425MB/3.638MB
2025-08-20T21:17:33.1605389Z  0368fd46e3c6 Extracting [==================================================>]  3.638MB/3.638MB
2025-08-20T21:17:33.1814355Z  0368fd46e3c6 Pull complete 
2025-08-20T21:17:33.1826891Z  4c55286bbede Extracting [==================================================>]     950B/950B
2025-08-20T21:17:33.1833239Z  4c55286bbede Extracting [==================================================>]     950B/950B
2025-08-20T21:17:33.1977511Z  4c55286bbede Pull complete 
2025-08-20T21:17:33.1992492Z  5e28347af205 Extracting [=========>                                         ]  32.77kB/173.2kB
2025-08-20T21:17:33.2007799Z  5e28347af205 Extracting [==================================================>]  173.2kB/173.2kB
2025-08-20T21:17:33.2135258Z  a976ed7e7808 Downloading [==================================================>]     574B/574B
2025-08-20T21:17:33.2136669Z  a976ed7e7808 Verifying Checksum 
2025-08-20T21:17:33.2137158Z  a976ed7e7808 Download complete 
2025-08-20T21:17:33.2281205Z  5e28347af205 Extracting [==================================================>]  173.2kB/173.2kB
2025-08-20T21:17:33.2416685Z  b452b5fb7338 Extracting [===============================>                   ]  7.078MB/11.19MB
2025-08-20T21:17:33.2901371Z  b452b5fb7338 Extracting [==================================================>]  11.19MB/11.19MB
2025-08-20T21:17:33.3066327Z  b452b5fb7338 Pull complete 
2025-08-20T21:17:33.3079152Z  e14ab7c7ae26 Extracting [>                                                  ]  32.77kB/2.402MB
2025-08-20T21:17:33.3375380Z  e14ab7c7ae26 Extracting [==================================================>]  2.402MB/2.402MB
2025-08-20T21:17:33.3470695Z  e14ab7c7ae26 Pull complete 
2025-08-20T21:17:33.3481961Z  3bf7f4428838 Extracting [=========>                                         ]  32.77kB/180.3kB
2025-08-20T21:17:33.3539395Z  3bf7f4428838 Extracting [==================================================>]  180.3kB/180.3kB
2025-08-20T21:17:33.3544173Z  5e28347af205 Pull complete 
2025-08-20T21:17:33.3552684Z  3bf7f4428838 Extracting [==================================================>]  180.3kB/180.3kB
2025-08-20T21:17:33.3557972Z  311eca34042e Extracting [=>                                                 ]  32.77kB/1.003MB
2025-08-20T21:17:33.3648127Z  3bf7f4428838 Pull complete 
2025-08-20T21:17:33.3663873Z  adc9ba906e83 Extracting [==================================================>]  11.88kB/11.88kB
2025-08-20T21:17:33.3664671Z  adc9ba906e83 Extracting [==================================================>]  11.88kB/11.88kB
2025-08-20T21:17:33.3759167Z  adc9ba906e83 Pull complete 
2025-08-20T21:17:33.3771978Z  311eca34042e Extracting [==================================================>]  1.003MB/1.003MB
2025-08-20T21:17:33.3774454Z  1611ffcaf8be Extracting [==================================================>]     498B/498B
2025-08-20T21:17:33.3778920Z  1611ffcaf8be Extracting [==================================================>]     498B/498B
2025-08-20T21:17:33.3781489Z  311eca34042e Extracting [==================================================>]  1.003MB/1.003MB
2025-08-20T21:17:33.3855235Z  311eca34042e Pull complete 
2025-08-20T21:17:33.3871359Z  1611ffcaf8be Pull complete 
2025-08-20T21:17:33.3876400Z  e6fe6f07e192 Extracting [>                                                  ]  131.1kB/12.41MB
2025-08-20T21:17:33.3951336Z  minio Pulled 
2025-08-20T21:17:33.4880300Z  e6fe6f07e192 Extracting [===========================>                       ]  6.947MB/12.41MB
2025-08-20T21:17:33.5506192Z  e6fe6f07e192 Extracting [==================================================>]  12.41MB/12.41MB
2025-08-20T21:17:33.5677119Z  e6fe6f07e192 Pull complete 
2025-08-20T21:17:33.5688832Z  a2cadbfeca72 Extracting [==================================================>]      99B/99B
2025-08-20T21:17:33.5690962Z  a2cadbfeca72 Extracting [==================================================>]      99B/99B
2025-08-20T21:17:33.5812746Z  a2cadbfeca72 Pull complete 
2025-08-20T21:17:33.5837482Z  4f4fb700ef54 Extracting [==================================================>]      32B/32B
2025-08-20T21:17:33.5838450Z  4f4fb700ef54 Extracting [==================================================>]      32B/32B
2025-08-20T21:17:33.5888510Z  4f4fb700ef54 Pull complete 
2025-08-20T21:17:33.5900029Z  a976ed7e7808 Extracting [==================================================>]     574B/574B
2025-08-20T21:17:33.5905514Z  a976ed7e7808 Extracting [==================================================>]     574B/574B
2025-08-20T21:17:33.5983049Z  a976ed7e7808 Pull complete 
2025-08-20T21:17:33.6033555Z  redis Pulled 
2025-08-20T21:17:33.6103387Z ##[group]Run export COMPOSE_DOCKER_CLI_BUILD=1 DOCKER_BUILDKIT=1
2025-08-20T21:17:33.6104083Z [36;1mexport COMPOSE_DOCKER_CLI_BUILD=1 DOCKER_BUILDKIT=1[0m
2025-08-20T21:17:33.6104578Z [36;1mdocker compose \[0m
2025-08-20T21:17:33.6104965Z [36;1m  -f docker-compose.yml \[0m
2025-08-20T21:17:33.6105251Z [36;1m  -f docker-compose.ci.yml \[0m
2025-08-20T21:17:33.6105524Z [36;1m  -f docker-compose.postgres.yml \[0m
2025-08-20T21:17:33.6105821Z [36;1m  up -d --wait --no-build --pull always[0m
2025-08-20T21:17:33.6146479Z shell: /usr/bin/bash -e {0}
2025-08-20T21:17:33.6146706Z env:
2025-08-20T21:17:33.6146930Z   GITHUB_SHA: eb573cd5d3169492f60a4627e8a620ba488ca0a9
2025-08-20T21:17:33.6147202Z ##[endgroup]
2025-08-20T21:17:33.7214401Z  minio Pulling 
2025-08-20T21:17:33.7215041Z  redis Pulling 
2025-08-20T21:17:34.0398383Z  minio Pulled 
2025-08-20T21:17:34.0494239Z  redis Pulled 
2025-08-20T21:17:34.0556034Z  Network awa-app_awa-net  Creating
2025-08-20T21:17:34.0903275Z  Network awa-app_awa-net  Created
2025-08-20T21:17:34.1299452Z  Volume "awa-app_miniodata"  Creating
2025-08-20T21:17:34.1311649Z  Volume "awa-app_miniodata"  Created
2025-08-20T21:17:34.1315628Z  Volume "awa-app_awa-pgdata"  Creating
2025-08-20T21:17:34.1324551Z  Volume "awa-app_awa-pgdata"  Created
2025-08-20T21:17:34.1329265Z  Volume "awa-app_awa-data"  Creating
2025-08-20T21:17:34.1338476Z  Volume "awa-app_awa-data"  Created
2025-08-20T21:17:34.1392512Z  Container awa-app-minio-1  Creating
2025-08-20T21:17:34.1393247Z  Container awa-app-redis-1  Creating
2025-08-20T21:17:34.1394519Z  Container awa-app-postgres-1  Creating
2025-08-20T21:17:34.1705853Z  Container awa-app-minio-1  Created
2025-08-20T21:17:34.1707240Z  Container awa-app-postgres-1  Created
2025-08-20T21:17:34.1707699Z  Container awa-app-api-1  Creating
2025-08-20T21:17:34.1708134Z  Container awa-app-etl-1  Creating
2025-08-20T21:17:34.1723886Z  Container awa-app-redis-1  Created
2025-08-20T21:17:34.1724768Z  Container awa-app-fees_h10-1  Creating
2025-08-20T21:17:34.1726325Z  Container awa-app-celery_worker-1  Creating
2025-08-20T21:17:34.1906801Z  Container awa-app-api-1  Created
2025-08-20T21:17:34.1918985Z  Container awa-app-fees_h10-1  Created
2025-08-20T21:17:34.1928268Z  Container awa-app-etl-1  Created
2025-08-20T21:17:34.1935359Z  Container awa-app-celery_worker-1  Created
2025-08-20T21:17:34.1950152Z  Container awa-app-redis-1  Starting
2025-08-20T21:17:34.1951830Z  Container awa-app-postgres-1  Starting
2025-08-20T21:17:34.1952326Z  Container awa-app-minio-1  Starting
2025-08-20T21:17:35.2357180Z  Container awa-app-postgres-1  Started
2025-08-20T21:17:35.2357703Z  Container awa-app-postgres-1  Waiting
2025-08-20T21:17:35.2431772Z  Container awa-app-redis-1  Started
2025-08-20T21:17:35.2432596Z  Container awa-app-postgres-1  Waiting
2025-08-20T21:17:35.2435585Z  Container awa-app-postgres-1  Waiting
2025-08-20T21:17:35.2436247Z  Container awa-app-redis-1  Waiting
2025-08-20T21:17:35.2473037Z  Container awa-app-minio-1  Started
2025-08-20T21:17:35.2474419Z  Container awa-app-postgres-1  Waiting
2025-08-20T21:17:40.7368010Z  Container awa-app-postgres-1  Healthy
2025-08-20T21:17:40.7368578Z  Container awa-app-api-1  Starting
2025-08-20T21:17:40.7449347Z  Container awa-app-redis-1  Healthy
2025-08-20T21:17:40.7453596Z  Container awa-app-postgres-1  Healthy
2025-08-20T21:17:40.7454267Z  Container awa-app-fees_h10-1  Starting
2025-08-20T21:17:40.7457604Z  Container awa-app-postgres-1  Healthy
2025-08-20T21:17:40.7458370Z  Container awa-app-celery_worker-1  Starting
2025-08-20T21:17:40.7508061Z  Container awa-app-postgres-1  Healthy
2025-08-20T21:17:40.7512164Z  Container awa-app-etl-1  Starting
2025-08-20T21:17:40.9515204Z  Container awa-app-celery_worker-1  Started
2025-08-20T21:17:40.9520575Z  Container awa-app-fees_h10-1  Started
2025-08-20T21:17:40.9717089Z  Container awa-app-api-1  Started
2025-08-20T21:17:40.9756958Z  Container awa-app-etl-1  Started
2025-08-20T21:17:40.9758004Z  Container awa-app-fees_h10-1  Waiting
2025-08-20T21:17:40.9758841Z  Container awa-app-postgres-1  Waiting
2025-08-20T21:17:40.9759315Z  Container awa-app-etl-1  Waiting
2025-08-20T21:17:40.9759746Z  Container awa-app-minio-1  Waiting
2025-08-20T21:17:40.9760181Z  Container awa-app-redis-1  Waiting
2025-08-20T21:17:40.9760610Z  Container awa-app-api-1  Waiting
2025-08-20T21:17:40.9761061Z  Container awa-app-celery_worker-1  Waiting
2025-08-20T21:17:41.4781704Z  Container awa-app-postgres-1  Healthy
2025-08-20T21:17:41.4798304Z  Container awa-app-minio-1  Healthy
2025-08-20T21:17:41.4808380Z  Container awa-app-redis-1  Healthy
2025-08-20T21:17:46.4777276Z  Container awa-app-api-1  Healthy
2025-08-20T21:18:11.4774602Z  Container awa-app-fees_h10-1  Healthy
2025-08-20T21:18:11.4775069Z  Container awa-app-celery_worker-1  Healthy
2025-08-20T21:18:11.4775630Z  Container awa-app-etl-1  Healthy
2025-08-20T21:18:11.4887316Z ##[group]Run for i in {1..60}; do pg_isready -h localhost -p 5432 && break; sleep 1; done
2025-08-20T21:18:11.4887820Z [36;1mfor i in {1..60}; do pg_isready -h localhost -p 5432 && break; sleep 1; done[0m
2025-08-20T21:18:11.4926563Z shell: /usr/bin/bash -e {0}
2025-08-20T21:18:11.4926789Z env:
2025-08-20T21:18:11.4926996Z   GITHUB_SHA: eb573cd5d3169492f60a4627e8a620ba488ca0a9
2025-08-20T21:18:11.4927276Z ##[endgroup]
2025-08-20T21:18:11.5876073Z localhost:5432 - accepting connections
2025-08-20T21:18:11.5913294Z ##[group]Run [ "$(psql -U postgres -h localhost -tAc "select 1 from pg_database where datname='awa'")" = '1' ] || psql -U postgres -h localhost -c "create database awa"
2025-08-20T21:18:11.5914232Z [36;1m[ "$(psql -U postgres -h localhost -tAc "select 1 from pg_database where datname='awa'")" = '1' ] || psql -U postgres -h localhost -c "create database awa"[0m
2025-08-20T21:18:11.5951866Z shell: /usr/bin/bash -e {0}
2025-08-20T21:18:11.5952095Z env:
2025-08-20T21:18:11.5952310Z   GITHUB_SHA: eb573cd5d3169492f60a4627e8a620ba488ca0a9
2025-08-20T21:18:11.5952595Z   PGPASSWORD: pass
2025-08-20T21:18:11.5952789Z ##[endgroup]
2025-08-20T21:18:11.7237490Z ##[group]Run docker compose \
2025-08-20T21:18:11.7237781Z [36;1mdocker compose \[0m
2025-08-20T21:18:11.7238009Z [36;1m  -f docker-compose.yml \[0m
2025-08-20T21:18:11.7238261Z [36;1m  -f docker-compose.ci.yml \[0m
2025-08-20T21:18:11.7238543Z [36;1m  -f docker-compose.postgres.yml \[0m
2025-08-20T21:18:11.7238983Z [36;1m  config | grep image:[0m
2025-08-20T21:18:11.7277163Z shell: /usr/bin/bash -e {0}
2025-08-20T21:18:11.7277384Z env:
2025-08-20T21:18:11.7277592Z   GITHUB_SHA: eb573cd5d3169492f60a4627e8a620ba488ca0a9
2025-08-20T21:18:11.7277867Z ##[endgroup]
2025-08-20T21:18:11.8396892Z     image: minio/minio
2025-08-20T21:18:11.8397335Z     image: redis:7-alpine
2025-08-20T21:18:11.8440171Z ##[group]Run export COMPOSE_DOCKER_CLI_BUILD=1 DOCKER_BUILDKIT=1
2025-08-20T21:18:11.8440904Z [36;1mexport COMPOSE_DOCKER_CLI_BUILD=1 DOCKER_BUILDKIT=1[0m
2025-08-20T21:18:11.8441455Z [36;1mdocker compose ps[0m
2025-08-20T21:18:11.8498282Z shell: /usr/bin/bash -e {0}
2025-08-20T21:18:11.8498671Z env:
2025-08-20T21:18:11.8499039Z   GITHUB_SHA: eb573cd5d3169492f60a4627e8a620ba488ca0a9
2025-08-20T21:18:11.8499517Z ##[endgroup]
2025-08-20T21:18:11.9569728Z NAME                      IMAGE                   COMMAND                  SERVICE         CREATED          STATUS                    PORTS
2025-08-20T21:18:11.9576060Z awa-app-api-1             awa-app-api             "bash /app/entrypoin…"   api             37 seconds ago   Up 31 seconds (healthy)   0.0.0.0:8000->8000/tcp, [::]:8000->8000/tcp
2025-08-20T21:18:11.9577022Z awa-app-celery_worker-1   awa-app-celery_worker   "/bin/bash /app/entr…"   celery_worker   37 seconds ago   Up 31 seconds (healthy)   
2025-08-20T21:18:11.9577896Z awa-app-etl-1             awa-app-etl             "/bin/bash /app/entr…"   etl             37 seconds ago   Up 31 seconds (healthy)   
2025-08-20T21:18:11.9578627Z awa-app-fees_h10-1        awa-app-fees_h10        "./start.sh celery -…"   fees_h10        37 seconds ago   Up 31 seconds (healthy)   
2025-08-20T21:18:11.9579631Z awa-app-minio-1           minio/minio             "/usr/bin/docker-ent…"   minio           37 seconds ago   Up 37 seconds             0.0.0.0:9000-9001->9000-9001/tcp, [::]:9000-9001->9000-9001/tcp
2025-08-20T21:18:11.9580712Z awa-app-postgres-1        awa-app-postgres        "docker-entrypoint.s…"   postgres        37 seconds ago   Up 37 seconds (healthy)   0.0.0.0:5432->5432/tcp, [::]:5432->5432/tcp
2025-08-20T21:18:11.9581771Z awa-app-redis-1           redis:7-alpine          "docker-entrypoint.s…"   redis           37 seconds ago   Up 37 seconds (healthy)   0.0.0.0:6379->6379/tcp, [::]:6379->6379/tcp
2025-08-20T21:18:11.9681397Z Post job cleanup.
2025-08-20T21:18:12.0609240Z [command]/usr/bin/git version
2025-08-20T21:18:12.0644248Z git version 2.50.1
2025-08-20T21:18:12.0691771Z Temporarily overriding HOME='/home/runner/work/_temp/1fe78345-0ec5-4e64-a9f7-87cb18f3f0c1' before making global git config changes
2025-08-20T21:18:12.0693228Z Adding repository directory to the temporary git global config as a safe directory
2025-08-20T21:18:12.0697017Z [command]/usr/bin/git config --global --add safe.directory /home/runner/work/AWA-App/AWA-App
2025-08-20T21:18:12.0729594Z [command]/usr/bin/git config --local --name-only --get-regexp core\.sshCommand
2025-08-20T21:18:12.0760690Z [command]/usr/bin/git submodule foreach --recursive sh -c "git config --local --name-only --get-regexp 'core\.sshCommand' && git config --local --unset-all 'core.sshCommand' || :"
2025-08-20T21:18:12.0980812Z [command]/usr/bin/git config --local --name-only --get-regexp http\.https\:\/\/github\.com\/\.extraheader
2025-08-20T21:18:12.1000450Z http.https://github.com/.extraheader
2025-08-20T21:18:12.1012541Z [command]/usr/bin/git config --local --unset-all http.https://github.com/.extraheader
2025-08-20T21:18:12.1041936Z [command]/usr/bin/git submodule foreach --recursive sh -c "git config --local --name-only --get-regexp 'http\.https\:\/\/github\.com\/\.extraheader' && git config --local --unset-all 'http.https://github.com/.extraheader' || :"
2025-08-20T21:18:12.1359589Z Cleaning up orphan processes
