2025-08-17T21:15:45.3312715Z Current runner version: '2.327.1'
2025-08-17T21:15:45.3336396Z ##[group]Runner Image Provisioner
2025-08-17T21:15:45.3337214Z Hosted Compute Agent
2025-08-17T21:15:45.3337737Z Version: 20250812.370
2025-08-17T21:15:45.3338404Z Commit: 4a2b2bf7520004e3e907c2150c8cabe342a3da32
2025-08-17T21:15:45.3339052Z Build Date: 2025-08-12T16:08:14Z
2025-08-17T21:15:45.3339636Z ##[endgroup]
2025-08-17T21:15:45.3340241Z ##[group]Operating System
2025-08-17T21:15:45.3341091Z Ubuntu
2025-08-17T21:15:45.3341569Z 24.04.2
2025-08-17T21:15:45.3342042Z LTS
2025-08-17T21:15:45.3342507Z ##[endgroup]
2025-08-17T21:15:45.3342952Z ##[group]Runner Image
2025-08-17T21:15:45.3343559Z Image: ubuntu-24.04
2025-08-17T21:15:45.3344032Z Version: 20250810.1.0
2025-08-17T21:15:45.3345037Z Included Software: https://github.com/actions/runner-images/blob/ubuntu24/20250810.1/images/ubuntu/Ubuntu2404-Readme.md
2025-08-17T21:15:45.3346581Z Image Release: https://github.com/actions/runner-images/releases/tag/ubuntu24%2F20250810.1
2025-08-17T21:15:45.3347563Z ##[endgroup]
2025-08-17T21:15:45.3350125Z ##[group]GITHUB_TOKEN Permissions
2025-08-17T21:15:45.3352380Z Actions: write
2025-08-17T21:15:45.3352890Z Attestations: write
2025-08-17T21:15:45.3353498Z Checks: write
2025-08-17T21:15:45.3353957Z Contents: write
2025-08-17T21:15:45.3354444Z Deployments: write
2025-08-17T21:15:45.3355022Z Discussions: write
2025-08-17T21:15:45.3355518Z Issues: write
2025-08-17T21:15:45.3355970Z Metadata: read
2025-08-17T21:15:45.3356470Z Models: read
2025-08-17T21:15:45.3356954Z Packages: write
2025-08-17T21:15:45.3357416Z Pages: write
2025-08-17T21:15:45.3357945Z PullRequests: write
2025-08-17T21:15:45.3358456Z RepositoryProjects: write
2025-08-17T21:15:45.3359010Z SecurityEvents: write
2025-08-17T21:15:45.3359667Z Statuses: write
2025-08-17T21:15:45.3360132Z ##[endgroup]
2025-08-17T21:15:45.3362358Z Secret source: Actions
2025-08-17T21:15:45.3363089Z Prepare workflow directory
2025-08-17T21:15:45.3674764Z Prepare all required actions
2025-08-17T21:15:45.3711342Z Getting action download info
2025-08-17T21:15:45.8461719Z Download action repository 'actions/checkout@v4' (SHA:08eba0b27e820071cde6df949e0beb9ba4906955)
2025-08-17T21:15:46.3918467Z Download action repository 'docker/setup-buildx-action@v3' (SHA:e468171a9de216ec08956ac3ada2f0791b6bd435)
2025-08-17T21:15:47.0412589Z Download action repository 'docker/login-action@v3' (SHA:184bdaa0721073962dff0199f1fb9940f07167d1)
2025-08-17T21:15:47.7900732Z Complete job name: push-image
2025-08-17T21:15:47.8653467Z ##[group]Run actions/checkout@v4
2025-08-17T21:15:47.8654717Z with:
2025-08-17T21:15:47.8655425Z   repository: AlexBomber12/AWA-App
2025-08-17T21:15:47.8656627Z   token: ***
2025-08-17T21:15:47.8657320Z   ssh-strict: true
2025-08-17T21:15:47.8658030Z   ssh-user: git
2025-08-17T21:15:47.8658765Z   persist-credentials: true
2025-08-17T21:15:47.8659589Z   clean: true
2025-08-17T21:15:47.8660491Z   sparse-checkout-cone-mode: true
2025-08-17T21:15:47.8661408Z   fetch-depth: 1
2025-08-17T21:15:47.8662118Z   fetch-tags: false
2025-08-17T21:15:47.8663095Z   show-progress: true
2025-08-17T21:15:47.8663884Z   lfs: false
2025-08-17T21:15:47.8664565Z   submodules: false
2025-08-17T21:15:47.8665317Z   set-safe-directory: true
2025-08-17T21:15:47.8666434Z ##[endgroup]
2025-08-17T21:15:47.9744137Z Syncing repository: AlexBomber12/AWA-App
2025-08-17T21:15:47.9746689Z ##[group]Getting Git version info
2025-08-17T21:15:47.9747923Z Working directory is '/home/runner/work/AWA-App/AWA-App'
2025-08-17T21:15:47.9749752Z [command]/usr/bin/git version
2025-08-17T21:15:47.9810166Z git version 2.50.1
2025-08-17T21:15:47.9836253Z ##[endgroup]
2025-08-17T21:15:47.9850816Z Temporarily overriding HOME='/home/runner/work/_temp/cdd1690d-6bfc-4f4e-aee9-dd4854cbbfe5' before making global git config changes
2025-08-17T21:15:47.9853586Z Adding repository directory to the temporary git global config as a safe directory
2025-08-17T21:15:47.9863203Z [command]/usr/bin/git config --global --add safe.directory /home/runner/work/AWA-App/AWA-App
2025-08-17T21:15:47.9896885Z Deleting the contents of '/home/runner/work/AWA-App/AWA-App'
2025-08-17T21:15:47.9900678Z ##[group]Initializing the repository
2025-08-17T21:15:47.9905337Z [command]/usr/bin/git init /home/runner/work/AWA-App/AWA-App
2025-08-17T21:15:47.9963669Z hint: Using 'master' as the name for the initial branch. This default branch name
2025-08-17T21:15:47.9966964Z hint: is subject to change. To configure the initial branch name to use in all
2025-08-17T21:15:47.9970261Z hint: of your new repositories, which will suppress this warning, call:
2025-08-17T21:15:47.9972744Z hint:
2025-08-17T21:15:47.9974169Z hint: 	git config --global init.defaultBranch <name>
2025-08-17T21:15:47.9976048Z hint:
2025-08-17T21:15:47.9977840Z hint: Names commonly chosen instead of 'master' are 'main', 'trunk' and
2025-08-17T21:15:47.9979891Z hint: 'development'. The just-created branch can be renamed via this command:
2025-08-17T21:15:47.9981612Z hint:
2025-08-17T21:15:47.9982301Z hint: 	git branch -m <name>
2025-08-17T21:15:47.9983114Z hint:
2025-08-17T21:15:47.9984247Z hint: Disable this message with "git config set advice.defaultBranchName false"
2025-08-17T21:15:47.9986109Z Initialized empty Git repository in /home/runner/work/AWA-App/AWA-App/.git/
2025-08-17T21:15:47.9989065Z [command]/usr/bin/git remote add origin https://github.com/AlexBomber12/AWA-App
2025-08-17T21:15:48.0016095Z ##[endgroup]
2025-08-17T21:15:48.0017390Z ##[group]Disabling automatic garbage collection
2025-08-17T21:15:48.0019453Z [command]/usr/bin/git config --local gc.auto 0
2025-08-17T21:15:48.0047658Z ##[endgroup]
2025-08-17T21:15:48.0048849Z ##[group]Setting up auth
2025-08-17T21:15:48.0054044Z [command]/usr/bin/git config --local --name-only --get-regexp core\.sshCommand
2025-08-17T21:15:48.0083448Z [command]/usr/bin/git submodule foreach --recursive sh -c "git config --local --name-only --get-regexp 'core\.sshCommand' && git config --local --unset-all 'core.sshCommand' || :"
2025-08-17T21:15:48.0353931Z [command]/usr/bin/git config --local --name-only --get-regexp http\.https\:\/\/github\.com\/\.extraheader
2025-08-17T21:15:48.0384035Z [command]/usr/bin/git submodule foreach --recursive sh -c "git config --local --name-only --get-regexp 'http\.https\:\/\/github\.com\/\.extraheader' && git config --local --unset-all 'http.https://github.com/.extraheader' || :"
2025-08-17T21:15:48.0599419Z [command]/usr/bin/git config --local http.https://github.com/.extraheader AUTHORIZATION: basic ***
2025-08-17T21:15:48.0636049Z ##[endgroup]
2025-08-17T21:15:48.0637941Z ##[group]Fetching the repository
2025-08-17T21:15:48.0657295Z [command]/usr/bin/git -c protocol.version=2 fetch --no-tags --prune --no-recurse-submodules --depth=1 origin +82ff88cfcf48b4238a4e0886b45598de84e18690:refs/remotes/origin/main
2025-08-17T21:15:48.5579997Z From https://github.com/AlexBomber12/AWA-App
2025-08-17T21:15:48.5581967Z  * [new ref]         82ff88cfcf48b4238a4e0886b45598de84e18690 -> origin/main
2025-08-17T21:15:48.5604807Z ##[endgroup]
2025-08-17T21:15:48.5606265Z ##[group]Determining the checkout info
2025-08-17T21:15:48.5607762Z ##[endgroup]
2025-08-17T21:15:48.5611757Z [command]/usr/bin/git sparse-checkout disable
2025-08-17T21:15:48.5647944Z [command]/usr/bin/git config --local --unset-all extensions.worktreeConfig
2025-08-17T21:15:48.5675067Z ##[group]Checking out the ref
2025-08-17T21:15:48.5678198Z [command]/usr/bin/git checkout --progress --force -B main refs/remotes/origin/main
2025-08-17T21:15:48.5999094Z Switched to a new branch 'main'
2025-08-17T21:15:48.6001868Z branch 'main' set up to track 'origin/main'.
2025-08-17T21:15:48.6009387Z ##[endgroup]
2025-08-17T21:15:48.6041198Z [command]/usr/bin/git log -1 --format=%H
2025-08-17T21:15:48.6062355Z 82ff88cfcf48b4238a4e0886b45598de84e18690
2025-08-17T21:15:48.6318968Z ##[group]Run docker/setup-buildx-action@v3
2025-08-17T21:15:48.6319963Z with:
2025-08-17T21:15:48.6320731Z   driver: docker-container
2025-08-17T21:15:48.6321524Z   install: false
2025-08-17T21:15:48.6322187Z   use: true
2025-08-17T21:15:48.6322829Z   keep-state: false
2025-08-17T21:15:48.6323738Z   cache-binary: true
2025-08-17T21:15:48.6324440Z   cleanup: true
2025-08-17T21:15:48.6325101Z ##[endgroup]
2025-08-17T21:15:48.9108285Z ##[group]Docker info
2025-08-17T21:15:48.9135399Z [command]/usr/bin/docker version
2025-08-17T21:15:48.9729546Z Client: Docker Engine - Community
2025-08-17T21:15:48.9733891Z  Version:           28.0.4
2025-08-17T21:15:48.9735236Z  API version:       1.48
2025-08-17T21:15:48.9736513Z  Go version:        go1.23.7
2025-08-17T21:15:48.9737868Z  Git commit:        b8034c0
2025-08-17T21:15:48.9739235Z  Built:             Tue Mar 25 15:07:16 2025
2025-08-17T21:15:48.9740863Z  OS/Arch:           linux/amd64
2025-08-17T21:15:48.9741911Z  Context:           default
2025-08-17T21:15:48.9742431Z 
2025-08-17T21:15:48.9742763Z Server: Docker Engine - Community
2025-08-17T21:15:48.9743618Z  Engine:
2025-08-17T21:15:48.9744247Z   Version:          28.0.4
2025-08-17T21:15:48.9745111Z   API version:      1.48 (minimum version 1.24)
2025-08-17T21:15:48.9746103Z   Go version:       go1.23.7
2025-08-17T21:15:48.9746913Z   Git commit:       6430e49
2025-08-17T21:15:48.9747742Z   Built:            Tue Mar 25 15:07:16 2025
2025-08-17T21:15:48.9748666Z   OS/Arch:          linux/amd64
2025-08-17T21:15:48.9749485Z   Experimental:     false
2025-08-17T21:15:48.9750243Z  containerd:
2025-08-17T21:15:48.9751086Z   Version:          1.7.27
2025-08-17T21:15:48.9752017Z   GitCommit:        05044ec0a9a75232cad458027ca83437aae3f4da
2025-08-17T21:15:48.9753135Z  runc:
2025-08-17T21:15:48.9753829Z   Version:          1.2.5
2025-08-17T21:15:48.9754646Z   GitCommit:        v1.2.5-0-g59923ef
2025-08-17T21:15:48.9755549Z  docker-init:
2025-08-17T21:15:48.9756218Z   Version:          0.19.0
2025-08-17T21:15:48.9757006Z   GitCommit:        de40ad0
2025-08-17T21:15:48.9779207Z [command]/usr/bin/docker info
2025-08-17T21:15:51.6425764Z Client: Docker Engine - Community
2025-08-17T21:15:51.6426357Z  Version:    28.0.4
2025-08-17T21:15:51.6426722Z  Context:    default
2025-08-17T21:15:51.6427111Z  Debug Mode: false
2025-08-17T21:15:51.6427480Z  Plugins:
2025-08-17T21:15:51.6427715Z   buildx: Docker Buildx (Docker Inc.)
2025-08-17T21:15:51.6428008Z     Version:  v0.26.1
2025-08-17T21:15:51.6428305Z     Path:     /usr/libexec/docker/cli-plugins/docker-buildx
2025-08-17T21:15:51.6428675Z   compose: Docker Compose (Docker Inc.)
2025-08-17T21:15:51.6428962Z     Version:  v2.38.2
2025-08-17T21:15:51.6429295Z     Path:     /usr/libexec/docker/cli-plugins/docker-compose
2025-08-17T21:15:51.6429533Z 
2025-08-17T21:15:51.6429637Z Server:
2025-08-17T21:15:51.6429992Z  Containers: 0
2025-08-17T21:15:51.6430243Z   Running: 0
2025-08-17T21:15:51.6430844Z   Paused: 0
2025-08-17T21:15:51.6431061Z   Stopped: 0
2025-08-17T21:15:51.6431278Z  Images: 0
2025-08-17T21:15:51.6431487Z  Server Version: 28.0.4
2025-08-17T21:15:51.6431729Z  Storage Driver: overlay2
2025-08-17T21:15:51.6431981Z   Backing Filesystem: extfs
2025-08-17T21:15:51.6432223Z   Supports d_type: true
2025-08-17T21:15:51.6432481Z   Using metacopy: false
2025-08-17T21:15:51.6432754Z   Native Overlay Diff: false
2025-08-17T21:15:51.6433006Z   userxattr: false
2025-08-17T21:15:51.6433231Z  Logging Driver: json-file
2025-08-17T21:15:51.6433492Z  Cgroup Driver: systemd
2025-08-17T21:15:51.6433722Z  Cgroup Version: 2
2025-08-17T21:15:51.6433944Z  Plugins:
2025-08-17T21:15:51.6434213Z   Volume: local
2025-08-17T21:15:51.6434586Z   Network: bridge host ipvlan macvlan null overlay
2025-08-17T21:15:51.6435038Z   Log: awslogs fluentd gcplogs gelf journald json-file local splunk syslog
2025-08-17T21:15:51.6435400Z  Swarm: inactive
2025-08-17T21:15:51.6435648Z  Runtimes: io.containerd.runc.v2 runc
2025-08-17T21:15:51.6435927Z  Default Runtime: runc
2025-08-17T21:15:51.6436592Z  Init Binary: docker-init
2025-08-17T21:15:51.6436933Z  containerd version: 05044ec0a9a75232cad458027ca83437aae3f4da
2025-08-17T21:15:51.6437283Z  runc version: v1.2.5-0-g59923ef
2025-08-17T21:15:51.6437541Z  init version: de40ad0
2025-08-17T21:15:51.6437761Z  Security Options:
2025-08-17T21:15:51.6437975Z   apparmor
2025-08-17T21:15:51.6438325Z   seccomp
2025-08-17T21:15:51.6438529Z    Profile: builtin
2025-08-17T21:15:51.6438745Z   cgroupns
2025-08-17T21:15:51.6438961Z  Kernel Version: 6.11.0-1018-azure
2025-08-17T21:15:51.6439411Z  Operating System: Ubuntu 24.04.2 LTS
2025-08-17T21:15:51.6439807Z  OSType: linux
2025-08-17T21:15:51.6440027Z  Architecture: x86_64
2025-08-17T21:15:51.6440248Z  CPUs: 4
2025-08-17T21:15:51.6440668Z  Total Memory: 15.62GiB
2025-08-17T21:15:51.6440913Z  Name: pkrvmubgrv54qmi
2025-08-17T21:15:51.6441170Z  ID: 2166c256-3f30-4fc2-abf1-e8d653854173
2025-08-17T21:15:51.6441456Z  Docker Root Dir: /var/lib/docker
2025-08-17T21:15:51.6441714Z  Debug Mode: false
2025-08-17T21:15:51.6441956Z  Username: githubactions
2025-08-17T21:15:51.6442199Z  Experimental: false
2025-08-17T21:15:51.6442425Z  Insecure Registries:
2025-08-17T21:15:51.6446285Z   ::1/128
2025-08-17T21:15:51.6446526Z   127.0.0.0/8
2025-08-17T21:15:51.6446761Z  Live Restore Enabled: false
2025-08-17T21:15:51.6446935Z 
2025-08-17T21:15:51.6447605Z ##[endgroup]
2025-08-17T21:15:51.7387820Z ##[group]Buildx version
2025-08-17T21:15:51.7410269Z [command]/usr/bin/docker buildx version
2025-08-17T21:15:51.8107552Z github.com/docker/buildx v0.26.1 1a8287f22cf5a38339a4c1bf432b803c5f8b2aae
2025-08-17T21:15:51.8138950Z ##[endgroup]
2025-08-17T21:15:51.8288402Z ##[group]Inspecting default docker context
2025-08-17T21:15:51.8421487Z [
2025-08-17T21:15:51.8421867Z   {
2025-08-17T21:15:51.8422173Z     "Name": "default",
2025-08-17T21:15:51.8422475Z     "Metadata": {},
2025-08-17T21:15:51.8422930Z     "Endpoints": {
2025-08-17T21:15:51.8423206Z       "docker": {
2025-08-17T21:15:51.8423534Z         "Host": "unix:///var/run/docker.sock",
2025-08-17T21:15:51.8424228Z         "SkipTLSVerify": false
2025-08-17T21:15:51.8424567Z       }
2025-08-17T21:15:51.8424840Z     },
2025-08-17T21:15:51.8425272Z     "TLSMaterial": {},
2025-08-17T21:15:51.8425712Z     "Storage": {
2025-08-17T21:15:51.8426097Z       "MetadataPath": "<IN MEMORY>",
2025-08-17T21:15:51.8426643Z       "TLSPath": "<IN MEMORY>"
2025-08-17T21:15:51.8427046Z     }
2025-08-17T21:15:51.8427414Z   }
2025-08-17T21:15:51.8427780Z ]
2025-08-17T21:15:51.8428602Z ##[endgroup]
2025-08-17T21:15:51.8429340Z ##[group]Creating a new builder instance
2025-08-17T21:15:51.9808117Z [command]/usr/bin/docker buildx create --name builder-37dbd775-3170-40b8-b87b-733c7d51ab4a --driver docker-container --buildkitd-flags --allow-insecure-entitlement security.insecure --allow-insecure-entitlement network.host --use
2025-08-17T21:15:52.0639248Z builder-37dbd775-3170-40b8-b87b-733c7d51ab4a
2025-08-17T21:15:52.0673489Z ##[endgroup]
2025-08-17T21:15:52.0674382Z ##[group]Booting builder
2025-08-17T21:15:52.0709792Z [command]/usr/bin/docker buildx inspect --bootstrap --builder builder-37dbd775-3170-40b8-b87b-733c7d51ab4a
2025-08-17T21:15:52.1191907Z #1 [internal] booting buildkit
2025-08-17T21:15:52.2700892Z #1 pulling image moby/buildkit:buildx-stable-1
2025-08-17T21:15:55.4856595Z #1 pulling image moby/buildkit:buildx-stable-1 3.4s done
2025-08-17T21:15:55.6369346Z #1 creating container buildx_buildkit_builder-37dbd775-3170-40b8-b87b-733c7d51ab4a0
2025-08-17T21:15:55.7264744Z #1 creating container buildx_buildkit_builder-37dbd775-3170-40b8-b87b-733c7d51ab4a0 0.2s done
2025-08-17T21:15:55.7337715Z #1 DONE 3.6s
2025-08-17T21:15:55.7671649Z Name:          builder-37dbd775-3170-40b8-b87b-733c7d51ab4a
2025-08-17T21:15:55.7673068Z Driver:        docker-container
2025-08-17T21:15:55.7673636Z Last Activity: 2025-08-17 21:15:52 +0000 UTC
2025-08-17T21:15:55.7673960Z 
2025-08-17T21:15:55.7674358Z Nodes:
2025-08-17T21:15:55.7674814Z Name:                  builder-37dbd775-3170-40b8-b87b-733c7d51ab4a0
2025-08-17T21:15:55.7675763Z Endpoint:              unix:///var/run/docker.sock
2025-08-17T21:15:55.7676380Z Status:                running
2025-08-17T21:15:55.7677320Z BuildKit daemon flags: --allow-insecure-entitlement security.insecure --allow-insecure-entitlement network.host
2025-08-17T21:15:55.7678216Z BuildKit version:      v0.22.0
2025-08-17T21:15:55.7679100Z Platforms:             linux/amd64, linux/amd64/v2, linux/amd64/v3, linux/386
2025-08-17T21:15:55.7679706Z Labels:
2025-08-17T21:15:55.7680137Z  org.mobyproject.buildkit.worker.executor:         oci
2025-08-17T21:15:55.7681290Z  org.mobyproject.buildkit.worker.hostname:         6617e9d89774
2025-08-17T21:15:55.7681984Z  org.mobyproject.buildkit.worker.network:          host
2025-08-17T21:15:55.7682704Z  org.mobyproject.buildkit.worker.oci.process-mode: sandbox
2025-08-17T21:15:55.7683503Z  org.mobyproject.buildkit.worker.selinux.enabled:  false
2025-08-17T21:15:55.7684188Z  org.mobyproject.buildkit.worker.snapshotter:      overlayfs
2025-08-17T21:15:55.7684797Z GC Policy rule#0:
2025-08-17T21:15:55.7685250Z  All:            false
2025-08-17T21:15:55.7685877Z  Filters:        type==source.local,type==exec.cachemount,type==source.git.checkout
2025-08-17T21:15:55.7686513Z  Keep Duration:  48h0m0s
2025-08-17T21:15:55.7686985Z  Max Used Space: 488.3MiB
2025-08-17T21:15:55.7687430Z GC Policy rule#1:
2025-08-17T21:15:55.7687771Z  All:            false
2025-08-17T21:15:55.7688263Z  Keep Duration:  1440h0m0s
2025-08-17T21:15:55.7688672Z  Reserved Space: 7.451GiB
2025-08-17T21:15:55.7689092Z  Max Used Space: 54.02GiB
2025-08-17T21:15:55.7689451Z  Min Free Space: 13.97GiB
2025-08-17T21:15:55.7689943Z GC Policy rule#2:
2025-08-17T21:15:55.7690280Z  All:            false
2025-08-17T21:15:55.7690863Z  Reserved Space: 7.451GiB
2025-08-17T21:15:55.7691367Z  Max Used Space: 54.02GiB
2025-08-17T21:15:55.7691743Z  Min Free Space: 13.97GiB
2025-08-17T21:15:55.7692137Z GC Policy rule#3:
2025-08-17T21:15:55.7692546Z  All:            true
2025-08-17T21:15:55.7692952Z  Reserved Space: 7.451GiB
2025-08-17T21:15:55.7693379Z  Max Used Space: 54.02GiB
2025-08-17T21:15:55.7774158Z  Min Free Space: 13.97GiB
2025-08-17T21:15:55.7775177Z ##[endgroup]
2025-08-17T21:15:55.8542449Z ##[group]Inspect builder
2025-08-17T21:15:55.8544987Z {
2025-08-17T21:15:55.8545228Z   "nodes": [
2025-08-17T21:15:55.8545487Z     {
2025-08-17T21:15:55.8545861Z       "name": "builder-37dbd775-3170-40b8-b87b-733c7d51ab4a0",
2025-08-17T21:15:55.8546363Z       "endpoint": "unix:///var/run/docker.sock",
2025-08-17T21:15:55.8546636Z       "status": "running",
2025-08-17T21:15:55.8547097Z       "buildkitd-flags": "--allow-insecure-entitlement security.insecure --allow-insecure-entitlement network.host",
2025-08-17T21:15:55.8547565Z       "buildkit": "v0.22.0",
2025-08-17T21:15:55.8547858Z       "platforms": "linux/amd64,linux/amd64/v2,linux/amd64/v3,linux/386",
2025-08-17T21:15:55.8548196Z       "features": {
2025-08-17T21:15:55.8548562Z         "Automatically load images to the Docker Engine image store": true,
2025-08-17T21:15:55.8548972Z         "Cache export": true,
2025-08-17T21:15:55.8549184Z         "Direct push": true,
2025-08-17T21:15:55.8549475Z         "Docker exporter": true,
2025-08-17T21:15:55.8549766Z         "Multi-platform build": true,
2025-08-17T21:15:55.8549995Z         "OCI exporter": true
2025-08-17T21:15:55.8550175Z       },
2025-08-17T21:15:55.8550494Z       "labels": {
2025-08-17T21:15:55.8550870Z         "org.mobyproject.buildkit.worker.executor": "oci",
2025-08-17T21:15:55.8551251Z         "org.mobyproject.buildkit.worker.hostname": "6617e9d89774",
2025-08-17T21:15:55.8551595Z         "org.mobyproject.buildkit.worker.network": "host",
2025-08-17T21:15:55.8552179Z         "org.mobyproject.buildkit.worker.oci.process-mode": "sandbox",
2025-08-17T21:15:55.8552687Z         "org.mobyproject.buildkit.worker.selinux.enabled": "false",
2025-08-17T21:15:55.8553105Z         "org.mobyproject.buildkit.worker.snapshotter": "overlayfs"
2025-08-17T21:15:55.8553494Z       },
2025-08-17T21:15:55.8553649Z       "gcPolicy": [
2025-08-17T21:15:55.8554101Z         {
2025-08-17T21:15:55.8554265Z           "all": false,
2025-08-17T21:15:55.8554436Z           "filter": [
2025-08-17T21:15:55.8554621Z             "type==source.local",
2025-08-17T21:15:55.8554844Z             "type==exec.cachemount",
2025-08-17T21:15:55.8555071Z             "type==source.git.checkout"
2025-08-17T21:15:55.8555430Z           ],
2025-08-17T21:15:55.8555591Z           "keepDuration": "48h0m0s",
2025-08-17T21:15:55.8555810Z           "maxUsedSpace": "488.3MiB"
2025-08-17T21:15:55.8556004Z         },
2025-08-17T21:15:55.8556154Z         {
2025-08-17T21:15:55.8556296Z           "all": false,
2025-08-17T21:15:55.8556492Z           "keepDuration": "1440h0m0s",
2025-08-17T21:15:55.8556709Z           "reservedSpace": "7.451GiB",
2025-08-17T21:15:55.8556930Z           "maxUsedSpace": "54.02GiB",
2025-08-17T21:15:55.8557138Z           "minFreeSpace": "13.97GiB"
2025-08-17T21:15:55.8557334Z         },
2025-08-17T21:15:55.8557479Z         {
2025-08-17T21:15:55.8557628Z           "all": false,
2025-08-17T21:15:55.8557816Z           "reservedSpace": "7.451GiB",
2025-08-17T21:15:55.8558033Z           "maxUsedSpace": "54.02GiB",
2025-08-17T21:15:55.8558249Z           "minFreeSpace": "13.97GiB"
2025-08-17T21:15:55.8558439Z         },
2025-08-17T21:15:55.8558583Z         {
2025-08-17T21:15:55.8558731Z           "all": true,
2025-08-17T21:15:55.8558914Z           "reservedSpace": "7.451GiB",
2025-08-17T21:15:55.8559123Z           "maxUsedSpace": "54.02GiB",
2025-08-17T21:15:55.8559335Z           "minFreeSpace": "13.97GiB"
2025-08-17T21:15:55.8559531Z         }
2025-08-17T21:15:55.8559666Z       ]
2025-08-17T21:15:55.8559810Z     }
2025-08-17T21:15:55.8559944Z   ],
2025-08-17T21:15:55.8560146Z   "name": "builder-37dbd775-3170-40b8-b87b-733c7d51ab4a",
2025-08-17T21:15:55.8560662Z   "driver": "docker-container",
2025-08-17T21:15:55.8560899Z   "lastActivity": "2025-08-17T21:15:52.000Z"
2025-08-17T21:15:55.8561114Z }
2025-08-17T21:15:55.8561419Z ##[endgroup]
2025-08-17T21:15:55.8561729Z ##[group]BuildKit version
2025-08-17T21:15:55.8561986Z builder-37dbd775-3170-40b8-b87b-733c7d51ab4a0: v0.22.0
2025-08-17T21:15:55.8562358Z ##[endgroup]
2025-08-17T21:15:55.8698189Z ##[group]Run docker/login-action@v3
2025-08-17T21:15:55.8698441Z with:
2025-08-17T21:15:55.8698612Z   registry: ghcr.io
2025-08-17T21:15:55.8698802Z   username: AlexBomber12
2025-08-17T21:15:55.8699240Z   password: ***
2025-08-17T21:15:55.8699425Z   ecr: auto
2025-08-17T21:15:55.8699578Z   logout: true
2025-08-17T21:15:55.8699749Z ##[endgroup]
2025-08-17T21:15:56.2140604Z Logging into ghcr.io...
2025-08-17T21:15:56.6697046Z Login Succeeded!
2025-08-17T21:15:56.6815573Z ##[group]Run export COMPOSE_DOCKER_CLI_BUILD=1 DOCKER_BUILDKIT=1
2025-08-17T21:15:56.6816031Z [36;1mexport COMPOSE_DOCKER_CLI_BUILD=1 DOCKER_BUILDKIT=1[0m
2025-08-17T21:15:56.6816335Z [36;1mdocker compose \[0m
2025-08-17T21:15:56.6816564Z [36;1m  -f docker-compose.yml \[0m
2025-08-17T21:15:56.6816827Z [36;1m  -f docker-compose.postgres.yml \[0m
2025-08-17T21:15:56.6817076Z [36;1m  push api[0m
2025-08-17T21:15:56.6888617Z shell: /usr/bin/bash -e {0}
2025-08-17T21:15:56.6888848Z ##[endgroup]
2025-08-17T21:15:56.8435397Z time="2025-08-17T21:15:56Z" level=warning msg="/home/runner/work/AWA-App/AWA-App/docker-compose.postgres.yml: the attribute `version` is obsolete, it will be ignored, please remove it to avoid potential confusion"
2025-08-17T21:15:56.8788873Z  api Skipped 
2025-08-17T21:15:56.8868097Z Post job cleanup.
2025-08-17T21:15:57.2242400Z [command]/usr/bin/docker logout ghcr.io
2025-08-17T21:15:57.2374689Z Removing login credentials for ghcr.io
2025-08-17T21:15:57.2407393Z ##[group]Post cache
2025-08-17T21:15:57.2409431Z State not set
2025-08-17T21:15:57.2411359Z ##[endgroup]
2025-08-17T21:15:57.2540011Z Post job cleanup.
2025-08-17T21:15:57.5254761Z ##[group]Removing builder
2025-08-17T21:15:57.6288827Z [command]/usr/bin/docker buildx rm builder-37dbd775-3170-40b8-b87b-733c7d51ab4a
2025-08-17T21:15:57.7678353Z builder-37dbd775-3170-40b8-b87b-733c7d51ab4a removed
2025-08-17T21:15:57.7715959Z ##[endgroup]
2025-08-17T21:15:57.7717243Z ##[group]Cleaning up certificates
2025-08-17T21:15:57.7724738Z ##[endgroup]
2025-08-17T21:15:57.7725475Z ##[group]Post cache
2025-08-17T21:15:57.7727724Z State not set
2025-08-17T21:15:57.7728517Z ##[endgroup]
2025-08-17T21:15:57.7847957Z Post job cleanup.
2025-08-17T21:15:57.8774302Z [command]/usr/bin/git version
2025-08-17T21:15:57.8810565Z git version 2.50.1
2025-08-17T21:15:57.8857141Z Temporarily overriding HOME='/home/runner/work/_temp/45a82ae6-c5bd-4cfc-a58f-3971c1d09e08' before making global git config changes
2025-08-17T21:15:57.8858361Z Adding repository directory to the temporary git global config as a safe directory
2025-08-17T21:15:57.8870584Z [command]/usr/bin/git config --global --add safe.directory /home/runner/work/AWA-App/AWA-App
2025-08-17T21:15:57.8904137Z [command]/usr/bin/git config --local --name-only --get-regexp core\.sshCommand
2025-08-17T21:15:57.8936061Z [command]/usr/bin/git submodule foreach --recursive sh -c "git config --local --name-only --get-regexp 'core\.sshCommand' && git config --local --unset-all 'core.sshCommand' || :"
2025-08-17T21:15:57.9158699Z [command]/usr/bin/git config --local --name-only --get-regexp http\.https\:\/\/github\.com\/\.extraheader
2025-08-17T21:15:57.9179317Z http.https://github.com/.extraheader
2025-08-17T21:15:57.9191649Z [command]/usr/bin/git config --local --unset-all http.https://github.com/.extraheader
2025-08-17T21:15:57.9220868Z [command]/usr/bin/git submodule foreach --recursive sh -c "git config --local --name-only --get-regexp 'http\.https\:\/\/github\.com\/\.extraheader' && git config --local --unset-all 'http.https://github.com/.extraheader' || :"
2025-08-17T21:15:57.9545842Z Cleaning up orphan processes
