2025-08-20T07:50:19.0571607Z Current runner version: '2.327.1'
2025-08-20T07:50:19.0594865Z ##[group]Runner Image Provisioner
2025-08-20T07:50:19.0595601Z Hosted Compute Agent
2025-08-20T07:50:19.0596243Z Version: 20250818.377
2025-08-20T07:50:19.0596815Z Commit: 3c593e9f75fe0b87e893bca80d6e12ba089c61fc
2025-08-20T07:50:19.0597591Z Build Date: 2025-08-18T14:52:18Z
2025-08-20T07:50:19.0598236Z ##[endgroup]
2025-08-20T07:50:19.0598727Z ##[group]Operating System
2025-08-20T07:50:19.0599286Z Ubuntu
2025-08-20T07:50:19.0599766Z 24.04.2
2025-08-20T07:50:19.0600248Z LTS
2025-08-20T07:50:19.0600708Z ##[endgroup]
2025-08-20T07:50:19.0601248Z ##[group]Runner Image
2025-08-20T07:50:19.0601811Z Image: ubuntu-24.04
2025-08-20T07:50:19.0602367Z Version: 20250810.1.0
2025-08-20T07:50:19.0603404Z Included Software: https://github.com/actions/runner-images/blob/ubuntu24/20250810.1/images/ubuntu/Ubuntu2404-Readme.md
2025-08-20T07:50:19.0605051Z Image Release: https://github.com/actions/runner-images/releases/tag/ubuntu24%2F20250810.1
2025-08-20T07:50:19.0606181Z ##[endgroup]
2025-08-20T07:50:19.0608503Z ##[group]GITHUB_TOKEN Permissions
2025-08-20T07:50:19.0610433Z Actions: write
2025-08-20T07:50:19.0611010Z Attestations: write
2025-08-20T07:50:19.0611534Z Checks: write
2025-08-20T07:50:19.0612094Z Contents: write
2025-08-20T07:50:19.0612620Z Deployments: write
2025-08-20T07:50:19.0613098Z Discussions: write
2025-08-20T07:50:19.0613633Z Issues: write
2025-08-20T07:50:19.0614383Z Metadata: read
2025-08-20T07:50:19.0614930Z Models: read
2025-08-20T07:50:19.0615395Z Packages: write
2025-08-20T07:50:19.0616015Z Pages: write
2025-08-20T07:50:19.0616467Z PullRequests: write
2025-08-20T07:50:19.0617077Z RepositoryProjects: write
2025-08-20T07:50:19.0617671Z SecurityEvents: write
2025-08-20T07:50:19.0618295Z Statuses: write
2025-08-20T07:50:19.0618837Z ##[endgroup]
2025-08-20T07:50:19.0621123Z Secret source: Actions
2025-08-20T07:50:19.0622163Z Prepare workflow directory
2025-08-20T07:50:19.0935301Z Prepare all required actions
2025-08-20T07:50:19.0972516Z Getting action download info
2025-08-20T07:50:19.4142248Z Download action repository 'actions/checkout@v4' (SHA:08eba0b27e820071cde6df949e0beb9ba4906955)
2025-08-20T07:50:19.6418103Z Download action repository 'docker/setup-buildx-action@v3' (SHA:e468171a9de216ec08956ac3ada2f0791b6bd435)
2025-08-20T07:50:19.9221620Z Download action repository 'docker/login-action@v3' (SHA:184bdaa0721073962dff0199f1fb9940f07167d1)
2025-08-20T07:50:20.3400471Z Complete job name: push-image
2025-08-20T07:50:20.4106369Z ##[group]Run actions/checkout@v4
2025-08-20T07:50:20.4107359Z with:
2025-08-20T07:50:20.4107858Z   repository: AlexBomber12/AWA-App
2025-08-20T07:50:20.4108799Z   token: ***
2025-08-20T07:50:20.4109271Z   ssh-strict: true
2025-08-20T07:50:20.4109759Z   ssh-user: git
2025-08-20T07:50:20.4110283Z   persist-credentials: true
2025-08-20T07:50:20.4110882Z   clean: true
2025-08-20T07:50:20.4111401Z   sparse-checkout-cone-mode: true
2025-08-20T07:50:20.4112060Z   fetch-depth: 1
2025-08-20T07:50:20.4112555Z   fetch-tags: false
2025-08-20T07:50:20.4113097Z   show-progress: true
2025-08-20T07:50:20.4113631Z   lfs: false
2025-08-20T07:50:20.4114347Z   submodules: false
2025-08-20T07:50:20.4114902Z   set-safe-directory: true
2025-08-20T07:50:20.4116119Z ##[endgroup]
2025-08-20T07:50:20.5180466Z Syncing repository: AlexBomber12/AWA-App
2025-08-20T07:50:20.5182602Z ##[group]Getting Git version info
2025-08-20T07:50:20.5183598Z Working directory is '/home/runner/work/AWA-App/AWA-App'
2025-08-20T07:50:20.5185401Z [command]/usr/bin/git version
2025-08-20T07:50:20.5208251Z git version 2.50.1
2025-08-20T07:50:20.5233740Z ##[endgroup]
2025-08-20T07:50:20.5247984Z Temporarily overriding HOME='/home/runner/work/_temp/a6e23610-fc97-40fa-a354-9de84bebeaa7' before making global git config changes
2025-08-20T07:50:20.5259087Z Adding repository directory to the temporary git global config as a safe directory
2025-08-20T07:50:20.5260882Z [command]/usr/bin/git config --global --add safe.directory /home/runner/work/AWA-App/AWA-App
2025-08-20T07:50:20.5290701Z Deleting the contents of '/home/runner/work/AWA-App/AWA-App'
2025-08-20T07:50:20.5294465Z ##[group]Initializing the repository
2025-08-20T07:50:20.5298375Z [command]/usr/bin/git init /home/runner/work/AWA-App/AWA-App
2025-08-20T07:50:20.5357409Z hint: Using 'master' as the name for the initial branch. This default branch name
2025-08-20T07:50:20.5359930Z hint: is subject to change. To configure the initial branch name to use in all
2025-08-20T07:50:20.5361958Z hint: of your new repositories, which will suppress this warning, call:
2025-08-20T07:50:20.5362985Z hint:
2025-08-20T07:50:20.5363819Z hint: 	git config --global init.defaultBranch <name>
2025-08-20T07:50:20.5365096Z hint:
2025-08-20T07:50:20.5366186Z hint: Names commonly chosen instead of 'master' are 'main', 'trunk' and
2025-08-20T07:50:20.5367791Z hint: 'development'. The just-created branch can be renamed via this command:
2025-08-20T07:50:20.5368987Z hint:
2025-08-20T07:50:20.5369477Z hint: 	git branch -m <name>
2025-08-20T07:50:20.5370060Z hint:
2025-08-20T07:50:20.5371297Z hint: Disable this message with "git config set advice.defaultBranchName false"
2025-08-20T07:50:20.5373803Z Initialized empty Git repository in /home/runner/work/AWA-App/AWA-App/.git/
2025-08-20T07:50:20.5376440Z [command]/usr/bin/git remote add origin https://github.com/AlexBomber12/AWA-App
2025-08-20T07:50:20.5403663Z ##[endgroup]
2025-08-20T07:50:20.5405179Z ##[group]Disabling automatic garbage collection
2025-08-20T07:50:20.5406904Z [command]/usr/bin/git config --local gc.auto 0
2025-08-20T07:50:20.5434855Z ##[endgroup]
2025-08-20T07:50:20.5436164Z ##[group]Setting up auth
2025-08-20T07:50:20.5440873Z [command]/usr/bin/git config --local --name-only --get-regexp core\.sshCommand
2025-08-20T07:50:20.5470159Z [command]/usr/bin/git submodule foreach --recursive sh -c "git config --local --name-only --get-regexp 'core\.sshCommand' && git config --local --unset-all 'core.sshCommand' || :"
2025-08-20T07:50:20.5721317Z [command]/usr/bin/git config --local --name-only --get-regexp http\.https\:\/\/github\.com\/\.extraheader
2025-08-20T07:50:20.5749576Z [command]/usr/bin/git submodule foreach --recursive sh -c "git config --local --name-only --get-regexp 'http\.https\:\/\/github\.com\/\.extraheader' && git config --local --unset-all 'http.https://github.com/.extraheader' || :"
2025-08-20T07:50:20.5970133Z [command]/usr/bin/git config --local http.https://github.com/.extraheader AUTHORIZATION: basic ***
2025-08-20T07:50:20.6002943Z ##[endgroup]
2025-08-20T07:50:20.6004589Z ##[group]Fetching the repository
2025-08-20T07:50:20.6022739Z [command]/usr/bin/git -c protocol.version=2 fetch --no-tags --prune --no-recurse-submodules --depth=1 origin +0850a76ac5626ca2a4b0d48de9d1cf9ba1b4adaf:refs/remotes/origin/main
2025-08-20T07:50:20.8358358Z From https://github.com/AlexBomber12/AWA-App
2025-08-20T07:50:20.8360236Z  * [new ref]         0850a76ac5626ca2a4b0d48de9d1cf9ba1b4adaf -> origin/main
2025-08-20T07:50:20.8383708Z ##[endgroup]
2025-08-20T07:50:20.8385931Z ##[group]Determining the checkout info
2025-08-20T07:50:20.8388181Z ##[endgroup]
2025-08-20T07:50:20.8391931Z [command]/usr/bin/git sparse-checkout disable
2025-08-20T07:50:20.8430266Z [command]/usr/bin/git config --local --unset-all extensions.worktreeConfig
2025-08-20T07:50:20.8458379Z ##[group]Checking out the ref
2025-08-20T07:50:20.8462005Z [command]/usr/bin/git checkout --progress --force -B main refs/remotes/origin/main
2025-08-20T07:50:20.8808695Z Switched to a new branch 'main'
2025-08-20T07:50:20.8811820Z branch 'main' set up to track 'origin/main'.
2025-08-20T07:50:20.8819638Z ##[endgroup]
2025-08-20T07:50:20.8851139Z [command]/usr/bin/git log -1 --format=%H
2025-08-20T07:50:20.8872601Z 0850a76ac5626ca2a4b0d48de9d1cf9ba1b4adaf
2025-08-20T07:50:20.9141864Z ##[group]Run docker/setup-buildx-action@v3
2025-08-20T07:50:20.9143028Z with:
2025-08-20T07:50:20.9143842Z   driver: docker-container
2025-08-20T07:50:20.9144943Z   install: false
2025-08-20T07:50:20.9145789Z   use: true
2025-08-20T07:50:20.9146604Z   keep-state: false
2025-08-20T07:50:20.9147677Z   cache-binary: true
2025-08-20T07:50:20.9148552Z   cleanup: true
2025-08-20T07:50:20.9149393Z ##[endgroup]
2025-08-20T07:50:21.2059139Z ##[group]Docker info
2025-08-20T07:50:21.2081116Z [command]/usr/bin/docker version
2025-08-20T07:50:21.2492278Z Client: Docker Engine - Community
2025-08-20T07:50:21.2495687Z  Version:           28.0.4
2025-08-20T07:50:21.2497200Z  API version:       1.48
2025-08-20T07:50:21.2498602Z  Go version:        go1.23.7
2025-08-20T07:50:21.2499581Z  Git commit:        b8034c0
2025-08-20T07:50:21.2500539Z  Built:             Tue Mar 25 15:07:16 2025
2025-08-20T07:50:21.2501607Z  OS/Arch:           linux/amd64
2025-08-20T07:50:21.2503103Z  Context:           default
2025-08-20T07:50:21.2504371Z 
2025-08-20T07:50:21.2505028Z Server: Docker Engine - Community
2025-08-20T07:50:21.2506682Z  Engine:
2025-08-20T07:50:21.2507934Z   Version:          28.0.4
2025-08-20T07:50:21.2509609Z   API version:      1.48 (minimum version 1.24)
2025-08-20T07:50:21.2511533Z   Go version:       go1.23.7
2025-08-20T07:50:21.2513165Z   Git commit:       6430e49
2025-08-20T07:50:21.2515095Z   Built:            Tue Mar 25 15:07:16 2025
2025-08-20T07:50:21.2516911Z   OS/Arch:          linux/amd64
2025-08-20T07:50:21.2518610Z   Experimental:     false
2025-08-20T07:50:21.2520140Z  containerd:
2025-08-20T07:50:21.2521490Z   Version:          1.7.27
2025-08-20T07:50:21.2523351Z   GitCommit:        05044ec0a9a75232cad458027ca83437aae3f4da
2025-08-20T07:50:21.2525658Z  runc:
2025-08-20T07:50:21.2526923Z   Version:          1.2.5
2025-08-20T07:50:21.2528494Z   GitCommit:        v1.2.5-0-g59923ef
2025-08-20T07:50:21.2530208Z  docker-init:
2025-08-20T07:50:21.2531556Z   Version:          0.19.0
2025-08-20T07:50:21.2533051Z   GitCommit:        de40ad0
2025-08-20T07:50:21.2551265Z [command]/usr/bin/docker info
2025-08-20T07:50:23.0207864Z Client: Docker Engine - Community
2025-08-20T07:50:23.0209396Z  Version:    28.0.4
2025-08-20T07:50:23.0209789Z  Context:    default
2025-08-20T07:50:23.0210142Z  Debug Mode: false
2025-08-20T07:50:23.0210584Z  Plugins:
2025-08-20T07:50:23.0210979Z   buildx: Docker Buildx (Docker Inc.)
2025-08-20T07:50:23.0211434Z     Version:  v0.26.1
2025-08-20T07:50:23.0211963Z     Path:     /usr/libexec/docker/cli-plugins/docker-buildx
2025-08-20T07:50:23.0212525Z   compose: Docker Compose (Docker Inc.)
2025-08-20T07:50:23.0212975Z     Version:  v2.38.2
2025-08-20T07:50:23.0213476Z     Path:     /usr/libexec/docker/cli-plugins/docker-compose
2025-08-20T07:50:23.0213844Z 
2025-08-20T07:50:23.0214184Z Server:
2025-08-20T07:50:23.0214530Z  Containers: 0
2025-08-20T07:50:23.0214972Z   Running: 0
2025-08-20T07:50:23.0215313Z   Paused: 0
2025-08-20T07:50:23.0215550Z   Stopped: 0
2025-08-20T07:50:23.0215918Z  Images: 0
2025-08-20T07:50:23.0216134Z  Server Version: 28.0.4
2025-08-20T07:50:23.0216380Z  Storage Driver: overlay2
2025-08-20T07:50:23.0216639Z   Backing Filesystem: extfs
2025-08-20T07:50:23.0216891Z   Supports d_type: true
2025-08-20T07:50:23.0217135Z   Using metacopy: false
2025-08-20T07:50:23.0217382Z   Native Overlay Diff: false
2025-08-20T07:50:23.0217643Z   userxattr: false
2025-08-20T07:50:23.0217875Z  Logging Driver: json-file
2025-08-20T07:50:23.0218127Z  Cgroup Driver: systemd
2025-08-20T07:50:23.0218372Z  Cgroup Version: 2
2025-08-20T07:50:23.0218729Z  Plugins:
2025-08-20T07:50:23.0219209Z   Volume: local
2025-08-20T07:50:23.0219690Z   Network: bridge host ipvlan macvlan null overlay
2025-08-20T07:50:23.0220570Z   Log: awslogs fluentd gcplogs gelf journald json-file local splunk syslog
2025-08-20T07:50:23.0221266Z  Swarm: inactive
2025-08-20T07:50:23.0221726Z  Runtimes: io.containerd.runc.v2 runc
2025-08-20T07:50:23.0222210Z  Default Runtime: runc
2025-08-20T07:50:23.0223048Z  Init Binary: docker-init
2025-08-20T07:50:23.0223606Z  containerd version: 05044ec0a9a75232cad458027ca83437aae3f4da
2025-08-20T07:50:23.0224520Z  runc version: v1.2.5-0-g59923ef
2025-08-20T07:50:23.0224982Z  init version: de40ad0
2025-08-20T07:50:23.0225367Z  Security Options:
2025-08-20T07:50:23.0225744Z   apparmor
2025-08-20T07:50:23.0226375Z   seccomp
2025-08-20T07:50:23.0226735Z    Profile: builtin
2025-08-20T07:50:23.0227084Z   cgroupns
2025-08-20T07:50:23.0227437Z  Kernel Version: 6.11.0-1018-azure
2025-08-20T07:50:23.0227911Z  Operating System: Ubuntu 24.04.2 LTS
2025-08-20T07:50:23.0228381Z  OSType: linux
2025-08-20T07:50:23.0228768Z  Architecture: x86_64
2025-08-20T07:50:23.0229175Z  CPUs: 4
2025-08-20T07:50:23.0229530Z  Total Memory: 15.62GiB
2025-08-20T07:50:23.0229943Z  Name: pkrvmubgrv54qmi
2025-08-20T07:50:23.0230388Z  ID: 2166c256-3f30-4fc2-abf1-e8d653854173
2025-08-20T07:50:23.0230900Z  Docker Root Dir: /var/lib/docker
2025-08-20T07:50:23.0231357Z  Debug Mode: false
2025-08-20T07:50:23.0231813Z  Username: githubactions
2025-08-20T07:50:23.0232299Z  Experimental: false
2025-08-20T07:50:23.0232738Z  Insecure Registries:
2025-08-20T07:50:23.0238115Z   ::1/128
2025-08-20T07:50:23.0238605Z   127.0.0.0/8
2025-08-20T07:50:23.0239238Z  Live Restore Enabled: false
2025-08-20T07:50:23.0239618Z 
2025-08-20T07:50:23.0240642Z ##[endgroup]
2025-08-20T07:50:23.1131878Z ##[group]Buildx version
2025-08-20T07:50:23.1152270Z [command]/usr/bin/docker buildx version
2025-08-20T07:50:23.1614887Z github.com/docker/buildx v0.26.1 1a8287f22cf5a38339a4c1bf432b803c5f8b2aae
2025-08-20T07:50:23.1644569Z ##[endgroup]
2025-08-20T07:50:23.1793903Z ##[group]Inspecting default docker context
2025-08-20T07:50:23.1929368Z [
2025-08-20T07:50:23.1930100Z   {
2025-08-20T07:50:23.1930645Z     "Name": "default",
2025-08-20T07:50:23.1931195Z     "Metadata": {},
2025-08-20T07:50:23.1931876Z     "Endpoints": {
2025-08-20T07:50:23.1932419Z       "docker": {
2025-08-20T07:50:23.1933096Z         "Host": "unix:///var/run/docker.sock",
2025-08-20T07:50:23.1933954Z         "SkipTLSVerify": false
2025-08-20T07:50:23.1934861Z       }
2025-08-20T07:50:23.1935343Z     },
2025-08-20T07:50:23.1936018Z     "TLSMaterial": {},
2025-08-20T07:50:23.1936681Z     "Storage": {
2025-08-20T07:50:23.1937316Z       "MetadataPath": "<IN MEMORY>",
2025-08-20T07:50:23.1938187Z       "TLSPath": "<IN MEMORY>"
2025-08-20T07:50:23.1938810Z     }
2025-08-20T07:50:23.1939360Z   }
2025-08-20T07:50:23.1939913Z ]
2025-08-20T07:50:23.1941055Z ##[endgroup]
2025-08-20T07:50:23.1942169Z ##[group]Creating a new builder instance
2025-08-20T07:50:23.3247633Z [command]/usr/bin/docker buildx create --name builder-bb134eb4-1e38-4908-8fea-a326431fca94 --driver docker-container --buildkitd-flags --allow-insecure-entitlement security.insecure --allow-insecure-entitlement network.host --use
2025-08-20T07:50:23.3775438Z builder-bb134eb4-1e38-4908-8fea-a326431fca94
2025-08-20T07:50:23.3807564Z ##[endgroup]
2025-08-20T07:50:23.3808402Z ##[group]Booting builder
2025-08-20T07:50:23.3844880Z [command]/usr/bin/docker buildx inspect --bootstrap --builder builder-bb134eb4-1e38-4908-8fea-a326431fca94
2025-08-20T07:50:23.4315718Z #1 [internal] booting buildkit
2025-08-20T07:50:23.5822651Z #1 pulling image moby/buildkit:buildx-stable-1
2025-08-20T07:50:25.1407285Z #1 pulling image moby/buildkit:buildx-stable-1 1.7s done
2025-08-20T07:50:25.2919631Z #1 creating container buildx_buildkit_builder-bb134eb4-1e38-4908-8fea-a326431fca940
2025-08-20T07:50:25.4924593Z #1 creating container buildx_buildkit_builder-bb134eb4-1e38-4908-8fea-a326431fca940 0.4s done
2025-08-20T07:50:25.4971434Z #1 DONE 2.1s
2025-08-20T07:50:25.5257551Z Name:          builder-bb134eb4-1e38-4908-8fea-a326431fca94
2025-08-20T07:50:25.5260117Z Driver:        docker-container
2025-08-20T07:50:25.5260628Z Last Activity: 2025-08-20 07:50:23 +0000 UTC
2025-08-20T07:50:25.5260925Z 
2025-08-20T07:50:25.5261240Z Nodes:
2025-08-20T07:50:25.5261727Z Name:                  builder-bb134eb4-1e38-4908-8fea-a326431fca940
2025-08-20T07:50:25.5262734Z Endpoint:              unix:///var/run/docker.sock
2025-08-20T07:50:25.5263385Z Status:                running
2025-08-20T07:50:25.5264427Z BuildKit daemon flags: --allow-insecure-entitlement security.insecure --allow-insecure-entitlement network.host
2025-08-20T07:50:25.5265294Z BuildKit version:      v0.23.2
2025-08-20T07:50:25.5266261Z Platforms:             linux/amd64, linux/amd64/v2, linux/amd64/v3, linux/386
2025-08-20T07:50:25.5266980Z Labels:
2025-08-20T07:50:25.5267418Z  org.mobyproject.buildkit.worker.executor:         oci
2025-08-20T07:50:25.5268269Z  org.mobyproject.buildkit.worker.hostname:         48a3b9332a5d
2025-08-20T07:50:25.5269027Z  org.mobyproject.buildkit.worker.network:          host
2025-08-20T07:50:25.5269701Z  org.mobyproject.buildkit.worker.oci.process-mode: sandbox
2025-08-20T07:50:25.5270532Z  org.mobyproject.buildkit.worker.selinux.enabled:  false
2025-08-20T07:50:25.5271319Z  org.mobyproject.buildkit.worker.snapshotter:      overlayfs
2025-08-20T07:50:25.5271982Z GC Policy rule#0:
2025-08-20T07:50:25.5272465Z  All:            false
2025-08-20T07:50:25.5273168Z  Filters:        type==source.local,type==exec.cachemount,type==source.git.checkout
2025-08-20T07:50:25.5273927Z  Keep Duration:  48h0m0s
2025-08-20T07:50:25.5274643Z  Max Used Space: 488.3MiB
2025-08-20T07:50:25.5275177Z GC Policy rule#1:
2025-08-20T07:50:25.5275575Z  All:            false
2025-08-20T07:50:25.5276077Z  Keep Duration:  1440h0m0s
2025-08-20T07:50:25.5276538Z  Reserved Space: 7.451GiB
2025-08-20T07:50:25.5277003Z  Max Used Space: 54.02GiB
2025-08-20T07:50:25.5277400Z  Min Free Space: 13.97GiB
2025-08-20T07:50:25.5278031Z GC Policy rule#2:
2025-08-20T07:50:25.5278413Z  All:            false
2025-08-20T07:50:25.5278805Z  Reserved Space: 7.451GiB
2025-08-20T07:50:25.5279351Z  Max Used Space: 54.02GiB
2025-08-20T07:50:25.5279743Z  Min Free Space: 13.97GiB
2025-08-20T07:50:25.5280176Z GC Policy rule#3:
2025-08-20T07:50:25.5280730Z  All:            true
2025-08-20T07:50:25.5281212Z  Reserved Space: 7.451GiB
2025-08-20T07:50:25.5281641Z  Max Used Space: 54.02GiB
2025-08-20T07:50:25.5282170Z  Min Free Space: 13.97GiB
2025-08-20T07:50:25.5307520Z ##[endgroup]
2025-08-20T07:50:25.6159660Z ##[group]Inspect builder
2025-08-20T07:50:25.6161883Z {
2025-08-20T07:50:25.6162133Z   "nodes": [
2025-08-20T07:50:25.6162402Z     {
2025-08-20T07:50:25.6163019Z       "name": "builder-bb134eb4-1e38-4908-8fea-a326431fca940",
2025-08-20T07:50:25.6163492Z       "endpoint": "unix:///var/run/docker.sock",
2025-08-20T07:50:25.6163756Z       "status": "running",
2025-08-20T07:50:25.6164619Z       "buildkitd-flags": "--allow-insecure-entitlement security.insecure --allow-insecure-entitlement network.host",
2025-08-20T07:50:25.6165201Z       "buildkit": "v0.23.2",
2025-08-20T07:50:25.6165505Z       "platforms": "linux/amd64,linux/amd64/v2,linux/amd64/v3,linux/386",
2025-08-20T07:50:25.6165827Z       "features": {
2025-08-20T07:50:25.6166120Z         "Automatically load images to the Docker Engine image store": true,
2025-08-20T07:50:25.6166639Z         "Cache export": true,
2025-08-20T07:50:25.6166884Z         "Direct push": true,
2025-08-20T07:50:25.6167113Z         "Docker exporter": true,
2025-08-20T07:50:25.6167365Z         "Multi-platform build": true,
2025-08-20T07:50:25.6167737Z         "OCI exporter": true
2025-08-20T07:50:25.6168050Z       },
2025-08-20T07:50:25.6168288Z       "labels": {
2025-08-20T07:50:25.6168648Z         "org.mobyproject.buildkit.worker.executor": "oci",
2025-08-20T07:50:25.6169008Z         "org.mobyproject.buildkit.worker.hostname": "48a3b9332a5d",
2025-08-20T07:50:25.6169430Z         "org.mobyproject.buildkit.worker.network": "host",
2025-08-20T07:50:25.6169953Z         "org.mobyproject.buildkit.worker.oci.process-mode": "sandbox",
2025-08-20T07:50:25.6170371Z         "org.mobyproject.buildkit.worker.selinux.enabled": "false",
2025-08-20T07:50:25.6170752Z         "org.mobyproject.buildkit.worker.snapshotter": "overlayfs"
2025-08-20T07:50:25.6171043Z       },
2025-08-20T07:50:25.6171200Z       "gcPolicy": [
2025-08-20T07:50:25.6171598Z         {
2025-08-20T07:50:25.6171769Z           "all": false,
2025-08-20T07:50:25.6171944Z           "filter": [
2025-08-20T07:50:25.6172130Z             "type==source.local",
2025-08-20T07:50:25.6172349Z             "type==exec.cachemount",
2025-08-20T07:50:25.6172580Z             "type==source.git.checkout"
2025-08-20T07:50:25.6172918Z           ],
2025-08-20T07:50:25.6173090Z           "keepDuration": "48h0m0s",
2025-08-20T07:50:25.6173306Z           "maxUsedSpace": "488.3MiB"
2025-08-20T07:50:25.6173503Z         },
2025-08-20T07:50:25.6173649Z         {
2025-08-20T07:50:25.6173793Z           "all": false,
2025-08-20T07:50:25.6174170Z           "keepDuration": "1440h0m0s",
2025-08-20T07:50:25.6174484Z           "reservedSpace": "7.451GiB",
2025-08-20T07:50:25.6174712Z           "maxUsedSpace": "54.02GiB",
2025-08-20T07:50:25.6174928Z           "minFreeSpace": "13.97GiB"
2025-08-20T07:50:25.6175130Z         },
2025-08-20T07:50:25.6175267Z         {
2025-08-20T07:50:25.6175423Z           "all": false,
2025-08-20T07:50:25.6175602Z           "reservedSpace": "7.451GiB",
2025-08-20T07:50:25.6175827Z           "maxUsedSpace": "54.02GiB",
2025-08-20T07:50:25.6176041Z           "minFreeSpace": "13.97GiB"
2025-08-20T07:50:25.6176234Z         },
2025-08-20T07:50:25.6176378Z         {
2025-08-20T07:50:25.6176526Z           "all": true,
2025-08-20T07:50:25.6176712Z           "reservedSpace": "7.451GiB",
2025-08-20T07:50:25.6176923Z           "maxUsedSpace": "54.02GiB",
2025-08-20T07:50:25.6177135Z           "minFreeSpace": "13.97GiB"
2025-08-20T07:50:25.6177326Z         }
2025-08-20T07:50:25.6177467Z       ]
2025-08-20T07:50:25.6177602Z     }
2025-08-20T07:50:25.6177740Z   ],
2025-08-20T07:50:25.6177936Z   "name": "builder-bb134eb4-1e38-4908-8fea-a326431fca94",
2025-08-20T07:50:25.6178221Z   "driver": "docker-container",
2025-08-20T07:50:25.6178446Z   "lastActivity": "2025-08-20T07:50:23.000Z"
2025-08-20T07:50:25.6178663Z }
2025-08-20T07:50:25.6178974Z ##[endgroup]
2025-08-20T07:50:25.6179278Z ##[group]BuildKit version
2025-08-20T07:50:25.6179565Z builder-bb134eb4-1e38-4908-8fea-a326431fca940: v0.23.2
2025-08-20T07:50:25.6180035Z ##[endgroup]
2025-08-20T07:50:25.6317795Z ##[group]Run docker/login-action@v3
2025-08-20T07:50:25.6318056Z with:
2025-08-20T07:50:25.6318239Z   registry: ghcr.io
2025-08-20T07:50:25.6318435Z   username: AlexBomber12
2025-08-20T07:50:25.6319019Z   password: ***
2025-08-20T07:50:25.6319203Z   ecr: auto
2025-08-20T07:50:25.6319365Z   logout: true
2025-08-20T07:50:25.6319532Z ##[endgroup]
2025-08-20T07:50:25.9573118Z Logging into ghcr.io...
2025-08-20T07:50:26.0786220Z Login Succeeded!
2025-08-20T07:50:26.0910758Z ##[group]Run export COMPOSE_DOCKER_CLI_BUILD=1 DOCKER_BUILDKIT=1
2025-08-20T07:50:26.0911238Z [36;1mexport COMPOSE_DOCKER_CLI_BUILD=1 DOCKER_BUILDKIT=1[0m
2025-08-20T07:50:26.0911537Z [36;1mdocker compose \[0m
2025-08-20T07:50:26.0911762Z [36;1m  -f docker-compose.yml \[0m
2025-08-20T07:50:26.0912028Z [36;1m  -f docker-compose.postgres.yml \[0m
2025-08-20T07:50:26.0912283Z [36;1m  push api[0m
2025-08-20T07:50:26.0984153Z shell: /usr/bin/bash -e {0}
2025-08-20T07:50:26.0984401Z ##[endgroup]
2025-08-20T07:50:26.4640316Z time="2025-08-20T07:50:26Z" level=warning msg="/home/runner/work/AWA-App/AWA-App/docker-compose.postgres.yml: the attribute `version` is obsolete, it will be ignored, please remove it to avoid potential confusion"
2025-08-20T07:50:26.5033010Z  api Skipped 
2025-08-20T07:50:26.5105346Z Post job cleanup.
2025-08-20T07:50:26.8372468Z [command]/usr/bin/docker logout ghcr.io
2025-08-20T07:50:26.8518748Z Removing login credentials for ghcr.io
2025-08-20T07:50:26.8548602Z ##[group]Post cache
2025-08-20T07:50:26.8550195Z State not set
2025-08-20T07:50:26.8551434Z ##[endgroup]
2025-08-20T07:50:26.8682379Z Post job cleanup.
2025-08-20T07:50:27.1451963Z ##[group]Removing builder
2025-08-20T07:50:27.2435624Z [command]/usr/bin/docker buildx rm builder-bb134eb4-1e38-4908-8fea-a326431fca94
2025-08-20T07:50:27.3752619Z builder-bb134eb4-1e38-4908-8fea-a326431fca94 removed
2025-08-20T07:50:27.3784862Z ##[endgroup]
2025-08-20T07:50:27.3786709Z ##[group]Cleaning up certificates
2025-08-20T07:50:27.3794808Z ##[endgroup]
2025-08-20T07:50:27.3795815Z ##[group]Post cache
2025-08-20T07:50:27.3798741Z State not set
2025-08-20T07:50:27.3799938Z ##[endgroup]
2025-08-20T07:50:27.3943293Z Post job cleanup.
2025-08-20T07:50:27.4860544Z [command]/usr/bin/git version
2025-08-20T07:50:27.4895406Z git version 2.50.1
2025-08-20T07:50:27.4939070Z Temporarily overriding HOME='/home/runner/work/_temp/718a9143-46f2-4ee6-be58-669711ed1c89' before making global git config changes
2025-08-20T07:50:27.4940233Z Adding repository directory to the temporary git global config as a safe directory
2025-08-20T07:50:27.4945423Z [command]/usr/bin/git config --global --add safe.directory /home/runner/work/AWA-App/AWA-App
2025-08-20T07:50:27.4980154Z [command]/usr/bin/git config --local --name-only --get-regexp core\.sshCommand
2025-08-20T07:50:27.5013096Z [command]/usr/bin/git submodule foreach --recursive sh -c "git config --local --name-only --get-regexp 'core\.sshCommand' && git config --local --unset-all 'core.sshCommand' || :"
2025-08-20T07:50:27.5236232Z [command]/usr/bin/git config --local --name-only --get-regexp http\.https\:\/\/github\.com\/\.extraheader
2025-08-20T07:50:27.5256759Z http.https://github.com/.extraheader
2025-08-20T07:50:27.5268630Z [command]/usr/bin/git config --local --unset-all http.https://github.com/.extraheader
2025-08-20T07:50:27.5298624Z [command]/usr/bin/git submodule foreach --recursive sh -c "git config --local --name-only --get-regexp 'http\.https\:\/\/github\.com\/\.extraheader' && git config --local --unset-all 'http.https://github.com/.extraheader' || :"
2025-08-20T07:50:27.5615230Z Cleaning up orphan processes
