2025-08-17T12:27:14.3459334Z Current runner version: '2.327.1'
2025-08-17T12:27:14.3493177Z ##[group]Runner Image Provisioner
2025-08-17T12:27:14.3494328Z Hosted Compute Agent
2025-08-17T12:27:14.3495213Z Version: 20250812.370
2025-08-17T12:27:14.3496329Z Commit: 4a2b2bf7520004e3e907c2150c8cabe342a3da32
2025-08-17T12:27:14.3497524Z Build Date: 2025-08-12T16:08:14Z
2025-08-17T12:27:14.3498757Z ##[endgroup]
2025-08-17T12:27:14.3499733Z ##[group]Operating System
2025-08-17T12:27:14.3500738Z Ubuntu
2025-08-17T12:27:14.3501466Z 24.04.2
2025-08-17T12:27:14.3502326Z LTS
2025-08-17T12:27:14.3503025Z ##[endgroup]
2025-08-17T12:27:14.3503840Z ##[group]Runner Image
2025-08-17T12:27:14.3504783Z Image: ubuntu-24.04
2025-08-17T12:27:14.3505696Z Version: 20250810.1.0
2025-08-17T12:27:14.3507513Z Included Software: https://github.com/actions/runner-images/blob/ubuntu24/20250810.1/images/ubuntu/Ubuntu2404-Readme.md
2025-08-17T12:27:14.3510452Z Image Release: https://github.com/actions/runner-images/releases/tag/ubuntu24%2F20250810.1
2025-08-17T12:27:14.3512817Z ##[endgroup]
2025-08-17T12:27:14.3517348Z ##[group]GITHUB_TOKEN Permissions
2025-08-17T12:27:14.3520896Z Actions: write
2025-08-17T12:27:14.3521770Z Attestations: write
2025-08-17T12:27:14.3522567Z Checks: write
2025-08-17T12:27:14.3523468Z Contents: write
2025-08-17T12:27:14.3524297Z Deployments: write
2025-08-17T12:27:14.3525058Z Discussions: write
2025-08-17T12:27:14.3526092Z Issues: write
2025-08-17T12:27:14.3526917Z Metadata: read
2025-08-17T12:27:14.3528101Z Models: read
2025-08-17T12:27:14.3528988Z Packages: write
2025-08-17T12:27:14.3529831Z Pages: write
2025-08-17T12:27:14.3530596Z PullRequests: write
2025-08-17T12:27:14.3531733Z RepositoryProjects: write
2025-08-17T12:27:14.3532645Z SecurityEvents: write
2025-08-17T12:27:14.3533833Z Statuses: write
2025-08-17T12:27:14.3534749Z ##[endgroup]
2025-08-17T12:27:14.3538326Z Secret source: Actions
2025-08-17T12:27:14.3540109Z Prepare workflow directory
2025-08-17T12:27:14.4016261Z Prepare all required actions
2025-08-17T12:27:14.4074012Z Getting action download info
2025-08-17T12:27:14.6074203Z Download action repository 'actions/checkout@v4' (SHA:08eba0b27e820071cde6df949e0beb9ba4906955)
2025-08-17T12:27:15.6846314Z Download action repository 'docker/setup-buildx-action@v3' (SHA:e468171a9de216ec08956ac3ada2f0791b6bd435)
2025-08-17T12:27:15.9891477Z Download action repository 'docker/login-action@v3' (SHA:184bdaa0721073962dff0199f1fb9940f07167d1)
2025-08-17T12:27:16.4296960Z Complete job name: push-image
2025-08-17T12:27:16.5068521Z ##[group]Run actions/checkout@v4
2025-08-17T12:27:16.5069885Z with:
2025-08-17T12:27:16.5070668Z   repository: AlexBomber12/AWA-App
2025-08-17T12:27:16.5072003Z   token: ***
2025-08-17T12:27:16.5072743Z   ssh-strict: true
2025-08-17T12:27:16.5073503Z   ssh-user: git
2025-08-17T12:27:16.5074285Z   persist-credentials: true
2025-08-17T12:27:16.5075165Z   clean: true
2025-08-17T12:27:16.5075936Z   sparse-checkout-cone-mode: true
2025-08-17T12:27:16.5076891Z   fetch-depth: 1
2025-08-17T12:27:16.5077649Z   fetch-tags: false
2025-08-17T12:27:16.5078826Z   show-progress: true
2025-08-17T12:27:16.5079637Z   lfs: false
2025-08-17T12:27:16.5080360Z   submodules: false
2025-08-17T12:27:16.5081152Z   set-safe-directory: true
2025-08-17T12:27:16.5082397Z ##[endgroup]
2025-08-17T12:27:16.6163339Z Syncing repository: AlexBomber12/AWA-App
2025-08-17T12:27:16.6165923Z ##[group]Getting Git version info
2025-08-17T12:27:16.6167293Z Working directory is '/home/runner/work/AWA-App/AWA-App'
2025-08-17T12:27:16.6169556Z [command]/usr/bin/git version
2025-08-17T12:27:16.7058720Z git version 2.50.1
2025-08-17T12:27:16.7087023Z ##[endgroup]
2025-08-17T12:27:16.7100974Z Temporarily overriding HOME='/home/runner/work/_temp/d358c148-e925-4f87-b80f-aa4d50cc2722' before making global git config changes
2025-08-17T12:27:16.7103724Z Adding repository directory to the temporary git global config as a safe directory
2025-08-17T12:27:16.7113926Z [command]/usr/bin/git config --global --add safe.directory /home/runner/work/AWA-App/AWA-App
2025-08-17T12:27:16.7215785Z Deleting the contents of '/home/runner/work/AWA-App/AWA-App'
2025-08-17T12:27:16.7219658Z ##[group]Initializing the repository
2025-08-17T12:27:16.7223445Z [command]/usr/bin/git init /home/runner/work/AWA-App/AWA-App
2025-08-17T12:27:16.8678206Z hint: Using 'master' as the name for the initial branch. This default branch name
2025-08-17T12:27:16.8682016Z hint: is subject to change. To configure the initial branch name to use in all
2025-08-17T12:27:16.8684998Z hint: of your new repositories, which will suppress this warning, call:
2025-08-17T12:27:16.8687153Z hint:
2025-08-17T12:27:16.8688364Z hint: 	git config --global init.defaultBranch <name>
2025-08-17T12:27:16.8689534Z hint:
2025-08-17T12:27:16.8690613Z hint: Names commonly chosen instead of 'master' are 'main', 'trunk' and
2025-08-17T12:27:16.8692434Z hint: 'development'. The just-created branch can be renamed via this command:
2025-08-17T12:27:16.8693858Z hint:
2025-08-17T12:27:16.8694595Z hint: 	git branch -m <name>
2025-08-17T12:27:16.8695469Z hint:
2025-08-17T12:27:16.8696667Z hint: Disable this message with "git config set advice.defaultBranchName false"
2025-08-17T12:27:16.8715633Z Initialized empty Git repository in /home/runner/work/AWA-App/AWA-App/.git/
2025-08-17T12:27:16.8727826Z [command]/usr/bin/git remote add origin https://github.com/AlexBomber12/AWA-App
2025-08-17T12:27:16.8804645Z ##[endgroup]
2025-08-17T12:27:16.8807070Z ##[group]Disabling automatic garbage collection
2025-08-17T12:27:16.8809495Z [command]/usr/bin/git config --local gc.auto 0
2025-08-17T12:27:16.8839460Z ##[endgroup]
2025-08-17T12:27:16.8841700Z ##[group]Setting up auth
2025-08-17T12:27:16.8847203Z [command]/usr/bin/git config --local --name-only --get-regexp core\.sshCommand
2025-08-17T12:27:16.8880061Z [command]/usr/bin/git submodule foreach --recursive sh -c "git config --local --name-only --get-regexp 'core\.sshCommand' && git config --local --unset-all 'core.sshCommand' || :"
2025-08-17T12:27:17.0458308Z [command]/usr/bin/git config --local --name-only --get-regexp http\.https\:\/\/github\.com\/\.extraheader
2025-08-17T12:27:17.0491027Z [command]/usr/bin/git submodule foreach --recursive sh -c "git config --local --name-only --get-regexp 'http\.https\:\/\/github\.com\/\.extraheader' && git config --local --unset-all 'http.https://github.com/.extraheader' || :"
2025-08-17T12:27:17.0712327Z [command]/usr/bin/git config --local http.https://github.com/.extraheader AUTHORIZATION: basic ***
2025-08-17T12:27:17.0749071Z ##[endgroup]
2025-08-17T12:27:17.0749928Z ##[group]Fetching the repository
2025-08-17T12:27:17.0766104Z [command]/usr/bin/git -c protocol.version=2 fetch --no-tags --prune --no-recurse-submodules --depth=1 origin +7d5ca38145e3579631f644ea9ff647c475cdd71f:refs/remotes/origin/main
2025-08-17T12:27:17.4221438Z From https://github.com/AlexBomber12/AWA-App
2025-08-17T12:27:17.4222199Z  * [new ref]         7d5ca38145e3579631f644ea9ff647c475cdd71f -> origin/main
2025-08-17T12:27:17.4288524Z ##[endgroup]
2025-08-17T12:27:17.4288972Z ##[group]Determining the checkout info
2025-08-17T12:27:17.4291489Z ##[endgroup]
2025-08-17T12:27:17.4297112Z [command]/usr/bin/git sparse-checkout disable
2025-08-17T12:27:17.4376109Z [command]/usr/bin/git config --local --unset-all extensions.worktreeConfig
2025-08-17T12:27:17.4403304Z ##[group]Checking out the ref
2025-08-17T12:27:17.4407511Z [command]/usr/bin/git checkout --progress --force -B main refs/remotes/origin/main
2025-08-17T12:27:17.4798909Z Switched to a new branch 'main'
2025-08-17T12:27:17.4800714Z branch 'main' set up to track 'origin/main'.
2025-08-17T12:27:17.4808877Z ##[endgroup]
2025-08-17T12:27:17.4845824Z [command]/usr/bin/git log -1 --format=%H
2025-08-17T12:27:17.4867007Z 7d5ca38145e3579631f644ea9ff647c475cdd71f
2025-08-17T12:27:17.5063855Z ##[group]Run docker/setup-buildx-action@v3
2025-08-17T12:27:17.5064194Z with:
2025-08-17T12:27:17.5064408Z   driver: docker-container
2025-08-17T12:27:17.5064662Z   install: false
2025-08-17T12:27:17.5064864Z   use: true
2025-08-17T12:27:17.5065069Z   keep-state: false
2025-08-17T12:27:17.5065487Z   cache-binary: true
2025-08-17T12:27:17.5065704Z   cleanup: true
2025-08-17T12:27:17.5065917Z ##[endgroup]
2025-08-17T12:27:17.7908527Z ##[group]Docker info
2025-08-17T12:27:17.7935086Z [command]/usr/bin/docker version
2025-08-17T12:27:18.9936335Z Client: Docker Engine - Community
2025-08-17T12:27:18.9939395Z  Version:           28.0.4
2025-08-17T12:27:18.9939893Z  API version:       1.48
2025-08-17T12:27:18.9940274Z  Go version:        go1.23.7
2025-08-17T12:27:18.9940634Z  Git commit:        b8034c0
2025-08-17T12:27:18.9940946Z  Built:             Tue Mar 25 15:07:16 2025
2025-08-17T12:27:18.9941209Z  OS/Arch:           linux/amd64
2025-08-17T12:27:18.9941501Z  Context:           default
2025-08-17T12:27:18.9941640Z 
2025-08-17T12:27:18.9941760Z Server: Docker Engine - Community
2025-08-17T12:27:18.9941986Z  Engine:
2025-08-17T12:27:18.9942171Z   Version:          28.0.4
2025-08-17T12:27:18.9942609Z   API version:      1.48 (minimum version 1.24)
2025-08-17T12:27:18.9943051Z   Go version:       go1.23.7
2025-08-17T12:27:18.9943485Z   Git commit:       6430e49
2025-08-17T12:27:18.9943765Z   Built:            Tue Mar 25 15:07:16 2025
2025-08-17T12:27:18.9944004Z   OS/Arch:          linux/amd64
2025-08-17T12:27:18.9944228Z   Experimental:     false
2025-08-17T12:27:18.9944420Z  containerd:
2025-08-17T12:27:18.9944596Z   Version:          1.7.27
2025-08-17T12:27:18.9944861Z   GitCommit:        05044ec0a9a75232cad458027ca83437aae3f4da
2025-08-17T12:27:18.9945140Z  runc:
2025-08-17T12:27:18.9945304Z   Version:          1.2.5
2025-08-17T12:27:18.9945515Z   GitCommit:        v1.2.5-0-g59923ef
2025-08-17T12:27:18.9945749Z  docker-init:
2025-08-17T12:27:18.9945928Z   Version:          0.19.0
2025-08-17T12:27:18.9946142Z   GitCommit:        de40ad0
2025-08-17T12:27:18.9993258Z [command]/usr/bin/docker info
2025-08-17T12:27:21.3455623Z Client: Docker Engine - Community
2025-08-17T12:27:21.3456549Z  Version:    28.0.4
2025-08-17T12:27:21.3456919Z  Context:    default
2025-08-17T12:27:21.3457292Z  Debug Mode: false
2025-08-17T12:27:21.3457632Z  Plugins:
2025-08-17T12:27:21.3458198Z   buildx: Docker Buildx (Docker Inc.)
2025-08-17T12:27:21.3458599Z     Version:  v0.26.1
2025-08-17T12:27:21.3459032Z     Path:     /usr/libexec/docker/cli-plugins/docker-buildx
2025-08-17T12:27:21.3459542Z   compose: Docker Compose (Docker Inc.)
2025-08-17T12:27:21.3459961Z     Version:  v2.38.2
2025-08-17T12:27:21.3460549Z     Path:     /usr/libexec/docker/cli-plugins/docker-compose
2025-08-17T12:27:21.3460945Z 
2025-08-17T12:27:21.3461067Z Server:
2025-08-17T12:27:21.3461354Z  Containers: 0
2025-08-17T12:27:21.3461649Z   Running: 0
2025-08-17T12:27:21.3461932Z   Paused: 0
2025-08-17T12:27:21.3462209Z   Stopped: 0
2025-08-17T12:27:21.3462513Z  Images: 0
2025-08-17T12:27:21.3462789Z  Server Version: 28.0.4
2025-08-17T12:27:21.3463130Z  Storage Driver: overlay2
2025-08-17T12:27:21.3463480Z   Backing Filesystem: extfs
2025-08-17T12:27:21.3463851Z   Supports d_type: true
2025-08-17T12:27:21.3464171Z   Using metacopy: false
2025-08-17T12:27:21.3464569Z   Native Overlay Diff: false
2025-08-17T12:27:21.3464922Z   userxattr: false
2025-08-17T12:27:21.3465228Z  Logging Driver: json-file
2025-08-17T12:27:21.3465579Z  Cgroup Driver: systemd
2025-08-17T12:27:21.3465904Z  Cgroup Version: 2
2025-08-17T12:27:21.3466221Z  Plugins:
2025-08-17T12:27:21.3466491Z   Volume: local
2025-08-17T12:27:21.3466850Z   Network: bridge host ipvlan macvlan null overlay
2025-08-17T12:27:21.3467481Z   Log: awslogs fluentd gcplogs gelf journald json-file local splunk syslog
2025-08-17T12:27:21.3468321Z  Swarm: inactive
2025-08-17T12:27:21.3468668Z  Runtimes: io.containerd.runc.v2 runc
2025-08-17T12:27:21.3469070Z  Default Runtime: runc
2025-08-17T12:27:21.3469823Z  Init Binary: docker-init
2025-08-17T12:27:21.3470302Z  containerd version: 05044ec0a9a75232cad458027ca83437aae3f4da
2025-08-17T12:27:21.3470810Z  runc version: v1.2.5-0-g59923ef
2025-08-17T12:27:21.3471179Z  init version: de40ad0
2025-08-17T12:27:21.3471414Z  Security Options:
2025-08-17T12:27:21.3471595Z   apparmor
2025-08-17T12:27:21.3471936Z   seccomp
2025-08-17T12:27:21.3472093Z    Profile: builtin
2025-08-17T12:27:21.3472266Z   cgroupns
2025-08-17T12:27:21.3472430Z  Kernel Version: 6.11.0-1018-azure
2025-08-17T12:27:21.3472667Z  Operating System: Ubuntu 24.04.2 LTS
2025-08-17T12:27:21.3472892Z  OSType: linux
2025-08-17T12:27:21.3473064Z  Architecture: x86_64
2025-08-17T12:27:21.3473247Z  CPUs: 4
2025-08-17T12:27:21.3473402Z  Total Memory: 15.62GiB
2025-08-17T12:27:21.3473600Z  Name: pkrvmubgrv54qmi
2025-08-17T12:27:21.3473853Z  ID: 2166c256-3f30-4fc2-abf1-e8d653854173
2025-08-17T12:27:21.3474261Z  Docker Root Dir: /var/lib/docker
2025-08-17T12:27:21.3474606Z  Debug Mode: false
2025-08-17T12:27:21.3474913Z  Username: githubactions
2025-08-17T12:27:21.3475112Z  Experimental: false
2025-08-17T12:27:21.3475301Z  Insecure Registries:
2025-08-17T12:27:21.3478967Z   ::1/128
2025-08-17T12:27:21.3479165Z   127.0.0.0/8
2025-08-17T12:27:21.3479469Z  Live Restore Enabled: false
2025-08-17T12:27:21.3479676Z 
2025-08-17T12:27:21.3480122Z ##[endgroup]
2025-08-17T12:27:21.4533704Z ##[group]Buildx version
2025-08-17T12:27:21.4559725Z [command]/usr/bin/docker buildx version
2025-08-17T12:27:21.5239137Z github.com/docker/buildx v0.26.1 1a8287f22cf5a38339a4c1bf432b803c5f8b2aae
2025-08-17T12:27:21.5270815Z ##[endgroup]
2025-08-17T12:27:21.5417138Z ##[group]Inspecting default docker context
2025-08-17T12:27:21.5615551Z [
2025-08-17T12:27:21.5616189Z   {
2025-08-17T12:27:21.5616614Z     "Name": "default",
2025-08-17T12:27:21.5617053Z     "Metadata": {},
2025-08-17T12:27:21.5617553Z     "Endpoints": {
2025-08-17T12:27:21.5618216Z       "docker": {
2025-08-17T12:27:21.5618761Z         "Host": "unix:///var/run/docker.sock",
2025-08-17T12:27:21.5619331Z         "SkipTLSVerify": false
2025-08-17T12:27:21.5619976Z       }
2025-08-17T12:27:21.5620336Z     },
2025-08-17T12:27:21.5620732Z     "TLSMaterial": {},
2025-08-17T12:27:21.5621313Z     "Storage": {
2025-08-17T12:27:21.5621763Z       "MetadataPath": "<IN MEMORY>",
2025-08-17T12:27:21.5622285Z       "TLSPath": "<IN MEMORY>"
2025-08-17T12:27:21.5622805Z     }
2025-08-17T12:27:21.5623208Z   }
2025-08-17T12:27:21.5623539Z ]
2025-08-17T12:27:21.5624532Z ##[endgroup]
2025-08-17T12:27:21.5625341Z ##[group]Creating a new builder instance
2025-08-17T12:27:21.6915982Z [command]/usr/bin/docker buildx create --name builder-aa3b6849-60cc-436d-9aca-e8806b502a55 --driver docker-container --buildkitd-flags --allow-insecure-entitlement security.insecure --allow-insecure-entitlement network.host --use
2025-08-17T12:27:21.7868648Z builder-aa3b6849-60cc-436d-9aca-e8806b502a55
2025-08-17T12:27:21.7903044Z ##[endgroup]
2025-08-17T12:27:21.7904207Z ##[group]Booting builder
2025-08-17T12:27:21.7940532Z [command]/usr/bin/docker buildx inspect --bootstrap --builder builder-aa3b6849-60cc-436d-9aca-e8806b502a55
2025-08-17T12:27:21.8467098Z #1 [internal] booting buildkit
2025-08-17T12:27:21.9974203Z #1 pulling image moby/buildkit:buildx-stable-1
2025-08-17T12:27:23.6704628Z #1 pulling image moby/buildkit:buildx-stable-1 1.8s done
2025-08-17T12:27:23.8208818Z #1 creating container buildx_buildkit_builder-aa3b6849-60cc-436d-9aca-e8806b502a550
2025-08-17T12:27:24.4826652Z #1 creating container buildx_buildkit_builder-aa3b6849-60cc-436d-9aca-e8806b502a550 0.8s done
2025-08-17T12:27:24.4875360Z #1 DONE 2.6s
2025-08-17T12:27:24.5195298Z Name:          builder-aa3b6849-60cc-436d-9aca-e8806b502a55
2025-08-17T12:27:24.5195939Z Driver:        docker-container
2025-08-17T12:27:24.5196583Z Last Activity: 2025-08-17 12:27:21 +0000 UTC
2025-08-17T12:27:24.5196953Z 
2025-08-17T12:27:24.5197109Z Nodes:
2025-08-17T12:27:24.5197714Z Name:                  builder-aa3b6849-60cc-436d-9aca-e8806b502a550
2025-08-17T12:27:24.5199040Z Endpoint:              unix:///var/run/docker.sock
2025-08-17T12:27:24.5199405Z Status:                running
2025-08-17T12:27:24.5200001Z BuildKit daemon flags: --allow-insecure-entitlement security.insecure --allow-insecure-entitlement network.host
2025-08-17T12:27:24.5200611Z BuildKit version:      v0.22.0
2025-08-17T12:27:24.5201215Z Platforms:             linux/amd64, linux/amd64/v2, linux/amd64/v3, linux/386
2025-08-17T12:27:24.5201670Z Labels:
2025-08-17T12:27:24.5202000Z  org.mobyproject.buildkit.worker.executor:         oci
2025-08-17T12:27:24.5202491Z  org.mobyproject.buildkit.worker.hostname:         cf2eeed4755d
2025-08-17T12:27:24.5202920Z  org.mobyproject.buildkit.worker.network:          host
2025-08-17T12:27:24.5203421Z  org.mobyproject.buildkit.worker.oci.process-mode: sandbox
2025-08-17T12:27:24.5203868Z  org.mobyproject.buildkit.worker.selinux.enabled:  false
2025-08-17T12:27:24.5204366Z  org.mobyproject.buildkit.worker.snapshotter:      overlayfs
2025-08-17T12:27:24.5204795Z GC Policy rule#0:
2025-08-17T12:27:24.5205058Z  All:            false
2025-08-17T12:27:24.5205460Z  Filters:        type==source.local,type==exec.cachemount,type==source.git.checkout
2025-08-17T12:27:24.5205866Z  Keep Duration:  48h0m0s
2025-08-17T12:27:24.5206228Z  Max Used Space: 488.3MiB
2025-08-17T12:27:24.5206483Z GC Policy rule#1:
2025-08-17T12:27:24.5206777Z  All:            false
2025-08-17T12:27:24.5207090Z  Keep Duration:  1440h0m0s
2025-08-17T12:27:24.5207383Z  Reserved Space: 7.451GiB
2025-08-17T12:27:24.5207653Z  Max Used Space: 54.02GiB
2025-08-17T12:27:24.5208181Z  Min Free Space: 13.97GiB
2025-08-17T12:27:24.5208516Z GC Policy rule#2:
2025-08-17T12:27:24.5208746Z  All:            false
2025-08-17T12:27:24.5209098Z  Reserved Space: 7.451GiB
2025-08-17T12:27:24.5209350Z  Max Used Space: 54.02GiB
2025-08-17T12:27:24.5209630Z  Min Free Space: 13.97GiB
2025-08-17T12:27:24.5209942Z GC Policy rule#3:
2025-08-17T12:27:24.5210221Z  All:            true
2025-08-17T12:27:24.5210494Z  Reserved Space: 7.451GiB
2025-08-17T12:27:24.5298588Z  Max Used Space: 54.02GiB
2025-08-17T12:27:24.5299057Z  Min Free Space: 13.97GiB
2025-08-17T12:27:24.5300343Z ##[endgroup]
2025-08-17T12:27:24.6169888Z ##[group]Inspect builder
2025-08-17T12:27:24.6171575Z {
2025-08-17T12:27:24.6171814Z   "nodes": [
2025-08-17T12:27:24.6172092Z     {
2025-08-17T12:27:24.6172493Z       "name": "builder-aa3b6849-60cc-436d-9aca-e8806b502a550",
2025-08-17T12:27:24.6173027Z       "endpoint": "unix:///var/run/docker.sock",
2025-08-17T12:27:24.6173454Z       "status": "running",
2025-08-17T12:27:24.6174202Z       "buildkitd-flags": "--allow-insecure-entitlement security.insecure --allow-insecure-entitlement network.host",
2025-08-17T12:27:24.6174875Z       "buildkit": "v0.22.0",
2025-08-17T12:27:24.6175338Z       "platforms": "linux/amd64,linux/amd64/v2,linux/amd64/v3,linux/386",
2025-08-17T12:27:24.6175852Z       "features": {
2025-08-17T12:27:24.6176205Z         "Automatically load images to the Docker Engine image store": true,
2025-08-17T12:27:24.6176766Z         "Cache export": true,
2025-08-17T12:27:24.6177108Z         "Direct push": true,
2025-08-17T12:27:24.6177341Z         "Docker exporter": true,
2025-08-17T12:27:24.6177570Z         "Multi-platform build": true,
2025-08-17T12:27:24.6177794Z         "OCI exporter": true
2025-08-17T12:27:24.6178406Z       },
2025-08-17T12:27:24.6178685Z       "labels": {
2025-08-17T12:27:24.6179078Z         "org.mobyproject.buildkit.worker.executor": "oci",
2025-08-17T12:27:24.6179679Z         "org.mobyproject.buildkit.worker.hostname": "cf2eeed4755d",
2025-08-17T12:27:24.6180098Z         "org.mobyproject.buildkit.worker.network": "host",
2025-08-17T12:27:24.6180472Z         "org.mobyproject.buildkit.worker.oci.process-mode": "sandbox",
2025-08-17T12:27:24.6180874Z         "org.mobyproject.buildkit.worker.selinux.enabled": "false",
2025-08-17T12:27:24.6181274Z         "org.mobyproject.buildkit.worker.snapshotter": "overlayfs"
2025-08-17T12:27:24.6181566Z       },
2025-08-17T12:27:24.6181723Z       "gcPolicy": [
2025-08-17T12:27:24.6182135Z         {
2025-08-17T12:27:24.6182307Z           "all": false,
2025-08-17T12:27:24.6182489Z           "filter": [
2025-08-17T12:27:24.6182683Z             "type==source.local",
2025-08-17T12:27:24.6182909Z             "type==exec.cachemount",
2025-08-17T12:27:24.6183141Z             "type==source.git.checkout"
2025-08-17T12:27:24.6183498Z           ],
2025-08-17T12:27:24.6183666Z           "keepDuration": "48h0m0s",
2025-08-17T12:27:24.6183896Z           "maxUsedSpace": "488.3MiB"
2025-08-17T12:27:24.6184096Z         },
2025-08-17T12:27:24.6184251Z         {
2025-08-17T12:27:24.6184402Z           "all": false,
2025-08-17T12:27:24.6184598Z           "keepDuration": "1440h0m0s",
2025-08-17T12:27:24.6184824Z           "reservedSpace": "7.451GiB",
2025-08-17T12:27:24.6185054Z           "maxUsedSpace": "54.02GiB",
2025-08-17T12:27:24.6185274Z           "minFreeSpace": "13.97GiB"
2025-08-17T12:27:24.6185479Z         },
2025-08-17T12:27:24.6185631Z         {
2025-08-17T12:27:24.6185783Z           "all": false,
2025-08-17T12:27:24.6185976Z           "reservedSpace": "7.451GiB",
2025-08-17T12:27:24.6186193Z           "maxUsedSpace": "54.02GiB",
2025-08-17T12:27:24.6186414Z           "minFreeSpace": "13.97GiB"
2025-08-17T12:27:24.6186611Z         },
2025-08-17T12:27:24.6186756Z         {
2025-08-17T12:27:24.6186903Z           "all": true,
2025-08-17T12:27:24.6187095Z           "reservedSpace": "7.451GiB",
2025-08-17T12:27:24.6187308Z           "maxUsedSpace": "54.02GiB",
2025-08-17T12:27:24.6187525Z           "minFreeSpace": "13.97GiB"
2025-08-17T12:27:24.6187726Z         }
2025-08-17T12:27:24.6188049Z       ]
2025-08-17T12:27:24.6188240Z     }
2025-08-17T12:27:24.6188380Z   ],
2025-08-17T12:27:24.6188592Z   "name": "builder-aa3b6849-60cc-436d-9aca-e8806b502a55",
2025-08-17T12:27:24.6188875Z   "driver": "docker-container",
2025-08-17T12:27:24.6189103Z   "lastActivity": "2025-08-17T12:27:21.000Z"
2025-08-17T12:27:24.6189321Z }
2025-08-17T12:27:24.6189620Z ##[endgroup]
2025-08-17T12:27:24.6189919Z ##[group]BuildKit version
2025-08-17T12:27:24.6190165Z builder-aa3b6849-60cc-436d-9aca-e8806b502a550: v0.22.0
2025-08-17T12:27:24.6190548Z ##[endgroup]
2025-08-17T12:27:24.6333793Z ##[group]Run docker/login-action@v3
2025-08-17T12:27:24.6334047Z with:
2025-08-17T12:27:24.6334222Z   registry: ghcr.io
2025-08-17T12:27:24.6334415Z   username: AlexBomber12
2025-08-17T12:27:24.6334850Z   password: ***
2025-08-17T12:27:24.6335026Z   ecr: auto
2025-08-17T12:27:24.6335194Z   logout: true
2025-08-17T12:27:24.6335421Z ##[endgroup]
2025-08-17T12:27:24.9596216Z Logging into ghcr.io...
2025-08-17T12:27:25.1115466Z Login Succeeded!
2025-08-17T12:27:25.1234368Z ##[group]Run export COMPOSE_DOCKER_CLI_BUILD=1 DOCKER_BUILDKIT=1
2025-08-17T12:27:25.1234858Z [36;1mexport COMPOSE_DOCKER_CLI_BUILD=1 DOCKER_BUILDKIT=1[0m
2025-08-17T12:27:25.1235168Z [36;1mdocker compose \[0m
2025-08-17T12:27:25.1235398Z [36;1m  -f docker-compose.yml \[0m
2025-08-17T12:27:25.1235669Z [36;1m  -f docker-compose.postgres.yml \[0m
2025-08-17T12:27:25.1235937Z [36;1m  push api[0m
2025-08-17T12:27:25.1381911Z shell: /usr/bin/bash -e {0}
2025-08-17T12:27:25.1382162Z ##[endgroup]
2025-08-17T12:27:25.5079697Z time="2025-08-17T12:27:25Z" level=warning msg="/home/runner/work/AWA-App/AWA-App/docker-compose.postgres.yml: the attribute `version` is obsolete, it will be ignored, please remove it to avoid potential confusion"
2025-08-17T12:27:25.5291743Z  api Skipped 
2025-08-17T12:27:25.5365900Z Post job cleanup.
2025-08-17T12:27:25.8696281Z [command]/usr/bin/docker logout ghcr.io
2025-08-17T12:27:25.8839160Z Removing login credentials for ghcr.io
2025-08-17T12:27:25.8873273Z ##[group]Post cache
2025-08-17T12:27:25.8874788Z State not set
2025-08-17T12:27:25.8876213Z ##[endgroup]
2025-08-17T12:27:25.9009337Z Post job cleanup.
2025-08-17T12:27:26.1812466Z ##[group]Removing builder
2025-08-17T12:27:26.2770453Z [command]/usr/bin/docker buildx rm builder-aa3b6849-60cc-436d-9aca-e8806b502a55
2025-08-17T12:27:26.3959884Z builder-aa3b6849-60cc-436d-9aca-e8806b502a55 removed
2025-08-17T12:27:26.3992701Z ##[endgroup]
2025-08-17T12:27:26.3994428Z ##[group]Cleaning up certificates
2025-08-17T12:27:26.4000964Z ##[endgroup]
2025-08-17T12:27:26.4001777Z ##[group]Post cache
2025-08-17T12:27:26.4004095Z State not set
2025-08-17T12:27:26.4004766Z ##[endgroup]
2025-08-17T12:27:26.4124150Z Post job cleanup.
2025-08-17T12:27:26.5045802Z [command]/usr/bin/git version
2025-08-17T12:27:26.5081812Z git version 2.50.1
2025-08-17T12:27:26.5124178Z Temporarily overriding HOME='/home/runner/work/_temp/71decfed-7a86-4fa3-9a18-e01b8d42fda2' before making global git config changes
2025-08-17T12:27:26.5125043Z Adding repository directory to the temporary git global config as a safe directory
2025-08-17T12:27:26.5129721Z [command]/usr/bin/git config --global --add safe.directory /home/runner/work/AWA-App/AWA-App
2025-08-17T12:27:26.5163908Z [command]/usr/bin/git config --local --name-only --get-regexp core\.sshCommand
2025-08-17T12:27:26.5195103Z [command]/usr/bin/git submodule foreach --recursive sh -c "git config --local --name-only --get-regexp 'core\.sshCommand' && git config --local --unset-all 'core.sshCommand' || :"
2025-08-17T12:27:26.5415518Z [command]/usr/bin/git config --local --name-only --get-regexp http\.https\:\/\/github\.com\/\.extraheader
2025-08-17T12:27:26.5435768Z http.https://github.com/.extraheader
2025-08-17T12:27:26.5448233Z [command]/usr/bin/git config --local --unset-all http.https://github.com/.extraheader
2025-08-17T12:27:26.5479342Z [command]/usr/bin/git submodule foreach --recursive sh -c "git config --local --name-only --get-regexp 'http\.https\:\/\/github\.com\/\.extraheader' && git config --local --unset-all 'http.https://github.com/.extraheader' || :"
2025-08-17T12:27:26.5800734Z Cleaning up orphan processes
