2025-08-18T18:15:14.3818469Z Current runner version: '2.327.1'
2025-08-18T18:15:14.3842226Z ##[group]Runner Image Provisioner
2025-08-18T18:15:14.3843122Z Hosted Compute Agent
2025-08-18T18:15:14.3843673Z Version: 20250818.377
2025-08-18T18:15:14.3844247Z Commit: 3c593e9f75fe0b87e893bca80d6e12ba089c61fc
2025-08-18T18:15:14.3845175Z Build Date: 2025-08-18T14:52:18Z
2025-08-18T18:15:14.3845801Z ##[endgroup]
2025-08-18T18:15:14.3846321Z ##[group]Operating System
2025-08-18T18:15:14.3846941Z Ubuntu
2025-08-18T18:15:14.3847381Z 24.04.2
2025-08-18T18:15:14.3847836Z LTS
2025-08-18T18:15:14.3848289Z ##[endgroup]
2025-08-18T18:15:14.3848794Z ##[group]Runner Image
2025-08-18T18:15:14.3849362Z Image: ubuntu-24.04
2025-08-18T18:15:14.3849866Z Version: 20250810.1.0
2025-08-18T18:15:14.3850889Z Included Software: https://github.com/actions/runner-images/blob/ubuntu24/20250810.1/images/ubuntu/Ubuntu2404-Readme.md
2025-08-18T18:15:14.3852376Z Image Release: https://github.com/actions/runner-images/releases/tag/ubuntu24%2F20250810.1
2025-08-18T18:15:14.3853398Z ##[endgroup]
2025-08-18T18:15:14.3856139Z ##[group]GITHUB_TOKEN Permissions
2025-08-18T18:15:14.3858409Z Actions: write
2025-08-18T18:15:14.3858959Z Attestations: write
2025-08-18T18:15:14.3859555Z Checks: write
2025-08-18T18:15:14.3860029Z Contents: write
2025-08-18T18:15:14.3860523Z Deployments: write
2025-08-18T18:15:14.3860974Z Discussions: write
2025-08-18T18:15:14.3861583Z Issues: write
2025-08-18T18:15:14.3862029Z Metadata: read
2025-08-18T18:15:14.3862489Z Models: read
2025-08-18T18:15:14.3862995Z Packages: write
2025-08-18T18:15:14.3863494Z Pages: write
2025-08-18T18:15:14.3863936Z PullRequests: write
2025-08-18T18:15:14.3864830Z RepositoryProjects: write
2025-08-18T18:15:14.3865413Z SecurityEvents: write
2025-08-18T18:15:14.3865993Z Statuses: write
2025-08-18T18:15:14.3866576Z ##[endgroup]
2025-08-18T18:15:14.3868560Z Secret source: Actions
2025-08-18T18:15:14.3869249Z Prepare workflow directory
2025-08-18T18:15:14.4210547Z Prepare all required actions
2025-08-18T18:15:14.4250930Z Getting action download info
2025-08-18T18:15:14.8318922Z Download action repository 'actions/checkout@v4' (SHA:08eba0b27e820071cde6df949e0beb9ba4906955)
2025-08-18T18:15:15.8926361Z Download action repository 'docker/setup-buildx-action@v3' (SHA:e468171a9de216ec08956ac3ada2f0791b6bd435)
2025-08-18T18:15:16.9513644Z Download action repository 'docker/login-action@v3' (SHA:184bdaa0721073962dff0199f1fb9940f07167d1)
2025-08-18T18:15:18.0852481Z Complete job name: push-image
2025-08-18T18:15:18.1479644Z ##[group]Run actions/checkout@v4
2025-08-18T18:15:18.1480199Z with:
2025-08-18T18:15:18.1480405Z   repository: AlexBomber12/AWA-App
2025-08-18T18:15:18.1480778Z   token: ***
2025-08-18T18:15:18.1480960Z   ssh-strict: true
2025-08-18T18:15:18.1481142Z   ssh-user: git
2025-08-18T18:15:18.1481337Z   persist-credentials: true
2025-08-18T18:15:18.1481549Z   clean: true
2025-08-18T18:15:18.1481738Z   sparse-checkout-cone-mode: true
2025-08-18T18:15:18.1481965Z   fetch-depth: 1
2025-08-18T18:15:18.1482144Z   fetch-tags: false
2025-08-18T18:15:18.1482357Z   show-progress: true
2025-08-18T18:15:18.1482550Z   lfs: false
2025-08-18T18:15:18.1482717Z   submodules: false
2025-08-18T18:15:18.1482898Z   set-safe-directory: true
2025-08-18T18:15:18.1483290Z ##[endgroup]
2025-08-18T18:15:18.2571032Z Syncing repository: AlexBomber12/AWA-App
2025-08-18T18:15:18.2572442Z ##[group]Getting Git version info
2025-08-18T18:15:18.2572835Z Working directory is '/home/runner/work/AWA-App/AWA-App'
2025-08-18T18:15:18.2573465Z [command]/usr/bin/git version
2025-08-18T18:15:18.3445783Z git version 2.50.1
2025-08-18T18:15:18.3473486Z ##[endgroup]
2025-08-18T18:15:18.3490118Z Temporarily overriding HOME='/home/runner/work/_temp/d705748a-997a-4f79-9ce3-8a83be667d5e' before making global git config changes
2025-08-18T18:15:18.3491456Z Adding repository directory to the temporary git global config as a safe directory
2025-08-18T18:15:18.3506663Z [command]/usr/bin/git config --global --add safe.directory /home/runner/work/AWA-App/AWA-App
2025-08-18T18:15:18.3582183Z Deleting the contents of '/home/runner/work/AWA-App/AWA-App'
2025-08-18T18:15:18.3587196Z ##[group]Initializing the repository
2025-08-18T18:15:18.3593084Z [command]/usr/bin/git init /home/runner/work/AWA-App/AWA-App
2025-08-18T18:15:18.4012656Z hint: Using 'master' as the name for the initial branch. This default branch name
2025-08-18T18:15:18.4013960Z hint: is subject to change. To configure the initial branch name to use in all
2025-08-18T18:15:18.4015117Z hint: of your new repositories, which will suppress this warning, call:
2025-08-18T18:15:18.4015624Z hint:
2025-08-18T18:15:18.4016009Z hint: 	git config --global init.defaultBranch <name>
2025-08-18T18:15:18.4016433Z hint:
2025-08-18T18:15:18.4016820Z hint: Names commonly chosen instead of 'master' are 'main', 'trunk' and
2025-08-18T18:15:18.4017497Z hint: 'development'. The just-created branch can be renamed via this command:
2025-08-18T18:15:18.4018005Z hint:
2025-08-18T18:15:18.4018262Z hint: 	git branch -m <name>
2025-08-18T18:15:18.4018558Z hint:
2025-08-18T18:15:18.4019013Z hint: Disable this message with "git config set advice.defaultBranchName false"
2025-08-18T18:15:18.4045428Z Initialized empty Git repository in /home/runner/work/AWA-App/AWA-App/.git/
2025-08-18T18:15:18.4057628Z [command]/usr/bin/git remote add origin https://github.com/AlexBomber12/AWA-App
2025-08-18T18:15:18.4126509Z ##[endgroup]
2025-08-18T18:15:18.4126941Z ##[group]Disabling automatic garbage collection
2025-08-18T18:15:18.4130820Z [command]/usr/bin/git config --local gc.auto 0
2025-08-18T18:15:18.4166967Z ##[endgroup]
2025-08-18T18:15:18.4167351Z ##[group]Setting up auth
2025-08-18T18:15:18.4167752Z [command]/usr/bin/git config --local --name-only --get-regexp core\.sshCommand
2025-08-18T18:15:18.4198205Z [command]/usr/bin/git submodule foreach --recursive sh -c "git config --local --name-only --get-regexp 'core\.sshCommand' && git config --local --unset-all 'core.sshCommand' || :"
2025-08-18T18:15:18.5550630Z [command]/usr/bin/git config --local --name-only --get-regexp http\.https\:\/\/github\.com\/\.extraheader
2025-08-18T18:15:18.5583053Z [command]/usr/bin/git submodule foreach --recursive sh -c "git config --local --name-only --get-regexp 'http\.https\:\/\/github\.com\/\.extraheader' && git config --local --unset-all 'http.https://github.com/.extraheader' || :"
2025-08-18T18:15:18.5804616Z [command]/usr/bin/git config --local http.https://github.com/.extraheader AUTHORIZATION: basic ***
2025-08-18T18:15:18.5839053Z ##[endgroup]
2025-08-18T18:15:18.5839798Z ##[group]Fetching the repository
2025-08-18T18:15:18.5856129Z [command]/usr/bin/git -c protocol.version=2 fetch --no-tags --prune --no-recurse-submodules --depth=1 origin +5bf166928a19668f7efba84639ccdfd87a2f40a4:refs/remotes/origin/main
2025-08-18T18:15:19.3270040Z From https://github.com/AlexBomber12/AWA-App
2025-08-18T18:15:19.3272276Z  * [new ref]         5bf166928a19668f7efba84639ccdfd87a2f40a4 -> origin/main
2025-08-18T18:15:19.3331379Z ##[endgroup]
2025-08-18T18:15:19.3332037Z ##[group]Determining the checkout info
2025-08-18T18:15:19.3333105Z ##[endgroup]
2025-08-18T18:15:19.3339013Z [command]/usr/bin/git sparse-checkout disable
2025-08-18T18:15:19.3418413Z [command]/usr/bin/git config --local --unset-all extensions.worktreeConfig
2025-08-18T18:15:19.3449181Z ##[group]Checking out the ref
2025-08-18T18:15:19.3452646Z [command]/usr/bin/git checkout --progress --force -B main refs/remotes/origin/main
2025-08-18T18:15:19.3857605Z Switched to a new branch 'main'
2025-08-18T18:15:19.3859176Z branch 'main' set up to track 'origin/main'.
2025-08-18T18:15:19.3867986Z ##[endgroup]
2025-08-18T18:15:19.3907190Z [command]/usr/bin/git log -1 --format=%H
2025-08-18T18:15:19.3931102Z 5bf166928a19668f7efba84639ccdfd87a2f40a4
2025-08-18T18:15:19.4135670Z ##[group]Run docker/setup-buildx-action@v3
2025-08-18T18:15:19.4135988Z with:
2025-08-18T18:15:19.4136189Z   driver: docker-container
2025-08-18T18:15:19.4136412Z   install: false
2025-08-18T18:15:19.4136588Z   use: true
2025-08-18T18:15:19.4136761Z   keep-state: false
2025-08-18T18:15:19.4137147Z   cache-binary: true
2025-08-18T18:15:19.4137346Z   cleanup: true
2025-08-18T18:15:19.4137521Z ##[endgroup]
2025-08-18T18:15:19.6993422Z ##[group]Docker info
2025-08-18T18:15:19.7016315Z [command]/usr/bin/docker version
2025-08-18T18:15:20.6565150Z Client: Docker Engine - Community
2025-08-18T18:15:20.6569970Z  Version:           28.0.4
2025-08-18T18:15:20.6570500Z  API version:       1.48
2025-08-18T18:15:20.6570873Z  Go version:        go1.23.7
2025-08-18T18:15:20.6571252Z  Git commit:        b8034c0
2025-08-18T18:15:20.6571563Z  Built:             Tue Mar 25 15:07:16 2025
2025-08-18T18:15:20.6571859Z  OS/Arch:           linux/amd64
2025-08-18T18:15:20.6572201Z  Context:           default
2025-08-18T18:15:20.6572359Z 
2025-08-18T18:15:20.6572465Z Server: Docker Engine - Community
2025-08-18T18:15:20.6572748Z  Engine:
2025-08-18T18:15:20.6572934Z   Version:          28.0.4
2025-08-18T18:15:20.6573207Z   API version:      1.48 (minimum version 1.24)
2025-08-18T18:15:20.6573517Z   Go version:       go1.23.7
2025-08-18T18:15:20.6573779Z   Git commit:       6430e49
2025-08-18T18:15:20.6574026Z   Built:            Tue Mar 25 15:07:16 2025
2025-08-18T18:15:20.6574316Z   OS/Arch:          linux/amd64
2025-08-18T18:15:20.6574784Z   Experimental:     false
2025-08-18T18:15:20.6575032Z  containerd:
2025-08-18T18:15:20.6575238Z   Version:          1.7.27
2025-08-18T18:15:20.6575527Z   GitCommit:        05044ec0a9a75232cad458027ca83437aae3f4da
2025-08-18T18:15:20.6575856Z  runc:
2025-08-18T18:15:20.6576050Z   Version:          1.2.5
2025-08-18T18:15:20.6576290Z   GitCommit:        v1.2.5-0-g59923ef
2025-08-18T18:15:20.6576571Z  docker-init:
2025-08-18T18:15:20.6576777Z   Version:          0.19.0
2025-08-18T18:15:20.6577015Z   GitCommit:        de40ad0
2025-08-18T18:15:20.6637019Z [command]/usr/bin/docker info
2025-08-18T18:15:22.8427974Z Client: Docker Engine - Community
2025-08-18T18:15:22.8429121Z  Version:    28.0.4
2025-08-18T18:15:22.8429456Z  Context:    default
2025-08-18T18:15:22.8429787Z  Debug Mode: false
2025-08-18T18:15:22.8430116Z  Plugins:
2025-08-18T18:15:22.8430427Z   buildx: Docker Buildx (Docker Inc.)
2025-08-18T18:15:22.8430986Z     Version:  v0.26.1
2025-08-18T18:15:22.8431418Z     Path:     /usr/libexec/docker/cli-plugins/docker-buildx
2025-08-18T18:15:22.8431933Z   compose: Docker Compose (Docker Inc.)
2025-08-18T18:15:22.8432335Z     Version:  v2.38.2
2025-08-18T18:15:22.8432726Z     Path:     /usr/libexec/docker/cli-plugins/docker-compose
2025-08-18T18:15:22.8433082Z 
2025-08-18T18:15:22.8433196Z Server:
2025-08-18T18:15:22.8433447Z  Containers: 0
2025-08-18T18:15:22.8433728Z   Running: 0
2025-08-18T18:15:22.8434000Z   Paused: 0
2025-08-18T18:15:22.8434260Z   Stopped: 0
2025-08-18T18:15:22.8434741Z  Images: 0
2025-08-18T18:15:22.8435041Z  Server Version: 28.0.4
2025-08-18T18:15:22.8435299Z  Storage Driver: overlay2
2025-08-18T18:15:22.8435515Z   Backing Filesystem: extfs
2025-08-18T18:15:22.8435770Z   Supports d_type: true
2025-08-18T18:15:22.8436102Z   Using metacopy: false
2025-08-18T18:15:22.8436305Z   Native Overlay Diff: false
2025-08-18T18:15:22.8436501Z   userxattr: false
2025-08-18T18:15:22.8436786Z  Logging Driver: json-file
2025-08-18T18:15:22.8436989Z  Cgroup Driver: systemd
2025-08-18T18:15:22.8437175Z  Cgroup Version: 2
2025-08-18T18:15:22.8437338Z  Plugins:
2025-08-18T18:15:22.8437604Z   Volume: local
2025-08-18T18:15:22.8437820Z   Network: bridge host ipvlan macvlan null overlay
2025-08-18T18:15:22.8438175Z   Log: awslogs fluentd gcplogs gelf journald json-file local splunk syslog
2025-08-18T18:15:22.8438607Z  Swarm: inactive
2025-08-18T18:15:22.8438802Z  Runtimes: io.containerd.runc.v2 runc
2025-08-18T18:15:22.8439289Z  Default Runtime: runc
2025-08-18T18:15:22.8440177Z  Init Binary: docker-init
2025-08-18T18:15:22.8440515Z  containerd version: 05044ec0a9a75232cad458027ca83437aae3f4da
2025-08-18T18:15:22.8440832Z  runc version: v1.2.5-0-g59923ef
2025-08-18T18:15:22.8441062Z  init version: de40ad0
2025-08-18T18:15:22.8441251Z  Security Options:
2025-08-18T18:15:22.8441427Z   apparmor
2025-08-18T18:15:22.8441737Z   seccomp
2025-08-18T18:15:22.8442003Z    Profile: builtin
2025-08-18T18:15:22.8442195Z   cgroupns
2025-08-18T18:15:22.8442481Z  Kernel Version: 6.11.0-1018-azure
2025-08-18T18:15:22.8442891Z  Operating System: Ubuntu 24.04.2 LTS
2025-08-18T18:15:22.8443125Z  OSType: linux
2025-08-18T18:15:22.8443303Z  Architecture: x86_64
2025-08-18T18:15:22.8443554Z  CPUs: 4
2025-08-18T18:15:22.8443752Z  Total Memory: 15.62GiB
2025-08-18T18:15:22.8443950Z  Name: pkrvmubgrv54qmi
2025-08-18T18:15:22.8444163Z  ID: 2166c256-3f30-4fc2-abf1-e8d653854173
2025-08-18T18:15:22.8444841Z  Docker Root Dir: /var/lib/docker
2025-08-18T18:15:22.8445084Z  Debug Mode: false
2025-08-18T18:15:22.8445338Z  Username: githubactions
2025-08-18T18:15:22.8445603Z  Experimental: false
2025-08-18T18:15:22.8445953Z  Insecure Registries:
2025-08-18T18:15:22.8449570Z   ::1/128
2025-08-18T18:15:22.8450053Z   127.0.0.0/8
2025-08-18T18:15:22.8450523Z  Live Restore Enabled: false
2025-08-18T18:15:22.8450825Z 
2025-08-18T18:15:22.8451395Z ##[endgroup]
2025-08-18T18:15:22.9201719Z ##[group]Buildx version
2025-08-18T18:15:22.9228635Z [command]/usr/bin/docker buildx version
2025-08-18T18:15:22.9842795Z github.com/docker/buildx v0.26.1 1a8287f22cf5a38339a4c1bf432b803c5f8b2aae
2025-08-18T18:15:22.9874806Z ##[endgroup]
2025-08-18T18:15:23.0029177Z ##[group]Inspecting default docker context
2025-08-18T18:15:23.0235626Z [
2025-08-18T18:15:23.0236025Z   {
2025-08-18T18:15:23.0236304Z     "Name": "default",
2025-08-18T18:15:23.0236659Z     "Metadata": {},
2025-08-18T18:15:23.0236921Z     "Endpoints": {
2025-08-18T18:15:23.0237192Z       "docker": {
2025-08-18T18:15:23.0237481Z         "Host": "unix:///var/run/docker.sock",
2025-08-18T18:15:23.0237935Z         "SkipTLSVerify": false
2025-08-18T18:15:23.0238207Z       }
2025-08-18T18:15:23.0238433Z     },
2025-08-18T18:15:23.0238713Z     "TLSMaterial": {},
2025-08-18T18:15:23.0238988Z     "Storage": {
2025-08-18T18:15:23.0239260Z       "MetadataPath": "<IN MEMORY>",
2025-08-18T18:15:23.0239655Z       "TLSPath": "<IN MEMORY>"
2025-08-18T18:15:23.0240095Z     }
2025-08-18T18:15:23.0240305Z   }
2025-08-18T18:15:23.0240689Z ]
2025-08-18T18:15:23.0241361Z ##[endgroup]
2025-08-18T18:15:23.0250020Z ##[group]Creating a new builder instance
2025-08-18T18:15:23.1519010Z [command]/usr/bin/docker buildx create --name builder-82325332-b493-4dbc-9b6d-da1b3d1c2786 --driver docker-container --buildkitd-flags --allow-insecure-entitlement security.insecure --allow-insecure-entitlement network.host --use
2025-08-18T18:15:23.2227942Z builder-82325332-b493-4dbc-9b6d-da1b3d1c2786
2025-08-18T18:15:23.2261981Z ##[endgroup]
2025-08-18T18:15:23.2262652Z ##[group]Booting builder
2025-08-18T18:15:23.2298785Z [command]/usr/bin/docker buildx inspect --bootstrap --builder builder-82325332-b493-4dbc-9b6d-da1b3d1c2786
2025-08-18T18:15:23.2888740Z #1 [internal] booting buildkit
2025-08-18T18:15:23.4392518Z #1 pulling image moby/buildkit:buildx-stable-1
2025-08-18T18:15:27.9077221Z #1 pulling image moby/buildkit:buildx-stable-1 4.6s done
2025-08-18T18:15:28.0585828Z #1 creating container buildx_buildkit_builder-82325332-b493-4dbc-9b6d-da1b3d1c27860
2025-08-18T18:15:28.6380919Z #1 creating container buildx_buildkit_builder-82325332-b493-4dbc-9b6d-da1b3d1c27860 0.7s done
2025-08-18T18:15:28.6430351Z #1 DONE 5.3s
2025-08-18T18:15:28.6735330Z Name:          builder-82325332-b493-4dbc-9b6d-da1b3d1c2786
2025-08-18T18:15:28.6741340Z Driver:        docker-container
2025-08-18T18:15:28.6742412Z Last Activity: 2025-08-18 18:15:23 +0000 UTC
2025-08-18T18:15:28.6742901Z 
2025-08-18T18:15:28.6743073Z Nodes:
2025-08-18T18:15:28.6743580Z Name:                  builder-82325332-b493-4dbc-9b6d-da1b3d1c27860
2025-08-18T18:15:28.6744608Z Endpoint:              unix:///var/run/docker.sock
2025-08-18T18:15:28.6745116Z Status:                running
2025-08-18T18:15:28.6745750Z BuildKit daemon flags: --allow-insecure-entitlement security.insecure --allow-insecure-entitlement network.host
2025-08-18T18:15:28.6746366Z BuildKit version:      v0.22.0
2025-08-18T18:15:28.6747009Z Platforms:             linux/amd64, linux/amd64/v2, linux/amd64/v3, linux/386
2025-08-18T18:15:28.6747405Z Labels:
2025-08-18T18:15:28.6747729Z  org.mobyproject.buildkit.worker.executor:         oci
2025-08-18T18:15:28.6748155Z  org.mobyproject.buildkit.worker.hostname:         99408225ebab
2025-08-18T18:15:28.6748694Z  org.mobyproject.buildkit.worker.network:          host
2025-08-18T18:15:28.6749197Z  org.mobyproject.buildkit.worker.oci.process-mode: sandbox
2025-08-18T18:15:28.6749627Z  org.mobyproject.buildkit.worker.selinux.enabled:  false
2025-08-18T18:15:28.6750166Z  org.mobyproject.buildkit.worker.snapshotter:      overlayfs
2025-08-18T18:15:28.6750535Z GC Policy rule#0:
2025-08-18T18:15:28.6750804Z  All:            false
2025-08-18T18:15:28.6751238Z  Filters:        type==source.local,type==exec.cachemount,type==source.git.checkout
2025-08-18T18:15:28.6751730Z  Keep Duration:  48h0m0s
2025-08-18T18:15:28.6752090Z  Max Used Space: 488.3MiB
2025-08-18T18:15:28.6752412Z GC Policy rule#1:
2025-08-18T18:15:28.6752695Z  All:            false
2025-08-18T18:15:28.6752943Z  Keep Duration:  1440h0m0s
2025-08-18T18:15:28.6753276Z  Reserved Space: 7.451GiB
2025-08-18T18:15:28.6753565Z  Max Used Space: 54.02GiB
2025-08-18T18:15:28.6753848Z  Min Free Space: 13.97GiB
2025-08-18T18:15:28.6838722Z GC Policy rule#2:
2025-08-18T18:15:28.6839043Z  All:            false
2025-08-18T18:15:28.6839349Z  Reserved Space: 7.451GiB
2025-08-18T18:15:28.6839671Z  Max Used Space: 54.02GiB
2025-08-18T18:15:28.6839973Z  Min Free Space: 13.97GiB
2025-08-18T18:15:28.6840256Z GC Policy rule#3:
2025-08-18T18:15:28.6840525Z  All:            true
2025-08-18T18:15:28.6840821Z  Reserved Space: 7.451GiB
2025-08-18T18:15:28.6841167Z  Max Used Space: 54.02GiB
2025-08-18T18:15:28.6841504Z  Min Free Space: 13.97GiB
2025-08-18T18:15:28.6842180Z ##[endgroup]
2025-08-18T18:15:28.7696279Z ##[group]Inspect builder
2025-08-18T18:15:28.7698928Z {
2025-08-18T18:15:28.7699166Z   "nodes": [
2025-08-18T18:15:28.7699442Z     {
2025-08-18T18:15:28.7699833Z       "name": "builder-82325332-b493-4dbc-9b6d-da1b3d1c27860",
2025-08-18T18:15:28.7700362Z       "endpoint": "unix:///var/run/docker.sock",
2025-08-18T18:15:28.7700669Z       "status": "running",
2025-08-18T18:15:28.7701140Z       "buildkitd-flags": "--allow-insecure-entitlement security.insecure --allow-insecure-entitlement network.host",
2025-08-18T18:15:28.7701644Z       "buildkit": "v0.22.0",
2025-08-18T18:15:28.7701954Z       "platforms": "linux/amd64,linux/amd64/v2,linux/amd64/v3,linux/386",
2025-08-18T18:15:28.7702273Z       "features": {
2025-08-18T18:15:28.7702671Z         "Automatically load images to the Docker Engine image store": true,
2025-08-18T18:15:28.7703107Z         "Cache export": true,
2025-08-18T18:15:28.7703329Z         "Direct push": true,
2025-08-18T18:15:28.7703538Z         "Docker exporter": true,
2025-08-18T18:15:28.7703907Z         "Multi-platform build": true,
2025-08-18T18:15:28.7704184Z         "OCI exporter": true
2025-08-18T18:15:28.7704581Z       },
2025-08-18T18:15:28.7704783Z       "labels": {
2025-08-18T18:15:28.7705028Z         "org.mobyproject.buildkit.worker.executor": "oci",
2025-08-18T18:15:28.7705398Z         "org.mobyproject.buildkit.worker.hostname": "99408225ebab",
2025-08-18T18:15:28.7705786Z         "org.mobyproject.buildkit.worker.network": "host",
2025-08-18T18:15:28.7706446Z         "org.mobyproject.buildkit.worker.oci.process-mode": "sandbox",
2025-08-18T18:15:28.7707133Z         "org.mobyproject.buildkit.worker.selinux.enabled": "false",
2025-08-18T18:15:28.7707532Z         "org.mobyproject.buildkit.worker.snapshotter": "overlayfs"
2025-08-18T18:15:28.7707824Z       },
2025-08-18T18:15:28.7707985Z       "gcPolicy": [
2025-08-18T18:15:28.7708415Z         {
2025-08-18T18:15:28.7708587Z           "all": false,
2025-08-18T18:15:28.7708778Z           "filter": [
2025-08-18T18:15:28.7708973Z             "type==source.local",
2025-08-18T18:15:28.7709207Z             "type==exec.cachemount",
2025-08-18T18:15:28.7709442Z             "type==source.git.checkout"
2025-08-18T18:15:28.7709797Z           ],
2025-08-18T18:15:28.7709970Z           "keepDuration": "48h0m0s",
2025-08-18T18:15:28.7710204Z           "maxUsedSpace": "488.3MiB"
2025-08-18T18:15:28.7710403Z         },
2025-08-18T18:15:28.7710554Z         {
2025-08-18T18:15:28.7710704Z           "all": false,
2025-08-18T18:15:28.7710904Z           "keepDuration": "1440h0m0s",
2025-08-18T18:15:28.7711132Z           "reservedSpace": "7.451GiB",
2025-08-18T18:15:28.7711361Z           "maxUsedSpace": "54.02GiB",
2025-08-18T18:15:28.7711588Z           "minFreeSpace": "13.97GiB"
2025-08-18T18:15:28.7711784Z         },
2025-08-18T18:15:28.7711933Z         {
2025-08-18T18:15:28.7712086Z           "all": false,
2025-08-18T18:15:28.7712281Z           "reservedSpace": "7.451GiB",
2025-08-18T18:15:28.7712502Z           "maxUsedSpace": "54.02GiB",
2025-08-18T18:15:28.7712722Z           "minFreeSpace": "13.97GiB"
2025-08-18T18:15:28.7712918Z         },
2025-08-18T18:15:28.7713064Z         {
2025-08-18T18:15:28.7713214Z           "all": true,
2025-08-18T18:15:28.7713405Z           "reservedSpace": "7.451GiB",
2025-08-18T18:15:28.7713628Z           "maxUsedSpace": "54.02GiB",
2025-08-18T18:15:28.7713839Z           "minFreeSpace": "13.97GiB"
2025-08-18T18:15:28.7714045Z         }
2025-08-18T18:15:28.7714183Z       ]
2025-08-18T18:15:28.7714328Z     }
2025-08-18T18:15:28.7714699Z   ],
2025-08-18T18:15:28.7715048Z   "name": "builder-82325332-b493-4dbc-9b6d-da1b3d1c2786",
2025-08-18T18:15:28.7715367Z   "driver": "docker-container",
2025-08-18T18:15:28.7715605Z   "lastActivity": "2025-08-18T18:15:23.000Z"
2025-08-18T18:15:28.7715830Z }
2025-08-18T18:15:28.7716161Z ##[endgroup]
2025-08-18T18:15:28.7716474Z ##[group]BuildKit version
2025-08-18T18:15:28.7716775Z builder-82325332-b493-4dbc-9b6d-da1b3d1c27860: v0.22.0
2025-08-18T18:15:28.7717265Z ##[endgroup]
2025-08-18T18:15:28.7852813Z ##[group]Run docker/login-action@v3
2025-08-18T18:15:28.7853091Z with:
2025-08-18T18:15:28.7853262Z   registry: ghcr.io
2025-08-18T18:15:28.7853465Z   username: AlexBomber12
2025-08-18T18:15:28.7853906Z   password: ***
2025-08-18T18:15:28.7854090Z   ecr: auto
2025-08-18T18:15:28.7854252Z   logout: true
2025-08-18T18:15:28.7854688Z ##[endgroup]
2025-08-18T18:15:29.1230070Z Logging into ghcr.io...
2025-08-18T18:15:29.7462203Z Login Succeeded!
2025-08-18T18:15:29.7587400Z ##[group]Run export COMPOSE_DOCKER_CLI_BUILD=1 DOCKER_BUILDKIT=1
2025-08-18T18:15:29.7587908Z [36;1mexport COMPOSE_DOCKER_CLI_BUILD=1 DOCKER_BUILDKIT=1[0m
2025-08-18T18:15:29.7588213Z [36;1mdocker compose \[0m
2025-08-18T18:15:29.7588444Z [36;1m  -f docker-compose.yml \[0m
2025-08-18T18:15:29.7588724Z [36;1m  -f docker-compose.postgres.yml \[0m
2025-08-18T18:15:29.7588981Z [36;1m  push api[0m
2025-08-18T18:15:29.7734256Z shell: /usr/bin/bash -e {0}
2025-08-18T18:15:29.7734712Z ##[endgroup]
2025-08-18T18:15:29.9050217Z time="2025-08-18T18:15:29Z" level=warning msg="/home/runner/work/AWA-App/AWA-App/docker-compose.postgres.yml: the attribute `version` is obsolete, it will be ignored, please remove it to avoid potential confusion"
2025-08-18T18:15:29.9265679Z  api Skipped 
2025-08-18T18:15:29.9339150Z Post job cleanup.
2025-08-18T18:15:30.2704518Z [command]/usr/bin/docker logout ghcr.io
2025-08-18T18:15:30.2832353Z Removing login credentials for ghcr.io
2025-08-18T18:15:30.2865315Z ##[group]Post cache
2025-08-18T18:15:30.2866942Z State not set
2025-08-18T18:15:30.2868388Z ##[endgroup]
2025-08-18T18:15:30.3009862Z Post job cleanup.
2025-08-18T18:15:30.5798628Z ##[group]Removing builder
2025-08-18T18:15:30.6728091Z [command]/usr/bin/docker buildx rm builder-82325332-b493-4dbc-9b6d-da1b3d1c2786
2025-08-18T18:15:30.8144729Z builder-82325332-b493-4dbc-9b6d-da1b3d1c2786 removed
2025-08-18T18:15:30.8185857Z ##[endgroup]
2025-08-18T18:15:30.8186501Z ##[group]Cleaning up certificates
2025-08-18T18:15:30.8193324Z ##[endgroup]
2025-08-18T18:15:30.8193949Z ##[group]Post cache
2025-08-18T18:15:30.8196392Z State not set
2025-08-18T18:15:30.8197149Z ##[endgroup]
2025-08-18T18:15:30.8328421Z Post job cleanup.
2025-08-18T18:15:30.9328183Z [command]/usr/bin/git version
2025-08-18T18:15:30.9364852Z git version 2.50.1
2025-08-18T18:15:30.9408408Z Temporarily overriding HOME='/home/runner/work/_temp/ef2bf07d-a107-4afd-b5a4-463ddd17e2c0' before making global git config changes
2025-08-18T18:15:30.9409340Z Adding repository directory to the temporary git global config as a safe directory
2025-08-18T18:15:30.9414011Z [command]/usr/bin/git config --global --add safe.directory /home/runner/work/AWA-App/AWA-App
2025-08-18T18:15:30.9451671Z [command]/usr/bin/git config --local --name-only --get-regexp core\.sshCommand
2025-08-18T18:15:30.9485188Z [command]/usr/bin/git submodule foreach --recursive sh -c "git config --local --name-only --get-regexp 'core\.sshCommand' && git config --local --unset-all 'core.sshCommand' || :"
2025-08-18T18:15:30.9715601Z [command]/usr/bin/git config --local --name-only --get-regexp http\.https\:\/\/github\.com\/\.extraheader
2025-08-18T18:15:30.9737081Z http.https://github.com/.extraheader
2025-08-18T18:15:30.9749261Z [command]/usr/bin/git config --local --unset-all http.https://github.com/.extraheader
2025-08-18T18:15:30.9780205Z [command]/usr/bin/git submodule foreach --recursive sh -c "git config --local --name-only --get-regexp 'http\.https\:\/\/github\.com\/\.extraheader' && git config --local --unset-all 'http.https://github.com/.extraheader' || :"
2025-08-18T18:15:31.0116643Z Cleaning up orphan processes
