2025-08-19T15:31:02.9379120Z Current runner version: '2.327.1'
2025-08-19T15:31:02.9411039Z ##[group]Runner Image Provisioner
2025-08-19T15:31:02.9412348Z Hosted Compute Agent
2025-08-19T15:31:02.9413244Z Version: 20250818.377
2025-08-19T15:31:02.9414204Z Commit: 3c593e9f75fe0b87e893bca80d6e12ba089c61fc
2025-08-19T15:31:02.9415388Z Build Date: 2025-08-18T14:52:18Z
2025-08-19T15:31:02.9416296Z ##[endgroup]
2025-08-19T15:31:02.9417174Z ##[group]Operating System
2025-08-19T15:31:02.9418010Z Ubuntu
2025-08-19T15:31:02.9418797Z 24.04.2
2025-08-19T15:31:02.9419648Z LTS
2025-08-19T15:31:02.9420367Z ##[endgroup]
2025-08-19T15:31:02.9421122Z ##[group]Runner Image
2025-08-19T15:31:02.9422246Z Image: ubuntu-24.04
2025-08-19T15:31:02.9423104Z Version: 20250810.1.0
2025-08-19T15:31:02.9424705Z Included Software: https://github.com/actions/runner-images/blob/ubuntu24/20250810.1/images/ubuntu/Ubuntu2404-Readme.md
2025-08-19T15:31:02.9427402Z Image Release: https://github.com/actions/runner-images/releases/tag/ubuntu24%2F20250810.1
2025-08-19T15:31:02.9429001Z ##[endgroup]
2025-08-19T15:31:02.9433390Z ##[group]GITHUB_TOKEN Permissions
2025-08-19T15:31:02.9435965Z Actions: write
2025-08-19T15:31:02.9436978Z Attestations: write
2025-08-19T15:31:02.9437721Z Checks: write
2025-08-19T15:31:02.9438459Z Contents: write
2025-08-19T15:31:02.9439363Z Deployments: write
2025-08-19T15:31:02.9440196Z Discussions: write
2025-08-19T15:31:02.9440911Z Issues: write
2025-08-19T15:31:02.9441968Z Metadata: read
2025-08-19T15:31:02.9442780Z Models: read
2025-08-19T15:31:02.9443540Z Packages: write
2025-08-19T15:31:02.9444399Z Pages: write
2025-08-19T15:31:02.9445146Z PullRequests: write
2025-08-19T15:31:02.9446005Z RepositoryProjects: write
2025-08-19T15:31:02.9446953Z SecurityEvents: write
2025-08-19T15:31:02.9447966Z Statuses: write
2025-08-19T15:31:02.9449283Z ##[endgroup]
2025-08-19T15:31:02.9452754Z Secret source: Actions
2025-08-19T15:31:02.9454218Z Prepare workflow directory
2025-08-19T15:31:02.9899912Z Prepare all required actions
2025-08-19T15:31:02.9955440Z Getting action download info
2025-08-19T15:31:03.2730644Z Download action repository 'actions/checkout@v4' (SHA:08eba0b27e820071cde6df949e0beb9ba4906955)
2025-08-19T15:31:03.5191075Z Download action repository 'docker/setup-buildx-action@v3' (SHA:e468171a9de216ec08956ac3ada2f0791b6bd435)
2025-08-19T15:31:03.8095406Z Download action repository 'docker/login-action@v3' (SHA:184bdaa0721073962dff0199f1fb9940f07167d1)
2025-08-19T15:31:04.1903143Z Complete job name: push-image
2025-08-19T15:31:04.2653316Z ##[group]Run actions/checkout@v4
2025-08-19T15:31:04.2654331Z with:
2025-08-19T15:31:04.2654842Z   repository: AlexBomber12/AWA-App
2025-08-19T15:31:04.2655787Z   token: ***
2025-08-19T15:31:04.2656286Z   ssh-strict: true
2025-08-19T15:31:04.2656810Z   ssh-user: git
2025-08-19T15:31:04.2657308Z   persist-credentials: true
2025-08-19T15:31:04.2657901Z   clean: true
2025-08-19T15:31:04.2658440Z   sparse-checkout-cone-mode: true
2025-08-19T15:31:04.2659078Z   fetch-depth: 1
2025-08-19T15:31:04.2659552Z   fetch-tags: false
2025-08-19T15:31:04.2660061Z   show-progress: true
2025-08-19T15:31:04.2660574Z   lfs: false
2025-08-19T15:31:04.2661007Z   submodules: false
2025-08-19T15:31:04.2661676Z   set-safe-directory: true
2025-08-19T15:31:04.2662518Z ##[endgroup]
2025-08-19T15:31:04.3749401Z Syncing repository: AlexBomber12/AWA-App
2025-08-19T15:31:04.3751726Z ##[group]Getting Git version info
2025-08-19T15:31:04.3752749Z Working directory is '/home/runner/work/AWA-App/AWA-App'
2025-08-19T15:31:04.3754245Z [command]/usr/bin/git version
2025-08-19T15:31:04.3770996Z git version 2.50.1
2025-08-19T15:31:04.3796688Z ##[endgroup]
2025-08-19T15:31:04.3811068Z Temporarily overriding HOME='/home/runner/work/_temp/4e12be76-4927-4c7f-b6bc-a0a057c4533c' before making global git config changes
2025-08-19T15:31:04.3813748Z Adding repository directory to the temporary git global config as a safe directory
2025-08-19T15:31:04.3823834Z [command]/usr/bin/git config --global --add safe.directory /home/runner/work/AWA-App/AWA-App
2025-08-19T15:31:04.3855633Z Deleting the contents of '/home/runner/work/AWA-App/AWA-App'
2025-08-19T15:31:04.3859022Z ##[group]Initializing the repository
2025-08-19T15:31:04.3863232Z [command]/usr/bin/git init /home/runner/work/AWA-App/AWA-App
2025-08-19T15:31:04.3916047Z hint: Using 'master' as the name for the initial branch. This default branch name
2025-08-19T15:31:04.3919184Z hint: is subject to change. To configure the initial branch name to use in all
2025-08-19T15:31:04.3922929Z hint: of your new repositories, which will suppress this warning, call:
2025-08-19T15:31:04.3925770Z hint:
2025-08-19T15:31:04.3927339Z hint: 	git config --global init.defaultBranch <name>
2025-08-19T15:31:04.3929031Z hint:
2025-08-19T15:31:04.3930360Z hint: Names commonly chosen instead of 'master' are 'main', 'trunk' and
2025-08-19T15:31:04.3933121Z hint: 'development'. The just-created branch can be renamed via this command:
2025-08-19T15:31:04.3934979Z hint:
2025-08-19T15:31:04.3935664Z hint: 	git branch -m <name>
2025-08-19T15:31:04.3936559Z hint:
2025-08-19T15:31:04.3937993Z hint: Disable this message with "git config set advice.defaultBranchName false"
2025-08-19T15:31:04.3939720Z Initialized empty Git repository in /home/runner/work/AWA-App/AWA-App/.git/
2025-08-19T15:31:04.3942456Z [command]/usr/bin/git remote add origin https://github.com/AlexBomber12/AWA-App
2025-08-19T15:31:04.3964253Z ##[endgroup]
2025-08-19T15:31:04.3965763Z ##[group]Disabling automatic garbage collection
2025-08-19T15:31:04.3968498Z [command]/usr/bin/git config --local gc.auto 0
2025-08-19T15:31:04.3997278Z ##[endgroup]
2025-08-19T15:31:04.3998772Z ##[group]Setting up auth
2025-08-19T15:31:04.4005049Z [command]/usr/bin/git config --local --name-only --get-regexp core\.sshCommand
2025-08-19T15:31:04.4037090Z [command]/usr/bin/git submodule foreach --recursive sh -c "git config --local --name-only --get-regexp 'core\.sshCommand' && git config --local --unset-all 'core.sshCommand' || :"
2025-08-19T15:31:04.4289857Z [command]/usr/bin/git config --local --name-only --get-regexp http\.https\:\/\/github\.com\/\.extraheader
2025-08-19T15:31:04.4321456Z [command]/usr/bin/git submodule foreach --recursive sh -c "git config --local --name-only --get-regexp 'http\.https\:\/\/github\.com\/\.extraheader' && git config --local --unset-all 'http.https://github.com/.extraheader' || :"
2025-08-19T15:31:04.4536961Z [command]/usr/bin/git config --local http.https://github.com/.extraheader AUTHORIZATION: basic ***
2025-08-19T15:31:04.4570746Z ##[endgroup]
2025-08-19T15:31:04.4572803Z ##[group]Fetching the repository
2025-08-19T15:31:04.4589478Z [command]/usr/bin/git -c protocol.version=2 fetch --no-tags --prune --no-recurse-submodules --depth=1 origin +3e3abb5889d8ee287241b01941573ff4b388f186:refs/remotes/origin/main
2025-08-19T15:31:04.7076603Z From https://github.com/AlexBomber12/AWA-App
2025-08-19T15:31:04.7080453Z  * [new ref]         3e3abb5889d8ee287241b01941573ff4b388f186 -> origin/main
2025-08-19T15:31:04.7102782Z ##[endgroup]
2025-08-19T15:31:04.7104653Z ##[group]Determining the checkout info
2025-08-19T15:31:04.7106786Z ##[endgroup]
2025-08-19T15:31:04.7110895Z [command]/usr/bin/git sparse-checkout disable
2025-08-19T15:31:04.7150210Z [command]/usr/bin/git config --local --unset-all extensions.worktreeConfig
2025-08-19T15:31:04.7179727Z ##[group]Checking out the ref
2025-08-19T15:31:04.7184028Z [command]/usr/bin/git checkout --progress --force -B main refs/remotes/origin/main
2025-08-19T15:31:04.7521752Z Switched to a new branch 'main'
2025-08-19T15:31:04.7523482Z branch 'main' set up to track 'origin/main'.
2025-08-19T15:31:04.7531435Z ##[endgroup]
2025-08-19T15:31:04.7566283Z [command]/usr/bin/git log -1 --format=%H
2025-08-19T15:31:04.7588762Z 3e3abb5889d8ee287241b01941573ff4b388f186
2025-08-19T15:31:04.7856012Z ##[group]Run docker/setup-buildx-action@v3
2025-08-19T15:31:04.7857074Z with:
2025-08-19T15:31:04.7857797Z   driver: docker-container
2025-08-19T15:31:04.7858656Z   install: false
2025-08-19T15:31:04.7859402Z   use: true
2025-08-19T15:31:04.7860130Z   keep-state: false
2025-08-19T15:31:04.7861118Z   cache-binary: true
2025-08-19T15:31:04.7862113Z   cleanup: true
2025-08-19T15:31:04.7862864Z ##[endgroup]
2025-08-19T15:31:05.0756807Z ##[group]Docker info
2025-08-19T15:31:05.0782067Z [command]/usr/bin/docker version
2025-08-19T15:31:05.1159246Z Client: Docker Engine - Community
2025-08-19T15:31:05.1160342Z  Version:           28.0.4
2025-08-19T15:31:05.1161328Z  API version:       1.48
2025-08-19T15:31:05.1162452Z  Go version:        go1.23.7
2025-08-19T15:31:05.1163311Z  Git commit:        b8034c0
2025-08-19T15:31:05.1164193Z  Built:             Tue Mar 25 15:07:16 2025
2025-08-19T15:31:05.1165187Z  OS/Arch:           linux/amd64
2025-08-19T15:31:05.1166347Z  Context:           default
2025-08-19T15:31:05.1166877Z 
2025-08-19T15:31:05.1167224Z Server: Docker Engine - Community
2025-08-19T15:31:05.1168110Z  Engine:
2025-08-19T15:31:05.1168766Z   Version:          28.0.4
2025-08-19T15:31:05.1169707Z   API version:      1.48 (minimum version 1.24)
2025-08-19T15:31:05.1170922Z   Go version:       go1.23.7
2025-08-19T15:31:05.1172032Z   Git commit:       6430e49
2025-08-19T15:31:05.1172906Z   Built:            Tue Mar 25 15:07:16 2025
2025-08-19T15:31:05.1173895Z   OS/Arch:          linux/amd64
2025-08-19T15:31:05.1174827Z   Experimental:     false
2025-08-19T15:31:05.1175680Z  containerd:
2025-08-19T15:31:05.1176417Z   Version:          1.7.27
2025-08-19T15:31:05.1177475Z   GitCommit:        05044ec0a9a75232cad458027ca83437aae3f4da
2025-08-19T15:31:05.1178752Z  runc:
2025-08-19T15:31:05.1179402Z   Version:          1.2.5
2025-08-19T15:31:05.1180230Z   GitCommit:        v1.2.5-0-g59923ef
2025-08-19T15:31:05.1181130Z  docker-init:
2025-08-19T15:31:05.1182089Z   Version:          0.19.0
2025-08-19T15:31:05.1182919Z   GitCommit:        de40ad0
2025-08-19T15:31:05.1212626Z [command]/usr/bin/docker info
2025-08-19T15:31:05.3296112Z Client: Docker Engine - Community
2025-08-19T15:31:05.3297755Z  Version:    28.0.4
2025-08-19T15:31:05.3298925Z  Context:    default
2025-08-19T15:31:05.3299779Z  Debug Mode: false
2025-08-19T15:31:05.3300554Z  Plugins:
2025-08-19T15:31:05.3301264Z   buildx: Docker Buildx (Docker Inc.)
2025-08-19T15:31:05.3302516Z     Version:  v0.26.1
2025-08-19T15:31:05.3303466Z     Path:     /usr/libexec/docker/cli-plugins/docker-buildx
2025-08-19T15:31:05.3304682Z   compose: Docker Compose (Docker Inc.)
2025-08-19T15:31:05.3305674Z     Version:  v2.38.2
2025-08-19T15:31:05.3306619Z     Path:     /usr/libexec/docker/cli-plugins/docker-compose
2025-08-19T15:31:05.3307447Z 
2025-08-19T15:31:05.3307738Z Server:
2025-08-19T15:31:05.3308382Z  Containers: 0
2025-08-19T15:31:05.3309214Z   Running: 0
2025-08-19T15:31:05.3309934Z   Paused: 0
2025-08-19T15:31:05.3310967Z   Stopped: 0
2025-08-19T15:31:05.3312315Z  Images: 0
2025-08-19T15:31:05.3313043Z  Server Version: 28.0.4
2025-08-19T15:31:05.3313830Z  Storage Driver: overlay2
2025-08-19T15:31:05.3314671Z   Backing Filesystem: extfs
2025-08-19T15:31:05.3315531Z   Supports d_type: true
2025-08-19T15:31:05.3316348Z   Using metacopy: false
2025-08-19T15:31:05.3317172Z   Native Overlay Diff: false
2025-08-19T15:31:05.3318234Z   userxattr: false
2025-08-19T15:31:05.3319267Z  Logging Driver: json-file
2025-08-19T15:31:05.3320102Z  Cgroup Driver: systemd
2025-08-19T15:31:05.3320889Z  Cgroup Version: 2
2025-08-19T15:31:05.3321786Z  Plugins:
2025-08-19T15:31:05.3322541Z   Volume: local
2025-08-19T15:31:05.3323472Z   Network: bridge host ipvlan macvlan null overlay
2025-08-19T15:31:05.3325124Z   Log: awslogs fluentd gcplogs gelf journald json-file local splunk syslog
2025-08-19T15:31:05.3326564Z  Swarm: inactive
2025-08-19T15:31:05.3327454Z  Runtimes: runc io.containerd.runc.v2
2025-08-19T15:31:05.3328578Z  Default Runtime: runc
2025-08-19T15:31:05.3329990Z  Init Binary: docker-init
2025-08-19T15:31:05.3331317Z  containerd version: 05044ec0a9a75232cad458027ca83437aae3f4da
2025-08-19T15:31:05.3332993Z  runc version: v1.2.5-0-g59923ef
2025-08-19T15:31:05.3333996Z  init version: de40ad0
2025-08-19T15:31:05.3334918Z  Security Options:
2025-08-19T15:31:05.3335900Z   apparmor
2025-08-19T15:31:05.3336887Z   seccomp
2025-08-19T15:31:05.3337678Z    Profile: builtin
2025-08-19T15:31:05.3338799Z   cgroupns
2025-08-19T15:31:05.3339865Z  Kernel Version: 6.11.0-1018-azure
2025-08-19T15:31:05.3341227Z  Operating System: Ubuntu 24.04.2 LTS
2025-08-19T15:31:05.3342727Z  OSType: linux
2025-08-19T15:31:05.3343472Z  Architecture: x86_64
2025-08-19T15:31:05.3344353Z  CPUs: 4
2025-08-19T15:31:05.3345130Z  Total Memory: 15.62GiB
2025-08-19T15:31:05.3346162Z  Name: pkrvmubgrv54qmi
2025-08-19T15:31:05.3347169Z  ID: 2166c256-3f30-4fc2-abf1-e8d653854173
2025-08-19T15:31:05.3348354Z  Docker Root Dir: /var/lib/docker
2025-08-19T15:31:05.3349445Z  Debug Mode: false
2025-08-19T15:31:05.3350334Z  Username: githubactions
2025-08-19T15:31:05.3351252Z  Experimental: false
2025-08-19T15:31:05.3352282Z  Insecure Registries:
2025-08-19T15:31:05.3356647Z   ::1/128
2025-08-19T15:31:05.3357359Z   127.0.0.0/8
2025-08-19T15:31:05.3358069Z  Live Restore Enabled: false
2025-08-19T15:31:05.3358641Z 
2025-08-19T15:31:05.3359604Z ##[endgroup]
2025-08-19T15:31:05.3993832Z ##[group]Buildx version
2025-08-19T15:31:05.4013249Z [command]/usr/bin/docker buildx version
2025-08-19T15:31:05.4491061Z github.com/docker/buildx v0.26.1 1a8287f22cf5a38339a4c1bf432b803c5f8b2aae
2025-08-19T15:31:05.4524045Z ##[endgroup]
2025-08-19T15:31:05.4677804Z ##[group]Inspecting default docker context
2025-08-19T15:31:05.4820997Z [
2025-08-19T15:31:05.4822670Z   {
2025-08-19T15:31:05.4824030Z     "Name": "default",
2025-08-19T15:31:05.4825526Z     "Metadata": {},
2025-08-19T15:31:05.4826865Z     "Endpoints": {
2025-08-19T15:31:05.4828423Z       "docker": {
2025-08-19T15:31:05.4829867Z         "Host": "unix:///var/run/docker.sock",
2025-08-19T15:31:05.4832102Z         "SkipTLSVerify": false
2025-08-19T15:31:05.4833966Z       }
2025-08-19T15:31:05.4835169Z     },
2025-08-19T15:31:05.4836492Z     "TLSMaterial": {},
2025-08-19T15:31:05.4838092Z     "Storage": {
2025-08-19T15:31:05.4839616Z       "MetadataPath": "<IN MEMORY>",
2025-08-19T15:31:05.4841378Z       "TLSPath": "<IN MEMORY>"
2025-08-19T15:31:05.4843340Z     }
2025-08-19T15:31:05.4844476Z   }
2025-08-19T15:31:05.4845585Z ]
2025-08-19T15:31:05.4847697Z ##[endgroup]
2025-08-19T15:31:05.4849838Z ##[group]Creating a new builder instance
2025-08-19T15:31:05.6025280Z [command]/usr/bin/docker buildx create --name builder-6942339f-c390-484e-91ab-08b80a9c9537 --driver docker-container --buildkitd-flags --allow-insecure-entitlement security.insecure --allow-insecure-entitlement network.host --use
2025-08-19T15:31:05.6739423Z builder-6942339f-c390-484e-91ab-08b80a9c9537
2025-08-19T15:31:05.6773994Z ##[endgroup]
2025-08-19T15:31:05.6775442Z ##[group]Booting builder
2025-08-19T15:31:05.6804869Z [command]/usr/bin/docker buildx inspect --bootstrap --builder builder-6942339f-c390-484e-91ab-08b80a9c9537
2025-08-19T15:31:05.7303956Z #1 [internal] booting buildkit
2025-08-19T15:31:05.8810578Z #1 pulling image moby/buildkit:buildx-stable-1
2025-08-19T15:31:08.4258891Z #1 pulling image moby/buildkit:buildx-stable-1 2.7s done
2025-08-19T15:31:08.5761426Z #1 creating container buildx_buildkit_builder-6942339f-c390-484e-91ab-08b80a9c95370
2025-08-19T15:31:08.8075741Z #1 creating container buildx_buildkit_builder-6942339f-c390-484e-91ab-08b80a9c95370 0.4s done
2025-08-19T15:31:08.8135494Z #1 DONE 3.1s
2025-08-19T15:31:08.8450420Z Name:          builder-6942339f-c390-484e-91ab-08b80a9c9537
2025-08-19T15:31:08.8451282Z Driver:        docker-container
2025-08-19T15:31:08.8454604Z Last Activity: 2025-08-19 15:31:05 +0000 UTC
2025-08-19T15:31:08.8455048Z 
2025-08-19T15:31:08.8455230Z Nodes:
2025-08-19T15:31:08.8455923Z Name:                  builder-6942339f-c390-484e-91ab-08b80a9c95370
2025-08-19T15:31:08.8457052Z Endpoint:              unix:///var/run/docker.sock
2025-08-19T15:31:08.8457809Z Status:                running
2025-08-19T15:31:08.8458907Z BuildKit daemon flags: --allow-insecure-entitlement security.insecure --allow-insecure-entitlement network.host
2025-08-19T15:31:08.8460009Z BuildKit version:      v0.23.2
2025-08-19T15:31:08.8461192Z Platforms:             linux/amd64, linux/amd64/v2, linux/amd64/v3, linux/386
2025-08-19T15:31:08.8462338Z Labels:
2025-08-19T15:31:08.8462951Z  org.mobyproject.buildkit.worker.executor:         oci
2025-08-19T15:31:08.8463731Z  org.mobyproject.buildkit.worker.hostname:         3dac017f884d
2025-08-19T15:31:08.8464767Z  org.mobyproject.buildkit.worker.network:          host
2025-08-19T15:31:08.8465678Z  org.mobyproject.buildkit.worker.oci.process-mode: sandbox
2025-08-19T15:31:08.8466497Z  org.mobyproject.buildkit.worker.selinux.enabled:  false
2025-08-19T15:31:08.8467437Z  org.mobyproject.buildkit.worker.snapshotter:      overlayfs
2025-08-19T15:31:08.8468161Z GC Policy rule#0:
2025-08-19T15:31:08.8468677Z  All:            false
2025-08-19T15:31:08.8469528Z  Filters:        type==source.local,type==exec.cachemount,type==source.git.checkout
2025-08-19T15:31:08.8470420Z  Keep Duration:  48h0m0s
2025-08-19T15:31:08.8470962Z  Max Used Space: 488.3MiB
2025-08-19T15:31:08.8471746Z GC Policy rule#1:
2025-08-19T15:31:08.8472274Z  All:            false
2025-08-19T15:31:08.8472829Z  Keep Duration:  1440h0m0s
2025-08-19T15:31:08.8474430Z  Reserved Space: 7.451GiB
2025-08-19T15:31:08.8475050Z  Max Used Space: 54.02GiB
2025-08-19T15:31:08.8475557Z  Min Free Space: 13.97GiB
2025-08-19T15:31:08.8482076Z GC Policy rule#2:
2025-08-19T15:31:08.8482670Z  All:            false
2025-08-19T15:31:08.8483160Z  Reserved Space: 7.451GiB
2025-08-19T15:31:08.8483798Z  Max Used Space: 54.02GiB
2025-08-19T15:31:08.8484457Z  Min Free Space: 13.97GiB
2025-08-19T15:31:08.8484949Z GC Policy rule#3:
2025-08-19T15:31:08.8485494Z  All:            true
2025-08-19T15:31:08.8485987Z  Reserved Space: 7.451GiB
2025-08-19T15:31:08.8486526Z  Max Used Space: 54.02GiB
2025-08-19T15:31:08.8582045Z  Min Free Space: 13.97GiB
2025-08-19T15:31:08.8585006Z ##[endgroup]
2025-08-19T15:31:08.9443349Z ##[group]Inspect builder
2025-08-19T15:31:08.9452491Z {
2025-08-19T15:31:08.9452879Z   "nodes": [
2025-08-19T15:31:08.9453214Z     {
2025-08-19T15:31:08.9453694Z       "name": "builder-6942339f-c390-484e-91ab-08b80a9c95370",
2025-08-19T15:31:08.9454304Z       "endpoint": "unix:///var/run/docker.sock",
2025-08-19T15:31:08.9454783Z       "status": "running",
2025-08-19T15:31:08.9455557Z       "buildkitd-flags": "--allow-insecure-entitlement security.insecure --allow-insecure-entitlement network.host",
2025-08-19T15:31:08.9456334Z       "buildkit": "v0.23.2",
2025-08-19T15:31:08.9456812Z       "platforms": "linux/amd64,linux/amd64/v2,linux/amd64/v3,linux/386",
2025-08-19T15:31:08.9457348Z       "features": {
2025-08-19T15:31:08.9457836Z         "Automatically load images to the Docker Engine image store": true,
2025-08-19T15:31:08.9458432Z         "Cache export": true,
2025-08-19T15:31:08.9458810Z         "Direct push": true,
2025-08-19T15:31:08.9459143Z         "Docker exporter": true,
2025-08-19T15:31:08.9459511Z         "Multi-platform build": true,
2025-08-19T15:31:08.9459900Z         "OCI exporter": true
2025-08-19T15:31:08.9460199Z       },
2025-08-19T15:31:08.9460459Z       "labels": {
2025-08-19T15:31:08.9460847Z         "org.mobyproject.buildkit.worker.executor": "oci",
2025-08-19T15:31:08.9461476Z         "org.mobyproject.buildkit.worker.hostname": "3dac017f884d",
2025-08-19T15:31:08.9462293Z         "org.mobyproject.buildkit.worker.network": "host",
2025-08-19T15:31:08.9462946Z         "org.mobyproject.buildkit.worker.oci.process-mode": "sandbox",
2025-08-19T15:31:08.9463641Z         "org.mobyproject.buildkit.worker.selinux.enabled": "false",
2025-08-19T15:31:08.9464310Z         "org.mobyproject.buildkit.worker.snapshotter": "overlayfs"
2025-08-19T15:31:08.9464801Z       },
2025-08-19T15:31:08.9465078Z       "gcPolicy": [
2025-08-19T15:31:08.9465632Z         {
2025-08-19T15:31:08.9465909Z           "all": false,
2025-08-19T15:31:08.9466214Z           "filter": [
2025-08-19T15:31:08.9466535Z             "type==source.local",
2025-08-19T15:31:08.9466926Z             "type==exec.cachemount",
2025-08-19T15:31:08.9467331Z             "type==source.git.checkout"
2025-08-19T15:31:08.9467937Z           ],
2025-08-19T15:31:08.9468231Z           "keepDuration": "48h0m0s",
2025-08-19T15:31:08.9468624Z           "maxUsedSpace": "488.3MiB"
2025-08-19T15:31:08.9468981Z         },
2025-08-19T15:31:08.9469242Z         {
2025-08-19T15:31:08.9469502Z           "all": false,
2025-08-19T15:31:08.9469845Z           "keepDuration": "1440h0m0s",
2025-08-19T15:31:08.9470248Z           "reservedSpace": "7.451GiB",
2025-08-19T15:31:08.9470648Z           "maxUsedSpace": "54.02GiB",
2025-08-19T15:31:08.9471046Z           "minFreeSpace": "13.97GiB"
2025-08-19T15:31:08.9471394Z         },
2025-08-19T15:31:08.9471827Z         {
2025-08-19T15:31:08.9472103Z           "all": false,
2025-08-19T15:31:08.9472448Z           "reservedSpace": "7.451GiB",
2025-08-19T15:31:08.9472845Z           "maxUsedSpace": "54.02GiB",
2025-08-19T15:31:08.9473234Z           "minFreeSpace": "13.97GiB"
2025-08-19T15:31:08.9473594Z         },
2025-08-19T15:31:08.9473853Z         {
2025-08-19T15:31:08.9474130Z           "all": true,
2025-08-19T15:31:08.9474451Z           "reservedSpace": "7.451GiB",
2025-08-19T15:31:08.9474850Z           "maxUsedSpace": "54.02GiB",
2025-08-19T15:31:08.9475223Z           "minFreeSpace": "13.97GiB"
2025-08-19T15:31:08.9475587Z         }
2025-08-19T15:31:08.9475835Z       ]
2025-08-19T15:31:08.9476093Z     }
2025-08-19T15:31:08.9476332Z   ],
2025-08-19T15:31:08.9476684Z   "name": "builder-6942339f-c390-484e-91ab-08b80a9c9537",
2025-08-19T15:31:08.9477165Z   "driver": "docker-container",
2025-08-19T15:31:08.9477570Z   "lastActivity": "2025-08-19T15:31:05.000Z"
2025-08-19T15:31:08.9477945Z }
2025-08-19T15:31:08.9478706Z ##[endgroup]
2025-08-19T15:31:08.9479250Z ##[group]BuildKit version
2025-08-19T15:31:08.9479772Z builder-6942339f-c390-484e-91ab-08b80a9c95370: v0.23.2
2025-08-19T15:31:08.9480573Z ##[endgroup]
2025-08-19T15:31:08.9620487Z ##[group]Run docker/login-action@v3
2025-08-19T15:31:08.9620760Z with:
2025-08-19T15:31:08.9620948Z   registry: ghcr.io
2025-08-19T15:31:08.9621163Z   username: AlexBomber12
2025-08-19T15:31:08.9621947Z   password: ***
2025-08-19T15:31:08.9622149Z   ecr: auto
2025-08-19T15:31:08.9622321Z   logout: true
2025-08-19T15:31:08.9622496Z ##[endgroup]
2025-08-19T15:31:09.3045352Z Logging into ghcr.io...
2025-08-19T15:31:09.6936127Z Login Succeeded!
2025-08-19T15:31:09.7058757Z ##[group]Run export COMPOSE_DOCKER_CLI_BUILD=1 DOCKER_BUILDKIT=1
2025-08-19T15:31:09.7059254Z [36;1mexport COMPOSE_DOCKER_CLI_BUILD=1 DOCKER_BUILDKIT=1[0m
2025-08-19T15:31:09.7059567Z [36;1mdocker compose \[0m
2025-08-19T15:31:09.7059800Z [36;1m  -f docker-compose.yml \[0m
2025-08-19T15:31:09.7060078Z [36;1m  -f docker-compose.postgres.yml \[0m
2025-08-19T15:31:09.7060347Z [36;1m  push api[0m
2025-08-19T15:31:09.7128067Z shell: /usr/bin/bash -e {0}
2025-08-19T15:31:09.7128339Z ##[endgroup]
2025-08-19T15:31:09.8536987Z time="2025-08-19T15:31:09Z" level=warning msg="/home/runner/work/AWA-App/AWA-App/docker-compose.postgres.yml: the attribute `version` is obsolete, it will be ignored, please remove it to avoid potential confusion"
2025-08-19T15:31:09.8823874Z  api Skipped 
2025-08-19T15:31:09.8900549Z Post job cleanup.
2025-08-19T15:31:10.2247174Z [command]/usr/bin/docker logout ghcr.io
2025-08-19T15:31:10.2390215Z Removing login credentials for ghcr.io
2025-08-19T15:31:10.2425743Z ##[group]Post cache
2025-08-19T15:31:10.2427044Z State not set
2025-08-19T15:31:10.2428330Z ##[endgroup]
2025-08-19T15:31:10.2585425Z Post job cleanup.
2025-08-19T15:31:10.5331141Z ##[group]Removing builder
2025-08-19T15:31:10.6275228Z [command]/usr/bin/docker buildx rm builder-6942339f-c390-484e-91ab-08b80a9c9537
2025-08-19T15:31:10.7638909Z builder-6942339f-c390-484e-91ab-08b80a9c9537 removed
2025-08-19T15:31:10.7672270Z ##[endgroup]
2025-08-19T15:31:10.7673703Z ##[group]Cleaning up certificates
2025-08-19T15:31:10.7679889Z ##[endgroup]
2025-08-19T15:31:10.7680666Z ##[group]Post cache
2025-08-19T15:31:10.7682904Z State not set
2025-08-19T15:31:10.7683675Z ##[endgroup]
2025-08-19T15:31:10.7814215Z Post job cleanup.
2025-08-19T15:31:10.8746391Z [command]/usr/bin/git version
2025-08-19T15:31:10.8781936Z git version 2.50.1
2025-08-19T15:31:10.8826773Z Temporarily overriding HOME='/home/runner/work/_temp/a7629828-764b-485c-8421-3fbf4a14951c' before making global git config changes
2025-08-19T15:31:10.8828038Z Adding repository directory to the temporary git global config as a safe directory
2025-08-19T15:31:10.8833296Z [command]/usr/bin/git config --global --add safe.directory /home/runner/work/AWA-App/AWA-App
2025-08-19T15:31:10.8869933Z [command]/usr/bin/git config --local --name-only --get-regexp core\.sshCommand
2025-08-19T15:31:10.8903525Z [command]/usr/bin/git submodule foreach --recursive sh -c "git config --local --name-only --get-regexp 'core\.sshCommand' && git config --local --unset-all 'core.sshCommand' || :"
2025-08-19T15:31:10.9123405Z [command]/usr/bin/git config --local --name-only --get-regexp http\.https\:\/\/github\.com\/\.extraheader
2025-08-19T15:31:10.9143639Z http.https://github.com/.extraheader
2025-08-19T15:31:10.9155988Z [command]/usr/bin/git config --local --unset-all http.https://github.com/.extraheader
2025-08-19T15:31:10.9186610Z [command]/usr/bin/git submodule foreach --recursive sh -c "git config --local --name-only --get-regexp 'http\.https\:\/\/github\.com\/\.extraheader' && git config --local --unset-all 'http.https://github.com/.extraheader' || :"
2025-08-19T15:31:10.9505367Z Cleaning up orphan processes
