2025-08-20T19:43:42.4812169Z Current runner version: '2.328.0'
2025-08-20T19:43:42.4837272Z ##[group]Runner Image Provisioner
2025-08-20T19:43:42.4838428Z Hosted Compute Agent
2025-08-20T19:43:42.4838958Z Version: 20250818.377
2025-08-20T19:43:42.4839559Z Commit: 3c593e9f75fe0b87e893bca80d6e12ba089c61fc
2025-08-20T19:43:42.4840325Z Build Date: 2025-08-18T14:52:18Z
2025-08-20T19:43:42.4840933Z ##[endgroup]
2025-08-20T19:43:42.4841463Z ##[group]Operating System
2025-08-20T19:43:42.4842130Z Ubuntu
2025-08-20T19:43:42.4842595Z 24.04.2
2025-08-20T19:43:42.4843067Z LTS
2025-08-20T19:43:42.4843576Z ##[endgroup]
2025-08-20T19:43:42.4844042Z ##[group]Runner Image
2025-08-20T19:43:42.4844628Z Image: ubuntu-24.04
2025-08-20T19:43:42.4845132Z Version: 20250818.1.0
2025-08-20T19:43:42.4846146Z Included Software: https://github.com/actions/runner-images/blob/ubuntu24/20250818.1/images/ubuntu/Ubuntu2404-Readme.md
2025-08-20T19:43:42.4847876Z Image Release: https://github.com/actions/runner-images/releases/tag/ubuntu24%2F20250818.1
2025-08-20T19:43:42.4848978Z ##[endgroup]
2025-08-20T19:43:42.4851521Z ##[group]GITHUB_TOKEN Permissions
2025-08-20T19:43:42.4853854Z Actions: write
2025-08-20T19:43:42.4854384Z Attestations: write
2025-08-20T19:43:42.4854974Z Checks: write
2025-08-20T19:43:42.4855456Z Contents: write
2025-08-20T19:43:42.4855970Z Deployments: write
2025-08-20T19:43:42.4856441Z Discussions: write
2025-08-20T19:43:42.4857061Z Issues: write
2025-08-20T19:43:42.4857812Z Metadata: read
2025-08-20T19:43:42.4858415Z Models: read
2025-08-20T19:43:42.4858899Z Packages: write
2025-08-20T19:43:42.4859418Z Pages: write
2025-08-20T19:43:42.4859958Z PullRequests: write
2025-08-20T19:43:42.4860518Z RepositoryProjects: write
2025-08-20T19:43:42.4861083Z SecurityEvents: write
2025-08-20T19:43:42.4861659Z Statuses: write
2025-08-20T19:43:42.4862248Z ##[endgroup]
2025-08-20T19:43:42.4864288Z Secret source: Actions
2025-08-20T19:43:42.4865002Z Prepare workflow directory
2025-08-20T19:43:42.5190381Z Prepare all required actions
2025-08-20T19:43:42.5229822Z Getting action download info
2025-08-20T19:43:42.8379223Z Download action repository 'actions/checkout@v4' (SHA:08eba0b27e820071cde6df949e0beb9ba4906955)
2025-08-20T19:43:42.9409488Z Download action repository 'docker/setup-buildx-action@v3' (SHA:e468171a9de216ec08956ac3ada2f0791b6bd435)
2025-08-20T19:43:43.2941022Z Download action repository 'docker/login-action@v3' (SHA:184bdaa0721073962dff0199f1fb9940f07167d1)
2025-08-20T19:43:43.7274330Z Complete job name: push-image
2025-08-20T19:43:43.7989073Z ##[group]Run actions/checkout@v4
2025-08-20T19:43:43.7989985Z with:
2025-08-20T19:43:43.7990462Z   repository: AlexBomber12/AWA-App
2025-08-20T19:43:43.7991227Z   token: ***
2025-08-20T19:43:43.7991628Z   ssh-strict: true
2025-08-20T19:43:43.7992040Z   ssh-user: git
2025-08-20T19:43:43.7992462Z   persist-credentials: true
2025-08-20T19:43:43.7992947Z   clean: true
2025-08-20T19:43:43.7993367Z   sparse-checkout-cone-mode: true
2025-08-20T19:43:43.7993894Z   fetch-depth: 1
2025-08-20T19:43:43.7994297Z   fetch-tags: false
2025-08-20T19:43:43.7994752Z   show-progress: true
2025-08-20T19:43:43.7995201Z   lfs: false
2025-08-20T19:43:43.7995603Z   submodules: false
2025-08-20T19:43:43.7996044Z   set-safe-directory: true
2025-08-20T19:43:43.7996737Z ##[endgroup]
2025-08-20T19:43:43.9066464Z Syncing repository: AlexBomber12/AWA-App
2025-08-20T19:43:43.9068586Z ##[group]Getting Git version info
2025-08-20T19:43:43.9069384Z Working directory is '/home/runner/work/AWA-App/AWA-App'
2025-08-20T19:43:43.9070543Z [command]/usr/bin/git version
2025-08-20T19:43:43.9142867Z git version 2.51.0
2025-08-20T19:43:43.9169178Z ##[endgroup]
2025-08-20T19:43:43.9183937Z Temporarily overriding HOME='/home/runner/work/_temp/0a88af03-51c4-4926-83cf-e35c5f3c5096' before making global git config changes
2025-08-20T19:43:43.9186285Z Adding repository directory to the temporary git global config as a safe directory
2025-08-20T19:43:43.9195987Z [command]/usr/bin/git config --global --add safe.directory /home/runner/work/AWA-App/AWA-App
2025-08-20T19:43:43.9233005Z Deleting the contents of '/home/runner/work/AWA-App/AWA-App'
2025-08-20T19:43:43.9236844Z ##[group]Initializing the repository
2025-08-20T19:43:43.9241041Z [command]/usr/bin/git init /home/runner/work/AWA-App/AWA-App
2025-08-20T19:43:43.9320027Z hint: Using 'master' as the name for the initial branch. This default branch name
2025-08-20T19:43:43.9321292Z hint: is subject to change. To configure the initial branch name to use in all
2025-08-20T19:43:43.9322383Z hint: of your new repositories, which will suppress this warning, call:
2025-08-20T19:43:43.9323147Z hint:
2025-08-20T19:43:43.9323654Z hint: 	git config --global init.defaultBranch <name>
2025-08-20T19:43:43.9324297Z hint:
2025-08-20T19:43:43.9324895Z hint: Names commonly chosen instead of 'master' are 'main', 'trunk' and
2025-08-20T19:43:43.9325948Z hint: 'development'. The just-created branch can be renamed via this command:
2025-08-20T19:43:43.9326748Z hint:
2025-08-20T19:43:43.9327284Z hint: 	git branch -m <name>
2025-08-20T19:43:43.9328238Z hint:
2025-08-20T19:43:43.9329525Z hint: Disable this message with "git config set advice.defaultBranchName false"
2025-08-20T19:43:43.9331435Z Initialized empty Git repository in /home/runner/work/AWA-App/AWA-App/.git/
2025-08-20T19:43:43.9339844Z [command]/usr/bin/git remote add origin https://github.com/AlexBomber12/AWA-App
2025-08-20T19:43:43.9378644Z ##[endgroup]
2025-08-20T19:43:43.9379901Z ##[group]Disabling automatic garbage collection
2025-08-20T19:43:43.9383356Z [command]/usr/bin/git config --local gc.auto 0
2025-08-20T19:43:43.9412438Z ##[endgroup]
2025-08-20T19:43:43.9413725Z ##[group]Setting up auth
2025-08-20T19:43:43.9420411Z [command]/usr/bin/git config --local --name-only --get-regexp core\.sshCommand
2025-08-20T19:43:43.9451812Z [command]/usr/bin/git submodule foreach --recursive sh -c "git config --local --name-only --get-regexp 'core\.sshCommand' && git config --local --unset-all 'core.sshCommand' || :"
2025-08-20T19:43:43.9773293Z [command]/usr/bin/git config --local --name-only --get-regexp http\.https\:\/\/github\.com\/\.extraheader
2025-08-20T19:43:43.9803926Z [command]/usr/bin/git submodule foreach --recursive sh -c "git config --local --name-only --get-regexp 'http\.https\:\/\/github\.com\/\.extraheader' && git config --local --unset-all 'http.https://github.com/.extraheader' || :"
2025-08-20T19:43:44.0019816Z [command]/usr/bin/git config --local http.https://github.com/.extraheader AUTHORIZATION: basic ***
2025-08-20T19:43:44.0054428Z ##[endgroup]
2025-08-20T19:43:44.0055233Z ##[group]Fetching the repository
2025-08-20T19:43:44.0071659Z [command]/usr/bin/git -c protocol.version=2 fetch --no-tags --prune --no-recurse-submodules --depth=1 origin +98c0a425aabc460133863015d69b2b4beb24686c:refs/remotes/origin/main
2025-08-20T19:43:44.2866043Z From https://github.com/AlexBomber12/AWA-App
2025-08-20T19:43:44.2869031Z  * [new ref]         98c0a425aabc460133863015d69b2b4beb24686c -> origin/main
2025-08-20T19:43:44.2896731Z ##[endgroup]
2025-08-20T19:43:44.2898049Z ##[group]Determining the checkout info
2025-08-20T19:43:44.2899581Z ##[endgroup]
2025-08-20T19:43:44.2904160Z [command]/usr/bin/git sparse-checkout disable
2025-08-20T19:43:44.2945349Z [command]/usr/bin/git config --local --unset-all extensions.worktreeConfig
2025-08-20T19:43:44.2972977Z ##[group]Checking out the ref
2025-08-20T19:43:44.2976024Z [command]/usr/bin/git checkout --progress --force -B main refs/remotes/origin/main
2025-08-20T19:43:44.3328502Z Switched to a new branch 'main'
2025-08-20T19:43:44.3330895Z branch 'main' set up to track 'origin/main'.
2025-08-20T19:43:44.3339762Z ##[endgroup]
2025-08-20T19:43:44.3375048Z [command]/usr/bin/git log -1 --format=%H
2025-08-20T19:43:44.3397292Z 98c0a425aabc460133863015d69b2b4beb24686c
2025-08-20T19:43:44.3681602Z ##[group]Run docker/setup-buildx-action@v3
2025-08-20T19:43:44.3682843Z with:
2025-08-20T19:43:44.3683664Z   driver: docker-container
2025-08-20T19:43:44.3684652Z   install: false
2025-08-20T19:43:44.3685512Z   use: true
2025-08-20T19:43:44.3686325Z   keep-state: false
2025-08-20T19:43:44.3687589Z   cache-binary: true
2025-08-20T19:43:44.3688500Z   cleanup: true
2025-08-20T19:43:44.3689342Z ##[endgroup]
2025-08-20T19:43:44.6622362Z ##[group]Docker info
2025-08-20T19:43:44.6645485Z [command]/usr/bin/docker version
2025-08-20T19:43:44.7538898Z Client: Docker Engine - Community
2025-08-20T19:43:44.7541574Z  Version:           28.0.4
2025-08-20T19:43:44.7543031Z  API version:       1.48
2025-08-20T19:43:44.7544426Z  Go version:        go1.23.7
2025-08-20T19:43:44.7545894Z  Git commit:        b8034c0
2025-08-20T19:43:44.7547590Z  Built:             Tue Mar 25 15:07:16 2025
2025-08-20T19:43:44.7549319Z  OS/Arch:           linux/amd64
2025-08-20T19:43:44.7550962Z  Context:           default
2025-08-20T19:43:44.7551597Z 
2025-08-20T19:43:44.7551987Z Server: Docker Engine - Community
2025-08-20T19:43:44.7552970Z  Engine:
2025-08-20T19:43:44.7553699Z   Version:          28.0.4
2025-08-20T19:43:44.7554700Z   API version:      1.48 (minimum version 1.24)
2025-08-20T19:43:44.7555870Z   Go version:       go1.23.7
2025-08-20T19:43:44.7556826Z   Git commit:       6430e49
2025-08-20T19:43:44.7557997Z   Built:            Tue Mar 25 15:07:16 2025
2025-08-20T19:43:44.7559077Z   OS/Arch:          linux/amd64
2025-08-20T19:43:44.7560061Z   Experimental:     false
2025-08-20T19:43:44.7560957Z  containerd:
2025-08-20T19:43:44.7561741Z   Version:          1.7.27
2025-08-20T19:43:44.7562841Z   GitCommit:        05044ec0a9a75232cad458027ca83437aae3f4da
2025-08-20T19:43:44.7564044Z  runc:
2025-08-20T19:43:44.7564760Z   Version:          1.2.5
2025-08-20T19:43:44.7565709Z   GitCommit:        v1.2.5-0-g59923ef
2025-08-20T19:43:44.7566712Z  docker-init:
2025-08-20T19:43:44.7567948Z   Version:          0.19.0
2025-08-20T19:43:44.7568924Z   GitCommit:        de40ad0
2025-08-20T19:43:44.7590714Z [command]/usr/bin/docker info
2025-08-20T19:43:46.9874932Z Client: Docker Engine - Community
2025-08-20T19:43:46.9876612Z  Version:    28.0.4
2025-08-20T19:43:46.9876992Z  Context:    default
2025-08-20T19:43:46.9877521Z  Debug Mode: false
2025-08-20T19:43:46.9877951Z  Plugins:
2025-08-20T19:43:46.9878324Z   buildx: Docker Buildx (Docker Inc.)
2025-08-20T19:43:46.9878782Z     Version:  v0.26.1
2025-08-20T19:43:46.9879260Z     Path:     /usr/libexec/docker/cli-plugins/docker-buildx
2025-08-20T19:43:46.9879818Z   compose: Docker Compose (Docker Inc.)
2025-08-20T19:43:46.9880283Z     Version:  v2.38.2
2025-08-20T19:43:46.9880758Z     Path:     /usr/libexec/docker/cli-plugins/docker-compose
2025-08-20T19:43:46.9881142Z 
2025-08-20T19:43:46.9881281Z Server:
2025-08-20T19:43:46.9881598Z  Containers: 0
2025-08-20T19:43:46.9881955Z   Running: 0
2025-08-20T19:43:46.9882391Z   Paused: 0
2025-08-20T19:43:46.9882744Z   Stopped: 0
2025-08-20T19:43:46.9883096Z  Images: 0
2025-08-20T19:43:46.9883427Z  Server Version: 28.0.4
2025-08-20T19:43:46.9883832Z  Storage Driver: overlay2
2025-08-20T19:43:46.9884232Z   Backing Filesystem: extfs
2025-08-20T19:43:46.9884635Z   Supports d_type: true
2025-08-20T19:43:46.9885008Z   Using metacopy: false
2025-08-20T19:43:46.9885406Z   Native Overlay Diff: false
2025-08-20T19:43:46.9885802Z   userxattr: false
2025-08-20T19:43:46.9886164Z  Logging Driver: json-file
2025-08-20T19:43:46.9886567Z  Cgroup Driver: systemd
2025-08-20T19:43:46.9886968Z  Cgroup Version: 2
2025-08-20T19:43:46.9887488Z  Plugins:
2025-08-20T19:43:46.9887925Z   Volume: local
2025-08-20T19:43:46.9888372Z   Network: bridge host ipvlan macvlan null overlay
2025-08-20T19:43:46.9889174Z   Log: awslogs fluentd gcplogs gelf journald json-file local splunk syslog
2025-08-20T19:43:46.9889781Z  Swarm: inactive
2025-08-20T19:43:46.9890168Z  Runtimes: io.containerd.runc.v2 runc
2025-08-20T19:43:46.9890658Z  Default Runtime: runc
2025-08-20T19:43:46.9891406Z  Init Binary: docker-init
2025-08-20T19:43:46.9891878Z  containerd version: 05044ec0a9a75232cad458027ca83437aae3f4da
2025-08-20T19:43:46.9892227Z  runc version: v1.2.5-0-g59923ef
2025-08-20T19:43:46.9892504Z  init version: de40ad0
2025-08-20T19:43:46.9892734Z  Security Options:
2025-08-20T19:43:46.9892954Z   apparmor
2025-08-20T19:43:46.9893326Z   seccomp
2025-08-20T19:43:46.9893529Z    Profile: builtin
2025-08-20T19:43:46.9893752Z   cgroupns
2025-08-20T19:43:46.9893967Z  Kernel Version: 6.11.0-1018-azure
2025-08-20T19:43:46.9894258Z  Operating System: Ubuntu 24.04.2 LTS
2025-08-20T19:43:46.9894528Z  OSType: linux
2025-08-20T19:43:46.9894751Z  Architecture: x86_64
2025-08-20T19:43:46.9894970Z  CPUs: 4
2025-08-20T19:43:46.9895179Z  Total Memory: 15.62GiB
2025-08-20T19:43:46.9895564Z  Name: pkrvmqc4gcfdwos
2025-08-20T19:43:46.9895992Z  ID: 1c1cbb44-b30d-44d5-842a-37462128d90e
2025-08-20T19:43:46.9896469Z  Docker Root Dir: /var/lib/docker
2025-08-20T19:43:46.9896791Z  Debug Mode: false
2025-08-20T19:43:46.9897037Z  Username: githubactions
2025-08-20T19:43:46.9897280Z  Experimental: false
2025-08-20T19:43:46.9897813Z  Insecure Registries:
2025-08-20T19:43:46.9901599Z   ::1/128
2025-08-20T19:43:46.9902053Z   127.0.0.0/8
2025-08-20T19:43:46.9902389Z  Live Restore Enabled: false
2025-08-20T19:43:46.9902739Z 
2025-08-20T19:43:46.9903568Z ##[endgroup]
2025-08-20T19:43:47.0992747Z ##[group]Buildx version
2025-08-20T19:43:47.1013379Z [command]/usr/bin/docker buildx version
2025-08-20T19:43:47.1600392Z github.com/docker/buildx v0.26.1 1a8287f22cf5a38339a4c1bf432b803c5f8b2aae
2025-08-20T19:43:47.1630939Z ##[endgroup]
2025-08-20T19:43:47.1782415Z ##[group]Inspecting default docker context
2025-08-20T19:43:47.1922466Z [
2025-08-20T19:43:47.1923207Z   {
2025-08-20T19:43:47.1923678Z     "Name": "default",
2025-08-20T19:43:47.1924169Z     "Metadata": {},
2025-08-20T19:43:47.1924862Z     "Endpoints": {
2025-08-20T19:43:47.1925303Z       "docker": {
2025-08-20T19:43:47.1925867Z         "Host": "unix:///var/run/docker.sock",
2025-08-20T19:43:47.1926649Z         "SkipTLSVerify": false
2025-08-20T19:43:47.1927051Z       }
2025-08-20T19:43:47.1927304Z     },
2025-08-20T19:43:47.1927883Z     "TLSMaterial": {},
2025-08-20T19:43:47.1928234Z     "Storage": {
2025-08-20T19:43:47.1928567Z       "MetadataPath": "<IN MEMORY>",
2025-08-20T19:43:47.1929160Z       "TLSPath": "<IN MEMORY>"
2025-08-20T19:43:47.1929496Z     }
2025-08-20T19:43:47.1929919Z   }
2025-08-20T19:43:47.1930168Z ]
2025-08-20T19:43:47.1930999Z ##[endgroup]
2025-08-20T19:43:47.1931679Z ##[group]Creating a new builder instance
2025-08-20T19:43:47.3140945Z [command]/usr/bin/docker buildx create --name builder-f12a7a2a-0ffe-40d1-b67e-e89532f5b8d9 --driver docker-container --buildkitd-flags --allow-insecure-entitlement security.insecure --allow-insecure-entitlement network.host --use
2025-08-20T19:43:47.3974077Z builder-f12a7a2a-0ffe-40d1-b67e-e89532f5b8d9
2025-08-20T19:43:47.4007904Z ##[endgroup]
2025-08-20T19:43:47.4009086Z ##[group]Booting builder
2025-08-20T19:43:47.4041168Z [command]/usr/bin/docker buildx inspect --bootstrap --builder builder-f12a7a2a-0ffe-40d1-b67e-e89532f5b8d9
2025-08-20T19:43:47.4621122Z #1 [internal] booting buildkit
2025-08-20T19:43:47.6123788Z #1 pulling image moby/buildkit:buildx-stable-1
2025-08-20T19:43:51.2730244Z #1 pulling image moby/buildkit:buildx-stable-1 3.8s done
2025-08-20T19:43:51.4234683Z #1 creating container buildx_buildkit_builder-f12a7a2a-0ffe-40d1-b67e-e89532f5b8d90
2025-08-20T19:43:51.5447938Z #1 creating container buildx_buildkit_builder-f12a7a2a-0ffe-40d1-b67e-e89532f5b8d90 0.3s done
2025-08-20T19:43:51.5501733Z #1 DONE 4.1s
2025-08-20T19:43:51.5858468Z Name:          builder-f12a7a2a-0ffe-40d1-b67e-e89532f5b8d9
2025-08-20T19:43:51.5859110Z Driver:        docker-container
2025-08-20T19:43:51.5859728Z Last Activity: 2025-08-20 19:43:47 +0000 UTC
2025-08-20T19:43:51.5859940Z 
2025-08-20T19:43:51.5860034Z Nodes:
2025-08-20T19:43:51.5860342Z Name:                  builder-f12a7a2a-0ffe-40d1-b67e-e89532f5b8d90
2025-08-20T19:43:51.5861157Z Endpoint:              unix:///var/run/docker.sock
2025-08-20T19:43:51.5861582Z Status:                running
2025-08-20T19:43:51.5862137Z BuildKit daemon flags: --allow-insecure-entitlement security.insecure --allow-insecure-entitlement network.host
2025-08-20T19:43:51.5862750Z BuildKit version:      v0.23.2
2025-08-20T19:43:51.5863312Z Platforms:             linux/amd64, linux/amd64/v2, linux/amd64/v3, linux/386
2025-08-20T19:43:51.5863675Z Labels:
2025-08-20T19:43:51.5864076Z  org.mobyproject.buildkit.worker.executor:         oci
2025-08-20T19:43:51.5864501Z  org.mobyproject.buildkit.worker.hostname:         702652e62daf
2025-08-20T19:43:51.5864963Z  org.mobyproject.buildkit.worker.network:          host
2025-08-20T19:43:51.5865468Z  org.mobyproject.buildkit.worker.oci.process-mode: sandbox
2025-08-20T19:43:51.5865899Z  org.mobyproject.buildkit.worker.selinux.enabled:  false
2025-08-20T19:43:51.5866351Z  org.mobyproject.buildkit.worker.snapshotter:      overlayfs
2025-08-20T19:43:51.5866764Z GC Policy rule#0:
2025-08-20T19:43:51.5867057Z  All:            false
2025-08-20T19:43:51.5867681Z  Filters:        type==source.local,type==exec.cachemount,type==source.git.checkout
2025-08-20T19:43:51.5868192Z  Keep Duration:  48h0m0s
2025-08-20T19:43:51.5868504Z  Max Used Space: 488.3MiB
2025-08-20T19:43:51.5868755Z GC Policy rule#1:
2025-08-20T19:43:51.5869088Z  All:            false
2025-08-20T19:43:51.5869343Z  Keep Duration:  1440h0m0s
2025-08-20T19:43:51.5869630Z  Reserved Space: 7.451GiB
2025-08-20T19:43:51.5869858Z  Max Used Space: 54.02GiB
2025-08-20T19:43:51.5870211Z  Min Free Space: 13.97GiB
2025-08-20T19:43:51.5870457Z GC Policy rule#2:
2025-08-20T19:43:51.5870734Z  All:            false
2025-08-20T19:43:51.5871062Z  Reserved Space: 7.451GiB
2025-08-20T19:43:51.5871307Z  Max Used Space: 54.02GiB
2025-08-20T19:43:51.5871567Z  Min Free Space: 13.97GiB
2025-08-20T19:43:51.5871860Z GC Policy rule#3:
2025-08-20T19:43:51.5872114Z  All:            true
2025-08-20T19:43:51.5872381Z  Reserved Space: 7.451GiB
2025-08-20T19:43:51.5872700Z  Max Used Space: 54.02GiB
2025-08-20T19:43:51.5872942Z  Min Free Space: 13.97GiB
2025-08-20T19:43:51.5904164Z ##[endgroup]
2025-08-20T19:43:51.6791656Z ##[group]Inspect builder
2025-08-20T19:43:51.6856242Z {
2025-08-20T19:43:51.6856733Z   "nodes": [
2025-08-20T19:43:51.6857268Z     {
2025-08-20T19:43:51.6857872Z       "name": "builder-f12a7a2a-0ffe-40d1-b67e-e89532f5b8d90",
2025-08-20T19:43:51.6858390Z       "endpoint": "unix:///var/run/docker.sock",
2025-08-20T19:43:51.6858851Z       "status": "running",
2025-08-20T19:43:51.6859604Z       "buildkitd-flags": "--allow-insecure-entitlement security.insecure --allow-insecure-entitlement network.host",
2025-08-20T19:43:51.6860389Z       "buildkit": "v0.23.2",
2025-08-20T19:43:51.6860873Z       "platforms": "linux/amd64,linux/amd64/v2,linux/amd64/v3,linux/386",
2025-08-20T19:43:51.6861332Z       "features": {
2025-08-20T19:43:51.6861618Z         "Automatically load images to the Docker Engine image store": true,
2025-08-20T19:43:51.6861972Z         "Cache export": true,
2025-08-20T19:43:51.6862195Z         "Direct push": true,
2025-08-20T19:43:51.6862405Z         "Docker exporter": true,
2025-08-20T19:43:51.6862634Z         "Multi-platform build": true,
2025-08-20T19:43:51.6862862Z         "OCI exporter": true
2025-08-20T19:43:51.6863059Z       },
2025-08-20T19:43:51.6863218Z       "labels": {
2025-08-20T19:43:51.6863449Z         "org.mobyproject.buildkit.worker.executor": "oci",
2025-08-20T19:43:51.6863808Z         "org.mobyproject.buildkit.worker.hostname": "702652e62daf",
2025-08-20T19:43:51.6864155Z         "org.mobyproject.buildkit.worker.network": "host",
2025-08-20T19:43:51.6864522Z         "org.mobyproject.buildkit.worker.oci.process-mode": "sandbox",
2025-08-20T19:43:51.6864918Z         "org.mobyproject.buildkit.worker.selinux.enabled": "false",
2025-08-20T19:43:51.6865296Z         "org.mobyproject.buildkit.worker.snapshotter": "overlayfs"
2025-08-20T19:43:51.6865588Z       },
2025-08-20T19:43:51.6865739Z       "gcPolicy": [
2025-08-20T19:43:51.6866144Z         {
2025-08-20T19:43:51.6866305Z           "all": false,
2025-08-20T19:43:51.6866490Z           "filter": [
2025-08-20T19:43:51.6866671Z             "type==source.local",
2025-08-20T19:43:51.6866938Z             "type==exec.cachemount",
2025-08-20T19:43:51.6867167Z             "type==source.git.checkout"
2025-08-20T19:43:51.6867824Z           ],
2025-08-20T19:43:51.6868006Z           "keepDuration": "48h0m0s",
2025-08-20T19:43:51.6868224Z           "maxUsedSpace": "488.3MiB"
2025-08-20T19:43:51.6868428Z         },
2025-08-20T19:43:51.6868572Z         {
2025-08-20T19:43:51.6868726Z           "all": false,
2025-08-20T19:43:51.6868917Z           "keepDuration": "1440h0m0s",
2025-08-20T19:43:51.6869145Z           "reservedSpace": "7.451GiB",
2025-08-20T19:43:51.6869389Z           "maxUsedSpace": "54.02GiB",
2025-08-20T19:43:51.6869611Z           "minFreeSpace": "13.97GiB"
2025-08-20T19:43:51.6869827Z         },
2025-08-20T19:43:51.6869976Z         {
2025-08-20T19:43:51.6870128Z           "all": false,
2025-08-20T19:43:51.6870338Z           "reservedSpace": "7.451GiB",
2025-08-20T19:43:51.6870559Z           "maxUsedSpace": "54.02GiB",
2025-08-20T19:43:51.6870770Z           "minFreeSpace": "13.97GiB"
2025-08-20T19:43:51.6870974Z         },
2025-08-20T19:43:51.6871115Z         {
2025-08-20T19:43:51.6871271Z           "all": true,
2025-08-20T19:43:51.6871455Z           "reservedSpace": "7.451GiB",
2025-08-20T19:43:51.6871677Z           "maxUsedSpace": "54.02GiB",
2025-08-20T19:43:51.6871887Z           "minFreeSpace": "13.97GiB"
2025-08-20T19:43:51.6872087Z         }
2025-08-20T19:43:51.6872227Z       ]
2025-08-20T19:43:51.6872375Z     }
2025-08-20T19:43:51.6872517Z   ],
2025-08-20T19:43:51.6872723Z   "name": "builder-f12a7a2a-0ffe-40d1-b67e-e89532f5b8d9",
2025-08-20T19:43:51.6873026Z   "driver": "docker-container",
2025-08-20T19:43:51.6873255Z   "lastActivity": "2025-08-20T19:43:47.000Z"
2025-08-20T19:43:51.6873485Z }
2025-08-20T19:43:51.6873827Z ##[endgroup]
2025-08-20T19:43:51.6874135Z ##[group]BuildKit version
2025-08-20T19:43:51.6874390Z builder-f12a7a2a-0ffe-40d1-b67e-e89532f5b8d90: v0.23.2
2025-08-20T19:43:51.6874778Z ##[endgroup]
2025-08-20T19:43:51.6952764Z ##[group]Run docker/login-action@v3
2025-08-20T19:43:51.6953037Z with:
2025-08-20T19:43:51.6953208Z   registry: ghcr.io
2025-08-20T19:43:51.6953413Z   username: AlexBomber12
2025-08-20T19:43:51.6954023Z   password: ***
2025-08-20T19:43:51.6954211Z   ecr: auto
2025-08-20T19:43:51.6954363Z   logout: true
2025-08-20T19:43:51.6954535Z ##[endgroup]
2025-08-20T19:43:52.0253767Z Logging into ghcr.io...
2025-08-20T19:43:52.1821889Z Login Succeeded!
2025-08-20T19:43:52.1945776Z ##[group]Run export COMPOSE_DOCKER_CLI_BUILD=1 DOCKER_BUILDKIT=1
2025-08-20T19:43:52.1946270Z [36;1mexport COMPOSE_DOCKER_CLI_BUILD=1 DOCKER_BUILDKIT=1[0m
2025-08-20T19:43:52.1946587Z [36;1mdocker compose \[0m
2025-08-20T19:43:52.1946815Z [36;1m  -f docker-compose.yml \[0m
2025-08-20T19:43:52.1947092Z [36;1m  -f docker-compose.postgres.yml \[0m
2025-08-20T19:43:52.1947556Z [36;1m  push api[0m
2025-08-20T19:43:52.2021533Z shell: /usr/bin/bash -e {0}
2025-08-20T19:43:52.2021770Z ##[endgroup]
2025-08-20T19:43:52.3582737Z  api Skipped 
2025-08-20T19:43:52.3656949Z Post job cleanup.
2025-08-20T19:43:52.7177605Z [command]/usr/bin/docker logout ghcr.io
2025-08-20T19:43:52.7315269Z Removing login credentials for ghcr.io
2025-08-20T19:43:52.7351738Z ##[group]Post cache
2025-08-20T19:43:52.7353252Z State not set
2025-08-20T19:43:52.7354378Z ##[endgroup]
2025-08-20T19:43:52.7487067Z Post job cleanup.
2025-08-20T19:43:53.0302031Z ##[group]Removing builder
2025-08-20T19:43:53.1298525Z [command]/usr/bin/docker buildx rm builder-f12a7a2a-0ffe-40d1-b67e-e89532f5b8d9
2025-08-20T19:43:53.2623393Z builder-f12a7a2a-0ffe-40d1-b67e-e89532f5b8d9 removed
2025-08-20T19:43:53.2655462Z ##[endgroup]
2025-08-20T19:43:53.2657002Z ##[group]Cleaning up certificates
2025-08-20T19:43:53.2663423Z ##[endgroup]
2025-08-20T19:43:53.2664065Z ##[group]Post cache
2025-08-20T19:43:53.2665981Z State not set
2025-08-20T19:43:53.2666675Z ##[endgroup]
2025-08-20T19:43:53.2796221Z Post job cleanup.
2025-08-20T19:43:53.3722989Z [command]/usr/bin/git version
2025-08-20T19:43:53.3760211Z git version 2.51.0
2025-08-20T19:43:53.3807806Z Temporarily overriding HOME='/home/runner/work/_temp/b23e77c6-8734-4344-8b54-28683e7de256' before making global git config changes
2025-08-20T19:43:53.3809346Z Adding repository directory to the temporary git global config as a safe directory
2025-08-20T19:43:53.3814623Z [command]/usr/bin/git config --global --add safe.directory /home/runner/work/AWA-App/AWA-App
2025-08-20T19:43:53.3855616Z [command]/usr/bin/git config --local --name-only --get-regexp core\.sshCommand
2025-08-20T19:43:53.3887987Z [command]/usr/bin/git submodule foreach --recursive sh -c "git config --local --name-only --get-regexp 'core\.sshCommand' && git config --local --unset-all 'core.sshCommand' || :"
2025-08-20T19:43:53.4109365Z [command]/usr/bin/git config --local --name-only --get-regexp http\.https\:\/\/github\.com\/\.extraheader
2025-08-20T19:43:53.4129494Z http.https://github.com/.extraheader
2025-08-20T19:43:53.4141639Z [command]/usr/bin/git config --local --unset-all http.https://github.com/.extraheader
2025-08-20T19:43:53.4172199Z [command]/usr/bin/git submodule foreach --recursive sh -c "git config --local --name-only --get-regexp 'http\.https\:\/\/github\.com\/\.extraheader' && git config --local --unset-all 'http.https://github.com/.extraheader' || :"
2025-08-20T19:43:53.4483023Z Cleaning up orphan processes
