2025-08-17T03:05:39.1389732Z Current runner version: '2.327.1'
2025-08-17T03:05:39.1413620Z ##[group]Runner Image Provisioner
2025-08-17T03:05:39.1414535Z Hosted Compute Agent
2025-08-17T03:05:39.1415047Z Version: 20250812.370
2025-08-17T03:05:39.1415636Z Commit: 4a2b2bf7520004e3e907c2150c8cabe342a3da32
2025-08-17T03:05:39.1416361Z Build Date: 2025-08-12T16:08:14Z
2025-08-17T03:05:39.1416952Z ##[endgroup]
2025-08-17T03:05:39.1417472Z ##[group]Operating System
2025-08-17T03:05:39.1418429Z Ubuntu
2025-08-17T03:05:39.1418895Z 24.04.2
2025-08-17T03:05:39.1419363Z LTS
2025-08-17T03:05:39.1419878Z ##[endgroup]
2025-08-17T03:05:39.1420344Z ##[group]Runner Image
2025-08-17T03:05:39.1420924Z Image: ubuntu-24.04
2025-08-17T03:05:39.1421421Z Version: 20250810.1.0
2025-08-17T03:05:39.1422438Z Included Software: https://github.com/actions/runner-images/blob/ubuntu24/20250810.1/images/ubuntu/Ubuntu2404-Readme.md
2025-08-17T03:05:39.1423926Z Image Release: https://github.com/actions/runner-images/releases/tag/ubuntu24%2F20250810.1
2025-08-17T03:05:39.1424963Z ##[endgroup]
2025-08-17T03:05:39.1427385Z ##[group]GITHUB_TOKEN Permissions
2025-08-17T03:05:39.1429887Z Actions: write
2025-08-17T03:05:39.1430403Z Attestations: write
2025-08-17T03:05:39.1430992Z Checks: write
2025-08-17T03:05:39.1431469Z Contents: write
2025-08-17T03:05:39.1431969Z Deployments: write
2025-08-17T03:05:39.1432420Z Discussions: write
2025-08-17T03:05:39.1433027Z Issues: write
2025-08-17T03:05:39.1433464Z Metadata: read
2025-08-17T03:05:39.1433927Z Models: read
2025-08-17T03:05:39.1434439Z Packages: write
2025-08-17T03:05:39.1434937Z Pages: write
2025-08-17T03:05:39.1435417Z PullRequests: write
2025-08-17T03:05:39.1436003Z RepositoryProjects: write
2025-08-17T03:05:39.1436569Z SecurityEvents: write
2025-08-17T03:05:39.1437149Z Statuses: write
2025-08-17T03:05:39.1437704Z ##[endgroup]
2025-08-17T03:05:39.1439905Z Secret source: Actions
2025-08-17T03:05:39.1440600Z Prepare workflow directory
2025-08-17T03:05:39.1767305Z Prepare all required actions
2025-08-17T03:05:39.1816200Z Getting action download info
2025-08-17T03:05:39.6091091Z Download action repository 'actions/checkout@v4' (SHA:08eba0b27e820071cde6df949e0beb9ba4906955)
2025-08-17T03:05:40.1589606Z Download action repository 'docker/setup-buildx-action@v3' (SHA:e468171a9de216ec08956ac3ada2f0791b6bd435)
2025-08-17T03:05:40.8099389Z Download action repository 'docker/login-action@v3' (SHA:184bdaa0721073962dff0199f1fb9940f07167d1)
2025-08-17T03:05:41.6133698Z Complete job name: push-image
2025-08-17T03:05:41.6912729Z ##[group]Run actions/checkout@v4
2025-08-17T03:05:41.6914089Z with:
2025-08-17T03:05:41.6914874Z   repository: AlexBomber12/AWA-App
2025-08-17T03:05:41.6916196Z   token: ***
2025-08-17T03:05:41.6916963Z   ssh-strict: true
2025-08-17T03:05:41.6917738Z   ssh-user: git
2025-08-17T03:05:41.6918726Z   persist-credentials: true
2025-08-17T03:05:41.6919642Z   clean: true
2025-08-17T03:05:41.6920461Z   sparse-checkout-cone-mode: true
2025-08-17T03:05:41.6921444Z   fetch-depth: 1
2025-08-17T03:05:41.6922231Z   fetch-tags: false
2025-08-17T03:05:41.6923052Z   show-progress: true
2025-08-17T03:05:41.6923888Z   lfs: false
2025-08-17T03:05:41.6924635Z   submodules: false
2025-08-17T03:05:41.6925458Z   set-safe-directory: true
2025-08-17T03:05:41.6926612Z ##[endgroup]
2025-08-17T03:05:41.8004701Z Syncing repository: AlexBomber12/AWA-App
2025-08-17T03:05:41.8007343Z ##[group]Getting Git version info
2025-08-17T03:05:41.8008934Z Working directory is '/home/runner/work/AWA-App/AWA-App'
2025-08-17T03:05:41.8010865Z [command]/usr/bin/git version
2025-08-17T03:05:41.8040315Z git version 2.50.1
2025-08-17T03:05:41.8066102Z ##[endgroup]
2025-08-17T03:05:41.8080997Z Temporarily overriding HOME='/home/runner/work/_temp/92acf1c4-6bbe-4bc2-89e8-5021a8dbf35c' before making global git config changes
2025-08-17T03:05:41.8084747Z Adding repository directory to the temporary git global config as a safe directory
2025-08-17T03:05:41.8092687Z [command]/usr/bin/git config --global --add safe.directory /home/runner/work/AWA-App/AWA-App
2025-08-17T03:05:41.8125968Z Deleting the contents of '/home/runner/work/AWA-App/AWA-App'
2025-08-17T03:05:41.8129788Z ##[group]Initializing the repository
2025-08-17T03:05:41.8133481Z [command]/usr/bin/git init /home/runner/work/AWA-App/AWA-App
2025-08-17T03:05:41.8202792Z hint: Using 'master' as the name for the initial branch. This default branch name
2025-08-17T03:05:41.8205915Z hint: is subject to change. To configure the initial branch name to use in all
2025-08-17T03:05:41.8207967Z hint: of your new repositories, which will suppress this warning, call:
2025-08-17T03:05:41.8209384Z hint:
2025-08-17T03:05:41.8210792Z hint: 	git config --global init.defaultBranch <name>
2025-08-17T03:05:41.8212943Z hint:
2025-08-17T03:05:41.8214452Z hint: Names commonly chosen instead of 'master' are 'main', 'trunk' and
2025-08-17T03:05:41.8216779Z hint: 'development'. The just-created branch can be renamed via this command:
2025-08-17T03:05:41.8218427Z hint:
2025-08-17T03:05:41.8219181Z hint: 	git branch -m <name>
2025-08-17T03:05:41.8220055Z hint:
2025-08-17T03:05:41.8221242Z hint: Disable this message with "git config set advice.defaultBranchName false"
2025-08-17T03:05:41.8223188Z Initialized empty Git repository in /home/runner/work/AWA-App/AWA-App/.git/
2025-08-17T03:05:41.8226261Z [command]/usr/bin/git remote add origin https://github.com/AlexBomber12/AWA-App
2025-08-17T03:05:41.8249008Z ##[endgroup]
2025-08-17T03:05:41.8250437Z ##[group]Disabling automatic garbage collection
2025-08-17T03:05:41.8252334Z [command]/usr/bin/git config --local gc.auto 0
2025-08-17T03:05:41.8280685Z ##[endgroup]
2025-08-17T03:05:41.8282747Z ##[group]Setting up auth
2025-08-17T03:05:41.8287189Z [command]/usr/bin/git config --local --name-only --get-regexp core\.sshCommand
2025-08-17T03:05:41.8316099Z [command]/usr/bin/git submodule foreach --recursive sh -c "git config --local --name-only --get-regexp 'core\.sshCommand' && git config --local --unset-all 'core.sshCommand' || :"
2025-08-17T03:05:41.8583317Z [command]/usr/bin/git config --local --name-only --get-regexp http\.https\:\/\/github\.com\/\.extraheader
2025-08-17T03:05:41.8612164Z [command]/usr/bin/git submodule foreach --recursive sh -c "git config --local --name-only --get-regexp 'http\.https\:\/\/github\.com\/\.extraheader' && git config --local --unset-all 'http.https://github.com/.extraheader' || :"
2025-08-17T03:05:41.8836786Z [command]/usr/bin/git config --local http.https://github.com/.extraheader AUTHORIZATION: basic ***
2025-08-17T03:05:41.8870941Z ##[endgroup]
2025-08-17T03:05:41.8873350Z ##[group]Fetching the repository
2025-08-17T03:05:41.8889587Z [command]/usr/bin/git -c protocol.version=2 fetch --no-tags --prune --no-recurse-submodules --depth=1 origin +d311cb98c675c79b46da7308d923ff5c71746a1e:refs/remotes/origin/main
2025-08-17T03:05:42.3668526Z From https://github.com/AlexBomber12/AWA-App
2025-08-17T03:05:42.3670665Z  * [new ref]         d311cb98c675c79b46da7308d923ff5c71746a1e -> origin/main
2025-08-17T03:05:42.3692900Z ##[endgroup]
2025-08-17T03:05:42.3694478Z ##[group]Determining the checkout info
2025-08-17T03:05:42.3696260Z ##[endgroup]
2025-08-17T03:05:42.3700447Z [command]/usr/bin/git sparse-checkout disable
2025-08-17T03:05:42.3742547Z [command]/usr/bin/git config --local --unset-all extensions.worktreeConfig
2025-08-17T03:05:42.3773824Z ##[group]Checking out the ref
2025-08-17T03:05:42.3776858Z [command]/usr/bin/git checkout --progress --force -B main refs/remotes/origin/main
2025-08-17T03:05:42.4097601Z Switched to a new branch 'main'
2025-08-17T03:05:42.4099646Z branch 'main' set up to track 'origin/main'.
2025-08-17T03:05:42.4108368Z ##[endgroup]
2025-08-17T03:05:42.4145771Z [command]/usr/bin/git log -1 --format=%H
2025-08-17T03:05:42.4168965Z d311cb98c675c79b46da7308d923ff5c71746a1e
2025-08-17T03:05:42.4434660Z ##[group]Run docker/setup-buildx-action@v3
2025-08-17T03:05:42.4435619Z with:
2025-08-17T03:05:42.4436234Z   driver: docker-container
2025-08-17T03:05:42.4436992Z   install: false
2025-08-17T03:05:42.4437629Z   use: true
2025-08-17T03:05:42.4438563Z   keep-state: false
2025-08-17T03:05:42.4439491Z   cache-binary: true
2025-08-17T03:05:42.4440181Z   cleanup: true
2025-08-17T03:05:42.4440816Z ##[endgroup]
2025-08-17T03:05:42.7283316Z ##[group]Docker info
2025-08-17T03:05:42.7304022Z [command]/usr/bin/docker version
2025-08-17T03:05:42.8076015Z Client: Docker Engine - Community
2025-08-17T03:05:42.8078416Z  Version:           28.0.4
2025-08-17T03:05:42.8079313Z  API version:       1.48
2025-08-17T03:05:42.8080187Z  Go version:        go1.23.7
2025-08-17T03:05:42.8081065Z  Git commit:        b8034c0
2025-08-17T03:05:42.8081969Z  Built:             Tue Mar 25 15:07:16 2025
2025-08-17T03:05:42.8082967Z  OS/Arch:           linux/amd64
2025-08-17T03:05:42.8083919Z  Context:           default
2025-08-17T03:05:42.8084501Z 
2025-08-17T03:05:42.8084826Z Server: Docker Engine - Community
2025-08-17T03:05:42.8085750Z  Engine:
2025-08-17T03:05:42.8086443Z   Version:          28.0.4
2025-08-17T03:05:42.8087383Z   API version:      1.48 (minimum version 1.24)
2025-08-17T03:05:42.8088674Z   Go version:       go1.23.7
2025-08-17T03:05:42.8089552Z   Git commit:       6430e49
2025-08-17T03:05:42.8090433Z   Built:            Tue Mar 25 15:07:16 2025
2025-08-17T03:05:42.8091427Z   OS/Arch:          linux/amd64
2025-08-17T03:05:42.8092304Z   Experimental:     false
2025-08-17T03:05:42.8093132Z  containerd:
2025-08-17T03:05:42.8093872Z   Version:          1.7.27
2025-08-17T03:05:42.8094893Z   GitCommit:        05044ec0a9a75232cad458027ca83437aae3f4da
2025-08-17T03:05:42.8095990Z  runc:
2025-08-17T03:05:42.8096666Z   Version:          1.2.5
2025-08-17T03:05:42.8097540Z   GitCommit:        v1.2.5-0-g59923ef
2025-08-17T03:05:42.8099015Z  docker-init:
2025-08-17T03:05:42.8099771Z   Version:          0.19.0
2025-08-17T03:05:42.8100639Z   GitCommit:        de40ad0
2025-08-17T03:05:42.8137064Z [command]/usr/bin/docker info
2025-08-17T03:05:44.8462899Z Client: Docker Engine - Community
2025-08-17T03:05:44.8463343Z  Version:    28.0.4
2025-08-17T03:05:44.8463624Z  Context:    default
2025-08-17T03:05:44.8463895Z  Debug Mode: false
2025-08-17T03:05:44.8464207Z  Plugins:
2025-08-17T03:05:44.8464496Z   buildx: Docker Buildx (Docker Inc.)
2025-08-17T03:05:44.8464892Z     Version:  v0.26.1
2025-08-17T03:05:44.8465284Z     Path:     /usr/libexec/docker/cli-plugins/docker-buildx
2025-08-17T03:05:44.8465843Z   compose: Docker Compose (Docker Inc.)
2025-08-17T03:05:44.8466290Z     Version:  v2.38.2
2025-08-17T03:05:44.8466769Z     Path:     /usr/libexec/docker/cli-plugins/docker-compose
2025-08-17T03:05:44.8467353Z 
2025-08-17T03:05:44.8467602Z Server:
2025-08-17T03:05:44.8468174Z  Containers: 0
2025-08-17T03:05:44.8468540Z   Running: 0
2025-08-17T03:05:44.8468946Z   Paused: 0
2025-08-17T03:05:44.8469286Z   Stopped: 0
2025-08-17T03:05:44.8469620Z  Images: 0
2025-08-17T03:05:44.8469975Z  Server Version: 28.0.4
2025-08-17T03:05:44.8470369Z  Storage Driver: overlay2
2025-08-17T03:05:44.8470824Z   Backing Filesystem: extfs
2025-08-17T03:05:44.8471280Z   Supports d_type: true
2025-08-17T03:05:44.8471736Z   Using metacopy: false
2025-08-17T03:05:44.8472175Z   Native Overlay Diff: false
2025-08-17T03:05:44.8472580Z   userxattr: false
2025-08-17T03:05:44.8472968Z  Logging Driver: json-file
2025-08-17T03:05:44.8473432Z  Cgroup Driver: systemd
2025-08-17T03:05:44.8473786Z  Cgroup Version: 2
2025-08-17T03:05:44.8474167Z  Plugins:
2025-08-17T03:05:44.8474734Z   Volume: local
2025-08-17T03:05:44.8475235Z   Network: bridge host ipvlan macvlan null overlay
2025-08-17T03:05:44.8476082Z   Log: awslogs fluentd gcplogs gelf journald json-file local splunk syslog
2025-08-17T03:05:44.8476781Z  Swarm: inactive
2025-08-17T03:05:44.8477208Z  Runtimes: io.containerd.runc.v2 runc
2025-08-17T03:05:44.8477698Z  Default Runtime: runc
2025-08-17T03:05:44.8478747Z  Init Binary: docker-init
2025-08-17T03:05:44.8479289Z  containerd version: 05044ec0a9a75232cad458027ca83437aae3f4da
2025-08-17T03:05:44.8479795Z  runc version: v1.2.5-0-g59923ef
2025-08-17T03:05:44.8480173Z  init version: de40ad0
2025-08-17T03:05:44.8480494Z  Security Options:
2025-08-17T03:05:44.8480791Z   apparmor
2025-08-17T03:05:44.8481272Z   seccomp
2025-08-17T03:05:44.8481544Z    Profile: builtin
2025-08-17T03:05:44.8481843Z   cgroupns
2025-08-17T03:05:44.8482138Z  Kernel Version: 6.11.0-1018-azure
2025-08-17T03:05:44.8482581Z  Operating System: Ubuntu 24.04.2 LTS
2025-08-17T03:05:44.8482939Z  OSType: linux
2025-08-17T03:05:44.8483294Z  Architecture: x86_64
2025-08-17T03:05:44.8483576Z  CPUs: 4
2025-08-17T03:05:44.8483879Z  Total Memory: 15.62GiB
2025-08-17T03:05:44.8484232Z  Name: pkrvmubgrv54qmi
2025-08-17T03:05:44.8484598Z  ID: 2166c256-3f30-4fc2-abf1-e8d653854173
2025-08-17T03:05:44.8485032Z  Docker Root Dir: /var/lib/docker
2025-08-17T03:05:44.8485426Z  Debug Mode: false
2025-08-17T03:05:44.8485760Z  Username: githubactions
2025-08-17T03:05:44.8486120Z  Experimental: false
2025-08-17T03:05:44.8486448Z  Insecure Registries:
2025-08-17T03:05:44.8491703Z   ::1/128
2025-08-17T03:05:44.8492017Z   127.0.0.0/8
2025-08-17T03:05:44.8492327Z  Live Restore Enabled: false
2025-08-17T03:05:44.8492579Z 
2025-08-17T03:05:44.8493395Z ##[endgroup]
2025-08-17T03:05:44.9365094Z ##[group]Buildx version
2025-08-17T03:05:44.9392687Z [command]/usr/bin/docker buildx version
2025-08-17T03:05:44.9968465Z github.com/docker/buildx v0.26.1 1a8287f22cf5a38339a4c1bf432b803c5f8b2aae
2025-08-17T03:05:45.0004521Z ##[endgroup]
2025-08-17T03:05:45.0164272Z ##[group]Inspecting default docker context
2025-08-17T03:05:45.0311085Z [
2025-08-17T03:05:45.0311624Z   {
2025-08-17T03:05:45.0312104Z     "Name": "default",
2025-08-17T03:05:45.0312568Z     "Metadata": {},
2025-08-17T03:05:45.0313109Z     "Endpoints": {
2025-08-17T03:05:45.0313574Z       "docker": {
2025-08-17T03:05:45.0314059Z         "Host": "unix:///var/run/docker.sock",
2025-08-17T03:05:45.0314804Z         "SkipTLSVerify": false
2025-08-17T03:05:45.0315288Z       }
2025-08-17T03:05:45.0315674Z     },
2025-08-17T03:05:45.0316043Z     "TLSMaterial": {},
2025-08-17T03:05:45.0316701Z     "Storage": {
2025-08-17T03:05:45.0317202Z       "MetadataPath": "<IN MEMORY>",
2025-08-17T03:05:45.0318022Z       "TLSPath": "<IN MEMORY>"
2025-08-17T03:05:45.0318704Z     }
2025-08-17T03:05:45.0319071Z   }
2025-08-17T03:05:45.0319468Z ]
2025-08-17T03:05:45.0320587Z ##[endgroup]
2025-08-17T03:05:45.0321690Z ##[group]Creating a new builder instance
2025-08-17T03:05:45.1537934Z [command]/usr/bin/docker buildx create --name builder-5f567fae-b056-4170-a8d1-673d140331b1 --driver docker-container --buildkitd-flags --allow-insecure-entitlement security.insecure --allow-insecure-entitlement network.host --use
2025-08-17T03:05:45.2237445Z builder-5f567fae-b056-4170-a8d1-673d140331b1
2025-08-17T03:05:45.2273788Z ##[endgroup]
2025-08-17T03:05:45.2274624Z ##[group]Booting builder
2025-08-17T03:05:45.2315867Z [command]/usr/bin/docker buildx inspect --bootstrap --builder builder-5f567fae-b056-4170-a8d1-673d140331b1
2025-08-17T03:05:45.2867741Z #1 [internal] booting buildkit
2025-08-17T03:05:45.4374312Z #1 pulling image moby/buildkit:buildx-stable-1
2025-08-17T03:05:51.0749638Z #1 pulling image moby/buildkit:buildx-stable-1 5.8s done
2025-08-17T03:05:51.2252498Z #1 creating container buildx_buildkit_builder-5f567fae-b056-4170-a8d1-673d140331b10
2025-08-17T03:05:51.3238823Z #1 creating container buildx_buildkit_builder-5f567fae-b056-4170-a8d1-673d140331b10 0.2s done
2025-08-17T03:05:51.3259201Z #1 DONE 6.0s
2025-08-17T03:05:51.3570549Z Name:          builder-5f567fae-b056-4170-a8d1-673d140331b1
2025-08-17T03:05:51.3573539Z Driver:        docker-container
2025-08-17T03:05:51.3574120Z Last Activity: 2025-08-17 03:05:45 +0000 UTC
2025-08-17T03:05:51.3574418Z 
2025-08-17T03:05:51.3574727Z Nodes:
2025-08-17T03:05:51.3575153Z Name:                  builder-5f567fae-b056-4170-a8d1-673d140331b10
2025-08-17T03:05:51.3576139Z Endpoint:              unix:///var/run/docker.sock
2025-08-17T03:05:51.3576709Z Status:                running
2025-08-17T03:05:51.3577611Z BuildKit daemon flags: --allow-insecure-entitlement security.insecure --allow-insecure-entitlement network.host
2025-08-17T03:05:51.3578717Z BuildKit version:      v0.22.0
2025-08-17T03:05:51.3579576Z Platforms:             linux/amd64, linux/amd64/v2, linux/amd64/v3, linux/386
2025-08-17T03:05:51.3580202Z Labels:
2025-08-17T03:05:51.3580632Z  org.mobyproject.buildkit.worker.executor:         oci
2025-08-17T03:05:51.3581395Z  org.mobyproject.buildkit.worker.hostname:         d103f291030b
2025-08-17T03:05:51.3582097Z  org.mobyproject.buildkit.worker.network:          host
2025-08-17T03:05:51.3582847Z  org.mobyproject.buildkit.worker.oci.process-mode: sandbox
2025-08-17T03:05:51.3583610Z  org.mobyproject.buildkit.worker.selinux.enabled:  false
2025-08-17T03:05:51.3584312Z  org.mobyproject.buildkit.worker.snapshotter:      overlayfs
2025-08-17T03:05:51.3584913Z GC Policy rule#0:
2025-08-17T03:05:51.3585258Z  All:            false
2025-08-17T03:05:51.3585932Z  Filters:        type==source.local,type==exec.cachemount,type==source.git.checkout
2025-08-17T03:05:51.3586604Z  Keep Duration:  48h0m0s
2025-08-17T03:05:51.3587020Z  Max Used Space: 488.3MiB
2025-08-17T03:05:51.3587479Z GC Policy rule#1:
2025-08-17T03:05:51.3588141Z  All:            false
2025-08-17T03:05:51.3588537Z  Keep Duration:  1440h0m0s
2025-08-17T03:05:51.3589021Z  Reserved Space: 7.451GiB
2025-08-17T03:05:51.3589514Z  Max Used Space: 54.02GiB
2025-08-17T03:05:51.3589905Z  Min Free Space: 13.97GiB
2025-08-17T03:05:51.3590398Z GC Policy rule#2:
2025-08-17T03:05:51.3590731Z  All:            false
2025-08-17T03:05:51.3591143Z  Reserved Space: 7.451GiB
2025-08-17T03:05:51.3591557Z  Max Used Space: 54.02GiB
2025-08-17T03:05:51.3592028Z  Min Free Space: 13.97GiB
2025-08-17T03:05:51.3592386Z GC Policy rule#3:
2025-08-17T03:05:51.3592800Z  All:            true
2025-08-17T03:05:51.3593223Z  Reserved Space: 7.451GiB
2025-08-17T03:05:51.3593618Z  Max Used Space: 54.02GiB
2025-08-17T03:05:51.3681699Z  Min Free Space: 13.97GiB
2025-08-17T03:05:51.3685422Z ##[endgroup]
2025-08-17T03:05:51.4502962Z ##[group]Inspect builder
2025-08-17T03:05:51.4505711Z {
2025-08-17T03:05:51.4505970Z   "nodes": [
2025-08-17T03:05:51.4506227Z     {
2025-08-17T03:05:51.4506617Z       "name": "builder-5f567fae-b056-4170-a8d1-673d140331b10",
2025-08-17T03:05:51.4507057Z       "endpoint": "unix:///var/run/docker.sock",
2025-08-17T03:05:51.4507330Z       "status": "running",
2025-08-17T03:05:51.4508002Z       "buildkitd-flags": "--allow-insecure-entitlement security.insecure --allow-insecure-entitlement network.host",
2025-08-17T03:05:51.4508485Z       "buildkit": "v0.22.0",
2025-08-17T03:05:51.4508777Z       "platforms": "linux/amd64,linux/amd64/v2,linux/amd64/v3,linux/386",
2025-08-17T03:05:51.4509085Z       "features": {
2025-08-17T03:05:51.4509391Z         "Automatically load images to the Docker Engine image store": true,
2025-08-17T03:05:51.4509935Z         "Cache export": true,
2025-08-17T03:05:51.4510264Z         "Direct push": true,
2025-08-17T03:05:51.4510494Z         "Docker exporter": true,
2025-08-17T03:05:51.4510844Z         "Multi-platform build": true,
2025-08-17T03:05:51.4511211Z         "OCI exporter": true
2025-08-17T03:05:51.4511507Z       },
2025-08-17T03:05:51.4511662Z       "labels": {
2025-08-17T03:05:51.4511893Z         "org.mobyproject.buildkit.worker.executor": "oci",
2025-08-17T03:05:51.4512236Z         "org.mobyproject.buildkit.worker.hostname": "d103f291030b",
2025-08-17T03:05:51.4512760Z         "org.mobyproject.buildkit.worker.network": "host",
2025-08-17T03:05:51.4513342Z         "org.mobyproject.buildkit.worker.oci.process-mode": "sandbox",
2025-08-17T03:05:51.4513739Z         "org.mobyproject.buildkit.worker.selinux.enabled": "false",
2025-08-17T03:05:51.4514150Z         "org.mobyproject.buildkit.worker.snapshotter": "overlayfs"
2025-08-17T03:05:51.4514528Z       },
2025-08-17T03:05:51.4514679Z       "gcPolicy": [
2025-08-17T03:05:51.4515099Z         {
2025-08-17T03:05:51.4515261Z           "all": false,
2025-08-17T03:05:51.4515443Z           "filter": [
2025-08-17T03:05:51.4515628Z             "type==source.local",
2025-08-17T03:05:51.4515849Z             "type==exec.cachemount",
2025-08-17T03:05:51.4516072Z             "type==source.git.checkout"
2025-08-17T03:05:51.4516426Z           ],
2025-08-17T03:05:51.4516593Z           "keepDuration": "48h0m0s",
2025-08-17T03:05:51.4516812Z           "maxUsedSpace": "488.3MiB"
2025-08-17T03:05:51.4517005Z         },
2025-08-17T03:05:51.4517152Z         {
2025-08-17T03:05:51.4517301Z           "all": false,
2025-08-17T03:05:51.4517503Z           "keepDuration": "1440h0m0s",
2025-08-17T03:05:51.4517728Z           "reservedSpace": "7.451GiB",
2025-08-17T03:05:51.4518193Z           "maxUsedSpace": "54.02GiB",
2025-08-17T03:05:51.4518418Z           "minFreeSpace": "13.97GiB"
2025-08-17T03:05:51.4518613Z         },
2025-08-17T03:05:51.4518758Z         {
2025-08-17T03:05:51.4518908Z           "all": false,
2025-08-17T03:05:51.4519092Z           "reservedSpace": "7.451GiB",
2025-08-17T03:05:51.4519302Z           "maxUsedSpace": "54.02GiB",
2025-08-17T03:05:51.4519520Z           "minFreeSpace": "13.97GiB"
2025-08-17T03:05:51.4519716Z         },
2025-08-17T03:05:51.4519863Z         {
2025-08-17T03:05:51.4520018Z           "all": true,
2025-08-17T03:05:51.4520199Z           "reservedSpace": "7.451GiB",
2025-08-17T03:05:51.4520417Z           "maxUsedSpace": "54.02GiB",
2025-08-17T03:05:51.4520623Z           "minFreeSpace": "13.97GiB"
2025-08-17T03:05:51.4520822Z         }
2025-08-17T03:05:51.4520958Z       ]
2025-08-17T03:05:51.4521103Z     }
2025-08-17T03:05:51.4521238Z   ],
2025-08-17T03:05:51.4521442Z   "name": "builder-5f567fae-b056-4170-a8d1-673d140331b1",
2025-08-17T03:05:51.4521714Z   "driver": "docker-container",
2025-08-17T03:05:51.4521934Z   "lastActivity": "2025-08-17T03:05:45.000Z"
2025-08-17T03:05:51.4522146Z }
2025-08-17T03:05:51.4522573Z ##[endgroup]
2025-08-17T03:05:51.4522871Z ##[group]BuildKit version
2025-08-17T03:05:51.4523118Z builder-5f567fae-b056-4170-a8d1-673d140331b10: v0.22.0
2025-08-17T03:05:51.4523488Z ##[endgroup]
2025-08-17T03:05:51.4662401Z ##[group]Run docker/login-action@v3
2025-08-17T03:05:51.4662659Z with:
2025-08-17T03:05:51.4662828Z   registry: ghcr.io
2025-08-17T03:05:51.4663023Z   username: AlexBomber12
2025-08-17T03:05:51.4663486Z   password: ***
2025-08-17T03:05:51.4663671Z   ecr: auto
2025-08-17T03:05:51.4663827Z   logout: true
2025-08-17T03:05:51.4663995Z ##[endgroup]
2025-08-17T03:05:51.7999038Z Logging into ghcr.io...
2025-08-17T03:05:52.2456841Z Login Succeeded!
2025-08-17T03:05:52.2577506Z ##[group]Run export COMPOSE_DOCKER_CLI_BUILD=1 DOCKER_BUILDKIT=1
2025-08-17T03:05:52.2578498Z [36;1mexport COMPOSE_DOCKER_CLI_BUILD=1 DOCKER_BUILDKIT=1[0m
2025-08-17T03:05:52.2578900Z [36;1mdocker compose \[0m
2025-08-17T03:05:52.2579133Z [36;1m  -f docker-compose.yml \[0m
2025-08-17T03:05:52.2579402Z [36;1m  -f docker-compose.postgres.yml \[0m
2025-08-17T03:05:52.2579667Z [36;1m  push api[0m
2025-08-17T03:05:52.2651227Z shell: /usr/bin/bash -e {0}
2025-08-17T03:05:52.2651516Z ##[endgroup]
2025-08-17T03:05:52.4316558Z time="2025-08-17T03:05:52Z" level=warning msg="/home/runner/work/AWA-App/AWA-App/docker-compose.postgres.yml: the attribute `version` is obsolete, it will be ignored, please remove it to avoid potential confusion"
2025-08-17T03:05:52.4520604Z  api Skipped 
2025-08-17T03:05:52.4599115Z Post job cleanup.
2025-08-17T03:05:52.8006060Z [command]/usr/bin/docker logout ghcr.io
2025-08-17T03:05:52.8148312Z Removing login credentials for ghcr.io
2025-08-17T03:05:52.8181969Z ##[group]Post cache
2025-08-17T03:05:52.8183048Z State not set
2025-08-17T03:05:52.8184503Z ##[endgroup]
2025-08-17T03:05:52.8319970Z Post job cleanup.
2025-08-17T03:05:53.1098885Z ##[group]Removing builder
2025-08-17T03:05:53.2069195Z [command]/usr/bin/docker buildx rm builder-5f567fae-b056-4170-a8d1-673d140331b1
2025-08-17T03:05:53.3406375Z builder-5f567fae-b056-4170-a8d1-673d140331b1 removed
2025-08-17T03:05:53.3440213Z ##[endgroup]
2025-08-17T03:05:53.3441935Z ##[group]Cleaning up certificates
2025-08-17T03:05:53.3448376Z ##[endgroup]
2025-08-17T03:05:53.3449015Z ##[group]Post cache
2025-08-17T03:05:53.3451137Z State not set
2025-08-17T03:05:53.3451818Z ##[endgroup]
2025-08-17T03:05:53.3575502Z Post job cleanup.
2025-08-17T03:05:53.4541937Z [command]/usr/bin/git version
2025-08-17T03:05:53.4580636Z git version 2.50.1
2025-08-17T03:05:53.4626299Z Temporarily overriding HOME='/home/runner/work/_temp/e639be9d-df15-4efe-9cf2-0aac044cd7e5' before making global git config changes
2025-08-17T03:05:53.4627476Z Adding repository directory to the temporary git global config as a safe directory
2025-08-17T03:05:53.4640798Z [command]/usr/bin/git config --global --add safe.directory /home/runner/work/AWA-App/AWA-App
2025-08-17T03:05:53.4676748Z [command]/usr/bin/git config --local --name-only --get-regexp core\.sshCommand
2025-08-17T03:05:53.4709847Z [command]/usr/bin/git submodule foreach --recursive sh -c "git config --local --name-only --get-regexp 'core\.sshCommand' && git config --local --unset-all 'core.sshCommand' || :"
2025-08-17T03:05:53.4937621Z [command]/usr/bin/git config --local --name-only --get-regexp http\.https\:\/\/github\.com\/\.extraheader
2025-08-17T03:05:53.4960671Z http.https://github.com/.extraheader
2025-08-17T03:05:53.4974009Z [command]/usr/bin/git config --local --unset-all http.https://github.com/.extraheader
2025-08-17T03:05:53.5005472Z [command]/usr/bin/git submodule foreach --recursive sh -c "git config --local --name-only --get-regexp 'http\.https\:\/\/github\.com\/\.extraheader' && git config --local --unset-all 'http.https://github.com/.extraheader' || :"
2025-08-17T03:05:53.5337166Z Cleaning up orphan processes
