2025-09-04T18:41:45.6062951Z Current runner version: '2.328.0'
2025-09-04T18:41:45.6087805Z ##[group]Runner Image Provisioner
2025-09-04T18:41:45.6088736Z Hosted Compute Agent
2025-09-04T18:41:45.6089290Z Version: 20250829.383
2025-09-04T18:41:45.6089979Z Commit: 27cb235aab5b0e52e153a26cd86b4742e89dac5d
2025-09-04T18:41:45.6090653Z Build Date: 2025-08-29T13:48:48Z
2025-09-04T18:41:45.6091260Z ##[endgroup]
2025-09-04T18:41:45.6091831Z ##[group]Operating System
2025-09-04T18:41:45.6092404Z Ubuntu
2025-09-04T18:41:45.6092849Z 24.04.3
2025-09-04T18:41:45.6093351Z LTS
2025-09-04T18:41:45.6093789Z ##[endgroup]
2025-09-04T18:41:45.6094269Z ##[group]Runner Image
2025-09-04T18:41:45.6094872Z Image: ubuntu-24.04
2025-09-04T18:41:45.6095377Z Version: 20250831.1.0
2025-09-04T18:41:45.6096370Z Included Software: https://github.com/actions/runner-images/blob/ubuntu24/20250831.1/images/ubuntu/Ubuntu2404-Readme.md
2025-09-04T18:41:45.6098166Z Image Release: https://github.com/actions/runner-images/releases/tag/ubuntu24%2F20250831.1
2025-09-04T18:41:45.6099327Z ##[endgroup]
2025-09-04T18:41:45.6101862Z ##[group]GITHUB_TOKEN Permissions
2025-09-04T18:41:45.6104113Z Actions: write
2025-09-04T18:41:45.6104677Z Attestations: write
2025-09-04T18:41:45.6105270Z Checks: write
2025-09-04T18:41:45.6105804Z Contents: write
2025-09-04T18:41:45.6106302Z Deployments: write
2025-09-04T18:41:45.6106870Z Discussions: write
2025-09-04T18:41:45.6107411Z Issues: write
2025-09-04T18:41:45.6107862Z Metadata: read
2025-09-04T18:41:45.6108981Z Models: read
2025-09-04T18:41:45.6109446Z Packages: write
2025-09-04T18:41:45.6109948Z Pages: write
2025-09-04T18:41:45.6110528Z PullRequests: write
2025-09-04T18:41:45.6111118Z RepositoryProjects: write
2025-09-04T18:41:45.6111647Z SecurityEvents: write
2025-09-04T18:41:45.6112339Z Statuses: write
2025-09-04T18:41:45.6112850Z ##[endgroup]
2025-09-04T18:41:45.6115246Z Secret source: Actions
2025-09-04T18:41:45.6116310Z Prepare workflow directory
2025-09-04T18:41:45.6566948Z Prepare all required actions
2025-09-04T18:41:45.6606256Z Getting action download info
2025-09-04T18:41:46.0750770Z Download action repository 'actions/checkout@v5' (SHA:08c6903cd8c0fde910a37f88322edcfb5dd907a8)
2025-09-04T18:41:46.1688262Z Download action repository 'actions/setup-python@v5' (SHA:a26af69be951a213d495a4c3e4e4022e16d87065)
2025-09-04T18:41:46.2929340Z Download action repository 'actions/cache@v4' (SHA:0400d5f644dc74513175e3cd8d07132dd4860809)
2025-09-04T18:41:46.4641953Z Download action repository 'actions/setup-node@v4' (SHA:49933ea5288caeca8642d1e84afbd3f7d6820020)
2025-09-04T18:41:46.5908456Z Download action repository 'codecov/codecov-action@v5' (SHA:5a1091511ad55cbe89839c7260b706298ca349f7)
2025-09-04T18:41:47.0744611Z Getting action download info
2025-09-04T18:41:47.2202087Z Download action repository 'actions/github-script@60a0d83039c74a4aee543508d2ffcb1c3799cdea' (SHA:60a0d83039c74a4aee543508d2ffcb1c3799cdea)
2025-09-04T18:41:47.6960082Z Complete job name: test
2025-09-04T18:41:47.7545587Z ##[group]Checking docker version
2025-09-04T18:41:47.7559212Z ##[command]/usr/bin/docker version --format '{{.Server.APIVersion}}'
2025-09-04T18:41:47.8307451Z '1.48'
2025-09-04T18:41:47.8319909Z Docker daemon API version: '1.48'
2025-09-04T18:41:47.8321225Z ##[command]/usr/bin/docker version --format '{{.Client.APIVersion}}'
2025-09-04T18:41:47.8558175Z '1.48'
2025-09-04T18:41:47.8571913Z Docker client API version: '1.48'
2025-09-04T18:41:47.8578550Z ##[endgroup]
2025-09-04T18:41:47.8582859Z ##[group]Clean up resources from previous jobs
2025-09-04T18:41:47.8588968Z ##[command]/usr/bin/docker ps --all --quiet --no-trunc --filter "label=777af5"
2025-09-04T18:41:47.8737700Z ##[command]/usr/bin/docker network prune --force --filter "label=777af5"
2025-09-04T18:41:47.8923565Z ##[endgroup]
2025-09-04T18:41:47.8924523Z ##[group]Create local container network
2025-09-04T18:41:47.8936807Z ##[command]/usr/bin/docker network create --label 777af5 github_network_0dd8624030b94022b5d00820e5eeefa1
2025-09-04T18:41:47.9503491Z 4fb0081a42e712183ede5d3da823347098a8a9efddfafdc9f46c33f34c757835
2025-09-04T18:41:47.9521745Z ##[endgroup]
2025-09-04T18:41:47.9546685Z ##[group]Starting postgres service container
2025-09-04T18:41:47.9567445Z ##[command]/usr/bin/docker pull postgres:15
2025-09-04T18:41:48.4570913Z 15: Pulling from library/postgres
2025-09-04T18:41:48.5821831Z 396b1da7636e: Pulling fs layer
2025-09-04T18:41:48.5822972Z fca2566eba32: Pulling fs layer
2025-09-04T18:41:48.5826007Z 631fe8c6d606: Pulling fs layer
2025-09-04T18:41:48.5826733Z 77c7671c4414: Pulling fs layer
2025-09-04T18:41:48.5827289Z 2d9e29180a27: Pulling fs layer
2025-09-04T18:41:48.5827764Z c6bcc2c9a041: Pulling fs layer
2025-09-04T18:41:48.5828394Z ac4b721eb66f: Pulling fs layer
2025-09-04T18:41:48.5828749Z 606bd164980e: Pulling fs layer
2025-09-04T18:41:48.5829148Z f5dfd246bc6e: Pulling fs layer
2025-09-04T18:41:48.5829512Z ba7036bb0a60: Pulling fs layer
2025-09-04T18:41:48.5829829Z 799f859abbbd: Pulling fs layer
2025-09-04T18:41:48.5830183Z d903e777080c: Pulling fs layer
2025-09-04T18:41:48.5830501Z 04adcb462801: Pulling fs layer
2025-09-04T18:41:48.5830838Z 5c10925b29ff: Pulling fs layer
2025-09-04T18:41:48.5831141Z 77c7671c4414: Waiting
2025-09-04T18:41:48.5831434Z 2d9e29180a27: Waiting
2025-09-04T18:41:48.5831705Z f5dfd246bc6e: Waiting
2025-09-04T18:41:48.5831985Z ba7036bb0a60: Waiting
2025-09-04T18:41:48.5832256Z 799f859abbbd: Waiting
2025-09-04T18:41:48.5832523Z 04adcb462801: Waiting
2025-09-04T18:41:48.5832799Z d903e777080c: Waiting
2025-09-04T18:41:48.5833090Z 5c10925b29ff: Waiting
2025-09-04T18:41:48.5833360Z c6bcc2c9a041: Waiting
2025-09-04T18:41:48.5833627Z ac4b721eb66f: Waiting
2025-09-04T18:41:48.5833892Z 606bd164980e: Waiting
2025-09-04T18:41:48.7512843Z fca2566eba32: Verifying Checksum
2025-09-04T18:41:48.7517832Z fca2566eba32: Download complete
2025-09-04T18:41:48.7620603Z 631fe8c6d606: Verifying Checksum
2025-09-04T18:41:48.7621222Z 631fe8c6d606: Download complete
2025-09-04T18:41:48.9225244Z 77c7671c4414: Verifying Checksum
2025-09-04T18:41:48.9226168Z 77c7671c4414: Download complete
2025-09-04T18:41:49.0254766Z 396b1da7636e: Verifying Checksum
2025-09-04T18:41:49.0255474Z 396b1da7636e: Download complete
2025-09-04T18:41:49.0379463Z 2d9e29180a27: Verifying Checksum
2025-09-04T18:41:49.0380107Z 2d9e29180a27: Download complete
2025-09-04T18:41:49.1312176Z c6bcc2c9a041: Verifying Checksum
2025-09-04T18:41:49.1315407Z c6bcc2c9a041: Download complete
2025-09-04T18:41:49.1541257Z ac4b721eb66f: Verifying Checksum
2025-09-04T18:41:49.1542033Z ac4b721eb66f: Download complete
2025-09-04T18:41:49.1624235Z 606bd164980e: Verifying Checksum
2025-09-04T18:41:49.1624912Z 606bd164980e: Download complete
2025-09-04T18:41:49.3085674Z 799f859abbbd: Verifying Checksum
2025-09-04T18:41:49.3091959Z 799f859abbbd: Download complete
2025-09-04T18:41:49.3567274Z ba7036bb0a60: Verifying Checksum
2025-09-04T18:41:49.3568826Z ba7036bb0a60: Download complete
2025-09-04T18:41:49.4423606Z d903e777080c: Verifying Checksum
2025-09-04T18:41:49.4431190Z d903e777080c: Download complete
2025-09-04T18:41:49.5195361Z 04adcb462801: Verifying Checksum
2025-09-04T18:41:49.5196343Z 04adcb462801: Download complete
2025-09-04T18:41:49.5843790Z 5c10925b29ff: Verifying Checksum
2025-09-04T18:41:49.5844751Z 5c10925b29ff: Download complete
2025-09-04T18:41:50.0909799Z 396b1da7636e: Pull complete
2025-09-04T18:41:50.2108356Z fca2566eba32: Pull complete
2025-09-04T18:41:50.4035311Z 631fe8c6d606: Pull complete
2025-09-04T18:41:50.4481540Z 77c7671c4414: Pull complete
2025-09-04T18:41:50.7743993Z 2d9e29180a27: Pull complete
2025-09-04T18:41:50.8716554Z c6bcc2c9a041: Pull complete
2025-09-04T18:41:50.8827612Z ac4b721eb66f: Pull complete
2025-09-04T18:41:50.8957199Z 606bd164980e: Pull complete
2025-09-04T18:41:51.5415904Z f5dfd246bc6e: Verifying Checksum
2025-09-04T18:41:51.5416258Z f5dfd246bc6e: Download complete
2025-09-04T18:41:54.5229858Z f5dfd246bc6e: Pull complete
2025-09-04T18:41:54.5393500Z ba7036bb0a60: Pull complete
2025-09-04T18:41:54.5496895Z 799f859abbbd: Pull complete
2025-09-04T18:41:54.5621467Z d903e777080c: Pull complete
2025-09-04T18:41:54.5733764Z 04adcb462801: Pull complete
2025-09-04T18:41:54.5856410Z 5c10925b29ff: Pull complete
2025-09-04T18:41:54.5899271Z Digest: sha256:bc51cf4f1fe02cce7ed2370b20128a9b00b4eb804573a77d2a0d877aaa9c82b1
2025-09-04T18:41:54.5915205Z Status: Downloaded newer image for postgres:15
2025-09-04T18:41:54.5925539Z docker.io/library/postgres:15
2025-09-04T18:41:54.5986956Z ##[command]/usr/bin/docker create --name 3b614c68ea354864823211719dc82ee9_postgres15_9ac44c --label 777af5 --network github_network_0dd8624030b94022b5d00820e5eeefa1 --network-alias postgres -p 5432:5432 --health-cmd="pg_isready -U postgres -d awa" --health-interval=5s --health-timeout=5s --health-retries=10 -e "POSTGRES_USER=postgres" -e "POSTGRES_PASSWORD=pass" -e "POSTGRES_DB=awa" -e GITHUB_ACTIONS=true -e CI=true postgres:15
2025-09-04T18:41:54.6249892Z d2e8ce613e0362e2a84b975c0cf97b06d5229d86dfd794b7bef5ded914702165
2025-09-04T18:41:54.6273767Z ##[command]/usr/bin/docker start d2e8ce613e0362e2a84b975c0cf97b06d5229d86dfd794b7bef5ded914702165
2025-09-04T18:41:54.9284282Z d2e8ce613e0362e2a84b975c0cf97b06d5229d86dfd794b7bef5ded914702165
2025-09-04T18:41:54.9305812Z ##[command]/usr/bin/docker ps --all --filter id=d2e8ce613e0362e2a84b975c0cf97b06d5229d86dfd794b7bef5ded914702165 --filter status=running --no-trunc --format "{{.ID}} {{.Status}}"
2025-09-04T18:41:54.9422636Z d2e8ce613e0362e2a84b975c0cf97b06d5229d86dfd794b7bef5ded914702165 Up Less than a second (health: starting)
2025-09-04T18:41:54.9445359Z ##[command]/usr/bin/docker port d2e8ce613e0362e2a84b975c0cf97b06d5229d86dfd794b7bef5ded914702165
2025-09-04T18:41:54.9586661Z 5432/tcp -> 0.0.0.0:5432
2025-09-04T18:41:54.9587146Z 5432/tcp -> [::]:5432
2025-09-04T18:41:54.9634996Z ##[endgroup]
2025-09-04T18:41:54.9635918Z ##[group]Starting redis service container
2025-09-04T18:41:54.9637181Z ##[command]/usr/bin/docker pull redis:7-alpine
2025-09-04T18:41:55.4747432Z 7-alpine: Pulling from library/redis
2025-09-04T18:41:55.5972671Z 0368fd46e3c6: Pulling fs layer
2025-09-04T18:41:55.5973562Z 4c55286bbede: Pulling fs layer
2025-09-04T18:41:55.5974127Z 5e28347af205: Pulling fs layer
2025-09-04T18:41:55.5974654Z 311eca34042e: Pulling fs layer
2025-09-04T18:41:55.5975210Z e6fe6f07e192: Pulling fs layer
2025-09-04T18:41:55.5975701Z a2cadbfeca72: Pulling fs layer
2025-09-04T18:41:55.5976044Z 4f4fb700ef54: Pulling fs layer
2025-09-04T18:41:55.5976339Z a976ed7e7808: Pulling fs layer
2025-09-04T18:41:55.5976624Z 311eca34042e: Waiting
2025-09-04T18:41:55.5976979Z e6fe6f07e192: Waiting
2025-09-04T18:41:55.5977374Z a2cadbfeca72: Waiting
2025-09-04T18:41:55.5977688Z 4f4fb700ef54: Waiting
2025-09-04T18:41:55.5978216Z a976ed7e7808: Waiting
2025-09-04T18:41:55.7520755Z 5e28347af205: Verifying Checksum
2025-09-04T18:41:55.7535956Z 5e28347af205: Download complete
2025-09-04T18:41:55.7690325Z 0368fd46e3c6: Verifying Checksum
2025-09-04T18:41:55.7694921Z 0368fd46e3c6: Download complete
2025-09-04T18:41:55.7763472Z 4c55286bbede: Verifying Checksum
2025-09-04T18:41:55.7765511Z 4c55286bbede: Download complete
2025-09-04T18:41:55.8828931Z 0368fd46e3c6: Pull complete
2025-09-04T18:41:55.8947126Z 311eca34042e: Verifying Checksum
2025-09-04T18:41:55.8948154Z 311eca34042e: Download complete
2025-09-04T18:41:55.9057826Z 4c55286bbede: Pull complete
2025-09-04T18:41:55.9169269Z a2cadbfeca72: Verifying Checksum
2025-09-04T18:41:55.9169756Z a2cadbfeca72: Download complete
2025-09-04T18:41:56.0392701Z a976ed7e7808: Download complete
2025-09-04T18:41:56.0485794Z 5e28347af205: Pull complete
2025-09-04T18:41:56.0648645Z 4f4fb700ef54: Verifying Checksum
2025-09-04T18:41:56.0649048Z 4f4fb700ef54: Download complete
2025-09-04T18:41:56.0760970Z 311eca34042e: Pull complete
2025-09-04T18:41:56.2446699Z e6fe6f07e192: Verifying Checksum
2025-09-04T18:41:56.2447224Z e6fe6f07e192: Download complete
2025-09-04T18:41:56.4237665Z e6fe6f07e192: Pull complete
2025-09-04T18:41:56.4324012Z a2cadbfeca72: Pull complete
2025-09-04T18:41:56.4412379Z 4f4fb700ef54: Pull complete
2025-09-04T18:41:56.4499229Z a976ed7e7808: Pull complete
2025-09-04T18:41:56.4533856Z Digest: sha256:bb186d083732f669da90be8b0f975a37812b15e913465bb14d845db72a4e3e08
2025-09-04T18:41:56.4543928Z Status: Downloaded newer image for redis:7-alpine
2025-09-04T18:41:56.4552864Z docker.io/library/redis:7-alpine
2025-09-04T18:41:56.4569974Z ##[command]/usr/bin/docker create --name d064fdf384334c54aeb5e22329f7d783_redis7alpine_79016e --label 777af5 --network github_network_0dd8624030b94022b5d00820e5eeefa1 --network-alias redis -p 6379:6379  -e GITHUB_ACTIONS=true -e CI=true redis:7-alpine
2025-09-04T18:41:56.4796967Z 0a0ace6d07faf9798f2e00b5e720f83c2d5a2db625ede6d536b9198153fdb319
2025-09-04T18:41:56.4811483Z ##[command]/usr/bin/docker start 0a0ace6d07faf9798f2e00b5e720f83c2d5a2db625ede6d536b9198153fdb319
2025-09-04T18:41:56.6181028Z 0a0ace6d07faf9798f2e00b5e720f83c2d5a2db625ede6d536b9198153fdb319
2025-09-04T18:41:56.6201408Z ##[command]/usr/bin/docker ps --all --filter id=0a0ace6d07faf9798f2e00b5e720f83c2d5a2db625ede6d536b9198153fdb319 --filter status=running --no-trunc --format "{{.ID}} {{.Status}}"
2025-09-04T18:41:56.6329579Z 0a0ace6d07faf9798f2e00b5e720f83c2d5a2db625ede6d536b9198153fdb319 Up Less than a second
2025-09-04T18:41:56.6343768Z ##[command]/usr/bin/docker port 0a0ace6d07faf9798f2e00b5e720f83c2d5a2db625ede6d536b9198153fdb319
2025-09-04T18:41:56.6461782Z 6379/tcp -> 0.0.0.0:6379
2025-09-04T18:41:56.6462112Z 6379/tcp -> [::]:6379
2025-09-04T18:41:56.6475542Z ##[endgroup]
2025-09-04T18:41:56.6487342Z ##[group]Waiting for all services to be ready
2025-09-04T18:41:56.6501051Z ##[command]/usr/bin/docker inspect --format="{{if .Config.Healthcheck}}{{print .State.Health.Status}}{{end}}" d2e8ce613e0362e2a84b975c0cf97b06d5229d86dfd794b7bef5ded914702165
2025-09-04T18:41:56.6622084Z starting
2025-09-04T18:41:56.6644118Z postgres service is starting, waiting 2 seconds before checking again.
2025-09-04T18:41:58.6642544Z ##[command]/usr/bin/docker inspect --format="{{if .Config.Healthcheck}}{{print .State.Health.Status}}{{end}}" d2e8ce613e0362e2a84b975c0cf97b06d5229d86dfd794b7bef5ded914702165
2025-09-04T18:41:58.6761018Z starting
2025-09-04T18:41:58.6775380Z postgres service is starting, waiting 3 seconds before checking again.
2025-09-04T18:42:02.4915022Z ##[command]/usr/bin/docker inspect --format="{{if .Config.Healthcheck}}{{print .State.Health.Status}}{{end}}" d2e8ce613e0362e2a84b975c0cf97b06d5229d86dfd794b7bef5ded914702165
2025-09-04T18:42:02.5054260Z healthy
2025-09-04T18:42:02.5072145Z postgres service is healthy.
2025-09-04T18:42:02.5072956Z ##[command]/usr/bin/docker inspect --format="{{if .Config.Healthcheck}}{{print .State.Health.Status}}{{end}}" 0a0ace6d07faf9798f2e00b5e720f83c2d5a2db625ede6d536b9198153fdb319
2025-09-04T18:42:02.5205678Z redis service is healthy.
2025-09-04T18:42:02.5206332Z ##[endgroup]
2025-09-04T18:42:02.5458198Z ##[group]Run actions/checkout@v5
2025-09-04T18:42:02.5458765Z with:
2025-09-04T18:42:02.5458945Z   fetch-depth: 0
2025-09-04T18:42:02.5459143Z   repository: AlexBomber12/AWA-App
2025-09-04T18:42:02.5459522Z   token: ***
2025-09-04T18:42:02.5459696Z   ssh-strict: true
2025-09-04T18:42:02.5459897Z   ssh-user: git
2025-09-04T18:42:02.5460074Z   persist-credentials: true
2025-09-04T18:42:02.5460284Z   clean: true
2025-09-04T18:42:02.5460472Z   sparse-checkout-cone-mode: true
2025-09-04T18:42:02.5460687Z   fetch-tags: false
2025-09-04T18:42:02.5460865Z   show-progress: true
2025-09-04T18:42:02.5461035Z   lfs: false
2025-09-04T18:42:02.5461197Z   submodules: false
2025-09-04T18:42:02.5461375Z   set-safe-directory: true
2025-09-04T18:42:02.5461886Z env:
2025-09-04T18:42:02.5462095Z   REDIS_URL: redis://localhost:6379/0
2025-09-04T18:42:02.5462355Z   RATE_LIMIT_DEFAULT: 100/minute
2025-09-04T18:42:02.5462562Z   TRUST_X_FORWARDED: 1
2025-09-04T18:42:02.5462743Z ##[endgroup]
2025-09-04T18:42:02.6399355Z Syncing repository: AlexBomber12/AWA-App
2025-09-04T18:42:02.6400791Z ##[group]Getting Git version info
2025-09-04T18:42:02.6401147Z Working directory is '/home/runner/work/AWA-App/AWA-App'
2025-09-04T18:42:02.6401646Z [command]/usr/bin/git version
2025-09-04T18:42:02.6518846Z git version 2.51.0
2025-09-04T18:42:02.6541373Z ##[endgroup]
2025-09-04T18:42:02.6557859Z Temporarily overriding HOME='/home/runner/work/_temp/5e09c6e7-7a90-4af0-ac23-2e6e4a74de04' before making global git config changes
2025-09-04T18:42:02.6559506Z Adding repository directory to the temporary git global config as a safe directory
2025-09-04T18:42:02.6564285Z [command]/usr/bin/git config --global --add safe.directory /home/runner/work/AWA-App/AWA-App
2025-09-04T18:42:02.6649251Z Deleting the contents of '/home/runner/work/AWA-App/AWA-App'
2025-09-04T18:42:02.6652812Z ##[group]Initializing the repository
2025-09-04T18:42:02.6658260Z [command]/usr/bin/git init /home/runner/work/AWA-App/AWA-App
2025-09-04T18:42:02.7006323Z hint: Using 'master' as the name for the initial branch. This default branch name
2025-09-04T18:42:02.7007208Z hint: is subject to change. To configure the initial branch name to use in all
2025-09-04T18:42:02.7007884Z hint: of your new repositories, which will suppress this warning, call:
2025-09-04T18:42:02.7008529Z hint:
2025-09-04T18:42:02.7008909Z hint: 	git config --global init.defaultBranch <name>
2025-09-04T18:42:02.7009301Z hint:
2025-09-04T18:42:02.7009692Z hint: Names commonly chosen instead of 'master' are 'main', 'trunk' and
2025-09-04T18:42:02.7010339Z hint: 'development'. The just-created branch can be renamed via this command:
2025-09-04T18:42:02.7010818Z hint:
2025-09-04T18:42:02.7011078Z hint: 	git branch -m <name>
2025-09-04T18:42:02.7011365Z hint:
2025-09-04T18:42:02.7011776Z hint: Disable this message with "git config set advice.defaultBranchName false"
2025-09-04T18:42:02.7049124Z Initialized empty Git repository in /home/runner/work/AWA-App/AWA-App/.git/
2025-09-04T18:42:02.7062525Z [command]/usr/bin/git remote add origin https://github.com/AlexBomber12/AWA-App
2025-09-04T18:42:02.7208384Z ##[endgroup]
2025-09-04T18:42:02.7208878Z ##[group]Disabling automatic garbage collection
2025-09-04T18:42:02.7213029Z [command]/usr/bin/git config --local gc.auto 0
2025-09-04T18:42:02.7244863Z ##[endgroup]
2025-09-04T18:42:02.7245412Z ##[group]Setting up auth
2025-09-04T18:42:02.7252173Z [command]/usr/bin/git config --local --name-only --get-regexp core\.sshCommand
2025-09-04T18:42:02.7283810Z [command]/usr/bin/git submodule foreach --recursive sh -c "git config --local --name-only --get-regexp 'core\.sshCommand' && git config --local --unset-all 'core.sshCommand' || :"
2025-09-04T18:42:02.8751993Z [command]/usr/bin/git config --local --name-only --get-regexp http\.https\:\/\/github\.com\/\.extraheader
2025-09-04T18:42:02.8782995Z [command]/usr/bin/git submodule foreach --recursive sh -c "git config --local --name-only --get-regexp 'http\.https\:\/\/github\.com\/\.extraheader' && git config --local --unset-all 'http.https://github.com/.extraheader' || :"
2025-09-04T18:42:02.9016582Z [command]/usr/bin/git config --local http.https://github.com/.extraheader AUTHORIZATION: basic ***
2025-09-04T18:42:02.9052798Z ##[endgroup]
2025-09-04T18:42:02.9053378Z ##[group]Fetching the repository
2025-09-04T18:42:02.9062649Z [command]/usr/bin/git -c protocol.version=2 fetch --prune --no-recurse-submodules origin +refs/heads/*:refs/remotes/origin/* +refs/tags/*:refs/tags/*
2025-09-04T18:42:06.4999236Z From https://github.com/AlexBomber12/AWA-App
2025-09-04T18:42:06.4999630Z  * [new branch]        main       -> origin/main
2025-09-04T18:42:06.4999897Z  * [new tag]           0.3.0      -> 0.3.0
2025-09-04T18:42:06.5078618Z [command]/usr/bin/git branch --list --remote origin/main
2025-09-04T18:42:06.5103369Z   origin/main
2025-09-04T18:42:06.5112344Z [command]/usr/bin/git rev-parse refs/remotes/origin/main
2025-09-04T18:42:06.5132970Z 2bdaaabb082360e86261c0f72e2450248839efbe
2025-09-04T18:42:06.5137433Z ##[endgroup]
2025-09-04T18:42:06.5138065Z ##[group]Determining the checkout info
2025-09-04T18:42:06.5139139Z ##[endgroup]
2025-09-04T18:42:06.5143352Z [command]/usr/bin/git sparse-checkout disable
2025-09-04T18:42:06.5224010Z [command]/usr/bin/git config --local --unset-all extensions.worktreeConfig
2025-09-04T18:42:06.5250262Z ##[group]Checking out the ref
2025-09-04T18:42:06.5254035Z [command]/usr/bin/git checkout --progress --force -B main refs/remotes/origin/main
2025-09-04T18:42:06.5540416Z Switched to a new branch 'main'
2025-09-04T18:42:06.5541755Z branch 'main' set up to track 'origin/main'.
2025-09-04T18:42:06.5550390Z ##[endgroup]
2025-09-04T18:42:06.5599131Z [command]/usr/bin/git log -1 --format=%H
2025-09-04T18:42:06.5622481Z 2bdaaabb082360e86261c0f72e2450248839efbe
2025-09-04T18:42:06.5788976Z ##[group]Run cat .env.ci >> "$GITHUB_ENV"
2025-09-04T18:42:06.5789357Z [36;1mcat .env.ci >> "$GITHUB_ENV"[0m
2025-09-04T18:42:06.5790070Z [36;1mecho "DATABASE_URL=***localhost:5432/awa" >> "$GITHUB_ENV"[0m
2025-09-04T18:42:06.5790419Z [36;1mecho "PG_HOST=localhost" >> "$GITHUB_ENV"[0m
2025-09-04T18:42:06.5790712Z [36;1mecho "PG_PORT=5432" >> "$GITHUB_ENV"[0m
2025-09-04T18:42:06.5790992Z [36;1mecho "PG_USER=postgres" >> "$GITHUB_ENV"[0m
2025-09-04T18:42:06.5791287Z [36;1mecho "PG_PASSWORD=pass" >> "$GITHUB_ENV"[0m
2025-09-04T18:42:06.5791578Z [36;1mecho "PG_DATABASE=awa" >> "$GITHUB_ENV"[0m
2025-09-04T18:42:06.5791837Z [36;1mecho "TESTING=1" >> "$GITHUB_ENV"[0m
2025-09-04T18:42:06.5842274Z shell: /usr/bin/bash -e {0}
2025-09-04T18:42:06.5842511Z env:
2025-09-04T18:42:06.5842702Z   REDIS_URL: redis://localhost:6379/0
2025-09-04T18:42:06.5842954Z   RATE_LIMIT_DEFAULT: 100/minute
2025-09-04T18:42:06.5843166Z   TRUST_X_FORWARDED: 1
2025-09-04T18:42:06.5843403Z ##[endgroup]
2025-09-04T18:42:06.6023411Z ##[group]Run actions/setup-python@v5
2025-09-04T18:42:06.6023704Z with:
2025-09-04T18:42:06.6023880Z   python-version: 3.12
2025-09-04T18:42:06.6024082Z   cache: pip
2025-09-04T18:42:06.6024854Z   cache-dependency-path: requirements-dev.txt
services/etl/requirements.txt
services/api/requirements.txt
services/repricer/requirements.txt
services/fees_h10/requirements.txt
services/alert_bot/requirements.txt

2025-09-04T18:42:06.6025681Z   check-latest: false
2025-09-04T18:42:06.6026047Z   token: ***
2025-09-04T18:42:06.6026229Z   update-environment: true
2025-09-04T18:42:06.6026463Z   allow-prereleases: false
2025-09-04T18:42:06.6026657Z   freethreaded: false
2025-09-04T18:42:06.6026833Z env:
2025-09-04T18:42:06.6027007Z   REDIS_URL: redis://localhost:6379/0
2025-09-04T18:42:06.6027257Z   RATE_LIMIT_DEFAULT: 100/minute
2025-09-04T18:42:06.6027464Z   TRUST_X_FORWARDED: 1
2025-09-04T18:42:06.6027656Z   PG_USER: postgres
2025-09-04T18:42:06.6027837Z   PG_PASSWORD: pass
2025-09-04T18:42:06.6028313Z   PG_DATABASE: awa
2025-09-04T18:42:06.6028488Z   PG_HOST: localhost
2025-09-04T18:42:06.6028672Z   PG_PORT: 5432
2025-09-04T18:42:06.6029058Z   PG_SYNC_DSN: ***postgres:5432/awa
2025-09-04T18:42:06.6029461Z   PG_ASYNC_DSN: ***postgres:5432/awa
2025-09-04T18:42:06.6029836Z   DATABASE_URL: ***localhost:5432/awa
2025-09-04T18:42:06.6030063Z   DATA_DIR: /tmp/awa-data
2025-09-04T18:42:06.6030246Z   ENABLE_LIVE: 0
2025-09-04T18:42:06.6030410Z   TESTING: 1
2025-09-04T18:42:06.6030566Z ##[endgroup]
2025-09-04T18:42:06.7766720Z ##[group]Installed versions
2025-09-04T18:42:06.8537650Z Successfully set up CPython (3.12.11)
2025-09-04T18:42:06.8538695Z ##[endgroup]
2025-09-04T18:42:06.8945646Z [command]/opt/hostedtoolcache/Python/3.12.11/x64/bin/pip cache dir
2025-09-04T18:42:08.4885633Z /home/runner/.cache/pip
2025-09-04T18:42:08.6821560Z Cache hit for: setup-python-Linux-x64-24.04-Ubuntu-python-3.12.11-pip-8023555f4ca72cf96d0cad24a29bc73d06c92402c95f1af647939c5291000374
2025-09-04T18:42:09.8761435Z Received 104857600 of 457935303 (22.9%), 100.0 MBs/sec
2025-09-04T18:42:10.8774208Z Received 268435456 of 457935303 (58.6%), 127.9 MBs/sec
2025-09-04T18:42:11.8990203Z Received 457935303 of 457935303 (100.0%), 144.5 MBs/sec
2025-09-04T18:42:11.8992003Z Cache Size: ~437 MB (457935303 B)
2025-09-04T18:42:11.9034374Z [command]/usr/bin/tar -xf /home/runner/work/_temp/0f1fcbda-51c3-4074-90b5-1ea3a1063605/cache.tzst -P -C /home/runner/work/AWA-App/AWA-App --use-compress-program unzstd
2025-09-04T18:42:12.6639065Z Cache restored successfully
2025-09-04T18:42:12.7500639Z Cache restored from key: setup-python-Linux-x64-24.04-Ubuntu-python-3.12.11-pip-8023555f4ca72cf96d0cad24a29bc73d06c92402c95f1af647939c5291000374
2025-09-04T18:42:12.8247448Z ##[group]Run actions/cache@v4
2025-09-04T18:42:12.8247716Z with:
2025-09-04T18:42:12.8248284Z   path: ~/.cache/pip
.pytest_cache
~/.ruff_cache

2025-09-04T18:42:12.8248742Z   key: Linux-test-289e72880a27b852b1151d1926e44ef53b173160bfa323cc01d9cc2abfa7f59b
2025-09-04T18:42:12.8249154Z   restore-keys: Linux-test-
2025-09-04T18:42:12.8249381Z   enableCrossOsArchive: false
2025-09-04T18:42:12.8249613Z   fail-on-cache-miss: false
2025-09-04T18:42:12.8249825Z   lookup-only: false
2025-09-04T18:42:12.8250019Z   save-always: false
2025-09-04T18:42:12.8250200Z env:
2025-09-04T18:42:12.8250398Z   REDIS_URL: redis://localhost:6379/0
2025-09-04T18:42:12.8250652Z   RATE_LIMIT_DEFAULT: 100/minute
2025-09-04T18:42:12.8250878Z   TRUST_X_FORWARDED: 1
2025-09-04T18:42:12.8251078Z   PG_USER: postgres
2025-09-04T18:42:12.8251272Z   PG_PASSWORD: pass
2025-09-04T18:42:12.8251473Z   PG_DATABASE: awa
2025-09-04T18:42:12.8251659Z   PG_HOST: localhost
2025-09-04T18:42:12.8251844Z   PG_PORT: 5432
2025-09-04T18:42:12.8252628Z   PG_SYNC_DSN: ***postgres:5432/awa
2025-09-04T18:42:12.8253099Z   PG_ASYNC_DSN: ***postgres:5432/awa
2025-09-04T18:42:12.8253496Z   DATABASE_URL: ***localhost:5432/awa
2025-09-04T18:42:12.8253738Z   DATA_DIR: /tmp/awa-data
2025-09-04T18:42:12.8253940Z   ENABLE_LIVE: 0
2025-09-04T18:42:12.8254117Z   TESTING: 1
2025-09-04T18:42:12.8254356Z   pythonLocation: /opt/hostedtoolcache/Python/3.12.11/x64
2025-09-04T18:42:12.8254757Z   PKG_CONFIG_PATH: /opt/hostedtoolcache/Python/3.12.11/x64/lib/pkgconfig
2025-09-04T18:42:12.8255147Z   Python_ROOT_DIR: /opt/hostedtoolcache/Python/3.12.11/x64
2025-09-04T18:42:12.8255504Z   Python2_ROOT_DIR: /opt/hostedtoolcache/Python/3.12.11/x64
2025-09-04T18:42:12.8255851Z   Python3_ROOT_DIR: /opt/hostedtoolcache/Python/3.12.11/x64
2025-09-04T18:42:12.8256198Z   LD_LIBRARY_PATH: /opt/hostedtoolcache/Python/3.12.11/x64/lib
2025-09-04T18:42:12.8256500Z ##[endgroup]
2025-09-04T18:42:13.1046533Z Cache hit for: Linux-test-289e72880a27b852b1151d1926e44ef53b173160bfa323cc01d9cc2abfa7f59b
2025-09-04T18:42:14.2518567Z Received 109051904 of 457943407 (23.8%), 104.0 MBs/sec
2025-09-04T18:42:15.2599863Z Received 268435456 of 457943407 (58.6%), 127.7 MBs/sec
2025-09-04T18:42:16.1959581Z Received 457943407 of 457943407 (100.0%), 148.3 MBs/sec
2025-09-04T18:42:16.1962423Z Cache Size: ~437 MB (457943407 B)
2025-09-04T18:42:16.2070551Z [command]/usr/bin/tar -xf /home/runner/work/_temp/404bf776-a790-4f8c-9006-45d1222d8bb4/cache.tzst -P -C /home/runner/work/AWA-App/AWA-App --use-compress-program unzstd
2025-09-04T18:42:16.9913049Z Cache restored successfully
2025-09-04T18:42:17.0854150Z Cache restored from key: Linux-test-289e72880a27b852b1151d1926e44ef53b173160bfa323cc01d9cc2abfa7f59b
2025-09-04T18:42:17.0964508Z ##[group]Run pip install --break-system-packages -r services/etl/requirements.txt
2025-09-04T18:42:17.0965118Z [36;1mpip install --break-system-packages -r services/etl/requirements.txt[0m
2025-09-04T18:42:17.0965615Z [36;1mpip install --break-system-packages -r services/api/requirements.txt[0m
2025-09-04T18:42:17.0966107Z [36;1mpip install --break-system-packages -r services/repricer/requirements.txt[0m
2025-09-04T18:42:17.0966616Z [36;1mpip install --break-system-packages -r services/fees_h10/requirements.txt[0m
2025-09-04T18:42:17.0967117Z [36;1mpip install --break-system-packages -r services/alert_bot/requirements.txt[0m
2025-09-04T18:42:17.0967578Z [36;1mpip install --break-system-packages -r requirements-dev.txt[0m
2025-09-04T18:42:17.0968364Z [36;1mpip install --break-system-packages asyncpg[0m
2025-09-04T18:42:17.0968725Z [36;1mpip install --break-system-packages pytest[0m
2025-09-04T18:42:17.0969144Z [36;1mpip install --break-system-packages keepa==1.3.15 minio==7.1.15[0m
2025-09-04T18:42:17.1000609Z shell: /usr/bin/bash -e {0}
2025-09-04T18:42:17.1000848Z env:
2025-09-04T18:42:17.1001067Z   REDIS_URL: redis://localhost:6379/0
2025-09-04T18:42:17.1001510Z   RATE_LIMIT_DEFAULT: 100/minute
2025-09-04T18:42:17.1001747Z   TRUST_X_FORWARDED: 1
2025-09-04T18:42:17.1001948Z   PG_USER: postgres
2025-09-04T18:42:17.1002135Z   PG_PASSWORD: pass
2025-09-04T18:42:17.1002316Z   PG_DATABASE: awa
2025-09-04T18:42:17.1002498Z   PG_HOST: localhost
2025-09-04T18:42:17.1002683Z   PG_PORT: 5432
2025-09-04T18:42:17.1003154Z   PG_SYNC_DSN: ***postgres:5432/awa
2025-09-04T18:42:17.1003565Z   PG_ASYNC_DSN: ***postgres:5432/awa
2025-09-04T18:42:17.1003957Z   DATABASE_URL: ***localhost:5432/awa
2025-09-04T18:42:17.1004198Z   DATA_DIR: /tmp/awa-data
2025-09-04T18:42:17.1004404Z   ENABLE_LIVE: 0
2025-09-04T18:42:17.1004581Z   TESTING: 1
2025-09-04T18:42:17.1004814Z   pythonLocation: /opt/hostedtoolcache/Python/3.12.11/x64
2025-09-04T18:42:17.1005223Z   PKG_CONFIG_PATH: /opt/hostedtoolcache/Python/3.12.11/x64/lib/pkgconfig
2025-09-04T18:42:17.1005623Z   Python_ROOT_DIR: /opt/hostedtoolcache/Python/3.12.11/x64
2025-09-04T18:42:17.1005985Z   Python2_ROOT_DIR: /opt/hostedtoolcache/Python/3.12.11/x64
2025-09-04T18:42:17.1006341Z   Python3_ROOT_DIR: /opt/hostedtoolcache/Python/3.12.11/x64
2025-09-04T18:42:17.1006697Z   LD_LIBRARY_PATH: /opt/hostedtoolcache/Python/3.12.11/x64/lib
2025-09-04T18:42:17.1006989Z ##[endgroup]
2025-09-04T18:42:18.3825855Z Collecting keepa==1.3.14 (from -r services/etl/requirements.txt (line 1))
2025-09-04T18:42:18.3841063Z   Using cached keepa-1.3.14-py3-none-any.whl.metadata (10 kB)
2025-09-04T18:42:18.4131893Z Collecting minio==7.1.15 (from -r services/etl/requirements.txt (line 2))
2025-09-04T18:42:18.4146411Z   Using cached minio-7.1.15-py3-none-any.whl.metadata (4.2 kB)
2025-09-04T18:42:18.4509030Z Collecting celery==5.3.* (from -r services/etl/requirements.txt (line 3))
2025-09-04T18:42:18.4523171Z   Using cached celery-5.3.6-py3-none-any.whl.metadata (21 kB)
2025-09-04T18:42:18.5016184Z Collecting redis==5.* (from -r services/etl/requirements.txt (line 4))
2025-09-04T18:42:18.5030304Z   Using cached redis-5.3.1-py3-none-any.whl.metadata (9.2 kB)
2025-09-04T18:42:18.5584764Z Collecting python-amazon-sp-api==0.8.0 (from -r services/etl/requirements.txt (line 5))
2025-09-04T18:42:18.5598774Z   Using cached python_amazon_sp_api-0.8.0-py3-none-any.whl.metadata (3.2 kB)
2025-09-04T18:42:18.5851535Z Collecting pydantic-settings==2.2.1 (from -r services/etl/requirements.txt (line 6))
2025-09-04T18:42:18.5864150Z   Using cached pydantic_settings-2.2.1-py3-none-any.whl.metadata (3.1 kB)
2025-09-04T18:42:18.7524014Z Collecting numpy<2 (from -r services/etl/requirements.txt (line 7))
2025-09-04T18:42:18.7539088Z   Using cached numpy-1.26.4-cp312-cp312-manylinux_2_17_x86_64.manylinux2014_x86_64.whl.metadata (61 kB)
2025-09-04T18:42:18.8725877Z Collecting pandas==2.2.* (from -r services/etl/requirements.txt (line 8))
2025-09-04T18:42:18.8740675Z   Using cached pandas-2.2.3-cp312-cp312-manylinux_2_17_x86_64.manylinux2014_x86_64.whl.metadata (89 kB)
2025-09-04T18:42:18.9376930Z Collecting pandera==0.19.* (from -r services/etl/requirements.txt (line 9))
2025-09-04T18:42:18.9389849Z   Using cached pandera-0.19.3-py3-none-any.whl.metadata (15 kB)
2025-09-04T18:42:18.9616488Z Collecting openpyxl==3.1.* (from -r services/etl/requirements.txt (line 10))
2025-09-04T18:42:18.9635917Z   Using cached openpyxl-3.1.5-py2.py3-none-any.whl.metadata (2.5 kB)
2025-09-04T18:42:18.9797524Z Collecting psycopg==3.2.9 (from psycopg[binary]==3.2.9->-r services/etl/requirements.txt (line 11))
2025-09-04T18:42:18.9811119Z   Using cached psycopg-3.2.9-py3-none-any.whl.metadata (4.5 kB)
2025-09-04T18:42:19.0456460Z Collecting psycopg2-binary==2.9.* (from -r services/etl/requirements.txt (line 12))
2025-09-04T18:42:19.0471913Z   Using cached psycopg2_binary-2.9.10-cp312-cp312-manylinux_2_17_x86_64.manylinux2014_x86_64.whl.metadata (4.9 kB)
2025-09-04T18:42:19.0973088Z Collecting sentry-sdk==2.9.0 (from -r services/etl/requirements.txt (line 13))
2025-09-04T18:42:19.0987192Z   Using cached sentry_sdk-2.9.0-py2.py3-none-any.whl.metadata (14 kB)
2025-09-04T18:42:19.1609238Z Collecting requests>=2.2 (from keepa==1.3.14->-r services/etl/requirements.txt (line 1))
2025-09-04T18:42:19.1623958Z   Using cached requests-2.32.5-py3-none-any.whl.metadata (4.9 kB)
2025-09-04T18:42:19.1975306Z Collecting tqdm (from keepa==1.3.14->-r services/etl/requirements.txt (line 1))
2025-09-04T18:42:19.1989005Z   Using cached tqdm-4.67.1-py3-none-any.whl.metadata (57 kB)
2025-09-04T18:42:19.6918864Z Collecting aiohttp (from keepa==1.3.14->-r services/etl/requirements.txt (line 1))
2025-09-04T18:42:19.6933201Z   Using cached aiohttp-3.12.15-cp312-cp312-manylinux_2_17_x86_64.manylinux2014_x86_64.whl.metadata (7.7 kB)
2025-09-04T18:42:19.8140964Z Collecting pydantic (from keepa==1.3.14->-r services/etl/requirements.txt (line 1))
2025-09-04T18:42:19.8155254Z   Using cached pydantic-2.11.7-py3-none-any.whl.metadata (67 kB)
2025-09-04T18:42:19.8361694Z Collecting certifi (from minio==7.1.15->-r services/etl/requirements.txt (line 2))
2025-09-04T18:42:19.8374993Z   Using cached certifi-2025.8.3-py3-none-any.whl.metadata (2.4 kB)
2025-09-04T18:42:19.8608784Z Collecting urllib3 (from minio==7.1.15->-r services/etl/requirements.txt (line 2))
2025-09-04T18:42:19.8623035Z   Using cached urllib3-2.5.0-py3-none-any.whl.metadata (6.5 kB)
2025-09-04T18:42:19.8756634Z Collecting six<2,>=1.15 (from python-amazon-sp-api==0.8.0->-r services/etl/requirements.txt (line 5))
2025-09-04T18:42:19.8772315Z   Using cached six-1.17.0-py2.py3-none-any.whl.metadata (1.7 kB)
2025-09-04T18:42:20.2639391Z Collecting boto3<2,>=1.16.39 (from python-amazon-sp-api==0.8.0->-r services/etl/requirements.txt (line 5))
2025-09-04T18:42:20.2663986Z   Using cached boto3-1.40.23-py3-none-any.whl.metadata (6.7 kB)
2025-09-04T18:42:20.2869950Z Collecting cachetools~=4.2.0 (from python-amazon-sp-api==0.8.0->-r services/etl/requirements.txt (line 5))
2025-09-04T18:42:20.2881505Z   Using cached cachetools-4.2.4-py3-none-any.whl.metadata (4.8 kB)
2025-09-04T18:42:20.3790055Z Collecting pycryptodome (from python-amazon-sp-api==0.8.0->-r services/etl/requirements.txt (line 5))
2025-09-04T18:42:20.3803183Z   Using cached pycryptodome-3.23.0-cp37-abi3-manylinux_2_17_x86_64.manylinux2014_x86_64.whl.metadata (3.4 kB)
2025-09-04T18:42:20.4135997Z Collecting pytz (from python-amazon-sp-api==0.8.0->-r services/etl/requirements.txt (line 5))
2025-09-04T18:42:20.4148459Z   Using cached pytz-2025.2-py2.py3-none-any.whl.metadata (22 kB)
2025-09-04T18:42:20.4285711Z Collecting confuse~=1.4.0 (from python-amazon-sp-api==0.8.0->-r services/etl/requirements.txt (line 5))
2025-09-04T18:42:20.4297632Z   Using cached confuse-1.4.0-py2.py3-none-any.whl.metadata (3.8 kB)
2025-09-04T18:42:20.4550473Z Collecting python-dotenv>=0.21.0 (from pydantic-settings==2.2.1->-r services/etl/requirements.txt (line 6))
2025-09-04T18:42:20.4563430Z   Using cached python_dotenv-1.1.1-py3-none-any.whl.metadata (24 kB)
2025-09-04T18:42:20.4758690Z Collecting typing-extensions>=4.6 (from psycopg==3.2.9->psycopg[binary]==3.2.9->-r services/etl/requirements.txt (line 11))
2025-09-04T18:42:20.4770742Z   Using cached typing_extensions-4.15.0-py3-none-any.whl.metadata (3.3 kB)
2025-09-04T18:42:20.6229977Z Collecting psycopg-binary==3.2.9 (from psycopg[binary]==3.2.9->-r services/etl/requirements.txt (line 11))
2025-09-04T18:42:20.6244227Z   Using cached psycopg_binary-3.2.9-cp312-cp312-manylinux_2_17_x86_64.manylinux2014_x86_64.whl.metadata (2.9 kB)
2025-09-04T18:42:20.6426264Z Collecting billiard<5.0,>=4.2.0 (from celery==5.3.*->-r services/etl/requirements.txt (line 3))
2025-09-04T18:42:20.6438781Z   Using cached billiard-4.2.1-py3-none-any.whl.metadata (4.4 kB)
2025-09-04T18:42:20.6562655Z Collecting click-didyoumean>=0.3.0 (from celery==5.3.*->-r services/etl/requirements.txt (line 3))
2025-09-04T18:42:20.6574531Z   Using cached click_didyoumean-0.3.1-py3-none-any.whl.metadata (3.9 kB)
2025-09-04T18:42:20.6675080Z Collecting click-plugins>=1.1.1 (from celery==5.3.*->-r services/etl/requirements.txt (line 3))
2025-09-04T18:42:20.6687478Z   Using cached click_plugins-1.1.1.2-py2.py3-none-any.whl.metadata (6.5 kB)
2025-09-04T18:42:20.6795436Z Collecting click-repl>=0.2.0 (from celery==5.3.*->-r services/etl/requirements.txt (line 3))
2025-09-04T18:42:20.6807161Z   Using cached click_repl-0.3.0-py3-none-any.whl.metadata (3.6 kB)
2025-09-04T18:42:20.6988997Z Collecting click<9.0,>=8.1.2 (from celery==5.3.*->-r services/etl/requirements.txt (line 3))
2025-09-04T18:42:20.6999871Z   Using cached click-8.2.1-py3-none-any.whl.metadata (2.5 kB)
2025-09-04T18:42:20.7299923Z Collecting kombu<6.0,>=5.3.4 (from celery==5.3.*->-r services/etl/requirements.txt (line 3))
2025-09-04T18:42:20.7310743Z   Using cached kombu-5.5.4-py3-none-any.whl.metadata (3.5 kB)
2025-09-04T18:42:20.7476922Z Collecting python-dateutil>=2.8.2 (from celery==5.3.*->-r services/etl/requirements.txt (line 3))
2025-09-04T18:42:20.7488362Z   Using cached python_dateutil-2.9.0.post0-py2.py3-none-any.whl.metadata (8.4 kB)
2025-09-04T18:42:20.7650280Z Collecting tzdata>=2022.7 (from celery==5.3.*->-r services/etl/requirements.txt (line 3))
2025-09-04T18:42:20.7661334Z   Using cached tzdata-2025.2-py2.py3-none-any.whl.metadata (1.4 kB)
2025-09-04T18:42:20.7760547Z Collecting vine<6.0,>=5.1.0 (from celery==5.3.*->-r services/etl/requirements.txt (line 3))
2025-09-04T18:42:20.7771340Z   Using cached vine-5.1.0-py3-none-any.whl.metadata (2.7 kB)
2025-09-04T18:42:20.7931989Z Collecting PyJWT>=2.9.0 (from redis==5.*->-r services/etl/requirements.txt (line 4))
2025-09-04T18:42:20.7944956Z   Using cached PyJWT-2.10.1-py3-none-any.whl.metadata (4.0 kB)
2025-09-04T18:42:20.8263365Z Collecting multimethod<=1.10.0 (from pandera==0.19.*->-r services/etl/requirements.txt (line 9))
2025-09-04T18:42:20.8275397Z   Using cached multimethod-1.10-py3-none-any.whl.metadata (8.2 kB)
2025-09-04T18:42:20.8510492Z Collecting packaging>=20.0 (from pandera==0.19.*->-r services/etl/requirements.txt (line 9))
2025-09-04T18:42:20.8521870Z   Using cached packaging-25.0-py3-none-any.whl.metadata (3.3 kB)
2025-09-04T18:42:20.8788798Z Collecting typeguard (from pandera==0.19.*->-r services/etl/requirements.txt (line 9))
2025-09-04T18:42:20.8799938Z   Using cached typeguard-4.4.4-py3-none-any.whl.metadata (3.3 kB)
2025-09-04T18:42:20.8895906Z Collecting typing-inspect>=0.6.0 (from pandera==0.19.*->-r services/etl/requirements.txt (line 9))
2025-09-04T18:42:20.8906700Z   Using cached typing_inspect-0.9.0-py3-none-any.whl.metadata (1.5 kB)
2025-09-04T18:42:20.9845294Z Collecting wrapt (from pandera==0.19.*->-r services/etl/requirements.txt (line 9))
2025-09-04T18:42:20.9859742Z   Using cached wrapt-1.17.3-cp312-cp312-manylinux1_x86_64.manylinux_2_28_x86_64.manylinux_2_5_x86_64.whl.metadata (6.4 kB)
2025-09-04T18:42:20.9949046Z Collecting et-xmlfile (from openpyxl==3.1.*->-r services/etl/requirements.txt (line 10))
2025-09-04T18:42:20.9960592Z   Using cached et_xmlfile-2.0.0-py3-none-any.whl.metadata (2.7 kB)
2025-09-04T18:42:21.4272561Z Collecting botocore<1.41.0,>=1.40.23 (from boto3<2,>=1.16.39->python-amazon-sp-api==0.8.0->-r services/etl/requirements.txt (line 5))
2025-09-04T18:42:21.4285513Z   Using cached botocore-1.40.23-py3-none-any.whl.metadata (5.7 kB)
2025-09-04T18:42:21.4403715Z Collecting jmespath<2.0.0,>=0.7.1 (from boto3<2,>=1.16.39->python-amazon-sp-api==0.8.0->-r services/etl/requirements.txt (line 5))
2025-09-04T18:42:21.4415671Z   Using cached jmespath-1.0.1-py3-none-any.whl.metadata (7.6 kB)
2025-09-04T18:42:21.4565390Z Collecting s3transfer<0.14.0,>=0.13.0 (from boto3<2,>=1.16.39->python-amazon-sp-api==0.8.0->-r services/etl/requirements.txt (line 5))
2025-09-04T18:42:21.4576374Z   Using cached s3transfer-0.13.1-py3-none-any.whl.metadata (1.7 kB)
2025-09-04T18:42:21.5050787Z Collecting pyyaml (from confuse~=1.4.0->python-amazon-sp-api==0.8.0->-r services/etl/requirements.txt (line 5))
2025-09-04T18:42:21.5064859Z   Using cached PyYAML-6.0.2-cp312-cp312-manylinux_2_17_x86_64.manylinux2014_x86_64.whl.metadata (2.1 kB)
2025-09-04T18:42:21.5273150Z Collecting amqp<6.0.0,>=5.1.1 (from kombu<6.0,>=5.3.4->celery==5.3.*->-r services/etl/requirements.txt (line 3))
2025-09-04T18:42:21.5285023Z   Using cached amqp-5.3.1-py3-none-any.whl.metadata (8.9 kB)
2025-09-04T18:42:21.7634234Z Collecting prompt-toolkit>=3.0.36 (from click-repl>=0.2.0->celery==5.3.*->-r services/etl/requirements.txt (line 3))
2025-09-04T18:42:21.7645324Z   Using cached prompt_toolkit-3.0.52-py3-none-any.whl.metadata (6.4 kB)
2025-09-04T18:42:21.7784842Z Collecting wcwidth (from prompt-toolkit>=3.0.36->click-repl>=0.2.0->celery==5.3.*->-r services/etl/requirements.txt (line 3))
2025-09-04T18:42:21.7796252Z   Using cached wcwidth-0.2.13-py2.py3-none-any.whl.metadata (14 kB)
2025-09-04T18:42:21.7901738Z Collecting annotated-types>=0.6.0 (from pydantic->keepa==1.3.14->-r services/etl/requirements.txt (line 1))
2025-09-04T18:42:21.7913168Z   Using cached annotated_types-0.7.0-py3-none-any.whl.metadata (15 kB)
2025-09-04T18:42:22.4696311Z Collecting pydantic-core==2.33.2 (from pydantic->keepa==1.3.14->-r services/etl/requirements.txt (line 1))
2025-09-04T18:42:22.4710495Z   Using cached pydantic_core-2.33.2-cp312-cp312-manylinux_2_17_x86_64.manylinux2014_x86_64.whl.metadata (6.8 kB)
2025-09-04T18:42:22.4884903Z Collecting typing-inspection>=0.4.0 (from pydantic->keepa==1.3.14->-r services/etl/requirements.txt (line 1))
2025-09-04T18:42:22.4896767Z   Using cached typing_inspection-0.4.1-py3-none-any.whl.metadata (2.6 kB)
2025-09-04T18:42:22.5765157Z Collecting charset_normalizer<4,>=2 (from requests>=2.2->keepa==1.3.14->-r services/etl/requirements.txt (line 1))
2025-09-04T18:42:22.5781200Z   Using cached charset_normalizer-3.4.3-cp312-cp312-manylinux2014_x86_64.manylinux_2_17_x86_64.manylinux_2_28_x86_64.whl.metadata (36 kB)
2025-09-04T18:42:22.5927142Z Collecting idna<4,>=2.5 (from requests>=2.2->keepa==1.3.14->-r services/etl/requirements.txt (line 1))
2025-09-04T18:42:22.5938820Z   Using cached idna-3.10-py3-none-any.whl.metadata (10 kB)
2025-09-04T18:42:22.6297882Z Collecting mypy-extensions>=0.3.0 (from typing-inspect>=0.6.0->pandera==0.19.*->-r services/etl/requirements.txt (line 9))
2025-09-04T18:42:22.6309763Z   Using cached mypy_extensions-1.1.0-py3-none-any.whl.metadata (1.1 kB)
2025-09-04T18:42:22.6754355Z Collecting aiohappyeyeballs>=2.5.0 (from aiohttp->keepa==1.3.14->-r services/etl/requirements.txt (line 1))
2025-09-04T18:42:22.6766054Z   Using cached aiohappyeyeballs-2.6.1-py3-none-any.whl.metadata (5.9 kB)
2025-09-04T18:42:22.6860103Z Collecting aiosignal>=1.4.0 (from aiohttp->keepa==1.3.14->-r services/etl/requirements.txt (line 1))
2025-09-04T18:42:22.6871635Z   Using cached aiosignal-1.4.0-py3-none-any.whl.metadata (3.7 kB)
2025-09-04T18:42:22.7008577Z Collecting attrs>=17.3.0 (from aiohttp->keepa==1.3.14->-r services/etl/requirements.txt (line 1))
2025-09-04T18:42:22.7020733Z   Using cached attrs-25.3.0-py3-none-any.whl.metadata (10 kB)
2025-09-04T18:42:22.7711545Z Collecting frozenlist>=1.1.1 (from aiohttp->keepa==1.3.14->-r services/etl/requirements.txt (line 1))
2025-09-04T18:42:22.7724770Z   Using cached frozenlist-1.7.0-cp312-cp312-manylinux_2_5_x86_64.manylinux1_x86_64.manylinux_2_17_x86_64.manylinux2014_x86_64.whl.metadata (18 kB)
2025-09-04T18:42:23.0837473Z Collecting multidict<7.0,>=4.5 (from aiohttp->keepa==1.3.14->-r services/etl/requirements.txt (line 1))
2025-09-04T18:42:23.0851992Z   Using cached multidict-6.6.4-cp312-cp312-manylinux2014_x86_64.manylinux_2_17_x86_64.manylinux_2_28_x86_64.whl.metadata (5.3 kB)
2025-09-04T18:42:23.1270979Z Collecting propcache>=0.2.0 (from aiohttp->keepa==1.3.14->-r services/etl/requirements.txt (line 1))
2025-09-04T18:42:23.1283989Z   Using cached propcache-0.3.2-cp312-cp312-manylinux_2_17_x86_64.manylinux2014_x86_64.whl.metadata (12 kB)
2025-09-04T18:42:23.3646652Z Collecting yarl<2.0,>=1.17.0 (from aiohttp->keepa==1.3.14->-r services/etl/requirements.txt (line 1))
2025-09-04T18:42:23.3661308Z   Using cached yarl-1.20.1-cp312-cp312-manylinux_2_17_x86_64.manylinux2014_x86_64.whl.metadata (73 kB)
2025-09-04T18:42:23.4267214Z Using cached keepa-1.3.14-py3-none-any.whl (33 kB)
2025-09-04T18:42:23.4279768Z Using cached minio-7.1.15-py3-none-any.whl (77 kB)
2025-09-04T18:42:23.4292151Z Using cached python_amazon_sp_api-0.8.0-py3-none-any.whl (93 kB)
2025-09-04T18:42:23.4304904Z Using cached pydantic_settings-2.2.1-py3-none-any.whl (13 kB)
2025-09-04T18:42:23.4316891Z Using cached psycopg-3.2.9-py3-none-any.whl (202 kB)
2025-09-04T18:42:23.4330754Z Using cached sentry_sdk-2.9.0-py2.py3-none-any.whl (301 kB)
2025-09-04T18:42:23.4344600Z Using cached psycopg_binary-3.2.9-cp312-cp312-manylinux_2_17_x86_64.manylinux2014_x86_64.whl (4.4 MB)
2025-09-04T18:42:23.4388464Z Using cached celery-5.3.6-py3-none-any.whl (422 kB)
2025-09-04T18:42:23.4402922Z Using cached redis-5.3.1-py3-none-any.whl (272 kB)
2025-09-04T18:42:23.4417083Z Using cached numpy-1.26.4-cp312-cp312-manylinux_2_17_x86_64.manylinux2014_x86_64.whl (18.0 MB)
2025-09-04T18:42:23.4559366Z Using cached pandas-2.2.3-cp312-cp312-manylinux_2_17_x86_64.manylinux2014_x86_64.whl (12.7 MB)
2025-09-04T18:42:23.4661863Z Using cached pandera-0.19.3-py3-none-any.whl (251 kB)
2025-09-04T18:42:23.4674760Z Using cached openpyxl-3.1.5-py2.py3-none-any.whl (250 kB)
2025-09-04T18:42:23.4688120Z Using cached psycopg2_binary-2.9.10-cp312-cp312-manylinux_2_17_x86_64.manylinux2014_x86_64.whl (3.0 MB)
2025-09-04T18:42:23.4722131Z Using cached billiard-4.2.1-py3-none-any.whl (86 kB)
2025-09-04T18:42:23.4734042Z Using cached boto3-1.40.23-py3-none-any.whl (139 kB)
2025-09-04T18:42:23.4745961Z Using cached botocore-1.40.23-py3-none-any.whl (14.0 MB)
2025-09-04T18:42:23.4860798Z Using cached cachetools-4.2.4-py3-none-any.whl (10 kB)
2025-09-04T18:42:23.4871709Z Using cached click-8.2.1-py3-none-any.whl (102 kB)
2025-09-04T18:42:23.4883479Z Using cached confuse-1.4.0-py2.py3-none-any.whl (21 kB)
2025-09-04T18:42:23.4894465Z Using cached jmespath-1.0.1-py3-none-any.whl (20 kB)
2025-09-04T18:42:23.4905410Z Using cached kombu-5.5.4-py3-none-any.whl (210 kB)
2025-09-04T18:42:23.4917479Z Using cached vine-5.1.0-py3-none-any.whl (9.6 kB)
2025-09-04T18:42:23.4928362Z Using cached amqp-5.3.1-py3-none-any.whl (50 kB)
2025-09-04T18:42:23.4939390Z Using cached multimethod-1.10-py3-none-any.whl (9.9 kB)
2025-09-04T18:42:23.4950435Z Using cached python_dateutil-2.9.0.post0-py2.py3-none-any.whl (229 kB)
2025-09-04T18:42:23.4962758Z Using cached s3transfer-0.13.1-py3-none-any.whl (85 kB)
2025-09-04T18:42:23.4974145Z Using cached six-1.17.0-py2.py3-none-any.whl (11 kB)
2025-09-04T18:42:23.4985001Z Using cached urllib3-2.5.0-py3-none-any.whl (129 kB)
2025-09-04T18:42:23.4996567Z Using cached click_didyoumean-0.3.1-py3-none-any.whl (3.6 kB)
2025-09-04T18:42:23.5007233Z Using cached click_plugins-1.1.1.2-py2.py3-none-any.whl (11 kB)
2025-09-04T18:42:23.5018099Z Using cached click_repl-0.3.0-py3-none-any.whl (10 kB)
2025-09-04T18:42:23.5028952Z Using cached packaging-25.0-py3-none-any.whl (66 kB)
2025-09-04T18:42:23.5040061Z Using cached prompt_toolkit-3.0.52-py3-none-any.whl (391 kB)
2025-09-04T18:42:23.5054652Z Using cached pydantic-2.11.7-py3-none-any.whl (444 kB)
2025-09-04T18:42:23.5068668Z Using cached pydantic_core-2.33.2-cp312-cp312-manylinux_2_17_x86_64.manylinux2014_x86_64.whl (2.0 MB)
2025-09-04T18:42:23.5093794Z Using cached annotated_types-0.7.0-py3-none-any.whl (13 kB)
2025-09-04T18:42:23.5104450Z Using cached PyJWT-2.10.1-py3-none-any.whl (22 kB)
2025-09-04T18:42:23.5115353Z Using cached python_dotenv-1.1.1-py3-none-any.whl (20 kB)
2025-09-04T18:42:23.5126282Z Using cached pytz-2025.2-py2.py3-none-any.whl (509 kB)
2025-09-04T18:42:23.5140737Z Using cached requests-2.32.5-py3-none-any.whl (64 kB)
2025-09-04T18:42:23.5152559Z Using cached charset_normalizer-3.4.3-cp312-cp312-manylinux2014_x86_64.manylinux_2_17_x86_64.manylinux_2_28_x86_64.whl (151 kB)
2025-09-04T18:42:23.5163920Z Using cached idna-3.10-py3-none-any.whl (70 kB)
2025-09-04T18:42:23.5175174Z Using cached certifi-2025.8.3-py3-none-any.whl (161 kB)
2025-09-04T18:42:23.5187077Z Using cached typing_extensions-4.15.0-py3-none-any.whl (44 kB)
2025-09-04T18:42:23.5197856Z Using cached typing_inspect-0.9.0-py3-none-any.whl (8.8 kB)
2025-09-04T18:42:23.5208827Z Using cached mypy_extensions-1.1.0-py3-none-any.whl (5.0 kB)
2025-09-04T18:42:23.5219693Z Using cached typing_inspection-0.4.1-py3-none-any.whl (14 kB)
2025-09-04T18:42:23.5230507Z Using cached tzdata-2025.2-py2.py3-none-any.whl (347 kB)
2025-09-04T18:42:23.5244080Z Using cached aiohttp-3.12.15-cp312-cp312-manylinux_2_17_x86_64.manylinux2014_x86_64.whl (1.7 MB)
2025-09-04T18:42:23.5267399Z Using cached multidict-6.6.4-cp312-cp312-manylinux2014_x86_64.manylinux_2_17_x86_64.manylinux_2_28_x86_64.whl (256 kB)
2025-09-04T18:42:23.5280182Z Using cached yarl-1.20.1-cp312-cp312-manylinux_2_17_x86_64.manylinux2014_x86_64.whl (355 kB)
2025-09-04T18:42:23.5293995Z Using cached aiohappyeyeballs-2.6.1-py3-none-any.whl (15 kB)
2025-09-04T18:42:23.5305078Z Using cached aiosignal-1.4.0-py3-none-any.whl (7.5 kB)
2025-09-04T18:42:23.5315974Z Using cached attrs-25.3.0-py3-none-any.whl (63 kB)
2025-09-04T18:42:23.5327823Z Using cached frozenlist-1.7.0-cp312-cp312-manylinux_2_5_x86_64.manylinux1_x86_64.manylinux_2_17_x86_64.manylinux2014_x86_64.whl (241 kB)
2025-09-04T18:42:23.5340476Z Using cached propcache-0.3.2-cp312-cp312-manylinux_2_17_x86_64.manylinux2014_x86_64.whl (224 kB)
2025-09-04T18:42:23.5352633Z Using cached et_xmlfile-2.0.0-py3-none-any.whl (18 kB)
2025-09-04T18:42:23.5363929Z Using cached pycryptodome-3.23.0-cp37-abi3-manylinux_2_17_x86_64.manylinux2014_x86_64.whl (2.3 MB)
2025-09-04T18:42:23.5391955Z Using cached PyYAML-6.0.2-cp312-cp312-manylinux_2_17_x86_64.manylinux2014_x86_64.whl (767 kB)
2025-09-04T18:42:23.5408166Z Using cached tqdm-4.67.1-py3-none-any.whl (78 kB)
2025-09-04T18:42:23.5419411Z Using cached typeguard-4.4.4-py3-none-any.whl (34 kB)
2025-09-04T18:42:23.5430400Z Using cached wcwidth-0.2.13-py2.py3-none-any.whl (34 kB)
2025-09-04T18:42:23.5441905Z Using cached wrapt-1.17.3-cp312-cp312-manylinux1_x86_64.manylinux_2_28_x86_64.manylinux_2_5_x86_64.whl (88 kB)
2025-09-04T18:42:23.8216477Z Installing collected packages: wcwidth, pytz, wrapt, vine, urllib3, tzdata, typing-extensions, tqdm, six, pyyaml, python-dotenv, PyJWT, pycryptodome, psycopg2-binary, psycopg-binary, propcache, prompt-toolkit, packaging, numpy, mypy-extensions, multimethod, multidict, jmespath, idna, frozenlist, et-xmlfile, click, charset_normalizer, certifi, cachetools, billiard, attrs, annotated-types, aiohappyeyeballs, yarl, typing-inspection, typing-inspect, typeguard, sentry-sdk, requests, redis, python-dateutil, pydantic-core, psycopg, openpyxl, minio, confuse, click-repl, click-plugins, click-didyoumean, amqp, aiosignal, pydantic, pandas, kombu, botocore, aiohttp, s3transfer, pydantic-settings, pandera, keepa, celery, boto3, python-amazon-sp-api
2025-09-04T18:42:35.6579183Z 
2025-09-04T18:42:35.6643980Z Successfully installed PyJWT-2.10.1 aiohappyeyeballs-2.6.1 aiohttp-3.12.15 aiosignal-1.4.0 amqp-5.3.1 annotated-types-0.7.0 attrs-25.3.0 billiard-4.2.1 boto3-1.40.23 botocore-1.40.23 cachetools-4.2.4 celery-5.3.6 certifi-2025.8.3 charset_normalizer-3.4.3 click-8.2.1 click-didyoumean-0.3.1 click-plugins-1.1.1.2 click-repl-0.3.0 confuse-1.4.0 et-xmlfile-2.0.0 frozenlist-1.7.0 idna-3.10 jmespath-1.0.1 keepa-1.3.14 kombu-5.5.4 minio-7.1.15 multidict-6.6.4 multimethod-1.10 mypy-extensions-1.1.0 numpy-1.26.4 openpyxl-3.1.5 packaging-25.0 pandas-2.2.3 pandera-0.19.3 prompt-toolkit-3.0.52 propcache-0.3.2 psycopg-3.2.9 psycopg-binary-3.2.9 psycopg2-binary-2.9.10 pycryptodome-3.23.0 pydantic-2.11.7 pydantic-core-2.33.2 pydantic-settings-2.2.1 python-amazon-sp-api-0.8.0 python-dateutil-2.9.0.post0 python-dotenv-1.1.1 pytz-2025.2 pyyaml-6.0.2 redis-5.3.1 requests-2.32.5 s3transfer-0.13.1 sentry-sdk-2.9.0 six-1.17.0 tqdm-4.67.1 typeguard-4.4.4 typing-extensions-4.15.0 typing-inspect-0.9.0 typing-inspection-0.4.1 tzdata-2025.2 urllib3-2.5.0 vine-5.1.0 wcwidth-0.2.13 wrapt-1.17.3 yarl-1.20.1
2025-09-04T18:42:37.2273105Z Collecting uvicorn==0.29.0 (from -r services/api/requirements.txt (line 1))
2025-09-04T18:42:37.2287435Z   Using cached uvicorn-0.29.0-py3-none-any.whl.metadata (6.3 kB)
2025-09-04T18:42:37.2325709Z Requirement already satisfied: pydantic-settings==2.2.1 in /opt/hostedtoolcache/Python/3.12.11/x64/lib/python3.12/site-packages (from -r services/api/requirements.txt (line 2)) (2.2.1)
2025-09-04T18:42:37.2702298Z Collecting fastapi==0.111.0 (from -r services/api/requirements.txt (line 3))
2025-09-04T18:42:37.2714684Z   Using cached fastapi-0.111.0-py3-none-any.whl.metadata (25 kB)
2025-09-04T18:42:37.5408402Z Collecting sqlalchemy==2.0.29 (from -r services/api/requirements.txt (line 4))
2025-09-04T18:42:37.5422160Z   Using cached SQLAlchemy-2.0.29-cp312-cp312-manylinux_2_17_x86_64.manylinux2014_x86_64.whl.metadata (9.6 kB)
2025-09-04T18:42:37.5700270Z Collecting alembic==1.13.1 (from -r services/api/requirements.txt (line 5))
2025-09-04T18:42:37.5712716Z   Using cached alembic-1.13.1-py3-none-any.whl.metadata (7.4 kB)
2025-09-04T18:42:37.5739856Z Requirement already satisfied: psycopg==3.2.9 in /opt/hostedtoolcache/Python/3.12.11/x64/lib/python3.12/site-packages (from psycopg[binary]==3.2.9->-r services/api/requirements.txt (line 6)) (3.2.9)
2025-09-04T18:42:37.5893074Z Collecting httpx==0.27.2 (from -r services/api/requirements.txt (line 7))
2025-09-04T18:42:37.5905205Z   Using cached httpx-0.27.2-py3-none-any.whl.metadata (7.1 kB)
2025-09-04T18:42:37.6295094Z Collecting asyncpg==0.29.0 (from -r services/api/requirements.txt (line 8))
2025-09-04T18:42:37.6308554Z   Using cached asyncpg-0.29.0-cp312-cp312-manylinux_2_17_x86_64.manylinux2014_x86_64.whl.metadata (4.4 kB)
2025-09-04T18:42:37.9089784Z Collecting boto3==1.34.162 (from -r services/api/requirements.txt (line 9))
2025-09-04T18:42:37.9103588Z   Using cached boto3-1.34.162-py3-none-any.whl.metadata (6.6 kB)
2025-09-04T18:42:37.9301635Z Collecting Jinja2==3.1.5 (from -r services/api/requirements.txt (line 10))
2025-09-04T18:42:37.9313904Z   Using cached jinja2-3.1.5-py3-none-any.whl.metadata (2.6 kB)
2025-09-04T18:42:37.9333524Z Requirement already satisfied: celery==5.3.* in /opt/hostedtoolcache/Python/3.12.11/x64/lib/python3.12/site-packages (from -r services/api/requirements.txt (line 11)) (5.3.6)
2025-09-04T18:42:38.0232641Z Collecting structlog==24.1.0 (from -r services/api/requirements.txt (line 12))
2025-09-04T18:42:38.0244615Z   Using cached structlog-24.1.0-py3-none-any.whl.metadata (6.9 kB)
2025-09-04T18:42:38.0847038Z Collecting asgi-correlation-id==4.3.1 (from -r services/api/requirements.txt (line 13))
2025-09-04T18:42:38.0859836Z   Using cached asgi_correlation_id-4.3.1-py3-none-any.whl.metadata (28 kB)
2025-09-04T18:42:38.3139459Z Collecting fastapi-limiter==0.1.6 (from -r services/api/requirements.txt (line 14))
2025-09-04T18:42:38.3152184Z   Using cached fastapi_limiter-0.1.6-py3-none-any.whl.metadata (5.3 kB)
2025-09-04T18:42:38.4423760Z Collecting redis==5.0.8 (from -r services/api/requirements.txt (line 15))
2025-09-04T18:42:38.4436806Z   Using cached redis-5.0.8-py3-none-any.whl.metadata (9.2 kB)
2025-09-04T18:42:38.4470959Z Requirement already satisfied: sentry-sdk==2.9.0 in /opt/hostedtoolcache/Python/3.12.11/x64/lib/python3.12/site-packages (from sentry-sdk[celery,fastapi,sqlalchemy]==2.9.0->-r services/api/requirements.txt (line 16)) (2.9.0)
2025-09-04T18:42:38.5246965Z Collecting imapclient==3.0.1 (from -r services/api/requirements.txt (line 17))
2025-09-04T18:42:38.5477655Z   Using cached IMAPClient-3.0.1-py2.py3-none-any.whl.metadata (1.7 kB)
2025-09-04T18:42:38.5506550Z Requirement already satisfied: click>=7.0 in /opt/hostedtoolcache/Python/3.12.11/x64/lib/python3.12/site-packages (from uvicorn==0.29.0->-r services/api/requirements.txt (line 1)) (8.2.1)
2025-09-04T18:42:38.5590697Z Collecting h11>=0.8 (from uvicorn==0.29.0->-r services/api/requirements.txt (line 1))
2025-09-04T18:42:38.5602521Z   Using cached h11-0.16.0-py3-none-any.whl.metadata (8.3 kB)
2025-09-04T18:42:38.5631801Z Requirement already satisfied: pydantic>=2.3.0 in /opt/hostedtoolcache/Python/3.12.11/x64/lib/python3.12/site-packages (from pydantic-settings==2.2.1->-r services/api/requirements.txt (line 2)) (2.11.7)
2025-09-04T18:42:38.5637593Z Requirement already satisfied: python-dotenv>=0.21.0 in /opt/hostedtoolcache/Python/3.12.11/x64/lib/python3.12/site-packages (from pydantic-settings==2.2.1->-r services/api/requirements.txt (line 2)) (1.1.1)
2025-09-04T18:42:38.5899706Z Collecting starlette<0.38.0,>=0.37.2 (from fastapi==0.111.0->-r services/api/requirements.txt (line 3))
2025-09-04T18:42:38.5913331Z   Using cached starlette-0.37.2-py3-none-any.whl.metadata (5.9 kB)
2025-09-04T18:42:38.5944733Z Requirement already satisfied: typing-extensions>=4.8.0 in /opt/hostedtoolcache/Python/3.12.11/x64/lib/python3.12/site-packages (from fastapi==0.111.0->-r services/api/requirements.txt (line 3)) (4.15.0)
2025-09-04T18:42:38.6031816Z Collecting fastapi-cli>=0.0.2 (from fastapi==0.111.0->-r services/api/requirements.txt (line 3))
2025-09-04T18:42:38.6043905Z   Using cached fastapi_cli-0.0.10-py3-none-any.whl.metadata (6.3 kB)
2025-09-04T18:42:38.6235170Z Collecting python-multipart>=0.0.7 (from fastapi==0.111.0->-r services/api/requirements.txt (line 3))
2025-09-04T18:42:38.6247234Z   Using cached python_multipart-0.0.20-py3-none-any.whl.metadata (1.8 kB)
2025-09-04T18:42:38.6859180Z Collecting ujson!=4.0.2,!=4.1.0,!=4.2.0,!=4.3.0,!=5.0.0,!=5.1.0,>=4.0.1 (from fastapi==0.111.0->-r services/api/requirements.txt (line 3))
2025-09-04T18:42:38.6873538Z   Using cached ujson-5.11.0-cp312-cp312-manylinux_2_24_x86_64.manylinux_2_28_x86_64.whl.metadata (9.4 kB)
2025-09-04T18:42:38.9215369Z Collecting orjson>=3.2.1 (from fastapi==0.111.0->-r services/api/requirements.txt (line 3))
2025-09-04T18:42:38.9229733Z   Using cached orjson-3.11.3-cp312-cp312-manylinux_2_17_x86_64.manylinux2014_x86_64.whl.metadata (41 kB)
2025-09-04T18:42:38.9376854Z Collecting email_validator>=2.0.0 (from fastapi==0.111.0->-r services/api/requirements.txt (line 3))
2025-09-04T18:42:38.9388666Z   Using cached email_validator-2.3.0-py3-none-any.whl.metadata (26 kB)
2025-09-04T18:42:39.0709385Z Collecting greenlet!=0.4.17 (from sqlalchemy==2.0.29->-r services/api/requirements.txt (line 4))
2025-09-04T18:42:39.0722926Z   Using cached greenlet-3.2.4-cp312-cp312-manylinux_2_24_x86_64.manylinux_2_28_x86_64.whl.metadata (4.1 kB)
2025-09-04T18:42:39.1030103Z Collecting Mako (from alembic==1.13.1->-r services/api/requirements.txt (line 5))
2025-09-04T18:42:39.1042125Z   Using cached mako-1.3.10-py3-none-any.whl.metadata (2.9 kB)
2025-09-04T18:42:39.1272145Z Collecting anyio (from httpx==0.27.2->-r services/api/requirements.txt (line 7))
2025-09-04T18:42:39.1285972Z   Using cached anyio-4.10.0-py3-none-any.whl.metadata (4.0 kB)
2025-09-04T18:42:39.1310540Z Requirement already satisfied: certifi in /opt/hostedtoolcache/Python/3.12.11/x64/lib/python3.12/site-packages (from httpx==0.27.2->-r services/api/requirements.txt (line 7)) (2025.8.3)
2025-09-04T18:42:39.1477297Z Collecting httpcore==1.* (from httpx==0.27.2->-r services/api/requirements.txt (line 7))
2025-09-04T18:42:39.1489929Z   Using cached httpcore-1.0.9-py3-none-any.whl.metadata (21 kB)
2025-09-04T18:42:39.1525229Z Requirement already satisfied: idna in /opt/hostedtoolcache/Python/3.12.11/x64/lib/python3.12/site-packages (from httpx==0.27.2->-r services/api/requirements.txt (line 7)) (3.10)
2025-09-04T18:42:39.1594199Z Collecting sniffio (from httpx==0.27.2->-r services/api/requirements.txt (line 7))
2025-09-04T18:42:39.1606940Z   Using cached sniffio-1.3.1-py3-none-any.whl.metadata (3.9 kB)
2025-09-04T18:42:39.5082098Z Collecting botocore<1.35.0,>=1.34.162 (from boto3==1.34.162->-r services/api/requirements.txt (line 9))
2025-09-04T18:42:39.5095443Z   Using cached botocore-1.34.162-py3-none-any.whl.metadata (5.7 kB)
2025-09-04T18:42:39.5123553Z Requirement already satisfied: jmespath<2.0.0,>=0.7.1 in /opt/hostedtoolcache/Python/3.12.11/x64/lib/python3.12/site-packages (from boto3==1.34.162->-r services/api/requirements.txt (line 9)) (1.0.1)
2025-09-04T18:42:39.5273309Z Collecting s3transfer<0.11.0,>=0.10.0 (from boto3==1.34.162->-r services/api/requirements.txt (line 9))
2025-09-04T18:42:39.5284946Z   Using cached s3transfer-0.10.4-py3-none-any.whl.metadata (1.7 kB)
2025-09-04T18:42:39.5738734Z Collecting MarkupSafe>=2.0 (from Jinja2==3.1.5->-r services/api/requirements.txt (line 10))
2025-09-04T18:42:39.5751492Z   Using cached MarkupSafe-3.0.2-cp312-cp312-manylinux_2_17_x86_64.manylinux2014_x86_64.whl.metadata (4.0 kB)
2025-09-04T18:42:39.5992522Z Requirement already satisfied: urllib3>=1.26.11 in /opt/hostedtoolcache/Python/3.12.11/x64/lib/python3.12/site-packages (from sentry-sdk==2.9.0->sentry-sdk[celery,fastapi,sqlalchemy]==2.9.0->-r services/api/requirements.txt (line 16)) (2.5.0)
2025-09-04T18:42:39.6116590Z Requirement already satisfied: psycopg-binary==3.2.9 in /opt/hostedtoolcache/Python/3.12.11/x64/lib/python3.12/site-packages (from psycopg[binary]==3.2.9->-r services/api/requirements.txt (line 6)) (3.2.9)
2025-09-04T18:42:39.6425754Z Requirement already satisfied: billiard<5.0,>=4.2.0 in /opt/hostedtoolcache/Python/3.12.11/x64/lib/python3.12/site-packages (from celery==5.3.*->-r services/api/requirements.txt (line 11)) (4.2.1)
2025-09-04T18:42:39.6432573Z Requirement already satisfied: click-didyoumean>=0.3.0 in /opt/hostedtoolcache/Python/3.12.11/x64/lib/python3.12/site-packages (from celery==5.3.*->-r services/api/requirements.txt (line 11)) (0.3.1)
2025-09-04T18:42:39.6440167Z Requirement already satisfied: click-plugins>=1.1.1 in /opt/hostedtoolcache/Python/3.12.11/x64/lib/python3.12/site-packages (from celery==5.3.*->-r services/api/requirements.txt (line 11)) (1.1.1.2)
2025-09-04T18:42:39.6446699Z Requirement already satisfied: click-repl>=0.2.0 in /opt/hostedtoolcache/Python/3.12.11/x64/lib/python3.12/site-packages (from celery==5.3.*->-r services/api/requirements.txt (line 11)) (0.3.0)
2025-09-04T18:42:39.6478521Z Requirement already satisfied: kombu<6.0,>=5.3.4 in /opt/hostedtoolcache/Python/3.12.11/x64/lib/python3.12/site-packages (from celery==5.3.*->-r services/api/requirements.txt (line 11)) (5.5.4)
2025-09-04T18:42:39.6481019Z Requirement already satisfied: python-dateutil>=2.8.2 in /opt/hostedtoolcache/Python/3.12.11/x64/lib/python3.12/site-packages (from celery==5.3.*->-r services/api/requirements.txt (line 11)) (2.9.0.post0)
2025-09-04T18:42:39.6483440Z Requirement already satisfied: tzdata>=2022.7 in /opt/hostedtoolcache/Python/3.12.11/x64/lib/python3.12/site-packages (from celery==5.3.*->-r services/api/requirements.txt (line 11)) (2025.2)
2025-09-04T18:42:39.6485700Z Requirement already satisfied: vine<6.0,>=5.1.0 in /opt/hostedtoolcache/Python/3.12.11/x64/lib/python3.12/site-packages (from celery==5.3.*->-r services/api/requirements.txt (line 11)) (5.1.0)
2025-09-04T18:42:39.6622983Z Requirement already satisfied: amqp<6.0.0,>=5.1.1 in /opt/hostedtoolcache/Python/3.12.11/x64/lib/python3.12/site-packages (from kombu<6.0,>=5.3.4->celery==5.3.*->-r services/api/requirements.txt (line 11)) (5.3.1)
2025-09-04T18:42:39.6634831Z Requirement already satisfied: packaging in /opt/hostedtoolcache/Python/3.12.11/x64/lib/python3.12/site-packages (from kombu<6.0,>=5.3.4->celery==5.3.*->-r services/api/requirements.txt (line 11)) (25.0)
2025-09-04T18:42:39.6704301Z Requirement already satisfied: annotated-types>=0.6.0 in /opt/hostedtoolcache/Python/3.12.11/x64/lib/python3.12/site-packages (from pydantic>=2.3.0->pydantic-settings==2.2.1->-r services/api/requirements.txt (line 2)) (0.7.0)
2025-09-04T18:42:39.6710391Z Requirement already satisfied: pydantic-core==2.33.2 in /opt/hostedtoolcache/Python/3.12.11/x64/lib/python3.12/site-packages (from pydantic>=2.3.0->pydantic-settings==2.2.1->-r services/api/requirements.txt (line 2)) (2.33.2)
2025-09-04T18:42:39.6720653Z Requirement already satisfied: typing-inspection>=0.4.0 in /opt/hostedtoolcache/Python/3.12.11/x64/lib/python3.12/site-packages (from pydantic>=2.3.0->pydantic-settings==2.2.1->-r services/api/requirements.txt (line 2)) (0.4.1)
2025-09-04T18:42:39.6756632Z Requirement already satisfied: six>=1.5 in /opt/hostedtoolcache/Python/3.12.11/x64/lib/python3.12/site-packages (from python-dateutil>=2.8.2->celery==5.3.*->-r services/api/requirements.txt (line 11)) (1.17.0)
2025-09-04T18:42:39.8119963Z Requirement already satisfied: prompt-toolkit>=3.0.36 in /opt/hostedtoolcache/Python/3.12.11/x64/lib/python3.12/site-packages (from click-repl>=0.2.0->celery==5.3.*->-r services/api/requirements.txt (line 11)) (3.0.52)
2025-09-04T18:42:39.8241125Z Collecting dnspython>=2.0.0 (from email_validator>=2.0.0->fastapi==0.111.0->-r services/api/requirements.txt (line 3))
2025-09-04T18:42:39.8253315Z   Using cached dnspython-2.7.0-py3-none-any.whl.metadata (5.8 kB)
2025-09-04T18:42:39.8469077Z Collecting typer>=0.15.1 (from fastapi-cli>=0.0.2->fastapi==0.111.0->-r services/api/requirements.txt (line 3))
2025-09-04T18:42:39.8480819Z   Using cached typer-0.17.3-py3-none-any.whl.metadata (15 kB)
2025-09-04T18:42:39.8707219Z Collecting rich-toolkit>=0.14.8 (from fastapi-cli>=0.0.2->fastapi==0.111.0->-r services/api/requirements.txt (line 3))
2025-09-04T18:42:39.8718688Z   Using cached rich_toolkit-0.15.1-py3-none-any.whl.metadata (1.0 kB)
2025-09-04T18:42:39.8817593Z Requirement already satisfied: wcwidth in /opt/hostedtoolcache/Python/3.12.11/x64/lib/python3.12/site-packages (from prompt-toolkit>=3.0.36->click-repl>=0.2.0->celery==5.3.*->-r services/api/requirements.txt (line 11)) (0.2.13)
2025-09-04T18:42:39.9224441Z Collecting rich>=13.7.1 (from rich-toolkit>=0.14.8->fastapi-cli>=0.0.2->fastapi==0.111.0->-r services/api/requirements.txt (line 3))
2025-09-04T18:42:39.9236566Z   Using cached rich-14.1.0-py3-none-any.whl.metadata (18 kB)
2025-09-04T18:42:39.9397237Z Collecting markdown-it-py>=2.2.0 (from rich>=13.7.1->rich-toolkit>=0.14.8->fastapi-cli>=0.0.2->fastapi==0.111.0->-r services/api/requirements.txt (line 3))
2025-09-04T18:42:39.9408647Z   Using cached markdown_it_py-4.0.0-py3-none-any.whl.metadata (7.3 kB)
2025-09-04T18:42:39.9621604Z Collecting pygments<3.0.0,>=2.13.0 (from rich>=13.7.1->rich-toolkit>=0.14.8->fastapi-cli>=0.0.2->fastapi==0.111.0->-r services/api/requirements.txt (line 3))
2025-09-04T18:42:39.9633027Z   Using cached pygments-2.19.2-py3-none-any.whl.metadata (2.5 kB)
2025-09-04T18:42:39.9797371Z Collecting mdurl~=0.1 (from markdown-it-py>=2.2.0->rich>=13.7.1->rich-toolkit>=0.14.8->fastapi-cli>=0.0.2->fastapi==0.111.0->-r services/api/requirements.txt (line 3))
2025-09-04T18:42:39.9809495Z   Using cached mdurl-0.1.2-py3-none-any.whl.metadata (1.6 kB)
2025-09-04T18:42:39.9997473Z Collecting shellingham>=1.3.0 (from typer>=0.15.1->fastapi-cli>=0.0.2->fastapi==0.111.0->-r services/api/requirements.txt (line 3))
2025-09-04T18:42:40.0009657Z   Using cached shellingham-1.5.4-py2.py3-none-any.whl.metadata (3.5 kB)
2025-09-04T18:42:40.0473608Z Collecting httptools>=0.5.0 (from uvicorn[standard]>=0.12.0->fastapi==0.111.0->-r services/api/requirements.txt (line 3))
2025-09-04T18:42:40.0486207Z   Using cached httptools-0.6.4-cp312-cp312-manylinux_2_5_x86_64.manylinux1_x86_64.manylinux_2_17_x86_64.manylinux2014_x86_64.whl.metadata (3.6 kB)
2025-09-04T18:42:40.0518833Z Requirement already satisfied: pyyaml>=5.1 in /opt/hostedtoolcache/Python/3.12.11/x64/lib/python3.12/site-packages (from uvicorn[standard]>=0.12.0->fastapi==0.111.0->-r services/api/requirements.txt (line 3)) (6.0.2)
2025-09-04T18:42:40.0933542Z Collecting uvloop!=0.15.0,!=0.15.1,>=0.14.0 (from uvicorn[standard]>=0.12.0->fastapi==0.111.0->-r services/api/requirements.txt (line 3))
2025-09-04T18:42:40.0947442Z   Using cached uvloop-0.21.0-cp312-cp312-manylinux_2_17_x86_64.manylinux2014_x86_64.whl.metadata (4.9 kB)
2025-09-04T18:42:40.1649108Z Collecting watchfiles>=0.13 (from uvicorn[standard]>=0.12.0->fastapi==0.111.0->-r services/api/requirements.txt (line 3))
2025-09-04T18:42:40.1662699Z   Using cached watchfiles-1.1.0-cp312-cp312-manylinux_2_17_x86_64.manylinux2014_x86_64.whl.metadata (4.9 kB)
2025-09-04T18:42:40.2532560Z Collecting websockets>=10.4 (from uvicorn[standard]>=0.12.0->fastapi==0.111.0->-r services/api/requirements.txt (line 3))
2025-09-04T18:42:40.2546206Z   Using cached websockets-15.0.1-cp312-cp312-manylinux_2_5_x86_64.manylinux1_x86_64.manylinux_2_17_x86_64.manylinux2014_x86_64.whl.metadata (6.8 kB)
2025-09-04T18:42:40.3330707Z Using cached uvicorn-0.29.0-py3-none-any.whl (60 kB)
2025-09-04T18:42:40.3342359Z Using cached fastapi-0.111.0-py3-none-any.whl (91 kB)
2025-09-04T18:42:40.3354699Z Using cached SQLAlchemy-2.0.29-cp312-cp312-manylinux_2_17_x86_64.manylinux2014_x86_64.whl (3.2 MB)
2025-09-04T18:42:40.3389667Z Using cached alembic-1.13.1-py3-none-any.whl (233 kB)
2025-09-04T18:42:40.3402292Z Using cached httpx-0.27.2-py3-none-any.whl (76 kB)
2025-09-04T18:42:40.3413914Z Using cached asyncpg-0.29.0-cp312-cp312-manylinux_2_17_x86_64.manylinux2014_x86_64.whl (3.3 MB)
2025-09-04T18:42:40.3448905Z Using cached boto3-1.34.162-py3-none-any.whl (139 kB)
2025-09-04T18:42:40.3460439Z Using cached jinja2-3.1.5-py3-none-any.whl (134 kB)
2025-09-04T18:42:40.3471951Z Using cached structlog-24.1.0-py3-none-any.whl (65 kB)
2025-09-04T18:42:40.3483101Z Using cached asgi_correlation_id-4.3.1-py3-none-any.whl (15 kB)
2025-09-04T18:42:40.3493688Z Using cached fastapi_limiter-0.1.6-py3-none-any.whl (15 kB)
2025-09-04T18:42:40.3504296Z Using cached redis-5.0.8-py3-none-any.whl (255 kB)
2025-09-04T18:42:40.3516679Z Using cached IMAPClient-3.0.1-py2.py3-none-any.whl (182 kB)
2025-09-04T18:42:40.3528747Z Using cached botocore-1.34.162-py3-none-any.whl (12.5 MB)
2025-09-04T18:42:40.3635970Z Using cached httpcore-1.0.9-py3-none-any.whl (78 kB)
2025-09-04T18:42:40.3648045Z Using cached s3transfer-0.10.4-py3-none-any.whl (83 kB)
2025-09-04T18:42:40.3659423Z Using cached starlette-0.37.2-py3-none-any.whl (71 kB)
2025-09-04T18:42:40.3670578Z Using cached anyio-4.10.0-py3-none-any.whl (107 kB)
2025-09-04T18:42:40.3682026Z Using cached email_validator-2.3.0-py3-none-any.whl (35 kB)
2025-09-04T18:42:40.3692827Z Using cached dnspython-2.7.0-py3-none-any.whl (313 kB)
2025-09-04T18:42:40.3706031Z Using cached fastapi_cli-0.0.10-py3-none-any.whl (10 kB)
2025-09-04T18:42:40.3717290Z Using cached greenlet-3.2.4-cp312-cp312-manylinux_2_24_x86_64.manylinux_2_28_x86_64.whl (607 kB)
2025-09-04T18:42:40.3732679Z Using cached h11-0.16.0-py3-none-any.whl (37 kB)
2025-09-04T18:42:40.3744327Z Using cached MarkupSafe-3.0.2-cp312-cp312-manylinux_2_17_x86_64.manylinux2014_x86_64.whl (23 kB)
2025-09-04T18:42:40.3755148Z Using cached orjson-3.11.3-cp312-cp312-manylinux_2_17_x86_64.manylinux2014_x86_64.whl (132 kB)
2025-09-04T18:42:40.3766538Z Using cached python_multipart-0.0.20-py3-none-any.whl (24 kB)
2025-09-04T18:42:40.3777124Z Using cached rich_toolkit-0.15.1-py3-none-any.whl (29 kB)
2025-09-04T18:42:40.3788175Z Using cached rich-14.1.0-py3-none-any.whl (243 kB)
2025-09-04T18:42:40.3800793Z Using cached pygments-2.19.2-py3-none-any.whl (1.2 MB)
2025-09-04T18:42:40.3820704Z Using cached markdown_it_py-4.0.0-py3-none-any.whl (87 kB)
2025-09-04T18:42:40.3831904Z Using cached mdurl-0.1.2-py3-none-any.whl (10.0 kB)
2025-09-04T18:42:40.3842685Z Using cached sniffio-1.3.1-py3-none-any.whl (10 kB)
2025-09-04T18:42:40.3853220Z Using cached typer-0.17.3-py3-none-any.whl (46 kB)
2025-09-04T18:42:40.3865191Z Using cached shellingham-1.5.4-py2.py3-none-any.whl (9.8 kB)
2025-09-04T18:42:40.3878265Z Using cached ujson-5.11.0-cp312-cp312-manylinux_2_24_x86_64.manylinux_2_28_x86_64.whl (57 kB)
2025-09-04T18:42:40.3890237Z Using cached httptools-0.6.4-cp312-cp312-manylinux_2_5_x86_64.manylinux1_x86_64.manylinux_2_17_x86_64.manylinux2014_x86_64.whl (510 kB)
2025-09-04T18:42:40.3904566Z Using cached uvloop-0.21.0-cp312-cp312-manylinux_2_17_x86_64.manylinux2014_x86_64.whl (4.7 MB)
2025-09-04T18:42:40.3950668Z Using cached watchfiles-1.1.0-cp312-cp312-manylinux_2_17_x86_64.manylinux2014_x86_64.whl (452 kB)
2025-09-04T18:42:40.3964972Z Using cached websockets-15.0.1-cp312-cp312-manylinux_2_5_x86_64.manylinux1_x86_64.manylinux_2_17_x86_64.manylinux2014_x86_64.whl (182 kB)
2025-09-04T18:42:40.3976563Z Using cached mako-1.3.10-py3-none-any.whl (78 kB)
2025-09-04T18:42:40.6071257Z Installing collected packages: websockets, uvloop, ujson, structlog, sniffio, shellingham, redis, python-multipart, pygments, orjson, mdurl, MarkupSafe, imapclient, httptools, h11, greenlet, dnspython, asyncpg, uvicorn, sqlalchemy, markdown-it-py, Mako, Jinja2, httpcore, email_validator, botocore, anyio, watchfiles, starlette, s3transfer, rich, httpx, alembic, typer, rich-toolkit, boto3, asgi-correlation-id, fastapi-cli, fastapi, fastapi-limiter
2025-09-04T18:42:40.8480090Z   Attempting uninstall: redis
2025-09-04T18:42:40.8519471Z     Found existing installation: redis 5.3.1
2025-09-04T18:42:40.8599091Z     Uninstalling redis-5.3.1:
2025-09-04T18:42:40.8616790Z       Successfully uninstalled redis-5.3.1
2025-09-04T18:42:43.7849818Z   Attempting uninstall: botocore
2025-09-04T18:42:43.7885688Z     Found existing installation: botocore 1.40.23
2025-09-04T18:42:43.8524935Z     Uninstalling botocore-1.40.23:
2025-09-04T18:42:43.8771647Z       Successfully uninstalled botocore-1.40.23
2025-09-04T18:42:44.7610096Z   Attempting uninstall: s3transfer
2025-09-04T18:42:44.7648116Z     Found existing installation: s3transfer 0.13.1
2025-09-04T18:42:44.7674814Z     Uninstalling s3transfer-0.13.1:
2025-09-04T18:42:44.7683377Z       Successfully uninstalled s3transfer-0.13.1
2025-09-04T18:42:45.2848325Z   Attempting uninstall: boto3
2025-09-04T18:42:45.2896660Z     Found existing installation: boto3 1.40.23
2025-09-04T18:42:45.2956939Z     Uninstalling boto3-1.40.23:
2025-09-04T18:42:45.2974967Z       Successfully uninstalled boto3-1.40.23
2025-09-04T18:42:45.4561853Z 
2025-09-04T18:42:45.4648863Z Successfully installed Jinja2-3.1.5 Mako-1.3.10 MarkupSafe-3.0.2 alembic-1.13.1 anyio-4.10.0 asgi-correlation-id-4.3.1 asyncpg-0.29.0 boto3-1.34.162 botocore-1.34.162 dnspython-2.7.0 email_validator-2.3.0 fastapi-0.111.0 fastapi-cli-0.0.10 fastapi-limiter-0.1.6 greenlet-3.2.4 h11-0.16.0 httpcore-1.0.9 httptools-0.6.4 httpx-0.27.2 imapclient-3.0.1 markdown-it-py-4.0.0 mdurl-0.1.2 orjson-3.11.3 pygments-2.19.2 python-multipart-0.0.20 redis-5.0.8 rich-14.1.0 rich-toolkit-0.15.1 s3transfer-0.10.4 shellingham-1.5.4 sniffio-1.3.1 sqlalchemy-2.0.29 starlette-0.37.2 structlog-24.1.0 typer-0.17.3 ujson-5.11.0 uvicorn-0.29.0 uvloop-0.21.0 watchfiles-1.1.0 websockets-15.0.1
2025-09-04T18:42:46.5587642Z Requirement already satisfied: uvicorn==0.29.0 in /opt/hostedtoolcache/Python/3.12.11/x64/lib/python3.12/site-packages (from -r services/repricer/requirements.txt (line 1)) (0.29.0)
2025-09-04T18:42:46.5592391Z Requirement already satisfied: pydantic-settings==2.2.1 in /opt/hostedtoolcache/Python/3.12.11/x64/lib/python3.12/site-packages (from -r services/repricer/requirements.txt (line 2)) (2.2.1)
2025-09-04T18:42:46.5596778Z Requirement already satisfied: python-amazon-sp-api==0.8.0 in /opt/hostedtoolcache/Python/3.12.11/x64/lib/python3.12/site-packages (from -r services/repricer/requirements.txt (line 3)) (0.8.0)
2025-09-04T18:42:46.5601149Z Requirement already satisfied: fastapi==0.111.0 in /opt/hostedtoolcache/Python/3.12.11/x64/lib/python3.12/site-packages (from -r services/repricer/requirements.txt (line 4)) (0.111.0)
2025-09-04T18:42:46.5605212Z Requirement already satisfied: sqlalchemy==2.0.29 in /opt/hostedtoolcache/Python/3.12.11/x64/lib/python3.12/site-packages (from -r services/repricer/requirements.txt (line 5)) (2.0.29)
2025-09-04T18:42:46.5615857Z Requirement already satisfied: click>=7.0 in /opt/hostedtoolcache/Python/3.12.11/x64/lib/python3.12/site-packages (from uvicorn==0.29.0->-r services/repricer/requirements.txt (line 1)) (8.2.1)
2025-09-04T18:42:46.5621631Z Requirement already satisfied: h11>=0.8 in /opt/hostedtoolcache/Python/3.12.11/x64/lib/python3.12/site-packages (from uvicorn==0.29.0->-r services/repricer/requirements.txt (line 1)) (0.16.0)
2025-09-04T18:42:46.5644312Z Requirement already satisfied: pydantic>=2.3.0 in /opt/hostedtoolcache/Python/3.12.11/x64/lib/python3.12/site-packages (from pydantic-settings==2.2.1->-r services/repricer/requirements.txt (line 2)) (2.11.7)
2025-09-04T18:42:46.5649352Z Requirement already satisfied: python-dotenv>=0.21.0 in /opt/hostedtoolcache/Python/3.12.11/x64/lib/python3.12/site-packages (from pydantic-settings==2.2.1->-r services/repricer/requirements.txt (line 2)) (1.1.1)
2025-09-04T18:42:46.5660491Z Requirement already satisfied: requests in /opt/hostedtoolcache/Python/3.12.11/x64/lib/python3.12/site-packages (from python-amazon-sp-api==0.8.0->-r services/repricer/requirements.txt (line 3)) (2.32.5)
2025-09-04T18:42:46.5666977Z Requirement already satisfied: six<2,>=1.15 in /opt/hostedtoolcache/Python/3.12.11/x64/lib/python3.12/site-packages (from python-amazon-sp-api==0.8.0->-r services/repricer/requirements.txt (line 3)) (1.17.0)
2025-09-04T18:42:46.5674375Z Requirement already satisfied: boto3<2,>=1.16.39 in /opt/hostedtoolcache/Python/3.12.11/x64/lib/python3.12/site-packages (from python-amazon-sp-api==0.8.0->-r services/repricer/requirements.txt (line 3)) (1.34.162)
2025-09-04T18:42:46.5680656Z Requirement already satisfied: cachetools~=4.2.0 in /opt/hostedtoolcache/Python/3.12.11/x64/lib/python3.12/site-packages (from python-amazon-sp-api==0.8.0->-r services/repricer/requirements.txt (line 3)) (4.2.4)
2025-09-04T18:42:46.5684583Z Requirement already satisfied: pycryptodome in /opt/hostedtoolcache/Python/3.12.11/x64/lib/python3.12/site-packages (from python-amazon-sp-api==0.8.0->-r services/repricer/requirements.txt (line 3)) (3.23.0)
2025-09-04T18:42:46.5688304Z Requirement already satisfied: pytz in /opt/hostedtoolcache/Python/3.12.11/x64/lib/python3.12/site-packages (from python-amazon-sp-api==0.8.0->-r services/repricer/requirements.txt (line 3)) (2025.2)
2025-09-04T18:42:46.5694138Z Requirement already satisfied: confuse~=1.4.0 in /opt/hostedtoolcache/Python/3.12.11/x64/lib/python3.12/site-packages (from python-amazon-sp-api==0.8.0->-r services/repricer/requirements.txt (line 3)) (1.4.0)
2025-09-04T18:42:46.5709390Z Requirement already satisfied: starlette<0.38.0,>=0.37.2 in /opt/hostedtoolcache/Python/3.12.11/x64/lib/python3.12/site-packages (from fastapi==0.111.0->-r services/repricer/requirements.txt (line 4)) (0.37.2)
2025-09-04T18:42:46.5719437Z Requirement already satisfied: typing-extensions>=4.8.0 in /opt/hostedtoolcache/Python/3.12.11/x64/lib/python3.12/site-packages (from fastapi==0.111.0->-r services/repricer/requirements.txt (line 4)) (4.15.0)
2025-09-04T18:42:46.5724391Z Requirement already satisfied: fastapi-cli>=0.0.2 in /opt/hostedtoolcache/Python/3.12.11/x64/lib/python3.12/site-packages (from fastapi==0.111.0->-r services/repricer/requirements.txt (line 4)) (0.0.10)
2025-09-04T18:42:46.5729151Z Requirement already satisfied: httpx>=0.23.0 in /opt/hostedtoolcache/Python/3.12.11/x64/lib/python3.12/site-packages (from fastapi==0.111.0->-r services/repricer/requirements.txt (line 4)) (0.27.2)
2025-09-04T18:42:46.5734447Z Requirement already satisfied: jinja2>=2.11.2 in /opt/hostedtoolcache/Python/3.12.11/x64/lib/python3.12/site-packages (from fastapi==0.111.0->-r services/repricer/requirements.txt (line 4)) (3.1.5)
2025-09-04T18:42:46.5739383Z Requirement already satisfied: python-multipart>=0.0.7 in /opt/hostedtoolcache/Python/3.12.11/x64/lib/python3.12/site-packages (from fastapi==0.111.0->-r services/repricer/requirements.txt (line 4)) (0.0.20)
2025-09-04T18:42:46.5747125Z Requirement already satisfied: ujson!=4.0.2,!=4.1.0,!=4.2.0,!=4.3.0,!=5.0.0,!=5.1.0,>=4.0.1 in /opt/hostedtoolcache/Python/3.12.11/x64/lib/python3.12/site-packages (from fastapi==0.111.0->-r services/repricer/requirements.txt (line 4)) (5.11.0)
2025-09-04T18:42:46.5751928Z Requirement already satisfied: orjson>=3.2.1 in /opt/hostedtoolcache/Python/3.12.11/x64/lib/python3.12/site-packages (from fastapi==0.111.0->-r services/repricer/requirements.txt (line 4)) (3.11.3)
2025-09-04T18:42:46.5756606Z Requirement already satisfied: email_validator>=2.0.0 in /opt/hostedtoolcache/Python/3.12.11/x64/lib/python3.12/site-packages (from fastapi==0.111.0->-r services/repricer/requirements.txt (line 4)) (2.3.0)
2025-09-04T18:42:46.5803584Z Requirement already satisfied: greenlet!=0.4.17 in /opt/hostedtoolcache/Python/3.12.11/x64/lib/python3.12/site-packages (from sqlalchemy==2.0.29->-r services/repricer/requirements.txt (line 5)) (3.2.4)
2025-09-04T18:42:46.5849016Z Requirement already satisfied: botocore<1.35.0,>=1.34.162 in /opt/hostedtoolcache/Python/3.12.11/x64/lib/python3.12/site-packages (from boto3<2,>=1.16.39->python-amazon-sp-api==0.8.0->-r services/repricer/requirements.txt (line 3)) (1.34.162)
2025-09-04T18:42:46.5855441Z Requirement already satisfied: jmespath<2.0.0,>=0.7.1 in /opt/hostedtoolcache/Python/3.12.11/x64/lib/python3.12/site-packages (from boto3<2,>=1.16.39->python-amazon-sp-api==0.8.0->-r services/repricer/requirements.txt (line 3)) (1.0.1)
2025-09-04T18:42:46.5862191Z Requirement already satisfied: s3transfer<0.11.0,>=0.10.0 in /opt/hostedtoolcache/Python/3.12.11/x64/lib/python3.12/site-packages (from boto3<2,>=1.16.39->python-amazon-sp-api==0.8.0->-r services/repricer/requirements.txt (line 3)) (0.10.4)
2025-09-04T18:42:46.5879194Z Requirement already satisfied: python-dateutil<3.0.0,>=2.1 in /opt/hostedtoolcache/Python/3.12.11/x64/lib/python3.12/site-packages (from botocore<1.35.0,>=1.34.162->boto3<2,>=1.16.39->python-amazon-sp-api==0.8.0->-r services/repricer/requirements.txt (line 3)) (2.9.0.post0)
2025-09-04T18:42:46.5891856Z Requirement already satisfied: urllib3!=2.2.0,<3,>=1.25.4 in /opt/hostedtoolcache/Python/3.12.11/x64/lib/python3.12/site-packages (from botocore<1.35.0,>=1.34.162->boto3<2,>=1.16.39->python-amazon-sp-api==0.8.0->-r services/repricer/requirements.txt (line 3)) (2.5.0)
2025-09-04T18:42:46.5911551Z Requirement already satisfied: pyyaml in /opt/hostedtoolcache/Python/3.12.11/x64/lib/python3.12/site-packages (from confuse~=1.4.0->python-amazon-sp-api==0.8.0->-r services/repricer/requirements.txt (line 3)) (6.0.2)
2025-09-04T18:42:46.5945594Z Requirement already satisfied: annotated-types>=0.6.0 in /opt/hostedtoolcache/Python/3.12.11/x64/lib/python3.12/site-packages (from pydantic>=2.3.0->pydantic-settings==2.2.1->-r services/repricer/requirements.txt (line 2)) (0.7.0)
2025-09-04T18:42:46.5951491Z Requirement already satisfied: pydantic-core==2.33.2 in /opt/hostedtoolcache/Python/3.12.11/x64/lib/python3.12/site-packages (from pydantic>=2.3.0->pydantic-settings==2.2.1->-r services/repricer/requirements.txt (line 2)) (2.33.2)
2025-09-04T18:42:46.5958614Z Requirement already satisfied: typing-inspection>=0.4.0 in /opt/hostedtoolcache/Python/3.12.11/x64/lib/python3.12/site-packages (from pydantic>=2.3.0->pydantic-settings==2.2.1->-r services/repricer/requirements.txt (line 2)) (0.4.1)
2025-09-04T18:42:46.6020061Z Requirement already satisfied: anyio<5,>=3.4.0 in /opt/hostedtoolcache/Python/3.12.11/x64/lib/python3.12/site-packages (from starlette<0.38.0,>=0.37.2->fastapi==0.111.0->-r services/repricer/requirements.txt (line 4)) (4.10.0)
2025-09-04T18:42:46.6039845Z Requirement already satisfied: idna>=2.8 in /opt/hostedtoolcache/Python/3.12.11/x64/lib/python3.12/site-packages (from anyio<5,>=3.4.0->starlette<0.38.0,>=0.37.2->fastapi==0.111.0->-r services/repricer/requirements.txt (line 4)) (3.10)
2025-09-04T18:42:46.6045092Z Requirement already satisfied: sniffio>=1.1 in /opt/hostedtoolcache/Python/3.12.11/x64/lib/python3.12/site-packages (from anyio<5,>=3.4.0->starlette<0.38.0,>=0.37.2->fastapi==0.111.0->-r services/repricer/requirements.txt (line 4)) (1.3.1)
2025-09-04T18:42:46.6100764Z Requirement already satisfied: dnspython>=2.0.0 in /opt/hostedtoolcache/Python/3.12.11/x64/lib/python3.12/site-packages (from email_validator>=2.0.0->fastapi==0.111.0->-r services/repricer/requirements.txt (line 4)) (2.7.0)
2025-09-04T18:42:46.6148490Z Requirement already satisfied: typer>=0.15.1 in /opt/hostedtoolcache/Python/3.12.11/x64/lib/python3.12/site-packages (from fastapi-cli>=0.0.2->fastapi==0.111.0->-r services/repricer/requirements.txt (line 4)) (0.17.3)
2025-09-04T18:42:46.6159145Z Requirement already satisfied: rich-toolkit>=0.14.8 in /opt/hostedtoolcache/Python/3.12.11/x64/lib/python3.12/site-packages (from fastapi-cli>=0.0.2->fastapi==0.111.0->-r services/repricer/requirements.txt (line 4)) (0.15.1)
2025-09-04T18:42:46.6200081Z Requirement already satisfied: certifi in /opt/hostedtoolcache/Python/3.12.11/x64/lib/python3.12/site-packages (from httpx>=0.23.0->fastapi==0.111.0->-r services/repricer/requirements.txt (line 4)) (2025.8.3)
2025-09-04T18:42:46.6204928Z Requirement already satisfied: httpcore==1.* in /opt/hostedtoolcache/Python/3.12.11/x64/lib/python3.12/site-packages (from httpx>=0.23.0->fastapi==0.111.0->-r services/repricer/requirements.txt (line 4)) (1.0.9)
2025-09-04T18:42:46.6262042Z Requirement already satisfied: MarkupSafe>=2.0 in /opt/hostedtoolcache/Python/3.12.11/x64/lib/python3.12/site-packages (from jinja2>=2.11.2->fastapi==0.111.0->-r services/repricer/requirements.txt (line 4)) (3.0.2)
2025-09-04T18:42:46.6326495Z Requirement already satisfied: rich>=13.7.1 in /opt/hostedtoolcache/Python/3.12.11/x64/lib/python3.12/site-packages (from rich-toolkit>=0.14.8->fastapi-cli>=0.0.2->fastapi==0.111.0->-r services/repricer/requirements.txt (line 4)) (14.1.0)
2025-09-04T18:42:46.6348666Z Requirement already satisfied: markdown-it-py>=2.2.0 in /opt/hostedtoolcache/Python/3.12.11/x64/lib/python3.12/site-packages (from rich>=13.7.1->rich-toolkit>=0.14.8->fastapi-cli>=0.0.2->fastapi==0.111.0->-r services/repricer/requirements.txt (line 4)) (4.0.0)
2025-09-04T18:42:46.6355272Z Requirement already satisfied: pygments<3.0.0,>=2.13.0 in /opt/hostedtoolcache/Python/3.12.11/x64/lib/python3.12/site-packages (from rich>=13.7.1->rich-toolkit>=0.14.8->fastapi-cli>=0.0.2->fastapi==0.111.0->-r services/repricer/requirements.txt (line 4)) (2.19.2)
2025-09-04T18:42:46.6381886Z Requirement already satisfied: mdurl~=0.1 in /opt/hostedtoolcache/Python/3.12.11/x64/lib/python3.12/site-packages (from markdown-it-py>=2.2.0->rich>=13.7.1->rich-toolkit>=0.14.8->fastapi-cli>=0.0.2->fastapi==0.111.0->-r services/repricer/requirements.txt (line 4)) (0.1.2)
2025-09-04T18:42:46.6445996Z Requirement already satisfied: shellingham>=1.3.0 in /opt/hostedtoolcache/Python/3.12.11/x64/lib/python3.12/site-packages (from typer>=0.15.1->fastapi-cli>=0.0.2->fastapi==0.111.0->-r services/repricer/requirements.txt (line 4)) (1.5.4)
2025-09-04T18:42:46.6518152Z Requirement already satisfied: httptools>=0.5.0 in /opt/hostedtoolcache/Python/3.12.11/x64/lib/python3.12/site-packages (from uvicorn[standard]>=0.12.0->fastapi==0.111.0->-r services/repricer/requirements.txt (line 4)) (0.6.4)
2025-09-04T18:42:46.6533917Z Requirement already satisfied: uvloop!=0.15.0,!=0.15.1,>=0.14.0 in /opt/hostedtoolcache/Python/3.12.11/x64/lib/python3.12/site-packages (from uvicorn[standard]>=0.12.0->fastapi==0.111.0->-r services/repricer/requirements.txt (line 4)) (0.21.0)
2025-09-04T18:42:46.6541916Z Requirement already satisfied: watchfiles>=0.13 in /opt/hostedtoolcache/Python/3.12.11/x64/lib/python3.12/site-packages (from uvicorn[standard]>=0.12.0->fastapi==0.111.0->-r services/repricer/requirements.txt (line 4)) (1.1.0)
2025-09-04T18:42:46.6548974Z Requirement already satisfied: websockets>=10.4 in /opt/hostedtoolcache/Python/3.12.11/x64/lib/python3.12/site-packages (from uvicorn[standard]>=0.12.0->fastapi==0.111.0->-r services/repricer/requirements.txt (line 4)) (15.0.1)
2025-09-04T18:42:46.6679429Z Requirement already satisfied: charset_normalizer<4,>=2 in /opt/hostedtoolcache/Python/3.12.11/x64/lib/python3.12/site-packages (from requests->python-amazon-sp-api==0.8.0->-r services/repricer/requirements.txt (line 3)) (3.4.3)
2025-09-04T18:42:47.2872885Z Collecting celery==5.4.* (from celery[redis]==5.4.*->-r services/fees_h10/requirements.txt (line 1))
2025-09-04T18:42:47.2886430Z   Using cached celery-5.4.0-py3-none-any.whl.metadata (21 kB)
2025-09-04T18:42:47.3098485Z Requirement already satisfied: asyncpg in /opt/hostedtoolcache/Python/3.12.11/x64/lib/python3.12/site-packages (from -r services/fees_h10/requirements.txt (line 2)) (0.29.0)
2025-09-04T18:42:47.3101609Z Requirement already satisfied: httpx in /opt/hostedtoolcache/Python/3.12.11/x64/lib/python3.12/site-packages (from -r services/fees_h10/requirements.txt (line 3)) (0.27.2)
2025-09-04T18:42:47.3105028Z Requirement already satisfied: sqlalchemy in /opt/hostedtoolcache/Python/3.12.11/x64/lib/python3.12/site-packages (from -r services/fees_h10/requirements.txt (line 4)) (2.0.29)
2025-09-04T18:42:47.3117528Z Requirement already satisfied: billiard<5.0,>=4.2.0 in /opt/hostedtoolcache/Python/3.12.11/x64/lib/python3.12/site-packages (from celery==5.4.*->celery[redis]==5.4.*->-r services/fees_h10/requirements.txt (line 1)) (4.2.1)
2025-09-04T18:42:47.3123468Z Requirement already satisfied: kombu<6.0,>=5.3.4 in /opt/hostedtoolcache/Python/3.12.11/x64/lib/python3.12/site-packages (from celery==5.4.*->celery[redis]==5.4.*->-r services/fees_h10/requirements.txt (line 1)) (5.5.4)
2025-09-04T18:42:47.3128871Z Requirement already satisfied: vine<6.0,>=5.1.0 in /opt/hostedtoolcache/Python/3.12.11/x64/lib/python3.12/site-packages (from celery==5.4.*->celery[redis]==5.4.*->-r services/fees_h10/requirements.txt (line 1)) (5.1.0)
2025-09-04T18:42:47.3134274Z Requirement already satisfied: click<9.0,>=8.1.2 in /opt/hostedtoolcache/Python/3.12.11/x64/lib/python3.12/site-packages (from celery==5.4.*->celery[redis]==5.4.*->-r services/fees_h10/requirements.txt (line 1)) (8.2.1)
2025-09-04T18:42:47.3139221Z Requirement already satisfied: click-didyoumean>=0.3.0 in /opt/hostedtoolcache/Python/3.12.11/x64/lib/python3.12/site-packages (from celery==5.4.*->celery[redis]==5.4.*->-r services/fees_h10/requirements.txt (line 1)) (0.3.1)
2025-09-04T18:42:47.3144293Z Requirement already satisfied: click-repl>=0.2.0 in /opt/hostedtoolcache/Python/3.12.11/x64/lib/python3.12/site-packages (from celery==5.4.*->celery[redis]==5.4.*->-r services/fees_h10/requirements.txt (line 1)) (0.3.0)
2025-09-04T18:42:47.3149120Z Requirement already satisfied: click-plugins>=1.1.1 in /opt/hostedtoolcache/Python/3.12.11/x64/lib/python3.12/site-packages (from celery==5.4.*->celery[redis]==5.4.*->-r services/fees_h10/requirements.txt (line 1)) (1.1.1.2)
2025-09-04T18:42:47.3154082Z Requirement already satisfied: tzdata>=2022.7 in /opt/hostedtoolcache/Python/3.12.11/x64/lib/python3.12/site-packages (from celery==5.4.*->celery[redis]==5.4.*->-r services/fees_h10/requirements.txt (line 1)) (2025.2)
2025-09-04T18:42:47.3159198Z Requirement already satisfied: python-dateutil>=2.8.2 in /opt/hostedtoolcache/Python/3.12.11/x64/lib/python3.12/site-packages (from celery==5.4.*->celery[redis]==5.4.*->-r services/fees_h10/requirements.txt (line 1)) (2.9.0.post0)
2025-09-04T18:42:47.3198787Z Requirement already satisfied: redis!=4.5.5,<6.0.0,>=4.5.2 in /opt/hostedtoolcache/Python/3.12.11/x64/lib/python3.12/site-packages (from celery[redis]==5.4.*->-r services/fees_h10/requirements.txt (line 1)) (5.0.8)
2025-09-04T18:42:47.3220131Z Requirement already satisfied: amqp<6.0.0,>=5.1.1 in /opt/hostedtoolcache/Python/3.12.11/x64/lib/python3.12/site-packages (from kombu<6.0,>=5.3.4->celery==5.4.*->celery[redis]==5.4.*->-r services/fees_h10/requirements.txt (line 1)) (5.3.1)
2025-09-04T18:42:47.3230683Z Requirement already satisfied: packaging in /opt/hostedtoolcache/Python/3.12.11/x64/lib/python3.12/site-packages (from kombu<6.0,>=5.3.4->celery==5.4.*->celery[redis]==5.4.*->-r services/fees_h10/requirements.txt (line 1)) (25.0)
2025-09-04T18:42:47.3314159Z Requirement already satisfied: anyio in /opt/hostedtoolcache/Python/3.12.11/x64/lib/python3.12/site-packages (from httpx->-r services/fees_h10/requirements.txt (line 3)) (4.10.0)
2025-09-04T18:42:47.3317522Z Requirement already satisfied: certifi in /opt/hostedtoolcache/Python/3.12.11/x64/lib/python3.12/site-packages (from httpx->-r services/fees_h10/requirements.txt (line 3)) (2025.8.3)
2025-09-04T18:42:47.3322718Z Requirement already satisfied: httpcore==1.* in /opt/hostedtoolcache/Python/3.12.11/x64/lib/python3.12/site-packages (from httpx->-r services/fees_h10/requirements.txt (line 3)) (1.0.9)
2025-09-04T18:42:47.3326424Z Requirement already satisfied: idna in /opt/hostedtoolcache/Python/3.12.11/x64/lib/python3.12/site-packages (from httpx->-r services/fees_h10/requirements.txt (line 3)) (3.10)
2025-09-04T18:42:47.3330263Z Requirement already satisfied: sniffio in /opt/hostedtoolcache/Python/3.12.11/x64/lib/python3.12/site-packages (from httpx->-r services/fees_h10/requirements.txt (line 3)) (1.3.1)
2025-09-04T18:42:47.3354014Z Requirement already satisfied: h11>=0.16 in /opt/hostedtoolcache/Python/3.12.11/x64/lib/python3.12/site-packages (from httpcore==1.*->httpx->-r services/fees_h10/requirements.txt (line 3)) (0.16.0)
2025-09-04T18:42:47.3372363Z Requirement already satisfied: typing-extensions>=4.6.0 in /opt/hostedtoolcache/Python/3.12.11/x64/lib/python3.12/site-packages (from sqlalchemy->-r services/fees_h10/requirements.txt (line 4)) (4.15.0)
2025-09-04T18:42:47.3385734Z Requirement already satisfied: greenlet!=0.4.17 in /opt/hostedtoolcache/Python/3.12.11/x64/lib/python3.12/site-packages (from sqlalchemy->-r services/fees_h10/requirements.txt (line 4)) (3.2.4)
2025-09-04T18:42:47.3456254Z Requirement already satisfied: prompt-toolkit>=3.0.36 in /opt/hostedtoolcache/Python/3.12.11/x64/lib/python3.12/site-packages (from click-repl>=0.2.0->celery==5.4.*->celery[redis]==5.4.*->-r services/fees_h10/requirements.txt (line 1)) (3.0.52)
2025-09-04T18:42:47.3492878Z Requirement already satisfied: wcwidth in /opt/hostedtoolcache/Python/3.12.11/x64/lib/python3.12/site-packages (from prompt-toolkit>=3.0.36->click-repl>=0.2.0->celery==5.4.*->celery[redis]==5.4.*->-r services/fees_h10/requirements.txt (line 1)) (0.2.13)
2025-09-04T18:42:47.3506469Z Requirement already satisfied: six>=1.5 in /opt/hostedtoolcache/Python/3.12.11/x64/lib/python3.12/site-packages (from python-dateutil>=2.8.2->celery==5.4.*->celery[redis]==5.4.*->-r services/fees_h10/requirements.txt (line 1)) (1.17.0)
2025-09-04T18:42:47.3621581Z Using cached celery-5.4.0-py3-none-any.whl (425 kB)
2025-09-04T18:42:47.4975004Z Installing collected packages: celery
2025-09-04T18:42:47.4975937Z   Attempting uninstall: celery
2025-09-04T18:42:47.5008286Z     Found existing installation: celery 5.3.6
2025-09-04T18:42:47.5152712Z     Uninstalling celery-5.3.6:
2025-09-04T18:42:47.5180779Z       Successfully uninstalled celery-5.3.6
2025-09-04T18:42:47.8442978Z Successfully installed celery-5.4.0
2025-09-04T18:42:48.3620927Z Collecting python-telegram-bot==20.8 (from -r services/alert_bot/requirements.txt (line 1))
2025-09-04T18:42:48.3634655Z   Using cached python_telegram_bot-20.8-py3-none-any.whl.metadata (15 kB)
2025-09-04T18:42:48.4080334Z Collecting APScheduler==3.10.4 (from -r services/alert_bot/requirements.txt (line 2))
2025-09-04T18:42:48.4093287Z   Using cached APScheduler-3.10.4-py3-none-any.whl.metadata (5.7 kB)
2025-09-04T18:42:48.4139027Z Requirement already satisfied: asyncpg in /opt/hostedtoolcache/Python/3.12.11/x64/lib/python3.12/site-packages (from -r services/alert_bot/requirements.txt (line 3)) (0.29.0)
2025-09-04T18:42:48.4312232Z Collecting httpx~=0.26.0 (from python-telegram-bot==20.8->-r services/alert_bot/requirements.txt (line 1))
2025-09-04T18:42:48.4324659Z   Using cached httpx-0.26.0-py3-none-any.whl.metadata (7.6 kB)
2025-09-04T18:42:48.4366009Z Requirement already satisfied: six>=1.4.0 in /opt/hostedtoolcache/Python/3.12.11/x64/lib/python3.12/site-packages (from APScheduler==3.10.4->-r services/alert_bot/requirements.txt (line 2)) (1.17.0)
2025-09-04T18:42:48.4371019Z Requirement already satisfied: pytz in /opt/hostedtoolcache/Python/3.12.11/x64/lib/python3.12/site-packages (from APScheduler==3.10.4->-r services/alert_bot/requirements.txt (line 2)) (2025.2)
2025-09-04T18:42:48.4506180Z Collecting tzlocal!=3.*,>=2.0 (from APScheduler==3.10.4->-r services/alert_bot/requirements.txt (line 2))
2025-09-04T18:42:48.4518134Z   Using cached tzlocal-5.3.1-py3-none-any.whl.metadata (7.6 kB)
2025-09-04T18:42:48.4549701Z Requirement already satisfied: anyio in /opt/hostedtoolcache/Python/3.12.11/x64/lib/python3.12/site-packages (from httpx~=0.26.0->python-telegram-bot==20.8->-r services/alert_bot/requirements.txt (line 1)) (4.10.0)
2025-09-04T18:42:48.4554274Z Requirement already satisfied: certifi in /opt/hostedtoolcache/Python/3.12.11/x64/lib/python3.12/site-packages (from httpx~=0.26.0->python-telegram-bot==20.8->-r services/alert_bot/requirements.txt (line 1)) (2025.8.3)
2025-09-04T18:42:48.4559720Z Requirement already satisfied: httpcore==1.* in /opt/hostedtoolcache/Python/3.12.11/x64/lib/python3.12/site-packages (from httpx~=0.26.0->python-telegram-bot==20.8->-r services/alert_bot/requirements.txt (line 1)) (1.0.9)
2025-09-04T18:42:48.4564144Z Requirement already satisfied: idna in /opt/hostedtoolcache/Python/3.12.11/x64/lib/python3.12/site-packages (from httpx~=0.26.0->python-telegram-bot==20.8->-r services/alert_bot/requirements.txt (line 1)) (3.10)
2025-09-04T18:42:48.4568687Z Requirement already satisfied: sniffio in /opt/hostedtoolcache/Python/3.12.11/x64/lib/python3.12/site-packages (from httpx~=0.26.0->python-telegram-bot==20.8->-r services/alert_bot/requirements.txt (line 1)) (1.3.1)
2025-09-04T18:42:48.4584712Z Requirement already satisfied: h11>=0.16 in /opt/hostedtoolcache/Python/3.12.11/x64/lib/python3.12/site-packages (from httpcore==1.*->httpx~=0.26.0->python-telegram-bot==20.8->-r services/alert_bot/requirements.txt (line 1)) (0.16.0)
2025-09-04T18:42:48.4637066Z Requirement already satisfied: typing_extensions>=4.5 in /opt/hostedtoolcache/Python/3.12.11/x64/lib/python3.12/site-packages (from anyio->httpx~=0.26.0->python-telegram-bot==20.8->-r services/alert_bot/requirements.txt (line 1)) (4.15.0)
2025-09-04T18:42:48.4689388Z Using cached python_telegram_bot-20.8-py3-none-any.whl (604 kB)
2025-09-04T18:42:48.4706357Z Using cached APScheduler-3.10.4-py3-none-any.whl (59 kB)
2025-09-04T18:42:48.4718153Z Using cached httpx-0.26.0-py3-none-any.whl (75 kB)
2025-09-04T18:42:48.4730005Z Using cached tzlocal-5.3.1-py3-none-any.whl (18 kB)
2025-09-04T18:42:48.6254684Z Installing collected packages: tzlocal, httpx, APScheduler, python-telegram-bot
2025-09-04T18:42:48.6376762Z   Attempting uninstall: httpx
2025-09-04T18:42:48.6420659Z     Found existing installation: httpx 0.27.2
2025-09-04T18:42:48.6459043Z     Uninstalling httpx-0.27.2:
2025-09-04T18:42:48.6472839Z       Successfully uninstalled httpx-0.27.2
2025-09-04T18:42:49.0677407Z 
2025-09-04T18:42:49.0763284Z Successfully installed APScheduler-3.10.4 httpx-0.26.0 python-telegram-bot-20.8 tzlocal-5.3.1
2025-09-04T18:42:49.5929488Z Collecting Jinja2==3.1.6 (from -r requirements-dev.txt (line 2))
2025-09-04T18:42:49.5943757Z   Using cached jinja2-3.1.6-py3-none-any.whl.metadata (2.9 kB)
2025-09-04T18:42:49.6153036Z Collecting alembic==1.16.4 (from -r requirements-dev.txt (line 3))
2025-09-04T18:42:49.6165486Z   Using cached alembic-1.16.4-py3-none-any.whl.metadata (7.3 kB)
2025-09-04T18:42:49.6189688Z Requirement already satisfied: apscheduler==3.10.4 in /opt/hostedtoolcache/Python/3.12.11/x64/lib/python3.12/site-packages (from -r requirements-dev.txt (line 4)) (3.10.4)
2025-09-04T18:42:49.6194357Z Requirement already satisfied: asgi-correlation-id==4.3.1 in /opt/hostedtoolcache/Python/3.12.11/x64/lib/python3.12/site-packages (from -r requirements-dev.txt (line 5)) (4.3.1)
2025-09-04T18:42:49.6620886Z Collecting asyncpg==0.30.0 (from -r requirements-dev.txt (line 6))
2025-09-04T18:42:49.6635184Z   Using cached asyncpg-0.30.0-cp312-cp312-manylinux_2_17_x86_64.manylinux2014_x86_64.whl.metadata (5.0 kB)
2025-09-04T18:42:49.7088596Z Collecting black==25.1.0 (from -r requirements-dev.txt (line 7))
2025-09-04T18:42:49.7103232Z   Using cached black-25.1.0-cp312-cp312-manylinux_2_17_x86_64.manylinux2014_x86_64.manylinux_2_28_x86_64.whl.metadata (81 kB)
2025-09-04T18:42:49.7194404Z Requirement already satisfied: boto3 in /opt/hostedtoolcache/Python/3.12.11/x64/lib/python3.12/site-packages (from -r requirements-dev.txt (line 8)) (1.34.162)
2025-09-04T18:42:49.7636256Z Collecting redis==6.* (from -r requirements-dev.txt (line 9))
2025-09-04T18:42:49.7649865Z   Using cached redis-6.4.0-py3-none-any.whl.metadata (10 kB)
2025-09-04T18:42:49.7683951Z Requirement already satisfied: minio==7.* in /opt/hostedtoolcache/Python/3.12.11/x64/lib/python3.12/site-packages (from -r requirements-dev.txt (line 10)) (7.1.15)
2025-09-04T18:42:49.7815805Z Collecting vulture==2.10 (from -r requirements-dev.txt (line 11))
2025-09-04T18:42:49.7829024Z   Using cached vulture-2.10-py2.py3-none-any.whl.metadata (23 kB)
2025-09-04T18:42:49.8183423Z Collecting celery==5.5.3 (from -r requirements-dev.txt (line 12))
2025-09-04T18:42:49.8196943Z   Using cached celery-5.5.3-py3-none-any.whl.metadata (22 kB)
2025-09-04T18:42:49.8779959Z Collecting fastapi==0.116.1 (from -r requirements-dev.txt (line 13))
2025-09-04T18:42:49.8794434Z   Using cached fastapi-0.116.1-py3-none-any.whl.metadata (28 kB)
2025-09-04T18:42:49.8868572Z Requirement already satisfied: fastapi-limiter==0.1.6 in /opt/hostedtoolcache/Python/3.12.11/x64/lib/python3.12/site-packages (from -r requirements-dev.txt (line 15)) (0.1.6)
2025-09-04T18:42:49.9036183Z Collecting httpx<0.29,>=0.27 (from -r requirements-dev.txt (line 16))
2025-09-04T18:42:49.9049531Z   Using cached httpx-0.28.1-py3-none-any.whl.metadata (7.1 kB)
2025-09-04T18:42:49.9085510Z Requirement already satisfied: imapclient==3.0.1 in /opt/hostedtoolcache/Python/3.12.11/x64/lib/python3.12/site-packages (from -r requirements-dev.txt (line 17)) (3.0.1)
2025-09-04T18:42:49.9172506Z Collecting itsdangerous (from -r requirements-dev.txt (line 18))
2025-09-04T18:42:49.9184967Z   Using cached itsdangerous-2.2.0-py3-none-any.whl.metadata (1.9 kB)
2025-09-04T18:42:50.0174831Z Collecting mypy==1.* (from -r requirements-dev.txt (line 19))
2025-09-04T18:42:50.0189274Z   Using cached mypy-1.17.1-cp312-cp312-manylinux2014_x86_64.manylinux_2_17_x86_64.manylinux_2_28_x86_64.whl.metadata (2.2 kB)
2025-09-04T18:42:50.0219633Z Requirement already satisfied: mypy-extensions==1.1.0 in /opt/hostedtoolcache/Python/3.12.11/x64/lib/python3.12/site-packages (from -r requirements-dev.txt (line 20)) (1.1.0)
2025-09-04T18:42:50.0223590Z Requirement already satisfied: numpy<2 in /opt/hostedtoolcache/Python/3.12.11/x64/lib/python3.12/site-packages (from -r requirements-dev.txt (line 21)) (1.26.4)
2025-09-04T18:42:50.0227434Z Requirement already satisfied: openpyxl==3.1.5 in /opt/hostedtoolcache/Python/3.12.11/x64/lib/python3.12/site-packages (from -r requirements-dev.txt (line 22)) (3.1.5)
2025-09-04T18:42:50.1316548Z Collecting pandas==2.3.* (from -r requirements-dev.txt (line 23))
2025-09-04T18:42:50.1331719Z   Using cached pandas-2.3.2-cp312-cp312-manylinux_2_17_x86_64.manylinux2014_x86_64.whl.metadata (91 kB)
2025-09-04T18:42:50.1709760Z Requirement already satisfied: psycopg2-binary==2.9.10 in /opt/hostedtoolcache/Python/3.12.11/x64/lib/python3.12/site-packages (from -r requirements-dev.txt (line 24)) (2.9.10)
2025-09-04T18:42:50.1714852Z Requirement already satisfied: psycopg==3.2.9 in /opt/hostedtoolcache/Python/3.12.11/x64/lib/python3.12/site-packages (from psycopg[binary]==3.2.9->-r requirements-dev.txt (line 25)) (3.2.9)
2025-09-04T18:42:50.1719275Z Requirement already satisfied: pydantic==2.11.7 in /opt/hostedtoolcache/Python/3.12.11/x64/lib/python3.12/site-packages (from -r requirements-dev.txt (line 26)) (2.11.7)
2025-09-04T18:42:50.2914868Z Collecting setuptools (from -r requirements-dev.txt (line 27))
2025-09-04T18:42:50.2928650Z   Using cached setuptools-80.9.0-py3-none-any.whl.metadata (6.6 kB)
2025-09-04T18:42:50.3190684Z Collecting pytest-asyncio==1.1.0 (from -r requirements-dev.txt (line 28))
2025-09-04T18:42:50.3202967Z   Using cached pytest_asyncio-1.1.0-py3-none-any.whl.metadata (4.1 kB)
2025-09-04T18:42:50.3350111Z Collecting pytest-cov==6.2.1 (from -r requirements-dev.txt (line 29))
2025-09-04T18:42:50.3362292Z   Using cached pytest_cov-6.2.1-py3-none-any.whl.metadata (30 kB)
2025-09-04T18:42:50.3531409Z Collecting pytest-postgresql==7.0.2 (from -r requirements-dev.txt (line 30))
2025-09-04T18:42:50.3543552Z   Using cached pytest_postgresql-7.0.2-py3-none-any.whl.metadata (18 kB)
2025-09-04T18:42:50.3575053Z Requirement already satisfied: python-dotenv in /opt/hostedtoolcache/Python/3.12.11/x64/lib/python3.12/site-packages (from -r requirements-dev.txt (line 31)) (1.1.1)
2025-09-04T18:42:50.3578540Z Requirement already satisfied: python-multipart in /opt/hostedtoolcache/Python/3.12.11/x64/lib/python3.12/site-packages (from -r requirements-dev.txt (line 32)) (0.0.20)
2025-09-04T18:42:50.3899658Z Collecting python-telegram-bot==22.3 (from -r requirements-dev.txt (line 33))
2025-09-04T18:42:50.3913171Z   Using cached python_telegram_bot-22.3-py3-none-any.whl.metadata (17 kB)
2025-09-04T18:42:50.3978369Z Requirement already satisfied: requests==2.32.5 in /opt/hostedtoolcache/Python/3.12.11/x64/lib/python3.12/site-packages (from -r requirements-dev.txt (line 34)) (2.32.5)
2025-09-04T18:42:50.4124776Z Collecting respx==0.22.0 (from -r requirements-dev.txt (line 35))
2025-09-04T18:42:50.4137105Z   Using cached respx-0.22.0-py2.py3-none-any.whl.metadata (4.1 kB)
2025-09-04T18:42:50.7903484Z Collecting ruff==0.12.11 (from -r requirements-dev.txt (line 36))
2025-09-04T18:42:50.7917274Z   Using cached ruff-0.12.11-py3-none-manylinux_2_17_x86_64.manylinux2014_x86_64.whl.metadata (25 kB)
2025-09-04T18:42:51.0459557Z Collecting sqlalchemy==2.0.43 (from -r requirements-dev.txt (line 37))
2025-09-04T18:42:51.0473898Z   Using cached sqlalchemy-2.0.43-cp312-cp312-manylinux_2_17_x86_64.manylinux2014_x86_64.whl.metadata (9.6 kB)
2025-09-04T18:42:51.0573068Z Requirement already satisfied: structlog==24.1.0 in /opt/hostedtoolcache/Python/3.12.11/x64/lib/python3.12/site-packages (from -r requirements-dev.txt (line 38)) (24.1.0)
2025-09-04T18:42:51.0708423Z Collecting testcontainers==4.12.0 (from testcontainers[postgres]==4.12.0->-r requirements-dev.txt (line 39))
2025-09-04T18:42:51.0720104Z   Using cached testcontainers-4.12.0-py3-none-any.whl.metadata (8.3 kB)
2025-09-04T18:42:51.1093233Z Collecting types-requests==2.32.4.20250809 (from -r requirements-dev.txt (line 40))
2025-09-04T18:42:51.1105455Z   Using cached types_requests-2.32.4.20250809-py3-none-any.whl.metadata (2.0 kB)
2025-09-04T18:42:51.1226139Z Collecting docspec-python==2.2.2 (from -r requirements-dev.txt (line 41))
2025-09-04T18:42:51.1237224Z   Using cached docspec_python-2.2.2-py3-none-any.whl.metadata (1.0 kB)
2025-09-04T18:42:51.1396013Z Collecting pydoc-markdown==4.8.2 (from -r requirements-dev.txt (line 42))
2025-09-04T18:42:51.1407260Z   Using cached pydoc_markdown-4.8.2-py3-none-any.whl.metadata (5.9 kB)
2025-09-04T18:42:51.1709819Z Collecting pandera==0.26.* (from -r requirements-dev.txt (line 43))
2025-09-04T18:42:51.1720754Z   Using cached pandera-0.26.1-py3-none-any.whl.metadata (10 kB)
2025-09-04T18:42:51.1834979Z Requirement already satisfied: MarkupSafe>=2.0 in /opt/hostedtoolcache/Python/3.12.11/x64/lib/python3.12/site-packages (from Jinja2==3.1.6->-r requirements-dev.txt (line 2)) (3.0.2)
2025-09-04T18:42:51.1939918Z Requirement already satisfied: Mako in /opt/hostedtoolcache/Python/3.12.11/x64/lib/python3.12/site-packages (from alembic==1.16.4->-r requirements-dev.txt (line 3)) (1.3.10)
2025-09-04T18:42:51.1944001Z Requirement already satisfied: typing-extensions>=4.12 in /opt/hostedtoolcache/Python/3.12.11/x64/lib/python3.12/site-packages (from alembic==1.16.4->-r requirements-dev.txt (line 3)) (4.15.0)
2025-09-04T18:42:51.1958497Z Requirement already satisfied: six>=1.4.0 in /opt/hostedtoolcache/Python/3.12.11/x64/lib/python3.12/site-packages (from apscheduler==3.10.4->-r requirements-dev.txt (line 4)) (1.17.0)
2025-09-04T18:42:51.1962659Z Requirement already satisfied: pytz in /opt/hostedtoolcache/Python/3.12.11/x64/lib/python3.12/site-packages (from apscheduler==3.10.4->-r requirements-dev.txt (line 4)) (2025.2)
2025-09-04T18:42:51.1969095Z Requirement already satisfied: tzlocal!=3.*,>=2.0 in /opt/hostedtoolcache/Python/3.12.11/x64/lib/python3.12/site-packages (from apscheduler==3.10.4->-r requirements-dev.txt (line 4)) (5.3.1)
2025-09-04T18:42:51.2001650Z Requirement already satisfied: starlette>=0.18 in /opt/hostedtoolcache/Python/3.12.11/x64/lib/python3.12/site-packages (from asgi-correlation-id==4.3.1->-r requirements-dev.txt (line 5)) (0.37.2)
2025-09-04T18:42:51.2022137Z Requirement already satisfied: click>=8.0.0 in /opt/hostedtoolcache/Python/3.12.11/x64/lib/python3.12/site-packages (from black==25.1.0->-r requirements-dev.txt (line 7)) (8.2.1)
2025-09-04T18:42:51.2027091Z Requirement already satisfied: packaging>=22.0 in /opt/hostedtoolcache/Python/3.12.11/x64/lib/python3.12/site-packages (from black==25.1.0->-r requirements-dev.txt (line 7)) (25.0)
2025-09-04T18:42:51.2122812Z Collecting pathspec>=0.9.0 (from black==25.1.0->-r requirements-dev.txt (line 7))
2025-09-04T18:42:51.2134022Z   Using cached pathspec-0.12.1-py3-none-any.whl.metadata (21 kB)
2025-09-04T18:42:51.2310670Z Collecting platformdirs>=2 (from black==25.1.0->-r requirements-dev.txt (line 7))
2025-09-04T18:42:51.2322070Z   Using cached platformdirs-4.4.0-py3-none-any.whl.metadata (12 kB)
2025-09-04T18:42:51.2435183Z Collecting toml (from vulture==2.10->-r requirements-dev.txt (line 11))
2025-09-04T18:42:51.2446532Z   Using cached toml-0.10.2-py2.py3-none-any.whl.metadata (7.1 kB)
2025-09-04T18:42:51.2475912Z Requirement already satisfied: billiard<5.0,>=4.2.1 in /opt/hostedtoolcache/Python/3.12.11/x64/lib/python3.12/site-packages (from celery==5.5.3->-r requirements-dev.txt (line 12)) (4.2.1)
2025-09-04T18:42:51.2480678Z Requirement already satisfied: kombu<5.6,>=5.5.2 in /opt/hostedtoolcache/Python/3.12.11/x64/lib/python3.12/site-packages (from celery==5.5.3->-r requirements-dev.txt (line 12)) (5.5.4)
2025-09-04T18:42:51.2484969Z Requirement already satisfied: vine<6.0,>=5.1.0 in /opt/hostedtoolcache/Python/3.12.11/x64/lib/python3.12/site-packages (from celery==5.5.3->-r requirements-dev.txt (line 12)) (5.1.0)
2025-09-04T18:42:51.2490461Z Requirement already satisfied: click-didyoumean>=0.3.0 in /opt/hostedtoolcache/Python/3.12.11/x64/lib/python3.12/site-packages (from celery==5.5.3->-r requirements-dev.txt (line 12)) (0.3.1)
2025-09-04T18:42:51.2494491Z Requirement already satisfied: click-repl>=0.2.0 in /opt/hostedtoolcache/Python/3.12.11/x64/lib/python3.12/site-packages (from celery==5.5.3->-r requirements-dev.txt (line 12)) (0.3.0)
2025-09-04T18:42:51.2498920Z Requirement already satisfied: click-plugins>=1.1.1 in /opt/hostedtoolcache/Python/3.12.11/x64/lib/python3.12/site-packages (from celery==5.5.3->-r requirements-dev.txt (line 12)) (1.1.1.2)
2025-09-04T18:42:51.2503563Z Requirement already satisfied: python-dateutil>=2.8.2 in /opt/hostedtoolcache/Python/3.12.11/x64/lib/python3.12/site-packages (from celery==5.5.3->-r requirements-dev.txt (line 12)) (2.9.0.post0)
2025-09-04T18:42:51.2763887Z Collecting starlette>=0.18 (from asgi-correlation-id==4.3.1->-r requirements-dev.txt (line 5))
2025-09-04T18:42:51.2775389Z   Using cached starlette-0.47.3-py3-none-any.whl.metadata (6.2 kB)
2025-09-04T18:42:51.2823248Z Requirement already satisfied: annotated-types>=0.6.0 in /opt/hostedtoolcache/Python/3.12.11/x64/lib/python3.12/site-packages (from pydantic==2.11.7->-r requirements-dev.txt (line 26)) (0.7.0)
2025-09-04T18:42:51.2828774Z Requirement already satisfied: pydantic-core==2.33.2 in /opt/hostedtoolcache/Python/3.12.11/x64/lib/python3.12/site-packages (from pydantic==2.11.7->-r requirements-dev.txt (line 26)) (2.33.2)
2025-09-04T18:42:51.2835558Z Requirement already satisfied: typing-inspection>=0.4.0 in /opt/hostedtoolcache/Python/3.12.11/x64/lib/python3.12/site-packages (from pydantic==2.11.7->-r requirements-dev.txt (line 26)) (0.4.1)
2025-09-04T18:42:51.2995056Z Requirement already satisfied: et-xmlfile in /opt/hostedtoolcache/Python/3.12.11/x64/lib/python3.12/site-packages (from openpyxl==3.1.5->-r requirements-dev.txt (line 22)) (2.0.0)
2025-09-04T18:42:51.3686135Z Collecting pytest<9,>=8.2 (from pytest-asyncio==1.1.0->-r requirements-dev.txt (line 28))
2025-09-04T18:42:51.3699066Z   Using cached pytest-8.4.2-py3-none-any.whl.metadata (7.7 kB)
2025-09-04T18:42:51.6897552Z Collecting coverage>=7.5 (from coverage[toml]>=7.5->pytest-cov==6.2.1->-r requirements-dev.txt (line 29))
2025-09-04T18:42:51.6912465Z   Using cached coverage-7.10.6-cp312-cp312-manylinux1_x86_64.manylinux_2_28_x86_64.manylinux_2_5_x86_64.whl.metadata (8.9 kB)
2025-09-04T18:42:51.7032104Z Collecting pluggy>=1.2 (from pytest-cov==6.2.1->-r requirements-dev.txt (line 29))
2025-09-04T18:42:51.7044311Z   Using cached pluggy-1.6.0-py3-none-any.whl.metadata (4.8 kB)
2025-09-04T18:42:51.7279765Z Collecting port-for>=0.7.3 (from pytest-postgresql==7.0.2->-r requirements-dev.txt (line 30))
2025-09-04T18:42:51.7291480Z   Using cached port_for-0.7.4-py3-none-any.whl.metadata (7.1 kB)
2025-09-04T18:42:51.7446299Z Collecting mirakuru>=2.6.0 (from pytest-postgresql==7.0.2->-r requirements-dev.txt (line 30))
2025-09-04T18:42:51.7458467Z   Using cached mirakuru-2.6.1-py3-none-any.whl.metadata (10 kB)
2025-09-04T18:42:51.7513110Z Requirement already satisfied: charset_normalizer<4,>=2 in /opt/hostedtoolcache/Python/3.12.11/x64/lib/python3.12/site-packages (from requests==2.32.5->-r requirements-dev.txt (line 34)) (3.4.3)
2025-09-04T18:42:51.7519969Z Requirement already satisfied: idna<4,>=2.5 in /opt/hostedtoolcache/Python/3.12.11/x64/lib/python3.12/site-packages (from requests==2.32.5->-r requirements-dev.txt (line 34)) (3.10)
2025-09-04T18:42:51.7525998Z Requirement already satisfied: urllib3<3,>=1.21.1 in /opt/hostedtoolcache/Python/3.12.11/x64/lib/python3.12/site-packages (from requests==2.32.5->-r requirements-dev.txt (line 34)) (2.5.0)
2025-09-04T18:42:51.7531686Z Requirement already satisfied: certifi>=2017.4.17 in /opt/hostedtoolcache/Python/3.12.11/x64/lib/python3.12/site-packages (from requests==2.32.5->-r requirements-dev.txt (line 34)) (2025.8.3)
2025-09-04T18:42:51.7619140Z Requirement already satisfied: greenlet>=1 in /opt/hostedtoolcache/Python/3.12.11/x64/lib/python3.12/site-packages (from sqlalchemy==2.0.43->-r requirements-dev.txt (line 37)) (3.2.4)
2025-09-04T18:42:51.7832331Z Collecting docker (from testcontainers==4.12.0->testcontainers[postgres]==4.12.0->-r requirements-dev.txt (line 39))
2025-09-04T18:42:51.7844302Z   Using cached docker-7.1.0-py3-none-any.whl.metadata (3.8 kB)
2025-09-04T18:42:51.7885838Z Requirement already satisfied: wrapt in /opt/hostedtoolcache/Python/3.12.11/x64/lib/python3.12/site-packages (from testcontainers==4.12.0->testcontainers[postgres]==4.12.0->-r requirements-dev.txt (line 39)) (1.17.3)
2025-09-04T18:42:51.8053062Z Collecting docspec==2.2.1 (from docspec-python==2.2.2->-r requirements-dev.txt (line 41))
2025-09-04T18:42:51.8064657Z   Using cached docspec-2.2.1-py3-none-any.whl.metadata (1.5 kB)
2025-09-04T18:42:51.8221752Z Collecting nr-util>=0.8.12 (from docspec-python==2.2.2->-r requirements-dev.txt (line 41))
2025-09-04T18:42:51.8233447Z   Using cached nr.util-0.8.12-py3-none-any.whl.metadata (813 bytes)
2025-09-04T18:42:51.8265771Z Requirement already satisfied: PyYAML<7.0,>=5.0 in /opt/hostedtoolcache/Python/3.12.11/x64/lib/python3.12/site-packages (from pydoc-markdown==4.8.2->-r requirements-dev.txt (line 42)) (6.0.2)
2025-09-04T18:42:51.8461423Z Collecting databind.core<5.0.0,>=4.4.0 (from pydoc-markdown==4.8.2->-r requirements-dev.txt (line 42))
2025-09-04T18:42:51.8473059Z   Using cached databind.core-4.5.2-py3-none-any.whl.metadata (1.1 kB)
2025-09-04T18:42:51.8667383Z Collecting databind.json<5.0.0,>=4.4.0 (from pydoc-markdown==4.8.2->-r requirements-dev.txt (line 42))
2025-09-04T18:42:51.8678962Z   Using cached databind.json-4.5.2-py3-none-any.whl.metadata (1.1 kB)
2025-09-04T18:42:51.8826451Z Collecting docstring-parser<0.12,>=0.11 (from pydoc-markdown==4.8.2->-r requirements-dev.txt (line 42))
2025-09-04T18:42:51.8827645Z   Using cached docstring_parser-0.11-py3-none-any.whl
2025-09-04T18:42:51.9083495Z Collecting tomli<3.0.0,>=2.0.0 (from pydoc-markdown==4.8.2->-r requirements-dev.txt (line 42))
2025-09-04T18:42:51.9095393Z   Using cached tomli-2.2.1-cp312-cp312-manylinux_2_17_x86_64.manylinux2014_x86_64.whl.metadata (11 kB)
2025-09-04T18:42:51.9186313Z Collecting tomli_w<2.0.0,>=1.0.0 (from pydoc-markdown==4.8.2->-r requirements-dev.txt (line 42))
2025-09-04T18:42:51.9197688Z   Using cached tomli_w-1.2.0-py3-none-any.whl.metadata (5.7 kB)
2025-09-04T18:42:51.9641980Z Collecting watchdog (from pydoc-markdown==4.8.2->-r requirements-dev.txt (line 42))
2025-09-04T18:42:51.9656049Z   Using cached watchdog-6.0.0-py3-none-manylinux2014_x86_64.whl.metadata (44 kB)
2025-09-04T18:42:51.9856599Z Collecting yapf>=0.30.0 (from pydoc-markdown==4.8.2->-r requirements-dev.txt (line 42))
2025-09-04T18:42:51.9868540Z   Using cached yapf-0.43.0-py3-none-any.whl.metadata (46 kB)
2025-09-04T18:42:52.0042512Z Collecting Deprecated<2.0.0,>=1.2.12 (from docspec==2.2.1->docspec-python==2.2.2->-r requirements-dev.txt (line 41))
2025-09-04T18:42:52.0054461Z   Using cached Deprecated-1.2.18-py2.py3-none-any.whl.metadata (5.7 kB)
2025-09-04T18:42:52.0192505Z Requirement already satisfied: psycopg-binary==3.2.9 in /opt/hostedtoolcache/Python/3.12.11/x64/lib/python3.12/site-packages (from psycopg[binary]==3.2.9->-r requirements-dev.txt (line 25)) (3.2.9)
2025-09-04T18:42:52.0296292Z Requirement already satisfied: anyio in /opt/hostedtoolcache/Python/3.12.11/x64/lib/python3.12/site-packages (from httpx<0.29,>=0.27->-r requirements-dev.txt (line 16)) (4.10.0)
2025-09-04T18:42:52.0302664Z Requirement already satisfied: httpcore==1.* in /opt/hostedtoolcache/Python/3.12.11/x64/lib/python3.12/site-packages (from httpx<0.29,>=0.27->-r requirements-dev.txt (line 16)) (1.0.9)
2025-09-04T18:42:52.0385577Z Requirement already satisfied: tzdata>=2022.7 in /opt/hostedtoolcache/Python/3.12.11/x64/lib/python3.12/site-packages (from pandas==2.3.*->-r requirements-dev.txt (line 23)) (2025.2)
2025-09-04T18:42:52.0415342Z Requirement already satisfied: typeguard in /opt/hostedtoolcache/Python/3.12.11/x64/lib/python3.12/site-packages (from pandera==0.26.*->-r requirements-dev.txt (line 43)) (4.4.4)
2025-09-04T18:42:52.0423895Z Requirement already satisfied: typing_inspect>=0.6.0 in /opt/hostedtoolcache/Python/3.12.11/x64/lib/python3.12/site-packages (from pandera==0.26.*->-r requirements-dev.txt (line 43)) (0.9.0)
2025-09-04T18:42:52.0671336Z Collecting databind<5.0.0,>=4.5.2 (from databind.core<5.0.0,>=4.4.0->pydoc-markdown==4.8.2->-r requirements-dev.txt (line 42))
2025-09-04T18:42:52.0684034Z   Using cached databind-4.5.2-py3-none-any.whl.metadata (4.3 kB)
2025-09-04T18:42:52.0805598Z Collecting nr-date<3.0.0,>=2.0.0 (from databind<5.0.0,>=4.5.2->databind.core<5.0.0,>=4.4.0->pydoc-markdown==4.8.2->-r requirements-dev.txt (line 42))
2025-09-04T18:42:52.0817320Z   Using cached nr_date-2.1.0-py3-none-any.whl.metadata (746 bytes)
2025-09-04T18:42:52.0937040Z Collecting nr-stream<2.0.0,>=1.0.0 (from databind<5.0.0,>=4.5.2->databind.core<5.0.0,>=4.4.0->pydoc-markdown==4.8.2->-r requirements-dev.txt (line 42))
2025-09-04T18:42:52.0948654Z   Using cached nr_stream-1.1.5-py3-none-any.whl.metadata (3.6 kB)
2025-09-04T18:42:52.1111830Z Collecting typeapi<3,>=2.0.1 (from databind<5.0.0,>=4.5.2->databind.core<5.0.0,>=4.4.0->pydoc-markdown==4.8.2->-r requirements-dev.txt (line 42))
2025-09-04T18:42:52.1123363Z   Using cached typeapi-2.2.4-py3-none-any.whl.metadata (1.5 kB)
2025-09-04T18:42:52.1224555Z Requirement already satisfied: h11>=0.16 in /opt/hostedtoolcache/Python/3.12.11/x64/lib/python3.12/site-packages (from httpcore==1.*->httpx<0.29,>=0.27->-r requirements-dev.txt (line 16)) (0.16.0)
2025-09-04T18:42:52.1267590Z Requirement already satisfied: amqp<6.0.0,>=5.1.1 in /opt/hostedtoolcache/Python/3.12.11/x64/lib/python3.12/site-packages (from kombu<5.6,>=5.5.2->celery==5.5.3->-r requirements-dev.txt (line 12)) (5.3.1)
2025-09-04T18:42:52.1516858Z Collecting iniconfig>=1 (from pytest<9,>=8.2->pytest-asyncio==1.1.0->-r requirements-dev.txt (line 28))
2025-09-04T18:42:52.1529484Z   Using cached iniconfig-2.1.0-py3-none-any.whl.metadata (2.7 kB)
2025-09-04T18:42:52.1568467Z Requirement already satisfied: pygments>=2.7.2 in /opt/hostedtoolcache/Python/3.12.11/x64/lib/python3.12/site-packages (from pytest<9,>=8.2->pytest-asyncio==1.1.0->-r requirements-dev.txt (line 28)) (2.19.2)
2025-09-04T18:42:52.1657053Z Requirement already satisfied: sniffio>=1.1 in /opt/hostedtoolcache/Python/3.12.11/x64/lib/python3.12/site-packages (from anyio->httpx<0.29,>=0.27->-r requirements-dev.txt (line 16)) (1.3.1)
2025-09-04T18:42:52.1810036Z Requirement already satisfied: botocore<1.35.0,>=1.34.162 in /opt/hostedtoolcache/Python/3.12.11/x64/lib/python3.12/site-packages (from boto3->-r requirements-dev.txt (line 8)) (1.34.162)
2025-09-04T18:42:52.1816509Z Requirement already satisfied: jmespath<2.0.0,>=0.7.1 in /opt/hostedtoolcache/Python/3.12.11/x64/lib/python3.12/site-packages (from boto3->-r requirements-dev.txt (line 8)) (1.0.1)
2025-09-04T18:42:52.1823229Z Requirement already satisfied: s3transfer<0.11.0,>=0.10.0 in /opt/hostedtoolcache/Python/3.12.11/x64/lib/python3.12/site-packages (from boto3->-r requirements-dev.txt (line 8)) (0.10.4)
2025-09-04T18:42:52.1943604Z Requirement already satisfied: fastapi-cli>=0.0.8 in /opt/hostedtoolcache/Python/3.12.11/x64/lib/python3.12/site-packages (from fastapi-cli[standard]>=0.0.8; extra == "all"->fastapi[all]->-r requirements-dev.txt (line 14)) (0.0.10)
2025-09-04T18:42:52.2058542Z Requirement already satisfied: ujson!=4.0.2,!=4.1.0,!=4.2.0,!=4.3.0,!=5.0.0,!=5.1.0,>=4.0.1 in /opt/hostedtoolcache/Python/3.12.11/x64/lib/python3.12/site-packages (from fastapi[all]->-r requirements-dev.txt (line 14)) (5.11.0)
2025-09-04T18:42:52.2064751Z Requirement already satisfied: orjson>=3.2.1 in /opt/hostedtoolcache/Python/3.12.11/x64/lib/python3.12/site-packages (from fastapi[all]->-r requirements-dev.txt (line 14)) (3.11.3)
2025-09-04T18:42:52.2070792Z Requirement already satisfied: email-validator>=2.0.0 in /opt/hostedtoolcache/Python/3.12.11/x64/lib/python3.12/site-packages (from fastapi[all]->-r requirements-dev.txt (line 14)) (2.3.0)
2025-09-04T18:42:52.2086829Z Requirement already satisfied: uvicorn>=0.12.0 in /opt/hostedtoolcache/Python/3.12.11/x64/lib/python3.12/site-packages (from uvicorn[standard]>=0.12.0; extra == "all"->fastapi[all]->-r requirements-dev.txt (line 14)) (0.29.0)
2025-09-04T18:42:52.2095180Z Requirement already satisfied: pydantic-settings>=2.0.0 in /opt/hostedtoolcache/Python/3.12.11/x64/lib/python3.12/site-packages (from fastapi[all]->-r requirements-dev.txt (line 14)) (2.2.1)
2025-09-04T18:42:52.2199061Z Collecting pydantic-extra-types>=2.0.0 (from fastapi[all]->-r requirements-dev.txt (line 14))
2025-09-04T18:42:52.2211274Z   Using cached pydantic_extra_types-2.10.5-py3-none-any.whl.metadata (3.9 kB)
2025-09-04T18:42:52.2462445Z Requirement already satisfied: prompt-toolkit>=3.0.36 in /opt/hostedtoolcache/Python/3.12.11/x64/lib/python3.12/site-packages (from click-repl>=0.2.0->celery==5.5.3->-r requirements-dev.txt (line 12)) (3.0.52)
2025-09-04T18:42:52.2534830Z Requirement already satisfied: dnspython>=2.0.0 in /opt/hostedtoolcache/Python/3.12.11/x64/lib/python3.12/site-packages (from email-validator>=2.0.0->fastapi[all]->-r requirements-dev.txt (line 14)) (2.7.0)
2025-09-04T18:42:52.2604127Z Requirement already satisfied: typer>=0.15.1 in /opt/hostedtoolcache/Python/3.12.11/x64/lib/python3.12/site-packages (from fastapi-cli>=0.0.8->fastapi-cli[standard]>=0.0.8; extra == "all"->fastapi[all]->-r requirements-dev.txt (line 14)) (0.17.3)
2025-09-04T18:42:52.2614281Z Requirement already satisfied: rich-toolkit>=0.14.8 in /opt/hostedtoolcache/Python/3.12.11/x64/lib/python3.12/site-packages (from fastapi-cli>=0.0.8->fastapi-cli[standard]>=0.0.8; extra == "all"->fastapi[all]->-r requirements-dev.txt (line 14)) (0.15.1)
2025-09-04T18:42:52.2747237Z Collecting fastapi-cloud-cli>=0.1.1 (from fastapi-cli[standard]>=0.0.8; extra == "all"->fastapi[all]->-r requirements-dev.txt (line 14))
2025-09-04T18:42:52.2759424Z   Using cached fastapi_cloud_cli-0.1.5-py3-none-any.whl.metadata (3.2 kB)
2025-09-04T18:42:52.3968812Z Collecting rignore>=0.5.1 (from fastapi-cloud-cli>=0.1.1->fastapi-cli[standard]>=0.0.8; extra == "all"->fastapi[all]->-r requirements-dev.txt (line 14))
2025-09-04T18:42:52.3982122Z   Using cached rignore-0.6.4-cp312-cp312-manylinux_2_17_x86_64.manylinux2014_x86_64.whl.metadata (3.8 kB)
2025-09-04T18:42:52.4531495Z Collecting sentry-sdk>=2.20.0 (from fastapi-cloud-cli>=0.1.1->fastapi-cli[standard]>=0.0.8; extra == "all"->fastapi[all]->-r requirements-dev.txt (line 14))
2025-09-04T18:42:52.4545092Z   Using cached sentry_sdk-2.36.0-py2.py3-none-any.whl.metadata (10 kB)
2025-09-04T18:42:52.5451559Z Collecting psutil>=4.0.0 (from mirakuru>=2.6.0->pytest-postgresql==7.0.2->-r requirements-dev.txt (line 30))
2025-09-04T18:42:52.5465400Z   Using cached psutil-7.0.0-cp36-abi3-manylinux_2_12_x86_64.manylinux2010_x86_64.manylinux_2_17_x86_64.manylinux2014_x86_64.whl.metadata (22 kB)
2025-09-04T18:42:52.5669848Z Requirement already satisfied: wcwidth in /opt/hostedtoolcache/Python/3.12.11/x64/lib/python3.12/site-packages (from prompt-toolkit>=3.0.36->click-repl>=0.2.0->celery==5.5.3->-r requirements-dev.txt (line 12)) (0.2.13)
2025-09-04T18:42:52.5870389Z Requirement already satisfied: rich>=13.7.1 in /opt/hostedtoolcache/Python/3.12.11/x64/lib/python3.12/site-packages (from rich-toolkit>=0.14.8->fastapi-cli>=0.0.8->fastapi-cli[standard]>=0.0.8; extra == "all"->fastapi[all]->-r requirements-dev.txt (line 14)) (14.1.0)
2025-09-04T18:42:52.5907278Z Requirement already satisfied: markdown-it-py>=2.2.0 in /opt/hostedtoolcache/Python/3.12.11/x64/lib/python3.12/site-packages (from rich>=13.7.1->rich-toolkit>=0.14.8->fastapi-cli>=0.0.8->fastapi-cli[standard]>=0.0.8; extra == "all"->fastapi[all]->-r requirements-dev.txt (line 14)) (4.0.0)
2025-09-04T18:42:52.5939941Z Requirement already satisfied: mdurl~=0.1 in /opt/hostedtoolcache/Python/3.12.11/x64/lib/python3.12/site-packages (from markdown-it-py>=2.2.0->rich>=13.7.1->rich-toolkit>=0.14.8->fastapi-cli>=0.0.8->fastapi-cli[standard]>=0.0.8; extra == "all"->fastapi[all]->-r requirements-dev.txt (line 14)) (0.1.2)
2025-09-04T18:42:52.6133941Z Requirement already satisfied: shellingham>=1.3.0 in /opt/hostedtoolcache/Python/3.12.11/x64/lib/python3.12/site-packages (from typer>=0.15.1->fastapi-cli>=0.0.8->fastapi-cli[standard]>=0.0.8; extra == "all"->fastapi[all]->-r requirements-dev.txt (line 14)) (1.5.4)
2025-09-04T18:42:52.6368876Z Requirement already satisfied: httptools>=0.5.0 in /opt/hostedtoolcache/Python/3.12.11/x64/lib/python3.12/site-packages (from uvicorn[standard]>=0.12.0; extra == "all"->fastapi[all]->-r requirements-dev.txt (line 14)) (0.6.4)
2025-09-04T18:42:52.6386652Z Requirement already satisfied: uvloop!=0.15.0,!=0.15.1,>=0.14.0 in /opt/hostedtoolcache/Python/3.12.11/x64/lib/python3.12/site-packages (from uvicorn[standard]>=0.12.0; extra == "all"->fastapi[all]->-r requirements-dev.txt (line 14)) (0.21.0)
2025-09-04T18:42:52.6394387Z Requirement already satisfied: watchfiles>=0.13 in /opt/hostedtoolcache/Python/3.12.11/x64/lib/python3.12/site-packages (from uvicorn[standard]>=0.12.0; extra == "all"->fastapi[all]->-r requirements-dev.txt (line 14)) (1.1.0)
2025-09-04T18:42:52.6401352Z Requirement already satisfied: websockets>=10.4 in /opt/hostedtoolcache/Python/3.12.11/x64/lib/python3.12/site-packages (from uvicorn[standard]>=0.12.0; extra == "all"->fastapi[all]->-r requirements-dev.txt (line 14)) (15.0.1)
2025-09-04T18:42:52.6878684Z Using cached jinja2-3.1.6-py3-none-any.whl (134 kB)
2025-09-04T18:42:52.6891759Z Using cached alembic-1.16.4-py3-none-any.whl (247 kB)
2025-09-04T18:42:52.6905423Z Using cached asyncpg-0.30.0-cp312-cp312-manylinux_2_17_x86_64.manylinux2014_x86_64.whl (3.6 MB)
2025-09-04T18:42:52.6943632Z Using cached black-25.1.0-cp312-cp312-manylinux_2_17_x86_64.manylinux2014_x86_64.manylinux_2_28_x86_64.whl (1.8 MB)
2025-09-04T18:42:52.6968441Z Using cached vulture-2.10-py2.py3-none-any.whl (27 kB)
2025-09-04T18:42:52.6978588Z Using cached celery-5.5.3-py3-none-any.whl (438 kB)
2025-09-04T18:42:52.6992715Z Using cached fastapi-0.116.1-py3-none-any.whl (95 kB)
2025-09-04T18:42:52.7004058Z Using cached pytest_asyncio-1.1.0-py3-none-any.whl (15 kB)
2025-09-04T18:42:52.7014718Z Using cached pytest_cov-6.2.1-py3-none-any.whl (24 kB)
2025-09-04T18:42:52.7025681Z Using cached pytest_postgresql-7.0.2-py3-none-any.whl (41 kB)
2025-09-04T18:42:52.7036493Z Using cached python_telegram_bot-22.3-py3-none-any.whl (717 kB)
2025-09-04T18:42:52.7052439Z Using cached respx-0.22.0-py2.py3-none-any.whl (25 kB)
2025-09-04T18:42:52.7063525Z Using cached ruff-0.12.11-py3-none-manylinux_2_17_x86_64.manylinux2014_x86_64.whl (13.2 MB)
2025-09-04T18:42:52.7173287Z Using cached sqlalchemy-2.0.43-cp312-cp312-manylinux_2_17_x86_64.manylinux2014_x86_64.whl (3.3 MB)
2025-09-04T18:42:52.7208623Z Using cached testcontainers-4.12.0-py3-none-any.whl (111 kB)
2025-09-04T18:42:52.7220475Z Using cached types_requests-2.32.4.20250809-py3-none-any.whl (20 kB)
2025-09-04T18:42:52.7231622Z Using cached docspec_python-2.2.2-py3-none-any.whl (15 kB)
2025-09-04T18:42:52.7242451Z Using cached pydoc_markdown-4.8.2-py3-none-any.whl (67 kB)
2025-09-04T18:42:52.7253534Z Using cached docspec-2.2.1-py3-none-any.whl (9.8 kB)
2025-09-04T18:42:52.7264222Z Using cached redis-6.4.0-py3-none-any.whl (279 kB)
2025-09-04T18:42:52.7277041Z Using cached httpx-0.28.1-py3-none-any.whl (73 kB)
2025-09-04T18:42:52.7288789Z Using cached mypy-1.17.1-cp312-cp312-manylinux2014_x86_64.manylinux_2_17_x86_64.manylinux_2_28_x86_64.whl (12.7 MB)
2025-09-04T18:42:52.7394941Z Using cached pandas-2.3.2-cp312-cp312-manylinux_2_17_x86_64.manylinux2014_x86_64.whl (12.0 MB)
2025-09-04T18:42:52.7494995Z Using cached pandera-0.26.1-py3-none-any.whl (292 kB)
2025-09-04T18:42:52.7508223Z Using cached databind.core-4.5.2-py3-none-any.whl (1.5 kB)
2025-09-04T18:42:52.7518933Z Using cached databind-4.5.2-py3-none-any.whl (49 kB)
2025-09-04T18:42:52.7530117Z Using cached databind.json-4.5.2-py3-none-any.whl (1.5 kB)
2025-09-04T18:42:52.7540988Z Using cached Deprecated-1.2.18-py2.py3-none-any.whl (10.0 kB)
2025-09-04T18:42:52.7551746Z Using cached nr_date-2.1.0-py3-none-any.whl (10 kB)
2025-09-04T18:42:52.7562575Z Using cached nr_stream-1.1.5-py3-none-any.whl (10 kB)
2025-09-04T18:42:52.7573333Z Using cached nr.util-0.8.12-py3-none-any.whl (90 kB)
2025-09-04T18:42:52.7585328Z Using cached pytest-8.4.2-py3-none-any.whl (365 kB)
2025-09-04T18:42:52.7598990Z Using cached pluggy-1.6.0-py3-none-any.whl (20 kB)
2025-09-04T18:42:52.7609977Z Using cached starlette-0.47.3-py3-none-any.whl (72 kB)
2025-09-04T18:42:52.7621552Z Using cached tomli-2.2.1-cp312-cp312-manylinux_2_17_x86_64.manylinux2014_x86_64.whl (242 kB)
2025-09-04T18:42:52.7633868Z Using cached tomli_w-1.2.0-py3-none-any.whl (6.7 kB)
2025-09-04T18:42:52.7644650Z Using cached typeapi-2.2.4-py3-none-any.whl (26 kB)
2025-09-04T18:42:52.7655486Z Using cached itsdangerous-2.2.0-py3-none-any.whl (16 kB)
2025-09-04T18:42:52.7666371Z Using cached setuptools-80.9.0-py3-none-any.whl (1.2 MB)
2025-09-04T18:42:52.7686498Z Using cached coverage-7.10.6-cp312-cp312-manylinux1_x86_64.manylinux_2_28_x86_64.manylinux_2_5_x86_64.whl (251 kB)
2025-09-04T18:42:52.7698863Z Using cached fastapi_cloud_cli-0.1.5-py3-none-any.whl (18 kB)
2025-09-04T18:42:52.7709777Z Using cached iniconfig-2.1.0-py3-none-any.whl (6.0 kB)
2025-09-04T18:42:52.7720541Z Using cached mirakuru-2.6.1-py3-none-any.whl (26 kB)
2025-09-04T18:42:52.7731474Z Using cached pathspec-0.12.1-py3-none-any.whl (31 kB)
2025-09-04T18:42:52.7742779Z Using cached platformdirs-4.4.0-py3-none-any.whl (18 kB)
2025-09-04T18:42:52.7753459Z Using cached port_for-0.7.4-py3-none-any.whl (21 kB)
2025-09-04T18:42:52.7764827Z Using cached psutil-7.0.0-cp36-abi3-manylinux_2_12_x86_64.manylinux2010_x86_64.manylinux_2_17_x86_64.manylinux2014_x86_64.whl (277 kB)
2025-09-04T18:42:52.7777309Z Using cached pydantic_extra_types-2.10.5-py3-none-any.whl (38 kB)
2025-09-04T18:42:52.7788800Z Using cached rignore-0.6.4-cp312-cp312-manylinux_2_17_x86_64.manylinux2014_x86_64.whl (949 kB)
2025-09-04T18:42:52.7806334Z Using cached sentry_sdk-2.36.0-py2.py3-none-any.whl (364 kB)
2025-09-04T18:42:52.7819803Z Using cached yapf-0.43.0-py3-none-any.whl (256 kB)
2025-09-04T18:42:52.7832251Z Using cached docker-7.1.0-py3-none-any.whl (147 kB)
2025-09-04T18:42:52.7844221Z Using cached toml-0.10.2-py2.py3-none-any.whl (16 kB)
2025-09-04T18:42:52.7855010Z Using cached watchdog-6.0.0-py3-none-manylinux2014_x86_64.whl (79 kB)
2025-09-04T18:42:53.1039055Z Installing collected packages: watchdog, types-requests, typeapi, tomli_w, tomli, toml, sqlalchemy, setuptools, sentry-sdk, ruff, rignore, redis, psutil, port-for, pluggy, platformdirs, pathspec, nr-stream, nr-date, Jinja2, itsdangerous, iniconfig, docstring-parser, Deprecated, coverage, asyncpg, yapf, vulture, starlette, pytest, pandas, nr-util, mypy, mirakuru, httpx, docker, databind, black, alembic, testcontainers, respx, python-telegram-bot, pytest-postgresql, pytest-cov, pytest-asyncio, pydantic-extra-types, pandera, fastapi, databind.json, databind.core, celery, fastapi-cloud-cli, docspec, docspec-python, pydoc-markdown
2025-09-04T18:42:53.2211447Z   Attempting uninstall: sqlalchemy
2025-09-04T18:42:53.2241815Z     Found existing installation: SQLAlchemy 2.0.29
2025-09-04T18:42:53.2462870Z     Uninstalling SQLAlchemy-2.0.29:
2025-09-04T18:42:53.2496629Z       Successfully uninstalled SQLAlchemy-2.0.29
2025-09-04T18:42:55.1658662Z   Attempting uninstall: sentry-sdk
2025-09-04T18:42:55.1700856Z     Found existing installation: sentry-sdk 2.9.0
2025-09-04T18:42:55.1826589Z     Uninstalling sentry-sdk-2.9.0:
2025-09-04T18:42:55.1847709Z       Successfully uninstalled sentry-sdk-2.9.0
2025-09-04T18:42:55.6169518Z   Attempting uninstall: redis
2025-09-04T18:42:55.6224924Z     Found existing installation: redis 5.0.8
2025-09-04T18:42:55.6295733Z     Uninstalling redis-5.0.8:
2025-09-04T18:42:55.6310492Z       Successfully uninstalled redis-5.0.8
2025-09-04T18:42:56.1020032Z   Attempting uninstall: Jinja2
2025-09-04T18:42:56.1052918Z     Found existing installation: Jinja2 3.1.5
2025-09-04T18:42:56.1086070Z     Uninstalling Jinja2-3.1.5:
2025-09-04T18:42:56.1095336Z       Successfully uninstalled Jinja2-3.1.5
2025-09-04T18:42:56.3765357Z   Attempting uninstall: asyncpg
2025-09-04T18:42:56.3811543Z     Found existing installation: asyncpg 0.29.0
2025-09-04T18:42:56.3859337Z     Uninstalling asyncpg-0.29.0:
2025-09-04T18:42:56.3872457Z       Successfully uninstalled asyncpg-0.29.0
2025-09-04T18:42:56.6816165Z   Attempting uninstall: starlette
2025-09-04T18:42:56.6878151Z     Found existing installation: starlette 0.37.2
2025-09-04T18:42:56.6920084Z     Uninstalling starlette-0.37.2:
2025-09-04T18:42:56.6930333Z       Successfully uninstalled starlette-0.37.2
2025-09-04T18:42:57.0113912Z   Attempting uninstall: pandas
2025-09-04T18:42:57.0231061Z     Found existing installation: pandas 2.2.3
2025-09-04T18:42:57.1425298Z     Uninstalling pandas-2.2.3:
2025-09-04T18:42:57.1592000Z       Successfully uninstalled pandas-2.2.3
2025-09-04T18:43:03.4654300Z   Attempting uninstall: httpx
2025-09-04T18:43:03.4697051Z     Found existing installation: httpx 0.26.0
2025-09-04T18:43:03.4733503Z     Uninstalling httpx-0.26.0:
2025-09-04T18:43:03.4746764Z       Successfully uninstalled httpx-0.26.0
2025-09-04T18:43:03.8144153Z   Attempting uninstall: alembic
2025-09-04T18:43:03.8189897Z     Found existing installation: alembic 1.13.1
2025-09-04T18:43:03.8271053Z     Uninstalling alembic-1.13.1:
2025-09-04T18:43:03.8291537Z       Successfully uninstalled alembic-1.13.1
2025-09-04T18:43:04.1060949Z   Attempting uninstall: python-telegram-bot
2025-09-04T18:43:04.1119478Z     Found existing installation: python-telegram-bot 20.8
2025-09-04T18:43:04.1280142Z     Uninstalling python-telegram-bot-20.8:
2025-09-04T18:43:04.1304949Z       Successfully uninstalled python-telegram-bot-20.8
2025-09-04T18:43:04.5843158Z   Attempting uninstall: pandera
2025-09-04T18:43:04.5886172Z     Found existing installation: pandera 0.19.3
2025-09-04T18:43:04.6010964Z     Uninstalling pandera-0.19.3:
2025-09-04T18:43:04.8832951Z       Successfully uninstalled pandera-0.19.3
2025-09-04T18:43:05.1203185Z   Attempting uninstall: fastapi
2025-09-04T18:43:05.1241198Z     Found existing installation: fastapi 0.111.0
2025-09-04T18:43:05.1293923Z     Uninstalling fastapi-0.111.0:
2025-09-04T18:43:05.1306135Z       Successfully uninstalled fastapi-0.111.0
2025-09-04T18:43:05.2206139Z   Attempting uninstall: celery
2025-09-04T18:43:05.2254896Z     Found existing installation: celery 5.4.0
2025-09-04T18:43:05.2402050Z     Uninstalling celery-5.4.0:
2025-09-04T18:43:05.2428990Z       Successfully uninstalled celery-5.4.0
2025-09-04T18:43:05.6527117Z 
2025-09-04T18:43:05.6648865Z Successfully installed Deprecated-1.2.18 Jinja2-3.1.6 alembic-1.16.4 asyncpg-0.30.0 black-25.1.0 celery-5.5.3 coverage-7.10.6 databind-4.5.2 databind.core-4.5.2 databind.json-4.5.2 docker-7.1.0 docspec-2.2.1 docspec-python-2.2.2 docstring-parser-0.11 fastapi-0.116.1 fastapi-cloud-cli-0.1.5 httpx-0.28.1 iniconfig-2.1.0 itsdangerous-2.2.0 mirakuru-2.6.1 mypy-1.17.1 nr-date-2.1.0 nr-stream-1.1.5 nr-util-0.8.12 pandas-2.3.2 pandera-0.26.1 pathspec-0.12.1 platformdirs-4.4.0 pluggy-1.6.0 port-for-0.7.4 psutil-7.0.0 pydantic-extra-types-2.10.5 pydoc-markdown-4.8.2 pytest-8.4.2 pytest-asyncio-1.1.0 pytest-cov-6.2.1 pytest-postgresql-7.0.2 python-telegram-bot-22.3 redis-6.4.0 respx-0.22.0 rignore-0.6.4 ruff-0.12.11 sentry-sdk-2.36.0 setuptools-80.9.0 sqlalchemy-2.0.43 starlette-0.47.3 testcontainers-4.12.0 toml-0.10.2 tomli-2.2.1 tomli_w-1.2.0 typeapi-2.2.4 types-requests-2.32.4.20250809 vulture-2.10 watchdog-6.0.0 yapf-0.43.0
2025-09-04T18:43:06.4161009Z Requirement already satisfied: asyncpg in /opt/hostedtoolcache/Python/3.12.11/x64/lib/python3.12/site-packages (0.30.0)
2025-09-04T18:43:07.0566532Z Requirement already satisfied: pytest in /opt/hostedtoolcache/Python/3.12.11/x64/lib/python3.12/site-packages (8.4.2)
2025-09-04T18:43:07.0581786Z Requirement already satisfied: iniconfig>=1 in /opt/hostedtoolcache/Python/3.12.11/x64/lib/python3.12/site-packages (from pytest) (2.1.0)
2025-09-04T18:43:07.0587622Z Requirement already satisfied: packaging>=20 in /opt/hostedtoolcache/Python/3.12.11/x64/lib/python3.12/site-packages (from pytest) (25.0)
2025-09-04T18:43:07.0593746Z Requirement already satisfied: pluggy<2,>=1.5 in /opt/hostedtoolcache/Python/3.12.11/x64/lib/python3.12/site-packages (from pytest) (1.6.0)
2025-09-04T18:43:07.0598871Z Requirement already satisfied: pygments>=2.7.2 in /opt/hostedtoolcache/Python/3.12.11/x64/lib/python3.12/site-packages (from pytest) (2.19.2)
2025-09-04T18:43:07.7468186Z Collecting keepa==1.3.15
2025-09-04T18:43:07.7482785Z   Using cached keepa-1.3.15-py3-none-any.whl.metadata (11 kB)
2025-09-04T18:43:07.7523404Z Requirement already satisfied: minio==7.1.15 in /opt/hostedtoolcache/Python/3.12.11/x64/lib/python3.12/site-packages (7.1.15)
2025-09-04T18:43:07.7532403Z Requirement already satisfied: numpy>=1.9.3 in /opt/hostedtoolcache/Python/3.12.11/x64/lib/python3.12/site-packages (from keepa==1.3.15) (1.26.4)
2025-09-04T18:43:07.7537453Z Requirement already satisfied: requests>=2.2 in /opt/hostedtoolcache/Python/3.12.11/x64/lib/python3.12/site-packages (from keepa==1.3.15) (2.32.5)
2025-09-04T18:43:07.7541209Z Requirement already satisfied: tqdm in /opt/hostedtoolcache/Python/3.12.11/x64/lib/python3.12/site-packages (from keepa==1.3.15) (4.67.1)
2025-09-04T18:43:07.7544510Z Requirement already satisfied: aiohttp in /opt/hostedtoolcache/Python/3.12.11/x64/lib/python3.12/site-packages (from keepa==1.3.15) (3.12.15)
2025-09-04T18:43:07.7549655Z Requirement already satisfied: pandas<=3.0 in /opt/hostedtoolcache/Python/3.12.11/x64/lib/python3.12/site-packages (from keepa==1.3.15) (2.3.2)
2025-09-04T18:43:07.7553918Z Requirement already satisfied: pydantic in /opt/hostedtoolcache/Python/3.12.11/x64/lib/python3.12/site-packages (from keepa==1.3.15) (2.11.7)
2025-09-04T18:43:07.7565512Z Requirement already satisfied: certifi in /opt/hostedtoolcache/Python/3.12.11/x64/lib/python3.12/site-packages (from minio==7.1.15) (2025.8.3)
2025-09-04T18:43:07.7570226Z Requirement already satisfied: urllib3 in /opt/hostedtoolcache/Python/3.12.11/x64/lib/python3.12/site-packages (from minio==7.1.15) (2.5.0)
2025-09-04T18:43:07.7626215Z Requirement already satisfied: python-dateutil>=2.8.2 in /opt/hostedtoolcache/Python/3.12.11/x64/lib/python3.12/site-packages (from pandas<=3.0->keepa==1.3.15) (2.9.0.post0)
2025-09-04T18:43:07.7632363Z Requirement already satisfied: pytz>=2020.1 in /opt/hostedtoolcache/Python/3.12.11/x64/lib/python3.12/site-packages (from pandas<=3.0->keepa==1.3.15) (2025.2)
2025-09-04T18:43:07.7638302Z Requirement already satisfied: tzdata>=2022.7 in /opt/hostedtoolcache/Python/3.12.11/x64/lib/python3.12/site-packages (from pandas<=3.0->keepa==1.3.15) (2025.2)
2025-09-04T18:43:07.7774508Z Requirement already satisfied: six>=1.5 in /opt/hostedtoolcache/Python/3.12.11/x64/lib/python3.12/site-packages (from python-dateutil>=2.8.2->pandas<=3.0->keepa==1.3.15) (1.17.0)
2025-09-04T18:43:07.7794483Z Requirement already satisfied: charset_normalizer<4,>=2 in /opt/hostedtoolcache/Python/3.12.11/x64/lib/python3.12/site-packages (from requests>=2.2->keepa==1.3.15) (3.4.3)
2025-09-04T18:43:07.7800977Z Requirement already satisfied: idna<4,>=2.5 in /opt/hostedtoolcache/Python/3.12.11/x64/lib/python3.12/site-packages (from requests>=2.2->keepa==1.3.15) (3.10)
2025-09-04T18:43:07.7870348Z Requirement already satisfied: aiohappyeyeballs>=2.5.0 in /opt/hostedtoolcache/Python/3.12.11/x64/lib/python3.12/site-packages (from aiohttp->keepa==1.3.15) (2.6.1)
2025-09-04T18:43:07.7876081Z Requirement already satisfied: aiosignal>=1.4.0 in /opt/hostedtoolcache/Python/3.12.11/x64/lib/python3.12/site-packages (from aiohttp->keepa==1.3.15) (1.4.0)
2025-09-04T18:43:07.7883805Z Requirement already satisfied: attrs>=17.3.0 in /opt/hostedtoolcache/Python/3.12.11/x64/lib/python3.12/site-packages (from aiohttp->keepa==1.3.15) (25.3.0)
2025-09-04T18:43:07.7889644Z Requirement already satisfied: frozenlist>=1.1.1 in /opt/hostedtoolcache/Python/3.12.11/x64/lib/python3.12/site-packages (from aiohttp->keepa==1.3.15) (1.7.0)
2025-09-04T18:43:07.7895803Z Requirement already satisfied: multidict<7.0,>=4.5 in /opt/hostedtoolcache/Python/3.12.11/x64/lib/python3.12/site-packages (from aiohttp->keepa==1.3.15) (6.6.4)
2025-09-04T18:43:07.7902369Z Requirement already satisfied: propcache>=0.2.0 in /opt/hostedtoolcache/Python/3.12.11/x64/lib/python3.12/site-packages (from aiohttp->keepa==1.3.15) (0.3.2)
2025-09-04T18:43:07.7908744Z Requirement already satisfied: yarl<2.0,>=1.17.0 in /opt/hostedtoolcache/Python/3.12.11/x64/lib/python3.12/site-packages (from aiohttp->keepa==1.3.15) (1.20.1)
2025-09-04T18:43:07.7969019Z Requirement already satisfied: typing-extensions>=4.2 in /opt/hostedtoolcache/Python/3.12.11/x64/lib/python3.12/site-packages (from aiosignal>=1.4.0->aiohttp->keepa==1.3.15) (4.15.0)
2025-09-04T18:43:07.8063007Z Requirement already satisfied: annotated-types>=0.6.0 in /opt/hostedtoolcache/Python/3.12.11/x64/lib/python3.12/site-packages (from pydantic->keepa==1.3.15) (0.7.0)
2025-09-04T18:43:07.8069058Z Requirement already satisfied: pydantic-core==2.33.2 in /opt/hostedtoolcache/Python/3.12.11/x64/lib/python3.12/site-packages (from pydantic->keepa==1.3.15) (2.33.2)
2025-09-04T18:43:07.8077597Z Requirement already satisfied: typing-inspection>=0.4.0 in /opt/hostedtoolcache/Python/3.12.11/x64/lib/python3.12/site-packages (from pydantic->keepa==1.3.15) (0.4.1)
2025-09-04T18:43:07.8159490Z Using cached keepa-1.3.15-py3-none-any.whl (38 kB)
2025-09-04T18:43:07.9894931Z Installing collected packages: keepa
2025-09-04T18:43:07.9895684Z   Attempting uninstall: keepa
2025-09-04T18:43:07.9924008Z     Found existing installation: keepa 1.3.14
2025-09-04T18:43:07.9947132Z     Uninstalling keepa-1.3.14:
2025-09-04T18:43:07.9956035Z       Successfully uninstalled keepa-1.3.14
2025-09-04T18:43:08.0384219Z Successfully installed keepa-1.3.15
2025-09-04T18:43:08.1069461Z ##[group]Run actions/setup-node@v4
2025-09-04T18:43:08.1069745Z with:
2025-09-04T18:43:08.1069940Z   node-version: 20.19.0
2025-09-04T18:43:08.1070149Z   always-auth: false
2025-09-04T18:43:08.1070345Z   check-latest: false
2025-09-04T18:43:08.1070661Z   token: ***
2025-09-04T18:43:08.1070839Z env:
2025-09-04T18:43:08.1071024Z   REDIS_URL: redis://localhost:6379/0
2025-09-04T18:43:08.1071300Z   RATE_LIMIT_DEFAULT: 100/minute
2025-09-04T18:43:08.1071529Z   TRUST_X_FORWARDED: 1
2025-09-04T18:43:08.1071731Z   PG_USER: postgres
2025-09-04T18:43:08.1071925Z   PG_PASSWORD: pass
2025-09-04T18:43:08.1072107Z   PG_DATABASE: awa
2025-09-04T18:43:08.1072286Z   PG_HOST: localhost
2025-09-04T18:43:08.1072474Z   PG_PORT: 5432
2025-09-04T18:43:08.1072841Z   PG_SYNC_DSN: ***postgres:5432/awa
2025-09-04T18:43:08.1073383Z   PG_ASYNC_DSN: ***postgres:5432/awa
2025-09-04T18:43:08.1073882Z   DATABASE_URL: ***localhost:5432/awa
2025-09-04T18:43:08.1089405Z   DATA_DIR: /tmp/awa-data
2025-09-04T18:43:08.1089683Z   ENABLE_LIVE: 0
2025-09-04T18:43:08.1089874Z   TESTING: 1
2025-09-04T18:43:08.1090129Z   pythonLocation: /opt/hostedtoolcache/Python/3.12.11/x64
2025-09-04T18:43:08.1090541Z   PKG_CONFIG_PATH: /opt/hostedtoolcache/Python/3.12.11/x64/lib/pkgconfig
2025-09-04T18:43:08.1091169Z   Python_ROOT_DIR: /opt/hostedtoolcache/Python/3.12.11/x64
2025-09-04T18:43:08.1091527Z   Python2_ROOT_DIR: /opt/hostedtoolcache/Python/3.12.11/x64
2025-09-04T18:43:08.1091877Z   Python3_ROOT_DIR: /opt/hostedtoolcache/Python/3.12.11/x64
2025-09-04T18:43:08.1092232Z   LD_LIBRARY_PATH: /opt/hostedtoolcache/Python/3.12.11/x64/lib
2025-09-04T18:43:08.1092523Z ##[endgroup]
2025-09-04T18:43:08.2931337Z Attempting to download 20.19.0...
2025-09-04T18:43:08.8509936Z Acquiring 20.19.0 - x64 from https://github.com/actions/node-versions/releases/download/20.19.0-13838090974/node-20.19.0-linux-x64.tar.gz
2025-09-04T18:43:09.3199119Z Extracting ...
2025-09-04T18:43:09.3315284Z [command]/usr/bin/tar xz --strip 1 --warning=no-unknown-keyword --overwrite -C /home/runner/work/_temp/04f35da3-eb6f-434b-bde4-4afdae871c1b -f /home/runner/work/_temp/e6cae1b0-1cef-43a6-922f-88304fe82ee4
2025-09-04T18:43:10.3251832Z Adding to the cache ...
2025-09-04T18:43:12.0064223Z ##[group]Environment details
2025-09-04T18:43:12.3237170Z node: v20.19.0
2025-09-04T18:43:12.3237628Z npm: 10.8.2
2025-09-04T18:43:12.3238209Z yarn: 1.22.22
2025-09-04T18:43:12.3239095Z ##[endgroup]
2025-09-04T18:43:12.3382489Z ##[group]Run npm ci
2025-09-04T18:43:12.3382732Z [36;1mnpm ci[0m
2025-09-04T18:43:12.3417030Z shell: /usr/bin/bash -e {0}
2025-09-04T18:43:12.3417263Z env:
2025-09-04T18:43:12.3417489Z   REDIS_URL: redis://localhost:6379/0
2025-09-04T18:43:12.3417760Z   RATE_LIMIT_DEFAULT: 100/minute
2025-09-04T18:43:12.3418226Z   TRUST_X_FORWARDED: 1
2025-09-04T18:43:12.3418426Z   PG_USER: postgres
2025-09-04T18:43:12.3418619Z   PG_PASSWORD: pass
2025-09-04T18:43:12.3418805Z   PG_DATABASE: awa
2025-09-04T18:43:12.3418992Z   PG_HOST: localhost
2025-09-04T18:43:12.3419180Z   PG_PORT: 5432
2025-09-04T18:43:12.3419588Z   PG_SYNC_DSN: ***postgres:5432/awa
2025-09-04T18:43:12.3419989Z   PG_ASYNC_DSN: ***postgres:5432/awa
2025-09-04T18:43:12.3420382Z   DATABASE_URL: ***localhost:5432/awa
2025-09-04T18:43:12.3420624Z   DATA_DIR: /tmp/awa-data
2025-09-04T18:43:12.3420843Z   ENABLE_LIVE: 0
2025-09-04T18:43:12.3421015Z   TESTING: 1
2025-09-04T18:43:12.3421299Z   pythonLocation: /opt/hostedtoolcache/Python/3.12.11/x64
2025-09-04T18:43:12.3421704Z   PKG_CONFIG_PATH: /opt/hostedtoolcache/Python/3.12.11/x64/lib/pkgconfig
2025-09-04T18:43:12.3422089Z   Python_ROOT_DIR: /opt/hostedtoolcache/Python/3.12.11/x64
2025-09-04T18:43:12.3422440Z   Python2_ROOT_DIR: /opt/hostedtoolcache/Python/3.12.11/x64
2025-09-04T18:43:12.3422800Z   Python3_ROOT_DIR: /opt/hostedtoolcache/Python/3.12.11/x64
2025-09-04T18:43:12.3423158Z   LD_LIBRARY_PATH: /opt/hostedtoolcache/Python/3.12.11/x64/lib
2025-09-04T18:43:12.3423453Z ##[endgroup]
2025-09-04T18:43:15.1631482Z npm warn deprecated node-domexception@1.0.0: Use your platform's native DOMException instead
2025-09-04T18:43:18.5435266Z 
2025-09-04T18:43:18.5436086Z added 432 packages, and audited 433 packages in 6s
2025-09-04T18:43:18.5436621Z 
2025-09-04T18:43:18.5436953Z 112 packages are looking for funding
2025-09-04T18:43:18.5437560Z   run `npm fund` for details
2025-09-04T18:43:18.5456618Z 
2025-09-04T18:43:18.5457053Z 2 vulnerabilities (1 low, 1 critical)
2025-09-04T18:43:18.5457434Z 
2025-09-04T18:43:18.5457809Z To address all issues, run:
2025-09-04T18:43:18.5458481Z   npm audit fix
2025-09-04T18:43:18.5458706Z 
2025-09-04T18:43:18.5458927Z Run `npm audit` for details.
2025-09-04T18:43:18.5744157Z ##[group]Run npm run build --if-present
2025-09-04T18:43:18.5744508Z [36;1mnpm run build --if-present[0m
2025-09-04T18:43:18.5775473Z shell: /usr/bin/bash -e {0}
2025-09-04T18:43:18.5775710Z env:
2025-09-04T18:43:18.5775925Z   REDIS_URL: redis://localhost:6379/0
2025-09-04T18:43:18.5776196Z   RATE_LIMIT_DEFAULT: 100/minute
2025-09-04T18:43:18.5776433Z   TRUST_X_FORWARDED: 1
2025-09-04T18:43:18.5776634Z   PG_USER: postgres
2025-09-04T18:43:18.5776829Z   PG_PASSWORD: pass
2025-09-04T18:43:18.5777017Z   PG_DATABASE: awa
2025-09-04T18:43:18.5777200Z   PG_HOST: localhost
2025-09-04T18:43:18.5777396Z   PG_PORT: 5432
2025-09-04T18:43:18.5778139Z   PG_SYNC_DSN: ***postgres:5432/awa
2025-09-04T18:43:18.5778555Z   PG_ASYNC_DSN: ***postgres:5432/awa
2025-09-04T18:43:18.5778946Z   DATABASE_URL: ***localhost:5432/awa
2025-09-04T18:43:18.5779196Z   DATA_DIR: /tmp/awa-data
2025-09-04T18:43:18.5779409Z   ENABLE_LIVE: 0
2025-09-04T18:43:18.5779590Z   TESTING: 1
2025-09-04T18:43:18.5779852Z   pythonLocation: /opt/hostedtoolcache/Python/3.12.11/x64
2025-09-04T18:43:18.5780259Z   PKG_CONFIG_PATH: /opt/hostedtoolcache/Python/3.12.11/x64/lib/pkgconfig
2025-09-04T18:43:18.5780661Z   Python_ROOT_DIR: /opt/hostedtoolcache/Python/3.12.11/x64
2025-09-04T18:43:18.5781028Z   Python2_ROOT_DIR: /opt/hostedtoolcache/Python/3.12.11/x64
2025-09-04T18:43:18.5781427Z   Python3_ROOT_DIR: /opt/hostedtoolcache/Python/3.12.11/x64
2025-09-04T18:43:18.5781807Z   LD_LIBRARY_PATH: /opt/hostedtoolcache/Python/3.12.11/x64/lib
2025-09-04T18:43:18.5782121Z ##[endgroup]
2025-09-04T18:43:18.6867725Z 
2025-09-04T18:43:18.6868390Z > web@0.0.0 build
2025-09-04T18:43:18.6868812Z > tsc -b && vite build
2025-09-04T18:43:18.6869012Z 
2025-09-04T18:43:21.1711169Z [36mvite v7.0.4 [32mbuilding for production...[36m[39m
2025-09-04T18:43:21.3573949Z transforming...
2025-09-04T18:43:24.6901710Z [32m✓[39m 687 modules transformed.
2025-09-04T18:43:25.2199125Z rendering chunks...
2025-09-04T18:43:25.2288318Z computing gzip size...
2025-09-04T18:43:25.2485505Z [2mdist/[22m[32mindex.html                 [39m[1m[2m  0.46 kB[22m[1m[22m[2m │ gzip:   0.30 kB[22m
2025-09-04T18:43:25.2487096Z [2mdist/[22m[2massets/[22m[35mindex-5IA1gRGW.css  [39m[1m[2m  0.84 kB[22m[1m[22m[2m │ gzip:   0.45 kB[22m
2025-09-04T18:43:25.2488888Z [2mdist/[22m[2massets/[22m[36mindex-CIqpArhq.js   [39m[1m[33m613.66 kB[39m[22m[2m │ gzip: 193.69 kB[22m
2025-09-04T18:43:25.2489861Z [33m
2025-09-04T18:43:25.2490555Z (!) Some chunks are larger than 500 kB after minification. Consider:
2025-09-04T18:43:25.2491387Z - Using dynamic import() to code-split the application
2025-09-04T18:43:25.2492747Z - Use build.rollupOptions.output.manualChunks to improve chunking: https://rollupjs.org/configuration-options/#output-manualchunks
2025-09-04T18:43:25.2493700Z - Adjust chunk size limit for this warning via build.chunkSizeWarningLimit.[39m
2025-09-04T18:43:25.2494183Z [32m✓ built in 4.05s[39m
2025-09-04T18:43:25.2989890Z ##[group]Run sudo apt-get update
2025-09-04T18:43:25.2990203Z [36;1msudo apt-get update[0m
2025-09-04T18:43:25.2990466Z [36;1msudo apt-get install -y postgresql[0m
2025-09-04T18:43:25.2990952Z [36;1mecho "/usr/lib/postgresql/$(pg_config --version | cut -d' ' -f2 | cut -d'.' -f1,2)/bin" >> $GITHUB_PATH[0m
2025-09-04T18:43:25.3022155Z shell: /usr/bin/bash -e {0}
2025-09-04T18:43:25.3022386Z env:
2025-09-04T18:43:25.3022594Z   REDIS_URL: redis://localhost:6379/0
2025-09-04T18:43:25.3022856Z   RATE_LIMIT_DEFAULT: 100/minute
2025-09-04T18:43:25.3023081Z   TRUST_X_FORWARDED: 1
2025-09-04T18:43:25.3023279Z   PG_USER: postgres
2025-09-04T18:43:25.3023475Z   PG_PASSWORD: pass
2025-09-04T18:43:25.3023679Z   PG_DATABASE: awa
2025-09-04T18:43:25.3023862Z   PG_HOST: localhost
2025-09-04T18:43:25.3024052Z   PG_PORT: 5432
2025-09-04T18:43:25.3024469Z   PG_SYNC_DSN: ***postgres:5432/awa
2025-09-04T18:43:25.3024965Z   PG_ASYNC_DSN: ***postgres:5432/awa
2025-09-04T18:43:25.3025379Z   DATABASE_URL: ***localhost:5432/awa
2025-09-04T18:43:25.3025621Z   DATA_DIR: /tmp/awa-data
2025-09-04T18:43:25.3025824Z   ENABLE_LIVE: 0
2025-09-04T18:43:25.3026001Z   TESTING: 1
2025-09-04T18:43:25.3026241Z   pythonLocation: /opt/hostedtoolcache/Python/3.12.11/x64
2025-09-04T18:43:25.3026640Z   PKG_CONFIG_PATH: /opt/hostedtoolcache/Python/3.12.11/x64/lib/pkgconfig
2025-09-04T18:43:25.3027025Z   Python_ROOT_DIR: /opt/hostedtoolcache/Python/3.12.11/x64
2025-09-04T18:43:25.3027376Z   Python2_ROOT_DIR: /opt/hostedtoolcache/Python/3.12.11/x64
2025-09-04T18:43:25.3027734Z   Python3_ROOT_DIR: /opt/hostedtoolcache/Python/3.12.11/x64
2025-09-04T18:43:25.3028376Z   LD_LIBRARY_PATH: /opt/hostedtoolcache/Python/3.12.11/x64/lib
2025-09-04T18:43:25.3028878Z ##[endgroup]
2025-09-04T18:43:25.4182312Z Get:1 file:/etc/apt/apt-mirrors.txt Mirrorlist [144 B]
2025-09-04T18:43:25.4621781Z Hit:2 http://azure.archive.ubuntu.com/ubuntu noble InRelease
2025-09-04T18:43:25.4643488Z Get:6 https://packages.microsoft.com/repos/azure-cli noble InRelease [3564 B]
2025-09-04T18:43:25.4692788Z Get:3 http://azure.archive.ubuntu.com/ubuntu noble-updates InRelease [126 kB]
2025-09-04T18:43:25.4734867Z Get:4 http://azure.archive.ubuntu.com/ubuntu noble-backports InRelease [126 kB]
2025-09-04T18:43:25.4805273Z Get:5 http://azure.archive.ubuntu.com/ubuntu noble-security InRelease [126 kB]
2025-09-04T18:43:25.4989641Z Get:7 https://packages.microsoft.com/ubuntu/24.04/prod noble InRelease [3600 B]
2025-09-04T18:43:25.6446016Z Get:8 https://packages.microsoft.com/repos/azure-cli noble/main amd64 Packages [1568 B]
2025-09-04T18:43:25.7046313Z Get:9 http://azure.archive.ubuntu.com/ubuntu noble-updates/main amd64 Packages [1389 kB]
2025-09-04T18:43:25.7139219Z Get:10 http://azure.archive.ubuntu.com/ubuntu noble-updates/main Translation-en [274 kB]
2025-09-04T18:43:25.7161640Z Get:11 http://azure.archive.ubuntu.com/ubuntu noble-updates/main amd64 Components [175 kB]
2025-09-04T18:43:25.7183095Z Get:12 http://azure.archive.ubuntu.com/ubuntu noble-updates/main amd64 c-n-f Metadata [14.9 kB]
2025-09-04T18:43:25.7200686Z Get:13 http://azure.archive.ubuntu.com/ubuntu noble-updates/universe amd64 Packages [1481 kB]
2025-09-04T18:43:25.7278854Z Get:14 http://azure.archive.ubuntu.com/ubuntu noble-updates/universe Translation-en [298 kB]
2025-09-04T18:43:25.7307414Z Get:15 http://azure.archive.ubuntu.com/ubuntu noble-updates/universe amd64 Components [377 kB]
2025-09-04T18:43:25.7342471Z Get:16 http://azure.archive.ubuntu.com/ubuntu noble-updates/universe amd64 c-n-f Metadata [31.0 kB]
2025-09-04T18:43:25.7361891Z Get:17 http://azure.archive.ubuntu.com/ubuntu noble-updates/restricted amd64 Packages [1791 kB]
2025-09-04T18:43:25.7470379Z Get:18 http://azure.archive.ubuntu.com/ubuntu noble-updates/restricted Translation-en [400 kB]
2025-09-04T18:43:25.7979767Z Get:19 http://azure.archive.ubuntu.com/ubuntu noble-updates/restricted amd64 Components [212 B]
2025-09-04T18:43:25.7994647Z Get:20 http://azure.archive.ubuntu.com/ubuntu noble-updates/multiverse amd64 Components [940 B]
2025-09-04T18:43:25.7999804Z Get:21 http://azure.archive.ubuntu.com/ubuntu noble-backports/main amd64 Components [7084 B]
2025-09-04T18:43:25.8005053Z Get:22 http://azure.archive.ubuntu.com/ubuntu noble-backports/universe amd64 Components [19.2 kB]
2025-09-04T18:43:25.8015848Z Get:23 http://azure.archive.ubuntu.com/ubuntu noble-backports/restricted amd64 Components [216 B]
2025-09-04T18:43:25.8025364Z Get:24 http://azure.archive.ubuntu.com/ubuntu noble-backports/multiverse amd64 Components [212 B]
2025-09-04T18:43:25.8391398Z Get:25 http://azure.archive.ubuntu.com/ubuntu noble-security/main amd64 Packages [1118 kB]
2025-09-04T18:43:25.8473027Z Get:26 http://azure.archive.ubuntu.com/ubuntu noble-security/main Translation-en [191 kB]
2025-09-04T18:43:25.8482242Z Get:27 http://azure.archive.ubuntu.com/ubuntu noble-security/main amd64 Components [21.6 kB]
2025-09-04T18:43:25.8490736Z Get:28 http://azure.archive.ubuntu.com/ubuntu noble-security/main amd64 c-n-f Metadata [8712 B]
2025-09-04T18:43:25.8497464Z Get:29 http://azure.archive.ubuntu.com/ubuntu noble-security/universe amd64 Packages [879 kB]
2025-09-04T18:43:25.8568411Z Get:30 http://azure.archive.ubuntu.com/ubuntu noble-security/universe Translation-en [194 kB]
2025-09-04T18:43:25.8578525Z Get:31 http://azure.archive.ubuntu.com/ubuntu noble-security/universe amd64 Components [52.3 kB]
2025-09-04T18:43:25.8596227Z Get:32 http://azure.archive.ubuntu.com/ubuntu noble-security/restricted amd64 Packages [1705 kB]
2025-09-04T18:43:25.8985212Z Get:36 https://packages.microsoft.com/ubuntu/24.04/prod noble/main armhf Packages [10.2 kB]
2025-09-04T18:43:25.9021555Z Get:37 https://packages.microsoft.com/ubuntu/24.04/prod noble/main arm64 Packages [34.4 kB]
2025-09-04T18:43:25.9073940Z Get:38 https://packages.microsoft.com/ubuntu/24.04/prod noble/main amd64 Packages [50.5 kB]
2025-09-04T18:43:25.9126002Z Get:33 http://azure.archive.ubuntu.com/ubuntu noble-security/restricted Translation-en [382 kB]
2025-09-04T18:43:25.9154774Z Get:34 http://azure.archive.ubuntu.com/ubuntu noble-security/restricted amd64 Components [212 B]
2025-09-04T18:43:25.9163776Z Get:35 http://azure.archive.ubuntu.com/ubuntu noble-security/multiverse amd64 Components [212 B]
2025-09-04T18:43:33.9850385Z Fetched 11.3 MB in 1s (7685 kB/s)
2025-09-04T18:43:34.7710537Z Reading package lists...
2025-09-04T18:43:34.8039773Z Reading package lists...
2025-09-04T18:43:34.9854363Z Building dependency tree...
2025-09-04T18:43:34.9861508Z Reading state information...
2025-09-04T18:43:35.1470242Z Suggested packages:
2025-09-04T18:43:35.1470695Z   postgresql-doc
2025-09-04T18:43:35.1751995Z The following NEW packages will be installed:
2025-09-04T18:43:35.1752360Z   postgresql
2025-09-04T18:43:35.1927486Z 0 upgraded, 1 newly installed, 0 to remove and 15 not upgraded.
2025-09-04T18:43:35.1928448Z Need to get 11.6 kB of archives.
2025-09-04T18:43:35.1928894Z After this operation, 17.4 kB of additional disk space will be used.
2025-09-04T18:43:35.1929364Z Get:1 file:/etc/apt/apt-mirrors.txt Mirrorlist [144 B]
2025-09-04T18:43:35.2505716Z Get:2 http://azure.archive.ubuntu.com/ubuntu noble-updates/main amd64 postgresql all 16+257build1.1 [11.6 kB]
2025-09-04T18:43:35.5165556Z Fetched 11.6 kB in 0s (169 kB/s)
2025-09-04T18:43:35.5483512Z Selecting previously unselected package postgresql.
2025-09-04T18:43:35.6198848Z (Reading database ... 
2025-09-04T18:43:35.6199374Z (Reading database ... 5%
2025-09-04T18:43:35.6199831Z (Reading database ... 10%
2025-09-04T18:43:35.6200105Z (Reading database ... 15%
2025-09-04T18:43:35.6200360Z (Reading database ... 20%
2025-09-04T18:43:35.6200623Z (Reading database ... 25%
2025-09-04T18:43:35.6200863Z (Reading database ... 30%
2025-09-04T18:43:35.6201098Z (Reading database ... 35%
2025-09-04T18:43:35.6201366Z (Reading database ... 40%
2025-09-04T18:43:35.6201603Z (Reading database ... 45%
2025-09-04T18:43:35.6201836Z (Reading database ... 50%
2025-09-04T18:43:35.7694540Z (Reading database ... 55%
2025-09-04T18:43:36.2139543Z (Reading database ... 60%
2025-09-04T18:43:36.5182909Z (Reading database ... 65%
2025-09-04T18:43:36.9606711Z (Reading database ... 70%
2025-09-04T18:43:37.3771352Z (Reading database ... 75%
2025-09-04T18:43:37.9530704Z (Reading database ... 80%
2025-09-04T18:43:38.6279283Z (Reading database ... 85%
2025-09-04T18:43:39.2225293Z (Reading database ... 90%
2025-09-04T18:43:39.7691739Z (Reading database ... 95%
2025-09-04T18:43:39.7692313Z (Reading database ... 100%
2025-09-04T18:43:39.7696812Z (Reading database ... 219960 files and directories currently installed.)
2025-09-04T18:43:39.7749225Z Preparing to unpack .../postgresql_16+257build1.1_all.deb ...
2025-09-04T18:43:39.7812669Z Unpacking postgresql (16+257build1.1) ...
2025-09-04T18:43:39.9972815Z Setting up postgresql (16+257build1.1) ...
2025-09-04T18:43:41.0032021Z 
2025-09-04T18:43:41.0032734Z Running kernel seems to be up-to-date.
2025-09-04T18:43:41.0033152Z 
2025-09-04T18:43:41.0033394Z Restarting services...
2025-09-04T18:43:41.0107215Z 
2025-09-04T18:43:41.0107724Z Service restarts being deferred:
2025-09-04T18:43:41.0110328Z  systemctl restart hosted-compute-agent.service
2025-09-04T18:43:41.0112256Z 
2025-09-04T18:43:41.0112547Z No containers need to be restarted.
2025-09-04T18:43:41.0112860Z 
2025-09-04T18:43:41.0113174Z No user sessions are running outdated binaries.
2025-09-04T18:43:41.0113515Z 
2025-09-04T18:43:41.0114008Z No VM guests are running outdated hypervisor (qemu) binaries on this host.
2025-09-04T18:43:42.0484948Z ##[group]Run for i in {1..30}; do pg_isready -h localhost -p 5432 -U postgres -d awa && break; sleep 1; done
2025-09-04T18:43:42.0485738Z [36;1mfor i in {1..30}; do pg_isready -h localhost -p 5432 -U postgres -d awa && break; sleep 1; done[0m
2025-09-04T18:43:42.0517364Z shell: /usr/bin/bash -e {0}
2025-09-04T18:43:42.0517793Z env:
2025-09-04T18:43:42.0518601Z   REDIS_URL: redis://localhost:6379/0
2025-09-04T18:43:42.0518870Z   RATE_LIMIT_DEFAULT: 100/minute
2025-09-04T18:43:42.0519093Z   TRUST_X_FORWARDED: 1
2025-09-04T18:43:42.0519295Z   PG_USER: postgres
2025-09-04T18:43:42.0519480Z   PG_PASSWORD: pass
2025-09-04T18:43:42.0519663Z   PG_DATABASE: awa
2025-09-04T18:43:42.0519843Z   PG_HOST: localhost
2025-09-04T18:43:42.0520027Z   PG_PORT: 5432
2025-09-04T18:43:42.0520444Z   PG_SYNC_DSN: ***postgres:5432/awa
2025-09-04T18:43:42.0520842Z   PG_ASYNC_DSN: ***postgres:5432/awa
2025-09-04T18:43:42.0521223Z   DATABASE_URL: ***localhost:5432/awa
2025-09-04T18:43:42.0521501Z   DATA_DIR: /tmp/awa-data
2025-09-04T18:43:42.0521702Z   ENABLE_LIVE: 0
2025-09-04T18:43:42.0521884Z   TESTING: 1
2025-09-04T18:43:42.0522123Z   pythonLocation: /opt/hostedtoolcache/Python/3.12.11/x64
2025-09-04T18:43:42.0522525Z   PKG_CONFIG_PATH: /opt/hostedtoolcache/Python/3.12.11/x64/lib/pkgconfig
2025-09-04T18:43:42.0522923Z   Python_ROOT_DIR: /opt/hostedtoolcache/Python/3.12.11/x64
2025-09-04T18:43:42.0523274Z   Python2_ROOT_DIR: /opt/hostedtoolcache/Python/3.12.11/x64
2025-09-04T18:43:42.0523627Z   Python3_ROOT_DIR: /opt/hostedtoolcache/Python/3.12.11/x64
2025-09-04T18:43:42.0523977Z   LD_LIBRARY_PATH: /opt/hostedtoolcache/Python/3.12.11/x64/lib
2025-09-04T18:43:42.0524274Z ##[endgroup]
2025-09-04T18:43:42.0976198Z localhost:5432 - accepting connections
2025-09-04T18:43:42.1011069Z ##[group]Run alembic -c services/api/alembic.ini upgrade head
2025-09-04T18:43:42.1011501Z [36;1malembic -c services/api/alembic.ini upgrade head[0m
2025-09-04T18:43:42.1043008Z shell: /usr/bin/bash -e {0}
2025-09-04T18:43:42.1043245Z env:
2025-09-04T18:43:42.1043452Z   REDIS_URL: redis://localhost:6379/0
2025-09-04T18:43:42.1043728Z   RATE_LIMIT_DEFAULT: 100/minute
2025-09-04T18:43:42.1043959Z   TRUST_X_FORWARDED: 1
2025-09-04T18:43:42.1044165Z   PG_USER: postgres
2025-09-04T18:43:42.1044360Z   PG_PASSWORD: pass
2025-09-04T18:43:42.1044562Z   PG_DATABASE: awa
2025-09-04T18:43:42.1044742Z   PG_HOST: localhost
2025-09-04T18:43:42.1044928Z   PG_PORT: 5432
2025-09-04T18:43:42.1045348Z   PG_SYNC_DSN: ***localhost:5432/awa
2025-09-04T18:43:42.1045764Z   PG_ASYNC_DSN: ***localhost:5432/awa
2025-09-04T18:43:42.1046153Z   DATABASE_URL: ***localhost:5432/awa
2025-09-04T18:43:42.1046393Z   DATA_DIR: /tmp/awa-data
2025-09-04T18:43:42.1046600Z   ENABLE_LIVE: 0
2025-09-04T18:43:42.1046808Z   TESTING: 1
2025-09-04T18:43:42.1047049Z   pythonLocation: /opt/hostedtoolcache/Python/3.12.11/x64
2025-09-04T18:43:42.1047453Z   PKG_CONFIG_PATH: /opt/hostedtoolcache/Python/3.12.11/x64/lib/pkgconfig
2025-09-04T18:43:42.1047850Z   Python_ROOT_DIR: /opt/hostedtoolcache/Python/3.12.11/x64
2025-09-04T18:43:42.1048508Z   Python2_ROOT_DIR: /opt/hostedtoolcache/Python/3.12.11/x64
2025-09-04T18:43:42.1048902Z   Python3_ROOT_DIR: /opt/hostedtoolcache/Python/3.12.11/x64
2025-09-04T18:43:42.1049268Z   LD_LIBRARY_PATH: /opt/hostedtoolcache/Python/3.12.11/x64/lib
2025-09-04T18:43:42.1049579Z   POSTGRES_USER: postgres
2025-09-04T18:43:42.1049797Z   POSTGRES_PASSWORD: pass
2025-09-04T18:43:42.1050008Z   POSTGRES_DB: awa
2025-09-04T18:43:42.1050198Z ##[endgroup]
2025-09-04T18:43:42.9587837Z INFO  [alembic.runtime.migration] Context impl PostgresqlImpl.
2025-09-04T18:43:42.9589195Z INFO  [alembic.runtime.migration] Will assume transactional DDL.
2025-09-04T18:43:42.9808838Z INFO  [alembic.runtime.migration] Running upgrade  -> 0001_baseline
2025-09-04T18:43:42.9960190Z INFO  [alembic.runtime.migration] Running upgrade 0001_baseline -> 0002_create_roi_view
2025-09-04T18:43:42.9989086Z INFO  [alembic.runtime.migration] Running upgrade 0002_create_roi_view -> 3e9d5c5aff2c
2025-09-04T18:43:43.0175753Z INFO  [alembic.runtime.migration] Running upgrade 3e9d5c5aff2c -> 0003_vendor_prices
2025-09-04T18:43:43.0320103Z INFO  [alembic.runtime.migration] Running upgrade 0003_vendor_prices -> 0004_fee_cron
2025-09-04T18:43:43.0398648Z INFO  [alembic.runtime.migration] Running upgrade 0004_fee_cron -> 0006_fix_roi_views
2025-09-04T18:43:43.0432470Z INFO  [alembic.runtime.migration] Running upgrade 0006_fix_roi_views -> 0020_unified_schema
2025-09-04T18:43:43.0542114Z INFO  [alembic.runtime.migration] Running upgrade 0020_unified_schema -> 0022_fix_roi_view
2025-09-04T18:43:43.0609224Z INFO  [alembic.runtime.migration] Running upgrade 0022_fix_roi_view -> 0023_add_storage_fee
2025-09-04T18:43:43.0650272Z INFO  [alembic.runtime.migration] Running upgrade 0023_add_storage_fee -> 0024_create_buybox
2025-09-04T18:43:43.0680712Z INFO  [alembic.runtime.migration] Running upgrade 0024_create_buybox -> 0025_pr4_indexes_loadlog
2025-09-04T18:43:43.0896149Z INFO  [alembic.runtime.migration] Running upgrade 0025_pr4_indexes_loadlog -> 0026_fix_refund_views
2025-09-04T18:43:43.0956536Z INFO  [alembic.runtime.migration] Running upgrade 0025_pr4_indexes_loadlog -> 0026_amazon_new_reports
2025-09-04T18:43:43.1143855Z INFO  [alembic.runtime.migration] Running upgrade 0026_amazon_new_reports, 0026_fix_refund_views -> 0027_merge_reports_refund_heads
2025-09-04T18:43:43.2258162Z ##[group]Run pytest -q --cov=services --cov-report=xml
2025-09-04T18:43:43.2258587Z [36;1mpytest -q --cov=services --cov-report=xml[0m
2025-09-04T18:43:43.2289611Z shell: /usr/bin/bash -e {0}
2025-09-04T18:43:43.2289848Z env:
2025-09-04T18:43:43.2290055Z   REDIS_URL: redis://localhost:6379/0
2025-09-04T18:43:43.2290333Z   RATE_LIMIT_DEFAULT: 100/minute
2025-09-04T18:43:43.2290569Z   TRUST_X_FORWARDED: 1
2025-09-04T18:43:43.2290766Z   PG_USER: postgres
2025-09-04T18:43:43.2290957Z   PG_PASSWORD: pass
2025-09-04T18:43:43.2291140Z   PG_DATABASE: awa
2025-09-04T18:43:43.2291325Z   PG_HOST: localhost
2025-09-04T18:43:43.2291516Z   PG_PORT: 5432
2025-09-04T18:43:43.2291940Z   PG_SYNC_DSN: ***localhost:5432/awa
2025-09-04T18:43:43.2292343Z   PG_ASYNC_DSN: ***localhost:5432/awa
2025-09-04T18:43:43.2292849Z   DATABASE_URL: ***localhost:5432/awa
2025-09-04T18:43:43.2293115Z   DATA_DIR: /home/runner/work/_temp/awa-data
2025-09-04T18:43:43.2293365Z   ENABLE_LIVE: 0
2025-09-04T18:43:43.2293578Z   TESTING: 1
2025-09-04T18:43:43.2293819Z   pythonLocation: /opt/hostedtoolcache/Python/3.12.11/x64
2025-09-04T18:43:43.2294213Z   PKG_CONFIG_PATH: /opt/hostedtoolcache/Python/3.12.11/x64/lib/pkgconfig
2025-09-04T18:43:43.2294589Z   Python_ROOT_DIR: /opt/hostedtoolcache/Python/3.12.11/x64
2025-09-04T18:43:43.2294936Z   Python2_ROOT_DIR: /opt/hostedtoolcache/Python/3.12.11/x64
2025-09-04T18:43:43.2295281Z   Python3_ROOT_DIR: /opt/hostedtoolcache/Python/3.12.11/x64
2025-09-04T18:43:43.2295628Z   LD_LIBRARY_PATH: /opt/hostedtoolcache/Python/3.12.11/x64/lib
2025-09-04T18:43:43.2295929Z   POSTGRES_USER: postgres
2025-09-04T18:43:43.2296142Z   POSTGRES_PASSWORD: pass
2025-09-04T18:43:43.2296345Z   POSTGRES_DB: awa
2025-09-04T18:43:43.2296521Z   LLM_PROVIDER: lan
2025-09-04T18:43:43.2296737Z   LLM_BASE_URL: http://localhost:8000
2025-09-04T18:43:43.2296978Z ##[endgroup]
2025-09-04T18:44:12.9974732Z ........s.............................sssssss........................... [ 41%]
2025-09-04T18:44:45.0322255Z ........................................................................ [ 83%]
2025-09-04T18:44:46.5642208Z .............................                                            [100%]
2025-09-04T18:44:46.5643131Z =============================== warnings summary ===============================
2025-09-04T18:44:46.5644678Z ../../../../../opt/hostedtoolcache/Python/3.12.11/x64/lib/python3.12/site-packages/pandera/_pandas_deprecated.py:149
2025-09-04T18:44:46.5647202Z   /opt/hostedtoolcache/Python/3.12.11/x64/lib/python3.12/site-packages/pandera/_pandas_deprecated.py:149: FutureWarning: Importing pandas-specific classes and functions from the
2025-09-04T18:44:46.5649549Z   top-level pandera module will be **removed in a future version of pandera**.
2025-09-04T18:44:46.5650678Z   If you're using pandera to validate pandas objects, we highly recommend updating
2025-09-04T18:44:46.5651244Z   your import:
2025-09-04T18:44:46.5651477Z   
2025-09-04T18:44:46.5651676Z   ```
2025-09-04T18:44:46.5652241Z   # old import
2025-09-04T18:44:46.5652504Z   import pandera as pa
2025-09-04T18:44:46.5652765Z   
2025-09-04T18:44:46.5652968Z   # new import
2025-09-04T18:44:46.5653230Z   import pandera.pandas as pa
2025-09-04T18:44:46.5653520Z   ```
2025-09-04T18:44:46.5653724Z   
2025-09-04T18:44:46.5654177Z   If you're using pandera to validate objects from other compatible libraries
2025-09-04T18:44:46.5654913Z   like pyspark or polars, see the supported libraries section of the documentation
2025-09-04T18:44:46.5655510Z   for more information on how to import pandera:
2025-09-04T18:44:46.5655856Z   
2025-09-04T18:44:46.5656296Z   https://pandera.readthedocs.io/en/stable/supported_libraries.html
2025-09-04T18:44:46.5656733Z   
2025-09-04T18:44:46.5657075Z   To disable this warning, set the environment variable:
2025-09-04T18:44:46.5657480Z   
2025-09-04T18:44:46.5657674Z   ```
2025-09-04T18:44:46.5658240Z   export DISABLE_PANDERA_IMPORT_WARNING=True
2025-09-04T18:44:46.5658616Z   ```
2025-09-04T18:44:46.5658827Z   
2025-09-04T18:44:46.5659374Z     warnings.warn(_future_warning, FutureWarning)
2025-09-04T18:44:46.5659652Z 
2025-09-04T18:44:46.5660218Z ../../../../../opt/hostedtoolcache/Python/3.12.11/x64/lib/python3.12/site-packages/pydantic/fields.py:1093
2025-09-04T18:44:46.5662290Z   /opt/hostedtoolcache/Python/3.12.11/x64/lib/python3.12/site-packages/pydantic/fields.py:1093: PydanticDeprecatedSince20: Using extra keyword arguments on `Field` is deprecated and will be removed. Use `json_schema_extra` instead. (Extra keys: 'strip_whitespace'). Deprecated in Pydantic V2.0 to be removed in V3.0. See Pydantic V2 Migration Guide at https://errors.pydantic.dev/2.11/migration/
2025-09-04T18:44:46.5663616Z     warn(
2025-09-04T18:44:46.5663719Z 
2025-09-04T18:44:46.5663898Z services/alert_bot/tests/test_smoke.py:5
2025-09-04T18:44:46.5665358Z   /home/runner/work/AWA-App/AWA-App/services/alert_bot/tests/test_smoke.py:5: UserWarning: pkg_resources is deprecated as an API. See https://setuptools.pypa.io/en/latest/pkg_resources.html. The pkg_resources package is slated for removal as early as 2025-11-30. Refrain from using this package or pin to Setuptools<81.
2025-09-04T18:44:46.5666506Z     import pkg_resources  # noqa: F401
2025-09-04T18:44:46.5666682Z 
2025-09-04T18:44:46.5666877Z tests/api/test_ingest_endpoints.py: 12 warnings
2025-09-04T18:44:46.5667247Z tests/ingest/test_tasks_eager.py: 3 warnings
2025-09-04T18:44:46.5667572Z tests/test_api_fast.py: 1 warning
2025-09-04T18:44:46.5667871Z tests/test_health.py: 5 warnings
2025-09-04T18:44:46.5668406Z tests/test_smoke.py: 5 warnings
2025-09-04T18:44:46.5668723Z services/api/tests/test_cors.py: 1 warning
2025-09-04T18:44:46.5669095Z services/api/tests/test_errors_json.py: 2 warnings
2025-09-04T18:44:46.5669466Z services/api/tests/test_health.py: 1 warning
2025-09-04T18:44:46.5669841Z services/api/tests/test_rate_limit.py: 122 warnings
2025-09-04T18:44:46.5670250Z services/api/tests/test_roi_basic_auth.py: 4 warnings
2025-09-04T18:44:46.5670641Z services/api/tests/test_sentry_event.py: 1 warning
2025-09-04T18:44:46.5671063Z services/api/tests/test_stats_contracts.py: 3 warnings
2025-09-04T18:44:46.5671528Z services/api/tests/test_stats_future_contracts.py: 3 warnings
2025-09-04T18:44:46.5673280Z   /opt/hostedtoolcache/Python/3.12.11/x64/lib/python3.12/site-packages/asgi_correlation_id/extensions/sentry.py:27: DeprecationWarning: sentry_sdk.configure_scope is deprecated and will be removed in the next major version. Please consult our migration guide to learn how to migrate to the new API: https://docs.sentry.io/platforms/python/migration/1.x-to-2.x#scope-configuring
2025-09-04T18:44:46.5674605Z     with configure_scope() as scope:
2025-09-04T18:44:46.5674778Z 
2025-09-04T18:44:46.5674967Z tests/api/test_ingest_endpoints.py: 3 warnings
2025-09-04T18:44:46.5675298Z tests/test_api_fast.py: 1 warning
2025-09-04T18:44:46.5675592Z tests/test_health.py: 5 warnings
2025-09-04T18:44:46.5675875Z tests/test_smoke.py: 5 warnings
2025-09-04T18:44:46.5676187Z services/api/tests/test_cors.py: 3 warnings
2025-09-04T18:44:46.5676712Z services/api/tests/test_errors_json.py: 2 warnings
2025-09-04T18:44:46.5677080Z services/api/tests/test_health.py: 1 warning
2025-09-04T18:44:46.5677448Z services/api/tests/test_rate_limit.py: 2 warnings
2025-09-04T18:44:46.5677832Z services/api/tests/test_sentry_event.py: 1 warning
2025-09-04T18:44:46.5678436Z services/api/tests/test_stats_contracts.py: 3 warnings
2025-09-04T18:44:46.5678886Z services/api/tests/test_stats_future_contracts.py: 1 warning
2025-09-04T18:44:46.5679950Z   /opt/hostedtoolcache/Python/3.12.11/x64/lib/python3.12/site-packages/fastapi_limiter/__init__.py:89: DeprecationWarning: Call to deprecated close. (Use aclose() instead) -- Deprecated since version 5.0.1.
2025-09-04T18:44:46.5680727Z     await cls.redis.close()
2025-09-04T18:44:46.5680873Z 
2025-09-04T18:44:46.5681084Z tests/test_api_fast.py::test_health_endpoint
2025-09-04T18:44:46.5681500Z Sentry is attempting to send 0 pending events
2025-09-04T18:44:46.5681874Z Waiting up to True seconds
2025-09-04T18:44:46.5682288Z Press Ctrl-C to quit
2025-09-04T18:44:46.5683500Z   /home/runner/work/AWA-App/AWA-App/tests/test_api_fast.py:13: DeprecationWarning: datetime.datetime.utcnow() is deprecated and scheduled for removal in a future version. Use timezone-aware objects to represent datetimes in UTC: datetime.datetime.now(datetime.UTC).
2025-09-04T18:44:46.5684508Z     return datetime.datetime.utcnow()
2025-09-04T18:44:46.5684684Z 
2025-09-04T18:44:46.5684837Z tests/test_api_fast.py: 1 warning
2025-09-04T18:44:46.5685134Z tests/test_health.py: 5 warnings
2025-09-04T18:44:46.5685414Z tests/test_smoke.py: 5 warnings
2025-09-04T18:44:46.5685727Z services/api/tests/test_cors.py: 1 warning
2025-09-04T18:44:46.5686075Z services/api/tests/test_health.py: 1 warning
2025-09-04T18:44:46.5686451Z services/api/tests/test_rate_limit.py: 102 warnings
2025-09-04T18:44:46.5687761Z   /home/runner/work/AWA-App/AWA-App/services/api/routes/health.py:24: DeprecationWarning: datetime.datetime.utcnow() is deprecated and scheduled for removal in a future version. Use timezone-aware objects to represent datetimes in UTC: datetime.datetime.now(datetime.UTC).
2025-09-04T18:44:46.5689186Z     app_now = datetime.utcnow().replace(tzinfo=timezone.utc)
2025-09-04T18:44:46.5689420Z 
2025-09-04T18:44:46.5689585Z tests/test_health.py::test_health[0]
2025-09-04T18:44:46.5689901Z tests/test_health.py::test_health[1]
2025-09-04T18:44:46.5690205Z tests/test_health.py::test_health[2]
2025-09-04T18:44:46.5690526Z tests/test_health.py::test_health[3]
2025-09-04T18:44:46.5690824Z tests/test_health.py::test_health[4]
2025-09-04T18:44:46.5692031Z   /home/runner/work/AWA-App/AWA-App/tests/test_health.py:22: DeprecationWarning: datetime.datetime.utcnow() is deprecated and scheduled for removal in a future version. Use timezone-aware objects to represent datetimes in UTC: datetime.datetime.now(datetime.UTC).
2025-09-04T18:44:46.5693030Z     return datetime.datetime.utcnow()
2025-09-04T18:44:46.5693199Z 
2025-09-04T18:44:46.5693351Z tests/test_smoke.py::test_health[0]
2025-09-04T18:44:46.5693666Z tests/test_smoke.py::test_health[1]
2025-09-04T18:44:46.5693968Z tests/test_smoke.py::test_health[2]
2025-09-04T18:44:46.5694265Z tests/test_smoke.py::test_health[3]
2025-09-04T18:44:46.5694556Z tests/test_smoke.py::test_health[4]
2025-09-04T18:44:46.5695781Z   /home/runner/work/AWA-App/AWA-App/tests/test_smoke.py:32: DeprecationWarning: datetime.datetime.utcnow() is deprecated and scheduled for removal in a future version. Use timezone-aware objects to represent datetimes in UTC: datetime.datetime.now(datetime.UTC).
2025-09-04T18:44:46.5696770Z     return datetime.datetime.utcnow()
2025-09-04T18:44:46.5696944Z 
2025-09-04T18:44:46.5697205Z services/api/tests/test_cors.py::test_cors_simple_get_allowed
2025-09-04T18:44:46.5698817Z   /home/runner/work/AWA-App/AWA-App/services/api/tests/test_cors.py:27: DeprecationWarning: datetime.datetime.utcnow() is deprecated and scheduled for removal in a future version. Use timezone-aware objects to represent datetimes in UTC: datetime.datetime.now(datetime.UTC).
2025-09-04T18:44:46.5700026Z     return datetime.datetime.utcnow()
2025-09-04T18:44:46.5700202Z 
2025-09-04T18:44:46.5700422Z services/api/tests/test_health.py::test_health_route
2025-09-04T18:44:46.5701746Z   /home/runner/work/AWA-App/AWA-App/services/api/tests/test_health.py:14: DeprecationWarning: datetime.datetime.utcnow() is deprecated and scheduled for removal in a future version. Use timezone-aware objects to represent datetimes in UTC: datetime.datetime.now(datetime.UTC).
2025-09-04T18:44:46.5702797Z     return datetime.datetime.utcnow()
2025-09-04T18:44:46.5702966Z 
2025-09-04T18:44:46.5703169Z services/api/tests/test_rate_limit.py: 102 warnings
2025-09-04T18:44:46.5704504Z   /home/runner/work/AWA-App/AWA-App/services/api/tests/test_rate_limit.py:33: DeprecationWarning: datetime.datetime.utcnow() is deprecated and scheduled for removal in a future version. Use timezone-aware objects to represent datetimes in UTC: datetime.datetime.now(datetime.UTC).
2025-09-04T18:44:46.5705677Z     return datetime.datetime.utcnow()
2025-09-04T18:44:46.5705850Z 
2025-09-04T18:44:46.5706234Z services/api/tests/test_sentry_event.py::test_unhandled_exception_is_captured_and_tagged
2025-09-04T18:44:46.5708146Z   /home/runner/work/AWA-App/AWA-App/services/api/tests/test_sentry_event.py:47: SentryHubDeprecationWarning: `sentry_sdk.Hub` is deprecated and will be removed in a future major release. Please consult our 1.x to 2.x migration guide for details on how to migrate `Hub` usage to the new API: https://docs.sentry.io/platforms/python/migration/1.x-to-2.x
2025-09-04T18:44:46.5709387Z     hub = sentry_sdk.Hub.current
2025-09-04T18:44:46.5709543Z 
2025-09-04T18:44:46.5709850Z -- Docs: https://docs.pytest.org/en/stable/how-to/capture-warnings.html
2025-09-04T18:44:46.5710369Z ================================ tests coverage ================================
2025-09-04T18:44:46.5710874Z _______________ coverage: platform linux, python 3.12.11-final-0 _______________
2025-09-04T18:44:46.5711126Z 
2025-09-04T18:44:46.5711307Z Coverage XML written to file coverage.xml
2025-09-04T18:44:47.1665340Z ##[group]Run echo "::group::postgres container logs"
2025-09-04T18:44:47.1665746Z [36;1mecho "::group::postgres container logs"[0m
2025-09-04T18:44:47.1666228Z [36;1mdocker logs d2e8ce613e0362e2a84b975c0cf97b06d5229d86dfd794b7bef5ded914702165 --tail 200[0m
2025-09-04T18:44:47.1666668Z [36;1mecho "::endgroup::"[0m
2025-09-04T18:44:47.1698560Z shell: /usr/bin/bash -e {0}
2025-09-04T18:44:47.1698808Z env:
2025-09-04T18:44:47.1699031Z   REDIS_URL: redis://localhost:6379/0
2025-09-04T18:44:47.1699301Z   RATE_LIMIT_DEFAULT: 100/minute
2025-09-04T18:44:47.1699534Z   TRUST_X_FORWARDED: 1
2025-09-04T18:44:47.1699760Z   PG_USER: postgres
2025-09-04T18:44:47.1699958Z   PG_PASSWORD: pass
2025-09-04T18:44:47.1700143Z   PG_DATABASE: awa
2025-09-04T18:44:47.1700323Z   PG_HOST: localhost
2025-09-04T18:44:47.1700516Z   PG_PORT: 5432
2025-09-04T18:44:47.1700929Z   PG_SYNC_DSN: ***postgres:5432/awa
2025-09-04T18:44:47.1701371Z   PG_ASYNC_DSN: ***postgres:5432/awa
2025-09-04T18:44:47.1701788Z   DATABASE_URL: ***localhost:5432/awa
2025-09-04T18:44:47.1702035Z   DATA_DIR: /tmp/awa-data
2025-09-04T18:44:47.1702237Z   ENABLE_LIVE: 0
2025-09-04T18:44:47.1702421Z   TESTING: 1
2025-09-04T18:44:47.1702665Z   pythonLocation: /opt/hostedtoolcache/Python/3.12.11/x64
2025-09-04T18:44:47.1703068Z   PKG_CONFIG_PATH: /opt/hostedtoolcache/Python/3.12.11/x64/lib/pkgconfig
2025-09-04T18:44:47.1703460Z   Python_ROOT_DIR: /opt/hostedtoolcache/Python/3.12.11/x64
2025-09-04T18:44:47.1703811Z   Python2_ROOT_DIR: /opt/hostedtoolcache/Python/3.12.11/x64
2025-09-04T18:44:47.1704167Z   Python3_ROOT_DIR: /opt/hostedtoolcache/Python/3.12.11/x64
2025-09-04T18:44:47.1704518Z   LD_LIBRARY_PATH: /opt/hostedtoolcache/Python/3.12.11/x64/lib
2025-09-04T18:44:47.1704812Z ##[endgroup]
2025-09-04T18:44:47.1760948Z ##[group]postgres container logs
2025-09-04T18:44:47.1884941Z initdb: warning: enabling "trust" authentication for local connections
2025-09-04T18:44:47.1887060Z initdb: hint: You can change this by editing pg_hba.conf or using the option -A, or --auth-local and --auth-host, the next time you run initdb.
2025-09-04T18:44:47.1888711Z The files belonging to this database system will be owned by user "postgres".
2025-09-04T18:44:47.1890374Z 2025-09-04 18:41:55.900 UTC [1] LOG:  starting PostgreSQL 15.14 (Debian 15.14-1.pgdg13+1) on x86_64-pc-linux-gnu, compiled by gcc (Debian 14.2.0-19) 14.2.0, 64-bit
2025-09-04T18:44:47.1891735Z 2025-09-04 18:41:55.900 UTC [1] LOG:  listening on IPv4 address "0.0.0.0", port 5432
2025-09-04T18:44:47.1892715Z 2025-09-04 18:41:55.900 UTC [1] LOG:  listening on IPv6 address "::", port 5432
2025-09-04T18:44:47.1893760Z 2025-09-04 18:41:55.902 UTC [1] LOG:  listening on Unix socket "/var/run/postgresql/.s.PGSQL.5432"
2025-09-04T18:44:47.1894873Z 2025-09-04 18:41:55.906 UTC [64] LOG:  database system was shut down at 2025-09-04 18:41:55 UTC
2025-09-04T18:44:47.1895778Z 2025-09-04 18:41:55.910 UTC [1] LOG:  database system is ready to accept connections
2025-09-04T18:44:47.1896531Z This user must also own the server process.
2025-09-04T18:44:47.1896867Z 
2025-09-04T18:44:47.1897312Z The database cluster will be initialized with locale "en_US.utf8".
2025-09-04T18:44:47.1898376Z The default database encoding has accordingly been set to "UTF8".
2025-09-04T18:44:47.1899214Z The default text search configuration will be set to "english".
2025-09-04T18:44:47.1899643Z 
2025-09-04T18:44:47.1899876Z Data page checksums are disabled.
2025-09-04T18:44:47.1900140Z 
2025-09-04T18:44:47.1900645Z fixing permissions on existing directory /var/lib/postgresql/data ... ok
2025-09-04T18:44:47.1901404Z creating subdirectories ... ok
2025-09-04T18:44:47.1902039Z selecting dynamic shared memory implementation ... posix
2025-09-04T18:44:47.1902687Z selecting default max_connections ... 100
2025-09-04T18:44:47.1903259Z selecting default shared_buffers ... 128MB
2025-09-04T18:44:47.1903808Z selecting default time zone ... Etc/UTC
2025-09-04T18:44:47.1904317Z creating configuration files ... ok
2025-09-04T18:44:47.1905192Z running bootstrap script ... ok
2025-09-04T18:44:47.1905568Z performing post-bootstrap initialization ... ok
2025-09-04T18:44:47.1906111Z syncing data to disk ... ok
2025-09-04T18:44:47.1906378Z 
2025-09-04T18:44:47.1906389Z 
2025-09-04T18:44:47.1906711Z Success. You can now start the database server using:
2025-09-04T18:44:47.1906927Z 
2025-09-04T18:44:47.1907097Z     pg_ctl -D /var/lib/postgresql/data -l logfile start
2025-09-04T18:44:47.1907303Z 
2025-09-04T18:44:47.1908236Z waiting for server to start....2025-09-04 18:41:55.577 UTC [48] LOG:  starting PostgreSQL 15.14 (Debian 15.14-1.pgdg13+1) on x86_64-pc-linux-gnu, compiled by gcc (Debian 14.2.0-19) 14.2.0, 64-bit
2025-09-04T18:44:47.1909899Z 2025-09-04 18:41:55.577 UTC [48] LOG:  listening on Unix socket "/var/run/postgresql/.s.PGSQL.5432"
2025-09-04T18:44:47.1910931Z 2025-09-04 18:41:55.580 UTC [51] LOG:  database system was shut down at 2025-09-04 18:41:55 UTC
2025-09-04T18:44:47.1911499Z 2025-09-04 18:41:55.584 UTC [48] LOG:  database system is ready to accept connections
2025-09-04T18:44:47.1911855Z  done
2025-09-04T18:44:47.1912023Z server started
2025-09-04T18:44:47.1912215Z CREATE DATABASE
2025-09-04T18:44:47.1912336Z 
2025-09-04T18:44:47.1912342Z 
2025-09-04T18:44:47.1912646Z /usr/local/bin/docker-entrypoint.sh: ignoring /docker-entrypoint-initdb.d/*
2025-09-04T18:44:47.1912958Z 
2025-09-04T18:44:47.1913313Z waiting for server to shut down....2025-09-04 18:41:55.773 UTC [48] LOG:  received fast shutdown request
2025-09-04T18:44:47.1913866Z 2025-09-04 18:41:55.774 UTC [48] LOG:  aborting any active transactions
2025-09-04T18:44:47.1914498Z 2025-09-04 18:41:55.775 UTC [48] LOG:  background worker "logical replication launcher" (PID 54) exited with exit code 1
2025-09-04T18:44:47.1915029Z 2025-09-04 18:41:55.777 UTC [49] LOG:  shutting down
2025-09-04T18:44:47.1915466Z 2025-09-04 18:41:55.778 UTC [49] LOG:  checkpoint starting: shutdown immediate
2025-09-04T18:44:47.1916575Z 2025-09-04 18:41:55.798 UTC [49] LOG:  checkpoint complete: wrote 922 buffers (5.6%); 0 WAL file(s) added, 0 removed, 0 recycled; write=0.018 s, sync=0.002 s, total=0.021 s; sync files=301, longest=0.001 s, average=0.001 s; distance=4239 kB, estimate=4239 kB
2025-09-04T18:44:47.1917679Z 2025-09-04 18:41:55.806 UTC [48] LOG:  database system is shut down
2025-09-04T18:44:47.1918250Z  done
2025-09-04T18:44:47.1918427Z server stopped
2025-09-04T18:44:47.1918543Z 
2025-09-04T18:44:47.1918739Z PostgreSQL init process complete; ready for start up.
2025-09-04T18:44:47.1918956Z 
2025-09-04T18:44:47.1919296Z ##[endgroup]
2025-09-04T18:44:47.1959266Z Post job cleanup.
2025-09-04T18:44:47.4225566Z Post job cleanup.
2025-09-04T18:44:47.5601344Z Cache hit occurred on the primary key Linux-test-289e72880a27b852b1151d1926e44ef53b173160bfa323cc01d9cc2abfa7f59b, not saving cache.
2025-09-04T18:44:47.5689756Z Post job cleanup.
2025-09-04T18:44:47.7220791Z Cache hit occurred on the primary key setup-python-Linux-x64-24.04-Ubuntu-python-3.12.11-pip-8023555f4ca72cf96d0cad24a29bc73d06c92402c95f1af647939c5291000374, not saving cache.
2025-09-04T18:44:47.7313439Z Post job cleanup.
2025-09-04T18:44:47.8090481Z [command]/usr/bin/git version
2025-09-04T18:44:47.8127365Z git version 2.51.0
2025-09-04T18:44:47.8164927Z Temporarily overriding HOME='/home/runner/work/_temp/6adaf022-50a9-4638-8e48-7fc893ae037d' before making global git config changes
2025-09-04T18:44:47.8166017Z Adding repository directory to the temporary git global config as a safe directory
2025-09-04T18:44:47.8170615Z [command]/usr/bin/git config --global --add safe.directory /home/runner/work/AWA-App/AWA-App
2025-09-04T18:44:47.8207676Z [command]/usr/bin/git config --local --name-only --get-regexp core\.sshCommand
2025-09-04T18:44:47.8241352Z [command]/usr/bin/git submodule foreach --recursive sh -c "git config --local --name-only --get-regexp 'core\.sshCommand' && git config --local --unset-all 'core.sshCommand' || :"
2025-09-04T18:44:47.8471723Z [command]/usr/bin/git config --local --name-only --get-regexp http\.https\:\/\/github\.com\/\.extraheader
2025-09-04T18:44:47.8495814Z http.https://github.com/.extraheader
2025-09-04T18:44:47.8506106Z [command]/usr/bin/git config --local --unset-all http.https://github.com/.extraheader
2025-09-04T18:44:47.8539893Z [command]/usr/bin/git submodule foreach --recursive sh -c "git config --local --name-only --get-regexp 'http\.https\:\/\/github\.com\/\.extraheader' && git config --local --unset-all 'http.https://github.com/.extraheader' || :"
2025-09-04T18:44:47.8880610Z Print service container logs: 3b614c68ea354864823211719dc82ee9_postgres15_9ac44c
2025-09-04T18:44:47.8884954Z ##[command]/usr/bin/docker logs --details d2e8ce613e0362e2a84b975c0cf97b06d5229d86dfd794b7bef5ded914702165
2025-09-04T18:44:47.9015833Z  initdb: warning: enabling "trust" authentication for local connections
2025-09-04T18:44:47.9016719Z  The files belonging to this database system will be owned by user "postgres".
2025-09-04T18:44:47.9017524Z  initdb: hint: You can change this by editing pg_hba.conf or using the option -A, or --auth-local and --auth-host, the next time you run initdb.
2025-09-04T18:44:47.9018682Z  2025-09-04 18:41:55.900 UTC [1] LOG:  starting PostgreSQL 15.14 (Debian 15.14-1.pgdg13+1) on x86_64-pc-linux-gnu, compiled by gcc (Debian 14.2.0-19) 14.2.0, 64-bit
2025-09-04T18:44:47.9019312Z  2025-09-04 18:41:55.900 UTC [1] LOG:  listening on IPv4 address "0.0.0.0", port 5432
2025-09-04T18:44:47.9019768Z  2025-09-04 18:41:55.900 UTC [1] LOG:  listening on IPv6 address "::", port 5432
2025-09-04T18:44:47.9020224Z  2025-09-04 18:41:55.902 UTC [1] LOG:  listening on Unix socket "/var/run/postgresql/.s.PGSQL.5432"
2025-09-04T18:44:47.9020711Z  2025-09-04 18:41:55.906 UTC [64] LOG:  database system was shut down at 2025-09-04 18:41:55 UTC
2025-09-04T18:44:47.9021160Z  2025-09-04 18:41:55.910 UTC [1] LOG:  database system is ready to accept connections
2025-09-04T18:44:47.9021529Z  This user must also own the server process.
2025-09-04T18:44:47.9021782Z  
2025-09-04T18:44:47.9022392Z  The database cluster will be initialized with locale "en_US.utf8".
2025-09-04T18:44:47.9022808Z  The default database encoding has accordingly been set to "UTF8".
2025-09-04T18:44:47.9023199Z  The default text search configuration will be set to "english".
2025-09-04T18:44:47.9023501Z  
2025-09-04T18:44:47.9023675Z  Data page checksums are disabled.
2025-09-04T18:44:47.9023899Z  
2025-09-04T18:44:47.9024168Z  fixing permissions on existing directory /var/lib/postgresql/data ... ok
2025-09-04T18:44:47.9024532Z  creating subdirectories ... ok
2025-09-04T18:44:47.9024826Z  selecting dynamic shared memory implementation ... posix
2025-09-04T18:44:47.9025139Z  selecting default max_connections ... 100
2025-09-04T18:44:47.9025406Z  selecting default shared_buffers ... 128MB
2025-09-04T18:44:47.9025797Z  selecting default time zone ... Etc/UTC
2025-09-04T18:44:47.9026202Z  creating configuration files ... ok
2025-09-04T18:44:47.9026599Z  running bootstrap script ... ok
2025-09-04T18:44:47.9027072Z  performing post-bootstrap initialization ... ok
2025-09-04T18:44:47.9027572Z  syncing data to disk ... ok
2025-09-04T18:44:47.9028125Z  
2025-09-04T18:44:47.9028386Z  
2025-09-04T18:44:47.9028748Z  Success. You can now start the database server using:
2025-09-04T18:44:47.9029242Z  
2025-09-04T18:44:47.9029800Z      pg_ctl -D /var/lib/postgresql/data -l logfile start
2025-09-04T18:44:47.9030260Z  
2025-09-04T18:44:47.9031169Z  waiting for server to start....2025-09-04 18:41:55.577 UTC [48] LOG:  starting PostgreSQL 15.14 (Debian 15.14-1.pgdg13+1) on x86_64-pc-linux-gnu, compiled by gcc (Debian 14.2.0-19) 14.2.0, 64-bit
2025-09-04T18:44:47.9032389Z  2025-09-04 18:41:55.577 UTC [48] LOG:  listening on Unix socket "/var/run/postgresql/.s.PGSQL.5432"
2025-09-04T18:44:47.9033219Z  2025-09-04 18:41:55.580 UTC [51] LOG:  database system was shut down at 2025-09-04 18:41:55 UTC
2025-09-04T18:44:47.9033934Z  2025-09-04 18:41:55.584 UTC [48] LOG:  database system is ready to accept connections
2025-09-04T18:44:47.9034461Z   done
2025-09-04T18:44:47.9034726Z  server started
2025-09-04T18:44:47.9035003Z  CREATE DATABASE
2025-09-04T18:44:47.9035285Z  
2025-09-04T18:44:47.9035531Z  
2025-09-04T18:44:47.9036034Z  /usr/local/bin/docker-entrypoint.sh: ignoring /docker-entrypoint-initdb.d/*
2025-09-04T18:44:47.9036659Z  
2025-09-04T18:44:47.9037193Z  waiting for server to shut down....2025-09-04 18:41:55.773 UTC [48] LOG:  received fast shutdown request
2025-09-04T18:44:47.9038214Z  2025-09-04 18:41:55.774 UTC [48] LOG:  aborting any active transactions
2025-09-04T18:44:47.9038769Z  2025-09-04 18:41:55.775 UTC [48] LOG:  background worker "logical replication launcher" (PID 54) exited with exit code 1
2025-09-04T18:44:47.9039233Z  2025-09-04 18:41:55.777 UTC [49] LOG:  shutting down
2025-09-04T18:44:47.9039585Z  2025-09-04 18:41:55.778 UTC [49] LOG:  checkpoint starting: shutdown immediate
2025-09-04T18:44:47.9040389Z  2025-09-04 18:41:55.798 UTC [49] LOG:  checkpoint complete: wrote 922 buffers (5.6%); 0 WAL file(s) added, 0 removed, 0 recycled; write=0.018 s, sync=0.002 s, total=0.021 s; sync files=301, longest=0.001 s, average=0.001 s; distance=4239 kB, estimate=4239 kB
2025-09-04T18:44:47.9041187Z  2025-09-04 18:41:55.806 UTC [48] LOG:  database system is shut down
2025-09-04T18:44:47.9041470Z   done
2025-09-04T18:44:47.9041633Z  server stopped
2025-09-04T18:44:47.9041809Z  
2025-09-04T18:44:47.9042024Z  PostgreSQL init process complete; ready for start up.
2025-09-04T18:44:47.9042292Z  
2025-09-04T18:44:47.9048272Z Stop and remove container: 3b614c68ea354864823211719dc82ee9_postgres15_9ac44c
2025-09-04T18:44:47.9053173Z ##[command]/usr/bin/docker rm --force d2e8ce613e0362e2a84b975c0cf97b06d5229d86dfd794b7bef5ded914702165
2025-09-04T18:44:48.0449175Z d2e8ce613e0362e2a84b975c0cf97b06d5229d86dfd794b7bef5ded914702165
2025-09-04T18:44:48.0470415Z Print service container logs: d064fdf384334c54aeb5e22329f7d783_redis7alpine_79016e
2025-09-04T18:44:48.0471480Z ##[command]/usr/bin/docker logs --details 0a0ace6d07faf9798f2e00b5e720f83c2d5a2db625ede6d536b9198153fdb319
2025-09-04T18:44:48.0599202Z  1:C 04 Sep 2025 18:41:56.625 # WARNING Memory overcommit must be enabled! Without it, a background save or replication may fail under low memory condition. Being disabled, it can also cause failures without low memory condition, see https://github.com/jemalloc/jemalloc/issues/1328. To fix this issue add 'vm.overcommit_memory = 1' to /etc/sysctl.conf and then reboot or run the command 'sysctl vm.overcommit_memory=1' for this to take effect.
2025-09-04T18:44:48.0601900Z  1:C 04 Sep 2025 18:41:56.625 * oO0OoO0OoO0Oo Redis is starting oO0OoO0OoO0Oo
2025-09-04T18:44:48.0602708Z  1:C 04 Sep 2025 18:41:56.625 * Redis version=7.4.5, bits=64, commit=00000000, modified=0, pid=1, just started
2025-09-04T18:44:48.0603879Z  1:C 04 Sep 2025 18:41:56.625 # Warning: no config file specified, using the default config. In order to specify a config file use redis-server /path/to/redis.conf
2025-09-04T18:44:48.0604898Z  1:M 04 Sep 2025 18:41:56.625 * monotonic clock: POSIX clock_gettime
2025-09-04T18:44:48.0605520Z  1:M 04 Sep 2025 18:41:56.626 * Running mode=standalone, port=6379.
2025-09-04T18:44:48.0606068Z  1:M 04 Sep 2025 18:41:56.626 * Server initialized
2025-09-04T18:44:48.0606581Z  1:M 04 Sep 2025 18:41:56.626 * Ready to accept connections tcp
2025-09-04T18:44:48.0615770Z Stop and remove container: d064fdf384334c54aeb5e22329f7d783_redis7alpine_79016e
2025-09-04T18:44:48.0616596Z ##[command]/usr/bin/docker rm --force 0a0ace6d07faf9798f2e00b5e720f83c2d5a2db625ede6d536b9198153fdb319
2025-09-04T18:44:48.1961982Z 0a0ace6d07faf9798f2e00b5e720f83c2d5a2db625ede6d536b9198153fdb319
2025-09-04T18:44:48.1991091Z Remove container network: github_network_0dd8624030b94022b5d00820e5eeefa1
2025-09-04T18:44:48.1995700Z ##[command]/usr/bin/docker network rm github_network_0dd8624030b94022b5d00820e5eeefa1
2025-09-04T18:44:48.3186323Z github_network_0dd8624030b94022b5d00820e5eeefa1
2025-09-04T18:44:48.3245626Z Cleaning up orphan processes
