2025-08-16T23:19:52.1215144Z Current runner version: '2.327.1'
2025-08-16T23:19:52.1249850Z ##[group]Runner Image Provisioner
2025-08-16T23:19:52.1251032Z Hosted Compute Agent
2025-08-16T23:19:52.1251573Z Version: 20250812.370
2025-08-16T23:19:52.1252191Z Commit: 4a2b2bf7520004e3e907c2150c8cabe342a3da32
2025-08-16T23:19:52.1252929Z Build Date: 2025-08-12T16:08:14Z
2025-08-16T23:19:52.1253500Z ##[endgroup]
2025-08-16T23:19:52.1254056Z ##[group]Operating System
2025-08-16T23:19:52.1254561Z Ubuntu
2025-08-16T23:19:52.1255112Z 24.04.2
2025-08-16T23:19:52.1255538Z LTS
2025-08-16T23:19:52.1255990Z ##[endgroup]
2025-08-16T23:19:52.1256526Z ##[group]Runner Image
2025-08-16T23:19:52.1257113Z Image: ubuntu-24.04
2025-08-16T23:19:52.1257611Z Version: 20250810.1.0
2025-08-16T23:19:52.1258642Z Included Software: https://github.com/actions/runner-images/blob/ubuntu24/20250810.1/images/ubuntu/Ubuntu2404-Readme.md
2025-08-16T23:19:52.1260432Z Image Release: https://github.com/actions/runner-images/releases/tag/ubuntu24%2F20250810.1
2025-08-16T23:19:52.1261570Z ##[endgroup]
2025-08-16T23:19:52.1264117Z ##[group]GITHUB_TOKEN Permissions
2025-08-16T23:19:52.1266459Z Actions: write
2025-08-16T23:19:52.1266973Z Attestations: write
2025-08-16T23:19:52.1267495Z Checks: write
2025-08-16T23:19:52.1268057Z Contents: write
2025-08-16T23:19:52.1268533Z Deployments: write
2025-08-16T23:19:52.1269096Z Discussions: write
2025-08-16T23:19:52.1269612Z Issues: write
2025-08-16T23:19:52.1270156Z Metadata: read
2025-08-16T23:19:52.1270921Z Models: read
2025-08-16T23:19:52.1271472Z Packages: write
2025-08-16T23:19:52.1271964Z Pages: write
2025-08-16T23:19:52.1272464Z PullRequests: write
2025-08-16T23:19:52.1272993Z RepositoryProjects: write
2025-08-16T23:19:52.1273650Z SecurityEvents: write
2025-08-16T23:19:52.1274281Z Statuses: write
2025-08-16T23:19:52.1274734Z ##[endgroup]
2025-08-16T23:19:52.1277313Z Secret source: Actions
2025-08-16T23:19:52.1278286Z Prepare workflow directory
2025-08-16T23:19:52.1718721Z Prepare all required actions
2025-08-16T23:19:52.1775406Z Getting action download info
2025-08-16T23:19:52.4440486Z Download action repository 'actions/checkout@v4' (SHA:08eba0b27e820071cde6df949e0beb9ba4906955)
2025-08-16T23:19:52.8887616Z Complete job name: health-checks
2025-08-16T23:19:52.9507973Z ##[group]Run actions/checkout@v4
2025-08-16T23:19:52.9508809Z with:
2025-08-16T23:19:52.9509179Z   fetch-depth: 0
2025-08-16T23:19:52.9509609Z   repository: AlexBomber12/AWA-App
2025-08-16T23:19:52.9510420Z   token: ***
2025-08-16T23:19:52.9510806Z   ssh-strict: true
2025-08-16T23:19:52.9511196Z   ssh-user: git
2025-08-16T23:19:52.9511590Z   persist-credentials: true
2025-08-16T23:19:52.9512039Z   clean: true
2025-08-16T23:19:52.9512437Z   sparse-checkout-cone-mode: true
2025-08-16T23:19:52.9512910Z   fetch-tags: false
2025-08-16T23:19:52.9513297Z   show-progress: true
2025-08-16T23:19:52.9513696Z   lfs: false
2025-08-16T23:19:52.9514065Z   submodules: false
2025-08-16T23:19:52.9514472Z   set-safe-directory: true
2025-08-16T23:19:52.9515369Z ##[endgroup]
2025-08-16T23:19:53.0593297Z Syncing repository: AlexBomber12/AWA-App
2025-08-16T23:19:53.0595065Z ##[group]Getting Git version info
2025-08-16T23:19:53.0595731Z Working directory is '/home/runner/work/AWA-App/AWA-App'
2025-08-16T23:19:53.0596706Z [command]/usr/bin/git version
2025-08-16T23:19:53.0636402Z git version 2.50.1
2025-08-16T23:19:53.0662748Z ##[endgroup]
2025-08-16T23:19:53.0676957Z Temporarily overriding HOME='/home/runner/work/_temp/40538d9b-3679-402a-a642-022b963562ea' before making global git config changes
2025-08-16T23:19:53.0678287Z Adding repository directory to the temporary git global config as a safe directory
2025-08-16T23:19:53.0682332Z [command]/usr/bin/git config --global --add safe.directory /home/runner/work/AWA-App/AWA-App
2025-08-16T23:19:53.0716495Z Deleting the contents of '/home/runner/work/AWA-App/AWA-App'
2025-08-16T23:19:53.0720075Z ##[group]Initializing the repository
2025-08-16T23:19:53.0724223Z [command]/usr/bin/git init /home/runner/work/AWA-App/AWA-App
2025-08-16T23:19:53.0797956Z hint: Using 'master' as the name for the initial branch. This default branch name
2025-08-16T23:19:53.0799827Z hint: is subject to change. To configure the initial branch name to use in all
2025-08-16T23:19:53.0801593Z hint: of your new repositories, which will suppress this warning, call:
2025-08-16T23:19:53.0802312Z hint:
2025-08-16T23:19:53.0802788Z hint: 	git config --global init.defaultBranch <name>
2025-08-16T23:19:53.0803445Z hint:
2025-08-16T23:19:53.0803973Z hint: Names commonly chosen instead of 'master' are 'main', 'trunk' and
2025-08-16T23:19:53.0804883Z hint: 'development'. The just-created branch can be renamed via this command:
2025-08-16T23:19:53.0805658Z hint:
2025-08-16T23:19:53.0806241Z hint: 	git branch -m <name>
2025-08-16T23:19:53.0806819Z hint:
2025-08-16T23:19:53.0807399Z hint: Disable this message with "git config set advice.defaultBranchName false"
2025-08-16T23:19:53.0808341Z Initialized empty Git repository in /home/runner/work/AWA-App/AWA-App/.git/
2025-08-16T23:19:53.0811995Z [command]/usr/bin/git remote add origin https://github.com/AlexBomber12/AWA-App
2025-08-16T23:19:53.0843214Z ##[endgroup]
2025-08-16T23:19:53.0843929Z ##[group]Disabling automatic garbage collection
2025-08-16T23:19:53.0847311Z [command]/usr/bin/git config --local gc.auto 0
2025-08-16T23:19:53.0878297Z ##[endgroup]
2025-08-16T23:19:53.0879433Z ##[group]Setting up auth
2025-08-16T23:19:53.0886085Z [command]/usr/bin/git config --local --name-only --get-regexp core\.sshCommand
2025-08-16T23:19:53.0918303Z [command]/usr/bin/git submodule foreach --recursive sh -c "git config --local --name-only --get-regexp 'core\.sshCommand' && git config --local --unset-all 'core.sshCommand' || :"
2025-08-16T23:19:53.1176795Z [command]/usr/bin/git config --local --name-only --get-regexp http\.https\:\/\/github\.com\/\.extraheader
2025-08-16T23:19:53.1210502Z [command]/usr/bin/git submodule foreach --recursive sh -c "git config --local --name-only --get-regexp 'http\.https\:\/\/github\.com\/\.extraheader' && git config --local --unset-all 'http.https://github.com/.extraheader' || :"
2025-08-16T23:19:53.1454317Z [command]/usr/bin/git config --local http.https://github.com/.extraheader AUTHORIZATION: basic ***
2025-08-16T23:19:53.1501800Z ##[endgroup]
2025-08-16T23:19:53.1503146Z ##[group]Fetching the repository
2025-08-16T23:19:53.1512502Z [command]/usr/bin/git -c protocol.version=2 fetch --prune --no-recurse-submodules origin +refs/heads/*:refs/remotes/origin/* +refs/tags/*:refs/tags/* +0af1ad3ec9573e8749b4126fb8f9246b3493f245:refs/remotes/pull/215/merge
2025-08-16T23:19:53.8988685Z From https://github.com/AlexBomber12/AWA-App
2025-08-16T23:19:53.8991206Z  * [new branch]      codex/check-ci-logs-for-errors-and-fix-them -> origin/codex/check-ci-logs-for-errors-and-fix-them
2025-08-16T23:19:53.8993029Z  * [new branch]      codex/check-logs-for-errors-and-fix-issues -> origin/codex/check-logs-for-errors-and-fix-issues
2025-08-16T23:19:53.8994343Z  * [new branch]      codex/fix-ci-workflows-based-on-logs     -> origin/codex/fix-ci-workflows-based-on-logs
2025-08-16T23:19:53.8995635Z  * [new branch]      codex/fix-ci-workflows-until-all-pass    -> origin/codex/fix-ci-workflows-until-all-pass
2025-08-16T23:19:53.8999686Z  * [new branch]      codex/implement-targeted-ci-fixes-until-green -> origin/codex/implement-targeted-ci-fixes-until-green
2025-08-16T23:19:53.9002992Z  * [new branch]      codex/implement-targeted-ci-fixes-until-green-g91k8p -> origin/codex/implement-targeted-ci-fixes-until-green-g91k8p
2025-08-16T23:19:53.9006187Z  * [new branch]      codex/replace-github-cli-with-python-rest-calls -> origin/codex/replace-github-cli-with-python-rest-calls
2025-08-16T23:19:53.9008552Z  * [new branch]      gh-pages                                 -> origin/gh-pages
2025-08-16T23:19:53.9009959Z  * [new branch]      main                                     -> origin/main
2025-08-16T23:19:53.9011045Z  * [new tag]         0.3.0                                    -> 0.3.0
2025-08-16T23:19:53.9011867Z  * [new ref]         0af1ad3ec9573e8749b4126fb8f9246b3493f245 -> pull/215/merge
2025-08-16T23:19:53.9044286Z ##[endgroup]
2025-08-16T23:19:53.9045843Z ##[group]Determining the checkout info
2025-08-16T23:19:53.9047396Z ##[endgroup]
2025-08-16T23:19:53.9051357Z [command]/usr/bin/git sparse-checkout disable
2025-08-16T23:19:53.9094013Z [command]/usr/bin/git config --local --unset-all extensions.worktreeConfig
2025-08-16T23:19:53.9125211Z ##[group]Checking out the ref
2025-08-16T23:19:53.9129271Z [command]/usr/bin/git checkout --progress --force refs/remotes/pull/215/merge
2025-08-16T23:19:53.9627412Z Note: switching to 'refs/remotes/pull/215/merge'.
2025-08-16T23:19:53.9628191Z 
2025-08-16T23:19:53.9628712Z You are in 'detached HEAD' state. You can look around, make experimental
2025-08-16T23:19:53.9629854Z changes and commit them, and you can discard any commits you make in this
2025-08-16T23:19:53.9631653Z state without impacting any branches by switching back to a branch.
2025-08-16T23:19:53.9632404Z 
2025-08-16T23:19:53.9632886Z If you want to create a new branch to retain commits you create, you may
2025-08-16T23:19:53.9634006Z do so (now or later) by using -c with the switch command. Example:
2025-08-16T23:19:53.9634593Z 
2025-08-16T23:19:53.9634919Z   git switch -c <new-branch-name>
2025-08-16T23:19:53.9635390Z 
2025-08-16T23:19:53.9635721Z Or undo this operation with:
2025-08-16T23:19:53.9636180Z 
2025-08-16T23:19:53.9636445Z   git switch -
2025-08-16T23:19:53.9636838Z 
2025-08-16T23:19:53.9637459Z Turn off this advice by setting config variable advice.detachedHead to false
2025-08-16T23:19:53.9638741Z 
2025-08-16T23:19:53.9639662Z HEAD is now at 0af1ad3 Merge 362ec6cd16aca539d4402500a3717e4e1c13e1e8 into 876bcd313baad1352da4c0eeb899bc1a61f89263
2025-08-16T23:19:53.9643058Z ##[endgroup]
2025-08-16T23:19:53.9677461Z [command]/usr/bin/git log -1 --format=%H
2025-08-16T23:19:53.9699661Z 0af1ad3ec9573e8749b4126fb8f9246b3493f245
2025-08-16T23:19:53.9908292Z ##[group]Run if [ ! -f .env ]; then cp .env.postgres .env; fi
2025-08-16T23:19:53.9910012Z [36;1mif [ ! -f .env ]; then cp .env.postgres .env; fi[0m
2025-08-16T23:19:53.9978895Z shell: /usr/bin/bash -e {0}
2025-08-16T23:19:53.9980088Z ##[endgroup]
2025-08-16T23:19:54.0135670Z ##[group]Run export COMPOSE_DOCKER_CLI_BUILD=1
2025-08-16T23:19:54.0136973Z [36;1mexport COMPOSE_DOCKER_CLI_BUILD=1[0m
2025-08-16T23:19:54.0138139Z [36;1mexport DOCKER_BUILDKIT=1[0m
2025-08-16T23:19:54.0139798Z [36;1mdocker compose build --build-arg TZ_CACHE_BUST=0af1ad3ec9573e8749b4126fb8f9246b3493f245[0m
2025-08-16T23:19:54.0178769Z shell: /usr/bin/bash -e {0}
2025-08-16T23:19:54.0179743Z ##[endgroup]
2025-08-16T23:19:58.7941192Z #1 [internal] load local bake definitions
2025-08-16T23:19:58.9444702Z #1 reading from stdin 2.87kB done
2025-08-16T23:19:58.9445122Z #1 DONE 0.0s
2025-08-16T23:19:59.1032249Z 
2025-08-16T23:19:59.1033022Z #2 [postgres internal] load build definition from Dockerfile
2025-08-16T23:19:59.1033814Z #2 transferring dockerfile: 807B done
2025-08-16T23:19:59.1034351Z #2 DONE 0.0s
2025-08-16T23:19:59.1034543Z 
2025-08-16T23:19:59.1034892Z #3 [repricer internal] load build definition from Dockerfile
2025-08-16T23:19:59.1035353Z #3 transferring dockerfile: 1.04kB done
2025-08-16T23:19:59.1035690Z #3 DONE 0.0s
2025-08-16T23:19:59.1035875Z 
2025-08-16T23:19:59.1036078Z #4 [web internal] load build definition from Dockerfile
2025-08-16T23:19:59.1036582Z #4 transferring dockerfile: 293B done
2025-08-16T23:19:59.1036976Z #4 DONE 0.0s
2025-08-16T23:19:59.1037150Z 
2025-08-16T23:19:59.1037420Z #5 [logistics_etl internal] load build definition from Dockerfile
2025-08-16T23:19:59.1037997Z #5 transferring dockerfile: 578B done
2025-08-16T23:19:59.1038418Z #5 DONE 0.0s
2025-08-16T23:19:59.1038600Z 
2025-08-16T23:19:59.1038807Z #6 [etl internal] load build definition from Dockerfile
2025-08-16T23:19:59.1039296Z #6 transferring dockerfile: 1.15kB done
2025-08-16T23:19:59.1039708Z #6 DONE 0.0s
2025-08-16T23:19:59.1039817Z 
2025-08-16T23:19:59.1039958Z #7 [fees_h10 internal] load build definition from Dockerfile
2025-08-16T23:19:59.1040527Z #7 transferring dockerfile: 627B done
2025-08-16T23:19:59.1041096Z #7 DONE 0.0s
2025-08-16T23:19:59.1041208Z 
2025-08-16T23:19:59.1041356Z #8 [api internal] load build definition from Dockerfile
2025-08-16T23:19:59.1041711Z #8 transferring dockerfile: 1.44kB done
2025-08-16T23:19:59.1041957Z #8 DONE 0.0s
2025-08-16T23:19:59.1042054Z 
2025-08-16T23:19:59.1042204Z #9 [auth] docker/dockerfile:pull token for registry-1.docker.io
2025-08-16T23:19:59.2537781Z #9 DONE 0.0s
2025-08-16T23:19:59.2538082Z 
2025-08-16T23:19:59.2538297Z #10 [auth] library/nginx:pull token for registry-1.docker.io
2025-08-16T23:19:59.2538688Z #10 DONE 0.0s
2025-08-16T23:19:59.2538858Z 
2025-08-16T23:19:59.2539059Z #11 [auth] library/postgres:pull token for registry-1.docker.io
2025-08-16T23:19:59.2539423Z #11 DONE 0.0s
2025-08-16T23:19:59.2539613Z 
2025-08-16T23:19:59.2539777Z #12 [auth] library/node:pull token for registry-1.docker.io
2025-08-16T23:19:59.2540115Z #12 DONE 0.0s
2025-08-16T23:19:59.2540534Z 
2025-08-16T23:19:59.2541070Z #13 [api] resolve image config for docker-image://docker.io/docker/dockerfile:1.6
2025-08-16T23:19:59.6402345Z #13 DONE 0.5s
2025-08-16T23:19:59.6402755Z 
2025-08-16T23:19:59.6403052Z #14 [web internal] load metadata for docker.io/library/node:20-alpine
2025-08-16T23:19:59.6403612Z #14 DONE 0.5s
2025-08-16T23:19:59.6403771Z 
2025-08-16T23:19:59.6404008Z #15 [web internal] load metadata for docker.io/library/nginx:1.25-alpine
2025-08-16T23:19:59.6404403Z #15 DONE 0.5s
2025-08-16T23:19:59.6404503Z 
2025-08-16T23:19:59.6404595Z #16 [web internal] load .dockerignore
2025-08-16T23:19:59.6404833Z #16 transferring context: 2B done
2025-08-16T23:19:59.6405064Z #16 DONE 0.0s
2025-08-16T23:19:59.6405157Z 
2025-08-16T23:19:59.6405332Z #17 [postgres internal] load metadata for docker.io/library/postgres:16
2025-08-16T23:19:59.6405653Z #17 DONE 0.5s
2025-08-16T23:19:59.6405746Z 
2025-08-16T23:19:59.6405856Z #18 [postgres internal] load .dockerignore
2025-08-16T23:19:59.6406112Z #18 transferring context: 265B done
2025-08-16T23:19:59.6406353Z #18 DONE 0.0s
2025-08-16T23:19:59.6406444Z 
2025-08-16T23:19:59.6406525Z #19 [web internal] load build context
2025-08-16T23:19:59.6407054Z #19 transferring context: 267.06kB 0.0s done
2025-08-16T23:19:59.6407285Z #19 DONE 0.0s
2025-08-16T23:19:59.6407377Z 
2025-08-16T23:19:59.6407473Z #20 [postgres internal] load build context
2025-08-16T23:19:59.6407718Z #20 transferring context: 582B done
2025-08-16T23:19:59.6407929Z #20 DONE 0.0s
2025-08-16T23:19:59.6408021Z 
2025-08-16T23:19:59.6408475Z #21 [api] docker-image://docker.io/docker/dockerfile:1.6@sha256:ac85f380a63b13dfcefa89046420e1781752bab202122f8f50032edf31be0021
2025-08-16T23:19:59.6409260Z #21 resolve docker.io/docker/dockerfile:1.6@sha256:ac85f380a63b13dfcefa89046420e1781752bab202122f8f50032edf31be0021 done
2025-08-16T23:19:59.6409915Z #21 sha256:a17ee7fff8f5e97b974f5b48f51647d2cf28d543f2aa6c11aaa0ea431b44bb89 1.27kB / 1.27kB done
2025-08-16T23:19:59.6410772Z #21 sha256:9d9c93f4b00be908ab694a4df732570bced3b8a96b7515d70ff93402179ad232 3.15MB / 11.80MB 0.1s
2025-08-16T23:19:59.6411465Z #21 sha256:ac85f380a63b13dfcefa89046420e1781752bab202122f8f50032edf31be0021 8.40kB / 8.40kB done
2025-08-16T23:19:59.6412012Z #21 sha256:657fcc512c7369f4cb3d94ea329150f8daf626bc838b1a1e81f1834c73ecc77e 482B / 482B done
2025-08-16T23:19:59.7406455Z #21 sha256:a17ee7fff8f5e97b974f5b48f51647d2cf28d543f2aa6c11aaa0ea431b44bb89 1.27kB / 1.27kB done
2025-08-16T23:19:59.7407636Z #21 sha256:9d9c93f4b00be908ab694a4df732570bced3b8a96b7515d70ff93402179ad232 11.80MB / 11.80MB 0.2s done
2025-08-16T23:19:59.7408988Z #21 sha256:ac85f380a63b13dfcefa89046420e1781752bab202122f8f50032edf31be0021 8.40kB / 8.40kB done
2025-08-16T23:19:59.7410018Z #21 sha256:657fcc512c7369f4cb3d94ea329150f8daf626bc838b1a1e81f1834c73ecc77e 482B / 482B done
2025-08-16T23:19:59.7411166Z #21 extracting sha256:9d9c93f4b00be908ab694a4df732570bced3b8a96b7515d70ff93402179ad232
2025-08-16T23:19:59.8460028Z #21 sha256:9d9c93f4b00be908ab694a4df732570bced3b8a96b7515d70ff93402179ad232 11.80MB / 11.80MB 0.2s done
2025-08-16T23:19:59.8462199Z #21 extracting sha256:9d9c93f4b00be908ab694a4df732570bced3b8a96b7515d70ff93402179ad232 0.1s done
2025-08-16T23:19:59.9714629Z #21 DONE 0.3s
2025-08-16T23:19:59.9714876Z 
2025-08-16T23:19:59.9715523Z #22 [web build 1/6] FROM docker.io/library/node:20-alpine@sha256:df02558528d3d3d0d621f112e232611aecfee7cbc654f6b375765f72bb262799
2025-08-16T23:19:59.9716930Z #22 resolve docker.io/library/node:20-alpine@sha256:df02558528d3d3d0d621f112e232611aecfee7cbc654f6b375765f72bb262799 done
2025-08-16T23:19:59.9718149Z #22 sha256:ae6ee91a652d927de01d550c29f863a52f1da390c89df95f3ceba256d1e62604 1.72kB / 1.72kB done
2025-08-16T23:19:59.9719306Z #22 sha256:7cdef5a331927fafa250be6166052d8599bf5eb7b014342538c2cc79b70a081f 6.42kB / 6.42kB done
2025-08-16T23:19:59.9720586Z #22 sha256:9824c27679d3b27c5e1cb00a73adb6f4f8d556994111c12db3c5d61a0c843df8 3.80MB / 3.80MB 0.1s done
2025-08-16T23:19:59.9721749Z #22 sha256:8c59d92d6fc9f01af4aaa86824be72b74bd4d940c4c46aa95d9710bfa46c975e 19.04MB / 42.99MB 0.4s
2025-08-16T23:19:59.9722891Z #22 sha256:df02558528d3d3d0d621f112e232611aecfee7cbc654f6b375765f72bb262799 7.67kB / 7.67kB done
2025-08-16T23:19:59.9723971Z #22 extracting sha256:9824c27679d3b27c5e1cb00a73adb6f4f8d556994111c12db3c5d61a0c843df8 0.1s done
2025-08-16T23:19:59.9725070Z #22 sha256:54225bd601967a0aa669ec9be621c24d8eeac874b698d55874018070898685c2 1.26MB / 1.26MB 0.2s done
2025-08-16T23:19:59.9726149Z #22 sha256:a9e48ad1219d4d11c6456a8db0fd5c11af46242d52edf84e17ab84a7bfd93809 0B / 445B 0.2s
2025-08-16T23:20:00.0715700Z #22 ...
2025-08-16T23:20:00.0715937Z 
2025-08-16T23:20:00.0716519Z #23 [auth] library/python:pull token for registry-1.docker.io
2025-08-16T23:20:00.0717046Z #23 DONE 0.0s
2025-08-16T23:20:00.0717232Z 
2025-08-16T23:20:00.0717863Z #22 [web build 1/6] FROM docker.io/library/node:20-alpine@sha256:df02558528d3d3d0d621f112e232611aecfee7cbc654f6b375765f72bb262799
2025-08-16T23:20:00.0719158Z #22 sha256:8c59d92d6fc9f01af4aaa86824be72b74bd4d940c4c46aa95d9710bfa46c975e 31.03MB / 42.99MB 0.5s
2025-08-16T23:20:00.1715768Z #22 sha256:8c59d92d6fc9f01af4aaa86824be72b74bd4d940c4c46aa95d9710bfa46c975e 42.99MB / 42.99MB 0.6s done
2025-08-16T23:20:00.2717645Z #22 extracting sha256:8c59d92d6fc9f01af4aaa86824be72b74bd4d940c4c46aa95d9710bfa46c975e
2025-08-16T23:20:00.4735051Z #22 ...
2025-08-16T23:20:00.4736861Z 
2025-08-16T23:20:00.4737605Z #24 [etl internal] load metadata for docker.io/library/python:3.12-slim
2025-08-16T23:20:00.4739415Z #24 DONE 0.4s
2025-08-16T23:20:00.4739591Z 
2025-08-16T23:20:00.4739765Z #25 [logistics_etl internal] load .dockerignore
2025-08-16T23:20:00.4740372Z #25 transferring context: 2B done
2025-08-16T23:20:00.4740733Z #25 DONE 0.0s
2025-08-16T23:20:00.4740902Z 
2025-08-16T23:20:00.4741056Z #26 [etl internal] load .dockerignore
2025-08-16T23:20:00.4741479Z #26 transferring context: 265B 0.0s done
2025-08-16T23:20:00.4741867Z #26 DONE 0.0s
2025-08-16T23:20:00.4742038Z 
2025-08-16T23:20:00.4742184Z #27 [fees_h10 internal] load .dockerignore
2025-08-16T23:20:00.4742606Z #27 transferring context: 2B done
2025-08-16T23:20:00.4743005Z #27 DONE 0.0s
2025-08-16T23:20:00.4743163Z 
2025-08-16T23:20:00.4743788Z #22 [web build 1/6] FROM docker.io/library/node:20-alpine@sha256:df02558528d3d3d0d621f112e232611aecfee7cbc654f6b375765f72bb262799
2025-08-16T23:20:00.5785647Z #22 ...
2025-08-16T23:20:00.5790025Z 
2025-08-16T23:20:00.5790677Z #28 [repricer internal] load .dockerignore
2025-08-16T23:20:00.5791210Z #28 transferring context: 265B 0.0s done
2025-08-16T23:20:00.5797988Z #28 DONE 0.0s
2025-08-16T23:20:00.5799883Z 
2025-08-16T23:20:00.5800571Z #29 [api internal] load .dockerignore
2025-08-16T23:20:00.5801690Z #29 transferring context: 265B done
2025-08-16T23:20:00.5802657Z #29 DONE 0.0s
2025-08-16T23:20:00.5803205Z 
2025-08-16T23:20:00.5804068Z #22 [web build 1/6] FROM docker.io/library/node:20-alpine@sha256:df02558528d3d3d0d621f112e232611aecfee7cbc654f6b375765f72bb262799
2025-08-16T23:20:01.6497317Z #22 ...
2025-08-16T23:20:01.6497549Z 
2025-08-16T23:20:01.6497697Z #30 [fees_h10 internal] load build context
2025-08-16T23:20:01.6498425Z #30 DONE 0.0s
2025-08-16T23:20:01.6498600Z 
2025-08-16T23:20:01.6498775Z #31 [logistics_etl internal] load build context
2025-08-16T23:20:01.6499167Z #31 DONE 0.0s
2025-08-16T23:20:01.6499314Z 
2025-08-16T23:20:01.6499862Z #22 [web build 1/6] FROM docker.io/library/node:20-alpine@sha256:df02558528d3d3d0d621f112e232611aecfee7cbc654f6b375765f72bb262799
2025-08-16T23:20:01.7580660Z #22 ...
2025-08-16T23:20:01.7580909Z 
2025-08-16T23:20:01.7581097Z #30 [fees_h10 internal] load build context
2025-08-16T23:20:01.7581584Z #30 transferring context: 4.52kB 0.0s done
2025-08-16T23:20:01.7582001Z #30 DONE 0.1s
2025-08-16T23:20:01.7582175Z 
2025-08-16T23:20:01.7582318Z #32 [etl internal] load build context
2025-08-16T23:20:01.7582724Z #32 transferring context: 11.44kB 0.0s done
2025-08-16T23:20:01.7583134Z #32 DONE 0.1s
2025-08-16T23:20:01.7583312Z 
2025-08-16T23:20:01.7583487Z #31 [logistics_etl internal] load build context
2025-08-16T23:20:01.7583985Z #31 transferring context: 11.24kB 0.0s done
2025-08-16T23:20:01.7584406Z #31 DONE 0.1s
2025-08-16T23:20:01.7584577Z 
2025-08-16T23:20:01.7584760Z #33 [repricer internal] load build context
2025-08-16T23:20:01.7585197Z #33 transferring context: 5.43kB 0.0s done
2025-08-16T23:20:01.7585582Z #33 DONE 0.1s
2025-08-16T23:20:01.7585740Z 
2025-08-16T23:20:01.7585877Z #34 [api internal] load build context
2025-08-16T23:20:01.7586286Z #34 transferring context: 79.45kB 0.0s done
2025-08-16T23:20:01.7586687Z #34 DONE 0.1s
2025-08-16T23:20:01.7586862Z 
2025-08-16T23:20:01.7587480Z #22 [web build 1/6] FROM docker.io/library/node:20-alpine@sha256:df02558528d3d3d0d621f112e232611aecfee7cbc654f6b375765f72bb262799
2025-08-16T23:20:02.4914563Z #22 ...
2025-08-16T23:20:02.4914777Z 
2025-08-16T23:20:02.4915466Z #35 [web stage-1 1/2] FROM docker.io/library/nginx:1.25-alpine@sha256:516475cc129da42866742567714ddc681e5eed7b9ee0b9e9c015e464b4221a00
2025-08-16T23:20:02.4916935Z #35 resolve docker.io/library/nginx:1.25-alpine@sha256:516475cc129da42866742567714ddc681e5eed7b9ee0b9e9c015e464b4221a00 done
2025-08-16T23:20:02.4918415Z #35 sha256:516475cc129da42866742567714ddc681e5eed7b9ee0b9e9c015e464b4221a00 9.07kB / 9.07kB done
2025-08-16T23:20:02.4919459Z #35 sha256:721fa00bc549df26b3e67cc558ff176112d4ba69847537766f3c28e171d180e7 2.50kB / 2.50kB done
2025-08-16T23:20:02.4920484Z #35 sha256:501d84f5d06487ff81e506134dc922ed4fd2080d5521eb5b6ee4054fa17d15c4 10.80kB / 10.80kB done
2025-08-16T23:20:02.4921636Z #35 sha256:4abcf20661432fb2d719aaf90656f55c287f8ca915dc1c92ec14ff61e67fbaf8 3.41MB / 3.41MB 0.3s done
2025-08-16T23:20:02.4922966Z #35 sha256:fc21a1d387f514f53589abea6d67cd6b329dfd3c9059bc96a552af3b3c97b413 3.99MB / 3.99MB 0.4s done
2025-08-16T23:20:02.4923789Z #35 extracting sha256:4abcf20661432fb2d719aaf90656f55c287f8ca915dc1c92ec14ff61e67fbaf8 0.2s done
2025-08-16T23:20:02.4924598Z #35 sha256:e6ef242c157026935bf8a69e6cf19f8f6635e44507c813daf0cc644f2e22396b 629B / 629B 0.4s done
2025-08-16T23:20:02.4925782Z #35 sha256:13fcfbc94648785b918ecc1af675ac5187cdfc30f4fdaf9afa8bd2e9dedf548b 954B / 954B 0.4s done
2025-08-16T23:20:02.4926716Z #35 sha256:5406ed7b06d9a94b5bd15843d2a1c7e38796a3ec5dc7f40f16f70cc1d045f453 1.21kB / 1.21kB 0.5s done
2025-08-16T23:20:02.4928163Z #35 sha256:d4bca490e609acaaf54ca73363442d31a31fd136a47a20a12370cf2025f0a10b 393B / 393B 0.5s done
2025-08-16T23:20:02.4929317Z #35 sha256:8a3742a9529dc5c00974dfcf5e465be9f1606ff8a1911527b3928cf86ad57465 1.40kB / 1.40kB 0.5s done
2025-08-16T23:20:02.4930557Z #35 extracting sha256:fc21a1d387f514f53589abea6d67cd6b329dfd3c9059bc96a552af3b3c97b413 0.3s done
2025-08-16T23:20:02.4931621Z #35 sha256:0d0c16747d2c6b6c26c064652afcb964c15f1b1e596ec052b2aa19b83948ae27 13.04MB / 13.04MB 0.8s done
2025-08-16T23:20:02.4932581Z #35 extracting sha256:e6ef242c157026935bf8a69e6cf19f8f6635e44507c813daf0cc644f2e22396b done
2025-08-16T23:20:02.4933503Z #35 extracting sha256:13fcfbc94648785b918ecc1af675ac5187cdfc30f4fdaf9afa8bd2e9dedf548b done
2025-08-16T23:20:02.4934540Z #35 extracting sha256:d4bca490e609acaaf54ca73363442d31a31fd136a47a20a12370cf2025f0a10b done
2025-08-16T23:20:02.4935950Z #35 extracting sha256:5406ed7b06d9a94b5bd15843d2a1c7e38796a3ec5dc7f40f16f70cc1d045f453 done
2025-08-16T23:20:02.4936968Z #35 extracting sha256:8a3742a9529dc5c00974dfcf5e465be9f1606ff8a1911527b3928cf86ad57465 done
2025-08-16T23:20:02.4938152Z #35 extracting sha256:0d0c16747d2c6b6c26c064652afcb964c15f1b1e596ec052b2aa19b83948ae27 0.4s done
2025-08-16T23:20:02.4938862Z #35 DONE 2.8s
2025-08-16T23:20:02.4939036Z 
2025-08-16T23:20:02.4939464Z #22 [web build 1/6] FROM docker.io/library/node:20-alpine@sha256:df02558528d3d3d0d621f112e232611aecfee7cbc654f6b375765f72bb262799
2025-08-16T23:20:02.7530999Z #22 extracting sha256:8c59d92d6fc9f01af4aaa86824be72b74bd4d940c4c46aa95d9710bfa46c975e 2.5s done
2025-08-16T23:20:02.8776193Z #22 extracting sha256:54225bd601967a0aa669ec9be621c24d8eeac874b698d55874018070898685c2
2025-08-16T23:20:02.9840937Z #22 extracting sha256:54225bd601967a0aa669ec9be621c24d8eeac874b698d55874018070898685c2 0.1s done
2025-08-16T23:20:02.9842087Z #22 extracting sha256:a9e48ad1219d4d11c6456a8db0fd5c11af46242d52edf84e17ab84a7bfd93809 done
2025-08-16T23:20:02.9842840Z #22 DONE 3.4s
2025-08-16T23:20:02.9843050Z 
2025-08-16T23:20:02.9843197Z #36 [web build 2/6] WORKDIR /app
2025-08-16T23:20:02.9843572Z #36 DONE 0.0s
2025-08-16T23:20:02.9843756Z 
2025-08-16T23:20:02.9843920Z #37 [web build 3/6] COPY package*.json ./
2025-08-16T23:20:02.9844348Z #37 DONE 0.0s
2025-08-16T23:20:02.9844521Z 
2025-08-16T23:20:02.9845160Z #38 [api base 1/5] FROM docker.io/library/python:3.12-slim@sha256:d67a7b66b989ad6b6d6b10d428dcc5e0bfc3e5f88906e67d490c4d3daac57047
2025-08-16T23:20:02.9846565Z #38 resolve docker.io/library/python:3.12-slim@sha256:d67a7b66b989ad6b6d6b10d428dcc5e0bfc3e5f88906e67d490c4d3daac57047 0.0s done
2025-08-16T23:20:02.9847783Z #38 extracting sha256:396b1da7636e2dcd10565cb4f2f952cbb4a8a38b58d3b86a2cacb172fb70117c 1.1s done
2025-08-16T23:20:02.9848863Z #38 sha256:d67a7b66b989ad6b6d6b10d428dcc5e0bfc3e5f88906e67d490c4d3daac57047 10.37kB / 10.37kB done
2025-08-16T23:20:02.9849970Z #38 sha256:8f3d1de1b41cd7340a89b024d6f7a10043f7b0d07d97eb36ba76f22fcfa9a235 1.75kB / 1.75kB done
2025-08-16T23:20:02.9851502Z #38 sha256:bad5eac7befe06d25bef9d4d894d7467355bac08745c745a88977774933fa032 5.58kB / 5.58kB done
2025-08-16T23:20:02.9852623Z #38 sha256:396b1da7636e2dcd10565cb4f2f952cbb4a8a38b58d3b86a2cacb172fb70117c 29.77MB / 29.77MB done
2025-08-16T23:20:02.9853714Z #38 sha256:5d587318e932a89b94608393c99dd30ee5092a6991c1656f717bd4f4e13d60df 1.29MB / 1.29MB 0.1s done
2025-08-16T23:20:02.9854897Z #38 sha256:e5c05dcf47fbdb2f18dc242ad1b7f48fbd3813c0027ffcfb8e81e4aa7e0965f4 12.11MB / 12.11MB 0.3s done
2025-08-16T23:20:02.9856038Z #38 sha256:d76206d463c08ba2a3f7bbab2de2a933ad73f33ab4ab813eafe50c9dff9edc12 251B / 251B 0.2s done
2025-08-16T23:20:02.9857088Z #38 extracting sha256:5d587318e932a89b94608393c99dd30ee5092a6991c1656f717bd4f4e13d60df 0.2s done
2025-08-16T23:20:02.9858124Z #38 extracting sha256:e5c05dcf47fbdb2f18dc242ad1b7f48fbd3813c0027ffcfb8e81e4aa7e0965f4
2025-08-16T23:20:03.8339832Z #38 extracting sha256:e5c05dcf47fbdb2f18dc242ad1b7f48fbd3813c0027ffcfb8e81e4aa7e0965f4 0.8s done
2025-08-16T23:20:03.8341289Z #38 extracting sha256:d76206d463c08ba2a3f7bbab2de2a933ad73f33ab4ab813eafe50c9dff9edc12
2025-08-16T23:20:03.9383588Z #38 extracting sha256:d76206d463c08ba2a3f7bbab2de2a933ad73f33ab4ab813eafe50c9dff9edc12 done
2025-08-16T23:20:03.9387877Z #38 DONE 2.2s
2025-08-16T23:20:03.9388081Z 
2025-08-16T23:20:03.9388224Z #39 [repricer base 2/5] WORKDIR /app
2025-08-16T23:20:03.9388641Z #39 DONE 0.0s
2025-08-16T23:20:03.9388816Z 
2025-08-16T23:20:03.9389111Z #40 [api base  3/12] COPY services/api/requirements.txt ./requirements.txt
2025-08-16T23:20:03.9389686Z #40 DONE 0.0s
2025-08-16T23:20:03.9389857Z 
2025-08-16T23:20:03.9390435Z #41 [etl base 3/5] COPY services/etl/requirements*.txt services/etl/constraints.txt ./
2025-08-16T23:20:03.9391081Z #41 DONE 0.1s
2025-08-16T23:20:03.9391250Z 
2025-08-16T23:20:03.9391550Z #42 [logistics_etl base 3/5] COPY requirements*.txt constraints.txt ./
2025-08-16T23:20:03.9392672Z #42 DONE 0.1s
2025-08-16T23:20:03.9392870Z 
2025-08-16T23:20:03.9393670Z #43 [etl base 4/5] RUN if [ -n "" ] && [ -f "" ]; then         pip install -r requirements.txt -c "";     else         pip install -r requirements.txt;     fi
2025-08-16T23:20:04.0978304Z #43 ...
2025-08-16T23:20:04.0978556Z 
2025-08-16T23:20:04.0978848Z #44 [fees_h10 base 3/5] COPY requirements*.txt constraints.txt ./
2025-08-16T23:20:04.0979466Z #44 DONE 0.1s
2025-08-16T23:20:04.0979647Z 
2025-08-16T23:20:04.0980133Z #45 [repricer base 3/5] COPY services/repricer/requirements*.txt services/repricer/constraints.txt ./
2025-08-16T23:20:04.0982330Z #45 DONE 0.1s
2025-08-16T23:20:04.1536281Z 
2025-08-16T23:20:04.1537683Z #46 [postgres 1/6] FROM docker.io/library/postgres:16@sha256:66a5efb5677ffac1037774a0e141fd3a4c035c9c0c0e624c9cc980dfa10f45e5
2025-08-16T23:20:04.1539555Z #46 resolve docker.io/library/postgres:16@sha256:66a5efb5677ffac1037774a0e141fd3a4c035c9c0c0e624c9cc980dfa10f45e5 done
2025-08-16T23:20:04.1542065Z #46 sha256:66a5efb5677ffac1037774a0e141fd3a4c035c9c0c0e624c9cc980dfa10f45e5 10.24kB / 10.24kB done
2025-08-16T23:20:04.1543400Z #46 sha256:3084fa1fadd59e7633ec56d318f1e4de01be744f446c5c35df7cd801fbc34894 3.63kB / 3.63kB done
2025-08-16T23:20:04.1544673Z #46 sha256:4b802c5161ddfa2ae4beac272c4e24aa5e162a20451c8489cbb952a88507732f 9.89kB / 9.89kB done
2025-08-16T23:20:04.1567722Z #46 sha256:396b1da7636e2dcd10565cb4f2f952cbb4a8a38b58d3b86a2cacb172fb70117c 29.77MB / 29.77MB 0.9s done
2025-08-16T23:20:04.1572101Z #46 sha256:fb850b0e3049060bf4eb46c8806d7ceea916d67e5cc56d6b295511e27463e56b 1.17kB / 1.17kB 0.7s done
2025-08-16T23:20:04.1573586Z #46 sha256:7f09385d08f9e8f578f9dad57582fff30d6ca3ef0f4d66ab5e1bf92c88862341 6.44MB / 6.44MB 0.8s done
2025-08-16T23:20:04.1574968Z #46 sha256:534f45d26d937460abe84bd086361a04c27e624a23f9384ff13f11c24c64c7bb 1.45MB / 1.45MB 0.9s done
2025-08-16T23:20:04.1581240Z #46 sha256:2b6532633f5d125e9a709f56f26af5a07390c859a5c77142b74da1d4e3c79fee 8.20MB / 8.20MB 1.2s done
2025-08-16T23:20:04.1582676Z #46 sha256:320fa150e60fca9bb108771a06f08d5464ad8b7474b7bf3f4b44d723b686ee72 1.31MB / 1.31MB 1.0s done
2025-08-16T23:20:04.1584396Z #46 sha256:e787bdd7824bfcb30d11087160de825f724620c952958f4f725c13421499b724 3.14kB / 3.14kB 1.2s done
2025-08-16T23:20:04.1585743Z #46 extracting sha256:396b1da7636e2dcd10565cb4f2f952cbb4a8a38b58d3b86a2cacb172fb70117c 2.0s done
2025-08-16T23:20:04.1587101Z #46 sha256:a1e4ad56dcecf442fba1cec05cd565ededfdc663e5172df9ef9394d96d4c96f8 110.10MB / 113.19MB 3.3s
2025-08-16T23:20:04.1588340Z #46 sha256:19947f6cc5d3035f6c922fa1d6047c79e044256ad948080adb59cec60717b9f8 116B / 116B 1.1s done
2025-08-16T23:20:04.1589659Z #46 sha256:987c1b4919ea2d87df20824aaef43a9de0575ac7df684579ad267c7e48c8eeea 10.01kB / 10.01kB 1.8s done
2025-08-16T23:20:04.1591827Z #46 sha256:a858bd6d34e86a481a2e028e3ba489e662b3ac7713eba9a5d3bb97002c7d797e 128B / 128B 1.8s done
2025-08-16T23:20:04.1593822Z #46 sha256:f1b3502db45ad485f0affe43e32fc81d699ddac01c023f198271a0a7e1cecd4c 169B / 169B 2.1s done
2025-08-16T23:20:04.1602915Z #46 sha256:25ef78fb127c1934630de29a3d38f46e544360b1dcf5cfc09b25507fbe88fd75 5.92kB / 5.92kB 2.1s done
2025-08-16T23:20:04.1604288Z #46 sha256:240810240d04caaaccb11d51ba7c3a7f7d6f470ec2a80ee420a3d33899d9a303 184B / 184B 2.2s done
2025-08-16T23:20:04.1605538Z #46 extracting sha256:fb850b0e3049060bf4eb46c8806d7ceea916d67e5cc56d6b295511e27463e56b done
2025-08-16T23:20:04.1606943Z #46 extracting sha256:7f09385d08f9e8f578f9dad57582fff30d6ca3ef0f4d66ab5e1bf92c88862341 0.2s done
2025-08-16T23:20:04.1608893Z #46 extracting sha256:534f45d26d937460abe84bd086361a04c27e624a23f9384ff13f11c24c64c7bb 0.0s done
2025-08-16T23:20:04.1610404Z #46 extracting sha256:2b6532633f5d125e9a709f56f26af5a07390c859a5c77142b74da1d4e3c79fee 0.4s done
2025-08-16T23:20:04.1615594Z #46 extracting sha256:320fa150e60fca9bb108771a06f08d5464ad8b7474b7bf3f4b44d723b686ee72 0.1s done
2025-08-16T23:20:04.1624347Z #46 extracting sha256:19947f6cc5d3035f6c922fa1d6047c79e044256ad948080adb59cec60717b9f8 done
2025-08-16T23:20:04.1627150Z #46 extracting sha256:e787bdd7824bfcb30d11087160de825f724620c952958f4f725c13421499b724 done
2025-08-16T23:20:04.1628442Z #46 extracting sha256:a1e4ad56dcecf442fba1cec05cd565ededfdc663e5172df9ef9394d96d4c96f8 0.2s
2025-08-16T23:20:08.7007901Z #46 ...
2025-08-16T23:20:08.7012601Z 
2025-08-16T23:20:08.7017571Z #43 [etl base 4/5] RUN if [ -n "" ] && [ -f "" ]; then         pip install -r requirements.txt -c "";     else         pip install -r requirements.txt;     fi
2025-08-16T23:20:08.7028455Z #43 4.709 Collecting keepa==1.3.14 (from -r requirements.txt (line 1))
2025-08-16T23:20:08.8301203Z #43 4.802   Downloading keepa-1.3.14-py3-none-any.whl.metadata (10 kB)
2025-08-16T23:20:08.8325884Z #43 4.896 Collecting minio==7.1.15 (from -r requirements.txt (line 2))
2025-08-16T23:20:08.9711700Z #43 4.920   Downloading minio-7.1.15-py3-none-any.whl.metadata (4.2 kB)
2025-08-16T23:20:09.0849090Z #43 5.106 Collecting python-amazon-sp-api==0.8.0 (from -r requirements.txt (line 3))
2025-08-16T23:20:09.0851141Z #43 5.129   Downloading python_amazon_sp_api-0.8.0-py3-none-any.whl.metadata (3.2 kB)
2025-08-16T23:20:09.2964547Z #43 5.179 Collecting pydantic-settings==2.2.1 (from -r requirements.txt (line 4))
2025-08-16T23:20:09.2970474Z #43 5.209   Downloading pydantic_settings-2.2.1-py3-none-any.whl.metadata (3.1 kB)
2025-08-16T23:20:09.5802096Z #43 5.645 Collecting numpy>=1.9.3 (from keepa==1.3.14->-r requirements.txt (line 1))
2025-08-16T23:20:09.6809190Z #43 ...
2025-08-16T23:20:09.6816501Z 
2025-08-16T23:20:09.6817200Z #47 [logistics_etl base 4/5] RUN if [ -n "" ] && [ -f "" ]; then         pip install -r requirements.txt -c "";     else         pip install -r requirements.txt;     fi
2025-08-16T23:20:09.6819932Z #47 4.905 WARNING: Running pip as the 'root' user can result in broken permissions and conflicting behaviour with the system package manager, possibly rendering your system unusable. It is recommended to use a virtual environment instead: https://pip.pypa.io/warnings/venv. Use the --root-user-action option if you know what you are doing and want to suppress this warning.
2025-08-16T23:20:09.6822560Z #47 5.097 
2025-08-16T23:20:09.6841340Z #47 5.097 [notice] A new release of pip is available: 25.0.1 -> 25.2
2025-08-16T23:20:09.6842335Z #47 5.097 [notice] To update, run: pip install --upgrade pip
2025-08-16T23:20:09.6843208Z #47 DONE 5.6s
2025-08-16T23:20:09.6843739Z 
2025-08-16T23:20:09.6844276Z #48 [logistics_etl base 5/5] COPY . .
2025-08-16T23:20:09.6844896Z #48 DONE 0.1s
2025-08-16T23:20:09.6845282Z 
2025-08-16T23:20:09.6846043Z #43 [etl base 4/5] RUN if [ -n "" ] && [ -f "" ]; then         pip install -r requirements.txt -c "";     else         pip install -r requirements.txt;     fi
2025-08-16T23:20:09.6851413Z #43 5.664   Downloading numpy-2.3.2-cp312-cp312-manylinux_2_27_x86_64.manylinux_2_28_x86_64.whl.metadata (62 kB)
2025-08-16T23:20:09.7891470Z #43 5.800 Collecting requests>=2.2 (from keepa==1.3.14->-r requirements.txt (line 1))
2025-08-16T23:20:09.7892776Z #43 5.824   Downloading requests-2.32.4-py3-none-any.whl.metadata (4.9 kB)
2025-08-16T23:20:09.8996125Z #43 5.947 Collecting tqdm (from keepa==1.3.14->-r requirements.txt (line 1))
2025-08-16T23:20:09.8997448Z #43 5.968   Downloading tqdm-4.67.1-py3-none-any.whl.metadata (57 kB)
2025-08-16T23:20:11.0468621Z #43 7.033 Collecting aiohttp (from keepa==1.3.14->-r requirements.txt (line 1))
2025-08-16T23:20:11.0469650Z #43 7.052   Downloading aiohttp-3.12.15-cp312-cp312-manylinux_2_17_x86_64.manylinux2014_x86_64.whl.metadata (7.7 kB)
2025-08-16T23:20:11.4846784Z #43 7.361 Collecting pandas<=3.0 (from keepa==1.3.14->-r requirements.txt (line 1))
2025-08-16T23:20:11.4847781Z #43 7.389   Downloading pandas-2.3.1-cp312-cp312-manylinux_2_17_x86_64.manylinux2014_x86_64.whl.metadata (91 kB)
2025-08-16T23:20:11.8050947Z #43 7.812 Collecting pydantic (from keepa==1.3.14->-r requirements.txt (line 1))
2025-08-16T23:20:11.8053935Z #43 7.832   Downloading pydantic-2.11.7-py3-none-any.whl.metadata (67 kB)
2025-08-16T23:20:11.9422452Z #43 7.922 Collecting certifi (from minio==7.1.15->-r requirements.txt (line 2))
2025-08-16T23:20:11.9425789Z #43 7.948   Downloading certifi-2025.8.3-py3-none-any.whl.metadata (2.4 kB)
2025-08-16T23:20:12.0643177Z #43 8.034 Collecting urllib3 (from minio==7.1.15->-r requirements.txt (line 2))
2025-08-16T23:20:12.0646509Z #43 8.055   Downloading urllib3-2.5.0-py3-none-any.whl.metadata (6.5 kB)
2025-08-16T23:20:12.0647389Z #43 8.107 Collecting six<2,>=1.15 (from python-amazon-sp-api==0.8.0->-r requirements.txt (line 3))
2025-08-16T23:20:12.0648252Z #43 8.132   Downloading six-1.17.0-py2.py3-none-any.whl.metadata (1.7 kB)
2025-08-16T23:20:13.0646381Z #43 ...
2025-08-16T23:20:13.0647896Z 
2025-08-16T23:20:13.0648355Z #49 [web build 4/6] RUN npm ci
2025-08-16T23:20:13.1851495Z #49 ...
2025-08-16T23:20:13.1870771Z 
2025-08-16T23:20:13.1871461Z #50 [logistics_etl stage-1 3/4] COPY --from=base /usr/local /usr/local
2025-08-16T23:20:13.1872463Z #50 DONE 2.5s
2025-08-16T23:20:13.1872891Z 
2025-08-16T23:20:13.1873915Z #51 [logistics_etl stage-1 4/4] COPY --from=base /app /app
2025-08-16T23:20:13.3309175Z #51 DONE 0.1s
2025-08-16T23:20:13.3310759Z 
2025-08-16T23:20:13.3311619Z #43 [etl base 4/5] RUN if [ -n "" ] && [ -f "" ]; then         pip install -r requirements.txt -c "";     else         pip install -r requirements.txt;     fi
2025-08-16T23:20:13.3322939Z #43 9.329 Collecting boto3<2,>=1.16.39 (from python-amazon-sp-api==0.8.0->-r requirements.txt (line 3))
2025-08-16T23:20:13.3324098Z #43 9.348   Downloading boto3-1.40.11-py3-none-any.whl.metadata (6.7 kB)
2025-08-16T23:20:13.3325188Z #43 9.399 Collecting cachetools~=4.2.0 (from python-amazon-sp-api==0.8.0->-r requirements.txt (line 3))
2025-08-16T23:20:13.4768375Z #43 9.421   Downloading cachetools-4.2.4-py3-none-any.whl.metadata (4.8 kB)
2025-08-16T23:20:13.6335090Z #43 9.582 Collecting pycryptodome (from python-amazon-sp-api==0.8.0->-r requirements.txt (line 3))
2025-08-16T23:20:13.6340573Z #43 9.609   Downloading pycryptodome-3.23.0-cp37-abi3-manylinux_2_17_x86_64.manylinux2014_x86_64.whl.metadata (3.4 kB)
2025-08-16T23:20:13.6341708Z #43 9.701 Collecting pytz (from python-amazon-sp-api==0.8.0->-r requirements.txt (line 3))
2025-08-16T23:20:13.8195873Z #43 9.724   Downloading pytz-2025.2-py2.py3-none-any.whl.metadata (22 kB)
2025-08-16T23:20:13.8206273Z #43 9.759 Collecting confuse~=1.4.0 (from python-amazon-sp-api==0.8.0->-r requirements.txt (line 3))
2025-08-16T23:20:13.8213976Z #43 9.791   Downloading confuse-1.4.0-py2.py3-none-any.whl.metadata (3.8 kB)
2025-08-16T23:20:13.8222154Z #43 9.887 Collecting python-dotenv>=0.21.0 (from pydantic-settings==2.2.1->-r requirements.txt (line 4))
2025-08-16T23:20:13.9997052Z #43 9.917   Downloading python_dotenv-1.1.1-py3-none-any.whl.metadata (24 kB)
2025-08-16T23:20:14.0038606Z #43 ...
2025-08-16T23:20:14.0038794Z 
2025-08-16T23:20:14.0039402Z #52 [repricer base 4/5] RUN if [ -n "" ] && [ -f "" ]; then         pip install -r requirements.txt -c "";     else         pip install -r requirements.txt;     fi
2025-08-16T23:20:14.0040601Z #52 5.019 Collecting uvicorn==0.29.0 (from -r requirements.txt (line 1))
2025-08-16T23:20:14.0041387Z #52 5.100   Downloading uvicorn-0.29.0-py3-none-any.whl.metadata (6.3 kB)
2025-08-16T23:20:14.0042194Z #52 5.143 Collecting pydantic-settings==2.2.1 (from -r requirements.txt (line 2))
2025-08-16T23:20:14.0043075Z #52 5.161   Downloading pydantic_settings-2.2.1-py3-none-any.whl.metadata (3.1 kB)
2025-08-16T23:20:14.0043956Z #52 5.458 Collecting python-amazon-sp-api==0.8.0 (from -r requirements.txt (line 3))
2025-08-16T23:20:14.0044840Z #52 5.476   Downloading python_amazon_sp_api-0.8.0-py3-none-any.whl.metadata (3.2 kB)
2025-08-16T23:20:14.0045675Z #52 5.710 Collecting click>=7.0 (from uvicorn==0.29.0->-r requirements.txt (line 1))
2025-08-16T23:20:14.0046430Z #52 5.728   Downloading click-8.2.1-py3-none-any.whl.metadata (2.5 kB)
2025-08-16T23:20:14.0047160Z #52 5.769 Collecting h11>=0.8 (from uvicorn==0.29.0->-r requirements.txt (line 1))
2025-08-16T23:20:14.0047880Z #52 5.787   Downloading h11-0.16.0-py3-none-any.whl.metadata (8.3 kB)
2025-08-16T23:20:14.0048962Z #52 6.064 Collecting pydantic>=2.3.0 (from pydantic-settings==2.2.1->-r requirements.txt (line 2))
2025-08-16T23:20:14.0049864Z #52 6.084   Downloading pydantic-2.11.7-py3-none-any.whl.metadata (67 kB)
2025-08-16T23:20:14.0117180Z #52 6.164 Collecting python-dotenv>=0.21.0 (from pydantic-settings==2.2.1->-r requirements.txt (line 2))
2025-08-16T23:20:14.0118143Z #52 6.178   Downloading python_dotenv-1.1.1-py3-none-any.whl.metadata (24 kB)
2025-08-16T23:20:14.0119055Z #52 6.314 Collecting requests (from python-amazon-sp-api==0.8.0->-r requirements.txt (line 3))
2025-08-16T23:20:14.0119945Z #52 6.331   Downloading requests-2.32.4-py3-none-any.whl.metadata (4.9 kB)
2025-08-16T23:20:14.0121003Z #52 6.370 Collecting six<2,>=1.15 (from python-amazon-sp-api==0.8.0->-r requirements.txt (line 3))
2025-08-16T23:20:14.0121890Z #52 6.381   Downloading six-1.17.0-py2.py3-none-any.whl.metadata (1.7 kB)
2025-08-16T23:20:14.0122745Z #52 7.539 Collecting boto3<2,>=1.16.39 (from python-amazon-sp-api==0.8.0->-r requirements.txt (line 3))
2025-08-16T23:20:14.0123628Z #52 7.559   Downloading boto3-1.40.11-py3-none-any.whl.metadata (6.7 kB)
2025-08-16T23:20:14.0124498Z #52 7.627 Collecting cachetools~=4.2.0 (from python-amazon-sp-api==0.8.0->-r requirements.txt (line 3))
2025-08-16T23:20:14.0125394Z #52 7.639   Downloading cachetools-4.2.4-py3-none-any.whl.metadata (4.8 kB)
2025-08-16T23:20:14.0126292Z #52 7.856 Collecting pycryptodome (from python-amazon-sp-api==0.8.0->-r requirements.txt (line 3))
2025-08-16T23:20:14.0127413Z #52 7.873   Downloading pycryptodome-3.23.0-cp37-abi3-manylinux_2_17_x86_64.manylinux2014_x86_64.whl.metadata (3.4 kB)
2025-08-16T23:20:14.0128488Z #52 7.995 Collecting pytz (from python-amazon-sp-api==0.8.0->-r requirements.txt (line 3))
2025-08-16T23:20:14.0129287Z #52 8.013   Downloading pytz-2025.2-py2.py3-none-any.whl.metadata (22 kB)
2025-08-16T23:20:14.0151053Z #52 8.052 Collecting confuse~=1.4.0 (from python-amazon-sp-api==0.8.0->-r requirements.txt (line 3))
2025-08-16T23:20:14.0152076Z #52 8.072   Downloading confuse-1.4.0-py2.py3-none-any.whl.metadata (3.8 kB)
2025-08-16T23:20:14.0178955Z #52 8.892 Collecting botocore<1.41.0,>=1.40.11 (from boto3<2,>=1.16.39->python-amazon-sp-api==0.8.0->-r requirements.txt (line 3))
2025-08-16T23:20:14.0179971Z #52 8.918   Downloading botocore-1.40.11-py3-none-any.whl.metadata (5.7 kB)
2025-08-16T23:20:14.0181135Z #52 8.992 Collecting jmespath<2.0.0,>=0.7.1 (from boto3<2,>=1.16.39->python-amazon-sp-api==0.8.0->-r requirements.txt (line 3))
2025-08-16T23:20:14.0182125Z #52 9.024   Downloading jmespath-1.0.1-py3-none-any.whl.metadata (7.6 kB)
2025-08-16T23:20:14.0183116Z #52 9.115 Collecting s3transfer<0.14.0,>=0.13.0 (from boto3<2,>=1.16.39->python-amazon-sp-api==0.8.0->-r requirements.txt (line 3))
2025-08-16T23:20:14.0184155Z #52 9.134   Downloading s3transfer-0.13.1-py3-none-any.whl.metadata (1.7 kB)
2025-08-16T23:20:14.0185110Z #52 9.234 Collecting pyyaml (from confuse~=1.4.0->python-amazon-sp-api==0.8.0->-r requirements.txt (line 3))
2025-08-16T23:20:14.0186180Z #52 9.248   Downloading PyYAML-6.0.2-cp312-cp312-manylinux_2_17_x86_64.manylinux2014_x86_64.whl.metadata (2.1 kB)
2025-08-16T23:20:14.0187401Z #52 9.299 Collecting annotated-types>=0.6.0 (from pydantic>=2.3.0->pydantic-settings==2.2.1->-r requirements.txt (line 2))
2025-08-16T23:20:14.0188421Z #52 9.314   Downloading annotated_types-0.7.0-py3-none-any.whl.metadata (15 kB)
2025-08-16T23:20:14.0189044Z #52 ...
2025-08-16T23:20:14.0189214Z 
2025-08-16T23:20:14.0190780Z #53 [api stage-1 3/6] RUN set -eux;     if [ -f /etc/apt/sources.list ]; then         sed -i 's|http://deb.debian.org|https://deb.debian.org|g' /etc/apt/sources.list;     fi;     apt-get update;     apt-get install -y --no-install-recommends tzdata postgresql-client curl;     rm -rf /var/lib/apt/lists/*
2025-08-16T23:20:14.0192494Z #53 0.341 + [ -f /etc/apt/sources.list ]
2025-08-16T23:20:14.0192909Z #53 0.342 + apt-get update
2025-08-16T23:20:14.0193341Z #53 0.455 Hit:1 http://deb.debian.org/debian trixie InRelease
2025-08-16T23:20:14.0194398Z #53 0.455 Get:2 http://deb.debian.org/debian trixie-updates InRelease [47.1 kB]
2025-08-16T23:20:14.0195276Z #53 0.481 Get:3 http://deb.debian.org/debian-security trixie-security InRelease [43.4 kB]
2025-08-16T23:20:14.0196125Z #53 0.531 Get:4 http://deb.debian.org/debian trixie/main amd64 Packages [9668 kB]
2025-08-16T23:20:14.0196975Z #53 0.723 Get:5 http://deb.debian.org/debian trixie-updates/main amd64 Packages [2432 B]
2025-08-16T23:20:14.0197901Z #53 0.723 Get:6 http://deb.debian.org/debian-security trixie-security/main amd64 Packages [8780 B]
2025-08-16T23:20:14.0198620Z #53 2.317 Fetched 9769 kB in 2s (5070 kB/s)
2025-08-16T23:20:14.0199029Z #53 2.317 Reading package lists...
2025-08-16T23:20:14.0199630Z #53 3.614 + apt-get install -y --no-install-recommends tzdata postgresql-client curl
2025-08-16T23:20:14.0254242Z #53 3.635 Reading package lists...
2025-08-16T23:20:14.0254714Z #53 4.906 Building dependency tree...
2025-08-16T23:20:14.0255162Z #53 5.235 Reading state information...
2025-08-16T23:20:14.0255649Z #53 5.652 tzdata is already the newest version (2025b-4).
2025-08-16T23:20:14.0256265Z #53 5.652 The following additional packages will be installed:
2025-08-16T23:20:14.0257012Z #53 5.653   libbrotli1 libcom-err2 libcurl4t64 libgdbm-compat4t64 libgnutls30t64
2025-08-16T23:20:14.0257891Z #53 5.653   libgssapi-krb5-2 libidn2-0 libk5crypto3 libkeyutils1 libkrb5-3
2025-08-16T23:20:14.0258759Z #53 5.653   libkrb5support0 libldap2 libnghttp2-14 libnghttp3-9 libp11-kit0 libperl5.40
2025-08-16T23:20:14.0259644Z #53 5.653   libpq5 libpsl5t64 librtmp1 libsasl2-2 libsasl2-modules-db libssh2-1t64
2025-08-16T23:20:14.0260705Z #53 5.655   libtasn1-6 libunistring5 perl perl-modules-5.40 postgresql-client-17
2025-08-16T23:20:14.0261419Z #53 5.655   postgresql-client-common sensible-utils
2025-08-16T23:20:14.0261948Z #53 5.656 Suggested packages:
2025-08-16T23:20:14.0262607Z #53 5.656   gnutls-bin krb5-doc krb5-user perl-doc libterm-readline-gnu-perl
2025-08-16T23:20:14.0263461Z #53 5.656   | libterm-readline-perl-perl make libtap-harness-archive-perl postgresql-17
2025-08-16T23:20:14.0264165Z #53 5.656   postgresql-doc-17
2025-08-16T23:20:14.0264814Z #53 5.656 Recommended packages:
2025-08-16T23:20:14.0265481Z #53 5.656   bash-completion krb5-locales libldap-common publicsuffix libsasl2-modules
2025-08-16T23:20:14.0266222Z #53 6.109 The following NEW packages will be installed:
2025-08-16T23:20:14.0266914Z #53 6.110   curl libbrotli1 libcom-err2 libcurl4t64 libgdbm-compat4t64 libgnutls30t64
2025-08-16T23:20:14.0267726Z #53 6.110   libgssapi-krb5-2 libidn2-0 libk5crypto3 libkeyutils1 libkrb5-3
2025-08-16T23:20:14.0268572Z #53 6.110   libkrb5support0 libldap2 libnghttp2-14 libnghttp3-9 libp11-kit0 libperl5.40
2025-08-16T23:20:14.0269462Z #53 6.110   libpq5 libpsl5t64 librtmp1 libsasl2-2 libsasl2-modules-db libssh2-1t64
2025-08-16T23:20:14.0303687Z #53 6.111   libtasn1-6 libunistring5 perl perl-modules-5.40 postgresql-client
2025-08-16T23:20:14.0304567Z #53 6.111   postgresql-client-17 postgresql-client-common sensible-utils
2025-08-16T23:20:14.0305303Z #53 6.198 0 upgraded, 31 newly installed, 0 to remove and 0 not upgraded.
2025-08-16T23:20:14.0305884Z #53 6.198 Need to get 14.9 MB of archives.
2025-08-16T23:20:14.0306579Z #53 6.198 After this operation, 78.1 MB of additional disk space will be used.
2025-08-16T23:20:14.0307452Z #53 6.198 Get:1 http://deb.debian.org/debian trixie/main amd64 sensible-utils all 0.0.25 [25.0 kB]
2025-08-16T23:20:14.0308402Z #53 6.201 Get:2 http://deb.debian.org/debian trixie/main amd64 perl-modules-5.40 all 5.40.1-6 [3019 kB]
2025-08-16T23:20:14.0309406Z #53 6.250 Get:3 http://deb.debian.org/debian trixie/main amd64 libgdbm-compat4t64 amd64 1.24-2 [50.3 kB]
2025-08-16T23:20:14.0313775Z #53 6.250 Get:4 http://deb.debian.org/debian trixie/main amd64 libperl5.40 amd64 5.40.1-6 [4341 kB]
2025-08-16T23:20:14.0314785Z #53 6.293 Get:5 http://deb.debian.org/debian trixie/main amd64 perl amd64 5.40.1-6 [267 kB]
2025-08-16T23:20:14.0315726Z #53 6.297 Get:6 http://deb.debian.org/debian trixie/main amd64 libbrotli1 amd64 1.1.0-2+b7 [307 kB]
2025-08-16T23:20:14.0317029Z #53 6.297 Get:7 http://deb.debian.org/debian trixie/main amd64 libkrb5support0 amd64 1.21.3-5 [33.0 kB]
2025-08-16T23:20:14.0318030Z #53 6.302 Get:8 http://deb.debian.org/debian trixie/main amd64 libcom-err2 amd64 1.47.2-3+b3 [25.0 kB]
2025-08-16T23:20:14.0319017Z #53 6.302 Get:9 http://deb.debian.org/debian trixie/main amd64 libk5crypto3 amd64 1.21.3-5 [81.5 kB]
2025-08-16T23:20:14.0319991Z #53 6.302 Get:10 http://deb.debian.org/debian trixie/main amd64 libkeyutils1 amd64 1.6.3-6 [9456 B]
2025-08-16T23:20:14.0321253Z #53 6.306 Get:11 http://deb.debian.org/debian trixie/main amd64 libkrb5-3 amd64 1.21.3-5 [326 kB]
2025-08-16T23:20:14.0322235Z #53 6.309 Get:12 http://deb.debian.org/debian trixie/main amd64 libgssapi-krb5-2 amd64 1.21.3-5 [138 kB]
2025-08-16T23:20:14.0323225Z #53 6.310 Get:13 http://deb.debian.org/debian trixie/main amd64 libunistring5 amd64 1.3-2 [477 kB]
2025-08-16T23:20:14.0324167Z #53 6.314 Get:14 http://deb.debian.org/debian trixie/main amd64 libidn2-0 amd64 2.3.8-2 [109 kB]
2025-08-16T23:20:14.0325209Z #53 6.314 Get:15 http://deb.debian.org/debian trixie/main amd64 libsasl2-modules-db amd64 2.1.28+dfsg1-9 [19.8 kB]
2025-08-16T23:20:14.0326291Z #53 6.319 Get:16 http://deb.debian.org/debian trixie/main amd64 libsasl2-2 amd64 2.1.28+dfsg1-9 [57.5 kB]
2025-08-16T23:20:14.0327271Z #53 6.319 Get:17 http://deb.debian.org/debian trixie/main amd64 libldap2 amd64 2.6.10+dfsg-1 [194 kB]
2025-08-16T23:20:14.0328212Z #53 6.331 Get:18 http://deb.debian.org/debian trixie/main amd64 libnghttp2-14 amd64 1.64.0-1.1 [76.0 kB]
2025-08-16T23:20:14.0329170Z #53 6.331 Get:19 http://deb.debian.org/debian trixie/main amd64 libnghttp3-9 amd64 1.8.0-1 [67.7 kB]
2025-08-16T23:20:14.0330111Z #53 6.331 Get:20 http://deb.debian.org/debian trixie/main amd64 libpsl5t64 amd64 0.21.2-1.1+b1 [57.2 kB]
2025-08-16T23:20:14.0363674Z #53 6.331 Get:21 http://deb.debian.org/debian trixie/main amd64 libp11-kit0 amd64 0.25.5-3 [425 kB]
2025-08-16T23:20:14.0364658Z #53 6.333 Get:22 http://deb.debian.org/debian trixie/main amd64 libtasn1-6 amd64 4.20.0-2 [49.9 kB]
2025-08-16T23:20:14.0365838Z #53 6.337 Get:23 http://deb.debian.org/debian trixie/main amd64 libgnutls30t64 amd64 3.8.9-3 [1465 kB]
2025-08-16T23:20:14.0366909Z #53 6.349 Get:24 http://deb.debian.org/debian trixie/main amd64 librtmp1 amd64 2.4+20151223.gitfa8646d.1-2+b5 [58.8 kB]
2025-08-16T23:20:14.0367985Z #53 6.350 Get:25 http://deb.debian.org/debian trixie/main amd64 libssh2-1t64 amd64 1.11.1-1 [245 kB]
2025-08-16T23:20:14.0368903Z #53 6.355 Get:26 http://deb.debian.org/debian trixie/main amd64 libcurl4t64 amd64 8.14.1-2 [391 kB]
2025-08-16T23:20:14.0369811Z #53 6.355 Get:27 http://deb.debian.org/debian trixie/main amd64 curl amd64 8.14.1-2 [269 kB]
2025-08-16T23:20:14.0370836Z #53 6.365 Get:28 http://deb.debian.org/debian trixie/main amd64 libpq5 amd64 17.5-1 [226 kB]
2025-08-16T23:20:14.0371802Z #53 6.365 Get:29 http://deb.debian.org/debian trixie/main amd64 postgresql-client-common all 278 [47.1 kB]
2025-08-16T23:20:14.0372843Z #53 6.365 Get:30 http://deb.debian.org/debian trixie/main amd64 postgresql-client-17 amd64 17.5-1 [2025 kB]
2025-08-16T23:20:14.0373823Z #53 6.376 Get:31 http://deb.debian.org/debian trixie/main amd64 postgresql-client all 17+278 [14.0 kB]
2025-08-16T23:20:14.0374531Z #53 9.606 Fetched 14.9 MB in 0s (63.7 MB/s)
2025-08-16T23:20:14.0375057Z #53 9.656 Selecting previously unselected package sensible-utils.
2025-08-16T23:20:14.0375580Z #53 9.656 (Reading database ... 
2025-08-16T23:20:14.0375946Z (Reading database ... 5%
2025-08-16T23:20:14.0376288Z (Reading database ... 10%
2025-08-16T23:20:14.0376635Z (Reading database ... 15%
2025-08-16T23:20:14.0376959Z (Reading database ... 20%
2025-08-16T23:20:14.0377291Z (Reading database ... 25%
2025-08-16T23:20:14.0377610Z (Reading database ... 30%
2025-08-16T23:20:14.0377941Z (Reading database ... 35%
2025-08-16T23:20:14.0378262Z (Reading database ... 40%
2025-08-16T23:20:14.0378590Z (Reading database ... 45%
2025-08-16T23:20:14.0379153Z (Reading database ... 50%
2025-08-16T23:20:14.0379487Z (Reading database ... 55%
2025-08-16T23:20:14.0379810Z (Reading database ... 60%
2025-08-16T23:20:14.0380138Z (Reading database ... 65%
2025-08-16T23:20:14.0380647Z (Reading database ... 70%
2025-08-16T23:20:14.0380981Z (Reading database ... 75%
2025-08-16T23:20:14.0381308Z (Reading database ... 80%
2025-08-16T23:20:14.0381614Z (Reading database ... 85%
2025-08-16T23:20:14.0381930Z (Reading database ... 90%
2025-08-16T23:20:14.0382249Z (Reading database ... 95%
2025-08-16T23:20:14.0382572Z (Reading database ... 100%
2025-08-16T23:20:14.0383061Z (Reading database ... 5643 files and directories currently installed.)
2025-08-16T23:20:14.0383751Z #53 9.671 Preparing to unpack .../00-sensible-utils_0.0.25_all.deb ...
2025-08-16T23:20:14.0384315Z #53 9.671 Unpacking sensible-utils (0.0.25) ...
2025-08-16T23:20:14.0384891Z #53 9.767 Selecting previously unselected package perl-modules-5.40.
2025-08-16T23:20:14.0385582Z #53 9.767 Preparing to unpack .../01-perl-modules-5.40_5.40.1-6_all.deb ...
2025-08-16T23:20:14.0386182Z #53 9.777 Unpacking perl-modules-5.40 (5.40.1-6) ...
2025-08-16T23:20:14.1121812Z #53 ...
2025-08-16T23:20:14.1151426Z 
2025-08-16T23:20:14.1151803Z #54 [api base  4/12] RUN pip install --no-cache-dir -r requirements.txt
2025-08-16T23:20:14.1153807Z #54 4.542 Collecting uvicorn==0.29.0 (from -r requirements.txt (line 1))
2025-08-16T23:20:14.1155441Z #54 4.596   Downloading uvicorn-0.29.0-py3-none-any.whl.metadata (6.3 kB)
2025-08-16T23:20:14.1158062Z #54 4.638 Collecting pydantic-settings==2.2.1 (from -r requirements.txt (line 2))
2025-08-16T23:20:14.1158981Z #54 4.653   Downloading pydantic_settings-2.2.1-py3-none-any.whl.metadata (3.1 kB)
2025-08-16T23:20:14.1160079Z #54 4.779 Collecting fastapi==0.111.0 (from -r requirements.txt (line 3))
2025-08-16T23:20:14.1162093Z #54 4.787   Downloading fastapi-0.111.0-py3-none-any.whl.metadata (25 kB)
2025-08-16T23:20:14.1162840Z #54 5.520 Collecting sqlalchemy==2.0.29 (from -r requirements.txt (line 4))
2025-08-16T23:20:14.1165723Z #54 5.533   Downloading SQLAlchemy-2.0.29-cp312-cp312-manylinux_2_17_x86_64.manylinux2014_x86_64.whl.metadata (9.6 kB)
2025-08-16T23:20:14.1166758Z #54 5.602 Collecting alembic==1.13.1 (from -r requirements.txt (line 5))
2025-08-16T23:20:14.1167519Z #54 5.610   Downloading alembic-1.13.1-py3-none-any.whl.metadata (7.4 kB)
2025-08-16T23:20:14.1168352Z #54 5.696 Collecting psycopg==3.2.9 (from psycopg[binary]==3.2.9->-r requirements.txt (line 6))
2025-08-16T23:20:14.1169185Z #54 5.708   Downloading psycopg-3.2.9-py3-none-any.whl.metadata (4.5 kB)
2025-08-16T23:20:14.1169905Z #54 5.765 Collecting httpx==0.27.2 (from -r requirements.txt (line 7))
2025-08-16T23:20:14.1170797Z #54 5.774   Downloading httpx-0.27.2-py3-none-any.whl.metadata (7.1 kB)
2025-08-16T23:20:14.1171521Z #54 5.867 Collecting asyncpg==0.29.0 (from -r requirements.txt (line 8))
2025-08-16T23:20:14.1172448Z #54 5.886   Downloading asyncpg-0.29.0-cp312-cp312-manylinux_2_17_x86_64.manylinux2014_x86_64.whl.metadata (4.4 kB)
2025-08-16T23:20:14.1173375Z #54 6.664 Collecting boto3==1.34.162 (from -r requirements.txt (line 9))
2025-08-16T23:20:14.1174083Z #54 6.672   Downloading boto3-1.34.162-py3-none-any.whl.metadata (6.6 kB)
2025-08-16T23:20:14.1174768Z #54 6.727 Collecting Jinja2==3.1.5 (from -r requirements.txt (line 10))
2025-08-16T23:20:14.1175455Z #54 6.743   Downloading jinja2-3.1.5-py3-none-any.whl.metadata (2.6 kB)
2025-08-16T23:20:14.1176201Z #54 6.791 Collecting click>=7.0 (from uvicorn==0.29.0->-r requirements.txt (line 1))
2025-08-16T23:20:14.1176974Z #54 6.812   Downloading click-8.2.1-py3-none-any.whl.metadata (2.5 kB)
2025-08-16T23:20:14.1177713Z #54 6.832 Collecting h11>=0.8 (from uvicorn==0.29.0->-r requirements.txt (line 1))
2025-08-16T23:20:14.1178442Z #54 6.838   Downloading h11-0.16.0-py3-none-any.whl.metadata (8.3 kB)
2025-08-16T23:20:14.1179282Z #54 7.161 Collecting pydantic>=2.3.0 (from pydantic-settings==2.2.1->-r requirements.txt (line 2))
2025-08-16T23:20:14.1180146Z #54 7.179   Downloading pydantic-2.11.7-py3-none-any.whl.metadata (67 kB)
2025-08-16T23:20:14.1200698Z #54 7.241 Collecting python-dotenv>=0.21.0 (from pydantic-settings==2.2.1->-r requirements.txt (line 2))
2025-08-16T23:20:14.1201666Z #54 7.253   Downloading python_dotenv-1.1.1-py3-none-any.whl.metadata (24 kB)
2025-08-16T23:20:14.1202532Z #54 7.369 Collecting starlette<0.38.0,>=0.37.2 (from fastapi==0.111.0->-r requirements.txt (line 3))
2025-08-16T23:20:14.1203367Z #54 7.377   Downloading starlette-0.37.2-py3-none-any.whl.metadata (5.9 kB)
2025-08-16T23:20:14.1204211Z #54 7.605 Collecting typing-extensions>=4.8.0 (from fastapi==0.111.0->-r requirements.txt (line 3))
2025-08-16T23:20:14.1205135Z #54 7.611   Downloading typing_extensions-4.14.1-py3-none-any.whl.metadata (3.0 kB)
2025-08-16T23:20:14.1206017Z #54 7.632 Collecting fastapi-cli>=0.0.2 (from fastapi==0.111.0->-r requirements.txt (line 3))
2025-08-16T23:20:14.1206856Z #54 7.639   Downloading fastapi_cli-0.0.8-py3-none-any.whl.metadata (6.3 kB)
2025-08-16T23:20:14.1207710Z #54 7.777 Collecting python-multipart>=0.0.7 (from fastapi==0.111.0->-r requirements.txt (line 3))
2025-08-16T23:20:14.1208597Z #54 7.783   Downloading python_multipart-0.0.20-py3-none-any.whl.metadata (1.8 kB)
2025-08-16T23:20:14.1209535Z #54 7.906 Collecting ujson!=4.0.2,!=4.1.0,!=4.2.0,!=4.3.0,!=5.0.0,!=5.1.0,>=4.0.1 (from fastapi==0.111.0->-r requirements.txt (line 3))
2025-08-16T23:20:14.1210879Z #54 7.917   Downloading ujson-5.10.0-cp312-cp312-manylinux_2_17_x86_64.manylinux2014_x86_64.whl.metadata (9.3 kB)
2025-08-16T23:20:14.1211869Z #54 8.492 Collecting orjson>=3.2.1 (from fastapi==0.111.0->-r requirements.txt (line 3))
2025-08-16T23:20:14.1212871Z #54 8.501   Downloading orjson-3.11.2-cp312-cp312-manylinux_2_17_x86_64.manylinux2014_x86_64.whl.metadata (1.2 kB)
2025-08-16T23:20:14.1213935Z #54 8.515 Collecting email_validator>=2.0.0 (from fastapi==0.111.0->-r requirements.txt (line 3))
2025-08-16T23:20:14.1214862Z #54 8.535   Downloading email_validator-2.2.0-py3-none-any.whl.metadata (25 kB)
2025-08-16T23:20:14.1215735Z #54 8.942 Collecting greenlet!=0.4.17 (from sqlalchemy==2.0.29->-r requirements.txt (line 4))
2025-08-16T23:20:14.1216982Z #54 8.942   Downloading greenlet-3.2.4-cp312-cp312-manylinux_2_24_x86_64.manylinux_2_28_x86_64.whl.metadata (4.1 kB)
2025-08-16T23:20:14.1218002Z #54 9.089 Collecting Mako (from alembic==1.13.1->-r requirements.txt (line 5))
2025-08-16T23:20:14.1218750Z #54 9.094   Downloading mako-1.3.10-py3-none-any.whl.metadata (2.9 kB)
2025-08-16T23:20:14.1219482Z #54 9.161 Collecting anyio (from httpx==0.27.2->-r requirements.txt (line 7))
2025-08-16T23:20:14.1220188Z #54 9.169   Downloading anyio-4.10.0-py3-none-any.whl.metadata (4.0 kB)
2025-08-16T23:20:14.1221130Z #54 9.214 Collecting certifi (from httpx==0.27.2->-r requirements.txt (line 7))
2025-08-16T23:20:14.1221894Z #54 9.222   Downloading certifi-2025.8.3-py3-none-any.whl.metadata (2.4 kB)
2025-08-16T23:20:14.1222743Z #54 9.275 Collecting httpcore==1.* (from httpx==0.27.2->-r requirements.txt (line 7))
2025-08-16T23:20:14.1223527Z #54 9.289   Downloading httpcore-1.0.9-py3-none-any.whl.metadata (21 kB)
2025-08-16T23:20:14.1224283Z #54 9.319 Collecting idna (from httpx==0.27.2->-r requirements.txt (line 7))
2025-08-16T23:20:14.1225003Z #54 9.327   Downloading idna-3.10-py3-none-any.whl.metadata (10 kB)
2025-08-16T23:20:14.1225713Z #54 9.346 Collecting sniffio (from httpx==0.27.2->-r requirements.txt (line 7))
2025-08-16T23:20:14.1226473Z #54 9.351   Downloading sniffio-1.3.1-py3-none-any.whl.metadata (3.9 kB)
2025-08-16T23:20:14.2625950Z #54 ...
2025-08-16T23:20:14.2657063Z 
2025-08-16T23:20:14.2658140Z #55 [fees_h10 base 4/5] RUN if [ -n "" ] && [ -f "" ]; then         pip install -r requirements.txt -c "";     else         pip install -r requirements.txt;     fi
2025-08-16T23:20:14.2661872Z #55 5.141 Collecting celery==5.4.* (from celery[redis]==5.4.*->-r requirements.txt (line 1))
2025-08-16T23:20:14.2662877Z #55 5.188   Downloading celery-5.4.0-py3-none-any.whl.metadata (21 kB)
2025-08-16T23:20:14.2664811Z #55 5.389 Collecting billiard<5.0,>=4.2.0 (from celery==5.4.*->celery[redis]==5.4.*->-r requirements.txt (line 1))
2025-08-16T23:20:14.2666682Z #55 5.422   Downloading billiard-4.2.1-py3-none-any.whl.metadata (4.4 kB)
2025-08-16T23:20:14.2669618Z #55 5.737 Collecting kombu<6.0,>=5.3.4 (from celery==5.4.*->celery[redis]==5.4.*->-r requirements.txt (line 1))
2025-08-16T23:20:14.2670896Z #55 5.749   Downloading kombu-5.5.4-py3-none-any.whl.metadata (3.5 kB)
2025-08-16T23:20:14.2672815Z #55 5.812 Collecting vine<6.0,>=5.1.0 (from celery==5.4.*->celery[redis]==5.4.*->-r requirements.txt (line 1))
2025-08-16T23:20:14.2676083Z #55 5.821   Downloading vine-5.1.0-py3-none-any.whl.metadata (2.7 kB)
2025-08-16T23:20:14.2677159Z #55 5.873 Collecting click<9.0,>=8.1.2 (from celery==5.4.*->celery[redis]==5.4.*->-r requirements.txt (line 1))
2025-08-16T23:20:14.2679064Z #55 5.887   Downloading click-8.2.1-py3-none-any.whl.metadata (2.5 kB)
2025-08-16T23:20:14.2680101Z #55 5.920 Collecting click-didyoumean>=0.3.0 (from celery==5.4.*->celery[redis]==5.4.*->-r requirements.txt (line 1))
2025-08-16T23:20:14.2682840Z #55 5.930   Downloading click_didyoumean-0.3.1-py3-none-any.whl.metadata (3.9 kB)
2025-08-16T23:20:14.2684497Z #55 5.967 Collecting click-repl>=0.2.0 (from celery==5.4.*->celery[redis]==5.4.*->-r requirements.txt (line 1))
2025-08-16T23:20:14.2686378Z #55 5.978   Downloading click_repl-0.3.0-py3-none-any.whl.metadata (3.6 kB)
2025-08-16T23:20:14.2689560Z #55 6.007 Collecting click-plugins>=1.1.1 (from celery==5.4.*->celery[redis]==5.4.*->-r requirements.txt (line 1))
2025-08-16T23:20:14.2692629Z #55 6.021   Downloading click_plugins-1.1.1.2-py2.py3-none-any.whl.metadata (6.5 kB)
2025-08-16T23:20:14.2696423Z #55 6.066 Collecting tzdata>=2022.7 (from celery==5.4.*->celery[redis]==5.4.*->-r requirements.txt (line 1))
2025-08-16T23:20:14.2703661Z #55 6.072   Downloading tzdata-2025.2-py2.py3-none-any.whl.metadata (1.4 kB)
2025-08-16T23:20:14.2704630Z #55 6.116 Collecting python-dateutil>=2.8.2 (from celery==5.4.*->celery[redis]==5.4.*->-r requirements.txt (line 1))
2025-08-16T23:20:14.2705914Z #55 6.116   Downloading python_dateutil-2.9.0.post0-py2.py3-none-any.whl.metadata (8.4 kB)
2025-08-16T23:20:14.2706903Z #55 6.226 Collecting redis!=4.5.5,<6.0.0,>=4.5.2 (from celery[redis]==5.4.*->-r requirements.txt (line 1))
2025-08-16T23:20:14.2707736Z #55 6.235   Downloading redis-5.3.1-py3-none-any.whl.metadata (9.2 kB)
2025-08-16T23:20:14.2708727Z #55 6.373 Collecting prompt-toolkit>=3.0.36 (from click-repl>=0.2.0->celery==5.4.*->celery[redis]==5.4.*->-r requirements.txt (line 1))
2025-08-16T23:20:14.2709780Z #55 6.380   Downloading prompt_toolkit-3.0.51-py3-none-any.whl.metadata (6.4 kB)
2025-08-16T23:20:14.2710961Z #55 6.447 Collecting amqp<6.0.0,>=5.1.1 (from kombu<6.0,>=5.3.4->celery==5.4.*->celery[redis]==5.4.*->-r requirements.txt (line 1))
2025-08-16T23:20:14.2711819Z #55 6.453   Downloading amqp-5.3.1-py3-none-any.whl.metadata (8.9 kB)
2025-08-16T23:20:14.2712647Z #55 6.517 Collecting packaging (from kombu<6.0,>=5.3.4->celery==5.4.*->celery[redis]==5.4.*->-r requirements.txt (line 1))
2025-08-16T23:20:14.2713437Z #55 6.528   Downloading packaging-25.0-py3-none-any.whl.metadata (3.3 kB)
2025-08-16T23:20:14.2714283Z #55 6.573 Collecting six>=1.5 (from python-dateutil>=2.8.2->celery==5.4.*->celery[redis]==5.4.*->-r requirements.txt (line 1))
2025-08-16T23:20:14.2715210Z #55 6.584   Downloading six-1.17.0-py2.py3-none-any.whl.metadata (1.7 kB)
2025-08-16T23:20:14.2716004Z #55 6.649 Collecting PyJWT>=2.9.0 (from redis!=4.5.5,<6.0.0,>=4.5.2->celery[redis]==5.4.*->-r requirements.txt (line 1))
2025-08-16T23:20:14.2716759Z #55 6.661   Downloading PyJWT-2.10.1-py3-none-any.whl.metadata (4.0 kB)
2025-08-16T23:20:14.2717741Z #55 6.717 Collecting wcwidth (from prompt-toolkit>=3.0.36->click-repl>=0.2.0->celery==5.4.*->celery[redis]==5.4.*->-r requirements.txt (line 1))
2025-08-16T23:20:14.2718650Z #55 6.725   Downloading wcwidth-0.2.13-py2.py3-none-any.whl.metadata (14 kB)
2025-08-16T23:20:14.2719244Z #55 6.767 Downloading celery-5.4.0-py3-none-any.whl (425 kB)
2025-08-16T23:20:14.2719987Z #55 6.789 Downloading billiard-4.2.1-py3-none-any.whl (86 kB)
2025-08-16T23:20:14.2720692Z #55 6.805 Downloading click-8.2.1-py3-none-any.whl (102 kB)
2025-08-16T23:20:14.2721231Z #55 6.821 Downloading click_didyoumean-0.3.1-py3-none-any.whl (3.6 kB)
2025-08-16T23:20:14.2721862Z #55 6.851 Downloading click_plugins-1.1.1.2-py2.py3-none-any.whl (11 kB)
2025-08-16T23:20:14.2722445Z #55 6.866 Downloading click_repl-0.3.0-py3-none-any.whl (10 kB)
2025-08-16T23:20:14.2722956Z #55 6.875 Downloading kombu-5.5.4-py3-none-any.whl (210 kB)
2025-08-16T23:20:14.2723433Z #55 6.891 Downloading vine-5.1.0-py3-none-any.whl (9.6 kB)
2025-08-16T23:20:14.2724032Z #55 6.900 Downloading python_dateutil-2.9.0.post0-py2.py3-none-any.whl (229 kB)
2025-08-16T23:20:14.2724680Z #55 6.922 Downloading redis-5.3.1-py3-none-any.whl (272 kB)
2025-08-16T23:20:14.2725265Z #55 6.937 Downloading tzdata-2025.2-py2.py3-none-any.whl (347 kB)
2025-08-16T23:20:14.2725837Z #55 6.968 Downloading amqp-5.3.1-py3-none-any.whl (50 kB)
2025-08-16T23:20:14.2726458Z #55 6.988 Downloading prompt_toolkit-3.0.51-py3-none-any.whl (387 kB)
2025-08-16T23:20:14.2727116Z #55 7.001 Downloading PyJWT-2.10.1-py3-none-any.whl (22 kB)
2025-08-16T23:20:14.2727687Z #55 7.019 Downloading six-1.17.0-py2.py3-none-any.whl (11 kB)
2025-08-16T23:20:14.2728289Z #55 7.029 Downloading packaging-25.0-py3-none-any.whl (66 kB)
2025-08-16T23:20:14.2728915Z #55 7.053 Downloading wcwidth-0.2.13-py2.py3-none-any.whl (34 kB)
2025-08-16T23:20:14.2826397Z #55 7.270 Installing collected packages: wcwidth, vine, tzdata, six, PyJWT, prompt-toolkit, packaging, click, billiard, redis, python-dateutil, click-repl, click-plugins, click-didyoumean, amqp, kombu, celery
2025-08-16T23:20:14.3438634Z #55 ...
2025-08-16T23:20:14.3446487Z 
2025-08-16T23:20:14.3454199Z #46 [postgres 1/6] FROM docker.io/library/postgres:16@sha256:66a5efb5677ffac1037774a0e141fd3a4c035c9c0c0e624c9cc980dfa10f45e5
2025-08-16T23:20:14.3458714Z #46 extracting sha256:a1e4ad56dcecf442fba1cec05cd565ededfdc663e5172df9ef9394d96d4c96f8 10.4s
2025-08-16T23:20:14.5020078Z #46 ...
2025-08-16T23:20:14.5031854Z 
2025-08-16T23:20:14.5033611Z #53 [api stage-1 3/6] RUN set -eux;     if [ -f /etc/apt/sources.list ]; then         sed -i 's|http://deb.debian.org|https://deb.debian.org|g' /etc/apt/sources.list;     fi;     apt-get update;     apt-get install -y --no-install-recommends tzdata postgresql-client curl;     rm -rf /var/lib/apt/lists/*
2025-08-16T23:20:14.5035462Z #53 10.63 Selecting previously unselected package libgdbm-compat4t64:amd64.
2025-08-16T23:20:14.6205429Z #53 10.65 Preparing to unpack .../02-libgdbm-compat4t64_1.24-2_amd64.deb ...
2025-08-16T23:20:14.6212737Z #53 10.65 Unpacking libgdbm-compat4t64:amd64 (1.24-2) ...
2025-08-16T23:20:14.6218516Z #53 10.75 Selecting previously unselected package libperl5.40:amd64.
2025-08-16T23:20:14.6233052Z #53 10.75 Preparing to unpack .../03-libperl5.40_5.40.1-6_amd64.deb ...
2025-08-16T23:20:14.6235597Z #53 10.75 Unpacking libperl5.40:amd64 (5.40.1-6) ...
2025-08-16T23:20:15.4767724Z #53 11.56 Selecting previously unselected package perl.
2025-08-16T23:20:15.4769900Z #53 11.57 Preparing to unpack .../04-perl_5.40.1-6_amd64.deb ...
2025-08-16T23:20:15.4773005Z #53 11.57 Unpacking perl (5.40.1-6) ...
2025-08-16T23:20:15.5775417Z #53 ...
2025-08-16T23:20:15.5778029Z 
2025-08-16T23:20:15.5779506Z #56 [logistics_etl] exporting to image
2025-08-16T23:20:15.5782380Z #56 exporting layers 2.3s done
2025-08-16T23:20:15.5783116Z #56 writing image sha256:c64c2b0781e6d69a68a1594861b0ec6d5ba4c74fa79a639740109be7aef5750c done
2025-08-16T23:20:15.5783988Z #56 naming to docker.io/library/awa-app-logistics_etl done
2025-08-16T23:20:15.5784502Z #56 DONE 2.3s
2025-08-16T23:20:15.5784683Z 
2025-08-16T23:20:15.5786110Z #53 [api stage-1 3/6] RUN set -eux;     if [ -f /etc/apt/sources.list ]; then         sed -i 's|http://deb.debian.org|https://deb.debian.org|g' /etc/apt/sources.list;     fi;     apt-get update;     apt-get install -y --no-install-recommends tzdata postgresql-client curl;     rm -rf /var/lib/apt/lists/*
2025-08-16T23:20:15.5788313Z #53 11.67 Selecting previously unselected package libbrotli1:amd64.
2025-08-16T23:20:15.5789056Z #53 11.67 Preparing to unpack .../05-libbrotli1_1.1.0-2+b7_amd64.deb ...
2025-08-16T23:20:15.5789679Z #53 11.67 Unpacking libbrotli1:amd64 (1.1.0-2+b7) ...
2025-08-16T23:20:15.6799887Z #53 ...
2025-08-16T23:20:15.6817113Z 
2025-08-16T23:20:15.6818303Z #57 [logistics_etl] resolving provenance for metadata file
2025-08-16T23:20:15.6820782Z #57 DONE 0.0s
2025-08-16T23:20:15.6822481Z 
2025-08-16T23:20:15.6827958Z #53 [api stage-1 3/6] RUN set -eux;     if [ -f /etc/apt/sources.list ]; then         sed -i 's|http://deb.debian.org|https://deb.debian.org|g' /etc/apt/sources.list;     fi;     apt-get update;     apt-get install -y --no-install-recommends tzdata postgresql-client curl;     rm -rf /var/lib/apt/lists/*
2025-08-16T23:20:15.6861112Z #53 11.76 Selecting previously unselected package libkrb5support0:amd64.
2025-08-16T23:20:15.6861900Z #53 11.76 Preparing to unpack .../06-libkrb5support0_1.21.3-5_amd64.deb ...
2025-08-16T23:20:15.6862558Z #53 11.76 Unpacking libkrb5support0:amd64 (1.21.3-5) ...
2025-08-16T23:20:15.7807075Z #53 11.83 Selecting previously unselected package libcom-err2:amd64.
2025-08-16T23:20:15.7808293Z #53 11.83 Preparing to unpack .../07-libcom-err2_1.47.2-3+b3_amd64.deb ...
2025-08-16T23:20:15.7809158Z #53 11.83 Unpacking libcom-err2:amd64 (1.47.2-3+b3) ...
2025-08-16T23:20:15.7810604Z #53 11.90 Selecting previously unselected package libk5crypto3:amd64.
2025-08-16T23:20:15.7811492Z #53 11.90 Preparing to unpack .../08-libk5crypto3_1.21.3-5_amd64.deb ...
2025-08-16T23:20:15.7812986Z #53 11.91 Unpacking libk5crypto3:amd64 (1.21.3-5) ...
2025-08-16T23:20:15.8907227Z #53 12.00 Selecting previously unselected package libkeyutils1:amd64.
2025-08-16T23:20:15.8909549Z #53 12.00 Preparing to unpack .../09-libkeyutils1_1.6.3-6_amd64.deb ...
2025-08-16T23:20:15.8916791Z #53 12.00 Unpacking libkeyutils1:amd64 (1.6.3-6) ...
2025-08-16T23:20:16.0269415Z #53 12.05 Selecting previously unselected package libkrb5-3:amd64.
2025-08-16T23:20:16.0319486Z #53 12.07 Preparing to unpack .../10-libkrb5-3_1.21.3-5_amd64.deb ...
2025-08-16T23:20:16.0320195Z #53 12.08 Unpacking libkrb5-3:amd64 (1.21.3-5) ...
2025-08-16T23:20:16.1650694Z #53 ...
2025-08-16T23:20:16.1651610Z 
2025-08-16T23:20:16.1652485Z #55 [fees_h10 base 4/5] RUN if [ -n "" ] && [ -f "" ]; then         pip install -r requirements.txt -c "";     else         pip install -r requirements.txt;     fi
2025-08-16T23:20:16.1655385Z #55 11.62 WARNING: Running pip as the 'root' user can result in broken permissions and conflicting behaviour with the system package manager, possibly rendering your system unusable. It is recommended to use a virtual environment instead: https://pip.pypa.io/warnings/venv. Use the --root-user-action option if you know what you are doing and want to suppress this warning.
2025-08-16T23:20:16.1659348Z #55 11.62 Successfully installed PyJWT-2.10.1 amqp-5.3.1 billiard-4.2.1 celery-5.4.0 click-8.2.1 click-didyoumean-0.3.1 click-plugins-1.1.1.2 click-repl-0.3.0 kombu-5.5.4 packaging-25.0 prompt-toolkit-3.0.51 python-dateutil-2.9.0.post0 redis-5.3.1 six-1.17.0 tzdata-2025.2 vine-5.1.0 wcwidth-0.2.13
2025-08-16T23:20:16.1690856Z #55 11.80 
2025-08-16T23:20:16.1691544Z #55 11.80 [notice] A new release of pip is available: 25.0.1 -> 25.2
2025-08-16T23:20:16.1692525Z #55 11.80 [notice] To update, run: pip install --upgrade pip
2025-08-16T23:20:16.1693250Z #55 DONE 12.1s
2025-08-16T23:20:16.1693681Z 
2025-08-16T23:20:16.1694161Z #58 [fees_h10 base 5/5] COPY . .
2025-08-16T23:20:16.1694757Z #58 DONE 0.1s
2025-08-16T23:20:16.1695143Z 
2025-08-16T23:20:16.1696635Z #53 [api stage-1 3/6] RUN set -eux;     if [ -f /etc/apt/sources.list ]; then         sed -i 's|http://deb.debian.org|https://deb.debian.org|g' /etc/apt/sources.list;     fi;     apt-get update;     apt-get install -y --no-install-recommends tzdata postgresql-client curl;     rm -rf /var/lib/apt/lists/*
2025-08-16T23:20:16.1698758Z #53 12.19 Selecting previously unselected package libgssapi-krb5-2:amd64.
2025-08-16T23:20:16.1700141Z #53 12.19 Preparing to unpack .../11-libgssapi-krb5-2_1.21.3-5_amd64.deb ...
2025-08-16T23:20:16.1743145Z #53 12.21 Unpacking libgssapi-krb5-2:amd64 (1.21.3-5) ...
2025-08-16T23:20:16.2839151Z #53 12.32 Selecting previously unselected package libunistring5:amd64.
2025-08-16T23:20:16.2863681Z #53 12.32 Preparing to unpack .../12-libunistring5_1.3-2_amd64.deb ...
2025-08-16T23:20:16.2866945Z #53 12.33 Unpacking libunistring5:amd64 (1.3-2) ...
2025-08-16T23:20:16.3843043Z #53 12.49 Selecting previously unselected package libidn2-0:amd64.
2025-08-16T23:20:16.3844867Z #53 12.49 Preparing to unpack .../13-libidn2-0_2.3.8-2_amd64.deb ...
2025-08-16T23:20:16.3845825Z #53 12.49 Unpacking libidn2-0:amd64 (2.3.8-2) ...
2025-08-16T23:20:16.4858161Z #53 12.56 Selecting previously unselected package libsasl2-modules-db:amd64.
2025-08-16T23:20:16.4861230Z #53 12.57 Preparing to unpack .../14-libsasl2-modules-db_2.1.28+dfsg1-9_amd64.deb ...
2025-08-16T23:20:16.4891364Z #53 12.57 Unpacking libsasl2-modules-db:amd64 (2.1.28+dfsg1-9) ...
2025-08-16T23:20:16.4892130Z #53 12.62 Selecting previously unselected package libsasl2-2:amd64.
2025-08-16T23:20:16.5879207Z #53 12.62 Preparing to unpack .../15-libsasl2-2_2.1.28+dfsg1-9_amd64.deb ...
2025-08-16T23:20:16.5880904Z #53 12.62 Unpacking libsasl2-2:amd64 (2.1.28+dfsg1-9) ...
2025-08-16T23:20:16.5881952Z #53 12.71 Selecting previously unselected package libldap2:amd64.
2025-08-16T23:20:16.5883022Z #53 12.71 Preparing to unpack .../16-libldap2_2.6.10+dfsg-1_amd64.deb ...
2025-08-16T23:20:16.5883880Z #53 12.71 Unpacking libldap2:amd64 (2.6.10+dfsg-1) ...
2025-08-16T23:20:16.7012052Z #53 12.83 Selecting previously unselected package libnghttp2-14:amd64.
2025-08-16T23:20:16.8031615Z #53 12.83 Preparing to unpack .../17-libnghttp2-14_1.64.0-1.1_amd64.deb ...
2025-08-16T23:20:16.8036840Z #53 12.83 Unpacking libnghttp2-14:amd64 (1.64.0-1.1) ...
2025-08-16T23:20:16.8038299Z #53 12.93 Selecting previously unselected package libnghttp3-9:amd64.
2025-08-16T23:20:16.8039444Z #53 12.93 Preparing to unpack .../18-libnghttp3-9_1.8.0-1_amd64.deb ...
2025-08-16T23:20:16.9097852Z #53 12.94 Unpacking libnghttp3-9:amd64 (1.8.0-1) ...
2025-08-16T23:20:16.9098918Z #53 13.02 Selecting previously unselected package libpsl5t64:amd64.
2025-08-16T23:20:16.9099890Z #53 13.02 Preparing to unpack .../19-libpsl5t64_0.21.2-1.1+b1_amd64.deb ...
2025-08-16T23:20:16.9101045Z #53 13.03 Unpacking libpsl5t64:amd64 (0.21.2-1.1+b1) ...
2025-08-16T23:20:17.0135448Z #53 13.09 Selecting previously unselected package libp11-kit0:amd64.
2025-08-16T23:20:17.0137514Z #53 13.09 Preparing to unpack .../20-libp11-kit0_0.25.5-3_amd64.deb ...
2025-08-16T23:20:17.0138140Z #53 13.10 Unpacking libp11-kit0:amd64 (0.25.5-3) ...
2025-08-16T23:20:17.1160023Z #53 13.18 Selecting previously unselected package libtasn1-6:amd64.
2025-08-16T23:20:17.1166573Z #53 13.19 Preparing to unpack .../21-libtasn1-6_4.20.0-2_amd64.deb ...
2025-08-16T23:20:17.1180648Z #53 13.19 Unpacking libtasn1-6:amd64 (4.20.0-2) ...
2025-08-16T23:20:17.1181346Z #53 13.24 Selecting previously unselected package libgnutls30t64:amd64.
2025-08-16T23:20:17.1182057Z #53 13.25 Preparing to unpack .../22-libgnutls30t64_3.8.9-3_amd64.deb ...
2025-08-16T23:20:17.2693624Z #53 13.25 Unpacking libgnutls30t64:amd64 (3.8.9-3) ...
2025-08-16T23:20:17.4592708Z #53 13.49 Selecting previously unselected package librtmp1:amd64.
2025-08-16T23:20:17.4598565Z #53 13.49 Preparing to unpack .../23-librtmp1_2.4+20151223.gitfa8646d.1-2+b5_amd64.deb ...
2025-08-16T23:20:17.4599384Z #53 13.50 Unpacking librtmp1:amd64 (2.4+20151223.gitfa8646d.1-2+b5) ...
2025-08-16T23:20:17.4600124Z #53 13.59 Selecting previously unselected package libssh2-1t64:amd64.
2025-08-16T23:20:17.4601242Z #53 13.59 Preparing to unpack .../24-libssh2-1t64_1.11.1-1_amd64.deb ...
2025-08-16T23:20:17.4601842Z #53 13.59 Unpacking libssh2-1t64:amd64 (1.11.1-1) ...
2025-08-16T23:20:17.5579427Z #53 13.67 Selecting previously unselected package libcurl4t64:amd64.
2025-08-16T23:20:17.5584311Z #53 13.68 Preparing to unpack .../25-libcurl4t64_8.14.1-2_amd64.deb ...
2025-08-16T23:20:17.5584938Z #53 13.69 Unpacking libcurl4t64:amd64 (8.14.1-2) ...
2025-08-16T23:20:17.6794029Z #53 13.75 Selecting previously unselected package curl.
2025-08-16T23:20:17.6795481Z #53 13.76 Preparing to unpack .../26-curl_8.14.1-2_amd64.deb ...
2025-08-16T23:20:17.6796224Z #53 13.76 Unpacking curl (8.14.1-2) ...
2025-08-16T23:20:17.8220764Z #53 13.84 Selecting previously unselected package libpq5:amd64.
2025-08-16T23:20:17.8221874Z #53 13.84 Preparing to unpack .../27-libpq5_17.5-1_amd64.deb ...
2025-08-16T23:20:17.8223644Z #53 13.84 Unpacking libpq5:amd64 (17.5-1) ...
2025-08-16T23:20:17.9292050Z #53 13.96 Selecting previously unselected package postgresql-client-common.
2025-08-16T23:20:17.9293797Z #53 13.96 Preparing to unpack .../28-postgresql-client-common_278_all.deb ...
2025-08-16T23:20:17.9294812Z #53 13.99 Unpacking postgresql-client-common (278) ...
2025-08-16T23:20:18.0372624Z #53 14.09 Selecting previously unselected package postgresql-client-17.
2025-08-16T23:20:18.0374149Z #53 14.09 Preparing to unpack .../29-postgresql-client-17_17.5-1_amd64.deb ...
2025-08-16T23:20:18.0375323Z #53 14.10 Unpacking postgresql-client-17 (17.5-1) ...
2025-08-16T23:20:18.2792858Z #53 14.36 Selecting previously unselected package postgresql-client.
2025-08-16T23:20:18.2793625Z #53 14.37 Preparing to unpack .../30-postgresql-client_17+278_all.deb ...
2025-08-16T23:20:18.2794249Z #53 14.37 Unpacking postgresql-client (17+278) ...
2025-08-16T23:20:18.3888810Z #53 14.42 Setting up libkeyutils1:amd64 (1.6.3-6) ...
2025-08-16T23:20:18.3890001Z #53 14.43 Setting up libgdbm-compat4t64:amd64 (1.24-2) ...
2025-08-16T23:20:18.3890854Z #53 14.45 Setting up libbrotli1:amd64 (1.1.0-2+b7) ...
2025-08-16T23:20:18.3891413Z #53 14.45 Setting up libnghttp2-14:amd64 (1.64.0-1.1) ...
2025-08-16T23:20:18.3891916Z #53 14.46 Setting up libcom-err2:amd64 (1.47.2-3+b3) ...
2025-08-16T23:20:18.3892464Z #53 14.47 Setting up libkrb5support0:amd64 (1.21.3-5) ...
2025-08-16T23:20:18.3894450Z #53 14.47 Setting up libsasl2-modules-db:amd64 (2.1.28+dfsg1-9) ...
2025-08-16T23:20:18.3895245Z #53 14.48 Setting up libp11-kit0:amd64 (0.25.5-3) ...
2025-08-16T23:20:18.3896078Z #53 14.49 Setting up libunistring5:amd64 (1.3-2) ...
2025-08-16T23:20:18.3896619Z #53 14.50 Setting up libk5crypto3:amd64 (1.21.3-5) ...
2025-08-16T23:20:18.3897170Z #53 14.52 Setting up libsasl2-2:amd64 (2.1.28+dfsg1-9) ...
2025-08-16T23:20:18.4903101Z #53 14.53 Setting up libnghttp3-9:amd64 (1.8.0-1) ...
2025-08-16T23:20:18.4904061Z #53 14.54 Setting up perl-modules-5.40 (5.40.1-6) ...
2025-08-16T23:20:18.4906025Z #53 14.55 Setting up sensible-utils (0.0.25) ...
2025-08-16T23:20:18.4906830Z #53 14.56 Setting up libtasn1-6:amd64 (4.20.0-2) ...
2025-08-16T23:20:18.4908304Z #53 14.57 Setting up libkrb5-3:amd64 (1.21.3-5) ...
2025-08-16T23:20:18.4911089Z #53 14.58 Setting up libssh2-1t64:amd64 (1.11.1-1) ...
2025-08-16T23:20:18.4911930Z #53 14.58 Setting up libldap2:amd64 (2.6.10+dfsg-1) ...
2025-08-16T23:20:18.4912787Z #53 14.59 Setting up libidn2-0:amd64 (2.3.8-2) ...
2025-08-16T23:20:18.4913486Z #53 14.59 Setting up libperl5.40:amd64 (5.40.1-6) ...
2025-08-16T23:20:18.4916600Z #53 14.61 Setting up perl (5.40.1-6) ...
2025-08-16T23:20:18.4917628Z #53 14.61 Setting up libgssapi-krb5-2:amd64 (1.21.3-5) ...
2025-08-16T23:20:18.6264497Z #53 14.62 Setting up libgnutls30t64:amd64 (3.8.9-3) ...
2025-08-16T23:20:18.6265375Z #53 14.64 Setting up postgresql-client-common (278) ...
2025-08-16T23:20:18.6274189Z #53 14.65 Setting up libpsl5t64:amd64 (0.21.2-1.1+b1) ...
2025-08-16T23:20:18.6275866Z #53 14.66 Setting up libpq5:amd64 (17.5-1) ...
2025-08-16T23:20:18.6283032Z #53 14.67 Setting up librtmp1:amd64 (2.4+20151223.gitfa8646d.1-2+b5) ...
2025-08-16T23:20:18.6286500Z #53 14.68 Setting up libcurl4t64:amd64 (8.14.1-2) ...
2025-08-16T23:20:18.6289385Z #53 14.69 Setting up postgresql-client-17 (17.5-1) ...
2025-08-16T23:20:19.8235869Z #53 15.83 update-alternatives: using /usr/share/postgresql/17/man/man1/psql.1.gz to provide /usr/share/man/man1/psql.1.gz (psql.1.gz) in auto mode
2025-08-16T23:20:19.8248728Z #53 15.95 Setting up curl (8.14.1-2) ...
2025-08-16T23:20:19.9351820Z #53 15.95 Setting up postgresql-client (17+278) ...
2025-08-16T23:20:19.9352668Z #53 15.97 Processing triggers for libc-bin (2.41-12) ...
2025-08-16T23:20:20.1466827Z #53 16.06 + rm -rf /var/lib/apt/lists/auxfiles /var/lib/apt/lists/deb.debian.org_debian-security_dists_trixie-security_InRelease /var/lib/apt/lists/deb.debian.org_debian-security_dists_trixie-security_main_binary-amd64_Packages.lz4 /var/lib/apt/lists/deb.debian.org_debian_dists_trixie-updates_InRelease /var/lib/apt/lists/deb.debian.org_debian_dists_trixie-updates_main_binary-amd64_Packages.lz4 /var/lib/apt/lists/deb.debian.org_debian_dists_trixie_InRelease /var/lib/apt/lists/deb.debian.org_debian_dists_trixie_main_binary-amd64_Packages.lz4 /var/lib/apt/lists/lock /var/lib/apt/lists/partial
2025-08-16T23:20:20.5706054Z #53 DONE 16.6s
2025-08-16T23:20:20.5707163Z 
2025-08-16T23:20:20.5707630Z #54 [api base  4/12] RUN pip install --no-cache-dir -r requirements.txt
2025-08-16T23:20:20.5708810Z #54 10.73 Collecting botocore<1.35.0,>=1.34.162 (from boto3==1.34.162->-r requirements.txt (line 9))
2025-08-16T23:20:20.5710419Z #54 10.74   Downloading botocore-1.34.162-py3-none-any.whl.metadata (5.7 kB)
2025-08-16T23:20:20.5711723Z #54 10.77 Collecting jmespath<2.0.0,>=0.7.1 (from boto3==1.34.162->-r requirements.txt (line 9))
2025-08-16T23:20:20.5712830Z #54 10.78   Downloading jmespath-1.0.1-py3-none-any.whl.metadata (7.6 kB)
2025-08-16T23:20:20.5717088Z #54 10.83 Collecting s3transfer<0.11.0,>=0.10.0 (from boto3==1.34.162->-r requirements.txt (line 9))
2025-08-16T23:20:20.5717988Z #54 10.84   Downloading s3transfer-0.10.4-py3-none-any.whl.metadata (1.7 kB)
2025-08-16T23:20:20.5718954Z #54 10.97 Collecting MarkupSafe>=2.0 (from Jinja2==3.1.5->-r requirements.txt (line 10))
2025-08-16T23:20:20.5720110Z #54 11.00   Downloading MarkupSafe-3.0.2-cp312-cp312-manylinux_2_17_x86_64.manylinux2014_x86_64.whl.metadata (4.0 kB)
2025-08-16T23:20:20.5721779Z #54 11.35 Collecting psycopg-binary==3.2.9 (from psycopg[binary]==3.2.9->-r requirements.txt (line 6))
2025-08-16T23:20:20.5722970Z #54 11.36   Downloading psycopg_binary-3.2.9-cp312-cp312-manylinux_2_17_x86_64.manylinux2014_x86_64.whl.metadata (2.9 kB)
2025-08-16T23:20:20.5724170Z #54 11.40 Collecting python-dateutil<3.0.0,>=2.1 (from botocore<1.35.0,>=1.34.162->boto3==1.34.162->-r requirements.txt (line 9))
2025-08-16T23:20:20.5725236Z #54 11.41   Downloading python_dateutil-2.9.0.post0-py2.py3-none-any.whl.metadata (8.4 kB)
2025-08-16T23:20:20.5726221Z #54 11.49 Collecting urllib3!=2.2.0,<3,>=1.25.4 (from botocore<1.35.0,>=1.34.162->boto3==1.34.162->-r requirements.txt (line 9))
2025-08-16T23:20:20.5727066Z #54 11.50   Downloading urllib3-2.5.0-py3-none-any.whl.metadata (6.5 kB)
2025-08-16T23:20:20.5727971Z #54 11.53 Collecting dnspython>=2.0.0 (from email_validator>=2.0.0->fastapi==0.111.0->-r requirements.txt (line 3))
2025-08-16T23:20:20.5728997Z #54 11.53   Downloading dnspython-2.7.0-py3-none-any.whl.metadata (5.8 kB)
2025-08-16T23:20:20.5729907Z #54 11.59 Collecting typer>=0.15.1 (from fastapi-cli>=0.0.2->fastapi==0.111.0->-r requirements.txt (line 3))
2025-08-16T23:20:20.5731039Z #54 11.61   Downloading typer-0.16.0-py3-none-any.whl.metadata (15 kB)
2025-08-16T23:20:20.5731949Z #54 11.67 Collecting rich-toolkit>=0.14.8 (from fastapi-cli>=0.0.2->fastapi==0.111.0->-r requirements.txt (line 3))
2025-08-16T23:20:20.5732897Z #54 11.68   Downloading rich_toolkit-0.15.0-py3-none-any.whl.metadata (1.0 kB)
2025-08-16T23:20:20.5733905Z #54 11.71 Collecting annotated-types>=0.6.0 (from pydantic>=2.3.0->pydantic-settings==2.2.1->-r requirements.txt (line 2))
2025-08-16T23:20:20.5735008Z #54 11.71   Downloading annotated_types-0.7.0-py3-none-any.whl.metadata (15 kB)
2025-08-16T23:20:20.5735968Z #54 13.03 Collecting pydantic-core==2.33.2 (from pydantic>=2.3.0->pydantic-settings==2.2.1->-r requirements.txt (line 2))
2025-08-16T23:20:20.5737516Z #54 13.03   Downloading pydantic_core-2.33.2-cp312-cp312-manylinux_2_17_x86_64.manylinux2014_x86_64.whl.metadata (6.8 kB)
2025-08-16T23:20:20.5738831Z #54 13.06 Collecting typing-inspection>=0.4.0 (from pydantic>=2.3.0->pydantic-settings==2.2.1->-r requirements.txt (line 2))
2025-08-16T23:20:20.5739972Z #54 13.06   Downloading typing_inspection-0.4.1-py3-none-any.whl.metadata (2.6 kB)
2025-08-16T23:20:20.5741135Z #54 13.56 Collecting httptools>=0.5.0 (from uvicorn[standard]>=0.12.0->fastapi==0.111.0->-r requirements.txt (line 3))
2025-08-16T23:20:20.5742486Z #54 13.56   Downloading httptools-0.6.4-cp312-cp312-manylinux_2_5_x86_64.manylinux1_x86_64.manylinux_2_17_x86_64.manylinux2014_x86_64.whl.metadata (3.6 kB)
2025-08-16T23:20:20.5743832Z #54 13.64 Collecting pyyaml>=5.1 (from uvicorn[standard]>=0.12.0->fastapi==0.111.0->-r requirements.txt (line 3))
2025-08-16T23:20:20.5744943Z #54 13.65   Downloading PyYAML-6.0.2-cp312-cp312-manylinux_2_17_x86_64.manylinux2014_x86_64.whl.metadata (2.1 kB)
2025-08-16T23:20:20.5746118Z #54 13.76 Collecting uvloop!=0.15.0,!=0.15.1,>=0.14.0 (from uvicorn[standard]>=0.12.0->fastapi==0.111.0->-r requirements.txt (line 3))
2025-08-16T23:20:20.5747348Z #54 13.76   Downloading uvloop-0.21.0-cp312-cp312-manylinux_2_17_x86_64.manylinux2014_x86_64.whl.metadata (4.9 kB)
2025-08-16T23:20:20.5748439Z #54 13.91 Collecting watchfiles>=0.13 (from uvicorn[standard]>=0.12.0->fastapi==0.111.0->-r requirements.txt (line 3))
2025-08-16T23:20:20.5749611Z #54 13.92   Downloading watchfiles-1.1.0-cp312-cp312-manylinux_2_17_x86_64.manylinux2014_x86_64.whl.metadata (4.9 kB)
2025-08-16T23:20:20.5751000Z #54 14.07 Collecting websockets>=10.4 (from uvicorn[standard]>=0.12.0->fastapi==0.111.0->-r requirements.txt (line 3))
2025-08-16T23:20:20.5752326Z #54 14.07   Downloading websockets-15.0.1-cp312-cp312-manylinux_2_5_x86_64.manylinux1_x86_64.manylinux_2_17_x86_64.manylinux2014_x86_64.whl.metadata (6.8 kB)
2025-08-16T23:20:20.5753778Z #54 14.12 Collecting six>=1.5 (from python-dateutil<3.0.0,>=2.1->botocore<1.35.0,>=1.34.162->boto3==1.34.162->-r requirements.txt (line 9))
2025-08-16T23:20:20.5754987Z #54 14.13   Downloading six-1.17.0-py2.py3-none-any.whl.metadata (1.7 kB)
2025-08-16T23:20:20.5756003Z #54 14.21 Collecting rich>=13.7.1 (from rich-toolkit>=0.14.8->fastapi-cli>=0.0.2->fastapi==0.111.0->-r requirements.txt (line 3))
2025-08-16T23:20:20.5765775Z #54 14.21   Downloading rich-14.1.0-py3-none-any.whl.metadata (18 kB)
2025-08-16T23:20:20.5766767Z #54 14.26 Collecting shellingham>=1.3.0 (from typer>=0.15.1->fastapi-cli>=0.0.2->fastapi==0.111.0->-r requirements.txt (line 3))
2025-08-16T23:20:20.5767815Z #54 14.27   Downloading shellingham-1.5.4-py2.py3-none-any.whl.metadata (3.5 kB)
2025-08-16T23:20:20.5768942Z #54 14.36 Collecting markdown-it-py>=2.2.0 (from rich>=13.7.1->rich-toolkit>=0.14.8->fastapi-cli>=0.0.2->fastapi==0.111.0->-r requirements.txt (line 3))
2025-08-16T23:20:20.5771223Z #54 14.36   Downloading markdown_it_py-4.0.0-py3-none-any.whl.metadata (7.3 kB)
2025-08-16T23:20:20.5772701Z #54 14.42 Collecting pygments<3.0.0,>=2.13.0 (from rich>=13.7.1->rich-toolkit>=0.14.8->fastapi-cli>=0.0.2->fastapi==0.111.0->-r requirements.txt (line 3))
2025-08-16T23:20:20.5773807Z #54 14.42   Downloading pygments-2.19.2-py3-none-any.whl.metadata (2.5 kB)
2025-08-16T23:20:20.5774979Z #54 14.44 Collecting mdurl~=0.1 (from markdown-it-py>=2.2.0->rich>=13.7.1->rich-toolkit>=0.14.8->fastapi-cli>=0.0.2->fastapi==0.111.0->-r requirements.txt (line 3))
2025-08-16T23:20:20.5776116Z #54 14.45   Downloading mdurl-0.1.2-py3-none-any.whl.metadata (1.6 kB)
2025-08-16T23:20:20.5776807Z #54 14.48 Downloading uvicorn-0.29.0-py3-none-any.whl (60 kB)
2025-08-16T23:20:20.5777493Z #54 14.48 Downloading pydantic_settings-2.2.1-py3-none-any.whl (13 kB)
2025-08-16T23:20:20.5778197Z #54 14.49 Downloading fastapi-0.111.0-py3-none-any.whl (91 kB)
2025-08-16T23:20:20.5779066Z #54 14.50 Downloading SQLAlchemy-2.0.29-cp312-cp312-manylinux_2_17_x86_64.manylinux2014_x86_64.whl (3.2 MB)
2025-08-16T23:20:20.5780742Z #54 14.56    ━━━━━━━━━━━━━━━━━━━━━━━━━━━━━━━━━━━━━━━━ 3.2/3.2 MB 82.1 MB/s eta 0:00:00
2025-08-16T23:20:20.5781661Z #54 14.57 Downloading alembic-1.13.1-py3-none-any.whl (233 kB)
2025-08-16T23:20:20.5782276Z #54 14.57 Downloading psycopg-3.2.9-py3-none-any.whl (202 kB)
2025-08-16T23:20:20.5782903Z #54 14.59 Downloading httpx-0.27.2-py3-none-any.whl (76 kB)
2025-08-16T23:20:20.5783731Z #54 14.60 Downloading asyncpg-0.29.0-cp312-cp312-manylinux_2_17_x86_64.manylinux2014_x86_64.whl (3.3 MB)
2025-08-16T23:20:20.5784766Z #54 14.62    ━━━━━━━━━━━━━━━━━━━━━━━━━━━━━━━━━━━━━━━━ 3.3/3.3 MB 176.8 MB/s eta 0:00:00
2025-08-16T23:20:20.5785382Z #54 14.63 Downloading boto3-1.34.162-py3-none-any.whl (139 kB)
2025-08-16T23:20:20.5785993Z #54 14.64 Downloading jinja2-3.1.5-py3-none-any.whl (134 kB)
2025-08-16T23:20:20.5786592Z #54 14.65 Downloading httpcore-1.0.9-py3-none-any.whl (78 kB)
2025-08-16T23:20:20.5794740Z #54 14.65 Downloading psycopg_binary-3.2.9-cp312-cp312-manylinux_2_17_x86_64.manylinux2014_x86_64.whl (4.4 MB)
2025-08-16T23:20:20.5796553Z #54 14.70    ━━━━━━━━━━━━━━━━━━━━━━━━━━━━━━━━━━━━━━━━ 4.4/4.4 MB 148.9 MB/s eta 0:00:00
2025-08-16T23:20:20.5797196Z #54 14.70 Downloading botocore-1.34.162-py3-none-any.whl (12.5 MB)
2025-08-16T23:20:20.5797974Z #54 14.77    ━━━━━━━━━━━━━━━━━━━━━━━━━━━━━━━━━━━━━━━━ 12.5/12.5 MB 174.7 MB/s eta 0:00:00
2025-08-16T23:20:20.5798566Z #54 14.78 Downloading click-8.2.1-py3-none-any.whl (102 kB)
2025-08-16T23:20:20.5799207Z #54 14.79 Downloading email_validator-2.2.0-py3-none-any.whl (33 kB)
2025-08-16T23:20:20.5799870Z #54 14.80 Downloading fastapi_cli-0.0.8-py3-none-any.whl (10 kB)
2025-08-16T23:20:20.5801463Z #54 14.80 Downloading greenlet-3.2.4-cp312-cp312-manylinux_2_24_x86_64.manylinux_2_28_x86_64.whl (607 kB)
2025-08-16T23:20:20.5802463Z #54 14.82    ━━━━━━━━━━━━━━━━━━━━━━━━━━━━━━━━━━━━━━━ 607.6/607.6 kB 125.3 MB/s eta 0:00:00
2025-08-16T23:20:20.5803000Z #54 14.82 Downloading h11-0.16.0-py3-none-any.whl (37 kB)
2025-08-16T23:20:20.5803542Z #54 14.83 Downloading idna-3.10-py3-none-any.whl (70 kB)
2025-08-16T23:20:20.5804126Z #54 14.83 Downloading jmespath-1.0.1-py3-none-any.whl (20 kB)
2025-08-16T23:20:20.5805220Z #54 14.84 Downloading MarkupSafe-3.0.2-cp312-cp312-manylinux_2_17_x86_64.manylinux2014_x86_64.whl (23 kB)
2025-08-16T23:20:20.5806303Z #54 14.84 Downloading orjson-3.11.2-cp312-cp312-manylinux_2_17_x86_64.manylinux2014_x86_64.whl (121 kB)
2025-08-16T23:20:20.5807157Z #54 14.85 Downloading pydantic-2.11.7-py3-none-any.whl (444 kB)
2025-08-16T23:20:20.5808027Z #54 14.86 Downloading pydantic_core-2.33.2-cp312-cp312-manylinux_2_17_x86_64.manylinux2014_x86_64.whl (2.0 MB)
2025-08-16T23:20:20.5809101Z #54 14.87    ━━━━━━━━━━━━━━━━━━━━━━━━━━━━━━━━━━━━━━━━ 2.0/2.0 MB 293.3 MB/s eta 0:00:00
2025-08-16T23:20:20.5809715Z #54 14.87 Downloading python_dotenv-1.1.1-py3-none-any.whl (20 kB)
2025-08-16T23:20:20.5810620Z #54 14.88 Downloading python_multipart-0.0.20-py3-none-any.whl (24 kB)
2025-08-16T23:20:20.5811296Z #54 14.88 Downloading s3transfer-0.10.4-py3-none-any.whl (83 kB)
2025-08-16T23:20:20.5811920Z #54 14.90 Downloading starlette-0.37.2-py3-none-any.whl (71 kB)
2025-08-16T23:20:20.5812508Z #54 14.90 Downloading anyio-4.10.0-py3-none-any.whl (107 kB)
2025-08-16T23:20:20.5813287Z #54 14.90 Downloading sniffio-1.3.1-py3-none-any.whl (10 kB)
2025-08-16T23:20:20.5813957Z #54 14.91 Downloading typing_extensions-4.14.1-py3-none-any.whl (43 kB)
2025-08-16T23:20:20.5814802Z #54 14.91 Downloading ujson-5.10.0-cp312-cp312-manylinux_2_17_x86_64.manylinux2014_x86_64.whl (53 kB)
2025-08-16T23:20:20.5815620Z #54 14.92 Downloading certifi-2025.8.3-py3-none-any.whl (161 kB)
2025-08-16T23:20:20.5816222Z #54 14.92 Downloading mako-1.3.10-py3-none-any.whl (78 kB)
2025-08-16T23:20:20.5816828Z #54 14.94 Downloading annotated_types-0.7.0-py3-none-any.whl (13 kB)
2025-08-16T23:20:20.5817465Z #54 14.94 Downloading dnspython-2.7.0-py3-none-any.whl (313 kB)
2025-08-16T23:20:20.5818492Z #54 14.95 Downloading httptools-0.6.4-cp312-cp312-manylinux_2_5_x86_64.manylinux1_x86_64.manylinux_2_17_x86_64.manylinux2014_x86_64.whl (510 kB)
2025-08-16T23:20:20.5820158Z #54 14.96 Downloading python_dateutil-2.9.0.post0-py2.py3-none-any.whl (229 kB)
2025-08-16T23:20:20.5821271Z #54 14.97 Downloading PyYAML-6.0.2-cp312-cp312-manylinux_2_17_x86_64.manylinux2014_x86_64.whl (767 kB)
2025-08-16T23:20:20.5822316Z #54 14.98    ━━━━━━━━━━━━━━━━━━━━━━━━━━━━━━━━━━━━━━━ 767.5/767.5 kB 380.0 MB/s eta 0:00:00
2025-08-16T23:20:20.5822948Z #54 14.99 Downloading rich_toolkit-0.15.0-py3-none-any.whl (29 kB)
2025-08-16T23:20:20.5823565Z #54 15.00 Downloading typer-0.16.0-py3-none-any.whl (46 kB)
2025-08-16T23:20:20.5824200Z #54 15.01 Downloading typing_inspection-0.4.1-py3-none-any.whl (14 kB)
2025-08-16T23:20:20.5824849Z #54 15.02 Downloading urllib3-2.5.0-py3-none-any.whl (129 kB)
2025-08-16T23:20:20.5825637Z #54 15.02 Downloading uvloop-0.21.0-cp312-cp312-manylinux_2_17_x86_64.manylinux2014_x86_64.whl (4.7 MB)
2025-08-16T23:20:20.5826612Z #54 15.04    ━━━━━━━━━━━━━━━━━━━━━━━━━━━━━━━━━━━━━━━━ 4.7/4.7 MB 308.7 MB/s eta 0:00:00
2025-08-16T23:20:20.5827412Z #54 15.05 Downloading watchfiles-1.1.0-cp312-cp312-manylinux_2_17_x86_64.manylinux2014_x86_64.whl (452 kB)
2025-08-16T23:20:20.5828844Z #54 15.06 Downloading websockets-15.0.1-cp312-cp312-manylinux_2_5_x86_64.manylinux1_x86_64.manylinux_2_17_x86_64.manylinux2014_x86_64.whl (182 kB)
2025-08-16T23:20:20.5829894Z #54 15.07 Downloading rich-14.1.0-py3-none-any.whl (243 kB)
2025-08-16T23:20:20.5830972Z #54 15.07 Downloading shellingham-1.5.4-py2.py3-none-any.whl (9.8 kB)
2025-08-16T23:20:20.5831631Z #54 15.08 Downloading six-1.17.0-py2.py3-none-any.whl (11 kB)
2025-08-16T23:20:20.5832264Z #54 15.09 Downloading markdown_it_py-4.0.0-py3-none-any.whl (87 kB)
2025-08-16T23:20:20.5832915Z #54 15.09 Downloading pygments-2.19.2-py3-none-any.whl (1.2 MB)
2025-08-16T23:20:20.5833741Z #54 15.10    ━━━━━━━━━━━━━━━━━━━━━━━━━━━━━━━━━━━━━━━━ 1.2/1.2 MB 374.2 MB/s eta 0:00:00
2025-08-16T23:20:20.5834353Z #54 15.10 Downloading mdurl-0.1.2-py3-none-any.whl (10.0 kB)
2025-08-16T23:20:20.5838214Z #54 15.51 Installing collected packages: websockets, uvloop, urllib3, ujson, typing-extensions, sniffio, six, shellingham, pyyaml, python-multipart, python-dotenv, pygments, psycopg-binary, orjson, mdurl, MarkupSafe, jmespath, idna, httptools, h11, greenlet, dnspython, click, certifi, asyncpg, annotated-types, uvicorn, typing-inspection, sqlalchemy, python-dateutil, pydantic-core, psycopg, markdown-it-py, Mako, Jinja2, httpcore, email_validator, anyio, watchfiles, starlette, rich, pydantic, httpx, botocore, alembic, typer, s3transfer, rich-toolkit, pydantic-settings, fastapi-cli, boto3, fastapi
2025-08-16T23:20:20.8362290Z #54 ...
2025-08-16T23:20:20.8435005Z 
2025-08-16T23:20:20.8435472Z #59 [fees_h10 stage-1 3/6] COPY --from=base /usr/local /usr/local
2025-08-16T23:20:20.8436017Z #59 DONE 2.9s
2025-08-16T23:20:20.8436184Z 
2025-08-16T23:20:20.8436376Z #60 [fees_h10 stage-1 4/6] COPY --from=base /app /app
2025-08-16T23:20:20.8436834Z #60 DONE 0.1s
2025-08-16T23:20:20.8437003Z 
2025-08-16T23:20:20.8437552Z #43 [etl base 4/5] RUN if [ -n "" ] && [ -f "" ]; then         pip install -r requirements.txt -c "";     else         pip install -r requirements.txt;     fi
2025-08-16T23:20:20.8448694Z #43 11.43 Collecting botocore<1.41.0,>=1.40.11 (from boto3<2,>=1.16.39->python-amazon-sp-api==0.8.0->-r requirements.txt (line 3))
2025-08-16T23:20:20.8459448Z #43 11.46   Downloading botocore-1.40.11-py3-none-any.whl.metadata (5.7 kB)
2025-08-16T23:20:20.8469565Z #43 11.51 Collecting jmespath<2.0.0,>=0.7.1 (from boto3<2,>=1.16.39->python-amazon-sp-api==0.8.0->-r requirements.txt (line 3))
2025-08-16T23:20:20.8482020Z #43 11.54   Downloading jmespath-1.0.1-py3-none-any.whl.metadata (7.6 kB)
2025-08-16T23:20:20.8484891Z #43 11.62 Collecting s3transfer<0.14.0,>=0.13.0 (from boto3<2,>=1.16.39->python-amazon-sp-api==0.8.0->-r requirements.txt (line 3))
2025-08-16T23:20:20.8487800Z #43 11.64   Downloading s3transfer-0.13.1-py3-none-any.whl.metadata (1.7 kB)
2025-08-16T23:20:20.8488790Z #43 11.73 Collecting pyyaml (from confuse~=1.4.0->python-amazon-sp-api==0.8.0->-r requirements.txt (line 3))
2025-08-16T23:20:20.8490708Z #43 11.75   Downloading PyYAML-6.0.2-cp312-cp312-manylinux_2_17_x86_64.manylinux2014_x86_64.whl.metadata (2.1 kB)
2025-08-16T23:20:20.8491828Z #43 11.81 Collecting python-dateutil>=2.8.2 (from pandas<=3.0->keepa==1.3.14->-r requirements.txt (line 1))
2025-08-16T23:20:20.8492855Z #43 11.84   Downloading python_dateutil-2.9.0.post0-py2.py3-none-any.whl.metadata (8.4 kB)
2025-08-16T23:20:20.8493811Z #43 11.90 Collecting tzdata>=2022.7 (from pandas<=3.0->keepa==1.3.14->-r requirements.txt (line 1))
2025-08-16T23:20:20.8494851Z #43 11.92   Downloading tzdata-2025.2-py2.py3-none-any.whl.metadata (1.4 kB)
2025-08-16T23:20:20.8495783Z #43 11.96 Collecting annotated-types>=0.6.0 (from pydantic->keepa==1.3.14->-r requirements.txt (line 1))
2025-08-16T23:20:20.8496963Z #43 11.98   Downloading annotated_types-0.7.0-py3-none-any.whl.metadata (15 kB)
2025-08-16T23:20:20.8498201Z #43 13.58 Collecting pydantic-core==2.33.2 (from pydantic->keepa==1.3.14->-r requirements.txt (line 1))
2025-08-16T23:20:20.8499375Z #43 13.61   Downloading pydantic_core-2.33.2-cp312-cp312-manylinux_2_17_x86_64.manylinux2014_x86_64.whl.metadata (6.8 kB)
2025-08-16T23:20:20.8500692Z #43 13.65 Collecting typing-extensions>=4.12.2 (from pydantic->keepa==1.3.14->-r requirements.txt (line 1))
2025-08-16T23:20:20.8501664Z #43 13.67   Downloading typing_extensions-4.14.1-py3-none-any.whl.metadata (3.0 kB)
2025-08-16T23:20:20.8502643Z #43 13.69 Collecting typing-inspection>=0.4.0 (from pydantic->keepa==1.3.14->-r requirements.txt (line 1))
2025-08-16T23:20:20.8503449Z #43 13.71   Downloading typing_inspection-0.4.1-py3-none-any.whl.metadata (2.6 kB)
2025-08-16T23:20:20.8504222Z #43 13.89 Collecting charset_normalizer<4,>=2 (from requests>=2.2->keepa==1.3.14->-r requirements.txt (line 1))
2025-08-16T23:20:20.8505378Z #43 13.92   Downloading charset_normalizer-3.4.3-cp312-cp312-manylinux2014_x86_64.manylinux_2_17_x86_64.manylinux_2_28_x86_64.whl.metadata (36 kB)
2025-08-16T23:20:20.8507043Z #43 13.98 Collecting idna<4,>=2.5 (from requests>=2.2->keepa==1.3.14->-r requirements.txt (line 1))
2025-08-16T23:20:20.8508394Z #43 14.00   Downloading idna-3.10-py3-none-any.whl.metadata (10 kB)
2025-08-16T23:20:20.8509269Z #43 14.09 Collecting aiohappyeyeballs>=2.5.0 (from aiohttp->keepa==1.3.14->-r requirements.txt (line 1))
2025-08-16T23:20:20.8510769Z #43 14.12   Downloading aiohappyeyeballs-2.6.1-py3-none-any.whl.metadata (5.9 kB)
2025-08-16T23:20:20.8511857Z #43 14.14 Collecting aiosignal>=1.4.0 (from aiohttp->keepa==1.3.14->-r requirements.txt (line 1))
2025-08-16T23:20:20.8512727Z #43 14.17   Downloading aiosignal-1.4.0-py3-none-any.whl.metadata (3.7 kB)
2025-08-16T23:20:20.8513553Z #43 14.21 Collecting attrs>=17.3.0 (from aiohttp->keepa==1.3.14->-r requirements.txt (line 1))
2025-08-16T23:20:20.8514358Z #43 14.24   Downloading attrs-25.3.0-py3-none-any.whl.metadata (10 kB)
2025-08-16T23:20:20.8515183Z #43 14.42 Collecting frozenlist>=1.1.1 (from aiohttp->keepa==1.3.14->-r requirements.txt (line 1))
2025-08-16T23:20:20.8516837Z #43 14.44   Downloading frozenlist-1.7.0-cp312-cp312-manylinux_2_5_x86_64.manylinux1_x86_64.manylinux_2_17_x86_64.manylinux2014_x86_64.whl.metadata (18 kB)
2025-08-16T23:20:20.8518574Z #43 14.85 Collecting multidict<7.0,>=4.5 (from aiohttp->keepa==1.3.14->-r requirements.txt (line 1))
2025-08-16T23:20:20.8519769Z #43 14.87   Downloading multidict-6.6.4-cp312-cp312-manylinux2014_x86_64.manylinux_2_17_x86_64.manylinux_2_28_x86_64.whl.metadata (5.3 kB)
2025-08-16T23:20:20.8521131Z #43 14.97 Collecting propcache>=0.2.0 (from aiohttp->keepa==1.3.14->-r requirements.txt (line 1))
2025-08-16T23:20:20.8522348Z #43 14.99   Downloading propcache-0.3.2-cp312-cp312-manylinux_2_17_x86_64.manylinux2014_x86_64.whl.metadata (12 kB)
2025-08-16T23:20:20.8523377Z #43 15.58 Collecting yarl<2.0,>=1.17.0 (from aiohttp->keepa==1.3.14->-r requirements.txt (line 1))
2025-08-16T23:20:20.8524525Z #43 15.60   Downloading yarl-1.20.1-cp312-cp312-manylinux_2_17_x86_64.manylinux2014_x86_64.whl.metadata (73 kB)
2025-08-16T23:20:20.8525617Z #43 16.04 Downloading keepa-1.3.14-py3-none-any.whl (33 kB)
2025-08-16T23:20:20.8526199Z #43 16.07 Downloading minio-7.1.15-py3-none-any.whl (77 kB)
2025-08-16T23:20:20.8526854Z #43 16.22 Downloading python_amazon_sp_api-0.8.0-py3-none-any.whl (93 kB)
2025-08-16T23:20:20.8527581Z #43 16.29 Downloading pydantic_settings-2.2.1-py3-none-any.whl (13 kB)
2025-08-16T23:20:20.8528243Z #43 16.35 Downloading boto3-1.40.11-py3-none-any.whl (140 kB)
2025-08-16T23:20:20.8529322Z #43 16.43 Downloading cachetools-4.2.4-py3-none-any.whl (10 kB)
2025-08-16T23:20:20.8530596Z #43 16.47 Downloading confuse-1.4.0-py2.py3-none-any.whl (21 kB)
2025-08-16T23:20:20.8531587Z #43 16.52 Downloading numpy-2.3.2-cp312-cp312-manylinux_2_27_x86_64.manylinux_2_28_x86_64.whl (16.6 MB)
2025-08-16T23:20:20.8533224Z #43 16.79    ━━━━━━━━━━━━━━━━━━━━━━━━━━━━━━━━━━━━━━━━ 16.6/16.6 MB 63.9 MB/s eta 0:00:00
2025-08-16T23:20:20.8534239Z #43 16.81 Downloading pandas-2.3.1-cp312-cp312-manylinux_2_17_x86_64.manylinux2014_x86_64.whl (12.0 MB)
2025-08-16T23:20:20.9712583Z #43 ...
2025-08-16T23:20:20.9715790Z 
2025-08-16T23:20:20.9716080Z #61 [fees_h10 stage-1 5/6] COPY start.sh ./start.sh
2025-08-16T23:20:20.9716501Z #61 DONE 0.0s
2025-08-16T23:20:20.9716659Z 
2025-08-16T23:20:20.9717257Z #46 [postgres 1/6] FROM docker.io/library/postgres:16@sha256:66a5efb5677ffac1037774a0e141fd3a4c035c9c0c0e624c9cc980dfa10f45e5
2025-08-16T23:20:20.9718402Z #46 extracting sha256:a1e4ad56dcecf442fba1cec05cd565ededfdc663e5172df9ef9394d96d4c96f8 16.3s done
2025-08-16T23:20:20.9719440Z #46 extracting sha256:987c1b4919ea2d87df20824aaef43a9de0575ac7df684579ad267c7e48c8eeea done
2025-08-16T23:20:20.9720669Z #46 extracting sha256:a858bd6d34e86a481a2e028e3ba489e662b3ac7713eba9a5d3bb97002c7d797e done
2025-08-16T23:20:20.9721660Z #46 extracting sha256:f1b3502db45ad485f0affe43e32fc81d699ddac01c023f198271a0a7e1cecd4c done
2025-08-16T23:20:20.9722660Z #46 extracting sha256:25ef78fb127c1934630de29a3d38f46e544360b1dcf5cfc09b25507fbe88fd75 done
2025-08-16T23:20:20.9723629Z #46 extracting sha256:240810240d04caaaccb11d51ba7c3a7f7d6f470ec2a80ee420a3d33899d9a303 done
2025-08-16T23:20:20.9724322Z #46 DONE 21.4s
2025-08-16T23:20:20.9724814Z 
2025-08-16T23:20:20.9725369Z #43 [etl base 4/5] RUN if [ -n "" ] && [ -f "" ]; then         pip install -r requirements.txt -c "";     else         pip install -r requirements.txt;     fi
2025-08-16T23:20:20.9726658Z #43 16.96    ━━━━━━━━━━━━━━━━━━━━━━━━━━━━━━━━━━━━━━━━ 12.0/12.0 MB 81.0 MB/s eta 0:00:00
2025-08-16T23:20:20.9727295Z #43 16.99 Downloading pydantic-2.11.7-py3-none-any.whl (444 kB)
2025-08-16T23:20:20.9727787Z #43 ...
2025-08-16T23:20:20.9727946Z 
2025-08-16T23:20:20.9728132Z #62 [fees_h10 stage-1 6/6] RUN chmod +x ./start.sh
2025-08-16T23:20:21.3505606Z #62 DONE 0.4s
2025-08-16T23:20:21.3505896Z 
2025-08-16T23:20:21.3506482Z #43 [etl base 4/5] RUN if [ -n "" ] && [ -f "" ]; then         pip install -r requirements.txt -c "";     else         pip install -r requirements.txt;     fi
2025-08-16T23:20:21.3507650Z #43 17.03 Downloading pydantic_core-2.33.2-cp312-cp312-manylinux_2_17_x86_64.manylinux2014_x86_64.whl (2.0 MB)
2025-08-16T23:20:21.3509071Z #43 17.08    ━━━━━━━━━━━━━━━━━━━━━━━━━━━━━━━━━━━━━━━━ 2.0/2.0 MB 51.9 MB/s eta 0:00:00
2025-08-16T23:20:21.3509732Z #43 17.12 Downloading python_dotenv-1.1.1-py3-none-any.whl (20 kB)
2025-08-16T23:20:21.3510584Z #43 17.13 Downloading pytz-2025.2-py2.py3-none-any.whl (509 kB)
2025-08-16T23:20:21.3511225Z #43 17.17 Downloading requests-2.32.4-py3-none-any.whl (64 kB)
2025-08-16T23:20:21.3511860Z #43 17.19 Downloading certifi-2025.8.3-py3-none-any.whl (161 kB)
2025-08-16T23:20:21.3512490Z #43 17.22 Downloading six-1.17.0-py2.py3-none-any.whl (11 kB)
2025-08-16T23:20:21.3513091Z #43 17.25 Downloading urllib3-2.5.0-py3-none-any.whl (129 kB)
2025-08-16T23:20:21.3513920Z #43 17.32 Downloading aiohttp-3.12.15-cp312-cp312-manylinux_2_17_x86_64.manylinux2014_x86_64.whl (1.7 MB)
2025-08-16T23:20:21.3514934Z #43 17.34    ━━━━━━━━━━━━━━━━━━━━━━━━━━━━━━━━━━━━━━━━ 1.7/1.7 MB 67.6 MB/s eta 0:00:00
2025-08-16T23:20:21.3516152Z #43 17.36 Downloading pycryptodome-3.23.0-cp37-abi3-manylinux_2_17_x86_64.manylinux2014_x86_64.whl (2.3 MB)
2025-08-16T23:20:21.3517234Z #43 17.42    ━━━━━━━━━━━━━━━━━━━━━━━━━━━━━━━━━━━━━━━━ 2.3/2.3 MB 51.1 MB/s eta 0:00:00
2025-08-16T23:20:21.4843627Z #43 17.44 Downloading tqdm-4.67.1-py3-none-any.whl (78 kB)
2025-08-16T23:20:21.4844331Z #43 17.47 Downloading aiohappyeyeballs-2.6.1-py3-none-any.whl (15 kB)
2025-08-16T23:20:21.4844980Z #43 17.50 Downloading aiosignal-1.4.0-py3-none-any.whl (7.5 kB)
2025-08-16T23:20:21.4845609Z #43 17.52 Downloading annotated_types-0.7.0-py3-none-any.whl (13 kB)
2025-08-16T23:20:21.6307894Z #43 17.56 Downloading attrs-25.3.0-py3-none-any.whl (63 kB)
2025-08-16T23:20:21.6343194Z #43 17.59 Downloading botocore-1.40.11-py3-none-any.whl (14.0 MB)
2025-08-16T23:20:21.6344290Z #43 17.70    ━━━━━━━━━━━━━━━━━━━━━━━━━━━━━━━━━━━━━━━━ 14.0/14.0 MB 129.9 MB/s eta 0:00:00
2025-08-16T23:20:21.7505487Z #43 17.71 Downloading charset_normalizer-3.4.3-cp312-cp312-manylinux2014_x86_64.manylinux_2_17_x86_64.manylinux_2_28_x86_64.whl (151 kB)
2025-08-16T23:20:21.7507412Z #43 17.74 Downloading frozenlist-1.7.0-cp312-cp312-manylinux_2_5_x86_64.manylinux1_x86_64.manylinux_2_17_x86_64.manylinux2014_x86_64.whl (241 kB)
2025-08-16T23:20:21.7508475Z #43 17.77 Downloading idna-3.10-py3-none-any.whl (70 kB)
2025-08-16T23:20:21.8661330Z #43 17.82 Downloading jmespath-1.0.1-py3-none-any.whl (20 kB)
2025-08-16T23:20:21.8662387Z #43 17.85 Downloading multidict-6.6.4-cp312-cp312-manylinux2014_x86_64.manylinux_2_17_x86_64.manylinux_2_28_x86_64.whl (256 kB)
2025-08-16T23:20:21.8663898Z #43 17.89 Downloading propcache-0.3.2-cp312-cp312-manylinux_2_17_x86_64.manylinux2014_x86_64.whl (224 kB)
2025-08-16T23:20:21.8664858Z #43 17.91 Downloading python_dateutil-2.9.0.post0-py2.py3-none-any.whl (229 kB)
2025-08-16T23:20:21.8665619Z #43 17.93 Downloading s3transfer-0.13.1-py3-none-any.whl (85 kB)
2025-08-16T23:20:21.9786534Z #43 17.97 Downloading typing_extensions-4.14.1-py3-none-any.whl (43 kB)
2025-08-16T23:20:21.9791408Z #43 17.99 Downloading typing_inspection-0.4.1-py3-none-any.whl (14 kB)
2025-08-16T23:20:21.9795972Z #43 18.02 Downloading tzdata-2025.2-py2.py3-none-any.whl (347 kB)
2025-08-16T23:20:21.9801123Z #43 18.05 Downloading yarl-1.20.1-cp312-cp312-manylinux_2_17_x86_64.manylinux2014_x86_64.whl (355 kB)
2025-08-16T23:20:22.2123182Z #43 18.08 Downloading PyYAML-6.0.2-cp312-cp312-manylinux_2_17_x86_64.manylinux2014_x86_64.whl (767 kB)
2025-08-16T23:20:22.2126834Z #43 18.13    ━━━━━━━━━━━━━━━━━━━━━━━━━━━━━━━━━━━━━━━━ 767.5/767.5 kB 22.2 MB/s eta 0:00:00
2025-08-16T23:20:22.5848947Z #43 18.65 Installing collected packages: pytz, urllib3, tzdata, typing-extensions, tqdm, six, pyyaml, python-dotenv, pycryptodome, propcache, numpy, multidict, jmespath, idna, frozenlist, charset_normalizer, certifi, cachetools, attrs, annotated-types, aiohappyeyeballs, yarl, typing-inspection, requests, python-dateutil, pydantic-core, minio, confuse, aiosignal, pydantic, pandas, botocore, aiohttp, s3transfer, pydantic-settings, keepa, boto3, python-amazon-sp-api
2025-08-16T23:20:23.5910439Z #43 ...
2025-08-16T23:20:23.5911175Z 
2025-08-16T23:20:23.5913192Z #52 [repricer base 4/5] RUN if [ -n "" ] && [ -f "" ]; then         pip install -r requirements.txt -c "";     else         pip install -r requirements.txt;     fi
2025-08-16T23:20:23.5914616Z #52 11.05 Collecting pydantic-core==2.33.2 (from pydantic>=2.3.0->pydantic-settings==2.2.1->-r requirements.txt (line 2))
2025-08-16T23:20:23.5916170Z #52 11.07   Downloading pydantic_core-2.33.2-cp312-cp312-manylinux_2_17_x86_64.manylinux2014_x86_64.whl.metadata (6.8 kB)
2025-08-16T23:20:23.5919825Z #52 11.13 Collecting typing-extensions>=4.12.2 (from pydantic>=2.3.0->pydantic-settings==2.2.1->-r requirements.txt (line 2))
2025-08-16T23:20:23.5926836Z #52 11.14   Downloading typing_extensions-4.14.1-py3-none-any.whl.metadata (3.0 kB)
2025-08-16T23:20:23.5927891Z #52 11.18 Collecting typing-inspection>=0.4.0 (from pydantic>=2.3.0->pydantic-settings==2.2.1->-r requirements.txt (line 2))
2025-08-16T23:20:23.5928905Z #52 11.19   Downloading typing_inspection-0.4.1-py3-none-any.whl.metadata (2.6 kB)
2025-08-16T23:20:23.5929889Z #52 11.47 Collecting charset_normalizer<4,>=2 (from requests->python-amazon-sp-api==0.8.0->-r requirements.txt (line 3))
2025-08-16T23:20:23.5943631Z #52 11.49   Downloading charset_normalizer-3.4.3-cp312-cp312-manylinux2014_x86_64.manylinux_2_17_x86_64.manylinux_2_28_x86_64.whl.metadata (36 kB)
2025-08-16T23:20:23.5944906Z #52 11.54 Collecting idna<4,>=2.5 (from requests->python-amazon-sp-api==0.8.0->-r requirements.txt (line 3))
2025-08-16T23:20:23.5945745Z #52 11.56   Downloading idna-3.10-py3-none-any.whl.metadata (10 kB)
2025-08-16T23:20:23.5946632Z #52 11.65 Collecting urllib3<3,>=1.21.1 (from requests->python-amazon-sp-api==0.8.0->-r requirements.txt (line 3))
2025-08-16T23:20:23.5947516Z #52 11.66   Downloading urllib3-2.5.0-py3-none-any.whl.metadata (6.5 kB)
2025-08-16T23:20:23.5948407Z #52 11.71 Collecting certifi>=2017.4.17 (from requests->python-amazon-sp-api==0.8.0->-r requirements.txt (line 3))
2025-08-16T23:20:23.5949614Z #52 11.73   Downloading certifi-2025.8.3-py3-none-any.whl.metadata (2.4 kB)
2025-08-16T23:20:23.5968153Z #52 11.79 Collecting python-dateutil<3.0.0,>=2.1 (from botocore<1.41.0,>=1.40.11->boto3<2,>=1.16.39->python-amazon-sp-api==0.8.0->-r requirements.txt (line 3))
2025-08-16T23:20:23.5969577Z #52 11.80   Downloading python_dateutil-2.9.0.post0-py2.py3-none-any.whl.metadata (8.4 kB)
2025-08-16T23:20:23.5970510Z #52 12.28 Downloading uvicorn-0.29.0-py3-none-any.whl (60 kB)
2025-08-16T23:20:23.5971180Z #52 12.29 Downloading pydantic_settings-2.2.1-py3-none-any.whl (13 kB)
2025-08-16T23:20:23.5971881Z #52 12.31 Downloading python_amazon_sp_api-0.8.0-py3-none-any.whl (93 kB)
2025-08-16T23:20:23.5972533Z #52 12.34 Downloading boto3-1.40.11-py3-none-any.whl (140 kB)
2025-08-16T23:20:23.5973120Z #52 12.36 Downloading cachetools-4.2.4-py3-none-any.whl (10 kB)
2025-08-16T23:20:23.5973704Z #52 12.38 Downloading click-8.2.1-py3-none-any.whl (102 kB)
2025-08-16T23:20:23.5974310Z #52 12.41 Downloading confuse-1.4.0-py2.py3-none-any.whl (21 kB)
2025-08-16T23:20:23.5974876Z #52 12.44 Downloading h11-0.16.0-py3-none-any.whl (37 kB)
2025-08-16T23:20:23.5975448Z #52 12.46 Downloading pydantic-2.11.7-py3-none-any.whl (444 kB)
2025-08-16T23:20:23.5976286Z #52 12.50 Downloading pydantic_core-2.33.2-cp312-cp312-manylinux_2_17_x86_64.manylinux2014_x86_64.whl (2.0 MB)
2025-08-16T23:20:23.5977494Z #52 12.53    ━━━━━━━━━━━━━━━━━━━━━━━━━━━━━━━━━━━━━━━━ 2.0/2.0 MB 78.8 MB/s eta 0:00:00
2025-08-16T23:20:23.5978110Z #52 12.54 Downloading python_dotenv-1.1.1-py3-none-any.whl (20 kB)
2025-08-16T23:20:23.5978727Z #52 12.57 Downloading six-1.17.0-py2.py3-none-any.whl (11 kB)
2025-08-16T23:20:23.5979590Z #52 12.60 Downloading pycryptodome-3.23.0-cp37-abi3-manylinux_2_17_x86_64.manylinux2014_x86_64.whl (2.3 MB)
2025-08-16T23:20:23.5996501Z #52 12.64    ━━━━━━━━━━━━━━━━━━━━━━━━━━━━━━━━━━━━━━━━ 2.3/2.3 MB 50.5 MB/s eta 0:00:00
2025-08-16T23:20:23.5997133Z #52 12.67 Downloading pytz-2025.2-py2.py3-none-any.whl (509 kB)
2025-08-16T23:20:23.5998055Z #52 12.70 Downloading requests-2.32.4-py3-none-any.whl (64 kB)
2025-08-16T23:20:23.5998733Z #52 12.73 Downloading annotated_types-0.7.0-py3-none-any.whl (13 kB)
2025-08-16T23:20:23.5999401Z #52 12.77 Downloading botocore-1.40.11-py3-none-any.whl (14.0 MB)
2025-08-16T23:20:23.6000177Z #52 12.92    ━━━━━━━━━━━━━━━━━━━━━━━━━━━━━━━━━━━━━━━━ 14.0/14.0 MB 92.6 MB/s eta 0:00:00
2025-08-16T23:20:23.6001018Z #52 12.93 Downloading certifi-2025.8.3-py3-none-any.whl (161 kB)
2025-08-16T23:20:23.6002019Z #52 12.96 Downloading charset_normalizer-3.4.3-cp312-cp312-manylinux2014_x86_64.manylinux_2_17_x86_64.manylinux_2_28_x86_64.whl (151 kB)
2025-08-16T23:20:23.6002972Z #52 12.98 Downloading idna-3.10-py3-none-any.whl (70 kB)
2025-08-16T23:20:23.6003507Z #52 13.00 Downloading jmespath-1.0.1-py3-none-any.whl (20 kB)
2025-08-16T23:20:23.6004073Z #52 13.02 Downloading s3transfer-0.13.1-py3-none-any.whl (85 kB)
2025-08-16T23:20:23.6004704Z #52 13.05 Downloading typing_extensions-4.14.1-py3-none-any.whl (43 kB)
2025-08-16T23:20:23.6005387Z #52 13.07 Downloading typing_inspection-0.4.1-py3-none-any.whl (14 kB)
2025-08-16T23:20:23.6006006Z #52 13.09 Downloading urllib3-2.5.0-py3-none-any.whl (129 kB)
2025-08-16T23:20:23.6006728Z #52 13.12 Downloading PyYAML-6.0.2-cp312-cp312-manylinux_2_17_x86_64.manylinux2014_x86_64.whl (767 kB)
2025-08-16T23:20:23.6007640Z #52 13.15    ━━━━━━━━━━━━━━━━━━━━━━━━━━━━━━━━━━━━━━━━ 767.5/767.5 kB 62.5 MB/s eta 0:00:00
2025-08-16T23:20:23.6008297Z #52 13.17 Downloading python_dateutil-2.9.0.post0-py2.py3-none-any.whl (229 kB)
2025-08-16T23:20:23.6010751Z #52 13.44 Installing collected packages: pytz, urllib3, typing-extensions, six, pyyaml, python-dotenv, pycryptodome, jmespath, idna, h11, click, charset_normalizer, certifi, cachetools, annotated-types, uvicorn, typing-inspection, requests, python-dateutil, pydantic-core, confuse, pydantic, botocore, s3transfer, pydantic-settings, boto3, python-amazon-sp-api
2025-08-16T23:20:23.6014941Z #52 18.94 WARNING: Running pip as the 'root' user can result in broken permissions and conflicting behaviour with the system package manager, possibly rendering your system unusable. It is recommended to use a virtual environment instead: https://pip.pypa.io/warnings/venv. Use the --root-user-action option if you know what you are doing and want to suppress this warning.
2025-08-16T23:20:23.6019368Z #52 18.95 Successfully installed annotated-types-0.7.0 boto3-1.40.11 botocore-1.40.11 cachetools-4.2.4 certifi-2025.8.3 charset_normalizer-3.4.3 click-8.2.1 confuse-1.4.0 h11-0.16.0 idna-3.10 jmespath-1.0.1 pycryptodome-3.23.0 pydantic-2.11.7 pydantic-core-2.33.2 pydantic-settings-2.2.1 python-amazon-sp-api-0.8.0 python-dateutil-2.9.0.post0 python-dotenv-1.1.1 pytz-2025.2 pyyaml-6.0.2 requests-2.32.4 s3transfer-0.13.1 six-1.17.0 typing-extensions-4.14.1 typing-inspection-0.4.1 urllib3-2.5.0 uvicorn-0.29.0
2025-08-16T23:20:23.6045170Z #52 19.10 
2025-08-16T23:20:23.6045584Z #52 19.10 [notice] A new release of pip is available: 25.0.1 -> 25.2
2025-08-16T23:20:23.6046191Z #52 19.10 [notice] To update, run: pip install --upgrade pip
2025-08-16T23:20:23.6046645Z #52 DONE 19.6s
2025-08-16T23:20:23.8209581Z 
2025-08-16T23:20:23.8211648Z #63 [repricer base 5/5] COPY services/repricer/ .
2025-08-16T23:20:23.8212365Z #63 DONE 0.1s
2025-08-16T23:20:23.8212884Z 
2025-08-16T23:20:23.8214258Z #64 [postgres 2/6] RUN set -eux;     if [ -f /etc/apt/sources.list ]; then         sed -i 's|http://deb.debian.org|https://deb.debian.org|g' /etc/apt/sources.list;     fi;     apt-get update;     apt-get install -y locales;     locale-gen en_US.UTF-8;     rm -rf /var/lib/apt/lists/*
2025-08-16T23:20:23.8216025Z #64 0.362 + [ -f /etc/apt/sources.list ]
2025-08-16T23:20:23.8217725Z #64 0.362 + apt-get update
2025-08-16T23:20:23.8220900Z #64 0.463 Get:1 http://deb.debian.org/debian trixie InRelease [138 kB]
2025-08-16T23:20:23.8221605Z #64 0.510 Get:2 http://deb.debian.org/debian trixie-updates InRelease [47.1 kB]
2025-08-16T23:20:23.8222379Z #64 0.510 Get:3 http://deb.debian.org/debian-security trixie-security InRelease [43.4 kB]
2025-08-16T23:20:23.8223493Z #64 0.591 Get:4 http://deb.debian.org/debian trixie/main amd64 Packages [9,668 kB]
2025-08-16T23:20:23.8224293Z #64 0.675 Get:5 http://apt.postgresql.org/pub/repos/apt trixie-pgdg InRelease [107 kB]
2025-08-16T23:20:23.8225167Z #64 0.777 Get:6 http://apt.postgresql.org/pub/repos/apt trixie-pgdg/main amd64 Packages [334 kB]
2025-08-16T23:20:23.8226019Z #64 0.777 Get:7 http://deb.debian.org/debian trixie-updates/main amd64 Packages [2,432 B]
2025-08-16T23:20:23.8226884Z #64 0.777 Get:8 http://deb.debian.org/debian-security trixie-security/main amd64 Packages [8,780 B]
2025-08-16T23:20:23.8227810Z #64 0.777 Get:9 http://apt.postgresql.org/pub/repos/apt trixie-pgdg/16 amd64 Packages [2,574 B]
2025-08-16T23:20:23.8228475Z #64 1.923 Fetched 10.3 MB in 1s (6,925 kB/s)
2025-08-16T23:20:23.9644482Z #64 1.923 Reading package lists...
2025-08-16T23:20:24.1432261Z #64 3.006 + apt-get install -y locales
2025-08-16T23:20:24.5781628Z #64 3.019 Reading package lists...
2025-08-16T23:20:24.5782384Z #64 ...
2025-08-16T23:20:24.5782770Z 
2025-08-16T23:20:24.5783455Z #65 [fees_h10] exporting to image
2025-08-16T23:20:24.5783951Z #65 exporting layers 3.1s done
2025-08-16T23:20:24.5785706Z #65 writing image sha256:bfd9bd73b86d302d21255cf3a849b24355d9e68827b29fc8a9cb392386098355 done
2025-08-16T23:20:24.5791085Z #65 naming to docker.io/library/awa-app-fees_h10 done
2025-08-16T23:20:24.5791721Z #65 DONE 3.1s
2025-08-16T23:20:24.5793030Z 
2025-08-16T23:20:24.5821468Z #66 [fees_h10] resolving provenance for metadata file
2025-08-16T23:20:24.5822470Z #66 DONE 0.0s
2025-08-16T23:20:24.7278040Z 
2025-08-16T23:20:24.7279239Z #49 [web build 4/6] RUN npm ci
2025-08-16T23:20:24.7280546Z #49 12.71 npm warn deprecated node-domexception@1.0.0: Use your platform's native DOMException instead
2025-08-16T23:20:24.9570760Z #49 ...
2025-08-16T23:20:24.9571332Z 
2025-08-16T23:20:24.9573193Z #64 [postgres 2/6] RUN set -eux;     if [ -f /etc/apt/sources.list ]; then         sed -i 's|http://deb.debian.org|https://deb.debian.org|g' /etc/apt/sources.list;     fi;     apt-get update;     apt-get install -y locales;     locale-gen en_US.UTF-8;     rm -rf /var/lib/apt/lists/*
2025-08-16T23:20:24.9575442Z #64 3.019 Reading package lists...
2025-08-16T23:20:25.2706918Z #64 4.017 Building dependency tree...
2025-08-16T23:20:25.4221312Z #64 4.297 Reading state information...
2025-08-16T23:20:25.6969149Z #64 ...
2025-08-16T23:20:25.6969836Z 
2025-08-16T23:20:25.6971455Z #49 [web build 4/6] RUN npm ci
2025-08-16T23:20:25.6971867Z #49 22.18 
2025-08-16T23:20:25.6972385Z #49 22.18 added 432 packages, and audited 433 packages in 22s
2025-08-16T23:20:25.6972853Z #49 22.18 
2025-08-16T23:20:25.6973158Z #49 22.18 112 packages are looking for funding
2025-08-16T23:20:25.6973596Z #49 22.18   run `npm fund` for details
2025-08-16T23:20:25.6973951Z #49 22.19 
2025-08-16T23:20:25.6974263Z #49 22.19 2 vulnerabilities (1 low, 1 critical)
2025-08-16T23:20:25.6974680Z #49 22.19 
2025-08-16T23:20:25.6975001Z #49 22.19 To address all issues, run:
2025-08-16T23:20:25.6975389Z #49 22.19   npm audit fix
2025-08-16T23:20:25.6975720Z #49 22.19 
2025-08-16T23:20:25.6976007Z #49 22.19 Run `npm audit` for details.
2025-08-16T23:20:25.6976383Z #49 22.19 npm notice
2025-08-16T23:20:25.6976849Z #49 22.19 npm notice New major version of npm available! 10.8.2 -> 11.5.2
2025-08-16T23:20:25.6977608Z #49 22.19 npm notice Changelog: https://github.com/npm/cli/releases/tag/v11.5.2
2025-08-16T23:20:25.6978308Z #49 22.19 npm notice To update run: npm install -g npm@11.5.2
2025-08-16T23:20:25.6978783Z #49 22.19 npm notice
2025-08-16T23:20:25.6979088Z #49 DONE 22.6s
2025-08-16T23:20:25.6979262Z 
2025-08-16T23:20:25.6979393Z #67 [web build 5/6] COPY . .
2025-08-16T23:20:25.6979746Z #67 DONE 0.0s
2025-08-16T23:20:25.6979912Z 
2025-08-16T23:20:25.6981260Z #64 [postgres 2/6] RUN set -eux;     if [ -f /etc/apt/sources.list ]; then         sed -i 's|http://deb.debian.org|https://deb.debian.org|g' /etc/apt/sources.list;     fi;     apt-get update;     apt-get install -y locales;     locale-gen en_US.UTF-8;     rm -rf /var/lib/apt/lists/*
2025-08-16T23:20:25.6983200Z #64 4.725 locales is already the newest version (2.41-12).
2025-08-16T23:20:25.6983853Z #64 4.725 0 upgraded, 0 newly installed, 0 to remove and 0 not upgraded.
2025-08-16T23:20:25.8704955Z #64 4.732 + locale-gen en_US.UTF-8
2025-08-16T23:20:25.8722911Z #64 4.738 Generating locales (this might take a while)...
2025-08-16T23:20:27.7035676Z #64 4.748   en_US.UTF-8...+ rm -rf /var/lib/apt/lists/apt.postgresql.org_pub_repos_apt_dists_trixie-pgdg_16_binary-amd64_Packages.lz4 /var/lib/apt/lists/apt.postgresql.org_pub_repos_apt_dists_trixie-pgdg_InRelease /var/lib/apt/lists/apt.postgresql.org_pub_repos_apt_dists_trixie-pgdg_main_binary-amd64_Packages.lz4 /var/lib/apt/lists/auxfiles /var/lib/apt/lists/deb.debian.org_debian-security_dists_trixie-security_InRelease /var/lib/apt/lists/deb.debian.org_debian-security_dists_trixie-security_main_binary-amd64_Packages.lz4 /var/lib/apt/lists/deb.debian.org_debian_dists_trixie-updates_InRelease /var/lib/apt/lists/deb.debian.org_debian_dists_trixie-updates_main_binary-amd64_Packages.lz4 /var/lib/apt/lists/deb.debian.org_debian_dists_trixie_InRelease /var/lib/apt/lists/deb.debian.org_debian_dists_trixie_main_binary-amd64_Packages.lz4 /var/lib/apt/lists/lock /var/lib/apt/lists/partial
2025-08-16T23:20:27.7041667Z #64 6.728  done
2025-08-16T23:20:27.7042171Z #64 6.728 Generation complete.
2025-08-16T23:20:27.8710630Z #64 DONE 6.9s
2025-08-16T23:20:27.8718164Z 
2025-08-16T23:20:27.8718384Z #68 [web build 6/6] RUN npm run build
2025-08-16T23:20:27.8718801Z #68 0.522 
2025-08-16T23:20:27.8719088Z #68 0.522 > web@0.0.0 build
2025-08-16T23:20:27.8719430Z #68 0.522 > tsc -b && vite build
2025-08-16T23:20:27.8719783Z #68 0.522 
2025-08-16T23:20:27.9868014Z #68 ...
2025-08-16T23:20:27.9868566Z 
2025-08-16T23:20:27.9869128Z #69 [postgres 3/6] COPY docker/postgres/pg_hba.conf /etc/postgresql/pg_hba.conf
2025-08-16T23:20:27.9870874Z #69 DONE 0.0s
2025-08-16T23:20:27.9871363Z 
2025-08-16T23:20:27.9873142Z #70 [postgres 4/6] COPY docker/postgres/init-pg_hba.sh /docker-entrypoint-initdb.d/10_init_pg_hba.sh
2025-08-16T23:20:27.9874220Z #70 DONE 0.0s
2025-08-16T23:20:27.9874732Z 
2025-08-16T23:20:27.9875321Z #71 [postgres 5/6] COPY docker/postgres/postgresql.conf /etc/postgresql/postgresql.conf
2025-08-16T23:20:27.9881086Z #71 DONE 0.0s
2025-08-16T23:20:28.1433330Z 
2025-08-16T23:20:28.1434547Z #72 [postgres 6/6] RUN chmod 0644 /etc/postgresql/pg_hba.conf &&     chmod +x /docker-entrypoint-initdb.d/10_init_pg_hba.sh
2025-08-16T23:20:28.3246787Z #72 DONE 0.3s
2025-08-16T23:20:28.3249163Z 
2025-08-16T23:20:28.3249493Z #73 [repricer stage-1 3/5] COPY --from=base /usr/local /usr/local
2025-08-16T23:20:28.8649172Z #73 DONE 3.3s
2025-08-16T23:20:28.8649428Z 
2025-08-16T23:20:28.8649586Z #74 [postgres] exporting to image
2025-08-16T23:20:28.9992807Z #74 ...
2025-08-16T23:20:28.9994792Z 
2025-08-16T23:20:28.9995032Z #75 [repricer stage-1 4/5] COPY --from=base /app /app
2025-08-16T23:20:28.9995519Z #75 DONE 0.1s
2025-08-16T23:20:29.1474924Z 
2025-08-16T23:20:29.1476967Z #76 [repricer stage-1 5/5] RUN set -eux;     if [ -f /etc/apt/sources.list ]; then         sed -i 's|http://deb.debian.org|https://deb.debian.org|g' /etc/apt/sources.list;     fi;     apt-get update;     apt-get install -y --no-install-recommends tzdata;     rm -rf /var/lib/apt/lists/*
2025-08-16T23:20:29.3397625Z #76 0.346 + [ -f /etc/apt/sources.list ]
2025-08-16T23:20:29.3400673Z #76 0.346 + apt-get update
2025-08-16T23:20:29.4773256Z #76 0.481 Hit:1 http://deb.debian.org/debian trixie InRelease
2025-08-16T23:20:29.4774437Z #76 0.481 Get:2 http://deb.debian.org/debian trixie-updates InRelease [47.1 kB]
2025-08-16T23:20:29.6956568Z #76 0.511 Get:3 http://deb.debian.org/debian-security trixie-security InRelease [43.4 kB]
2025-08-16T23:20:29.6958268Z #76 0.551 Get:4 http://deb.debian.org/debian trixie/main amd64 Packages [9668 kB]
2025-08-16T23:20:29.7476925Z #76 0.731 Get:5 http://deb.debian.org/debian trixie-updates/main amd64 Packages [2432 B]
2025-08-16T23:20:29.7478183Z #76 0.731 Get:6 http://deb.debian.org/debian-security trixie-security/main amd64 Packages [8780 B]
2025-08-16T23:20:30.6998803Z #76 1.706 Fetched 9769 kB in 1s (7511 kB/s)
2025-08-16T23:20:30.8927225Z #76 1.706 Reading package lists...
2025-08-16T23:20:30.8927714Z #76 ...
2025-08-16T23:20:30.8928260Z 
2025-08-16T23:20:30.8929422Z #54 [api base  4/12] RUN pip install --no-cache-dir -r requirements.txt
2025-08-16T23:20:30.8934439Z #54 25.98 Successfully installed Jinja2-3.1.5 Mako-1.3.10 MarkupSafe-3.0.2 alembic-1.13.1 annotated-types-0.7.0 anyio-4.10.0 asyncpg-0.29.0 boto3-1.34.162 botocore-1.34.162 certifi-2025.8.3 click-8.2.1 dnspython-2.7.0 email_validator-2.2.0 fastapi-0.111.0 fastapi-cli-0.0.8 greenlet-3.2.4 h11-0.16.0 httpcore-1.0.9 httptools-0.6.4 httpx-0.27.2 idna-3.10 jmespath-1.0.1 markdown-it-py-4.0.0 mdurl-0.1.2 orjson-3.11.2 psycopg-3.2.9 psycopg-binary-3.2.9 pydantic-2.11.7 pydantic-core-2.33.2 pydantic-settings-2.2.1 pygments-2.19.2 python-dateutil-2.9.0.post0 python-dotenv-1.1.1 python-multipart-0.0.20 pyyaml-6.0.2 rich-14.1.0 rich-toolkit-0.15.0 s3transfer-0.10.4 shellingham-1.5.4 six-1.17.0 sniffio-1.3.1 sqlalchemy-2.0.29 starlette-0.37.2 typer-0.16.0 typing-extensions-4.14.1 typing-inspection-0.4.1 ujson-5.10.0 urllib3-2.5.0 uvicorn-0.29.0 uvloop-0.21.0 watchfiles-1.1.0 websockets-15.0.1
2025-08-16T23:20:30.8941432Z #54 25.98 WARNING: Running pip as the 'root' user can result in broken permissions and conflicting behaviour with the system package manager, possibly rendering your system unusable. It is recommended to use a virtual environment instead: https://pip.pypa.io/warnings/venv. Use the --root-user-action option if you know what you are doing and want to suppress this warning.
2025-08-16T23:20:30.8943807Z #54 26.15 
2025-08-16T23:20:30.8944623Z #54 26.15 [notice] A new release of pip is available: 25.0.1 -> 25.2
2025-08-16T23:20:30.8945637Z #54 26.15 [notice] To update, run: pip install --upgrade pip
2025-08-16T23:20:30.8946336Z #54 DONE 26.9s
2025-08-16T23:20:30.8946723Z 
2025-08-16T23:20:30.8947674Z #77 [api base  5/12] COPY services/api/ ./services/api
2025-08-16T23:20:30.8948398Z #77 DONE 0.1s
2025-08-16T23:20:31.0776874Z 
2025-08-16T23:20:31.0798553Z #78 [api base  6/12] COPY services/common/ ./services/common
2025-08-16T23:20:31.0799353Z #78 DONE 0.1s
2025-08-16T23:20:31.0799528Z 
2025-08-16T23:20:31.0799735Z #79 [api base  7/12] COPY services/ingest/ ./services/ingest
2025-08-16T23:20:31.0800190Z #79 DONE 0.1s
2025-08-16T23:20:31.0800508Z 
2025-08-16T23:20:31.0800649Z #68 [web build 6/6] RUN npm run build
2025-08-16T23:20:31.1835720Z #68 ...
2025-08-16T23:20:31.1837050Z 
2025-08-16T23:20:31.1837656Z #80 [api base  8/12] COPY services/etl/ ./services/etl
2025-08-16T23:20:31.1838639Z #80 DONE 0.0s
2025-08-16T23:20:31.1840062Z 
2025-08-16T23:20:31.1840741Z #81 [api base  9/12] COPY services/api/alembic.ini ./alembic.ini
2025-08-16T23:20:31.1842749Z #81 DONE 0.1s
2025-08-16T23:20:31.3016414Z 
2025-08-16T23:20:31.3019038Z #82 [api base 10/12] COPY alembic/ ./alembic/
2025-08-16T23:20:31.3024022Z #82 DONE 0.0s
2025-08-16T23:20:31.3024205Z 
2025-08-16T23:20:31.3024365Z #74 [postgres] exporting to image
2025-08-16T23:20:31.3046317Z #74 exporting layers 2.9s done
2025-08-16T23:20:31.3047062Z #74 writing image sha256:428534807cec93d2b77e26bf70114c9ad18d94841236066af056e4f2fccc498c done
2025-08-16T23:20:31.3047870Z #74 naming to docker.io/library/awa-app-postgres done
2025-08-16T23:20:31.3048331Z #74 DONE 2.9s
2025-08-16T23:20:31.3048508Z 
2025-08-16T23:20:31.3048769Z #83 [api base 11/12] COPY services/api/entrypoint.sh ./entrypoint.sh
2025-08-16T23:20:31.3049291Z #83 DONE 0.0s
2025-08-16T23:20:31.3049455Z 
2025-08-16T23:20:31.3049653Z #84 [postgres] resolving provenance for metadata file
2025-08-16T23:20:31.3050112Z #84 DONE 0.0s
2025-08-16T23:20:31.3050463Z 
2025-08-16T23:20:31.3053365Z #85 [api base 12/12] RUN chmod +x ./entrypoint.sh
2025-08-16T23:20:31.4817999Z #85 DONE 0.2s
2025-08-16T23:20:31.4827037Z 
2025-08-16T23:20:31.4828676Z #76 [repricer stage-1 5/5] RUN set -eux;     if [ -f /etc/apt/sources.list ]; then         sed -i 's|http://deb.debian.org|https://deb.debian.org|g' /etc/apt/sources.list;     fi;     apt-get update;     apt-get install -y --no-install-recommends tzdata;     rm -rf /var/lib/apt/lists/*
2025-08-16T23:20:31.6838056Z #76 1.706 Reading package lists...
2025-08-16T23:20:31.8800958Z #76 2.712 + apt-get install -y --no-install-recommends tzdata
2025-08-16T23:20:32.5218099Z #76 2.736 Reading package lists...
2025-08-16T23:20:32.7581838Z #76 3.536 Building dependency tree...
2025-08-16T23:20:32.7582734Z #76 3.764 Reading state information...
2025-08-16T23:20:33.0824719Z #76 4.088 tzdata is already the newest version (2025b-4).
2025-08-16T23:20:33.0825678Z #76 4.088 0 upgraded, 0 newly installed, 0 to remove and 0 not upgraded.
2025-08-16T23:20:33.2787749Z #76 4.091 + rm -rf /var/lib/apt/lists/auxfiles /var/lib/apt/lists/deb.debian.org_debian-security_dists_trixie-security_InRelease /var/lib/apt/lists/deb.debian.org_debian-security_dists_trixie-security_main_binary-amd64_Packages.lz4 /var/lib/apt/lists/deb.debian.org_debian_dists_trixie-updates_InRelease /var/lib/apt/lists/deb.debian.org_debian_dists_trixie-updates_main_binary-amd64_Packages.lz4 /var/lib/apt/lists/deb.debian.org_debian_dists_trixie_InRelease /var/lib/apt/lists/deb.debian.org_debian_dists_trixie_main_binary-amd64_Packages.lz4 /var/lib/apt/lists/lock /var/lib/apt/lists/partial
2025-08-16T23:20:33.2792578Z #76 DONE 4.1s
2025-08-16T23:20:33.2793397Z 
2025-08-16T23:20:33.2793955Z #86 [repricer] exporting to image
2025-08-16T23:20:35.6136984Z #86 exporting layers 2.5s done
2025-08-16T23:20:35.6138055Z #86 writing image sha256:17832fb8cfbf293251ebcdcabbb15eee7cac95e8ba11975213658f930971b1fa
2025-08-16T23:20:35.7929525Z #86 writing image sha256:17832fb8cfbf293251ebcdcabbb15eee7cac95e8ba11975213658f930971b1fa done
2025-08-16T23:20:35.7932701Z #86 naming to docker.io/library/awa-app-repricer done
2025-08-16T23:20:35.7935417Z #86 DONE 2.5s
2025-08-16T23:20:35.7935967Z 
2025-08-16T23:20:35.7936328Z #87 [repricer] resolving provenance for metadata file
2025-08-16T23:20:35.7937297Z #87 DONE 0.0s
2025-08-16T23:20:35.7938103Z 
2025-08-16T23:20:35.7938537Z #68 [web build 6/6] RUN npm run build
2025-08-16T23:20:35.7940176Z #68 9.415 vite v7.0.4 building for production...
2025-08-16T23:20:35.7941756Z #68 9.544 transforming...
2025-08-16T23:20:36.2562757Z #68 ...
2025-08-16T23:20:36.2564832Z 
2025-08-16T23:20:36.2566536Z #88 [api stage-1 4/6] COPY --from=base /usr/local /usr/local
2025-08-16T23:20:36.2567506Z #88 DONE 3.3s
2025-08-16T23:20:36.4379544Z 
2025-08-16T23:20:36.4380105Z #89 [api stage-1 5/6] COPY --from=base /app /app
2025-08-16T23:20:36.4380827Z #89 DONE 0.0s
2025-08-16T23:20:36.4381011Z 
2025-08-16T23:20:36.4381237Z #90 [api stage-1 6/6] RUN chmod +x /app/entrypoint.sh
2025-08-16T23:20:36.4438382Z #90 DONE 0.2s
2025-08-16T23:20:36.4438635Z 
2025-08-16T23:20:36.4438785Z #68 [web build 6/6] RUN npm run build
2025-08-16T23:20:38.7157644Z #68 ...
2025-08-16T23:20:38.7158134Z 
2025-08-16T23:20:38.7159289Z #43 [etl base 4/5] RUN if [ -n "" ] && [ -f "" ]; then         pip install -r requirements.txt -c "";     else         pip install -r requirements.txt;     fi
2025-08-16T23:20:38.7165627Z #43 34.20 Successfully installed aiohappyeyeballs-2.6.1 aiohttp-3.12.15 aiosignal-1.4.0 annotated-types-0.7.0 attrs-25.3.0 boto3-1.40.11 botocore-1.40.11 cachetools-4.2.4 certifi-2025.8.3 charset_normalizer-3.4.3 confuse-1.4.0 frozenlist-1.7.0 idna-3.10 jmespath-1.0.1 keepa-1.3.14 minio-7.1.15 multidict-6.6.4 numpy-2.3.2 pandas-2.3.1 propcache-0.3.2 pycryptodome-3.23.0 pydantic-2.11.7 pydantic-core-2.33.2 pydantic-settings-2.2.1 python-amazon-sp-api-0.8.0 python-dateutil-2.9.0.post0 python-dotenv-1.1.1 pytz-2025.2 pyyaml-6.0.2 requests-2.32.4 s3transfer-0.13.1 six-1.17.0 tqdm-4.67.1 typing-extensions-4.14.1 typing-inspection-0.4.1 tzdata-2025.2 urllib3-2.5.0 yarl-1.20.1
2025-08-16T23:20:38.7171236Z #43 34.21 WARNING: Running pip as the 'root' user can result in broken permissions and conflicting behaviour with the system package manager, possibly rendering your system unusable. It is recommended to use a virtual environment instead: https://pip.pypa.io/warnings/venv. Use the --root-user-action option if you know what you are doing and want to suppress this warning.
2025-08-16T23:20:38.7173707Z #43 34.34 
2025-08-16T23:20:38.7174129Z #43 34.34 [notice] A new release of pip is available: 25.0.1 -> 25.2
2025-08-16T23:20:38.7174736Z #43 34.34 [notice] To update, run: pip install --upgrade pip
2025-08-16T23:20:38.7175223Z #43 DONE 34.8s
2025-08-16T23:20:38.8833059Z 
2025-08-16T23:20:38.8833538Z #91 [etl base 5/5] COPY services/etl/ .
2025-08-16T23:20:38.8834027Z #91 DONE 0.0s
2025-08-16T23:20:38.8834211Z 
2025-08-16T23:20:38.8834353Z #92 [api] exporting to image
2025-08-16T23:20:39.7051812Z #92 exporting layers 3.3s done
2025-08-16T23:20:39.8798551Z #92 writing image sha256:7b054117f76be803f1403b7c4a21069dbdafe50d7822507a111c188510e6877f done
2025-08-16T23:20:39.8799542Z #92 naming to docker.io/library/awa-app-api done
2025-08-16T23:20:39.8800128Z #92 DONE 3.3s
2025-08-16T23:20:39.8800615Z 
2025-08-16T23:20:39.8800992Z #93 [api] resolving provenance for metadata file
2025-08-16T23:20:39.8801422Z #93 DONE 0.0s
2025-08-16T23:20:39.8801605Z 
2025-08-16T23:20:39.8801740Z #68 [web build 6/6] RUN npm run build
2025-08-16T23:20:40.1881156Z #68 ...
2025-08-16T23:20:40.1881462Z 
2025-08-16T23:20:40.1882072Z #94 [etl stage-1 3/9] COPY --from=base /usr/local /usr/local
2025-08-16T23:20:42.7696133Z #94 ...
2025-08-16T23:20:42.7703063Z 
2025-08-16T23:20:42.7709420Z #68 [web build 6/6] RUN npm run build
2025-08-16T23:20:42.7712406Z #68 16.22 ✓ 687 modules transformed.
2025-08-16T23:20:42.7712822Z #68 16.73 rendering chunks...
2025-08-16T23:20:42.7715208Z #68 16.75 computing gzip size...
2025-08-16T23:20:42.7715850Z #68 16.77 dist/index.html                   0.46 kB │ gzip:   0.30 kB
2025-08-16T23:20:42.7716548Z #68 16.77 dist/assets/index-5IA1gRGW.css    0.84 kB │ gzip:   0.45 kB
2025-08-16T23:20:42.7717268Z #68 16.77 dist/assets/index-CIqpArhq.js   613.66 kB │ gzip: 193.69 kB
2025-08-16T23:20:42.7717727Z #68 16.77 
2025-08-16T23:20:42.7718433Z #68 16.77 (!) Some chunks are larger than 500 kB after minification. Consider:
2025-08-16T23:20:42.7719066Z #68 16.77 - Using dynamic import() to code-split the application
2025-08-16T23:20:42.7720087Z #68 16.77 - Use build.rollupOptions.output.manualChunks to improve chunking: https://rollupjs.org/configuration-options/#output-manualchunks
2025-08-16T23:20:42.7721339Z #68 16.77 - Adjust chunk size limit for this warning via build.chunkSizeWarningLimit.
2025-08-16T23:20:42.7721970Z #68 16.77 ✓ built in 7.31s
2025-08-16T23:20:42.7722269Z #68 DONE 17.1s
2025-08-16T23:20:42.9390123Z 
2025-08-16T23:20:42.9393046Z #94 [etl stage-1 3/9] COPY --from=base /usr/local /usr/local
2025-08-16T23:20:42.9395244Z #94 DONE 2.6s
2025-08-16T23:20:42.9395447Z 
2025-08-16T23:20:42.9395638Z #95 [etl stage-1 4/9] COPY --from=base /app /app
2025-08-16T23:20:42.9396072Z #95 DONE 0.0s
2025-08-16T23:20:42.9396279Z 
2025-08-16T23:20:42.9397458Z #96 [etl stage-1 5/9] RUN set -eux;     if [ -f /etc/apt/sources.list ]; then         sed -i 's|http://deb.debian.org|https://deb.debian.org|g' /etc/apt/sources.list;     fi;     apt-get update;     apt-get install -y --no-install-recommends tzdata;     rm -rf /var/lib/apt/lists/*
2025-08-16T23:20:42.9398932Z #96 0.131 + [ -f /etc/apt/sources.list ]
2025-08-16T23:20:42.9399334Z #96 0.131 + apt-get update
2025-08-16T23:20:43.0518952Z #96 0.201 Hit:1 http://deb.debian.org/debian trixie InRelease
2025-08-16T23:20:43.0519583Z #96 0.211 Get:2 http://deb.debian.org/debian trixie-updates InRelease [47.1 kB]
2025-08-16T23:20:43.0520069Z #96 0.244 Get:3 http://deb.debian.org/debian-security trixie-security InRelease [43.4 kB]
2025-08-16T23:20:43.1546331Z #96 ...
2025-08-16T23:20:43.1546784Z 
2025-08-16T23:20:43.1547233Z #97 [web stage-1 2/2] COPY --from=build /app/dist /usr/share/nginx/html
2025-08-16T23:20:43.1547743Z #97 DONE 0.0s
2025-08-16T23:20:43.1547908Z 
2025-08-16T23:20:43.1549374Z #96 [etl stage-1 5/9] RUN set -eux;     if [ -f /etc/apt/sources.list ]; then         sed -i 's|http://deb.debian.org|https://deb.debian.org|g' /etc/apt/sources.list;     fi;     apt-get update;     apt-get install -y --no-install-recommends tzdata;     rm -rf /var/lib/apt/lists/*
2025-08-16T23:20:43.1551153Z #96 0.266 Get:4 http://deb.debian.org/debian trixie/main amd64 Packages [9668 kB]
2025-08-16T23:20:43.3755526Z #96 0.399 Get:5 http://deb.debian.org/debian trixie-updates/main amd64 Packages [2432 B]
2025-08-16T23:20:43.3756178Z #96 0.417 Get:6 http://deb.debian.org/debian-security trixie-security/main amd64 Packages [8780 B]
2025-08-16T23:20:43.8480845Z #96 1.040 Fetched 9769 kB in 1s (11.0 MB/s)
2025-08-16T23:20:44.1754592Z #96 1.040 Reading package lists...
2025-08-16T23:20:44.1754901Z #96 ...
2025-08-16T23:20:44.1755004Z 
2025-08-16T23:20:44.1755101Z #98 [web] exporting to image
2025-08-16T23:20:44.1755342Z #98 exporting layers 0.8s done
2025-08-16T23:20:44.1755790Z #98 writing image sha256:d3badc9bbcd73189173c60bd25b3c6021f849f30ded87dc7080bdb7e6910932d done
2025-08-16T23:20:44.1756332Z #98 naming to docker.io/library/awa-app-web done
2025-08-16T23:20:44.1756627Z #98 DONE 0.9s
2025-08-16T23:20:44.1756735Z 
2025-08-16T23:20:44.1756846Z #99 [web] resolving provenance for metadata file
2025-08-16T23:20:44.1757120Z #99 DONE 0.0s
2025-08-16T23:20:44.3156201Z 
2025-08-16T23:20:44.3157489Z #96 [etl stage-1 5/9] RUN set -eux;     if [ -f /etc/apt/sources.list ]; then         sed -i 's|http://deb.debian.org|https://deb.debian.org|g' /etc/apt/sources.list;     fi;     apt-get update;     apt-get install -y --no-install-recommends tzdata;     rm -rf /var/lib/apt/lists/*
2025-08-16T23:20:44.3158472Z #96 1.040 Reading package lists...
2025-08-16T23:20:44.4829183Z #96 1.517 + apt-get install -y --no-install-recommends tzdata
2025-08-16T23:20:44.7612531Z #96 1.525 Reading package lists...
2025-08-16T23:20:44.8904320Z #96 1.962 Building dependency tree...
2025-08-16T23:20:44.8904755Z #96 2.082 Reading state information...
2025-08-16T23:20:45.0347736Z #96 2.227 tzdata is already the newest version (2025b-4).
2025-08-16T23:20:45.0348658Z #96 2.227 0 upgraded, 0 newly installed, 0 to remove and 0 not upgraded.
2025-08-16T23:20:45.1851452Z #96 2.228 + rm -rf /var/lib/apt/lists/auxfiles /var/lib/apt/lists/deb.debian.org_debian-security_dists_trixie-security_InRelease /var/lib/apt/lists/deb.debian.org_debian-security_dists_trixie-security_main_binary-amd64_Packages.lz4 /var/lib/apt/lists/deb.debian.org_debian_dists_trixie-updates_InRelease /var/lib/apt/lists/deb.debian.org_debian_dists_trixie-updates_main_binary-amd64_Packages.lz4 /var/lib/apt/lists/deb.debian.org_debian_dists_trixie_InRelease /var/lib/apt/lists/deb.debian.org_debian_dists_trixie_main_binary-amd64_Packages.lz4 /var/lib/apt/lists/lock /var/lib/apt/lists/partial
2025-08-16T23:20:45.1855150Z #96 DONE 2.2s
2025-08-16T23:20:45.1855347Z 
2025-08-16T23:20:45.1855705Z #100 [etl stage-1 6/9] COPY services/etl/wait-for-it.sh /usr/local/bin/wait-for-it.sh
2025-08-16T23:20:45.1856373Z #100 DONE 0.0s
2025-08-16T23:20:45.1856554Z 
2025-08-16T23:20:45.1856817Z #101 [etl stage-1 7/9] RUN chmod +x /usr/local/bin/wait-for-it.sh
2025-08-16T23:20:45.1857319Z #101 DONE 0.1s
2025-08-16T23:20:45.3304316Z 
2025-08-16T23:20:45.3304964Z #102 [etl stage-1 8/9] COPY services/etl/entrypoint.sh /app/entrypoint.sh
2025-08-16T23:20:45.3305570Z #102 DONE 0.0s
2025-08-16T23:20:45.3305741Z 
2025-08-16T23:20:45.3306114Z #103 [etl stage-1 9/9] RUN chmod +x /app/entrypoint.sh
2025-08-16T23:20:45.3306687Z #103 DONE 0.1s
2025-08-16T23:20:45.4817048Z 
2025-08-16T23:20:45.4817484Z #104 [etl] exporting to image
2025-08-16T23:20:48.0779681Z #104 exporting layers 2.7s done
2025-08-16T23:20:48.1005935Z #104 writing image sha256:ee15bf5561fd180f591c6daec893f0ad7c7d5e0747c2c63ec9ad860ff13f746a done
2025-08-16T23:20:48.1006488Z #104 naming to docker.io/library/awa-app-etl done
2025-08-16T23:20:48.1006842Z #104 DONE 2.8s
2025-08-16T23:20:48.1006963Z 
2025-08-16T23:20:48.1007084Z #105 [etl] resolving provenance for metadata file
2025-08-16T23:20:48.1007719Z #105 DONE 0.0s
2025-08-16T23:20:48.1007965Z  api  Built
2025-08-16T23:20:48.1008138Z  etl  Built
2025-08-16T23:20:48.1008302Z  web  Built
2025-08-16T23:20:48.1008586Z  logistics_etl  Built
2025-08-16T23:20:48.1008904Z  repricer  Built
2025-08-16T23:20:48.1009186Z  fees_h10  Built
2025-08-16T23:20:48.1009477Z  postgres  Built
2025-08-16T23:20:48.1082367Z ##[group]Run export COMPOSE_DOCKER_CLI_BUILD=1
2025-08-16T23:20:48.1082714Z [36;1mexport COMPOSE_DOCKER_CLI_BUILD=1[0m
2025-08-16T23:20:48.1082982Z [36;1mexport DOCKER_BUILDKIT=1[0m
2025-08-16T23:20:48.1083218Z [36;1mdocker compose up -d --wait[0m
2025-08-16T23:20:48.1125527Z shell: /usr/bin/bash -e {0}
2025-08-16T23:20:48.1125751Z ##[endgroup]
2025-08-16T23:20:48.1997972Z  minio Pulling 
2025-08-16T23:20:48.6799898Z  dd15713b0f22 Pulling fs layer 
2025-08-16T23:20:48.6800608Z  fd312a3c94fc Pulling fs layer 
2025-08-16T23:20:48.6800878Z  02e05d20c69e Pulling fs layer 
2025-08-16T23:20:48.6801124Z  1f08d9fb7d7d Pulling fs layer 
2025-08-16T23:20:48.6801360Z  b452b5fb7338 Pulling fs layer 
2025-08-16T23:20:48.6801674Z  e14ab7c7ae26 Pulling fs layer 
2025-08-16T23:20:48.6802046Z  3bf7f4428838 Pulling fs layer 
2025-08-16T23:20:48.6802345Z  adc9ba906e83 Pulling fs layer 
2025-08-16T23:20:48.6802574Z  1611ffcaf8be Pulling fs layer 
2025-08-16T23:20:48.6802865Z  e14ab7c7ae26 Waiting 
2025-08-16T23:20:48.6803154Z  3bf7f4428838 Waiting 
2025-08-16T23:20:48.6803471Z  adc9ba906e83 Waiting 
2025-08-16T23:20:48.6803775Z  1611ffcaf8be Waiting 
2025-08-16T23:20:48.6804089Z  1f08d9fb7d7d Waiting 
2025-08-16T23:20:48.6804390Z  b452b5fb7338 Waiting 
2025-08-16T23:20:48.7929834Z  02e05d20c69e Downloading [>                                                  ]  2.302kB/122.7kB
2025-08-16T23:20:48.7949413Z  02e05d20c69e Downloading [==================================================>]  122.7kB/122.7kB
2025-08-16T23:20:48.7949916Z  02e05d20c69e Verifying Checksum 
2025-08-16T23:20:48.7950498Z  02e05d20c69e Download complete 
2025-08-16T23:20:48.8260914Z  dd15713b0f22 Downloading [>                                                  ]  76.59kB/7.24MB
2025-08-16T23:20:48.8335305Z  fd312a3c94fc Downloading [>                                                  ]  16.53kB/1.637MB
2025-08-16T23:20:48.8485253Z  fd312a3c94fc Verifying Checksum 
2025-08-16T23:20:48.8633248Z  dd15713b0f22 Verifying Checksum 
2025-08-16T23:20:48.8634000Z  dd15713b0f22 Download complete 
2025-08-16T23:20:48.8639554Z  dd15713b0f22 Extracting [>                                                  ]   98.3kB/7.24MB
2025-08-16T23:20:48.9132505Z  1f08d9fb7d7d Downloading [>                                                  ]  404.9kB/39.39MB
2025-08-16T23:20:48.9723328Z  b452b5fb7338 Downloading [>                                                  ]    115kB/11.19MB
2025-08-16T23:20:48.9751855Z  e14ab7c7ae26 Downloading [>                                                  ]   24.2kB/2.402MB
2025-08-16T23:20:48.9765556Z  dd15713b0f22 Extracting [==============>                                    ]  2.163MB/7.24MB
2025-08-16T23:20:48.9925020Z  e14ab7c7ae26 Verifying Checksum 
2025-08-16T23:20:48.9925569Z  e14ab7c7ae26 Download complete 
2025-08-16T23:20:49.0145098Z  1f08d9fb7d7d Downloading [=====================>                             ]  16.95MB/39.39MB
2025-08-16T23:20:49.0441347Z  b452b5fb7338 Verifying Checksum 
2025-08-16T23:20:49.0441887Z  b452b5fb7338 Download complete 
2025-08-16T23:20:49.1074691Z  dd15713b0f22 Extracting [============================================>      ]  6.488MB/7.24MB
2025-08-16T23:20:49.1184956Z  1f08d9fb7d7d Downloading [====================================>              ]  28.62MB/39.39MB
2025-08-16T23:20:49.1335586Z  dd15713b0f22 Extracting [==================================================>]   7.24MB/7.24MB
2025-08-16T23:20:49.1396319Z  3bf7f4428838 Downloading [>                                                  ]  2.301kB/180.3kB
2025-08-16T23:20:49.1436889Z  dd15713b0f22 Pull complete 
2025-08-16T23:20:49.1448069Z  fd312a3c94fc Extracting [=>                                                 ]  32.77kB/1.637MB
2025-08-16T23:20:49.1459130Z  3bf7f4428838 Downloading [==================================================>]  180.3kB/180.3kB
2025-08-16T23:20:49.1461016Z  3bf7f4428838 Verifying Checksum 
2025-08-16T23:20:49.1461886Z  3bf7f4428838 Download complete 
2025-08-16T23:20:49.1803882Z  fd312a3c94fc Extracting [==================================================>]  1.637MB/1.637MB
2025-08-16T23:20:49.1830641Z  fd312a3c94fc Extracting [==================================================>]  1.637MB/1.637MB
2025-08-16T23:20:49.2232993Z  1f08d9fb7d7d Downloading [=================================================> ]  39.14MB/39.39MB
2025-08-16T23:20:49.2288822Z  1f08d9fb7d7d Verifying Checksum 
2025-08-16T23:20:49.2289386Z  1f08d9fb7d7d Download complete 
2025-08-16T23:20:49.2358516Z  fd312a3c94fc Pull complete 
2025-08-16T23:20:49.2369585Z  02e05d20c69e Extracting [=============>                                     ]  32.77kB/122.7kB
2025-08-16T23:20:49.2381417Z  02e05d20c69e Extracting [==================================================>]  122.7kB/122.7kB
2025-08-16T23:20:49.2462455Z  02e05d20c69e Pull complete 
2025-08-16T23:20:49.2541370Z  1f08d9fb7d7d Extracting [>                                                  ]    426kB/39.39MB
2025-08-16T23:20:49.2770898Z  1611ffcaf8be Downloading [==================================================>]     498B/498B
2025-08-16T23:20:49.2771890Z  1611ffcaf8be Verifying Checksum 
2025-08-16T23:20:49.2772311Z  1611ffcaf8be Download complete 
2025-08-16T23:20:49.3485331Z  adc9ba906e83 Downloading [=====>                                             ]  1.369kB/11.88kB
2025-08-16T23:20:49.3487301Z  adc9ba906e83 Download complete 
2025-08-16T23:20:49.3552325Z  1f08d9fb7d7d Extracting [===========>                                       ]  8.946MB/39.39MB
2025-08-16T23:20:49.4608288Z  1f08d9fb7d7d Extracting [=====================>                             ]  17.04MB/39.39MB
2025-08-16T23:20:49.5645149Z  1f08d9fb7d7d Extracting [=====================================>             ]  29.82MB/39.39MB
2025-08-16T23:20:49.6690850Z  1f08d9fb7d7d Extracting [================================================>  ]  38.34MB/39.39MB
2025-08-16T23:20:49.6812060Z  1f08d9fb7d7d Extracting [==================================================>]  39.39MB/39.39MB
2025-08-16T23:20:49.7168138Z  1f08d9fb7d7d Pull complete 
2025-08-16T23:20:49.7190677Z  b452b5fb7338 Extracting [>                                                  ]  131.1kB/11.19MB
2025-08-16T23:20:49.8197345Z  b452b5fb7338 Extracting [=====================================>             ]  8.389MB/11.19MB
2025-08-16T23:20:49.8486151Z  b452b5fb7338 Extracting [==================================================>]  11.19MB/11.19MB
2025-08-16T23:20:49.8614429Z  b452b5fb7338 Pull complete 
2025-08-16T23:20:49.8634085Z  e14ab7c7ae26 Extracting [>                                                  ]  32.77kB/2.402MB
2025-08-16T23:20:49.8901570Z  e14ab7c7ae26 Extracting [==================================================>]  2.402MB/2.402MB
2025-08-16T23:20:49.8985343Z  e14ab7c7ae26 Pull complete 
2025-08-16T23:20:49.8995763Z  3bf7f4428838 Extracting [=========>                                         ]  32.77kB/180.3kB
2025-08-16T23:20:49.9043070Z  3bf7f4428838 Extracting [==================================================>]  180.3kB/180.3kB
2025-08-16T23:20:49.9055841Z  3bf7f4428838 Extracting [==================================================>]  180.3kB/180.3kB
2025-08-16T23:20:49.9123196Z  3bf7f4428838 Pull complete 
2025-08-16T23:20:49.9132714Z  adc9ba906e83 Extracting [==================================================>]  11.88kB/11.88kB
2025-08-16T23:20:49.9135856Z  adc9ba906e83 Extracting [==================================================>]  11.88kB/11.88kB
2025-08-16T23:20:49.9212806Z  adc9ba906e83 Pull complete 
2025-08-16T23:20:49.9252595Z  1611ffcaf8be Extracting [==================================================>]     498B/498B
2025-08-16T23:20:49.9254929Z  1611ffcaf8be Extracting [==================================================>]     498B/498B
2025-08-16T23:20:49.9352794Z  1611ffcaf8be Pull complete 
2025-08-16T23:20:49.9394222Z  minio Pulled 
2025-08-16T23:20:49.9479440Z  Network awa-app_awa-net  Creating
2025-08-16T23:20:49.9818477Z  Network awa-app_awa-net  Created
2025-08-16T23:20:50.0201509Z  Volume "awa-app_awa-data"  Creating
2025-08-16T23:20:50.0213948Z  Volume "awa-app_awa-data"  Created
2025-08-16T23:20:50.0216767Z  Volume "awa-app_miniodata"  Creating
2025-08-16T23:20:50.0224251Z  Volume "awa-app_miniodata"  Created
2025-08-16T23:20:50.0229691Z  Container awa-app-postgres-1  Creating
2025-08-16T23:20:50.0230485Z  Container awa-app-minio-1  Creating
2025-08-16T23:20:50.0499740Z  Container awa-app-postgres-1  Created
2025-08-16T23:20:50.0502349Z  Container awa-app-minio-1  Created
2025-08-16T23:20:50.0502835Z  Container awa-app-etl-1  Creating
2025-08-16T23:20:50.0503286Z  Container awa-app-fees_h10-1  Creating
2025-08-16T23:20:50.0510775Z  Container awa-app-logistics_etl-1  Creating
2025-08-16T23:20:50.0511504Z  Container awa-app-api-1  Creating
2025-08-16T23:20:50.0737919Z  Container awa-app-logistics_etl-1  Created
2025-08-16T23:20:50.0738399Z  Container awa-app-fees_h10-1  Created
2025-08-16T23:20:50.0752209Z  Container awa-app-etl-1  Created
2025-08-16T23:20:50.0755385Z  Container awa-app-api-1  Created
2025-08-16T23:20:50.0756069Z  Container awa-app-web-1  Creating
2025-08-16T23:20:50.0756594Z  Container awa-app-repricer-1  Creating
2025-08-16T23:20:50.0883718Z  Container awa-app-repricer-1  Created
2025-08-16T23:20:50.0884466Z  Container awa-app-web-1  Created
2025-08-16T23:20:50.0899314Z  Container awa-app-minio-1  Starting
2025-08-16T23:20:50.0899805Z  Container awa-app-postgres-1  Starting
2025-08-16T23:20:50.2628842Z  Container awa-app-postgres-1  Started
2025-08-16T23:20:50.2631125Z  Container awa-app-postgres-1  Waiting
2025-08-16T23:20:50.2631596Z  Container awa-app-postgres-1  Waiting
2025-08-16T23:20:50.2632018Z  Container awa-app-postgres-1  Waiting
2025-08-16T23:20:50.4018522Z  Container awa-app-minio-1  Started
2025-08-16T23:20:50.4019040Z  Container awa-app-postgres-1  Waiting
2025-08-16T23:20:55.4028689Z  Container awa-app-postgres-1  Healthy
2025-08-16T23:20:55.4029175Z  Container awa-app-etl-1  Starting
2025-08-16T23:20:55.5199837Z  Container awa-app-etl-1  Started
2025-08-16T23:20:55.7645038Z  Container awa-app-postgres-1  Healthy
2025-08-16T23:20:55.7646927Z  Container awa-app-fees_h10-1  Starting
2025-08-16T23:20:55.7647528Z  Container awa-app-postgres-1  Healthy
2025-08-16T23:20:55.7648096Z  Container awa-app-logistics_etl-1  Starting
2025-08-16T23:20:55.7648554Z  Container awa-app-postgres-1  Healthy
2025-08-16T23:20:55.7649064Z  Container awa-app-api-1  Starting
2025-08-16T23:20:55.9376036Z  Container awa-app-fees_h10-1  Started
2025-08-16T23:20:55.9416850Z  Container awa-app-logistics_etl-1  Started
2025-08-16T23:20:55.9545433Z  Container awa-app-api-1  Started
2025-08-16T23:20:55.9561236Z  Container awa-app-api-1  Waiting
2025-08-16T23:20:55.9562075Z  Container awa-app-postgres-1  Waiting
2025-08-16T23:20:55.9563163Z  Container awa-app-web-1  Starting
2025-08-16T23:20:56.1666183Z  Container awa-app-web-1  Started
2025-08-16T23:20:56.4565915Z  Container awa-app-postgres-1  Healthy
2025-08-16T23:21:01.4564027Z  Container awa-app-api-1  Healthy
2025-08-16T23:21:01.4564512Z  Container awa-app-repricer-1  Starting
2025-08-16T23:21:01.5979497Z  Container awa-app-repricer-1  Started
2025-08-16T23:21:01.5980008Z  Container awa-app-repricer-1  Waiting
2025-08-16T23:21:01.5980658Z  Container awa-app-postgres-1  Waiting
2025-08-16T23:21:01.5981082Z  Container awa-app-etl-1  Waiting
2025-08-16T23:21:01.5981476Z  Container awa-app-fees_h10-1  Waiting
2025-08-16T23:21:01.5981900Z  Container awa-app-minio-1  Waiting
2025-08-16T23:21:01.5982293Z  Container awa-app-web-1  Waiting
2025-08-16T23:21:01.5982708Z  Container awa-app-logistics_etl-1  Waiting
2025-08-16T23:21:01.5983130Z  Container awa-app-api-1  Waiting
2025-08-16T23:21:02.1001861Z  Container awa-app-api-1  Healthy
2025-08-16T23:21:02.1002494Z  Container awa-app-postgres-1  Healthy
2025-08-16T23:21:02.1002752Z  Container awa-app-web-1  Healthy
2025-08-16T23:21:02.1002989Z  Container awa-app-minio-1  Healthy
2025-08-16T23:21:25.5996494Z  Container awa-app-etl-1  Healthy
2025-08-16T23:21:25.5997014Z container awa-app-logistics_etl-1 exited (1)
2025-08-16T23:21:25.6048661Z ##[error]Process completed with exit code 1.
2025-08-16T23:21:25.6097440Z ##[group]Run export COMPOSE_DOCKER_CLI_BUILD=1
2025-08-16T23:21:25.6097785Z [36;1mexport COMPOSE_DOCKER_CLI_BUILD=1[0m
2025-08-16T23:21:25.6098033Z [36;1mexport DOCKER_BUILDKIT=1[0m
2025-08-16T23:21:25.6098303Z [36;1mdocker compose down -v --remove-orphans[0m
2025-08-16T23:21:25.6138930Z shell: /usr/bin/bash -e {0}
2025-08-16T23:21:25.6139143Z ##[endgroup]
2025-08-16T23:21:25.6890120Z  Container awa-app-logistics_etl-1  Stopping
2025-08-16T23:21:25.6891301Z  Container awa-app-etl-1  Stopping
2025-08-16T23:21:25.6894089Z  Container awa-app-repricer-1  Stopping
2025-08-16T23:21:25.6894559Z  Container awa-app-web-1  Stopping
2025-08-16T23:21:25.6894943Z  Container awa-app-fees_h10-1  Stopping
2025-08-16T23:21:25.6903128Z  Container awa-app-repricer-1  Stopped
2025-08-16T23:21:25.6903599Z  Container awa-app-repricer-1  Removing
2025-08-16T23:21:25.6904463Z  Container awa-app-logistics_etl-1  Stopped
2025-08-16T23:21:25.6904937Z  Container awa-app-logistics_etl-1  Removing
2025-08-16T23:21:25.6905458Z  Container awa-app-fees_h10-1  Stopped
2025-08-16T23:21:25.6905865Z  Container awa-app-fees_h10-1  Removing
2025-08-16T23:21:25.6950050Z  Container awa-app-logistics_etl-1  Removed
2025-08-16T23:21:25.6972819Z  Container awa-app-repricer-1  Removed
2025-08-16T23:21:25.6989719Z  Container awa-app-fees_h10-1  Removed
2025-08-16T23:21:25.8046062Z  Container awa-app-web-1  Stopped
2025-08-16T23:21:25.8046982Z  Container awa-app-web-1  Removing
2025-08-16T23:21:25.8115850Z  Container awa-app-web-1  Removed
2025-08-16T23:21:25.8116577Z  Container awa-app-api-1  Stopping
2025-08-16T23:21:26.2168000Z  Container awa-app-api-1  Stopped
2025-08-16T23:21:26.2168925Z  Container awa-app-api-1  Removing
2025-08-16T23:21:26.2248644Z  Container awa-app-api-1  Removed
2025-08-16T23:21:35.7677439Z  Container awa-app-etl-1  Stopped
2025-08-16T23:21:35.7678697Z  Container awa-app-etl-1  Removing
2025-08-16T23:21:35.7722034Z  Container awa-app-etl-1  Removed
2025-08-16T23:21:35.7722963Z  Container awa-app-minio-1  Stopping
2025-08-16T23:21:35.7723431Z  Container awa-app-postgres-1  Stopping
2025-08-16T23:21:35.8619744Z  Container awa-app-postgres-1  Stopped
2025-08-16T23:21:35.8620446Z  Container awa-app-postgres-1  Removing
2025-08-16T23:21:35.9082729Z  Container awa-app-postgres-1  Removed
2025-08-16T23:21:35.9478265Z  Container awa-app-minio-1  Stopped
2025-08-16T23:21:35.9479092Z  Container awa-app-minio-1  Removing
2025-08-16T23:21:35.9527985Z  Container awa-app-minio-1  Removed
2025-08-16T23:21:35.9534562Z  Volume awa-app_awa-data  Removing
2025-08-16T23:21:35.9598732Z  Volume awa-app_miniodata  Removing
2025-08-16T23:21:35.9599278Z  Network awa-app_awa-net  Removing
2025-08-16T23:21:35.9599699Z  Volume awa-app_miniodata  Removed
2025-08-16T23:21:35.9600077Z  Volume awa-app_awa-data  Removed
2025-08-16T23:21:36.0824725Z  Network awa-app_awa-net  Removed
2025-08-16T23:21:36.0928949Z Post job cleanup.
2025-08-16T23:21:36.1854535Z [command]/usr/bin/git version
2025-08-16T23:21:36.1896076Z git version 2.50.1
2025-08-16T23:21:36.2062711Z Temporarily overriding HOME='/home/runner/work/_temp/05348d34-f3c9-4b7a-8034-535e7b0b3b0e' before making global git config changes
2025-08-16T23:21:36.2063726Z Adding repository directory to the temporary git global config as a safe directory
2025-08-16T23:21:36.2067752Z [command]/usr/bin/git config --global --add safe.directory /home/runner/work/AWA-App/AWA-App
2025-08-16T23:21:36.2100447Z [command]/usr/bin/git config --local --name-only --get-regexp core\.sshCommand
2025-08-16T23:21:36.2131304Z [command]/usr/bin/git submodule foreach --recursive sh -c "git config --local --name-only --get-regexp 'core\.sshCommand' && git config --local --unset-all 'core.sshCommand' || :"
2025-08-16T23:21:36.2350483Z [command]/usr/bin/git config --local --name-only --get-regexp http\.https\:\/\/github\.com\/\.extraheader
2025-08-16T23:21:36.2369867Z http.https://github.com/.extraheader
2025-08-16T23:21:36.2381990Z [command]/usr/bin/git config --local --unset-all http.https://github.com/.extraheader
2025-08-16T23:21:36.2410811Z [command]/usr/bin/git submodule foreach --recursive sh -c "git config --local --name-only --get-regexp 'http\.https\:\/\/github\.com\/\.extraheader' && git config --local --unset-all 'http.https://github.com/.extraheader' || :"
2025-08-16T23:21:36.2744688Z Cleaning up orphan processes
