2025-08-16T21:01:04.9072815Z Current runner version: '2.327.1'
2025-08-16T21:01:04.9096822Z ##[group]Runner Image Provisioner
2025-08-16T21:01:04.9097596Z Hosted Compute Agent
2025-08-16T21:01:04.9098323Z Version: 20250812.370
2025-08-16T21:01:04.9098912Z Commit: 4a2b2bf7520004e3e907c2150c8cabe342a3da32
2025-08-16T21:01:04.9099871Z Build Date: 2025-08-12T16:08:14Z
2025-08-16T21:01:04.9100552Z ##[endgroup]
2025-08-16T21:01:04.9101102Z ##[group]Operating System
2025-08-16T21:01:04.9101640Z Ubuntu
2025-08-16T21:01:04.9102187Z 24.04.2
2025-08-16T21:01:04.9102679Z LTS
2025-08-16T21:01:04.9103155Z ##[endgroup]
2025-08-16T21:01:04.9103707Z ##[group]Runner Image
2025-08-16T21:01:04.9104225Z Image: ubuntu-24.04
2025-08-16T21:01:04.9104757Z Version: 20250810.1.0
2025-08-16T21:01:04.9105764Z Included Software: https://github.com/actions/runner-images/blob/ubuntu24/20250810.1/images/ubuntu/Ubuntu2404-Readme.md
2025-08-16T21:01:04.9107375Z Image Release: https://github.com/actions/runner-images/releases/tag/ubuntu24%2F20250810.1
2025-08-16T21:01:04.9108393Z ##[endgroup]
2025-08-16T21:01:04.9111108Z ##[group]GITHUB_TOKEN Permissions
2025-08-16T21:01:04.9113116Z Actions: write
2025-08-16T21:01:04.9113758Z Attestations: write
2025-08-16T21:01:04.9114262Z Checks: write
2025-08-16T21:01:04.9114821Z Contents: write
2025-08-16T21:01:04.9115329Z Deployments: write
2025-08-16T21:01:04.9115852Z Discussions: write
2025-08-16T21:01:04.9116316Z Issues: write
2025-08-16T21:01:04.9116923Z Metadata: read
2025-08-16T21:01:04.9117395Z Models: read
2025-08-16T21:01:04.9117884Z Packages: write
2025-08-16T21:01:04.9118469Z Pages: write
2025-08-16T21:01:04.9118943Z PullRequests: write
2025-08-16T21:01:04.9119721Z RepositoryProjects: write
2025-08-16T21:01:04.9120428Z SecurityEvents: write
2025-08-16T21:01:04.9121074Z Statuses: write
2025-08-16T21:01:04.9121568Z ##[endgroup]
2025-08-16T21:01:04.9123620Z Secret source: Actions
2025-08-16T21:01:04.9124350Z Prepare workflow directory
2025-08-16T21:01:04.9548783Z Prepare all required actions
2025-08-16T21:01:04.9602533Z Getting action download info
2025-08-16T21:01:05.2260887Z Download action repository 'actions/checkout@v4' (SHA:08eba0b27e820071cde6df949e0beb9ba4906955)
2025-08-16T21:01:05.7865611Z Complete job name: health-checks
2025-08-16T21:01:05.8475165Z ##[group]Run actions/checkout@v4
2025-08-16T21:01:05.8475982Z with:
2025-08-16T21:01:05.8476357Z   fetch-depth: 0
2025-08-16T21:01:05.8476769Z   repository: AlexBomber12/AWA-App
2025-08-16T21:01:05.8477413Z   token: ***
2025-08-16T21:01:05.8477788Z   ssh-strict: true
2025-08-16T21:01:05.8478218Z   ssh-user: git
2025-08-16T21:01:05.8478646Z   persist-credentials: true
2025-08-16T21:01:05.8479076Z   clean: true
2025-08-16T21:01:05.8479703Z   sparse-checkout-cone-mode: true
2025-08-16T21:01:05.8480180Z   fetch-tags: false
2025-08-16T21:01:05.8480587Z   show-progress: true
2025-08-16T21:01:05.8480982Z   lfs: false
2025-08-16T21:01:05.8481545Z   submodules: false
2025-08-16T21:01:05.8482055Z   set-safe-directory: true
2025-08-16T21:01:05.8482755Z ##[endgroup]
2025-08-16T21:01:05.9582136Z Syncing repository: AlexBomber12/AWA-App
2025-08-16T21:01:05.9583848Z ##[group]Getting Git version info
2025-08-16T21:01:05.9584520Z Working directory is '/home/runner/work/AWA-App/AWA-App'
2025-08-16T21:01:05.9585750Z [command]/usr/bin/git version
2025-08-16T21:01:05.9628539Z git version 2.50.1
2025-08-16T21:01:05.9655461Z ##[endgroup]
2025-08-16T21:01:05.9670391Z Temporarily overriding HOME='/home/runner/work/_temp/dd1e89d6-8c73-4233-9e97-a94cdcfa5f67' before making global git config changes
2025-08-16T21:01:05.9672741Z Adding repository directory to the temporary git global config as a safe directory
2025-08-16T21:01:05.9676543Z [command]/usr/bin/git config --global --add safe.directory /home/runner/work/AWA-App/AWA-App
2025-08-16T21:01:05.9709702Z Deleting the contents of '/home/runner/work/AWA-App/AWA-App'
2025-08-16T21:01:05.9712851Z ##[group]Initializing the repository
2025-08-16T21:01:05.9716651Z [command]/usr/bin/git init /home/runner/work/AWA-App/AWA-App
2025-08-16T21:01:05.9770383Z hint: Using 'master' as the name for the initial branch. This default branch name
2025-08-16T21:01:05.9772363Z hint: is subject to change. To configure the initial branch name to use in all
2025-08-16T21:01:05.9773524Z hint: of your new repositories, which will suppress this warning, call:
2025-08-16T21:01:05.9774720Z hint:
2025-08-16T21:01:05.9775566Z hint: 	git config --global init.defaultBranch <name>
2025-08-16T21:01:05.9776603Z hint:
2025-08-16T21:01:05.9777563Z hint: Names commonly chosen instead of 'master' are 'main', 'trunk' and
2025-08-16T21:01:05.9779168Z hint: 'development'. The just-created branch can be renamed via this command:
2025-08-16T21:01:05.9780717Z hint:
2025-08-16T21:01:05.9781382Z hint: 	git branch -m <name>
2025-08-16T21:01:05.9782127Z hint:
2025-08-16T21:01:05.9783127Z hint: Disable this message with "git config set advice.defaultBranchName false"
2025-08-16T21:01:05.9784874Z Initialized empty Git repository in /home/runner/work/AWA-App/AWA-App/.git/
2025-08-16T21:01:05.9787595Z [command]/usr/bin/git remote add origin https://github.com/AlexBomber12/AWA-App
2025-08-16T21:01:05.9817886Z ##[endgroup]
2025-08-16T21:01:05.9819065Z ##[group]Disabling automatic garbage collection
2025-08-16T21:01:05.9823101Z [command]/usr/bin/git config --local gc.auto 0
2025-08-16T21:01:05.9851511Z ##[endgroup]
2025-08-16T21:01:05.9852703Z ##[group]Setting up auth
2025-08-16T21:01:05.9860228Z [command]/usr/bin/git config --local --name-only --get-regexp core\.sshCommand
2025-08-16T21:01:05.9889254Z [command]/usr/bin/git submodule foreach --recursive sh -c "git config --local --name-only --get-regexp 'core\.sshCommand' && git config --local --unset-all 'core.sshCommand' || :"
2025-08-16T21:01:06.0144857Z [command]/usr/bin/git config --local --name-only --get-regexp http\.https\:\/\/github\.com\/\.extraheader
2025-08-16T21:01:06.0174298Z [command]/usr/bin/git submodule foreach --recursive sh -c "git config --local --name-only --get-regexp 'http\.https\:\/\/github\.com\/\.extraheader' && git config --local --unset-all 'http.https://github.com/.extraheader' || :"
2025-08-16T21:01:06.0394339Z [command]/usr/bin/git config --local http.https://github.com/.extraheader AUTHORIZATION: basic ***
2025-08-16T21:01:06.0438146Z ##[endgroup]
2025-08-16T21:01:06.0438964Z ##[group]Fetching the repository
2025-08-16T21:01:06.0448369Z [command]/usr/bin/git -c protocol.version=2 fetch --prune --no-recurse-submodules origin +refs/heads/*:refs/remotes/origin/* +refs/tags/*:refs/tags/* +4b2ad1d7cd4a12bc7cb1117a806508d6884ac4a2:refs/remotes/pull/210/merge
2025-08-16T21:01:06.4690463Z From https://github.com/AlexBomber12/AWA-App
2025-08-16T21:01:06.4692812Z  * [new branch]      codex/check-ci-logs-for-errors-and-fix-them -> origin/codex/check-ci-logs-for-errors-and-fix-them
2025-08-16T21:01:06.4695479Z  * [new branch]      codex/replace-github-cli-with-python-rest-calls -> origin/codex/replace-github-cli-with-python-rest-calls
2025-08-16T21:01:06.4697940Z  * [new branch]      gh-pages                                 -> origin/gh-pages
2025-08-16T21:01:06.4699883Z  * [new branch]      main                                     -> origin/main
2025-08-16T21:01:06.4700675Z  * [new tag]         0.3.0                                    -> 0.3.0
2025-08-16T21:01:06.4701480Z  * [new ref]         4b2ad1d7cd4a12bc7cb1117a806508d6884ac4a2 -> pull/210/merge
2025-08-16T21:01:06.4733334Z ##[endgroup]
2025-08-16T21:01:06.4734704Z ##[group]Determining the checkout info
2025-08-16T21:01:06.4736115Z ##[endgroup]
2025-08-16T21:01:06.4741099Z [command]/usr/bin/git sparse-checkout disable
2025-08-16T21:01:06.4782608Z [command]/usr/bin/git config --local --unset-all extensions.worktreeConfig
2025-08-16T21:01:06.4812458Z ##[group]Checking out the ref
2025-08-16T21:01:06.4815243Z [command]/usr/bin/git checkout --progress --force refs/remotes/pull/210/merge
2025-08-16T21:01:06.5122489Z Note: switching to 'refs/remotes/pull/210/merge'.
2025-08-16T21:01:06.5123756Z 
2025-08-16T21:01:06.5124646Z You are in 'detached HEAD' state. You can look around, make experimental
2025-08-16T21:01:06.5127066Z changes and commit them, and you can discard any commits you make in this
2025-08-16T21:01:06.5128717Z state without impacting any branches by switching back to a branch.
2025-08-16T21:01:06.5129788Z 
2025-08-16T21:01:06.5130321Z If you want to create a new branch to retain commits you create, you may
2025-08-16T21:01:06.5131918Z do so (now or later) by using -c with the switch command. Example:
2025-08-16T21:01:06.5132920Z 
2025-08-16T21:01:06.5133250Z   git switch -c <new-branch-name>
2025-08-16T21:01:06.5133753Z 
2025-08-16T21:01:06.5134060Z Or undo this operation with:
2025-08-16T21:01:06.5134542Z 
2025-08-16T21:01:06.5134820Z   git switch -
2025-08-16T21:01:06.5135190Z 
2025-08-16T21:01:06.5136007Z Turn off this advice by setting config variable advice.detachedHead to false
2025-08-16T21:01:06.5136960Z 
2025-08-16T21:01:06.5138009Z HEAD is now at 4b2ad1d Merge 927bb588357815985003d852fbcb15b554e60f9d into 4e36509e134aa92dde3c86717ac78816940f2736
2025-08-16T21:01:06.5141348Z ##[endgroup]
2025-08-16T21:01:06.5169052Z [command]/usr/bin/git log -1 --format=%H
2025-08-16T21:01:06.5190530Z 4b2ad1d7cd4a12bc7cb1117a806508d6884ac4a2
2025-08-16T21:01:06.5396740Z ##[group]Run if [ ! -f .env ]; then cp .env.postgres .env; fi
2025-08-16T21:01:06.5398626Z [36;1mif [ ! -f .env ]; then cp .env.postgres .env; fi[0m
2025-08-16T21:01:06.5467550Z shell: /usr/bin/bash -e {0}
2025-08-16T21:01:06.5468740Z ##[endgroup]
2025-08-16T21:01:06.5627845Z ##[group]Run export COMPOSE_DOCKER_CLI_BUILD=1
2025-08-16T21:01:06.5629237Z [36;1mexport COMPOSE_DOCKER_CLI_BUILD=1[0m
2025-08-16T21:01:06.5630985Z [36;1mexport DOCKER_BUILDKIT=1[0m
2025-08-16T21:01:06.5632892Z [36;1mdocker compose build --build-arg TZ_CACHE_BUST=4b2ad1d7cd4a12bc7cb1117a806508d6884ac4a2[0m
2025-08-16T21:01:06.5671723Z shell: /usr/bin/bash -e {0}
2025-08-16T21:01:06.5672747Z ##[endgroup]
2025-08-16T21:01:07.1257122Z #1 [internal] load local bake definitions
2025-08-16T21:01:07.2411334Z #1 reading from stdin 2.87kB done
2025-08-16T21:01:07.2411845Z #1 DONE 0.0s
2025-08-16T21:01:07.3901027Z 
2025-08-16T21:01:07.3901447Z #2 [etl internal] load build definition from Dockerfile
2025-08-16T21:01:07.3902214Z #2 transferring dockerfile: 993B done
2025-08-16T21:01:07.3902728Z #2 DONE 0.0s
2025-08-16T21:01:07.3902933Z 
2025-08-16T21:01:07.3903212Z #3 [logistics_etl internal] load build definition from Dockerfile
2025-08-16T21:01:07.3903873Z #3 transferring dockerfile: 578B done
2025-08-16T21:01:07.3904271Z #3 DONE 0.0s
2025-08-16T21:01:07.3904408Z 
2025-08-16T21:01:07.3904595Z #4 [postgres internal] load build definition from Dockerfile
2025-08-16T21:01:07.3904936Z #4 transferring dockerfile: 646B done
2025-08-16T21:01:07.3905173Z #4 DONE 0.0s
2025-08-16T21:01:07.3905298Z 
2025-08-16T21:01:07.3905439Z #5 [web internal] load build definition from Dockerfile
2025-08-16T21:01:07.3905755Z #5 transferring dockerfile: 293B done
2025-08-16T21:01:07.3905994Z #5 DONE 0.0s
2025-08-16T21:01:07.3906112Z 
2025-08-16T21:01:07.3906273Z #6 [repricer internal] load build definition from Dockerfile
2025-08-16T21:01:07.3906610Z #6 transferring dockerfile: 882B done
2025-08-16T21:01:07.3906826Z #6 DONE 0.0s
2025-08-16T21:01:07.3906935Z 
2025-08-16T21:01:07.3907068Z #7 [fees_h10 internal] load build definition from Dockerfile
2025-08-16T21:01:07.3907366Z #7 transferring dockerfile: 627B done
2025-08-16T21:01:07.3907581Z #7 DONE 0.0s
2025-08-16T21:01:07.3907678Z 
2025-08-16T21:01:07.3907813Z #8 [api internal] load build definition from Dockerfile
2025-08-16T21:01:07.3908141Z #8 transferring dockerfile: 1.28kB done
2025-08-16T21:01:07.3908379Z #8 DONE 0.0s
2025-08-16T21:01:07.3908477Z 
2025-08-16T21:01:07.3908624Z #9 [auth] library/nginx:pull token for registry-1.docker.io
2025-08-16T21:01:07.5407509Z #9 DONE 0.0s
2025-08-16T21:01:07.5407783Z 
2025-08-16T21:01:07.5408115Z #10 [auth] library/postgres:pull token for registry-1.docker.io
2025-08-16T21:01:07.5408752Z #10 DONE 0.0s
2025-08-16T21:01:07.5408975Z 
2025-08-16T21:01:07.5409209Z #11 [auth] docker/dockerfile:pull token for registry-1.docker.io
2025-08-16T21:01:07.5410126Z #11 DONE 0.0s
2025-08-16T21:01:07.5410285Z 
2025-08-16T21:01:07.5410639Z #12 [api] resolve image config for docker-image://docker.io/docker/dockerfile:1.6
2025-08-16T21:01:07.8471533Z #12 ...
2025-08-16T21:01:07.8471746Z 
2025-08-16T21:01:07.8471976Z #13 [web internal] load metadata for docker.io/library/nginx:1.25-alpine
2025-08-16T21:01:07.8472373Z #13 DONE 0.6s
2025-08-16T21:01:07.9704051Z 
2025-08-16T21:01:07.9705427Z #12 [etl] resolve image config for docker-image://docker.io/docker/dockerfile:1.6
2025-08-16T21:01:07.9706121Z #12 DONE 0.6s
2025-08-16T21:01:07.9706306Z 
2025-08-16T21:01:07.9706609Z #14 [postgres internal] load metadata for docker.io/library/postgres:16
2025-08-16T21:01:07.9707168Z #14 DONE 0.6s
2025-08-16T21:01:07.9707343Z 
2025-08-16T21:01:07.9707518Z #15 [postgres internal] load .dockerignore
2025-08-16T21:01:07.9707944Z #15 transferring context: 265B done
2025-08-16T21:01:07.9708321Z #15 DONE 0.0s
2025-08-16T21:01:07.9708482Z 
2025-08-16T21:01:07.9708681Z #16 [postgres internal] load build context
2025-08-16T21:01:07.9709113Z #16 transferring context: 582B done
2025-08-16T21:01:07.9709682Z #16 DONE 0.0s
2025-08-16T21:01:07.9709854Z 
2025-08-16T21:01:07.9710592Z #17 [repricer] docker-image://docker.io/docker/dockerfile:1.6@sha256:ac85f380a63b13dfcefa89046420e1781752bab202122f8f50032edf31be0021
2025-08-16T21:01:07.9712347Z #17 resolve docker.io/docker/dockerfile:1.6@sha256:ac85f380a63b13dfcefa89046420e1781752bab202122f8f50032edf31be0021 done
2025-08-16T21:01:07.9713559Z #17 sha256:ac85f380a63b13dfcefa89046420e1781752bab202122f8f50032edf31be0021 8.40kB / 8.40kB done
2025-08-16T21:01:07.9714605Z #17 sha256:657fcc512c7369f4cb3d94ea329150f8daf626bc838b1a1e81f1834c73ecc77e 482B / 482B done
2025-08-16T21:01:07.9715623Z #17 sha256:a17ee7fff8f5e97b974f5b48f51647d2cf28d543f2aa6c11aaa0ea431b44bb89 1.27kB / 1.27kB done
2025-08-16T21:01:07.9717229Z #17 sha256:9d9c93f4b00be908ab694a4df732570bced3b8a96b7515d70ff93402179ad232 5.24MB / 11.80MB 0.1s
2025-08-16T21:01:08.1021078Z #17 sha256:ac85f380a63b13dfcefa89046420e1781752bab202122f8f50032edf31be0021 8.40kB / 8.40kB done
2025-08-16T21:01:08.1022224Z #17 sha256:657fcc512c7369f4cb3d94ea329150f8daf626bc838b1a1e81f1834c73ecc77e 482B / 482B done
2025-08-16T21:01:08.1023494Z #17 sha256:a17ee7fff8f5e97b974f5b48f51647d2cf28d543f2aa6c11aaa0ea431b44bb89 1.27kB / 1.27kB done
2025-08-16T21:01:08.1024688Z #17 sha256:9d9c93f4b00be908ab694a4df732570bced3b8a96b7515d70ff93402179ad232 11.80MB / 11.80MB 0.1s done
2025-08-16T21:01:08.1025988Z #17 extracting sha256:9d9c93f4b00be908ab694a4df732570bced3b8a96b7515d70ff93402179ad232
2025-08-16T21:01:08.2061588Z #17 extracting sha256:9d9c93f4b00be908ab694a4df732570bced3b8a96b7515d70ff93402179ad232 0.1s done
2025-08-16T21:01:08.2062784Z #17 DONE 0.3s
2025-08-16T21:01:08.2063143Z 
2025-08-16T21:01:08.2063846Z #18 [postgres 1/6] FROM docker.io/library/postgres:16@sha256:66a5efb5677ffac1037774a0e141fd3a4c035c9c0c0e624c9cc980dfa10f45e5
2025-08-16T21:01:08.2081901Z #18 resolve docker.io/library/postgres:16@sha256:66a5efb5677ffac1037774a0e141fd3a4c035c9c0c0e624c9cc980dfa10f45e5 done
2025-08-16T21:01:08.2083116Z #18 sha256:4b802c5161ddfa2ae4beac272c4e24aa5e162a20451c8489cbb952a88507732f 9.89kB / 9.89kB done
2025-08-16T21:01:08.2084095Z #18 sha256:396b1da7636e2dcd10565cb4f2f952cbb4a8a38b58d3b86a2cacb172fb70117c 23.07MB / 29.77MB 0.3s
2025-08-16T21:01:08.2085117Z #18 sha256:66a5efb5677ffac1037774a0e141fd3a4c035c9c0c0e624c9cc980dfa10f45e5 10.24kB / 10.24kB done
2025-08-16T21:01:08.2086097Z #18 sha256:3084fa1fadd59e7633ec56d318f1e4de01be744f446c5c35df7cd801fbc34894 3.63kB / 3.63kB done
2025-08-16T21:01:08.2087082Z #18 sha256:fb850b0e3049060bf4eb46c8806d7ceea916d67e5cc56d6b295511e27463e56b 1.17kB / 1.17kB 0.1s done
2025-08-16T21:01:08.2088068Z #18 sha256:7f09385d08f9e8f578f9dad57582fff30d6ca3ef0f4d66ab5e1bf92c88862341 6.44MB / 6.44MB 0.3s done
2025-08-16T21:01:08.2089044Z #18 sha256:534f45d26d937460abe84bd086361a04c27e624a23f9384ff13f11c24c64c7bb 1.45MB / 1.45MB 0.3s done
2025-08-16T21:01:08.2090150Z #18 sha256:320fa150e60fca9bb108771a06f08d5464ad8b7474b7bf3f4b44d723b686ee72 0B / 1.31MB 0.3s
2025-08-16T21:01:08.2091363Z #18 sha256:2b6532633f5d125e9a709f56f26af5a07390c859a5c77142b74da1d4e3c79fee 0B / 8.20MB 0.3s
2025-08-16T21:01:08.3404014Z #18 sha256:396b1da7636e2dcd10565cb4f2f952cbb4a8a38b58d3b86a2cacb172fb70117c 25.17MB / 29.77MB 0.4s
2025-08-16T21:01:08.3404812Z #18 sha256:320fa150e60fca9bb108771a06f08d5464ad8b7474b7bf3f4b44d723b686ee72 1.31MB / 1.31MB 0.4s done
2025-08-16T21:01:08.3405417Z #18 sha256:19947f6cc5d3035f6c922fa1d6047c79e044256ad948080adb59cec60717b9f8 0B / 116B 0.4s
2025-08-16T21:01:08.5021615Z #18 ...
2025-08-16T21:01:08.5021857Z 
2025-08-16T21:01:08.5022134Z #19 [auth] library/python:pull token for registry-1.docker.io
2025-08-16T21:01:08.5022654Z #19 DONE 0.0s
2025-08-16T21:01:08.5022838Z 
2025-08-16T21:01:08.5023454Z #18 [postgres 1/6] FROM docker.io/library/postgres:16@sha256:66a5efb5677ffac1037774a0e141fd3a4c035c9c0c0e624c9cc980dfa10f45e5
2025-08-16T21:01:08.5024659Z #18 sha256:396b1da7636e2dcd10565cb4f2f952cbb4a8a38b58d3b86a2cacb172fb70117c 29.77MB / 29.77MB 0.5s done
2025-08-16T21:01:08.5025542Z #18 sha256:2b6532633f5d125e9a709f56f26af5a07390c859a5c77142b74da1d4e3c79fee 8.20MB / 8.20MB 0.5s done
2025-08-16T21:01:08.5026488Z #18 sha256:19947f6cc5d3035f6c922fa1d6047c79e044256ad948080adb59cec60717b9f8 116B / 116B 0.4s done
2025-08-16T21:01:08.5027401Z #18 sha256:e787bdd7824bfcb30d11087160de825f724620c952958f4f725c13421499b724 3.14kB / 3.14kB 0.5s done
2025-08-16T21:01:08.5028435Z #18 sha256:987c1b4919ea2d87df20824aaef43a9de0575ac7df684579ad267c7e48c8eeea 10.01kB / 10.01kB 0.6s done
2025-08-16T21:01:08.5029232Z #18 sha256:a1e4ad56dcecf442fba1cec05cd565ededfdc663e5172df9ef9394d96d4c96f8 9.44MB / 113.19MB 0.6s
2025-08-16T21:01:08.5030227Z #18 sha256:a858bd6d34e86a481a2e028e3ba489e662b3ac7713eba9a5d3bb97002c7d797e 0B / 128B 0.6s
2025-08-16T21:01:08.5030868Z #18 extracting sha256:396b1da7636e2dcd10565cb4f2f952cbb4a8a38b58d3b86a2cacb172fb70117c
2025-08-16T21:01:08.5031680Z #18 sha256:f1b3502db45ad485f0affe43e32fc81d699ddac01c023f198271a0a7e1cecd4c 0B / 169B 0.6s
2025-08-16T21:01:08.6276288Z #18 sha256:a1e4ad56dcecf442fba1cec05cd565ededfdc663e5172df9ef9394d96d4c96f8 22.02MB / 113.19MB 0.7s
2025-08-16T21:01:08.6277518Z #18 sha256:a858bd6d34e86a481a2e028e3ba489e662b3ac7713eba9a5d3bb97002c7d797e 128B / 128B 0.6s done
2025-08-16T21:01:08.6278631Z #18 sha256:f1b3502db45ad485f0affe43e32fc81d699ddac01c023f198271a0a7e1cecd4c 169B / 169B 0.6s done
2025-08-16T21:01:08.6279838Z #18 sha256:240810240d04caaaccb11d51ba7c3a7f7d6f470ec2a80ee420a3d33899d9a303 184B / 184B 0.7s done
2025-08-16T21:01:08.6280927Z #18 sha256:25ef78fb127c1934630de29a3d38f46e544360b1dcf5cfc09b25507fbe88fd75 5.92kB / 5.92kB 0.7s done
2025-08-16T21:01:08.7311854Z #18 ...
2025-08-16T21:01:08.7312105Z 
2025-08-16T21:01:08.7312502Z #20 [api internal] load metadata for docker.io/library/python:3.12-slim
2025-08-16T21:01:08.7313087Z #20 DONE 0.5s
2025-08-16T21:01:08.7313306Z 
2025-08-16T21:01:08.7313916Z #18 [postgres 1/6] FROM docker.io/library/postgres:16@sha256:66a5efb5677ffac1037774a0e141fd3a4c035c9c0c0e624c9cc980dfa10f45e5
2025-08-16T21:01:08.8378649Z #18 ...
2025-08-16T21:01:08.8379525Z 
2025-08-16T21:01:08.8380046Z #21 [repricer internal] load .dockerignore
2025-08-16T21:01:08.8380713Z #21 transferring context: 265B done
2025-08-16T21:01:08.8381987Z #21 DONE 0.0s
2025-08-16T21:01:08.8389821Z 
2025-08-16T21:01:08.8390028Z #22 [api internal] load .dockerignore
2025-08-16T21:01:08.8391278Z #22 transferring context: 265B done
2025-08-16T21:01:08.8391689Z #22 DONE 0.0s
2025-08-16T21:01:08.8391860Z 
2025-08-16T21:01:08.8392034Z #23 [logistics_etl internal] load .dockerignore
2025-08-16T21:01:08.8392484Z #23 transferring context: 2B done
2025-08-16T21:01:08.8392832Z #23 DONE 0.0s
2025-08-16T21:01:08.8392999Z 
2025-08-16T21:01:08.8393140Z #24 [etl internal] load .dockerignore
2025-08-16T21:01:08.8393532Z #24 transferring context: 265B done
2025-08-16T21:01:08.8393892Z #24 DONE 0.0s
2025-08-16T21:01:08.8394053Z 
2025-08-16T21:01:08.8394207Z #25 [fees_h10 internal] load .dockerignore
2025-08-16T21:01:08.8394912Z #25 transferring context: 2B done
2025-08-16T21:01:08.8395277Z #25 DONE 0.1s
2025-08-16T21:01:08.8395435Z 
2025-08-16T21:01:08.8396042Z #18 [postgres 1/6] FROM docker.io/library/postgres:16@sha256:66a5efb5677ffac1037774a0e141fd3a4c035c9c0c0e624c9cc980dfa10f45e5
2025-08-16T21:01:08.8397289Z #18 sha256:a1e4ad56dcecf442fba1cec05cd565ededfdc663e5172df9ef9394d96d4c96f8 31.46MB / 113.19MB 0.9s
2025-08-16T21:01:09.1023212Z #18 sha256:a1e4ad56dcecf442fba1cec05cd565ededfdc663e5172df9ef9394d96d4c96f8 54.53MB / 113.19MB 1.2s
2025-08-16T21:01:09.3022734Z #18 sha256:a1e4ad56dcecf442fba1cec05cd565ededfdc663e5172df9ef9394d96d4c96f8 65.01MB / 113.19MB 1.4s
2025-08-16T21:01:09.7548163Z #18 sha256:a1e4ad56dcecf442fba1cec05cd565ededfdc663e5172df9ef9394d96d4c96f8 76.55MB / 113.19MB 1.8s
2025-08-16T21:01:09.8578369Z #18 ...
2025-08-16T21:01:09.8582916Z 
2025-08-16T21:01:09.8583114Z #26 [repricer internal] load build context
2025-08-16T21:01:09.8583628Z #26 transferring context: 5.28kB 0.0s done
2025-08-16T21:01:09.8584066Z #26 DONE 0.0s
2025-08-16T21:01:09.8584240Z 
2025-08-16T21:01:09.8584388Z #27 [fees_h10 internal] load build context
2025-08-16T21:01:09.8584839Z #27 transferring context: 4.52kB done
2025-08-16T21:01:09.8585230Z #27 DONE 0.0s
2025-08-16T21:01:09.8585413Z 
2025-08-16T21:01:09.8586396Z #18 [postgres 1/6] FROM docker.io/library/postgres:16@sha256:66a5efb5677ffac1037774a0e141fd3a4c035c9c0c0e624c9cc980dfa10f45e5
2025-08-16T21:01:09.8587680Z #18 sha256:a1e4ad56dcecf442fba1cec05cd565ededfdc663e5172df9ef9394d96d4c96f8 89.13MB / 113.19MB 1.9s
2025-08-16T21:01:09.9868345Z #18 ...
2025-08-16T21:01:09.9869271Z 
2025-08-16T21:01:09.9870465Z #28 [logistics_etl internal] load build context
2025-08-16T21:01:09.9871268Z #28 transferring context: 11.20kB 0.0s done
2025-08-16T21:01:09.9872184Z #28 DONE 0.1s
2025-08-16T21:01:09.9874763Z 
2025-08-16T21:01:09.9874947Z #29 [api internal] load build context
2025-08-16T21:01:09.9875373Z #29 transferring context: 79.14kB 0.0s done
2025-08-16T21:01:09.9875791Z #29 DONE 0.1s
2025-08-16T21:01:09.9875964Z 
2025-08-16T21:01:09.9876107Z #30 [etl internal] load build context
2025-08-16T21:01:09.9876524Z #30 transferring context: 11.28kB 0.0s done
2025-08-16T21:01:09.9876933Z #30 DONE 0.0s
2025-08-16T21:01:09.9877095Z 
2025-08-16T21:01:09.9877659Z #18 [postgres 1/6] FROM docker.io/library/postgres:16@sha256:66a5efb5677ffac1037774a0e141fd3a4c035c9c0c0e624c9cc980dfa10f45e5
2025-08-16T21:01:09.9878854Z #18 sha256:a1e4ad56dcecf442fba1cec05cd565ededfdc663e5172df9ef9394d96d4c96f8 102.76MB / 113.19MB 2.0s
2025-08-16T21:01:10.1018854Z #18 sha256:a1e4ad56dcecf442fba1cec05cd565ededfdc663e5172df9ef9394d96d4c96f8 112.20MB / 113.19MB 2.2s
2025-08-16T21:01:10.2365758Z #18 sha256:a1e4ad56dcecf442fba1cec05cd565ededfdc663e5172df9ef9394d96d4c96f8 113.19MB / 113.19MB 2.2s done
2025-08-16T21:01:10.3643306Z #18 extracting sha256:396b1da7636e2dcd10565cb4f2f952cbb4a8a38b58d3b86a2cacb172fb70117c 1.8s done
2025-08-16T21:01:10.3650967Z #18 extracting sha256:fb850b0e3049060bf4eb46c8806d7ceea916d67e5cc56d6b295511e27463e56b done
2025-08-16T21:01:10.3652192Z #18 extracting sha256:7f09385d08f9e8f578f9dad57582fff30d6ca3ef0f4d66ab5e1bf92c88862341
2025-08-16T21:01:10.5105744Z #18 extracting sha256:7f09385d08f9e8f578f9dad57582fff30d6ca3ef0f4d66ab5e1bf92c88862341 0.1s done
2025-08-16T21:01:10.5106741Z #18 extracting sha256:534f45d26d937460abe84bd086361a04c27e624a23f9384ff13f11c24c64c7bb
2025-08-16T21:01:10.6548125Z #18 extracting sha256:534f45d26d937460abe84bd086361a04c27e624a23f9384ff13f11c24c64c7bb 0.0s done
2025-08-16T21:01:10.6549138Z #18 extracting sha256:2b6532633f5d125e9a709f56f26af5a07390c859a5c77142b74da1d4e3c79fee
2025-08-16T21:01:10.8678516Z #18 extracting sha256:2b6532633f5d125e9a709f56f26af5a07390c859a5c77142b74da1d4e3c79fee 0.3s done
2025-08-16T21:01:10.9766500Z #18 extracting sha256:320fa150e60fca9bb108771a06f08d5464ad8b7474b7bf3f4b44d723b686ee72
2025-08-16T21:01:11.0812331Z #18 extracting sha256:320fa150e60fca9bb108771a06f08d5464ad8b7474b7bf3f4b44d723b686ee72 0.1s done
2025-08-16T21:01:11.0813705Z #18 extracting sha256:19947f6cc5d3035f6c922fa1d6047c79e044256ad948080adb59cec60717b9f8 done
2025-08-16T21:01:11.0814675Z #18 extracting sha256:e787bdd7824bfcb30d11087160de825f724620c952958f4f725c13421499b724 done
2025-08-16T21:01:11.1840192Z #18 ...
2025-08-16T21:01:11.1868271Z 
2025-08-16T21:01:11.1902659Z #31 [auth] library/node:pull token for registry-1.docker.io
2025-08-16T21:01:11.1903483Z #31 DONE 0.0s
2025-08-16T21:01:11.1903737Z 
2025-08-16T21:01:11.1904335Z #32 [api base 1/5] FROM docker.io/library/python:3.12-slim@sha256:d67a7b66b989ad6b6d6b10d428dcc5e0bfc3e5f88906e67d490c4d3daac57047
2025-08-16T21:01:11.1905708Z #32 resolve docker.io/library/python:3.12-slim@sha256:d67a7b66b989ad6b6d6b10d428dcc5e0bfc3e5f88906e67d490c4d3daac57047 0.0s done
2025-08-16T21:01:11.1906993Z #32 extracting sha256:396b1da7636e2dcd10565cb4f2f952cbb4a8a38b58d3b86a2cacb172fb70117c 0.4s done
2025-08-16T21:01:11.1908009Z #32 sha256:d67a7b66b989ad6b6d6b10d428dcc5e0bfc3e5f88906e67d490c4d3daac57047 10.37kB / 10.37kB done
2025-08-16T21:01:11.1909075Z #32 sha256:8f3d1de1b41cd7340a89b024d6f7a10043f7b0d07d97eb36ba76f22fcfa9a235 1.75kB / 1.75kB done
2025-08-16T21:01:11.1910533Z #32 sha256:bad5eac7befe06d25bef9d4d894d7467355bac08745c745a88977774933fa032 5.58kB / 5.58kB done
2025-08-16T21:01:11.2040223Z #32 sha256:396b1da7636e2dcd10565cb4f2f952cbb4a8a38b58d3b86a2cacb172fb70117c 29.77MB / 29.77MB done
2025-08-16T21:01:11.2041805Z #32 sha256:5d587318e932a89b94608393c99dd30ee5092a6991c1656f717bd4f4e13d60df 1.29MB / 1.29MB 0.1s done
2025-08-16T21:01:11.2043074Z #32 sha256:e5c05dcf47fbdb2f18dc242ad1b7f48fbd3813c0027ffcfb8e81e4aa7e0965f4 12.11MB / 12.11MB 0.2s done
2025-08-16T21:01:11.2044178Z #32 sha256:d76206d463c08ba2a3f7bbab2de2a933ad73f33ab4ab813eafe50c9dff9edc12 251B / 251B 0.2s done
2025-08-16T21:01:11.2045195Z #32 extracting sha256:5d587318e932a89b94608393c99dd30ee5092a6991c1656f717bd4f4e13d60df 0.1s done
2025-08-16T21:01:11.2046801Z #32 extracting sha256:e5c05dcf47fbdb2f18dc242ad1b7f48fbd3813c0027ffcfb8e81e4aa7e0965f4 0.6s done
2025-08-16T21:01:11.2048019Z #32 extracting sha256:d76206d463c08ba2a3f7bbab2de2a933ad73f33ab4ab813eafe50c9dff9edc12 done
2025-08-16T21:01:11.2048703Z #32 DONE 1.4s
2025-08-16T21:01:11.2048872Z 
2025-08-16T21:01:11.2049000Z #33 [fees_h10 base 2/5] WORKDIR /app
2025-08-16T21:01:11.2049550Z #33 DONE 0.0s
2025-08-16T21:01:11.2049717Z 
2025-08-16T21:01:11.2050042Z #34 [logistics_etl base 3/5] COPY requirements*.txt constraints.txt ./
2025-08-16T21:01:11.2050590Z #34 DONE 0.0s
2025-08-16T21:01:11.2050770Z 
2025-08-16T21:01:11.2051388Z #18 [postgres 1/6] FROM docker.io/library/postgres:16@sha256:66a5efb5677ffac1037774a0e141fd3a4c035c9c0c0e624c9cc980dfa10f45e5
2025-08-16T21:01:11.2052499Z #18 extracting sha256:a1e4ad56dcecf442fba1cec05cd565ededfdc663e5172df9ef9394d96d4c96f8
2025-08-16T21:01:11.3513565Z #18 ...
2025-08-16T21:01:11.3514742Z 
2025-08-16T21:01:11.3516802Z #35 [api base  3/12] COPY services/api/requirements.txt ./requirements.txt
2025-08-16T21:01:11.3521865Z #35 DONE 0.0s
2025-08-16T21:01:11.3522078Z 
2025-08-16T21:01:11.3522620Z #36 [repricer base 3/5] COPY services/repricer/requirements*.txt services/repricer/constraints.txt ./
2025-08-16T21:01:11.3523640Z #36 DONE 0.1s
2025-08-16T21:01:11.3523836Z 
2025-08-16T21:01:11.3524077Z #37 [fees_h10 base 3/5] COPY requirements*.txt constraints.txt ./
2025-08-16T21:01:11.3524561Z #37 DONE 0.1s
2025-08-16T21:01:11.3524712Z 
2025-08-16T21:01:11.3525071Z #38 [etl base 3/5] COPY services/etl/requirements*.txt services/etl/constraints.txt ./
2025-08-16T21:01:11.3525658Z #38 DONE 0.1s
2025-08-16T21:01:11.3525824Z 
2025-08-16T21:01:11.3526426Z #18 [postgres 1/6] FROM docker.io/library/postgres:16@sha256:66a5efb5677ffac1037774a0e141fd3a4c035c9c0c0e624c9cc980dfa10f45e5
2025-08-16T21:01:11.5749165Z #18 ...
2025-08-16T21:01:11.5754332Z 
2025-08-16T21:01:11.5754660Z #39 [web internal] load metadata for docker.io/library/node:20-alpine
2025-08-16T21:01:11.5755179Z #39 DONE 4.2s
2025-08-16T21:01:11.5755348Z 
2025-08-16T21:01:11.5755497Z #40 [web internal] load .dockerignore
2025-08-16T21:01:11.5756277Z #40 transferring context: 2B done
2025-08-16T21:01:11.5756636Z #40 DONE 0.0s
2025-08-16T21:01:11.6886619Z 
2025-08-16T21:01:11.6887305Z #41 [web internal] load build context
2025-08-16T21:01:11.6888543Z #41 transferring context: 267.06kB 0.0s done
2025-08-16T21:01:11.6889175Z #41 DONE 0.0s
2025-08-16T21:01:11.6892305Z 
2025-08-16T21:01:11.6893179Z #42 [web stage-1 1/2] FROM docker.io/library/nginx:1.25-alpine@sha256:516475cc129da42866742567714ddc681e5eed7b9ee0b9e9c015e464b4221a00
2025-08-16T21:01:11.6900819Z #42 resolve docker.io/library/nginx:1.25-alpine@sha256:516475cc129da42866742567714ddc681e5eed7b9ee0b9e9c015e464b4221a00 0.0s done
2025-08-16T21:01:11.6902552Z #42 sha256:721fa00bc549df26b3e67cc558ff176112d4ba69847537766f3c28e171d180e7 2.50kB / 2.50kB done
2025-08-16T21:01:11.6903913Z #42 sha256:501d84f5d06487ff81e506134dc922ed4fd2080d5521eb5b6ee4054fa17d15c4 10.80kB / 10.80kB done
2025-08-16T21:01:11.6908773Z #42 sha256:4abcf20661432fb2d719aaf90656f55c287f8ca915dc1c92ec14ff61e67fbaf8 1.05MB / 3.41MB 0.1s
2025-08-16T21:01:11.6920820Z #42 sha256:516475cc129da42866742567714ddc681e5eed7b9ee0b9e9c015e464b4221a00 9.07kB / 9.07kB done
2025-08-16T21:01:11.6925404Z #42 sha256:fc21a1d387f514f53589abea6d67cd6b329dfd3c9059bc96a552af3b3c97b413 0B / 3.99MB 0.1s
2025-08-16T21:01:11.6926388Z #42 sha256:e6ef242c157026935bf8a69e6cf19f8f6635e44507c813daf0cc644f2e22396b 0B / 629B 0.1s
2025-08-16T21:01:11.6927542Z #42 extracting sha256:4abcf20661432fb2d719aaf90656f55c287f8ca915dc1c92ec14ff61e67fbaf8
2025-08-16T21:01:11.7950628Z #42 sha256:4abcf20661432fb2d719aaf90656f55c287f8ca915dc1c92ec14ff61e67fbaf8 3.41MB / 3.41MB 0.1s done
2025-08-16T21:01:11.7973749Z #42 sha256:fc21a1d387f514f53589abea6d67cd6b329dfd3c9059bc96a552af3b3c97b413 1.05MB / 3.99MB 0.2s
2025-08-16T21:01:11.7991400Z #42 sha256:e6ef242c157026935bf8a69e6cf19f8f6635e44507c813daf0cc644f2e22396b 629B / 629B 0.1s done
2025-08-16T21:01:11.7992601Z #42 sha256:13fcfbc94648785b918ecc1af675ac5187cdfc30f4fdaf9afa8bd2e9dedf548b 0B / 954B 0.2s
2025-08-16T21:01:11.7993666Z #42 sha256:d4bca490e609acaaf54ca73363442d31a31fd136a47a20a12370cf2025f0a10b 0B / 393B 0.2s
2025-08-16T21:01:11.9141888Z #42 sha256:fc21a1d387f514f53589abea6d67cd6b329dfd3c9059bc96a552af3b3c97b413 3.99MB / 3.99MB 0.3s done
2025-08-16T21:01:11.9143032Z #42 sha256:13fcfbc94648785b918ecc1af675ac5187cdfc30f4fdaf9afa8bd2e9dedf548b 954B / 954B 0.2s done
2025-08-16T21:01:11.9161796Z #42 sha256:d4bca490e609acaaf54ca73363442d31a31fd136a47a20a12370cf2025f0a10b 393B / 393B 0.2s done
2025-08-16T21:01:11.9165296Z #42 sha256:8a3742a9529dc5c00974dfcf5e465be9f1606ff8a1911527b3928cf86ad57465 0B / 1.40kB 0.3s
2025-08-16T21:01:12.0267395Z #42 sha256:8a3742a9529dc5c00974dfcf5e465be9f1606ff8a1911527b3928cf86ad57465 1.40kB / 1.40kB 0.3s done
2025-08-16T21:01:12.0313806Z #42 sha256:5406ed7b06d9a94b5bd15843d2a1c7e38796a3ec5dc7f40f16f70cc1d045f453 1.21kB / 1.21kB 0.3s done
2025-08-16T21:01:12.0314891Z #42 sha256:0d0c16747d2c6b6c26c064652afcb964c15f1b1e596ec052b2aa19b83948ae27 0B / 13.04MB 0.4s
2025-08-16T21:01:12.1425594Z #42 sha256:0d0c16747d2c6b6c26c064652afcb964c15f1b1e596ec052b2aa19b83948ae27 5.35MB / 13.04MB 0.5s
2025-08-16T21:01:12.2471524Z #42 sha256:0d0c16747d2c6b6c26c064652afcb964c15f1b1e596ec052b2aa19b83948ae27 11.53MB / 13.04MB 0.6s
2025-08-16T21:01:12.3550050Z #42 sha256:0d0c16747d2c6b6c26c064652afcb964c15f1b1e596ec052b2aa19b83948ae27 13.04MB / 13.04MB 0.7s done
2025-08-16T21:01:12.4636616Z #42 extracting sha256:4abcf20661432fb2d719aaf90656f55c287f8ca915dc1c92ec14ff61e67fbaf8 0.8s done
2025-08-16T21:01:12.8104025Z #42 extracting sha256:fc21a1d387f514f53589abea6d67cd6b329dfd3c9059bc96a552af3b3c97b413
2025-08-16T21:01:14.4720883Z #42 extracting sha256:fc21a1d387f514f53589abea6d67cd6b329dfd3c9059bc96a552af3b3c97b413 1.6s done
2025-08-16T21:01:15.5241924Z #42 extracting sha256:e6ef242c157026935bf8a69e6cf19f8f6635e44507c813daf0cc644f2e22396b done
2025-08-16T21:01:15.6412254Z #42 extracting sha256:13fcfbc94648785b918ecc1af675ac5187cdfc30f4fdaf9afa8bd2e9dedf548b done
2025-08-16T21:01:15.6417888Z #42 extracting sha256:d4bca490e609acaaf54ca73363442d31a31fd136a47a20a12370cf2025f0a10b done
2025-08-16T21:01:15.6419588Z #42 extracting sha256:5406ed7b06d9a94b5bd15843d2a1c7e38796a3ec5dc7f40f16f70cc1d045f453 done
2025-08-16T21:01:15.7436694Z #42 extracting sha256:8a3742a9529dc5c00974dfcf5e465be9f1606ff8a1911527b3928cf86ad57465 done
2025-08-16T21:01:15.7438672Z #42 extracting sha256:0d0c16747d2c6b6c26c064652afcb964c15f1b1e596ec052b2aa19b83948ae27
2025-08-16T21:01:15.8608277Z #42 ...
2025-08-16T21:01:15.8628299Z 
2025-08-16T21:01:15.8628981Z #43 [logistics_etl base 4/5] RUN if [ -n "" ] && [ -f "" ]; then         pip install -r requirements.txt -c "";     else         pip install -r requirements.txt;     fi
2025-08-16T21:01:15.8651858Z #43 4.366 WARNING: Running pip as the 'root' user can result in broken permissions and conflicting behaviour with the system package manager, possibly rendering your system unusable. It is recommended to use a virtual environment instead: https://pip.pypa.io/warnings/venv. Use the --root-user-action option if you know what you are doing and want to suppress this warning.
2025-08-16T21:01:15.8653998Z #43 4.504 
2025-08-16T21:01:15.8654390Z #43 4.504 [notice] A new release of pip is available: 25.0.1 -> 25.2
2025-08-16T21:01:15.8661648Z #43 4.504 [notice] To update, run: pip install --upgrade pip
2025-08-16T21:01:15.8662125Z #43 DONE 4.7s
2025-08-16T21:01:15.9752746Z 
2025-08-16T21:01:15.9753544Z #44 [logistics_etl base 5/5] COPY . .
2025-08-16T21:01:15.9754044Z #44 DONE 0.1s
2025-08-16T21:01:15.9754238Z 
2025-08-16T21:01:15.9754876Z #42 [web stage-1 1/2] FROM docker.io/library/nginx:1.25-alpine@sha256:516475cc129da42866742567714ddc681e5eed7b9ee0b9e9c015e464b4221a00
2025-08-16T21:01:17.4830833Z #42 extracting sha256:0d0c16747d2c6b6c26c064652afcb964c15f1b1e596ec052b2aa19b83948ae27 1.8s done
2025-08-16T21:01:18.0142518Z #42 DONE 6.5s
2025-08-16T21:01:18.0142786Z 
2025-08-16T21:01:18.0143456Z #45 [web build 1/6] FROM docker.io/library/node:20-alpine@sha256:df02558528d3d3d0d621f112e232611aecfee7cbc654f6b375765f72bb262799
2025-08-16T21:01:18.0144887Z #45 resolve docker.io/library/node:20-alpine@sha256:df02558528d3d3d0d621f112e232611aecfee7cbc654f6b375765f72bb262799 0.0s done
2025-08-16T21:01:18.0146103Z #45 sha256:df02558528d3d3d0d621f112e232611aecfee7cbc654f6b375765f72bb262799 7.67kB / 7.67kB done
2025-08-16T21:01:18.0147188Z #45 sha256:ae6ee91a652d927de01d550c29f863a52f1da390c89df95f3ceba256d1e62604 1.72kB / 1.72kB done
2025-08-16T21:01:18.0148266Z #45 sha256:7cdef5a331927fafa250be6166052d8599bf5eb7b014342538c2cc79b70a081f 6.42kB / 6.42kB done
2025-08-16T21:01:18.0149589Z #45 sha256:9824c27679d3b27c5e1cb00a73adb6f4f8d556994111c12db3c5d61a0c843df8 3.80MB / 3.80MB 0.4s done
2025-08-16T21:01:18.0150766Z #45 sha256:8c59d92d6fc9f01af4aaa86824be72b74bd4d940c4c46aa95d9710bfa46c975e 42.99MB / 42.99MB 1.1s done
2025-08-16T21:01:18.0151885Z #45 extracting sha256:9824c27679d3b27c5e1cb00a73adb6f4f8d556994111c12db3c5d61a0c843df8 1.0s done
2025-08-16T21:01:18.0152966Z #45 sha256:54225bd601967a0aa669ec9be621c24d8eeac874b698d55874018070898685c2 1.26MB / 1.26MB 0.7s done
2025-08-16T21:01:18.0154056Z #45 sha256:a9e48ad1219d4d11c6456a8db0fd5c11af46242d52edf84e17ab84a7bfd93809 445B / 445B 0.8s done
2025-08-16T21:01:18.0155091Z #45 extracting sha256:8c59d92d6fc9f01af4aaa86824be72b74bd4d940c4c46aa95d9710bfa46c975e 4.5s
2025-08-16T21:01:19.3787381Z #45 ...
2025-08-16T21:01:19.3808849Z 
2025-08-16T21:01:19.3814197Z #46 [logistics_etl stage-1 3/4] COPY --from=base /usr/local /usr/local
2025-08-16T21:01:19.3815718Z #46 DONE 2.4s
2025-08-16T21:01:19.3816412Z 
2025-08-16T21:01:19.3822553Z #45 [web build 1/6] FROM docker.io/library/node:20-alpine@sha256:df02558528d3d3d0d621f112e232611aecfee7cbc654f6b375765f72bb262799
2025-08-16T21:01:19.3823497Z #45 ...
2025-08-16T21:01:19.3823670Z 
2025-08-16T21:01:19.3823918Z #47 [logistics_etl stage-1 4/4] COPY --from=base /app /app
2025-08-16T21:01:19.5615217Z #47 DONE 0.1s
2025-08-16T21:01:19.5615493Z 
2025-08-16T21:01:19.5615635Z #48 [logistics_etl] exporting to image
2025-08-16T21:01:19.5616039Z #48 exporting layers
2025-08-16T21:01:20.5451778Z #48 ...
2025-08-16T21:01:20.5459648Z 
2025-08-16T21:01:20.5460273Z #49 [fees_h10 base 4/5] RUN if [ -n "" ] && [ -f "" ]; then         pip install -r requirements.txt -c "";     else         pip install -r requirements.txt;     fi
2025-08-16T21:01:20.5461409Z #49 4.590 Collecting celery==5.4.* (from celery[redis]==5.4.*->-r requirements.txt (line 1))
2025-08-16T21:01:20.5462145Z #49 4.622   Downloading celery-5.4.0-py3-none-any.whl.metadata (21 kB)
2025-08-16T21:01:20.5463102Z #49 4.734 Collecting billiard<5.0,>=4.2.0 (from celery==5.4.*->celery[redis]==5.4.*->-r requirements.txt (line 1))
2025-08-16T21:01:20.5463909Z #49 4.739   Downloading billiard-4.2.1-py3-none-any.whl.metadata (4.4 kB)
2025-08-16T21:01:20.5464665Z #49 4.820 Collecting kombu<6.0,>=5.3.4 (from celery==5.4.*->celery[redis]==5.4.*->-r requirements.txt (line 1))
2025-08-16T21:01:20.5465438Z #49 4.826   Downloading kombu-5.5.4-py3-none-any.whl.metadata (3.5 kB)
2025-08-16T21:01:20.5466241Z #49 4.874 Collecting vine<6.0,>=5.1.0 (from celery==5.4.*->celery[redis]==5.4.*->-r requirements.txt (line 1))
2025-08-16T21:01:20.5467042Z #49 4.880   Downloading vine-5.1.0-py3-none-any.whl.metadata (2.7 kB)
2025-08-16T21:01:20.5467790Z #49 4.959 Collecting click<9.0,>=8.1.2 (from celery==5.4.*->celery[redis]==5.4.*->-r requirements.txt (line 1))
2025-08-16T21:01:20.5468895Z #49 4.968   Downloading click-8.2.1-py3-none-any.whl.metadata (2.5 kB)
2025-08-16T21:01:20.5500174Z #49 4.989 Collecting click-didyoumean>=0.3.0 (from celery==5.4.*->celery[redis]==5.4.*->-r requirements.txt (line 1))
2025-08-16T21:01:20.5501187Z #49 4.994   Downloading click_didyoumean-0.3.1-py3-none-any.whl.metadata (3.9 kB)
2025-08-16T21:01:20.5502149Z #49 5.024 Collecting click-repl>=0.2.0 (from celery==5.4.*->celery[redis]==5.4.*->-r requirements.txt (line 1))
2025-08-16T21:01:20.5503039Z #49 5.036   Downloading click_repl-0.3.0-py3-none-any.whl.metadata (3.6 kB)
2025-08-16T21:01:20.5503956Z #49 5.060 Collecting click-plugins>=1.1.1 (from celery==5.4.*->celery[redis]==5.4.*->-r requirements.txt (line 1))
2025-08-16T21:01:20.5504875Z #49 5.072   Downloading click_plugins-1.1.1.2-py2.py3-none-any.whl.metadata (6.5 kB)
2025-08-16T21:01:20.5505685Z #49 5.124 Collecting tzdata>=2022.7 (from celery==5.4.*->celery[redis]==5.4.*->-r requirements.txt (line 1))
2025-08-16T21:01:20.5506944Z #49 5.128   Downloading tzdata-2025.2-py2.py3-none-any.whl.metadata (1.4 kB)
2025-08-16T21:01:20.5507843Z #49 5.165 Collecting python-dateutil>=2.8.2 (from celery==5.4.*->celery[redis]==5.4.*->-r requirements.txt (line 1))
2025-08-16T21:01:20.5508811Z #49 5.172   Downloading python_dateutil-2.9.0.post0-py2.py3-none-any.whl.metadata (8.4 kB)
2025-08-16T21:01:20.5509914Z #49 5.240 Collecting redis!=4.5.5,<6.0.0,>=4.5.2 (from celery[redis]==5.4.*->-r requirements.txt (line 1))
2025-08-16T21:01:20.5510705Z #49 5.245   Downloading redis-5.3.1-py3-none-any.whl.metadata (9.2 kB)
2025-08-16T21:01:20.5511659Z #49 5.316 Collecting prompt-toolkit>=3.0.36 (from click-repl>=0.2.0->celery==5.4.*->celery[redis]==5.4.*->-r requirements.txt (line 1))
2025-08-16T21:01:20.5512670Z #49 5.322   Downloading prompt_toolkit-3.0.51-py3-none-any.whl.metadata (6.4 kB)
2025-08-16T21:01:20.5513589Z #49 5.359 Collecting amqp<6.0.0,>=5.1.1 (from kombu<6.0,>=5.3.4->celery==5.4.*->celery[redis]==5.4.*->-r requirements.txt (line 1))
2025-08-16T21:01:20.5514447Z #49 5.362   Downloading amqp-5.3.1-py3-none-any.whl.metadata (8.9 kB)
2025-08-16T21:01:20.5515298Z #49 5.423 Collecting packaging (from kombu<6.0,>=5.3.4->celery==5.4.*->celery[redis]==5.4.*->-r requirements.txt (line 1))
2025-08-16T21:01:20.5516187Z #49 5.430   Downloading packaging-25.0-py3-none-any.whl.metadata (3.3 kB)
2025-08-16T21:01:20.5517088Z #49 5.465 Collecting six>=1.5 (from python-dateutil>=2.8.2->celery==5.4.*->celery[redis]==5.4.*->-r requirements.txt (line 1))
2025-08-16T21:01:20.5517982Z #49 5.480   Downloading six-1.17.0-py2.py3-none-any.whl.metadata (1.7 kB)
2025-08-16T21:01:20.5518805Z #49 5.513 Collecting PyJWT>=2.9.0 (from redis!=4.5.5,<6.0.0,>=4.5.2->celery[redis]==5.4.*->-r requirements.txt (line 1))
2025-08-16T21:01:20.5550382Z #49 5.517   Downloading PyJWT-2.10.1-py3-none-any.whl.metadata (4.0 kB)
2025-08-16T21:01:20.5551444Z #49 5.574 Collecting wcwidth (from prompt-toolkit>=3.0.36->click-repl>=0.2.0->celery==5.4.*->celery[redis]==5.4.*->-r requirements.txt (line 1))
2025-08-16T21:01:20.5552489Z #49 5.581   Downloading wcwidth-0.2.13-py2.py3-none-any.whl.metadata (14 kB)
2025-08-16T21:01:20.5553174Z #49 5.615 Downloading celery-5.4.0-py3-none-any.whl (425 kB)
2025-08-16T21:01:20.5553765Z #49 5.638 Downloading billiard-4.2.1-py3-none-any.whl (86 kB)
2025-08-16T21:01:20.5554335Z #49 5.663 Downloading click-8.2.1-py3-none-any.whl (102 kB)
2025-08-16T21:01:20.5554963Z #49 5.680 Downloading click_didyoumean-0.3.1-py3-none-any.whl (3.6 kB)
2025-08-16T21:01:20.5555651Z #49 5.703 Downloading click_plugins-1.1.1.2-py2.py3-none-any.whl (11 kB)
2025-08-16T21:01:20.5556299Z #49 5.709 Downloading click_repl-0.3.0-py3-none-any.whl (10 kB)
2025-08-16T21:01:20.5556878Z #49 5.731 Downloading kombu-5.5.4-py3-none-any.whl (210 kB)
2025-08-16T21:01:20.5557424Z #49 5.740 Downloading vine-5.1.0-py3-none-any.whl (9.6 kB)
2025-08-16T21:01:20.5558097Z #49 5.759 Downloading python_dateutil-2.9.0.post0-py2.py3-none-any.whl (229 kB)
2025-08-16T21:01:20.5558798Z #49 5.770 Downloading redis-5.3.1-py3-none-any.whl (272 kB)
2025-08-16T21:01:20.5559820Z #49 5.784 Downloading tzdata-2025.2-py2.py3-none-any.whl (347 kB)
2025-08-16T21:01:20.5560446Z #49 5.799 Downloading amqp-5.3.1-py3-none-any.whl (50 kB)
2025-08-16T21:01:20.5561066Z #49 5.810 Downloading prompt_toolkit-3.0.51-py3-none-any.whl (387 kB)
2025-08-16T21:01:20.5561678Z #49 5.824 Downloading PyJWT-2.10.1-py3-none-any.whl (22 kB)
2025-08-16T21:01:20.5562248Z #49 5.837 Downloading six-1.17.0-py2.py3-none-any.whl (11 kB)
2025-08-16T21:01:20.5562815Z #49 5.854 Downloading packaging-25.0-py3-none-any.whl (66 kB)
2025-08-16T21:01:20.5563416Z #49 5.863 Downloading wcwidth-0.2.13-py2.py3-none-any.whl (34 kB)
2025-08-16T21:01:20.5564805Z #49 6.047 Installing collected packages: wcwidth, vine, tzdata, six, PyJWT, prompt-toolkit, packaging, click, billiard, redis, python-dateutil, click-repl, click-plugins, click-didyoumean, amqp, kombu, celery
2025-08-16T21:01:20.5567265Z #49 8.919 Successfully installed PyJWT-2.10.1 amqp-5.3.1 billiard-4.2.1 celery-5.4.0 click-8.2.1 click-didyoumean-0.3.1 click-plugins-1.1.1.2 click-repl-0.3.0 kombu-5.5.4 packaging-25.0 prompt-toolkit-3.0.51 python-dateutil-2.9.0.post0 redis-5.3.1 six-1.17.0 tzdata-2025.2 vine-5.1.0 wcwidth-0.2.13
2025-08-16T21:01:20.5656104Z #49 8.919 WARNING: Running pip as the 'root' user can result in broken permissions and conflicting behaviour with the system package manager, possibly rendering your system unusable. It is recommended to use a virtual environment instead: https://pip.pypa.io/warnings/venv. Use the --root-user-action option if you know what you are doing and want to suppress this warning.
2025-08-16T21:01:20.5658307Z #49 9.068 
2025-08-16T21:01:20.5658738Z #49 9.068 [notice] A new release of pip is available: 25.0.1 -> 25.2
2025-08-16T21:01:20.5659627Z #49 9.068 [notice] To update, run: pip install --upgrade pip
2025-08-16T21:01:20.5660155Z #49 DONE 9.3s
2025-08-16T21:01:20.6576879Z 
2025-08-16T21:01:20.6578808Z #50 [fees_h10 base 5/5] COPY . .
2025-08-16T21:01:20.6581251Z #50 DONE 0.1s
2025-08-16T21:01:20.6581440Z 
2025-08-16T21:01:20.6583109Z #51 [api stage-1 3/6] RUN apt-get update     && apt-get install -y --no-install-recommends tzdata postgresql-client curl     && rm -rf /var/lib/apt/lists/*
2025-08-16T21:01:20.6584326Z #51 0.563 Hit:1 http://deb.debian.org/debian trixie InRelease
2025-08-16T21:01:20.6585614Z #51 0.563 Get:2 http://deb.debian.org/debian trixie-updates InRelease [47.1 kB]
2025-08-16T21:01:20.6586737Z #51 0.570 Get:3 http://deb.debian.org/debian-security trixie-security InRelease [43.4 kB]
2025-08-16T21:01:20.6587846Z #51 0.638 Get:4 http://deb.debian.org/debian trixie/main amd64 Packages [9668 kB]
2025-08-16T21:01:20.6589152Z #51 0.837 Get:5 http://deb.debian.org/debian trixie-updates/main amd64 Packages [2432 B]
2025-08-16T21:01:20.6590387Z #51 0.837 Get:6 http://deb.debian.org/debian-security trixie-security/main amd64 Packages [8780 B]
2025-08-16T21:01:20.6591332Z #51 2.245 Fetched 9769 kB in 2s (5183 kB/s)
2025-08-16T21:01:20.6604693Z #51 2.245 Reading package lists...
2025-08-16T21:01:20.6605443Z #51 3.366 Reading package lists...
2025-08-16T21:01:20.6606065Z #51 4.344 Building dependency tree...
2025-08-16T21:01:20.6606899Z #51 4.599 Reading state information...
2025-08-16T21:01:20.6607648Z #51 4.837 tzdata is already the newest version (2025b-4).
2025-08-16T21:01:20.6609178Z #51 4.837 The following additional packages will be installed:
2025-08-16T21:01:20.6610337Z #51 4.837   libbrotli1 libcom-err2 libcurl4t64 libgdbm-compat4t64 libgnutls30t64
2025-08-16T21:01:20.6611565Z #51 4.837   libgssapi-krb5-2 libidn2-0 libk5crypto3 libkeyutils1 libkrb5-3
2025-08-16T21:01:20.6618585Z #51 4.837   libkrb5support0 libldap2 libnghttp2-14 libnghttp3-9 libp11-kit0 libperl5.40
2025-08-16T21:01:20.6620246Z #51 4.837   libpq5 libpsl5t64 librtmp1 libsasl2-2 libsasl2-modules-db libssh2-1t64
2025-08-16T21:01:20.6621077Z #51 4.837   libtasn1-6 libunistring5 perl perl-modules-5.40 postgresql-client-17
2025-08-16T21:01:20.6622088Z #51 4.837   postgresql-client-common sensible-utils
2025-08-16T21:01:20.6632467Z #51 4.837 Suggested packages:
2025-08-16T21:01:20.6633616Z #51 4.837   gnutls-bin krb5-doc krb5-user perl-doc libterm-readline-gnu-perl
2025-08-16T21:01:20.6634782Z #51 4.837   | libterm-readline-perl-perl make libtap-harness-archive-perl postgresql-17
2025-08-16T21:01:20.6650598Z #51 4.837   postgresql-doc-17
2025-08-16T21:01:20.6651041Z #51 4.837 Recommended packages:
2025-08-16T21:01:20.6651630Z #51 4.837   bash-completion krb5-locales libldap-common publicsuffix libsasl2-modules
2025-08-16T21:01:20.6652346Z #51 5.078 The following NEW packages will be installed:
2025-08-16T21:01:20.6653013Z #51 5.078   curl libbrotli1 libcom-err2 libcurl4t64 libgdbm-compat4t64 libgnutls30t64
2025-08-16T21:01:20.6653792Z #51 5.078   libgssapi-krb5-2 libidn2-0 libk5crypto3 libkeyutils1 libkrb5-3
2025-08-16T21:01:20.6654590Z #51 5.078   libkrb5support0 libldap2 libnghttp2-14 libnghttp3-9 libp11-kit0 libperl5.40
2025-08-16T21:01:20.6655407Z #51 5.078   libpq5 libpsl5t64 librtmp1 libsasl2-2 libsasl2-modules-db libssh2-1t64
2025-08-16T21:01:20.6656162Z #51 5.080   libtasn1-6 libunistring5 perl perl-modules-5.40 postgresql-client
2025-08-16T21:01:20.6656896Z #51 5.080   postgresql-client-17 postgresql-client-common sensible-utils
2025-08-16T21:01:20.6657589Z #51 5.144 0 upgraded, 31 newly installed, 0 to remove and 0 not upgraded.
2025-08-16T21:01:20.6658120Z #51 5.144 Need to get 14.9 MB of archives.
2025-08-16T21:01:20.6658675Z #51 5.144 After this operation, 78.1 MB of additional disk space will be used.
2025-08-16T21:01:20.6659716Z #51 5.144 Get:1 http://deb.debian.org/debian trixie/main amd64 sensible-utils all 0.0.25 [25.0 kB]
2025-08-16T21:01:20.6660662Z #51 5.147 Get:2 http://deb.debian.org/debian trixie/main amd64 perl-modules-5.40 all 5.40.1-6 [3019 kB]
2025-08-16T21:01:20.6661641Z #51 5.178 Get:3 http://deb.debian.org/debian trixie/main amd64 libgdbm-compat4t64 amd64 1.24-2 [50.3 kB]
2025-08-16T21:01:20.6662568Z #51 5.178 Get:4 http://deb.debian.org/debian trixie/main amd64 libperl5.40 amd64 5.40.1-6 [4341 kB]
2025-08-16T21:01:20.6663427Z #51 5.221 Get:5 http://deb.debian.org/debian trixie/main amd64 perl amd64 5.40.1-6 [267 kB]
2025-08-16T21:01:20.6664290Z #51 5.221 Get:6 http://deb.debian.org/debian trixie/main amd64 libbrotli1 amd64 1.1.0-2+b7 [307 kB]
2025-08-16T21:01:20.6665224Z #51 5.224 Get:7 http://deb.debian.org/debian trixie/main amd64 libkrb5support0 amd64 1.21.3-5 [33.0 kB]
2025-08-16T21:01:20.6666160Z #51 5.226 Get:8 http://deb.debian.org/debian trixie/main amd64 libcom-err2 amd64 1.47.2-3+b3 [25.0 kB]
2025-08-16T21:01:20.6667086Z #51 5.227 Get:9 http://deb.debian.org/debian trixie/main amd64 libk5crypto3 amd64 1.21.3-5 [81.5 kB]
2025-08-16T21:01:20.6668288Z #51 5.227 Get:10 http://deb.debian.org/debian trixie/main amd64 libkeyutils1 amd64 1.6.3-6 [9456 B]
2025-08-16T21:01:20.6669180Z #51 5.228 Get:11 http://deb.debian.org/debian trixie/main amd64 libkrb5-3 amd64 1.21.3-5 [326 kB]
2025-08-16T21:01:20.6670266Z #51 5.229 Get:12 http://deb.debian.org/debian trixie/main amd64 libgssapi-krb5-2 amd64 1.21.3-5 [138 kB]
2025-08-16T21:01:20.6671223Z #51 5.230 Get:13 http://deb.debian.org/debian trixie/main amd64 libunistring5 amd64 1.3-2 [477 kB]
2025-08-16T21:01:20.6672120Z #51 5.233 Get:14 http://deb.debian.org/debian trixie/main amd64 libidn2-0 amd64 2.3.8-2 [109 kB]
2025-08-16T21:01:20.6673034Z #51 5.235 Get:15 http://deb.debian.org/debian trixie/main amd64 libsasl2-modules-db amd64 2.1.28+dfsg1-9 [19.8 kB]
2025-08-16T21:01:20.6674040Z #51 5.235 Get:16 http://deb.debian.org/debian trixie/main amd64 libsasl2-2 amd64 2.1.28+dfsg1-9 [57.5 kB]
2025-08-16T21:01:20.6675948Z #51 5.236 Get:17 http://deb.debian.org/debian trixie/main amd64 libldap2 amd64 2.6.10+dfsg-1 [194 kB]
2025-08-16T21:01:20.6676902Z #51 5.238 Get:18 http://deb.debian.org/debian trixie/main amd64 libnghttp2-14 amd64 1.64.0-1.1 [76.0 kB]
2025-08-16T21:01:20.6677826Z #51 5.239 Get:19 http://deb.debian.org/debian trixie/main amd64 libnghttp3-9 amd64 1.8.0-1 [67.7 kB]
2025-08-16T21:01:20.6678635Z #51 5.242 Get:20 http://deb.debian.org/debian trixie/main amd64 libpsl5t64 amd64 0.21.2-1.1+b1 [57.2 kB]
2025-08-16T21:01:20.6679947Z #51 5.242 Get:21 http://deb.debian.org/debian trixie/main amd64 libp11-kit0 amd64 0.25.5-3 [425 kB]
2025-08-16T21:01:20.6680874Z #51 5.243 Get:22 http://deb.debian.org/debian trixie/main amd64 libtasn1-6 amd64 4.20.0-2 [49.9 kB]
2025-08-16T21:01:20.6681782Z #51 5.243 Get:23 http://deb.debian.org/debian trixie/main amd64 libgnutls30t64 amd64 3.8.9-3 [1465 kB]
2025-08-16T21:01:20.6682758Z #51 5.249 Get:24 http://deb.debian.org/debian trixie/main amd64 librtmp1 amd64 2.4+20151223.gitfa8646d.1-2+b5 [58.8 kB]
2025-08-16T21:01:20.6683722Z #51 5.249 Get:25 http://deb.debian.org/debian trixie/main amd64 libssh2-1t64 amd64 1.11.1-1 [245 kB]
2025-08-16T21:01:20.6684620Z #51 5.251 Get:26 http://deb.debian.org/debian trixie/main amd64 libcurl4t64 amd64 8.14.1-2 [391 kB]
2025-08-16T21:01:20.6685480Z #51 5.253 Get:27 http://deb.debian.org/debian trixie/main amd64 curl amd64 8.14.1-2 [269 kB]
2025-08-16T21:01:20.6686346Z #51 5.255 Get:28 http://deb.debian.org/debian trixie/main amd64 libpq5 amd64 17.5-1 [226 kB]
2025-08-16T21:01:20.6687363Z #51 5.257 Get:29 http://deb.debian.org/debian trixie/main amd64 postgresql-client-common all 278 [47.1 kB]
2025-08-16T21:01:20.6688346Z #51 5.274 Get:30 http://deb.debian.org/debian trixie/main amd64 postgresql-client-17 amd64 17.5-1 [2025 kB]
2025-08-16T21:01:20.6689735Z #51 5.274 Get:31 http://deb.debian.org/debian trixie/main amd64 postgresql-client all 17+278 [14.0 kB]
2025-08-16T21:01:20.6690473Z #51 7.460 Fetched 14.9 MB in 0s (82.9 MB/s)
2025-08-16T21:01:20.6690986Z #51 7.503 Selecting previously unselected package sensible-utils.
2025-08-16T21:01:20.6691522Z #51 7.503 (Reading database ... 
2025-08-16T21:01:20.6691864Z (Reading database ... 5%
2025-08-16T21:01:20.6692194Z (Reading database ... 10%
2025-08-16T21:01:20.6692519Z (Reading database ... 15%
2025-08-16T21:01:20.6692843Z (Reading database ... 20%
2025-08-16T21:01:20.6693161Z (Reading database ... 25%
2025-08-16T21:01:20.6693491Z (Reading database ... 30%
2025-08-16T21:01:20.6693814Z (Reading database ... 35%
2025-08-16T21:01:20.6694132Z (Reading database ... 40%
2025-08-16T21:01:20.6694479Z (Reading database ... 45%
2025-08-16T21:01:20.6694794Z (Reading database ... 50%
2025-08-16T21:01:20.6695115Z (Reading database ... 55%
2025-08-16T21:01:20.6695433Z (Reading database ... 60%
2025-08-16T21:01:20.6695748Z (Reading database ... 65%
2025-08-16T21:01:20.6696070Z (Reading database ... 70%
2025-08-16T21:01:20.6696408Z (Reading database ... 75%
2025-08-16T21:01:20.6696722Z (Reading database ... 80%
2025-08-16T21:01:20.6697040Z (Reading database ... 85%
2025-08-16T21:01:20.6697353Z (Reading database ... 90%
2025-08-16T21:01:20.6697931Z (Reading database ... 95%
2025-08-16T21:01:20.6698383Z (Reading database ... 100%
2025-08-16T21:01:20.6699103Z (Reading database ... 5643 files and directories currently installed.)
2025-08-16T21:01:20.6699889Z #51 7.510 Preparing to unpack .../00-sensible-utils_0.0.25_all.deb ...
2025-08-16T21:01:20.6700433Z #51 7.514 Unpacking sensible-utils (0.0.25) ...
2025-08-16T21:01:20.6701268Z #51 7.557 Selecting previously unselected package perl-modules-5.40.
2025-08-16T21:01:20.6701968Z #51 7.563 Preparing to unpack .../01-perl-modules-5.40_5.40.1-6_all.deb ...
2025-08-16T21:01:20.6702884Z #51 7.565 Unpacking perl-modules-5.40 (5.40.1-6) ...
2025-08-16T21:01:20.6703508Z #51 8.431 Selecting previously unselected package libgdbm-compat4t64:amd64.
2025-08-16T21:01:20.6704214Z #51 8.431 Preparing to unpack .../02-libgdbm-compat4t64_1.24-2_amd64.deb ...
2025-08-16T21:01:20.6704806Z #51 8.433 Unpacking libgdbm-compat4t64:amd64 (1.24-2) ...
2025-08-16T21:01:20.6705406Z #51 8.470 Selecting previously unselected package libperl5.40:amd64.
2025-08-16T21:01:20.6706088Z #51 8.475 Preparing to unpack .../03-libperl5.40_5.40.1-6_amd64.deb ...
2025-08-16T21:01:20.6706653Z #51 8.478 Unpacking libperl5.40:amd64 (5.40.1-6) ...
2025-08-16T21:01:20.6707152Z #51 9.033 Selecting previously unselected package perl.
2025-08-16T21:01:20.6707698Z #51 9.033 Preparing to unpack .../04-perl_5.40.1-6_amd64.deb ...
2025-08-16T21:01:20.6708440Z #51 9.033 Unpacking perl (5.40.1-6) ...
2025-08-16T21:01:20.6708999Z #51 9.097 Selecting previously unselected package libbrotli1:amd64.
2025-08-16T21:01:20.6709859Z #51 9.097 Preparing to unpack .../05-libbrotli1_1.1.0-2+b7_amd64.deb ...
2025-08-16T21:01:20.6710458Z #51 9.097 Unpacking libbrotli1:amd64 (1.1.0-2+b7) ...
2025-08-16T21:01:20.6711068Z #51 9.156 Selecting previously unselected package libkrb5support0:amd64.
2025-08-16T21:01:20.6711757Z #51 9.156 Preparing to unpack .../06-libkrb5support0_1.21.3-5_amd64.deb ...
2025-08-16T21:01:20.6712359Z #51 9.161 Unpacking libkrb5support0:amd64 (1.21.3-5) ...
2025-08-16T21:01:20.6712959Z #51 9.207 Selecting previously unselected package libcom-err2:amd64.
2025-08-16T21:01:20.6713618Z #51 9.210 Preparing to unpack .../07-libcom-err2_1.47.2-3+b3_amd64.deb ...
2025-08-16T21:01:20.6714205Z #51 9.219 Unpacking libcom-err2:amd64 (1.47.2-3+b3) ...
2025-08-16T21:01:20.6714792Z #51 9.273 Selecting previously unselected package libk5crypto3:amd64.
2025-08-16T21:01:20.6715463Z #51 9.273 Preparing to unpack .../08-libk5crypto3_1.21.3-5_amd64.deb ...
2025-08-16T21:01:20.6716041Z #51 9.274 Unpacking libk5crypto3:amd64 (1.21.3-5) ...
2025-08-16T21:01:20.6716611Z #51 9.354 Selecting previously unselected package libkeyutils1:amd64.
2025-08-16T21:01:20.6717268Z #51 9.358 Preparing to unpack .../09-libkeyutils1_1.6.3-6_amd64.deb ...
2025-08-16T21:01:20.6717845Z #51 9.364 Unpacking libkeyutils1:amd64 (1.6.3-6) ...
2025-08-16T21:01:20.6718398Z #51 9.442 Selecting previously unselected package libkrb5-3:amd64.
2025-08-16T21:01:20.6719027Z #51 9.443 Preparing to unpack .../10-libkrb5-3_1.21.3-5_amd64.deb ...
2025-08-16T21:01:20.6719735Z #51 9.450 Unpacking libkrb5-3:amd64 (1.21.3-5) ...
2025-08-16T21:01:20.7793429Z #51 9.532 Selecting previously unselected package libgssapi-krb5-2:amd64.
2025-08-16T21:01:20.7820481Z #51 9.532 Preparing to unpack .../11-libgssapi-krb5-2_1.21.3-5_amd64.deb ...
2025-08-16T21:01:20.7821138Z #51 9.532 Unpacking libgssapi-krb5-2:amd64 (1.21.3-5) ...
2025-08-16T21:01:20.7821716Z #51 9.560 Selecting previously unselected package libunistring5:amd64.
2025-08-16T21:01:20.7822339Z #51 9.560 Preparing to unpack .../12-libunistring5_1.3-2_amd64.deb ...
2025-08-16T21:01:20.7822873Z #51 9.566 Unpacking libunistring5:amd64 (1.3-2) ...
2025-08-16T21:01:20.8807654Z #51 ...
2025-08-16T21:01:20.8849853Z 
2025-08-16T21:01:20.8852644Z #48 [logistics_etl] exporting to image
2025-08-16T21:01:20.8853963Z #48 exporting layers 1.4s done
2025-08-16T21:01:20.8882088Z #48 writing image sha256:faa165db0197532929db562b52d7d964526be04f5579f5974a2b475f58c24126 done
2025-08-16T21:01:20.8883558Z #48 naming to docker.io/library/awa-app-logistics_etl done
2025-08-16T21:01:20.8884297Z #48 DONE 1.4s
2025-08-16T21:01:20.8884635Z 
2025-08-16T21:01:20.8885446Z #51 [api stage-1 3/6] RUN apt-get update     && apt-get install -y --no-install-recommends tzdata postgresql-client curl     && rm -rf /var/lib/apt/lists/*
2025-08-16T21:01:20.8887538Z #51 9.649 Selecting previously unselected package libidn2-0:amd64.
2025-08-16T21:01:20.8888222Z #51 9.649 Preparing to unpack .../13-libidn2-0_2.3.8-2_amd64.deb ...
2025-08-16T21:01:20.8888816Z #51 9.650 Unpacking libidn2-0:amd64 (2.3.8-2) ...
2025-08-16T21:01:20.8889679Z #51 9.685 Selecting previously unselected package libsasl2-modules-db:amd64.
2025-08-16T21:01:20.8890508Z #51 9.688 Preparing to unpack .../14-libsasl2-modules-db_2.1.28+dfsg1-9_amd64.deb ...
2025-08-16T21:01:20.8891269Z #51 9.689 Unpacking libsasl2-modules-db:amd64 (2.1.28+dfsg1-9) ...
2025-08-16T21:01:20.8891947Z #51 9.726 Selecting previously unselected package libsasl2-2:amd64.
2025-08-16T21:01:20.8892443Z #51 ...
2025-08-16T21:01:20.8892605Z 
2025-08-16T21:01:20.8892829Z #52 [logistics_etl] resolving provenance for metadata file
2025-08-16T21:01:20.9867582Z #52 DONE 0.0s
2025-08-16T21:01:20.9878322Z 
2025-08-16T21:01:20.9879618Z #51 [api stage-1 3/6] RUN apt-get update     && apt-get install -y --no-install-recommends tzdata postgresql-client curl     && rm -rf /var/lib/apt/lists/*
2025-08-16T21:01:20.9880815Z #51 9.727 Preparing to unpack .../15-libsasl2-2_2.1.28+dfsg1-9_amd64.deb ...
2025-08-16T21:01:20.9881427Z #51 9.738 Unpacking libsasl2-2:amd64 (2.1.28+dfsg1-9) ...
2025-08-16T21:01:20.9882006Z #51 9.777 Selecting previously unselected package libldap2:amd64.
2025-08-16T21:01:20.9882681Z #51 9.782 Preparing to unpack .../16-libldap2_2.6.10+dfsg-1_amd64.deb ...
2025-08-16T21:01:20.9883274Z #51 9.782 Unpacking libldap2:amd64 (2.6.10+dfsg-1) ...
2025-08-16T21:01:20.9883863Z #51 9.819 Selecting previously unselected package libnghttp2-14:amd64.
2025-08-16T21:01:20.9884596Z #51 9.820 Preparing to unpack .../17-libnghttp2-14_1.64.0-1.1_amd64.deb ...
2025-08-16T21:01:20.9885193Z #51 9.821 Unpacking libnghttp2-14:amd64 (1.64.0-1.1) ...
2025-08-16T21:01:21.1035597Z #51 9.860 Selecting previously unselected package libnghttp3-9:amd64.
2025-08-16T21:01:21.1036410Z #51 9.861 Preparing to unpack .../18-libnghttp3-9_1.8.0-1_amd64.deb ...
2025-08-16T21:01:21.1037057Z #51 9.865 Unpacking libnghttp3-9:amd64 (1.8.0-1) ...
2025-08-16T21:01:21.1038984Z #51 9.905 Selecting previously unselected package libpsl5t64:amd64.
2025-08-16T21:01:21.1041438Z #51 9.912 Preparing to unpack .../19-libpsl5t64_0.21.2-1.1+b1_amd64.deb ...
2025-08-16T21:01:21.1043998Z #51 9.916 Unpacking libpsl5t64:amd64 (0.21.2-1.1+b1) ...
2025-08-16T21:01:21.2378696Z #51 9.957 Selecting previously unselected package libp11-kit0:amd64.
2025-08-16T21:01:21.2390119Z #51 9.959 Preparing to unpack .../20-libp11-kit0_0.25.5-3_amd64.deb ...
2025-08-16T21:01:21.2410535Z #51 9.962 Unpacking libp11-kit0:amd64 (0.25.5-3) ...
2025-08-16T21:01:21.2411171Z #51 10.04 Selecting previously unselected package libtasn1-6:amd64.
2025-08-16T21:01:21.2411838Z #51 10.04 Preparing to unpack .../21-libtasn1-6_4.20.0-2_amd64.deb ...
2025-08-16T21:01:21.2412431Z #51 10.04 Unpacking libtasn1-6:amd64 (4.20.0-2) ...
2025-08-16T21:01:21.2412869Z #51 ...
2025-08-16T21:01:21.2413022Z 
2025-08-16T21:01:21.2413576Z #53 [etl base 4/5] RUN if [ -n "" ] && [ -f "" ]; then         pip install -r requirements.txt -c "";     else         pip install -r requirements.txt;     fi
2025-08-16T21:01:21.2414531Z #53 4.706 Collecting keepa==1.3.14 (from -r requirements.txt (line 1))
2025-08-16T21:01:21.2415234Z #53 4.784   Downloading keepa-1.3.14-py3-none-any.whl.metadata (10 kB)
2025-08-16T21:01:21.2415936Z #53 4.880 Collecting minio==7.1.15 (from -r requirements.txt (line 2))
2025-08-16T21:01:21.2416644Z #53 4.944   Downloading minio-7.1.15-py3-none-any.whl.metadata (4.2 kB)
2025-08-16T21:01:21.2417434Z #53 5.097 Collecting python-amazon-sp-api==0.8.0 (from -r requirements.txt (line 3))
2025-08-16T21:01:21.2418667Z #53 5.120   Downloading python_amazon_sp_api-0.8.0-py3-none-any.whl.metadata (3.2 kB)
2025-08-16T21:01:21.2419940Z #53 5.153 Collecting pydantic-settings==2.2.1 (from -r requirements.txt (line 4))
2025-08-16T21:01:21.2420788Z #53 5.175   Downloading pydantic_settings-2.2.1-py3-none-any.whl.metadata (3.1 kB)
2025-08-16T21:01:21.2421891Z #53 5.520 Collecting numpy>=1.9.3 (from keepa==1.3.14->-r requirements.txt (line 1))
2025-08-16T21:01:21.2426536Z #53 5.544   Downloading numpy-2.3.2-cp312-cp312-manylinux_2_27_x86_64.manylinux_2_28_x86_64.whl.metadata (62 kB)
2025-08-16T21:01:21.2427548Z #53 5.650 Collecting requests>=2.2 (from keepa==1.3.14->-r requirements.txt (line 1))
2025-08-16T21:01:21.2428438Z #53 5.671   Downloading requests-2.32.4-py3-none-any.whl.metadata (4.9 kB)
2025-08-16T21:01:21.2429219Z #53 5.756 Collecting tqdm (from keepa==1.3.14->-r requirements.txt (line 1))
2025-08-16T21:01:21.2430086Z #53 5.776   Downloading tqdm-4.67.1-py3-none-any.whl.metadata (57 kB)
2025-08-16T21:01:21.2430848Z #53 6.544 Collecting aiohttp (from keepa==1.3.14->-r requirements.txt (line 1))
2025-08-16T21:01:21.2431828Z #53 6.568   Downloading aiohttp-3.12.15-cp312-cp312-manylinux_2_17_x86_64.manylinux2014_x86_64.whl.metadata (7.7 kB)
2025-08-16T21:01:21.2432844Z #53 6.768 Collecting pandas<=3.0 (from keepa==1.3.14->-r requirements.txt (line 1))
2025-08-16T21:01:21.2434110Z #53 6.791   Downloading pandas-2.3.1-cp312-cp312-manylinux_2_17_x86_64.manylinux2014_x86_64.whl.metadata (91 kB)
2025-08-16T21:01:21.2435112Z #53 7.086 Collecting pydantic (from keepa==1.3.14->-r requirements.txt (line 1))
2025-08-16T21:01:21.2435906Z #53 7.110   Downloading pydantic-2.11.7-py3-none-any.whl.metadata (67 kB)
2025-08-16T21:01:21.2436684Z #53 7.173 Collecting certifi (from minio==7.1.15->-r requirements.txt (line 2))
2025-08-16T21:01:21.2437454Z #53 7.197   Downloading certifi-2025.8.3-py3-none-any.whl.metadata (2.4 kB)
2025-08-16T21:01:21.2438216Z #53 7.265 Collecting urllib3 (from minio==7.1.15->-r requirements.txt (line 2))
2025-08-16T21:01:21.2438986Z #53 7.284   Downloading urllib3-2.5.0-py3-none-any.whl.metadata (6.5 kB)
2025-08-16T21:01:21.2439978Z #53 7.342 Collecting six<2,>=1.15 (from python-amazon-sp-api==0.8.0->-r requirements.txt (line 3))
2025-08-16T21:01:21.2440822Z #53 7.353   Downloading six-1.17.0-py2.py3-none-any.whl.metadata (1.7 kB)
2025-08-16T21:01:21.2441679Z #53 8.058 Collecting boto3<2,>=1.16.39 (from python-amazon-sp-api==0.8.0->-r requirements.txt (line 3))
2025-08-16T21:01:21.2442541Z #53 8.076   Downloading boto3-1.40.11-py3-none-any.whl.metadata (6.7 kB)
2025-08-16T21:01:21.2443426Z #53 8.123 Collecting cachetools~=4.2.0 (from python-amazon-sp-api==0.8.0->-r requirements.txt (line 3))
2025-08-16T21:01:21.2444343Z #53 8.152   Downloading cachetools-4.2.4-py3-none-any.whl.metadata (4.8 kB)
2025-08-16T21:01:21.2445253Z #53 8.343 Collecting pycryptodome (from python-amazon-sp-api==0.8.0->-r requirements.txt (line 3))
2025-08-16T21:01:21.2446370Z #53 8.372   Downloading pycryptodome-3.23.0-cp37-abi3-manylinux_2_17_x86_64.manylinux2014_x86_64.whl.metadata (3.4 kB)
2025-08-16T21:01:21.2447456Z #53 8.446 Collecting pytz (from python-amazon-sp-api==0.8.0->-r requirements.txt (line 3))
2025-08-16T21:01:21.2448316Z #53 8.468   Downloading pytz-2025.2-py2.py3-none-any.whl.metadata (22 kB)
2025-08-16T21:01:21.2449195Z #53 8.520 Collecting confuse~=1.4.0 (from python-amazon-sp-api==0.8.0->-r requirements.txt (line 3))
2025-08-16T21:01:21.2452393Z #53 8.533   Downloading confuse-1.4.0-py2.py3-none-any.whl.metadata (3.8 kB)
2025-08-16T21:01:21.2454635Z #53 8.628 Collecting python-dotenv>=0.21.0 (from pydantic-settings==2.2.1->-r requirements.txt (line 4))
2025-08-16T21:01:21.2455588Z #53 8.653   Downloading python_dotenv-1.1.1-py3-none-any.whl.metadata (24 kB)
2025-08-16T21:01:21.2457843Z #53 9.404 Collecting botocore<1.41.0,>=1.40.11 (from boto3<2,>=1.16.39->python-amazon-sp-api==0.8.0->-r requirements.txt (line 3))
2025-08-16T21:01:21.2459998Z #53 9.428   Downloading botocore-1.40.11-py3-none-any.whl.metadata (5.7 kB)
2025-08-16T21:01:21.2461257Z #53 9.457 Collecting jmespath<2.0.0,>=0.7.1 (from boto3<2,>=1.16.39->python-amazon-sp-api==0.8.0->-r requirements.txt (line 3))
2025-08-16T21:01:21.2462193Z #53 9.465   Downloading jmespath-1.0.1-py3-none-any.whl.metadata (7.6 kB)
2025-08-16T21:01:21.2463183Z #53 9.502 Collecting s3transfer<0.14.0,>=0.13.0 (from boto3<2,>=1.16.39->python-amazon-sp-api==0.8.0->-r requirements.txt (line 3))
2025-08-16T21:01:21.2464174Z #53 9.525   Downloading s3transfer-0.13.1-py3-none-any.whl.metadata (1.7 kB)
2025-08-16T21:01:21.2465092Z #53 9.591 Collecting pyyaml (from confuse~=1.4.0->python-amazon-sp-api==0.8.0->-r requirements.txt (line 3))
2025-08-16T21:01:21.2466186Z #53 9.609   Downloading PyYAML-6.0.2-cp312-cp312-manylinux_2_17_x86_64.manylinux2014_x86_64.whl.metadata (2.1 kB)
2025-08-16T21:01:21.2467272Z #53 9.663 Collecting python-dateutil>=2.8.2 (from pandas<=3.0->keepa==1.3.14->-r requirements.txt (line 1))
2025-08-16T21:01:21.2468252Z #53 9.683   Downloading python_dateutil-2.9.0.post0-py2.py3-none-any.whl.metadata (8.4 kB)
2025-08-16T21:01:21.2469206Z #53 9.717 Collecting tzdata>=2022.7 (from pandas<=3.0->keepa==1.3.14->-r requirements.txt (line 1))
2025-08-16T21:01:21.2470951Z #53 9.736   Downloading tzdata-2025.2-py2.py3-none-any.whl.metadata (1.4 kB)
2025-08-16T21:01:21.2474261Z #53 9.757 Collecting annotated-types>=0.6.0 (from pydantic->keepa==1.3.14->-r requirements.txt (line 1))
2025-08-16T21:01:21.2485004Z #53 9.781   Downloading annotated_types-0.7.0-py3-none-any.whl.metadata (15 kB)
2025-08-16T21:01:21.3674781Z #53 ...
2025-08-16T21:01:21.3675565Z 
2025-08-16T21:01:21.3676032Z #54 [api base  4/12] RUN pip install --no-cache-dir -r requirements.txt
2025-08-16T21:01:21.3677619Z #54 4.421 Collecting uvicorn==0.29.0 (from -r requirements.txt (line 1))
2025-08-16T21:01:21.3696456Z #54 4.520   Downloading uvicorn-0.29.0-py3-none-any.whl.metadata (6.3 kB)
2025-08-16T21:01:21.3697816Z #54 4.554 Collecting pydantic-settings==2.2.1 (from -r requirements.txt (line 2))
2025-08-16T21:01:21.3700810Z #54 4.580   Downloading pydantic_settings-2.2.1-py3-none-any.whl.metadata (3.1 kB)
2025-08-16T21:01:21.3701593Z #54 4.689 Collecting fastapi==0.111.0 (from -r requirements.txt (line 3))
2025-08-16T21:01:21.3702334Z #54 4.712   Downloading fastapi-0.111.0-py3-none-any.whl.metadata (25 kB)
2025-08-16T21:01:21.3705781Z #54 5.195 Collecting sqlalchemy==2.0.29 (from -r requirements.txt (line 4))
2025-08-16T21:01:21.3706854Z #54 5.217   Downloading SQLAlchemy-2.0.29-cp312-cp312-manylinux_2_17_x86_64.manylinux2014_x86_64.whl.metadata (9.6 kB)
2025-08-16T21:01:21.3707813Z #54 5.289 Collecting alembic==1.13.1 (from -r requirements.txt (line 5))
2025-08-16T21:01:21.3708526Z #54 5.311   Downloading alembic-1.13.1-py3-none-any.whl.metadata (7.4 kB)
2025-08-16T21:01:21.3709502Z #54 5.334 Collecting psycopg==3.2.9 (from psycopg[binary]==3.2.9->-r requirements.txt (line 6))
2025-08-16T21:01:21.3710328Z #54 5.360   Downloading psycopg-3.2.9-py3-none-any.whl.metadata (4.5 kB)
2025-08-16T21:01:21.3711057Z #54 5.398 Collecting httpx==0.27.2 (from -r requirements.txt (line 7))
2025-08-16T21:01:21.3711773Z #54 5.430   Downloading httpx-0.27.2-py3-none-any.whl.metadata (7.1 kB)
2025-08-16T21:01:21.3712492Z #54 5.507 Collecting asyncpg==0.29.0 (from -r requirements.txt (line 8))
2025-08-16T21:01:21.3713439Z #54 5.542   Downloading asyncpg-0.29.0-cp312-cp312-manylinux_2_17_x86_64.manylinux2014_x86_64.whl.metadata (4.4 kB)
2025-08-16T21:01:21.3714330Z #54 6.013 Collecting boto3==1.34.162 (from -r requirements.txt (line 9))
2025-08-16T21:01:21.3715012Z #54 6.040   Downloading boto3-1.34.162-py3-none-any.whl.metadata (6.6 kB)
2025-08-16T21:01:21.3715706Z #54 6.078 Collecting Jinja2==3.1.5 (from -r requirements.txt (line 10))
2025-08-16T21:01:21.3716372Z #54 6.102   Downloading jinja2-3.1.5-py3-none-any.whl.metadata (2.6 kB)
2025-08-16T21:01:21.3717078Z #54 6.140 Collecting click>=7.0 (from uvicorn==0.29.0->-r requirements.txt (line 1))
2025-08-16T21:01:21.3717824Z #54 6.169   Downloading click-8.2.1-py3-none-any.whl.metadata (2.5 kB)
2025-08-16T21:01:21.3718883Z #54 6.185 Collecting h11>=0.8 (from uvicorn==0.29.0->-r requirements.txt (line 1))
2025-08-16T21:01:21.3719741Z #54 6.209   Downloading h11-0.16.0-py3-none-any.whl.metadata (8.3 kB)
2025-08-16T21:01:21.3720538Z #54 6.425 Collecting pydantic>=2.3.0 (from pydantic-settings==2.2.1->-r requirements.txt (line 2))
2025-08-16T21:01:21.3721370Z #54 6.450   Downloading pydantic-2.11.7-py3-none-any.whl.metadata (67 kB)
2025-08-16T21:01:21.3722228Z #54 6.500 Collecting python-dotenv>=0.21.0 (from pydantic-settings==2.2.1->-r requirements.txt (line 2))
2025-08-16T21:01:21.3723127Z #54 6.527   Downloading python_dotenv-1.1.1-py3-none-any.whl.metadata (24 kB)
2025-08-16T21:01:21.3723940Z #54 6.599 Collecting starlette<0.38.0,>=0.37.2 (from fastapi==0.111.0->-r requirements.txt (line 3))
2025-08-16T21:01:21.3724751Z #54 6.618   Downloading starlette-0.37.2-py3-none-any.whl.metadata (5.9 kB)
2025-08-16T21:01:21.3725583Z #54 6.757 Collecting typing-extensions>=4.8.0 (from fastapi==0.111.0->-r requirements.txt (line 3))
2025-08-16T21:01:21.3726527Z #54 6.778   Downloading typing_extensions-4.14.1-py3-none-any.whl.metadata (3.0 kB)
2025-08-16T21:01:21.3727428Z #54 6.806 Collecting fastapi-cli>=0.0.2 (from fastapi==0.111.0->-r requirements.txt (line 3))
2025-08-16T21:01:21.3728315Z #54 6.825   Downloading fastapi_cli-0.0.8-py3-none-any.whl.metadata (6.3 kB)
2025-08-16T21:01:21.3729626Z #54 6.862 Collecting python-multipart>=0.0.7 (from fastapi==0.111.0->-r requirements.txt (line 3))
2025-08-16T21:01:21.3730585Z #54 6.891   Downloading python_multipart-0.0.20-py3-none-any.whl.metadata (1.8 kB)
2025-08-16T21:01:21.3731532Z #54 7.055 Collecting ujson!=4.0.2,!=4.1.0,!=4.2.0,!=4.3.0,!=5.0.0,!=5.1.0,>=4.0.1 (from fastapi==0.111.0->-r requirements.txt (line 3))
2025-08-16T21:01:21.3732588Z #54 7.081   Downloading ujson-5.10.0-cp312-cp312-manylinux_2_17_x86_64.manylinux2014_x86_64.whl.metadata (9.3 kB)
2025-08-16T21:01:21.3733542Z #54 7.453 Collecting orjson>=3.2.1 (from fastapi==0.111.0->-r requirements.txt (line 3))
2025-08-16T21:01:21.3734524Z #54 7.477   Downloading orjson-3.11.2-cp312-cp312-manylinux_2_17_x86_64.manylinux2014_x86_64.whl.metadata (1.2 kB)
2025-08-16T21:01:21.3735538Z #54 7.491 Collecting email_validator>=2.0.0 (from fastapi==0.111.0->-r requirements.txt (line 3))
2025-08-16T21:01:21.3736421Z #54 7.513   Downloading email_validator-2.2.0-py3-none-any.whl.metadata (25 kB)
2025-08-16T21:01:21.3737289Z #54 7.767 Collecting greenlet!=0.4.17 (from sqlalchemy==2.0.29->-r requirements.txt (line 4))
2025-08-16T21:01:21.3738301Z #54 7.784   Downloading greenlet-3.2.4-cp312-cp312-manylinux_2_24_x86_64.manylinux_2_28_x86_64.whl.metadata (4.1 kB)
2025-08-16T21:01:21.3739260Z #54 7.844 Collecting Mako (from alembic==1.13.1->-r requirements.txt (line 5))
2025-08-16T21:01:21.3740171Z #54 7.875   Downloading mako-1.3.10-py3-none-any.whl.metadata (2.9 kB)
2025-08-16T21:01:21.3740920Z #54 7.953 Collecting anyio (from httpx==0.27.2->-r requirements.txt (line 7))
2025-08-16T21:01:21.3741657Z #54 7.979   Downloading anyio-4.10.0-py3-none-any.whl.metadata (4.0 kB)
2025-08-16T21:01:21.3742359Z #54 8.008 Collecting certifi (from httpx==0.27.2->-r requirements.txt (line 7))
2025-08-16T21:01:21.3743093Z #54 8.035   Downloading certifi-2025.8.3-py3-none-any.whl.metadata (2.4 kB)
2025-08-16T21:01:21.3743851Z #54 8.079 Collecting httpcore==1.* (from httpx==0.27.2->-r requirements.txt (line 7))
2025-08-16T21:01:21.3744651Z #54 8.101   Downloading httpcore-1.0.9-py3-none-any.whl.metadata (21 kB)
2025-08-16T21:01:21.3745386Z #54 8.129 Collecting idna (from httpx==0.27.2->-r requirements.txt (line 7))
2025-08-16T21:01:21.3746078Z #54 8.147   Downloading idna-3.10-py3-none-any.whl.metadata (10 kB)
2025-08-16T21:01:21.3746759Z #54 8.159 Collecting sniffio (from httpx==0.27.2->-r requirements.txt (line 7))
2025-08-16T21:01:21.3747500Z #54 8.190   Downloading sniffio-1.3.1-py3-none-any.whl.metadata (3.9 kB)
2025-08-16T21:01:21.3748342Z #54 8.927 Collecting botocore<1.35.0,>=1.34.162 (from boto3==1.34.162->-r requirements.txt (line 9))
2025-08-16T21:01:21.3749638Z #54 8.951   Downloading botocore-1.34.162-py3-none-any.whl.metadata (5.7 kB)
2025-08-16T21:01:21.3750509Z #54 8.986 Collecting jmespath<2.0.0,>=0.7.1 (from boto3==1.34.162->-r requirements.txt (line 9))
2025-08-16T21:01:21.3751323Z #54 9.004   Downloading jmespath-1.0.1-py3-none-any.whl.metadata (7.6 kB)
2025-08-16T21:01:21.3752183Z #54 9.048 Collecting s3transfer<0.11.0,>=0.10.0 (from boto3==1.34.162->-r requirements.txt (line 9))
2025-08-16T21:01:21.3753043Z #54 9.063   Downloading s3transfer-0.10.4-py3-none-any.whl.metadata (1.7 kB)
2025-08-16T21:01:21.3753862Z #54 9.145 Collecting MarkupSafe>=2.0 (from Jinja2==3.1.5->-r requirements.txt (line 10))
2025-08-16T21:01:21.3754903Z #54 9.164   Downloading MarkupSafe-3.0.2-cp312-cp312-manylinux_2_17_x86_64.manylinux2014_x86_64.whl.metadata (4.0 kB)
2025-08-16T21:01:21.3756012Z #54 9.419 Collecting psycopg-binary==3.2.9 (from psycopg[binary]==3.2.9->-r requirements.txt (line 6))
2025-08-16T21:01:21.3757149Z #54 9.444   Downloading psycopg_binary-3.2.9-cp312-cp312-manylinux_2_17_x86_64.manylinux2014_x86_64.whl.metadata (2.9 kB)
2025-08-16T21:01:21.3758349Z #54 9.476 Collecting python-dateutil<3.0.0,>=2.1 (from botocore<1.35.0,>=1.34.162->boto3==1.34.162->-r requirements.txt (line 9))
2025-08-16T21:01:21.3759617Z #54 9.499   Downloading python_dateutil-2.9.0.post0-py2.py3-none-any.whl.metadata (8.4 kB)
2025-08-16T21:01:21.3760836Z #54 9.543 Collecting urllib3!=2.2.0,<3,>=1.25.4 (from botocore<1.35.0,>=1.34.162->boto3==1.34.162->-r requirements.txt (line 9))
2025-08-16T21:01:21.3761740Z #54 9.561   Downloading urllib3-2.5.0-py3-none-any.whl.metadata (6.5 kB)
2025-08-16T21:01:21.3762631Z #54 9.590 Collecting dnspython>=2.0.0 (from email_validator>=2.0.0->fastapi==0.111.0->-r requirements.txt (line 3))
2025-08-16T21:01:21.3763520Z #54 9.610   Downloading dnspython-2.7.0-py3-none-any.whl.metadata (5.8 kB)
2025-08-16T21:01:21.3764366Z #54 9.646 Collecting typer>=0.15.1 (from fastapi-cli>=0.0.2->fastapi==0.111.0->-r requirements.txt (line 3))
2025-08-16T21:01:21.3765207Z #54 9.672   Downloading typer-0.16.0-py3-none-any.whl.metadata (15 kB)
2025-08-16T21:01:21.3766117Z #54 9.712 Collecting rich-toolkit>=0.14.8 (from fastapi-cli>=0.0.2->fastapi==0.111.0->-r requirements.txt (line 3))
2025-08-16T21:01:21.3767074Z #54 9.736   Downloading rich_toolkit-0.15.0-py3-none-any.whl.metadata (1.0 kB)
2025-08-16T21:01:21.3768065Z #54 9.759 Collecting annotated-types>=0.6.0 (from pydantic>=2.3.0->pydantic-settings==2.2.1->-r requirements.txt (line 2))
2025-08-16T21:01:21.3769079Z #54 9.779   Downloading annotated_types-0.7.0-py3-none-any.whl.metadata (15 kB)
2025-08-16T21:01:21.4777429Z #54 ...
2025-08-16T21:01:21.4801784Z 
2025-08-16T21:01:21.4806070Z #45 [web build 1/6] FROM docker.io/library/node:20-alpine@sha256:df02558528d3d3d0d621f112e232611aecfee7cbc654f6b375765f72bb262799
2025-08-16T21:01:21.4811252Z #45 extracting sha256:8c59d92d6fc9f01af4aaa86824be72b74bd4d940c4c46aa95d9710bfa46c975e 7.5s done
2025-08-16T21:01:21.4851627Z #45 extracting sha256:54225bd601967a0aa669ec9be621c24d8eeac874b698d55874018070898685c2 0.1s done
2025-08-16T21:01:21.4856606Z #45 extracting sha256:a9e48ad1219d4d11c6456a8db0fd5c11af46242d52edf84e17ab84a7bfd93809 done
2025-08-16T21:01:21.4859898Z #45 DONE 9.9s
2025-08-16T21:01:21.4862219Z 
2025-08-16T21:01:21.4864479Z #55 [web build 2/6] WORKDIR /app
2025-08-16T21:01:21.4866999Z #55 DONE 0.0s
2025-08-16T21:01:21.4869447Z 
2025-08-16T21:01:21.4876460Z #56 [web build 3/6] COPY package*.json ./
2025-08-16T21:01:21.4900335Z #56 DONE 0.0s
2025-08-16T21:01:21.4929702Z 
2025-08-16T21:01:21.4931249Z #57 [repricer base 4/5] RUN if [ -n "" ] && [ -f "" ]; then         pip install -r requirements.txt -c "";     else         pip install -r requirements.txt;     fi
2025-08-16T21:01:21.5923183Z #57 ...
2025-08-16T21:01:21.5927221Z 
2025-08-16T21:01:21.5931915Z #18 [postgres 1/6] FROM docker.io/library/postgres:16@sha256:66a5efb5677ffac1037774a0e141fd3a4c035c9c0c0e624c9cc980dfa10f45e5
2025-08-16T21:01:21.5962965Z #18 extracting sha256:a1e4ad56dcecf442fba1cec05cd565ededfdc663e5172df9ef9394d96d4c96f8 10.3s
2025-08-16T21:01:21.7311833Z #18 ...
2025-08-16T21:01:21.7312054Z 
2025-08-16T21:01:21.7312796Z #51 [api stage-1 3/6] RUN apt-get update     && apt-get install -y --no-install-recommends tzdata postgresql-client curl     && rm -rf /var/lib/apt/lists/*
2025-08-16T21:01:21.7313952Z #51 10.09 Selecting previously unselected package libgnutls30t64:amd64.
2025-08-16T21:01:21.7314632Z #51 10.10 Preparing to unpack .../22-libgnutls30t64_3.8.9-3_amd64.deb ...
2025-08-16T21:01:21.7315203Z #51 10.10 Unpacking libgnutls30t64:amd64 (3.8.9-3) ...
2025-08-16T21:01:21.7315775Z #51 10.21 Selecting previously unselected package librtmp1:amd64.
2025-08-16T21:01:21.7316499Z #51 10.22 Preparing to unpack .../23-librtmp1_2.4+20151223.gitfa8646d.1-2+b5_amd64.deb ...
2025-08-16T21:01:21.7317226Z #51 10.22 Unpacking librtmp1:amd64 (2.4+20151223.gitfa8646d.1-2+b5) ...
2025-08-16T21:01:21.7317878Z #51 10.27 Selecting previously unselected package libssh2-1t64:amd64.
2025-08-16T21:01:21.7318540Z #51 10.28 Preparing to unpack .../24-libssh2-1t64_1.11.1-1_amd64.deb ...
2025-08-16T21:01:21.7319150Z #51 10.28 Unpacking libssh2-1t64:amd64 (1.11.1-1) ...
2025-08-16T21:01:21.7320013Z #51 10.38 Selecting previously unselected package libcurl4t64:amd64.
2025-08-16T21:01:21.7320679Z #51 10.38 Preparing to unpack .../25-libcurl4t64_8.14.1-2_amd64.deb ...
2025-08-16T21:01:21.7321535Z #51 10.38 Unpacking libcurl4t64:amd64 (8.14.1-2) ...
2025-08-16T21:01:21.7322070Z #51 10.44 Selecting previously unselected package curl.
2025-08-16T21:01:21.7322626Z #51 10.44 Preparing to unpack .../26-curl_8.14.1-2_amd64.deb ...
2025-08-16T21:01:21.7323114Z #51 10.44 Unpacking curl (8.14.1-2) ...
2025-08-16T21:01:21.7323614Z #51 10.52 Selecting previously unselected package libpq5:amd64.
2025-08-16T21:01:21.7324199Z #51 10.53 Preparing to unpack .../27-libpq5_17.5-1_amd64.deb ...
2025-08-16T21:01:21.7324707Z #51 10.53 Unpacking libpq5:amd64 (17.5-1) ...
2025-08-16T21:01:21.8413737Z #51 10.59 Selecting previously unselected package postgresql-client-common.
2025-08-16T21:01:21.8414580Z #51 10.59 Preparing to unpack .../28-postgresql-client-common_278_all.deb ...
2025-08-16T21:01:21.8415282Z #51 10.61 Unpacking postgresql-client-common (278) ...
2025-08-16T21:01:21.8415927Z #51 10.67 Selecting previously unselected package postgresql-client-17.
2025-08-16T21:01:21.8416661Z #51 10.67 Preparing to unpack .../29-postgresql-client-17_17.5-1_amd64.deb ...
2025-08-16T21:01:21.8417270Z #51 10.67 Unpacking postgresql-client-17 (17.5-1) ...
2025-08-16T21:01:22.1954104Z #51 10.95 Selecting previously unselected package postgresql-client.
2025-08-16T21:01:22.1954926Z #51 10.95 Preparing to unpack .../30-postgresql-client_17+278_all.deb ...
2025-08-16T21:01:22.1955718Z #51 10.96 Unpacking postgresql-client (17+278) ...
2025-08-16T21:01:22.1973734Z #51 11.00 Setting up libkeyutils1:amd64 (1.6.3-6) ...
2025-08-16T21:01:22.1976363Z #51 11.01 Setting up libgdbm-compat4t64:amd64 (1.24-2) ...
2025-08-16T21:01:22.1976962Z #51 11.01 Setting up libbrotli1:amd64 (1.1.0-2+b7) ...
2025-08-16T21:01:22.1977499Z #51 11.02 Setting up libnghttp2-14:amd64 (1.64.0-1.1) ...
2025-08-16T21:01:22.1978058Z #51 11.02 Setting up libcom-err2:amd64 (1.47.2-3+b3) ...
2025-08-16T21:01:22.1978613Z #51 11.03 Setting up libkrb5support0:amd64 (1.21.3-5) ...
2025-08-16T21:01:22.1979217Z #51 11.03 Setting up libsasl2-modules-db:amd64 (2.1.28+dfsg1-9) ...
2025-08-16T21:01:22.1980031Z #51 11.04 Setting up libp11-kit0:amd64 (0.25.5-3) ...
2025-08-16T21:01:22.3213858Z #51 11.04 Setting up libunistring5:amd64 (1.3-2) ...
2025-08-16T21:01:22.3223355Z #51 11.05 Setting up libk5crypto3:amd64 (1.21.3-5) ...
2025-08-16T21:01:22.3223939Z #51 11.06 Setting up libsasl2-2:amd64 (2.1.28+dfsg1-9) ...
2025-08-16T21:01:22.3224499Z #51 11.06 Setting up libnghttp3-9:amd64 (1.8.0-1) ...
2025-08-16T21:01:22.3229755Z #51 11.07 Setting up perl-modules-5.40 (5.40.1-6) ...
2025-08-16T21:01:22.3230328Z #51 11.07 Setting up sensible-utils (0.0.25) ...
2025-08-16T21:01:22.3236800Z #51 11.08 Setting up libtasn1-6:amd64 (4.20.0-2) ...
2025-08-16T21:01:22.3237304Z #51 11.08 Setting up libkrb5-3:amd64 (1.21.3-5) ...
2025-08-16T21:01:22.3237801Z #51 11.09 Setting up libssh2-1t64:amd64 (1.11.1-1) ...
2025-08-16T21:01:22.3238310Z #51 11.10 Setting up libldap2:amd64 (2.6.10+dfsg-1) ...
2025-08-16T21:01:22.3238813Z #51 11.10 Setting up libidn2-0:amd64 (2.3.8-2) ...
2025-08-16T21:01:22.3262802Z #51 11.11 Setting up libperl5.40:amd64 (5.40.1-6) ...
2025-08-16T21:01:22.3263380Z #51 11.11 Setting up perl (5.40.1-6) ...
2025-08-16T21:01:22.3263898Z #51 11.12 Setting up libgssapi-krb5-2:amd64 (1.21.3-5) ...
2025-08-16T21:01:22.3264426Z #51 11.14 Setting up libgnutls30t64:amd64 (3.8.9-3) ...
2025-08-16T21:01:22.3264955Z #51 11.14 Setting up postgresql-client-common (278) ...
2025-08-16T21:01:22.3265472Z #51 11.17 Setting up libpsl5t64:amd64 (0.21.2-1.1+b1) ...
2025-08-16T21:01:22.4303053Z #51 11.17 Setting up libpq5:amd64 (17.5-1) ...
2025-08-16T21:01:22.4307945Z #51 11.18 Setting up librtmp1:amd64 (2.4+20151223.gitfa8646d.1-2+b5) ...
2025-08-16T21:01:22.4330702Z #51 11.18 Setting up libcurl4t64:amd64 (8.14.1-2) ...
2025-08-16T21:01:22.4333462Z #51 11.19 Setting up postgresql-client-17 (17.5-1) ...
2025-08-16T21:01:23.1291520Z #51 11.97 update-alternatives: using /usr/share/postgresql/17/man/man1/psql.1.gz to provide /usr/share/man/man1/psql.1.gz (psql.1.gz) in auto mode
2025-08-16T21:01:23.2444320Z #51 12.05 Setting up curl (8.14.1-2) ...
2025-08-16T21:01:23.2446006Z #51 12.05 Setting up postgresql-client (17+278) ...
2025-08-16T21:01:23.2448787Z #51 12.07 Processing triggers for libc-bin (2.41-12) ...
2025-08-16T21:01:23.5752055Z #51 DONE 12.3s
2025-08-16T21:01:23.5754529Z 
2025-08-16T21:01:23.5754881Z #54 [api base  4/12] RUN pip install --no-cache-dir -r requirements.txt
2025-08-16T21:01:23.5755877Z #54 10.85 Collecting pydantic-core==2.33.2 (from pydantic>=2.3.0->pydantic-settings==2.2.1->-r requirements.txt (line 2))
2025-08-16T21:01:23.5757080Z #54 10.88   Downloading pydantic_core-2.33.2-cp312-cp312-manylinux_2_17_x86_64.manylinux2014_x86_64.whl.metadata (6.8 kB)
2025-08-16T21:01:23.5758333Z #54 10.89 Collecting typing-inspection>=0.4.0 (from pydantic>=2.3.0->pydantic-settings==2.2.1->-r requirements.txt (line 2))
2025-08-16T21:01:23.5759624Z #54 10.92   Downloading typing_inspection-0.4.1-py3-none-any.whl.metadata (2.6 kB)
2025-08-16T21:01:23.5760631Z #54 11.28 Collecting httptools>=0.5.0 (from uvicorn[standard]>=0.12.0->fastapi==0.111.0->-r requirements.txt (line 3))
2025-08-16T21:01:23.5761960Z #54 11.30   Downloading httptools-0.6.4-cp312-cp312-manylinux_2_5_x86_64.manylinux1_x86_64.manylinux_2_17_x86_64.manylinux2014_x86_64.whl.metadata (3.6 kB)
2025-08-16T21:01:23.5763404Z #54 11.36 Collecting pyyaml>=5.1 (from uvicorn[standard]>=0.12.0->fastapi==0.111.0->-r requirements.txt (line 3))
2025-08-16T21:01:23.5764502Z #54 11.41   Downloading PyYAML-6.0.2-cp312-cp312-manylinux_2_17_x86_64.manylinux2014_x86_64.whl.metadata (2.1 kB)
2025-08-16T21:01:23.5765611Z #54 11.47 Collecting uvloop!=0.15.0,!=0.15.1,>=0.14.0 (from uvicorn[standard]>=0.12.0->fastapi==0.111.0->-r requirements.txt (line 3))
2025-08-16T21:01:23.5766737Z #54 11.50   Downloading uvloop-0.21.0-cp312-cp312-manylinux_2_17_x86_64.manylinux2014_x86_64.whl.metadata (4.9 kB)
2025-08-16T21:01:23.5767841Z #54 11.63 Collecting watchfiles>=0.13 (from uvicorn[standard]>=0.12.0->fastapi==0.111.0->-r requirements.txt (line 3))
2025-08-16T21:01:23.5768968Z #54 11.65   Downloading watchfiles-1.1.0-cp312-cp312-manylinux_2_17_x86_64.manylinux2014_x86_64.whl.metadata (4.9 kB)
2025-08-16T21:01:23.5770260Z #54 11.79 Collecting websockets>=10.4 (from uvicorn[standard]>=0.12.0->fastapi==0.111.0->-r requirements.txt (line 3))
2025-08-16T21:01:23.5771600Z #54 11.81   Downloading websockets-15.0.1-cp312-cp312-manylinux_2_5_x86_64.manylinux1_x86_64.manylinux_2_17_x86_64.manylinux2014_x86_64.whl.metadata (6.8 kB)
2025-08-16T21:01:23.5772967Z #54 11.86 Collecting six>=1.5 (from python-dateutil<3.0.0,>=2.1->botocore<1.35.0,>=1.34.162->boto3==1.34.162->-r requirements.txt (line 9))
2025-08-16T21:01:23.5774267Z #54 11.88   Downloading six-1.17.0-py2.py3-none-any.whl.metadata (1.7 kB)
2025-08-16T21:01:23.5775215Z #54 11.96 Collecting rich>=13.7.1 (from rich-toolkit>=0.14.8->fastapi-cli>=0.0.2->fastapi==0.111.0->-r requirements.txt (line 3))
2025-08-16T21:01:23.5777916Z #54 11.98   Downloading rich-14.1.0-py3-none-any.whl.metadata (18 kB)
2025-08-16T21:01:23.5778881Z #54 12.03 Collecting shellingham>=1.3.0 (from typer>=0.15.1->fastapi-cli>=0.0.2->fastapi==0.111.0->-r requirements.txt (line 3))
2025-08-16T21:01:23.5781119Z #54 12.05   Downloading shellingham-1.5.4-py2.py3-none-any.whl.metadata (3.5 kB)
2025-08-16T21:01:23.5782224Z #54 12.16 Collecting markdown-it-py>=2.2.0 (from rich>=13.7.1->rich-toolkit>=0.14.8->fastapi-cli>=0.0.2->fastapi==0.111.0->-r requirements.txt (line 3))
2025-08-16T21:01:23.5783298Z #54 12.18   Downloading markdown_it_py-4.0.0-py3-none-any.whl.metadata (7.3 kB)
2025-08-16T21:01:23.5784699Z #54 12.24 Collecting pygments<3.0.0,>=2.13.0 (from rich>=13.7.1->rich-toolkit>=0.14.8->fastapi-cli>=0.0.2->fastapi==0.111.0->-r requirements.txt (line 3))
2025-08-16T21:01:23.5785781Z #54 12.27   Downloading pygments-2.19.2-py3-none-any.whl.metadata (2.5 kB)
2025-08-16T21:01:23.5786891Z #54 12.29 Collecting mdurl~=0.1 (from markdown-it-py>=2.2.0->rich>=13.7.1->rich-toolkit>=0.14.8->fastapi-cli>=0.0.2->fastapi==0.111.0->-r requirements.txt (line 3))
2025-08-16T21:01:23.5788548Z #54 12.31   Downloading mdurl-0.1.2-py3-none-any.whl.metadata (1.6 kB)
2025-08-16T21:01:23.5789240Z #54 12.35 Downloading uvicorn-0.29.0-py3-none-any.whl (60 kB)
2025-08-16T21:01:23.5790131Z #54 12.37 Downloading pydantic_settings-2.2.1-py3-none-any.whl (13 kB)
2025-08-16T21:01:23.5790799Z #54 12.39 Downloading fastapi-0.111.0-py3-none-any.whl (91 kB)
2025-08-16T21:01:23.6814588Z #54 12.41 Downloading SQLAlchemy-2.0.29-cp312-cp312-manylinux_2_17_x86_64.manylinux2014_x86_64.whl (3.2 MB)
2025-08-16T21:01:23.7941347Z #54 12.49    ━━━━━━━━━━━━━━━━━━━━━━━━━━━━━━━━━━━━━━━━ 3.2/3.2 MB 53.2 MB/s eta 0:00:00
2025-08-16T21:01:23.7943028Z #54 12.51 Downloading alembic-1.13.1-py3-none-any.whl (233 kB)
2025-08-16T21:01:23.7944174Z #54 12.54 Downloading psycopg-3.2.9-py3-none-any.whl (202 kB)
2025-08-16T21:01:23.7945992Z #54 12.56 Downloading httpx-0.27.2-py3-none-any.whl (76 kB)
2025-08-16T21:01:23.7946871Z #54 12.58 Downloading asyncpg-0.29.0-cp312-cp312-manylinux_2_17_x86_64.manylinux2014_x86_64.whl (3.3 MB)
2025-08-16T21:01:23.7949080Z #54 12.60    ━━━━━━━━━━━━━━━━━━━━━━━━━━━━━━━━━━━━━━━━ 3.3/3.3 MB 224.1 MB/s eta 0:00:00
2025-08-16T21:01:23.8959238Z #54 ...
2025-08-16T21:01:23.8960351Z 
2025-08-16T21:01:23.8964553Z #58 [fees_h10 stage-1 3/6] COPY --from=base /usr/local /usr/local
2025-08-16T21:01:23.8965323Z #58 DONE 2.0s
2025-08-16T21:01:23.8966694Z 
2025-08-16T21:01:23.8966918Z #59 [fees_h10 stage-1 4/6] COPY --from=base /app /app
2025-08-16T21:01:23.8967392Z #59 DONE 0.0s
2025-08-16T21:01:23.8967571Z 
2025-08-16T21:01:23.8967763Z #60 [fees_h10 stage-1 5/6] COPY start.sh ./start.sh
2025-08-16T21:01:23.8968218Z #60 DONE 0.0s
2025-08-16T21:01:23.8968381Z 
2025-08-16T21:01:23.8968651Z #54 [api base  4/12] RUN pip install --no-cache-dir -r requirements.txt
2025-08-16T21:01:23.8969289Z #54 12.62 Downloading boto3-1.34.162-py3-none-any.whl (139 kB)
2025-08-16T21:01:23.8970070Z #54 12.65 Downloading jinja2-3.1.5-py3-none-any.whl (134 kB)
2025-08-16T21:01:23.8970669Z #54 12.67 Downloading httpcore-1.0.9-py3-none-any.whl (78 kB)
2025-08-16T21:01:23.8971515Z #54 12.71 Downloading psycopg_binary-3.2.9-cp312-cp312-manylinux_2_17_x86_64.manylinux2014_x86_64.whl (4.4 MB)
2025-08-16T21:01:24.0071277Z #54 12.73    ━━━━━━━━━━━━━━━━━━━━━━━━━━━━━━━━━━━━━━━━ 4.4/4.4 MB 376.4 MB/s eta 0:00:00
2025-08-16T21:01:24.0073898Z #54 12.75 Downloading botocore-1.34.162-py3-none-any.whl (12.5 MB)
2025-08-16T21:01:24.0074775Z #54 12.82    ━━━━━━━━━━━━━━━━━━━━━━━━━━━━━━━━━━━━━━━━ 12.5/12.5 MB 196.2 MB/s eta 0:00:00
2025-08-16T21:01:24.1130401Z #54 ...
2025-08-16T21:01:24.1130905Z 
2025-08-16T21:01:24.1131427Z #61 [fees_h10 stage-1 6/6] RUN chmod +x ./start.sh
2025-08-16T21:01:24.1133519Z #61 DONE 0.3s
2025-08-16T21:01:24.1134319Z 
2025-08-16T21:01:24.1134602Z #54 [api base  4/12] RUN pip install --no-cache-dir -r requirements.txt
2025-08-16T21:01:24.1135242Z #54 12.84 Downloading click-8.2.1-py3-none-any.whl (102 kB)
2025-08-16T21:01:24.1135902Z #54 12.86 Downloading email_validator-2.2.0-py3-none-any.whl (33 kB)
2025-08-16T21:01:24.1136585Z #54 12.88 Downloading fastapi_cli-0.0.8-py3-none-any.whl (10 kB)
2025-08-16T21:01:24.1138574Z #54 12.91 Downloading greenlet-3.2.4-cp312-cp312-manylinux_2_24_x86_64.manylinux_2_28_x86_64.whl (607 kB)
2025-08-16T21:01:24.1140052Z #54 12.91    ━━━━━━━━━━━━━━━━━━━━━━━━━━━━━━━━━━━━━━━ 607.6/607.6 kB 344.7 MB/s eta 0:00:00
2025-08-16T21:01:24.2204227Z #54 12.94 Downloading h11-0.16.0-py3-none-any.whl (37 kB)
2025-08-16T21:01:24.2205641Z #54 12.96 Downloading idna-3.10-py3-none-any.whl (70 kB)
2025-08-16T21:01:24.2207101Z #54 12.98 Downloading jmespath-1.0.1-py3-none-any.whl (20 kB)
2025-08-16T21:01:24.2208117Z #54 13.01 Downloading MarkupSafe-3.0.2-cp312-cp312-manylinux_2_17_x86_64.manylinux2014_x86_64.whl (23 kB)
2025-08-16T21:01:24.2209110Z #54 13.03 Downloading orjson-3.11.2-cp312-cp312-manylinux_2_17_x86_64.manylinux2014_x86_64.whl (121 kB)
2025-08-16T21:01:24.3292132Z #54 13.06 Downloading pydantic-2.11.7-py3-none-any.whl (444 kB)
2025-08-16T21:01:24.3293521Z #54 13.10 Downloading pydantic_core-2.33.2-cp312-cp312-manylinux_2_17_x86_64.manylinux2014_x86_64.whl (2.0 MB)
2025-08-16T21:01:24.3295014Z #54 13.10    ━━━━━━━━━━━━━━━━━━━━━━━━━━━━━━━━━━━━━━━━ 2.0/2.0 MB 214.5 MB/s eta 0:00:00
2025-08-16T21:01:24.3295750Z #54 13.14 Downloading python_dotenv-1.1.1-py3-none-any.whl (20 kB)
2025-08-16T21:01:24.4437000Z #54 13.16 Downloading python_multipart-0.0.20-py3-none-any.whl (24 kB)
2025-08-16T21:01:24.4437773Z #54 13.18 Downloading s3transfer-0.10.4-py3-none-any.whl (83 kB)
2025-08-16T21:01:24.4438408Z #54 13.20 Downloading starlette-0.37.2-py3-none-any.whl (71 kB)
2025-08-16T21:01:24.4438996Z #54 13.23 Downloading anyio-4.10.0-py3-none-any.whl (107 kB)
2025-08-16T21:01:24.4439844Z #54 13.25 Downloading sniffio-1.3.1-py3-none-any.whl (10 kB)
2025-08-16T21:01:24.5701765Z #54 13.28 Downloading typing_extensions-4.14.1-py3-none-any.whl (43 kB)
2025-08-16T21:01:24.5702647Z #54 13.30 Downloading ujson-5.10.0-cp312-cp312-manylinux_2_17_x86_64.manylinux2014_x86_64.whl (53 kB)
2025-08-16T21:01:24.5703778Z #54 13.31 Downloading certifi-2025.8.3-py3-none-any.whl (161 kB)
2025-08-16T21:01:24.5704359Z #54 13.34 Downloading mako-1.3.10-py3-none-any.whl (78 kB)
2025-08-16T21:01:24.5704948Z #54 13.35 Downloading annotated_types-0.7.0-py3-none-any.whl (13 kB)
2025-08-16T21:01:24.6767400Z #54 13.38 Downloading dnspython-2.7.0-py3-none-any.whl (313 kB)
2025-08-16T21:01:24.6768551Z #54 13.41 Downloading httptools-0.6.4-cp312-cp312-manylinux_2_5_x86_64.manylinux1_x86_64.manylinux_2_17_x86_64.manylinux2014_x86_64.whl (510 kB)
2025-08-16T21:01:24.6796825Z #54 13.43 Downloading python_dateutil-2.9.0.post0-py2.py3-none-any.whl (229 kB)
2025-08-16T21:01:24.6801123Z #54 13.46 Downloading PyYAML-6.0.2-cp312-cp312-manylinux_2_17_x86_64.manylinux2014_x86_64.whl (767 kB)
2025-08-16T21:01:24.6805352Z #54 13.49    ━━━━━━━━━━━━━━━━━━━━━━━━━━━━━━━━━━━━━━━ 767.5/767.5 kB 353.7 MB/s eta 0:00:00
2025-08-16T21:01:24.7857795Z #54 13.52 Downloading rich_toolkit-0.15.0-py3-none-any.whl (29 kB)
2025-08-16T21:01:24.7866216Z #54 13.55 Downloading typer-0.16.0-py3-none-any.whl (46 kB)
2025-08-16T21:01:24.7867263Z #54 13.56 Downloading typing_inspection-0.4.1-py3-none-any.whl (14 kB)
2025-08-16T21:01:24.7867956Z #54 13.60 Downloading urllib3-2.5.0-py3-none-any.whl (129 kB)
2025-08-16T21:01:24.8958387Z #54 13.62 Downloading uvloop-0.21.0-cp312-cp312-manylinux_2_17_x86_64.manylinux2014_x86_64.whl (4.7 MB)
2025-08-16T21:01:24.8961500Z #54 13.64    ━━━━━━━━━━━━━━━━━━━━━━━━━━━━━━━━━━━━━━━━ 4.7/4.7 MB 187.4 MB/s eta 0:00:00
2025-08-16T21:01:24.8962369Z #54 13.66 Downloading watchfiles-1.1.0-cp312-cp312-manylinux_2_17_x86_64.manylinux2014_x86_64.whl (452 kB)
2025-08-16T21:01:24.8963959Z #54 13.69 Downloading websockets-15.0.1-cp312-cp312-manylinux_2_5_x86_64.manylinux1_x86_64.manylinux_2_17_x86_64.manylinux2014_x86_64.whl (182 kB)
2025-08-16T21:01:24.8965022Z #54 13.71 Downloading rich-14.1.0-py3-none-any.whl (243 kB)
2025-08-16T21:01:25.0034988Z #54 13.75 Downloading shellingham-1.5.4-py2.py3-none-any.whl (9.8 kB)
2025-08-16T21:01:25.0036294Z #54 13.78 Downloading six-1.17.0-py2.py3-none-any.whl (11 kB)
2025-08-16T21:01:25.0038339Z #54 13.80 Downloading markdown_it_py-4.0.0-py3-none-any.whl (87 kB)
2025-08-16T21:01:25.0039228Z #54 13.81 Downloading pygments-2.19.2-py3-none-any.whl (1.2 MB)
2025-08-16T21:01:25.1128866Z #54 13.82    ━━━━━━━━━━━━━━━━━━━━━━━━━━━━━━━━━━━━━━━━ 1.2/1.2 MB 266.7 MB/s eta 0:00:00
2025-08-16T21:01:25.1130644Z #54 13.84 Downloading mdurl-0.1.2-py3-none-any.whl (10.0 kB)
2025-08-16T21:01:25.5243876Z #54 14.15 Installing collected packages: websockets, uvloop, urllib3, ujson, typing-extensions, sniffio, six, shellingham, pyyaml, python-multipart, python-dotenv, pygments, psycopg-binary, orjson, mdurl, MarkupSafe, jmespath, idna, httptools, h11, greenlet, dnspython, click, certifi, asyncpg, annotated-types, uvicorn, typing-inspection, sqlalchemy, python-dateutil, pydantic-core, psycopg, markdown-it-py, Mako, Jinja2, httpcore, email_validator, anyio, watchfiles, starlette, rich, pydantic, httpx, botocore, alembic, typer, s3transfer, rich-toolkit, pydantic-settings, fastapi-cli, boto3, fastapi
2025-08-16T21:01:25.6257724Z #54 ...
2025-08-16T21:01:25.6258340Z 
2025-08-16T21:01:25.6259220Z #62 [fees_h10] exporting to image
2025-08-16T21:01:25.6262930Z #62 exporting layers 1.4s done
2025-08-16T21:01:25.6263667Z #62 writing image sha256:91bfc54a62ee27f3ff5ef70b6d37edae1a9a3aed58aefaee7a7bcfae29d4ff62 done
2025-08-16T21:01:25.6264489Z #62 naming to docker.io/library/awa-app-fees_h10 done
2025-08-16T21:01:25.6264929Z #62 DONE 1.4s
2025-08-16T21:01:25.6265108Z 
2025-08-16T21:01:25.6265307Z #63 [fees_h10] resolving provenance for metadata file
2025-08-16T21:01:25.6265793Z #63 DONE 0.0s
2025-08-16T21:01:25.7282988Z 
2025-08-16T21:01:25.7288000Z #53 [etl base 4/5] RUN if [ -n "" ] && [ -f "" ]; then         pip install -r requirements.txt -c "";     else         pip install -r requirements.txt;     fi
2025-08-16T21:01:25.7289481Z #53 10.88 Collecting pydantic-core==2.33.2 (from pydantic->keepa==1.3.14->-r requirements.txt (line 1))
2025-08-16T21:01:25.7290801Z #53 10.90   Downloading pydantic_core-2.33.2-cp312-cp312-manylinux_2_17_x86_64.manylinux2014_x86_64.whl.metadata (6.8 kB)
2025-08-16T21:01:25.7307074Z #53 10.94 Collecting typing-extensions>=4.12.2 (from pydantic->keepa==1.3.14->-r requirements.txt (line 1))
2025-08-16T21:01:25.7308039Z #53 10.97   Downloading typing_extensions-4.14.1-py3-none-any.whl.metadata (3.0 kB)
2025-08-16T21:01:25.7309014Z #53 10.99 Collecting typing-inspection>=0.4.0 (from pydantic->keepa==1.3.14->-r requirements.txt (line 1))
2025-08-16T21:01:25.7310167Z #53 11.01   Downloading typing_inspection-0.4.1-py3-none-any.whl.metadata (2.6 kB)
2025-08-16T21:01:25.7311128Z #53 11.18 Collecting charset_normalizer<4,>=2 (from requests>=2.2->keepa==1.3.14->-r requirements.txt (line 1))
2025-08-16T21:01:25.7312388Z #53 11.20   Downloading charset_normalizer-3.4.3-cp312-cp312-manylinux2014_x86_64.manylinux_2_17_x86_64.manylinux_2_28_x86_64.whl.metadata (36 kB)
2025-08-16T21:01:25.7315003Z #53 11.24 Collecting idna<4,>=2.5 (from requests>=2.2->keepa==1.3.14->-r requirements.txt (line 1))
2025-08-16T21:01:25.7315924Z #53 11.26   Downloading idna-3.10-py3-none-any.whl.metadata (10 kB)
2025-08-16T21:01:25.7316752Z #53 11.33 Collecting aiohappyeyeballs>=2.5.0 (from aiohttp->keepa==1.3.14->-r requirements.txt (line 1))
2025-08-16T21:01:25.7317712Z #53 11.37   Downloading aiohappyeyeballs-2.6.1-py3-none-any.whl.metadata (5.9 kB)
2025-08-16T21:01:25.7318573Z #53 11.40 Collecting aiosignal>=1.4.0 (from aiohttp->keepa==1.3.14->-r requirements.txt (line 1))
2025-08-16T21:01:25.7329709Z #53 11.42   Downloading aiosignal-1.4.0-py3-none-any.whl.metadata (3.7 kB)
2025-08-16T21:01:25.7330874Z #53 11.45 Collecting attrs>=17.3.0 (from aiohttp->keepa==1.3.14->-r requirements.txt (line 1))
2025-08-16T21:01:25.7331685Z #53 11.47   Downloading attrs-25.3.0-py3-none-any.whl.metadata (10 kB)
2025-08-16T21:01:25.7332501Z #53 11.62 Collecting frozenlist>=1.1.1 (from aiohttp->keepa==1.3.14->-r requirements.txt (line 1))
2025-08-16T21:01:25.7333759Z #53 11.64   Downloading frozenlist-1.7.0-cp312-cp312-manylinux_2_5_x86_64.manylinux1_x86_64.manylinux_2_17_x86_64.manylinux2014_x86_64.whl.metadata (18 kB)
2025-08-16T21:01:25.7335010Z #53 12.05 Collecting multidict<7.0,>=4.5 (from aiohttp->keepa==1.3.14->-r requirements.txt (line 1))
2025-08-16T21:01:25.7336178Z #53 12.07   Downloading multidict-6.6.4-cp312-cp312-manylinux2014_x86_64.manylinux_2_17_x86_64.manylinux_2_28_x86_64.whl.metadata (5.3 kB)
2025-08-16T21:01:25.7337280Z #53 12.16 Collecting propcache>=0.2.0 (from aiohttp->keepa==1.3.14->-r requirements.txt (line 1))
2025-08-16T21:01:25.7338294Z #53 12.19   Downloading propcache-0.3.2-cp312-cp312-manylinux_2_17_x86_64.manylinux2014_x86_64.whl.metadata (12 kB)
2025-08-16T21:01:25.7339464Z #53 12.69 Collecting yarl<2.0,>=1.17.0 (from aiohttp->keepa==1.3.14->-r requirements.txt (line 1))
2025-08-16T21:01:25.7340440Z #53 12.72   Downloading yarl-1.20.1-cp312-cp312-manylinux_2_17_x86_64.manylinux2014_x86_64.whl.metadata (73 kB)
2025-08-16T21:01:25.7341525Z #53 13.15 Downloading keepa-1.3.14-py3-none-any.whl (33 kB)
2025-08-16T21:01:25.7342116Z #53 13.19 Downloading minio-7.1.15-py3-none-any.whl (77 kB)
2025-08-16T21:01:25.7342744Z #53 13.20 Downloading python_amazon_sp_api-0.8.0-py3-none-any.whl (93 kB)
2025-08-16T21:01:25.7343449Z #53 13.24 Downloading pydantic_settings-2.2.1-py3-none-any.whl (13 kB)
2025-08-16T21:01:25.7344079Z #53 13.26 Downloading boto3-1.40.11-py3-none-any.whl (140 kB)
2025-08-16T21:01:25.7344670Z #53 13.30 Downloading cachetools-4.2.4-py3-none-any.whl (10 kB)
2025-08-16T21:01:25.7345273Z #53 13.31 Downloading confuse-1.4.0-py2.py3-none-any.whl (21 kB)
2025-08-16T21:01:25.7346092Z #53 13.34 Downloading numpy-2.3.2-cp312-cp312-manylinux_2_27_x86_64.manylinux_2_28_x86_64.whl (16.6 MB)
2025-08-16T21:01:25.7347264Z #53 13.54    ━━━━━━━━━━━━━━━━━━━━━━━━━━━━━━━━━━━━━━━━ 16.6/16.6 MB 85.5 MB/s eta 0:00:00
2025-08-16T21:01:25.7348045Z #53 13.58 Downloading pandas-2.3.1-cp312-cp312-manylinux_2_17_x86_64.manylinux2014_x86_64.whl (12.0 MB)
2025-08-16T21:01:25.7349067Z #53 13.67    ━━━━━━━━━━━━━━━━━━━━━━━━━━━━━━━━━━━━━━━━ 12.0/12.0 MB 130.6 MB/s eta 0:00:00
2025-08-16T21:01:25.7349841Z #53 13.69 Downloading pydantic-2.11.7-py3-none-any.whl (444 kB)
2025-08-16T21:01:25.7350669Z #53 13.72 Downloading pydantic_core-2.33.2-cp312-cp312-manylinux_2_17_x86_64.manylinux2014_x86_64.whl (2.0 MB)
2025-08-16T21:01:25.7351689Z #53 13.76    ━━━━━━━━━━━━━━━━━━━━━━━━━━━━━━━━━━━━━━━━ 2.0/2.0 MB 66.6 MB/s eta 0:00:00
2025-08-16T21:01:25.7352304Z #53 13.78 Downloading python_dotenv-1.1.1-py3-none-any.whl (20 kB)
2025-08-16T21:01:25.7352935Z #53 13.81 Downloading pytz-2025.2-py2.py3-none-any.whl (509 kB)
2025-08-16T21:01:25.7353549Z #53 13.85 Downloading requests-2.32.4-py3-none-any.whl (64 kB)
2025-08-16T21:01:25.7355957Z #53 13.88 Downloading certifi-2025.8.3-py3-none-any.whl (161 kB)
2025-08-16T21:01:25.7356576Z #53 13.91 Downloading six-1.17.0-py2.py3-none-any.whl (11 kB)
2025-08-16T21:01:25.7357165Z #53 13.94 Downloading urllib3-2.5.0-py3-none-any.whl (129 kB)
2025-08-16T21:01:25.7357966Z #53 13.97 Downloading aiohttp-3.12.15-cp312-cp312-manylinux_2_17_x86_64.manylinux2014_x86_64.whl (1.7 MB)
2025-08-16T21:01:25.7359018Z #53 13.99    ━━━━━━━━━━━━━━━━━━━━━━━━━━━━━━━━━━━━━━━━ 1.7/1.7 MB 100.4 MB/s eta 0:00:00
2025-08-16T21:01:25.7360047Z #53 14.01 Downloading pycryptodome-3.23.0-cp37-abi3-manylinux_2_17_x86_64.manylinux2014_x86_64.whl (2.3 MB)
2025-08-16T21:01:25.7361064Z #53 14.03    ━━━━━━━━━━━━━━━━━━━━━━━━━━━━━━━━━━━━━━━━ 2.3/2.3 MB 113.3 MB/s eta 0:00:00
2025-08-16T21:01:25.7361639Z #53 14.06 Downloading tqdm-4.67.1-py3-none-any.whl (78 kB)
2025-08-16T21:01:25.7362266Z #53 14.08 Downloading aiohappyeyeballs-2.6.1-py3-none-any.whl (15 kB)
2025-08-16T21:01:25.7363180Z #53 14.11 Downloading aiosignal-1.4.0-py3-none-any.whl (7.5 kB)
2025-08-16T21:01:25.7363823Z #53 14.14 Downloading annotated_types-0.7.0-py3-none-any.whl (13 kB)
2025-08-16T21:01:25.7364442Z #53 14.16 Downloading attrs-25.3.0-py3-none-any.whl (63 kB)
2025-08-16T21:01:25.7365022Z #53 14.19 Downloading botocore-1.40.11-py3-none-any.whl (14.0 MB)
2025-08-16T21:01:25.7365996Z #53 14.30    ━━━━━━━━━━━━━━━━━━━━━━━━━━━━━━━━━━━━━━━━ 14.0/14.0 MB 133.0 MB/s eta 0:00:00
2025-08-16T21:01:25.7367230Z #53 14.32 Downloading charset_normalizer-3.4.3-cp312-cp312-manylinux2014_x86_64.manylinux_2_17_x86_64.manylinux_2_28_x86_64.whl (151 kB)
2025-08-16T21:01:25.7368644Z #53 14.35 Downloading frozenlist-1.7.0-cp312-cp312-manylinux_2_5_x86_64.manylinux1_x86_64.manylinux_2_17_x86_64.manylinux2014_x86_64.whl (241 kB)
2025-08-16T21:01:25.7369820Z #53 14.37 Downloading idna-3.10-py3-none-any.whl (70 kB)
2025-08-16T21:01:25.7370396Z #53 14.40 Downloading jmespath-1.0.1-py3-none-any.whl (20 kB)
2025-08-16T21:01:25.7371347Z #53 14.42 Downloading multidict-6.6.4-cp312-cp312-manylinux2014_x86_64.manylinux_2_17_x86_64.manylinux_2_28_x86_64.whl (256 kB)
2025-08-16T21:01:25.7372534Z #53 14.45 Downloading propcache-0.3.2-cp312-cp312-manylinux_2_17_x86_64.manylinux2014_x86_64.whl (224 kB)
2025-08-16T21:01:25.7373966Z #53 14.47 Downloading python_dateutil-2.9.0.post0-py2.py3-none-any.whl (229 kB)
2025-08-16T21:01:25.7374785Z #53 14.50 Downloading s3transfer-0.13.1-py3-none-any.whl (85 kB)
2025-08-16T21:01:25.8288759Z #53 14.52 Downloading typing_extensions-4.14.1-py3-none-any.whl (43 kB)
2025-08-16T21:01:25.8295326Z #53 14.55 Downloading typing_inspection-0.4.1-py3-none-any.whl (14 kB)
2025-08-16T21:01:25.8296061Z #53 14.57 Downloading tzdata-2025.2-py2.py3-none-any.whl (347 kB)
2025-08-16T21:01:25.8296877Z #53 14.60 Downloading yarl-1.20.1-cp312-cp312-manylinux_2_17_x86_64.manylinux2014_x86_64.whl (355 kB)
2025-08-16T21:01:25.9469173Z #53 14.63 Downloading PyYAML-6.0.2-cp312-cp312-manylinux_2_17_x86_64.manylinux2014_x86_64.whl (767 kB)
2025-08-16T21:01:25.9473060Z #53 14.64    ━━━━━━━━━━━━━━━━━━━━━━━━━━━━━━━━━━━━━━━━ 767.5/767.5 kB 40.0 MB/s eta 0:00:00
2025-08-16T21:01:26.2589669Z #53 ...
2025-08-16T21:01:26.2599907Z 
2025-08-16T21:01:26.2600848Z #18 [postgres 1/6] FROM docker.io/library/postgres:16@sha256:66a5efb5677ffac1037774a0e141fd3a4c035c9c0c0e624c9cc980dfa10f45e5
2025-08-16T21:01:26.2612194Z #18 extracting sha256:a1e4ad56dcecf442fba1cec05cd565ededfdc663e5172df9ef9394d96d4c96f8 14.7s done
2025-08-16T21:01:26.2613755Z #18 extracting sha256:987c1b4919ea2d87df20824aaef43a9de0575ac7df684579ad267c7e48c8eeea done
2025-08-16T21:01:26.2669776Z #18 extracting sha256:a858bd6d34e86a481a2e028e3ba489e662b3ac7713eba9a5d3bb97002c7d797e done
2025-08-16T21:01:26.2670844Z #18 extracting sha256:f1b3502db45ad485f0affe43e32fc81d699ddac01c023f198271a0a7e1cecd4c done
2025-08-16T21:01:26.2671869Z #18 extracting sha256:25ef78fb127c1934630de29a3d38f46e544360b1dcf5cfc09b25507fbe88fd75 done
2025-08-16T21:01:26.2673266Z #18 extracting sha256:240810240d04caaaccb11d51ba7c3a7f7d6f470ec2a80ee420a3d33899d9a303 done
2025-08-16T21:01:26.2698238Z #18 DONE 18.3s
2025-08-16T21:01:26.2698434Z 
2025-08-16T21:01:26.2698984Z #53 [etl base 4/5] RUN if [ -n "" ] && [ -f "" ]; then         pip install -r requirements.txt -c "";     else         pip install -r requirements.txt;     fi
2025-08-16T21:01:26.2732350Z #53 15.03 Installing collected packages: pytz, urllib3, tzdata, typing-extensions, tqdm, six, pyyaml, python-dotenv, pycryptodome, propcache, numpy, multidict, jmespath, idna, frozenlist, charset_normalizer, certifi, cachetools, attrs, annotated-types, aiohappyeyeballs, yarl, typing-inspection, requests, python-dateutil, pydantic-core, minio, confuse, aiosignal, pydantic, pandas, botocore, aiohttp, s3transfer, pydantic-settings, keepa, boto3, python-amazon-sp-api
2025-08-16T21:01:27.1543925Z #53 ...
2025-08-16T21:01:27.1544158Z 
2025-08-16T21:01:27.1544796Z #64 [postgres 2/6] RUN apt-get update && apt-get install -y locales     && locale-gen en_US.UTF-8     && rm -rf /var/lib/apt/lists/*
2025-08-16T21:01:27.1545804Z #64 0.393 Get:1 http://deb.debian.org/debian trixie InRelease [138 kB]
2025-08-16T21:01:27.1546517Z #64 0.422 Get:2 http://deb.debian.org/debian trixie-updates InRelease [47.1 kB]
2025-08-16T21:01:27.1547341Z #64 0.423 Get:3 http://deb.debian.org/debian-security trixie-security InRelease [43.4 kB]
2025-08-16T21:01:27.1548528Z #64 0.450 Get:4 http://deb.debian.org/debian trixie/main amd64 Packages [9,668 kB]
2025-08-16T21:01:27.1549621Z #64 0.556 Get:5 http://deb.debian.org/debian trixie-updates/main amd64 Packages [2,432 B]
2025-08-16T21:01:27.1550592Z #64 0.556 Get:6 http://deb.debian.org/debian-security trixie-security/main amd64 Packages [8,780 B]
2025-08-16T21:01:31.1446626Z #64 4.958 Get:7 http://apt.postgresql.org/pub/repos/apt trixie-pgdg InRelease [107 kB]
2025-08-16T21:01:31.1447909Z #64 4.984 Get:8 http://apt.postgresql.org/pub/repos/apt trixie-pgdg/16 amd64 Packages [2,574 B]
2025-08-16T21:01:31.1449147Z #64 4.997 Get:9 http://apt.postgresql.org/pub/repos/apt trixie-pgdg/main amd64 Packages [334 kB]
2025-08-16T21:01:31.2528921Z #64 5.105 Fetched 10.3 MB in 5s (2,129 kB/s)
2025-08-16T21:01:31.5537432Z #64 5.105 Reading package lists...
2025-08-16T21:01:31.5538959Z #64 ...
2025-08-16T21:01:31.5539705Z 
2025-08-16T21:01:31.5540132Z #65 [web build 4/6] RUN npm ci
2025-08-16T21:01:31.5541183Z #65 6.670 npm warn deprecated node-domexception@1.0.0: Use your platform's native DOMException instead
2025-08-16T21:01:31.7028980Z #65 ...
2025-08-16T21:01:31.7040168Z 
2025-08-16T21:01:31.7040803Z #57 [repricer base 4/5] RUN if [ -n "" ] && [ -f "" ]; then         pip install -r requirements.txt -c "";     else         pip install -r requirements.txt;     fi
2025-08-16T21:01:31.7043131Z #57 19.37 Collecting uvicorn==0.29.0 (from -r requirements.txt (line 1))
2025-08-16T21:01:31.7044444Z #57 19.41   Downloading uvicorn-0.29.0-py3-none-any.whl.metadata (6.3 kB)
2025-08-16T21:01:31.7046686Z #57 19.46 Collecting pydantic-settings==2.2.1 (from -r requirements.txt (line 2))
2025-08-16T21:01:31.7080385Z #57 19.47   Downloading pydantic_settings-2.2.1-py3-none-any.whl.metadata (3.1 kB)
2025-08-16T21:01:31.7082678Z #57 19.57 Collecting python-amazon-sp-api==0.8.0 (from -r requirements.txt (line 3))
2025-08-16T21:01:31.7083793Z #57 19.57   Downloading python_amazon_sp_api-0.8.0-py3-none-any.whl.metadata (3.2 kB)
2025-08-16T21:01:31.7086200Z #57 19.61 Collecting click>=7.0 (from uvicorn==0.29.0->-r requirements.txt (line 1))
2025-08-16T21:01:31.7087327Z #57 19.62   Downloading click-8.2.1-py3-none-any.whl.metadata (2.5 kB)
2025-08-16T21:01:31.7088318Z #57 19.64 Collecting h11>=0.8 (from uvicorn==0.29.0->-r requirements.txt (line 1))
2025-08-16T21:01:31.7090919Z #57 19.65   Downloading h11-0.16.0-py3-none-any.whl.metadata (8.3 kB)
2025-08-16T21:01:31.7093280Z #57 19.83 Collecting pydantic>=2.3.0 (from pydantic-settings==2.2.1->-r requirements.txt (line 2))
2025-08-16T21:01:31.7094399Z #57 19.83   Downloading pydantic-2.11.7-py3-none-any.whl.metadata (67 kB)
2025-08-16T21:01:31.7096041Z #57 19.87 Collecting python-dotenv>=0.21.0 (from pydantic-settings==2.2.1->-r requirements.txt (line 2))
2025-08-16T21:01:31.7100297Z #57 19.88   Downloading python_dotenv-1.1.1-py3-none-any.whl.metadata (24 kB)
2025-08-16T21:01:31.7101202Z #57 19.97 Collecting requests (from python-amazon-sp-api==0.8.0->-r requirements.txt (line 3))
2025-08-16T21:01:31.7102098Z #57 19.97   Downloading requests-2.32.4-py3-none-any.whl.metadata (4.9 kB)
2025-08-16T21:01:31.7102942Z #57 20.02 Collecting six<2,>=1.15 (from python-amazon-sp-api==0.8.0->-r requirements.txt (line 3))
2025-08-16T21:01:31.7103771Z #57 20.02   Downloading six-1.17.0-py2.py3-none-any.whl.metadata (1.7 kB)
2025-08-16T21:01:31.9869963Z #57 20.77 Collecting boto3<2,>=1.16.39 (from python-amazon-sp-api==0.8.0->-r requirements.txt (line 3))
2025-08-16T21:01:32.1023170Z #57 20.77   Downloading boto3-1.40.11-py3-none-any.whl.metadata (6.7 kB)
2025-08-16T21:01:32.1025317Z #57 20.83 Collecting cachetools~=4.2.0 (from python-amazon-sp-api==0.8.0->-r requirements.txt (line 3))
2025-08-16T21:01:32.1027682Z #57 20.84   Downloading cachetools-4.2.4-py3-none-any.whl.metadata (4.8 kB)
2025-08-16T21:01:32.2631525Z #57 20.97 Collecting pycryptodome (from python-amazon-sp-api==0.8.0->-r requirements.txt (line 3))
2025-08-16T21:01:32.2633722Z #57 20.98   Downloading pycryptodome-3.23.0-cp37-abi3-manylinux_2_17_x86_64.manylinux2014_x86_64.whl.metadata (3.4 kB)
2025-08-16T21:01:32.2636049Z #57 21.04 Collecting pytz (from python-amazon-sp-api==0.8.0->-r requirements.txt (line 3))
2025-08-16T21:01:32.4800665Z #57 21.05   Downloading pytz-2025.2-py2.py3-none-any.whl.metadata (22 kB)
2025-08-16T21:01:32.4803137Z #57 21.10 Collecting confuse~=1.4.0 (from python-amazon-sp-api==0.8.0->-r requirements.txt (line 3))
2025-08-16T21:01:32.4804047Z #57 21.11   Downloading confuse-1.4.0-py2.py3-none-any.whl.metadata (3.8 kB)
2025-08-16T21:01:33.0058390Z #57 21.79 Collecting botocore<1.41.0,>=1.40.11 (from boto3<2,>=1.16.39->python-amazon-sp-api==0.8.0->-r requirements.txt (line 3))
2025-08-16T21:01:33.1070011Z #57 21.79   Downloading botocore-1.40.11-py3-none-any.whl.metadata (5.7 kB)
2025-08-16T21:01:33.1071175Z #57 21.82 Collecting jmespath<2.0.0,>=0.7.1 (from boto3<2,>=1.16.39->python-amazon-sp-api==0.8.0->-r requirements.txt (line 3))
2025-08-16T21:01:33.1073063Z #57 21.83   Downloading jmespath-1.0.1-py3-none-any.whl.metadata (7.6 kB)
2025-08-16T21:01:33.1074272Z #57 21.87 Collecting s3transfer<0.14.0,>=0.13.0 (from boto3<2,>=1.16.39->python-amazon-sp-api==0.8.0->-r requirements.txt (line 3))
2025-08-16T21:01:33.1075404Z #57 21.89   Downloading s3transfer-0.13.1-py3-none-any.whl.metadata (1.7 kB)
2025-08-16T21:01:33.2122481Z #57 21.99 Collecting pyyaml (from confuse~=1.4.0->python-amazon-sp-api==0.8.0->-r requirements.txt (line 3))
2025-08-16T21:01:33.3407699Z #57 22.00   Downloading PyYAML-6.0.2-cp312-cp312-manylinux_2_17_x86_64.manylinux2014_x86_64.whl.metadata (2.1 kB)
2025-08-16T21:01:33.3409670Z #57 22.04 Collecting annotated-types>=0.6.0 (from pydantic>=2.3.0->pydantic-settings==2.2.1->-r requirements.txt (line 2))
2025-08-16T21:01:33.3435614Z #57 22.04   Downloading annotated_types-0.7.0-py3-none-any.whl.metadata (15 kB)
2025-08-16T21:01:34.2396924Z #57 23.02 Collecting pydantic-core==2.33.2 (from pydantic>=2.3.0->pydantic-settings==2.2.1->-r requirements.txt (line 2))
2025-08-16T21:01:34.4038597Z #57 23.03   Downloading pydantic_core-2.33.2-cp312-cp312-manylinux_2_17_x86_64.manylinux2014_x86_64.whl.metadata (6.8 kB)
2025-08-16T21:01:34.4697980Z #57 23.25 Collecting typing-extensions>=4.12.2 (from pydantic>=2.3.0->pydantic-settings==2.2.1->-r requirements.txt (line 2))
2025-08-16T21:01:34.5740176Z #57 ...
2025-08-16T21:01:34.5740605Z 
2025-08-16T21:01:34.5741009Z #54 [api base  4/12] RUN pip install --no-cache-dir -r requirements.txt
2025-08-16T21:01:34.5761650Z #54 22.43 Successfully installed Jinja2-3.1.5 Mako-1.3.10 MarkupSafe-3.0.2 alembic-1.13.1 annotated-types-0.7.0 anyio-4.10.0 asyncpg-0.29.0 boto3-1.34.162 botocore-1.34.162 certifi-2025.8.3 click-8.2.1 dnspython-2.7.0 email_validator-2.2.0 fastapi-0.111.0 fastapi-cli-0.0.8 greenlet-3.2.4 h11-0.16.0 httpcore-1.0.9 httptools-0.6.4 httpx-0.27.2 idna-3.10 jmespath-1.0.1 markdown-it-py-4.0.0 mdurl-0.1.2 orjson-3.11.2 psycopg-3.2.9 psycopg-binary-3.2.9 pydantic-2.11.7 pydantic-core-2.33.2 pydantic-settings-2.2.1 pygments-2.19.2 python-dateutil-2.9.0.post0 python-dotenv-1.1.1 python-multipart-0.0.20 pyyaml-6.0.2 rich-14.1.0 rich-toolkit-0.15.0 s3transfer-0.10.4 shellingham-1.5.4 six-1.17.0 sniffio-1.3.1 sqlalchemy-2.0.29 starlette-0.37.2 typer-0.16.0 typing-extensions-4.14.1 typing-inspection-0.4.1 ujson-5.10.0 urllib3-2.5.0 uvicorn-0.29.0 uvloop-0.21.0 watchfiles-1.1.0 websockets-15.0.1
2025-08-16T21:01:34.5768189Z #54 22.43 WARNING: Running pip as the 'root' user can result in broken permissions and conflicting behaviour with the system package manager, possibly rendering your system unusable. It is recommended to use a virtual environment instead: https://pip.pypa.io/warnings/venv. Use the --root-user-action option if you know what you are doing and want to suppress this warning.
2025-08-16T21:01:34.5770568Z #54 22.57 
2025-08-16T21:01:34.5770980Z #54 22.57 [notice] A new release of pip is available: 25.0.1 -> 25.2
2025-08-16T21:01:34.5771571Z #54 22.57 [notice] To update, run: pip install --upgrade pip
2025-08-16T21:01:34.5772036Z #54 DONE 23.4s
2025-08-16T21:01:34.5772207Z 
2025-08-16T21:01:34.5772615Z #65 [web build 4/6] RUN npm ci
2025-08-16T21:01:34.5772982Z #65 11.79 
2025-08-16T21:01:34.5773350Z #65 11.79 added 432 packages, and audited 433 packages in 11s
2025-08-16T21:01:34.5773814Z #65 11.79 
2025-08-16T21:01:34.5774119Z #65 11.79 112 packages are looking for funding
2025-08-16T21:01:34.5774539Z #65 11.79   run `npm fund` for details
2025-08-16T21:01:34.5774910Z #65 11.79 
2025-08-16T21:01:34.5775221Z #65 11.79 2 vulnerabilities (1 low, 1 critical)
2025-08-16T21:01:34.5775638Z #65 11.79 
2025-08-16T21:01:34.5775916Z #65 11.79 To address all issues, run:
2025-08-16T21:01:34.5776304Z #65 11.79   npm audit fix
2025-08-16T21:01:34.5776624Z #65 11.79 
2025-08-16T21:01:34.5776893Z #65 11.79 Run `npm audit` for details.
2025-08-16T21:01:34.5777283Z #65 11.80 npm notice
2025-08-16T21:01:34.5777726Z #65 11.80 npm notice New major version of npm available! 10.8.2 -> 11.5.2
2025-08-16T21:01:34.5778455Z #65 11.80 npm notice Changelog: https://github.com/npm/cli/releases/tag/v11.5.2
2025-08-16T21:01:34.5779154Z #65 11.80 npm notice To update run: npm install -g npm@11.5.2
2025-08-16T21:01:34.5839671Z #65 11.80 npm notice
2025-08-16T21:01:34.5840007Z #65 DONE 13.1s
2025-08-16T21:01:34.5840179Z 
2025-08-16T21:01:34.5840740Z #57 [repricer base 4/5] RUN if [ -n "" ] && [ -f "" ]; then         pip install -r requirements.txt -c "";     else         pip install -r requirements.txt;     fi
2025-08-16T21:01:34.5841797Z #57 23.26   Downloading typing_extensions-4.14.1-py3-none-any.whl.metadata (3.0 kB)
2025-08-16T21:01:34.5842867Z #57 23.34 Collecting typing-inspection>=0.4.0 (from pydantic>=2.3.0->pydantic-settings==2.2.1->-r requirements.txt (line 2))
2025-08-16T21:01:34.5843916Z #57 23.35   Downloading typing_inspection-0.4.1-py3-none-any.whl.metadata (2.6 kB)
2025-08-16T21:01:34.6970272Z #57 ...
2025-08-16T21:01:34.6979930Z 
2025-08-16T21:01:34.6980296Z #66 [api base  5/12] COPY services/api/ ./services/api
2025-08-16T21:01:34.6980798Z #66 DONE 0.1s
2025-08-16T21:01:34.6980976Z 
2025-08-16T21:01:34.6981136Z #67 [web build 5/6] COPY . .
2025-08-16T21:01:34.6981490Z #67 DONE 0.1s
2025-08-16T21:01:34.6981656Z 
2025-08-16T21:01:34.6981866Z #68 [api base  6/12] COPY services/common/ ./services/common
2025-08-16T21:01:34.6982342Z #68 DONE 0.0s
2025-08-16T21:01:34.6982510Z 
2025-08-16T21:01:34.6982722Z #69 [api base  7/12] COPY services/ingest/ ./services/ingest
2025-08-16T21:01:34.6983193Z #69 DONE 0.0s
2025-08-16T21:01:34.8164560Z 
2025-08-16T21:01:34.8165033Z #70 [api base  8/12] COPY services/etl/ ./services/etl
2025-08-16T21:01:34.8165523Z #70 DONE 0.0s
2025-08-16T21:01:34.8165709Z 
2025-08-16T21:01:34.8166320Z #71 [api base  9/12] COPY services/api/alembic.ini ./alembic.ini
2025-08-16T21:01:34.8166848Z #71 DONE 0.0s
2025-08-16T21:01:34.8167030Z 
2025-08-16T21:01:34.8167200Z #72 [api base 10/12] COPY alembic/ ./alembic/
2025-08-16T21:01:34.8167626Z #72 DONE 0.0s
2025-08-16T21:01:34.8167797Z 
2025-08-16T21:01:34.8168049Z #73 [api base 11/12] COPY services/api/entrypoint.sh ./entrypoint.sh
2025-08-16T21:01:34.8168585Z #73 DONE 0.0s
2025-08-16T21:01:34.8168742Z 
2025-08-16T21:01:34.8169507Z #57 [repricer base 4/5] RUN if [ -n "" ] && [ -f "" ]; then         pip install -r requirements.txt -c "";     else         pip install -r requirements.txt;     fi
2025-08-16T21:01:34.8170780Z #57 23.54 Collecting charset_normalizer<4,>=2 (from requests->python-amazon-sp-api==0.8.0->-r requirements.txt (line 3))
2025-08-16T21:01:34.8172083Z #57 23.54   Downloading charset_normalizer-3.4.3-cp312-cp312-manylinux2014_x86_64.manylinux_2_17_x86_64.manylinux_2_28_x86_64.whl.metadata (36 kB)
2025-08-16T21:01:34.8173361Z #57 23.57 Collecting idna<4,>=2.5 (from requests->python-amazon-sp-api==0.8.0->-r requirements.txt (line 3))
2025-08-16T21:01:34.8174196Z #57 23.58   Downloading idna-3.10-py3-none-any.whl.metadata (10 kB)
2025-08-16T21:01:34.9698020Z #57 23.63 Collecting urllib3<3,>=1.21.1 (from requests->python-amazon-sp-api==0.8.0->-r requirements.txt (line 3))
2025-08-16T21:01:34.9699627Z #57 23.63   Downloading urllib3-2.5.0-py3-none-any.whl.metadata (6.5 kB)
2025-08-16T21:01:34.9700653Z #57 23.69 Collecting certifi>=2017.4.17 (from requests->python-amazon-sp-api==0.8.0->-r requirements.txt (line 3))
2025-08-16T21:01:34.9701630Z #57 23.69   Downloading certifi-2025.8.3-py3-none-any.whl.metadata (2.4 kB)
2025-08-16T21:01:34.9702722Z #57 23.75 Collecting python-dateutil<3.0.0,>=2.1 (from botocore<1.41.0,>=1.40.11->boto3<2,>=1.16.39->python-amazon-sp-api==0.8.0->-r requirements.txt (line 3))
2025-08-16T21:01:34.9703912Z #57 23.75   Downloading python_dateutil-2.9.0.post0-py2.py3-none-any.whl.metadata (8.4 kB)
2025-08-16T21:01:35.0779044Z #57 ...
2025-08-16T21:01:35.0780598Z 
2025-08-16T21:01:35.0782755Z #74 [api base 12/12] RUN chmod +x ./entrypoint.sh
2025-08-16T21:01:35.0784409Z #74 DONE 0.3s
2025-08-16T21:01:35.2284425Z 
2025-08-16T21:01:35.2285572Z #64 [postgres 2/6] RUN apt-get update && apt-get install -y locales     && locale-gen en_US.UTF-8     && rm -rf /var/lib/apt/lists/*
2025-08-16T21:01:35.2286791Z #64 5.105 Reading package lists...
2025-08-16T21:01:35.2287568Z #64 5.999 Reading package lists...
2025-08-16T21:01:35.2288191Z #64 6.929 Building dependency tree...
2025-08-16T21:01:35.2290552Z #64 7.193 Reading state information...
2025-08-16T21:01:35.2292499Z #64 7.496 locales is already the newest version (2.41-12).
2025-08-16T21:01:35.2293275Z #64 7.496 0 upgraded, 0 newly installed, 0 to remove and 0 not upgraded.
2025-08-16T21:01:35.2294117Z #64 7.501 Generating locales (this might take a while)...
2025-08-16T21:01:35.4999714Z #64 7.524   en_US.UTF-8... done
2025-08-16T21:01:35.5000219Z #64 9.281 Generation complete.
2025-08-16T21:01:35.5000600Z #64 DONE 9.3s
2025-08-16T21:01:35.5000765Z 
2025-08-16T21:01:35.5001367Z #57 [repricer base 4/5] RUN if [ -n "" ] && [ -f "" ]; then         pip install -r requirements.txt -c "";     else         pip install -r requirements.txt;     fi
2025-08-16T21:01:35.5002278Z #57 24.05 Downloading uvicorn-0.29.0-py3-none-any.whl (60 kB)
2025-08-16T21:01:35.5002905Z #57 24.06 Downloading pydantic_settings-2.2.1-py3-none-any.whl (13 kB)
2025-08-16T21:01:35.5003567Z #57 24.08 Downloading python_amazon_sp_api-0.8.0-py3-none-any.whl (93 kB)
2025-08-16T21:01:35.5004196Z #57 24.08 Downloading boto3-1.40.11-py3-none-any.whl (140 kB)
2025-08-16T21:01:35.5004798Z #57 24.10 Downloading cachetools-4.2.4-py3-none-any.whl (10 kB)
2025-08-16T21:01:35.5005354Z #57 24.11 Downloading click-8.2.1-py3-none-any.whl (102 kB)
2025-08-16T21:01:35.5005947Z #57 24.12 Downloading confuse-1.4.0-py2.py3-none-any.whl (21 kB)
2025-08-16T21:01:35.5006693Z #57 24.13 Downloading h11-0.16.0-py3-none-any.whl (37 kB)
2025-08-16T21:01:35.5007682Z #57 24.15 Downloading pydantic-2.11.7-py3-none-any.whl (444 kB)
2025-08-16T21:01:35.5008511Z #57 24.17 Downloading pydantic_core-2.33.2-cp312-cp312-manylinux_2_17_x86_64.manylinux2014_x86_64.whl (2.0 MB)
2025-08-16T21:01:35.5025810Z #57 24.21    ━━━━━━━━━━━━━━━━━━━━━━━━━━━━━━━━━━━━━━━━ 2.0/2.0 MB 42.7 MB/s eta 0:00:00
2025-08-16T21:01:35.5026479Z #57 24.22 Downloading python_dotenv-1.1.1-py3-none-any.whl (20 kB)
2025-08-16T21:01:35.5027096Z #57 24.24 Downloading six-1.17.0-py2.py3-none-any.whl (11 kB)
2025-08-16T21:01:35.5027928Z #57 24.25 Downloading pycryptodome-3.23.0-cp37-abi3-manylinux_2_17_x86_64.manylinux2014_x86_64.whl (2.3 MB)
2025-08-16T21:01:35.6980834Z #57 24.28    ━━━━━━━━━━━━━━━━━━━━━━━━━━━━━━━━━━━━━━━━ 2.3/2.3 MB 90.8 MB/s eta 0:00:00#57 ...
2025-08-16T21:01:35.6981290Z 
2025-08-16T21:01:35.6981619Z #75 [postgres 3/6] COPY docker/postgres/pg_hba.conf /etc/postgresql/pg_hba.conf
2025-08-16T21:01:35.6982199Z #75 DONE 0.0s
2025-08-16T21:01:35.6982372Z 
2025-08-16T21:01:35.6982816Z #76 [postgres 4/6] COPY docker/postgres/init-pg_hba.sh /docker-entrypoint-initdb.d/10_init_pg_hba.sh
2025-08-16T21:01:35.6983537Z #76 DONE 0.0s
2025-08-16T21:01:35.6983703Z 
2025-08-16T21:01:35.6984086Z #77 [postgres 5/6] COPY docker/postgres/postgresql.conf /etc/postgresql/postgresql.conf
2025-08-16T21:01:35.6984716Z #77 DONE 0.0s
2025-08-16T21:01:35.6984884Z 
2025-08-16T21:01:35.6985751Z #57 [repricer base 4/5] RUN if [ -n "" ] && [ -f "" ]; then         pip install -r requirements.txt -c "";     else         pip install -r requirements.txt;     fi
2025-08-16T21:01:35.6986853Z #57 24.28    ━━━━━━━━━━━━━━━━━━━━━━━━━━━━━━━━━━━━━━━━ 2.3/2.3 MB 90.8 MB/s eta 0:00:00
2025-08-16T21:01:35.6987454Z #57 24.29 Downloading pytz-2025.2-py2.py3-none-any.whl (509 kB)
2025-08-16T21:01:35.6988059Z #57 24.31 Downloading requests-2.32.4-py3-none-any.whl (64 kB)
2025-08-16T21:01:35.6988675Z #57 24.32 Downloading annotated_types-0.7.0-py3-none-any.whl (13 kB)
2025-08-16T21:01:35.6989485Z #57 24.33 Downloading botocore-1.40.11-py3-none-any.whl (14.0 MB)
2025-08-16T21:01:35.6990296Z #57 24.48    ━━━━━━━━━━━━━━━━━━━━━━━━━━━━━━━━━━━━━━━━ 14.0/14.0 MB 101.0 MB/s eta 0:00:00
2025-08-16T21:01:35.8037646Z #57 24.48 Downloading certifi-2025.8.3-py3-none-any.whl (161 kB)
2025-08-16T21:01:35.8048891Z #57 24.49 Downloading charset_normalizer-3.4.3-cp312-cp312-manylinux2014_x86_64.manylinux_2_17_x86_64.manylinux_2_28_x86_64.whl (151 kB)
2025-08-16T21:01:35.8050687Z #57 24.50 Downloading idna-3.10-py3-none-any.whl (70 kB)
2025-08-16T21:01:35.8051309Z #57 24.51 Downloading jmespath-1.0.1-py3-none-any.whl (20 kB)
2025-08-16T21:01:35.8051932Z #57 24.52 Downloading s3transfer-0.13.1-py3-none-any.whl (85 kB)
2025-08-16T21:01:35.8052586Z #57 24.53 Downloading typing_extensions-4.14.1-py3-none-any.whl (43 kB)
2025-08-16T21:01:35.8053296Z #57 24.54 Downloading typing_inspection-0.4.1-py3-none-any.whl (14 kB)
2025-08-16T21:01:35.8053919Z #57 24.55 Downloading urllib3-2.5.0-py3-none-any.whl (129 kB)
2025-08-16T21:01:35.8054679Z #57 24.57 Downloading PyYAML-6.0.2-cp312-cp312-manylinux_2_17_x86_64.manylinux2014_x86_64.whl (767 kB)
2025-08-16T21:01:35.8055868Z #57 24.59    ━━━━━━━━━━━━━━━━━━━━━━━━━━━━━━━━━━━━━━━━ 767.5/767.5 kB 45.5 MB/s eta 0:00:00
2025-08-16T21:01:36.0206781Z #57 ...
2025-08-16T21:01:36.0207388Z 
2025-08-16T21:01:36.0208152Z #78 [postgres 6/6] RUN chmod 0644 /etc/postgresql/pg_hba.conf &&     chmod +x /docker-entrypoint-initdb.d/10_init_pg_hba.sh
2025-08-16T21:01:36.0209264Z #78 DONE 0.3s
2025-08-16T21:01:36.0211727Z 
2025-08-16T21:01:36.0212320Z #57 [repricer base 4/5] RUN if [ -n "" ] && [ -f "" ]; then         pip install -r requirements.txt -c "";     else         pip install -r requirements.txt;     fi
2025-08-16T21:01:36.0213334Z #57 24.59 Downloading python_dateutil-2.9.0.post0-py2.py3-none-any.whl (229 kB)
2025-08-16T21:01:36.0215603Z #57 24.80 Installing collected packages: pytz, urllib3, typing-extensions, six, pyyaml, python-dotenv, pycryptodome, jmespath, idna, h11, click, charset_normalizer, certifi, cachetools, annotated-types, uvicorn, typing-inspection, requests, python-dateutil, pydantic-core, confuse, pydantic, botocore, s3transfer, pydantic-settings, boto3, python-amazon-sp-api
2025-08-16T21:01:39.1953462Z #57 ...
2025-08-16T21:01:39.1954955Z 
2025-08-16T21:01:39.1956261Z #79 [postgres] exporting to image
2025-08-16T21:01:39.1958578Z #79 exporting layers 3.1s done
2025-08-16T21:01:39.1959266Z #79 writing image sha256:39abbc44aac5a0d7bff7fefc8454eb4d50109606aa7dc3c793c4677b7ae255f3 done
2025-08-16T21:01:39.1960187Z #79 naming to docker.io/library/awa-app-postgres done
2025-08-16T21:01:39.1960602Z #79 DONE 3.1s
2025-08-16T21:01:39.1960756Z 
2025-08-16T21:01:39.1960943Z #80 [postgres] resolving provenance for metadata file
2025-08-16T21:01:39.1961343Z #80 DONE 0.0s
2025-08-16T21:01:39.2483913Z 
2025-08-16T21:01:39.2484966Z #81 [api stage-1 4/6] COPY --from=base /usr/local /usr/local
2025-08-16T21:01:40.0801207Z #81 ...
2025-08-16T21:01:40.0803517Z 
2025-08-16T21:01:40.0805398Z #57 [repricer base 4/5] RUN if [ -n "" ] && [ -f "" ]; then         pip install -r requirements.txt -c "";     else         pip install -r requirements.txt;     fi
2025-08-16T21:01:40.0811153Z #57 28.35 Successfully installed annotated-types-0.7.0 boto3-1.40.11 botocore-1.40.11 cachetools-4.2.4 certifi-2025.8.3 charset_normalizer-3.4.3 click-8.2.1 confuse-1.4.0 h11-0.16.0 idna-3.10 jmespath-1.0.1 pycryptodome-3.23.0 pydantic-2.11.7 pydantic-core-2.33.2 pydantic-settings-2.2.1 python-amazon-sp-api-0.8.0 python-dateutil-2.9.0.post0 python-dotenv-1.1.1 pytz-2025.2 pyyaml-6.0.2 requests-2.32.4 s3transfer-0.13.1 six-1.17.0 typing-extensions-4.14.1 typing-inspection-0.4.1 urllib3-2.5.0 uvicorn-0.29.0
2025-08-16T21:01:40.0815600Z #57 28.35 WARNING: Running pip as the 'root' user can result in broken permissions and conflicting behaviour with the system package manager, possibly rendering your system unusable. It is recommended to use a virtual environment instead: https://pip.pypa.io/warnings/venv. Use the --root-user-action option if you know what you are doing and want to suppress this warning.
2025-08-16T21:01:40.0817681Z #57 28.49 
2025-08-16T21:01:40.0818065Z #57 28.49 [notice] A new release of pip is available: 25.0.1 -> 25.2
2025-08-16T21:01:40.0818652Z #57 28.49 [notice] To update, run: pip install --upgrade pip
2025-08-16T21:01:40.0819103Z #57 DONE 28.9s
2025-08-16T21:01:40.2721945Z 
2025-08-16T21:01:40.2722653Z #82 [repricer base 5/5] COPY services/repricer/ .
2025-08-16T21:01:40.2723203Z #82 DONE 0.0s
2025-08-16T21:01:40.2723398Z 
2025-08-16T21:01:40.2723539Z #83 [web build 6/6] RUN npm run build
2025-08-16T21:01:40.2723966Z #83 0.658 
2025-08-16T21:01:40.2733141Z #83 0.658 > web@0.0.0 build
2025-08-16T21:01:40.2739660Z #83 0.658 > tsc -b && vite build
2025-08-16T21:01:40.2740050Z #83 0.658 
2025-08-16T21:01:41.0777663Z #83 ...
2025-08-16T21:01:41.0777870Z 
2025-08-16T21:01:41.0778377Z #53 [etl base 4/5] RUN if [ -n "" ] && [ -f "" ]; then         pip install -r requirements.txt -c "";     else         pip install -r requirements.txt;     fi
2025-08-16T21:01:41.0785730Z #53 29.85 Successfully installed aiohappyeyeballs-2.6.1 aiohttp-3.12.15 aiosignal-1.4.0 annotated-types-0.7.0 attrs-25.3.0 boto3-1.40.11 botocore-1.40.11 cachetools-4.2.4 certifi-2025.8.3 charset_normalizer-3.4.3 confuse-1.4.0 frozenlist-1.7.0 idna-3.10 jmespath-1.0.1 keepa-1.3.14 minio-7.1.15 multidict-6.6.4 numpy-2.3.2 pandas-2.3.1 propcache-0.3.2 pycryptodome-3.23.0 pydantic-2.11.7 pydantic-core-2.33.2 pydantic-settings-2.2.1 python-amazon-sp-api-0.8.0 python-dateutil-2.9.0.post0 python-dotenv-1.1.1 pytz-2025.2 pyyaml-6.0.2 requests-2.32.4 s3transfer-0.13.1 six-1.17.0 tqdm-4.67.1 typing-extensions-4.14.1 typing-inspection-0.4.1 tzdata-2025.2 urllib3-2.5.0 yarl-1.20.1
2025-08-16T21:01:41.2289531Z #53 29.85 WARNING: Running pip as the 'root' user can result in broken permissions and conflicting behaviour with the system package manager, possibly rendering your system unusable. It is recommended to use a virtual environment instead: https://pip.pypa.io/warnings/venv. Use the --root-user-action option if you know what you are doing and want to suppress this warning.
2025-08-16T21:01:41.8107363Z #53 ...
2025-08-16T21:01:41.8107981Z 
2025-08-16T21:01:41.8108506Z #81 [api stage-1 4/6] COPY --from=base /usr/local /usr/local
2025-08-16T21:01:41.8109202Z #81 DONE 2.6s
2025-08-16T21:01:42.0115907Z 
2025-08-16T21:01:42.0117314Z #84 [api stage-1 5/6] COPY --from=base /app /app
2025-08-16T21:01:42.0118258Z #84 DONE 0.0s
2025-08-16T21:01:42.0118942Z 
2025-08-16T21:01:42.0119675Z #85 [api stage-1 6/6] RUN chmod +x /app/entrypoint.sh
2025-08-16T21:01:42.1020546Z #85 DONE 0.2s
2025-08-16T21:01:42.1020853Z 
2025-08-16T21:01:42.1021148Z #86 [repricer stage-1 3/5] COPY --from=base /usr/local /usr/local
2025-08-16T21:01:43.8339618Z #86 DONE 2.5s
2025-08-16T21:01:43.8339934Z 
2025-08-16T21:01:43.8340080Z #83 [web build 6/6] RUN npm run build
2025-08-16T21:01:43.8340524Z #83 8.220 vite v7.0.4 building for production...
2025-08-16T21:01:43.8340954Z #83 8.354 transforming...
2025-08-16T21:01:44.0044104Z #83 ...
2025-08-16T21:01:44.0044353Z 
2025-08-16T21:01:44.0044574Z #87 [repricer stage-1 4/5] COPY --from=base /app /app
2025-08-16T21:01:44.0045039Z #87 DONE 0.0s
2025-08-16T21:01:44.0993631Z 
2025-08-16T21:01:44.1007326Z #88 [repricer stage-1 5/5] RUN apt-get update     && apt-get install -y --no-install-recommends tzdata     && rm -rf /var/lib/apt/lists/*
2025-08-16T21:01:44.1009038Z #88 0.245 Hit:1 http://deb.debian.org/debian trixie InRelease
2025-08-16T21:01:44.2641641Z #88 0.248 Get:2 http://deb.debian.org/debian trixie-updates InRelease [47.1 kB]
2025-08-16T21:01:44.2647801Z #88 0.272 Get:3 http://deb.debian.org/debian-security trixie-security InRelease [43.4 kB]
2025-08-16T21:01:44.2648972Z #88 0.290 Get:4 http://deb.debian.org/debian trixie/main amd64 Packages [9668 kB]
2025-08-16T21:01:44.2651562Z #88 0.410 Get:5 http://deb.debian.org/debian trixie-updates/main amd64 Packages [2432 B]
2025-08-16T21:01:44.4152209Z #88 0.411 Get:6 http://deb.debian.org/debian-security trixie-security/main amd64 Packages [8780 B]
2025-08-16T21:01:44.8712670Z #88 ...
2025-08-16T21:01:44.8712949Z 
2025-08-16T21:01:44.8713104Z #89 [api] exporting to image
2025-08-16T21:01:44.8713505Z #89 exporting layers 2.6s done
2025-08-16T21:01:44.8714190Z #89 writing image sha256:580929af799456f3c3d77b8571ba7b934e0fc8364ba71502d9e0922eef4578e6 done
2025-08-16T21:01:44.8714958Z #89 naming to docker.io/library/awa-app-api done
2025-08-16T21:01:44.8715410Z #89 DONE 2.6s
2025-08-16T21:01:44.8715609Z 
2025-08-16T21:01:44.8715799Z #90 [api] resolving provenance for metadata file
2025-08-16T21:01:44.8716238Z #90 DONE 0.0s
2025-08-16T21:01:45.0206442Z 
2025-08-16T21:01:45.0208057Z #83 [web build 6/6] RUN npm run build
2025-08-16T21:01:46.5885361Z #83 ...
2025-08-16T21:01:46.5885601Z 
2025-08-16T21:01:46.5886166Z #53 [etl base 4/5] RUN if [ -n "" ] && [ -f "" ]; then         pip install -r requirements.txt -c "";     else         pip install -r requirements.txt;     fi
2025-08-16T21:01:46.5886918Z #53 34.97 
2025-08-16T21:01:46.5887311Z #53 34.97 [notice] A new release of pip is available: 25.0.1 -> 25.2
2025-08-16T21:01:46.5887908Z #53 34.97 [notice] To update, run: pip install --upgrade pip
2025-08-16T21:01:46.5888429Z #53 DONE 35.4s
2025-08-16T21:01:46.7709961Z 
2025-08-16T21:01:46.7715744Z #91 [etl base 5/5] COPY services/etl/ .
2025-08-16T21:01:46.7716253Z #91 DONE 0.0s
2025-08-16T21:01:46.7716438Z 
2025-08-16T21:01:46.7717074Z #88 [repricer stage-1 5/5] RUN apt-get update     && apt-get install -y --no-install-recommends tzdata     && rm -rf /var/lib/apt/lists/*
2025-08-16T21:01:46.7717952Z #88 1.171 Fetched 9769 kB in 1s (10.0 MB/s)
2025-08-16T21:01:46.7718399Z #88 1.171 Reading package lists...
2025-08-16T21:01:46.7718819Z #88 1.896 Reading package lists...
2025-08-16T21:01:46.7719213Z #88 2.546 Building dependency tree...
2025-08-16T21:01:46.7719809Z #88 2.767 Reading state information...
2025-08-16T21:01:46.8153847Z #88 2.960 tzdata is already the newest version (2025b-4).
2025-08-16T21:01:46.8154566Z #88 2.960 0 upgraded, 0 newly installed, 0 to remove and 0 not upgraded.
2025-08-16T21:01:46.9939971Z #88 DONE 3.0s
2025-08-16T21:01:46.9940211Z 
2025-08-16T21:01:46.9941605Z #92 [repricer] exporting to image
2025-08-16T21:01:48.6737135Z #92 exporting layers 1.8s done
2025-08-16T21:01:48.6738336Z #92 writing image sha256:7e4ed1d4dad50f9be1d5eee0d32f05cf01cd1cd3442b47516c48d15d8ead3794 done
2025-08-16T21:01:48.6739909Z #92 naming to docker.io/library/awa-app-repricer done
2025-08-16T21:01:48.6740791Z #92 DONE 1.8s
2025-08-16T21:01:48.6741297Z 
2025-08-16T21:01:48.6749154Z #93 [repricer] resolving provenance for metadata file
2025-08-16T21:01:48.8360781Z #93 DONE 0.0s
2025-08-16T21:01:48.8370641Z 
2025-08-16T21:01:48.8371602Z #94 [etl stage-1 3/9] COPY --from=base /usr/local /usr/local
2025-08-16T21:01:50.1967974Z #94 ...
2025-08-16T21:01:50.1968418Z 
2025-08-16T21:01:50.1968848Z #83 [web build 6/6] RUN npm run build
2025-08-16T21:01:50.1970598Z #83 14.50 ✓ 687 modules transformed.
2025-08-16T21:01:50.1971038Z #83 15.13 rendering chunks...
2025-08-16T21:01:50.1971667Z #83 15.14 computing gzip size...
2025-08-16T21:01:50.1972458Z #83 15.16 dist/index.html                   0.46 kB │ gzip:   0.30 kB
2025-08-16T21:01:50.1973283Z #83 15.16 dist/assets/index-5IA1gRGW.css    0.84 kB │ gzip:   0.45 kB
2025-08-16T21:01:50.1974119Z #83 15.16 dist/assets/index-CIqpArhq.js   613.66 kB │ gzip: 193.69 kB
2025-08-16T21:01:50.1974678Z #83 15.16 
2025-08-16T21:01:50.1975442Z #83 15.16 (!) Some chunks are larger than 500 kB after minification. Consider:
2025-08-16T21:01:50.1976164Z #83 15.16 - Using dynamic import() to code-split the application
2025-08-16T21:01:50.1977204Z #83 15.16 - Use build.rollupOptions.output.manualChunks to improve chunking: https://rollupjs.org/configuration-options/#output-manualchunks
2025-08-16T21:01:50.1978362Z #83 15.16 - Adjust chunk size limit for this warning via build.chunkSizeWarningLimit.
2025-08-16T21:01:50.1979035Z #83 15.16 ✓ built in 6.90s
2025-08-16T21:01:50.1979524Z #83 DONE 15.6s
2025-08-16T21:01:50.3471402Z 
2025-08-16T21:01:50.3471981Z #94 [etl stage-1 3/9] COPY --from=base /usr/local /usr/local
2025-08-16T21:01:50.7470223Z #94 DONE 2.2s
2025-08-16T21:01:50.7470480Z 
2025-08-16T21:01:50.7470763Z #95 [web stage-1 2/2] COPY --from=build /app/dist /usr/share/nginx/html
2025-08-16T21:01:50.7471161Z #95 DONE 0.0s
2025-08-16T21:01:50.7471278Z 
2025-08-16T21:01:50.7471359Z #96 [web] exporting to image
2025-08-16T21:01:50.8937855Z #96 ...
2025-08-16T21:01:50.8939833Z 
2025-08-16T21:01:50.8940078Z #97 [etl stage-1 4/9] COPY --from=base /app /app
2025-08-16T21:01:50.8940574Z #97 DONE 0.0s
2025-08-16T21:01:51.0038912Z 
2025-08-16T21:01:51.0039149Z #96 [web] exporting to image
2025-08-16T21:01:51.0039882Z #96 exporting layers 0.4s done
2025-08-16T21:01:51.1728926Z #96 writing image sha256:d0aecf5a27665a6d21c97178ff2a739172b06882588b85d3bfab44e323d3a170 done
2025-08-16T21:01:51.1730153Z #96 naming to docker.io/library/awa-app-web done
2025-08-16T21:01:51.1730692Z #96 DONE 0.4s
2025-08-16T21:01:51.1730903Z 
2025-08-16T21:01:51.1731111Z #98 [web] resolving provenance for metadata file
2025-08-16T21:01:51.1731633Z #98 DONE 0.0s
2025-08-16T21:01:51.1731825Z 
2025-08-16T21:01:51.1732468Z #99 [etl stage-1 5/9] RUN apt-get update     && apt-get install -y --no-install-recommends tzdata     && rm -rf /var/lib/apt/lists/*
2025-08-16T21:01:51.1733350Z #99 0.135 Hit:1 http://deb.debian.org/debian trixie InRelease
2025-08-16T21:01:51.1733925Z #99 0.135 Get:2 http://deb.debian.org/debian trixie-updates InRelease [47.1 kB]
2025-08-16T21:01:51.1734554Z #99 0.137 Get:3 http://deb.debian.org/debian-security trixie-security InRelease [43.4 kB]
2025-08-16T21:01:51.1735131Z #99 0.151 Get:4 http://deb.debian.org/debian trixie/main amd64 Packages [9668 kB]
2025-08-16T21:01:51.1735675Z #99 0.196 Get:5 http://deb.debian.org/debian trixie-updates/main amd64 Packages [2432 B]
2025-08-16T21:01:51.1736292Z #99 0.196 Get:6 http://deb.debian.org/debian-security trixie-security/main amd64 Packages [8780 B]
2025-08-16T21:01:51.5812975Z #99 0.823 Fetched 9769 kB in 1s (13.9 MB/s)
2025-08-16T21:01:52.0078437Z #99 0.823 Reading package lists...
2025-08-16T21:01:52.4617177Z #99 1.266 Reading package lists...
2025-08-16T21:01:52.6874683Z #99 1.712 Building dependency tree...
2025-08-16T21:01:52.6875002Z #99 1.803 Reading state information...
2025-08-16T21:01:52.6875279Z #99 1.929 tzdata is already the newest version (2025b-4).
2025-08-16T21:01:52.6875661Z #99 1.929 0 upgraded, 0 newly installed, 0 to remove and 0 not upgraded.
2025-08-16T21:01:52.8497809Z #99 DONE 1.9s
2025-08-16T21:01:52.8498056Z 
2025-08-16T21:01:52.8498449Z #100 [etl stage-1 6/9] COPY services/etl/wait-for-it.sh /usr/local/bin/wait-for-it.sh
2025-08-16T21:01:52.8499069Z #100 DONE 0.0s
2025-08-16T21:01:52.8499243Z 
2025-08-16T21:01:52.8500738Z #101 [etl stage-1 7/9] RUN chmod +x /usr/local/bin/wait-for-it.sh
2025-08-16T21:01:52.8501243Z #101 DONE 0.1s
2025-08-16T21:01:52.9906783Z 
2025-08-16T21:01:52.9907354Z #102 [etl stage-1 8/9] COPY services/etl/entrypoint.sh /app/entrypoint.sh
2025-08-16T21:01:52.9907934Z #102 DONE 0.0s
2025-08-16T21:01:52.9908141Z 
2025-08-16T21:01:52.9908341Z #103 [etl stage-1 9/9] RUN chmod +x /app/entrypoint.sh
2025-08-16T21:01:52.9908788Z #103 DONE 0.1s
2025-08-16T21:01:53.1424322Z 
2025-08-16T21:01:53.1424773Z #104 [etl] exporting to image
2025-08-16T21:01:55.7726022Z #104 exporting layers 2.8s done
2025-08-16T21:01:55.7948752Z #104 writing image sha256:27a08eba1b0e44452875b7686065850f3ca3d4921622444d1257236aeeb373a2 done
2025-08-16T21:01:55.7950029Z #104 naming to docker.io/library/awa-app-etl done
2025-08-16T21:01:55.7950521Z #104 DONE 2.8s
2025-08-16T21:01:55.7950695Z 
2025-08-16T21:01:55.7950862Z #105 [etl] resolving provenance for metadata file
2025-08-16T21:01:55.7951281Z #105 DONE 0.0s
2025-08-16T21:01:55.7951575Z  repricer  Built
2025-08-16T21:01:55.7951842Z  fees_h10  Built
2025-08-16T21:01:55.7952031Z  web  Built
2025-08-16T21:01:55.7952285Z  etl  Built
2025-08-16T21:01:55.7952537Z  api  Built
2025-08-16T21:01:55.7952752Z  logistics_etl  Built
2025-08-16T21:01:55.7952942Z  postgres  Built
2025-08-16T21:01:55.8022402Z ##[group]Run export COMPOSE_DOCKER_CLI_BUILD=1
2025-08-16T21:01:55.8022749Z [36;1mexport COMPOSE_DOCKER_CLI_BUILD=1[0m
2025-08-16T21:01:55.8023006Z [36;1mexport DOCKER_BUILDKIT=1[0m
2025-08-16T21:01:55.8023243Z [36;1mdocker compose up -d --wait[0m
2025-08-16T21:01:55.8065250Z shell: /usr/bin/bash -e {0}
2025-08-16T21:01:55.8065480Z ##[endgroup]
2025-08-16T21:01:55.8825100Z  minio Pulling 
2025-08-16T21:02:03.8778963Z  dd15713b0f22 Pulling fs layer 
2025-08-16T21:02:03.8779589Z  fd312a3c94fc Pulling fs layer 
2025-08-16T21:02:03.8780010Z  02e05d20c69e Pulling fs layer 
2025-08-16T21:02:03.8780389Z  1f08d9fb7d7d Pulling fs layer 
2025-08-16T21:02:03.8780785Z  b452b5fb7338 Pulling fs layer 
2025-08-16T21:02:03.8781139Z  e14ab7c7ae26 Pulling fs layer 
2025-08-16T21:02:03.8781389Z  3bf7f4428838 Pulling fs layer 
2025-08-16T21:02:03.8781639Z  adc9ba906e83 Pulling fs layer 
2025-08-16T21:02:03.8781983Z  1611ffcaf8be Pulling fs layer 
2025-08-16T21:02:03.8782339Z  e14ab7c7ae26 Waiting 
2025-08-16T21:02:03.8782569Z  3bf7f4428838 Waiting 
2025-08-16T21:02:03.8782865Z  adc9ba906e83 Waiting 
2025-08-16T21:02:03.8783078Z  1611ffcaf8be Waiting 
2025-08-16T21:02:03.8783386Z  1f08d9fb7d7d Waiting 
2025-08-16T21:02:03.8783733Z  b452b5fb7338 Waiting 
2025-08-16T21:02:04.0380302Z  02e05d20c69e Downloading [>                                                  ]  2.302kB/122.7kB
2025-08-16T21:02:04.0407161Z  02e05d20c69e Downloading [==================================================>]  122.7kB/122.7kB
2025-08-16T21:02:04.0407775Z  02e05d20c69e Verifying Checksum 
2025-08-16T21:02:04.0408157Z  02e05d20c69e Download complete 
2025-08-16T21:02:04.0676783Z  dd15713b0f22 Downloading [>                                                  ]  73.47kB/7.24MB
2025-08-16T21:02:04.1363837Z  dd15713b0f22 Verifying Checksum 
2025-08-16T21:02:04.1365179Z  dd15713b0f22 Download complete 
2025-08-16T21:02:04.1375824Z  dd15713b0f22 Extracting [>                                                  ]   98.3kB/7.24MB
2025-08-16T21:02:04.2056985Z  1f08d9fb7d7d Downloading [>                                                  ]  397.4kB/39.39MB
2025-08-16T21:02:04.2377060Z  dd15713b0f22 Extracting [================>                                  ]  2.458MB/7.24MB
2025-08-16T21:02:04.2769554Z  b452b5fb7338 Downloading [>                                                  ]  114.8kB/11.19MB
2025-08-16T21:02:04.3059000Z  1f08d9fb7d7d Downloading [=========>                                         ]  7.728MB/39.39MB
2025-08-16T21:02:04.3510804Z  dd15713b0f22 Extracting [============================================>      ]  6.488MB/7.24MB
2025-08-16T21:02:04.3792900Z  dd15713b0f22 Extracting [==================================================>]   7.24MB/7.24MB
2025-08-16T21:02:04.3795791Z  b452b5fb7338 Downloading [===================>                               ]  4.422MB/11.19MB
2025-08-16T21:02:04.3892024Z  dd15713b0f22 Pull complete 
2025-08-16T21:02:04.4085605Z  1f08d9fb7d7d Downloading [===================>                               ]  14.99MB/39.39MB
2025-08-16T21:02:04.4872373Z  b452b5fb7338 Downloading [===============================>                   ]  7.109MB/11.19MB
2025-08-16T21:02:04.5086490Z  1f08d9fb7d7d Downloading [======================================>            ]  30.72MB/39.39MB
2025-08-16T21:02:04.5926203Z  b452b5fb7338 Downloading [====================================>              ]  8.158MB/11.19MB
2025-08-16T21:02:04.6383338Z  1f08d9fb7d7d Downloading [================================================>  ]  38.37MB/39.39MB
2025-08-16T21:02:04.6656143Z  1f08d9fb7d7d Verifying Checksum 
2025-08-16T21:02:04.6656722Z  1f08d9fb7d7d Download complete 
2025-08-16T21:02:04.6926335Z  b452b5fb7338 Downloading [=================================================> ]  10.99MB/11.19MB
2025-08-16T21:02:04.6931451Z  b452b5fb7338 Verifying Checksum 
2025-08-16T21:02:04.6931886Z  b452b5fb7338 Download complete 
2025-08-16T21:02:04.7705889Z  e14ab7c7ae26 Downloading [>                                                  ]  24.67kB/2.402MB
2025-08-16T21:02:04.7839888Z  e14ab7c7ae26 Verifying Checksum 
2025-08-16T21:02:04.7840338Z  e14ab7c7ae26 Download complete 
2025-08-16T21:02:04.8151364Z  3bf7f4428838 Downloading [>                                                  ]  2.301kB/180.3kB
2025-08-16T21:02:04.8204109Z  3bf7f4428838 Downloading [==================================================>]  180.3kB/180.3kB
2025-08-16T21:02:04.8204947Z  3bf7f4428838 Verifying Checksum 
2025-08-16T21:02:04.8205506Z  3bf7f4428838 Download complete 
2025-08-16T21:02:04.8888724Z  adc9ba906e83 Downloading [===>                                               ]     933B/11.88kB
2025-08-16T21:02:04.8890527Z  adc9ba906e83 Downloading [==================================================>]  11.88kB/11.88kB
2025-08-16T21:02:04.8891221Z  adc9ba906e83 Verifying Checksum 
2025-08-16T21:02:04.8891537Z  adc9ba906e83 Download complete 
2025-08-16T21:02:04.9356930Z  1611ffcaf8be Downloading [==================================================>]     498B/498B
2025-08-16T21:02:04.9357446Z  1611ffcaf8be Verifying Checksum 
2025-08-16T21:02:04.9357766Z  1611ffcaf8be Download complete 
2025-08-16T21:02:07.7526371Z  fd312a3c94fc Downloading [>                                                  ]   17.2kB/1.637MB
2025-08-16T21:02:07.7672018Z  fd312a3c94fc Verifying Checksum 
2025-08-16T21:02:07.7672867Z  fd312a3c94fc Download complete 
2025-08-16T21:02:07.7673510Z  fd312a3c94fc Extracting [=>                                                 ]  32.77kB/1.637MB
2025-08-16T21:02:07.7998708Z  fd312a3c94fc Extracting [==================================================>]  1.637MB/1.637MB
2025-08-16T21:02:07.8022722Z  fd312a3c94fc Extracting [==================================================>]  1.637MB/1.637MB
2025-08-16T21:02:07.8581043Z  fd312a3c94fc Pull complete 
2025-08-16T21:02:07.8592508Z  02e05d20c69e Extracting [=============>                                     ]  32.77kB/122.7kB
2025-08-16T21:02:07.8603857Z  02e05d20c69e Extracting [==================================================>]  122.7kB/122.7kB
2025-08-16T21:02:07.8691833Z  02e05d20c69e Pull complete 
2025-08-16T21:02:07.8768942Z  1f08d9fb7d7d Extracting [>                                                  ]    426kB/39.39MB
2025-08-16T21:02:07.9782303Z  1f08d9fb7d7d Extracting [===========>                                       ]  8.946MB/39.39MB
2025-08-16T21:02:08.0805003Z  1f08d9fb7d7d Extracting [=====================>                             ]  17.04MB/39.39MB
2025-08-16T21:02:08.1843002Z  1f08d9fb7d7d Extracting [=====================================>             ]  29.82MB/39.39MB
2025-08-16T21:02:08.2844583Z  1f08d9fb7d7d Extracting [================================================>  ]  37.91MB/39.39MB
2025-08-16T21:02:08.3014693Z  1f08d9fb7d7d Extracting [==================================================>]  39.39MB/39.39MB
2025-08-16T21:02:08.3329842Z  1f08d9fb7d7d Pull complete 
2025-08-16T21:02:08.3351085Z  b452b5fb7338 Extracting [>                                                  ]  131.1kB/11.19MB
2025-08-16T21:02:08.4353939Z  b452b5fb7338 Extracting [====================================>              ]  8.258MB/11.19MB
2025-08-16T21:02:08.4646674Z  b452b5fb7338 Extracting [==================================================>]  11.19MB/11.19MB
2025-08-16T21:02:08.4792779Z  b452b5fb7338 Pull complete 
2025-08-16T21:02:08.4824712Z  e14ab7c7ae26 Extracting [>                                                  ]  32.77kB/2.402MB
2025-08-16T21:02:08.5084486Z  e14ab7c7ae26 Extracting [==================================================>]  2.402MB/2.402MB
2025-08-16T21:02:08.5159689Z  e14ab7c7ae26 Pull complete 
2025-08-16T21:02:08.5168511Z  3bf7f4428838 Extracting [=========>                                         ]  32.77kB/180.3kB
2025-08-16T21:02:08.5213125Z  3bf7f4428838 Extracting [==================================================>]  180.3kB/180.3kB
2025-08-16T21:02:08.5227258Z  3bf7f4428838 Extracting [==================================================>]  180.3kB/180.3kB
2025-08-16T21:02:08.5307563Z  3bf7f4428838 Pull complete 
2025-08-16T21:02:08.5318585Z  adc9ba906e83 Extracting [==================================================>]  11.88kB/11.88kB
2025-08-16T21:02:08.5322547Z  adc9ba906e83 Extracting [==================================================>]  11.88kB/11.88kB
2025-08-16T21:02:08.5385588Z  adc9ba906e83 Pull complete 
2025-08-16T21:02:08.5396887Z  1611ffcaf8be Extracting [==================================================>]     498B/498B
2025-08-16T21:02:08.5400791Z  1611ffcaf8be Extracting [==================================================>]     498B/498B
2025-08-16T21:02:08.5465558Z  1611ffcaf8be Pull complete 
2025-08-16T21:02:08.5519685Z  minio Pulled 
2025-08-16T21:02:08.5551116Z  Network awa-app_awa-net  Creating
2025-08-16T21:02:08.5957582Z  Network awa-app_awa-net  Created
2025-08-16T21:02:08.5965182Z  Volume "awa-app_awa-data"  Creating
2025-08-16T21:02:08.5976529Z  Volume "awa-app_awa-data"  Created
2025-08-16T21:02:08.5980499Z  Volume "awa-app_miniodata"  Creating
2025-08-16T21:02:08.5987472Z  Volume "awa-app_miniodata"  Created
2025-08-16T21:02:08.5992533Z  Container awa-app-minio-1  Creating
2025-08-16T21:02:08.5993104Z  Container awa-app-postgres-1  Creating
2025-08-16T21:02:08.6172076Z  Container awa-app-minio-1  Created
2025-08-16T21:02:08.6172667Z  Container awa-app-postgres-1  Created
2025-08-16T21:02:08.6173132Z  Container awa-app-fees_h10-1  Creating
2025-08-16T21:02:08.6177464Z  Container awa-app-api-1  Creating
2025-08-16T21:02:08.6178296Z  Container awa-app-etl-1  Creating
2025-08-16T21:02:08.6179815Z  Container awa-app-logistics_etl-1  Creating
2025-08-16T21:02:08.6469937Z  Container awa-app-logistics_etl-1  Created
2025-08-16T21:02:08.6473462Z  Container awa-app-fees_h10-1  Created
2025-08-16T21:02:08.6474110Z  Container awa-app-etl-1  Created
2025-08-16T21:02:08.6476952Z  Container awa-app-api-1  Created
2025-08-16T21:02:08.6477425Z  Container awa-app-repricer-1  Creating
2025-08-16T21:02:08.6477883Z  Container awa-app-web-1  Creating
2025-08-16T21:02:08.6656685Z  Container awa-app-repricer-1  Created
2025-08-16T21:02:08.6657745Z  Container awa-app-web-1  Created
2025-08-16T21:02:08.6673272Z  Container awa-app-postgres-1  Starting
2025-08-16T21:02:08.6673789Z  Container awa-app-minio-1  Starting
2025-08-16T21:02:08.8277266Z  Container awa-app-postgres-1  Started
2025-08-16T21:02:08.8277822Z  Container awa-app-postgres-1  Waiting
2025-08-16T21:02:08.8278267Z  Container awa-app-postgres-1  Waiting
2025-08-16T21:02:08.8278680Z  Container awa-app-postgres-1  Waiting
2025-08-16T21:02:08.8601179Z  Container awa-app-minio-1  Started
2025-08-16T21:02:08.8601713Z  Container awa-app-postgres-1  Waiting
2025-08-16T21:02:14.3297953Z  Container awa-app-postgres-1  Healthy
2025-08-16T21:02:14.3298563Z  Container awa-app-api-1  Starting
2025-08-16T21:02:14.3299070Z  Container awa-app-postgres-1  Healthy
2025-08-16T21:02:14.3299728Z  Container awa-app-logistics_etl-1  Starting
2025-08-16T21:02:14.3300306Z  Container awa-app-postgres-1  Healthy
2025-08-16T21:02:14.3301295Z  Container awa-app-fees_h10-1  Starting
2025-08-16T21:02:14.3620844Z  Container awa-app-postgres-1  Healthy
2025-08-16T21:02:14.3621363Z  Container awa-app-etl-1  Starting
2025-08-16T21:02:14.5240363Z  Container awa-app-logistics_etl-1  Started
2025-08-16T21:02:14.5250875Z  Container awa-app-fees_h10-1  Started
2025-08-16T21:02:14.5361895Z  Container awa-app-etl-1  Started
2025-08-16T21:02:14.5500568Z  Container awa-app-api-1  Started
2025-08-16T21:02:14.5501490Z  Container awa-app-web-1  Starting
2025-08-16T21:02:14.5501961Z  Container awa-app-postgres-1  Waiting
2025-08-16T21:02:14.5502406Z  Container awa-app-api-1  Waiting
2025-08-16T21:02:14.7480448Z  Container awa-app-web-1  Started
2025-08-16T21:02:15.0515634Z  Container awa-app-postgres-1  Healthy
2025-08-16T21:02:20.0512883Z  Container awa-app-api-1  Healthy
2025-08-16T21:02:20.0513557Z  Container awa-app-repricer-1  Starting
2025-08-16T21:02:20.1790675Z  Container awa-app-repricer-1  Started
2025-08-16T21:02:20.1791243Z  Container awa-app-logistics_etl-1  Waiting
2025-08-16T21:02:20.1791986Z  Container awa-app-web-1  Waiting
2025-08-16T21:02:20.1792424Z  Container awa-app-repricer-1  Waiting
2025-08-16T21:02:20.1792835Z  Container awa-app-fees_h10-1  Waiting
2025-08-16T21:02:20.1793252Z  Container awa-app-api-1  Waiting
2025-08-16T21:02:20.1793626Z  Container awa-app-etl-1  Waiting
2025-08-16T21:02:20.1794007Z  Container awa-app-postgres-1  Waiting
2025-08-16T21:02:20.1794415Z  Container awa-app-minio-1  Waiting
2025-08-16T21:02:20.6817827Z  Container awa-app-minio-1  Healthy
2025-08-16T21:02:20.6818299Z  Container awa-app-web-1  Healthy
2025-08-16T21:02:20.6818686Z  Container awa-app-api-1  Healthy
2025-08-16T21:02:20.6819066Z  Container awa-app-postgres-1  Healthy
2025-08-16T21:02:44.6807647Z  Container awa-app-etl-1  Healthy
2025-08-16T21:02:44.6808246Z container awa-app-logistics_etl-1 exited (1)
2025-08-16T21:02:44.6857638Z ##[error]Process completed with exit code 1.
2025-08-16T21:02:44.6905453Z ##[group]Run export COMPOSE_DOCKER_CLI_BUILD=1
2025-08-16T21:02:44.6905805Z [36;1mexport COMPOSE_DOCKER_CLI_BUILD=1[0m
2025-08-16T21:02:44.6906079Z [36;1mexport DOCKER_BUILDKIT=1[0m
2025-08-16T21:02:44.6906343Z [36;1mdocker compose down -v --remove-orphans[0m
2025-08-16T21:02:44.6947149Z shell: /usr/bin/bash -e {0}
2025-08-16T21:02:44.6947375Z ##[endgroup]
2025-08-16T21:02:44.7833361Z  Container awa-app-web-1  Stopping
2025-08-16T21:02:44.7834096Z  Container awa-app-repricer-1  Stopping
2025-08-16T21:02:44.7848702Z  Container awa-app-logistics_etl-1  Stopping
2025-08-16T21:02:44.7849260Z  Container awa-app-fees_h10-1  Stopping
2025-08-16T21:02:44.7849902Z  Container awa-app-etl-1  Stopping
2025-08-16T21:02:44.7853636Z  Container awa-app-repricer-1  Stopped
2025-08-16T21:02:44.7854133Z  Container awa-app-repricer-1  Removing
2025-08-16T21:02:44.7854670Z  Container awa-app-logistics_etl-1  Stopped
2025-08-16T21:02:44.7856263Z  Container awa-app-logistics_etl-1  Removing
2025-08-16T21:02:44.7856862Z  Container awa-app-fees_h10-1  Stopped
2025-08-16T21:02:44.7857310Z  Container awa-app-fees_h10-1  Removing
2025-08-16T21:02:44.7911478Z  Container awa-app-logistics_etl-1  Removed
2025-08-16T21:02:44.7965517Z  Container awa-app-fees_h10-1  Removed
2025-08-16T21:02:44.7966863Z  Container awa-app-repricer-1  Removed
2025-08-16T21:02:44.9221516Z  Container awa-app-web-1  Stopped
2025-08-16T21:02:44.9222087Z  Container awa-app-web-1  Removing
2025-08-16T21:02:44.9291852Z  Container awa-app-web-1  Removed
2025-08-16T21:02:44.9292507Z  Container awa-app-api-1  Stopping
2025-08-16T21:02:45.3250969Z  Container awa-app-api-1  Stopped
2025-08-16T21:02:45.3251472Z  Container awa-app-api-1  Removing
2025-08-16T21:02:45.3349624Z  Container awa-app-api-1  Removed
2025-08-16T21:02:54.8671840Z  Container awa-app-etl-1  Stopped
2025-08-16T21:02:54.8675531Z  Container awa-app-etl-1  Removing
2025-08-16T21:02:54.8728172Z  Container awa-app-etl-1  Removed
2025-08-16T21:02:54.8728764Z  Container awa-app-postgres-1  Stopping
2025-08-16T21:02:54.8731211Z  Container awa-app-minio-1  Stopping
2025-08-16T21:02:54.9702779Z  Container awa-app-postgres-1  Stopped
2025-08-16T21:02:54.9703480Z  Container awa-app-postgres-1  Removing
2025-08-16T21:02:55.0233372Z  Container awa-app-postgres-1  Removed
2025-08-16T21:02:55.0395294Z  Container awa-app-minio-1  Stopped
2025-08-16T21:02:55.0408345Z  Container awa-app-minio-1  Removing
2025-08-16T21:02:55.0442619Z  Container awa-app-minio-1  Removed
2025-08-16T21:02:55.0449030Z  Volume awa-app_awa-data  Removing
2025-08-16T21:02:55.0451360Z  Volume awa-app_miniodata  Removing
2025-08-16T21:02:55.0452073Z  Network awa-app_awa-net  Removing
2025-08-16T21:02:55.0471284Z  Volume awa-app_miniodata  Removed
2025-08-16T21:02:55.0472425Z  Volume awa-app_awa-data  Removed
2025-08-16T21:02:55.1672800Z  Network awa-app_awa-net  Removed
2025-08-16T21:02:55.1775441Z Post job cleanup.
2025-08-16T21:02:55.2714905Z [command]/usr/bin/git version
2025-08-16T21:02:55.2752904Z git version 2.50.1
2025-08-16T21:02:55.2798367Z Temporarily overriding HOME='/home/runner/work/_temp/c07d354e-2d07-46bd-8d1d-570c80078fe8' before making global git config changes
2025-08-16T21:02:55.2799842Z Adding repository directory to the temporary git global config as a safe directory
2025-08-16T21:02:55.2811381Z [command]/usr/bin/git config --global --add safe.directory /home/runner/work/AWA-App/AWA-App
2025-08-16T21:02:55.2844378Z [command]/usr/bin/git config --local --name-only --get-regexp core\.sshCommand
2025-08-16T21:02:55.2876277Z [command]/usr/bin/git submodule foreach --recursive sh -c "git config --local --name-only --get-regexp 'core\.sshCommand' && git config --local --unset-all 'core.sshCommand' || :"
2025-08-16T21:02:55.3098696Z [command]/usr/bin/git config --local --name-only --get-regexp http\.https\:\/\/github\.com\/\.extraheader
2025-08-16T21:02:55.3119045Z http.https://github.com/.extraheader
2025-08-16T21:02:55.3131613Z [command]/usr/bin/git config --local --unset-all http.https://github.com/.extraheader
2025-08-16T21:02:55.3161178Z [command]/usr/bin/git submodule foreach --recursive sh -c "git config --local --name-only --get-regexp 'http\.https\:\/\/github\.com\/\.extraheader' && git config --local --unset-all 'http.https://github.com/.extraheader' || :"
2025-08-16T21:02:55.3497825Z Cleaning up orphan processes
