2025-08-18T09:06:27.2884214Z Current runner version: '2.327.1'
2025-08-18T09:06:27.2906197Z ##[group]Runner Image Provisioner
2025-08-18T09:06:27.2907083Z Hosted Compute Agent
2025-08-18T09:06:27.2907931Z Version: 20250812.370
2025-08-18T09:06:27.2908586Z Commit: 4a2b2bf7520004e3e907c2150c8cabe342a3da32
2025-08-18T09:06:27.2909260Z Build Date: 2025-08-12T16:08:14Z
2025-08-18T09:06:27.2909940Z ##[endgroup]
2025-08-18T09:06:27.2910437Z ##[group]Operating System
2025-08-18T09:06:27.2910992Z Ubuntu
2025-08-18T09:06:27.2911501Z 24.04.2
2025-08-18T09:06:27.2911960Z LTS
2025-08-18T09:06:27.2912430Z ##[endgroup]
2025-08-18T09:06:27.2912963Z ##[group]Runner Image
2025-08-18T09:06:27.2913518Z Image: ubuntu-24.04
2025-08-18T09:06:27.2914216Z Version: 20250810.1.0
2025-08-18T09:06:27.2915249Z Included Software: https://github.com/actions/runner-images/blob/ubuntu24/20250810.1/images/ubuntu/Ubuntu2404-Readme.md
2025-08-18T09:06:27.2916763Z Image Release: https://github.com/actions/runner-images/releases/tag/ubuntu24%2F20250810.1
2025-08-18T09:06:27.2917970Z ##[endgroup]
2025-08-18T09:06:27.2920298Z ##[group]GITHUB_TOKEN Permissions
2025-08-18T09:06:27.2922309Z Actions: write
2025-08-18T09:06:27.2922835Z Attestations: write
2025-08-18T09:06:27.2923378Z Checks: write
2025-08-18T09:06:27.2923872Z Contents: write
2025-08-18T09:06:27.2924391Z Deployments: write
2025-08-18T09:06:27.2924882Z Discussions: write
2025-08-18T09:06:27.2925402Z Issues: write
2025-08-18T09:06:27.2925861Z Metadata: read
2025-08-18T09:06:27.2926366Z Models: read
2025-08-18T09:06:27.2926879Z Packages: write
2025-08-18T09:06:27.2927363Z Pages: write
2025-08-18T09:06:27.2928179Z PullRequests: write
2025-08-18T09:06:27.2928695Z RepositoryProjects: write
2025-08-18T09:06:27.2929344Z SecurityEvents: write
2025-08-18T09:06:27.2929964Z Statuses: write
2025-08-18T09:06:27.2930442Z ##[endgroup]
2025-08-18T09:06:27.2932610Z Secret source: Actions
2025-08-18T09:06:27.2933286Z Prepare workflow directory
2025-08-18T09:06:27.3403460Z Prepare all required actions
2025-08-18T09:06:27.3440348Z Getting action download info
2025-08-18T09:06:27.7877197Z Download action repository 'actions/checkout@v4' (SHA:08eba0b27e820071cde6df949e0beb9ba4906955)
2025-08-18T09:06:28.5941100Z Download action repository 'actions/setup-python@v5' (SHA:a26af69be951a213d495a4c3e4e4022e16d87065)
2025-08-18T09:06:29.4498046Z Download action repository 'actions/cache@v4' (SHA:0400d5f644dc74513175e3cd8d07132dd4860809)
2025-08-18T09:06:30.4117070Z Download action repository 'actions/upload-artifact@v4' (SHA:ea165f8d65b6e75b540449e92b4886f43607fa02)
2025-08-18T09:06:30.5992074Z Complete job name: integration-db
2025-08-18T09:06:30.6453878Z ##[group]Checking docker version
2025-08-18T09:06:30.6466756Z ##[command]/usr/bin/docker version --format '{{.Server.APIVersion}}'
2025-08-18T09:06:30.6936226Z '1.48'
2025-08-18T09:06:30.6948086Z Docker daemon API version: '1.48'
2025-08-18T09:06:30.6948552Z ##[command]/usr/bin/docker version --format '{{.Client.APIVersion}}'
2025-08-18T09:06:30.7095906Z '1.48'
2025-08-18T09:06:30.7108515Z Docker client API version: '1.48'
2025-08-18T09:06:30.7113532Z ##[endgroup]
2025-08-18T09:06:30.7116080Z ##[group]Clean up resources from previous jobs
2025-08-18T09:06:30.7121251Z ##[command]/usr/bin/docker ps --all --quiet --no-trunc --filter "label=0844f8"
2025-08-18T09:06:30.7252526Z ##[command]/usr/bin/docker network prune --force --filter "label=0844f8"
2025-08-18T09:06:30.7374798Z ##[endgroup]
2025-08-18T09:06:30.7375097Z ##[group]Create local container network
2025-08-18T09:06:30.7384492Z ##[command]/usr/bin/docker network create --label 0844f8 github_network_f86727ccb72b480387f073c6d38e639d
2025-08-18T09:06:30.7859564Z ca8ef9930421ff7d4ec5fa09387cef9ca906a68c8357a6ede607d772e76a9a25
2025-08-18T09:06:30.7877463Z ##[endgroup]
2025-08-18T09:06:30.7900356Z ##[group]Starting postgres service container
2025-08-18T09:06:30.7920735Z ##[command]/usr/bin/docker pull postgres:15
2025-08-18T09:06:31.6431765Z 15: Pulling from library/postgres
2025-08-18T09:06:31.8837352Z 396b1da7636e: Pulling fs layer
2025-08-18T09:06:31.8838446Z fca2566eba32: Pulling fs layer
2025-08-18T09:06:31.8838831Z 631fe8c6d606: Pulling fs layer
2025-08-18T09:06:31.8839201Z 77c7671c4414: Pulling fs layer
2025-08-18T09:06:31.8839577Z 2d9e29180a27: Pulling fs layer
2025-08-18T09:06:31.8839991Z c6bcc2c9a041: Pulling fs layer
2025-08-18T09:06:31.8840395Z ac4b721eb66f: Pulling fs layer
2025-08-18T09:06:31.8840755Z 606bd164980e: Pulling fs layer
2025-08-18T09:06:31.8841107Z f5dfd246bc6e: Pulling fs layer
2025-08-18T09:06:31.8841480Z ba7036bb0a60: Pulling fs layer
2025-08-18T09:06:31.8841846Z 799f859abbbd: Pulling fs layer
2025-08-18T09:06:31.8842232Z d903e777080c: Pulling fs layer
2025-08-18T09:06:31.8842599Z 04adcb462801: Pulling fs layer
2025-08-18T09:06:31.8842962Z 5c10925b29ff: Pulling fs layer
2025-08-18T09:06:31.8843297Z c6bcc2c9a041: Waiting
2025-08-18T09:06:31.8843635Z ac4b721eb66f: Waiting
2025-08-18T09:06:31.8843936Z 799f859abbbd: Waiting
2025-08-18T09:06:31.8844235Z f5dfd246bc6e: Waiting
2025-08-18T09:06:31.8844541Z 606bd164980e: Waiting
2025-08-18T09:06:31.8844784Z d903e777080c: Waiting
2025-08-18T09:06:31.8845030Z ba7036bb0a60: Waiting
2025-08-18T09:06:31.8845202Z 5c10925b29ff: Waiting
2025-08-18T09:06:31.8845381Z 04adcb462801: Waiting
2025-08-18T09:06:31.8845547Z 77c7671c4414: Waiting
2025-08-18T09:06:31.8845716Z 2d9e29180a27: Waiting
2025-08-18T09:06:32.1500995Z fca2566eba32: Verifying Checksum
2025-08-18T09:06:32.1501523Z fca2566eba32: Download complete
2025-08-18T09:06:32.2640885Z 631fe8c6d606: Verifying Checksum
2025-08-18T09:06:32.2642451Z 631fe8c6d606: Download complete
2025-08-18T09:06:32.4260890Z 396b1da7636e: Verifying Checksum
2025-08-18T09:06:32.4261370Z 396b1da7636e: Download complete
2025-08-18T09:06:32.6744170Z 2d9e29180a27: Verifying Checksum
2025-08-18T09:06:32.6748078Z 2d9e29180a27: Download complete
2025-08-18T09:06:32.7640733Z c6bcc2c9a041: Verifying Checksum
2025-08-18T09:06:32.7642781Z c6bcc2c9a041: Download complete
2025-08-18T09:06:32.8655419Z 77c7671c4414: Verifying Checksum
2025-08-18T09:06:32.8656858Z 77c7671c4414: Download complete
2025-08-18T09:06:32.9436498Z ac4b721eb66f: Download complete
2025-08-18T09:06:33.0562454Z 606bd164980e: Verifying Checksum
2025-08-18T09:06:33.0563175Z 606bd164980e: Download complete
2025-08-18T09:06:33.2102239Z ba7036bb0a60: Verifying Checksum
2025-08-18T09:06:33.2104089Z ba7036bb0a60: Download complete
2025-08-18T09:06:33.3453559Z 396b1da7636e: Pull complete
2025-08-18T09:06:33.3681501Z 799f859abbbd: Verifying Checksum
2025-08-18T09:06:33.3684546Z 799f859abbbd: Download complete
2025-08-18T09:06:33.4122950Z fca2566eba32: Pull complete
2025-08-18T09:06:33.4813225Z d903e777080c: Download complete
2025-08-18T09:06:33.5845615Z 631fe8c6d606: Pull complete
2025-08-18T09:06:33.6340622Z 77c7671c4414: Pull complete
2025-08-18T09:06:33.6529482Z 04adcb462801: Verifying Checksum
2025-08-18T09:06:33.6532233Z 04adcb462801: Download complete
2025-08-18T09:06:33.7463271Z 5c10925b29ff: Download complete
2025-08-18T09:06:33.9468878Z 2d9e29180a27: Pull complete
2025-08-18T09:06:34.0417977Z c6bcc2c9a041: Pull complete
2025-08-18T09:06:34.0531696Z ac4b721eb66f: Pull complete
2025-08-18T09:06:34.0658623Z 606bd164980e: Pull complete
2025-08-18T09:06:35.4814693Z f5dfd246bc6e: Verifying Checksum
2025-08-18T09:06:35.4815317Z f5dfd246bc6e: Download complete
2025-08-18T09:06:38.4179355Z f5dfd246bc6e: Pull complete
2025-08-18T09:06:38.4365282Z ba7036bb0a60: Pull complete
2025-08-18T09:06:38.4466909Z 799f859abbbd: Pull complete
2025-08-18T09:06:38.4571732Z d903e777080c: Pull complete
2025-08-18T09:06:38.4692855Z 04adcb462801: Pull complete
2025-08-18T09:06:38.4801383Z 5c10925b29ff: Pull complete
2025-08-18T09:06:38.4844805Z Digest: sha256:bc51cf4f1fe02cce7ed2370b20128a9b00b4eb804573a77d2a0d877aaa9c82b1
2025-08-18T09:06:38.4857298Z Status: Downloaded newer image for postgres:15
2025-08-18T09:06:38.4865766Z docker.io/library/postgres:15
2025-08-18T09:06:38.4924684Z ##[command]/usr/bin/docker create --name 3399d92b3620424c8e574f298d13003b_postgres15_a690d9 --label 0844f8 --network github_network_f86727ccb72b480387f073c6d38e639d --network-alias postgres -p 5432:5432 --health-cmd="pg_isready -U postgres -d awa" --health-interval=5s --health-timeout=5s --health-retries=10 -e "POSTGRES_USER=postgres" -e "POSTGRES_PASSWORD=pass" -e "POSTGRES_DB=awa" -e GITHUB_ACTIONS=true -e CI=true postgres:15
2025-08-18T09:06:38.5181966Z 69a8ffa58b1cc9719c5f21c110123ffa1d8c10a701a24c02c5d731d136997ec0
2025-08-18T09:06:38.5203875Z ##[command]/usr/bin/docker start 69a8ffa58b1cc9719c5f21c110123ffa1d8c10a701a24c02c5d731d136997ec0
2025-08-18T09:06:38.6864599Z 69a8ffa58b1cc9719c5f21c110123ffa1d8c10a701a24c02c5d731d136997ec0
2025-08-18T09:06:38.6885145Z ##[command]/usr/bin/docker ps --all --filter id=69a8ffa58b1cc9719c5f21c110123ffa1d8c10a701a24c02c5d731d136997ec0 --filter status=running --no-trunc --format "{{.ID}} {{.Status}}"
2025-08-18T09:06:38.7005343Z 69a8ffa58b1cc9719c5f21c110123ffa1d8c10a701a24c02c5d731d136997ec0 Up Less than a second (health: starting)
2025-08-18T09:06:38.7031186Z ##[command]/usr/bin/docker port 69a8ffa58b1cc9719c5f21c110123ffa1d8c10a701a24c02c5d731d136997ec0
2025-08-18T09:06:38.7158946Z 5432/tcp -> 0.0.0.0:5432
2025-08-18T09:06:38.7159430Z 5432/tcp -> [::]:5432
2025-08-18T09:06:38.7204367Z ##[endgroup]
2025-08-18T09:06:38.7213523Z ##[group]Waiting for all services to be ready
2025-08-18T09:06:38.7227879Z ##[command]/usr/bin/docker inspect --format="{{if .Config.Healthcheck}}{{print .State.Health.Status}}{{end}}" 69a8ffa58b1cc9719c5f21c110123ffa1d8c10a701a24c02c5d731d136997ec0
2025-08-18T09:06:38.7359152Z starting
2025-08-18T09:06:38.7387832Z postgres service is starting, waiting 2 seconds before checking again.
2025-08-18T09:06:40.7396991Z ##[command]/usr/bin/docker inspect --format="{{if .Config.Healthcheck}}{{print .State.Health.Status}}{{end}}" 69a8ffa58b1cc9719c5f21c110123ffa1d8c10a701a24c02c5d731d136997ec0
2025-08-18T09:06:40.7516531Z starting
2025-08-18T09:06:40.7530270Z postgres service is starting, waiting 4 seconds before checking again.
2025-08-18T09:06:44.7739299Z ##[command]/usr/bin/docker inspect --format="{{if .Config.Healthcheck}}{{print .State.Health.Status}}{{end}}" 69a8ffa58b1cc9719c5f21c110123ffa1d8c10a701a24c02c5d731d136997ec0
2025-08-18T09:06:44.7856210Z healthy
2025-08-18T09:06:44.7872811Z postgres service is healthy.
2025-08-18T09:06:44.7873625Z ##[endgroup]
2025-08-18T09:06:44.8180459Z ##[group]Run actions/checkout@v4
2025-08-18T09:06:44.8181108Z with:
2025-08-18T09:06:44.8181286Z   fetch-depth: 0
2025-08-18T09:06:44.8181489Z   repository: AlexBomber12/AWA-App
2025-08-18T09:06:44.8181915Z   token: ***
2025-08-18T09:06:44.8182106Z   ssh-strict: true
2025-08-18T09:06:44.8182281Z   ssh-user: git
2025-08-18T09:06:44.8182470Z   persist-credentials: true
2025-08-18T09:06:44.8182678Z   clean: true
2025-08-18T09:06:44.8182859Z   sparse-checkout-cone-mode: true
2025-08-18T09:06:44.8183083Z   fetch-tags: false
2025-08-18T09:06:44.8183259Z   show-progress: true
2025-08-18T09:06:44.8183440Z   lfs: false
2025-08-18T09:06:44.8183598Z   submodules: false
2025-08-18T09:06:44.8183780Z   set-safe-directory: true
2025-08-18T09:06:44.8184163Z ##[endgroup]
2025-08-18T09:06:44.9230719Z Syncing repository: AlexBomber12/AWA-App
2025-08-18T09:06:44.9231917Z ##[group]Getting Git version info
2025-08-18T09:06:44.9232273Z Working directory is '/home/runner/work/AWA-App/AWA-App'
2025-08-18T09:06:44.9232802Z [command]/usr/bin/git version
2025-08-18T09:06:44.9279997Z git version 2.50.1
2025-08-18T09:06:44.9304761Z ##[endgroup]
2025-08-18T09:06:44.9318294Z Temporarily overriding HOME='/home/runner/work/_temp/2cf492d3-23b3-4271-b5ca-2651589fd570' before making global git config changes
2025-08-18T09:06:44.9319190Z Adding repository directory to the temporary git global config as a safe directory
2025-08-18T09:06:44.9323371Z [command]/usr/bin/git config --global --add safe.directory /home/runner/work/AWA-App/AWA-App
2025-08-18T09:06:44.9356663Z Deleting the contents of '/home/runner/work/AWA-App/AWA-App'
2025-08-18T09:06:44.9360226Z ##[group]Initializing the repository
2025-08-18T09:06:44.9363832Z [command]/usr/bin/git init /home/runner/work/AWA-App/AWA-App
2025-08-18T09:06:44.9429379Z hint: Using 'master' as the name for the initial branch. This default branch name
2025-08-18T09:06:44.9430207Z hint: is subject to change. To configure the initial branch name to use in all
2025-08-18T09:06:44.9430978Z hint: of your new repositories, which will suppress this warning, call:
2025-08-18T09:06:44.9431544Z hint:
2025-08-18T09:06:44.9431943Z hint: 	git config --global init.defaultBranch <name>
2025-08-18T09:06:44.9432406Z hint:
2025-08-18T09:06:44.9432755Z hint: Names commonly chosen instead of 'master' are 'main', 'trunk' and
2025-08-18T09:06:44.9433544Z hint: 'development'. The just-created branch can be renamed via this command:
2025-08-18T09:06:44.9434220Z hint:
2025-08-18T09:06:44.9434504Z hint: 	git branch -m <name>
2025-08-18T09:06:44.9434846Z hint:
2025-08-18T09:06:44.9435331Z hint: Disable this message with "git config set advice.defaultBranchName false"
2025-08-18T09:06:44.9436159Z Initialized empty Git repository in /home/runner/work/AWA-App/AWA-App/.git/
2025-08-18T09:06:44.9444774Z [command]/usr/bin/git remote add origin https://github.com/AlexBomber12/AWA-App
2025-08-18T09:06:44.9474959Z ##[endgroup]
2025-08-18T09:06:44.9475512Z ##[group]Disabling automatic garbage collection
2025-08-18T09:06:44.9479449Z [command]/usr/bin/git config --local gc.auto 0
2025-08-18T09:06:44.9506102Z ##[endgroup]
2025-08-18T09:06:44.9506438Z ##[group]Setting up auth
2025-08-18T09:06:44.9513274Z [command]/usr/bin/git config --local --name-only --get-regexp core\.sshCommand
2025-08-18T09:06:44.9541549Z [command]/usr/bin/git submodule foreach --recursive sh -c "git config --local --name-only --get-regexp 'core\.sshCommand' && git config --local --unset-all 'core.sshCommand' || :"
2025-08-18T09:06:44.9804483Z [command]/usr/bin/git config --local --name-only --get-regexp http\.https\:\/\/github\.com\/\.extraheader
2025-08-18T09:06:44.9834088Z [command]/usr/bin/git submodule foreach --recursive sh -c "git config --local --name-only --get-regexp 'http\.https\:\/\/github\.com\/\.extraheader' && git config --local --unset-all 'http.https://github.com/.extraheader' || :"
2025-08-18T09:06:45.0049542Z [command]/usr/bin/git config --local http.https://github.com/.extraheader AUTHORIZATION: basic ***
2025-08-18T09:06:45.0091175Z ##[endgroup]
2025-08-18T09:06:45.0091702Z ##[group]Fetching the repository
2025-08-18T09:06:45.0099695Z [command]/usr/bin/git -c protocol.version=2 fetch --prune --no-recurse-submodules origin +refs/heads/*:refs/remotes/origin/* +refs/tags/*:refs/tags/* +50013269bdb65bb3d6624024fd8753b392f33784:refs/remotes/pull/241/merge
2025-08-18T09:06:46.6580411Z From https://github.com/AlexBomber12/AWA-App
2025-08-18T09:06:46.6581445Z  * [new branch]      codex/fix-ci-workflows-by-analyzing-logs -> origin/codex/fix-ci-workflows-by-analyzing-logs
2025-08-18T09:06:46.6582665Z  * [new branch]      codex/fix-ci-workflows-by-analyzing-logs-uv2onj -> origin/codex/fix-ci-workflows-by-analyzing-logs-uv2onj
2025-08-18T09:06:46.6584073Z  * [new branch]      codex/implement-structured-json-logging-and-error-handling -> origin/codex/implement-structured-json-logging-and-error-handling
2025-08-18T09:06:46.6585405Z  * [new branch]      gh-pages                                 -> origin/gh-pages
2025-08-18T09:06:46.6586150Z  * [new branch]      main                                     -> origin/main
2025-08-18T09:06:46.6588164Z  * [new tag]         0.3.0                                    -> 0.3.0
2025-08-18T09:06:46.6590986Z  * [new ref]         50013269bdb65bb3d6624024fd8753b392f33784 -> pull/241/merge
2025-08-18T09:06:46.6621907Z ##[endgroup]
2025-08-18T09:06:46.6622283Z ##[group]Determining the checkout info
2025-08-18T09:06:46.6623398Z ##[endgroup]
2025-08-18T09:06:46.6629215Z [command]/usr/bin/git sparse-checkout disable
2025-08-18T09:06:46.6665196Z [command]/usr/bin/git config --local --unset-all extensions.worktreeConfig
2025-08-18T09:06:46.6691261Z ##[group]Checking out the ref
2025-08-18T09:06:46.6694724Z [command]/usr/bin/git checkout --progress --force refs/remotes/pull/241/merge
2025-08-18T09:06:46.7085030Z Note: switching to 'refs/remotes/pull/241/merge'.
2025-08-18T09:06:46.7085449Z 
2025-08-18T09:06:46.7085749Z You are in 'detached HEAD' state. You can look around, make experimental
2025-08-18T09:06:46.7086467Z changes and commit them, and you can discard any commits you make in this
2025-08-18T09:06:46.7087187Z state without impacting any branches by switching back to a branch.
2025-08-18T09:06:46.7087838Z 
2025-08-18T09:06:46.7088123Z If you want to create a new branch to retain commits you create, you may
2025-08-18T09:06:46.7088783Z do so (now or later) by using -c with the switch command. Example:
2025-08-18T09:06:46.7089277Z 
2025-08-18T09:06:46.7089428Z   git switch -c <new-branch-name>
2025-08-18T09:06:46.7089687Z 
2025-08-18T09:06:46.7089833Z Or undo this operation with:
2025-08-18T09:06:46.7090074Z 
2025-08-18T09:06:46.7090193Z   git switch -
2025-08-18T09:06:46.7090365Z 
2025-08-18T09:06:46.7090675Z Turn off this advice by setting config variable advice.detachedHead to false
2025-08-18T09:06:46.7091204Z 
2025-08-18T09:06:46.7091758Z HEAD is now at 5001326 Merge f854a25a45b1a56a97cc011acfc74df1a822cb79 into 1f9f11151eff9e05019fdf93efc147e18a69e7f9
2025-08-18T09:06:46.7101694Z ##[endgroup]
2025-08-18T09:06:46.7143288Z [command]/usr/bin/git log -1 --format=%H
2025-08-18T09:06:46.7166388Z 50013269bdb65bb3d6624024fd8753b392f33784
2025-08-18T09:06:46.7328194Z ##[group]Run cat .env.ci >> "$GITHUB_ENV"
2025-08-18T09:06:46.7328551Z [36;1mcat .env.ci >> "$GITHUB_ENV"[0m
2025-08-18T09:06:46.7329258Z [36;1mecho "DATABASE_URL=***localhost:5432/awa" >> "$GITHUB_ENV"[0m
2025-08-18T09:06:46.7329609Z [36;1mecho "PG_HOST=localhost" >> "$GITHUB_ENV"[0m
2025-08-18T09:06:46.7329901Z [36;1mecho "PG_PORT=5432" >> "$GITHUB_ENV"[0m
2025-08-18T09:06:46.7330181Z [36;1mecho "PG_USER=postgres" >> "$GITHUB_ENV"[0m
2025-08-18T09:06:46.7330456Z [36;1mecho "PG_PASSWORD=pass" >> "$GITHUB_ENV"[0m
2025-08-18T09:06:46.7330744Z [36;1mecho "PG_DATABASE=awa" >> "$GITHUB_ENV"[0m
2025-08-18T09:06:46.7372578Z shell: /usr/bin/bash -e {0}
2025-08-18T09:06:46.7372834Z ##[endgroup]
2025-08-18T09:06:46.7542205Z ##[group]Run actions/setup-python@v5
2025-08-18T09:06:46.7542469Z with:
2025-08-18T09:06:46.7542647Z   python-version: 3.11
2025-08-18T09:06:46.7542838Z   cache: pip
2025-08-18T09:06:46.7543051Z   cache-dependency-path: requirements-dev.txt

2025-08-18T09:06:46.7543333Z   check-latest: false
2025-08-18T09:06:46.7543630Z   token: ***
2025-08-18T09:06:46.7543818Z   update-environment: true
2025-08-18T09:06:46.7544032Z   allow-prereleases: false
2025-08-18T09:06:46.7544240Z   freethreaded: false
2025-08-18T09:06:46.7544419Z env:
2025-08-18T09:06:46.7544574Z   PG_USER: postgres
2025-08-18T09:06:46.7544760Z   PG_PASSWORD: pass
2025-08-18T09:06:46.7544933Z   PG_DATABASE: awa
2025-08-18T09:06:46.7545110Z   PG_HOST: localhost
2025-08-18T09:06:46.7545283Z   PG_PORT: 5432
2025-08-18T09:06:46.7545669Z   PG_SYNC_DSN: ***localhost:5432/awa
2025-08-18T09:06:46.7546061Z   PG_ASYNC_DSN: ***localhost:5432/awa
2025-08-18T09:06:46.7546503Z   DATABASE_URL: ***localhost:5432/awa
2025-08-18T09:06:46.7546756Z   DATA_DIR: /tmp/awa-data
2025-08-18T09:06:46.7546954Z   ENABLE_LIVE: 0
2025-08-18T09:06:46.7547125Z   TESTING: 1
2025-08-18T09:06:46.7547282Z ##[endgroup]
2025-08-18T09:06:46.9192305Z ##[group]Installed versions
2025-08-18T09:06:46.9273889Z Successfully set up CPython (3.11.13)
2025-08-18T09:06:46.9274591Z ##[endgroup]
2025-08-18T09:06:46.9545577Z [command]/opt/hostedtoolcache/Python/3.11.13/x64/bin/pip cache dir
2025-08-18T09:06:48.3784975Z /home/runner/.cache/pip
2025-08-18T09:06:48.6579753Z Cache hit for: setup-python-Linux-x64-24.04-Ubuntu-python-3.11.13-pip-d3de683594cb625a73bcccfc0794889f3224e8fada9f47a4bcc03532e260c787
2025-08-18T09:06:49.9502447Z Received 16777216 of 252620365 (6.6%), 16.0 MBs/sec
2025-08-18T09:06:50.9854758Z Received 134217728 of 252620365 (53.1%), 62.8 MBs/sec
2025-08-18T09:06:51.9858380Z Received 248426061 of 252620365 (98.3%), 78.0 MBs/sec
2025-08-18T09:06:52.2309213Z Received 252620365 of 252620365 (100.0%), 73.4 MBs/sec
2025-08-18T09:06:52.2311511Z Cache Size: ~241 MB (252620365 B)
2025-08-18T09:06:52.2352578Z [command]/usr/bin/tar -xf /home/runner/work/_temp/04cc2000-dd54-4193-93e4-20a2389aeaf8/cache.tzst -P -C /home/runner/work/AWA-App/AWA-App --use-compress-program unzstd
2025-08-18T09:06:52.6236467Z Cache restored successfully
2025-08-18T09:06:52.6717987Z Cache restored from key: setup-python-Linux-x64-24.04-Ubuntu-python-3.11.13-pip-842a859a37b6f31d35b1262d499b1acd0270bca26490137bed88679f7bc0eea4
2025-08-18T09:06:52.7423819Z ##[group]Run actions/cache@v4
2025-08-18T09:06:52.7424082Z with:
2025-08-18T09:06:52.7424300Z   path: ~/.cache/pip
.pytest_cache
~/.ruff_cache

2025-08-18T09:06:52.7424739Z   key: Linux-int-d3de683594cb625a73bcccfc0794889f3224e8fada9f47a4bcc03532e260c787
2025-08-18T09:06:52.7425241Z   restore-keys: Linux-int-
2025-08-18T09:06:52.7425471Z   enableCrossOsArchive: false
2025-08-18T09:06:52.7425709Z   fail-on-cache-miss: false
2025-08-18T09:06:52.7425924Z   lookup-only: false
2025-08-18T09:06:52.7426136Z   save-always: false
2025-08-18T09:06:52.7426306Z env:
2025-08-18T09:06:52.7426468Z   PG_USER: postgres
2025-08-18T09:06:52.7426655Z   PG_PASSWORD: pass
2025-08-18T09:06:52.7426836Z   PG_DATABASE: awa
2025-08-18T09:06:52.7427019Z   PG_HOST: localhost
2025-08-18T09:06:52.7427206Z   PG_PORT: 5432
2025-08-18T09:06:52.7428103Z   PG_SYNC_DSN: ***localhost:5432/awa
2025-08-18T09:06:52.7428658Z   PG_ASYNC_DSN: ***localhost:5432/awa
2025-08-18T09:06:52.7429087Z   DATABASE_URL: ***localhost:5432/awa
2025-08-18T09:06:52.7429316Z   DATA_DIR: /tmp/awa-data
2025-08-18T09:06:52.7429517Z   ENABLE_LIVE: 0
2025-08-18T09:06:52.7429691Z   TESTING: 1
2025-08-18T09:06:52.7429926Z   pythonLocation: /opt/hostedtoolcache/Python/3.11.13/x64
2025-08-18T09:06:52.7430321Z   PKG_CONFIG_PATH: /opt/hostedtoolcache/Python/3.11.13/x64/lib/pkgconfig
2025-08-18T09:06:52.7430715Z   Python_ROOT_DIR: /opt/hostedtoolcache/Python/3.11.13/x64
2025-08-18T09:06:52.7431066Z   Python2_ROOT_DIR: /opt/hostedtoolcache/Python/3.11.13/x64
2025-08-18T09:06:52.7431422Z   Python3_ROOT_DIR: /opt/hostedtoolcache/Python/3.11.13/x64
2025-08-18T09:06:52.7431776Z   LD_LIBRARY_PATH: /opt/hostedtoolcache/Python/3.11.13/x64/lib
2025-08-18T09:06:52.7432080Z ##[endgroup]
2025-08-18T09:06:53.1323438Z Cache hit for restore-key: Linux-int-842a859a37b6f31d35b1262d499b1acd0270bca26490137bed88679f7bc0eea4
2025-08-18T09:06:54.3888465Z Received 12582912 of 252623373 (5.0%), 12.0 MBs/sec
2025-08-18T09:06:55.4189463Z Received 134217728 of 252623373 (53.1%), 63.1 MBs/sec
2025-08-18T09:06:56.4241300Z Received 248429069 of 252623373 (98.3%), 78.2 MBs/sec
2025-08-18T09:06:56.6393204Z Received 252623373 of 252623373 (100.0%), 74.1 MBs/sec
2025-08-18T09:06:56.6396605Z Cache Size: ~241 MB (252623373 B)
2025-08-18T09:06:56.6435176Z [command]/usr/bin/tar -xf /home/runner/work/_temp/c6498ac9-3e7b-4e60-8e04-a4424e8a8574/cache.tzst -P -C /home/runner/work/AWA-App/AWA-App --use-compress-program unzstd
2025-08-18T09:06:57.1301337Z Cache restored successfully
2025-08-18T09:06:57.1856735Z Cache restored from key: Linux-int-842a859a37b6f31d35b1262d499b1acd0270bca26490137bed88679f7bc0eea4
2025-08-18T09:06:57.1972655Z ##[group]Run pip install -r requirements-dev.txt
2025-08-18T09:06:57.1973063Z [36;1mpip install -r requirements-dev.txt[0m
2025-08-18T09:06:57.1973377Z [36;1mpip install keepa==1.3.15 minio==7.1.15[0m
2025-08-18T09:06:57.2014569Z shell: /usr/bin/bash -e {0}
2025-08-18T09:06:57.2014810Z env:
2025-08-18T09:06:57.2014988Z   PG_USER: postgres
2025-08-18T09:06:57.2015186Z   PG_PASSWORD: pass
2025-08-18T09:06:57.2015384Z   PG_DATABASE: awa
2025-08-18T09:06:57.2015573Z   PG_HOST: localhost
2025-08-18T09:06:57.2015767Z   PG_PORT: 5432
2025-08-18T09:06:57.2016221Z   PG_SYNC_DSN: ***localhost:5432/awa
2025-08-18T09:06:57.2016632Z   PG_ASYNC_DSN: ***localhost:5432/awa
2025-08-18T09:06:57.2017022Z   DATABASE_URL: ***localhost:5432/awa
2025-08-18T09:06:57.2017263Z   DATA_DIR: /tmp/awa-data
2025-08-18T09:06:57.2017474Z   ENABLE_LIVE: 0
2025-08-18T09:06:57.2017810Z   TESTING: 1
2025-08-18T09:06:57.2018253Z   pythonLocation: /opt/hostedtoolcache/Python/3.11.13/x64
2025-08-18T09:06:57.2018687Z   PKG_CONFIG_PATH: /opt/hostedtoolcache/Python/3.11.13/x64/lib/pkgconfig
2025-08-18T09:06:57.2019081Z   Python_ROOT_DIR: /opt/hostedtoolcache/Python/3.11.13/x64
2025-08-18T09:06:57.2042928Z   Python2_ROOT_DIR: /opt/hostedtoolcache/Python/3.11.13/x64
2025-08-18T09:06:57.2043586Z   Python3_ROOT_DIR: /opt/hostedtoolcache/Python/3.11.13/x64
2025-08-18T09:06:57.2044134Z   LD_LIBRARY_PATH: /opt/hostedtoolcache/Python/3.11.13/x64/lib
2025-08-18T09:06:57.2044441Z ##[endgroup]
2025-08-18T09:06:58.1531028Z Collecting Jinja2==3.1.6 (from -r requirements-dev.txt (line 2))
2025-08-18T09:06:58.1547311Z   Using cached jinja2-3.1.6-py3-none-any.whl.metadata (2.9 kB)
2025-08-18T09:06:58.1809447Z Collecting alembic==1.13.1 (from -r requirements-dev.txt (line 3))
2025-08-18T09:06:58.1824327Z   Using cached alembic-1.13.1-py3-none-any.whl.metadata (7.4 kB)
2025-08-18T09:06:58.2040771Z Collecting apscheduler==3.10.4 (from -r requirements-dev.txt (line 4))
2025-08-18T09:06:58.2055014Z   Using cached APScheduler-3.10.4-py3-none-any.whl.metadata (5.7 kB)
2025-08-18T09:06:58.2276506Z Collecting asgi-correlation-id==4.3.4 (from -r requirements-dev.txt (line 5))
2025-08-18T09:06:58.2818458Z   Downloading asgi_correlation_id-4.3.4-py3-none-any.whl.metadata (28 kB)
2025-08-18T09:06:58.3441994Z Collecting asyncpg==0.30.0 (from -r requirements-dev.txt (line 6))
2025-08-18T09:06:58.3456746Z   Using cached asyncpg-0.30.0-cp311-cp311-manylinux_2_17_x86_64.manylinux2014_x86_64.whl.metadata (5.0 kB)
2025-08-18T09:06:58.3928292Z Collecting black==25.1.0 (from -r requirements-dev.txt (line 7))
2025-08-18T09:06:58.3943088Z   Using cached black-25.1.0-cp311-cp311-manylinux_2_17_x86_64.manylinux2014_x86_64.manylinux_2_28_x86_64.whl.metadata (81 kB)
2025-08-18T09:06:58.6940253Z Collecting boto3 (from -r requirements-dev.txt (line 8))
2025-08-18T09:06:58.6956053Z   Using cached boto3-1.40.11-py3-none-any.whl.metadata (6.7 kB)
2025-08-18T09:06:58.7289062Z Collecting redis==5.* (from -r requirements-dev.txt (line 9))
2025-08-18T09:06:58.7302992Z   Using cached redis-5.3.1-py3-none-any.whl.metadata (9.2 kB)
2025-08-18T09:06:58.7653029Z Collecting minio==7.* (from -r requirements-dev.txt (line 10))
2025-08-18T09:06:58.7666974Z   Using cached minio-7.2.16-py3-none-any.whl.metadata (6.5 kB)
2025-08-18T09:06:58.8006729Z Collecting celery==5.4.0 (from -r requirements-dev.txt (line 11))
2025-08-18T09:06:58.8020964Z   Using cached celery-5.4.0-py3-none-any.whl.metadata (21 kB)
2025-08-18T09:06:58.8611690Z Collecting fastapi==0.116.1 (from -r requirements-dev.txt (line 12))
2025-08-18T09:06:58.8625155Z   Using cached fastapi-0.116.1-py3-none-any.whl.metadata (28 kB)
2025-08-18T09:06:58.8908967Z Collecting httpx<0.29,>=0.27 (from -r requirements-dev.txt (line 14))
2025-08-18T09:06:58.8922477Z   Using cached httpx-0.28.1-py3-none-any.whl.metadata (7.1 kB)
2025-08-18T09:06:58.9150968Z Collecting imapclient==3.0.1 (from -r requirements-dev.txt (line 15))
2025-08-18T09:06:58.9164643Z   Using cached IMAPClient-3.0.1-py2.py3-none-any.whl.metadata (1.7 kB)
2025-08-18T09:06:58.9327339Z Collecting itsdangerous (from -r requirements-dev.txt (line 16))
2025-08-18T09:06:58.9341825Z   Using cached itsdangerous-2.2.0-py3-none-any.whl.metadata (1.9 kB)
2025-08-18T09:06:59.0509298Z Collecting mypy==1.* (from -r requirements-dev.txt (line 17))
2025-08-18T09:06:59.0524689Z   Using cached mypy-1.17.1-cp311-cp311-manylinux2014_x86_64.manylinux_2_17_x86_64.manylinux_2_28_x86_64.whl.metadata (2.2 kB)
2025-08-18T09:06:59.0677932Z Collecting mypy-extensions==1.1.0 (from -r requirements-dev.txt (line 18))
2025-08-18T09:06:59.0691797Z   Using cached mypy_extensions-1.1.0-py3-none-any.whl.metadata (1.1 kB)
2025-08-18T09:06:59.2313404Z Collecting numpy<2 (from -r requirements-dev.txt (line 19))
2025-08-18T09:06:59.2328864Z   Using cached numpy-1.26.4-cp311-cp311-manylinux_2_17_x86_64.manylinux2014_x86_64.whl.metadata (61 kB)
2025-08-18T09:06:59.2613408Z Collecting openpyxl==3.1.5 (from -r requirements-dev.txt (line 20))
2025-08-18T09:06:59.2627961Z   Using cached openpyxl-3.1.5-py2.py3-none-any.whl.metadata (2.5 kB)
2025-08-18T09:06:59.3705632Z Collecting pandas==2.2.* (from -r requirements-dev.txt (line 21))
2025-08-18T09:06:59.3720792Z   Using cached pandas-2.2.3-cp311-cp311-manylinux_2_17_x86_64.manylinux2014_x86_64.whl.metadata (89 kB)
2025-08-18T09:06:59.4645536Z Collecting psycopg2-binary==2.9.9 (from -r requirements-dev.txt (line 22))
2025-08-18T09:06:59.4660135Z   Using cached psycopg2_binary-2.9.9-cp311-cp311-manylinux_2_17_x86_64.manylinux2014_x86_64.whl.metadata (4.4 kB)
2025-08-18T09:06:59.4868437Z Collecting psycopg==3.2.9 (from psycopg[binary]==3.2.9->-r requirements-dev.txt (line 23))
2025-08-18T09:06:59.4882774Z   Using cached psycopg-3.2.9-py3-none-any.whl.metadata (4.5 kB)
2025-08-18T09:06:59.6198932Z Collecting pydantic==2.11.7 (from -r requirements-dev.txt (line 24))
2025-08-18T09:06:59.6214452Z   Using cached pydantic-2.11.7-py3-none-any.whl.metadata (67 kB)
2025-08-18T09:06:59.6252258Z Requirement already satisfied: setuptools in /opt/hostedtoolcache/Python/3.11.13/x64/lib/python3.11/site-packages (from -r requirements-dev.txt (line 25)) (65.5.0)
2025-08-18T09:06:59.6461759Z Collecting pytest-asyncio==0.23.6 (from -r requirements-dev.txt (line 26))
2025-08-18T09:06:59.6475352Z   Using cached pytest_asyncio-0.23.6-py3-none-any.whl.metadata (3.9 kB)
2025-08-18T09:06:59.6674101Z Collecting pytest-cov==6.2.1 (from -r requirements-dev.txt (line 27))
2025-08-18T09:06:59.6688312Z   Using cached pytest_cov-6.2.1-py3-none-any.whl.metadata (30 kB)
2025-08-18T09:06:59.6896208Z Collecting pytest-postgresql==7.0.2 (from -r requirements-dev.txt (line 28))
2025-08-18T09:06:59.6909895Z   Using cached pytest_postgresql-7.0.2-py3-none-any.whl.metadata (18 kB)
2025-08-18T09:06:59.7121903Z Collecting python-dotenv (from -r requirements-dev.txt (line 29))
2025-08-18T09:06:59.7135936Z   Using cached python_dotenv-1.1.1-py3-none-any.whl.metadata (24 kB)
2025-08-18T09:06:59.7305420Z Collecting python-multipart (from -r requirements-dev.txt (line 30))
2025-08-18T09:06:59.7319302Z   Using cached python_multipart-0.0.20-py3-none-any.whl.metadata (1.8 kB)
2025-08-18T09:06:59.7649334Z Collecting python-telegram-bot==22.2 (from -r requirements-dev.txt (line 31))
2025-08-18T09:06:59.7663038Z   Using cached python_telegram_bot-22.2-py3-none-any.whl.metadata (17 kB)
2025-08-18T09:06:59.7981695Z Collecting requests==2.32.4 (from -r requirements-dev.txt (line 32))
2025-08-18T09:06:59.7995626Z   Using cached requests-2.32.4-py3-none-any.whl.metadata (4.9 kB)
2025-08-18T09:06:59.8202430Z Collecting respx==0.22.0 (from -r requirements-dev.txt (line 33))
2025-08-18T09:06:59.8215770Z   Using cached respx-0.22.0-py2.py3-none-any.whl.metadata (4.1 kB)
2025-08-18T09:07:00.1695504Z Collecting ruff==0.4.4 (from -r requirements-dev.txt (line 34))
2025-08-18T09:07:00.1710649Z   Using cached ruff-0.4.4-py3-none-manylinux_2_17_x86_64.manylinux2014_x86_64.whl.metadata (23 kB)
2025-08-18T09:07:00.4190715Z Collecting sqlalchemy==2.0.29 (from -r requirements-dev.txt (line 35))
2025-08-18T09:07:00.4206926Z   Using cached SQLAlchemy-2.0.29-cp311-cp311-manylinux_2_17_x86_64.manylinux2014_x86_64.whl.metadata (9.6 kB)
2025-08-18T09:07:00.4473229Z Collecting testcontainers==4.10.0 (from testcontainers[postgres]==4.10.0->-r requirements-dev.txt (line 36))
2025-08-18T09:07:00.4485843Z   Using cached testcontainers-4.10.0-py3-none-any.whl.metadata (7.8 kB)
2025-08-18T09:07:00.4860791Z Collecting types-requests==2.32.0.20240602 (from -r requirements-dev.txt (line 37))
2025-08-18T09:07:00.4874010Z   Using cached types_requests-2.32.0.20240602-py3-none-any.whl.metadata (1.8 kB)
2025-08-18T09:07:00.5041765Z Collecting docspec-python==2.2.2 (from -r requirements-dev.txt (line 38))
2025-08-18T09:07:00.5054506Z   Using cached docspec_python-2.2.2-py3-none-any.whl.metadata (1.0 kB)
2025-08-18T09:07:00.5255227Z Collecting pydoc-markdown==4.8.2 (from -r requirements-dev.txt (line 39))
2025-08-18T09:07:00.5268301Z   Using cached pydoc_markdown-4.8.2-py3-none-any.whl.metadata (5.9 kB)
2025-08-18T09:07:00.5577380Z Collecting pandera==0.19.* (from -r requirements-dev.txt (line 40))
2025-08-18T09:07:00.5590621Z   Using cached pandera-0.19.3-py3-none-any.whl.metadata (15 kB)
2025-08-18T09:07:00.6689139Z Collecting MarkupSafe>=2.0 (from Jinja2==3.1.6->-r requirements-dev.txt (line 2))
2025-08-18T09:07:00.6704203Z   Using cached MarkupSafe-3.0.2-cp311-cp311-manylinux_2_17_x86_64.manylinux2014_x86_64.whl.metadata (4.0 kB)
2025-08-18T09:07:00.7042499Z Collecting Mako (from alembic==1.13.1->-r requirements-dev.txt (line 3))
2025-08-18T09:07:00.7055360Z   Using cached mako-1.3.10-py3-none-any.whl.metadata (2.9 kB)
2025-08-18T09:07:00.7268642Z Collecting typing-extensions>=4 (from alembic==1.13.1->-r requirements-dev.txt (line 3))
2025-08-18T09:07:00.7282385Z   Using cached typing_extensions-4.14.1-py3-none-any.whl.metadata (3.0 kB)
2025-08-18T09:07:00.7465858Z Collecting six>=1.4.0 (from apscheduler==3.10.4->-r requirements-dev.txt (line 4))
2025-08-18T09:07:00.7479910Z   Using cached six-1.17.0-py2.py3-none-any.whl.metadata (1.7 kB)
2025-08-18T09:07:00.7852323Z Collecting pytz (from apscheduler==3.10.4->-r requirements-dev.txt (line 4))
2025-08-18T09:07:00.7865828Z   Using cached pytz-2025.2-py2.py3-none-any.whl.metadata (22 kB)
2025-08-18T09:07:00.8069217Z Collecting tzlocal!=3.*,>=2.0 (from apscheduler==3.10.4->-r requirements-dev.txt (line 4))
2025-08-18T09:07:00.8082201Z   Using cached tzlocal-5.3.1-py3-none-any.whl.metadata (7.6 kB)
2025-08-18T09:07:00.8298920Z Collecting packaging (from asgi-correlation-id==4.3.4->-r requirements-dev.txt (line 5))
2025-08-18T09:07:00.8311783Z   Using cached packaging-25.0-py3-none-any.whl.metadata (3.3 kB)
2025-08-18T09:07:00.8631470Z Collecting starlette>=0.18 (from asgi-correlation-id==4.3.4->-r requirements-dev.txt (line 5))
2025-08-18T09:07:00.8643869Z   Using cached starlette-0.47.2-py3-none-any.whl.metadata (6.2 kB)
2025-08-18T09:07:00.8877413Z Collecting click>=8.0.0 (from black==25.1.0->-r requirements-dev.txt (line 7))
2025-08-18T09:07:00.8890634Z   Using cached click-8.2.1-py3-none-any.whl.metadata (2.5 kB)
2025-08-18T09:07:00.9088827Z Collecting pathspec>=0.9.0 (from black==25.1.0->-r requirements-dev.txt (line 7))
2025-08-18T09:07:00.9101779Z   Using cached pathspec-0.12.1-py3-none-any.whl.metadata (21 kB)
2025-08-18T09:07:00.9328248Z Collecting platformdirs>=2 (from black==25.1.0->-r requirements-dev.txt (line 7))
2025-08-18T09:07:00.9341206Z   Using cached platformdirs-4.3.8-py3-none-any.whl.metadata (12 kB)
2025-08-18T09:07:00.9585990Z Collecting billiard<5.0,>=4.2.0 (from celery==5.4.0->-r requirements-dev.txt (line 11))
2025-08-18T09:07:00.9599121Z   Using cached billiard-4.2.1-py3-none-any.whl.metadata (4.4 kB)
2025-08-18T09:07:00.9936441Z Collecting kombu<6.0,>=5.3.4 (from celery==5.4.0->-r requirements-dev.txt (line 11))
2025-08-18T09:07:00.9949736Z   Using cached kombu-5.5.4-py3-none-any.whl.metadata (3.5 kB)
2025-08-18T09:07:01.0153833Z Collecting vine<6.0,>=5.1.0 (from celery==5.4.0->-r requirements-dev.txt (line 11))
2025-08-18T09:07:01.0166329Z   Using cached vine-5.1.0-py3-none-any.whl.metadata (2.7 kB)
2025-08-18T09:07:01.0361293Z Collecting click-didyoumean>=0.3.0 (from celery==5.4.0->-r requirements-dev.txt (line 11))
2025-08-18T09:07:01.0373794Z   Using cached click_didyoumean-0.3.1-py3-none-any.whl.metadata (3.9 kB)
2025-08-18T09:07:01.0518347Z Collecting click-repl>=0.2.0 (from celery==5.4.0->-r requirements-dev.txt (line 11))
2025-08-18T09:07:01.0531146Z   Using cached click_repl-0.3.0-py3-none-any.whl.metadata (3.6 kB)
2025-08-18T09:07:01.0679401Z Collecting click-plugins>=1.1.1 (from celery==5.4.0->-r requirements-dev.txt (line 11))
2025-08-18T09:07:01.0692332Z   Using cached click_plugins-1.1.1.2-py2.py3-none-any.whl.metadata (6.5 kB)
2025-08-18T09:07:01.0869092Z Collecting tzdata>=2022.7 (from celery==5.4.0->-r requirements-dev.txt (line 11))
2025-08-18T09:07:01.0882242Z   Using cached tzdata-2025.2-py2.py3-none-any.whl.metadata (1.4 kB)
2025-08-18T09:07:01.1046326Z Collecting python-dateutil>=2.8.2 (from celery==5.4.0->-r requirements-dev.txt (line 11))
2025-08-18T09:07:01.1059873Z   Using cached python_dateutil-2.9.0.post0-py2.py3-none-any.whl.metadata (8.4 kB)
2025-08-18T09:07:01.1722825Z Collecting annotated-types>=0.6.0 (from pydantic==2.11.7->-r requirements-dev.txt (line 24))
2025-08-18T09:07:01.1735641Z   Using cached annotated_types-0.7.0-py3-none-any.whl.metadata (15 kB)
2025-08-18T09:07:01.8270258Z Collecting pydantic-core==2.33.2 (from pydantic==2.11.7->-r requirements-dev.txt (line 24))
2025-08-18T09:07:01.8285295Z   Using cached pydantic_core-2.33.2-cp311-cp311-manylinux_2_17_x86_64.manylinux2014_x86_64.whl.metadata (6.8 kB)
2025-08-18T09:07:01.8466868Z Collecting typing-inspection>=0.4.0 (from pydantic==2.11.7->-r requirements-dev.txt (line 24))
2025-08-18T09:07:01.8479854Z   Using cached typing_inspection-0.4.1-py3-none-any.whl.metadata (2.6 kB)
2025-08-18T09:07:01.8636057Z Collecting et-xmlfile (from openpyxl==3.1.5->-r requirements-dev.txt (line 20))
2025-08-18T09:07:01.8649063Z   Using cached et_xmlfile-2.0.0-py3-none-any.whl.metadata (2.7 kB)
2025-08-18T09:07:01.9144143Z Collecting pytest<9,>=7.0.0 (from pytest-asyncio==0.23.6->-r requirements-dev.txt (line 26))
2025-08-18T09:07:01.9157728Z   Using cached pytest-8.4.1-py3-none-any.whl.metadata (7.7 kB)
2025-08-18T09:07:02.3074916Z Collecting coverage>=7.5 (from coverage[toml]>=7.5->pytest-cov==6.2.1->-r requirements-dev.txt (line 27))
2025-08-18T09:07:02.3090288Z   Using cached coverage-7.10.4-cp311-cp311-manylinux1_x86_64.manylinux_2_28_x86_64.manylinux_2_5_x86_64.whl.metadata (8.9 kB)
2025-08-18T09:07:02.3268182Z Collecting pluggy>=1.2 (from pytest-cov==6.2.1->-r requirements-dev.txt (line 27))
2025-08-18T09:07:02.3281210Z   Using cached pluggy-1.6.0-py3-none-any.whl.metadata (4.8 kB)
2025-08-18T09:07:02.3606072Z Collecting port-for>=0.7.3 (from pytest-postgresql==7.0.2->-r requirements-dev.txt (line 28))
2025-08-18T09:07:02.3619165Z   Using cached port_for-0.7.4-py3-none-any.whl.metadata (7.1 kB)
2025-08-18T09:07:02.3831719Z Collecting mirakuru>=2.6.0 (from pytest-postgresql==7.0.2->-r requirements-dev.txt (line 28))
2025-08-18T09:07:02.3844452Z   Using cached mirakuru-2.6.1-py3-none-any.whl.metadata (10 kB)
2025-08-18T09:07:02.4679307Z Collecting charset_normalizer<4,>=2 (from requests==2.32.4->-r requirements-dev.txt (line 32))
2025-08-18T09:07:02.4693678Z   Using cached charset_normalizer-3.4.3-cp311-cp311-manylinux2014_x86_64.manylinux_2_17_x86_64.manylinux_2_28_x86_64.whl.metadata (36 kB)
2025-08-18T09:07:02.4896535Z Collecting idna<4,>=2.5 (from requests==2.32.4->-r requirements-dev.txt (line 32))
2025-08-18T09:07:02.4909745Z   Using cached idna-3.10-py3-none-any.whl.metadata (10 kB)
2025-08-18T09:07:02.5217889Z Collecting urllib3<3,>=1.21.1 (from requests==2.32.4->-r requirements-dev.txt (line 32))
2025-08-18T09:07:02.5230669Z   Using cached urllib3-2.5.0-py3-none-any.whl.metadata (6.5 kB)
2025-08-18T09:07:02.5474694Z Collecting certifi>=2017.4.17 (from requests==2.32.4->-r requirements-dev.txt (line 32))
2025-08-18T09:07:02.5487751Z   Using cached certifi-2025.8.3-py3-none-any.whl.metadata (2.4 kB)
2025-08-18T09:07:02.6789940Z Collecting greenlet!=0.4.17 (from sqlalchemy==2.0.29->-r requirements-dev.txt (line 35))
2025-08-18T09:07:02.6805477Z   Using cached greenlet-3.2.4-cp311-cp311-manylinux_2_24_x86_64.manylinux_2_28_x86_64.whl.metadata (4.1 kB)
2025-08-18T09:07:02.7061539Z Collecting docker (from testcontainers==4.10.0->testcontainers[postgres]==4.10.0->-r requirements-dev.txt (line 36))
2025-08-18T09:07:02.7074315Z   Using cached docker-7.1.0-py3-none-any.whl.metadata (3.8 kB)
2025-08-18T09:07:02.8029572Z Collecting wrapt (from testcontainers==4.10.0->testcontainers[postgres]==4.10.0->-r requirements-dev.txt (line 36))
2025-08-18T09:07:02.8043594Z   Using cached wrapt-1.17.3-cp311-cp311-manylinux1_x86_64.manylinux_2_28_x86_64.manylinux_2_5_x86_64.whl.metadata (6.4 kB)
2025-08-18T09:07:02.8342168Z Collecting docspec==2.2.1 (from docspec-python==2.2.2->-r requirements-dev.txt (line 38))
2025-08-18T09:07:02.8355346Z   Using cached docspec-2.2.1-py3-none-any.whl.metadata (1.5 kB)
2025-08-18T09:07:02.8550321Z Collecting nr-util>=0.8.12 (from docspec-python==2.2.2->-r requirements-dev.txt (line 38))
2025-08-18T09:07:02.8563200Z   Using cached nr.util-0.8.12-py3-none-any.whl.metadata (813 bytes)
2025-08-18T09:07:02.8938564Z Collecting PyYAML<7.0,>=5.0 (from pydoc-markdown==4.8.2->-r requirements-dev.txt (line 39))
2025-08-18T09:07:02.8952215Z   Using cached PyYAML-6.0.2-cp311-cp311-manylinux_2_17_x86_64.manylinux2014_x86_64.whl.metadata (2.1 kB)
2025-08-18T09:07:02.9268719Z Collecting databind.core<5.0.0,>=4.4.0 (from pydoc-markdown==4.8.2->-r requirements-dev.txt (line 39))
2025-08-18T09:07:02.9281509Z   Using cached databind.core-4.5.2-py3-none-any.whl.metadata (1.1 kB)
2025-08-18T09:07:02.9540782Z Collecting databind.json<5.0.0,>=4.4.0 (from pydoc-markdown==4.8.2->-r requirements-dev.txt (line 39))
2025-08-18T09:07:02.9554131Z   Using cached databind.json-4.5.2-py3-none-any.whl.metadata (1.1 kB)
2025-08-18T09:07:02.9749546Z Collecting docstring-parser<0.12,>=0.11 (from pydoc-markdown==4.8.2->-r requirements-dev.txt (line 39))
2025-08-18T09:07:02.9750653Z   Using cached docstring_parser-0.11-py3-none-any.whl
2025-08-18T09:07:03.0139503Z Collecting tomli<3.0.0,>=2.0.0 (from pydoc-markdown==4.8.2->-r requirements-dev.txt (line 39))
2025-08-18T09:07:03.0152710Z   Using cached tomli-2.2.1-cp311-cp311-manylinux_2_17_x86_64.manylinux2014_x86_64.whl.metadata (11 kB)
2025-08-18T09:07:03.0333889Z Collecting tomli_w<2.0.0,>=1.0.0 (from pydoc-markdown==4.8.2->-r requirements-dev.txt (line 39))
2025-08-18T09:07:03.0346605Z   Using cached tomli_w-1.2.0-py3-none-any.whl.metadata (5.7 kB)
2025-08-18T09:07:03.0838331Z Collecting watchdog (from pydoc-markdown==4.8.2->-r requirements-dev.txt (line 39))
2025-08-18T09:07:03.0851352Z   Using cached watchdog-6.0.0-py3-none-manylinux2014_x86_64.whl.metadata (44 kB)
2025-08-18T09:07:03.1096895Z Collecting yapf>=0.30.0 (from pydoc-markdown==4.8.2->-r requirements-dev.txt (line 39))
2025-08-18T09:07:03.1109618Z   Using cached yapf-0.43.0-py3-none-any.whl.metadata (46 kB)
2025-08-18T09:07:03.1340160Z Collecting Deprecated<2.0.0,>=1.2.12 (from docspec==2.2.1->docspec-python==2.2.2->-r requirements-dev.txt (line 38))
2025-08-18T09:07:03.1353026Z   Using cached Deprecated-1.2.18-py2.py3-none-any.whl.metadata (5.7 kB)
2025-08-18T09:07:03.2883224Z Collecting psycopg-binary==3.2.9 (from psycopg[binary]==3.2.9->-r requirements-dev.txt (line 23))
2025-08-18T09:07:03.2897387Z   Using cached psycopg_binary-3.2.9-cp311-cp311-manylinux_2_17_x86_64.manylinux2014_x86_64.whl.metadata (2.9 kB)
2025-08-18T09:07:03.3209983Z Collecting PyJWT>=2.9.0 (from redis==5.*->-r requirements-dev.txt (line 9))
2025-08-18T09:07:03.3223309Z   Using cached PyJWT-2.10.1-py3-none-any.whl.metadata (4.0 kB)
2025-08-18T09:07:03.3487966Z Collecting argon2-cffi (from minio==7.*->-r requirements-dev.txt (line 10))
2025-08-18T09:07:03.3500564Z   Using cached argon2_cffi-25.1.0-py3-none-any.whl.metadata (4.1 kB)
2025-08-18T09:07:03.4308955Z Collecting pycryptodome (from minio==7.*->-r requirements-dev.txt (line 10))
2025-08-18T09:07:03.4323688Z   Using cached pycryptodome-3.23.0-cp37-abi3-manylinux_2_17_x86_64.manylinux2014_x86_64.whl.metadata (3.4 kB)
2025-08-18T09:07:03.4562532Z Collecting anyio (from httpx<0.29,>=0.27->-r requirements-dev.txt (line 14))
2025-08-18T09:07:03.4575523Z   Using cached anyio-4.10.0-py3-none-any.whl.metadata (4.0 kB)
2025-08-18T09:07:03.5732273Z Collecting httpcore==1.* (from httpx<0.29,>=0.27->-r requirements-dev.txt (line 14))
2025-08-18T09:07:03.5747824Z   Using cached httpcore-1.0.9-py3-none-any.whl.metadata (21 kB)
2025-08-18T09:07:03.6144712Z Collecting multimethod<=1.10.0 (from pandera==0.19.*->-r requirements-dev.txt (line 40))
2025-08-18T09:07:03.6158120Z   Using cached multimethod-1.10-py3-none-any.whl.metadata (8.2 kB)
2025-08-18T09:07:03.6565704Z Collecting typeguard (from pandera==0.19.*->-r requirements-dev.txt (line 40))
2025-08-18T09:07:03.6578841Z   Using cached typeguard-4.4.4-py3-none-any.whl.metadata (3.3 kB)
2025-08-18T09:07:03.6735709Z Collecting typing-inspect>=0.6.0 (from pandera==0.19.*->-r requirements-dev.txt (line 40))
2025-08-18T09:07:03.6749001Z   Using cached typing_inspect-0.9.0-py3-none-any.whl.metadata (1.5 kB)
2025-08-18T09:07:03.7051544Z Collecting databind<5.0.0,>=4.5.2 (from databind.core<5.0.0,>=4.4.0->pydoc-markdown==4.8.2->-r requirements-dev.txt (line 39))
2025-08-18T09:07:03.7064552Z   Using cached databind-4.5.2-py3-none-any.whl.metadata (4.3 kB)
2025-08-18T09:07:03.7223072Z Collecting nr-date<3.0.0,>=2.0.0 (from databind<5.0.0,>=4.5.2->databind.core<5.0.0,>=4.4.0->pydoc-markdown==4.8.2->-r requirements-dev.txt (line 39))
2025-08-18T09:07:03.7236874Z   Using cached nr_date-2.1.0-py3-none-any.whl.metadata (746 bytes)
2025-08-18T09:07:03.7396761Z Collecting nr-stream<2.0.0,>=1.0.0 (from databind<5.0.0,>=4.5.2->databind.core<5.0.0,>=4.4.0->pydoc-markdown==4.8.2->-r requirements-dev.txt (line 39))
2025-08-18T09:07:03.7409872Z   Using cached nr_stream-1.1.5-py3-none-any.whl.metadata (3.6 kB)
2025-08-18T09:07:03.7609423Z Collecting typeapi<3,>=2.0.1 (from databind<5.0.0,>=4.5.2->databind.core<5.0.0,>=4.4.0->pydoc-markdown==4.8.2->-r requirements-dev.txt (line 39))
2025-08-18T09:07:03.7622599Z   Using cached typeapi-2.2.4-py3-none-any.whl.metadata (1.5 kB)
2025-08-18T09:07:03.7935360Z Collecting h11>=0.16 (from httpcore==1.*->httpx<0.29,>=0.27->-r requirements-dev.txt (line 14))
2025-08-18T09:07:03.7949692Z   Using cached h11-0.16.0-py3-none-any.whl.metadata (8.3 kB)
2025-08-18T09:07:03.8209221Z Collecting amqp<6.0.0,>=5.1.1 (from kombu<6.0,>=5.3.4->celery==5.4.0->-r requirements-dev.txt (line 11))
2025-08-18T09:07:03.8222390Z   Using cached amqp-5.3.1-py3-none-any.whl.metadata (8.9 kB)
2025-08-18T09:07:03.8640945Z Collecting iniconfig>=1 (from pytest<9,>=7.0.0->pytest-asyncio==0.23.6->-r requirements-dev.txt (line 26))
2025-08-18T09:07:03.8653804Z   Using cached iniconfig-2.1.0-py3-none-any.whl.metadata (2.7 kB)
2025-08-18T09:07:03.8904594Z Collecting pygments>=2.7.2 (from pytest<9,>=7.0.0->pytest-asyncio==0.23.6->-r requirements-dev.txt (line 26))
2025-08-18T09:07:03.8917388Z   Using cached pygments-2.19.2-py3-none-any.whl.metadata (2.5 kB)
2025-08-18T09:07:03.9303157Z Collecting sniffio>=1.1 (from anyio->httpx<0.29,>=0.27->-r requirements-dev.txt (line 14))
2025-08-18T09:07:03.9316866Z   Using cached sniffio-1.3.1-py3-none-any.whl.metadata (3.9 kB)
2025-08-18T09:07:04.2503428Z Collecting botocore<1.41.0,>=1.40.11 (from boto3->-r requirements-dev.txt (line 8))
2025-08-18T09:07:04.2518869Z   Using cached botocore-1.40.11-py3-none-any.whl.metadata (5.7 kB)
2025-08-18T09:07:04.2697230Z Collecting jmespath<2.0.0,>=0.7.1 (from boto3->-r requirements-dev.txt (line 8))
2025-08-18T09:07:04.2711288Z   Using cached jmespath-1.0.1-py3-none-any.whl.metadata (7.6 kB)
2025-08-18T09:07:04.2914899Z Collecting s3transfer<0.14.0,>=0.13.0 (from boto3->-r requirements-dev.txt (line 8))
2025-08-18T09:07:04.2929096Z   Using cached s3transfer-0.13.1-py3-none-any.whl.metadata (1.7 kB)
2025-08-18T09:07:04.4322505Z Collecting fastapi-cli>=0.0.8 (from fastapi-cli[standard]>=0.0.8; extra == "all"->fastapi[all]->-r requirements-dev.txt (line 13))
2025-08-18T09:07:04.4336673Z   Using cached fastapi_cli-0.0.8-py3-none-any.whl.metadata (6.3 kB)
2025-08-18T09:07:04.5079952Z Collecting ujson!=4.0.2,!=4.1.0,!=4.2.0,!=4.3.0,!=5.0.0,!=5.1.0,>=4.0.1 (from fastapi[all]->-r requirements-dev.txt (line 13))
2025-08-18T09:07:04.5094289Z   Using cached ujson-5.10.0-cp311-cp311-manylinux_2_17_x86_64.manylinux2014_x86_64.whl.metadata (9.3 kB)
2025-08-18T09:07:04.7399845Z Collecting orjson>=3.2.1 (from fastapi[all]->-r requirements-dev.txt (line 13))
2025-08-18T09:07:04.7415458Z   Using cached orjson-3.11.2-cp311-cp311-manylinux_2_17_x86_64.manylinux2014_x86_64.whl.metadata (1.2 kB)
2025-08-18T09:07:04.7591344Z Collecting email-validator>=2.0.0 (from fastapi[all]->-r requirements-dev.txt (line 13))
2025-08-18T09:07:04.7604919Z   Using cached email_validator-2.2.0-py3-none-any.whl.metadata (25 kB)
2025-08-18T09:07:04.7922574Z Collecting uvicorn>=0.12.0 (from uvicorn[standard]>=0.12.0; extra == "all"->fastapi[all]->-r requirements-dev.txt (line 13))
2025-08-18T09:07:04.7936732Z   Using cached uvicorn-0.35.0-py3-none-any.whl.metadata (6.5 kB)
2025-08-18T09:07:04.8154545Z Collecting pydantic-settings>=2.0.0 (from fastapi[all]->-r requirements-dev.txt (line 13))
2025-08-18T09:07:04.8168348Z   Using cached pydantic_settings-2.10.1-py3-none-any.whl.metadata (3.4 kB)
2025-08-18T09:07:04.8346769Z Collecting pydantic-extra-types>=2.0.0 (from fastapi[all]->-r requirements-dev.txt (line 13))
2025-08-18T09:07:04.8361511Z   Using cached pydantic_extra_types-2.10.5-py3-none-any.whl.metadata (3.9 kB)
2025-08-18T09:07:04.9100045Z Collecting prompt-toolkit>=3.0.36 (from click-repl>=0.2.0->celery==5.4.0->-r requirements-dev.txt (line 11))
2025-08-18T09:07:04.9113940Z   Using cached prompt_toolkit-3.0.51-py3-none-any.whl.metadata (6.4 kB)
2025-08-18T09:07:04.9350946Z Collecting dnspython>=2.0.0 (from email-validator>=2.0.0->fastapi[all]->-r requirements-dev.txt (line 13))
2025-08-18T09:07:04.9364855Z   Using cached dnspython-2.7.0-py3-none-any.whl.metadata (5.8 kB)
2025-08-18T09:07:04.9676079Z Collecting typer>=0.15.1 (from fastapi-cli>=0.0.8->fastapi-cli[standard]>=0.0.8; extra == "all"->fastapi[all]->-r requirements-dev.txt (line 13))
2025-08-18T09:07:04.9689680Z   Using cached typer-0.16.0-py3-none-any.whl.metadata (15 kB)
2025-08-18T09:07:04.9987985Z Collecting rich-toolkit>=0.14.8 (from fastapi-cli>=0.0.8->fastapi-cli[standard]>=0.0.8; extra == "all"->fastapi[all]->-r requirements-dev.txt (line 13))
2025-08-18T09:07:05.0001157Z   Using cached rich_toolkit-0.15.0-py3-none-any.whl.metadata (1.0 kB)
2025-08-18T09:07:05.0229799Z Collecting fastapi-cloud-cli>=0.1.1 (from fastapi-cli[standard]>=0.0.8; extra == "all"->fastapi[all]->-r requirements-dev.txt (line 13))
2025-08-18T09:07:05.0243257Z   Using cached fastapi_cloud_cli-0.1.5-py3-none-any.whl.metadata (3.2 kB)
2025-08-18T09:07:05.0989565Z Collecting rignore>=0.5.1 (from fastapi-cloud-cli>=0.1.1->fastapi-cli[standard]>=0.0.8; extra == "all"->fastapi[all]->-r requirements-dev.txt (line 13))
2025-08-18T09:07:05.1004236Z   Using cached rignore-0.6.4-cp311-cp311-manylinux_2_17_x86_64.manylinux2014_x86_64.whl.metadata (3.8 kB)
2025-08-18T09:07:05.3076465Z Collecting sentry-sdk>=2.20.0 (from fastapi-cloud-cli>=0.1.1->fastapi-cli[standard]>=0.0.8; extra == "all"->fastapi[all]->-r requirements-dev.txt (line 13))
2025-08-18T09:07:05.3092611Z   Using cached sentry_sdk-2.35.0-py2.py3-none-any.whl.metadata (10 kB)
2025-08-18T09:07:05.4028551Z Collecting psutil>=4.0.0 (from mirakuru>=2.6.0->pytest-postgresql==7.0.2->-r requirements-dev.txt (line 28))
2025-08-18T09:07:05.4043850Z   Using cached psutil-7.0.0-cp36-abi3-manylinux_2_12_x86_64.manylinux2010_x86_64.manylinux_2_17_x86_64.manylinux2014_x86_64.whl.metadata (22 kB)
2025-08-18T09:07:05.4388609Z Collecting wcwidth (from prompt-toolkit>=3.0.36->click-repl>=0.2.0->celery==5.4.0->-r requirements-dev.txt (line 11))
2025-08-18T09:07:05.4401948Z   Using cached wcwidth-0.2.13-py2.py3-none-any.whl.metadata (14 kB)
2025-08-18T09:07:05.5849036Z Collecting rich>=13.7.1 (from rich-toolkit>=0.14.8->fastapi-cli>=0.0.8->fastapi-cli[standard]>=0.0.8; extra == "all"->fastapi[all]->-r requirements-dev.txt (line 13))
2025-08-18T09:07:05.5862094Z   Using cached rich-14.1.0-py3-none-any.whl.metadata (18 kB)
2025-08-18T09:07:05.6099828Z Collecting markdown-it-py>=2.2.0 (from rich>=13.7.1->rich-toolkit>=0.14.8->fastapi-cli>=0.0.8->fastapi-cli[standard]>=0.0.8; extra == "all"->fastapi[all]->-r requirements-dev.txt (line 13))
2025-08-18T09:07:05.6112146Z   Using cached markdown_it_py-4.0.0-py3-none-any.whl.metadata (7.3 kB)
2025-08-18T09:07:05.6358852Z Collecting mdurl~=0.1 (from markdown-it-py>=2.2.0->rich>=13.7.1->rich-toolkit>=0.14.8->fastapi-cli>=0.0.8->fastapi-cli[standard]>=0.0.8; extra == "all"->fastapi[all]->-r requirements-dev.txt (line 13))
2025-08-18T09:07:05.6371434Z   Using cached mdurl-0.1.2-py3-none-any.whl.metadata (1.6 kB)
2025-08-18T09:07:05.6921769Z Collecting shellingham>=1.3.0 (from typer>=0.15.1->fastapi-cli>=0.0.8->fastapi-cli[standard]>=0.0.8; extra == "all"->fastapi[all]->-r requirements-dev.txt (line 13))
2025-08-18T09:07:05.6934434Z   Using cached shellingham-1.5.4-py2.py3-none-any.whl.metadata (3.5 kB)
2025-08-18T09:07:05.7760954Z Collecting httptools>=0.6.3 (from uvicorn[standard]>=0.12.0; extra == "all"->fastapi[all]->-r requirements-dev.txt (line 13))
2025-08-18T09:07:05.7774672Z   Using cached httptools-0.6.4-cp311-cp311-manylinux_2_5_x86_64.manylinux1_x86_64.manylinux_2_17_x86_64.manylinux2014_x86_64.whl.metadata (3.6 kB)
2025-08-18T09:07:05.8238002Z Collecting uvloop>=0.15.1 (from uvicorn[standard]>=0.12.0; extra == "all"->fastapi[all]->-r requirements-dev.txt (line 13))
2025-08-18T09:07:05.8251761Z   Using cached uvloop-0.21.0-cp311-cp311-manylinux_2_17_x86_64.manylinux2014_x86_64.whl.metadata (4.9 kB)
2025-08-18T09:07:05.8983761Z Collecting watchfiles>=0.13 (from uvicorn[standard]>=0.12.0; extra == "all"->fastapi[all]->-r requirements-dev.txt (line 13))
2025-08-18T09:07:05.8998100Z   Using cached watchfiles-1.1.0-cp311-cp311-manylinux_2_17_x86_64.manylinux2014_x86_64.whl.metadata (4.9 kB)
2025-08-18T09:07:05.9877235Z Collecting websockets>=10.4 (from uvicorn[standard]>=0.12.0; extra == "all"->fastapi[all]->-r requirements-dev.txt (line 13))
2025-08-18T09:07:05.9890998Z   Using cached websockets-15.0.1-cp311-cp311-manylinux_2_5_x86_64.manylinux1_x86_64.manylinux_2_17_x86_64.manylinux2014_x86_64.whl.metadata (6.8 kB)
2025-08-18T09:07:06.0368319Z Collecting argon2-cffi-bindings (from argon2-cffi->minio==7.*->-r requirements-dev.txt (line 10))
2025-08-18T09:07:06.0381725Z   Using cached argon2_cffi_bindings-25.1.0-cp39-abi3-manylinux_2_26_x86_64.manylinux_2_28_x86_64.whl.metadata (7.4 kB)
2025-08-18T09:07:06.1406034Z Collecting cffi>=1.0.1 (from argon2-cffi-bindings->argon2-cffi->minio==7.*->-r requirements-dev.txt (line 10))
2025-08-18T09:07:06.1420119Z   Using cached cffi-1.17.1-cp311-cp311-manylinux_2_17_x86_64.manylinux2014_x86_64.whl.metadata (1.5 kB)
2025-08-18T09:07:06.1592641Z Collecting pycparser (from cffi>=1.0.1->argon2-cffi-bindings->argon2-cffi->minio==7.*->-r requirements-dev.txt (line 10))
2025-08-18T09:07:06.1606579Z   Using cached pycparser-2.22-py3-none-any.whl.metadata (943 bytes)
2025-08-18T09:07:06.2140893Z Using cached jinja2-3.1.6-py3-none-any.whl (134 kB)
2025-08-18T09:07:06.2155194Z Using cached alembic-1.13.1-py3-none-any.whl (233 kB)
2025-08-18T09:07:06.2169883Z Using cached APScheduler-3.10.4-py3-none-any.whl (59 kB)
2025-08-18T09:07:06.2274054Z Downloading asgi_correlation_id-4.3.4-py3-none-any.whl (15 kB)
2025-08-18T09:07:06.2318140Z Using cached asyncpg-0.30.0-cp311-cp311-manylinux_2_17_x86_64.manylinux2014_x86_64.whl (3.1 MB)
2025-08-18T09:07:06.2353920Z Using cached black-25.1.0-cp311-cp311-manylinux_2_17_x86_64.manylinux2014_x86_64.manylinux_2_28_x86_64.whl (1.7 MB)
2025-08-18T09:07:06.2379903Z Using cached celery-5.4.0-py3-none-any.whl (425 kB)
2025-08-18T09:07:06.2395709Z Using cached fastapi-0.116.1-py3-none-any.whl (95 kB)
2025-08-18T09:07:06.2409447Z Using cached pydantic-2.11.7-py3-none-any.whl (444 kB)
2025-08-18T09:07:06.2425749Z Using cached IMAPClient-3.0.1-py2.py3-none-any.whl (182 kB)
2025-08-18T09:07:06.2439879Z Using cached mypy_extensions-1.1.0-py3-none-any.whl (5.0 kB)
2025-08-18T09:07:06.2452984Z Using cached openpyxl-3.1.5-py2.py3-none-any.whl (250 kB)
2025-08-18T09:07:06.2468029Z Using cached psycopg2_binary-2.9.9-cp311-cp311-manylinux_2_17_x86_64.manylinux2014_x86_64.whl (3.0 MB)
2025-08-18T09:07:06.2503243Z Using cached psycopg-3.2.9-py3-none-any.whl (202 kB)
2025-08-18T09:07:06.2517394Z Using cached pytest_asyncio-0.23.6-py3-none-any.whl (17 kB)
2025-08-18T09:07:06.2530564Z Using cached pytest_cov-6.2.1-py3-none-any.whl (24 kB)
2025-08-18T09:07:06.2543505Z Using cached pytest_postgresql-7.0.2-py3-none-any.whl (41 kB)
2025-08-18T09:07:06.2556745Z Using cached python_telegram_bot-22.2-py3-none-any.whl (708 kB)
2025-08-18T09:07:06.2574838Z Using cached requests-2.32.4-py3-none-any.whl (64 kB)
2025-08-18T09:07:06.2587997Z Using cached respx-0.22.0-py2.py3-none-any.whl (25 kB)
2025-08-18T09:07:06.2601357Z Using cached ruff-0.4.4-py3-none-manylinux_2_17_x86_64.manylinux2014_x86_64.whl (8.7 MB)
2025-08-18T09:07:06.2675790Z Using cached SQLAlchemy-2.0.29-cp311-cp311-manylinux_2_17_x86_64.manylinux2014_x86_64.whl (3.2 MB)
2025-08-18T09:07:06.2712119Z Using cached testcontainers-4.10.0-py3-none-any.whl (107 kB)
2025-08-18T09:07:06.2726425Z Using cached types_requests-2.32.0.20240602-py3-none-any.whl (15 kB)
2025-08-18T09:07:06.2740097Z Using cached docspec_python-2.2.2-py3-none-any.whl (15 kB)
2025-08-18T09:07:06.2753435Z Using cached pydoc_markdown-4.8.2-py3-none-any.whl (67 kB)
2025-08-18T09:07:06.2766961Z Using cached docspec-2.2.1-py3-none-any.whl (9.8 kB)
2025-08-18T09:07:06.2781012Z Using cached psycopg_binary-3.2.9-cp311-cp311-manylinux_2_17_x86_64.manylinux2014_x86_64.whl (4.5 MB)
2025-08-18T09:07:06.2825999Z Using cached pydantic_core-2.33.2-cp311-cp311-manylinux_2_17_x86_64.manylinux2014_x86_64.whl (2.0 MB)
2025-08-18T09:07:06.2853300Z Using cached redis-5.3.1-py3-none-any.whl (272 kB)
2025-08-18T09:07:06.2868335Z Using cached minio-7.2.16-py3-none-any.whl (95 kB)
2025-08-18T09:07:06.2882566Z Using cached httpx-0.28.1-py3-none-any.whl (73 kB)
2025-08-18T09:07:06.2896781Z Using cached mypy-1.17.1-cp311-cp311-manylinux2014_x86_64.manylinux_2_17_x86_64.manylinux_2_28_x86_64.whl (12.6 MB)
2025-08-18T09:07:06.2998666Z Using cached numpy-1.26.4-cp311-cp311-manylinux_2_17_x86_64.manylinux2014_x86_64.whl (18.3 MB)
2025-08-18T09:07:06.3140775Z Using cached pandas-2.2.3-cp311-cp311-manylinux_2_17_x86_64.manylinux2014_x86_64.whl (13.1 MB)
2025-08-18T09:07:06.3246752Z Using cached pandera-0.19.3-py3-none-any.whl (251 kB)
2025-08-18T09:07:06.3261823Z Using cached billiard-4.2.1-py3-none-any.whl (86 kB)
2025-08-18T09:07:06.3276328Z Using cached charset_normalizer-3.4.3-cp311-cp311-manylinux2014_x86_64.manylinux_2_17_x86_64.manylinux_2_28_x86_64.whl (150 kB)
2025-08-18T09:07:06.3290688Z Using cached click-8.2.1-py3-none-any.whl (102 kB)
2025-08-18T09:07:06.3304923Z Using cached databind.core-4.5.2-py3-none-any.whl (1.5 kB)
2025-08-18T09:07:06.3318230Z Using cached databind-4.5.2-py3-none-any.whl (49 kB)
2025-08-18T09:07:06.3332133Z Using cached databind.json-4.5.2-py3-none-any.whl (1.5 kB)
2025-08-18T09:07:06.3345618Z Using cached Deprecated-1.2.18-py2.py3-none-any.whl (10.0 kB)
2025-08-18T09:07:06.3359055Z Using cached httpcore-1.0.9-py3-none-any.whl (78 kB)
2025-08-18T09:07:06.3372850Z Using cached idna-3.10-py3-none-any.whl (70 kB)
2025-08-18T09:07:06.3386993Z Using cached kombu-5.5.4-py3-none-any.whl (210 kB)
2025-08-18T09:07:06.3401991Z Using cached vine-5.1.0-py3-none-any.whl (9.6 kB)
2025-08-18T09:07:06.3415453Z Using cached amqp-5.3.1-py3-none-any.whl (50 kB)
2025-08-18T09:07:06.3429291Z Using cached multimethod-1.10-py3-none-any.whl (9.9 kB)
2025-08-18T09:07:06.3442538Z Using cached nr_date-2.1.0-py3-none-any.whl (10 kB)
2025-08-18T09:07:06.3455932Z Using cached nr_stream-1.1.5-py3-none-any.whl (10 kB)
2025-08-18T09:07:06.3469420Z Using cached nr.util-0.8.12-py3-none-any.whl (90 kB)
2025-08-18T09:07:06.3483460Z Using cached pytest-8.4.1-py3-none-any.whl (365 kB)
2025-08-18T09:07:06.3499937Z Using cached pluggy-1.6.0-py3-none-any.whl (20 kB)
2025-08-18T09:07:06.3513796Z Using cached PyYAML-6.0.2-cp311-cp311-manylinux_2_17_x86_64.manylinux2014_x86_64.whl (762 kB)
2025-08-18T09:07:06.3533266Z Using cached starlette-0.47.2-py3-none-any.whl (72 kB)
2025-08-18T09:07:06.3547275Z Using cached anyio-4.10.0-py3-none-any.whl (107 kB)
2025-08-18T09:07:06.3562151Z Using cached tomli-2.2.1-cp311-cp311-manylinux_2_17_x86_64.manylinux2014_x86_64.whl (236 kB)
2025-08-18T09:07:06.3576955Z Using cached tomli_w-1.2.0-py3-none-any.whl (6.7 kB)
2025-08-18T09:07:06.3590508Z Using cached typeapi-2.2.4-py3-none-any.whl (26 kB)
2025-08-18T09:07:06.3603958Z Using cached typing_extensions-4.14.1-py3-none-any.whl (43 kB)
2025-08-18T09:07:06.3617710Z Using cached urllib3-2.5.0-py3-none-any.whl (129 kB)
2025-08-18T09:07:06.3632568Z Using cached wrapt-1.17.3-cp311-cp311-manylinux1_x86_64.manylinux_2_28_x86_64.manylinux_2_5_x86_64.whl (82 kB)
2025-08-18T09:07:06.3646204Z Using cached boto3-1.40.11-py3-none-any.whl (140 kB)
2025-08-18T09:07:06.3660753Z Using cached botocore-1.40.11-py3-none-any.whl (14.0 MB)
2025-08-18T09:07:06.3771920Z Using cached jmespath-1.0.1-py3-none-any.whl (20 kB)
2025-08-18T09:07:06.3785620Z Using cached python_dateutil-2.9.0.post0-py2.py3-none-any.whl (229 kB)
2025-08-18T09:07:06.3800534Z Using cached s3transfer-0.13.1-py3-none-any.whl (85 kB)
2025-08-18T09:07:06.3814506Z Using cached itsdangerous-2.2.0-py3-none-any.whl (16 kB)
2025-08-18T09:07:06.3828195Z Using cached python_dotenv-1.1.1-py3-none-any.whl (20 kB)
2025-08-18T09:07:06.3841707Z Using cached python_multipart-0.0.20-py3-none-any.whl (24 kB)
2025-08-18T09:07:06.3855421Z Using cached annotated_types-0.7.0-py3-none-any.whl (13 kB)
2025-08-18T09:07:06.3868927Z Using cached certifi-2025.8.3-py3-none-any.whl (161 kB)
2025-08-18T09:07:06.3883579Z Using cached click_didyoumean-0.3.1-py3-none-any.whl (3.6 kB)
2025-08-18T09:07:06.3896865Z Using cached click_plugins-1.1.1.2-py2.py3-none-any.whl (11 kB)
2025-08-18T09:07:06.3910318Z Using cached click_repl-0.3.0-py3-none-any.whl (10 kB)
2025-08-18T09:07:06.3924105Z Using cached coverage-7.10.4-cp311-cp311-manylinux1_x86_64.manylinux_2_28_x86_64.manylinux_2_5_x86_64.whl (249 kB)
2025-08-18T09:07:06.3939665Z Using cached email_validator-2.2.0-py3-none-any.whl (33 kB)
2025-08-18T09:07:06.3954254Z Using cached dnspython-2.7.0-py3-none-any.whl (313 kB)
2025-08-18T09:07:06.3969817Z Using cached fastapi_cli-0.0.8-py3-none-any.whl (10 kB)
2025-08-18T09:07:06.3983222Z Using cached fastapi_cloud_cli-0.1.5-py3-none-any.whl (18 kB)
2025-08-18T09:07:06.3996998Z Using cached greenlet-3.2.4-cp311-cp311-manylinux_2_24_x86_64.manylinux_2_28_x86_64.whl (587 kB)
2025-08-18T09:07:06.4015042Z Using cached h11-0.16.0-py3-none-any.whl (37 kB)
2025-08-18T09:07:06.4029107Z Using cached iniconfig-2.1.0-py3-none-any.whl (6.0 kB)
2025-08-18T09:07:06.4043755Z Using cached MarkupSafe-3.0.2-cp311-cp311-manylinux_2_17_x86_64.manylinux2014_x86_64.whl (23 kB)
2025-08-18T09:07:06.4057068Z Using cached mirakuru-2.6.1-py3-none-any.whl (26 kB)
2025-08-18T09:07:06.4071168Z Using cached orjson-3.11.2-cp311-cp311-manylinux_2_17_x86_64.manylinux2014_x86_64.whl (121 kB)
2025-08-18T09:07:06.4085091Z Using cached packaging-25.0-py3-none-any.whl (66 kB)
2025-08-18T09:07:06.4098932Z Using cached pathspec-0.12.1-py3-none-any.whl (31 kB)
2025-08-18T09:07:06.4112453Z Using cached platformdirs-4.3.8-py3-none-any.whl (18 kB)
2025-08-18T09:07:06.4125942Z Using cached port_for-0.7.4-py3-none-any.whl (21 kB)
2025-08-18T09:07:06.4139577Z Using cached prompt_toolkit-3.0.51-py3-none-any.whl (387 kB)
2025-08-18T09:07:06.4156138Z Using cached psutil-7.0.0-cp36-abi3-manylinux_2_12_x86_64.manylinux2010_x86_64.manylinux_2_17_x86_64.manylinux2014_x86_64.whl (277 kB)
2025-08-18T09:07:06.4171739Z Using cached pydantic_extra_types-2.10.5-py3-none-any.whl (38 kB)
2025-08-18T09:07:06.4185665Z Using cached pydantic_settings-2.10.1-py3-none-any.whl (45 kB)
2025-08-18T09:07:06.4199545Z Using cached pygments-2.19.2-py3-none-any.whl (1.2 MB)
2025-08-18T09:07:06.4221578Z Using cached PyJWT-2.10.1-py3-none-any.whl (22 kB)
2025-08-18T09:07:06.4235022Z Using cached pytz-2025.2-py2.py3-none-any.whl (509 kB)
2025-08-18T09:07:06.4251889Z Using cached rich_toolkit-0.15.0-py3-none-any.whl (29 kB)
2025-08-18T09:07:06.4265392Z Using cached rich-14.1.0-py3-none-any.whl (243 kB)
2025-08-18T09:07:06.4280628Z Using cached markdown_it_py-4.0.0-py3-none-any.whl (87 kB)
2025-08-18T09:07:06.4294606Z Using cached mdurl-0.1.2-py3-none-any.whl (10.0 kB)
2025-08-18T09:07:06.4308657Z Using cached rignore-0.6.4-cp311-cp311-manylinux_2_17_x86_64.manylinux2014_x86_64.whl (950 kB)
2025-08-18T09:07:06.4329164Z Using cached sentry_sdk-2.35.0-py2.py3-none-any.whl (363 kB)
2025-08-18T09:07:06.4345114Z Using cached six-1.17.0-py2.py3-none-any.whl (11 kB)
2025-08-18T09:07:06.4358803Z Using cached sniffio-1.3.1-py3-none-any.whl (10 kB)
2025-08-18T09:07:06.4372810Z Using cached typer-0.16.0-py3-none-any.whl (46 kB)
2025-08-18T09:07:06.4386485Z Using cached shellingham-1.5.4-py2.py3-none-any.whl (9.8 kB)
2025-08-18T09:07:06.4400238Z Using cached typing_inspect-0.9.0-py3-none-any.whl (8.8 kB)
2025-08-18T09:07:06.4413765Z Using cached typing_inspection-0.4.1-py3-none-any.whl (14 kB)
2025-08-18T09:07:06.4427434Z Using cached tzdata-2025.2-py2.py3-none-any.whl (347 kB)
2025-08-18T09:07:06.4443704Z Using cached tzlocal-5.3.1-py3-none-any.whl (18 kB)
2025-08-18T09:07:06.4457691Z Using cached ujson-5.10.0-cp311-cp311-manylinux_2_17_x86_64.manylinux2014_x86_64.whl (53 kB)
2025-08-18T09:07:06.4471315Z Using cached uvicorn-0.35.0-py3-none-any.whl (66 kB)
2025-08-18T09:07:06.4485988Z Using cached httptools-0.6.4-cp311-cp311-manylinux_2_5_x86_64.manylinux1_x86_64.manylinux_2_17_x86_64.manylinux2014_x86_64.whl (459 kB)
2025-08-18T09:07:06.4502844Z Using cached uvloop-0.21.0-cp311-cp311-manylinux_2_17_x86_64.manylinux2014_x86_64.whl (4.0 MB)
2025-08-18T09:07:06.4545211Z Using cached watchfiles-1.1.0-cp311-cp311-manylinux_2_17_x86_64.manylinux2014_x86_64.whl (453 kB)
2025-08-18T09:07:06.4562341Z Using cached websockets-15.0.1-cp311-cp311-manylinux_2_5_x86_64.manylinux1_x86_64.manylinux_2_17_x86_64.manylinux2014_x86_64.whl (182 kB)
2025-08-18T09:07:06.4576568Z Using cached yapf-0.43.0-py3-none-any.whl (256 kB)
2025-08-18T09:07:06.4592082Z Using cached argon2_cffi-25.1.0-py3-none-any.whl (14 kB)
2025-08-18T09:07:06.4606004Z Using cached argon2_cffi_bindings-25.1.0-cp39-abi3-manylinux_2_26_x86_64.manylinux_2_28_x86_64.whl (87 kB)
2025-08-18T09:07:06.4620639Z Using cached cffi-1.17.1-cp311-cp311-manylinux_2_17_x86_64.manylinux2014_x86_64.whl (467 kB)
2025-08-18T09:07:06.4637246Z Using cached docker-7.1.0-py3-none-any.whl (147 kB)
2025-08-18T09:07:06.4651744Z Using cached et_xmlfile-2.0.0-py3-none-any.whl (18 kB)
2025-08-18T09:07:06.4665312Z Using cached mako-1.3.10-py3-none-any.whl (78 kB)
2025-08-18T09:07:06.4679236Z Using cached pycparser-2.22-py3-none-any.whl (117 kB)
2025-08-18T09:07:06.4693650Z Using cached pycryptodome-3.23.0-cp37-abi3-manylinux_2_17_x86_64.manylinux2014_x86_64.whl (2.3 MB)
2025-08-18T09:07:06.4722580Z Using cached typeguard-4.4.4-py3-none-any.whl (34 kB)
2025-08-18T09:07:06.4736221Z Using cached watchdog-6.0.0-py3-none-manylinux2014_x86_64.whl (79 kB)
2025-08-18T09:07:06.4750393Z Using cached wcwidth-0.2.13-py2.py3-none-any.whl (34 kB)
2025-08-18T09:07:06.8708626Z Installing collected packages: wcwidth, pytz, wrapt, websockets, watchdog, vine, uvloop, urllib3, ujson, tzlocal, tzdata, typing-extensions, tomli_w, tomli, sniffio, six, shellingham, ruff, rignore, PyYAML, python-multipart, python-dotenv, PyJWT, pygments, pycryptodome, pycparser, psycopg2-binary, psycopg-binary, psutil, prompt-toolkit, port-for, pluggy, platformdirs, pathspec, packaging, orjson, numpy, nr-stream, nr-date, mypy-extensions, multimethod, mdurl, MarkupSafe, jmespath, itsdangerous, iniconfig, imapclient, idna, httptools, h11, greenlet, et-xmlfile, docstring-parser, dnspython, coverage, click, charset_normalizer, certifi, billiard, asyncpg, annotated-types, yapf, uvicorn, typing-inspection, typing-inspect, types-requests, typeguard, typeapi, sqlalchemy, sentry-sdk, requests, redis, python-dateutil, pytest, pydantic-core, psycopg, openpyxl, mypy, mirakuru, markdown-it-py, Mako, Jinja2, httpcore, email-validator, Deprecated, click-repl, click-plugins, click-didyoumean, cffi, black, apscheduler, anyio, amqp, watchfiles, starlette, rich, pytest-postgresql, pytest-cov, pytest-asyncio, pydantic, pandas, nr-util, kombu, httpx, docker, databind, botocore, argon2-cffi-bindings, alembic, typer, testcontainers, s3transfer, rich-toolkit, respx, python-telegram-bot, pydantic-settings, pydantic-extra-types, pandera, fastapi, databind.json, databind.core, celery, asgi-correlation-id, argon2-cffi, minio, fastapi-cloud-cli, fastapi-cli, docspec, boto3, docspec-python, pydoc-markdown
2025-08-18T09:07:23.1405137Z 
2025-08-18T09:07:23.1467315Z Successfully installed Deprecated-1.2.18 Jinja2-3.1.6 Mako-1.3.10 MarkupSafe-3.0.2 PyJWT-2.10.1 PyYAML-6.0.2 alembic-1.13.1 amqp-5.3.1 annotated-types-0.7.0 anyio-4.10.0 apscheduler-3.10.4 argon2-cffi-25.1.0 argon2-cffi-bindings-25.1.0 asgi-correlation-id-4.3.4 asyncpg-0.30.0 billiard-4.2.1 black-25.1.0 boto3-1.40.11 botocore-1.40.11 celery-5.4.0 certifi-2025.8.3 cffi-1.17.1 charset_normalizer-3.4.3 click-8.2.1 click-didyoumean-0.3.1 click-plugins-1.1.1.2 click-repl-0.3.0 coverage-7.10.4 databind-4.5.2 databind.core-4.5.2 databind.json-4.5.2 dnspython-2.7.0 docker-7.1.0 docspec-2.2.1 docspec-python-2.2.2 docstring-parser-0.11 email-validator-2.2.0 et-xmlfile-2.0.0 fastapi-0.116.1 fastapi-cli-0.0.8 fastapi-cloud-cli-0.1.5 greenlet-3.2.4 h11-0.16.0 httpcore-1.0.9 httptools-0.6.4 httpx-0.28.1 idna-3.10 imapclient-3.0.1 iniconfig-2.1.0 itsdangerous-2.2.0 jmespath-1.0.1 kombu-5.5.4 markdown-it-py-4.0.0 mdurl-0.1.2 minio-7.2.16 mirakuru-2.6.1 multimethod-1.10 mypy-1.17.1 mypy-extensions-1.1.0 nr-date-2.1.0 nr-stream-1.1.5 nr-util-0.8.12 numpy-1.26.4 openpyxl-3.1.5 orjson-3.11.2 packaging-25.0 pandas-2.2.3 pandera-0.19.3 pathspec-0.12.1 platformdirs-4.3.8 pluggy-1.6.0 port-for-0.7.4 prompt-toolkit-3.0.51 psutil-7.0.0 psycopg-3.2.9 psycopg-binary-3.2.9 psycopg2-binary-2.9.9 pycparser-2.22 pycryptodome-3.23.0 pydantic-2.11.7 pydantic-core-2.33.2 pydantic-extra-types-2.10.5 pydantic-settings-2.10.1 pydoc-markdown-4.8.2 pygments-2.19.2 pytest-8.4.1 pytest-asyncio-0.23.6 pytest-cov-6.2.1 pytest-postgresql-7.0.2 python-dateutil-2.9.0.post0 python-dotenv-1.1.1 python-multipart-0.0.20 python-telegram-bot-22.2 pytz-2025.2 redis-5.3.1 requests-2.32.4 respx-0.22.0 rich-14.1.0 rich-toolkit-0.15.0 rignore-0.6.4 ruff-0.4.4 s3transfer-0.13.1 sentry-sdk-2.35.0 shellingham-1.5.4 six-1.17.0 sniffio-1.3.1 sqlalchemy-2.0.29 starlette-0.47.2 testcontainers-4.10.0 tomli-2.2.1 tomli_w-1.2.0 typeapi-2.2.4 typeguard-4.4.4 typer-0.16.0 types-requests-2.32.0.20240602 typing-extensions-4.14.1 typing-inspect-0.9.0 typing-inspection-0.4.1 tzdata-2025.2 tzlocal-5.3.1 ujson-5.10.0 urllib3-2.5.0 uvicorn-0.35.0 uvloop-0.21.0 vine-5.1.0 watchdog-6.0.0 watchfiles-1.1.0 wcwidth-0.2.13 websockets-15.0.1 wrapt-1.17.3 yapf-0.43.0
2025-08-18T09:07:24.4539036Z Collecting keepa==1.3.15
2025-08-18T09:07:24.4553898Z   Using cached keepa-1.3.15-py3-none-any.whl.metadata (11 kB)
2025-08-18T09:07:24.4880127Z Collecting minio==7.1.15
2025-08-18T09:07:24.4894438Z   Using cached minio-7.1.15-py3-none-any.whl.metadata (4.2 kB)
2025-08-18T09:07:24.4919223Z Requirement already satisfied: numpy>=1.9.3 in /opt/hostedtoolcache/Python/3.11.13/x64/lib/python3.11/site-packages (from keepa==1.3.15) (1.26.4)
2025-08-18T09:07:24.4924514Z Requirement already satisfied: requests>=2.2 in /opt/hostedtoolcache/Python/3.11.13/x64/lib/python3.11/site-packages (from keepa==1.3.15) (2.32.4)
2025-08-18T09:07:24.5293437Z Collecting tqdm (from keepa==1.3.15)
2025-08-18T09:07:24.5307400Z   Using cached tqdm-4.67.1-py3-none-any.whl.metadata (57 kB)
2025-08-18T09:07:25.0111764Z Collecting aiohttp (from keepa==1.3.15)
2025-08-18T09:07:25.0128764Z   Using cached aiohttp-3.12.15-cp311-cp311-manylinux_2_17_x86_64.manylinux2014_x86_64.whl.metadata (7.7 kB)
2025-08-18T09:07:25.0159405Z Requirement already satisfied: pandas<=3.0 in /opt/hostedtoolcache/Python/3.11.13/x64/lib/python3.11/site-packages (from keepa==1.3.15) (2.2.3)
2025-08-18T09:07:25.0164107Z Requirement already satisfied: pydantic in /opt/hostedtoolcache/Python/3.11.13/x64/lib/python3.11/site-packages (from keepa==1.3.15) (2.11.7)
2025-08-18T09:07:25.0172213Z Requirement already satisfied: certifi in /opt/hostedtoolcache/Python/3.11.13/x64/lib/python3.11/site-packages (from minio==7.1.15) (2025.8.3)
2025-08-18T09:07:25.0175815Z Requirement already satisfied: urllib3 in /opt/hostedtoolcache/Python/3.11.13/x64/lib/python3.11/site-packages (from minio==7.1.15) (2.5.0)
2025-08-18T09:07:25.0223020Z Requirement already satisfied: python-dateutil>=2.8.2 in /opt/hostedtoolcache/Python/3.11.13/x64/lib/python3.11/site-packages (from pandas<=3.0->keepa==1.3.15) (2.9.0.post0)
2025-08-18T09:07:25.0228376Z Requirement already satisfied: pytz>=2020.1 in /opt/hostedtoolcache/Python/3.11.13/x64/lib/python3.11/site-packages (from pandas<=3.0->keepa==1.3.15) (2025.2)
2025-08-18T09:07:25.0233721Z Requirement already satisfied: tzdata>=2022.7 in /opt/hostedtoolcache/Python/3.11.13/x64/lib/python3.11/site-packages (from pandas<=3.0->keepa==1.3.15) (2025.2)
2025-08-18T09:07:25.0346747Z Requirement already satisfied: six>=1.5 in /opt/hostedtoolcache/Python/3.11.13/x64/lib/python3.11/site-packages (from python-dateutil>=2.8.2->pandas<=3.0->keepa==1.3.15) (1.17.0)
2025-08-18T09:07:25.0364779Z Requirement already satisfied: charset_normalizer<4,>=2 in /opt/hostedtoolcache/Python/3.11.13/x64/lib/python3.11/site-packages (from requests>=2.2->keepa==1.3.15) (3.4.3)
2025-08-18T09:07:25.0370551Z Requirement already satisfied: idna<4,>=2.5 in /opt/hostedtoolcache/Python/3.11.13/x64/lib/python3.11/site-packages (from requests>=2.2->keepa==1.3.15) (3.10)
2025-08-18T09:07:25.0621724Z Collecting aiohappyeyeballs>=2.5.0 (from aiohttp->keepa==1.3.15)
2025-08-18T09:07:25.0635430Z   Using cached aiohappyeyeballs-2.6.1-py3-none-any.whl.metadata (5.9 kB)
2025-08-18T09:07:25.0781046Z Collecting aiosignal>=1.4.0 (from aiohttp->keepa==1.3.15)
2025-08-18T09:07:25.0794604Z   Using cached aiosignal-1.4.0-py3-none-any.whl.metadata (3.7 kB)
2025-08-18T09:07:25.1002171Z Collecting attrs>=17.3.0 (from aiohttp->keepa==1.3.15)
2025-08-18T09:07:25.1015718Z   Using cached attrs-25.3.0-py3-none-any.whl.metadata (10 kB)
2025-08-18T09:07:25.1743382Z Collecting frozenlist>=1.1.1 (from aiohttp->keepa==1.3.15)
2025-08-18T09:07:25.1759631Z   Using cached frozenlist-1.7.0-cp311-cp311-manylinux_2_5_x86_64.manylinux1_x86_64.manylinux_2_17_x86_64.manylinux2014_x86_64.whl.metadata (18 kB)
2025-08-18T09:07:25.3964780Z Collecting multidict<7.0,>=4.5 (from aiohttp->keepa==1.3.15)
2025-08-18T09:07:25.3981236Z   Using cached multidict-6.6.4-cp311-cp311-manylinux2014_x86_64.manylinux_2_17_x86_64.manylinux_2_28_x86_64.whl.metadata (5.3 kB)
2025-08-18T09:07:25.4446356Z Collecting propcache>=0.2.0 (from aiohttp->keepa==1.3.15)
2025-08-18T09:07:25.4461358Z   Using cached propcache-0.3.2-cp311-cp311-manylinux_2_17_x86_64.manylinux2014_x86_64.whl.metadata (12 kB)
2025-08-18T09:07:25.7028459Z Collecting yarl<2.0,>=1.17.0 (from aiohttp->keepa==1.3.15)
2025-08-18T09:07:25.7044733Z   Using cached yarl-1.20.1-cp311-cp311-manylinux_2_17_x86_64.manylinux2014_x86_64.whl.metadata (73 kB)
2025-08-18T09:07:25.7241233Z Requirement already satisfied: typing-extensions>=4.2 in /opt/hostedtoolcache/Python/3.11.13/x64/lib/python3.11/site-packages (from aiosignal>=1.4.0->aiohttp->keepa==1.3.15) (4.14.1)
2025-08-18T09:07:25.7286182Z Requirement already satisfied: annotated-types>=0.6.0 in /opt/hostedtoolcache/Python/3.11.13/x64/lib/python3.11/site-packages (from pydantic->keepa==1.3.15) (0.7.0)
2025-08-18T09:07:25.7291752Z Requirement already satisfied: pydantic-core==2.33.2 in /opt/hostedtoolcache/Python/3.11.13/x64/lib/python3.11/site-packages (from pydantic->keepa==1.3.15) (2.33.2)
2025-08-18T09:07:25.7298878Z Requirement already satisfied: typing-inspection>=0.4.0 in /opt/hostedtoolcache/Python/3.11.13/x64/lib/python3.11/site-packages (from pydantic->keepa==1.3.15) (0.4.1)
2025-08-18T09:07:25.7358417Z Using cached keepa-1.3.15-py3-none-any.whl (38 kB)
2025-08-18T09:07:25.7372104Z Using cached minio-7.1.15-py3-none-any.whl (77 kB)
2025-08-18T09:07:25.7386318Z Using cached aiohttp-3.12.15-cp311-cp311-manylinux_2_17_x86_64.manylinux2014_x86_64.whl (1.7 MB)
2025-08-18T09:07:25.7412706Z Using cached multidict-6.6.4-cp311-cp311-manylinux2014_x86_64.manylinux_2_17_x86_64.manylinux_2_28_x86_64.whl (246 kB)
2025-08-18T09:07:25.7426744Z Using cached yarl-1.20.1-cp311-cp311-manylinux_2_17_x86_64.manylinux2014_x86_64.whl (348 kB)
2025-08-18T09:07:25.7442085Z Using cached aiohappyeyeballs-2.6.1-py3-none-any.whl (15 kB)
2025-08-18T09:07:25.7454816Z Using cached aiosignal-1.4.0-py3-none-any.whl (7.5 kB)
2025-08-18T09:07:25.7467446Z Using cached attrs-25.3.0-py3-none-any.whl (63 kB)
2025-08-18T09:07:25.7481895Z Using cached frozenlist-1.7.0-cp311-cp311-manylinux_2_5_x86_64.manylinux1_x86_64.manylinux_2_17_x86_64.manylinux2014_x86_64.whl (235 kB)
2025-08-18T09:07:25.7496226Z Using cached propcache-0.3.2-cp311-cp311-manylinux_2_17_x86_64.manylinux2014_x86_64.whl (213 kB)
2025-08-18T09:07:25.7510454Z Using cached tqdm-4.67.1-py3-none-any.whl (78 kB)
2025-08-18T09:07:25.8995225Z Installing collected packages: tqdm, propcache, multidict, minio, frozenlist, attrs, aiohappyeyeballs, yarl, aiosignal, aiohttp, keepa
2025-08-18T09:07:25.9658380Z   Attempting uninstall: minio
2025-08-18T09:07:25.9689751Z     Found existing installation: minio 7.2.16
2025-08-18T09:07:25.9722748Z     Uninstalling minio-7.2.16:
2025-08-18T09:07:25.9732583Z       Successfully uninstalled minio-7.2.16
2025-08-18T09:07:26.2921905Z 
2025-08-18T09:07:26.2981900Z Successfully installed aiohappyeyeballs-2.6.1 aiohttp-3.12.15 aiosignal-1.4.0 attrs-25.3.0 frozenlist-1.7.0 keepa-1.3.15 minio-7.1.15 multidict-6.6.4 propcache-0.3.2 tqdm-4.67.1 yarl-1.20.1
2025-08-18T09:07:26.4619786Z ##[group]Run sudo apt-get update
2025-08-18T09:07:26.4620129Z [36;1msudo apt-get update[0m
2025-08-18T09:07:26.4620414Z [36;1msudo apt-get install -y postgresql[0m
2025-08-18T09:07:26.4620885Z [36;1mecho "/usr/lib/postgresql/$(pg_config --version | cut -d' ' -f2 | cut -d'.' -f1,2)/bin" >> $GITHUB_PATH[0m
2025-08-18T09:07:26.4661287Z shell: /usr/bin/bash -e {0}
2025-08-18T09:07:26.4661519Z env:
2025-08-18T09:07:26.4661694Z   PG_USER: postgres
2025-08-18T09:07:26.4661893Z   PG_PASSWORD: pass
2025-08-18T09:07:26.4662079Z   PG_DATABASE: awa
2025-08-18T09:07:26.4662266Z   PG_HOST: localhost
2025-08-18T09:07:26.4662454Z   PG_PORT: 5432
2025-08-18T09:07:26.4662903Z   PG_SYNC_DSN: ***localhost:5432/awa
2025-08-18T09:07:26.4663315Z   PG_ASYNC_DSN: ***localhost:5432/awa
2025-08-18T09:07:26.4663701Z   DATABASE_URL: ***localhost:5432/awa
2025-08-18T09:07:26.4663946Z   DATA_DIR: /tmp/awa-data
2025-08-18T09:07:26.4664156Z   ENABLE_LIVE: 0
2025-08-18T09:07:26.4664358Z   TESTING: 1
2025-08-18T09:07:26.4664629Z   pythonLocation: /opt/hostedtoolcache/Python/3.11.13/x64
2025-08-18T09:07:26.4665053Z   PKG_CONFIG_PATH: /opt/hostedtoolcache/Python/3.11.13/x64/lib/pkgconfig
2025-08-18T09:07:26.4665451Z   Python_ROOT_DIR: /opt/hostedtoolcache/Python/3.11.13/x64
2025-08-18T09:07:26.4665807Z   Python2_ROOT_DIR: /opt/hostedtoolcache/Python/3.11.13/x64
2025-08-18T09:07:26.4666171Z   Python3_ROOT_DIR: /opt/hostedtoolcache/Python/3.11.13/x64
2025-08-18T09:07:26.4666525Z   LD_LIBRARY_PATH: /opt/hostedtoolcache/Python/3.11.13/x64/lib
2025-08-18T09:07:26.4666826Z ##[endgroup]
2025-08-18T09:07:26.5342077Z Get:1 file:/etc/apt/apt-mirrors.txt Mirrorlist [144 B]
2025-08-18T09:07:26.5644749Z Hit:2 http://azure.archive.ubuntu.com/ubuntu noble InRelease
2025-08-18T09:07:26.5678574Z Get:3 http://azure.archive.ubuntu.com/ubuntu noble-updates InRelease [126 kB]
2025-08-18T09:07:26.5718831Z Get:4 http://azure.archive.ubuntu.com/ubuntu noble-backports InRelease [126 kB]
2025-08-18T09:07:26.5744612Z Get:5 http://azure.archive.ubuntu.com/ubuntu noble-security InRelease [126 kB]
2025-08-18T09:07:26.5832691Z Hit:6 https://packages.microsoft.com/repos/azure-cli noble InRelease
2025-08-18T09:07:26.5927322Z Get:7 https://packages.microsoft.com/ubuntu/24.04/prod noble InRelease [3600 B]
2025-08-18T09:07:26.6951848Z Get:8 http://azure.archive.ubuntu.com/ubuntu noble-updates/main amd64 Packages [1325 kB]
2025-08-18T09:07:26.7080894Z Get:9 http://azure.archive.ubuntu.com/ubuntu noble-updates/main Translation-en [265 kB]
2025-08-18T09:07:26.7108192Z Get:10 http://azure.archive.ubuntu.com/ubuntu noble-updates/main amd64 Components [174 kB]
2025-08-18T09:07:26.7155871Z Get:11 http://azure.archive.ubuntu.com/ubuntu noble-updates/universe amd64 Packages [1120 kB]
2025-08-18T09:07:26.7217938Z Get:12 http://azure.archive.ubuntu.com/ubuntu noble-updates/universe Translation-en [287 kB]
2025-08-18T09:07:26.7245782Z Get:13 http://azure.archive.ubuntu.com/ubuntu noble-updates/universe amd64 Components [377 kB]
2025-08-18T09:07:26.7277277Z Get:14 http://azure.archive.ubuntu.com/ubuntu noble-updates/restricted amd64 Packages [1672 kB]
2025-08-18T09:07:26.7367420Z Get:15 http://azure.archive.ubuntu.com/ubuntu noble-updates/restricted Translation-en [367 kB]
2025-08-18T09:07:26.7396142Z Get:16 http://azure.archive.ubuntu.com/ubuntu noble-updates/restricted amd64 Components [212 B]
2025-08-18T09:07:26.7406313Z Get:17 http://azure.archive.ubuntu.com/ubuntu noble-updates/multiverse amd64 Components [940 B]
2025-08-18T09:07:26.7896089Z Get:18 http://azure.archive.ubuntu.com/ubuntu noble-backports/main amd64 Components [7056 B]
2025-08-18T09:07:26.7905522Z Get:19 http://azure.archive.ubuntu.com/ubuntu noble-backports/universe amd64 Packages [30.2 kB]
2025-08-18T09:07:26.7969525Z Get:20 http://azure.archive.ubuntu.com/ubuntu noble-backports/universe Translation-en [17.4 kB]
2025-08-18T09:07:26.7970922Z Get:21 http://azure.archive.ubuntu.com/ubuntu noble-backports/universe amd64 Components [19.2 kB]
2025-08-18T09:07:26.7975473Z Get:22 http://azure.archive.ubuntu.com/ubuntu noble-backports/restricted amd64 Components [216 B]
2025-08-18T09:07:26.7976626Z Get:23 http://azure.archive.ubuntu.com/ubuntu noble-backports/multiverse amd64 Components [212 B]
2025-08-18T09:07:26.7994633Z Get:24 http://azure.archive.ubuntu.com/ubuntu noble-security/main amd64 Packages [1060 kB]
2025-08-18T09:07:26.8049169Z Get:25 http://azure.archive.ubuntu.com/ubuntu noble-security/main Translation-en [184 kB]
2025-08-18T09:07:26.8066558Z Get:26 http://azure.archive.ubuntu.com/ubuntu noble-security/main amd64 Components [21.5 kB]
2025-08-18T09:07:26.8079696Z Get:27 http://azure.archive.ubuntu.com/ubuntu noble-security/universe amd64 Packages [879 kB]
2025-08-18T09:07:26.8135451Z Get:28 http://azure.archive.ubuntu.com/ubuntu noble-security/universe Translation-en [194 kB]
2025-08-18T09:07:26.8156536Z Get:29 http://azure.archive.ubuntu.com/ubuntu noble-security/universe amd64 Components [52.3 kB]
2025-08-18T09:07:26.8170722Z Get:30 http://azure.archive.ubuntu.com/ubuntu noble-security/restricted amd64 Packages [1572 kB]
2025-08-18T09:07:26.8268341Z Get:31 http://azure.archive.ubuntu.com/ubuntu noble-security/restricted Translation-en [346 kB]
2025-08-18T09:07:26.8771394Z Get:32 http://azure.archive.ubuntu.com/ubuntu noble-security/restricted amd64 Components [212 B]
2025-08-18T09:07:26.8779895Z Get:33 http://azure.archive.ubuntu.com/ubuntu noble-security/multiverse amd64 Components [208 B]
2025-08-18T09:07:26.8988111Z Get:34 https://packages.microsoft.com/ubuntu/24.04/prod noble/main arm64 Packages [33.0 kB]
2025-08-18T09:07:26.9049999Z Get:35 https://packages.microsoft.com/ubuntu/24.04/prod noble/main amd64 Packages [47.9 kB]
2025-08-18T09:07:33.4794432Z Fetched 10.4 MB in 1s (8577 kB/s)
2025-08-18T09:07:34.1535958Z Reading package lists...
2025-08-18T09:07:34.1855186Z Reading package lists...
2025-08-18T09:07:34.3520377Z Building dependency tree...
2025-08-18T09:07:34.3528012Z Reading state information...
2025-08-18T09:07:34.5295282Z Suggested packages:
2025-08-18T09:07:34.5295686Z   postgresql-doc
2025-08-18T09:07:34.5479137Z The following NEW packages will be installed:
2025-08-18T09:07:34.5479724Z   postgresql
2025-08-18T09:07:34.5653112Z 0 upgraded, 1 newly installed, 0 to remove and 36 not upgraded.
2025-08-18T09:07:34.5653511Z Need to get 11.6 kB of archives.
2025-08-18T09:07:34.5653847Z After this operation, 17.4 kB of additional disk space will be used.
2025-08-18T09:07:34.5664070Z Get:1 file:/etc/apt/apt-mirrors.txt Mirrorlist [144 B]
2025-08-18T09:07:34.6451199Z Get:2 http://azure.archive.ubuntu.com/ubuntu noble-updates/main amd64 postgresql all 16+257build1.1 [11.6 kB]
2025-08-18T09:07:34.8952945Z Fetched 11.6 kB in 0s (128 kB/s)
2025-08-18T09:07:34.9143996Z Selecting previously unselected package postgresql.
2025-08-18T09:07:34.9338505Z (Reading database ... 
2025-08-18T09:07:34.9339041Z (Reading database ... 5%
2025-08-18T09:07:34.9339505Z (Reading database ... 10%
2025-08-18T09:07:34.9340049Z (Reading database ... 15%
2025-08-18T09:07:34.9340428Z (Reading database ... 20%
2025-08-18T09:07:34.9340756Z (Reading database ... 25%
2025-08-18T09:07:34.9340977Z (Reading database ... 30%
2025-08-18T09:07:34.9341401Z (Reading database ... 35%
2025-08-18T09:07:34.9341611Z (Reading database ... 40%
2025-08-18T09:07:34.9341832Z (Reading database ... 45%
2025-08-18T09:07:34.9342029Z (Reading database ... 50%
2025-08-18T09:07:34.9503836Z (Reading database ... 55%
2025-08-18T09:07:34.9685666Z (Reading database ... 60%
2025-08-18T09:07:34.9877046Z (Reading database ... 65%
2025-08-18T09:07:35.0075678Z (Reading database ... 70%
2025-08-18T09:07:35.0250004Z (Reading database ... 75%
2025-08-18T09:07:35.0438957Z (Reading database ... 80%
2025-08-18T09:07:35.0748494Z (Reading database ... 85%
2025-08-18T09:07:35.1221115Z (Reading database ... 90%
2025-08-18T09:07:35.1465374Z (Reading database ... 95%
2025-08-18T09:07:35.1465784Z (Reading database ... 100%
2025-08-18T09:07:35.1466216Z (Reading database ... 219881 files and directories currently installed.)
2025-08-18T09:07:35.1511180Z Preparing to unpack .../postgresql_16+257build1.1_all.deb ...
2025-08-18T09:07:35.1534499Z Unpacking postgresql (16+257build1.1) ...
2025-08-18T09:07:35.1903926Z Setting up postgresql (16+257build1.1) ...
2025-08-18T09:07:35.7862288Z 
2025-08-18T09:07:35.7862945Z Running kernel seems to be up-to-date.
2025-08-18T09:07:35.7863386Z 
2025-08-18T09:07:35.7863580Z Restarting services...
2025-08-18T09:07:35.7934266Z 
2025-08-18T09:07:35.7934599Z Service restarts being deferred:
2025-08-18T09:07:35.7936012Z  systemctl restart hosted-compute-agent.service
2025-08-18T09:07:35.7936277Z 
2025-08-18T09:07:35.7936711Z No containers need to be restarted.
2025-08-18T09:07:35.7937034Z 
2025-08-18T09:07:35.7937261Z No user sessions are running outdated binaries.
2025-08-18T09:07:35.7937775Z 
2025-08-18T09:07:35.7938098Z No VM guests are running outdated hypervisor (qemu) binaries on this host.
2025-08-18T09:07:36.6471044Z ##[group]Run pytest tests/db -q --cov=services --cov-append --cov-fail-under=0
2025-08-18T09:07:36.6471573Z [36;1mpytest tests/db -q --cov=services --cov-append --cov-fail-under=0[0m
2025-08-18T09:07:36.6512321Z shell: /usr/bin/bash -e {0}
2025-08-18T09:07:36.6512638Z env:
2025-08-18T09:07:36.6512816Z   PG_USER: postgres
2025-08-18T09:07:36.6513013Z   PG_PASSWORD: pass
2025-08-18T09:07:36.6513201Z   PG_DATABASE: awa
2025-08-18T09:07:36.6513388Z   PG_HOST: localhost
2025-08-18T09:07:36.6513577Z   PG_PORT: 5432
2025-08-18T09:07:36.6514036Z   PG_SYNC_DSN: ***localhost:5432/awa
2025-08-18T09:07:36.6514463Z   PG_ASYNC_DSN: ***localhost:5432/awa
2025-08-18T09:07:36.6514855Z   DATABASE_URL: ***localhost:5432/awa
2025-08-18T09:07:36.6515097Z   DATA_DIR: /tmp/awa-data
2025-08-18T09:07:36.6515309Z   ENABLE_LIVE: 0
2025-08-18T09:07:36.6515487Z   TESTING: 1
2025-08-18T09:07:36.6515730Z   pythonLocation: /opt/hostedtoolcache/Python/3.11.13/x64
2025-08-18T09:07:36.6516178Z   PKG_CONFIG_PATH: /opt/hostedtoolcache/Python/3.11.13/x64/lib/pkgconfig
2025-08-18T09:07:36.6516578Z   Python_ROOT_DIR: /opt/hostedtoolcache/Python/3.11.13/x64
2025-08-18T09:07:36.6516938Z   Python2_ROOT_DIR: /opt/hostedtoolcache/Python/3.11.13/x64
2025-08-18T09:07:36.6517306Z   Python3_ROOT_DIR: /opt/hostedtoolcache/Python/3.11.13/x64
2025-08-18T09:07:36.6517917Z   LD_LIBRARY_PATH: /opt/hostedtoolcache/Python/3.11.13/x64/lib
2025-08-18T09:07:36.6518227Z ##[endgroup]
2025-08-18T09:07:39.2156595Z /opt/hostedtoolcache/Python/3.11.13/x64/lib/python3.11/site-packages/coverage/report_core.py:118: CoverageWarning: Couldn't parse '/home/runner/work/AWA-App/AWA-App/C:\Users\Alexey\Documents\GitHub\AWA-App\services\__init__.py': No source for code: '/home/runner/work/AWA-App/AWA-App/C:\Users\Alexey\Documents\GitHub\AWA-App\services\__init__.py'. (couldnt-parse)
2025-08-18T09:07:39.2159495Z   coverage._warn(msg, slug="couldnt-parse")
2025-08-18T09:07:39.2162104Z /opt/hostedtoolcache/Python/3.11.13/x64/lib/python3.11/site-packages/coverage/report_core.py:118: CoverageWarning: Couldn't parse '/home/runner/work/AWA-App/AWA-App/C:\Users\Alexey\Documents\GitHub\AWA-App\services\alert_bot\__init__.py': No source for code: '/home/runner/work/AWA-App/AWA-App/C:\Users\Alexey\Documents\GitHub\AWA-App\services\alert_bot\__init__.py'. (couldnt-parse)
2025-08-18T09:07:39.2164932Z   coverage._warn(msg, slug="couldnt-parse")
2025-08-18T09:07:39.2167485Z /opt/hostedtoolcache/Python/3.11.13/x64/lib/python3.11/site-packages/coverage/report_core.py:118: CoverageWarning: Couldn't parse '/home/runner/work/AWA-App/AWA-App/C:\Users\Alexey\Documents\GitHub\AWA-App\services\alert_bot\alert_bot.py': No source for code: '/home/runner/work/AWA-App/AWA-App/C:\Users\Alexey\Documents\GitHub\AWA-App\services\alert_bot\alert_bot.py'. (couldnt-parse)
2025-08-18T09:07:39.2170299Z   coverage._warn(msg, slug="couldnt-parse")
2025-08-18T09:07:39.2172907Z /opt/hostedtoolcache/Python/3.11.13/x64/lib/python3.11/site-packages/coverage/report_core.py:118: CoverageWarning: Couldn't parse '/home/runner/work/AWA-App/AWA-App/C:\Users\Alexey\Documents\GitHub\AWA-App\services\alert_bot\rules\__init__.py': No source for code: '/home/runner/work/AWA-App/AWA-App/C:\Users\Alexey\Documents\GitHub\AWA-App\services\alert_bot\rules\__init__.py'. (couldnt-parse)
2025-08-18T09:07:39.2175562Z   coverage._warn(msg, slug="couldnt-parse")
2025-08-18T09:07:39.2178208Z /opt/hostedtoolcache/Python/3.11.13/x64/lib/python3.11/site-packages/coverage/report_core.py:118: CoverageWarning: Couldn't parse '/home/runner/work/AWA-App/AWA-App/C:\Users\Alexey\Documents\GitHub\AWA-App\services\api\__init__.py': No source for code: '/home/runner/work/AWA-App/AWA-App/C:\Users\Alexey\Documents\GitHub\AWA-App\services\api\__init__.py'. (couldnt-parse)
2025-08-18T09:07:39.2180725Z   coverage._warn(msg, slug="couldnt-parse")
2025-08-18T09:07:39.2183491Z /opt/hostedtoolcache/Python/3.11.13/x64/lib/python3.11/site-packages/coverage/report_core.py:118: CoverageWarning: Couldn't parse '/home/runner/work/AWA-App/AWA-App/C:\Users\Alexey\Documents\GitHub\AWA-App\services\api\config.py': No source for code: '/home/runner/work/AWA-App/AWA-App/C:\Users\Alexey\Documents\GitHub\AWA-App\services\api\config.py'. (couldnt-parse)
2025-08-18T09:07:39.2186119Z   coverage._warn(msg, slug="couldnt-parse")
2025-08-18T09:07:39.2188688Z /opt/hostedtoolcache/Python/3.11.13/x64/lib/python3.11/site-packages/coverage/report_core.py:118: CoverageWarning: Couldn't parse '/home/runner/work/AWA-App/AWA-App/C:\Users\Alexey\Documents\GitHub\AWA-App\services\api\db.py': No source for code: '/home/runner/work/AWA-App/AWA-App/C:\Users\Alexey\Documents\GitHub\AWA-App\services\api\db.py'. (couldnt-parse)
2025-08-18T09:07:39.2191114Z   coverage._warn(msg, slug="couldnt-parse")
2025-08-18T09:07:39.2193601Z /opt/hostedtoolcache/Python/3.11.13/x64/lib/python3.11/site-packages/coverage/report_core.py:118: CoverageWarning: Couldn't parse '/home/runner/work/AWA-App/AWA-App/C:\Users\Alexey\Documents\GitHub\AWA-App\services\api\main.py': No source for code: '/home/runner/work/AWA-App/AWA-App/C:\Users\Alexey\Documents\GitHub\AWA-App\services\api\main.py'. (couldnt-parse)
2025-08-18T09:07:39.2196092Z   coverage._warn(msg, slug="couldnt-parse")
2025-08-18T09:07:39.2198800Z /opt/hostedtoolcache/Python/3.11.13/x64/lib/python3.11/site-packages/coverage/report_core.py:118: CoverageWarning: Couldn't parse '/home/runner/work/AWA-App/AWA-App/C:\Users\Alexey\Documents\GitHub\AWA-App\services\api\models\__init__.py': No source for code: '/home/runner/work/AWA-App/AWA-App/C:\Users\Alexey\Documents\GitHub\AWA-App\services\api\models\__init__.py'. (couldnt-parse)
2025-08-18T09:07:39.2201368Z   coverage._warn(msg, slug="couldnt-parse")
2025-08-18T09:07:39.2203828Z /opt/hostedtoolcache/Python/3.11.13/x64/lib/python3.11/site-packages/coverage/report_core.py:118: CoverageWarning: Couldn't parse '/home/runner/work/AWA-App/AWA-App/C:\Users\Alexey\Documents\GitHub\AWA-App\services\api\models\fee.py': No source for code: '/home/runner/work/AWA-App/AWA-App/C:\Users\Alexey\Documents\GitHub\AWA-App\services\api\models\fee.py'. (couldnt-parse)
2025-08-18T09:07:39.2206336Z   coverage._warn(msg, slug="couldnt-parse")
2025-08-18T09:07:39.2209048Z /opt/hostedtoolcache/Python/3.11.13/x64/lib/python3.11/site-packages/coverage/report_core.py:118: CoverageWarning: Couldn't parse '/home/runner/work/AWA-App/AWA-App/C:\Users\Alexey\Documents\GitHub\AWA-App\services\api\roi_repository.py': No source for code: '/home/runner/work/AWA-App/AWA-App/C:\Users\Alexey\Documents\GitHub\AWA-App\services\api\roi_repository.py'. (couldnt-parse)
2025-08-18T09:07:39.2211853Z   coverage._warn(msg, slug="couldnt-parse")
2025-08-18T09:07:39.2214375Z /opt/hostedtoolcache/Python/3.11.13/x64/lib/python3.11/site-packages/coverage/report_core.py:118: CoverageWarning: Couldn't parse '/home/runner/work/AWA-App/AWA-App/C:\Users\Alexey\Documents\GitHub\AWA-App\services\api\routes\__init__.py': No source for code: '/home/runner/work/AWA-App/AWA-App/C:\Users\Alexey\Documents\GitHub\AWA-App\services\api\routes\__init__.py'. (couldnt-parse)
2025-08-18T09:07:39.2216945Z   coverage._warn(msg, slug="couldnt-parse")
2025-08-18T09:07:39.2219652Z /opt/hostedtoolcache/Python/3.11.13/x64/lib/python3.11/site-packages/coverage/report_core.py:118: CoverageWarning: Couldn't parse '/home/runner/work/AWA-App/AWA-App/C:\Users\Alexey\Documents\GitHub\AWA-App\services\api\routes\health.py': No source for code: '/home/runner/work/AWA-App/AWA-App/C:\Users\Alexey\Documents\GitHub\AWA-App\services\api\routes\health.py'. (couldnt-parse)
2025-08-18T09:07:39.2222208Z   coverage._warn(msg, slug="couldnt-parse")
2025-08-18T09:07:39.2224796Z /opt/hostedtoolcache/Python/3.11.13/x64/lib/python3.11/site-packages/coverage/report_core.py:118: CoverageWarning: Couldn't parse '/home/runner/work/AWA-App/AWA-App/C:\Users\Alexey\Documents\GitHub\AWA-App\services\api\routes\repository.py': No source for code: '/home/runner/work/AWA-App/AWA-App/C:\Users\Alexey\Documents\GitHub\AWA-App\services\api\routes\repository.py'. (couldnt-parse)
2025-08-18T09:07:39.2227818Z   coverage._warn(msg, slug="couldnt-parse")
2025-08-18T09:07:39.2230341Z /opt/hostedtoolcache/Python/3.11.13/x64/lib/python3.11/site-packages/coverage/report_core.py:118: CoverageWarning: Couldn't parse '/home/runner/work/AWA-App/AWA-App/C:\Users\Alexey\Documents\GitHub\AWA-App\services\api\routes\roi.py': No source for code: '/home/runner/work/AWA-App/AWA-App/C:\Users\Alexey\Documents\GitHub\AWA-App\services\api\routes\roi.py'. (couldnt-parse)
2025-08-18T09:07:39.2232837Z   coverage._warn(msg, slug="couldnt-parse")
2025-08-18T09:07:39.2235349Z /opt/hostedtoolcache/Python/3.11.13/x64/lib/python3.11/site-packages/coverage/report_core.py:118: CoverageWarning: Couldn't parse '/home/runner/work/AWA-App/AWA-App/C:\Users\Alexey\Documents\GitHub\AWA-App\services\api\routes\stats.py': No source for code: '/home/runner/work/AWA-App/AWA-App/C:\Users\Alexey\Documents\GitHub\AWA-App\services\api\routes\stats.py'. (couldnt-parse)
2025-08-18T09:07:39.2238067Z   coverage._warn(msg, slug="couldnt-parse")
2025-08-18T09:07:39.2240559Z /opt/hostedtoolcache/Python/3.11.13/x64/lib/python3.11/site-packages/coverage/report_core.py:118: CoverageWarning: Couldn't parse '/home/runner/work/AWA-App/AWA-App/C:\Users\Alexey\Documents\GitHub\AWA-App\services\common\__init__.py': No source for code: '/home/runner/work/AWA-App/AWA-App/C:\Users\Alexey\Documents\GitHub\AWA-App\services\common\__init__.py'. (couldnt-parse)
2025-08-18T09:07:39.2243072Z   coverage._warn(msg, slug="couldnt-parse")
2025-08-18T09:07:39.2245490Z /opt/hostedtoolcache/Python/3.11.13/x64/lib/python3.11/site-packages/coverage/report_core.py:118: CoverageWarning: Couldn't parse '/home/runner/work/AWA-App/AWA-App/C:\Users\Alexey\Documents\GitHub\AWA-App\services\common\base.py': No source for code: '/home/runner/work/AWA-App/AWA-App/C:\Users\Alexey\Documents\GitHub\AWA-App\services\common\base.py'. (couldnt-parse)
2025-08-18T09:07:39.2248150Z   coverage._warn(msg, slug="couldnt-parse")
2025-08-18T09:07:39.2250614Z /opt/hostedtoolcache/Python/3.11.13/x64/lib/python3.11/site-packages/coverage/report_core.py:118: CoverageWarning: Couldn't parse '/home/runner/work/AWA-App/AWA-App/C:\Users\Alexey\Documents\GitHub\AWA-App\services\common\config.py': No source for code: '/home/runner/work/AWA-App/AWA-App/C:\Users\Alexey\Documents\GitHub\AWA-App\services\common\config.py'. (couldnt-parse)
2025-08-18T09:07:39.2253343Z   coverage._warn(msg, slug="couldnt-parse")
2025-08-18T09:07:39.2255813Z /opt/hostedtoolcache/Python/3.11.13/x64/lib/python3.11/site-packages/coverage/report_core.py:118: CoverageWarning: Couldn't parse '/home/runner/work/AWA-App/AWA-App/C:\Users\Alexey\Documents\GitHub\AWA-App\services\common\db.py': No source for code: '/home/runner/work/AWA-App/AWA-App/C:\Users\Alexey\Documents\GitHub\AWA-App\services\common\db.py'. (couldnt-parse)
2025-08-18T09:07:39.2258437Z   coverage._warn(msg, slug="couldnt-parse")
2025-08-18T09:07:39.2260906Z /opt/hostedtoolcache/Python/3.11.13/x64/lib/python3.11/site-packages/coverage/report_core.py:118: CoverageWarning: Couldn't parse '/home/runner/work/AWA-App/AWA-App/C:\Users\Alexey\Documents\GitHub\AWA-App\services\common\db_url.py': No source for code: '/home/runner/work/AWA-App/AWA-App/C:\Users\Alexey\Documents\GitHub\AWA-App\services\common\db_url.py'. (couldnt-parse)
2025-08-18T09:07:39.2263385Z   coverage._warn(msg, slug="couldnt-parse")
2025-08-18T09:07:39.2265816Z /opt/hostedtoolcache/Python/3.11.13/x64/lib/python3.11/site-packages/coverage/report_core.py:118: CoverageWarning: Couldn't parse '/home/runner/work/AWA-App/AWA-App/C:\Users\Alexey\Documents\GitHub\AWA-App\services\common\dsn.py': No source for code: '/home/runner/work/AWA-App/AWA-App/C:\Users\Alexey\Documents\GitHub\AWA-App\services\common\dsn.py'. (couldnt-parse)
2025-08-18T09:07:39.2268420Z   coverage._warn(msg, slug="couldnt-parse")
2025-08-18T09:07:39.2271066Z /opt/hostedtoolcache/Python/3.11.13/x64/lib/python3.11/site-packages/coverage/report_core.py:118: CoverageWarning: Couldn't parse '/home/runner/work/AWA-App/AWA-App/C:\Users\Alexey\Documents\GitHub\AWA-App\services\common\keepa.py': No source for code: '/home/runner/work/AWA-App/AWA-App/C:\Users\Alexey\Documents\GitHub\AWA-App\services\common\keepa.py'. (couldnt-parse)
2025-08-18T09:07:39.2273542Z   coverage._warn(msg, slug="couldnt-parse")
2025-08-18T09:07:39.2275962Z /opt/hostedtoolcache/Python/3.11.13/x64/lib/python3.11/site-packages/coverage/report_core.py:118: CoverageWarning: Couldn't parse '/home/runner/work/AWA-App/AWA-App/C:\Users\Alexey\Documents\GitHub\AWA-App\services\common\llm.py': No source for code: '/home/runner/work/AWA-App/AWA-App/C:\Users\Alexey\Documents\GitHub\AWA-App\services\common\llm.py'. (couldnt-parse)
2025-08-18T09:07:39.2278579Z   coverage._warn(msg, slug="couldnt-parse")
2025-08-18T09:07:39.2281128Z /opt/hostedtoolcache/Python/3.11.13/x64/lib/python3.11/site-packages/coverage/report_core.py:118: CoverageWarning: Couldn't parse '/home/runner/work/AWA-App/AWA-App/C:\Users\Alexey\Documents\GitHub\AWA-App\services\common\models_vendor.py': No source for code: '/home/runner/work/AWA-App/AWA-App/C:\Users\Alexey\Documents\GitHub\AWA-App\services\common\models_vendor.py'. (couldnt-parse)
2025-08-18T09:07:39.2283722Z   coverage._warn(msg, slug="couldnt-parse")
2025-08-18T09:07:39.2286184Z /opt/hostedtoolcache/Python/3.11.13/x64/lib/python3.11/site-packages/coverage/report_core.py:118: CoverageWarning: Couldn't parse '/home/runner/work/AWA-App/AWA-App/C:\Users\Alexey\Documents\GitHub\AWA-App\services\common\settings.py': No source for code: '/home/runner/work/AWA-App/AWA-App/C:\Users\Alexey\Documents\GitHub\AWA-App\services\common\settings.py'. (couldnt-parse)
2025-08-18T09:07:39.2288939Z   coverage._warn(msg, slug="couldnt-parse")
2025-08-18T09:07:39.2291356Z /opt/hostedtoolcache/Python/3.11.13/x64/lib/python3.11/site-packages/coverage/report_core.py:118: CoverageWarning: Couldn't parse '/home/runner/work/AWA-App/AWA-App/C:\Users\Alexey\Documents\GitHub\AWA-App\services\db\__init__.py': No source for code: '/home/runner/work/AWA-App/AWA-App/C:\Users\Alexey\Documents\GitHub\AWA-App\services\db\__init__.py'. (couldnt-parse)
2025-08-18T09:07:39.2293790Z   coverage._warn(msg, slug="couldnt-parse")
2025-08-18T09:07:39.2296347Z /opt/hostedtoolcache/Python/3.11.13/x64/lib/python3.11/site-packages/coverage/report_core.py:118: CoverageWarning: Couldn't parse '/home/runner/work/AWA-App/AWA-App/C:\Users\Alexey\Documents\GitHub\AWA-App\services\db\utils\__init__.py': No source for code: '/home/runner/work/AWA-App/AWA-App/C:\Users\Alexey\Documents\GitHub\AWA-App\services\db\utils\__init__.py'. (couldnt-parse)
2025-08-18T09:07:39.2299273Z   coverage._warn(msg, slug="couldnt-parse")
2025-08-18T09:07:39.2301766Z /opt/hostedtoolcache/Python/3.11.13/x64/lib/python3.11/site-packages/coverage/report_core.py:118: CoverageWarning: Couldn't parse '/home/runner/work/AWA-App/AWA-App/C:\Users\Alexey\Documents\GitHub\AWA-App\services\db\utils\views.py': No source for code: '/home/runner/work/AWA-App/AWA-App/C:\Users\Alexey\Documents\GitHub\AWA-App\services\db\utils\views.py'. (couldnt-parse)
2025-08-18T09:07:39.2304291Z   coverage._warn(msg, slug="couldnt-parse")
2025-08-18T09:07:39.2306789Z /opt/hostedtoolcache/Python/3.11.13/x64/lib/python3.11/site-packages/coverage/report_core.py:118: CoverageWarning: Couldn't parse '/home/runner/work/AWA-App/AWA-App/C:\Users\Alexey\Documents\GitHub\AWA-App\services\emailer\__init__.py': No source for code: '/home/runner/work/AWA-App/AWA-App/C:\Users\Alexey\Documents\GitHub\AWA-App\services\emailer\__init__.py'. (couldnt-parse)
2025-08-18T09:07:39.2309512Z   coverage._warn(msg, slug="couldnt-parse")
2025-08-18T09:07:39.2312092Z /opt/hostedtoolcache/Python/3.11.13/x64/lib/python3.11/site-packages/coverage/report_core.py:118: CoverageWarning: Couldn't parse '/home/runner/work/AWA-App/AWA-App/C:\Users\Alexey\Documents\GitHub\AWA-App\services\emailer\generate_body.py': No source for code: '/home/runner/work/AWA-App/AWA-App/C:\Users\Alexey\Documents\GitHub\AWA-App\services\emailer\generate_body.py'. (couldnt-parse)
2025-08-18T09:07:39.2314707Z   coverage._warn(msg, slug="couldnt-parse")
2025-08-18T09:07:39.2317342Z /opt/hostedtoolcache/Python/3.11.13/x64/lib/python3.11/site-packages/coverage/report_core.py:118: CoverageWarning: Couldn't parse '/home/runner/work/AWA-App/AWA-App/C:\Users\Alexey\Documents\GitHub\AWA-App\services\etl\__init__.py': No source for code: '/home/runner/work/AWA-App/AWA-App/C:\Users\Alexey\Documents\GitHub\AWA-App\services\etl\__init__.py'. (couldnt-parse)
2025-08-18T09:07:39.2320073Z   coverage._warn(msg, slug="couldnt-parse")
2025-08-18T09:07:39.2322472Z /opt/hostedtoolcache/Python/3.11.13/x64/lib/python3.11/site-packages/coverage/report_core.py:118: CoverageWarning: Couldn't parse '/home/runner/work/AWA-App/AWA-App/C:\Users\Alexey\Documents\GitHub\AWA-App\services\etl\db.py': No source for code: '/home/runner/work/AWA-App/AWA-App/C:\Users\Alexey\Documents\GitHub\AWA-App\services\etl\db.py'. (couldnt-parse)
2025-08-18T09:07:39.2324881Z   coverage._warn(msg, slug="couldnt-parse")
2025-08-18T09:07:39.2327463Z /opt/hostedtoolcache/Python/3.11.13/x64/lib/python3.11/site-packages/coverage/report_core.py:118: CoverageWarning: Couldn't parse '/home/runner/work/AWA-App/AWA-App/C:\Users\Alexey\Documents\GitHub\AWA-App\services\etl\dialects\__init__.py': No source for code: '/home/runner/work/AWA-App/AWA-App/C:\Users\Alexey\Documents\GitHub\AWA-App\services\etl\dialects\__init__.py'. (couldnt-parse)
2025-08-18T09:07:39.2330292Z   coverage._warn(msg, slug="couldnt-parse")
2025-08-18T09:07:39.2333028Z /opt/hostedtoolcache/Python/3.11.13/x64/lib/python3.11/site-packages/coverage/report_core.py:118: CoverageWarning: Couldn't parse '/home/runner/work/AWA-App/AWA-App/C:\Users\Alexey\Documents\GitHub\AWA-App\services\etl\dialects\amazon_reimbursements.py': No source for code: '/home/runner/work/AWA-App/AWA-App/C:\Users\Alexey\Documents\GitHub\AWA-App\services\etl\dialects\amazon_reimbursements.py'. (couldnt-parse)
2025-08-18T09:07:39.2335794Z   coverage._warn(msg, slug="couldnt-parse")
2025-08-18T09:07:39.2338656Z /opt/hostedtoolcache/Python/3.11.13/x64/lib/python3.11/site-packages/coverage/report_core.py:118: CoverageWarning: Couldn't parse '/home/runner/work/AWA-App/AWA-App/C:\Users\Alexey\Documents\GitHub\AWA-App\services\etl\dialects\amazon_returns.py': No source for code: '/home/runner/work/AWA-App/AWA-App/C:\Users\Alexey\Documents\GitHub\AWA-App\services\etl\dialects\amazon_returns.py'. (couldnt-parse)
2025-08-18T09:07:39.2341548Z   coverage._warn(msg, slug="couldnt-parse")
2025-08-18T09:07:39.2344086Z /opt/hostedtoolcache/Python/3.11.13/x64/lib/python3.11/site-packages/coverage/report_core.py:118: CoverageWarning: Couldn't parse '/home/runner/work/AWA-App/AWA-App/C:\Users\Alexey\Documents\GitHub\AWA-App\services\etl\fba_fee_ingestor.py': No source for code: '/home/runner/work/AWA-App/AWA-App/C:\Users\Alexey\Documents\GitHub\AWA-App\services\etl\fba_fee_ingestor.py'. (couldnt-parse)
2025-08-18T09:07:39.2346675Z   coverage._warn(msg, slug="couldnt-parse")
2025-08-18T09:07:39.2349420Z /opt/hostedtoolcache/Python/3.11.13/x64/lib/python3.11/site-packages/coverage/report_core.py:118: CoverageWarning: Couldn't parse '/home/runner/work/AWA-App/AWA-App/C:\Users\Alexey\Documents\GitHub\AWA-App\services\etl\keepa_ingestor.py': No source for code: '/home/runner/work/AWA-App/AWA-App/C:\Users\Alexey\Documents\GitHub\AWA-App\services\etl\keepa_ingestor.py'. (couldnt-parse)
2025-08-18T09:07:39.2351996Z   coverage._warn(msg, slug="couldnt-parse")
2025-08-18T09:07:39.2354546Z /opt/hostedtoolcache/Python/3.11.13/x64/lib/python3.11/site-packages/coverage/report_core.py:118: CoverageWarning: Couldn't parse '/home/runner/work/AWA-App/AWA-App/C:\Users\Alexey\Documents\GitHub\AWA-App\services\etl\sp_fees_ingestor.py': No source for code: '/home/runner/work/AWA-App/AWA-App/C:\Users\Alexey\Documents\GitHub\AWA-App\services\etl\sp_fees_ingestor.py'. (couldnt-parse)
2025-08-18T09:07:39.2357168Z   coverage._warn(msg, slug="couldnt-parse")
2025-08-18T09:07:39.2360041Z /opt/hostedtoolcache/Python/3.11.13/x64/lib/python3.11/site-packages/coverage/report_core.py:118: CoverageWarning: Couldn't parse '/home/runner/work/AWA-App/AWA-App/C:\Users\Alexey\Documents\GitHub\AWA-App\services\fees_h10\__init__.py': No source for code: '/home/runner/work/AWA-App/AWA-App/C:\Users\Alexey\Documents\GitHub\AWA-App\services\fees_h10\__init__.py'. (couldnt-parse)
2025-08-18T09:07:39.2362590Z   coverage._warn(msg, slug="couldnt-parse")
2025-08-18T09:07:39.2365088Z /opt/hostedtoolcache/Python/3.11.13/x64/lib/python3.11/site-packages/coverage/report_core.py:118: CoverageWarning: Couldn't parse '/home/runner/work/AWA-App/AWA-App/C:\Users\Alexey\Documents\GitHub\AWA-App\services\fees_h10\client.py': No source for code: '/home/runner/work/AWA-App/AWA-App/C:\Users\Alexey\Documents\GitHub\AWA-App\services\fees_h10\client.py'. (couldnt-parse)
2025-08-18T09:07:39.2367780Z   coverage._warn(msg, slug="couldnt-parse")
2025-08-18T09:07:39.2370368Z /opt/hostedtoolcache/Python/3.11.13/x64/lib/python3.11/site-packages/coverage/report_core.py:118: CoverageWarning: Couldn't parse '/home/runner/work/AWA-App/AWA-App/C:\Users\Alexey\Documents\GitHub\AWA-App\services\fees_h10\repository.py': No source for code: '/home/runner/work/AWA-App/AWA-App/C:\Users\Alexey\Documents\GitHub\AWA-App\services\fees_h10\repository.py'. (couldnt-parse)
2025-08-18T09:07:39.2372958Z   coverage._warn(msg, slug="couldnt-parse")
2025-08-18T09:07:39.2375459Z /opt/hostedtoolcache/Python/3.11.13/x64/lib/python3.11/site-packages/coverage/report_core.py:118: CoverageWarning: Couldn't parse '/home/runner/work/AWA-App/AWA-App/C:\Users\Alexey\Documents\GitHub\AWA-App\services\fees_h10\worker.py': No source for code: '/home/runner/work/AWA-App/AWA-App/C:\Users\Alexey\Documents\GitHub\AWA-App\services\fees_h10\worker.py'. (couldnt-parse)
2025-08-18T09:07:39.2378181Z   coverage._warn(msg, slug="couldnt-parse")
2025-08-18T09:07:39.2380599Z /opt/hostedtoolcache/Python/3.11.13/x64/lib/python3.11/site-packages/coverage/report_core.py:118: CoverageWarning: Couldn't parse '/home/runner/work/AWA-App/AWA-App/C:\Users\Alexey\Documents\GitHub\AWA-App\services\ingest\__init__.py': No source for code: '/home/runner/work/AWA-App/AWA-App/C:\Users\Alexey\Documents\GitHub\AWA-App\services\ingest\__init__.py'. (couldnt-parse)
2025-08-18T09:07:39.2383093Z   coverage._warn(msg, slug="couldnt-parse")
2025-08-18T09:07:39.2385646Z /opt/hostedtoolcache/Python/3.11.13/x64/lib/python3.11/site-packages/coverage/report_core.py:118: CoverageWarning: Couldn't parse '/home/runner/work/AWA-App/AWA-App/C:\Users\Alexey\Documents\GitHub\AWA-App\services\ingest\email_watcher.py': No source for code: '/home/runner/work/AWA-App/AWA-App/C:\Users\Alexey\Documents\GitHub\AWA-App\services\ingest\email_watcher.py'. (couldnt-parse)
2025-08-18T09:07:39.2388657Z   coverage._warn(msg, slug="couldnt-parse")
2025-08-18T09:07:39.2391236Z /opt/hostedtoolcache/Python/3.11.13/x64/lib/python3.11/site-packages/coverage/report_core.py:118: CoverageWarning: Couldn't parse '/home/runner/work/AWA-App/AWA-App/C:\Users\Alexey\Documents\GitHub\AWA-App\services\ingest\ingest_router.py': No source for code: '/home/runner/work/AWA-App/AWA-App/C:\Users\Alexey\Documents\GitHub\AWA-App\services\ingest\ingest_router.py'. (couldnt-parse)
2025-08-18T09:07:39.2393829Z   coverage._warn(msg, slug="couldnt-parse")
2025-08-18T09:07:39.2396384Z /opt/hostedtoolcache/Python/3.11.13/x64/lib/python3.11/site-packages/coverage/report_core.py:118: CoverageWarning: Couldn't parse '/home/runner/work/AWA-App/AWA-App/C:\Users\Alexey\Documents\GitHub\AWA-App\services\ingest\upload_router.py': No source for code: '/home/runner/work/AWA-App/AWA-App/C:\Users\Alexey\Documents\GitHub\AWA-App\services\ingest\upload_router.py'. (couldnt-parse)
2025-08-18T09:07:39.2399153Z   coverage._warn(msg, slug="couldnt-parse")
2025-08-18T09:07:39.2401679Z /opt/hostedtoolcache/Python/3.11.13/x64/lib/python3.11/site-packages/coverage/report_core.py:118: CoverageWarning: Couldn't parse '/home/runner/work/AWA-App/AWA-App/C:\Users\Alexey\Documents\GitHub\AWA-App\services\llm_server\__init__.py': No source for code: '/home/runner/work/AWA-App/AWA-App/C:\Users\Alexey\Documents\GitHub\AWA-App\services\llm_server\__init__.py'. (couldnt-parse)
2025-08-18T09:07:39.2404515Z   coverage._warn(msg, slug="couldnt-parse")
2025-08-18T09:07:39.2407034Z /opt/hostedtoolcache/Python/3.11.13/x64/lib/python3.11/site-packages/coverage/report_core.py:118: CoverageWarning: Couldn't parse '/home/runner/work/AWA-App/AWA-App/C:\Users\Alexey\Documents\GitHub\AWA-App\services\llm_server\app.py': No source for code: '/home/runner/work/AWA-App/AWA-App/C:\Users\Alexey\Documents\GitHub\AWA-App\services\llm_server\app.py'. (couldnt-parse)
2025-08-18T09:07:39.2409749Z   coverage._warn(msg, slug="couldnt-parse")
2025-08-18T09:07:39.2412332Z /opt/hostedtoolcache/Python/3.11.13/x64/lib/python3.11/site-packages/coverage/report_core.py:118: CoverageWarning: Couldn't parse '/home/runner/work/AWA-App/AWA-App/C:\Users\Alexey\Documents\GitHub\AWA-App\services\logistics_etl\__init__.py': No source for code: '/home/runner/work/AWA-App/AWA-App/C:\Users\Alexey\Documents\GitHub\AWA-App\services\logistics_etl\__init__.py'. (couldnt-parse)
2025-08-18T09:07:39.2414922Z   coverage._warn(msg, slug="couldnt-parse")
2025-08-18T09:07:39.2417477Z /opt/hostedtoolcache/Python/3.11.13/x64/lib/python3.11/site-packages/coverage/report_core.py:118: CoverageWarning: Couldn't parse '/home/runner/work/AWA-App/AWA-App/C:\Users\Alexey\Documents\GitHub\AWA-App\services\logistics_etl\__main__.py': No source for code: '/home/runner/work/AWA-App/AWA-App/C:\Users\Alexey\Documents\GitHub\AWA-App\services\logistics_etl\__main__.py'. (couldnt-parse)
2025-08-18T09:07:39.2420313Z   coverage._warn(msg, slug="couldnt-parse")
2025-08-18T09:07:39.2422901Z /opt/hostedtoolcache/Python/3.11.13/x64/lib/python3.11/site-packages/coverage/report_core.py:118: CoverageWarning: Couldn't parse '/home/runner/work/AWA-App/AWA-App/C:\Users\Alexey\Documents\GitHub\AWA-App\services\logistics_etl\client.py': No source for code: '/home/runner/work/AWA-App/AWA-App/C:\Users\Alexey\Documents\GitHub\AWA-App\services\logistics_etl\client.py'. (couldnt-parse)
2025-08-18T09:07:39.2425434Z   coverage._warn(msg, slug="couldnt-parse")
2025-08-18T09:07:39.2428103Z /opt/hostedtoolcache/Python/3.11.13/x64/lib/python3.11/site-packages/coverage/report_core.py:118: CoverageWarning: Couldn't parse '/home/runner/work/AWA-App/AWA-App/C:\Users\Alexey\Documents\GitHub\AWA-App\services\logistics_etl\cron.py': No source for code: '/home/runner/work/AWA-App/AWA-App/C:\Users\Alexey\Documents\GitHub\AWA-App\services\logistics_etl\cron.py'. (couldnt-parse)
2025-08-18T09:07:39.2430908Z   coverage._warn(msg, slug="couldnt-parse")
2025-08-18T09:07:39.2433449Z /opt/hostedtoolcache/Python/3.11.13/x64/lib/python3.11/site-packages/coverage/report_core.py:118: CoverageWarning: Couldn't parse '/home/runner/work/AWA-App/AWA-App/C:\Users\Alexey\Documents\GitHub\AWA-App\services\logistics_etl\db.py': No source for code: '/home/runner/work/AWA-App/AWA-App/C:\Users\Alexey\Documents\GitHub\AWA-App\services\logistics_etl\db.py'. (couldnt-parse)
2025-08-18T09:07:39.2436008Z   coverage._warn(msg, slug="couldnt-parse")
2025-08-18T09:07:39.2438753Z /opt/hostedtoolcache/Python/3.11.13/x64/lib/python3.11/site-packages/coverage/report_core.py:118: CoverageWarning: Couldn't parse '/home/runner/work/AWA-App/AWA-App/C:\Users\Alexey\Documents\GitHub\AWA-App\services\logistics_etl\flow.py': No source for code: '/home/runner/work/AWA-App/AWA-App/C:\Users\Alexey\Documents\GitHub\AWA-App\services\logistics_etl\flow.py'. (couldnt-parse)
2025-08-18T09:07:39.2441357Z   coverage._warn(msg, slug="couldnt-parse")
2025-08-18T09:07:39.2443876Z /opt/hostedtoolcache/Python/3.11.13/x64/lib/python3.11/site-packages/coverage/report_core.py:118: CoverageWarning: Couldn't parse '/home/runner/work/AWA-App/AWA-App/C:\Users\Alexey\Documents\GitHub\AWA-App\services\logistics_etl\repository.py': No source for code: '/home/runner/work/AWA-App/AWA-App/C:\Users\Alexey\Documents\GitHub\AWA-App\services\logistics_etl\repository.py'. (couldnt-parse)
2025-08-18T09:07:39.2446451Z   coverage._warn(msg, slug="couldnt-parse")
2025-08-18T09:07:39.2449456Z /opt/hostedtoolcache/Python/3.11.13/x64/lib/python3.11/site-packages/coverage/report_core.py:118: CoverageWarning: Couldn't parse '/home/runner/work/AWA-App/AWA-App/C:\Users\Alexey\Documents\GitHub\AWA-App\services\price_importer\__init__.py': No source for code: '/home/runner/work/AWA-App/AWA-App/C:\Users\Alexey\Documents\GitHub\AWA-App\services\price_importer\__init__.py'. (couldnt-parse)
2025-08-18T09:07:39.2451685Z   coverage._warn(msg, slug="couldnt-parse")
2025-08-18T09:07:39.2453913Z /opt/hostedtoolcache/Python/3.11.13/x64/lib/python3.11/site-packages/coverage/report_core.py:118: CoverageWarning: Couldn't parse '/home/runner/work/AWA-App/AWA-App/C:\Users\Alexey\Documents\GitHub\AWA-App\services\price_importer\common\__init__.py': No source for code: '/home/runner/work/AWA-App/AWA-App/C:\Users\Alexey\Documents\GitHub\AWA-App\services\price_importer\common\__init__.py'. (couldnt-parse)
2025-08-18T09:07:39.2456151Z   coverage._warn(msg, slug="couldnt-parse")
2025-08-18T09:07:39.2458752Z /opt/hostedtoolcache/Python/3.11.13/x64/lib/python3.11/site-packages/coverage/report_core.py:118: CoverageWarning: Couldn't parse '/home/runner/work/AWA-App/AWA-App/C:\Users\Alexey\Documents\GitHub\AWA-App\services\price_importer\common\base.py': No source for code: '/home/runner/work/AWA-App/AWA-App/C:\Users\Alexey\Documents\GitHub\AWA-App\services\price_importer\common\base.py'. (couldnt-parse)
2025-08-18T09:07:39.2461283Z   coverage._warn(msg, slug="couldnt-parse")
2025-08-18T09:07:39.2463734Z /opt/hostedtoolcache/Python/3.11.13/x64/lib/python3.11/site-packages/coverage/report_core.py:118: CoverageWarning: Couldn't parse '/home/runner/work/AWA-App/AWA-App/C:\Users\Alexey\Documents\GitHub\AWA-App\services\price_importer\common\db_url.py': No source for code: '/home/runner/work/AWA-App/AWA-App/C:\Users\Alexey\Documents\GitHub\AWA-App\services\price_importer\common\db_url.py'. (couldnt-parse)
2025-08-18T09:07:39.2466395Z   coverage._warn(msg, slug="couldnt-parse")
2025-08-18T09:07:39.2469289Z /opt/hostedtoolcache/Python/3.11.13/x64/lib/python3.11/site-packages/coverage/report_core.py:118: CoverageWarning: Couldn't parse '/home/runner/work/AWA-App/AWA-App/C:\Users\Alexey\Documents\GitHub\AWA-App\services\price_importer\common\models_vendor.py': No source for code: '/home/runner/work/AWA-App/AWA-App/C:\Users\Alexey\Documents\GitHub\AWA-App\services\price_importer\common\models_vendor.py'. (couldnt-parse)
2025-08-18T09:07:39.2472219Z   coverage._warn(msg, slug="couldnt-parse")
2025-08-18T09:07:39.2474789Z /opt/hostedtoolcache/Python/3.11.13/x64/lib/python3.11/site-packages/coverage/report_core.py:118: CoverageWarning: Couldn't parse '/home/runner/work/AWA-App/AWA-App/C:\Users\Alexey\Documents\GitHub\AWA-App\services\price_importer\import.py': No source for code: '/home/runner/work/AWA-App/AWA-App/C:\Users\Alexey\Documents\GitHub\AWA-App\services\price_importer\import.py'. (couldnt-parse)
2025-08-18T09:07:39.2477383Z   coverage._warn(msg, slug="couldnt-parse")
2025-08-18T09:07:39.2480188Z /opt/hostedtoolcache/Python/3.11.13/x64/lib/python3.11/site-packages/coverage/report_core.py:118: CoverageWarning: Couldn't parse '/home/runner/work/AWA-App/AWA-App/C:\Users\Alexey\Documents\GitHub\AWA-App\services\price_importer\normaliser.py': No source for code: '/home/runner/work/AWA-App/AWA-App/C:\Users\Alexey\Documents\GitHub\AWA-App\services\price_importer\normaliser.py'. (couldnt-parse)
2025-08-18T09:07:39.2482811Z   coverage._warn(msg, slug="couldnt-parse")
2025-08-18T09:07:39.2485345Z /opt/hostedtoolcache/Python/3.11.13/x64/lib/python3.11/site-packages/coverage/report_core.py:118: CoverageWarning: Couldn't parse '/home/runner/work/AWA-App/AWA-App/C:\Users\Alexey\Documents\GitHub\AWA-App\services\price_importer\reader.py': No source for code: '/home/runner/work/AWA-App/AWA-App/C:\Users\Alexey\Documents\GitHub\AWA-App\services\price_importer\reader.py'. (couldnt-parse)
2025-08-18T09:07:39.2488100Z   coverage._warn(msg, slug="couldnt-parse")
2025-08-18T09:07:39.2490941Z /opt/hostedtoolcache/Python/3.11.13/x64/lib/python3.11/site-packages/coverage/report_core.py:118: CoverageWarning: Couldn't parse '/home/runner/work/AWA-App/AWA-App/C:\Users\Alexey\Documents\GitHub\AWA-App\services\price_importer\repository.py': No source for code: '/home/runner/work/AWA-App/AWA-App/C:\Users\Alexey\Documents\GitHub\AWA-App\services\price_importer\repository.py'. (couldnt-parse)
2025-08-18T09:07:39.2493605Z   coverage._warn(msg, slug="couldnt-parse")
2025-08-18T09:07:39.2496313Z /opt/hostedtoolcache/Python/3.11.13/x64/lib/python3.11/site-packages/coverage/report_core.py:118: CoverageWarning: Couldn't parse '/home/runner/work/AWA-App/AWA-App/C:\Users\Alexey\Documents\GitHub\AWA-App\services\price_importer\services_common\__init__.py': No source for code: '/home/runner/work/AWA-App/AWA-App/C:\Users\Alexey\Documents\GitHub\AWA-App\services\price_importer\services_common\__init__.py'. (couldnt-parse)
2025-08-18T09:07:39.2499277Z   coverage._warn(msg, slug="couldnt-parse")
2025-08-18T09:07:39.2502034Z /opt/hostedtoolcache/Python/3.11.13/x64/lib/python3.11/site-packages/coverage/report_core.py:118: CoverageWarning: Couldn't parse '/home/runner/work/AWA-App/AWA-App/C:\Users\Alexey\Documents\GitHub\AWA-App\services\price_importer\services_common\base.py': No source for code: '/home/runner/work/AWA-App/AWA-App/C:\Users\Alexey\Documents\GitHub\AWA-App\services\price_importer\services_common\base.py'. (couldnt-parse)
2025-08-18T09:07:39.2504827Z   coverage._warn(msg, slug="couldnt-parse")
2025-08-18T09:07:39.2507764Z /opt/hostedtoolcache/Python/3.11.13/x64/lib/python3.11/site-packages/coverage/report_core.py:118: CoverageWarning: Couldn't parse '/home/runner/work/AWA-App/AWA-App/C:\Users\Alexey\Documents\GitHub\AWA-App\services\price_importer\services_common\db.py': No source for code: '/home/runner/work/AWA-App/AWA-App/C:\Users\Alexey\Documents\GitHub\AWA-App\services\price_importer\services_common\db.py'. (couldnt-parse)
2025-08-18T09:07:39.2510488Z   coverage._warn(msg, slug="couldnt-parse")
2025-08-18T09:07:39.2513245Z /opt/hostedtoolcache/Python/3.11.13/x64/lib/python3.11/site-packages/coverage/report_core.py:118: CoverageWarning: Couldn't parse '/home/runner/work/AWA-App/AWA-App/C:\Users\Alexey\Documents\GitHub\AWA-App\services\price_importer\services_common\db_url.py': No source for code: '/home/runner/work/AWA-App/AWA-App/C:\Users\Alexey\Documents\GitHub\AWA-App\services\price_importer\services_common\db_url.py'. (couldnt-parse)
2025-08-18T09:07:39.2515959Z   coverage._warn(msg, slug="couldnt-parse")
2025-08-18T09:07:39.2519000Z /opt/hostedtoolcache/Python/3.11.13/x64/lib/python3.11/site-packages/coverage/report_core.py:118: CoverageWarning: Couldn't parse '/home/runner/work/AWA-App/AWA-App/C:\Users\Alexey\Documents\GitHub\AWA-App\services\price_importer\services_common\dsn.py': No source for code: '/home/runner/work/AWA-App/AWA-App/C:\Users\Alexey\Documents\GitHub\AWA-App\services\price_importer\services_common\dsn.py'. (couldnt-parse)
2025-08-18T09:07:39.2521643Z   coverage._warn(msg, slug="couldnt-parse")
2025-08-18T09:07:39.2524329Z /opt/hostedtoolcache/Python/3.11.13/x64/lib/python3.11/site-packages/coverage/report_core.py:118: CoverageWarning: Couldn't parse '/home/runner/work/AWA-App/AWA-App/C:\Users\Alexey\Documents\GitHub\AWA-App\services\price_importer\services_common\keepa.py': No source for code: '/home/runner/work/AWA-App/AWA-App/C:\Users\Alexey\Documents\GitHub\AWA-App\services\price_importer\services_common\keepa.py'. (couldnt-parse)
2025-08-18T09:07:39.2527012Z   coverage._warn(msg, slug="couldnt-parse")
2025-08-18T09:07:39.2529811Z /opt/hostedtoolcache/Python/3.11.13/x64/lib/python3.11/site-packages/coverage/report_core.py:118: CoverageWarning: Couldn't parse '/home/runner/work/AWA-App/AWA-App/C:\Users\Alexey\Documents\GitHub\AWA-App\services\price_importer\services_common\llm.py': No source for code: '/home/runner/work/AWA-App/AWA-App/C:\Users\Alexey\Documents\GitHub\AWA-App\services\price_importer\services_common\llm.py'. (couldnt-parse)
2025-08-18T09:07:39.2532483Z   coverage._warn(msg, slug="couldnt-parse")
2025-08-18T09:07:39.2535517Z /opt/hostedtoolcache/Python/3.11.13/x64/lib/python3.11/site-packages/coverage/report_core.py:118: CoverageWarning: Couldn't parse '/home/runner/work/AWA-App/AWA-App/C:\Users\Alexey\Documents\GitHub\AWA-App\services\price_importer\services_common\models_vendor.py': No source for code: '/home/runner/work/AWA-App/AWA-App/C:\Users\Alexey\Documents\GitHub\AWA-App\services\price_importer\services_common\models_vendor.py'. (couldnt-parse)
2025-08-18T09:07:39.2538604Z   coverage._warn(msg, slug="couldnt-parse")
2025-08-18T09:07:39.2541391Z /opt/hostedtoolcache/Python/3.11.13/x64/lib/python3.11/site-packages/coverage/report_core.py:118: CoverageWarning: Couldn't parse '/home/runner/work/AWA-App/AWA-App/C:\Users\Alexey\Documents\GitHub\AWA-App\services\price_importer\services_common\settings.py': No source for code: '/home/runner/work/AWA-App/AWA-App/C:\Users\Alexey\Documents\GitHub\AWA-App\services\price_importer\services_common\settings.py'. (couldnt-parse)
2025-08-18T09:07:39.2544159Z   coverage._warn(msg, slug="couldnt-parse")
2025-08-18T09:07:39.2546634Z /opt/hostedtoolcache/Python/3.11.13/x64/lib/python3.11/site-packages/coverage/report_core.py:118: CoverageWarning: Couldn't parse '/home/runner/work/AWA-App/AWA-App/C:\Users\Alexey\Documents\GitHub\AWA-App\services\repricer\__init__.py': No source for code: '/home/runner/work/AWA-App/AWA-App/C:\Users\Alexey\Documents\GitHub\AWA-App\services\repricer\__init__.py'. (couldnt-parse)
2025-08-18T09:07:39.2549258Z   coverage._warn(msg, slug="couldnt-parse")
2025-08-18T09:07:39.2551754Z /opt/hostedtoolcache/Python/3.11.13/x64/lib/python3.11/site-packages/coverage/report_core.py:118: CoverageWarning: Couldn't parse '/home/runner/work/AWA-App/AWA-App/C:\Users\Alexey\Documents\GitHub\AWA-App\services\repricer\app\__init__.py': No source for code: '/home/runner/work/AWA-App/AWA-App/C:\Users\Alexey\Documents\GitHub\AWA-App\services\repricer\app\__init__.py'. (couldnt-parse)
2025-08-18T09:07:39.2554262Z   coverage._warn(msg, slug="couldnt-parse")
2025-08-18T09:07:39.2556790Z /opt/hostedtoolcache/Python/3.11.13/x64/lib/python3.11/site-packages/coverage/report_core.py:118: CoverageWarning: Couldn't parse '/home/runner/work/AWA-App/AWA-App/C:\Users\Alexey\Documents\GitHub\AWA-App\services\repricer\app\deps.py': No source for code: '/home/runner/work/AWA-App/AWA-App/C:\Users\Alexey\Documents\GitHub\AWA-App\services\repricer\app\deps.py'. (couldnt-parse)
2025-08-18T09:07:39.2559431Z   coverage._warn(msg, slug="couldnt-parse")
2025-08-18T09:07:39.2562148Z /opt/hostedtoolcache/Python/3.11.13/x64/lib/python3.11/site-packages/coverage/report_core.py:118: CoverageWarning: Couldn't parse '/home/runner/work/AWA-App/AWA-App/C:\Users\Alexey\Documents\GitHub\AWA-App\services\repricer\app\logic.py': No source for code: '/home/runner/work/AWA-App/AWA-App/C:\Users\Alexey\Documents\GitHub\AWA-App\services\repricer\app\logic.py'. (couldnt-parse)
2025-08-18T09:07:39.2564666Z   coverage._warn(msg, slug="couldnt-parse")
2025-08-18T09:07:39.2567121Z /opt/hostedtoolcache/Python/3.11.13/x64/lib/python3.11/site-packages/coverage/report_core.py:118: CoverageWarning: Couldn't parse '/home/runner/work/AWA-App/AWA-App/C:\Users\Alexey\Documents\GitHub\AWA-App\services\repricer\app\main.py': No source for code: '/home/runner/work/AWA-App/AWA-App/C:\Users\Alexey\Documents\GitHub\AWA-App\services\repricer\app\main.py'. (couldnt-parse)
2025-08-18T09:07:39.2569570Z   coverage._warn(msg, slug="couldnt-parse")
2025-08-18T09:07:39.2571388Z /opt/hostedtoolcache/Python/3.11.13/x64/lib/python3.11/site-packages/coverage/report_core.py:118: CoverageWarning: Couldn't parse '/home/runner/work/AWA-App/AWA-App/C:\Users\Alexey\Documents\GitHub\AWA-App\services\repricer\app\schemas.py': No source for code: '/home/runner/work/AWA-App/AWA-App/C:\Users\Alexey\Documents\GitHub\AWA-App\services\repricer\app\schemas.py'. (couldnt-parse)
2025-08-18T09:07:39.2573108Z   coverage._warn(msg, slug="couldnt-parse")
2025-08-18T09:07:39.2575006Z /opt/hostedtoolcache/Python/3.11.13/x64/lib/python3.11/site-packages/coverage/report_core.py:118: CoverageWarning: Couldn't parse '/home/runner/work/AWA-App/AWA-App/C:\Users\Alexey\Documents\GitHub\AWA-App\services\returns_etl\loader.py': No source for code: '/home/runner/work/AWA-App/AWA-App/C:\Users\Alexey\Documents\GitHub\AWA-App\services\returns_etl\loader.py'. (couldnt-parse)
2025-08-18T09:07:39.2576689Z   coverage._warn(msg, slug="couldnt-parse")
2025-08-18T09:07:39.5926590Z ............                                                             [100%]
2025-08-18T09:07:39.5927350Z ================================ tests coverage ================================
2025-08-18T09:07:39.5928401Z _______________ coverage: platform linux, python 3.11.13-final-0 _______________
2025-08-18T09:07:39.5928938Z 
2025-08-18T09:07:39.5929159Z Coverage XML written to file coverage.xml
2025-08-18T09:07:39.7249922Z ##[group]Run actions/upload-artifact@v4
2025-08-18T09:07:39.7250224Z with:
2025-08-18T09:07:39.7250418Z   name: coverage.integration
2025-08-18T09:07:39.7250645Z   path: .coverage
2025-08-18T09:07:39.7250845Z   if-no-files-found: warn
2025-08-18T09:07:39.7251061Z   compression-level: 6
2025-08-18T09:07:39.7251258Z   overwrite: false
2025-08-18T09:07:39.7251461Z   include-hidden-files: false
2025-08-18T09:07:39.7251678Z env:
2025-08-18T09:07:39.7251846Z   PG_USER: postgres
2025-08-18T09:07:39.7252036Z   PG_PASSWORD: pass
2025-08-18T09:07:39.7252219Z   PG_DATABASE: awa
2025-08-18T09:07:39.7252416Z   PG_HOST: localhost
2025-08-18T09:07:39.7252626Z   PG_PORT: 5432
2025-08-18T09:07:39.7253077Z   PG_SYNC_DSN: ***localhost:5432/awa
2025-08-18T09:07:39.7253513Z   PG_ASYNC_DSN: ***localhost:5432/awa
2025-08-18T09:07:39.7253903Z   DATABASE_URL: ***localhost:5432/awa
2025-08-18T09:07:39.7254143Z   DATA_DIR: /tmp/awa-data
2025-08-18T09:07:39.7254350Z   ENABLE_LIVE: 0
2025-08-18T09:07:39.7254552Z   TESTING: 1
2025-08-18T09:07:39.7254793Z   pythonLocation: /opt/hostedtoolcache/Python/3.11.13/x64
2025-08-18T09:07:39.7255206Z   PKG_CONFIG_PATH: /opt/hostedtoolcache/Python/3.11.13/x64/lib/pkgconfig
2025-08-18T09:07:39.7255608Z   Python_ROOT_DIR: /opt/hostedtoolcache/Python/3.11.13/x64
2025-08-18T09:07:39.7255967Z   Python2_ROOT_DIR: /opt/hostedtoolcache/Python/3.11.13/x64
2025-08-18T09:07:39.7256336Z   Python3_ROOT_DIR: /opt/hostedtoolcache/Python/3.11.13/x64
2025-08-18T09:07:39.7256700Z   LD_LIBRARY_PATH: /opt/hostedtoolcache/Python/3.11.13/x64/lib
2025-08-18T09:07:39.7257000Z ##[endgroup]
2025-08-18T09:07:39.9535414Z ##[warning]No files were found with the provided path: .coverage. No artifacts will be uploaded.
2025-08-18T09:07:40.0144398Z Post job cleanup.
2025-08-18T09:07:40.1606206Z [command]/usr/bin/tar --posix -cf cache.tzst --exclude cache.tzst -P -C /home/runner/work/AWA-App/AWA-App --files-from manifest.txt --use-compress-program zstdmt
2025-08-18T09:07:41.8443092Z Sent 0 of 252682171 (0.0%), 0.0 MBs/sec
2025-08-18T09:07:42.8453367Z Sent 118464443 of 252682171 (46.9%), 56.4 MBs/sec
2025-08-18T09:07:43.1918370Z Sent 252682171 of 252682171 (100.0%), 102.6 MBs/sec
2025-08-18T09:07:43.3602717Z Cache saved with key: Linux-int-d3de683594cb625a73bcccfc0794889f3224e8fada9f47a4bcc03532e260c787
2025-08-18T09:07:43.3738360Z Post job cleanup.
2025-08-18T09:07:43.5428696Z [command]/usr/bin/tar --posix -cf cache.tzst --exclude cache.tzst -P -C /home/runner/work/AWA-App/AWA-App --files-from manifest.txt --use-compress-program zstdmt
2025-08-18T09:07:45.2183289Z Sent 0 of 252678859 (0.0%), 0.0 MBs/sec
2025-08-18T09:07:46.2216357Z Sent 252678859 of 252678859 (100.0%), 120.2 MBs/sec
2025-08-18T09:07:46.5695524Z Cache saved with the key: setup-python-Linux-x64-24.04-Ubuntu-python-3.11.13-pip-d3de683594cb625a73bcccfc0794889f3224e8fada9f47a4bcc03532e260c787
2025-08-18T09:07:46.5803830Z Post job cleanup.
2025-08-18T09:07:46.6726068Z [command]/usr/bin/git version
2025-08-18T09:07:46.6761840Z git version 2.50.1
2025-08-18T09:07:46.6813205Z Temporarily overriding HOME='/home/runner/work/_temp/e5640fd5-91c3-462a-b924-02eec5d80df2' before making global git config changes
2025-08-18T09:07:46.6814396Z Adding repository directory to the temporary git global config as a safe directory
2025-08-18T09:07:46.6819633Z [command]/usr/bin/git config --global --add safe.directory /home/runner/work/AWA-App/AWA-App
2025-08-18T09:07:46.6854949Z [command]/usr/bin/git config --local --name-only --get-regexp core\.sshCommand
2025-08-18T09:07:46.6887818Z [command]/usr/bin/git submodule foreach --recursive sh -c "git config --local --name-only --get-regexp 'core\.sshCommand' && git config --local --unset-all 'core.sshCommand' || :"
2025-08-18T09:07:46.7113630Z [command]/usr/bin/git config --local --name-only --get-regexp http\.https\:\/\/github\.com\/\.extraheader
2025-08-18T09:07:46.7134743Z http.https://github.com/.extraheader
2025-08-18T09:07:46.7148547Z [command]/usr/bin/git config --local --unset-all http.https://github.com/.extraheader
2025-08-18T09:07:46.7179085Z [command]/usr/bin/git submodule foreach --recursive sh -c "git config --local --name-only --get-regexp 'http\.https\:\/\/github\.com\/\.extraheader' && git config --local --unset-all 'http.https://github.com/.extraheader' || :"
2025-08-18T09:07:46.7480112Z Print service container logs: 3399d92b3620424c8e574f298d13003b_postgres15_a690d9
2025-08-18T09:07:46.7484885Z ##[command]/usr/bin/docker logs --details 69a8ffa58b1cc9719c5f21c110123ffa1d8c10a701a24c02c5d731d136997ec0
2025-08-18T09:07:46.7606684Z  initdb: warning: enabling "trust" authentication for local connections
2025-08-18T09:07:46.7608061Z  initdb: hint: You can change this by editing pg_hba.conf or using the option -A, or --auth-local and --auth-host, the next time you run initdb.
2025-08-18T09:07:46.7609277Z  The files belonging to this database system will be owned by user "postgres".
2025-08-18T09:07:46.7610498Z  2025-08-18 09:06:39.609 UTC [1] LOG:  starting PostgreSQL 15.14 (Debian 15.14-1.pgdg13+1) on x86_64-pc-linux-gnu, compiled by gcc (Debian 14.2.0-19) 14.2.0, 64-bit
2025-08-18T09:07:46.7611603Z  2025-08-18 09:06:39.609 UTC [1] LOG:  listening on IPv4 address "0.0.0.0", port 5432
2025-08-18T09:07:46.7612369Z  2025-08-18 09:06:39.609 UTC [1] LOG:  listening on IPv6 address "::", port 5432
2025-08-18T09:07:46.7613177Z  2025-08-18 09:06:39.610 UTC [1] LOG:  listening on Unix socket "/var/run/postgresql/.s.PGSQL.5432"
2025-08-18T09:07:46.7614038Z  2025-08-18 09:06:39.613 UTC [64] LOG:  database system was shut down at 2025-08-18 09:06:39 UTC
2025-08-18T09:07:46.7614826Z  2025-08-18 09:06:39.617 UTC [1] LOG:  database system is ready to accept connections
2025-08-18T09:07:46.7615745Z  This user must also own the server process.
2025-08-18T09:07:46.7616188Z  
2025-08-18T09:07:46.7616636Z  The database cluster will be initialized with locale "en_US.utf8".
2025-08-18T09:07:46.7617385Z  The default database encoding has accordingly been set to "UTF8".
2025-08-18T09:07:46.7618237Z  The default text search configuration will be set to "english".
2025-08-18T09:07:46.7618799Z  
2025-08-18T09:07:46.7619116Z  Data page checksums are disabled.
2025-08-18T09:07:46.7619521Z  
2025-08-18T09:07:46.7620007Z  fixing permissions on existing directory /var/lib/postgresql/data ... ok
2025-08-18T09:07:46.7620664Z  creating subdirectories ... ok
2025-08-18T09:07:46.7621187Z  selecting dynamic shared memory implementation ... posix
2025-08-18T09:07:46.7621760Z  selecting default max_connections ... 100
2025-08-18T09:07:46.7622545Z  selecting default shared_buffers ... 128MB
2025-08-18T09:07:46.7623132Z  selecting default time zone ... Etc/UTC
2025-08-18T09:07:46.7623592Z  creating configuration files ... ok
2025-08-18T09:07:46.7624039Z  running bootstrap script ... ok
2025-08-18T09:07:46.7624354Z  performing post-bootstrap initialization ... ok
2025-08-18T09:07:46.7624669Z  syncing data to disk ... ok
2025-08-18T09:07:46.7624889Z  
2025-08-18T09:07:46.7625050Z  
2025-08-18T09:07:46.7625292Z  Success. You can now start the database server using:
2025-08-18T09:07:46.7625577Z  
2025-08-18T09:07:46.7625800Z      pg_ctl -D /var/lib/postgresql/data -l logfile start
2025-08-18T09:07:46.7626088Z  
2025-08-18T09:07:46.7626654Z  waiting for server to start....2025-08-18 09:06:39.305 UTC [48] LOG:  starting PostgreSQL 15.14 (Debian 15.14-1.pgdg13+1) on x86_64-pc-linux-gnu, compiled by gcc (Debian 14.2.0-19) 14.2.0, 64-bit
2025-08-18T09:07:46.7627421Z  2025-08-18 09:06:39.305 UTC [48] LOG:  listening on Unix socket "/var/run/postgresql/.s.PGSQL.5432"
2025-08-18T09:07:46.7628205Z  2025-08-18 09:06:39.308 UTC [51] LOG:  database system was shut down at 2025-08-18 09:06:39 UTC
2025-08-18T09:07:46.7628673Z  2025-08-18 09:06:39.312 UTC [48] LOG:  database system is ready to accept connections
2025-08-18T09:07:46.7629023Z   done
2025-08-18T09:07:46.7629197Z  server started
2025-08-18T09:07:46.7629387Z  CREATE DATABASE
2025-08-18T09:07:46.7629571Z  
2025-08-18T09:07:46.7629726Z  
2025-08-18T09:07:46.7630037Z  /usr/local/bin/docker-entrypoint.sh: ignoring /docker-entrypoint-initdb.d/*
2025-08-18T09:07:46.7630416Z  
2025-08-18T09:07:46.7630651Z  2025-08-18 09:06:39.490 UTC [48] LOG:  received fast shutdown request
2025-08-18T09:07:46.7631358Z  waiting for server to shut down....2025-08-18 09:06:39.491 UTC [48] LOG:  aborting any active transactions
2025-08-18T09:07:46.7631982Z  2025-08-18 09:06:39.492 UTC [48] LOG:  background worker "logical replication launcher" (PID 54) exited with exit code 1
2025-08-18T09:07:46.7632461Z  2025-08-18 09:06:39.492 UTC [49] LOG:  shutting down
2025-08-18T09:07:46.7632823Z  2025-08-18 09:06:39.493 UTC [49] LOG:  checkpoint starting: shutdown immediate
2025-08-18T09:07:46.7633678Z  2025-08-18 09:06:39.510 UTC [49] LOG:  checkpoint complete: wrote 922 buffers (5.6%); 0 WAL file(s) added, 0 removed, 0 recycled; write=0.014 s, sync=0.002 s, total=0.018 s; sync files=301, longest=0.001 s, average=0.001 s; distance=4239 kB, estimate=4239 kB
2025-08-18T09:07:46.7634519Z  2025-08-18 09:06:39.516 UTC [48] LOG:  database system is shut down
2025-08-18T09:07:46.7634813Z   done
2025-08-18T09:07:46.7634999Z  server stopped
2025-08-18T09:07:46.7635181Z  
2025-08-18T09:07:46.7635406Z  PostgreSQL init process complete; ready for start up.
2025-08-18T09:07:46.7635688Z  
2025-08-18T09:07:46.7640879Z Stop and remove container: 3399d92b3620424c8e574f298d13003b_postgres15_a690d9
2025-08-18T09:07:46.7645547Z ##[command]/usr/bin/docker rm --force 69a8ffa58b1cc9719c5f21c110123ffa1d8c10a701a24c02c5d731d136997ec0
2025-08-18T09:07:47.5242537Z 69a8ffa58b1cc9719c5f21c110123ffa1d8c10a701a24c02c5d731d136997ec0
2025-08-18T09:07:47.5268125Z Remove container network: github_network_f86727ccb72b480387f073c6d38e639d
2025-08-18T09:07:47.5272559Z ##[command]/usr/bin/docker network rm github_network_f86727ccb72b480387f073c6d38e639d
2025-08-18T09:07:47.6276106Z github_network_f86727ccb72b480387f073c6d38e639d
2025-08-18T09:07:47.6333449Z Cleaning up orphan processes
