2025-08-17T21:37:08.8887704Z Current runner version: '2.327.1'
2025-08-17T21:37:08.8910549Z ##[group]Runner Image Provisioner
2025-08-17T21:37:08.8911473Z Hosted Compute Agent
2025-08-17T21:37:08.8911988Z Version: 20250812.370
2025-08-17T21:37:08.8912563Z Commit: 4a2b2bf7520004e3e907c2150c8cabe342a3da32
2025-08-17T21:37:08.8913479Z Build Date: 2025-08-12T16:08:14Z
2025-08-17T21:37:08.8914088Z ##[endgroup]
2025-08-17T21:37:08.8914567Z ##[group]Operating System
2025-08-17T21:37:08.8915185Z Ubuntu
2025-08-17T21:37:08.8915625Z 24.04.2
2025-08-17T21:37:08.8916093Z LTS
2025-08-17T21:37:08.8916618Z ##[endgroup]
2025-08-17T21:37:08.8917074Z ##[group]Runner Image
2025-08-17T21:37:08.8917613Z Image: ubuntu-24.04
2025-08-17T21:37:08.8918108Z Version: 20250810.1.0
2025-08-17T21:37:08.8919113Z Included Software: https://github.com/actions/runner-images/blob/ubuntu24/20250810.1/images/ubuntu/Ubuntu2404-Readme.md
2025-08-17T21:37:08.8920558Z Image Release: https://github.com/actions/runner-images/releases/tag/ubuntu24%2F20250810.1
2025-08-17T21:37:08.8921605Z ##[endgroup]
2025-08-17T21:37:08.8924043Z ##[group]GITHUB_TOKEN Permissions
2025-08-17T21:37:08.8926037Z Actions: write
2025-08-17T21:37:08.8926555Z Attestations: write
2025-08-17T21:37:08.8927166Z Checks: write
2025-08-17T21:37:08.8927642Z Contents: write
2025-08-17T21:37:08.8928147Z Deployments: write
2025-08-17T21:37:08.8928605Z Discussions: write
2025-08-17T21:37:08.8929163Z Issues: write
2025-08-17T21:37:08.8929675Z Metadata: read
2025-08-17T21:37:08.8930211Z Models: read
2025-08-17T21:37:08.8930753Z Packages: write
2025-08-17T21:37:08.8931215Z Pages: write
2025-08-17T21:37:08.8931699Z PullRequests: write
2025-08-17T21:37:08.8932252Z RepositoryProjects: write
2025-08-17T21:37:08.8932812Z SecurityEvents: write
2025-08-17T21:37:08.8933667Z Statuses: write
2025-08-17T21:37:08.8934359Z ##[endgroup]
2025-08-17T21:37:08.8936399Z Secret source: Actions
2025-08-17T21:37:08.8937049Z Prepare workflow directory
2025-08-17T21:37:08.9353539Z Prepare all required actions
2025-08-17T21:37:08.9410887Z Getting action download info
2025-08-17T21:37:09.3846049Z Download action repository 'actions/checkout@v4' (SHA:08eba0b27e820071cde6df949e0beb9ba4906955)
2025-08-17T21:37:09.8985045Z Download action repository 'actions/setup-python@v5' (SHA:a26af69be951a213d495a4c3e4e4022e16d87065)
2025-08-17T21:37:10.4992468Z Download action repository 'actions/cache@v4' (SHA:0400d5f644dc74513175e3cd8d07132dd4860809)
2025-08-17T21:37:11.1147038Z Download action repository 'actions/upload-artifact@v4' (SHA:ea165f8d65b6e75b540449e92b4886f43607fa02)
2025-08-17T21:37:11.4172708Z Complete job name: integration-db
2025-08-17T21:37:11.4704185Z ##[group]Checking docker version
2025-08-17T21:37:11.4717615Z ##[command]/usr/bin/docker version --format '{{.Server.APIVersion}}'
2025-08-17T21:37:11.5151077Z '1.48'
2025-08-17T21:37:11.5163894Z Docker daemon API version: '1.48'
2025-08-17T21:37:11.5165309Z ##[command]/usr/bin/docker version --format '{{.Client.APIVersion}}'
2025-08-17T21:37:11.5322810Z '1.48'
2025-08-17T21:37:11.5336933Z Docker client API version: '1.48'
2025-08-17T21:37:11.5342451Z ##[endgroup]
2025-08-17T21:37:11.5346470Z ##[group]Clean up resources from previous jobs
2025-08-17T21:37:11.5352534Z ##[command]/usr/bin/docker ps --all --quiet --no-trunc --filter "label=b346bf"
2025-08-17T21:37:11.5497503Z ##[command]/usr/bin/docker network prune --force --filter "label=b346bf"
2025-08-17T21:37:11.5622394Z ##[endgroup]
2025-08-17T21:37:11.5623486Z ##[group]Create local container network
2025-08-17T21:37:11.5634322Z ##[command]/usr/bin/docker network create --label b346bf github_network_4ea85ac95dc44ea6b18ad4a5f8299b25
2025-08-17T21:37:11.6129015Z f762f8105da0adbaaca9335b1374ceb25cf9172e1f4307a6f07c8755ba7bca9c
2025-08-17T21:37:11.6147195Z ##[endgroup]
2025-08-17T21:37:11.6173882Z ##[group]Starting postgres service container
2025-08-17T21:37:11.6194780Z ##[command]/usr/bin/docker pull postgres:15
2025-08-17T21:37:12.7474581Z 15: Pulling from library/postgres
2025-08-17T21:37:13.0044479Z 396b1da7636e: Pulling fs layer
2025-08-17T21:37:13.0045456Z fca2566eba32: Pulling fs layer
2025-08-17T21:37:13.0045883Z 631fe8c6d606: Pulling fs layer
2025-08-17T21:37:13.0046294Z 77c7671c4414: Pulling fs layer
2025-08-17T21:37:13.0046685Z 2d9e29180a27: Pulling fs layer
2025-08-17T21:37:13.0047116Z c6bcc2c9a041: Pulling fs layer
2025-08-17T21:37:13.0047548Z ac4b721eb66f: Pulling fs layer
2025-08-17T21:37:13.0047928Z 606bd164980e: Pulling fs layer
2025-08-17T21:37:13.0048317Z f5dfd246bc6e: Pulling fs layer
2025-08-17T21:37:13.0048700Z ba7036bb0a60: Pulling fs layer
2025-08-17T21:37:13.0049083Z 799f859abbbd: Pulling fs layer
2025-08-17T21:37:13.0049476Z d903e777080c: Pulling fs layer
2025-08-17T21:37:13.0049859Z 04adcb462801: Pulling fs layer
2025-08-17T21:37:13.0050231Z 5c10925b29ff: Pulling fs layer
2025-08-17T21:37:13.0050605Z 77c7671c4414: Waiting
2025-08-17T21:37:13.0050939Z 2d9e29180a27: Waiting
2025-08-17T21:37:13.0051279Z c6bcc2c9a041: Waiting
2025-08-17T21:37:13.0051605Z ac4b721eb66f: Waiting
2025-08-17T21:37:13.0051975Z 606bd164980e: Waiting
2025-08-17T21:37:13.0052182Z f5dfd246bc6e: Waiting
2025-08-17T21:37:13.0052362Z ba7036bb0a60: Waiting
2025-08-17T21:37:13.0052539Z 799f859abbbd: Waiting
2025-08-17T21:37:13.0052707Z d903e777080c: Waiting
2025-08-17T21:37:13.0052879Z 04adcb462801: Waiting
2025-08-17T21:37:13.0053047Z 5c10925b29ff: Waiting
2025-08-17T21:37:13.2829340Z fca2566eba32: Verifying Checksum
2025-08-17T21:37:13.2829992Z fca2566eba32: Download complete
2025-08-17T21:37:13.3541125Z 631fe8c6d606: Verifying Checksum
2025-08-17T21:37:13.3542246Z 631fe8c6d606: Download complete
2025-08-17T21:37:13.4257395Z 396b1da7636e: Verifying Checksum
2025-08-17T21:37:13.4258025Z 396b1da7636e: Download complete
2025-08-17T21:37:13.5668664Z 77c7671c4414: Verifying Checksum
2025-08-17T21:37:13.5674821Z 77c7671c4414: Download complete
2025-08-17T21:37:13.7005865Z c6bcc2c9a041: Verifying Checksum
2025-08-17T21:37:13.7006675Z c6bcc2c9a041: Download complete
2025-08-17T21:37:13.7567690Z 2d9e29180a27: Verifying Checksum
2025-08-17T21:37:13.7568329Z 2d9e29180a27: Download complete
2025-08-17T21:37:13.8358255Z ac4b721eb66f: Verifying Checksum
2025-08-17T21:37:13.8358841Z ac4b721eb66f: Download complete
2025-08-17T21:37:14.0601232Z 606bd164980e: Verifying Checksum
2025-08-17T21:37:14.0602229Z 606bd164980e: Download complete
2025-08-17T21:37:14.1978114Z ba7036bb0a60: Download complete
2025-08-17T21:37:14.3829697Z 396b1da7636e: Pull complete
2025-08-17T21:37:14.4108385Z 799f859abbbd: Verifying Checksum
2025-08-17T21:37:14.4109841Z 799f859abbbd: Download complete
2025-08-17T21:37:14.4534154Z d903e777080c: Verifying Checksum
2025-08-17T21:37:14.4535475Z d903e777080c: Download complete
2025-08-17T21:37:14.5460078Z fca2566eba32: Pull complete
2025-08-17T21:37:14.7082391Z 04adcb462801: Verifying Checksum
2025-08-17T21:37:14.7083484Z 04adcb462801: Download complete
2025-08-17T21:37:14.7426792Z 631fe8c6d606: Pull complete
2025-08-17T21:37:14.7671393Z 5c10925b29ff: Verifying Checksum
2025-08-17T21:37:14.7671930Z 5c10925b29ff: Download complete
2025-08-17T21:37:14.7925681Z 77c7671c4414: Pull complete
2025-08-17T21:37:14.8819641Z f5dfd246bc6e: Verifying Checksum
2025-08-17T21:37:14.8821788Z f5dfd246bc6e: Download complete
2025-08-17T21:37:15.0990714Z 2d9e29180a27: Pull complete
2025-08-17T21:37:15.1815460Z c6bcc2c9a041: Pull complete
2025-08-17T21:37:15.1950817Z ac4b721eb66f: Pull complete
2025-08-17T21:37:15.2061763Z 606bd164980e: Pull complete
2025-08-17T21:37:18.1561400Z f5dfd246bc6e: Pull complete
2025-08-17T21:37:18.1705971Z ba7036bb0a60: Pull complete
2025-08-17T21:37:18.1809848Z 799f859abbbd: Pull complete
2025-08-17T21:37:18.1929186Z d903e777080c: Pull complete
2025-08-17T21:37:18.2052910Z 04adcb462801: Pull complete
2025-08-17T21:37:18.2157262Z 5c10925b29ff: Pull complete
2025-08-17T21:37:18.2196029Z Digest: sha256:bc51cf4f1fe02cce7ed2370b20128a9b00b4eb804573a77d2a0d877aaa9c82b1
2025-08-17T21:37:18.2210405Z Status: Downloaded newer image for postgres:15
2025-08-17T21:37:18.2219404Z docker.io/library/postgres:15
2025-08-17T21:37:18.2278471Z ##[command]/usr/bin/docker create --name 20f3d3d3ff414ad4b22e955ef19060df_postgres15_c83690 --label b346bf --network github_network_4ea85ac95dc44ea6b18ad4a5f8299b25 --network-alias postgres -p 5432:5432 --health-cmd="pg_isready -U postgres -d awa" --health-interval=5s --health-timeout=5s --health-retries=10 -e "POSTGRES_USER=postgres" -e "POSTGRES_PASSWORD=pass" -e "POSTGRES_DB=awa" -e GITHUB_ACTIONS=true -e CI=true postgres:15
2025-08-17T21:37:18.2537560Z 8d0b37262d743390bec876a142be51bc8c1ba76d42381508d7508e42ff1b72cb
2025-08-17T21:37:18.2562173Z ##[command]/usr/bin/docker start 8d0b37262d743390bec876a142be51bc8c1ba76d42381508d7508e42ff1b72cb
2025-08-17T21:37:18.5715256Z 8d0b37262d743390bec876a142be51bc8c1ba76d42381508d7508e42ff1b72cb
2025-08-17T21:37:18.5738986Z ##[command]/usr/bin/docker ps --all --filter id=8d0b37262d743390bec876a142be51bc8c1ba76d42381508d7508e42ff1b72cb --filter status=running --no-trunc --format "{{.ID}} {{.Status}}"
2025-08-17T21:37:18.5870830Z 8d0b37262d743390bec876a142be51bc8c1ba76d42381508d7508e42ff1b72cb Up Less than a second (health: starting)
2025-08-17T21:37:18.5891198Z ##[command]/usr/bin/docker port 8d0b37262d743390bec876a142be51bc8c1ba76d42381508d7508e42ff1b72cb
2025-08-17T21:37:18.6018336Z 5432/tcp -> 0.0.0.0:5432
2025-08-17T21:37:18.6019215Z 5432/tcp -> [::]:5432
2025-08-17T21:37:18.6063969Z ##[endgroup]
2025-08-17T21:37:18.6072150Z ##[group]Waiting for all services to be ready
2025-08-17T21:37:18.6085247Z ##[command]/usr/bin/docker inspect --format="{{if .Config.Healthcheck}}{{print .State.Health.Status}}{{end}}" 8d0b37262d743390bec876a142be51bc8c1ba76d42381508d7508e42ff1b72cb
2025-08-17T21:37:18.6217155Z starting
2025-08-17T21:37:18.6240857Z postgres service is starting, waiting 2 seconds before checking again.
2025-08-17T21:37:20.6241563Z ##[command]/usr/bin/docker inspect --format="{{if .Config.Healthcheck}}{{print .State.Health.Status}}{{end}}" 8d0b37262d743390bec876a142be51bc8c1ba76d42381508d7508e42ff1b72cb
2025-08-17T21:37:20.6359494Z starting
2025-08-17T21:37:20.6374018Z postgres service is starting, waiting 4 seconds before checking again.
2025-08-17T21:37:24.8751681Z ##[command]/usr/bin/docker inspect --format="{{if .Config.Healthcheck}}{{print .State.Health.Status}}{{end}}" 8d0b37262d743390bec876a142be51bc8c1ba76d42381508d7508e42ff1b72cb
2025-08-17T21:37:24.8870662Z healthy
2025-08-17T21:37:24.8886864Z postgres service is healthy.
2025-08-17T21:37:24.8887750Z ##[endgroup]
2025-08-17T21:37:24.9193886Z ##[group]Run actions/checkout@v4
2025-08-17T21:37:24.9194438Z with:
2025-08-17T21:37:24.9194619Z   fetch-depth: 0
2025-08-17T21:37:24.9194823Z   repository: AlexBomber12/AWA-App
2025-08-17T21:37:24.9195190Z   token: ***
2025-08-17T21:37:24.9195369Z   ssh-strict: true
2025-08-17T21:37:24.9195548Z   ssh-user: git
2025-08-17T21:37:24.9195737Z   persist-credentials: true
2025-08-17T21:37:24.9195941Z   clean: true
2025-08-17T21:37:24.9196130Z   sparse-checkout-cone-mode: true
2025-08-17T21:37:24.9196349Z   fetch-tags: false
2025-08-17T21:37:24.9196532Z   show-progress: true
2025-08-17T21:37:24.9196706Z   lfs: false
2025-08-17T21:37:24.9196885Z   submodules: false
2025-08-17T21:37:24.9197061Z   set-safe-directory: true
2025-08-17T21:37:24.9197438Z ##[endgroup]
2025-08-17T21:37:25.0239722Z Syncing repository: AlexBomber12/AWA-App
2025-08-17T21:37:25.0240892Z ##[group]Getting Git version info
2025-08-17T21:37:25.0241252Z Working directory is '/home/runner/work/AWA-App/AWA-App'
2025-08-17T21:37:25.0241785Z [command]/usr/bin/git version
2025-08-17T21:37:25.0280257Z git version 2.50.1
2025-08-17T21:37:25.0305866Z ##[endgroup]
2025-08-17T21:37:25.0319796Z Temporarily overriding HOME='/home/runner/work/_temp/2e6fc432-0226-48c2-80d5-2795f4bff704' before making global git config changes
2025-08-17T21:37:25.0324927Z Adding repository directory to the temporary git global config as a safe directory
2025-08-17T21:37:25.0325965Z [command]/usr/bin/git config --global --add safe.directory /home/runner/work/AWA-App/AWA-App
2025-08-17T21:37:25.0358824Z Deleting the contents of '/home/runner/work/AWA-App/AWA-App'
2025-08-17T21:37:25.0362275Z ##[group]Initializing the repository
2025-08-17T21:37:25.0366908Z [command]/usr/bin/git init /home/runner/work/AWA-App/AWA-App
2025-08-17T21:37:25.0424477Z hint: Using 'master' as the name for the initial branch. This default branch name
2025-08-17T21:37:25.0427142Z hint: is subject to change. To configure the initial branch name to use in all
2025-08-17T21:37:25.0428008Z hint: of your new repositories, which will suppress this warning, call:
2025-08-17T21:37:25.0428362Z hint:
2025-08-17T21:37:25.0428632Z hint: 	git config --global init.defaultBranch <name>
2025-08-17T21:37:25.0429072Z hint:
2025-08-17T21:37:25.0429583Z hint: Names commonly chosen instead of 'master' are 'main', 'trunk' and
2025-08-17T21:37:25.0430438Z hint: 'development'. The just-created branch can be renamed via this command:
2025-08-17T21:37:25.0431077Z hint:
2025-08-17T21:37:25.0431416Z hint: 	git branch -m <name>
2025-08-17T21:37:25.0431816Z hint:
2025-08-17T21:37:25.0432370Z hint: Disable this message with "git config set advice.defaultBranchName false"
2025-08-17T21:37:25.0433523Z Initialized empty Git repository in /home/runner/work/AWA-App/AWA-App/.git/
2025-08-17T21:37:25.0440055Z [command]/usr/bin/git remote add origin https://github.com/AlexBomber12/AWA-App
2025-08-17T21:37:25.0471843Z ##[endgroup]
2025-08-17T21:37:25.0472458Z ##[group]Disabling automatic garbage collection
2025-08-17T21:37:25.0476912Z [command]/usr/bin/git config --local gc.auto 0
2025-08-17T21:37:25.0503909Z ##[endgroup]
2025-08-17T21:37:25.0504511Z ##[group]Setting up auth
2025-08-17T21:37:25.0511328Z [command]/usr/bin/git config --local --name-only --get-regexp core\.sshCommand
2025-08-17T21:37:25.0540042Z [command]/usr/bin/git submodule foreach --recursive sh -c "git config --local --name-only --get-regexp 'core\.sshCommand' && git config --local --unset-all 'core.sshCommand' || :"
2025-08-17T21:37:25.0797666Z [command]/usr/bin/git config --local --name-only --get-regexp http\.https\:\/\/github\.com\/\.extraheader
2025-08-17T21:37:25.0828696Z [command]/usr/bin/git submodule foreach --recursive sh -c "git config --local --name-only --get-regexp 'http\.https\:\/\/github\.com\/\.extraheader' && git config --local --unset-all 'http.https://github.com/.extraheader' || :"
2025-08-17T21:37:25.1044875Z [command]/usr/bin/git config --local http.https://github.com/.extraheader AUTHORIZATION: basic ***
2025-08-17T21:37:25.1081204Z ##[endgroup]
2025-08-17T21:37:25.1081895Z ##[group]Fetching the repository
2025-08-17T21:37:25.1090761Z [command]/usr/bin/git -c protocol.version=2 fetch --prune --no-recurse-submodules origin +refs/heads/*:refs/remotes/origin/* +refs/tags/*:refs/tags/* +6a639c765900744f1fd93134c6b801cc8f95ad0c:refs/remotes/pull/237/merge
2025-08-17T21:37:26.3901900Z From https://github.com/AlexBomber12/AWA-App
2025-08-17T21:37:26.3902885Z  * [new branch]      codex/add-db-performance-features-and-idempotency -> origin/codex/add-db-performance-features-and-idempotency
2025-08-17T21:37:26.3904556Z  * [new branch]      codex/add-support-for-four-new-amazon-report-types -> origin/codex/add-support-for-four-new-amazon-report-types
2025-08-17T21:37:26.3905590Z  * [new branch]      codex/analyze-ci-logs-and-implement-fixes -> origin/codex/analyze-ci-logs-and-implement-fixes
2025-08-17T21:37:26.3906683Z  * [new branch]      codex/fix-ci-workflows-based-on-log-analysis -> origin/codex/fix-ci-workflows-based-on-log-analysis
2025-08-17T21:37:26.3909014Z  * [new branch]      codex/fix-ci-workflows-based-on-log-analysis-t1z5bl -> origin/codex/fix-ci-workflows-based-on-log-analysis-t1z5bl
2025-08-17T21:37:26.3910489Z  * [new branch]      codex/fix-ci-workflows-based-on-logs     -> origin/codex/fix-ci-workflows-based-on-logs
2025-08-17T21:37:26.3912574Z  * [new branch]      codex/fix-ci-workflows-to-pass-all-tests -> origin/codex/fix-ci-workflows-to-pass-all-tests
2025-08-17T21:37:26.3915064Z  * [new branch]      codex/implement-background-file-ingest-with-celery -> origin/codex/implement-background-file-ingest-with-celery
2025-08-17T21:37:26.3916936Z  * [new branch]      codex/implement-minimal-ci-fixes-from-logs -> origin/codex/implement-minimal-ci-fixes-from-logs
2025-08-17T21:37:26.3918663Z  * [new branch]      gh-pages                                 -> origin/gh-pages
2025-08-17T21:37:26.3920539Z  * [new branch]      main                                     -> origin/main
2025-08-17T21:37:26.3922056Z  * [new tag]         0.3.0                                    -> 0.3.0
2025-08-17T21:37:26.3926169Z  * [new ref]         6a639c765900744f1fd93134c6b801cc8f95ad0c -> pull/237/merge
2025-08-17T21:37:26.3958207Z ##[endgroup]
2025-08-17T21:37:26.3958762Z ##[group]Determining the checkout info
2025-08-17T21:37:26.3959568Z ##[endgroup]
2025-08-17T21:37:26.3964684Z [command]/usr/bin/git sparse-checkout disable
2025-08-17T21:37:26.4002071Z [command]/usr/bin/git config --local --unset-all extensions.worktreeConfig
2025-08-17T21:37:26.4029105Z ##[group]Checking out the ref
2025-08-17T21:37:26.4032757Z [command]/usr/bin/git checkout --progress --force refs/remotes/pull/237/merge
2025-08-17T21:37:26.4394165Z Note: switching to 'refs/remotes/pull/237/merge'.
2025-08-17T21:37:26.4394592Z 
2025-08-17T21:37:26.4395087Z You are in 'detached HEAD' state. You can look around, make experimental
2025-08-17T21:37:26.4395985Z changes and commit them, and you can discard any commits you make in this
2025-08-17T21:37:26.4396872Z state without impacting any branches by switching back to a branch.
2025-08-17T21:37:26.4397309Z 
2025-08-17T21:37:26.4397633Z If you want to create a new branch to retain commits you create, you may
2025-08-17T21:37:26.4398422Z do so (now or later) by using -c with the switch command. Example:
2025-08-17T21:37:26.4398880Z 
2025-08-17T21:37:26.4399083Z   git switch -c <new-branch-name>
2025-08-17T21:37:26.4399444Z 
2025-08-17T21:37:26.4399636Z Or undo this operation with:
2025-08-17T21:37:26.4399992Z 
2025-08-17T21:37:26.4400150Z   git switch -
2025-08-17T21:37:26.4400385Z 
2025-08-17T21:37:26.4400841Z Turn off this advice by setting config variable advice.detachedHead to false
2025-08-17T21:37:26.4401537Z 
2025-08-17T21:37:26.4402269Z HEAD is now at 6a639c7 Merge b0c8201512ac3092c5b011eaf6073a01e9edcba1 into 346c4787286d3f7289069df3252573122878fd7a
2025-08-17T21:37:26.4405451Z ##[endgroup]
2025-08-17T21:37:26.4444407Z [command]/usr/bin/git log -1 --format=%H
2025-08-17T21:37:26.4466413Z 6a639c765900744f1fd93134c6b801cc8f95ad0c
2025-08-17T21:37:26.4625745Z ##[group]Run cat .env.ci >> "$GITHUB_ENV"
2025-08-17T21:37:26.4626078Z [36;1mcat .env.ci >> "$GITHUB_ENV"[0m
2025-08-17T21:37:26.4626768Z [36;1mecho "DATABASE_URL=***localhost:5432/awa" >> "$GITHUB_ENV"[0m
2025-08-17T21:37:26.4627130Z [36;1mecho "PG_HOST=localhost" >> "$GITHUB_ENV"[0m
2025-08-17T21:37:26.4627418Z [36;1mecho "PG_PORT=5432" >> "$GITHUB_ENV"[0m
2025-08-17T21:37:26.4627713Z [36;1mecho "PG_USER=postgres" >> "$GITHUB_ENV"[0m
2025-08-17T21:37:26.4628000Z [36;1mecho "PG_PASSWORD=pass" >> "$GITHUB_ENV"[0m
2025-08-17T21:37:26.4628285Z [36;1mecho "PG_DATABASE=awa" >> "$GITHUB_ENV"[0m
2025-08-17T21:37:26.4670801Z shell: /usr/bin/bash -e {0}
2025-08-17T21:37:26.4671057Z ##[endgroup]
2025-08-17T21:37:26.4838553Z ##[group]Run actions/setup-python@v5
2025-08-17T21:37:26.4838807Z with:
2025-08-17T21:37:26.4838988Z   python-version: 3.11
2025-08-17T21:37:26.4839191Z   cache: pip
2025-08-17T21:37:26.4839402Z   cache-dependency-path: requirements-dev.txt

2025-08-17T21:37:26.4839672Z   check-latest: false
2025-08-17T21:37:26.4839972Z   token: ***
2025-08-17T21:37:26.4840161Z   update-environment: true
2025-08-17T21:37:26.4840373Z   allow-prereleases: false
2025-08-17T21:37:26.4840579Z   freethreaded: false
2025-08-17T21:37:26.4840764Z env:
2025-08-17T21:37:26.4840920Z   PG_USER: postgres
2025-08-17T21:37:26.4841103Z   PG_PASSWORD: pass
2025-08-17T21:37:26.4841276Z   PG_DATABASE: awa
2025-08-17T21:37:26.4841452Z   PG_HOST: localhost
2025-08-17T21:37:26.4841625Z   PG_PORT: 5432
2025-08-17T21:37:26.4842017Z   PG_SYNC_DSN: ***localhost:5432/awa
2025-08-17T21:37:26.4842399Z   PG_ASYNC_DSN: ***localhost:5432/awa
2025-08-17T21:37:26.4842814Z   DATABASE_URL: ***localhost:5432/awa
2025-08-17T21:37:26.4843446Z   DATA_DIR: /tmp/awa-data
2025-08-17T21:37:26.4843744Z   ENABLE_LIVE: 0
2025-08-17T21:37:26.4843935Z   TESTING: 1
2025-08-17T21:37:26.4844102Z ##[endgroup]
2025-08-17T21:37:26.6528365Z ##[group]Installed versions
2025-08-17T21:37:26.7311223Z Successfully set up CPython (3.11.13)
2025-08-17T21:37:26.7312067Z ##[endgroup]
2025-08-17T21:37:26.7687707Z [command]/opt/hostedtoolcache/Python/3.11.13/x64/bin/pip cache dir
2025-08-17T21:37:28.5533999Z /home/runner/.cache/pip
2025-08-17T21:37:28.8834269Z Cache hit for: setup-python-Linux-x64-24.04-Ubuntu-python-3.11.13-pip-842a859a37b6f31d35b1262d499b1acd0270bca26490137bed88679f7bc0eea4
2025-08-17T21:37:30.1929255Z Received 0 of 252620365 (0.0%), 0.0 MBs/sec
2025-08-17T21:37:31.1937012Z Received 125829120 of 252620365 (49.8%), 60.0 MBs/sec
2025-08-17T21:37:32.2001047Z Received 234881024 of 252620365 (93.0%), 74.6 MBs/sec
2025-08-17T21:37:32.3647509Z Received 252620365 of 252620365 (100.0%), 76.1 MBs/sec
2025-08-17T21:37:32.3648372Z Cache Size: ~241 MB (252620365 B)
2025-08-17T21:37:32.3704084Z [command]/usr/bin/tar -xf /home/runner/work/_temp/9ae732b2-3be9-4975-962c-0bf20794031b/cache.tzst -P -C /home/runner/work/AWA-App/AWA-App --use-compress-program unzstd
2025-08-17T21:37:32.7927085Z Cache restored successfully
2025-08-17T21:37:32.8407117Z Cache restored from key: setup-python-Linux-x64-24.04-Ubuntu-python-3.11.13-pip-842a859a37b6f31d35b1262d499b1acd0270bca26490137bed88679f7bc0eea4
2025-08-17T21:37:32.9105734Z ##[group]Run actions/cache@v4
2025-08-17T21:37:32.9105995Z with:
2025-08-17T21:37:32.9106219Z   path: ~/.cache/pip
.pytest_cache
~/.ruff_cache

2025-08-17T21:37:32.9106644Z   key: Linux-int-842a859a37b6f31d35b1262d499b1acd0270bca26490137bed88679f7bc0eea4
2025-08-17T21:37:32.9107042Z   restore-keys: Linux-int-
2025-08-17T21:37:32.9107265Z   enableCrossOsArchive: false
2025-08-17T21:37:32.9107495Z   fail-on-cache-miss: false
2025-08-17T21:37:32.9107710Z   lookup-only: false
2025-08-17T21:37:32.9107900Z   save-always: false
2025-08-17T21:37:32.9108088Z env:
2025-08-17T21:37:32.9108255Z   PG_USER: postgres
2025-08-17T21:37:32.9108447Z   PG_PASSWORD: pass
2025-08-17T21:37:32.9108634Z   PG_DATABASE: awa
2025-08-17T21:37:32.9108825Z   PG_HOST: localhost
2025-08-17T21:37:32.9109012Z   PG_PORT: 5432
2025-08-17T21:37:32.9109689Z   PG_SYNC_DSN: ***localhost:5432/awa
2025-08-17T21:37:32.9110178Z   PG_ASYNC_DSN: ***localhost:5432/awa
2025-08-17T21:37:32.9110609Z   DATABASE_URL: ***localhost:5432/awa
2025-08-17T21:37:32.9110846Z   DATA_DIR: /tmp/awa-data
2025-08-17T21:37:32.9111049Z   ENABLE_LIVE: 0
2025-08-17T21:37:32.9111225Z   TESTING: 1
2025-08-17T21:37:32.9111471Z   pythonLocation: /opt/hostedtoolcache/Python/3.11.13/x64
2025-08-17T21:37:32.9111872Z   PKG_CONFIG_PATH: /opt/hostedtoolcache/Python/3.11.13/x64/lib/pkgconfig
2025-08-17T21:37:32.9112260Z   Python_ROOT_DIR: /opt/hostedtoolcache/Python/3.11.13/x64
2025-08-17T21:37:32.9112612Z   Python2_ROOT_DIR: /opt/hostedtoolcache/Python/3.11.13/x64
2025-08-17T21:37:32.9112957Z   Python3_ROOT_DIR: /opt/hostedtoolcache/Python/3.11.13/x64
2025-08-17T21:37:32.9113622Z   LD_LIBRARY_PATH: /opt/hostedtoolcache/Python/3.11.13/x64/lib
2025-08-17T21:37:32.9113949Z ##[endgroup]
2025-08-17T21:37:33.3154834Z Cache hit for: Linux-int-842a859a37b6f31d35b1262d499b1acd0270bca26490137bed88679f7bc0eea4
2025-08-17T21:37:34.6415441Z Received 0 of 252623373 (0.0%), 0.0 MBs/sec
2025-08-17T21:37:35.6428798Z Received 109051904 of 252623373 (43.2%), 52.0 MBs/sec
2025-08-17T21:37:36.6428498Z Received 163577856 of 252623373 (64.8%), 52.0 MBs/sec
2025-08-17T21:37:37.4031198Z Received 252623373 of 252623373 (100.0%), 64.1 MBs/sec
2025-08-17T21:37:37.4033508Z Cache Size: ~241 MB (252623373 B)
2025-08-17T21:37:37.4116323Z [command]/usr/bin/tar -xf /home/runner/work/_temp/371942df-020c-4ed2-90b2-688c7deb983c/cache.tzst -P -C /home/runner/work/AWA-App/AWA-App --use-compress-program unzstd
2025-08-17T21:37:37.8530369Z Cache restored successfully
2025-08-17T21:37:37.9080734Z Cache restored from key: Linux-int-842a859a37b6f31d35b1262d499b1acd0270bca26490137bed88679f7bc0eea4
2025-08-17T21:37:37.9190704Z ##[group]Run pip install -r requirements-dev.txt
2025-08-17T21:37:37.9191156Z [36;1mpip install -r requirements-dev.txt[0m
2025-08-17T21:37:37.9191470Z [36;1mpip install keepa==1.3.15 minio==7.1.15[0m
2025-08-17T21:37:37.9232737Z shell: /usr/bin/bash -e {0}
2025-08-17T21:37:37.9232977Z env:
2025-08-17T21:37:37.9233159Z   PG_USER: postgres
2025-08-17T21:37:37.9233637Z   PG_PASSWORD: pass
2025-08-17T21:37:37.9233838Z   PG_DATABASE: awa
2025-08-17T21:37:37.9234043Z   PG_HOST: localhost
2025-08-17T21:37:37.9234241Z   PG_PORT: 5432
2025-08-17T21:37:37.9234706Z   PG_SYNC_DSN: ***localhost:5432/awa
2025-08-17T21:37:37.9235136Z   PG_ASYNC_DSN: ***localhost:5432/awa
2025-08-17T21:37:37.9235536Z   DATABASE_URL: ***localhost:5432/awa
2025-08-17T21:37:37.9235779Z   DATA_DIR: /tmp/awa-data
2025-08-17T21:37:37.9235997Z   ENABLE_LIVE: 0
2025-08-17T21:37:37.9236185Z   TESTING: 1
2025-08-17T21:37:37.9236433Z   pythonLocation: /opt/hostedtoolcache/Python/3.11.13/x64
2025-08-17T21:37:37.9261385Z   PKG_CONFIG_PATH: /opt/hostedtoolcache/Python/3.11.13/x64/lib/pkgconfig
2025-08-17T21:37:37.9262086Z   Python_ROOT_DIR: /opt/hostedtoolcache/Python/3.11.13/x64
2025-08-17T21:37:37.9262522Z   Python2_ROOT_DIR: /opt/hostedtoolcache/Python/3.11.13/x64
2025-08-17T21:37:37.9262893Z   Python3_ROOT_DIR: /opt/hostedtoolcache/Python/3.11.13/x64
2025-08-17T21:37:37.9263634Z   LD_LIBRARY_PATH: /opt/hostedtoolcache/Python/3.11.13/x64/lib
2025-08-17T21:37:37.9263974Z ##[endgroup]
2025-08-17T21:37:39.5207102Z Collecting Jinja2==3.1.6 (from -r requirements-dev.txt (line 2))
2025-08-17T21:37:39.5224992Z   Using cached jinja2-3.1.6-py3-none-any.whl.metadata (2.9 kB)
2025-08-17T21:37:39.5436108Z Collecting alembic==1.13.1 (from -r requirements-dev.txt (line 3))
2025-08-17T21:37:39.5450972Z   Using cached alembic-1.13.1-py3-none-any.whl.metadata (7.4 kB)
2025-08-17T21:37:39.5603228Z Collecting apscheduler==3.10.4 (from -r requirements-dev.txt (line 4))
2025-08-17T21:37:39.5617822Z   Using cached APScheduler-3.10.4-py3-none-any.whl.metadata (5.7 kB)
2025-08-17T21:37:39.6085919Z Collecting asyncpg==0.30.0 (from -r requirements-dev.txt (line 5))
2025-08-17T21:37:39.6101594Z   Using cached asyncpg-0.30.0-cp311-cp311-manylinux_2_17_x86_64.manylinux2014_x86_64.whl.metadata (5.0 kB)
2025-08-17T21:37:39.6509615Z Collecting black==25.1.0 (from -r requirements-dev.txt (line 6))
2025-08-17T21:37:39.6524425Z   Using cached black-25.1.0-cp311-cp311-manylinux_2_17_x86_64.manylinux2014_x86_64.manylinux_2_28_x86_64.whl.metadata (81 kB)
2025-08-17T21:37:39.9423470Z Collecting boto3 (from -r requirements-dev.txt (line 7))
2025-08-17T21:37:39.9439199Z   Using cached boto3-1.40.11-py3-none-any.whl.metadata (6.7 kB)
2025-08-17T21:37:39.9701600Z Collecting redis==5.* (from -r requirements-dev.txt (line 8))
2025-08-17T21:37:39.9715357Z   Using cached redis-5.3.1-py3-none-any.whl.metadata (9.2 kB)
2025-08-17T21:37:40.0004605Z Collecting minio==7.* (from -r requirements-dev.txt (line 9))
2025-08-17T21:37:40.0018398Z   Using cached minio-7.2.16-py3-none-any.whl.metadata (6.5 kB)
2025-08-17T21:37:40.0282166Z Collecting celery==5.4.0 (from -r requirements-dev.txt (line 10))
2025-08-17T21:37:40.0296291Z   Using cached celery-5.4.0-py3-none-any.whl.metadata (21 kB)
2025-08-17T21:37:40.0820380Z Collecting fastapi==0.116.1 (from -r requirements-dev.txt (line 11))
2025-08-17T21:37:40.0834187Z   Using cached fastapi-0.116.1-py3-none-any.whl.metadata (28 kB)
2025-08-17T21:37:40.1053208Z Collecting httpx<0.29,>=0.27 (from -r requirements-dev.txt (line 13))
2025-08-17T21:37:40.1067000Z   Using cached httpx-0.28.1-py3-none-any.whl.metadata (7.1 kB)
2025-08-17T21:37:40.1175517Z Collecting imapclient==3.0.1 (from -r requirements-dev.txt (line 14))
2025-08-17T21:37:40.1190194Z   Using cached IMAPClient-3.0.1-py2.py3-none-any.whl.metadata (1.7 kB)
2025-08-17T21:37:40.1276067Z Collecting itsdangerous (from -r requirements-dev.txt (line 15))
2025-08-17T21:37:40.1289634Z   Using cached itsdangerous-2.2.0-py3-none-any.whl.metadata (1.9 kB)
2025-08-17T21:37:40.2430998Z Collecting mypy==1.* (from -r requirements-dev.txt (line 16))
2025-08-17T21:37:40.2446317Z   Using cached mypy-1.17.1-cp311-cp311-manylinux2014_x86_64.manylinux_2_17_x86_64.manylinux_2_28_x86_64.whl.metadata (2.2 kB)
2025-08-17T21:37:40.2535383Z Collecting mypy-extensions==1.1.0 (from -r requirements-dev.txt (line 17))
2025-08-17T21:37:40.2549176Z   Using cached mypy_extensions-1.1.0-py3-none-any.whl.metadata (1.1 kB)
2025-08-17T21:37:40.4099014Z Collecting numpy<2 (from -r requirements-dev.txt (line 18))
2025-08-17T21:37:40.4114271Z   Using cached numpy-1.26.4-cp311-cp311-manylinux_2_17_x86_64.manylinux2014_x86_64.whl.metadata (61 kB)
2025-08-17T21:37:40.4355961Z Collecting openpyxl==3.1.5 (from -r requirements-dev.txt (line 19))
2025-08-17T21:37:40.4369728Z   Using cached openpyxl-3.1.5-py2.py3-none-any.whl.metadata (2.5 kB)
2025-08-17T21:37:40.5368436Z Collecting pandas==2.2.* (from -r requirements-dev.txt (line 20))
2025-08-17T21:37:40.5383893Z   Using cached pandas-2.2.3-cp311-cp311-manylinux_2_17_x86_64.manylinux2014_x86_64.whl.metadata (89 kB)
2025-08-17T21:37:40.6232556Z Collecting psycopg2-binary==2.9.9 (from -r requirements-dev.txt (line 21))
2025-08-17T21:37:40.6246161Z   Using cached psycopg2_binary-2.9.9-cp311-cp311-manylinux_2_17_x86_64.manylinux2014_x86_64.whl.metadata (4.4 kB)
2025-08-17T21:37:40.6389944Z Collecting psycopg==3.2.9 (from psycopg[binary]==3.2.9->-r requirements-dev.txt (line 22))
2025-08-17T21:37:40.6403702Z   Using cached psycopg-3.2.9-py3-none-any.whl.metadata (4.5 kB)
2025-08-17T21:37:40.7635574Z Collecting pydantic==2.11.7 (from -r requirements-dev.txt (line 23))
2025-08-17T21:37:40.7650001Z   Using cached pydantic-2.11.7-py3-none-any.whl.metadata (67 kB)
2025-08-17T21:37:40.7687444Z Requirement already satisfied: setuptools in /opt/hostedtoolcache/Python/3.11.13/x64/lib/python3.11/site-packages (from -r requirements-dev.txt (line 24)) (65.5.0)
2025-08-17T21:37:40.7862385Z Collecting pytest-asyncio==0.23.6 (from -r requirements-dev.txt (line 25))
2025-08-17T21:37:40.7876078Z   Using cached pytest_asyncio-0.23.6-py3-none-any.whl.metadata (3.9 kB)
2025-08-17T21:37:40.8017199Z Collecting pytest-cov==6.2.1 (from -r requirements-dev.txt (line 26))
2025-08-17T21:37:40.8030174Z   Using cached pytest_cov-6.2.1-py3-none-any.whl.metadata (30 kB)
2025-08-17T21:37:40.8902617Z Collecting pytest-postgresql==7.0.2 (from -r requirements-dev.txt (line 27))
2025-08-17T21:37:40.8916321Z   Using cached pytest_postgresql-7.0.2-py3-none-any.whl.metadata (18 kB)
2025-08-17T21:37:40.9066672Z Collecting python-dotenv (from -r requirements-dev.txt (line 28))
2025-08-17T21:37:40.9079549Z   Using cached python_dotenv-1.1.1-py3-none-any.whl.metadata (24 kB)
2025-08-17T21:37:40.9182646Z Collecting python-multipart (from -r requirements-dev.txt (line 29))
2025-08-17T21:37:40.9196170Z   Using cached python_multipart-0.0.20-py3-none-any.whl.metadata (1.8 kB)
2025-08-17T21:37:40.9459387Z Collecting python-telegram-bot==22.2 (from -r requirements-dev.txt (line 30))
2025-08-17T21:37:40.9472100Z   Using cached python_telegram_bot-22.2-py3-none-any.whl.metadata (17 kB)
2025-08-17T21:37:40.9724708Z Collecting requests==2.32.4 (from -r requirements-dev.txt (line 31))
2025-08-17T21:37:40.9738086Z   Using cached requests-2.32.4-py3-none-any.whl.metadata (4.9 kB)
2025-08-17T21:37:40.9879997Z Collecting respx==0.22.0 (from -r requirements-dev.txt (line 32))
2025-08-17T21:37:40.9893483Z   Using cached respx-0.22.0-py2.py3-none-any.whl.metadata (4.1 kB)
2025-08-17T21:37:41.3342653Z Collecting ruff==0.4.4 (from -r requirements-dev.txt (line 33))
2025-08-17T21:37:41.3358931Z   Using cached ruff-0.4.4-py3-none-manylinux_2_17_x86_64.manylinux2014_x86_64.whl.metadata (23 kB)
2025-08-17T21:37:41.5809680Z Collecting sqlalchemy==2.0.29 (from -r requirements-dev.txt (line 34))
2025-08-17T21:37:41.5826171Z   Using cached SQLAlchemy-2.0.29-cp311-cp311-manylinux_2_17_x86_64.manylinux2014_x86_64.whl.metadata (9.6 kB)
2025-08-17T21:37:41.6037745Z Collecting testcontainers==4.10.0 (from testcontainers[postgres]==4.10.0->-r requirements-dev.txt (line 35))
2025-08-17T21:37:41.6051766Z   Using cached testcontainers-4.10.0-py3-none-any.whl.metadata (7.8 kB)
2025-08-17T21:37:41.6373049Z Collecting types-requests==2.32.0.20240602 (from -r requirements-dev.txt (line 36))
2025-08-17T21:37:41.6386574Z   Using cached types_requests-2.32.0.20240602-py3-none-any.whl.metadata (1.8 kB)
2025-08-17T21:37:41.7109666Z Collecting docspec-python==2.2.2 (from -r requirements-dev.txt (line 37))
2025-08-17T21:37:41.7122911Z   Using cached docspec_python-2.2.2-py3-none-any.whl.metadata (1.0 kB)
2025-08-17T21:37:41.7975698Z Collecting pydoc-markdown==4.8.2 (from -r requirements-dev.txt (line 38))
2025-08-17T21:37:41.7989466Z   Using cached pydoc_markdown-4.8.2-py3-none-any.whl.metadata (5.9 kB)
2025-08-17T21:37:41.8240995Z Collecting pandera==0.19.* (from -r requirements-dev.txt (line 39))
2025-08-17T21:37:41.8254727Z   Using cached pandera-0.19.3-py3-none-any.whl.metadata (15 kB)
2025-08-17T21:37:41.8759283Z Collecting MarkupSafe>=2.0 (from Jinja2==3.1.6->-r requirements-dev.txt (line 2))
2025-08-17T21:37:41.8773194Z   Using cached MarkupSafe-3.0.2-cp311-cp311-manylinux_2_17_x86_64.manylinux2014_x86_64.whl.metadata (4.0 kB)
2025-08-17T21:37:41.9506387Z Collecting Mako (from alembic==1.13.1->-r requirements-dev.txt (line 3))
2025-08-17T21:37:41.9520580Z   Using cached mako-1.3.10-py3-none-any.whl.metadata (2.9 kB)
2025-08-17T21:37:41.9703138Z Collecting typing-extensions>=4 (from alembic==1.13.1->-r requirements-dev.txt (line 3))
2025-08-17T21:37:41.9716506Z   Using cached typing_extensions-4.14.1-py3-none-any.whl.metadata (3.0 kB)
2025-08-17T21:37:41.9840288Z Collecting six>=1.4.0 (from apscheduler==3.10.4->-r requirements-dev.txt (line 4))
2025-08-17T21:37:41.9853640Z   Using cached six-1.17.0-py2.py3-none-any.whl.metadata (1.7 kB)
2025-08-17T21:37:42.0165799Z Collecting pytz (from apscheduler==3.10.4->-r requirements-dev.txt (line 4))
2025-08-17T21:37:42.0179308Z   Using cached pytz-2025.2-py2.py3-none-any.whl.metadata (22 kB)
2025-08-17T21:37:42.0327715Z Collecting tzlocal!=3.*,>=2.0 (from apscheduler==3.10.4->-r requirements-dev.txt (line 4))
2025-08-17T21:37:42.0342217Z   Using cached tzlocal-5.3.1-py3-none-any.whl.metadata (7.6 kB)
2025-08-17T21:37:42.0516982Z Collecting click>=8.0.0 (from black==25.1.0->-r requirements-dev.txt (line 6))
2025-08-17T21:37:42.0530127Z   Using cached click-8.2.1-py3-none-any.whl.metadata (2.5 kB)
2025-08-17T21:37:42.0668036Z Collecting packaging>=22.0 (from black==25.1.0->-r requirements-dev.txt (line 6))
2025-08-17T21:37:42.0681201Z   Using cached packaging-25.0-py3-none-any.whl.metadata (3.3 kB)
2025-08-17T21:37:42.0791819Z Collecting pathspec>=0.9.0 (from black==25.1.0->-r requirements-dev.txt (line 6))
2025-08-17T21:37:42.0805447Z   Using cached pathspec-0.12.1-py3-none-any.whl.metadata (21 kB)
2025-08-17T21:37:42.1007873Z Collecting platformdirs>=2 (from black==25.1.0->-r requirements-dev.txt (line 6))
2025-08-17T21:37:42.1020989Z   Using cached platformdirs-4.3.8-py3-none-any.whl.metadata (12 kB)
2025-08-17T21:37:42.1206869Z Collecting billiard<5.0,>=4.2.0 (from celery==5.4.0->-r requirements-dev.txt (line 10))
2025-08-17T21:37:42.1220226Z   Using cached billiard-4.2.1-py3-none-any.whl.metadata (4.4 kB)
2025-08-17T21:37:42.1509406Z Collecting kombu<6.0,>=5.3.4 (from celery==5.4.0->-r requirements-dev.txt (line 10))
2025-08-17T21:37:42.1522184Z   Using cached kombu-5.5.4-py3-none-any.whl.metadata (3.5 kB)
2025-08-17T21:37:42.1658840Z Collecting vine<6.0,>=5.1.0 (from celery==5.4.0->-r requirements-dev.txt (line 10))
2025-08-17T21:37:42.1671749Z   Using cached vine-5.1.0-py3-none-any.whl.metadata (2.7 kB)
2025-08-17T21:37:42.1816469Z Collecting click-didyoumean>=0.3.0 (from celery==5.4.0->-r requirements-dev.txt (line 10))
2025-08-17T21:37:42.1829401Z   Using cached click_didyoumean-0.3.1-py3-none-any.whl.metadata (3.9 kB)
2025-08-17T21:37:42.1957430Z Collecting click-repl>=0.2.0 (from celery==5.4.0->-r requirements-dev.txt (line 10))
2025-08-17T21:37:42.1970206Z   Using cached click_repl-0.3.0-py3-none-any.whl.metadata (3.6 kB)
2025-08-17T21:37:42.2118629Z Collecting click-plugins>=1.1.1 (from celery==5.4.0->-r requirements-dev.txt (line 10))
2025-08-17T21:37:42.2131280Z   Using cached click_plugins-1.1.1.2-py2.py3-none-any.whl.metadata (6.5 kB)
2025-08-17T21:37:42.2267028Z Collecting tzdata>=2022.7 (from celery==5.4.0->-r requirements-dev.txt (line 10))
2025-08-17T21:37:42.2279925Z   Using cached tzdata-2025.2-py2.py3-none-any.whl.metadata (1.4 kB)
2025-08-17T21:37:42.2414609Z Collecting python-dateutil>=2.8.2 (from celery==5.4.0->-r requirements-dev.txt (line 10))
2025-08-17T21:37:42.2427676Z   Using cached python_dateutil-2.9.0.post0-py2.py3-none-any.whl.metadata (8.4 kB)
2025-08-17T21:37:42.2681677Z Collecting starlette<0.48.0,>=0.40.0 (from fastapi==0.116.1->-r requirements-dev.txt (line 11))
2025-08-17T21:37:42.2695304Z   Using cached starlette-0.47.2-py3-none-any.whl.metadata (6.2 kB)
2025-08-17T21:37:42.3148447Z Collecting annotated-types>=0.6.0 (from pydantic==2.11.7->-r requirements-dev.txt (line 23))
2025-08-17T21:37:42.3161444Z   Using cached annotated_types-0.7.0-py3-none-any.whl.metadata (15 kB)
2025-08-17T21:37:42.9544476Z Collecting pydantic-core==2.33.2 (from pydantic==2.11.7->-r requirements-dev.txt (line 23))
2025-08-17T21:37:42.9560289Z   Using cached pydantic_core-2.33.2-cp311-cp311-manylinux_2_17_x86_64.manylinux2014_x86_64.whl.metadata (6.8 kB)
2025-08-17T21:37:42.9678028Z Collecting typing-inspection>=0.4.0 (from pydantic==2.11.7->-r requirements-dev.txt (line 23))
2025-08-17T21:37:42.9690960Z   Using cached typing_inspection-0.4.1-py3-none-any.whl.metadata (2.6 kB)
2025-08-17T21:37:42.9793962Z Collecting et-xmlfile (from openpyxl==3.1.5->-r requirements-dev.txt (line 19))
2025-08-17T21:37:42.9807108Z   Using cached et_xmlfile-2.0.0-py3-none-any.whl.metadata (2.7 kB)
2025-08-17T21:37:43.0212457Z Collecting pytest<9,>=7.0.0 (from pytest-asyncio==0.23.6->-r requirements-dev.txt (line 25))
2025-08-17T21:37:43.0225950Z   Using cached pytest-8.4.1-py3-none-any.whl.metadata (7.7 kB)
2025-08-17T21:37:43.3918815Z Collecting coverage>=7.5 (from coverage[toml]>=7.5->pytest-cov==6.2.1->-r requirements-dev.txt (line 26))
2025-08-17T21:37:43.3934537Z   Using cached coverage-7.10.4-cp311-cp311-manylinux1_x86_64.manylinux_2_28_x86_64.manylinux_2_5_x86_64.whl.metadata (8.9 kB)
2025-08-17T21:37:43.4122652Z Collecting pluggy>=1.2 (from pytest-cov==6.2.1->-r requirements-dev.txt (line 26))
2025-08-17T21:37:43.4136355Z   Using cached pluggy-1.6.0-py3-none-any.whl.metadata (4.8 kB)
2025-08-17T21:37:43.5015470Z Collecting port-for>=0.7.3 (from pytest-postgresql==7.0.2->-r requirements-dev.txt (line 27))
2025-08-17T21:37:43.5029473Z   Using cached port_for-0.7.4-py3-none-any.whl.metadata (7.1 kB)
2025-08-17T21:37:43.5823509Z Collecting mirakuru>=2.6.0 (from pytest-postgresql==7.0.2->-r requirements-dev.txt (line 27))
2025-08-17T21:37:43.5837370Z   Using cached mirakuru-2.6.1-py3-none-any.whl.metadata (10 kB)
2025-08-17T21:37:43.6642021Z Collecting charset_normalizer<4,>=2 (from requests==2.32.4->-r requirements-dev.txt (line 31))
2025-08-17T21:37:43.6657758Z   Using cached charset_normalizer-3.4.3-cp311-cp311-manylinux2014_x86_64.manylinux_2_17_x86_64.manylinux_2_28_x86_64.whl.metadata (36 kB)
2025-08-17T21:37:43.6788125Z Collecting idna<4,>=2.5 (from requests==2.32.4->-r requirements-dev.txt (line 31))
2025-08-17T21:37:43.6801736Z   Using cached idna-3.10-py3-none-any.whl.metadata (10 kB)
2025-08-17T21:37:43.7044147Z Collecting urllib3<3,>=1.21.1 (from requests==2.32.4->-r requirements-dev.txt (line 31))
2025-08-17T21:37:43.7057850Z   Using cached urllib3-2.5.0-py3-none-any.whl.metadata (6.5 kB)
2025-08-17T21:37:43.7235911Z Collecting certifi>=2017.4.17 (from requests==2.32.4->-r requirements-dev.txt (line 31))
2025-08-17T21:37:43.7249708Z   Using cached certifi-2025.8.3-py3-none-any.whl.metadata (2.4 kB)
2025-08-17T21:37:43.8434898Z Collecting greenlet!=0.4.17 (from sqlalchemy==2.0.29->-r requirements-dev.txt (line 34))
2025-08-17T21:37:43.8450865Z   Using cached greenlet-3.2.4-cp311-cp311-manylinux_2_24_x86_64.manylinux_2_28_x86_64.whl.metadata (4.1 kB)
2025-08-17T21:37:43.8665751Z Collecting docker (from testcontainers==4.10.0->testcontainers[postgres]==4.10.0->-r requirements-dev.txt (line 35))
2025-08-17T21:37:43.8679274Z   Using cached docker-7.1.0-py3-none-any.whl.metadata (3.8 kB)
2025-08-17T21:37:43.9617781Z Collecting wrapt (from testcontainers==4.10.0->testcontainers[postgres]==4.10.0->-r requirements-dev.txt (line 35))
2025-08-17T21:37:43.9632366Z   Using cached wrapt-1.17.3-cp311-cp311-manylinux1_x86_64.manylinux_2_28_x86_64.manylinux_2_5_x86_64.whl.metadata (6.4 kB)
2025-08-17T21:37:44.0635639Z Collecting docspec==2.2.1 (from docspec-python==2.2.2->-r requirements-dev.txt (line 37))
2025-08-17T21:37:44.0648815Z   Using cached docspec-2.2.1-py3-none-any.whl.metadata (1.5 kB)
2025-08-17T21:37:44.1472371Z Collecting nr-util>=0.8.12 (from docspec-python==2.2.2->-r requirements-dev.txt (line 37))
2025-08-17T21:37:44.1486426Z   Using cached nr.util-0.8.12-py3-none-any.whl.metadata (813 bytes)
2025-08-17T21:37:44.1870995Z Collecting PyYAML<7.0,>=5.0 (from pydoc-markdown==4.8.2->-r requirements-dev.txt (line 38))
2025-08-17T21:37:44.1884646Z   Using cached PyYAML-6.0.2-cp311-cp311-manylinux_2_17_x86_64.manylinux2014_x86_64.whl.metadata (2.1 kB)
2025-08-17T21:37:44.2834521Z Collecting databind.core<5.0.0,>=4.4.0 (from pydoc-markdown==4.8.2->-r requirements-dev.txt (line 38))
2025-08-17T21:37:44.2848188Z   Using cached databind.core-4.5.2-py3-none-any.whl.metadata (1.1 kB)
2025-08-17T21:37:44.3710650Z Collecting databind.json<5.0.0,>=4.4.0 (from pydoc-markdown==4.8.2->-r requirements-dev.txt (line 38))
2025-08-17T21:37:44.3723898Z   Using cached databind.json-4.5.2-py3-none-any.whl.metadata (1.1 kB)
2025-08-17T21:37:44.3852518Z Collecting docstring-parser<0.12,>=0.11 (from pydoc-markdown==4.8.2->-r requirements-dev.txt (line 38))
2025-08-17T21:37:44.3853904Z   Using cached docstring_parser-0.11-py3-none-any.whl
2025-08-17T21:37:44.4288785Z Collecting tomli<3.0.0,>=2.0.0 (from pydoc-markdown==4.8.2->-r requirements-dev.txt (line 38))
2025-08-17T21:37:44.4302543Z   Using cached tomli-2.2.1-cp311-cp311-manylinux_2_17_x86_64.manylinux2014_x86_64.whl.metadata (11 kB)
2025-08-17T21:37:44.4410274Z Collecting tomli_w<2.0.0,>=1.0.0 (from pydoc-markdown==4.8.2->-r requirements-dev.txt (line 38))
2025-08-17T21:37:44.4423419Z   Using cached tomli_w-1.2.0-py3-none-any.whl.metadata (5.7 kB)
2025-08-17T21:37:44.4866820Z Collecting watchdog (from pydoc-markdown==4.8.2->-r requirements-dev.txt (line 38))
2025-08-17T21:37:44.4880485Z   Using cached watchdog-6.0.0-py3-none-manylinux2014_x86_64.whl.metadata (44 kB)
2025-08-17T21:37:44.5175009Z Collecting yapf>=0.30.0 (from pydoc-markdown==4.8.2->-r requirements-dev.txt (line 38))
2025-08-17T21:37:44.5187929Z   Using cached yapf-0.43.0-py3-none-any.whl.metadata (46 kB)
2025-08-17T21:37:44.5367982Z Collecting Deprecated<2.0.0,>=1.2.12 (from docspec==2.2.1->docspec-python==2.2.2->-r requirements-dev.txt (line 37))
2025-08-17T21:37:44.5380737Z   Using cached Deprecated-1.2.18-py2.py3-none-any.whl.metadata (5.7 kB)
2025-08-17T21:37:44.6799472Z Collecting psycopg-binary==3.2.9 (from psycopg[binary]==3.2.9->-r requirements-dev.txt (line 22))
2025-08-17T21:37:44.6815236Z   Using cached psycopg_binary-3.2.9-cp311-cp311-manylinux_2_17_x86_64.manylinux2014_x86_64.whl.metadata (2.9 kB)
2025-08-17T21:37:44.7061867Z Collecting PyJWT>=2.9.0 (from redis==5.*->-r requirements-dev.txt (line 8))
2025-08-17T21:37:44.7075461Z   Using cached PyJWT-2.10.1-py3-none-any.whl.metadata (4.0 kB)
2025-08-17T21:37:44.7319385Z Collecting argon2-cffi (from minio==7.*->-r requirements-dev.txt (line 9))
2025-08-17T21:37:44.7332565Z   Using cached argon2_cffi-25.1.0-py3-none-any.whl.metadata (4.1 kB)
2025-08-17T21:37:44.8227519Z Collecting pycryptodome (from minio==7.*->-r requirements-dev.txt (line 9))
2025-08-17T21:37:44.8242277Z   Using cached pycryptodome-3.23.0-cp37-abi3-manylinux_2_17_x86_64.manylinux2014_x86_64.whl.metadata (3.4 kB)
2025-08-17T21:37:44.8430401Z Collecting anyio (from httpx<0.29,>=0.27->-r requirements-dev.txt (line 13))
2025-08-17T21:37:44.8443910Z   Using cached anyio-4.10.0-py3-none-any.whl.metadata (4.0 kB)
2025-08-17T21:37:44.8676796Z Collecting httpcore==1.* (from httpx<0.29,>=0.27->-r requirements-dev.txt (line 13))
2025-08-17T21:37:44.8690149Z   Using cached httpcore-1.0.9-py3-none-any.whl.metadata (21 kB)
2025-08-17T21:37:44.9147869Z Collecting multimethod<=1.10.0 (from pandera==0.19.*->-r requirements-dev.txt (line 39))
2025-08-17T21:37:44.9161075Z   Using cached multimethod-1.10-py3-none-any.whl.metadata (8.2 kB)
2025-08-17T21:37:45.0440941Z Collecting typeguard (from pandera==0.19.*->-r requirements-dev.txt (line 39))
2025-08-17T21:37:45.0454520Z   Using cached typeguard-4.4.4-py3-none-any.whl.metadata (3.3 kB)
2025-08-17T21:37:45.0555607Z Collecting typing-inspect>=0.6.0 (from pandera==0.19.*->-r requirements-dev.txt (line 39))
2025-08-17T21:37:45.0569259Z   Using cached typing_inspect-0.9.0-py3-none-any.whl.metadata (1.5 kB)
2025-08-17T21:37:45.1493689Z Collecting databind<5.0.0,>=4.5.2 (from databind.core<5.0.0,>=4.4.0->pydoc-markdown==4.8.2->-r requirements-dev.txt (line 38))
2025-08-17T21:37:45.1507547Z   Using cached databind-4.5.2-py3-none-any.whl.metadata (4.3 kB)
2025-08-17T21:37:45.2354264Z Collecting nr-date<3.0.0,>=2.0.0 (from databind<5.0.0,>=4.5.2->databind.core<5.0.0,>=4.4.0->pydoc-markdown==4.8.2->-r requirements-dev.txt (line 38))
2025-08-17T21:37:45.2367460Z   Using cached nr_date-2.1.0-py3-none-any.whl.metadata (746 bytes)
2025-08-17T21:37:45.3167417Z Collecting nr-stream<2.0.0,>=1.0.0 (from databind<5.0.0,>=4.5.2->databind.core<5.0.0,>=4.4.0->pydoc-markdown==4.8.2->-r requirements-dev.txt (line 38))
2025-08-17T21:37:45.3180953Z   Using cached nr_stream-1.1.5-py3-none-any.whl.metadata (3.6 kB)
2025-08-17T21:37:45.3947636Z Collecting typeapi<3,>=2.0.1 (from databind<5.0.0,>=4.5.2->databind.core<5.0.0,>=4.4.0->pydoc-markdown==4.8.2->-r requirements-dev.txt (line 38))
2025-08-17T21:37:45.3960828Z   Using cached typeapi-2.2.4-py3-none-any.whl.metadata (1.5 kB)
2025-08-17T21:37:45.4202442Z Collecting h11>=0.16 (from httpcore==1.*->httpx<0.29,>=0.27->-r requirements-dev.txt (line 13))
2025-08-17T21:37:45.4216167Z   Using cached h11-0.16.0-py3-none-any.whl.metadata (8.3 kB)
2025-08-17T21:37:45.4396316Z Collecting amqp<6.0.0,>=5.1.1 (from kombu<6.0,>=5.3.4->celery==5.4.0->-r requirements-dev.txt (line 10))
2025-08-17T21:37:45.4409143Z   Using cached amqp-5.3.1-py3-none-any.whl.metadata (8.9 kB)
2025-08-17T21:37:45.4756899Z Collecting iniconfig>=1 (from pytest<9,>=7.0.0->pytest-asyncio==0.23.6->-r requirements-dev.txt (line 25))
2025-08-17T21:37:45.4770373Z   Using cached iniconfig-2.1.0-py3-none-any.whl.metadata (2.7 kB)
2025-08-17T21:37:45.5054986Z Collecting pygments>=2.7.2 (from pytest<9,>=7.0.0->pytest-asyncio==0.23.6->-r requirements-dev.txt (line 25))
2025-08-17T21:37:45.5068282Z   Using cached pygments-2.19.2-py3-none-any.whl.metadata (2.5 kB)
2025-08-17T21:37:45.5343947Z Collecting sniffio>=1.1 (from anyio->httpx<0.29,>=0.27->-r requirements-dev.txt (line 13))
2025-08-17T21:37:45.5357246Z   Using cached sniffio-1.3.1-py3-none-any.whl.metadata (3.9 kB)
2025-08-17T21:37:45.8310115Z Collecting botocore<1.41.0,>=1.40.11 (from boto3->-r requirements-dev.txt (line 7))
2025-08-17T21:37:45.8325468Z   Using cached botocore-1.40.11-py3-none-any.whl.metadata (5.7 kB)
2025-08-17T21:37:45.8436111Z Collecting jmespath<2.0.0,>=0.7.1 (from boto3->-r requirements-dev.txt (line 7))
2025-08-17T21:37:45.8449505Z   Using cached jmespath-1.0.1-py3-none-any.whl.metadata (7.6 kB)
2025-08-17T21:37:45.8586828Z Collecting s3transfer<0.14.0,>=0.13.0 (from boto3->-r requirements-dev.txt (line 7))
2025-08-17T21:37:45.8599787Z   Using cached s3transfer-0.13.1-py3-none-any.whl.metadata (1.7 kB)
2025-08-17T21:37:45.9876052Z Collecting fastapi-cli>=0.0.8 (from fastapi-cli[standard]>=0.0.8; extra == "all"->fastapi[all]->-r requirements-dev.txt (line 12))
2025-08-17T21:37:45.9888866Z   Using cached fastapi_cli-0.0.8-py3-none-any.whl.metadata (6.3 kB)
2025-08-17T21:37:46.0562472Z Collecting ujson!=4.0.2,!=4.1.0,!=4.2.0,!=4.3.0,!=5.0.0,!=5.1.0,>=4.0.1 (from fastapi[all]->-r requirements-dev.txt (line 12))
2025-08-17T21:37:46.0576689Z   Using cached ujson-5.10.0-cp311-cp311-manylinux_2_17_x86_64.manylinux2014_x86_64.whl.metadata (9.3 kB)
2025-08-17T21:37:46.2824689Z Collecting orjson>=3.2.1 (from fastapi[all]->-r requirements-dev.txt (line 12))
2025-08-17T21:37:46.2840729Z   Using cached orjson-3.11.2-cp311-cp311-manylinux_2_17_x86_64.manylinux2014_x86_64.whl.metadata (1.2 kB)
2025-08-17T21:37:46.2977208Z Collecting email-validator>=2.0.0 (from fastapi[all]->-r requirements-dev.txt (line 12))
2025-08-17T21:37:46.2989898Z   Using cached email_validator-2.2.0-py3-none-any.whl.metadata (25 kB)
2025-08-17T21:37:46.3240684Z Collecting uvicorn>=0.12.0 (from uvicorn[standard]>=0.12.0; extra == "all"->fastapi[all]->-r requirements-dev.txt (line 12))
2025-08-17T21:37:46.3253707Z   Using cached uvicorn-0.35.0-py3-none-any.whl.metadata (6.5 kB)
2025-08-17T21:37:46.3406212Z Collecting pydantic-settings>=2.0.0 (from fastapi[all]->-r requirements-dev.txt (line 12))
2025-08-17T21:37:46.3419064Z   Using cached pydantic_settings-2.10.1-py3-none-any.whl.metadata (3.4 kB)
2025-08-17T21:37:46.3551659Z Collecting pydantic-extra-types>=2.0.0 (from fastapi[all]->-r requirements-dev.txt (line 12))
2025-08-17T21:37:46.3565856Z   Using cached pydantic_extra_types-2.10.5-py3-none-any.whl.metadata (3.9 kB)
2025-08-17T21:37:46.4254992Z Collecting prompt-toolkit>=3.0.36 (from click-repl>=0.2.0->celery==5.4.0->-r requirements-dev.txt (line 10))
2025-08-17T21:37:46.4268292Z   Using cached prompt_toolkit-3.0.51-py3-none-any.whl.metadata (6.4 kB)
2025-08-17T21:37:46.4427122Z Collecting dnspython>=2.0.0 (from email-validator>=2.0.0->fastapi[all]->-r requirements-dev.txt (line 12))
2025-08-17T21:37:46.4440138Z   Using cached dnspython-2.7.0-py3-none-any.whl.metadata (5.8 kB)
2025-08-17T21:37:46.4690771Z Collecting typer>=0.15.1 (from fastapi-cli>=0.0.8->fastapi-cli[standard]>=0.0.8; extra == "all"->fastapi[all]->-r requirements-dev.txt (line 12))
2025-08-17T21:37:46.4704121Z   Using cached typer-0.16.0-py3-none-any.whl.metadata (15 kB)
2025-08-17T21:37:46.4950829Z Collecting rich-toolkit>=0.14.8 (from fastapi-cli>=0.0.8->fastapi-cli[standard]>=0.0.8; extra == "all"->fastapi[all]->-r requirements-dev.txt (line 12))
2025-08-17T21:37:46.4963806Z   Using cached rich_toolkit-0.15.0-py3-none-any.whl.metadata (1.0 kB)
2025-08-17T21:37:46.5107439Z Collecting fastapi-cloud-cli>=0.1.1 (from fastapi-cli[standard]>=0.0.8; extra == "all"->fastapi[all]->-r requirements-dev.txt (line 12))
2025-08-17T21:37:46.5120435Z   Using cached fastapi_cloud_cli-0.1.5-py3-none-any.whl.metadata (3.2 kB)
2025-08-17T21:37:46.5825105Z Collecting rignore>=0.5.1 (from fastapi-cloud-cli>=0.1.1->fastapi-cli[standard]>=0.0.8; extra == "all"->fastapi[all]->-r requirements-dev.txt (line 12))
2025-08-17T21:37:46.5839943Z   Using cached rignore-0.6.4-cp311-cp311-manylinux_2_17_x86_64.manylinux2014_x86_64.whl.metadata (3.8 kB)
2025-08-17T21:37:46.6642757Z Collecting sentry-sdk>=2.20.0 (from fastapi-cloud-cli>=0.1.1->fastapi-cli[standard]>=0.0.8; extra == "all"->fastapi[all]->-r requirements-dev.txt (line 12))
2025-08-17T21:37:46.6657632Z   Using cached sentry_sdk-2.35.0-py2.py3-none-any.whl.metadata (10 kB)
2025-08-17T21:37:46.8699263Z Collecting psutil>=4.0.0 (from mirakuru>=2.6.0->pytest-postgresql==7.0.2->-r requirements-dev.txt (line 27))
2025-08-17T21:37:46.8715468Z   Using cached psutil-7.0.0-cp36-abi3-manylinux_2_12_x86_64.manylinux2010_x86_64.manylinux_2_17_x86_64.manylinux2014_x86_64.whl.metadata (22 kB)
2025-08-17T21:37:46.9024130Z Collecting wcwidth (from prompt-toolkit>=3.0.36->click-repl>=0.2.0->celery==5.4.0->-r requirements-dev.txt (line 10))
2025-08-17T21:37:46.9037255Z   Using cached wcwidth-0.2.13-py2.py3-none-any.whl.metadata (14 kB)
2025-08-17T21:37:46.9940224Z Collecting rich>=13.7.1 (from rich-toolkit>=0.14.8->fastapi-cli>=0.0.8->fastapi-cli[standard]>=0.0.8; extra == "all"->fastapi[all]->-r requirements-dev.txt (line 12))
2025-08-17T21:37:46.9952623Z   Using cached rich-14.1.0-py3-none-any.whl.metadata (18 kB)
2025-08-17T21:37:47.0119914Z Collecting markdown-it-py>=2.2.0 (from rich>=13.7.1->rich-toolkit>=0.14.8->fastapi-cli>=0.0.8->fastapi-cli[standard]>=0.0.8; extra == "all"->fastapi[all]->-r requirements-dev.txt (line 12))
2025-08-17T21:37:47.0132273Z   Using cached markdown_it_py-4.0.0-py3-none-any.whl.metadata (7.3 kB)
2025-08-17T21:37:47.0323159Z Collecting mdurl~=0.1 (from markdown-it-py>=2.2.0->rich>=13.7.1->rich-toolkit>=0.14.8->fastapi-cli>=0.0.8->fastapi-cli[standard]>=0.0.8; extra == "all"->fastapi[all]->-r requirements-dev.txt (line 12))
2025-08-17T21:37:47.0335828Z   Using cached mdurl-0.1.2-py3-none-any.whl.metadata (1.6 kB)
2025-08-17T21:37:47.0771000Z Collecting shellingham>=1.3.0 (from typer>=0.15.1->fastapi-cli>=0.0.8->fastapi-cli[standard]>=0.0.8; extra == "all"->fastapi[all]->-r requirements-dev.txt (line 12))
2025-08-17T21:37:47.0783718Z   Using cached shellingham-1.5.4-py2.py3-none-any.whl.metadata (3.5 kB)
2025-08-17T21:37:47.1457852Z Collecting httptools>=0.6.3 (from uvicorn[standard]>=0.12.0; extra == "all"->fastapi[all]->-r requirements-dev.txt (line 12))
2025-08-17T21:37:47.1471876Z   Using cached httptools-0.6.4-cp311-cp311-manylinux_2_5_x86_64.manylinux1_x86_64.manylinux_2_17_x86_64.manylinux2014_x86_64.whl.metadata (3.6 kB)
2025-08-17T21:37:47.1873840Z Collecting uvloop>=0.15.1 (from uvicorn[standard]>=0.12.0; extra == "all"->fastapi[all]->-r requirements-dev.txt (line 12))
2025-08-17T21:37:47.1887473Z   Using cached uvloop-0.21.0-cp311-cp311-manylinux_2_17_x86_64.manylinux2014_x86_64.whl.metadata (4.9 kB)
2025-08-17T21:37:47.2584180Z Collecting watchfiles>=0.13 (from uvicorn[standard]>=0.12.0; extra == "all"->fastapi[all]->-r requirements-dev.txt (line 12))
2025-08-17T21:37:47.2597625Z   Using cached watchfiles-1.1.0-cp311-cp311-manylinux_2_17_x86_64.manylinux2014_x86_64.whl.metadata (4.9 kB)
2025-08-17T21:37:47.3395974Z Collecting websockets>=10.4 (from uvicorn[standard]>=0.12.0; extra == "all"->fastapi[all]->-r requirements-dev.txt (line 12))
2025-08-17T21:37:47.3410485Z   Using cached websockets-15.0.1-cp311-cp311-manylinux_2_5_x86_64.manylinux1_x86_64.manylinux_2_17_x86_64.manylinux2014_x86_64.whl.metadata (6.8 kB)
2025-08-17T21:37:47.3825261Z Collecting argon2-cffi-bindings (from argon2-cffi->minio==7.*->-r requirements-dev.txt (line 9))
2025-08-17T21:37:47.3839071Z   Using cached argon2_cffi_bindings-25.1.0-cp39-abi3-manylinux_2_26_x86_64.manylinux_2_28_x86_64.whl.metadata (7.4 kB)
2025-08-17T21:37:47.4795193Z Collecting cffi>=1.0.1 (from argon2-cffi-bindings->argon2-cffi->minio==7.*->-r requirements-dev.txt (line 9))
2025-08-17T21:37:47.4809895Z   Using cached cffi-1.17.1-cp311-cp311-manylinux_2_17_x86_64.manylinux2014_x86_64.whl.metadata (1.5 kB)
2025-08-17T21:37:47.4928988Z Collecting pycparser (from cffi>=1.0.1->argon2-cffi-bindings->argon2-cffi->minio==7.*->-r requirements-dev.txt (line 9))
2025-08-17T21:37:47.4941957Z   Using cached pycparser-2.22-py3-none-any.whl.metadata (943 bytes)
2025-08-17T21:37:47.5469824Z Using cached jinja2-3.1.6-py3-none-any.whl (134 kB)
2025-08-17T21:37:47.5484023Z Using cached alembic-1.13.1-py3-none-any.whl (233 kB)
2025-08-17T21:37:47.5498795Z Using cached APScheduler-3.10.4-py3-none-any.whl (59 kB)
2025-08-17T21:37:47.5512603Z Using cached asyncpg-0.30.0-cp311-cp311-manylinux_2_17_x86_64.manylinux2014_x86_64.whl (3.1 MB)
2025-08-17T21:37:47.5548829Z Using cached black-25.1.0-cp311-cp311-manylinux_2_17_x86_64.manylinux2014_x86_64.manylinux_2_28_x86_64.whl (1.7 MB)
2025-08-17T21:37:47.5574412Z Using cached celery-5.4.0-py3-none-any.whl (425 kB)
2025-08-17T21:37:47.5590388Z Using cached fastapi-0.116.1-py3-none-any.whl (95 kB)
2025-08-17T21:37:47.5603706Z Using cached pydantic-2.11.7-py3-none-any.whl (444 kB)
2025-08-17T21:37:47.5619804Z Using cached IMAPClient-3.0.1-py2.py3-none-any.whl (182 kB)
2025-08-17T21:37:47.5633754Z Using cached mypy_extensions-1.1.0-py3-none-any.whl (5.0 kB)
2025-08-17T21:37:47.5647144Z Using cached openpyxl-3.1.5-py2.py3-none-any.whl (250 kB)
2025-08-17T21:37:47.5661979Z Using cached psycopg2_binary-2.9.9-cp311-cp311-manylinux_2_17_x86_64.manylinux2014_x86_64.whl (3.0 MB)
2025-08-17T21:37:47.5696993Z Using cached psycopg-3.2.9-py3-none-any.whl (202 kB)
2025-08-17T21:37:47.5710591Z Using cached pytest_asyncio-0.23.6-py3-none-any.whl (17 kB)
2025-08-17T21:37:47.5723619Z Using cached pytest_cov-6.2.1-py3-none-any.whl (24 kB)
2025-08-17T21:37:47.5736936Z Using cached pytest_postgresql-7.0.2-py3-none-any.whl (41 kB)
2025-08-17T21:37:47.5749914Z Using cached python_telegram_bot-22.2-py3-none-any.whl (708 kB)
2025-08-17T21:37:47.5767662Z Using cached requests-2.32.4-py3-none-any.whl (64 kB)
2025-08-17T21:37:47.5780933Z Using cached respx-0.22.0-py2.py3-none-any.whl (25 kB)
2025-08-17T21:37:47.5794200Z Using cached ruff-0.4.4-py3-none-manylinux_2_17_x86_64.manylinux2014_x86_64.whl (8.7 MB)
2025-08-17T21:37:47.5869808Z Using cached SQLAlchemy-2.0.29-cp311-cp311-manylinux_2_17_x86_64.manylinux2014_x86_64.whl (3.2 MB)
2025-08-17T21:37:47.5905161Z Using cached testcontainers-4.10.0-py3-none-any.whl (107 kB)
2025-08-17T21:37:47.5918740Z Using cached types_requests-2.32.0.20240602-py3-none-any.whl (15 kB)
2025-08-17T21:37:47.5931424Z Using cached docspec_python-2.2.2-py3-none-any.whl (15 kB)
2025-08-17T21:37:47.5944476Z Using cached pydoc_markdown-4.8.2-py3-none-any.whl (67 kB)
2025-08-17T21:37:47.5957654Z Using cached docspec-2.2.1-py3-none-any.whl (9.8 kB)
2025-08-17T21:37:47.5970921Z Using cached psycopg_binary-3.2.9-cp311-cp311-manylinux_2_17_x86_64.manylinux2014_x86_64.whl (4.5 MB)
2025-08-17T21:37:47.6017164Z Using cached pydantic_core-2.33.2-cp311-cp311-manylinux_2_17_x86_64.manylinux2014_x86_64.whl (2.0 MB)
2025-08-17T21:37:47.6044356Z Using cached redis-5.3.1-py3-none-any.whl (272 kB)
2025-08-17T21:37:47.6059470Z Using cached minio-7.2.16-py3-none-any.whl (95 kB)
2025-08-17T21:37:47.6072853Z Using cached httpx-0.28.1-py3-none-any.whl (73 kB)
2025-08-17T21:37:47.6086910Z Using cached mypy-1.17.1-cp311-cp311-manylinux2014_x86_64.manylinux_2_17_x86_64.manylinux_2_28_x86_64.whl (12.6 MB)
2025-08-17T21:37:47.6189778Z Using cached numpy-1.26.4-cp311-cp311-manylinux_2_17_x86_64.manylinux2014_x86_64.whl (18.3 MB)
2025-08-17T21:37:47.6332248Z Using cached pandas-2.2.3-cp311-cp311-manylinux_2_17_x86_64.manylinux2014_x86_64.whl (13.1 MB)
2025-08-17T21:37:47.6439261Z Using cached pandera-0.19.3-py3-none-any.whl (251 kB)
2025-08-17T21:37:47.6454297Z Using cached billiard-4.2.1-py3-none-any.whl (86 kB)
2025-08-17T21:37:47.6468994Z Using cached charset_normalizer-3.4.3-cp311-cp311-manylinux2014_x86_64.manylinux_2_17_x86_64.manylinux_2_28_x86_64.whl (150 kB)
2025-08-17T21:37:47.6482655Z Using cached click-8.2.1-py3-none-any.whl (102 kB)
2025-08-17T21:37:47.6496605Z Using cached databind.core-4.5.2-py3-none-any.whl (1.5 kB)
2025-08-17T21:37:47.6509190Z Using cached databind-4.5.2-py3-none-any.whl (49 kB)
2025-08-17T21:37:47.6522499Z Using cached databind.json-4.5.2-py3-none-any.whl (1.5 kB)
2025-08-17T21:37:47.6535725Z Using cached Deprecated-1.2.18-py2.py3-none-any.whl (10.0 kB)
2025-08-17T21:37:47.6548476Z Using cached httpcore-1.0.9-py3-none-any.whl (78 kB)
2025-08-17T21:37:47.6561822Z Using cached idna-3.10-py3-none-any.whl (70 kB)
2025-08-17T21:37:47.6575229Z Using cached kombu-5.5.4-py3-none-any.whl (210 kB)
2025-08-17T21:37:47.6589186Z Using cached vine-5.1.0-py3-none-any.whl (9.6 kB)
2025-08-17T21:37:47.6601851Z Using cached amqp-5.3.1-py3-none-any.whl (50 kB)
2025-08-17T21:37:47.6615142Z Using cached multimethod-1.10-py3-none-any.whl (9.9 kB)
2025-08-17T21:37:47.6627627Z Using cached nr_date-2.1.0-py3-none-any.whl (10 kB)
2025-08-17T21:37:47.6640451Z Using cached nr_stream-1.1.5-py3-none-any.whl (10 kB)
2025-08-17T21:37:47.6655557Z Using cached nr.util-0.8.12-py3-none-any.whl (90 kB)
2025-08-17T21:37:47.6668947Z Using cached pytest-8.4.1-py3-none-any.whl (365 kB)
2025-08-17T21:37:47.6684313Z Using cached pluggy-1.6.0-py3-none-any.whl (20 kB)
2025-08-17T21:37:47.6697634Z Using cached PyYAML-6.0.2-cp311-cp311-manylinux_2_17_x86_64.manylinux2014_x86_64.whl (762 kB)
2025-08-17T21:37:47.6715737Z Using cached starlette-0.47.2-py3-none-any.whl (72 kB)
2025-08-17T21:37:47.6729110Z Using cached anyio-4.10.0-py3-none-any.whl (107 kB)
2025-08-17T21:37:47.6742752Z Using cached tomli-2.2.1-cp311-cp311-manylinux_2_17_x86_64.manylinux2014_x86_64.whl (236 kB)
2025-08-17T21:37:47.6757233Z Using cached tomli_w-1.2.0-py3-none-any.whl (6.7 kB)
2025-08-17T21:37:47.6769969Z Using cached typeapi-2.2.4-py3-none-any.whl (26 kB)
2025-08-17T21:37:47.6783122Z Using cached typing_extensions-4.14.1-py3-none-any.whl (43 kB)
2025-08-17T21:37:47.6796553Z Using cached urllib3-2.5.0-py3-none-any.whl (129 kB)
2025-08-17T21:37:47.6810671Z Using cached wrapt-1.17.3-cp311-cp311-manylinux1_x86_64.manylinux_2_28_x86_64.manylinux_2_5_x86_64.whl (82 kB)
2025-08-17T21:37:47.6823983Z Using cached boto3-1.40.11-py3-none-any.whl (140 kB)
2025-08-17T21:37:47.6837772Z Using cached botocore-1.40.11-py3-none-any.whl (14.0 MB)
2025-08-17T21:37:47.6953059Z Using cached jmespath-1.0.1-py3-none-any.whl (20 kB)
2025-08-17T21:37:47.6966646Z Using cached python_dateutil-2.9.0.post0-py2.py3-none-any.whl (229 kB)
2025-08-17T21:37:47.6980941Z Using cached s3transfer-0.13.1-py3-none-any.whl (85 kB)
2025-08-17T21:37:47.6994404Z Using cached itsdangerous-2.2.0-py3-none-any.whl (16 kB)
2025-08-17T21:37:47.7007529Z Using cached python_dotenv-1.1.1-py3-none-any.whl (20 kB)
2025-08-17T21:37:47.7020667Z Using cached python_multipart-0.0.20-py3-none-any.whl (24 kB)
2025-08-17T21:37:47.7033635Z Using cached annotated_types-0.7.0-py3-none-any.whl (13 kB)
2025-08-17T21:37:47.7046664Z Using cached certifi-2025.8.3-py3-none-any.whl (161 kB)
2025-08-17T21:37:47.7060434Z Using cached click_didyoumean-0.3.1-py3-none-any.whl (3.6 kB)
2025-08-17T21:37:47.7073054Z Using cached click_plugins-1.1.1.2-py2.py3-none-any.whl (11 kB)
2025-08-17T21:37:47.7086030Z Using cached click_repl-0.3.0-py3-none-any.whl (10 kB)
2025-08-17T21:37:47.7099635Z Using cached coverage-7.10.4-cp311-cp311-manylinux1_x86_64.manylinux_2_28_x86_64.manylinux_2_5_x86_64.whl (249 kB)
2025-08-17T21:37:47.7113740Z Using cached email_validator-2.2.0-py3-none-any.whl (33 kB)
2025-08-17T21:37:47.7127747Z Using cached dnspython-2.7.0-py3-none-any.whl (313 kB)
2025-08-17T21:37:47.7142543Z Using cached fastapi_cli-0.0.8-py3-none-any.whl (10 kB)
2025-08-17T21:37:47.7155773Z Using cached fastapi_cloud_cli-0.1.5-py3-none-any.whl (18 kB)
2025-08-17T21:37:47.7169169Z Using cached greenlet-3.2.4-cp311-cp311-manylinux_2_24_x86_64.manylinux_2_28_x86_64.whl (587 kB)
2025-08-17T21:37:47.7185965Z Using cached h11-0.16.0-py3-none-any.whl (37 kB)
2025-08-17T21:37:47.7199059Z Using cached iniconfig-2.1.0-py3-none-any.whl (6.0 kB)
2025-08-17T21:37:47.7212558Z Using cached MarkupSafe-3.0.2-cp311-cp311-manylinux_2_17_x86_64.manylinux2014_x86_64.whl (23 kB)
2025-08-17T21:37:47.7225533Z Using cached mirakuru-2.6.1-py3-none-any.whl (26 kB)
2025-08-17T21:37:47.7238756Z Using cached orjson-3.11.2-cp311-cp311-manylinux_2_17_x86_64.manylinux2014_x86_64.whl (121 kB)
2025-08-17T21:37:47.7252161Z Using cached packaging-25.0-py3-none-any.whl (66 kB)
2025-08-17T21:37:47.7265650Z Using cached pathspec-0.12.1-py3-none-any.whl (31 kB)
2025-08-17T21:37:47.7278589Z Using cached platformdirs-4.3.8-py3-none-any.whl (18 kB)
2025-08-17T21:37:47.7291384Z Using cached port_for-0.7.4-py3-none-any.whl (21 kB)
2025-08-17T21:37:47.7304512Z Using cached prompt_toolkit-3.0.51-py3-none-any.whl (387 kB)
2025-08-17T21:37:47.7320690Z Using cached psutil-7.0.0-cp36-abi3-manylinux_2_12_x86_64.manylinux2010_x86_64.manylinux_2_17_x86_64.manylinux2014_x86_64.whl (277 kB)
2025-08-17T21:37:47.7335356Z Using cached pydantic_extra_types-2.10.5-py3-none-any.whl (38 kB)
2025-08-17T21:37:47.7348248Z Using cached pydantic_settings-2.10.1-py3-none-any.whl (45 kB)
2025-08-17T21:37:47.7361389Z Using cached pygments-2.19.2-py3-none-any.whl (1.2 MB)
2025-08-17T21:37:47.7383538Z Using cached PyJWT-2.10.1-py3-none-any.whl (22 kB)
2025-08-17T21:37:47.7396641Z Using cached pytz-2025.2-py2.py3-none-any.whl (509 kB)
2025-08-17T21:37:47.7413126Z Using cached rich_toolkit-0.15.0-py3-none-any.whl (29 kB)
2025-08-17T21:37:47.7426344Z Using cached rich-14.1.0-py3-none-any.whl (243 kB)
2025-08-17T21:37:47.7442033Z Using cached markdown_it_py-4.0.0-py3-none-any.whl (87 kB)
2025-08-17T21:37:47.7455508Z Using cached mdurl-0.1.2-py3-none-any.whl (10.0 kB)
2025-08-17T21:37:47.7468677Z Using cached rignore-0.6.4-cp311-cp311-manylinux_2_17_x86_64.manylinux2014_x86_64.whl (950 kB)
2025-08-17T21:37:47.7488388Z Using cached sentry_sdk-2.35.0-py2.py3-none-any.whl (363 kB)
2025-08-17T21:37:47.7503753Z Using cached six-1.17.0-py2.py3-none-any.whl (11 kB)
2025-08-17T21:37:47.7516821Z Using cached sniffio-1.3.1-py3-none-any.whl (10 kB)
2025-08-17T21:37:47.7529546Z Using cached typer-0.16.0-py3-none-any.whl (46 kB)
2025-08-17T21:37:47.7542698Z Using cached shellingham-1.5.4-py2.py3-none-any.whl (9.8 kB)
2025-08-17T21:37:47.7555786Z Using cached typing_inspect-0.9.0-py3-none-any.whl (8.8 kB)
2025-08-17T21:37:47.7569134Z Using cached typing_inspection-0.4.1-py3-none-any.whl (14 kB)
2025-08-17T21:37:47.7582489Z Using cached tzdata-2025.2-py2.py3-none-any.whl (347 kB)
2025-08-17T21:37:47.7598696Z Using cached tzlocal-5.3.1-py3-none-any.whl (18 kB)
2025-08-17T21:37:47.7613087Z Using cached ujson-5.10.0-cp311-cp311-manylinux_2_17_x86_64.manylinux2014_x86_64.whl (53 kB)
2025-08-17T21:37:47.7626510Z Using cached uvicorn-0.35.0-py3-none-any.whl (66 kB)
2025-08-17T21:37:47.7640448Z Using cached httptools-0.6.4-cp311-cp311-manylinux_2_5_x86_64.manylinux1_x86_64.manylinux_2_17_x86_64.manylinux2014_x86_64.whl (459 kB)
2025-08-17T21:37:47.7656461Z Using cached uvloop-0.21.0-cp311-cp311-manylinux_2_17_x86_64.manylinux2014_x86_64.whl (4.0 MB)
2025-08-17T21:37:47.7698640Z Using cached watchfiles-1.1.0-cp311-cp311-manylinux_2_17_x86_64.manylinux2014_x86_64.whl (453 kB)
2025-08-17T21:37:47.7715003Z Using cached websockets-15.0.1-cp311-cp311-manylinux_2_5_x86_64.manylinux1_x86_64.manylinux_2_17_x86_64.manylinux2014_x86_64.whl (182 kB)
2025-08-17T21:37:47.7728424Z Using cached yapf-0.43.0-py3-none-any.whl (256 kB)
2025-08-17T21:37:47.7742830Z Using cached argon2_cffi-25.1.0-py3-none-any.whl (14 kB)
2025-08-17T21:37:47.7756475Z Using cached argon2_cffi_bindings-25.1.0-cp39-abi3-manylinux_2_26_x86_64.manylinux_2_28_x86_64.whl (87 kB)
2025-08-17T21:37:47.7770093Z Using cached cffi-1.17.1-cp311-cp311-manylinux_2_17_x86_64.manylinux2014_x86_64.whl (467 kB)
2025-08-17T21:37:47.7786177Z Using cached docker-7.1.0-py3-none-any.whl (147 kB)
2025-08-17T21:37:47.7800310Z Using cached et_xmlfile-2.0.0-py3-none-any.whl (18 kB)
2025-08-17T21:37:47.7814214Z Using cached mako-1.3.10-py3-none-any.whl (78 kB)
2025-08-17T21:37:47.7827786Z Using cached pycparser-2.22-py3-none-any.whl (117 kB)
2025-08-17T21:37:47.7842337Z Using cached pycryptodome-3.23.0-cp37-abi3-manylinux_2_17_x86_64.manylinux2014_x86_64.whl (2.3 MB)
2025-08-17T21:37:47.7872504Z Using cached typeguard-4.4.4-py3-none-any.whl (34 kB)
2025-08-17T21:37:47.7885828Z Using cached watchdog-6.0.0-py3-none-manylinux2014_x86_64.whl (79 kB)
2025-08-17T21:37:47.7899093Z Using cached wcwidth-0.2.13-py2.py3-none-any.whl (34 kB)
2025-08-17T21:37:48.1840892Z Installing collected packages: wcwidth, pytz, wrapt, websockets, watchdog, vine, uvloop, urllib3, ujson, tzlocal, tzdata, typing-extensions, tomli_w, tomli, sniffio, six, shellingham, ruff, rignore, PyYAML, python-multipart, python-dotenv, PyJWT, pygments, pycryptodome, pycparser, psycopg2-binary, psycopg-binary, psutil, prompt-toolkit, port-for, pluggy, platformdirs, pathspec, packaging, orjson, numpy, nr-stream, nr-date, mypy-extensions, multimethod, mdurl, MarkupSafe, jmespath, itsdangerous, iniconfig, imapclient, idna, httptools, h11, greenlet, et-xmlfile, docstring-parser, dnspython, coverage, click, charset_normalizer, certifi, billiard, asyncpg, annotated-types, yapf, uvicorn, typing-inspection, typing-inspect, types-requests, typeguard, typeapi, sqlalchemy, sentry-sdk, requests, redis, python-dateutil, pytest, pydantic-core, psycopg, openpyxl, mypy, mirakuru, markdown-it-py, Mako, Jinja2, httpcore, email-validator, Deprecated, click-repl, click-plugins, click-didyoumean, cffi, black, apscheduler, anyio, amqp, watchfiles, starlette, rich, pytest-postgresql, pytest-cov, pytest-asyncio, pydantic, pandas, nr-util, kombu, httpx, docker, databind, botocore, argon2-cffi-bindings, alembic, typer, testcontainers, s3transfer, rich-toolkit, respx, python-telegram-bot, pydantic-settings, pydantic-extra-types, pandera, fastapi, databind.json, databind.core, celery, argon2-cffi, minio, fastapi-cloud-cli, fastapi-cli, docspec, boto3, docspec-python, pydoc-markdown
2025-08-17T21:38:04.7865123Z 
2025-08-17T21:38:04.7930989Z Successfully installed Deprecated-1.2.18 Jinja2-3.1.6 Mako-1.3.10 MarkupSafe-3.0.2 PyJWT-2.10.1 PyYAML-6.0.2 alembic-1.13.1 amqp-5.3.1 annotated-types-0.7.0 anyio-4.10.0 apscheduler-3.10.4 argon2-cffi-25.1.0 argon2-cffi-bindings-25.1.0 asyncpg-0.30.0 billiard-4.2.1 black-25.1.0 boto3-1.40.11 botocore-1.40.11 celery-5.4.0 certifi-2025.8.3 cffi-1.17.1 charset_normalizer-3.4.3 click-8.2.1 click-didyoumean-0.3.1 click-plugins-1.1.1.2 click-repl-0.3.0 coverage-7.10.4 databind-4.5.2 databind.core-4.5.2 databind.json-4.5.2 dnspython-2.7.0 docker-7.1.0 docspec-2.2.1 docspec-python-2.2.2 docstring-parser-0.11 email-validator-2.2.0 et-xmlfile-2.0.0 fastapi-0.116.1 fastapi-cli-0.0.8 fastapi-cloud-cli-0.1.5 greenlet-3.2.4 h11-0.16.0 httpcore-1.0.9 httptools-0.6.4 httpx-0.28.1 idna-3.10 imapclient-3.0.1 iniconfig-2.1.0 itsdangerous-2.2.0 jmespath-1.0.1 kombu-5.5.4 markdown-it-py-4.0.0 mdurl-0.1.2 minio-7.2.16 mirakuru-2.6.1 multimethod-1.10 mypy-1.17.1 mypy-extensions-1.1.0 nr-date-2.1.0 nr-stream-1.1.5 nr-util-0.8.12 numpy-1.26.4 openpyxl-3.1.5 orjson-3.11.2 packaging-25.0 pandas-2.2.3 pandera-0.19.3 pathspec-0.12.1 platformdirs-4.3.8 pluggy-1.6.0 port-for-0.7.4 prompt-toolkit-3.0.51 psutil-7.0.0 psycopg-3.2.9 psycopg-binary-3.2.9 psycopg2-binary-2.9.9 pycparser-2.22 pycryptodome-3.23.0 pydantic-2.11.7 pydantic-core-2.33.2 pydantic-extra-types-2.10.5 pydantic-settings-2.10.1 pydoc-markdown-4.8.2 pygments-2.19.2 pytest-8.4.1 pytest-asyncio-0.23.6 pytest-cov-6.2.1 pytest-postgresql-7.0.2 python-dateutil-2.9.0.post0 python-dotenv-1.1.1 python-multipart-0.0.20 python-telegram-bot-22.2 pytz-2025.2 redis-5.3.1 requests-2.32.4 respx-0.22.0 rich-14.1.0 rich-toolkit-0.15.0 rignore-0.6.4 ruff-0.4.4 s3transfer-0.13.1 sentry-sdk-2.35.0 shellingham-1.5.4 six-1.17.0 sniffio-1.3.1 sqlalchemy-2.0.29 starlette-0.47.2 testcontainers-4.10.0 tomli-2.2.1 tomli_w-1.2.0 typeapi-2.2.4 typeguard-4.4.4 typer-0.16.0 types-requests-2.32.0.20240602 typing-extensions-4.14.1 typing-inspect-0.9.0 typing-inspection-0.4.1 tzdata-2025.2 tzlocal-5.3.1 ujson-5.10.0 urllib3-2.5.0 uvicorn-0.35.0 uvloop-0.21.0 vine-5.1.0 watchdog-6.0.0 watchfiles-1.1.0 wcwidth-0.2.13 websockets-15.0.1 wrapt-1.17.3 yapf-0.43.0
2025-08-17T21:38:06.4867003Z Collecting keepa==1.3.15
2025-08-17T21:38:06.4881607Z   Using cached keepa-1.3.15-py3-none-any.whl.metadata (11 kB)
2025-08-17T21:38:06.5137586Z Collecting minio==7.1.15
2025-08-17T21:38:06.5152717Z   Using cached minio-7.1.15-py3-none-any.whl.metadata (4.2 kB)
2025-08-17T21:38:06.5179614Z Requirement already satisfied: numpy>=1.9.3 in /opt/hostedtoolcache/Python/3.11.13/x64/lib/python3.11/site-packages (from keepa==1.3.15) (1.26.4)
2025-08-17T21:38:06.5185050Z Requirement already satisfied: requests>=2.2 in /opt/hostedtoolcache/Python/3.11.13/x64/lib/python3.11/site-packages (from keepa==1.3.15) (2.32.4)
2025-08-17T21:38:06.5485618Z Collecting tqdm (from keepa==1.3.15)
2025-08-17T21:38:06.5503006Z   Using cached tqdm-4.67.1-py3-none-any.whl.metadata (57 kB)
2025-08-17T21:38:07.0202576Z Collecting aiohttp (from keepa==1.3.15)
2025-08-17T21:38:07.0219493Z   Using cached aiohttp-3.12.15-cp311-cp311-manylinux_2_17_x86_64.manylinux2014_x86_64.whl.metadata (7.7 kB)
2025-08-17T21:38:07.0249718Z Requirement already satisfied: pandas<=3.0 in /opt/hostedtoolcache/Python/3.11.13/x64/lib/python3.11/site-packages (from keepa==1.3.15) (2.2.3)
2025-08-17T21:38:07.0254168Z Requirement already satisfied: pydantic in /opt/hostedtoolcache/Python/3.11.13/x64/lib/python3.11/site-packages (from keepa==1.3.15) (2.11.7)
2025-08-17T21:38:07.0261074Z Requirement already satisfied: certifi in /opt/hostedtoolcache/Python/3.11.13/x64/lib/python3.11/site-packages (from minio==7.1.15) (2025.8.3)
2025-08-17T21:38:07.0264315Z Requirement already satisfied: urllib3 in /opt/hostedtoolcache/Python/3.11.13/x64/lib/python3.11/site-packages (from minio==7.1.15) (2.5.0)
2025-08-17T21:38:07.0311144Z Requirement already satisfied: python-dateutil>=2.8.2 in /opt/hostedtoolcache/Python/3.11.13/x64/lib/python3.11/site-packages (from pandas<=3.0->keepa==1.3.15) (2.9.0.post0)
2025-08-17T21:38:07.0315947Z Requirement already satisfied: pytz>=2020.1 in /opt/hostedtoolcache/Python/3.11.13/x64/lib/python3.11/site-packages (from pandas<=3.0->keepa==1.3.15) (2025.2)
2025-08-17T21:38:07.0320402Z Requirement already satisfied: tzdata>=2022.7 in /opt/hostedtoolcache/Python/3.11.13/x64/lib/python3.11/site-packages (from pandas<=3.0->keepa==1.3.15) (2025.2)
2025-08-17T21:38:07.0433664Z Requirement already satisfied: six>=1.5 in /opt/hostedtoolcache/Python/3.11.13/x64/lib/python3.11/site-packages (from python-dateutil>=2.8.2->pandas<=3.0->keepa==1.3.15) (1.17.0)
2025-08-17T21:38:07.0450637Z Requirement already satisfied: charset_normalizer<4,>=2 in /opt/hostedtoolcache/Python/3.11.13/x64/lib/python3.11/site-packages (from requests>=2.2->keepa==1.3.15) (3.4.3)
2025-08-17T21:38:07.0455746Z Requirement already satisfied: idna<4,>=2.5 in /opt/hostedtoolcache/Python/3.11.13/x64/lib/python3.11/site-packages (from requests>=2.2->keepa==1.3.15) (3.10)
2025-08-17T21:38:07.0625859Z Collecting aiohappyeyeballs>=2.5.0 (from aiohttp->keepa==1.3.15)
2025-08-17T21:38:07.0639242Z   Using cached aiohappyeyeballs-2.6.1-py3-none-any.whl.metadata (5.9 kB)
2025-08-17T21:38:07.0710149Z Collecting aiosignal>=1.4.0 (from aiohttp->keepa==1.3.15)
2025-08-17T21:38:07.0723637Z   Using cached aiosignal-1.4.0-py3-none-any.whl.metadata (3.7 kB)
2025-08-17T21:38:07.0846905Z Collecting attrs>=17.3.0 (from aiohttp->keepa==1.3.15)
2025-08-17T21:38:07.0860239Z   Using cached attrs-25.3.0-py3-none-any.whl.metadata (10 kB)
2025-08-17T21:38:07.1567361Z Collecting frozenlist>=1.1.1 (from aiohttp->keepa==1.3.15)
2025-08-17T21:38:07.1582402Z   Using cached frozenlist-1.7.0-cp311-cp311-manylinux_2_5_x86_64.manylinux1_x86_64.manylinux_2_17_x86_64.manylinux2014_x86_64.whl.metadata (18 kB)
2025-08-17T21:38:07.3661848Z Collecting multidict<7.0,>=4.5 (from aiohttp->keepa==1.3.15)
2025-08-17T21:38:07.3677656Z   Using cached multidict-6.6.4-cp311-cp311-manylinux2014_x86_64.manylinux_2_17_x86_64.manylinux_2_28_x86_64.whl.metadata (5.3 kB)
2025-08-17T21:38:07.4053638Z Collecting propcache>=0.2.0 (from aiohttp->keepa==1.3.15)
2025-08-17T21:38:07.4067344Z   Using cached propcache-0.3.2-cp311-cp311-manylinux_2_17_x86_64.manylinux2014_x86_64.whl.metadata (12 kB)
2025-08-17T21:38:07.6555847Z Collecting yarl<2.0,>=1.17.0 (from aiohttp->keepa==1.3.15)
2025-08-17T21:38:07.6571414Z   Using cached yarl-1.20.1-cp311-cp311-manylinux_2_17_x86_64.manylinux2014_x86_64.whl.metadata (73 kB)
2025-08-17T21:38:07.6774398Z Requirement already satisfied: typing-extensions>=4.2 in /opt/hostedtoolcache/Python/3.11.13/x64/lib/python3.11/site-packages (from aiosignal>=1.4.0->aiohttp->keepa==1.3.15) (4.14.1)
2025-08-17T21:38:07.6818989Z Requirement already satisfied: annotated-types>=0.6.0 in /opt/hostedtoolcache/Python/3.11.13/x64/lib/python3.11/site-packages (from pydantic->keepa==1.3.15) (0.7.0)
2025-08-17T21:38:07.6824902Z Requirement already satisfied: pydantic-core==2.33.2 in /opt/hostedtoolcache/Python/3.11.13/x64/lib/python3.11/site-packages (from pydantic->keepa==1.3.15) (2.33.2)
2025-08-17T21:38:07.6831798Z Requirement already satisfied: typing-inspection>=0.4.0 in /opt/hostedtoolcache/Python/3.11.13/x64/lib/python3.11/site-packages (from pydantic->keepa==1.3.15) (0.4.1)
2025-08-17T21:38:07.6889245Z Using cached keepa-1.3.15-py3-none-any.whl (38 kB)
2025-08-17T21:38:07.6902651Z Using cached minio-7.1.15-py3-none-any.whl (77 kB)
2025-08-17T21:38:07.6916851Z Using cached aiohttp-3.12.15-cp311-cp311-manylinux_2_17_x86_64.manylinux2014_x86_64.whl (1.7 MB)
2025-08-17T21:38:07.6943929Z Using cached multidict-6.6.4-cp311-cp311-manylinux2014_x86_64.manylinux_2_17_x86_64.manylinux_2_28_x86_64.whl (246 kB)
2025-08-17T21:38:07.6958502Z Using cached yarl-1.20.1-cp311-cp311-manylinux_2_17_x86_64.manylinux2014_x86_64.whl (348 kB)
2025-08-17T21:38:07.6974470Z Using cached aiohappyeyeballs-2.6.1-py3-none-any.whl (15 kB)
2025-08-17T21:38:07.6987714Z Using cached aiosignal-1.4.0-py3-none-any.whl (7.5 kB)
2025-08-17T21:38:07.7000781Z Using cached attrs-25.3.0-py3-none-any.whl (63 kB)
2025-08-17T21:38:07.7015076Z Using cached frozenlist-1.7.0-cp311-cp311-manylinux_2_5_x86_64.manylinux1_x86_64.manylinux_2_17_x86_64.manylinux2014_x86_64.whl (235 kB)
2025-08-17T21:38:07.7029661Z Using cached propcache-0.3.2-cp311-cp311-manylinux_2_17_x86_64.manylinux2014_x86_64.whl (213 kB)
2025-08-17T21:38:07.7043847Z Using cached tqdm-4.67.1-py3-none-any.whl (78 kB)
2025-08-17T21:38:07.8531115Z Installing collected packages: tqdm, propcache, multidict, minio, frozenlist, attrs, aiohappyeyeballs, yarl, aiosignal, aiohttp, keepa
2025-08-17T21:38:07.9196192Z   Attempting uninstall: minio
2025-08-17T21:38:07.9227301Z     Found existing installation: minio 7.2.16
2025-08-17T21:38:07.9260966Z     Uninstalling minio-7.2.16:
2025-08-17T21:38:07.9270726Z       Successfully uninstalled minio-7.2.16
2025-08-17T21:38:08.2514401Z 
2025-08-17T21:38:08.2568819Z Successfully installed aiohappyeyeballs-2.6.1 aiohttp-3.12.15 aiosignal-1.4.0 attrs-25.3.0 frozenlist-1.7.0 keepa-1.3.15 minio-7.1.15 multidict-6.6.4 propcache-0.3.2 tqdm-4.67.1 yarl-1.20.1
2025-08-17T21:38:08.4215366Z ##[group]Run sudo apt-get update
2025-08-17T21:38:08.4215911Z [36;1msudo apt-get update[0m
2025-08-17T21:38:08.4216373Z [36;1msudo apt-get install -y postgresql[0m
2025-08-17T21:38:08.4217195Z [36;1mecho "/usr/lib/postgresql/$(pg_config --version | cut -d' ' -f2 | cut -d'.' -f1,2)/bin" >> $GITHUB_PATH[0m
2025-08-17T21:38:08.4276418Z shell: /usr/bin/bash -e {0}
2025-08-17T21:38:08.4276824Z env:
2025-08-17T21:38:08.4277132Z   PG_USER: postgres
2025-08-17T21:38:08.4277510Z   PG_PASSWORD: pass
2025-08-17T21:38:08.4277874Z   PG_DATABASE: awa
2025-08-17T21:38:08.4278231Z   PG_HOST: localhost
2025-08-17T21:38:08.4278588Z   PG_PORT: 5432
2025-08-17T21:38:08.4279392Z   PG_SYNC_DSN: ***localhost:5432/awa
2025-08-17T21:38:08.4280165Z   PG_ASYNC_DSN: ***localhost:5432/awa
2025-08-17T21:38:08.4280920Z   DATABASE_URL: ***localhost:5432/awa
2025-08-17T21:38:08.4281371Z   DATA_DIR: /tmp/awa-data
2025-08-17T21:38:08.4281755Z   ENABLE_LIVE: 0
2025-08-17T21:38:08.4282090Z   TESTING: 1
2025-08-17T21:38:08.4282569Z   pythonLocation: /opt/hostedtoolcache/Python/3.11.13/x64
2025-08-17T21:38:08.4283502Z   PKG_CONFIG_PATH: /opt/hostedtoolcache/Python/3.11.13/x64/lib/pkgconfig
2025-08-17T21:38:08.4284225Z   Python_ROOT_DIR: /opt/hostedtoolcache/Python/3.11.13/x64
2025-08-17T21:38:08.4284867Z   Python2_ROOT_DIR: /opt/hostedtoolcache/Python/3.11.13/x64
2025-08-17T21:38:08.4285513Z   Python3_ROOT_DIR: /opt/hostedtoolcache/Python/3.11.13/x64
2025-08-17T21:38:08.4286159Z   LD_LIBRARY_PATH: /opt/hostedtoolcache/Python/3.11.13/x64/lib
2025-08-17T21:38:08.4286708Z ##[endgroup]
2025-08-17T21:38:08.5085386Z Get:1 file:/etc/apt/apt-mirrors.txt Mirrorlist [144 B]
2025-08-17T21:38:08.5429237Z Hit:2 http://azure.archive.ubuntu.com/ubuntu noble InRelease
2025-08-17T21:38:08.5453608Z Get:3 http://azure.archive.ubuntu.com/ubuntu noble-updates InRelease [126 kB]
2025-08-17T21:38:08.5504795Z Get:4 http://azure.archive.ubuntu.com/ubuntu noble-backports InRelease [126 kB]
2025-08-17T21:38:08.5506165Z Hit:6 https://packages.microsoft.com/repos/azure-cli noble InRelease
2025-08-17T21:38:08.5541344Z Get:5 http://azure.archive.ubuntu.com/ubuntu noble-security InRelease [126 kB]
2025-08-17T21:38:08.5595255Z Get:7 https://packages.microsoft.com/ubuntu/24.04/prod noble InRelease [3600 B]
2025-08-17T21:38:08.6629746Z Get:8 http://azure.archive.ubuntu.com/ubuntu noble-updates/main amd64 Packages [1325 kB]
2025-08-17T21:38:08.6777095Z Get:9 http://azure.archive.ubuntu.com/ubuntu noble-updates/main Translation-en [265 kB]
2025-08-17T21:38:08.6807871Z Get:10 http://azure.archive.ubuntu.com/ubuntu noble-updates/main amd64 Components [175 kB]
2025-08-17T21:38:08.6832689Z Get:11 http://azure.archive.ubuntu.com/ubuntu noble-updates/universe amd64 Packages [1120 kB]
2025-08-17T21:38:08.6968189Z Get:12 http://azure.archive.ubuntu.com/ubuntu noble-updates/universe Translation-en [287 kB]
2025-08-17T21:38:08.7011792Z Get:13 http://azure.archive.ubuntu.com/ubuntu noble-updates/universe amd64 Components [377 kB]
2025-08-17T21:38:08.7082056Z Get:14 http://azure.archive.ubuntu.com/ubuntu noble-updates/restricted amd64 Packages [1672 kB]
2025-08-17T21:38:08.7222117Z Get:15 http://azure.archive.ubuntu.com/ubuntu noble-updates/restricted Translation-en [367 kB]
2025-08-17T21:38:08.7254085Z Get:16 http://azure.archive.ubuntu.com/ubuntu noble-updates/restricted amd64 Components [212 B]
2025-08-17T21:38:08.7267830Z Get:17 http://azure.archive.ubuntu.com/ubuntu noble-updates/multiverse amd64 Components [940 B]
2025-08-17T21:38:08.8041942Z Get:18 http://azure.archive.ubuntu.com/ubuntu noble-backports/main amd64 Components [7076 B]
2025-08-17T21:38:08.8063098Z Get:19 http://azure.archive.ubuntu.com/ubuntu noble-backports/universe amd64 Packages [30.2 kB]
2025-08-17T21:38:08.8081503Z Get:20 http://azure.archive.ubuntu.com/ubuntu noble-backports/universe Translation-en [17.4 kB]
2025-08-17T21:38:08.8095697Z Get:21 http://azure.archive.ubuntu.com/ubuntu noble-backports/universe amd64 Components [19.2 kB]
2025-08-17T21:38:08.8112127Z Get:22 http://azure.archive.ubuntu.com/ubuntu noble-backports/restricted amd64 Components [216 B]
2025-08-17T21:38:08.8126749Z Get:23 http://azure.archive.ubuntu.com/ubuntu noble-backports/multiverse amd64 Components [212 B]
2025-08-17T21:38:08.8139400Z Get:24 http://azure.archive.ubuntu.com/ubuntu noble-security/main amd64 Packages [1060 kB]
2025-08-17T21:38:08.8209175Z Get:25 http://azure.archive.ubuntu.com/ubuntu noble-security/main Translation-en [184 kB]
2025-08-17T21:38:08.8230433Z Get:26 http://azure.archive.ubuntu.com/ubuntu noble-security/main amd64 Components [21.5 kB]
2025-08-17T21:38:08.8255114Z Get:27 http://azure.archive.ubuntu.com/ubuntu noble-security/universe amd64 Packages [879 kB]
2025-08-17T21:38:08.8316601Z Get:28 http://azure.archive.ubuntu.com/ubuntu noble-security/universe Translation-en [194 kB]
2025-08-17T21:38:08.8341788Z Get:29 http://azure.archive.ubuntu.com/ubuntu noble-security/universe amd64 Components [52.3 kB]
2025-08-17T21:38:08.8359548Z Get:30 http://azure.archive.ubuntu.com/ubuntu noble-security/restricted amd64 Packages [1572 kB]
2025-08-17T21:38:08.8462765Z Get:31 http://azure.archive.ubuntu.com/ubuntu noble-security/restricted Translation-en [346 kB]
2025-08-17T21:38:08.8554876Z Get:34 https://packages.microsoft.com/ubuntu/24.04/prod noble/main arm64 Packages [33.0 kB]
2025-08-17T21:38:08.8592640Z Get:35 https://packages.microsoft.com/ubuntu/24.04/prod noble/main amd64 Packages [47.9 kB]
2025-08-17T21:38:08.8922788Z Get:32 http://azure.archive.ubuntu.com/ubuntu noble-security/restricted amd64 Components [212 B]
2025-08-17T21:38:08.8936374Z Get:33 http://azure.archive.ubuntu.com/ubuntu noble-security/multiverse amd64 Components [212 B]
2025-08-17T21:38:12.7100830Z Fetched 10.4 MB in 1s (8506 kB/s)
2025-08-17T21:38:13.3966095Z Reading package lists...
2025-08-17T21:38:13.4282361Z Reading package lists...
2025-08-17T21:38:13.5885881Z Building dependency tree...
2025-08-17T21:38:13.5893949Z Reading state information...
2025-08-17T21:38:13.7388007Z Suggested packages:
2025-08-17T21:38:13.7388530Z   postgresql-doc
2025-08-17T21:38:13.7607801Z The following NEW packages will be installed:
2025-08-17T21:38:13.7608403Z   postgresql
2025-08-17T21:38:13.7776392Z 0 upgraded, 1 newly installed, 0 to remove and 36 not upgraded.
2025-08-17T21:38:13.7777206Z Need to get 11.6 kB of archives.
2025-08-17T21:38:13.7794089Z After this operation, 17.4 kB of additional disk space will be used.
2025-08-17T21:38:13.7794832Z Get:1 file:/etc/apt/apt-mirrors.txt Mirrorlist [144 B]
2025-08-17T21:38:13.9515969Z Get:2 http://azure.archive.ubuntu.com/ubuntu noble-updates/main amd64 postgresql all 16+257build1.1 [11.6 kB]
2025-08-17T21:38:14.2007306Z Fetched 11.6 kB in 0s (62.9 kB/s)
2025-08-17T21:38:14.2304943Z Selecting previously unselected package postgresql.
2025-08-17T21:38:14.2949851Z (Reading database ... 
2025-08-17T21:38:14.2953594Z (Reading database ... 5%
2025-08-17T21:38:14.2954028Z (Reading database ... 10%
2025-08-17T21:38:14.2954414Z (Reading database ... 15%
2025-08-17T21:38:14.2954800Z (Reading database ... 20%
2025-08-17T21:38:14.2955214Z (Reading database ... 25%
2025-08-17T21:38:14.2955584Z (Reading database ... 30%
2025-08-17T21:38:14.2955938Z (Reading database ... 35%
2025-08-17T21:38:14.2956644Z (Reading database ... 40%
2025-08-17T21:38:14.2957001Z (Reading database ... 45%
2025-08-17T21:38:14.2957365Z (Reading database ... 50%
2025-08-17T21:38:14.4186021Z (Reading database ... 55%
2025-08-17T21:38:14.5911308Z (Reading database ... 60%
2025-08-17T21:38:14.9326852Z (Reading database ... 65%
2025-08-17T21:38:15.1973201Z (Reading database ... 70%
2025-08-17T21:38:15.3005241Z (Reading database ... 75%
2025-08-17T21:38:15.8893536Z (Reading database ... 80%
2025-08-17T21:38:16.6978304Z (Reading database ... 85%
2025-08-17T21:38:17.5086208Z (Reading database ... 90%
2025-08-17T21:38:18.3369646Z (Reading database ... 95%
2025-08-17T21:38:18.3370245Z (Reading database ... 100%
2025-08-17T21:38:18.3370882Z (Reading database ... 219881 files and directories currently installed.)
2025-08-17T21:38:18.3417525Z Preparing to unpack .../postgresql_16+257build1.1_all.deb ...
2025-08-17T21:38:18.3439187Z Unpacking postgresql (16+257build1.1) ...
2025-08-17T21:38:18.3800603Z Setting up postgresql (16+257build1.1) ...
2025-08-17T21:38:19.5093545Z 
2025-08-17T21:38:19.5094012Z Running kernel seems to be up-to-date.
2025-08-17T21:38:19.5094412Z 
2025-08-17T21:38:19.5094526Z Restarting services...
2025-08-17T21:38:19.5165955Z 
2025-08-17T21:38:19.5166454Z Service restarts being deferred:
2025-08-17T21:38:19.5167341Z  systemctl restart hosted-compute-agent.service
2025-08-17T21:38:19.5167761Z 
2025-08-17T21:38:19.5168127Z No containers need to be restarted.
2025-08-17T21:38:19.5168381Z 
2025-08-17T21:38:19.5168525Z No user sessions are running outdated binaries.
2025-08-17T21:38:19.5168732Z 
2025-08-17T21:38:19.5168921Z No VM guests are running outdated hypervisor (qemu) binaries on this host.
2025-08-17T21:38:20.3576479Z ##[group]Run pytest tests/db -q --cov=services --cov-append --cov-fail-under=0
2025-08-17T21:38:20.3577016Z [36;1mpytest tests/db -q --cov=services --cov-append --cov-fail-under=0[0m
2025-08-17T21:38:20.3618247Z shell: /usr/bin/bash -e {0}
2025-08-17T21:38:20.3618492Z env:
2025-08-17T21:38:20.3618689Z   PG_USER: postgres
2025-08-17T21:38:20.3618901Z   PG_PASSWORD: pass
2025-08-17T21:38:20.3619095Z   PG_DATABASE: awa
2025-08-17T21:38:20.3619293Z   PG_HOST: localhost
2025-08-17T21:38:20.3619489Z   PG_PORT: 5432
2025-08-17T21:38:20.3619951Z   PG_SYNC_DSN: ***localhost:5432/awa
2025-08-17T21:38:20.3620381Z   PG_ASYNC_DSN: ***localhost:5432/awa
2025-08-17T21:38:20.3620812Z   DATABASE_URL: ***localhost:5432/awa
2025-08-17T21:38:20.3621061Z   DATA_DIR: /tmp/awa-data
2025-08-17T21:38:20.3621287Z   ENABLE_LIVE: 0
2025-08-17T21:38:20.3621480Z   TESTING: 1
2025-08-17T21:38:20.3621736Z   pythonLocation: /opt/hostedtoolcache/Python/3.11.13/x64
2025-08-17T21:38:20.3622176Z   PKG_CONFIG_PATH: /opt/hostedtoolcache/Python/3.11.13/x64/lib/pkgconfig
2025-08-17T21:38:20.3622579Z   Python_ROOT_DIR: /opt/hostedtoolcache/Python/3.11.13/x64
2025-08-17T21:38:20.3622944Z   Python2_ROOT_DIR: /opt/hostedtoolcache/Python/3.11.13/x64
2025-08-17T21:38:20.3623504Z   Python3_ROOT_DIR: /opt/hostedtoolcache/Python/3.11.13/x64
2025-08-17T21:38:20.3623910Z   LD_LIBRARY_PATH: /opt/hostedtoolcache/Python/3.11.13/x64/lib
2025-08-17T21:38:20.3624226Z ##[endgroup]
2025-08-17T21:38:23.0924026Z /opt/hostedtoolcache/Python/3.11.13/x64/lib/python3.11/site-packages/coverage/report_core.py:118: CoverageWarning: Couldn't parse '/home/runner/work/AWA-App/AWA-App/C:\Users\Alexey\Documents\GitHub\AWA-App\services\__init__.py': No source for code: '/home/runner/work/AWA-App/AWA-App/C:\Users\Alexey\Documents\GitHub\AWA-App\services\__init__.py'. (couldnt-parse)
2025-08-17T21:38:23.0927353Z   coverage._warn(msg, slug="couldnt-parse")
2025-08-17T21:38:23.0929968Z /opt/hostedtoolcache/Python/3.11.13/x64/lib/python3.11/site-packages/coverage/report_core.py:118: CoverageWarning: Couldn't parse '/home/runner/work/AWA-App/AWA-App/C:\Users\Alexey\Documents\GitHub\AWA-App\services\alert_bot\__init__.py': No source for code: '/home/runner/work/AWA-App/AWA-App/C:\Users\Alexey\Documents\GitHub\AWA-App\services\alert_bot\__init__.py'. (couldnt-parse)
2025-08-17T21:38:23.0932472Z   coverage._warn(msg, slug="couldnt-parse")
2025-08-17T21:38:23.0934638Z /opt/hostedtoolcache/Python/3.11.13/x64/lib/python3.11/site-packages/coverage/report_core.py:118: CoverageWarning: Couldn't parse '/home/runner/work/AWA-App/AWA-App/C:\Users\Alexey\Documents\GitHub\AWA-App\services\alert_bot\alert_bot.py': No source for code: '/home/runner/work/AWA-App/AWA-App/C:\Users\Alexey\Documents\GitHub\AWA-App\services\alert_bot\alert_bot.py'. (couldnt-parse)
2025-08-17T21:38:23.0936441Z   coverage._warn(msg, slug="couldnt-parse")
2025-08-17T21:38:23.0938889Z /opt/hostedtoolcache/Python/3.11.13/x64/lib/python3.11/site-packages/coverage/report_core.py:118: CoverageWarning: Couldn't parse '/home/runner/work/AWA-App/AWA-App/C:\Users\Alexey\Documents\GitHub\AWA-App\services\alert_bot\rules\__init__.py': No source for code: '/home/runner/work/AWA-App/AWA-App/C:\Users\Alexey\Documents\GitHub\AWA-App\services\alert_bot\rules\__init__.py'. (couldnt-parse)
2025-08-17T21:38:23.0941165Z   coverage._warn(msg, slug="couldnt-parse")
2025-08-17T21:38:23.0942530Z /opt/hostedtoolcache/Python/3.11.13/x64/lib/python3.11/site-packages/coverage/report_core.py:118: CoverageWarning: Couldn't parse '/home/runner/work/AWA-App/AWA-App/C:\Users\Alexey\Documents\GitHub\AWA-App\services\api\__init__.py': No source for code: '/home/runner/work/AWA-App/AWA-App/C:\Users\Alexey\Documents\GitHub\AWA-App\services\api\__init__.py'. (couldnt-parse)
2025-08-17T21:38:23.0944462Z   coverage._warn(msg, slug="couldnt-parse")
2025-08-17T21:38:23.0946041Z /opt/hostedtoolcache/Python/3.11.13/x64/lib/python3.11/site-packages/coverage/report_core.py:118: CoverageWarning: Couldn't parse '/home/runner/work/AWA-App/AWA-App/C:\Users\Alexey\Documents\GitHub\AWA-App\services\api\config.py': No source for code: '/home/runner/work/AWA-App/AWA-App/C:\Users\Alexey\Documents\GitHub\AWA-App\services\api\config.py'. (couldnt-parse)
2025-08-17T21:38:23.0948380Z   coverage._warn(msg, slug="couldnt-parse")
2025-08-17T21:38:23.0950082Z /opt/hostedtoolcache/Python/3.11.13/x64/lib/python3.11/site-packages/coverage/report_core.py:118: CoverageWarning: Couldn't parse '/home/runner/work/AWA-App/AWA-App/C:\Users\Alexey\Documents\GitHub\AWA-App\services\api\db.py': No source for code: '/home/runner/work/AWA-App/AWA-App/C:\Users\Alexey\Documents\GitHub\AWA-App\services\api\db.py'. (couldnt-parse)
2025-08-17T21:38:23.0951347Z   coverage._warn(msg, slug="couldnt-parse")
2025-08-17T21:38:23.0952622Z /opt/hostedtoolcache/Python/3.11.13/x64/lib/python3.11/site-packages/coverage/report_core.py:118: CoverageWarning: Couldn't parse '/home/runner/work/AWA-App/AWA-App/C:\Users\Alexey\Documents\GitHub\AWA-App\services\api\main.py': No source for code: '/home/runner/work/AWA-App/AWA-App/C:\Users\Alexey\Documents\GitHub\AWA-App\services\api\main.py'. (couldnt-parse)
2025-08-17T21:38:23.0954086Z   coverage._warn(msg, slug="couldnt-parse")
2025-08-17T21:38:23.0955424Z /opt/hostedtoolcache/Python/3.11.13/x64/lib/python3.11/site-packages/coverage/report_core.py:118: CoverageWarning: Couldn't parse '/home/runner/work/AWA-App/AWA-App/C:\Users\Alexey\Documents\GitHub\AWA-App\services\api\models\__init__.py': No source for code: '/home/runner/work/AWA-App/AWA-App/C:\Users\Alexey\Documents\GitHub\AWA-App\services\api\models\__init__.py'. (couldnt-parse)
2025-08-17T21:38:23.0957645Z   coverage._warn(msg, slug="couldnt-parse")
2025-08-17T21:38:23.0960108Z /opt/hostedtoolcache/Python/3.11.13/x64/lib/python3.11/site-packages/coverage/report_core.py:118: CoverageWarning: Couldn't parse '/home/runner/work/AWA-App/AWA-App/C:\Users\Alexey\Documents\GitHub\AWA-App\services\api\models\fee.py': No source for code: '/home/runner/work/AWA-App/AWA-App/C:\Users\Alexey\Documents\GitHub\AWA-App\services\api\models\fee.py'. (couldnt-parse)
2025-08-17T21:38:23.0962349Z   coverage._warn(msg, slug="couldnt-parse")
2025-08-17T21:38:23.0964794Z /opt/hostedtoolcache/Python/3.11.13/x64/lib/python3.11/site-packages/coverage/report_core.py:118: CoverageWarning: Couldn't parse '/home/runner/work/AWA-App/AWA-App/C:\Users\Alexey\Documents\GitHub\AWA-App\services\api\roi_repository.py': No source for code: '/home/runner/work/AWA-App/AWA-App/C:\Users\Alexey\Documents\GitHub\AWA-App\services\api\roi_repository.py'. (couldnt-parse)
2025-08-17T21:38:23.0967095Z   coverage._warn(msg, slug="couldnt-parse")
2025-08-17T21:38:23.0969378Z /opt/hostedtoolcache/Python/3.11.13/x64/lib/python3.11/site-packages/coverage/report_core.py:118: CoverageWarning: Couldn't parse '/home/runner/work/AWA-App/AWA-App/C:\Users\Alexey\Documents\GitHub\AWA-App\services\api\routes\__init__.py': No source for code: '/home/runner/work/AWA-App/AWA-App/C:\Users\Alexey\Documents\GitHub\AWA-App\services\api\routes\__init__.py'. (couldnt-parse)
2025-08-17T21:38:23.0971669Z   coverage._warn(msg, slug="couldnt-parse")
2025-08-17T21:38:23.0974063Z /opt/hostedtoolcache/Python/3.11.13/x64/lib/python3.11/site-packages/coverage/report_core.py:118: CoverageWarning: Couldn't parse '/home/runner/work/AWA-App/AWA-App/C:\Users\Alexey\Documents\GitHub\AWA-App\services\api\routes\health.py': No source for code: '/home/runner/work/AWA-App/AWA-App/C:\Users\Alexey\Documents\GitHub\AWA-App\services\api\routes\health.py'. (couldnt-parse)
2025-08-17T21:38:23.0976335Z   coverage._warn(msg, slug="couldnt-parse")
2025-08-17T21:38:23.0978671Z /opt/hostedtoolcache/Python/3.11.13/x64/lib/python3.11/site-packages/coverage/report_core.py:118: CoverageWarning: Couldn't parse '/home/runner/work/AWA-App/AWA-App/C:\Users\Alexey\Documents\GitHub\AWA-App\services\api\routes\repository.py': No source for code: '/home/runner/work/AWA-App/AWA-App/C:\Users\Alexey\Documents\GitHub\AWA-App\services\api\routes\repository.py'. (couldnt-parse)
2025-08-17T21:38:23.0981189Z   coverage._warn(msg, slug="couldnt-parse")
2025-08-17T21:38:23.0983566Z /opt/hostedtoolcache/Python/3.11.13/x64/lib/python3.11/site-packages/coverage/report_core.py:118: CoverageWarning: Couldn't parse '/home/runner/work/AWA-App/AWA-App/C:\Users\Alexey\Documents\GitHub\AWA-App\services\api\routes\roi.py': No source for code: '/home/runner/work/AWA-App/AWA-App/C:\Users\Alexey\Documents\GitHub\AWA-App\services\api\routes\roi.py'. (couldnt-parse)
2025-08-17T21:38:23.0985587Z   coverage._warn(msg, slug="couldnt-parse")
2025-08-17T21:38:23.0987043Z /opt/hostedtoolcache/Python/3.11.13/x64/lib/python3.11/site-packages/coverage/report_core.py:118: CoverageWarning: Couldn't parse '/home/runner/work/AWA-App/AWA-App/C:\Users\Alexey\Documents\GitHub\AWA-App\services\api\routes\stats.py': No source for code: '/home/runner/work/AWA-App/AWA-App/C:\Users\Alexey\Documents\GitHub\AWA-App\services\api\routes\stats.py'. (couldnt-parse)
2025-08-17T21:38:23.0988952Z   coverage._warn(msg, slug="couldnt-parse")
2025-08-17T21:38:23.0990863Z /opt/hostedtoolcache/Python/3.11.13/x64/lib/python3.11/site-packages/coverage/report_core.py:118: CoverageWarning: Couldn't parse '/home/runner/work/AWA-App/AWA-App/C:\Users\Alexey\Documents\GitHub\AWA-App\services\common\__init__.py': No source for code: '/home/runner/work/AWA-App/AWA-App/C:\Users\Alexey\Documents\GitHub\AWA-App\services\common\__init__.py'. (couldnt-parse)
2025-08-17T21:38:23.0992174Z   coverage._warn(msg, slug="couldnt-parse")
2025-08-17T21:38:23.0994163Z /opt/hostedtoolcache/Python/3.11.13/x64/lib/python3.11/site-packages/coverage/report_core.py:118: CoverageWarning: Couldn't parse '/home/runner/work/AWA-App/AWA-App/C:\Users\Alexey\Documents\GitHub\AWA-App\services\common\base.py': No source for code: '/home/runner/work/AWA-App/AWA-App/C:\Users\Alexey\Documents\GitHub\AWA-App\services\common\base.py'. (couldnt-parse)
2025-08-17T21:38:23.0996541Z   coverage._warn(msg, slug="couldnt-parse")
2025-08-17T21:38:23.0998934Z /opt/hostedtoolcache/Python/3.11.13/x64/lib/python3.11/site-packages/coverage/report_core.py:118: CoverageWarning: Couldn't parse '/home/runner/work/AWA-App/AWA-App/C:\Users\Alexey\Documents\GitHub\AWA-App\services\common\config.py': No source for code: '/home/runner/work/AWA-App/AWA-App/C:\Users\Alexey\Documents\GitHub\AWA-App\services\common\config.py'. (couldnt-parse)
2025-08-17T21:38:23.1001027Z   coverage._warn(msg, slug="couldnt-parse")
2025-08-17T21:38:23.1002331Z /opt/hostedtoolcache/Python/3.11.13/x64/lib/python3.11/site-packages/coverage/report_core.py:118: CoverageWarning: Couldn't parse '/home/runner/work/AWA-App/AWA-App/C:\Users\Alexey\Documents\GitHub\AWA-App\services\common\db.py': No source for code: '/home/runner/work/AWA-App/AWA-App/C:\Users\Alexey\Documents\GitHub\AWA-App\services\common\db.py'. (couldnt-parse)
2025-08-17T21:38:23.1004264Z   coverage._warn(msg, slug="couldnt-parse")
2025-08-17T21:38:23.1005753Z /opt/hostedtoolcache/Python/3.11.13/x64/lib/python3.11/site-packages/coverage/report_core.py:118: CoverageWarning: Couldn't parse '/home/runner/work/AWA-App/AWA-App/C:\Users\Alexey\Documents\GitHub\AWA-App\services\common\db_url.py': No source for code: '/home/runner/work/AWA-App/AWA-App/C:\Users\Alexey\Documents\GitHub\AWA-App\services\common\db_url.py'. (couldnt-parse)
2025-08-17T21:38:23.1007346Z   coverage._warn(msg, slug="couldnt-parse")
2025-08-17T21:38:23.1009078Z /opt/hostedtoolcache/Python/3.11.13/x64/lib/python3.11/site-packages/coverage/report_core.py:118: CoverageWarning: Couldn't parse '/home/runner/work/AWA-App/AWA-App/C:\Users\Alexey\Documents\GitHub\AWA-App\services\common\dsn.py': No source for code: '/home/runner/work/AWA-App/AWA-App/C:\Users\Alexey\Documents\GitHub\AWA-App\services\common\dsn.py'. (couldnt-parse)
2025-08-17T21:38:23.1010407Z   coverage._warn(msg, slug="couldnt-parse")
2025-08-17T21:38:23.1012322Z /opt/hostedtoolcache/Python/3.11.13/x64/lib/python3.11/site-packages/coverage/report_core.py:118: CoverageWarning: Couldn't parse '/home/runner/work/AWA-App/AWA-App/C:\Users\Alexey\Documents\GitHub\AWA-App\services\common\keepa.py': No source for code: '/home/runner/work/AWA-App/AWA-App/C:\Users\Alexey\Documents\GitHub\AWA-App\services\common\keepa.py'. (couldnt-parse)
2025-08-17T21:38:23.1014074Z   coverage._warn(msg, slug="couldnt-parse")
2025-08-17T21:38:23.1015556Z /opt/hostedtoolcache/Python/3.11.13/x64/lib/python3.11/site-packages/coverage/report_core.py:118: CoverageWarning: Couldn't parse '/home/runner/work/AWA-App/AWA-App/C:\Users\Alexey\Documents\GitHub\AWA-App\services\common\llm.py': No source for code: '/home/runner/work/AWA-App/AWA-App/C:\Users\Alexey\Documents\GitHub\AWA-App\services\common\llm.py'. (couldnt-parse)
2025-08-17T21:38:23.1017204Z   coverage._warn(msg, slug="couldnt-parse")
2025-08-17T21:38:23.1018639Z /opt/hostedtoolcache/Python/3.11.13/x64/lib/python3.11/site-packages/coverage/report_core.py:118: CoverageWarning: Couldn't parse '/home/runner/work/AWA-App/AWA-App/C:\Users\Alexey\Documents\GitHub\AWA-App\services\common\models_vendor.py': No source for code: '/home/runner/work/AWA-App/AWA-App/C:\Users\Alexey\Documents\GitHub\AWA-App\services\common\models_vendor.py'. (couldnt-parse)
2025-08-17T21:38:23.1020539Z   coverage._warn(msg, slug="couldnt-parse")
2025-08-17T21:38:23.1021899Z /opt/hostedtoolcache/Python/3.11.13/x64/lib/python3.11/site-packages/coverage/report_core.py:118: CoverageWarning: Couldn't parse '/home/runner/work/AWA-App/AWA-App/C:\Users\Alexey\Documents\GitHub\AWA-App\services\common\settings.py': No source for code: '/home/runner/work/AWA-App/AWA-App/C:\Users\Alexey\Documents\GitHub\AWA-App\services\common\settings.py'. (couldnt-parse)
2025-08-17T21:38:23.1023865Z   coverage._warn(msg, slug="couldnt-parse")
2025-08-17T21:38:23.1025443Z /opt/hostedtoolcache/Python/3.11.13/x64/lib/python3.11/site-packages/coverage/report_core.py:118: CoverageWarning: Couldn't parse '/home/runner/work/AWA-App/AWA-App/C:\Users\Alexey\Documents\GitHub\AWA-App\services\db\__init__.py': No source for code: '/home/runner/work/AWA-App/AWA-App/C:\Users\Alexey\Documents\GitHub\AWA-App\services\db\__init__.py'. (couldnt-parse)
2025-08-17T21:38:23.1026974Z   coverage._warn(msg, slug="couldnt-parse")
2025-08-17T21:38:23.1028769Z /opt/hostedtoolcache/Python/3.11.13/x64/lib/python3.11/site-packages/coverage/report_core.py:118: CoverageWarning: Couldn't parse '/home/runner/work/AWA-App/AWA-App/C:\Users\Alexey\Documents\GitHub\AWA-App\services\db\utils\__init__.py': No source for code: '/home/runner/work/AWA-App/AWA-App/C:\Users\Alexey\Documents\GitHub\AWA-App\services\db\utils\__init__.py'. (couldnt-parse)
2025-08-17T21:38:23.1030115Z   coverage._warn(msg, slug="couldnt-parse")
2025-08-17T21:38:23.1031915Z /opt/hostedtoolcache/Python/3.11.13/x64/lib/python3.11/site-packages/coverage/report_core.py:118: CoverageWarning: Couldn't parse '/home/runner/work/AWA-App/AWA-App/C:\Users\Alexey\Documents\GitHub\AWA-App\services\db\utils\views.py': No source for code: '/home/runner/work/AWA-App/AWA-App/C:\Users\Alexey\Documents\GitHub\AWA-App\services\db\utils\views.py'. (couldnt-parse)
2025-08-17T21:38:23.1033637Z   coverage._warn(msg, slug="couldnt-parse")
2025-08-17T21:38:23.1035112Z /opt/hostedtoolcache/Python/3.11.13/x64/lib/python3.11/site-packages/coverage/report_core.py:118: CoverageWarning: Couldn't parse '/home/runner/work/AWA-App/AWA-App/C:\Users\Alexey\Documents\GitHub\AWA-App\services\emailer\__init__.py': No source for code: '/home/runner/work/AWA-App/AWA-App/C:\Users\Alexey\Documents\GitHub\AWA-App\services\emailer\__init__.py'. (couldnt-parse)
2025-08-17T21:38:23.1036885Z   coverage._warn(msg, slug="couldnt-parse")
2025-08-17T21:38:23.1038231Z /opt/hostedtoolcache/Python/3.11.13/x64/lib/python3.11/site-packages/coverage/report_core.py:118: CoverageWarning: Couldn't parse '/home/runner/work/AWA-App/AWA-App/C:\Users\Alexey\Documents\GitHub\AWA-App\services\emailer\generate_body.py': No source for code: '/home/runner/work/AWA-App/AWA-App/C:\Users\Alexey\Documents\GitHub\AWA-App\services\emailer\generate_body.py'. (couldnt-parse)
2025-08-17T21:38:23.1040055Z   coverage._warn(msg, slug="couldnt-parse")
2025-08-17T21:38:23.1041742Z /opt/hostedtoolcache/Python/3.11.13/x64/lib/python3.11/site-packages/coverage/report_core.py:118: CoverageWarning: Couldn't parse '/home/runner/work/AWA-App/AWA-App/C:\Users\Alexey\Documents\GitHub\AWA-App\services\etl\__init__.py': No source for code: '/home/runner/work/AWA-App/AWA-App/C:\Users\Alexey\Documents\GitHub\AWA-App\services\etl\__init__.py'. (couldnt-parse)
2025-08-17T21:38:23.1043186Z   coverage._warn(msg, slug="couldnt-parse")
2025-08-17T21:38:23.1044976Z /opt/hostedtoolcache/Python/3.11.13/x64/lib/python3.11/site-packages/coverage/report_core.py:118: CoverageWarning: Couldn't parse '/home/runner/work/AWA-App/AWA-App/C:\Users\Alexey\Documents\GitHub\AWA-App\services\etl\db.py': No source for code: '/home/runner/work/AWA-App/AWA-App/C:\Users\Alexey\Documents\GitHub\AWA-App\services\etl\db.py'. (couldnt-parse)
2025-08-17T21:38:23.1046309Z   coverage._warn(msg, slug="couldnt-parse")
2025-08-17T21:38:23.1048195Z /opt/hostedtoolcache/Python/3.11.13/x64/lib/python3.11/site-packages/coverage/report_core.py:118: CoverageWarning: Couldn't parse '/home/runner/work/AWA-App/AWA-App/C:\Users\Alexey\Documents\GitHub\AWA-App\services\etl\dialects\__init__.py': No source for code: '/home/runner/work/AWA-App/AWA-App/C:\Users\Alexey\Documents\GitHub\AWA-App\services\etl\dialects\__init__.py'. (couldnt-parse)
2025-08-17T21:38:23.1049580Z   coverage._warn(msg, slug="couldnt-parse")
2025-08-17T21:38:23.1051474Z /opt/hostedtoolcache/Python/3.11.13/x64/lib/python3.11/site-packages/coverage/report_core.py:118: CoverageWarning: Couldn't parse '/home/runner/work/AWA-App/AWA-App/C:\Users\Alexey\Documents\GitHub\AWA-App\services\etl\dialects\amazon_reimbursements.py': No source for code: '/home/runner/work/AWA-App/AWA-App/C:\Users\Alexey\Documents\GitHub\AWA-App\services\etl\dialects\amazon_reimbursements.py'. (couldnt-parse)
2025-08-17T21:38:23.1053677Z   coverage._warn(msg, slug="couldnt-parse")
2025-08-17T21:38:23.1055106Z /opt/hostedtoolcache/Python/3.11.13/x64/lib/python3.11/site-packages/coverage/report_core.py:118: CoverageWarning: Couldn't parse '/home/runner/work/AWA-App/AWA-App/C:\Users\Alexey\Documents\GitHub\AWA-App\services\etl\dialects\amazon_returns.py': No source for code: '/home/runner/work/AWA-App/AWA-App/C:\Users\Alexey\Documents\GitHub\AWA-App\services\etl\dialects\amazon_returns.py'. (couldnt-parse)
2025-08-17T21:38:23.1056968Z   coverage._warn(msg, slug="couldnt-parse")
2025-08-17T21:38:23.1058558Z /opt/hostedtoolcache/Python/3.11.13/x64/lib/python3.11/site-packages/coverage/report_core.py:118: CoverageWarning: Couldn't parse '/home/runner/work/AWA-App/AWA-App/C:\Users\Alexey\Documents\GitHub\AWA-App\services\etl\fba_fee_ingestor.py': No source for code: '/home/runner/work/AWA-App/AWA-App/C:\Users\Alexey\Documents\GitHub\AWA-App\services\etl\fba_fee_ingestor.py'. (couldnt-parse)
2025-08-17T21:38:23.1060076Z   coverage._warn(msg, slug="couldnt-parse")
2025-08-17T21:38:23.1061859Z /opt/hostedtoolcache/Python/3.11.13/x64/lib/python3.11/site-packages/coverage/report_core.py:118: CoverageWarning: Couldn't parse '/home/runner/work/AWA-App/AWA-App/C:\Users\Alexey\Documents\GitHub\AWA-App\services\etl\keepa_ingestor.py': No source for code: '/home/runner/work/AWA-App/AWA-App/C:\Users\Alexey\Documents\GitHub\AWA-App\services\etl\keepa_ingestor.py'. (couldnt-parse)
2025-08-17T21:38:23.1063186Z   coverage._warn(msg, slug="couldnt-parse")
2025-08-17T21:38:23.1065196Z /opt/hostedtoolcache/Python/3.11.13/x64/lib/python3.11/site-packages/coverage/report_core.py:118: CoverageWarning: Couldn't parse '/home/runner/work/AWA-App/AWA-App/C:\Users\Alexey\Documents\GitHub\AWA-App\services\etl\sp_fees_ingestor.py': No source for code: '/home/runner/work/AWA-App/AWA-App/C:\Users\Alexey\Documents\GitHub\AWA-App\services\etl\sp_fees_ingestor.py'. (couldnt-parse)
2025-08-17T21:38:23.1066736Z   coverage._warn(msg, slug="couldnt-parse")
2025-08-17T21:38:23.1068423Z /opt/hostedtoolcache/Python/3.11.13/x64/lib/python3.11/site-packages/coverage/report_core.py:118: CoverageWarning: Couldn't parse '/home/runner/work/AWA-App/AWA-App/C:\Users\Alexey\Documents\GitHub\AWA-App\services\fees_h10\__init__.py': No source for code: '/home/runner/work/AWA-App/AWA-App/C:\Users\Alexey\Documents\GitHub\AWA-App\services\fees_h10\__init__.py'. (couldnt-parse)
2025-08-17T21:38:23.1070218Z   coverage._warn(msg, slug="couldnt-parse")
2025-08-17T21:38:23.1071540Z /opt/hostedtoolcache/Python/3.11.13/x64/lib/python3.11/site-packages/coverage/report_core.py:118: CoverageWarning: Couldn't parse '/home/runner/work/AWA-App/AWA-App/C:\Users\Alexey\Documents\GitHub\AWA-App\services\fees_h10\client.py': No source for code: '/home/runner/work/AWA-App/AWA-App/C:\Users\Alexey\Documents\GitHub\AWA-App\services\fees_h10\client.py'. (couldnt-parse)
2025-08-17T21:38:23.1073418Z   coverage._warn(msg, slug="couldnt-parse")
2025-08-17T21:38:23.1074908Z /opt/hostedtoolcache/Python/3.11.13/x64/lib/python3.11/site-packages/coverage/report_core.py:118: CoverageWarning: Couldn't parse '/home/runner/work/AWA-App/AWA-App/C:\Users\Alexey\Documents\GitHub\AWA-App\services\fees_h10\repository.py': No source for code: '/home/runner/work/AWA-App/AWA-App/C:\Users\Alexey\Documents\GitHub\AWA-App\services\fees_h10\repository.py'. (couldnt-parse)
2025-08-17T21:38:23.1076546Z   coverage._warn(msg, slug="couldnt-parse")
2025-08-17T21:38:23.1078320Z /opt/hostedtoolcache/Python/3.11.13/x64/lib/python3.11/site-packages/coverage/report_core.py:118: CoverageWarning: Couldn't parse '/home/runner/work/AWA-App/AWA-App/C:\Users\Alexey\Documents\GitHub\AWA-App\services\fees_h10\worker.py': No source for code: '/home/runner/work/AWA-App/AWA-App/C:\Users\Alexey\Documents\GitHub\AWA-App\services\fees_h10\worker.py'. (couldnt-parse)
2025-08-17T21:38:23.1079641Z   coverage._warn(msg, slug="couldnt-parse")
2025-08-17T21:38:23.1081585Z /opt/hostedtoolcache/Python/3.11.13/x64/lib/python3.11/site-packages/coverage/report_core.py:118: CoverageWarning: Couldn't parse '/home/runner/work/AWA-App/AWA-App/C:\Users\Alexey\Documents\GitHub\AWA-App\services\ingest\__init__.py': No source for code: '/home/runner/work/AWA-App/AWA-App/C:\Users\Alexey\Documents\GitHub\AWA-App\services\ingest\__init__.py'. (couldnt-parse)
2025-08-17T21:38:23.1083113Z   coverage._warn(msg, slug="couldnt-parse")
2025-08-17T21:38:23.1084884Z /opt/hostedtoolcache/Python/3.11.13/x64/lib/python3.11/site-packages/coverage/report_core.py:118: CoverageWarning: Couldn't parse '/home/runner/work/AWA-App/AWA-App/C:\Users\Alexey\Documents\GitHub\AWA-App\services\ingest\email_watcher.py': No source for code: '/home/runner/work/AWA-App/AWA-App/C:\Users\Alexey\Documents\GitHub\AWA-App\services\ingest\email_watcher.py'. (couldnt-parse)
2025-08-17T21:38:23.1086679Z   coverage._warn(msg, slug="couldnt-parse")
2025-08-17T21:38:23.1088029Z /opt/hostedtoolcache/Python/3.11.13/x64/lib/python3.11/site-packages/coverage/report_core.py:118: CoverageWarning: Couldn't parse '/home/runner/work/AWA-App/AWA-App/C:\Users\Alexey\Documents\GitHub\AWA-App\services\ingest\ingest_router.py': No source for code: '/home/runner/work/AWA-App/AWA-App/C:\Users\Alexey\Documents\GitHub\AWA-App\services\ingest\ingest_router.py'. (couldnt-parse)
2025-08-17T21:38:23.1089846Z   coverage._warn(msg, slug="couldnt-parse")
2025-08-17T21:38:23.1091345Z /opt/hostedtoolcache/Python/3.11.13/x64/lib/python3.11/site-packages/coverage/report_core.py:118: CoverageWarning: Couldn't parse '/home/runner/work/AWA-App/AWA-App/C:\Users\Alexey\Documents\GitHub\AWA-App\services\ingest\upload_router.py': No source for code: '/home/runner/work/AWA-App/AWA-App/C:\Users\Alexey\Documents\GitHub\AWA-App\services\ingest\upload_router.py'. (couldnt-parse)
2025-08-17T21:38:23.1092982Z   coverage._warn(msg, slug="couldnt-parse")
2025-08-17T21:38:23.1094848Z /opt/hostedtoolcache/Python/3.11.13/x64/lib/python3.11/site-packages/coverage/report_core.py:118: CoverageWarning: Couldn't parse '/home/runner/work/AWA-App/AWA-App/C:\Users\Alexey\Documents\GitHub\AWA-App\services\llm_server\__init__.py': No source for code: '/home/runner/work/AWA-App/AWA-App/C:\Users\Alexey\Documents\GitHub\AWA-App\services\llm_server\__init__.py'. (couldnt-parse)
2025-08-17T21:38:23.1096366Z   coverage._warn(msg, slug="couldnt-parse")
2025-08-17T21:38:23.1098151Z /opt/hostedtoolcache/Python/3.11.13/x64/lib/python3.11/site-packages/coverage/report_core.py:118: CoverageWarning: Couldn't parse '/home/runner/work/AWA-App/AWA-App/C:\Users\Alexey\Documents\GitHub\AWA-App\services\llm_server\app.py': No source for code: '/home/runner/work/AWA-App/AWA-App/C:\Users\Alexey\Documents\GitHub\AWA-App\services\llm_server\app.py'. (couldnt-parse)
2025-08-17T21:38:23.1099617Z   coverage._warn(msg, slug="couldnt-parse")
2025-08-17T21:38:23.1101233Z /opt/hostedtoolcache/Python/3.11.13/x64/lib/python3.11/site-packages/coverage/report_core.py:118: CoverageWarning: Couldn't parse '/home/runner/work/AWA-App/AWA-App/C:\Users\Alexey\Documents\GitHub\AWA-App\services\logistics_etl\__init__.py': No source for code: '/home/runner/work/AWA-App/AWA-App/C:\Users\Alexey\Documents\GitHub\AWA-App\services\logistics_etl\__init__.py'. (couldnt-parse)
2025-08-17T21:38:23.1103010Z   coverage._warn(msg, slug="couldnt-parse")
2025-08-17T21:38:23.1104497Z /opt/hostedtoolcache/Python/3.11.13/x64/lib/python3.11/site-packages/coverage/report_core.py:118: CoverageWarning: Couldn't parse '/home/runner/work/AWA-App/AWA-App/C:\Users\Alexey\Documents\GitHub\AWA-App\services\logistics_etl\__main__.py': No source for code: '/home/runner/work/AWA-App/AWA-App/C:\Users\Alexey\Documents\GitHub\AWA-App\services\logistics_etl\__main__.py'. (couldnt-parse)
2025-08-17T21:38:23.1106293Z   coverage._warn(msg, slug="couldnt-parse")
2025-08-17T21:38:23.1107646Z /opt/hostedtoolcache/Python/3.11.13/x64/lib/python3.11/site-packages/coverage/report_core.py:118: CoverageWarning: Couldn't parse '/home/runner/work/AWA-App/AWA-App/C:\Users\Alexey\Documents\GitHub\AWA-App\services\logistics_etl\client.py': No source for code: '/home/runner/work/AWA-App/AWA-App/C:\Users\Alexey\Documents\GitHub\AWA-App\services\logistics_etl\client.py'. (couldnt-parse)
2025-08-17T21:38:23.1109616Z   coverage._warn(msg, slug="couldnt-parse")
2025-08-17T21:38:23.1111277Z /opt/hostedtoolcache/Python/3.11.13/x64/lib/python3.11/site-packages/coverage/report_core.py:118: CoverageWarning: Couldn't parse '/home/runner/work/AWA-App/AWA-App/C:\Users\Alexey\Documents\GitHub\AWA-App\services\logistics_etl\cron.py': No source for code: '/home/runner/work/AWA-App/AWA-App/C:\Users\Alexey\Documents\GitHub\AWA-App\services\logistics_etl\cron.py'. (couldnt-parse)
2025-08-17T21:38:23.1112717Z   coverage._warn(msg, slug="couldnt-parse")
2025-08-17T21:38:23.1114593Z /opt/hostedtoolcache/Python/3.11.13/x64/lib/python3.11/site-packages/coverage/report_core.py:118: CoverageWarning: Couldn't parse '/home/runner/work/AWA-App/AWA-App/C:\Users\Alexey\Documents\GitHub\AWA-App\services\logistics_etl\db.py': No source for code: '/home/runner/work/AWA-App/AWA-App/C:\Users\Alexey\Documents\GitHub\AWA-App\services\logistics_etl\db.py'. (couldnt-parse)
2025-08-17T21:38:23.1115927Z   coverage._warn(msg, slug="couldnt-parse")
2025-08-17T21:38:23.1117711Z /opt/hostedtoolcache/Python/3.11.13/x64/lib/python3.11/site-packages/coverage/report_core.py:118: CoverageWarning: Couldn't parse '/home/runner/work/AWA-App/AWA-App/C:\Users\Alexey\Documents\GitHub\AWA-App\services\logistics_etl\flow.py': No source for code: '/home/runner/work/AWA-App/AWA-App/C:\Users\Alexey\Documents\GitHub\AWA-App\services\logistics_etl\flow.py'. (couldnt-parse)
2025-08-17T21:38:23.1119313Z   coverage._warn(msg, slug="couldnt-parse")
2025-08-17T21:38:23.1120865Z /opt/hostedtoolcache/Python/3.11.13/x64/lib/python3.11/site-packages/coverage/report_core.py:118: CoverageWarning: Couldn't parse '/home/runner/work/AWA-App/AWA-App/C:\Users\Alexey\Documents\GitHub\AWA-App\services\logistics_etl\repository.py': No source for code: '/home/runner/work/AWA-App/AWA-App/C:\Users\Alexey\Documents\GitHub\AWA-App\services\logistics_etl\repository.py'. (couldnt-parse)
2025-08-17T21:38:23.1122706Z   coverage._warn(msg, slug="couldnt-parse")
2025-08-17T21:38:23.1124362Z /opt/hostedtoolcache/Python/3.11.13/x64/lib/python3.11/site-packages/coverage/report_core.py:118: CoverageWarning: Couldn't parse '/home/runner/work/AWA-App/AWA-App/C:\Users\Alexey\Documents\GitHub\AWA-App\services\price_importer\__init__.py': No source for code: '/home/runner/work/AWA-App/AWA-App/C:\Users\Alexey\Documents\GitHub\AWA-App\services\price_importer\__init__.py'. (couldnt-parse)
2025-08-17T21:38:23.1126220Z   coverage._warn(msg, slug="couldnt-parse")
2025-08-17T21:38:23.1127635Z /opt/hostedtoolcache/Python/3.11.13/x64/lib/python3.11/site-packages/coverage/report_core.py:118: CoverageWarning: Couldn't parse '/home/runner/work/AWA-App/AWA-App/C:\Users\Alexey\Documents\GitHub\AWA-App\services\price_importer\common\__init__.py': No source for code: '/home/runner/work/AWA-App/AWA-App/C:\Users\Alexey\Documents\GitHub\AWA-App\services\price_importer\common\__init__.py'. (couldnt-parse)
2025-08-17T21:38:23.1129533Z   coverage._warn(msg, slug="couldnt-parse")
2025-08-17T21:38:23.1130952Z /opt/hostedtoolcache/Python/3.11.13/x64/lib/python3.11/site-packages/coverage/report_core.py:118: CoverageWarning: Couldn't parse '/home/runner/work/AWA-App/AWA-App/C:\Users\Alexey\Documents\GitHub\AWA-App\services\price_importer\common\base.py': No source for code: '/home/runner/work/AWA-App/AWA-App/C:\Users\Alexey\Documents\GitHub\AWA-App\services\price_importer\common\base.py'. (couldnt-parse)
2025-08-17T21:38:23.1132812Z   coverage._warn(msg, slug="couldnt-parse")
2025-08-17T21:38:23.1134523Z /opt/hostedtoolcache/Python/3.11.13/x64/lib/python3.11/site-packages/coverage/report_core.py:118: CoverageWarning: Couldn't parse '/home/runner/work/AWA-App/AWA-App/C:\Users\Alexey\Documents\GitHub\AWA-App\services\price_importer\common\db_url.py': No source for code: '/home/runner/work/AWA-App/AWA-App/C:\Users\Alexey\Documents\GitHub\AWA-App\services\price_importer\common\db_url.py'. (couldnt-parse)
2025-08-17T21:38:23.1136285Z   coverage._warn(msg, slug="couldnt-parse")
2025-08-17T21:38:23.1138190Z /opt/hostedtoolcache/Python/3.11.13/x64/lib/python3.11/site-packages/coverage/report_core.py:118: CoverageWarning: Couldn't parse '/home/runner/work/AWA-App/AWA-App/C:\Users\Alexey\Documents\GitHub\AWA-App\services\price_importer\common\models_vendor.py': No source for code: '/home/runner/work/AWA-App/AWA-App/C:\Users\Alexey\Documents\GitHub\AWA-App\services\price_importer\common\models_vendor.py'. (couldnt-parse)
2025-08-17T21:38:23.1139739Z   coverage._warn(msg, slug="couldnt-parse")
2025-08-17T21:38:23.1141457Z /opt/hostedtoolcache/Python/3.11.13/x64/lib/python3.11/site-packages/coverage/report_core.py:118: CoverageWarning: Couldn't parse '/home/runner/work/AWA-App/AWA-App/C:\Users\Alexey\Documents\GitHub\AWA-App\services\price_importer\import.py': No source for code: '/home/runner/work/AWA-App/AWA-App/C:\Users\Alexey\Documents\GitHub\AWA-App\services\price_importer\import.py'. (couldnt-parse)
2025-08-17T21:38:23.1143224Z   coverage._warn(msg, slug="couldnt-parse")
2025-08-17T21:38:23.1144789Z /opt/hostedtoolcache/Python/3.11.13/x64/lib/python3.11/site-packages/coverage/report_core.py:118: CoverageWarning: Couldn't parse '/home/runner/work/AWA-App/AWA-App/C:\Users\Alexey\Documents\GitHub\AWA-App\services\price_importer\normaliser.py': No source for code: '/home/runner/work/AWA-App/AWA-App/C:\Users\Alexey\Documents\GitHub\AWA-App\services\price_importer\normaliser.py'. (couldnt-parse)
2025-08-17T21:38:23.1146627Z   coverage._warn(msg, slug="couldnt-parse")
2025-08-17T21:38:23.1148019Z /opt/hostedtoolcache/Python/3.11.13/x64/lib/python3.11/site-packages/coverage/report_core.py:118: CoverageWarning: Couldn't parse '/home/runner/work/AWA-App/AWA-App/C:\Users\Alexey\Documents\GitHub\AWA-App\services\price_importer\reader.py': No source for code: '/home/runner/work/AWA-App/AWA-App/C:\Users\Alexey\Documents\GitHub\AWA-App\services\price_importer\reader.py'. (couldnt-parse)
2025-08-17T21:38:23.1149784Z   coverage._warn(msg, slug="couldnt-parse")
2025-08-17T21:38:23.1151790Z /opt/hostedtoolcache/Python/3.11.13/x64/lib/python3.11/site-packages/coverage/report_core.py:118: CoverageWarning: Couldn't parse '/home/runner/work/AWA-App/AWA-App/C:\Users\Alexey\Documents\GitHub\AWA-App\services\price_importer\repository.py': No source for code: '/home/runner/work/AWA-App/AWA-App/C:\Users\Alexey\Documents\GitHub\AWA-App\services\price_importer\repository.py'. (couldnt-parse)
2025-08-17T21:38:23.1153349Z   coverage._warn(msg, slug="couldnt-parse")
2025-08-17T21:38:23.1154815Z /opt/hostedtoolcache/Python/3.11.13/x64/lib/python3.11/site-packages/coverage/report_core.py:118: CoverageWarning: Couldn't parse '/home/runner/work/AWA-App/AWA-App/C:\Users\Alexey\Documents\GitHub\AWA-App\services\price_importer\services_common\__init__.py': No source for code: '/home/runner/work/AWA-App/AWA-App/C:\Users\Alexey\Documents\GitHub\AWA-App\services\price_importer\services_common\__init__.py'. (couldnt-parse)
2025-08-17T21:38:23.1156274Z   coverage._warn(msg, slug="couldnt-parse")
2025-08-17T21:38:23.1157736Z /opt/hostedtoolcache/Python/3.11.13/x64/lib/python3.11/site-packages/coverage/report_core.py:118: CoverageWarning: Couldn't parse '/home/runner/work/AWA-App/AWA-App/C:\Users\Alexey\Documents\GitHub\AWA-App\services\price_importer\services_common\base.py': No source for code: '/home/runner/work/AWA-App/AWA-App/C:\Users\Alexey\Documents\GitHub\AWA-App\services\price_importer\services_common\base.py'. (couldnt-parse)
2025-08-17T21:38:23.1159177Z   coverage._warn(msg, slug="couldnt-parse")
2025-08-17T21:38:23.1160592Z /opt/hostedtoolcache/Python/3.11.13/x64/lib/python3.11/site-packages/coverage/report_core.py:118: CoverageWarning: Couldn't parse '/home/runner/work/AWA-App/AWA-App/C:\Users\Alexey\Documents\GitHub\AWA-App\services\price_importer\services_common\db.py': No source for code: '/home/runner/work/AWA-App/AWA-App/C:\Users\Alexey\Documents\GitHub\AWA-App\services\price_importer\services_common\db.py'. (couldnt-parse)
2025-08-17T21:38:23.1162122Z   coverage._warn(msg, slug="couldnt-parse")
2025-08-17T21:38:23.1163659Z /opt/hostedtoolcache/Python/3.11.13/x64/lib/python3.11/site-packages/coverage/report_core.py:118: CoverageWarning: Couldn't parse '/home/runner/work/AWA-App/AWA-App/C:\Users\Alexey\Documents\GitHub\AWA-App\services\price_importer\services_common\db_url.py': No source for code: '/home/runner/work/AWA-App/AWA-App/C:\Users\Alexey\Documents\GitHub\AWA-App\services\price_importer\services_common\db_url.py'. (couldnt-parse)
2025-08-17T21:38:23.1165108Z   coverage._warn(msg, slug="couldnt-parse")
2025-08-17T21:38:23.1166555Z /opt/hostedtoolcache/Python/3.11.13/x64/lib/python3.11/site-packages/coverage/report_core.py:118: CoverageWarning: Couldn't parse '/home/runner/work/AWA-App/AWA-App/C:\Users\Alexey\Documents\GitHub\AWA-App\services\price_importer\services_common\dsn.py': No source for code: '/home/runner/work/AWA-App/AWA-App/C:\Users\Alexey\Documents\GitHub\AWA-App\services\price_importer\services_common\dsn.py'. (couldnt-parse)
2025-08-17T21:38:23.1167991Z   coverage._warn(msg, slug="couldnt-parse")
2025-08-17T21:38:23.1169449Z /opt/hostedtoolcache/Python/3.11.13/x64/lib/python3.11/site-packages/coverage/report_core.py:118: CoverageWarning: Couldn't parse '/home/runner/work/AWA-App/AWA-App/C:\Users\Alexey\Documents\GitHub\AWA-App\services\price_importer\services_common\keepa.py': No source for code: '/home/runner/work/AWA-App/AWA-App/C:\Users\Alexey\Documents\GitHub\AWA-App\services\price_importer\services_common\keepa.py'. (couldnt-parse)
2025-08-17T21:38:23.1170969Z   coverage._warn(msg, slug="couldnt-parse")
2025-08-17T21:38:23.1172406Z /opt/hostedtoolcache/Python/3.11.13/x64/lib/python3.11/site-packages/coverage/report_core.py:118: CoverageWarning: Couldn't parse '/home/runner/work/AWA-App/AWA-App/C:\Users\Alexey\Documents\GitHub\AWA-App\services\price_importer\services_common\llm.py': No source for code: '/home/runner/work/AWA-App/AWA-App/C:\Users\Alexey\Documents\GitHub\AWA-App\services\price_importer\services_common\llm.py'. (couldnt-parse)
2025-08-17T21:38:23.1173924Z   coverage._warn(msg, slug="couldnt-parse")
2025-08-17T21:38:23.1175530Z /opt/hostedtoolcache/Python/3.11.13/x64/lib/python3.11/site-packages/coverage/report_core.py:118: CoverageWarning: Couldn't parse '/home/runner/work/AWA-App/AWA-App/C:\Users\Alexey\Documents\GitHub\AWA-App\services\price_importer\services_common\models_vendor.py': No source for code: '/home/runner/work/AWA-App/AWA-App/C:\Users\Alexey\Documents\GitHub\AWA-App\services\price_importer\services_common\models_vendor.py'. (couldnt-parse)
2025-08-17T21:38:23.1177041Z   coverage._warn(msg, slug="couldnt-parse")
2025-08-17T21:38:23.1178509Z /opt/hostedtoolcache/Python/3.11.13/x64/lib/python3.11/site-packages/coverage/report_core.py:118: CoverageWarning: Couldn't parse '/home/runner/work/AWA-App/AWA-App/C:\Users\Alexey\Documents\GitHub\AWA-App\services\price_importer\services_common\settings.py': No source for code: '/home/runner/work/AWA-App/AWA-App/C:\Users\Alexey\Documents\GitHub\AWA-App\services\price_importer\services_common\settings.py'. (couldnt-parse)
2025-08-17T21:38:23.1179990Z   coverage._warn(msg, slug="couldnt-parse")
2025-08-17T21:38:23.1181295Z /opt/hostedtoolcache/Python/3.11.13/x64/lib/python3.11/site-packages/coverage/report_core.py:118: CoverageWarning: Couldn't parse '/home/runner/work/AWA-App/AWA-App/C:\Users\Alexey\Documents\GitHub\AWA-App\services\repricer\__init__.py': No source for code: '/home/runner/work/AWA-App/AWA-App/C:\Users\Alexey\Documents\GitHub\AWA-App\services\repricer\__init__.py'. (couldnt-parse)
2025-08-17T21:38:23.1182597Z   coverage._warn(msg, slug="couldnt-parse")
2025-08-17T21:38:23.1184033Z /opt/hostedtoolcache/Python/3.11.13/x64/lib/python3.11/site-packages/coverage/report_core.py:118: CoverageWarning: Couldn't parse '/home/runner/work/AWA-App/AWA-App/C:\Users\Alexey\Documents\GitHub\AWA-App\services\repricer\app\__init__.py': No source for code: '/home/runner/work/AWA-App/AWA-App/C:\Users\Alexey\Documents\GitHub\AWA-App\services\repricer\app\__init__.py'. (couldnt-parse)
2025-08-17T21:38:23.1185480Z   coverage._warn(msg, slug="couldnt-parse")
2025-08-17T21:38:23.1186799Z /opt/hostedtoolcache/Python/3.11.13/x64/lib/python3.11/site-packages/coverage/report_core.py:118: CoverageWarning: Couldn't parse '/home/runner/work/AWA-App/AWA-App/C:\Users\Alexey\Documents\GitHub\AWA-App\services\repricer\app\deps.py': No source for code: '/home/runner/work/AWA-App/AWA-App/C:\Users\Alexey\Documents\GitHub\AWA-App\services\repricer\app\deps.py'. (couldnt-parse)
2025-08-17T21:38:23.1188112Z   coverage._warn(msg, slug="couldnt-parse")
2025-08-17T21:38:23.1189437Z /opt/hostedtoolcache/Python/3.11.13/x64/lib/python3.11/site-packages/coverage/report_core.py:118: CoverageWarning: Couldn't parse '/home/runner/work/AWA-App/AWA-App/C:\Users\Alexey\Documents\GitHub\AWA-App\services\repricer\app\logic.py': No source for code: '/home/runner/work/AWA-App/AWA-App/C:\Users\Alexey\Documents\GitHub\AWA-App\services\repricer\app\logic.py'. (couldnt-parse)
2025-08-17T21:38:23.1190774Z   coverage._warn(msg, slug="couldnt-parse")
2025-08-17T21:38:23.1192084Z /opt/hostedtoolcache/Python/3.11.13/x64/lib/python3.11/site-packages/coverage/report_core.py:118: CoverageWarning: Couldn't parse '/home/runner/work/AWA-App/AWA-App/C:\Users\Alexey\Documents\GitHub\AWA-App\services\repricer\app\main.py': No source for code: '/home/runner/work/AWA-App/AWA-App/C:\Users\Alexey\Documents\GitHub\AWA-App\services\repricer\app\main.py'. (couldnt-parse)
2025-08-17T21:38:23.1193483Z   coverage._warn(msg, slug="couldnt-parse")
2025-08-17T21:38:23.1194820Z /opt/hostedtoolcache/Python/3.11.13/x64/lib/python3.11/site-packages/coverage/report_core.py:118: CoverageWarning: Couldn't parse '/home/runner/work/AWA-App/AWA-App/C:\Users\Alexey\Documents\GitHub\AWA-App\services\repricer\app\schemas.py': No source for code: '/home/runner/work/AWA-App/AWA-App/C:\Users\Alexey\Documents\GitHub\AWA-App\services\repricer\app\schemas.py'. (couldnt-parse)
2025-08-17T21:38:23.1196164Z   coverage._warn(msg, slug="couldnt-parse")
2025-08-17T21:38:23.1197607Z /opt/hostedtoolcache/Python/3.11.13/x64/lib/python3.11/site-packages/coverage/report_core.py:118: CoverageWarning: Couldn't parse '/home/runner/work/AWA-App/AWA-App/C:\Users\Alexey\Documents\GitHub\AWA-App\services\returns_etl\loader.py': No source for code: '/home/runner/work/AWA-App/AWA-App/C:\Users\Alexey\Documents\GitHub\AWA-App\services\returns_etl\loader.py'. (couldnt-parse)
2025-08-17T21:38:23.1198933Z   coverage._warn(msg, slug="couldnt-parse")
2025-08-17T21:38:23.4529289Z ............                                                             [100%]
2025-08-17T21:38:23.4529898Z ================================ tests coverage ================================
2025-08-17T21:38:23.4530596Z _______________ coverage: platform linux, python 3.11.13-final-0 _______________
2025-08-17T21:38:23.4531172Z 
2025-08-17T21:38:23.4531429Z Coverage XML written to file coverage.xml
2025-08-17T21:38:23.5945650Z ##[group]Run actions/upload-artifact@v4
2025-08-17T21:38:23.5945958Z with:
2025-08-17T21:38:23.5946149Z   name: coverage.integration
2025-08-17T21:38:23.5946373Z   path: .coverage
2025-08-17T21:38:23.5946573Z   if-no-files-found: warn
2025-08-17T21:38:23.5946791Z   compression-level: 6
2025-08-17T21:38:23.5946985Z   overwrite: false
2025-08-17T21:38:23.5947186Z   include-hidden-files: false
2025-08-17T21:38:23.5947398Z env:
2025-08-17T21:38:23.5947569Z   PG_USER: postgres
2025-08-17T21:38:23.5947770Z   PG_PASSWORD: pass
2025-08-17T21:38:23.5947949Z   PG_DATABASE: awa
2025-08-17T21:38:23.5948136Z   PG_HOST: localhost
2025-08-17T21:38:23.5948325Z   PG_PORT: 5432
2025-08-17T21:38:23.5948767Z   PG_SYNC_DSN: ***localhost:5432/awa
2025-08-17T21:38:23.5949177Z   PG_ASYNC_DSN: ***localhost:5432/awa
2025-08-17T21:38:23.5949560Z   DATABASE_URL: ***localhost:5432/awa
2025-08-17T21:38:23.5949803Z   DATA_DIR: /tmp/awa-data
2025-08-17T21:38:23.5950014Z   ENABLE_LIVE: 0
2025-08-17T21:38:23.5950227Z   TESTING: 1
2025-08-17T21:38:23.5950640Z   pythonLocation: /opt/hostedtoolcache/Python/3.11.13/x64
2025-08-17T21:38:23.5951035Z   PKG_CONFIG_PATH: /opt/hostedtoolcache/Python/3.11.13/x64/lib/pkgconfig
2025-08-17T21:38:23.5951427Z   Python_ROOT_DIR: /opt/hostedtoolcache/Python/3.11.13/x64
2025-08-17T21:38:23.5951778Z   Python2_ROOT_DIR: /opt/hostedtoolcache/Python/3.11.13/x64
2025-08-17T21:38:23.5952124Z   Python3_ROOT_DIR: /opt/hostedtoolcache/Python/3.11.13/x64
2025-08-17T21:38:23.5952471Z   LD_LIBRARY_PATH: /opt/hostedtoolcache/Python/3.11.13/x64/lib
2025-08-17T21:38:23.5952762Z ##[endgroup]
2025-08-17T21:38:23.8075591Z ##[warning]No files were found with the provided path: .coverage. No artifacts will be uploaded.
2025-08-17T21:38:23.8676759Z Post job cleanup.
2025-08-17T21:38:23.9937180Z Cache hit occurred on the primary key Linux-int-842a859a37b6f31d35b1262d499b1acd0270bca26490137bed88679f7bc0eea4, not saving cache.
2025-08-17T21:38:24.0019729Z Post job cleanup.
2025-08-17T21:38:24.1510672Z Cache hit occurred on the primary key setup-python-Linux-x64-24.04-Ubuntu-python-3.11.13-pip-842a859a37b6f31d35b1262d499b1acd0270bca26490137bed88679f7bc0eea4, not saving cache.
2025-08-17T21:38:24.1626111Z Post job cleanup.
2025-08-17T21:38:24.2547645Z [command]/usr/bin/git version
2025-08-17T21:38:24.2583897Z git version 2.50.1
2025-08-17T21:38:24.2634040Z Temporarily overriding HOME='/home/runner/work/_temp/146719ee-2bef-4e93-9eda-3917a2463a4d' before making global git config changes
2025-08-17T21:38:24.2635393Z Adding repository directory to the temporary git global config as a safe directory
2025-08-17T21:38:24.2640179Z [command]/usr/bin/git config --global --add safe.directory /home/runner/work/AWA-App/AWA-App
2025-08-17T21:38:24.2674820Z [command]/usr/bin/git config --local --name-only --get-regexp core\.sshCommand
2025-08-17T21:38:24.2707278Z [command]/usr/bin/git submodule foreach --recursive sh -c "git config --local --name-only --get-regexp 'core\.sshCommand' && git config --local --unset-all 'core.sshCommand' || :"
2025-08-17T21:38:24.2940440Z [command]/usr/bin/git config --local --name-only --get-regexp http\.https\:\/\/github\.com\/\.extraheader
2025-08-17T21:38:24.2961159Z http.https://github.com/.extraheader
2025-08-17T21:38:24.2974959Z [command]/usr/bin/git config --local --unset-all http.https://github.com/.extraheader
2025-08-17T21:38:24.3005452Z [command]/usr/bin/git submodule foreach --recursive sh -c "git config --local --name-only --get-regexp 'http\.https\:\/\/github\.com\/\.extraheader' && git config --local --unset-all 'http.https://github.com/.extraheader' || :"
2025-08-17T21:38:24.3310500Z Print service container logs: 20f3d3d3ff414ad4b22e955ef19060df_postgres15_c83690
2025-08-17T21:38:24.3315603Z ##[command]/usr/bin/docker logs --details 8d0b37262d743390bec876a142be51bc8c1ba76d42381508d7508e42ff1b72cb
2025-08-17T21:38:24.3433842Z  The files belonging to this database system will be owned by user "postgres".
2025-08-17T21:38:24.3434581Z  This user must also own the server process.
2025-08-17T21:38:24.3435032Z  
2025-08-17T21:38:24.3435495Z  The database cluster will be initialized with locale "en_US.utf8".
2025-08-17T21:38:24.3437037Z  initdb: warning: enabling "trust" authentication for local connections
2025-08-17T21:38:24.3438140Z  initdb: hint: You can change this by editing pg_hba.conf or using the option -A, or --auth-local and --auth-host, the next time you run initdb.
2025-08-17T21:38:24.3439580Z  2025-08-17 21:37:19.487 UTC [1] LOG:  starting PostgreSQL 15.14 (Debian 15.14-1.pgdg13+1) on x86_64-pc-linux-gnu, compiled by gcc (Debian 14.2.0-19) 14.2.0, 64-bit
2025-08-17T21:38:24.3440657Z  2025-08-17 21:37:19.488 UTC [1] LOG:  listening on IPv4 address "0.0.0.0", port 5432
2025-08-17T21:38:24.3441335Z  2025-08-17 21:37:19.488 UTC [1] LOG:  listening on IPv6 address "::", port 5432
2025-08-17T21:38:24.3442105Z  2025-08-17 21:37:19.489 UTC [1] LOG:  listening on Unix socket "/var/run/postgresql/.s.PGSQL.5432"
2025-08-17T21:38:24.3442948Z  2025-08-17 21:37:19.491 UTC [64] LOG:  database system was shut down at 2025-08-17 21:37:19 UTC
2025-08-17T21:38:24.3444163Z  2025-08-17 21:37:19.495 UTC [1] LOG:  database system is ready to accept connections
2025-08-17T21:38:24.3444884Z  The default database encoding has accordingly been set to "UTF8".
2025-08-17T21:38:24.3445571Z  The default text search configuration will be set to "english".
2025-08-17T21:38:24.3446093Z  
2025-08-17T21:38:24.3446387Z  Data page checksums are disabled.
2025-08-17T21:38:24.3446774Z  
2025-08-17T21:38:24.3447237Z  fixing permissions on existing directory /var/lib/postgresql/data ... ok
2025-08-17T21:38:24.3447882Z  creating subdirectories ... ok
2025-08-17T21:38:24.3448394Z  selecting dynamic shared memory implementation ... posix
2025-08-17T21:38:24.3448952Z  selecting default max_connections ... 100
2025-08-17T21:38:24.3449610Z  selecting default shared_buffers ... 128MB
2025-08-17T21:38:24.3450069Z  selecting default time zone ... Etc/UTC
2025-08-17T21:38:24.3450509Z  creating configuration files ... ok
2025-08-17T21:38:24.3450799Z  running bootstrap script ... ok
2025-08-17T21:38:24.3451115Z  performing post-bootstrap initialization ... ok
2025-08-17T21:38:24.3451424Z  syncing data to disk ... ok
2025-08-17T21:38:24.3451650Z  
2025-08-17T21:38:24.3451808Z  
2025-08-17T21:38:24.3452038Z  Success. You can now start the database server using:
2025-08-17T21:38:24.3452333Z  
2025-08-17T21:38:24.3452555Z      pg_ctl -D /var/lib/postgresql/data -l logfile start
2025-08-17T21:38:24.3452851Z  
2025-08-17T21:38:24.3453669Z  waiting for server to start....2025-08-17 21:37:19.183 UTC [48] LOG:  starting PostgreSQL 15.14 (Debian 15.14-1.pgdg13+1) on x86_64-pc-linux-gnu, compiled by gcc (Debian 14.2.0-19) 14.2.0, 64-bit
2025-08-17T21:38:24.3454458Z  2025-08-17 21:37:19.184 UTC [48] LOG:  listening on Unix socket "/var/run/postgresql/.s.PGSQL.5432"
2025-08-17T21:38:24.3454967Z  2025-08-17 21:37:19.187 UTC [51] LOG:  database system was shut down at 2025-08-17 21:37:19 UTC
2025-08-17T21:38:24.3455435Z  2025-08-17 21:37:19.190 UTC [48] LOG:  database system is ready to accept connections
2025-08-17T21:38:24.3455786Z   done
2025-08-17T21:38:24.3455965Z  server started
2025-08-17T21:38:24.3456161Z  CREATE DATABASE
2025-08-17T21:38:24.3456346Z  
2025-08-17T21:38:24.3456500Z  
2025-08-17T21:38:24.3456816Z  /usr/local/bin/docker-entrypoint.sh: ignoring /docker-entrypoint-initdb.d/*
2025-08-17T21:38:24.3457200Z  
2025-08-17T21:38:24.3457440Z  2025-08-17 21:37:19.369 UTC [48] LOG:  received fast shutdown request
2025-08-17T21:38:24.3458156Z  waiting for server to shut down....2025-08-17 21:37:19.369 UTC [48] LOG:  aborting any active transactions
2025-08-17T21:38:24.3458798Z  2025-08-17 21:37:19.371 UTC [48] LOG:  background worker "logical replication launcher" (PID 54) exited with exit code 1
2025-08-17T21:38:24.3459333Z  2025-08-17 21:37:19.371 UTC [49] LOG:  shutting down
2025-08-17T21:38:24.3459700Z  2025-08-17 21:37:19.371 UTC [49] LOG:  checkpoint starting: shutdown immediate
2025-08-17T21:38:24.3460575Z  2025-08-17 21:37:19.388 UTC [49] LOG:  checkpoint complete: wrote 922 buffers (5.6%); 0 WAL file(s) added, 0 removed, 0 recycled; write=0.013 s, sync=0.002 s, total=0.017 s; sync files=301, longest=0.001 s, average=0.001 s; distance=4239 kB, estimate=4239 kB
2025-08-17T21:38:24.3461412Z  2025-08-17 21:37:19.394 UTC [48] LOG:  database system is shut down
2025-08-17T21:38:24.3461718Z   done
2025-08-17T21:38:24.3461895Z  server stopped
2025-08-17T21:38:24.3462085Z  
2025-08-17T21:38:24.3462325Z  PostgreSQL init process complete; ready for start up.
2025-08-17T21:38:24.3462616Z  
2025-08-17T21:38:24.3468128Z Stop and remove container: 20f3d3d3ff414ad4b22e955ef19060df_postgres15_c83690
2025-08-17T21:38:24.3472645Z ##[command]/usr/bin/docker rm --force 8d0b37262d743390bec876a142be51bc8c1ba76d42381508d7508e42ff1b72cb
2025-08-17T21:38:25.6919301Z 8d0b37262d743390bec876a142be51bc8c1ba76d42381508d7508e42ff1b72cb
2025-08-17T21:38:25.6946116Z Remove container network: github_network_4ea85ac95dc44ea6b18ad4a5f8299b25
2025-08-17T21:38:25.6950350Z ##[command]/usr/bin/docker network rm github_network_4ea85ac95dc44ea6b18ad4a5f8299b25
2025-08-17T21:38:25.8128939Z github_network_4ea85ac95dc44ea6b18ad4a5f8299b25
2025-08-17T21:38:25.8184337Z Cleaning up orphan processes
