2025-08-21T19:33:45.6770981Z Current runner version: '2.328.0'
2025-08-21T19:33:45.6794170Z ##[group]Runner Image Provisioner
2025-08-21T19:33:45.6794981Z Hosted Compute Agent
2025-08-21T19:33:45.6795496Z Version: 20250818.377
2025-08-21T19:33:45.6796196Z Commit: 3c593e9f75fe0b87e893bca80d6e12ba089c61fc
2025-08-21T19:33:45.6796895Z Build Date: 2025-08-18T14:52:18Z
2025-08-21T19:33:45.6797466Z ##[endgroup]
2025-08-21T19:33:45.6798083Z ##[group]Operating System
2025-08-21T19:33:45.6798617Z Ubuntu
2025-08-21T19:33:45.6799103Z 24.04.2
2025-08-21T19:33:45.6799571Z LTS
2025-08-21T19:33:45.6800058Z ##[endgroup]
2025-08-21T19:33:45.6800712Z ##[group]Runner Image
2025-08-21T19:33:45.6801354Z Image: ubuntu-24.04
2025-08-21T19:33:45.6801905Z Version: 20250818.1.0
2025-08-21T19:33:45.6802874Z Included Software: https://github.com/actions/runner-images/blob/ubuntu24/20250818.1/images/ubuntu/Ubuntu2404-Readme.md
2025-08-21T19:33:45.6804406Z Image Release: https://github.com/actions/runner-images/releases/tag/ubuntu24%2F20250818.1
2025-08-21T19:33:45.6805627Z ##[endgroup]
2025-08-21T19:33:45.6808855Z ##[group]GITHUB_TOKEN Permissions
2025-08-21T19:33:45.6811331Z Actions: write
2025-08-21T19:33:45.6811875Z Attestations: write
2025-08-21T19:33:45.6812520Z Checks: write
2025-08-21T19:33:45.6812980Z Contents: write
2025-08-21T19:33:45.6813485Z Deployments: write
2025-08-21T19:33:45.6814119Z Discussions: write
2025-08-21T19:33:45.6814599Z Issues: write
2025-08-21T19:33:45.6815074Z Metadata: read
2025-08-21T19:33:45.6815596Z Models: read
2025-08-21T19:33:45.6816095Z Packages: write
2025-08-21T19:33:45.6816564Z Pages: write
2025-08-21T19:33:45.6817109Z PullRequests: write
2025-08-21T19:33:45.6817644Z RepositoryProjects: write
2025-08-21T19:33:45.6818212Z SecurityEvents: write
2025-08-21T19:33:45.6818897Z Statuses: write
2025-08-21T19:33:45.6819374Z ##[endgroup]
2025-08-21T19:33:45.6821816Z Secret source: Actions
2025-08-21T19:33:45.6822793Z Prepare workflow directory
2025-08-21T19:33:45.7256890Z Prepare all required actions
2025-08-21T19:33:45.7312582Z Getting action download info
2025-08-21T19:33:46.1862204Z Download action repository 'actions/checkout@v5' (SHA:08c6903cd8c0fde910a37f88322edcfb5dd907a8)
2025-08-21T19:33:46.3521498Z Download action repository 'actions/setup-python@v5' (SHA:a26af69be951a213d495a4c3e4e4022e16d87065)
2025-08-21T19:33:46.4301985Z Download action repository 'actions/cache@v4' (SHA:0400d5f644dc74513175e3cd8d07132dd4860809)
2025-08-21T19:33:46.5264220Z Download action repository 'actions/upload-artifact@v4' (SHA:ea165f8d65b6e75b540449e92b4886f43607fa02)
2025-08-21T19:33:46.7464796Z Complete job name: integration-db
2025-08-21T19:33:46.8007818Z ##[group]Checking docker version
2025-08-21T19:33:46.8022409Z ##[command]/usr/bin/docker version --format '{{.Server.APIVersion}}'
2025-08-21T19:33:46.8650772Z '1.48'
2025-08-21T19:33:46.8664561Z Docker daemon API version: '1.48'
2025-08-21T19:33:46.8665970Z ##[command]/usr/bin/docker version --format '{{.Client.APIVersion}}'
2025-08-21T19:33:46.8821338Z '1.48'
2025-08-21T19:33:46.8834186Z Docker client API version: '1.48'
2025-08-21T19:33:46.8839842Z ##[endgroup]
2025-08-21T19:33:46.8843515Z ##[group]Clean up resources from previous jobs
2025-08-21T19:33:46.8849199Z ##[command]/usr/bin/docker ps --all --quiet --no-trunc --filter "label=0e2324"
2025-08-21T19:33:46.8992138Z ##[command]/usr/bin/docker network prune --force --filter "label=0e2324"
2025-08-21T19:33:46.9125389Z ##[endgroup]
2025-08-21T19:33:46.9126224Z ##[group]Create local container network
2025-08-21T19:33:46.9136907Z ##[command]/usr/bin/docker network create --label 0e2324 github_network_694aa72005914ed995ca4093fc1b0db5
2025-08-21T19:33:46.9626879Z 0e2122c7c5fec8798585d512069fc889a88c7b7671f59fb6f7fc6b3849fb5d1f
2025-08-21T19:33:46.9645394Z ##[endgroup]
2025-08-21T19:33:46.9670857Z ##[group]Starting postgres service container
2025-08-21T19:33:46.9690208Z ##[command]/usr/bin/docker pull postgres:15
2025-08-21T19:33:48.0003683Z 15: Pulling from library/postgres
2025-08-21T19:33:48.2555250Z 396b1da7636e: Pulling fs layer
2025-08-21T19:33:48.2556211Z fca2566eba32: Pulling fs layer
2025-08-21T19:33:48.2556709Z 631fe8c6d606: Pulling fs layer
2025-08-21T19:33:48.2557209Z 77c7671c4414: Pulling fs layer
2025-08-21T19:33:48.2557526Z 2d9e29180a27: Pulling fs layer
2025-08-21T19:33:48.2557819Z c6bcc2c9a041: Pulling fs layer
2025-08-21T19:33:48.2558106Z ac4b721eb66f: Pulling fs layer
2025-08-21T19:33:48.2558362Z 606bd164980e: Pulling fs layer
2025-08-21T19:33:48.2558628Z f5dfd246bc6e: Pulling fs layer
2025-08-21T19:33:48.2558916Z ba7036bb0a60: Pulling fs layer
2025-08-21T19:33:48.2559344Z 799f859abbbd: Pulling fs layer
2025-08-21T19:33:48.2559620Z d903e777080c: Pulling fs layer
2025-08-21T19:33:48.2559880Z 04adcb462801: Pulling fs layer
2025-08-21T19:33:48.2560160Z 5c10925b29ff: Pulling fs layer
2025-08-21T19:33:48.2560632Z 799f859abbbd: Waiting
2025-08-21T19:33:48.2560869Z 606bd164980e: Waiting
2025-08-21T19:33:48.2561100Z d903e777080c: Waiting
2025-08-21T19:33:48.2561330Z f5dfd246bc6e: Waiting
2025-08-21T19:33:48.2561552Z ba7036bb0a60: Waiting
2025-08-21T19:33:48.2561778Z 04adcb462801: Waiting
2025-08-21T19:33:48.2562019Z c6bcc2c9a041: Waiting
2025-08-21T19:33:48.2562313Z 77c7671c4414: Waiting
2025-08-21T19:33:48.2562531Z ac4b721eb66f: Waiting
2025-08-21T19:33:48.2562752Z 2d9e29180a27: Waiting
2025-08-21T19:33:48.2562971Z 5c10925b29ff: Waiting
2025-08-21T19:33:48.5968961Z 631fe8c6d606: Verifying Checksum
2025-08-21T19:33:48.5969478Z 631fe8c6d606: Download complete
2025-08-21T19:33:48.6416474Z fca2566eba32: Verifying Checksum
2025-08-21T19:33:48.6417993Z fca2566eba32: Download complete
2025-08-21T19:33:49.1087669Z 2d9e29180a27: Verifying Checksum
2025-08-21T19:33:49.1088204Z 2d9e29180a27: Download complete
2025-08-21T19:33:49.2449211Z 77c7671c4414: Verifying Checksum
2025-08-21T19:33:49.2449917Z 77c7671c4414: Download complete
2025-08-21T19:33:49.3394381Z 396b1da7636e: Verifying Checksum
2025-08-21T19:33:49.3394821Z 396b1da7636e: Download complete
2025-08-21T19:33:49.4852791Z c6bcc2c9a041: Verifying Checksum
2025-08-21T19:33:49.4853308Z c6bcc2c9a041: Download complete
2025-08-21T19:33:49.5159002Z ac4b721eb66f: Verifying Checksum
2025-08-21T19:33:49.5160847Z ac4b721eb66f: Download complete
2025-08-21T19:33:49.6338924Z 606bd164980e: Verifying Checksum
2025-08-21T19:33:49.6339409Z 606bd164980e: Download complete
2025-08-21T19:33:49.7818138Z ba7036bb0a60: Verifying Checksum
2025-08-21T19:33:49.7818658Z ba7036bb0a60: Download complete
2025-08-21T19:33:49.8995406Z 799f859abbbd: Download complete
2025-08-21T19:33:50.1003786Z d903e777080c: Verifying Checksum
2025-08-21T19:33:50.1004281Z d903e777080c: Download complete
2025-08-21T19:33:50.1536244Z 04adcb462801: Verifying Checksum
2025-08-21T19:33:50.1536786Z 04adcb462801: Download complete
2025-08-21T19:33:50.3064531Z 396b1da7636e: Pull complete
2025-08-21T19:33:50.3917570Z 5c10925b29ff: Verifying Checksum
2025-08-21T19:33:50.3917974Z 5c10925b29ff: Download complete
2025-08-21T19:33:50.4598135Z fca2566eba32: Pull complete
2025-08-21T19:33:50.6677981Z 631fe8c6d606: Pull complete
2025-08-21T19:33:50.7304183Z 77c7671c4414: Pull complete
2025-08-21T19:33:50.9385240Z f5dfd246bc6e: Verifying Checksum
2025-08-21T19:33:50.9386284Z f5dfd246bc6e: Download complete
2025-08-21T19:33:51.0584097Z 2d9e29180a27: Pull complete
2025-08-21T19:33:51.1371601Z c6bcc2c9a041: Pull complete
2025-08-21T19:33:51.1467489Z ac4b721eb66f: Pull complete
2025-08-21T19:33:51.1571764Z 606bd164980e: Pull complete
2025-08-21T19:33:54.0518386Z f5dfd246bc6e: Pull complete
2025-08-21T19:33:54.0684093Z ba7036bb0a60: Pull complete
2025-08-21T19:33:54.0784920Z 799f859abbbd: Pull complete
2025-08-21T19:33:54.0879511Z d903e777080c: Pull complete
2025-08-21T19:33:54.0978855Z 04adcb462801: Pull complete
2025-08-21T19:33:54.1097478Z 5c10925b29ff: Pull complete
2025-08-21T19:33:54.1134880Z Digest: sha256:bc51cf4f1fe02cce7ed2370b20128a9b00b4eb804573a77d2a0d877aaa9c82b1
2025-08-21T19:33:54.1148943Z Status: Downloaded newer image for postgres:15
2025-08-21T19:33:54.1158869Z docker.io/library/postgres:15
2025-08-21T19:33:54.1219892Z ##[command]/usr/bin/docker create --name 3cd02cfa54034e9eb2984bb8547e2d76_postgres15_72a62c --label 0e2324 --network github_network_694aa72005914ed995ca4093fc1b0db5 --network-alias postgres -p 5432:5432 --health-cmd="pg_isready -U postgres -d awa" --health-interval=5s --health-timeout=5s --health-retries=10 -e "POSTGRES_USER=postgres" -e "POSTGRES_PASSWORD=pass" -e "POSTGRES_DB=awa" -e GITHUB_ACTIONS=true -e CI=true postgres:15
2025-08-21T19:33:54.1468555Z a85ed265e01fe3fe3b2a360c8e6a078af7f9f0ae35c3fb13a9982fec4ce77815
2025-08-21T19:33:54.1489717Z ##[command]/usr/bin/docker start a85ed265e01fe3fe3b2a360c8e6a078af7f9f0ae35c3fb13a9982fec4ce77815
2025-08-21T19:33:54.3349290Z a85ed265e01fe3fe3b2a360c8e6a078af7f9f0ae35c3fb13a9982fec4ce77815
2025-08-21T19:33:54.3369459Z ##[command]/usr/bin/docker ps --all --filter id=a85ed265e01fe3fe3b2a360c8e6a078af7f9f0ae35c3fb13a9982fec4ce77815 --filter status=running --no-trunc --format "{{.ID}} {{.Status}}"
2025-08-21T19:33:54.3493926Z a85ed265e01fe3fe3b2a360c8e6a078af7f9f0ae35c3fb13a9982fec4ce77815 Up Less than a second (health: starting)
2025-08-21T19:33:54.3515642Z ##[command]/usr/bin/docker port a85ed265e01fe3fe3b2a360c8e6a078af7f9f0ae35c3fb13a9982fec4ce77815
2025-08-21T19:33:54.3650192Z 5432/tcp -> 0.0.0.0:5432
2025-08-21T19:33:54.3650963Z 5432/tcp -> [::]:5432
2025-08-21T19:33:54.3701070Z ##[endgroup]
2025-08-21T19:33:54.3709229Z ##[group]Waiting for all services to be ready
2025-08-21T19:33:54.3722428Z ##[command]/usr/bin/docker inspect --format="{{if .Config.Healthcheck}}{{print .State.Health.Status}}{{end}}" a85ed265e01fe3fe3b2a360c8e6a078af7f9f0ae35c3fb13a9982fec4ce77815
2025-08-21T19:33:54.3850461Z starting
2025-08-21T19:33:54.3873814Z postgres service is starting, waiting 2 seconds before checking again.
2025-08-21T19:33:56.3875011Z ##[command]/usr/bin/docker inspect --format="{{if .Config.Healthcheck}}{{print .State.Health.Status}}{{end}}" a85ed265e01fe3fe3b2a360c8e6a078af7f9f0ae35c3fb13a9982fec4ce77815
2025-08-21T19:33:56.3993281Z starting
2025-08-21T19:33:56.4006746Z postgres service is starting, waiting 4 seconds before checking again.
2025-08-21T19:34:00.6468587Z ##[command]/usr/bin/docker inspect --format="{{if .Config.Healthcheck}}{{print .State.Health.Status}}{{end}}" a85ed265e01fe3fe3b2a360c8e6a078af7f9f0ae35c3fb13a9982fec4ce77815
2025-08-21T19:34:00.6587504Z healthy
2025-08-21T19:34:00.6603596Z postgres service is healthy.
2025-08-21T19:34:00.6604308Z ##[endgroup]
2025-08-21T19:34:00.6842256Z ##[group]Run actions/checkout@v5
2025-08-21T19:34:00.6842779Z with:
2025-08-21T19:34:00.6842960Z   fetch-depth: 0
2025-08-21T19:34:00.6843169Z   repository: AlexBomber12/AWA-App
2025-08-21T19:34:00.6843524Z   token: ***
2025-08-21T19:34:00.6843711Z   ssh-strict: true
2025-08-21T19:34:00.6843887Z   ssh-user: git
2025-08-21T19:34:00.6844074Z   persist-credentials: true
2025-08-21T19:34:00.6844284Z   clean: true
2025-08-21T19:34:00.6844472Z   sparse-checkout-cone-mode: true
2025-08-21T19:34:00.6844703Z   fetch-tags: false
2025-08-21T19:34:00.6844892Z   show-progress: true
2025-08-21T19:34:00.6845078Z   lfs: false
2025-08-21T19:34:00.6845254Z   submodules: false
2025-08-21T19:34:00.6845437Z   set-safe-directory: true
2025-08-21T19:34:00.6845808Z ##[endgroup]
2025-08-21T19:34:00.7770557Z Syncing repository: AlexBomber12/AWA-App
2025-08-21T19:34:00.7772150Z ##[group]Getting Git version info
2025-08-21T19:34:00.7772660Z Working directory is '/home/runner/work/AWA-App/AWA-App'
2025-08-21T19:34:00.7773260Z [command]/usr/bin/git version
2025-08-21T19:34:00.7812984Z git version 2.51.0
2025-08-21T19:34:00.7833075Z ##[endgroup]
2025-08-21T19:34:00.7848184Z Temporarily overriding HOME='/home/runner/work/_temp/62839fae-e0af-4202-9a5b-4d3fd623c011' before making global git config changes
2025-08-21T19:34:00.7849511Z Adding repository directory to the temporary git global config as a safe directory
2025-08-21T19:34:00.7853710Z [command]/usr/bin/git config --global --add safe.directory /home/runner/work/AWA-App/AWA-App
2025-08-21T19:34:00.7888971Z Deleting the contents of '/home/runner/work/AWA-App/AWA-App'
2025-08-21T19:34:00.7892878Z ##[group]Initializing the repository
2025-08-21T19:34:00.7897905Z [command]/usr/bin/git init /home/runner/work/AWA-App/AWA-App
2025-08-21T19:34:00.7998509Z hint: Using 'master' as the name for the initial branch. This default branch name
2025-08-21T19:34:00.7999448Z hint: is subject to change. To configure the initial branch name to use in all
2025-08-21T19:34:00.7999932Z hint: of your new repositories, which will suppress this warning, call:
2025-08-21T19:34:00.8000433Z hint:
2025-08-21T19:34:00.8000736Z hint: 	git config --global init.defaultBranch <name>
2025-08-21T19:34:00.8001020Z hint:
2025-08-21T19:34:00.8001291Z hint: Names commonly chosen instead of 'master' are 'main', 'trunk' and
2025-08-21T19:34:00.8001998Z hint: 'development'. The just-created branch can be renamed via this command:
2025-08-21T19:34:00.8002672Z hint:
2025-08-21T19:34:00.8002927Z hint: 	git branch -m <name>
2025-08-21T19:34:00.8003161Z hint:
2025-08-21T19:34:00.8003457Z hint: Disable this message with "git config set advice.defaultBranchName false"
2025-08-21T19:34:00.8004284Z Initialized empty Git repository in /home/runner/work/AWA-App/AWA-App/.git/
2025-08-21T19:34:00.8013423Z [command]/usr/bin/git remote add origin https://github.com/AlexBomber12/AWA-App
2025-08-21T19:34:00.8047375Z ##[endgroup]
2025-08-21T19:34:00.8047990Z ##[group]Disabling automatic garbage collection
2025-08-21T19:34:00.8051997Z [command]/usr/bin/git config --local gc.auto 0
2025-08-21T19:34:00.8078899Z ##[endgroup]
2025-08-21T19:34:00.8079488Z ##[group]Setting up auth
2025-08-21T19:34:00.8085939Z [command]/usr/bin/git config --local --name-only --get-regexp core\.sshCommand
2025-08-21T19:34:00.8115851Z [command]/usr/bin/git submodule foreach --recursive sh -c "git config --local --name-only --get-regexp 'core\.sshCommand' && git config --local --unset-all 'core.sshCommand' || :"
2025-08-21T19:34:00.8411331Z [command]/usr/bin/git config --local --name-only --get-regexp http\.https\:\/\/github\.com\/\.extraheader
2025-08-21T19:34:00.8439701Z [command]/usr/bin/git submodule foreach --recursive sh -c "git config --local --name-only --get-regexp 'http\.https\:\/\/github\.com\/\.extraheader' && git config --local --unset-all 'http.https://github.com/.extraheader' || :"
2025-08-21T19:34:00.8655698Z [command]/usr/bin/git config --local http.https://github.com/.extraheader AUTHORIZATION: basic ***
2025-08-21T19:34:00.8691446Z ##[endgroup]
2025-08-21T19:34:00.8692139Z ##[group]Fetching the repository
2025-08-21T19:34:00.8700548Z [command]/usr/bin/git -c protocol.version=2 fetch --prune --no-recurse-submodules origin +refs/heads/*:refs/remotes/origin/* +refs/tags/*:refs/tags/*
2025-08-21T19:34:04.2068423Z From https://github.com/AlexBomber12/AWA-App
2025-08-21T19:34:04.2069693Z  * [new branch]        codex/analyze-ci-logs-and-implement-fixes -> origin/codex/analyze-ci-logs-and-implement-fixes
2025-08-21T19:34:04.2071152Z  * [new branch]        codex/analyze-ci-logs-for-workflow-failures -> origin/codex/analyze-ci-logs-for-workflow-failures
2025-08-21T19:34:04.2072205Z  * [new branch]        codex/fix-ci-workflow-failures -> origin/codex/fix-ci-workflow-failures
2025-08-21T19:34:04.2073360Z  * [new branch]        codex/fix-ci-workflows-to-pass-all-tests -> origin/codex/fix-ci-workflows-to-pass-all-tests
2025-08-21T19:34:04.2074079Z  * [new branch]        codex/fix-ci-workflows-until-all-pass -> origin/codex/fix-ci-workflows-until-all-pass
2025-08-21T19:34:04.2074748Z  * [new branch]        codex/implement-targeted-ci-log-fixes -> origin/codex/implement-targeted-ci-log-fixes
2025-08-21T19:34:04.2075493Z  * [new branch]        codex/implement-targeted-fixes-for-ci-stability -> origin/codex/implement-targeted-fixes-for-ci-stability
2025-08-21T19:34:04.2076370Z  * [new branch]        codex/implement-targeted-fixes-for-ci-stability-ymv2qg -> origin/codex/implement-targeted-fixes-for-ci-stability-ymv2qg
2025-08-21T19:34:04.2077284Z  * [new branch]        dtg4od-codex/implement-targeted-fixes-for-ci-stability -> origin/dtg4od-codex/implement-targeted-fixes-for-ci-stability
2025-08-21T19:34:04.2078800Z  * [new branch]        main       -> origin/main
2025-08-21T19:34:04.2079282Z  * [new tag]           0.3.0      -> 0.3.0
2025-08-21T19:34:04.2122023Z [command]/usr/bin/git branch --list --remote origin/main
2025-08-21T19:34:04.2145465Z   origin/main
2025-08-21T19:34:04.2153894Z [command]/usr/bin/git rev-parse refs/remotes/origin/main
2025-08-21T19:34:04.2173985Z 6e3b4d7ca09e3fad618e40f3a5855a76c69a3488
2025-08-21T19:34:04.2178753Z ##[endgroup]
2025-08-21T19:34:04.2179237Z ##[group]Determining the checkout info
2025-08-21T19:34:04.2180419Z ##[endgroup]
2025-08-21T19:34:04.2184726Z [command]/usr/bin/git sparse-checkout disable
2025-08-21T19:34:04.2221737Z [command]/usr/bin/git config --local --unset-all extensions.worktreeConfig
2025-08-21T19:34:04.2246532Z ##[group]Checking out the ref
2025-08-21T19:34:04.2250187Z [command]/usr/bin/git checkout --progress --force -B main refs/remotes/origin/main
2025-08-21T19:34:04.2491379Z Switched to a new branch 'main'
2025-08-21T19:34:04.2494421Z branch 'main' set up to track 'origin/main'.
2025-08-21T19:34:04.2501594Z ##[endgroup]
2025-08-21T19:34:04.2539433Z [command]/usr/bin/git log -1 --format=%H
2025-08-21T19:34:04.2561750Z 6e3b4d7ca09e3fad618e40f3a5855a76c69a3488
2025-08-21T19:34:04.2719577Z ##[group]Run cat .env.ci >> "$GITHUB_ENV"
2025-08-21T19:34:04.2719925Z [36;1mcat .env.ci >> "$GITHUB_ENV"[0m
2025-08-21T19:34:04.2720892Z [36;1mecho "DATABASE_URL=***localhost:5432/awa" >> "$GITHUB_ENV"[0m
2025-08-21T19:34:04.2721250Z [36;1mecho "PG_HOST=localhost" >> "$GITHUB_ENV"[0m
2025-08-21T19:34:04.2721536Z [36;1mecho "PG_PORT=5432" >> "$GITHUB_ENV"[0m
2025-08-21T19:34:04.2721816Z [36;1mecho "PG_USER=postgres" >> "$GITHUB_ENV"[0m
2025-08-21T19:34:04.2722104Z [36;1mecho "PG_PASSWORD=pass" >> "$GITHUB_ENV"[0m
2025-08-21T19:34:04.2722371Z [36;1mecho "PG_DATABASE=awa" >> "$GITHUB_ENV"[0m
2025-08-21T19:34:04.2722638Z [36;1mecho "TESTING=1" >> "$GITHUB_ENV"[0m
2025-08-21T19:34:04.2767186Z shell: /usr/bin/bash -e {0}
2025-08-21T19:34:04.2767426Z ##[endgroup]
2025-08-21T19:34:04.2946109Z ##[group]Run actions/setup-python@v5
2025-08-21T19:34:04.2946384Z with:
2025-08-21T19:34:04.2946560Z   python-version: 3.11
2025-08-21T19:34:04.2946761Z   cache: pip
2025-08-21T19:34:04.2946971Z   cache-dependency-path: requirements-dev.txt

2025-08-21T19:34:04.2947253Z   check-latest: false
2025-08-21T19:34:04.2947552Z   token: ***
2025-08-21T19:34:04.2947743Z   update-environment: true
2025-08-21T19:34:04.2947963Z   allow-prereleases: false
2025-08-21T19:34:04.2948162Z   freethreaded: false
2025-08-21T19:34:04.2948343Z env:
2025-08-21T19:34:04.2948495Z   PG_USER: postgres
2025-08-21T19:34:04.2948674Z   PG_PASSWORD: pass
2025-08-21T19:34:04.2948841Z   PG_DATABASE: awa
2025-08-21T19:34:04.2949015Z   PG_HOST: localhost
2025-08-21T19:34:04.2949184Z   PG_PORT: 5432
2025-08-21T19:34:04.2949555Z   PG_SYNC_DSN: ***localhost:5432/awa
2025-08-21T19:34:04.2949931Z   PG_ASYNC_DSN: ***localhost:5432/awa
2025-08-21T19:34:04.2950539Z   DATABASE_URL: ***localhost:5432/awa
2025-08-21T19:34:04.2950818Z   DATA_DIR: /tmp/awa-data
2025-08-21T19:34:04.2951006Z   ENABLE_LIVE: 0
2025-08-21T19:34:04.2951172Z   TESTING: 1
2025-08-21T19:34:04.2951328Z ##[endgroup]
2025-08-21T19:34:04.4840758Z ##[group]Installed versions
2025-08-21T19:34:04.4984170Z Successfully set up CPython (3.11.13)
2025-08-21T19:34:04.4984880Z ##[endgroup]
2025-08-21T19:34:04.5644288Z [command]/opt/hostedtoolcache/Python/3.11.13/x64/bin/pip cache dir
2025-08-21T19:34:07.8192936Z /home/runner/.cache/pip
2025-08-21T19:34:08.1078496Z Cache hit for: setup-python-Linux-x64-24.04-Ubuntu-python-3.11.13-pip-cc13ccef493b9f3a93ad5651164d9fb09282c1111f6f72ce20e0657de16de6b4
2025-08-21T19:34:09.3997172Z Received 0 of 309815432 (0.0%), 0.0 MBs/sec
2025-08-21T19:34:10.3999878Z Received 96468992 of 309815432 (31.1%), 46.0 MBs/sec
2025-08-21T19:34:11.4060780Z Received 209715200 of 309815432 (67.7%), 66.6 MBs/sec
2025-08-21T19:34:12.2831946Z Received 309815432 of 309815432 (100.0%), 76.1 MBs/sec
2025-08-21T19:34:12.2834443Z Cache Size: ~295 MB (309815432 B)
2025-08-21T19:34:12.2896233Z [command]/usr/bin/tar -xf /home/runner/work/_temp/34993e68-272d-4cb0-804d-91e03f9a0ff1/cache.tzst -P -C /home/runner/work/AWA-App/AWA-App --use-compress-program unzstd
2025-08-21T19:34:12.7662680Z Cache restored successfully
2025-08-21T19:34:12.8260209Z Cache restored from key: setup-python-Linux-x64-24.04-Ubuntu-python-3.11.13-pip-cc13ccef493b9f3a93ad5651164d9fb09282c1111f6f72ce20e0657de16de6b4
2025-08-21T19:34:12.8955830Z ##[group]Run actions/cache@v4
2025-08-21T19:34:12.8956093Z with:
2025-08-21T19:34:12.8956316Z   path: ~/.cache/pip
.pytest_cache
~/.ruff_cache

2025-08-21T19:34:12.8956738Z   key: Linux-int-cc13ccef493b9f3a93ad5651164d9fb09282c1111f6f72ce20e0657de16de6b4
2025-08-21T19:34:12.8957133Z   restore-keys: Linux-int-
2025-08-21T19:34:12.8957364Z   enableCrossOsArchive: false
2025-08-21T19:34:12.8957591Z   fail-on-cache-miss: false
2025-08-21T19:34:12.8957800Z   lookup-only: false
2025-08-21T19:34:12.8957992Z   save-always: false
2025-08-21T19:34:12.8958163Z env:
2025-08-21T19:34:12.8958339Z   PG_USER: postgres
2025-08-21T19:34:12.8958538Z   PG_PASSWORD: pass
2025-08-21T19:34:12.8958718Z   PG_DATABASE: awa
2025-08-21T19:34:12.8958910Z   PG_HOST: localhost
2025-08-21T19:34:12.8959096Z   PG_PORT: 5432
2025-08-21T19:34:12.8959568Z   PG_SYNC_DSN: ***localhost:5432/awa
2025-08-21T19:34:12.8960019Z   PG_ASYNC_DSN: ***localhost:5432/awa
2025-08-21T19:34:12.8960752Z   DATABASE_URL: ***localhost:5432/awa
2025-08-21T19:34:12.8961252Z   DATA_DIR: /tmp/awa-data
2025-08-21T19:34:12.8961469Z   ENABLE_LIVE: 0
2025-08-21T19:34:12.8961648Z   TESTING: 1
2025-08-21T19:34:12.8961891Z   pythonLocation: /opt/hostedtoolcache/Python/3.11.13/x64
2025-08-21T19:34:12.8962286Z   PKG_CONFIG_PATH: /opt/hostedtoolcache/Python/3.11.13/x64/lib/pkgconfig
2025-08-21T19:34:12.8962764Z   Python_ROOT_DIR: /opt/hostedtoolcache/Python/3.11.13/x64
2025-08-21T19:34:12.8963127Z   Python2_ROOT_DIR: /opt/hostedtoolcache/Python/3.11.13/x64
2025-08-21T19:34:12.8963479Z   Python3_ROOT_DIR: /opt/hostedtoolcache/Python/3.11.13/x64
2025-08-21T19:34:12.8963834Z   LD_LIBRARY_PATH: /opt/hostedtoolcache/Python/3.11.13/x64/lib
2025-08-21T19:34:12.8964136Z ##[endgroup]
2025-08-21T19:34:13.3181315Z Cache hit for: Linux-int-cc13ccef493b9f3a93ad5651164d9fb09282c1111f6f72ce20e0657de16de6b4
2025-08-21T19:34:14.6008435Z Received 0 of 309817358 (0.0%), 0.0 MBs/sec
2025-08-21T19:34:15.6015297Z Received 92274688 of 309817358 (29.8%), 44.0 MBs/sec
2025-08-21T19:34:16.6033611Z Received 230686720 of 309817358 (74.5%), 73.3 MBs/sec
2025-08-21T19:34:17.3702864Z Received 309817358 of 309817358 (100.0%), 78.4 MBs/sec
2025-08-21T19:34:17.3705983Z Cache Size: ~295 MB (309817358 B)
2025-08-21T19:34:17.3746327Z [command]/usr/bin/tar -xf /home/runner/work/_temp/70b03fa4-8913-482a-996b-8c12ecb46b9e/cache.tzst -P -C /home/runner/work/AWA-App/AWA-App --use-compress-program unzstd
2025-08-21T19:34:17.9115114Z Cache restored successfully
2025-08-21T19:34:17.9785164Z Cache restored from key: Linux-int-cc13ccef493b9f3a93ad5651164d9fb09282c1111f6f72ce20e0657de16de6b4
2025-08-21T19:34:17.9903726Z ##[group]Run pip install --break-system-packages -r requirements-dev.txt
2025-08-21T19:34:17.9904272Z [36;1mpip install --break-system-packages -r requirements-dev.txt[0m
2025-08-21T19:34:17.9904737Z [36;1mpip install --break-system-packages keepa==1.3.15 minio==7.1.15[0m
2025-08-21T19:34:17.9945547Z shell: /usr/bin/bash -e {0}
2025-08-21T19:34:17.9945784Z env:
2025-08-21T19:34:17.9945970Z   PG_USER: postgres
2025-08-21T19:34:17.9946171Z   PG_PASSWORD: pass
2025-08-21T19:34:17.9946359Z   PG_DATABASE: awa
2025-08-21T19:34:17.9946542Z   PG_HOST: localhost
2025-08-21T19:34:17.9946729Z   PG_PORT: 5432
2025-08-21T19:34:17.9947172Z   PG_SYNC_DSN: ***localhost:5432/awa
2025-08-21T19:34:17.9947595Z   PG_ASYNC_DSN: ***localhost:5432/awa
2025-08-21T19:34:17.9947979Z   DATABASE_URL: ***localhost:5432/awa
2025-08-21T19:34:17.9948219Z   DATA_DIR: /tmp/awa-data
2025-08-21T19:34:17.9948428Z   ENABLE_LIVE: 0
2025-08-21T19:34:17.9948607Z   TESTING: 1
2025-08-21T19:34:17.9948877Z   pythonLocation: /opt/hostedtoolcache/Python/3.11.13/x64
2025-08-21T19:34:17.9949458Z   PKG_CONFIG_PATH: /opt/hostedtoolcache/Python/3.11.13/x64/lib/pkgconfig
2025-08-21T19:34:17.9949849Z   Python_ROOT_DIR: /opt/hostedtoolcache/Python/3.11.13/x64
2025-08-21T19:34:17.9950206Z   Python2_ROOT_DIR: /opt/hostedtoolcache/Python/3.11.13/x64
2025-08-21T19:34:17.9950809Z   Python3_ROOT_DIR: /opt/hostedtoolcache/Python/3.11.13/x64
2025-08-21T19:34:17.9951159Z   LD_LIBRARY_PATH: /opt/hostedtoolcache/Python/3.11.13/x64/lib
2025-08-21T19:34:17.9951450Z ##[endgroup]
2025-08-21T19:34:20.5378837Z Collecting Jinja2==3.1.6 (from -r requirements-dev.txt (line 2))
2025-08-21T19:34:20.5395387Z   Using cached jinja2-3.1.6-py3-none-any.whl.metadata (2.9 kB)
2025-08-21T19:34:20.5607407Z Collecting alembic==1.16.4 (from -r requirements-dev.txt (line 3))
2025-08-21T19:34:20.5622279Z   Using cached alembic-1.16.4-py3-none-any.whl.metadata (7.3 kB)
2025-08-21T19:34:20.5774844Z Collecting apscheduler==3.10.4 (from -r requirements-dev.txt (line 4))
2025-08-21T19:34:20.5788505Z   Using cached APScheduler-3.10.4-py3-none-any.whl.metadata (5.7 kB)
2025-08-21T19:34:20.5927399Z Collecting asgi-correlation-id==4.3.1 (from -r requirements-dev.txt (line 5))
2025-08-21T19:34:20.5942041Z   Using cached asgi_correlation_id-4.3.1-py3-none-any.whl.metadata (28 kB)
2025-08-21T19:34:20.6425852Z Collecting asyncpg==0.30.0 (from -r requirements-dev.txt (line 6))
2025-08-21T19:34:20.6440009Z   Using cached asyncpg-0.30.0-cp311-cp311-manylinux_2_17_x86_64.manylinux2014_x86_64.whl.metadata (5.0 kB)
2025-08-21T19:34:20.6843392Z Collecting black==25.1.0 (from -r requirements-dev.txt (line 7))
2025-08-21T19:34:20.6857940Z   Using cached black-25.1.0-cp311-cp311-manylinux_2_17_x86_64.manylinux2014_x86_64.manylinux_2_28_x86_64.whl.metadata (81 kB)
2025-08-21T19:34:21.0071317Z Collecting boto3 (from -r requirements-dev.txt (line 8))
2025-08-21T19:34:21.0397372Z   Downloading boto3-1.40.15-py3-none-any.whl.metadata (6.7 kB)
2025-08-21T19:34:21.0676412Z Collecting redis==6.* (from -r requirements-dev.txt (line 9))
2025-08-21T19:34:21.0689979Z   Using cached redis-6.4.0-py3-none-any.whl.metadata (10 kB)
2025-08-21T19:34:21.0978254Z Collecting minio==7.* (from -r requirements-dev.txt (line 10))
2025-08-21T19:34:21.0991470Z   Using cached minio-7.2.16-py3-none-any.whl.metadata (6.5 kB)
2025-08-21T19:34:21.1121984Z Collecting vulture==2.10 (from -r requirements-dev.txt (line 11))
2025-08-21T19:34:21.1134909Z   Using cached vulture-2.10-py2.py3-none-any.whl.metadata (23 kB)
2025-08-21T19:34:21.1401089Z Collecting celery==5.5.3 (from -r requirements-dev.txt (line 12))
2025-08-21T19:34:21.1414203Z   Using cached celery-5.5.3-py3-none-any.whl.metadata (22 kB)
2025-08-21T19:34:21.1924384Z Collecting fastapi==0.116.1 (from -r requirements-dev.txt (line 13))
2025-08-21T19:34:21.1937563Z   Using cached fastapi-0.116.1-py3-none-any.whl.metadata (28 kB)
2025-08-21T19:34:21.2057952Z Collecting fastapi-limiter==0.1.6 (from -r requirements-dev.txt (line 15))
2025-08-21T19:34:21.2071101Z   Using cached fastapi_limiter-0.1.6-py3-none-any.whl.metadata (5.3 kB)
2025-08-21T19:34:21.2232023Z Collecting httpx<0.29,>=0.27 (from -r requirements-dev.txt (line 16))
2025-08-21T19:34:21.2244930Z   Using cached httpx-0.28.1-py3-none-any.whl.metadata (7.1 kB)
2025-08-21T19:34:21.2362058Z Collecting imapclient==3.0.1 (from -r requirements-dev.txt (line 17))
2025-08-21T19:34:21.2374912Z   Using cached IMAPClient-3.0.1-py2.py3-none-any.whl.metadata (1.7 kB)
2025-08-21T19:34:21.2453877Z Collecting itsdangerous (from -r requirements-dev.txt (line 18))
2025-08-21T19:34:21.2466654Z   Using cached itsdangerous-2.2.0-py3-none-any.whl.metadata (1.9 kB)
2025-08-21T19:34:21.3535266Z Collecting mypy==1.* (from -r requirements-dev.txt (line 19))
2025-08-21T19:34:21.3550442Z   Using cached mypy-1.17.1-cp311-cp311-manylinux2014_x86_64.manylinux_2_17_x86_64.manylinux_2_28_x86_64.whl.metadata (2.2 kB)
2025-08-21T19:34:21.3636923Z Collecting mypy-extensions==1.1.0 (from -r requirements-dev.txt (line 20))
2025-08-21T19:34:21.3649901Z   Using cached mypy_extensions-1.1.0-py3-none-any.whl.metadata (1.1 kB)
2025-08-21T19:34:21.5194573Z Collecting numpy<2 (from -r requirements-dev.txt (line 21))
2025-08-21T19:34:21.5209535Z   Using cached numpy-1.26.4-cp311-cp311-manylinux_2_17_x86_64.manylinux2014_x86_64.whl.metadata (61 kB)
2025-08-21T19:34:21.5434467Z Collecting openpyxl==3.1.5 (from -r requirements-dev.txt (line 22))
2025-08-21T19:34:21.5447698Z   Using cached openpyxl-3.1.5-py2.py3-none-any.whl.metadata (2.5 kB)
2025-08-21T19:34:21.6678088Z Collecting pandas==2.2.* (from -r requirements-dev.txt (line 23))
2025-08-21T19:34:21.6693089Z   Using cached pandas-2.2.3-cp311-cp311-manylinux_2_17_x86_64.manylinux2014_x86_64.whl.metadata (89 kB)
2025-08-21T19:34:21.7534708Z Collecting psycopg2-binary==2.9.10 (from -r requirements-dev.txt (line 24))
2025-08-21T19:34:21.7548227Z   Using cached psycopg2_binary-2.9.10-cp311-cp311-manylinux_2_17_x86_64.manylinux2014_x86_64.whl.metadata (4.9 kB)
2025-08-21T19:34:21.7692748Z Collecting psycopg==3.2.9 (from psycopg[binary]==3.2.9->-r requirements-dev.txt (line 25))
2025-08-21T19:34:21.7933107Z   Using cached psycopg-3.2.9-py3-none-any.whl.metadata (4.5 kB)
2025-08-21T19:34:21.8941590Z Collecting pydantic==2.11.7 (from -r requirements-dev.txt (line 26))
2025-08-21T19:34:21.8956814Z   Using cached pydantic-2.11.7-py3-none-any.whl.metadata (67 kB)
2025-08-21T19:34:21.8994835Z Requirement already satisfied: setuptools in /opt/hostedtoolcache/Python/3.11.13/x64/lib/python3.11/site-packages (from -r requirements-dev.txt (line 27)) (65.5.0)
2025-08-21T19:34:21.9137260Z Collecting pytest-asyncio==1.1.0 (from -r requirements-dev.txt (line 28))
2025-08-21T19:34:21.9150597Z   Using cached pytest_asyncio-1.1.0-py3-none-any.whl.metadata (4.1 kB)
2025-08-21T19:34:21.9275589Z Collecting pytest-cov==6.2.1 (from -r requirements-dev.txt (line 29))
2025-08-21T19:34:21.9288697Z   Using cached pytest_cov-6.2.1-py3-none-any.whl.metadata (30 kB)
2025-08-21T19:34:21.9424351Z Collecting pytest-postgresql==7.0.2 (from -r requirements-dev.txt (line 30))
2025-08-21T19:34:21.9437335Z   Using cached pytest_postgresql-7.0.2-py3-none-any.whl.metadata (18 kB)
2025-08-21T19:34:21.9584632Z Collecting python-dotenv (from -r requirements-dev.txt (line 31))
2025-08-21T19:34:21.9597546Z   Using cached python_dotenv-1.1.1-py3-none-any.whl.metadata (24 kB)
2025-08-21T19:34:21.9699954Z Collecting python-multipart (from -r requirements-dev.txt (line 32))
2025-08-21T19:34:21.9713118Z   Using cached python_multipart-0.0.20-py3-none-any.whl.metadata (1.8 kB)
2025-08-21T19:34:21.9960833Z Collecting python-telegram-bot==22.3 (from -r requirements-dev.txt (line 33))
2025-08-21T19:34:21.9974589Z   Using cached python_telegram_bot-22.3-py3-none-any.whl.metadata (17 kB)
2025-08-21T19:34:22.0226694Z Collecting requests==2.32.4 (from -r requirements-dev.txt (line 34))
2025-08-21T19:34:22.0241011Z   Using cached requests-2.32.4-py3-none-any.whl.metadata (4.9 kB)
2025-08-21T19:34:22.0383132Z Collecting respx==0.22.0 (from -r requirements-dev.txt (line 35))
2025-08-21T19:34:22.0396960Z   Using cached respx-0.22.0-py2.py3-none-any.whl.metadata (4.1 kB)
2025-08-21T19:34:22.4095361Z Collecting ruff==0.9.9 (from -r requirements-dev.txt (line 36))
2025-08-21T19:34:22.4110973Z   Using cached ruff-0.9.9-py3-none-manylinux_2_17_x86_64.manylinux2014_x86_64.whl.metadata (25 kB)
2025-08-21T19:34:22.6520982Z Collecting sqlalchemy==2.0.43 (from -r requirements-dev.txt (line 37))
2025-08-21T19:34:22.6542051Z   Using cached sqlalchemy-2.0.43-cp311-cp311-manylinux_2_17_x86_64.manylinux2014_x86_64.whl.metadata (9.6 kB)
2025-08-21T19:34:22.6737671Z Collecting structlog==24.1.0 (from -r requirements-dev.txt (line 38))
2025-08-21T19:34:22.6753623Z   Using cached structlog-24.1.0-py3-none-any.whl.metadata (6.9 kB)
2025-08-21T19:34:22.6897476Z Collecting testcontainers==4.12.0 (from testcontainers[postgres]==4.12.0->-r requirements-dev.txt (line 39))
2025-08-21T19:34:22.6910481Z   Using cached testcontainers-4.12.0-py3-none-any.whl.metadata (8.3 kB)
2025-08-21T19:34:22.7250950Z Collecting types-requests==2.32.4.20250809 (from -r requirements-dev.txt (line 40))
2025-08-21T19:34:22.7273448Z   Using cached types_requests-2.32.4.20250809-py3-none-any.whl.metadata (2.0 kB)
2025-08-21T19:34:22.7390498Z Collecting docspec-python==2.2.2 (from -r requirements-dev.txt (line 41))
2025-08-21T19:34:22.7403614Z   Using cached docspec_python-2.2.2-py3-none-any.whl.metadata (1.0 kB)
2025-08-21T19:34:22.7557845Z Collecting pydoc-markdown==4.8.2 (from -r requirements-dev.txt (line 42))
2025-08-21T19:34:22.7571323Z   Using cached pydoc_markdown-4.8.2-py3-none-any.whl.metadata (5.9 kB)
2025-08-21T19:34:22.7820133Z Collecting pandera==0.19.* (from -r requirements-dev.txt (line 43))
2025-08-21T19:34:22.7833588Z   Using cached pandera-0.19.3-py3-none-any.whl.metadata (15 kB)
2025-08-21T19:34:22.8872115Z Collecting MarkupSafe>=2.0 (from Jinja2==3.1.6->-r requirements-dev.txt (line 2))
2025-08-21T19:34:22.8887031Z   Using cached MarkupSafe-3.0.2-cp311-cp311-manylinux_2_17_x86_64.manylinux2014_x86_64.whl.metadata (4.0 kB)
2025-08-21T19:34:22.9107832Z Collecting Mako (from alembic==1.16.4->-r requirements-dev.txt (line 3))
2025-08-21T19:34:22.9121137Z   Using cached mako-1.3.10-py3-none-any.whl.metadata (2.9 kB)
2025-08-21T19:34:22.9262698Z Collecting typing-extensions>=4.12 (from alembic==1.16.4->-r requirements-dev.txt (line 3))
2025-08-21T19:34:22.9275690Z   Using cached typing_extensions-4.14.1-py3-none-any.whl.metadata (3.0 kB)
2025-08-21T19:34:22.9388276Z Collecting six>=1.4.0 (from apscheduler==3.10.4->-r requirements-dev.txt (line 4))
2025-08-21T19:34:22.9401456Z   Using cached six-1.17.0-py2.py3-none-any.whl.metadata (1.7 kB)
2025-08-21T19:34:22.9705321Z Collecting pytz (from apscheduler==3.10.4->-r requirements-dev.txt (line 4))
2025-08-21T19:34:22.9719253Z   Using cached pytz-2025.2-py2.py3-none-any.whl.metadata (22 kB)
2025-08-21T19:34:22.9866065Z Collecting tzlocal!=3.*,>=2.0 (from apscheduler==3.10.4->-r requirements-dev.txt (line 4))
2025-08-21T19:34:22.9879040Z   Using cached tzlocal-5.3.1-py3-none-any.whl.metadata (7.6 kB)
2025-08-21T19:34:23.0144660Z Collecting starlette>=0.18 (from asgi-correlation-id==4.3.1->-r requirements-dev.txt (line 5))
2025-08-21T19:34:23.0157289Z   Using cached starlette-0.47.2-py3-none-any.whl.metadata (6.2 kB)
2025-08-21T19:34:23.0326827Z Collecting click>=8.0.0 (from black==25.1.0->-r requirements-dev.txt (line 7))
2025-08-21T19:34:23.0339442Z   Using cached click-8.2.1-py3-none-any.whl.metadata (2.5 kB)
2025-08-21T19:34:23.0469328Z Collecting packaging>=22.0 (from black==25.1.0->-r requirements-dev.txt (line 7))
2025-08-21T19:34:23.0482434Z   Using cached packaging-25.0-py3-none-any.whl.metadata (3.3 kB)
2025-08-21T19:34:23.0573157Z Collecting pathspec>=0.9.0 (from black==25.1.0->-r requirements-dev.txt (line 7))
2025-08-21T19:34:23.0585697Z   Using cached pathspec-0.12.1-py3-none-any.whl.metadata (21 kB)
2025-08-21T19:34:23.0755846Z Collecting platformdirs>=2 (from black==25.1.0->-r requirements-dev.txt (line 7))
2025-08-21T19:34:23.0769173Z   Using cached platformdirs-4.3.8-py3-none-any.whl.metadata (12 kB)
2025-08-21T19:34:23.0868739Z Collecting toml (from vulture==2.10->-r requirements-dev.txt (line 11))
2025-08-21T19:34:23.0881852Z   Using cached toml-0.10.2-py2.py3-none-any.whl.metadata (7.1 kB)
2025-08-21T19:34:23.1054064Z Collecting billiard<5.0,>=4.2.1 (from celery==5.5.3->-r requirements-dev.txt (line 12))
2025-08-21T19:34:23.1067094Z   Using cached billiard-4.2.1-py3-none-any.whl.metadata (4.4 kB)
2025-08-21T19:34:23.1327980Z Collecting kombu<5.6,>=5.5.2 (from celery==5.5.3->-r requirements-dev.txt (line 12))
2025-08-21T19:34:23.1341086Z   Using cached kombu-5.5.4-py3-none-any.whl.metadata (3.5 kB)
2025-08-21T19:34:23.1478301Z Collecting vine<6.0,>=5.1.0 (from celery==5.5.3->-r requirements-dev.txt (line 12))
2025-08-21T19:34:23.1491017Z   Using cached vine-5.1.0-py3-none-any.whl.metadata (2.7 kB)
2025-08-21T19:34:23.1607145Z Collecting click-didyoumean>=0.3.0 (from celery==5.5.3->-r requirements-dev.txt (line 12))
2025-08-21T19:34:23.1625737Z   Using cached click_didyoumean-0.3.1-py3-none-any.whl.metadata (3.9 kB)
2025-08-21T19:34:23.1698026Z Collecting click-repl>=0.2.0 (from celery==5.5.3->-r requirements-dev.txt (line 12))
2025-08-21T19:34:23.1711038Z   Using cached click_repl-0.3.0-py3-none-any.whl.metadata (3.6 kB)
2025-08-21T19:34:23.1784829Z Collecting click-plugins>=1.1.1 (from celery==5.5.3->-r requirements-dev.txt (line 12))
2025-08-21T19:34:23.1797697Z   Using cached click_plugins-1.1.1.2-py2.py3-none-any.whl.metadata (6.5 kB)
2025-08-21T19:34:23.1899743Z Collecting python-dateutil>=2.8.2 (from celery==5.5.3->-r requirements-dev.txt (line 12))
2025-08-21T19:34:23.1912944Z   Using cached python_dateutil-2.9.0.post0-py2.py3-none-any.whl.metadata (8.4 kB)
2025-08-21T19:34:23.2413228Z Collecting annotated-types>=0.6.0 (from pydantic==2.11.7->-r requirements-dev.txt (line 26))
2025-08-21T19:34:23.2426420Z   Using cached annotated_types-0.7.0-py3-none-any.whl.metadata (15 kB)
2025-08-21T19:34:23.8841876Z Collecting pydantic-core==2.33.2 (from pydantic==2.11.7->-r requirements-dev.txt (line 26))
2025-08-21T19:34:23.8856714Z   Using cached pydantic_core-2.33.2-cp311-cp311-manylinux_2_17_x86_64.manylinux2014_x86_64.whl.metadata (6.8 kB)
2025-08-21T19:34:23.8972084Z Collecting typing-inspection>=0.4.0 (from pydantic==2.11.7->-r requirements-dev.txt (line 26))
2025-08-21T19:34:23.8985072Z   Using cached typing_inspection-0.4.1-py3-none-any.whl.metadata (2.6 kB)
2025-08-21T19:34:23.9201964Z Collecting et-xmlfile (from openpyxl==3.1.5->-r requirements-dev.txt (line 22))
2025-08-21T19:34:23.9215091Z   Using cached et_xmlfile-2.0.0-py3-none-any.whl.metadata (2.7 kB)
2025-08-21T19:34:24.0150100Z Collecting pytest<9,>=8.2 (from pytest-asyncio==1.1.0->-r requirements-dev.txt (line 28))
2025-08-21T19:34:24.0163811Z   Using cached pytest-8.4.1-py3-none-any.whl.metadata (7.7 kB)
2025-08-21T19:34:24.3123904Z Collecting coverage>=7.5 (from coverage[toml]>=7.5->pytest-cov==6.2.1->-r requirements-dev.txt (line 29))
2025-08-21T19:34:24.3138526Z   Using cached coverage-7.10.4-cp311-cp311-manylinux1_x86_64.manylinux_2_28_x86_64.manylinux_2_5_x86_64.whl.metadata (8.9 kB)
2025-08-21T19:34:24.3249643Z Collecting pluggy>=1.2 (from pytest-cov==6.2.1->-r requirements-dev.txt (line 29))
2025-08-21T19:34:24.3262880Z   Using cached pluggy-1.6.0-py3-none-any.whl.metadata (4.8 kB)
2025-08-21T19:34:24.4205203Z Collecting port-for>=0.7.3 (from pytest-postgresql==7.0.2->-r requirements-dev.txt (line 30))
2025-08-21T19:34:24.4218143Z   Using cached port_for-0.7.4-py3-none-any.whl.metadata (7.1 kB)
2025-08-21T19:34:24.4351048Z Collecting mirakuru>=2.6.0 (from pytest-postgresql==7.0.2->-r requirements-dev.txt (line 30))
2025-08-21T19:34:24.4363657Z   Using cached mirakuru-2.6.1-py3-none-any.whl.metadata (10 kB)
2025-08-21T19:34:24.5156552Z Collecting charset_normalizer<4,>=2 (from requests==2.32.4->-r requirements-dev.txt (line 34))
2025-08-21T19:34:24.5171296Z   Using cached charset_normalizer-3.4.3-cp311-cp311-manylinux2014_x86_64.manylinux_2_17_x86_64.manylinux_2_28_x86_64.whl.metadata (36 kB)
2025-08-21T19:34:24.5301006Z Collecting idna<4,>=2.5 (from requests==2.32.4->-r requirements-dev.txt (line 34))
2025-08-21T19:34:24.5313328Z   Using cached idna-3.10-py3-none-any.whl.metadata (10 kB)
2025-08-21T19:34:24.5559482Z Collecting urllib3<3,>=1.21.1 (from requests==2.32.4->-r requirements-dev.txt (line 34))
2025-08-21T19:34:24.5573312Z   Using cached urllib3-2.5.0-py3-none-any.whl.metadata (6.5 kB)
2025-08-21T19:34:24.5744977Z Collecting certifi>=2017.4.17 (from requests==2.32.4->-r requirements-dev.txt (line 34))
2025-08-21T19:34:24.5758445Z   Using cached certifi-2025.8.3-py3-none-any.whl.metadata (2.4 kB)
2025-08-21T19:34:24.6949313Z Collecting greenlet>=1 (from sqlalchemy==2.0.43->-r requirements-dev.txt (line 37))
2025-08-21T19:34:24.6964944Z   Using cached greenlet-3.2.4-cp311-cp311-manylinux_2_24_x86_64.manylinux_2_28_x86_64.whl.metadata (4.1 kB)
2025-08-21T19:34:24.7224666Z Collecting docker (from testcontainers==4.12.0->testcontainers[postgres]==4.12.0->-r requirements-dev.txt (line 39))
2025-08-21T19:34:24.7238593Z   Using cached docker-7.1.0-py3-none-any.whl.metadata (3.8 kB)
2025-08-21T19:34:24.8221433Z Collecting wrapt (from testcontainers==4.12.0->testcontainers[postgres]==4.12.0->-r requirements-dev.txt (line 39))
2025-08-21T19:34:24.8237208Z   Using cached wrapt-1.17.3-cp311-cp311-manylinux1_x86_64.manylinux_2_28_x86_64.manylinux_2_5_x86_64.whl.metadata (6.4 kB)
2025-08-21T19:34:24.8478466Z Collecting docspec==2.2.1 (from docspec-python==2.2.2->-r requirements-dev.txt (line 41))
2025-08-21T19:34:24.8492163Z   Using cached docspec-2.2.1-py3-none-any.whl.metadata (1.5 kB)
2025-08-21T19:34:24.8626901Z Collecting nr-util>=0.8.12 (from docspec-python==2.2.2->-r requirements-dev.txt (line 41))
2025-08-21T19:34:24.8640432Z   Using cached nr.util-0.8.12-py3-none-any.whl.metadata (813 bytes)
2025-08-21T19:34:24.8972562Z Collecting PyYAML<7.0,>=5.0 (from pydoc-markdown==4.8.2->-r requirements-dev.txt (line 42))
2025-08-21T19:34:24.8986676Z   Using cached PyYAML-6.0.2-cp311-cp311-manylinux_2_17_x86_64.manylinux2014_x86_64.whl.metadata (2.1 kB)
2025-08-21T19:34:24.9226746Z Collecting databind.core<5.0.0,>=4.4.0 (from pydoc-markdown==4.8.2->-r requirements-dev.txt (line 42))
2025-08-21T19:34:24.9240148Z   Using cached databind.core-4.5.2-py3-none-any.whl.metadata (1.1 kB)
2025-08-21T19:34:24.9429064Z Collecting databind.json<5.0.0,>=4.4.0 (from pydoc-markdown==4.8.2->-r requirements-dev.txt (line 42))
2025-08-21T19:34:24.9442773Z   Using cached databind.json-4.5.2-py3-none-any.whl.metadata (1.1 kB)
2025-08-21T19:34:24.9556540Z Collecting docstring-parser<0.12,>=0.11 (from pydoc-markdown==4.8.2->-r requirements-dev.txt (line 42))
2025-08-21T19:34:24.9557617Z   Using cached docstring_parser-0.11-py3-none-any.whl
2025-08-21T19:34:24.9991198Z Collecting tomli<3.0.0,>=2.0.0 (from pydoc-markdown==4.8.2->-r requirements-dev.txt (line 42))
2025-08-21T19:34:25.0005587Z   Using cached tomli-2.2.1-cp311-cp311-manylinux_2_17_x86_64.manylinux2014_x86_64.whl.metadata (11 kB)
2025-08-21T19:34:25.0098533Z Collecting tomli_w<2.0.0,>=1.0.0 (from pydoc-markdown==4.8.2->-r requirements-dev.txt (line 42))
2025-08-21T19:34:25.0112152Z   Using cached tomli_w-1.2.0-py3-none-any.whl.metadata (5.7 kB)
2025-08-21T19:34:25.0529819Z Collecting watchdog (from pydoc-markdown==4.8.2->-r requirements-dev.txt (line 42))
2025-08-21T19:34:25.0544120Z   Using cached watchdog-6.0.0-py3-none-manylinux2014_x86_64.whl.metadata (44 kB)
2025-08-21T19:34:25.0734400Z Collecting yapf>=0.30.0 (from pydoc-markdown==4.8.2->-r requirements-dev.txt (line 42))
2025-08-21T19:34:25.0747755Z   Using cached yapf-0.43.0-py3-none-any.whl.metadata (46 kB)
2025-08-21T19:34:25.0910821Z Collecting Deprecated<2.0.0,>=1.2.12 (from docspec==2.2.1->docspec-python==2.2.2->-r requirements-dev.txt (line 41))
2025-08-21T19:34:25.0924350Z   Using cached Deprecated-1.2.18-py2.py3-none-any.whl.metadata (5.7 kB)
2025-08-21T19:34:25.2345562Z Collecting psycopg-binary==3.2.9 (from psycopg[binary]==3.2.9->-r requirements-dev.txt (line 25))
2025-08-21T19:34:25.2361443Z   Using cached psycopg_binary-3.2.9-cp311-cp311-manylinux_2_17_x86_64.manylinux2014_x86_64.whl.metadata (2.9 kB)
2025-08-21T19:34:25.2653083Z Collecting argon2-cffi (from minio==7.*->-r requirements-dev.txt (line 10))
2025-08-21T19:34:25.2667231Z   Using cached argon2_cffi-25.1.0-py3-none-any.whl.metadata (4.1 kB)
2025-08-21T19:34:25.3427173Z Collecting pycryptodome (from minio==7.*->-r requirements-dev.txt (line 10))
2025-08-21T19:34:25.3443374Z   Using cached pycryptodome-3.23.0-cp37-abi3-manylinux_2_17_x86_64.manylinux2014_x86_64.whl.metadata (3.4 kB)
2025-08-21T19:34:25.3625107Z Collecting anyio (from httpx<0.29,>=0.27->-r requirements-dev.txt (line 16))
2025-08-21T19:34:25.3638821Z   Using cached anyio-4.10.0-py3-none-any.whl.metadata (4.0 kB)
2025-08-21T19:34:25.3805606Z Collecting httpcore==1.* (from httpx<0.29,>=0.27->-r requirements-dev.txt (line 16))
2025-08-21T19:34:25.3819907Z   Using cached httpcore-1.0.9-py3-none-any.whl.metadata (21 kB)
2025-08-21T19:34:25.4113971Z Collecting tzdata>=2022.7 (from pandas==2.2.*->-r requirements-dev.txt (line 23))
2025-08-21T19:34:25.4127560Z   Using cached tzdata-2025.2-py2.py3-none-any.whl.metadata (1.4 kB)
2025-08-21T19:34:25.4264424Z Collecting multimethod<=1.10.0 (from pandera==0.19.*->-r requirements-dev.txt (line 43))
2025-08-21T19:34:25.4277856Z   Using cached multimethod-1.10-py3-none-any.whl.metadata (8.2 kB)
2025-08-21T19:34:25.4625954Z Collecting typeguard (from pandera==0.19.*->-r requirements-dev.txt (line 43))
2025-08-21T19:34:25.4639541Z   Using cached typeguard-4.4.4-py3-none-any.whl.metadata (3.3 kB)
2025-08-21T19:34:25.4725343Z Collecting typing-inspect>=0.6.0 (from pandera==0.19.*->-r requirements-dev.txt (line 43))
2025-08-21T19:34:25.4738809Z   Using cached typing_inspect-0.9.0-py3-none-any.whl.metadata (1.5 kB)
2025-08-21T19:34:25.4983699Z Collecting databind<5.0.0,>=4.5.2 (from databind.core<5.0.0,>=4.4.0->pydoc-markdown==4.8.2->-r requirements-dev.txt (line 42))
2025-08-21T19:34:25.4997042Z   Using cached databind-4.5.2-py3-none-any.whl.metadata (4.3 kB)
2025-08-21T19:34:25.5119647Z Collecting nr-date<3.0.0,>=2.0.0 (from databind<5.0.0,>=4.5.2->databind.core<5.0.0,>=4.4.0->pydoc-markdown==4.8.2->-r requirements-dev.txt (line 42))
2025-08-21T19:34:25.5133146Z   Using cached nr_date-2.1.0-py3-none-any.whl.metadata (746 bytes)
2025-08-21T19:34:25.5249992Z Collecting nr-stream<2.0.0,>=1.0.0 (from databind<5.0.0,>=4.5.2->databind.core<5.0.0,>=4.4.0->pydoc-markdown==4.8.2->-r requirements-dev.txt (line 42))
2025-08-21T19:34:25.5263632Z   Using cached nr_stream-1.1.5-py3-none-any.whl.metadata (3.6 kB)
2025-08-21T19:34:25.5406305Z Collecting typeapi<3,>=2.0.1 (from databind<5.0.0,>=4.5.2->databind.core<5.0.0,>=4.4.0->pydoc-markdown==4.8.2->-r requirements-dev.txt (line 42))
2025-08-21T19:34:25.5419300Z   Using cached typeapi-2.2.4-py3-none-any.whl.metadata (1.5 kB)
2025-08-21T19:34:25.5651839Z Collecting h11>=0.16 (from httpcore==1.*->httpx<0.29,>=0.27->-r requirements-dev.txt (line 16))
2025-08-21T19:34:25.5665679Z   Using cached h11-0.16.0-py3-none-any.whl.metadata (8.3 kB)
2025-08-21T19:34:25.5848097Z Collecting amqp<6.0.0,>=5.1.1 (from kombu<5.6,>=5.5.2->celery==5.5.3->-r requirements-dev.txt (line 12))
2025-08-21T19:34:25.5861262Z   Using cached amqp-5.3.1-py3-none-any.whl.metadata (8.9 kB)
2025-08-21T19:34:25.6192704Z Collecting iniconfig>=1 (from pytest<9,>=8.2->pytest-asyncio==1.1.0->-r requirements-dev.txt (line 28))
2025-08-21T19:34:25.6213218Z   Using cached iniconfig-2.1.0-py3-none-any.whl.metadata (2.7 kB)
2025-08-21T19:34:25.7354151Z Collecting pygments>=2.7.2 (from pytest<9,>=8.2->pytest-asyncio==1.1.0->-r requirements-dev.txt (line 28))
2025-08-21T19:34:25.7369629Z   Using cached pygments-2.19.2-py3-none-any.whl.metadata (2.5 kB)
2025-08-21T19:34:25.7654486Z Collecting sniffio>=1.1 (from anyio->httpx<0.29,>=0.27->-r requirements-dev.txt (line 16))
2025-08-21T19:34:25.7667576Z   Using cached sniffio-1.3.1-py3-none-any.whl.metadata (3.9 kB)
2025-08-21T19:34:26.0963865Z Collecting botocore<1.41.0,>=1.40.15 (from boto3->-r requirements-dev.txt (line 8))
2025-08-21T19:34:26.0997185Z   Downloading botocore-1.40.15-py3-none-any.whl.metadata (5.7 kB)
2025-08-21T19:34:26.1119324Z Collecting jmespath<2.0.0,>=0.7.1 (from boto3->-r requirements-dev.txt (line 8))
2025-08-21T19:34:26.1132523Z   Using cached jmespath-1.0.1-py3-none-any.whl.metadata (7.6 kB)
2025-08-21T19:34:26.1283424Z Collecting s3transfer<0.14.0,>=0.13.0 (from boto3->-r requirements-dev.txt (line 8))
2025-08-21T19:34:26.1296329Z   Using cached s3transfer-0.13.1-py3-none-any.whl.metadata (1.7 kB)
2025-08-21T19:34:26.2550617Z Collecting fastapi-cli>=0.0.8 (from fastapi-cli[standard]>=0.0.8; extra == "all"->fastapi[all]->-r requirements-dev.txt (line 14))
2025-08-21T19:34:26.2563338Z   Using cached fastapi_cli-0.0.8-py3-none-any.whl.metadata (6.3 kB)
2025-08-21T19:34:26.3257563Z Collecting ujson!=4.0.2,!=4.1.0,!=4.2.0,!=4.3.0,!=5.0.0,!=5.1.0,>=4.0.1 (from fastapi[all]->-r requirements-dev.txt (line 14))
2025-08-21T19:34:26.3271776Z   Using cached ujson-5.11.0-cp311-cp311-manylinux_2_24_x86_64.manylinux_2_28_x86_64.whl.metadata (9.4 kB)
2025-08-21T19:34:26.5493447Z Collecting orjson>=3.2.1 (from fastapi[all]->-r requirements-dev.txt (line 14))
2025-08-21T19:34:26.5508392Z   Using cached orjson-3.11.2-cp311-cp311-manylinux_2_17_x86_64.manylinux2014_x86_64.whl.metadata (1.2 kB)
2025-08-21T19:34:26.5631503Z Collecting email-validator>=2.0.0 (from fastapi[all]->-r requirements-dev.txt (line 14))
2025-08-21T19:34:26.5646224Z   Using cached email_validator-2.2.0-py3-none-any.whl.metadata (25 kB)
2025-08-21T19:34:26.5898628Z Collecting uvicorn>=0.12.0 (from uvicorn[standard]>=0.12.0; extra == "all"->fastapi[all]->-r requirements-dev.txt (line 14))
2025-08-21T19:34:26.5912579Z   Using cached uvicorn-0.35.0-py3-none-any.whl.metadata (6.5 kB)
2025-08-21T19:34:26.6052307Z Collecting pydantic-settings>=2.0.0 (from fastapi[all]->-r requirements-dev.txt (line 14))
2025-08-21T19:34:26.6065777Z   Using cached pydantic_settings-2.10.1-py3-none-any.whl.metadata (3.4 kB)
2025-08-21T19:34:26.6192183Z Collecting pydantic-extra-types>=2.0.0 (from fastapi[all]->-r requirements-dev.txt (line 14))
2025-08-21T19:34:26.6206575Z   Using cached pydantic_extra_types-2.10.5-py3-none-any.whl.metadata (3.9 kB)
2025-08-21T19:34:26.6933794Z Collecting prompt-toolkit>=3.0.36 (from click-repl>=0.2.0->celery==5.5.3->-r requirements-dev.txt (line 12))
2025-08-21T19:34:26.6947901Z   Using cached prompt_toolkit-3.0.51-py3-none-any.whl.metadata (6.4 kB)
2025-08-21T19:34:26.7109839Z Collecting dnspython>=2.0.0 (from email-validator>=2.0.0->fastapi[all]->-r requirements-dev.txt (line 14))
2025-08-21T19:34:26.7123722Z   Using cached dnspython-2.7.0-py3-none-any.whl.metadata (5.8 kB)
2025-08-21T19:34:26.7369858Z Collecting typer>=0.15.1 (from fastapi-cli>=0.0.8->fastapi-cli[standard]>=0.0.8; extra == "all"->fastapi[all]->-r requirements-dev.txt (line 14))
2025-08-21T19:34:26.7384242Z   Using cached typer-0.16.1-py3-none-any.whl.metadata (15 kB)
2025-08-21T19:34:26.7622486Z Collecting rich-toolkit>=0.14.8 (from fastapi-cli>=0.0.8->fastapi-cli[standard]>=0.0.8; extra == "all"->fastapi[all]->-r requirements-dev.txt (line 14))
2025-08-21T19:34:26.7635799Z   Using cached rich_toolkit-0.15.0-py3-none-any.whl.metadata (1.0 kB)
2025-08-21T19:34:26.7746783Z Collecting fastapi-cloud-cli>=0.1.1 (from fastapi-cli[standard]>=0.0.8; extra == "all"->fastapi[all]->-r requirements-dev.txt (line 14))
2025-08-21T19:34:26.7760505Z   Using cached fastapi_cloud_cli-0.1.5-py3-none-any.whl.metadata (3.2 kB)
2025-08-21T19:34:26.8447589Z Collecting rignore>=0.5.1 (from fastapi-cloud-cli>=0.1.1->fastapi-cli[standard]>=0.0.8; extra == "all"->fastapi[all]->-r requirements-dev.txt (line 14))
2025-08-21T19:34:26.8462808Z   Using cached rignore-0.6.4-cp311-cp311-manylinux_2_17_x86_64.manylinux2014_x86_64.whl.metadata (3.8 kB)
2025-08-21T19:34:26.9243271Z Collecting sentry-sdk>=2.20.0 (from fastapi-cloud-cli>=0.1.1->fastapi-cli[standard]>=0.0.8; extra == "all"->fastapi[all]->-r requirements-dev.txt (line 14))
2025-08-21T19:34:26.9257399Z   Using cached sentry_sdk-2.35.0-py2.py3-none-any.whl.metadata (10 kB)
2025-08-21T19:34:27.1265928Z Collecting psutil>=4.0.0 (from mirakuru>=2.6.0->pytest-postgresql==7.0.2->-r requirements-dev.txt (line 30))
2025-08-21T19:34:27.1282782Z   Using cached psutil-7.0.0-cp36-abi3-manylinux_2_12_x86_64.manylinux2010_x86_64.manylinux_2_17_x86_64.manylinux2014_x86_64.whl.metadata (22 kB)
2025-08-21T19:34:27.1570158Z Collecting wcwidth (from prompt-toolkit>=3.0.36->click-repl>=0.2.0->celery==5.5.3->-r requirements-dev.txt (line 12))
2025-08-21T19:34:27.1584049Z   Using cached wcwidth-0.2.13-py2.py3-none-any.whl.metadata (14 kB)
2025-08-21T19:34:27.2752992Z Collecting rich>=13.7.1 (from rich-toolkit>=0.14.8->fastapi-cli>=0.0.8->fastapi-cli[standard]>=0.0.8; extra == "all"->fastapi[all]->-r requirements-dev.txt (line 14))
2025-08-21T19:34:27.2767135Z   Using cached rich-14.1.0-py3-none-any.whl.metadata (18 kB)
2025-08-21T19:34:27.2936913Z Collecting markdown-it-py>=2.2.0 (from rich>=13.7.1->rich-toolkit>=0.14.8->fastapi-cli>=0.0.8->fastapi-cli[standard]>=0.0.8; extra == "all"->fastapi[all]->-r requirements-dev.txt (line 14))
2025-08-21T19:34:27.2950775Z   Using cached markdown_it_py-4.0.0-py3-none-any.whl.metadata (7.3 kB)
2025-08-21T19:34:27.3131269Z Collecting mdurl~=0.1 (from markdown-it-py>=2.2.0->rich>=13.7.1->rich-toolkit>=0.14.8->fastapi-cli>=0.0.8->fastapi-cli[standard]>=0.0.8; extra == "all"->fastapi[all]->-r requirements-dev.txt (line 14))
2025-08-21T19:34:27.3144584Z   Using cached mdurl-0.1.2-py3-none-any.whl.metadata (1.6 kB)
2025-08-21T19:34:27.3580048Z Collecting shellingham>=1.3.0 (from typer>=0.15.1->fastapi-cli>=0.0.8->fastapi-cli[standard]>=0.0.8; extra == "all"->fastapi[all]->-r requirements-dev.txt (line 14))
2025-08-21T19:34:27.3593055Z   Using cached shellingham-1.5.4-py2.py3-none-any.whl.metadata (3.5 kB)
2025-08-21T19:34:27.4246957Z Collecting httptools>=0.6.3 (from uvicorn[standard]>=0.12.0; extra == "all"->fastapi[all]->-r requirements-dev.txt (line 14))
2025-08-21T19:34:27.4261108Z   Using cached httptools-0.6.4-cp311-cp311-manylinux_2_5_x86_64.manylinux1_x86_64.manylinux_2_17_x86_64.manylinux2014_x86_64.whl.metadata (3.6 kB)
2025-08-21T19:34:27.4645387Z Collecting uvloop>=0.15.1 (from uvicorn[standard]>=0.12.0; extra == "all"->fastapi[all]->-r requirements-dev.txt (line 14))
2025-08-21T19:34:27.4659097Z   Using cached uvloop-0.21.0-cp311-cp311-manylinux_2_17_x86_64.manylinux2014_x86_64.whl.metadata (4.9 kB)
2025-08-21T19:34:27.5326509Z Collecting watchfiles>=0.13 (from uvicorn[standard]>=0.12.0; extra == "all"->fastapi[all]->-r requirements-dev.txt (line 14))
2025-08-21T19:34:27.5341014Z   Using cached watchfiles-1.1.0-cp311-cp311-manylinux_2_17_x86_64.manylinux2014_x86_64.whl.metadata (4.9 kB)
2025-08-21T19:34:27.6148843Z Collecting websockets>=10.4 (from uvicorn[standard]>=0.12.0; extra == "all"->fastapi[all]->-r requirements-dev.txt (line 14))
2025-08-21T19:34:27.6164849Z   Using cached websockets-15.0.1-cp311-cp311-manylinux_2_5_x86_64.manylinux1_x86_64.manylinux_2_17_x86_64.manylinux2014_x86_64.whl.metadata (6.8 kB)
2025-08-21T19:34:27.6583865Z Collecting argon2-cffi-bindings (from argon2-cffi->minio==7.*->-r requirements-dev.txt (line 10))
2025-08-21T19:34:27.6597301Z   Using cached argon2_cffi_bindings-25.1.0-cp39-abi3-manylinux_2_26_x86_64.manylinux_2_28_x86_64.whl.metadata (7.4 kB)
2025-08-21T19:34:27.7550682Z Collecting cffi>=1.0.1 (from argon2-cffi-bindings->argon2-cffi->minio==7.*->-r requirements-dev.txt (line 10))
2025-08-21T19:34:27.7565054Z   Using cached cffi-1.17.1-cp311-cp311-manylinux_2_17_x86_64.manylinux2014_x86_64.whl.metadata (1.5 kB)
2025-08-21T19:34:27.7675286Z Collecting pycparser (from cffi>=1.0.1->argon2-cffi-bindings->argon2-cffi->minio==7.*->-r requirements-dev.txt (line 10))
2025-08-21T19:34:27.7688727Z   Using cached pycparser-2.22-py3-none-any.whl.metadata (943 bytes)
2025-08-21T19:34:27.8254926Z Using cached jinja2-3.1.6-py3-none-any.whl (134 kB)
2025-08-21T19:34:27.8269185Z Using cached alembic-1.16.4-py3-none-any.whl (247 kB)
2025-08-21T19:34:27.8284328Z Using cached APScheduler-3.10.4-py3-none-any.whl (59 kB)
2025-08-21T19:34:27.8297787Z Using cached asgi_correlation_id-4.3.1-py3-none-any.whl (15 kB)
2025-08-21T19:34:27.8310677Z Using cached asyncpg-0.30.0-cp311-cp311-manylinux_2_17_x86_64.manylinux2014_x86_64.whl (3.1 MB)
2025-08-21T19:34:27.8347718Z Using cached black-25.1.0-cp311-cp311-manylinux_2_17_x86_64.manylinux2014_x86_64.manylinux_2_28_x86_64.whl (1.7 MB)
2025-08-21T19:34:27.8372946Z Using cached vulture-2.10-py2.py3-none-any.whl (27 kB)
2025-08-21T19:34:27.8385872Z Using cached celery-5.5.3-py3-none-any.whl (438 kB)
2025-08-21T19:34:27.8401816Z Using cached fastapi-0.116.1-py3-none-any.whl (95 kB)
2025-08-21T19:34:27.8415225Z Using cached pydantic-2.11.7-py3-none-any.whl (444 kB)
2025-08-21T19:34:27.8431152Z Using cached fastapi_limiter-0.1.6-py3-none-any.whl (15 kB)
2025-08-21T19:34:27.8443822Z Using cached IMAPClient-3.0.1-py2.py3-none-any.whl (182 kB)
2025-08-21T19:34:27.8457954Z Using cached mypy_extensions-1.1.0-py3-none-any.whl (5.0 kB)
2025-08-21T19:34:27.8470893Z Using cached openpyxl-3.1.5-py2.py3-none-any.whl (250 kB)
2025-08-21T19:34:27.8485781Z Using cached psycopg2_binary-2.9.10-cp311-cp311-manylinux_2_17_x86_64.manylinux2014_x86_64.whl (3.0 MB)
2025-08-21T19:34:27.8519755Z Using cached psycopg-3.2.9-py3-none-any.whl (202 kB)
2025-08-21T19:34:27.8533968Z Using cached pytest_asyncio-1.1.0-py3-none-any.whl (15 kB)
2025-08-21T19:34:27.8546705Z Using cached pytest_cov-6.2.1-py3-none-any.whl (24 kB)
2025-08-21T19:34:27.8559596Z Using cached pytest_postgresql-7.0.2-py3-none-any.whl (41 kB)
2025-08-21T19:34:27.8572640Z Using cached python_telegram_bot-22.3-py3-none-any.whl (717 kB)
2025-08-21T19:34:27.8591527Z Using cached requests-2.32.4-py3-none-any.whl (64 kB)
2025-08-21T19:34:27.8605293Z Using cached respx-0.22.0-py2.py3-none-any.whl (25 kB)
2025-08-21T19:34:27.8618932Z Using cached ruff-0.9.9-py3-none-manylinux_2_17_x86_64.manylinux2014_x86_64.whl (11.2 MB)
2025-08-21T19:34:27.8716455Z Using cached sqlalchemy-2.0.43-cp311-cp311-manylinux_2_17_x86_64.manylinux2014_x86_64.whl (3.3 MB)
2025-08-21T19:34:27.8753070Z Using cached structlog-24.1.0-py3-none-any.whl (65 kB)
2025-08-21T19:34:27.8766568Z Using cached testcontainers-4.12.0-py3-none-any.whl (111 kB)
2025-08-21T19:34:27.8781079Z Using cached types_requests-2.32.4.20250809-py3-none-any.whl (20 kB)
2025-08-21T19:34:27.8794419Z Using cached docspec_python-2.2.2-py3-none-any.whl (15 kB)
2025-08-21T19:34:27.8807544Z Using cached pydoc_markdown-4.8.2-py3-none-any.whl (67 kB)
2025-08-21T19:34:27.8821147Z Using cached docspec-2.2.1-py3-none-any.whl (9.8 kB)
2025-08-21T19:34:27.8835275Z Using cached psycopg_binary-3.2.9-cp311-cp311-manylinux_2_17_x86_64.manylinux2014_x86_64.whl (4.5 MB)
2025-08-21T19:34:27.8880841Z Using cached pydantic_core-2.33.2-cp311-cp311-manylinux_2_17_x86_64.manylinux2014_x86_64.whl (2.0 MB)
2025-08-21T19:34:27.8908582Z Using cached redis-6.4.0-py3-none-any.whl (279 kB)
2025-08-21T19:34:27.8923694Z Using cached minio-7.2.16-py3-none-any.whl (95 kB)
2025-08-21T19:34:27.8937451Z Using cached httpx-0.28.1-py3-none-any.whl (73 kB)
2025-08-21T19:34:27.8951746Z Using cached mypy-1.17.1-cp311-cp311-manylinux2014_x86_64.manylinux_2_17_x86_64.manylinux_2_28_x86_64.whl (12.6 MB)
2025-08-21T19:34:27.9054969Z Using cached numpy-1.26.4-cp311-cp311-manylinux_2_17_x86_64.manylinux2014_x86_64.whl (18.3 MB)
2025-08-21T19:34:27.9199413Z Using cached pandas-2.2.3-cp311-cp311-manylinux_2_17_x86_64.manylinux2014_x86_64.whl (13.1 MB)
2025-08-21T19:34:27.9304901Z Using cached pandera-0.19.3-py3-none-any.whl (251 kB)
2025-08-21T19:34:27.9319592Z Using cached billiard-4.2.1-py3-none-any.whl (86 kB)
2025-08-21T19:34:27.9333961Z Using cached charset_normalizer-3.4.3-cp311-cp311-manylinux2014_x86_64.manylinux_2_17_x86_64.manylinux_2_28_x86_64.whl (150 kB)
2025-08-21T19:34:27.9347679Z Using cached click-8.2.1-py3-none-any.whl (102 kB)
2025-08-21T19:34:27.9361683Z Using cached databind.core-4.5.2-py3-none-any.whl (1.5 kB)
2025-08-21T19:34:27.9374722Z Using cached databind-4.5.2-py3-none-any.whl (49 kB)
2025-08-21T19:34:27.9387974Z Using cached databind.json-4.5.2-py3-none-any.whl (1.5 kB)
2025-08-21T19:34:27.9401323Z Using cached Deprecated-1.2.18-py2.py3-none-any.whl (10.0 kB)
2025-08-21T19:34:27.9414448Z Using cached httpcore-1.0.9-py3-none-any.whl (78 kB)
2025-08-21T19:34:27.9427933Z Using cached idna-3.10-py3-none-any.whl (70 kB)
2025-08-21T19:34:27.9441612Z Using cached kombu-5.5.4-py3-none-any.whl (210 kB)
2025-08-21T19:34:27.9455968Z Using cached vine-5.1.0-py3-none-any.whl (9.6 kB)
2025-08-21T19:34:27.9469024Z Using cached amqp-5.3.1-py3-none-any.whl (50 kB)
2025-08-21T19:34:27.9482490Z Using cached multimethod-1.10-py3-none-any.whl (9.9 kB)
2025-08-21T19:34:27.9495571Z Using cached nr_date-2.1.0-py3-none-any.whl (10 kB)
2025-08-21T19:34:27.9508755Z Using cached nr_stream-1.1.5-py3-none-any.whl (10 kB)
2025-08-21T19:34:27.9521876Z Using cached nr.util-0.8.12-py3-none-any.whl (90 kB)
2025-08-21T19:34:27.9535469Z Using cached pytest-8.4.1-py3-none-any.whl (365 kB)
2025-08-21T19:34:27.9551185Z Using cached pluggy-1.6.0-py3-none-any.whl (20 kB)
2025-08-21T19:34:27.9564777Z Using cached PyYAML-6.0.2-cp311-cp311-manylinux_2_17_x86_64.manylinux2014_x86_64.whl (762 kB)
2025-08-21T19:34:27.9583184Z Using cached starlette-0.47.2-py3-none-any.whl (72 kB)
2025-08-21T19:34:27.9596775Z Using cached anyio-4.10.0-py3-none-any.whl (107 kB)
2025-08-21T19:34:27.9611042Z Using cached tomli-2.2.1-cp311-cp311-manylinux_2_17_x86_64.manylinux2014_x86_64.whl (236 kB)
2025-08-21T19:34:27.9625466Z Using cached tomli_w-1.2.0-py3-none-any.whl (6.7 kB)
2025-08-21T19:34:27.9638454Z Using cached typeapi-2.2.4-py3-none-any.whl (26 kB)
2025-08-21T19:34:27.9651787Z Using cached typing_extensions-4.14.1-py3-none-any.whl (43 kB)
2025-08-21T19:34:27.9665143Z Using cached urllib3-2.5.0-py3-none-any.whl (129 kB)
2025-08-21T19:34:27.9679398Z Using cached wrapt-1.17.3-cp311-cp311-manylinux1_x86_64.manylinux_2_28_x86_64.manylinux_2_5_x86_64.whl (82 kB)
2025-08-21T19:34:27.9714833Z Downloading boto3-1.40.15-py3-none-any.whl (140 kB)
2025-08-21T19:34:27.9929018Z Downloading botocore-1.40.15-py3-none-any.whl (14.0 MB)
2025-08-21T19:34:28.0674484Z    ━━━━━━━━━━━━━━━━━━━━━━━━━━━━━━━━━━━━━━━━ 14.0/14.0 MB 208.1 MB/s  0:00:00
2025-08-21T19:34:28.0690146Z Using cached jmespath-1.0.1-py3-none-any.whl (20 kB)
2025-08-21T19:34:28.0704199Z Using cached python_dateutil-2.9.0.post0-py2.py3-none-any.whl (229 kB)
2025-08-21T19:34:28.0719171Z Using cached s3transfer-0.13.1-py3-none-any.whl (85 kB)
2025-08-21T19:34:28.0733162Z Using cached itsdangerous-2.2.0-py3-none-any.whl (16 kB)
2025-08-21T19:34:28.0746610Z Using cached python_dotenv-1.1.1-py3-none-any.whl (20 kB)
2025-08-21T19:34:28.0760165Z Using cached python_multipart-0.0.20-py3-none-any.whl (24 kB)
2025-08-21T19:34:28.0774125Z Using cached annotated_types-0.7.0-py3-none-any.whl (13 kB)
2025-08-21T19:34:28.0787546Z Using cached certifi-2025.8.3-py3-none-any.whl (161 kB)
2025-08-21T19:34:28.0802030Z Using cached click_didyoumean-0.3.1-py3-none-any.whl (3.6 kB)
2025-08-21T19:34:28.0815551Z Using cached click_plugins-1.1.1.2-py2.py3-none-any.whl (11 kB)
2025-08-21T19:34:28.0829326Z Using cached click_repl-0.3.0-py3-none-any.whl (10 kB)
2025-08-21T19:34:28.0843497Z Using cached coverage-7.10.4-cp311-cp311-manylinux1_x86_64.manylinux_2_28_x86_64.manylinux_2_5_x86_64.whl (249 kB)
2025-08-21T19:34:28.0858075Z Using cached email_validator-2.2.0-py3-none-any.whl (33 kB)
2025-08-21T19:34:28.0871825Z Using cached dnspython-2.7.0-py3-none-any.whl (313 kB)
2025-08-21T19:34:28.0887225Z Using cached fastapi_cli-0.0.8-py3-none-any.whl (10 kB)
2025-08-21T19:34:28.0900700Z Using cached fastapi_cloud_cli-0.1.5-py3-none-any.whl (18 kB)
2025-08-21T19:34:28.0914673Z Using cached greenlet-3.2.4-cp311-cp311-manylinux_2_24_x86_64.manylinux_2_28_x86_64.whl (587 kB)
2025-08-21T19:34:28.0931999Z Using cached h11-0.16.0-py3-none-any.whl (37 kB)
2025-08-21T19:34:28.0945513Z Using cached iniconfig-2.1.0-py3-none-any.whl (6.0 kB)
2025-08-21T19:34:28.0959208Z Using cached MarkupSafe-3.0.2-cp311-cp311-manylinux_2_17_x86_64.manylinux2014_x86_64.whl (23 kB)
2025-08-21T19:34:28.0972682Z Using cached mirakuru-2.6.1-py3-none-any.whl (26 kB)
2025-08-21T19:34:28.0986689Z Using cached orjson-3.11.2-cp311-cp311-manylinux_2_17_x86_64.manylinux2014_x86_64.whl (121 kB)
2025-08-21T19:34:28.1000440Z Using cached packaging-25.0-py3-none-any.whl (66 kB)
2025-08-21T19:34:28.1014248Z Using cached pathspec-0.12.1-py3-none-any.whl (31 kB)
2025-08-21T19:34:28.1027703Z Using cached platformdirs-4.3.8-py3-none-any.whl (18 kB)
2025-08-21T19:34:28.1040923Z Using cached port_for-0.7.4-py3-none-any.whl (21 kB)
2025-08-21T19:34:28.1054594Z Using cached prompt_toolkit-3.0.51-py3-none-any.whl (387 kB)
2025-08-21T19:34:28.1071390Z Using cached psutil-7.0.0-cp36-abi3-manylinux_2_12_x86_64.manylinux2010_x86_64.manylinux_2_17_x86_64.manylinux2014_x86_64.whl (277 kB)
2025-08-21T19:34:28.1086462Z Using cached pydantic_extra_types-2.10.5-py3-none-any.whl (38 kB)
2025-08-21T19:34:28.1099865Z Using cached pydantic_settings-2.10.1-py3-none-any.whl (45 kB)
2025-08-21T19:34:28.1113780Z Using cached pygments-2.19.2-py3-none-any.whl (1.2 MB)
2025-08-21T19:34:28.1135911Z Using cached pytz-2025.2-py2.py3-none-any.whl (509 kB)
2025-08-21T19:34:28.1153217Z Using cached rich_toolkit-0.15.0-py3-none-any.whl (29 kB)
2025-08-21T19:34:28.1166657Z Using cached rich-14.1.0-py3-none-any.whl (243 kB)
2025-08-21T19:34:28.1181790Z Using cached markdown_it_py-4.0.0-py3-none-any.whl (87 kB)
2025-08-21T19:34:28.1195568Z Using cached mdurl-0.1.2-py3-none-any.whl (10.0 kB)
2025-08-21T19:34:28.1209274Z Using cached rignore-0.6.4-cp311-cp311-manylinux_2_17_x86_64.manylinux2014_x86_64.whl (950 kB)
2025-08-21T19:34:28.1229589Z Using cached sentry_sdk-2.35.0-py2.py3-none-any.whl (363 kB)
2025-08-21T19:34:28.1245528Z Using cached six-1.17.0-py2.py3-none-any.whl (11 kB)
2025-08-21T19:34:28.1258785Z Using cached sniffio-1.3.1-py3-none-any.whl (10 kB)
2025-08-21T19:34:28.1272131Z Using cached typer-0.16.1-py3-none-any.whl (46 kB)
2025-08-21T19:34:28.1285577Z Using cached shellingham-1.5.4-py2.py3-none-any.whl (9.8 kB)
2025-08-21T19:34:28.1298729Z Using cached typing_inspect-0.9.0-py3-none-any.whl (8.8 kB)
2025-08-21T19:34:28.1312214Z Using cached typing_inspection-0.4.1-py3-none-any.whl (14 kB)
2025-08-21T19:34:28.1325433Z Using cached tzdata-2025.2-py2.py3-none-any.whl (347 kB)
2025-08-21T19:34:28.1341790Z Using cached tzlocal-5.3.1-py3-none-any.whl (18 kB)
2025-08-21T19:34:28.1355362Z Using cached ujson-5.11.0-cp311-cp311-manylinux_2_24_x86_64.manylinux_2_28_x86_64.whl (57 kB)
2025-08-21T19:34:28.1368652Z Using cached uvicorn-0.35.0-py3-none-any.whl (66 kB)
2025-08-21T19:34:28.1382976Z Using cached httptools-0.6.4-cp311-cp311-manylinux_2_5_x86_64.manylinux1_x86_64.manylinux_2_17_x86_64.manylinux2014_x86_64.whl (459 kB)
2025-08-21T19:34:28.1399562Z Using cached uvloop-0.21.0-cp311-cp311-manylinux_2_17_x86_64.manylinux2014_x86_64.whl (4.0 MB)
2025-08-21T19:34:28.1442354Z Using cached watchfiles-1.1.0-cp311-cp311-manylinux_2_17_x86_64.manylinux2014_x86_64.whl (453 kB)
2025-08-21T19:34:28.1459237Z Using cached websockets-15.0.1-cp311-cp311-manylinux_2_5_x86_64.manylinux1_x86_64.manylinux_2_17_x86_64.manylinux2014_x86_64.whl (182 kB)
2025-08-21T19:34:28.1473621Z Using cached yapf-0.43.0-py3-none-any.whl (256 kB)
2025-08-21T19:34:28.1488571Z Using cached argon2_cffi-25.1.0-py3-none-any.whl (14 kB)
2025-08-21T19:34:28.1502485Z Using cached argon2_cffi_bindings-25.1.0-cp39-abi3-manylinux_2_26_x86_64.manylinux_2_28_x86_64.whl (87 kB)
2025-08-21T19:34:28.1516463Z Using cached cffi-1.17.1-cp311-cp311-manylinux_2_17_x86_64.manylinux2014_x86_64.whl (467 kB)
2025-08-21T19:34:28.1533144Z Using cached docker-7.1.0-py3-none-any.whl (147 kB)
2025-08-21T19:34:28.1547234Z Using cached et_xmlfile-2.0.0-py3-none-any.whl (18 kB)
2025-08-21T19:34:28.1560708Z Using cached mako-1.3.10-py3-none-any.whl (78 kB)
2025-08-21T19:34:28.1574478Z Using cached pycparser-2.22-py3-none-any.whl (117 kB)
2025-08-21T19:34:28.1588951Z Using cached pycryptodome-3.23.0-cp37-abi3-manylinux_2_17_x86_64.manylinux2014_x86_64.whl (2.3 MB)
2025-08-21T19:34:28.1618353Z Using cached toml-0.10.2-py2.py3-none-any.whl (16 kB)
2025-08-21T19:34:28.1631464Z Using cached typeguard-4.4.4-py3-none-any.whl (34 kB)
2025-08-21T19:34:28.1644223Z Using cached watchdog-6.0.0-py3-none-manylinux2014_x86_64.whl (79 kB)
2025-08-21T19:34:28.1657512Z Using cached wcwidth-0.2.13-py2.py3-none-any.whl (34 kB)
2025-08-21T19:34:28.5803957Z Installing collected packages: wcwidth, pytz, wrapt, websockets, watchdog, vine, uvloop, urllib3, ujson, tzlocal, tzdata, typing-extensions, tomli_w, tomli, toml, structlog, sniffio, six, shellingham, ruff, rignore, redis, PyYAML, python-multipart, python-dotenv, pygments, pycryptodome, pycparser, psycopg2-binary, psycopg-binary, psutil, prompt-toolkit, port-for, pluggy, platformdirs, pathspec, packaging, orjson, numpy, nr-stream, nr-date, mypy-extensions, multimethod, mdurl, MarkupSafe, jmespath, itsdangerous, iniconfig, imapclient, idna, httptools, h11, greenlet, et-xmlfile, docstring-parser, dnspython, coverage, click, charset_normalizer, certifi, billiard, asyncpg, annotated-types, yapf, vulture, uvicorn, typing-inspection, typing-inspect, types-requests, typeguard, typeapi, sqlalchemy, sentry-sdk, requests, python-dateutil, pytest, pydantic-core, psycopg, openpyxl, mypy, mirakuru, markdown-it-py, Mako, Jinja2, httpcore, email-validator, Deprecated, click-repl, click-plugins, click-didyoumean, cffi, black, apscheduler, anyio, amqp, watchfiles, starlette, rich, pytest-postgresql, pytest-cov, pytest-asyncio, pydantic, pandas, nr-util, kombu, httpx, docker, databind, botocore, argon2-cffi-bindings, alembic, typer, testcontainers, s3transfer, rich-toolkit, respx, python-telegram-bot, pydantic-settings, pydantic-extra-types, pandera, fastapi, databind.json, databind.core, celery, asgi-correlation-id, argon2-cffi, minio, fastapi-limiter, fastapi-cloud-cli, fastapi-cli, docspec, boto3, docspec-python, pydoc-markdown
2025-08-21T19:34:44.6736339Z 
2025-08-21T19:34:44.6805999Z Successfully installed Deprecated-1.2.18 Jinja2-3.1.6 Mako-1.3.10 MarkupSafe-3.0.2 PyYAML-6.0.2 alembic-1.16.4 amqp-5.3.1 annotated-types-0.7.0 anyio-4.10.0 apscheduler-3.10.4 argon2-cffi-25.1.0 argon2-cffi-bindings-25.1.0 asgi-correlation-id-4.3.1 asyncpg-0.30.0 billiard-4.2.1 black-25.1.0 boto3-1.40.15 botocore-1.40.15 celery-5.5.3 certifi-2025.8.3 cffi-1.17.1 charset_normalizer-3.4.3 click-8.2.1 click-didyoumean-0.3.1 click-plugins-1.1.1.2 click-repl-0.3.0 coverage-7.10.4 databind-4.5.2 databind.core-4.5.2 databind.json-4.5.2 dnspython-2.7.0 docker-7.1.0 docspec-2.2.1 docspec-python-2.2.2 docstring-parser-0.11 email-validator-2.2.0 et-xmlfile-2.0.0 fastapi-0.116.1 fastapi-cli-0.0.8 fastapi-cloud-cli-0.1.5 fastapi-limiter-0.1.6 greenlet-3.2.4 h11-0.16.0 httpcore-1.0.9 httptools-0.6.4 httpx-0.28.1 idna-3.10 imapclient-3.0.1 iniconfig-2.1.0 itsdangerous-2.2.0 jmespath-1.0.1 kombu-5.5.4 markdown-it-py-4.0.0 mdurl-0.1.2 minio-7.2.16 mirakuru-2.6.1 multimethod-1.10 mypy-1.17.1 mypy-extensions-1.1.0 nr-date-2.1.0 nr-stream-1.1.5 nr-util-0.8.12 numpy-1.26.4 openpyxl-3.1.5 orjson-3.11.2 packaging-25.0 pandas-2.2.3 pandera-0.19.3 pathspec-0.12.1 platformdirs-4.3.8 pluggy-1.6.0 port-for-0.7.4 prompt-toolkit-3.0.51 psutil-7.0.0 psycopg-3.2.9 psycopg-binary-3.2.9 psycopg2-binary-2.9.10 pycparser-2.22 pycryptodome-3.23.0 pydantic-2.11.7 pydantic-core-2.33.2 pydantic-extra-types-2.10.5 pydantic-settings-2.10.1 pydoc-markdown-4.8.2 pygments-2.19.2 pytest-8.4.1 pytest-asyncio-1.1.0 pytest-cov-6.2.1 pytest-postgresql-7.0.2 python-dateutil-2.9.0.post0 python-dotenv-1.1.1 python-multipart-0.0.20 python-telegram-bot-22.3 pytz-2025.2 redis-6.4.0 requests-2.32.4 respx-0.22.0 rich-14.1.0 rich-toolkit-0.15.0 rignore-0.6.4 ruff-0.9.9 s3transfer-0.13.1 sentry-sdk-2.35.0 shellingham-1.5.4 six-1.17.0 sniffio-1.3.1 sqlalchemy-2.0.43 starlette-0.47.2 structlog-24.1.0 testcontainers-4.12.0 toml-0.10.2 tomli-2.2.1 tomli_w-1.2.0 typeapi-2.2.4 typeguard-4.4.4 typer-0.16.1 types-requests-2.32.4.20250809 typing-extensions-4.14.1 typing-inspect-0.9.0 typing-inspection-0.4.1 tzdata-2025.2 tzlocal-5.3.1 ujson-5.11.0 urllib3-2.5.0 uvicorn-0.35.0 uvloop-0.21.0 vine-5.1.0 vulture-2.10 watchdog-6.0.0 watchfiles-1.1.0 wcwidth-0.2.13 websockets-15.0.1 wrapt-1.17.3 yapf-0.43.0
2025-08-21T19:34:46.4622382Z Collecting keepa==1.3.15
2025-08-21T19:34:46.4637158Z   Using cached keepa-1.3.15-py3-none-any.whl.metadata (11 kB)
2025-08-21T19:34:46.4890217Z Collecting minio==7.1.15
2025-08-21T19:34:46.4905225Z   Using cached minio-7.1.15-py3-none-any.whl.metadata (4.2 kB)
2025-08-21T19:34:46.4930777Z Requirement already satisfied: numpy>=1.9.3 in /opt/hostedtoolcache/Python/3.11.13/x64/lib/python3.11/site-packages (from keepa==1.3.15) (1.26.4)
2025-08-21T19:34:46.4935998Z Requirement already satisfied: requests>=2.2 in /opt/hostedtoolcache/Python/3.11.13/x64/lib/python3.11/site-packages (from keepa==1.3.15) (2.32.4)
2025-08-21T19:34:46.5222771Z Collecting tqdm (from keepa==1.3.15)
2025-08-21T19:34:46.5237407Z   Using cached tqdm-4.67.1-py3-none-any.whl.metadata (57 kB)
2025-08-21T19:34:46.9912362Z Collecting aiohttp (from keepa==1.3.15)
2025-08-21T19:34:46.9928491Z   Using cached aiohttp-3.12.15-cp311-cp311-manylinux_2_17_x86_64.manylinux2014_x86_64.whl.metadata (7.7 kB)
2025-08-21T19:34:46.9959158Z Requirement already satisfied: pandas<=3.0 in /opt/hostedtoolcache/Python/3.11.13/x64/lib/python3.11/site-packages (from keepa==1.3.15) (2.2.3)
2025-08-21T19:34:46.9964147Z Requirement already satisfied: pydantic in /opt/hostedtoolcache/Python/3.11.13/x64/lib/python3.11/site-packages (from keepa==1.3.15) (2.11.7)
2025-08-21T19:34:46.9972539Z Requirement already satisfied: certifi in /opt/hostedtoolcache/Python/3.11.13/x64/lib/python3.11/site-packages (from minio==7.1.15) (2025.8.3)
2025-08-21T19:34:46.9976417Z Requirement already satisfied: urllib3 in /opt/hostedtoolcache/Python/3.11.13/x64/lib/python3.11/site-packages (from minio==7.1.15) (2.5.0)
2025-08-21T19:34:47.0023834Z Requirement already satisfied: python-dateutil>=2.8.2 in /opt/hostedtoolcache/Python/3.11.13/x64/lib/python3.11/site-packages (from pandas<=3.0->keepa==1.3.15) (2.9.0.post0)
2025-08-21T19:34:47.0029024Z Requirement already satisfied: pytz>=2020.1 in /opt/hostedtoolcache/Python/3.11.13/x64/lib/python3.11/site-packages (from pandas<=3.0->keepa==1.3.15) (2025.2)
2025-08-21T19:34:47.0034546Z Requirement already satisfied: tzdata>=2022.7 in /opt/hostedtoolcache/Python/3.11.13/x64/lib/python3.11/site-packages (from pandas<=3.0->keepa==1.3.15) (2025.2)
2025-08-21T19:34:47.0145934Z Requirement already satisfied: six>=1.5 in /opt/hostedtoolcache/Python/3.11.13/x64/lib/python3.11/site-packages (from python-dateutil>=2.8.2->pandas<=3.0->keepa==1.3.15) (1.17.0)
2025-08-21T19:34:47.0163642Z Requirement already satisfied: charset_normalizer<4,>=2 in /opt/hostedtoolcache/Python/3.11.13/x64/lib/python3.11/site-packages (from requests>=2.2->keepa==1.3.15) (3.4.3)
2025-08-21T19:34:47.0169263Z Requirement already satisfied: idna<4,>=2.5 in /opt/hostedtoolcache/Python/3.11.13/x64/lib/python3.11/site-packages (from requests>=2.2->keepa==1.3.15) (3.10)
2025-08-21T19:34:47.0339054Z Collecting aiohappyeyeballs>=2.5.0 (from aiohttp->keepa==1.3.15)
2025-08-21T19:34:47.0353947Z   Using cached aiohappyeyeballs-2.6.1-py3-none-any.whl.metadata (5.9 kB)
2025-08-21T19:34:47.0425027Z Collecting aiosignal>=1.4.0 (from aiohttp->keepa==1.3.15)
2025-08-21T19:34:47.0438627Z   Using cached aiosignal-1.4.0-py3-none-any.whl.metadata (3.7 kB)
2025-08-21T19:34:47.0559462Z Collecting attrs>=17.3.0 (from aiohttp->keepa==1.3.15)
2025-08-21T19:34:47.0573421Z   Using cached attrs-25.3.0-py3-none-any.whl.metadata (10 kB)
2025-08-21T19:34:47.1192783Z Collecting frozenlist>=1.1.1 (from aiohttp->keepa==1.3.15)
2025-08-21T19:34:47.1209455Z   Using cached frozenlist-1.7.0-cp311-cp311-manylinux_2_5_x86_64.manylinux1_x86_64.manylinux_2_17_x86_64.manylinux2014_x86_64.whl.metadata (18 kB)
2025-08-21T19:34:47.3286551Z Collecting multidict<7.0,>=4.5 (from aiohttp->keepa==1.3.15)
2025-08-21T19:34:47.3302663Z   Using cached multidict-6.6.4-cp311-cp311-manylinux2014_x86_64.manylinux_2_17_x86_64.manylinux_2_28_x86_64.whl.metadata (5.3 kB)
2025-08-21T19:34:47.3682400Z Collecting propcache>=0.2.0 (from aiohttp->keepa==1.3.15)
2025-08-21T19:34:47.3697819Z   Using cached propcache-0.3.2-cp311-cp311-manylinux_2_17_x86_64.manylinux2014_x86_64.whl.metadata (12 kB)
2025-08-21T19:34:47.6176435Z Collecting yarl<2.0,>=1.17.0 (from aiohttp->keepa==1.3.15)
2025-08-21T19:34:47.6192160Z   Using cached yarl-1.20.1-cp311-cp311-manylinux_2_17_x86_64.manylinux2014_x86_64.whl.metadata (73 kB)
2025-08-21T19:34:47.6385008Z Requirement already satisfied: typing-extensions>=4.2 in /opt/hostedtoolcache/Python/3.11.13/x64/lib/python3.11/site-packages (from aiosignal>=1.4.0->aiohttp->keepa==1.3.15) (4.14.1)
2025-08-21T19:34:47.6429556Z Requirement already satisfied: annotated-types>=0.6.0 in /opt/hostedtoolcache/Python/3.11.13/x64/lib/python3.11/site-packages (from pydantic->keepa==1.3.15) (0.7.0)
2025-08-21T19:34:47.6435138Z Requirement already satisfied: pydantic-core==2.33.2 in /opt/hostedtoolcache/Python/3.11.13/x64/lib/python3.11/site-packages (from pydantic->keepa==1.3.15) (2.33.2)
2025-08-21T19:34:47.6442368Z Requirement already satisfied: typing-inspection>=0.4.0 in /opt/hostedtoolcache/Python/3.11.13/x64/lib/python3.11/site-packages (from pydantic->keepa==1.3.15) (0.4.1)
2025-08-21T19:34:47.6500216Z Using cached keepa-1.3.15-py3-none-any.whl (38 kB)
2025-08-21T19:34:47.6514143Z Using cached minio-7.1.15-py3-none-any.whl (77 kB)
2025-08-21T19:34:47.6528241Z Using cached aiohttp-3.12.15-cp311-cp311-manylinux_2_17_x86_64.manylinux2014_x86_64.whl (1.7 MB)
2025-08-21T19:34:47.6554198Z Using cached multidict-6.6.4-cp311-cp311-manylinux2014_x86_64.manylinux_2_17_x86_64.manylinux_2_28_x86_64.whl (246 kB)
2025-08-21T19:34:47.6568958Z Using cached yarl-1.20.1-cp311-cp311-manylinux_2_17_x86_64.manylinux2014_x86_64.whl (348 kB)
2025-08-21T19:34:47.6584804Z Using cached aiohappyeyeballs-2.6.1-py3-none-any.whl (15 kB)
2025-08-21T19:34:47.6598463Z Using cached aiosignal-1.4.0-py3-none-any.whl (7.5 kB)
2025-08-21T19:34:47.6611610Z Using cached attrs-25.3.0-py3-none-any.whl (63 kB)
2025-08-21T19:34:47.6625869Z Using cached frozenlist-1.7.0-cp311-cp311-manylinux_2_5_x86_64.manylinux1_x86_64.manylinux_2_17_x86_64.manylinux2014_x86_64.whl (235 kB)
2025-08-21T19:34:47.6640744Z Using cached propcache-0.3.2-cp311-cp311-manylinux_2_17_x86_64.manylinux2014_x86_64.whl (213 kB)
2025-08-21T19:34:47.6655026Z Using cached tqdm-4.67.1-py3-none-any.whl (78 kB)
2025-08-21T19:34:47.8162005Z Installing collected packages: tqdm, propcache, multidict, minio, frozenlist, attrs, aiohappyeyeballs, yarl, aiosignal, aiohttp, keepa
2025-08-21T19:34:47.8818134Z   Attempting uninstall: minio
2025-08-21T19:34:47.8851760Z     Found existing installation: minio 7.2.16
2025-08-21T19:34:47.8885038Z     Uninstalling minio-7.2.16:
2025-08-21T19:34:47.8894808Z       Successfully uninstalled minio-7.2.16
2025-08-21T19:34:48.2016525Z 
2025-08-21T19:34:48.2072262Z Successfully installed aiohappyeyeballs-2.6.1 aiohttp-3.12.15 aiosignal-1.4.0 attrs-25.3.0 frozenlist-1.7.0 keepa-1.3.15 minio-7.1.15 multidict-6.6.4 propcache-0.3.2 tqdm-4.67.1 yarl-1.20.1
2025-08-21T19:34:48.3743060Z ##[group]Run sudo apt-get update
2025-08-21T19:34:48.3743371Z [36;1msudo apt-get update[0m
2025-08-21T19:34:48.3743638Z [36;1msudo apt-get install -y postgresql[0m
2025-08-21T19:34:48.3744112Z [36;1mecho "/usr/lib/postgresql/$(pg_config --version | cut -d' ' -f2 | cut -d'.' -f1,2)/bin" >> $GITHUB_PATH[0m
2025-08-21T19:34:48.3784923Z shell: /usr/bin/bash -e {0}
2025-08-21T19:34:48.3785156Z env:
2025-08-21T19:34:48.3785329Z   PG_USER: postgres
2025-08-21T19:34:48.3785531Z   PG_PASSWORD: pass
2025-08-21T19:34:48.3785721Z   PG_DATABASE: awa
2025-08-21T19:34:48.3785908Z   PG_HOST: localhost
2025-08-21T19:34:48.3786097Z   PG_PORT: 5432
2025-08-21T19:34:48.3786690Z   PG_SYNC_DSN: ***localhost:5432/awa
2025-08-21T19:34:48.3787117Z   PG_ASYNC_DSN: ***localhost:5432/awa
2025-08-21T19:34:48.3787525Z   DATABASE_URL: ***localhost:5432/awa
2025-08-21T19:34:48.3787764Z   DATA_DIR: /tmp/awa-data
2025-08-21T19:34:48.3787967Z   ENABLE_LIVE: 0
2025-08-21T19:34:48.3788149Z   TESTING: 1
2025-08-21T19:34:48.3788425Z   pythonLocation: /opt/hostedtoolcache/Python/3.11.13/x64
2025-08-21T19:34:48.3788865Z   PKG_CONFIG_PATH: /opt/hostedtoolcache/Python/3.11.13/x64/lib/pkgconfig
2025-08-21T19:34:48.3789270Z   Python_ROOT_DIR: /opt/hostedtoolcache/Python/3.11.13/x64
2025-08-21T19:34:48.3789624Z   Python2_ROOT_DIR: /opt/hostedtoolcache/Python/3.11.13/x64
2025-08-21T19:34:48.3789976Z   Python3_ROOT_DIR: /opt/hostedtoolcache/Python/3.11.13/x64
2025-08-21T19:34:48.3790525Z   LD_LIBRARY_PATH: /opt/hostedtoolcache/Python/3.11.13/x64/lib
2025-08-21T19:34:48.3790827Z ##[endgroup]
2025-08-21T19:34:48.4524172Z Get:1 file:/etc/apt/apt-mirrors.txt Mirrorlist [144 B]
2025-08-21T19:34:48.4954071Z Hit:6 https://packages.microsoft.com/repos/azure-cli noble InRelease
2025-08-21T19:34:48.4957340Z Hit:2 http://azure.archive.ubuntu.com/ubuntu noble InRelease
2025-08-21T19:34:48.4961202Z Get:7 https://packages.microsoft.com/ubuntu/24.04/prod noble InRelease [3600 B]
2025-08-21T19:34:48.4983010Z Get:3 http://azure.archive.ubuntu.com/ubuntu noble-updates InRelease [126 kB]
2025-08-21T19:34:48.5031396Z Get:4 http://azure.archive.ubuntu.com/ubuntu noble-backports InRelease [126 kB]
2025-08-21T19:34:48.5058361Z Get:5 http://azure.archive.ubuntu.com/ubuntu noble-security InRelease [126 kB]
2025-08-21T19:34:48.7027042Z Get:8 http://azure.archive.ubuntu.com/ubuntu noble-updates/main amd64 Packages [1350 kB]
2025-08-21T19:34:48.7187009Z Get:9 http://azure.archive.ubuntu.com/ubuntu noble-updates/main Translation-en [268 kB]
2025-08-21T19:34:48.7203843Z Get:10 http://azure.archive.ubuntu.com/ubuntu noble-updates/main amd64 Components [175 kB]
2025-08-21T19:34:48.7222967Z Get:11 http://azure.archive.ubuntu.com/ubuntu noble-updates/universe amd64 Packages [1124 kB]
2025-08-21T19:34:48.7284237Z Get:12 http://azure.archive.ubuntu.com/ubuntu noble-updates/universe Translation-en [288 kB]
2025-08-21T19:34:48.7313429Z Get:13 http://azure.archive.ubuntu.com/ubuntu noble-updates/universe amd64 Components [377 kB]
2025-08-21T19:34:48.7342349Z Get:14 http://azure.archive.ubuntu.com/ubuntu noble-updates/restricted amd64 Packages [1723 kB]
2025-08-21T19:34:48.7446457Z Get:15 http://azure.archive.ubuntu.com/ubuntu noble-updates/restricted Translation-en [383 kB]
2025-08-21T19:34:48.7471940Z Get:16 http://azure.archive.ubuntu.com/ubuntu noble-updates/restricted amd64 Components [212 B]
2025-08-21T19:34:48.7482982Z Get:17 http://azure.archive.ubuntu.com/ubuntu noble-updates/multiverse amd64 Components [940 B]
2025-08-21T19:34:48.8032710Z Get:18 http://azure.archive.ubuntu.com/ubuntu noble-backports/main amd64 Components [7080 B]
2025-08-21T19:34:48.8077354Z Get:19 http://azure.archive.ubuntu.com/ubuntu noble-backports/universe amd64 Components [19.2 kB]
2025-08-21T19:34:48.8078653Z Get:20 http://azure.archive.ubuntu.com/ubuntu noble-backports/restricted amd64 Components [216 B]
2025-08-21T19:34:48.8079842Z Get:21 http://azure.archive.ubuntu.com/ubuntu noble-backports/multiverse amd64 Components [212 B]
2025-08-21T19:34:48.8101611Z Get:22 http://azure.archive.ubuntu.com/ubuntu noble-security/main amd64 Packages [1083 kB]
2025-08-21T19:34:48.8169558Z Get:23 http://azure.archive.ubuntu.com/ubuntu noble-security/main Translation-en [187 kB]
2025-08-21T19:34:48.8186885Z Get:24 http://azure.archive.ubuntu.com/ubuntu noble-security/main amd64 Components [21.6 kB]
2025-08-21T19:34:48.8202166Z Get:25 http://azure.archive.ubuntu.com/ubuntu noble-security/universe amd64 Packages [881 kB]
2025-08-21T19:34:48.8262079Z Get:26 http://azure.archive.ubuntu.com/ubuntu noble-security/universe Translation-en [195 kB]
2025-08-21T19:34:48.8280986Z Get:27 http://azure.archive.ubuntu.com/ubuntu noble-security/universe amd64 Components [52.2 kB]
2025-08-21T19:34:48.8297604Z Get:28 http://azure.archive.ubuntu.com/ubuntu noble-security/restricted amd64 Packages [1631 kB]
2025-08-21T19:34:48.8392893Z Get:29 http://azure.archive.ubuntu.com/ubuntu noble-security/restricted Translation-en [361 kB]
2025-08-21T19:34:48.8417265Z Get:30 http://azure.archive.ubuntu.com/ubuntu noble-security/restricted amd64 Components [212 B]
2025-08-21T19:34:48.8425656Z Get:31 http://azure.archive.ubuntu.com/ubuntu noble-security/multiverse amd64 Components [212 B]
2025-08-21T19:34:48.8576227Z Get:32 https://packages.microsoft.com/ubuntu/24.04/prod noble/main arm64 Packages [33.2 kB]
2025-08-21T19:34:49.1456232Z Get:33 https://packages.microsoft.com/ubuntu/24.04/prod noble/main amd64 Packages [48.6 kB]
2025-08-21T19:34:49.1909947Z Get:34 https://packages.microsoft.com/ubuntu/24.04/prod noble/main armhf Packages [9870 B]
2025-08-21T19:34:55.9023070Z Fetched 10.6 MB in 1s (8078 kB/s)
2025-08-21T19:34:56.5985388Z Reading package lists...
2025-08-21T19:34:56.6298315Z Reading package lists...
2025-08-21T19:34:56.7960850Z Building dependency tree...
2025-08-21T19:34:56.7968401Z Reading state information...
2025-08-21T19:34:56.9562988Z Suggested packages:
2025-08-21T19:34:56.9563317Z   postgresql-doc
2025-08-21T19:34:56.9718573Z The following NEW packages will be installed:
2025-08-21T19:34:56.9719218Z   postgresql
2025-08-21T19:34:56.9892751Z 0 upgraded, 1 newly installed, 0 to remove and 17 not upgraded.
2025-08-21T19:34:56.9893155Z Need to get 11.6 kB of archives.
2025-08-21T19:34:56.9893857Z After this operation, 17.4 kB of additional disk space will be used.
2025-08-21T19:34:56.9894524Z Get:1 file:/etc/apt/apt-mirrors.txt Mirrorlist [144 B]
2025-08-21T19:34:57.0840840Z Get:2 http://azure.archive.ubuntu.com/ubuntu noble-updates/main amd64 postgresql all 16+257build1.1 [11.6 kB]
2025-08-21T19:34:57.3355428Z Fetched 11.6 kB in 0s (110 kB/s)
2025-08-21T19:34:57.3576098Z Selecting previously unselected package postgresql.
2025-08-21T19:34:57.3818496Z (Reading database ... 
2025-08-21T19:34:57.3818938Z (Reading database ... 5%
2025-08-21T19:34:57.3819251Z (Reading database ... 10%
2025-08-21T19:34:57.3819478Z (Reading database ... 15%
2025-08-21T19:34:57.3819941Z (Reading database ... 20%
2025-08-21T19:34:57.3820800Z (Reading database ... 25%
2025-08-21T19:34:57.3821250Z (Reading database ... 30%
2025-08-21T19:34:57.3821522Z (Reading database ... 35%
2025-08-21T19:34:57.3821811Z (Reading database ... 40%
2025-08-21T19:34:57.3822172Z (Reading database ... 45%
2025-08-21T19:34:57.3822707Z (Reading database ... 50%
2025-08-21T19:34:57.4146545Z (Reading database ... 55%
2025-08-21T19:34:57.5573486Z (Reading database ... 60%
2025-08-21T19:34:57.7571240Z (Reading database ... 65%
2025-08-21T19:34:57.9502557Z (Reading database ... 70%
2025-08-21T19:34:58.1585930Z (Reading database ... 75%
2025-08-21T19:34:58.4040931Z (Reading database ... 80%
2025-08-21T19:34:58.6586731Z (Reading database ... 85%
2025-08-21T19:34:58.8990951Z (Reading database ... 90%
2025-08-21T19:34:59.1455868Z (Reading database ... 95%
2025-08-21T19:34:59.1456252Z (Reading database ... 100%
2025-08-21T19:34:59.1456675Z (Reading database ... 219830 files and directories currently installed.)
2025-08-21T19:34:59.1500223Z Preparing to unpack .../postgresql_16+257build1.1_all.deb ...
2025-08-21T19:34:59.1520076Z Unpacking postgresql (16+257build1.1) ...
2025-08-21T19:34:59.1881192Z Setting up postgresql (16+257build1.1) ...
2025-08-21T19:34:59.8714428Z 
2025-08-21T19:34:59.8714902Z Running kernel seems to be up-to-date.
2025-08-21T19:34:59.8715186Z 
2025-08-21T19:34:59.8715280Z Restarting services...
2025-08-21T19:34:59.8786404Z 
2025-08-21T19:34:59.8786654Z Service restarts being deferred:
2025-08-21T19:34:59.8789124Z  systemctl restart hosted-compute-agent.service
2025-08-21T19:34:59.8789469Z 
2025-08-21T19:34:59.8789822Z No containers need to be restarted.
2025-08-21T19:34:59.8790150Z 
2025-08-21T19:34:59.8790544Z No user sessions are running outdated binaries.
2025-08-21T19:34:59.8790884Z 
2025-08-21T19:34:59.8791206Z No VM guests are running outdated hypervisor (qemu) binaries on this host.
2025-08-21T19:35:00.8268749Z ##[group]Run pytest tests/migrations/test_migration_roundtrip.py -q -m integration --cov=services --cov-append --cov-fail-under=0 -o addopts=''
2025-08-21T19:35:00.8269698Z [36;1mpytest tests/migrations/test_migration_roundtrip.py -q -m integration --cov=services --cov-append --cov-fail-under=0 -o addopts=''[0m
2025-08-21T19:35:00.8310030Z shell: /usr/bin/bash -e {0}
2025-08-21T19:35:00.8310446Z env:
2025-08-21T19:35:00.8310625Z   PG_USER: postgres
2025-08-21T19:35:00.8310824Z   PG_PASSWORD: pass
2025-08-21T19:35:00.8311013Z   PG_DATABASE: awa
2025-08-21T19:35:00.8311197Z   PG_HOST: localhost
2025-08-21T19:35:00.8311388Z   PG_PORT: 5432
2025-08-21T19:35:00.8311879Z   PG_SYNC_DSN: ***localhost:5432/awa
2025-08-21T19:35:00.8312297Z   PG_ASYNC_DSN: ***localhost:5432/awa
2025-08-21T19:35:00.8312673Z   DATABASE_URL: ***localhost:5432/awa
2025-08-21T19:35:00.8312909Z   DATA_DIR: /tmp/awa-data
2025-08-21T19:35:00.8313112Z   ENABLE_LIVE: 0
2025-08-21T19:35:00.8313292Z   TESTING: 1
2025-08-21T19:35:00.8313557Z   pythonLocation: /opt/hostedtoolcache/Python/3.11.13/x64
2025-08-21T19:35:00.8313954Z   PKG_CONFIG_PATH: /opt/hostedtoolcache/Python/3.11.13/x64/lib/pkgconfig
2025-08-21T19:35:00.8314342Z   Python_ROOT_DIR: /opt/hostedtoolcache/Python/3.11.13/x64
2025-08-21T19:35:00.8314686Z   Python2_ROOT_DIR: /opt/hostedtoolcache/Python/3.11.13/x64
2025-08-21T19:35:00.8315033Z   Python3_ROOT_DIR: /opt/hostedtoolcache/Python/3.11.13/x64
2025-08-21T19:35:00.8315549Z   LD_LIBRARY_PATH: /opt/hostedtoolcache/Python/3.11.13/x64/lib
2025-08-21T19:35:00.8315847Z ##[endgroup]
2025-08-21T19:35:05.3483103Z s                                                                        [100%]
2025-08-21T19:35:05.3483738Z ================================ tests coverage ================================
2025-08-21T19:35:05.3484422Z _______________ coverage: platform linux, python 3.11.13-final-0 _______________
2025-08-21T19:35:05.3484853Z 
2025-08-21T19:35:05.3485076Z Name                                                       Stmts   Miss  Cover
2025-08-21T19:35:05.3485600Z ------------------------------------------------------------------------------
2025-08-21T19:35:05.3486173Z services/__init__.py                                           0      0   100%
2025-08-21T19:35:05.3486776Z services/alert_bot/__init__.py                                 0      0   100%
2025-08-21T19:35:05.3487441Z services/alert_bot/alert_bot.py                               22     22     0%
2025-08-21T19:35:05.3488127Z services/alert_bot/rules/__init__.py                          63     63     0%
2025-08-21T19:35:05.3488775Z services/api/__init__.py                                       0      0   100%
2025-08-21T19:35:05.3489385Z services/api/config.py                                        24     24     0%
2025-08-21T19:35:05.3489977Z services/api/db.py                                            16     16     0%
2025-08-21T19:35:05.3490876Z services/api/errors.py                                        39     39     0%
2025-08-21T19:35:05.3491522Z services/api/logging_config.py                                15     15     0%
2025-08-21T19:35:05.3492139Z services/api/main.py                                         123    123     0%
2025-08-21T19:35:05.3492753Z services/api/models/__init__.py                                0      0   100%
2025-08-21T19:35:05.3493384Z services/api/models/fee.py                                    11     11     0%
2025-08-21T19:35:05.3494041Z services/api/roi_repository.py                                21     21     0%
2025-08-21T19:35:05.3494706Z services/api/routes/__init__.py                                0      0   100%
2025-08-21T19:35:05.3495365Z services/api/routes/health.py                                 19     19     0%
2025-08-21T19:35:05.3496058Z services/api/routes/repository.py                             16     16     0%
2025-08-21T19:35:05.3496735Z services/api/routes/roi.py                                    77     77     0%
2025-08-21T19:35:05.3497695Z services/api/routes/score.py                                  56     56     0%
2025-08-21T19:35:05.3498419Z services/api/routes/stats.py                                  49     49     0%
2025-08-21T19:35:05.3499077Z services/api/security.py                                      10     10     0%
2025-08-21T19:35:05.3499724Z services/api/sentry_config.py                                 65     65     0%
2025-08-21T19:35:05.3500544Z services/common/__init__.py                                    4      0   100%
2025-08-21T19:35:05.3501158Z services/common/base.py                                        3      0   100%
2025-08-21T19:35:05.3501774Z services/common/config.py                                      4      4     0%
2025-08-21T19:35:05.3502382Z services/common/db.py                                         34     34     0%
2025-08-21T19:35:05.3502985Z services/common/db_url.py                                      4      4     0%
2025-08-21T19:35:05.3503589Z services/common/dsn.py                                        49     37    24%
2025-08-21T19:35:05.3504206Z services/common/keepa.py                                       7      4    43%
2025-08-21T19:35:05.3504809Z services/common/llm.py                                        65     65     0%
2025-08-21T19:35:05.3505427Z services/common/models_vendor.py                              24      0   100%
2025-08-21T19:35:05.3506083Z services/common/settings.py                                   20     20     0%
2025-08-21T19:35:05.3506906Z services/db/__init__.py                                        0      0   100%
2025-08-21T19:35:05.3507494Z services/db/utils/__init__.py                                  0      0   100%
2025-08-21T19:35:05.3508112Z services/db/utils/views.py                                     5      5     0%
2025-08-21T19:35:05.3508735Z services/emailer/__init__.py                                   4      4     0%
2025-08-21T19:35:05.3509398Z services/emailer/generate_body.py                              3      3     0%
2025-08-21T19:35:05.3510030Z services/etl/__init__.py                                       9      9     0%
2025-08-21T19:35:05.3510751Z services/etl/db.py                                             2      2     0%
2025-08-21T19:35:05.3511391Z services/etl/dialects/__init__.py                              9      9     0%
2025-08-21T19:35:05.3512095Z services/etl/dialects/amazon_ads_sp_cost.py                   31     31     0%
2025-08-21T19:35:05.3512821Z services/etl/dialects/amazon_fee_preview.py                   30     30     0%
2025-08-21T19:35:05.3513553Z services/etl/dialects/amazon_inventory_ledger.py              28     28     0%
2025-08-21T19:35:05.3514347Z services/etl/dialects/amazon_reimbursements.py                16     16     0%
2025-08-21T19:35:05.3515133Z services/etl/dialects/amazon_returns.py                       16     16     0%
2025-08-21T19:35:05.3515907Z services/etl/dialects/amazon_settlements.py                   27     27     0%
2025-08-21T19:35:05.3516643Z services/etl/dialects/schemas.py                              25     25     0%
2025-08-21T19:35:05.3517334Z services/etl/dialects/test_generic.py                         15     15     0%
2025-08-21T19:35:05.3518051Z services/etl/fba_fee_ingestor.py                              33     33     0%
2025-08-21T19:35:05.3518702Z services/etl/healthcheck.py                                   27     27     0%
2025-08-21T19:35:05.3519381Z services/etl/keepa_ingestor.py                                47     47     0%
2025-08-21T19:35:05.3520051Z services/etl/sp_fees_ingestor.py                              39     39     0%
2025-08-21T19:35:05.3520911Z services/fees_h10/__init__.py                                  0      0   100%
2025-08-21T19:35:05.3521545Z services/fees_h10/client.py                                   12     12     0%
2025-08-21T19:35:05.3522185Z services/fees_h10/repository.py                               39     39     0%
2025-08-21T19:35:05.3522824Z services/fees_h10/worker.py                                   47     47     0%
2025-08-21T19:35:05.3523639Z services/ingest/__init__.py                                    0      0   100%
2025-08-21T19:35:05.3524287Z services/ingest/celery_app.py                                 29     29     0%
2025-08-21T19:35:05.3524943Z services/ingest/copy_loader.py                                57     57     0%
2025-08-21T19:35:05.3525613Z services/ingest/email_watcher.py                              50     50     0%
2025-08-21T19:35:05.3526318Z services/ingest/healthcheck.py                                40     40     0%
2025-08-21T19:35:05.3527026Z services/ingest/ingest_router.py                               8      8     0%
2025-08-21T19:35:05.3527713Z services/ingest/maintenance.py                                31     31     0%
2025-08-21T19:35:05.3528381Z services/ingest/tasks.py                                      56     56     0%
2025-08-21T19:35:05.3529039Z services/ingest/upload_router.py                              22     22     0%
2025-08-21T19:35:05.3529704Z services/llm_server/__init__.py                                0      0   100%
2025-08-21T19:35:05.3530512Z services/llm_server/app.py                                    22     22     0%
2025-08-21T19:35:05.3531166Z services/logistics_etl/__init__.py                             0      0   100%
2025-08-21T19:35:05.3531823Z services/logistics_etl/__main__.py                             7      7     0%
2025-08-21T19:35:05.3532468Z services/logistics_etl/client.py                              20     20     0%
2025-08-21T19:35:05.3533318Z services/logistics_etl/cron.py                                11     11     0%
2025-08-21T19:35:05.3533985Z services/logistics_etl/db.py                                  13     13     0%
2025-08-21T19:35:05.3534628Z services/logistics_etl/dsn.py                                 33     33     0%
2025-08-21T19:35:05.3535261Z services/logistics_etl/flow.py                                14     14     0%
2025-08-21T19:35:05.3535956Z services/logistics_etl/repository.py                          50     50     0%
2025-08-21T19:35:05.3536680Z services/price_importer/__init__.py                            1      1     0%
2025-08-21T19:35:05.3537396Z services/price_importer/common/__init__.py                     2      2     0%
2025-08-21T19:35:05.3538196Z services/price_importer/common/base.py                         2      2     0%
2025-08-21T19:35:05.3538927Z services/price_importer/common/db_url.py                       6      6     0%
2025-08-21T19:35:05.3539666Z services/price_importer/common/models_vendor.py               22     22     0%
2025-08-21T19:35:05.3540539Z services/price_importer/import.py                             21     21     0%
2025-08-21T19:35:05.3541254Z services/price_importer/normaliser.py                         20     20     0%
2025-08-21T19:35:05.3541953Z services/price_importer/reader.py                             30     30     0%
2025-08-21T19:35:05.3542659Z services/price_importer/repository.py                         38     38     0%
2025-08-21T19:35:05.3543377Z services/price_importer/services_common/__init__.py            4      4     0%
2025-08-21T19:35:05.3544101Z services/price_importer/services_common/base.py                3      3     0%
2025-08-21T19:35:05.3544824Z services/price_importer/services_common/db.py                 34     34     0%
2025-08-21T19:35:05.3545547Z services/price_importer/services_common/db_url.py              4      4     0%
2025-08-21T19:35:05.3546261Z services/price_importer/services_common/dsn.py                27     27     0%
2025-08-21T19:35:05.3546999Z services/price_importer/services_common/keepa.py               7      7     0%
2025-08-21T19:35:05.3547717Z services/price_importer/services_common/llm.py                36     36     0%
2025-08-21T19:35:05.3548438Z services/price_importer/services_common/models_vendor.py      22     22     0%
2025-08-21T19:35:05.3549159Z services/price_importer/services_common/settings.py           19     19     0%
2025-08-21T19:35:05.3549857Z services/repricer/__init__.py                                  0      0   100%
2025-08-21T19:35:05.3550794Z services/repricer/app/__init__.py                              0      0   100%
2025-08-21T19:35:05.3551452Z services/repricer/app/deps.py                                  0      0   100%
2025-08-21T19:35:05.3552134Z services/repricer/app/logic.py                                 5      5     0%
2025-08-21T19:35:05.3552781Z services/repricer/app/main.py                                 20     20     0%
2025-08-21T19:35:05.3553432Z services/repricer/app/schemas.py                              10     10     0%
2025-08-21T19:35:05.3554031Z ------------------------------------------------------------------------------
2025-08-21T19:35:05.3554513Z TOTAL                                                       2100   2054     2%
2025-08-21T19:35:05.4612917Z 1 skipped in 0.46s
2025-08-21T19:35:05.5986327Z ##[group]Run actions/upload-artifact@v4
2025-08-21T19:35:05.5986660Z with:
2025-08-21T19:35:05.5987075Z   name: coverage.integration
2025-08-21T19:35:05.5987400Z   path: .coverage
2025-08-21T19:35:05.5987741Z   if-no-files-found: warn
2025-08-21T19:35:05.5988069Z   compression-level: 6
2025-08-21T19:35:05.5988363Z   overwrite: false
2025-08-21T19:35:05.5988692Z   include-hidden-files: false
2025-08-21T19:35:05.5989032Z env:
2025-08-21T19:35:05.5989296Z   PG_USER: postgres
2025-08-21T19:35:05.5989652Z   PG_PASSWORD: pass
2025-08-21T19:35:05.5989939Z   PG_DATABASE: awa
2025-08-21T19:35:05.5990234Z   PG_HOST: localhost
2025-08-21T19:35:05.5990813Z   PG_PORT: 5432
2025-08-21T19:35:05.5991643Z   PG_SYNC_DSN: ***localhost:5432/awa
2025-08-21T19:35:05.5992239Z   PG_ASYNC_DSN: ***localhost:5432/awa
2025-08-21T19:35:05.5992796Z   DATABASE_URL: ***localhost:5432/awa
2025-08-21T19:35:05.5993179Z   DATA_DIR: /tmp/awa-data
2025-08-21T19:35:05.5993467Z   ENABLE_LIVE: 0
2025-08-21T19:35:05.5993825Z   TESTING: 1
2025-08-21T19:35:05.5994238Z   pythonLocation: /opt/hostedtoolcache/Python/3.11.13/x64
2025-08-21T19:35:05.5994770Z   PKG_CONFIG_PATH: /opt/hostedtoolcache/Python/3.11.13/x64/lib/pkgconfig
2025-08-21T19:35:05.5995308Z   Python_ROOT_DIR: /opt/hostedtoolcache/Python/3.11.13/x64
2025-08-21T19:35:05.5995794Z   Python2_ROOT_DIR: /opt/hostedtoolcache/Python/3.11.13/x64
2025-08-21T19:35:05.5996241Z   Python3_ROOT_DIR: /opt/hostedtoolcache/Python/3.11.13/x64
2025-08-21T19:35:05.5996736Z   LD_LIBRARY_PATH: /opt/hostedtoolcache/Python/3.11.13/x64/lib
2025-08-21T19:35:05.5997158Z ##[endgroup]
2025-08-21T19:35:05.8166339Z ##[warning]No files were found with the provided path: .coverage. No artifacts will be uploaded.
2025-08-21T19:35:05.8806107Z Post job cleanup.
2025-08-21T19:35:06.0062328Z Cache hit occurred on the primary key Linux-int-cc13ccef493b9f3a93ad5651164d9fb09282c1111f6f72ce20e0657de16de6b4, not saving cache.
2025-08-21T19:35:06.0140935Z Post job cleanup.
2025-08-21T19:35:06.1632532Z Cache hit occurred on the primary key setup-python-Linux-x64-24.04-Ubuntu-python-3.11.13-pip-cc13ccef493b9f3a93ad5651164d9fb09282c1111f6f72ce20e0657de16de6b4, not saving cache.
2025-08-21T19:35:06.1726878Z Post job cleanup.
2025-08-21T19:35:06.2539881Z [command]/usr/bin/git version
2025-08-21T19:35:06.2584209Z git version 2.51.0
2025-08-21T19:35:06.2624664Z Temporarily overriding HOME='/home/runner/work/_temp/24ddee3b-42e9-4428-8153-e834b00374cf' before making global git config changes
2025-08-21T19:35:06.2626912Z Adding repository directory to the temporary git global config as a safe directory
2025-08-21T19:35:06.2631180Z [command]/usr/bin/git config --global --add safe.directory /home/runner/work/AWA-App/AWA-App
2025-08-21T19:35:06.2671502Z [command]/usr/bin/git config --local --name-only --get-regexp core\.sshCommand
2025-08-21T19:35:06.2707299Z [command]/usr/bin/git submodule foreach --recursive sh -c "git config --local --name-only --get-regexp 'core\.sshCommand' && git config --local --unset-all 'core.sshCommand' || :"
2025-08-21T19:35:06.2964970Z [command]/usr/bin/git config --local --name-only --get-regexp http\.https\:\/\/github\.com\/\.extraheader
2025-08-21T19:35:06.2990988Z http.https://github.com/.extraheader
2025-08-21T19:35:06.3003928Z [command]/usr/bin/git config --local --unset-all http.https://github.com/.extraheader
2025-08-21T19:35:06.3043359Z [command]/usr/bin/git submodule foreach --recursive sh -c "git config --local --name-only --get-regexp 'http\.https\:\/\/github\.com\/\.extraheader' && git config --local --unset-all 'http.https://github.com/.extraheader' || :"
2025-08-21T19:35:06.3375157Z Print service container logs: 3cd02cfa54034e9eb2984bb8547e2d76_postgres15_72a62c
2025-08-21T19:35:06.3381277Z ##[command]/usr/bin/docker logs --details a85ed265e01fe3fe3b2a360c8e6a078af7f9f0ae35c3fb13a9982fec4ce77815
2025-08-21T19:35:06.4108111Z  The files belonging to this database system will be owned by user "postgres".
2025-08-21T19:35:06.4110818Z  initdb: warning: enabling "trust" authentication for local connections
2025-08-21T19:35:06.4111983Z  initdb: hint: You can change this by editing pg_hba.conf or using the option -A, or --auth-local and --auth-host, the next time you run initdb.
2025-08-21T19:35:06.4112943Z  This user must also own the server process.
2025-08-21T19:35:06.4113949Z  2025-08-21 19:33:55.250 UTC [1] LOG:  starting PostgreSQL 15.14 (Debian 15.14-1.pgdg13+1) on x86_64-pc-linux-gnu, compiled by gcc (Debian 14.2.0-19) 14.2.0, 64-bit
2025-08-21T19:35:06.4115020Z  2025-08-21 19:33:55.250 UTC [1] LOG:  listening on IPv4 address "0.0.0.0", port 5432
2025-08-21T19:35:06.4115617Z  2025-08-21 19:33:55.250 UTC [1] LOG:  listening on IPv6 address "::", port 5432
2025-08-21T19:35:06.4116414Z  2025-08-21 19:33:55.251 UTC [1] LOG:  listening on Unix socket "/var/run/postgresql/.s.PGSQL.5432"
2025-08-21T19:35:06.4116946Z  2025-08-21 19:33:55.254 UTC [64] LOG:  database system was shut down at 2025-08-21 19:33:55 UTC
2025-08-21T19:35:06.4117402Z  2025-08-21 19:33:55.258 UTC [1] LOG:  database system is ready to accept connections
2025-08-21T19:35:06.4117730Z  
2025-08-21T19:35:06.4117995Z  The database cluster will be initialized with locale "en_US.utf8".
2025-08-21T19:35:06.4118411Z  The default database encoding has accordingly been set to "UTF8".
2025-08-21T19:35:06.4118807Z  The default text search configuration will be set to "english".
2025-08-21T19:35:06.4119105Z  
2025-08-21T19:35:06.4119282Z  Data page checksums are disabled.
2025-08-21T19:35:06.4119509Z  
2025-08-21T19:35:06.4119784Z  fixing permissions on existing directory /var/lib/postgresql/data ... ok
2025-08-21T19:35:06.4120153Z  creating subdirectories ... ok
2025-08-21T19:35:06.4120768Z  selecting dynamic shared memory implementation ... posix
2025-08-21T19:35:06.4121096Z  selecting default max_connections ... 100
2025-08-21T19:35:06.4121371Z  selecting default shared_buffers ... 128MB
2025-08-21T19:35:06.4121637Z  selecting default time zone ... Etc/UTC
2025-08-21T19:35:06.4121898Z  creating configuration files ... ok
2025-08-21T19:35:06.4122158Z  running bootstrap script ... ok
2025-08-21T19:35:06.4122436Z  performing post-bootstrap initialization ... ok
2025-08-21T19:35:06.4122725Z  syncing data to disk ... ok
2025-08-21T19:35:06.4122933Z  
2025-08-21T19:35:06.4123083Z  
2025-08-21T19:35:06.4123287Z  Success. You can now start the database server using:
2025-08-21T19:35:06.4123566Z  
2025-08-21T19:35:06.4123839Z      pg_ctl -D /var/lib/postgresql/data -l logfile start
2025-08-21T19:35:06.4124501Z  
2025-08-21T19:35:06.4125328Z  waiting for server to start....2025-08-21 19:33:54.945 UTC [48] LOG:  starting PostgreSQL 15.14 (Debian 15.14-1.pgdg13+1) on x86_64-pc-linux-gnu, compiled by gcc (Debian 14.2.0-19) 14.2.0, 64-bit
2025-08-21T19:35:06.4126126Z  2025-08-21 19:33:54.946 UTC [48] LOG:  listening on Unix socket "/var/run/postgresql/.s.PGSQL.5432"
2025-08-21T19:35:06.4126631Z  2025-08-21 19:33:54.949 UTC [51] LOG:  database system was shut down at 2025-08-21 19:33:54 UTC
2025-08-21T19:35:06.4127096Z  2025-08-21 19:33:54.952 UTC [48] LOG:  database system is ready to accept connections
2025-08-21T19:35:06.4127418Z   done
2025-08-21T19:35:06.4127587Z  server started
2025-08-21T19:35:06.4127769Z  CREATE DATABASE
2025-08-21T19:35:06.4127938Z  
2025-08-21T19:35:06.4128085Z  
2025-08-21T19:35:06.4128383Z  /usr/local/bin/docker-entrypoint.sh: ignoring /docker-entrypoint-initdb.d/*
2025-08-21T19:35:06.4128750Z  
2025-08-21T19:35:06.4128974Z  2025-08-21 19:33:55.131 UTC [48] LOG:  received fast shutdown request
2025-08-21T19:35:06.4129662Z  waiting for server to shut down....2025-08-21 19:33:55.132 UTC [48] LOG:  aborting any active transactions
2025-08-21T19:35:06.4130481Z  2025-08-21 19:33:55.134 UTC [48] LOG:  background worker "logical replication launcher" (PID 54) exited with exit code 1
2025-08-21T19:35:06.4130969Z  2025-08-21 19:33:55.134 UTC [49] LOG:  shutting down
2025-08-21T19:35:06.4131317Z  2025-08-21 19:33:55.134 UTC [49] LOG:  checkpoint starting: shutdown immediate
2025-08-21T19:35:06.4132154Z  2025-08-21 19:33:55.151 UTC [49] LOG:  checkpoint complete: wrote 922 buffers (5.6%); 0 WAL file(s) added, 0 removed, 0 recycled; write=0.014 s, sync=0.002 s, total=0.017 s; sync files=301, longest=0.001 s, average=0.001 s; distance=4239 kB, estimate=4239 kB
2025-08-21T19:35:06.4132974Z  2025-08-21 19:33:55.157 UTC [48] LOG:  database system is shut down
2025-08-21T19:35:06.4133260Z   done
2025-08-21T19:35:06.4133418Z  server stopped
2025-08-21T19:35:06.4133595Z  
2025-08-21T19:35:06.4133812Z  PostgreSQL init process complete; ready for start up.
2025-08-21T19:35:06.4134086Z  
2025-08-21T19:35:06.4139683Z Stop and remove container: 3cd02cfa54034e9eb2984bb8547e2d76_postgres15_72a62c
2025-08-21T19:35:06.4145323Z ##[command]/usr/bin/docker rm --force a85ed265e01fe3fe3b2a360c8e6a078af7f9f0ae35c3fb13a9982fec4ce77815
2025-08-21T19:35:07.4183003Z a85ed265e01fe3fe3b2a360c8e6a078af7f9f0ae35c3fb13a9982fec4ce77815
2025-08-21T19:35:07.4209925Z Remove container network: github_network_694aa72005914ed995ca4093fc1b0db5
2025-08-21T19:35:07.4214372Z ##[command]/usr/bin/docker network rm github_network_694aa72005914ed995ca4093fc1b0db5
2025-08-21T19:35:07.5485366Z github_network_694aa72005914ed995ca4093fc1b0db5
2025-08-21T19:35:07.5542524Z Cleaning up orphan processes
