2025-08-20T01:03:37.3042911Z Current runner version: '2.327.1'
2025-08-20T01:03:37.3067620Z ##[group]Runner Image Provisioner
2025-08-20T01:03:37.3068399Z Hosted Compute Agent
2025-08-20T01:03:37.3069046Z Version: 20250818.377
2025-08-20T01:03:37.3069618Z Commit: 3c593e9f75fe0b87e893bca80d6e12ba089c61fc
2025-08-20T01:03:37.3070291Z Build Date: 2025-08-18T14:52:18Z
2025-08-20T01:03:37.3070927Z ##[endgroup]
2025-08-20T01:03:37.3071453Z ##[group]Operating System
2025-08-20T01:03:37.3072008Z Ubuntu
2025-08-20T01:03:37.3072487Z 24.04.2
2025-08-20T01:03:37.3073160Z LTS
2025-08-20T01:03:37.3073590Z ##[endgroup]
2025-08-20T01:03:37.3074128Z ##[group]Runner Image
2025-08-20T01:03:37.3074697Z Image: ubuntu-24.04
2025-08-20T01:03:37.3075209Z Version: 20250810.1.0
2025-08-20T01:03:37.3076233Z Included Software: https://github.com/actions/runner-images/blob/ubuntu24/20250810.1/images/ubuntu/Ubuntu2404-Readme.md
2025-08-20T01:03:37.3077743Z Image Release: https://github.com/actions/runner-images/releases/tag/ubuntu24%2F20250810.1
2025-08-20T01:03:37.3079098Z ##[endgroup]
2025-08-20T01:03:37.3081519Z ##[group]GITHUB_TOKEN Permissions
2025-08-20T01:03:37.3083885Z Actions: write
2025-08-20T01:03:37.3084543Z Attestations: write
2025-08-20T01:03:37.3085023Z Checks: write
2025-08-20T01:03:37.3085503Z Contents: write
2025-08-20T01:03:37.3086054Z Deployments: write
2025-08-20T01:03:37.3086595Z Discussions: write
2025-08-20T01:03:37.3087121Z Issues: write
2025-08-20T01:03:37.3087641Z Metadata: read
2025-08-20T01:03:37.3088135Z Models: read
2025-08-20T01:03:37.3088600Z Packages: write
2025-08-20T01:03:37.3089156Z Pages: write
2025-08-20T01:03:37.3089626Z PullRequests: write
2025-08-20T01:03:37.3090198Z RepositoryProjects: write
2025-08-20T01:03:37.3090759Z SecurityEvents: write
2025-08-20T01:03:37.3091394Z Statuses: write
2025-08-20T01:03:37.3091906Z ##[endgroup]
2025-08-20T01:03:37.3094307Z Secret source: Actions
2025-08-20T01:03:37.3095290Z Prepare workflow directory
2025-08-20T01:03:37.3513705Z Prepare all required actions
2025-08-20T01:03:37.3551767Z Getting action download info
2025-08-20T01:03:37.8136136Z Download action repository 'actions/checkout@v4' (SHA:08eba0b27e820071cde6df949e0beb9ba4906955)
2025-08-20T01:03:38.3592533Z Download action repository 'actions/setup-python@v5' (SHA:a26af69be951a213d495a4c3e4e4022e16d87065)
2025-08-20T01:03:38.9596135Z Download action repository 'actions/cache@v4' (SHA:0400d5f644dc74513175e3cd8d07132dd4860809)
2025-08-20T01:03:39.6392982Z Download action repository 'actions/upload-artifact@v4' (SHA:ea165f8d65b6e75b540449e92b4886f43607fa02)
2025-08-20T01:03:39.8610812Z Complete job name: integration-db
2025-08-20T01:03:39.9145653Z ##[group]Checking docker version
2025-08-20T01:03:39.9160011Z ##[command]/usr/bin/docker version --format '{{.Server.APIVersion}}'
2025-08-20T01:03:39.9964681Z '1.48'
2025-08-20T01:03:39.9978302Z Docker daemon API version: '1.48'
2025-08-20T01:03:39.9979552Z ##[command]/usr/bin/docker version --format '{{.Client.APIVersion}}'
2025-08-20T01:03:40.0138877Z '1.48'
2025-08-20T01:03:40.0153473Z Docker client API version: '1.48'
2025-08-20T01:03:40.0159596Z ##[endgroup]
2025-08-20T01:03:40.0162980Z ##[group]Clean up resources from previous jobs
2025-08-20T01:03:40.0169562Z ##[command]/usr/bin/docker ps --all --quiet --no-trunc --filter "label=ecfe7e"
2025-08-20T01:03:40.0320281Z ##[command]/usr/bin/docker network prune --force --filter "label=ecfe7e"
2025-08-20T01:03:40.0456862Z ##[endgroup]
2025-08-20T01:03:40.0457677Z ##[group]Create local container network
2025-08-20T01:03:40.0469421Z ##[command]/usr/bin/docker network create --label ecfe7e github_network_899b70ba945246cd9f70a20b79c72614
2025-08-20T01:03:40.1004387Z 4276293eb425836248422556449e772c9935b0091bb0db45314205cf694ec95c
2025-08-20T01:03:40.1024505Z ##[endgroup]
2025-08-20T01:03:40.1050724Z ##[group]Starting postgres service container
2025-08-20T01:03:40.1071901Z ##[command]/usr/bin/docker pull postgres:15
2025-08-20T01:03:41.1510553Z 15: Pulling from library/postgres
2025-08-20T01:03:41.4067984Z 396b1da7636e: Pulling fs layer
2025-08-20T01:03:41.4068880Z fca2566eba32: Pulling fs layer
2025-08-20T01:03:41.4069232Z 631fe8c6d606: Pulling fs layer
2025-08-20T01:03:41.4069535Z 77c7671c4414: Pulling fs layer
2025-08-20T01:03:41.4069964Z 2d9e29180a27: Pulling fs layer
2025-08-20T01:03:41.4070375Z c6bcc2c9a041: Pulling fs layer
2025-08-20T01:03:41.4070786Z ac4b721eb66f: Pulling fs layer
2025-08-20T01:03:41.4071203Z 606bd164980e: Pulling fs layer
2025-08-20T01:03:41.4071682Z f5dfd246bc6e: Pulling fs layer
2025-08-20T01:03:41.4072030Z ba7036bb0a60: Pulling fs layer
2025-08-20T01:03:41.4072373Z 799f859abbbd: Pulling fs layer
2025-08-20T01:03:41.4072669Z d903e777080c: Pulling fs layer
2025-08-20T01:03:41.4073251Z 04adcb462801: Pulling fs layer
2025-08-20T01:03:41.4073689Z 5c10925b29ff: Pulling fs layer
2025-08-20T01:03:41.4074106Z 606bd164980e: Waiting
2025-08-20T01:03:41.4074485Z f5dfd246bc6e: Waiting
2025-08-20T01:03:41.4074793Z ba7036bb0a60: Waiting
2025-08-20T01:03:41.4075107Z 799f859abbbd: Waiting
2025-08-20T01:03:41.4075315Z d903e777080c: Waiting
2025-08-20T01:03:41.4075506Z 04adcb462801: Waiting
2025-08-20T01:03:41.4075781Z 5c10925b29ff: Waiting
2025-08-20T01:03:41.4076008Z 77c7671c4414: Waiting
2025-08-20T01:03:41.4076171Z 2d9e29180a27: Waiting
2025-08-20T01:03:41.4076339Z c6bcc2c9a041: Waiting
2025-08-20T01:03:41.4076506Z ac4b721eb66f: Waiting
2025-08-20T01:03:41.6827081Z fca2566eba32: Verifying Checksum
2025-08-20T01:03:41.6827625Z fca2566eba32: Download complete
2025-08-20T01:03:41.9097477Z 396b1da7636e: Verifying Checksum
2025-08-20T01:03:41.9098797Z 396b1da7636e: Download complete
2025-08-20T01:03:41.9637417Z 631fe8c6d606: Verifying Checksum
2025-08-20T01:03:41.9638884Z 631fe8c6d606: Download complete
2025-08-20T01:03:42.0384733Z 77c7671c4414: Verifying Checksum
2025-08-20T01:03:42.0387773Z 77c7671c4414: Download complete
2025-08-20T01:03:42.2636737Z 2d9e29180a27: Download complete
2025-08-20T01:03:42.3250154Z ac4b721eb66f: Verifying Checksum
2025-08-20T01:03:42.3250689Z ac4b721eb66f: Download complete
2025-08-20T01:03:42.3390009Z c6bcc2c9a041: Verifying Checksum
2025-08-20T01:03:42.3391168Z c6bcc2c9a041: Download complete
2025-08-20T01:03:42.5446413Z 606bd164980e: Verifying Checksum
2025-08-20T01:03:42.5449517Z 606bd164980e: Download complete
2025-08-20T01:03:42.6055276Z ba7036bb0a60: Verifying Checksum
2025-08-20T01:03:42.6056261Z ba7036bb0a60: Download complete
2025-08-20T01:03:42.8147694Z 799f859abbbd: Verifying Checksum
2025-08-20T01:03:42.8148494Z 799f859abbbd: Download complete
2025-08-20T01:03:42.8585727Z 396b1da7636e: Pull complete
2025-08-20T01:03:42.9245829Z d903e777080c: Verifying Checksum
2025-08-20T01:03:42.9246811Z d903e777080c: Download complete
2025-08-20T01:03:42.9380861Z fca2566eba32: Pull complete
2025-08-20T01:03:43.0965454Z 04adcb462801: Verifying Checksum
2025-08-20T01:03:43.0965954Z 04adcb462801: Download complete
2025-08-20T01:03:43.1191730Z 631fe8c6d606: Pull complete
2025-08-20T01:03:43.1676057Z 77c7671c4414: Pull complete
2025-08-20T01:03:43.1810246Z 5c10925b29ff: Download complete
2025-08-20T01:03:43.4988612Z 2d9e29180a27: Pull complete
2025-08-20T01:03:43.5936454Z c6bcc2c9a041: Pull complete
2025-08-20T01:03:43.6049326Z ac4b721eb66f: Pull complete
2025-08-20T01:03:43.6166202Z 606bd164980e: Pull complete
2025-08-20T01:03:44.3787829Z f5dfd246bc6e: Verifying Checksum
2025-08-20T01:03:44.3788432Z f5dfd246bc6e: Download complete
2025-08-20T01:03:47.3339067Z f5dfd246bc6e: Pull complete
2025-08-20T01:03:47.3493088Z ba7036bb0a60: Pull complete
2025-08-20T01:03:47.3617570Z 799f859abbbd: Pull complete
2025-08-20T01:03:47.3728357Z d903e777080c: Pull complete
2025-08-20T01:03:47.3839411Z 04adcb462801: Pull complete
2025-08-20T01:03:47.3944139Z 5c10925b29ff: Pull complete
2025-08-20T01:03:47.4027742Z Digest: sha256:bc51cf4f1fe02cce7ed2370b20128a9b00b4eb804573a77d2a0d877aaa9c82b1
2025-08-20T01:03:47.4041270Z Status: Downloaded newer image for postgres:15
2025-08-20T01:03:47.4051090Z docker.io/library/postgres:15
2025-08-20T01:03:47.4111059Z ##[command]/usr/bin/docker create --name fe0d73e33b484cbaad40fc94650898e6_postgres15_1c3671 --label ecfe7e --network github_network_899b70ba945246cd9f70a20b79c72614 --network-alias postgres -p 5432:5432 --health-cmd="pg_isready -U postgres -d awa" --health-interval=5s --health-timeout=5s --health-retries=10 -e "POSTGRES_USER=postgres" -e "POSTGRES_PASSWORD=pass" -e "POSTGRES_DB=awa" -e GITHUB_ACTIONS=true -e CI=true postgres:15
2025-08-20T01:03:47.4367676Z 5bef8086148bddab6f0888ed9a6b3fdf4fec9249dd2d266093e8ed1ab26bcd49
2025-08-20T01:03:47.4392043Z ##[command]/usr/bin/docker start 5bef8086148bddab6f0888ed9a6b3fdf4fec9249dd2d266093e8ed1ab26bcd49
2025-08-20T01:03:47.7333050Z 5bef8086148bddab6f0888ed9a6b3fdf4fec9249dd2d266093e8ed1ab26bcd49
2025-08-20T01:03:47.7357864Z ##[command]/usr/bin/docker ps --all --filter id=5bef8086148bddab6f0888ed9a6b3fdf4fec9249dd2d266093e8ed1ab26bcd49 --filter status=running --no-trunc --format "{{.ID}} {{.Status}}"
2025-08-20T01:03:47.7488936Z 5bef8086148bddab6f0888ed9a6b3fdf4fec9249dd2d266093e8ed1ab26bcd49 Up Less than a second (health: starting)
2025-08-20T01:03:47.7510960Z ##[command]/usr/bin/docker port 5bef8086148bddab6f0888ed9a6b3fdf4fec9249dd2d266093e8ed1ab26bcd49
2025-08-20T01:03:47.7641005Z 5432/tcp -> 0.0.0.0:5432
2025-08-20T01:03:47.7641707Z 5432/tcp -> [::]:5432
2025-08-20T01:03:47.7690197Z ##[endgroup]
2025-08-20T01:03:47.7699233Z ##[group]Waiting for all services to be ready
2025-08-20T01:03:47.7713380Z ##[command]/usr/bin/docker inspect --format="{{if .Config.Healthcheck}}{{print .State.Health.Status}}{{end}}" 5bef8086148bddab6f0888ed9a6b3fdf4fec9249dd2d266093e8ed1ab26bcd49
2025-08-20T01:03:47.7851331Z starting
2025-08-20T01:03:47.7897756Z postgres service is starting, waiting 2 seconds before checking again.
2025-08-20T01:03:49.7900667Z ##[command]/usr/bin/docker inspect --format="{{if .Config.Healthcheck}}{{print .State.Health.Status}}{{end}}" 5bef8086148bddab6f0888ed9a6b3fdf4fec9249dd2d266093e8ed1ab26bcd49
2025-08-20T01:03:49.8021368Z starting
2025-08-20T01:03:49.8035785Z postgres service is starting, waiting 4 seconds before checking again.
2025-08-20T01:03:53.8774354Z ##[command]/usr/bin/docker inspect --format="{{if .Config.Healthcheck}}{{print .State.Health.Status}}{{end}}" 5bef8086148bddab6f0888ed9a6b3fdf4fec9249dd2d266093e8ed1ab26bcd49
2025-08-20T01:03:53.8894740Z healthy
2025-08-20T01:03:53.8912415Z postgres service is healthy.
2025-08-20T01:03:53.8913293Z ##[endgroup]
2025-08-20T01:03:53.9150458Z ##[group]Run actions/checkout@v4
2025-08-20T01:03:53.9150979Z with:
2025-08-20T01:03:53.9151153Z   fetch-depth: 0
2025-08-20T01:03:53.9151364Z   repository: AlexBomber12/AWA-App
2025-08-20T01:03:53.9151720Z   token: ***
2025-08-20T01:03:53.9151905Z   ssh-strict: true
2025-08-20T01:03:53.9152088Z   ssh-user: git
2025-08-20T01:03:53.9152265Z   persist-credentials: true
2025-08-20T01:03:53.9152474Z   clean: true
2025-08-20T01:03:53.9152658Z   sparse-checkout-cone-mode: true
2025-08-20T01:03:53.9153129Z   fetch-tags: false
2025-08-20T01:03:53.9153312Z   show-progress: true
2025-08-20T01:03:53.9153492Z   lfs: false
2025-08-20T01:03:53.9153648Z   submodules: false
2025-08-20T01:03:53.9153845Z   set-safe-directory: true
2025-08-20T01:03:53.9154289Z ##[endgroup]
2025-08-20T01:03:54.0292370Z Syncing repository: AlexBomber12/AWA-App
2025-08-20T01:03:54.0294296Z ##[group]Getting Git version info
2025-08-20T01:03:54.0294653Z Working directory is '/home/runner/work/AWA-App/AWA-App'
2025-08-20T01:03:54.0295335Z [command]/usr/bin/git version
2025-08-20T01:03:54.0323672Z git version 2.50.1
2025-08-20T01:03:54.0349537Z ##[endgroup]
2025-08-20T01:03:54.0363570Z Temporarily overriding HOME='/home/runner/work/_temp/2c58d942-e82f-41ca-884e-f275e8c1bc90' before making global git config changes
2025-08-20T01:03:54.0364469Z Adding repository directory to the temporary git global config as a safe directory
2025-08-20T01:03:54.0376124Z [command]/usr/bin/git config --global --add safe.directory /home/runner/work/AWA-App/AWA-App
2025-08-20T01:03:54.0408656Z Deleting the contents of '/home/runner/work/AWA-App/AWA-App'
2025-08-20T01:03:54.0412129Z ##[group]Initializing the repository
2025-08-20T01:03:54.0416358Z [command]/usr/bin/git init /home/runner/work/AWA-App/AWA-App
2025-08-20T01:03:54.0475903Z hint: Using 'master' as the name for the initial branch. This default branch name
2025-08-20T01:03:54.0476726Z hint: is subject to change. To configure the initial branch name to use in all
2025-08-20T01:03:54.0477502Z hint: of your new repositories, which will suppress this warning, call:
2025-08-20T01:03:54.0478027Z hint:
2025-08-20T01:03:54.0478426Z hint: 	git config --global init.defaultBranch <name>
2025-08-20T01:03:54.0478877Z hint:
2025-08-20T01:03:54.0479318Z hint: Names commonly chosen instead of 'master' are 'main', 'trunk' and
2025-08-20T01:03:54.0480068Z hint: 'development'. The just-created branch can be renamed via this command:
2025-08-20T01:03:54.0480615Z hint:
2025-08-20T01:03:54.0480908Z hint: 	git branch -m <name>
2025-08-20T01:03:54.0481260Z hint:
2025-08-20T01:03:54.0481763Z hint: Disable this message with "git config set advice.defaultBranchName false"
2025-08-20T01:03:54.0484746Z Initialized empty Git repository in /home/runner/work/AWA-App/AWA-App/.git/
2025-08-20T01:03:54.0495589Z [command]/usr/bin/git remote add origin https://github.com/AlexBomber12/AWA-App
2025-08-20T01:03:54.0526766Z ##[endgroup]
2025-08-20T01:03:54.0527249Z ##[group]Disabling automatic garbage collection
2025-08-20T01:03:54.0531095Z [command]/usr/bin/git config --local gc.auto 0
2025-08-20T01:03:54.0558399Z ##[endgroup]
2025-08-20T01:03:54.0558903Z ##[group]Setting up auth
2025-08-20T01:03:54.0565619Z [command]/usr/bin/git config --local --name-only --get-regexp core\.sshCommand
2025-08-20T01:03:54.0594802Z [command]/usr/bin/git submodule foreach --recursive sh -c "git config --local --name-only --get-regexp 'core\.sshCommand' && git config --local --unset-all 'core.sshCommand' || :"
2025-08-20T01:03:54.0856814Z [command]/usr/bin/git config --local --name-only --get-regexp http\.https\:\/\/github\.com\/\.extraheader
2025-08-20T01:03:54.0891256Z [command]/usr/bin/git submodule foreach --recursive sh -c "git config --local --name-only --get-regexp 'http\.https\:\/\/github\.com\/\.extraheader' && git config --local --unset-all 'http.https://github.com/.extraheader' || :"
2025-08-20T01:03:54.1130170Z [command]/usr/bin/git config --local http.https://github.com/.extraheader AUTHORIZATION: basic ***
2025-08-20T01:03:54.1167668Z ##[endgroup]
2025-08-20T01:03:54.1168403Z ##[group]Fetching the repository
2025-08-20T01:03:54.1185765Z [command]/usr/bin/git -c protocol.version=2 fetch --prune --no-recurse-submodules origin +refs/heads/*:refs/remotes/origin/* +refs/tags/*:refs/tags/*
2025-08-20T01:03:56.6649580Z From https://github.com/AlexBomber12/AWA-App
2025-08-20T01:03:56.6650788Z  * [new branch]        codex/add-new-branch-chore/test-docs-llm-sync -> origin/codex/add-new-branch-chore/test-docs-llm-sync
2025-08-20T01:03:56.6652057Z  * [new branch]        codex/fix-ci-workflows-to-pass -> origin/codex/fix-ci-workflows-to-pass
2025-08-20T01:03:56.6653144Z  * [new branch]        gh-pages   -> origin/gh-pages
2025-08-20T01:03:56.6653739Z  * [new branch]        main       -> origin/main
2025-08-20T01:03:56.6654783Z  * [new tag]           0.3.0      -> 0.3.0
2025-08-20T01:03:56.6692244Z [command]/usr/bin/git branch --list --remote origin/main
2025-08-20T01:03:56.6715237Z   origin/main
2025-08-20T01:03:56.6723499Z [command]/usr/bin/git rev-parse refs/remotes/origin/main
2025-08-20T01:03:56.6743061Z 51b3373e0239dcc82108776904d1fa700db25e10
2025-08-20T01:03:56.6747797Z ##[endgroup]
2025-08-20T01:03:56.6748271Z ##[group]Determining the checkout info
2025-08-20T01:03:56.6749376Z ##[endgroup]
2025-08-20T01:03:56.6754202Z [command]/usr/bin/git sparse-checkout disable
2025-08-20T01:03:56.6790509Z [command]/usr/bin/git config --local --unset-all extensions.worktreeConfig
2025-08-20T01:03:56.6815035Z ##[group]Checking out the ref
2025-08-20T01:03:56.6819995Z [command]/usr/bin/git checkout --progress --force -B main refs/remotes/origin/main
2025-08-20T01:03:56.7309389Z Switched to a new branch 'main'
2025-08-20T01:03:56.7311187Z branch 'main' set up to track 'origin/main'.
2025-08-20T01:03:56.7325544Z ##[endgroup]
2025-08-20T01:03:56.7368697Z [command]/usr/bin/git log -1 --format=%H
2025-08-20T01:03:56.7390722Z 51b3373e0239dcc82108776904d1fa700db25e10
2025-08-20T01:03:56.7552629Z ##[group]Run cat .env.ci >> "$GITHUB_ENV"
2025-08-20T01:03:56.7553539Z [36;1mcat .env.ci >> "$GITHUB_ENV"[0m
2025-08-20T01:03:56.7554223Z [36;1mecho "DATABASE_URL=***localhost:5432/awa" >> "$GITHUB_ENV"[0m
2025-08-20T01:03:56.7554564Z [36;1mecho "PG_HOST=localhost" >> "$GITHUB_ENV"[0m
2025-08-20T01:03:56.7554872Z [36;1mecho "PG_PORT=5432" >> "$GITHUB_ENV"[0m
2025-08-20T01:03:56.7555157Z [36;1mecho "PG_USER=postgres" >> "$GITHUB_ENV"[0m
2025-08-20T01:03:56.7555451Z [36;1mecho "PG_PASSWORD=pass" >> "$GITHUB_ENV"[0m
2025-08-20T01:03:56.7555728Z [36;1mecho "PG_DATABASE=awa" >> "$GITHUB_ENV"[0m
2025-08-20T01:03:56.7555990Z [36;1mecho "TESTING=1" >> "$GITHUB_ENV"[0m
2025-08-20T01:03:56.7598691Z shell: /usr/bin/bash -e {0}
2025-08-20T01:03:56.7598937Z ##[endgroup]
2025-08-20T01:03:56.7774952Z ##[group]Run actions/setup-python@v5
2025-08-20T01:03:56.7775211Z with:
2025-08-20T01:03:56.7775391Z   python-version: 3.11
2025-08-20T01:03:56.7775575Z   cache: pip
2025-08-20T01:03:56.7775786Z   cache-dependency-path: requirements-dev.txt

2025-08-20T01:03:56.7776048Z   check-latest: false
2025-08-20T01:03:56.7776354Z   token: ***
2025-08-20T01:03:56.7776542Z   update-environment: true
2025-08-20T01:03:56.7776757Z   allow-prereleases: false
2025-08-20T01:03:56.7776958Z   freethreaded: false
2025-08-20T01:03:56.7777135Z env:
2025-08-20T01:03:56.7777293Z   PG_USER: postgres
2025-08-20T01:03:56.7777465Z   PG_PASSWORD: pass
2025-08-20T01:03:56.7777636Z   PG_DATABASE: awa
2025-08-20T01:03:56.7777802Z   PG_HOST: localhost
2025-08-20T01:03:56.7777978Z   PG_PORT: 5432
2025-08-20T01:03:56.7778343Z   PG_SYNC_DSN: ***localhost:5432/awa
2025-08-20T01:03:56.7778724Z   PG_ASYNC_DSN: ***localhost:5432/awa
2025-08-20T01:03:56.7779096Z   DATABASE_URL: ***localhost:5432/awa
2025-08-20T01:03:56.7779361Z   DATA_DIR: /tmp/awa-data
2025-08-20T01:03:56.7779560Z   ENABLE_LIVE: 0
2025-08-20T01:03:56.7779731Z   TESTING: 1
2025-08-20T01:03:56.7779888Z ##[endgroup]
2025-08-20T01:03:56.9444982Z ##[group]Installed versions
2025-08-20T01:03:56.9920238Z Successfully set up CPython (3.11.13)
2025-08-20T01:03:56.9921012Z ##[endgroup]
2025-08-20T01:03:57.0264801Z [command]/opt/hostedtoolcache/Python/3.11.13/x64/bin/pip cache dir
2025-08-20T01:03:58.3278862Z /home/runner/.cache/pip
2025-08-20T01:03:58.6424076Z Cache hit for: setup-python-Linux-x64-24.04-Ubuntu-python-3.11.13-pip-29fc3204f837bce43d81586a404709764a9accd1f738d0c33a52a32bf7a0c312
2025-08-20T01:04:00.0019315Z Received 0 of 271538266 (0.0%), 0.0 MBs/sec
2025-08-20T01:04:01.0027571Z Received 113246208 of 271538266 (41.7%), 53.9 MBs/sec
2025-08-20T01:04:02.0030883Z Received 188743680 of 271538266 (69.5%), 60.0 MBs/sec
2025-08-20T01:04:03.0035516Z Received 268435456 of 271538266 (98.9%), 64.0 MBs/sec
2025-08-20T01:04:03.1325271Z Received 271538266 of 271538266 (100.0%), 62.7 MBs/sec
2025-08-20T01:04:03.1327141Z Cache Size: ~259 MB (271538266 B)
2025-08-20T01:04:03.1365565Z [command]/usr/bin/tar -xf /home/runner/work/_temp/b6ffdd58-6047-41be-9c14-6266fdc83845/cache.tzst -P -C /home/runner/work/AWA-App/AWA-App --use-compress-program unzstd
2025-08-20T01:04:03.5675486Z Cache restored successfully
2025-08-20T01:04:03.6200012Z Cache restored from key: setup-python-Linux-x64-24.04-Ubuntu-python-3.11.13-pip-29fc3204f837bce43d81586a404709764a9accd1f738d0c33a52a32bf7a0c312
2025-08-20T01:04:03.6897934Z ##[group]Run actions/cache@v4
2025-08-20T01:04:03.6898195Z with:
2025-08-20T01:04:03.6898413Z   path: ~/.cache/pip
.pytest_cache
~/.ruff_cache

2025-08-20T01:04:03.6898836Z   key: Linux-int-29fc3204f837bce43d81586a404709764a9accd1f738d0c33a52a32bf7a0c312
2025-08-20T01:04:03.6899221Z   restore-keys: Linux-int-
2025-08-20T01:04:03.6899446Z   enableCrossOsArchive: false
2025-08-20T01:04:03.6899675Z   fail-on-cache-miss: false
2025-08-20T01:04:03.6899882Z   lookup-only: false
2025-08-20T01:04:03.6900253Z   save-always: false
2025-08-20T01:04:03.6900423Z env:
2025-08-20T01:04:03.6900586Z   PG_USER: postgres
2025-08-20T01:04:03.6900771Z   PG_PASSWORD: pass
2025-08-20T01:04:03.6900946Z   PG_DATABASE: awa
2025-08-20T01:04:03.6901126Z   PG_HOST: localhost
2025-08-20T01:04:03.6901310Z   PG_PORT: 5432
2025-08-20T01:04:03.6901800Z   PG_SYNC_DSN: ***localhost:5432/awa
2025-08-20T01:04:03.6902262Z   PG_ASYNC_DSN: ***localhost:5432/awa
2025-08-20T01:04:03.6902859Z   DATABASE_URL: ***localhost:5432/awa
2025-08-20T01:04:03.6903244Z   DATA_DIR: /tmp/awa-data
2025-08-20T01:04:03.6903456Z   ENABLE_LIVE: 0
2025-08-20T01:04:03.6903634Z   TESTING: 1
2025-08-20T01:04:03.6903875Z   pythonLocation: /opt/hostedtoolcache/Python/3.11.13/x64
2025-08-20T01:04:03.6904269Z   PKG_CONFIG_PATH: /opt/hostedtoolcache/Python/3.11.13/x64/lib/pkgconfig
2025-08-20T01:04:03.6904650Z   Python_ROOT_DIR: /opt/hostedtoolcache/Python/3.11.13/x64
2025-08-20T01:04:03.6904992Z   Python2_ROOT_DIR: /opt/hostedtoolcache/Python/3.11.13/x64
2025-08-20T01:04:03.6905338Z   Python3_ROOT_DIR: /opt/hostedtoolcache/Python/3.11.13/x64
2025-08-20T01:04:03.6905681Z   LD_LIBRARY_PATH: /opt/hostedtoolcache/Python/3.11.13/x64/lib
2025-08-20T01:04:03.6905983Z ##[endgroup]
2025-08-20T01:04:04.0973938Z Cache hit for: Linux-int-29fc3204f837bce43d81586a404709764a9accd1f738d0c33a52a32bf7a0c312
2025-08-20T01:04:05.4094272Z Received 4194304 of 271541295 (1.5%), 4.0 MBs/sec
2025-08-20T01:04:06.4101128Z Received 113246208 of 271541295 (41.7%), 54.0 MBs/sec
2025-08-20T01:04:07.4143807Z Received 226492416 of 271541295 (83.4%), 71.9 MBs/sec
2025-08-20T01:04:08.1104810Z Received 271541295 of 271541295 (100.0%), 70.0 MBs/sec
2025-08-20T01:04:08.1107945Z Cache Size: ~259 MB (271541295 B)
2025-08-20T01:04:08.1213018Z [command]/usr/bin/tar -xf /home/runner/work/_temp/5e03c81d-aa7b-4f8e-a59c-08a8da93c77e/cache.tzst -P -C /home/runner/work/AWA-App/AWA-App --use-compress-program unzstd
2025-08-20T01:04:08.5999171Z Cache restored successfully
2025-08-20T01:04:08.6593907Z Cache restored from key: Linux-int-29fc3204f837bce43d81586a404709764a9accd1f738d0c33a52a32bf7a0c312
2025-08-20T01:04:08.6705263Z ##[group]Run pip install -r requirements-dev.txt
2025-08-20T01:04:08.6705638Z [36;1mpip install -r requirements-dev.txt[0m
2025-08-20T01:04:08.6705972Z [36;1mpip install keepa==1.3.15 minio==7.1.15[0m
2025-08-20T01:04:08.6748229Z shell: /usr/bin/bash -e {0}
2025-08-20T01:04:08.6748573Z env:
2025-08-20T01:04:08.6748760Z   PG_USER: postgres
2025-08-20T01:04:08.6748972Z   PG_PASSWORD: pass
2025-08-20T01:04:08.6749170Z   PG_DATABASE: awa
2025-08-20T01:04:08.6749362Z   PG_HOST: localhost
2025-08-20T01:04:08.6749564Z   PG_PORT: 5432
2025-08-20T01:04:08.6750289Z   PG_SYNC_DSN: ***localhost:5432/awa
2025-08-20T01:04:08.6750742Z   PG_ASYNC_DSN: ***localhost:5432/awa
2025-08-20T01:04:08.6751145Z   DATABASE_URL: ***localhost:5432/awa
2025-08-20T01:04:08.6751394Z   DATA_DIR: /tmp/awa-data
2025-08-20T01:04:08.6751609Z   ENABLE_LIVE: 0
2025-08-20T01:04:08.6751791Z   TESTING: 1
2025-08-20T01:04:08.6752041Z   pythonLocation: /opt/hostedtoolcache/Python/3.11.13/x64
2025-08-20T01:04:08.6752491Z   PKG_CONFIG_PATH: /opt/hostedtoolcache/Python/3.11.13/x64/lib/pkgconfig
2025-08-20T01:04:08.6753106Z   Python_ROOT_DIR: /opt/hostedtoolcache/Python/3.11.13/x64
2025-08-20T01:04:08.6753470Z   Python2_ROOT_DIR: /opt/hostedtoolcache/Python/3.11.13/x64
2025-08-20T01:04:08.6753836Z   Python3_ROOT_DIR: /opt/hostedtoolcache/Python/3.11.13/x64
2025-08-20T01:04:08.6754206Z   LD_LIBRARY_PATH: /opt/hostedtoolcache/Python/3.11.13/x64/lib
2025-08-20T01:04:08.6754514Z ##[endgroup]
2025-08-20T01:04:10.0479953Z Collecting Jinja2==3.1.6 (from -r requirements-dev.txt (line 2))
2025-08-20T01:04:10.0496507Z   Using cached jinja2-3.1.6-py3-none-any.whl.metadata (2.9 kB)
2025-08-20T01:04:10.0708546Z Collecting alembic==1.13.1 (from -r requirements-dev.txt (line 3))
2025-08-20T01:04:10.0723762Z   Using cached alembic-1.13.1-py3-none-any.whl.metadata (7.4 kB)
2025-08-20T01:04:10.0891934Z Collecting apscheduler==3.10.4 (from -r requirements-dev.txt (line 4))
2025-08-20T01:04:10.0906342Z   Using cached APScheduler-3.10.4-py3-none-any.whl.metadata (5.7 kB)
2025-08-20T01:04:10.1046784Z Collecting asgi-correlation-id==4.3.1 (from -r requirements-dev.txt (line 5))
2025-08-20T01:04:10.1061116Z   Using cached asgi_correlation_id-4.3.1-py3-none-any.whl.metadata (28 kB)
2025-08-20T01:04:10.1560352Z Collecting asyncpg==0.30.0 (from -r requirements-dev.txt (line 6))
2025-08-20T01:04:10.1574844Z   Using cached asyncpg-0.30.0-cp311-cp311-manylinux_2_17_x86_64.manylinux2014_x86_64.whl.metadata (5.0 kB)
2025-08-20T01:04:10.1991682Z Collecting black==25.1.0 (from -r requirements-dev.txt (line 7))
2025-08-20T01:04:10.2006414Z   Using cached black-25.1.0-cp311-cp311-manylinux_2_17_x86_64.manylinux2014_x86_64.manylinux_2_28_x86_64.whl.metadata (81 kB)
2025-08-20T01:04:10.5120428Z Collecting boto3 (from -r requirements-dev.txt (line 8))
2025-08-20T01:04:10.5482344Z   Downloading boto3-1.40.13-py3-none-any.whl.metadata (6.7 kB)
2025-08-20T01:04:10.5921209Z Collecting redis==6.* (from -r requirements-dev.txt (line 9))
2025-08-20T01:04:10.5934897Z   Using cached redis-6.4.0-py3-none-any.whl.metadata (10 kB)
2025-08-20T01:04:10.6734550Z Collecting minio==7.* (from -r requirements-dev.txt (line 10))
2025-08-20T01:04:10.6748013Z   Using cached minio-7.2.16-py3-none-any.whl.metadata (6.5 kB)
2025-08-20T01:04:10.7190880Z Collecting celery==5.5.3 (from -r requirements-dev.txt (line 11))
2025-08-20T01:04:10.7204565Z   Using cached celery-5.5.3-py3-none-any.whl.metadata (22 kB)
2025-08-20T01:04:10.7873209Z Collecting fastapi==0.116.1 (from -r requirements-dev.txt (line 12))
2025-08-20T01:04:10.7886205Z   Using cached fastapi-0.116.1-py3-none-any.whl.metadata (28 kB)
2025-08-20T01:04:10.8015557Z Collecting fastapi-limiter==0.1.6 (from -r requirements-dev.txt (line 14))
2025-08-20T01:04:10.8029410Z   Using cached fastapi_limiter-0.1.6-py3-none-any.whl.metadata (5.3 kB)
2025-08-20T01:04:10.8182231Z Collecting httpx<0.29,>=0.27 (from -r requirements-dev.txt (line 15))
2025-08-20T01:04:10.8196116Z   Using cached httpx-0.28.1-py3-none-any.whl.metadata (7.1 kB)
2025-08-20T01:04:10.8301457Z Collecting imapclient==3.0.1 (from -r requirements-dev.txt (line 16))
2025-08-20T01:04:10.8314941Z   Using cached IMAPClient-3.0.1-py2.py3-none-any.whl.metadata (1.7 kB)
2025-08-20T01:04:10.8395401Z Collecting itsdangerous (from -r requirements-dev.txt (line 17))
2025-08-20T01:04:10.8409112Z   Using cached itsdangerous-2.2.0-py3-none-any.whl.metadata (1.9 kB)
2025-08-20T01:04:10.9502482Z Collecting mypy==1.* (from -r requirements-dev.txt (line 18))
2025-08-20T01:04:10.9519180Z   Using cached mypy-1.17.1-cp311-cp311-manylinux2014_x86_64.manylinux_2_17_x86_64.manylinux_2_28_x86_64.whl.metadata (2.2 kB)
2025-08-20T01:04:10.9617550Z Collecting mypy-extensions==1.1.0 (from -r requirements-dev.txt (line 19))
2025-08-20T01:04:10.9631537Z   Using cached mypy_extensions-1.1.0-py3-none-any.whl.metadata (1.1 kB)
2025-08-20T01:04:11.1195605Z Collecting numpy<2 (from -r requirements-dev.txt (line 20))
2025-08-20T01:04:11.1211525Z   Using cached numpy-1.26.4-cp311-cp311-manylinux_2_17_x86_64.manylinux2014_x86_64.whl.metadata (61 kB)
2025-08-20T01:04:11.1439384Z Collecting openpyxl==3.1.5 (from -r requirements-dev.txt (line 21))
2025-08-20T01:04:11.1453514Z   Using cached openpyxl-3.1.5-py2.py3-none-any.whl.metadata (2.5 kB)
2025-08-20T01:04:11.2444512Z Collecting pandas==2.2.* (from -r requirements-dev.txt (line 22))
2025-08-20T01:04:11.2459670Z   Using cached pandas-2.2.3-cp311-cp311-manylinux_2_17_x86_64.manylinux2014_x86_64.whl.metadata (89 kB)
2025-08-20T01:04:11.3314679Z Collecting psycopg2-binary==2.9.10 (from -r requirements-dev.txt (line 23))
2025-08-20T01:04:11.3329086Z   Using cached psycopg2_binary-2.9.10-cp311-cp311-manylinux_2_17_x86_64.manylinux2014_x86_64.whl.metadata (4.9 kB)
2025-08-20T01:04:11.3591788Z Collecting psycopg==3.2.9 (from psycopg[binary]==3.2.9->-r requirements-dev.txt (line 24))
2025-08-20T01:04:11.3608829Z   Using cached psycopg-3.2.9-py3-none-any.whl.metadata (4.5 kB)
2025-08-20T01:04:11.5005000Z Collecting pydantic==2.11.7 (from -r requirements-dev.txt (line 25))
2025-08-20T01:04:11.5020185Z   Using cached pydantic-2.11.7-py3-none-any.whl.metadata (67 kB)
2025-08-20T01:04:11.5058402Z Requirement already satisfied: setuptools in /opt/hostedtoolcache/Python/3.11.13/x64/lib/python3.11/site-packages (from -r requirements-dev.txt (line 26)) (65.5.0)
2025-08-20T01:04:11.5195910Z Collecting pytest-asyncio==0.23.6 (from -r requirements-dev.txt (line 27))
2025-08-20T01:04:11.5209712Z   Using cached pytest_asyncio-0.23.6-py3-none-any.whl.metadata (3.9 kB)
2025-08-20T01:04:11.5347787Z Collecting pytest-cov==6.2.1 (from -r requirements-dev.txt (line 28))
2025-08-20T01:04:11.5360993Z   Using cached pytest_cov-6.2.1-py3-none-any.whl.metadata (30 kB)
2025-08-20T01:04:11.5503427Z Collecting pytest-postgresql==7.0.2 (from -r requirements-dev.txt (line 29))
2025-08-20T01:04:11.5516518Z   Using cached pytest_postgresql-7.0.2-py3-none-any.whl.metadata (18 kB)
2025-08-20T01:04:11.5657738Z Collecting python-dotenv (from -r requirements-dev.txt (line 30))
2025-08-20T01:04:11.5670843Z   Using cached python_dotenv-1.1.1-py3-none-any.whl.metadata (24 kB)
2025-08-20T01:04:11.5769919Z Collecting python-multipart (from -r requirements-dev.txt (line 31))
2025-08-20T01:04:11.5783134Z   Using cached python_multipart-0.0.20-py3-none-any.whl.metadata (1.8 kB)
2025-08-20T01:04:11.6043354Z Collecting python-telegram-bot==22.3 (from -r requirements-dev.txt (line 32))
2025-08-20T01:04:11.6056041Z   Using cached python_telegram_bot-22.3-py3-none-any.whl.metadata (17 kB)
2025-08-20T01:04:11.6303535Z Collecting requests==2.32.4 (from -r requirements-dev.txt (line 33))
2025-08-20T01:04:11.6317111Z   Using cached requests-2.32.4-py3-none-any.whl.metadata (4.9 kB)
2025-08-20T01:04:11.6448151Z Collecting respx==0.22.0 (from -r requirements-dev.txt (line 34))
2025-08-20T01:04:11.6461017Z   Using cached respx-0.22.0-py2.py3-none-any.whl.metadata (4.1 kB)
2025-08-20T01:04:11.9958668Z Collecting ruff==0.4.4 (from -r requirements-dev.txt (line 35))
2025-08-20T01:04:11.9975346Z   Using cached ruff-0.4.4-py3-none-manylinux_2_17_x86_64.manylinux2014_x86_64.whl.metadata (23 kB)
2025-08-20T01:04:12.2405315Z Collecting sqlalchemy==2.0.43 (from -r requirements-dev.txt (line 36))
2025-08-20T01:04:12.2421900Z   Using cached sqlalchemy-2.0.43-cp311-cp311-manylinux_2_17_x86_64.manylinux2014_x86_64.whl.metadata (9.6 kB)
2025-08-20T01:04:12.2614946Z Collecting structlog==24.1.0 (from -r requirements-dev.txt (line 37))
2025-08-20T01:04:12.2628489Z   Using cached structlog-24.1.0-py3-none-any.whl.metadata (6.9 kB)
2025-08-20T01:04:12.2783253Z Collecting testcontainers==4.10.0 (from testcontainers[postgres]==4.10.0->-r requirements-dev.txt (line 38))
2025-08-20T01:04:12.2828582Z   Using cached testcontainers-4.10.0-py3-none-any.whl.metadata (7.8 kB)
2025-08-20T01:04:12.3110276Z Collecting types-requests==2.32.4.20250809 (from -r requirements-dev.txt (line 39))
2025-08-20T01:04:12.3124045Z   Using cached types_requests-2.32.4.20250809-py3-none-any.whl.metadata (2.0 kB)
2025-08-20T01:04:12.3230678Z Collecting docspec-python==2.2.2 (from -r requirements-dev.txt (line 40))
2025-08-20T01:04:12.3244543Z   Using cached docspec_python-2.2.2-py3-none-any.whl.metadata (1.0 kB)
2025-08-20T01:04:12.3383603Z Collecting pydoc-markdown==4.8.2 (from -r requirements-dev.txt (line 41))
2025-08-20T01:04:12.3397115Z   Using cached pydoc_markdown-4.8.2-py3-none-any.whl.metadata (5.9 kB)
2025-08-20T01:04:12.3659196Z Collecting pandera==0.19.* (from -r requirements-dev.txt (line 42))
2025-08-20T01:04:12.3673044Z   Using cached pandera-0.19.3-py3-none-any.whl.metadata (15 kB)
2025-08-20T01:04:12.4658242Z Collecting MarkupSafe>=2.0 (from Jinja2==3.1.6->-r requirements-dev.txt (line 2))
2025-08-20T01:04:12.4674080Z   Using cached MarkupSafe-3.0.2-cp311-cp311-manylinux_2_17_x86_64.manylinux2014_x86_64.whl.metadata (4.0 kB)
2025-08-20T01:04:12.4891858Z Collecting Mako (from alembic==1.13.1->-r requirements-dev.txt (line 3))
2025-08-20T01:04:12.4905760Z   Using cached mako-1.3.10-py3-none-any.whl.metadata (2.9 kB)
2025-08-20T01:04:12.5046390Z Collecting typing-extensions>=4 (from alembic==1.13.1->-r requirements-dev.txt (line 3))
2025-08-20T01:04:12.5059513Z   Using cached typing_extensions-4.14.1-py3-none-any.whl.metadata (3.0 kB)
2025-08-20T01:04:12.5170774Z Collecting six>=1.4.0 (from apscheduler==3.10.4->-r requirements-dev.txt (line 4))
2025-08-20T01:04:12.5184357Z   Using cached six-1.17.0-py2.py3-none-any.whl.metadata (1.7 kB)
2025-08-20T01:04:12.5503335Z Collecting pytz (from apscheduler==3.10.4->-r requirements-dev.txt (line 4))
2025-08-20T01:04:12.5516310Z   Using cached pytz-2025.2-py2.py3-none-any.whl.metadata (22 kB)
2025-08-20T01:04:12.5663381Z Collecting tzlocal!=3.*,>=2.0 (from apscheduler==3.10.4->-r requirements-dev.txt (line 4))
2025-08-20T01:04:12.5676566Z   Using cached tzlocal-5.3.1-py3-none-any.whl.metadata (7.6 kB)
2025-08-20T01:04:12.5943235Z Collecting starlette>=0.18 (from asgi-correlation-id==4.3.1->-r requirements-dev.txt (line 5))
2025-08-20T01:04:12.5956047Z   Using cached starlette-0.47.2-py3-none-any.whl.metadata (6.2 kB)
2025-08-20T01:04:12.6120290Z Collecting click>=8.0.0 (from black==25.1.0->-r requirements-dev.txt (line 7))
2025-08-20T01:04:12.6133202Z   Using cached click-8.2.1-py3-none-any.whl.metadata (2.5 kB)
2025-08-20T01:04:12.6263661Z Collecting packaging>=22.0 (from black==25.1.0->-r requirements-dev.txt (line 7))
2025-08-20T01:04:12.6276915Z   Using cached packaging-25.0-py3-none-any.whl.metadata (3.3 kB)
2025-08-20T01:04:12.6366159Z Collecting pathspec>=0.9.0 (from black==25.1.0->-r requirements-dev.txt (line 7))
2025-08-20T01:04:12.6379732Z   Using cached pathspec-0.12.1-py3-none-any.whl.metadata (21 kB)
2025-08-20T01:04:12.6538390Z Collecting platformdirs>=2 (from black==25.1.0->-r requirements-dev.txt (line 7))
2025-08-20T01:04:12.6551146Z   Using cached platformdirs-4.3.8-py3-none-any.whl.metadata (12 kB)
2025-08-20T01:04:12.6826483Z Collecting billiard<5.0,>=4.2.1 (from celery==5.5.3->-r requirements-dev.txt (line 11))
2025-08-20T01:04:12.6839521Z   Using cached billiard-4.2.1-py3-none-any.whl.metadata (4.4 kB)
2025-08-20T01:04:12.7185258Z Collecting kombu<5.6,>=5.5.2 (from celery==5.5.3->-r requirements-dev.txt (line 11))
2025-08-20T01:04:12.7198370Z   Using cached kombu-5.5.4-py3-none-any.whl.metadata (3.5 kB)
2025-08-20T01:04:12.7325011Z Collecting vine<6.0,>=5.1.0 (from celery==5.5.3->-r requirements-dev.txt (line 11))
2025-08-20T01:04:12.7338057Z   Using cached vine-5.1.0-py3-none-any.whl.metadata (2.7 kB)
2025-08-20T01:04:12.7451328Z Collecting click-didyoumean>=0.3.0 (from celery==5.5.3->-r requirements-dev.txt (line 11))
2025-08-20T01:04:12.7464577Z   Using cached click_didyoumean-0.3.1-py3-none-any.whl.metadata (3.9 kB)
2025-08-20T01:04:12.7563160Z Collecting click-repl>=0.2.0 (from celery==5.5.3->-r requirements-dev.txt (line 11))
2025-08-20T01:04:12.7575881Z   Using cached click_repl-0.3.0-py3-none-any.whl.metadata (3.6 kB)
2025-08-20T01:04:12.7649652Z Collecting click-plugins>=1.1.1 (from celery==5.5.3->-r requirements-dev.txt (line 11))
2025-08-20T01:04:12.7662922Z   Using cached click_plugins-1.1.1.2-py2.py3-none-any.whl.metadata (6.5 kB)
2025-08-20T01:04:12.7807570Z Collecting python-dateutil>=2.8.2 (from celery==5.5.3->-r requirements-dev.txt (line 11))
2025-08-20T01:04:12.7820561Z   Using cached python_dateutil-2.9.0.post0-py2.py3-none-any.whl.metadata (8.4 kB)
2025-08-20T01:04:12.8195876Z Collecting annotated-types>=0.6.0 (from pydantic==2.11.7->-r requirements-dev.txt (line 25))
2025-08-20T01:04:12.8208781Z   Using cached annotated_types-0.7.0-py3-none-any.whl.metadata (15 kB)
2025-08-20T01:04:13.4813669Z Collecting pydantic-core==2.33.2 (from pydantic==2.11.7->-r requirements-dev.txt (line 25))
2025-08-20T01:04:13.4828753Z   Using cached pydantic_core-2.33.2-cp311-cp311-manylinux_2_17_x86_64.manylinux2014_x86_64.whl.metadata (6.8 kB)
2025-08-20T01:04:13.4942893Z Collecting typing-inspection>=0.4.0 (from pydantic==2.11.7->-r requirements-dev.txt (line 25))
2025-08-20T01:04:13.4956071Z   Using cached typing_inspection-0.4.1-py3-none-any.whl.metadata (2.6 kB)
2025-08-20T01:04:13.5155279Z Collecting et-xmlfile (from openpyxl==3.1.5->-r requirements-dev.txt (line 21))
2025-08-20T01:04:13.5168347Z   Using cached et_xmlfile-2.0.0-py3-none-any.whl.metadata (2.7 kB)
2025-08-20T01:04:13.5577087Z Collecting pytest<9,>=7.0.0 (from pytest-asyncio==0.23.6->-r requirements-dev.txt (line 27))
2025-08-20T01:04:13.5590792Z   Using cached pytest-8.4.1-py3-none-any.whl.metadata (7.7 kB)
2025-08-20T01:04:13.8579225Z Collecting coverage>=7.5 (from coverage[toml]>=7.5->pytest-cov==6.2.1->-r requirements-dev.txt (line 28))
2025-08-20T01:04:13.8594422Z   Using cached coverage-7.10.4-cp311-cp311-manylinux1_x86_64.manylinux_2_28_x86_64.manylinux_2_5_x86_64.whl.metadata (8.9 kB)
2025-08-20T01:04:13.8696150Z Collecting pluggy>=1.2 (from pytest-cov==6.2.1->-r requirements-dev.txt (line 28))
2025-08-20T01:04:13.8709047Z   Using cached pluggy-1.6.0-py3-none-any.whl.metadata (4.8 kB)
2025-08-20T01:04:13.9691295Z Collecting port-for>=0.7.3 (from pytest-postgresql==7.0.2->-r requirements-dev.txt (line 29))
2025-08-20T01:04:13.9704068Z   Using cached port_for-0.7.4-py3-none-any.whl.metadata (7.1 kB)
2025-08-20T01:04:13.9836926Z Collecting mirakuru>=2.6.0 (from pytest-postgresql==7.0.2->-r requirements-dev.txt (line 29))
2025-08-20T01:04:13.9850012Z   Using cached mirakuru-2.6.1-py3-none-any.whl.metadata (10 kB)
2025-08-20T01:04:14.0653251Z Collecting charset_normalizer<4,>=2 (from requests==2.32.4->-r requirements-dev.txt (line 33))
2025-08-20T01:04:14.0669378Z   Using cached charset_normalizer-3.4.3-cp311-cp311-manylinux2014_x86_64.manylinux_2_17_x86_64.manylinux_2_28_x86_64.whl.metadata (36 kB)
2025-08-20T01:04:14.0798997Z Collecting idna<4,>=2.5 (from requests==2.32.4->-r requirements-dev.txt (line 33))
2025-08-20T01:04:14.0813151Z   Using cached idna-3.10-py3-none-any.whl.metadata (10 kB)
2025-08-20T01:04:14.1062266Z Collecting urllib3<3,>=1.21.1 (from requests==2.32.4->-r requirements-dev.txt (line 33))
2025-08-20T01:04:14.1075287Z   Using cached urllib3-2.5.0-py3-none-any.whl.metadata (6.5 kB)
2025-08-20T01:04:14.1253871Z Collecting certifi>=2017.4.17 (from requests==2.32.4->-r requirements-dev.txt (line 33))
2025-08-20T01:04:14.1266836Z   Using cached certifi-2025.8.3-py3-none-any.whl.metadata (2.4 kB)
2025-08-20T01:04:14.2464089Z Collecting greenlet>=1 (from sqlalchemy==2.0.43->-r requirements-dev.txt (line 36))
2025-08-20T01:04:14.2479783Z   Using cached greenlet-3.2.4-cp311-cp311-manylinux_2_24_x86_64.manylinux_2_28_x86_64.whl.metadata (4.1 kB)
2025-08-20T01:04:14.2684207Z Collecting docker (from testcontainers==4.10.0->testcontainers[postgres]==4.10.0->-r requirements-dev.txt (line 38))
2025-08-20T01:04:14.2697555Z   Using cached docker-7.1.0-py3-none-any.whl.metadata (3.8 kB)
2025-08-20T01:04:14.3647619Z Collecting wrapt (from testcontainers==4.10.0->testcontainers[postgres]==4.10.0->-r requirements-dev.txt (line 38))
2025-08-20T01:04:14.3662305Z   Using cached wrapt-1.17.3-cp311-cp311-manylinux1_x86_64.manylinux_2_28_x86_64.manylinux_2_5_x86_64.whl.metadata (6.4 kB)
2025-08-20T01:04:14.3875809Z Collecting docspec==2.2.1 (from docspec-python==2.2.2->-r requirements-dev.txt (line 40))
2025-08-20T01:04:14.3888898Z   Using cached docspec-2.2.1-py3-none-any.whl.metadata (1.5 kB)
2025-08-20T01:04:14.4027274Z Collecting nr-util>=0.8.12 (from docspec-python==2.2.2->-r requirements-dev.txt (line 40))
2025-08-20T01:04:14.4040145Z   Using cached nr.util-0.8.12-py3-none-any.whl.metadata (813 bytes)
2025-08-20T01:04:14.4367895Z Collecting PyYAML<7.0,>=5.0 (from pydoc-markdown==4.8.2->-r requirements-dev.txt (line 41))
2025-08-20T01:04:14.4381213Z   Using cached PyYAML-6.0.2-cp311-cp311-manylinux_2_17_x86_64.manylinux2014_x86_64.whl.metadata (2.1 kB)
2025-08-20T01:04:14.4632538Z Collecting databind.core<5.0.0,>=4.4.0 (from pydoc-markdown==4.8.2->-r requirements-dev.txt (line 41))
2025-08-20T01:04:14.4645749Z   Using cached databind.core-4.5.2-py3-none-any.whl.metadata (1.1 kB)
2025-08-20T01:04:14.4844482Z Collecting databind.json<5.0.0,>=4.4.0 (from pydoc-markdown==4.8.2->-r requirements-dev.txt (line 41))
2025-08-20T01:04:14.4858158Z   Using cached databind.json-4.5.2-py3-none-any.whl.metadata (1.1 kB)
2025-08-20T01:04:14.4970826Z Collecting docstring-parser<0.12,>=0.11 (from pydoc-markdown==4.8.2->-r requirements-dev.txt (line 41))
2025-08-20T01:04:14.4972194Z   Using cached docstring_parser-0.11-py3-none-any.whl
2025-08-20T01:04:14.5340150Z Collecting tomli<3.0.0,>=2.0.0 (from pydoc-markdown==4.8.2->-r requirements-dev.txt (line 41))
2025-08-20T01:04:14.5353708Z   Using cached tomli-2.2.1-cp311-cp311-manylinux_2_17_x86_64.manylinux2014_x86_64.whl.metadata (11 kB)
2025-08-20T01:04:14.5433184Z Collecting tomli_w<2.0.0,>=1.0.0 (from pydoc-markdown==4.8.2->-r requirements-dev.txt (line 41))
2025-08-20T01:04:14.5446193Z   Using cached tomli_w-1.2.0-py3-none-any.whl.metadata (5.7 kB)
2025-08-20T01:04:14.5857849Z Collecting watchdog (from pydoc-markdown==4.8.2->-r requirements-dev.txt (line 41))
2025-08-20T01:04:14.5872128Z   Using cached watchdog-6.0.0-py3-none-manylinux2014_x86_64.whl.metadata (44 kB)
2025-08-20T01:04:14.6082110Z Collecting yapf>=0.30.0 (from pydoc-markdown==4.8.2->-r requirements-dev.txt (line 41))
2025-08-20T01:04:14.6095655Z   Using cached yapf-0.43.0-py3-none-any.whl.metadata (46 kB)
2025-08-20T01:04:14.6255082Z Collecting Deprecated<2.0.0,>=1.2.12 (from docspec==2.2.1->docspec-python==2.2.2->-r requirements-dev.txt (line 40))
2025-08-20T01:04:14.6268411Z   Using cached Deprecated-1.2.18-py2.py3-none-any.whl.metadata (5.7 kB)
2025-08-20T01:04:14.7809773Z Collecting psycopg-binary==3.2.9 (from psycopg[binary]==3.2.9->-r requirements-dev.txt (line 24))
2025-08-20T01:04:14.7825823Z   Using cached psycopg_binary-3.2.9-cp311-cp311-manylinux_2_17_x86_64.manylinux2014_x86_64.whl.metadata (2.9 kB)
2025-08-20T01:04:14.8150270Z Collecting argon2-cffi (from minio==7.*->-r requirements-dev.txt (line 10))
2025-08-20T01:04:14.8164353Z   Using cached argon2_cffi-25.1.0-py3-none-any.whl.metadata (4.1 kB)
2025-08-20T01:04:14.8932317Z Collecting pycryptodome (from minio==7.*->-r requirements-dev.txt (line 10))
2025-08-20T01:04:14.8947923Z   Using cached pycryptodome-3.23.0-cp37-abi3-manylinux_2_17_x86_64.manylinux2014_x86_64.whl.metadata (3.4 kB)
2025-08-20T01:04:14.9119857Z Collecting anyio (from httpx<0.29,>=0.27->-r requirements-dev.txt (line 15))
2025-08-20T01:04:14.9133208Z   Using cached anyio-4.10.0-py3-none-any.whl.metadata (4.0 kB)
2025-08-20T01:04:14.9288905Z Collecting httpcore==1.* (from httpx<0.29,>=0.27->-r requirements-dev.txt (line 15))
2025-08-20T01:04:14.9302046Z   Using cached httpcore-1.0.9-py3-none-any.whl.metadata (21 kB)
2025-08-20T01:04:14.9592973Z Collecting tzdata>=2022.7 (from pandas==2.2.*->-r requirements-dev.txt (line 22))
2025-08-20T01:04:14.9606632Z   Using cached tzdata-2025.2-py2.py3-none-any.whl.metadata (1.4 kB)
2025-08-20T01:04:14.9761936Z Collecting multimethod<=1.10.0 (from pandera==0.19.*->-r requirements-dev.txt (line 42))
2025-08-20T01:04:14.9775330Z   Using cached multimethod-1.10-py3-none-any.whl.metadata (8.2 kB)
2025-08-20T01:04:15.0133053Z Collecting typeguard (from pandera==0.19.*->-r requirements-dev.txt (line 42))
2025-08-20T01:04:15.0146183Z   Using cached typeguard-4.4.4-py3-none-any.whl.metadata (3.3 kB)
2025-08-20T01:04:15.1282550Z Collecting typing-inspect>=0.6.0 (from pandera==0.19.*->-r requirements-dev.txt (line 42))
2025-08-20T01:04:15.1297856Z   Using cached typing_inspect-0.9.0-py3-none-any.whl.metadata (1.5 kB)
2025-08-20T01:04:15.1566823Z Collecting databind<5.0.0,>=4.5.2 (from databind.core<5.0.0,>=4.4.0->pydoc-markdown==4.8.2->-r requirements-dev.txt (line 41))
2025-08-20T01:04:15.1580352Z   Using cached databind-4.5.2-py3-none-any.whl.metadata (4.3 kB)
2025-08-20T01:04:15.1769093Z Collecting nr-date<3.0.0,>=2.0.0 (from databind<5.0.0,>=4.5.2->databind.core<5.0.0,>=4.4.0->pydoc-markdown==4.8.2->-r requirements-dev.txt (line 41))
2025-08-20T01:04:15.1781344Z   Using cached nr_date-2.1.0-py3-none-any.whl.metadata (746 bytes)
2025-08-20T01:04:15.1882316Z Collecting nr-stream<2.0.0,>=1.0.0 (from databind<5.0.0,>=4.5.2->databind.core<5.0.0,>=4.4.0->pydoc-markdown==4.8.2->-r requirements-dev.txt (line 41))
2025-08-20T01:04:15.1895185Z   Using cached nr_stream-1.1.5-py3-none-any.whl.metadata (3.6 kB)
2025-08-20T01:04:15.2043254Z Collecting typeapi<3,>=2.0.1 (from databind<5.0.0,>=4.5.2->databind.core<5.0.0,>=4.4.0->pydoc-markdown==4.8.2->-r requirements-dev.txt (line 41))
2025-08-20T01:04:15.2056316Z   Using cached typeapi-2.2.4-py3-none-any.whl.metadata (1.5 kB)
2025-08-20T01:04:15.2300747Z Collecting h11>=0.16 (from httpcore==1.*->httpx<0.29,>=0.27->-r requirements-dev.txt (line 15))
2025-08-20T01:04:15.2313935Z   Using cached h11-0.16.0-py3-none-any.whl.metadata (8.3 kB)
2025-08-20T01:04:15.2495610Z Collecting amqp<6.0.0,>=5.1.1 (from kombu<5.6,>=5.5.2->celery==5.5.3->-r requirements-dev.txt (line 11))
2025-08-20T01:04:15.2508620Z   Using cached amqp-5.3.1-py3-none-any.whl.metadata (8.9 kB)
2025-08-20T01:04:15.2906234Z Collecting iniconfig>=1 (from pytest<9,>=7.0.0->pytest-asyncio==0.23.6->-r requirements-dev.txt (line 27))
2025-08-20T01:04:15.2919101Z   Using cached iniconfig-2.1.0-py3-none-any.whl.metadata (2.7 kB)
2025-08-20T01:04:15.3097072Z Collecting pygments>=2.7.2 (from pytest<9,>=7.0.0->pytest-asyncio==0.23.6->-r requirements-dev.txt (line 27))
2025-08-20T01:04:15.3109940Z   Using cached pygments-2.19.2-py3-none-any.whl.metadata (2.5 kB)
2025-08-20T01:04:15.3396559Z Collecting sniffio>=1.1 (from anyio->httpx<0.29,>=0.27->-r requirements-dev.txt (line 15))
2025-08-20T01:04:15.3409475Z   Using cached sniffio-1.3.1-py3-none-any.whl.metadata (3.9 kB)
2025-08-20T01:04:15.6585857Z Collecting botocore<1.41.0,>=1.40.13 (from boto3->-r requirements-dev.txt (line 8))
2025-08-20T01:04:15.6618034Z   Downloading botocore-1.40.13-py3-none-any.whl.metadata (5.7 kB)
2025-08-20T01:04:15.6743908Z Collecting jmespath<2.0.0,>=0.7.1 (from boto3->-r requirements-dev.txt (line 8))
2025-08-20T01:04:15.6756882Z   Using cached jmespath-1.0.1-py3-none-any.whl.metadata (7.6 kB)
2025-08-20T01:04:15.6911974Z Collecting s3transfer<0.14.0,>=0.13.0 (from boto3->-r requirements-dev.txt (line 8))
2025-08-20T01:04:15.6925578Z   Using cached s3transfer-0.13.1-py3-none-any.whl.metadata (1.7 kB)
2025-08-20T01:04:15.8169809Z Collecting fastapi-cli>=0.0.8 (from fastapi-cli[standard]>=0.0.8; extra == "all"->fastapi[all]->-r requirements-dev.txt (line 13))
2025-08-20T01:04:15.8183245Z   Using cached fastapi_cli-0.0.8-py3-none-any.whl.metadata (6.3 kB)
2025-08-20T01:04:15.8852469Z Collecting ujson!=4.0.2,!=4.1.0,!=4.2.0,!=4.3.0,!=5.0.0,!=5.1.0,>=4.0.1 (from fastapi[all]->-r requirements-dev.txt (line 13))
2025-08-20T01:04:15.8867745Z   Using cached ujson-5.10.0-cp311-cp311-manylinux_2_17_x86_64.manylinux2014_x86_64.whl.metadata (9.3 kB)
2025-08-20T01:04:16.1108735Z Collecting orjson>=3.2.1 (from fastapi[all]->-r requirements-dev.txt (line 13))
2025-08-20T01:04:16.1125006Z   Using cached orjson-3.11.2-cp311-cp311-manylinux_2_17_x86_64.manylinux2014_x86_64.whl.metadata (1.2 kB)
2025-08-20T01:04:16.1278630Z Collecting email-validator>=2.0.0 (from fastapi[all]->-r requirements-dev.txt (line 13))
2025-08-20T01:04:16.1291894Z   Using cached email_validator-2.2.0-py3-none-any.whl.metadata (25 kB)
2025-08-20T01:04:16.1542516Z Collecting uvicorn>=0.12.0 (from uvicorn[standard]>=0.12.0; extra == "all"->fastapi[all]->-r requirements-dev.txt (line 13))
2025-08-20T01:04:16.1555803Z   Using cached uvicorn-0.35.0-py3-none-any.whl.metadata (6.5 kB)
2025-08-20T01:04:16.1695045Z Collecting pydantic-settings>=2.0.0 (from fastapi[all]->-r requirements-dev.txt (line 13))
2025-08-20T01:04:16.1708380Z   Using cached pydantic_settings-2.10.1-py3-none-any.whl.metadata (3.4 kB)
2025-08-20T01:04:16.1952889Z Collecting pydantic-extra-types>=2.0.0 (from fastapi[all]->-r requirements-dev.txt (line 13))
2025-08-20T01:04:16.1966771Z   Using cached pydantic_extra_types-2.10.5-py3-none-any.whl.metadata (3.9 kB)
2025-08-20T01:04:16.2637291Z Collecting prompt-toolkit>=3.0.36 (from click-repl>=0.2.0->celery==5.5.3->-r requirements-dev.txt (line 11))
2025-08-20T01:04:16.2650659Z   Using cached prompt_toolkit-3.0.51-py3-none-any.whl.metadata (6.4 kB)
2025-08-20T01:04:16.2824750Z Collecting dnspython>=2.0.0 (from email-validator>=2.0.0->fastapi[all]->-r requirements-dev.txt (line 13))
2025-08-20T01:04:16.2837687Z   Using cached dnspython-2.7.0-py3-none-any.whl.metadata (5.8 kB)
2025-08-20T01:04:16.3094580Z Collecting typer>=0.15.1 (from fastapi-cli>=0.0.8->fastapi-cli[standard]>=0.0.8; extra == "all"->fastapi[all]->-r requirements-dev.txt (line 13))
2025-08-20T01:04:16.3107519Z   Using cached typer-0.16.1-py3-none-any.whl.metadata (15 kB)
2025-08-20T01:04:16.3350326Z Collecting rich-toolkit>=0.14.8 (from fastapi-cli>=0.0.8->fastapi-cli[standard]>=0.0.8; extra == "all"->fastapi[all]->-r requirements-dev.txt (line 13))
2025-08-20T01:04:16.3363211Z   Using cached rich_toolkit-0.15.0-py3-none-any.whl.metadata (1.0 kB)
2025-08-20T01:04:16.3473307Z Collecting fastapi-cloud-cli>=0.1.1 (from fastapi-cli[standard]>=0.0.8; extra == "all"->fastapi[all]->-r requirements-dev.txt (line 13))
2025-08-20T01:04:16.3486189Z   Using cached fastapi_cloud_cli-0.1.5-py3-none-any.whl.metadata (3.2 kB)
2025-08-20T01:04:16.4187037Z Collecting rignore>=0.5.1 (from fastapi-cloud-cli>=0.1.1->fastapi-cli[standard]>=0.0.8; extra == "all"->fastapi[all]->-r requirements-dev.txt (line 13))
2025-08-20T01:04:16.4200725Z   Using cached rignore-0.6.4-cp311-cp311-manylinux_2_17_x86_64.manylinux2014_x86_64.whl.metadata (3.8 kB)
2025-08-20T01:04:16.5968093Z Collecting sentry-sdk>=2.20.0 (from fastapi-cloud-cli>=0.1.1->fastapi-cli[standard]>=0.0.8; extra == "all"->fastapi[all]->-r requirements-dev.txt (line 13))
2025-08-20T01:04:16.5983310Z   Using cached sentry_sdk-2.35.0-py2.py3-none-any.whl.metadata (10 kB)
2025-08-20T01:04:16.6854021Z Collecting psutil>=4.0.0 (from mirakuru>=2.6.0->pytest-postgresql==7.0.2->-r requirements-dev.txt (line 29))
2025-08-20T01:04:16.6869607Z   Using cached psutil-7.0.0-cp36-abi3-manylinux_2_12_x86_64.manylinux2010_x86_64.manylinux_2_17_x86_64.manylinux2014_x86_64.whl.metadata (22 kB)
2025-08-20T01:04:16.7159042Z Collecting wcwidth (from prompt-toolkit>=3.0.36->click-repl>=0.2.0->celery==5.5.3->-r requirements-dev.txt (line 11))
2025-08-20T01:04:16.7173546Z   Using cached wcwidth-0.2.13-py2.py3-none-any.whl.metadata (14 kB)
2025-08-20T01:04:16.8040409Z Collecting rich>=13.7.1 (from rich-toolkit>=0.14.8->fastapi-cli>=0.0.8->fastapi-cli[standard]>=0.0.8; extra == "all"->fastapi[all]->-r requirements-dev.txt (line 13))
2025-08-20T01:04:16.8054146Z   Using cached rich-14.1.0-py3-none-any.whl.metadata (18 kB)
2025-08-20T01:04:16.8218659Z Collecting markdown-it-py>=2.2.0 (from rich>=13.7.1->rich-toolkit>=0.14.8->fastapi-cli>=0.0.8->fastapi-cli[standard]>=0.0.8; extra == "all"->fastapi[all]->-r requirements-dev.txt (line 13))
2025-08-20T01:04:16.8231883Z   Using cached markdown_it_py-4.0.0-py3-none-any.whl.metadata (7.3 kB)
2025-08-20T01:04:16.8402602Z Collecting mdurl~=0.1 (from markdown-it-py>=2.2.0->rich>=13.7.1->rich-toolkit>=0.14.8->fastapi-cli>=0.0.8->fastapi-cli[standard]>=0.0.8; extra == "all"->fastapi[all]->-r requirements-dev.txt (line 13))
2025-08-20T01:04:16.8415491Z   Using cached mdurl-0.1.2-py3-none-any.whl.metadata (1.6 kB)
2025-08-20T01:04:16.8856187Z Collecting shellingham>=1.3.0 (from typer>=0.15.1->fastapi-cli>=0.0.8->fastapi-cli[standard]>=0.0.8; extra == "all"->fastapi[all]->-r requirements-dev.txt (line 13))
2025-08-20T01:04:16.8869338Z   Using cached shellingham-1.5.4-py2.py3-none-any.whl.metadata (3.5 kB)
2025-08-20T01:04:16.9620592Z Collecting httptools>=0.6.3 (from uvicorn[standard]>=0.12.0; extra == "all"->fastapi[all]->-r requirements-dev.txt (line 13))
2025-08-20T01:04:16.9635245Z   Using cached httptools-0.6.4-cp311-cp311-manylinux_2_5_x86_64.manylinux1_x86_64.manylinux_2_17_x86_64.manylinux2014_x86_64.whl.metadata (3.6 kB)
2025-08-20T01:04:17.0041339Z Collecting uvloop>=0.15.1 (from uvicorn[standard]>=0.12.0; extra == "all"->fastapi[all]->-r requirements-dev.txt (line 13))
2025-08-20T01:04:17.0055176Z   Using cached uvloop-0.21.0-cp311-cp311-manylinux_2_17_x86_64.manylinux2014_x86_64.whl.metadata (4.9 kB)
2025-08-20T01:04:17.0742419Z Collecting watchfiles>=0.13 (from uvicorn[standard]>=0.12.0; extra == "all"->fastapi[all]->-r requirements-dev.txt (line 13))
2025-08-20T01:04:17.0757175Z   Using cached watchfiles-1.1.0-cp311-cp311-manylinux_2_17_x86_64.manylinux2014_x86_64.whl.metadata (4.9 kB)
2025-08-20T01:04:17.1565577Z Collecting websockets>=10.4 (from uvicorn[standard]>=0.12.0; extra == "all"->fastapi[all]->-r requirements-dev.txt (line 13))
2025-08-20T01:04:17.1580556Z   Using cached websockets-15.0.1-cp311-cp311-manylinux_2_5_x86_64.manylinux1_x86_64.manylinux_2_17_x86_64.manylinux2014_x86_64.whl.metadata (6.8 kB)
2025-08-20T01:04:17.2006239Z Collecting argon2-cffi-bindings (from argon2-cffi->minio==7.*->-r requirements-dev.txt (line 10))
2025-08-20T01:04:17.2019828Z   Using cached argon2_cffi_bindings-25.1.0-cp39-abi3-manylinux_2_26_x86_64.manylinux_2_28_x86_64.whl.metadata (7.4 kB)
2025-08-20T01:04:17.2978414Z Collecting cffi>=1.0.1 (from argon2-cffi-bindings->argon2-cffi->minio==7.*->-r requirements-dev.txt (line 10))
2025-08-20T01:04:17.2994088Z   Using cached cffi-1.17.1-cp311-cp311-manylinux_2_17_x86_64.manylinux2014_x86_64.whl.metadata (1.5 kB)
2025-08-20T01:04:17.3107453Z Collecting pycparser (from cffi>=1.0.1->argon2-cffi-bindings->argon2-cffi->minio==7.*->-r requirements-dev.txt (line 10))
2025-08-20T01:04:17.3127186Z   Using cached pycparser-2.22-py3-none-any.whl.metadata (943 bytes)
2025-08-20T01:04:17.3664083Z Using cached jinja2-3.1.6-py3-none-any.whl (134 kB)
2025-08-20T01:04:17.3678915Z Using cached alembic-1.13.1-py3-none-any.whl (233 kB)
2025-08-20T01:04:17.3694056Z Using cached APScheduler-3.10.4-py3-none-any.whl (59 kB)
2025-08-20T01:04:17.3707651Z Using cached asgi_correlation_id-4.3.1-py3-none-any.whl (15 kB)
2025-08-20T01:04:17.3721305Z Using cached asyncpg-0.30.0-cp311-cp311-manylinux_2_17_x86_64.manylinux2014_x86_64.whl (3.1 MB)
2025-08-20T01:04:17.3759020Z Using cached black-25.1.0-cp311-cp311-manylinux_2_17_x86_64.manylinux2014_x86_64.manylinux_2_28_x86_64.whl (1.7 MB)
2025-08-20T01:04:17.3784904Z Using cached celery-5.5.3-py3-none-any.whl (438 kB)
2025-08-20T01:04:17.3801346Z Using cached fastapi-0.116.1-py3-none-any.whl (95 kB)
2025-08-20T01:04:17.3815062Z Using cached pydantic-2.11.7-py3-none-any.whl (444 kB)
2025-08-20T01:04:17.3831474Z Using cached fastapi_limiter-0.1.6-py3-none-any.whl (15 kB)
2025-08-20T01:04:17.3845157Z Using cached IMAPClient-3.0.1-py2.py3-none-any.whl (182 kB)
2025-08-20T01:04:17.3859551Z Using cached mypy_extensions-1.1.0-py3-none-any.whl (5.0 kB)
2025-08-20T01:04:17.3872962Z Using cached openpyxl-3.1.5-py2.py3-none-any.whl (250 kB)
2025-08-20T01:04:17.3888275Z Using cached psycopg2_binary-2.9.10-cp311-cp311-manylinux_2_17_x86_64.manylinux2014_x86_64.whl (3.0 MB)
2025-08-20T01:04:17.3924303Z Using cached psycopg-3.2.9-py3-none-any.whl (202 kB)
2025-08-20T01:04:17.3938573Z Using cached pytest_asyncio-0.23.6-py3-none-any.whl (17 kB)
2025-08-20T01:04:17.3951724Z Using cached pytest_cov-6.2.1-py3-none-any.whl (24 kB)
2025-08-20T01:04:17.3965162Z Using cached pytest_postgresql-7.0.2-py3-none-any.whl (41 kB)
2025-08-20T01:04:17.3978706Z Using cached python_telegram_bot-22.3-py3-none-any.whl (717 kB)
2025-08-20T01:04:17.3997120Z Using cached requests-2.32.4-py3-none-any.whl (64 kB)
2025-08-20T01:04:17.4010463Z Using cached respx-0.22.0-py2.py3-none-any.whl (25 kB)
2025-08-20T01:04:17.4024161Z Using cached ruff-0.4.4-py3-none-manylinux_2_17_x86_64.manylinux2014_x86_64.whl (8.7 MB)
2025-08-20T01:04:17.4099377Z Using cached sqlalchemy-2.0.43-cp311-cp311-manylinux_2_17_x86_64.manylinux2014_x86_64.whl (3.3 MB)
2025-08-20T01:04:17.4135862Z Using cached structlog-24.1.0-py3-none-any.whl (65 kB)
2025-08-20T01:04:17.4149478Z Using cached testcontainers-4.10.0-py3-none-any.whl (107 kB)
2025-08-20T01:04:17.4163359Z Using cached types_requests-2.32.4.20250809-py3-none-any.whl (20 kB)
2025-08-20T01:04:17.4177174Z Using cached docspec_python-2.2.2-py3-none-any.whl (15 kB)
2025-08-20T01:04:17.4190476Z Using cached pydoc_markdown-4.8.2-py3-none-any.whl (67 kB)
2025-08-20T01:04:17.4204009Z Using cached docspec-2.2.1-py3-none-any.whl (9.8 kB)
2025-08-20T01:04:17.4217807Z Using cached psycopg_binary-3.2.9-cp311-cp311-manylinux_2_17_x86_64.manylinux2014_x86_64.whl (4.5 MB)
2025-08-20T01:04:17.4263523Z Using cached pydantic_core-2.33.2-cp311-cp311-manylinux_2_17_x86_64.manylinux2014_x86_64.whl (2.0 MB)
2025-08-20T01:04:17.4290929Z Using cached redis-6.4.0-py3-none-any.whl (279 kB)
2025-08-20T01:04:17.4306161Z Using cached minio-7.2.16-py3-none-any.whl (95 kB)
2025-08-20T01:04:17.4319813Z Using cached httpx-0.28.1-py3-none-any.whl (73 kB)
2025-08-20T01:04:17.4333859Z Using cached mypy-1.17.1-cp311-cp311-manylinux2014_x86_64.manylinux_2_17_x86_64.manylinux_2_28_x86_64.whl (12.6 MB)
2025-08-20T01:04:17.4436381Z Using cached numpy-1.26.4-cp311-cp311-manylinux_2_17_x86_64.manylinux2014_x86_64.whl (18.3 MB)
2025-08-20T01:04:17.4578144Z Using cached pandas-2.2.3-cp311-cp311-manylinux_2_17_x86_64.manylinux2014_x86_64.whl (13.1 MB)
2025-08-20T01:04:17.4684421Z Using cached pandera-0.19.3-py3-none-any.whl (251 kB)
2025-08-20T01:04:17.4699072Z Using cached billiard-4.2.1-py3-none-any.whl (86 kB)
2025-08-20T01:04:17.4713568Z Using cached charset_normalizer-3.4.3-cp311-cp311-manylinux2014_x86_64.manylinux_2_17_x86_64.manylinux_2_28_x86_64.whl (150 kB)
2025-08-20T01:04:17.4727619Z Using cached click-8.2.1-py3-none-any.whl (102 kB)
2025-08-20T01:04:17.4741559Z Using cached databind.core-4.5.2-py3-none-any.whl (1.5 kB)
2025-08-20T01:04:17.4755068Z Using cached databind-4.5.2-py3-none-any.whl (49 kB)
2025-08-20T01:04:17.4768740Z Using cached databind.json-4.5.2-py3-none-any.whl (1.5 kB)
2025-08-20T01:04:17.4782027Z Using cached Deprecated-1.2.18-py2.py3-none-any.whl (10.0 kB)
2025-08-20T01:04:17.4795491Z Using cached httpcore-1.0.9-py3-none-any.whl (78 kB)
2025-08-20T01:04:17.4808938Z Using cached idna-3.10-py3-none-any.whl (70 kB)
2025-08-20T01:04:17.4822663Z Using cached kombu-5.5.4-py3-none-any.whl (210 kB)
2025-08-20T01:04:17.4837307Z Using cached vine-5.1.0-py3-none-any.whl (9.6 kB)
2025-08-20T01:04:17.4850479Z Using cached amqp-5.3.1-py3-none-any.whl (50 kB)
2025-08-20T01:04:17.4864391Z Using cached multimethod-1.10-py3-none-any.whl (9.9 kB)
2025-08-20T01:04:17.4877303Z Using cached nr_date-2.1.0-py3-none-any.whl (10 kB)
2025-08-20T01:04:17.4890492Z Using cached nr_stream-1.1.5-py3-none-any.whl (10 kB)
2025-08-20T01:04:17.4903818Z Using cached nr.util-0.8.12-py3-none-any.whl (90 kB)
2025-08-20T01:04:17.4917761Z Using cached pytest-8.4.1-py3-none-any.whl (365 kB)
2025-08-20T01:04:17.4933493Z Using cached pluggy-1.6.0-py3-none-any.whl (20 kB)
2025-08-20T01:04:17.4947673Z Using cached PyYAML-6.0.2-cp311-cp311-manylinux_2_17_x86_64.manylinux2014_x86_64.whl (762 kB)
2025-08-20T01:04:17.4966278Z Using cached starlette-0.47.2-py3-none-any.whl (72 kB)
2025-08-20T01:04:17.4979928Z Using cached anyio-4.10.0-py3-none-any.whl (107 kB)
2025-08-20T01:04:17.4994306Z Using cached tomli-2.2.1-cp311-cp311-manylinux_2_17_x86_64.manylinux2014_x86_64.whl (236 kB)
2025-08-20T01:04:17.5008820Z Using cached tomli_w-1.2.0-py3-none-any.whl (6.7 kB)
2025-08-20T01:04:17.5021983Z Using cached typeapi-2.2.4-py3-none-any.whl (26 kB)
2025-08-20T01:04:17.5035559Z Using cached typing_extensions-4.14.1-py3-none-any.whl (43 kB)
2025-08-20T01:04:17.5048914Z Using cached urllib3-2.5.0-py3-none-any.whl (129 kB)
2025-08-20T01:04:17.5065307Z Using cached wrapt-1.17.3-cp311-cp311-manylinux1_x86_64.manylinux_2_28_x86_64.manylinux_2_5_x86_64.whl (82 kB)
2025-08-20T01:04:17.5099670Z Downloading boto3-1.40.13-py3-none-any.whl (140 kB)
2025-08-20T01:04:17.5273107Z Downloading botocore-1.40.13-py3-none-any.whl (14.0 MB)
2025-08-20T01:04:17.6008185Z    ━━━━━━━━━━━━━━━━━━━━━━━━━━━━━━━━━━━━━━━━ 14.0/14.0 MB 198.1 MB/s  0:00:00
2025-08-20T01:04:17.6024319Z Using cached jmespath-1.0.1-py3-none-any.whl (20 kB)
2025-08-20T01:04:17.6039053Z Using cached python_dateutil-2.9.0.post0-py2.py3-none-any.whl (229 kB)
2025-08-20T01:04:17.6054951Z Using cached s3transfer-0.13.1-py3-none-any.whl (85 kB)
2025-08-20T01:04:17.6069240Z Using cached itsdangerous-2.2.0-py3-none-any.whl (16 kB)
2025-08-20T01:04:17.6083051Z Using cached python_dotenv-1.1.1-py3-none-any.whl (20 kB)
2025-08-20T01:04:17.6096942Z Using cached python_multipart-0.0.20-py3-none-any.whl (24 kB)
2025-08-20T01:04:17.6110365Z Using cached annotated_types-0.7.0-py3-none-any.whl (13 kB)
2025-08-20T01:04:17.6124380Z Using cached certifi-2025.8.3-py3-none-any.whl (161 kB)
2025-08-20T01:04:17.6138821Z Using cached click_didyoumean-0.3.1-py3-none-any.whl (3.6 kB)
2025-08-20T01:04:17.6152155Z Using cached click_plugins-1.1.1.2-py2.py3-none-any.whl (11 kB)
2025-08-20T01:04:17.6166034Z Using cached click_repl-0.3.0-py3-none-any.whl (10 kB)
2025-08-20T01:04:17.6180344Z Using cached coverage-7.10.4-cp311-cp311-manylinux1_x86_64.manylinux_2_28_x86_64.manylinux_2_5_x86_64.whl (249 kB)
2025-08-20T01:04:17.6195388Z Using cached email_validator-2.2.0-py3-none-any.whl (33 kB)
2025-08-20T01:04:17.6209123Z Using cached dnspython-2.7.0-py3-none-any.whl (313 kB)
2025-08-20T01:04:17.6224866Z Using cached fastapi_cli-0.0.8-py3-none-any.whl (10 kB)
2025-08-20T01:04:17.6238216Z Using cached fastapi_cloud_cli-0.1.5-py3-none-any.whl (18 kB)
2025-08-20T01:04:17.6252184Z Using cached greenlet-3.2.4-cp311-cp311-manylinux_2_24_x86_64.manylinux_2_28_x86_64.whl (587 kB)
2025-08-20T01:04:17.6269907Z Using cached h11-0.16.0-py3-none-any.whl (37 kB)
2025-08-20T01:04:17.6283526Z Using cached iniconfig-2.1.0-py3-none-any.whl (6.0 kB)
2025-08-20T01:04:17.6297353Z Using cached MarkupSafe-3.0.2-cp311-cp311-manylinux_2_17_x86_64.manylinux2014_x86_64.whl (23 kB)
2025-08-20T01:04:17.6310672Z Using cached mirakuru-2.6.1-py3-none-any.whl (26 kB)
2025-08-20T01:04:17.6324633Z Using cached orjson-3.11.2-cp311-cp311-manylinux_2_17_x86_64.manylinux2014_x86_64.whl (121 kB)
2025-08-20T01:04:17.6338550Z Using cached packaging-25.0-py3-none-any.whl (66 kB)
2025-08-20T01:04:17.6352220Z Using cached pathspec-0.12.1-py3-none-any.whl (31 kB)
2025-08-20T01:04:17.6365966Z Using cached platformdirs-4.3.8-py3-none-any.whl (18 kB)
2025-08-20T01:04:17.6379239Z Using cached port_for-0.7.4-py3-none-any.whl (21 kB)
2025-08-20T01:04:17.6393284Z Using cached prompt_toolkit-3.0.51-py3-none-any.whl (387 kB)
2025-08-20T01:04:17.6410155Z Using cached psutil-7.0.0-cp36-abi3-manylinux_2_12_x86_64.manylinux2010_x86_64.manylinux_2_17_x86_64.manylinux2014_x86_64.whl (277 kB)
2025-08-20T01:04:17.6425661Z Using cached pydantic_extra_types-2.10.5-py3-none-any.whl (38 kB)
2025-08-20T01:04:17.6439242Z Using cached pydantic_settings-2.10.1-py3-none-any.whl (45 kB)
2025-08-20T01:04:17.6453061Z Using cached pygments-2.19.2-py3-none-any.whl (1.2 MB)
2025-08-20T01:04:17.6475529Z Using cached pytz-2025.2-py2.py3-none-any.whl (509 kB)
2025-08-20T01:04:17.6492330Z Using cached rich_toolkit-0.15.0-py3-none-any.whl (29 kB)
2025-08-20T01:04:17.6506086Z Using cached rich-14.1.0-py3-none-any.whl (243 kB)
2025-08-20T01:04:17.6520966Z Using cached markdown_it_py-4.0.0-py3-none-any.whl (87 kB)
2025-08-20T01:04:17.6534862Z Using cached mdurl-0.1.2-py3-none-any.whl (10.0 kB)
2025-08-20T01:04:17.6548546Z Using cached rignore-0.6.4-cp311-cp311-manylinux_2_17_x86_64.manylinux2014_x86_64.whl (950 kB)
2025-08-20T01:04:17.6568852Z Using cached sentry_sdk-2.35.0-py2.py3-none-any.whl (363 kB)
2025-08-20T01:04:17.6584806Z Using cached six-1.17.0-py2.py3-none-any.whl (11 kB)
2025-08-20T01:04:17.6598087Z Using cached sniffio-1.3.1-py3-none-any.whl (10 kB)
2025-08-20T01:04:17.6611508Z Using cached typer-0.16.1-py3-none-any.whl (46 kB)
2025-08-20T01:04:17.6625298Z Using cached shellingham-1.5.4-py2.py3-none-any.whl (9.8 kB)
2025-08-20T01:04:17.6638516Z Using cached typing_inspect-0.9.0-py3-none-any.whl (8.8 kB)
2025-08-20T01:04:17.6652036Z Using cached typing_inspection-0.4.1-py3-none-any.whl (14 kB)
2025-08-20T01:04:17.6665726Z Using cached tzdata-2025.2-py2.py3-none-any.whl (347 kB)
2025-08-20T01:04:17.6681652Z Using cached tzlocal-5.3.1-py3-none-any.whl (18 kB)
2025-08-20T01:04:17.6695686Z Using cached ujson-5.10.0-cp311-cp311-manylinux_2_17_x86_64.manylinux2014_x86_64.whl (53 kB)
2025-08-20T01:04:17.6709238Z Using cached uvicorn-0.35.0-py3-none-any.whl (66 kB)
2025-08-20T01:04:17.6723851Z Using cached httptools-0.6.4-cp311-cp311-manylinux_2_5_x86_64.manylinux1_x86_64.manylinux_2_17_x86_64.manylinux2014_x86_64.whl (459 kB)
2025-08-20T01:04:17.6741020Z Using cached uvloop-0.21.0-cp311-cp311-manylinux_2_17_x86_64.manylinux2014_x86_64.whl (4.0 MB)
2025-08-20T01:04:17.6783599Z Using cached watchfiles-1.1.0-cp311-cp311-manylinux_2_17_x86_64.manylinux2014_x86_64.whl (453 kB)
2025-08-20T01:04:17.6801070Z Using cached websockets-15.0.1-cp311-cp311-manylinux_2_5_x86_64.manylinux1_x86_64.manylinux_2_17_x86_64.manylinux2014_x86_64.whl (182 kB)
2025-08-20T01:04:17.6815602Z Using cached yapf-0.43.0-py3-none-any.whl (256 kB)
2025-08-20T01:04:17.6830636Z Using cached argon2_cffi-25.1.0-py3-none-any.whl (14 kB)
2025-08-20T01:04:17.6844698Z Using cached argon2_cffi_bindings-25.1.0-cp39-abi3-manylinux_2_26_x86_64.manylinux_2_28_x86_64.whl (87 kB)
2025-08-20T01:04:17.6858759Z Using cached cffi-1.17.1-cp311-cp311-manylinux_2_17_x86_64.manylinux2014_x86_64.whl (467 kB)
2025-08-20T01:04:17.6875434Z Using cached docker-7.1.0-py3-none-any.whl (147 kB)
2025-08-20T01:04:17.6889836Z Using cached et_xmlfile-2.0.0-py3-none-any.whl (18 kB)
2025-08-20T01:04:17.6903341Z Using cached mako-1.3.10-py3-none-any.whl (78 kB)
2025-08-20T01:04:17.6917193Z Using cached pycparser-2.22-py3-none-any.whl (117 kB)
2025-08-20T01:04:17.6931870Z Using cached pycryptodome-3.23.0-cp37-abi3-manylinux_2_17_x86_64.manylinux2014_x86_64.whl (2.3 MB)
2025-08-20T01:04:17.6960977Z Using cached typeguard-4.4.4-py3-none-any.whl (34 kB)
2025-08-20T01:04:17.6974846Z Using cached watchdog-6.0.0-py3-none-manylinux2014_x86_64.whl (79 kB)
2025-08-20T01:04:17.6988785Z Using cached wcwidth-0.2.13-py2.py3-none-any.whl (34 kB)
2025-08-20T01:04:18.1070246Z Installing collected packages: wcwidth, pytz, wrapt, websockets, watchdog, vine, uvloop, urllib3, ujson, tzlocal, tzdata, typing-extensions, tomli_w, tomli, structlog, sniffio, six, shellingham, ruff, rignore, redis, PyYAML, python-multipart, python-dotenv, pygments, pycryptodome, pycparser, psycopg2-binary, psycopg-binary, psutil, prompt-toolkit, port-for, pluggy, platformdirs, pathspec, packaging, orjson, numpy, nr-stream, nr-date, mypy-extensions, multimethod, mdurl, MarkupSafe, jmespath, itsdangerous, iniconfig, imapclient, idna, httptools, h11, greenlet, et-xmlfile, docstring-parser, dnspython, coverage, click, charset_normalizer, certifi, billiard, asyncpg, annotated-types, yapf, uvicorn, typing-inspection, typing-inspect, types-requests, typeguard, typeapi, sqlalchemy, sentry-sdk, requests, python-dateutil, pytest, pydantic-core, psycopg, openpyxl, mypy, mirakuru, markdown-it-py, Mako, Jinja2, httpcore, email-validator, Deprecated, click-repl, click-plugins, click-didyoumean, cffi, black, apscheduler, anyio, amqp, watchfiles, starlette, rich, pytest-postgresql, pytest-cov, pytest-asyncio, pydantic, pandas, nr-util, kombu, httpx, docker, databind, botocore, argon2-cffi-bindings, alembic, typer, testcontainers, s3transfer, rich-toolkit, respx, python-telegram-bot, pydantic-settings, pydantic-extra-types, pandera, fastapi, databind.json, databind.core, celery, asgi-correlation-id, argon2-cffi, minio, fastapi-limiter, fastapi-cloud-cli, fastapi-cli, docspec, boto3, docspec-python, pydoc-markdown
2025-08-20T01:04:34.1968524Z 
2025-08-20T01:04:34.2033565Z Successfully installed Deprecated-1.2.18 Jinja2-3.1.6 Mako-1.3.10 MarkupSafe-3.0.2 PyYAML-6.0.2 alembic-1.13.1 amqp-5.3.1 annotated-types-0.7.0 anyio-4.10.0 apscheduler-3.10.4 argon2-cffi-25.1.0 argon2-cffi-bindings-25.1.0 asgi-correlation-id-4.3.1 asyncpg-0.30.0 billiard-4.2.1 black-25.1.0 boto3-1.40.13 botocore-1.40.13 celery-5.5.3 certifi-2025.8.3 cffi-1.17.1 charset_normalizer-3.4.3 click-8.2.1 click-didyoumean-0.3.1 click-plugins-1.1.1.2 click-repl-0.3.0 coverage-7.10.4 databind-4.5.2 databind.core-4.5.2 databind.json-4.5.2 dnspython-2.7.0 docker-7.1.0 docspec-2.2.1 docspec-python-2.2.2 docstring-parser-0.11 email-validator-2.2.0 et-xmlfile-2.0.0 fastapi-0.116.1 fastapi-cli-0.0.8 fastapi-cloud-cli-0.1.5 fastapi-limiter-0.1.6 greenlet-3.2.4 h11-0.16.0 httpcore-1.0.9 httptools-0.6.4 httpx-0.28.1 idna-3.10 imapclient-3.0.1 iniconfig-2.1.0 itsdangerous-2.2.0 jmespath-1.0.1 kombu-5.5.4 markdown-it-py-4.0.0 mdurl-0.1.2 minio-7.2.16 mirakuru-2.6.1 multimethod-1.10 mypy-1.17.1 mypy-extensions-1.1.0 nr-date-2.1.0 nr-stream-1.1.5 nr-util-0.8.12 numpy-1.26.4 openpyxl-3.1.5 orjson-3.11.2 packaging-25.0 pandas-2.2.3 pandera-0.19.3 pathspec-0.12.1 platformdirs-4.3.8 pluggy-1.6.0 port-for-0.7.4 prompt-toolkit-3.0.51 psutil-7.0.0 psycopg-3.2.9 psycopg-binary-3.2.9 psycopg2-binary-2.9.10 pycparser-2.22 pycryptodome-3.23.0 pydantic-2.11.7 pydantic-core-2.33.2 pydantic-extra-types-2.10.5 pydantic-settings-2.10.1 pydoc-markdown-4.8.2 pygments-2.19.2 pytest-8.4.1 pytest-asyncio-0.23.6 pytest-cov-6.2.1 pytest-postgresql-7.0.2 python-dateutil-2.9.0.post0 python-dotenv-1.1.1 python-multipart-0.0.20 python-telegram-bot-22.3 pytz-2025.2 redis-6.4.0 requests-2.32.4 respx-0.22.0 rich-14.1.0 rich-toolkit-0.15.0 rignore-0.6.4 ruff-0.4.4 s3transfer-0.13.1 sentry-sdk-2.35.0 shellingham-1.5.4 six-1.17.0 sniffio-1.3.1 sqlalchemy-2.0.43 starlette-0.47.2 structlog-24.1.0 testcontainers-4.10.0 tomli-2.2.1 tomli_w-1.2.0 typeapi-2.2.4 typeguard-4.4.4 typer-0.16.1 types-requests-2.32.4.20250809 typing-extensions-4.14.1 typing-inspect-0.9.0 typing-inspection-0.4.1 tzdata-2025.2 tzlocal-5.3.1 ujson-5.10.0 urllib3-2.5.0 uvicorn-0.35.0 uvloop-0.21.0 vine-5.1.0 watchdog-6.0.0 watchfiles-1.1.0 wcwidth-0.2.13 websockets-15.0.1 wrapt-1.17.3 yapf-0.43.0
2025-08-20T01:04:35.9322215Z Collecting keepa==1.3.15
2025-08-20T01:04:35.9337775Z   Using cached keepa-1.3.15-py3-none-any.whl.metadata (11 kB)
2025-08-20T01:04:35.9582227Z Collecting minio==7.1.15
2025-08-20T01:04:35.9597284Z   Using cached minio-7.1.15-py3-none-any.whl.metadata (4.2 kB)
2025-08-20T01:04:35.9622139Z Requirement already satisfied: numpy>=1.9.3 in /opt/hostedtoolcache/Python/3.11.13/x64/lib/python3.11/site-packages (from keepa==1.3.15) (1.26.4)
2025-08-20T01:04:35.9627752Z Requirement already satisfied: requests>=2.2 in /opt/hostedtoolcache/Python/3.11.13/x64/lib/python3.11/site-packages (from keepa==1.3.15) (2.32.4)
2025-08-20T01:04:35.9932297Z Collecting tqdm (from keepa==1.3.15)
2025-08-20T01:04:35.9946529Z   Using cached tqdm-4.67.1-py3-none-any.whl.metadata (57 kB)
2025-08-20T01:04:36.4689218Z Collecting aiohttp (from keepa==1.3.15)
2025-08-20T01:04:36.4707115Z   Using cached aiohttp-3.12.15-cp311-cp311-manylinux_2_17_x86_64.manylinux2014_x86_64.whl.metadata (7.7 kB)
2025-08-20T01:04:36.4738291Z Requirement already satisfied: pandas<=3.0 in /opt/hostedtoolcache/Python/3.11.13/x64/lib/python3.11/site-packages (from keepa==1.3.15) (2.2.3)
2025-08-20T01:04:36.4743808Z Requirement already satisfied: pydantic in /opt/hostedtoolcache/Python/3.11.13/x64/lib/python3.11/site-packages (from keepa==1.3.15) (2.11.7)
2025-08-20T01:04:36.4751262Z Requirement already satisfied: certifi in /opt/hostedtoolcache/Python/3.11.13/x64/lib/python3.11/site-packages (from minio==7.1.15) (2025.8.3)
2025-08-20T01:04:36.4754577Z Requirement already satisfied: urllib3 in /opt/hostedtoolcache/Python/3.11.13/x64/lib/python3.11/site-packages (from minio==7.1.15) (2.5.0)
2025-08-20T01:04:36.4801717Z Requirement already satisfied: python-dateutil>=2.8.2 in /opt/hostedtoolcache/Python/3.11.13/x64/lib/python3.11/site-packages (from pandas<=3.0->keepa==1.3.15) (2.9.0.post0)
2025-08-20T01:04:36.4806665Z Requirement already satisfied: pytz>=2020.1 in /opt/hostedtoolcache/Python/3.11.13/x64/lib/python3.11/site-packages (from pandas<=3.0->keepa==1.3.15) (2025.2)
2025-08-20T01:04:36.4811067Z Requirement already satisfied: tzdata>=2022.7 in /opt/hostedtoolcache/Python/3.11.13/x64/lib/python3.11/site-packages (from pandas<=3.0->keepa==1.3.15) (2025.2)
2025-08-20T01:04:36.4923690Z Requirement already satisfied: six>=1.5 in /opt/hostedtoolcache/Python/3.11.13/x64/lib/python3.11/site-packages (from python-dateutil>=2.8.2->pandas<=3.0->keepa==1.3.15) (1.17.0)
2025-08-20T01:04:36.4940693Z Requirement already satisfied: charset_normalizer<4,>=2 in /opt/hostedtoolcache/Python/3.11.13/x64/lib/python3.11/site-packages (from requests>=2.2->keepa==1.3.15) (3.4.3)
2025-08-20T01:04:36.4945876Z Requirement already satisfied: idna<4,>=2.5 in /opt/hostedtoolcache/Python/3.11.13/x64/lib/python3.11/site-packages (from requests>=2.2->keepa==1.3.15) (3.10)
2025-08-20T01:04:36.5127734Z Collecting aiohappyeyeballs>=2.5.0 (from aiohttp->keepa==1.3.15)
2025-08-20T01:04:36.5141608Z   Using cached aiohappyeyeballs-2.6.1-py3-none-any.whl.metadata (5.9 kB)
2025-08-20T01:04:36.5240279Z Collecting aiosignal>=1.4.0 (from aiohttp->keepa==1.3.15)
2025-08-20T01:04:36.5254007Z   Using cached aiosignal-1.4.0-py3-none-any.whl.metadata (3.7 kB)
2025-08-20T01:04:36.5382442Z Collecting attrs>=17.3.0 (from aiohttp->keepa==1.3.15)
2025-08-20T01:04:36.5396050Z   Using cached attrs-25.3.0-py3-none-any.whl.metadata (10 kB)
2025-08-20T01:04:36.6037106Z Collecting frozenlist>=1.1.1 (from aiohttp->keepa==1.3.15)
2025-08-20T01:04:36.6053561Z   Using cached frozenlist-1.7.0-cp311-cp311-manylinux_2_5_x86_64.manylinux1_x86_64.manylinux_2_17_x86_64.manylinux2014_x86_64.whl.metadata (18 kB)
2025-08-20T01:04:36.8234456Z Collecting multidict<7.0,>=4.5 (from aiohttp->keepa==1.3.15)
2025-08-20T01:04:36.8250170Z   Using cached multidict-6.6.4-cp311-cp311-manylinux2014_x86_64.manylinux_2_17_x86_64.manylinux_2_28_x86_64.whl.metadata (5.3 kB)
2025-08-20T01:04:36.8639230Z Collecting propcache>=0.2.0 (from aiohttp->keepa==1.3.15)
2025-08-20T01:04:36.8653618Z   Using cached propcache-0.3.2-cp311-cp311-manylinux_2_17_x86_64.manylinux2014_x86_64.whl.metadata (12 kB)
2025-08-20T01:04:37.1255375Z Collecting yarl<2.0,>=1.17.0 (from aiohttp->keepa==1.3.15)
2025-08-20T01:04:37.1271021Z   Using cached yarl-1.20.1-cp311-cp311-manylinux_2_17_x86_64.manylinux2014_x86_64.whl.metadata (73 kB)
2025-08-20T01:04:37.1469229Z Requirement already satisfied: typing-extensions>=4.2 in /opt/hostedtoolcache/Python/3.11.13/x64/lib/python3.11/site-packages (from aiosignal>=1.4.0->aiohttp->keepa==1.3.15) (4.14.1)
2025-08-20T01:04:37.1513739Z Requirement already satisfied: annotated-types>=0.6.0 in /opt/hostedtoolcache/Python/3.11.13/x64/lib/python3.11/site-packages (from pydantic->keepa==1.3.15) (0.7.0)
2025-08-20T01:04:37.1519359Z Requirement already satisfied: pydantic-core==2.33.2 in /opt/hostedtoolcache/Python/3.11.13/x64/lib/python3.11/site-packages (from pydantic->keepa==1.3.15) (2.33.2)
2025-08-20T01:04:37.1526563Z Requirement already satisfied: typing-inspection>=0.4.0 in /opt/hostedtoolcache/Python/3.11.13/x64/lib/python3.11/site-packages (from pydantic->keepa==1.3.15) (0.4.1)
2025-08-20T01:04:37.1584411Z Using cached keepa-1.3.15-py3-none-any.whl (38 kB)
2025-08-20T01:04:37.1597821Z Using cached minio-7.1.15-py3-none-any.whl (77 kB)
2025-08-20T01:04:37.1611739Z Using cached aiohttp-3.12.15-cp311-cp311-manylinux_2_17_x86_64.manylinux2014_x86_64.whl (1.7 MB)
2025-08-20T01:04:37.1638487Z Using cached multidict-6.6.4-cp311-cp311-manylinux2014_x86_64.manylinux_2_17_x86_64.manylinux_2_28_x86_64.whl (246 kB)
2025-08-20T01:04:37.1653513Z Using cached yarl-1.20.1-cp311-cp311-manylinux_2_17_x86_64.manylinux2014_x86_64.whl (348 kB)
2025-08-20T01:04:37.1669255Z Using cached aiohappyeyeballs-2.6.1-py3-none-any.whl (15 kB)
2025-08-20T01:04:37.1682250Z Using cached aiosignal-1.4.0-py3-none-any.whl (7.5 kB)
2025-08-20T01:04:37.1695508Z Using cached attrs-25.3.0-py3-none-any.whl (63 kB)
2025-08-20T01:04:37.1709455Z Using cached frozenlist-1.7.0-cp311-cp311-manylinux_2_5_x86_64.manylinux1_x86_64.manylinux_2_17_x86_64.manylinux2014_x86_64.whl (235 kB)
2025-08-20T01:04:37.1724360Z Using cached propcache-0.3.2-cp311-cp311-manylinux_2_17_x86_64.manylinux2014_x86_64.whl (213 kB)
2025-08-20T01:04:37.1738644Z Using cached tqdm-4.67.1-py3-none-any.whl (78 kB)
2025-08-20T01:04:37.3229418Z Installing collected packages: tqdm, propcache, multidict, minio, frozenlist, attrs, aiohappyeyeballs, yarl, aiosignal, aiohttp, keepa
2025-08-20T01:04:37.3894230Z   Attempting uninstall: minio
2025-08-20T01:04:37.3925764Z     Found existing installation: minio 7.2.16
2025-08-20T01:04:37.3959696Z     Uninstalling minio-7.2.16:
2025-08-20T01:04:37.3969590Z       Successfully uninstalled minio-7.2.16
2025-08-20T01:04:37.7146813Z 
2025-08-20T01:04:37.7203171Z Successfully installed aiohappyeyeballs-2.6.1 aiohttp-3.12.15 aiosignal-1.4.0 attrs-25.3.0 frozenlist-1.7.0 keepa-1.3.15 minio-7.1.15 multidict-6.6.4 propcache-0.3.2 tqdm-4.67.1 yarl-1.20.1
2025-08-20T01:04:37.8910251Z ##[group]Run sudo apt-get update
2025-08-20T01:04:37.8910551Z [36;1msudo apt-get update[0m
2025-08-20T01:04:37.8910808Z [36;1msudo apt-get install -y postgresql[0m
2025-08-20T01:04:37.8911289Z [36;1mecho "/usr/lib/postgresql/$(pg_config --version | cut -d' ' -f2 | cut -d'.' -f1,2)/bin" >> $GITHUB_PATH[0m
2025-08-20T01:04:37.8952062Z shell: /usr/bin/bash -e {0}
2025-08-20T01:04:37.8952297Z env:
2025-08-20T01:04:37.8952476Z   PG_USER: postgres
2025-08-20T01:04:37.8952672Z   PG_PASSWORD: pass
2025-08-20T01:04:37.8953106Z   PG_DATABASE: awa
2025-08-20T01:04:37.8953297Z   PG_HOST: localhost
2025-08-20T01:04:37.8953489Z   PG_PORT: 5432
2025-08-20T01:04:37.8954128Z   PG_SYNC_DSN: ***localhost:5432/awa
2025-08-20T01:04:37.8954561Z   PG_ASYNC_DSN: ***localhost:5432/awa
2025-08-20T01:04:37.8954948Z   DATABASE_URL: ***localhost:5432/awa
2025-08-20T01:04:37.8955185Z   DATA_DIR: /tmp/awa-data
2025-08-20T01:04:37.8955393Z   ENABLE_LIVE: 0
2025-08-20T01:04:37.8955573Z   TESTING: 1
2025-08-20T01:04:37.8955832Z   pythonLocation: /opt/hostedtoolcache/Python/3.11.13/x64
2025-08-20T01:04:37.8956231Z   PKG_CONFIG_PATH: /opt/hostedtoolcache/Python/3.11.13/x64/lib/pkgconfig
2025-08-20T01:04:37.8956613Z   Python_ROOT_DIR: /opt/hostedtoolcache/Python/3.11.13/x64
2025-08-20T01:04:37.8956964Z   Python2_ROOT_DIR: /opt/hostedtoolcache/Python/3.11.13/x64
2025-08-20T01:04:37.8957311Z   Python3_ROOT_DIR: /opt/hostedtoolcache/Python/3.11.13/x64
2025-08-20T01:04:37.8957660Z   LD_LIBRARY_PATH: /opt/hostedtoolcache/Python/3.11.13/x64/lib
2025-08-20T01:04:37.8957951Z ##[endgroup]
2025-08-20T01:04:37.9979306Z Get:1 file:/etc/apt/apt-mirrors.txt Mirrorlist [144 B]
2025-08-20T01:04:38.0305120Z Hit:2 http://azure.archive.ubuntu.com/ubuntu noble InRelease
2025-08-20T01:04:38.0316876Z Get:3 http://azure.archive.ubuntu.com/ubuntu noble-updates InRelease [126 kB]
2025-08-20T01:04:38.0372323Z Get:4 http://azure.archive.ubuntu.com/ubuntu noble-backports InRelease [126 kB]
2025-08-20T01:04:38.0422445Z Get:5 http://azure.archive.ubuntu.com/ubuntu noble-security InRelease [126 kB]
2025-08-20T01:04:38.1816061Z Get:6 http://azure.archive.ubuntu.com/ubuntu noble-updates/main amd64 Packages [1337 kB]
2025-08-20T01:04:38.1969130Z Get:7 http://azure.archive.ubuntu.com/ubuntu noble-updates/main Translation-en [267 kB]
2025-08-20T01:04:38.2018140Z Get:8 http://azure.archive.ubuntu.com/ubuntu noble-updates/main amd64 Components [175 kB]
2025-08-20T01:04:38.2025837Z Get:9 http://azure.archive.ubuntu.com/ubuntu noble-updates/universe amd64 Packages [1121 kB]
2025-08-20T01:04:38.2109984Z Get:10 http://azure.archive.ubuntu.com/ubuntu noble-updates/universe Translation-en [288 kB]
2025-08-20T01:04:38.2119151Z Get:11 http://azure.archive.ubuntu.com/ubuntu noble-updates/universe amd64 Components [377 kB]
2025-08-20T01:04:38.2146876Z Get:12 http://azure.archive.ubuntu.com/ubuntu noble-updates/restricted amd64 Packages [1700 kB]
2025-08-20T01:04:38.2237361Z Get:13 http://azure.archive.ubuntu.com/ubuntu noble-updates/restricted Translation-en [375 kB]
2025-08-20T01:04:38.2261161Z Get:14 http://azure.archive.ubuntu.com/ubuntu noble-updates/restricted amd64 Components [212 B]
2025-08-20T01:04:38.2268753Z Get:15 http://azure.archive.ubuntu.com/ubuntu noble-updates/multiverse amd64 Components [940 B]
2025-08-20T01:04:38.2366085Z Hit:16 https://packages.microsoft.com/repos/azure-cli noble InRelease
2025-08-20T01:04:38.2735279Z Get:23 https://packages.microsoft.com/ubuntu/24.04/prod noble InRelease [3600 B]
2025-08-20T01:04:38.2944356Z Get:17 http://azure.archive.ubuntu.com/ubuntu noble-backports/main amd64 Components [7076 B]
2025-08-20T01:04:38.2967774Z Get:18 http://azure.archive.ubuntu.com/ubuntu noble-backports/universe amd64 Packages [30.2 kB]
2025-08-20T01:04:38.2976826Z Get:19 http://azure.archive.ubuntu.com/ubuntu noble-backports/universe Translation-en [17.4 kB]
2025-08-20T01:04:38.2988504Z Get:20 http://azure.archive.ubuntu.com/ubuntu noble-backports/universe amd64 Components [19.2 kB]
2025-08-20T01:04:38.2998371Z Get:21 http://azure.archive.ubuntu.com/ubuntu noble-backports/restricted amd64 Components [216 B]
2025-08-20T01:04:38.3009822Z Get:22 http://azure.archive.ubuntu.com/ubuntu noble-backports/multiverse amd64 Components [212 B]
2025-08-20T01:04:38.3020724Z Get:24 http://azure.archive.ubuntu.com/ubuntu noble-security/main amd64 Packages [1077 kB]
2025-08-20T01:04:38.3087368Z Get:25 http://azure.archive.ubuntu.com/ubuntu noble-security/main Translation-en [186 kB]
2025-08-20T01:04:38.3108954Z Get:26 http://azure.archive.ubuntu.com/ubuntu noble-security/main amd64 Components [21.5 kB]
2025-08-20T01:04:38.3117557Z Get:27 http://azure.archive.ubuntu.com/ubuntu noble-security/universe amd64 Packages [879 kB]
2025-08-20T01:04:38.3173869Z Get:28 http://azure.archive.ubuntu.com/ubuntu noble-security/universe Translation-en [195 kB]
2025-08-20T01:04:38.3196061Z Get:29 http://azure.archive.ubuntu.com/ubuntu noble-security/universe amd64 Components [52.3 kB]
2025-08-20T01:04:38.3205603Z Get:30 http://azure.archive.ubuntu.com/ubuntu noble-security/restricted amd64 Packages [1616 kB]
2025-08-20T01:04:38.3306173Z Get:31 http://azure.archive.ubuntu.com/ubuntu noble-security/restricted Translation-en [358 kB]
2025-08-20T01:04:38.3759450Z Get:32 http://azure.archive.ubuntu.com/ubuntu noble-security/restricted amd64 Components [212 B]
2025-08-20T01:04:38.3768167Z Get:33 http://azure.archive.ubuntu.com/ubuntu noble-security/multiverse amd64 Components [212 B]
2025-08-20T01:04:38.4446185Z Get:34 https://packages.microsoft.com/ubuntu/24.04/prod noble/main amd64 Packages [47.9 kB]
2025-08-20T01:04:38.4873640Z Get:35 https://packages.microsoft.com/ubuntu/24.04/prod noble/main arm64 Packages [33.1 kB]
2025-08-20T01:04:47.1111495Z Fetched 10.6 MB in 1s (8268 kB/s)
2025-08-20T01:04:47.7912650Z Reading package lists...
2025-08-20T01:04:47.8233313Z Reading package lists...
2025-08-20T01:04:47.9861173Z Building dependency tree...
2025-08-20T01:04:47.9869121Z Reading state information...
2025-08-20T01:04:48.1422570Z Suggested packages:
2025-08-20T01:04:48.1423329Z   postgresql-doc
2025-08-20T01:04:48.1684744Z The following NEW packages will be installed:
2025-08-20T01:04:48.1685250Z   postgresql
2025-08-20T01:04:48.1855568Z 0 upgraded, 1 newly installed, 0 to remove and 39 not upgraded.
2025-08-20T01:04:48.1856209Z Need to get 11.6 kB of archives.
2025-08-20T01:04:48.1856767Z After this operation, 17.4 kB of additional disk space will be used.
2025-08-20T01:04:48.1857177Z Get:1 file:/etc/apt/apt-mirrors.txt Mirrorlist [144 B]
2025-08-20T01:04:48.2824170Z Get:2 http://azure.archive.ubuntu.com/ubuntu noble-updates/main amd64 postgresql all 16+257build1.1 [11.6 kB]
2025-08-20T01:04:48.5421670Z Fetched 11.6 kB in 0s (108 kB/s)
2025-08-20T01:04:48.5723795Z Selecting previously unselected package postgresql.
2025-08-20T01:04:48.6261353Z (Reading database ... 
2025-08-20T01:04:48.6262032Z (Reading database ... 5%
2025-08-20T01:04:48.6262505Z (Reading database ... 10%
2025-08-20T01:04:48.6263169Z (Reading database ... 15%
2025-08-20T01:04:48.6263600Z (Reading database ... 20%
2025-08-20T01:04:48.6263955Z (Reading database ... 25%
2025-08-20T01:04:48.6264357Z (Reading database ... 30%
2025-08-20T01:04:48.6264813Z (Reading database ... 35%
2025-08-20T01:04:48.6265239Z (Reading database ... 40%
2025-08-20T01:04:48.6265655Z (Reading database ... 45%
2025-08-20T01:04:48.6266087Z (Reading database ... 50%
2025-08-20T01:04:48.7214523Z (Reading database ... 55%
2025-08-20T01:04:48.8484232Z (Reading database ... 60%
2025-08-20T01:04:49.1061710Z (Reading database ... 65%
2025-08-20T01:04:49.2226446Z (Reading database ... 70%
2025-08-20T01:04:49.2967543Z (Reading database ... 75%
2025-08-20T01:04:49.6593550Z (Reading database ... 80%
2025-08-20T01:04:50.1646684Z (Reading database ... 85%
2025-08-20T01:04:50.6723167Z (Reading database ... 90%
2025-08-20T01:04:51.1530328Z (Reading database ... 95%
2025-08-20T01:04:51.1530879Z (Reading database ... 100%
2025-08-20T01:04:51.1531526Z (Reading database ... 219881 files and directories currently installed.)
2025-08-20T01:04:51.1580957Z Preparing to unpack .../postgresql_16+257build1.1_all.deb ...
2025-08-20T01:04:51.1606691Z Unpacking postgresql (16+257build1.1) ...
2025-08-20T01:04:51.1977999Z Setting up postgresql (16+257build1.1) ...
2025-08-20T01:04:52.1143971Z 
2025-08-20T01:04:52.1144555Z Running kernel seems to be up-to-date.
2025-08-20T01:04:52.1144936Z 
2025-08-20T01:04:52.1145091Z Restarting services...
2025-08-20T01:04:52.1218745Z 
2025-08-20T01:04:52.1219198Z Service restarts being deferred:
2025-08-20T01:04:52.1220468Z  systemctl restart hosted-compute-agent.service
2025-08-20T01:04:52.1220695Z 
2025-08-20T01:04:52.1221206Z No containers need to be restarted.
2025-08-20T01:04:52.1221554Z 
2025-08-20T01:04:52.1221785Z No user sessions are running outdated binaries.
2025-08-20T01:04:52.1222178Z 
2025-08-20T01:04:52.1222516Z No VM guests are running outdated hypervisor (qemu) binaries on this host.
2025-08-20T01:04:52.9811269Z ##[group]Run pytest tests/db -q --cov=services --cov-append --cov-fail-under=0
2025-08-20T01:04:52.9811806Z [36;1mpytest tests/db -q --cov=services --cov-append --cov-fail-under=0[0m
2025-08-20T01:04:52.9852465Z shell: /usr/bin/bash -e {0}
2025-08-20T01:04:52.9852871Z env:
2025-08-20T01:04:52.9853159Z   PG_USER: postgres
2025-08-20T01:04:52.9853478Z   PG_PASSWORD: pass
2025-08-20T01:04:52.9853732Z   PG_DATABASE: awa
2025-08-20T01:04:52.9853927Z   PG_HOST: localhost
2025-08-20T01:04:52.9854130Z   PG_PORT: 5432
2025-08-20T01:04:52.9854663Z   PG_SYNC_DSN: ***localhost:5432/awa
2025-08-20T01:04:52.9855071Z   PG_ASYNC_DSN: ***localhost:5432/awa
2025-08-20T01:04:52.9855463Z   DATABASE_URL: ***localhost:5432/awa
2025-08-20T01:04:52.9855709Z   DATA_DIR: /tmp/awa-data
2025-08-20T01:04:52.9855916Z   ENABLE_LIVE: 0
2025-08-20T01:04:52.9856113Z   TESTING: 1
2025-08-20T01:04:52.9856353Z   pythonLocation: /opt/hostedtoolcache/Python/3.11.13/x64
2025-08-20T01:04:52.9856770Z   PKG_CONFIG_PATH: /opt/hostedtoolcache/Python/3.11.13/x64/lib/pkgconfig
2025-08-20T01:04:52.9857155Z   Python_ROOT_DIR: /opt/hostedtoolcache/Python/3.11.13/x64
2025-08-20T01:04:52.9857495Z   Python2_ROOT_DIR: /opt/hostedtoolcache/Python/3.11.13/x64
2025-08-20T01:04:52.9857846Z   Python3_ROOT_DIR: /opt/hostedtoolcache/Python/3.11.13/x64
2025-08-20T01:04:52.9858202Z   LD_LIBRARY_PATH: /opt/hostedtoolcache/Python/3.11.13/x64/lib
2025-08-20T01:04:52.9858491Z ##[endgroup]
2025-08-20T01:04:55.9959246Z /opt/hostedtoolcache/Python/3.11.13/x64/lib/python3.11/site-packages/coverage/report_core.py:118: CoverageWarning: Couldn't parse '/home/runner/work/AWA-App/AWA-App/C:\Users\Alexey\Documents\GitHub\AWA-App\services\__init__.py': No source for code: '/home/runner/work/AWA-App/AWA-App/C:\Users\Alexey\Documents\GitHub\AWA-App\services\__init__.py'. (couldnt-parse)
2025-08-20T01:04:55.9962368Z   coverage._warn(msg, slug="couldnt-parse")
2025-08-20T01:04:55.9965111Z /opt/hostedtoolcache/Python/3.11.13/x64/lib/python3.11/site-packages/coverage/report_core.py:118: CoverageWarning: Couldn't parse '/home/runner/work/AWA-App/AWA-App/C:\Users\Alexey\Documents\GitHub\AWA-App\services\alert_bot\__init__.py': No source for code: '/home/runner/work/AWA-App/AWA-App/C:\Users\Alexey\Documents\GitHub\AWA-App\services\alert_bot\__init__.py'. (couldnt-parse)
2025-08-20T01:04:55.9967398Z   coverage._warn(msg, slug="couldnt-parse")
2025-08-20T01:04:55.9969576Z /opt/hostedtoolcache/Python/3.11.13/x64/lib/python3.11/site-packages/coverage/report_core.py:118: CoverageWarning: Couldn't parse '/home/runner/work/AWA-App/AWA-App/C:\Users\Alexey\Documents\GitHub\AWA-App\services\alert_bot\alert_bot.py': No source for code: '/home/runner/work/AWA-App/AWA-App/C:\Users\Alexey\Documents\GitHub\AWA-App\services\alert_bot\alert_bot.py'. (couldnt-parse)
2025-08-20T01:04:55.9971472Z   coverage._warn(msg, slug="couldnt-parse")
2025-08-20T01:04:55.9973869Z /opt/hostedtoolcache/Python/3.11.13/x64/lib/python3.11/site-packages/coverage/report_core.py:118: CoverageWarning: Couldn't parse '/home/runner/work/AWA-App/AWA-App/C:\Users\Alexey\Documents\GitHub\AWA-App\services\alert_bot\rules\__init__.py': No source for code: '/home/runner/work/AWA-App/AWA-App/C:\Users\Alexey\Documents\GitHub\AWA-App\services\alert_bot\rules\__init__.py'. (couldnt-parse)
2025-08-20T01:04:55.9976009Z   coverage._warn(msg, slug="couldnt-parse")
2025-08-20T01:04:55.9977334Z /opt/hostedtoolcache/Python/3.11.13/x64/lib/python3.11/site-packages/coverage/report_core.py:118: CoverageWarning: Couldn't parse '/home/runner/work/AWA-App/AWA-App/C:\Users\Alexey\Documents\GitHub\AWA-App\services\api\__init__.py': No source for code: '/home/runner/work/AWA-App/AWA-App/C:\Users\Alexey\Documents\GitHub\AWA-App\services\api\__init__.py'. (couldnt-parse)
2025-08-20T01:04:55.9978991Z   coverage._warn(msg, slug="couldnt-parse")
2025-08-20T01:04:55.9980688Z /opt/hostedtoolcache/Python/3.11.13/x64/lib/python3.11/site-packages/coverage/report_core.py:118: CoverageWarning: Couldn't parse '/home/runner/work/AWA-App/AWA-App/C:\Users\Alexey\Documents\GitHub\AWA-App\services\api\config.py': No source for code: '/home/runner/work/AWA-App/AWA-App/C:\Users\Alexey\Documents\GitHub\AWA-App\services\api\config.py'. (couldnt-parse)
2025-08-20T01:04:55.9982162Z   coverage._warn(msg, slug="couldnt-parse")
2025-08-20T01:04:55.9984022Z /opt/hostedtoolcache/Python/3.11.13/x64/lib/python3.11/site-packages/coverage/report_core.py:118: CoverageWarning: Couldn't parse '/home/runner/work/AWA-App/AWA-App/C:\Users\Alexey\Documents\GitHub\AWA-App\services\api\db.py': No source for code: '/home/runner/work/AWA-App/AWA-App/C:\Users\Alexey\Documents\GitHub\AWA-App\services\api\db.py'. (couldnt-parse)
2025-08-20T01:04:55.9985324Z   coverage._warn(msg, slug="couldnt-parse")
2025-08-20T01:04:55.9986999Z /opt/hostedtoolcache/Python/3.11.13/x64/lib/python3.11/site-packages/coverage/report_core.py:118: CoverageWarning: Couldn't parse '/home/runner/work/AWA-App/AWA-App/C:\Users\Alexey\Documents\GitHub\AWA-App\services\api\main.py': No source for code: '/home/runner/work/AWA-App/AWA-App/C:\Users\Alexey\Documents\GitHub\AWA-App\services\api\main.py'. (couldnt-parse)
2025-08-20T01:04:55.9988250Z   coverage._warn(msg, slug="couldnt-parse")
2025-08-20T01:04:55.9989970Z /opt/hostedtoolcache/Python/3.11.13/x64/lib/python3.11/site-packages/coverage/report_core.py:118: CoverageWarning: Couldn't parse '/home/runner/work/AWA-App/AWA-App/C:\Users\Alexey\Documents\GitHub\AWA-App\services\api\models\__init__.py': No source for code: '/home/runner/work/AWA-App/AWA-App/C:\Users\Alexey\Documents\GitHub\AWA-App\services\api\models\__init__.py'. (couldnt-parse)
2025-08-20T01:04:55.9991275Z   coverage._warn(msg, slug="couldnt-parse")
2025-08-20T01:04:55.9993101Z /opt/hostedtoolcache/Python/3.11.13/x64/lib/python3.11/site-packages/coverage/report_core.py:118: CoverageWarning: Couldn't parse '/home/runner/work/AWA-App/AWA-App/C:\Users\Alexey\Documents\GitHub\AWA-App\services\api\models\fee.py': No source for code: '/home/runner/work/AWA-App/AWA-App/C:\Users\Alexey\Documents\GitHub\AWA-App\services\api\models\fee.py'. (couldnt-parse)
2025-08-20T01:04:55.9994464Z   coverage._warn(msg, slug="couldnt-parse")
2025-08-20T01:04:55.9996261Z /opt/hostedtoolcache/Python/3.11.13/x64/lib/python3.11/site-packages/coverage/report_core.py:118: CoverageWarning: Couldn't parse '/home/runner/work/AWA-App/AWA-App/C:\Users\Alexey\Documents\GitHub\AWA-App\services\api\roi_repository.py': No source for code: '/home/runner/work/AWA-App/AWA-App/C:\Users\Alexey\Documents\GitHub\AWA-App\services\api\roi_repository.py'. (couldnt-parse)
2025-08-20T01:04:55.9998394Z   coverage._warn(msg, slug="couldnt-parse")
2025-08-20T01:04:56.0000569Z /opt/hostedtoolcache/Python/3.11.13/x64/lib/python3.11/site-packages/coverage/report_core.py:118: CoverageWarning: Couldn't parse '/home/runner/work/AWA-App/AWA-App/C:\Users\Alexey\Documents\GitHub\AWA-App\services\api\routes\__init__.py': No source for code: '/home/runner/work/AWA-App/AWA-App/C:\Users\Alexey\Documents\GitHub\AWA-App\services\api\routes\__init__.py'. (couldnt-parse)
2025-08-20T01:04:56.0003172Z   coverage._warn(msg, slug="couldnt-parse")
2025-08-20T01:04:56.0005308Z /opt/hostedtoolcache/Python/3.11.13/x64/lib/python3.11/site-packages/coverage/report_core.py:118: CoverageWarning: Couldn't parse '/home/runner/work/AWA-App/AWA-App/C:\Users\Alexey\Documents\GitHub\AWA-App\services\api\routes\health.py': No source for code: '/home/runner/work/AWA-App/AWA-App/C:\Users\Alexey\Documents\GitHub\AWA-App\services\api\routes\health.py'. (couldnt-parse)
2025-08-20T01:04:56.0006962Z   coverage._warn(msg, slug="couldnt-parse")
2025-08-20T01:04:56.0008345Z /opt/hostedtoolcache/Python/3.11.13/x64/lib/python3.11/site-packages/coverage/report_core.py:118: CoverageWarning: Couldn't parse '/home/runner/work/AWA-App/AWA-App/C:\Users\Alexey\Documents\GitHub\AWA-App\services\api\routes\repository.py': No source for code: '/home/runner/work/AWA-App/AWA-App/C:\Users\Alexey\Documents\GitHub\AWA-App\services\api\routes\repository.py'. (couldnt-parse)
2025-08-20T01:04:56.0010228Z   coverage._warn(msg, slug="couldnt-parse")
2025-08-20T01:04:56.0011593Z /opt/hostedtoolcache/Python/3.11.13/x64/lib/python3.11/site-packages/coverage/report_core.py:118: CoverageWarning: Couldn't parse '/home/runner/work/AWA-App/AWA-App/C:\Users\Alexey\Documents\GitHub\AWA-App\services\api\routes\roi.py': No source for code: '/home/runner/work/AWA-App/AWA-App/C:\Users\Alexey\Documents\GitHub\AWA-App\services\api\routes\roi.py'. (couldnt-parse)
2025-08-20T01:04:56.0013219Z   coverage._warn(msg, slug="couldnt-parse")
2025-08-20T01:04:56.0014531Z /opt/hostedtoolcache/Python/3.11.13/x64/lib/python3.11/site-packages/coverage/report_core.py:118: CoverageWarning: Couldn't parse '/home/runner/work/AWA-App/AWA-App/C:\Users\Alexey\Documents\GitHub\AWA-App\services\api\routes\stats.py': No source for code: '/home/runner/work/AWA-App/AWA-App/C:\Users\Alexey\Documents\GitHub\AWA-App\services\api\routes\stats.py'. (couldnt-parse)
2025-08-20T01:04:56.0015830Z   coverage._warn(msg, slug="couldnt-parse")
2025-08-20T01:04:56.0017335Z /opt/hostedtoolcache/Python/3.11.13/x64/lib/python3.11/site-packages/coverage/report_core.py:118: CoverageWarning: Couldn't parse '/home/runner/work/AWA-App/AWA-App/C:\Users\Alexey\Documents\GitHub\AWA-App\services\common\__init__.py': No source for code: '/home/runner/work/AWA-App/AWA-App/C:\Users\Alexey\Documents\GitHub\AWA-App\services\common\__init__.py'. (couldnt-parse)
2025-08-20T01:04:56.0018613Z   coverage._warn(msg, slug="couldnt-parse")
2025-08-20T01:04:56.0020104Z /opt/hostedtoolcache/Python/3.11.13/x64/lib/python3.11/site-packages/coverage/report_core.py:118: CoverageWarning: Couldn't parse '/home/runner/work/AWA-App/AWA-App/C:\Users\Alexey\Documents\GitHub\AWA-App\services\common\base.py': No source for code: '/home/runner/work/AWA-App/AWA-App/C:\Users\Alexey\Documents\GitHub\AWA-App\services\common\base.py'. (couldnt-parse)
2025-08-20T01:04:56.0021351Z   coverage._warn(msg, slug="couldnt-parse")
2025-08-20T01:04:56.0023188Z /opt/hostedtoolcache/Python/3.11.13/x64/lib/python3.11/site-packages/coverage/report_core.py:118: CoverageWarning: Couldn't parse '/home/runner/work/AWA-App/AWA-App/C:\Users\Alexey\Documents\GitHub\AWA-App\services\common\config.py': No source for code: '/home/runner/work/AWA-App/AWA-App/C:\Users\Alexey\Documents\GitHub\AWA-App\services\common\config.py'. (couldnt-parse)
2025-08-20T01:04:56.0024667Z   coverage._warn(msg, slug="couldnt-parse")
2025-08-20T01:04:56.0026272Z /opt/hostedtoolcache/Python/3.11.13/x64/lib/python3.11/site-packages/coverage/report_core.py:118: CoverageWarning: Couldn't parse '/home/runner/work/AWA-App/AWA-App/C:\Users\Alexey\Documents\GitHub\AWA-App\services\common\db.py': No source for code: '/home/runner/work/AWA-App/AWA-App/C:\Users\Alexey\Documents\GitHub\AWA-App\services\common\db.py'. (couldnt-parse)
2025-08-20T01:04:56.0027614Z   coverage._warn(msg, slug="couldnt-parse")
2025-08-20T01:04:56.0029291Z /opt/hostedtoolcache/Python/3.11.13/x64/lib/python3.11/site-packages/coverage/report_core.py:118: CoverageWarning: Couldn't parse '/home/runner/work/AWA-App/AWA-App/C:\Users\Alexey\Documents\GitHub\AWA-App\services\common\db_url.py': No source for code: '/home/runner/work/AWA-App/AWA-App/C:\Users\Alexey\Documents\GitHub\AWA-App\services\common\db_url.py'. (couldnt-parse)
2025-08-20T01:04:56.0030703Z   coverage._warn(msg, slug="couldnt-parse")
2025-08-20T01:04:56.0032433Z /opt/hostedtoolcache/Python/3.11.13/x64/lib/python3.11/site-packages/coverage/report_core.py:118: CoverageWarning: Couldn't parse '/home/runner/work/AWA-App/AWA-App/C:\Users\Alexey\Documents\GitHub\AWA-App\services\common\dsn.py': No source for code: '/home/runner/work/AWA-App/AWA-App/C:\Users\Alexey\Documents\GitHub\AWA-App\services\common\dsn.py'. (couldnt-parse)
2025-08-20T01:04:56.0033818Z   coverage._warn(msg, slug="couldnt-parse")
2025-08-20T01:04:56.0035686Z /opt/hostedtoolcache/Python/3.11.13/x64/lib/python3.11/site-packages/coverage/report_core.py:118: CoverageWarning: Couldn't parse '/home/runner/work/AWA-App/AWA-App/C:\Users\Alexey\Documents\GitHub\AWA-App\services\common\keepa.py': No source for code: '/home/runner/work/AWA-App/AWA-App/C:\Users\Alexey\Documents\GitHub\AWA-App\services\common\keepa.py'. (couldnt-parse)
2025-08-20T01:04:56.0037287Z   coverage._warn(msg, slug="couldnt-parse")
2025-08-20T01:04:56.0038774Z /opt/hostedtoolcache/Python/3.11.13/x64/lib/python3.11/site-packages/coverage/report_core.py:118: CoverageWarning: Couldn't parse '/home/runner/work/AWA-App/AWA-App/C:\Users\Alexey\Documents\GitHub\AWA-App\services\common\llm.py': No source for code: '/home/runner/work/AWA-App/AWA-App/C:\Users\Alexey\Documents\GitHub\AWA-App\services\common\llm.py'. (couldnt-parse)
2025-08-20T01:04:56.0040454Z   coverage._warn(msg, slug="couldnt-parse")
2025-08-20T01:04:56.0041771Z /opt/hostedtoolcache/Python/3.11.13/x64/lib/python3.11/site-packages/coverage/report_core.py:118: CoverageWarning: Couldn't parse '/home/runner/work/AWA-App/AWA-App/C:\Users\Alexey\Documents\GitHub\AWA-App\services\common\models_vendor.py': No source for code: '/home/runner/work/AWA-App/AWA-App/C:\Users\Alexey\Documents\GitHub\AWA-App\services\common\models_vendor.py'. (couldnt-parse)
2025-08-20T01:04:56.0043659Z   coverage._warn(msg, slug="couldnt-parse")
2025-08-20T01:04:56.0044931Z /opt/hostedtoolcache/Python/3.11.13/x64/lib/python3.11/site-packages/coverage/report_core.py:118: CoverageWarning: Couldn't parse '/home/runner/work/AWA-App/AWA-App/C:\Users\Alexey\Documents\GitHub\AWA-App\services\common\settings.py': No source for code: '/home/runner/work/AWA-App/AWA-App/C:\Users\Alexey\Documents\GitHub\AWA-App\services\common\settings.py'. (couldnt-parse)
2025-08-20T01:04:56.0046635Z   coverage._warn(msg, slug="couldnt-parse")
2025-08-20T01:04:56.0047959Z /opt/hostedtoolcache/Python/3.11.13/x64/lib/python3.11/site-packages/coverage/report_core.py:118: CoverageWarning: Couldn't parse '/home/runner/work/AWA-App/AWA-App/C:\Users\Alexey\Documents\GitHub\AWA-App\services\db\__init__.py': No source for code: '/home/runner/work/AWA-App/AWA-App/C:\Users\Alexey\Documents\GitHub\AWA-App\services\db\__init__.py'. (couldnt-parse)
2025-08-20T01:04:56.0049549Z   coverage._warn(msg, slug="couldnt-parse")
2025-08-20T01:04:56.0051081Z /opt/hostedtoolcache/Python/3.11.13/x64/lib/python3.11/site-packages/coverage/report_core.py:118: CoverageWarning: Couldn't parse '/home/runner/work/AWA-App/AWA-App/C:\Users\Alexey\Documents\GitHub\AWA-App\services\db\utils\__init__.py': No source for code: '/home/runner/work/AWA-App/AWA-App/C:\Users\Alexey\Documents\GitHub\AWA-App\services\db\utils\__init__.py'. (couldnt-parse)
2025-08-20T01:04:56.0052593Z   coverage._warn(msg, slug="couldnt-parse")
2025-08-20T01:04:56.0054373Z /opt/hostedtoolcache/Python/3.11.13/x64/lib/python3.11/site-packages/coverage/report_core.py:118: CoverageWarning: Couldn't parse '/home/runner/work/AWA-App/AWA-App/C:\Users\Alexey\Documents\GitHub\AWA-App\services\db\utils\views.py': No source for code: '/home/runner/work/AWA-App/AWA-App/C:\Users\Alexey\Documents\GitHub\AWA-App\services\db\utils\views.py'. (couldnt-parse)
2025-08-20T01:04:56.0055850Z   coverage._warn(msg, slug="couldnt-parse")
2025-08-20T01:04:56.0057566Z /opt/hostedtoolcache/Python/3.11.13/x64/lib/python3.11/site-packages/coverage/report_core.py:118: CoverageWarning: Couldn't parse '/home/runner/work/AWA-App/AWA-App/C:\Users\Alexey\Documents\GitHub\AWA-App\services\emailer\__init__.py': No source for code: '/home/runner/work/AWA-App/AWA-App/C:\Users\Alexey\Documents\GitHub\AWA-App\services\emailer\__init__.py'. (couldnt-parse)
2025-08-20T01:04:56.0058838Z   coverage._warn(msg, slug="couldnt-parse")
2025-08-20T01:04:56.0060581Z /opt/hostedtoolcache/Python/3.11.13/x64/lib/python3.11/site-packages/coverage/report_core.py:118: CoverageWarning: Couldn't parse '/home/runner/work/AWA-App/AWA-App/C:\Users\Alexey\Documents\GitHub\AWA-App\services\emailer\generate_body.py': No source for code: '/home/runner/work/AWA-App/AWA-App/C:\Users\Alexey\Documents\GitHub\AWA-App\services\emailer\generate_body.py'. (couldnt-parse)
2025-08-20T01:04:56.0062103Z   coverage._warn(msg, slug="couldnt-parse")
2025-08-20T01:04:56.0063804Z /opt/hostedtoolcache/Python/3.11.13/x64/lib/python3.11/site-packages/coverage/report_core.py:118: CoverageWarning: Couldn't parse '/home/runner/work/AWA-App/AWA-App/C:\Users\Alexey\Documents\GitHub\AWA-App\services\etl\__init__.py': No source for code: '/home/runner/work/AWA-App/AWA-App/C:\Users\Alexey\Documents\GitHub\AWA-App\services\etl\__init__.py'. (couldnt-parse)
2025-08-20T01:04:56.0065347Z   coverage._warn(msg, slug="couldnt-parse")
2025-08-20T01:04:56.0066704Z /opt/hostedtoolcache/Python/3.11.13/x64/lib/python3.11/site-packages/coverage/report_core.py:118: CoverageWarning: Couldn't parse '/home/runner/work/AWA-App/AWA-App/C:\Users\Alexey\Documents\GitHub\AWA-App\services\etl\db.py': No source for code: '/home/runner/work/AWA-App/AWA-App/C:\Users\Alexey\Documents\GitHub\AWA-App\services\etl\db.py'. (couldnt-parse)
2025-08-20T01:04:56.0068279Z   coverage._warn(msg, slug="couldnt-parse")
2025-08-20T01:04:56.0069767Z /opt/hostedtoolcache/Python/3.11.13/x64/lib/python3.11/site-packages/coverage/report_core.py:118: CoverageWarning: Couldn't parse '/home/runner/work/AWA-App/AWA-App/C:\Users\Alexey\Documents\GitHub\AWA-App\services\etl\dialects\__init__.py': No source for code: '/home/runner/work/AWA-App/AWA-App/C:\Users\Alexey\Documents\GitHub\AWA-App\services\etl\dialects\__init__.py'. (couldnt-parse)
2025-08-20T01:04:56.0071496Z   coverage._warn(msg, slug="couldnt-parse")
2025-08-20T01:04:56.0072988Z /opt/hostedtoolcache/Python/3.11.13/x64/lib/python3.11/site-packages/coverage/report_core.py:118: CoverageWarning: Couldn't parse '/home/runner/work/AWA-App/AWA-App/C:\Users\Alexey\Documents\GitHub\AWA-App\services\etl\dialects\amazon_reimbursements.py': No source for code: '/home/runner/work/AWA-App/AWA-App/C:\Users\Alexey\Documents\GitHub\AWA-App\services\etl\dialects\amazon_reimbursements.py'. (couldnt-parse)
2025-08-20T01:04:56.0074820Z   coverage._warn(msg, slug="couldnt-parse")
2025-08-20T01:04:56.0076240Z /opt/hostedtoolcache/Python/3.11.13/x64/lib/python3.11/site-packages/coverage/report_core.py:118: CoverageWarning: Couldn't parse '/home/runner/work/AWA-App/AWA-App/C:\Users\Alexey\Documents\GitHub\AWA-App\services\etl\dialects\amazon_returns.py': No source for code: '/home/runner/work/AWA-App/AWA-App/C:\Users\Alexey\Documents\GitHub\AWA-App\services\etl\dialects\amazon_returns.py'. (couldnt-parse)
2025-08-20T01:04:56.0077970Z   coverage._warn(msg, slug="couldnt-parse")
2025-08-20T01:04:56.0079570Z /opt/hostedtoolcache/Python/3.11.13/x64/lib/python3.11/site-packages/coverage/report_core.py:118: CoverageWarning: Couldn't parse '/home/runner/work/AWA-App/AWA-App/C:\Users\Alexey\Documents\GitHub\AWA-App\services\etl\fba_fee_ingestor.py': No source for code: '/home/runner/work/AWA-App/AWA-App/C:\Users\Alexey\Documents\GitHub\AWA-App\services\etl\fba_fee_ingestor.py'. (couldnt-parse)
2025-08-20T01:04:56.0080989Z   coverage._warn(msg, slug="couldnt-parse")
2025-08-20T01:04:56.0082796Z /opt/hostedtoolcache/Python/3.11.13/x64/lib/python3.11/site-packages/coverage/report_core.py:118: CoverageWarning: Couldn't parse '/home/runner/work/AWA-App/AWA-App/C:\Users\Alexey\Documents\GitHub\AWA-App\services\etl\keepa_ingestor.py': No source for code: '/home/runner/work/AWA-App/AWA-App/C:\Users\Alexey\Documents\GitHub\AWA-App\services\etl\keepa_ingestor.py'. (couldnt-parse)
2025-08-20T01:04:56.0084238Z   coverage._warn(msg, slug="couldnt-parse")
2025-08-20T01:04:56.0086048Z /opt/hostedtoolcache/Python/3.11.13/x64/lib/python3.11/site-packages/coverage/report_core.py:118: CoverageWarning: Couldn't parse '/home/runner/work/AWA-App/AWA-App/C:\Users\Alexey\Documents\GitHub\AWA-App\services\etl\sp_fees_ingestor.py': No source for code: '/home/runner/work/AWA-App/AWA-App/C:\Users\Alexey\Documents\GitHub\AWA-App\services\etl\sp_fees_ingestor.py'. (couldnt-parse)
2025-08-20T01:04:56.0087340Z   coverage._warn(msg, slug="couldnt-parse")
2025-08-20T01:04:56.0089181Z /opt/hostedtoolcache/Python/3.11.13/x64/lib/python3.11/site-packages/coverage/report_core.py:118: CoverageWarning: Couldn't parse '/home/runner/work/AWA-App/AWA-App/C:\Users\Alexey\Documents\GitHub\AWA-App\services\fees_h10\__init__.py': No source for code: '/home/runner/work/AWA-App/AWA-App/C:\Users\Alexey\Documents\GitHub\AWA-App\services\fees_h10\__init__.py'. (couldnt-parse)
2025-08-20T01:04:56.0090675Z   coverage._warn(msg, slug="couldnt-parse")
2025-08-20T01:04:56.0092166Z /opt/hostedtoolcache/Python/3.11.13/x64/lib/python3.11/site-packages/coverage/report_core.py:118: CoverageWarning: Couldn't parse '/home/runner/work/AWA-App/AWA-App/C:\Users\Alexey\Documents\GitHub\AWA-App\services\fees_h10\client.py': No source for code: '/home/runner/work/AWA-App/AWA-App/C:\Users\Alexey\Documents\GitHub\AWA-App\services\fees_h10\client.py'. (couldnt-parse)
2025-08-20T01:04:56.0093982Z   coverage._warn(msg, slug="couldnt-parse")
2025-08-20T01:04:56.0095298Z /opt/hostedtoolcache/Python/3.11.13/x64/lib/python3.11/site-packages/coverage/report_core.py:118: CoverageWarning: Couldn't parse '/home/runner/work/AWA-App/AWA-App/C:\Users\Alexey\Documents\GitHub\AWA-App\services\fees_h10\repository.py': No source for code: '/home/runner/work/AWA-App/AWA-App/C:\Users\Alexey\Documents\GitHub\AWA-App\services\fees_h10\repository.py'. (couldnt-parse)
2025-08-20T01:04:56.0097025Z   coverage._warn(msg, slug="couldnt-parse")
2025-08-20T01:04:56.0098318Z /opt/hostedtoolcache/Python/3.11.13/x64/lib/python3.11/site-packages/coverage/report_core.py:118: CoverageWarning: Couldn't parse '/home/runner/work/AWA-App/AWA-App/C:\Users\Alexey\Documents\GitHub\AWA-App\services\fees_h10\worker.py': No source for code: '/home/runner/work/AWA-App/AWA-App/C:\Users\Alexey\Documents\GitHub\AWA-App\services\fees_h10\worker.py'. (couldnt-parse)
2025-08-20T01:04:56.0100009Z   coverage._warn(msg, slug="couldnt-parse")
2025-08-20T01:04:56.0101285Z /opt/hostedtoolcache/Python/3.11.13/x64/lib/python3.11/site-packages/coverage/report_core.py:118: CoverageWarning: Couldn't parse '/home/runner/work/AWA-App/AWA-App/C:\Users\Alexey\Documents\GitHub\AWA-App\services\ingest\__init__.py': No source for code: '/home/runner/work/AWA-App/AWA-App/C:\Users\Alexey\Documents\GitHub\AWA-App\services\ingest\__init__.py'. (couldnt-parse)
2025-08-20T01:04:56.0103086Z   coverage._warn(msg, slug="couldnt-parse")
2025-08-20T01:04:56.0105307Z /opt/hostedtoolcache/Python/3.11.13/x64/lib/python3.11/site-packages/coverage/report_core.py:118: CoverageWarning: Couldn't parse '/home/runner/work/AWA-App/AWA-App/C:\Users\Alexey\Documents\GitHub\AWA-App\services\ingest\email_watcher.py': No source for code: '/home/runner/work/AWA-App/AWA-App/C:\Users\Alexey\Documents\GitHub\AWA-App\services\ingest\email_watcher.py'. (couldnt-parse)
2025-08-20T01:04:56.0106966Z   coverage._warn(msg, slug="couldnt-parse")
2025-08-20T01:04:56.0108598Z /opt/hostedtoolcache/Python/3.11.13/x64/lib/python3.11/site-packages/coverage/report_core.py:118: CoverageWarning: Couldn't parse '/home/runner/work/AWA-App/AWA-App/C:\Users\Alexey\Documents\GitHub\AWA-App\services\ingest\ingest_router.py': No source for code: '/home/runner/work/AWA-App/AWA-App/C:\Users\Alexey\Documents\GitHub\AWA-App\services\ingest\ingest_router.py'. (couldnt-parse)
2025-08-20T01:04:56.0110162Z   coverage._warn(msg, slug="couldnt-parse")
2025-08-20T01:04:56.0111691Z /opt/hostedtoolcache/Python/3.11.13/x64/lib/python3.11/site-packages/coverage/report_core.py:118: CoverageWarning: Couldn't parse '/home/runner/work/AWA-App/AWA-App/C:\Users\Alexey\Documents\GitHub\AWA-App\services\ingest\upload_router.py': No source for code: '/home/runner/work/AWA-App/AWA-App/C:\Users\Alexey\Documents\GitHub\AWA-App\services\ingest\upload_router.py'. (couldnt-parse)
2025-08-20T01:04:56.0113231Z   coverage._warn(msg, slug="couldnt-parse")
2025-08-20T01:04:56.0114691Z /opt/hostedtoolcache/Python/3.11.13/x64/lib/python3.11/site-packages/coverage/report_core.py:118: CoverageWarning: Couldn't parse '/home/runner/work/AWA-App/AWA-App/C:\Users\Alexey\Documents\GitHub\AWA-App\services\llm_server\__init__.py': No source for code: '/home/runner/work/AWA-App/AWA-App/C:\Users\Alexey\Documents\GitHub\AWA-App\services\llm_server\__init__.py'. (couldnt-parse)
2025-08-20T01:04:56.0116240Z   coverage._warn(msg, slug="couldnt-parse")
2025-08-20T01:04:56.0117662Z /opt/hostedtoolcache/Python/3.11.13/x64/lib/python3.11/site-packages/coverage/report_core.py:118: CoverageWarning: Couldn't parse '/home/runner/work/AWA-App/AWA-App/C:\Users\Alexey\Documents\GitHub\AWA-App\services\llm_server\app.py': No source for code: '/home/runner/work/AWA-App/AWA-App/C:\Users\Alexey\Documents\GitHub\AWA-App\services\llm_server\app.py'. (couldnt-parse)
2025-08-20T01:04:56.0119087Z   coverage._warn(msg, slug="couldnt-parse")
2025-08-20T01:04:56.0120509Z /opt/hostedtoolcache/Python/3.11.13/x64/lib/python3.11/site-packages/coverage/report_core.py:118: CoverageWarning: Couldn't parse '/home/runner/work/AWA-App/AWA-App/C:\Users\Alexey\Documents\GitHub\AWA-App\services\logistics_etl\__init__.py': No source for code: '/home/runner/work/AWA-App/AWA-App/C:\Users\Alexey\Documents\GitHub\AWA-App\services\logistics_etl\__init__.py'. (couldnt-parse)
2025-08-20T01:04:56.0121969Z   coverage._warn(msg, slug="couldnt-parse")
2025-08-20T01:04:56.0123548Z /opt/hostedtoolcache/Python/3.11.13/x64/lib/python3.11/site-packages/coverage/report_core.py:118: CoverageWarning: Couldn't parse '/home/runner/work/AWA-App/AWA-App/C:\Users\Alexey\Documents\GitHub\AWA-App\services\logistics_etl\__main__.py': No source for code: '/home/runner/work/AWA-App/AWA-App/C:\Users\Alexey\Documents\GitHub\AWA-App\services\logistics_etl\__main__.py'. (couldnt-parse)
2025-08-20T01:04:56.0125115Z   coverage._warn(msg, slug="couldnt-parse")
2025-08-20T01:04:56.0126492Z /opt/hostedtoolcache/Python/3.11.13/x64/lib/python3.11/site-packages/coverage/report_core.py:118: CoverageWarning: Couldn't parse '/home/runner/work/AWA-App/AWA-App/C:\Users\Alexey\Documents\GitHub\AWA-App\services\logistics_etl\client.py': No source for code: '/home/runner/work/AWA-App/AWA-App/C:\Users\Alexey\Documents\GitHub\AWA-App\services\logistics_etl\client.py'. (couldnt-parse)
2025-08-20T01:04:56.0128136Z   coverage._warn(msg, slug="couldnt-parse")
2025-08-20T01:04:56.0129727Z /opt/hostedtoolcache/Python/3.11.13/x64/lib/python3.11/site-packages/coverage/report_core.py:118: CoverageWarning: Couldn't parse '/home/runner/work/AWA-App/AWA-App/C:\Users\Alexey\Documents\GitHub\AWA-App\services\logistics_etl\cron.py': No source for code: '/home/runner/work/AWA-App/AWA-App/C:\Users\Alexey\Documents\GitHub\AWA-App\services\logistics_etl\cron.py'. (couldnt-parse)
2025-08-20T01:04:56.0131273Z   coverage._warn(msg, slug="couldnt-parse")
2025-08-20T01:04:56.0132545Z /opt/hostedtoolcache/Python/3.11.13/x64/lib/python3.11/site-packages/coverage/report_core.py:118: CoverageWarning: Couldn't parse '/home/runner/work/AWA-App/AWA-App/C:\Users\Alexey\Documents\GitHub\AWA-App\services\logistics_etl\db.py': No source for code: '/home/runner/work/AWA-App/AWA-App/C:\Users\Alexey\Documents\GitHub\AWA-App\services\logistics_etl\db.py'. (couldnt-parse)
2025-08-20T01:04:56.0134194Z   coverage._warn(msg, slug="couldnt-parse")
2025-08-20T01:04:56.0135634Z /opt/hostedtoolcache/Python/3.11.13/x64/lib/python3.11/site-packages/coverage/report_core.py:118: CoverageWarning: Couldn't parse '/home/runner/work/AWA-App/AWA-App/C:\Users\Alexey\Documents\GitHub\AWA-App\services\logistics_etl\flow.py': No source for code: '/home/runner/work/AWA-App/AWA-App/C:\Users\Alexey\Documents\GitHub\AWA-App\services\logistics_etl\flow.py'. (couldnt-parse)
2025-08-20T01:04:56.0137180Z   coverage._warn(msg, slug="couldnt-parse")
2025-08-20T01:04:56.0138511Z /opt/hostedtoolcache/Python/3.11.13/x64/lib/python3.11/site-packages/coverage/report_core.py:118: CoverageWarning: Couldn't parse '/home/runner/work/AWA-App/AWA-App/C:\Users\Alexey\Documents\GitHub\AWA-App\services\logistics_etl\repository.py': No source for code: '/home/runner/work/AWA-App/AWA-App/C:\Users\Alexey\Documents\GitHub\AWA-App\services\logistics_etl\repository.py'. (couldnt-parse)
2025-08-20T01:04:56.0140076Z   coverage._warn(msg, slug="couldnt-parse")
2025-08-20T01:04:56.0141515Z /opt/hostedtoolcache/Python/3.11.13/x64/lib/python3.11/site-packages/coverage/report_core.py:118: CoverageWarning: Couldn't parse '/home/runner/work/AWA-App/AWA-App/C:\Users\Alexey\Documents\GitHub\AWA-App\services\price_importer\__init__.py': No source for code: '/home/runner/work/AWA-App/AWA-App/C:\Users\Alexey\Documents\GitHub\AWA-App\services\price_importer\__init__.py'. (couldnt-parse)
2025-08-20T01:04:56.0143281Z   coverage._warn(msg, slug="couldnt-parse")
2025-08-20T01:04:56.0144629Z /opt/hostedtoolcache/Python/3.11.13/x64/lib/python3.11/site-packages/coverage/report_core.py:118: CoverageWarning: Couldn't parse '/home/runner/work/AWA-App/AWA-App/C:\Users\Alexey\Documents\GitHub\AWA-App\services\price_importer\common\__init__.py': No source for code: '/home/runner/work/AWA-App/AWA-App/C:\Users\Alexey\Documents\GitHub\AWA-App\services\price_importer\common\__init__.py'. (couldnt-parse)
2025-08-20T01:04:56.0146236Z   coverage._warn(msg, slug="couldnt-parse")
2025-08-20T01:04:56.0147586Z /opt/hostedtoolcache/Python/3.11.13/x64/lib/python3.11/site-packages/coverage/report_core.py:118: CoverageWarning: Couldn't parse '/home/runner/work/AWA-App/AWA-App/C:\Users\Alexey\Documents\GitHub\AWA-App\services\price_importer\common\base.py': No source for code: '/home/runner/work/AWA-App/AWA-App/C:\Users\Alexey\Documents\GitHub\AWA-App\services\price_importer\common\base.py'. (couldnt-parse)
2025-08-20T01:04:56.0149173Z   coverage._warn(msg, slug="couldnt-parse")
2025-08-20T01:04:56.0150621Z /opt/hostedtoolcache/Python/3.11.13/x64/lib/python3.11/site-packages/coverage/report_core.py:118: CoverageWarning: Couldn't parse '/home/runner/work/AWA-App/AWA-App/C:\Users\Alexey\Documents\GitHub\AWA-App\services\price_importer\common\db_url.py': No source for code: '/home/runner/work/AWA-App/AWA-App/C:\Users\Alexey\Documents\GitHub\AWA-App\services\price_importer\common\db_url.py'. (couldnt-parse)
2025-08-20T01:04:56.0152516Z   coverage._warn(msg, slug="couldnt-parse")
2025-08-20T01:04:56.0154285Z /opt/hostedtoolcache/Python/3.11.13/x64/lib/python3.11/site-packages/coverage/report_core.py:118: CoverageWarning: Couldn't parse '/home/runner/work/AWA-App/AWA-App/C:\Users\Alexey\Documents\GitHub\AWA-App\services\price_importer\common\models_vendor.py': No source for code: '/home/runner/work/AWA-App/AWA-App/C:\Users\Alexey\Documents\GitHub\AWA-App\services\price_importer\common\models_vendor.py'. (couldnt-parse)
2025-08-20T01:04:56.0155696Z   coverage._warn(msg, slug="couldnt-parse")
2025-08-20T01:04:56.0157241Z /opt/hostedtoolcache/Python/3.11.13/x64/lib/python3.11/site-packages/coverage/report_core.py:118: CoverageWarning: Couldn't parse '/home/runner/work/AWA-App/AWA-App/C:\Users\Alexey\Documents\GitHub\AWA-App\services\price_importer\import.py': No source for code: '/home/runner/work/AWA-App/AWA-App/C:\Users\Alexey\Documents\GitHub\AWA-App\services\price_importer\import.py'. (couldnt-parse)
2025-08-20T01:04:56.0158560Z   coverage._warn(msg, slug="couldnt-parse")
2025-08-20T01:04:56.0160132Z /opt/hostedtoolcache/Python/3.11.13/x64/lib/python3.11/site-packages/coverage/report_core.py:118: CoverageWarning: Couldn't parse '/home/runner/work/AWA-App/AWA-App/C:\Users\Alexey\Documents\GitHub\AWA-App\services\price_importer\normaliser.py': No source for code: '/home/runner/work/AWA-App/AWA-App/C:\Users\Alexey\Documents\GitHub\AWA-App\services\price_importer\normaliser.py'. (couldnt-parse)
2025-08-20T01:04:56.0161662Z   coverage._warn(msg, slug="couldnt-parse")
2025-08-20T01:04:56.0163350Z /opt/hostedtoolcache/Python/3.11.13/x64/lib/python3.11/site-packages/coverage/report_core.py:118: CoverageWarning: Couldn't parse '/home/runner/work/AWA-App/AWA-App/C:\Users\Alexey\Documents\GitHub\AWA-App\services\price_importer\reader.py': No source for code: '/home/runner/work/AWA-App/AWA-App/C:\Users\Alexey\Documents\GitHub\AWA-App\services\price_importer\reader.py'. (couldnt-parse)
2025-08-20T01:04:56.0164667Z   coverage._warn(msg, slug="couldnt-parse")
2025-08-20T01:04:56.0166426Z /opt/hostedtoolcache/Python/3.11.13/x64/lib/python3.11/site-packages/coverage/report_core.py:118: CoverageWarning: Couldn't parse '/home/runner/work/AWA-App/AWA-App/C:\Users\Alexey\Documents\GitHub\AWA-App\services\price_importer\repository.py': No source for code: '/home/runner/work/AWA-App/AWA-App/C:\Users\Alexey\Documents\GitHub\AWA-App\services\price_importer\repository.py'. (couldnt-parse)
2025-08-20T01:04:56.0167826Z   coverage._warn(msg, slug="couldnt-parse")
2025-08-20T01:04:56.0169504Z /opt/hostedtoolcache/Python/3.11.13/x64/lib/python3.11/site-packages/coverage/report_core.py:118: CoverageWarning: Couldn't parse '/home/runner/work/AWA-App/AWA-App/C:\Users\Alexey\Documents\GitHub\AWA-App\services\price_importer\services_common\__init__.py': No source for code: '/home/runner/work/AWA-App/AWA-App/C:\Users\Alexey\Documents\GitHub\AWA-App\services\price_importer\services_common\__init__.py'. (couldnt-parse)
2025-08-20T01:04:56.0170999Z   coverage._warn(msg, slug="couldnt-parse")
2025-08-20T01:04:56.0172575Z /opt/hostedtoolcache/Python/3.11.13/x64/lib/python3.11/site-packages/coverage/report_core.py:118: CoverageWarning: Couldn't parse '/home/runner/work/AWA-App/AWA-App/C:\Users\Alexey\Documents\GitHub\AWA-App\services\price_importer\services_common\base.py': No source for code: '/home/runner/work/AWA-App/AWA-App/C:\Users\Alexey\Documents\GitHub\AWA-App\services\price_importer\services_common\base.py'. (couldnt-parse)
2025-08-20T01:04:56.0174266Z   coverage._warn(msg, slug="couldnt-parse")
2025-08-20T01:04:56.0175781Z /opt/hostedtoolcache/Python/3.11.13/x64/lib/python3.11/site-packages/coverage/report_core.py:118: CoverageWarning: Couldn't parse '/home/runner/work/AWA-App/AWA-App/C:\Users\Alexey\Documents\GitHub\AWA-App\services\price_importer\services_common\db.py': No source for code: '/home/runner/work/AWA-App/AWA-App/C:\Users\Alexey\Documents\GitHub\AWA-App\services\price_importer\services_common\db.py'. (couldnt-parse)
2025-08-20T01:04:56.0177468Z   coverage._warn(msg, slug="couldnt-parse")
2025-08-20T01:04:56.0179277Z /opt/hostedtoolcache/Python/3.11.13/x64/lib/python3.11/site-packages/coverage/report_core.py:118: CoverageWarning: Couldn't parse '/home/runner/work/AWA-App/AWA-App/C:\Users\Alexey\Documents\GitHub\AWA-App\services\price_importer\services_common\db_url.py': No source for code: '/home/runner/work/AWA-App/AWA-App/C:\Users\Alexey\Documents\GitHub\AWA-App\services\price_importer\services_common\db_url.py'. (couldnt-parse)
2025-08-20T01:04:56.0180952Z   coverage._warn(msg, slug="couldnt-parse")
2025-08-20T01:04:56.0182338Z /opt/hostedtoolcache/Python/3.11.13/x64/lib/python3.11/site-packages/coverage/report_core.py:118: CoverageWarning: Couldn't parse '/home/runner/work/AWA-App/AWA-App/C:\Users\Alexey\Documents\GitHub\AWA-App\services\price_importer\services_common\dsn.py': No source for code: '/home/runner/work/AWA-App/AWA-App/C:\Users\Alexey\Documents\GitHub\AWA-App\services\price_importer\services_common\dsn.py'. (couldnt-parse)
2025-08-20T01:04:56.0184105Z   coverage._warn(msg, slug="couldnt-parse")
2025-08-20T01:04:56.0185540Z /opt/hostedtoolcache/Python/3.11.13/x64/lib/python3.11/site-packages/coverage/report_core.py:118: CoverageWarning: Couldn't parse '/home/runner/work/AWA-App/AWA-App/C:\Users\Alexey\Documents\GitHub\AWA-App\services\price_importer\services_common\keepa.py': No source for code: '/home/runner/work/AWA-App/AWA-App/C:\Users\Alexey\Documents\GitHub\AWA-App\services\price_importer\services_common\keepa.py'. (couldnt-parse)
2025-08-20T01:04:56.0187357Z   coverage._warn(msg, slug="couldnt-parse")
2025-08-20T01:04:56.0189015Z /opt/hostedtoolcache/Python/3.11.13/x64/lib/python3.11/site-packages/coverage/report_core.py:118: CoverageWarning: Couldn't parse '/home/runner/work/AWA-App/AWA-App/C:\Users\Alexey\Documents\GitHub\AWA-App\services\price_importer\services_common\llm.py': No source for code: '/home/runner/work/AWA-App/AWA-App/C:\Users\Alexey\Documents\GitHub\AWA-App\services\price_importer\services_common\llm.py'. (couldnt-parse)
2025-08-20T01:04:56.0190453Z   coverage._warn(msg, slug="couldnt-parse")
2025-08-20T01:04:56.0192052Z /opt/hostedtoolcache/Python/3.11.13/x64/lib/python3.11/site-packages/coverage/report_core.py:118: CoverageWarning: Couldn't parse '/home/runner/work/AWA-App/AWA-App/C:\Users\Alexey\Documents\GitHub\AWA-App\services\price_importer\services_common\models_vendor.py': No source for code: '/home/runner/work/AWA-App/AWA-App/C:\Users\Alexey\Documents\GitHub\AWA-App\services\price_importer\services_common\models_vendor.py'. (couldnt-parse)
2025-08-20T01:04:56.0193673Z   coverage._warn(msg, slug="couldnt-parse")
2025-08-20T01:04:56.0195113Z /opt/hostedtoolcache/Python/3.11.13/x64/lib/python3.11/site-packages/coverage/report_core.py:118: CoverageWarning: Couldn't parse '/home/runner/work/AWA-App/AWA-App/C:\Users\Alexey\Documents\GitHub\AWA-App\services\price_importer\services_common\settings.py': No source for code: '/home/runner/work/AWA-App/AWA-App/C:\Users\Alexey\Documents\GitHub\AWA-App\services\price_importer\services_common\settings.py'. (couldnt-parse)
2025-08-20T01:04:56.0196547Z   coverage._warn(msg, slug="couldnt-parse")
2025-08-20T01:04:56.0197827Z /opt/hostedtoolcache/Python/3.11.13/x64/lib/python3.11/site-packages/coverage/report_core.py:118: CoverageWarning: Couldn't parse '/home/runner/work/AWA-App/AWA-App/C:\Users\Alexey\Documents\GitHub\AWA-App\services\repricer\__init__.py': No source for code: '/home/runner/work/AWA-App/AWA-App/C:\Users\Alexey\Documents\GitHub\AWA-App\services\repricer\__init__.py'. (couldnt-parse)
2025-08-20T01:04:56.0199190Z   coverage._warn(msg, slug="couldnt-parse")
2025-08-20T01:04:56.0200749Z /opt/hostedtoolcache/Python/3.11.13/x64/lib/python3.11/site-packages/coverage/report_core.py:118: CoverageWarning: Couldn't parse '/home/runner/work/AWA-App/AWA-App/C:\Users\Alexey\Documents\GitHub\AWA-App\services\repricer\app\__init__.py': No source for code: '/home/runner/work/AWA-App/AWA-App/C:\Users\Alexey\Documents\GitHub\AWA-App\services\repricer\app\__init__.py'. (couldnt-parse)
2025-08-20T01:04:56.0202149Z   coverage._warn(msg, slug="couldnt-parse")
2025-08-20T01:04:56.0203671Z /opt/hostedtoolcache/Python/3.11.13/x64/lib/python3.11/site-packages/coverage/report_core.py:118: CoverageWarning: Couldn't parse '/home/runner/work/AWA-App/AWA-App/C:\Users\Alexey\Documents\GitHub\AWA-App\services\repricer\app\deps.py': No source for code: '/home/runner/work/AWA-App/AWA-App/C:\Users\Alexey\Documents\GitHub\AWA-App\services\repricer\app\deps.py'. (couldnt-parse)
2025-08-20T01:04:56.0205154Z   coverage._warn(msg, slug="couldnt-parse")
2025-08-20T01:04:56.0206543Z /opt/hostedtoolcache/Python/3.11.13/x64/lib/python3.11/site-packages/coverage/report_core.py:118: CoverageWarning: Couldn't parse '/home/runner/work/AWA-App/AWA-App/C:\Users\Alexey\Documents\GitHub\AWA-App\services\repricer\app\logic.py': No source for code: '/home/runner/work/AWA-App/AWA-App/C:\Users\Alexey\Documents\GitHub\AWA-App\services\repricer\app\logic.py'. (couldnt-parse)
2025-08-20T01:04:56.0207916Z   coverage._warn(msg, slug="couldnt-parse")
2025-08-20T01:04:56.0209360Z /opt/hostedtoolcache/Python/3.11.13/x64/lib/python3.11/site-packages/coverage/report_core.py:118: CoverageWarning: Couldn't parse '/home/runner/work/AWA-App/AWA-App/C:\Users\Alexey\Documents\GitHub\AWA-App\services\repricer\app\main.py': No source for code: '/home/runner/work/AWA-App/AWA-App/C:\Users\Alexey\Documents\GitHub\AWA-App\services\repricer\app\main.py'. (couldnt-parse)
2025-08-20T01:04:56.0210857Z   coverage._warn(msg, slug="couldnt-parse")
2025-08-20T01:04:56.0212324Z /opt/hostedtoolcache/Python/3.11.13/x64/lib/python3.11/site-packages/coverage/report_core.py:118: CoverageWarning: Couldn't parse '/home/runner/work/AWA-App/AWA-App/C:\Users\Alexey\Documents\GitHub\AWA-App\services\repricer\app\schemas.py': No source for code: '/home/runner/work/AWA-App/AWA-App/C:\Users\Alexey\Documents\GitHub\AWA-App\services\repricer\app\schemas.py'. (couldnt-parse)
2025-08-20T01:04:56.0213873Z   coverage._warn(msg, slug="couldnt-parse")
2025-08-20T01:04:56.0215362Z /opt/hostedtoolcache/Python/3.11.13/x64/lib/python3.11/site-packages/coverage/report_core.py:118: CoverageWarning: Couldn't parse '/home/runner/work/AWA-App/AWA-App/C:\Users\Alexey\Documents\GitHub\AWA-App\services\returns_etl\loader.py': No source for code: '/home/runner/work/AWA-App/AWA-App/C:\Users\Alexey\Documents\GitHub\AWA-App\services\returns_etl\loader.py'. (couldnt-parse)
2025-08-20T01:04:56.0216811Z   coverage._warn(msg, slug="couldnt-parse")
2025-08-20T01:04:56.4628466Z ............                                                             [100%]
2025-08-20T01:04:56.4629147Z ================================ tests coverage ================================
2025-08-20T01:04:56.4630478Z _______________ coverage: platform linux, python 3.11.13-final-0 _______________
2025-08-20T01:04:56.4631161Z 
2025-08-20T01:04:56.4631408Z Coverage XML written to file coverage.xml
2025-08-20T01:04:56.6618777Z ##[group]Run actions/upload-artifact@v4
2025-08-20T01:04:56.6619130Z with:
2025-08-20T01:04:56.6619479Z   name: coverage.integration
2025-08-20T01:04:56.6619833Z   path: .coverage
2025-08-20T01:04:56.6620112Z   if-no-files-found: warn
2025-08-20T01:04:56.6620501Z   compression-level: 6
2025-08-20T01:04:56.6620798Z   overwrite: false
2025-08-20T01:04:56.6621041Z   include-hidden-files: false
2025-08-20T01:04:56.6621414Z env:
2025-08-20T01:04:56.6621704Z   PG_USER: postgres
2025-08-20T01:04:56.6622018Z   PG_PASSWORD: pass
2025-08-20T01:04:56.6622312Z   PG_DATABASE: awa
2025-08-20T01:04:56.6622590Z   PG_HOST: localhost
2025-08-20T01:04:56.6623647Z   PG_PORT: 5432
2025-08-20T01:04:56.6624303Z   PG_SYNC_DSN: ***localhost:5432/awa
2025-08-20T01:04:56.6624886Z   PG_ASYNC_DSN: ***localhost:5432/awa
2025-08-20T01:04:56.6625437Z   DATABASE_URL: ***localhost:5432/awa
2025-08-20T01:04:56.6625741Z   DATA_DIR: /tmp/awa-data
2025-08-20T01:04:56.6626089Z   ENABLE_LIVE: 0
2025-08-20T01:04:56.6626490Z   TESTING: 1
2025-08-20T01:04:56.6626876Z   pythonLocation: /opt/hostedtoolcache/Python/3.11.13/x64
2025-08-20T01:04:56.6627374Z   PKG_CONFIG_PATH: /opt/hostedtoolcache/Python/3.11.13/x64/lib/pkgconfig
2025-08-20T01:04:56.6627845Z   Python_ROOT_DIR: /opt/hostedtoolcache/Python/3.11.13/x64
2025-08-20T01:04:56.6628319Z   Python2_ROOT_DIR: /opt/hostedtoolcache/Python/3.11.13/x64
2025-08-20T01:04:56.6628794Z   Python3_ROOT_DIR: /opt/hostedtoolcache/Python/3.11.13/x64
2025-08-20T01:04:56.6629224Z   LD_LIBRARY_PATH: /opt/hostedtoolcache/Python/3.11.13/x64/lib
2025-08-20T01:04:56.6629684Z ##[endgroup]
2025-08-20T01:04:56.8838910Z ##[warning]No files were found with the provided path: .coverage. No artifacts will be uploaded.
2025-08-20T01:04:56.9438334Z Post job cleanup.
2025-08-20T01:04:57.0703981Z Cache hit occurred on the primary key Linux-int-29fc3204f837bce43d81586a404709764a9accd1f738d0c33a52a32bf7a0c312, not saving cache.
2025-08-20T01:04:57.0791096Z Post job cleanup.
2025-08-20T01:04:57.2289877Z Cache hit occurred on the primary key setup-python-Linux-x64-24.04-Ubuntu-python-3.11.13-pip-29fc3204f837bce43d81586a404709764a9accd1f738d0c33a52a32bf7a0c312, not saving cache.
2025-08-20T01:04:57.2393696Z Post job cleanup.
2025-08-20T01:04:57.3329859Z [command]/usr/bin/git version
2025-08-20T01:04:57.3366195Z git version 2.50.1
2025-08-20T01:04:57.3408653Z Temporarily overriding HOME='/home/runner/work/_temp/2d02f4b5-2bc6-4622-b60e-763116d3891e' before making global git config changes
2025-08-20T01:04:57.3409798Z Adding repository directory to the temporary git global config as a safe directory
2025-08-20T01:04:57.3420739Z [command]/usr/bin/git config --global --add safe.directory /home/runner/work/AWA-App/AWA-App
2025-08-20T01:04:57.3453948Z [command]/usr/bin/git config --local --name-only --get-regexp core\.sshCommand
2025-08-20T01:04:57.3485528Z [command]/usr/bin/git submodule foreach --recursive sh -c "git config --local --name-only --get-regexp 'core\.sshCommand' && git config --local --unset-all 'core.sshCommand' || :"
2025-08-20T01:04:57.3711841Z [command]/usr/bin/git config --local --name-only --get-regexp http\.https\:\/\/github\.com\/\.extraheader
2025-08-20T01:04:57.3732334Z http.https://github.com/.extraheader
2025-08-20T01:04:57.3744705Z [command]/usr/bin/git config --local --unset-all http.https://github.com/.extraheader
2025-08-20T01:04:57.3776258Z [command]/usr/bin/git submodule foreach --recursive sh -c "git config --local --name-only --get-regexp 'http\.https\:\/\/github\.com\/\.extraheader' && git config --local --unset-all 'http.https://github.com/.extraheader' || :"
2025-08-20T01:04:57.4084760Z Print service container logs: fe0d73e33b484cbaad40fc94650898e6_postgres15_1c3671
2025-08-20T01:04:57.4089038Z ##[command]/usr/bin/docker logs --details 5bef8086148bddab6f0888ed9a6b3fdf4fec9249dd2d266093e8ed1ab26bcd49
2025-08-20T01:04:57.4210421Z  The files belonging to this database system will be owned by user "postgres".
2025-08-20T01:04:57.4211140Z  This user must also own the server process.
2025-08-20T01:04:57.4211609Z  
2025-08-20T01:04:57.4212071Z  The database cluster will be initialized with locale "en_US.utf8".
2025-08-20T01:04:57.4214030Z  The default database encoding has accordingly been set to "UTF8".
2025-08-20T01:04:57.4214753Z  The default text search configuration will be set to "english".
2025-08-20T01:04:57.4215298Z  
2025-08-20T01:04:57.4215611Z  Data page checksums are disabled.
2025-08-20T01:04:57.4216010Z  
2025-08-20T01:04:57.4216486Z  fixing permissions on existing directory /var/lib/postgresql/data ... ok
2025-08-20T01:04:57.4217141Z  creating subdirectories ... ok
2025-08-20T01:04:57.4218505Z  initdb: warning: enabling "trust" authentication for local connections
2025-08-20T01:04:57.4219561Z  initdb: hint: You can change this by editing pg_hba.conf or using the option -A, or --auth-local and --auth-host, the next time you run initdb.
2025-08-20T01:04:57.4220871Z  2025-08-20 01:03:48.671 UTC [1] LOG:  starting PostgreSQL 15.14 (Debian 15.14-1.pgdg13+1) on x86_64-pc-linux-gnu, compiled by gcc (Debian 14.2.0-19) 14.2.0, 64-bit
2025-08-20T01:04:57.4221913Z  2025-08-20 01:03:48.671 UTC [1] LOG:  listening on IPv4 address "0.0.0.0", port 5432
2025-08-20T01:04:57.4222608Z  2025-08-20 01:03:48.671 UTC [1] LOG:  listening on IPv6 address "::", port 5432
2025-08-20T01:04:57.4223578Z  2025-08-20 01:03:48.672 UTC [1] LOG:  listening on Unix socket "/var/run/postgresql/.s.PGSQL.5432"
2025-08-20T01:04:57.4224411Z  2025-08-20 01:03:48.675 UTC [64] LOG:  database system was shut down at 2025-08-20 01:03:48 UTC
2025-08-20T01:04:57.4225188Z  2025-08-20 01:03:48.679 UTC [1] LOG:  database system is ready to accept connections
2025-08-20T01:04:57.4225862Z  selecting dynamic shared memory implementation ... posix
2025-08-20T01:04:57.4226418Z  selecting default max_connections ... 100
2025-08-20T01:04:57.4226828Z  selecting default shared_buffers ... 128MB
2025-08-20T01:04:57.4227242Z  selecting default time zone ... Etc/UTC
2025-08-20T01:04:57.4227665Z  creating configuration files ... ok
2025-08-20T01:04:57.4228097Z  running bootstrap script ... ok
2025-08-20T01:04:57.4228545Z  performing post-bootstrap initialization ... ok
2025-08-20T01:04:57.4229026Z  syncing data to disk ... ok
2025-08-20T01:04:57.4229370Z  
2025-08-20T01:04:57.4229640Z  
2025-08-20T01:04:57.4230486Z  Success. You can now start the database server using:
2025-08-20T01:04:57.4230977Z  
2025-08-20T01:04:57.4231258Z      pg_ctl -D /var/lib/postgresql/data -l logfile start
2025-08-20T01:04:57.4231554Z  
2025-08-20T01:04:57.4232133Z  waiting for server to start....2025-08-20 01:03:48.364 UTC [48] LOG:  starting PostgreSQL 15.14 (Debian 15.14-1.pgdg13+1) on x86_64-pc-linux-gnu, compiled by gcc (Debian 14.2.0-19) 14.2.0, 64-bit
2025-08-20T01:04:57.4233113Z  2025-08-20 01:03:48.364 UTC [48] LOG:  listening on Unix socket "/var/run/postgresql/.s.PGSQL.5432"
2025-08-20T01:04:57.4233602Z  2025-08-20 01:03:48.368 UTC [51] LOG:  database system was shut down at 2025-08-20 01:03:48 UTC
2025-08-20T01:04:57.4234046Z  2025-08-20 01:03:48.372 UTC [48] LOG:  database system is ready to accept connections
2025-08-20T01:04:57.4234373Z   done
2025-08-20T01:04:57.4234538Z  server started
2025-08-20T01:04:57.4234721Z  CREATE DATABASE
2025-08-20T01:04:57.4234895Z  
2025-08-20T01:04:57.4235041Z  
2025-08-20T01:04:57.4246938Z  /usr/local/bin/docker-entrypoint.sh: ignoring /docker-entrypoint-initdb.d/*
2025-08-20T01:04:57.4247541Z  
2025-08-20T01:04:57.4247861Z  2025-08-20 01:03:48.551 UTC [48] LOG:  received fast shutdown request
2025-08-20T01:04:57.4248599Z  waiting for server to shut down....2025-08-20 01:03:48.552 UTC [48] LOG:  aborting any active transactions
2025-08-20T01:04:57.4249230Z  2025-08-20 01:03:48.554 UTC [48] LOG:  background worker "logical replication launcher" (PID 54) exited with exit code 1
2025-08-20T01:04:57.4249725Z  2025-08-20 01:03:48.554 UTC [49] LOG:  shutting down
2025-08-20T01:04:57.4250073Z  2025-08-20 01:03:48.554 UTC [49] LOG:  checkpoint starting: shutdown immediate
2025-08-20T01:04:57.4250925Z  2025-08-20 01:03:48.572 UTC [49] LOG:  checkpoint complete: wrote 922 buffers (5.6%); 0 WAL file(s) added, 0 removed, 0 recycled; write=0.014 s, sync=0.003 s, total=0.018 s; sync files=301, longest=0.002 s, average=0.001 s; distance=4239 kB, estimate=4239 kB
2025-08-20T01:04:57.4251733Z  2025-08-20 01:03:48.578 UTC [48] LOG:  database system is shut down
2025-08-20T01:04:57.4252033Z   done
2025-08-20T01:04:57.4252209Z  server stopped
2025-08-20T01:04:57.4252388Z  
2025-08-20T01:04:57.4252606Z  PostgreSQL init process complete; ready for start up.
2025-08-20T01:04:57.4253097Z  
2025-08-20T01:04:57.4258708Z Stop and remove container: fe0d73e33b484cbaad40fc94650898e6_postgres15_1c3671
2025-08-20T01:04:57.4263543Z ##[command]/usr/bin/docker rm --force 5bef8086148bddab6f0888ed9a6b3fdf4fec9249dd2d266093e8ed1ab26bcd49
2025-08-20T01:04:58.3684034Z 5bef8086148bddab6f0888ed9a6b3fdf4fec9249dd2d266093e8ed1ab26bcd49
2025-08-20T01:04:58.3711004Z Remove container network: github_network_899b70ba945246cd9f70a20b79c72614
2025-08-20T01:04:58.3715897Z ##[command]/usr/bin/docker network rm github_network_899b70ba945246cd9f70a20b79c72614
2025-08-20T01:04:58.4700139Z github_network_899b70ba945246cd9f70a20b79c72614
2025-08-20T01:04:58.4756333Z Cleaning up orphan processes
