2025-08-24T16:45:57.9027338Z Current runner version: '2.328.0'
2025-08-24T16:45:57.9061639Z ##[group]Runner Image Provisioner
2025-08-24T16:45:57.9062849Z Hosted Compute Agent
2025-08-24T16:45:57.9063749Z Version: 20250821.380
2025-08-24T16:45:57.9064751Z Commit: 438d12cb4fe092871db9867344e3bc0bc5319035
2025-08-24T16:45:57.9066076Z Build Date: 2025-08-21T20:49:43Z
2025-08-24T16:45:57.9067151Z ##[endgroup]
2025-08-24T16:45:57.9068269Z ##[group]Operating System
2025-08-24T16:45:57.9069386Z Ubuntu
2025-08-24T16:45:57.9070145Z 24.04.2
2025-08-24T16:45:57.9070924Z LTS
2025-08-24T16:45:57.9071810Z ##[endgroup]
2025-08-24T16:45:57.9072614Z ##[group]Runner Image
2025-08-24T16:45:57.9073648Z Image: ubuntu-24.04
2025-08-24T16:45:57.9074466Z Version: 20250818.1.0
2025-08-24T16:45:57.9076186Z Included Software: https://github.com/actions/runner-images/blob/ubuntu24/20250818.1/images/ubuntu/Ubuntu2404-Readme.md
2025-08-24T16:45:57.9079275Z Image Release: https://github.com/actions/runner-images/releases/tag/ubuntu24%2F20250818.1
2025-08-24T16:45:57.9080975Z ##[endgroup]
2025-08-24T16:45:57.9085529Z ##[group]GITHUB_TOKEN Permissions
2025-08-24T16:45:57.9088383Z Actions: write
2025-08-24T16:45:57.9089378Z Attestations: write
2025-08-24T16:45:57.9090156Z Checks: write
2025-08-24T16:45:57.9091014Z Contents: write
2025-08-24T16:45:57.9091935Z Deployments: write
2025-08-24T16:45:57.9092827Z Discussions: write
2025-08-24T16:45:57.9093667Z Issues: write
2025-08-24T16:45:57.9094732Z Metadata: read
2025-08-24T16:45:57.9095528Z Models: read
2025-08-24T16:45:57.9096475Z Packages: write
2025-08-24T16:45:57.9097458Z Pages: write
2025-08-24T16:45:57.9098568Z PullRequests: write
2025-08-24T16:45:57.9099697Z RepositoryProjects: write
2025-08-24T16:45:57.9100600Z SecurityEvents: write
2025-08-24T16:45:57.9101581Z Statuses: write
2025-08-24T16:45:57.9102438Z ##[endgroup]
2025-08-24T16:45:57.9105277Z Secret source: Actions
2025-08-24T16:45:57.9106334Z Prepare workflow directory
2025-08-24T16:45:57.9712420Z Prepare all required actions
2025-08-24T16:45:57.9768653Z Getting action download info
2025-08-24T16:45:58.1892735Z Download action repository 'actions/checkout@v5' (SHA:08c6903cd8c0fde910a37f88322edcfb5dd907a8)
2025-08-24T16:45:58.2687161Z Download action repository 'actions/setup-python@v5' (SHA:a26af69be951a213d495a4c3e4e4022e16d87065)
2025-08-24T16:45:58.3462227Z Download action repository 'actions/cache@v4' (SHA:0400d5f644dc74513175e3cd8d07132dd4860809)
2025-08-24T16:45:58.4421892Z Download action repository 'actions/upload-artifact@v4' (SHA:ea165f8d65b6e75b540449e92b4886f43607fa02)
2025-08-24T16:45:58.6409529Z Complete job name: integration-db
2025-08-24T16:45:58.6878462Z ##[group]Checking docker version
2025-08-24T16:45:58.6891292Z ##[command]/usr/bin/docker version --format '{{.Server.APIVersion}}'
2025-08-24T16:45:58.7243327Z '1.48'
2025-08-24T16:45:58.7255863Z Docker daemon API version: '1.48'
2025-08-24T16:45:58.7256606Z ##[command]/usr/bin/docker version --format '{{.Client.APIVersion}}'
2025-08-24T16:45:58.7445828Z '1.48'
2025-08-24T16:45:58.7459619Z Docker client API version: '1.48'
2025-08-24T16:45:58.7465358Z ##[endgroup]
2025-08-24T16:45:58.7468384Z ##[group]Clean up resources from previous jobs
2025-08-24T16:45:58.7474072Z ##[command]/usr/bin/docker ps --all --quiet --no-trunc --filter "label=179c8e"
2025-08-24T16:45:58.7607659Z ##[command]/usr/bin/docker network prune --force --filter "label=179c8e"
2025-08-24T16:45:58.7728204Z ##[endgroup]
2025-08-24T16:45:58.7728673Z ##[group]Create local container network
2025-08-24T16:45:58.7739169Z ##[command]/usr/bin/docker network create --label 179c8e github_network_e76c2cfd5b194935a039dcbb90fc86c7
2025-08-24T16:45:58.8229162Z 6b1a69fd68516cfda62d30a2962b1477c8914026d785ff77b8bd42dbc05cd6d0
2025-08-24T16:45:58.8249391Z ##[endgroup]
2025-08-24T16:45:58.8276763Z ##[group]Starting postgres service container
2025-08-24T16:45:58.8296828Z ##[command]/usr/bin/docker pull postgres:15
2025-08-24T16:45:59.0849351Z 15: Pulling from library/postgres
2025-08-24T16:45:59.1434941Z 396b1da7636e: Pulling fs layer
2025-08-24T16:45:59.1436346Z fca2566eba32: Pulling fs layer
2025-08-24T16:45:59.1437165Z 631fe8c6d606: Pulling fs layer
2025-08-24T16:45:59.1438353Z 77c7671c4414: Pulling fs layer
2025-08-24T16:45:59.1439216Z 2d9e29180a27: Pulling fs layer
2025-08-24T16:45:59.1440109Z c6bcc2c9a041: Pulling fs layer
2025-08-24T16:45:59.1440938Z ac4b721eb66f: Pulling fs layer
2025-08-24T16:45:59.1441800Z 606bd164980e: Pulling fs layer
2025-08-24T16:45:59.1442563Z f5dfd246bc6e: Pulling fs layer
2025-08-24T16:45:59.1443236Z ba7036bb0a60: Pulling fs layer
2025-08-24T16:45:59.1443795Z 799f859abbbd: Pulling fs layer
2025-08-24T16:45:59.1444365Z d903e777080c: Pulling fs layer
2025-08-24T16:45:59.1444900Z 04adcb462801: Pulling fs layer
2025-08-24T16:45:59.1445477Z 5c10925b29ff: Pulling fs layer
2025-08-24T16:45:59.1445996Z 77c7671c4414: Waiting
2025-08-24T16:45:59.1446448Z 2d9e29180a27: Waiting
2025-08-24T16:45:59.1446923Z ac4b721eb66f: Waiting
2025-08-24T16:45:59.1447371Z c6bcc2c9a041: Waiting
2025-08-24T16:45:59.1448023Z f5dfd246bc6e: Waiting
2025-08-24T16:45:59.1448484Z 606bd164980e: Waiting
2025-08-24T16:45:59.1448929Z ba7036bb0a60: Waiting
2025-08-24T16:45:59.1449369Z d903e777080c: Waiting
2025-08-24T16:45:59.1449804Z 5c10925b29ff: Waiting
2025-08-24T16:45:59.1450239Z 799f859abbbd: Waiting
2025-08-24T16:45:59.1450675Z 04adcb462801: Waiting
2025-08-24T16:45:59.2343974Z fca2566eba32: Verifying Checksum
2025-08-24T16:45:59.2345426Z fca2566eba32: Download complete
2025-08-24T16:45:59.3500468Z 77c7671c4414: Verifying Checksum
2025-08-24T16:45:59.3501909Z 77c7671c4414: Download complete
2025-08-24T16:45:59.3560881Z 631fe8c6d606: Verifying Checksum
2025-08-24T16:45:59.3562698Z 631fe8c6d606: Download complete
2025-08-24T16:45:59.5214490Z 2d9e29180a27: Download complete
2025-08-24T16:45:59.5418404Z c6bcc2c9a041: Verifying Checksum
2025-08-24T16:45:59.5420238Z c6bcc2c9a041: Download complete
2025-08-24T16:45:59.6129380Z ac4b721eb66f: Download complete
2025-08-24T16:45:59.6285801Z 606bd164980e: Download complete
2025-08-24T16:45:59.6749225Z 396b1da7636e: Verifying Checksum
2025-08-24T16:45:59.6750810Z 396b1da7636e: Download complete
2025-08-24T16:45:59.7594431Z ba7036bb0a60: Verifying Checksum
2025-08-24T16:45:59.7602810Z ba7036bb0a60: Download complete
2025-08-24T16:45:59.7651650Z 799f859abbbd: Verifying Checksum
2025-08-24T16:45:59.7653880Z 799f859abbbd: Download complete
2025-08-24T16:45:59.8594856Z 04adcb462801: Verifying Checksum
2025-08-24T16:45:59.8595575Z 04adcb462801: Download complete
2025-08-24T16:45:59.8757092Z d903e777080c: Verifying Checksum
2025-08-24T16:45:59.8757623Z d903e777080c: Download complete
2025-08-24T16:45:59.9567671Z 5c10925b29ff: Download complete
2025-08-24T16:46:00.6805260Z 396b1da7636e: Pull complete
2025-08-24T16:46:00.8436218Z f5dfd246bc6e: Verifying Checksum
2025-08-24T16:46:00.9657146Z f5dfd246bc6e: Download complete
2025-08-24T16:46:00.9657998Z fca2566eba32: Pull complete
2025-08-24T16:46:01.1343095Z 631fe8c6d606: Pull complete
2025-08-24T16:46:01.1800174Z 77c7671c4414: Pull complete
2025-08-24T16:46:01.4842698Z 2d9e29180a27: Pull complete
2025-08-24T16:46:01.5620259Z c6bcc2c9a041: Pull complete
2025-08-24T16:46:01.5702813Z ac4b721eb66f: Pull complete
2025-08-24T16:46:01.5796143Z 606bd164980e: Pull complete
2025-08-24T16:46:04.4712257Z f5dfd246bc6e: Pull complete
2025-08-24T16:46:04.4856874Z ba7036bb0a60: Pull complete
2025-08-24T16:46:04.4958014Z 799f859abbbd: Pull complete
2025-08-24T16:46:04.5054298Z d903e777080c: Pull complete
2025-08-24T16:46:04.5182713Z 04adcb462801: Pull complete
2025-08-24T16:46:04.5279549Z 5c10925b29ff: Pull complete
2025-08-24T16:46:04.5320350Z Digest: sha256:bc51cf4f1fe02cce7ed2370b20128a9b00b4eb804573a77d2a0d877aaa9c82b1
2025-08-24T16:46:04.5333634Z Status: Downloaded newer image for postgres:15
2025-08-24T16:46:04.5342661Z docker.io/library/postgres:15
2025-08-24T16:46:04.5400368Z ##[command]/usr/bin/docker create --name 0ff050a39727464eb9cbb9867ef74aa6_postgres15_183a4a --label 179c8e --network github_network_e76c2cfd5b194935a039dcbb90fc86c7 --network-alias postgres -p 5432:5432 --health-cmd="pg_isready -U postgres -d awa" --health-interval=5s --health-timeout=5s --health-retries=10 -e "POSTGRES_USER=postgres" -e "POSTGRES_PASSWORD=pass" -e "POSTGRES_DB=awa" -e GITHUB_ACTIONS=true -e CI=true postgres:15
2025-08-24T16:46:04.5635568Z 865de5cccc3365b15ae8f550127c53c798aeb9d32c055d8e707576b08c4919ca
2025-08-24T16:46:04.5657393Z ##[command]/usr/bin/docker start 865de5cccc3365b15ae8f550127c53c798aeb9d32c055d8e707576b08c4919ca
2025-08-24T16:46:04.8150154Z 865de5cccc3365b15ae8f550127c53c798aeb9d32c055d8e707576b08c4919ca
2025-08-24T16:46:04.8167362Z ##[command]/usr/bin/docker ps --all --filter id=865de5cccc3365b15ae8f550127c53c798aeb9d32c055d8e707576b08c4919ca --filter status=running --no-trunc --format "{{.ID}} {{.Status}}"
2025-08-24T16:46:04.8286735Z 865de5cccc3365b15ae8f550127c53c798aeb9d32c055d8e707576b08c4919ca Up Less than a second (health: starting)
2025-08-24T16:46:04.8305701Z ##[command]/usr/bin/docker port 865de5cccc3365b15ae8f550127c53c798aeb9d32c055d8e707576b08c4919ca
2025-08-24T16:46:04.8428258Z 5432/tcp -> 0.0.0.0:5432
2025-08-24T16:46:04.8428998Z 5432/tcp -> [::]:5432
2025-08-24T16:46:04.8478501Z ##[endgroup]
2025-08-24T16:46:04.8486811Z ##[group]Waiting for all services to be ready
2025-08-24T16:46:04.8500271Z ##[command]/usr/bin/docker inspect --format="{{if .Config.Healthcheck}}{{print .State.Health.Status}}{{end}}" 865de5cccc3365b15ae8f550127c53c798aeb9d32c055d8e707576b08c4919ca
2025-08-24T16:46:04.8630642Z starting
2025-08-24T16:46:04.8655097Z postgres service is starting, waiting 2 seconds before checking again.
2025-08-24T16:46:06.8653244Z ##[command]/usr/bin/docker inspect --format="{{if .Config.Healthcheck}}{{print .State.Health.Status}}{{end}}" 865de5cccc3365b15ae8f550127c53c798aeb9d32c055d8e707576b08c4919ca
2025-08-24T16:46:06.8787209Z starting
2025-08-24T16:46:06.8802542Z postgres service is starting, waiting 4 seconds before checking again.
2025-08-24T16:46:11.1761720Z ##[command]/usr/bin/docker inspect --format="{{if .Config.Healthcheck}}{{print .State.Health.Status}}{{end}}" 865de5cccc3365b15ae8f550127c53c798aeb9d32c055d8e707576b08c4919ca
2025-08-24T16:46:11.1899219Z healthy
2025-08-24T16:46:11.1917535Z postgres service is healthy.
2025-08-24T16:46:11.1918513Z ##[endgroup]
2025-08-24T16:46:11.2157410Z ##[group]Run actions/checkout@v5
2025-08-24T16:46:11.2158118Z with:
2025-08-24T16:46:11.2158306Z   fetch-depth: 0
2025-08-24T16:46:11.2158512Z   repository: AlexBomber12/AWA-App
2025-08-24T16:46:11.2158875Z   token: ***
2025-08-24T16:46:11.2159056Z   ssh-strict: true
2025-08-24T16:46:11.2159240Z   ssh-user: git
2025-08-24T16:46:11.2159429Z   persist-credentials: true
2025-08-24T16:46:11.2159642Z   clean: true
2025-08-24T16:46:11.2159833Z   sparse-checkout-cone-mode: true
2025-08-24T16:46:11.2160063Z   fetch-tags: false
2025-08-24T16:46:11.2160253Z   show-progress: true
2025-08-24T16:46:11.2160439Z   lfs: false
2025-08-24T16:46:11.2160596Z   submodules: false
2025-08-24T16:46:11.2160782Z   set-safe-directory: true
2025-08-24T16:46:11.2161183Z ##[endgroup]
2025-08-24T16:46:11.3175778Z Syncing repository: AlexBomber12/AWA-App
2025-08-24T16:46:11.3177197Z ##[group]Getting Git version info
2025-08-24T16:46:11.3177621Z Working directory is '/home/runner/work/AWA-App/AWA-App'
2025-08-24T16:46:11.3178376Z [command]/usr/bin/git version
2025-08-24T16:46:11.3189282Z git version 2.51.0
2025-08-24T16:46:11.3209992Z ##[endgroup]
2025-08-24T16:46:11.3223356Z Temporarily overriding HOME='/home/runner/work/_temp/444b6cec-9249-4e01-8ac0-4db5966b2534' before making global git config changes
2025-08-24T16:46:11.3224781Z Adding repository directory to the temporary git global config as a safe directory
2025-08-24T16:46:11.3227992Z [command]/usr/bin/git config --global --add safe.directory /home/runner/work/AWA-App/AWA-App
2025-08-24T16:46:11.3262191Z Deleting the contents of '/home/runner/work/AWA-App/AWA-App'
2025-08-24T16:46:11.3265691Z ##[group]Initializing the repository
2025-08-24T16:46:11.3269825Z [command]/usr/bin/git init /home/runner/work/AWA-App/AWA-App
2025-08-24T16:46:11.3327603Z hint: Using 'master' as the name for the initial branch. This default branch name
2025-08-24T16:46:11.3329314Z hint: is subject to change. To configure the initial branch name to use in all
2025-08-24T16:46:11.3330490Z hint: of your new repositories, which will suppress this warning, call:
2025-08-24T16:46:11.3331019Z hint:
2025-08-24T16:46:11.3331546Z hint: 	git config --global init.defaultBranch <name>
2025-08-24T16:46:11.3332396Z hint:
2025-08-24T16:46:11.3333176Z hint: Names commonly chosen instead of 'master' are 'main', 'trunk' and
2025-08-24T16:46:11.3334614Z hint: 'development'. The just-created branch can be renamed via this command:
2025-08-24T16:46:11.3335645Z hint:
2025-08-24T16:46:11.3336152Z hint: 	git branch -m <name>
2025-08-24T16:46:11.3336758Z hint:
2025-08-24T16:46:11.3337612Z hint: Disable this message with "git config set advice.defaultBranchName false"
2025-08-24T16:46:11.3338951Z Initialized empty Git repository in /home/runner/work/AWA-App/AWA-App/.git/
2025-08-24T16:46:11.3343696Z [command]/usr/bin/git remote add origin https://github.com/AlexBomber12/AWA-App
2025-08-24T16:46:11.3374986Z ##[endgroup]
2025-08-24T16:46:11.3375555Z ##[group]Disabling automatic garbage collection
2025-08-24T16:46:11.3378973Z [command]/usr/bin/git config --local gc.auto 0
2025-08-24T16:46:11.3406591Z ##[endgroup]
2025-08-24T16:46:11.3407006Z ##[group]Setting up auth
2025-08-24T16:46:11.3414015Z [command]/usr/bin/git config --local --name-only --get-regexp core\.sshCommand
2025-08-24T16:46:11.3445431Z [command]/usr/bin/git submodule foreach --recursive sh -c "git config --local --name-only --get-regexp 'core\.sshCommand' && git config --local --unset-all 'core.sshCommand' || :"
2025-08-24T16:46:11.3714811Z [command]/usr/bin/git config --local --name-only --get-regexp http\.https\:\/\/github\.com\/\.extraheader
2025-08-24T16:46:11.3744137Z [command]/usr/bin/git submodule foreach --recursive sh -c "git config --local --name-only --get-regexp 'http\.https\:\/\/github\.com\/\.extraheader' && git config --local --unset-all 'http.https://github.com/.extraheader' || :"
2025-08-24T16:46:11.3970755Z [command]/usr/bin/git config --local http.https://github.com/.extraheader AUTHORIZATION: basic ***
2025-08-24T16:46:11.4005858Z ##[endgroup]
2025-08-24T16:46:11.4006614Z ##[group]Fetching the repository
2025-08-24T16:46:11.4015009Z [command]/usr/bin/git -c protocol.version=2 fetch --prune --no-recurse-submodules origin +refs/heads/*:refs/remotes/origin/* +refs/tags/*:refs/tags/*
2025-08-24T16:46:15.1559930Z From https://github.com/AlexBomber12/AWA-App
2025-08-24T16:46:15.1561063Z  * [new branch]        codex/analyze-ci-logs-and-fix-failures -> origin/codex/analyze-ci-logs-and-fix-failures
2025-08-24T16:46:15.1562345Z  * [new branch]        codex/fix-ci-workflows-to-pass-all-tests -> origin/codex/fix-ci-workflows-to-pass-all-tests
2025-08-24T16:46:15.1563461Z  * [new branch]        codex/fix-ci-workflows-to-pass-tests -> origin/codex/fix-ci-workflows-to-pass-tests
2025-08-24T16:46:15.1564227Z  * [new branch]        codex/fix-ci-workflows-until-green -> origin/codex/fix-ci-workflows-until-green
2025-08-24T16:46:15.1565229Z  * [new branch]        codex/harden-microservice-startup-and-fix-health-checks -> origin/codex/harden-microservice-startup-and-fix-health-checks
2025-08-24T16:46:15.1566183Z  * [new branch]        codex/implement-targeted-ci-fixes -> origin/codex/implement-targeted-ci-fixes
2025-08-24T16:46:15.1567020Z  * [new branch]        codex/implement-targeted-ci-fixes-for-success -> origin/codex/implement-targeted-ci-fixes-for-success
2025-08-24T16:46:15.1567667Z  * [new branch]        main       -> origin/main
2025-08-24T16:46:15.1568220Z  * [new tag]           0.3.0      -> 0.3.0
2025-08-24T16:46:15.1617551Z [command]/usr/bin/git branch --list --remote origin/main
2025-08-24T16:46:15.1642955Z   origin/main
2025-08-24T16:46:15.1655466Z [command]/usr/bin/git rev-parse refs/remotes/origin/main
2025-08-24T16:46:15.1679394Z 310a428b039b9d8e5b607b55e3f97b485e9fa381
2025-08-24T16:46:15.1685067Z ##[endgroup]
2025-08-24T16:46:15.1685688Z ##[group]Determining the checkout info
2025-08-24T16:46:15.1686925Z ##[endgroup]
2025-08-24T16:46:15.1691965Z [command]/usr/bin/git sparse-checkout disable
2025-08-24T16:46:15.1729907Z [command]/usr/bin/git config --local --unset-all extensions.worktreeConfig
2025-08-24T16:46:15.1755689Z ##[group]Checking out the ref
2025-08-24T16:46:15.1760301Z [command]/usr/bin/git checkout --progress --force -B main refs/remotes/origin/main
2025-08-24T16:46:15.2125578Z Switched to a new branch 'main'
2025-08-24T16:46:15.2129191Z branch 'main' set up to track 'origin/main'.
2025-08-24T16:46:15.2137520Z ##[endgroup]
2025-08-24T16:46:15.2176831Z [command]/usr/bin/git log -1 --format=%H
2025-08-24T16:46:15.2199794Z 310a428b039b9d8e5b607b55e3f97b485e9fa381
2025-08-24T16:46:15.2381860Z ##[group]Run cat .env.ci >> "$GITHUB_ENV"
2025-08-24T16:46:15.2382232Z [36;1mcat .env.ci >> "$GITHUB_ENV"[0m
2025-08-24T16:46:15.2382989Z [36;1mecho "DATABASE_URL=***localhost:5432/awa" >> "$GITHUB_ENV"[0m
2025-08-24T16:46:15.2383390Z [36;1mecho "PG_HOST=localhost" >> "$GITHUB_ENV"[0m
2025-08-24T16:46:15.2383733Z [36;1mecho "PG_PORT=5432" >> "$GITHUB_ENV"[0m
2025-08-24T16:46:15.2384039Z [36;1mecho "PG_USER=postgres" >> "$GITHUB_ENV"[0m
2025-08-24T16:46:15.2384360Z [36;1mecho "PG_PASSWORD=pass" >> "$GITHUB_ENV"[0m
2025-08-24T16:46:15.2384667Z [36;1mecho "PG_DATABASE=awa" >> "$GITHUB_ENV"[0m
2025-08-24T16:46:15.2384968Z [36;1mecho "TESTING=1" >> "$GITHUB_ENV"[0m
2025-08-24T16:46:15.2429568Z shell: /usr/bin/bash -e {0}
2025-08-24T16:46:15.2429881Z ##[endgroup]
2025-08-24T16:46:15.2622568Z ##[group]Run actions/setup-python@v5
2025-08-24T16:46:15.2622892Z with:
2025-08-24T16:46:15.2623092Z   python-version: 3.11
2025-08-24T16:46:15.2623326Z   cache: pip
2025-08-24T16:46:15.2623579Z   cache-dependency-path: requirements-dev.txt

2025-08-24T16:46:15.2623903Z   check-latest: false
2025-08-24T16:46:15.2624254Z   token: ***
2025-08-24T16:46:15.2624465Z   update-environment: true
2025-08-24T16:46:15.2624720Z   allow-prereleases: false
2025-08-24T16:46:15.2624954Z   freethreaded: false
2025-08-24T16:46:15.2625181Z env:
2025-08-24T16:46:15.2625356Z   PG_USER: postgres
2025-08-24T16:46:15.2625573Z   PG_PASSWORD: pass
2025-08-24T16:46:15.2625779Z   PG_DATABASE: awa
2025-08-24T16:46:15.2625994Z   PG_HOST: localhost
2025-08-24T16:46:15.2626202Z   PG_PORT: 5432
2025-08-24T16:46:15.2626630Z   PG_SYNC_DSN: ***localhost:5432/awa
2025-08-24T16:46:15.2627074Z   PG_ASYNC_DSN: ***localhost:5432/awa
2025-08-24T16:46:15.2627519Z   DATABASE_URL: ***localhost:5432/awa
2025-08-24T16:46:15.2628104Z   DATA_DIR: /tmp/awa-data
2025-08-24T16:46:15.2628406Z   ENABLE_LIVE: 0
2025-08-24T16:46:15.2628606Z   TESTING: 1
2025-08-24T16:46:15.2628791Z ##[endgroup]
2025-08-24T16:46:15.4295301Z ##[group]Installed versions
2025-08-24T16:46:15.4374117Z Successfully set up CPython (3.11.13)
2025-08-24T16:46:15.4374874Z ##[endgroup]
2025-08-24T16:46:15.4756859Z [command]/opt/hostedtoolcache/Python/3.11.13/x64/bin/pip cache dir
2025-08-24T16:46:16.7219135Z /home/runner/.cache/pip
2025-08-24T16:46:16.8270287Z Cache hit for: setup-python-Linux-x64-24.04-Ubuntu-python-3.11.13-pip-cc13ccef493b9f3a93ad5651164d9fb09282c1111f6f72ce20e0657de16de6b4
2025-08-24T16:46:17.8843676Z Received 205520896 of 309815432 (66.3%), 194.3 MBs/sec
2025-08-24T16:46:18.4483836Z Received 309815432 of 309815432 (100.0%), 187.8 MBs/sec
2025-08-24T16:46:18.4485614Z Cache Size: ~295 MB (309815432 B)
2025-08-24T16:46:18.4529618Z [command]/usr/bin/tar -xf /home/runner/work/_temp/714a299a-da8a-40e2-92e0-39996ea045b9/cache.tzst -P -C /home/runner/work/AWA-App/AWA-App --use-compress-program unzstd
2025-08-24T16:46:18.9637210Z Cache restored successfully
2025-08-24T16:46:19.0235234Z Cache restored from key: setup-python-Linux-x64-24.04-Ubuntu-python-3.11.13-pip-cc13ccef493b9f3a93ad5651164d9fb09282c1111f6f72ce20e0657de16de6b4
2025-08-24T16:46:19.0986511Z ##[group]Run actions/cache@v4
2025-08-24T16:46:19.0986772Z with:
2025-08-24T16:46:19.0987005Z   path: ~/.cache/pip
.pytest_cache
~/.ruff_cache

2025-08-24T16:46:19.0987493Z   key: Linux-int-cc13ccef493b9f3a93ad5651164d9fb09282c1111f6f72ce20e0657de16de6b4
2025-08-24T16:46:19.0988529Z   restore-keys: Linux-int-
2025-08-24T16:46:19.0988783Z   enableCrossOsArchive: false
2025-08-24T16:46:19.0989039Z   fail-on-cache-miss: false
2025-08-24T16:46:19.0989265Z   lookup-only: false
2025-08-24T16:46:19.0989477Z   save-always: false
2025-08-24T16:46:19.0989676Z env:
2025-08-24T16:46:19.0989848Z   PG_USER: postgres
2025-08-24T16:46:19.0990057Z   PG_PASSWORD: pass
2025-08-24T16:46:19.0990272Z   PG_DATABASE: awa
2025-08-24T16:46:19.0990489Z   PG_HOST: localhost
2025-08-24T16:46:19.0990699Z   PG_PORT: 5432
2025-08-24T16:46:19.0991315Z   PG_SYNC_DSN: ***localhost:5432/awa
2025-08-24T16:46:19.0991842Z   PG_ASYNC_DSN: ***localhost:5432/awa
2025-08-24T16:46:19.0992343Z   DATABASE_URL: ***localhost:5432/awa
2025-08-24T16:46:19.0992627Z   DATA_DIR: /tmp/awa-data
2025-08-24T16:46:19.0992865Z   ENABLE_LIVE: 0
2025-08-24T16:46:19.0993074Z   TESTING: 1
2025-08-24T16:46:19.0993355Z   pythonLocation: /opt/hostedtoolcache/Python/3.11.13/x64
2025-08-24T16:46:19.0993841Z   PKG_CONFIG_PATH: /opt/hostedtoolcache/Python/3.11.13/x64/lib/pkgconfig
2025-08-24T16:46:19.0994312Z   Python_ROOT_DIR: /opt/hostedtoolcache/Python/3.11.13/x64
2025-08-24T16:46:19.0994726Z   Python2_ROOT_DIR: /opt/hostedtoolcache/Python/3.11.13/x64
2025-08-24T16:46:19.0995139Z   Python3_ROOT_DIR: /opt/hostedtoolcache/Python/3.11.13/x64
2025-08-24T16:46:19.0995559Z   LD_LIBRARY_PATH: /opt/hostedtoolcache/Python/3.11.13/x64/lib
2025-08-24T16:46:19.0995920Z ##[endgroup]
2025-08-24T16:46:19.3048454Z Cache hit for: Linux-int-cc13ccef493b9f3a93ad5651164d9fb09282c1111f6f72ce20e0657de16de6b4
2025-08-24T16:46:20.3392630Z Received 239075328 of 309817358 (77.2%), 228.0 MBs/sec
2025-08-24T16:46:20.7150330Z Received 309817358 of 309817358 (100.0%), 214.7 MBs/sec
2025-08-24T16:46:20.7153022Z Cache Size: ~295 MB (309817358 B)
2025-08-24T16:46:20.7197019Z [command]/usr/bin/tar -xf /home/runner/work/_temp/8c8484e3-0ad7-4709-8eec-876e5eae4df8/cache.tzst -P -C /home/runner/work/AWA-App/AWA-App --use-compress-program unzstd
2025-08-24T16:46:21.3195760Z Cache restored successfully
2025-08-24T16:46:21.3950076Z Cache restored from key: Linux-int-cc13ccef493b9f3a93ad5651164d9fb09282c1111f6f72ce20e0657de16de6b4
2025-08-24T16:46:21.4098272Z ##[group]Run pip install --break-system-packages -r requirements-dev.txt
2025-08-24T16:46:21.4099201Z [36;1mpip install --break-system-packages -r requirements-dev.txt[0m
2025-08-24T16:46:21.4099968Z [36;1mpip install --break-system-packages keepa==1.3.15 minio==7.1.15[0m
2025-08-24T16:46:21.4162672Z shell: /usr/bin/bash -e {0}
2025-08-24T16:46:21.4163061Z env:
2025-08-24T16:46:21.4163368Z   PG_USER: postgres
2025-08-24T16:46:21.4163708Z   PG_PASSWORD: pass
2025-08-24T16:46:21.4164037Z   PG_DATABASE: awa
2025-08-24T16:46:21.4164380Z   PG_HOST: localhost
2025-08-24T16:46:21.4164737Z   PG_PORT: 5432
2025-08-24T16:46:21.4165528Z   PG_SYNC_DSN: ***localhost:5432/awa
2025-08-24T16:46:21.4166220Z   PG_ASYNC_DSN: ***localhost:5432/awa
2025-08-24T16:46:21.4166920Z   DATABASE_URL: ***localhost:5432/awa
2025-08-24T16:46:21.4167376Z   DATA_DIR: /tmp/awa-data
2025-08-24T16:46:21.4167746Z   ENABLE_LIVE: 0
2025-08-24T16:46:21.4168235Z   TESTING: 1
2025-08-24T16:46:21.4168734Z   pythonLocation: /opt/hostedtoolcache/Python/3.11.13/x64
2025-08-24T16:46:21.4169443Z   PKG_CONFIG_PATH: /opt/hostedtoolcache/Python/3.11.13/x64/lib/pkgconfig
2025-08-24T16:46:21.4170127Z   Python_ROOT_DIR: /opt/hostedtoolcache/Python/3.11.13/x64
2025-08-24T16:46:21.4170761Z   Python2_ROOT_DIR: /opt/hostedtoolcache/Python/3.11.13/x64
2025-08-24T16:46:21.4171394Z   Python3_ROOT_DIR: /opt/hostedtoolcache/Python/3.11.13/x64
2025-08-24T16:46:21.4172042Z   LD_LIBRARY_PATH: /opt/hostedtoolcache/Python/3.11.13/x64/lib
2025-08-24T16:46:21.4172579Z ##[endgroup]
2025-08-24T16:46:22.2146822Z Collecting Jinja2==3.1.6 (from -r requirements-dev.txt (line 2))
2025-08-24T16:46:22.2163548Z   Using cached jinja2-3.1.6-py3-none-any.whl.metadata (2.9 kB)
2025-08-24T16:46:22.2404913Z Collecting alembic==1.16.4 (from -r requirements-dev.txt (line 3))
2025-08-24T16:46:22.2420359Z   Using cached alembic-1.16.4-py3-none-any.whl.metadata (7.3 kB)
2025-08-24T16:46:22.2621093Z Collecting apscheduler==3.10.4 (from -r requirements-dev.txt (line 4))
2025-08-24T16:46:22.2635189Z   Using cached APScheduler-3.10.4-py3-none-any.whl.metadata (5.7 kB)
2025-08-24T16:46:22.2823073Z Collecting asgi-correlation-id==4.3.1 (from -r requirements-dev.txt (line 5))
2025-08-24T16:46:22.2838086Z   Using cached asgi_correlation_id-4.3.1-py3-none-any.whl.metadata (28 kB)
2025-08-24T16:46:22.3360552Z Collecting asyncpg==0.30.0 (from -r requirements-dev.txt (line 6))
2025-08-24T16:46:22.3380573Z   Using cached asyncpg-0.30.0-cp311-cp311-manylinux_2_17_x86_64.manylinux2014_x86_64.whl.metadata (5.0 kB)
2025-08-24T16:46:22.3829841Z Collecting black==25.1.0 (from -r requirements-dev.txt (line 7))
2025-08-24T16:46:22.3843729Z   Using cached black-25.1.0-cp311-cp311-manylinux_2_17_x86_64.manylinux2014_x86_64.manylinux_2_28_x86_64.whl.metadata (81 kB)
2025-08-24T16:46:22.7512601Z Collecting boto3 (from -r requirements-dev.txt (line 8))
2025-08-24T16:46:22.7962521Z   Downloading boto3-1.40.16-py3-none-any.whl.metadata (6.7 kB)
2025-08-24T16:46:22.8288850Z Collecting redis==6.* (from -r requirements-dev.txt (line 9))
2025-08-24T16:46:22.8303215Z   Using cached redis-6.4.0-py3-none-any.whl.metadata (10 kB)
2025-08-24T16:46:22.8622386Z Collecting minio==7.* (from -r requirements-dev.txt (line 10))
2025-08-24T16:46:22.8636084Z   Using cached minio-7.2.16-py3-none-any.whl.metadata (6.5 kB)
2025-08-24T16:46:22.8800074Z Collecting vulture==2.10 (from -r requirements-dev.txt (line 11))
2025-08-24T16:46:22.8813296Z   Using cached vulture-2.10-py2.py3-none-any.whl.metadata (23 kB)
2025-08-24T16:46:22.9125054Z Collecting celery==5.5.3 (from -r requirements-dev.txt (line 12))
2025-08-24T16:46:22.9138551Z   Using cached celery-5.5.3-py3-none-any.whl.metadata (22 kB)
2025-08-24T16:46:22.9689796Z Collecting fastapi==0.116.1 (from -r requirements-dev.txt (line 13))
2025-08-24T16:46:22.9703083Z   Using cached fastapi-0.116.1-py3-none-any.whl.metadata (28 kB)
2025-08-24T16:46:22.9874065Z Collecting fastapi-limiter==0.1.6 (from -r requirements-dev.txt (line 15))
2025-08-24T16:46:22.9887476Z   Using cached fastapi_limiter-0.1.6-py3-none-any.whl.metadata (5.3 kB)
2025-08-24T16:46:23.0098074Z Collecting httpx<0.29,>=0.27 (from -r requirements-dev.txt (line 16))
2025-08-24T16:46:23.0111358Z   Using cached httpx-0.28.1-py3-none-any.whl.metadata (7.1 kB)
2025-08-24T16:46:23.0265258Z Collecting imapclient==3.0.1 (from -r requirements-dev.txt (line 17))
2025-08-24T16:46:23.0278633Z   Using cached IMAPClient-3.0.1-py2.py3-none-any.whl.metadata (1.7 kB)
2025-08-24T16:46:23.0404751Z Collecting itsdangerous (from -r requirements-dev.txt (line 18))
2025-08-24T16:46:23.0418506Z   Using cached itsdangerous-2.2.0-py3-none-any.whl.metadata (1.9 kB)
2025-08-24T16:46:23.1538079Z Collecting mypy==1.* (from -r requirements-dev.txt (line 19))
2025-08-24T16:46:23.1553434Z   Using cached mypy-1.17.1-cp311-cp311-manylinux2014_x86_64.manylinux_2_17_x86_64.manylinux_2_28_x86_64.whl.metadata (2.2 kB)
2025-08-24T16:46:23.1680105Z Collecting mypy-extensions==1.1.0 (from -r requirements-dev.txt (line 20))
2025-08-24T16:46:23.1693298Z   Using cached mypy_extensions-1.1.0-py3-none-any.whl.metadata (1.1 kB)
2025-08-24T16:46:23.3268251Z Collecting numpy<2 (from -r requirements-dev.txt (line 21))
2025-08-24T16:46:23.3283189Z   Using cached numpy-1.26.4-cp311-cp311-manylinux_2_17_x86_64.manylinux2014_x86_64.whl.metadata (61 kB)
2025-08-24T16:46:23.3550561Z Collecting openpyxl==3.1.5 (from -r requirements-dev.txt (line 22))
2025-08-24T16:46:23.3564151Z   Using cached openpyxl-3.1.5-py2.py3-none-any.whl.metadata (2.5 kB)
2025-08-24T16:46:23.4821277Z Collecting pandas==2.2.* (from -r requirements-dev.txt (line 23))
2025-08-24T16:46:23.4835229Z   Using cached pandas-2.2.3-cp311-cp311-manylinux_2_17_x86_64.manylinux2014_x86_64.whl.metadata (89 kB)
2025-08-24T16:46:23.5706559Z Collecting psycopg2-binary==2.9.10 (from -r requirements-dev.txt (line 24))
2025-08-24T16:46:23.5720561Z   Using cached psycopg2_binary-2.9.10-cp311-cp311-manylinux_2_17_x86_64.manylinux2014_x86_64.whl.metadata (4.9 kB)
2025-08-24T16:46:23.5896093Z Collecting psycopg==3.2.9 (from psycopg[binary]==3.2.9->-r requirements-dev.txt (line 25))
2025-08-24T16:46:23.6179983Z   Using cached psycopg-3.2.9-py3-none-any.whl.metadata (4.5 kB)
2025-08-24T16:46:23.7230401Z Collecting pydantic==2.11.7 (from -r requirements-dev.txt (line 26))
2025-08-24T16:46:23.7244989Z   Using cached pydantic-2.11.7-py3-none-any.whl.metadata (67 kB)
2025-08-24T16:46:23.7283662Z Requirement already satisfied: setuptools in /opt/hostedtoolcache/Python/3.11.13/x64/lib/python3.11/site-packages (from -r requirements-dev.txt (line 27)) (65.5.0)
2025-08-24T16:46:23.7473101Z Collecting pytest-asyncio==1.1.0 (from -r requirements-dev.txt (line 28))
2025-08-24T16:46:23.7486856Z   Using cached pytest_asyncio-1.1.0-py3-none-any.whl.metadata (4.1 kB)
2025-08-24T16:46:23.7651278Z Collecting pytest-cov==6.2.1 (from -r requirements-dev.txt (line 29))
2025-08-24T16:46:23.7664943Z   Using cached pytest_cov-6.2.1-py3-none-any.whl.metadata (30 kB)
2025-08-24T16:46:23.7842477Z Collecting pytest-postgresql==7.0.2 (from -r requirements-dev.txt (line 30))
2025-08-24T16:46:23.7855947Z   Using cached pytest_postgresql-7.0.2-py3-none-any.whl.metadata (18 kB)
2025-08-24T16:46:23.8042845Z Collecting python-dotenv (from -r requirements-dev.txt (line 31))
2025-08-24T16:46:23.8056485Z   Using cached python_dotenv-1.1.1-py3-none-any.whl.metadata (24 kB)
2025-08-24T16:46:23.8228350Z Collecting python-multipart (from -r requirements-dev.txt (line 32))
2025-08-24T16:46:23.8242083Z   Using cached python_multipart-0.0.20-py3-none-any.whl.metadata (1.8 kB)
2025-08-24T16:46:23.8537217Z Collecting python-telegram-bot==22.3 (from -r requirements-dev.txt (line 33))
2025-08-24T16:46:23.8550629Z   Using cached python_telegram_bot-22.3-py3-none-any.whl.metadata (17 kB)
2025-08-24T16:46:23.8838740Z Collecting requests==2.32.4 (from -r requirements-dev.txt (line 34))
2025-08-24T16:46:23.8853124Z   Using cached requests-2.32.4-py3-none-any.whl.metadata (4.9 kB)
2025-08-24T16:46:23.9041826Z Collecting respx==0.22.0 (from -r requirements-dev.txt (line 35))
2025-08-24T16:46:23.9055569Z   Using cached respx-0.22.0-py2.py3-none-any.whl.metadata (4.1 kB)
2025-08-24T16:46:24.3026824Z Collecting ruff==0.9.9 (from -r requirements-dev.txt (line 36))
2025-08-24T16:46:24.3044218Z   Using cached ruff-0.9.9-py3-none-manylinux_2_17_x86_64.manylinux2014_x86_64.whl.metadata (25 kB)
2025-08-24T16:46:24.5464155Z Collecting sqlalchemy==2.0.43 (from -r requirements-dev.txt (line 37))
2025-08-24T16:46:24.5483964Z   Using cached sqlalchemy-2.0.43-cp311-cp311-manylinux_2_17_x86_64.manylinux2014_x86_64.whl.metadata (9.6 kB)
2025-08-24T16:46:24.5713496Z Collecting structlog==24.1.0 (from -r requirements-dev.txt (line 38))
2025-08-24T16:46:24.5727006Z   Using cached structlog-24.1.0-py3-none-any.whl.metadata (6.9 kB)
2025-08-24T16:46:24.5945920Z Collecting testcontainers==4.12.0 (from testcontainers[postgres]==4.12.0->-r requirements-dev.txt (line 39))
2025-08-24T16:46:24.5947138Z   Using cached testcontainers-4.12.0-py3-none-any.whl.metadata (8.3 kB)
2025-08-24T16:46:24.6320614Z Collecting types-requests==2.32.4.20250809 (from -r requirements-dev.txt (line 40))
2025-08-24T16:46:24.6334390Z   Using cached types_requests-2.32.4.20250809-py3-none-any.whl.metadata (2.0 kB)
2025-08-24T16:46:24.6518377Z Collecting docspec-python==2.2.2 (from -r requirements-dev.txt (line 41))
2025-08-24T16:46:24.6531889Z   Using cached docspec_python-2.2.2-py3-none-any.whl.metadata (1.0 kB)
2025-08-24T16:46:24.6761588Z Collecting pydoc-markdown==4.8.2 (from -r requirements-dev.txt (line 42))
2025-08-24T16:46:24.6774911Z   Using cached pydoc_markdown-4.8.2-py3-none-any.whl.metadata (5.9 kB)
2025-08-24T16:46:24.7051691Z Collecting pandera==0.19.* (from -r requirements-dev.txt (line 43))
2025-08-24T16:46:24.7065076Z   Using cached pandera-0.19.3-py3-none-any.whl.metadata (15 kB)
2025-08-24T16:46:24.8055466Z Collecting MarkupSafe>=2.0 (from Jinja2==3.1.6->-r requirements-dev.txt (line 2))
2025-08-24T16:46:24.8071007Z   Using cached MarkupSafe-3.0.2-cp311-cp311-manylinux_2_17_x86_64.manylinux2014_x86_64.whl.metadata (4.0 kB)
2025-08-24T16:46:24.8349802Z Collecting Mako (from alembic==1.16.4->-r requirements-dev.txt (line 3))
2025-08-24T16:46:24.8363422Z   Using cached mako-1.3.10-py3-none-any.whl.metadata (2.9 kB)
2025-08-24T16:46:24.8549986Z Collecting typing-extensions>=4.12 (from alembic==1.16.4->-r requirements-dev.txt (line 3))
2025-08-24T16:46:24.8563950Z   Using cached typing_extensions-4.14.1-py3-none-any.whl.metadata (3.0 kB)
2025-08-24T16:46:24.8722863Z Collecting six>=1.4.0 (from apscheduler==3.10.4->-r requirements-dev.txt (line 4))
2025-08-24T16:46:24.8736446Z   Using cached six-1.17.0-py2.py3-none-any.whl.metadata (1.7 kB)
2025-08-24T16:46:24.9084985Z Collecting pytz (from apscheduler==3.10.4->-r requirements-dev.txt (line 4))
2025-08-24T16:46:24.9099218Z   Using cached pytz-2025.2-py2.py3-none-any.whl.metadata (22 kB)
2025-08-24T16:46:24.9286371Z Collecting tzlocal!=3.*,>=2.0 (from apscheduler==3.10.4->-r requirements-dev.txt (line 4))
2025-08-24T16:46:24.9300054Z   Using cached tzlocal-5.3.1-py3-none-any.whl.metadata (7.6 kB)
2025-08-24T16:46:24.9649834Z Collecting starlette>=0.18 (from asgi-correlation-id==4.3.1->-r requirements-dev.txt (line 5))
2025-08-24T16:46:24.9727448Z   Downloading starlette-0.47.3-py3-none-any.whl.metadata (6.2 kB)
2025-08-24T16:46:24.9959247Z Collecting click>=8.0.0 (from black==25.1.0->-r requirements-dev.txt (line 7))
2025-08-24T16:46:24.9972840Z   Using cached click-8.2.1-py3-none-any.whl.metadata (2.5 kB)
2025-08-24T16:46:25.0156994Z Collecting packaging>=22.0 (from black==25.1.0->-r requirements-dev.txt (line 7))
2025-08-24T16:46:25.0170647Z   Using cached packaging-25.0-py3-none-any.whl.metadata (3.3 kB)
2025-08-24T16:46:25.0305253Z Collecting pathspec>=0.9.0 (from black==25.1.0->-r requirements-dev.txt (line 7))
2025-08-24T16:46:25.0319066Z   Using cached pathspec-0.12.1-py3-none-any.whl.metadata (21 kB)
2025-08-24T16:46:25.0523281Z Collecting platformdirs>=2 (from black==25.1.0->-r requirements-dev.txt (line 7))
2025-08-24T16:46:25.0537208Z   Using cached platformdirs-4.3.8-py3-none-any.whl.metadata (12 kB)
2025-08-24T16:46:25.0691222Z Collecting toml (from vulture==2.10->-r requirements-dev.txt (line 11))
2025-08-24T16:46:25.0710119Z   Using cached toml-0.10.2-py2.py3-none-any.whl.metadata (7.1 kB)
2025-08-24T16:46:25.0928652Z Collecting billiard<5.0,>=4.2.1 (from celery==5.5.3->-r requirements-dev.txt (line 12))
2025-08-24T16:46:25.0942144Z   Using cached billiard-4.2.1-py3-none-any.whl.metadata (4.4 kB)
2025-08-24T16:46:25.1251478Z Collecting kombu<5.6,>=5.5.2 (from celery==5.5.3->-r requirements-dev.txt (line 12))
2025-08-24T16:46:25.1264925Z   Using cached kombu-5.5.4-py3-none-any.whl.metadata (3.5 kB)
2025-08-24T16:46:25.1448726Z Collecting vine<6.0,>=5.1.0 (from celery==5.5.3->-r requirements-dev.txt (line 12))
2025-08-24T16:46:25.1462590Z   Using cached vine-5.1.0-py3-none-any.whl.metadata (2.7 kB)
2025-08-24T16:46:25.1628683Z Collecting click-didyoumean>=0.3.0 (from celery==5.5.3->-r requirements-dev.txt (line 12))
2025-08-24T16:46:25.1642330Z   Using cached click_didyoumean-0.3.1-py3-none-any.whl.metadata (3.9 kB)
2025-08-24T16:46:25.1759029Z Collecting click-repl>=0.2.0 (from celery==5.5.3->-r requirements-dev.txt (line 12))
2025-08-24T16:46:25.1772400Z   Using cached click_repl-0.3.0-py3-none-any.whl.metadata (3.6 kB)
2025-08-24T16:46:25.1892054Z Collecting click-plugins>=1.1.1 (from celery==5.5.3->-r requirements-dev.txt (line 12))
2025-08-24T16:46:25.1906413Z   Using cached click_plugins-1.1.1.2-py2.py3-none-any.whl.metadata (6.5 kB)
2025-08-24T16:46:25.2056893Z Collecting python-dateutil>=2.8.2 (from celery==5.5.3->-r requirements-dev.txt (line 12))
2025-08-24T16:46:25.2070982Z   Using cached python_dateutil-2.9.0.post0-py2.py3-none-any.whl.metadata (8.4 kB)
2025-08-24T16:46:25.2588897Z Collecting annotated-types>=0.6.0 (from pydantic==2.11.7->-r requirements-dev.txt (line 26))
2025-08-24T16:46:25.2602673Z   Using cached annotated_types-0.7.0-py3-none-any.whl.metadata (15 kB)
2025-08-24T16:46:25.9028669Z Collecting pydantic-core==2.33.2 (from pydantic==2.11.7->-r requirements-dev.txt (line 26))
2025-08-24T16:46:25.9044556Z   Using cached pydantic_core-2.33.2-cp311-cp311-manylinux_2_17_x86_64.manylinux2014_x86_64.whl.metadata (6.8 kB)
2025-08-24T16:46:25.9195111Z Collecting typing-inspection>=0.4.0 (from pydantic==2.11.7->-r requirements-dev.txt (line 26))
2025-08-24T16:46:25.9209532Z   Using cached typing_inspection-0.4.1-py3-none-any.whl.metadata (2.6 kB)
2025-08-24T16:46:25.9472038Z Collecting et-xmlfile (from openpyxl==3.1.5->-r requirements-dev.txt (line 22))
2025-08-24T16:46:25.9485832Z   Using cached et_xmlfile-2.0.0-py3-none-any.whl.metadata (2.7 kB)
2025-08-24T16:46:25.9910718Z Collecting pytest<9,>=8.2 (from pytest-asyncio==1.1.0->-r requirements-dev.txt (line 28))
2025-08-24T16:46:25.9924279Z   Using cached pytest-8.4.1-py3-none-any.whl.metadata (7.7 kB)
2025-08-24T16:46:26.3984914Z Collecting coverage>=7.5 (from coverage[toml]>=7.5->pytest-cov==6.2.1->-r requirements-dev.txt (line 29))
2025-08-24T16:46:26.4067742Z   Downloading coverage-7.10.5-cp311-cp311-manylinux1_x86_64.manylinux_2_28_x86_64.manylinux_2_5_x86_64.whl.metadata (8.9 kB)
2025-08-24T16:46:26.4233677Z Collecting pluggy>=1.2 (from pytest-cov==6.2.1->-r requirements-dev.txt (line 29))
2025-08-24T16:46:26.4246817Z   Using cached pluggy-1.6.0-py3-none-any.whl.metadata (4.8 kB)
2025-08-24T16:46:26.4509914Z Collecting port-for>=0.7.3 (from pytest-postgresql==7.0.2->-r requirements-dev.txt (line 30))
2025-08-24T16:46:26.4523132Z   Using cached port_for-0.7.4-py3-none-any.whl.metadata (7.1 kB)
2025-08-24T16:46:26.4677346Z Collecting mirakuru>=2.6.0 (from pytest-postgresql==7.0.2->-r requirements-dev.txt (line 30))
2025-08-24T16:46:26.4690267Z   Using cached mirakuru-2.6.1-py3-none-any.whl.metadata (10 kB)
2025-08-24T16:46:26.5508707Z Collecting charset_normalizer<4,>=2 (from requests==2.32.4->-r requirements-dev.txt (line 34))
2025-08-24T16:46:26.5522712Z   Using cached charset_normalizer-3.4.3-cp311-cp311-manylinux2014_x86_64.manylinux_2_17_x86_64.manylinux_2_28_x86_64.whl.metadata (36 kB)
2025-08-24T16:46:26.5690488Z Collecting idna<4,>=2.5 (from requests==2.32.4->-r requirements-dev.txt (line 34))
2025-08-24T16:46:26.5703631Z   Using cached idna-3.10-py3-none-any.whl.metadata (10 kB)
2025-08-24T16:46:26.5982896Z Collecting urllib3<3,>=1.21.1 (from requests==2.32.4->-r requirements-dev.txt (line 34))
2025-08-24T16:46:26.5996432Z   Using cached urllib3-2.5.0-py3-none-any.whl.metadata (6.5 kB)
2025-08-24T16:46:26.6215741Z Collecting certifi>=2017.4.17 (from requests==2.32.4->-r requirements-dev.txt (line 34))
2025-08-24T16:46:26.6229518Z   Using cached certifi-2025.8.3-py3-none-any.whl.metadata (2.4 kB)
2025-08-24T16:46:26.7453059Z Collecting greenlet>=1 (from sqlalchemy==2.0.43->-r requirements-dev.txt (line 37))
2025-08-24T16:46:26.7467618Z   Using cached greenlet-3.2.4-cp311-cp311-manylinux_2_24_x86_64.manylinux_2_28_x86_64.whl.metadata (4.1 kB)
2025-08-24T16:46:26.7785498Z Collecting docker (from testcontainers==4.12.0->testcontainers[postgres]==4.12.0->-r requirements-dev.txt (line 39))
2025-08-24T16:46:26.7799114Z   Using cached docker-7.1.0-py3-none-any.whl.metadata (3.8 kB)
2025-08-24T16:46:26.8748500Z Collecting wrapt (from testcontainers==4.12.0->testcontainers[postgres]==4.12.0->-r requirements-dev.txt (line 39))
2025-08-24T16:46:26.8762748Z   Using cached wrapt-1.17.3-cp311-cp311-manylinux1_x86_64.manylinux_2_28_x86_64.manylinux_2_5_x86_64.whl.metadata (6.4 kB)
2025-08-24T16:46:26.9036448Z Collecting docspec==2.2.1 (from docspec-python==2.2.2->-r requirements-dev.txt (line 41))
2025-08-24T16:46:26.9050764Z   Using cached docspec-2.2.1-py3-none-any.whl.metadata (1.5 kB)
2025-08-24T16:46:26.9230978Z Collecting nr-util>=0.8.12 (from docspec-python==2.2.2->-r requirements-dev.txt (line 41))
2025-08-24T16:46:26.9244467Z   Using cached nr.util-0.8.12-py3-none-any.whl.metadata (813 bytes)
2025-08-24T16:46:26.9600590Z Collecting PyYAML<7.0,>=5.0 (from pydoc-markdown==4.8.2->-r requirements-dev.txt (line 42))
2025-08-24T16:46:26.9615120Z   Using cached PyYAML-6.0.2-cp311-cp311-manylinux_2_17_x86_64.manylinux2014_x86_64.whl.metadata (2.1 kB)
2025-08-24T16:46:26.9898571Z Collecting databind.core<5.0.0,>=4.4.0 (from pydoc-markdown==4.8.2->-r requirements-dev.txt (line 42))
2025-08-24T16:46:26.9911915Z   Using cached databind.core-4.5.2-py3-none-any.whl.metadata (1.1 kB)
2025-08-24T16:46:27.0126927Z Collecting databind.json<5.0.0,>=4.4.0 (from pydoc-markdown==4.8.2->-r requirements-dev.txt (line 42))
2025-08-24T16:46:27.0140481Z   Using cached databind.json-4.5.2-py3-none-any.whl.metadata (1.1 kB)
2025-08-24T16:46:27.0323639Z Collecting docstring-parser<0.12,>=0.11 (from pydoc-markdown==4.8.2->-r requirements-dev.txt (line 42))
2025-08-24T16:46:27.0325423Z   Using cached docstring_parser-0.11-py3-none-any.whl
2025-08-24T16:46:27.0645259Z Collecting tomli<3.0.0,>=2.0.0 (from pydoc-markdown==4.8.2->-r requirements-dev.txt (line 42))
2025-08-24T16:46:27.0659085Z   Using cached tomli-2.2.1-cp311-cp311-manylinux_2_17_x86_64.manylinux2014_x86_64.whl.metadata (11 kB)
2025-08-24T16:46:27.0781637Z Collecting tomli_w<2.0.0,>=1.0.0 (from pydoc-markdown==4.8.2->-r requirements-dev.txt (line 42))
2025-08-24T16:46:27.0794617Z   Using cached tomli_w-1.2.0-py3-none-any.whl.metadata (5.7 kB)
2025-08-24T16:46:27.1245299Z Collecting watchdog (from pydoc-markdown==4.8.2->-r requirements-dev.txt (line 42))
2025-08-24T16:46:27.1258638Z   Using cached watchdog-6.0.0-py3-none-manylinux2014_x86_64.whl.metadata (44 kB)
2025-08-24T16:46:27.1475340Z Collecting yapf>=0.30.0 (from pydoc-markdown==4.8.2->-r requirements-dev.txt (line 42))
2025-08-24T16:46:27.1489150Z   Using cached yapf-0.43.0-py3-none-any.whl.metadata (46 kB)
2025-08-24T16:46:27.1689930Z Collecting Deprecated<2.0.0,>=1.2.12 (from docspec==2.2.1->docspec-python==2.2.2->-r requirements-dev.txt (line 41))
2025-08-24T16:46:27.1702877Z   Using cached Deprecated-1.2.18-py2.py3-none-any.whl.metadata (5.7 kB)
2025-08-24T16:46:27.3303087Z Collecting psycopg-binary==3.2.9 (from psycopg[binary]==3.2.9->-r requirements-dev.txt (line 25))
2025-08-24T16:46:27.3317671Z   Using cached psycopg_binary-3.2.9-cp311-cp311-manylinux_2_17_x86_64.manylinux2014_x86_64.whl.metadata (2.9 kB)
2025-08-24T16:46:27.3678757Z Collecting argon2-cffi (from minio==7.*->-r requirements-dev.txt (line 10))
2025-08-24T16:46:27.3691780Z   Using cached argon2_cffi-25.1.0-py3-none-any.whl.metadata (4.1 kB)
2025-08-24T16:46:27.4480410Z Collecting pycryptodome (from minio==7.*->-r requirements-dev.txt (line 10))
2025-08-24T16:46:27.4494484Z   Using cached pycryptodome-3.23.0-cp37-abi3-manylinux_2_17_x86_64.manylinux2014_x86_64.whl.metadata (3.4 kB)
2025-08-24T16:46:27.4706658Z Collecting anyio (from httpx<0.29,>=0.27->-r requirements-dev.txt (line 16))
2025-08-24T16:46:27.4719740Z   Using cached anyio-4.10.0-py3-none-any.whl.metadata (4.0 kB)
2025-08-24T16:46:27.4922849Z Collecting httpcore==1.* (from httpx<0.29,>=0.27->-r requirements-dev.txt (line 16))
2025-08-24T16:46:27.4935973Z   Using cached httpcore-1.0.9-py3-none-any.whl.metadata (21 kB)
2025-08-24T16:46:27.5261554Z Collecting tzdata>=2022.7 (from pandas==2.2.*->-r requirements-dev.txt (line 23))
2025-08-24T16:46:27.5275170Z   Using cached tzdata-2025.2-py2.py3-none-any.whl.metadata (1.4 kB)
2025-08-24T16:46:27.5440480Z Collecting multimethod<=1.10.0 (from pandera==0.19.*->-r requirements-dev.txt (line 43))
2025-08-24T16:46:27.5453895Z   Using cached multimethod-1.10-py3-none-any.whl.metadata (8.2 kB)
2025-08-24T16:46:27.6801922Z Collecting typeguard (from pandera==0.19.*->-r requirements-dev.txt (line 43))
2025-08-24T16:46:27.6816872Z   Using cached typeguard-4.4.4-py3-none-any.whl.metadata (3.3 kB)
2025-08-24T16:46:27.6945864Z Collecting typing-inspect>=0.6.0 (from pandera==0.19.*->-r requirements-dev.txt (line 43))
2025-08-24T16:46:27.6959679Z   Using cached typing_inspect-0.9.0-py3-none-any.whl.metadata (1.5 kB)
2025-08-24T16:46:27.7241657Z Collecting databind<5.0.0,>=4.5.2 (from databind.core<5.0.0,>=4.4.0->pydoc-markdown==4.8.2->-r requirements-dev.txt (line 42))
2025-08-24T16:46:27.7255231Z   Using cached databind-4.5.2-py3-none-any.whl.metadata (4.3 kB)
2025-08-24T16:46:27.7439589Z Collecting nr-date<3.0.0,>=2.0.0 (from databind<5.0.0,>=4.5.2->databind.core<5.0.0,>=4.4.0->pydoc-markdown==4.8.2->-r requirements-dev.txt (line 42))
2025-08-24T16:46:27.7452788Z   Using cached nr_date-2.1.0-py3-none-any.whl.metadata (746 bytes)
2025-08-24T16:46:27.7604652Z Collecting nr-stream<2.0.0,>=1.0.0 (from databind<5.0.0,>=4.5.2->databind.core<5.0.0,>=4.4.0->pydoc-markdown==4.8.2->-r requirements-dev.txt (line 42))
2025-08-24T16:46:27.7618239Z   Using cached nr_stream-1.1.5-py3-none-any.whl.metadata (3.6 kB)
2025-08-24T16:46:27.7808298Z Collecting typeapi<3,>=2.0.1 (from databind<5.0.0,>=4.5.2->databind.core<5.0.0,>=4.4.0->pydoc-markdown==4.8.2->-r requirements-dev.txt (line 42))
2025-08-24T16:46:27.7821666Z   Using cached typeapi-2.2.4-py3-none-any.whl.metadata (1.5 kB)
2025-08-24T16:46:27.8100859Z Collecting h11>=0.16 (from httpcore==1.*->httpx<0.29,>=0.27->-r requirements-dev.txt (line 16))
2025-08-24T16:46:27.8114335Z   Using cached h11-0.16.0-py3-none-any.whl.metadata (8.3 kB)
2025-08-24T16:46:27.8334372Z Collecting amqp<6.0.0,>=5.1.1 (from kombu<5.6,>=5.5.2->celery==5.5.3->-r requirements-dev.txt (line 12))
2025-08-24T16:46:27.8348118Z   Using cached amqp-5.3.1-py3-none-any.whl.metadata (8.9 kB)
2025-08-24T16:46:27.8723691Z Collecting iniconfig>=1 (from pytest<9,>=8.2->pytest-asyncio==1.1.0->-r requirements-dev.txt (line 28))
2025-08-24T16:46:27.8737048Z   Using cached iniconfig-2.1.0-py3-none-any.whl.metadata (2.7 kB)
2025-08-24T16:46:27.8959425Z Collecting pygments>=2.7.2 (from pytest<9,>=8.2->pytest-asyncio==1.1.0->-r requirements-dev.txt (line 28))
2025-08-24T16:46:27.8973030Z   Using cached pygments-2.19.2-py3-none-any.whl.metadata (2.5 kB)
2025-08-24T16:46:27.9315826Z Collecting sniffio>=1.1 (from anyio->httpx<0.29,>=0.27->-r requirements-dev.txt (line 16))
2025-08-24T16:46:27.9329381Z   Using cached sniffio-1.3.1-py3-none-any.whl.metadata (3.9 kB)
2025-08-24T16:46:28.2644241Z Collecting botocore<1.41.0,>=1.40.16 (from boto3->-r requirements-dev.txt (line 8))
2025-08-24T16:46:28.2723645Z   Downloading botocore-1.40.16-py3-none-any.whl.metadata (5.7 kB)
2025-08-24T16:46:28.2885460Z Collecting jmespath<2.0.0,>=0.7.1 (from boto3->-r requirements-dev.txt (line 8))
2025-08-24T16:46:28.2898805Z   Using cached jmespath-1.0.1-py3-none-any.whl.metadata (7.6 kB)
2025-08-24T16:46:28.3087193Z Collecting s3transfer<0.14.0,>=0.13.0 (from boto3->-r requirements-dev.txt (line 8))
2025-08-24T16:46:28.3100543Z   Using cached s3transfer-0.13.1-py3-none-any.whl.metadata (1.7 kB)
2025-08-24T16:46:28.4373149Z Collecting fastapi-cli>=0.0.8 (from fastapi-cli[standard]>=0.0.8; extra == "all"->fastapi[all]->-r requirements-dev.txt (line 14))
2025-08-24T16:46:28.4386511Z   Using cached fastapi_cli-0.0.8-py3-none-any.whl.metadata (6.3 kB)
2025-08-24T16:46:28.5145584Z Collecting ujson!=4.0.2,!=4.1.0,!=4.2.0,!=4.3.0,!=5.0.0,!=5.1.0,>=4.0.1 (from fastapi[all]->-r requirements-dev.txt (line 14))
2025-08-24T16:46:28.5159710Z   Using cached ujson-5.11.0-cp311-cp311-manylinux_2_24_x86_64.manylinux_2_28_x86_64.whl.metadata (9.4 kB)
2025-08-24T16:46:28.7459380Z Collecting orjson>=3.2.1 (from fastapi[all]->-r requirements-dev.txt (line 14))
2025-08-24T16:46:28.7475334Z   Using cached orjson-3.11.2-cp311-cp311-manylinux_2_17_x86_64.manylinux2014_x86_64.whl.metadata (1.2 kB)
2025-08-24T16:46:28.7626872Z Collecting email-validator>=2.0.0 (from fastapi[all]->-r requirements-dev.txt (line 14))
2025-08-24T16:46:28.7640397Z   Using cached email_validator-2.2.0-py3-none-any.whl.metadata (25 kB)
2025-08-24T16:46:28.7986994Z Collecting uvicorn>=0.12.0 (from uvicorn[standard]>=0.12.0; extra == "all"->fastapi[all]->-r requirements-dev.txt (line 14))
2025-08-24T16:46:28.8000829Z   Using cached uvicorn-0.35.0-py3-none-any.whl.metadata (6.5 kB)
2025-08-24T16:46:28.8189815Z Collecting pydantic-settings>=2.0.0 (from fastapi[all]->-r requirements-dev.txt (line 14))
2025-08-24T16:46:28.8203913Z   Using cached pydantic_settings-2.10.1-py3-none-any.whl.metadata (3.4 kB)
2025-08-24T16:46:28.8357176Z Collecting pydantic-extra-types>=2.0.0 (from fastapi[all]->-r requirements-dev.txt (line 14))
2025-08-24T16:46:28.8371941Z   Using cached pydantic_extra_types-2.10.5-py3-none-any.whl.metadata (3.9 kB)
2025-08-24T16:46:28.9144074Z Collecting prompt-toolkit>=3.0.36 (from click-repl>=0.2.0->celery==5.5.3->-r requirements-dev.txt (line 12))
2025-08-24T16:46:28.9156943Z   Using cached prompt_toolkit-3.0.51-py3-none-any.whl.metadata (6.4 kB)
2025-08-24T16:46:28.9357233Z Collecting dnspython>=2.0.0 (from email-validator>=2.0.0->fastapi[all]->-r requirements-dev.txt (line 14))
2025-08-24T16:46:28.9370256Z   Using cached dnspython-2.7.0-py3-none-any.whl.metadata (5.8 kB)
2025-08-24T16:46:28.9665215Z Collecting typer>=0.15.1 (from fastapi-cli>=0.0.8->fastapi-cli[standard]>=0.0.8; extra == "all"->fastapi[all]->-r requirements-dev.txt (line 14))
2025-08-24T16:46:28.9677729Z   Using cached typer-0.16.1-py3-none-any.whl.metadata (15 kB)
2025-08-24T16:46:28.9947071Z Collecting rich-toolkit>=0.14.8 (from fastapi-cli>=0.0.8->fastapi-cli[standard]>=0.0.8; extra == "all"->fastapi[all]->-r requirements-dev.txt (line 14))
2025-08-24T16:46:28.9959786Z   Using cached rich_toolkit-0.15.0-py3-none-any.whl.metadata (1.0 kB)
2025-08-24T16:46:29.0096856Z Collecting fastapi-cloud-cli>=0.1.1 (from fastapi-cli[standard]>=0.0.8; extra == "all"->fastapi[all]->-r requirements-dev.txt (line 14))
2025-08-24T16:46:29.0109989Z   Using cached fastapi_cloud_cli-0.1.5-py3-none-any.whl.metadata (3.2 kB)
2025-08-24T16:46:29.0819211Z Collecting rignore>=0.5.1 (from fastapi-cloud-cli>=0.1.1->fastapi-cli[standard]>=0.0.8; extra == "all"->fastapi[all]->-r requirements-dev.txt (line 14))
2025-08-24T16:46:29.0832460Z   Using cached rignore-0.6.4-cp311-cp311-manylinux_2_17_x86_64.manylinux2014_x86_64.whl.metadata (3.8 kB)
2025-08-24T16:46:29.1593073Z Collecting sentry-sdk>=2.20.0 (from fastapi-cloud-cli>=0.1.1->fastapi-cli[standard]>=0.0.8; extra == "all"->fastapi[all]->-r requirements-dev.txt (line 14))
2025-08-24T16:46:29.1606004Z   Using cached sentry_sdk-2.35.0-py2.py3-none-any.whl.metadata (10 kB)
2025-08-24T16:46:29.3639606Z Collecting psutil>=4.0.0 (from mirakuru>=2.6.0->pytest-postgresql==7.0.2->-r requirements-dev.txt (line 30))
2025-08-24T16:46:29.3654561Z   Using cached psutil-7.0.0-cp36-abi3-manylinux_2_12_x86_64.manylinux2010_x86_64.manylinux_2_17_x86_64.manylinux2014_x86_64.whl.metadata (22 kB)
2025-08-24T16:46:29.3979790Z Collecting wcwidth (from prompt-toolkit>=3.0.36->click-repl>=0.2.0->celery==5.5.3->-r requirements-dev.txt (line 12))
2025-08-24T16:46:29.3992522Z   Using cached wcwidth-0.2.13-py2.py3-none-any.whl.metadata (14 kB)
2025-08-24T16:46:29.5115892Z Collecting rich>=13.7.1 (from rich-toolkit>=0.14.8->fastapi-cli>=0.0.8->fastapi-cli[standard]>=0.0.8; extra == "all"->fastapi[all]->-r requirements-dev.txt (line 14))
2025-08-24T16:46:29.5128531Z   Using cached rich-14.1.0-py3-none-any.whl.metadata (18 kB)
2025-08-24T16:46:29.5335272Z Collecting markdown-it-py>=2.2.0 (from rich>=13.7.1->rich-toolkit>=0.14.8->fastapi-cli>=0.0.8->fastapi-cli[standard]>=0.0.8; extra == "all"->fastapi[all]->-r requirements-dev.txt (line 14))
2025-08-24T16:46:29.5347949Z   Using cached markdown_it_py-4.0.0-py3-none-any.whl.metadata (7.3 kB)
2025-08-24T16:46:29.5573461Z Collecting mdurl~=0.1 (from markdown-it-py>=2.2.0->rich>=13.7.1->rich-toolkit>=0.14.8->fastapi-cli>=0.0.8->fastapi-cli[standard]>=0.0.8; extra == "all"->fastapi[all]->-r requirements-dev.txt (line 14))
2025-08-24T16:46:29.5585869Z   Using cached mdurl-0.1.2-py3-none-any.whl.metadata (1.6 kB)
2025-08-24T16:46:29.6093392Z Collecting shellingham>=1.3.0 (from typer>=0.15.1->fastapi-cli>=0.0.8->fastapi-cli[standard]>=0.0.8; extra == "all"->fastapi[all]->-r requirements-dev.txt (line 14))
2025-08-24T16:46:29.6106150Z   Using cached shellingham-1.5.4-py2.py3-none-any.whl.metadata (3.5 kB)
2025-08-24T16:46:29.6810909Z Collecting httptools>=0.6.3 (from uvicorn[standard]>=0.12.0; extra == "all"->fastapi[all]->-r requirements-dev.txt (line 14))
2025-08-24T16:46:29.6824679Z   Using cached httptools-0.6.4-cp311-cp311-manylinux_2_5_x86_64.manylinux1_x86_64.manylinux_2_17_x86_64.manylinux2014_x86_64.whl.metadata (3.6 kB)
2025-08-24T16:46:29.7251384Z Collecting uvloop>=0.15.1 (from uvicorn[standard]>=0.12.0; extra == "all"->fastapi[all]->-r requirements-dev.txt (line 14))
2025-08-24T16:46:29.7264756Z   Using cached uvloop-0.21.0-cp311-cp311-manylinux_2_17_x86_64.manylinux2014_x86_64.whl.metadata (4.9 kB)
2025-08-24T16:46:29.8001026Z Collecting watchfiles>=0.13 (from uvicorn[standard]>=0.12.0; extra == "all"->fastapi[all]->-r requirements-dev.txt (line 14))
2025-08-24T16:46:29.8014400Z   Using cached watchfiles-1.1.0-cp311-cp311-manylinux_2_17_x86_64.manylinux2014_x86_64.whl.metadata (4.9 kB)
2025-08-24T16:46:29.8857133Z Collecting websockets>=10.4 (from uvicorn[standard]>=0.12.0; extra == "all"->fastapi[all]->-r requirements-dev.txt (line 14))
2025-08-24T16:46:29.8871198Z   Using cached websockets-15.0.1-cp311-cp311-manylinux_2_5_x86_64.manylinux1_x86_64.manylinux_2_17_x86_64.manylinux2014_x86_64.whl.metadata (6.8 kB)
2025-08-24T16:46:29.9295600Z Collecting argon2-cffi-bindings (from argon2-cffi->minio==7.*->-r requirements-dev.txt (line 10))
2025-08-24T16:46:29.9309438Z   Using cached argon2_cffi_bindings-25.1.0-cp39-abi3-manylinux_2_26_x86_64.manylinux_2_28_x86_64.whl.metadata (7.4 kB)
2025-08-24T16:46:30.0294278Z Collecting cffi>=1.0.1 (from argon2-cffi-bindings->argon2-cffi->minio==7.*->-r requirements-dev.txt (line 10))
2025-08-24T16:46:30.0308752Z   Using cached cffi-1.17.1-cp311-cp311-manylinux_2_17_x86_64.manylinux2014_x86_64.whl.metadata (1.5 kB)
2025-08-24T16:46:30.0456336Z Collecting pycparser (from cffi>=1.0.1->argon2-cffi-bindings->argon2-cffi->minio==7.*->-r requirements-dev.txt (line 10))
2025-08-24T16:46:30.0470125Z   Using cached pycparser-2.22-py3-none-any.whl.metadata (943 bytes)
2025-08-24T16:46:30.1049780Z Using cached jinja2-3.1.6-py3-none-any.whl (134 kB)
2025-08-24T16:46:30.1063942Z Using cached alembic-1.16.4-py3-none-any.whl (247 kB)
2025-08-24T16:46:30.1078629Z Using cached APScheduler-3.10.4-py3-none-any.whl (59 kB)
2025-08-24T16:46:30.1092382Z Using cached asgi_correlation_id-4.3.1-py3-none-any.whl (15 kB)
2025-08-24T16:46:30.1105442Z Using cached asyncpg-0.30.0-cp311-cp311-manylinux_2_17_x86_64.manylinux2014_x86_64.whl (3.1 MB)
2025-08-24T16:46:30.1141891Z Using cached black-25.1.0-cp311-cp311-manylinux_2_17_x86_64.manylinux2014_x86_64.manylinux_2_28_x86_64.whl (1.7 MB)
2025-08-24T16:46:30.1167320Z Using cached vulture-2.10-py2.py3-none-any.whl (27 kB)
2025-08-24T16:46:30.1179892Z Using cached celery-5.5.3-py3-none-any.whl (438 kB)
2025-08-24T16:46:30.1195884Z Using cached fastapi-0.116.1-py3-none-any.whl (95 kB)
2025-08-24T16:46:30.1209507Z Using cached pydantic-2.11.7-py3-none-any.whl (444 kB)
2025-08-24T16:46:30.1225444Z Using cached fastapi_limiter-0.1.6-py3-none-any.whl (15 kB)
2025-08-24T16:46:30.1238345Z Using cached IMAPClient-3.0.1-py2.py3-none-any.whl (182 kB)
2025-08-24T16:46:30.1252578Z Using cached mypy_extensions-1.1.0-py3-none-any.whl (5.0 kB)
2025-08-24T16:46:30.1265417Z Using cached openpyxl-3.1.5-py2.py3-none-any.whl (250 kB)
2025-08-24T16:46:30.1280576Z Using cached psycopg2_binary-2.9.10-cp311-cp311-manylinux_2_17_x86_64.manylinux2014_x86_64.whl (3.0 MB)
2025-08-24T16:46:30.1317385Z Using cached psycopg-3.2.9-py3-none-any.whl (202 kB)
2025-08-24T16:46:30.1338016Z Using cached pytest_asyncio-1.1.0-py3-none-any.whl (15 kB)
2025-08-24T16:46:30.1353619Z Using cached pytest_cov-6.2.1-py3-none-any.whl (24 kB)
2025-08-24T16:46:30.1367611Z Using cached pytest_postgresql-7.0.2-py3-none-any.whl (41 kB)
2025-08-24T16:46:30.1382583Z Using cached python_telegram_bot-22.3-py3-none-any.whl (717 kB)
2025-08-24T16:46:30.1404744Z Using cached requests-2.32.4-py3-none-any.whl (64 kB)
2025-08-24T16:46:30.1423462Z Using cached respx-0.22.0-py2.py3-none-any.whl (25 kB)
2025-08-24T16:46:30.1436962Z Using cached ruff-0.9.9-py3-none-manylinux_2_17_x86_64.manylinux2014_x86_64.whl (11.2 MB)
2025-08-24T16:46:30.1535414Z Using cached sqlalchemy-2.0.43-cp311-cp311-manylinux_2_17_x86_64.manylinux2014_x86_64.whl (3.3 MB)
2025-08-24T16:46:30.1574383Z Using cached structlog-24.1.0-py3-none-any.whl (65 kB)
2025-08-24T16:46:30.1590042Z Using cached testcontainers-4.12.0-py3-none-any.whl (111 kB)
2025-08-24T16:46:30.1604769Z Using cached types_requests-2.32.4.20250809-py3-none-any.whl (20 kB)
2025-08-24T16:46:30.1618315Z Using cached docspec_python-2.2.2-py3-none-any.whl (15 kB)
2025-08-24T16:46:30.1631562Z Using cached pydoc_markdown-4.8.2-py3-none-any.whl (67 kB)
2025-08-24T16:46:30.1644894Z Using cached docspec-2.2.1-py3-none-any.whl (9.8 kB)
2025-08-24T16:46:30.1658753Z Using cached psycopg_binary-3.2.9-cp311-cp311-manylinux_2_17_x86_64.manylinux2014_x86_64.whl (4.5 MB)
2025-08-24T16:46:30.1704305Z Using cached pydantic_core-2.33.2-cp311-cp311-manylinux_2_17_x86_64.manylinux2014_x86_64.whl (2.0 MB)
2025-08-24T16:46:30.1734101Z Using cached redis-6.4.0-py3-none-any.whl (279 kB)
2025-08-24T16:46:30.1754134Z Using cached minio-7.2.16-py3-none-any.whl (95 kB)
2025-08-24T16:46:30.1768136Z Using cached httpx-0.28.1-py3-none-any.whl (73 kB)
2025-08-24T16:46:30.1782443Z Using cached mypy-1.17.1-cp311-cp311-manylinux2014_x86_64.manylinux_2_17_x86_64.manylinux_2_28_x86_64.whl (12.6 MB)
2025-08-24T16:46:30.1888978Z Using cached numpy-1.26.4-cp311-cp311-manylinux_2_17_x86_64.manylinux2014_x86_64.whl (18.3 MB)
2025-08-24T16:46:30.2039429Z Using cached pandas-2.2.3-cp311-cp311-manylinux_2_17_x86_64.manylinux2014_x86_64.whl (13.1 MB)
2025-08-24T16:46:30.2148927Z Using cached pandera-0.19.3-py3-none-any.whl (251 kB)
2025-08-24T16:46:30.2163875Z Using cached billiard-4.2.1-py3-none-any.whl (86 kB)
2025-08-24T16:46:30.2178806Z Using cached charset_normalizer-3.4.3-cp311-cp311-manylinux2014_x86_64.manylinux_2_17_x86_64.manylinux_2_28_x86_64.whl (150 kB)
2025-08-24T16:46:30.2193308Z Using cached click-8.2.1-py3-none-any.whl (102 kB)
2025-08-24T16:46:30.2207221Z Using cached databind.core-4.5.2-py3-none-any.whl (1.5 kB)
2025-08-24T16:46:30.2220823Z Using cached databind-4.5.2-py3-none-any.whl (49 kB)
2025-08-24T16:46:30.2234658Z Using cached databind.json-4.5.2-py3-none-any.whl (1.5 kB)
2025-08-24T16:46:30.2248447Z Using cached Deprecated-1.2.18-py2.py3-none-any.whl (10.0 kB)
2025-08-24T16:46:30.2261736Z Using cached httpcore-1.0.9-py3-none-any.whl (78 kB)
2025-08-24T16:46:30.2275392Z Using cached idna-3.10-py3-none-any.whl (70 kB)
2025-08-24T16:46:30.2289013Z Using cached kombu-5.5.4-py3-none-any.whl (210 kB)
2025-08-24T16:46:30.2303623Z Using cached vine-5.1.0-py3-none-any.whl (9.6 kB)
2025-08-24T16:46:30.2316810Z Using cached amqp-5.3.1-py3-none-any.whl (50 kB)
2025-08-24T16:46:30.2330397Z Using cached multimethod-1.10-py3-none-any.whl (9.9 kB)
2025-08-24T16:46:30.2343469Z Using cached nr_date-2.1.0-py3-none-any.whl (10 kB)
2025-08-24T16:46:30.2356723Z Using cached nr_stream-1.1.5-py3-none-any.whl (10 kB)
2025-08-24T16:46:30.2370173Z Using cached nr.util-0.8.12-py3-none-any.whl (90 kB)
2025-08-24T16:46:30.2384359Z Using cached pytest-8.4.1-py3-none-any.whl (365 kB)
2025-08-24T16:46:30.2400402Z Using cached pluggy-1.6.0-py3-none-any.whl (20 kB)
2025-08-24T16:46:30.2414104Z Using cached PyYAML-6.0.2-cp311-cp311-manylinux_2_17_x86_64.manylinux2014_x86_64.whl (762 kB)
2025-08-24T16:46:30.2494419Z Downloading starlette-0.47.3-py3-none-any.whl (72 kB)
2025-08-24T16:46:30.2592083Z Using cached anyio-4.10.0-py3-none-any.whl (107 kB)
2025-08-24T16:46:30.2606004Z Using cached tomli-2.2.1-cp311-cp311-manylinux_2_17_x86_64.manylinux2014_x86_64.whl (236 kB)
2025-08-24T16:46:30.2620588Z Using cached tomli_w-1.2.0-py3-none-any.whl (6.7 kB)
2025-08-24T16:46:30.2633524Z Using cached typeapi-2.2.4-py3-none-any.whl (26 kB)
2025-08-24T16:46:30.2646699Z Using cached typing_extensions-4.14.1-py3-none-any.whl (43 kB)
2025-08-24T16:46:30.2660169Z Using cached urllib3-2.5.0-py3-none-any.whl (129 kB)
2025-08-24T16:46:30.2674339Z Using cached wrapt-1.17.3-cp311-cp311-manylinux1_x86_64.manylinux_2_28_x86_64.manylinux_2_5_x86_64.whl (82 kB)
2025-08-24T16:46:30.2748485Z Downloading boto3-1.40.16-py3-none-any.whl (140 kB)
2025-08-24T16:46:30.2894485Z Downloading botocore-1.40.16-py3-none-any.whl (14.0 MB)
2025-08-24T16:46:30.3633970Z    ━━━━━━━━━━━━━━━━━━━━━━━━━━━━━━━━━━━━━━━━ 14.0/14.0 MB 205.9 MB/s  0:00:00
2025-08-24T16:46:30.3649434Z Using cached jmespath-1.0.1-py3-none-any.whl (20 kB)
2025-08-24T16:46:30.3663383Z Using cached python_dateutil-2.9.0.post0-py2.py3-none-any.whl (229 kB)
2025-08-24T16:46:30.3678464Z Using cached s3transfer-0.13.1-py3-none-any.whl (85 kB)
2025-08-24T16:46:30.3692329Z Using cached itsdangerous-2.2.0-py3-none-any.whl (16 kB)
2025-08-24T16:46:30.3705765Z Using cached python_dotenv-1.1.1-py3-none-any.whl (20 kB)
2025-08-24T16:46:30.3719800Z Using cached python_multipart-0.0.20-py3-none-any.whl (24 kB)
2025-08-24T16:46:30.3733409Z Using cached annotated_types-0.7.0-py3-none-any.whl (13 kB)
2025-08-24T16:46:30.3746890Z Using cached certifi-2025.8.3-py3-none-any.whl (161 kB)
2025-08-24T16:46:30.3761469Z Using cached click_didyoumean-0.3.1-py3-none-any.whl (3.6 kB)
2025-08-24T16:46:30.3774827Z Using cached click_plugins-1.1.1.2-py2.py3-none-any.whl (11 kB)
2025-08-24T16:46:30.3788643Z Using cached click_repl-0.3.0-py3-none-any.whl (10 kB)
2025-08-24T16:46:30.3864443Z Downloading coverage-7.10.5-cp311-cp311-manylinux1_x86_64.manylinux_2_28_x86_64.manylinux_2_5_x86_64.whl (249 kB)
2025-08-24T16:46:30.3907399Z Using cached email_validator-2.2.0-py3-none-any.whl (33 kB)
2025-08-24T16:46:30.3921349Z Using cached dnspython-2.7.0-py3-none-any.whl (313 kB)
2025-08-24T16:46:30.3936978Z Using cached fastapi_cli-0.0.8-py3-none-any.whl (10 kB)
2025-08-24T16:46:30.3950567Z Using cached fastapi_cloud_cli-0.1.5-py3-none-any.whl (18 kB)
2025-08-24T16:46:30.3964308Z Using cached greenlet-3.2.4-cp311-cp311-manylinux_2_24_x86_64.manylinux_2_28_x86_64.whl (587 kB)
2025-08-24T16:46:30.3981944Z Using cached h11-0.16.0-py3-none-any.whl (37 kB)
2025-08-24T16:46:30.3995546Z Using cached iniconfig-2.1.0-py3-none-any.whl (6.0 kB)
2025-08-24T16:46:30.4009482Z Using cached MarkupSafe-3.0.2-cp311-cp311-manylinux_2_17_x86_64.manylinux2014_x86_64.whl (23 kB)
2025-08-24T16:46:30.4024223Z Using cached mirakuru-2.6.1-py3-none-any.whl (26 kB)
2025-08-24T16:46:30.4038451Z Using cached orjson-3.11.2-cp311-cp311-manylinux_2_17_x86_64.manylinux2014_x86_64.whl (121 kB)
2025-08-24T16:46:30.4054141Z Using cached packaging-25.0-py3-none-any.whl (66 kB)
2025-08-24T16:46:30.4068882Z Using cached pathspec-0.12.1-py3-none-any.whl (31 kB)
2025-08-24T16:46:30.4082434Z Using cached platformdirs-4.3.8-py3-none-any.whl (18 kB)
2025-08-24T16:46:30.4095824Z Using cached port_for-0.7.4-py3-none-any.whl (21 kB)
2025-08-24T16:46:30.4110115Z Using cached prompt_toolkit-3.0.51-py3-none-any.whl (387 kB)
2025-08-24T16:46:30.4126782Z Using cached psutil-7.0.0-cp36-abi3-manylinux_2_12_x86_64.manylinux2010_x86_64.manylinux_2_17_x86_64.manylinux2014_x86_64.whl (277 kB)
2025-08-24T16:46:30.4142019Z Using cached pydantic_extra_types-2.10.5-py3-none-any.whl (38 kB)
2025-08-24T16:46:30.4155584Z Using cached pydantic_settings-2.10.1-py3-none-any.whl (45 kB)
2025-08-24T16:46:30.4169350Z Using cached pygments-2.19.2-py3-none-any.whl (1.2 MB)
2025-08-24T16:46:30.4191585Z Using cached pytz-2025.2-py2.py3-none-any.whl (509 kB)
2025-08-24T16:46:30.4208705Z Using cached rich_toolkit-0.15.0-py3-none-any.whl (29 kB)
2025-08-24T16:46:30.4222118Z Using cached rich-14.1.0-py3-none-any.whl (243 kB)
2025-08-24T16:46:30.4236965Z Using cached markdown_it_py-4.0.0-py3-none-any.whl (87 kB)
2025-08-24T16:46:30.4251075Z Using cached mdurl-0.1.2-py3-none-any.whl (10.0 kB)
2025-08-24T16:46:30.4264729Z Using cached rignore-0.6.4-cp311-cp311-manylinux_2_17_x86_64.manylinux2014_x86_64.whl (950 kB)
2025-08-24T16:46:30.4284819Z Using cached sentry_sdk-2.35.0-py2.py3-none-any.whl (363 kB)
2025-08-24T16:46:30.4300856Z Using cached six-1.17.0-py2.py3-none-any.whl (11 kB)
2025-08-24T16:46:30.4314225Z Using cached sniffio-1.3.1-py3-none-any.whl (10 kB)
2025-08-24T16:46:30.4327553Z Using cached typer-0.16.1-py3-none-any.whl (46 kB)
2025-08-24T16:46:30.4341380Z Using cached shellingham-1.5.4-py2.py3-none-any.whl (9.8 kB)
2025-08-24T16:46:30.4354809Z Using cached typing_inspect-0.9.0-py3-none-any.whl (8.8 kB)
2025-08-24T16:46:30.4368231Z Using cached typing_inspection-0.4.1-py3-none-any.whl (14 kB)
2025-08-24T16:46:30.4381657Z Using cached tzdata-2025.2-py2.py3-none-any.whl (347 kB)
2025-08-24T16:46:30.4397616Z Using cached tzlocal-5.3.1-py3-none-any.whl (18 kB)
2025-08-24T16:46:30.4411466Z Using cached ujson-5.11.0-cp311-cp311-manylinux_2_24_x86_64.manylinux_2_28_x86_64.whl (57 kB)
2025-08-24T16:46:30.4424895Z Using cached uvicorn-0.35.0-py3-none-any.whl (66 kB)
2025-08-24T16:46:30.4439344Z Using cached httptools-0.6.4-cp311-cp311-manylinux_2_5_x86_64.manylinux1_x86_64.manylinux_2_17_x86_64.manylinux2014_x86_64.whl (459 kB)
2025-08-24T16:46:30.4455851Z Using cached uvloop-0.21.0-cp311-cp311-manylinux_2_17_x86_64.manylinux2014_x86_64.whl (4.0 MB)
2025-08-24T16:46:30.4498388Z Using cached watchfiles-1.1.0-cp311-cp311-manylinux_2_17_x86_64.manylinux2014_x86_64.whl (453 kB)
2025-08-24T16:46:30.4515895Z Using cached websockets-15.0.1-cp311-cp311-manylinux_2_5_x86_64.manylinux1_x86_64.manylinux_2_17_x86_64.manylinux2014_x86_64.whl (182 kB)
2025-08-24T16:46:30.4530443Z Using cached yapf-0.43.0-py3-none-any.whl (256 kB)
2025-08-24T16:46:30.4545472Z Using cached argon2_cffi-25.1.0-py3-none-any.whl (14 kB)
2025-08-24T16:46:30.4559510Z Using cached argon2_cffi_bindings-25.1.0-cp39-abi3-manylinux_2_26_x86_64.manylinux_2_28_x86_64.whl (87 kB)
2025-08-24T16:46:30.4573615Z Using cached cffi-1.17.1-cp311-cp311-manylinux_2_17_x86_64.manylinux2014_x86_64.whl (467 kB)
2025-08-24T16:46:30.4590372Z Using cached docker-7.1.0-py3-none-any.whl (147 kB)
2025-08-24T16:46:30.4604627Z Using cached et_xmlfile-2.0.0-py3-none-any.whl (18 kB)
2025-08-24T16:46:30.4618301Z Using cached mako-1.3.10-py3-none-any.whl (78 kB)
2025-08-24T16:46:30.4632200Z Using cached pycparser-2.22-py3-none-any.whl (117 kB)
2025-08-24T16:46:30.4646680Z Using cached pycryptodome-3.23.0-cp37-abi3-manylinux_2_17_x86_64.manylinux2014_x86_64.whl (2.3 MB)
2025-08-24T16:46:30.4676536Z Using cached toml-0.10.2-py2.py3-none-any.whl (16 kB)
2025-08-24T16:46:30.4690334Z Using cached typeguard-4.4.4-py3-none-any.whl (34 kB)
2025-08-24T16:46:30.4703874Z Using cached watchdog-6.0.0-py3-none-manylinux2014_x86_64.whl (79 kB)
2025-08-24T16:46:30.4718401Z Using cached wcwidth-0.2.13-py2.py3-none-any.whl (34 kB)
2025-08-24T16:46:30.8808934Z Installing collected packages: wcwidth, pytz, wrapt, websockets, watchdog, vine, uvloop, urllib3, ujson, tzlocal, tzdata, typing-extensions, tomli_w, tomli, toml, structlog, sniffio, six, shellingham, ruff, rignore, redis, PyYAML, python-multipart, python-dotenv, pygments, pycryptodome, pycparser, psycopg2-binary, psycopg-binary, psutil, prompt-toolkit, port-for, pluggy, platformdirs, pathspec, packaging, orjson, numpy, nr-stream, nr-date, mypy-extensions, multimethod, mdurl, MarkupSafe, jmespath, itsdangerous, iniconfig, imapclient, idna, httptools, h11, greenlet, et-xmlfile, docstring-parser, dnspython, coverage, click, charset_normalizer, certifi, billiard, asyncpg, annotated-types, yapf, vulture, uvicorn, typing-inspection, typing-inspect, types-requests, typeguard, typeapi, sqlalchemy, sentry-sdk, requests, python-dateutil, pytest, pydantic-core, psycopg, openpyxl, mypy, mirakuru, markdown-it-py, Mako, Jinja2, httpcore, email-validator, Deprecated, click-repl, click-plugins, click-didyoumean, cffi, black, apscheduler, anyio, amqp, watchfiles, starlette, rich, pytest-postgresql, pytest-cov, pytest-asyncio, pydantic, pandas, nr-util, kombu, httpx, docker, databind, botocore, argon2-cffi-bindings, alembic, typer, testcontainers, s3transfer, rich-toolkit, respx, python-telegram-bot, pydantic-settings, pydantic-extra-types, pandera, fastapi, databind.json, databind.core, celery, asgi-correlation-id, argon2-cffi, minio, fastapi-limiter, fastapi-cloud-cli, fastapi-cli, docspec, boto3, docspec-python, pydoc-markdown
2025-08-24T16:46:47.7233607Z 
2025-08-24T16:46:47.7301072Z Successfully installed Deprecated-1.2.18 Jinja2-3.1.6 Mako-1.3.10 MarkupSafe-3.0.2 PyYAML-6.0.2 alembic-1.16.4 amqp-5.3.1 annotated-types-0.7.0 anyio-4.10.0 apscheduler-3.10.4 argon2-cffi-25.1.0 argon2-cffi-bindings-25.1.0 asgi-correlation-id-4.3.1 asyncpg-0.30.0 billiard-4.2.1 black-25.1.0 boto3-1.40.16 botocore-1.40.16 celery-5.5.3 certifi-2025.8.3 cffi-1.17.1 charset_normalizer-3.4.3 click-8.2.1 click-didyoumean-0.3.1 click-plugins-1.1.1.2 click-repl-0.3.0 coverage-7.10.5 databind-4.5.2 databind.core-4.5.2 databind.json-4.5.2 dnspython-2.7.0 docker-7.1.0 docspec-2.2.1 docspec-python-2.2.2 docstring-parser-0.11 email-validator-2.2.0 et-xmlfile-2.0.0 fastapi-0.116.1 fastapi-cli-0.0.8 fastapi-cloud-cli-0.1.5 fastapi-limiter-0.1.6 greenlet-3.2.4 h11-0.16.0 httpcore-1.0.9 httptools-0.6.4 httpx-0.28.1 idna-3.10 imapclient-3.0.1 iniconfig-2.1.0 itsdangerous-2.2.0 jmespath-1.0.1 kombu-5.5.4 markdown-it-py-4.0.0 mdurl-0.1.2 minio-7.2.16 mirakuru-2.6.1 multimethod-1.10 mypy-1.17.1 mypy-extensions-1.1.0 nr-date-2.1.0 nr-stream-1.1.5 nr-util-0.8.12 numpy-1.26.4 openpyxl-3.1.5 orjson-3.11.2 packaging-25.0 pandas-2.2.3 pandera-0.19.3 pathspec-0.12.1 platformdirs-4.3.8 pluggy-1.6.0 port-for-0.7.4 prompt-toolkit-3.0.51 psutil-7.0.0 psycopg-3.2.9 psycopg-binary-3.2.9 psycopg2-binary-2.9.10 pycparser-2.22 pycryptodome-3.23.0 pydantic-2.11.7 pydantic-core-2.33.2 pydantic-extra-types-2.10.5 pydantic-settings-2.10.1 pydoc-markdown-4.8.2 pygments-2.19.2 pytest-8.4.1 pytest-asyncio-1.1.0 pytest-cov-6.2.1 pytest-postgresql-7.0.2 python-dateutil-2.9.0.post0 python-dotenv-1.1.1 python-multipart-0.0.20 python-telegram-bot-22.3 pytz-2025.2 redis-6.4.0 requests-2.32.4 respx-0.22.0 rich-14.1.0 rich-toolkit-0.15.0 rignore-0.6.4 ruff-0.9.9 s3transfer-0.13.1 sentry-sdk-2.35.0 shellingham-1.5.4 six-1.17.0 sniffio-1.3.1 sqlalchemy-2.0.43 starlette-0.47.3 structlog-24.1.0 testcontainers-4.12.0 toml-0.10.2 tomli-2.2.1 tomli_w-1.2.0 typeapi-2.2.4 typeguard-4.4.4 typer-0.16.1 types-requests-2.32.4.20250809 typing-extensions-4.14.1 typing-inspect-0.9.0 typing-inspection-0.4.1 tzdata-2025.2 tzlocal-5.3.1 ujson-5.11.0 urllib3-2.5.0 uvicorn-0.35.0 uvloop-0.21.0 vine-5.1.0 vulture-2.10 watchdog-6.0.0 watchfiles-1.1.0 wcwidth-0.2.13 websockets-15.0.1 wrapt-1.17.3 yapf-0.43.0
2025-08-24T16:46:49.2965322Z Collecting keepa==1.3.15
2025-08-24T16:46:49.2980608Z   Using cached keepa-1.3.15-py3-none-any.whl.metadata (11 kB)
2025-08-24T16:46:49.3369313Z Collecting minio==7.1.15
2025-08-24T16:46:49.3383839Z   Using cached minio-7.1.15-py3-none-any.whl.metadata (4.2 kB)
2025-08-24T16:46:49.3409574Z Requirement already satisfied: numpy>=1.9.3 in /opt/hostedtoolcache/Python/3.11.13/x64/lib/python3.11/site-packages (from keepa==1.3.15) (1.26.4)
2025-08-24T16:46:49.3414545Z Requirement already satisfied: requests>=2.2 in /opt/hostedtoolcache/Python/3.11.13/x64/lib/python3.11/site-packages (from keepa==1.3.15) (2.32.4)
2025-08-24T16:46:49.3854482Z Collecting tqdm (from keepa==1.3.15)
2025-08-24T16:46:49.3869051Z   Using cached tqdm-4.67.1-py3-none-any.whl.metadata (57 kB)
2025-08-24T16:46:49.8749414Z Collecting aiohttp (from keepa==1.3.15)
2025-08-24T16:46:49.8766907Z   Using cached aiohttp-3.12.15-cp311-cp311-manylinux_2_17_x86_64.manylinux2014_x86_64.whl.metadata (7.7 kB)
2025-08-24T16:46:49.8798673Z Requirement already satisfied: pandas<=3.0 in /opt/hostedtoolcache/Python/3.11.13/x64/lib/python3.11/site-packages (from keepa==1.3.15) (2.2.3)
2025-08-24T16:46:49.8802624Z Requirement already satisfied: pydantic in /opt/hostedtoolcache/Python/3.11.13/x64/lib/python3.11/site-packages (from keepa==1.3.15) (2.11.7)
2025-08-24T16:46:49.8809622Z Requirement already satisfied: certifi in /opt/hostedtoolcache/Python/3.11.13/x64/lib/python3.11/site-packages (from minio==7.1.15) (2025.8.3)
2025-08-24T16:46:49.8812842Z Requirement already satisfied: urllib3 in /opt/hostedtoolcache/Python/3.11.13/x64/lib/python3.11/site-packages (from minio==7.1.15) (2.5.0)
2025-08-24T16:46:49.8860353Z Requirement already satisfied: python-dateutil>=2.8.2 in /opt/hostedtoolcache/Python/3.11.13/x64/lib/python3.11/site-packages (from pandas<=3.0->keepa==1.3.15) (2.9.0.post0)
2025-08-24T16:46:49.8864827Z Requirement already satisfied: pytz>=2020.1 in /opt/hostedtoolcache/Python/3.11.13/x64/lib/python3.11/site-packages (from pandas<=3.0->keepa==1.3.15) (2025.2)
2025-08-24T16:46:49.8868979Z Requirement already satisfied: tzdata>=2022.7 in /opt/hostedtoolcache/Python/3.11.13/x64/lib/python3.11/site-packages (from pandas<=3.0->keepa==1.3.15) (2025.2)
2025-08-24T16:46:49.8980692Z Requirement already satisfied: six>=1.5 in /opt/hostedtoolcache/Python/3.11.13/x64/lib/python3.11/site-packages (from python-dateutil>=2.8.2->pandas<=3.0->keepa==1.3.15) (1.17.0)
2025-08-24T16:46:49.8997129Z Requirement already satisfied: charset_normalizer<4,>=2 in /opt/hostedtoolcache/Python/3.11.13/x64/lib/python3.11/site-packages (from requests>=2.2->keepa==1.3.15) (3.4.3)
2025-08-24T16:46:49.9002279Z Requirement already satisfied: idna<4,>=2.5 in /opt/hostedtoolcache/Python/3.11.13/x64/lib/python3.11/site-packages (from requests>=2.2->keepa==1.3.15) (3.10)
2025-08-24T16:46:49.9326418Z Collecting aiohappyeyeballs>=2.5.0 (from aiohttp->keepa==1.3.15)
2025-08-24T16:46:49.9340002Z   Using cached aiohappyeyeballs-2.6.1-py3-none-any.whl.metadata (5.9 kB)
2025-08-24T16:46:49.9588387Z Collecting aiosignal>=1.4.0 (from aiohttp->keepa==1.3.15)
2025-08-24T16:46:49.9601239Z   Using cached aiosignal-1.4.0-py3-none-any.whl.metadata (3.7 kB)
2025-08-24T16:46:49.9869065Z Collecting attrs>=17.3.0 (from aiohttp->keepa==1.3.15)
2025-08-24T16:46:49.9882394Z   Using cached attrs-25.3.0-py3-none-any.whl.metadata (10 kB)
2025-08-24T16:46:50.0653600Z Collecting frozenlist>=1.1.1 (from aiohttp->keepa==1.3.15)
2025-08-24T16:46:50.0669201Z   Using cached frozenlist-1.7.0-cp311-cp311-manylinux_2_5_x86_64.manylinux1_x86_64.manylinux_2_17_x86_64.manylinux2014_x86_64.whl.metadata (18 kB)
2025-08-24T16:46:50.2892915Z Collecting multidict<7.0,>=4.5 (from aiohttp->keepa==1.3.15)
2025-08-24T16:46:50.2910799Z   Using cached multidict-6.6.4-cp311-cp311-manylinux2014_x86_64.manylinux_2_17_x86_64.manylinux_2_28_x86_64.whl.metadata (5.3 kB)
2025-08-24T16:46:50.3440386Z Collecting propcache>=0.2.0 (from aiohttp->keepa==1.3.15)
2025-08-24T16:46:50.3455978Z   Using cached propcache-0.3.2-cp311-cp311-manylinux_2_17_x86_64.manylinux2014_x86_64.whl.metadata (12 kB)
2025-08-24T16:46:50.6488245Z Collecting yarl<2.0,>=1.17.0 (from aiohttp->keepa==1.3.15)
2025-08-24T16:46:50.6503770Z   Using cached yarl-1.20.1-cp311-cp311-manylinux_2_17_x86_64.manylinux2014_x86_64.whl.metadata (73 kB)
2025-08-24T16:46:50.6703133Z Requirement already satisfied: typing-extensions>=4.2 in /opt/hostedtoolcache/Python/3.11.13/x64/lib/python3.11/site-packages (from aiosignal>=1.4.0->aiohttp->keepa==1.3.15) (4.14.1)
2025-08-24T16:46:50.6748808Z Requirement already satisfied: annotated-types>=0.6.0 in /opt/hostedtoolcache/Python/3.11.13/x64/lib/python3.11/site-packages (from pydantic->keepa==1.3.15) (0.7.0)
2025-08-24T16:46:50.6753716Z Requirement already satisfied: pydantic-core==2.33.2 in /opt/hostedtoolcache/Python/3.11.13/x64/lib/python3.11/site-packages (from pydantic->keepa==1.3.15) (2.33.2)
2025-08-24T16:46:50.6761434Z Requirement already satisfied: typing-inspection>=0.4.0 in /opt/hostedtoolcache/Python/3.11.13/x64/lib/python3.11/site-packages (from pydantic->keepa==1.3.15) (0.4.1)
2025-08-24T16:46:50.6820891Z Using cached keepa-1.3.15-py3-none-any.whl (38 kB)
2025-08-24T16:46:50.6835057Z Using cached minio-7.1.15-py3-none-any.whl (77 kB)
2025-08-24T16:46:50.6849505Z Using cached aiohttp-3.12.15-cp311-cp311-manylinux_2_17_x86_64.manylinux2014_x86_64.whl (1.7 MB)
2025-08-24T16:46:50.6876356Z Using cached multidict-6.6.4-cp311-cp311-manylinux2014_x86_64.manylinux_2_17_x86_64.manylinux_2_28_x86_64.whl (246 kB)
2025-08-24T16:46:50.6891181Z Using cached yarl-1.20.1-cp311-cp311-manylinux_2_17_x86_64.manylinux2014_x86_64.whl (348 kB)
2025-08-24T16:46:50.6906834Z Using cached aiohappyeyeballs-2.6.1-py3-none-any.whl (15 kB)
2025-08-24T16:46:50.6920149Z Using cached aiosignal-1.4.0-py3-none-any.whl (7.5 kB)
2025-08-24T16:46:50.6933186Z Using cached attrs-25.3.0-py3-none-any.whl (63 kB)
2025-08-24T16:46:50.6947388Z Using cached frozenlist-1.7.0-cp311-cp311-manylinux_2_5_x86_64.manylinux1_x86_64.manylinux_2_17_x86_64.manylinux2014_x86_64.whl (235 kB)
2025-08-24T16:46:50.6962519Z Using cached propcache-0.3.2-cp311-cp311-manylinux_2_17_x86_64.manylinux2014_x86_64.whl (213 kB)
2025-08-24T16:46:50.6977113Z Using cached tqdm-4.67.1-py3-none-any.whl (78 kB)
2025-08-24T16:46:50.8488941Z Installing collected packages: tqdm, propcache, multidict, minio, frozenlist, attrs, aiohappyeyeballs, yarl, aiosignal, aiohttp, keepa
2025-08-24T16:46:50.9141914Z   Attempting uninstall: minio
2025-08-24T16:46:50.9173370Z     Found existing installation: minio 7.2.16
2025-08-24T16:46:50.9209041Z     Uninstalling minio-7.2.16:
2025-08-24T16:46:50.9218970Z       Successfully uninstalled minio-7.2.16
2025-08-24T16:46:51.2422369Z 
2025-08-24T16:46:51.2477257Z Successfully installed aiohappyeyeballs-2.6.1 aiohttp-3.12.15 aiosignal-1.4.0 attrs-25.3.0 frozenlist-1.7.0 keepa-1.3.15 minio-7.1.15 multidict-6.6.4 propcache-0.3.2 tqdm-4.67.1 yarl-1.20.1
2025-08-24T16:46:51.4426025Z ##[group]Run sudo apt-get update
2025-08-24T16:46:51.4426609Z [36;1msudo apt-get update[0m
2025-08-24T16:46:51.4427092Z [36;1msudo apt-get install -y postgresql[0m
2025-08-24T16:46:51.4428153Z [36;1mecho "/usr/lib/postgresql/$(pg_config --version | cut -d' ' -f2 | cut -d'.' -f1,2)/bin" >> $GITHUB_PATH[0m
2025-08-24T16:46:51.4496465Z shell: /usr/bin/bash -e {0}
2025-08-24T16:46:51.4496863Z env:
2025-08-24T16:46:51.4497151Z   PG_USER: postgres
2025-08-24T16:46:51.4497512Z   PG_PASSWORD: pass
2025-08-24T16:46:51.4498092Z   PG_DATABASE: awa
2025-08-24T16:46:51.4498441Z   PG_HOST: localhost
2025-08-24T16:46:51.4498803Z   PG_PORT: 5432
2025-08-24T16:46:51.4499628Z   PG_SYNC_DSN: ***localhost:5432/awa
2025-08-24T16:46:51.4500320Z   PG_ASYNC_DSN: ***localhost:5432/awa
2025-08-24T16:46:51.4501034Z   DATABASE_URL: ***localhost:5432/awa
2025-08-24T16:46:51.4501483Z   DATA_DIR: /tmp/awa-data
2025-08-24T16:46:51.4501893Z   ENABLE_LIVE: 0
2025-08-24T16:46:51.4502240Z   TESTING: 1
2025-08-24T16:46:51.4502728Z   pythonLocation: /opt/hostedtoolcache/Python/3.11.13/x64
2025-08-24T16:46:51.4503444Z   PKG_CONFIG_PATH: /opt/hostedtoolcache/Python/3.11.13/x64/lib/pkgconfig
2025-08-24T16:46:51.4504077Z   Python_ROOT_DIR: /opt/hostedtoolcache/Python/3.11.13/x64
2025-08-24T16:46:51.4504658Z   Python2_ROOT_DIR: /opt/hostedtoolcache/Python/3.11.13/x64
2025-08-24T16:46:51.4505394Z   Python3_ROOT_DIR: /opt/hostedtoolcache/Python/3.11.13/x64
2025-08-24T16:46:51.4506059Z   LD_LIBRARY_PATH: /opt/hostedtoolcache/Python/3.11.13/x64/lib
2025-08-24T16:46:51.4506629Z ##[endgroup]
2025-08-24T16:46:51.5463651Z Get:1 file:/etc/apt/apt-mirrors.txt Mirrorlist [144 B]
2025-08-24T16:46:51.5984252Z Hit:2 http://azure.archive.ubuntu.com/ubuntu noble InRelease
2025-08-24T16:46:51.5990884Z Hit:6 https://packages.microsoft.com/repos/azure-cli noble InRelease
2025-08-24T16:46:51.5993353Z Get:7 https://packages.microsoft.com/ubuntu/24.04/prod noble InRelease [3600 B]
2025-08-24T16:46:51.6005869Z Get:3 http://azure.archive.ubuntu.com/ubuntu noble-updates InRelease [126 kB]
2025-08-24T16:46:51.6087642Z Get:4 http://azure.archive.ubuntu.com/ubuntu noble-backports InRelease [126 kB]
2025-08-24T16:46:51.6113811Z Get:5 http://azure.archive.ubuntu.com/ubuntu noble-security InRelease [126 kB]
2025-08-24T16:46:51.7931282Z Get:8 https://packages.microsoft.com/ubuntu/24.04/prod noble/main armhf Packages [9870 B]
2025-08-24T16:46:51.8034406Z Get:9 https://packages.microsoft.com/ubuntu/24.04/prod noble/main amd64 Packages [49.2 kB]
2025-08-24T16:46:51.8070244Z Get:10 https://packages.microsoft.com/ubuntu/24.04/prod noble/main arm64 Packages [33.3 kB]
2025-08-24T16:46:51.8398655Z Get:11 http://azure.archive.ubuntu.com/ubuntu noble-updates/main amd64 Packages [1352 kB]
2025-08-24T16:46:51.8483608Z Get:12 http://azure.archive.ubuntu.com/ubuntu noble-updates/main Translation-en [269 kB]
2025-08-24T16:46:51.8511297Z Get:13 http://azure.archive.ubuntu.com/ubuntu noble-updates/main amd64 Components [175 kB]
2025-08-24T16:46:51.8534881Z Get:14 http://azure.archive.ubuntu.com/ubuntu noble-updates/universe amd64 Packages [1123 kB]
2025-08-24T16:46:51.8639452Z Get:15 http://azure.archive.ubuntu.com/ubuntu noble-updates/universe Translation-en [288 kB]
2025-08-24T16:46:51.8664836Z Get:16 http://azure.archive.ubuntu.com/ubuntu noble-updates/universe amd64 Components [377 kB]
2025-08-24T16:46:51.8698710Z Get:17 http://azure.archive.ubuntu.com/ubuntu noble-updates/restricted amd64 Packages [1731 kB]
2025-08-24T16:46:51.8796335Z Get:18 http://azure.archive.ubuntu.com/ubuntu noble-updates/restricted Translation-en [384 kB]
2025-08-24T16:46:51.8825608Z Get:19 http://azure.archive.ubuntu.com/ubuntu noble-updates/restricted amd64 Components [212 B]
2025-08-24T16:46:51.8837753Z Get:20 http://azure.archive.ubuntu.com/ubuntu noble-updates/multiverse amd64 Components [940 B]
2025-08-24T16:46:51.9455960Z Get:21 http://azure.archive.ubuntu.com/ubuntu noble-backports/main amd64 Components [7060 B]
2025-08-24T16:46:51.9471278Z Get:22 http://azure.archive.ubuntu.com/ubuntu noble-backports/universe amd64 Components [19.2 kB]
2025-08-24T16:46:51.9481602Z Get:23 http://azure.archive.ubuntu.com/ubuntu noble-backports/restricted amd64 Components [216 B]
2025-08-24T16:46:51.9490832Z Get:24 http://azure.archive.ubuntu.com/ubuntu noble-backports/multiverse amd64 Components [212 B]
2025-08-24T16:46:51.9501005Z Get:25 http://azure.archive.ubuntu.com/ubuntu noble-security/main amd64 Packages [1083 kB]
2025-08-24T16:46:51.9566704Z Get:26 http://azure.archive.ubuntu.com/ubuntu noble-security/main Translation-en [187 kB]
2025-08-24T16:46:51.9586798Z Get:27 http://azure.archive.ubuntu.com/ubuntu noble-security/main amd64 Components [21.6 kB]
2025-08-24T16:46:51.9599811Z Get:28 http://azure.archive.ubuntu.com/ubuntu noble-security/universe amd64 Packages [881 kB]
2025-08-24T16:46:51.9648719Z Get:29 http://azure.archive.ubuntu.com/ubuntu noble-security/universe Translation-en [195 kB]
2025-08-24T16:46:51.9670758Z Get:30 http://azure.archive.ubuntu.com/ubuntu noble-security/universe amd64 Components [52.3 kB]
2025-08-24T16:46:51.9683424Z Get:31 http://azure.archive.ubuntu.com/ubuntu noble-security/restricted amd64 Packages [1631 kB]
2025-08-24T16:46:51.9768763Z Get:32 http://azure.archive.ubuntu.com/ubuntu noble-security/restricted Translation-en [361 kB]
2025-08-24T16:46:51.9793891Z Get:33 http://azure.archive.ubuntu.com/ubuntu noble-security/restricted amd64 Components [212 B]
2025-08-24T16:46:51.9802608Z Get:34 http://azure.archive.ubuntu.com/ubuntu noble-security/multiverse amd64 Components [212 B]
2025-08-24T16:46:58.9612611Z Fetched 10.6 MB in 1s (7821 kB/s)
2025-08-24T16:46:59.6548822Z Reading package lists...
2025-08-24T16:46:59.6944737Z Reading package lists...
2025-08-24T16:46:59.8601360Z Building dependency tree...
2025-08-24T16:46:59.8608966Z Reading state information...
2025-08-24T16:47:00.0000635Z Suggested packages:
2025-08-24T16:47:00.0001254Z   postgresql-doc
2025-08-24T16:47:00.0221585Z The following NEW packages will be installed:
2025-08-24T16:47:00.0224108Z   postgresql
2025-08-24T16:47:00.0411318Z 0 upgraded, 1 newly installed, 0 to remove and 25 not upgraded.
2025-08-24T16:47:00.0412196Z Need to get 11.6 kB of archives.
2025-08-24T16:47:00.0412854Z After this operation, 17.4 kB of additional disk space will be used.
2025-08-24T16:47:00.0413427Z Get:1 file:/etc/apt/apt-mirrors.txt Mirrorlist [144 B]
2025-08-24T16:47:00.0968257Z Get:2 http://azure.archive.ubuntu.com/ubuntu noble-updates/main amd64 postgresql all 16+257build1.1 [11.6 kB]
2025-08-24T16:47:00.3514257Z Fetched 11.6 kB in 0s (174 kB/s)
2025-08-24T16:47:00.3717286Z Selecting previously unselected package postgresql.
2025-08-24T16:47:00.3907692Z (Reading database ... 
2025-08-24T16:47:00.3908357Z (Reading database ... 5%
2025-08-24T16:47:00.3908735Z (Reading database ... 10%
2025-08-24T16:47:00.3909121Z (Reading database ... 15%
2025-08-24T16:47:00.3909449Z (Reading database ... 20%
2025-08-24T16:47:00.3909817Z (Reading database ... 25%
2025-08-24T16:47:00.3910572Z (Reading database ... 30%
2025-08-24T16:47:00.3910956Z (Reading database ... 35%
2025-08-24T16:47:00.3911303Z (Reading database ... 40%
2025-08-24T16:47:00.3911650Z (Reading database ... 45%
2025-08-24T16:47:00.3911982Z (Reading database ... 50%
2025-08-24T16:47:00.4006443Z (Reading database ... 55%
2025-08-24T16:47:00.4262137Z (Reading database ... 60%
2025-08-24T16:47:00.4431968Z (Reading database ... 65%
2025-08-24T16:47:00.4592676Z (Reading database ... 70%
2025-08-24T16:47:00.4734709Z (Reading database ... 75%
2025-08-24T16:47:00.4947968Z (Reading database ... 80%
2025-08-24T16:47:00.5333720Z (Reading database ... 85%
2025-08-24T16:47:00.5683814Z (Reading database ... 90%
2025-08-24T16:47:00.6310163Z (Reading database ... 95%
2025-08-24T16:47:00.6310856Z (Reading database ... 100%
2025-08-24T16:47:00.6311462Z (Reading database ... 219830 files and directories currently installed.)
2025-08-24T16:47:00.6378376Z Preparing to unpack .../postgresql_16+257build1.1_all.deb ...
2025-08-24T16:47:00.6410289Z Unpacking postgresql (16+257build1.1) ...
2025-08-24T16:47:00.6793642Z Setting up postgresql (16+257build1.1) ...
2025-08-24T16:47:01.3053980Z 
2025-08-24T16:47:01.3054450Z Running kernel seems to be up-to-date.
2025-08-24T16:47:01.3054808Z 
2025-08-24T16:47:01.3054903Z Restarting services...
2025-08-24T16:47:01.3135402Z 
2025-08-24T16:47:01.3135737Z Service restarts being deferred:
2025-08-24T16:47:01.3137041Z  systemctl restart hosted-compute-agent.service
2025-08-24T16:47:01.3137420Z 
2025-08-24T16:47:01.3137612Z No containers need to be restarted.
2025-08-24T16:47:01.3138089Z 
2025-08-24T16:47:01.3138295Z No user sessions are running outdated binaries.
2025-08-24T16:47:01.3138624Z 
2025-08-24T16:47:01.3138956Z No VM guests are running outdated hypervisor (qemu) binaries on this host.
2025-08-24T16:47:02.1868666Z ##[group]Run pytest tests/migrations/test_migration_roundtrip.py -q -m integration --cov=services --cov-append --cov-fail-under=0 -o addopts=''
2025-08-24T16:47:02.1869678Z [36;1mpytest tests/migrations/test_migration_roundtrip.py -q -m integration --cov=services --cov-append --cov-fail-under=0 -o addopts=''[0m
2025-08-24T16:47:02.1911439Z shell: /usr/bin/bash -e {0}
2025-08-24T16:47:02.1911673Z env:
2025-08-24T16:47:02.1911847Z   PG_USER: postgres
2025-08-24T16:47:02.1912051Z   PG_PASSWORD: pass
2025-08-24T16:47:02.1912238Z   PG_DATABASE: awa
2025-08-24T16:47:02.1912423Z   PG_HOST: localhost
2025-08-24T16:47:02.1912617Z   PG_PORT: 5432
2025-08-24T16:47:02.1913197Z   PG_SYNC_DSN: ***localhost:5432/awa
2025-08-24T16:47:02.1913622Z   PG_ASYNC_DSN: ***localhost:5432/awa
2025-08-24T16:47:02.1914010Z   DATABASE_URL: ***localhost:5432/awa
2025-08-24T16:47:02.1914251Z   DATA_DIR: /tmp/awa-data
2025-08-24T16:47:02.1914464Z   ENABLE_LIVE: 0
2025-08-24T16:47:02.1914646Z   TESTING: 1
2025-08-24T16:47:02.1914918Z   pythonLocation: /opt/hostedtoolcache/Python/3.11.13/x64
2025-08-24T16:47:02.1915323Z   PKG_CONFIG_PATH: /opt/hostedtoolcache/Python/3.11.13/x64/lib/pkgconfig
2025-08-24T16:47:02.1915712Z   Python_ROOT_DIR: /opt/hostedtoolcache/Python/3.11.13/x64
2025-08-24T16:47:02.1916084Z   Python2_ROOT_DIR: /opt/hostedtoolcache/Python/3.11.13/x64
2025-08-24T16:47:02.1916507Z   Python3_ROOT_DIR: /opt/hostedtoolcache/Python/3.11.13/x64
2025-08-24T16:47:02.1916951Z   LD_LIBRARY_PATH: /opt/hostedtoolcache/Python/3.11.13/x64/lib
2025-08-24T16:47:02.1917400Z ##[endgroup]
2025-08-24T16:47:04.0326853Z s                                                                        [100%]
2025-08-24T16:47:04.0327626Z ================================ tests coverage ================================
2025-08-24T16:47:04.0328626Z _______________ coverage: platform linux, python 3.11.13-final-0 _______________
2025-08-24T16:47:04.0329075Z 
2025-08-24T16:47:04.0329330Z Name                                                       Stmts   Miss  Cover
2025-08-24T16:47:04.0329888Z ------------------------------------------------------------------------------
2025-08-24T16:47:04.0330523Z services/__init__.py                                           0      0   100%
2025-08-24T16:47:04.0331582Z services/alert_bot/__init__.py                                 0      0   100%
2025-08-24T16:47:04.0332287Z services/alert_bot/alert_bot.py                               22     22     0%
2025-08-24T16:47:04.0333001Z services/alert_bot/rules/__init__.py                          63     63     0%
2025-08-24T16:47:04.0333670Z services/api/__init__.py                                       0      0   100%
2025-08-24T16:47:04.0334364Z services/api/config.py                                        24     24     0%
2025-08-24T16:47:04.0334980Z services/api/db.py                                            16     16     0%
2025-08-24T16:47:04.0335588Z services/api/errors.py                                        39     39     0%
2025-08-24T16:47:04.0336256Z services/api/logging_config.py                                15     15     0%
2025-08-24T16:47:04.0336920Z services/api/main.py                                         143    143     0%
2025-08-24T16:47:04.0337569Z services/api/models/__init__.py                                0      0   100%
2025-08-24T16:47:04.0338433Z services/api/models/fee.py                                    11     11     0%
2025-08-24T16:47:04.0339123Z services/api/roi_repository.py                                21     21     0%
2025-08-24T16:47:04.0339822Z services/api/routes/__init__.py                                0      0   100%
2025-08-24T16:47:04.0340521Z services/api/routes/health.py                                 19     19     0%
2025-08-24T16:47:04.0341248Z services/api/routes/repository.py                             16     16     0%
2025-08-24T16:47:04.0341970Z services/api/routes/roi.py                                    77     77     0%
2025-08-24T16:47:04.0342977Z services/api/routes/score.py                                  56     56     0%
2025-08-24T16:47:04.0343684Z services/api/routes/stats.py                                  49     49     0%
2025-08-24T16:47:04.0344354Z services/api/security.py                                      10     10     0%
2025-08-24T16:47:04.0345047Z services/api/sentry_config.py                                 65     65     0%
2025-08-24T16:47:04.0345717Z services/common/__init__.py                                    4      0   100%
2025-08-24T16:47:04.0346384Z services/common/base.py                                        3      0   100%
2025-08-24T16:47:04.0347017Z services/common/config.py                                      4      4     0%
2025-08-24T16:47:04.0347660Z services/common/db.py                                         34     34     0%
2025-08-24T16:47:04.0348443Z services/common/db_url.py                                      4      4     0%
2025-08-24T16:47:04.0349068Z services/common/dsn.py                                        49     37    24%
2025-08-24T16:47:04.0349736Z services/common/keepa.py                                       7      4    43%
2025-08-24T16:47:04.0350373Z services/common/llm.py                                        65     65     0%
2025-08-24T16:47:04.0351035Z services/common/models_vendor.py                              24      0   100%
2025-08-24T16:47:04.0351724Z services/common/settings.py                                   20     20     0%
2025-08-24T16:47:04.0352380Z services/db/__init__.py                                        0      0   100%
2025-08-24T16:47:04.0353009Z services/db/utils/__init__.py                                  0      0   100%
2025-08-24T16:47:04.0353668Z services/db/utils/views.py                                     5      5     0%
2025-08-24T16:47:04.0354335Z services/emailer/__init__.py                                   4      4     0%
2025-08-24T16:47:04.0355034Z services/emailer/generate_body.py                              3      3     0%
2025-08-24T16:47:04.0355713Z services/etl/__init__.py                                       9      9     0%
2025-08-24T16:47:04.0356322Z services/etl/db.py                                             2      2     0%
2025-08-24T16:47:04.0356945Z services/etl/dialects/__init__.py                              9      9     0%
2025-08-24T16:47:04.0358001Z services/etl/dialects/amazon_ads_sp_cost.py                   31     31     0%
2025-08-24T16:47:04.0358758Z services/etl/dialects/amazon_fee_preview.py                   30     30     0%
2025-08-24T16:47:04.0359537Z services/etl/dialects/amazon_inventory_ledger.py              28     28     0%
2025-08-24T16:47:04.0360338Z services/etl/dialects/amazon_reimbursements.py                16     16     0%
2025-08-24T16:47:04.0361132Z services/etl/dialects/amazon_returns.py                       16     16     0%
2025-08-24T16:47:04.0361914Z services/etl/dialects/amazon_settlements.py                   27     27     0%
2025-08-24T16:47:04.0362630Z services/etl/dialects/schemas.py                              25     25     0%
2025-08-24T16:47:04.0363370Z services/etl/dialects/test_generic.py                         15     15     0%
2025-08-24T16:47:04.0364094Z services/etl/fba_fee_ingestor.py                              33     33     0%
2025-08-24T16:47:04.0364794Z services/etl/healthcheck.py                                   35     35     0%
2025-08-24T16:47:04.0365474Z services/etl/keepa_ingestor.py                                47     47     0%
2025-08-24T16:47:04.0366172Z services/etl/sp_fees_ingestor.py                              39     39     0%
2025-08-24T16:47:04.0366867Z services/fees_h10/__init__.py                                  0      0   100%
2025-08-24T16:47:04.0367484Z services/fees_h10/client.py                                   12     12     0%
2025-08-24T16:47:04.0368392Z services/fees_h10/repository.py                               39     39     0%
2025-08-24T16:47:04.0369134Z services/fees_h10/worker.py                                   47     47     0%
2025-08-24T16:47:04.0369998Z services/ingest/__init__.py                                    0      0   100%
2025-08-24T16:47:04.0370683Z services/ingest/celery_app.py                                 32     32     0%
2025-08-24T16:47:04.0371409Z services/ingest/copy_loader.py                                57     57     0%
2025-08-24T16:47:04.0372120Z services/ingest/email_watcher.py                              50     50     0%
2025-08-24T16:47:04.0372844Z services/ingest/healthcheck.py                                52     52     0%
2025-08-24T16:47:04.0373543Z services/ingest/ingest_router.py                               8      8     0%
2025-08-24T16:47:04.0374262Z services/ingest/maintenance.py                                31     31     0%
2025-08-24T16:47:04.0374957Z services/ingest/tasks.py                                      56     56     0%
2025-08-24T16:47:04.0375647Z services/ingest/upload_router.py                              22     22     0%
2025-08-24T16:47:04.0376337Z services/llm_server/__init__.py                                0      0   100%
2025-08-24T16:47:04.0377012Z services/llm_server/app.py                                    22     22     0%
2025-08-24T16:47:04.0377688Z services/logistics_etl/__init__.py                             0      0   100%
2025-08-24T16:47:04.0378512Z services/logistics_etl/__main__.py                             7      7     0%
2025-08-24T16:47:04.0379206Z services/logistics_etl/client.py                              20     20     0%
2025-08-24T16:47:04.0379917Z services/logistics_etl/cron.py                                11     11     0%
2025-08-24T16:47:04.0380576Z services/logistics_etl/db.py                                  13     13     0%
2025-08-24T16:47:04.0381252Z services/logistics_etl/dsn.py                                 33     33     0%
2025-08-24T16:47:04.0381940Z services/logistics_etl/flow.py                                14     14     0%
2025-08-24T16:47:04.0382673Z services/logistics_etl/repository.py                          50     50     0%
2025-08-24T16:47:04.0383399Z services/price_importer/__init__.py                            1      1     0%
2025-08-24T16:47:04.0384117Z services/price_importer/common/__init__.py                     2      2     0%
2025-08-24T16:47:04.0384860Z services/price_importer/common/base.py                         2      2     0%
2025-08-24T16:47:04.0385823Z services/price_importer/common/db_url.py                       6      6     0%
2025-08-24T16:47:04.0386556Z services/price_importer/common/models_vendor.py               22     22     0%
2025-08-24T16:47:04.0387303Z services/price_importer/import.py                             21     21     0%
2025-08-24T16:47:04.0388220Z services/price_importer/normaliser.py                         20     20     0%
2025-08-24T16:47:04.0388948Z services/price_importer/reader.py                             30     30     0%
2025-08-24T16:47:04.0389660Z services/price_importer/repository.py                         38     38     0%
2025-08-24T16:47:04.0390420Z services/price_importer/services_common/__init__.py            4      4     0%
2025-08-24T16:47:04.0391188Z services/price_importer/services_common/base.py                3      3     0%
2025-08-24T16:47:04.0391961Z services/price_importer/services_common/db.py                 34     34     0%
2025-08-24T16:47:04.0392727Z services/price_importer/services_common/db_url.py              4      4     0%
2025-08-24T16:47:04.0393488Z services/price_importer/services_common/dsn.py                27     27     0%
2025-08-24T16:47:04.0394283Z services/price_importer/services_common/keepa.py               7      7     0%
2025-08-24T16:47:04.0395051Z services/price_importer/services_common/llm.py                36     36     0%
2025-08-24T16:47:04.0395813Z services/price_importer/services_common/models_vendor.py      22     22     0%
2025-08-24T16:47:04.0396596Z services/price_importer/services_common/settings.py           19     19     0%
2025-08-24T16:47:04.0397304Z services/repricer/__init__.py                                  0      0   100%
2025-08-24T16:47:04.0398314Z services/repricer/app/__init__.py                              0      0   100%
2025-08-24T16:47:04.0399038Z services/repricer/app/deps.py                                  0      0   100%
2025-08-24T16:47:04.0399743Z services/repricer/app/logic.py                                 5      5     0%
2025-08-24T16:47:04.0400452Z services/repricer/app/main.py                                 20     20     0%
2025-08-24T16:47:04.0401164Z services/repricer/app/schemas.py                              10     10     0%
2025-08-24T16:47:04.0401823Z ------------------------------------------------------------------------------
2025-08-24T16:47:04.0402371Z TOTAL                                                       2143   2097     2%
2025-08-24T16:47:04.1667245Z 1 skipped in 0.40s
2025-08-24T16:47:04.3031503Z ##[group]Run actions/upload-artifact@v4
2025-08-24T16:47:04.3031800Z with:
2025-08-24T16:47:04.3031990Z   name: coverage.integration
2025-08-24T16:47:04.3032213Z   path: .coverage
2025-08-24T16:47:04.3032420Z   if-no-files-found: warn
2025-08-24T16:47:04.3032641Z   compression-level: 6
2025-08-24T16:47:04.3032843Z   overwrite: false
2025-08-24T16:47:04.3033041Z   include-hidden-files: false
2025-08-24T16:47:04.3033249Z env:
2025-08-24T16:47:04.3033417Z   PG_USER: postgres
2025-08-24T16:47:04.3033620Z   PG_PASSWORD: pass
2025-08-24T16:47:04.3033800Z   PG_DATABASE: awa
2025-08-24T16:47:04.3033985Z   PG_HOST: localhost
2025-08-24T16:47:04.3034173Z   PG_PORT: 5432
2025-08-24T16:47:04.3034632Z   PG_SYNC_DSN: ***localhost:5432/awa
2025-08-24T16:47:04.3035045Z   PG_ASYNC_DSN: ***localhost:5432/awa
2025-08-24T16:47:04.3035435Z   DATABASE_URL: ***localhost:5432/awa
2025-08-24T16:47:04.3035679Z   DATA_DIR: /tmp/awa-data
2025-08-24T16:47:04.3035881Z   ENABLE_LIVE: 0
2025-08-24T16:47:04.3036116Z   TESTING: 1
2025-08-24T16:47:04.3036357Z   pythonLocation: /opt/hostedtoolcache/Python/3.11.13/x64
2025-08-24T16:47:04.3036767Z   PKG_CONFIG_PATH: /opt/hostedtoolcache/Python/3.11.13/x64/lib/pkgconfig
2025-08-24T16:47:04.3037167Z   Python_ROOT_DIR: /opt/hostedtoolcache/Python/3.11.13/x64
2025-08-24T16:47:04.3037557Z   Python2_ROOT_DIR: /opt/hostedtoolcache/Python/3.11.13/x64
2025-08-24T16:47:04.3038115Z   Python3_ROOT_DIR: /opt/hostedtoolcache/Python/3.11.13/x64
2025-08-24T16:47:04.3038463Z   LD_LIBRARY_PATH: /opt/hostedtoolcache/Python/3.11.13/x64/lib
2025-08-24T16:47:04.3038947Z ##[endgroup]
2025-08-24T16:47:04.5185394Z ##[warning]No files were found with the provided path: .coverage. No artifacts will be uploaded.
2025-08-24T16:47:04.5799776Z Post job cleanup.
2025-08-24T16:47:04.7066398Z Cache hit occurred on the primary key Linux-int-cc13ccef493b9f3a93ad5651164d9fb09282c1111f6f72ce20e0657de16de6b4, not saving cache.
2025-08-24T16:47:04.7151541Z Post job cleanup.
2025-08-24T16:47:04.8707184Z Cache hit occurred on the primary key setup-python-Linux-x64-24.04-Ubuntu-python-3.11.13-pip-cc13ccef493b9f3a93ad5651164d9fb09282c1111f6f72ce20e0657de16de6b4, not saving cache.
2025-08-24T16:47:04.8830118Z Post job cleanup.
2025-08-24T16:47:04.9634151Z [command]/usr/bin/git version
2025-08-24T16:47:04.9669783Z git version 2.51.0
2025-08-24T16:47:04.9705775Z Temporarily overriding HOME='/home/runner/work/_temp/1770a7fb-ce4a-4ea4-bf49-28687871d31b' before making global git config changes
2025-08-24T16:47:04.9706912Z Adding repository directory to the temporary git global config as a safe directory
2025-08-24T16:47:04.9711735Z [command]/usr/bin/git config --global --add safe.directory /home/runner/work/AWA-App/AWA-App
2025-08-24T16:47:04.9748239Z [command]/usr/bin/git config --local --name-only --get-regexp core\.sshCommand
2025-08-24T16:47:04.9783219Z [command]/usr/bin/git submodule foreach --recursive sh -c "git config --local --name-only --get-regexp 'core\.sshCommand' && git config --local --unset-all 'core.sshCommand' || :"
2025-08-24T16:47:05.0022171Z [command]/usr/bin/git config --local --name-only --get-regexp http\.https\:\/\/github\.com\/\.extraheader
2025-08-24T16:47:05.0044522Z http.https://github.com/.extraheader
2025-08-24T16:47:05.0054667Z [command]/usr/bin/git config --local --unset-all http.https://github.com/.extraheader
2025-08-24T16:47:05.0085411Z [command]/usr/bin/git submodule foreach --recursive sh -c "git config --local --name-only --get-regexp 'http\.https\:\/\/github\.com\/\.extraheader' && git config --local --unset-all 'http.https://github.com/.extraheader' || :"
2025-08-24T16:47:05.0411404Z Print service container logs: 0ff050a39727464eb9cbb9867ef74aa6_postgres15_183a4a
2025-08-24T16:47:05.0415884Z ##[command]/usr/bin/docker logs --details 865de5cccc3365b15ae8f550127c53c798aeb9d32c055d8e707576b08c4919ca
2025-08-24T16:47:05.0561457Z  The files belonging to this database system will be owned by user "postgres".
2025-08-24T16:47:05.0562261Z  This user must also own the server process.
2025-08-24T16:47:05.0562722Z  
2025-08-24T16:47:05.0563195Z  The database cluster will be initialized with locale "en_US.utf8".
2025-08-24T16:47:05.0564669Z  The default database encoding has accordingly been set to "UTF8".
2025-08-24T16:47:05.0565130Z  The default text search configuration will be set to "english".
2025-08-24T16:47:05.0565473Z  
2025-08-24T16:47:05.0565682Z  Data page checksums are disabled.
2025-08-24T16:47:05.0565943Z  
2025-08-24T16:47:05.0566234Z  fixing permissions on existing directory /var/lib/postgresql/data ... ok
2025-08-24T16:47:05.0566735Z  creating subdirectories ... ok
2025-08-24T16:47:05.0567060Z  selecting dynamic shared memory implementation ... posix
2025-08-24T16:47:05.0567414Z  selecting default max_connections ... 100
2025-08-24T16:47:05.0567695Z  selecting default shared_buffers ... 128MB
2025-08-24T16:47:05.0568226Z  selecting default time zone ... Etc/UTC
2025-08-24T16:47:05.0568507Z  creating configuration files ... ok
2025-08-24T16:47:05.0568781Z  running bootstrap script ... ok
2025-08-24T16:47:05.0569086Z  performing post-bootstrap initialization ... ok
2025-08-24T16:47:05.0569398Z  syncing data to disk ... ok
2025-08-24T16:47:05.0569649Z  
2025-08-24T16:47:05.0569819Z  
2025-08-24T16:47:05.0570059Z  Success. You can now start the database server using:
2025-08-24T16:47:05.0570357Z  
2025-08-24T16:47:05.0570611Z      pg_ctl -D /var/lib/postgresql/data -l logfile start
2025-08-24T16:47:05.0571836Z  initdb: warning: enabling "trust" authentication for local connections
2025-08-24T16:47:05.0572831Z  initdb: hint: You can change this by editing pg_hba.conf or using the option -A, or --auth-local and --auth-host, the next time you run initdb.
2025-08-24T16:47:05.0573673Z  2025-08-24 16:46:05.729 UTC [1] LOG:  starting PostgreSQL 15.14 (Debian 15.14-1.pgdg13+1) on x86_64-pc-linux-gnu, compiled by gcc (Debian 14.2.0-19) 14.2.0, 64-bit
2025-08-24T16:47:05.0574400Z  2025-08-24 16:46:05.729 UTC [1] LOG:  listening on IPv4 address "0.0.0.0", port 5432
2025-08-24T16:47:05.0575340Z  2025-08-24 16:46:05.729 UTC [1] LOG:  listening on IPv6 address "::", port 5432
2025-08-24T16:47:05.0576141Z  2025-08-24 16:46:05.730 UTC [1] LOG:  listening on Unix socket "/var/run/postgresql/.s.PGSQL.5432"
2025-08-24T16:47:05.0576844Z  2025-08-24 16:46:05.733 UTC [64] LOG:  database system was shut down at 2025-08-24 16:46:05 UTC
2025-08-24T16:47:05.0577325Z  2025-08-24 16:46:05.736 UTC [1] LOG:  database system is ready to accept connections
2025-08-24T16:47:05.0577682Z  
2025-08-24T16:47:05.0578444Z  waiting for server to start....2025-08-24 16:46:05.423 UTC [48] LOG:  starting PostgreSQL 15.14 (Debian 15.14-1.pgdg13+1) on x86_64-pc-linux-gnu, compiled by gcc (Debian 14.2.0-19) 14.2.0, 64-bit
2025-08-24T16:47:05.0579234Z  2025-08-24 16:46:05.424 UTC [48] LOG:  listening on Unix socket "/var/run/postgresql/.s.PGSQL.5432"
2025-08-24T16:47:05.0579738Z  2025-08-24 16:46:05.426 UTC [51] LOG:  database system was shut down at 2025-08-24 16:46:05 UTC
2025-08-24T16:47:05.0580207Z  2025-08-24 16:46:05.430 UTC [48] LOG:  database system is ready to accept connections
2025-08-24T16:47:05.0580560Z   done
2025-08-24T16:47:05.0580739Z  server started
2025-08-24T16:47:05.0580954Z  CREATE DATABASE
2025-08-24T16:47:05.0581151Z  
2025-08-24T16:47:05.0581330Z  
2025-08-24T16:47:05.0581662Z  /usr/local/bin/docker-entrypoint.sh: ignoring /docker-entrypoint-initdb.d/*
2025-08-24T16:47:05.0582058Z  
2025-08-24T16:47:05.0582314Z  2025-08-24 16:46:05.610 UTC [48] LOG:  received fast shutdown request
2025-08-24T16:47:05.0583051Z  waiting for server to shut down....2025-08-24 16:46:05.611 UTC [48] LOG:  aborting any active transactions
2025-08-24T16:47:05.0583722Z  2025-08-24 16:46:05.612 UTC [48] LOG:  background worker "logical replication launcher" (PID 54) exited with exit code 1
2025-08-24T16:47:05.0584225Z  2025-08-24 16:46:05.612 UTC [49] LOG:  shutting down
2025-08-24T16:47:05.0584588Z  2025-08-24 16:46:05.613 UTC [49] LOG:  checkpoint starting: shutdown immediate
2025-08-24T16:47:05.0585465Z  2025-08-24 16:46:05.628 UTC [49] LOG:  checkpoint complete: wrote 922 buffers (5.6%); 0 WAL file(s) added, 0 removed, 0 recycled; write=0.013 s, sync=0.002 s, total=0.016 s; sync files=301, longest=0.001 s, average=0.001 s; distance=4239 kB, estimate=4239 kB
2025-08-24T16:47:05.0586317Z  2025-08-24 16:46:05.634 UTC [48] LOG:  database system is shut down
2025-08-24T16:47:05.0586637Z   done
2025-08-24T16:47:05.0586827Z  server stopped
2025-08-24T16:47:05.0587032Z  
2025-08-24T16:47:05.0587281Z  PostgreSQL init process complete; ready for start up.
2025-08-24T16:47:05.0587589Z  
2025-08-24T16:47:05.0593094Z Stop and remove container: 0ff050a39727464eb9cbb9867ef74aa6_postgres15_183a4a
2025-08-24T16:47:05.0597695Z ##[command]/usr/bin/docker rm --force 865de5cccc3365b15ae8f550127c53c798aeb9d32c055d8e707576b08c4919ca
2025-08-24T16:47:06.0279646Z 865de5cccc3365b15ae8f550127c53c798aeb9d32c055d8e707576b08c4919ca
2025-08-24T16:47:06.0311038Z Remove container network: github_network_e76c2cfd5b194935a039dcbb90fc86c7
2025-08-24T16:47:06.0315165Z ##[command]/usr/bin/docker network rm github_network_e76c2cfd5b194935a039dcbb90fc86c7
2025-08-24T16:47:06.1552972Z github_network_e76c2cfd5b194935a039dcbb90fc86c7
2025-08-24T16:47:06.1610191Z Cleaning up orphan processes
