2025-08-18T21:53:02.8131625Z Current runner version: '2.327.1'
2025-08-18T21:53:02.8154413Z ##[group]Runner Image Provisioner
2025-08-18T21:53:02.8155212Z Hosted Compute Agent
2025-08-18T21:53:02.8155717Z Version: 20250818.377
2025-08-18T21:53:02.8156403Z Commit: 3c593e9f75fe0b87e893bca80d6e12ba089c61fc
2025-08-18T21:53:02.8157055Z Build Date: 2025-08-18T14:52:18Z
2025-08-18T21:53:02.8157857Z ##[endgroup]
2025-08-18T21:53:02.8158558Z ##[group]Operating System
2025-08-18T21:53:02.8159096Z Ubuntu
2025-08-18T21:53:02.8159572Z 24.04.2
2025-08-18T21:53:02.8160039Z LTS
2025-08-18T21:53:02.8160510Z ##[endgroup]
2025-08-18T21:53:02.8160959Z ##[group]Runner Image
2025-08-18T21:53:02.8161614Z Image: ubuntu-24.04
2025-08-18T21:53:02.8162091Z Version: 20250810.1.0
2025-08-18T21:53:02.8163082Z Included Software: https://github.com/actions/runner-images/blob/ubuntu24/20250810.1/images/ubuntu/Ubuntu2404-Readme.md
2025-08-18T21:53:02.8164593Z Image Release: https://github.com/actions/runner-images/releases/tag/ubuntu24%2F20250810.1
2025-08-18T21:53:02.8165531Z ##[endgroup]
2025-08-18T21:53:02.8168603Z ##[group]GITHUB_TOKEN Permissions
2025-08-18T21:53:02.8170823Z Actions: write
2025-08-18T21:53:02.8171320Z Attestations: write
2025-08-18T21:53:02.8171943Z Checks: write
2025-08-18T21:53:02.8172396Z Contents: write
2025-08-18T21:53:02.8172883Z Deployments: write
2025-08-18T21:53:02.8173485Z Discussions: write
2025-08-18T21:53:02.8173957Z Issues: write
2025-08-18T21:53:02.8174412Z Metadata: read
2025-08-18T21:53:02.8174922Z Models: read
2025-08-18T21:53:02.8175403Z Packages: write
2025-08-18T21:53:02.8175869Z Pages: write
2025-08-18T21:53:02.8176418Z PullRequests: write
2025-08-18T21:53:02.8176942Z RepositoryProjects: write
2025-08-18T21:53:02.8177544Z SecurityEvents: write
2025-08-18T21:53:02.8178510Z Statuses: write
2025-08-18T21:53:02.8178990Z ##[endgroup]
2025-08-18T21:53:02.8180984Z Secret source: Actions
2025-08-18T21:53:02.8181948Z Prepare workflow directory
2025-08-18T21:53:02.8599113Z Prepare all required actions
2025-08-18T21:53:02.8637902Z Getting action download info
2025-08-18T21:53:03.2813275Z Download action repository 'actions/checkout@v4' (SHA:08eba0b27e820071cde6df949e0beb9ba4906955)
2025-08-18T21:53:04.1282567Z Download action repository 'actions/setup-python@v5' (SHA:a26af69be951a213d495a4c3e4e4022e16d87065)
2025-08-18T21:53:05.0479526Z Download action repository 'actions/cache@v4' (SHA:0400d5f644dc74513175e3cd8d07132dd4860809)
2025-08-18T21:53:06.0336745Z Download action repository 'actions/upload-artifact@v4' (SHA:ea165f8d65b6e75b540449e92b4886f43607fa02)
2025-08-18T21:53:06.2809330Z Complete job name: integration-db
2025-08-18T21:53:06.3257280Z ##[group]Checking docker version
2025-08-18T21:53:06.3270020Z ##[command]/usr/bin/docker version --format '{{.Server.APIVersion}}'
2025-08-18T21:53:06.4266687Z '1.48'
2025-08-18T21:53:06.4278451Z Docker daemon API version: '1.48'
2025-08-18T21:53:06.4278869Z ##[command]/usr/bin/docker version --format '{{.Client.APIVersion}}'
2025-08-18T21:53:06.4429022Z '1.48'
2025-08-18T21:53:06.4441746Z Docker client API version: '1.48'
2025-08-18T21:53:06.4446806Z ##[endgroup]
2025-08-18T21:53:06.4449650Z ##[group]Clean up resources from previous jobs
2025-08-18T21:53:06.4454944Z ##[command]/usr/bin/docker ps --all --quiet --no-trunc --filter "label=b5b3ec"
2025-08-18T21:53:06.4588049Z ##[command]/usr/bin/docker network prune --force --filter "label=b5b3ec"
2025-08-18T21:53:06.4706006Z ##[endgroup]
2025-08-18T21:53:06.4706266Z ##[group]Create local container network
2025-08-18T21:53:06.4715642Z ##[command]/usr/bin/docker network create --label b5b3ec github_network_cb84223f255542e0987870bf34b2c761
2025-08-18T21:53:06.5230318Z 319f44e64dde20ff71a29e1b2a2ae674c39596bf5aebff6e9ddff1b295689125
2025-08-18T21:53:06.5248436Z ##[endgroup]
2025-08-18T21:53:06.5270888Z ##[group]Starting postgres service container
2025-08-18T21:53:06.5289461Z ##[command]/usr/bin/docker pull postgres:15
2025-08-18T21:53:07.4862744Z 15: Pulling from library/postgres
2025-08-18T21:53:07.7219727Z 396b1da7636e: Pulling fs layer
2025-08-18T21:53:07.7220575Z fca2566eba32: Pulling fs layer
2025-08-18T21:53:07.7220989Z 631fe8c6d606: Pulling fs layer
2025-08-18T21:53:07.7221348Z 77c7671c4414: Pulling fs layer
2025-08-18T21:53:07.7221697Z 2d9e29180a27: Pulling fs layer
2025-08-18T21:53:07.7222054Z c6bcc2c9a041: Pulling fs layer
2025-08-18T21:53:07.7222424Z ac4b721eb66f: Pulling fs layer
2025-08-18T21:53:07.7222823Z 606bd164980e: Pulling fs layer
2025-08-18T21:53:07.7223103Z f5dfd246bc6e: Pulling fs layer
2025-08-18T21:53:07.7223328Z ba7036bb0a60: Pulling fs layer
2025-08-18T21:53:07.7223532Z 799f859abbbd: Pulling fs layer
2025-08-18T21:53:07.7223765Z d903e777080c: Pulling fs layer
2025-08-18T21:53:07.7223982Z 04adcb462801: Pulling fs layer
2025-08-18T21:53:07.7224389Z 5c10925b29ff: Pulling fs layer
2025-08-18T21:53:07.7224761Z 606bd164980e: Waiting
2025-08-18T21:53:07.7225148Z 2d9e29180a27: Waiting
2025-08-18T21:53:07.7225473Z c6bcc2c9a041: Waiting
2025-08-18T21:53:07.7225786Z f5dfd246bc6e: Waiting
2025-08-18T21:53:07.7226079Z ac4b721eb66f: Waiting
2025-08-18T21:53:07.7226393Z ba7036bb0a60: Waiting
2025-08-18T21:53:07.7226567Z 799f859abbbd: Waiting
2025-08-18T21:53:07.7226733Z 5c10925b29ff: Waiting
2025-08-18T21:53:07.7226899Z d903e777080c: Waiting
2025-08-18T21:53:07.7227180Z 04adcb462801: Waiting
2025-08-18T21:53:07.7227373Z 77c7671c4414: Waiting
2025-08-18T21:53:08.0562636Z fca2566eba32: Verifying Checksum
2025-08-18T21:53:08.0563174Z fca2566eba32: Download complete
2025-08-18T21:53:08.1685644Z 631fe8c6d606: Verifying Checksum
2025-08-18T21:53:08.1686195Z 631fe8c6d606: Download complete
2025-08-18T21:53:08.4779779Z 77c7671c4414: Verifying Checksum
2025-08-18T21:53:08.7730225Z 77c7671c4414: Download complete
2025-08-18T21:53:08.7730560Z 2d9e29180a27: Verifying Checksum
2025-08-18T21:53:08.7730846Z 2d9e29180a27: Download complete
2025-08-18T21:53:08.8578215Z 396b1da7636e: Verifying Checksum
2025-08-18T21:53:08.8578613Z 396b1da7636e: Download complete
2025-08-18T21:53:08.8740621Z c6bcc2c9a041: Verifying Checksum
2025-08-18T21:53:08.8741118Z c6bcc2c9a041: Download complete
2025-08-18T21:53:09.0822993Z ac4b721eb66f: Verifying Checksum
2025-08-18T21:53:09.0826118Z ac4b721eb66f: Download complete
2025-08-18T21:53:09.1584121Z 606bd164980e: Verifying Checksum
2025-08-18T21:53:09.3954156Z ba7036bb0a60: Verifying Checksum
2025-08-18T21:53:09.3956141Z ba7036bb0a60: Download complete
2025-08-18T21:53:09.4819926Z 799f859abbbd: Verifying Checksum
2025-08-18T21:53:09.4820887Z 799f859abbbd: Download complete
2025-08-18T21:53:09.7352525Z d903e777080c: Verifying Checksum
2025-08-18T21:53:09.7353671Z d903e777080c: Download complete
2025-08-18T21:53:09.7662788Z 04adcb462801: Verifying Checksum
2025-08-18T21:53:09.7663581Z 04adcb462801: Download complete
2025-08-18T21:53:09.7902610Z 396b1da7636e: Pull complete
2025-08-18T21:53:10.0395011Z 5c10925b29ff: Verifying Checksum
2025-08-18T21:53:10.0395486Z 5c10925b29ff: Download complete
2025-08-18T21:53:10.6402570Z fca2566eba32: Pull complete
2025-08-18T21:53:10.8449496Z 631fe8c6d606: Pull complete
2025-08-18T21:53:10.8914746Z 77c7671c4414: Pull complete
2025-08-18T21:53:11.2178309Z 2d9e29180a27: Pull complete
2025-08-18T21:53:11.3229446Z c6bcc2c9a041: Pull complete
2025-08-18T21:53:11.3360193Z ac4b721eb66f: Pull complete
2025-08-18T21:53:11.3513941Z 606bd164980e: Pull complete
2025-08-18T21:53:11.6092732Z f5dfd246bc6e: Verifying Checksum
2025-08-18T21:53:11.6093343Z f5dfd246bc6e: Download complete
2025-08-18T21:53:14.5465551Z f5dfd246bc6e: Pull complete
2025-08-18T21:53:14.5650562Z ba7036bb0a60: Pull complete
2025-08-18T21:53:14.5784720Z 799f859abbbd: Pull complete
2025-08-18T21:53:14.5917959Z d903e777080c: Pull complete
2025-08-18T21:53:14.6050864Z 04adcb462801: Pull complete
2025-08-18T21:53:14.6175911Z 5c10925b29ff: Pull complete
2025-08-18T21:53:14.6226122Z Digest: sha256:bc51cf4f1fe02cce7ed2370b20128a9b00b4eb804573a77d2a0d877aaa9c82b1
2025-08-18T21:53:14.6241355Z Status: Downloaded newer image for postgres:15
2025-08-18T21:53:14.6254415Z docker.io/library/postgres:15
2025-08-18T21:53:14.6317450Z ##[command]/usr/bin/docker create --name bf6aa9ee84d642e1adcb2e52af1d9d5d_postgres15_65010d --label b5b3ec --network github_network_cb84223f255542e0987870bf34b2c761 --network-alias postgres -p 5432:5432 --health-cmd="pg_isready -U postgres -d awa" --health-interval=5s --health-timeout=5s --health-retries=10 -e "POSTGRES_USER=postgres" -e "POSTGRES_PASSWORD=pass" -e "POSTGRES_DB=awa" -e GITHUB_ACTIONS=true -e CI=true postgres:15
2025-08-18T21:53:14.6613274Z bf1caf27eabc8ec60a1b7524d53ab15ddbcd8239e826301a94ef76b169b548dd
2025-08-18T21:53:14.6636134Z ##[command]/usr/bin/docker start bf1caf27eabc8ec60a1b7524d53ab15ddbcd8239e826301a94ef76b169b548dd
2025-08-18T21:53:14.9680100Z bf1caf27eabc8ec60a1b7524d53ab15ddbcd8239e826301a94ef76b169b548dd
2025-08-18T21:53:14.9703599Z ##[command]/usr/bin/docker ps --all --filter id=bf1caf27eabc8ec60a1b7524d53ab15ddbcd8239e826301a94ef76b169b548dd --filter status=running --no-trunc --format "{{.ID}} {{.Status}}"
2025-08-18T21:53:14.9832494Z bf1caf27eabc8ec60a1b7524d53ab15ddbcd8239e826301a94ef76b169b548dd Up Less than a second (health: starting)
2025-08-18T21:53:14.9854691Z ##[command]/usr/bin/docker port bf1caf27eabc8ec60a1b7524d53ab15ddbcd8239e826301a94ef76b169b548dd
2025-08-18T21:53:14.9981681Z 5432/tcp -> 0.0.0.0:5432
2025-08-18T21:53:14.9982079Z 5432/tcp -> [::]:5432
2025-08-18T21:53:15.0040492Z ##[endgroup]
2025-08-18T21:53:15.0048970Z ##[group]Waiting for all services to be ready
2025-08-18T21:53:15.0061888Z ##[command]/usr/bin/docker inspect --format="{{if .Config.Healthcheck}}{{print .State.Health.Status}}{{end}}" bf1caf27eabc8ec60a1b7524d53ab15ddbcd8239e826301a94ef76b169b548dd
2025-08-18T21:53:15.0202333Z starting
2025-08-18T21:53:15.0224077Z postgres service is starting, waiting 2 seconds before checking again.
2025-08-18T21:53:17.0229561Z ##[command]/usr/bin/docker inspect --format="{{if .Config.Healthcheck}}{{print .State.Health.Status}}{{end}}" bf1caf27eabc8ec60a1b7524d53ab15ddbcd8239e826301a94ef76b169b548dd
2025-08-18T21:53:17.0348282Z starting
2025-08-18T21:53:17.0361806Z postgres service is starting, waiting 4 seconds before checking again.
2025-08-18T21:53:21.2292263Z ##[command]/usr/bin/docker inspect --format="{{if .Config.Healthcheck}}{{print .State.Health.Status}}{{end}}" bf1caf27eabc8ec60a1b7524d53ab15ddbcd8239e826301a94ef76b169b548dd
2025-08-18T21:53:21.2413360Z healthy
2025-08-18T21:53:21.2432592Z postgres service is healthy.
2025-08-18T21:53:21.2433422Z ##[endgroup]
2025-08-18T21:53:21.2666960Z ##[group]Run actions/checkout@v4
2025-08-18T21:53:21.2667492Z with:
2025-08-18T21:53:21.2667826Z   fetch-depth: 0
2025-08-18T21:53:21.2668035Z   repository: AlexBomber12/AWA-App
2025-08-18T21:53:21.2668408Z   token: ***
2025-08-18T21:53:21.2668587Z   ssh-strict: true
2025-08-18T21:53:21.2668772Z   ssh-user: git
2025-08-18T21:53:21.2668952Z   persist-credentials: true
2025-08-18T21:53:21.2669158Z   clean: true
2025-08-18T21:53:21.2669340Z   sparse-checkout-cone-mode: true
2025-08-18T21:53:21.2669566Z   fetch-tags: false
2025-08-18T21:53:21.2669739Z   show-progress: true
2025-08-18T21:53:21.2669917Z   lfs: false
2025-08-18T21:53:21.2670088Z   submodules: false
2025-08-18T21:53:21.2670270Z   set-safe-directory: true
2025-08-18T21:53:21.2670698Z ##[endgroup]
2025-08-18T21:53:21.3802090Z Syncing repository: AlexBomber12/AWA-App
2025-08-18T21:53:21.3803299Z ##[group]Getting Git version info
2025-08-18T21:53:21.3803649Z Working directory is '/home/runner/work/AWA-App/AWA-App'
2025-08-18T21:53:21.3804199Z [command]/usr/bin/git version
2025-08-18T21:53:21.4014237Z git version 2.50.1
2025-08-18T21:53:21.4041575Z ##[endgroup]
2025-08-18T21:53:21.4055374Z Temporarily overriding HOME='/home/runner/work/_temp/933a2189-c80b-4d4b-a12b-70ae4de95fb4' before making global git config changes
2025-08-18T21:53:21.4056199Z Adding repository directory to the temporary git global config as a safe directory
2025-08-18T21:53:21.4068200Z [command]/usr/bin/git config --global --add safe.directory /home/runner/work/AWA-App/AWA-App
2025-08-18T21:53:21.4110239Z Deleting the contents of '/home/runner/work/AWA-App/AWA-App'
2025-08-18T21:53:21.4113806Z ##[group]Initializing the repository
2025-08-18T21:53:21.4117782Z [command]/usr/bin/git init /home/runner/work/AWA-App/AWA-App
2025-08-18T21:53:21.4195492Z hint: Using 'master' as the name for the initial branch. This default branch name
2025-08-18T21:53:21.4196233Z hint: is subject to change. To configure the initial branch name to use in all
2025-08-18T21:53:21.4196737Z hint: of your new repositories, which will suppress this warning, call:
2025-08-18T21:53:21.4197082Z hint:
2025-08-18T21:53:21.4197359Z hint: 	git config --global init.defaultBranch <name>
2025-08-18T21:53:21.4197837Z hint:
2025-08-18T21:53:21.4198141Z hint: Names commonly chosen instead of 'master' are 'main', 'trunk' and
2025-08-18T21:53:21.4198619Z hint: 'development'. The just-created branch can be renamed via this command:
2025-08-18T21:53:21.4198979Z hint:
2025-08-18T21:53:21.4199167Z hint: 	git branch -m <name>
2025-08-18T21:53:21.4199396Z hint:
2025-08-18T21:53:21.4199710Z hint: Disable this message with "git config set advice.defaultBranchName false"
2025-08-18T21:53:21.4204103Z Initialized empty Git repository in /home/runner/work/AWA-App/AWA-App/.git/
2025-08-18T21:53:21.4214824Z [command]/usr/bin/git remote add origin https://github.com/AlexBomber12/AWA-App
2025-08-18T21:53:21.4249146Z ##[endgroup]
2025-08-18T21:53:21.4249633Z ##[group]Disabling automatic garbage collection
2025-08-18T21:53:21.4253153Z [command]/usr/bin/git config --local gc.auto 0
2025-08-18T21:53:21.4280134Z ##[endgroup]
2025-08-18T21:53:21.4280540Z ##[group]Setting up auth
2025-08-18T21:53:21.4287336Z [command]/usr/bin/git config --local --name-only --get-regexp core\.sshCommand
2025-08-18T21:53:21.4315300Z [command]/usr/bin/git submodule foreach --recursive sh -c "git config --local --name-only --get-regexp 'core\.sshCommand' && git config --local --unset-all 'core.sshCommand' || :"
2025-08-18T21:53:21.4660112Z [command]/usr/bin/git config --local --name-only --get-regexp http\.https\:\/\/github\.com\/\.extraheader
2025-08-18T21:53:21.4690883Z [command]/usr/bin/git submodule foreach --recursive sh -c "git config --local --name-only --get-regexp 'http\.https\:\/\/github\.com\/\.extraheader' && git config --local --unset-all 'http.https://github.com/.extraheader' || :"
2025-08-18T21:53:21.4905549Z [command]/usr/bin/git config --local http.https://github.com/.extraheader AUTHORIZATION: basic ***
2025-08-18T21:53:21.4940489Z ##[endgroup]
2025-08-18T21:53:21.4940965Z ##[group]Fetching the repository
2025-08-18T21:53:21.4957163Z [command]/usr/bin/git -c protocol.version=2 fetch --prune --no-recurse-submodules origin +refs/heads/*:refs/remotes/origin/* +refs/tags/*:refs/tags/*
2025-08-18T21:53:23.5889216Z From https://github.com/AlexBomber12/AWA-App
2025-08-18T21:53:23.5890331Z  * [new branch]      codex/analyze-ci-logs-and-implement-targeted-fixes -> origin/codex/analyze-ci-logs-and-implement-targeted-fixes
2025-08-18T21:53:23.5891711Z  * [new branch]      codex/fix-ci-workflow-failures-from-logs -> origin/codex/fix-ci-workflow-failures-from-logs
2025-08-18T21:53:23.5892829Z  * [new branch]      codex/fix-ci-workflows-based-on-logs -> origin/codex/fix-ci-workflows-based-on-logs
2025-08-18T21:53:23.5894010Z  * [new branch]      codex/fix-ci-workflows-based-on-logs-nflit3 -> origin/codex/fix-ci-workflows-based-on-logs-nflit3
2025-08-18T21:53:23.5895761Z  * [new branch]      codex/fix-ci-workflows-to-pass -> origin/codex/fix-ci-workflows-to-pass
2025-08-18T21:53:23.5897455Z  * [new branch]      gh-pages   -> origin/gh-pages
2025-08-18T21:53:23.5899749Z  * [new branch]      main       -> origin/main
2025-08-18T21:53:23.5901296Z  * [new tag]         0.3.0      -> 0.3.0
2025-08-18T21:53:23.5940293Z [command]/usr/bin/git branch --list --remote origin/main
2025-08-18T21:53:23.5963443Z   origin/main
2025-08-18T21:53:23.5972746Z [command]/usr/bin/git rev-parse refs/remotes/origin/main
2025-08-18T21:53:23.5992839Z 19ede68f7cc60cf9d2dab1b8e1fab5411f8d9c5b
2025-08-18T21:53:23.5997394Z ##[endgroup]
2025-08-18T21:53:23.5998228Z ##[group]Determining the checkout info
2025-08-18T21:53:23.5998926Z ##[endgroup]
2025-08-18T21:53:23.6003423Z [command]/usr/bin/git sparse-checkout disable
2025-08-18T21:53:23.6042200Z [command]/usr/bin/git config --local --unset-all extensions.worktreeConfig
2025-08-18T21:53:23.6068458Z ##[group]Checking out the ref
2025-08-18T21:53:23.6072387Z [command]/usr/bin/git checkout --progress --force -B main refs/remotes/origin/main
2025-08-18T21:53:23.6503640Z Switched to a new branch 'main'
2025-08-18T21:53:23.6504160Z branch 'main' set up to track 'origin/main'.
2025-08-18T21:53:23.6518065Z ##[endgroup]
2025-08-18T21:53:23.6566848Z [command]/usr/bin/git log -1 --format=%H
2025-08-18T21:53:23.6590012Z 19ede68f7cc60cf9d2dab1b8e1fab5411f8d9c5b
2025-08-18T21:53:23.6748314Z ##[group]Run cat .env.ci >> "$GITHUB_ENV"
2025-08-18T21:53:23.6748683Z [36;1mcat .env.ci >> "$GITHUB_ENV"[0m
2025-08-18T21:53:23.6749367Z [36;1mecho "DATABASE_URL=***localhost:5432/awa" >> "$GITHUB_ENV"[0m
2025-08-18T21:53:23.6749714Z [36;1mecho "PG_HOST=localhost" >> "$GITHUB_ENV"[0m
2025-08-18T21:53:23.6750016Z [36;1mecho "PG_PORT=5432" >> "$GITHUB_ENV"[0m
2025-08-18T21:53:23.6750282Z [36;1mecho "PG_USER=postgres" >> "$GITHUB_ENV"[0m
2025-08-18T21:53:23.6750568Z [36;1mecho "PG_PASSWORD=pass" >> "$GITHUB_ENV"[0m
2025-08-18T21:53:23.6750837Z [36;1mecho "PG_DATABASE=awa" >> "$GITHUB_ENV"[0m
2025-08-18T21:53:23.6794302Z shell: /usr/bin/bash -e {0}
2025-08-18T21:53:23.6794541Z ##[endgroup]
2025-08-18T21:53:23.6972379Z ##[group]Run actions/setup-python@v5
2025-08-18T21:53:23.6972649Z with:
2025-08-18T21:53:23.6972838Z   python-version: 3.11
2025-08-18T21:53:23.6973036Z   cache: pip
2025-08-18T21:53:23.6973253Z   cache-dependency-path: requirements-dev.txt

2025-08-18T21:53:23.6973531Z   check-latest: false
2025-08-18T21:53:23.6973833Z   token: ***
2025-08-18T21:53:23.6974025Z   update-environment: true
2025-08-18T21:53:23.6974242Z   allow-prereleases: false
2025-08-18T21:53:23.6974448Z   freethreaded: false
2025-08-18T21:53:23.6974634Z env:
2025-08-18T21:53:23.6974794Z   PG_USER: postgres
2025-08-18T21:53:23.6974994Z   PG_PASSWORD: pass
2025-08-18T21:53:23.6975175Z   PG_DATABASE: awa
2025-08-18T21:53:23.6975358Z   PG_HOST: localhost
2025-08-18T21:53:23.6975536Z   PG_PORT: 5432
2025-08-18T21:53:23.6975922Z   PG_SYNC_DSN: ***localhost:5432/awa
2025-08-18T21:53:23.6976322Z   PG_ASYNC_DSN: ***localhost:5432/awa
2025-08-18T21:53:23.6976707Z   DATABASE_URL: ***localhost:5432/awa
2025-08-18T21:53:23.6976965Z   DATA_DIR: /tmp/awa-data
2025-08-18T21:53:23.6977156Z   ENABLE_LIVE: 0
2025-08-18T21:53:23.6977324Z   TESTING: 1
2025-08-18T21:53:23.6977482Z ##[endgroup]
2025-08-18T21:53:23.8680050Z ##[group]Installed versions
2025-08-18T21:53:23.8831033Z Successfully set up CPython (3.11.13)
2025-08-18T21:53:23.8831727Z ##[endgroup]
2025-08-18T21:53:23.9267278Z [command]/opt/hostedtoolcache/Python/3.11.13/x64/bin/pip cache dir
2025-08-18T21:53:25.3918677Z /home/runner/.cache/pip
2025-08-18T21:53:25.6649277Z Cache hit for: setup-python-Linux-x64-24.04-Ubuntu-python-3.11.13-pip-5e718741e550cec7917fae13efe91a31293d04a98c3c0932315e8f58598cbd2c
2025-08-18T21:53:26.9816581Z Received 12582912 of 252792236 (5.0%), 12.0 MBs/sec
2025-08-18T21:53:28.0374672Z Received 134217728 of 252792236 (53.1%), 62.3 MBs/sec
2025-08-18T21:53:28.9390494Z Received 252792236 of 252792236 (100.0%), 81.5 MBs/sec
2025-08-18T21:53:28.9392611Z Cache Size: ~241 MB (252792236 B)
2025-08-18T21:53:28.9435923Z [command]/usr/bin/tar -xf /home/runner/work/_temp/1bd6a465-e86d-4296-b441-4bb56081b242/cache.tzst -P -C /home/runner/work/AWA-App/AWA-App --use-compress-program unzstd
2025-08-18T21:53:29.3488399Z Cache restored successfully
2025-08-18T21:53:29.3969125Z Cache restored from key: setup-python-Linux-x64-24.04-Ubuntu-python-3.11.13-pip-5e718741e550cec7917fae13efe91a31293d04a98c3c0932315e8f58598cbd2c
2025-08-18T21:53:29.4684785Z ##[group]Run actions/cache@v4
2025-08-18T21:53:29.4685041Z with:
2025-08-18T21:53:29.4685260Z   path: ~/.cache/pip
.pytest_cache
~/.ruff_cache

2025-08-18T21:53:29.4685680Z   key: Linux-int-5e718741e550cec7917fae13efe91a31293d04a98c3c0932315e8f58598cbd2c
2025-08-18T21:53:29.4686284Z   restore-keys: Linux-int-
2025-08-18T21:53:29.4686509Z   enableCrossOsArchive: false
2025-08-18T21:53:29.4686743Z   fail-on-cache-miss: false
2025-08-18T21:53:29.4686961Z   lookup-only: false
2025-08-18T21:53:29.4687154Z   save-always: false
2025-08-18T21:53:29.4687488Z env:
2025-08-18T21:53:29.4687890Z   PG_USER: postgres
2025-08-18T21:53:29.4688221Z   PG_PASSWORD: pass
2025-08-18T21:53:29.4688410Z   PG_DATABASE: awa
2025-08-18T21:53:29.4688594Z   PG_HOST: localhost
2025-08-18T21:53:29.4688785Z   PG_PORT: 5432
2025-08-18T21:53:29.4689266Z   PG_SYNC_DSN: ***localhost:5432/awa
2025-08-18T21:53:29.4689724Z   PG_ASYNC_DSN: ***localhost:5432/awa
2025-08-18T21:53:29.4690163Z   DATABASE_URL: ***localhost:5432/awa
2025-08-18T21:53:29.4690402Z   DATA_DIR: /tmp/awa-data
2025-08-18T21:53:29.4690605Z   ENABLE_LIVE: 0
2025-08-18T21:53:29.4690782Z   TESTING: 1
2025-08-18T21:53:29.4691022Z   pythonLocation: /opt/hostedtoolcache/Python/3.11.13/x64
2025-08-18T21:53:29.4691421Z   PKG_CONFIG_PATH: /opt/hostedtoolcache/Python/3.11.13/x64/lib/pkgconfig
2025-08-18T21:53:29.4691821Z   Python_ROOT_DIR: /opt/hostedtoolcache/Python/3.11.13/x64
2025-08-18T21:53:29.4692171Z   Python2_ROOT_DIR: /opt/hostedtoolcache/Python/3.11.13/x64
2025-08-18T21:53:29.4692515Z   Python3_ROOT_DIR: /opt/hostedtoolcache/Python/3.11.13/x64
2025-08-18T21:53:29.4692863Z   LD_LIBRARY_PATH: /opt/hostedtoolcache/Python/3.11.13/x64/lib
2025-08-18T21:53:29.4693162Z ##[endgroup]
2025-08-18T21:53:29.8303508Z Cache hit for: Linux-int-5e718741e550cec7917fae13efe91a31293d04a98c3c0932315e8f58598cbd2c
2025-08-18T21:53:31.1263090Z Received 20971520 of 252795134 (8.3%), 20.0 MBs/sec
2025-08-18T21:53:32.1265065Z Received 134217728 of 252795134 (53.1%), 64.0 MBs/sec
2025-08-18T21:53:33.1136007Z Received 252795134 of 252795134 (100.0%), 80.8 MBs/sec
2025-08-18T21:53:33.1136511Z Cache Size: ~241 MB (252795134 B)
2025-08-18T21:53:33.1190066Z [command]/usr/bin/tar -xf /home/runner/work/_temp/eacf49a3-34d8-4824-b944-3bd24ac59d8f/cache.tzst -P -C /home/runner/work/AWA-App/AWA-App --use-compress-program unzstd
2025-08-18T21:53:33.5825728Z Cache restored successfully
2025-08-18T21:53:33.6379001Z Cache restored from key: Linux-int-5e718741e550cec7917fae13efe91a31293d04a98c3c0932315e8f58598cbd2c
2025-08-18T21:53:33.6504085Z ##[group]Run pip install -r requirements-dev.txt
2025-08-18T21:53:33.6504743Z [36;1mpip install -r requirements-dev.txt[0m
2025-08-18T21:53:33.6505296Z [36;1mpip install keepa==1.3.15 minio==7.1.15[0m
2025-08-18T21:53:33.6566370Z shell: /usr/bin/bash -e {0}
2025-08-18T21:53:33.6566781Z env:
2025-08-18T21:53:33.6567100Z   PG_USER: postgres
2025-08-18T21:53:33.6567455Z   PG_PASSWORD: pass
2025-08-18T21:53:33.6567994Z   PG_DATABASE: awa
2025-08-18T21:53:33.6568361Z   PG_HOST: localhost
2025-08-18T21:53:33.6568713Z   PG_PORT: 5432
2025-08-18T21:53:33.6569677Z   PG_SYNC_DSN: ***localhost:5432/awa
2025-08-18T21:53:33.6570446Z   PG_ASYNC_DSN: ***localhost:5432/awa
2025-08-18T21:53:33.6571241Z   DATABASE_URL: ***localhost:5432/awa
2025-08-18T21:53:33.6571715Z   DATA_DIR: /tmp/awa-data
2025-08-18T21:53:33.6572091Z   ENABLE_LIVE: 0
2025-08-18T21:53:33.6572412Z   TESTING: 1
2025-08-18T21:53:33.6572852Z   pythonLocation: /opt/hostedtoolcache/Python/3.11.13/x64
2025-08-18T21:53:33.6573638Z   PKG_CONFIG_PATH: /opt/hostedtoolcache/Python/3.11.13/x64/lib/pkgconfig
2025-08-18T21:53:33.6574356Z   Python_ROOT_DIR: /opt/hostedtoolcache/Python/3.11.13/x64
2025-08-18T21:53:33.6574983Z   Python2_ROOT_DIR: /opt/hostedtoolcache/Python/3.11.13/x64
2025-08-18T21:53:33.6575637Z   Python3_ROOT_DIR: /opt/hostedtoolcache/Python/3.11.13/x64
2025-08-18T21:53:33.6576310Z   LD_LIBRARY_PATH: /opt/hostedtoolcache/Python/3.11.13/x64/lib
2025-08-18T21:53:33.6576838Z ##[endgroup]
2025-08-18T21:53:35.1941846Z Collecting Jinja2==3.1.6 (from -r requirements-dev.txt (line 2))
2025-08-18T21:53:35.1965754Z   Using cached jinja2-3.1.6-py3-none-any.whl.metadata (2.9 kB)
2025-08-18T21:53:35.2276146Z Collecting alembic==1.13.1 (from -r requirements-dev.txt (line 3))
2025-08-18T21:53:35.2292493Z   Using cached alembic-1.13.1-py3-none-any.whl.metadata (7.4 kB)
2025-08-18T21:53:35.2543511Z Collecting apscheduler==3.10.4 (from -r requirements-dev.txt (line 4))
2025-08-18T21:53:35.2558137Z   Using cached APScheduler-3.10.4-py3-none-any.whl.metadata (5.7 kB)
2025-08-18T21:53:35.2767974Z Collecting asgi-correlation-id==4.3.1 (from -r requirements-dev.txt (line 5))
2025-08-18T21:53:35.2782074Z   Using cached asgi_correlation_id-4.3.1-py3-none-any.whl.metadata (28 kB)
2025-08-18T21:53:35.3329852Z Collecting asyncpg==0.30.0 (from -r requirements-dev.txt (line 6))
2025-08-18T21:53:35.3343609Z   Using cached asyncpg-0.30.0-cp311-cp311-manylinux_2_17_x86_64.manylinux2014_x86_64.whl.metadata (5.0 kB)
2025-08-18T21:53:35.3820288Z Collecting black==25.1.0 (from -r requirements-dev.txt (line 7))
2025-08-18T21:53:35.3834106Z   Using cached black-25.1.0-cp311-cp311-manylinux_2_17_x86_64.manylinux2014_x86_64.manylinux_2_28_x86_64.whl.metadata (81 kB)
2025-08-18T21:53:35.7388975Z Collecting boto3 (from -r requirements-dev.txt (line 8))
2025-08-18T21:53:35.7933795Z   Downloading boto3-1.40.12-py3-none-any.whl.metadata (6.7 kB)
2025-08-18T21:53:35.8306794Z Collecting redis==5.* (from -r requirements-dev.txt (line 9))
2025-08-18T21:53:35.8320895Z   Using cached redis-5.3.1-py3-none-any.whl.metadata (9.2 kB)
2025-08-18T21:53:35.8682134Z Collecting minio==7.* (from -r requirements-dev.txt (line 10))
2025-08-18T21:53:35.8696297Z   Using cached minio-7.2.16-py3-none-any.whl.metadata (6.5 kB)
2025-08-18T21:53:35.9054109Z Collecting celery==5.4.0 (from -r requirements-dev.txt (line 11))
2025-08-18T21:53:35.9067938Z   Using cached celery-5.4.0-py3-none-any.whl.metadata (21 kB)
2025-08-18T21:53:35.9686903Z Collecting fastapi==0.116.1 (from -r requirements-dev.txt (line 12))
2025-08-18T21:53:35.9700510Z   Using cached fastapi-0.116.1-py3-none-any.whl.metadata (28 kB)
2025-08-18T21:53:35.9931946Z Collecting fastapi-limiter==0.1.6 (from -r requirements-dev.txt (line 14))
2025-08-18T21:53:35.9945174Z   Using cached fastapi_limiter-0.1.6-py3-none-any.whl.metadata (5.3 kB)
2025-08-18T21:53:36.0188800Z Collecting httpx<0.29,>=0.27 (from -r requirements-dev.txt (line 15))
2025-08-18T21:53:36.0202424Z   Using cached httpx-0.28.1-py3-none-any.whl.metadata (7.1 kB)
2025-08-18T21:53:36.0390606Z Collecting imapclient==3.0.1 (from -r requirements-dev.txt (line 16))
2025-08-18T21:53:36.0403535Z   Using cached IMAPClient-3.0.1-py2.py3-none-any.whl.metadata (1.7 kB)
2025-08-18T21:53:36.0565778Z Collecting itsdangerous (from -r requirements-dev.txt (line 17))
2025-08-18T21:53:36.0579657Z   Using cached itsdangerous-2.2.0-py3-none-any.whl.metadata (1.9 kB)
2025-08-18T21:53:36.1739816Z Collecting mypy==1.* (from -r requirements-dev.txt (line 18))
2025-08-18T21:53:36.1755942Z   Using cached mypy-1.17.1-cp311-cp311-manylinux2014_x86_64.manylinux_2_17_x86_64.manylinux_2_28_x86_64.whl.metadata (2.2 kB)
2025-08-18T21:53:36.1915974Z Collecting mypy-extensions==1.1.0 (from -r requirements-dev.txt (line 19))
2025-08-18T21:53:36.1929884Z   Using cached mypy_extensions-1.1.0-py3-none-any.whl.metadata (1.1 kB)
2025-08-18T21:53:36.3540907Z Collecting numpy<2 (from -r requirements-dev.txt (line 20))
2025-08-18T21:53:36.3556810Z   Using cached numpy-1.26.4-cp311-cp311-manylinux_2_17_x86_64.manylinux2014_x86_64.whl.metadata (61 kB)
2025-08-18T21:53:36.3868340Z Collecting openpyxl==3.1.5 (from -r requirements-dev.txt (line 21))
2025-08-18T21:53:36.3882511Z   Using cached openpyxl-3.1.5-py2.py3-none-any.whl.metadata (2.5 kB)
2025-08-18T21:53:36.4941461Z Collecting pandas==2.2.* (from -r requirements-dev.txt (line 22))
2025-08-18T21:53:36.4956617Z   Using cached pandas-2.2.3-cp311-cp311-manylinux_2_17_x86_64.manylinux2014_x86_64.whl.metadata (89 kB)
2025-08-18T21:53:36.5890200Z Collecting psycopg2-binary==2.9.9 (from -r requirements-dev.txt (line 23))
2025-08-18T21:53:36.5904499Z   Using cached psycopg2_binary-2.9.9-cp311-cp311-manylinux_2_17_x86_64.manylinux2014_x86_64.whl.metadata (4.4 kB)
2025-08-18T21:53:36.6120140Z Collecting psycopg==3.2.9 (from psycopg[binary]==3.2.9->-r requirements-dev.txt (line 24))
2025-08-18T21:53:36.6134177Z   Using cached psycopg-3.2.9-py3-none-any.whl.metadata (4.5 kB)
2025-08-18T21:53:36.7449974Z Collecting pydantic==2.11.7 (from -r requirements-dev.txt (line 25))
2025-08-18T21:53:36.7465114Z   Using cached pydantic-2.11.7-py3-none-any.whl.metadata (67 kB)
2025-08-18T21:53:36.7503098Z Requirement already satisfied: setuptools in /opt/hostedtoolcache/Python/3.11.13/x64/lib/python3.11/site-packages (from -r requirements-dev.txt (line 26)) (65.5.0)
2025-08-18T21:53:36.7811283Z Collecting pytest-asyncio==0.23.6 (from -r requirements-dev.txt (line 27))
2025-08-18T21:53:36.7824975Z   Using cached pytest_asyncio-0.23.6-py3-none-any.whl.metadata (3.9 kB)
2025-08-18T21:53:36.8023524Z Collecting pytest-cov==6.2.1 (from -r requirements-dev.txt (line 28))
2025-08-18T21:53:36.8036380Z   Using cached pytest_cov-6.2.1-py3-none-any.whl.metadata (30 kB)
2025-08-18T21:53:36.8255242Z Collecting pytest-postgresql==7.0.2 (from -r requirements-dev.txt (line 29))
2025-08-18T21:53:36.8268959Z   Using cached pytest_postgresql-7.0.2-py3-none-any.whl.metadata (18 kB)
2025-08-18T21:53:36.8491290Z Collecting python-dotenv (from -r requirements-dev.txt (line 30))
2025-08-18T21:53:36.8505063Z   Using cached python_dotenv-1.1.1-py3-none-any.whl.metadata (24 kB)
2025-08-18T21:53:36.8702332Z Collecting python-multipart (from -r requirements-dev.txt (line 31))
2025-08-18T21:53:36.8715885Z   Using cached python_multipart-0.0.20-py3-none-any.whl.metadata (1.8 kB)
2025-08-18T21:53:36.9069690Z Collecting python-telegram-bot==22.2 (from -r requirements-dev.txt (line 32))
2025-08-18T21:53:36.9083149Z   Using cached python_telegram_bot-22.2-py3-none-any.whl.metadata (17 kB)
2025-08-18T21:53:36.9489417Z Collecting requests==2.32.4 (from -r requirements-dev.txt (line 33))
2025-08-18T21:53:36.9503471Z   Using cached requests-2.32.4-py3-none-any.whl.metadata (4.9 kB)
2025-08-18T21:53:36.9713242Z Collecting respx==0.22.0 (from -r requirements-dev.txt (line 34))
2025-08-18T21:53:36.9726119Z   Using cached respx-0.22.0-py2.py3-none-any.whl.metadata (4.1 kB)
2025-08-18T21:53:37.3196521Z Collecting ruff==0.4.4 (from -r requirements-dev.txt (line 35))
2025-08-18T21:53:37.3212293Z   Using cached ruff-0.4.4-py3-none-manylinux_2_17_x86_64.manylinux2014_x86_64.whl.metadata (23 kB)
2025-08-18T21:53:37.5713658Z Collecting sqlalchemy==2.0.29 (from -r requirements-dev.txt (line 36))
2025-08-18T21:53:37.5729957Z   Using cached SQLAlchemy-2.0.29-cp311-cp311-manylinux_2_17_x86_64.manylinux2014_x86_64.whl.metadata (9.6 kB)
2025-08-18T21:53:37.5986971Z Collecting structlog==24.1.0 (from -r requirements-dev.txt (line 37))
2025-08-18T21:53:37.6032655Z   Using cached structlog-24.1.0-py3-none-any.whl.metadata (6.9 kB)
2025-08-18T21:53:37.6240057Z Collecting testcontainers==4.10.0 (from testcontainers[postgres]==4.10.0->-r requirements-dev.txt (line 38))
2025-08-18T21:53:37.6253587Z   Using cached testcontainers-4.10.0-py3-none-any.whl.metadata (7.8 kB)
2025-08-18T21:53:37.6630306Z Collecting types-requests==2.32.0.20240602 (from -r requirements-dev.txt (line 39))
2025-08-18T21:53:37.6644281Z   Using cached types_requests-2.32.0.20240602-py3-none-any.whl.metadata (1.8 kB)
2025-08-18T21:53:37.6905673Z Collecting docspec-python==2.2.2 (from -r requirements-dev.txt (line 40))
2025-08-18T21:53:37.6920117Z   Using cached docspec_python-2.2.2-py3-none-any.whl.metadata (1.0 kB)
2025-08-18T21:53:37.7139724Z Collecting pydoc-markdown==4.8.2 (from -r requirements-dev.txt (line 41))
2025-08-18T21:53:37.7153190Z   Using cached pydoc_markdown-4.8.2-py3-none-any.whl.metadata (5.9 kB)
2025-08-18T21:53:37.7480731Z Collecting pandera==0.19.* (from -r requirements-dev.txt (line 42))
2025-08-18T21:53:37.7494141Z   Using cached pandera-0.19.3-py3-none-any.whl.metadata (15 kB)
2025-08-18T21:53:37.8529400Z Collecting MarkupSafe>=2.0 (from Jinja2==3.1.6->-r requirements-dev.txt (line 2))
2025-08-18T21:53:37.8543961Z   Using cached MarkupSafe-3.0.2-cp311-cp311-manylinux_2_17_x86_64.manylinux2014_x86_64.whl.metadata (4.0 kB)
2025-08-18T21:53:37.8898642Z Collecting Mako (from alembic==1.13.1->-r requirements-dev.txt (line 3))
2025-08-18T21:53:37.8912174Z   Using cached mako-1.3.10-py3-none-any.whl.metadata (2.9 kB)
2025-08-18T21:53:37.9134668Z Collecting typing-extensions>=4 (from alembic==1.13.1->-r requirements-dev.txt (line 3))
2025-08-18T21:53:37.9148023Z   Using cached typing_extensions-4.14.1-py3-none-any.whl.metadata (3.0 kB)
2025-08-18T21:53:37.9340609Z Collecting six>=1.4.0 (from apscheduler==3.10.4->-r requirements-dev.txt (line 4))
2025-08-18T21:53:37.9353222Z   Using cached six-1.17.0-py2.py3-none-any.whl.metadata (1.7 kB)
2025-08-18T21:53:37.9811770Z Collecting pytz (from apscheduler==3.10.4->-r requirements-dev.txt (line 4))
2025-08-18T21:53:37.9825188Z   Using cached pytz-2025.2-py2.py3-none-any.whl.metadata (22 kB)
2025-08-18T21:53:38.0048708Z Collecting tzlocal!=3.*,>=2.0 (from apscheduler==3.10.4->-r requirements-dev.txt (line 4))
2025-08-18T21:53:38.0062279Z   Using cached tzlocal-5.3.1-py3-none-any.whl.metadata (7.6 kB)
2025-08-18T21:53:38.0409320Z Collecting starlette>=0.18 (from asgi-correlation-id==4.3.1->-r requirements-dev.txt (line 5))
2025-08-18T21:53:38.0423528Z   Using cached starlette-0.47.2-py3-none-any.whl.metadata (6.2 kB)
2025-08-18T21:53:38.0665166Z Collecting click>=8.0.0 (from black==25.1.0->-r requirements-dev.txt (line 7))
2025-08-18T21:53:38.0679259Z   Using cached click-8.2.1-py3-none-any.whl.metadata (2.5 kB)
2025-08-18T21:53:38.0886637Z Collecting packaging>=22.0 (from black==25.1.0->-r requirements-dev.txt (line 7))
2025-08-18T21:53:38.0900846Z   Using cached packaging-25.0-py3-none-any.whl.metadata (3.3 kB)
2025-08-18T21:53:38.1063269Z Collecting pathspec>=0.9.0 (from black==25.1.0->-r requirements-dev.txt (line 7))
2025-08-18T21:53:38.1076602Z   Using cached pathspec-0.12.1-py3-none-any.whl.metadata (21 kB)
2025-08-18T21:53:38.1317354Z Collecting platformdirs>=2 (from black==25.1.0->-r requirements-dev.txt (line 7))
2025-08-18T21:53:38.1331203Z   Using cached platformdirs-4.3.8-py3-none-any.whl.metadata (12 kB)
2025-08-18T21:53:38.1608016Z Collecting billiard<5.0,>=4.2.0 (from celery==5.4.0->-r requirements-dev.txt (line 11))
2025-08-18T21:53:38.1621467Z   Using cached billiard-4.2.1-py3-none-any.whl.metadata (4.4 kB)
2025-08-18T21:53:38.1955400Z Collecting kombu<6.0,>=5.3.4 (from celery==5.4.0->-r requirements-dev.txt (line 11))
2025-08-18T21:53:38.1968914Z   Using cached kombu-5.5.4-py3-none-any.whl.metadata (3.5 kB)
2025-08-18T21:53:38.2183196Z Collecting vine<6.0,>=5.1.0 (from celery==5.4.0->-r requirements-dev.txt (line 11))
2025-08-18T21:53:38.2196506Z   Using cached vine-5.1.0-py3-none-any.whl.metadata (2.7 kB)
2025-08-18T21:53:38.2419766Z Collecting click-didyoumean>=0.3.0 (from celery==5.4.0->-r requirements-dev.txt (line 11))
2025-08-18T21:53:38.2433857Z   Using cached click_didyoumean-0.3.1-py3-none-any.whl.metadata (3.9 kB)
2025-08-18T21:53:38.2613349Z Collecting click-repl>=0.2.0 (from celery==5.4.0->-r requirements-dev.txt (line 11))
2025-08-18T21:53:38.2626634Z   Using cached click_repl-0.3.0-py3-none-any.whl.metadata (3.6 kB)
2025-08-18T21:53:38.2783440Z Collecting click-plugins>=1.1.1 (from celery==5.4.0->-r requirements-dev.txt (line 11))
2025-08-18T21:53:38.2797085Z   Using cached click_plugins-1.1.1.2-py2.py3-none-any.whl.metadata (6.5 kB)
2025-08-18T21:53:38.2981652Z Collecting tzdata>=2022.7 (from celery==5.4.0->-r requirements-dev.txt (line 11))
2025-08-18T21:53:38.2995495Z   Using cached tzdata-2025.2-py2.py3-none-any.whl.metadata (1.4 kB)
2025-08-18T21:53:38.3164944Z Collecting python-dateutil>=2.8.2 (from celery==5.4.0->-r requirements-dev.txt (line 11))
2025-08-18T21:53:38.3178909Z   Using cached python_dateutil-2.9.0.post0-py2.py3-none-any.whl.metadata (8.4 kB)
2025-08-18T21:53:38.3808547Z Collecting annotated-types>=0.6.0 (from pydantic==2.11.7->-r requirements-dev.txt (line 25))
2025-08-18T21:53:38.3822184Z   Using cached annotated_types-0.7.0-py3-none-any.whl.metadata (15 kB)
2025-08-18T21:53:39.0338709Z Collecting pydantic-core==2.33.2 (from pydantic==2.11.7->-r requirements-dev.txt (line 25))
2025-08-18T21:53:39.0354781Z   Using cached pydantic_core-2.33.2-cp311-cp311-manylinux_2_17_x86_64.manylinux2014_x86_64.whl.metadata (6.8 kB)
2025-08-18T21:53:39.0545168Z Collecting typing-inspection>=0.4.0 (from pydantic==2.11.7->-r requirements-dev.txt (line 25))
2025-08-18T21:53:39.0558474Z   Using cached typing_inspection-0.4.1-py3-none-any.whl.metadata (2.6 kB)
2025-08-18T21:53:39.0876924Z Collecting et-xmlfile (from openpyxl==3.1.5->-r requirements-dev.txt (line 21))
2025-08-18T21:53:39.0889957Z   Using cached et_xmlfile-2.0.0-py3-none-any.whl.metadata (2.7 kB)
2025-08-18T21:53:39.1358810Z Collecting pytest<9,>=7.0.0 (from pytest-asyncio==0.23.6->-r requirements-dev.txt (line 27))
2025-08-18T21:53:39.1371603Z   Using cached pytest-8.4.1-py3-none-any.whl.metadata (7.7 kB)
2025-08-18T21:53:39.5207553Z Collecting coverage>=7.5 (from coverage[toml]>=7.5->pytest-cov==6.2.1->-r requirements-dev.txt (line 28))
2025-08-18T21:53:39.5222312Z   Using cached coverage-7.10.4-cp311-cp311-manylinux1_x86_64.manylinux_2_28_x86_64.manylinux_2_5_x86_64.whl.metadata (8.9 kB)
2025-08-18T21:53:39.5401073Z Collecting pluggy>=1.2 (from pytest-cov==6.2.1->-r requirements-dev.txt (line 28))
2025-08-18T21:53:39.5414031Z   Using cached pluggy-1.6.0-py3-none-any.whl.metadata (4.8 kB)
2025-08-18T21:53:39.5713356Z Collecting port-for>=0.7.3 (from pytest-postgresql==7.0.2->-r requirements-dev.txt (line 29))
2025-08-18T21:53:39.5726162Z   Using cached port_for-0.7.4-py3-none-any.whl.metadata (7.1 kB)
2025-08-18T21:53:39.5923821Z Collecting mirakuru>=2.6.0 (from pytest-postgresql==7.0.2->-r requirements-dev.txt (line 29))
2025-08-18T21:53:39.5937921Z   Using cached mirakuru-2.6.1-py3-none-any.whl.metadata (10 kB)
2025-08-18T21:53:39.6806780Z Collecting charset_normalizer<4,>=2 (from requests==2.32.4->-r requirements-dev.txt (line 33))
2025-08-18T21:53:39.6822874Z   Using cached charset_normalizer-3.4.3-cp311-cp311-manylinux2014_x86_64.manylinux_2_17_x86_64.manylinux_2_28_x86_64.whl.metadata (36 kB)
2025-08-18T21:53:39.7028375Z Collecting idna<4,>=2.5 (from requests==2.32.4->-r requirements-dev.txt (line 33))
2025-08-18T21:53:39.7042167Z   Using cached idna-3.10-py3-none-any.whl.metadata (10 kB)
2025-08-18T21:53:39.7405819Z Collecting urllib3<3,>=1.21.1 (from requests==2.32.4->-r requirements-dev.txt (line 33))
2025-08-18T21:53:39.7419373Z   Using cached urllib3-2.5.0-py3-none-any.whl.metadata (6.5 kB)
2025-08-18T21:53:39.7670719Z Collecting certifi>=2017.4.17 (from requests==2.32.4->-r requirements-dev.txt (line 33))
2025-08-18T21:53:39.7684178Z   Using cached certifi-2025.8.3-py3-none-any.whl.metadata (2.4 kB)
2025-08-18T21:53:39.8993018Z Collecting greenlet!=0.4.17 (from sqlalchemy==2.0.29->-r requirements-dev.txt (line 36))
2025-08-18T21:53:39.9008555Z   Using cached greenlet-3.2.4-cp311-cp311-manylinux_2_24_x86_64.manylinux_2_28_x86_64.whl.metadata (4.1 kB)
2025-08-18T21:53:39.9292132Z Collecting docker (from testcontainers==4.10.0->testcontainers[postgres]==4.10.0->-r requirements-dev.txt (line 38))
2025-08-18T21:53:39.9305077Z   Using cached docker-7.1.0-py3-none-any.whl.metadata (3.8 kB)
2025-08-18T21:53:40.0281865Z Collecting wrapt (from testcontainers==4.10.0->testcontainers[postgres]==4.10.0->-r requirements-dev.txt (line 38))
2025-08-18T21:53:40.0297223Z   Using cached wrapt-1.17.3-cp311-cp311-manylinux1_x86_64.manylinux_2_28_x86_64.manylinux_2_5_x86_64.whl.metadata (6.4 kB)
2025-08-18T21:53:40.0590042Z Collecting docspec==2.2.1 (from docspec-python==2.2.2->-r requirements-dev.txt (line 40))
2025-08-18T21:53:40.0603793Z   Using cached docspec-2.2.1-py3-none-any.whl.metadata (1.5 kB)
2025-08-18T21:53:40.0804727Z Collecting nr-util>=0.8.12 (from docspec-python==2.2.2->-r requirements-dev.txt (line 40))
2025-08-18T21:53:40.0818217Z   Using cached nr.util-0.8.12-py3-none-any.whl.metadata (813 bytes)
2025-08-18T21:53:40.1196191Z Collecting PyYAML<7.0,>=5.0 (from pydoc-markdown==4.8.2->-r requirements-dev.txt (line 41))
2025-08-18T21:53:40.1210406Z   Using cached PyYAML-6.0.2-cp311-cp311-manylinux_2_17_x86_64.manylinux2014_x86_64.whl.metadata (2.1 kB)
2025-08-18T21:53:40.1535048Z Collecting databind.core<5.0.0,>=4.4.0 (from pydoc-markdown==4.8.2->-r requirements-dev.txt (line 41))
2025-08-18T21:53:40.1548448Z   Using cached databind.core-4.5.2-py3-none-any.whl.metadata (1.1 kB)
2025-08-18T21:53:40.1813781Z Collecting databind.json<5.0.0,>=4.4.0 (from pydoc-markdown==4.8.2->-r requirements-dev.txt (line 41))
2025-08-18T21:53:40.1827302Z   Using cached databind.json-4.5.2-py3-none-any.whl.metadata (1.1 kB)
2025-08-18T21:53:40.2025783Z Collecting docstring-parser<0.12,>=0.11 (from pydoc-markdown==4.8.2->-r requirements-dev.txt (line 41))
2025-08-18T21:53:40.2026881Z   Using cached docstring_parser-0.11-py3-none-any.whl
2025-08-18T21:53:40.2521216Z Collecting tomli<3.0.0,>=2.0.0 (from pydoc-markdown==4.8.2->-r requirements-dev.txt (line 41))
2025-08-18T21:53:40.2538500Z   Using cached tomli-2.2.1-cp311-cp311-manylinux_2_17_x86_64.manylinux2014_x86_64.whl.metadata (11 kB)
2025-08-18T21:53:40.2703624Z Collecting tomli_w<2.0.0,>=1.0.0 (from pydoc-markdown==4.8.2->-r requirements-dev.txt (line 41))
2025-08-18T21:53:40.2717465Z   Using cached tomli_w-1.2.0-py3-none-any.whl.metadata (5.7 kB)
2025-08-18T21:53:40.3292449Z Collecting watchdog (from pydoc-markdown==4.8.2->-r requirements-dev.txt (line 41))
2025-08-18T21:53:40.3306856Z   Using cached watchdog-6.0.0-py3-none-manylinux2014_x86_64.whl.metadata (44 kB)
2025-08-18T21:53:40.3561952Z Collecting yapf>=0.30.0 (from pydoc-markdown==4.8.2->-r requirements-dev.txt (line 41))
2025-08-18T21:53:40.3574810Z   Using cached yapf-0.43.0-py3-none-any.whl.metadata (46 kB)
2025-08-18T21:53:40.3805077Z Collecting Deprecated<2.0.0,>=1.2.12 (from docspec==2.2.1->docspec-python==2.2.2->-r requirements-dev.txt (line 40))
2025-08-18T21:53:40.3818201Z   Using cached Deprecated-1.2.18-py2.py3-none-any.whl.metadata (5.7 kB)
2025-08-18T21:53:40.5303455Z Collecting psycopg-binary==3.2.9 (from psycopg[binary]==3.2.9->-r requirements-dev.txt (line 24))
2025-08-18T21:53:40.5318333Z   Using cached psycopg_binary-3.2.9-cp311-cp311-manylinux_2_17_x86_64.manylinux2014_x86_64.whl.metadata (2.9 kB)
2025-08-18T21:53:40.5622014Z Collecting PyJWT>=2.9.0 (from redis==5.*->-r requirements-dev.txt (line 9))
2025-08-18T21:53:40.5635036Z   Using cached PyJWT-2.10.1-py3-none-any.whl.metadata (4.0 kB)
2025-08-18T21:53:40.5902186Z Collecting argon2-cffi (from minio==7.*->-r requirements-dev.txt (line 10))
2025-08-18T21:53:40.5914905Z   Using cached argon2_cffi-25.1.0-py3-none-any.whl.metadata (4.1 kB)
2025-08-18T21:53:40.6729270Z Collecting pycryptodome (from minio==7.*->-r requirements-dev.txt (line 10))
2025-08-18T21:53:40.6743603Z   Using cached pycryptodome-3.23.0-cp37-abi3-manylinux_2_17_x86_64.manylinux2014_x86_64.whl.metadata (3.4 kB)
2025-08-18T21:53:40.6992924Z Collecting anyio (from httpx<0.29,>=0.27->-r requirements-dev.txt (line 15))
2025-08-18T21:53:40.7005906Z   Using cached anyio-4.10.0-py3-none-any.whl.metadata (4.0 kB)
2025-08-18T21:53:40.8176901Z Collecting httpcore==1.* (from httpx<0.29,>=0.27->-r requirements-dev.txt (line 15))
2025-08-18T21:53:40.8192119Z   Using cached httpcore-1.0.9-py3-none-any.whl.metadata (21 kB)
2025-08-18T21:53:40.8590330Z Collecting multimethod<=1.10.0 (from pandera==0.19.*->-r requirements-dev.txt (line 42))
2025-08-18T21:53:40.8603719Z   Using cached multimethod-1.10-py3-none-any.whl.metadata (8.2 kB)
2025-08-18T21:53:40.9032235Z Collecting typeguard (from pandera==0.19.*->-r requirements-dev.txt (line 42))
2025-08-18T21:53:40.9045704Z   Using cached typeguard-4.4.4-py3-none-any.whl.metadata (3.3 kB)
2025-08-18T21:53:40.9219451Z Collecting typing-inspect>=0.6.0 (from pandera==0.19.*->-r requirements-dev.txt (line 42))
2025-08-18T21:53:40.9232245Z   Using cached typing_inspect-0.9.0-py3-none-any.whl.metadata (1.5 kB)
2025-08-18T21:53:40.9593479Z Collecting databind<5.0.0,>=4.5.2 (from databind.core<5.0.0,>=4.4.0->pydoc-markdown==4.8.2->-r requirements-dev.txt (line 41))
2025-08-18T21:53:40.9606522Z   Using cached databind-4.5.2-py3-none-any.whl.metadata (4.3 kB)
2025-08-18T21:53:40.9786196Z Collecting nr-date<3.0.0,>=2.0.0 (from databind<5.0.0,>=4.5.2->databind.core<5.0.0,>=4.4.0->pydoc-markdown==4.8.2->-r requirements-dev.txt (line 41))
2025-08-18T21:53:40.9799007Z   Using cached nr_date-2.1.0-py3-none-any.whl.metadata (746 bytes)
2025-08-18T21:53:40.9987414Z Collecting nr-stream<2.0.0,>=1.0.0 (from databind<5.0.0,>=4.5.2->databind.core<5.0.0,>=4.4.0->pydoc-markdown==4.8.2->-r requirements-dev.txt (line 41))
2025-08-18T21:53:41.0000283Z   Using cached nr_stream-1.1.5-py3-none-any.whl.metadata (3.6 kB)
2025-08-18T21:53:41.0208480Z Collecting typeapi<3,>=2.0.1 (from databind<5.0.0,>=4.5.2->databind.core<5.0.0,>=4.4.0->pydoc-markdown==4.8.2->-r requirements-dev.txt (line 41))
2025-08-18T21:53:41.0221153Z   Using cached typeapi-2.2.4-py3-none-any.whl.metadata (1.5 kB)
2025-08-18T21:53:41.0612605Z Collecting h11>=0.16 (from httpcore==1.*->httpx<0.29,>=0.27->-r requirements-dev.txt (line 15))
2025-08-18T21:53:41.0625845Z   Using cached h11-0.16.0-py3-none-any.whl.metadata (8.3 kB)
2025-08-18T21:53:41.0926683Z Collecting amqp<6.0.0,>=5.1.1 (from kombu<6.0,>=5.3.4->celery==5.4.0->-r requirements-dev.txt (line 11))
2025-08-18T21:53:41.0939546Z   Using cached amqp-5.3.1-py3-none-any.whl.metadata (8.9 kB)
2025-08-18T21:53:41.1335752Z Collecting iniconfig>=1 (from pytest<9,>=7.0.0->pytest-asyncio==0.23.6->-r requirements-dev.txt (line 27))
2025-08-18T21:53:41.1348662Z   Using cached iniconfig-2.1.0-py3-none-any.whl.metadata (2.7 kB)
2025-08-18T21:53:41.1607976Z Collecting pygments>=2.7.2 (from pytest<9,>=7.0.0->pytest-asyncio==0.23.6->-r requirements-dev.txt (line 27))
2025-08-18T21:53:41.1620500Z   Using cached pygments-2.19.2-py3-none-any.whl.metadata (2.5 kB)
2025-08-18T21:53:41.1990074Z Collecting sniffio>=1.1 (from anyio->httpx<0.29,>=0.27->-r requirements-dev.txt (line 15))
2025-08-18T21:53:41.2003267Z   Using cached sniffio-1.3.1-py3-none-any.whl.metadata (3.9 kB)
2025-08-18T21:53:41.5570028Z Collecting botocore<1.41.0,>=1.40.12 (from boto3->-r requirements-dev.txt (line 8))
2025-08-18T21:53:41.5676828Z   Downloading botocore-1.40.12-py3-none-any.whl.metadata (5.7 kB)
2025-08-18T21:53:41.5874687Z Collecting jmespath<2.0.0,>=0.7.1 (from boto3->-r requirements-dev.txt (line 8))
2025-08-18T21:53:41.5888277Z   Using cached jmespath-1.0.1-py3-none-any.whl.metadata (7.6 kB)
2025-08-18T21:53:41.6110731Z Collecting s3transfer<0.14.0,>=0.13.0 (from boto3->-r requirements-dev.txt (line 8))
2025-08-18T21:53:41.6124277Z   Using cached s3transfer-0.13.1-py3-none-any.whl.metadata (1.7 kB)
2025-08-18T21:53:41.7543131Z Collecting fastapi-cli>=0.0.8 (from fastapi-cli[standard]>=0.0.8; extra == "all"->fastapi[all]->-r requirements-dev.txt (line 13))
2025-08-18T21:53:41.7556599Z   Using cached fastapi_cli-0.0.8-py3-none-any.whl.metadata (6.3 kB)
2025-08-18T21:53:41.8345893Z Collecting ujson!=4.0.2,!=4.1.0,!=4.2.0,!=4.3.0,!=5.0.0,!=5.1.0,>=4.0.1 (from fastapi[all]->-r requirements-dev.txt (line 13))
2025-08-18T21:53:41.8360701Z   Using cached ujson-5.10.0-cp311-cp311-manylinux_2_17_x86_64.manylinux2014_x86_64.whl.metadata (9.3 kB)
2025-08-18T21:53:42.0665396Z Collecting orjson>=3.2.1 (from fastapi[all]->-r requirements-dev.txt (line 13))
2025-08-18T21:53:42.0680750Z   Using cached orjson-3.11.2-cp311-cp311-manylinux_2_17_x86_64.manylinux2014_x86_64.whl.metadata (1.2 kB)
2025-08-18T21:53:42.0875338Z Collecting email-validator>=2.0.0 (from fastapi[all]->-r requirements-dev.txt (line 13))
2025-08-18T21:53:42.0888606Z   Using cached email_validator-2.2.0-py3-none-any.whl.metadata (25 kB)
2025-08-18T21:53:42.1213807Z Collecting uvicorn>=0.12.0 (from uvicorn[standard]>=0.12.0; extra == "all"->fastapi[all]->-r requirements-dev.txt (line 13))
2025-08-18T21:53:42.1227517Z   Using cached uvicorn-0.35.0-py3-none-any.whl.metadata (6.5 kB)
2025-08-18T21:53:42.1471914Z Collecting pydantic-settings>=2.0.0 (from fastapi[all]->-r requirements-dev.txt (line 13))
2025-08-18T21:53:42.1485421Z   Using cached pydantic_settings-2.10.1-py3-none-any.whl.metadata (3.4 kB)
2025-08-18T21:53:42.1674551Z Collecting pydantic-extra-types>=2.0.0 (from fastapi[all]->-r requirements-dev.txt (line 13))
2025-08-18T21:53:42.1688873Z   Using cached pydantic_extra_types-2.10.5-py3-none-any.whl.metadata (3.9 kB)
2025-08-18T21:53:42.2414070Z Collecting prompt-toolkit>=3.0.36 (from click-repl>=0.2.0->celery==5.4.0->-r requirements-dev.txt (line 11))
2025-08-18T21:53:42.2427980Z   Using cached prompt_toolkit-3.0.51-py3-none-any.whl.metadata (6.4 kB)
2025-08-18T21:53:42.2666648Z Collecting dnspython>=2.0.0 (from email-validator>=2.0.0->fastapi[all]->-r requirements-dev.txt (line 13))
2025-08-18T21:53:42.2680596Z   Using cached dnspython-2.7.0-py3-none-any.whl.metadata (5.8 kB)
2025-08-18T21:53:42.3094379Z Collecting typer>=0.15.1 (from fastapi-cli>=0.0.8->fastapi-cli[standard]>=0.0.8; extra == "all"->fastapi[all]->-r requirements-dev.txt (line 13))
2025-08-18T21:53:42.3195829Z   Downloading typer-0.16.1-py3-none-any.whl.metadata (15 kB)
2025-08-18T21:53:42.3537602Z Collecting rich-toolkit>=0.14.8 (from fastapi-cli>=0.0.8->fastapi-cli[standard]>=0.0.8; extra == "all"->fastapi[all]->-r requirements-dev.txt (line 13))
2025-08-18T21:53:42.3551240Z   Using cached rich_toolkit-0.15.0-py3-none-any.whl.metadata (1.0 kB)
2025-08-18T21:53:42.3731896Z Collecting fastapi-cloud-cli>=0.1.1 (from fastapi-cli[standard]>=0.0.8; extra == "all"->fastapi[all]->-r requirements-dev.txt (line 13))
2025-08-18T21:53:42.3745365Z   Using cached fastapi_cloud_cli-0.1.5-py3-none-any.whl.metadata (3.2 kB)
2025-08-18T21:53:42.4523517Z Collecting rignore>=0.5.1 (from fastapi-cloud-cli>=0.1.1->fastapi-cli[standard]>=0.0.8; extra == "all"->fastapi[all]->-r requirements-dev.txt (line 13))
2025-08-18T21:53:42.4539462Z   Using cached rignore-0.6.4-cp311-cp311-manylinux_2_17_x86_64.manylinux2014_x86_64.whl.metadata (3.8 kB)
2025-08-18T21:53:42.6496937Z Collecting sentry-sdk>=2.20.0 (from fastapi-cloud-cli>=0.1.1->fastapi-cli[standard]>=0.0.8; extra == "all"->fastapi[all]->-r requirements-dev.txt (line 13))
2025-08-18T21:53:42.6512836Z   Using cached sentry_sdk-2.35.0-py2.py3-none-any.whl.metadata (10 kB)
2025-08-18T21:53:42.7434269Z Collecting psutil>=4.0.0 (from mirakuru>=2.6.0->pytest-postgresql==7.0.2->-r requirements-dev.txt (line 29))
2025-08-18T21:53:42.7449929Z   Using cached psutil-7.0.0-cp36-abi3-manylinux_2_12_x86_64.manylinux2010_x86_64.manylinux_2_17_x86_64.manylinux2014_x86_64.whl.metadata (22 kB)
2025-08-18T21:53:42.7799073Z Collecting wcwidth (from prompt-toolkit>=3.0.36->click-repl>=0.2.0->celery==5.4.0->-r requirements-dev.txt (line 11))
2025-08-18T21:53:42.7812718Z   Using cached wcwidth-0.2.13-py2.py3-none-any.whl.metadata (14 kB)
2025-08-18T21:53:42.8936752Z Collecting rich>=13.7.1 (from rich-toolkit>=0.14.8->fastapi-cli>=0.0.8->fastapi-cli[standard]>=0.0.8; extra == "all"->fastapi[all]->-r requirements-dev.txt (line 13))
2025-08-18T21:53:42.8950429Z   Using cached rich-14.1.0-py3-none-any.whl.metadata (18 kB)
2025-08-18T21:53:42.9183772Z Collecting markdown-it-py>=2.2.0 (from rich>=13.7.1->rich-toolkit>=0.14.8->fastapi-cli>=0.0.8->fastapi-cli[standard]>=0.0.8; extra == "all"->fastapi[all]->-r requirements-dev.txt (line 13))
2025-08-18T21:53:42.9196805Z   Using cached markdown_it_py-4.0.0-py3-none-any.whl.metadata (7.3 kB)
2025-08-18T21:53:42.9458898Z Collecting mdurl~=0.1 (from markdown-it-py>=2.2.0->rich>=13.7.1->rich-toolkit>=0.14.8->fastapi-cli>=0.0.8->fastapi-cli[standard]>=0.0.8; extra == "all"->fastapi[all]->-r requirements-dev.txt (line 13))
2025-08-18T21:53:42.9471668Z   Using cached mdurl-0.1.2-py3-none-any.whl.metadata (1.6 kB)
2025-08-18T21:53:43.0024755Z Collecting shellingham>=1.3.0 (from typer>=0.15.1->fastapi-cli>=0.0.8->fastapi-cli[standard]>=0.0.8; extra == "all"->fastapi[all]->-r requirements-dev.txt (line 13))
2025-08-18T21:53:43.0038054Z   Using cached shellingham-1.5.4-py2.py3-none-any.whl.metadata (3.5 kB)
2025-08-18T21:53:43.0830961Z Collecting httptools>=0.6.3 (from uvicorn[standard]>=0.12.0; extra == "all"->fastapi[all]->-r requirements-dev.txt (line 13))
2025-08-18T21:53:43.0844638Z   Using cached httptools-0.6.4-cp311-cp311-manylinux_2_5_x86_64.manylinux1_x86_64.manylinux_2_17_x86_64.manylinux2014_x86_64.whl.metadata (3.6 kB)
2025-08-18T21:53:43.1294361Z Collecting uvloop>=0.15.1 (from uvicorn[standard]>=0.12.0; extra == "all"->fastapi[all]->-r requirements-dev.txt (line 13))
2025-08-18T21:53:43.1308073Z   Using cached uvloop-0.21.0-cp311-cp311-manylinux_2_17_x86_64.manylinux2014_x86_64.whl.metadata (4.9 kB)
2025-08-18T21:53:43.2058669Z Collecting watchfiles>=0.13 (from uvicorn[standard]>=0.12.0; extra == "all"->fastapi[all]->-r requirements-dev.txt (line 13))
2025-08-18T21:53:43.2072816Z   Using cached watchfiles-1.1.0-cp311-cp311-manylinux_2_17_x86_64.manylinux2014_x86_64.whl.metadata (4.9 kB)
2025-08-18T21:53:43.2954623Z Collecting websockets>=10.4 (from uvicorn[standard]>=0.12.0; extra == "all"->fastapi[all]->-r requirements-dev.txt (line 13))
2025-08-18T21:53:43.2970436Z   Using cached websockets-15.0.1-cp311-cp311-manylinux_2_5_x86_64.manylinux1_x86_64.manylinux_2_17_x86_64.manylinux2014_x86_64.whl.metadata (6.8 kB)
2025-08-18T21:53:43.3442436Z Collecting argon2-cffi-bindings (from argon2-cffi->minio==7.*->-r requirements-dev.txt (line 10))
2025-08-18T21:53:43.3456120Z   Using cached argon2_cffi_bindings-25.1.0-cp39-abi3-manylinux_2_26_x86_64.manylinux_2_28_x86_64.whl.metadata (7.4 kB)
2025-08-18T21:53:43.4471679Z Collecting cffi>=1.0.1 (from argon2-cffi-bindings->argon2-cffi->minio==7.*->-r requirements-dev.txt (line 10))
2025-08-18T21:53:43.4486620Z   Using cached cffi-1.17.1-cp311-cp311-manylinux_2_17_x86_64.manylinux2014_x86_64.whl.metadata (1.5 kB)
2025-08-18T21:53:43.4669172Z Collecting pycparser (from cffi>=1.0.1->argon2-cffi-bindings->argon2-cffi->minio==7.*->-r requirements-dev.txt (line 10))
2025-08-18T21:53:43.4683503Z   Using cached pycparser-2.22-py3-none-any.whl.metadata (943 bytes)
2025-08-18T21:53:43.5260496Z Using cached jinja2-3.1.6-py3-none-any.whl (134 kB)
2025-08-18T21:53:43.5274819Z Using cached alembic-1.13.1-py3-none-any.whl (233 kB)
2025-08-18T21:53:43.5289599Z Using cached APScheduler-3.10.4-py3-none-any.whl (59 kB)
2025-08-18T21:53:43.5303041Z Using cached asgi_correlation_id-4.3.1-py3-none-any.whl (15 kB)
2025-08-18T21:53:43.5316333Z Using cached asyncpg-0.30.0-cp311-cp311-manylinux_2_17_x86_64.manylinux2014_x86_64.whl (3.1 MB)
2025-08-18T21:53:43.5353578Z Using cached black-25.1.0-cp311-cp311-manylinux_2_17_x86_64.manylinux2014_x86_64.manylinux_2_28_x86_64.whl (1.7 MB)
2025-08-18T21:53:43.5379397Z Using cached celery-5.4.0-py3-none-any.whl (425 kB)
2025-08-18T21:53:43.5395113Z Using cached fastapi-0.116.1-py3-none-any.whl (95 kB)
2025-08-18T21:53:43.5408591Z Using cached pydantic-2.11.7-py3-none-any.whl (444 kB)
2025-08-18T21:53:43.5424410Z Using cached fastapi_limiter-0.1.6-py3-none-any.whl (15 kB)
2025-08-18T21:53:43.5437045Z Using cached IMAPClient-3.0.1-py2.py3-none-any.whl (182 kB)
2025-08-18T21:53:43.5451341Z Using cached mypy_extensions-1.1.0-py3-none-any.whl (5.0 kB)
2025-08-18T21:53:43.5464094Z Using cached openpyxl-3.1.5-py2.py3-none-any.whl (250 kB)
2025-08-18T21:53:43.5478726Z Using cached psycopg2_binary-2.9.9-cp311-cp311-manylinux_2_17_x86_64.manylinux2014_x86_64.whl (3.0 MB)
2025-08-18T21:53:43.5513306Z Using cached psycopg-3.2.9-py3-none-any.whl (202 kB)
2025-08-18T21:53:43.5527363Z Using cached pytest_asyncio-0.23.6-py3-none-any.whl (17 kB)
2025-08-18T21:53:43.5540211Z Using cached pytest_cov-6.2.1-py3-none-any.whl (24 kB)
2025-08-18T21:53:43.5553228Z Using cached pytest_postgresql-7.0.2-py3-none-any.whl (41 kB)
2025-08-18T21:53:43.5566138Z Using cached python_telegram_bot-22.2-py3-none-any.whl (708 kB)
2025-08-18T21:53:43.5584101Z Using cached requests-2.32.4-py3-none-any.whl (64 kB)
2025-08-18T21:53:43.5597035Z Using cached respx-0.22.0-py2.py3-none-any.whl (25 kB)
2025-08-18T21:53:43.5610410Z Using cached ruff-0.4.4-py3-none-manylinux_2_17_x86_64.manylinux2014_x86_64.whl (8.7 MB)
2025-08-18T21:53:43.5685254Z Using cached SQLAlchemy-2.0.29-cp311-cp311-manylinux_2_17_x86_64.manylinux2014_x86_64.whl (3.2 MB)
2025-08-18T21:53:43.5721080Z Using cached structlog-24.1.0-py3-none-any.whl (65 kB)
2025-08-18T21:53:43.5734540Z Using cached testcontainers-4.10.0-py3-none-any.whl (107 kB)
2025-08-18T21:53:43.5748073Z Using cached types_requests-2.32.0.20240602-py3-none-any.whl (15 kB)
2025-08-18T21:53:43.5761174Z Using cached docspec_python-2.2.2-py3-none-any.whl (15 kB)
2025-08-18T21:53:43.5773847Z Using cached pydoc_markdown-4.8.2-py3-none-any.whl (67 kB)
2025-08-18T21:53:43.5786974Z Using cached docspec-2.2.1-py3-none-any.whl (9.8 kB)
2025-08-18T21:53:43.5800405Z Using cached psycopg_binary-3.2.9-cp311-cp311-manylinux_2_17_x86_64.manylinux2014_x86_64.whl (4.5 MB)
2025-08-18T21:53:43.5844848Z Using cached pydantic_core-2.33.2-cp311-cp311-manylinux_2_17_x86_64.manylinux2014_x86_64.whl (2.0 MB)
2025-08-18T21:53:43.5871509Z Using cached redis-5.3.1-py3-none-any.whl (272 kB)
2025-08-18T21:53:43.5886846Z Using cached minio-7.2.16-py3-none-any.whl (95 kB)
2025-08-18T21:53:43.5900678Z Using cached httpx-0.28.1-py3-none-any.whl (73 kB)
2025-08-18T21:53:43.5914312Z Using cached mypy-1.17.1-cp311-cp311-manylinux2014_x86_64.manylinux_2_17_x86_64.manylinux_2_28_x86_64.whl (12.6 MB)
2025-08-18T21:53:43.6014157Z Using cached numpy-1.26.4-cp311-cp311-manylinux_2_17_x86_64.manylinux2014_x86_64.whl (18.3 MB)
2025-08-18T21:53:43.6154376Z Using cached pandas-2.2.3-cp311-cp311-manylinux_2_17_x86_64.manylinux2014_x86_64.whl (13.1 MB)
2025-08-18T21:53:43.6260238Z Using cached pandera-0.19.3-py3-none-any.whl (251 kB)
2025-08-18T21:53:43.6274864Z Using cached billiard-4.2.1-py3-none-any.whl (86 kB)
2025-08-18T21:53:43.6288629Z Using cached charset_normalizer-3.4.3-cp311-cp311-manylinux2014_x86_64.manylinux_2_17_x86_64.manylinux_2_28_x86_64.whl (150 kB)
2025-08-18T21:53:43.6302634Z Using cached click-8.2.1-py3-none-any.whl (102 kB)
2025-08-18T21:53:43.6316108Z Using cached databind.core-4.5.2-py3-none-any.whl (1.5 kB)
2025-08-18T21:53:43.6328961Z Using cached databind-4.5.2-py3-none-any.whl (49 kB)
2025-08-18T21:53:43.6342504Z Using cached databind.json-4.5.2-py3-none-any.whl (1.5 kB)
2025-08-18T21:53:43.6355693Z Using cached Deprecated-1.2.18-py2.py3-none-any.whl (10.0 kB)
2025-08-18T21:53:43.6368867Z Using cached httpcore-1.0.9-py3-none-any.whl (78 kB)
2025-08-18T21:53:43.6382456Z Using cached idna-3.10-py3-none-any.whl (70 kB)
2025-08-18T21:53:43.6395949Z Using cached kombu-5.5.4-py3-none-any.whl (210 kB)
2025-08-18T21:53:43.6410667Z Using cached vine-5.1.0-py3-none-any.whl (9.6 kB)
2025-08-18T21:53:43.6423878Z Using cached amqp-5.3.1-py3-none-any.whl (50 kB)
2025-08-18T21:53:43.6437156Z Using cached multimethod-1.10-py3-none-any.whl (9.9 kB)
2025-08-18T21:53:43.6450447Z Using cached nr_date-2.1.0-py3-none-any.whl (10 kB)
2025-08-18T21:53:43.6463692Z Using cached nr_stream-1.1.5-py3-none-any.whl (10 kB)
2025-08-18T21:53:43.6476944Z Using cached nr.util-0.8.12-py3-none-any.whl (90 kB)
2025-08-18T21:53:43.6490898Z Using cached pytest-8.4.1-py3-none-any.whl (365 kB)
2025-08-18T21:53:43.6506719Z Using cached pluggy-1.6.0-py3-none-any.whl (20 kB)
2025-08-18T21:53:43.6520783Z Using cached PyYAML-6.0.2-cp311-cp311-manylinux_2_17_x86_64.manylinux2014_x86_64.whl (762 kB)
2025-08-18T21:53:43.6539321Z Using cached starlette-0.47.2-py3-none-any.whl (72 kB)
2025-08-18T21:53:43.6553034Z Using cached anyio-4.10.0-py3-none-any.whl (107 kB)
2025-08-18T21:53:43.6567226Z Using cached tomli-2.2.1-cp311-cp311-manylinux_2_17_x86_64.manylinux2014_x86_64.whl (236 kB)
2025-08-18T21:53:43.6581993Z Using cached tomli_w-1.2.0-py3-none-any.whl (6.7 kB)
2025-08-18T21:53:43.6595240Z Using cached typeapi-2.2.4-py3-none-any.whl (26 kB)
2025-08-18T21:53:43.6608764Z Using cached typing_extensions-4.14.1-py3-none-any.whl (43 kB)
2025-08-18T21:53:43.6622172Z Using cached urllib3-2.5.0-py3-none-any.whl (129 kB)
2025-08-18T21:53:43.6636550Z Using cached wrapt-1.17.3-cp311-cp311-manylinux1_x86_64.manylinux_2_28_x86_64.manylinux_2_5_x86_64.whl (82 kB)
2025-08-18T21:53:43.6740762Z Downloading boto3-1.40.12-py3-none-any.whl (140 kB)
2025-08-18T21:53:43.7034309Z Downloading botocore-1.40.12-py3-none-any.whl (14.0 MB)
2025-08-18T21:53:43.7898876Z    ━━━━━━━━━━━━━━━━━━━━━━━━━━━━━━━━━━━━━━━━ 14.0/14.0 MB 181.7 MB/s  0:00:00
2025-08-18T21:53:43.7915211Z Using cached jmespath-1.0.1-py3-none-any.whl (20 kB)
2025-08-18T21:53:43.7929531Z Using cached python_dateutil-2.9.0.post0-py2.py3-none-any.whl (229 kB)
2025-08-18T21:53:43.7944679Z Using cached s3transfer-0.13.1-py3-none-any.whl (85 kB)
2025-08-18T21:53:43.7958798Z Using cached itsdangerous-2.2.0-py3-none-any.whl (16 kB)
2025-08-18T21:53:43.7971808Z Using cached python_dotenv-1.1.1-py3-none-any.whl (20 kB)
2025-08-18T21:53:43.7984934Z Using cached python_multipart-0.0.20-py3-none-any.whl (24 kB)
2025-08-18T21:53:43.7998334Z Using cached annotated_types-0.7.0-py3-none-any.whl (13 kB)
2025-08-18T21:53:43.8011457Z Using cached certifi-2025.8.3-py3-none-any.whl (161 kB)
2025-08-18T21:53:43.8025322Z Using cached click_didyoumean-0.3.1-py3-none-any.whl (3.6 kB)
2025-08-18T21:53:43.8038087Z Using cached click_plugins-1.1.1.2-py2.py3-none-any.whl (11 kB)
2025-08-18T21:53:43.8051208Z Using cached click_repl-0.3.0-py3-none-any.whl (10 kB)
2025-08-18T21:53:43.8065090Z Using cached coverage-7.10.4-cp311-cp311-manylinux1_x86_64.manylinux_2_28_x86_64.manylinux_2_5_x86_64.whl (249 kB)
2025-08-18T21:53:43.8079569Z Using cached email_validator-2.2.0-py3-none-any.whl (33 kB)
2025-08-18T21:53:43.8092658Z Using cached dnspython-2.7.0-py3-none-any.whl (313 kB)
2025-08-18T21:53:43.8107562Z Using cached fastapi_cli-0.0.8-py3-none-any.whl (10 kB)
2025-08-18T21:53:43.8120862Z Using cached fastapi_cloud_cli-0.1.5-py3-none-any.whl (18 kB)
2025-08-18T21:53:43.8134065Z Using cached greenlet-3.2.4-cp311-cp311-manylinux_2_24_x86_64.manylinux_2_28_x86_64.whl (587 kB)
2025-08-18T21:53:43.8151115Z Using cached h11-0.16.0-py3-none-any.whl (37 kB)
2025-08-18T21:53:43.8164099Z Using cached iniconfig-2.1.0-py3-none-any.whl (6.0 kB)
2025-08-18T21:53:43.8177278Z Using cached MarkupSafe-3.0.2-cp311-cp311-manylinux_2_17_x86_64.manylinux2014_x86_64.whl (23 kB)
2025-08-18T21:53:43.8190324Z Using cached mirakuru-2.6.1-py3-none-any.whl (26 kB)
2025-08-18T21:53:43.8203566Z Using cached orjson-3.11.2-cp311-cp311-manylinux_2_17_x86_64.manylinux2014_x86_64.whl (121 kB)
2025-08-18T21:53:43.8216948Z Using cached packaging-25.0-py3-none-any.whl (66 kB)
2025-08-18T21:53:43.8230490Z Using cached pathspec-0.12.1-py3-none-any.whl (31 kB)
2025-08-18T21:53:43.8243724Z Using cached platformdirs-4.3.8-py3-none-any.whl (18 kB)
2025-08-18T21:53:43.8256321Z Using cached port_for-0.7.4-py3-none-any.whl (21 kB)
2025-08-18T21:53:43.8269503Z Using cached prompt_toolkit-3.0.51-py3-none-any.whl (387 kB)
2025-08-18T21:53:43.8285752Z Using cached psutil-7.0.0-cp36-abi3-manylinux_2_12_x86_64.manylinux2010_x86_64.manylinux_2_17_x86_64.manylinux2014_x86_64.whl (277 kB)
2025-08-18T21:53:43.8300198Z Using cached pydantic_extra_types-2.10.5-py3-none-any.whl (38 kB)
2025-08-18T21:53:43.8313346Z Using cached pydantic_settings-2.10.1-py3-none-any.whl (45 kB)
2025-08-18T21:53:43.8326716Z Using cached pygments-2.19.2-py3-none-any.whl (1.2 MB)
2025-08-18T21:53:43.8348654Z Using cached PyJWT-2.10.1-py3-none-any.whl (22 kB)
2025-08-18T21:53:43.8361582Z Using cached pytz-2025.2-py2.py3-none-any.whl (509 kB)
2025-08-18T21:53:43.8377992Z Using cached rich_toolkit-0.15.0-py3-none-any.whl (29 kB)
2025-08-18T21:53:43.8391055Z Using cached rich-14.1.0-py3-none-any.whl (243 kB)
2025-08-18T21:53:43.8405647Z Using cached markdown_it_py-4.0.0-py3-none-any.whl (87 kB)
2025-08-18T21:53:43.8419356Z Using cached mdurl-0.1.2-py3-none-any.whl (10.0 kB)
2025-08-18T21:53:43.8432399Z Using cached rignore-0.6.4-cp311-cp311-manylinux_2_17_x86_64.manylinux2014_x86_64.whl (950 kB)
2025-08-18T21:53:43.8452017Z Using cached sentry_sdk-2.35.0-py2.py3-none-any.whl (363 kB)
2025-08-18T21:53:43.8467195Z Using cached six-1.17.0-py2.py3-none-any.whl (11 kB)
2025-08-18T21:53:43.8480840Z Using cached sniffio-1.3.1-py3-none-any.whl (10 kB)
2025-08-18T21:53:43.8582374Z Downloading typer-0.16.1-py3-none-any.whl (46 kB)
2025-08-18T21:53:43.8624326Z Using cached shellingham-1.5.4-py2.py3-none-any.whl (9.8 kB)
2025-08-18T21:53:43.8637220Z Using cached typing_inspect-0.9.0-py3-none-any.whl (8.8 kB)
2025-08-18T21:53:43.8650674Z Using cached typing_inspection-0.4.1-py3-none-any.whl (14 kB)
2025-08-18T21:53:43.8663630Z Using cached tzdata-2025.2-py2.py3-none-any.whl (347 kB)
2025-08-18T21:53:43.8679195Z Using cached tzlocal-5.3.1-py3-none-any.whl (18 kB)
2025-08-18T21:53:43.8692403Z Using cached ujson-5.10.0-cp311-cp311-manylinux_2_17_x86_64.manylinux2014_x86_64.whl (53 kB)
2025-08-18T21:53:43.8705490Z Using cached uvicorn-0.35.0-py3-none-any.whl (66 kB)
2025-08-18T21:53:43.8719608Z Using cached httptools-0.6.4-cp311-cp311-manylinux_2_5_x86_64.manylinux1_x86_64.manylinux_2_17_x86_64.manylinux2014_x86_64.whl (459 kB)
2025-08-18T21:53:43.8735383Z Using cached uvloop-0.21.0-cp311-cp311-manylinux_2_17_x86_64.manylinux2014_x86_64.whl (4.0 MB)
2025-08-18T21:53:43.8777439Z Using cached watchfiles-1.1.0-cp311-cp311-manylinux_2_17_x86_64.manylinux2014_x86_64.whl (453 kB)
2025-08-18T21:53:43.8794060Z Using cached websockets-15.0.1-cp311-cp311-manylinux_2_5_x86_64.manylinux1_x86_64.manylinux_2_17_x86_64.manylinux2014_x86_64.whl (182 kB)
2025-08-18T21:53:43.8807376Z Using cached yapf-0.43.0-py3-none-any.whl (256 kB)
2025-08-18T21:53:43.8822217Z Using cached argon2_cffi-25.1.0-py3-none-any.whl (14 kB)
2025-08-18T21:53:43.8835521Z Using cached argon2_cffi_bindings-25.1.0-cp39-abi3-manylinux_2_26_x86_64.manylinux_2_28_x86_64.whl (87 kB)
2025-08-18T21:53:43.8849007Z Using cached cffi-1.17.1-cp311-cp311-manylinux_2_17_x86_64.manylinux2014_x86_64.whl (467 kB)
2025-08-18T21:53:43.8864915Z Using cached docker-7.1.0-py3-none-any.whl (147 kB)
2025-08-18T21:53:43.8878835Z Using cached et_xmlfile-2.0.0-py3-none-any.whl (18 kB)
2025-08-18T21:53:43.8891639Z Using cached mako-1.3.10-py3-none-any.whl (78 kB)
2025-08-18T21:53:43.8904861Z Using cached pycparser-2.22-py3-none-any.whl (117 kB)
2025-08-18T21:53:43.8918853Z Using cached pycryptodome-3.23.0-cp37-abi3-manylinux_2_17_x86_64.manylinux2014_x86_64.whl (2.3 MB)
2025-08-18T21:53:43.8948061Z Using cached typeguard-4.4.4-py3-none-any.whl (34 kB)
2025-08-18T21:53:43.8961299Z Using cached watchdog-6.0.0-py3-none-manylinux2014_x86_64.whl (79 kB)
2025-08-18T21:53:43.8974824Z Using cached wcwidth-0.2.13-py2.py3-none-any.whl (34 kB)
2025-08-18T21:53:44.3023714Z Installing collected packages: wcwidth, pytz, wrapt, websockets, watchdog, vine, uvloop, urllib3, ujson, tzlocal, tzdata, typing-extensions, tomli_w, tomli, structlog, sniffio, six, shellingham, ruff, rignore, PyYAML, python-multipart, python-dotenv, PyJWT, pygments, pycryptodome, pycparser, psycopg2-binary, psycopg-binary, psutil, prompt-toolkit, port-for, pluggy, platformdirs, pathspec, packaging, orjson, numpy, nr-stream, nr-date, mypy-extensions, multimethod, mdurl, MarkupSafe, jmespath, itsdangerous, iniconfig, imapclient, idna, httptools, h11, greenlet, et-xmlfile, docstring-parser, dnspython, coverage, click, charset_normalizer, certifi, billiard, asyncpg, annotated-types, yapf, uvicorn, typing-inspection, typing-inspect, types-requests, typeguard, typeapi, sqlalchemy, sentry-sdk, requests, redis, python-dateutil, pytest, pydantic-core, psycopg, openpyxl, mypy, mirakuru, markdown-it-py, Mako, Jinja2, httpcore, email-validator, Deprecated, click-repl, click-plugins, click-didyoumean, cffi, black, apscheduler, anyio, amqp, watchfiles, starlette, rich, pytest-postgresql, pytest-cov, pytest-asyncio, pydantic, pandas, nr-util, kombu, httpx, docker, databind, botocore, argon2-cffi-bindings, alembic, typer, testcontainers, s3transfer, rich-toolkit, respx, python-telegram-bot, pydantic-settings, pydantic-extra-types, pandera, fastapi, databind.json, databind.core, celery, asgi-correlation-id, argon2-cffi, minio, fastapi-limiter, fastapi-cloud-cli, fastapi-cli, docspec, boto3, docspec-python, pydoc-markdown
2025-08-18T21:54:00.4899370Z 
2025-08-18T21:54:00.4961057Z Successfully installed Deprecated-1.2.18 Jinja2-3.1.6 Mako-1.3.10 MarkupSafe-3.0.2 PyJWT-2.10.1 PyYAML-6.0.2 alembic-1.13.1 amqp-5.3.1 annotated-types-0.7.0 anyio-4.10.0 apscheduler-3.10.4 argon2-cffi-25.1.0 argon2-cffi-bindings-25.1.0 asgi-correlation-id-4.3.1 asyncpg-0.30.0 billiard-4.2.1 black-25.1.0 boto3-1.40.12 botocore-1.40.12 celery-5.4.0 certifi-2025.8.3 cffi-1.17.1 charset_normalizer-3.4.3 click-8.2.1 click-didyoumean-0.3.1 click-plugins-1.1.1.2 click-repl-0.3.0 coverage-7.10.4 databind-4.5.2 databind.core-4.5.2 databind.json-4.5.2 dnspython-2.7.0 docker-7.1.0 docspec-2.2.1 docspec-python-2.2.2 docstring-parser-0.11 email-validator-2.2.0 et-xmlfile-2.0.0 fastapi-0.116.1 fastapi-cli-0.0.8 fastapi-cloud-cli-0.1.5 fastapi-limiter-0.1.6 greenlet-3.2.4 h11-0.16.0 httpcore-1.0.9 httptools-0.6.4 httpx-0.28.1 idna-3.10 imapclient-3.0.1 iniconfig-2.1.0 itsdangerous-2.2.0 jmespath-1.0.1 kombu-5.5.4 markdown-it-py-4.0.0 mdurl-0.1.2 minio-7.2.16 mirakuru-2.6.1 multimethod-1.10 mypy-1.17.1 mypy-extensions-1.1.0 nr-date-2.1.0 nr-stream-1.1.5 nr-util-0.8.12 numpy-1.26.4 openpyxl-3.1.5 orjson-3.11.2 packaging-25.0 pandas-2.2.3 pandera-0.19.3 pathspec-0.12.1 platformdirs-4.3.8 pluggy-1.6.0 port-for-0.7.4 prompt-toolkit-3.0.51 psutil-7.0.0 psycopg-3.2.9 psycopg-binary-3.2.9 psycopg2-binary-2.9.9 pycparser-2.22 pycryptodome-3.23.0 pydantic-2.11.7 pydantic-core-2.33.2 pydantic-extra-types-2.10.5 pydantic-settings-2.10.1 pydoc-markdown-4.8.2 pygments-2.19.2 pytest-8.4.1 pytest-asyncio-0.23.6 pytest-cov-6.2.1 pytest-postgresql-7.0.2 python-dateutil-2.9.0.post0 python-dotenv-1.1.1 python-multipart-0.0.20 python-telegram-bot-22.2 pytz-2025.2 redis-5.3.1 requests-2.32.4 respx-0.22.0 rich-14.1.0 rich-toolkit-0.15.0 rignore-0.6.4 ruff-0.4.4 s3transfer-0.13.1 sentry-sdk-2.35.0 shellingham-1.5.4 six-1.17.0 sniffio-1.3.1 sqlalchemy-2.0.29 starlette-0.47.2 structlog-24.1.0 testcontainers-4.10.0 tomli-2.2.1 tomli_w-1.2.0 typeapi-2.2.4 typeguard-4.4.4 typer-0.16.1 types-requests-2.32.0.20240602 typing-extensions-4.14.1 typing-inspect-0.9.0 typing-inspection-0.4.1 tzdata-2025.2 tzlocal-5.3.1 ujson-5.10.0 urllib3-2.5.0 uvicorn-0.35.0 uvloop-0.21.0 vine-5.1.0 watchdog-6.0.0 watchfiles-1.1.0 wcwidth-0.2.13 websockets-15.0.1 wrapt-1.17.3 yapf-0.43.0
2025-08-18T21:54:02.2340374Z Collecting keepa==1.3.15
2025-08-18T21:54:02.2355942Z   Using cached keepa-1.3.15-py3-none-any.whl.metadata (11 kB)
2025-08-18T21:54:02.2683241Z Collecting minio==7.1.15
2025-08-18T21:54:02.2697996Z   Using cached minio-7.1.15-py3-none-any.whl.metadata (4.2 kB)
2025-08-18T21:54:02.2723006Z Requirement already satisfied: numpy>=1.9.3 in /opt/hostedtoolcache/Python/3.11.13/x64/lib/python3.11/site-packages (from keepa==1.3.15) (1.26.4)
2025-08-18T21:54:02.2728226Z Requirement already satisfied: requests>=2.2 in /opt/hostedtoolcache/Python/3.11.13/x64/lib/python3.11/site-packages (from keepa==1.3.15) (2.32.4)
2025-08-18T21:54:02.3089809Z Collecting tqdm (from keepa==1.3.15)
2025-08-18T21:54:02.3103961Z   Using cached tqdm-4.67.1-py3-none-any.whl.metadata (57 kB)
2025-08-18T21:54:02.8015229Z Collecting aiohttp (from keepa==1.3.15)
2025-08-18T21:54:02.8032624Z   Using cached aiohttp-3.12.15-cp311-cp311-manylinux_2_17_x86_64.manylinux2014_x86_64.whl.metadata (7.7 kB)
2025-08-18T21:54:02.8063036Z Requirement already satisfied: pandas<=3.0 in /opt/hostedtoolcache/Python/3.11.13/x64/lib/python3.11/site-packages (from keepa==1.3.15) (2.2.3)
2025-08-18T21:54:02.8066912Z Requirement already satisfied: pydantic in /opt/hostedtoolcache/Python/3.11.13/x64/lib/python3.11/site-packages (from keepa==1.3.15) (2.11.7)
2025-08-18T21:54:02.8074393Z Requirement already satisfied: certifi in /opt/hostedtoolcache/Python/3.11.13/x64/lib/python3.11/site-packages (from minio==7.1.15) (2025.8.3)
2025-08-18T21:54:02.8077808Z Requirement already satisfied: urllib3 in /opt/hostedtoolcache/Python/3.11.13/x64/lib/python3.11/site-packages (from minio==7.1.15) (2.5.0)
2025-08-18T21:54:02.8124856Z Requirement already satisfied: python-dateutil>=2.8.2 in /opt/hostedtoolcache/Python/3.11.13/x64/lib/python3.11/site-packages (from pandas<=3.0->keepa==1.3.15) (2.9.0.post0)
2025-08-18T21:54:02.8129644Z Requirement already satisfied: pytz>=2020.1 in /opt/hostedtoolcache/Python/3.11.13/x64/lib/python3.11/site-packages (from pandas<=3.0->keepa==1.3.15) (2025.2)
2025-08-18T21:54:02.8134188Z Requirement already satisfied: tzdata>=2022.7 in /opt/hostedtoolcache/Python/3.11.13/x64/lib/python3.11/site-packages (from pandas<=3.0->keepa==1.3.15) (2025.2)
2025-08-18T21:54:02.8246891Z Requirement already satisfied: six>=1.5 in /opt/hostedtoolcache/Python/3.11.13/x64/lib/python3.11/site-packages (from python-dateutil>=2.8.2->pandas<=3.0->keepa==1.3.15) (1.17.0)
2025-08-18T21:54:02.8264039Z Requirement already satisfied: charset_normalizer<4,>=2 in /opt/hostedtoolcache/Python/3.11.13/x64/lib/python3.11/site-packages (from requests>=2.2->keepa==1.3.15) (3.4.3)
2025-08-18T21:54:02.8269230Z Requirement already satisfied: idna<4,>=2.5 in /opt/hostedtoolcache/Python/3.11.13/x64/lib/python3.11/site-packages (from requests>=2.2->keepa==1.3.15) (3.10)
2025-08-18T21:54:02.8532191Z Collecting aiohappyeyeballs>=2.5.0 (from aiohttp->keepa==1.3.15)
2025-08-18T21:54:02.8546312Z   Using cached aiohappyeyeballs-2.6.1-py3-none-any.whl.metadata (5.9 kB)
2025-08-18T21:54:02.8705835Z Collecting aiosignal>=1.4.0 (from aiohttp->keepa==1.3.15)
2025-08-18T21:54:02.8719872Z   Using cached aiosignal-1.4.0-py3-none-any.whl.metadata (3.7 kB)
2025-08-18T21:54:02.8945768Z Collecting attrs>=17.3.0 (from aiohttp->keepa==1.3.15)
2025-08-18T21:54:02.8960408Z   Using cached attrs-25.3.0-py3-none-any.whl.metadata (10 kB)
2025-08-18T21:54:02.9690207Z Collecting frozenlist>=1.1.1 (from aiohttp->keepa==1.3.15)
2025-08-18T21:54:02.9707927Z   Using cached frozenlist-1.7.0-cp311-cp311-manylinux_2_5_x86_64.manylinux1_x86_64.manylinux_2_17_x86_64.manylinux2014_x86_64.whl.metadata (18 kB)
2025-08-18T21:54:03.1922974Z Collecting multidict<7.0,>=4.5 (from aiohttp->keepa==1.3.15)
2025-08-18T21:54:03.1938758Z   Using cached multidict-6.6.4-cp311-cp311-manylinux2014_x86_64.manylinux_2_17_x86_64.manylinux_2_28_x86_64.whl.metadata (5.3 kB)
2025-08-18T21:54:03.2420934Z Collecting propcache>=0.2.0 (from aiohttp->keepa==1.3.15)
2025-08-18T21:54:03.2435055Z   Using cached propcache-0.3.2-cp311-cp311-manylinux_2_17_x86_64.manylinux2014_x86_64.whl.metadata (12 kB)
2025-08-18T21:54:03.4989382Z Collecting yarl<2.0,>=1.17.0 (from aiohttp->keepa==1.3.15)
2025-08-18T21:54:03.5005144Z   Using cached yarl-1.20.1-cp311-cp311-manylinux_2_17_x86_64.manylinux2014_x86_64.whl.metadata (73 kB)
2025-08-18T21:54:03.5203745Z Requirement already satisfied: typing-extensions>=4.2 in /opt/hostedtoolcache/Python/3.11.13/x64/lib/python3.11/site-packages (from aiosignal>=1.4.0->aiohttp->keepa==1.3.15) (4.14.1)
2025-08-18T21:54:03.5245459Z Requirement already satisfied: annotated-types>=0.6.0 in /opt/hostedtoolcache/Python/3.11.13/x64/lib/python3.11/site-packages (from pydantic->keepa==1.3.15) (0.7.0)
2025-08-18T21:54:03.5250110Z Requirement already satisfied: pydantic-core==2.33.2 in /opt/hostedtoolcache/Python/3.11.13/x64/lib/python3.11/site-packages (from pydantic->keepa==1.3.15) (2.33.2)
2025-08-18T21:54:03.5255983Z Requirement already satisfied: typing-inspection>=0.4.0 in /opt/hostedtoolcache/Python/3.11.13/x64/lib/python3.11/site-packages (from pydantic->keepa==1.3.15) (0.4.1)
2025-08-18T21:54:03.5314656Z Using cached keepa-1.3.15-py3-none-any.whl (38 kB)
2025-08-18T21:54:03.5327541Z Using cached minio-7.1.15-py3-none-any.whl (77 kB)
2025-08-18T21:54:03.5341980Z Using cached aiohttp-3.12.15-cp311-cp311-manylinux_2_17_x86_64.manylinux2014_x86_64.whl (1.7 MB)
2025-08-18T21:54:03.5368478Z Using cached multidict-6.6.4-cp311-cp311-manylinux2014_x86_64.manylinux_2_17_x86_64.manylinux_2_28_x86_64.whl (246 kB)
2025-08-18T21:54:03.5383338Z Using cached yarl-1.20.1-cp311-cp311-manylinux_2_17_x86_64.manylinux2014_x86_64.whl (348 kB)
2025-08-18T21:54:03.5399065Z Using cached aiohappyeyeballs-2.6.1-py3-none-any.whl (15 kB)
2025-08-18T21:54:03.5412235Z Using cached aiosignal-1.4.0-py3-none-any.whl (7.5 kB)
2025-08-18T21:54:03.5425322Z Using cached attrs-25.3.0-py3-none-any.whl (63 kB)
2025-08-18T21:54:03.5439695Z Using cached frozenlist-1.7.0-cp311-cp311-manylinux_2_5_x86_64.manylinux1_x86_64.manylinux_2_17_x86_64.manylinux2014_x86_64.whl (235 kB)
2025-08-18T21:54:03.5454403Z Using cached propcache-0.3.2-cp311-cp311-manylinux_2_17_x86_64.manylinux2014_x86_64.whl (213 kB)
2025-08-18T21:54:03.5469112Z Using cached tqdm-4.67.1-py3-none-any.whl (78 kB)
2025-08-18T21:54:03.6982234Z Installing collected packages: tqdm, propcache, multidict, minio, frozenlist, attrs, aiohappyeyeballs, yarl, aiosignal, aiohttp, keepa
2025-08-18T21:54:03.7669140Z   Attempting uninstall: minio
2025-08-18T21:54:03.7700717Z     Found existing installation: minio 7.2.16
2025-08-18T21:54:03.7734031Z     Uninstalling minio-7.2.16:
2025-08-18T21:54:03.7743664Z       Successfully uninstalled minio-7.2.16
2025-08-18T21:54:04.0992792Z 
2025-08-18T21:54:04.1052967Z Successfully installed aiohappyeyeballs-2.6.1 aiohttp-3.12.15 aiosignal-1.4.0 attrs-25.3.0 frozenlist-1.7.0 keepa-1.3.15 minio-7.1.15 multidict-6.6.4 propcache-0.3.2 tqdm-4.67.1 yarl-1.20.1
2025-08-18T21:54:04.2711900Z ##[group]Run sudo apt-get update
2025-08-18T21:54:04.2712299Z [36;1msudo apt-get update[0m
2025-08-18T21:54:04.2712559Z [36;1msudo apt-get install -y postgresql[0m
2025-08-18T21:54:04.2713030Z [36;1mecho "/usr/lib/postgresql/$(pg_config --version | cut -d' ' -f2 | cut -d'.' -f1,2)/bin" >> $GITHUB_PATH[0m
2025-08-18T21:54:04.2753456Z shell: /usr/bin/bash -e {0}
2025-08-18T21:54:04.2753682Z env:
2025-08-18T21:54:04.2753858Z   PG_USER: postgres
2025-08-18T21:54:04.2754054Z   PG_PASSWORD: pass
2025-08-18T21:54:04.2754241Z   PG_DATABASE: awa
2025-08-18T21:54:04.2754425Z   PG_HOST: localhost
2025-08-18T21:54:04.2754619Z   PG_PORT: 5432
2025-08-18T21:54:04.2755109Z   PG_SYNC_DSN: ***localhost:5432/awa
2025-08-18T21:54:04.2755522Z   PG_ASYNC_DSN: ***localhost:5432/awa
2025-08-18T21:54:04.2755908Z   DATABASE_URL: ***localhost:5432/awa
2025-08-18T21:54:04.2756150Z   DATA_DIR: /tmp/awa-data
2025-08-18T21:54:04.2756355Z   ENABLE_LIVE: 0
2025-08-18T21:54:04.2756535Z   TESTING: 1
2025-08-18T21:54:04.2756808Z   pythonLocation: /opt/hostedtoolcache/Python/3.11.13/x64
2025-08-18T21:54:04.2757211Z   PKG_CONFIG_PATH: /opt/hostedtoolcache/Python/3.11.13/x64/lib/pkgconfig
2025-08-18T21:54:04.2757605Z   Python_ROOT_DIR: /opt/hostedtoolcache/Python/3.11.13/x64
2025-08-18T21:54:04.2758097Z   Python2_ROOT_DIR: /opt/hostedtoolcache/Python/3.11.13/x64
2025-08-18T21:54:04.2758453Z   Python3_ROOT_DIR: /opt/hostedtoolcache/Python/3.11.13/x64
2025-08-18T21:54:04.2758806Z   LD_LIBRARY_PATH: /opt/hostedtoolcache/Python/3.11.13/x64/lib
2025-08-18T21:54:04.2759108Z ##[endgroup]
2025-08-18T21:54:04.3858332Z Get:1 file:/etc/apt/apt-mirrors.txt Mirrorlist [144 B]
2025-08-18T21:54:04.4244763Z Hit:2 http://azure.archive.ubuntu.com/ubuntu noble InRelease
2025-08-18T21:54:04.4261721Z Get:3 http://azure.archive.ubuntu.com/ubuntu noble-updates InRelease [126 kB]
2025-08-18T21:54:04.4479881Z Get:4 http://azure.archive.ubuntu.com/ubuntu noble-backports InRelease [126 kB]
2025-08-18T21:54:04.4575023Z Get:5 http://azure.archive.ubuntu.com/ubuntu noble-security InRelease [126 kB]
2025-08-18T21:54:04.4644669Z Hit:6 https://packages.microsoft.com/repos/azure-cli noble InRelease
2025-08-18T21:54:04.4699453Z Get:7 https://packages.microsoft.com/ubuntu/24.04/prod noble InRelease [3600 B]
2025-08-18T21:54:04.5993893Z Get:8 http://azure.archive.ubuntu.com/ubuntu noble-updates/main amd64 Packages [1335 kB]
2025-08-18T21:54:04.6137976Z Get:9 http://azure.archive.ubuntu.com/ubuntu noble-updates/main Translation-en [267 kB]
2025-08-18T21:54:04.6166317Z Get:10 http://azure.archive.ubuntu.com/ubuntu noble-updates/main amd64 Components [175 kB]
2025-08-18T21:54:04.6191296Z Get:11 http://azure.archive.ubuntu.com/ubuntu noble-updates/universe amd64 Packages [1121 kB]
2025-08-18T21:54:04.6258207Z Get:12 http://azure.archive.ubuntu.com/ubuntu noble-updates/universe Translation-en [288 kB]
2025-08-18T21:54:04.6287484Z Get:13 http://azure.archive.ubuntu.com/ubuntu noble-updates/universe amd64 Components [377 kB]
2025-08-18T21:54:04.6321627Z Get:14 http://azure.archive.ubuntu.com/ubuntu noble-updates/restricted amd64 Packages [1694 kB]
2025-08-18T21:54:04.6411673Z Get:15 http://azure.archive.ubuntu.com/ubuntu noble-updates/restricted Translation-en [374 kB]
2025-08-18T21:54:04.6445289Z Get:16 http://azure.archive.ubuntu.com/ubuntu noble-updates/restricted amd64 Components [212 B]
2025-08-18T21:54:04.6459107Z Get:17 http://azure.archive.ubuntu.com/ubuntu noble-updates/multiverse amd64 Components [940 B]
2025-08-18T21:54:04.7060018Z Get:18 http://azure.archive.ubuntu.com/ubuntu noble-backports/main amd64 Components [7068 B]
2025-08-18T21:54:04.7082991Z Get:19 http://azure.archive.ubuntu.com/ubuntu noble-backports/universe amd64 Packages [30.2 kB]
2025-08-18T21:54:04.7101475Z Get:20 http://azure.archive.ubuntu.com/ubuntu noble-backports/universe Translation-en [17.4 kB]
2025-08-18T21:54:04.7114165Z Get:21 http://azure.archive.ubuntu.com/ubuntu noble-backports/universe amd64 Components [19.2 kB]
2025-08-18T21:54:04.7128827Z Get:22 http://azure.archive.ubuntu.com/ubuntu noble-backports/restricted amd64 Components [212 B]
2025-08-18T21:54:04.7141405Z Get:23 http://azure.archive.ubuntu.com/ubuntu noble-backports/multiverse amd64 Components [212 B]
2025-08-18T21:54:04.7156415Z Get:24 http://azure.archive.ubuntu.com/ubuntu noble-security/main amd64 Packages [1065 kB]
2025-08-18T21:54:04.7222056Z Get:25 http://azure.archive.ubuntu.com/ubuntu noble-security/main Translation-en [185 kB]
2025-08-18T21:54:04.7248096Z Get:26 http://azure.archive.ubuntu.com/ubuntu noble-security/main amd64 Components [21.6 kB]
2025-08-18T21:54:04.7262273Z Get:27 http://azure.archive.ubuntu.com/ubuntu noble-security/universe amd64 Packages [879 kB]
2025-08-18T21:54:04.7320782Z Get:28 http://azure.archive.ubuntu.com/ubuntu noble-security/universe Translation-en [194 kB]
2025-08-18T21:54:04.7346130Z Get:29 http://azure.archive.ubuntu.com/ubuntu noble-security/universe amd64 Components [52.2 kB]
2025-08-18T21:54:04.7362586Z Get:30 http://azure.archive.ubuntu.com/ubuntu noble-security/restricted amd64 Packages [1587 kB]
2025-08-18T21:54:04.7449195Z Get:31 http://azure.archive.ubuntu.com/ubuntu noble-security/restricted Translation-en [350 kB]
2025-08-18T21:54:04.7947981Z Get:32 http://azure.archive.ubuntu.com/ubuntu noble-security/restricted amd64 Components [212 B]
2025-08-18T21:54:04.7962178Z Get:33 http://azure.archive.ubuntu.com/ubuntu noble-security/multiverse amd64 Components [212 B]
2025-08-18T21:54:04.8343458Z Get:34 https://packages.microsoft.com/ubuntu/24.04/prod noble/main amd64 Packages [47.9 kB]
2025-08-18T21:54:04.8441172Z Get:35 https://packages.microsoft.com/ubuntu/24.04/prod noble/main arm64 Packages [33.1 kB]
2025-08-18T21:54:14.1709212Z Fetched 10.5 MB in 1s (8171 kB/s)
2025-08-18T21:54:14.8742552Z Reading package lists...
2025-08-18T21:54:14.9064411Z Reading package lists...
2025-08-18T21:54:15.0637308Z Building dependency tree...
2025-08-18T21:54:15.0645290Z Reading state information...
2025-08-18T21:54:15.2156137Z Suggested packages:
2025-08-18T21:54:15.2156495Z   postgresql-doc
2025-08-18T21:54:15.2435527Z The following NEW packages will be installed:
2025-08-18T21:54:15.2435889Z   postgresql
2025-08-18T21:54:15.2600369Z 0 upgraded, 1 newly installed, 0 to remove and 39 not upgraded.
2025-08-18T21:54:15.2600991Z Need to get 11.6 kB of archives.
2025-08-18T21:54:15.2601599Z After this operation, 17.4 kB of additional disk space will be used.
2025-08-18T21:54:15.2602098Z Get:1 file:/etc/apt/apt-mirrors.txt Mirrorlist [144 B]
2025-08-18T21:54:15.3424918Z Get:2 http://azure.archive.ubuntu.com/ubuntu noble-updates/main amd64 postgresql all 16+257build1.1 [11.6 kB]
2025-08-18T21:54:15.5996148Z Fetched 11.6 kB in 0s (125 kB/s)
2025-08-18T21:54:15.6318249Z Selecting previously unselected package postgresql.
2025-08-18T21:54:15.6948552Z (Reading database ... 
2025-08-18T21:54:15.6949007Z (Reading database ... 5%
2025-08-18T21:54:15.6949365Z (Reading database ... 10%
2025-08-18T21:54:15.6949592Z (Reading database ... 15%
2025-08-18T21:54:15.6949804Z (Reading database ... 20%
2025-08-18T21:54:15.6950036Z (Reading database ... 25%
2025-08-18T21:54:15.6950243Z (Reading database ... 30%
2025-08-18T21:54:15.6950441Z (Reading database ... 35%
2025-08-18T21:54:15.6950650Z (Reading database ... 40%
2025-08-18T21:54:15.6950854Z (Reading database ... 45%
2025-08-18T21:54:15.6951298Z (Reading database ... 50%
2025-08-18T21:54:15.8062564Z (Reading database ... 55%
2025-08-18T21:54:15.9810221Z (Reading database ... 60%
2025-08-18T21:54:16.2728548Z (Reading database ... 65%
2025-08-18T21:54:16.4400274Z (Reading database ... 70%
2025-08-18T21:54:16.5459873Z (Reading database ... 75%
2025-08-18T21:54:17.0518460Z (Reading database ... 80%
2025-08-18T21:54:17.7215703Z (Reading database ... 85%
2025-08-18T21:54:18.3424774Z (Reading database ... 90%
2025-08-18T21:54:18.9844235Z (Reading database ... 95%
2025-08-18T21:54:18.9844778Z (Reading database ... 100%
2025-08-18T21:54:18.9845457Z (Reading database ... 219881 files and directories currently installed.)
2025-08-18T21:54:18.9892433Z Preparing to unpack .../postgresql_16+257build1.1_all.deb ...
2025-08-18T21:54:18.9924781Z Unpacking postgresql (16+257build1.1) ...
2025-08-18T21:54:19.0330857Z Setting up postgresql (16+257build1.1) ...
2025-08-18T21:54:20.1220030Z 
2025-08-18T21:54:20.1220530Z Running kernel seems to be up-to-date.
2025-08-18T21:54:20.1220930Z 
2025-08-18T21:54:20.1221037Z Restarting services...
2025-08-18T21:54:20.1289670Z 
2025-08-18T21:54:20.1290003Z Service restarts being deferred:
2025-08-18T21:54:20.1292247Z  systemctl restart hosted-compute-agent.service
2025-08-18T21:54:20.1292642Z 
2025-08-18T21:54:20.1292820Z No containers need to be restarted.
2025-08-18T21:54:20.1293089Z 
2025-08-18T21:54:20.1293215Z No user sessions are running outdated binaries.
2025-08-18T21:54:20.1293430Z 
2025-08-18T21:54:20.1293622Z No VM guests are running outdated hypervisor (qemu) binaries on this host.
2025-08-18T21:54:20.9732778Z ##[group]Run pytest tests/db -q --cov=services --cov-append --cov-fail-under=0
2025-08-18T21:54:20.9733336Z [36;1mpytest tests/db -q --cov=services --cov-append --cov-fail-under=0[0m
2025-08-18T21:54:20.9773807Z shell: /usr/bin/bash -e {0}
2025-08-18T21:54:20.9774041Z env:
2025-08-18T21:54:20.9774220Z   PG_USER: postgres
2025-08-18T21:54:20.9774420Z   PG_PASSWORD: pass
2025-08-18T21:54:20.9774617Z   PG_DATABASE: awa
2025-08-18T21:54:20.9774806Z   PG_HOST: localhost
2025-08-18T21:54:20.9774994Z   PG_PORT: 5432
2025-08-18T21:54:20.9775458Z   PG_SYNC_DSN: ***localhost:5432/awa
2025-08-18T21:54:20.9775864Z   PG_ASYNC_DSN: ***localhost:5432/awa
2025-08-18T21:54:20.9776256Z   DATABASE_URL: ***localhost:5432/awa
2025-08-18T21:54:20.9776496Z   DATA_DIR: /tmp/awa-data
2025-08-18T21:54:20.9776707Z   ENABLE_LIVE: 0
2025-08-18T21:54:20.9776886Z   TESTING: 1
2025-08-18T21:54:20.9777126Z   pythonLocation: /opt/hostedtoolcache/Python/3.11.13/x64
2025-08-18T21:54:20.9777554Z   PKG_CONFIG_PATH: /opt/hostedtoolcache/Python/3.11.13/x64/lib/pkgconfig
2025-08-18T21:54:20.9778176Z   Python_ROOT_DIR: /opt/hostedtoolcache/Python/3.11.13/x64
2025-08-18T21:54:20.9778528Z   Python2_ROOT_DIR: /opt/hostedtoolcache/Python/3.11.13/x64
2025-08-18T21:54:20.9778888Z   Python3_ROOT_DIR: /opt/hostedtoolcache/Python/3.11.13/x64
2025-08-18T21:54:20.9779242Z   LD_LIBRARY_PATH: /opt/hostedtoolcache/Python/3.11.13/x64/lib
2025-08-18T21:54:20.9779543Z ##[endgroup]
2025-08-18T21:54:23.6754438Z /opt/hostedtoolcache/Python/3.11.13/x64/lib/python3.11/site-packages/coverage/report_core.py:118: CoverageWarning: Couldn't parse '/home/runner/work/AWA-App/AWA-App/C:\Users\Alexey\Documents\GitHub\AWA-App\services\__init__.py': No source for code: '/home/runner/work/AWA-App/AWA-App/C:\Users\Alexey\Documents\GitHub\AWA-App\services\__init__.py'. (couldnt-parse)
2025-08-18T21:54:23.6756691Z   coverage._warn(msg, slug="couldnt-parse")
2025-08-18T21:54:23.6759149Z /opt/hostedtoolcache/Python/3.11.13/x64/lib/python3.11/site-packages/coverage/report_core.py:118: CoverageWarning: Couldn't parse '/home/runner/work/AWA-App/AWA-App/C:\Users\Alexey\Documents\GitHub\AWA-App\services\alert_bot\__init__.py': No source for code: '/home/runner/work/AWA-App/AWA-App/C:\Users\Alexey\Documents\GitHub\AWA-App\services\alert_bot\__init__.py'. (couldnt-parse)
2025-08-18T21:54:23.6761292Z   coverage._warn(msg, slug="couldnt-parse")
2025-08-18T21:54:23.6763440Z /opt/hostedtoolcache/Python/3.11.13/x64/lib/python3.11/site-packages/coverage/report_core.py:118: CoverageWarning: Couldn't parse '/home/runner/work/AWA-App/AWA-App/C:\Users\Alexey\Documents\GitHub\AWA-App\services\alert_bot\alert_bot.py': No source for code: '/home/runner/work/AWA-App/AWA-App/C:\Users\Alexey\Documents\GitHub\AWA-App\services\alert_bot\alert_bot.py'. (couldnt-parse)
2025-08-18T21:54:23.6765423Z   coverage._warn(msg, slug="couldnt-parse")
2025-08-18T21:54:23.6767839Z /opt/hostedtoolcache/Python/3.11.13/x64/lib/python3.11/site-packages/coverage/report_core.py:118: CoverageWarning: Couldn't parse '/home/runner/work/AWA-App/AWA-App/C:\Users\Alexey\Documents\GitHub\AWA-App\services\alert_bot\rules\__init__.py': No source for code: '/home/runner/work/AWA-App/AWA-App/C:\Users\Alexey\Documents\GitHub\AWA-App\services\alert_bot\rules\__init__.py'. (couldnt-parse)
2025-08-18T21:54:23.6769941Z   coverage._warn(msg, slug="couldnt-parse")
2025-08-18T21:54:23.6771821Z /opt/hostedtoolcache/Python/3.11.13/x64/lib/python3.11/site-packages/coverage/report_core.py:118: CoverageWarning: Couldn't parse '/home/runner/work/AWA-App/AWA-App/C:\Users\Alexey\Documents\GitHub\AWA-App\services\api\__init__.py': No source for code: '/home/runner/work/AWA-App/AWA-App/C:\Users\Alexey\Documents\GitHub\AWA-App\services\api\__init__.py'. (couldnt-parse)
2025-08-18T21:54:23.6773225Z   coverage._warn(msg, slug="couldnt-parse")
2025-08-18T21:54:23.6775194Z /opt/hostedtoolcache/Python/3.11.13/x64/lib/python3.11/site-packages/coverage/report_core.py:118: CoverageWarning: Couldn't parse '/home/runner/work/AWA-App/AWA-App/C:\Users\Alexey\Documents\GitHub\AWA-App\services\api\config.py': No source for code: '/home/runner/work/AWA-App/AWA-App/C:\Users\Alexey\Documents\GitHub\AWA-App\services\api\config.py'. (couldnt-parse)
2025-08-18T21:54:23.6776512Z   coverage._warn(msg, slug="couldnt-parse")
2025-08-18T21:54:23.6778446Z /opt/hostedtoolcache/Python/3.11.13/x64/lib/python3.11/site-packages/coverage/report_core.py:118: CoverageWarning: Couldn't parse '/home/runner/work/AWA-App/AWA-App/C:\Users\Alexey\Documents\GitHub\AWA-App\services\api\db.py': No source for code: '/home/runner/work/AWA-App/AWA-App/C:\Users\Alexey\Documents\GitHub\AWA-App\services\api\db.py'. (couldnt-parse)
2025-08-18T21:54:23.6779777Z   coverage._warn(msg, slug="couldnt-parse")
2025-08-18T21:54:23.6781496Z /opt/hostedtoolcache/Python/3.11.13/x64/lib/python3.11/site-packages/coverage/report_core.py:118: CoverageWarning: Couldn't parse '/home/runner/work/AWA-App/AWA-App/C:\Users\Alexey\Documents\GitHub\AWA-App\services\api\main.py': No source for code: '/home/runner/work/AWA-App/AWA-App/C:\Users\Alexey\Documents\GitHub\AWA-App\services\api\main.py'. (couldnt-parse)
2025-08-18T21:54:23.6782967Z   coverage._warn(msg, slug="couldnt-parse")
2025-08-18T21:54:23.6784465Z /opt/hostedtoolcache/Python/3.11.13/x64/lib/python3.11/site-packages/coverage/report_core.py:118: CoverageWarning: Couldn't parse '/home/runner/work/AWA-App/AWA-App/C:\Users\Alexey\Documents\GitHub\AWA-App\services\api\models\__init__.py': No source for code: '/home/runner/work/AWA-App/AWA-App/C:\Users\Alexey\Documents\GitHub\AWA-App\services\api\models\__init__.py'. (couldnt-parse)
2025-08-18T21:54:23.6786688Z   coverage._warn(msg, slug="couldnt-parse")
2025-08-18T21:54:23.6789145Z /opt/hostedtoolcache/Python/3.11.13/x64/lib/python3.11/site-packages/coverage/report_core.py:118: CoverageWarning: Couldn't parse '/home/runner/work/AWA-App/AWA-App/C:\Users\Alexey\Documents\GitHub\AWA-App\services\api\models\fee.py': No source for code: '/home/runner/work/AWA-App/AWA-App/C:\Users\Alexey\Documents\GitHub\AWA-App\services\api\models\fee.py'. (couldnt-parse)
2025-08-18T21:54:23.6791402Z   coverage._warn(msg, slug="couldnt-parse")
2025-08-18T21:54:23.6793679Z /opt/hostedtoolcache/Python/3.11.13/x64/lib/python3.11/site-packages/coverage/report_core.py:118: CoverageWarning: Couldn't parse '/home/runner/work/AWA-App/AWA-App/C:\Users\Alexey\Documents\GitHub\AWA-App\services\api\roi_repository.py': No source for code: '/home/runner/work/AWA-App/AWA-App/C:\Users\Alexey\Documents\GitHub\AWA-App\services\api\roi_repository.py'. (couldnt-parse)
2025-08-18T21:54:23.6796280Z   coverage._warn(msg, slug="couldnt-parse")
2025-08-18T21:54:23.6797875Z /opt/hostedtoolcache/Python/3.11.13/x64/lib/python3.11/site-packages/coverage/report_core.py:118: CoverageWarning: Couldn't parse '/home/runner/work/AWA-App/AWA-App/C:\Users\Alexey\Documents\GitHub\AWA-App\services\api\routes\__init__.py': No source for code: '/home/runner/work/AWA-App/AWA-App/C:\Users\Alexey\Documents\GitHub\AWA-App\services\api\routes\__init__.py'. (couldnt-parse)
2025-08-18T21:54:23.6799611Z   coverage._warn(msg, slug="couldnt-parse")
2025-08-18T21:54:23.6801974Z /opt/hostedtoolcache/Python/3.11.13/x64/lib/python3.11/site-packages/coverage/report_core.py:118: CoverageWarning: Couldn't parse '/home/runner/work/AWA-App/AWA-App/C:\Users\Alexey\Documents\GitHub\AWA-App\services\api\routes\health.py': No source for code: '/home/runner/work/AWA-App/AWA-App/C:\Users\Alexey\Documents\GitHub\AWA-App\services\api\routes\health.py'. (couldnt-parse)
2025-08-18T21:54:23.6803715Z   coverage._warn(msg, slug="couldnt-parse")
2025-08-18T21:54:23.6805503Z /opt/hostedtoolcache/Python/3.11.13/x64/lib/python3.11/site-packages/coverage/report_core.py:118: CoverageWarning: Couldn't parse '/home/runner/work/AWA-App/AWA-App/C:\Users\Alexey\Documents\GitHub\AWA-App\services\api\routes\repository.py': No source for code: '/home/runner/work/AWA-App/AWA-App/C:\Users\Alexey\Documents\GitHub\AWA-App\services\api\routes\repository.py'. (couldnt-parse)
2025-08-18T21:54:23.6807150Z   coverage._warn(msg, slug="couldnt-parse")
2025-08-18T21:54:23.6808989Z /opt/hostedtoolcache/Python/3.11.13/x64/lib/python3.11/site-packages/coverage/report_core.py:118: CoverageWarning: Couldn't parse '/home/runner/work/AWA-App/AWA-App/C:\Users\Alexey\Documents\GitHub\AWA-App\services\api\routes\roi.py': No source for code: '/home/runner/work/AWA-App/AWA-App/C:\Users\Alexey\Documents\GitHub\AWA-App\services\api\routes\roi.py'. (couldnt-parse)
2025-08-18T21:54:23.6810682Z   coverage._warn(msg, slug="couldnt-parse")
2025-08-18T21:54:23.6812026Z /opt/hostedtoolcache/Python/3.11.13/x64/lib/python3.11/site-packages/coverage/report_core.py:118: CoverageWarning: Couldn't parse '/home/runner/work/AWA-App/AWA-App/C:\Users\Alexey\Documents\GitHub\AWA-App\services\api\routes\stats.py': No source for code: '/home/runner/work/AWA-App/AWA-App/C:\Users\Alexey\Documents\GitHub\AWA-App\services\api\routes\stats.py'. (couldnt-parse)
2025-08-18T21:54:23.6813742Z   coverage._warn(msg, slug="couldnt-parse")
2025-08-18T21:54:23.6815019Z /opt/hostedtoolcache/Python/3.11.13/x64/lib/python3.11/site-packages/coverage/report_core.py:118: CoverageWarning: Couldn't parse '/home/runner/work/AWA-App/AWA-App/C:\Users\Alexey\Documents\GitHub\AWA-App\services\common\__init__.py': No source for code: '/home/runner/work/AWA-App/AWA-App/C:\Users\Alexey\Documents\GitHub\AWA-App\services\common\__init__.py'. (couldnt-parse)
2025-08-18T21:54:23.6816764Z   coverage._warn(msg, slug="couldnt-parse")
2025-08-18T21:54:23.6818506Z /opt/hostedtoolcache/Python/3.11.13/x64/lib/python3.11/site-packages/coverage/report_core.py:118: CoverageWarning: Couldn't parse '/home/runner/work/AWA-App/AWA-App/C:\Users\Alexey\Documents\GitHub\AWA-App\services\common\base.py': No source for code: '/home/runner/work/AWA-App/AWA-App/C:\Users\Alexey\Documents\GitHub\AWA-App\services\common\base.py'. (couldnt-parse)
2025-08-18T21:54:23.6820023Z   coverage._warn(msg, slug="couldnt-parse")
2025-08-18T21:54:23.6821727Z /opt/hostedtoolcache/Python/3.11.13/x64/lib/python3.11/site-packages/coverage/report_core.py:118: CoverageWarning: Couldn't parse '/home/runner/work/AWA-App/AWA-App/C:\Users\Alexey\Documents\GitHub\AWA-App\services\common\config.py': No source for code: '/home/runner/work/AWA-App/AWA-App/C:\Users\Alexey\Documents\GitHub\AWA-App\services\common\config.py'. (couldnt-parse)
2025-08-18T21:54:23.6823015Z   coverage._warn(msg, slug="couldnt-parse")
2025-08-18T21:54:23.6824687Z /opt/hostedtoolcache/Python/3.11.13/x64/lib/python3.11/site-packages/coverage/report_core.py:118: CoverageWarning: Couldn't parse '/home/runner/work/AWA-App/AWA-App/C:\Users\Alexey\Documents\GitHub\AWA-App\services\common\db.py': No source for code: '/home/runner/work/AWA-App/AWA-App/C:\Users\Alexey\Documents\GitHub\AWA-App\services\common\db.py'. (couldnt-parse)
2025-08-18T21:54:23.6826254Z   coverage._warn(msg, slug="couldnt-parse")
2025-08-18T21:54:23.6828033Z /opt/hostedtoolcache/Python/3.11.13/x64/lib/python3.11/site-packages/coverage/report_core.py:118: CoverageWarning: Couldn't parse '/home/runner/work/AWA-App/AWA-App/C:\Users\Alexey\Documents\GitHub\AWA-App\services\common\db_url.py': No source for code: '/home/runner/work/AWA-App/AWA-App/C:\Users\Alexey\Documents\GitHub\AWA-App\services\common\db_url.py'. (couldnt-parse)
2025-08-18T21:54:23.6829589Z   coverage._warn(msg, slug="couldnt-parse")
2025-08-18T21:54:23.6830970Z /opt/hostedtoolcache/Python/3.11.13/x64/lib/python3.11/site-packages/coverage/report_core.py:118: CoverageWarning: Couldn't parse '/home/runner/work/AWA-App/AWA-App/C:\Users\Alexey\Documents\GitHub\AWA-App\services\common\dsn.py': No source for code: '/home/runner/work/AWA-App/AWA-App/C:\Users\Alexey\Documents\GitHub\AWA-App\services\common\dsn.py'. (couldnt-parse)
2025-08-18T21:54:23.6832632Z   coverage._warn(msg, slug="couldnt-parse")
2025-08-18T21:54:23.6834053Z /opt/hostedtoolcache/Python/3.11.13/x64/lib/python3.11/site-packages/coverage/report_core.py:118: CoverageWarning: Couldn't parse '/home/runner/work/AWA-App/AWA-App/C:\Users\Alexey\Documents\GitHub\AWA-App\services\common\keepa.py': No source for code: '/home/runner/work/AWA-App/AWA-App/C:\Users\Alexey\Documents\GitHub\AWA-App\services\common\keepa.py'. (couldnt-parse)
2025-08-18T21:54:23.6835806Z   coverage._warn(msg, slug="couldnt-parse")
2025-08-18T21:54:23.6837114Z /opt/hostedtoolcache/Python/3.11.13/x64/lib/python3.11/site-packages/coverage/report_core.py:118: CoverageWarning: Couldn't parse '/home/runner/work/AWA-App/AWA-App/C:\Users\Alexey\Documents\GitHub\AWA-App\services\common\llm.py': No source for code: '/home/runner/work/AWA-App/AWA-App/C:\Users\Alexey\Documents\GitHub\AWA-App\services\common\llm.py'. (couldnt-parse)
2025-08-18T21:54:23.6839056Z   coverage._warn(msg, slug="couldnt-parse")
2025-08-18T21:54:23.6840626Z /opt/hostedtoolcache/Python/3.11.13/x64/lib/python3.11/site-packages/coverage/report_core.py:118: CoverageWarning: Couldn't parse '/home/runner/work/AWA-App/AWA-App/C:\Users\Alexey\Documents\GitHub\AWA-App\services\common\models_vendor.py': No source for code: '/home/runner/work/AWA-App/AWA-App/C:\Users\Alexey\Documents\GitHub\AWA-App\services\common\models_vendor.py'. (couldnt-parse)
2025-08-18T21:54:23.6842126Z   coverage._warn(msg, slug="couldnt-parse")
2025-08-18T21:54:23.6843832Z /opt/hostedtoolcache/Python/3.11.13/x64/lib/python3.11/site-packages/coverage/report_core.py:118: CoverageWarning: Couldn't parse '/home/runner/work/AWA-App/AWA-App/C:\Users\Alexey\Documents\GitHub\AWA-App\services\common\settings.py': No source for code: '/home/runner/work/AWA-App/AWA-App/C:\Users\Alexey\Documents\GitHub\AWA-App\services\common\settings.py'. (couldnt-parse)
2025-08-18T21:54:23.6845132Z   coverage._warn(msg, slug="couldnt-parse")
2025-08-18T21:54:23.6846806Z /opt/hostedtoolcache/Python/3.11.13/x64/lib/python3.11/site-packages/coverage/report_core.py:118: CoverageWarning: Couldn't parse '/home/runner/work/AWA-App/AWA-App/C:\Users\Alexey\Documents\GitHub\AWA-App\services\db\__init__.py': No source for code: '/home/runner/work/AWA-App/AWA-App/C:\Users\Alexey\Documents\GitHub\AWA-App\services\db\__init__.py'. (couldnt-parse)
2025-08-18T21:54:23.6848330Z   coverage._warn(msg, slug="couldnt-parse")
2025-08-18T21:54:23.6849676Z /opt/hostedtoolcache/Python/3.11.13/x64/lib/python3.11/site-packages/coverage/report_core.py:118: CoverageWarning: Couldn't parse '/home/runner/work/AWA-App/AWA-App/C:\Users\Alexey\Documents\GitHub\AWA-App\services\db\utils\__init__.py': No source for code: '/home/runner/work/AWA-App/AWA-App/C:\Users\Alexey\Documents\GitHub\AWA-App\services\db\utils\__init__.py'. (couldnt-parse)
2025-08-18T21:54:23.6851210Z   coverage._warn(msg, slug="couldnt-parse")
2025-08-18T21:54:23.6852846Z /opt/hostedtoolcache/Python/3.11.13/x64/lib/python3.11/site-packages/coverage/report_core.py:118: CoverageWarning: Couldn't parse '/home/runner/work/AWA-App/AWA-App/C:\Users\Alexey\Documents\GitHub\AWA-App\services\db\utils\views.py': No source for code: '/home/runner/work/AWA-App/AWA-App/C:\Users\Alexey\Documents\GitHub\AWA-App\services\db\utils\views.py'. (couldnt-parse)
2025-08-18T21:54:23.6854515Z   coverage._warn(msg, slug="couldnt-parse")
2025-08-18T21:54:23.6855831Z /opt/hostedtoolcache/Python/3.11.13/x64/lib/python3.11/site-packages/coverage/report_core.py:118: CoverageWarning: Couldn't parse '/home/runner/work/AWA-App/AWA-App/C:\Users\Alexey\Documents\GitHub\AWA-App\services\emailer\__init__.py': No source for code: '/home/runner/work/AWA-App/AWA-App/C:\Users\Alexey\Documents\GitHub\AWA-App\services\emailer\__init__.py'. (couldnt-parse)
2025-08-18T21:54:23.6857546Z   coverage._warn(msg, slug="couldnt-parse")
2025-08-18T21:54:23.6859178Z /opt/hostedtoolcache/Python/3.11.13/x64/lib/python3.11/site-packages/coverage/report_core.py:118: CoverageWarning: Couldn't parse '/home/runner/work/AWA-App/AWA-App/C:\Users\Alexey\Documents\GitHub\AWA-App\services\emailer\generate_body.py': No source for code: '/home/runner/work/AWA-App/AWA-App/C:\Users\Alexey\Documents\GitHub\AWA-App\services\emailer\generate_body.py'. (couldnt-parse)
2025-08-18T21:54:23.6860809Z   coverage._warn(msg, slug="couldnt-parse")
2025-08-18T21:54:23.6862637Z /opt/hostedtoolcache/Python/3.11.13/x64/lib/python3.11/site-packages/coverage/report_core.py:118: CoverageWarning: Couldn't parse '/home/runner/work/AWA-App/AWA-App/C:\Users\Alexey\Documents\GitHub\AWA-App\services\etl\__init__.py': No source for code: '/home/runner/work/AWA-App/AWA-App/C:\Users\Alexey\Documents\GitHub\AWA-App\services\etl\__init__.py'. (couldnt-parse)
2025-08-18T21:54:23.6863955Z   coverage._warn(msg, slug="couldnt-parse")
2025-08-18T21:54:23.6865626Z /opt/hostedtoolcache/Python/3.11.13/x64/lib/python3.11/site-packages/coverage/report_core.py:118: CoverageWarning: Couldn't parse '/home/runner/work/AWA-App/AWA-App/C:\Users\Alexey\Documents\GitHub\AWA-App\services\etl\db.py': No source for code: '/home/runner/work/AWA-App/AWA-App/C:\Users\Alexey\Documents\GitHub\AWA-App\services\etl\db.py'. (couldnt-parse)
2025-08-18T21:54:23.6867065Z   coverage._warn(msg, slug="couldnt-parse")
2025-08-18T21:54:23.6868797Z /opt/hostedtoolcache/Python/3.11.13/x64/lib/python3.11/site-packages/coverage/report_core.py:118: CoverageWarning: Couldn't parse '/home/runner/work/AWA-App/AWA-App/C:\Users\Alexey\Documents\GitHub\AWA-App\services\etl\dialects\__init__.py': No source for code: '/home/runner/work/AWA-App/AWA-App/C:\Users\Alexey\Documents\GitHub\AWA-App\services\etl\dialects\__init__.py'. (couldnt-parse)
2025-08-18T21:54:23.6870515Z   coverage._warn(msg, slug="couldnt-parse")
2025-08-18T21:54:23.6871922Z /opt/hostedtoolcache/Python/3.11.13/x64/lib/python3.11/site-packages/coverage/report_core.py:118: CoverageWarning: Couldn't parse '/home/runner/work/AWA-App/AWA-App/C:\Users\Alexey\Documents\GitHub\AWA-App\services\etl\dialects\amazon_reimbursements.py': No source for code: '/home/runner/work/AWA-App/AWA-App/C:\Users\Alexey\Documents\GitHub\AWA-App\services\etl\dialects\amazon_reimbursements.py'. (couldnt-parse)
2025-08-18T21:54:23.6873778Z   coverage._warn(msg, slug="couldnt-parse")
2025-08-18T21:54:23.6875526Z /opt/hostedtoolcache/Python/3.11.13/x64/lib/python3.11/site-packages/coverage/report_core.py:118: CoverageWarning: Couldn't parse '/home/runner/work/AWA-App/AWA-App/C:\Users\Alexey\Documents\GitHub\AWA-App\services\etl\dialects\amazon_returns.py': No source for code: '/home/runner/work/AWA-App/AWA-App/C:\Users\Alexey\Documents\GitHub\AWA-App\services\etl\dialects\amazon_returns.py'. (couldnt-parse)
2025-08-18T21:54:23.6876898Z   coverage._warn(msg, slug="couldnt-parse")
2025-08-18T21:54:23.6878815Z /opt/hostedtoolcache/Python/3.11.13/x64/lib/python3.11/site-packages/coverage/report_core.py:118: CoverageWarning: Couldn't parse '/home/runner/work/AWA-App/AWA-App/C:\Users\Alexey\Documents\GitHub\AWA-App\services\etl\fba_fee_ingestor.py': No source for code: '/home/runner/work/AWA-App/AWA-App/C:\Users\Alexey\Documents\GitHub\AWA-App\services\etl\fba_fee_ingestor.py'. (couldnt-parse)
2025-08-18T21:54:23.6880471Z   coverage._warn(msg, slug="couldnt-parse")
2025-08-18T21:54:23.6882094Z /opt/hostedtoolcache/Python/3.11.13/x64/lib/python3.11/site-packages/coverage/report_core.py:118: CoverageWarning: Couldn't parse '/home/runner/work/AWA-App/AWA-App/C:\Users\Alexey\Documents\GitHub\AWA-App\services\etl\keepa_ingestor.py': No source for code: '/home/runner/work/AWA-App/AWA-App/C:\Users\Alexey\Documents\GitHub\AWA-App\services\etl\keepa_ingestor.py'. (couldnt-parse)
2025-08-18T21:54:23.6883888Z   coverage._warn(msg, slug="couldnt-parse")
2025-08-18T21:54:23.6885208Z /opt/hostedtoolcache/Python/3.11.13/x64/lib/python3.11/site-packages/coverage/report_core.py:118: CoverageWarning: Couldn't parse '/home/runner/work/AWA-App/AWA-App/C:\Users\Alexey\Documents\GitHub\AWA-App\services\etl\sp_fees_ingestor.py': No source for code: '/home/runner/work/AWA-App/AWA-App/C:\Users\Alexey\Documents\GitHub\AWA-App\services\etl\sp_fees_ingestor.py'. (couldnt-parse)
2025-08-18T21:54:23.6886992Z   coverage._warn(msg, slug="couldnt-parse")
2025-08-18T21:54:23.6889086Z /opt/hostedtoolcache/Python/3.11.13/x64/lib/python3.11/site-packages/coverage/report_core.py:118: CoverageWarning: Couldn't parse '/home/runner/work/AWA-App/AWA-App/C:\Users\Alexey\Documents\GitHub\AWA-App\services\fees_h10\__init__.py': No source for code: '/home/runner/work/AWA-App/AWA-App/C:\Users\Alexey\Documents\GitHub\AWA-App\services\fees_h10\__init__.py'. (couldnt-parse)
2025-08-18T21:54:23.6890423Z   coverage._warn(msg, slug="couldnt-parse")
2025-08-18T21:54:23.6892186Z /opt/hostedtoolcache/Python/3.11.13/x64/lib/python3.11/site-packages/coverage/report_core.py:118: CoverageWarning: Couldn't parse '/home/runner/work/AWA-App/AWA-App/C:\Users\Alexey\Documents\GitHub\AWA-App\services\fees_h10\client.py': No source for code: '/home/runner/work/AWA-App/AWA-App/C:\Users\Alexey\Documents\GitHub\AWA-App\services\fees_h10\client.py'. (couldnt-parse)
2025-08-18T21:54:23.6893672Z   coverage._warn(msg, slug="couldnt-parse")
2025-08-18T21:54:23.6895217Z /opt/hostedtoolcache/Python/3.11.13/x64/lib/python3.11/site-packages/coverage/report_core.py:118: CoverageWarning: Couldn't parse '/home/runner/work/AWA-App/AWA-App/C:\Users\Alexey\Documents\GitHub\AWA-App\services\fees_h10\repository.py': No source for code: '/home/runner/work/AWA-App/AWA-App/C:\Users\Alexey\Documents\GitHub\AWA-App\services\fees_h10\repository.py'. (couldnt-parse)
2025-08-18T21:54:23.6896955Z   coverage._warn(msg, slug="couldnt-parse")
2025-08-18T21:54:23.6898347Z /opt/hostedtoolcache/Python/3.11.13/x64/lib/python3.11/site-packages/coverage/report_core.py:118: CoverageWarning: Couldn't parse '/home/runner/work/AWA-App/AWA-App/C:\Users\Alexey\Documents\GitHub\AWA-App\services\fees_h10\worker.py': No source for code: '/home/runner/work/AWA-App/AWA-App/C:\Users\Alexey\Documents\GitHub\AWA-App\services\fees_h10\worker.py'. (couldnt-parse)
2025-08-18T21:54:23.6900090Z   coverage._warn(msg, slug="couldnt-parse")
2025-08-18T21:54:23.6901582Z /opt/hostedtoolcache/Python/3.11.13/x64/lib/python3.11/site-packages/coverage/report_core.py:118: CoverageWarning: Couldn't parse '/home/runner/work/AWA-App/AWA-App/C:\Users\Alexey\Documents\GitHub\AWA-App\services\ingest\__init__.py': No source for code: '/home/runner/work/AWA-App/AWA-App/C:\Users\Alexey\Documents\GitHub\AWA-App\services\ingest\__init__.py'. (couldnt-parse)
2025-08-18T21:54:23.6903091Z   coverage._warn(msg, slug="couldnt-parse")
2025-08-18T21:54:23.6904837Z /opt/hostedtoolcache/Python/3.11.13/x64/lib/python3.11/site-packages/coverage/report_core.py:118: CoverageWarning: Couldn't parse '/home/runner/work/AWA-App/AWA-App/C:\Users\Alexey\Documents\GitHub\AWA-App\services\ingest\email_watcher.py': No source for code: '/home/runner/work/AWA-App/AWA-App/C:\Users\Alexey\Documents\GitHub\AWA-App\services\ingest\email_watcher.py'. (couldnt-parse)
2025-08-18T21:54:23.6906438Z   coverage._warn(msg, slug="couldnt-parse")
2025-08-18T21:54:23.6908236Z /opt/hostedtoolcache/Python/3.11.13/x64/lib/python3.11/site-packages/coverage/report_core.py:118: CoverageWarning: Couldn't parse '/home/runner/work/AWA-App/AWA-App/C:\Users\Alexey\Documents\GitHub\AWA-App\services\ingest\ingest_router.py': No source for code: '/home/runner/work/AWA-App/AWA-App/C:\Users\Alexey\Documents\GitHub\AWA-App\services\ingest\ingest_router.py'. (couldnt-parse)
2025-08-18T21:54:23.6909984Z   coverage._warn(msg, slug="couldnt-parse")
2025-08-18T21:54:23.6911318Z /opt/hostedtoolcache/Python/3.11.13/x64/lib/python3.11/site-packages/coverage/report_core.py:118: CoverageWarning: Couldn't parse '/home/runner/work/AWA-App/AWA-App/C:\Users\Alexey\Documents\GitHub\AWA-App\services\ingest\upload_router.py': No source for code: '/home/runner/work/AWA-App/AWA-App/C:\Users\Alexey\Documents\GitHub\AWA-App\services\ingest\upload_router.py'. (couldnt-parse)
2025-08-18T21:54:23.6913092Z   coverage._warn(msg, slug="couldnt-parse")
2025-08-18T21:54:23.6914623Z /opt/hostedtoolcache/Python/3.11.13/x64/lib/python3.11/site-packages/coverage/report_core.py:118: CoverageWarning: Couldn't parse '/home/runner/work/AWA-App/AWA-App/C:\Users\Alexey\Documents\GitHub\AWA-App\services\llm_server\__init__.py': No source for code: '/home/runner/work/AWA-App/AWA-App/C:\Users\Alexey\Documents\GitHub\AWA-App\services\llm_server\__init__.py'. (couldnt-parse)
2025-08-18T21:54:23.6916246Z   coverage._warn(msg, slug="couldnt-parse")
2025-08-18T21:54:23.6918109Z /opt/hostedtoolcache/Python/3.11.13/x64/lib/python3.11/site-packages/coverage/report_core.py:118: CoverageWarning: Couldn't parse '/home/runner/work/AWA-App/AWA-App/C:\Users\Alexey\Documents\GitHub\AWA-App\services\llm_server\app.py': No source for code: '/home/runner/work/AWA-App/AWA-App/C:\Users\Alexey\Documents\GitHub\AWA-App\services\llm_server\app.py'. (couldnt-parse)
2025-08-18T21:54:23.6919405Z   coverage._warn(msg, slug="couldnt-parse")
2025-08-18T21:54:23.6921205Z /opt/hostedtoolcache/Python/3.11.13/x64/lib/python3.11/site-packages/coverage/report_core.py:118: CoverageWarning: Couldn't parse '/home/runner/work/AWA-App/AWA-App/C:\Users\Alexey\Documents\GitHub\AWA-App\services\logistics_etl\__init__.py': No source for code: '/home/runner/work/AWA-App/AWA-App/C:\Users\Alexey\Documents\GitHub\AWA-App\services\logistics_etl\__init__.py'. (couldnt-parse)
2025-08-18T21:54:23.6922888Z   coverage._warn(msg, slug="couldnt-parse")
2025-08-18T21:54:23.6924266Z /opt/hostedtoolcache/Python/3.11.13/x64/lib/python3.11/site-packages/coverage/report_core.py:118: CoverageWarning: Couldn't parse '/home/runner/work/AWA-App/AWA-App/C:\Users\Alexey\Documents\GitHub\AWA-App\services\logistics_etl\__main__.py': No source for code: '/home/runner/work/AWA-App/AWA-App/C:\Users\Alexey\Documents\GitHub\AWA-App\services\logistics_etl\__main__.py'. (couldnt-parse)
2025-08-18T21:54:23.6926064Z   coverage._warn(msg, slug="couldnt-parse")
2025-08-18T21:54:23.6927560Z /opt/hostedtoolcache/Python/3.11.13/x64/lib/python3.11/site-packages/coverage/report_core.py:118: CoverageWarning: Couldn't parse '/home/runner/work/AWA-App/AWA-App/C:\Users\Alexey\Documents\GitHub\AWA-App\services\logistics_etl\client.py': No source for code: '/home/runner/work/AWA-App/AWA-App/C:\Users\Alexey\Documents\GitHub\AWA-App\services\logistics_etl\client.py'. (couldnt-parse)
2025-08-18T21:54:23.6929288Z   coverage._warn(msg, slug="couldnt-parse")
2025-08-18T21:54:23.6931016Z /opt/hostedtoolcache/Python/3.11.13/x64/lib/python3.11/site-packages/coverage/report_core.py:118: CoverageWarning: Couldn't parse '/home/runner/work/AWA-App/AWA-App/C:\Users\Alexey\Documents\GitHub\AWA-App\services\logistics_etl\cron.py': No source for code: '/home/runner/work/AWA-App/AWA-App/C:\Users\Alexey\Documents\GitHub\AWA-App\services\logistics_etl\cron.py'. (couldnt-parse)
2025-08-18T21:54:23.6932350Z   coverage._warn(msg, slug="couldnt-parse")
2025-08-18T21:54:23.6934269Z /opt/hostedtoolcache/Python/3.11.13/x64/lib/python3.11/site-packages/coverage/report_core.py:118: CoverageWarning: Couldn't parse '/home/runner/work/AWA-App/AWA-App/C:\Users\Alexey\Documents\GitHub\AWA-App\services\logistics_etl\db.py': No source for code: '/home/runner/work/AWA-App/AWA-App/C:\Users\Alexey\Documents\GitHub\AWA-App\services\logistics_etl\db.py'. (couldnt-parse)
2025-08-18T21:54:23.6935827Z   coverage._warn(msg, slug="couldnt-parse")
2025-08-18T21:54:23.6937319Z /opt/hostedtoolcache/Python/3.11.13/x64/lib/python3.11/site-packages/coverage/report_core.py:118: CoverageWarning: Couldn't parse '/home/runner/work/AWA-App/AWA-App/C:\Users\Alexey\Documents\GitHub\AWA-App\services\logistics_etl\flow.py': No source for code: '/home/runner/work/AWA-App/AWA-App/C:\Users\Alexey\Documents\GitHub\AWA-App\services\logistics_etl\flow.py'. (couldnt-parse)
2025-08-18T21:54:23.6939253Z   coverage._warn(msg, slug="couldnt-parse")
2025-08-18T21:54:23.6940618Z /opt/hostedtoolcache/Python/3.11.13/x64/lib/python3.11/site-packages/coverage/report_core.py:118: CoverageWarning: Couldn't parse '/home/runner/work/AWA-App/AWA-App/C:\Users\Alexey\Documents\GitHub\AWA-App\services\logistics_etl\repository.py': No source for code: '/home/runner/work/AWA-App/AWA-App/C:\Users\Alexey\Documents\GitHub\AWA-App\services\logistics_etl\repository.py'. (couldnt-parse)
2025-08-18T21:54:23.6941972Z   coverage._warn(msg, slug="couldnt-parse")
2025-08-18T21:54:23.6943889Z /opt/hostedtoolcache/Python/3.11.13/x64/lib/python3.11/site-packages/coverage/report_core.py:118: CoverageWarning: Couldn't parse '/home/runner/work/AWA-App/AWA-App/C:\Users\Alexey\Documents\GitHub\AWA-App\services\price_importer\__init__.py': No source for code: '/home/runner/work/AWA-App/AWA-App/C:\Users\Alexey\Documents\GitHub\AWA-App\services\price_importer\__init__.py'. (couldnt-parse)
2025-08-18T21:54:23.6945575Z   coverage._warn(msg, slug="couldnt-parse")
2025-08-18T21:54:23.6947088Z /opt/hostedtoolcache/Python/3.11.13/x64/lib/python3.11/site-packages/coverage/report_core.py:118: CoverageWarning: Couldn't parse '/home/runner/work/AWA-App/AWA-App/C:\Users\Alexey\Documents\GitHub\AWA-App\services\price_importer\common\__init__.py': No source for code: '/home/runner/work/AWA-App/AWA-App/C:\Users\Alexey\Documents\GitHub\AWA-App\services\price_importer\common\__init__.py'. (couldnt-parse)
2025-08-18T21:54:23.6949065Z   coverage._warn(msg, slug="couldnt-parse")
2025-08-18T21:54:23.6950593Z /opt/hostedtoolcache/Python/3.11.13/x64/lib/python3.11/site-packages/coverage/report_core.py:118: CoverageWarning: Couldn't parse '/home/runner/work/AWA-App/AWA-App/C:\Users\Alexey\Documents\GitHub\AWA-App\services\price_importer\common\base.py': No source for code: '/home/runner/work/AWA-App/AWA-App/C:\Users\Alexey\Documents\GitHub\AWA-App\services\price_importer\common\base.py'. (couldnt-parse)
2025-08-18T21:54:23.6952270Z   coverage._warn(msg, slug="couldnt-parse")
2025-08-18T21:54:23.6954076Z /opt/hostedtoolcache/Python/3.11.13/x64/lib/python3.11/site-packages/coverage/report_core.py:118: CoverageWarning: Couldn't parse '/home/runner/work/AWA-App/AWA-App/C:\Users\Alexey\Documents\GitHub\AWA-App\services\price_importer\common\db_url.py': No source for code: '/home/runner/work/AWA-App/AWA-App/C:\Users\Alexey\Documents\GitHub\AWA-App\services\price_importer\common\db_url.py'. (couldnt-parse)
2025-08-18T21:54:23.6955558Z   coverage._warn(msg, slug="couldnt-parse")
2025-08-18T21:54:23.6957350Z /opt/hostedtoolcache/Python/3.11.13/x64/lib/python3.11/site-packages/coverage/report_core.py:118: CoverageWarning: Couldn't parse '/home/runner/work/AWA-App/AWA-App/C:\Users\Alexey\Documents\GitHub\AWA-App\services\price_importer\common\models_vendor.py': No source for code: '/home/runner/work/AWA-App/AWA-App/C:\Users\Alexey\Documents\GitHub\AWA-App\services\price_importer\common\models_vendor.py'. (couldnt-parse)
2025-08-18T21:54:23.6959466Z   coverage._warn(msg, slug="couldnt-parse")
2025-08-18T21:54:23.6960888Z /opt/hostedtoolcache/Python/3.11.13/x64/lib/python3.11/site-packages/coverage/report_core.py:118: CoverageWarning: Couldn't parse '/home/runner/work/AWA-App/AWA-App/C:\Users\Alexey\Documents\GitHub\AWA-App\services\price_importer\import.py': No source for code: '/home/runner/work/AWA-App/AWA-App/C:\Users\Alexey\Documents\GitHub\AWA-App\services\price_importer\import.py'. (couldnt-parse)
2025-08-18T21:54:23.6962725Z   coverage._warn(msg, slug="couldnt-parse")
2025-08-18T21:54:23.6964537Z /opt/hostedtoolcache/Python/3.11.13/x64/lib/python3.11/site-packages/coverage/report_core.py:118: CoverageWarning: Couldn't parse '/home/runner/work/AWA-App/AWA-App/C:\Users\Alexey\Documents\GitHub\AWA-App\services\price_importer\normaliser.py': No source for code: '/home/runner/work/AWA-App/AWA-App/C:\Users\Alexey\Documents\GitHub\AWA-App\services\price_importer\normaliser.py'. (couldnt-parse)
2025-08-18T21:54:23.6965950Z   coverage._warn(msg, slug="couldnt-parse")
2025-08-18T21:54:23.6967779Z /opt/hostedtoolcache/Python/3.11.13/x64/lib/python3.11/site-packages/coverage/report_core.py:118: CoverageWarning: Couldn't parse '/home/runner/work/AWA-App/AWA-App/C:\Users\Alexey\Documents\GitHub\AWA-App\services\price_importer\reader.py': No source for code: '/home/runner/work/AWA-App/AWA-App/C:\Users\Alexey\Documents\GitHub\AWA-App\services\price_importer\reader.py'. (couldnt-parse)
2025-08-18T21:54:23.6969514Z   coverage._warn(msg, slug="couldnt-parse")
2025-08-18T21:54:23.6971108Z /opt/hostedtoolcache/Python/3.11.13/x64/lib/python3.11/site-packages/coverage/report_core.py:118: CoverageWarning: Couldn't parse '/home/runner/work/AWA-App/AWA-App/C:\Users\Alexey\Documents\GitHub\AWA-App\services\price_importer\repository.py': No source for code: '/home/runner/work/AWA-App/AWA-App/C:\Users\Alexey\Documents\GitHub\AWA-App\services\price_importer\repository.py'. (couldnt-parse)
2025-08-18T21:54:23.6972997Z   coverage._warn(msg, slug="couldnt-parse")
2025-08-18T21:54:23.6974454Z /opt/hostedtoolcache/Python/3.11.13/x64/lib/python3.11/site-packages/coverage/report_core.py:118: CoverageWarning: Couldn't parse '/home/runner/work/AWA-App/AWA-App/C:\Users\Alexey\Documents\GitHub\AWA-App\services\price_importer\services_common\__init__.py': No source for code: '/home/runner/work/AWA-App/AWA-App/C:\Users\Alexey\Documents\GitHub\AWA-App\services\price_importer\services_common\__init__.py'. (couldnt-parse)
2025-08-18T21:54:23.6975893Z   coverage._warn(msg, slug="couldnt-parse")
2025-08-18T21:54:23.6977318Z /opt/hostedtoolcache/Python/3.11.13/x64/lib/python3.11/site-packages/coverage/report_core.py:118: CoverageWarning: Couldn't parse '/home/runner/work/AWA-App/AWA-App/C:\Users\Alexey\Documents\GitHub\AWA-App\services\price_importer\services_common\base.py': No source for code: '/home/runner/work/AWA-App/AWA-App/C:\Users\Alexey\Documents\GitHub\AWA-App\services\price_importer\services_common\base.py'. (couldnt-parse)
2025-08-18T21:54:23.6978844Z   coverage._warn(msg, slug="couldnt-parse")
2025-08-18T21:54:23.6980248Z /opt/hostedtoolcache/Python/3.11.13/x64/lib/python3.11/site-packages/coverage/report_core.py:118: CoverageWarning: Couldn't parse '/home/runner/work/AWA-App/AWA-App/C:\Users\Alexey\Documents\GitHub\AWA-App\services\price_importer\services_common\db.py': No source for code: '/home/runner/work/AWA-App/AWA-App/C:\Users\Alexey\Documents\GitHub\AWA-App\services\price_importer\services_common\db.py'. (couldnt-parse)
2025-08-18T21:54:23.6981646Z   coverage._warn(msg, slug="couldnt-parse")
2025-08-18T21:54:23.6983063Z /opt/hostedtoolcache/Python/3.11.13/x64/lib/python3.11/site-packages/coverage/report_core.py:118: CoverageWarning: Couldn't parse '/home/runner/work/AWA-App/AWA-App/C:\Users\Alexey\Documents\GitHub\AWA-App\services\price_importer\services_common\db_url.py': No source for code: '/home/runner/work/AWA-App/AWA-App/C:\Users\Alexey\Documents\GitHub\AWA-App\services\price_importer\services_common\db_url.py'. (couldnt-parse)
2025-08-18T21:54:23.6984497Z   coverage._warn(msg, slug="couldnt-parse")
2025-08-18T21:54:23.6985902Z /opt/hostedtoolcache/Python/3.11.13/x64/lib/python3.11/site-packages/coverage/report_core.py:118: CoverageWarning: Couldn't parse '/home/runner/work/AWA-App/AWA-App/C:\Users\Alexey\Documents\GitHub\AWA-App\services\price_importer\services_common\dsn.py': No source for code: '/home/runner/work/AWA-App/AWA-App/C:\Users\Alexey\Documents\GitHub\AWA-App\services\price_importer\services_common\dsn.py'. (couldnt-parse)
2025-08-18T21:54:23.6988667Z   coverage._warn(msg, slug="couldnt-parse")
2025-08-18T21:54:23.6990650Z /opt/hostedtoolcache/Python/3.11.13/x64/lib/python3.11/site-packages/coverage/report_core.py:118: CoverageWarning: Couldn't parse '/home/runner/work/AWA-App/AWA-App/C:\Users\Alexey\Documents\GitHub\AWA-App\services\price_importer\services_common\keepa.py': No source for code: '/home/runner/work/AWA-App/AWA-App/C:\Users\Alexey\Documents\GitHub\AWA-App\services\price_importer\services_common\keepa.py'. (couldnt-parse)
2025-08-18T21:54:23.6992107Z   coverage._warn(msg, slug="couldnt-parse")
2025-08-18T21:54:23.6993556Z /opt/hostedtoolcache/Python/3.11.13/x64/lib/python3.11/site-packages/coverage/report_core.py:118: CoverageWarning: Couldn't parse '/home/runner/work/AWA-App/AWA-App/C:\Users\Alexey\Documents\GitHub\AWA-App\services\price_importer\services_common\llm.py': No source for code: '/home/runner/work/AWA-App/AWA-App/C:\Users\Alexey\Documents\GitHub\AWA-App\services\price_importer\services_common\llm.py'. (couldnt-parse)
2025-08-18T21:54:23.6994994Z   coverage._warn(msg, slug="couldnt-parse")
2025-08-18T21:54:23.6996646Z /opt/hostedtoolcache/Python/3.11.13/x64/lib/python3.11/site-packages/coverage/report_core.py:118: CoverageWarning: Couldn't parse '/home/runner/work/AWA-App/AWA-App/C:\Users\Alexey\Documents\GitHub\AWA-App\services\price_importer\services_common\models_vendor.py': No source for code: '/home/runner/work/AWA-App/AWA-App/C:\Users\Alexey\Documents\GitHub\AWA-App\services\price_importer\services_common\models_vendor.py'. (couldnt-parse)
2025-08-18T21:54:23.6998417Z   coverage._warn(msg, slug="couldnt-parse")
2025-08-18T21:54:23.6999886Z /opt/hostedtoolcache/Python/3.11.13/x64/lib/python3.11/site-packages/coverage/report_core.py:118: CoverageWarning: Couldn't parse '/home/runner/work/AWA-App/AWA-App/C:\Users\Alexey\Documents\GitHub\AWA-App\services\price_importer\services_common\settings.py': No source for code: '/home/runner/work/AWA-App/AWA-App/C:\Users\Alexey\Documents\GitHub\AWA-App\services\price_importer\services_common\settings.py'. (couldnt-parse)
2025-08-18T21:54:23.7001361Z   coverage._warn(msg, slug="couldnt-parse")
2025-08-18T21:54:23.7002673Z /opt/hostedtoolcache/Python/3.11.13/x64/lib/python3.11/site-packages/coverage/report_core.py:118: CoverageWarning: Couldn't parse '/home/runner/work/AWA-App/AWA-App/C:\Users\Alexey\Documents\GitHub\AWA-App\services\repricer\__init__.py': No source for code: '/home/runner/work/AWA-App/AWA-App/C:\Users\Alexey\Documents\GitHub\AWA-App\services\repricer\__init__.py'. (couldnt-parse)
2025-08-18T21:54:23.7003979Z   coverage._warn(msg, slug="couldnt-parse")
2025-08-18T21:54:23.7005318Z /opt/hostedtoolcache/Python/3.11.13/x64/lib/python3.11/site-packages/coverage/report_core.py:118: CoverageWarning: Couldn't parse '/home/runner/work/AWA-App/AWA-App/C:\Users\Alexey\Documents\GitHub\AWA-App\services\repricer\app\__init__.py': No source for code: '/home/runner/work/AWA-App/AWA-App/C:\Users\Alexey\Documents\GitHub\AWA-App\services\repricer\app\__init__.py'. (couldnt-parse)
2025-08-18T21:54:23.7006638Z   coverage._warn(msg, slug="couldnt-parse")
2025-08-18T21:54:23.7008085Z /opt/hostedtoolcache/Python/3.11.13/x64/lib/python3.11/site-packages/coverage/report_core.py:118: CoverageWarning: Couldn't parse '/home/runner/work/AWA-App/AWA-App/C:\Users\Alexey\Documents\GitHub\AWA-App\services\repricer\app\deps.py': No source for code: '/home/runner/work/AWA-App/AWA-App/C:\Users\Alexey\Documents\GitHub\AWA-App\services\repricer\app\deps.py'. (couldnt-parse)
2025-08-18T21:54:23.7009391Z   coverage._warn(msg, slug="couldnt-parse")
2025-08-18T21:54:23.7010696Z /opt/hostedtoolcache/Python/3.11.13/x64/lib/python3.11/site-packages/coverage/report_core.py:118: CoverageWarning: Couldn't parse '/home/runner/work/AWA-App/AWA-App/C:\Users\Alexey\Documents\GitHub\AWA-App\services\repricer\app\logic.py': No source for code: '/home/runner/work/AWA-App/AWA-App/C:\Users\Alexey\Documents\GitHub\AWA-App\services\repricer\app\logic.py'. (couldnt-parse)
2025-08-18T21:54:23.7012157Z   coverage._warn(msg, slug="couldnt-parse")
2025-08-18T21:54:23.7013453Z /opt/hostedtoolcache/Python/3.11.13/x64/lib/python3.11/site-packages/coverage/report_core.py:118: CoverageWarning: Couldn't parse '/home/runner/work/AWA-App/AWA-App/C:\Users\Alexey\Documents\GitHub\AWA-App\services\repricer\app\main.py': No source for code: '/home/runner/work/AWA-App/AWA-App/C:\Users\Alexey\Documents\GitHub\AWA-App\services\repricer\app\main.py'. (couldnt-parse)
2025-08-18T21:54:23.7014745Z   coverage._warn(msg, slug="couldnt-parse")
2025-08-18T21:54:23.7016056Z /opt/hostedtoolcache/Python/3.11.13/x64/lib/python3.11/site-packages/coverage/report_core.py:118: CoverageWarning: Couldn't parse '/home/runner/work/AWA-App/AWA-App/C:\Users\Alexey\Documents\GitHub\AWA-App\services\repricer\app\schemas.py': No source for code: '/home/runner/work/AWA-App/AWA-App/C:\Users\Alexey\Documents\GitHub\AWA-App\services\repricer\app\schemas.py'. (couldnt-parse)
2025-08-18T21:54:23.7017379Z   coverage._warn(msg, slug="couldnt-parse")
2025-08-18T21:54:23.7018906Z /opt/hostedtoolcache/Python/3.11.13/x64/lib/python3.11/site-packages/coverage/report_core.py:118: CoverageWarning: Couldn't parse '/home/runner/work/AWA-App/AWA-App/C:\Users\Alexey\Documents\GitHub\AWA-App\services\returns_etl\loader.py': No source for code: '/home/runner/work/AWA-App/AWA-App/C:\Users\Alexey\Documents\GitHub\AWA-App\services\returns_etl\loader.py'. (couldnt-parse)
2025-08-18T21:54:23.7020223Z   coverage._warn(msg, slug="couldnt-parse")
2025-08-18T21:54:24.0558013Z ............                                                             [100%]
2025-08-18T21:54:24.0558604Z ================================ tests coverage ================================
2025-08-18T21:54:24.0559325Z _______________ coverage: platform linux, python 3.11.13-final-0 _______________
2025-08-18T21:54:24.0559877Z 
2025-08-18T21:54:24.0560079Z Coverage XML written to file coverage.xml
2025-08-18T21:54:24.2098005Z ##[group]Run actions/upload-artifact@v4
2025-08-18T21:54:24.2098293Z with:
2025-08-18T21:54:24.2098493Z   name: coverage.integration
2025-08-18T21:54:24.2098759Z   path: .coverage
2025-08-18T21:54:24.2098961Z   if-no-files-found: warn
2025-08-18T21:54:24.2099178Z   compression-level: 6
2025-08-18T21:54:24.2099376Z   overwrite: false
2025-08-18T21:54:24.2099568Z   include-hidden-files: false
2025-08-18T21:54:24.2099787Z env:
2025-08-18T21:54:24.2099954Z   PG_USER: postgres
2025-08-18T21:54:24.2100143Z   PG_PASSWORD: pass
2025-08-18T21:54:24.2100324Z   PG_DATABASE: awa
2025-08-18T21:54:24.2100500Z   PG_HOST: localhost
2025-08-18T21:54:24.2100687Z   PG_PORT: 5432
2025-08-18T21:54:24.2101138Z   PG_SYNC_DSN: ***localhost:5432/awa
2025-08-18T21:54:24.2101541Z   PG_ASYNC_DSN: ***localhost:5432/awa
2025-08-18T21:54:24.2101957Z   DATABASE_URL: ***localhost:5432/awa
2025-08-18T21:54:24.2102198Z   DATA_DIR: /tmp/awa-data
2025-08-18T21:54:24.2102401Z   ENABLE_LIVE: 0
2025-08-18T21:54:24.2102614Z   TESTING: 1
2025-08-18T21:54:24.2102853Z   pythonLocation: /opt/hostedtoolcache/Python/3.11.13/x64
2025-08-18T21:54:24.2103248Z   PKG_CONFIG_PATH: /opt/hostedtoolcache/Python/3.11.13/x64/lib/pkgconfig
2025-08-18T21:54:24.2103650Z   Python_ROOT_DIR: /opt/hostedtoolcache/Python/3.11.13/x64
2025-08-18T21:54:24.2104004Z   Python2_ROOT_DIR: /opt/hostedtoolcache/Python/3.11.13/x64
2025-08-18T21:54:24.2104355Z   Python3_ROOT_DIR: /opt/hostedtoolcache/Python/3.11.13/x64
2025-08-18T21:54:24.2104708Z   LD_LIBRARY_PATH: /opt/hostedtoolcache/Python/3.11.13/x64/lib
2025-08-18T21:54:24.2105001Z ##[endgroup]
2025-08-18T21:54:24.4258120Z ##[warning]No files were found with the provided path: .coverage. No artifacts will be uploaded.
2025-08-18T21:54:24.4861117Z Post job cleanup.
2025-08-18T21:54:24.6114262Z Cache hit occurred on the primary key Linux-int-5e718741e550cec7917fae13efe91a31293d04a98c3c0932315e8f58598cbd2c, not saving cache.
2025-08-18T21:54:24.6197195Z Post job cleanup.
2025-08-18T21:54:24.7681399Z Cache hit occurred on the primary key setup-python-Linux-x64-24.04-Ubuntu-python-3.11.13-pip-5e718741e550cec7917fae13efe91a31293d04a98c3c0932315e8f58598cbd2c, not saving cache.
2025-08-18T21:54:24.7777310Z Post job cleanup.
2025-08-18T21:54:24.8720019Z [command]/usr/bin/git version
2025-08-18T21:54:24.8755703Z git version 2.50.1
2025-08-18T21:54:24.8798636Z Temporarily overriding HOME='/home/runner/work/_temp/8c5a5f78-507b-441b-a7ab-9ba31c5f656e' before making global git config changes
2025-08-18T21:54:24.8799846Z Adding repository directory to the temporary git global config as a safe directory
2025-08-18T21:54:24.8811819Z [command]/usr/bin/git config --global --add safe.directory /home/runner/work/AWA-App/AWA-App
2025-08-18T21:54:24.8848120Z [command]/usr/bin/git config --local --name-only --get-regexp core\.sshCommand
2025-08-18T21:54:24.8880454Z [command]/usr/bin/git submodule foreach --recursive sh -c "git config --local --name-only --get-regexp 'core\.sshCommand' && git config --local --unset-all 'core.sshCommand' || :"
2025-08-18T21:54:24.9112779Z [command]/usr/bin/git config --local --name-only --get-regexp http\.https\:\/\/github\.com\/\.extraheader
2025-08-18T21:54:24.9133547Z http.https://github.com/.extraheader
2025-08-18T21:54:24.9145976Z [command]/usr/bin/git config --local --unset-all http.https://github.com/.extraheader
2025-08-18T21:54:24.9176497Z [command]/usr/bin/git submodule foreach --recursive sh -c "git config --local --name-only --get-regexp 'http\.https\:\/\/github\.com\/\.extraheader' && git config --local --unset-all 'http.https://github.com/.extraheader' || :"
2025-08-18T21:54:24.9493471Z Print service container logs: bf6aa9ee84d642e1adcb2e52af1d9d5d_postgres15_65010d
2025-08-18T21:54:24.9498050Z ##[command]/usr/bin/docker logs --details bf1caf27eabc8ec60a1b7524d53ab15ddbcd8239e826301a94ef76b169b548dd
2025-08-18T21:54:24.9620566Z  The files belonging to this database system will be owned by user "postgres".
2025-08-18T21:54:24.9621293Z  This user must also own the server process.
2025-08-18T21:54:24.9621655Z  
2025-08-18T21:54:24.9622086Z  The database cluster will be initialized with locale "en_US.utf8".
2025-08-18T21:54:24.9622862Z  The default database encoding has accordingly been set to "UTF8".
2025-08-18T21:54:24.9623584Z  The default text search configuration will be set to "english".
2025-08-18T21:54:24.9624117Z  
2025-08-18T21:54:24.9624418Z  Data page checksums are disabled.
2025-08-18T21:54:24.9624819Z  
2025-08-18T21:54:24.9625305Z  fixing permissions on existing directory /var/lib/postgresql/data ... ok
2025-08-18T21:54:24.9626001Z  creating subdirectories ... ok
2025-08-18T21:54:24.9626509Z  selecting dynamic shared memory implementation ... posix
2025-08-18T21:54:24.9627083Z  selecting default max_connections ... 100
2025-08-18T21:54:24.9627550Z  selecting default shared_buffers ... 128MB
2025-08-18T21:54:24.9628200Z  selecting default time zone ... Etc/UTC
2025-08-18T21:54:24.9628655Z  creating configuration files ... ok
2025-08-18T21:54:24.9629089Z  running bootstrap script ... ok
2025-08-18T21:54:24.9629559Z  performing post-bootstrap initialization ... ok
2025-08-18T21:54:24.9630046Z  syncing data to disk ... ok
2025-08-18T21:54:24.9630398Z  
2025-08-18T21:54:24.9630646Z  
2025-08-18T21:54:24.9630997Z  Success. You can now start the database server using:
2025-08-18T21:54:24.9631463Z  
2025-08-18T21:54:24.9631824Z      pg_ctl -D /var/lib/postgresql/data -l logfile start
2025-08-18T21:54:24.9632286Z  
2025-08-18T21:54:24.9633744Z  initdb: warning: enabling "trust" authentication for local connections
2025-08-18T21:54:24.9634851Z  initdb: hint: You can change this by editing pg_hba.conf or using the option -A, or --auth-local and --auth-host, the next time you run initdb.
2025-08-18T21:54:24.9636255Z  2025-08-18 21:53:15.890 UTC [1] LOG:  starting PostgreSQL 15.14 (Debian 15.14-1.pgdg13+1) on x86_64-pc-linux-gnu, compiled by gcc (Debian 14.2.0-19) 14.2.0, 64-bit
2025-08-18T21:54:24.9637601Z  2025-08-18 21:53:15.890 UTC [1] LOG:  listening on IPv4 address "0.0.0.0", port 5432
2025-08-18T21:54:24.9638503Z  2025-08-18 21:53:15.890 UTC [1] LOG:  listening on IPv6 address "::", port 5432
2025-08-18T21:54:24.9639207Z  2025-08-18 21:53:15.893 UTC [1] LOG:  listening on Unix socket "/var/run/postgresql/.s.PGSQL.5432"
2025-08-18T21:54:24.9639971Z  2025-08-18 21:53:15.896 UTC [64] LOG:  database system was shut down at 2025-08-18 21:53:15 UTC
2025-08-18T21:54:24.9640743Z  2025-08-18 21:53:15.900 UTC [1] LOG:  database system is ready to accept connections
2025-08-18T21:54:24.9641977Z  waiting for server to start....2025-08-18 21:53:15.582 UTC [48] LOG:  starting PostgreSQL 15.14 (Debian 15.14-1.pgdg13+1) on x86_64-pc-linux-gnu, compiled by gcc (Debian 14.2.0-19) 14.2.0, 64-bit
2025-08-18T21:54:24.9643501Z  2025-08-18 21:53:15.582 UTC [48] LOG:  listening on Unix socket "/var/run/postgresql/.s.PGSQL.5432"
2025-08-18T21:54:24.9644355Z  2025-08-18 21:53:15.586 UTC [51] LOG:  database system was shut down at 2025-08-18 21:53:15 UTC
2025-08-18T21:54:24.9644976Z  2025-08-18 21:53:15.590 UTC [48] LOG:  database system is ready to accept connections
2025-08-18T21:54:24.9645387Z   done
2025-08-18T21:54:24.9645654Z  server started
2025-08-18T21:54:24.9646058Z  CREATE DATABASE
2025-08-18T21:54:24.9646337Z  
2025-08-18T21:54:24.9646589Z  
2025-08-18T21:54:24.9647042Z  /usr/local/bin/docker-entrypoint.sh: ignoring /docker-entrypoint-initdb.d/*
2025-08-18T21:54:24.9647508Z  
2025-08-18T21:54:24.9699289Z  2025-08-18 21:53:15.770 UTC [48] LOG:  received fast shutdown request
2025-08-18T21:54:24.9700423Z  waiting for server to shut down....2025-08-18 21:53:15.770 UTC [48] LOG:  aborting any active transactions
2025-08-18T21:54:24.9701429Z  2025-08-18 21:53:15.772 UTC [48] LOG:  background worker "logical replication launcher" (PID 54) exited with exit code 1
2025-08-18T21:54:24.9702243Z  2025-08-18 21:53:15.772 UTC [49] LOG:  shutting down
2025-08-18T21:54:24.9702824Z  2025-08-18 21:53:15.773 UTC [49] LOG:  checkpoint starting: shutdown immediate
2025-08-18T21:54:24.9704166Z  2025-08-18 21:53:15.790 UTC [49] LOG:  checkpoint complete: wrote 922 buffers (5.6%); 0 WAL file(s) added, 0 removed, 0 recycled; write=0.013 s, sync=0.002 s, total=0.018 s; sync files=301, longest=0.001 s, average=0.001 s; distance=4239 kB, estimate=4239 kB
2025-08-18T21:54:24.9705576Z  2025-08-18 21:53:15.796 UTC [48] LOG:  database system is shut down
2025-08-18T21:54:24.9706090Z   done
2025-08-18T21:54:24.9706381Z  server stopped
2025-08-18T21:54:24.9706681Z  
2025-08-18T21:54:24.9707062Z  PostgreSQL init process complete; ready for start up.
2025-08-18T21:54:24.9707558Z  
2025-08-18T21:54:24.9713210Z Stop and remove container: bf6aa9ee84d642e1adcb2e52af1d9d5d_postgres15_65010d
2025-08-18T21:54:24.9718389Z ##[command]/usr/bin/docker rm --force bf1caf27eabc8ec60a1b7524d53ab15ddbcd8239e826301a94ef76b169b548dd
2025-08-18T21:54:25.7904150Z bf1caf27eabc8ec60a1b7524d53ab15ddbcd8239e826301a94ef76b169b548dd
2025-08-18T21:54:25.7929167Z Remove container network: github_network_cb84223f255542e0987870bf34b2c761
2025-08-18T21:54:25.7933281Z ##[command]/usr/bin/docker network rm github_network_cb84223f255542e0987870bf34b2c761
2025-08-18T21:54:25.8940799Z github_network_cb84223f255542e0987870bf34b2c761
2025-08-18T21:54:25.8996903Z Cleaning up orphan processes
