2025-08-17T17:06:12.4232723Z Current runner version: '2.327.1'
2025-08-17T17:06:12.4264740Z ##[group]Runner Image Provisioner
2025-08-17T17:06:12.4265979Z Hosted Compute Agent
2025-08-17T17:06:12.4266837Z Version: 20250812.370
2025-08-17T17:06:12.4267992Z Commit: 4a2b2bf7520004e3e907c2150c8cabe342a3da32
2025-08-17T17:06:12.4269227Z Build Date: 2025-08-12T16:08:14Z
2025-08-17T17:06:12.4270205Z ##[endgroup]
2025-08-17T17:06:12.4270973Z ##[group]Operating System
2025-08-17T17:06:12.4271943Z Ubuntu
2025-08-17T17:06:12.4272665Z 24.04.2
2025-08-17T17:06:12.4273421Z LTS
2025-08-17T17:06:12.4274288Z ##[endgroup]
2025-08-17T17:06:12.4275002Z ##[group]Runner Image
2025-08-17T17:06:12.4275900Z Image: ubuntu-24.04
2025-08-17T17:06:12.4276807Z Version: 20250810.1.0
2025-08-17T17:06:12.4278669Z Included Software: https://github.com/actions/runner-images/blob/ubuntu24/20250810.1/images/ubuntu/Ubuntu2404-Readme.md
2025-08-17T17:06:12.4281291Z Image Release: https://github.com/actions/runner-images/releases/tag/ubuntu24%2F20250810.1
2025-08-17T17:06:12.4282983Z ##[endgroup]
2025-08-17T17:06:12.4287431Z ##[group]GITHUB_TOKEN Permissions
2025-08-17T17:06:12.4290143Z Actions: write
2025-08-17T17:06:12.4291027Z Attestations: write
2025-08-17T17:06:12.4291896Z Checks: write
2025-08-17T17:06:12.4292623Z Contents: write
2025-08-17T17:06:12.4293578Z Deployments: write
2025-08-17T17:06:12.4294372Z Discussions: write
2025-08-17T17:06:12.4295142Z Issues: write
2025-08-17T17:06:12.4295864Z Metadata: read
2025-08-17T17:06:12.4296857Z Models: read
2025-08-17T17:06:12.4297833Z Packages: write
2025-08-17T17:06:12.4298597Z Pages: write
2025-08-17T17:06:12.4299563Z PullRequests: write
2025-08-17T17:06:12.4300403Z RepositoryProjects: write
2025-08-17T17:06:12.4301383Z SecurityEvents: write
2025-08-17T17:06:12.4302372Z Statuses: write
2025-08-17T17:06:12.4303220Z ##[endgroup]
2025-08-17T17:06:12.4306163Z Secret source: Actions
2025-08-17T17:06:12.4307395Z Prepare workflow directory
2025-08-17T17:06:12.4900000Z Prepare all required actions
2025-08-17T17:06:12.4955705Z Getting action download info
2025-08-17T17:06:12.7912255Z Download action repository 'actions/checkout@v4' (SHA:08eba0b27e820071cde6df949e0beb9ba4906955)
2025-08-17T17:06:12.9981752Z Download action repository 'actions/setup-python@v5' (SHA:a26af69be951a213d495a4c3e4e4022e16d87065)
2025-08-17T17:06:13.2261324Z Download action repository 'actions/cache@v4' (SHA:0400d5f644dc74513175e3cd8d07132dd4860809)
2025-08-17T17:06:13.6793257Z Download action repository 'actions/upload-artifact@v4' (SHA:ea165f8d65b6e75b540449e92b4886f43607fa02)
2025-08-17T17:06:13.9531765Z Complete job name: integration-db
2025-08-17T17:06:14.0091953Z ##[group]Checking docker version
2025-08-17T17:06:14.0105721Z ##[command]/usr/bin/docker version --format '{{.Server.APIVersion}}'
2025-08-17T17:06:14.0700531Z '1.48'
2025-08-17T17:06:14.0715397Z Docker daemon API version: '1.48'
2025-08-17T17:06:14.0716936Z ##[command]/usr/bin/docker version --format '{{.Client.APIVersion}}'
2025-08-17T17:06:14.0878460Z '1.48'
2025-08-17T17:06:14.0892271Z Docker client API version: '1.48'
2025-08-17T17:06:14.0898702Z ##[endgroup]
2025-08-17T17:06:14.0902211Z ##[group]Clean up resources from previous jobs
2025-08-17T17:06:14.0908538Z ##[command]/usr/bin/docker ps --all --quiet --no-trunc --filter "label=e14c5c"
2025-08-17T17:06:14.1050013Z ##[command]/usr/bin/docker network prune --force --filter "label=e14c5c"
2025-08-17T17:06:14.1179801Z ##[endgroup]
2025-08-17T17:06:14.1180705Z ##[group]Create local container network
2025-08-17T17:06:14.1192023Z ##[command]/usr/bin/docker network create --label e14c5c github_network_f734b85d527c4effbc4bed1d24892808
2025-08-17T17:06:14.1722300Z dca2740a8f27ebe8dacef75103e99d8350b848dc39b4c6442e8e4605f549ddf4
2025-08-17T17:06:14.1742156Z ##[endgroup]
2025-08-17T17:06:14.1767887Z ##[group]Starting postgres service container
2025-08-17T17:06:14.1788768Z ##[command]/usr/bin/docker pull postgres:15
2025-08-17T17:06:14.3544222Z 15: Pulling from library/postgres
2025-08-17T17:06:14.4059951Z 396b1da7636e: Pulling fs layer
2025-08-17T17:06:14.4062010Z fca2566eba32: Pulling fs layer
2025-08-17T17:06:14.4063519Z 631fe8c6d606: Pulling fs layer
2025-08-17T17:06:14.4064896Z 77c7671c4414: Pulling fs layer
2025-08-17T17:06:14.4065989Z 2d9e29180a27: Pulling fs layer
2025-08-17T17:06:14.4066953Z c6bcc2c9a041: Pulling fs layer
2025-08-17T17:06:14.4068105Z ac4b721eb66f: Pulling fs layer
2025-08-17T17:06:14.4069035Z 606bd164980e: Pulling fs layer
2025-08-17T17:06:14.4069979Z f5dfd246bc6e: Pulling fs layer
2025-08-17T17:06:14.4070907Z ba7036bb0a60: Pulling fs layer
2025-08-17T17:06:14.4071824Z 799f859abbbd: Pulling fs layer
2025-08-17T17:06:14.4072793Z d903e777080c: Pulling fs layer
2025-08-17T17:06:14.4073737Z 04adcb462801: Pulling fs layer
2025-08-17T17:06:14.4074664Z 5c10925b29ff: Pulling fs layer
2025-08-17T17:06:14.4075554Z ba7036bb0a60: Waiting
2025-08-17T17:06:14.4076349Z ac4b721eb66f: Waiting
2025-08-17T17:06:14.4077349Z 799f859abbbd: Waiting
2025-08-17T17:06:14.4078143Z 606bd164980e: Waiting
2025-08-17T17:06:14.4078942Z d903e777080c: Waiting
2025-08-17T17:06:14.4079759Z f5dfd246bc6e: Waiting
2025-08-17T17:06:14.4080537Z 04adcb462801: Waiting
2025-08-17T17:06:14.4081313Z 5c10925b29ff: Waiting
2025-08-17T17:06:14.4082864Z 77c7671c4414: Waiting
2025-08-17T17:06:14.4084143Z 2d9e29180a27: Waiting
2025-08-17T17:06:14.4085418Z c6bcc2c9a041: Waiting
2025-08-17T17:06:14.4631436Z fca2566eba32: Verifying Checksum
2025-08-17T17:06:14.4632739Z fca2566eba32: Download complete
2025-08-17T17:06:14.5229679Z 77c7671c4414: Verifying Checksum
2025-08-17T17:06:14.5232258Z 77c7671c4414: Download complete
2025-08-17T17:06:14.5462443Z 631fe8c6d606: Download complete
2025-08-17T17:06:14.6091281Z c6bcc2c9a041: Verifying Checksum
2025-08-17T17:06:14.6092947Z c6bcc2c9a041: Download complete
2025-08-17T17:06:14.6633759Z ac4b721eb66f: Verifying Checksum
2025-08-17T17:06:14.6636011Z ac4b721eb66f: Download complete
2025-08-17T17:06:14.6766136Z 2d9e29180a27: Verifying Checksum
2025-08-17T17:06:14.6771606Z 2d9e29180a27: Download complete
2025-08-17T17:06:14.7130298Z 606bd164980e: Download complete
2025-08-17T17:06:14.7411954Z 396b1da7636e: Download complete
2025-08-17T17:06:14.7747277Z ba7036bb0a60: Verifying Checksum
2025-08-17T17:06:14.7748179Z ba7036bb0a60: Download complete
2025-08-17T17:06:14.8179277Z 799f859abbbd: Download complete
2025-08-17T17:06:14.8422691Z d903e777080c: Verifying Checksum
2025-08-17T17:06:14.8425494Z d903e777080c: Download complete
2025-08-17T17:06:14.8770951Z 04adcb462801: Verifying Checksum
2025-08-17T17:06:14.8771653Z 04adcb462801: Download complete
2025-08-17T17:06:14.9100073Z 5c10925b29ff: Verifying Checksum
2025-08-17T17:06:14.9101275Z 5c10925b29ff: Download complete
2025-08-17T17:06:15.7300945Z f5dfd246bc6e: Verifying Checksum
2025-08-17T17:06:15.7301723Z f5dfd246bc6e: Download complete
2025-08-17T17:06:15.8317605Z 396b1da7636e: Pull complete
2025-08-17T17:06:16.9883482Z fca2566eba32: Pull complete
2025-08-17T17:06:17.1664116Z 631fe8c6d606: Pull complete
2025-08-17T17:06:17.2123799Z 77c7671c4414: Pull complete
2025-08-17T17:06:17.5151615Z 2d9e29180a27: Pull complete
2025-08-17T17:06:17.6186244Z c6bcc2c9a041: Pull complete
2025-08-17T17:06:17.6299611Z ac4b721eb66f: Pull complete
2025-08-17T17:06:17.6424851Z 606bd164980e: Pull complete
2025-08-17T17:06:20.5780279Z f5dfd246bc6e: Pull complete
2025-08-17T17:06:20.5942999Z ba7036bb0a60: Pull complete
2025-08-17T17:06:20.6061947Z 799f859abbbd: Pull complete
2025-08-17T17:06:20.6199652Z d903e777080c: Pull complete
2025-08-17T17:06:20.6329558Z 04adcb462801: Pull complete
2025-08-17T17:06:20.6452200Z 5c10925b29ff: Pull complete
2025-08-17T17:06:20.6506676Z Digest: sha256:bc51cf4f1fe02cce7ed2370b20128a9b00b4eb804573a77d2a0d877aaa9c82b1
2025-08-17T17:06:20.6521121Z Status: Downloaded newer image for postgres:15
2025-08-17T17:06:20.6530889Z docker.io/library/postgres:15
2025-08-17T17:06:20.6595774Z ##[command]/usr/bin/docker create --name f6fd819bb5b4426288ef7de27430d83f_postgres15_a5d580 --label e14c5c --network github_network_f734b85d527c4effbc4bed1d24892808 --network-alias postgres -p 5432:5432 --health-cmd="pg_isready -U postgres -d awa" --health-interval=5s --health-timeout=5s --health-retries=10 -e "POSTGRES_USER=postgres" -e "POSTGRES_PASSWORD=pass" -e "POSTGRES_DB=awa" -e GITHUB_ACTIONS=true -e CI=true postgres:15
2025-08-17T17:06:20.6880437Z 8cd6cdb9d4acb7180a96a6fa4c904b31f93e7f9edfc95b334b85bd8ceecf87bb
2025-08-17T17:06:20.6904827Z ##[command]/usr/bin/docker start 8cd6cdb9d4acb7180a96a6fa4c904b31f93e7f9edfc95b334b85bd8ceecf87bb
2025-08-17T17:06:20.8757786Z 8cd6cdb9d4acb7180a96a6fa4c904b31f93e7f9edfc95b334b85bd8ceecf87bb
2025-08-17T17:06:20.8783334Z ##[command]/usr/bin/docker ps --all --filter id=8cd6cdb9d4acb7180a96a6fa4c904b31f93e7f9edfc95b334b85bd8ceecf87bb --filter status=running --no-trunc --format "{{.ID}} {{.Status}}"
2025-08-17T17:06:20.8918606Z 8cd6cdb9d4acb7180a96a6fa4c904b31f93e7f9edfc95b334b85bd8ceecf87bb Up Less than a second (health: starting)
2025-08-17T17:06:20.8945253Z ##[command]/usr/bin/docker port 8cd6cdb9d4acb7180a96a6fa4c904b31f93e7f9edfc95b334b85bd8ceecf87bb
2025-08-17T17:06:20.9083116Z 5432/tcp -> 0.0.0.0:5432
2025-08-17T17:06:20.9083972Z 5432/tcp -> [::]:5432
2025-08-17T17:06:20.9130096Z ##[endgroup]
2025-08-17T17:06:20.9139381Z ##[group]Waiting for all services to be ready
2025-08-17T17:06:20.9152711Z ##[command]/usr/bin/docker inspect --format="{{if .Config.Healthcheck}}{{print .State.Health.Status}}{{end}}" 8cd6cdb9d4acb7180a96a6fa4c904b31f93e7f9edfc95b334b85bd8ceecf87bb
2025-08-17T17:06:20.9287352Z starting
2025-08-17T17:06:20.9310486Z postgres service is starting, waiting 2 seconds before checking again.
2025-08-17T17:06:22.9310704Z ##[command]/usr/bin/docker inspect --format="{{if .Config.Healthcheck}}{{print .State.Health.Status}}{{end}}" 8cd6cdb9d4acb7180a96a6fa4c904b31f93e7f9edfc95b334b85bd8ceecf87bb
2025-08-17T17:06:22.9433795Z starting
2025-08-17T17:06:22.9448280Z postgres service is starting, waiting 3 seconds before checking again.
2025-08-17T17:06:26.6546342Z ##[command]/usr/bin/docker inspect --format="{{if .Config.Healthcheck}}{{print .State.Health.Status}}{{end}}" 8cd6cdb9d4acb7180a96a6fa4c904b31f93e7f9edfc95b334b85bd8ceecf87bb
2025-08-17T17:06:26.6677661Z healthy
2025-08-17T17:06:26.6695300Z postgres service is healthy.
2025-08-17T17:06:26.6696202Z ##[endgroup]
2025-08-17T17:06:26.7014444Z ##[group]Run actions/checkout@v4
2025-08-17T17:06:26.7015110Z with:
2025-08-17T17:06:26.7015292Z   fetch-depth: 0
2025-08-17T17:06:26.7015496Z   repository: AlexBomber12/AWA-App
2025-08-17T17:06:26.7015913Z   token: ***
2025-08-17T17:06:26.7016093Z   ssh-strict: true
2025-08-17T17:06:26.7016278Z   ssh-user: git
2025-08-17T17:06:26.7016459Z   persist-credentials: true
2025-08-17T17:06:26.7016667Z   clean: true
2025-08-17T17:06:26.7016846Z   sparse-checkout-cone-mode: true
2025-08-17T17:06:26.7017232Z   fetch-tags: false
2025-08-17T17:06:26.7017413Z   show-progress: true
2025-08-17T17:06:26.7017596Z   lfs: false
2025-08-17T17:06:26.7017759Z   submodules: false
2025-08-17T17:06:26.7017940Z   set-safe-directory: true
2025-08-17T17:06:26.7018386Z ##[endgroup]
2025-08-17T17:06:26.8105344Z Syncing repository: AlexBomber12/AWA-App
2025-08-17T17:06:26.8107405Z ##[group]Getting Git version info
2025-08-17T17:06:26.8108001Z Working directory is '/home/runner/work/AWA-App/AWA-App'
2025-08-17T17:06:26.8108987Z [command]/usr/bin/git version
2025-08-17T17:06:26.8151654Z git version 2.50.1
2025-08-17T17:06:26.8177929Z ##[endgroup]
2025-08-17T17:06:26.8191881Z Temporarily overriding HOME='/home/runner/work/_temp/c5075ed3-ae5c-4537-bec7-6a6ce3633c31' before making global git config changes
2025-08-17T17:06:26.8193096Z Adding repository directory to the temporary git global config as a safe directory
2025-08-17T17:06:26.8197312Z [command]/usr/bin/git config --global --add safe.directory /home/runner/work/AWA-App/AWA-App
2025-08-17T17:06:26.8231844Z Deleting the contents of '/home/runner/work/AWA-App/AWA-App'
2025-08-17T17:06:26.8235402Z ##[group]Initializing the repository
2025-08-17T17:06:26.8239733Z [command]/usr/bin/git init /home/runner/work/AWA-App/AWA-App
2025-08-17T17:06:26.8307794Z hint: Using 'master' as the name for the initial branch. This default branch name
2025-08-17T17:06:26.8308958Z hint: is subject to change. To configure the initial branch name to use in all
2025-08-17T17:06:26.8309781Z hint: of your new repositories, which will suppress this warning, call:
2025-08-17T17:06:26.8310375Z hint:
2025-08-17T17:06:26.8310763Z hint: 	git config --global init.defaultBranch <name>
2025-08-17T17:06:26.8312688Z hint:
2025-08-17T17:06:26.8313259Z hint: Names commonly chosen instead of 'master' are 'main', 'trunk' and
2025-08-17T17:06:26.8314138Z hint: 'development'. The just-created branch can be renamed via this command:
2025-08-17T17:06:26.8314791Z hint:
2025-08-17T17:06:26.8315120Z hint: 	git branch -m <name>
2025-08-17T17:06:26.8315500Z hint:
2025-08-17T17:06:26.8316047Z hint: Disable this message with "git config set advice.defaultBranchName false"
2025-08-17T17:06:26.8316978Z Initialized empty Git repository in /home/runner/work/AWA-App/AWA-App/.git/
2025-08-17T17:06:26.8324059Z [command]/usr/bin/git remote add origin https://github.com/AlexBomber12/AWA-App
2025-08-17T17:06:26.8359511Z ##[endgroup]
2025-08-17T17:06:26.8360149Z ##[group]Disabling automatic garbage collection
2025-08-17T17:06:26.8363714Z [command]/usr/bin/git config --local gc.auto 0
2025-08-17T17:06:26.8392314Z ##[endgroup]
2025-08-17T17:06:26.8392906Z ##[group]Setting up auth
2025-08-17T17:06:26.8400164Z [command]/usr/bin/git config --local --name-only --get-regexp core\.sshCommand
2025-08-17T17:06:26.8430262Z [command]/usr/bin/git submodule foreach --recursive sh -c "git config --local --name-only --get-regexp 'core\.sshCommand' && git config --local --unset-all 'core.sshCommand' || :"
2025-08-17T17:06:26.8731449Z [command]/usr/bin/git config --local --name-only --get-regexp http\.https\:\/\/github\.com\/\.extraheader
2025-08-17T17:06:26.8761928Z [command]/usr/bin/git submodule foreach --recursive sh -c "git config --local --name-only --get-regexp 'http\.https\:\/\/github\.com\/\.extraheader' && git config --local --unset-all 'http.https://github.com/.extraheader' || :"
2025-08-17T17:06:26.8985583Z [command]/usr/bin/git config --local http.https://github.com/.extraheader AUTHORIZATION: basic ***
2025-08-17T17:06:26.9025001Z ##[endgroup]
2025-08-17T17:06:26.9025717Z ##[group]Fetching the repository
2025-08-17T17:06:26.9034855Z [command]/usr/bin/git -c protocol.version=2 fetch --prune --no-recurse-submodules origin +refs/heads/*:refs/remotes/origin/* +refs/tags/*:refs/tags/* +1358f8e02d37ddc27a25fed8e5b06639dfcac870:refs/remotes/pull/231/merge
2025-08-17T17:06:27.7981840Z From https://github.com/AlexBomber12/AWA-App
2025-08-17T17:06:27.7983056Z  * [new branch]      codex/fix-ci-workflows-based-on-log-analysis -> origin/codex/fix-ci-workflows-based-on-log-analysis
2025-08-17T17:06:27.7984457Z  * [new branch]      codex/fix-ci-workflows-to-pass-all-tests -> origin/codex/fix-ci-workflows-to-pass-all-tests
2025-08-17T17:06:27.7986228Z  * [new branch]      codex/implement-background-file-ingest-with-celery -> origin/codex/implement-background-file-ingest-with-celery
2025-08-17T17:06:27.7987690Z  * [new branch]      gh-pages                                 -> origin/gh-pages
2025-08-17T17:06:27.7990178Z  * [new branch]      main                                     -> origin/main
2025-08-17T17:06:27.7991823Z  * [new tag]         0.3.0                                    -> 0.3.0
2025-08-17T17:06:27.7995591Z  * [new ref]         1358f8e02d37ddc27a25fed8e5b06639dfcac870 -> pull/231/merge
2025-08-17T17:06:27.8029440Z ##[endgroup]
2025-08-17T17:06:27.8029803Z ##[group]Determining the checkout info
2025-08-17T17:06:27.8030841Z ##[endgroup]
2025-08-17T17:06:27.8035952Z [command]/usr/bin/git sparse-checkout disable
2025-08-17T17:06:27.8074914Z [command]/usr/bin/git config --local --unset-all extensions.worktreeConfig
2025-08-17T17:06:27.8103757Z ##[group]Checking out the ref
2025-08-17T17:06:27.8108176Z [command]/usr/bin/git checkout --progress --force refs/remotes/pull/231/merge
2025-08-17T17:06:27.8482856Z Note: switching to 'refs/remotes/pull/231/merge'.
2025-08-17T17:06:27.8483740Z 
2025-08-17T17:06:27.8484139Z You are in 'detached HEAD' state. You can look around, make experimental
2025-08-17T17:06:27.8484741Z changes and commit them, and you can discard any commits you make in this
2025-08-17T17:06:27.8485286Z state without impacting any branches by switching back to a branch.
2025-08-17T17:06:27.8485605Z 
2025-08-17T17:06:27.8485810Z If you want to create a new branch to retain commits you create, you may
2025-08-17T17:06:27.8486310Z do so (now or later) by using -c with the switch command. Example:
2025-08-17T17:06:27.8486709Z 
2025-08-17T17:06:27.8486839Z   git switch -c <new-branch-name>
2025-08-17T17:06:27.8487037Z 
2025-08-17T17:06:27.8487457Z Or undo this operation with:
2025-08-17T17:06:27.8487664Z 
2025-08-17T17:06:27.8487764Z   git switch -
2025-08-17T17:06:27.8487901Z 
2025-08-17T17:06:27.8488143Z Turn off this advice by setting config variable advice.detachedHead to false
2025-08-17T17:06:27.8488496Z 
2025-08-17T17:06:27.8488927Z HEAD is now at 1358f8e Merge 377f461f2ed2b4b6df83e63773dcdd710af4ffc0 into b6faf1f8f31b58d1b3cf6f2e2299464b18c6b917
2025-08-17T17:06:27.8498261Z ##[endgroup]
2025-08-17T17:06:27.8540790Z [command]/usr/bin/git log -1 --format=%H
2025-08-17T17:06:27.8565721Z 1358f8e02d37ddc27a25fed8e5b06639dfcac870
2025-08-17T17:06:27.8731290Z ##[group]Run cat .env.ci >> "$GITHUB_ENV"
2025-08-17T17:06:27.8731666Z [36;1mcat .env.ci >> "$GITHUB_ENV"[0m
2025-08-17T17:06:27.8732329Z [36;1mecho "DATABASE_URL=***localhost:5432/awa" >> "$GITHUB_ENV"[0m
2025-08-17T17:06:27.8732682Z [36;1mecho "PG_HOST=localhost" >> "$GITHUB_ENV"[0m
2025-08-17T17:06:27.8732959Z [36;1mecho "PG_PORT=5432" >> "$GITHUB_ENV"[0m
2025-08-17T17:06:27.8733236Z [36;1mecho "PG_USER=postgres" >> "$GITHUB_ENV"[0m
2025-08-17T17:06:27.8733515Z [36;1mecho "PG_PASSWORD=pass" >> "$GITHUB_ENV"[0m
2025-08-17T17:06:27.8733793Z [36;1mecho "PG_DATABASE=awa" >> "$GITHUB_ENV"[0m
2025-08-17T17:06:27.8776154Z shell: /usr/bin/bash -e {0}
2025-08-17T17:06:27.8776391Z ##[endgroup]
2025-08-17T17:06:27.8952115Z ##[group]Run actions/setup-python@v5
2025-08-17T17:06:27.8952392Z with:
2025-08-17T17:06:27.8952563Z   python-version: 3.11
2025-08-17T17:06:27.8952759Z   cache: pip
2025-08-17T17:06:27.8952965Z   cache-dependency-path: requirements-dev.txt

2025-08-17T17:06:27.8953231Z   check-latest: false
2025-08-17T17:06:27.8953532Z   token: ***
2025-08-17T17:06:27.8953721Z   update-environment: true
2025-08-17T17:06:27.8953934Z   allow-prereleases: false
2025-08-17T17:06:27.8954133Z   freethreaded: false
2025-08-17T17:06:27.8954303Z env:
2025-08-17T17:06:27.8954463Z   PG_USER: postgres
2025-08-17T17:06:27.8954639Z   PG_PASSWORD: pass
2025-08-17T17:06:27.8954805Z   PG_DATABASE: awa
2025-08-17T17:06:27.8954976Z   PG_HOST: localhost
2025-08-17T17:06:27.8955148Z   PG_PORT: 5432
2025-08-17T17:06:27.8955528Z   PG_SYNC_DSN: ***localhost:5432/awa
2025-08-17T17:06:27.8955904Z   PG_ASYNC_DSN: ***localhost:5432/awa
2025-08-17T17:06:27.8956277Z   DATABASE_URL: ***localhost:5432/awa
2025-08-17T17:06:27.8956536Z   DATA_DIR: /tmp/awa-data
2025-08-17T17:06:27.8956734Z   ENABLE_LIVE: 0
2025-08-17T17:06:27.8956900Z   TESTING: 1
2025-08-17T17:06:27.8957294Z ##[endgroup]
2025-08-17T17:06:28.0616166Z ##[group]Installed versions
2025-08-17T17:06:28.0728190Z Successfully set up CPython (3.11.13)
2025-08-17T17:06:28.0728891Z ##[endgroup]
2025-08-17T17:06:28.1087567Z [command]/opt/hostedtoolcache/Python/3.11.13/x64/bin/pip cache dir
2025-08-17T17:06:29.6022574Z /home/runner/.cache/pip
2025-08-17T17:06:29.7057592Z Cache hit for: setup-python-Linux-x64-24.04-Ubuntu-python-3.11.13-pip-842a859a37b6f31d35b1262d499b1acd0270bca26490137bed88679f7bc0eea4
2025-08-17T17:06:30.7574334Z Received 222298112 of 252620365 (88.0%), 211.8 MBs/sec
2025-08-17T17:06:30.9567953Z Received 252620365 of 252620365 (100.0%), 200.8 MBs/sec
2025-08-17T17:06:30.9571305Z Cache Size: ~241 MB (252620365 B)
2025-08-17T17:06:30.9663466Z [command]/usr/bin/tar -xf /home/runner/work/_temp/082558c6-2d3a-4b3f-acb9-487633a9bfcb/cache.tzst -P -C /home/runner/work/AWA-App/AWA-App --use-compress-program unzstd
2025-08-17T17:06:31.4224389Z Cache restored successfully
2025-08-17T17:06:31.4698811Z Cache restored from key: setup-python-Linux-x64-24.04-Ubuntu-python-3.11.13-pip-842a859a37b6f31d35b1262d499b1acd0270bca26490137bed88679f7bc0eea4
2025-08-17T17:06:31.5419915Z ##[group]Run actions/cache@v4
2025-08-17T17:06:31.5420181Z with:
2025-08-17T17:06:31.5420404Z   path: ~/.cache/pip
.pytest_cache
~/.ruff_cache

2025-08-17T17:06:31.5420821Z   key: Linux-int-842a859a37b6f31d35b1262d499b1acd0270bca26490137bed88679f7bc0eea4
2025-08-17T17:06:31.5421234Z   restore-keys: Linux-int-
2025-08-17T17:06:31.5421463Z   enableCrossOsArchive: false
2025-08-17T17:06:31.5421698Z   fail-on-cache-miss: false
2025-08-17T17:06:31.5421906Z   lookup-only: false
2025-08-17T17:06:31.5422093Z   save-always: false
2025-08-17T17:06:31.5422270Z env:
2025-08-17T17:06:31.5422429Z   PG_USER: postgres
2025-08-17T17:06:31.5422618Z   PG_PASSWORD: pass
2025-08-17T17:06:31.5422803Z   PG_DATABASE: awa
2025-08-17T17:06:31.5422978Z   PG_HOST: localhost
2025-08-17T17:06:31.5423178Z   PG_PORT: 5432
2025-08-17T17:06:31.5423645Z   PG_SYNC_DSN: ***localhost:5432/awa
2025-08-17T17:06:31.5424086Z   PG_ASYNC_DSN: ***localhost:5432/awa
2025-08-17T17:06:31.5424514Z   DATABASE_URL: ***localhost:5432/awa
2025-08-17T17:06:31.5424748Z   DATA_DIR: /tmp/awa-data
2025-08-17T17:06:31.5424949Z   ENABLE_LIVE: 0
2025-08-17T17:06:31.5425123Z   TESTING: 1
2025-08-17T17:06:31.5425354Z   pythonLocation: /opt/hostedtoolcache/Python/3.11.13/x64
2025-08-17T17:06:31.5425761Z   PKG_CONFIG_PATH: /opt/hostedtoolcache/Python/3.11.13/x64/lib/pkgconfig
2025-08-17T17:06:31.5426156Z   Python_ROOT_DIR: /opt/hostedtoolcache/Python/3.11.13/x64
2025-08-17T17:06:31.5426501Z   Python2_ROOT_DIR: /opt/hostedtoolcache/Python/3.11.13/x64
2025-08-17T17:06:31.5426855Z   Python3_ROOT_DIR: /opt/hostedtoolcache/Python/3.11.13/x64
2025-08-17T17:06:31.5427480Z   LD_LIBRARY_PATH: /opt/hostedtoolcache/Python/3.11.13/x64/lib
2025-08-17T17:06:31.5427872Z ##[endgroup]
2025-08-17T17:06:31.7462836Z Cache hit for: Linux-int-842a859a37b6f31d35b1262d499b1acd0270bca26490137bed88679f7bc0eea4
2025-08-17T17:06:32.8084722Z Received 231651853 of 252623373 (91.7%), 220.5 MBs/sec
2025-08-17T17:06:32.9123329Z Received 252623373 of 252623373 (100.0%), 217.4 MBs/sec
2025-08-17T17:06:32.9125918Z Cache Size: ~241 MB (252623373 B)
2025-08-17T17:06:32.9165177Z [command]/usr/bin/tar -xf /home/runner/work/_temp/3ff2a3cf-288f-4d81-a2d1-f49bb4090546/cache.tzst -P -C /home/runner/work/AWA-App/AWA-App --use-compress-program unzstd
2025-08-17T17:06:33.3522080Z Cache restored successfully
2025-08-17T17:06:33.4078803Z Cache restored from key: Linux-int-842a859a37b6f31d35b1262d499b1acd0270bca26490137bed88679f7bc0eea4
2025-08-17T17:06:33.4206593Z ##[group]Run pip install -r requirements-dev.txt
2025-08-17T17:06:33.4207302Z [36;1mpip install -r requirements-dev.txt[0m
2025-08-17T17:06:33.4207612Z [36;1mpip install keepa==1.3.15 minio==7.1.15[0m
2025-08-17T17:06:33.4248431Z shell: /usr/bin/bash -e {0}
2025-08-17T17:06:33.4248685Z env:
2025-08-17T17:06:33.4248862Z   PG_USER: postgres
2025-08-17T17:06:33.4249064Z   PG_PASSWORD: pass
2025-08-17T17:06:33.4249259Z   PG_DATABASE: awa
2025-08-17T17:06:33.4249451Z   PG_HOST: localhost
2025-08-17T17:06:33.4249641Z   PG_PORT: 5432
2025-08-17T17:06:33.4250108Z   PG_SYNC_DSN: ***localhost:5432/awa
2025-08-17T17:06:33.4250508Z   PG_ASYNC_DSN: ***localhost:5432/awa
2025-08-17T17:06:33.4250909Z   DATABASE_URL: ***localhost:5432/awa
2025-08-17T17:06:33.4251147Z   DATA_DIR: /tmp/awa-data
2025-08-17T17:06:33.4251349Z   ENABLE_LIVE: 0
2025-08-17T17:06:33.4251522Z   TESTING: 1
2025-08-17T17:06:33.4251752Z   pythonLocation: /opt/hostedtoolcache/Python/3.11.13/x64
2025-08-17T17:06:33.4252209Z   PKG_CONFIG_PATH: /opt/hostedtoolcache/Python/3.11.13/x64/lib/pkgconfig
2025-08-17T17:06:33.4252604Z   Python_ROOT_DIR: /opt/hostedtoolcache/Python/3.11.13/x64
2025-08-17T17:06:33.4252943Z   Python2_ROOT_DIR: /opt/hostedtoolcache/Python/3.11.13/x64
2025-08-17T17:06:33.4253297Z   Python3_ROOT_DIR: /opt/hostedtoolcache/Python/3.11.13/x64
2025-08-17T17:06:33.4253842Z   LD_LIBRARY_PATH: /opt/hostedtoolcache/Python/3.11.13/x64/lib
2025-08-17T17:06:33.4254137Z ##[endgroup]
2025-08-17T17:06:35.0348733Z Collecting Jinja2==3.1.6 (from -r requirements-dev.txt (line 2))
2025-08-17T17:06:35.0364527Z   Using cached jinja2-3.1.6-py3-none-any.whl.metadata (2.9 kB)
2025-08-17T17:06:35.0571254Z Collecting alembic==1.13.1 (from -r requirements-dev.txt (line 3))
2025-08-17T17:06:35.0586103Z   Using cached alembic-1.13.1-py3-none-any.whl.metadata (7.4 kB)
2025-08-17T17:06:35.0732485Z Collecting apscheduler==3.10.4 (from -r requirements-dev.txt (line 4))
2025-08-17T17:06:35.0746210Z   Using cached APScheduler-3.10.4-py3-none-any.whl.metadata (5.7 kB)
2025-08-17T17:06:35.1234417Z Collecting asyncpg==0.30.0 (from -r requirements-dev.txt (line 5))
2025-08-17T17:06:35.1250301Z   Using cached asyncpg-0.30.0-cp311-cp311-manylinux_2_17_x86_64.manylinux2014_x86_64.whl.metadata (5.0 kB)
2025-08-17T17:06:35.1658846Z Collecting black==25.1.0 (from -r requirements-dev.txt (line 6))
2025-08-17T17:06:35.1672775Z   Using cached black-25.1.0-cp311-cp311-manylinux_2_17_x86_64.manylinux2014_x86_64.manylinux_2_28_x86_64.whl.metadata (81 kB)
2025-08-17T17:06:35.4615432Z Collecting boto3 (from -r requirements-dev.txt (line 7))
2025-08-17T17:06:35.4631493Z   Using cached boto3-1.40.11-py3-none-any.whl.metadata (6.7 kB)
2025-08-17T17:06:35.4896899Z Collecting redis==5.* (from -r requirements-dev.txt (line 8))
2025-08-17T17:06:35.4910932Z   Using cached redis-5.3.1-py3-none-any.whl.metadata (9.2 kB)
2025-08-17T17:06:35.5201550Z Collecting minio==7.* (from -r requirements-dev.txt (line 9))
2025-08-17T17:06:35.5216803Z   Using cached minio-7.2.16-py3-none-any.whl.metadata (6.5 kB)
2025-08-17T17:06:35.5484929Z Collecting celery==5.4.0 (from -r requirements-dev.txt (line 10))
2025-08-17T17:06:35.5499828Z   Using cached celery-5.4.0-py3-none-any.whl.metadata (21 kB)
2025-08-17T17:06:35.6026454Z Collecting fastapi==0.116.1 (from -r requirements-dev.txt (line 11))
2025-08-17T17:06:35.6041326Z   Using cached fastapi-0.116.1-py3-none-any.whl.metadata (28 kB)
2025-08-17T17:06:35.6246301Z Collecting httpx<0.29,>=0.27 (from -r requirements-dev.txt (line 13))
2025-08-17T17:06:35.6261043Z   Using cached httpx-0.28.1-py3-none-any.whl.metadata (7.1 kB)
2025-08-17T17:06:35.6365783Z Collecting imapclient==3.0.1 (from -r requirements-dev.txt (line 14))
2025-08-17T17:06:35.6380892Z   Using cached IMAPClient-3.0.1-py2.py3-none-any.whl.metadata (1.7 kB)
2025-08-17T17:06:35.6467366Z Collecting itsdangerous (from -r requirements-dev.txt (line 15))
2025-08-17T17:06:35.6480931Z   Using cached itsdangerous-2.2.0-py3-none-any.whl.metadata (1.9 kB)
2025-08-17T17:06:35.7581887Z Collecting mypy==1.* (from -r requirements-dev.txt (line 16))
2025-08-17T17:06:35.7597416Z   Using cached mypy-1.17.1-cp311-cp311-manylinux2014_x86_64.manylinux_2_17_x86_64.manylinux_2_28_x86_64.whl.metadata (2.2 kB)
2025-08-17T17:06:35.7696063Z Collecting mypy-extensions==1.1.0 (from -r requirements-dev.txt (line 17))
2025-08-17T17:06:35.7710202Z   Using cached mypy_extensions-1.1.0-py3-none-any.whl.metadata (1.1 kB)
2025-08-17T17:06:35.9272677Z Collecting numpy<2 (from -r requirements-dev.txt (line 18))
2025-08-17T17:06:35.9288204Z   Using cached numpy-1.26.4-cp311-cp311-manylinux_2_17_x86_64.manylinux2014_x86_64.whl.metadata (61 kB)
2025-08-17T17:06:35.9516588Z Collecting openpyxl==3.1.5 (from -r requirements-dev.txt (line 19))
2025-08-17T17:06:35.9530380Z   Using cached openpyxl-3.1.5-py2.py3-none-any.whl.metadata (2.5 kB)
2025-08-17T17:06:36.0560909Z Collecting pandas==2.2.* (from -r requirements-dev.txt (line 20))
2025-08-17T17:06:36.0576432Z   Using cached pandas-2.2.3-cp311-cp311-manylinux_2_17_x86_64.manylinux2014_x86_64.whl.metadata (89 kB)
2025-08-17T17:06:36.1463468Z Collecting psycopg2-binary==2.9.9 (from -r requirements-dev.txt (line 21))
2025-08-17T17:06:36.1477822Z   Using cached psycopg2_binary-2.9.9-cp311-cp311-manylinux_2_17_x86_64.manylinux2014_x86_64.whl.metadata (4.4 kB)
2025-08-17T17:06:36.1617635Z Collecting psycopg==3.2.9 (from psycopg[binary]==3.2.9->-r requirements-dev.txt (line 22))
2025-08-17T17:06:36.1633313Z   Using cached psycopg-3.2.9-py3-none-any.whl.metadata (4.5 kB)
2025-08-17T17:06:36.3014318Z Collecting pydantic==2.11.7 (from -r requirements-dev.txt (line 23))
2025-08-17T17:06:36.3029670Z   Using cached pydantic-2.11.7-py3-none-any.whl.metadata (67 kB)
2025-08-17T17:06:36.3067759Z Requirement already satisfied: setuptools in /opt/hostedtoolcache/Python/3.11.13/x64/lib/python3.11/site-packages (from -r requirements-dev.txt (line 24)) (65.5.0)
2025-08-17T17:06:36.3217436Z Collecting pytest-asyncio==0.23.6 (from -r requirements-dev.txt (line 25))
2025-08-17T17:06:36.3231487Z   Using cached pytest_asyncio-0.23.6-py3-none-any.whl.metadata (3.9 kB)
2025-08-17T17:06:36.3360805Z Collecting pytest-cov==6.2.1 (from -r requirements-dev.txt (line 26))
2025-08-17T17:06:36.3374441Z   Using cached pytest_cov-6.2.1-py3-none-any.whl.metadata (30 kB)
2025-08-17T17:06:36.3516213Z Collecting pytest-postgresql==7.0.2 (from -r requirements-dev.txt (line 27))
2025-08-17T17:06:36.3529576Z   Using cached pytest_postgresql-7.0.2-py3-none-any.whl.metadata (18 kB)
2025-08-17T17:06:36.3679732Z Collecting python-dotenv (from -r requirements-dev.txt (line 28))
2025-08-17T17:06:36.3693003Z   Using cached python_dotenv-1.1.1-py3-none-any.whl.metadata (24 kB)
2025-08-17T17:06:36.3802788Z Collecting python-multipart (from -r requirements-dev.txt (line 29))
2025-08-17T17:06:36.3816036Z   Using cached python_multipart-0.0.20-py3-none-any.whl.metadata (1.8 kB)
2025-08-17T17:06:36.4069220Z Collecting python-telegram-bot==22.2 (from -r requirements-dev.txt (line 30))
2025-08-17T17:06:36.4084296Z   Using cached python_telegram_bot-22.2-py3-none-any.whl.metadata (17 kB)
2025-08-17T17:06:36.4343104Z Collecting requests==2.32.4 (from -r requirements-dev.txt (line 31))
2025-08-17T17:06:36.4357500Z   Using cached requests-2.32.4-py3-none-any.whl.metadata (4.9 kB)
2025-08-17T17:06:36.4490587Z Collecting respx==0.22.0 (from -r requirements-dev.txt (line 32))
2025-08-17T17:06:36.4503944Z   Using cached respx-0.22.0-py2.py3-none-any.whl.metadata (4.1 kB)
2025-08-17T17:06:36.7913011Z Collecting ruff==0.4.4 (from -r requirements-dev.txt (line 33))
2025-08-17T17:06:36.7929848Z   Using cached ruff-0.4.4-py3-none-manylinux_2_17_x86_64.manylinux2014_x86_64.whl.metadata (23 kB)
2025-08-17T17:06:37.0411780Z Collecting sqlalchemy==2.0.29 (from -r requirements-dev.txt (line 34))
2025-08-17T17:06:37.0428046Z   Using cached SQLAlchemy-2.0.29-cp311-cp311-manylinux_2_17_x86_64.manylinux2014_x86_64.whl.metadata (9.6 kB)
2025-08-17T17:06:37.0631422Z Collecting testcontainers==4.10.0 (from testcontainers[postgres]==4.10.0->-r requirements-dev.txt (line 35))
2025-08-17T17:06:37.0645814Z   Using cached testcontainers-4.10.0-py3-none-any.whl.metadata (7.8 kB)
2025-08-17T17:06:37.0984915Z Collecting types-requests==2.32.0.20240602 (from -r requirements-dev.txt (line 36))
2025-08-17T17:06:37.0999017Z   Using cached types_requests-2.32.0.20240602-py3-none-any.whl.metadata (1.8 kB)
2025-08-17T17:06:37.1107854Z Collecting docspec-python==2.2.2 (from -r requirements-dev.txt (line 37))
2025-08-17T17:06:37.1121726Z   Using cached docspec_python-2.2.2-py3-none-any.whl.metadata (1.0 kB)
2025-08-17T17:06:37.1338808Z Collecting pydoc-markdown==4.8.2 (from -r requirements-dev.txt (line 38))
2025-08-17T17:06:37.1352418Z   Using cached pydoc_markdown-4.8.2-py3-none-any.whl.metadata (5.9 kB)
2025-08-17T17:06:37.1608691Z Collecting pandera==0.19.* (from -r requirements-dev.txt (line 39))
2025-08-17T17:06:37.1622381Z   Using cached pandera-0.19.3-py3-none-any.whl.metadata (15 kB)
2025-08-17T17:06:37.2142327Z Collecting MarkupSafe>=2.0 (from Jinja2==3.1.6->-r requirements-dev.txt (line 2))
2025-08-17T17:06:37.2158082Z   Using cached MarkupSafe-3.0.2-cp311-cp311-manylinux_2_17_x86_64.manylinux2014_x86_64.whl.metadata (4.0 kB)
2025-08-17T17:06:37.2860943Z Collecting Mako (from alembic==1.13.1->-r requirements-dev.txt (line 3))
2025-08-17T17:06:37.2875611Z   Using cached mako-1.3.10-py3-none-any.whl.metadata (2.9 kB)
2025-08-17T17:06:37.3030323Z Collecting typing-extensions>=4 (from alembic==1.13.1->-r requirements-dev.txt (line 3))
2025-08-17T17:06:37.3044011Z   Using cached typing_extensions-4.14.1-py3-none-any.whl.metadata (3.0 kB)
2025-08-17T17:06:37.3171926Z Collecting six>=1.4.0 (from apscheduler==3.10.4->-r requirements-dev.txt (line 4))
2025-08-17T17:06:37.3185660Z   Using cached six-1.17.0-py2.py3-none-any.whl.metadata (1.7 kB)
2025-08-17T17:06:37.3502000Z Collecting pytz (from apscheduler==3.10.4->-r requirements-dev.txt (line 4))
2025-08-17T17:06:37.3516637Z   Using cached pytz-2025.2-py2.py3-none-any.whl.metadata (22 kB)
2025-08-17T17:06:37.3662806Z Collecting tzlocal!=3.*,>=2.0 (from apscheduler==3.10.4->-r requirements-dev.txt (line 4))
2025-08-17T17:06:37.3676546Z   Using cached tzlocal-5.3.1-py3-none-any.whl.metadata (7.6 kB)
2025-08-17T17:06:37.3851355Z Collecting click>=8.0.0 (from black==25.1.0->-r requirements-dev.txt (line 6))
2025-08-17T17:06:37.3864893Z   Using cached click-8.2.1-py3-none-any.whl.metadata (2.5 kB)
2025-08-17T17:06:37.4005722Z Collecting packaging>=22.0 (from black==25.1.0->-r requirements-dev.txt (line 6))
2025-08-17T17:06:37.4019342Z   Using cached packaging-25.0-py3-none-any.whl.metadata (3.3 kB)
2025-08-17T17:06:37.4114922Z Collecting pathspec>=0.9.0 (from black==25.1.0->-r requirements-dev.txt (line 6))
2025-08-17T17:06:37.4128407Z   Using cached pathspec-0.12.1-py3-none-any.whl.metadata (21 kB)
2025-08-17T17:06:37.4290119Z Collecting platformdirs>=2 (from black==25.1.0->-r requirements-dev.txt (line 6))
2025-08-17T17:06:37.4303446Z   Using cached platformdirs-4.3.8-py3-none-any.whl.metadata (12 kB)
2025-08-17T17:06:37.4495865Z Collecting billiard<5.0,>=4.2.0 (from celery==5.4.0->-r requirements-dev.txt (line 10))
2025-08-17T17:06:37.4509949Z   Using cached billiard-4.2.1-py3-none-any.whl.metadata (4.4 kB)
2025-08-17T17:06:37.4756431Z Collecting kombu<6.0,>=5.3.4 (from celery==5.4.0->-r requirements-dev.txt (line 10))
2025-08-17T17:06:37.4770109Z   Using cached kombu-5.5.4-py3-none-any.whl.metadata (3.5 kB)
2025-08-17T17:06:37.4905041Z Collecting vine<6.0,>=5.1.0 (from celery==5.4.0->-r requirements-dev.txt (line 10))
2025-08-17T17:06:37.4918773Z   Using cached vine-5.1.0-py3-none-any.whl.metadata (2.7 kB)
2025-08-17T17:06:37.5054153Z Collecting click-didyoumean>=0.3.0 (from celery==5.4.0->-r requirements-dev.txt (line 10))
2025-08-17T17:06:37.5067778Z   Using cached click_didyoumean-0.3.1-py3-none-any.whl.metadata (3.9 kB)
2025-08-17T17:06:37.5150929Z Collecting click-repl>=0.2.0 (from celery==5.4.0->-r requirements-dev.txt (line 10))
2025-08-17T17:06:37.5164429Z   Using cached click_repl-0.3.0-py3-none-any.whl.metadata (3.6 kB)
2025-08-17T17:06:37.5251279Z Collecting click-plugins>=1.1.1 (from celery==5.4.0->-r requirements-dev.txt (line 10))
2025-08-17T17:06:37.5264570Z   Using cached click_plugins-1.1.1.2-py2.py3-none-any.whl.metadata (6.5 kB)
2025-08-17T17:06:37.5377608Z Collecting tzdata>=2022.7 (from celery==5.4.0->-r requirements-dev.txt (line 10))
2025-08-17T17:06:37.5391253Z   Using cached tzdata-2025.2-py2.py3-none-any.whl.metadata (1.4 kB)
2025-08-17T17:06:37.5490926Z Collecting python-dateutil>=2.8.2 (from celery==5.4.0->-r requirements-dev.txt (line 10))
2025-08-17T17:06:37.5504715Z   Using cached python_dateutil-2.9.0.post0-py2.py3-none-any.whl.metadata (8.4 kB)
2025-08-17T17:06:37.5783028Z Collecting starlette<0.48.0,>=0.40.0 (from fastapi==0.116.1->-r requirements-dev.txt (line 11))
2025-08-17T17:06:37.5796596Z   Using cached starlette-0.47.2-py3-none-any.whl.metadata (6.2 kB)
2025-08-17T17:06:37.6189765Z Collecting annotated-types>=0.6.0 (from pydantic==2.11.7->-r requirements-dev.txt (line 23))
2025-08-17T17:06:37.6203222Z   Using cached annotated_types-0.7.0-py3-none-any.whl.metadata (15 kB)
2025-08-17T17:06:38.2632305Z Collecting pydantic-core==2.33.2 (from pydantic==2.11.7->-r requirements-dev.txt (line 23))
2025-08-17T17:06:38.2648327Z   Using cached pydantic_core-2.33.2-cp311-cp311-manylinux_2_17_x86_64.manylinux2014_x86_64.whl.metadata (6.8 kB)
2025-08-17T17:06:38.2763254Z Collecting typing-inspection>=0.4.0 (from pydantic==2.11.7->-r requirements-dev.txt (line 23))
2025-08-17T17:06:38.2777286Z   Using cached typing_inspection-0.4.1-py3-none-any.whl.metadata (2.6 kB)
2025-08-17T17:06:38.2868339Z Collecting et-xmlfile (from openpyxl==3.1.5->-r requirements-dev.txt (line 19))
2025-08-17T17:06:38.2881911Z   Using cached et_xmlfile-2.0.0-py3-none-any.whl.metadata (2.7 kB)
2025-08-17T17:06:38.3249552Z Collecting pytest<9,>=7.0.0 (from pytest-asyncio==0.23.6->-r requirements-dev.txt (line 25))
2025-08-17T17:06:38.3263072Z   Using cached pytest-8.4.1-py3-none-any.whl.metadata (7.7 kB)
2025-08-17T17:06:38.6281909Z Collecting coverage>=7.5 (from coverage[toml]>=7.5->pytest-cov==6.2.1->-r requirements-dev.txt (line 26))
2025-08-17T17:06:38.6299232Z   Using cached coverage-7.10.4-cp311-cp311-manylinux1_x86_64.manylinux_2_28_x86_64.manylinux_2_5_x86_64.whl.metadata (8.9 kB)
2025-08-17T17:06:38.6409677Z Collecting pluggy>=1.2 (from pytest-cov==6.2.1->-r requirements-dev.txt (line 26))
2025-08-17T17:06:38.6423630Z   Using cached pluggy-1.6.0-py3-none-any.whl.metadata (4.8 kB)
2025-08-17T17:06:38.6644653Z Collecting port-for>=0.7.3 (from pytest-postgresql==7.0.2->-r requirements-dev.txt (line 27))
2025-08-17T17:06:38.6658680Z   Using cached port_for-0.7.4-py3-none-any.whl.metadata (7.1 kB)
2025-08-17T17:06:38.6792706Z Collecting mirakuru>=2.6.0 (from pytest-postgresql==7.0.2->-r requirements-dev.txt (line 27))
2025-08-17T17:06:38.6806631Z   Using cached mirakuru-2.6.1-py3-none-any.whl.metadata (10 kB)
2025-08-17T17:06:38.8415689Z Collecting charset_normalizer<4,>=2 (from requests==2.32.4->-r requirements-dev.txt (line 31))
2025-08-17T17:06:38.8430329Z   Using cached charset_normalizer-3.4.3-cp311-cp311-manylinux2014_x86_64.manylinux_2_17_x86_64.manylinux_2_28_x86_64.whl.metadata (36 kB)
2025-08-17T17:06:38.8563460Z Collecting idna<4,>=2.5 (from requests==2.32.4->-r requirements-dev.txt (line 31))
2025-08-17T17:06:38.8576812Z   Using cached idna-3.10-py3-none-any.whl.metadata (10 kB)
2025-08-17T17:06:38.8836782Z Collecting urllib3<3,>=1.21.1 (from requests==2.32.4->-r requirements-dev.txt (line 31))
2025-08-17T17:06:38.8850215Z   Using cached urllib3-2.5.0-py3-none-any.whl.metadata (6.5 kB)
2025-08-17T17:06:38.9039195Z Collecting certifi>=2017.4.17 (from requests==2.32.4->-r requirements-dev.txt (line 31))
2025-08-17T17:06:38.9053268Z   Using cached certifi-2025.8.3-py3-none-any.whl.metadata (2.4 kB)
2025-08-17T17:06:39.0262736Z Collecting greenlet!=0.4.17 (from sqlalchemy==2.0.29->-r requirements-dev.txt (line 34))
2025-08-17T17:06:39.0278102Z   Using cached greenlet-3.2.4-cp311-cp311-manylinux_2_24_x86_64.manylinux_2_28_x86_64.whl.metadata (4.1 kB)
2025-08-17T17:06:39.0470503Z Collecting docker (from testcontainers==4.10.0->testcontainers[postgres]==4.10.0->-r requirements-dev.txt (line 35))
2025-08-17T17:06:39.0483061Z   Using cached docker-7.1.0-py3-none-any.whl.metadata (3.8 kB)
2025-08-17T17:06:39.1378404Z Collecting wrapt (from testcontainers==4.10.0->testcontainers[postgres]==4.10.0->-r requirements-dev.txt (line 35))
2025-08-17T17:06:39.1393129Z   Using cached wrapt-1.17.3-cp311-cp311-manylinux1_x86_64.manylinux_2_28_x86_64.manylinux_2_5_x86_64.whl.metadata (6.4 kB)
2025-08-17T17:06:39.1607780Z Collecting docspec==2.2.1 (from docspec-python==2.2.2->-r requirements-dev.txt (line 37))
2025-08-17T17:06:39.1620572Z   Using cached docspec-2.2.1-py3-none-any.whl.metadata (1.5 kB)
2025-08-17T17:06:39.1786538Z Collecting nr-util>=0.8.12 (from docspec-python==2.2.2->-r requirements-dev.txt (line 37))
2025-08-17T17:06:39.1799789Z   Using cached nr.util-0.8.12-py3-none-any.whl.metadata (813 bytes)
2025-08-17T17:06:39.2124449Z Collecting PyYAML<7.0,>=5.0 (from pydoc-markdown==4.8.2->-r requirements-dev.txt (line 38))
2025-08-17T17:06:39.2139923Z   Using cached PyYAML-6.0.2-cp311-cp311-manylinux_2_17_x86_64.manylinux2014_x86_64.whl.metadata (2.1 kB)
2025-08-17T17:06:39.2394204Z Collecting databind.core<5.0.0,>=4.4.0 (from pydoc-markdown==4.8.2->-r requirements-dev.txt (line 38))
2025-08-17T17:06:39.2407621Z   Using cached databind.core-4.5.2-py3-none-any.whl.metadata (1.1 kB)
2025-08-17T17:06:39.2608788Z Collecting databind.json<5.0.0,>=4.4.0 (from pydoc-markdown==4.8.2->-r requirements-dev.txt (line 38))
2025-08-17T17:06:39.2621901Z   Using cached databind.json-4.5.2-py3-none-any.whl.metadata (1.1 kB)
2025-08-17T17:06:39.2746589Z Collecting docstring-parser<0.12,>=0.11 (from pydoc-markdown==4.8.2->-r requirements-dev.txt (line 38))
2025-08-17T17:06:39.2748165Z   Using cached docstring_parser-0.11-py3-none-any.whl
2025-08-17T17:06:39.3052555Z Collecting tomli<3.0.0,>=2.0.0 (from pydoc-markdown==4.8.2->-r requirements-dev.txt (line 38))
2025-08-17T17:06:39.3066180Z   Using cached tomli-2.2.1-cp311-cp311-manylinux_2_17_x86_64.manylinux2014_x86_64.whl.metadata (11 kB)
2025-08-17T17:06:39.3181605Z Collecting tomli_w<2.0.0,>=1.0.0 (from pydoc-markdown==4.8.2->-r requirements-dev.txt (line 38))
2025-08-17T17:06:39.3194448Z   Using cached tomli_w-1.2.0-py3-none-any.whl.metadata (5.7 kB)
2025-08-17T17:06:39.3614266Z Collecting watchdog (from pydoc-markdown==4.8.2->-r requirements-dev.txt (line 38))
2025-08-17T17:06:39.3627918Z   Using cached watchdog-6.0.0-py3-none-manylinux2014_x86_64.whl.metadata (44 kB)
2025-08-17T17:06:39.3806265Z Collecting yapf>=0.30.0 (from pydoc-markdown==4.8.2->-r requirements-dev.txt (line 38))
2025-08-17T17:06:39.3819248Z   Using cached yapf-0.43.0-py3-none-any.whl.metadata (46 kB)
2025-08-17T17:06:39.3984696Z Collecting Deprecated<2.0.0,>=1.2.12 (from docspec==2.2.1->docspec-python==2.2.2->-r requirements-dev.txt (line 37))
2025-08-17T17:06:39.3998290Z   Using cached Deprecated-1.2.18-py2.py3-none-any.whl.metadata (5.7 kB)
2025-08-17T17:06:39.5449585Z Collecting psycopg-binary==3.2.9 (from psycopg[binary]==3.2.9->-r requirements-dev.txt (line 22))
2025-08-17T17:06:39.5465026Z   Using cached psycopg_binary-3.2.9-cp311-cp311-manylinux_2_17_x86_64.manylinux2014_x86_64.whl.metadata (2.9 kB)
2025-08-17T17:06:39.5695527Z Collecting PyJWT>=2.9.0 (from redis==5.*->-r requirements-dev.txt (line 8))
2025-08-17T17:06:39.5709395Z   Using cached PyJWT-2.10.1-py3-none-any.whl.metadata (4.0 kB)
2025-08-17T17:06:39.5908335Z Collecting argon2-cffi (from minio==7.*->-r requirements-dev.txt (line 9))
2025-08-17T17:06:39.5921134Z   Using cached argon2_cffi-25.1.0-py3-none-any.whl.metadata (4.1 kB)
2025-08-17T17:06:39.6652455Z Collecting pycryptodome (from minio==7.*->-r requirements-dev.txt (line 9))
2025-08-17T17:06:39.6668086Z   Using cached pycryptodome-3.23.0-cp37-abi3-manylinux_2_17_x86_64.manylinux2014_x86_64.whl.metadata (3.4 kB)
2025-08-17T17:06:39.6843072Z Collecting anyio (from httpx<0.29,>=0.27->-r requirements-dev.txt (line 13))
2025-08-17T17:06:39.6857007Z   Using cached anyio-4.10.0-py3-none-any.whl.metadata (4.0 kB)
2025-08-17T17:06:39.7031504Z Collecting httpcore==1.* (from httpx<0.29,>=0.27->-r requirements-dev.txt (line 13))
2025-08-17T17:06:39.7045133Z   Using cached httpcore-1.0.9-py3-none-any.whl.metadata (21 kB)
2025-08-17T17:06:39.7382896Z Collecting multimethod<=1.10.0 (from pandera==0.19.*->-r requirements-dev.txt (line 39))
2025-08-17T17:06:39.7396131Z   Using cached multimethod-1.10-py3-none-any.whl.metadata (8.2 kB)
2025-08-17T17:06:39.7740071Z Collecting typeguard (from pandera==0.19.*->-r requirements-dev.txt (line 39))
2025-08-17T17:06:39.7753656Z   Using cached typeguard-4.4.4-py3-none-any.whl.metadata (3.3 kB)
2025-08-17T17:06:39.7839043Z Collecting typing-inspect>=0.6.0 (from pandera==0.19.*->-r requirements-dev.txt (line 39))
2025-08-17T17:06:39.7852446Z   Using cached typing_inspect-0.9.0-py3-none-any.whl.metadata (1.5 kB)
2025-08-17T17:06:39.8126940Z Collecting databind<5.0.0,>=4.5.2 (from databind.core<5.0.0,>=4.4.0->pydoc-markdown==4.8.2->-r requirements-dev.txt (line 38))
2025-08-17T17:06:39.8141074Z   Using cached databind-4.5.2-py3-none-any.whl.metadata (4.3 kB)
2025-08-17T17:06:39.8292293Z Collecting nr-date<3.0.0,>=2.0.0 (from databind<5.0.0,>=4.5.2->databind.core<5.0.0,>=4.4.0->pydoc-markdown==4.8.2->-r requirements-dev.txt (line 38))
2025-08-17T17:06:39.8305785Z   Using cached nr_date-2.1.0-py3-none-any.whl.metadata (746 bytes)
2025-08-17T17:06:39.8417635Z Collecting nr-stream<2.0.0,>=1.0.0 (from databind<5.0.0,>=4.5.2->databind.core<5.0.0,>=4.4.0->pydoc-markdown==4.8.2->-r requirements-dev.txt (line 38))
2025-08-17T17:06:39.8431061Z   Using cached nr_stream-1.1.5-py3-none-any.whl.metadata (3.6 kB)
2025-08-17T17:06:39.8578379Z Collecting typeapi<3,>=2.0.1 (from databind<5.0.0,>=4.5.2->databind.core<5.0.0,>=4.4.0->pydoc-markdown==4.8.2->-r requirements-dev.txt (line 38))
2025-08-17T17:06:39.8591868Z   Using cached typeapi-2.2.4-py3-none-any.whl.metadata (1.5 kB)
2025-08-17T17:06:39.8836163Z Collecting h11>=0.16 (from httpcore==1.*->httpx<0.29,>=0.27->-r requirements-dev.txt (line 13))
2025-08-17T17:06:39.8850051Z   Using cached h11-0.16.0-py3-none-any.whl.metadata (8.3 kB)
2025-08-17T17:06:39.9027322Z Collecting amqp<6.0.0,>=5.1.1 (from kombu<6.0,>=5.3.4->celery==5.4.0->-r requirements-dev.txt (line 10))
2025-08-17T17:06:39.9041227Z   Using cached amqp-5.3.1-py3-none-any.whl.metadata (8.9 kB)
2025-08-17T17:06:39.9369765Z Collecting iniconfig>=1 (from pytest<9,>=7.0.0->pytest-asyncio==0.23.6->-r requirements-dev.txt (line 25))
2025-08-17T17:06:39.9383806Z   Using cached iniconfig-2.1.0-py3-none-any.whl.metadata (2.7 kB)
2025-08-17T17:06:39.9569615Z Collecting pygments>=2.7.2 (from pytest<9,>=7.0.0->pytest-asyncio==0.23.6->-r requirements-dev.txt (line 25))
2025-08-17T17:06:39.9583170Z   Using cached pygments-2.19.2-py3-none-any.whl.metadata (2.5 kB)
2025-08-17T17:06:39.9904494Z Collecting sniffio>=1.1 (from anyio->httpx<0.29,>=0.27->-r requirements-dev.txt (line 13))
2025-08-17T17:06:39.9918263Z   Using cached sniffio-1.3.1-py3-none-any.whl.metadata (3.9 kB)
2025-08-17T17:06:40.4404226Z Collecting botocore<1.41.0,>=1.40.11 (from boto3->-r requirements-dev.txt (line 7))
2025-08-17T17:06:40.4419441Z   Using cached botocore-1.40.11-py3-none-any.whl.metadata (5.7 kB)
2025-08-17T17:06:40.4535641Z Collecting jmespath<2.0.0,>=0.7.1 (from boto3->-r requirements-dev.txt (line 7))
2025-08-17T17:06:40.4549506Z   Using cached jmespath-1.0.1-py3-none-any.whl.metadata (7.6 kB)
2025-08-17T17:06:40.4700235Z Collecting s3transfer<0.14.0,>=0.13.0 (from boto3->-r requirements-dev.txt (line 7))
2025-08-17T17:06:40.4713307Z   Using cached s3transfer-0.13.1-py3-none-any.whl.metadata (1.7 kB)
2025-08-17T17:06:40.6071135Z Collecting fastapi-cli>=0.0.8 (from fastapi-cli[standard]>=0.0.8; extra == "all"->fastapi[all]->-r requirements-dev.txt (line 12))
2025-08-17T17:06:40.6084293Z   Using cached fastapi_cli-0.0.8-py3-none-any.whl.metadata (6.3 kB)
2025-08-17T17:06:40.6765364Z Collecting ujson!=4.0.2,!=4.1.0,!=4.2.0,!=4.3.0,!=5.0.0,!=5.1.0,>=4.0.1 (from fastapi[all]->-r requirements-dev.txt (line 12))
2025-08-17T17:06:40.6779482Z   Using cached ujson-5.10.0-cp311-cp311-manylinux_2_17_x86_64.manylinux2014_x86_64.whl.metadata (9.3 kB)
2025-08-17T17:06:40.9009444Z Collecting orjson>=3.2.1 (from fastapi[all]->-r requirements-dev.txt (line 12))
2025-08-17T17:06:40.9024844Z   Using cached orjson-3.11.2-cp311-cp311-manylinux_2_17_x86_64.manylinux2014_x86_64.whl.metadata (1.2 kB)
2025-08-17T17:06:40.9140076Z Collecting email-validator>=2.0.0 (from fastapi[all]->-r requirements-dev.txt (line 12))
2025-08-17T17:06:40.9153474Z   Using cached email_validator-2.2.0-py3-none-any.whl.metadata (25 kB)
2025-08-17T17:06:40.9412125Z Collecting uvicorn>=0.12.0 (from uvicorn[standard]>=0.12.0; extra == "all"->fastapi[all]->-r requirements-dev.txt (line 12))
2025-08-17T17:06:40.9426390Z   Using cached uvicorn-0.35.0-py3-none-any.whl.metadata (6.5 kB)
2025-08-17T17:06:40.9572097Z Collecting pydantic-settings>=2.0.0 (from fastapi[all]->-r requirements-dev.txt (line 12))
2025-08-17T17:06:40.9585640Z   Using cached pydantic_settings-2.10.1-py3-none-any.whl.metadata (3.4 kB)
2025-08-17T17:06:40.9698565Z Collecting pydantic-extra-types>=2.0.0 (from fastapi[all]->-r requirements-dev.txt (line 12))
2025-08-17T17:06:40.9718835Z   Using cached pydantic_extra_types-2.10.5-py3-none-any.whl.metadata (3.9 kB)
2025-08-17T17:06:41.0399689Z Collecting prompt-toolkit>=3.0.36 (from click-repl>=0.2.0->celery==5.4.0->-r requirements-dev.txt (line 10))
2025-08-17T17:06:41.0413087Z   Using cached prompt_toolkit-3.0.51-py3-none-any.whl.metadata (6.4 kB)
2025-08-17T17:06:41.0584508Z Collecting dnspython>=2.0.0 (from email-validator>=2.0.0->fastapi[all]->-r requirements-dev.txt (line 12))
2025-08-17T17:06:41.0598189Z   Using cached dnspython-2.7.0-py3-none-any.whl.metadata (5.8 kB)
2025-08-17T17:06:41.0849769Z Collecting typer>=0.15.1 (from fastapi-cli>=0.0.8->fastapi-cli[standard]>=0.0.8; extra == "all"->fastapi[all]->-r requirements-dev.txt (line 12))
2025-08-17T17:06:41.0862783Z   Using cached typer-0.16.0-py3-none-any.whl.metadata (15 kB)
2025-08-17T17:06:41.1117314Z Collecting rich-toolkit>=0.14.8 (from fastapi-cli>=0.0.8->fastapi-cli[standard]>=0.0.8; extra == "all"->fastapi[all]->-r requirements-dev.txt (line 12))
2025-08-17T17:06:41.1132671Z   Using cached rich_toolkit-0.15.0-py3-none-any.whl.metadata (1.0 kB)
2025-08-17T17:06:41.1253271Z Collecting fastapi-cloud-cli>=0.1.1 (from fastapi-cli[standard]>=0.0.8; extra == "all"->fastapi[all]->-r requirements-dev.txt (line 12))
2025-08-17T17:06:41.1271595Z   Using cached fastapi_cloud_cli-0.1.5-py3-none-any.whl.metadata (3.2 kB)
2025-08-17T17:06:41.2029362Z Collecting rignore>=0.5.1 (from fastapi-cloud-cli>=0.1.1->fastapi-cli[standard]>=0.0.8; extra == "all"->fastapi[all]->-r requirements-dev.txt (line 12))
2025-08-17T17:06:41.2044099Z   Using cached rignore-0.6.4-cp311-cp311-manylinux_2_17_x86_64.manylinux2014_x86_64.whl.metadata (3.8 kB)
2025-08-17T17:06:41.2825127Z Collecting sentry-sdk>=2.20.0 (from fastapi-cloud-cli>=0.1.1->fastapi-cli[standard]>=0.0.8; extra == "all"->fastapi[all]->-r requirements-dev.txt (line 12))
2025-08-17T17:06:41.2838136Z   Using cached sentry_sdk-2.35.0-py2.py3-none-any.whl.metadata (10 kB)
2025-08-17T17:06:41.3680394Z Collecting psutil>=4.0.0 (from mirakuru>=2.6.0->pytest-postgresql==7.0.2->-r requirements-dev.txt (line 27))
2025-08-17T17:06:41.3694395Z   Using cached psutil-7.0.0-cp36-abi3-manylinux_2_12_x86_64.manylinux2010_x86_64.manylinux_2_17_x86_64.manylinux2014_x86_64.whl.metadata (22 kB)
2025-08-17T17:06:41.3980668Z Collecting wcwidth (from prompt-toolkit>=3.0.36->click-repl>=0.2.0->celery==5.4.0->-r requirements-dev.txt (line 10))
2025-08-17T17:06:41.3994283Z   Using cached wcwidth-0.2.13-py2.py3-none-any.whl.metadata (14 kB)
2025-08-17T17:06:41.4882450Z Collecting rich>=13.7.1 (from rich-toolkit>=0.14.8->fastapi-cli>=0.0.8->fastapi-cli[standard]>=0.0.8; extra == "all"->fastapi[all]->-r requirements-dev.txt (line 12))
2025-08-17T17:06:41.4895872Z   Using cached rich-14.1.0-py3-none-any.whl.metadata (18 kB)
2025-08-17T17:06:41.5071974Z Collecting markdown-it-py>=2.2.0 (from rich>=13.7.1->rich-toolkit>=0.14.8->fastapi-cli>=0.0.8->fastapi-cli[standard]>=0.0.8; extra == "all"->fastapi[all]->-r requirements-dev.txt (line 12))
2025-08-17T17:06:41.5084986Z   Using cached markdown_it_py-4.0.0-py3-none-any.whl.metadata (7.3 kB)
2025-08-17T17:06:41.5716354Z Collecting mdurl~=0.1 (from markdown-it-py>=2.2.0->rich>=13.7.1->rich-toolkit>=0.14.8->fastapi-cli>=0.0.8->fastapi-cli[standard]>=0.0.8; extra == "all"->fastapi[all]->-r requirements-dev.txt (line 12))
2025-08-17T17:06:41.5730162Z   Using cached mdurl-0.1.2-py3-none-any.whl.metadata (1.6 kB)
2025-08-17T17:06:41.6200585Z Collecting shellingham>=1.3.0 (from typer>=0.15.1->fastapi-cli>=0.0.8->fastapi-cli[standard]>=0.0.8; extra == "all"->fastapi[all]->-r requirements-dev.txt (line 12))
2025-08-17T17:06:41.6214188Z   Using cached shellingham-1.5.4-py2.py3-none-any.whl.metadata (3.5 kB)
2025-08-17T17:06:41.8154906Z Collecting httptools>=0.6.3 (from uvicorn[standard]>=0.12.0; extra == "all"->fastapi[all]->-r requirements-dev.txt (line 12))
2025-08-17T17:06:41.8171451Z   Using cached httptools-0.6.4-cp311-cp311-manylinux_2_5_x86_64.manylinux1_x86_64.manylinux_2_17_x86_64.manylinux2014_x86_64.whl.metadata (3.6 kB)
2025-08-17T17:06:41.8582892Z Collecting uvloop>=0.15.1 (from uvicorn[standard]>=0.12.0; extra == "all"->fastapi[all]->-r requirements-dev.txt (line 12))
2025-08-17T17:06:41.8597834Z   Using cached uvloop-0.21.0-cp311-cp311-manylinux_2_17_x86_64.manylinux2014_x86_64.whl.metadata (4.9 kB)
2025-08-17T17:06:41.9262896Z Collecting watchfiles>=0.13 (from uvicorn[standard]>=0.12.0; extra == "all"->fastapi[all]->-r requirements-dev.txt (line 12))
2025-08-17T17:06:41.9276958Z   Using cached watchfiles-1.1.0-cp311-cp311-manylinux_2_17_x86_64.manylinux2014_x86_64.whl.metadata (4.9 kB)
2025-08-17T17:06:42.0081399Z Collecting websockets>=10.4 (from uvicorn[standard]>=0.12.0; extra == "all"->fastapi[all]->-r requirements-dev.txt (line 12))
2025-08-17T17:06:42.0096616Z   Using cached websockets-15.0.1-cp311-cp311-manylinux_2_5_x86_64.manylinux1_x86_64.manylinux_2_17_x86_64.manylinux2014_x86_64.whl.metadata (6.8 kB)
2025-08-17T17:06:42.0495772Z Collecting argon2-cffi-bindings (from argon2-cffi->minio==7.*->-r requirements-dev.txt (line 9))
2025-08-17T17:06:42.0509703Z   Using cached argon2_cffi_bindings-25.1.0-cp39-abi3-manylinux_2_26_x86_64.manylinux_2_28_x86_64.whl.metadata (7.4 kB)
2025-08-17T17:06:42.1474476Z Collecting cffi>=1.0.1 (from argon2-cffi-bindings->argon2-cffi->minio==7.*->-r requirements-dev.txt (line 9))
2025-08-17T17:06:42.1490022Z   Using cached cffi-1.17.1-cp311-cp311-manylinux_2_17_x86_64.manylinux2014_x86_64.whl.metadata (1.5 kB)
2025-08-17T17:06:42.1604063Z Collecting pycparser (from cffi>=1.0.1->argon2-cffi-bindings->argon2-cffi->minio==7.*->-r requirements-dev.txt (line 9))
2025-08-17T17:06:42.1617472Z   Using cached pycparser-2.22-py3-none-any.whl.metadata (943 bytes)
2025-08-17T17:06:42.2170339Z Using cached jinja2-3.1.6-py3-none-any.whl (134 kB)
2025-08-17T17:06:42.2184843Z Using cached alembic-1.13.1-py3-none-any.whl (233 kB)
2025-08-17T17:06:42.2199944Z Using cached APScheduler-3.10.4-py3-none-any.whl (59 kB)
2025-08-17T17:06:42.2213721Z Using cached asyncpg-0.30.0-cp311-cp311-manylinux_2_17_x86_64.manylinux2014_x86_64.whl (3.1 MB)
2025-08-17T17:06:42.2249408Z Using cached black-25.1.0-cp311-cp311-manylinux_2_17_x86_64.manylinux2014_x86_64.manylinux_2_28_x86_64.whl (1.7 MB)
2025-08-17T17:06:42.2275191Z Using cached celery-5.4.0-py3-none-any.whl (425 kB)
2025-08-17T17:06:42.2291295Z Using cached fastapi-0.116.1-py3-none-any.whl (95 kB)
2025-08-17T17:06:42.2304917Z Using cached pydantic-2.11.7-py3-none-any.whl (444 kB)
2025-08-17T17:06:42.2320856Z Using cached IMAPClient-3.0.1-py2.py3-none-any.whl (182 kB)
2025-08-17T17:06:42.2335088Z Using cached mypy_extensions-1.1.0-py3-none-any.whl (5.0 kB)
2025-08-17T17:06:42.2348230Z Using cached openpyxl-3.1.5-py2.py3-none-any.whl (250 kB)
2025-08-17T17:06:42.2363258Z Using cached psycopg2_binary-2.9.9-cp311-cp311-manylinux_2_17_x86_64.manylinux2014_x86_64.whl (3.0 MB)
2025-08-17T17:06:42.2398476Z Using cached psycopg-3.2.9-py3-none-any.whl (202 kB)
2025-08-17T17:06:42.2412513Z Using cached pytest_asyncio-0.23.6-py3-none-any.whl (17 kB)
2025-08-17T17:06:42.2425301Z Using cached pytest_cov-6.2.1-py3-none-any.whl (24 kB)
2025-08-17T17:06:42.2438508Z Using cached pytest_postgresql-7.0.2-py3-none-any.whl (41 kB)
2025-08-17T17:06:42.2451833Z Using cached python_telegram_bot-22.2-py3-none-any.whl (708 kB)
2025-08-17T17:06:42.2470657Z Using cached requests-2.32.4-py3-none-any.whl (64 kB)
2025-08-17T17:06:42.2484135Z Using cached respx-0.22.0-py2.py3-none-any.whl (25 kB)
2025-08-17T17:06:42.2497528Z Using cached ruff-0.4.4-py3-none-manylinux_2_17_x86_64.manylinux2014_x86_64.whl (8.7 MB)
2025-08-17T17:06:42.2571438Z Using cached SQLAlchemy-2.0.29-cp311-cp311-manylinux_2_17_x86_64.manylinux2014_x86_64.whl (3.2 MB)
2025-08-17T17:06:42.2607253Z Using cached testcontainers-4.10.0-py3-none-any.whl (107 kB)
2025-08-17T17:06:42.2621097Z Using cached types_requests-2.32.0.20240602-py3-none-any.whl (15 kB)
2025-08-17T17:06:42.2633983Z Using cached docspec_python-2.2.2-py3-none-any.whl (15 kB)
2025-08-17T17:06:42.2646926Z Using cached pydoc_markdown-4.8.2-py3-none-any.whl (67 kB)
2025-08-17T17:06:42.2660324Z Using cached docspec-2.2.1-py3-none-any.whl (9.8 kB)
2025-08-17T17:06:42.2673583Z Using cached psycopg_binary-3.2.9-cp311-cp311-manylinux_2_17_x86_64.manylinux2014_x86_64.whl (4.5 MB)
2025-08-17T17:06:42.2719228Z Using cached pydantic_core-2.33.2-cp311-cp311-manylinux_2_17_x86_64.manylinux2014_x86_64.whl (2.0 MB)
2025-08-17T17:06:42.2746007Z Using cached redis-5.3.1-py3-none-any.whl (272 kB)
2025-08-17T17:06:42.2761259Z Using cached minio-7.2.16-py3-none-any.whl (95 kB)
2025-08-17T17:06:42.2774832Z Using cached httpx-0.28.1-py3-none-any.whl (73 kB)
2025-08-17T17:06:42.2788964Z Using cached mypy-1.17.1-cp311-cp311-manylinux2014_x86_64.manylinux_2_17_x86_64.manylinux_2_28_x86_64.whl (12.6 MB)
2025-08-17T17:06:42.2889757Z Using cached numpy-1.26.4-cp311-cp311-manylinux_2_17_x86_64.manylinux2014_x86_64.whl (18.3 MB)
2025-08-17T17:06:42.3031591Z Using cached pandas-2.2.3-cp311-cp311-manylinux_2_17_x86_64.manylinux2014_x86_64.whl (13.1 MB)
2025-08-17T17:06:42.3136653Z Using cached pandera-0.19.3-py3-none-any.whl (251 kB)
2025-08-17T17:06:42.3151458Z Using cached billiard-4.2.1-py3-none-any.whl (86 kB)
2025-08-17T17:06:42.3165526Z Using cached charset_normalizer-3.4.3-cp311-cp311-manylinux2014_x86_64.manylinux_2_17_x86_64.manylinux_2_28_x86_64.whl (150 kB)
2025-08-17T17:06:42.3179065Z Using cached click-8.2.1-py3-none-any.whl (102 kB)
2025-08-17T17:06:42.3192627Z Using cached databind.core-4.5.2-py3-none-any.whl (1.5 kB)
2025-08-17T17:06:42.3205513Z Using cached databind-4.5.2-py3-none-any.whl (49 kB)
2025-08-17T17:06:42.3218889Z Using cached databind.json-4.5.2-py3-none-any.whl (1.5 kB)
2025-08-17T17:06:42.3231808Z Using cached Deprecated-1.2.18-py2.py3-none-any.whl (10.0 kB)
2025-08-17T17:06:42.3244677Z Using cached httpcore-1.0.9-py3-none-any.whl (78 kB)
2025-08-17T17:06:42.3258336Z Using cached idna-3.10-py3-none-any.whl (70 kB)
2025-08-17T17:06:42.3271751Z Using cached kombu-5.5.4-py3-none-any.whl (210 kB)
2025-08-17T17:06:42.3286085Z Using cached vine-5.1.0-py3-none-any.whl (9.6 kB)
2025-08-17T17:06:42.3299098Z Using cached amqp-5.3.1-py3-none-any.whl (50 kB)
2025-08-17T17:06:42.3312361Z Using cached multimethod-1.10-py3-none-any.whl (9.9 kB)
2025-08-17T17:06:42.3325277Z Using cached nr_date-2.1.0-py3-none-any.whl (10 kB)
2025-08-17T17:06:42.3338244Z Using cached nr_stream-1.1.5-py3-none-any.whl (10 kB)
2025-08-17T17:06:42.3351074Z Using cached nr.util-0.8.12-py3-none-any.whl (90 kB)
2025-08-17T17:06:42.3364504Z Using cached pytest-8.4.1-py3-none-any.whl (365 kB)
2025-08-17T17:06:42.3380125Z Using cached pluggy-1.6.0-py3-none-any.whl (20 kB)
2025-08-17T17:06:42.3393457Z Using cached PyYAML-6.0.2-cp311-cp311-manylinux_2_17_x86_64.manylinux2014_x86_64.whl (762 kB)
2025-08-17T17:06:42.3412003Z Using cached starlette-0.47.2-py3-none-any.whl (72 kB)
2025-08-17T17:06:42.3425608Z Using cached anyio-4.10.0-py3-none-any.whl (107 kB)
2025-08-17T17:06:42.3440189Z Using cached tomli-2.2.1-cp311-cp311-manylinux_2_17_x86_64.manylinux2014_x86_64.whl (236 kB)
2025-08-17T17:06:42.3455025Z Using cached tomli_w-1.2.0-py3-none-any.whl (6.7 kB)
2025-08-17T17:06:42.3468385Z Using cached typeapi-2.2.4-py3-none-any.whl (26 kB)
2025-08-17T17:06:42.3481894Z Using cached typing_extensions-4.14.1-py3-none-any.whl (43 kB)
2025-08-17T17:06:42.3495678Z Using cached urllib3-2.5.0-py3-none-any.whl (129 kB)
2025-08-17T17:06:42.3511107Z Using cached wrapt-1.17.3-cp311-cp311-manylinux1_x86_64.manylinux_2_28_x86_64.manylinux_2_5_x86_64.whl (82 kB)
2025-08-17T17:06:42.3524660Z Using cached boto3-1.40.11-py3-none-any.whl (140 kB)
2025-08-17T17:06:42.3539126Z Using cached botocore-1.40.11-py3-none-any.whl (14.0 MB)
2025-08-17T17:06:42.3656085Z Using cached jmespath-1.0.1-py3-none-any.whl (20 kB)
2025-08-17T17:06:42.3670088Z Using cached python_dateutil-2.9.0.post0-py2.py3-none-any.whl (229 kB)
2025-08-17T17:06:42.3685039Z Using cached s3transfer-0.13.1-py3-none-any.whl (85 kB)
2025-08-17T17:06:42.3699143Z Using cached itsdangerous-2.2.0-py3-none-any.whl (16 kB)
2025-08-17T17:06:42.3712687Z Using cached python_dotenv-1.1.1-py3-none-any.whl (20 kB)
2025-08-17T17:06:42.3726244Z Using cached python_multipart-0.0.20-py3-none-any.whl (24 kB)
2025-08-17T17:06:42.3740293Z Using cached annotated_types-0.7.0-py3-none-any.whl (13 kB)
2025-08-17T17:06:42.3753893Z Using cached certifi-2025.8.3-py3-none-any.whl (161 kB)
2025-08-17T17:06:42.3768460Z Using cached click_didyoumean-0.3.1-py3-none-any.whl (3.6 kB)
2025-08-17T17:06:42.3781774Z Using cached click_plugins-1.1.1.2-py2.py3-none-any.whl (11 kB)
2025-08-17T17:06:42.3795082Z Using cached click_repl-0.3.0-py3-none-any.whl (10 kB)
2025-08-17T17:06:42.3809103Z Using cached coverage-7.10.4-cp311-cp311-manylinux1_x86_64.manylinux_2_28_x86_64.manylinux_2_5_x86_64.whl (249 kB)
2025-08-17T17:06:42.3823885Z Using cached email_validator-2.2.0-py3-none-any.whl (33 kB)
2025-08-17T17:06:42.3837950Z Using cached dnspython-2.7.0-py3-none-any.whl (313 kB)
2025-08-17T17:06:42.3853862Z Using cached fastapi_cli-0.0.8-py3-none-any.whl (10 kB)
2025-08-17T17:06:42.3867582Z Using cached fastapi_cloud_cli-0.1.5-py3-none-any.whl (18 kB)
2025-08-17T17:06:42.3881757Z Using cached greenlet-3.2.4-cp311-cp311-manylinux_2_24_x86_64.manylinux_2_28_x86_64.whl (587 kB)
2025-08-17T17:06:42.3899383Z Using cached h11-0.16.0-py3-none-any.whl (37 kB)
2025-08-17T17:06:42.3913144Z Using cached iniconfig-2.1.0-py3-none-any.whl (6.0 kB)
2025-08-17T17:06:42.3926746Z Using cached MarkupSafe-3.0.2-cp311-cp311-manylinux_2_17_x86_64.manylinux2014_x86_64.whl (23 kB)
2025-08-17T17:06:42.3940848Z Using cached mirakuru-2.6.1-py3-none-any.whl (26 kB)
2025-08-17T17:06:42.3954947Z Using cached orjson-3.11.2-cp311-cp311-manylinux_2_17_x86_64.manylinux2014_x86_64.whl (121 kB)
2025-08-17T17:06:42.3969064Z Using cached packaging-25.0-py3-none-any.whl (66 kB)
2025-08-17T17:06:42.3982838Z Using cached pathspec-0.12.1-py3-none-any.whl (31 kB)
2025-08-17T17:06:42.3996479Z Using cached platformdirs-4.3.8-py3-none-any.whl (18 kB)
2025-08-17T17:06:42.4010002Z Using cached port_for-0.7.4-py3-none-any.whl (21 kB)
2025-08-17T17:06:42.4024225Z Using cached prompt_toolkit-3.0.51-py3-none-any.whl (387 kB)
2025-08-17T17:06:42.4041222Z Using cached psutil-7.0.0-cp36-abi3-manylinux_2_12_x86_64.manylinux2010_x86_64.manylinux_2_17_x86_64.manylinux2014_x86_64.whl (277 kB)
2025-08-17T17:06:42.4056306Z Using cached pydantic_extra_types-2.10.5-py3-none-any.whl (38 kB)
2025-08-17T17:06:42.4070233Z Using cached pydantic_settings-2.10.1-py3-none-any.whl (45 kB)
2025-08-17T17:06:42.4083671Z Using cached pygments-2.19.2-py3-none-any.whl (1.2 MB)
2025-08-17T17:06:42.4106085Z Using cached PyJWT-2.10.1-py3-none-any.whl (22 kB)
2025-08-17T17:06:42.4119711Z Using cached pytz-2025.2-py2.py3-none-any.whl (509 kB)
2025-08-17T17:06:42.4136503Z Using cached rich_toolkit-0.15.0-py3-none-any.whl (29 kB)
2025-08-17T17:06:42.4150152Z Using cached rich-14.1.0-py3-none-any.whl (243 kB)
2025-08-17T17:06:42.4165336Z Using cached markdown_it_py-4.0.0-py3-none-any.whl (87 kB)
2025-08-17T17:06:42.4179131Z Using cached mdurl-0.1.2-py3-none-any.whl (10.0 kB)
2025-08-17T17:06:42.4192833Z Using cached rignore-0.6.4-cp311-cp311-manylinux_2_17_x86_64.manylinux2014_x86_64.whl (950 kB)
2025-08-17T17:06:42.4213207Z Using cached sentry_sdk-2.35.0-py2.py3-none-any.whl (363 kB)
2025-08-17T17:06:42.4229308Z Using cached six-1.17.0-py2.py3-none-any.whl (11 kB)
2025-08-17T17:06:42.4242554Z Using cached sniffio-1.3.1-py3-none-any.whl (10 kB)
2025-08-17T17:06:42.4255868Z Using cached typer-0.16.0-py3-none-any.whl (46 kB)
2025-08-17T17:06:42.4269786Z Using cached shellingham-1.5.4-py2.py3-none-any.whl (9.8 kB)
2025-08-17T17:06:42.4282993Z Using cached typing_inspect-0.9.0-py3-none-any.whl (8.8 kB)
2025-08-17T17:06:42.4296439Z Using cached typing_inspection-0.4.1-py3-none-any.whl (14 kB)
2025-08-17T17:06:42.4310048Z Using cached tzdata-2025.2-py2.py3-none-any.whl (347 kB)
2025-08-17T17:06:42.4326160Z Using cached tzlocal-5.3.1-py3-none-any.whl (18 kB)
2025-08-17T17:06:42.4340036Z Using cached ujson-5.10.0-cp311-cp311-manylinux_2_17_x86_64.manylinux2014_x86_64.whl (53 kB)
2025-08-17T17:06:42.4353585Z Using cached uvicorn-0.35.0-py3-none-any.whl (66 kB)
2025-08-17T17:06:42.4367950Z Using cached httptools-0.6.4-cp311-cp311-manylinux_2_5_x86_64.manylinux1_x86_64.manylinux_2_17_x86_64.manylinux2014_x86_64.whl (459 kB)
2025-08-17T17:06:42.4384674Z Using cached uvloop-0.21.0-cp311-cp311-manylinux_2_17_x86_64.manylinux2014_x86_64.whl (4.0 MB)
2025-08-17T17:06:42.4431362Z Using cached watchfiles-1.1.0-cp311-cp311-manylinux_2_17_x86_64.manylinux2014_x86_64.whl (453 kB)
2025-08-17T17:06:42.4448536Z Using cached websockets-15.0.1-cp311-cp311-manylinux_2_5_x86_64.manylinux1_x86_64.manylinux_2_17_x86_64.manylinux2014_x86_64.whl (182 kB)
2025-08-17T17:06:42.4462924Z Using cached yapf-0.43.0-py3-none-any.whl (256 kB)
2025-08-17T17:06:42.4478315Z Using cached argon2_cffi-25.1.0-py3-none-any.whl (14 kB)
2025-08-17T17:06:42.4492190Z Using cached argon2_cffi_bindings-25.1.0-cp39-abi3-manylinux_2_26_x86_64.manylinux_2_28_x86_64.whl (87 kB)
2025-08-17T17:06:42.4506463Z Using cached cffi-1.17.1-cp311-cp311-manylinux_2_17_x86_64.manylinux2014_x86_64.whl (467 kB)
2025-08-17T17:06:42.4523220Z Using cached docker-7.1.0-py3-none-any.whl (147 kB)
2025-08-17T17:06:42.4537624Z Using cached et_xmlfile-2.0.0-py3-none-any.whl (18 kB)
2025-08-17T17:06:42.4551187Z Using cached mako-1.3.10-py3-none-any.whl (78 kB)
2025-08-17T17:06:42.4565001Z Using cached pycparser-2.22-py3-none-any.whl (117 kB)
2025-08-17T17:06:42.4579810Z Using cached pycryptodome-3.23.0-cp37-abi3-manylinux_2_17_x86_64.manylinux2014_x86_64.whl (2.3 MB)
2025-08-17T17:06:42.4609631Z Using cached typeguard-4.4.4-py3-none-any.whl (34 kB)
2025-08-17T17:06:42.4623204Z Using cached watchdog-6.0.0-py3-none-manylinux2014_x86_64.whl (79 kB)
2025-08-17T17:06:42.4636984Z Using cached wcwidth-0.2.13-py2.py3-none-any.whl (34 kB)
2025-08-17T17:06:42.8659312Z Installing collected packages: wcwidth, pytz, wrapt, websockets, watchdog, vine, uvloop, urllib3, ujson, tzlocal, tzdata, typing-extensions, tomli_w, tomli, sniffio, six, shellingham, ruff, rignore, PyYAML, python-multipart, python-dotenv, PyJWT, pygments, pycryptodome, pycparser, psycopg2-binary, psycopg-binary, psutil, prompt-toolkit, port-for, pluggy, platformdirs, pathspec, packaging, orjson, numpy, nr-stream, nr-date, mypy-extensions, multimethod, mdurl, MarkupSafe, jmespath, itsdangerous, iniconfig, imapclient, idna, httptools, h11, greenlet, et-xmlfile, docstring-parser, dnspython, coverage, click, charset_normalizer, certifi, billiard, asyncpg, annotated-types, yapf, uvicorn, typing-inspection, typing-inspect, types-requests, typeguard, typeapi, sqlalchemy, sentry-sdk, requests, redis, python-dateutil, pytest, pydantic-core, psycopg, openpyxl, mypy, mirakuru, markdown-it-py, Mako, Jinja2, httpcore, email-validator, Deprecated, click-repl, click-plugins, click-didyoumean, cffi, black, apscheduler, anyio, amqp, watchfiles, starlette, rich, pytest-postgresql, pytest-cov, pytest-asyncio, pydantic, pandas, nr-util, kombu, httpx, docker, databind, botocore, argon2-cffi-bindings, alembic, typer, testcontainers, s3transfer, rich-toolkit, respx, python-telegram-bot, pydantic-settings, pydantic-extra-types, pandera, fastapi, databind.json, databind.core, celery, argon2-cffi, minio, fastapi-cloud-cli, fastapi-cli, docspec, boto3, docspec-python, pydoc-markdown
2025-08-17T17:06:59.9387495Z 
2025-08-17T17:06:59.9453247Z Successfully installed Deprecated-1.2.18 Jinja2-3.1.6 Mako-1.3.10 MarkupSafe-3.0.2 PyJWT-2.10.1 PyYAML-6.0.2 alembic-1.13.1 amqp-5.3.1 annotated-types-0.7.0 anyio-4.10.0 apscheduler-3.10.4 argon2-cffi-25.1.0 argon2-cffi-bindings-25.1.0 asyncpg-0.30.0 billiard-4.2.1 black-25.1.0 boto3-1.40.11 botocore-1.40.11 celery-5.4.0 certifi-2025.8.3 cffi-1.17.1 charset_normalizer-3.4.3 click-8.2.1 click-didyoumean-0.3.1 click-plugins-1.1.1.2 click-repl-0.3.0 coverage-7.10.4 databind-4.5.2 databind.core-4.5.2 databind.json-4.5.2 dnspython-2.7.0 docker-7.1.0 docspec-2.2.1 docspec-python-2.2.2 docstring-parser-0.11 email-validator-2.2.0 et-xmlfile-2.0.0 fastapi-0.116.1 fastapi-cli-0.0.8 fastapi-cloud-cli-0.1.5 greenlet-3.2.4 h11-0.16.0 httpcore-1.0.9 httptools-0.6.4 httpx-0.28.1 idna-3.10 imapclient-3.0.1 iniconfig-2.1.0 itsdangerous-2.2.0 jmespath-1.0.1 kombu-5.5.4 markdown-it-py-4.0.0 mdurl-0.1.2 minio-7.2.16 mirakuru-2.6.1 multimethod-1.10 mypy-1.17.1 mypy-extensions-1.1.0 nr-date-2.1.0 nr-stream-1.1.5 nr-util-0.8.12 numpy-1.26.4 openpyxl-3.1.5 orjson-3.11.2 packaging-25.0 pandas-2.2.3 pandera-0.19.3 pathspec-0.12.1 platformdirs-4.3.8 pluggy-1.6.0 port-for-0.7.4 prompt-toolkit-3.0.51 psutil-7.0.0 psycopg-3.2.9 psycopg-binary-3.2.9 psycopg2-binary-2.9.9 pycparser-2.22 pycryptodome-3.23.0 pydantic-2.11.7 pydantic-core-2.33.2 pydantic-extra-types-2.10.5 pydantic-settings-2.10.1 pydoc-markdown-4.8.2 pygments-2.19.2 pytest-8.4.1 pytest-asyncio-0.23.6 pytest-cov-6.2.1 pytest-postgresql-7.0.2 python-dateutil-2.9.0.post0 python-dotenv-1.1.1 python-multipart-0.0.20 python-telegram-bot-22.2 pytz-2025.2 redis-5.3.1 requests-2.32.4 respx-0.22.0 rich-14.1.0 rich-toolkit-0.15.0 rignore-0.6.4 ruff-0.4.4 s3transfer-0.13.1 sentry-sdk-2.35.0 shellingham-1.5.4 six-1.17.0 sniffio-1.3.1 sqlalchemy-2.0.29 starlette-0.47.2 testcontainers-4.10.0 tomli-2.2.1 tomli_w-1.2.0 typeapi-2.2.4 typeguard-4.4.4 typer-0.16.0 types-requests-2.32.0.20240602 typing-extensions-4.14.1 typing-inspect-0.9.0 typing-inspection-0.4.1 tzdata-2025.2 tzlocal-5.3.1 ujson-5.10.0 urllib3-2.5.0 uvicorn-0.35.0 uvloop-0.21.0 vine-5.1.0 watchdog-6.0.0 watchfiles-1.1.0 wcwidth-0.2.13 websockets-15.0.1 wrapt-1.17.3 yapf-0.43.0
2025-08-17T17:07:01.6665099Z Collecting keepa==1.3.15
2025-08-17T17:07:01.6680451Z   Using cached keepa-1.3.15-py3-none-any.whl.metadata (11 kB)
2025-08-17T17:07:01.6934473Z Collecting minio==7.1.15
2025-08-17T17:07:01.6950797Z   Using cached minio-7.1.15-py3-none-any.whl.metadata (4.2 kB)
2025-08-17T17:07:01.6977715Z Requirement already satisfied: numpy>=1.9.3 in /opt/hostedtoolcache/Python/3.11.13/x64/lib/python3.11/site-packages (from keepa==1.3.15) (1.26.4)
2025-08-17T17:07:01.6982770Z Requirement already satisfied: requests>=2.2 in /opt/hostedtoolcache/Python/3.11.13/x64/lib/python3.11/site-packages (from keepa==1.3.15) (2.32.4)
2025-08-17T17:07:01.7288464Z Collecting tqdm (from keepa==1.3.15)
2025-08-17T17:07:01.7304263Z   Using cached tqdm-4.67.1-py3-none-any.whl.metadata (57 kB)
2025-08-17T17:07:02.2176785Z Collecting aiohttp (from keepa==1.3.15)
2025-08-17T17:07:02.2194087Z   Using cached aiohttp-3.12.15-cp311-cp311-manylinux_2_17_x86_64.manylinux2014_x86_64.whl.metadata (7.7 kB)
2025-08-17T17:07:02.2224845Z Requirement already satisfied: pandas<=3.0 in /opt/hostedtoolcache/Python/3.11.13/x64/lib/python3.11/site-packages (from keepa==1.3.15) (2.2.3)
2025-08-17T17:07:02.2229745Z Requirement already satisfied: pydantic in /opt/hostedtoolcache/Python/3.11.13/x64/lib/python3.11/site-packages (from keepa==1.3.15) (2.11.7)
2025-08-17T17:07:02.2238160Z Requirement already satisfied: certifi in /opt/hostedtoolcache/Python/3.11.13/x64/lib/python3.11/site-packages (from minio==7.1.15) (2025.8.3)
2025-08-17T17:07:02.2241926Z Requirement already satisfied: urllib3 in /opt/hostedtoolcache/Python/3.11.13/x64/lib/python3.11/site-packages (from minio==7.1.15) (2.5.0)
2025-08-17T17:07:02.2290272Z Requirement already satisfied: python-dateutil>=2.8.2 in /opt/hostedtoolcache/Python/3.11.13/x64/lib/python3.11/site-packages (from pandas<=3.0->keepa==1.3.15) (2.9.0.post0)
2025-08-17T17:07:02.2295545Z Requirement already satisfied: pytz>=2020.1 in /opt/hostedtoolcache/Python/3.11.13/x64/lib/python3.11/site-packages (from pandas<=3.0->keepa==1.3.15) (2025.2)
2025-08-17T17:07:02.2301041Z Requirement already satisfied: tzdata>=2022.7 in /opt/hostedtoolcache/Python/3.11.13/x64/lib/python3.11/site-packages (from pandas<=3.0->keepa==1.3.15) (2025.2)
2025-08-17T17:07:02.2413592Z Requirement already satisfied: six>=1.5 in /opt/hostedtoolcache/Python/3.11.13/x64/lib/python3.11/site-packages (from python-dateutil>=2.8.2->pandas<=3.0->keepa==1.3.15) (1.17.0)
2025-08-17T17:07:02.2431431Z Requirement already satisfied: charset_normalizer<4,>=2 in /opt/hostedtoolcache/Python/3.11.13/x64/lib/python3.11/site-packages (from requests>=2.2->keepa==1.3.15) (3.4.3)
2025-08-17T17:07:02.2437305Z Requirement already satisfied: idna<4,>=2.5 in /opt/hostedtoolcache/Python/3.11.13/x64/lib/python3.11/site-packages (from requests>=2.2->keepa==1.3.15) (3.10)
2025-08-17T17:07:02.2617014Z Collecting aiohappyeyeballs>=2.5.0 (from aiohttp->keepa==1.3.15)
2025-08-17T17:07:02.2631291Z   Using cached aiohappyeyeballs-2.6.1-py3-none-any.whl.metadata (5.9 kB)
2025-08-17T17:07:02.2739116Z Collecting aiosignal>=1.4.0 (from aiohttp->keepa==1.3.15)
2025-08-17T17:07:02.2752951Z   Using cached aiosignal-1.4.0-py3-none-any.whl.metadata (3.7 kB)
2025-08-17T17:07:02.2891412Z Collecting attrs>=17.3.0 (from aiohttp->keepa==1.3.15)
2025-08-17T17:07:02.2905300Z   Using cached attrs-25.3.0-py3-none-any.whl.metadata (10 kB)
2025-08-17T17:07:02.3582336Z Collecting frozenlist>=1.1.1 (from aiohttp->keepa==1.3.15)
2025-08-17T17:07:02.3599517Z   Using cached frozenlist-1.7.0-cp311-cp311-manylinux_2_5_x86_64.manylinux1_x86_64.manylinux_2_17_x86_64.manylinux2014_x86_64.whl.metadata (18 kB)
2025-08-17T17:07:02.5743879Z Collecting multidict<7.0,>=4.5 (from aiohttp->keepa==1.3.15)
2025-08-17T17:07:02.5760202Z   Using cached multidict-6.6.4-cp311-cp311-manylinux2014_x86_64.manylinux_2_17_x86_64.manylinux_2_28_x86_64.whl.metadata (5.3 kB)
2025-08-17T17:07:02.6152711Z Collecting propcache>=0.2.0 (from aiohttp->keepa==1.3.15)
2025-08-17T17:07:02.6166872Z   Using cached propcache-0.3.2-cp311-cp311-manylinux_2_17_x86_64.manylinux2014_x86_64.whl.metadata (12 kB)
2025-08-17T17:07:02.8701963Z Collecting yarl<2.0,>=1.17.0 (from aiohttp->keepa==1.3.15)
2025-08-17T17:07:02.8717492Z   Using cached yarl-1.20.1-cp311-cp311-manylinux_2_17_x86_64.manylinux2014_x86_64.whl.metadata (73 kB)
2025-08-17T17:07:02.8914013Z Requirement already satisfied: typing-extensions>=4.2 in /opt/hostedtoolcache/Python/3.11.13/x64/lib/python3.11/site-packages (from aiosignal>=1.4.0->aiohttp->keepa==1.3.15) (4.14.1)
2025-08-17T17:07:02.8958858Z Requirement already satisfied: annotated-types>=0.6.0 in /opt/hostedtoolcache/Python/3.11.13/x64/lib/python3.11/site-packages (from pydantic->keepa==1.3.15) (0.7.0)
2025-08-17T17:07:02.8964082Z Requirement already satisfied: pydantic-core==2.33.2 in /opt/hostedtoolcache/Python/3.11.13/x64/lib/python3.11/site-packages (from pydantic->keepa==1.3.15) (2.33.2)
2025-08-17T17:07:02.8971892Z Requirement already satisfied: typing-inspection>=0.4.0 in /opt/hostedtoolcache/Python/3.11.13/x64/lib/python3.11/site-packages (from pydantic->keepa==1.3.15) (0.4.1)
2025-08-17T17:07:02.9030499Z Using cached keepa-1.3.15-py3-none-any.whl (38 kB)
2025-08-17T17:07:02.9044227Z Using cached minio-7.1.15-py3-none-any.whl (77 kB)
2025-08-17T17:07:02.9058410Z Using cached aiohttp-3.12.15-cp311-cp311-manylinux_2_17_x86_64.manylinux2014_x86_64.whl (1.7 MB)
2025-08-17T17:07:02.9084721Z Using cached multidict-6.6.4-cp311-cp311-manylinux2014_x86_64.manylinux_2_17_x86_64.manylinux_2_28_x86_64.whl (246 kB)
2025-08-17T17:07:02.9099448Z Using cached yarl-1.20.1-cp311-cp311-manylinux_2_17_x86_64.manylinux2014_x86_64.whl (348 kB)
2025-08-17T17:07:02.9115061Z Using cached aiohappyeyeballs-2.6.1-py3-none-any.whl (15 kB)
2025-08-17T17:07:02.9128463Z Using cached aiosignal-1.4.0-py3-none-any.whl (7.5 kB)
2025-08-17T17:07:02.9141668Z Using cached attrs-25.3.0-py3-none-any.whl (63 kB)
2025-08-17T17:07:02.9155810Z Using cached frozenlist-1.7.0-cp311-cp311-manylinux_2_5_x86_64.manylinux1_x86_64.manylinux_2_17_x86_64.manylinux2014_x86_64.whl (235 kB)
2025-08-17T17:07:02.9171049Z Using cached propcache-0.3.2-cp311-cp311-manylinux_2_17_x86_64.manylinux2014_x86_64.whl (213 kB)
2025-08-17T17:07:02.9185246Z Using cached tqdm-4.67.1-py3-none-any.whl (78 kB)
2025-08-17T17:07:03.0683341Z Installing collected packages: tqdm, propcache, multidict, minio, frozenlist, attrs, aiohappyeyeballs, yarl, aiosignal, aiohttp, keepa
2025-08-17T17:07:03.1392427Z   Attempting uninstall: minio
2025-08-17T17:07:03.1423875Z     Found existing installation: minio 7.2.16
2025-08-17T17:07:03.1457980Z     Uninstalling minio-7.2.16:
2025-08-17T17:07:03.1467532Z       Successfully uninstalled minio-7.2.16
2025-08-17T17:07:03.4772577Z 
2025-08-17T17:07:03.4827760Z Successfully installed aiohappyeyeballs-2.6.1 aiohttp-3.12.15 aiosignal-1.4.0 attrs-25.3.0 frozenlist-1.7.0 keepa-1.3.15 minio-7.1.15 multidict-6.6.4 propcache-0.3.2 tqdm-4.67.1 yarl-1.20.1
2025-08-17T17:07:03.6582045Z ##[group]Run sudo apt-get update
2025-08-17T17:07:03.6582356Z [36;1msudo apt-get update[0m
2025-08-17T17:07:03.6582614Z [36;1msudo apt-get install -y postgresql[0m
2025-08-17T17:07:03.6583085Z [36;1mecho "/usr/lib/postgresql/$(pg_config --version | cut -d' ' -f2 | cut -d'.' -f1,2)/bin" >> $GITHUB_PATH[0m
2025-08-17T17:07:03.6623413Z shell: /usr/bin/bash -e {0}
2025-08-17T17:07:03.6623646Z env:
2025-08-17T17:07:03.6623824Z   PG_USER: postgres
2025-08-17T17:07:03.6624025Z   PG_PASSWORD: pass
2025-08-17T17:07:03.6624219Z   PG_DATABASE: awa
2025-08-17T17:07:03.6624420Z   PG_HOST: localhost
2025-08-17T17:07:03.6624616Z   PG_PORT: 5432
2025-08-17T17:07:03.6625283Z   PG_SYNC_DSN: ***localhost:5432/awa
2025-08-17T17:07:03.6625703Z   PG_ASYNC_DSN: ***localhost:5432/awa
2025-08-17T17:07:03.6626113Z   DATABASE_URL: ***localhost:5432/awa
2025-08-17T17:07:03.6626375Z   DATA_DIR: /tmp/awa-data
2025-08-17T17:07:03.6626584Z   ENABLE_LIVE: 0
2025-08-17T17:07:03.6626766Z   TESTING: 1
2025-08-17T17:07:03.6627042Z   pythonLocation: /opt/hostedtoolcache/Python/3.11.13/x64
2025-08-17T17:07:03.6627690Z   PKG_CONFIG_PATH: /opt/hostedtoolcache/Python/3.11.13/x64/lib/pkgconfig
2025-08-17T17:07:03.6628079Z   Python_ROOT_DIR: /opt/hostedtoolcache/Python/3.11.13/x64
2025-08-17T17:07:03.6628433Z   Python2_ROOT_DIR: /opt/hostedtoolcache/Python/3.11.13/x64
2025-08-17T17:07:03.6628788Z   Python3_ROOT_DIR: /opt/hostedtoolcache/Python/3.11.13/x64
2025-08-17T17:07:03.6629149Z   LD_LIBRARY_PATH: /opt/hostedtoolcache/Python/3.11.13/x64/lib
2025-08-17T17:07:03.6629447Z ##[endgroup]
2025-08-17T17:07:03.7648785Z Get:1 file:/etc/apt/apt-mirrors.txt Mirrorlist [144 B]
2025-08-17T17:07:03.8096507Z Hit:6 https://packages.microsoft.com/repos/azure-cli noble InRelease
2025-08-17T17:07:03.8101463Z Hit:2 http://azure.archive.ubuntu.com/ubuntu noble InRelease
2025-08-17T17:07:03.8102298Z Get:7 https://packages.microsoft.com/ubuntu/24.04/prod noble InRelease [3600 B]
2025-08-17T17:07:03.8157909Z Get:3 http://azure.archive.ubuntu.com/ubuntu noble-updates InRelease [126 kB]
2025-08-17T17:07:03.8244590Z Get:4 http://azure.archive.ubuntu.com/ubuntu noble-backports InRelease [126 kB]
2025-08-17T17:07:03.8298778Z Get:5 http://azure.archive.ubuntu.com/ubuntu noble-security InRelease [126 kB]
2025-08-17T17:07:04.1300354Z Get:8 https://packages.microsoft.com/ubuntu/24.04/prod noble/main amd64 Packages [47.9 kB]
2025-08-17T17:07:04.1415025Z Get:9 https://packages.microsoft.com/ubuntu/24.04/prod noble/main arm64 Packages [33.0 kB]
2025-08-17T17:07:04.1761573Z Get:10 http://azure.archive.ubuntu.com/ubuntu noble-updates/main amd64 Packages [1325 kB]
2025-08-17T17:07:04.1874186Z Get:11 http://azure.archive.ubuntu.com/ubuntu noble-updates/main Translation-en [265 kB]
2025-08-17T17:07:04.1902161Z Get:12 http://azure.archive.ubuntu.com/ubuntu noble-updates/main amd64 Components [175 kB]
2025-08-17T17:07:04.1924529Z Get:13 http://azure.archive.ubuntu.com/ubuntu noble-updates/universe amd64 Packages [1120 kB]
2025-08-17T17:07:04.2005639Z Get:14 http://azure.archive.ubuntu.com/ubuntu noble-updates/universe Translation-en [287 kB]
2025-08-17T17:07:04.2029958Z Get:15 http://azure.archive.ubuntu.com/ubuntu noble-updates/universe amd64 Components [377 kB]
2025-08-17T17:07:04.2081763Z Get:16 http://azure.archive.ubuntu.com/ubuntu noble-updates/restricted amd64 Packages [1672 kB]
2025-08-17T17:07:04.2172210Z Get:17 http://azure.archive.ubuntu.com/ubuntu noble-updates/restricted Translation-en [367 kB]
2025-08-17T17:07:04.2204171Z Get:18 http://azure.archive.ubuntu.com/ubuntu noble-updates/restricted amd64 Components [212 B]
2025-08-17T17:07:04.2214686Z Get:19 http://azure.archive.ubuntu.com/ubuntu noble-updates/multiverse amd64 Components [940 B]
2025-08-17T17:07:04.2844939Z Get:20 http://azure.archive.ubuntu.com/ubuntu noble-backports/main amd64 Components [7104 B]
2025-08-17T17:07:04.2860757Z Get:21 http://azure.archive.ubuntu.com/ubuntu noble-backports/universe amd64 Packages [30.2 kB]
2025-08-17T17:07:04.2873429Z Get:22 http://azure.archive.ubuntu.com/ubuntu noble-backports/universe Translation-en [17.4 kB]
2025-08-17T17:07:04.2889879Z Get:23 http://azure.archive.ubuntu.com/ubuntu noble-backports/universe amd64 Components [19.2 kB]
2025-08-17T17:07:04.2902226Z Get:24 http://azure.archive.ubuntu.com/ubuntu noble-backports/restricted amd64 Components [216 B]
2025-08-17T17:07:04.2915251Z Get:25 http://azure.archive.ubuntu.com/ubuntu noble-backports/multiverse amd64 Components [212 B]
2025-08-17T17:07:04.2925859Z Get:26 http://azure.archive.ubuntu.com/ubuntu noble-security/main amd64 Packages [1060 kB]
2025-08-17T17:07:04.2990000Z Get:27 http://azure.archive.ubuntu.com/ubuntu noble-security/main Translation-en [184 kB]
2025-08-17T17:07:04.3012214Z Get:28 http://azure.archive.ubuntu.com/ubuntu noble-security/main amd64 Components [21.6 kB]
2025-08-17T17:07:04.3025796Z Get:29 http://azure.archive.ubuntu.com/ubuntu noble-security/universe amd64 Packages [879 kB]
2025-08-17T17:07:04.3080498Z Get:30 http://azure.archive.ubuntu.com/ubuntu noble-security/universe Translation-en [194 kB]
2025-08-17T17:07:04.3102829Z Get:31 http://azure.archive.ubuntu.com/ubuntu noble-security/universe amd64 Components [52.2 kB]
2025-08-17T17:07:04.3132642Z Get:32 http://azure.archive.ubuntu.com/ubuntu noble-security/restricted amd64 Packages [1572 kB]
2025-08-17T17:07:04.3216579Z Get:33 http://azure.archive.ubuntu.com/ubuntu noble-security/restricted Translation-en [346 kB]
2025-08-17T17:07:04.3677922Z Get:34 http://azure.archive.ubuntu.com/ubuntu noble-security/restricted amd64 Components [212 B]
2025-08-17T17:07:04.3719468Z Get:35 http://azure.archive.ubuntu.com/ubuntu noble-security/multiverse amd64 Components [212 B]
2025-08-17T17:07:10.9008457Z Fetched 10.4 MB in 1s (7043 kB/s)
2025-08-17T17:07:11.6064130Z Reading package lists...
2025-08-17T17:07:11.6378890Z Reading package lists...
2025-08-17T17:07:11.8146140Z Building dependency tree...
2025-08-17T17:07:11.8153288Z Reading state information...
2025-08-17T17:07:11.9741224Z Suggested packages:
2025-08-17T17:07:11.9741824Z   postgresql-doc
2025-08-17T17:07:12.0026875Z The following NEW packages will be installed:
2025-08-17T17:07:12.0027683Z   postgresql
2025-08-17T17:07:12.0202544Z 0 upgraded, 1 newly installed, 0 to remove and 36 not upgraded.
2025-08-17T17:07:12.0203120Z Need to get 11.6 kB of archives.
2025-08-17T17:07:12.0203475Z After this operation, 17.4 kB of additional disk space will be used.
2025-08-17T17:07:12.0203886Z Get:1 file:/etc/apt/apt-mirrors.txt Mirrorlist [144 B]
2025-08-17T17:07:12.0510858Z Get:2 http://azure.archive.ubuntu.com/ubuntu noble-updates/main amd64 postgresql all 16+257build1.1 [11.6 kB]
2025-08-17T17:07:12.3198626Z Fetched 11.6 kB in 0s (280 kB/s)
2025-08-17T17:07:12.3474604Z Selecting previously unselected package postgresql.
2025-08-17T17:07:12.4109745Z (Reading database ... 
2025-08-17T17:07:12.4110293Z (Reading database ... 5%
2025-08-17T17:07:12.4110598Z (Reading database ... 10%
2025-08-17T17:07:12.4110906Z (Reading database ... 15%
2025-08-17T17:07:12.4111175Z (Reading database ... 20%
2025-08-17T17:07:12.4111451Z (Reading database ... 25%
2025-08-17T17:07:12.4111703Z (Reading database ... 30%
2025-08-17T17:07:12.4111960Z (Reading database ... 35%
2025-08-17T17:07:12.4112212Z (Reading database ... 40%
2025-08-17T17:07:12.4112479Z (Reading database ... 45%
2025-08-17T17:07:12.4112741Z (Reading database ... 50%
2025-08-17T17:07:12.5559341Z (Reading database ... 55%
2025-08-17T17:07:12.7123124Z (Reading database ... 60%
2025-08-17T17:07:12.9867719Z (Reading database ... 65%
2025-08-17T17:07:13.1310092Z (Reading database ... 70%
2025-08-17T17:07:13.2258841Z (Reading database ... 75%
2025-08-17T17:07:13.6881111Z (Reading database ... 80%
2025-08-17T17:07:14.3456354Z (Reading database ... 85%
2025-08-17T17:07:15.1154327Z (Reading database ... 90%
2025-08-17T17:07:15.8277016Z (Reading database ... 95%
2025-08-17T17:07:15.8277720Z (Reading database ... 100%
2025-08-17T17:07:15.8278587Z (Reading database ... 219881 files and directories currently installed.)
2025-08-17T17:07:15.8323037Z Preparing to unpack .../postgresql_16+257build1.1_all.deb ...
2025-08-17T17:07:15.8345932Z Unpacking postgresql (16+257build1.1) ...
2025-08-17T17:07:15.8797863Z Setting up postgresql (16+257build1.1) ...
2025-08-17T17:07:16.8553586Z 
2025-08-17T17:07:16.8554216Z Running kernel seems to be up-to-date.
2025-08-17T17:07:16.8554666Z 
2025-08-17T17:07:16.8554833Z Restarting services...
2025-08-17T17:07:16.8626264Z 
2025-08-17T17:07:16.8626560Z Service restarts being deferred:
2025-08-17T17:07:16.8627895Z  systemctl restart hosted-compute-agent.service
2025-08-17T17:07:16.8628277Z 
2025-08-17T17:07:16.8628618Z No containers need to be restarted.
2025-08-17T17:07:16.8628896Z 
2025-08-17T17:07:16.8630783Z No user sessions are running outdated binaries.
2025-08-17T17:07:16.8631213Z 
2025-08-17T17:07:16.8631536Z No VM guests are running outdated hypervisor (qemu) binaries on this host.
2025-08-17T17:07:17.6995668Z ##[group]Run pytest tests/db -q --cov=services --cov-append --cov-fail-under=0
2025-08-17T17:07:17.6996224Z [36;1mpytest tests/db -q --cov=services --cov-append --cov-fail-under=0[0m
2025-08-17T17:07:17.7036610Z shell: /usr/bin/bash -e {0}
2025-08-17T17:07:17.7036842Z env:
2025-08-17T17:07:17.7037015Z   PG_USER: postgres
2025-08-17T17:07:17.7037450Z   PG_PASSWORD: pass
2025-08-17T17:07:17.7037642Z   PG_DATABASE: awa
2025-08-17T17:07:17.7037822Z   PG_HOST: localhost
2025-08-17T17:07:17.7038014Z   PG_PORT: 5432
2025-08-17T17:07:17.7038523Z   PG_SYNC_DSN: ***localhost:5432/awa
2025-08-17T17:07:17.7038925Z   PG_ASYNC_DSN: ***localhost:5432/awa
2025-08-17T17:07:17.7039323Z   DATABASE_URL: ***localhost:5432/awa
2025-08-17T17:07:17.7039560Z   DATA_DIR: /tmp/awa-data
2025-08-17T17:07:17.7039756Z   ENABLE_LIVE: 0
2025-08-17T17:07:17.7039964Z   TESTING: 1
2025-08-17T17:07:17.7040210Z   pythonLocation: /opt/hostedtoolcache/Python/3.11.13/x64
2025-08-17T17:07:17.7040645Z   PKG_CONFIG_PATH: /opt/hostedtoolcache/Python/3.11.13/x64/lib/pkgconfig
2025-08-17T17:07:17.7041038Z   Python_ROOT_DIR: /opt/hostedtoolcache/Python/3.11.13/x64
2025-08-17T17:07:17.7041382Z   Python2_ROOT_DIR: /opt/hostedtoolcache/Python/3.11.13/x64
2025-08-17T17:07:17.7041731Z   Python3_ROOT_DIR: /opt/hostedtoolcache/Python/3.11.13/x64
2025-08-17T17:07:17.7042077Z   LD_LIBRARY_PATH: /opt/hostedtoolcache/Python/3.11.13/x64/lib
2025-08-17T17:07:17.7042369Z ##[endgroup]
2025-08-17T17:07:20.8544039Z /opt/hostedtoolcache/Python/3.11.13/x64/lib/python3.11/site-packages/coverage/report_core.py:118: CoverageWarning: Couldn't parse '/home/runner/work/AWA-App/AWA-App/C:\Users\Alexey\Documents\GitHub\AWA-App\services\__init__.py': No source for code: '/home/runner/work/AWA-App/AWA-App/C:\Users\Alexey\Documents\GitHub\AWA-App\services\__init__.py'. (couldnt-parse)
2025-08-17T17:07:20.8547308Z   coverage._warn(msg, slug="couldnt-parse")
2025-08-17T17:07:20.8550369Z /opt/hostedtoolcache/Python/3.11.13/x64/lib/python3.11/site-packages/coverage/report_core.py:118: CoverageWarning: Couldn't parse '/home/runner/work/AWA-App/AWA-App/C:\Users\Alexey\Documents\GitHub\AWA-App\services\alert_bot\__init__.py': No source for code: '/home/runner/work/AWA-App/AWA-App/C:\Users\Alexey\Documents\GitHub\AWA-App\services\alert_bot\__init__.py'. (couldnt-parse)
2025-08-17T17:07:20.8553894Z   coverage._warn(msg, slug="couldnt-parse")
2025-08-17T17:07:20.8556752Z /opt/hostedtoolcache/Python/3.11.13/x64/lib/python3.11/site-packages/coverage/report_core.py:118: CoverageWarning: Couldn't parse '/home/runner/work/AWA-App/AWA-App/C:\Users\Alexey\Documents\GitHub\AWA-App\services\alert_bot\alert_bot.py': No source for code: '/home/runner/work/AWA-App/AWA-App/C:\Users\Alexey\Documents\GitHub\AWA-App\services\alert_bot\alert_bot.py'. (couldnt-parse)
2025-08-17T17:07:20.8559367Z   coverage._warn(msg, slug="couldnt-parse")
2025-08-17T17:07:20.8561171Z /opt/hostedtoolcache/Python/3.11.13/x64/lib/python3.11/site-packages/coverage/report_core.py:118: CoverageWarning: Couldn't parse '/home/runner/work/AWA-App/AWA-App/C:\Users\Alexey\Documents\GitHub\AWA-App\services\alert_bot\rules\__init__.py': No source for code: '/home/runner/work/AWA-App/AWA-App/C:\Users\Alexey\Documents\GitHub\AWA-App\services\alert_bot\rules\__init__.py'. (couldnt-parse)
2025-08-17T17:07:20.8563428Z   coverage._warn(msg, slug="couldnt-parse")
2025-08-17T17:07:20.8565401Z /opt/hostedtoolcache/Python/3.11.13/x64/lib/python3.11/site-packages/coverage/report_core.py:118: CoverageWarning: Couldn't parse '/home/runner/work/AWA-App/AWA-App/C:\Users\Alexey\Documents\GitHub\AWA-App\services\api\__init__.py': No source for code: '/home/runner/work/AWA-App/AWA-App/C:\Users\Alexey\Documents\GitHub\AWA-App\services\api\__init__.py'. (couldnt-parse)
2025-08-17T17:07:20.8566823Z   coverage._warn(msg, slug="couldnt-parse")
2025-08-17T17:07:20.8568799Z /opt/hostedtoolcache/Python/3.11.13/x64/lib/python3.11/site-packages/coverage/report_core.py:118: CoverageWarning: Couldn't parse '/home/runner/work/AWA-App/AWA-App/C:\Users\Alexey\Documents\GitHub\AWA-App\services\api\config.py': No source for code: '/home/runner/work/AWA-App/AWA-App/C:\Users\Alexey\Documents\GitHub\AWA-App\services\api\config.py'. (couldnt-parse)
2025-08-17T17:07:20.8570459Z   coverage._warn(msg, slug="couldnt-parse")
2025-08-17T17:07:20.8571793Z /opt/hostedtoolcache/Python/3.11.13/x64/lib/python3.11/site-packages/coverage/report_core.py:118: CoverageWarning: Couldn't parse '/home/runner/work/AWA-App/AWA-App/C:\Users\Alexey\Documents\GitHub\AWA-App\services\api\db.py': No source for code: '/home/runner/work/AWA-App/AWA-App/C:\Users\Alexey\Documents\GitHub\AWA-App\services\api\db.py'. (couldnt-parse)
2025-08-17T17:07:20.8573507Z   coverage._warn(msg, slug="couldnt-parse")
2025-08-17T17:07:20.8574803Z /opt/hostedtoolcache/Python/3.11.13/x64/lib/python3.11/site-packages/coverage/report_core.py:118: CoverageWarning: Couldn't parse '/home/runner/work/AWA-App/AWA-App/C:\Users\Alexey\Documents\GitHub\AWA-App\services\api\main.py': No source for code: '/home/runner/work/AWA-App/AWA-App/C:\Users\Alexey\Documents\GitHub\AWA-App\services\api\main.py'. (couldnt-parse)
2025-08-17T17:07:20.8576531Z   coverage._warn(msg, slug="couldnt-parse")
2025-08-17T17:07:20.8578069Z /opt/hostedtoolcache/Python/3.11.13/x64/lib/python3.11/site-packages/coverage/report_core.py:118: CoverageWarning: Couldn't parse '/home/runner/work/AWA-App/AWA-App/C:\Users\Alexey\Documents\GitHub\AWA-App\services\api\models\__init__.py': No source for code: '/home/runner/work/AWA-App/AWA-App/C:\Users\Alexey\Documents\GitHub\AWA-App\services\api\models\__init__.py'. (couldnt-parse)
2025-08-17T17:07:20.8579861Z   coverage._warn(msg, slug="couldnt-parse")
2025-08-17T17:07:20.8581366Z /opt/hostedtoolcache/Python/3.11.13/x64/lib/python3.11/site-packages/coverage/report_core.py:118: CoverageWarning: Couldn't parse '/home/runner/work/AWA-App/AWA-App/C:\Users\Alexey\Documents\GitHub\AWA-App\services\api\models\fee.py': No source for code: '/home/runner/work/AWA-App/AWA-App/C:\Users\Alexey\Documents\GitHub\AWA-App\services\api\models\fee.py'. (couldnt-parse)
2025-08-17T17:07:20.8582895Z   coverage._warn(msg, slug="couldnt-parse")
2025-08-17T17:07:20.8584692Z /opt/hostedtoolcache/Python/3.11.13/x64/lib/python3.11/site-packages/coverage/report_core.py:118: CoverageWarning: Couldn't parse '/home/runner/work/AWA-App/AWA-App/C:\Users\Alexey\Documents\GitHub\AWA-App\services\api\roi_repository.py': No source for code: '/home/runner/work/AWA-App/AWA-App/C:\Users\Alexey\Documents\GitHub\AWA-App\services\api\roi_repository.py'. (couldnt-parse)
2025-08-17T17:07:20.8586081Z   coverage._warn(msg, slug="couldnt-parse")
2025-08-17T17:07:20.8588006Z /opt/hostedtoolcache/Python/3.11.13/x64/lib/python3.11/site-packages/coverage/report_core.py:118: CoverageWarning: Couldn't parse '/home/runner/work/AWA-App/AWA-App/C:\Users\Alexey\Documents\GitHub\AWA-App\services\api\routes\__init__.py': No source for code: '/home/runner/work/AWA-App/AWA-App/C:\Users\Alexey\Documents\GitHub\AWA-App\services\api\routes\__init__.py'. (couldnt-parse)
2025-08-17T17:07:20.8589495Z   coverage._warn(msg, slug="couldnt-parse")
2025-08-17T17:07:20.8591435Z /opt/hostedtoolcache/Python/3.11.13/x64/lib/python3.11/site-packages/coverage/report_core.py:118: CoverageWarning: Couldn't parse '/home/runner/work/AWA-App/AWA-App/C:\Users\Alexey\Documents\GitHub\AWA-App\services\api\routes\health.py': No source for code: '/home/runner/work/AWA-App/AWA-App/C:\Users\Alexey\Documents\GitHub\AWA-App\services\api\routes\health.py'. (couldnt-parse)
2025-08-17T17:07:20.8592772Z   coverage._warn(msg, slug="couldnt-parse")
2025-08-17T17:07:20.8594869Z /opt/hostedtoolcache/Python/3.11.13/x64/lib/python3.11/site-packages/coverage/report_core.py:118: CoverageWarning: Couldn't parse '/home/runner/work/AWA-App/AWA-App/C:\Users\Alexey\Documents\GitHub\AWA-App\services\api\routes\repository.py': No source for code: '/home/runner/work/AWA-App/AWA-App/C:\Users\Alexey\Documents\GitHub\AWA-App\services\api\routes\repository.py'. (couldnt-parse)
2025-08-17T17:07:20.8597427Z   coverage._warn(msg, slug="couldnt-parse")
2025-08-17T17:07:20.8599781Z /opt/hostedtoolcache/Python/3.11.13/x64/lib/python3.11/site-packages/coverage/report_core.py:118: CoverageWarning: Couldn't parse '/home/runner/work/AWA-App/AWA-App/C:\Users\Alexey\Documents\GitHub\AWA-App\services\api\routes\roi.py': No source for code: '/home/runner/work/AWA-App/AWA-App/C:\Users\Alexey\Documents\GitHub\AWA-App\services\api\routes\roi.py'. (couldnt-parse)
2025-08-17T17:07:20.8601864Z   coverage._warn(msg, slug="couldnt-parse")
2025-08-17T17:07:20.8603172Z /opt/hostedtoolcache/Python/3.11.13/x64/lib/python3.11/site-packages/coverage/report_core.py:118: CoverageWarning: Couldn't parse '/home/runner/work/AWA-App/AWA-App/C:\Users\Alexey\Documents\GitHub\AWA-App\services\api\routes\stats.py': No source for code: '/home/runner/work/AWA-App/AWA-App/C:\Users\Alexey\Documents\GitHub\AWA-App\services\api\routes\stats.py'. (couldnt-parse)
2025-08-17T17:07:20.8604745Z   coverage._warn(msg, slug="couldnt-parse")
2025-08-17T17:07:20.8606075Z /opt/hostedtoolcache/Python/3.11.13/x64/lib/python3.11/site-packages/coverage/report_core.py:118: CoverageWarning: Couldn't parse '/home/runner/work/AWA-App/AWA-App/C:\Users\Alexey\Documents\GitHub\AWA-App\services\common\__init__.py': No source for code: '/home/runner/work/AWA-App/AWA-App/C:\Users\Alexey\Documents\GitHub\AWA-App\services\common\__init__.py'. (couldnt-parse)
2025-08-17T17:07:20.8607819Z   coverage._warn(msg, slug="couldnt-parse")
2025-08-17T17:07:20.8609097Z /opt/hostedtoolcache/Python/3.11.13/x64/lib/python3.11/site-packages/coverage/report_core.py:118: CoverageWarning: Couldn't parse '/home/runner/work/AWA-App/AWA-App/C:\Users\Alexey\Documents\GitHub\AWA-App\services\common\base.py': No source for code: '/home/runner/work/AWA-App/AWA-App/C:\Users\Alexey\Documents\GitHub\AWA-App\services\common\base.py'. (couldnt-parse)
2025-08-17T17:07:20.8610634Z   coverage._warn(msg, slug="couldnt-parse")
2025-08-17T17:07:20.8611908Z /opt/hostedtoolcache/Python/3.11.13/x64/lib/python3.11/site-packages/coverage/report_core.py:118: CoverageWarning: Couldn't parse '/home/runner/work/AWA-App/AWA-App/C:\Users\Alexey\Documents\GitHub\AWA-App\services\common\config.py': No source for code: '/home/runner/work/AWA-App/AWA-App/C:\Users\Alexey\Documents\GitHub\AWA-App\services\common\config.py'. (couldnt-parse)
2025-08-17T17:07:20.8613471Z   coverage._warn(msg, slug="couldnt-parse")
2025-08-17T17:07:20.8614728Z /opt/hostedtoolcache/Python/3.11.13/x64/lib/python3.11/site-packages/coverage/report_core.py:118: CoverageWarning: Couldn't parse '/home/runner/work/AWA-App/AWA-App/C:\Users\Alexey\Documents\GitHub\AWA-App\services\common\db.py': No source for code: '/home/runner/work/AWA-App/AWA-App/C:\Users\Alexey\Documents\GitHub\AWA-App\services\common\db.py'. (couldnt-parse)
2025-08-17T17:07:20.8616427Z   coverage._warn(msg, slug="couldnt-parse")
2025-08-17T17:07:20.8617963Z /opt/hostedtoolcache/Python/3.11.13/x64/lib/python3.11/site-packages/coverage/report_core.py:118: CoverageWarning: Couldn't parse '/home/runner/work/AWA-App/AWA-App/C:\Users\Alexey\Documents\GitHub\AWA-App\services\common\db_url.py': No source for code: '/home/runner/work/AWA-App/AWA-App/C:\Users\Alexey\Documents\GitHub\AWA-App\services\common\db_url.py'. (couldnt-parse)
2025-08-17T17:07:20.8619640Z   coverage._warn(msg, slug="couldnt-parse")
2025-08-17T17:07:20.8621080Z /opt/hostedtoolcache/Python/3.11.13/x64/lib/python3.11/site-packages/coverage/report_core.py:118: CoverageWarning: Couldn't parse '/home/runner/work/AWA-App/AWA-App/C:\Users\Alexey\Documents\GitHub\AWA-App\services\common\dsn.py': No source for code: '/home/runner/work/AWA-App/AWA-App/C:\Users\Alexey\Documents\GitHub\AWA-App\services\common\dsn.py'. (couldnt-parse)
2025-08-17T17:07:20.8622494Z   coverage._warn(msg, slug="couldnt-parse")
2025-08-17T17:07:20.8624068Z /opt/hostedtoolcache/Python/3.11.13/x64/lib/python3.11/site-packages/coverage/report_core.py:118: CoverageWarning: Couldn't parse '/home/runner/work/AWA-App/AWA-App/C:\Users\Alexey\Documents\GitHub\AWA-App\services\common\keepa.py': No source for code: '/home/runner/work/AWA-App/AWA-App/C:\Users\Alexey\Documents\GitHub\AWA-App\services\common\keepa.py'. (couldnt-parse)
2025-08-17T17:07:20.8625468Z   coverage._warn(msg, slug="couldnt-parse")
2025-08-17T17:07:20.8626985Z /opt/hostedtoolcache/Python/3.11.13/x64/lib/python3.11/site-packages/coverage/report_core.py:118: CoverageWarning: Couldn't parse '/home/runner/work/AWA-App/AWA-App/C:\Users\Alexey\Documents\GitHub\AWA-App\services\common\llm.py': No source for code: '/home/runner/work/AWA-App/AWA-App/C:\Users\Alexey\Documents\GitHub\AWA-App\services\common\llm.py'. (couldnt-parse)
2025-08-17T17:07:20.8628448Z   coverage._warn(msg, slug="couldnt-parse")
2025-08-17T17:07:20.8630209Z /opt/hostedtoolcache/Python/3.11.13/x64/lib/python3.11/site-packages/coverage/report_core.py:118: CoverageWarning: Couldn't parse '/home/runner/work/AWA-App/AWA-App/C:\Users\Alexey\Documents\GitHub\AWA-App\services\common\models_vendor.py': No source for code: '/home/runner/work/AWA-App/AWA-App/C:\Users\Alexey\Documents\GitHub\AWA-App\services\common\models_vendor.py'. (couldnt-parse)
2025-08-17T17:07:20.8631553Z   coverage._warn(msg, slug="couldnt-parse")
2025-08-17T17:07:20.8633133Z /opt/hostedtoolcache/Python/3.11.13/x64/lib/python3.11/site-packages/coverage/report_core.py:118: CoverageWarning: Couldn't parse '/home/runner/work/AWA-App/AWA-App/C:\Users\Alexey\Documents\GitHub\AWA-App\services\common\settings.py': No source for code: '/home/runner/work/AWA-App/AWA-App/C:\Users\Alexey\Documents\GitHub\AWA-App\services\common\settings.py'. (couldnt-parse)
2025-08-17T17:07:20.8634465Z   coverage._warn(msg, slug="couldnt-parse")
2025-08-17T17:07:20.8635969Z /opt/hostedtoolcache/Python/3.11.13/x64/lib/python3.11/site-packages/coverage/report_core.py:118: CoverageWarning: Couldn't parse '/home/runner/work/AWA-App/AWA-App/C:\Users\Alexey\Documents\GitHub\AWA-App\services\db\__init__.py': No source for code: '/home/runner/work/AWA-App/AWA-App/C:\Users\Alexey\Documents\GitHub\AWA-App\services\db\__init__.py'. (couldnt-parse)
2025-08-17T17:07:20.8637438Z   coverage._warn(msg, slug="couldnt-parse")
2025-08-17T17:07:20.8639187Z /opt/hostedtoolcache/Python/3.11.13/x64/lib/python3.11/site-packages/coverage/report_core.py:118: CoverageWarning: Couldn't parse '/home/runner/work/AWA-App/AWA-App/C:\Users\Alexey\Documents\GitHub\AWA-App\services\db\utils\__init__.py': No source for code: '/home/runner/work/AWA-App/AWA-App/C:\Users\Alexey\Documents\GitHub\AWA-App\services\db\utils\__init__.py'. (couldnt-parse)
2025-08-17T17:07:20.8640659Z   coverage._warn(msg, slug="couldnt-parse")
2025-08-17T17:07:20.8642100Z /opt/hostedtoolcache/Python/3.11.13/x64/lib/python3.11/site-packages/coverage/report_core.py:118: CoverageWarning: Couldn't parse '/home/runner/work/AWA-App/AWA-App/C:\Users\Alexey\Documents\GitHub\AWA-App\services\db\utils\views.py': No source for code: '/home/runner/work/AWA-App/AWA-App/C:\Users\Alexey\Documents\GitHub\AWA-App\services\db\utils\views.py'. (couldnt-parse)
2025-08-17T17:07:20.8643389Z   coverage._warn(msg, slug="couldnt-parse")
2025-08-17T17:07:20.8645013Z /opt/hostedtoolcache/Python/3.11.13/x64/lib/python3.11/site-packages/coverage/report_core.py:118: CoverageWarning: Couldn't parse '/home/runner/work/AWA-App/AWA-App/C:\Users\Alexey\Documents\GitHub\AWA-App\services\emailer\__init__.py': No source for code: '/home/runner/work/AWA-App/AWA-App/C:\Users\Alexey\Documents\GitHub\AWA-App\services\emailer\__init__.py'. (couldnt-parse)
2025-08-17T17:07:20.8646508Z   coverage._warn(msg, slug="couldnt-parse")
2025-08-17T17:07:20.8648224Z /opt/hostedtoolcache/Python/3.11.13/x64/lib/python3.11/site-packages/coverage/report_core.py:118: CoverageWarning: Couldn't parse '/home/runner/work/AWA-App/AWA-App/C:\Users\Alexey\Documents\GitHub\AWA-App\services\emailer\generate_body.py': No source for code: '/home/runner/work/AWA-App/AWA-App/C:\Users\Alexey\Documents\GitHub\AWA-App\services\emailer\generate_body.py'. (couldnt-parse)
2025-08-17T17:07:20.8649703Z   coverage._warn(msg, slug="couldnt-parse")
2025-08-17T17:07:20.8651571Z /opt/hostedtoolcache/Python/3.11.13/x64/lib/python3.11/site-packages/coverage/report_core.py:118: CoverageWarning: Couldn't parse '/home/runner/work/AWA-App/AWA-App/C:\Users\Alexey\Documents\GitHub\AWA-App\services\etl\__init__.py': No source for code: '/home/runner/work/AWA-App/AWA-App/C:\Users\Alexey\Documents\GitHub\AWA-App\services\etl\__init__.py'. (couldnt-parse)
2025-08-17T17:07:20.8653299Z   coverage._warn(msg, slug="couldnt-parse")
2025-08-17T17:07:20.8654566Z /opt/hostedtoolcache/Python/3.11.13/x64/lib/python3.11/site-packages/coverage/report_core.py:118: CoverageWarning: Couldn't parse '/home/runner/work/AWA-App/AWA-App/C:\Users\Alexey\Documents\GitHub\AWA-App\services\etl\db.py': No source for code: '/home/runner/work/AWA-App/AWA-App/C:\Users\Alexey\Documents\GitHub\AWA-App\services\etl\db.py'. (couldnt-parse)
2025-08-17T17:07:20.8656238Z   coverage._warn(msg, slug="couldnt-parse")
2025-08-17T17:07:20.8657772Z /opt/hostedtoolcache/Python/3.11.13/x64/lib/python3.11/site-packages/coverage/report_core.py:118: CoverageWarning: Couldn't parse '/home/runner/work/AWA-App/AWA-App/C:\Users\Alexey\Documents\GitHub\AWA-App\services\etl\dialects\__init__.py': No source for code: '/home/runner/work/AWA-App/AWA-App/C:\Users\Alexey\Documents\GitHub\AWA-App\services\etl\dialects\__init__.py'. (couldnt-parse)
2025-08-17T17:07:20.8659536Z   coverage._warn(msg, slug="couldnt-parse")
2025-08-17T17:07:20.8661391Z /opt/hostedtoolcache/Python/3.11.13/x64/lib/python3.11/site-packages/coverage/report_core.py:118: CoverageWarning: Couldn't parse '/home/runner/work/AWA-App/AWA-App/C:\Users\Alexey\Documents\GitHub\AWA-App\services\etl\dialects\amazon_reimbursements.py': No source for code: '/home/runner/work/AWA-App/AWA-App/C:\Users\Alexey\Documents\GitHub\AWA-App\services\etl\dialects\amazon_reimbursements.py'. (couldnt-parse)
2025-08-17T17:07:20.8662815Z   coverage._warn(msg, slug="couldnt-parse")
2025-08-17T17:07:20.8664646Z /opt/hostedtoolcache/Python/3.11.13/x64/lib/python3.11/site-packages/coverage/report_core.py:118: CoverageWarning: Couldn't parse '/home/runner/work/AWA-App/AWA-App/C:\Users\Alexey\Documents\GitHub\AWA-App\services\etl\dialects\amazon_returns.py': No source for code: '/home/runner/work/AWA-App/AWA-App/C:\Users\Alexey\Documents\GitHub\AWA-App\services\etl\dialects\amazon_returns.py'. (couldnt-parse)
2025-08-17T17:07:20.8666353Z   coverage._warn(msg, slug="couldnt-parse")
2025-08-17T17:07:20.8667869Z /opt/hostedtoolcache/Python/3.11.13/x64/lib/python3.11/site-packages/coverage/report_core.py:118: CoverageWarning: Couldn't parse '/home/runner/work/AWA-App/AWA-App/C:\Users\Alexey\Documents\GitHub\AWA-App\services\etl\fba_fee_ingestor.py': No source for code: '/home/runner/work/AWA-App/AWA-App/C:\Users\Alexey\Documents\GitHub\AWA-App\services\etl\fba_fee_ingestor.py'. (couldnt-parse)
2025-08-17T17:07:20.8669624Z   coverage._warn(msg, slug="couldnt-parse")
2025-08-17T17:07:20.8670954Z /opt/hostedtoolcache/Python/3.11.13/x64/lib/python3.11/site-packages/coverage/report_core.py:118: CoverageWarning: Couldn't parse '/home/runner/work/AWA-App/AWA-App/C:\Users\Alexey\Documents\GitHub\AWA-App\services\etl\keepa_ingestor.py': No source for code: '/home/runner/work/AWA-App/AWA-App/C:\Users\Alexey\Documents\GitHub\AWA-App\services\etl\keepa_ingestor.py'. (couldnt-parse)
2025-08-17T17:07:20.8672844Z   coverage._warn(msg, slug="couldnt-parse")
2025-08-17T17:07:20.8674590Z /opt/hostedtoolcache/Python/3.11.13/x64/lib/python3.11/site-packages/coverage/report_core.py:118: CoverageWarning: Couldn't parse '/home/runner/work/AWA-App/AWA-App/C:\Users\Alexey\Documents\GitHub\AWA-App\services\etl\sp_fees_ingestor.py': No source for code: '/home/runner/work/AWA-App/AWA-App/C:\Users\Alexey\Documents\GitHub\AWA-App\services\etl\sp_fees_ingestor.py'. (couldnt-parse)
2025-08-17T17:07:20.8675963Z   coverage._warn(msg, slug="couldnt-parse")
2025-08-17T17:07:20.8677966Z /opt/hostedtoolcache/Python/3.11.13/x64/lib/python3.11/site-packages/coverage/report_core.py:118: CoverageWarning: Couldn't parse '/home/runner/work/AWA-App/AWA-App/C:\Users\Alexey\Documents\GitHub\AWA-App\services\fees_h10\__init__.py': No source for code: '/home/runner/work/AWA-App/AWA-App/C:\Users\Alexey\Documents\GitHub\AWA-App\services\fees_h10\__init__.py'. (couldnt-parse)
2025-08-17T17:07:20.8679400Z   coverage._warn(msg, slug="couldnt-parse")
2025-08-17T17:07:20.8681052Z /opt/hostedtoolcache/Python/3.11.13/x64/lib/python3.11/site-packages/coverage/report_core.py:118: CoverageWarning: Couldn't parse '/home/runner/work/AWA-App/AWA-App/C:\Users\Alexey\Documents\GitHub\AWA-App\services\fees_h10\client.py': No source for code: '/home/runner/work/AWA-App/AWA-App/C:\Users\Alexey\Documents\GitHub\AWA-App\services\fees_h10\client.py'. (couldnt-parse)
2025-08-17T17:07:20.8682658Z   coverage._warn(msg, slug="couldnt-parse")
2025-08-17T17:07:20.8684113Z /opt/hostedtoolcache/Python/3.11.13/x64/lib/python3.11/site-packages/coverage/report_core.py:118: CoverageWarning: Couldn't parse '/home/runner/work/AWA-App/AWA-App/C:\Users\Alexey\Documents\GitHub\AWA-App\services\fees_h10\repository.py': No source for code: '/home/runner/work/AWA-App/AWA-App/C:\Users\Alexey\Documents\GitHub\AWA-App\services\fees_h10\repository.py'. (couldnt-parse)
2025-08-17T17:07:20.8685871Z   coverage._warn(msg, slug="couldnt-parse")
2025-08-17T17:07:20.8687420Z /opt/hostedtoolcache/Python/3.11.13/x64/lib/python3.11/site-packages/coverage/report_core.py:118: CoverageWarning: Couldn't parse '/home/runner/work/AWA-App/AWA-App/C:\Users\Alexey\Documents\GitHub\AWA-App\services\fees_h10\worker.py': No source for code: '/home/runner/work/AWA-App/AWA-App/C:\Users\Alexey\Documents\GitHub\AWA-App\services\fees_h10\worker.py'. (couldnt-parse)
2025-08-17T17:07:20.8689163Z   coverage._warn(msg, slug="couldnt-parse")
2025-08-17T17:07:20.8690662Z /opt/hostedtoolcache/Python/3.11.13/x64/lib/python3.11/site-packages/coverage/report_core.py:118: CoverageWarning: Couldn't parse '/home/runner/work/AWA-App/AWA-App/C:\Users\Alexey\Documents\GitHub\AWA-App\services\ingest\__init__.py': No source for code: '/home/runner/work/AWA-App/AWA-App/C:\Users\Alexey\Documents\GitHub\AWA-App\services\ingest\__init__.py'. (couldnt-parse)
2025-08-17T17:07:20.8692158Z   coverage._warn(msg, slug="couldnt-parse")
2025-08-17T17:07:20.8693919Z /opt/hostedtoolcache/Python/3.11.13/x64/lib/python3.11/site-packages/coverage/report_core.py:118: CoverageWarning: Couldn't parse '/home/runner/work/AWA-App/AWA-App/C:\Users\Alexey\Documents\GitHub\AWA-App\services\ingest\email_watcher.py': No source for code: '/home/runner/work/AWA-App/AWA-App/C:\Users\Alexey\Documents\GitHub\AWA-App\services\ingest\email_watcher.py'. (couldnt-parse)
2025-08-17T17:07:20.8695427Z   coverage._warn(msg, slug="couldnt-parse")
2025-08-17T17:07:20.8697492Z /opt/hostedtoolcache/Python/3.11.13/x64/lib/python3.11/site-packages/coverage/report_core.py:118: CoverageWarning: Couldn't parse '/home/runner/work/AWA-App/AWA-App/C:\Users\Alexey\Documents\GitHub\AWA-App\services\ingest\ingest_router.py': No source for code: '/home/runner/work/AWA-App/AWA-App/C:\Users\Alexey\Documents\GitHub\AWA-App\services\ingest\ingest_router.py'. (couldnt-parse)
2025-08-17T17:07:20.8699391Z   coverage._warn(msg, slug="couldnt-parse")
2025-08-17T17:07:20.8700853Z /opt/hostedtoolcache/Python/3.11.13/x64/lib/python3.11/site-packages/coverage/report_core.py:118: CoverageWarning: Couldn't parse '/home/runner/work/AWA-App/AWA-App/C:\Users\Alexey\Documents\GitHub\AWA-App\services\ingest\upload_router.py': No source for code: '/home/runner/work/AWA-App/AWA-App/C:\Users\Alexey\Documents\GitHub\AWA-App\services\ingest\upload_router.py'. (couldnt-parse)
2025-08-17T17:07:20.8702617Z   coverage._warn(msg, slug="couldnt-parse")
2025-08-17T17:07:20.8703926Z /opt/hostedtoolcache/Python/3.11.13/x64/lib/python3.11/site-packages/coverage/report_core.py:118: CoverageWarning: Couldn't parse '/home/runner/work/AWA-App/AWA-App/C:\Users\Alexey\Documents\GitHub\AWA-App\services\llm_server\__init__.py': No source for code: '/home/runner/work/AWA-App/AWA-App/C:\Users\Alexey\Documents\GitHub\AWA-App\services\llm_server\__init__.py'. (couldnt-parse)
2025-08-17T17:07:20.8705793Z   coverage._warn(msg, slug="couldnt-parse")
2025-08-17T17:07:20.8707645Z /opt/hostedtoolcache/Python/3.11.13/x64/lib/python3.11/site-packages/coverage/report_core.py:118: CoverageWarning: Couldn't parse '/home/runner/work/AWA-App/AWA-App/C:\Users\Alexey\Documents\GitHub\AWA-App\services\llm_server\app.py': No source for code: '/home/runner/work/AWA-App/AWA-App/C:\Users\Alexey\Documents\GitHub\AWA-App\services\llm_server\app.py'. (couldnt-parse)
2025-08-17T17:07:20.8708989Z   coverage._warn(msg, slug="couldnt-parse")
2025-08-17T17:07:20.8710759Z /opt/hostedtoolcache/Python/3.11.13/x64/lib/python3.11/site-packages/coverage/report_core.py:118: CoverageWarning: Couldn't parse '/home/runner/work/AWA-App/AWA-App/C:\Users\Alexey\Documents\GitHub\AWA-App\services\logistics_etl\__init__.py': No source for code: '/home/runner/work/AWA-App/AWA-App/C:\Users\Alexey\Documents\GitHub\AWA-App\services\logistics_etl\__init__.py'. (couldnt-parse)
2025-08-17T17:07:20.8712190Z   coverage._warn(msg, slug="couldnt-parse")
2025-08-17T17:07:20.8713842Z /opt/hostedtoolcache/Python/3.11.13/x64/lib/python3.11/site-packages/coverage/report_core.py:118: CoverageWarning: Couldn't parse '/home/runner/work/AWA-App/AWA-App/C:\Users\Alexey\Documents\GitHub\AWA-App\services\logistics_etl\__main__.py': No source for code: '/home/runner/work/AWA-App/AWA-App/C:\Users\Alexey\Documents\GitHub\AWA-App\services\logistics_etl\__main__.py'. (couldnt-parse)
2025-08-17T17:07:20.8715599Z   coverage._warn(msg, slug="couldnt-parse")
2025-08-17T17:07:20.8716918Z /opt/hostedtoolcache/Python/3.11.13/x64/lib/python3.11/site-packages/coverage/report_core.py:118: CoverageWarning: Couldn't parse '/home/runner/work/AWA-App/AWA-App/C:\Users\Alexey\Documents\GitHub\AWA-App\services\logistics_etl\client.py': No source for code: '/home/runner/work/AWA-App/AWA-App/C:\Users\Alexey\Documents\GitHub\AWA-App\services\logistics_etl\client.py'. (couldnt-parse)
2025-08-17T17:07:20.8718976Z   coverage._warn(msg, slug="couldnt-parse")
2025-08-17T17:07:20.8720991Z /opt/hostedtoolcache/Python/3.11.13/x64/lib/python3.11/site-packages/coverage/report_core.py:118: CoverageWarning: Couldn't parse '/home/runner/work/AWA-App/AWA-App/C:\Users\Alexey\Documents\GitHub\AWA-App\services\logistics_etl\cron.py': No source for code: '/home/runner/work/AWA-App/AWA-App/C:\Users\Alexey\Documents\GitHub\AWA-App\services\logistics_etl\cron.py'. (couldnt-parse)
2025-08-17T17:07:20.8722390Z   coverage._warn(msg, slug="couldnt-parse")
2025-08-17T17:07:20.8724110Z /opt/hostedtoolcache/Python/3.11.13/x64/lib/python3.11/site-packages/coverage/report_core.py:118: CoverageWarning: Couldn't parse '/home/runner/work/AWA-App/AWA-App/C:\Users\Alexey\Documents\GitHub\AWA-App\services\logistics_etl\db.py': No source for code: '/home/runner/work/AWA-App/AWA-App/C:\Users\Alexey\Documents\GitHub\AWA-App\services\logistics_etl\db.py'. (couldnt-parse)
2025-08-17T17:07:20.8725406Z   coverage._warn(msg, slug="couldnt-parse")
2025-08-17T17:07:20.8727339Z /opt/hostedtoolcache/Python/3.11.13/x64/lib/python3.11/site-packages/coverage/report_core.py:118: CoverageWarning: Couldn't parse '/home/runner/work/AWA-App/AWA-App/C:\Users\Alexey\Documents\GitHub\AWA-App\services\logistics_etl\flow.py': No source for code: '/home/runner/work/AWA-App/AWA-App/C:\Users\Alexey\Documents\GitHub\AWA-App\services\logistics_etl\flow.py'. (couldnt-parse)
2025-08-17T17:07:20.8729251Z   coverage._warn(msg, slug="couldnt-parse")
2025-08-17T17:07:20.8730610Z /opt/hostedtoolcache/Python/3.11.13/x64/lib/python3.11/site-packages/coverage/report_core.py:118: CoverageWarning: Couldn't parse '/home/runner/work/AWA-App/AWA-App/C:\Users\Alexey\Documents\GitHub\AWA-App\services\logistics_etl\repository.py': No source for code: '/home/runner/work/AWA-App/AWA-App/C:\Users\Alexey\Documents\GitHub\AWA-App\services\logistics_etl\repository.py'. (couldnt-parse)
2025-08-17T17:07:20.8732415Z   coverage._warn(msg, slug="couldnt-parse")
2025-08-17T17:07:20.8734142Z /opt/hostedtoolcache/Python/3.11.13/x64/lib/python3.11/site-packages/coverage/report_core.py:118: CoverageWarning: Couldn't parse '/home/runner/work/AWA-App/AWA-App/C:\Users\Alexey\Documents\GitHub\AWA-App\services\price_importer\__init__.py': No source for code: '/home/runner/work/AWA-App/AWA-App/C:\Users\Alexey\Documents\GitHub\AWA-App\services\price_importer\__init__.py'. (couldnt-parse)
2025-08-17T17:07:20.8735634Z   coverage._warn(msg, slug="couldnt-parse")
2025-08-17T17:07:20.8737682Z /opt/hostedtoolcache/Python/3.11.13/x64/lib/python3.11/site-packages/coverage/report_core.py:118: CoverageWarning: Couldn't parse '/home/runner/work/AWA-App/AWA-App/C:\Users\Alexey\Documents\GitHub\AWA-App\services\price_importer\common\__init__.py': No source for code: '/home/runner/work/AWA-App/AWA-App/C:\Users\Alexey\Documents\GitHub\AWA-App\services\price_importer\common\__init__.py'. (couldnt-parse)
2025-08-17T17:07:20.8739218Z   coverage._warn(msg, slug="couldnt-parse")
2025-08-17T17:07:20.8740877Z /opt/hostedtoolcache/Python/3.11.13/x64/lib/python3.11/site-packages/coverage/report_core.py:118: CoverageWarning: Couldn't parse '/home/runner/work/AWA-App/AWA-App/C:\Users\Alexey\Documents\GitHub\AWA-App\services\price_importer\common\base.py': No source for code: '/home/runner/work/AWA-App/AWA-App/C:\Users\Alexey\Documents\GitHub\AWA-App\services\price_importer\common\base.py'. (couldnt-parse)
2025-08-17T17:07:20.8742657Z   coverage._warn(msg, slug="couldnt-parse")
2025-08-17T17:07:20.8744038Z /opt/hostedtoolcache/Python/3.11.13/x64/lib/python3.11/site-packages/coverage/report_core.py:118: CoverageWarning: Couldn't parse '/home/runner/work/AWA-App/AWA-App/C:\Users\Alexey\Documents\GitHub\AWA-App\services\price_importer\common\db_url.py': No source for code: '/home/runner/work/AWA-App/AWA-App/C:\Users\Alexey\Documents\GitHub\AWA-App\services\price_importer\common\db_url.py'. (couldnt-parse)
2025-08-17T17:07:20.8745829Z   coverage._warn(msg, slug="couldnt-parse")
2025-08-17T17:07:20.8747944Z /opt/hostedtoolcache/Python/3.11.13/x64/lib/python3.11/site-packages/coverage/report_core.py:118: CoverageWarning: Couldn't parse '/home/runner/work/AWA-App/AWA-App/C:\Users\Alexey\Documents\GitHub\AWA-App\services\price_importer\common\models_vendor.py': No source for code: '/home/runner/work/AWA-App/AWA-App/C:\Users\Alexey\Documents\GitHub\AWA-App\services\price_importer\common\models_vendor.py'. (couldnt-parse)
2025-08-17T17:07:20.8749450Z   coverage._warn(msg, slug="couldnt-parse")
2025-08-17T17:07:20.8751166Z /opt/hostedtoolcache/Python/3.11.13/x64/lib/python3.11/site-packages/coverage/report_core.py:118: CoverageWarning: Couldn't parse '/home/runner/work/AWA-App/AWA-App/C:\Users\Alexey\Documents\GitHub\AWA-App\services\price_importer\import.py': No source for code: '/home/runner/work/AWA-App/AWA-App/C:\Users\Alexey\Documents\GitHub\AWA-App\services\price_importer\import.py'. (couldnt-parse)
2025-08-17T17:07:20.8752920Z   coverage._warn(msg, slug="couldnt-parse")
2025-08-17T17:07:20.8754287Z /opt/hostedtoolcache/Python/3.11.13/x64/lib/python3.11/site-packages/coverage/report_core.py:118: CoverageWarning: Couldn't parse '/home/runner/work/AWA-App/AWA-App/C:\Users\Alexey\Documents\GitHub\AWA-App\services\price_importer\normaliser.py': No source for code: '/home/runner/work/AWA-App/AWA-App/C:\Users\Alexey\Documents\GitHub\AWA-App\services\price_importer\normaliser.py'. (couldnt-parse)
2025-08-17T17:07:20.8756285Z   coverage._warn(msg, slug="couldnt-parse")
2025-08-17T17:07:20.8758129Z /opt/hostedtoolcache/Python/3.11.13/x64/lib/python3.11/site-packages/coverage/report_core.py:118: CoverageWarning: Couldn't parse '/home/runner/work/AWA-App/AWA-App/C:\Users\Alexey\Documents\GitHub\AWA-App\services\price_importer\reader.py': No source for code: '/home/runner/work/AWA-App/AWA-App/C:\Users\Alexey\Documents\GitHub\AWA-App\services\price_importer\reader.py'. (couldnt-parse)
2025-08-17T17:07:20.8759483Z   coverage._warn(msg, slug="couldnt-parse")
2025-08-17T17:07:20.8761026Z /opt/hostedtoolcache/Python/3.11.13/x64/lib/python3.11/site-packages/coverage/report_core.py:118: CoverageWarning: Couldn't parse '/home/runner/work/AWA-App/AWA-App/C:\Users\Alexey\Documents\GitHub\AWA-App\services\price_importer\repository.py': No source for code: '/home/runner/work/AWA-App/AWA-App/C:\Users\Alexey\Documents\GitHub\AWA-App\services\price_importer\repository.py'. (couldnt-parse)
2025-08-17T17:07:20.8762894Z   coverage._warn(msg, slug="couldnt-parse")
2025-08-17T17:07:20.8764609Z /opt/hostedtoolcache/Python/3.11.13/x64/lib/python3.11/site-packages/coverage/report_core.py:118: CoverageWarning: Couldn't parse '/home/runner/work/AWA-App/AWA-App/C:\Users\Alexey\Documents\GitHub\AWA-App\services\price_importer\services_common\__init__.py': No source for code: '/home/runner/work/AWA-App/AWA-App/C:\Users\Alexey\Documents\GitHub\AWA-App\services\price_importer\services_common\__init__.py'. (couldnt-parse)
2025-08-17T17:07:20.8766207Z   coverage._warn(msg, slug="couldnt-parse")
2025-08-17T17:07:20.8768205Z /opt/hostedtoolcache/Python/3.11.13/x64/lib/python3.11/site-packages/coverage/report_core.py:118: CoverageWarning: Couldn't parse '/home/runner/work/AWA-App/AWA-App/C:\Users\Alexey\Documents\GitHub\AWA-App\services\price_importer\services_common\base.py': No source for code: '/home/runner/work/AWA-App/AWA-App/C:\Users\Alexey\Documents\GitHub\AWA-App\services\price_importer\services_common\base.py'. (couldnt-parse)
2025-08-17T17:07:20.8769769Z   coverage._warn(msg, slug="couldnt-parse")
2025-08-17T17:07:20.8771479Z /opt/hostedtoolcache/Python/3.11.13/x64/lib/python3.11/site-packages/coverage/report_core.py:118: CoverageWarning: Couldn't parse '/home/runner/work/AWA-App/AWA-App/C:\Users\Alexey\Documents\GitHub\AWA-App\services\price_importer\services_common\db.py': No source for code: '/home/runner/work/AWA-App/AWA-App/C:\Users\Alexey\Documents\GitHub\AWA-App\services\price_importer\services_common\db.py'. (couldnt-parse)
2025-08-17T17:07:20.8772891Z   coverage._warn(msg, slug="couldnt-parse")
2025-08-17T17:07:20.8774340Z /opt/hostedtoolcache/Python/3.11.13/x64/lib/python3.11/site-packages/coverage/report_core.py:118: CoverageWarning: Couldn't parse '/home/runner/work/AWA-App/AWA-App/C:\Users\Alexey\Documents\GitHub\AWA-App\services\price_importer\services_common\db_url.py': No source for code: '/home/runner/work/AWA-App/AWA-App/C:\Users\Alexey\Documents\GitHub\AWA-App\services\price_importer\services_common\db_url.py'. (couldnt-parse)
2025-08-17T17:07:20.8775778Z   coverage._warn(msg, slug="couldnt-parse")
2025-08-17T17:07:20.8777382Z /opt/hostedtoolcache/Python/3.11.13/x64/lib/python3.11/site-packages/coverage/report_core.py:118: CoverageWarning: Couldn't parse '/home/runner/work/AWA-App/AWA-App/C:\Users\Alexey\Documents\GitHub\AWA-App\services\price_importer\services_common\dsn.py': No source for code: '/home/runner/work/AWA-App/AWA-App/C:\Users\Alexey\Documents\GitHub\AWA-App\services\price_importer\services_common\dsn.py'. (couldnt-parse)
2025-08-17T17:07:20.8778809Z   coverage._warn(msg, slug="couldnt-parse")
2025-08-17T17:07:20.8780236Z /opt/hostedtoolcache/Python/3.11.13/x64/lib/python3.11/site-packages/coverage/report_core.py:118: CoverageWarning: Couldn't parse '/home/runner/work/AWA-App/AWA-App/C:\Users\Alexey\Documents\GitHub\AWA-App\services\price_importer\services_common\keepa.py': No source for code: '/home/runner/work/AWA-App/AWA-App/C:\Users\Alexey\Documents\GitHub\AWA-App\services\price_importer\services_common\keepa.py'. (couldnt-parse)
2025-08-17T17:07:20.8781830Z   coverage._warn(msg, slug="couldnt-parse")
2025-08-17T17:07:20.8783239Z /opt/hostedtoolcache/Python/3.11.13/x64/lib/python3.11/site-packages/coverage/report_core.py:118: CoverageWarning: Couldn't parse '/home/runner/work/AWA-App/AWA-App/C:\Users\Alexey\Documents\GitHub\AWA-App\services\price_importer\services_common\llm.py': No source for code: '/home/runner/work/AWA-App/AWA-App/C:\Users\Alexey\Documents\GitHub\AWA-App\services\price_importer\services_common\llm.py'. (couldnt-parse)
2025-08-17T17:07:20.8784646Z   coverage._warn(msg, slug="couldnt-parse")
2025-08-17T17:07:20.8786221Z /opt/hostedtoolcache/Python/3.11.13/x64/lib/python3.11/site-packages/coverage/report_core.py:118: CoverageWarning: Couldn't parse '/home/runner/work/AWA-App/AWA-App/C:\Users\Alexey\Documents\GitHub\AWA-App\services\price_importer\services_common\models_vendor.py': No source for code: '/home/runner/work/AWA-App/AWA-App/C:\Users\Alexey\Documents\GitHub\AWA-App\services\price_importer\services_common\models_vendor.py'. (couldnt-parse)
2025-08-17T17:07:20.8787818Z   coverage._warn(msg, slug="couldnt-parse")
2025-08-17T17:07:20.8789257Z /opt/hostedtoolcache/Python/3.11.13/x64/lib/python3.11/site-packages/coverage/report_core.py:118: CoverageWarning: Couldn't parse '/home/runner/work/AWA-App/AWA-App/C:\Users\Alexey\Documents\GitHub\AWA-App\services\price_importer\services_common\settings.py': No source for code: '/home/runner/work/AWA-App/AWA-App/C:\Users\Alexey\Documents\GitHub\AWA-App\services\price_importer\services_common\settings.py'. (couldnt-parse)
2025-08-17T17:07:20.8790711Z   coverage._warn(msg, slug="couldnt-parse")
2025-08-17T17:07:20.8792004Z /opt/hostedtoolcache/Python/3.11.13/x64/lib/python3.11/site-packages/coverage/report_core.py:118: CoverageWarning: Couldn't parse '/home/runner/work/AWA-App/AWA-App/C:\Users\Alexey\Documents\GitHub\AWA-App\services\repricer\__init__.py': No source for code: '/home/runner/work/AWA-App/AWA-App/C:\Users\Alexey\Documents\GitHub\AWA-App\services\repricer\__init__.py'. (couldnt-parse)
2025-08-17T17:07:20.8793299Z   coverage._warn(msg, slug="couldnt-parse")
2025-08-17T17:07:20.8794612Z /opt/hostedtoolcache/Python/3.11.13/x64/lib/python3.11/site-packages/coverage/report_core.py:118: CoverageWarning: Couldn't parse '/home/runner/work/AWA-App/AWA-App/C:\Users\Alexey\Documents\GitHub\AWA-App\services\repricer\app\__init__.py': No source for code: '/home/runner/work/AWA-App/AWA-App/C:\Users\Alexey\Documents\GitHub\AWA-App\services\repricer\app\__init__.py'. (couldnt-parse)
2025-08-17T17:07:20.8795925Z   coverage._warn(msg, slug="couldnt-parse")
2025-08-17T17:07:20.8797313Z /opt/hostedtoolcache/Python/3.11.13/x64/lib/python3.11/site-packages/coverage/report_core.py:118: CoverageWarning: Couldn't parse '/home/runner/work/AWA-App/AWA-App/C:\Users\Alexey\Documents\GitHub\AWA-App\services\repricer\app\deps.py': No source for code: '/home/runner/work/AWA-App/AWA-App/C:\Users\Alexey\Documents\GitHub\AWA-App\services\repricer\app\deps.py'. (couldnt-parse)
2025-08-17T17:07:20.8798623Z   coverage._warn(msg, slug="couldnt-parse")
2025-08-17T17:07:20.8799929Z /opt/hostedtoolcache/Python/3.11.13/x64/lib/python3.11/site-packages/coverage/report_core.py:118: CoverageWarning: Couldn't parse '/home/runner/work/AWA-App/AWA-App/C:\Users\Alexey\Documents\GitHub\AWA-App\services\repricer\app\logic.py': No source for code: '/home/runner/work/AWA-App/AWA-App/C:\Users\Alexey\Documents\GitHub\AWA-App\services\repricer\app\logic.py'. (couldnt-parse)
2025-08-17T17:07:20.8801239Z   coverage._warn(msg, slug="couldnt-parse")
2025-08-17T17:07:20.8802538Z /opt/hostedtoolcache/Python/3.11.13/x64/lib/python3.11/site-packages/coverage/report_core.py:118: CoverageWarning: Couldn't parse '/home/runner/work/AWA-App/AWA-App/C:\Users\Alexey\Documents\GitHub\AWA-App\services\repricer\app\main.py': No source for code: '/home/runner/work/AWA-App/AWA-App/C:\Users\Alexey\Documents\GitHub\AWA-App\services\repricer\app\main.py'. (couldnt-parse)
2025-08-17T17:07:20.8803968Z   coverage._warn(msg, slug="couldnt-parse")
2025-08-17T17:07:20.8805290Z /opt/hostedtoolcache/Python/3.11.13/x64/lib/python3.11/site-packages/coverage/report_core.py:118: CoverageWarning: Couldn't parse '/home/runner/work/AWA-App/AWA-App/C:\Users\Alexey\Documents\GitHub\AWA-App\services\repricer\app\schemas.py': No source for code: '/home/runner/work/AWA-App/AWA-App/C:\Users\Alexey\Documents\GitHub\AWA-App\services\repricer\app\schemas.py'. (couldnt-parse)
2025-08-17T17:07:20.8806618Z   coverage._warn(msg, slug="couldnt-parse")
2025-08-17T17:07:20.8808112Z /opt/hostedtoolcache/Python/3.11.13/x64/lib/python3.11/site-packages/coverage/report_core.py:118: CoverageWarning: Couldn't parse '/home/runner/work/AWA-App/AWA-App/C:\Users\Alexey\Documents\GitHub\AWA-App\services\returns_etl\loader.py': No source for code: '/home/runner/work/AWA-App/AWA-App/C:\Users\Alexey\Documents\GitHub\AWA-App\services\returns_etl\loader.py'. (couldnt-parse)
2025-08-17T17:07:20.8809432Z   coverage._warn(msg, slug="couldnt-parse")
2025-08-17T17:07:21.2036578Z ............                                                             [100%]
2025-08-17T17:07:21.2037584Z ================================ tests coverage ================================
2025-08-17T17:07:21.2038283Z _______________ coverage: platform linux, python 3.11.13-final-0 _______________
2025-08-17T17:07:21.2038816Z 
2025-08-17T17:07:21.2039000Z Coverage XML written to file coverage.xml
2025-08-17T17:07:21.3557796Z ##[group]Run actions/upload-artifact@v4
2025-08-17T17:07:21.3558290Z with:
2025-08-17T17:07:21.3558629Z   name: coverage.integration
2025-08-17T17:07:21.3559044Z   path: .coverage
2025-08-17T17:07:21.3559378Z   if-no-files-found: warn
2025-08-17T17:07:21.3559761Z   compression-level: 6
2025-08-17T17:07:21.3560113Z   overwrite: false
2025-08-17T17:07:21.3560465Z   include-hidden-files: false
2025-08-17T17:07:21.3560910Z env:
2025-08-17T17:07:21.3561206Z   PG_USER: postgres
2025-08-17T17:07:21.3561553Z   PG_PASSWORD: pass
2025-08-17T17:07:21.3561891Z   PG_DATABASE: awa
2025-08-17T17:07:21.3562216Z   PG_HOST: localhost
2025-08-17T17:07:21.3562551Z   PG_PORT: 5432
2025-08-17T17:07:21.3563268Z   PG_SYNC_DSN: ***localhost:5432/awa
2025-08-17T17:07:21.3564008Z   PG_ASYNC_DSN: ***localhost:5432/awa
2025-08-17T17:07:21.3564809Z   DATABASE_URL: ***localhost:5432/awa
2025-08-17T17:07:21.3565240Z   DATA_DIR: /tmp/awa-data
2025-08-17T17:07:21.3565601Z   ENABLE_LIVE: 0
2025-08-17T17:07:21.3565963Z   TESTING: 1
2025-08-17T17:07:21.3566390Z   pythonLocation: /opt/hostedtoolcache/Python/3.11.13/x64
2025-08-17T17:07:21.3567285Z   PKG_CONFIG_PATH: /opt/hostedtoolcache/Python/3.11.13/x64/lib/pkgconfig
2025-08-17T17:07:21.3568016Z   Python_ROOT_DIR: /opt/hostedtoolcache/Python/3.11.13/x64
2025-08-17T17:07:21.3568661Z   Python2_ROOT_DIR: /opt/hostedtoolcache/Python/3.11.13/x64
2025-08-17T17:07:21.3569303Z   Python3_ROOT_DIR: /opt/hostedtoolcache/Python/3.11.13/x64
2025-08-17T17:07:21.3569960Z   LD_LIBRARY_PATH: /opt/hostedtoolcache/Python/3.11.13/x64/lib
2025-08-17T17:07:21.3570506Z ##[endgroup]
2025-08-17T17:07:21.5694274Z ##[warning]No files were found with the provided path: .coverage. No artifacts will be uploaded.
2025-08-17T17:07:21.6300106Z Post job cleanup.
2025-08-17T17:07:21.7664801Z Cache hit occurred on the primary key Linux-int-842a859a37b6f31d35b1262d499b1acd0270bca26490137bed88679f7bc0eea4, not saving cache.
2025-08-17T17:07:21.7765414Z Post job cleanup.
2025-08-17T17:07:21.9300471Z Cache hit occurred on the primary key setup-python-Linux-x64-24.04-Ubuntu-python-3.11.13-pip-842a859a37b6f31d35b1262d499b1acd0270bca26490137bed88679f7bc0eea4, not saving cache.
2025-08-17T17:07:21.9462018Z Post job cleanup.
2025-08-17T17:07:22.0423520Z [command]/usr/bin/git version
2025-08-17T17:07:22.0466374Z git version 2.50.1
2025-08-17T17:07:22.0508335Z Temporarily overriding HOME='/home/runner/work/_temp/4cb21bd7-b7ab-451f-87ac-bbe99a00be46' before making global git config changes
2025-08-17T17:07:22.0509816Z Adding repository directory to the temporary git global config as a safe directory
2025-08-17T17:07:22.0513862Z [command]/usr/bin/git config --global --add safe.directory /home/runner/work/AWA-App/AWA-App
2025-08-17T17:07:22.0548588Z [command]/usr/bin/git config --local --name-only --get-regexp core\.sshCommand
2025-08-17T17:07:22.0580452Z [command]/usr/bin/git submodule foreach --recursive sh -c "git config --local --name-only --get-regexp 'core\.sshCommand' && git config --local --unset-all 'core.sshCommand' || :"
2025-08-17T17:07:22.0822912Z [command]/usr/bin/git config --local --name-only --get-regexp http\.https\:\/\/github\.com\/\.extraheader
2025-08-17T17:07:22.0844218Z http.https://github.com/.extraheader
2025-08-17T17:07:22.0856660Z [command]/usr/bin/git config --local --unset-all http.https://github.com/.extraheader
2025-08-17T17:07:22.0886617Z [command]/usr/bin/git submodule foreach --recursive sh -c "git config --local --name-only --get-regexp 'http\.https\:\/\/github\.com\/\.extraheader' && git config --local --unset-all 'http.https://github.com/.extraheader' || :"
2025-08-17T17:07:22.1200175Z Print service container logs: f6fd819bb5b4426288ef7de27430d83f_postgres15_a5d580
2025-08-17T17:07:22.1205072Z ##[command]/usr/bin/docker logs --details 8cd6cdb9d4acb7180a96a6fa4c904b31f93e7f9edfc95b334b85bd8ceecf87bb
2025-08-17T17:07:22.1332831Z  initdb: warning: enabling "trust" authentication for local connections
2025-08-17T17:07:22.1333787Z  The files belonging to this database system will be owned by user "postgres".
2025-08-17T17:07:22.1334886Z  initdb: hint: You can change this by editing pg_hba.conf or using the option -A, or --auth-local and --auth-host, the next time you run initdb.
2025-08-17T17:07:22.1336194Z  2025-08-17 17:06:21.829 UTC [1] LOG:  starting PostgreSQL 15.14 (Debian 15.14-1.pgdg13+1) on x86_64-pc-linux-gnu, compiled by gcc (Debian 14.2.0-19) 14.2.0, 64-bit
2025-08-17T17:07:22.1337482Z  2025-08-17 17:06:21.829 UTC [1] LOG:  listening on IPv4 address "0.0.0.0", port 5432
2025-08-17T17:07:22.1338299Z  2025-08-17 17:06:21.829 UTC [1] LOG:  listening on IPv6 address "::", port 5432
2025-08-17T17:07:22.1339088Z  2025-08-17 17:06:21.830 UTC [1] LOG:  listening on Unix socket "/var/run/postgresql/.s.PGSQL.5432"
2025-08-17T17:07:22.1339927Z  2025-08-17 17:06:21.833 UTC [64] LOG:  database system was shut down at 2025-08-17 17:06:21 UTC
2025-08-17T17:07:22.1340691Z  2025-08-17 17:06:21.837 UTC [1] LOG:  database system is ready to accept connections
2025-08-17T17:07:22.1341112Z  This user must also own the server process.
2025-08-17T17:07:22.1341366Z  
2025-08-17T17:07:22.1341631Z  The database cluster will be initialized with locale "en_US.utf8".
2025-08-17T17:07:22.1342036Z  The default database encoding has accordingly been set to "UTF8".
2025-08-17T17:07:22.1342425Z  The default text search configuration will be set to "english".
2025-08-17T17:07:22.1342719Z  
2025-08-17T17:07:22.1342900Z  Data page checksums are disabled.
2025-08-17T17:07:22.1343138Z  
2025-08-17T17:07:22.1343414Z  fixing permissions on existing directory /var/lib/postgresql/data ... ok
2025-08-17T17:07:22.1343785Z  creating subdirectories ... ok
2025-08-17T17:07:22.1344075Z  selecting dynamic shared memory implementation ... posix
2025-08-17T17:07:22.1344391Z  selecting default max_connections ... 100
2025-08-17T17:07:22.1344665Z  selecting default shared_buffers ... 128MB
2025-08-17T17:07:22.1344928Z  selecting default time zone ... Etc/UTC
2025-08-17T17:07:22.1345184Z  creating configuration files ... ok
2025-08-17T17:07:22.1345439Z  running bootstrap script ... ok
2025-08-17T17:07:22.1346061Z  performing post-bootstrap initialization ... ok
2025-08-17T17:07:22.1346571Z  syncing data to disk ... ok
2025-08-17T17:07:22.1346926Z  
2025-08-17T17:07:22.1347330Z  
2025-08-17T17:07:22.1347681Z  Success. You can now start the database server using:
2025-08-17T17:07:22.1348069Z  
2025-08-17T17:07:22.1348288Z      pg_ctl -D /var/lib/postgresql/data -l logfile start
2025-08-17T17:07:22.1348787Z  
2025-08-17T17:07:22.1349342Z  waiting for server to start....2025-08-17 17:06:21.522 UTC [48] LOG:  starting PostgreSQL 15.14 (Debian 15.14-1.pgdg13+1) on x86_64-pc-linux-gnu, compiled by gcc (Debian 14.2.0-19) 14.2.0, 64-bit
2025-08-17T17:07:22.1350090Z  2025-08-17 17:06:21.522 UTC [48] LOG:  listening on Unix socket "/var/run/postgresql/.s.PGSQL.5432"
2025-08-17T17:07:22.1350574Z  2025-08-17 17:06:21.525 UTC [51] LOG:  database system was shut down at 2025-08-17 17:06:21 UTC
2025-08-17T17:07:22.1351014Z  2025-08-17 17:06:21.529 UTC [48] LOG:  database system is ready to accept connections
2025-08-17T17:07:22.1351339Z   done
2025-08-17T17:07:22.1351504Z  server started
2025-08-17T17:07:22.1351681Z  CREATE DATABASE
2025-08-17T17:07:22.1351855Z  
2025-08-17T17:07:22.1352001Z  
2025-08-17T17:07:22.1352299Z  /usr/local/bin/docker-entrypoint.sh: ignoring /docker-entrypoint-initdb.d/*
2025-08-17T17:07:22.1352665Z  
2025-08-17T17:07:22.1352981Z  waiting for server to shut down...2025-08-17 17:06:21.710 UTC [48] LOG:  received fast shutdown request
2025-08-17T17:07:22.1353656Z  .2025-08-17 17:06:21.710 UTC [48] LOG:  aborting any active transactions
2025-08-17T17:07:22.1354162Z  2025-08-17 17:06:21.712 UTC [48] LOG:  background worker "logical replication launcher" (PID 54) exited with exit code 1
2025-08-17T17:07:22.1354630Z  2025-08-17 17:06:21.712 UTC [49] LOG:  shutting down
2025-08-17T17:07:22.1354972Z  2025-08-17 17:06:21.713 UTC [49] LOG:  checkpoint starting: shutdown immediate
2025-08-17T17:07:22.1355832Z  2025-08-17 17:06:21.731 UTC [49] LOG:  checkpoint complete: wrote 922 buffers (5.6%); 0 WAL file(s) added, 0 removed, 0 recycled; write=0.014 s, sync=0.003 s, total=0.019 s; sync files=301, longest=0.002 s, average=0.001 s; distance=4239 kB, estimate=4239 kB
2025-08-17T17:07:22.1356656Z  2025-08-17 17:06:21.737 UTC [48] LOG:  database system is shut down
2025-08-17T17:07:22.1356952Z   done
2025-08-17T17:07:22.1357340Z  server stopped
2025-08-17T17:07:22.1357535Z  
2025-08-17T17:07:22.1357762Z  PostgreSQL init process complete; ready for start up.
2025-08-17T17:07:22.1358045Z  
2025-08-17T17:07:22.1364215Z Stop and remove container: f6fd819bb5b4426288ef7de27430d83f_postgres15_a5d580
2025-08-17T17:07:22.1369286Z ##[command]/usr/bin/docker rm --force 8cd6cdb9d4acb7180a96a6fa4c904b31f93e7f9edfc95b334b85bd8ceecf87bb
2025-08-17T17:07:23.1875072Z 8cd6cdb9d4acb7180a96a6fa4c904b31f93e7f9edfc95b334b85bd8ceecf87bb
2025-08-17T17:07:23.1903344Z Remove container network: github_network_f734b85d527c4effbc4bed1d24892808
2025-08-17T17:07:23.1907656Z ##[command]/usr/bin/docker network rm github_network_f734b85d527c4effbc4bed1d24892808
2025-08-17T17:07:23.3112334Z github_network_f734b85d527c4effbc4bed1d24892808
2025-08-17T17:07:23.3172050Z Cleaning up orphan processes
