2025-08-18T22:10:30.8616983Z Current runner version: '2.327.1'
2025-08-18T22:10:30.8650473Z ##[group]Runner Image Provisioner
2025-08-18T22:10:30.8652021Z Hosted Compute Agent
2025-08-18T22:10:30.8652861Z Version: 20250818.377
2025-08-18T22:10:30.8653980Z Commit: 3c593e9f75fe0b87e893bca80d6e12ba089c61fc
2025-08-18T22:10:30.8655184Z Build Date: 2025-08-18T14:52:18Z
2025-08-18T22:10:30.8656135Z ##[endgroup]
2025-08-18T22:10:30.8656928Z ##[group]Operating System
2025-08-18T22:10:30.8658057Z Ubuntu
2025-08-18T22:10:30.8658805Z 24.04.2
2025-08-18T22:10:30.8659459Z LTS
2025-08-18T22:10:30.8660318Z ##[endgroup]
2025-08-18T22:10:30.8661062Z ##[group]Runner Image
2025-08-18T22:10:30.8661950Z Image: ubuntu-24.04
2025-08-18T22:10:30.8662789Z Version: 20250810.1.0
2025-08-18T22:10:30.8664968Z Included Software: https://github.com/actions/runner-images/blob/ubuntu24/20250810.1/images/ubuntu/Ubuntu2404-Readme.md
2025-08-18T22:10:30.8667700Z Image Release: https://github.com/actions/runner-images/releases/tag/ubuntu24%2F20250810.1
2025-08-18T22:10:30.8669351Z ##[endgroup]
2025-08-18T22:10:30.8673994Z ##[group]GITHUB_TOKEN Permissions
2025-08-18T22:10:30.8677116Z Actions: write
2025-08-18T22:10:30.8678078Z Attestations: write
2025-08-18T22:10:30.8678981Z Checks: write
2025-08-18T22:10:30.8679771Z Contents: write
2025-08-18T22:10:30.8680789Z Deployments: write
2025-08-18T22:10:30.8681603Z Discussions: write
2025-08-18T22:10:30.8682559Z Issues: write
2025-08-18T22:10:30.8683549Z Metadata: read
2025-08-18T22:10:30.8684586Z Models: read
2025-08-18T22:10:30.8685499Z Packages: write
2025-08-18T22:10:30.8686324Z Pages: write
2025-08-18T22:10:30.8687192Z PullRequests: write
2025-08-18T22:10:30.8688250Z RepositoryProjects: write
2025-08-18T22:10:30.8689363Z SecurityEvents: write
2025-08-18T22:10:30.8690459Z Statuses: write
2025-08-18T22:10:30.8691430Z ##[endgroup]
2025-08-18T22:10:30.8694883Z Secret source: Actions
2025-08-18T22:10:30.8696271Z Prepare workflow directory
2025-08-18T22:10:30.9309580Z Prepare all required actions
2025-08-18T22:10:30.9366081Z Getting action download info
2025-08-18T22:10:31.2147824Z Download action repository 'actions/checkout@v4' (SHA:08eba0b27e820071cde6df949e0beb9ba4906955)
2025-08-18T22:10:31.4519103Z Download action repository 'actions/setup-python@v5' (SHA:a26af69be951a213d495a4c3e4e4022e16d87065)
2025-08-18T22:10:31.7024464Z Download action repository 'actions/cache@v4' (SHA:0400d5f644dc74513175e3cd8d07132dd4860809)
2025-08-18T22:10:31.9496479Z Download action repository 'actions/upload-artifact@v4' (SHA:ea165f8d65b6e75b540449e92b4886f43607fa02)
2025-08-18T22:10:32.1625528Z Complete job name: integration-db
2025-08-18T22:10:32.2146457Z ##[group]Checking docker version
2025-08-18T22:10:32.2160076Z ##[command]/usr/bin/docker version --format '{{.Server.APIVersion}}'
2025-08-18T22:10:32.2571459Z '1.48'
2025-08-18T22:10:32.2584636Z Docker daemon API version: '1.48'
2025-08-18T22:10:32.2585852Z ##[command]/usr/bin/docker version --format '{{.Client.APIVersion}}'
2025-08-18T22:10:32.2749735Z '1.48'
2025-08-18T22:10:32.2764483Z Docker client API version: '1.48'
2025-08-18T22:10:32.2769919Z ##[endgroup]
2025-08-18T22:10:32.2773576Z ##[group]Clean up resources from previous jobs
2025-08-18T22:10:32.2779358Z ##[command]/usr/bin/docker ps --all --quiet --no-trunc --filter "label=952bc0"
2025-08-18T22:10:32.2919612Z ##[command]/usr/bin/docker network prune --force --filter "label=952bc0"
2025-08-18T22:10:32.3046422Z ##[endgroup]
2025-08-18T22:10:32.3047165Z ##[group]Create local container network
2025-08-18T22:10:32.3058209Z ##[command]/usr/bin/docker network create --label 952bc0 github_network_3b0e190e515a42648f8b0fce2e944ccd
2025-08-18T22:10:32.3573289Z 93cf0216a1a25e86cb4f8e06449988b09296df59f2b07df577bc6e23a8129d22
2025-08-18T22:10:32.3594106Z ##[endgroup]
2025-08-18T22:10:32.3619089Z ##[group]Starting postgres service container
2025-08-18T22:10:32.3638794Z ##[command]/usr/bin/docker pull postgres:15
2025-08-18T22:10:32.6104149Z 15: Pulling from library/postgres
2025-08-18T22:10:32.6772785Z 396b1da7636e: Pulling fs layer
2025-08-18T22:10:32.6774499Z fca2566eba32: Pulling fs layer
2025-08-18T22:10:32.6775575Z 631fe8c6d606: Pulling fs layer
2025-08-18T22:10:32.6776626Z 77c7671c4414: Pulling fs layer
2025-08-18T22:10:32.6777660Z 2d9e29180a27: Pulling fs layer
2025-08-18T22:10:32.6778350Z c6bcc2c9a041: Pulling fs layer
2025-08-18T22:10:32.6778994Z ac4b721eb66f: Pulling fs layer
2025-08-18T22:10:32.6779641Z 606bd164980e: Pulling fs layer
2025-08-18T22:10:32.6780299Z f5dfd246bc6e: Pulling fs layer
2025-08-18T22:10:32.6780922Z ba7036bb0a60: Pulling fs layer
2025-08-18T22:10:32.6781545Z 799f859abbbd: Pulling fs layer
2025-08-18T22:10:32.6782292Z d903e777080c: Pulling fs layer
2025-08-18T22:10:32.6782921Z 04adcb462801: Pulling fs layer
2025-08-18T22:10:32.6783616Z 5c10925b29ff: Pulling fs layer
2025-08-18T22:10:32.6784561Z 77c7671c4414: Waiting
2025-08-18T22:10:32.6785190Z 2d9e29180a27: Waiting
2025-08-18T22:10:32.6785817Z f5dfd246bc6e: Waiting
2025-08-18T22:10:32.6786450Z d903e777080c: Waiting
2025-08-18T22:10:32.6787065Z 606bd164980e: Waiting
2025-08-18T22:10:32.6787746Z ba7036bb0a60: Waiting
2025-08-18T22:10:32.6788375Z 799f859abbbd: Waiting
2025-08-18T22:10:32.6789007Z ac4b721eb66f: Waiting
2025-08-18T22:10:32.6789608Z 5c10925b29ff: Waiting
2025-08-18T22:10:32.6790230Z 04adcb462801: Waiting
2025-08-18T22:10:32.7598798Z fca2566eba32: Verifying Checksum
2025-08-18T22:10:32.7600049Z fca2566eba32: Download complete
2025-08-18T22:10:32.8193624Z 631fe8c6d606: Verifying Checksum
2025-08-18T22:10:32.8195092Z 631fe8c6d606: Download complete
2025-08-18T22:10:32.8465818Z 77c7671c4414: Verifying Checksum
2025-08-18T22:10:32.8471401Z 77c7671c4414: Download complete
2025-08-18T22:10:32.9059759Z c6bcc2c9a041: Verifying Checksum
2025-08-18T22:10:32.9060758Z c6bcc2c9a041: Download complete
2025-08-18T22:10:32.9864345Z ac4b721eb66f: Verifying Checksum
2025-08-18T22:10:32.9865627Z ac4b721eb66f: Download complete
2025-08-18T22:10:33.0135559Z 2d9e29180a27: Verifying Checksum
2025-08-18T22:10:33.0136489Z 2d9e29180a27: Download complete
2025-08-18T22:10:33.0740458Z 606bd164980e: Verifying Checksum
2025-08-18T22:10:33.0741764Z 606bd164980e: Download complete
2025-08-18T22:10:33.1244949Z ba7036bb0a60: Download complete
2025-08-18T22:10:33.1555092Z 396b1da7636e: Verifying Checksum
2025-08-18T22:10:33.1557038Z 396b1da7636e: Download complete
2025-08-18T22:10:33.1884406Z 799f859abbbd: Verifying Checksum
2025-08-18T22:10:33.1885398Z 799f859abbbd: Download complete
2025-08-18T22:10:33.2423905Z d903e777080c: Verifying Checksum
2025-08-18T22:10:33.2424931Z d903e777080c: Download complete
2025-08-18T22:10:33.2519193Z 04adcb462801: Verifying Checksum
2025-08-18T22:10:33.2520967Z 04adcb462801: Download complete
2025-08-18T22:10:33.3027366Z 5c10925b29ff: Verifying Checksum
2025-08-18T22:10:33.3028500Z 5c10925b29ff: Download complete
2025-08-18T22:10:34.2284237Z 396b1da7636e: Pull complete
2025-08-18T22:10:34.3612389Z f5dfd246bc6e: Verifying Checksum
2025-08-18T22:10:35.2965005Z f5dfd246bc6e: Download complete
2025-08-18T22:10:35.2965470Z fca2566eba32: Pull complete
2025-08-18T22:10:35.4614372Z 631fe8c6d606: Pull complete
2025-08-18T22:10:35.5064576Z 77c7671c4414: Pull complete
2025-08-18T22:10:35.8100746Z 2d9e29180a27: Pull complete
2025-08-18T22:10:35.9031955Z c6bcc2c9a041: Pull complete
2025-08-18T22:10:35.9121825Z ac4b721eb66f: Pull complete
2025-08-18T22:10:35.9229214Z 606bd164980e: Pull complete
2025-08-18T22:10:38.8803463Z f5dfd246bc6e: Pull complete
2025-08-18T22:10:38.8955116Z ba7036bb0a60: Pull complete
2025-08-18T22:10:38.9109826Z 799f859abbbd: Pull complete
2025-08-18T22:10:38.9223190Z d903e777080c: Pull complete
2025-08-18T22:10:38.9325512Z 04adcb462801: Pull complete
2025-08-18T22:10:38.9437353Z 5c10925b29ff: Pull complete
2025-08-18T22:10:38.9484597Z Digest: sha256:bc51cf4f1fe02cce7ed2370b20128a9b00b4eb804573a77d2a0d877aaa9c82b1
2025-08-18T22:10:38.9500799Z Status: Downloaded newer image for postgres:15
2025-08-18T22:10:38.9511735Z docker.io/library/postgres:15
2025-08-18T22:10:38.9591769Z ##[command]/usr/bin/docker create --name b5ed08182fa141f397fcde498b2da6aa_postgres15_78f9a1 --label 952bc0 --network github_network_3b0e190e515a42648f8b0fce2e944ccd --network-alias postgres -p 5432:5432 --health-cmd="pg_isready -U postgres -d awa" --health-interval=5s --health-timeout=5s --health-retries=10 -e "POSTGRES_USER=postgres" -e "POSTGRES_PASSWORD=pass" -e "POSTGRES_DB=awa" -e GITHUB_ACTIONS=true -e CI=true postgres:15
2025-08-18T22:10:38.9852860Z 8454c8c18f26b9f2afd9565e440a14165c9bc99a45de0b33493a1b3d0b91f1f7
2025-08-18T22:10:38.9876042Z ##[command]/usr/bin/docker start 8454c8c18f26b9f2afd9565e440a14165c9bc99a45de0b33493a1b3d0b91f1f7
2025-08-18T22:10:39.1477180Z 8454c8c18f26b9f2afd9565e440a14165c9bc99a45de0b33493a1b3d0b91f1f7
2025-08-18T22:10:39.1498911Z ##[command]/usr/bin/docker ps --all --filter id=8454c8c18f26b9f2afd9565e440a14165c9bc99a45de0b33493a1b3d0b91f1f7 --filter status=running --no-trunc --format "{{.ID}} {{.Status}}"
2025-08-18T22:10:39.1645983Z 8454c8c18f26b9f2afd9565e440a14165c9bc99a45de0b33493a1b3d0b91f1f7 Up Less than a second (health: starting)
2025-08-18T22:10:39.1667376Z ##[command]/usr/bin/docker port 8454c8c18f26b9f2afd9565e440a14165c9bc99a45de0b33493a1b3d0b91f1f7
2025-08-18T22:10:39.1791454Z 5432/tcp -> 0.0.0.0:5432
2025-08-18T22:10:39.1792068Z 5432/tcp -> [::]:5432
2025-08-18T22:10:39.1847294Z ##[endgroup]
2025-08-18T22:10:39.1858852Z ##[group]Waiting for all services to be ready
2025-08-18T22:10:39.1877058Z ##[command]/usr/bin/docker inspect --format="{{if .Config.Healthcheck}}{{print .State.Health.Status}}{{end}}" 8454c8c18f26b9f2afd9565e440a14165c9bc99a45de0b33493a1b3d0b91f1f7
2025-08-18T22:10:39.2008356Z starting
2025-08-18T22:10:39.2032927Z postgres service is starting, waiting 2 seconds before checking again.
2025-08-18T22:10:41.2026419Z ##[command]/usr/bin/docker inspect --format="{{if .Config.Healthcheck}}{{print .State.Health.Status}}{{end}}" 8454c8c18f26b9f2afd9565e440a14165c9bc99a45de0b33493a1b3d0b91f1f7
2025-08-18T22:10:41.2145141Z starting
2025-08-18T22:10:41.2160506Z postgres service is starting, waiting 3 seconds before checking again.
2025-08-18T22:10:44.8694823Z ##[command]/usr/bin/docker inspect --format="{{if .Config.Healthcheck}}{{print .State.Health.Status}}{{end}}" 8454c8c18f26b9f2afd9565e440a14165c9bc99a45de0b33493a1b3d0b91f1f7
2025-08-18T22:10:44.8814554Z healthy
2025-08-18T22:10:44.8832335Z postgres service is healthy.
2025-08-18T22:10:44.8833068Z ##[endgroup]
2025-08-18T22:10:44.9072666Z ##[group]Run actions/checkout@v4
2025-08-18T22:10:44.9073201Z with:
2025-08-18T22:10:44.9073382Z   fetch-depth: 0
2025-08-18T22:10:44.9073594Z   repository: AlexBomber12/AWA-App
2025-08-18T22:10:44.9074146Z   token: ***
2025-08-18T22:10:44.9074332Z   ssh-strict: true
2025-08-18T22:10:44.9074512Z   ssh-user: git
2025-08-18T22:10:44.9074694Z   persist-credentials: true
2025-08-18T22:10:44.9074903Z   clean: true
2025-08-18T22:10:44.9075086Z   sparse-checkout-cone-mode: true
2025-08-18T22:10:44.9075310Z   fetch-tags: false
2025-08-18T22:10:44.9075485Z   show-progress: true
2025-08-18T22:10:44.9075667Z   lfs: false
2025-08-18T22:10:44.9075822Z   submodules: false
2025-08-18T22:10:44.9076330Z   set-safe-directory: true
2025-08-18T22:10:44.9077016Z ##[endgroup]
2025-08-18T22:10:45.0197368Z Syncing repository: AlexBomber12/AWA-App
2025-08-18T22:10:45.0198565Z ##[group]Getting Git version info
2025-08-18T22:10:45.0198913Z Working directory is '/home/runner/work/AWA-App/AWA-App'
2025-08-18T22:10:45.0199480Z [command]/usr/bin/git version
2025-08-18T22:10:45.0228223Z git version 2.50.1
2025-08-18T22:10:45.0253493Z ##[endgroup]
2025-08-18T22:10:45.0267157Z Temporarily overriding HOME='/home/runner/work/_temp/b729f65c-6ca0-46a8-880a-8f9a6587200e' before making global git config changes
2025-08-18T22:10:45.0268052Z Adding repository directory to the temporary git global config as a safe directory
2025-08-18T22:10:45.0272403Z [command]/usr/bin/git config --global --add safe.directory /home/runner/work/AWA-App/AWA-App
2025-08-18T22:10:45.0310970Z Deleting the contents of '/home/runner/work/AWA-App/AWA-App'
2025-08-18T22:10:45.0314767Z ##[group]Initializing the repository
2025-08-18T22:10:45.0318449Z [command]/usr/bin/git init /home/runner/work/AWA-App/AWA-App
2025-08-18T22:10:45.0378692Z hint: Using 'master' as the name for the initial branch. This default branch name
2025-08-18T22:10:45.0379577Z hint: is subject to change. To configure the initial branch name to use in all
2025-08-18T22:10:45.0380401Z hint: of your new repositories, which will suppress this warning, call:
2025-08-18T22:10:45.0380969Z hint:
2025-08-18T22:10:45.0381389Z hint: 	git config --global init.defaultBranch <name>
2025-08-18T22:10:45.0381855Z hint:
2025-08-18T22:10:45.0382324Z hint: Names commonly chosen instead of 'master' are 'main', 'trunk' and
2025-08-18T22:10:45.0383017Z hint: 'development'. The just-created branch can be renamed via this command:
2025-08-18T22:10:45.0383375Z hint:
2025-08-18T22:10:45.0383556Z hint: 	git branch -m <name>
2025-08-18T22:10:45.0384052Z hint:
2025-08-18T22:10:45.0384364Z hint: Disable this message with "git config set advice.defaultBranchName false"
2025-08-18T22:10:45.0384866Z Initialized empty Git repository in /home/runner/work/AWA-App/AWA-App/.git/
2025-08-18T22:10:45.0392206Z [command]/usr/bin/git remote add origin https://github.com/AlexBomber12/AWA-App
2025-08-18T22:10:45.0421416Z ##[endgroup]
2025-08-18T22:10:45.0421808Z ##[group]Disabling automatic garbage collection
2025-08-18T22:10:45.0425727Z [command]/usr/bin/git config --local gc.auto 0
2025-08-18T22:10:45.0452095Z ##[endgroup]
2025-08-18T22:10:45.0452460Z ##[group]Setting up auth
2025-08-18T22:10:45.0459045Z [command]/usr/bin/git config --local --name-only --get-regexp core\.sshCommand
2025-08-18T22:10:45.0487782Z [command]/usr/bin/git submodule foreach --recursive sh -c "git config --local --name-only --get-regexp 'core\.sshCommand' && git config --local --unset-all 'core.sshCommand' || :"
2025-08-18T22:10:45.0747986Z [command]/usr/bin/git config --local --name-only --get-regexp http\.https\:\/\/github\.com\/\.extraheader
2025-08-18T22:10:45.0778309Z [command]/usr/bin/git submodule foreach --recursive sh -c "git config --local --name-only --get-regexp 'http\.https\:\/\/github\.com\/\.extraheader' && git config --local --unset-all 'http.https://github.com/.extraheader' || :"
2025-08-18T22:10:45.0998382Z [command]/usr/bin/git config --local http.https://github.com/.extraheader AUTHORIZATION: basic ***
2025-08-18T22:10:45.1032263Z ##[endgroup]
2025-08-18T22:10:45.1032949Z ##[group]Fetching the repository
2025-08-18T22:10:45.1041397Z [command]/usr/bin/git -c protocol.version=2 fetch --prune --no-recurse-submodules origin +refs/heads/*:refs/remotes/origin/* +refs/tags/*:refs/tags/*
2025-08-18T22:10:46.6701694Z From https://github.com/AlexBomber12/AWA-App
2025-08-18T22:10:46.6702934Z  * [new branch]      codex/analyze-ci-logs-and-implement-targeted-fixes -> origin/codex/analyze-ci-logs-and-implement-targeted-fixes
2025-08-18T22:10:46.6704877Z  * [new branch]      codex/fix-ci-workflow-failures-from-logs -> origin/codex/fix-ci-workflow-failures-from-logs
2025-08-18T22:10:46.6706183Z  * [new branch]      codex/fix-ci-workflows-based-on-logs -> origin/codex/fix-ci-workflows-based-on-logs
2025-08-18T22:10:46.6707545Z  * [new branch]      codex/fix-ci-workflows-based-on-logs-nflit3 -> origin/codex/fix-ci-workflows-based-on-logs-nflit3
2025-08-18T22:10:46.6708854Z  * [new branch]      codex/fix-ci-workflows-to-pass -> origin/codex/fix-ci-workflows-to-pass
2025-08-18T22:10:46.6710024Z  * [new branch]      codex/fix-ci-workflows-until-all-pass -> origin/codex/fix-ci-workflows-until-all-pass
2025-08-18T22:10:46.6711322Z  * [new branch]      gh-pages   -> origin/gh-pages
2025-08-18T22:10:46.6714021Z  * [new branch]      main       -> origin/main
2025-08-18T22:10:46.6715365Z  * [new tag]         0.3.0      -> 0.3.0
2025-08-18T22:10:46.6750174Z [command]/usr/bin/git branch --list --remote origin/main
2025-08-18T22:10:46.6772671Z   origin/main
2025-08-18T22:10:46.6781707Z [command]/usr/bin/git rev-parse refs/remotes/origin/main
2025-08-18T22:10:46.6801434Z b274e0c1c0890a34fa2cc0bb56c42f6ea2e3defb
2025-08-18T22:10:46.6807077Z ##[endgroup]
2025-08-18T22:10:46.6807878Z ##[group]Determining the checkout info
2025-08-18T22:10:46.6808487Z ##[endgroup]
2025-08-18T22:10:46.6813566Z [command]/usr/bin/git sparse-checkout disable
2025-08-18T22:10:46.6850421Z [command]/usr/bin/git config --local --unset-all extensions.worktreeConfig
2025-08-18T22:10:46.6876421Z ##[group]Checking out the ref
2025-08-18T22:10:46.6881334Z [command]/usr/bin/git checkout --progress --force -B main refs/remotes/origin/main
2025-08-18T22:10:46.7320546Z Switched to a new branch 'main'
2025-08-18T22:10:46.7323304Z branch 'main' set up to track 'origin/main'.
2025-08-18T22:10:46.7334690Z ##[endgroup]
2025-08-18T22:10:46.7372590Z [command]/usr/bin/git log -1 --format=%H
2025-08-18T22:10:46.7395334Z b274e0c1c0890a34fa2cc0bb56c42f6ea2e3defb
2025-08-18T22:10:46.7560042Z ##[group]Run cat .env.ci >> "$GITHUB_ENV"
2025-08-18T22:10:46.7560410Z [36;1mcat .env.ci >> "$GITHUB_ENV"[0m
2025-08-18T22:10:46.7561138Z [36;1mecho "DATABASE_URL=***localhost:5432/awa" >> "$GITHUB_ENV"[0m
2025-08-18T22:10:46.7561532Z [36;1mecho "PG_HOST=localhost" >> "$GITHUB_ENV"[0m
2025-08-18T22:10:46.7561819Z [36;1mecho "PG_PORT=5432" >> "$GITHUB_ENV"[0m
2025-08-18T22:10:46.7562100Z [36;1mecho "PG_USER=postgres" >> "$GITHUB_ENV"[0m
2025-08-18T22:10:46.7562401Z [36;1mecho "PG_PASSWORD=pass" >> "$GITHUB_ENV"[0m
2025-08-18T22:10:46.7562682Z [36;1mecho "PG_DATABASE=awa" >> "$GITHUB_ENV"[0m
2025-08-18T22:10:46.7607511Z shell: /usr/bin/bash -e {0}
2025-08-18T22:10:46.7607751Z ##[endgroup]
2025-08-18T22:10:46.7778638Z ##[group]Run actions/setup-python@v5
2025-08-18T22:10:46.7778910Z with:
2025-08-18T22:10:46.7779095Z   python-version: 3.11
2025-08-18T22:10:46.7779297Z   cache: pip
2025-08-18T22:10:46.7779524Z   cache-dependency-path: requirements-dev.txt

2025-08-18T22:10:46.7779808Z   check-latest: false
2025-08-18T22:10:46.7780124Z   token: ***
2025-08-18T22:10:46.7780323Z   update-environment: true
2025-08-18T22:10:46.7780544Z   allow-prereleases: false
2025-08-18T22:10:46.7780762Z   freethreaded: false
2025-08-18T22:10:46.7780965Z env:
2025-08-18T22:10:46.7781122Z   PG_USER: postgres
2025-08-18T22:10:46.7781306Z   PG_PASSWORD: pass
2025-08-18T22:10:46.7781478Z   PG_DATABASE: awa
2025-08-18T22:10:46.7781658Z   PG_HOST: localhost
2025-08-18T22:10:46.7781836Z   PG_PORT: 5432
2025-08-18T22:10:46.7782211Z   PG_SYNC_DSN: ***localhost:5432/awa
2025-08-18T22:10:46.7782601Z   PG_ASYNC_DSN: ***localhost:5432/awa
2025-08-18T22:10:46.7782991Z   DATABASE_URL: ***localhost:5432/awa
2025-08-18T22:10:46.7783251Z   DATA_DIR: /tmp/awa-data
2025-08-18T22:10:46.7783445Z   ENABLE_LIVE: 0
2025-08-18T22:10:46.7783622Z   TESTING: 1
2025-08-18T22:10:46.7784059Z ##[endgroup]
2025-08-18T22:10:46.9421119Z ##[group]Installed versions
2025-08-18T22:10:46.9503065Z Successfully set up CPython (3.11.13)
2025-08-18T22:10:46.9503550Z ##[endgroup]
2025-08-18T22:10:46.9777573Z [command]/opt/hostedtoolcache/Python/3.11.13/x64/bin/pip cache dir
2025-08-18T22:10:47.2132213Z /home/runner/.cache/pip
2025-08-18T22:10:47.3172099Z Cache hit for: setup-python-Linux-x64-24.04-Ubuntu-python-3.11.13-pip-5e718741e550cec7917fae13efe91a31293d04a98c3c0932315e8f58598cbd2c
2025-08-18T22:10:48.3805200Z Received 184549376 of 252792236 (73.0%), 175.5 MBs/sec
2025-08-18T22:10:48.8852667Z Received 252792236 of 252792236 (100.0%), 159.9 MBs/sec
2025-08-18T22:10:48.8855182Z Cache Size: ~241 MB (252792236 B)
2025-08-18T22:10:48.8898302Z [command]/usr/bin/tar -xf /home/runner/work/_temp/e24ac0bc-aabb-4e6f-b885-eb69fc4a9031/cache.tzst -P -C /home/runner/work/AWA-App/AWA-App --use-compress-program unzstd
2025-08-18T22:10:49.3536414Z Cache restored successfully
2025-08-18T22:10:49.4009854Z Cache restored from key: setup-python-Linux-x64-24.04-Ubuntu-python-3.11.13-pip-5e718741e550cec7917fae13efe91a31293d04a98c3c0932315e8f58598cbd2c
2025-08-18T22:10:49.4716900Z ##[group]Run actions/cache@v4
2025-08-18T22:10:49.4717167Z with:
2025-08-18T22:10:49.4717389Z   path: ~/.cache/pip
.pytest_cache
~/.ruff_cache

2025-08-18T22:10:49.4717818Z   key: Linux-int-5e718741e550cec7917fae13efe91a31293d04a98c3c0932315e8f58598cbd2c
2025-08-18T22:10:49.4718396Z   restore-keys: Linux-int-
2025-08-18T22:10:49.4718618Z   enableCrossOsArchive: false
2025-08-18T22:10:49.4718854Z   fail-on-cache-miss: false
2025-08-18T22:10:49.4719066Z   lookup-only: false
2025-08-18T22:10:49.4719268Z   save-always: false
2025-08-18T22:10:49.4719443Z env:
2025-08-18T22:10:49.4719607Z   PG_USER: postgres
2025-08-18T22:10:49.4719794Z   PG_PASSWORD: pass
2025-08-18T22:10:49.4719972Z   PG_DATABASE: awa
2025-08-18T22:10:49.4720154Z   PG_HOST: localhost
2025-08-18T22:10:49.4720335Z   PG_PORT: 5432
2025-08-18T22:10:49.4720800Z   PG_SYNC_DSN: ***localhost:5432/awa
2025-08-18T22:10:49.4721259Z   PG_ASYNC_DSN: ***localhost:5432/awa
2025-08-18T22:10:49.4721694Z   DATABASE_URL: ***localhost:5432/awa
2025-08-18T22:10:49.4721930Z   DATA_DIR: /tmp/awa-data
2025-08-18T22:10:49.4722130Z   ENABLE_LIVE: 0
2025-08-18T22:10:49.4722304Z   TESTING: 1
2025-08-18T22:10:49.4722544Z   pythonLocation: /opt/hostedtoolcache/Python/3.11.13/x64
2025-08-18T22:10:49.4722944Z   PKG_CONFIG_PATH: /opt/hostedtoolcache/Python/3.11.13/x64/lib/pkgconfig
2025-08-18T22:10:49.4723342Z   Python_ROOT_DIR: /opt/hostedtoolcache/Python/3.11.13/x64
2025-08-18T22:10:49.4724103Z   Python2_ROOT_DIR: /opt/hostedtoolcache/Python/3.11.13/x64
2025-08-18T22:10:49.4724501Z   Python3_ROOT_DIR: /opt/hostedtoolcache/Python/3.11.13/x64
2025-08-18T22:10:49.4724859Z   LD_LIBRARY_PATH: /opt/hostedtoolcache/Python/3.11.13/x64/lib
2025-08-18T22:10:49.4725160Z ##[endgroup]
2025-08-18T22:10:49.6638733Z Cache hit for: Linux-int-5e718741e550cec7917fae13efe91a31293d04a98c3c0932315e8f58598cbd2c
2025-08-18T22:10:50.7032687Z Received 213909504 of 252795134 (84.6%), 204.0 MBs/sec
2025-08-18T22:10:50.8644174Z Received 252795134 of 252795134 (100.0%), 207.7 MBs/sec
2025-08-18T22:10:50.8647580Z Cache Size: ~241 MB (252795134 B)
2025-08-18T22:10:50.8689521Z [command]/usr/bin/tar -xf /home/runner/work/_temp/83457427-e975-43c6-889b-728541f4fb80/cache.tzst -P -C /home/runner/work/AWA-App/AWA-App --use-compress-program unzstd
2025-08-18T22:10:51.3202720Z Cache restored successfully
2025-08-18T22:10:51.3757773Z Cache restored from key: Linux-int-5e718741e550cec7917fae13efe91a31293d04a98c3c0932315e8f58598cbd2c
2025-08-18T22:10:51.3879758Z ##[group]Run pip install -r requirements-dev.txt
2025-08-18T22:10:51.3880161Z [36;1mpip install -r requirements-dev.txt[0m
2025-08-18T22:10:51.3880479Z [36;1mpip install keepa==1.3.15 minio==7.1.15[0m
2025-08-18T22:10:51.3922823Z shell: /usr/bin/bash -e {0}
2025-08-18T22:10:51.3923055Z env:
2025-08-18T22:10:51.3923236Z   PG_USER: postgres
2025-08-18T22:10:51.3923437Z   PG_PASSWORD: pass
2025-08-18T22:10:51.3923631Z   PG_DATABASE: awa
2025-08-18T22:10:51.3924019Z   PG_HOST: localhost
2025-08-18T22:10:51.3924214Z   PG_PORT: 5432
2025-08-18T22:10:51.3924691Z   PG_SYNC_DSN: ***localhost:5432/awa
2025-08-18T22:10:51.3925089Z   PG_ASYNC_DSN: ***localhost:5432/awa
2025-08-18T22:10:51.3925479Z   DATABASE_URL: ***localhost:5432/awa
2025-08-18T22:10:51.3925719Z   DATA_DIR: /tmp/awa-data
2025-08-18T22:10:51.3925941Z   ENABLE_LIVE: 0
2025-08-18T22:10:51.3926124Z   TESTING: 1
2025-08-18T22:10:51.3926359Z   pythonLocation: /opt/hostedtoolcache/Python/3.11.13/x64
2025-08-18T22:10:51.3926795Z   PKG_CONFIG_PATH: /opt/hostedtoolcache/Python/3.11.13/x64/lib/pkgconfig
2025-08-18T22:10:51.3927190Z   Python_ROOT_DIR: /opt/hostedtoolcache/Python/3.11.13/x64
2025-08-18T22:10:51.3927536Z   Python2_ROOT_DIR: /opt/hostedtoolcache/Python/3.11.13/x64
2025-08-18T22:10:51.3927894Z   Python3_ROOT_DIR: /opt/hostedtoolcache/Python/3.11.13/x64
2025-08-18T22:10:51.3928252Z   LD_LIBRARY_PATH: /opt/hostedtoolcache/Python/3.11.13/x64/lib
2025-08-18T22:10:51.3928547Z ##[endgroup]
2025-08-18T22:10:51.8797422Z Collecting Jinja2==3.1.6 (from -r requirements-dev.txt (line 2))
2025-08-18T22:10:51.8813075Z   Using cached jinja2-3.1.6-py3-none-any.whl.metadata (2.9 kB)
2025-08-18T22:10:51.9026989Z Collecting alembic==1.13.1 (from -r requirements-dev.txt (line 3))
2025-08-18T22:10:51.9041939Z   Using cached alembic-1.13.1-py3-none-any.whl.metadata (7.4 kB)
2025-08-18T22:10:51.9195395Z Collecting apscheduler==3.10.4 (from -r requirements-dev.txt (line 4))
2025-08-18T22:10:51.9209915Z   Using cached APScheduler-3.10.4-py3-none-any.whl.metadata (5.7 kB)
2025-08-18T22:10:51.9344384Z Collecting asgi-correlation-id==4.3.1 (from -r requirements-dev.txt (line 5))
2025-08-18T22:10:51.9359189Z   Using cached asgi_correlation_id-4.3.1-py3-none-any.whl.metadata (28 kB)
2025-08-18T22:10:51.9845200Z Collecting asyncpg==0.30.0 (from -r requirements-dev.txt (line 6))
2025-08-18T22:10:51.9859126Z   Using cached asyncpg-0.30.0-cp311-cp311-manylinux_2_17_x86_64.manylinux2014_x86_64.whl.metadata (5.0 kB)
2025-08-18T22:10:52.0268358Z Collecting black==25.1.0 (from -r requirements-dev.txt (line 7))
2025-08-18T22:10:52.0281959Z   Using cached black-25.1.0-cp311-cp311-manylinux_2_17_x86_64.manylinux2014_x86_64.manylinux_2_28_x86_64.whl.metadata (81 kB)
2025-08-18T22:10:52.3402273Z Collecting boto3 (from -r requirements-dev.txt (line 8))
2025-08-18T22:10:52.3739847Z   Downloading boto3-1.40.12-py3-none-any.whl.metadata (6.7 kB)
2025-08-18T22:10:52.4021206Z Collecting redis==5.* (from -r requirements-dev.txt (line 9))
2025-08-18T22:10:52.4034689Z   Using cached redis-5.3.1-py3-none-any.whl.metadata (9.2 kB)
2025-08-18T22:10:52.4310347Z Collecting minio==7.* (from -r requirements-dev.txt (line 10))
2025-08-18T22:10:52.4323337Z   Using cached minio-7.2.16-py3-none-any.whl.metadata (6.5 kB)
2025-08-18T22:10:52.4593965Z Collecting celery==5.4.0 (from -r requirements-dev.txt (line 11))
2025-08-18T22:10:52.4607555Z   Using cached celery-5.4.0-py3-none-any.whl.metadata (21 kB)
2025-08-18T22:10:52.5128636Z Collecting fastapi==0.116.1 (from -r requirements-dev.txt (line 12))
2025-08-18T22:10:52.5142304Z   Using cached fastapi-0.116.1-py3-none-any.whl.metadata (28 kB)
2025-08-18T22:10:52.5275828Z Collecting fastapi-limiter==0.1.6 (from -r requirements-dev.txt (line 14))
2025-08-18T22:10:52.5289434Z   Using cached fastapi_limiter-0.1.6-py3-none-any.whl.metadata (5.3 kB)
2025-08-18T22:10:52.5461801Z Collecting httpx<0.29,>=0.27 (from -r requirements-dev.txt (line 15))
2025-08-18T22:10:52.5475442Z   Using cached httpx-0.28.1-py3-none-any.whl.metadata (7.1 kB)
2025-08-18T22:10:52.5580216Z Collecting imapclient==3.0.1 (from -r requirements-dev.txt (line 16))
2025-08-18T22:10:52.5593543Z   Using cached IMAPClient-3.0.1-py2.py3-none-any.whl.metadata (1.7 kB)
2025-08-18T22:10:52.5681447Z Collecting itsdangerous (from -r requirements-dev.txt (line 17))
2025-08-18T22:10:52.5695128Z   Using cached itsdangerous-2.2.0-py3-none-any.whl.metadata (1.9 kB)
2025-08-18T22:10:52.6754676Z Collecting mypy==1.* (from -r requirements-dev.txt (line 18))
2025-08-18T22:10:52.6770125Z   Using cached mypy-1.17.1-cp311-cp311-manylinux2014_x86_64.manylinux_2_17_x86_64.manylinux_2_28_x86_64.whl.metadata (2.2 kB)
2025-08-18T22:10:52.6871658Z Collecting mypy-extensions==1.1.0 (from -r requirements-dev.txt (line 19))
2025-08-18T22:10:52.6885636Z   Using cached mypy_extensions-1.1.0-py3-none-any.whl.metadata (1.1 kB)
2025-08-18T22:10:52.8408135Z Collecting numpy<2 (from -r requirements-dev.txt (line 20))
2025-08-18T22:10:52.8422582Z   Using cached numpy-1.26.4-cp311-cp311-manylinux_2_17_x86_64.manylinux2014_x86_64.whl.metadata (61 kB)
2025-08-18T22:10:52.8646403Z Collecting openpyxl==3.1.5 (from -r requirements-dev.txt (line 21))
2025-08-18T22:10:52.8659636Z   Using cached openpyxl-3.1.5-py2.py3-none-any.whl.metadata (2.5 kB)
2025-08-18T22:10:52.9644687Z Collecting pandas==2.2.* (from -r requirements-dev.txt (line 22))
2025-08-18T22:10:52.9658431Z   Using cached pandas-2.2.3-cp311-cp311-manylinux_2_17_x86_64.manylinux2014_x86_64.whl.metadata (89 kB)
2025-08-18T22:10:53.0492623Z Collecting psycopg2-binary==2.9.9 (from -r requirements-dev.txt (line 23))
2025-08-18T22:10:53.0506394Z   Using cached psycopg2_binary-2.9.9-cp311-cp311-manylinux_2_17_x86_64.manylinux2014_x86_64.whl.metadata (4.4 kB)
2025-08-18T22:10:53.0648965Z Collecting psycopg==3.2.9 (from psycopg[binary]==3.2.9->-r requirements-dev.txt (line 24))
2025-08-18T22:10:53.0662652Z   Using cached psycopg-3.2.9-py3-none-any.whl.metadata (4.5 kB)
2025-08-18T22:10:53.1901735Z Collecting pydantic==2.11.7 (from -r requirements-dev.txt (line 25))
2025-08-18T22:10:53.1916874Z   Using cached pydantic-2.11.7-py3-none-any.whl.metadata (67 kB)
2025-08-18T22:10:53.1954746Z Requirement already satisfied: setuptools in /opt/hostedtoolcache/Python/3.11.13/x64/lib/python3.11/site-packages (from -r requirements-dev.txt (line 26)) (65.5.0)
2025-08-18T22:10:53.2094539Z Collecting pytest-asyncio==0.23.6 (from -r requirements-dev.txt (line 27))
2025-08-18T22:10:53.2107560Z   Using cached pytest_asyncio-0.23.6-py3-none-any.whl.metadata (3.9 kB)
2025-08-18T22:10:53.2239907Z Collecting pytest-cov==6.2.1 (from -r requirements-dev.txt (line 28))
2025-08-18T22:10:53.2252797Z   Using cached pytest_cov-6.2.1-py3-none-any.whl.metadata (30 kB)
2025-08-18T22:10:53.2389671Z Collecting pytest-postgresql==7.0.2 (from -r requirements-dev.txt (line 29))
2025-08-18T22:10:53.2402496Z   Using cached pytest_postgresql-7.0.2-py3-none-any.whl.metadata (18 kB)
2025-08-18T22:10:53.2549275Z Collecting python-dotenv (from -r requirements-dev.txt (line 30))
2025-08-18T22:10:53.2562562Z   Using cached python_dotenv-1.1.1-py3-none-any.whl.metadata (24 kB)
2025-08-18T22:10:53.2672819Z Collecting python-multipart (from -r requirements-dev.txt (line 31))
2025-08-18T22:10:53.2686233Z   Using cached python_multipart-0.0.20-py3-none-any.whl.metadata (1.8 kB)
2025-08-18T22:10:53.2939372Z Collecting python-telegram-bot==22.2 (from -r requirements-dev.txt (line 32))
2025-08-18T22:10:53.2952670Z   Using cached python_telegram_bot-22.2-py3-none-any.whl.metadata (17 kB)
2025-08-18T22:10:53.3215912Z Collecting requests==2.32.4 (from -r requirements-dev.txt (line 33))
2025-08-18T22:10:53.3229358Z   Using cached requests-2.32.4-py3-none-any.whl.metadata (4.9 kB)
2025-08-18T22:10:53.3365068Z Collecting respx==0.22.0 (from -r requirements-dev.txt (line 34))
2025-08-18T22:10:53.3377989Z   Using cached respx-0.22.0-py2.py3-none-any.whl.metadata (4.1 kB)
2025-08-18T22:10:53.6752405Z Collecting ruff==0.4.4 (from -r requirements-dev.txt (line 35))
2025-08-18T22:10:53.6768659Z   Using cached ruff-0.4.4-py3-none-manylinux_2_17_x86_64.manylinux2014_x86_64.whl.metadata (23 kB)
2025-08-18T22:10:53.9179055Z Collecting sqlalchemy==2.0.29 (from -r requirements-dev.txt (line 36))
2025-08-18T22:10:53.9195289Z   Using cached SQLAlchemy-2.0.29-cp311-cp311-manylinux_2_17_x86_64.manylinux2014_x86_64.whl.metadata (9.6 kB)
2025-08-18T22:10:53.9387079Z Collecting structlog==24.1.0 (from -r requirements-dev.txt (line 37))
2025-08-18T22:10:53.9400320Z   Using cached structlog-24.1.0-py3-none-any.whl.metadata (6.9 kB)
2025-08-18T22:10:53.9557976Z Collecting testcontainers==4.10.0 (from testcontainers[postgres]==4.10.0->-r requirements-dev.txt (line 38))
2025-08-18T22:10:53.9570752Z   Using cached testcontainers-4.10.0-py3-none-any.whl.metadata (7.8 kB)
2025-08-18T22:10:53.9896296Z Collecting types-requests==2.32.0.20240602 (from -r requirements-dev.txt (line 39))
2025-08-18T22:10:53.9909964Z   Using cached types_requests-2.32.0.20240602-py3-none-any.whl.metadata (1.8 kB)
2025-08-18T22:10:54.0025266Z Collecting docspec-python==2.2.2 (from -r requirements-dev.txt (line 40))
2025-08-18T22:10:54.0038049Z   Using cached docspec_python-2.2.2-py3-none-any.whl.metadata (1.0 kB)
2025-08-18T22:10:54.0175686Z Collecting pydoc-markdown==4.8.2 (from -r requirements-dev.txt (line 41))
2025-08-18T22:10:54.0188606Z   Using cached pydoc_markdown-4.8.2-py3-none-any.whl.metadata (5.9 kB)
2025-08-18T22:10:54.0446072Z Collecting pandera==0.19.* (from -r requirements-dev.txt (line 42))
2025-08-18T22:10:54.0459490Z   Using cached pandera-0.19.3-py3-none-any.whl.metadata (15 kB)
2025-08-18T22:10:54.1458675Z Collecting MarkupSafe>=2.0 (from Jinja2==3.1.6->-r requirements-dev.txt (line 2))
2025-08-18T22:10:54.1495545Z   Using cached MarkupSafe-3.0.2-cp311-cp311-manylinux_2_17_x86_64.manylinux2014_x86_64.whl.metadata (4.0 kB)
2025-08-18T22:10:54.1706738Z Collecting Mako (from alembic==1.13.1->-r requirements-dev.txt (line 3))
2025-08-18T22:10:54.1720112Z   Using cached mako-1.3.10-py3-none-any.whl.metadata (2.9 kB)
2025-08-18T22:10:54.1878790Z Collecting typing-extensions>=4 (from alembic==1.13.1->-r requirements-dev.txt (line 3))
2025-08-18T22:10:54.1891947Z   Using cached typing_extensions-4.14.1-py3-none-any.whl.metadata (3.0 kB)
2025-08-18T22:10:54.2022325Z Collecting six>=1.4.0 (from apscheduler==3.10.4->-r requirements-dev.txt (line 4))
2025-08-18T22:10:54.2035520Z   Using cached six-1.17.0-py2.py3-none-any.whl.metadata (1.7 kB)
2025-08-18T22:10:54.2345411Z Collecting pytz (from apscheduler==3.10.4->-r requirements-dev.txt (line 4))
2025-08-18T22:10:54.2358851Z   Using cached pytz-2025.2-py2.py3-none-any.whl.metadata (22 kB)
2025-08-18T22:10:54.2501912Z Collecting tzlocal!=3.*,>=2.0 (from apscheduler==3.10.4->-r requirements-dev.txt (line 4))
2025-08-18T22:10:54.2515023Z   Using cached tzlocal-5.3.1-py3-none-any.whl.metadata (7.6 kB)
2025-08-18T22:10:54.2800615Z Collecting starlette>=0.18 (from asgi-correlation-id==4.3.1->-r requirements-dev.txt (line 5))
2025-08-18T22:10:54.2813912Z   Using cached starlette-0.47.2-py3-none-any.whl.metadata (6.2 kB)
2025-08-18T22:10:54.2984369Z Collecting click>=8.0.0 (from black==25.1.0->-r requirements-dev.txt (line 7))
2025-08-18T22:10:54.2997474Z   Using cached click-8.2.1-py3-none-any.whl.metadata (2.5 kB)
2025-08-18T22:10:54.3145175Z Collecting packaging>=22.0 (from black==25.1.0->-r requirements-dev.txt (line 7))
2025-08-18T22:10:54.3158148Z   Using cached packaging-25.0-py3-none-any.whl.metadata (3.3 kB)
2025-08-18T22:10:54.3268329Z Collecting pathspec>=0.9.0 (from black==25.1.0->-r requirements-dev.txt (line 7))
2025-08-18T22:10:54.3286736Z   Using cached pathspec-0.12.1-py3-none-any.whl.metadata (21 kB)
2025-08-18T22:10:54.3514508Z Collecting platformdirs>=2 (from black==25.1.0->-r requirements-dev.txt (line 7))
2025-08-18T22:10:54.3531770Z   Using cached platformdirs-4.3.8-py3-none-any.whl.metadata (12 kB)
2025-08-18T22:10:54.3734672Z Collecting billiard<5.0,>=4.2.0 (from celery==5.4.0->-r requirements-dev.txt (line 11))
2025-08-18T22:10:54.3748191Z   Using cached billiard-4.2.1-py3-none-any.whl.metadata (4.4 kB)
2025-08-18T22:10:54.4013491Z Collecting kombu<6.0,>=5.3.4 (from celery==5.4.0->-r requirements-dev.txt (line 11))
2025-08-18T22:10:54.4027138Z   Using cached kombu-5.5.4-py3-none-any.whl.metadata (3.5 kB)
2025-08-18T22:10:54.4180049Z Collecting vine<6.0,>=5.1.0 (from celery==5.4.0->-r requirements-dev.txt (line 11))
2025-08-18T22:10:54.4193452Z   Using cached vine-5.1.0-py3-none-any.whl.metadata (2.7 kB)
2025-08-18T22:10:54.4326745Z Collecting click-didyoumean>=0.3.0 (from celery==5.4.0->-r requirements-dev.txt (line 11))
2025-08-18T22:10:54.4340227Z   Using cached click_didyoumean-0.3.1-py3-none-any.whl.metadata (3.9 kB)
2025-08-18T22:10:54.4429008Z Collecting click-repl>=0.2.0 (from celery==5.4.0->-r requirements-dev.txt (line 11))
2025-08-18T22:10:54.4442301Z   Using cached click_repl-0.3.0-py3-none-any.whl.metadata (3.6 kB)
2025-08-18T22:10:54.4525518Z Collecting click-plugins>=1.1.1 (from celery==5.4.0->-r requirements-dev.txt (line 11))
2025-08-18T22:10:54.4540049Z   Using cached click_plugins-1.1.1.2-py2.py3-none-any.whl.metadata (6.5 kB)
2025-08-18T22:10:54.4660753Z Collecting tzdata>=2022.7 (from celery==5.4.0->-r requirements-dev.txt (line 11))
2025-08-18T22:10:54.4674399Z   Using cached tzdata-2025.2-py2.py3-none-any.whl.metadata (1.4 kB)
2025-08-18T22:10:54.4777834Z Collecting python-dateutil>=2.8.2 (from celery==5.4.0->-r requirements-dev.txt (line 11))
2025-08-18T22:10:54.4791429Z   Using cached python_dateutil-2.9.0.post0-py2.py3-none-any.whl.metadata (8.4 kB)
2025-08-18T22:10:54.5135965Z Collecting annotated-types>=0.6.0 (from pydantic==2.11.7->-r requirements-dev.txt (line 25))
2025-08-18T22:10:54.5149508Z   Using cached annotated_types-0.7.0-py3-none-any.whl.metadata (15 kB)
2025-08-18T22:10:55.1590564Z Collecting pydantic-core==2.33.2 (from pydantic==2.11.7->-r requirements-dev.txt (line 25))
2025-08-18T22:10:55.1606839Z   Using cached pydantic_core-2.33.2-cp311-cp311-manylinux_2_17_x86_64.manylinux2014_x86_64.whl.metadata (6.8 kB)
2025-08-18T22:10:55.1728368Z Collecting typing-inspection>=0.4.0 (from pydantic==2.11.7->-r requirements-dev.txt (line 25))
2025-08-18T22:10:55.1741941Z   Using cached typing_inspection-0.4.1-py3-none-any.whl.metadata (2.6 kB)
2025-08-18T22:10:55.1984587Z Collecting et-xmlfile (from openpyxl==3.1.5->-r requirements-dev.txt (line 21))
2025-08-18T22:10:55.1998222Z   Using cached et_xmlfile-2.0.0-py3-none-any.whl.metadata (2.7 kB)
2025-08-18T22:10:55.2407029Z Collecting pytest<9,>=7.0.0 (from pytest-asyncio==0.23.6->-r requirements-dev.txt (line 27))
2025-08-18T22:10:55.2420578Z   Using cached pytest-8.4.1-py3-none-any.whl.metadata (7.7 kB)
2025-08-18T22:10:55.5369110Z Collecting coverage>=7.5 (from coverage[toml]>=7.5->pytest-cov==6.2.1->-r requirements-dev.txt (line 28))
2025-08-18T22:10:55.5385066Z   Using cached coverage-7.10.4-cp311-cp311-manylinux1_x86_64.manylinux_2_28_x86_64.manylinux_2_5_x86_64.whl.metadata (8.9 kB)
2025-08-18T22:10:55.5508151Z Collecting pluggy>=1.2 (from pytest-cov==6.2.1->-r requirements-dev.txt (line 28))
2025-08-18T22:10:55.5521622Z   Using cached pluggy-1.6.0-py3-none-any.whl.metadata (4.8 kB)
2025-08-18T22:10:55.6534136Z Collecting port-for>=0.7.3 (from pytest-postgresql==7.0.2->-r requirements-dev.txt (line 29))
2025-08-18T22:10:55.6547576Z   Using cached port_for-0.7.4-py3-none-any.whl.metadata (7.1 kB)
2025-08-18T22:10:55.6673453Z Collecting mirakuru>=2.6.0 (from pytest-postgresql==7.0.2->-r requirements-dev.txt (line 29))
2025-08-18T22:10:55.6687301Z   Using cached mirakuru-2.6.1-py3-none-any.whl.metadata (10 kB)
2025-08-18T22:10:55.7479266Z Collecting charset_normalizer<4,>=2 (from requests==2.32.4->-r requirements-dev.txt (line 33))
2025-08-18T22:10:55.7493167Z   Using cached charset_normalizer-3.4.3-cp311-cp311-manylinux2014_x86_64.manylinux_2_17_x86_64.manylinux_2_28_x86_64.whl.metadata (36 kB)
2025-08-18T22:10:55.7624573Z Collecting idna<4,>=2.5 (from requests==2.32.4->-r requirements-dev.txt (line 33))
2025-08-18T22:10:55.7637922Z   Using cached idna-3.10-py3-none-any.whl.metadata (10 kB)
2025-08-18T22:10:55.7880952Z Collecting urllib3<3,>=1.21.1 (from requests==2.32.4->-r requirements-dev.txt (line 33))
2025-08-18T22:10:55.7893961Z   Using cached urllib3-2.5.0-py3-none-any.whl.metadata (6.5 kB)
2025-08-18T22:10:55.8076421Z Collecting certifi>=2017.4.17 (from requests==2.32.4->-r requirements-dev.txt (line 33))
2025-08-18T22:10:55.8089541Z   Using cached certifi-2025.8.3-py3-none-any.whl.metadata (2.4 kB)
2025-08-18T22:10:55.9369483Z Collecting greenlet!=0.4.17 (from sqlalchemy==2.0.29->-r requirements-dev.txt (line 36))
2025-08-18T22:10:55.9384067Z   Using cached greenlet-3.2.4-cp311-cp311-manylinux_2_24_x86_64.manylinux_2_28_x86_64.whl.metadata (4.1 kB)
2025-08-18T22:10:55.9590145Z Collecting docker (from testcontainers==4.10.0->testcontainers[postgres]==4.10.0->-r requirements-dev.txt (line 38))
2025-08-18T22:10:55.9603146Z   Using cached docker-7.1.0-py3-none-any.whl.metadata (3.8 kB)
2025-08-18T22:10:56.0470793Z Collecting wrapt (from testcontainers==4.10.0->testcontainers[postgres]==4.10.0->-r requirements-dev.txt (line 38))
2025-08-18T22:10:56.0484514Z   Using cached wrapt-1.17.3-cp311-cp311-manylinux1_x86_64.manylinux_2_28_x86_64.manylinux_2_5_x86_64.whl.metadata (6.4 kB)
2025-08-18T22:10:56.0714598Z Collecting docspec==2.2.1 (from docspec-python==2.2.2->-r requirements-dev.txt (line 40))
2025-08-18T22:10:56.0727417Z   Using cached docspec-2.2.1-py3-none-any.whl.metadata (1.5 kB)
2025-08-18T22:10:56.0870300Z Collecting nr-util>=0.8.12 (from docspec-python==2.2.2->-r requirements-dev.txt (line 40))
2025-08-18T22:10:56.0882928Z   Using cached nr.util-0.8.12-py3-none-any.whl.metadata (813 bytes)
2025-08-18T22:10:56.1224690Z Collecting PyYAML<7.0,>=5.0 (from pydoc-markdown==4.8.2->-r requirements-dev.txt (line 41))
2025-08-18T22:10:56.1237912Z   Using cached PyYAML-6.0.2-cp311-cp311-manylinux_2_17_x86_64.manylinux2014_x86_64.whl.metadata (2.1 kB)
2025-08-18T22:10:56.1474264Z Collecting databind.core<5.0.0,>=4.4.0 (from pydoc-markdown==4.8.2->-r requirements-dev.txt (line 41))
2025-08-18T22:10:56.1486993Z   Using cached databind.core-4.5.2-py3-none-any.whl.metadata (1.1 kB)
2025-08-18T22:10:56.1666494Z Collecting databind.json<5.0.0,>=4.4.0 (from pydoc-markdown==4.8.2->-r requirements-dev.txt (line 41))
2025-08-18T22:10:56.1679231Z   Using cached databind.json-4.5.2-py3-none-any.whl.metadata (1.1 kB)
2025-08-18T22:10:56.1804372Z Collecting docstring-parser<0.12,>=0.11 (from pydoc-markdown==4.8.2->-r requirements-dev.txt (line 41))
2025-08-18T22:10:56.1805391Z   Using cached docstring_parser-0.11-py3-none-any.whl
2025-08-18T22:10:56.2108733Z Collecting tomli<3.0.0,>=2.0.0 (from pydoc-markdown==4.8.2->-r requirements-dev.txt (line 41))
2025-08-18T22:10:56.2122047Z   Using cached tomli-2.2.1-cp311-cp311-manylinux_2_17_x86_64.manylinux2014_x86_64.whl.metadata (11 kB)
2025-08-18T22:10:56.2214373Z Collecting tomli_w<2.0.0,>=1.0.0 (from pydoc-markdown==4.8.2->-r requirements-dev.txt (line 41))
2025-08-18T22:10:56.2227209Z   Using cached tomli_w-1.2.0-py3-none-any.whl.metadata (5.7 kB)
2025-08-18T22:10:56.2639824Z Collecting watchdog (from pydoc-markdown==4.8.2->-r requirements-dev.txt (line 41))
2025-08-18T22:10:56.2653401Z   Using cached watchdog-6.0.0-py3-none-manylinux2014_x86_64.whl.metadata (44 kB)
2025-08-18T22:10:56.2831044Z Collecting yapf>=0.30.0 (from pydoc-markdown==4.8.2->-r requirements-dev.txt (line 41))
2025-08-18T22:10:56.2843629Z   Using cached yapf-0.43.0-py3-none-any.whl.metadata (46 kB)
2025-08-18T22:10:56.3004410Z Collecting Deprecated<2.0.0,>=1.2.12 (from docspec==2.2.1->docspec-python==2.2.2->-r requirements-dev.txt (line 40))
2025-08-18T22:10:56.3017249Z   Using cached Deprecated-1.2.18-py2.py3-none-any.whl.metadata (5.7 kB)
2025-08-18T22:10:56.4477777Z Collecting psycopg-binary==3.2.9 (from psycopg[binary]==3.2.9->-r requirements-dev.txt (line 24))
2025-08-18T22:10:56.4492462Z   Using cached psycopg_binary-3.2.9-cp311-cp311-manylinux_2_17_x86_64.manylinux2014_x86_64.whl.metadata (2.9 kB)
2025-08-18T22:10:56.4737472Z Collecting PyJWT>=2.9.0 (from redis==5.*->-r requirements-dev.txt (line 9))
2025-08-18T22:10:56.4750986Z   Using cached PyJWT-2.10.1-py3-none-any.whl.metadata (4.0 kB)
2025-08-18T22:10:56.4959122Z Collecting argon2-cffi (from minio==7.*->-r requirements-dev.txt (line 10))
2025-08-18T22:10:56.4971676Z   Using cached argon2_cffi-25.1.0-py3-none-any.whl.metadata (4.1 kB)
2025-08-18T22:10:56.5703398Z Collecting pycryptodome (from minio==7.*->-r requirements-dev.txt (line 10))
2025-08-18T22:10:56.5717538Z   Using cached pycryptodome-3.23.0-cp37-abi3-manylinux_2_17_x86_64.manylinux2014_x86_64.whl.metadata (3.4 kB)
2025-08-18T22:10:56.5892127Z Collecting anyio (from httpx<0.29,>=0.27->-r requirements-dev.txt (line 15))
2025-08-18T22:10:56.5905209Z   Using cached anyio-4.10.0-py3-none-any.whl.metadata (4.0 kB)
2025-08-18T22:10:56.6073441Z Collecting httpcore==1.* (from httpx<0.29,>=0.27->-r requirements-dev.txt (line 15))
2025-08-18T22:10:56.6086523Z   Using cached httpcore-1.0.9-py3-none-any.whl.metadata (21 kB)
2025-08-18T22:10:56.6418836Z Collecting multimethod<=1.10.0 (from pandera==0.19.*->-r requirements-dev.txt (line 42))
2025-08-18T22:10:56.6431528Z   Using cached multimethod-1.10-py3-none-any.whl.metadata (8.2 kB)
2025-08-18T22:10:56.6779039Z Collecting typeguard (from pandera==0.19.*->-r requirements-dev.txt (line 42))
2025-08-18T22:10:56.6791875Z   Using cached typeguard-4.4.4-py3-none-any.whl.metadata (3.3 kB)
2025-08-18T22:10:56.6890881Z Collecting typing-inspect>=0.6.0 (from pandera==0.19.*->-r requirements-dev.txt (line 42))
2025-08-18T22:10:56.6903501Z   Using cached typing_inspect-0.9.0-py3-none-any.whl.metadata (1.5 kB)
2025-08-18T22:10:56.8090809Z Collecting databind<5.0.0,>=4.5.2 (from databind.core<5.0.0,>=4.4.0->pydoc-markdown==4.8.2->-r requirements-dev.txt (line 41))
2025-08-18T22:10:56.8103967Z   Using cached databind-4.5.2-py3-none-any.whl.metadata (4.3 kB)
2025-08-18T22:10:56.8220136Z Collecting nr-date<3.0.0,>=2.0.0 (from databind<5.0.0,>=4.5.2->databind.core<5.0.0,>=4.4.0->pydoc-markdown==4.8.2->-r requirements-dev.txt (line 41))
2025-08-18T22:10:56.8232826Z   Using cached nr_date-2.1.0-py3-none-any.whl.metadata (746 bytes)
2025-08-18T22:10:56.8353066Z Collecting nr-stream<2.0.0,>=1.0.0 (from databind<5.0.0,>=4.5.2->databind.core<5.0.0,>=4.4.0->pydoc-markdown==4.8.2->-r requirements-dev.txt (line 41))
2025-08-18T22:10:56.8365956Z   Using cached nr_stream-1.1.5-py3-none-any.whl.metadata (3.6 kB)
2025-08-18T22:10:56.8509441Z Collecting typeapi<3,>=2.0.1 (from databind<5.0.0,>=4.5.2->databind.core<5.0.0,>=4.4.0->pydoc-markdown==4.8.2->-r requirements-dev.txt (line 41))
2025-08-18T22:10:56.8522241Z   Using cached typeapi-2.2.4-py3-none-any.whl.metadata (1.5 kB)
2025-08-18T22:10:56.8799612Z Collecting h11>=0.16 (from httpcore==1.*->httpx<0.29,>=0.27->-r requirements-dev.txt (line 15))
2025-08-18T22:10:56.8815103Z   Using cached h11-0.16.0-py3-none-any.whl.metadata (8.3 kB)
2025-08-18T22:10:56.9004355Z Collecting amqp<6.0.0,>=5.1.1 (from kombu<6.0,>=5.3.4->celery==5.4.0->-r requirements-dev.txt (line 11))
2025-08-18T22:10:56.9017405Z   Using cached amqp-5.3.1-py3-none-any.whl.metadata (8.9 kB)
2025-08-18T22:10:56.9417417Z Collecting iniconfig>=1 (from pytest<9,>=7.0.0->pytest-asyncio==0.23.6->-r requirements-dev.txt (line 27))
2025-08-18T22:10:56.9430553Z   Using cached iniconfig-2.1.0-py3-none-any.whl.metadata (2.7 kB)
2025-08-18T22:10:56.9772389Z Collecting pygments>=2.7.2 (from pytest<9,>=7.0.0->pytest-asyncio==0.23.6->-r requirements-dev.txt (line 27))
2025-08-18T22:10:56.9785256Z   Using cached pygments-2.19.2-py3-none-any.whl.metadata (2.5 kB)
2025-08-18T22:10:57.0066917Z Collecting sniffio>=1.1 (from anyio->httpx<0.29,>=0.27->-r requirements-dev.txt (line 15))
2025-08-18T22:10:57.0080164Z   Using cached sniffio-1.3.1-py3-none-any.whl.metadata (3.9 kB)
2025-08-18T22:10:57.3727663Z Collecting botocore<1.41.0,>=1.40.12 (from boto3->-r requirements-dev.txt (line 8))
2025-08-18T22:10:57.3843981Z   Downloading botocore-1.40.12-py3-none-any.whl.metadata (5.7 kB)
2025-08-18T22:10:57.3974018Z Collecting jmespath<2.0.0,>=0.7.1 (from boto3->-r requirements-dev.txt (line 8))
2025-08-18T22:10:57.3987589Z   Using cached jmespath-1.0.1-py3-none-any.whl.metadata (7.6 kB)
2025-08-18T22:10:57.4143504Z Collecting s3transfer<0.14.0,>=0.13.0 (from boto3->-r requirements-dev.txt (line 8))
2025-08-18T22:10:57.4156782Z   Using cached s3transfer-0.13.1-py3-none-any.whl.metadata (1.7 kB)
2025-08-18T22:10:57.5470794Z Collecting fastapi-cli>=0.0.8 (from fastapi-cli[standard]>=0.0.8; extra == "all"->fastapi[all]->-r requirements-dev.txt (line 13))
2025-08-18T22:10:57.5484026Z   Using cached fastapi_cli-0.0.8-py3-none-any.whl.metadata (6.3 kB)
2025-08-18T22:10:57.6124494Z Collecting ujson!=4.0.2,!=4.1.0,!=4.2.0,!=4.3.0,!=5.0.0,!=5.1.0,>=4.0.1 (from fastapi[all]->-r requirements-dev.txt (line 13))
2025-08-18T22:10:57.6138000Z   Using cached ujson-5.10.0-cp311-cp311-manylinux_2_17_x86_64.manylinux2014_x86_64.whl.metadata (9.3 kB)
2025-08-18T22:10:57.8353250Z Collecting orjson>=3.2.1 (from fastapi[all]->-r requirements-dev.txt (line 13))
2025-08-18T22:10:57.8368983Z   Using cached orjson-3.11.2-cp311-cp311-manylinux_2_17_x86_64.manylinux2014_x86_64.whl.metadata (1.2 kB)
2025-08-18T22:10:57.8484203Z Collecting email-validator>=2.0.0 (from fastapi[all]->-r requirements-dev.txt (line 13))
2025-08-18T22:10:57.8497588Z   Using cached email_validator-2.2.0-py3-none-any.whl.metadata (25 kB)
2025-08-18T22:10:57.8754725Z Collecting uvicorn>=0.12.0 (from uvicorn[standard]>=0.12.0; extra == "all"->fastapi[all]->-r requirements-dev.txt (line 13))
2025-08-18T22:10:57.8768246Z   Using cached uvicorn-0.35.0-py3-none-any.whl.metadata (6.5 kB)
2025-08-18T22:10:57.8910737Z Collecting pydantic-settings>=2.0.0 (from fastapi[all]->-r requirements-dev.txt (line 13))
2025-08-18T22:10:57.8924503Z   Using cached pydantic_settings-2.10.1-py3-none-any.whl.metadata (3.4 kB)
2025-08-18T22:10:57.9040233Z Collecting pydantic-extra-types>=2.0.0 (from fastapi[all]->-r requirements-dev.txt (line 13))
2025-08-18T22:10:57.9054446Z   Using cached pydantic_extra_types-2.10.5-py3-none-any.whl.metadata (3.9 kB)
2025-08-18T22:10:57.9688913Z Collecting prompt-toolkit>=3.0.36 (from click-repl>=0.2.0->celery==5.4.0->-r requirements-dev.txt (line 11))
2025-08-18T22:10:57.9702599Z   Using cached prompt_toolkit-3.0.51-py3-none-any.whl.metadata (6.4 kB)
2025-08-18T22:10:57.9868562Z Collecting dnspython>=2.0.0 (from email-validator>=2.0.0->fastapi[all]->-r requirements-dev.txt (line 13))
2025-08-18T22:10:57.9881686Z   Using cached dnspython-2.7.0-py3-none-any.whl.metadata (5.8 kB)
2025-08-18T22:10:58.0143145Z Collecting typer>=0.15.1 (from fastapi-cli>=0.0.8->fastapi-cli[standard]>=0.0.8; extra == "all"->fastapi[all]->-r requirements-dev.txt (line 13))
2025-08-18T22:10:58.0179560Z   Downloading typer-0.16.1-py3-none-any.whl.metadata (15 kB)
2025-08-18T22:10:58.0429765Z Collecting rich-toolkit>=0.14.8 (from fastapi-cli>=0.0.8->fastapi-cli[standard]>=0.0.8; extra == "all"->fastapi[all]->-r requirements-dev.txt (line 13))
2025-08-18T22:10:58.0443158Z   Using cached rich_toolkit-0.15.0-py3-none-any.whl.metadata (1.0 kB)
2025-08-18T22:10:58.0542995Z Collecting fastapi-cloud-cli>=0.1.1 (from fastapi-cli[standard]>=0.0.8; extra == "all"->fastapi[all]->-r requirements-dev.txt (line 13))
2025-08-18T22:10:58.0556669Z   Using cached fastapi_cloud_cli-0.1.5-py3-none-any.whl.metadata (3.2 kB)
2025-08-18T22:10:58.1242671Z Collecting rignore>=0.5.1 (from fastapi-cloud-cli>=0.1.1->fastapi-cli[standard]>=0.0.8; extra == "all"->fastapi[all]->-r requirements-dev.txt (line 13))
2025-08-18T22:10:58.1256800Z   Using cached rignore-0.6.4-cp311-cp311-manylinux_2_17_x86_64.manylinux2014_x86_64.whl.metadata (3.8 kB)
2025-08-18T22:10:58.2965898Z Collecting sentry-sdk>=2.20.0 (from fastapi-cloud-cli>=0.1.1->fastapi-cli[standard]>=0.0.8; extra == "all"->fastapi[all]->-r requirements-dev.txt (line 13))
2025-08-18T22:10:58.2981393Z   Using cached sentry_sdk-2.35.0-py2.py3-none-any.whl.metadata (10 kB)
2025-08-18T22:10:58.3837327Z Collecting psutil>=4.0.0 (from mirakuru>=2.6.0->pytest-postgresql==7.0.2->-r requirements-dev.txt (line 29))
2025-08-18T22:10:58.3852779Z   Using cached psutil-7.0.0-cp36-abi3-manylinux_2_12_x86_64.manylinux2010_x86_64.manylinux_2_17_x86_64.manylinux2014_x86_64.whl.metadata (22 kB)
2025-08-18T22:10:58.4137579Z Collecting wcwidth (from prompt-toolkit>=3.0.36->click-repl>=0.2.0->celery==5.4.0->-r requirements-dev.txt (line 11))
2025-08-18T22:10:58.4150755Z   Using cached wcwidth-0.2.13-py2.py3-none-any.whl.metadata (14 kB)
2025-08-18T22:10:58.4911384Z Collecting rich>=13.7.1 (from rich-toolkit>=0.14.8->fastapi-cli>=0.0.8->fastapi-cli[standard]>=0.0.8; extra == "all"->fastapi[all]->-r requirements-dev.txt (line 13))
2025-08-18T22:10:58.4924714Z   Using cached rich-14.1.0-py3-none-any.whl.metadata (18 kB)
2025-08-18T22:10:58.5102992Z Collecting markdown-it-py>=2.2.0 (from rich>=13.7.1->rich-toolkit>=0.14.8->fastapi-cli>=0.0.8->fastapi-cli[standard]>=0.0.8; extra == "all"->fastapi[all]->-r requirements-dev.txt (line 13))
2025-08-18T22:10:58.5116517Z   Using cached markdown_it_py-4.0.0-py3-none-any.whl.metadata (7.3 kB)
2025-08-18T22:10:58.5293192Z Collecting mdurl~=0.1 (from markdown-it-py>=2.2.0->rich>=13.7.1->rich-toolkit>=0.14.8->fastapi-cli>=0.0.8->fastapi-cli[standard]>=0.0.8; extra == "all"->fastapi[all]->-r requirements-dev.txt (line 13))
2025-08-18T22:10:58.5306565Z   Using cached mdurl-0.1.2-py3-none-any.whl.metadata (1.6 kB)
2025-08-18T22:10:58.5734025Z Collecting shellingham>=1.3.0 (from typer>=0.15.1->fastapi-cli>=0.0.8->fastapi-cli[standard]>=0.0.8; extra == "all"->fastapi[all]->-r requirements-dev.txt (line 13))
2025-08-18T22:10:58.5747662Z   Using cached shellingham-1.5.4-py2.py3-none-any.whl.metadata (3.5 kB)
2025-08-18T22:10:58.6489234Z Collecting httptools>=0.6.3 (from uvicorn[standard]>=0.12.0; extra == "all"->fastapi[all]->-r requirements-dev.txt (line 13))
2025-08-18T22:10:58.6503552Z   Using cached httptools-0.6.4-cp311-cp311-manylinux_2_5_x86_64.manylinux1_x86_64.manylinux_2_17_x86_64.manylinux2014_x86_64.whl.metadata (3.6 kB)
2025-08-18T22:10:58.6879276Z Collecting uvloop>=0.15.1 (from uvicorn[standard]>=0.12.0; extra == "all"->fastapi[all]->-r requirements-dev.txt (line 13))
2025-08-18T22:10:58.6893191Z   Using cached uvloop-0.21.0-cp311-cp311-manylinux_2_17_x86_64.manylinux2014_x86_64.whl.metadata (4.9 kB)
2025-08-18T22:10:58.7570957Z Collecting watchfiles>=0.13 (from uvicorn[standard]>=0.12.0; extra == "all"->fastapi[all]->-r requirements-dev.txt (line 13))
2025-08-18T22:10:58.7584771Z   Using cached watchfiles-1.1.0-cp311-cp311-manylinux_2_17_x86_64.manylinux2014_x86_64.whl.metadata (4.9 kB)
2025-08-18T22:10:58.8380953Z Collecting websockets>=10.4 (from uvicorn[standard]>=0.12.0; extra == "all"->fastapi[all]->-r requirements-dev.txt (line 13))
2025-08-18T22:10:58.8394532Z   Using cached websockets-15.0.1-cp311-cp311-manylinux_2_5_x86_64.manylinux1_x86_64.manylinux_2_17_x86_64.manylinux2014_x86_64.whl.metadata (6.8 kB)
2025-08-18T22:10:58.8789920Z Collecting argon2-cffi-bindings (from argon2-cffi->minio==7.*->-r requirements-dev.txt (line 10))
2025-08-18T22:10:58.8803245Z   Using cached argon2_cffi_bindings-25.1.0-cp39-abi3-manylinux_2_26_x86_64.manylinux_2_28_x86_64.whl.metadata (7.4 kB)
2025-08-18T22:10:58.9760340Z Collecting cffi>=1.0.1 (from argon2-cffi-bindings->argon2-cffi->minio==7.*->-r requirements-dev.txt (line 10))
2025-08-18T22:10:58.9775034Z   Using cached cffi-1.17.1-cp311-cp311-manylinux_2_17_x86_64.manylinux2014_x86_64.whl.metadata (1.5 kB)
2025-08-18T22:10:58.9888961Z Collecting pycparser (from cffi>=1.0.1->argon2-cffi-bindings->argon2-cffi->minio==7.*->-r requirements-dev.txt (line 10))
2025-08-18T22:10:58.9907174Z   Using cached pycparser-2.22-py3-none-any.whl.metadata (943 bytes)
2025-08-18T22:10:59.0452301Z Using cached jinja2-3.1.6-py3-none-any.whl (134 kB)
2025-08-18T22:10:59.0467095Z Using cached alembic-1.13.1-py3-none-any.whl (233 kB)
2025-08-18T22:10:59.0482151Z Using cached APScheduler-3.10.4-py3-none-any.whl (59 kB)
2025-08-18T22:10:59.0496100Z Using cached asgi_correlation_id-4.3.1-py3-none-any.whl (15 kB)
2025-08-18T22:10:59.0509980Z Using cached asyncpg-0.30.0-cp311-cp311-manylinux_2_17_x86_64.manylinux2014_x86_64.whl (3.1 MB)
2025-08-18T22:10:59.0547995Z Using cached black-25.1.0-cp311-cp311-manylinux_2_17_x86_64.manylinux2014_x86_64.manylinux_2_28_x86_64.whl (1.7 MB)
2025-08-18T22:10:59.0574460Z Using cached celery-5.4.0-py3-none-any.whl (425 kB)
2025-08-18T22:10:59.0590606Z Using cached fastapi-0.116.1-py3-none-any.whl (95 kB)
2025-08-18T22:10:59.0604516Z Using cached pydantic-2.11.7-py3-none-any.whl (444 kB)
2025-08-18T22:10:59.0620874Z Using cached fastapi_limiter-0.1.6-py3-none-any.whl (15 kB)
2025-08-18T22:10:59.0634235Z Using cached IMAPClient-3.0.1-py2.py3-none-any.whl (182 kB)
2025-08-18T22:10:59.0648801Z Using cached mypy_extensions-1.1.0-py3-none-any.whl (5.0 kB)
2025-08-18T22:10:59.0662172Z Using cached openpyxl-3.1.5-py2.py3-none-any.whl (250 kB)
2025-08-18T22:10:59.0677650Z Using cached psycopg2_binary-2.9.9-cp311-cp311-manylinux_2_17_x86_64.manylinux2014_x86_64.whl (3.0 MB)
2025-08-18T22:10:59.0713213Z Using cached psycopg-3.2.9-py3-none-any.whl (202 kB)
2025-08-18T22:10:59.0728005Z Using cached pytest_asyncio-0.23.6-py3-none-any.whl (17 kB)
2025-08-18T22:10:59.0741322Z Using cached pytest_cov-6.2.1-py3-none-any.whl (24 kB)
2025-08-18T22:10:59.0754471Z Using cached pytest_postgresql-7.0.2-py3-none-any.whl (41 kB)
2025-08-18T22:10:59.0768321Z Using cached python_telegram_bot-22.2-py3-none-any.whl (708 kB)
2025-08-18T22:10:59.0786734Z Using cached requests-2.32.4-py3-none-any.whl (64 kB)
2025-08-18T22:10:59.0800095Z Using cached respx-0.22.0-py2.py3-none-any.whl (25 kB)
2025-08-18T22:10:59.0813626Z Using cached ruff-0.4.4-py3-none-manylinux_2_17_x86_64.manylinux2014_x86_64.whl (8.7 MB)
2025-08-18T22:10:59.0890174Z Using cached SQLAlchemy-2.0.29-cp311-cp311-manylinux_2_17_x86_64.manylinux2014_x86_64.whl (3.2 MB)
2025-08-18T22:10:59.0926484Z Using cached structlog-24.1.0-py3-none-any.whl (65 kB)
2025-08-18T22:10:59.0940072Z Using cached testcontainers-4.10.0-py3-none-any.whl (107 kB)
2025-08-18T22:10:59.0954205Z Using cached types_requests-2.32.0.20240602-py3-none-any.whl (15 kB)
2025-08-18T22:10:59.0967806Z Using cached docspec_python-2.2.2-py3-none-any.whl (15 kB)
2025-08-18T22:10:59.0981095Z Using cached pydoc_markdown-4.8.2-py3-none-any.whl (67 kB)
2025-08-18T22:10:59.0994772Z Using cached docspec-2.2.1-py3-none-any.whl (9.8 kB)
2025-08-18T22:10:59.1008424Z Using cached psycopg_binary-3.2.9-cp311-cp311-manylinux_2_17_x86_64.manylinux2014_x86_64.whl (4.5 MB)
2025-08-18T22:10:59.1055180Z Using cached pydantic_core-2.33.2-cp311-cp311-manylinux_2_17_x86_64.manylinux2014_x86_64.whl (2.0 MB)
2025-08-18T22:10:59.1082756Z Using cached redis-5.3.1-py3-none-any.whl (272 kB)
2025-08-18T22:10:59.1098450Z Using cached minio-7.2.16-py3-none-any.whl (95 kB)
2025-08-18T22:10:59.1112236Z Using cached httpx-0.28.1-py3-none-any.whl (73 kB)
2025-08-18T22:10:59.1126717Z Using cached mypy-1.17.1-cp311-cp311-manylinux2014_x86_64.manylinux_2_17_x86_64.manylinux_2_28_x86_64.whl (12.6 MB)
2025-08-18T22:10:59.1235486Z Using cached numpy-1.26.4-cp311-cp311-manylinux_2_17_x86_64.manylinux2014_x86_64.whl (18.3 MB)
2025-08-18T22:10:59.1382019Z Using cached pandas-2.2.3-cp311-cp311-manylinux_2_17_x86_64.manylinux2014_x86_64.whl (13.1 MB)
2025-08-18T22:10:59.1490970Z Using cached pandera-0.19.3-py3-none-any.whl (251 kB)
2025-08-18T22:10:59.1505851Z Using cached billiard-4.2.1-py3-none-any.whl (86 kB)
2025-08-18T22:10:59.1520154Z Using cached charset_normalizer-3.4.3-cp311-cp311-manylinux2014_x86_64.manylinux_2_17_x86_64.manylinux_2_28_x86_64.whl (150 kB)
2025-08-18T22:10:59.1534307Z Using cached click-8.2.1-py3-none-any.whl (102 kB)
2025-08-18T22:10:59.1548487Z Using cached databind.core-4.5.2-py3-none-any.whl (1.5 kB)
2025-08-18T22:10:59.1561915Z Using cached databind-4.5.2-py3-none-any.whl (49 kB)
2025-08-18T22:10:59.1575591Z Using cached databind.json-4.5.2-py3-none-any.whl (1.5 kB)
2025-08-18T22:10:59.1588892Z Using cached Deprecated-1.2.18-py2.py3-none-any.whl (10.0 kB)
2025-08-18T22:10:59.1602156Z Using cached httpcore-1.0.9-py3-none-any.whl (78 kB)
2025-08-18T22:10:59.1616086Z Using cached idna-3.10-py3-none-any.whl (70 kB)
2025-08-18T22:10:59.1629652Z Using cached kombu-5.5.4-py3-none-any.whl (210 kB)
2025-08-18T22:10:59.1644449Z Using cached vine-5.1.0-py3-none-any.whl (9.6 kB)
2025-08-18T22:10:59.1657662Z Using cached amqp-5.3.1-py3-none-any.whl (50 kB)
2025-08-18T22:10:59.1671132Z Using cached multimethod-1.10-py3-none-any.whl (9.9 kB)
2025-08-18T22:10:59.1684314Z Using cached nr_date-2.1.0-py3-none-any.whl (10 kB)
2025-08-18T22:10:59.1697901Z Using cached nr_stream-1.1.5-py3-none-any.whl (10 kB)
2025-08-18T22:10:59.1711136Z Using cached nr.util-0.8.12-py3-none-any.whl (90 kB)
2025-08-18T22:10:59.1725076Z Using cached pytest-8.4.1-py3-none-any.whl (365 kB)
2025-08-18T22:10:59.1740773Z Using cached pluggy-1.6.0-py3-none-any.whl (20 kB)
2025-08-18T22:10:59.1754630Z Using cached PyYAML-6.0.2-cp311-cp311-manylinux_2_17_x86_64.manylinux2014_x86_64.whl (762 kB)
2025-08-18T22:10:59.1773629Z Using cached starlette-0.47.2-py3-none-any.whl (72 kB)
2025-08-18T22:10:59.1787524Z Using cached anyio-4.10.0-py3-none-any.whl (107 kB)
2025-08-18T22:10:59.1801849Z Using cached tomli-2.2.1-cp311-cp311-manylinux_2_17_x86_64.manylinux2014_x86_64.whl (236 kB)
2025-08-18T22:10:59.1816582Z Using cached tomli_w-1.2.0-py3-none-any.whl (6.7 kB)
2025-08-18T22:10:59.1829916Z Using cached typeapi-2.2.4-py3-none-any.whl (26 kB)
2025-08-18T22:10:59.1843522Z Using cached typing_extensions-4.14.1-py3-none-any.whl (43 kB)
2025-08-18T22:10:59.1857278Z Using cached urllib3-2.5.0-py3-none-any.whl (129 kB)
2025-08-18T22:10:59.1871698Z Using cached wrapt-1.17.3-cp311-cp311-manylinux1_x86_64.manylinux_2_28_x86_64.manylinux_2_5_x86_64.whl (82 kB)
2025-08-18T22:10:59.1910655Z Downloading boto3-1.40.12-py3-none-any.whl (140 kB)
2025-08-18T22:10:59.2177434Z Downloading botocore-1.40.12-py3-none-any.whl (14.0 MB)
2025-08-18T22:10:59.3100826Z    ━━━━━━━━━━━━━━━━━━━━━━━━━━━━━━━━━━━━━━━━ 14.0/14.0 MB 161.7 MB/s  0:00:00
2025-08-18T22:10:59.3115941Z Using cached jmespath-1.0.1-py3-none-any.whl (20 kB)
2025-08-18T22:10:59.3130155Z Using cached python_dateutil-2.9.0.post0-py2.py3-none-any.whl (229 kB)
2025-08-18T22:10:59.3145599Z Using cached s3transfer-0.13.1-py3-none-any.whl (85 kB)
2025-08-18T22:10:59.3159563Z Using cached itsdangerous-2.2.0-py3-none-any.whl (16 kB)
2025-08-18T22:10:59.3173259Z Using cached python_dotenv-1.1.1-py3-none-any.whl (20 kB)
2025-08-18T22:10:59.3187270Z Using cached python_multipart-0.0.20-py3-none-any.whl (24 kB)
2025-08-18T22:10:59.3200963Z Using cached annotated_types-0.7.0-py3-none-any.whl (13 kB)
2025-08-18T22:10:59.3214460Z Using cached certifi-2025.8.3-py3-none-any.whl (161 kB)
2025-08-18T22:10:59.3229276Z Using cached click_didyoumean-0.3.1-py3-none-any.whl (3.6 kB)
2025-08-18T22:10:59.3242705Z Using cached click_plugins-1.1.1.2-py2.py3-none-any.whl (11 kB)
2025-08-18T22:10:59.3256313Z Using cached click_repl-0.3.0-py3-none-any.whl (10 kB)
2025-08-18T22:10:59.3270757Z Using cached coverage-7.10.4-cp311-cp311-manylinux1_x86_64.manylinux_2_28_x86_64.manylinux_2_5_x86_64.whl (249 kB)
2025-08-18T22:10:59.3285866Z Using cached email_validator-2.2.0-py3-none-any.whl (33 kB)
2025-08-18T22:10:59.3299537Z Using cached dnspython-2.7.0-py3-none-any.whl (313 kB)
2025-08-18T22:10:59.3315103Z Using cached fastapi_cli-0.0.8-py3-none-any.whl (10 kB)
2025-08-18T22:10:59.3328474Z Using cached fastapi_cloud_cli-0.1.5-py3-none-any.whl (18 kB)
2025-08-18T22:10:59.3342193Z Using cached greenlet-3.2.4-cp311-cp311-manylinux_2_24_x86_64.manylinux_2_28_x86_64.whl (587 kB)
2025-08-18T22:10:59.3359915Z Using cached h11-0.16.0-py3-none-any.whl (37 kB)
2025-08-18T22:10:59.3373369Z Using cached iniconfig-2.1.0-py3-none-any.whl (6.0 kB)
2025-08-18T22:10:59.3387640Z Using cached MarkupSafe-3.0.2-cp311-cp311-manylinux_2_17_x86_64.manylinux2014_x86_64.whl (23 kB)
2025-08-18T22:10:59.3401036Z Using cached mirakuru-2.6.1-py3-none-any.whl (26 kB)
2025-08-18T22:10:59.3414744Z Using cached orjson-3.11.2-cp311-cp311-manylinux_2_17_x86_64.manylinux2014_x86_64.whl (121 kB)
2025-08-18T22:10:59.3428885Z Using cached packaging-25.0-py3-none-any.whl (66 kB)
2025-08-18T22:10:59.3442609Z Using cached pathspec-0.12.1-py3-none-any.whl (31 kB)
2025-08-18T22:10:59.3456662Z Using cached platformdirs-4.3.8-py3-none-any.whl (18 kB)
2025-08-18T22:10:59.3469848Z Using cached port_for-0.7.4-py3-none-any.whl (21 kB)
2025-08-18T22:10:59.3483239Z Using cached prompt_toolkit-3.0.51-py3-none-any.whl (387 kB)
2025-08-18T22:10:59.3500544Z Using cached psutil-7.0.0-cp36-abi3-manylinux_2_12_x86_64.manylinux2010_x86_64.manylinux_2_17_x86_64.manylinux2014_x86_64.whl (277 kB)
2025-08-18T22:10:59.3515900Z Using cached pydantic_extra_types-2.10.5-py3-none-any.whl (38 kB)
2025-08-18T22:10:59.3529584Z Using cached pydantic_settings-2.10.1-py3-none-any.whl (45 kB)
2025-08-18T22:10:59.3543051Z Using cached pygments-2.19.2-py3-none-any.whl (1.2 MB)
2025-08-18T22:10:59.3566054Z Using cached PyJWT-2.10.1-py3-none-any.whl (22 kB)
2025-08-18T22:10:59.3579737Z Using cached pytz-2025.2-py2.py3-none-any.whl (509 kB)
2025-08-18T22:10:59.3596852Z Using cached rich_toolkit-0.15.0-py3-none-any.whl (29 kB)
2025-08-18T22:10:59.3610371Z Using cached rich-14.1.0-py3-none-any.whl (243 kB)
2025-08-18T22:10:59.3625466Z Using cached markdown_it_py-4.0.0-py3-none-any.whl (87 kB)
2025-08-18T22:10:59.3639264Z Using cached mdurl-0.1.2-py3-none-any.whl (10.0 kB)
2025-08-18T22:10:59.3654149Z Using cached rignore-0.6.4-cp311-cp311-manylinux_2_17_x86_64.manylinux2014_x86_64.whl (950 kB)
2025-08-18T22:10:59.3674728Z Using cached sentry_sdk-2.35.0-py2.py3-none-any.whl (363 kB)
2025-08-18T22:10:59.3691001Z Using cached six-1.17.0-py2.py3-none-any.whl (11 kB)
2025-08-18T22:10:59.3704384Z Using cached sniffio-1.3.1-py3-none-any.whl (10 kB)
2025-08-18T22:10:59.3743906Z Downloading typer-0.16.1-py3-none-any.whl (46 kB)
2025-08-18T22:10:59.3777800Z Using cached shellingham-1.5.4-py2.py3-none-any.whl (9.8 kB)
2025-08-18T22:10:59.3791136Z Using cached typing_inspect-0.9.0-py3-none-any.whl (8.8 kB)
2025-08-18T22:10:59.3804650Z Using cached typing_inspection-0.4.1-py3-none-any.whl (14 kB)
2025-08-18T22:10:59.3818482Z Using cached tzdata-2025.2-py2.py3-none-any.whl (347 kB)
2025-08-18T22:10:59.3834299Z Using cached tzlocal-5.3.1-py3-none-any.whl (18 kB)
2025-08-18T22:10:59.3848218Z Using cached ujson-5.10.0-cp311-cp311-manylinux_2_17_x86_64.manylinux2014_x86_64.whl (53 kB)
2025-08-18T22:10:59.3861934Z Using cached uvicorn-0.35.0-py3-none-any.whl (66 kB)
2025-08-18T22:10:59.3876396Z Using cached httptools-0.6.4-cp311-cp311-manylinux_2_5_x86_64.manylinux1_x86_64.manylinux_2_17_x86_64.manylinux2014_x86_64.whl (459 kB)
2025-08-18T22:10:59.3893131Z Using cached uvloop-0.21.0-cp311-cp311-manylinux_2_17_x86_64.manylinux2014_x86_64.whl (4.0 MB)
2025-08-18T22:10:59.3937089Z Using cached watchfiles-1.1.0-cp311-cp311-manylinux_2_17_x86_64.manylinux2014_x86_64.whl (453 kB)
2025-08-18T22:10:59.3959199Z Using cached websockets-15.0.1-cp311-cp311-manylinux_2_5_x86_64.manylinux1_x86_64.manylinux_2_17_x86_64.manylinux2014_x86_64.whl (182 kB)
2025-08-18T22:10:59.3978192Z Using cached yapf-0.43.0-py3-none-any.whl (256 kB)
2025-08-18T22:10:59.3993575Z Using cached argon2_cffi-25.1.0-py3-none-any.whl (14 kB)
2025-08-18T22:10:59.4013907Z Using cached argon2_cffi_bindings-25.1.0-cp39-abi3-manylinux_2_26_x86_64.manylinux_2_28_x86_64.whl (87 kB)
2025-08-18T22:10:59.4036503Z Using cached cffi-1.17.1-cp311-cp311-manylinux_2_17_x86_64.manylinux2014_x86_64.whl (467 kB)
2025-08-18T22:10:59.4061644Z Using cached docker-7.1.0-py3-none-any.whl (147 kB)
2025-08-18T22:10:59.4077840Z Using cached et_xmlfile-2.0.0-py3-none-any.whl (18 kB)
2025-08-18T22:10:59.4093879Z Using cached mako-1.3.10-py3-none-any.whl (78 kB)
2025-08-18T22:10:59.4108015Z Using cached pycparser-2.22-py3-none-any.whl (117 kB)
2025-08-18T22:10:59.4122069Z Using cached pycryptodome-3.23.0-cp37-abi3-manylinux_2_17_x86_64.manylinux2014_x86_64.whl (2.3 MB)
2025-08-18T22:10:59.4152359Z Using cached typeguard-4.4.4-py3-none-any.whl (34 kB)
2025-08-18T22:10:59.4168479Z Using cached watchdog-6.0.0-py3-none-manylinux2014_x86_64.whl (79 kB)
2025-08-18T22:10:59.4182617Z Using cached wcwidth-0.2.13-py2.py3-none-any.whl (34 kB)
2025-08-18T22:10:59.8199888Z Installing collected packages: wcwidth, pytz, wrapt, websockets, watchdog, vine, uvloop, urllib3, ujson, tzlocal, tzdata, typing-extensions, tomli_w, tomli, structlog, sniffio, six, shellingham, ruff, rignore, PyYAML, python-multipart, python-dotenv, PyJWT, pygments, pycryptodome, pycparser, psycopg2-binary, psycopg-binary, psutil, prompt-toolkit, port-for, pluggy, platformdirs, pathspec, packaging, orjson, numpy, nr-stream, nr-date, mypy-extensions, multimethod, mdurl, MarkupSafe, jmespath, itsdangerous, iniconfig, imapclient, idna, httptools, h11, greenlet, et-xmlfile, docstring-parser, dnspython, coverage, click, charset_normalizer, certifi, billiard, asyncpg, annotated-types, yapf, uvicorn, typing-inspection, typing-inspect, types-requests, typeguard, typeapi, sqlalchemy, sentry-sdk, requests, redis, python-dateutil, pytest, pydantic-core, psycopg, openpyxl, mypy, mirakuru, markdown-it-py, Mako, Jinja2, httpcore, email-validator, Deprecated, click-repl, click-plugins, click-didyoumean, cffi, black, apscheduler, anyio, amqp, watchfiles, starlette, rich, pytest-postgresql, pytest-cov, pytest-asyncio, pydantic, pandas, nr-util, kombu, httpx, docker, databind, botocore, argon2-cffi-bindings, alembic, typer, testcontainers, s3transfer, rich-toolkit, respx, python-telegram-bot, pydantic-settings, pydantic-extra-types, pandera, fastapi, databind.json, databind.core, celery, asgi-correlation-id, argon2-cffi, minio, fastapi-limiter, fastapi-cloud-cli, fastapi-cli, docspec, boto3, docspec-python, pydoc-markdown
2025-08-18T22:11:15.9896965Z 
2025-08-18T22:11:15.9963518Z Successfully installed Deprecated-1.2.18 Jinja2-3.1.6 Mako-1.3.10 MarkupSafe-3.0.2 PyJWT-2.10.1 PyYAML-6.0.2 alembic-1.13.1 amqp-5.3.1 annotated-types-0.7.0 anyio-4.10.0 apscheduler-3.10.4 argon2-cffi-25.1.0 argon2-cffi-bindings-25.1.0 asgi-correlation-id-4.3.1 asyncpg-0.30.0 billiard-4.2.1 black-25.1.0 boto3-1.40.12 botocore-1.40.12 celery-5.4.0 certifi-2025.8.3 cffi-1.17.1 charset_normalizer-3.4.3 click-8.2.1 click-didyoumean-0.3.1 click-plugins-1.1.1.2 click-repl-0.3.0 coverage-7.10.4 databind-4.5.2 databind.core-4.5.2 databind.json-4.5.2 dnspython-2.7.0 docker-7.1.0 docspec-2.2.1 docspec-python-2.2.2 docstring-parser-0.11 email-validator-2.2.0 et-xmlfile-2.0.0 fastapi-0.116.1 fastapi-cli-0.0.8 fastapi-cloud-cli-0.1.5 fastapi-limiter-0.1.6 greenlet-3.2.4 h11-0.16.0 httpcore-1.0.9 httptools-0.6.4 httpx-0.28.1 idna-3.10 imapclient-3.0.1 iniconfig-2.1.0 itsdangerous-2.2.0 jmespath-1.0.1 kombu-5.5.4 markdown-it-py-4.0.0 mdurl-0.1.2 minio-7.2.16 mirakuru-2.6.1 multimethod-1.10 mypy-1.17.1 mypy-extensions-1.1.0 nr-date-2.1.0 nr-stream-1.1.5 nr-util-0.8.12 numpy-1.26.4 openpyxl-3.1.5 orjson-3.11.2 packaging-25.0 pandas-2.2.3 pandera-0.19.3 pathspec-0.12.1 platformdirs-4.3.8 pluggy-1.6.0 port-for-0.7.4 prompt-toolkit-3.0.51 psutil-7.0.0 psycopg-3.2.9 psycopg-binary-3.2.9 psycopg2-binary-2.9.9 pycparser-2.22 pycryptodome-3.23.0 pydantic-2.11.7 pydantic-core-2.33.2 pydantic-extra-types-2.10.5 pydantic-settings-2.10.1 pydoc-markdown-4.8.2 pygments-2.19.2 pytest-8.4.1 pytest-asyncio-0.23.6 pytest-cov-6.2.1 pytest-postgresql-7.0.2 python-dateutil-2.9.0.post0 python-dotenv-1.1.1 python-multipart-0.0.20 python-telegram-bot-22.2 pytz-2025.2 redis-5.3.1 requests-2.32.4 respx-0.22.0 rich-14.1.0 rich-toolkit-0.15.0 rignore-0.6.4 ruff-0.4.4 s3transfer-0.13.1 sentry-sdk-2.35.0 shellingham-1.5.4 six-1.17.0 sniffio-1.3.1 sqlalchemy-2.0.29 starlette-0.47.2 structlog-24.1.0 testcontainers-4.10.0 tomli-2.2.1 tomli_w-1.2.0 typeapi-2.2.4 typeguard-4.4.4 typer-0.16.1 types-requests-2.32.0.20240602 typing-extensions-4.14.1 typing-inspect-0.9.0 typing-inspection-0.4.1 tzdata-2025.2 tzlocal-5.3.1 ujson-5.10.0 urllib3-2.5.0 uvicorn-0.35.0 uvloop-0.21.0 vine-5.1.0 watchdog-6.0.0 watchfiles-1.1.0 wcwidth-0.2.13 websockets-15.0.1 wrapt-1.17.3 yapf-0.43.0
2025-08-18T22:11:17.2339320Z Collecting keepa==1.3.15
2025-08-18T22:11:17.2353899Z   Using cached keepa-1.3.15-py3-none-any.whl.metadata (11 kB)
2025-08-18T22:11:17.2598412Z Collecting minio==7.1.15
2025-08-18T22:11:17.2612610Z   Using cached minio-7.1.15-py3-none-any.whl.metadata (4.2 kB)
2025-08-18T22:11:17.2637341Z Requirement already satisfied: numpy>=1.9.3 in /opt/hostedtoolcache/Python/3.11.13/x64/lib/python3.11/site-packages (from keepa==1.3.15) (1.26.4)
2025-08-18T22:11:17.2642317Z Requirement already satisfied: requests>=2.2 in /opt/hostedtoolcache/Python/3.11.13/x64/lib/python3.11/site-packages (from keepa==1.3.15) (2.32.4)
2025-08-18T22:11:17.2936347Z Collecting tqdm (from keepa==1.3.15)
2025-08-18T22:11:17.2950255Z   Using cached tqdm-4.67.1-py3-none-any.whl.metadata (57 kB)
2025-08-18T22:11:17.7638356Z Collecting aiohttp (from keepa==1.3.15)
2025-08-18T22:11:17.7655071Z   Using cached aiohttp-3.12.15-cp311-cp311-manylinux_2_17_x86_64.manylinux2014_x86_64.whl.metadata (7.7 kB)
2025-08-18T22:11:17.7685704Z Requirement already satisfied: pandas<=3.0 in /opt/hostedtoolcache/Python/3.11.13/x64/lib/python3.11/site-packages (from keepa==1.3.15) (2.2.3)
2025-08-18T22:11:17.7690528Z Requirement already satisfied: pydantic in /opt/hostedtoolcache/Python/3.11.13/x64/lib/python3.11/site-packages (from keepa==1.3.15) (2.11.7)
2025-08-18T22:11:17.7698503Z Requirement already satisfied: certifi in /opt/hostedtoolcache/Python/3.11.13/x64/lib/python3.11/site-packages (from minio==7.1.15) (2025.8.3)
2025-08-18T22:11:17.7702165Z Requirement already satisfied: urllib3 in /opt/hostedtoolcache/Python/3.11.13/x64/lib/python3.11/site-packages (from minio==7.1.15) (2.5.0)
2025-08-18T22:11:17.7749880Z Requirement already satisfied: python-dateutil>=2.8.2 in /opt/hostedtoolcache/Python/3.11.13/x64/lib/python3.11/site-packages (from pandas<=3.0->keepa==1.3.15) (2.9.0.post0)
2025-08-18T22:11:17.7755078Z Requirement already satisfied: pytz>=2020.1 in /opt/hostedtoolcache/Python/3.11.13/x64/lib/python3.11/site-packages (from pandas<=3.0->keepa==1.3.15) (2025.2)
2025-08-18T22:11:17.7760429Z Requirement already satisfied: tzdata>=2022.7 in /opt/hostedtoolcache/Python/3.11.13/x64/lib/python3.11/site-packages (from pandas<=3.0->keepa==1.3.15) (2025.2)
2025-08-18T22:11:17.7873551Z Requirement already satisfied: six>=1.5 in /opt/hostedtoolcache/Python/3.11.13/x64/lib/python3.11/site-packages (from python-dateutil>=2.8.2->pandas<=3.0->keepa==1.3.15) (1.17.0)
2025-08-18T22:11:17.7891521Z Requirement already satisfied: charset_normalizer<4,>=2 in /opt/hostedtoolcache/Python/3.11.13/x64/lib/python3.11/site-packages (from requests>=2.2->keepa==1.3.15) (3.4.3)
2025-08-18T22:11:17.7897314Z Requirement already satisfied: idna<4,>=2.5 in /opt/hostedtoolcache/Python/3.11.13/x64/lib/python3.11/site-packages (from requests>=2.2->keepa==1.3.15) (3.10)
2025-08-18T22:11:17.8077295Z Collecting aiohappyeyeballs>=2.5.0 (from aiohttp->keepa==1.3.15)
2025-08-18T22:11:17.8091269Z   Using cached aiohappyeyeballs-2.6.1-py3-none-any.whl.metadata (5.9 kB)
2025-08-18T22:11:17.8174454Z Collecting aiosignal>=1.4.0 (from aiohttp->keepa==1.3.15)
2025-08-18T22:11:17.8188204Z   Using cached aiosignal-1.4.0-py3-none-any.whl.metadata (3.7 kB)
2025-08-18T22:11:17.8317993Z Collecting attrs>=17.3.0 (from aiohttp->keepa==1.3.15)
2025-08-18T22:11:17.8331910Z   Using cached attrs-25.3.0-py3-none-any.whl.metadata (10 kB)
2025-08-18T22:11:17.8966892Z Collecting frozenlist>=1.1.1 (from aiohttp->keepa==1.3.15)
2025-08-18T22:11:17.8981800Z   Using cached frozenlist-1.7.0-cp311-cp311-manylinux_2_5_x86_64.manylinux1_x86_64.manylinux_2_17_x86_64.manylinux2014_x86_64.whl.metadata (18 kB)
2025-08-18T22:11:18.1086005Z Collecting multidict<7.0,>=4.5 (from aiohttp->keepa==1.3.15)
2025-08-18T22:11:18.1101756Z   Using cached multidict-6.6.4-cp311-cp311-manylinux2014_x86_64.manylinux_2_17_x86_64.manylinux_2_28_x86_64.whl.metadata (5.3 kB)
2025-08-18T22:11:18.1490243Z Collecting propcache>=0.2.0 (from aiohttp->keepa==1.3.15)
2025-08-18T22:11:18.1504423Z   Using cached propcache-0.3.2-cp311-cp311-manylinux_2_17_x86_64.manylinux2014_x86_64.whl.metadata (12 kB)
2025-08-18T22:11:18.3990646Z Collecting yarl<2.0,>=1.17.0 (from aiohttp->keepa==1.3.15)
2025-08-18T22:11:18.4006529Z   Using cached yarl-1.20.1-cp311-cp311-manylinux_2_17_x86_64.manylinux2014_x86_64.whl.metadata (73 kB)
2025-08-18T22:11:18.4208870Z Requirement already satisfied: typing-extensions>=4.2 in /opt/hostedtoolcache/Python/3.11.13/x64/lib/python3.11/site-packages (from aiosignal>=1.4.0->aiohttp->keepa==1.3.15) (4.14.1)
2025-08-18T22:11:18.4253381Z Requirement already satisfied: annotated-types>=0.6.0 in /opt/hostedtoolcache/Python/3.11.13/x64/lib/python3.11/site-packages (from pydantic->keepa==1.3.15) (0.7.0)
2025-08-18T22:11:18.4258963Z Requirement already satisfied: pydantic-core==2.33.2 in /opt/hostedtoolcache/Python/3.11.13/x64/lib/python3.11/site-packages (from pydantic->keepa==1.3.15) (2.33.2)
2025-08-18T22:11:18.4266180Z Requirement already satisfied: typing-inspection>=0.4.0 in /opt/hostedtoolcache/Python/3.11.13/x64/lib/python3.11/site-packages (from pydantic->keepa==1.3.15) (0.4.1)
2025-08-18T22:11:18.4323338Z Using cached keepa-1.3.15-py3-none-any.whl (38 kB)
2025-08-18T22:11:18.4337230Z Using cached minio-7.1.15-py3-none-any.whl (77 kB)
2025-08-18T22:11:18.4351290Z Using cached aiohttp-3.12.15-cp311-cp311-manylinux_2_17_x86_64.manylinux2014_x86_64.whl (1.7 MB)
2025-08-18T22:11:18.4378150Z Using cached multidict-6.6.4-cp311-cp311-manylinux2014_x86_64.manylinux_2_17_x86_64.manylinux_2_28_x86_64.whl (246 kB)
2025-08-18T22:11:18.4392976Z Using cached yarl-1.20.1-cp311-cp311-manylinux_2_17_x86_64.manylinux2014_x86_64.whl (348 kB)
2025-08-18T22:11:18.4408983Z Using cached aiohappyeyeballs-2.6.1-py3-none-any.whl (15 kB)
2025-08-18T22:11:18.4422434Z Using cached aiosignal-1.4.0-py3-none-any.whl (7.5 kB)
2025-08-18T22:11:18.4435927Z Using cached attrs-25.3.0-py3-none-any.whl (63 kB)
2025-08-18T22:11:18.4450147Z Using cached frozenlist-1.7.0-cp311-cp311-manylinux_2_5_x86_64.manylinux1_x86_64.manylinux_2_17_x86_64.manylinux2014_x86_64.whl (235 kB)
2025-08-18T22:11:18.4465005Z Using cached propcache-0.3.2-cp311-cp311-manylinux_2_17_x86_64.manylinux2014_x86_64.whl (213 kB)
2025-08-18T22:11:18.4479225Z Using cached tqdm-4.67.1-py3-none-any.whl (78 kB)
2025-08-18T22:11:18.5985160Z Installing collected packages: tqdm, propcache, multidict, minio, frozenlist, attrs, aiohappyeyeballs, yarl, aiosignal, aiohttp, keepa
2025-08-18T22:11:18.6653098Z   Attempting uninstall: minio
2025-08-18T22:11:18.6684266Z     Found existing installation: minio 7.2.16
2025-08-18T22:11:18.6718267Z     Uninstalling minio-7.2.16:
2025-08-18T22:11:18.6727974Z       Successfully uninstalled minio-7.2.16
2025-08-18T22:11:18.9920325Z 
2025-08-18T22:11:18.9980733Z Successfully installed aiohappyeyeballs-2.6.1 aiohttp-3.12.15 aiosignal-1.4.0 attrs-25.3.0 frozenlist-1.7.0 keepa-1.3.15 minio-7.1.15 multidict-6.6.4 propcache-0.3.2 tqdm-4.67.1 yarl-1.20.1
2025-08-18T22:11:19.1601851Z ##[group]Run sudo apt-get update
2025-08-18T22:11:19.1602177Z [36;1msudo apt-get update[0m
2025-08-18T22:11:19.1602446Z [36;1msudo apt-get install -y postgresql[0m
2025-08-18T22:11:19.1602936Z [36;1mecho "/usr/lib/postgresql/$(pg_config --version | cut -d' ' -f2 | cut -d'.' -f1,2)/bin" >> $GITHUB_PATH[0m
2025-08-18T22:11:19.1644165Z shell: /usr/bin/bash -e {0}
2025-08-18T22:11:19.1644396Z env:
2025-08-18T22:11:19.1644570Z   PG_USER: postgres
2025-08-18T22:11:19.1644782Z   PG_PASSWORD: pass
2025-08-18T22:11:19.1644979Z   PG_DATABASE: awa
2025-08-18T22:11:19.1645168Z   PG_HOST: localhost
2025-08-18T22:11:19.1645366Z   PG_PORT: 5432
2025-08-18T22:11:19.1645999Z   PG_SYNC_DSN: ***localhost:5432/awa
2025-08-18T22:11:19.1646426Z   PG_ASYNC_DSN: ***localhost:5432/awa
2025-08-18T22:11:19.1646814Z   DATABASE_URL: ***localhost:5432/awa
2025-08-18T22:11:19.1647064Z   DATA_DIR: /tmp/awa-data
2025-08-18T22:11:19.1647267Z   ENABLE_LIVE: 0
2025-08-18T22:11:19.1647456Z   TESTING: 1
2025-08-18T22:11:19.1647737Z   pythonLocation: /opt/hostedtoolcache/Python/3.11.13/x64
2025-08-18T22:11:19.1648141Z   PKG_CONFIG_PATH: /opt/hostedtoolcache/Python/3.11.13/x64/lib/pkgconfig
2025-08-18T22:11:19.1648527Z   Python_ROOT_DIR: /opt/hostedtoolcache/Python/3.11.13/x64
2025-08-18T22:11:19.1648886Z   Python2_ROOT_DIR: /opt/hostedtoolcache/Python/3.11.13/x64
2025-08-18T22:11:19.1649251Z   Python3_ROOT_DIR: /opt/hostedtoolcache/Python/3.11.13/x64
2025-08-18T22:11:19.1649607Z   LD_LIBRARY_PATH: /opt/hostedtoolcache/Python/3.11.13/x64/lib
2025-08-18T22:11:19.1649905Z ##[endgroup]
2025-08-18T22:11:19.2382686Z Get:1 file:/etc/apt/apt-mirrors.txt Mirrorlist [144 B]
2025-08-18T22:11:19.2772643Z Hit:2 http://azure.archive.ubuntu.com/ubuntu noble InRelease
2025-08-18T22:11:19.2787802Z Get:3 http://azure.archive.ubuntu.com/ubuntu noble-updates InRelease [126 kB]
2025-08-18T22:11:19.2810914Z Hit:6 https://packages.microsoft.com/repos/azure-cli noble InRelease
2025-08-18T22:11:19.2844243Z Get:7 https://packages.microsoft.com/ubuntu/24.04/prod noble InRelease [3600 B]
2025-08-18T22:11:19.2887698Z Get:4 http://azure.archive.ubuntu.com/ubuntu noble-backports InRelease [126 kB]
2025-08-18T22:11:19.2893485Z Get:5 http://azure.archive.ubuntu.com/ubuntu noble-security InRelease [126 kB]
2025-08-18T22:11:19.4506934Z Get:8 http://azure.archive.ubuntu.com/ubuntu noble-updates/main amd64 Packages [1335 kB]
2025-08-18T22:11:19.4663976Z Get:9 http://azure.archive.ubuntu.com/ubuntu noble-updates/main Translation-en [267 kB]
2025-08-18T22:11:19.4783532Z Get:10 http://azure.archive.ubuntu.com/ubuntu noble-updates/main amd64 Components [175 kB]
2025-08-18T22:11:19.4876036Z Get:11 http://azure.archive.ubuntu.com/ubuntu noble-updates/universe amd64 Packages [1121 kB]
2025-08-18T22:11:19.5028388Z Get:12 http://azure.archive.ubuntu.com/ubuntu noble-updates/universe Translation-en [288 kB]
2025-08-18T22:11:19.5069822Z Get:13 http://azure.archive.ubuntu.com/ubuntu noble-updates/universe amd64 Components [377 kB]
2025-08-18T22:11:19.5163079Z Get:14 http://azure.archive.ubuntu.com/ubuntu noble-updates/restricted amd64 Packages [1694 kB]
2025-08-18T22:11:19.5390165Z Get:15 http://azure.archive.ubuntu.com/ubuntu noble-updates/restricted Translation-en [374 kB]
2025-08-18T22:11:19.5429015Z Get:16 http://azure.archive.ubuntu.com/ubuntu noble-updates/restricted amd64 Components [212 B]
2025-08-18T22:11:19.5447510Z Get:17 http://azure.archive.ubuntu.com/ubuntu noble-updates/multiverse amd64 Components [940 B]
2025-08-18T22:11:19.5637415Z Get:24 https://packages.microsoft.com/ubuntu/24.04/prod noble/main amd64 Packages [47.9 kB]
2025-08-18T22:11:19.5677717Z Get:25 https://packages.microsoft.com/ubuntu/24.04/prod noble/main arm64 Packages [33.1 kB]
2025-08-18T22:11:19.5886408Z Get:18 http://azure.archive.ubuntu.com/ubuntu noble-backports/main amd64 Components [7068 B]
2025-08-18T22:11:19.5906361Z Get:19 http://azure.archive.ubuntu.com/ubuntu noble-backports/universe amd64 Packages [30.2 kB]
2025-08-18T22:11:19.5923106Z Get:20 http://azure.archive.ubuntu.com/ubuntu noble-backports/universe Translation-en [17.4 kB]
2025-08-18T22:11:19.5941897Z Get:21 http://azure.archive.ubuntu.com/ubuntu noble-backports/universe amd64 Components [19.2 kB]
2025-08-18T22:11:19.5957751Z Get:22 http://azure.archive.ubuntu.com/ubuntu noble-backports/restricted amd64 Components [212 B]
2025-08-18T22:11:19.5972938Z Get:23 http://azure.archive.ubuntu.com/ubuntu noble-backports/multiverse amd64 Components [212 B]
2025-08-18T22:11:19.6147570Z Get:26 http://azure.archive.ubuntu.com/ubuntu noble-security/main amd64 Packages [1065 kB]
2025-08-18T22:11:19.6340915Z Get:27 http://azure.archive.ubuntu.com/ubuntu noble-security/main Translation-en [185 kB]
2025-08-18T22:11:19.6431514Z Get:28 http://azure.archive.ubuntu.com/ubuntu noble-security/main amd64 Components [21.6 kB]
2025-08-18T22:11:19.6484777Z Get:29 http://azure.archive.ubuntu.com/ubuntu noble-security/universe amd64 Packages [879 kB]
2025-08-18T22:11:19.6547406Z Get:30 http://azure.archive.ubuntu.com/ubuntu noble-security/universe Translation-en [194 kB]
2025-08-18T22:11:19.6586426Z Get:31 http://azure.archive.ubuntu.com/ubuntu noble-security/universe amd64 Components [52.2 kB]
2025-08-18T22:11:19.6604109Z Get:32 http://azure.archive.ubuntu.com/ubuntu noble-security/restricted amd64 Packages [1587 kB]
2025-08-18T22:11:19.6698984Z Get:33 http://azure.archive.ubuntu.com/ubuntu noble-security/restricted Translation-en [350 kB]
2025-08-18T22:11:19.7156996Z Get:34 http://azure.archive.ubuntu.com/ubuntu noble-security/restricted amd64 Components [212 B]
2025-08-18T22:11:19.7174877Z Get:35 http://azure.archive.ubuntu.com/ubuntu noble-security/multiverse amd64 Components [212 B]
2025-08-18T22:11:26.6823070Z Fetched 10.5 MB in 1s (8155 kB/s)
2025-08-18T22:11:27.3534874Z Reading package lists...
2025-08-18T22:11:27.3854158Z Reading package lists...
2025-08-18T22:11:27.5360604Z Building dependency tree...
2025-08-18T22:11:27.5367951Z Reading state information...
2025-08-18T22:11:27.6846107Z Suggested packages:
2025-08-18T22:11:27.6846551Z   postgresql-doc
2025-08-18T22:11:27.6981737Z The following NEW packages will be installed:
2025-08-18T22:11:27.6982249Z   postgresql
2025-08-18T22:11:27.7146476Z 0 upgraded, 1 newly installed, 0 to remove and 39 not upgraded.
2025-08-18T22:11:27.7147064Z Need to get 11.6 kB of archives.
2025-08-18T22:11:27.7147436Z After this operation, 17.4 kB of additional disk space will be used.
2025-08-18T22:11:27.7147877Z Get:1 file:/etc/apt/apt-mirrors.txt Mirrorlist [144 B]
2025-08-18T22:11:27.7459298Z Get:2 http://azure.archive.ubuntu.com/ubuntu noble-updates/main amd64 postgresql all 16+257build1.1 [11.6 kB]
2025-08-18T22:11:27.9976202Z Fetched 11.6 kB in 0s (279 kB/s)
2025-08-18T22:11:28.0169238Z Selecting previously unselected package postgresql.
2025-08-18T22:11:28.0365011Z (Reading database ... 
2025-08-18T22:11:28.0365509Z (Reading database ... 5%
2025-08-18T22:11:28.0366242Z (Reading database ... 10%
2025-08-18T22:11:28.0366635Z (Reading database ... 15%
2025-08-18T22:11:28.0366992Z (Reading database ... 20%
2025-08-18T22:11:28.0367397Z (Reading database ... 25%
2025-08-18T22:11:28.0368922Z (Reading database ... 30%
2025-08-18T22:11:28.0369353Z (Reading database ... 35%
2025-08-18T22:11:28.0369660Z (Reading database ... 40%
2025-08-18T22:11:28.0369888Z (Reading database ... 45%
2025-08-18T22:11:28.0370156Z (Reading database ... 50%
2025-08-18T22:11:28.0505728Z (Reading database ... 55%
2025-08-18T22:11:28.0679537Z (Reading database ... 60%
2025-08-18T22:11:28.0847488Z (Reading database ... 65%
2025-08-18T22:11:28.1029990Z (Reading database ... 70%
2025-08-18T22:11:28.1199418Z (Reading database ... 75%
2025-08-18T22:11:28.1396590Z (Reading database ... 80%
2025-08-18T22:11:28.1720563Z (Reading database ... 85%
2025-08-18T22:11:28.2150341Z (Reading database ... 90%
2025-08-18T22:11:28.2384559Z (Reading database ... 95%
2025-08-18T22:11:28.2384951Z (Reading database ... 100%
2025-08-18T22:11:28.2385493Z (Reading database ... 219881 files and directories currently installed.)
2025-08-18T22:11:28.2427300Z Preparing to unpack .../postgresql_16+257build1.1_all.deb ...
2025-08-18T22:11:28.2448017Z Unpacking postgresql (16+257build1.1) ...
2025-08-18T22:11:28.2825377Z Setting up postgresql (16+257build1.1) ...
2025-08-18T22:11:28.8810132Z 
2025-08-18T22:11:28.8810797Z Running kernel seems to be up-to-date.
2025-08-18T22:11:28.8811102Z 
2025-08-18T22:11:28.8811247Z Restarting services...
2025-08-18T22:11:28.8880836Z 
2025-08-18T22:11:28.8881052Z Service restarts being deferred:
2025-08-18T22:11:28.8882591Z  systemctl restart hosted-compute-agent.service
2025-08-18T22:11:28.8882980Z 
2025-08-18T22:11:28.8883332Z No containers need to be restarted.
2025-08-18T22:11:28.8883828Z 
2025-08-18T22:11:28.8884050Z No user sessions are running outdated binaries.
2025-08-18T22:11:28.8884388Z 
2025-08-18T22:11:28.8884723Z No VM guests are running outdated hypervisor (qemu) binaries on this host.
2025-08-18T22:11:29.6977225Z ##[group]Run pytest tests/db -q --cov=services --cov-append --cov-fail-under=0
2025-08-18T22:11:29.6977797Z [36;1mpytest tests/db -q --cov=services --cov-append --cov-fail-under=0[0m
2025-08-18T22:11:29.7018204Z shell: /usr/bin/bash -e {0}
2025-08-18T22:11:29.7018445Z env:
2025-08-18T22:11:29.7018627Z   PG_USER: postgres
2025-08-18T22:11:29.7018835Z   PG_PASSWORD: pass
2025-08-18T22:11:29.7019021Z   PG_DATABASE: awa
2025-08-18T22:11:29.7019230Z   PG_HOST: localhost
2025-08-18T22:11:29.7019428Z   PG_PORT: 5432
2025-08-18T22:11:29.7019938Z   PG_SYNC_DSN: ***localhost:5432/awa
2025-08-18T22:11:29.7020356Z   PG_ASYNC_DSN: ***localhost:5432/awa
2025-08-18T22:11:29.7020754Z   DATABASE_URL: ***localhost:5432/awa
2025-08-18T22:11:29.7021005Z   DATA_DIR: /tmp/awa-data
2025-08-18T22:11:29.7021215Z   ENABLE_LIVE: 0
2025-08-18T22:11:29.7021400Z   TESTING: 1
2025-08-18T22:11:29.7021649Z   pythonLocation: /opt/hostedtoolcache/Python/3.11.13/x64
2025-08-18T22:11:29.7022090Z   PKG_CONFIG_PATH: /opt/hostedtoolcache/Python/3.11.13/x64/lib/pkgconfig
2025-08-18T22:11:29.7022487Z   Python_ROOT_DIR: /opt/hostedtoolcache/Python/3.11.13/x64
2025-08-18T22:11:29.7022838Z   Python2_ROOT_DIR: /opt/hostedtoolcache/Python/3.11.13/x64
2025-08-18T22:11:29.7023187Z   Python3_ROOT_DIR: /opt/hostedtoolcache/Python/3.11.13/x64
2025-08-18T22:11:29.7023541Z   LD_LIBRARY_PATH: /opt/hostedtoolcache/Python/3.11.13/x64/lib
2025-08-18T22:11:29.7024036Z ##[endgroup]
2025-08-18T22:11:32.2893580Z /opt/hostedtoolcache/Python/3.11.13/x64/lib/python3.11/site-packages/coverage/report_core.py:118: CoverageWarning: Couldn't parse '/home/runner/work/AWA-App/AWA-App/C:\Users\Alexey\Documents\GitHub\AWA-App\services\__init__.py': No source for code: '/home/runner/work/AWA-App/AWA-App/C:\Users\Alexey\Documents\GitHub\AWA-App\services\__init__.py'. (couldnt-parse)
2025-08-18T22:11:32.2895824Z   coverage._warn(msg, slug="couldnt-parse")
2025-08-18T22:11:32.2897429Z /opt/hostedtoolcache/Python/3.11.13/x64/lib/python3.11/site-packages/coverage/report_core.py:118: CoverageWarning: Couldn't parse '/home/runner/work/AWA-App/AWA-App/C:\Users\Alexey\Documents\GitHub\AWA-App\services\alert_bot\__init__.py': No source for code: '/home/runner/work/AWA-App/AWA-App/C:\Users\Alexey\Documents\GitHub\AWA-App\services\alert_bot\__init__.py'. (couldnt-parse)
2025-08-18T22:11:32.2899147Z   coverage._warn(msg, slug="couldnt-parse")
2025-08-18T22:11:32.2900686Z /opt/hostedtoolcache/Python/3.11.13/x64/lib/python3.11/site-packages/coverage/report_core.py:118: CoverageWarning: Couldn't parse '/home/runner/work/AWA-App/AWA-App/C:\Users\Alexey\Documents\GitHub\AWA-App\services\alert_bot\alert_bot.py': No source for code: '/home/runner/work/AWA-App/AWA-App/C:\Users\Alexey\Documents\GitHub\AWA-App\services\alert_bot\alert_bot.py'. (couldnt-parse)
2025-08-18T22:11:32.2902780Z   coverage._warn(msg, slug="couldnt-parse")
2025-08-18T22:11:32.2904417Z /opt/hostedtoolcache/Python/3.11.13/x64/lib/python3.11/site-packages/coverage/report_core.py:118: CoverageWarning: Couldn't parse '/home/runner/work/AWA-App/AWA-App/C:\Users\Alexey\Documents\GitHub\AWA-App\services\alert_bot\rules\__init__.py': No source for code: '/home/runner/work/AWA-App/AWA-App/C:\Users\Alexey\Documents\GitHub\AWA-App\services\alert_bot\rules\__init__.py'. (couldnt-parse)
2025-08-18T22:11:32.2906076Z   coverage._warn(msg, slug="couldnt-parse")
2025-08-18T22:11:32.2907380Z /opt/hostedtoolcache/Python/3.11.13/x64/lib/python3.11/site-packages/coverage/report_core.py:118: CoverageWarning: Couldn't parse '/home/runner/work/AWA-App/AWA-App/C:\Users\Alexey\Documents\GitHub\AWA-App\services\api\__init__.py': No source for code: '/home/runner/work/AWA-App/AWA-App/C:\Users\Alexey\Documents\GitHub\AWA-App\services\api\__init__.py'. (couldnt-parse)
2025-08-18T22:11:32.2908909Z   coverage._warn(msg, slug="couldnt-parse")
2025-08-18T22:11:32.2910411Z /opt/hostedtoolcache/Python/3.11.13/x64/lib/python3.11/site-packages/coverage/report_core.py:118: CoverageWarning: Couldn't parse '/home/runner/work/AWA-App/AWA-App/C:\Users\Alexey\Documents\GitHub\AWA-App\services\api\config.py': No source for code: '/home/runner/work/AWA-App/AWA-App/C:\Users\Alexey\Documents\GitHub\AWA-App\services\api\config.py'. (couldnt-parse)
2025-08-18T22:11:32.2911982Z   coverage._warn(msg, slug="couldnt-parse")
2025-08-18T22:11:32.2913341Z /opt/hostedtoolcache/Python/3.11.13/x64/lib/python3.11/site-packages/coverage/report_core.py:118: CoverageWarning: Couldn't parse '/home/runner/work/AWA-App/AWA-App/C:\Users\Alexey\Documents\GitHub\AWA-App\services\api\db.py': No source for code: '/home/runner/work/AWA-App/AWA-App/C:\Users\Alexey\Documents\GitHub\AWA-App\services\api\db.py'. (couldnt-parse)
2025-08-18T22:11:32.2914819Z   coverage._warn(msg, slug="couldnt-parse")
2025-08-18T22:11:32.2916765Z /opt/hostedtoolcache/Python/3.11.13/x64/lib/python3.11/site-packages/coverage/report_core.py:118: CoverageWarning: Couldn't parse '/home/runner/work/AWA-App/AWA-App/C:\Users\Alexey\Documents\GitHub\AWA-App\services\api\main.py': No source for code: '/home/runner/work/AWA-App/AWA-App/C:\Users\Alexey\Documents\GitHub\AWA-App\services\api\main.py'. (couldnt-parse)
2025-08-18T22:11:32.2918044Z   coverage._warn(msg, slug="couldnt-parse")
2025-08-18T22:11:32.2919820Z /opt/hostedtoolcache/Python/3.11.13/x64/lib/python3.11/site-packages/coverage/report_core.py:118: CoverageWarning: Couldn't parse '/home/runner/work/AWA-App/AWA-App/C:\Users\Alexey\Documents\GitHub\AWA-App\services\api\models\__init__.py': No source for code: '/home/runner/work/AWA-App/AWA-App/C:\Users\Alexey\Documents\GitHub\AWA-App\services\api\models\__init__.py'. (couldnt-parse)
2025-08-18T22:11:32.2921152Z   coverage._warn(msg, slug="couldnt-parse")
2025-08-18T22:11:32.2923140Z /opt/hostedtoolcache/Python/3.11.13/x64/lib/python3.11/site-packages/coverage/report_core.py:118: CoverageWarning: Couldn't parse '/home/runner/work/AWA-App/AWA-App/C:\Users\Alexey\Documents\GitHub\AWA-App\services\api\models\fee.py': No source for code: '/home/runner/work/AWA-App/AWA-App/C:\Users\Alexey\Documents\GitHub\AWA-App\services\api\models\fee.py'. (couldnt-parse)
2025-08-18T22:11:32.2924921Z   coverage._warn(msg, slug="couldnt-parse")
2025-08-18T22:11:32.2926263Z /opt/hostedtoolcache/Python/3.11.13/x64/lib/python3.11/site-packages/coverage/report_core.py:118: CoverageWarning: Couldn't parse '/home/runner/work/AWA-App/AWA-App/C:\Users\Alexey\Documents\GitHub\AWA-App\services\api\roi_repository.py': No source for code: '/home/runner/work/AWA-App/AWA-App/C:\Users\Alexey\Documents\GitHub\AWA-App\services\api\roi_repository.py'. (couldnt-parse)
2025-08-18T22:11:32.2928164Z   coverage._warn(msg, slug="couldnt-parse")
2025-08-18T22:11:32.2929493Z /opt/hostedtoolcache/Python/3.11.13/x64/lib/python3.11/site-packages/coverage/report_core.py:118: CoverageWarning: Couldn't parse '/home/runner/work/AWA-App/AWA-App/C:\Users\Alexey\Documents\GitHub\AWA-App\services\api\routes\__init__.py': No source for code: '/home/runner/work/AWA-App/AWA-App/C:\Users\Alexey\Documents\GitHub\AWA-App\services\api\routes\__init__.py'. (couldnt-parse)
2025-08-18T22:11:32.2931782Z   coverage._warn(msg, slug="couldnt-parse")
2025-08-18T22:11:32.2934330Z /opt/hostedtoolcache/Python/3.11.13/x64/lib/python3.11/site-packages/coverage/report_core.py:118: CoverageWarning: Couldn't parse '/home/runner/work/AWA-App/AWA-App/C:\Users\Alexey\Documents\GitHub\AWA-App\services\api\routes\health.py': No source for code: '/home/runner/work/AWA-App/AWA-App/C:\Users\Alexey\Documents\GitHub\AWA-App\services\api\routes\health.py'. (couldnt-parse)
2025-08-18T22:11:32.2936682Z   coverage._warn(msg, slug="couldnt-parse")
2025-08-18T22:11:32.2939059Z /opt/hostedtoolcache/Python/3.11.13/x64/lib/python3.11/site-packages/coverage/report_core.py:118: CoverageWarning: Couldn't parse '/home/runner/work/AWA-App/AWA-App/C:\Users\Alexey\Documents\GitHub\AWA-App\services\api\routes\repository.py': No source for code: '/home/runner/work/AWA-App/AWA-App/C:\Users\Alexey\Documents\GitHub\AWA-App\services\api\routes\repository.py'. (couldnt-parse)
2025-08-18T22:11:32.2941567Z   coverage._warn(msg, slug="couldnt-parse")
2025-08-18T22:11:32.2943114Z /opt/hostedtoolcache/Python/3.11.13/x64/lib/python3.11/site-packages/coverage/report_core.py:118: CoverageWarning: Couldn't parse '/home/runner/work/AWA-App/AWA-App/C:\Users\Alexey\Documents\GitHub\AWA-App\services\api\routes\roi.py': No source for code: '/home/runner/work/AWA-App/AWA-App/C:\Users\Alexey\Documents\GitHub\AWA-App\services\api\routes\roi.py'. (couldnt-parse)
2025-08-18T22:11:32.2944998Z   coverage._warn(msg, slug="couldnt-parse")
2025-08-18T22:11:32.2946830Z /opt/hostedtoolcache/Python/3.11.13/x64/lib/python3.11/site-packages/coverage/report_core.py:118: CoverageWarning: Couldn't parse '/home/runner/work/AWA-App/AWA-App/C:\Users\Alexey\Documents\GitHub\AWA-App\services\api\routes\stats.py': No source for code: '/home/runner/work/AWA-App/AWA-App/C:\Users\Alexey\Documents\GitHub\AWA-App\services\api\routes\stats.py'. (couldnt-parse)
2025-08-18T22:11:32.2948283Z   coverage._warn(msg, slug="couldnt-parse")
2025-08-18T22:11:32.2950111Z /opt/hostedtoolcache/Python/3.11.13/x64/lib/python3.11/site-packages/coverage/report_core.py:118: CoverageWarning: Couldn't parse '/home/runner/work/AWA-App/AWA-App/C:\Users\Alexey\Documents\GitHub\AWA-App\services\common\__init__.py': No source for code: '/home/runner/work/AWA-App/AWA-App/C:\Users\Alexey\Documents\GitHub\AWA-App\services\common\__init__.py'. (couldnt-parse)
2025-08-18T22:11:32.2951553Z   coverage._warn(msg, slug="couldnt-parse")
2025-08-18T22:11:32.2953207Z /opt/hostedtoolcache/Python/3.11.13/x64/lib/python3.11/site-packages/coverage/report_core.py:118: CoverageWarning: Couldn't parse '/home/runner/work/AWA-App/AWA-App/C:\Users\Alexey\Documents\GitHub\AWA-App\services\common\base.py': No source for code: '/home/runner/work/AWA-App/AWA-App/C:\Users\Alexey\Documents\GitHub\AWA-App\services\common\base.py'. (couldnt-parse)
2025-08-18T22:11:32.2955110Z   coverage._warn(msg, slug="couldnt-parse")
2025-08-18T22:11:32.2956588Z /opt/hostedtoolcache/Python/3.11.13/x64/lib/python3.11/site-packages/coverage/report_core.py:118: CoverageWarning: Couldn't parse '/home/runner/work/AWA-App/AWA-App/C:\Users\Alexey\Documents\GitHub\AWA-App\services\common\config.py': No source for code: '/home/runner/work/AWA-App/AWA-App/C:\Users\Alexey\Documents\GitHub\AWA-App\services\common\config.py'. (couldnt-parse)
2025-08-18T22:11:32.2958389Z   coverage._warn(msg, slug="couldnt-parse")
2025-08-18T22:11:32.2959686Z /opt/hostedtoolcache/Python/3.11.13/x64/lib/python3.11/site-packages/coverage/report_core.py:118: CoverageWarning: Couldn't parse '/home/runner/work/AWA-App/AWA-App/C:\Users\Alexey\Documents\GitHub\AWA-App\services\common\db.py': No source for code: '/home/runner/work/AWA-App/AWA-App/C:\Users\Alexey\Documents\GitHub\AWA-App\services\common\db.py'. (couldnt-parse)
2025-08-18T22:11:32.2961611Z   coverage._warn(msg, slug="couldnt-parse")
2025-08-18T22:11:32.2963388Z /opt/hostedtoolcache/Python/3.11.13/x64/lib/python3.11/site-packages/coverage/report_core.py:118: CoverageWarning: Couldn't parse '/home/runner/work/AWA-App/AWA-App/C:\Users\Alexey\Documents\GitHub\AWA-App\services\common\db_url.py': No source for code: '/home/runner/work/AWA-App/AWA-App/C:\Users\Alexey\Documents\GitHub\AWA-App\services\common\db_url.py'. (couldnt-parse)
2025-08-18T22:11:32.2964959Z   coverage._warn(msg, slug="couldnt-parse")
2025-08-18T22:11:32.2966787Z /opt/hostedtoolcache/Python/3.11.13/x64/lib/python3.11/site-packages/coverage/report_core.py:118: CoverageWarning: Couldn't parse '/home/runner/work/AWA-App/AWA-App/C:\Users\Alexey\Documents\GitHub\AWA-App\services\common\dsn.py': No source for code: '/home/runner/work/AWA-App/AWA-App/C:\Users\Alexey\Documents\GitHub\AWA-App\services\common\dsn.py'. (couldnt-parse)
2025-08-18T22:11:32.2968158Z   coverage._warn(msg, slug="couldnt-parse")
2025-08-18T22:11:32.2970033Z /opt/hostedtoolcache/Python/3.11.13/x64/lib/python3.11/site-packages/coverage/report_core.py:118: CoverageWarning: Couldn't parse '/home/runner/work/AWA-App/AWA-App/C:\Users\Alexey\Documents\GitHub\AWA-App\services\common\keepa.py': No source for code: '/home/runner/work/AWA-App/AWA-App/C:\Users\Alexey\Documents\GitHub\AWA-App\services\common\keepa.py'. (couldnt-parse)
2025-08-18T22:11:32.2971868Z   coverage._warn(msg, slug="couldnt-parse")
2025-08-18T22:11:32.2973207Z /opt/hostedtoolcache/Python/3.11.13/x64/lib/python3.11/site-packages/coverage/report_core.py:118: CoverageWarning: Couldn't parse '/home/runner/work/AWA-App/AWA-App/C:\Users\Alexey\Documents\GitHub\AWA-App\services\common\llm.py': No source for code: '/home/runner/work/AWA-App/AWA-App/C:\Users\Alexey\Documents\GitHub\AWA-App\services\common\llm.py'. (couldnt-parse)
2025-08-18T22:11:32.2975231Z   coverage._warn(msg, slug="couldnt-parse")
2025-08-18T22:11:32.2976780Z /opt/hostedtoolcache/Python/3.11.13/x64/lib/python3.11/site-packages/coverage/report_core.py:118: CoverageWarning: Couldn't parse '/home/runner/work/AWA-App/AWA-App/C:\Users\Alexey\Documents\GitHub\AWA-App\services\common\models_vendor.py': No source for code: '/home/runner/work/AWA-App/AWA-App/C:\Users\Alexey\Documents\GitHub\AWA-App\services\common\models_vendor.py'. (couldnt-parse)
2025-08-18T22:11:32.2978398Z   coverage._warn(msg, slug="couldnt-parse")
2025-08-18T22:11:32.2980163Z /opt/hostedtoolcache/Python/3.11.13/x64/lib/python3.11/site-packages/coverage/report_core.py:118: CoverageWarning: Couldn't parse '/home/runner/work/AWA-App/AWA-App/C:\Users\Alexey\Documents\GitHub\AWA-App\services\common\settings.py': No source for code: '/home/runner/work/AWA-App/AWA-App/C:\Users\Alexey\Documents\GitHub\AWA-App\services\common\settings.py'. (couldnt-parse)
2025-08-18T22:11:32.2981509Z   coverage._warn(msg, slug="couldnt-parse")
2025-08-18T22:11:32.2983263Z /opt/hostedtoolcache/Python/3.11.13/x64/lib/python3.11/site-packages/coverage/report_core.py:118: CoverageWarning: Couldn't parse '/home/runner/work/AWA-App/AWA-App/C:\Users\Alexey\Documents\GitHub\AWA-App\services\db\__init__.py': No source for code: '/home/runner/work/AWA-App/AWA-App/C:\Users\Alexey\Documents\GitHub\AWA-App\services\db\__init__.py'. (couldnt-parse)
2025-08-18T22:11:32.2984876Z   coverage._warn(msg, slug="couldnt-parse")
2025-08-18T22:11:32.2986645Z /opt/hostedtoolcache/Python/3.11.13/x64/lib/python3.11/site-packages/coverage/report_core.py:118: CoverageWarning: Couldn't parse '/home/runner/work/AWA-App/AWA-App/C:\Users\Alexey\Documents\GitHub\AWA-App\services\db\utils\__init__.py': No source for code: '/home/runner/work/AWA-App/AWA-App/C:\Users\Alexey\Documents\GitHub\AWA-App\services\db\utils\__init__.py'. (couldnt-parse)
2025-08-18T22:11:32.2988604Z   coverage._warn(msg, slug="couldnt-parse")
2025-08-18T22:11:32.2989910Z /opt/hostedtoolcache/Python/3.11.13/x64/lib/python3.11/site-packages/coverage/report_core.py:118: CoverageWarning: Couldn't parse '/home/runner/work/AWA-App/AWA-App/C:\Users\Alexey\Documents\GitHub\AWA-App\services\db\utils\views.py': No source for code: '/home/runner/work/AWA-App/AWA-App/C:\Users\Alexey\Documents\GitHub\AWA-App\services\db\utils\views.py'. (couldnt-parse)
2025-08-18T22:11:32.2991691Z   coverage._warn(msg, slug="couldnt-parse")
2025-08-18T22:11:32.2993328Z /opt/hostedtoolcache/Python/3.11.13/x64/lib/python3.11/site-packages/coverage/report_core.py:118: CoverageWarning: Couldn't parse '/home/runner/work/AWA-App/AWA-App/C:\Users\Alexey\Documents\GitHub\AWA-App\services\emailer\__init__.py': No source for code: '/home/runner/work/AWA-App/AWA-App/C:\Users\Alexey\Documents\GitHub\AWA-App\services\emailer\__init__.py'. (couldnt-parse)
2025-08-18T22:11:32.2994960Z   coverage._warn(msg, slug="couldnt-parse")
2025-08-18T22:11:32.2996790Z /opt/hostedtoolcache/Python/3.11.13/x64/lib/python3.11/site-packages/coverage/report_core.py:118: CoverageWarning: Couldn't parse '/home/runner/work/AWA-App/AWA-App/C:\Users\Alexey\Documents\GitHub\AWA-App\services\emailer\generate_body.py': No source for code: '/home/runner/work/AWA-App/AWA-App/C:\Users\Alexey\Documents\GitHub\AWA-App\services\emailer\generate_body.py'. (couldnt-parse)
2025-08-18T22:11:32.2998305Z   coverage._warn(msg, slug="couldnt-parse")
2025-08-18T22:11:32.2999988Z /opt/hostedtoolcache/Python/3.11.13/x64/lib/python3.11/site-packages/coverage/report_core.py:118: CoverageWarning: Couldn't parse '/home/runner/work/AWA-App/AWA-App/C:\Users\Alexey\Documents\GitHub\AWA-App\services\etl\__init__.py': No source for code: '/home/runner/work/AWA-App/AWA-App/C:\Users\Alexey\Documents\GitHub\AWA-App\services\etl\__init__.py'. (couldnt-parse)
2025-08-18T22:11:32.3001754Z   coverage._warn(msg, slug="couldnt-parse")
2025-08-18T22:11:32.3003043Z /opt/hostedtoolcache/Python/3.11.13/x64/lib/python3.11/site-packages/coverage/report_core.py:118: CoverageWarning: Couldn't parse '/home/runner/work/AWA-App/AWA-App/C:\Users\Alexey\Documents\GitHub\AWA-App\services\etl\db.py': No source for code: '/home/runner/work/AWA-App/AWA-App/C:\Users\Alexey\Documents\GitHub\AWA-App\services\etl\db.py'. (couldnt-parse)
2025-08-18T22:11:32.3004890Z   coverage._warn(msg, slug="couldnt-parse")
2025-08-18T22:11:32.3006583Z /opt/hostedtoolcache/Python/3.11.13/x64/lib/python3.11/site-packages/coverage/report_core.py:118: CoverageWarning: Couldn't parse '/home/runner/work/AWA-App/AWA-App/C:\Users\Alexey\Documents\GitHub\AWA-App\services\etl\dialects\__init__.py': No source for code: '/home/runner/work/AWA-App/AWA-App/C:\Users\Alexey\Documents\GitHub\AWA-App\services\etl\dialects\__init__.py'. (couldnt-parse)
2025-08-18T22:11:32.3008016Z   coverage._warn(msg, slug="couldnt-parse")
2025-08-18T22:11:32.3009924Z /opt/hostedtoolcache/Python/3.11.13/x64/lib/python3.11/site-packages/coverage/report_core.py:118: CoverageWarning: Couldn't parse '/home/runner/work/AWA-App/AWA-App/C:\Users\Alexey\Documents\GitHub\AWA-App\services\etl\dialects\amazon_reimbursements.py': No source for code: '/home/runner/work/AWA-App/AWA-App/C:\Users\Alexey\Documents\GitHub\AWA-App\services\etl\dialects\amazon_reimbursements.py'. (couldnt-parse)
2025-08-18T22:11:32.3011710Z   coverage._warn(msg, slug="couldnt-parse")
2025-08-18T22:11:32.3013202Z /opt/hostedtoolcache/Python/3.11.13/x64/lib/python3.11/site-packages/coverage/report_core.py:118: CoverageWarning: Couldn't parse '/home/runner/work/AWA-App/AWA-App/C:\Users\Alexey\Documents\GitHub\AWA-App\services\etl\dialects\amazon_returns.py': No source for code: '/home/runner/work/AWA-App/AWA-App/C:\Users\Alexey\Documents\GitHub\AWA-App\services\etl\dialects\amazon_returns.py'. (couldnt-parse)
2025-08-18T22:11:32.3015192Z   coverage._warn(msg, slug="couldnt-parse")
2025-08-18T22:11:32.3016680Z /opt/hostedtoolcache/Python/3.11.13/x64/lib/python3.11/site-packages/coverage/report_core.py:118: CoverageWarning: Couldn't parse '/home/runner/work/AWA-App/AWA-App/C:\Users\Alexey\Documents\GitHub\AWA-App\services\etl\fba_fee_ingestor.py': No source for code: '/home/runner/work/AWA-App/AWA-App/C:\Users\Alexey\Documents\GitHub\AWA-App\services\etl\fba_fee_ingestor.py'. (couldnt-parse)
2025-08-18T22:11:32.3018407Z   coverage._warn(msg, slug="couldnt-parse")
2025-08-18T22:11:32.3020211Z /opt/hostedtoolcache/Python/3.11.13/x64/lib/python3.11/site-packages/coverage/report_core.py:118: CoverageWarning: Couldn't parse '/home/runner/work/AWA-App/AWA-App/C:\Users\Alexey\Documents\GitHub\AWA-App\services\etl\keepa_ingestor.py': No source for code: '/home/runner/work/AWA-App/AWA-App/C:\Users\Alexey\Documents\GitHub\AWA-App\services\etl\keepa_ingestor.py'. (couldnt-parse)
2025-08-18T22:11:32.3021614Z   coverage._warn(msg, slug="couldnt-parse")
2025-08-18T22:11:32.3023339Z /opt/hostedtoolcache/Python/3.11.13/x64/lib/python3.11/site-packages/coverage/report_core.py:118: CoverageWarning: Couldn't parse '/home/runner/work/AWA-App/AWA-App/C:\Users\Alexey\Documents\GitHub\AWA-App\services\etl\sp_fees_ingestor.py': No source for code: '/home/runner/work/AWA-App/AWA-App/C:\Users\Alexey\Documents\GitHub\AWA-App\services\etl\sp_fees_ingestor.py'. (couldnt-parse)
2025-08-18T22:11:32.3025346Z   coverage._warn(msg, slug="couldnt-parse")
2025-08-18T22:11:32.3026791Z /opt/hostedtoolcache/Python/3.11.13/x64/lib/python3.11/site-packages/coverage/report_core.py:118: CoverageWarning: Couldn't parse '/home/runner/work/AWA-App/AWA-App/C:\Users\Alexey\Documents\GitHub\AWA-App\services\fees_h10\__init__.py': No source for code: '/home/runner/work/AWA-App/AWA-App/C:\Users\Alexey\Documents\GitHub\AWA-App\services\fees_h10\__init__.py'. (couldnt-parse)
2025-08-18T22:11:32.3028588Z   coverage._warn(msg, slug="couldnt-parse")
2025-08-18T22:11:32.3030272Z /opt/hostedtoolcache/Python/3.11.13/x64/lib/python3.11/site-packages/coverage/report_core.py:118: CoverageWarning: Couldn't parse '/home/runner/work/AWA-App/AWA-App/C:\Users\Alexey\Documents\GitHub\AWA-App\services\fees_h10\client.py': No source for code: '/home/runner/work/AWA-App/AWA-App/C:\Users\Alexey\Documents\GitHub\AWA-App\services\fees_h10\client.py'. (couldnt-parse)
2025-08-18T22:11:32.3031653Z   coverage._warn(msg, slug="couldnt-parse")
2025-08-18T22:11:32.3033486Z /opt/hostedtoolcache/Python/3.11.13/x64/lib/python3.11/site-packages/coverage/report_core.py:118: CoverageWarning: Couldn't parse '/home/runner/work/AWA-App/AWA-App/C:\Users\Alexey\Documents\GitHub\AWA-App\services\fees_h10\repository.py': No source for code: '/home/runner/work/AWA-App/AWA-App/C:\Users\Alexey\Documents\GitHub\AWA-App\services\fees_h10\repository.py'. (couldnt-parse)
2025-08-18T22:11:32.3035248Z   coverage._warn(msg, slug="couldnt-parse")
2025-08-18T22:11:32.3036767Z /opt/hostedtoolcache/Python/3.11.13/x64/lib/python3.11/site-packages/coverage/report_core.py:118: CoverageWarning: Couldn't parse '/home/runner/work/AWA-App/AWA-App/C:\Users\Alexey\Documents\GitHub\AWA-App\services\fees_h10\worker.py': No source for code: '/home/runner/work/AWA-App/AWA-App/C:\Users\Alexey\Documents\GitHub\AWA-App\services\fees_h10\worker.py'. (couldnt-parse)
2025-08-18T22:11:32.3038537Z   coverage._warn(msg, slug="couldnt-parse")
2025-08-18T22:11:32.3039849Z /opt/hostedtoolcache/Python/3.11.13/x64/lib/python3.11/site-packages/coverage/report_core.py:118: CoverageWarning: Couldn't parse '/home/runner/work/AWA-App/AWA-App/C:\Users\Alexey\Documents\GitHub\AWA-App\services\ingest\__init__.py': No source for code: '/home/runner/work/AWA-App/AWA-App/C:\Users\Alexey\Documents\GitHub\AWA-App\services\ingest\__init__.py'. (couldnt-parse)
2025-08-18T22:11:32.3041602Z   coverage._warn(msg, slug="couldnt-parse")
2025-08-18T22:11:32.3043354Z /opt/hostedtoolcache/Python/3.11.13/x64/lib/python3.11/site-packages/coverage/report_core.py:118: CoverageWarning: Couldn't parse '/home/runner/work/AWA-App/AWA-App/C:\Users\Alexey\Documents\GitHub\AWA-App\services\ingest\email_watcher.py': No source for code: '/home/runner/work/AWA-App/AWA-App/C:\Users\Alexey\Documents\GitHub\AWA-App\services\ingest\email_watcher.py'. (couldnt-parse)
2025-08-18T22:11:32.3045010Z   coverage._warn(msg, slug="couldnt-parse")
2025-08-18T22:11:32.3046880Z /opt/hostedtoolcache/Python/3.11.13/x64/lib/python3.11/site-packages/coverage/report_core.py:118: CoverageWarning: Couldn't parse '/home/runner/work/AWA-App/AWA-App/C:\Users\Alexey\Documents\GitHub\AWA-App\services\ingest\ingest_router.py': No source for code: '/home/runner/work/AWA-App/AWA-App/C:\Users\Alexey\Documents\GitHub\AWA-App\services\ingest\ingest_router.py'. (couldnt-parse)
2025-08-18T22:11:32.3048633Z   coverage._warn(msg, slug="couldnt-parse")
2025-08-18T22:11:32.3050032Z /opt/hostedtoolcache/Python/3.11.13/x64/lib/python3.11/site-packages/coverage/report_core.py:118: CoverageWarning: Couldn't parse '/home/runner/work/AWA-App/AWA-App/C:\Users\Alexey\Documents\GitHub\AWA-App\services\ingest\upload_router.py': No source for code: '/home/runner/work/AWA-App/AWA-App/C:\Users\Alexey\Documents\GitHub\AWA-App\services\ingest\upload_router.py'. (couldnt-parse)
2025-08-18T22:11:32.3051867Z   coverage._warn(msg, slug="couldnt-parse")
2025-08-18T22:11:32.3053436Z /opt/hostedtoolcache/Python/3.11.13/x64/lib/python3.11/site-packages/coverage/report_core.py:118: CoverageWarning: Couldn't parse '/home/runner/work/AWA-App/AWA-App/C:\Users\Alexey\Documents\GitHub\AWA-App\services\llm_server\__init__.py': No source for code: '/home/runner/work/AWA-App/AWA-App/C:\Users\Alexey\Documents\GitHub\AWA-App\services\llm_server\__init__.py'. (couldnt-parse)
2025-08-18T22:11:32.3055213Z   coverage._warn(msg, slug="couldnt-parse")
2025-08-18T22:11:32.3057016Z /opt/hostedtoolcache/Python/3.11.13/x64/lib/python3.11/site-packages/coverage/report_core.py:118: CoverageWarning: Couldn't parse '/home/runner/work/AWA-App/AWA-App/C:\Users\Alexey\Documents\GitHub\AWA-App\services\llm_server\app.py': No source for code: '/home/runner/work/AWA-App/AWA-App/C:\Users\Alexey\Documents\GitHub\AWA-App\services\llm_server\app.py'. (couldnt-parse)
2025-08-18T22:11:32.3058437Z   coverage._warn(msg, slug="couldnt-parse")
2025-08-18T22:11:32.3060112Z /opt/hostedtoolcache/Python/3.11.13/x64/lib/python3.11/site-packages/coverage/report_core.py:118: CoverageWarning: Couldn't parse '/home/runner/work/AWA-App/AWA-App/C:\Users\Alexey\Documents\GitHub\AWA-App\services\logistics_etl\__init__.py': No source for code: '/home/runner/work/AWA-App/AWA-App/C:\Users\Alexey\Documents\GitHub\AWA-App\services\logistics_etl\__init__.py'. (couldnt-parse)
2025-08-18T22:11:32.3061909Z   coverage._warn(msg, slug="couldnt-parse")
2025-08-18T22:11:32.3063256Z /opt/hostedtoolcache/Python/3.11.13/x64/lib/python3.11/site-packages/coverage/report_core.py:118: CoverageWarning: Couldn't parse '/home/runner/work/AWA-App/AWA-App/C:\Users\Alexey\Documents\GitHub\AWA-App\services\logistics_etl\__main__.py': No source for code: '/home/runner/work/AWA-App/AWA-App/C:\Users\Alexey\Documents\GitHub\AWA-App\services\logistics_etl\__main__.py'. (couldnt-parse)
2025-08-18T22:11:32.3065213Z   coverage._warn(msg, slug="couldnt-parse")
2025-08-18T22:11:32.3066916Z /opt/hostedtoolcache/Python/3.11.13/x64/lib/python3.11/site-packages/coverage/report_core.py:118: CoverageWarning: Couldn't parse '/home/runner/work/AWA-App/AWA-App/C:\Users\Alexey\Documents\GitHub\AWA-App\services\logistics_etl\client.py': No source for code: '/home/runner/work/AWA-App/AWA-App/C:\Users\Alexey\Documents\GitHub\AWA-App\services\logistics_etl\client.py'. (couldnt-parse)
2025-08-18T22:11:32.3068357Z   coverage._warn(msg, slug="couldnt-parse")
2025-08-18T22:11:32.3070148Z /opt/hostedtoolcache/Python/3.11.13/x64/lib/python3.11/site-packages/coverage/report_core.py:118: CoverageWarning: Couldn't parse '/home/runner/work/AWA-App/AWA-App/C:\Users\Alexey\Documents\GitHub\AWA-App\services\logistics_etl\cron.py': No source for code: '/home/runner/work/AWA-App/AWA-App/C:\Users\Alexey\Documents\GitHub\AWA-App\services\logistics_etl\cron.py'. (couldnt-parse)
2025-08-18T22:11:32.3071712Z   coverage._warn(msg, slug="couldnt-parse")
2025-08-18T22:11:32.3073227Z /opt/hostedtoolcache/Python/3.11.13/x64/lib/python3.11/site-packages/coverage/report_core.py:118: CoverageWarning: Couldn't parse '/home/runner/work/AWA-App/AWA-App/C:\Users\Alexey\Documents\GitHub\AWA-App\services\logistics_etl\db.py': No source for code: '/home/runner/work/AWA-App/AWA-App/C:\Users\Alexey\Documents\GitHub\AWA-App\services\logistics_etl\db.py'. (couldnt-parse)
2025-08-18T22:11:32.3075349Z   coverage._warn(msg, slug="couldnt-parse")
2025-08-18T22:11:32.3076777Z /opt/hostedtoolcache/Python/3.11.13/x64/lib/python3.11/site-packages/coverage/report_core.py:118: CoverageWarning: Couldn't parse '/home/runner/work/AWA-App/AWA-App/C:\Users\Alexey\Documents\GitHub\AWA-App\services\logistics_etl\flow.py': No source for code: '/home/runner/work/AWA-App/AWA-App/C:\Users\Alexey\Documents\GitHub\AWA-App\services\logistics_etl\flow.py'. (couldnt-parse)
2025-08-18T22:11:32.3078465Z   coverage._warn(msg, slug="couldnt-parse")
2025-08-18T22:11:32.3080347Z /opt/hostedtoolcache/Python/3.11.13/x64/lib/python3.11/site-packages/coverage/report_core.py:118: CoverageWarning: Couldn't parse '/home/runner/work/AWA-App/AWA-App/C:\Users\Alexey\Documents\GitHub\AWA-App\services\logistics_etl\repository.py': No source for code: '/home/runner/work/AWA-App/AWA-App/C:\Users\Alexey\Documents\GitHub\AWA-App\services\logistics_etl\repository.py'. (couldnt-parse)
2025-08-18T22:11:32.3081791Z   coverage._warn(msg, slug="couldnt-parse")
2025-08-18T22:11:32.3083951Z /opt/hostedtoolcache/Python/3.11.13/x64/lib/python3.11/site-packages/coverage/report_core.py:118: CoverageWarning: Couldn't parse '/home/runner/work/AWA-App/AWA-App/C:\Users\Alexey\Documents\GitHub\AWA-App\services\price_importer\__init__.py': No source for code: '/home/runner/work/AWA-App/AWA-App/C:\Users\Alexey\Documents\GitHub\AWA-App\services\price_importer\__init__.py'. (couldnt-parse)
2025-08-18T22:11:32.3085382Z   coverage._warn(msg, slug="couldnt-parse")
2025-08-18T22:11:32.3087289Z /opt/hostedtoolcache/Python/3.11.13/x64/lib/python3.11/site-packages/coverage/report_core.py:118: CoverageWarning: Couldn't parse '/home/runner/work/AWA-App/AWA-App/C:\Users\Alexey\Documents\GitHub\AWA-App\services\price_importer\common\__init__.py': No source for code: '/home/runner/work/AWA-App/AWA-App/C:\Users\Alexey\Documents\GitHub\AWA-App\services\price_importer\common\__init__.py'. (couldnt-parse)
2025-08-18T22:11:32.3089003Z   coverage._warn(msg, slug="couldnt-parse")
2025-08-18T22:11:32.3090526Z /opt/hostedtoolcache/Python/3.11.13/x64/lib/python3.11/site-packages/coverage/report_core.py:118: CoverageWarning: Couldn't parse '/home/runner/work/AWA-App/AWA-App/C:\Users\Alexey\Documents\GitHub\AWA-App\services\price_importer\common\base.py': No source for code: '/home/runner/work/AWA-App/AWA-App/C:\Users\Alexey\Documents\GitHub\AWA-App\services\price_importer\common\base.py'. (couldnt-parse)
2025-08-18T22:11:32.3092378Z   coverage._warn(msg, slug="couldnt-parse")
2025-08-18T22:11:32.3094106Z /opt/hostedtoolcache/Python/3.11.13/x64/lib/python3.11/site-packages/coverage/report_core.py:118: CoverageWarning: Couldn't parse '/home/runner/work/AWA-App/AWA-App/C:\Users\Alexey\Documents\GitHub\AWA-App\services\price_importer\common\db_url.py': No source for code: '/home/runner/work/AWA-App/AWA-App/C:\Users\Alexey\Documents\GitHub\AWA-App\services\price_importer\common\db_url.py'. (couldnt-parse)
2025-08-18T22:11:32.3095721Z   coverage._warn(msg, slug="couldnt-parse")
2025-08-18T22:11:32.3097625Z /opt/hostedtoolcache/Python/3.11.13/x64/lib/python3.11/site-packages/coverage/report_core.py:118: CoverageWarning: Couldn't parse '/home/runner/work/AWA-App/AWA-App/C:\Users\Alexey\Documents\GitHub\AWA-App\services\price_importer\common\models_vendor.py': No source for code: '/home/runner/work/AWA-App/AWA-App/C:\Users\Alexey\Documents\GitHub\AWA-App\services\price_importer\common\models_vendor.py'. (couldnt-parse)
2025-08-18T22:11:32.3099246Z   coverage._warn(msg, slug="couldnt-parse")
2025-08-18T22:11:32.3100847Z /opt/hostedtoolcache/Python/3.11.13/x64/lib/python3.11/site-packages/coverage/report_core.py:118: CoverageWarning: Couldn't parse '/home/runner/work/AWA-App/AWA-App/C:\Users\Alexey\Documents\GitHub\AWA-App\services\price_importer\import.py': No source for code: '/home/runner/work/AWA-App/AWA-App/C:\Users\Alexey\Documents\GitHub\AWA-App\services\price_importer\import.py'. (couldnt-parse)
2025-08-18T22:11:32.3102855Z   coverage._warn(msg, slug="couldnt-parse")
2025-08-18T22:11:32.3104807Z /opt/hostedtoolcache/Python/3.11.13/x64/lib/python3.11/site-packages/coverage/report_core.py:118: CoverageWarning: Couldn't parse '/home/runner/work/AWA-App/AWA-App/C:\Users\Alexey\Documents\GitHub\AWA-App\services\price_importer\normaliser.py': No source for code: '/home/runner/work/AWA-App/AWA-App/C:\Users\Alexey\Documents\GitHub\AWA-App\services\price_importer\normaliser.py'. (couldnt-parse)
2025-08-18T22:11:32.3106326Z   coverage._warn(msg, slug="couldnt-parse")
2025-08-18T22:11:32.3108172Z /opt/hostedtoolcache/Python/3.11.13/x64/lib/python3.11/site-packages/coverage/report_core.py:118: CoverageWarning: Couldn't parse '/home/runner/work/AWA-App/AWA-App/C:\Users\Alexey\Documents\GitHub\AWA-App\services\price_importer\reader.py': No source for code: '/home/runner/work/AWA-App/AWA-App/C:\Users\Alexey\Documents\GitHub\AWA-App\services\price_importer\reader.py'. (couldnt-parse)
2025-08-18T22:11:32.3109777Z   coverage._warn(msg, slug="couldnt-parse")
2025-08-18T22:11:32.3111522Z /opt/hostedtoolcache/Python/3.11.13/x64/lib/python3.11/site-packages/coverage/report_core.py:118: CoverageWarning: Couldn't parse '/home/runner/work/AWA-App/AWA-App/C:\Users\Alexey\Documents\GitHub\AWA-App\services\price_importer\repository.py': No source for code: '/home/runner/work/AWA-App/AWA-App/C:\Users\Alexey\Documents\GitHub\AWA-App\services\price_importer\repository.py'. (couldnt-parse)
2025-08-18T22:11:32.3113483Z   coverage._warn(msg, slug="couldnt-parse")
2025-08-18T22:11:32.3115678Z /opt/hostedtoolcache/Python/3.11.13/x64/lib/python3.11/site-packages/coverage/report_core.py:118: CoverageWarning: Couldn't parse '/home/runner/work/AWA-App/AWA-App/C:\Users\Alexey\Documents\GitHub\AWA-App\services\price_importer\services_common\__init__.py': No source for code: '/home/runner/work/AWA-App/AWA-App/C:\Users\Alexey\Documents\GitHub\AWA-App\services\price_importer\services_common\__init__.py'. (couldnt-parse)
2025-08-18T22:11:32.3117181Z   coverage._warn(msg, slug="couldnt-parse")
2025-08-18T22:11:32.3118640Z /opt/hostedtoolcache/Python/3.11.13/x64/lib/python3.11/site-packages/coverage/report_core.py:118: CoverageWarning: Couldn't parse '/home/runner/work/AWA-App/AWA-App/C:\Users\Alexey\Documents\GitHub\AWA-App\services\price_importer\services_common\base.py': No source for code: '/home/runner/work/AWA-App/AWA-App/C:\Users\Alexey\Documents\GitHub\AWA-App\services\price_importer\services_common\base.py'. (couldnt-parse)
2025-08-18T22:11:32.3120078Z   coverage._warn(msg, slug="couldnt-parse")
2025-08-18T22:11:32.3121498Z /opt/hostedtoolcache/Python/3.11.13/x64/lib/python3.11/site-packages/coverage/report_core.py:118: CoverageWarning: Couldn't parse '/home/runner/work/AWA-App/AWA-App/C:\Users\Alexey\Documents\GitHub\AWA-App\services\price_importer\services_common\db.py': No source for code: '/home/runner/work/AWA-App/AWA-App/C:\Users\Alexey\Documents\GitHub\AWA-App\services\price_importer\services_common\db.py'. (couldnt-parse)
2025-08-18T22:11:32.3122925Z   coverage._warn(msg, slug="couldnt-parse")
2025-08-18T22:11:32.3124557Z /opt/hostedtoolcache/Python/3.11.13/x64/lib/python3.11/site-packages/coverage/report_core.py:118: CoverageWarning: Couldn't parse '/home/runner/work/AWA-App/AWA-App/C:\Users\Alexey\Documents\GitHub\AWA-App\services\price_importer\services_common\db_url.py': No source for code: '/home/runner/work/AWA-App/AWA-App/C:\Users\Alexey\Documents\GitHub\AWA-App\services\price_importer\services_common\db_url.py'. (couldnt-parse)
2025-08-18T22:11:32.3126029Z   coverage._warn(msg, slug="couldnt-parse")
2025-08-18T22:11:32.3127473Z /opt/hostedtoolcache/Python/3.11.13/x64/lib/python3.11/site-packages/coverage/report_core.py:118: CoverageWarning: Couldn't parse '/home/runner/work/AWA-App/AWA-App/C:\Users\Alexey\Documents\GitHub\AWA-App\services\price_importer\services_common\dsn.py': No source for code: '/home/runner/work/AWA-App/AWA-App/C:\Users\Alexey\Documents\GitHub\AWA-App\services\price_importer\services_common\dsn.py'. (couldnt-parse)
2025-08-18T22:11:32.3129041Z   coverage._warn(msg, slug="couldnt-parse")
2025-08-18T22:11:32.3131675Z /opt/hostedtoolcache/Python/3.11.13/x64/lib/python3.11/site-packages/coverage/report_core.py:118: CoverageWarning: Couldn't parse '/home/runner/work/AWA-App/AWA-App/C:\Users\Alexey\Documents\GitHub\AWA-App\services\price_importer\services_common\keepa.py': No source for code: '/home/runner/work/AWA-App/AWA-App/C:\Users\Alexey\Documents\GitHub\AWA-App\services\price_importer\services_common\keepa.py'. (couldnt-parse)
2025-08-18T22:11:32.3133231Z   coverage._warn(msg, slug="couldnt-parse")
2025-08-18T22:11:32.3134863Z /opt/hostedtoolcache/Python/3.11.13/x64/lib/python3.11/site-packages/coverage/report_core.py:118: CoverageWarning: Couldn't parse '/home/runner/work/AWA-App/AWA-App/C:\Users\Alexey\Documents\GitHub\AWA-App\services\price_importer\services_common\llm.py': No source for code: '/home/runner/work/AWA-App/AWA-App/C:\Users\Alexey\Documents\GitHub\AWA-App\services\price_importer\services_common\llm.py'. (couldnt-parse)
2025-08-18T22:11:32.3136347Z   coverage._warn(msg, slug="couldnt-parse")
2025-08-18T22:11:32.3138045Z /opt/hostedtoolcache/Python/3.11.13/x64/lib/python3.11/site-packages/coverage/report_core.py:118: CoverageWarning: Couldn't parse '/home/runner/work/AWA-App/AWA-App/C:\Users\Alexey\Documents\GitHub\AWA-App\services\price_importer\services_common\models_vendor.py': No source for code: '/home/runner/work/AWA-App/AWA-App/C:\Users\Alexey\Documents\GitHub\AWA-App\services\price_importer\services_common\models_vendor.py'. (couldnt-parse)
2025-08-18T22:11:32.3139658Z   coverage._warn(msg, slug="couldnt-parse")
2025-08-18T22:11:32.3141443Z /opt/hostedtoolcache/Python/3.11.13/x64/lib/python3.11/site-packages/coverage/report_core.py:118: CoverageWarning: Couldn't parse '/home/runner/work/AWA-App/AWA-App/C:\Users\Alexey\Documents\GitHub\AWA-App\services\price_importer\services_common\settings.py': No source for code: '/home/runner/work/AWA-App/AWA-App/C:\Users\Alexey\Documents\GitHub\AWA-App\services\price_importer\services_common\settings.py'. (couldnt-parse)
2025-08-18T22:11:32.3142921Z   coverage._warn(msg, slug="couldnt-parse")
2025-08-18T22:11:32.3144362Z /opt/hostedtoolcache/Python/3.11.13/x64/lib/python3.11/site-packages/coverage/report_core.py:118: CoverageWarning: Couldn't parse '/home/runner/work/AWA-App/AWA-App/C:\Users\Alexey\Documents\GitHub\AWA-App\services\repricer\__init__.py': No source for code: '/home/runner/work/AWA-App/AWA-App/C:\Users\Alexey\Documents\GitHub\AWA-App\services\repricer\__init__.py'. (couldnt-parse)
2025-08-18T22:11:32.3145680Z   coverage._warn(msg, slug="couldnt-parse")
2025-08-18T22:11:32.3147038Z /opt/hostedtoolcache/Python/3.11.13/x64/lib/python3.11/site-packages/coverage/report_core.py:118: CoverageWarning: Couldn't parse '/home/runner/work/AWA-App/AWA-App/C:\Users\Alexey\Documents\GitHub\AWA-App\services\repricer\app\__init__.py': No source for code: '/home/runner/work/AWA-App/AWA-App/C:\Users\Alexey\Documents\GitHub\AWA-App\services\repricer\app\__init__.py'. (couldnt-parse)
2025-08-18T22:11:32.3148373Z   coverage._warn(msg, slug="couldnt-parse")
2025-08-18T22:11:32.3149693Z /opt/hostedtoolcache/Python/3.11.13/x64/lib/python3.11/site-packages/coverage/report_core.py:118: CoverageWarning: Couldn't parse '/home/runner/work/AWA-App/AWA-App/C:\Users\Alexey\Documents\GitHub\AWA-App\services\repricer\app\deps.py': No source for code: '/home/runner/work/AWA-App/AWA-App/C:\Users\Alexey\Documents\GitHub\AWA-App\services\repricer\app\deps.py'. (couldnt-parse)
2025-08-18T22:11:32.3151008Z   coverage._warn(msg, slug="couldnt-parse")
2025-08-18T22:11:32.3152326Z /opt/hostedtoolcache/Python/3.11.13/x64/lib/python3.11/site-packages/coverage/report_core.py:118: CoverageWarning: Couldn't parse '/home/runner/work/AWA-App/AWA-App/C:\Users\Alexey\Documents\GitHub\AWA-App\services\repricer\app\logic.py': No source for code: '/home/runner/work/AWA-App/AWA-App/C:\Users\Alexey\Documents\GitHub\AWA-App\services\repricer\app\logic.py'. (couldnt-parse)
2025-08-18T22:11:32.3154017Z   coverage._warn(msg, slug="couldnt-parse")
2025-08-18T22:11:32.3155348Z /opt/hostedtoolcache/Python/3.11.13/x64/lib/python3.11/site-packages/coverage/report_core.py:118: CoverageWarning: Couldn't parse '/home/runner/work/AWA-App/AWA-App/C:\Users\Alexey\Documents\GitHub\AWA-App\services\repricer\app\main.py': No source for code: '/home/runner/work/AWA-App/AWA-App/C:\Users\Alexey\Documents\GitHub\AWA-App\services\repricer\app\main.py'. (couldnt-parse)
2025-08-18T22:11:32.3156663Z   coverage._warn(msg, slug="couldnt-parse")
2025-08-18T22:11:32.3157996Z /opt/hostedtoolcache/Python/3.11.13/x64/lib/python3.11/site-packages/coverage/report_core.py:118: CoverageWarning: Couldn't parse '/home/runner/work/AWA-App/AWA-App/C:\Users\Alexey\Documents\GitHub\AWA-App\services\repricer\app\schemas.py': No source for code: '/home/runner/work/AWA-App/AWA-App/C:\Users\Alexey\Documents\GitHub\AWA-App\services\repricer\app\schemas.py'. (couldnt-parse)
2025-08-18T22:11:32.3159336Z   coverage._warn(msg, slug="couldnt-parse")
2025-08-18T22:11:32.3160774Z /opt/hostedtoolcache/Python/3.11.13/x64/lib/python3.11/site-packages/coverage/report_core.py:118: CoverageWarning: Couldn't parse '/home/runner/work/AWA-App/AWA-App/C:\Users\Alexey\Documents\GitHub\AWA-App\services\returns_etl\loader.py': No source for code: '/home/runner/work/AWA-App/AWA-App/C:\Users\Alexey\Documents\GitHub\AWA-App\services\returns_etl\loader.py'. (couldnt-parse)
2025-08-18T22:11:32.3162114Z   coverage._warn(msg, slug="couldnt-parse")
2025-08-18T22:11:32.6470211Z ............                                                             [100%]
2025-08-18T22:11:32.6470704Z ================================ tests coverage ================================
2025-08-18T22:11:32.6471253Z _______________ coverage: platform linux, python 3.11.13-final-0 _______________
2025-08-18T22:11:32.6471657Z 
2025-08-18T22:11:32.6471809Z Coverage XML written to file coverage.xml
2025-08-18T22:11:32.7781421Z ##[group]Run actions/upload-artifact@v4
2025-08-18T22:11:32.7781717Z with:
2025-08-18T22:11:32.7781914Z   name: coverage.integration
2025-08-18T22:11:32.7782145Z   path: .coverage
2025-08-18T22:11:32.7782353Z   if-no-files-found: warn
2025-08-18T22:11:32.7782599Z   compression-level: 6
2025-08-18T22:11:32.7782815Z   overwrite: false
2025-08-18T22:11:32.7783011Z   include-hidden-files: false
2025-08-18T22:11:32.7783230Z env:
2025-08-18T22:11:32.7783399Z   PG_USER: postgres
2025-08-18T22:11:32.7783591Z   PG_PASSWORD: pass
2025-08-18T22:11:32.7783989Z   PG_DATABASE: awa
2025-08-18T22:11:32.7784173Z   PG_HOST: localhost
2025-08-18T22:11:32.7784361Z   PG_PORT: 5432
2025-08-18T22:11:32.7784809Z   PG_SYNC_DSN: ***localhost:5432/awa
2025-08-18T22:11:32.7785229Z   PG_ASYNC_DSN: ***localhost:5432/awa
2025-08-18T22:11:32.7785669Z   DATABASE_URL: ***localhost:5432/awa
2025-08-18T22:11:32.7785933Z   DATA_DIR: /tmp/awa-data
2025-08-18T22:11:32.7786142Z   ENABLE_LIVE: 0
2025-08-18T22:11:32.7786353Z   TESTING: 1
2025-08-18T22:11:32.7786597Z   pythonLocation: /opt/hostedtoolcache/Python/3.11.13/x64
2025-08-18T22:11:32.7786988Z   PKG_CONFIG_PATH: /opt/hostedtoolcache/Python/3.11.13/x64/lib/pkgconfig
2025-08-18T22:11:32.7787379Z   Python_ROOT_DIR: /opt/hostedtoolcache/Python/3.11.13/x64
2025-08-18T22:11:32.7787741Z   Python2_ROOT_DIR: /opt/hostedtoolcache/Python/3.11.13/x64
2025-08-18T22:11:32.7788104Z   Python3_ROOT_DIR: /opt/hostedtoolcache/Python/3.11.13/x64
2025-08-18T22:11:32.7788464Z   LD_LIBRARY_PATH: /opt/hostedtoolcache/Python/3.11.13/x64/lib
2025-08-18T22:11:32.7788761Z ##[endgroup]
2025-08-18T22:11:32.9998966Z ##[warning]No files were found with the provided path: .coverage. No artifacts will be uploaded.
2025-08-18T22:11:33.0614307Z Post job cleanup.
2025-08-18T22:11:33.1874810Z Cache hit occurred on the primary key Linux-int-5e718741e550cec7917fae13efe91a31293d04a98c3c0932315e8f58598cbd2c, not saving cache.
2025-08-18T22:11:33.1954051Z Post job cleanup.
2025-08-18T22:11:33.3443236Z Cache hit occurred on the primary key setup-python-Linux-x64-24.04-Ubuntu-python-3.11.13-pip-5e718741e550cec7917fae13efe91a31293d04a98c3c0932315e8f58598cbd2c, not saving cache.
2025-08-18T22:11:33.3552825Z Post job cleanup.
2025-08-18T22:11:33.4467816Z [command]/usr/bin/git version
2025-08-18T22:11:33.4503877Z git version 2.50.1
2025-08-18T22:11:33.4545507Z Temporarily overriding HOME='/home/runner/work/_temp/993a3add-1059-4f75-adc8-8181c8af58c8' before making global git config changes
2025-08-18T22:11:33.4546659Z Adding repository directory to the temporary git global config as a safe directory
2025-08-18T22:11:33.4551094Z [command]/usr/bin/git config --global --add safe.directory /home/runner/work/AWA-App/AWA-App
2025-08-18T22:11:33.4586269Z [command]/usr/bin/git config --local --name-only --get-regexp core\.sshCommand
2025-08-18T22:11:33.4618066Z [command]/usr/bin/git submodule foreach --recursive sh -c "git config --local --name-only --get-regexp 'core\.sshCommand' && git config --local --unset-all 'core.sshCommand' || :"
2025-08-18T22:11:33.4844775Z [command]/usr/bin/git config --local --name-only --get-regexp http\.https\:\/\/github\.com\/\.extraheader
2025-08-18T22:11:33.4864888Z http.https://github.com/.extraheader
2025-08-18T22:11:33.4876907Z [command]/usr/bin/git config --local --unset-all http.https://github.com/.extraheader
2025-08-18T22:11:33.4906465Z [command]/usr/bin/git submodule foreach --recursive sh -c "git config --local --name-only --get-regexp 'http\.https\:\/\/github\.com\/\.extraheader' && git config --local --unset-all 'http.https://github.com/.extraheader' || :"
2025-08-18T22:11:33.5207848Z Print service container logs: b5ed08182fa141f397fcde498b2da6aa_postgres15_78f9a1
2025-08-18T22:11:33.5212138Z ##[command]/usr/bin/docker logs --details 8454c8c18f26b9f2afd9565e440a14165c9bc99a45de0b33493a1b3d0b91f1f7
2025-08-18T22:11:33.5331798Z  The files belonging to this database system will be owned by user "postgres".
2025-08-18T22:11:33.5332555Z  This user must also own the server process.
2025-08-18T22:11:33.5333009Z  
2025-08-18T22:11:33.5333504Z  The database cluster will be initialized with locale "en_US.utf8".
2025-08-18T22:11:33.5334403Z  The default database encoding has accordingly been set to "UTF8".
2025-08-18T22:11:33.5335110Z  The default text search configuration will be set to "english".
2025-08-18T22:11:33.5335631Z  
2025-08-18T22:11:33.5335912Z  Data page checksums are disabled.
2025-08-18T22:11:33.5336280Z  
2025-08-18T22:11:33.5336725Z  fixing permissions on existing directory /var/lib/postgresql/data ... ok
2025-08-18T22:11:33.5337405Z  creating subdirectories ... ok
2025-08-18T22:11:33.5337910Z  selecting dynamic shared memory implementation ... posix
2025-08-18T22:11:33.5338474Z  selecting default max_connections ... 100
2025-08-18T22:11:33.5338947Z  selecting default shared_buffers ... 128MB
2025-08-18T22:11:33.5339406Z  selecting default time zone ... Etc/UTC
2025-08-18T22:11:33.5339866Z  creating configuration files ... ok
2025-08-18T22:11:33.5341223Z  initdb: warning: enabling "trust" authentication for local connections
2025-08-18T22:11:33.5342288Z  initdb: hint: You can change this by editing pg_hba.conf or using the option -A, or --auth-local and --auth-host, the next time you run initdb.
2025-08-18T22:11:33.5343902Z  2025-08-18 22:10:40.076 UTC [1] LOG:  starting PostgreSQL 15.14 (Debian 15.14-1.pgdg13+1) on x86_64-pc-linux-gnu, compiled by gcc (Debian 14.2.0-19) 14.2.0, 64-bit
2025-08-18T22:11:33.5345009Z  2025-08-18 22:10:40.076 UTC [1] LOG:  listening on IPv4 address "0.0.0.0", port 5432
2025-08-18T22:11:33.5345732Z  2025-08-18 22:10:40.076 UTC [1] LOG:  listening on IPv6 address "::", port 5432
2025-08-18T22:11:33.5346520Z  2025-08-18 22:10:40.077 UTC [1] LOG:  listening on Unix socket "/var/run/postgresql/.s.PGSQL.5432"
2025-08-18T22:11:33.5347383Z  2025-08-18 22:10:40.080 UTC [64] LOG:  database system was shut down at 2025-08-18 22:10:39 UTC
2025-08-18T22:11:33.5348351Z  2025-08-18 22:10:40.083 UTC [1] LOG:  database system is ready to accept connections
2025-08-18T22:11:33.5348873Z  running bootstrap script ... ok
2025-08-18T22:11:33.5349299Z  performing post-bootstrap initialization ... ok
2025-08-18T22:11:33.5349767Z  syncing data to disk ... ok
2025-08-18T22:11:33.5350123Z  
2025-08-18T22:11:33.5350373Z  
2025-08-18T22:11:33.5350903Z  Success. You can now start the database server using:
2025-08-18T22:11:33.5351491Z  
2025-08-18T22:11:33.5351909Z      pg_ctl -D /var/lib/postgresql/data -l logfile start
2025-08-18T22:11:33.5352730Z  
2025-08-18T22:11:33.5354287Z  waiting for server to start....2025-08-18 22:10:39.771 UTC [48] LOG:  starting PostgreSQL 15.14 (Debian 15.14-1.pgdg13+1) on x86_64-pc-linux-gnu, compiled by gcc (Debian 14.2.0-19) 14.2.0, 64-bit
2025-08-18T22:11:33.5355620Z  2025-08-18 22:10:39.772 UTC [48] LOG:  listening on Unix socket "/var/run/postgresql/.s.PGSQL.5432"
2025-08-18T22:11:33.5356373Z  2025-08-18 22:10:39.775 UTC [51] LOG:  database system was shut down at 2025-08-18 22:10:39 UTC
2025-08-18T22:11:33.5357001Z  2025-08-18 22:10:39.778 UTC [48] LOG:  database system is ready to accept connections
2025-08-18T22:11:33.5357425Z   done
2025-08-18T22:11:33.5357675Z  server started
2025-08-18T22:11:33.5409605Z  CREATE DATABASE
2025-08-18T22:11:33.5409944Z  
2025-08-18T22:11:33.5410197Z  
2025-08-18T22:11:33.5410677Z  /usr/local/bin/docker-entrypoint.sh: ignoring /docker-entrypoint-initdb.d/*
2025-08-18T22:11:33.5411336Z  
2025-08-18T22:11:33.5411719Z  2025-08-18 22:10:39.957 UTC [48] LOG:  received fast shutdown request
2025-08-18T22:11:33.5412827Z  waiting for server to shut down....2025-08-18 22:10:39.958 UTC [48] LOG:  aborting any active transactions
2025-08-18T22:11:33.5414092Z  2025-08-18 22:10:39.959 UTC [48] LOG:  background worker "logical replication launcher" (PID 54) exited with exit code 1
2025-08-18T22:11:33.5414907Z  2025-08-18 22:10:39.960 UTC [49] LOG:  shutting down
2025-08-18T22:11:33.5415523Z  2025-08-18 22:10:39.960 UTC [49] LOG:  checkpoint starting: shutdown immediate
2025-08-18T22:11:33.5417019Z  2025-08-18 22:10:39.976 UTC [49] LOG:  checkpoint complete: wrote 922 buffers (5.6%); 0 WAL file(s) added, 0 removed, 0 recycled; write=0.014 s, sync=0.002 s, total=0.017 s; sync files=301, longest=0.001 s, average=0.001 s; distance=4239 kB, estimate=4239 kB
2025-08-18T22:11:33.5418525Z  2025-08-18 22:10:39.982 UTC [48] LOG:  database system is shut down
2025-08-18T22:11:33.5419055Z   done
2025-08-18T22:11:33.5419331Z  server stopped
2025-08-18T22:11:33.5419595Z  
2025-08-18T22:11:33.5419840Z  PostgreSQL init process complete; ready for start up.
2025-08-18T22:11:33.5420133Z  
2025-08-18T22:11:33.5426083Z Stop and remove container: b5ed08182fa141f397fcde498b2da6aa_postgres15_78f9a1
2025-08-18T22:11:33.5430700Z ##[command]/usr/bin/docker rm --force 8454c8c18f26b9f2afd9565e440a14165c9bc99a45de0b33493a1b3d0b91f1f7
2025-08-18T22:11:34.9903410Z 8454c8c18f26b9f2afd9565e440a14165c9bc99a45de0b33493a1b3d0b91f1f7
2025-08-18T22:11:34.9931242Z Remove container network: github_network_3b0e190e515a42648f8b0fce2e944ccd
2025-08-18T22:11:34.9936159Z ##[command]/usr/bin/docker network rm github_network_3b0e190e515a42648f8b0fce2e944ccd
2025-08-18T22:11:35.1029174Z github_network_3b0e190e515a42648f8b0fce2e944ccd
2025-08-18T22:11:35.1085859Z Cleaning up orphan processes
