2025-08-19T08:20:05.2851546Z Current runner version: '2.327.1'
2025-08-19T08:20:05.2875589Z ##[group]Runner Image Provisioner
2025-08-19T08:20:05.2876377Z Hosted Compute Agent
2025-08-19T08:20:05.2877034Z Version: 20250818.377
2025-08-19T08:20:05.2877658Z Commit: 3c593e9f75fe0b87e893bca80d6e12ba089c61fc
2025-08-19T08:20:05.2878332Z Build Date: 2025-08-18T14:52:18Z
2025-08-19T08:20:05.2879011Z ##[endgroup]
2025-08-19T08:20:05.2879960Z ##[group]Operating System
2025-08-19T08:20:05.2880595Z Ubuntu
2025-08-19T08:20:05.2881174Z 24.04.2
2025-08-19T08:20:05.2881686Z LTS
2025-08-19T08:20:05.2882122Z ##[endgroup]
2025-08-19T08:20:05.2882673Z ##[group]Runner Image
2025-08-19T08:20:05.2883300Z Image: ubuntu-24.04
2025-08-19T08:20:05.2883780Z Version: 20250810.1.0
2025-08-19T08:20:05.2884853Z Included Software: https://github.com/actions/runner-images/blob/ubuntu24/20250810.1/images/ubuntu/Ubuntu2404-Readme.md
2025-08-19T08:20:05.2886504Z Image Release: https://github.com/actions/runner-images/releases/tag/ubuntu24%2F20250810.1
2025-08-19T08:20:05.2887923Z ##[endgroup]
2025-08-19T08:20:05.2890650Z ##[group]GITHUB_TOKEN Permissions
2025-08-19T08:20:05.2892989Z Actions: write
2025-08-19T08:20:05.2893660Z Attestations: write
2025-08-19T08:20:05.2894189Z Checks: write
2025-08-19T08:20:05.2894643Z Contents: write
2025-08-19T08:20:05.2895234Z Deployments: write
2025-08-19T08:20:05.2895728Z Discussions: write
2025-08-19T08:20:05.2896259Z Issues: write
2025-08-19T08:20:05.2896782Z Metadata: read
2025-08-19T08:20:05.2897273Z Models: read
2025-08-19T08:20:05.2897740Z Packages: write
2025-08-19T08:20:05.2898307Z Pages: write
2025-08-19T08:20:05.2898784Z PullRequests: write
2025-08-19T08:20:05.2899356Z RepositoryProjects: write
2025-08-19T08:20:05.2900171Z SecurityEvents: write
2025-08-19T08:20:05.2900782Z Statuses: write
2025-08-19T08:20:05.2901312Z ##[endgroup]
2025-08-19T08:20:05.2903732Z Secret source: Actions
2025-08-19T08:20:05.2904738Z Prepare workflow directory
2025-08-19T08:20:05.3378687Z Prepare all required actions
2025-08-19T08:20:05.3434269Z Getting action download info
2025-08-19T08:20:05.7093061Z Download action repository 'actions/checkout@v4' (SHA:08eba0b27e820071cde6df949e0beb9ba4906955)
2025-08-19T08:20:05.9160129Z Download action repository 'actions/setup-python@v5' (SHA:a26af69be951a213d495a4c3e4e4022e16d87065)
2025-08-19T08:20:06.1140414Z Download action repository 'actions/cache@v4' (SHA:0400d5f644dc74513175e3cd8d07132dd4860809)
2025-08-19T08:20:06.4850174Z Download action repository 'actions/upload-artifact@v4' (SHA:ea165f8d65b6e75b540449e92b4886f43607fa02)
2025-08-19T08:20:06.7290279Z Complete job name: integration-db
2025-08-19T08:20:06.7831960Z ##[group]Checking docker version
2025-08-19T08:20:06.7845826Z ##[command]/usr/bin/docker version --format '{{.Server.APIVersion}}'
2025-08-19T08:20:06.8559441Z '1.48'
2025-08-19T08:20:06.8573901Z Docker daemon API version: '1.48'
2025-08-19T08:20:06.8575278Z ##[command]/usr/bin/docker version --format '{{.Client.APIVersion}}'
2025-08-19T08:20:06.8734729Z '1.48'
2025-08-19T08:20:06.8748774Z Docker client API version: '1.48'
2025-08-19T08:20:06.8756106Z ##[endgroup]
2025-08-19T08:20:06.8761941Z ##[group]Clean up resources from previous jobs
2025-08-19T08:20:06.8767907Z ##[command]/usr/bin/docker ps --all --quiet --no-trunc --filter "label=07f886"
2025-08-19T08:20:06.8929057Z ##[command]/usr/bin/docker network prune --force --filter "label=07f886"
2025-08-19T08:20:06.9135206Z ##[endgroup]
2025-08-19T08:20:06.9136044Z ##[group]Create local container network
2025-08-19T08:20:06.9147388Z ##[command]/usr/bin/docker network create --label 07f886 github_network_915ecd19b9b64c5a8f44a67013532bf9
2025-08-19T08:20:06.9640436Z 86faef3e555b98dc8bca8285150cf2f29fb1cb63cf31bf1e4430336e89da04e1
2025-08-19T08:20:06.9660356Z ##[endgroup]
2025-08-19T08:20:06.9686923Z ##[group]Starting postgres service container
2025-08-19T08:20:06.9707407Z ##[command]/usr/bin/docker pull postgres:15
2025-08-19T08:20:07.1653765Z 15: Pulling from library/postgres
2025-08-19T08:20:07.2162238Z 396b1da7636e: Pulling fs layer
2025-08-19T08:20:07.2164562Z fca2566eba32: Pulling fs layer
2025-08-19T08:20:07.2166121Z 631fe8c6d606: Pulling fs layer
2025-08-19T08:20:07.2167627Z 77c7671c4414: Pulling fs layer
2025-08-19T08:20:07.2168613Z 2d9e29180a27: Pulling fs layer
2025-08-19T08:20:07.2169856Z c6bcc2c9a041: Pulling fs layer
2025-08-19T08:20:07.2170854Z ac4b721eb66f: Pulling fs layer
2025-08-19T08:20:07.2171775Z 606bd164980e: Pulling fs layer
2025-08-19T08:20:07.2172689Z f5dfd246bc6e: Pulling fs layer
2025-08-19T08:20:07.2173623Z ba7036bb0a60: Pulling fs layer
2025-08-19T08:20:07.2174563Z 799f859abbbd: Pulling fs layer
2025-08-19T08:20:07.2175511Z d903e777080c: Pulling fs layer
2025-08-19T08:20:07.2176477Z 04adcb462801: Pulling fs layer
2025-08-19T08:20:07.2177379Z 5c10925b29ff: Pulling fs layer
2025-08-19T08:20:07.2178254Z 77c7671c4414: Waiting
2025-08-19T08:20:07.2179040Z 2d9e29180a27: Waiting
2025-08-19T08:20:07.2180046Z f5dfd246bc6e: Waiting
2025-08-19T08:20:07.2180850Z c6bcc2c9a041: Waiting
2025-08-19T08:20:07.2181639Z ac4b721eb66f: Waiting
2025-08-19T08:20:07.2182442Z ba7036bb0a60: Waiting
2025-08-19T08:20:07.2183229Z 799f859abbbd: Waiting
2025-08-19T08:20:07.2184012Z 606bd164980e: Waiting
2025-08-19T08:20:07.2184790Z d903e777080c: Waiting
2025-08-19T08:20:07.2185565Z 5c10925b29ff: Waiting
2025-08-19T08:20:07.2691514Z fca2566eba32: Verifying Checksum
2025-08-19T08:20:07.2694008Z fca2566eba32: Download complete
2025-08-19T08:20:07.3034733Z 631fe8c6d606: Verifying Checksum
2025-08-19T08:20:07.3036554Z 631fe8c6d606: Download complete
2025-08-19T08:20:07.3197371Z 77c7671c4414: Download complete
2025-08-19T08:20:07.3843443Z c6bcc2c9a041: Verifying Checksum
2025-08-19T08:20:07.3845184Z c6bcc2c9a041: Download complete
2025-08-19T08:20:07.3866445Z 2d9e29180a27: Download complete
2025-08-19T08:20:07.3909923Z 396b1da7636e: Verifying Checksum
2025-08-19T08:20:07.3911819Z 396b1da7636e: Download complete
2025-08-19T08:20:07.4346237Z 606bd164980e: Verifying Checksum
2025-08-19T08:20:07.4347897Z 606bd164980e: Download complete
2025-08-19T08:20:07.4385852Z ac4b721eb66f: Verifying Checksum
2025-08-19T08:20:07.4390826Z ac4b721eb66f: Download complete
2025-08-19T08:20:07.4894380Z ba7036bb0a60: Verifying Checksum
2025-08-19T08:20:07.4896186Z ba7036bb0a60: Download complete
2025-08-19T08:20:07.5067232Z 799f859abbbd: Download complete
2025-08-19T08:20:07.5381404Z d903e777080c: Verifying Checksum
2025-08-19T08:20:07.5383219Z d903e777080c: Download complete
2025-08-19T08:20:07.5513035Z 04adcb462801: Download complete
2025-08-19T08:20:07.5886127Z 5c10925b29ff: Verifying Checksum
2025-08-19T08:20:07.9121506Z 5c10925b29ff: Download complete
2025-08-19T08:20:07.9124111Z f5dfd246bc6e: Verifying Checksum
2025-08-19T08:20:07.9127212Z f5dfd246bc6e: Download complete
2025-08-19T08:20:08.5185029Z 396b1da7636e: Pull complete
2025-08-19T08:20:09.6661943Z fca2566eba32: Pull complete
2025-08-19T08:20:09.8370428Z 631fe8c6d606: Pull complete
2025-08-19T08:20:09.8789898Z 77c7671c4414: Pull complete
2025-08-19T08:20:10.1854883Z 2d9e29180a27: Pull complete
2025-08-19T08:20:10.2749643Z c6bcc2c9a041: Pull complete
2025-08-19T08:20:10.2831437Z ac4b721eb66f: Pull complete
2025-08-19T08:20:10.2928763Z 606bd164980e: Pull complete
2025-08-19T08:20:13.2668047Z f5dfd246bc6e: Pull complete
2025-08-19T08:20:13.2819990Z ba7036bb0a60: Pull complete
2025-08-19T08:20:13.2922877Z 799f859abbbd: Pull complete
2025-08-19T08:20:13.3057573Z d903e777080c: Pull complete
2025-08-19T08:20:13.3168087Z 04adcb462801: Pull complete
2025-08-19T08:20:13.3264400Z 5c10925b29ff: Pull complete
2025-08-19T08:20:13.3305072Z Digest: sha256:bc51cf4f1fe02cce7ed2370b20128a9b00b4eb804573a77d2a0d877aaa9c82b1
2025-08-19T08:20:13.3316872Z Status: Downloaded newer image for postgres:15
2025-08-19T08:20:13.3328521Z docker.io/library/postgres:15
2025-08-19T08:20:13.3392427Z ##[command]/usr/bin/docker create --name 66e0f13e88cc43f1ae4411a7061a80f4_postgres15_5ca437 --label 07f886 --network github_network_915ecd19b9b64c5a8f44a67013532bf9 --network-alias postgres -p 5432:5432 --health-cmd="pg_isready -U postgres -d awa" --health-interval=5s --health-timeout=5s --health-retries=10 -e "POSTGRES_USER=postgres" -e "POSTGRES_PASSWORD=pass" -e "POSTGRES_DB=awa" -e GITHUB_ACTIONS=true -e CI=true postgres:15
2025-08-19T08:20:13.3660911Z 2043edf996935fa05146c3aa0f380539bec95dbb2a260fcedfcb50161518f5f0
2025-08-19T08:20:13.3685301Z ##[command]/usr/bin/docker start 2043edf996935fa05146c3aa0f380539bec95dbb2a260fcedfcb50161518f5f0
2025-08-19T08:20:13.6862676Z 2043edf996935fa05146c3aa0f380539bec95dbb2a260fcedfcb50161518f5f0
2025-08-19T08:20:13.6885303Z ##[command]/usr/bin/docker ps --all --filter id=2043edf996935fa05146c3aa0f380539bec95dbb2a260fcedfcb50161518f5f0 --filter status=running --no-trunc --format "{{.ID}} {{.Status}}"
2025-08-19T08:20:13.7033941Z 2043edf996935fa05146c3aa0f380539bec95dbb2a260fcedfcb50161518f5f0 Up Less than a second (health: starting)
2025-08-19T08:20:13.7054435Z ##[command]/usr/bin/docker port 2043edf996935fa05146c3aa0f380539bec95dbb2a260fcedfcb50161518f5f0
2025-08-19T08:20:13.7187987Z 5432/tcp -> 0.0.0.0:5432
2025-08-19T08:20:13.7188487Z 5432/tcp -> [::]:5432
2025-08-19T08:20:13.7235030Z ##[endgroup]
2025-08-19T08:20:13.7243904Z ##[group]Waiting for all services to be ready
2025-08-19T08:20:13.7257277Z ##[command]/usr/bin/docker inspect --format="{{if .Config.Healthcheck}}{{print .State.Health.Status}}{{end}}" 2043edf996935fa05146c3aa0f380539bec95dbb2a260fcedfcb50161518f5f0
2025-08-19T08:20:13.7385692Z starting
2025-08-19T08:20:13.7409040Z postgres service is starting, waiting 2 seconds before checking again.
2025-08-19T08:20:15.7415664Z ##[command]/usr/bin/docker inspect --format="{{if .Config.Healthcheck}}{{print .State.Health.Status}}{{end}}" 2043edf996935fa05146c3aa0f380539bec95dbb2a260fcedfcb50161518f5f0
2025-08-19T08:20:15.7537219Z starting
2025-08-19T08:20:15.7550749Z postgres service is starting, waiting 4 seconds before checking again.
2025-08-19T08:20:19.7632903Z ##[command]/usr/bin/docker inspect --format="{{if .Config.Healthcheck}}{{print .State.Health.Status}}{{end}}" 2043edf996935fa05146c3aa0f380539bec95dbb2a260fcedfcb50161518f5f0
2025-08-19T08:20:19.7755749Z healthy
2025-08-19T08:20:19.7772161Z postgres service is healthy.
2025-08-19T08:20:19.7772985Z ##[endgroup]
2025-08-19T08:20:19.8010085Z ##[group]Run actions/checkout@v4
2025-08-19T08:20:19.8010656Z with:
2025-08-19T08:20:19.8010835Z   fetch-depth: 0
2025-08-19T08:20:19.8011037Z   repository: AlexBomber12/AWA-App
2025-08-19T08:20:19.8011406Z   token: ***
2025-08-19T08:20:19.8011582Z   ssh-strict: true
2025-08-19T08:20:19.8011759Z   ssh-user: git
2025-08-19T08:20:19.8011936Z   persist-credentials: true
2025-08-19T08:20:19.8012148Z   clean: true
2025-08-19T08:20:19.8012328Z   sparse-checkout-cone-mode: true
2025-08-19T08:20:19.8012551Z   fetch-tags: false
2025-08-19T08:20:19.8012728Z   show-progress: true
2025-08-19T08:20:19.8012907Z   lfs: false
2025-08-19T08:20:19.8013061Z   submodules: false
2025-08-19T08:20:19.8013246Z   set-safe-directory: true
2025-08-19T08:20:19.8013629Z ##[endgroup]
2025-08-19T08:20:19.9133502Z Syncing repository: AlexBomber12/AWA-App
2025-08-19T08:20:19.9134975Z ##[group]Getting Git version info
2025-08-19T08:20:19.9135373Z Working directory is '/home/runner/work/AWA-App/AWA-App'
2025-08-19T08:20:19.9135926Z [command]/usr/bin/git version
2025-08-19T08:20:19.9165792Z git version 2.50.1
2025-08-19T08:20:19.9191909Z ##[endgroup]
2025-08-19T08:20:19.9204987Z Temporarily overriding HOME='/home/runner/work/_temp/88065258-2b0c-4383-95ee-5289fec46d81' before making global git config changes
2025-08-19T08:20:19.9205916Z Adding repository directory to the temporary git global config as a safe directory
2025-08-19T08:20:19.9210508Z [command]/usr/bin/git config --global --add safe.directory /home/runner/work/AWA-App/AWA-App
2025-08-19T08:20:19.9250908Z Deleting the contents of '/home/runner/work/AWA-App/AWA-App'
2025-08-19T08:20:19.9254424Z ##[group]Initializing the repository
2025-08-19T08:20:19.9258197Z [command]/usr/bin/git init /home/runner/work/AWA-App/AWA-App
2025-08-19T08:20:19.9314431Z hint: Using 'master' as the name for the initial branch. This default branch name
2025-08-19T08:20:19.9315583Z hint: is subject to change. To configure the initial branch name to use in all
2025-08-19T08:20:19.9316474Z hint: of your new repositories, which will suppress this warning, call:
2025-08-19T08:20:19.9317092Z hint:
2025-08-19T08:20:19.9317487Z hint: 	git config --global init.defaultBranch <name>
2025-08-19T08:20:19.9317954Z hint:
2025-08-19T08:20:19.9318417Z hint: Names commonly chosen instead of 'master' are 'main', 'trunk' and
2025-08-19T08:20:19.9318956Z hint: 'development'. The just-created branch can be renamed via this command:
2025-08-19T08:20:19.9319302Z hint:
2025-08-19T08:20:19.9319668Z hint: 	git branch -m <name>
2025-08-19T08:20:19.9319901Z hint:
2025-08-19T08:20:19.9320197Z hint: Disable this message with "git config set advice.defaultBranchName false"
2025-08-19T08:20:19.9320703Z Initialized empty Git repository in /home/runner/work/AWA-App/AWA-App/.git/
2025-08-19T08:20:19.9328560Z [command]/usr/bin/git remote add origin https://github.com/AlexBomber12/AWA-App
2025-08-19T08:20:19.9359145Z ##[endgroup]
2025-08-19T08:20:19.9359860Z ##[group]Disabling automatic garbage collection
2025-08-19T08:20:19.9363632Z [command]/usr/bin/git config --local gc.auto 0
2025-08-19T08:20:19.9390666Z ##[endgroup]
2025-08-19T08:20:19.9391109Z ##[group]Setting up auth
2025-08-19T08:20:19.9397608Z [command]/usr/bin/git config --local --name-only --get-regexp core\.sshCommand
2025-08-19T08:20:19.9426645Z [command]/usr/bin/git submodule foreach --recursive sh -c "git config --local --name-only --get-regexp 'core\.sshCommand' && git config --local --unset-all 'core.sshCommand' || :"
2025-08-19T08:20:19.9679099Z [command]/usr/bin/git config --local --name-only --get-regexp http\.https\:\/\/github\.com\/\.extraheader
2025-08-19T08:20:19.9706809Z [command]/usr/bin/git submodule foreach --recursive sh -c "git config --local --name-only --get-regexp 'http\.https\:\/\/github\.com\/\.extraheader' && git config --local --unset-all 'http.https://github.com/.extraheader' || :"
2025-08-19T08:20:19.9923870Z [command]/usr/bin/git config --local http.https://github.com/.extraheader AUTHORIZATION: basic ***
2025-08-19T08:20:19.9958069Z ##[endgroup]
2025-08-19T08:20:19.9958637Z ##[group]Fetching the repository
2025-08-19T08:20:19.9974471Z [command]/usr/bin/git -c protocol.version=2 fetch --prune --no-recurse-submodules origin +refs/heads/*:refs/remotes/origin/* +refs/tags/*:refs/tags/*
2025-08-19T08:20:21.6901668Z From https://github.com/AlexBomber12/AWA-App
2025-08-19T08:20:21.6903029Z  * [new branch]        codex/implement-testing-infrastructure-updates -> origin/codex/implement-testing-infrastructure-updates
2025-08-19T08:20:21.6904192Z  * [new branch]        gh-pages   -> origin/gh-pages
2025-08-19T08:20:21.6905450Z  * [new branch]        main       -> origin/main
2025-08-19T08:20:21.6905948Z  * [new tag]           0.3.0      -> 0.3.0
2025-08-19T08:20:21.6941001Z [command]/usr/bin/git branch --list --remote origin/main
2025-08-19T08:20:21.6964854Z   origin/main
2025-08-19T08:20:21.6974172Z [command]/usr/bin/git rev-parse refs/remotes/origin/main
2025-08-19T08:20:21.6996022Z 1a52759248ede4433939b8719f7f2860e6c62fe8
2025-08-19T08:20:21.7002301Z ##[endgroup]
2025-08-19T08:20:21.7002668Z ##[group]Determining the checkout info
2025-08-19T08:20:21.7003536Z ##[endgroup]
2025-08-19T08:20:21.7008033Z [command]/usr/bin/git sparse-checkout disable
2025-08-19T08:20:21.7045752Z [command]/usr/bin/git config --local --unset-all extensions.worktreeConfig
2025-08-19T08:20:21.7070854Z ##[group]Checking out the ref
2025-08-19T08:20:21.7076554Z [command]/usr/bin/git checkout --progress --force -B main refs/remotes/origin/main
2025-08-19T08:20:21.7496878Z Switched to a new branch 'main'
2025-08-19T08:20:21.7499168Z branch 'main' set up to track 'origin/main'.
2025-08-19T08:20:21.7512152Z ##[endgroup]
2025-08-19T08:20:21.7552199Z [command]/usr/bin/git log -1 --format=%H
2025-08-19T08:20:21.7573776Z 1a52759248ede4433939b8719f7f2860e6c62fe8
2025-08-19T08:20:21.7730461Z ##[group]Run cat .env.ci >> "$GITHUB_ENV"
2025-08-19T08:20:21.7730804Z [36;1mcat .env.ci >> "$GITHUB_ENV"[0m
2025-08-19T08:20:21.7731678Z [36;1mecho "DATABASE_URL=***localhost:5432/awa" >> "$GITHUB_ENV"[0m
2025-08-19T08:20:21.7732035Z [36;1mecho "PG_HOST=localhost" >> "$GITHUB_ENV"[0m
2025-08-19T08:20:21.7732328Z [36;1mecho "PG_PORT=5432" >> "$GITHUB_ENV"[0m
2025-08-19T08:20:21.7732603Z [36;1mecho "PG_USER=postgres" >> "$GITHUB_ENV"[0m
2025-08-19T08:20:21.7732893Z [36;1mecho "PG_PASSWORD=pass" >> "$GITHUB_ENV"[0m
2025-08-19T08:20:21.7733167Z [36;1mecho "PG_DATABASE=awa" >> "$GITHUB_ENV"[0m
2025-08-19T08:20:21.7733437Z [36;1mecho "TESTING=1" >> "$GITHUB_ENV"[0m
2025-08-19T08:20:21.7778481Z shell: /usr/bin/bash -e {0}
2025-08-19T08:20:21.7778721Z ##[endgroup]
2025-08-19T08:20:21.7956494Z ##[group]Run actions/setup-python@v5
2025-08-19T08:20:21.7956839Z with:
2025-08-19T08:20:21.7957017Z   python-version: 3.11
2025-08-19T08:20:21.7957206Z   cache: pip
2025-08-19T08:20:21.7957425Z   cache-dependency-path: requirements-dev.txt

2025-08-19T08:20:21.7957688Z   check-latest: false
2025-08-19T08:20:21.7958033Z   token: ***
2025-08-19T08:20:21.7958222Z   update-environment: true
2025-08-19T08:20:21.7958433Z   allow-prereleases: false
2025-08-19T08:20:21.7958639Z   freethreaded: false
2025-08-19T08:20:21.7958812Z env:
2025-08-19T08:20:21.7958969Z   PG_USER: postgres
2025-08-19T08:20:21.7959147Z   PG_PASSWORD: pass
2025-08-19T08:20:21.7959324Z   PG_DATABASE: awa
2025-08-19T08:20:21.7959729Z   PG_HOST: localhost
2025-08-19T08:20:21.7959947Z   PG_PORT: 5432
2025-08-19T08:20:21.7960335Z   PG_SYNC_DSN: ***localhost:5432/awa
2025-08-19T08:20:21.7960718Z   PG_ASYNC_DSN: ***localhost:5432/awa
2025-08-19T08:20:21.7961117Z   DATABASE_URL: ***localhost:5432/awa
2025-08-19T08:20:21.7961368Z   DATA_DIR: /tmp/awa-data
2025-08-19T08:20:21.7961558Z   ENABLE_LIVE: 0
2025-08-19T08:20:21.7961725Z   TESTING: 1
2025-08-19T08:20:21.7961880Z ##[endgroup]
2025-08-19T08:20:21.9607500Z ##[group]Installed versions
2025-08-19T08:20:21.9689667Z Successfully set up CPython (3.11.13)
2025-08-19T08:20:21.9690331Z ##[endgroup]
2025-08-19T08:20:21.9967133Z [command]/opt/hostedtoolcache/Python/3.11.13/x64/bin/pip cache dir
2025-08-19T08:20:22.1990883Z /home/runner/.cache/pip
2025-08-19T08:20:22.3063102Z Cache hit for: setup-python-Linux-x64-24.04-Ubuntu-python-3.11.13-pip-5e711acf40f5252f84577ca397f83ab64fb9d7dad68b245c8525eecd4c9b10ee
2025-08-19T08:20:23.3622044Z Received 260046848 of 267608132 (97.2%), 248.0 MBs/sec
2025-08-19T08:20:23.4887932Z Received 267608132 of 267608132 (100.0%), 226.5 MBs/sec
2025-08-19T08:20:23.4890674Z Cache Size: ~255 MB (267608132 B)
2025-08-19T08:20:23.4929695Z [command]/usr/bin/tar -xf /home/runner/work/_temp/e0752f7c-b227-4abb-8cf5-290173f498e7/cache.tzst -P -C /home/runner/work/AWA-App/AWA-App --use-compress-program unzstd
2025-08-19T08:20:23.9911514Z Cache restored successfully
2025-08-19T08:20:24.0485734Z Cache restored from key: setup-python-Linux-x64-24.04-Ubuntu-python-3.11.13-pip-21bbee4036522a1602322ed1147237a07d7bf71e9546d4e8a37c1faaa8738c10
2025-08-19T08:20:24.1259068Z ##[group]Run actions/cache@v4
2025-08-19T08:20:24.1259345Z with:
2025-08-19T08:20:24.1259812Z   path: ~/.cache/pip
.pytest_cache
~/.ruff_cache

2025-08-19T08:20:24.1260236Z   key: Linux-int-5e711acf40f5252f84577ca397f83ab64fb9d7dad68b245c8525eecd4c9b10ee
2025-08-19T08:20:24.1260643Z   restore-keys: Linux-int-
2025-08-19T08:20:24.1260862Z   enableCrossOsArchive: false
2025-08-19T08:20:24.1261096Z   fail-on-cache-miss: false
2025-08-19T08:20:24.1261307Z   lookup-only: false
2025-08-19T08:20:24.1261493Z   save-always: false
2025-08-19T08:20:24.1261664Z env:
2025-08-19T08:20:24.1261828Z   PG_USER: postgres
2025-08-19T08:20:24.1262012Z   PG_PASSWORD: pass
2025-08-19T08:20:24.1262191Z   PG_DATABASE: awa
2025-08-19T08:20:24.1262370Z   PG_HOST: localhost
2025-08-19T08:20:24.1262547Z   PG_PORT: 5432
2025-08-19T08:20:24.1263187Z   PG_SYNC_DSN: ***localhost:5432/awa
2025-08-19T08:20:24.1263659Z   PG_ASYNC_DSN: ***localhost:5432/awa
2025-08-19T08:20:24.1264089Z   DATABASE_URL: ***localhost:5432/awa
2025-08-19T08:20:24.1264318Z   DATA_DIR: /tmp/awa-data
2025-08-19T08:20:24.1264721Z   ENABLE_LIVE: 0
2025-08-19T08:20:24.1264895Z   TESTING: 1
2025-08-19T08:20:24.1265130Z   pythonLocation: /opt/hostedtoolcache/Python/3.11.13/x64
2025-08-19T08:20:24.1265524Z   PKG_CONFIG_PATH: /opt/hostedtoolcache/Python/3.11.13/x64/lib/pkgconfig
2025-08-19T08:20:24.1265907Z   Python_ROOT_DIR: /opt/hostedtoolcache/Python/3.11.13/x64
2025-08-19T08:20:24.1266248Z   Python2_ROOT_DIR: /opt/hostedtoolcache/Python/3.11.13/x64
2025-08-19T08:20:24.1266588Z   Python3_ROOT_DIR: /opt/hostedtoolcache/Python/3.11.13/x64
2025-08-19T08:20:24.1266932Z   LD_LIBRARY_PATH: /opt/hostedtoolcache/Python/3.11.13/x64/lib
2025-08-19T08:20:24.1267225Z ##[endgroup]
2025-08-19T08:20:24.3528475Z Cache hit for restore-key: Linux-int-21bbee4036522a1602322ed1147237a07d7bf71e9546d4e8a37c1faaa8738c10
2025-08-19T08:20:25.4143715Z Received 205520896 of 267611194 (76.8%), 195.6 MBs/sec
2025-08-19T08:20:25.7165397Z Received 267611194 of 267611194 (100.0%), 195.7 MBs/sec
2025-08-19T08:20:25.7168469Z Cache Size: ~255 MB (267611194 B)
2025-08-19T08:20:25.7293913Z [command]/usr/bin/tar -xf /home/runner/work/_temp/c040935c-7add-4b31-b691-2177f2a2a228/cache.tzst -P -C /home/runner/work/AWA-App/AWA-App --use-compress-program unzstd
2025-08-19T08:20:26.2522841Z Cache restored successfully
2025-08-19T08:20:26.3102008Z Cache restored from key: Linux-int-21bbee4036522a1602322ed1147237a07d7bf71e9546d4e8a37c1faaa8738c10
2025-08-19T08:20:26.3217051Z ##[group]Run pip install -r requirements-dev.txt
2025-08-19T08:20:26.3217442Z [36;1mpip install -r requirements-dev.txt[0m
2025-08-19T08:20:26.3217742Z [36;1mpip install keepa==1.3.15 minio==7.1.15[0m
2025-08-19T08:20:26.3259969Z shell: /usr/bin/bash -e {0}
2025-08-19T08:20:26.3260214Z env:
2025-08-19T08:20:26.3260393Z   PG_USER: postgres
2025-08-19T08:20:26.3260590Z   PG_PASSWORD: pass
2025-08-19T08:20:26.3260778Z   PG_DATABASE: awa
2025-08-19T08:20:26.3260966Z   PG_HOST: localhost
2025-08-19T08:20:26.3261158Z   PG_PORT: 5432
2025-08-19T08:20:26.3261591Z   PG_SYNC_DSN: ***localhost:5432/awa
2025-08-19T08:20:26.3262025Z   PG_ASYNC_DSN: ***localhost:5432/awa
2025-08-19T08:20:26.3262418Z   DATABASE_URL: ***localhost:5432/awa
2025-08-19T08:20:26.3262656Z   DATA_DIR: /tmp/awa-data
2025-08-19T08:20:26.3262866Z   ENABLE_LIVE: 0
2025-08-19T08:20:26.3263042Z   TESTING: 1
2025-08-19T08:20:26.3263282Z   pythonLocation: /opt/hostedtoolcache/Python/3.11.13/x64
2025-08-19T08:20:26.3263713Z   PKG_CONFIG_PATH: /opt/hostedtoolcache/Python/3.11.13/x64/lib/pkgconfig
2025-08-19T08:20:26.3264114Z   Python_ROOT_DIR: /opt/hostedtoolcache/Python/3.11.13/x64
2025-08-19T08:20:26.3264458Z   Python2_ROOT_DIR: /opt/hostedtoolcache/Python/3.11.13/x64
2025-08-19T08:20:26.3264813Z   Python3_ROOT_DIR: /opt/hostedtoolcache/Python/3.11.13/x64
2025-08-19T08:20:26.3265165Z   LD_LIBRARY_PATH: /opt/hostedtoolcache/Python/3.11.13/x64/lib
2025-08-19T08:20:26.3265458Z ##[endgroup]
2025-08-19T08:20:27.2176098Z Collecting Jinja2==3.1.6 (from -r requirements-dev.txt (line 2))
2025-08-19T08:20:27.2193262Z   Using cached jinja2-3.1.6-py3-none-any.whl.metadata (2.9 kB)
2025-08-19T08:20:27.2444190Z Collecting alembic==1.13.1 (from -r requirements-dev.txt (line 3))
2025-08-19T08:20:27.2461173Z   Using cached alembic-1.13.1-py3-none-any.whl.metadata (7.4 kB)
2025-08-19T08:20:27.2608143Z Collecting apscheduler==3.10.4 (from -r requirements-dev.txt (line 4))
2025-08-19T08:20:27.2623084Z   Using cached APScheduler-3.10.4-py3-none-any.whl.metadata (5.7 kB)
2025-08-19T08:20:27.2753726Z Collecting asgi-correlation-id==4.3.1 (from -r requirements-dev.txt (line 5))
2025-08-19T08:20:27.2771661Z   Using cached asgi_correlation_id-4.3.1-py3-none-any.whl.metadata (28 kB)
2025-08-19T08:20:27.3264677Z Collecting asyncpg==0.30.0 (from -r requirements-dev.txt (line 6))
2025-08-19T08:20:27.3279881Z   Using cached asyncpg-0.30.0-cp311-cp311-manylinux_2_17_x86_64.manylinux2014_x86_64.whl.metadata (5.0 kB)
2025-08-19T08:20:27.3701007Z Collecting black==25.1.0 (from -r requirements-dev.txt (line 7))
2025-08-19T08:20:27.3716194Z   Using cached black-25.1.0-cp311-cp311-manylinux_2_17_x86_64.manylinux2014_x86_64.manylinux_2_28_x86_64.whl.metadata (81 kB)
2025-08-19T08:20:27.6700927Z Collecting boto3 (from -r requirements-dev.txt (line 8))
2025-08-19T08:20:27.6721063Z   Using cached boto3-1.40.12-py3-none-any.whl.metadata (6.7 kB)
2025-08-19T08:20:27.6983284Z Collecting redis==5.* (from -r requirements-dev.txt (line 9))
2025-08-19T08:20:27.6997133Z   Using cached redis-5.3.1-py3-none-any.whl.metadata (9.2 kB)
2025-08-19T08:20:27.7275289Z Collecting minio==7.* (from -r requirements-dev.txt (line 10))
2025-08-19T08:20:27.7288980Z   Using cached minio-7.2.16-py3-none-any.whl.metadata (6.5 kB)
2025-08-19T08:20:27.7559158Z Collecting celery==5.5.3 (from -r requirements-dev.txt (line 11))
2025-08-19T08:20:27.7893307Z   Downloading celery-5.5.3-py3-none-any.whl.metadata (22 kB)
2025-08-19T08:20:27.8443283Z Collecting fastapi==0.116.1 (from -r requirements-dev.txt (line 12))
2025-08-19T08:20:27.8457262Z   Using cached fastapi-0.116.1-py3-none-any.whl.metadata (28 kB)
2025-08-19T08:20:27.8587928Z Collecting fastapi-limiter==0.1.6 (from -r requirements-dev.txt (line 14))
2025-08-19T08:20:27.8601418Z   Using cached fastapi_limiter-0.1.6-py3-none-any.whl.metadata (5.3 kB)
2025-08-19T08:20:27.8769353Z Collecting httpx<0.29,>=0.27 (from -r requirements-dev.txt (line 15))
2025-08-19T08:20:27.8783012Z   Using cached httpx-0.28.1-py3-none-any.whl.metadata (7.1 kB)
2025-08-19T08:20:27.8874777Z Collecting imapclient==3.0.1 (from -r requirements-dev.txt (line 16))
2025-08-19T08:20:27.8887533Z   Using cached IMAPClient-3.0.1-py2.py3-none-any.whl.metadata (1.7 kB)
2025-08-19T08:20:27.8965617Z Collecting itsdangerous (from -r requirements-dev.txt (line 17))
2025-08-19T08:20:27.8978807Z   Using cached itsdangerous-2.2.0-py3-none-any.whl.metadata (1.9 kB)
2025-08-19T08:20:28.0062276Z Collecting mypy==1.* (from -r requirements-dev.txt (line 18))
2025-08-19T08:20:28.0077477Z   Using cached mypy-1.17.1-cp311-cp311-manylinux2014_x86_64.manylinux_2_17_x86_64.manylinux_2_28_x86_64.whl.metadata (2.2 kB)
2025-08-19T08:20:28.0160915Z Collecting mypy-extensions==1.1.0 (from -r requirements-dev.txt (line 19))
2025-08-19T08:20:28.0174033Z   Using cached mypy_extensions-1.1.0-py3-none-any.whl.metadata (1.1 kB)
2025-08-19T08:20:28.1718208Z Collecting numpy<2 (from -r requirements-dev.txt (line 20))
2025-08-19T08:20:28.1733646Z   Using cached numpy-1.26.4-cp311-cp311-manylinux_2_17_x86_64.manylinux2014_x86_64.whl.metadata (61 kB)
2025-08-19T08:20:28.1963688Z Collecting openpyxl==3.1.5 (from -r requirements-dev.txt (line 21))
2025-08-19T08:20:28.1982845Z   Using cached openpyxl-3.1.5-py2.py3-none-any.whl.metadata (2.5 kB)
2025-08-19T08:20:28.2961614Z Collecting pandas==2.2.* (from -r requirements-dev.txt (line 22))
2025-08-19T08:20:28.2977567Z   Using cached pandas-2.2.3-cp311-cp311-manylinux_2_17_x86_64.manylinux2014_x86_64.whl.metadata (89 kB)
2025-08-19T08:20:28.3853399Z Collecting psycopg2-binary==2.9.10 (from -r requirements-dev.txt (line 23))
2025-08-19T08:20:28.3868163Z   Using cached psycopg2_binary-2.9.10-cp311-cp311-manylinux_2_17_x86_64.manylinux2014_x86_64.whl.metadata (4.9 kB)
2025-08-19T08:20:28.3997510Z Collecting psycopg==3.2.9 (from psycopg[binary]==3.2.9->-r requirements-dev.txt (line 24))
2025-08-19T08:20:28.4011470Z   Using cached psycopg-3.2.9-py3-none-any.whl.metadata (4.5 kB)
2025-08-19T08:20:28.5267934Z Collecting pydantic==2.11.7 (from -r requirements-dev.txt (line 25))
2025-08-19T08:20:28.5282967Z   Using cached pydantic-2.11.7-py3-none-any.whl.metadata (67 kB)
2025-08-19T08:20:28.5320460Z Requirement already satisfied: setuptools in /opt/hostedtoolcache/Python/3.11.13/x64/lib/python3.11/site-packages (from -r requirements-dev.txt (line 26)) (65.5.0)
2025-08-19T08:20:28.5458471Z Collecting pytest-asyncio==0.23.6 (from -r requirements-dev.txt (line 27))
2025-08-19T08:20:28.5472150Z   Using cached pytest_asyncio-0.23.6-py3-none-any.whl.metadata (3.9 kB)
2025-08-19T08:20:28.5588798Z Collecting pytest-cov==6.2.1 (from -r requirements-dev.txt (line 28))
2025-08-19T08:20:28.5602078Z   Using cached pytest_cov-6.2.1-py3-none-any.whl.metadata (30 kB)
2025-08-19T08:20:28.5727613Z Collecting pytest-postgresql==7.0.2 (from -r requirements-dev.txt (line 29))
2025-08-19T08:20:28.5740620Z   Using cached pytest_postgresql-7.0.2-py3-none-any.whl.metadata (18 kB)
2025-08-19T08:20:28.5882639Z Collecting python-dotenv (from -r requirements-dev.txt (line 30))
2025-08-19T08:20:28.5895726Z   Using cached python_dotenv-1.1.1-py3-none-any.whl.metadata (24 kB)
2025-08-19T08:20:28.5995561Z Collecting python-multipart (from -r requirements-dev.txt (line 31))
2025-08-19T08:20:28.6009017Z   Using cached python_multipart-0.0.20-py3-none-any.whl.metadata (1.8 kB)
2025-08-19T08:20:28.6267563Z Collecting python-telegram-bot==22.3 (from -r requirements-dev.txt (line 32))
2025-08-19T08:20:28.6280767Z   Using cached python_telegram_bot-22.3-py3-none-any.whl.metadata (17 kB)
2025-08-19T08:20:28.6524435Z Collecting requests==2.32.4 (from -r requirements-dev.txt (line 33))
2025-08-19T08:20:28.6538124Z   Using cached requests-2.32.4-py3-none-any.whl.metadata (4.9 kB)
2025-08-19T08:20:28.6661867Z Collecting respx==0.22.0 (from -r requirements-dev.txt (line 34))
2025-08-19T08:20:28.6674636Z   Using cached respx-0.22.0-py2.py3-none-any.whl.metadata (4.1 kB)
2025-08-19T08:20:29.0194922Z Collecting ruff==0.4.4 (from -r requirements-dev.txt (line 35))
2025-08-19T08:20:29.0210723Z   Using cached ruff-0.4.4-py3-none-manylinux_2_17_x86_64.manylinux2014_x86_64.whl.metadata (23 kB)
2025-08-19T08:20:29.2608469Z Collecting sqlalchemy==2.0.29 (from -r requirements-dev.txt (line 36))
2025-08-19T08:20:29.2624131Z   Using cached SQLAlchemy-2.0.29-cp311-cp311-manylinux_2_17_x86_64.manylinux2014_x86_64.whl.metadata (9.6 kB)
2025-08-19T08:20:29.2798526Z Collecting structlog==24.1.0 (from -r requirements-dev.txt (line 37))
2025-08-19T08:20:29.2811859Z   Using cached structlog-24.1.0-py3-none-any.whl.metadata (6.9 kB)
2025-08-19T08:20:29.2954581Z Collecting testcontainers==4.10.0 (from testcontainers[postgres]==4.10.0->-r requirements-dev.txt (line 38))
2025-08-19T08:20:29.2965845Z   Using cached testcontainers-4.10.0-py3-none-any.whl.metadata (7.8 kB)
2025-08-19T08:20:29.3262673Z Collecting types-requests==2.32.0.20240602 (from -r requirements-dev.txt (line 39))
2025-08-19T08:20:29.3275538Z   Using cached types_requests-2.32.0.20240602-py3-none-any.whl.metadata (1.8 kB)
2025-08-19T08:20:29.3381676Z Collecting docspec-python==2.2.2 (from -r requirements-dev.txt (line 40))
2025-08-19T08:20:29.3394577Z   Using cached docspec_python-2.2.2-py3-none-any.whl.metadata (1.0 kB)
2025-08-19T08:20:29.3516502Z Collecting pydoc-markdown==4.8.2 (from -r requirements-dev.txt (line 41))
2025-08-19T08:20:29.3529452Z   Using cached pydoc_markdown-4.8.2-py3-none-any.whl.metadata (5.9 kB)
2025-08-19T08:20:29.3775951Z Collecting pandera==0.19.* (from -r requirements-dev.txt (line 42))
2025-08-19T08:20:29.3788908Z   Using cached pandera-0.19.3-py3-none-any.whl.metadata (15 kB)
2025-08-19T08:20:29.4763826Z Collecting MarkupSafe>=2.0 (from Jinja2==3.1.6->-r requirements-dev.txt (line 2))
2025-08-19T08:20:29.4779153Z   Using cached MarkupSafe-3.0.2-cp311-cp311-manylinux_2_17_x86_64.manylinux2014_x86_64.whl.metadata (4.0 kB)
2025-08-19T08:20:29.5040583Z Collecting Mako (from alembic==1.13.1->-r requirements-dev.txt (line 3))
2025-08-19T08:20:29.5053937Z   Using cached mako-1.3.10-py3-none-any.whl.metadata (2.9 kB)
2025-08-19T08:20:29.5219322Z Collecting typing-extensions>=4 (from alembic==1.13.1->-r requirements-dev.txt (line 3))
2025-08-19T08:20:29.5220652Z   Using cached typing_extensions-4.14.1-py3-none-any.whl.metadata (3.0 kB)
2025-08-19T08:20:29.5326716Z Collecting six>=1.4.0 (from apscheduler==3.10.4->-r requirements-dev.txt (line 4))
2025-08-19T08:20:29.5339766Z   Using cached six-1.17.0-py2.py3-none-any.whl.metadata (1.7 kB)
2025-08-19T08:20:29.5648032Z Collecting pytz (from apscheduler==3.10.4->-r requirements-dev.txt (line 4))
2025-08-19T08:20:29.5661966Z   Using cached pytz-2025.2-py2.py3-none-any.whl.metadata (22 kB)
2025-08-19T08:20:29.5794407Z Collecting tzlocal!=3.*,>=2.0 (from apscheduler==3.10.4->-r requirements-dev.txt (line 4))
2025-08-19T08:20:29.5807398Z   Using cached tzlocal-5.3.1-py3-none-any.whl.metadata (7.6 kB)
2025-08-19T08:20:29.6076061Z Collecting starlette>=0.18 (from asgi-correlation-id==4.3.1->-r requirements-dev.txt (line 5))
2025-08-19T08:20:29.6089907Z   Using cached starlette-0.47.2-py3-none-any.whl.metadata (6.2 kB)
2025-08-19T08:20:29.6259330Z Collecting click>=8.0.0 (from black==25.1.0->-r requirements-dev.txt (line 7))
2025-08-19T08:20:29.6273028Z   Using cached click-8.2.1-py3-none-any.whl.metadata (2.5 kB)
2025-08-19T08:20:29.6403215Z Collecting packaging>=22.0 (from black==25.1.0->-r requirements-dev.txt (line 7))
2025-08-19T08:20:29.6416386Z   Using cached packaging-25.0-py3-none-any.whl.metadata (3.3 kB)
2025-08-19T08:20:29.6508193Z Collecting pathspec>=0.9.0 (from black==25.1.0->-r requirements-dev.txt (line 7))
2025-08-19T08:20:29.6521715Z   Using cached pathspec-0.12.1-py3-none-any.whl.metadata (21 kB)
2025-08-19T08:20:29.6676525Z Collecting platformdirs>=2 (from black==25.1.0->-r requirements-dev.txt (line 7))
2025-08-19T08:20:29.6689431Z   Using cached platformdirs-4.3.8-py3-none-any.whl.metadata (12 kB)
2025-08-19T08:20:29.6856052Z Collecting billiard<5.0,>=4.2.1 (from celery==5.5.3->-r requirements-dev.txt (line 11))
2025-08-19T08:20:29.6868906Z   Using cached billiard-4.2.1-py3-none-any.whl.metadata (4.4 kB)
2025-08-19T08:20:29.7107545Z Collecting kombu<5.6,>=5.5.2 (from celery==5.5.3->-r requirements-dev.txt (line 11))
2025-08-19T08:20:29.7120191Z   Using cached kombu-5.5.4-py3-none-any.whl.metadata (3.5 kB)
2025-08-19T08:20:29.7250254Z Collecting vine<6.0,>=5.1.0 (from celery==5.5.3->-r requirements-dev.txt (line 11))
2025-08-19T08:20:29.7263376Z   Using cached vine-5.1.0-py3-none-any.whl.metadata (2.7 kB)
2025-08-19T08:20:29.7369939Z Collecting click-didyoumean>=0.3.0 (from celery==5.5.3->-r requirements-dev.txt (line 11))
2025-08-19T08:20:29.7383263Z   Using cached click_didyoumean-0.3.1-py3-none-any.whl.metadata (3.9 kB)
2025-08-19T08:20:29.7453361Z Collecting click-repl>=0.2.0 (from celery==5.5.3->-r requirements-dev.txt (line 11))
2025-08-19T08:20:29.7466422Z   Using cached click_repl-0.3.0-py3-none-any.whl.metadata (3.6 kB)
2025-08-19T08:20:29.7538329Z Collecting click-plugins>=1.1.1 (from celery==5.5.3->-r requirements-dev.txt (line 11))
2025-08-19T08:20:29.7551669Z   Using cached click_plugins-1.1.1.2-py2.py3-none-any.whl.metadata (6.5 kB)
2025-08-19T08:20:29.7651293Z Collecting python-dateutil>=2.8.2 (from celery==5.5.3->-r requirements-dev.txt (line 11))
2025-08-19T08:20:29.7664211Z   Using cached python_dateutil-2.9.0.post0-py2.py3-none-any.whl.metadata (8.4 kB)
2025-08-19T08:20:29.8047011Z Collecting annotated-types>=0.6.0 (from pydantic==2.11.7->-r requirements-dev.txt (line 25))
2025-08-19T08:20:29.8060226Z   Using cached annotated_types-0.7.0-py3-none-any.whl.metadata (15 kB)
2025-08-19T08:20:30.4600825Z Collecting pydantic-core==2.33.2 (from pydantic==2.11.7->-r requirements-dev.txt (line 25))
2025-08-19T08:20:30.4617226Z   Using cached pydantic_core-2.33.2-cp311-cp311-manylinux_2_17_x86_64.manylinux2014_x86_64.whl.metadata (6.8 kB)
2025-08-19T08:20:30.4730948Z Collecting typing-inspection>=0.4.0 (from pydantic==2.11.7->-r requirements-dev.txt (line 25))
2025-08-19T08:20:30.4744790Z   Using cached typing_inspection-0.4.1-py3-none-any.whl.metadata (2.6 kB)
2025-08-19T08:20:30.4975741Z Collecting et-xmlfile (from openpyxl==3.1.5->-r requirements-dev.txt (line 21))
2025-08-19T08:20:30.4989333Z   Using cached et_xmlfile-2.0.0-py3-none-any.whl.metadata (2.7 kB)
2025-08-19T08:20:30.5379908Z Collecting pytest<9,>=7.0.0 (from pytest-asyncio==0.23.6->-r requirements-dev.txt (line 27))
2025-08-19T08:20:30.5393648Z   Using cached pytest-8.4.1-py3-none-any.whl.metadata (7.7 kB)
2025-08-19T08:20:30.9135228Z Collecting coverage>=7.5 (from coverage[toml]>=7.5->pytest-cov==6.2.1->-r requirements-dev.txt (line 28))
2025-08-19T08:20:30.9151367Z   Using cached coverage-7.10.4-cp311-cp311-manylinux1_x86_64.manylinux_2_28_x86_64.manylinux_2_5_x86_64.whl.metadata (8.9 kB)
2025-08-19T08:20:30.9251669Z Collecting pluggy>=1.2 (from pytest-cov==6.2.1->-r requirements-dev.txt (line 28))
2025-08-19T08:20:30.9265981Z   Using cached pluggy-1.6.0-py3-none-any.whl.metadata (4.8 kB)
2025-08-19T08:20:30.9467405Z Collecting port-for>=0.7.3 (from pytest-postgresql==7.0.2->-r requirements-dev.txt (line 29))
2025-08-19T08:20:30.9480958Z   Using cached port_for-0.7.4-py3-none-any.whl.metadata (7.1 kB)
2025-08-19T08:20:30.9592252Z Collecting mirakuru>=2.6.0 (from pytest-postgresql==7.0.2->-r requirements-dev.txt (line 29))
2025-08-19T08:20:30.9605596Z   Using cached mirakuru-2.6.1-py3-none-any.whl.metadata (10 kB)
2025-08-19T08:20:31.0385952Z Collecting charset_normalizer<4,>=2 (from requests==2.32.4->-r requirements-dev.txt (line 33))
2025-08-19T08:20:31.0401047Z   Using cached charset_normalizer-3.4.3-cp311-cp311-manylinux2014_x86_64.manylinux_2_17_x86_64.manylinux_2_28_x86_64.whl.metadata (36 kB)
2025-08-19T08:20:31.0533783Z Collecting idna<4,>=2.5 (from requests==2.32.4->-r requirements-dev.txt (line 33))
2025-08-19T08:20:31.0547367Z   Using cached idna-3.10-py3-none-any.whl.metadata (10 kB)
2025-08-19T08:20:31.0784326Z Collecting urllib3<3,>=1.21.1 (from requests==2.32.4->-r requirements-dev.txt (line 33))
2025-08-19T08:20:31.0797538Z   Using cached urllib3-2.5.0-py3-none-any.whl.metadata (6.5 kB)
2025-08-19T08:20:31.0966242Z Collecting certifi>=2017.4.17 (from requests==2.32.4->-r requirements-dev.txt (line 33))
2025-08-19T08:20:31.0979859Z   Using cached certifi-2025.8.3-py3-none-any.whl.metadata (2.4 kB)
2025-08-19T08:20:31.2172898Z Collecting greenlet!=0.4.17 (from sqlalchemy==2.0.29->-r requirements-dev.txt (line 36))
2025-08-19T08:20:31.2188077Z   Using cached greenlet-3.2.4-cp311-cp311-manylinux_2_24_x86_64.manylinux_2_28_x86_64.whl.metadata (4.1 kB)
2025-08-19T08:20:31.2377726Z Collecting docker (from testcontainers==4.10.0->testcontainers[postgres]==4.10.0->-r requirements-dev.txt (line 38))
2025-08-19T08:20:31.2391361Z   Using cached docker-7.1.0-py3-none-any.whl.metadata (3.8 kB)
2025-08-19T08:20:31.3295873Z Collecting wrapt (from testcontainers==4.10.0->testcontainers[postgres]==4.10.0->-r requirements-dev.txt (line 38))
2025-08-19T08:20:31.3311399Z   Using cached wrapt-1.17.3-cp311-cp311-manylinux1_x86_64.manylinux_2_28_x86_64.manylinux_2_5_x86_64.whl.metadata (6.4 kB)
2025-08-19T08:20:31.3595805Z Collecting docspec==2.2.1 (from docspec-python==2.2.2->-r requirements-dev.txt (line 40))
2025-08-19T08:20:31.3609288Z   Using cached docspec-2.2.1-py3-none-any.whl.metadata (1.5 kB)
2025-08-19T08:20:31.3734500Z Collecting nr-util>=0.8.12 (from docspec-python==2.2.2->-r requirements-dev.txt (line 40))
2025-08-19T08:20:31.3747854Z   Using cached nr.util-0.8.12-py3-none-any.whl.metadata (813 bytes)
2025-08-19T08:20:31.4054303Z Collecting PyYAML<7.0,>=5.0 (from pydoc-markdown==4.8.2->-r requirements-dev.txt (line 41))
2025-08-19T08:20:31.4068502Z   Using cached PyYAML-6.0.2-cp311-cp311-manylinux_2_17_x86_64.manylinux2014_x86_64.whl.metadata (2.1 kB)
2025-08-19T08:20:31.4294323Z Collecting databind.core<5.0.0,>=4.4.0 (from pydoc-markdown==4.8.2->-r requirements-dev.txt (line 41))
2025-08-19T08:20:31.4307672Z   Using cached databind.core-4.5.2-py3-none-any.whl.metadata (1.1 kB)
2025-08-19T08:20:31.4468997Z Collecting databind.json<5.0.0,>=4.4.0 (from pydoc-markdown==4.8.2->-r requirements-dev.txt (line 41))
2025-08-19T08:20:31.4482948Z   Using cached databind.json-4.5.2-py3-none-any.whl.metadata (1.1 kB)
2025-08-19T08:20:31.4600761Z Collecting docstring-parser<0.12,>=0.11 (from pydoc-markdown==4.8.2->-r requirements-dev.txt (line 41))
2025-08-19T08:20:31.4601980Z   Using cached docstring_parser-0.11-py3-none-any.whl
2025-08-19T08:20:31.4922046Z Collecting tomli<3.0.0,>=2.0.0 (from pydoc-markdown==4.8.2->-r requirements-dev.txt (line 41))
2025-08-19T08:20:31.4935997Z   Using cached tomli-2.2.1-cp311-cp311-manylinux_2_17_x86_64.manylinux2014_x86_64.whl.metadata (11 kB)
2025-08-19T08:20:31.5014532Z Collecting tomli_w<2.0.0,>=1.0.0 (from pydoc-markdown==4.8.2->-r requirements-dev.txt (line 41))
2025-08-19T08:20:31.5028122Z   Using cached tomli_w-1.2.0-py3-none-any.whl.metadata (5.7 kB)
2025-08-19T08:20:31.5436062Z Collecting watchdog (from pydoc-markdown==4.8.2->-r requirements-dev.txt (line 41))
2025-08-19T08:20:31.5450078Z   Using cached watchdog-6.0.0-py3-none-manylinux2014_x86_64.whl.metadata (44 kB)
2025-08-19T08:20:31.5622627Z Collecting yapf>=0.30.0 (from pydoc-markdown==4.8.2->-r requirements-dev.txt (line 41))
2025-08-19T08:20:31.5635949Z   Using cached yapf-0.43.0-py3-none-any.whl.metadata (46 kB)
2025-08-19T08:20:31.5830998Z Collecting Deprecated<2.0.0,>=1.2.12 (from docspec==2.2.1->docspec-python==2.2.2->-r requirements-dev.txt (line 40))
2025-08-19T08:20:31.5844460Z   Using cached Deprecated-1.2.18-py2.py3-none-any.whl.metadata (5.7 kB)
2025-08-19T08:20:31.7235873Z Collecting psycopg-binary==3.2.9 (from psycopg[binary]==3.2.9->-r requirements-dev.txt (line 24))
2025-08-19T08:20:31.7251059Z   Using cached psycopg_binary-3.2.9-cp311-cp311-manylinux_2_17_x86_64.manylinux2014_x86_64.whl.metadata (2.9 kB)
2025-08-19T08:20:31.7472752Z Collecting PyJWT>=2.9.0 (from redis==5.*->-r requirements-dev.txt (line 9))
2025-08-19T08:20:31.7486170Z   Using cached PyJWT-2.10.1-py3-none-any.whl.metadata (4.0 kB)
2025-08-19T08:20:31.7683185Z Collecting argon2-cffi (from minio==7.*->-r requirements-dev.txt (line 10))
2025-08-19T08:20:31.7696947Z   Using cached argon2_cffi-25.1.0-py3-none-any.whl.metadata (4.1 kB)
2025-08-19T08:20:31.8422689Z Collecting pycryptodome (from minio==7.*->-r requirements-dev.txt (line 10))
2025-08-19T08:20:31.8438418Z   Using cached pycryptodome-3.23.0-cp37-abi3-manylinux_2_17_x86_64.manylinux2014_x86_64.whl.metadata (3.4 kB)
2025-08-19T08:20:31.9538686Z Collecting anyio (from httpx<0.29,>=0.27->-r requirements-dev.txt (line 15))
2025-08-19T08:20:31.9553530Z   Using cached anyio-4.10.0-py3-none-any.whl.metadata (4.0 kB)
2025-08-19T08:20:31.9716716Z Collecting httpcore==1.* (from httpx<0.29,>=0.27->-r requirements-dev.txt (line 15))
2025-08-19T08:20:31.9730112Z   Using cached httpcore-1.0.9-py3-none-any.whl.metadata (21 kB)
2025-08-19T08:20:32.0013818Z Collecting tzdata>=2022.7 (from pandas==2.2.*->-r requirements-dev.txt (line 22))
2025-08-19T08:20:32.0026913Z   Using cached tzdata-2025.2-py2.py3-none-any.whl.metadata (1.4 kB)
2025-08-19T08:20:32.0142576Z Collecting multimethod<=1.10.0 (from pandera==0.19.*->-r requirements-dev.txt (line 42))
2025-08-19T08:20:32.0155593Z   Using cached multimethod-1.10-py3-none-any.whl.metadata (8.2 kB)
2025-08-19T08:20:32.0492042Z Collecting typeguard (from pandera==0.19.*->-r requirements-dev.txt (line 42))
2025-08-19T08:20:32.0505112Z   Using cached typeguard-4.4.4-py3-none-any.whl.metadata (3.3 kB)
2025-08-19T08:20:32.0583332Z Collecting typing-inspect>=0.6.0 (from pandera==0.19.*->-r requirements-dev.txt (line 42))
2025-08-19T08:20:32.0596478Z   Using cached typing_inspect-0.9.0-py3-none-any.whl.metadata (1.5 kB)
2025-08-19T08:20:32.0826058Z Collecting databind<5.0.0,>=4.5.2 (from databind.core<5.0.0,>=4.4.0->pydoc-markdown==4.8.2->-r requirements-dev.txt (line 41))
2025-08-19T08:20:32.0838919Z   Using cached databind-4.5.2-py3-none-any.whl.metadata (4.3 kB)
2025-08-19T08:20:32.0922901Z Collecting nr-date<3.0.0,>=2.0.0 (from databind<5.0.0,>=4.5.2->databind.core<5.0.0,>=4.4.0->pydoc-markdown==4.8.2->-r requirements-dev.txt (line 41))
2025-08-19T08:20:32.0935923Z   Using cached nr_date-2.1.0-py3-none-any.whl.metadata (746 bytes)
2025-08-19T08:20:32.1025793Z Collecting nr-stream<2.0.0,>=1.0.0 (from databind<5.0.0,>=4.5.2->databind.core<5.0.0,>=4.4.0->pydoc-markdown==4.8.2->-r requirements-dev.txt (line 41))
2025-08-19T08:20:32.1038708Z   Using cached nr_stream-1.1.5-py3-none-any.whl.metadata (3.6 kB)
2025-08-19T08:20:32.1184340Z Collecting typeapi<3,>=2.0.1 (from databind<5.0.0,>=4.5.2->databind.core<5.0.0,>=4.4.0->pydoc-markdown==4.8.2->-r requirements-dev.txt (line 41))
2025-08-19T08:20:32.1197457Z   Using cached typeapi-2.2.4-py3-none-any.whl.metadata (1.5 kB)
2025-08-19T08:20:32.1421128Z Collecting h11>=0.16 (from httpcore==1.*->httpx<0.29,>=0.27->-r requirements-dev.txt (line 15))
2025-08-19T08:20:32.1434259Z   Using cached h11-0.16.0-py3-none-any.whl.metadata (8.3 kB)
2025-08-19T08:20:32.1611884Z Collecting amqp<6.0.0,>=5.1.1 (from kombu<5.6,>=5.5.2->celery==5.5.3->-r requirements-dev.txt (line 11))
2025-08-19T08:20:32.1625229Z   Using cached amqp-5.3.1-py3-none-any.whl.metadata (8.9 kB)
2025-08-19T08:20:32.1931703Z Collecting iniconfig>=1 (from pytest<9,>=7.0.0->pytest-asyncio==0.23.6->-r requirements-dev.txt (line 27))
2025-08-19T08:20:32.1944623Z   Using cached iniconfig-2.1.0-py3-none-any.whl.metadata (2.7 kB)
2025-08-19T08:20:32.2128464Z Collecting pygments>=2.7.2 (from pytest<9,>=7.0.0->pytest-asyncio==0.23.6->-r requirements-dev.txt (line 27))
2025-08-19T08:20:32.2142395Z   Using cached pygments-2.19.2-py3-none-any.whl.metadata (2.5 kB)
2025-08-19T08:20:32.2418461Z Collecting sniffio>=1.1 (from anyio->httpx<0.29,>=0.27->-r requirements-dev.txt (line 15))
2025-08-19T08:20:32.2432704Z   Using cached sniffio-1.3.1-py3-none-any.whl.metadata (3.9 kB)
2025-08-19T08:20:32.5434589Z Collecting botocore<1.41.0,>=1.40.12 (from boto3->-r requirements-dev.txt (line 8))
2025-08-19T08:20:32.5450646Z   Using cached botocore-1.40.12-py3-none-any.whl.metadata (5.7 kB)
2025-08-19T08:20:32.5553444Z Collecting jmespath<2.0.0,>=0.7.1 (from boto3->-r requirements-dev.txt (line 8))
2025-08-19T08:20:32.5567808Z   Using cached jmespath-1.0.1-py3-none-any.whl.metadata (7.6 kB)
2025-08-19T08:20:32.5710868Z Collecting s3transfer<0.14.0,>=0.13.0 (from boto3->-r requirements-dev.txt (line 8))
2025-08-19T08:20:32.5724714Z   Using cached s3transfer-0.13.1-py3-none-any.whl.metadata (1.7 kB)
2025-08-19T08:20:32.7537977Z Collecting fastapi-cli>=0.0.8 (from fastapi-cli[standard]>=0.0.8; extra == "all"->fastapi[all]->-r requirements-dev.txt (line 13))
2025-08-19T08:20:32.7552238Z   Using cached fastapi_cli-0.0.8-py3-none-any.whl.metadata (6.3 kB)
2025-08-19T08:20:32.8224936Z Collecting ujson!=4.0.2,!=4.1.0,!=4.2.0,!=4.3.0,!=5.0.0,!=5.1.0,>=4.0.1 (from fastapi[all]->-r requirements-dev.txt (line 13))
2025-08-19T08:20:32.8239270Z   Using cached ujson-5.10.0-cp311-cp311-manylinux_2_17_x86_64.manylinux2014_x86_64.whl.metadata (9.3 kB)
2025-08-19T08:20:33.0426941Z Collecting orjson>=3.2.1 (from fastapi[all]->-r requirements-dev.txt (line 13))
2025-08-19T08:20:33.0441968Z   Using cached orjson-3.11.2-cp311-cp311-manylinux_2_17_x86_64.manylinux2014_x86_64.whl.metadata (1.2 kB)
2025-08-19T08:20:33.0551262Z Collecting email-validator>=2.0.0 (from fastapi[all]->-r requirements-dev.txt (line 13))
2025-08-19T08:20:33.0564772Z   Using cached email_validator-2.2.0-py3-none-any.whl.metadata (25 kB)
2025-08-19T08:20:33.0812168Z Collecting uvicorn>=0.12.0 (from uvicorn[standard]>=0.12.0; extra == "all"->fastapi[all]->-r requirements-dev.txt (line 13))
2025-08-19T08:20:33.0825703Z   Using cached uvicorn-0.35.0-py3-none-any.whl.metadata (6.5 kB)
2025-08-19T08:20:33.0958783Z Collecting pydantic-settings>=2.0.0 (from fastapi[all]->-r requirements-dev.txt (line 13))
2025-08-19T08:20:33.0972562Z   Using cached pydantic_settings-2.10.1-py3-none-any.whl.metadata (3.4 kB)
2025-08-19T08:20:33.1075677Z Collecting pydantic-extra-types>=2.0.0 (from fastapi[all]->-r requirements-dev.txt (line 13))
2025-08-19T08:20:33.1090228Z   Using cached pydantic_extra_types-2.10.5-py3-none-any.whl.metadata (3.9 kB)
2025-08-19T08:20:33.1711436Z Collecting prompt-toolkit>=3.0.36 (from click-repl>=0.2.0->celery==5.5.3->-r requirements-dev.txt (line 11))
2025-08-19T08:20:33.1725040Z   Using cached prompt_toolkit-3.0.51-py3-none-any.whl.metadata (6.4 kB)
2025-08-19T08:20:33.1876456Z Collecting dnspython>=2.0.0 (from email-validator>=2.0.0->fastapi[all]->-r requirements-dev.txt (line 13))
2025-08-19T08:20:33.1890023Z   Using cached dnspython-2.7.0-py3-none-any.whl.metadata (5.8 kB)
2025-08-19T08:20:33.2136062Z Collecting typer>=0.15.1 (from fastapi-cli>=0.0.8->fastapi-cli[standard]>=0.0.8; extra == "all"->fastapi[all]->-r requirements-dev.txt (line 13))
2025-08-19T08:20:33.2149719Z   Using cached typer-0.16.1-py3-none-any.whl.metadata (15 kB)
2025-08-19T08:20:33.2370480Z Collecting rich-toolkit>=0.14.8 (from fastapi-cli>=0.0.8->fastapi-cli[standard]>=0.0.8; extra == "all"->fastapi[all]->-r requirements-dev.txt (line 13))
2025-08-19T08:20:33.2383869Z   Using cached rich_toolkit-0.15.0-py3-none-any.whl.metadata (1.0 kB)
2025-08-19T08:20:33.2473917Z Collecting fastapi-cloud-cli>=0.1.1 (from fastapi-cli[standard]>=0.0.8; extra == "all"->fastapi[all]->-r requirements-dev.txt (line 13))
2025-08-19T08:20:33.2487250Z   Using cached fastapi_cloud_cli-0.1.5-py3-none-any.whl.metadata (3.2 kB)
2025-08-19T08:20:33.4313790Z Collecting rignore>=0.5.1 (from fastapi-cloud-cli>=0.1.1->fastapi-cli[standard]>=0.0.8; extra == "all"->fastapi[all]->-r requirements-dev.txt (line 13))
2025-08-19T08:20:33.4328648Z   Using cached rignore-0.6.4-cp311-cp311-manylinux_2_17_x86_64.manylinux2014_x86_64.whl.metadata (3.8 kB)
2025-08-19T08:20:33.4981463Z Collecting sentry-sdk>=2.20.0 (from fastapi-cloud-cli>=0.1.1->fastapi-cli[standard]>=0.0.8; extra == "all"->fastapi[all]->-r requirements-dev.txt (line 13))
2025-08-19T08:20:33.4994641Z   Using cached sentry_sdk-2.35.0-py2.py3-none-any.whl.metadata (10 kB)
2025-08-19T08:20:33.5850282Z Collecting psutil>=4.0.0 (from mirakuru>=2.6.0->pytest-postgresql==7.0.2->-r requirements-dev.txt (line 29))
2025-08-19T08:20:33.5865594Z   Using cached psutil-7.0.0-cp36-abi3-manylinux_2_12_x86_64.manylinux2010_x86_64.manylinux_2_17_x86_64.manylinux2014_x86_64.whl.metadata (22 kB)
2025-08-19T08:20:33.6141084Z Collecting wcwidth (from prompt-toolkit>=3.0.36->click-repl>=0.2.0->celery==5.5.3->-r requirements-dev.txt (line 11))
2025-08-19T08:20:33.6153849Z   Using cached wcwidth-0.2.13-py2.py3-none-any.whl.metadata (14 kB)
2025-08-19T08:20:33.7027345Z Collecting rich>=13.7.1 (from rich-toolkit>=0.14.8->fastapi-cli>=0.0.8->fastapi-cli[standard]>=0.0.8; extra == "all"->fastapi[all]->-r requirements-dev.txt (line 13))
2025-08-19T08:20:33.7040396Z   Using cached rich-14.1.0-py3-none-any.whl.metadata (18 kB)
2025-08-19T08:20:33.7200568Z Collecting markdown-it-py>=2.2.0 (from rich>=13.7.1->rich-toolkit>=0.14.8->fastapi-cli>=0.0.8->fastapi-cli[standard]>=0.0.8; extra == "all"->fastapi[all]->-r requirements-dev.txt (line 13))
2025-08-19T08:20:33.7212997Z   Using cached markdown_it_py-4.0.0-py3-none-any.whl.metadata (7.3 kB)
2025-08-19T08:20:33.7393514Z Collecting mdurl~=0.1 (from markdown-it-py>=2.2.0->rich>=13.7.1->rich-toolkit>=0.14.8->fastapi-cli>=0.0.8->fastapi-cli[standard]>=0.0.8; extra == "all"->fastapi[all]->-r requirements-dev.txt (line 13))
2025-08-19T08:20:33.7406905Z   Using cached mdurl-0.1.2-py3-none-any.whl.metadata (1.6 kB)
2025-08-19T08:20:33.7845997Z Collecting shellingham>=1.3.0 (from typer>=0.15.1->fastapi-cli>=0.0.8->fastapi-cli[standard]>=0.0.8; extra == "all"->fastapi[all]->-r requirements-dev.txt (line 13))
2025-08-19T08:20:33.7858856Z   Using cached shellingham-1.5.4-py2.py3-none-any.whl.metadata (3.5 kB)
2025-08-19T08:20:33.8547305Z Collecting httptools>=0.6.3 (from uvicorn[standard]>=0.12.0; extra == "all"->fastapi[all]->-r requirements-dev.txt (line 13))
2025-08-19T08:20:33.8561172Z   Using cached httptools-0.6.4-cp311-cp311-manylinux_2_5_x86_64.manylinux1_x86_64.manylinux_2_17_x86_64.manylinux2014_x86_64.whl.metadata (3.6 kB)
2025-08-19T08:20:33.8938837Z Collecting uvloop>=0.15.1 (from uvicorn[standard]>=0.12.0; extra == "all"->fastapi[all]->-r requirements-dev.txt (line 13))
2025-08-19T08:20:33.8952762Z   Using cached uvloop-0.21.0-cp311-cp311-manylinux_2_17_x86_64.manylinux2014_x86_64.whl.metadata (4.9 kB)
2025-08-19T08:20:33.9667284Z Collecting watchfiles>=0.13 (from uvicorn[standard]>=0.12.0; extra == "all"->fastapi[all]->-r requirements-dev.txt (line 13))
2025-08-19T08:20:33.9682754Z   Using cached watchfiles-1.1.0-cp311-cp311-manylinux_2_17_x86_64.manylinux2014_x86_64.whl.metadata (4.9 kB)
2025-08-19T08:20:34.0484840Z Collecting websockets>=10.4 (from uvicorn[standard]>=0.12.0; extra == "all"->fastapi[all]->-r requirements-dev.txt (line 13))
2025-08-19T08:20:34.0499833Z   Using cached websockets-15.0.1-cp311-cp311-manylinux_2_5_x86_64.manylinux1_x86_64.manylinux_2_17_x86_64.manylinux2014_x86_64.whl.metadata (6.8 kB)
2025-08-19T08:20:34.0894683Z Collecting argon2-cffi-bindings (from argon2-cffi->minio==7.*->-r requirements-dev.txt (line 10))
2025-08-19T08:20:34.0908984Z   Using cached argon2_cffi_bindings-25.1.0-cp39-abi3-manylinux_2_26_x86_64.manylinux_2_28_x86_64.whl.metadata (7.4 kB)
2025-08-19T08:20:34.1855789Z Collecting cffi>=1.0.1 (from argon2-cffi-bindings->argon2-cffi->minio==7.*->-r requirements-dev.txt (line 10))
2025-08-19T08:20:34.1870753Z   Using cached cffi-1.17.1-cp311-cp311-manylinux_2_17_x86_64.manylinux2014_x86_64.whl.metadata (1.5 kB)
2025-08-19T08:20:34.1973149Z Collecting pycparser (from cffi>=1.0.1->argon2-cffi-bindings->argon2-cffi->minio==7.*->-r requirements-dev.txt (line 10))
2025-08-19T08:20:34.1986854Z   Using cached pycparser-2.22-py3-none-any.whl.metadata (943 bytes)
2025-08-19T08:20:34.2555436Z Using cached jinja2-3.1.6-py3-none-any.whl (134 kB)
2025-08-19T08:20:34.2569729Z Using cached alembic-1.13.1-py3-none-any.whl (233 kB)
2025-08-19T08:20:34.2585197Z Using cached APScheduler-3.10.4-py3-none-any.whl (59 kB)
2025-08-19T08:20:34.2598912Z Using cached asgi_correlation_id-4.3.1-py3-none-any.whl (15 kB)
2025-08-19T08:20:34.2612826Z Using cached asyncpg-0.30.0-cp311-cp311-manylinux_2_17_x86_64.manylinux2014_x86_64.whl (3.1 MB)
2025-08-19T08:20:34.2649211Z Using cached black-25.1.0-cp311-cp311-manylinux_2_17_x86_64.manylinux2014_x86_64.manylinux_2_28_x86_64.whl (1.7 MB)
2025-08-19T08:20:34.2694353Z Downloading celery-5.5.3-py3-none-any.whl (438 kB)
2025-08-19T08:20:34.2881483Z Using cached fastapi-0.116.1-py3-none-any.whl (95 kB)
2025-08-19T08:20:34.2895029Z Using cached pydantic-2.11.7-py3-none-any.whl (444 kB)
2025-08-19T08:20:34.2911402Z Using cached fastapi_limiter-0.1.6-py3-none-any.whl (15 kB)
2025-08-19T08:20:34.2924249Z Using cached IMAPClient-3.0.1-py2.py3-none-any.whl (182 kB)
2025-08-19T08:20:34.2938373Z Using cached mypy_extensions-1.1.0-py3-none-any.whl (5.0 kB)
2025-08-19T08:20:34.2951708Z Using cached openpyxl-3.1.5-py2.py3-none-any.whl (250 kB)
2025-08-19T08:20:34.2966710Z Using cached psycopg2_binary-2.9.10-cp311-cp311-manylinux_2_17_x86_64.manylinux2014_x86_64.whl (3.0 MB)
2025-08-19T08:20:34.3001397Z Using cached psycopg-3.2.9-py3-none-any.whl (202 kB)
2025-08-19T08:20:34.3015461Z Using cached pytest_asyncio-0.23.6-py3-none-any.whl (17 kB)
2025-08-19T08:20:34.3032183Z Using cached pytest_cov-6.2.1-py3-none-any.whl (24 kB)
2025-08-19T08:20:34.3045684Z Using cached pytest_postgresql-7.0.2-py3-none-any.whl (41 kB)
2025-08-19T08:20:34.3058737Z Using cached python_telegram_bot-22.3-py3-none-any.whl (717 kB)
2025-08-19T08:20:34.3077004Z Using cached requests-2.32.4-py3-none-any.whl (64 kB)
2025-08-19T08:20:34.3090232Z Using cached respx-0.22.0-py2.py3-none-any.whl (25 kB)
2025-08-19T08:20:34.3103616Z Using cached ruff-0.4.4-py3-none-manylinux_2_17_x86_64.manylinux2014_x86_64.whl (8.7 MB)
2025-08-19T08:20:34.3179074Z Using cached SQLAlchemy-2.0.29-cp311-cp311-manylinux_2_17_x86_64.manylinux2014_x86_64.whl (3.2 MB)
2025-08-19T08:20:34.3215281Z Using cached structlog-24.1.0-py3-none-any.whl (65 kB)
2025-08-19T08:20:34.3228499Z Using cached testcontainers-4.10.0-py3-none-any.whl (107 kB)
2025-08-19T08:20:34.3242452Z Using cached types_requests-2.32.0.20240602-py3-none-any.whl (15 kB)
2025-08-19T08:20:34.3255647Z Using cached docspec_python-2.2.2-py3-none-any.whl (15 kB)
2025-08-19T08:20:34.3268548Z Using cached pydoc_markdown-4.8.2-py3-none-any.whl (67 kB)
2025-08-19T08:20:34.3281507Z Using cached docspec-2.2.1-py3-none-any.whl (9.8 kB)
2025-08-19T08:20:34.3294642Z Using cached psycopg_binary-3.2.9-cp311-cp311-manylinux_2_17_x86_64.manylinux2014_x86_64.whl (4.5 MB)
2025-08-19T08:20:34.3340205Z Using cached pydantic_core-2.33.2-cp311-cp311-manylinux_2_17_x86_64.manylinux2014_x86_64.whl (2.0 MB)
2025-08-19T08:20:34.3366792Z Using cached redis-5.3.1-py3-none-any.whl (272 kB)
2025-08-19T08:20:34.3381610Z Using cached minio-7.2.16-py3-none-any.whl (95 kB)
2025-08-19T08:20:34.3395107Z Using cached httpx-0.28.1-py3-none-any.whl (73 kB)
2025-08-19T08:20:34.3408879Z Using cached mypy-1.17.1-cp311-cp311-manylinux2014_x86_64.manylinux_2_17_x86_64.manylinux_2_28_x86_64.whl (12.6 MB)
2025-08-19T08:20:34.3511406Z Using cached numpy-1.26.4-cp311-cp311-manylinux_2_17_x86_64.manylinux2014_x86_64.whl (18.3 MB)
2025-08-19T08:20:34.3652892Z Using cached pandas-2.2.3-cp311-cp311-manylinux_2_17_x86_64.manylinux2014_x86_64.whl (13.1 MB)
2025-08-19T08:20:34.3758132Z Using cached pandera-0.19.3-py3-none-any.whl (251 kB)
2025-08-19T08:20:34.3773079Z Using cached billiard-4.2.1-py3-none-any.whl (86 kB)
2025-08-19T08:20:34.3787524Z Using cached charset_normalizer-3.4.3-cp311-cp311-manylinux2014_x86_64.manylinux_2_17_x86_64.manylinux_2_28_x86_64.whl (150 kB)
2025-08-19T08:20:34.3802192Z Using cached click-8.2.1-py3-none-any.whl (102 kB)
2025-08-19T08:20:34.3816035Z Using cached databind.core-4.5.2-py3-none-any.whl (1.5 kB)
2025-08-19T08:20:34.3828685Z Using cached databind-4.5.2-py3-none-any.whl (49 kB)
2025-08-19T08:20:34.3842053Z Using cached databind.json-4.5.2-py3-none-any.whl (1.5 kB)
2025-08-19T08:20:34.3854864Z Using cached Deprecated-1.2.18-py2.py3-none-any.whl (10.0 kB)
2025-08-19T08:20:34.3867859Z Using cached httpcore-1.0.9-py3-none-any.whl (78 kB)
2025-08-19T08:20:34.3881509Z Using cached idna-3.10-py3-none-any.whl (70 kB)
2025-08-19T08:20:34.3894889Z Using cached kombu-5.5.4-py3-none-any.whl (210 kB)
2025-08-19T08:20:34.3909142Z Using cached vine-5.1.0-py3-none-any.whl (9.6 kB)
2025-08-19T08:20:34.3921805Z Using cached amqp-5.3.1-py3-none-any.whl (50 kB)
2025-08-19T08:20:34.3934663Z Using cached multimethod-1.10-py3-none-any.whl (9.9 kB)
2025-08-19T08:20:34.3947266Z Using cached nr_date-2.1.0-py3-none-any.whl (10 kB)
2025-08-19T08:20:34.3960195Z Using cached nr_stream-1.1.5-py3-none-any.whl (10 kB)
2025-08-19T08:20:34.3973049Z Using cached nr.util-0.8.12-py3-none-any.whl (90 kB)
2025-08-19T08:20:34.3986281Z Using cached pytest-8.4.1-py3-none-any.whl (365 kB)
2025-08-19T08:20:34.4001749Z Using cached pluggy-1.6.0-py3-none-any.whl (20 kB)
2025-08-19T08:20:34.4015011Z Using cached PyYAML-6.0.2-cp311-cp311-manylinux_2_17_x86_64.manylinux2014_x86_64.whl (762 kB)
2025-08-19T08:20:34.4033644Z Using cached starlette-0.47.2-py3-none-any.whl (72 kB)
2025-08-19T08:20:34.4046842Z Using cached anyio-4.10.0-py3-none-any.whl (107 kB)
2025-08-19T08:20:34.4060970Z Using cached tomli-2.2.1-cp311-cp311-manylinux_2_17_x86_64.manylinux2014_x86_64.whl (236 kB)
2025-08-19T08:20:34.4074918Z Using cached tomli_w-1.2.0-py3-none-any.whl (6.7 kB)
2025-08-19T08:20:34.4087635Z Using cached typeapi-2.2.4-py3-none-any.whl (26 kB)
2025-08-19T08:20:34.4100667Z Using cached typing_extensions-4.14.1-py3-none-any.whl (43 kB)
2025-08-19T08:20:34.4113600Z Using cached urllib3-2.5.0-py3-none-any.whl (129 kB)
2025-08-19T08:20:34.4127565Z Using cached wrapt-1.17.3-cp311-cp311-manylinux1_x86_64.manylinux_2_28_x86_64.manylinux_2_5_x86_64.whl (82 kB)
2025-08-19T08:20:34.4140682Z Using cached boto3-1.40.12-py3-none-any.whl (140 kB)
2025-08-19T08:20:34.4154428Z Using cached botocore-1.40.12-py3-none-any.whl (14.0 MB)
2025-08-19T08:20:34.4268239Z Using cached jmespath-1.0.1-py3-none-any.whl (20 kB)
2025-08-19T08:20:34.4281362Z Using cached python_dateutil-2.9.0.post0-py2.py3-none-any.whl (229 kB)
2025-08-19T08:20:34.4295579Z Using cached s3transfer-0.13.1-py3-none-any.whl (85 kB)
2025-08-19T08:20:34.4308716Z Using cached itsdangerous-2.2.0-py3-none-any.whl (16 kB)
2025-08-19T08:20:34.4321753Z Using cached python_dotenv-1.1.1-py3-none-any.whl (20 kB)
2025-08-19T08:20:34.4334663Z Using cached python_multipart-0.0.20-py3-none-any.whl (24 kB)
2025-08-19T08:20:34.4347571Z Using cached annotated_types-0.7.0-py3-none-any.whl (13 kB)
2025-08-19T08:20:34.4360665Z Using cached certifi-2025.8.3-py3-none-any.whl (161 kB)
2025-08-19T08:20:34.4374613Z Using cached click_didyoumean-0.3.1-py3-none-any.whl (3.6 kB)
2025-08-19T08:20:34.4387322Z Using cached click_plugins-1.1.1.2-py2.py3-none-any.whl (11 kB)
2025-08-19T08:20:34.4400234Z Using cached click_repl-0.3.0-py3-none-any.whl (10 kB)
2025-08-19T08:20:34.4414334Z Using cached coverage-7.10.4-cp311-cp311-manylinux1_x86_64.manylinux_2_28_x86_64.manylinux_2_5_x86_64.whl (249 kB)
2025-08-19T08:20:34.4428393Z Using cached email_validator-2.2.0-py3-none-any.whl (33 kB)
2025-08-19T08:20:34.4441487Z Using cached dnspython-2.7.0-py3-none-any.whl (313 kB)
2025-08-19T08:20:34.4456418Z Using cached fastapi_cli-0.0.8-py3-none-any.whl (10 kB)
2025-08-19T08:20:34.4469431Z Using cached fastapi_cloud_cli-0.1.5-py3-none-any.whl (18 kB)
2025-08-19T08:20:34.4482964Z Using cached greenlet-3.2.4-cp311-cp311-manylinux_2_24_x86_64.manylinux_2_28_x86_64.whl (587 kB)
2025-08-19T08:20:34.4499749Z Using cached h11-0.16.0-py3-none-any.whl (37 kB)
2025-08-19T08:20:34.4513067Z Using cached iniconfig-2.1.0-py3-none-any.whl (6.0 kB)
2025-08-19T08:20:34.4526282Z Using cached MarkupSafe-3.0.2-cp311-cp311-manylinux_2_17_x86_64.manylinux2014_x86_64.whl (23 kB)
2025-08-19T08:20:34.4538823Z Using cached mirakuru-2.6.1-py3-none-any.whl (26 kB)
2025-08-19T08:20:34.4552302Z Using cached orjson-3.11.2-cp311-cp311-manylinux_2_17_x86_64.manylinux2014_x86_64.whl (121 kB)
2025-08-19T08:20:34.4565716Z Using cached packaging-25.0-py3-none-any.whl (66 kB)
2025-08-19T08:20:34.4579057Z Using cached pathspec-0.12.1-py3-none-any.whl (31 kB)
2025-08-19T08:20:34.4592303Z Using cached platformdirs-4.3.8-py3-none-any.whl (18 kB)
2025-08-19T08:20:34.4605034Z Using cached port_for-0.7.4-py3-none-any.whl (21 kB)
2025-08-19T08:20:34.4618116Z Using cached prompt_toolkit-3.0.51-py3-none-any.whl (387 kB)
2025-08-19T08:20:34.4634143Z Using cached psutil-7.0.0-cp36-abi3-manylinux_2_12_x86_64.manylinux2010_x86_64.manylinux_2_17_x86_64.manylinux2014_x86_64.whl (277 kB)
2025-08-19T08:20:34.4648410Z Using cached pydantic_extra_types-2.10.5-py3-none-any.whl (38 kB)
2025-08-19T08:20:34.4663310Z Using cached pydantic_settings-2.10.1-py3-none-any.whl (45 kB)
2025-08-19T08:20:34.4676400Z Using cached pygments-2.19.2-py3-none-any.whl (1.2 MB)
2025-08-19T08:20:34.4697959Z Using cached PyJWT-2.10.1-py3-none-any.whl (22 kB)
2025-08-19T08:20:34.4711117Z Using cached pytz-2025.2-py2.py3-none-any.whl (509 kB)
2025-08-19T08:20:34.4727280Z Using cached rich_toolkit-0.15.0-py3-none-any.whl (29 kB)
2025-08-19T08:20:34.4740191Z Using cached rich-14.1.0-py3-none-any.whl (243 kB)
2025-08-19T08:20:34.4754970Z Using cached markdown_it_py-4.0.0-py3-none-any.whl (87 kB)
2025-08-19T08:20:34.4768295Z Using cached mdurl-0.1.2-py3-none-any.whl (10.0 kB)
2025-08-19T08:20:34.4781594Z Using cached rignore-0.6.4-cp311-cp311-manylinux_2_17_x86_64.manylinux2014_x86_64.whl (950 kB)
2025-08-19T08:20:34.4801143Z Using cached sentry_sdk-2.35.0-py2.py3-none-any.whl (363 kB)
2025-08-19T08:20:34.4816555Z Using cached six-1.17.0-py2.py3-none-any.whl (11 kB)
2025-08-19T08:20:34.4829721Z Using cached sniffio-1.3.1-py3-none-any.whl (10 kB)
2025-08-19T08:20:34.4842859Z Using cached typer-0.16.1-py3-none-any.whl (46 kB)
2025-08-19T08:20:34.4856060Z Using cached shellingham-1.5.4-py2.py3-none-any.whl (9.8 kB)
2025-08-19T08:20:34.4868738Z Using cached typing_inspect-0.9.0-py3-none-any.whl (8.8 kB)
2025-08-19T08:20:34.4881863Z Using cached typing_inspection-0.4.1-py3-none-any.whl (14 kB)
2025-08-19T08:20:34.4894704Z Using cached tzdata-2025.2-py2.py3-none-any.whl (347 kB)
2025-08-19T08:20:34.4910704Z Using cached tzlocal-5.3.1-py3-none-any.whl (18 kB)
2025-08-19T08:20:34.4923898Z Using cached ujson-5.10.0-cp311-cp311-manylinux_2_17_x86_64.manylinux2014_x86_64.whl (53 kB)
2025-08-19T08:20:34.4936807Z Using cached uvicorn-0.35.0-py3-none-any.whl (66 kB)
2025-08-19T08:20:34.4950701Z Using cached httptools-0.6.4-cp311-cp311-manylinux_2_5_x86_64.manylinux1_x86_64.manylinux_2_17_x86_64.manylinux2014_x86_64.whl (459 kB)
2025-08-19T08:20:34.4966957Z Using cached uvloop-0.21.0-cp311-cp311-manylinux_2_17_x86_64.manylinux2014_x86_64.whl (4.0 MB)
2025-08-19T08:20:34.5008639Z Using cached watchfiles-1.1.0-cp311-cp311-manylinux_2_17_x86_64.manylinux2014_x86_64.whl (453 kB)
2025-08-19T08:20:34.5025274Z Using cached websockets-15.0.1-cp311-cp311-manylinux_2_5_x86_64.manylinux1_x86_64.manylinux_2_17_x86_64.manylinux2014_x86_64.whl (182 kB)
2025-08-19T08:20:34.5038628Z Using cached yapf-0.43.0-py3-none-any.whl (256 kB)
2025-08-19T08:20:34.5053388Z Using cached argon2_cffi-25.1.0-py3-none-any.whl (14 kB)
2025-08-19T08:20:34.5066832Z Using cached argon2_cffi_bindings-25.1.0-cp39-abi3-manylinux_2_26_x86_64.manylinux_2_28_x86_64.whl (87 kB)
2025-08-19T08:20:34.5080468Z Using cached cffi-1.17.1-cp311-cp311-manylinux_2_17_x86_64.manylinux2014_x86_64.whl (467 kB)
2025-08-19T08:20:34.5096267Z Using cached docker-7.1.0-py3-none-any.whl (147 kB)
2025-08-19T08:20:34.5109880Z Using cached et_xmlfile-2.0.0-py3-none-any.whl (18 kB)
2025-08-19T08:20:34.5123049Z Using cached mako-1.3.10-py3-none-any.whl (78 kB)
2025-08-19T08:20:34.5136261Z Using cached pycparser-2.22-py3-none-any.whl (117 kB)
2025-08-19T08:20:34.5150476Z Using cached pycryptodome-3.23.0-cp37-abi3-manylinux_2_17_x86_64.manylinux2014_x86_64.whl (2.3 MB)
2025-08-19T08:20:34.5179743Z Using cached typeguard-4.4.4-py3-none-any.whl (34 kB)
2025-08-19T08:20:34.5193197Z Using cached watchdog-6.0.0-py3-none-manylinux2014_x86_64.whl (79 kB)
2025-08-19T08:20:34.5206489Z Using cached wcwidth-0.2.13-py2.py3-none-any.whl (34 kB)
2025-08-19T08:20:34.9209277Z Installing collected packages: wcwidth, pytz, wrapt, websockets, watchdog, vine, uvloop, urllib3, ujson, tzlocal, tzdata, typing-extensions, tomli_w, tomli, structlog, sniffio, six, shellingham, ruff, rignore, PyYAML, python-multipart, python-dotenv, PyJWT, pygments, pycryptodome, pycparser, psycopg2-binary, psycopg-binary, psutil, prompt-toolkit, port-for, pluggy, platformdirs, pathspec, packaging, orjson, numpy, nr-stream, nr-date, mypy-extensions, multimethod, mdurl, MarkupSafe, jmespath, itsdangerous, iniconfig, imapclient, idna, httptools, h11, greenlet, et-xmlfile, docstring-parser, dnspython, coverage, click, charset_normalizer, certifi, billiard, asyncpg, annotated-types, yapf, uvicorn, typing-inspection, typing-inspect, types-requests, typeguard, typeapi, sqlalchemy, sentry-sdk, requests, redis, python-dateutil, pytest, pydantic-core, psycopg, openpyxl, mypy, mirakuru, markdown-it-py, Mako, Jinja2, httpcore, email-validator, Deprecated, click-repl, click-plugins, click-didyoumean, cffi, black, apscheduler, anyio, amqp, watchfiles, starlette, rich, pytest-postgresql, pytest-cov, pytest-asyncio, pydantic, pandas, nr-util, kombu, httpx, docker, databind, botocore, argon2-cffi-bindings, alembic, typer, testcontainers, s3transfer, rich-toolkit, respx, python-telegram-bot, pydantic-settings, pydantic-extra-types, pandera, fastapi, databind.json, databind.core, celery, asgi-correlation-id, argon2-cffi, minio, fastapi-limiter, fastapi-cloud-cli, fastapi-cli, docspec, boto3, docspec-python, pydoc-markdown
2025-08-19T08:20:51.4263486Z 
2025-08-19T08:20:51.4327689Z Successfully installed Deprecated-1.2.18 Jinja2-3.1.6 Mako-1.3.10 MarkupSafe-3.0.2 PyJWT-2.10.1 PyYAML-6.0.2 alembic-1.13.1 amqp-5.3.1 annotated-types-0.7.0 anyio-4.10.0 apscheduler-3.10.4 argon2-cffi-25.1.0 argon2-cffi-bindings-25.1.0 asgi-correlation-id-4.3.1 asyncpg-0.30.0 billiard-4.2.1 black-25.1.0 boto3-1.40.12 botocore-1.40.12 celery-5.5.3 certifi-2025.8.3 cffi-1.17.1 charset_normalizer-3.4.3 click-8.2.1 click-didyoumean-0.3.1 click-plugins-1.1.1.2 click-repl-0.3.0 coverage-7.10.4 databind-4.5.2 databind.core-4.5.2 databind.json-4.5.2 dnspython-2.7.0 docker-7.1.0 docspec-2.2.1 docspec-python-2.2.2 docstring-parser-0.11 email-validator-2.2.0 et-xmlfile-2.0.0 fastapi-0.116.1 fastapi-cli-0.0.8 fastapi-cloud-cli-0.1.5 fastapi-limiter-0.1.6 greenlet-3.2.4 h11-0.16.0 httpcore-1.0.9 httptools-0.6.4 httpx-0.28.1 idna-3.10 imapclient-3.0.1 iniconfig-2.1.0 itsdangerous-2.2.0 jmespath-1.0.1 kombu-5.5.4 markdown-it-py-4.0.0 mdurl-0.1.2 minio-7.2.16 mirakuru-2.6.1 multimethod-1.10 mypy-1.17.1 mypy-extensions-1.1.0 nr-date-2.1.0 nr-stream-1.1.5 nr-util-0.8.12 numpy-1.26.4 openpyxl-3.1.5 orjson-3.11.2 packaging-25.0 pandas-2.2.3 pandera-0.19.3 pathspec-0.12.1 platformdirs-4.3.8 pluggy-1.6.0 port-for-0.7.4 prompt-toolkit-3.0.51 psutil-7.0.0 psycopg-3.2.9 psycopg-binary-3.2.9 psycopg2-binary-2.9.10 pycparser-2.22 pycryptodome-3.23.0 pydantic-2.11.7 pydantic-core-2.33.2 pydantic-extra-types-2.10.5 pydantic-settings-2.10.1 pydoc-markdown-4.8.2 pygments-2.19.2 pytest-8.4.1 pytest-asyncio-0.23.6 pytest-cov-6.2.1 pytest-postgresql-7.0.2 python-dateutil-2.9.0.post0 python-dotenv-1.1.1 python-multipart-0.0.20 python-telegram-bot-22.3 pytz-2025.2 redis-5.3.1 requests-2.32.4 respx-0.22.0 rich-14.1.0 rich-toolkit-0.15.0 rignore-0.6.4 ruff-0.4.4 s3transfer-0.13.1 sentry-sdk-2.35.0 shellingham-1.5.4 six-1.17.0 sniffio-1.3.1 sqlalchemy-2.0.29 starlette-0.47.2 structlog-24.1.0 testcontainers-4.10.0 tomli-2.2.1 tomli_w-1.2.0 typeapi-2.2.4 typeguard-4.4.4 typer-0.16.1 types-requests-2.32.0.20240602 typing-extensions-4.14.1 typing-inspect-0.9.0 typing-inspection-0.4.1 tzdata-2025.2 tzlocal-5.3.1 ujson-5.10.0 urllib3-2.5.0 uvicorn-0.35.0 uvloop-0.21.0 vine-5.1.0 watchdog-6.0.0 watchfiles-1.1.0 wcwidth-0.2.13 websockets-15.0.1 wrapt-1.17.3 yapf-0.43.0
2025-08-19T08:20:53.1914981Z Collecting keepa==1.3.15
2025-08-19T08:20:53.1930382Z   Using cached keepa-1.3.15-py3-none-any.whl.metadata (11 kB)
2025-08-19T08:20:53.2171718Z Collecting minio==7.1.15
2025-08-19T08:20:53.2186699Z   Using cached minio-7.1.15-py3-none-any.whl.metadata (4.2 kB)
2025-08-19T08:20:53.2211655Z Requirement already satisfied: numpy>=1.9.3 in /opt/hostedtoolcache/Python/3.11.13/x64/lib/python3.11/site-packages (from keepa==1.3.15) (1.26.4)
2025-08-19T08:20:53.2216618Z Requirement already satisfied: requests>=2.2 in /opt/hostedtoolcache/Python/3.11.13/x64/lib/python3.11/site-packages (from keepa==1.3.15) (2.32.4)
2025-08-19T08:20:53.2507039Z Collecting tqdm (from keepa==1.3.15)
2025-08-19T08:20:53.2521558Z   Using cached tqdm-4.67.1-py3-none-any.whl.metadata (57 kB)
2025-08-19T08:20:53.7260633Z Collecting aiohttp (from keepa==1.3.15)
2025-08-19T08:20:53.7277353Z   Using cached aiohttp-3.12.15-cp311-cp311-manylinux_2_17_x86_64.manylinux2014_x86_64.whl.metadata (7.7 kB)
2025-08-19T08:20:53.7308116Z Requirement already satisfied: pandas<=3.0 in /opt/hostedtoolcache/Python/3.11.13/x64/lib/python3.11/site-packages (from keepa==1.3.15) (2.2.3)
2025-08-19T08:20:53.7312908Z Requirement already satisfied: pydantic in /opt/hostedtoolcache/Python/3.11.13/x64/lib/python3.11/site-packages (from keepa==1.3.15) (2.11.7)
2025-08-19T08:20:53.7320481Z Requirement already satisfied: certifi in /opt/hostedtoolcache/Python/3.11.13/x64/lib/python3.11/site-packages (from minio==7.1.15) (2025.8.3)
2025-08-19T08:20:53.7323177Z Requirement already satisfied: urllib3 in /opt/hostedtoolcache/Python/3.11.13/x64/lib/python3.11/site-packages (from minio==7.1.15) (2.5.0)
2025-08-19T08:20:53.7370324Z Requirement already satisfied: python-dateutil>=2.8.2 in /opt/hostedtoolcache/Python/3.11.13/x64/lib/python3.11/site-packages (from pandas<=3.0->keepa==1.3.15) (2.9.0.post0)
2025-08-19T08:20:53.7375277Z Requirement already satisfied: pytz>=2020.1 in /opt/hostedtoolcache/Python/3.11.13/x64/lib/python3.11/site-packages (from pandas<=3.0->keepa==1.3.15) (2025.2)
2025-08-19T08:20:53.7380049Z Requirement already satisfied: tzdata>=2022.7 in /opt/hostedtoolcache/Python/3.11.13/x64/lib/python3.11/site-packages (from pandas<=3.0->keepa==1.3.15) (2025.2)
2025-08-19T08:20:53.7493836Z Requirement already satisfied: six>=1.5 in /opt/hostedtoolcache/Python/3.11.13/x64/lib/python3.11/site-packages (from python-dateutil>=2.8.2->pandas<=3.0->keepa==1.3.15) (1.17.0)
2025-08-19T08:20:53.7510490Z Requirement already satisfied: charset_normalizer<4,>=2 in /opt/hostedtoolcache/Python/3.11.13/x64/lib/python3.11/site-packages (from requests>=2.2->keepa==1.3.15) (3.4.3)
2025-08-19T08:20:53.7515505Z Requirement already satisfied: idna<4,>=2.5 in /opt/hostedtoolcache/Python/3.11.13/x64/lib/python3.11/site-packages (from requests>=2.2->keepa==1.3.15) (3.10)
2025-08-19T08:20:53.7686455Z Collecting aiohappyeyeballs>=2.5.0 (from aiohttp->keepa==1.3.15)
2025-08-19T08:20:53.7700516Z   Using cached aiohappyeyeballs-2.6.1-py3-none-any.whl.metadata (5.9 kB)
2025-08-19T08:20:53.7773108Z Collecting aiosignal>=1.4.0 (from aiohttp->keepa==1.3.15)
2025-08-19T08:20:53.7786694Z   Using cached aiosignal-1.4.0-py3-none-any.whl.metadata (3.7 kB)
2025-08-19T08:20:53.7908377Z Collecting attrs>=17.3.0 (from aiohttp->keepa==1.3.15)
2025-08-19T08:20:53.7921778Z   Using cached attrs-25.3.0-py3-none-any.whl.metadata (10 kB)
2025-08-19T08:20:53.8547833Z Collecting frozenlist>=1.1.1 (from aiohttp->keepa==1.3.15)
2025-08-19T08:20:53.8564885Z   Using cached frozenlist-1.7.0-cp311-cp311-manylinux_2_5_x86_64.manylinux1_x86_64.manylinux_2_17_x86_64.manylinux2014_x86_64.whl.metadata (18 kB)
2025-08-19T08:20:54.0668863Z Collecting multidict<7.0,>=4.5 (from aiohttp->keepa==1.3.15)
2025-08-19T08:20:54.0685511Z   Using cached multidict-6.6.4-cp311-cp311-manylinux2014_x86_64.manylinux_2_17_x86_64.manylinux_2_28_x86_64.whl.metadata (5.3 kB)
2025-08-19T08:20:54.1067791Z Collecting propcache>=0.2.0 (from aiohttp->keepa==1.3.15)
2025-08-19T08:20:54.1082086Z   Using cached propcache-0.3.2-cp311-cp311-manylinux_2_17_x86_64.manylinux2014_x86_64.whl.metadata (12 kB)
2025-08-19T08:20:54.3914068Z Collecting yarl<2.0,>=1.17.0 (from aiohttp->keepa==1.3.15)
2025-08-19T08:20:54.3929437Z   Using cached yarl-1.20.1-cp311-cp311-manylinux_2_17_x86_64.manylinux2014_x86_64.whl.metadata (73 kB)
2025-08-19T08:20:54.4126691Z Requirement already satisfied: typing-extensions>=4.2 in /opt/hostedtoolcache/Python/3.11.13/x64/lib/python3.11/site-packages (from aiosignal>=1.4.0->aiohttp->keepa==1.3.15) (4.14.1)
2025-08-19T08:20:54.4171069Z Requirement already satisfied: annotated-types>=0.6.0 in /opt/hostedtoolcache/Python/3.11.13/x64/lib/python3.11/site-packages (from pydantic->keepa==1.3.15) (0.7.0)
2025-08-19T08:20:54.4176364Z Requirement already satisfied: pydantic-core==2.33.2 in /opt/hostedtoolcache/Python/3.11.13/x64/lib/python3.11/site-packages (from pydantic->keepa==1.3.15) (2.33.2)
2025-08-19T08:20:54.4184489Z Requirement already satisfied: typing-inspection>=0.4.0 in /opt/hostedtoolcache/Python/3.11.13/x64/lib/python3.11/site-packages (from pydantic->keepa==1.3.15) (0.4.1)
2025-08-19T08:20:54.4242874Z Using cached keepa-1.3.15-py3-none-any.whl (38 kB)
2025-08-19T08:20:54.4256155Z Using cached minio-7.1.15-py3-none-any.whl (77 kB)
2025-08-19T08:20:54.4270376Z Using cached aiohttp-3.12.15-cp311-cp311-manylinux_2_17_x86_64.manylinux2014_x86_64.whl (1.7 MB)
2025-08-19T08:20:54.4296576Z Using cached multidict-6.6.4-cp311-cp311-manylinux2014_x86_64.manylinux_2_17_x86_64.manylinux_2_28_x86_64.whl (246 kB)
2025-08-19T08:20:54.4311299Z Using cached yarl-1.20.1-cp311-cp311-manylinux_2_17_x86_64.manylinux2014_x86_64.whl (348 kB)
2025-08-19T08:20:54.4326728Z Using cached aiohappyeyeballs-2.6.1-py3-none-any.whl (15 kB)
2025-08-19T08:20:54.4340140Z Using cached aiosignal-1.4.0-py3-none-any.whl (7.5 kB)
2025-08-19T08:20:54.4353252Z Using cached attrs-25.3.0-py3-none-any.whl (63 kB)
2025-08-19T08:20:54.4367251Z Using cached frozenlist-1.7.0-cp311-cp311-manylinux_2_5_x86_64.manylinux1_x86_64.manylinux_2_17_x86_64.manylinux2014_x86_64.whl (235 kB)
2025-08-19T08:20:54.4381996Z Using cached propcache-0.3.2-cp311-cp311-manylinux_2_17_x86_64.manylinux2014_x86_64.whl (213 kB)
2025-08-19T08:20:54.4396213Z Using cached tqdm-4.67.1-py3-none-any.whl (78 kB)
2025-08-19T08:20:54.5896335Z Installing collected packages: tqdm, propcache, multidict, minio, frozenlist, attrs, aiohappyeyeballs, yarl, aiosignal, aiohttp, keepa
2025-08-19T08:20:54.6568366Z   Attempting uninstall: minio
2025-08-19T08:20:54.6600185Z     Found existing installation: minio 7.2.16
2025-08-19T08:20:54.6634081Z     Uninstalling minio-7.2.16:
2025-08-19T08:20:54.6644060Z       Successfully uninstalled minio-7.2.16
2025-08-19T08:20:54.9815260Z 
2025-08-19T08:20:54.9871200Z Successfully installed aiohappyeyeballs-2.6.1 aiohttp-3.12.15 aiosignal-1.4.0 attrs-25.3.0 frozenlist-1.7.0 keepa-1.3.15 minio-7.1.15 multidict-6.6.4 propcache-0.3.2 tqdm-4.67.1 yarl-1.20.1
2025-08-19T08:20:55.1771680Z ##[group]Run sudo apt-get update
2025-08-19T08:20:55.1772019Z [36;1msudo apt-get update[0m
2025-08-19T08:20:55.1772289Z [36;1msudo apt-get install -y postgresql[0m
2025-08-19T08:20:55.1772950Z [36;1mecho "/usr/lib/postgresql/$(pg_config --version | cut -d' ' -f2 | cut -d'.' -f1,2)/bin" >> $GITHUB_PATH[0m
2025-08-19T08:20:55.1813284Z shell: /usr/bin/bash -e {0}
2025-08-19T08:20:55.1813524Z env:
2025-08-19T08:20:55.1813704Z   PG_USER: postgres
2025-08-19T08:20:55.1813909Z   PG_PASSWORD: pass
2025-08-19T08:20:55.1814097Z   PG_DATABASE: awa
2025-08-19T08:20:55.1814287Z   PG_HOST: localhost
2025-08-19T08:20:55.1814476Z   PG_PORT: 5432
2025-08-19T08:20:55.1814917Z   PG_SYNC_DSN: ***localhost:5432/awa
2025-08-19T08:20:55.1815324Z   PG_ASYNC_DSN: ***localhost:5432/awa
2025-08-19T08:20:55.1815714Z   DATABASE_URL: ***localhost:5432/awa
2025-08-19T08:20:55.1815954Z   DATA_DIR: /tmp/awa-data
2025-08-19T08:20:55.1816162Z   ENABLE_LIVE: 0
2025-08-19T08:20:55.1816345Z   TESTING: 1
2025-08-19T08:20:55.1816632Z   pythonLocation: /opt/hostedtoolcache/Python/3.11.13/x64
2025-08-19T08:20:55.1817042Z   PKG_CONFIG_PATH: /opt/hostedtoolcache/Python/3.11.13/x64/lib/pkgconfig
2025-08-19T08:20:55.1817433Z   Python_ROOT_DIR: /opt/hostedtoolcache/Python/3.11.13/x64
2025-08-19T08:20:55.1817788Z   Python2_ROOT_DIR: /opt/hostedtoolcache/Python/3.11.13/x64
2025-08-19T08:20:55.1818145Z   Python3_ROOT_DIR: /opt/hostedtoolcache/Python/3.11.13/x64
2025-08-19T08:20:55.1818502Z   LD_LIBRARY_PATH: /opt/hostedtoolcache/Python/3.11.13/x64/lib
2025-08-19T08:20:55.1818928Z ##[endgroup]
2025-08-19T08:20:55.3036062Z Get:1 file:/etc/apt/apt-mirrors.txt Mirrorlist [144 B]
2025-08-19T08:20:55.3530592Z Hit:6 https://packages.microsoft.com/repos/azure-cli noble InRelease
2025-08-19T08:20:55.3531888Z Hit:2 http://azure.archive.ubuntu.com/ubuntu noble InRelease
2025-08-19T08:20:55.3533031Z Get:7 https://packages.microsoft.com/ubuntu/24.04/prod noble InRelease [3600 B]
2025-08-19T08:20:55.3599246Z Get:3 http://azure.archive.ubuntu.com/ubuntu noble-updates InRelease [126 kB]
2025-08-19T08:20:55.3684809Z Get:4 http://azure.archive.ubuntu.com/ubuntu noble-backports InRelease [126 kB]
2025-08-19T08:20:55.3748566Z Get:5 http://azure.archive.ubuntu.com/ubuntu noble-security InRelease [126 kB]
2025-08-19T08:20:55.5823090Z Get:8 https://packages.microsoft.com/ubuntu/24.04/prod noble/main arm64 Packages [33.1 kB]
2025-08-19T08:20:55.5916012Z Get:9 https://packages.microsoft.com/ubuntu/24.04/prod noble/main amd64 Packages [47.9 kB]
2025-08-19T08:20:55.6323340Z Get:10 http://azure.archive.ubuntu.com/ubuntu noble-updates/main amd64 Packages [1337 kB]
2025-08-19T08:20:55.6405271Z Get:11 http://azure.archive.ubuntu.com/ubuntu noble-updates/main Translation-en [267 kB]
2025-08-19T08:20:55.6427690Z Get:12 http://azure.archive.ubuntu.com/ubuntu noble-updates/main amd64 Components [175 kB]
2025-08-19T08:20:55.6445138Z Get:13 http://azure.archive.ubuntu.com/ubuntu noble-updates/universe amd64 Packages [1121 kB]
2025-08-19T08:20:55.6506316Z Get:14 http://azure.archive.ubuntu.com/ubuntu noble-updates/universe Translation-en [288 kB]
2025-08-19T08:20:55.6530268Z Get:15 http://azure.archive.ubuntu.com/ubuntu noble-updates/universe amd64 Components [377 kB]
2025-08-19T08:20:55.6558497Z Get:16 http://azure.archive.ubuntu.com/ubuntu noble-updates/restricted amd64 Packages [1700 kB]
2025-08-19T08:20:55.6642867Z Get:17 http://azure.archive.ubuntu.com/ubuntu noble-updates/restricted Translation-en [375 kB]
2025-08-19T08:20:55.6669837Z Get:18 http://azure.archive.ubuntu.com/ubuntu noble-updates/restricted amd64 Components [212 B]
2025-08-19T08:20:55.6677539Z Get:19 http://azure.archive.ubuntu.com/ubuntu noble-updates/multiverse amd64 Components [940 B]
2025-08-19T08:20:55.7311542Z Get:20 http://azure.archive.ubuntu.com/ubuntu noble-backports/main amd64 Components [7072 B]
2025-08-19T08:20:55.7327270Z Get:21 http://azure.archive.ubuntu.com/ubuntu noble-backports/universe amd64 Packages [30.2 kB]
2025-08-19T08:20:55.7376781Z Get:22 http://azure.archive.ubuntu.com/ubuntu noble-backports/universe Translation-en [17.4 kB]
2025-08-19T08:20:55.7377975Z Get:23 http://azure.archive.ubuntu.com/ubuntu noble-backports/universe amd64 Components [19.2 kB]
2025-08-19T08:20:55.7378993Z Get:24 http://azure.archive.ubuntu.com/ubuntu noble-backports/restricted amd64 Components [216 B]
2025-08-19T08:20:55.7391576Z Get:25 http://azure.archive.ubuntu.com/ubuntu noble-backports/multiverse amd64 Components [212 B]
2025-08-19T08:20:55.7405320Z Get:26 http://azure.archive.ubuntu.com/ubuntu noble-security/main amd64 Packages [1075 kB]
2025-08-19T08:20:55.7464520Z Get:27 http://azure.archive.ubuntu.com/ubuntu noble-security/main Translation-en [186 kB]
2025-08-19T08:20:55.7482192Z Get:28 http://azure.archive.ubuntu.com/ubuntu noble-security/main amd64 Components [21.6 kB]
2025-08-19T08:20:55.7492430Z Get:29 http://azure.archive.ubuntu.com/ubuntu noble-security/universe amd64 Packages [879 kB]
2025-08-19T08:20:55.7542012Z Get:30 http://azure.archive.ubuntu.com/ubuntu noble-security/universe Translation-en [195 kB]
2025-08-19T08:20:55.7560937Z Get:31 http://azure.archive.ubuntu.com/ubuntu noble-security/universe amd64 Components [52.2 kB]
2025-08-19T08:20:55.7573378Z Get:32 http://azure.archive.ubuntu.com/ubuntu noble-security/restricted amd64 Packages [1610 kB]
2025-08-19T08:20:55.7656245Z Get:33 http://azure.archive.ubuntu.com/ubuntu noble-security/restricted Translation-en [357 kB]
2025-08-19T08:20:55.8109214Z Get:34 http://azure.archive.ubuntu.com/ubuntu noble-security/restricted amd64 Components [212 B]
2025-08-19T08:20:55.8118816Z Get:35 http://azure.archive.ubuntu.com/ubuntu noble-security/multiverse amd64 Components [212 B]
2025-08-19T08:21:05.6001784Z Fetched 10.6 MB in 1s (7572 kB/s)
2025-08-19T08:21:06.2930246Z Reading package lists...
2025-08-19T08:21:06.3247004Z Reading package lists...
2025-08-19T08:21:06.4813556Z Building dependency tree...
2025-08-19T08:21:06.4820853Z Reading state information...
2025-08-19T08:21:06.6347373Z Suggested packages:
2025-08-19T08:21:06.6347986Z   postgresql-doc
2025-08-19T08:21:06.6659113Z The following NEW packages will be installed:
2025-08-19T08:21:06.6659808Z   postgresql
2025-08-19T08:21:06.6825610Z 0 upgraded, 1 newly installed, 0 to remove and 39 not upgraded.
2025-08-19T08:21:06.6826248Z Need to get 11.6 kB of archives.
2025-08-19T08:21:06.6826794Z After this operation, 17.4 kB of additional disk space will be used.
2025-08-19T08:21:06.6827436Z Get:1 file:/etc/apt/apt-mirrors.txt Mirrorlist [144 B]
2025-08-19T08:21:06.7124318Z Get:2 http://azure.archive.ubuntu.com/ubuntu noble-updates/main amd64 postgresql all 16+257build1.1 [11.6 kB]
2025-08-19T08:21:06.9785879Z Fetched 11.6 kB in 0s (288 kB/s)
2025-08-19T08:21:07.0083564Z Selecting previously unselected package postgresql.
2025-08-19T08:21:07.0742314Z (Reading database ... 
2025-08-19T08:21:07.0742699Z (Reading database ... 5%
2025-08-19T08:21:07.0742951Z (Reading database ... 10%
2025-08-19T08:21:07.0743191Z (Reading database ... 15%
2025-08-19T08:21:07.0743414Z (Reading database ... 20%
2025-08-19T08:21:07.0743658Z (Reading database ... 25%
2025-08-19T08:21:07.0743871Z (Reading database ... 30%
2025-08-19T08:21:07.0744141Z (Reading database ... 35%
2025-08-19T08:21:07.0744497Z (Reading database ... 40%
2025-08-19T08:21:07.0744834Z (Reading database ... 45%
2025-08-19T08:21:07.0745176Z (Reading database ... 50%
2025-08-19T08:21:07.1952483Z (Reading database ... 55%
2025-08-19T08:21:07.3761199Z (Reading database ... 60%
2025-08-19T08:21:07.6979950Z (Reading database ... 65%
2025-08-19T08:21:07.8638180Z (Reading database ... 70%
2025-08-19T08:21:07.9601413Z (Reading database ... 75%
2025-08-19T08:21:08.5150994Z (Reading database ... 80%
2025-08-19T08:21:09.3094485Z (Reading database ... 85%
2025-08-19T08:21:10.0312064Z (Reading database ... 90%
2025-08-19T08:21:10.7608870Z (Reading database ... 95%
2025-08-19T08:21:10.7609318Z (Reading database ... 100%
2025-08-19T08:21:10.7610095Z (Reading database ... 219881 files and directories currently installed.)
2025-08-19T08:21:10.7657113Z Preparing to unpack .../postgresql_16+257build1.1_all.deb ...
2025-08-19T08:21:10.7677730Z Unpacking postgresql (16+257build1.1) ...
2025-08-19T08:21:10.8036671Z Setting up postgresql (16+257build1.1) ...
2025-08-19T08:21:11.8997029Z 
2025-08-19T08:21:11.8997693Z Running kernel seems to be up-to-date.
2025-08-19T08:21:11.8998182Z 
2025-08-19T08:21:11.8998398Z Restarting services...
2025-08-19T08:21:11.9068443Z 
2025-08-19T08:21:11.9068791Z Service restarts being deferred:
2025-08-19T08:21:11.9070447Z  systemctl restart hosted-compute-agent.service
2025-08-19T08:21:11.9070948Z 
2025-08-19T08:21:11.9071202Z No containers need to be restarted.
2025-08-19T08:21:11.9071576Z 
2025-08-19T08:21:11.9071829Z No user sessions are running outdated binaries.
2025-08-19T08:21:11.9072238Z 
2025-08-19T08:21:11.9072629Z No VM guests are running outdated hypervisor (qemu) binaries on this host.
2025-08-19T08:21:12.7577245Z ##[group]Run pytest tests/db -q --cov=services --cov-append --cov-fail-under=0
2025-08-19T08:21:12.7577906Z [36;1mpytest tests/db -q --cov=services --cov-append --cov-fail-under=0[0m
2025-08-19T08:21:12.7619390Z shell: /usr/bin/bash -e {0}
2025-08-19T08:21:12.7619836Z env:
2025-08-19T08:21:12.7620031Z   PG_USER: postgres
2025-08-19T08:21:12.7620228Z   PG_PASSWORD: pass
2025-08-19T08:21:12.7620409Z   PG_DATABASE: awa
2025-08-19T08:21:12.7620592Z   PG_HOST: localhost
2025-08-19T08:21:12.7620779Z   PG_PORT: 5432
2025-08-19T08:21:12.7621234Z   PG_SYNC_DSN: ***localhost:5432/awa
2025-08-19T08:21:12.7621644Z   PG_ASYNC_DSN: ***localhost:5432/awa
2025-08-19T08:21:12.7622029Z   DATABASE_URL: ***localhost:5432/awa
2025-08-19T08:21:12.7622276Z   DATA_DIR: /tmp/awa-data
2025-08-19T08:21:12.7622491Z   ENABLE_LIVE: 0
2025-08-19T08:21:12.7622672Z   TESTING: 1
2025-08-19T08:21:12.7622915Z   pythonLocation: /opt/hostedtoolcache/Python/3.11.13/x64
2025-08-19T08:21:12.7623344Z   PKG_CONFIG_PATH: /opt/hostedtoolcache/Python/3.11.13/x64/lib/pkgconfig
2025-08-19T08:21:12.7623739Z   Python_ROOT_DIR: /opt/hostedtoolcache/Python/3.11.13/x64
2025-08-19T08:21:12.7624082Z   Python2_ROOT_DIR: /opt/hostedtoolcache/Python/3.11.13/x64
2025-08-19T08:21:12.7624432Z   Python3_ROOT_DIR: /opt/hostedtoolcache/Python/3.11.13/x64
2025-08-19T08:21:12.7624788Z   LD_LIBRARY_PATH: /opt/hostedtoolcache/Python/3.11.13/x64/lib
2025-08-19T08:21:12.7625079Z ##[endgroup]
2025-08-19T08:21:15.8357678Z /opt/hostedtoolcache/Python/3.11.13/x64/lib/python3.11/site-packages/coverage/report_core.py:118: CoverageWarning: Couldn't parse '/home/runner/work/AWA-App/AWA-App/C:\Users\Alexey\Documents\GitHub\AWA-App\services\__init__.py': No source for code: '/home/runner/work/AWA-App/AWA-App/C:\Users\Alexey\Documents\GitHub\AWA-App\services\__init__.py'. (couldnt-parse)
2025-08-19T08:21:15.8360490Z   coverage._warn(msg, slug="couldnt-parse")
2025-08-19T08:21:15.8363071Z /opt/hostedtoolcache/Python/3.11.13/x64/lib/python3.11/site-packages/coverage/report_core.py:118: CoverageWarning: Couldn't parse '/home/runner/work/AWA-App/AWA-App/C:\Users\Alexey\Documents\GitHub\AWA-App\services\alert_bot\__init__.py': No source for code: '/home/runner/work/AWA-App/AWA-App/C:\Users\Alexey\Documents\GitHub\AWA-App\services\alert_bot\__init__.py'. (couldnt-parse)
2025-08-19T08:21:15.8365637Z   coverage._warn(msg, slug="couldnt-parse")
2025-08-19T08:21:15.8368179Z /opt/hostedtoolcache/Python/3.11.13/x64/lib/python3.11/site-packages/coverage/report_core.py:118: CoverageWarning: Couldn't parse '/home/runner/work/AWA-App/AWA-App/C:\Users\Alexey\Documents\GitHub\AWA-App\services\alert_bot\alert_bot.py': No source for code: '/home/runner/work/AWA-App/AWA-App/C:\Users\Alexey\Documents\GitHub\AWA-App\services\alert_bot\alert_bot.py'. (couldnt-parse)
2025-08-19T08:21:15.8370955Z   coverage._warn(msg, slug="couldnt-parse")
2025-08-19T08:21:15.8373537Z /opt/hostedtoolcache/Python/3.11.13/x64/lib/python3.11/site-packages/coverage/report_core.py:118: CoverageWarning: Couldn't parse '/home/runner/work/AWA-App/AWA-App/C:\Users\Alexey\Documents\GitHub\AWA-App\services\alert_bot\rules\__init__.py': No source for code: '/home/runner/work/AWA-App/AWA-App/C:\Users\Alexey\Documents\GitHub\AWA-App\services\alert_bot\rules\__init__.py'. (couldnt-parse)
2025-08-19T08:21:15.8376134Z   coverage._warn(msg, slug="couldnt-parse")
2025-08-19T08:21:15.8379083Z /opt/hostedtoolcache/Python/3.11.13/x64/lib/python3.11/site-packages/coverage/report_core.py:118: CoverageWarning: Couldn't parse '/home/runner/work/AWA-App/AWA-App/C:\Users\Alexey\Documents\GitHub\AWA-App\services\api\__init__.py': No source for code: '/home/runner/work/AWA-App/AWA-App/C:\Users\Alexey\Documents\GitHub\AWA-App\services\api\__init__.py'. (couldnt-parse)
2025-08-19T08:21:15.8381727Z   coverage._warn(msg, slug="couldnt-parse")
2025-08-19T08:21:15.8384501Z /opt/hostedtoolcache/Python/3.11.13/x64/lib/python3.11/site-packages/coverage/report_core.py:118: CoverageWarning: Couldn't parse '/home/runner/work/AWA-App/AWA-App/C:\Users\Alexey\Documents\GitHub\AWA-App\services\api\config.py': No source for code: '/home/runner/work/AWA-App/AWA-App/C:\Users\Alexey\Documents\GitHub\AWA-App\services\api\config.py'. (couldnt-parse)
2025-08-19T08:21:15.8387146Z   coverage._warn(msg, slug="couldnt-parse")
2025-08-19T08:21:15.8389727Z /opt/hostedtoolcache/Python/3.11.13/x64/lib/python3.11/site-packages/coverage/report_core.py:118: CoverageWarning: Couldn't parse '/home/runner/work/AWA-App/AWA-App/C:\Users\Alexey\Documents\GitHub\AWA-App\services\api\db.py': No source for code: '/home/runner/work/AWA-App/AWA-App/C:\Users\Alexey\Documents\GitHub\AWA-App\services\api\db.py'. (couldnt-parse)
2025-08-19T08:21:15.8392189Z   coverage._warn(msg, slug="couldnt-parse")
2025-08-19T08:21:15.8394731Z /opt/hostedtoolcache/Python/3.11.13/x64/lib/python3.11/site-packages/coverage/report_core.py:118: CoverageWarning: Couldn't parse '/home/runner/work/AWA-App/AWA-App/C:\Users\Alexey\Documents\GitHub\AWA-App\services\api\main.py': No source for code: '/home/runner/work/AWA-App/AWA-App/C:\Users\Alexey\Documents\GitHub\AWA-App\services\api\main.py'. (couldnt-parse)
2025-08-19T08:21:15.8397188Z   coverage._warn(msg, slug="couldnt-parse")
2025-08-19T08:21:15.8399867Z /opt/hostedtoolcache/Python/3.11.13/x64/lib/python3.11/site-packages/coverage/report_core.py:118: CoverageWarning: Couldn't parse '/home/runner/work/AWA-App/AWA-App/C:\Users\Alexey\Documents\GitHub\AWA-App\services\api\models\__init__.py': No source for code: '/home/runner/work/AWA-App/AWA-App/C:\Users\Alexey\Documents\GitHub\AWA-App\services\api\models\__init__.py'. (couldnt-parse)
2025-08-19T08:21:15.8402435Z   coverage._warn(msg, slug="couldnt-parse")
2025-08-19T08:21:15.8404939Z /opt/hostedtoolcache/Python/3.11.13/x64/lib/python3.11/site-packages/coverage/report_core.py:118: CoverageWarning: Couldn't parse '/home/runner/work/AWA-App/AWA-App/C:\Users\Alexey\Documents\GitHub\AWA-App\services\api\models\fee.py': No source for code: '/home/runner/work/AWA-App/AWA-App/C:\Users\Alexey\Documents\GitHub\AWA-App\services\api\models\fee.py'. (couldnt-parse)
2025-08-19T08:21:15.8407431Z   coverage._warn(msg, slug="couldnt-parse")
2025-08-19T08:21:15.8410138Z /opt/hostedtoolcache/Python/3.11.13/x64/lib/python3.11/site-packages/coverage/report_core.py:118: CoverageWarning: Couldn't parse '/home/runner/work/AWA-App/AWA-App/C:\Users\Alexey\Documents\GitHub\AWA-App\services\api\roi_repository.py': No source for code: '/home/runner/work/AWA-App/AWA-App/C:\Users\Alexey\Documents\GitHub\AWA-App\services\api\roi_repository.py'. (couldnt-parse)
2025-08-19T08:21:15.8412695Z   coverage._warn(msg, slug="couldnt-parse")
2025-08-19T08:21:15.8415189Z /opt/hostedtoolcache/Python/3.11.13/x64/lib/python3.11/site-packages/coverage/report_core.py:118: CoverageWarning: Couldn't parse '/home/runner/work/AWA-App/AWA-App/C:\Users\Alexey\Documents\GitHub\AWA-App\services\api\routes\__init__.py': No source for code: '/home/runner/work/AWA-App/AWA-App/C:\Users\Alexey\Documents\GitHub\AWA-App\services\api\routes\__init__.py'. (couldnt-parse)
2025-08-19T08:21:15.8417726Z   coverage._warn(msg, slug="couldnt-parse")
2025-08-19T08:21:15.8420447Z /opt/hostedtoolcache/Python/3.11.13/x64/lib/python3.11/site-packages/coverage/report_core.py:118: CoverageWarning: Couldn't parse '/home/runner/work/AWA-App/AWA-App/C:\Users\Alexey\Documents\GitHub\AWA-App\services\api\routes\health.py': No source for code: '/home/runner/work/AWA-App/AWA-App/C:\Users\Alexey\Documents\GitHub\AWA-App\services\api\routes\health.py'. (couldnt-parse)
2025-08-19T08:21:15.8423210Z   coverage._warn(msg, slug="couldnt-parse")
2025-08-19T08:21:15.8425754Z /opt/hostedtoolcache/Python/3.11.13/x64/lib/python3.11/site-packages/coverage/report_core.py:118: CoverageWarning: Couldn't parse '/home/runner/work/AWA-App/AWA-App/C:\Users\Alexey\Documents\GitHub\AWA-App\services\api\routes\repository.py': No source for code: '/home/runner/work/AWA-App/AWA-App/C:\Users\Alexey\Documents\GitHub\AWA-App\services\api\routes\repository.py'. (couldnt-parse)
2025-08-19T08:21:15.8428718Z   coverage._warn(msg, slug="couldnt-parse")
2025-08-19T08:21:15.8431431Z /opt/hostedtoolcache/Python/3.11.13/x64/lib/python3.11/site-packages/coverage/report_core.py:118: CoverageWarning: Couldn't parse '/home/runner/work/AWA-App/AWA-App/C:\Users\Alexey\Documents\GitHub\AWA-App\services\api\routes\roi.py': No source for code: '/home/runner/work/AWA-App/AWA-App/C:\Users\Alexey\Documents\GitHub\AWA-App\services\api\routes\roi.py'. (couldnt-parse)
2025-08-19T08:21:15.8434063Z   coverage._warn(msg, slug="couldnt-parse")
2025-08-19T08:21:15.8436546Z /opt/hostedtoolcache/Python/3.11.13/x64/lib/python3.11/site-packages/coverage/report_core.py:118: CoverageWarning: Couldn't parse '/home/runner/work/AWA-App/AWA-App/C:\Users\Alexey\Documents\GitHub\AWA-App\services\api\routes\stats.py': No source for code: '/home/runner/work/AWA-App/AWA-App/C:\Users\Alexey\Documents\GitHub\AWA-App\services\api\routes\stats.py'. (couldnt-parse)
2025-08-19T08:21:15.8439051Z   coverage._warn(msg, slug="couldnt-parse")
2025-08-19T08:21:15.8441744Z /opt/hostedtoolcache/Python/3.11.13/x64/lib/python3.11/site-packages/coverage/report_core.py:118: CoverageWarning: Couldn't parse '/home/runner/work/AWA-App/AWA-App/C:\Users\Alexey\Documents\GitHub\AWA-App\services\common\__init__.py': No source for code: '/home/runner/work/AWA-App/AWA-App/C:\Users\Alexey\Documents\GitHub\AWA-App\services\common\__init__.py'. (couldnt-parse)
2025-08-19T08:21:15.8444237Z   coverage._warn(msg, slug="couldnt-parse")
2025-08-19T08:21:15.8446713Z /opt/hostedtoolcache/Python/3.11.13/x64/lib/python3.11/site-packages/coverage/report_core.py:118: CoverageWarning: Couldn't parse '/home/runner/work/AWA-App/AWA-App/C:\Users\Alexey\Documents\GitHub\AWA-App\services\common\base.py': No source for code: '/home/runner/work/AWA-App/AWA-App/C:\Users\Alexey\Documents\GitHub\AWA-App\services\common\base.py'. (couldnt-parse)
2025-08-19T08:21:15.8449185Z   coverage._warn(msg, slug="couldnt-parse")
2025-08-19T08:21:15.8451885Z /opt/hostedtoolcache/Python/3.11.13/x64/lib/python3.11/site-packages/coverage/report_core.py:118: CoverageWarning: Couldn't parse '/home/runner/work/AWA-App/AWA-App/C:\Users\Alexey\Documents\GitHub\AWA-App\services\common\config.py': No source for code: '/home/runner/work/AWA-App/AWA-App/C:\Users\Alexey\Documents\GitHub\AWA-App\services\common\config.py'. (couldnt-parse)
2025-08-19T08:21:15.8454394Z   coverage._warn(msg, slug="couldnt-parse")
2025-08-19T08:21:15.8456881Z /opt/hostedtoolcache/Python/3.11.13/x64/lib/python3.11/site-packages/coverage/report_core.py:118: CoverageWarning: Couldn't parse '/home/runner/work/AWA-App/AWA-App/C:\Users\Alexey\Documents\GitHub\AWA-App\services\common\db.py': No source for code: '/home/runner/work/AWA-App/AWA-App/C:\Users\Alexey\Documents\GitHub\AWA-App\services\common\db.py'. (couldnt-parse)
2025-08-19T08:21:15.8459312Z   coverage._warn(msg, slug="couldnt-parse")
2025-08-19T08:21:15.8462000Z /opt/hostedtoolcache/Python/3.11.13/x64/lib/python3.11/site-packages/coverage/report_core.py:118: CoverageWarning: Couldn't parse '/home/runner/work/AWA-App/AWA-App/C:\Users\Alexey\Documents\GitHub\AWA-App\services\common\db_url.py': No source for code: '/home/runner/work/AWA-App/AWA-App/C:\Users\Alexey\Documents\GitHub\AWA-App\services\common\db_url.py'. (couldnt-parse)
2025-08-19T08:21:15.8464481Z   coverage._warn(msg, slug="couldnt-parse")
2025-08-19T08:21:15.8466920Z /opt/hostedtoolcache/Python/3.11.13/x64/lib/python3.11/site-packages/coverage/report_core.py:118: CoverageWarning: Couldn't parse '/home/runner/work/AWA-App/AWA-App/C:\Users\Alexey\Documents\GitHub\AWA-App\services\common\dsn.py': No source for code: '/home/runner/work/AWA-App/AWA-App/C:\Users\Alexey\Documents\GitHub\AWA-App\services\common\dsn.py'. (couldnt-parse)
2025-08-19T08:21:15.8469826Z   coverage._warn(msg, slug="couldnt-parse")
2025-08-19T08:21:15.8472525Z /opt/hostedtoolcache/Python/3.11.13/x64/lib/python3.11/site-packages/coverage/report_core.py:118: CoverageWarning: Couldn't parse '/home/runner/work/AWA-App/AWA-App/C:\Users\Alexey\Documents\GitHub\AWA-App\services\common\keepa.py': No source for code: '/home/runner/work/AWA-App/AWA-App/C:\Users\Alexey\Documents\GitHub\AWA-App\services\common\keepa.py'. (couldnt-parse)
2025-08-19T08:21:15.8475006Z   coverage._warn(msg, slug="couldnt-parse")
2025-08-19T08:21:15.8477429Z /opt/hostedtoolcache/Python/3.11.13/x64/lib/python3.11/site-packages/coverage/report_core.py:118: CoverageWarning: Couldn't parse '/home/runner/work/AWA-App/AWA-App/C:\Users\Alexey\Documents\GitHub\AWA-App\services\common\llm.py': No source for code: '/home/runner/work/AWA-App/AWA-App/C:\Users\Alexey\Documents\GitHub\AWA-App\services\common\llm.py'. (couldnt-parse)
2025-08-19T08:21:15.8480128Z   coverage._warn(msg, slug="couldnt-parse")
2025-08-19T08:21:15.8482695Z /opt/hostedtoolcache/Python/3.11.13/x64/lib/python3.11/site-packages/coverage/report_core.py:118: CoverageWarning: Couldn't parse '/home/runner/work/AWA-App/AWA-App/C:\Users\Alexey\Documents\GitHub\AWA-App\services\common\models_vendor.py': No source for code: '/home/runner/work/AWA-App/AWA-App/C:\Users\Alexey\Documents\GitHub\AWA-App\services\common\models_vendor.py'. (couldnt-parse)
2025-08-19T08:21:15.8485285Z   coverage._warn(msg, slug="couldnt-parse")
2025-08-19T08:21:15.8487784Z /opt/hostedtoolcache/Python/3.11.13/x64/lib/python3.11/site-packages/coverage/report_core.py:118: CoverageWarning: Couldn't parse '/home/runner/work/AWA-App/AWA-App/C:\Users\Alexey\Documents\GitHub\AWA-App\services\common\settings.py': No source for code: '/home/runner/work/AWA-App/AWA-App/C:\Users\Alexey\Documents\GitHub\AWA-App\services\common\settings.py'. (couldnt-parse)
2025-08-19T08:21:15.8490521Z   coverage._warn(msg, slug="couldnt-parse")
2025-08-19T08:21:15.8492958Z /opt/hostedtoolcache/Python/3.11.13/x64/lib/python3.11/site-packages/coverage/report_core.py:118: CoverageWarning: Couldn't parse '/home/runner/work/AWA-App/AWA-App/C:\Users\Alexey\Documents\GitHub\AWA-App\services\db\__init__.py': No source for code: '/home/runner/work/AWA-App/AWA-App/C:\Users\Alexey\Documents\GitHub\AWA-App\services\db\__init__.py'. (couldnt-parse)
2025-08-19T08:21:15.8495448Z   coverage._warn(msg, slug="couldnt-parse")
2025-08-19T08:21:15.8497922Z /opt/hostedtoolcache/Python/3.11.13/x64/lib/python3.11/site-packages/coverage/report_core.py:118: CoverageWarning: Couldn't parse '/home/runner/work/AWA-App/AWA-App/C:\Users\Alexey\Documents\GitHub\AWA-App\services\db\utils\__init__.py': No source for code: '/home/runner/work/AWA-App/AWA-App/C:\Users\Alexey\Documents\GitHub\AWA-App\services\db\utils\__init__.py'. (couldnt-parse)
2025-08-19T08:21:15.8500621Z   coverage._warn(msg, slug="couldnt-parse")
2025-08-19T08:21:15.8503067Z /opt/hostedtoolcache/Python/3.11.13/x64/lib/python3.11/site-packages/coverage/report_core.py:118: CoverageWarning: Couldn't parse '/home/runner/work/AWA-App/AWA-App/C:\Users\Alexey\Documents\GitHub\AWA-App\services\db\utils\views.py': No source for code: '/home/runner/work/AWA-App/AWA-App/C:\Users\Alexey\Documents\GitHub\AWA-App\services\db\utils\views.py'. (couldnt-parse)
2025-08-19T08:21:15.8505569Z   coverage._warn(msg, slug="couldnt-parse")
2025-08-19T08:21:15.8508085Z /opt/hostedtoolcache/Python/3.11.13/x64/lib/python3.11/site-packages/coverage/report_core.py:118: CoverageWarning: Couldn't parse '/home/runner/work/AWA-App/AWA-App/C:\Users\Alexey\Documents\GitHub\AWA-App\services\emailer\__init__.py': No source for code: '/home/runner/work/AWA-App/AWA-App/C:\Users\Alexey\Documents\GitHub\AWA-App\services\emailer\__init__.py'. (couldnt-parse)
2025-08-19T08:21:15.8511002Z   coverage._warn(msg, slug="couldnt-parse")
2025-08-19T08:21:15.8513583Z /opt/hostedtoolcache/Python/3.11.13/x64/lib/python3.11/site-packages/coverage/report_core.py:118: CoverageWarning: Couldn't parse '/home/runner/work/AWA-App/AWA-App/C:\Users\Alexey\Documents\GitHub\AWA-App\services\emailer\generate_body.py': No source for code: '/home/runner/work/AWA-App/AWA-App/C:\Users\Alexey\Documents\GitHub\AWA-App\services\emailer\generate_body.py'. (couldnt-parse)
2025-08-19T08:21:15.8516223Z   coverage._warn(msg, slug="couldnt-parse")
2025-08-19T08:21:15.8518919Z /opt/hostedtoolcache/Python/3.11.13/x64/lib/python3.11/site-packages/coverage/report_core.py:118: CoverageWarning: Couldn't parse '/home/runner/work/AWA-App/AWA-App/C:\Users\Alexey\Documents\GitHub\AWA-App\services\etl\__init__.py': No source for code: '/home/runner/work/AWA-App/AWA-App/C:\Users\Alexey\Documents\GitHub\AWA-App\services\etl\__init__.py'. (couldnt-parse)
2025-08-19T08:21:15.8521633Z   coverage._warn(msg, slug="couldnt-parse")
2025-08-19T08:21:15.8523986Z /opt/hostedtoolcache/Python/3.11.13/x64/lib/python3.11/site-packages/coverage/report_core.py:118: CoverageWarning: Couldn't parse '/home/runner/work/AWA-App/AWA-App/C:\Users\Alexey\Documents\GitHub\AWA-App\services\etl\db.py': No source for code: '/home/runner/work/AWA-App/AWA-App/C:\Users\Alexey\Documents\GitHub\AWA-App\services\etl\db.py'. (couldnt-parse)
2025-08-19T08:21:15.8526388Z   coverage._warn(msg, slug="couldnt-parse")
2025-08-19T08:21:15.8528949Z /opt/hostedtoolcache/Python/3.11.13/x64/lib/python3.11/site-packages/coverage/report_core.py:118: CoverageWarning: Couldn't parse '/home/runner/work/AWA-App/AWA-App/C:\Users\Alexey\Documents\GitHub\AWA-App\services\etl\dialects\__init__.py': No source for code: '/home/runner/work/AWA-App/AWA-App/C:\Users\Alexey\Documents\GitHub\AWA-App\services\etl\dialects\__init__.py'. (couldnt-parse)
2025-08-19T08:21:15.8531700Z   coverage._warn(msg, slug="couldnt-parse")
2025-08-19T08:21:15.8534436Z /opt/hostedtoolcache/Python/3.11.13/x64/lib/python3.11/site-packages/coverage/report_core.py:118: CoverageWarning: Couldn't parse '/home/runner/work/AWA-App/AWA-App/C:\Users\Alexey\Documents\GitHub\AWA-App\services\etl\dialects\amazon_reimbursements.py': No source for code: '/home/runner/work/AWA-App/AWA-App/C:\Users\Alexey\Documents\GitHub\AWA-App\services\etl\dialects\amazon_reimbursements.py'. (couldnt-parse)
2025-08-19T08:21:15.8537182Z   coverage._warn(msg, slug="couldnt-parse")
2025-08-19T08:21:15.8539977Z /opt/hostedtoolcache/Python/3.11.13/x64/lib/python3.11/site-packages/coverage/report_core.py:118: CoverageWarning: Couldn't parse '/home/runner/work/AWA-App/AWA-App/C:\Users\Alexey\Documents\GitHub\AWA-App\services\etl\dialects\amazon_returns.py': No source for code: '/home/runner/work/AWA-App/AWA-App/C:\Users\Alexey\Documents\GitHub\AWA-App\services\etl\dialects\amazon_returns.py'. (couldnt-parse)
2025-08-19T08:21:15.8542657Z   coverage._warn(msg, slug="couldnt-parse")
2025-08-19T08:21:15.8545203Z /opt/hostedtoolcache/Python/3.11.13/x64/lib/python3.11/site-packages/coverage/report_core.py:118: CoverageWarning: Couldn't parse '/home/runner/work/AWA-App/AWA-App/C:\Users\Alexey\Documents\GitHub\AWA-App\services\etl\fba_fee_ingestor.py': No source for code: '/home/runner/work/AWA-App/AWA-App/C:\Users\Alexey\Documents\GitHub\AWA-App\services\etl\fba_fee_ingestor.py'. (couldnt-parse)
2025-08-19T08:21:15.8547786Z   coverage._warn(msg, slug="couldnt-parse")
2025-08-19T08:21:15.8550490Z /opt/hostedtoolcache/Python/3.11.13/x64/lib/python3.11/site-packages/coverage/report_core.py:118: CoverageWarning: Couldn't parse '/home/runner/work/AWA-App/AWA-App/C:\Users\Alexey\Documents\GitHub\AWA-App\services\etl\keepa_ingestor.py': No source for code: '/home/runner/work/AWA-App/AWA-App/C:\Users\Alexey\Documents\GitHub\AWA-App\services\etl\keepa_ingestor.py'. (couldnt-parse)
2025-08-19T08:21:15.8553046Z   coverage._warn(msg, slug="couldnt-parse")
2025-08-19T08:21:15.8555584Z /opt/hostedtoolcache/Python/3.11.13/x64/lib/python3.11/site-packages/coverage/report_core.py:118: CoverageWarning: Couldn't parse '/home/runner/work/AWA-App/AWA-App/C:\Users\Alexey\Documents\GitHub\AWA-App\services\etl\sp_fees_ingestor.py': No source for code: '/home/runner/work/AWA-App/AWA-App/C:\Users\Alexey\Documents\GitHub\AWA-App\services\etl\sp_fees_ingestor.py'. (couldnt-parse)
2025-08-19T08:21:15.8558389Z   coverage._warn(msg, slug="couldnt-parse")
2025-08-19T08:21:15.8561290Z /opt/hostedtoolcache/Python/3.11.13/x64/lib/python3.11/site-packages/coverage/report_core.py:118: CoverageWarning: Couldn't parse '/home/runner/work/AWA-App/AWA-App/C:\Users\Alexey\Documents\GitHub\AWA-App\services\fees_h10\__init__.py': No source for code: '/home/runner/work/AWA-App/AWA-App/C:\Users\Alexey\Documents\GitHub\AWA-App\services\fees_h10\__init__.py'. (couldnt-parse)
2025-08-19T08:21:15.8563794Z   coverage._warn(msg, slug="couldnt-parse")
2025-08-19T08:21:15.8566254Z /opt/hostedtoolcache/Python/3.11.13/x64/lib/python3.11/site-packages/coverage/report_core.py:118: CoverageWarning: Couldn't parse '/home/runner/work/AWA-App/AWA-App/C:\Users\Alexey\Documents\GitHub\AWA-App\services\fees_h10\client.py': No source for code: '/home/runner/work/AWA-App/AWA-App/C:\Users\Alexey\Documents\GitHub\AWA-App\services\fees_h10\client.py'. (couldnt-parse)
2025-08-19T08:21:15.8568772Z   coverage._warn(msg, slug="couldnt-parse")
2025-08-19T08:21:15.8571485Z /opt/hostedtoolcache/Python/3.11.13/x64/lib/python3.11/site-packages/coverage/report_core.py:118: CoverageWarning: Couldn't parse '/home/runner/work/AWA-App/AWA-App/C:\Users\Alexey\Documents\GitHub\AWA-App\services\fees_h10\repository.py': No source for code: '/home/runner/work/AWA-App/AWA-App/C:\Users\Alexey\Documents\GitHub\AWA-App\services\fees_h10\repository.py'. (couldnt-parse)
2025-08-19T08:21:15.8574065Z   coverage._warn(msg, slug="couldnt-parse")
2025-08-19T08:21:15.8576543Z /opt/hostedtoolcache/Python/3.11.13/x64/lib/python3.11/site-packages/coverage/report_core.py:118: CoverageWarning: Couldn't parse '/home/runner/work/AWA-App/AWA-App/C:\Users\Alexey\Documents\GitHub\AWA-App\services\fees_h10\worker.py': No source for code: '/home/runner/work/AWA-App/AWA-App/C:\Users\Alexey\Documents\GitHub\AWA-App\services\fees_h10\worker.py'. (couldnt-parse)
2025-08-19T08:21:15.8579050Z   coverage._warn(msg, slug="couldnt-parse")
2025-08-19T08:21:15.8581742Z /opt/hostedtoolcache/Python/3.11.13/x64/lib/python3.11/site-packages/coverage/report_core.py:118: CoverageWarning: Couldn't parse '/home/runner/work/AWA-App/AWA-App/C:\Users\Alexey\Documents\GitHub\AWA-App\services\ingest\__init__.py': No source for code: '/home/runner/work/AWA-App/AWA-App/C:\Users\Alexey\Documents\GitHub\AWA-App\services\ingest\__init__.py'. (couldnt-parse)
2025-08-19T08:21:15.8584240Z   coverage._warn(msg, slug="couldnt-parse")
2025-08-19T08:21:15.8586806Z /opt/hostedtoolcache/Python/3.11.13/x64/lib/python3.11/site-packages/coverage/report_core.py:118: CoverageWarning: Couldn't parse '/home/runner/work/AWA-App/AWA-App/C:\Users\Alexey\Documents\GitHub\AWA-App\services\ingest\email_watcher.py': No source for code: '/home/runner/work/AWA-App/AWA-App/C:\Users\Alexey\Documents\GitHub\AWA-App\services\ingest\email_watcher.py'. (couldnt-parse)
2025-08-19T08:21:15.8589269Z   coverage._warn(msg, slug="couldnt-parse")
2025-08-19T08:21:15.8592016Z /opt/hostedtoolcache/Python/3.11.13/x64/lib/python3.11/site-packages/coverage/report_core.py:118: CoverageWarning: Couldn't parse '/home/runner/work/AWA-App/AWA-App/C:\Users\Alexey\Documents\GitHub\AWA-App\services\ingest\ingest_router.py': No source for code: '/home/runner/work/AWA-App/AWA-App/C:\Users\Alexey\Documents\GitHub\AWA-App\services\ingest\ingest_router.py'. (couldnt-parse)
2025-08-19T08:21:15.8594660Z   coverage._warn(msg, slug="couldnt-parse")
2025-08-19T08:21:15.8597214Z /opt/hostedtoolcache/Python/3.11.13/x64/lib/python3.11/site-packages/coverage/report_core.py:118: CoverageWarning: Couldn't parse '/home/runner/work/AWA-App/AWA-App/C:\Users\Alexey\Documents\GitHub\AWA-App\services\ingest\upload_router.py': No source for code: '/home/runner/work/AWA-App/AWA-App/C:\Users\Alexey\Documents\GitHub\AWA-App\services\ingest\upload_router.py'. (couldnt-parse)
2025-08-19T08:21:15.8600247Z   coverage._warn(msg, slug="couldnt-parse")
2025-08-19T08:21:15.8602765Z /opt/hostedtoolcache/Python/3.11.13/x64/lib/python3.11/site-packages/coverage/report_core.py:118: CoverageWarning: Couldn't parse '/home/runner/work/AWA-App/AWA-App/C:\Users\Alexey\Documents\GitHub\AWA-App\services\llm_server\__init__.py': No source for code: '/home/runner/work/AWA-App/AWA-App/C:\Users\Alexey\Documents\GitHub\AWA-App\services\llm_server\__init__.py'. (couldnt-parse)
2025-08-19T08:21:15.8605502Z   coverage._warn(msg, slug="couldnt-parse")
2025-08-19T08:21:15.8608000Z /opt/hostedtoolcache/Python/3.11.13/x64/lib/python3.11/site-packages/coverage/report_core.py:118: CoverageWarning: Couldn't parse '/home/runner/work/AWA-App/AWA-App/C:\Users\Alexey\Documents\GitHub\AWA-App\services\llm_server\app.py': No source for code: '/home/runner/work/AWA-App/AWA-App/C:\Users\Alexey\Documents\GitHub\AWA-App\services\llm_server\app.py'. (couldnt-parse)
2025-08-19T08:21:15.8610701Z   coverage._warn(msg, slug="couldnt-parse")
2025-08-19T08:21:15.8613294Z /opt/hostedtoolcache/Python/3.11.13/x64/lib/python3.11/site-packages/coverage/report_core.py:118: CoverageWarning: Couldn't parse '/home/runner/work/AWA-App/AWA-App/C:\Users\Alexey\Documents\GitHub\AWA-App\services\logistics_etl\__init__.py': No source for code: '/home/runner/work/AWA-App/AWA-App/C:\Users\Alexey\Documents\GitHub\AWA-App\services\logistics_etl\__init__.py'. (couldnt-parse)
2025-08-19T08:21:15.8615877Z   coverage._warn(msg, slug="couldnt-parse")
2025-08-19T08:21:15.8618437Z /opt/hostedtoolcache/Python/3.11.13/x64/lib/python3.11/site-packages/coverage/report_core.py:118: CoverageWarning: Couldn't parse '/home/runner/work/AWA-App/AWA-App/C:\Users\Alexey\Documents\GitHub\AWA-App\services\logistics_etl\__main__.py': No source for code: '/home/runner/work/AWA-App/AWA-App/C:\Users\Alexey\Documents\GitHub\AWA-App\services\logistics_etl\__main__.py'. (couldnt-parse)
2025-08-19T08:21:15.8621197Z   coverage._warn(msg, slug="couldnt-parse")
2025-08-19T08:21:15.8623637Z /opt/hostedtoolcache/Python/3.11.13/x64/lib/python3.11/site-packages/coverage/report_core.py:118: CoverageWarning: Couldn't parse '/home/runner/work/AWA-App/AWA-App/C:\Users\Alexey\Documents\GitHub\AWA-App\services\logistics_etl\client.py': No source for code: '/home/runner/work/AWA-App/AWA-App/C:\Users\Alexey\Documents\GitHub\AWA-App\services\logistics_etl\client.py'. (couldnt-parse)
2025-08-19T08:21:15.8626215Z   coverage._warn(msg, slug="couldnt-parse")
2025-08-19T08:21:15.8628703Z /opt/hostedtoolcache/Python/3.11.13/x64/lib/python3.11/site-packages/coverage/report_core.py:118: CoverageWarning: Couldn't parse '/home/runner/work/AWA-App/AWA-App/C:\Users\Alexey\Documents\GitHub\AWA-App\services\logistics_etl\cron.py': No source for code: '/home/runner/work/AWA-App/AWA-App/C:\Users\Alexey\Documents\GitHub\AWA-App\services\logistics_etl\cron.py'. (couldnt-parse)
2025-08-19T08:21:15.8631418Z   coverage._warn(msg, slug="couldnt-parse")
2025-08-19T08:21:15.8633811Z /opt/hostedtoolcache/Python/3.11.13/x64/lib/python3.11/site-packages/coverage/report_core.py:118: CoverageWarning: Couldn't parse '/home/runner/work/AWA-App/AWA-App/C:\Users\Alexey\Documents\GitHub\AWA-App\services\logistics_etl\db.py': No source for code: '/home/runner/work/AWA-App/AWA-App/C:\Users\Alexey\Documents\GitHub\AWA-App\services\logistics_etl\db.py'. (couldnt-parse)
2025-08-19T08:21:15.8636315Z   coverage._warn(msg, slug="couldnt-parse")
2025-08-19T08:21:15.8638800Z /opt/hostedtoolcache/Python/3.11.13/x64/lib/python3.11/site-packages/coverage/report_core.py:118: CoverageWarning: Couldn't parse '/home/runner/work/AWA-App/AWA-App/C:\Users\Alexey\Documents\GitHub\AWA-App\services\logistics_etl\flow.py': No source for code: '/home/runner/work/AWA-App/AWA-App/C:\Users\Alexey\Documents\GitHub\AWA-App\services\logistics_etl\flow.py'. (couldnt-parse)
2025-08-19T08:21:15.8641546Z   coverage._warn(msg, slug="couldnt-parse")
2025-08-19T08:21:15.8644415Z /opt/hostedtoolcache/Python/3.11.13/x64/lib/python3.11/site-packages/coverage/report_core.py:118: CoverageWarning: Couldn't parse '/home/runner/work/AWA-App/AWA-App/C:\Users\Alexey\Documents\GitHub\AWA-App\services\logistics_etl\repository.py': No source for code: '/home/runner/work/AWA-App/AWA-App/C:\Users\Alexey\Documents\GitHub\AWA-App\services\logistics_etl\repository.py'. (couldnt-parse)
2025-08-19T08:21:15.8647018Z   coverage._warn(msg, slug="couldnt-parse")
2025-08-19T08:21:15.8649867Z /opt/hostedtoolcache/Python/3.11.13/x64/lib/python3.11/site-packages/coverage/report_core.py:118: CoverageWarning: Couldn't parse '/home/runner/work/AWA-App/AWA-App/C:\Users\Alexey\Documents\GitHub\AWA-App\services\price_importer\__init__.py': No source for code: '/home/runner/work/AWA-App/AWA-App/C:\Users\Alexey\Documents\GitHub\AWA-App\services\price_importer\__init__.py'. (couldnt-parse)
2025-08-19T08:21:15.8652150Z   coverage._warn(msg, slug="couldnt-parse")
2025-08-19T08:21:15.8654346Z /opt/hostedtoolcache/Python/3.11.13/x64/lib/python3.11/site-packages/coverage/report_core.py:118: CoverageWarning: Couldn't parse '/home/runner/work/AWA-App/AWA-App/C:\Users\Alexey\Documents\GitHub\AWA-App\services\price_importer\common\__init__.py': No source for code: '/home/runner/work/AWA-App/AWA-App/C:\Users\Alexey\Documents\GitHub\AWA-App\services\price_importer\common\__init__.py'. (couldnt-parse)
2025-08-19T08:21:15.8656547Z   coverage._warn(msg, slug="couldnt-parse")
2025-08-19T08:21:15.8658808Z /opt/hostedtoolcache/Python/3.11.13/x64/lib/python3.11/site-packages/coverage/report_core.py:118: CoverageWarning: Couldn't parse '/home/runner/work/AWA-App/AWA-App/C:\Users\Alexey\Documents\GitHub\AWA-App\services\price_importer\common\base.py': No source for code: '/home/runner/work/AWA-App/AWA-App/C:\Users\Alexey\Documents\GitHub\AWA-App\services\price_importer\common\base.py'. (couldnt-parse)
2025-08-19T08:21:15.8661219Z   coverage._warn(msg, slug="couldnt-parse")
2025-08-19T08:21:15.8663490Z /opt/hostedtoolcache/Python/3.11.13/x64/lib/python3.11/site-packages/coverage/report_core.py:118: CoverageWarning: Couldn't parse '/home/runner/work/AWA-App/AWA-App/C:\Users\Alexey\Documents\GitHub\AWA-App\services\price_importer\common\db_url.py': No source for code: '/home/runner/work/AWA-App/AWA-App/C:\Users\Alexey\Documents\GitHub\AWA-App\services\price_importer\common\db_url.py'. (couldnt-parse)
2025-08-19T08:21:15.8666113Z   coverage._warn(msg, slug="couldnt-parse")
2025-08-19T08:21:15.8668843Z /opt/hostedtoolcache/Python/3.11.13/x64/lib/python3.11/site-packages/coverage/report_core.py:118: CoverageWarning: Couldn't parse '/home/runner/work/AWA-App/AWA-App/C:\Users\Alexey\Documents\GitHub\AWA-App\services\price_importer\common\models_vendor.py': No source for code: '/home/runner/work/AWA-App/AWA-App/C:\Users\Alexey\Documents\GitHub\AWA-App\services\price_importer\common\models_vendor.py'. (couldnt-parse)
2025-08-19T08:21:15.8671750Z   coverage._warn(msg, slug="couldnt-parse")
2025-08-19T08:21:15.8674326Z /opt/hostedtoolcache/Python/3.11.13/x64/lib/python3.11/site-packages/coverage/report_core.py:118: CoverageWarning: Couldn't parse '/home/runner/work/AWA-App/AWA-App/C:\Users\Alexey\Documents\GitHub\AWA-App\services\price_importer\import.py': No source for code: '/home/runner/work/AWA-App/AWA-App/C:\Users\Alexey\Documents\GitHub\AWA-App\services\price_importer\import.py'. (couldnt-parse)
2025-08-19T08:21:15.8676873Z   coverage._warn(msg, slug="couldnt-parse")
2025-08-19T08:21:15.8679672Z /opt/hostedtoolcache/Python/3.11.13/x64/lib/python3.11/site-packages/coverage/report_core.py:118: CoverageWarning: Couldn't parse '/home/runner/work/AWA-App/AWA-App/C:\Users\Alexey\Documents\GitHub\AWA-App\services\price_importer\normaliser.py': No source for code: '/home/runner/work/AWA-App/AWA-App/C:\Users\Alexey\Documents\GitHub\AWA-App\services\price_importer\normaliser.py'. (couldnt-parse)
2025-08-19T08:21:15.8682305Z   coverage._warn(msg, slug="couldnt-parse")
2025-08-19T08:21:15.8684846Z /opt/hostedtoolcache/Python/3.11.13/x64/lib/python3.11/site-packages/coverage/report_core.py:118: CoverageWarning: Couldn't parse '/home/runner/work/AWA-App/AWA-App/C:\Users\Alexey\Documents\GitHub\AWA-App\services\price_importer\reader.py': No source for code: '/home/runner/work/AWA-App/AWA-App/C:\Users\Alexey\Documents\GitHub\AWA-App\services\price_importer\reader.py'. (couldnt-parse)
2025-08-19T08:21:15.8687653Z   coverage._warn(msg, slug="couldnt-parse")
2025-08-19T08:21:15.8690626Z /opt/hostedtoolcache/Python/3.11.13/x64/lib/python3.11/site-packages/coverage/report_core.py:118: CoverageWarning: Couldn't parse '/home/runner/work/AWA-App/AWA-App/C:\Users\Alexey\Documents\GitHub\AWA-App\services\price_importer\repository.py': No source for code: '/home/runner/work/AWA-App/AWA-App/C:\Users\Alexey\Documents\GitHub\AWA-App\services\price_importer\repository.py'. (couldnt-parse)
2025-08-19T08:21:15.8693266Z   coverage._warn(msg, slug="couldnt-parse")
2025-08-19T08:21:15.8696063Z /opt/hostedtoolcache/Python/3.11.13/x64/lib/python3.11/site-packages/coverage/report_core.py:118: CoverageWarning: Couldn't parse '/home/runner/work/AWA-App/AWA-App/C:\Users\Alexey\Documents\GitHub\AWA-App\services\price_importer\services_common\__init__.py': No source for code: '/home/runner/work/AWA-App/AWA-App/C:\Users\Alexey\Documents\GitHub\AWA-App\services\price_importer\services_common\__init__.py'. (couldnt-parse)
2025-08-19T08:21:15.8698803Z   coverage._warn(msg, slug="couldnt-parse")
2025-08-19T08:21:15.8701621Z /opt/hostedtoolcache/Python/3.11.13/x64/lib/python3.11/site-packages/coverage/report_core.py:118: CoverageWarning: Couldn't parse '/home/runner/work/AWA-App/AWA-App/C:\Users\Alexey\Documents\GitHub\AWA-App\services\price_importer\services_common\base.py': No source for code: '/home/runner/work/AWA-App/AWA-App/C:\Users\Alexey\Documents\GitHub\AWA-App\services\price_importer\services_common\base.py'. (couldnt-parse)
2025-08-19T08:21:15.8704291Z   coverage._warn(msg, slug="couldnt-parse")
2025-08-19T08:21:15.8706961Z /opt/hostedtoolcache/Python/3.11.13/x64/lib/python3.11/site-packages/coverage/report_core.py:118: CoverageWarning: Couldn't parse '/home/runner/work/AWA-App/AWA-App/C:\Users\Alexey\Documents\GitHub\AWA-App\services\price_importer\services_common\db.py': No source for code: '/home/runner/work/AWA-App/AWA-App/C:\Users\Alexey\Documents\GitHub\AWA-App\services\price_importer\services_common\db.py'. (couldnt-parse)
2025-08-19T08:21:15.8709878Z   coverage._warn(msg, slug="couldnt-parse")
2025-08-19T08:21:15.8712664Z /opt/hostedtoolcache/Python/3.11.13/x64/lib/python3.11/site-packages/coverage/report_core.py:118: CoverageWarning: Couldn't parse '/home/runner/work/AWA-App/AWA-App/C:\Users\Alexey\Documents\GitHub\AWA-App\services\price_importer\services_common\db_url.py': No source for code: '/home/runner/work/AWA-App/AWA-App/C:\Users\Alexey\Documents\GitHub\AWA-App\services\price_importer\services_common\db_url.py'. (couldnt-parse)
2025-08-19T08:21:15.8715478Z   coverage._warn(msg, slug="couldnt-parse")
2025-08-19T08:21:15.8718237Z /opt/hostedtoolcache/Python/3.11.13/x64/lib/python3.11/site-packages/coverage/report_core.py:118: CoverageWarning: Couldn't parse '/home/runner/work/AWA-App/AWA-App/C:\Users\Alexey\Documents\GitHub\AWA-App\services\price_importer\services_common\dsn.py': No source for code: '/home/runner/work/AWA-App/AWA-App/C:\Users\Alexey\Documents\GitHub\AWA-App\services\price_importer\services_common\dsn.py'. (couldnt-parse)
2025-08-19T08:21:15.8721149Z   coverage._warn(msg, slug="couldnt-parse")
2025-08-19T08:21:15.8723828Z /opt/hostedtoolcache/Python/3.11.13/x64/lib/python3.11/site-packages/coverage/report_core.py:118: CoverageWarning: Couldn't parse '/home/runner/work/AWA-App/AWA-App/C:\Users\Alexey\Documents\GitHub\AWA-App\services\price_importer\services_common\keepa.py': No source for code: '/home/runner/work/AWA-App/AWA-App/C:\Users\Alexey\Documents\GitHub\AWA-App\services\price_importer\services_common\keepa.py'. (couldnt-parse)
2025-08-19T08:21:15.8726481Z   coverage._warn(msg, slug="couldnt-parse")
2025-08-19T08:21:15.8729366Z /opt/hostedtoolcache/Python/3.11.13/x64/lib/python3.11/site-packages/coverage/report_core.py:118: CoverageWarning: Couldn't parse '/home/runner/work/AWA-App/AWA-App/C:\Users\Alexey\Documents\GitHub\AWA-App\services\price_importer\services_common\llm.py': No source for code: '/home/runner/work/AWA-App/AWA-App/C:\Users\Alexey\Documents\GitHub\AWA-App\services\price_importer\services_common\llm.py'. (couldnt-parse)
2025-08-19T08:21:15.8732150Z   coverage._warn(msg, slug="couldnt-parse")
2025-08-19T08:21:15.8735057Z /opt/hostedtoolcache/Python/3.11.13/x64/lib/python3.11/site-packages/coverage/report_core.py:118: CoverageWarning: Couldn't parse '/home/runner/work/AWA-App/AWA-App/C:\Users\Alexey\Documents\GitHub\AWA-App\services\price_importer\services_common\models_vendor.py': No source for code: '/home/runner/work/AWA-App/AWA-App/C:\Users\Alexey\Documents\GitHub\AWA-App\services\price_importer\services_common\models_vendor.py'. (couldnt-parse)
2025-08-19T08:21:15.8737777Z   coverage._warn(msg, slug="couldnt-parse")
2025-08-19T08:21:15.8740604Z /opt/hostedtoolcache/Python/3.11.13/x64/lib/python3.11/site-packages/coverage/report_core.py:118: CoverageWarning: Couldn't parse '/home/runner/work/AWA-App/AWA-App/C:\Users\Alexey\Documents\GitHub\AWA-App\services\price_importer\services_common\settings.py': No source for code: '/home/runner/work/AWA-App/AWA-App/C:\Users\Alexey\Documents\GitHub\AWA-App\services\price_importer\services_common\settings.py'. (couldnt-parse)
2025-08-19T08:21:15.8743416Z   coverage._warn(msg, slug="couldnt-parse")
2025-08-19T08:21:15.8745962Z /opt/hostedtoolcache/Python/3.11.13/x64/lib/python3.11/site-packages/coverage/report_core.py:118: CoverageWarning: Couldn't parse '/home/runner/work/AWA-App/AWA-App/C:\Users\Alexey\Documents\GitHub\AWA-App\services\repricer\__init__.py': No source for code: '/home/runner/work/AWA-App/AWA-App/C:\Users\Alexey\Documents\GitHub\AWA-App\services\repricer\__init__.py'. (couldnt-parse)
2025-08-19T08:21:15.8748440Z   coverage._warn(msg, slug="couldnt-parse")
2025-08-19T08:21:15.8751096Z /opt/hostedtoolcache/Python/3.11.13/x64/lib/python3.11/site-packages/coverage/report_core.py:118: CoverageWarning: Couldn't parse '/home/runner/work/AWA-App/AWA-App/C:\Users\Alexey\Documents\GitHub\AWA-App\services\repricer\app\__init__.py': No source for code: '/home/runner/work/AWA-App/AWA-App/C:\Users\Alexey\Documents\GitHub\AWA-App\services\repricer\app\__init__.py'. (couldnt-parse)
2025-08-19T08:21:15.8753626Z   coverage._warn(msg, slug="couldnt-parse")
2025-08-19T08:21:15.8756113Z /opt/hostedtoolcache/Python/3.11.13/x64/lib/python3.11/site-packages/coverage/report_core.py:118: CoverageWarning: Couldn't parse '/home/runner/work/AWA-App/AWA-App/C:\Users\Alexey\Documents\GitHub\AWA-App\services\repricer\app\deps.py': No source for code: '/home/runner/work/AWA-App/AWA-App/C:\Users\Alexey\Documents\GitHub\AWA-App\services\repricer\app\deps.py'. (couldnt-parse)
2025-08-19T08:21:15.8758580Z   coverage._warn(msg, slug="couldnt-parse")
2025-08-19T08:21:15.8760704Z /opt/hostedtoolcache/Python/3.11.13/x64/lib/python3.11/site-packages/coverage/report_core.py:118: CoverageWarning: Couldn't parse '/home/runner/work/AWA-App/AWA-App/C:\Users\Alexey\Documents\GitHub\AWA-App\services\repricer\app\logic.py': No source for code: '/home/runner/work/AWA-App/AWA-App/C:\Users\Alexey\Documents\GitHub\AWA-App\services\repricer\app\logic.py'. (couldnt-parse)
2025-08-19T08:21:15.8762056Z   coverage._warn(msg, slug="couldnt-parse")
2025-08-19T08:21:15.8763376Z /opt/hostedtoolcache/Python/3.11.13/x64/lib/python3.11/site-packages/coverage/report_core.py:118: CoverageWarning: Couldn't parse '/home/runner/work/AWA-App/AWA-App/C:\Users\Alexey\Documents\GitHub\AWA-App\services\repricer\app\main.py': No source for code: '/home/runner/work/AWA-App/AWA-App/C:\Users\Alexey\Documents\GitHub\AWA-App\services\repricer\app\main.py'. (couldnt-parse)
2025-08-19T08:21:15.8764649Z   coverage._warn(msg, slug="couldnt-parse")
2025-08-19T08:21:15.8765945Z /opt/hostedtoolcache/Python/3.11.13/x64/lib/python3.11/site-packages/coverage/report_core.py:118: CoverageWarning: Couldn't parse '/home/runner/work/AWA-App/AWA-App/C:\Users\Alexey\Documents\GitHub\AWA-App\services\repricer\app\schemas.py': No source for code: '/home/runner/work/AWA-App/AWA-App/C:\Users\Alexey\Documents\GitHub\AWA-App\services\repricer\app\schemas.py'. (couldnt-parse)
2025-08-19T08:21:15.8767484Z   coverage._warn(msg, slug="couldnt-parse")
2025-08-19T08:21:15.8768864Z /opt/hostedtoolcache/Python/3.11.13/x64/lib/python3.11/site-packages/coverage/report_core.py:118: CoverageWarning: Couldn't parse '/home/runner/work/AWA-App/AWA-App/C:\Users\Alexey\Documents\GitHub\AWA-App\services\returns_etl\loader.py': No source for code: '/home/runner/work/AWA-App/AWA-App/C:\Users\Alexey\Documents\GitHub\AWA-App\services\returns_etl\loader.py'. (couldnt-parse)
2025-08-19T08:21:15.8770424Z   coverage._warn(msg, slug="couldnt-parse")
2025-08-19T08:21:16.2661667Z ............                                                             [100%]
2025-08-19T08:21:16.2662321Z ================================ tests coverage ================================
2025-08-19T08:21:16.2662923Z _______________ coverage: platform linux, python 3.11.13-final-0 _______________
2025-08-19T08:21:16.2663497Z 
2025-08-19T08:21:16.2663676Z Coverage XML written to file coverage.xml
2025-08-19T08:21:16.4535523Z ##[group]Run actions/upload-artifact@v4
2025-08-19T08:21:16.4536249Z with:
2025-08-19T08:21:16.4536830Z   name: coverage.integration
2025-08-19T08:21:16.4537422Z   path: .coverage
2025-08-19T08:21:16.4538077Z   if-no-files-found: warn
2025-08-19T08:21:16.4538642Z   compression-level: 6
2025-08-19T08:21:16.4539234Z   overwrite: false
2025-08-19T08:21:16.4539921Z   include-hidden-files: false
2025-08-19T08:21:16.4540441Z env:
2025-08-19T08:21:16.4540973Z   PG_USER: postgres
2025-08-19T08:21:16.4541459Z   PG_PASSWORD: pass
2025-08-19T08:21:16.4541937Z   PG_DATABASE: awa
2025-08-19T08:21:16.4542525Z   PG_HOST: localhost
2025-08-19T08:21:16.4543017Z   PG_PORT: 5432
2025-08-19T08:21:16.4544006Z   PG_SYNC_DSN: ***localhost:5432/awa
2025-08-19T08:21:16.4545043Z   PG_ASYNC_DSN: ***localhost:5432/awa
2025-08-19T08:21:16.4546129Z   DATABASE_URL: ***localhost:5432/awa
2025-08-19T08:21:16.4546781Z   DATA_DIR: /tmp/awa-data
2025-08-19T08:21:16.4547283Z   ENABLE_LIVE: 0
2025-08-19T08:21:16.4547959Z   TESTING: 1
2025-08-19T08:21:16.4548534Z   pythonLocation: /opt/hostedtoolcache/Python/3.11.13/x64
2025-08-19T08:21:16.4549822Z   PKG_CONFIG_PATH: /opt/hostedtoolcache/Python/3.11.13/x64/lib/pkgconfig
2025-08-19T08:21:16.4550729Z   Python_ROOT_DIR: /opt/hostedtoolcache/Python/3.11.13/x64
2025-08-19T08:21:16.4551552Z   Python2_ROOT_DIR: /opt/hostedtoolcache/Python/3.11.13/x64
2025-08-19T08:21:16.4552441Z   Python3_ROOT_DIR: /opt/hostedtoolcache/Python/3.11.13/x64
2025-08-19T08:21:16.4553191Z   LD_LIBRARY_PATH: /opt/hostedtoolcache/Python/3.11.13/x64/lib
2025-08-19T08:21:16.4553861Z ##[endgroup]
2025-08-19T08:21:16.6768452Z ##[warning]No files were found with the provided path: .coverage. No artifacts will be uploaded.
2025-08-19T08:21:16.7378602Z Post job cleanup.
2025-08-19T08:21:16.8896367Z [command]/usr/bin/tar --posix -cf cache.tzst --exclude cache.tzst -P -C /home/runner/work/AWA-App/AWA-App --files-from manifest.txt --use-compress-program zstdmt
2025-08-19T08:21:17.4431438Z Failed to save: Unable to reserve cache with key Linux-int-5e711acf40f5252f84577ca397f83ab64fb9d7dad68b245c8525eecd4c9b10ee, another job may be creating this cache.
2025-08-19T08:21:17.5047490Z Post job cleanup.
2025-08-19T08:21:17.6746510Z [command]/usr/bin/tar --posix -cf cache.tzst --exclude cache.tzst -P -C /home/runner/work/AWA-App/AWA-App --files-from manifest.txt --use-compress-program zstdmt
2025-08-19T08:21:18.2284200Z Failed to save: Unable to reserve cache with key setup-python-Linux-x64-24.04-Ubuntu-python-3.11.13-pip-5e711acf40f5252f84577ca397f83ab64fb9d7dad68b245c8525eecd4c9b10ee, another job may be creating this cache.
2025-08-19T08:21:18.2896140Z Post job cleanup.
2025-08-19T08:21:18.3830041Z [command]/usr/bin/git version
2025-08-19T08:21:18.3867474Z git version 2.50.1
2025-08-19T08:21:18.3911551Z Temporarily overriding HOME='/home/runner/work/_temp/88990c15-72e1-4ac4-9c61-3e8a0385bf3a' before making global git config changes
2025-08-19T08:21:18.3912897Z Adding repository directory to the temporary git global config as a safe directory
2025-08-19T08:21:18.3918037Z [command]/usr/bin/git config --global --add safe.directory /home/runner/work/AWA-App/AWA-App
2025-08-19T08:21:18.3955032Z [command]/usr/bin/git config --local --name-only --get-regexp core\.sshCommand
2025-08-19T08:21:18.3987353Z [command]/usr/bin/git submodule foreach --recursive sh -c "git config --local --name-only --get-regexp 'core\.sshCommand' && git config --local --unset-all 'core.sshCommand' || :"
2025-08-19T08:21:18.4212852Z [command]/usr/bin/git config --local --name-only --get-regexp http\.https\:\/\/github\.com\/\.extraheader
2025-08-19T08:21:18.4233408Z http.https://github.com/.extraheader
2025-08-19T08:21:18.4246375Z [command]/usr/bin/git config --local --unset-all http.https://github.com/.extraheader
2025-08-19T08:21:18.4277601Z [command]/usr/bin/git submodule foreach --recursive sh -c "git config --local --name-only --get-regexp 'http\.https\:\/\/github\.com\/\.extraheader' && git config --local --unset-all 'http.https://github.com/.extraheader' || :"
2025-08-19T08:21:18.4582358Z Print service container logs: 66e0f13e88cc43f1ae4411a7061a80f4_postgres15_5ca437
2025-08-19T08:21:18.4587197Z ##[command]/usr/bin/docker logs --details 2043edf996935fa05146c3aa0f380539bec95dbb2a260fcedfcb50161518f5f0
2025-08-19T08:21:18.4713417Z  initdb: warning: enabling "trust" authentication for local connections
2025-08-19T08:21:18.4713940Z  The files belonging to this database system will be owned by user "postgres".
2025-08-19T08:21:18.4714629Z  initdb: hint: You can change this by editing pg_hba.conf or using the option -A, or --auth-local and --auth-host, the next time you run initdb.
2025-08-19T08:21:18.4715440Z  2025-08-19 08:20:14.611 UTC [1] LOG:  starting PostgreSQL 15.14 (Debian 15.14-1.pgdg13+1) on x86_64-pc-linux-gnu, compiled by gcc (Debian 14.2.0-19) 14.2.0, 64-bit
2025-08-19T08:21:18.4716074Z  2025-08-19 08:20:14.611 UTC [1] LOG:  listening on IPv4 address "0.0.0.0", port 5432
2025-08-19T08:21:18.4716517Z  2025-08-19 08:20:14.611 UTC [1] LOG:  listening on IPv6 address "::", port 5432
2025-08-19T08:21:18.4716961Z  2025-08-19 08:20:14.612 UTC [1] LOG:  listening on Unix socket "/var/run/postgresql/.s.PGSQL.5432"
2025-08-19T08:21:18.4717442Z  2025-08-19 08:20:14.614 UTC [64] LOG:  database system was shut down at 2025-08-19 08:20:14 UTC
2025-08-19T08:21:18.4717878Z  2025-08-19 08:20:14.618 UTC [1] LOG:  database system is ready to accept connections
2025-08-19T08:21:18.4718229Z  This user must also own the server process.
2025-08-19T08:21:18.4718470Z  
2025-08-19T08:21:18.4731641Z  The database cluster will be initialized with locale "en_US.utf8".
2025-08-19T08:21:18.4732410Z  The default database encoding has accordingly been set to "UTF8".
2025-08-19T08:21:18.4733067Z  The default text search configuration will be set to "english".
2025-08-19T08:21:18.4733603Z  
2025-08-19T08:21:18.4733909Z  Data page checksums are disabled.
2025-08-19T08:21:18.4734246Z  
2025-08-19T08:21:18.4734540Z  fixing permissions on existing directory /var/lib/postgresql/data ... ok
2025-08-19T08:21:18.4734927Z  creating subdirectories ... ok
2025-08-19T08:21:18.4735237Z  selecting dynamic shared memory implementation ... posix
2025-08-19T08:21:18.4735583Z  selecting default max_connections ... 100
2025-08-19T08:21:18.4735869Z  selecting default shared_buffers ... 128MB
2025-08-19T08:21:18.4736155Z  selecting default time zone ... Etc/UTC
2025-08-19T08:21:18.4736421Z  creating configuration files ... ok
2025-08-19T08:21:18.4736679Z  running bootstrap script ... ok
2025-08-19T08:21:18.4736958Z  performing post-bootstrap initialization ... ok
2025-08-19T08:21:18.4737259Z  syncing data to disk ... ok
2025-08-19T08:21:18.4737473Z  
2025-08-19T08:21:18.4737624Z  
2025-08-19T08:21:18.4737839Z  Success. You can now start the database server using:
2025-08-19T08:21:18.4738324Z  
2025-08-19T08:21:18.4738545Z      pg_ctl -D /var/lib/postgresql/data -l logfile start
2025-08-19T08:21:18.4738817Z  
2025-08-19T08:21:18.4739366Z  waiting for server to start....2025-08-19 08:20:14.306 UTC [48] LOG:  starting PostgreSQL 15.14 (Debian 15.14-1.pgdg13+1) on x86_64-pc-linux-gnu, compiled by gcc (Debian 14.2.0-19) 14.2.0, 64-bit
2025-08-19T08:21:18.4740418Z  2025-08-19 08:20:14.306 UTC [48] LOG:  listening on Unix socket "/var/run/postgresql/.s.PGSQL.5432"
2025-08-19T08:21:18.4740915Z  2025-08-19 08:20:14.309 UTC [51] LOG:  database system was shut down at 2025-08-19 08:20:14 UTC
2025-08-19T08:21:18.4741359Z  2025-08-19 08:20:14.313 UTC [48] LOG:  database system is ready to accept connections
2025-08-19T08:21:18.4741685Z   done
2025-08-19T08:21:18.4741849Z  server started
2025-08-19T08:21:18.4742030Z  CREATE DATABASE
2025-08-19T08:21:18.4742206Z  
2025-08-19T08:21:18.4742356Z  
2025-08-19T08:21:18.4742657Z  /usr/local/bin/docker-entrypoint.sh: ignoring /docker-entrypoint-initdb.d/*
2025-08-19T08:21:18.4743024Z  
2025-08-19T08:21:18.4743251Z  2025-08-19 08:20:14.492 UTC [48] LOG:  received fast shutdown request
2025-08-19T08:21:18.4743915Z  waiting for server to shut down....2025-08-19 08:20:14.492 UTC [48] LOG:  aborting any active transactions
2025-08-19T08:21:18.4744571Z  2025-08-19 08:20:14.494 UTC [48] LOG:  background worker "logical replication launcher" (PID 54) exited with exit code 1
2025-08-19T08:21:18.4745030Z  2025-08-19 08:20:14.494 UTC [49] LOG:  shutting down
2025-08-19T08:21:18.4745376Z  2025-08-19 08:20:14.495 UTC [49] LOG:  checkpoint starting: shutdown immediate
2025-08-19T08:21:18.4746199Z  2025-08-19 08:20:14.511 UTC [49] LOG:  checkpoint complete: wrote 922 buffers (5.6%); 0 WAL file(s) added, 0 removed, 0 recycled; write=0.014 s, sync=0.002 s, total=0.017 s; sync files=301, longest=0.001 s, average=0.001 s; distance=4239 kB, estimate=4239 kB
2025-08-19T08:21:18.4746994Z  2025-08-19 08:20:14.517 UTC [48] LOG:  database system is shut down
2025-08-19T08:21:18.4747291Z   done
2025-08-19T08:21:18.4747457Z  server stopped
2025-08-19T08:21:18.4747633Z  
2025-08-19T08:21:18.4747849Z  PostgreSQL init process complete; ready for start up.
2025-08-19T08:21:18.4748121Z  
2025-08-19T08:21:18.4754166Z Stop and remove container: 66e0f13e88cc43f1ae4411a7061a80f4_postgres15_5ca437
2025-08-19T08:21:18.4758952Z ##[command]/usr/bin/docker rm --force 2043edf996935fa05146c3aa0f380539bec95dbb2a260fcedfcb50161518f5f0
2025-08-19T08:21:19.4772400Z 2043edf996935fa05146c3aa0f380539bec95dbb2a260fcedfcb50161518f5f0
2025-08-19T08:21:19.4801007Z Remove container network: github_network_915ecd19b9b64c5a8f44a67013532bf9
2025-08-19T08:21:19.4805344Z ##[command]/usr/bin/docker network rm github_network_915ecd19b9b64c5a8f44a67013532bf9
2025-08-19T08:21:19.6034602Z github_network_915ecd19b9b64c5a8f44a67013532bf9
2025-08-19T08:21:19.6090843Z Cleaning up orphan processes
