2025-08-19T20:05:33.3396018Z Current runner version: '2.327.1'
2025-08-19T20:05:33.3420123Z ##[group]Runner Image Provisioner
2025-08-19T20:05:33.3420929Z Hosted Compute Agent
2025-08-19T20:05:33.3421432Z Version: 20250818.377
2025-08-19T20:05:33.3422155Z Commit: 3c593e9f75fe0b87e893bca80d6e12ba089c61fc
2025-08-19T20:05:33.3422843Z Build Date: 2025-08-18T14:52:18Z
2025-08-19T20:05:33.3423377Z ##[endgroup]
2025-08-19T20:05:33.3424007Z ##[group]Operating System
2025-08-19T20:05:33.3424904Z Ubuntu
2025-08-19T20:05:33.3425413Z 24.04.2
2025-08-19T20:05:33.3426029Z LTS
2025-08-19T20:05:33.3426493Z ##[endgroup]
2025-08-19T20:05:33.3426988Z ##[group]Runner Image
2025-08-19T20:05:33.3427725Z Image: ubuntu-24.04
2025-08-19T20:05:33.3428247Z Version: 20250810.1.0
2025-08-19T20:05:33.3429223Z Included Software: https://github.com/actions/runner-images/blob/ubuntu24/20250810.1/images/ubuntu/Ubuntu2404-Readme.md
2025-08-19T20:05:33.3430822Z Image Release: https://github.com/actions/runner-images/releases/tag/ubuntu24%2F20250810.1
2025-08-19T20:05:33.3431793Z ##[endgroup]
2025-08-19T20:05:33.3434720Z ##[group]GITHUB_TOKEN Permissions
2025-08-19T20:05:33.3437700Z Actions: write
2025-08-19T20:05:33.3438300Z Attestations: write
2025-08-19T20:05:33.3438850Z Checks: write
2025-08-19T20:05:33.3439309Z Contents: write
2025-08-19T20:05:33.3439959Z Deployments: write
2025-08-19T20:05:33.3440492Z Discussions: write
2025-08-19T20:05:33.3440999Z Issues: write
2025-08-19T20:05:33.3441520Z Metadata: read
2025-08-19T20:05:33.3441996Z Models: read
2025-08-19T20:05:33.3442496Z Packages: write
2025-08-19T20:05:33.3442950Z Pages: write
2025-08-19T20:05:33.3443516Z PullRequests: write
2025-08-19T20:05:33.3444058Z RepositoryProjects: write
2025-08-19T20:05:33.3444771Z SecurityEvents: write
2025-08-19T20:05:33.3445473Z Statuses: write
2025-08-19T20:05:33.3445955Z ##[endgroup]
2025-08-19T20:05:33.3448389Z Secret source: Actions
2025-08-19T20:05:33.3449085Z Prepare workflow directory
2025-08-19T20:05:33.3860443Z Prepare all required actions
2025-08-19T20:05:33.3898169Z Getting action download info
2025-08-19T20:05:33.7311170Z Download action repository 'actions/checkout@v4' (SHA:08eba0b27e820071cde6df949e0beb9ba4906955)
2025-08-19T20:05:33.9861552Z Download action repository 'actions/setup-python@v5' (SHA:a26af69be951a213d495a4c3e4e4022e16d87065)
2025-08-19T20:05:34.2504794Z Download action repository 'actions/cache@v4' (SHA:0400d5f644dc74513175e3cd8d07132dd4860809)
2025-08-19T20:05:34.5582351Z Download action repository 'actions/upload-artifact@v4' (SHA:ea165f8d65b6e75b540449e92b4886f43607fa02)
2025-08-19T20:05:34.7665503Z Complete job name: integration-db
2025-08-19T20:05:34.8199640Z ##[group]Checking docker version
2025-08-19T20:05:34.8213350Z ##[command]/usr/bin/docker version --format '{{.Server.APIVersion}}'
2025-08-19T20:05:34.8691235Z '1.48'
2025-08-19T20:05:34.8705243Z Docker daemon API version: '1.48'
2025-08-19T20:05:34.8706602Z ##[command]/usr/bin/docker version --format '{{.Client.APIVersion}}'
2025-08-19T20:05:34.8864811Z '1.48'
2025-08-19T20:05:34.8878246Z Docker client API version: '1.48'
2025-08-19T20:05:34.8883456Z ##[endgroup]
2025-08-19T20:05:34.8887483Z ##[group]Clean up resources from previous jobs
2025-08-19T20:05:34.8893335Z ##[command]/usr/bin/docker ps --all --quiet --no-trunc --filter "label=0677f0"
2025-08-19T20:05:34.9030575Z ##[command]/usr/bin/docker network prune --force --filter "label=0677f0"
2025-08-19T20:05:34.9167557Z ##[endgroup]
2025-08-19T20:05:34.9168407Z ##[group]Create local container network
2025-08-19T20:05:34.9180091Z ##[command]/usr/bin/docker network create --label 0677f0 github_network_28f2ba13d9394138ac3ab7a964530d61
2025-08-19T20:05:34.9685477Z 8f381f47bd4b0cc789aead905a0fc1bb4e1b20fcdf3cd9121389f157a4c79810
2025-08-19T20:05:34.9703072Z ##[endgroup]
2025-08-19T20:05:34.9728382Z ##[group]Starting postgres service container
2025-08-19T20:05:34.9747998Z ##[command]/usr/bin/docker pull postgres:15
2025-08-19T20:05:35.2702297Z 15: Pulling from library/postgres
2025-08-19T20:05:35.3347123Z 396b1da7636e: Pulling fs layer
2025-08-19T20:05:35.3349658Z fca2566eba32: Pulling fs layer
2025-08-19T20:05:35.3351169Z 631fe8c6d606: Pulling fs layer
2025-08-19T20:05:35.3352678Z 77c7671c4414: Pulling fs layer
2025-08-19T20:05:35.3354213Z 2d9e29180a27: Pulling fs layer
2025-08-19T20:05:35.3355665Z c6bcc2c9a041: Pulling fs layer
2025-08-19T20:05:35.3356616Z ac4b721eb66f: Pulling fs layer
2025-08-19T20:05:35.3357526Z 606bd164980e: Pulling fs layer
2025-08-19T20:05:35.3358431Z f5dfd246bc6e: Pulling fs layer
2025-08-19T20:05:35.3359344Z ba7036bb0a60: Pulling fs layer
2025-08-19T20:05:35.3360222Z 799f859abbbd: Pulling fs layer
2025-08-19T20:05:35.3361144Z d903e777080c: Pulling fs layer
2025-08-19T20:05:35.3362038Z 04adcb462801: Pulling fs layer
2025-08-19T20:05:35.3362929Z 5c10925b29ff: Pulling fs layer
2025-08-19T20:05:35.3363781Z 606bd164980e: Waiting
2025-08-19T20:05:35.3364877Z f5dfd246bc6e: Waiting
2025-08-19T20:05:35.3365664Z ba7036bb0a60: Waiting
2025-08-19T20:05:35.3366412Z 799f859abbbd: Waiting
2025-08-19T20:05:35.3367182Z c6bcc2c9a041: Waiting
2025-08-19T20:05:35.3367951Z 77c7671c4414: Waiting
2025-08-19T20:05:35.3368728Z d903e777080c: Waiting
2025-08-19T20:05:35.3369480Z 2d9e29180a27: Waiting
2025-08-19T20:05:35.3370233Z 04adcb462801: Waiting
2025-08-19T20:05:35.3370994Z ac4b721eb66f: Waiting
2025-08-19T20:05:35.4241471Z fca2566eba32: Download complete
2025-08-19T20:05:35.4654763Z 631fe8c6d606: Verifying Checksum
2025-08-19T20:05:35.4656847Z 631fe8c6d606: Download complete
2025-08-19T20:05:35.5513370Z 77c7671c4414: Verifying Checksum
2025-08-19T20:05:35.5515265Z 77c7671c4414: Download complete
2025-08-19T20:05:35.6099382Z 2d9e29180a27: Verifying Checksum
2025-08-19T20:05:35.6100844Z 2d9e29180a27: Download complete
2025-08-19T20:05:35.6791066Z c6bcc2c9a041: Verifying Checksum
2025-08-19T20:05:35.6792838Z c6bcc2c9a041: Download complete
2025-08-19T20:05:35.6988194Z ac4b721eb66f: Download complete
2025-08-19T20:05:35.7577332Z 606bd164980e: Verifying Checksum
2025-08-19T20:05:35.7584802Z 606bd164980e: Download complete
2025-08-19T20:05:35.8043517Z 396b1da7636e: Verifying Checksum
2025-08-19T20:05:35.8046076Z 396b1da7636e: Download complete
2025-08-19T20:05:35.8323976Z ba7036bb0a60: Verifying Checksum
2025-08-19T20:05:35.8327230Z ba7036bb0a60: Download complete
2025-08-19T20:05:35.8888563Z 799f859abbbd: Verifying Checksum
2025-08-19T20:05:35.8890818Z 799f859abbbd: Download complete
2025-08-19T20:05:35.9194736Z d903e777080c: Verifying Checksum
2025-08-19T20:05:35.9196475Z d903e777080c: Download complete
2025-08-19T20:05:36.0228919Z 5c10925b29ff: Verifying Checksum
2025-08-19T20:05:36.0230795Z 5c10925b29ff: Download complete
2025-08-19T20:05:36.0301844Z 04adcb462801: Verifying Checksum
2025-08-19T20:05:36.0305014Z 04adcb462801: Download complete
2025-08-19T20:05:36.8325243Z 396b1da7636e: Pull complete
2025-08-19T20:05:37.0081661Z fca2566eba32: Pull complete
2025-08-19T20:05:37.1945046Z 631fe8c6d606: Pull complete
2025-08-19T20:05:37.2455977Z 77c7671c4414: Pull complete
2025-08-19T20:05:37.3985801Z f5dfd246bc6e: Verifying Checksum
2025-08-19T20:05:37.3986548Z f5dfd246bc6e: Download complete
2025-08-19T20:05:37.5770476Z 2d9e29180a27: Pull complete
2025-08-19T20:05:37.6615149Z c6bcc2c9a041: Pull complete
2025-08-19T20:05:37.6730031Z ac4b721eb66f: Pull complete
2025-08-19T20:05:37.6852366Z 606bd164980e: Pull complete
2025-08-19T20:05:40.6153065Z f5dfd246bc6e: Pull complete
2025-08-19T20:05:40.6326900Z ba7036bb0a60: Pull complete
2025-08-19T20:05:40.6440182Z 799f859abbbd: Pull complete
2025-08-19T20:05:40.6546377Z d903e777080c: Pull complete
2025-08-19T20:05:40.6681441Z 04adcb462801: Pull complete
2025-08-19T20:05:40.6797306Z 5c10925b29ff: Pull complete
2025-08-19T20:05:40.6836337Z Digest: sha256:bc51cf4f1fe02cce7ed2370b20128a9b00b4eb804573a77d2a0d877aaa9c82b1
2025-08-19T20:05:40.6849683Z Status: Downloaded newer image for postgres:15
2025-08-19T20:05:40.6859720Z docker.io/library/postgres:15
2025-08-19T20:05:40.6919858Z ##[command]/usr/bin/docker create --name 021f07c017044b28b3b0875749aade6f_postgres15_d7bcab --label 0677f0 --network github_network_28f2ba13d9394138ac3ab7a964530d61 --network-alias postgres -p 5432:5432 --health-cmd="pg_isready -U postgres -d awa" --health-interval=5s --health-timeout=5s --health-retries=10 -e "POSTGRES_USER=postgres" -e "POSTGRES_PASSWORD=pass" -e "POSTGRES_DB=awa" -e GITHUB_ACTIONS=true -e CI=true postgres:15
2025-08-19T20:05:40.7194925Z cf9065d97592fc4ec168c063d92d0b36804765d2a5c4eb80f6dcc034b58b26c6
2025-08-19T20:05:40.7218670Z ##[command]/usr/bin/docker start cf9065d97592fc4ec168c063d92d0b36804765d2a5c4eb80f6dcc034b58b26c6
2025-08-19T20:05:40.8950168Z cf9065d97592fc4ec168c063d92d0b36804765d2a5c4eb80f6dcc034b58b26c6
2025-08-19T20:05:40.8973648Z ##[command]/usr/bin/docker ps --all --filter id=cf9065d97592fc4ec168c063d92d0b36804765d2a5c4eb80f6dcc034b58b26c6 --filter status=running --no-trunc --format "{{.ID}} {{.Status}}"
2025-08-19T20:05:40.9108246Z cf9065d97592fc4ec168c063d92d0b36804765d2a5c4eb80f6dcc034b58b26c6 Up Less than a second (health: starting)
2025-08-19T20:05:40.9137250Z ##[command]/usr/bin/docker port cf9065d97592fc4ec168c063d92d0b36804765d2a5c4eb80f6dcc034b58b26c6
2025-08-19T20:05:40.9269742Z 5432/tcp -> 0.0.0.0:5432
2025-08-19T20:05:40.9275032Z 5432/tcp -> [::]:5432
2025-08-19T20:05:40.9321604Z ##[endgroup]
2025-08-19T20:05:40.9332181Z ##[group]Waiting for all services to be ready
2025-08-19T20:05:40.9345838Z ##[command]/usr/bin/docker inspect --format="{{if .Config.Healthcheck}}{{print .State.Health.Status}}{{end}}" cf9065d97592fc4ec168c063d92d0b36804765d2a5c4eb80f6dcc034b58b26c6
2025-08-19T20:05:40.9487915Z starting
2025-08-19T20:05:40.9510128Z postgres service is starting, waiting 2 seconds before checking again.
2025-08-19T20:05:42.9511008Z ##[command]/usr/bin/docker inspect --format="{{if .Config.Healthcheck}}{{print .State.Health.Status}}{{end}}" cf9065d97592fc4ec168c063d92d0b36804765d2a5c4eb80f6dcc034b58b26c6
2025-08-19T20:05:42.9632346Z starting
2025-08-19T20:05:42.9645951Z postgres service is starting, waiting 4 seconds before checking again.
2025-08-19T20:05:47.3025024Z ##[command]/usr/bin/docker inspect --format="{{if .Config.Healthcheck}}{{print .State.Health.Status}}{{end}}" cf9065d97592fc4ec168c063d92d0b36804765d2a5c4eb80f6dcc034b58b26c6
2025-08-19T20:05:47.3149773Z healthy
2025-08-19T20:05:47.3168039Z postgres service is healthy.
2025-08-19T20:05:47.3168839Z ##[endgroup]
2025-08-19T20:05:47.3488990Z ##[group]Run actions/checkout@v4
2025-08-19T20:05:47.3489527Z with:
2025-08-19T20:05:47.3489705Z   fetch-depth: 0
2025-08-19T20:05:47.3489921Z   repository: AlexBomber12/AWA-App
2025-08-19T20:05:47.3490329Z   token: ***
2025-08-19T20:05:47.3490516Z   ssh-strict: true
2025-08-19T20:05:47.3490761Z   ssh-user: git
2025-08-19T20:05:47.3490958Z   persist-credentials: true
2025-08-19T20:05:47.3491182Z   clean: true
2025-08-19T20:05:47.3491367Z   sparse-checkout-cone-mode: true
2025-08-19T20:05:47.3491611Z   fetch-tags: false
2025-08-19T20:05:47.3491798Z   show-progress: true
2025-08-19T20:05:47.3491990Z   lfs: false
2025-08-19T20:05:47.3492150Z   submodules: false
2025-08-19T20:05:47.3492343Z   set-safe-directory: true
2025-08-19T20:05:47.3492761Z ##[endgroup]
2025-08-19T20:05:47.4542112Z Syncing repository: AlexBomber12/AWA-App
2025-08-19T20:05:47.4543274Z ##[group]Getting Git version info
2025-08-19T20:05:47.4543613Z Working directory is '/home/runner/work/AWA-App/AWA-App'
2025-08-19T20:05:47.4544172Z [command]/usr/bin/git version
2025-08-19T20:05:47.4589133Z git version 2.50.1
2025-08-19T20:05:47.4615101Z ##[endgroup]
2025-08-19T20:05:47.4628569Z Temporarily overriding HOME='/home/runner/work/_temp/9d58cc78-6d20-4914-a411-b279d2b0e3c8' before making global git config changes
2025-08-19T20:05:47.4629301Z Adding repository directory to the temporary git global config as a safe directory
2025-08-19T20:05:47.4634245Z [command]/usr/bin/git config --global --add safe.directory /home/runner/work/AWA-App/AWA-App
2025-08-19T20:05:47.4669421Z Deleting the contents of '/home/runner/work/AWA-App/AWA-App'
2025-08-19T20:05:47.4673547Z ##[group]Initializing the repository
2025-08-19T20:05:47.4677841Z [command]/usr/bin/git init /home/runner/work/AWA-App/AWA-App
2025-08-19T20:05:47.4733585Z hint: Using 'master' as the name for the initial branch. This default branch name
2025-08-19T20:05:47.4734633Z hint: is subject to change. To configure the initial branch name to use in all
2025-08-19T20:05:47.4735483Z hint: of your new repositories, which will suppress this warning, call:
2025-08-19T20:05:47.4736806Z hint:
2025-08-19T20:05:47.4737216Z hint: 	git config --global init.defaultBranch <name>
2025-08-19T20:05:47.4737689Z hint:
2025-08-19T20:05:47.4738164Z hint: Names commonly chosen instead of 'master' are 'main', 'trunk' and
2025-08-19T20:05:47.4738850Z hint: 'development'. The just-created branch can be renamed via this command:
2025-08-19T20:05:47.4739173Z hint:
2025-08-19T20:05:47.4739350Z hint: 	git branch -m <name>
2025-08-19T20:05:47.4739608Z hint:
2025-08-19T20:05:47.4739903Z hint: Disable this message with "git config set advice.defaultBranchName false"
2025-08-19T20:05:47.4740362Z Initialized empty Git repository in /home/runner/work/AWA-App/AWA-App/.git/
2025-08-19T20:05:47.4748444Z [command]/usr/bin/git remote add origin https://github.com/AlexBomber12/AWA-App
2025-08-19T20:05:47.4781674Z ##[endgroup]
2025-08-19T20:05:47.4782286Z ##[group]Disabling automatic garbage collection
2025-08-19T20:05:47.4786471Z [command]/usr/bin/git config --local gc.auto 0
2025-08-19T20:05:47.4817728Z ##[endgroup]
2025-08-19T20:05:47.4818344Z ##[group]Setting up auth
2025-08-19T20:05:47.4824228Z [command]/usr/bin/git config --local --name-only --get-regexp core\.sshCommand
2025-08-19T20:05:47.4852858Z [command]/usr/bin/git submodule foreach --recursive sh -c "git config --local --name-only --get-regexp 'core\.sshCommand' && git config --local --unset-all 'core.sshCommand' || :"
2025-08-19T20:05:47.5121841Z [command]/usr/bin/git config --local --name-only --get-regexp http\.https\:\/\/github\.com\/\.extraheader
2025-08-19T20:05:47.5150629Z [command]/usr/bin/git submodule foreach --recursive sh -c "git config --local --name-only --get-regexp 'http\.https\:\/\/github\.com\/\.extraheader' && git config --local --unset-all 'http.https://github.com/.extraheader' || :"
2025-08-19T20:05:47.5368756Z [command]/usr/bin/git config --local http.https://github.com/.extraheader AUTHORIZATION: basic ***
2025-08-19T20:05:47.5406552Z ##[endgroup]
2025-08-19T20:05:47.5407261Z ##[group]Fetching the repository
2025-08-19T20:05:47.5415537Z [command]/usr/bin/git -c protocol.version=2 fetch --prune --no-recurse-submodules origin +refs/heads/*:refs/remotes/origin/* +refs/tags/*:refs/tags/* +5c6a75dad6b4651ad43a5788b852df7dcce8847b:refs/remotes/pull/285/merge
2025-08-19T20:05:49.5106551Z From https://github.com/AlexBomber12/AWA-App
2025-08-19T20:05:49.5107512Z  * [new branch]        codex/analyze-ci-logs-and-implement-fixes -> origin/codex/analyze-ci-logs-and-implement-fixes
2025-08-19T20:05:49.5108722Z  * [new branch]        codex/fix-ci-workflow-failures-from-logs -> origin/codex/fix-ci-workflow-failures-from-logs
2025-08-19T20:05:49.5109843Z  * [new branch]        codex/fix-ci-workflows-based-on-logs     -> origin/codex/fix-ci-workflows-based-on-logs
2025-08-19T20:05:49.5111899Z  * [new branch]        codex/fix-ci-workflows-based-on-logs-analysis -> origin/codex/fix-ci-workflows-based-on-logs-analysis
2025-08-19T20:05:49.5113891Z  * [new branch]        codex/fix-ci-workflows-based-on-logs-analysis-mu9c9o -> origin/codex/fix-ci-workflows-based-on-logs-analysis-mu9c9o
2025-08-19T20:05:49.5115818Z  * [new branch]        codex/fix-ci-workflows-for-green-status  -> origin/codex/fix-ci-workflows-for-green-status
2025-08-19T20:05:49.5118615Z  * [new branch]        codex/implement-ingest/etl-tests-pr#2    -> origin/codex/implement-ingest/etl-tests-pr#2
2025-08-19T20:05:49.5121997Z  * [new branch]        codex/implement-pr#3-api-roi-filters-and-/score-endpoint -> origin/codex/implement-pr#3-api-roi-filters-and-/score-endpoint
2025-08-19T20:05:49.5124768Z  * [new branch]        codex/implement-pr#4-fees-integrators-features -> origin/codex/implement-pr#4-fees-integrators-features
2025-08-19T20:05:49.5126986Z  * [new branch]        codex/implement-targeted-ci-fixes-for-green-builds -> origin/codex/implement-targeted-ci-fixes-for-green-builds
2025-08-19T20:05:49.5129075Z  * [new branch]        codex/implement-targeted-fixes-for-ci-workflows -> origin/codex/implement-targeted-fixes-for-ci-workflows
2025-08-19T20:05:49.5131120Z  * [new branch]        codex/implement-testing-infrastructure-updates -> origin/codex/implement-testing-infrastructure-updates
2025-08-19T20:05:49.5135202Z  * [new branch]        dependabot/pip/ruff-0.12.9               -> origin/dependabot/pip/ruff-0.12.9
2025-08-19T20:05:49.5137092Z  * [new branch]        gh-pages                                 -> origin/gh-pages
2025-08-19T20:05:49.5138959Z  * [new branch]        main                                     -> origin/main
2025-08-19T20:05:49.5140273Z  * [new tag]           0.3.0                                    -> 0.3.0
2025-08-19T20:05:49.5143582Z  * [new ref]           5c6a75dad6b4651ad43a5788b852df7dcce8847b -> pull/285/merge
2025-08-19T20:05:49.5175294Z ##[endgroup]
2025-08-19T20:05:49.5175926Z ##[group]Determining the checkout info
2025-08-19T20:05:49.5176692Z ##[endgroup]
2025-08-19T20:05:49.5182423Z [command]/usr/bin/git sparse-checkout disable
2025-08-19T20:05:49.5221555Z [command]/usr/bin/git config --local --unset-all extensions.worktreeConfig
2025-08-19T20:05:49.5249303Z ##[group]Checking out the ref
2025-08-19T20:05:49.5253505Z [command]/usr/bin/git checkout --progress --force refs/remotes/pull/285/merge
2025-08-19T20:05:49.5637181Z Note: switching to 'refs/remotes/pull/285/merge'.
2025-08-19T20:05:49.5637698Z 
2025-08-19T20:05:49.5638081Z You are in 'detached HEAD' state. You can look around, make experimental
2025-08-19T20:05:49.5639012Z changes and commit them, and you can discard any commits you make in this
2025-08-19T20:05:49.5639921Z state without impacting any branches by switching back to a branch.
2025-08-19T20:05:49.5640452Z 
2025-08-19T20:05:49.5640805Z If you want to create a new branch to retain commits you create, you may
2025-08-19T20:05:49.5641362Z do so (now or later) by using -c with the switch command. Example:
2025-08-19T20:05:49.5641836Z 
2025-08-19T20:05:49.5642046Z   git switch -c <new-branch-name>
2025-08-19T20:05:49.5642357Z 
2025-08-19T20:05:49.5642869Z Or undo this operation with:
2025-08-19T20:05:49.5643181Z 
2025-08-19T20:05:49.5643345Z   git switch -
2025-08-19T20:05:49.5643561Z 
2025-08-19T20:05:49.5643946Z Turn off this advice by setting config variable advice.detachedHead to false
2025-08-19T20:05:49.5644773Z 
2025-08-19T20:05:49.5645429Z HEAD is now at 5c6a75da Merge dfc74ad1b70d455ac5ac4429900c9147824a388c into 06b7b6a6d072117d0ac32e448844e2b4e87131eb
2025-08-19T20:05:49.5650231Z ##[endgroup]
2025-08-19T20:05:49.5690844Z [command]/usr/bin/git log -1 --format=%H
2025-08-19T20:05:49.5712041Z 5c6a75dad6b4651ad43a5788b852df7dcce8847b
2025-08-19T20:05:49.5872059Z ##[group]Run cat .env.ci >> "$GITHUB_ENV"
2025-08-19T20:05:49.5872405Z [36;1mcat .env.ci >> "$GITHUB_ENV"[0m
2025-08-19T20:05:49.5873101Z [36;1mecho "DATABASE_URL=***localhost:5432/awa" >> "$GITHUB_ENV"[0m
2025-08-19T20:05:49.5873463Z [36;1mecho "PG_HOST=localhost" >> "$GITHUB_ENV"[0m
2025-08-19T20:05:49.5873744Z [36;1mecho "PG_PORT=5432" >> "$GITHUB_ENV"[0m
2025-08-19T20:05:49.5874024Z [36;1mecho "PG_USER=postgres" >> "$GITHUB_ENV"[0m
2025-08-19T20:05:49.5874545Z [36;1mecho "PG_PASSWORD=pass" >> "$GITHUB_ENV"[0m
2025-08-19T20:05:49.5874833Z [36;1mecho "PG_DATABASE=awa" >> "$GITHUB_ENV"[0m
2025-08-19T20:05:49.5875099Z [36;1mecho "TESTING=1" >> "$GITHUB_ENV"[0m
2025-08-19T20:05:49.5922433Z shell: /usr/bin/bash -e {0}
2025-08-19T20:05:49.5922695Z ##[endgroup]
2025-08-19T20:05:49.6095274Z ##[group]Run actions/setup-python@v5
2025-08-19T20:05:49.6095547Z with:
2025-08-19T20:05:49.6095716Z   python-version: 3.11
2025-08-19T20:05:49.6095912Z   cache: pip
2025-08-19T20:05:49.6096126Z   cache-dependency-path: requirements-dev.txt

2025-08-19T20:05:49.6096392Z   check-latest: false
2025-08-19T20:05:49.6096703Z   token: ***
2025-08-19T20:05:49.6097063Z   update-environment: true
2025-08-19T20:05:49.6097281Z   allow-prereleases: false
2025-08-19T20:05:49.6097477Z   freethreaded: false
2025-08-19T20:05:49.6097657Z env:
2025-08-19T20:05:49.6097809Z   PG_USER: postgres
2025-08-19T20:05:49.6097990Z   PG_PASSWORD: pass
2025-08-19T20:05:49.6098164Z   PG_DATABASE: awa
2025-08-19T20:05:49.6098330Z   PG_HOST: localhost
2025-08-19T20:05:49.6098508Z   PG_PORT: 5432
2025-08-19T20:05:49.6098911Z   PG_SYNC_DSN: ***localhost:5432/awa
2025-08-19T20:05:49.6099318Z   PG_ASYNC_DSN: ***localhost:5432/awa
2025-08-19T20:05:49.6099740Z   DATABASE_URL: ***localhost:5432/awa
2025-08-19T20:05:49.6099993Z   DATA_DIR: /tmp/awa-data
2025-08-19T20:05:49.6100189Z   ENABLE_LIVE: 0
2025-08-19T20:05:49.6100359Z   TESTING: 1
2025-08-19T20:05:49.6100517Z ##[endgroup]
2025-08-19T20:05:49.7732162Z ##[group]Installed versions
2025-08-19T20:05:49.7868935Z Successfully set up CPython (3.11.13)
2025-08-19T20:05:49.7869601Z ##[endgroup]
2025-08-19T20:05:49.8234935Z [command]/opt/hostedtoolcache/Python/3.11.13/x64/bin/pip cache dir
2025-08-19T20:05:51.7881500Z /home/runner/.cache/pip
2025-08-19T20:05:51.9420269Z Cache hit for: setup-python-Linux-x64-24.04-Ubuntu-python-3.11.13-pip-29fc3204f837bce43d81586a404709764a9accd1f738d0c33a52a32bf7a0c312
2025-08-19T20:05:52.9779198Z Received 239075328 of 271538266 (88.0%), 228.0 MBs/sec
2025-08-19T20:05:53.2488611Z Received 271538266 of 271538266 (100.0%), 203.7 MBs/sec
2025-08-19T20:05:53.2490649Z Cache Size: ~259 MB (271538266 B)
2025-08-19T20:05:53.2525160Z [command]/usr/bin/tar -xf /home/runner/work/_temp/a70b7126-35ce-48f8-a0d5-05d151e00969/cache.tzst -P -C /home/runner/work/AWA-App/AWA-App --use-compress-program unzstd
2025-08-19T20:05:53.6981833Z Cache restored successfully
2025-08-19T20:05:53.7510749Z Cache restored from key: setup-python-Linux-x64-24.04-Ubuntu-python-3.11.13-pip-29fc3204f837bce43d81586a404709764a9accd1f738d0c33a52a32bf7a0c312
2025-08-19T20:05:53.8245654Z ##[group]Run actions/cache@v4
2025-08-19T20:05:53.8245925Z with:
2025-08-19T20:05:53.8246171Z   path: ~/.cache/pip
.pytest_cache
~/.ruff_cache

2025-08-19T20:05:53.8246594Z   key: Linux-int-29fc3204f837bce43d81586a404709764a9accd1f738d0c33a52a32bf7a0c312
2025-08-19T20:05:53.8246995Z   restore-keys: Linux-int-
2025-08-19T20:05:53.8247214Z   enableCrossOsArchive: false
2025-08-19T20:05:53.8247442Z   fail-on-cache-miss: false
2025-08-19T20:05:53.8247654Z   lookup-only: false
2025-08-19T20:05:53.8247843Z   save-always: false
2025-08-19T20:05:53.8248018Z env:
2025-08-19T20:05:53.8248184Z   PG_USER: postgres
2025-08-19T20:05:53.8248364Z   PG_PASSWORD: pass
2025-08-19T20:05:53.8248549Z   PG_DATABASE: awa
2025-08-19T20:05:53.8248730Z   PG_HOST: localhost
2025-08-19T20:05:53.8248906Z   PG_PORT: 5432
2025-08-19T20:05:53.8249573Z   PG_SYNC_DSN: ***localhost:5432/awa
2025-08-19T20:05:53.8250042Z   PG_ASYNC_DSN: ***localhost:5432/awa
2025-08-19T20:05:53.8250475Z   DATABASE_URL: ***localhost:5432/awa
2025-08-19T20:05:53.8250708Z   DATA_DIR: /tmp/awa-data
2025-08-19T20:05:53.8250908Z   ENABLE_LIVE: 0
2025-08-19T20:05:53.8251090Z   TESTING: 1
2025-08-19T20:05:53.8251327Z   pythonLocation: /opt/hostedtoolcache/Python/3.11.13/x64
2025-08-19T20:05:53.8251723Z   PKG_CONFIG_PATH: /opt/hostedtoolcache/Python/3.11.13/x64/lib/pkgconfig
2025-08-19T20:05:53.8252110Z   Python_ROOT_DIR: /opt/hostedtoolcache/Python/3.11.13/x64
2025-08-19T20:05:53.8252455Z   Python2_ROOT_DIR: /opt/hostedtoolcache/Python/3.11.13/x64
2025-08-19T20:05:53.8252796Z   Python3_ROOT_DIR: /opt/hostedtoolcache/Python/3.11.13/x64
2025-08-19T20:05:53.8253141Z   LD_LIBRARY_PATH: /opt/hostedtoolcache/Python/3.11.13/x64/lib
2025-08-19T20:05:53.8253440Z ##[endgroup]
2025-08-19T20:05:54.0446115Z Cache hit for: Linux-int-29fc3204f837bce43d81586a404709764a9accd1f738d0c33a52a32bf7a0c312
2025-08-19T20:05:55.0976212Z Received 163577856 of 271541295 (60.2%), 156.0 MBs/sec
2025-08-19T20:05:55.9435358Z Received 271541295 of 271541295 (100.0%), 140.3 MBs/sec
2025-08-19T20:05:55.9437399Z Cache Size: ~259 MB (271541295 B)
2025-08-19T20:05:55.9480485Z [command]/usr/bin/tar -xf /home/runner/work/_temp/4e6d5e7a-7dcc-4d00-b7ff-3c08596020f9/cache.tzst -P -C /home/runner/work/AWA-App/AWA-App --use-compress-program unzstd
2025-08-19T20:05:56.5092681Z Cache restored successfully
2025-08-19T20:05:56.5732561Z Cache restored from key: Linux-int-29fc3204f837bce43d81586a404709764a9accd1f738d0c33a52a32bf7a0c312
2025-08-19T20:05:56.5858329Z ##[group]Run pip install -r requirements-dev.txt
2025-08-19T20:05:56.5859014Z [36;1mpip install -r requirements-dev.txt[0m
2025-08-19T20:05:56.5859641Z [36;1mpip install keepa==1.3.15 minio==7.1.15[0m
2025-08-19T20:05:56.5921678Z shell: /usr/bin/bash -e {0}
2025-08-19T20:05:56.5922092Z env:
2025-08-19T20:05:56.5922405Z   PG_USER: postgres
2025-08-19T20:05:56.5922763Z   PG_PASSWORD: pass
2025-08-19T20:05:56.5923110Z   PG_DATABASE: awa
2025-08-19T20:05:56.5923433Z   PG_HOST: localhost
2025-08-19T20:05:56.5923762Z   PG_PORT: 5432
2025-08-19T20:05:56.5924650Z   PG_SYNC_DSN: ***localhost:5432/awa
2025-08-19T20:05:56.5925372Z   PG_ASYNC_DSN: ***localhost:5432/awa
2025-08-19T20:05:56.5926138Z   DATABASE_URL: ***localhost:5432/awa
2025-08-19T20:05:56.5926587Z   DATA_DIR: /tmp/awa-data
2025-08-19T20:05:56.5926959Z   ENABLE_LIVE: 0
2025-08-19T20:05:56.5927271Z   TESTING: 1
2025-08-19T20:05:56.5927710Z   pythonLocation: /opt/hostedtoolcache/Python/3.11.13/x64
2025-08-19T20:05:56.5928490Z   PKG_CONFIG_PATH: /opt/hostedtoolcache/Python/3.11.13/x64/lib/pkgconfig
2025-08-19T20:05:56.5929222Z   Python_ROOT_DIR: /opt/hostedtoolcache/Python/3.11.13/x64
2025-08-19T20:05:56.5929860Z   Python2_ROOT_DIR: /opt/hostedtoolcache/Python/3.11.13/x64
2025-08-19T20:05:56.5930525Z   Python3_ROOT_DIR: /opt/hostedtoolcache/Python/3.11.13/x64
2025-08-19T20:05:56.5931172Z   LD_LIBRARY_PATH: /opt/hostedtoolcache/Python/3.11.13/x64/lib
2025-08-19T20:05:56.5931721Z ##[endgroup]
2025-08-19T20:05:57.8935912Z Collecting Jinja2==3.1.6 (from -r requirements-dev.txt (line 2))
2025-08-19T20:05:57.8952346Z   Using cached jinja2-3.1.6-py3-none-any.whl.metadata (2.9 kB)
2025-08-19T20:05:57.9192554Z Collecting alembic==1.13.1 (from -r requirements-dev.txt (line 3))
2025-08-19T20:05:57.9207714Z   Using cached alembic-1.13.1-py3-none-any.whl.metadata (7.4 kB)
2025-08-19T20:05:57.9403403Z Collecting apscheduler==3.10.4 (from -r requirements-dev.txt (line 4))
2025-08-19T20:05:57.9417726Z   Using cached APScheduler-3.10.4-py3-none-any.whl.metadata (5.7 kB)
2025-08-19T20:05:57.9591977Z Collecting asgi-correlation-id==4.3.1 (from -r requirements-dev.txt (line 5))
2025-08-19T20:05:57.9606959Z   Using cached asgi_correlation_id-4.3.1-py3-none-any.whl.metadata (28 kB)
2025-08-19T20:05:58.0115716Z Collecting asyncpg==0.30.0 (from -r requirements-dev.txt (line 6))
2025-08-19T20:05:58.0131331Z   Using cached asyncpg-0.30.0-cp311-cp311-manylinux_2_17_x86_64.manylinux2014_x86_64.whl.metadata (5.0 kB)
2025-08-19T20:05:58.0581382Z Collecting black==25.1.0 (from -r requirements-dev.txt (line 7))
2025-08-19T20:05:58.0596106Z   Using cached black-25.1.0-cp311-cp311-manylinux_2_17_x86_64.manylinux2014_x86_64.manylinux_2_28_x86_64.whl.metadata (81 kB)
2025-08-19T20:05:58.3634206Z Collecting boto3 (from -r requirements-dev.txt (line 8))
2025-08-19T20:05:58.3653604Z   Using cached boto3-1.40.12-py3-none-any.whl.metadata (6.7 kB)
2025-08-19T20:05:58.3959505Z Collecting redis==6.* (from -r requirements-dev.txt (line 9))
2025-08-19T20:05:58.3973441Z   Using cached redis-6.4.0-py3-none-any.whl.metadata (10 kB)
2025-08-19T20:05:58.4301843Z Collecting minio==7.* (from -r requirements-dev.txt (line 10))
2025-08-19T20:05:58.4316216Z   Using cached minio-7.2.16-py3-none-any.whl.metadata (6.5 kB)
2025-08-19T20:05:58.4641891Z Collecting celery==5.5.3 (from -r requirements-dev.txt (line 11))
2025-08-19T20:05:58.4656169Z   Using cached celery-5.5.3-py3-none-any.whl.metadata (22 kB)
2025-08-19T20:05:58.5225807Z Collecting fastapi==0.116.1 (from -r requirements-dev.txt (line 12))
2025-08-19T20:05:58.5245413Z   Using cached fastapi-0.116.1-py3-none-any.whl.metadata (28 kB)
2025-08-19T20:05:58.5414809Z Collecting fastapi-limiter==0.1.6 (from -r requirements-dev.txt (line 14))
2025-08-19T20:05:58.5428336Z   Using cached fastapi_limiter-0.1.6-py3-none-any.whl.metadata (5.3 kB)
2025-08-19T20:05:58.5628974Z Collecting httpx<0.29,>=0.27 (from -r requirements-dev.txt (line 15))
2025-08-19T20:05:58.5642192Z   Using cached httpx-0.28.1-py3-none-any.whl.metadata (7.1 kB)
2025-08-19T20:05:58.5792121Z Collecting imapclient==3.0.1 (from -r requirements-dev.txt (line 16))
2025-08-19T20:05:58.5804911Z   Using cached IMAPClient-3.0.1-py2.py3-none-any.whl.metadata (1.7 kB)
2025-08-19T20:05:58.5929066Z Collecting itsdangerous (from -r requirements-dev.txt (line 17))
2025-08-19T20:05:58.5943026Z   Using cached itsdangerous-2.2.0-py3-none-any.whl.metadata (1.9 kB)
2025-08-19T20:05:58.7109004Z Collecting mypy==1.* (from -r requirements-dev.txt (line 18))
2025-08-19T20:05:58.7124637Z   Using cached mypy-1.17.1-cp311-cp311-manylinux2014_x86_64.manylinux_2_17_x86_64.manylinux_2_28_x86_64.whl.metadata (2.2 kB)
2025-08-19T20:05:58.7256327Z Collecting mypy-extensions==1.1.0 (from -r requirements-dev.txt (line 19))
2025-08-19T20:05:58.7269863Z   Using cached mypy_extensions-1.1.0-py3-none-any.whl.metadata (1.1 kB)
2025-08-19T20:05:58.8890768Z Collecting numpy<2 (from -r requirements-dev.txt (line 20))
2025-08-19T20:05:58.8906776Z   Using cached numpy-1.26.4-cp311-cp311-manylinux_2_17_x86_64.manylinux2014_x86_64.whl.metadata (61 kB)
2025-08-19T20:05:58.9171351Z Collecting openpyxl==3.1.5 (from -r requirements-dev.txt (line 21))
2025-08-19T20:05:58.9185173Z   Using cached openpyxl-3.1.5-py2.py3-none-any.whl.metadata (2.5 kB)
2025-08-19T20:05:59.0261444Z Collecting pandas==2.2.* (from -r requirements-dev.txt (line 22))
2025-08-19T20:05:59.0277472Z   Using cached pandas-2.2.3-cp311-cp311-manylinux_2_17_x86_64.manylinux2014_x86_64.whl.metadata (89 kB)
2025-08-19T20:05:59.1181996Z Collecting psycopg2-binary==2.9.10 (from -r requirements-dev.txt (line 23))
2025-08-19T20:05:59.1197005Z   Using cached psycopg2_binary-2.9.10-cp311-cp311-manylinux_2_17_x86_64.manylinux2014_x86_64.whl.metadata (4.9 kB)
2025-08-19T20:05:59.1373727Z Collecting psycopg==3.2.9 (from psycopg[binary]==3.2.9->-r requirements-dev.txt (line 24))
2025-08-19T20:05:59.1387267Z   Using cached psycopg-3.2.9-py3-none-any.whl.metadata (4.5 kB)
2025-08-19T20:05:59.2717843Z Collecting pydantic==2.11.7 (from -r requirements-dev.txt (line 25))
2025-08-19T20:05:59.2733137Z   Using cached pydantic-2.11.7-py3-none-any.whl.metadata (67 kB)
2025-08-19T20:05:59.2771966Z Requirement already satisfied: setuptools in /opt/hostedtoolcache/Python/3.11.13/x64/lib/python3.11/site-packages (from -r requirements-dev.txt (line 26)) (65.5.0)
2025-08-19T20:05:59.2959020Z Collecting pytest-asyncio==0.23.6 (from -r requirements-dev.txt (line 27))
2025-08-19T20:05:59.2972663Z   Using cached pytest_asyncio-0.23.6-py3-none-any.whl.metadata (3.9 kB)
2025-08-19T20:05:59.3247157Z Collecting pytest-cov==6.2.1 (from -r requirements-dev.txt (line 28))
2025-08-19T20:05:59.3260151Z   Using cached pytest_cov-6.2.1-py3-none-any.whl.metadata (30 kB)
2025-08-19T20:05:59.3455632Z Collecting pytest-postgresql==7.0.2 (from -r requirements-dev.txt (line 29))
2025-08-19T20:05:59.3469290Z   Using cached pytest_postgresql-7.0.2-py3-none-any.whl.metadata (18 kB)
2025-08-19T20:05:59.3663669Z Collecting python-dotenv (from -r requirements-dev.txt (line 30))
2025-08-19T20:05:59.3677409Z   Using cached python_dotenv-1.1.1-py3-none-any.whl.metadata (24 kB)
2025-08-19T20:05:59.3830359Z Collecting python-multipart (from -r requirements-dev.txt (line 31))
2025-08-19T20:05:59.3844036Z   Using cached python_multipart-0.0.20-py3-none-any.whl.metadata (1.8 kB)
2025-08-19T20:05:59.4167720Z Collecting python-telegram-bot==22.3 (from -r requirements-dev.txt (line 32))
2025-08-19T20:05:59.4181041Z   Using cached python_telegram_bot-22.3-py3-none-any.whl.metadata (17 kB)
2025-08-19T20:05:59.4496710Z Collecting requests==2.32.4 (from -r requirements-dev.txt (line 33))
2025-08-19T20:05:59.4511692Z   Using cached requests-2.32.4-py3-none-any.whl.metadata (4.9 kB)
2025-08-19T20:05:59.4753631Z Collecting respx==0.22.0 (from -r requirements-dev.txt (line 34))
2025-08-19T20:05:59.4767725Z   Using cached respx-0.22.0-py2.py3-none-any.whl.metadata (4.1 kB)
2025-08-19T20:05:59.8239959Z Collecting ruff==0.4.4 (from -r requirements-dev.txt (line 35))
2025-08-19T20:05:59.8256172Z   Using cached ruff-0.4.4-py3-none-manylinux_2_17_x86_64.manylinux2014_x86_64.whl.metadata (23 kB)
2025-08-19T20:06:00.0768872Z Collecting sqlalchemy==2.0.43 (from -r requirements-dev.txt (line 36))
2025-08-19T20:06:00.0784855Z   Using cached sqlalchemy-2.0.43-cp311-cp311-manylinux_2_17_x86_64.manylinux2014_x86_64.whl.metadata (9.6 kB)
2025-08-19T20:06:00.1096302Z Collecting structlog==24.1.0 (from -r requirements-dev.txt (line 37))
2025-08-19T20:06:00.1109849Z   Using cached structlog-24.1.0-py3-none-any.whl.metadata (6.9 kB)
2025-08-19T20:06:00.1539774Z Collecting testcontainers==4.10.0 (from testcontainers[postgres]==4.10.0->-r requirements-dev.txt (line 38))
2025-08-19T20:06:00.1553265Z   Using cached testcontainers-4.10.0-py3-none-any.whl.metadata (7.8 kB)
2025-08-19T20:06:00.1916474Z Collecting types-requests==2.32.4.20250809 (from -r requirements-dev.txt (line 39))
2025-08-19T20:06:00.1929900Z   Using cached types_requests-2.32.4.20250809-py3-none-any.whl.metadata (2.0 kB)
2025-08-19T20:06:00.2073632Z Collecting docspec-python==2.2.2 (from -r requirements-dev.txt (line 40))
2025-08-19T20:06:00.2087128Z   Using cached docspec_python-2.2.2-py3-none-any.whl.metadata (1.0 kB)
2025-08-19T20:06:00.2268496Z Collecting pydoc-markdown==4.8.2 (from -r requirements-dev.txt (line 41))
2025-08-19T20:06:00.2281659Z   Using cached pydoc_markdown-4.8.2-py3-none-any.whl.metadata (5.9 kB)
2025-08-19T20:06:00.2575253Z Collecting pandera==0.19.* (from -r requirements-dev.txt (line 42))
2025-08-19T20:06:00.2588813Z   Using cached pandera-0.19.3-py3-none-any.whl.metadata (15 kB)
2025-08-19T20:06:00.3624510Z Collecting MarkupSafe>=2.0 (from Jinja2==3.1.6->-r requirements-dev.txt (line 2))
2025-08-19T20:06:00.3641048Z   Using cached MarkupSafe-3.0.2-cp311-cp311-manylinux_2_17_x86_64.manylinux2014_x86_64.whl.metadata (4.0 kB)
2025-08-19T20:06:00.3911627Z Collecting Mako (from alembic==1.13.1->-r requirements-dev.txt (line 3))
2025-08-19T20:06:00.3925297Z   Using cached mako-1.3.10-py3-none-any.whl.metadata (2.9 kB)
2025-08-19T20:06:00.4118631Z Collecting typing-extensions>=4 (from alembic==1.13.1->-r requirements-dev.txt (line 3))
2025-08-19T20:06:00.4131663Z   Using cached typing_extensions-4.14.1-py3-none-any.whl.metadata (3.0 kB)
2025-08-19T20:06:00.4293276Z Collecting six>=1.4.0 (from apscheduler==3.10.4->-r requirements-dev.txt (line 4))
2025-08-19T20:06:00.4306894Z   Using cached six-1.17.0-py2.py3-none-any.whl.metadata (1.7 kB)
2025-08-19T20:06:00.4675424Z Collecting pytz (from apscheduler==3.10.4->-r requirements-dev.txt (line 4))
2025-08-19T20:06:00.4691143Z   Using cached pytz-2025.2-py2.py3-none-any.whl.metadata (22 kB)
2025-08-19T20:06:00.4892767Z Collecting tzlocal!=3.*,>=2.0 (from apscheduler==3.10.4->-r requirements-dev.txt (line 4))
2025-08-19T20:06:00.4908480Z   Using cached tzlocal-5.3.1-py3-none-any.whl.metadata (7.6 kB)
2025-08-19T20:06:00.5241601Z Collecting starlette>=0.18 (from asgi-correlation-id==4.3.1->-r requirements-dev.txt (line 5))
2025-08-19T20:06:00.5257441Z   Using cached starlette-0.47.2-py3-none-any.whl.metadata (6.2 kB)
2025-08-19T20:06:00.5487454Z Collecting click>=8.0.0 (from black==25.1.0->-r requirements-dev.txt (line 7))
2025-08-19T20:06:00.5501412Z   Using cached click-8.2.1-py3-none-any.whl.metadata (2.5 kB)
2025-08-19T20:06:00.5692227Z Collecting packaging>=22.0 (from black==25.1.0->-r requirements-dev.txt (line 7))
2025-08-19T20:06:00.5707248Z   Using cached packaging-25.0-py3-none-any.whl.metadata (3.3 kB)
2025-08-19T20:06:00.5855924Z Collecting pathspec>=0.9.0 (from black==25.1.0->-r requirements-dev.txt (line 7))
2025-08-19T20:06:00.5872536Z   Using cached pathspec-0.12.1-py3-none-any.whl.metadata (21 kB)
2025-08-19T20:06:00.6093252Z Collecting platformdirs>=2 (from black==25.1.0->-r requirements-dev.txt (line 7))
2025-08-19T20:06:00.6108643Z   Using cached platformdirs-4.3.8-py3-none-any.whl.metadata (12 kB)
2025-08-19T20:06:00.6360606Z Collecting billiard<5.0,>=4.2.1 (from celery==5.5.3->-r requirements-dev.txt (line 11))
2025-08-19T20:06:00.6374598Z   Using cached billiard-4.2.1-py3-none-any.whl.metadata (4.4 kB)
2025-08-19T20:06:00.6655139Z Collecting kombu<5.6,>=5.5.2 (from celery==5.5.3->-r requirements-dev.txt (line 11))
2025-08-19T20:06:00.6668567Z   Using cached kombu-5.5.4-py3-none-any.whl.metadata (3.5 kB)
2025-08-19T20:06:00.6843224Z Collecting vine<6.0,>=5.1.0 (from celery==5.5.3->-r requirements-dev.txt (line 11))
2025-08-19T20:06:00.6856600Z   Using cached vine-5.1.0-py3-none-any.whl.metadata (2.7 kB)
2025-08-19T20:06:00.7023712Z Collecting click-didyoumean>=0.3.0 (from celery==5.5.3->-r requirements-dev.txt (line 11))
2025-08-19T20:06:00.7037465Z   Using cached click_didyoumean-0.3.1-py3-none-any.whl.metadata (3.9 kB)
2025-08-19T20:06:00.7162966Z Collecting click-repl>=0.2.0 (from celery==5.5.3->-r requirements-dev.txt (line 11))
2025-08-19T20:06:00.7176561Z   Using cached click_repl-0.3.0-py3-none-any.whl.metadata (3.6 kB)
2025-08-19T20:06:00.7298933Z Collecting click-plugins>=1.1.1 (from celery==5.5.3->-r requirements-dev.txt (line 11))
2025-08-19T20:06:00.7312260Z   Using cached click_plugins-1.1.1.2-py2.py3-none-any.whl.metadata (6.5 kB)
2025-08-19T20:06:00.7460195Z Collecting python-dateutil>=2.8.2 (from celery==5.5.3->-r requirements-dev.txt (line 11))
2025-08-19T20:06:00.7473939Z   Using cached python_dateutil-2.9.0.post0-py2.py3-none-any.whl.metadata (8.4 kB)
2025-08-19T20:06:00.8093781Z Collecting annotated-types>=0.6.0 (from pydantic==2.11.7->-r requirements-dev.txt (line 25))
2025-08-19T20:06:00.8107486Z   Using cached annotated_types-0.7.0-py3-none-any.whl.metadata (15 kB)
2025-08-19T20:06:01.4809184Z Collecting pydantic-core==2.33.2 (from pydantic==2.11.7->-r requirements-dev.txt (line 25))
2025-08-19T20:06:01.4825045Z   Using cached pydantic_core-2.33.2-cp311-cp311-manylinux_2_17_x86_64.manylinux2014_x86_64.whl.metadata (6.8 kB)
2025-08-19T20:06:01.4987368Z Collecting typing-inspection>=0.4.0 (from pydantic==2.11.7->-r requirements-dev.txt (line 25))
2025-08-19T20:06:01.5001372Z   Using cached typing_inspection-0.4.1-py3-none-any.whl.metadata (2.6 kB)
2025-08-19T20:06:01.5266547Z Collecting et-xmlfile (from openpyxl==3.1.5->-r requirements-dev.txt (line 21))
2025-08-19T20:06:01.5281253Z   Using cached et_xmlfile-2.0.0-py3-none-any.whl.metadata (2.7 kB)
2025-08-19T20:06:01.5766596Z Collecting pytest<9,>=7.0.0 (from pytest-asyncio==0.23.6->-r requirements-dev.txt (line 27))
2025-08-19T20:06:01.5786443Z   Using cached pytest-8.4.1-py3-none-any.whl.metadata (7.7 kB)
2025-08-19T20:06:02.0695457Z Collecting coverage>=7.5 (from coverage[toml]>=7.5->pytest-cov==6.2.1->-r requirements-dev.txt (line 28))
2025-08-19T20:06:02.0711163Z   Using cached coverage-7.10.4-cp311-cp311-manylinux1_x86_64.manylinux_2_28_x86_64.manylinux_2_5_x86_64.whl.metadata (8.9 kB)
2025-08-19T20:06:02.0862237Z Collecting pluggy>=1.2 (from pytest-cov==6.2.1->-r requirements-dev.txt (line 28))
2025-08-19T20:06:02.0876101Z   Using cached pluggy-1.6.0-py3-none-any.whl.metadata (4.8 kB)
2025-08-19T20:06:02.1137026Z Collecting port-for>=0.7.3 (from pytest-postgresql==7.0.2->-r requirements-dev.txt (line 29))
2025-08-19T20:06:02.1150330Z   Using cached port_for-0.7.4-py3-none-any.whl.metadata (7.1 kB)
2025-08-19T20:06:02.1312596Z Collecting mirakuru>=2.6.0 (from pytest-postgresql==7.0.2->-r requirements-dev.txt (line 29))
2025-08-19T20:06:02.1326106Z   Using cached mirakuru-2.6.1-py3-none-any.whl.metadata (10 kB)
2025-08-19T20:06:02.2186507Z Collecting charset_normalizer<4,>=2 (from requests==2.32.4->-r requirements-dev.txt (line 33))
2025-08-19T20:06:02.2202195Z   Using cached charset_normalizer-3.4.3-cp311-cp311-manylinux2014_x86_64.manylinux_2_17_x86_64.manylinux_2_28_x86_64.whl.metadata (36 kB)
2025-08-19T20:06:02.2381838Z Collecting idna<4,>=2.5 (from requests==2.32.4->-r requirements-dev.txt (line 33))
2025-08-19T20:06:02.2395947Z   Using cached idna-3.10-py3-none-any.whl.metadata (10 kB)
2025-08-19T20:06:02.2691703Z Collecting urllib3<3,>=1.21.1 (from requests==2.32.4->-r requirements-dev.txt (line 33))
2025-08-19T20:06:02.2705622Z   Using cached urllib3-2.5.0-py3-none-any.whl.metadata (6.5 kB)
2025-08-19T20:06:02.2926328Z Collecting certifi>=2017.4.17 (from requests==2.32.4->-r requirements-dev.txt (line 33))
2025-08-19T20:06:02.2939382Z   Using cached certifi-2025.8.3-py3-none-any.whl.metadata (2.4 kB)
2025-08-19T20:06:02.4197625Z Collecting greenlet>=1 (from sqlalchemy==2.0.43->-r requirements-dev.txt (line 36))
2025-08-19T20:06:02.4213166Z   Using cached greenlet-3.2.4-cp311-cp311-manylinux_2_24_x86_64.manylinux_2_28_x86_64.whl.metadata (4.1 kB)
2025-08-19T20:06:02.4459485Z Collecting docker (from testcontainers==4.10.0->testcontainers[postgres]==4.10.0->-r requirements-dev.txt (line 38))
2025-08-19T20:06:02.4473198Z   Using cached docker-7.1.0-py3-none-any.whl.metadata (3.8 kB)
2025-08-19T20:06:02.5468522Z Collecting wrapt (from testcontainers==4.10.0->testcontainers[postgres]==4.10.0->-r requirements-dev.txt (line 38))
2025-08-19T20:06:02.5484685Z   Using cached wrapt-1.17.3-cp311-cp311-manylinux1_x86_64.manylinux_2_28_x86_64.manylinux_2_5_x86_64.whl.metadata (6.4 kB)
2025-08-19T20:06:02.5738023Z Collecting docspec==2.2.1 (from docspec-python==2.2.2->-r requirements-dev.txt (line 40))
2025-08-19T20:06:02.5751869Z   Using cached docspec-2.2.1-py3-none-any.whl.metadata (1.5 kB)
2025-08-19T20:06:02.5931788Z Collecting nr-util>=0.8.12 (from docspec-python==2.2.2->-r requirements-dev.txt (line 40))
2025-08-19T20:06:02.5947070Z   Using cached nr.util-0.8.12-py3-none-any.whl.metadata (813 bytes)
2025-08-19T20:06:02.6331594Z Collecting PyYAML<7.0,>=5.0 (from pydoc-markdown==4.8.2->-r requirements-dev.txt (line 41))
2025-08-19T20:06:02.6348045Z   Using cached PyYAML-6.0.2-cp311-cp311-manylinux_2_17_x86_64.manylinux2014_x86_64.whl.metadata (2.1 kB)
2025-08-19T20:06:02.7714991Z Collecting databind.core<5.0.0,>=4.4.0 (from pydoc-markdown==4.8.2->-r requirements-dev.txt (line 41))
2025-08-19T20:06:02.7729902Z   Using cached databind.core-4.5.2-py3-none-any.whl.metadata (1.1 kB)
2025-08-19T20:06:02.7960051Z Collecting databind.json<5.0.0,>=4.4.0 (from pydoc-markdown==4.8.2->-r requirements-dev.txt (line 41))
2025-08-19T20:06:02.7973726Z   Using cached databind.json-4.5.2-py3-none-any.whl.metadata (1.1 kB)
2025-08-19T20:06:02.8145235Z Collecting docstring-parser<0.12,>=0.11 (from pydoc-markdown==4.8.2->-r requirements-dev.txt (line 41))
2025-08-19T20:06:02.8146486Z   Using cached docstring_parser-0.11-py3-none-any.whl
2025-08-19T20:06:02.8539685Z Collecting tomli<3.0.0,>=2.0.0 (from pydoc-markdown==4.8.2->-r requirements-dev.txt (line 41))
2025-08-19T20:06:02.8554002Z   Using cached tomli-2.2.1-cp311-cp311-manylinux_2_17_x86_64.manylinux2014_x86_64.whl.metadata (11 kB)
2025-08-19T20:06:02.8683553Z Collecting tomli_w<2.0.0,>=1.0.0 (from pydoc-markdown==4.8.2->-r requirements-dev.txt (line 41))
2025-08-19T20:06:02.8697455Z   Using cached tomli_w-1.2.0-py3-none-any.whl.metadata (5.7 kB)
2025-08-19T20:06:02.9157162Z Collecting watchdog (from pydoc-markdown==4.8.2->-r requirements-dev.txt (line 41))
2025-08-19T20:06:02.9171875Z   Using cached watchdog-6.0.0-py3-none-manylinux2014_x86_64.whl.metadata (44 kB)
2025-08-19T20:06:02.9406477Z Collecting yapf>=0.30.0 (from pydoc-markdown==4.8.2->-r requirements-dev.txt (line 41))
2025-08-19T20:06:02.9420120Z   Using cached yapf-0.43.0-py3-none-any.whl.metadata (46 kB)
2025-08-19T20:06:02.9629797Z Collecting Deprecated<2.0.0,>=1.2.12 (from docspec==2.2.1->docspec-python==2.2.2->-r requirements-dev.txt (line 40))
2025-08-19T20:06:02.9643337Z   Using cached Deprecated-1.2.18-py2.py3-none-any.whl.metadata (5.7 kB)
2025-08-19T20:06:03.1148698Z Collecting psycopg-binary==3.2.9 (from psycopg[binary]==3.2.9->-r requirements-dev.txt (line 24))
2025-08-19T20:06:03.1165298Z   Using cached psycopg_binary-3.2.9-cp311-cp311-manylinux_2_17_x86_64.manylinux2014_x86_64.whl.metadata (2.9 kB)
2025-08-19T20:06:03.1507932Z Collecting argon2-cffi (from minio==7.*->-r requirements-dev.txt (line 10))
2025-08-19T20:06:03.1522240Z   Using cached argon2_cffi-25.1.0-py3-none-any.whl.metadata (4.1 kB)
2025-08-19T20:06:03.2316442Z Collecting pycryptodome (from minio==7.*->-r requirements-dev.txt (line 10))
2025-08-19T20:06:03.2332037Z   Using cached pycryptodome-3.23.0-cp37-abi3-manylinux_2_17_x86_64.manylinux2014_x86_64.whl.metadata (3.4 kB)
2025-08-19T20:06:03.2570619Z Collecting anyio (from httpx<0.29,>=0.27->-r requirements-dev.txt (line 15))
2025-08-19T20:06:03.2584795Z   Using cached anyio-4.10.0-py3-none-any.whl.metadata (4.0 kB)
2025-08-19T20:06:03.3712584Z Collecting httpcore==1.* (from httpx<0.29,>=0.27->-r requirements-dev.txt (line 15))
2025-08-19T20:06:03.3728134Z   Using cached httpcore-1.0.9-py3-none-any.whl.metadata (21 kB)
2025-08-19T20:06:03.4073792Z Collecting tzdata>=2022.7 (from pandas==2.2.*->-r requirements-dev.txt (line 22))
2025-08-19T20:06:03.4087716Z   Using cached tzdata-2025.2-py2.py3-none-any.whl.metadata (1.4 kB)
2025-08-19T20:06:03.4253876Z Collecting multimethod<=1.10.0 (from pandera==0.19.*->-r requirements-dev.txt (line 42))
2025-08-19T20:06:03.4267871Z   Using cached multimethod-1.10-py3-none-any.whl.metadata (8.2 kB)
2025-08-19T20:06:03.4650214Z Collecting typeguard (from pandera==0.19.*->-r requirements-dev.txt (line 42))
2025-08-19T20:06:03.4663739Z   Using cached typeguard-4.4.4-py3-none-any.whl.metadata (3.3 kB)
2025-08-19T20:06:03.4796544Z Collecting typing-inspect>=0.6.0 (from pandera==0.19.*->-r requirements-dev.txt (line 42))
2025-08-19T20:06:03.4809988Z   Using cached typing_inspect-0.9.0-py3-none-any.whl.metadata (1.5 kB)
2025-08-19T20:06:03.5089320Z Collecting databind<5.0.0,>=4.5.2 (from databind.core<5.0.0,>=4.4.0->pydoc-markdown==4.8.2->-r requirements-dev.txt (line 41))
2025-08-19T20:06:03.5102834Z   Using cached databind-4.5.2-py3-none-any.whl.metadata (4.3 kB)
2025-08-19T20:06:03.5252563Z Collecting nr-date<3.0.0,>=2.0.0 (from databind<5.0.0,>=4.5.2->databind.core<5.0.0,>=4.4.0->pydoc-markdown==4.8.2->-r requirements-dev.txt (line 41))
2025-08-19T20:06:03.5266046Z   Using cached nr_date-2.1.0-py3-none-any.whl.metadata (746 bytes)
2025-08-19T20:06:03.6004706Z Collecting nr-stream<2.0.0,>=1.0.0 (from databind<5.0.0,>=4.5.2->databind.core<5.0.0,>=4.4.0->pydoc-markdown==4.8.2->-r requirements-dev.txt (line 41))
2025-08-19T20:06:03.6019240Z   Using cached nr_stream-1.1.5-py3-none-any.whl.metadata (3.6 kB)
2025-08-19T20:06:03.6196062Z Collecting typeapi<3,>=2.0.1 (from databind<5.0.0,>=4.5.2->databind.core<5.0.0,>=4.4.0->pydoc-markdown==4.8.2->-r requirements-dev.txt (line 41))
2025-08-19T20:06:03.6209773Z   Using cached typeapi-2.2.4-py3-none-any.whl.metadata (1.5 kB)
2025-08-19T20:06:03.6508666Z Collecting h11>=0.16 (from httpcore==1.*->httpx<0.29,>=0.27->-r requirements-dev.txt (line 15))
2025-08-19T20:06:03.6523001Z   Using cached h11-0.16.0-py3-none-any.whl.metadata (8.3 kB)
2025-08-19T20:06:03.6747318Z Collecting amqp<6.0.0,>=5.1.1 (from kombu<5.6,>=5.5.2->celery==5.5.3->-r requirements-dev.txt (line 11))
2025-08-19T20:06:03.6760909Z   Using cached amqp-5.3.1-py3-none-any.whl.metadata (8.9 kB)
2025-08-19T20:06:03.7156850Z Collecting iniconfig>=1 (from pytest<9,>=7.0.0->pytest-asyncio==0.23.6->-r requirements-dev.txt (line 27))
2025-08-19T20:06:03.7169318Z   Using cached iniconfig-2.1.0-py3-none-any.whl.metadata (2.7 kB)
2025-08-19T20:06:03.7398930Z Collecting pygments>=2.7.2 (from pytest<9,>=7.0.0->pytest-asyncio==0.23.6->-r requirements-dev.txt (line 27))
2025-08-19T20:06:03.7412536Z   Using cached pygments-2.19.2-py3-none-any.whl.metadata (2.5 kB)
2025-08-19T20:06:03.7753466Z Collecting sniffio>=1.1 (from anyio->httpx<0.29,>=0.27->-r requirements-dev.txt (line 15))
2025-08-19T20:06:03.7767408Z   Using cached sniffio-1.3.1-py3-none-any.whl.metadata (3.9 kB)
2025-08-19T20:06:04.0848439Z Collecting botocore<1.41.0,>=1.40.12 (from boto3->-r requirements-dev.txt (line 8))
2025-08-19T20:06:04.0864232Z   Using cached botocore-1.40.12-py3-none-any.whl.metadata (5.7 kB)
2025-08-19T20:06:04.1018325Z Collecting jmespath<2.0.0,>=0.7.1 (from boto3->-r requirements-dev.txt (line 8))
2025-08-19T20:06:04.1032335Z   Using cached jmespath-1.0.1-py3-none-any.whl.metadata (7.6 kB)
2025-08-19T20:06:04.1227499Z Collecting s3transfer<0.14.0,>=0.13.0 (from boto3->-r requirements-dev.txt (line 8))
2025-08-19T20:06:04.1241567Z   Using cached s3transfer-0.13.1-py3-none-any.whl.metadata (1.7 kB)
2025-08-19T20:06:04.2507255Z Collecting fastapi-cli>=0.0.8 (from fastapi-cli[standard]>=0.0.8; extra == "all"->fastapi[all]->-r requirements-dev.txt (line 13))
2025-08-19T20:06:04.2520828Z   Using cached fastapi_cli-0.0.8-py3-none-any.whl.metadata (6.3 kB)
2025-08-19T20:06:04.3234782Z Collecting ujson!=4.0.2,!=4.1.0,!=4.2.0,!=4.3.0,!=5.0.0,!=5.1.0,>=4.0.1 (from fastapi[all]->-r requirements-dev.txt (line 13))
2025-08-19T20:06:04.3250019Z   Using cached ujson-5.10.0-cp311-cp311-manylinux_2_17_x86_64.manylinux2014_x86_64.whl.metadata (9.3 kB)
2025-08-19T20:06:04.5535326Z Collecting orjson>=3.2.1 (from fastapi[all]->-r requirements-dev.txt (line 13))
2025-08-19T20:06:04.5550955Z   Using cached orjson-3.11.2-cp311-cp311-manylinux_2_17_x86_64.manylinux2014_x86_64.whl.metadata (1.2 kB)
2025-08-19T20:06:04.5710344Z Collecting email-validator>=2.0.0 (from fastapi[all]->-r requirements-dev.txt (line 13))
2025-08-19T20:06:04.5724002Z   Using cached email_validator-2.2.0-py3-none-any.whl.metadata (25 kB)
2025-08-19T20:06:04.6030985Z Collecting uvicorn>=0.12.0 (from uvicorn[standard]>=0.12.0; extra == "all"->fastapi[all]->-r requirements-dev.txt (line 13))
2025-08-19T20:06:04.6044616Z   Using cached uvicorn-0.35.0-py3-none-any.whl.metadata (6.5 kB)
2025-08-19T20:06:04.6234502Z Collecting pydantic-settings>=2.0.0 (from fastapi[all]->-r requirements-dev.txt (line 13))
2025-08-19T20:06:04.6247850Z   Using cached pydantic_settings-2.10.1-py3-none-any.whl.metadata (3.4 kB)
2025-08-19T20:06:04.6413038Z Collecting pydantic-extra-types>=2.0.0 (from fastapi[all]->-r requirements-dev.txt (line 13))
2025-08-19T20:06:04.6427314Z   Using cached pydantic_extra_types-2.10.5-py3-none-any.whl.metadata (3.9 kB)
2025-08-19T20:06:04.7130055Z Collecting prompt-toolkit>=3.0.36 (from click-repl>=0.2.0->celery==5.5.3->-r requirements-dev.txt (line 11))
2025-08-19T20:06:04.7143617Z   Using cached prompt_toolkit-3.0.51-py3-none-any.whl.metadata (6.4 kB)
2025-08-19T20:06:04.7348034Z Collecting dnspython>=2.0.0 (from email-validator>=2.0.0->fastapi[all]->-r requirements-dev.txt (line 13))
2025-08-19T20:06:04.7361102Z   Using cached dnspython-2.7.0-py3-none-any.whl.metadata (5.8 kB)
2025-08-19T20:06:04.7652740Z Collecting typer>=0.15.1 (from fastapi-cli>=0.0.8->fastapi-cli[standard]>=0.0.8; extra == "all"->fastapi[all]->-r requirements-dev.txt (line 13))
2025-08-19T20:06:04.7666240Z   Using cached typer-0.16.1-py3-none-any.whl.metadata (15 kB)
2025-08-19T20:06:04.7944587Z Collecting rich-toolkit>=0.14.8 (from fastapi-cli>=0.0.8->fastapi-cli[standard]>=0.0.8; extra == "all"->fastapi[all]->-r requirements-dev.txt (line 13))
2025-08-19T20:06:04.7957718Z   Using cached rich_toolkit-0.15.0-py3-none-any.whl.metadata (1.0 kB)
2025-08-19T20:06:04.8103124Z Collecting fastapi-cloud-cli>=0.1.1 (from fastapi-cli[standard]>=0.0.8; extra == "all"->fastapi[all]->-r requirements-dev.txt (line 13))
2025-08-19T20:06:04.8116427Z   Using cached fastapi_cloud_cli-0.1.5-py3-none-any.whl.metadata (3.2 kB)
2025-08-19T20:06:04.8855270Z Collecting rignore>=0.5.1 (from fastapi-cloud-cli>=0.1.1->fastapi-cli[standard]>=0.0.8; extra == "all"->fastapi[all]->-r requirements-dev.txt (line 13))
2025-08-19T20:06:04.8870142Z   Using cached rignore-0.6.4-cp311-cp311-manylinux_2_17_x86_64.manylinux2014_x86_64.whl.metadata (3.8 kB)
2025-08-19T20:06:05.0868224Z Collecting sentry-sdk>=2.20.0 (from fastapi-cloud-cli>=0.1.1->fastapi-cli[standard]>=0.0.8; extra == "all"->fastapi[all]->-r requirements-dev.txt (line 13))
2025-08-19T20:06:05.0881940Z   Using cached sentry_sdk-2.35.0-py2.py3-none-any.whl.metadata (10 kB)
2025-08-19T20:06:05.1796716Z Collecting psutil>=4.0.0 (from mirakuru>=2.6.0->pytest-postgresql==7.0.2->-r requirements-dev.txt (line 29))
2025-08-19T20:06:05.1811666Z   Using cached psutil-7.0.0-cp36-abi3-manylinux_2_12_x86_64.manylinux2010_x86_64.manylinux_2_17_x86_64.manylinux2014_x86_64.whl.metadata (22 kB)
2025-08-19T20:06:05.2152663Z Collecting wcwidth (from prompt-toolkit>=3.0.36->click-repl>=0.2.0->celery==5.5.3->-r requirements-dev.txt (line 11))
2025-08-19T20:06:05.2167338Z   Using cached wcwidth-0.2.13-py2.py3-none-any.whl.metadata (14 kB)
2025-08-19T20:06:05.3366227Z Collecting rich>=13.7.1 (from rich-toolkit>=0.14.8->fastapi-cli>=0.0.8->fastapi-cli[standard]>=0.0.8; extra == "all"->fastapi[all]->-r requirements-dev.txt (line 13))
2025-08-19T20:06:05.3381023Z   Using cached rich-14.1.0-py3-none-any.whl.metadata (18 kB)
2025-08-19T20:06:05.3592266Z Collecting markdown-it-py>=2.2.0 (from rich>=13.7.1->rich-toolkit>=0.14.8->fastapi-cli>=0.0.8->fastapi-cli[standard]>=0.0.8; extra == "all"->fastapi[all]->-r requirements-dev.txt (line 13))
2025-08-19T20:06:05.3606699Z   Using cached markdown_it_py-4.0.0-py3-none-any.whl.metadata (7.3 kB)
2025-08-19T20:06:05.3831736Z Collecting mdurl~=0.1 (from markdown-it-py>=2.2.0->rich>=13.7.1->rich-toolkit>=0.14.8->fastapi-cli>=0.0.8->fastapi-cli[standard]>=0.0.8; extra == "all"->fastapi[all]->-r requirements-dev.txt (line 13))
2025-08-19T20:06:05.3845230Z   Using cached mdurl-0.1.2-py3-none-any.whl.metadata (1.6 kB)
2025-08-19T20:06:05.4330770Z Collecting shellingham>=1.3.0 (from typer>=0.15.1->fastapi-cli>=0.0.8->fastapi-cli[standard]>=0.0.8; extra == "all"->fastapi[all]->-r requirements-dev.txt (line 13))
2025-08-19T20:06:05.4344920Z   Using cached shellingham-1.5.4-py2.py3-none-any.whl.metadata (3.5 kB)
2025-08-19T20:06:05.5129885Z Collecting httptools>=0.6.3 (from uvicorn[standard]>=0.12.0; extra == "all"->fastapi[all]->-r requirements-dev.txt (line 13))
2025-08-19T20:06:05.5144169Z   Using cached httptools-0.6.4-cp311-cp311-manylinux_2_5_x86_64.manylinux1_x86_64.manylinux_2_17_x86_64.manylinux2014_x86_64.whl.metadata (3.6 kB)
2025-08-19T20:06:05.5585132Z Collecting uvloop>=0.15.1 (from uvicorn[standard]>=0.12.0; extra == "all"->fastapi[all]->-r requirements-dev.txt (line 13))
2025-08-19T20:06:05.5601300Z   Using cached uvloop-0.21.0-cp311-cp311-manylinux_2_17_x86_64.manylinux2014_x86_64.whl.metadata (4.9 kB)
2025-08-19T20:06:05.6318064Z Collecting watchfiles>=0.13 (from uvicorn[standard]>=0.12.0; extra == "all"->fastapi[all]->-r requirements-dev.txt (line 13))
2025-08-19T20:06:05.6333626Z   Using cached watchfiles-1.1.0-cp311-cp311-manylinux_2_17_x86_64.manylinux2014_x86_64.whl.metadata (4.9 kB)
2025-08-19T20:06:05.7192227Z Collecting websockets>=10.4 (from uvicorn[standard]>=0.12.0; extra == "all"->fastapi[all]->-r requirements-dev.txt (line 13))
2025-08-19T20:06:05.7208600Z   Using cached websockets-15.0.1-cp311-cp311-manylinux_2_5_x86_64.manylinux1_x86_64.manylinux_2_17_x86_64.manylinux2014_x86_64.whl.metadata (6.8 kB)
2025-08-19T20:06:05.7665767Z Collecting argon2-cffi-bindings (from argon2-cffi->minio==7.*->-r requirements-dev.txt (line 10))
2025-08-19T20:06:05.7679907Z   Using cached argon2_cffi_bindings-25.1.0-cp39-abi3-manylinux_2_26_x86_64.manylinux_2_28_x86_64.whl.metadata (7.4 kB)
2025-08-19T20:06:05.8683616Z Collecting cffi>=1.0.1 (from argon2-cffi-bindings->argon2-cffi->minio==7.*->-r requirements-dev.txt (line 10))
2025-08-19T20:06:05.8699948Z   Using cached cffi-1.17.1-cp311-cp311-manylinux_2_17_x86_64.manylinux2014_x86_64.whl.metadata (1.5 kB)
2025-08-19T20:06:05.8862636Z Collecting pycparser (from cffi>=1.0.1->argon2-cffi-bindings->argon2-cffi->minio==7.*->-r requirements-dev.txt (line 10))
2025-08-19T20:06:05.8877626Z   Using cached pycparser-2.22-py3-none-any.whl.metadata (943 bytes)
2025-08-19T20:06:05.9421839Z Using cached jinja2-3.1.6-py3-none-any.whl (134 kB)
2025-08-19T20:06:05.9437079Z Using cached alembic-1.13.1-py3-none-any.whl (233 kB)
2025-08-19T20:06:05.9452532Z Using cached APScheduler-3.10.4-py3-none-any.whl (59 kB)
2025-08-19T20:06:05.9466589Z Using cached asgi_correlation_id-4.3.1-py3-none-any.whl (15 kB)
2025-08-19T20:06:05.9480561Z Using cached asyncpg-0.30.0-cp311-cp311-manylinux_2_17_x86_64.manylinux2014_x86_64.whl (3.1 MB)
2025-08-19T20:06:05.9517876Z Using cached black-25.1.0-cp311-cp311-manylinux_2_17_x86_64.manylinux2014_x86_64.manylinux_2_28_x86_64.whl (1.7 MB)
2025-08-19T20:06:05.9543840Z Using cached celery-5.5.3-py3-none-any.whl (438 kB)
2025-08-19T20:06:05.9560770Z Using cached fastapi-0.116.1-py3-none-any.whl (95 kB)
2025-08-19T20:06:05.9574659Z Using cached pydantic-2.11.7-py3-none-any.whl (444 kB)
2025-08-19T20:06:05.9591204Z Using cached fastapi_limiter-0.1.6-py3-none-any.whl (15 kB)
2025-08-19T20:06:05.9604769Z Using cached IMAPClient-3.0.1-py2.py3-none-any.whl (182 kB)
2025-08-19T20:06:05.9619518Z Using cached mypy_extensions-1.1.0-py3-none-any.whl (5.0 kB)
2025-08-19T20:06:05.9633011Z Using cached openpyxl-3.1.5-py2.py3-none-any.whl (250 kB)
2025-08-19T20:06:05.9648725Z Using cached psycopg2_binary-2.9.10-cp311-cp311-manylinux_2_17_x86_64.manylinux2014_x86_64.whl (3.0 MB)
2025-08-19T20:06:05.9684129Z Using cached psycopg-3.2.9-py3-none-any.whl (202 kB)
2025-08-19T20:06:05.9699332Z Using cached pytest_asyncio-0.23.6-py3-none-any.whl (17 kB)
2025-08-19T20:06:05.9712818Z Using cached pytest_cov-6.2.1-py3-none-any.whl (24 kB)
2025-08-19T20:06:05.9726319Z Using cached pytest_postgresql-7.0.2-py3-none-any.whl (41 kB)
2025-08-19T20:06:05.9739832Z Using cached python_telegram_bot-22.3-py3-none-any.whl (717 kB)
2025-08-19T20:06:05.9758369Z Using cached requests-2.32.4-py3-none-any.whl (64 kB)
2025-08-19T20:06:05.9772162Z Using cached respx-0.22.0-py2.py3-none-any.whl (25 kB)
2025-08-19T20:06:05.9786037Z Using cached ruff-0.4.4-py3-none-manylinux_2_17_x86_64.manylinux2014_x86_64.whl (8.7 MB)
2025-08-19T20:06:05.9861650Z Using cached sqlalchemy-2.0.43-cp311-cp311-manylinux_2_17_x86_64.manylinux2014_x86_64.whl (3.3 MB)
2025-08-19T20:06:05.9899087Z Using cached structlog-24.1.0-py3-none-any.whl (65 kB)
2025-08-19T20:06:05.9912891Z Using cached testcontainers-4.10.0-py3-none-any.whl (107 kB)
2025-08-19T20:06:05.9927132Z Using cached types_requests-2.32.4.20250809-py3-none-any.whl (20 kB)
2025-08-19T20:06:05.9940640Z Using cached docspec_python-2.2.2-py3-none-any.whl (15 kB)
2025-08-19T20:06:05.9953922Z Using cached pydoc_markdown-4.8.2-py3-none-any.whl (67 kB)
2025-08-19T20:06:05.9967658Z Using cached docspec-2.2.1-py3-none-any.whl (9.8 kB)
2025-08-19T20:06:05.9981524Z Using cached psycopg_binary-3.2.9-cp311-cp311-manylinux_2_17_x86_64.manylinux2014_x86_64.whl (4.5 MB)
2025-08-19T20:06:06.0027303Z Using cached pydantic_core-2.33.2-cp311-cp311-manylinux_2_17_x86_64.manylinux2014_x86_64.whl (2.0 MB)
2025-08-19T20:06:06.0055532Z Using cached redis-6.4.0-py3-none-any.whl (279 kB)
2025-08-19T20:06:06.0070858Z Using cached minio-7.2.16-py3-none-any.whl (95 kB)
2025-08-19T20:06:06.0084997Z Using cached httpx-0.28.1-py3-none-any.whl (73 kB)
2025-08-19T20:06:06.0099617Z Using cached mypy-1.17.1-cp311-cp311-manylinux2014_x86_64.manylinux_2_17_x86_64.manylinux_2_28_x86_64.whl (12.6 MB)
2025-08-19T20:06:06.0202301Z Using cached numpy-1.26.4-cp311-cp311-manylinux_2_17_x86_64.manylinux2014_x86_64.whl (18.3 MB)
2025-08-19T20:06:06.0346344Z Using cached pandas-2.2.3-cp311-cp311-manylinux_2_17_x86_64.manylinux2014_x86_64.whl (13.1 MB)
2025-08-19T20:06:06.0452243Z Using cached pandera-0.19.3-py3-none-any.whl (251 kB)
2025-08-19T20:06:06.0467461Z Using cached billiard-4.2.1-py3-none-any.whl (86 kB)
2025-08-19T20:06:06.0482067Z Using cached charset_normalizer-3.4.3-cp311-cp311-manylinux2014_x86_64.manylinux_2_17_x86_64.manylinux_2_28_x86_64.whl (150 kB)
2025-08-19T20:06:06.0496389Z Using cached click-8.2.1-py3-none-any.whl (102 kB)
2025-08-19T20:06:06.0510574Z Using cached databind.core-4.5.2-py3-none-any.whl (1.5 kB)
2025-08-19T20:06:06.0523518Z Using cached databind-4.5.2-py3-none-any.whl (49 kB)
2025-08-19T20:06:06.0537447Z Using cached databind.json-4.5.2-py3-none-any.whl (1.5 kB)
2025-08-19T20:06:06.0550716Z Using cached Deprecated-1.2.18-py2.py3-none-any.whl (10.0 kB)
2025-08-19T20:06:06.0564041Z Using cached httpcore-1.0.9-py3-none-any.whl (78 kB)
2025-08-19T20:06:06.0578292Z Using cached idna-3.10-py3-none-any.whl (70 kB)
2025-08-19T20:06:06.0592058Z Using cached kombu-5.5.4-py3-none-any.whl (210 kB)
2025-08-19T20:06:06.0606903Z Using cached vine-5.1.0-py3-none-any.whl (9.6 kB)
2025-08-19T20:06:06.0620133Z Using cached amqp-5.3.1-py3-none-any.whl (50 kB)
2025-08-19T20:06:06.0633876Z Using cached multimethod-1.10-py3-none-any.whl (9.9 kB)
2025-08-19T20:06:06.0647224Z Using cached nr_date-2.1.0-py3-none-any.whl (10 kB)
2025-08-19T20:06:06.0660617Z Using cached nr_stream-1.1.5-py3-none-any.whl (10 kB)
2025-08-19T20:06:06.0674030Z Using cached nr.util-0.8.12-py3-none-any.whl (90 kB)
2025-08-19T20:06:06.0688130Z Using cached pytest-8.4.1-py3-none-any.whl (365 kB)
2025-08-19T20:06:06.0704642Z Using cached pluggy-1.6.0-py3-none-any.whl (20 kB)
2025-08-19T20:06:06.0718611Z Using cached PyYAML-6.0.2-cp311-cp311-manylinux_2_17_x86_64.manylinux2014_x86_64.whl (762 kB)
2025-08-19T20:06:06.0737392Z Using cached starlette-0.47.2-py3-none-any.whl (72 kB)
2025-08-19T20:06:06.0751039Z Using cached anyio-4.10.0-py3-none-any.whl (107 kB)
2025-08-19T20:06:06.0765517Z Using cached tomli-2.2.1-cp311-cp311-manylinux_2_17_x86_64.manylinux2014_x86_64.whl (236 kB)
2025-08-19T20:06:06.0780208Z Using cached tomli_w-1.2.0-py3-none-any.whl (6.7 kB)
2025-08-19T20:06:06.0793738Z Using cached typeapi-2.2.4-py3-none-any.whl (26 kB)
2025-08-19T20:06:06.0807461Z Using cached typing_extensions-4.14.1-py3-none-any.whl (43 kB)
2025-08-19T20:06:06.0821051Z Using cached urllib3-2.5.0-py3-none-any.whl (129 kB)
2025-08-19T20:06:06.0835633Z Using cached wrapt-1.17.3-cp311-cp311-manylinux1_x86_64.manylinux_2_28_x86_64.manylinux_2_5_x86_64.whl (82 kB)
2025-08-19T20:06:06.0849386Z Using cached boto3-1.40.12-py3-none-any.whl (140 kB)
2025-08-19T20:06:06.0863650Z Using cached botocore-1.40.12-py3-none-any.whl (14.0 MB)
2025-08-19T20:06:06.0975442Z Using cached jmespath-1.0.1-py3-none-any.whl (20 kB)
2025-08-19T20:06:06.0989164Z Using cached python_dateutil-2.9.0.post0-py2.py3-none-any.whl (229 kB)
2025-08-19T20:06:06.1003942Z Using cached s3transfer-0.13.1-py3-none-any.whl (85 kB)
2025-08-19T20:06:06.1018164Z Using cached itsdangerous-2.2.0-py3-none-any.whl (16 kB)
2025-08-19T20:06:06.1031560Z Using cached python_dotenv-1.1.1-py3-none-any.whl (20 kB)
2025-08-19T20:06:06.1044952Z Using cached python_multipart-0.0.20-py3-none-any.whl (24 kB)
2025-08-19T20:06:06.1058721Z Using cached annotated_types-0.7.0-py3-none-any.whl (13 kB)
2025-08-19T20:06:06.1072108Z Using cached certifi-2025.8.3-py3-none-any.whl (161 kB)
2025-08-19T20:06:06.1087254Z Using cached click_didyoumean-0.3.1-py3-none-any.whl (3.6 kB)
2025-08-19T20:06:06.1100613Z Using cached click_plugins-1.1.1.2-py2.py3-none-any.whl (11 kB)
2025-08-19T20:06:06.1113789Z Using cached click_repl-0.3.0-py3-none-any.whl (10 kB)
2025-08-19T20:06:06.1128447Z Using cached coverage-7.10.4-cp311-cp311-manylinux1_x86_64.manylinux_2_28_x86_64.manylinux_2_5_x86_64.whl (249 kB)
2025-08-19T20:06:06.1143162Z Using cached email_validator-2.2.0-py3-none-any.whl (33 kB)
2025-08-19T20:06:06.1156932Z Using cached dnspython-2.7.0-py3-none-any.whl (313 kB)
2025-08-19T20:06:06.1174929Z Using cached fastapi_cli-0.0.8-py3-none-any.whl (10 kB)
2025-08-19T20:06:06.1188475Z Using cached fastapi_cloud_cli-0.1.5-py3-none-any.whl (18 kB)
2025-08-19T20:06:06.1202307Z Using cached greenlet-3.2.4-cp311-cp311-manylinux_2_24_x86_64.manylinux_2_28_x86_64.whl (587 kB)
2025-08-19T20:06:06.1219688Z Using cached h11-0.16.0-py3-none-any.whl (37 kB)
2025-08-19T20:06:06.1233248Z Using cached iniconfig-2.1.0-py3-none-any.whl (6.0 kB)
2025-08-19T20:06:06.1247805Z Using cached MarkupSafe-3.0.2-cp311-cp311-manylinux_2_17_x86_64.manylinux2014_x86_64.whl (23 kB)
2025-08-19T20:06:06.1261301Z Using cached mirakuru-2.6.1-py3-none-any.whl (26 kB)
2025-08-19T20:06:06.1275096Z Using cached orjson-3.11.2-cp311-cp311-manylinux_2_17_x86_64.manylinux2014_x86_64.whl (121 kB)
2025-08-19T20:06:06.1289067Z Using cached packaging-25.0-py3-none-any.whl (66 kB)
2025-08-19T20:06:06.1302757Z Using cached pathspec-0.12.1-py3-none-any.whl (31 kB)
2025-08-19T20:06:06.1316483Z Using cached platformdirs-4.3.8-py3-none-any.whl (18 kB)
2025-08-19T20:06:06.1329987Z Using cached port_for-0.7.4-py3-none-any.whl (21 kB)
2025-08-19T20:06:06.1343532Z Using cached prompt_toolkit-3.0.51-py3-none-any.whl (387 kB)
2025-08-19T20:06:06.1360896Z Using cached psutil-7.0.0-cp36-abi3-manylinux_2_12_x86_64.manylinux2010_x86_64.manylinux_2_17_x86_64.manylinux2014_x86_64.whl (277 kB)
2025-08-19T20:06:06.1376517Z Using cached pydantic_extra_types-2.10.5-py3-none-any.whl (38 kB)
2025-08-19T20:06:06.1390372Z Using cached pydantic_settings-2.10.1-py3-none-any.whl (45 kB)
2025-08-19T20:06:06.1404089Z Using cached pygments-2.19.2-py3-none-any.whl (1.2 MB)
2025-08-19T20:06:06.1426627Z Using cached pytz-2025.2-py2.py3-none-any.whl (509 kB)
2025-08-19T20:06:06.1443381Z Using cached rich_toolkit-0.15.0-py3-none-any.whl (29 kB)
2025-08-19T20:06:06.1457170Z Using cached rich-14.1.0-py3-none-any.whl (243 kB)
2025-08-19T20:06:06.1472233Z Using cached markdown_it_py-4.0.0-py3-none-any.whl (87 kB)
2025-08-19T20:06:06.1486290Z Using cached mdurl-0.1.2-py3-none-any.whl (10.0 kB)
2025-08-19T20:06:06.1500103Z Using cached rignore-0.6.4-cp311-cp311-manylinux_2_17_x86_64.manylinux2014_x86_64.whl (950 kB)
2025-08-19T20:06:06.1520476Z Using cached sentry_sdk-2.35.0-py2.py3-none-any.whl (363 kB)
2025-08-19T20:06:06.1536481Z Using cached six-1.17.0-py2.py3-none-any.whl (11 kB)
2025-08-19T20:06:06.1549938Z Using cached sniffio-1.3.1-py3-none-any.whl (10 kB)
2025-08-19T20:06:06.1563262Z Using cached typer-0.16.1-py3-none-any.whl (46 kB)
2025-08-19T20:06:06.1577161Z Using cached shellingham-1.5.4-py2.py3-none-any.whl (9.8 kB)
2025-08-19T20:06:06.1590489Z Using cached typing_inspect-0.9.0-py3-none-any.whl (8.8 kB)
2025-08-19T20:06:06.1604108Z Using cached typing_inspection-0.4.1-py3-none-any.whl (14 kB)
2025-08-19T20:06:06.1618181Z Using cached tzdata-2025.2-py2.py3-none-any.whl (347 kB)
2025-08-19T20:06:06.1633963Z Using cached tzlocal-5.3.1-py3-none-any.whl (18 kB)
2025-08-19T20:06:06.1647756Z Using cached ujson-5.10.0-cp311-cp311-manylinux_2_17_x86_64.manylinux2014_x86_64.whl (53 kB)
2025-08-19T20:06:06.1661204Z Using cached uvicorn-0.35.0-py3-none-any.whl (66 kB)
2025-08-19T20:06:06.1675612Z Using cached httptools-0.6.4-cp311-cp311-manylinux_2_5_x86_64.manylinux1_x86_64.manylinux_2_17_x86_64.manylinux2014_x86_64.whl (459 kB)
2025-08-19T20:06:06.1692148Z Using cached uvloop-0.21.0-cp311-cp311-manylinux_2_17_x86_64.manylinux2014_x86_64.whl (4.0 MB)
2025-08-19T20:06:06.1733615Z Using cached watchfiles-1.1.0-cp311-cp311-manylinux_2_17_x86_64.manylinux2014_x86_64.whl (453 kB)
2025-08-19T20:06:06.1751451Z Using cached websockets-15.0.1-cp311-cp311-manylinux_2_5_x86_64.manylinux1_x86_64.manylinux_2_17_x86_64.manylinux2014_x86_64.whl (182 kB)
2025-08-19T20:06:06.1765996Z Using cached yapf-0.43.0-py3-none-any.whl (256 kB)
2025-08-19T20:06:06.1781346Z Using cached argon2_cffi-25.1.0-py3-none-any.whl (14 kB)
2025-08-19T20:06:06.1795246Z Using cached argon2_cffi_bindings-25.1.0-cp39-abi3-manylinux_2_26_x86_64.manylinux_2_28_x86_64.whl (87 kB)
2025-08-19T20:06:06.1809610Z Using cached cffi-1.17.1-cp311-cp311-manylinux_2_17_x86_64.manylinux2014_x86_64.whl (467 kB)
2025-08-19T20:06:06.1826346Z Using cached docker-7.1.0-py3-none-any.whl (147 kB)
2025-08-19T20:06:06.1840595Z Using cached et_xmlfile-2.0.0-py3-none-any.whl (18 kB)
2025-08-19T20:06:06.1854117Z Using cached mako-1.3.10-py3-none-any.whl (78 kB)
2025-08-19T20:06:06.1868169Z Using cached pycparser-2.22-py3-none-any.whl (117 kB)
2025-08-19T20:06:06.1882787Z Using cached pycryptodome-3.23.0-cp37-abi3-manylinux_2_17_x86_64.manylinux2014_x86_64.whl (2.3 MB)
2025-08-19T20:06:06.1911995Z Using cached typeguard-4.4.4-py3-none-any.whl (34 kB)
2025-08-19T20:06:06.1925884Z Using cached watchdog-6.0.0-py3-none-manylinux2014_x86_64.whl (79 kB)
2025-08-19T20:06:06.1939733Z Using cached wcwidth-0.2.13-py2.py3-none-any.whl (34 kB)
2025-08-19T20:06:06.5991280Z Installing collected packages: wcwidth, pytz, wrapt, websockets, watchdog, vine, uvloop, urllib3, ujson, tzlocal, tzdata, typing-extensions, tomli_w, tomli, structlog, sniffio, six, shellingham, ruff, rignore, redis, PyYAML, python-multipart, python-dotenv, pygments, pycryptodome, pycparser, psycopg2-binary, psycopg-binary, psutil, prompt-toolkit, port-for, pluggy, platformdirs, pathspec, packaging, orjson, numpy, nr-stream, nr-date, mypy-extensions, multimethod, mdurl, MarkupSafe, jmespath, itsdangerous, iniconfig, imapclient, idna, httptools, h11, greenlet, et-xmlfile, docstring-parser, dnspython, coverage, click, charset_normalizer, certifi, billiard, asyncpg, annotated-types, yapf, uvicorn, typing-inspection, typing-inspect, types-requests, typeguard, typeapi, sqlalchemy, sentry-sdk, requests, python-dateutil, pytest, pydantic-core, psycopg, openpyxl, mypy, mirakuru, markdown-it-py, Mako, Jinja2, httpcore, email-validator, Deprecated, click-repl, click-plugins, click-didyoumean, cffi, black, apscheduler, anyio, amqp, watchfiles, starlette, rich, pytest-postgresql, pytest-cov, pytest-asyncio, pydantic, pandas, nr-util, kombu, httpx, docker, databind, botocore, argon2-cffi-bindings, alembic, typer, testcontainers, s3transfer, rich-toolkit, respx, python-telegram-bot, pydantic-settings, pydantic-extra-types, pandera, fastapi, databind.json, databind.core, celery, asgi-correlation-id, argon2-cffi, minio, fastapi-limiter, fastapi-cloud-cli, fastapi-cli, docspec, boto3, docspec-python, pydoc-markdown
2025-08-19T20:06:23.0539358Z 
2025-08-19T20:06:23.0603693Z Successfully installed Deprecated-1.2.18 Jinja2-3.1.6 Mako-1.3.10 MarkupSafe-3.0.2 PyYAML-6.0.2 alembic-1.13.1 amqp-5.3.1 annotated-types-0.7.0 anyio-4.10.0 apscheduler-3.10.4 argon2-cffi-25.1.0 argon2-cffi-bindings-25.1.0 asgi-correlation-id-4.3.1 asyncpg-0.30.0 billiard-4.2.1 black-25.1.0 boto3-1.40.12 botocore-1.40.12 celery-5.5.3 certifi-2025.8.3 cffi-1.17.1 charset_normalizer-3.4.3 click-8.2.1 click-didyoumean-0.3.1 click-plugins-1.1.1.2 click-repl-0.3.0 coverage-7.10.4 databind-4.5.2 databind.core-4.5.2 databind.json-4.5.2 dnspython-2.7.0 docker-7.1.0 docspec-2.2.1 docspec-python-2.2.2 docstring-parser-0.11 email-validator-2.2.0 et-xmlfile-2.0.0 fastapi-0.116.1 fastapi-cli-0.0.8 fastapi-cloud-cli-0.1.5 fastapi-limiter-0.1.6 greenlet-3.2.4 h11-0.16.0 httpcore-1.0.9 httptools-0.6.4 httpx-0.28.1 idna-3.10 imapclient-3.0.1 iniconfig-2.1.0 itsdangerous-2.2.0 jmespath-1.0.1 kombu-5.5.4 markdown-it-py-4.0.0 mdurl-0.1.2 minio-7.2.16 mirakuru-2.6.1 multimethod-1.10 mypy-1.17.1 mypy-extensions-1.1.0 nr-date-2.1.0 nr-stream-1.1.5 nr-util-0.8.12 numpy-1.26.4 openpyxl-3.1.5 orjson-3.11.2 packaging-25.0 pandas-2.2.3 pandera-0.19.3 pathspec-0.12.1 platformdirs-4.3.8 pluggy-1.6.0 port-for-0.7.4 prompt-toolkit-3.0.51 psutil-7.0.0 psycopg-3.2.9 psycopg-binary-3.2.9 psycopg2-binary-2.9.10 pycparser-2.22 pycryptodome-3.23.0 pydantic-2.11.7 pydantic-core-2.33.2 pydantic-extra-types-2.10.5 pydantic-settings-2.10.1 pydoc-markdown-4.8.2 pygments-2.19.2 pytest-8.4.1 pytest-asyncio-0.23.6 pytest-cov-6.2.1 pytest-postgresql-7.0.2 python-dateutil-2.9.0.post0 python-dotenv-1.1.1 python-multipart-0.0.20 python-telegram-bot-22.3 pytz-2025.2 redis-6.4.0 requests-2.32.4 respx-0.22.0 rich-14.1.0 rich-toolkit-0.15.0 rignore-0.6.4 ruff-0.4.4 s3transfer-0.13.1 sentry-sdk-2.35.0 shellingham-1.5.4 six-1.17.0 sniffio-1.3.1 sqlalchemy-2.0.43 starlette-0.47.2 structlog-24.1.0 testcontainers-4.10.0 tomli-2.2.1 tomli_w-1.2.0 typeapi-2.2.4 typeguard-4.4.4 typer-0.16.1 types-requests-2.32.4.20250809 typing-extensions-4.14.1 typing-inspect-0.9.0 typing-inspection-0.4.1 tzdata-2025.2 tzlocal-5.3.1 ujson-5.10.0 urllib3-2.5.0 uvicorn-0.35.0 uvloop-0.21.0 vine-5.1.0 watchdog-6.0.0 watchfiles-1.1.0 wcwidth-0.2.13 websockets-15.0.1 wrapt-1.17.3 yapf-0.43.0
2025-08-19T20:06:24.3175490Z Collecting keepa==1.3.15
2025-08-19T20:06:24.3190879Z   Using cached keepa-1.3.15-py3-none-any.whl.metadata (11 kB)
2025-08-19T20:06:24.3480174Z Collecting minio==7.1.15
2025-08-19T20:06:24.3494701Z   Using cached minio-7.1.15-py3-none-any.whl.metadata (4.2 kB)
2025-08-19T20:06:24.3519879Z Requirement already satisfied: numpy>=1.9.3 in /opt/hostedtoolcache/Python/3.11.13/x64/lib/python3.11/site-packages (from keepa==1.3.15) (1.26.4)
2025-08-19T20:06:24.3526356Z Requirement already satisfied: requests>=2.2 in /opt/hostedtoolcache/Python/3.11.13/x64/lib/python3.11/site-packages (from keepa==1.3.15) (2.32.4)
2025-08-19T20:06:24.3875842Z Collecting tqdm (from keepa==1.3.15)
2025-08-19T20:06:24.3890504Z   Using cached tqdm-4.67.1-py3-none-any.whl.metadata (57 kB)
2025-08-19T20:06:24.8896438Z Collecting aiohttp (from keepa==1.3.15)
2025-08-19T20:06:24.8913705Z   Using cached aiohttp-3.12.15-cp311-cp311-manylinux_2_17_x86_64.manylinux2014_x86_64.whl.metadata (7.7 kB)
2025-08-19T20:06:24.8944986Z Requirement already satisfied: pandas<=3.0 in /opt/hostedtoolcache/Python/3.11.13/x64/lib/python3.11/site-packages (from keepa==1.3.15) (2.2.3)
2025-08-19T20:06:24.8949815Z Requirement already satisfied: pydantic in /opt/hostedtoolcache/Python/3.11.13/x64/lib/python3.11/site-packages (from keepa==1.3.15) (2.11.7)
2025-08-19T20:06:24.8957766Z Requirement already satisfied: certifi in /opt/hostedtoolcache/Python/3.11.13/x64/lib/python3.11/site-packages (from minio==7.1.15) (2025.8.3)
2025-08-19T20:06:24.8961645Z Requirement already satisfied: urllib3 in /opt/hostedtoolcache/Python/3.11.13/x64/lib/python3.11/site-packages (from minio==7.1.15) (2.5.0)
2025-08-19T20:06:24.9008938Z Requirement already satisfied: python-dateutil>=2.8.2 in /opt/hostedtoolcache/Python/3.11.13/x64/lib/python3.11/site-packages (from pandas<=3.0->keepa==1.3.15) (2.9.0.post0)
2025-08-19T20:06:24.9014147Z Requirement already satisfied: pytz>=2020.1 in /opt/hostedtoolcache/Python/3.11.13/x64/lib/python3.11/site-packages (from pandas<=3.0->keepa==1.3.15) (2025.2)
2025-08-19T20:06:24.9019576Z Requirement already satisfied: tzdata>=2022.7 in /opt/hostedtoolcache/Python/3.11.13/x64/lib/python3.11/site-packages (from pandas<=3.0->keepa==1.3.15) (2025.2)
2025-08-19T20:06:24.9133912Z Requirement already satisfied: six>=1.5 in /opt/hostedtoolcache/Python/3.11.13/x64/lib/python3.11/site-packages (from python-dateutil>=2.8.2->pandas<=3.0->keepa==1.3.15) (1.17.0)
2025-08-19T20:06:24.9151232Z Requirement already satisfied: charset_normalizer<4,>=2 in /opt/hostedtoolcache/Python/3.11.13/x64/lib/python3.11/site-packages (from requests>=2.2->keepa==1.3.15) (3.4.3)
2025-08-19T20:06:24.9156385Z Requirement already satisfied: idna<4,>=2.5 in /opt/hostedtoolcache/Python/3.11.13/x64/lib/python3.11/site-packages (from requests>=2.2->keepa==1.3.15) (3.10)
2025-08-19T20:06:24.9378987Z Collecting aiohappyeyeballs>=2.5.0 (from aiohttp->keepa==1.3.15)
2025-08-19T20:06:24.9392534Z   Using cached aiohappyeyeballs-2.6.1-py3-none-any.whl.metadata (5.9 kB)
2025-08-19T20:06:24.9520211Z Collecting aiosignal>=1.4.0 (from aiohttp->keepa==1.3.15)
2025-08-19T20:06:24.9533352Z   Using cached aiosignal-1.4.0-py3-none-any.whl.metadata (3.7 kB)
2025-08-19T20:06:24.9713018Z Collecting attrs>=17.3.0 (from aiohttp->keepa==1.3.15)
2025-08-19T20:06:24.9726372Z   Using cached attrs-25.3.0-py3-none-any.whl.metadata (10 kB)
2025-08-19T20:06:25.0400583Z Collecting frozenlist>=1.1.1 (from aiohttp->keepa==1.3.15)
2025-08-19T20:06:25.0416826Z   Using cached frozenlist-1.7.0-cp311-cp311-manylinux_2_5_x86_64.manylinux1_x86_64.manylinux_2_17_x86_64.manylinux2014_x86_64.whl.metadata (18 kB)
2025-08-19T20:06:25.2612847Z Collecting multidict<7.0,>=4.5 (from aiohttp->keepa==1.3.15)
2025-08-19T20:06:25.2629388Z   Using cached multidict-6.6.4-cp311-cp311-manylinux2014_x86_64.manylinux_2_17_x86_64.manylinux_2_28_x86_64.whl.metadata (5.3 kB)
2025-08-19T20:06:25.3060312Z Collecting propcache>=0.2.0 (from aiohttp->keepa==1.3.15)
2025-08-19T20:06:25.3075018Z   Using cached propcache-0.3.2-cp311-cp311-manylinux_2_17_x86_64.manylinux2014_x86_64.whl.metadata (12 kB)
2025-08-19T20:06:25.5606783Z Collecting yarl<2.0,>=1.17.0 (from aiohttp->keepa==1.3.15)
2025-08-19T20:06:25.5622281Z   Using cached yarl-1.20.1-cp311-cp311-manylinux_2_17_x86_64.manylinux2014_x86_64.whl.metadata (73 kB)
2025-08-19T20:06:25.5817922Z Requirement already satisfied: typing-extensions>=4.2 in /opt/hostedtoolcache/Python/3.11.13/x64/lib/python3.11/site-packages (from aiosignal>=1.4.0->aiohttp->keepa==1.3.15) (4.14.1)
2025-08-19T20:06:25.5863328Z Requirement already satisfied: annotated-types>=0.6.0 in /opt/hostedtoolcache/Python/3.11.13/x64/lib/python3.11/site-packages (from pydantic->keepa==1.3.15) (0.7.0)
2025-08-19T20:06:25.5868499Z Requirement already satisfied: pydantic-core==2.33.2 in /opt/hostedtoolcache/Python/3.11.13/x64/lib/python3.11/site-packages (from pydantic->keepa==1.3.15) (2.33.2)
2025-08-19T20:06:25.5874115Z Requirement already satisfied: typing-inspection>=0.4.0 in /opt/hostedtoolcache/Python/3.11.13/x64/lib/python3.11/site-packages (from pydantic->keepa==1.3.15) (0.4.1)
2025-08-19T20:06:25.5932637Z Using cached keepa-1.3.15-py3-none-any.whl (38 kB)
2025-08-19T20:06:25.5946369Z Using cached minio-7.1.15-py3-none-any.whl (77 kB)
2025-08-19T20:06:25.5960218Z Using cached aiohttp-3.12.15-cp311-cp311-manylinux_2_17_x86_64.manylinux2014_x86_64.whl (1.7 MB)
2025-08-19T20:06:25.5986170Z Using cached multidict-6.6.4-cp311-cp311-manylinux2014_x86_64.manylinux_2_17_x86_64.manylinux_2_28_x86_64.whl (246 kB)
2025-08-19T20:06:25.6000477Z Using cached yarl-1.20.1-cp311-cp311-manylinux_2_17_x86_64.manylinux2014_x86_64.whl (348 kB)
2025-08-19T20:06:25.6015991Z Using cached aiohappyeyeballs-2.6.1-py3-none-any.whl (15 kB)
2025-08-19T20:06:25.6028891Z Using cached aiosignal-1.4.0-py3-none-any.whl (7.5 kB)
2025-08-19T20:06:25.6041634Z Using cached attrs-25.3.0-py3-none-any.whl (63 kB)
2025-08-19T20:06:25.6055552Z Using cached frozenlist-1.7.0-cp311-cp311-manylinux_2_5_x86_64.manylinux1_x86_64.manylinux_2_17_x86_64.manylinux2014_x86_64.whl (235 kB)
2025-08-19T20:06:25.6070037Z Using cached propcache-0.3.2-cp311-cp311-manylinux_2_17_x86_64.manylinux2014_x86_64.whl (213 kB)
2025-08-19T20:06:25.6084239Z Using cached tqdm-4.67.1-py3-none-any.whl (78 kB)
2025-08-19T20:06:25.7593645Z Installing collected packages: tqdm, propcache, multidict, minio, frozenlist, attrs, aiohappyeyeballs, yarl, aiosignal, aiohttp, keepa
2025-08-19T20:06:25.8272271Z   Attempting uninstall: minio
2025-08-19T20:06:25.8305326Z     Found existing installation: minio 7.2.16
2025-08-19T20:06:25.8339356Z     Uninstalling minio-7.2.16:
2025-08-19T20:06:25.8349125Z       Successfully uninstalled minio-7.2.16
2025-08-19T20:06:26.1643145Z 
2025-08-19T20:06:26.1700295Z Successfully installed aiohappyeyeballs-2.6.1 aiohttp-3.12.15 aiosignal-1.4.0 attrs-25.3.0 frozenlist-1.7.0 keepa-1.3.15 minio-7.1.15 multidict-6.6.4 propcache-0.3.2 tqdm-4.67.1 yarl-1.20.1
2025-08-19T20:06:26.3451882Z ##[group]Run sudo apt-get update
2025-08-19T20:06:26.3452202Z [36;1msudo apt-get update[0m
2025-08-19T20:06:26.3452477Z [36;1msudo apt-get install -y postgresql[0m
2025-08-19T20:06:26.3452950Z [36;1mecho "/usr/lib/postgresql/$(pg_config --version | cut -d' ' -f2 | cut -d'.' -f1,2)/bin" >> $GITHUB_PATH[0m
2025-08-19T20:06:26.3492737Z shell: /usr/bin/bash -e {0}
2025-08-19T20:06:26.3492971Z env:
2025-08-19T20:06:26.3493142Z   PG_USER: postgres
2025-08-19T20:06:26.3493348Z   PG_PASSWORD: pass
2025-08-19T20:06:26.3493543Z   PG_DATABASE: awa
2025-08-19T20:06:26.3493746Z   PG_HOST: localhost
2025-08-19T20:06:26.3493942Z   PG_PORT: 5432
2025-08-19T20:06:26.3494584Z   PG_SYNC_DSN: ***localhost:5432/awa
2025-08-19T20:06:26.3495013Z   PG_ASYNC_DSN: ***localhost:5432/awa
2025-08-19T20:06:26.3495413Z   DATABASE_URL: ***localhost:5432/awa
2025-08-19T20:06:26.3495656Z   DATA_DIR: /tmp/awa-data
2025-08-19T20:06:26.3495860Z   ENABLE_LIVE: 0
2025-08-19T20:06:26.3496044Z   TESTING: 1
2025-08-19T20:06:26.3496323Z   pythonLocation: /opt/hostedtoolcache/Python/3.11.13/x64
2025-08-19T20:06:26.3496722Z   PKG_CONFIG_PATH: /opt/hostedtoolcache/Python/3.11.13/x64/lib/pkgconfig
2025-08-19T20:06:26.3497104Z   Python_ROOT_DIR: /opt/hostedtoolcache/Python/3.11.13/x64
2025-08-19T20:06:26.3497454Z   Python2_ROOT_DIR: /opt/hostedtoolcache/Python/3.11.13/x64
2025-08-19T20:06:26.3497800Z   Python3_ROOT_DIR: /opt/hostedtoolcache/Python/3.11.13/x64
2025-08-19T20:06:26.3498151Z   LD_LIBRARY_PATH: /opt/hostedtoolcache/Python/3.11.13/x64/lib
2025-08-19T20:06:26.3498628Z ##[endgroup]
2025-08-19T20:06:26.4353095Z Get:1 file:/etc/apt/apt-mirrors.txt Mirrorlist [144 B]
2025-08-19T20:06:26.4736461Z Hit:6 https://packages.microsoft.com/repos/azure-cli noble InRelease
2025-08-19T20:06:26.4755759Z Hit:2 http://azure.archive.ubuntu.com/ubuntu noble InRelease
2025-08-19T20:06:26.4762228Z Get:7 https://packages.microsoft.com/ubuntu/24.04/prod noble InRelease [3600 B]
2025-08-19T20:06:26.4790635Z Get:3 http://azure.archive.ubuntu.com/ubuntu noble-updates InRelease [126 kB]
2025-08-19T20:06:26.4851472Z Get:4 http://azure.archive.ubuntu.com/ubuntu noble-backports InRelease [126 kB]
2025-08-19T20:06:26.4906956Z Get:5 http://azure.archive.ubuntu.com/ubuntu noble-security InRelease [126 kB]
2025-08-19T20:06:26.6599577Z Get:8 https://packages.microsoft.com/ubuntu/24.04/prod noble/main amd64 Packages [47.9 kB]
2025-08-19T20:06:26.6716987Z Get:9 https://packages.microsoft.com/ubuntu/24.04/prod noble/main arm64 Packages [33.1 kB]
2025-08-19T20:06:26.7055896Z Get:10 http://azure.archive.ubuntu.com/ubuntu noble-updates/main amd64 Packages [1337 kB]
2025-08-19T20:06:26.7137113Z Get:11 http://azure.archive.ubuntu.com/ubuntu noble-updates/main Translation-en [267 kB]
2025-08-19T20:06:26.7165315Z Get:12 http://azure.archive.ubuntu.com/ubuntu noble-updates/main amd64 Components [175 kB]
2025-08-19T20:06:26.7191212Z Get:13 http://azure.archive.ubuntu.com/ubuntu noble-updates/universe amd64 Packages [1122 kB]
2025-08-19T20:06:26.7275684Z Get:14 http://azure.archive.ubuntu.com/ubuntu noble-updates/universe Translation-en [288 kB]
2025-08-19T20:06:26.7284603Z Get:15 http://azure.archive.ubuntu.com/ubuntu noble-updates/universe amd64 Components [377 kB]
2025-08-19T20:06:26.7319015Z Get:16 http://azure.archive.ubuntu.com/ubuntu noble-updates/restricted amd64 Packages [1700 kB]
2025-08-19T20:06:26.7436045Z Get:17 http://azure.archive.ubuntu.com/ubuntu noble-updates/restricted Translation-en [375 kB]
2025-08-19T20:06:26.7465160Z Get:18 http://azure.archive.ubuntu.com/ubuntu noble-updates/restricted amd64 Components [212 B]
2025-08-19T20:06:26.7483481Z Get:19 http://azure.archive.ubuntu.com/ubuntu noble-updates/multiverse amd64 Components [940 B]
2025-08-19T20:06:26.8117581Z Get:20 http://azure.archive.ubuntu.com/ubuntu noble-backports/main amd64 Components [7088 B]
2025-08-19T20:06:26.8171747Z Get:21 http://azure.archive.ubuntu.com/ubuntu noble-backports/universe amd64 Packages [30.2 kB]
2025-08-19T20:06:26.8173416Z Get:22 http://azure.archive.ubuntu.com/ubuntu noble-backports/universe Translation-en [17.4 kB]
2025-08-19T20:06:26.8175824Z Get:23 http://azure.archive.ubuntu.com/ubuntu noble-backports/universe amd64 Components [19.2 kB]
2025-08-19T20:06:26.8177186Z Get:24 http://azure.archive.ubuntu.com/ubuntu noble-backports/restricted amd64 Components [216 B]
2025-08-19T20:06:26.8181380Z Get:25 http://azure.archive.ubuntu.com/ubuntu noble-backports/multiverse amd64 Components [212 B]
2025-08-19T20:06:26.8194112Z Get:26 http://azure.archive.ubuntu.com/ubuntu noble-security/main amd64 Packages [1075 kB]
2025-08-19T20:06:26.8260011Z Get:27 http://azure.archive.ubuntu.com/ubuntu noble-security/main Translation-en [186 kB]
2025-08-19T20:06:26.8280079Z Get:28 http://azure.archive.ubuntu.com/ubuntu noble-security/main amd64 Components [21.6 kB]
2025-08-19T20:06:26.8290990Z Get:29 http://azure.archive.ubuntu.com/ubuntu noble-security/universe amd64 Packages [879 kB]
2025-08-19T20:06:26.8347008Z Get:30 http://azure.archive.ubuntu.com/ubuntu noble-security/universe Translation-en [195 kB]
2025-08-19T20:06:26.8366846Z Get:31 http://azure.archive.ubuntu.com/ubuntu noble-security/universe amd64 Components [52.3 kB]
2025-08-19T20:06:26.8381598Z Get:32 http://azure.archive.ubuntu.com/ubuntu noble-security/restricted amd64 Packages [1610 kB]
2025-08-19T20:06:26.8465312Z Get:33 http://azure.archive.ubuntu.com/ubuntu noble-security/restricted Translation-en [357 kB]
2025-08-19T20:06:26.8913647Z Get:34 http://azure.archive.ubuntu.com/ubuntu noble-security/restricted amd64 Components [212 B]
2025-08-19T20:06:26.8923213Z Get:35 http://azure.archive.ubuntu.com/ubuntu noble-security/multiverse amd64 Components [212 B]
2025-08-19T20:06:33.5836469Z Fetched 10.6 MB in 1s (7898 kB/s)
2025-08-19T20:06:34.2706431Z Reading package lists...
2025-08-19T20:06:34.3020545Z Reading package lists...
2025-08-19T20:06:34.4551423Z Building dependency tree...
2025-08-19T20:06:34.4558396Z Reading state information...
2025-08-19T20:06:34.5953254Z Suggested packages:
2025-08-19T20:06:34.5953777Z   postgresql-doc
2025-08-19T20:06:34.6097043Z The following NEW packages will be installed:
2025-08-19T20:06:34.6097751Z   postgresql
2025-08-19T20:06:34.6264779Z 0 upgraded, 1 newly installed, 0 to remove and 39 not upgraded.
2025-08-19T20:06:34.6265269Z Need to get 11.6 kB of archives.
2025-08-19T20:06:34.6265936Z After this operation, 17.4 kB of additional disk space will be used.
2025-08-19T20:06:34.6266767Z Get:1 file:/etc/apt/apt-mirrors.txt Mirrorlist [144 B]
2025-08-19T20:06:34.6608282Z Get:2 http://azure.archive.ubuntu.com/ubuntu noble-updates/main amd64 postgresql all 16+257build1.1 [11.6 kB]
2025-08-19T20:06:34.9027867Z Fetched 11.6 kB in 0s (260 kB/s)
2025-08-19T20:06:34.9241147Z Selecting previously unselected package postgresql.
2025-08-19T20:06:34.9448623Z (Reading database ... 
2025-08-19T20:06:34.9449092Z (Reading database ... 5%
2025-08-19T20:06:34.9450237Z (Reading database ... 10%
2025-08-19T20:06:34.9450577Z (Reading database ... 15%
2025-08-19T20:06:34.9450825Z (Reading database ... 20%
2025-08-19T20:06:34.9451252Z (Reading database ... 25%
2025-08-19T20:06:34.9451640Z (Reading database ... 30%
2025-08-19T20:06:34.9451872Z (Reading database ... 35%
2025-08-19T20:06:34.9452084Z (Reading database ... 40%
2025-08-19T20:06:34.9452426Z (Reading database ... 45%
2025-08-19T20:06:34.9452779Z (Reading database ... 50%
2025-08-19T20:06:34.9636207Z (Reading database ... 55%
2025-08-19T20:06:34.9823343Z (Reading database ... 60%
2025-08-19T20:06:35.0041099Z (Reading database ... 65%
2025-08-19T20:06:35.0284189Z (Reading database ... 70%
2025-08-19T20:06:35.0463467Z (Reading database ... 75%
2025-08-19T20:06:35.0738725Z (Reading database ... 80%
2025-08-19T20:06:35.1179405Z (Reading database ... 85%
2025-08-19T20:06:35.1801992Z (Reading database ... 90%
2025-08-19T20:06:35.2185109Z (Reading database ... 95%
2025-08-19T20:06:35.2185528Z (Reading database ... 100%
2025-08-19T20:06:35.2186008Z (Reading database ... 219881 files and directories currently installed.)
2025-08-19T20:06:35.2227279Z Preparing to unpack .../postgresql_16+257build1.1_all.deb ...
2025-08-19T20:06:35.2249128Z Unpacking postgresql (16+257build1.1) ...
2025-08-19T20:06:35.2617410Z Setting up postgresql (16+257build1.1) ...
2025-08-19T20:06:35.8737457Z 
2025-08-19T20:06:35.8738247Z Running kernel seems to be up-to-date.
2025-08-19T20:06:35.8738610Z 
2025-08-19T20:06:35.8738740Z Restarting services...
2025-08-19T20:06:35.8806605Z 
2025-08-19T20:06:35.8806944Z Service restarts being deferred:
2025-08-19T20:06:35.8808954Z  systemctl restart hosted-compute-agent.service
2025-08-19T20:06:35.8809358Z 
2025-08-19T20:06:35.8809594Z No containers need to be restarted.
2025-08-19T20:06:35.8809899Z 
2025-08-19T20:06:35.8810126Z No user sessions are running outdated binaries.
2025-08-19T20:06:35.8810457Z 
2025-08-19T20:06:35.8810780Z No VM guests are running outdated hypervisor (qemu) binaries on this host.
2025-08-19T20:06:36.8311275Z ##[group]Run pytest tests/db -q --cov=services --cov-append --cov-fail-under=0
2025-08-19T20:06:36.8311829Z [36;1mpytest tests/db -q --cov=services --cov-append --cov-fail-under=0[0m
2025-08-19T20:06:36.8351729Z shell: /usr/bin/bash -e {0}
2025-08-19T20:06:36.8351972Z env:
2025-08-19T20:06:36.8352157Z   PG_USER: postgres
2025-08-19T20:06:36.8352358Z   PG_PASSWORD: pass
2025-08-19T20:06:36.8352550Z   PG_DATABASE: awa
2025-08-19T20:06:36.8352740Z   PG_HOST: localhost
2025-08-19T20:06:36.8352939Z   PG_PORT: 5432
2025-08-19T20:06:36.8353413Z   PG_SYNC_DSN: ***localhost:5432/awa
2025-08-19T20:06:36.8353828Z   PG_ASYNC_DSN: ***localhost:5432/awa
2025-08-19T20:06:36.8354227Z   DATABASE_URL: ***localhost:5432/awa
2025-08-19T20:06:36.8354848Z   DATA_DIR: /tmp/awa-data
2025-08-19T20:06:36.8355063Z   ENABLE_LIVE: 0
2025-08-19T20:06:36.8355247Z   TESTING: 1
2025-08-19T20:06:36.8355488Z   pythonLocation: /opt/hostedtoolcache/Python/3.11.13/x64
2025-08-19T20:06:36.8355937Z   PKG_CONFIG_PATH: /opt/hostedtoolcache/Python/3.11.13/x64/lib/pkgconfig
2025-08-19T20:06:36.8356327Z   Python_ROOT_DIR: /opt/hostedtoolcache/Python/3.11.13/x64
2025-08-19T20:06:36.8356680Z   Python2_ROOT_DIR: /opt/hostedtoolcache/Python/3.11.13/x64
2025-08-19T20:06:36.8357024Z   Python3_ROOT_DIR: /opt/hostedtoolcache/Python/3.11.13/x64
2025-08-19T20:06:36.8357372Z   LD_LIBRARY_PATH: /opt/hostedtoolcache/Python/3.11.13/x64/lib
2025-08-19T20:06:36.8357669Z ##[endgroup]
2025-08-19T20:06:39.9270250Z /opt/hostedtoolcache/Python/3.11.13/x64/lib/python3.11/site-packages/coverage/report_core.py:118: CoverageWarning: Couldn't parse '/home/runner/work/AWA-App/AWA-App/C:\Users\Alexey\Documents\GitHub\AWA-App\services\__init__.py': No source for code: '/home/runner/work/AWA-App/AWA-App/C:\Users\Alexey\Documents\GitHub\AWA-App\services\__init__.py'. (couldnt-parse)
2025-08-19T20:06:39.9272860Z   coverage._warn(msg, slug="couldnt-parse")
2025-08-19T20:06:39.9275632Z /opt/hostedtoolcache/Python/3.11.13/x64/lib/python3.11/site-packages/coverage/report_core.py:118: CoverageWarning: Couldn't parse '/home/runner/work/AWA-App/AWA-App/C:\Users\Alexey\Documents\GitHub\AWA-App\services\alert_bot\__init__.py': No source for code: '/home/runner/work/AWA-App/AWA-App/C:\Users\Alexey\Documents\GitHub\AWA-App\services\alert_bot\__init__.py'. (couldnt-parse)
2025-08-19T20:06:39.9278196Z   coverage._warn(msg, slug="couldnt-parse")
2025-08-19T20:06:39.9280804Z /opt/hostedtoolcache/Python/3.11.13/x64/lib/python3.11/site-packages/coverage/report_core.py:118: CoverageWarning: Couldn't parse '/home/runner/work/AWA-App/AWA-App/C:\Users\Alexey\Documents\GitHub\AWA-App\services\alert_bot\alert_bot.py': No source for code: '/home/runner/work/AWA-App/AWA-App/C:\Users\Alexey\Documents\GitHub\AWA-App\services\alert_bot\alert_bot.py'. (couldnt-parse)
2025-08-19T20:06:39.9283409Z   coverage._warn(msg, slug="couldnt-parse")
2025-08-19T20:06:39.9286280Z /opt/hostedtoolcache/Python/3.11.13/x64/lib/python3.11/site-packages/coverage/report_core.py:118: CoverageWarning: Couldn't parse '/home/runner/work/AWA-App/AWA-App/C:\Users\Alexey\Documents\GitHub\AWA-App\services\alert_bot\rules\__init__.py': No source for code: '/home/runner/work/AWA-App/AWA-App/C:\Users\Alexey\Documents\GitHub\AWA-App\services\alert_bot\rules\__init__.py'. (couldnt-parse)
2025-08-19T20:06:39.9288905Z   coverage._warn(msg, slug="couldnt-parse")
2025-08-19T20:06:39.9291413Z /opt/hostedtoolcache/Python/3.11.13/x64/lib/python3.11/site-packages/coverage/report_core.py:118: CoverageWarning: Couldn't parse '/home/runner/work/AWA-App/AWA-App/C:\Users\Alexey\Documents\GitHub\AWA-App\services\api\__init__.py': No source for code: '/home/runner/work/AWA-App/AWA-App/C:\Users\Alexey\Documents\GitHub\AWA-App\services\api\__init__.py'. (couldnt-parse)
2025-08-19T20:06:39.9293946Z   coverage._warn(msg, slug="couldnt-parse")
2025-08-19T20:06:39.9297120Z /opt/hostedtoolcache/Python/3.11.13/x64/lib/python3.11/site-packages/coverage/report_core.py:118: CoverageWarning: Couldn't parse '/home/runner/work/AWA-App/AWA-App/C:\Users\Alexey\Documents\GitHub\AWA-App\services\api\config.py': No source for code: '/home/runner/work/AWA-App/AWA-App/C:\Users\Alexey\Documents\GitHub\AWA-App\services\api\config.py'. (couldnt-parse)
2025-08-19T20:06:39.9299820Z   coverage._warn(msg, slug="couldnt-parse")
2025-08-19T20:06:39.9302235Z /opt/hostedtoolcache/Python/3.11.13/x64/lib/python3.11/site-packages/coverage/report_core.py:118: CoverageWarning: Couldn't parse '/home/runner/work/AWA-App/AWA-App/C:\Users\Alexey\Documents\GitHub\AWA-App\services\api\db.py': No source for code: '/home/runner/work/AWA-App/AWA-App/C:\Users\Alexey\Documents\GitHub\AWA-App\services\api\db.py'. (couldnt-parse)
2025-08-19T20:06:39.9304863Z   coverage._warn(msg, slug="couldnt-parse")
2025-08-19T20:06:39.9307688Z /opt/hostedtoolcache/Python/3.11.13/x64/lib/python3.11/site-packages/coverage/report_core.py:118: CoverageWarning: Couldn't parse '/home/runner/work/AWA-App/AWA-App/C:\Users\Alexey\Documents\GitHub\AWA-App\services\api\main.py': No source for code: '/home/runner/work/AWA-App/AWA-App/C:\Users\Alexey\Documents\GitHub\AWA-App\services\api\main.py'. (couldnt-parse)
2025-08-19T20:06:39.9310166Z   coverage._warn(msg, slug="couldnt-parse")
2025-08-19T20:06:39.9312705Z /opt/hostedtoolcache/Python/3.11.13/x64/lib/python3.11/site-packages/coverage/report_core.py:118: CoverageWarning: Couldn't parse '/home/runner/work/AWA-App/AWA-App/C:\Users\Alexey\Documents\GitHub\AWA-App\services\api\models\__init__.py': No source for code: '/home/runner/work/AWA-App/AWA-App/C:\Users\Alexey\Documents\GitHub\AWA-App\services\api\models\__init__.py'. (couldnt-parse)
2025-08-19T20:06:39.9315459Z   coverage._warn(msg, slug="couldnt-parse")
2025-08-19T20:06:39.9317975Z /opt/hostedtoolcache/Python/3.11.13/x64/lib/python3.11/site-packages/coverage/report_core.py:118: CoverageWarning: Couldn't parse '/home/runner/work/AWA-App/AWA-App/C:\Users\Alexey\Documents\GitHub\AWA-App\services\api\models\fee.py': No source for code: '/home/runner/work/AWA-App/AWA-App/C:\Users\Alexey\Documents\GitHub\AWA-App\services\api\models\fee.py'. (couldnt-parse)
2025-08-19T20:06:39.9320544Z   coverage._warn(msg, slug="couldnt-parse")
2025-08-19T20:06:39.9323107Z /opt/hostedtoolcache/Python/3.11.13/x64/lib/python3.11/site-packages/coverage/report_core.py:118: CoverageWarning: Couldn't parse '/home/runner/work/AWA-App/AWA-App/C:\Users\Alexey\Documents\GitHub\AWA-App\services\api\roi_repository.py': No source for code: '/home/runner/work/AWA-App/AWA-App/C:\Users\Alexey\Documents\GitHub\AWA-App\services\api\roi_repository.py'. (couldnt-parse)
2025-08-19T20:06:39.9325875Z   coverage._warn(msg, slug="couldnt-parse")
2025-08-19T20:06:39.9328428Z /opt/hostedtoolcache/Python/3.11.13/x64/lib/python3.11/site-packages/coverage/report_core.py:118: CoverageWarning: Couldn't parse '/home/runner/work/AWA-App/AWA-App/C:\Users\Alexey\Documents\GitHub\AWA-App\services\api\routes\__init__.py': No source for code: '/home/runner/work/AWA-App/AWA-App/C:\Users\Alexey\Documents\GitHub\AWA-App\services\api\routes\__init__.py'. (couldnt-parse)
2025-08-19T20:06:39.9331019Z   coverage._warn(msg, slug="couldnt-parse")
2025-08-19T20:06:39.9333580Z /opt/hostedtoolcache/Python/3.11.13/x64/lib/python3.11/site-packages/coverage/report_core.py:118: CoverageWarning: Couldn't parse '/home/runner/work/AWA-App/AWA-App/C:\Users\Alexey\Documents\GitHub\AWA-App\services\api\routes\health.py': No source for code: '/home/runner/work/AWA-App/AWA-App/C:\Users\Alexey\Documents\GitHub\AWA-App\services\api\routes\health.py'. (couldnt-parse)
2025-08-19T20:06:39.9336312Z   coverage._warn(msg, slug="couldnt-parse")
2025-08-19T20:06:39.9338903Z /opt/hostedtoolcache/Python/3.11.13/x64/lib/python3.11/site-packages/coverage/report_core.py:118: CoverageWarning: Couldn't parse '/home/runner/work/AWA-App/AWA-App/C:\Users\Alexey\Documents\GitHub\AWA-App\services\api\routes\repository.py': No source for code: '/home/runner/work/AWA-App/AWA-App/C:\Users\Alexey\Documents\GitHub\AWA-App\services\api\routes\repository.py'. (couldnt-parse)
2025-08-19T20:06:39.9341774Z   coverage._warn(msg, slug="couldnt-parse")
2025-08-19T20:06:39.9344472Z /opt/hostedtoolcache/Python/3.11.13/x64/lib/python3.11/site-packages/coverage/report_core.py:118: CoverageWarning: Couldn't parse '/home/runner/work/AWA-App/AWA-App/C:\Users\Alexey\Documents\GitHub\AWA-App\services\api\routes\roi.py': No source for code: '/home/runner/work/AWA-App/AWA-App/C:\Users\Alexey\Documents\GitHub\AWA-App\services\api\routes\roi.py'. (couldnt-parse)
2025-08-19T20:06:39.9347032Z   coverage._warn(msg, slug="couldnt-parse")
2025-08-19T20:06:39.9349551Z /opt/hostedtoolcache/Python/3.11.13/x64/lib/python3.11/site-packages/coverage/report_core.py:118: CoverageWarning: Couldn't parse '/home/runner/work/AWA-App/AWA-App/C:\Users\Alexey\Documents\GitHub\AWA-App\services\api\routes\stats.py': No source for code: '/home/runner/work/AWA-App/AWA-App/C:\Users\Alexey\Documents\GitHub\AWA-App\services\api\routes\stats.py'. (couldnt-parse)
2025-08-19T20:06:39.9352333Z   coverage._warn(msg, slug="couldnt-parse")
2025-08-19T20:06:39.9355006Z /opt/hostedtoolcache/Python/3.11.13/x64/lib/python3.11/site-packages/coverage/report_core.py:118: CoverageWarning: Couldn't parse '/home/runner/work/AWA-App/AWA-App/C:\Users\Alexey\Documents\GitHub\AWA-App\services\common\__init__.py': No source for code: '/home/runner/work/AWA-App/AWA-App/C:\Users\Alexey\Documents\GitHub\AWA-App\services\common\__init__.py'. (couldnt-parse)
2025-08-19T20:06:39.9357534Z   coverage._warn(msg, slug="couldnt-parse")
2025-08-19T20:06:39.9360018Z /opt/hostedtoolcache/Python/3.11.13/x64/lib/python3.11/site-packages/coverage/report_core.py:118: CoverageWarning: Couldn't parse '/home/runner/work/AWA-App/AWA-App/C:\Users\Alexey\Documents\GitHub\AWA-App\services\common\base.py': No source for code: '/home/runner/work/AWA-App/AWA-App/C:\Users\Alexey\Documents\GitHub\AWA-App\services\common\base.py'. (couldnt-parse)
2025-08-19T20:06:39.9362496Z   coverage._warn(msg, slug="couldnt-parse")
2025-08-19T20:06:39.9365166Z /opt/hostedtoolcache/Python/3.11.13/x64/lib/python3.11/site-packages/coverage/report_core.py:118: CoverageWarning: Couldn't parse '/home/runner/work/AWA-App/AWA-App/C:\Users\Alexey\Documents\GitHub\AWA-App\services\common\config.py': No source for code: '/home/runner/work/AWA-App/AWA-App/C:\Users\Alexey\Documents\GitHub\AWA-App\services\common\config.py'. (couldnt-parse)
2025-08-19T20:06:39.9367679Z   coverage._warn(msg, slug="couldnt-parse")
2025-08-19T20:06:39.9370150Z /opt/hostedtoolcache/Python/3.11.13/x64/lib/python3.11/site-packages/coverage/report_core.py:118: CoverageWarning: Couldn't parse '/home/runner/work/AWA-App/AWA-App/C:\Users\Alexey\Documents\GitHub\AWA-App\services\common\db.py': No source for code: '/home/runner/work/AWA-App/AWA-App/C:\Users\Alexey\Documents\GitHub\AWA-App\services\common\db.py'. (couldnt-parse)
2025-08-19T20:06:39.9372637Z   coverage._warn(msg, slug="couldnt-parse")
2025-08-19T20:06:39.9375276Z /opt/hostedtoolcache/Python/3.11.13/x64/lib/python3.11/site-packages/coverage/report_core.py:118: CoverageWarning: Couldn't parse '/home/runner/work/AWA-App/AWA-App/C:\Users\Alexey\Documents\GitHub\AWA-App\services\common\db_url.py': No source for code: '/home/runner/work/AWA-App/AWA-App/C:\Users\Alexey\Documents\GitHub\AWA-App\services\common\db_url.py'. (couldnt-parse)
2025-08-19T20:06:39.9377785Z   coverage._warn(msg, slug="couldnt-parse")
2025-08-19T20:06:39.9380217Z /opt/hostedtoolcache/Python/3.11.13/x64/lib/python3.11/site-packages/coverage/report_core.py:118: CoverageWarning: Couldn't parse '/home/runner/work/AWA-App/AWA-App/C:\Users\Alexey\Documents\GitHub\AWA-App\services\common\dsn.py': No source for code: '/home/runner/work/AWA-App/AWA-App/C:\Users\Alexey\Documents\GitHub\AWA-App\services\common\dsn.py'. (couldnt-parse)
2025-08-19T20:06:39.9382702Z   coverage._warn(msg, slug="couldnt-parse")
2025-08-19T20:06:39.9385580Z /opt/hostedtoolcache/Python/3.11.13/x64/lib/python3.11/site-packages/coverage/report_core.py:118: CoverageWarning: Couldn't parse '/home/runner/work/AWA-App/AWA-App/C:\Users\Alexey\Documents\GitHub\AWA-App\services\common\keepa.py': No source for code: '/home/runner/work/AWA-App/AWA-App/C:\Users\Alexey\Documents\GitHub\AWA-App\services\common\keepa.py'. (couldnt-parse)
2025-08-19T20:06:39.9388156Z   coverage._warn(msg, slug="couldnt-parse")
2025-08-19T20:06:39.9390613Z /opt/hostedtoolcache/Python/3.11.13/x64/lib/python3.11/site-packages/coverage/report_core.py:118: CoverageWarning: Couldn't parse '/home/runner/work/AWA-App/AWA-App/C:\Users\Alexey\Documents\GitHub\AWA-App\services\common\llm.py': No source for code: '/home/runner/work/AWA-App/AWA-App/C:\Users\Alexey\Documents\GitHub\AWA-App\services\common\llm.py'. (couldnt-parse)
2025-08-19T20:06:39.9393089Z   coverage._warn(msg, slug="couldnt-parse")
2025-08-19T20:06:39.9395860Z /opt/hostedtoolcache/Python/3.11.13/x64/lib/python3.11/site-packages/coverage/report_core.py:118: CoverageWarning: Couldn't parse '/home/runner/work/AWA-App/AWA-App/C:\Users\Alexey\Documents\GitHub\AWA-App\services\common\models_vendor.py': No source for code: '/home/runner/work/AWA-App/AWA-App/C:\Users\Alexey\Documents\GitHub\AWA-App\services\common\models_vendor.py'. (couldnt-parse)
2025-08-19T20:06:39.9398690Z   coverage._warn(msg, slug="couldnt-parse")
2025-08-19T20:06:39.9401216Z /opt/hostedtoolcache/Python/3.11.13/x64/lib/python3.11/site-packages/coverage/report_core.py:118: CoverageWarning: Couldn't parse '/home/runner/work/AWA-App/AWA-App/C:\Users\Alexey\Documents\GitHub\AWA-App\services\common\settings.py': No source for code: '/home/runner/work/AWA-App/AWA-App/C:\Users\Alexey\Documents\GitHub\AWA-App\services\common\settings.py'. (couldnt-parse)
2025-08-19T20:06:39.9403766Z   coverage._warn(msg, slug="couldnt-parse")
2025-08-19T20:06:39.9406380Z /opt/hostedtoolcache/Python/3.11.13/x64/lib/python3.11/site-packages/coverage/report_core.py:118: CoverageWarning: Couldn't parse '/home/runner/work/AWA-App/AWA-App/C:\Users\Alexey\Documents\GitHub\AWA-App\services\db\__init__.py': No source for code: '/home/runner/work/AWA-App/AWA-App/C:\Users\Alexey\Documents\GitHub\AWA-App\services\db\__init__.py'. (couldnt-parse)
2025-08-19T20:06:39.9408873Z   coverage._warn(msg, slug="couldnt-parse")
2025-08-19T20:06:39.9411355Z /opt/hostedtoolcache/Python/3.11.13/x64/lib/python3.11/site-packages/coverage/report_core.py:118: CoverageWarning: Couldn't parse '/home/runner/work/AWA-App/AWA-App/C:\Users\Alexey\Documents\GitHub\AWA-App\services\db\utils\__init__.py': No source for code: '/home/runner/work/AWA-App/AWA-App/C:\Users\Alexey\Documents\GitHub\AWA-App\services\db\utils\__init__.py'. (couldnt-parse)
2025-08-19T20:06:39.9413873Z   coverage._warn(msg, slug="couldnt-parse")
2025-08-19T20:06:39.9416534Z /opt/hostedtoolcache/Python/3.11.13/x64/lib/python3.11/site-packages/coverage/report_core.py:118: CoverageWarning: Couldn't parse '/home/runner/work/AWA-App/AWA-App/C:\Users\Alexey\Documents\GitHub\AWA-App\services\db\utils\views.py': No source for code: '/home/runner/work/AWA-App/AWA-App/C:\Users\Alexey\Documents\GitHub\AWA-App\services\db\utils\views.py'. (couldnt-parse)
2025-08-19T20:06:39.9419076Z   coverage._warn(msg, slug="couldnt-parse")
2025-08-19T20:06:39.9421607Z /opt/hostedtoolcache/Python/3.11.13/x64/lib/python3.11/site-packages/coverage/report_core.py:118: CoverageWarning: Couldn't parse '/home/runner/work/AWA-App/AWA-App/C:\Users\Alexey\Documents\GitHub\AWA-App\services\emailer\__init__.py': No source for code: '/home/runner/work/AWA-App/AWA-App/C:\Users\Alexey\Documents\GitHub\AWA-App\services\emailer\__init__.py'. (couldnt-parse)
2025-08-19T20:06:39.9424135Z   coverage._warn(msg, slug="couldnt-parse")
2025-08-19T20:06:39.9426901Z /opt/hostedtoolcache/Python/3.11.13/x64/lib/python3.11/site-packages/coverage/report_core.py:118: CoverageWarning: Couldn't parse '/home/runner/work/AWA-App/AWA-App/C:\Users\Alexey\Documents\GitHub\AWA-App\services\emailer\generate_body.py': No source for code: '/home/runner/work/AWA-App/AWA-App/C:\Users\Alexey\Documents\GitHub\AWA-App\services\emailer\generate_body.py'. (couldnt-parse)
2025-08-19T20:06:39.9429535Z   coverage._warn(msg, slug="couldnt-parse")
2025-08-19T20:06:39.9432258Z /opt/hostedtoolcache/Python/3.11.13/x64/lib/python3.11/site-packages/coverage/report_core.py:118: CoverageWarning: Couldn't parse '/home/runner/work/AWA-App/AWA-App/C:\Users\Alexey\Documents\GitHub\AWA-App\services\etl\__init__.py': No source for code: '/home/runner/work/AWA-App/AWA-App/C:\Users\Alexey\Documents\GitHub\AWA-App\services\etl\__init__.py'. (couldnt-parse)
2025-08-19T20:06:39.9434930Z   coverage._warn(msg, slug="couldnt-parse")
2025-08-19T20:06:39.9437325Z /opt/hostedtoolcache/Python/3.11.13/x64/lib/python3.11/site-packages/coverage/report_core.py:118: CoverageWarning: Couldn't parse '/home/runner/work/AWA-App/AWA-App/C:\Users\Alexey\Documents\GitHub\AWA-App\services\etl\db.py': No source for code: '/home/runner/work/AWA-App/AWA-App/C:\Users\Alexey\Documents\GitHub\AWA-App\services\etl\db.py'. (couldnt-parse)
2025-08-19T20:06:39.9439994Z   coverage._warn(msg, slug="couldnt-parse")
2025-08-19T20:06:39.9442570Z /opt/hostedtoolcache/Python/3.11.13/x64/lib/python3.11/site-packages/coverage/report_core.py:118: CoverageWarning: Couldn't parse '/home/runner/work/AWA-App/AWA-App/C:\Users\Alexey\Documents\GitHub\AWA-App\services\etl\dialects\__init__.py': No source for code: '/home/runner/work/AWA-App/AWA-App/C:\Users\Alexey\Documents\GitHub\AWA-App\services\etl\dialects\__init__.py'. (couldnt-parse)
2025-08-19T20:06:39.9445320Z   coverage._warn(msg, slug="couldnt-parse")
2025-08-19T20:06:39.9448075Z /opt/hostedtoolcache/Python/3.11.13/x64/lib/python3.11/site-packages/coverage/report_core.py:118: CoverageWarning: Couldn't parse '/home/runner/work/AWA-App/AWA-App/C:\Users\Alexey\Documents\GitHub\AWA-App\services\etl\dialects\amazon_reimbursements.py': No source for code: '/home/runner/work/AWA-App/AWA-App/C:\Users\Alexey\Documents\GitHub\AWA-App\services\etl\dialects\amazon_reimbursements.py'. (couldnt-parse)
2025-08-19T20:06:39.9450855Z   coverage._warn(msg, slug="couldnt-parse")
2025-08-19T20:06:39.9453520Z /opt/hostedtoolcache/Python/3.11.13/x64/lib/python3.11/site-packages/coverage/report_core.py:118: CoverageWarning: Couldn't parse '/home/runner/work/AWA-App/AWA-App/C:\Users\Alexey\Documents\GitHub\AWA-App\services\etl\dialects\amazon_returns.py': No source for code: '/home/runner/work/AWA-App/AWA-App/C:\Users\Alexey\Documents\GitHub\AWA-App\services\etl\dialects\amazon_returns.py'. (couldnt-parse)
2025-08-19T20:06:39.9456439Z   coverage._warn(msg, slug="couldnt-parse")
2025-08-19T20:06:39.9459012Z /opt/hostedtoolcache/Python/3.11.13/x64/lib/python3.11/site-packages/coverage/report_core.py:118: CoverageWarning: Couldn't parse '/home/runner/work/AWA-App/AWA-App/C:\Users\Alexey\Documents\GitHub\AWA-App\services\etl\fba_fee_ingestor.py': No source for code: '/home/runner/work/AWA-App/AWA-App/C:\Users\Alexey\Documents\GitHub\AWA-App\services\etl\fba_fee_ingestor.py'. (couldnt-parse)
2025-08-19T20:06:39.9461618Z   coverage._warn(msg, slug="couldnt-parse")
2025-08-19T20:06:39.9464174Z /opt/hostedtoolcache/Python/3.11.13/x64/lib/python3.11/site-packages/coverage/report_core.py:118: CoverageWarning: Couldn't parse '/home/runner/work/AWA-App/AWA-App/C:\Users\Alexey\Documents\GitHub\AWA-App\services\etl\keepa_ingestor.py': No source for code: '/home/runner/work/AWA-App/AWA-App/C:\Users\Alexey\Documents\GitHub\AWA-App\services\etl\keepa_ingestor.py'. (couldnt-parse)
2025-08-19T20:06:39.9466920Z   coverage._warn(msg, slug="couldnt-parse")
2025-08-19T20:06:39.9469470Z /opt/hostedtoolcache/Python/3.11.13/x64/lib/python3.11/site-packages/coverage/report_core.py:118: CoverageWarning: Couldn't parse '/home/runner/work/AWA-App/AWA-App/C:\Users\Alexey\Documents\GitHub\AWA-App\services\etl\sp_fees_ingestor.py': No source for code: '/home/runner/work/AWA-App/AWA-App/C:\Users\Alexey\Documents\GitHub\AWA-App\services\etl\sp_fees_ingestor.py'. (couldnt-parse)
2025-08-19T20:06:39.9472068Z   coverage._warn(msg, slug="couldnt-parse")
2025-08-19T20:06:39.9474994Z /opt/hostedtoolcache/Python/3.11.13/x64/lib/python3.11/site-packages/coverage/report_core.py:118: CoverageWarning: Couldn't parse '/home/runner/work/AWA-App/AWA-App/C:\Users\Alexey\Documents\GitHub\AWA-App\services\fees_h10\__init__.py': No source for code: '/home/runner/work/AWA-App/AWA-App/C:\Users\Alexey\Documents\GitHub\AWA-App\services\fees_h10\__init__.py'. (couldnt-parse)
2025-08-19T20:06:39.9477537Z   coverage._warn(msg, slug="couldnt-parse")
2025-08-19T20:06:39.9480065Z /opt/hostedtoolcache/Python/3.11.13/x64/lib/python3.11/site-packages/coverage/report_core.py:118: CoverageWarning: Couldn't parse '/home/runner/work/AWA-App/AWA-App/C:\Users\Alexey\Documents\GitHub\AWA-App\services\fees_h10\client.py': No source for code: '/home/runner/work/AWA-App/AWA-App/C:\Users\Alexey\Documents\GitHub\AWA-App\services\fees_h10\client.py'. (couldnt-parse)
2025-08-19T20:06:39.9482605Z   coverage._warn(msg, slug="couldnt-parse")
2025-08-19T20:06:39.9485608Z /opt/hostedtoolcache/Python/3.11.13/x64/lib/python3.11/site-packages/coverage/report_core.py:118: CoverageWarning: Couldn't parse '/home/runner/work/AWA-App/AWA-App/C:\Users\Alexey\Documents\GitHub\AWA-App\services\fees_h10\repository.py': No source for code: '/home/runner/work/AWA-App/AWA-App/C:\Users\Alexey\Documents\GitHub\AWA-App\services\fees_h10\repository.py'. (couldnt-parse)
2025-08-19T20:06:39.9488256Z   coverage._warn(msg, slug="couldnt-parse")
2025-08-19T20:06:39.9490762Z /opt/hostedtoolcache/Python/3.11.13/x64/lib/python3.11/site-packages/coverage/report_core.py:118: CoverageWarning: Couldn't parse '/home/runner/work/AWA-App/AWA-App/C:\Users\Alexey\Documents\GitHub\AWA-App\services\fees_h10\worker.py': No source for code: '/home/runner/work/AWA-App/AWA-App/C:\Users\Alexey\Documents\GitHub\AWA-App\services\fees_h10\worker.py'. (couldnt-parse)
2025-08-19T20:06:39.9493308Z   coverage._warn(msg, slug="couldnt-parse")
2025-08-19T20:06:39.9496002Z /opt/hostedtoolcache/Python/3.11.13/x64/lib/python3.11/site-packages/coverage/report_core.py:118: CoverageWarning: Couldn't parse '/home/runner/work/AWA-App/AWA-App/C:\Users\Alexey\Documents\GitHub\AWA-App\services\ingest\__init__.py': No source for code: '/home/runner/work/AWA-App/AWA-App/C:\Users\Alexey\Documents\GitHub\AWA-App\services\ingest\__init__.py'. (couldnt-parse)
2025-08-19T20:06:39.9498568Z   coverage._warn(msg, slug="couldnt-parse")
2025-08-19T20:06:39.9501154Z /opt/hostedtoolcache/Python/3.11.13/x64/lib/python3.11/site-packages/coverage/report_core.py:118: CoverageWarning: Couldn't parse '/home/runner/work/AWA-App/AWA-App/C:\Users\Alexey\Documents\GitHub\AWA-App\services\ingest\email_watcher.py': No source for code: '/home/runner/work/AWA-App/AWA-App/C:\Users\Alexey\Documents\GitHub\AWA-App\services\ingest\email_watcher.py'. (couldnt-parse)
2025-08-19T20:06:39.9503742Z   coverage._warn(msg, slug="couldnt-parse")
2025-08-19T20:06:39.9506493Z /opt/hostedtoolcache/Python/3.11.13/x64/lib/python3.11/site-packages/coverage/report_core.py:118: CoverageWarning: Couldn't parse '/home/runner/work/AWA-App/AWA-App/C:\Users\Alexey\Documents\GitHub\AWA-App\services\ingest\ingest_router.py': No source for code: '/home/runner/work/AWA-App/AWA-App/C:\Users\Alexey\Documents\GitHub\AWA-App\services\ingest\ingest_router.py'. (couldnt-parse)
2025-08-19T20:06:39.9509095Z   coverage._warn(msg, slug="couldnt-parse")
2025-08-19T20:06:39.9511706Z /opt/hostedtoolcache/Python/3.11.13/x64/lib/python3.11/site-packages/coverage/report_core.py:118: CoverageWarning: Couldn't parse '/home/runner/work/AWA-App/AWA-App/C:\Users\Alexey\Documents\GitHub\AWA-App\services\ingest\upload_router.py': No source for code: '/home/runner/work/AWA-App/AWA-App/C:\Users\Alexey\Documents\GitHub\AWA-App\services\ingest\upload_router.py'. (couldnt-parse)
2025-08-19T20:06:39.9514474Z   coverage._warn(msg, slug="couldnt-parse")
2025-08-19T20:06:39.9517029Z /opt/hostedtoolcache/Python/3.11.13/x64/lib/python3.11/site-packages/coverage/report_core.py:118: CoverageWarning: Couldn't parse '/home/runner/work/AWA-App/AWA-App/C:\Users\Alexey\Documents\GitHub\AWA-App\services\llm_server\__init__.py': No source for code: '/home/runner/work/AWA-App/AWA-App/C:\Users\Alexey\Documents\GitHub\AWA-App\services\llm_server\__init__.py'. (couldnt-parse)
2025-08-19T20:06:39.9519830Z   coverage._warn(msg, slug="couldnt-parse")
2025-08-19T20:06:39.9522331Z /opt/hostedtoolcache/Python/3.11.13/x64/lib/python3.11/site-packages/coverage/report_core.py:118: CoverageWarning: Couldn't parse '/home/runner/work/AWA-App/AWA-App/C:\Users\Alexey\Documents\GitHub\AWA-App\services\llm_server\app.py': No source for code: '/home/runner/work/AWA-App/AWA-App/C:\Users\Alexey\Documents\GitHub\AWA-App\services\llm_server\app.py'. (couldnt-parse)
2025-08-19T20:06:39.9525115Z   coverage._warn(msg, slug="couldnt-parse")
2025-08-19T20:06:39.9527702Z /opt/hostedtoolcache/Python/3.11.13/x64/lib/python3.11/site-packages/coverage/report_core.py:118: CoverageWarning: Couldn't parse '/home/runner/work/AWA-App/AWA-App/C:\Users\Alexey\Documents\GitHub\AWA-App\services\logistics_etl\__init__.py': No source for code: '/home/runner/work/AWA-App/AWA-App/C:\Users\Alexey\Documents\GitHub\AWA-App\services\logistics_etl\__init__.py'. (couldnt-parse)
2025-08-19T20:06:39.9530579Z   coverage._warn(msg, slug="couldnt-parse")
2025-08-19T20:06:39.9533164Z /opt/hostedtoolcache/Python/3.11.13/x64/lib/python3.11/site-packages/coverage/report_core.py:118: CoverageWarning: Couldn't parse '/home/runner/work/AWA-App/AWA-App/C:\Users\Alexey\Documents\GitHub\AWA-App\services\logistics_etl\__main__.py': No source for code: '/home/runner/work/AWA-App/AWA-App/C:\Users\Alexey\Documents\GitHub\AWA-App\services\logistics_etl\__main__.py'. (couldnt-parse)
2025-08-19T20:06:39.9535960Z   coverage._warn(msg, slug="couldnt-parse")
2025-08-19T20:06:39.9538474Z /opt/hostedtoolcache/Python/3.11.13/x64/lib/python3.11/site-packages/coverage/report_core.py:118: CoverageWarning: Couldn't parse '/home/runner/work/AWA-App/AWA-App/C:\Users\Alexey\Documents\GitHub\AWA-App\services\logistics_etl\client.py': No source for code: '/home/runner/work/AWA-App/AWA-App/C:\Users\Alexey\Documents\GitHub\AWA-App\services\logistics_etl\client.py'. (couldnt-parse)
2025-08-19T20:06:39.9541118Z   coverage._warn(msg, slug="couldnt-parse")
2025-08-19T20:06:39.9543615Z /opt/hostedtoolcache/Python/3.11.13/x64/lib/python3.11/site-packages/coverage/report_core.py:118: CoverageWarning: Couldn't parse '/home/runner/work/AWA-App/AWA-App/C:\Users\Alexey\Documents\GitHub\AWA-App\services\logistics_etl\cron.py': No source for code: '/home/runner/work/AWA-App/AWA-App/C:\Users\Alexey\Documents\GitHub\AWA-App\services\logistics_etl\cron.py'. (couldnt-parse)
2025-08-19T20:06:39.9546343Z   coverage._warn(msg, slug="couldnt-parse")
2025-08-19T20:06:39.9548808Z /opt/hostedtoolcache/Python/3.11.13/x64/lib/python3.11/site-packages/coverage/report_core.py:118: CoverageWarning: Couldn't parse '/home/runner/work/AWA-App/AWA-App/C:\Users\Alexey\Documents\GitHub\AWA-App\services\logistics_etl\db.py': No source for code: '/home/runner/work/AWA-App/AWA-App/C:\Users\Alexey\Documents\GitHub\AWA-App\services\logistics_etl\db.py'. (couldnt-parse)
2025-08-19T20:06:39.9551366Z   coverage._warn(msg, slug="couldnt-parse")
2025-08-19T20:06:39.9553933Z /opt/hostedtoolcache/Python/3.11.13/x64/lib/python3.11/site-packages/coverage/report_core.py:118: CoverageWarning: Couldn't parse '/home/runner/work/AWA-App/AWA-App/C:\Users\Alexey\Documents\GitHub\AWA-App\services\logistics_etl\flow.py': No source for code: '/home/runner/work/AWA-App/AWA-App/C:\Users\Alexey\Documents\GitHub\AWA-App\services\logistics_etl\flow.py'. (couldnt-parse)
2025-08-19T20:06:39.9556790Z   coverage._warn(msg, slug="couldnt-parse")
2025-08-19T20:06:39.9559464Z /opt/hostedtoolcache/Python/3.11.13/x64/lib/python3.11/site-packages/coverage/report_core.py:118: CoverageWarning: Couldn't parse '/home/runner/work/AWA-App/AWA-App/C:\Users\Alexey\Documents\GitHub\AWA-App\services\logistics_etl\repository.py': No source for code: '/home/runner/work/AWA-App/AWA-App/C:\Users\Alexey\Documents\GitHub\AWA-App\services\logistics_etl\repository.py'. (couldnt-parse)
2025-08-19T20:06:39.9562075Z   coverage._warn(msg, slug="couldnt-parse")
2025-08-19T20:06:39.9564954Z /opt/hostedtoolcache/Python/3.11.13/x64/lib/python3.11/site-packages/coverage/report_core.py:118: CoverageWarning: Couldn't parse '/home/runner/work/AWA-App/AWA-App/C:\Users\Alexey\Documents\GitHub\AWA-App\services\price_importer\__init__.py': No source for code: '/home/runner/work/AWA-App/AWA-App/C:\Users\Alexey\Documents\GitHub\AWA-App\services\price_importer\__init__.py'. (couldnt-parse)
2025-08-19T20:06:39.9567577Z   coverage._warn(msg, slug="couldnt-parse")
2025-08-19T20:06:39.9570287Z /opt/hostedtoolcache/Python/3.11.13/x64/lib/python3.11/site-packages/coverage/report_core.py:118: CoverageWarning: Couldn't parse '/home/runner/work/AWA-App/AWA-App/C:\Users\Alexey\Documents\GitHub\AWA-App\services\price_importer\common\__init__.py': No source for code: '/home/runner/work/AWA-App/AWA-App/C:\Users\Alexey\Documents\GitHub\AWA-App\services\price_importer\common\__init__.py'. (couldnt-parse)
2025-08-19T20:06:39.9573213Z   coverage._warn(msg, slug="couldnt-parse")
2025-08-19T20:06:39.9576093Z /opt/hostedtoolcache/Python/3.11.13/x64/lib/python3.11/site-packages/coverage/report_core.py:118: CoverageWarning: Couldn't parse '/home/runner/work/AWA-App/AWA-App/C:\Users\Alexey\Documents\GitHub\AWA-App\services\price_importer\common\base.py': No source for code: '/home/runner/work/AWA-App/AWA-App/C:\Users\Alexey\Documents\GitHub\AWA-App\services\price_importer\common\base.py'. (couldnt-parse)
2025-08-19T20:06:39.9578788Z   coverage._warn(msg, slug="couldnt-parse")
2025-08-19T20:06:39.9581474Z /opt/hostedtoolcache/Python/3.11.13/x64/lib/python3.11/site-packages/coverage/report_core.py:118: CoverageWarning: Couldn't parse '/home/runner/work/AWA-App/AWA-App/C:\Users\Alexey\Documents\GitHub\AWA-App\services\price_importer\common\db_url.py': No source for code: '/home/runner/work/AWA-App/AWA-App/C:\Users\Alexey\Documents\GitHub\AWA-App\services\price_importer\common\db_url.py'. (couldnt-parse)
2025-08-19T20:06:39.9584145Z   coverage._warn(msg, slug="couldnt-parse")
2025-08-19T20:06:39.9587119Z /opt/hostedtoolcache/Python/3.11.13/x64/lib/python3.11/site-packages/coverage/report_core.py:118: CoverageWarning: Couldn't parse '/home/runner/work/AWA-App/AWA-App/C:\Users\Alexey\Documents\GitHub\AWA-App\services\price_importer\common\models_vendor.py': No source for code: '/home/runner/work/AWA-App/AWA-App/C:\Users\Alexey\Documents\GitHub\AWA-App\services\price_importer\common\models_vendor.py'. (couldnt-parse)
2025-08-19T20:06:39.9589899Z   coverage._warn(msg, slug="couldnt-parse")
2025-08-19T20:06:39.9592484Z /opt/hostedtoolcache/Python/3.11.13/x64/lib/python3.11/site-packages/coverage/report_core.py:118: CoverageWarning: Couldn't parse '/home/runner/work/AWA-App/AWA-App/C:\Users\Alexey\Documents\GitHub\AWA-App\services\price_importer\import.py': No source for code: '/home/runner/work/AWA-App/AWA-App/C:\Users\Alexey\Documents\GitHub\AWA-App\services\price_importer\import.py'. (couldnt-parse)
2025-08-19T20:06:39.9595094Z   coverage._warn(msg, slug="couldnt-parse")
2025-08-19T20:06:39.9596543Z /opt/hostedtoolcache/Python/3.11.13/x64/lib/python3.11/site-packages/coverage/report_core.py:118: CoverageWarning: Couldn't parse '/home/runner/work/AWA-App/AWA-App/C:\Users\Alexey\Documents\GitHub\AWA-App\services\price_importer\normaliser.py': No source for code: '/home/runner/work/AWA-App/AWA-App/C:\Users\Alexey\Documents\GitHub\AWA-App\services\price_importer\normaliser.py'. (couldnt-parse)
2025-08-19T20:06:39.9597941Z   coverage._warn(msg, slug="couldnt-parse")
2025-08-19T20:06:39.9599285Z /opt/hostedtoolcache/Python/3.11.13/x64/lib/python3.11/site-packages/coverage/report_core.py:118: CoverageWarning: Couldn't parse '/home/runner/work/AWA-App/AWA-App/C:\Users\Alexey\Documents\GitHub\AWA-App\services\price_importer\reader.py': No source for code: '/home/runner/work/AWA-App/AWA-App/C:\Users\Alexey\Documents\GitHub\AWA-App\services\price_importer\reader.py'. (couldnt-parse)
2025-08-19T20:06:39.9600644Z   coverage._warn(msg, slug="couldnt-parse")
2025-08-19T20:06:39.9602171Z /opt/hostedtoolcache/Python/3.11.13/x64/lib/python3.11/site-packages/coverage/report_core.py:118: CoverageWarning: Couldn't parse '/home/runner/work/AWA-App/AWA-App/C:\Users\Alexey\Documents\GitHub\AWA-App\services\price_importer\repository.py': No source for code: '/home/runner/work/AWA-App/AWA-App/C:\Users\Alexey\Documents\GitHub\AWA-App\services\price_importer\repository.py'. (couldnt-parse)
2025-08-19T20:06:39.9603576Z   coverage._warn(msg, slug="couldnt-parse")
2025-08-19T20:06:39.9605180Z /opt/hostedtoolcache/Python/3.11.13/x64/lib/python3.11/site-packages/coverage/report_core.py:118: CoverageWarning: Couldn't parse '/home/runner/work/AWA-App/AWA-App/C:\Users\Alexey\Documents\GitHub\AWA-App\services\price_importer\services_common\__init__.py': No source for code: '/home/runner/work/AWA-App/AWA-App/C:\Users\Alexey\Documents\GitHub\AWA-App\services\price_importer\services_common\__init__.py'. (couldnt-parse)
2025-08-19T20:06:39.9606760Z   coverage._warn(msg, slug="couldnt-parse")
2025-08-19T20:06:39.9608199Z /opt/hostedtoolcache/Python/3.11.13/x64/lib/python3.11/site-packages/coverage/report_core.py:118: CoverageWarning: Couldn't parse '/home/runner/work/AWA-App/AWA-App/C:\Users\Alexey\Documents\GitHub\AWA-App\services\price_importer\services_common\base.py': No source for code: '/home/runner/work/AWA-App/AWA-App/C:\Users\Alexey\Documents\GitHub\AWA-App\services\price_importer\services_common\base.py'. (couldnt-parse)
2025-08-19T20:06:39.9609647Z   coverage._warn(msg, slug="couldnt-parse")
2025-08-19T20:06:39.9611053Z /opt/hostedtoolcache/Python/3.11.13/x64/lib/python3.11/site-packages/coverage/report_core.py:118: CoverageWarning: Couldn't parse '/home/runner/work/AWA-App/AWA-App/C:\Users\Alexey\Documents\GitHub\AWA-App\services\price_importer\services_common\db.py': No source for code: '/home/runner/work/AWA-App/AWA-App/C:\Users\Alexey\Documents\GitHub\AWA-App\services\price_importer\services_common\db.py'. (couldnt-parse)
2025-08-19T20:06:39.9612473Z   coverage._warn(msg, slug="couldnt-parse")
2025-08-19T20:06:39.9613923Z /opt/hostedtoolcache/Python/3.11.13/x64/lib/python3.11/site-packages/coverage/report_core.py:118: CoverageWarning: Couldn't parse '/home/runner/work/AWA-App/AWA-App/C:\Users\Alexey\Documents\GitHub\AWA-App\services\price_importer\services_common\db_url.py': No source for code: '/home/runner/work/AWA-App/AWA-App/C:\Users\Alexey\Documents\GitHub\AWA-App\services\price_importer\services_common\db_url.py'. (couldnt-parse)
2025-08-19T20:06:39.9615502Z   coverage._warn(msg, slug="couldnt-parse")
2025-08-19T20:06:39.9617574Z /opt/hostedtoolcache/Python/3.11.13/x64/lib/python3.11/site-packages/coverage/report_core.py:118: CoverageWarning: Couldn't parse '/home/runner/work/AWA-App/AWA-App/C:\Users\Alexey\Documents\GitHub\AWA-App\services\price_importer\services_common\dsn.py': No source for code: '/home/runner/work/AWA-App/AWA-App/C:\Users\Alexey\Documents\GitHub\AWA-App\services\price_importer\services_common\dsn.py'. (couldnt-parse)
2025-08-19T20:06:39.9619056Z   coverage._warn(msg, slug="couldnt-parse")
2025-08-19T20:06:39.9620516Z /opt/hostedtoolcache/Python/3.11.13/x64/lib/python3.11/site-packages/coverage/report_core.py:118: CoverageWarning: Couldn't parse '/home/runner/work/AWA-App/AWA-App/C:\Users\Alexey\Documents\GitHub\AWA-App\services\price_importer\services_common\keepa.py': No source for code: '/home/runner/work/AWA-App/AWA-App/C:\Users\Alexey\Documents\GitHub\AWA-App\services\price_importer\services_common\keepa.py'. (couldnt-parse)
2025-08-19T20:06:39.9621960Z   coverage._warn(msg, slug="couldnt-parse")
2025-08-19T20:06:39.9623387Z /opt/hostedtoolcache/Python/3.11.13/x64/lib/python3.11/site-packages/coverage/report_core.py:118: CoverageWarning: Couldn't parse '/home/runner/work/AWA-App/AWA-App/C:\Users\Alexey\Documents\GitHub\AWA-App\services\price_importer\services_common\llm.py': No source for code: '/home/runner/work/AWA-App/AWA-App/C:\Users\Alexey\Documents\GitHub\AWA-App\services\price_importer\services_common\llm.py'. (couldnt-parse)
2025-08-19T20:06:39.9624933Z   coverage._warn(msg, slug="couldnt-parse")
2025-08-19T20:06:39.9626597Z /opt/hostedtoolcache/Python/3.11.13/x64/lib/python3.11/site-packages/coverage/report_core.py:118: CoverageWarning: Couldn't parse '/home/runner/work/AWA-App/AWA-App/C:\Users\Alexey\Documents\GitHub\AWA-App\services\price_importer\services_common\models_vendor.py': No source for code: '/home/runner/work/AWA-App/AWA-App/C:\Users\Alexey\Documents\GitHub\AWA-App\services\price_importer\services_common\models_vendor.py'. (couldnt-parse)
2025-08-19T20:06:39.9628107Z   coverage._warn(msg, slug="couldnt-parse")
2025-08-19T20:06:39.9629566Z /opt/hostedtoolcache/Python/3.11.13/x64/lib/python3.11/site-packages/coverage/report_core.py:118: CoverageWarning: Couldn't parse '/home/runner/work/AWA-App/AWA-App/C:\Users\Alexey\Documents\GitHub\AWA-App\services\price_importer\services_common\settings.py': No source for code: '/home/runner/work/AWA-App/AWA-App/C:\Users\Alexey\Documents\GitHub\AWA-App\services\price_importer\services_common\settings.py'. (couldnt-parse)
2025-08-19T20:06:39.9631136Z   coverage._warn(msg, slug="couldnt-parse")
2025-08-19T20:06:39.9632464Z /opt/hostedtoolcache/Python/3.11.13/x64/lib/python3.11/site-packages/coverage/report_core.py:118: CoverageWarning: Couldn't parse '/home/runner/work/AWA-App/AWA-App/C:\Users\Alexey\Documents\GitHub\AWA-App\services\repricer\__init__.py': No source for code: '/home/runner/work/AWA-App/AWA-App/C:\Users\Alexey\Documents\GitHub\AWA-App\services\repricer\__init__.py'. (couldnt-parse)
2025-08-19T20:06:39.9633783Z   coverage._warn(msg, slug="couldnt-parse")
2025-08-19T20:06:39.9635235Z /opt/hostedtoolcache/Python/3.11.13/x64/lib/python3.11/site-packages/coverage/report_core.py:118: CoverageWarning: Couldn't parse '/home/runner/work/AWA-App/AWA-App/C:\Users\Alexey\Documents\GitHub\AWA-App\services\repricer\app\__init__.py': No source for code: '/home/runner/work/AWA-App/AWA-App/C:\Users\Alexey\Documents\GitHub\AWA-App\services\repricer\app\__init__.py'. (couldnt-parse)
2025-08-19T20:06:39.9636579Z   coverage._warn(msg, slug="couldnt-parse")
2025-08-19T20:06:39.9637903Z /opt/hostedtoolcache/Python/3.11.13/x64/lib/python3.11/site-packages/coverage/report_core.py:118: CoverageWarning: Couldn't parse '/home/runner/work/AWA-App/AWA-App/C:\Users\Alexey\Documents\GitHub\AWA-App\services\repricer\app\deps.py': No source for code: '/home/runner/work/AWA-App/AWA-App/C:\Users\Alexey\Documents\GitHub\AWA-App\services\repricer\app\deps.py'. (couldnt-parse)
2025-08-19T20:06:39.9639219Z   coverage._warn(msg, slug="couldnt-parse")
2025-08-19T20:06:39.9640545Z /opt/hostedtoolcache/Python/3.11.13/x64/lib/python3.11/site-packages/coverage/report_core.py:118: CoverageWarning: Couldn't parse '/home/runner/work/AWA-App/AWA-App/C:\Users\Alexey\Documents\GitHub\AWA-App\services\repricer\app\logic.py': No source for code: '/home/runner/work/AWA-App/AWA-App/C:\Users\Alexey\Documents\GitHub\AWA-App\services\repricer\app\logic.py'. (couldnt-parse)
2025-08-19T20:06:39.9641877Z   coverage._warn(msg, slug="couldnt-parse")
2025-08-19T20:06:39.9643200Z /opt/hostedtoolcache/Python/3.11.13/x64/lib/python3.11/site-packages/coverage/report_core.py:118: CoverageWarning: Couldn't parse '/home/runner/work/AWA-App/AWA-App/C:\Users\Alexey\Documents\GitHub\AWA-App\services\repricer\app\main.py': No source for code: '/home/runner/work/AWA-App/AWA-App/C:\Users\Alexey\Documents\GitHub\AWA-App\services\repricer\app\main.py'. (couldnt-parse)
2025-08-19T20:06:39.9644609Z   coverage._warn(msg, slug="couldnt-parse")
2025-08-19T20:06:39.9645942Z /opt/hostedtoolcache/Python/3.11.13/x64/lib/python3.11/site-packages/coverage/report_core.py:118: CoverageWarning: Couldn't parse '/home/runner/work/AWA-App/AWA-App/C:\Users\Alexey\Documents\GitHub\AWA-App\services\repricer\app\schemas.py': No source for code: '/home/runner/work/AWA-App/AWA-App/C:\Users\Alexey\Documents\GitHub\AWA-App\services\repricer\app\schemas.py'. (couldnt-parse)
2025-08-19T20:06:39.9647293Z   coverage._warn(msg, slug="couldnt-parse")
2025-08-19T20:06:39.9648743Z /opt/hostedtoolcache/Python/3.11.13/x64/lib/python3.11/site-packages/coverage/report_core.py:118: CoverageWarning: Couldn't parse '/home/runner/work/AWA-App/AWA-App/C:\Users\Alexey\Documents\GitHub\AWA-App\services\returns_etl\loader.py': No source for code: '/home/runner/work/AWA-App/AWA-App/C:\Users\Alexey\Documents\GitHub\AWA-App\services\returns_etl\loader.py'. (couldnt-parse)
2025-08-19T20:06:39.9650091Z   coverage._warn(msg, slug="couldnt-parse")
2025-08-19T20:06:40.3880980Z ............                                                             [100%]
2025-08-19T20:06:40.3881548Z ================================ tests coverage ================================
2025-08-19T20:06:40.3882040Z _______________ coverage: platform linux, python 3.11.13-final-0 _______________
2025-08-19T20:06:40.3882373Z 
2025-08-19T20:06:40.3882504Z Coverage XML written to file coverage.xml
2025-08-19T20:06:40.5904026Z ##[group]Run actions/upload-artifact@v4
2025-08-19T20:06:40.5904961Z with:
2025-08-19T20:06:40.5905293Z   name: coverage.integration
2025-08-19T20:06:40.5905692Z   path: .coverage
2025-08-19T20:06:40.5906035Z   if-no-files-found: warn
2025-08-19T20:06:40.5906426Z   compression-level: 6
2025-08-19T20:06:40.5906787Z   overwrite: false
2025-08-19T20:06:40.5907138Z   include-hidden-files: false
2025-08-19T20:06:40.5907522Z env:
2025-08-19T20:06:40.5907817Z   PG_USER: postgres
2025-08-19T20:06:40.5908165Z   PG_PASSWORD: pass
2025-08-19T20:06:40.5908496Z   PG_DATABASE: awa
2025-08-19T20:06:40.5908842Z   PG_HOST: localhost
2025-08-19T20:06:40.5909204Z   PG_PORT: 5432
2025-08-19T20:06:40.5909951Z   PG_SYNC_DSN: ***localhost:5432/awa
2025-08-19T20:06:40.5910735Z   PG_ASYNC_DSN: ***localhost:5432/awa
2025-08-19T20:06:40.5911496Z   DATABASE_URL: ***localhost:5432/awa
2025-08-19T20:06:40.5911962Z   DATA_DIR: /tmp/awa-data
2025-08-19T20:06:40.5912347Z   ENABLE_LIVE: 0
2025-08-19T20:06:40.5912728Z   TESTING: 1
2025-08-19T20:06:40.5913178Z   pythonLocation: /opt/hostedtoolcache/Python/3.11.13/x64
2025-08-19T20:06:40.5913944Z   PKG_CONFIG_PATH: /opt/hostedtoolcache/Python/3.11.13/x64/lib/pkgconfig
2025-08-19T20:06:40.5914968Z   Python_ROOT_DIR: /opt/hostedtoolcache/Python/3.11.13/x64
2025-08-19T20:06:40.5915650Z   Python2_ROOT_DIR: /opt/hostedtoolcache/Python/3.11.13/x64
2025-08-19T20:06:40.5916326Z   Python3_ROOT_DIR: /opt/hostedtoolcache/Python/3.11.13/x64
2025-08-19T20:06:40.5917076Z   LD_LIBRARY_PATH: /opt/hostedtoolcache/Python/3.11.13/x64/lib
2025-08-19T20:06:40.5917635Z ##[endgroup]
2025-08-19T20:06:40.8083515Z ##[warning]No files were found with the provided path: .coverage. No artifacts will be uploaded.
2025-08-19T20:06:40.8689426Z Post job cleanup.
2025-08-19T20:06:40.9990017Z Cache hit occurred on the primary key Linux-int-29fc3204f837bce43d81586a404709764a9accd1f738d0c33a52a32bf7a0c312, not saving cache.
2025-08-19T20:06:41.0072458Z Post job cleanup.
2025-08-19T20:06:41.1625353Z Cache hit occurred on the primary key setup-python-Linux-x64-24.04-Ubuntu-python-3.11.13-pip-29fc3204f837bce43d81586a404709764a9accd1f738d0c33a52a32bf7a0c312, not saving cache.
2025-08-19T20:06:41.1744600Z Post job cleanup.
2025-08-19T20:06:41.2717163Z [command]/usr/bin/git version
2025-08-19T20:06:41.2755867Z git version 2.50.1
2025-08-19T20:06:41.2806319Z Temporarily overriding HOME='/home/runner/work/_temp/67ef9c3c-b6e8-4271-8a23-a8517412cf0b' before making global git config changes
2025-08-19T20:06:41.2807481Z Adding repository directory to the temporary git global config as a safe directory
2025-08-19T20:06:41.2811903Z [command]/usr/bin/git config --global --add safe.directory /home/runner/work/AWA-App/AWA-App
2025-08-19T20:06:41.2849027Z [command]/usr/bin/git config --local --name-only --get-regexp core\.sshCommand
2025-08-19T20:06:41.2881774Z [command]/usr/bin/git submodule foreach --recursive sh -c "git config --local --name-only --get-regexp 'core\.sshCommand' && git config --local --unset-all 'core.sshCommand' || :"
2025-08-19T20:06:41.3121731Z [command]/usr/bin/git config --local --name-only --get-regexp http\.https\:\/\/github\.com\/\.extraheader
2025-08-19T20:06:41.3147490Z http.https://github.com/.extraheader
2025-08-19T20:06:41.3166008Z [command]/usr/bin/git config --local --unset-all http.https://github.com/.extraheader
2025-08-19T20:06:41.3203052Z [command]/usr/bin/git submodule foreach --recursive sh -c "git config --local --name-only --get-regexp 'http\.https\:\/\/github\.com\/\.extraheader' && git config --local --unset-all 'http.https://github.com/.extraheader' || :"
2025-08-19T20:06:41.3571554Z Print service container logs: 021f07c017044b28b3b0875749aade6f_postgres15_d7bcab
2025-08-19T20:06:41.3576304Z ##[command]/usr/bin/docker logs --details cf9065d97592fc4ec168c063d92d0b36804765d2a5c4eb80f6dcc034b58b26c6
2025-08-19T20:06:41.3695820Z  The files belonging to this database system will be owned by user "postgres".
2025-08-19T20:06:41.3696536Z  This user must also own the server process.
2025-08-19T20:06:41.3696978Z  
2025-08-19T20:06:41.3697421Z  The database cluster will be initialized with locale "en_US.utf8".
2025-08-19T20:06:41.3698490Z  The default database encoding has accordingly been set to "UTF8".
2025-08-19T20:06:41.3699172Z  The default text search configuration will be set to "english".
2025-08-19T20:06:41.3699677Z  
2025-08-19T20:06:41.3699966Z  Data page checksums are disabled.
2025-08-19T20:06:41.3700351Z  
2025-08-19T20:06:41.3700817Z  fixing permissions on existing directory /var/lib/postgresql/data ... ok
2025-08-19T20:06:41.3701502Z  creating subdirectories ... ok
2025-08-19T20:06:41.3702012Z  selecting dynamic shared memory implementation ... posix
2025-08-19T20:06:41.3702542Z  selecting default max_connections ... 100
2025-08-19T20:06:41.3703011Z  selecting default shared_buffers ... 128MB
2025-08-19T20:06:41.3703472Z  selecting default time zone ... Etc/UTC
2025-08-19T20:06:41.3703919Z  creating configuration files ... ok
2025-08-19T20:06:41.3704542Z  running bootstrap script ... ok
2025-08-19T20:06:41.3705039Z  performing post-bootstrap initialization ... ok
2025-08-19T20:06:41.3707022Z  initdb: warning: enabling "trust" authentication for local connections
2025-08-19T20:06:41.3708088Z  initdb: hint: You can change this by editing pg_hba.conf or using the option -A, or --auth-local and --auth-host, the next time you run initdb.
2025-08-19T20:06:41.3709408Z  2025-08-19 20:05:41.838 UTC [1] LOG:  starting PostgreSQL 15.14 (Debian 15.14-1.pgdg13+1) on x86_64-pc-linux-gnu, compiled by gcc (Debian 14.2.0-19) 14.2.0, 64-bit
2025-08-19T20:06:41.3710477Z  2025-08-19 20:05:41.838 UTC [1] LOG:  listening on IPv4 address "0.0.0.0", port 5432
2025-08-19T20:06:41.3711167Z  2025-08-19 20:05:41.838 UTC [1] LOG:  listening on IPv6 address "::", port 5432
2025-08-19T20:06:41.3711928Z  2025-08-19 20:05:41.839 UTC [1] LOG:  listening on Unix socket "/var/run/postgresql/.s.PGSQL.5432"
2025-08-19T20:06:41.3712754Z  2025-08-19 20:05:41.842 UTC [64] LOG:  database system was shut down at 2025-08-19 20:05:41 UTC
2025-08-19T20:06:41.3713536Z  2025-08-19 20:05:41.846 UTC [1] LOG:  database system is ready to accept connections
2025-08-19T20:06:41.3714141Z  syncing data to disk ... ok
2025-08-19T20:06:41.3714671Z  
2025-08-19T20:06:41.3714934Z  
2025-08-19T20:06:41.3715292Z  Success. You can now start the database server using:
2025-08-19T20:06:41.3715769Z  
2025-08-19T20:06:41.3716131Z      pg_ctl -D /var/lib/postgresql/data -l logfile start
2025-08-19T20:06:41.3716597Z  
2025-08-19T20:06:41.3717525Z  waiting for server to start....2025-08-19 20:05:41.532 UTC [48] LOG:  starting PostgreSQL 15.14 (Debian 15.14-1.pgdg13+1) on x86_64-pc-linux-gnu, compiled by gcc (Debian 14.2.0-19) 14.2.0, 64-bit
2025-08-19T20:06:41.3718924Z  2025-08-19 20:05:41.532 UTC [48] LOG:  listening on Unix socket "/var/run/postgresql/.s.PGSQL.5432"
2025-08-19T20:06:41.3719470Z  2025-08-19 20:05:41.536 UTC [51] LOG:  database system was shut down at 2025-08-19 20:05:41 UTC
2025-08-19T20:06:41.3719938Z  2025-08-19 20:05:41.539 UTC [48] LOG:  database system is ready to accept connections
2025-08-19T20:06:41.3720276Z   done
2025-08-19T20:06:41.3720456Z  server started
2025-08-19T20:06:41.3720647Z  CREATE DATABASE
2025-08-19T20:06:41.3720826Z  
2025-08-19T20:06:41.3720976Z  
2025-08-19T20:06:41.3721287Z  /usr/local/bin/docker-entrypoint.sh: ignoring /docker-entrypoint-initdb.d/*
2025-08-19T20:06:41.3721650Z  
2025-08-19T20:06:41.3721882Z  2025-08-19 20:05:41.719 UTC [48] LOG:  received fast shutdown request
2025-08-19T20:06:41.3722565Z  waiting for server to shut down....2025-08-19 20:05:41.719 UTC [48] LOG:  aborting any active transactions
2025-08-19T20:06:41.3723180Z  2025-08-19 20:05:41.721 UTC [48] LOG:  background worker "logical replication launcher" (PID 54) exited with exit code 1
2025-08-19T20:06:41.3723648Z  2025-08-19 20:05:41.721 UTC [49] LOG:  shutting down
2025-08-19T20:06:41.3723990Z  2025-08-19 20:05:41.721 UTC [49] LOG:  checkpoint starting: shutdown immediate
2025-08-19T20:06:41.3725093Z  2025-08-19 20:05:41.738 UTC [49] LOG:  checkpoint complete: wrote 922 buffers (5.6%); 0 WAL file(s) added, 0 removed, 0 recycled; write=0.014 s, sync=0.002 s, total=0.018 s; sync files=301, longest=0.001 s, average=0.001 s; distance=4239 kB, estimate=4239 kB
2025-08-19T20:06:41.3726078Z  2025-08-19 20:05:41.745 UTC [48] LOG:  database system is shut down
2025-08-19T20:06:41.3726373Z   done
2025-08-19T20:06:41.3726539Z  server stopped
2025-08-19T20:06:41.3726716Z  
2025-08-19T20:06:41.3726933Z  PostgreSQL init process complete; ready for start up.
2025-08-19T20:06:41.3727213Z  
2025-08-19T20:06:41.3732594Z Stop and remove container: 021f07c017044b28b3b0875749aade6f_postgres15_d7bcab
2025-08-19T20:06:41.3737683Z ##[command]/usr/bin/docker rm --force cf9065d97592fc4ec168c063d92d0b36804765d2a5c4eb80f6dcc034b58b26c6
2025-08-19T20:06:42.8052861Z cf9065d97592fc4ec168c063d92d0b36804765d2a5c4eb80f6dcc034b58b26c6
2025-08-19T20:06:42.8078832Z Remove container network: github_network_28f2ba13d9394138ac3ab7a964530d61
2025-08-19T20:06:42.8083029Z ##[command]/usr/bin/docker network rm github_network_28f2ba13d9394138ac3ab7a964530d61
2025-08-19T20:06:42.9261684Z github_network_28f2ba13d9394138ac3ab7a964530d61
2025-08-19T20:06:42.9320087Z Cleaning up orphan processes
