2025-08-16T21:47:38.9634249Z Current runner version: '2.327.1'
2025-08-16T21:47:38.9657088Z ##[group]Runner Image Provisioner
2025-08-16T21:47:38.9657903Z Hosted Compute Agent
2025-08-16T21:47:38.9658893Z Version: 20250812.370
2025-08-16T21:47:38.9659789Z Commit: 4a2b2bf7520004e3e907c2150c8cabe342a3da32
2025-08-16T21:47:38.9660578Z Build Date: 2025-08-12T16:08:14Z
2025-08-16T21:47:38.9661160Z ##[endgroup]
2025-08-16T21:47:38.9661707Z ##[group]Operating System
2025-08-16T21:47:38.9662326Z Ubuntu
2025-08-16T21:47:38.9662781Z 24.04.2
2025-08-16T21:47:38.9663239Z LTS
2025-08-16T21:47:38.9663990Z ##[endgroup]
2025-08-16T21:47:38.9664577Z ##[group]Runner Image
2025-08-16T21:47:38.9665089Z Image: ubuntu-24.04
2025-08-16T21:47:38.9665572Z Version: 20250810.1.0
2025-08-16T21:47:38.9666912Z Included Software: https://github.com/actions/runner-images/blob/ubuntu24/20250810.1/images/ubuntu/Ubuntu2404-Readme.md
2025-08-16T21:47:38.9668557Z Image Release: https://github.com/actions/runner-images/releases/tag/ubuntu24%2F20250810.1
2025-08-16T21:47:38.9669696Z ##[endgroup]
2025-08-16T21:47:38.9672189Z ##[group]GITHUB_TOKEN Permissions
2025-08-16T21:47:38.9674560Z Actions: write
2025-08-16T21:47:38.9675110Z Attestations: write
2025-08-16T21:47:38.9675590Z Checks: write
2025-08-16T21:47:38.9676311Z Contents: write
2025-08-16T21:47:38.9676841Z Deployments: write
2025-08-16T21:47:38.9677378Z Discussions: write
2025-08-16T21:47:38.9678024Z Issues: write
2025-08-16T21:47:38.9678505Z Metadata: read
2025-08-16T21:47:38.9679015Z Models: read
2025-08-16T21:47:38.9679530Z Packages: write
2025-08-16T21:47:38.9680043Z Pages: write
2025-08-16T21:47:38.9680496Z PullRequests: write
2025-08-16T21:47:38.9681177Z RepositoryProjects: write
2025-08-16T21:47:38.9681739Z SecurityEvents: write
2025-08-16T21:47:38.9682352Z Statuses: write
2025-08-16T21:47:38.9682901Z ##[endgroup]
2025-08-16T21:47:38.9685349Z Secret source: Actions
2025-08-16T21:47:38.9686418Z Prepare workflow directory
2025-08-16T21:47:39.0101066Z Prepare all required actions
2025-08-16T21:47:39.0139306Z Getting action download info
2025-08-16T21:47:39.3696898Z Download action repository 'actions/checkout@v4' (SHA:08eba0b27e820071cde6df949e0beb9ba4906955)
2025-08-16T21:47:39.8135155Z Download action repository 'actions/setup-python@v5' (SHA:a26af69be951a213d495a4c3e4e4022e16d87065)
2025-08-16T21:47:40.1940872Z Download action repository 'actions/cache@v4' (SHA:0400d5f644dc74513175e3cd8d07132dd4860809)
2025-08-16T21:47:40.6236427Z Download action repository 'actions/upload-artifact@v4' (SHA:ea165f8d65b6e75b540449e92b4886f43607fa02)
2025-08-16T21:47:40.9081877Z Complete job name: integration-db
2025-08-16T21:47:40.9628738Z ##[group]Checking docker version
2025-08-16T21:47:40.9642124Z ##[command]/usr/bin/docker version --format '{{.Server.APIVersion}}'
2025-08-16T21:47:41.0338580Z '1.48'
2025-08-16T21:47:41.0353902Z Docker daemon API version: '1.48'
2025-08-16T21:47:41.0355261Z ##[command]/usr/bin/docker version --format '{{.Client.APIVersion}}'
2025-08-16T21:47:41.0510332Z '1.48'
2025-08-16T21:47:41.0524463Z Docker client API version: '1.48'
2025-08-16T21:47:41.0530057Z ##[endgroup]
2025-08-16T21:47:41.0533482Z ##[group]Clean up resources from previous jobs
2025-08-16T21:47:41.0539654Z ##[command]/usr/bin/docker ps --all --quiet --no-trunc --filter "label=81a362"
2025-08-16T21:47:41.0680411Z ##[command]/usr/bin/docker network prune --force --filter "label=81a362"
2025-08-16T21:47:41.0811874Z ##[endgroup]
2025-08-16T21:47:41.0812785Z ##[group]Create local container network
2025-08-16T21:47:41.0823652Z ##[command]/usr/bin/docker network create --label 81a362 github_network_44d5c8608da647a0be1035455df3b947
2025-08-16T21:47:41.1432153Z bbd4ddacf95b6cf510e5a41c5b232c7f7833fe0c7d12dce94cdbf3691e3fef8d
2025-08-16T21:47:41.1450089Z ##[endgroup]
2025-08-16T21:47:41.1475260Z ##[group]Starting postgres service container
2025-08-16T21:47:41.1494514Z ##[command]/usr/bin/docker pull postgres:15
2025-08-16T21:47:41.6118775Z 15: Pulling from library/postgres
2025-08-16T21:47:41.7330483Z 396b1da7636e: Pulling fs layer
2025-08-16T21:47:41.7333028Z fca2566eba32: Pulling fs layer
2025-08-16T21:47:41.7334630Z 631fe8c6d606: Pulling fs layer
2025-08-16T21:47:41.7336455Z 77c7671c4414: Pulling fs layer
2025-08-16T21:47:41.7338003Z 2d9e29180a27: Pulling fs layer
2025-08-16T21:47:41.7339571Z c6bcc2c9a041: Pulling fs layer
2025-08-16T21:47:41.7340815Z ac4b721eb66f: Pulling fs layer
2025-08-16T21:47:41.7341747Z 606bd164980e: Pulling fs layer
2025-08-16T21:47:41.7342673Z f5dfd246bc6e: Pulling fs layer
2025-08-16T21:47:41.7343611Z ba7036bb0a60: Pulling fs layer
2025-08-16T21:47:41.7344538Z 799f859abbbd: Pulling fs layer
2025-08-16T21:47:41.7345490Z d903e777080c: Pulling fs layer
2025-08-16T21:47:41.7346629Z 04adcb462801: Pulling fs layer
2025-08-16T21:47:41.7347595Z 5c10925b29ff: Pulling fs layer
2025-08-16T21:47:41.7348516Z f5dfd246bc6e: Waiting
2025-08-16T21:47:41.7349302Z 77c7671c4414: Waiting
2025-08-16T21:47:41.7350082Z ba7036bb0a60: Waiting
2025-08-16T21:47:41.7350880Z 799f859abbbd: Waiting
2025-08-16T21:47:41.7351666Z 2d9e29180a27: Waiting
2025-08-16T21:47:41.7352460Z d903e777080c: Waiting
2025-08-16T21:47:41.7353246Z 04adcb462801: Waiting
2025-08-16T21:47:41.7354028Z 606bd164980e: Waiting
2025-08-16T21:47:41.9298854Z fca2566eba32: Verifying Checksum
2025-08-16T21:47:41.9304048Z fca2566eba32: Download complete
2025-08-16T21:47:41.9411844Z 631fe8c6d606: Verifying Checksum
2025-08-16T21:47:41.9413656Z 631fe8c6d606: Download complete
2025-08-16T21:47:42.0642516Z 77c7671c4414: Verifying Checksum
2025-08-16T21:47:42.0644060Z 77c7671c4414: Download complete
2025-08-16T21:47:42.1351193Z 2d9e29180a27: Verifying Checksum
2025-08-16T21:47:42.1352909Z 2d9e29180a27: Download complete
2025-08-16T21:47:42.1431917Z 396b1da7636e: Verifying Checksum
2025-08-16T21:47:42.1433560Z 396b1da7636e: Download complete
2025-08-16T21:47:42.2308720Z c6bcc2c9a041: Download complete
2025-08-16T21:47:42.2376273Z ac4b721eb66f: Download complete
2025-08-16T21:47:42.2626976Z 606bd164980e: Verifying Checksum
2025-08-16T21:47:42.2628798Z 606bd164980e: Download complete
2025-08-16T21:47:42.3597977Z ba7036bb0a60: Verifying Checksum
2025-08-16T21:47:42.3599668Z ba7036bb0a60: Download complete
2025-08-16T21:47:42.3804555Z 799f859abbbd: Verifying Checksum
2025-08-16T21:47:42.3806720Z 799f859abbbd: Download complete
2025-08-16T21:47:42.4728440Z d903e777080c: Download complete
2025-08-16T21:47:42.4836956Z 04adcb462801: Verifying Checksum
2025-08-16T21:47:42.4838691Z 04adcb462801: Download complete
2025-08-16T21:47:42.5734801Z 5c10925b29ff: Verifying Checksum
2025-08-16T21:47:42.5739106Z 5c10925b29ff: Download complete
2025-08-16T21:47:43.2157455Z 396b1da7636e: Pull complete
2025-08-16T21:47:44.0134608Z f5dfd246bc6e: Verifying Checksum
2025-08-16T21:47:44.0134975Z f5dfd246bc6e: Download complete
2025-08-16T21:47:44.2043554Z fca2566eba32: Pull complete
2025-08-16T21:47:44.4022309Z 631fe8c6d606: Pull complete
2025-08-16T21:47:44.4431622Z 77c7671c4414: Pull complete
2025-08-16T21:47:44.7652149Z 2d9e29180a27: Pull complete
2025-08-16T21:47:44.8451124Z c6bcc2c9a041: Pull complete
2025-08-16T21:47:44.8539399Z ac4b721eb66f: Pull complete
2025-08-16T21:47:44.8653078Z 606bd164980e: Pull complete
2025-08-16T21:47:47.8204773Z f5dfd246bc6e: Pull complete
2025-08-16T21:47:47.8365143Z ba7036bb0a60: Pull complete
2025-08-16T21:47:47.8504850Z 799f859abbbd: Pull complete
2025-08-16T21:47:47.8618279Z d903e777080c: Pull complete
2025-08-16T21:47:47.8719395Z 04adcb462801: Pull complete
2025-08-16T21:47:47.8818508Z 5c10925b29ff: Pull complete
2025-08-16T21:47:47.8874606Z Digest: sha256:0de3e43bbb424d5fb7ca1889150f8e1b525d6c9fbaf9df6d853dcbc2ed5ffa1e
2025-08-16T21:47:47.8886985Z Status: Downloaded newer image for postgres:15
2025-08-16T21:47:47.8897273Z docker.io/library/postgres:15
2025-08-16T21:47:47.8955860Z ##[command]/usr/bin/docker create --name b692aa0276954d558c41d8c4738bc34f_postgres15_7b51f8 --label 81a362 --network github_network_44d5c8608da647a0be1035455df3b947 --network-alias postgres -p 5432:5432 --health-cmd="pg_isready -U postgres -d awa" --health-interval=5s --health-timeout=5s --health-retries=10 -e "POSTGRES_USER=postgres" -e "POSTGRES_PASSWORD=pass" -e "POSTGRES_DB=awa" -e GITHUB_ACTIONS=true -e CI=true postgres:15
2025-08-16T21:47:47.9217271Z 941ba2da8d9a19185eb188c288ea42138a1a4696fe21693a48fac89e571c1f1f
2025-08-16T21:47:47.9242580Z ##[command]/usr/bin/docker start 941ba2da8d9a19185eb188c288ea42138a1a4696fe21693a48fac89e571c1f1f
2025-08-16T21:47:49.0109120Z 941ba2da8d9a19185eb188c288ea42138a1a4696fe21693a48fac89e571c1f1f
2025-08-16T21:47:49.0130453Z ##[command]/usr/bin/docker ps --all --filter id=941ba2da8d9a19185eb188c288ea42138a1a4696fe21693a48fac89e571c1f1f --filter status=running --no-trunc --format "{{.ID}} {{.Status}}"
2025-08-16T21:47:49.0255754Z 941ba2da8d9a19185eb188c288ea42138a1a4696fe21693a48fac89e571c1f1f Up 1 second (health: starting)
2025-08-16T21:47:49.0276823Z ##[command]/usr/bin/docker port 941ba2da8d9a19185eb188c288ea42138a1a4696fe21693a48fac89e571c1f1f
2025-08-16T21:47:49.0406855Z 5432/tcp -> 0.0.0.0:5432
2025-08-16T21:47:49.0407287Z 5432/tcp -> [::]:5432
2025-08-16T21:47:49.0464552Z ##[endgroup]
2025-08-16T21:47:49.0472932Z ##[group]Waiting for all services to be ready
2025-08-16T21:47:49.0486177Z ##[command]/usr/bin/docker inspect --format="{{if .Config.Healthcheck}}{{print .State.Health.Status}}{{end}}" 941ba2da8d9a19185eb188c288ea42138a1a4696fe21693a48fac89e571c1f1f
2025-08-16T21:47:49.0617442Z starting
2025-08-16T21:47:49.0645013Z postgres service is starting, waiting 2 seconds before checking again.
2025-08-16T21:47:51.0642199Z ##[command]/usr/bin/docker inspect --format="{{if .Config.Healthcheck}}{{print .State.Health.Status}}{{end}}" 941ba2da8d9a19185eb188c288ea42138a1a4696fe21693a48fac89e571c1f1f
2025-08-16T21:47:51.0762389Z starting
2025-08-16T21:47:51.0776230Z postgres service is starting, waiting 3 seconds before checking again.
2025-08-16T21:47:54.7969455Z ##[command]/usr/bin/docker inspect --format="{{if .Config.Healthcheck}}{{print .State.Health.Status}}{{end}}" 941ba2da8d9a19185eb188c288ea42138a1a4696fe21693a48fac89e571c1f1f
2025-08-16T21:47:54.8107740Z healthy
2025-08-16T21:47:54.8129148Z postgres service is healthy.
2025-08-16T21:47:54.8129797Z ##[endgroup]
2025-08-16T21:47:54.8369857Z ##[group]Run actions/checkout@v4
2025-08-16T21:47:54.8370388Z with:
2025-08-16T21:47:54.8370580Z   fetch-depth: 0
2025-08-16T21:47:54.8370802Z   repository: AlexBomber12/AWA-App
2025-08-16T21:47:54.8371187Z   token: ***
2025-08-16T21:47:54.8371386Z   ssh-strict: true
2025-08-16T21:47:54.8371580Z   ssh-user: git
2025-08-16T21:47:54.8371777Z   persist-credentials: true
2025-08-16T21:47:54.8372015Z   clean: true
2025-08-16T21:47:54.8372212Z   sparse-checkout-cone-mode: true
2025-08-16T21:47:54.8372456Z   fetch-tags: false
2025-08-16T21:47:54.8372654Z   show-progress: true
2025-08-16T21:47:54.8372852Z   lfs: false
2025-08-16T21:47:54.8373027Z   submodules: false
2025-08-16T21:47:54.8373226Z   set-safe-directory: true
2025-08-16T21:47:54.8373611Z ##[endgroup]
2025-08-16T21:47:54.9523996Z Syncing repository: AlexBomber12/AWA-App
2025-08-16T21:47:54.9526185Z ##[group]Getting Git version info
2025-08-16T21:47:54.9526871Z Working directory is '/home/runner/work/AWA-App/AWA-App'
2025-08-16T21:47:54.9527880Z [command]/usr/bin/git version
2025-08-16T21:47:54.9554517Z git version 2.50.1
2025-08-16T21:47:54.9581139Z ##[endgroup]
2025-08-16T21:47:54.9594397Z Temporarily overriding HOME='/home/runner/work/_temp/af415792-7038-4cfc-857a-002269d5bbc4' before making global git config changes
2025-08-16T21:47:54.9595443Z Adding repository directory to the temporary git global config as a safe directory
2025-08-16T21:47:54.9606642Z [command]/usr/bin/git config --global --add safe.directory /home/runner/work/AWA-App/AWA-App
2025-08-16T21:47:54.9640782Z Deleting the contents of '/home/runner/work/AWA-App/AWA-App'
2025-08-16T21:47:54.9644449Z ##[group]Initializing the repository
2025-08-16T21:47:54.9648824Z [command]/usr/bin/git init /home/runner/work/AWA-App/AWA-App
2025-08-16T21:47:54.9703735Z hint: Using 'master' as the name for the initial branch. This default branch name
2025-08-16T21:47:54.9704602Z hint: is subject to change. To configure the initial branch name to use in all
2025-08-16T21:47:54.9705646Z hint: of your new repositories, which will suppress this warning, call:
2025-08-16T21:47:54.9706430Z hint:
2025-08-16T21:47:54.9706908Z hint: 	git config --global init.defaultBranch <name>
2025-08-16T21:47:54.9707405Z hint:
2025-08-16T21:47:54.9707902Z hint: Names commonly chosen instead of 'master' are 'main', 'trunk' and
2025-08-16T21:47:54.9708764Z hint: 'development'. The just-created branch can be renamed via this command:
2025-08-16T21:47:54.9709413Z hint:
2025-08-16T21:47:54.9709764Z hint: 	git branch -m <name>
2025-08-16T21:47:54.9710162Z hint:
2025-08-16T21:47:54.9710728Z hint: Disable this message with "git config set advice.defaultBranchName false"
2025-08-16T21:47:54.9711675Z Initialized empty Git repository in /home/runner/work/AWA-App/AWA-App/.git/
2025-08-16T21:47:54.9718789Z [command]/usr/bin/git remote add origin https://github.com/AlexBomber12/AWA-App
2025-08-16T21:47:54.9748426Z ##[endgroup]
2025-08-16T21:47:54.9749084Z ##[group]Disabling automatic garbage collection
2025-08-16T21:47:54.9753418Z [command]/usr/bin/git config --local gc.auto 0
2025-08-16T21:47:54.9781048Z ##[endgroup]
2025-08-16T21:47:54.9781662Z ##[group]Setting up auth
2025-08-16T21:47:54.9788761Z [command]/usr/bin/git config --local --name-only --get-regexp core\.sshCommand
2025-08-16T21:47:54.9818681Z [command]/usr/bin/git submodule foreach --recursive sh -c "git config --local --name-only --get-regexp 'core\.sshCommand' && git config --local --unset-all 'core.sshCommand' || :"
2025-08-16T21:47:55.0070903Z [command]/usr/bin/git config --local --name-only --get-regexp http\.https\:\/\/github\.com\/\.extraheader
2025-08-16T21:47:55.0102290Z [command]/usr/bin/git submodule foreach --recursive sh -c "git config --local --name-only --get-regexp 'http\.https\:\/\/github\.com\/\.extraheader' && git config --local --unset-all 'http.https://github.com/.extraheader' || :"
2025-08-16T21:47:55.0321343Z [command]/usr/bin/git config --local http.https://github.com/.extraheader AUTHORIZATION: basic ***
2025-08-16T21:47:55.0357744Z ##[endgroup]
2025-08-16T21:47:55.0358239Z ##[group]Fetching the repository
2025-08-16T21:47:55.0374944Z [command]/usr/bin/git -c protocol.version=2 fetch --prune --no-recurse-submodules origin +refs/heads/*:refs/remotes/origin/* +refs/tags/*:refs/tags/*
2025-08-16T21:47:55.5975680Z From https://github.com/AlexBomber12/AWA-App
2025-08-16T21:47:55.5977964Z  * [new branch]      codex/check-ci-logs-for-errors-and-fix-them -> origin/codex/check-ci-logs-for-errors-and-fix-them
2025-08-16T21:47:55.5979240Z  * [new branch]      codex/check-logs-for-errors-and-fix-issues -> origin/codex/check-logs-for-errors-and-fix-issues
2025-08-16T21:47:55.5981778Z  * [new branch]      codex/fix-ci-workflows-until-all-pass -> origin/codex/fix-ci-workflows-until-all-pass
2025-08-16T21:47:55.5983101Z  * [new branch]      codex/replace-github-cli-with-python-rest-calls -> origin/codex/replace-github-cli-with-python-rest-calls
2025-08-16T21:47:55.5986155Z  * [new branch]      gh-pages   -> origin/gh-pages
2025-08-16T21:47:55.5986936Z  * [new branch]      main       -> origin/main
2025-08-16T21:47:55.5988646Z  * [new tag]         0.3.0      -> 0.3.0
2025-08-16T21:47:55.6025259Z [command]/usr/bin/git branch --list --remote origin/main
2025-08-16T21:47:55.6048786Z   origin/main
2025-08-16T21:47:55.6057706Z [command]/usr/bin/git rev-parse refs/remotes/origin/main
2025-08-16T21:47:55.6078565Z e9879700de487e7c5c7f408210868d1d7714f80f
2025-08-16T21:47:55.6084414Z ##[endgroup]
2025-08-16T21:47:55.6085082Z ##[group]Determining the checkout info
2025-08-16T21:47:55.6085823Z ##[endgroup]
2025-08-16T21:47:55.6090577Z [command]/usr/bin/git sparse-checkout disable
2025-08-16T21:47:55.6128423Z [command]/usr/bin/git config --local --unset-all extensions.worktreeConfig
2025-08-16T21:47:55.6154970Z ##[group]Checking out the ref
2025-08-16T21:47:55.6159364Z [command]/usr/bin/git checkout --progress --force -B main refs/remotes/origin/main
2025-08-16T21:47:55.6496930Z Switched to a new branch 'main'
2025-08-16T21:47:55.6499110Z branch 'main' set up to track 'origin/main'.
2025-08-16T21:47:55.6510288Z ##[endgroup]
2025-08-16T21:47:55.6549227Z [command]/usr/bin/git log -1 --format=%H
2025-08-16T21:47:55.6572262Z e9879700de487e7c5c7f408210868d1d7714f80f
2025-08-16T21:47:55.6731497Z ##[group]Run cat .env.ci >> "$GITHUB_ENV"
2025-08-16T21:47:55.6731853Z [36;1mcat .env.ci >> "$GITHUB_ENV"[0m
2025-08-16T21:47:55.6732614Z [36;1mecho "DATABASE_URL=***localhost:5432/awa" >> "$GITHUB_ENV"[0m
2025-08-16T21:47:55.6733006Z [36;1mecho "PG_HOST=localhost" >> "$GITHUB_ENV"[0m
2025-08-16T21:47:55.6733314Z [36;1mecho "PG_PORT=5432" >> "$GITHUB_ENV"[0m
2025-08-16T21:47:55.6733615Z [36;1mecho "PG_USER=postgres" >> "$GITHUB_ENV"[0m
2025-08-16T21:47:55.6733912Z [36;1mecho "PG_PASSWORD=pass" >> "$GITHUB_ENV"[0m
2025-08-16T21:47:55.6734206Z [36;1mecho "PG_DATABASE=awa" >> "$GITHUB_ENV"[0m
2025-08-16T21:47:55.6778549Z shell: /usr/bin/bash -e {0}
2025-08-16T21:47:55.6778798Z ##[endgroup]
2025-08-16T21:47:55.6951255Z ##[group]Run actions/setup-python@v5
2025-08-16T21:47:55.6951546Z with:
2025-08-16T21:47:55.6951742Z   python-version: 3.11
2025-08-16T21:47:55.6951956Z   cache: pip
2025-08-16T21:47:55.6952196Z   cache-dependency-path: requirements-dev.txt

2025-08-16T21:47:55.6952500Z   check-latest: false
2025-08-16T21:47:55.6952832Z   token: ***
2025-08-16T21:47:55.6953041Z   update-environment: true
2025-08-16T21:47:55.6953274Z   allow-prereleases: false
2025-08-16T21:47:55.6953497Z   freethreaded: false
2025-08-16T21:47:55.6953693Z env:
2025-08-16T21:47:55.6953864Z   PG_USER: postgres
2025-08-16T21:47:55.6954064Z   PG_PASSWORD: pass
2025-08-16T21:47:55.6954254Z   PG_DATABASE: awa
2025-08-16T21:47:55.6954447Z   PG_HOST: localhost
2025-08-16T21:47:55.6954637Z   PG_PORT: 5432
2025-08-16T21:47:55.6955045Z   PG_SYNC_DSN: ***localhost:5432/awa
2025-08-16T21:47:55.6955464Z   PG_ASYNC_DSN: ***localhost:5432/awa
2025-08-16T21:47:55.6955885Z   DATABASE_URL: ***localhost:5432/awa
2025-08-16T21:47:55.6956455Z   DATA_DIR: /tmp/awa-data
2025-08-16T21:47:55.6956672Z   ENABLE_LIVE: 0
2025-08-16T21:47:55.6956860Z   TESTING: 1
2025-08-16T21:47:55.6957036Z ##[endgroup]
2025-08-16T21:47:55.8618671Z ##[group]Installed versions
2025-08-16T21:47:55.8698701Z Successfully set up CPython (3.11.13)
2025-08-16T21:47:55.8699448Z ##[endgroup]
2025-08-16T21:47:55.9101490Z [command]/opt/hostedtoolcache/Python/3.11.13/x64/bin/pip cache dir
2025-08-16T21:47:57.8170095Z /home/runner/.cache/pip
2025-08-16T21:47:57.9717538Z Cache hit for: setup-python-Linux-x64-24.04-Ubuntu-python-3.11.13-pip-dee7c0c28332ec2ebb5d2650fb0d2cfddf025b3b0e96b0c826645ad2cb717961
2025-08-16T21:47:59.1827402Z Received 83886080 of 203535974 (41.2%), 80.0 MBs/sec
2025-08-16T21:47:59.9782747Z Received 203535974 of 203535974 (100.0%), 108.0 MBs/sec
2025-08-16T21:47:59.9788560Z Cache Size: ~194 MB (203535974 B)
2025-08-16T21:47:59.9828081Z [command]/usr/bin/tar -xf /home/runner/work/_temp/10474d1e-2b4a-4cd9-8aab-d1cf09f37258/cache.tzst -P -C /home/runner/work/AWA-App/AWA-App --use-compress-program unzstd
2025-08-16T21:48:00.3899888Z Cache restored successfully
2025-08-16T21:48:00.4290904Z Cache restored from key: setup-python-Linux-x64-24.04-Ubuntu-python-3.11.13-pip-dee7c0c28332ec2ebb5d2650fb0d2cfddf025b3b0e96b0c826645ad2cb717961
2025-08-16T21:48:00.4990807Z ##[group]Run actions/cache@v4
2025-08-16T21:48:00.4991081Z with:
2025-08-16T21:48:00.4991324Z   path: ~/.cache/pip
.pytest_cache
~/.ruff_cache

2025-08-16T21:48:00.4991794Z   key: Linux-int-dee7c0c28332ec2ebb5d2650fb0d2cfddf025b3b0e96b0c826645ad2cb717961
2025-08-16T21:48:00.4992226Z   restore-keys: Linux-int-
2025-08-16T21:48:00.4992472Z   enableCrossOsArchive: false
2025-08-16T21:48:00.4992731Z   fail-on-cache-miss: false
2025-08-16T21:48:00.4992965Z   lookup-only: false
2025-08-16T21:48:00.4993180Z   save-always: false
2025-08-16T21:48:00.4993377Z env:
2025-08-16T21:48:00.4993565Z   PG_USER: postgres
2025-08-16T21:48:00.4993773Z   PG_PASSWORD: pass
2025-08-16T21:48:00.4993976Z   PG_DATABASE: awa
2025-08-16T21:48:00.4994378Z   PG_HOST: localhost
2025-08-16T21:48:00.4994583Z   PG_PORT: 5432
2025-08-16T21:48:00.4995209Z   PG_SYNC_DSN: ***localhost:5432/awa
2025-08-16T21:48:00.4995707Z   PG_ASYNC_DSN: ***localhost:5432/awa
2025-08-16T21:48:00.4996489Z   DATABASE_URL: ***localhost:5432/awa
2025-08-16T21:48:00.4996759Z   DATA_DIR: /tmp/awa-data
2025-08-16T21:48:00.4997021Z   ENABLE_LIVE: 0
2025-08-16T21:48:00.4997223Z   TESTING: 1
2025-08-16T21:48:00.4997484Z   pythonLocation: /opt/hostedtoolcache/Python/3.11.13/x64
2025-08-16T21:48:00.4997901Z   PKG_CONFIG_PATH: /opt/hostedtoolcache/Python/3.11.13/x64/lib/pkgconfig
2025-08-16T21:48:00.4998312Z   Python_ROOT_DIR: /opt/hostedtoolcache/Python/3.11.13/x64
2025-08-16T21:48:00.4998682Z   Python2_ROOT_DIR: /opt/hostedtoolcache/Python/3.11.13/x64
2025-08-16T21:48:00.4999046Z   Python3_ROOT_DIR: /opt/hostedtoolcache/Python/3.11.13/x64
2025-08-16T21:48:00.4999423Z   LD_LIBRARY_PATH: /opt/hostedtoolcache/Python/3.11.13/x64/lib
2025-08-16T21:48:00.4999746Z ##[endgroup]
2025-08-16T21:48:00.7439269Z Cache hit for: Linux-int-dee7c0c28332ec2ebb5d2650fb0d2cfddf025b3b0e96b0c826645ad2cb717961
2025-08-16T21:48:01.9683180Z Received 134217728 of 203537320 (65.9%), 117.9 MBs/sec
2025-08-16T21:48:02.4043981Z Received 203537320 of 203537320 (100.0%), 127.5 MBs/sec
2025-08-16T21:48:02.4047299Z Cache Size: ~194 MB (203537320 B)
2025-08-16T21:48:02.4103669Z [command]/usr/bin/tar -xf /home/runner/work/_temp/a9a666fe-f998-4be2-91fa-a378528d5e67/cache.tzst -P -C /home/runner/work/AWA-App/AWA-App --use-compress-program unzstd
2025-08-16T21:48:02.7766821Z Cache restored successfully
2025-08-16T21:48:02.8241887Z Cache restored from key: Linux-int-dee7c0c28332ec2ebb5d2650fb0d2cfddf025b3b0e96b0c826645ad2cb717961
2025-08-16T21:48:02.8364123Z ##[group]Run pip install -r requirements-dev.txt
2025-08-16T21:48:02.8364789Z [36;1mpip install -r requirements-dev.txt[0m
2025-08-16T21:48:02.8365357Z [36;1mpip install keepa==1.3.15 minio==7.1.15[0m
2025-08-16T21:48:02.8426394Z shell: /usr/bin/bash -e {0}
2025-08-16T21:48:02.8426851Z env:
2025-08-16T21:48:02.8427184Z   PG_USER: postgres
2025-08-16T21:48:02.8427570Z   PG_PASSWORD: pass
2025-08-16T21:48:02.8427949Z   PG_DATABASE: awa
2025-08-16T21:48:02.8428311Z   PG_HOST: localhost
2025-08-16T21:48:02.8428676Z   PG_PORT: 5432
2025-08-16T21:48:02.8429423Z   PG_SYNC_DSN: ***localhost:5432/awa
2025-08-16T21:48:02.8430191Z   PG_ASYNC_DSN: ***localhost:5432/awa
2025-08-16T21:48:02.8430970Z   DATABASE_URL: ***localhost:5432/awa
2025-08-16T21:48:02.8431436Z   DATA_DIR: /tmp/awa-data
2025-08-16T21:48:02.8431814Z   ENABLE_LIVE: 0
2025-08-16T21:48:02.8432136Z   TESTING: 1
2025-08-16T21:48:02.8432586Z   pythonLocation: /opt/hostedtoolcache/Python/3.11.13/x64
2025-08-16T21:48:02.8433376Z   PKG_CONFIG_PATH: /opt/hostedtoolcache/Python/3.11.13/x64/lib/pkgconfig
2025-08-16T21:48:02.8434127Z   Python_ROOT_DIR: /opt/hostedtoolcache/Python/3.11.13/x64
2025-08-16T21:48:02.8434786Z   Python2_ROOT_DIR: /opt/hostedtoolcache/Python/3.11.13/x64
2025-08-16T21:48:02.8435478Z   Python3_ROOT_DIR: /opt/hostedtoolcache/Python/3.11.13/x64
2025-08-16T21:48:02.8436414Z   LD_LIBRARY_PATH: /opt/hostedtoolcache/Python/3.11.13/x64/lib
2025-08-16T21:48:02.8436984Z ##[endgroup]
2025-08-16T21:48:04.5615611Z Collecting Jinja2==3.1.6 (from -r requirements-dev.txt (line 2))
2025-08-16T21:48:04.5631049Z   Using cached jinja2-3.1.6-py3-none-any.whl.metadata (2.9 kB)
2025-08-16T21:48:04.5837528Z Collecting alembic==1.13.1 (from -r requirements-dev.txt (line 3))
2025-08-16T21:48:04.5851958Z   Using cached alembic-1.13.1-py3-none-any.whl.metadata (7.4 kB)
2025-08-16T21:48:04.6030815Z Collecting apscheduler==3.10.4 (from -r requirements-dev.txt (line 4))
2025-08-16T21:48:04.6044513Z   Using cached APScheduler-3.10.4-py3-none-any.whl.metadata (5.7 kB)
2025-08-16T21:48:04.6532524Z Collecting asyncpg==0.30.0 (from -r requirements-dev.txt (line 5))
2025-08-16T21:48:04.6547612Z   Using cached asyncpg-0.30.0-cp311-cp311-manylinux_2_17_x86_64.manylinux2014_x86_64.whl.metadata (5.0 kB)
2025-08-16T21:48:04.6969975Z Collecting black==25.1.0 (from -r requirements-dev.txt (line 6))
2025-08-16T21:48:04.6984337Z   Using cached black-25.1.0-cp311-cp311-manylinux_2_17_x86_64.manylinux2014_x86_64.manylinux_2_28_x86_64.whl.metadata (81 kB)
2025-08-16T21:48:05.0111610Z Collecting boto3 (from -r requirements-dev.txt (line 7))
2025-08-16T21:48:05.0943376Z   Downloading boto3-1.40.11-py3-none-any.whl.metadata (6.7 kB)
2025-08-16T21:48:05.1283535Z Collecting celery==5.4.0 (from -r requirements-dev.txt (line 8))
2025-08-16T21:48:05.1297762Z   Using cached celery-5.4.0-py3-none-any.whl.metadata (21 kB)
2025-08-16T21:48:05.1828413Z Collecting fastapi==0.116.1 (from -r requirements-dev.txt (line 9))
2025-08-16T21:48:05.1842909Z   Using cached fastapi-0.116.1-py3-none-any.whl.metadata (28 kB)
2025-08-16T21:48:05.2099181Z Collecting httpx<0.29,>=0.27 (from -r requirements-dev.txt (line 11))
2025-08-16T21:48:05.2112877Z   Using cached httpx-0.28.1-py3-none-any.whl.metadata (7.1 kB)
2025-08-16T21:48:05.2228360Z Collecting imapclient==3.0.1 (from -r requirements-dev.txt (line 12))
2025-08-16T21:48:05.2241835Z   Using cached IMAPClient-3.0.1-py2.py3-none-any.whl.metadata (1.7 kB)
2025-08-16T21:48:05.2337906Z Collecting itsdangerous (from -r requirements-dev.txt (line 13))
2025-08-16T21:48:05.2351498Z   Using cached itsdangerous-2.2.0-py3-none-any.whl.metadata (1.9 kB)
2025-08-16T21:48:05.3439137Z Collecting mypy==1.* (from -r requirements-dev.txt (line 14))
2025-08-16T21:48:05.3454307Z   Using cached mypy-1.17.1-cp311-cp311-manylinux2014_x86_64.manylinux_2_17_x86_64.manylinux_2_28_x86_64.whl.metadata (2.2 kB)
2025-08-16T21:48:05.3558768Z Collecting mypy-extensions==1.1.0 (from -r requirements-dev.txt (line 15))
2025-08-16T21:48:05.3572568Z   Using cached mypy_extensions-1.1.0-py3-none-any.whl.metadata (1.1 kB)
2025-08-16T21:48:05.3707059Z Collecting openpyxl==3.1.5 (from -r requirements-dev.txt (line 16))
2025-08-16T21:48:05.3720785Z   Using cached openpyxl-3.1.5-py2.py3-none-any.whl.metadata (2.5 kB)
2025-08-16T21:48:05.4695088Z Collecting pandas==2.3.1 (from -r requirements-dev.txt (line 17))
2025-08-16T21:48:05.4709524Z   Using cached pandas-2.3.1-cp311-cp311-manylinux_2_17_x86_64.manylinux2014_x86_64.whl.metadata (91 kB)
2025-08-16T21:48:05.5556460Z Collecting psycopg2-binary==2.9.9 (from -r requirements-dev.txt (line 18))
2025-08-16T21:48:05.5570903Z   Using cached psycopg2_binary-2.9.9-cp311-cp311-manylinux_2_17_x86_64.manylinux2014_x86_64.whl.metadata (4.4 kB)
2025-08-16T21:48:05.5715659Z Collecting psycopg==3.2.9 (from psycopg[binary]==3.2.9->-r requirements-dev.txt (line 19))
2025-08-16T21:48:05.5729443Z   Using cached psycopg-3.2.9-py3-none-any.whl.metadata (4.5 kB)
2025-08-16T21:48:05.6764656Z Collecting pydantic==2.11.7 (from -r requirements-dev.txt (line 20))
2025-08-16T21:48:05.6778415Z   Using cached pydantic-2.11.7-py3-none-any.whl.metadata (67 kB)
2025-08-16T21:48:05.6815548Z Requirement already satisfied: setuptools in /opt/hostedtoolcache/Python/3.11.13/x64/lib/python3.11/site-packages (from -r requirements-dev.txt (line 21)) (65.5.0)
2025-08-16T21:48:05.6969947Z Collecting pytest-asyncio==0.23.6 (from -r requirements-dev.txt (line 22))
2025-08-16T21:48:05.6982853Z   Using cached pytest_asyncio-0.23.6-py3-none-any.whl.metadata (3.9 kB)
2025-08-16T21:48:05.7144520Z Collecting pytest-cov==6.2.1 (from -r requirements-dev.txt (line 23))
2025-08-16T21:48:05.7158394Z   Using cached pytest_cov-6.2.1-py3-none-any.whl.metadata (30 kB)
2025-08-16T21:48:05.7323178Z Collecting pytest-postgresql==7.0.2 (from -r requirements-dev.txt (line 24))
2025-08-16T21:48:05.7336550Z   Using cached pytest_postgresql-7.0.2-py3-none-any.whl.metadata (18 kB)
2025-08-16T21:48:05.7492536Z Collecting python-dotenv (from -r requirements-dev.txt (line 25))
2025-08-16T21:48:05.7505691Z   Using cached python_dotenv-1.1.1-py3-none-any.whl.metadata (24 kB)
2025-08-16T21:48:05.7614934Z Collecting python-multipart (from -r requirements-dev.txt (line 26))
2025-08-16T21:48:05.7628137Z   Using cached python_multipart-0.0.20-py3-none-any.whl.metadata (1.8 kB)
2025-08-16T21:48:05.7897020Z Collecting python-telegram-bot==22.2 (from -r requirements-dev.txt (line 27))
2025-08-16T21:48:05.7910386Z   Using cached python_telegram_bot-22.2-py3-none-any.whl.metadata (17 kB)
2025-08-16T21:48:05.8168272Z Collecting requests==2.32.4 (from -r requirements-dev.txt (line 28))
2025-08-16T21:48:05.8182259Z   Using cached requests-2.32.4-py3-none-any.whl.metadata (4.9 kB)
2025-08-16T21:48:05.8378671Z Collecting respx==0.22.0 (from -r requirements-dev.txt (line 29))
2025-08-16T21:48:05.8391498Z   Using cached respx-0.22.0-py2.py3-none-any.whl.metadata (4.1 kB)
2025-08-16T21:48:06.1952806Z Collecting ruff==0.4.4 (from -r requirements-dev.txt (line 30))
2025-08-16T21:48:06.1968435Z   Using cached ruff-0.4.4-py3-none-manylinux_2_17_x86_64.manylinux2014_x86_64.whl.metadata (23 kB)
2025-08-16T21:48:06.4769903Z Collecting sqlalchemy==2.0.29 (from -r requirements-dev.txt (line 31))
2025-08-16T21:48:06.4785885Z   Using cached SQLAlchemy-2.0.29-cp311-cp311-manylinux_2_17_x86_64.manylinux2014_x86_64.whl.metadata (9.6 kB)
2025-08-16T21:48:06.4998240Z Collecting testcontainers==4.10.0 (from testcontainers[postgres]==4.10.0->-r requirements-dev.txt (line 32))
2025-08-16T21:48:06.5012041Z   Using cached testcontainers-4.10.0-py3-none-any.whl.metadata (7.8 kB)
2025-08-16T21:48:06.5365367Z Collecting types-requests==2.32.0.20240602 (from -r requirements-dev.txt (line 33))
2025-08-16T21:48:06.5379199Z   Using cached types_requests-2.32.0.20240602-py3-none-any.whl.metadata (1.8 kB)
2025-08-16T21:48:06.5495112Z Collecting docspec-python==2.2.2 (from -r requirements-dev.txt (line 34))
2025-08-16T21:48:06.5509022Z   Using cached docspec_python-2.2.2-py3-none-any.whl.metadata (1.0 kB)
2025-08-16T21:48:06.5702952Z Collecting pydoc-markdown==4.8.2 (from -r requirements-dev.txt (line 35))
2025-08-16T21:48:06.5716780Z   Using cached pydoc_markdown-4.8.2-py3-none-any.whl.metadata (5.9 kB)
2025-08-16T21:48:06.6202867Z Collecting MarkupSafe>=2.0 (from Jinja2==3.1.6->-r requirements-dev.txt (line 2))
2025-08-16T21:48:06.6217553Z   Using cached MarkupSafe-3.0.2-cp311-cp311-manylinux_2_17_x86_64.manylinux2014_x86_64.whl.metadata (4.0 kB)
2025-08-16T21:48:06.6450243Z Collecting Mako (from alembic==1.13.1->-r requirements-dev.txt (line 3))
2025-08-16T21:48:06.6463844Z   Using cached mako-1.3.10-py3-none-any.whl.metadata (2.9 kB)
2025-08-16T21:48:06.6620589Z Collecting typing-extensions>=4 (from alembic==1.13.1->-r requirements-dev.txt (line 3))
2025-08-16T21:48:06.6634655Z   Using cached typing_extensions-4.14.1-py3-none-any.whl.metadata (3.0 kB)
2025-08-16T21:48:06.6771266Z Collecting six>=1.4.0 (from apscheduler==3.10.4->-r requirements-dev.txt (line 4))
2025-08-16T21:48:06.6784965Z   Using cached six-1.17.0-py2.py3-none-any.whl.metadata (1.7 kB)
2025-08-16T21:48:06.7099780Z Collecting pytz (from apscheduler==3.10.4->-r requirements-dev.txt (line 4))
2025-08-16T21:48:06.7113829Z   Using cached pytz-2025.2-py2.py3-none-any.whl.metadata (22 kB)
2025-08-16T21:48:06.7284636Z Collecting tzlocal!=3.*,>=2.0 (from apscheduler==3.10.4->-r requirements-dev.txt (line 4))
2025-08-16T21:48:06.7298544Z   Using cached tzlocal-5.3.1-py3-none-any.whl.metadata (7.6 kB)
2025-08-16T21:48:06.7476695Z Collecting click>=8.0.0 (from black==25.1.0->-r requirements-dev.txt (line 6))
2025-08-16T21:48:06.7490659Z   Using cached click-8.2.1-py3-none-any.whl.metadata (2.5 kB)
2025-08-16T21:48:06.7639222Z Collecting packaging>=22.0 (from black==25.1.0->-r requirements-dev.txt (line 6))
2025-08-16T21:48:06.7662267Z   Using cached packaging-25.0-py3-none-any.whl.metadata (3.3 kB)
2025-08-16T21:48:06.7754506Z Collecting pathspec>=0.9.0 (from black==25.1.0->-r requirements-dev.txt (line 6))
2025-08-16T21:48:06.7768802Z   Using cached pathspec-0.12.1-py3-none-any.whl.metadata (21 kB)
2025-08-16T21:48:06.7940186Z Collecting platformdirs>=2 (from black==25.1.0->-r requirements-dev.txt (line 6))
2025-08-16T21:48:06.7952984Z   Using cached platformdirs-4.3.8-py3-none-any.whl.metadata (12 kB)
2025-08-16T21:48:06.8156999Z Collecting billiard<5.0,>=4.2.0 (from celery==5.4.0->-r requirements-dev.txt (line 8))
2025-08-16T21:48:06.8170253Z   Using cached billiard-4.2.1-py3-none-any.whl.metadata (4.4 kB)
2025-08-16T21:48:06.8474027Z Collecting kombu<6.0,>=5.3.4 (from celery==5.4.0->-r requirements-dev.txt (line 8))
2025-08-16T21:48:06.8487351Z   Using cached kombu-5.5.4-py3-none-any.whl.metadata (3.5 kB)
2025-08-16T21:48:06.8644392Z Collecting vine<6.0,>=5.1.0 (from celery==5.4.0->-r requirements-dev.txt (line 8))
2025-08-16T21:48:06.8657657Z   Using cached vine-5.1.0-py3-none-any.whl.metadata (2.7 kB)
2025-08-16T21:48:06.8799476Z Collecting click-didyoumean>=0.3.0 (from celery==5.4.0->-r requirements-dev.txt (line 8))
2025-08-16T21:48:06.8812447Z   Using cached click_didyoumean-0.3.1-py3-none-any.whl.metadata (3.9 kB)
2025-08-16T21:48:06.8911115Z Collecting click-repl>=0.2.0 (from celery==5.4.0->-r requirements-dev.txt (line 8))
2025-08-16T21:48:06.8924070Z   Using cached click_repl-0.3.0-py3-none-any.whl.metadata (3.6 kB)
2025-08-16T21:48:06.9033988Z Collecting click-plugins>=1.1.1 (from celery==5.4.0->-r requirements-dev.txt (line 8))
2025-08-16T21:48:06.9047261Z   Using cached click_plugins-1.1.1.2-py2.py3-none-any.whl.metadata (6.5 kB)
2025-08-16T21:48:06.9165681Z Collecting tzdata>=2022.7 (from celery==5.4.0->-r requirements-dev.txt (line 8))
2025-08-16T21:48:06.9179178Z   Using cached tzdata-2025.2-py2.py3-none-any.whl.metadata (1.4 kB)
2025-08-16T21:48:06.9283282Z Collecting python-dateutil>=2.8.2 (from celery==5.4.0->-r requirements-dev.txt (line 8))
2025-08-16T21:48:06.9296317Z   Using cached python_dateutil-2.9.0.post0-py2.py3-none-any.whl.metadata (8.4 kB)
2025-08-16T21:48:06.9584504Z Collecting starlette<0.48.0,>=0.40.0 (from fastapi==0.116.1->-r requirements-dev.txt (line 9))
2025-08-16T21:48:06.9597929Z   Using cached starlette-0.47.2-py3-none-any.whl.metadata (6.2 kB)
2025-08-16T21:48:07.0033143Z Collecting annotated-types>=0.6.0 (from pydantic==2.11.7->-r requirements-dev.txt (line 20))
2025-08-16T21:48:07.0046329Z   Using cached annotated_types-0.7.0-py3-none-any.whl.metadata (15 kB)
2025-08-16T21:48:07.7110828Z Collecting pydantic-core==2.33.2 (from pydantic==2.11.7->-r requirements-dev.txt (line 20))
2025-08-16T21:48:07.7126553Z   Using cached pydantic_core-2.33.2-cp311-cp311-manylinux_2_17_x86_64.manylinux2014_x86_64.whl.metadata (6.8 kB)
2025-08-16T21:48:07.7271441Z Collecting typing-inspection>=0.4.0 (from pydantic==2.11.7->-r requirements-dev.txt (line 20))
2025-08-16T21:48:07.7285050Z   Using cached typing_inspection-0.4.1-py3-none-any.whl.metadata (2.6 kB)
2025-08-16T21:48:07.7400589Z Collecting et-xmlfile (from openpyxl==3.1.5->-r requirements-dev.txt (line 16))
2025-08-16T21:48:07.7413641Z   Using cached et_xmlfile-2.0.0-py3-none-any.whl.metadata (2.7 kB)
2025-08-16T21:48:07.8998018Z Collecting numpy>=1.23.2 (from pandas==2.3.1->-r requirements-dev.txt (line 17))
2025-08-16T21:48:07.9013527Z   Using cached numpy-2.3.2-cp311-cp311-manylinux_2_27_x86_64.manylinux_2_28_x86_64.whl.metadata (62 kB)
2025-08-16T21:48:07.9554842Z Collecting pytest<9,>=7.0.0 (from pytest-asyncio==0.23.6->-r requirements-dev.txt (line 22))
2025-08-16T21:48:07.9569356Z   Using cached pytest-8.4.1-py3-none-any.whl.metadata (7.7 kB)
2025-08-16T21:48:08.2553928Z Collecting coverage>=7.5 (from coverage[toml]>=7.5->pytest-cov==6.2.1->-r requirements-dev.txt (line 23))
2025-08-16T21:48:08.2569481Z   Using cached coverage-7.10.3-cp311-cp311-manylinux1_x86_64.manylinux_2_28_x86_64.manylinux_2_5_x86_64.whl.metadata (8.9 kB)
2025-08-16T21:48:08.2691030Z Collecting pluggy>=1.2 (from pytest-cov==6.2.1->-r requirements-dev.txt (line 23))
2025-08-16T21:48:08.2704624Z   Using cached pluggy-1.6.0-py3-none-any.whl.metadata (4.8 kB)
2025-08-16T21:48:08.2942056Z Collecting port-for>=0.7.3 (from pytest-postgresql==7.0.2->-r requirements-dev.txt (line 24))
2025-08-16T21:48:08.2955013Z   Using cached port_for-0.7.4-py3-none-any.whl.metadata (7.1 kB)
2025-08-16T21:48:08.3136417Z Collecting mirakuru>=2.6.0 (from pytest-postgresql==7.0.2->-r requirements-dev.txt (line 24))
2025-08-16T21:48:08.3149286Z   Using cached mirakuru-2.6.1-py3-none-any.whl.metadata (10 kB)
2025-08-16T21:48:08.4741829Z Collecting charset_normalizer<4,>=2 (from requests==2.32.4->-r requirements-dev.txt (line 28))
2025-08-16T21:48:08.4757581Z   Using cached charset_normalizer-3.4.3-cp311-cp311-manylinux2014_x86_64.manylinux_2_17_x86_64.manylinux_2_28_x86_64.whl.metadata (36 kB)
2025-08-16T21:48:08.4904762Z Collecting idna<4,>=2.5 (from requests==2.32.4->-r requirements-dev.txt (line 28))
2025-08-16T21:48:08.4918553Z   Using cached idna-3.10-py3-none-any.whl.metadata (10 kB)
2025-08-16T21:48:08.5191516Z Collecting urllib3<3,>=1.21.1 (from requests==2.32.4->-r requirements-dev.txt (line 28))
2025-08-16T21:48:08.5205357Z   Using cached urllib3-2.5.0-py3-none-any.whl.metadata (6.5 kB)
2025-08-16T21:48:08.5390922Z Collecting certifi>=2017.4.17 (from requests==2.32.4->-r requirements-dev.txt (line 28))
2025-08-16T21:48:08.5404886Z   Using cached certifi-2025.8.3-py3-none-any.whl.metadata (2.4 kB)
2025-08-16T21:48:08.6600406Z Collecting greenlet!=0.4.17 (from sqlalchemy==2.0.29->-r requirements-dev.txt (line 31))
2025-08-16T21:48:08.6615013Z   Using cached greenlet-3.2.4-cp311-cp311-manylinux_2_24_x86_64.manylinux_2_28_x86_64.whl.metadata (4.1 kB)
2025-08-16T21:48:08.6853645Z Collecting docker (from testcontainers==4.10.0->testcontainers[postgres]==4.10.0->-r requirements-dev.txt (line 32))
2025-08-16T21:48:08.6867236Z   Using cached docker-7.1.0-py3-none-any.whl.metadata (3.8 kB)
2025-08-16T21:48:08.7749992Z Collecting wrapt (from testcontainers==4.10.0->testcontainers[postgres]==4.10.0->-r requirements-dev.txt (line 32))
2025-08-16T21:48:08.7763782Z   Using cached wrapt-1.17.3-cp311-cp311-manylinux1_x86_64.manylinux_2_28_x86_64.manylinux_2_5_x86_64.whl.metadata (6.4 kB)
2025-08-16T21:48:08.8003338Z Collecting docspec==2.2.1 (from docspec-python==2.2.2->-r requirements-dev.txt (line 34))
2025-08-16T21:48:08.8016465Z   Using cached docspec-2.2.1-py3-none-any.whl.metadata (1.5 kB)
2025-08-16T21:48:08.8166275Z Collecting nr-util>=0.8.12 (from docspec-python==2.2.2->-r requirements-dev.txt (line 34))
2025-08-16T21:48:08.8179317Z   Using cached nr.util-0.8.12-py3-none-any.whl.metadata (813 bytes)
2025-08-16T21:48:08.8516680Z Collecting PyYAML<7.0,>=5.0 (from pydoc-markdown==4.8.2->-r requirements-dev.txt (line 35))
2025-08-16T21:48:08.8529559Z   Using cached PyYAML-6.0.2-cp311-cp311-manylinux_2_17_x86_64.manylinux2014_x86_64.whl.metadata (2.1 kB)
2025-08-16T21:48:08.8771554Z Collecting databind.core<5.0.0,>=4.4.0 (from pydoc-markdown==4.8.2->-r requirements-dev.txt (line 35))
2025-08-16T21:48:08.8784406Z   Using cached databind.core-4.5.2-py3-none-any.whl.metadata (1.1 kB)
2025-08-16T21:48:08.9004285Z Collecting databind.json<5.0.0,>=4.4.0 (from pydoc-markdown==4.8.2->-r requirements-dev.txt (line 35))
2025-08-16T21:48:08.9017331Z   Using cached databind.json-4.5.2-py3-none-any.whl.metadata (1.1 kB)
2025-08-16T21:48:08.9139794Z Collecting docstring-parser<0.12,>=0.11 (from pydoc-markdown==4.8.2->-r requirements-dev.txt (line 35))
2025-08-16T21:48:08.9141191Z   Using cached docstring_parser-0.11-py3-none-any.whl
2025-08-16T21:48:08.9481311Z Collecting tomli<3.0.0,>=2.0.0 (from pydoc-markdown==4.8.2->-r requirements-dev.txt (line 35))
2025-08-16T21:48:08.9494930Z   Using cached tomli-2.2.1-cp311-cp311-manylinux_2_17_x86_64.manylinux2014_x86_64.whl.metadata (11 kB)
2025-08-16T21:48:08.9583206Z Collecting tomli_w<2.0.0,>=1.0.0 (from pydoc-markdown==4.8.2->-r requirements-dev.txt (line 35))
2025-08-16T21:48:08.9596192Z   Using cached tomli_w-1.2.0-py3-none-any.whl.metadata (5.7 kB)
2025-08-16T21:48:09.0033440Z Collecting watchdog (from pydoc-markdown==4.8.2->-r requirements-dev.txt (line 35))
2025-08-16T21:48:09.0047828Z   Using cached watchdog-6.0.0-py3-none-manylinux2014_x86_64.whl.metadata (44 kB)
2025-08-16T21:48:09.0247679Z Collecting yapf>=0.30.0 (from pydoc-markdown==4.8.2->-r requirements-dev.txt (line 35))
2025-08-16T21:48:09.0260735Z   Using cached yapf-0.43.0-py3-none-any.whl.metadata (46 kB)
2025-08-16T21:48:09.0425088Z Collecting Deprecated<2.0.0,>=1.2.12 (from docspec==2.2.1->docspec-python==2.2.2->-r requirements-dev.txt (line 34))
2025-08-16T21:48:09.0438792Z   Using cached Deprecated-1.2.18-py2.py3-none-any.whl.metadata (5.7 kB)
2025-08-16T21:48:09.1893863Z Collecting psycopg-binary==3.2.9 (from psycopg[binary]==3.2.9->-r requirements-dev.txt (line 19))
2025-08-16T21:48:09.1908779Z   Using cached psycopg_binary-3.2.9-cp311-cp311-manylinux_2_17_x86_64.manylinux2014_x86_64.whl.metadata (2.9 kB)
2025-08-16T21:48:09.2196296Z Collecting anyio (from httpx<0.29,>=0.27->-r requirements-dev.txt (line 11))
2025-08-16T21:48:09.2212760Z   Using cached anyio-4.10.0-py3-none-any.whl.metadata (4.0 kB)
2025-08-16T21:48:09.2447100Z Collecting httpcore==1.* (from httpx<0.29,>=0.27->-r requirements-dev.txt (line 11))
2025-08-16T21:48:09.2465171Z   Using cached httpcore-1.0.9-py3-none-any.whl.metadata (21 kB)
2025-08-16T21:48:09.2832572Z Collecting databind<5.0.0,>=4.5.2 (from databind.core<5.0.0,>=4.4.0->pydoc-markdown==4.8.2->-r requirements-dev.txt (line 35))
2025-08-16T21:48:09.2846364Z   Using cached databind-4.5.2-py3-none-any.whl.metadata (4.3 kB)
2025-08-16T21:48:09.2966093Z Collecting nr-date<3.0.0,>=2.0.0 (from databind<5.0.0,>=4.5.2->databind.core<5.0.0,>=4.4.0->pydoc-markdown==4.8.2->-r requirements-dev.txt (line 35))
2025-08-16T21:48:09.2978918Z   Using cached nr_date-2.1.0-py3-none-any.whl.metadata (746 bytes)
2025-08-16T21:48:09.3106802Z Collecting nr-stream<2.0.0,>=1.0.0 (from databind<5.0.0,>=4.5.2->databind.core<5.0.0,>=4.4.0->pydoc-markdown==4.8.2->-r requirements-dev.txt (line 35))
2025-08-16T21:48:09.3119670Z   Using cached nr_stream-1.1.5-py3-none-any.whl.metadata (3.6 kB)
2025-08-16T21:48:09.3295497Z Collecting typeapi<3,>=2.0.1 (from databind<5.0.0,>=4.5.2->databind.core<5.0.0,>=4.4.0->pydoc-markdown==4.8.2->-r requirements-dev.txt (line 35))
2025-08-16T21:48:09.3308261Z   Using cached typeapi-2.2.4-py3-none-any.whl.metadata (1.5 kB)
2025-08-16T21:48:09.3570497Z Collecting h11>=0.16 (from httpcore==1.*->httpx<0.29,>=0.27->-r requirements-dev.txt (line 11))
2025-08-16T21:48:09.3583372Z   Using cached h11-0.16.0-py3-none-any.whl.metadata (8.3 kB)
2025-08-16T21:48:09.3795227Z Collecting amqp<6.0.0,>=5.1.1 (from kombu<6.0,>=5.3.4->celery==5.4.0->-r requirements-dev.txt (line 8))
2025-08-16T21:48:09.3809046Z   Using cached amqp-5.3.1-py3-none-any.whl.metadata (8.9 kB)
2025-08-16T21:48:09.4116428Z Collecting iniconfig>=1 (from pytest<9,>=7.0.0->pytest-asyncio==0.23.6->-r requirements-dev.txt (line 22))
2025-08-16T21:48:09.4129351Z   Using cached iniconfig-2.1.0-py3-none-any.whl.metadata (2.7 kB)
2025-08-16T21:48:09.4344079Z Collecting pygments>=2.7.2 (from pytest<9,>=7.0.0->pytest-asyncio==0.23.6->-r requirements-dev.txt (line 22))
2025-08-16T21:48:09.4356712Z   Using cached pygments-2.19.2-py3-none-any.whl.metadata (2.5 kB)
2025-08-16T21:48:09.4641046Z Collecting sniffio>=1.1 (from anyio->httpx<0.29,>=0.27->-r requirements-dev.txt (line 11))
2025-08-16T21:48:09.4654124Z   Using cached sniffio-1.3.1-py3-none-any.whl.metadata (3.9 kB)
2025-08-16T21:48:09.8722241Z Collecting botocore<1.41.0,>=1.40.11 (from boto3->-r requirements-dev.txt (line 7))
2025-08-16T21:48:09.8920476Z   Downloading botocore-1.40.11-py3-none-any.whl.metadata (5.7 kB)
2025-08-16T21:48:09.9072712Z Collecting jmespath<2.0.0,>=0.7.1 (from boto3->-r requirements-dev.txt (line 7))
2025-08-16T21:48:09.9086260Z   Using cached jmespath-1.0.1-py3-none-any.whl.metadata (7.6 kB)
2025-08-16T21:48:09.9267812Z Collecting s3transfer<0.14.0,>=0.13.0 (from boto3->-r requirements-dev.txt (line 7))
2025-08-16T21:48:09.9281201Z   Using cached s3transfer-0.13.1-py3-none-any.whl.metadata (1.7 kB)
2025-08-16T21:48:10.0603857Z Collecting fastapi-cli>=0.0.8 (from fastapi-cli[standard]>=0.0.8; extra == "all"->fastapi[all]->-r requirements-dev.txt (line 10))
2025-08-16T21:48:10.0617673Z   Using cached fastapi_cli-0.0.8-py3-none-any.whl.metadata (6.3 kB)
2025-08-16T21:48:10.1320449Z Collecting ujson!=4.0.2,!=4.1.0,!=4.2.0,!=4.3.0,!=5.0.0,!=5.1.0,>=4.0.1 (from fastapi[all]->-r requirements-dev.txt (line 10))
2025-08-16T21:48:10.1334372Z   Using cached ujson-5.10.0-cp311-cp311-manylinux_2_17_x86_64.manylinux2014_x86_64.whl.metadata (9.3 kB)
2025-08-16T21:48:10.3584684Z Collecting orjson>=3.2.1 (from fastapi[all]->-r requirements-dev.txt (line 10))
2025-08-16T21:48:10.3600543Z   Using cached orjson-3.11.2-cp311-cp311-manylinux_2_17_x86_64.manylinux2014_x86_64.whl.metadata (1.2 kB)
2025-08-16T21:48:10.3722445Z Collecting email-validator>=2.0.0 (from fastapi[all]->-r requirements-dev.txt (line 10))
2025-08-16T21:48:10.3736426Z   Using cached email_validator-2.2.0-py3-none-any.whl.metadata (25 kB)
2025-08-16T21:48:10.4009631Z Collecting uvicorn>=0.12.0 (from uvicorn[standard]>=0.12.0; extra == "all"->fastapi[all]->-r requirements-dev.txt (line 10))
2025-08-16T21:48:10.4023043Z   Using cached uvicorn-0.35.0-py3-none-any.whl.metadata (6.5 kB)
2025-08-16T21:48:10.4171546Z Collecting pydantic-settings>=2.0.0 (from fastapi[all]->-r requirements-dev.txt (line 10))
2025-08-16T21:48:10.4185747Z   Using cached pydantic_settings-2.10.1-py3-none-any.whl.metadata (3.4 kB)
2025-08-16T21:48:10.4350662Z Collecting pydantic-extra-types>=2.0.0 (from fastapi[all]->-r requirements-dev.txt (line 10))
2025-08-16T21:48:10.4365207Z   Using cached pydantic_extra_types-2.10.5-py3-none-any.whl.metadata (3.9 kB)
2025-08-16T21:48:10.5045465Z Collecting prompt-toolkit>=3.0.36 (from click-repl>=0.2.0->celery==5.4.0->-r requirements-dev.txt (line 8))
2025-08-16T21:48:10.5059410Z   Using cached prompt_toolkit-3.0.51-py3-none-any.whl.metadata (6.4 kB)
2025-08-16T21:48:10.5245152Z Collecting dnspython>=2.0.0 (from email-validator>=2.0.0->fastapi[all]->-r requirements-dev.txt (line 10))
2025-08-16T21:48:10.5258768Z   Using cached dnspython-2.7.0-py3-none-any.whl.metadata (5.8 kB)
2025-08-16T21:48:10.5517787Z Collecting typer>=0.15.1 (from fastapi-cli>=0.0.8->fastapi-cli[standard]>=0.0.8; extra == "all"->fastapi[all]->-r requirements-dev.txt (line 10))
2025-08-16T21:48:10.5530271Z   Using cached typer-0.16.0-py3-none-any.whl.metadata (15 kB)
2025-08-16T21:48:10.5783592Z Collecting rich-toolkit>=0.14.8 (from fastapi-cli>=0.0.8->fastapi-cli[standard]>=0.0.8; extra == "all"->fastapi[all]->-r requirements-dev.txt (line 10))
2025-08-16T21:48:10.5796760Z   Using cached rich_toolkit-0.15.0-py3-none-any.whl.metadata (1.0 kB)
2025-08-16T21:48:10.5906428Z Collecting fastapi-cloud-cli>=0.1.1 (from fastapi-cli[standard]>=0.0.8; extra == "all"->fastapi[all]->-r requirements-dev.txt (line 10))
2025-08-16T21:48:10.5919478Z   Using cached fastapi_cloud_cli-0.1.5-py3-none-any.whl.metadata (3.2 kB)
2025-08-16T21:48:10.6622573Z Collecting rignore>=0.5.1 (from fastapi-cloud-cli>=0.1.1->fastapi-cli[standard]>=0.0.8; extra == "all"->fastapi[all]->-r requirements-dev.txt (line 10))
2025-08-16T21:48:10.6635361Z   Using cached rignore-0.6.4-cp311-cp311-manylinux_2_17_x86_64.manylinux2014_x86_64.whl.metadata (3.8 kB)
2025-08-16T21:48:10.7581149Z Collecting sentry-sdk>=2.20.0 (from fastapi-cloud-cli>=0.1.1->fastapi-cli[standard]>=0.0.8; extra == "all"->fastapi[all]->-r requirements-dev.txt (line 10))
2025-08-16T21:48:10.7776816Z   Downloading sentry_sdk-2.35.0-py2.py3-none-any.whl.metadata (10 kB)
2025-08-16T21:48:10.8677813Z Collecting psutil>=4.0.0 (from mirakuru>=2.6.0->pytest-postgresql==7.0.2->-r requirements-dev.txt (line 24))
2025-08-16T21:48:10.8691688Z   Using cached psutil-7.0.0-cp36-abi3-manylinux_2_12_x86_64.manylinux2010_x86_64.manylinux_2_17_x86_64.manylinux2014_x86_64.whl.metadata (22 kB)
2025-08-16T21:48:10.8990898Z Collecting wcwidth (from prompt-toolkit>=3.0.36->click-repl>=0.2.0->celery==5.4.0->-r requirements-dev.txt (line 8))
2025-08-16T21:48:10.9003632Z   Using cached wcwidth-0.2.13-py2.py3-none-any.whl.metadata (14 kB)
2025-08-16T21:48:10.9924950Z Collecting rich>=13.7.1 (from rich-toolkit>=0.14.8->fastapi-cli>=0.0.8->fastapi-cli[standard]>=0.0.8; extra == "all"->fastapi[all]->-r requirements-dev.txt (line 10))
2025-08-16T21:48:10.9937760Z   Using cached rich-14.1.0-py3-none-any.whl.metadata (18 kB)
2025-08-16T21:48:11.0107706Z Collecting markdown-it-py>=2.2.0 (from rich>=13.7.1->rich-toolkit>=0.14.8->fastapi-cli>=0.0.8->fastapi-cli[standard]>=0.0.8; extra == "all"->fastapi[all]->-r requirements-dev.txt (line 10))
2025-08-16T21:48:11.0120512Z   Using cached markdown_it_py-4.0.0-py3-none-any.whl.metadata (7.3 kB)
2025-08-16T21:48:11.0299585Z Collecting mdurl~=0.1 (from markdown-it-py>=2.2.0->rich>=13.7.1->rich-toolkit>=0.14.8->fastapi-cli>=0.0.8->fastapi-cli[standard]>=0.0.8; extra == "all"->fastapi[all]->-r requirements-dev.txt (line 10))
2025-08-16T21:48:11.0311981Z   Using cached mdurl-0.1.2-py3-none-any.whl.metadata (1.6 kB)
2025-08-16T21:48:11.1928180Z Collecting shellingham>=1.3.0 (from typer>=0.15.1->fastapi-cli>=0.0.8->fastapi-cli[standard]>=0.0.8; extra == "all"->fastapi[all]->-r requirements-dev.txt (line 10))
2025-08-16T21:48:11.1943474Z   Using cached shellingham-1.5.4-py2.py3-none-any.whl.metadata (3.5 kB)
2025-08-16T21:48:11.2608933Z Collecting httptools>=0.6.3 (from uvicorn[standard]>=0.12.0; extra == "all"->fastapi[all]->-r requirements-dev.txt (line 10))
2025-08-16T21:48:11.2623147Z   Using cached httptools-0.6.4-cp311-cp311-manylinux_2_5_x86_64.manylinux1_x86_64.manylinux_2_17_x86_64.manylinux2014_x86_64.whl.metadata (3.6 kB)
2025-08-16T21:48:11.3038497Z Collecting uvloop>=0.15.1 (from uvicorn[standard]>=0.12.0; extra == "all"->fastapi[all]->-r requirements-dev.txt (line 10))
2025-08-16T21:48:11.3052248Z   Using cached uvloop-0.21.0-cp311-cp311-manylinux_2_17_x86_64.manylinux2014_x86_64.whl.metadata (4.9 kB)
2025-08-16T21:48:11.3726294Z Collecting watchfiles>=0.13 (from uvicorn[standard]>=0.12.0; extra == "all"->fastapi[all]->-r requirements-dev.txt (line 10))
2025-08-16T21:48:11.3740911Z   Using cached watchfiles-1.1.0-cp311-cp311-manylinux_2_17_x86_64.manylinux2014_x86_64.whl.metadata (4.9 kB)
2025-08-16T21:48:11.4561196Z Collecting websockets>=10.4 (from uvicorn[standard]>=0.12.0; extra == "all"->fastapi[all]->-r requirements-dev.txt (line 10))
2025-08-16T21:48:11.4576392Z   Using cached websockets-15.0.1-cp311-cp311-manylinux_2_5_x86_64.manylinux1_x86_64.manylinux_2_17_x86_64.manylinux2014_x86_64.whl.metadata (6.8 kB)
2025-08-16T21:48:11.5214701Z Using cached jinja2-3.1.6-py3-none-any.whl (134 kB)
2025-08-16T21:48:11.5229671Z Using cached alembic-1.13.1-py3-none-any.whl (233 kB)
2025-08-16T21:48:11.5244734Z Using cached APScheduler-3.10.4-py3-none-any.whl (59 kB)
2025-08-16T21:48:11.5259427Z Using cached asyncpg-0.30.0-cp311-cp311-manylinux_2_17_x86_64.manylinux2014_x86_64.whl (3.1 MB)
2025-08-16T21:48:11.5296543Z Using cached black-25.1.0-cp311-cp311-manylinux_2_17_x86_64.manylinux2014_x86_64.manylinux_2_28_x86_64.whl (1.7 MB)
2025-08-16T21:48:11.5323522Z Using cached celery-5.4.0-py3-none-any.whl (425 kB)
2025-08-16T21:48:11.5340189Z Using cached fastapi-0.116.1-py3-none-any.whl (95 kB)
2025-08-16T21:48:11.5354172Z Using cached pydantic-2.11.7-py3-none-any.whl (444 kB)
2025-08-16T21:48:11.5370989Z Using cached IMAPClient-3.0.1-py2.py3-none-any.whl (182 kB)
2025-08-16T21:48:11.5385582Z Using cached mypy_extensions-1.1.0-py3-none-any.whl (5.0 kB)
2025-08-16T21:48:11.5399446Z Using cached openpyxl-3.1.5-py2.py3-none-any.whl (250 kB)
2025-08-16T21:48:11.5414708Z Using cached pandas-2.3.1-cp311-cp311-manylinux_2_17_x86_64.manylinux2014_x86_64.whl (12.4 MB)
2025-08-16T21:48:11.5519629Z Using cached psycopg2_binary-2.9.9-cp311-cp311-manylinux_2_17_x86_64.manylinux2014_x86_64.whl (3.0 MB)
2025-08-16T21:48:11.5554930Z Using cached psycopg-3.2.9-py3-none-any.whl (202 kB)
2025-08-16T21:48:11.5569812Z Using cached pytest_asyncio-0.23.6-py3-none-any.whl (17 kB)
2025-08-16T21:48:11.5583636Z Using cached pytest_cov-6.2.1-py3-none-any.whl (24 kB)
2025-08-16T21:48:11.5597229Z Using cached pytest_postgresql-7.0.2-py3-none-any.whl (41 kB)
2025-08-16T21:48:11.5610939Z Using cached python_telegram_bot-22.2-py3-none-any.whl (708 kB)
2025-08-16T21:48:11.5629611Z Using cached requests-2.32.4-py3-none-any.whl (64 kB)
2025-08-16T21:48:11.5643306Z Using cached respx-0.22.0-py2.py3-none-any.whl (25 kB)
2025-08-16T21:48:11.5657413Z Using cached ruff-0.4.4-py3-none-manylinux_2_17_x86_64.manylinux2014_x86_64.whl (8.7 MB)
2025-08-16T21:48:11.5734306Z Using cached SQLAlchemy-2.0.29-cp311-cp311-manylinux_2_17_x86_64.manylinux2014_x86_64.whl (3.2 MB)
2025-08-16T21:48:11.5771134Z Using cached testcontainers-4.10.0-py3-none-any.whl (107 kB)
2025-08-16T21:48:11.5785349Z Using cached types_requests-2.32.0.20240602-py3-none-any.whl (15 kB)
2025-08-16T21:48:11.5799599Z Using cached docspec_python-2.2.2-py3-none-any.whl (15 kB)
2025-08-16T21:48:11.5813081Z Using cached pydoc_markdown-4.8.2-py3-none-any.whl (67 kB)
2025-08-16T21:48:11.5826834Z Using cached docspec-2.2.1-py3-none-any.whl (9.8 kB)
2025-08-16T21:48:11.5840446Z Using cached psycopg_binary-3.2.9-cp311-cp311-manylinux_2_17_x86_64.manylinux2014_x86_64.whl (4.5 MB)
2025-08-16T21:48:11.5886876Z Using cached pydantic_core-2.33.2-cp311-cp311-manylinux_2_17_x86_64.manylinux2014_x86_64.whl (2.0 MB)
2025-08-16T21:48:11.5914825Z Using cached httpx-0.28.1-py3-none-any.whl (73 kB)
2025-08-16T21:48:11.5929154Z Using cached mypy-1.17.1-cp311-cp311-manylinux2014_x86_64.manylinux_2_17_x86_64.manylinux_2_28_x86_64.whl (12.6 MB)
2025-08-16T21:48:11.6034323Z Using cached billiard-4.2.1-py3-none-any.whl (86 kB)
2025-08-16T21:48:11.6048661Z Using cached charset_normalizer-3.4.3-cp311-cp311-manylinux2014_x86_64.manylinux_2_17_x86_64.manylinux_2_28_x86_64.whl (150 kB)
2025-08-16T21:48:11.6062674Z Using cached click-8.2.1-py3-none-any.whl (102 kB)
2025-08-16T21:48:11.6076859Z Using cached databind.core-4.5.2-py3-none-any.whl (1.5 kB)
2025-08-16T21:48:11.6090220Z Using cached databind-4.5.2-py3-none-any.whl (49 kB)
2025-08-16T21:48:11.6103568Z Using cached databind.json-4.5.2-py3-none-any.whl (1.5 kB)
2025-08-16T21:48:11.6116827Z Using cached Deprecated-1.2.18-py2.py3-none-any.whl (10.0 kB)
2025-08-16T21:48:11.6130517Z Using cached httpcore-1.0.9-py3-none-any.whl (78 kB)
2025-08-16T21:48:11.6143998Z Using cached idna-3.10-py3-none-any.whl (70 kB)
2025-08-16T21:48:11.6157718Z Using cached kombu-5.5.4-py3-none-any.whl (210 kB)
2025-08-16T21:48:11.6172341Z Using cached vine-5.1.0-py3-none-any.whl (9.6 kB)
2025-08-16T21:48:11.6185551Z Using cached amqp-5.3.1-py3-none-any.whl (50 kB)
2025-08-16T21:48:11.6199332Z Using cached nr_date-2.1.0-py3-none-any.whl (10 kB)
2025-08-16T21:48:11.6212741Z Using cached nr_stream-1.1.5-py3-none-any.whl (10 kB)
2025-08-16T21:48:11.6226344Z Using cached nr.util-0.8.12-py3-none-any.whl (90 kB)
2025-08-16T21:48:11.6240175Z Using cached pytest-8.4.1-py3-none-any.whl (365 kB)
2025-08-16T21:48:11.6255842Z Using cached pluggy-1.6.0-py3-none-any.whl (20 kB)
2025-08-16T21:48:11.6270101Z Using cached PyYAML-6.0.2-cp311-cp311-manylinux_2_17_x86_64.manylinux2014_x86_64.whl (762 kB)
2025-08-16T21:48:11.6288753Z Using cached starlette-0.47.2-py3-none-any.whl (72 kB)
2025-08-16T21:48:11.6302280Z Using cached anyio-4.10.0-py3-none-any.whl (107 kB)
2025-08-16T21:48:11.6316622Z Using cached tomli-2.2.1-cp311-cp311-manylinux_2_17_x86_64.manylinux2014_x86_64.whl (236 kB)
2025-08-16T21:48:11.6331650Z Using cached tomli_w-1.2.0-py3-none-any.whl (6.7 kB)
2025-08-16T21:48:11.6344797Z Using cached typeapi-2.2.4-py3-none-any.whl (26 kB)
2025-08-16T21:48:11.6358501Z Using cached typing_extensions-4.14.1-py3-none-any.whl (43 kB)
2025-08-16T21:48:11.6372128Z Using cached urllib3-2.5.0-py3-none-any.whl (129 kB)
2025-08-16T21:48:11.6386855Z Using cached wrapt-1.17.3-cp311-cp311-manylinux1_x86_64.manylinux_2_28_x86_64.manylinux_2_5_x86_64.whl (82 kB)
2025-08-16T21:48:11.6582536Z Downloading boto3-1.40.11-py3-none-any.whl (140 kB)
2025-08-16T21:48:11.7149390Z Downloading botocore-1.40.11-py3-none-any.whl (14.0 MB)
2025-08-16T21:48:11.8572499Z    ━━━━━━━━━━━━━━━━━━━━━━━━━━━━━━━━━━━━━━━━ 14.0/14.0 MB 112.7 MB/s  0:00:00
2025-08-16T21:48:11.8586962Z Using cached jmespath-1.0.1-py3-none-any.whl (20 kB)
2025-08-16T21:48:11.8601360Z Using cached python_dateutil-2.9.0.post0-py2.py3-none-any.whl (229 kB)
2025-08-16T21:48:11.8616416Z Using cached s3transfer-0.13.1-py3-none-any.whl (85 kB)
2025-08-16T21:48:11.8630428Z Using cached itsdangerous-2.2.0-py3-none-any.whl (16 kB)
2025-08-16T21:48:11.8643892Z Using cached python_dotenv-1.1.1-py3-none-any.whl (20 kB)
2025-08-16T21:48:11.8658059Z Using cached python_multipart-0.0.20-py3-none-any.whl (24 kB)
2025-08-16T21:48:11.8671659Z Using cached annotated_types-0.7.0-py3-none-any.whl (13 kB)
2025-08-16T21:48:11.8685121Z Using cached certifi-2025.8.3-py3-none-any.whl (161 kB)
2025-08-16T21:48:11.8699898Z Using cached click_didyoumean-0.3.1-py3-none-any.whl (3.6 kB)
2025-08-16T21:48:11.8713267Z Using cached click_plugins-1.1.1.2-py2.py3-none-any.whl (11 kB)
2025-08-16T21:48:11.8726657Z Using cached click_repl-0.3.0-py3-none-any.whl (10 kB)
2025-08-16T21:48:11.8741050Z Using cached coverage-7.10.3-cp311-cp311-manylinux1_x86_64.manylinux_2_28_x86_64.manylinux_2_5_x86_64.whl (248 kB)
2025-08-16T21:48:11.8756134Z Using cached email_validator-2.2.0-py3-none-any.whl (33 kB)
2025-08-16T21:48:11.8770194Z Using cached dnspython-2.7.0-py3-none-any.whl (313 kB)
2025-08-16T21:48:11.8785839Z Using cached fastapi_cli-0.0.8-py3-none-any.whl (10 kB)
2025-08-16T21:48:11.8799506Z Using cached fastapi_cloud_cli-0.1.5-py3-none-any.whl (18 kB)
2025-08-16T21:48:11.8813331Z Using cached greenlet-3.2.4-cp311-cp311-manylinux_2_24_x86_64.manylinux_2_28_x86_64.whl (587 kB)
2025-08-16T21:48:11.8830985Z Using cached h11-0.16.0-py3-none-any.whl (37 kB)
2025-08-16T21:48:11.8845110Z Using cached iniconfig-2.1.0-py3-none-any.whl (6.0 kB)
2025-08-16T21:48:11.8859111Z Using cached MarkupSafe-3.0.2-cp311-cp311-manylinux_2_17_x86_64.manylinux2014_x86_64.whl (23 kB)
2025-08-16T21:48:11.8872553Z Using cached mirakuru-2.6.1-py3-none-any.whl (26 kB)
2025-08-16T21:48:11.8886456Z Using cached numpy-2.3.2-cp311-cp311-manylinux_2_27_x86_64.manylinux_2_28_x86_64.whl (16.9 MB)
2025-08-16T21:48:11.9020972Z Using cached orjson-3.11.2-cp311-cp311-manylinux_2_17_x86_64.manylinux2014_x86_64.whl (121 kB)
2025-08-16T21:48:11.9034876Z Using cached packaging-25.0-py3-none-any.whl (66 kB)
2025-08-16T21:48:11.9048784Z Using cached pathspec-0.12.1-py3-none-any.whl (31 kB)
2025-08-16T21:48:11.9062386Z Using cached platformdirs-4.3.8-py3-none-any.whl (18 kB)
2025-08-16T21:48:11.9075527Z Using cached port_for-0.7.4-py3-none-any.whl (21 kB)
2025-08-16T21:48:11.9089264Z Using cached prompt_toolkit-3.0.51-py3-none-any.whl (387 kB)
2025-08-16T21:48:11.9105897Z Using cached psutil-7.0.0-cp36-abi3-manylinux_2_12_x86_64.manylinux2010_x86_64.manylinux_2_17_x86_64.manylinux2014_x86_64.whl (277 kB)
2025-08-16T21:48:11.9121193Z Using cached pydantic_extra_types-2.10.5-py3-none-any.whl (38 kB)
2025-08-16T21:48:11.9134798Z Using cached pydantic_settings-2.10.1-py3-none-any.whl (45 kB)
2025-08-16T21:48:11.9149526Z Using cached pygments-2.19.2-py3-none-any.whl (1.2 MB)
2025-08-16T21:48:11.9171475Z Using cached pytz-2025.2-py2.py3-none-any.whl (509 kB)
2025-08-16T21:48:11.9187894Z Using cached rich_toolkit-0.15.0-py3-none-any.whl (29 kB)
2025-08-16T21:48:11.9201077Z Using cached rich-14.1.0-py3-none-any.whl (243 kB)
2025-08-16T21:48:11.9215712Z Using cached markdown_it_py-4.0.0-py3-none-any.whl (87 kB)
2025-08-16T21:48:11.9229455Z Using cached mdurl-0.1.2-py3-none-any.whl (10.0 kB)
2025-08-16T21:48:11.9242553Z Using cached rignore-0.6.4-cp311-cp311-manylinux_2_17_x86_64.manylinux2014_x86_64.whl (950 kB)
2025-08-16T21:48:11.9444980Z Downloading sentry_sdk-2.35.0-py2.py3-none-any.whl (363 kB)
2025-08-16T21:48:11.9491470Z Using cached six-1.17.0-py2.py3-none-any.whl (11 kB)
2025-08-16T21:48:11.9504681Z Using cached sniffio-1.3.1-py3-none-any.whl (10 kB)
2025-08-16T21:48:11.9518074Z Using cached typer-0.16.0-py3-none-any.whl (46 kB)
2025-08-16T21:48:11.9531585Z Using cached shellingham-1.5.4-py2.py3-none-any.whl (9.8 kB)
2025-08-16T21:48:11.9544752Z Using cached typing_inspection-0.4.1-py3-none-any.whl (14 kB)
2025-08-16T21:48:11.9559622Z Using cached tzdata-2025.2-py2.py3-none-any.whl (347 kB)
2025-08-16T21:48:11.9575055Z Using cached tzlocal-5.3.1-py3-none-any.whl (18 kB)
2025-08-16T21:48:11.9588888Z Using cached ujson-5.10.0-cp311-cp311-manylinux_2_17_x86_64.manylinux2014_x86_64.whl (53 kB)
2025-08-16T21:48:11.9602124Z Using cached uvicorn-0.35.0-py3-none-any.whl (66 kB)
2025-08-16T21:48:11.9616364Z Using cached httptools-0.6.4-cp311-cp311-manylinux_2_5_x86_64.manylinux1_x86_64.manylinux_2_17_x86_64.manylinux2014_x86_64.whl (459 kB)
2025-08-16T21:48:11.9632922Z Using cached uvloop-0.21.0-cp311-cp311-manylinux_2_17_x86_64.manylinux2014_x86_64.whl (4.0 MB)
2025-08-16T21:48:11.9675370Z Using cached watchfiles-1.1.0-cp311-cp311-manylinux_2_17_x86_64.manylinux2014_x86_64.whl (453 kB)
2025-08-16T21:48:11.9692143Z Using cached websockets-15.0.1-cp311-cp311-manylinux_2_5_x86_64.manylinux1_x86_64.manylinux_2_17_x86_64.manylinux2014_x86_64.whl (182 kB)
2025-08-16T21:48:11.9706043Z Using cached yapf-0.43.0-py3-none-any.whl (256 kB)
2025-08-16T21:48:11.9720950Z Using cached docker-7.1.0-py3-none-any.whl (147 kB)
2025-08-16T21:48:11.9734958Z Using cached et_xmlfile-2.0.0-py3-none-any.whl (18 kB)
2025-08-16T21:48:11.9748385Z Using cached mako-1.3.10-py3-none-any.whl (78 kB)
2025-08-16T21:48:11.9762191Z Using cached watchdog-6.0.0-py3-none-manylinux2014_x86_64.whl (79 kB)
2025-08-16T21:48:11.9775414Z Using cached wcwidth-0.2.13-py2.py3-none-any.whl (34 kB)
2025-08-16T21:48:12.3499915Z Installing collected packages: wcwidth, pytz, wrapt, websockets, watchdog, vine, uvloop, urllib3, ujson, tzlocal, tzdata, typing-extensions, tomli_w, tomli, sniffio, six, shellingham, ruff, rignore, PyYAML, python-multipart, python-dotenv, pygments, psycopg2-binary, psycopg-binary, psutil, prompt-toolkit, port-for, pluggy, platformdirs, pathspec, packaging, orjson, numpy, nr-stream, nr-date, mypy-extensions, mdurl, MarkupSafe, jmespath, itsdangerous, iniconfig, imapclient, idna, httptools, h11, greenlet, et-xmlfile, docstring-parser, dnspython, coverage, click, charset_normalizer, certifi, billiard, asyncpg, annotated-types, yapf, uvicorn, typing-inspection, types-requests, typeapi, sqlalchemy, sentry-sdk, requests, python-dateutil, pytest, pydantic-core, psycopg, openpyxl, mypy, mirakuru, markdown-it-py, Mako, Jinja2, httpcore, email-validator, Deprecated, click-repl, click-plugins, click-didyoumean, black, apscheduler, anyio, amqp, watchfiles, starlette, rich, pytest-postgresql, pytest-cov, pytest-asyncio, pydantic, pandas, nr-util, kombu, httpx, docker, databind, botocore, alembic, typer, testcontainers, s3transfer, rich-toolkit, respx, python-telegram-bot, pydantic-settings, pydantic-extra-types, fastapi, databind.json, databind.core, celery, fastapi-cloud-cli, fastapi-cli, docspec, boto3, docspec-python, pydoc-markdown
2025-08-16T21:48:27.5661351Z 
2025-08-16T21:48:27.5722293Z Successfully installed Deprecated-1.2.18 Jinja2-3.1.6 Mako-1.3.10 MarkupSafe-3.0.2 PyYAML-6.0.2 alembic-1.13.1 amqp-5.3.1 annotated-types-0.7.0 anyio-4.10.0 apscheduler-3.10.4 asyncpg-0.30.0 billiard-4.2.1 black-25.1.0 boto3-1.40.11 botocore-1.40.11 celery-5.4.0 certifi-2025.8.3 charset_normalizer-3.4.3 click-8.2.1 click-didyoumean-0.3.1 click-plugins-1.1.1.2 click-repl-0.3.0 coverage-7.10.3 databind-4.5.2 databind.core-4.5.2 databind.json-4.5.2 dnspython-2.7.0 docker-7.1.0 docspec-2.2.1 docspec-python-2.2.2 docstring-parser-0.11 email-validator-2.2.0 et-xmlfile-2.0.0 fastapi-0.116.1 fastapi-cli-0.0.8 fastapi-cloud-cli-0.1.5 greenlet-3.2.4 h11-0.16.0 httpcore-1.0.9 httptools-0.6.4 httpx-0.28.1 idna-3.10 imapclient-3.0.1 iniconfig-2.1.0 itsdangerous-2.2.0 jmespath-1.0.1 kombu-5.5.4 markdown-it-py-4.0.0 mdurl-0.1.2 mirakuru-2.6.1 mypy-1.17.1 mypy-extensions-1.1.0 nr-date-2.1.0 nr-stream-1.1.5 nr-util-0.8.12 numpy-2.3.2 openpyxl-3.1.5 orjson-3.11.2 packaging-25.0 pandas-2.3.1 pathspec-0.12.1 platformdirs-4.3.8 pluggy-1.6.0 port-for-0.7.4 prompt-toolkit-3.0.51 psutil-7.0.0 psycopg-3.2.9 psycopg-binary-3.2.9 psycopg2-binary-2.9.9 pydantic-2.11.7 pydantic-core-2.33.2 pydantic-extra-types-2.10.5 pydantic-settings-2.10.1 pydoc-markdown-4.8.2 pygments-2.19.2 pytest-8.4.1 pytest-asyncio-0.23.6 pytest-cov-6.2.1 pytest-postgresql-7.0.2 python-dateutil-2.9.0.post0 python-dotenv-1.1.1 python-multipart-0.0.20 python-telegram-bot-22.2 pytz-2025.2 requests-2.32.4 respx-0.22.0 rich-14.1.0 rich-toolkit-0.15.0 rignore-0.6.4 ruff-0.4.4 s3transfer-0.13.1 sentry-sdk-2.35.0 shellingham-1.5.4 six-1.17.0 sniffio-1.3.1 sqlalchemy-2.0.29 starlette-0.47.2 testcontainers-4.10.0 tomli-2.2.1 tomli_w-1.2.0 typeapi-2.2.4 typer-0.16.0 types-requests-2.32.0.20240602 typing-extensions-4.14.1 typing-inspection-0.4.1 tzdata-2025.2 tzlocal-5.3.1 ujson-5.10.0 urllib3-2.5.0 uvicorn-0.35.0 uvloop-0.21.0 vine-5.1.0 watchdog-6.0.0 watchfiles-1.1.0 wcwidth-0.2.13 websockets-15.0.1 wrapt-1.17.3 yapf-0.43.0
2025-08-16T21:48:28.8385053Z Collecting keepa==1.3.15
2025-08-16T21:48:28.8400423Z   Using cached keepa-1.3.15-py3-none-any.whl.metadata (11 kB)
2025-08-16T21:48:28.8673771Z Collecting minio==7.1.15
2025-08-16T21:48:28.8688482Z   Using cached minio-7.1.15-py3-none-any.whl.metadata (4.2 kB)
2025-08-16T21:48:28.8712707Z Requirement already satisfied: numpy>=1.9.3 in /opt/hostedtoolcache/Python/3.11.13/x64/lib/python3.11/site-packages (from keepa==1.3.15) (2.3.2)
2025-08-16T21:48:28.8718002Z Requirement already satisfied: requests>=2.2 in /opt/hostedtoolcache/Python/3.11.13/x64/lib/python3.11/site-packages (from keepa==1.3.15) (2.32.4)
2025-08-16T21:48:28.9018613Z Collecting tqdm (from keepa==1.3.15)
2025-08-16T21:48:28.9032617Z   Using cached tqdm-4.67.1-py3-none-any.whl.metadata (57 kB)
2025-08-16T21:48:29.3787476Z Collecting aiohttp (from keepa==1.3.15)
2025-08-16T21:48:29.3804139Z   Using cached aiohttp-3.12.15-cp311-cp311-manylinux_2_17_x86_64.manylinux2014_x86_64.whl.metadata (7.7 kB)
2025-08-16T21:48:29.3834922Z Requirement already satisfied: pandas<=3.0 in /opt/hostedtoolcache/Python/3.11.13/x64/lib/python3.11/site-packages (from keepa==1.3.15) (2.3.1)
2025-08-16T21:48:29.3839191Z Requirement already satisfied: pydantic in /opt/hostedtoolcache/Python/3.11.13/x64/lib/python3.11/site-packages (from keepa==1.3.15) (2.11.7)
2025-08-16T21:48:29.3846427Z Requirement already satisfied: certifi in /opt/hostedtoolcache/Python/3.11.13/x64/lib/python3.11/site-packages (from minio==7.1.15) (2025.8.3)
2025-08-16T21:48:29.3849497Z Requirement already satisfied: urllib3 in /opt/hostedtoolcache/Python/3.11.13/x64/lib/python3.11/site-packages (from minio==7.1.15) (2.5.0)
2025-08-16T21:48:29.3897201Z Requirement already satisfied: python-dateutil>=2.8.2 in /opt/hostedtoolcache/Python/3.11.13/x64/lib/python3.11/site-packages (from pandas<=3.0->keepa==1.3.15) (2.9.0.post0)
2025-08-16T21:48:29.3901729Z Requirement already satisfied: pytz>=2020.1 in /opt/hostedtoolcache/Python/3.11.13/x64/lib/python3.11/site-packages (from pandas<=3.0->keepa==1.3.15) (2025.2)
2025-08-16T21:48:29.3906310Z Requirement already satisfied: tzdata>=2022.7 in /opt/hostedtoolcache/Python/3.11.13/x64/lib/python3.11/site-packages (from pandas<=3.0->keepa==1.3.15) (2025.2)
2025-08-16T21:48:29.4019779Z Requirement already satisfied: six>=1.5 in /opt/hostedtoolcache/Python/3.11.13/x64/lib/python3.11/site-packages (from python-dateutil>=2.8.2->pandas<=3.0->keepa==1.3.15) (1.17.0)
2025-08-16T21:48:29.4036675Z Requirement already satisfied: charset_normalizer<4,>=2 in /opt/hostedtoolcache/Python/3.11.13/x64/lib/python3.11/site-packages (from requests>=2.2->keepa==1.3.15) (3.4.3)
2025-08-16T21:48:29.4041800Z Requirement already satisfied: idna<4,>=2.5 in /opt/hostedtoolcache/Python/3.11.13/x64/lib/python3.11/site-packages (from requests>=2.2->keepa==1.3.15) (3.10)
2025-08-16T21:48:29.4228659Z Collecting aiohappyeyeballs>=2.5.0 (from aiohttp->keepa==1.3.15)
2025-08-16T21:48:29.4242637Z   Using cached aiohappyeyeballs-2.6.1-py3-none-any.whl.metadata (5.9 kB)
2025-08-16T21:48:29.4330706Z Collecting aiosignal>=1.4.0 (from aiohttp->keepa==1.3.15)
2025-08-16T21:48:29.4344069Z   Using cached aiosignal-1.4.0-py3-none-any.whl.metadata (3.7 kB)
2025-08-16T21:48:29.4477886Z Collecting attrs>=17.3.0 (from aiohttp->keepa==1.3.15)
2025-08-16T21:48:29.4491201Z   Using cached attrs-25.3.0-py3-none-any.whl.metadata (10 kB)
2025-08-16T21:48:29.5176609Z Collecting frozenlist>=1.1.1 (from aiohttp->keepa==1.3.15)
2025-08-16T21:48:29.5193002Z   Using cached frozenlist-1.7.0-cp311-cp311-manylinux_2_5_x86_64.manylinux1_x86_64.manylinux_2_17_x86_64.manylinux2014_x86_64.whl.metadata (18 kB)
2025-08-16T21:48:29.7343146Z Collecting multidict<7.0,>=4.5 (from aiohttp->keepa==1.3.15)
2025-08-16T21:48:29.7358737Z   Using cached multidict-6.6.4-cp311-cp311-manylinux2014_x86_64.manylinux_2_17_x86_64.manylinux_2_28_x86_64.whl.metadata (5.3 kB)
2025-08-16T21:48:29.7753981Z Collecting propcache>=0.2.0 (from aiohttp->keepa==1.3.15)
2025-08-16T21:48:29.7767940Z   Using cached propcache-0.3.2-cp311-cp311-manylinux_2_17_x86_64.manylinux2014_x86_64.whl.metadata (12 kB)
2025-08-16T21:48:30.0226898Z Collecting yarl<2.0,>=1.17.0 (from aiohttp->keepa==1.3.15)
2025-08-16T21:48:30.0242708Z   Using cached yarl-1.20.1-cp311-cp311-manylinux_2_17_x86_64.manylinux2014_x86_64.whl.metadata (73 kB)
2025-08-16T21:48:30.0438053Z Requirement already satisfied: typing-extensions>=4.2 in /opt/hostedtoolcache/Python/3.11.13/x64/lib/python3.11/site-packages (from aiosignal>=1.4.0->aiohttp->keepa==1.3.15) (4.14.1)
2025-08-16T21:48:30.0482441Z Requirement already satisfied: annotated-types>=0.6.0 in /opt/hostedtoolcache/Python/3.11.13/x64/lib/python3.11/site-packages (from pydantic->keepa==1.3.15) (0.7.0)
2025-08-16T21:48:30.0487309Z Requirement already satisfied: pydantic-core==2.33.2 in /opt/hostedtoolcache/Python/3.11.13/x64/lib/python3.11/site-packages (from pydantic->keepa==1.3.15) (2.33.2)
2025-08-16T21:48:30.0493885Z Requirement already satisfied: typing-inspection>=0.4.0 in /opt/hostedtoolcache/Python/3.11.13/x64/lib/python3.11/site-packages (from pydantic->keepa==1.3.15) (0.4.1)
2025-08-16T21:48:30.0550815Z Using cached keepa-1.3.15-py3-none-any.whl (38 kB)
2025-08-16T21:48:30.0563586Z Using cached minio-7.1.15-py3-none-any.whl (77 kB)
2025-08-16T21:48:30.0578036Z Using cached aiohttp-3.12.15-cp311-cp311-manylinux_2_17_x86_64.manylinux2014_x86_64.whl (1.7 MB)
2025-08-16T21:48:30.0603302Z Using cached multidict-6.6.4-cp311-cp311-manylinux2014_x86_64.manylinux_2_17_x86_64.manylinux_2_28_x86_64.whl (246 kB)
2025-08-16T21:48:30.0617505Z Using cached yarl-1.20.1-cp311-cp311-manylinux_2_17_x86_64.manylinux2014_x86_64.whl (348 kB)
2025-08-16T21:48:30.0632484Z Using cached aiohappyeyeballs-2.6.1-py3-none-any.whl (15 kB)
2025-08-16T21:48:30.0645105Z Using cached aiosignal-1.4.0-py3-none-any.whl (7.5 kB)
2025-08-16T21:48:30.0657901Z Using cached attrs-25.3.0-py3-none-any.whl (63 kB)
2025-08-16T21:48:30.0671643Z Using cached frozenlist-1.7.0-cp311-cp311-manylinux_2_5_x86_64.manylinux1_x86_64.manylinux_2_17_x86_64.manylinux2014_x86_64.whl (235 kB)
2025-08-16T21:48:30.0685833Z Using cached propcache-0.3.2-cp311-cp311-manylinux_2_17_x86_64.manylinux2014_x86_64.whl (213 kB)
2025-08-16T21:48:30.0699949Z Using cached tqdm-4.67.1-py3-none-any.whl (78 kB)
2025-08-16T21:48:30.2114692Z Installing collected packages: tqdm, propcache, multidict, minio, frozenlist, attrs, aiohappyeyeballs, yarl, aiosignal, aiohttp, keepa
2025-08-16T21:48:30.5937210Z 
2025-08-16T21:48:30.5988286Z Successfully installed aiohappyeyeballs-2.6.1 aiohttp-3.12.15 aiosignal-1.4.0 attrs-25.3.0 frozenlist-1.7.0 keepa-1.3.15 minio-7.1.15 multidict-6.6.4 propcache-0.3.2 tqdm-4.67.1 yarl-1.20.1
2025-08-16T21:48:30.7568280Z ##[group]Run sudo apt-get update
2025-08-16T21:48:30.7568615Z [36;1msudo apt-get update[0m
2025-08-16T21:48:30.7568902Z [36;1msudo apt-get install -y postgresql[0m
2025-08-16T21:48:30.7569395Z [36;1mecho "/usr/lib/postgresql/$(pg_config --version | cut -d' ' -f2 | cut -d'.' -f1,2)/bin" >> $GITHUB_PATH[0m
2025-08-16T21:48:30.7609720Z shell: /usr/bin/bash -e {0}
2025-08-16T21:48:30.7609974Z env:
2025-08-16T21:48:30.7610175Z   PG_USER: postgres
2025-08-16T21:48:30.7610393Z   PG_PASSWORD: pass
2025-08-16T21:48:30.7610608Z   PG_DATABASE: awa
2025-08-16T21:48:30.7610824Z   PG_HOST: localhost
2025-08-16T21:48:30.7611042Z   PG_PORT: 5432
2025-08-16T21:48:30.7611509Z   PG_SYNC_DSN: ***localhost:5432/awa
2025-08-16T21:48:30.7611936Z   PG_ASYNC_DSN: ***localhost:5432/awa
2025-08-16T21:48:30.7612341Z   DATABASE_URL: ***localhost:5432/awa
2025-08-16T21:48:30.7612604Z   DATA_DIR: /tmp/awa-data
2025-08-16T21:48:30.7612840Z   ENABLE_LIVE: 0
2025-08-16T21:48:30.7613048Z   TESTING: 1
2025-08-16T21:48:30.7613344Z   pythonLocation: /opt/hostedtoolcache/Python/3.11.13/x64
2025-08-16T21:48:30.7613944Z   PKG_CONFIG_PATH: /opt/hostedtoolcache/Python/3.11.13/x64/lib/pkgconfig
2025-08-16T21:48:30.7614352Z   Python_ROOT_DIR: /opt/hostedtoolcache/Python/3.11.13/x64
2025-08-16T21:48:30.7614724Z   Python2_ROOT_DIR: /opt/hostedtoolcache/Python/3.11.13/x64
2025-08-16T21:48:30.7615093Z   Python3_ROOT_DIR: /opt/hostedtoolcache/Python/3.11.13/x64
2025-08-16T21:48:30.7615461Z   LD_LIBRARY_PATH: /opt/hostedtoolcache/Python/3.11.13/x64/lib
2025-08-16T21:48:30.7615773Z ##[endgroup]
2025-08-16T21:48:30.8380928Z Get:1 file:/etc/apt/apt-mirrors.txt Mirrorlist [144 B]
2025-08-16T21:48:30.8730077Z Hit:2 http://azure.archive.ubuntu.com/ubuntu noble InRelease
2025-08-16T21:48:30.8742951Z Get:3 http://azure.archive.ubuntu.com/ubuntu noble-updates InRelease [126 kB]
2025-08-16T21:48:30.8808037Z Get:4 http://azure.archive.ubuntu.com/ubuntu noble-backports InRelease [126 kB]
2025-08-16T21:48:30.8823213Z Get:5 http://azure.archive.ubuntu.com/ubuntu noble-security InRelease [126 kB]
2025-08-16T21:48:30.8848498Z Hit:6 https://packages.microsoft.com/repos/azure-cli noble InRelease
2025-08-16T21:48:30.8934194Z Get:7 https://packages.microsoft.com/ubuntu/24.04/prod noble InRelease [3600 B]
2025-08-16T21:48:30.9989073Z Get:8 http://azure.archive.ubuntu.com/ubuntu noble-updates/main amd64 Packages [1325 kB]
2025-08-16T21:48:31.0121926Z Get:9 http://azure.archive.ubuntu.com/ubuntu noble-updates/main Translation-en [265 kB]
2025-08-16T21:48:31.0143904Z Get:10 http://azure.archive.ubuntu.com/ubuntu noble-updates/main amd64 Components [175 kB]
2025-08-16T21:48:31.0163577Z Get:11 http://azure.archive.ubuntu.com/ubuntu noble-updates/universe amd64 Packages [1120 kB]
2025-08-16T21:48:31.0223343Z Get:12 http://azure.archive.ubuntu.com/ubuntu noble-updates/universe Translation-en [287 kB]
2025-08-16T21:48:31.0248639Z Get:13 http://azure.archive.ubuntu.com/ubuntu noble-updates/universe amd64 Components [377 kB]
2025-08-16T21:48:31.0278871Z Get:14 http://azure.archive.ubuntu.com/ubuntu noble-updates/restricted amd64 Packages [1672 kB]
2025-08-16T21:48:31.0365058Z Get:15 http://azure.archive.ubuntu.com/ubuntu noble-updates/restricted Translation-en [367 kB]
2025-08-16T21:48:31.0393498Z Get:16 http://azure.archive.ubuntu.com/ubuntu noble-updates/restricted amd64 Components [212 B]
2025-08-16T21:48:31.0404752Z Get:17 http://azure.archive.ubuntu.com/ubuntu noble-updates/multiverse amd64 Components [940 B]
2025-08-16T21:48:31.1034347Z Get:18 http://azure.archive.ubuntu.com/ubuntu noble-backports/main amd64 Components [7084 B]
2025-08-16T21:48:31.1048449Z Get:19 http://azure.archive.ubuntu.com/ubuntu noble-backports/universe amd64 Packages [30.2 kB]
2025-08-16T21:48:31.1059970Z Get:20 http://azure.archive.ubuntu.com/ubuntu noble-backports/universe Translation-en [17.4 kB]
2025-08-16T21:48:31.1067080Z Get:21 http://azure.archive.ubuntu.com/ubuntu noble-backports/universe amd64 Components [19.2 kB]
2025-08-16T21:48:31.1077700Z Get:22 http://azure.archive.ubuntu.com/ubuntu noble-backports/restricted amd64 Components [216 B]
2025-08-16T21:48:31.1086982Z Get:23 http://azure.archive.ubuntu.com/ubuntu noble-backports/multiverse amd64 Components [212 B]
2025-08-16T21:48:31.1097758Z Get:24 http://azure.archive.ubuntu.com/ubuntu noble-security/main amd64 Packages [1060 kB]
2025-08-16T21:48:31.1166909Z Get:25 http://azure.archive.ubuntu.com/ubuntu noble-security/main Translation-en [184 kB]
2025-08-16T21:48:31.1187084Z Get:26 http://azure.archive.ubuntu.com/ubuntu noble-security/main amd64 Components [21.6 kB]
2025-08-16T21:48:31.1200408Z Get:27 http://azure.archive.ubuntu.com/ubuntu noble-security/universe amd64 Packages [879 kB]
2025-08-16T21:48:31.1256673Z Get:28 http://azure.archive.ubuntu.com/ubuntu noble-security/universe Translation-en [194 kB]
2025-08-16T21:48:31.1277090Z Get:29 http://azure.archive.ubuntu.com/ubuntu noble-security/universe amd64 Components [52.3 kB]
2025-08-16T21:48:31.1291996Z Get:30 http://azure.archive.ubuntu.com/ubuntu noble-security/restricted amd64 Packages [1572 kB]
2025-08-16T21:48:31.1387046Z Get:31 http://azure.archive.ubuntu.com/ubuntu noble-security/restricted Translation-en [346 kB]
2025-08-16T21:48:31.1838217Z Get:32 http://azure.archive.ubuntu.com/ubuntu noble-security/restricted amd64 Components [212 B]
2025-08-16T21:48:31.1841817Z Get:33 http://azure.archive.ubuntu.com/ubuntu noble-security/multiverse amd64 Components [208 B]
2025-08-16T21:48:31.2006330Z Get:34 https://packages.microsoft.com/ubuntu/24.04/prod noble/main arm64 Packages [33.0 kB]
2025-08-16T21:48:31.2049991Z Get:35 https://packages.microsoft.com/ubuntu/24.04/prod noble/main amd64 Packages [47.9 kB]
2025-08-16T21:48:35.0321624Z Fetched 10.4 MB in 1s (8567 kB/s)
2025-08-16T21:48:35.7228033Z Reading package lists...
2025-08-16T21:48:35.7540659Z Reading package lists...
2025-08-16T21:48:35.9140732Z Building dependency tree...
2025-08-16T21:48:35.9147650Z Reading state information...
2025-08-16T21:48:36.0614788Z Suggested packages:
2025-08-16T21:48:36.0615472Z   postgresql-doc
2025-08-16T21:48:36.0755497Z The following NEW packages will be installed:
2025-08-16T21:48:36.0756213Z   postgresql
2025-08-16T21:48:36.0922379Z 0 upgraded, 1 newly installed, 0 to remove and 36 not upgraded.
2025-08-16T21:48:36.0923013Z Need to get 11.6 kB of archives.
2025-08-16T21:48:36.0923562Z After this operation, 17.4 kB of additional disk space will be used.
2025-08-16T21:48:36.0924206Z Get:1 file:/etc/apt/apt-mirrors.txt Mirrorlist [144 B]
2025-08-16T21:48:36.1399025Z Get:2 http://azure.archive.ubuntu.com/ubuntu noble-updates/main amd64 postgresql all 16+257build1.1 [11.6 kB]
2025-08-16T21:48:36.3840245Z Fetched 11.6 kB in 0s (200 kB/s)
2025-08-16T21:48:36.4031442Z Selecting previously unselected package postgresql.
2025-08-16T21:48:36.4199102Z (Reading database ... 
2025-08-16T21:48:36.4199551Z (Reading database ... 5%
2025-08-16T21:48:36.4199959Z (Reading database ... 10%
2025-08-16T21:48:36.4200351Z (Reading database ... 15%
2025-08-16T21:48:36.4200724Z (Reading database ... 20%
2025-08-16T21:48:36.4201142Z (Reading database ... 25%
2025-08-16T21:48:36.4201396Z (Reading database ... 30%
2025-08-16T21:48:36.4201629Z (Reading database ... 35%
2025-08-16T21:48:36.4201955Z (Reading database ... 40%
2025-08-16T21:48:36.4202188Z (Reading database ... 45%
2025-08-16T21:48:36.4202429Z (Reading database ... 50%
2025-08-16T21:48:36.4337494Z (Reading database ... 55%
2025-08-16T21:48:36.4429663Z (Reading database ... 60%
2025-08-16T21:48:36.4526447Z (Reading database ... 65%
2025-08-16T21:48:36.4634207Z (Reading database ... 70%
2025-08-16T21:48:36.4733305Z (Reading database ... 75%
2025-08-16T21:48:36.4831117Z (Reading database ... 80%
2025-08-16T21:48:36.5060325Z (Reading database ... 85%
2025-08-16T21:48:36.5427310Z (Reading database ... 90%
2025-08-16T21:48:36.5598127Z (Reading database ... 95%
2025-08-16T21:48:36.5598558Z (Reading database ... 100%
2025-08-16T21:48:36.5599162Z (Reading database ... 219881 files and directories currently installed.)
2025-08-16T21:48:36.5640278Z Preparing to unpack .../postgresql_16+257build1.1_all.deb ...
2025-08-16T21:48:36.5661736Z Unpacking postgresql (16+257build1.1) ...
2025-08-16T21:48:36.6017888Z Setting up postgresql (16+257build1.1) ...
2025-08-16T21:48:37.1806143Z 
2025-08-16T21:48:37.1806773Z Running kernel seems to be up-to-date.
2025-08-16T21:48:37.1807051Z 
2025-08-16T21:48:37.1807165Z Restarting services...
2025-08-16T21:48:37.1876299Z 
2025-08-16T21:48:37.1876734Z Service restarts being deferred:
2025-08-16T21:48:37.1878047Z  systemctl restart hosted-compute-agent.service
2025-08-16T21:48:37.1878442Z 
2025-08-16T21:48:37.1878745Z No containers need to be restarted.
2025-08-16T21:48:37.1879082Z 
2025-08-16T21:48:37.1879315Z No user sessions are running outdated binaries.
2025-08-16T21:48:37.1879660Z 
2025-08-16T21:48:37.1879950Z No VM guests are running outdated hypervisor (qemu) binaries on this host.
2025-08-16T21:48:38.0217151Z ##[group]Run pytest tests/db -q --cov=services --cov-append --cov-fail-under=0
2025-08-16T21:48:38.0217716Z [36;1mpytest tests/db -q --cov=services --cov-append --cov-fail-under=0[0m
2025-08-16T21:48:38.0258550Z shell: /usr/bin/bash -e {0}
2025-08-16T21:48:38.0258803Z env:
2025-08-16T21:48:38.0259007Z   PG_USER: postgres
2025-08-16T21:48:38.0259231Z   PG_PASSWORD: pass
2025-08-16T21:48:38.0259438Z   PG_DATABASE: awa
2025-08-16T21:48:38.0259643Z   PG_HOST: localhost
2025-08-16T21:48:38.0259852Z   PG_PORT: 5432
2025-08-16T21:48:38.0260330Z   PG_SYNC_DSN: ***localhost:5432/awa
2025-08-16T21:48:38.0260761Z   PG_ASYNC_DSN: ***localhost:5432/awa
2025-08-16T21:48:38.0261173Z   DATABASE_URL: ***localhost:5432/awa
2025-08-16T21:48:38.0261436Z   DATA_DIR: /tmp/awa-data
2025-08-16T21:48:38.0261665Z   ENABLE_LIVE: 0
2025-08-16T21:48:38.0261865Z   TESTING: 1
2025-08-16T21:48:38.0262125Z   pythonLocation: /opt/hostedtoolcache/Python/3.11.13/x64
2025-08-16T21:48:38.0262571Z   PKG_CONFIG_PATH: /opt/hostedtoolcache/Python/3.11.13/x64/lib/pkgconfig
2025-08-16T21:48:38.0262984Z   Python_ROOT_DIR: /opt/hostedtoolcache/Python/3.11.13/x64
2025-08-16T21:48:38.0263366Z   Python2_ROOT_DIR: /opt/hostedtoolcache/Python/3.11.13/x64
2025-08-16T21:48:38.0263745Z   Python3_ROOT_DIR: /opt/hostedtoolcache/Python/3.11.13/x64
2025-08-16T21:48:38.0264126Z   LD_LIBRARY_PATH: /opt/hostedtoolcache/Python/3.11.13/x64/lib
2025-08-16T21:48:38.0264442Z ##[endgroup]
2025-08-16T21:48:40.7421425Z /opt/hostedtoolcache/Python/3.11.13/x64/lib/python3.11/site-packages/coverage/report_core.py:118: CoverageWarning: Couldn't parse '/home/runner/work/AWA-App/AWA-App/C:\Users\Alexey\Documents\GitHub\AWA-App\services\__init__.py': No source for code: '/home/runner/work/AWA-App/AWA-App/C:\Users\Alexey\Documents\GitHub\AWA-App\services\__init__.py'. (couldnt-parse)
2025-08-16T21:48:40.7423901Z   coverage._warn(msg, slug="couldnt-parse")
2025-08-16T21:48:40.7425856Z /opt/hostedtoolcache/Python/3.11.13/x64/lib/python3.11/site-packages/coverage/report_core.py:118: CoverageWarning: Couldn't parse '/home/runner/work/AWA-App/AWA-App/C:\Users\Alexey\Documents\GitHub\AWA-App\services\alert_bot\__init__.py': No source for code: '/home/runner/work/AWA-App/AWA-App/C:\Users\Alexey\Documents\GitHub\AWA-App\services\alert_bot\__init__.py'. (couldnt-parse)
2025-08-16T21:48:40.7429091Z   coverage._warn(msg, slug="couldnt-parse")
2025-08-16T21:48:40.7431774Z /opt/hostedtoolcache/Python/3.11.13/x64/lib/python3.11/site-packages/coverage/report_core.py:118: CoverageWarning: Couldn't parse '/home/runner/work/AWA-App/AWA-App/C:\Users\Alexey\Documents\GitHub\AWA-App\services\alert_bot\alert_bot.py': No source for code: '/home/runner/work/AWA-App/AWA-App/C:\Users\Alexey\Documents\GitHub\AWA-App\services\alert_bot\alert_bot.py'. (couldnt-parse)
2025-08-16T21:48:40.7434030Z   coverage._warn(msg, slug="couldnt-parse")
2025-08-16T21:48:40.7436602Z /opt/hostedtoolcache/Python/3.11.13/x64/lib/python3.11/site-packages/coverage/report_core.py:118: CoverageWarning: Couldn't parse '/home/runner/work/AWA-App/AWA-App/C:\Users\Alexey\Documents\GitHub\AWA-App\services\alert_bot\rules\__init__.py': No source for code: '/home/runner/work/AWA-App/AWA-App/C:\Users\Alexey\Documents\GitHub\AWA-App\services\alert_bot\rules\__init__.py'. (couldnt-parse)
2025-08-16T21:48:40.7439059Z   coverage._warn(msg, slug="couldnt-parse")
2025-08-16T21:48:40.7440780Z /opt/hostedtoolcache/Python/3.11.13/x64/lib/python3.11/site-packages/coverage/report_core.py:118: CoverageWarning: Couldn't parse '/home/runner/work/AWA-App/AWA-App/C:\Users\Alexey\Documents\GitHub\AWA-App\services\api\__init__.py': No source for code: '/home/runner/work/AWA-App/AWA-App/C:\Users\Alexey\Documents\GitHub\AWA-App\services\api\__init__.py'. (couldnt-parse)
2025-08-16T21:48:40.7442402Z   coverage._warn(msg, slug="couldnt-parse")
2025-08-16T21:48:40.7444987Z /opt/hostedtoolcache/Python/3.11.13/x64/lib/python3.11/site-packages/coverage/report_core.py:118: CoverageWarning: Couldn't parse '/home/runner/work/AWA-App/AWA-App/C:\Users\Alexey\Documents\GitHub\AWA-App\services\api\config.py': No source for code: '/home/runner/work/AWA-App/AWA-App/C:\Users\Alexey\Documents\GitHub\AWA-App\services\api\config.py'. (couldnt-parse)
2025-08-16T21:48:40.7447824Z   coverage._warn(msg, slug="couldnt-parse")
2025-08-16T21:48:40.7449768Z /opt/hostedtoolcache/Python/3.11.13/x64/lib/python3.11/site-packages/coverage/report_core.py:118: CoverageWarning: Couldn't parse '/home/runner/work/AWA-App/AWA-App/C:\Users\Alexey\Documents\GitHub\AWA-App\services\api\db.py': No source for code: '/home/runner/work/AWA-App/AWA-App/C:\Users\Alexey\Documents\GitHub\AWA-App\services\api\db.py'. (couldnt-parse)
2025-08-16T21:48:40.7451917Z   coverage._warn(msg, slug="couldnt-parse")
2025-08-16T21:48:40.7454015Z /opt/hostedtoolcache/Python/3.11.13/x64/lib/python3.11/site-packages/coverage/report_core.py:118: CoverageWarning: Couldn't parse '/home/runner/work/AWA-App/AWA-App/C:\Users\Alexey\Documents\GitHub\AWA-App\services\api\main.py': No source for code: '/home/runner/work/AWA-App/AWA-App/C:\Users\Alexey\Documents\GitHub\AWA-App\services\api\main.py'. (couldnt-parse)
2025-08-16T21:48:40.7456488Z   coverage._warn(msg, slug="couldnt-parse")
2025-08-16T21:48:40.7457901Z /opt/hostedtoolcache/Python/3.11.13/x64/lib/python3.11/site-packages/coverage/report_core.py:118: CoverageWarning: Couldn't parse '/home/runner/work/AWA-App/AWA-App/C:\Users\Alexey\Documents\GitHub\AWA-App\services\api\models\__init__.py': No source for code: '/home/runner/work/AWA-App/AWA-App/C:\Users\Alexey\Documents\GitHub\AWA-App\services\api\models\__init__.py'. (couldnt-parse)
2025-08-16T21:48:40.7459374Z   coverage._warn(msg, slug="couldnt-parse")
2025-08-16T21:48:40.7460815Z /opt/hostedtoolcache/Python/3.11.13/x64/lib/python3.11/site-packages/coverage/report_core.py:118: CoverageWarning: Couldn't parse '/home/runner/work/AWA-App/AWA-App/C:\Users\Alexey\Documents\GitHub\AWA-App\services\api\models\fee.py': No source for code: '/home/runner/work/AWA-App/AWA-App/C:\Users\Alexey\Documents\GitHub\AWA-App\services\api\models\fee.py'. (couldnt-parse)
2025-08-16T21:48:40.7462255Z   coverage._warn(msg, slug="couldnt-parse")
2025-08-16T21:48:40.7463706Z /opt/hostedtoolcache/Python/3.11.13/x64/lib/python3.11/site-packages/coverage/report_core.py:118: CoverageWarning: Couldn't parse '/home/runner/work/AWA-App/AWA-App/C:\Users\Alexey\Documents\GitHub\AWA-App\services\api\roi_repository.py': No source for code: '/home/runner/work/AWA-App/AWA-App/C:\Users\Alexey\Documents\GitHub\AWA-App\services\api\roi_repository.py'. (couldnt-parse)
2025-08-16T21:48:40.7465203Z   coverage._warn(msg, slug="couldnt-parse")
2025-08-16T21:48:40.7467193Z /opt/hostedtoolcache/Python/3.11.13/x64/lib/python3.11/site-packages/coverage/report_core.py:118: CoverageWarning: Couldn't parse '/home/runner/work/AWA-App/AWA-App/C:\Users\Alexey\Documents\GitHub\AWA-App\services\api\routes\__init__.py': No source for code: '/home/runner/work/AWA-App/AWA-App/C:\Users\Alexey\Documents\GitHub\AWA-App\services\api\routes\__init__.py'. (couldnt-parse)
2025-08-16T21:48:40.7468789Z   coverage._warn(msg, slug="couldnt-parse")
2025-08-16T21:48:40.7470141Z /opt/hostedtoolcache/Python/3.11.13/x64/lib/python3.11/site-packages/coverage/report_core.py:118: CoverageWarning: Couldn't parse '/home/runner/work/AWA-App/AWA-App/C:\Users\Alexey\Documents\GitHub\AWA-App\services\api\routes\health.py': No source for code: '/home/runner/work/AWA-App/AWA-App/C:\Users\Alexey\Documents\GitHub\AWA-App\services\api\routes\health.py'. (couldnt-parse)
2025-08-16T21:48:40.7471732Z   coverage._warn(msg, slug="couldnt-parse")
2025-08-16T21:48:40.7473091Z /opt/hostedtoolcache/Python/3.11.13/x64/lib/python3.11/site-packages/coverage/report_core.py:118: CoverageWarning: Couldn't parse '/home/runner/work/AWA-App/AWA-App/C:\Users\Alexey\Documents\GitHub\AWA-App\services\api\routes\repository.py': No source for code: '/home/runner/work/AWA-App/AWA-App/C:\Users\Alexey\Documents\GitHub\AWA-App\services\api\routes\repository.py'. (couldnt-parse)
2025-08-16T21:48:40.7474893Z   coverage._warn(msg, slug="couldnt-parse")
2025-08-16T21:48:40.7476364Z /opt/hostedtoolcache/Python/3.11.13/x64/lib/python3.11/site-packages/coverage/report_core.py:118: CoverageWarning: Couldn't parse '/home/runner/work/AWA-App/AWA-App/C:\Users\Alexey\Documents\GitHub\AWA-App\services\api\routes\roi.py': No source for code: '/home/runner/work/AWA-App/AWA-App/C:\Users\Alexey\Documents\GitHub\AWA-App\services\api\routes\roi.py'. (couldnt-parse)
2025-08-16T21:48:40.7478460Z   coverage._warn(msg, slug="couldnt-parse")
2025-08-16T21:48:40.7479784Z /opt/hostedtoolcache/Python/3.11.13/x64/lib/python3.11/site-packages/coverage/report_core.py:118: CoverageWarning: Couldn't parse '/home/runner/work/AWA-App/AWA-App/C:\Users\Alexey\Documents\GitHub\AWA-App\services\api\routes\stats.py': No source for code: '/home/runner/work/AWA-App/AWA-App/C:\Users\Alexey\Documents\GitHub\AWA-App\services\api\routes\stats.py'. (couldnt-parse)
2025-08-16T21:48:40.7481771Z   coverage._warn(msg, slug="couldnt-parse")
2025-08-16T21:48:40.7483502Z /opt/hostedtoolcache/Python/3.11.13/x64/lib/python3.11/site-packages/coverage/report_core.py:118: CoverageWarning: Couldn't parse '/home/runner/work/AWA-App/AWA-App/C:\Users\Alexey\Documents\GitHub\AWA-App\services\common\__init__.py': No source for code: '/home/runner/work/AWA-App/AWA-App/C:\Users\Alexey\Documents\GitHub\AWA-App\services\common\__init__.py'. (couldnt-parse)
2025-08-16T21:48:40.7484994Z   coverage._warn(msg, slug="couldnt-parse")
2025-08-16T21:48:40.7486919Z /opt/hostedtoolcache/Python/3.11.13/x64/lib/python3.11/site-packages/coverage/report_core.py:118: CoverageWarning: Couldn't parse '/home/runner/work/AWA-App/AWA-App/C:\Users\Alexey\Documents\GitHub\AWA-App\services\common\base.py': No source for code: '/home/runner/work/AWA-App/AWA-App/C:\Users\Alexey\Documents\GitHub\AWA-App\services\common\base.py'. (couldnt-parse)
2025-08-16T21:48:40.7488340Z   coverage._warn(msg, slug="couldnt-parse")
2025-08-16T21:48:40.7490571Z /opt/hostedtoolcache/Python/3.11.13/x64/lib/python3.11/site-packages/coverage/report_core.py:118: CoverageWarning: Couldn't parse '/home/runner/work/AWA-App/AWA-App/C:\Users\Alexey\Documents\GitHub\AWA-App\services\common\config.py': No source for code: '/home/runner/work/AWA-App/AWA-App/C:\Users\Alexey\Documents\GitHub\AWA-App\services\common\config.py'. (couldnt-parse)
2025-08-16T21:48:40.7492275Z   coverage._warn(msg, slug="couldnt-parse")
2025-08-16T21:48:40.7493662Z /opt/hostedtoolcache/Python/3.11.13/x64/lib/python3.11/site-packages/coverage/report_core.py:118: CoverageWarning: Couldn't parse '/home/runner/work/AWA-App/AWA-App/C:\Users\Alexey\Documents\GitHub\AWA-App\services\common\db.py': No source for code: '/home/runner/work/AWA-App/AWA-App/C:\Users\Alexey\Documents\GitHub\AWA-App\services\common\db.py'. (couldnt-parse)
2025-08-16T21:48:40.7495427Z   coverage._warn(msg, slug="couldnt-parse")
2025-08-16T21:48:40.7496969Z /opt/hostedtoolcache/Python/3.11.13/x64/lib/python3.11/site-packages/coverage/report_core.py:118: CoverageWarning: Couldn't parse '/home/runner/work/AWA-App/AWA-App/C:\Users\Alexey\Documents\GitHub\AWA-App\services\common\db_url.py': No source for code: '/home/runner/work/AWA-App/AWA-App/C:\Users\Alexey\Documents\GitHub\AWA-App\services\common\db_url.py'. (couldnt-parse)
2025-08-16T21:48:40.7498717Z   coverage._warn(msg, slug="couldnt-parse")
2025-08-16T21:48:40.7500102Z /opt/hostedtoolcache/Python/3.11.13/x64/lib/python3.11/site-packages/coverage/report_core.py:118: CoverageWarning: Couldn't parse '/home/runner/work/AWA-App/AWA-App/C:\Users\Alexey\Documents\GitHub\AWA-App\services\common\dsn.py': No source for code: '/home/runner/work/AWA-App/AWA-App/C:\Users\Alexey\Documents\GitHub\AWA-App\services\common\dsn.py'. (couldnt-parse)
2025-08-16T21:48:40.7501780Z   coverage._warn(msg, slug="couldnt-parse")
2025-08-16T21:48:40.7503568Z /opt/hostedtoolcache/Python/3.11.13/x64/lib/python3.11/site-packages/coverage/report_core.py:118: CoverageWarning: Couldn't parse '/home/runner/work/AWA-App/AWA-App/C:\Users\Alexey\Documents\GitHub\AWA-App\services\common\keepa.py': No source for code: '/home/runner/work/AWA-App/AWA-App/C:\Users\Alexey\Documents\GitHub\AWA-App\services\common\keepa.py'. (couldnt-parse)
2025-08-16T21:48:40.7505514Z   coverage._warn(msg, slug="couldnt-parse")
2025-08-16T21:48:40.7519357Z /opt/hostedtoolcache/Python/3.11.13/x64/lib/python3.11/site-packages/coverage/report_core.py:118: CoverageWarning: Couldn't parse '/home/runner/work/AWA-App/AWA-App/C:\Users\Alexey\Documents\GitHub\AWA-App\services\common\llm.py': No source for code: '/home/runner/work/AWA-App/AWA-App/C:\Users\Alexey\Documents\GitHub\AWA-App\services\common\llm.py'. (couldnt-parse)
2025-08-16T21:48:40.7521702Z   coverage._warn(msg, slug="couldnt-parse")
2025-08-16T21:48:40.7524131Z /opt/hostedtoolcache/Python/3.11.13/x64/lib/python3.11/site-packages/coverage/report_core.py:118: CoverageWarning: Couldn't parse '/home/runner/work/AWA-App/AWA-App/C:\Users\Alexey\Documents\GitHub\AWA-App\services\common\models_vendor.py': No source for code: '/home/runner/work/AWA-App/AWA-App/C:\Users\Alexey\Documents\GitHub\AWA-App\services\common\models_vendor.py'. (couldnt-parse)
2025-08-16T21:48:40.7526666Z   coverage._warn(msg, slug="couldnt-parse")
2025-08-16T21:48:40.7528857Z /opt/hostedtoolcache/Python/3.11.13/x64/lib/python3.11/site-packages/coverage/report_core.py:118: CoverageWarning: Couldn't parse '/home/runner/work/AWA-App/AWA-App/C:\Users\Alexey\Documents\GitHub\AWA-App\services\common\settings.py': No source for code: '/home/runner/work/AWA-App/AWA-App/C:\Users\Alexey\Documents\GitHub\AWA-App\services\common\settings.py'. (couldnt-parse)
2025-08-16T21:48:40.7530255Z   coverage._warn(msg, slug="couldnt-parse")
2025-08-16T21:48:40.7532045Z /opt/hostedtoolcache/Python/3.11.13/x64/lib/python3.11/site-packages/coverage/report_core.py:118: CoverageWarning: Couldn't parse '/home/runner/work/AWA-App/AWA-App/C:\Users\Alexey\Documents\GitHub\AWA-App\services\db\__init__.py': No source for code: '/home/runner/work/AWA-App/AWA-App/C:\Users\Alexey\Documents\GitHub\AWA-App\services\db\__init__.py'. (couldnt-parse)
2025-08-16T21:48:40.7533601Z   coverage._warn(msg, slug="couldnt-parse")
2025-08-16T21:48:40.7535132Z /opt/hostedtoolcache/Python/3.11.13/x64/lib/python3.11/site-packages/coverage/report_core.py:118: CoverageWarning: Couldn't parse '/home/runner/work/AWA-App/AWA-App/C:\Users\Alexey\Documents\GitHub\AWA-App\services\db\utils\__init__.py': No source for code: '/home/runner/work/AWA-App/AWA-App/C:\Users\Alexey\Documents\GitHub\AWA-App\services\db\utils\__init__.py'. (couldnt-parse)
2025-08-16T21:48:40.7537136Z   coverage._warn(msg, slug="couldnt-parse")
2025-08-16T21:48:40.7538492Z /opt/hostedtoolcache/Python/3.11.13/x64/lib/python3.11/site-packages/coverage/report_core.py:118: CoverageWarning: Couldn't parse '/home/runner/work/AWA-App/AWA-App/C:\Users\Alexey\Documents\GitHub\AWA-App\services\db\utils\views.py': No source for code: '/home/runner/work/AWA-App/AWA-App/C:\Users\Alexey\Documents\GitHub\AWA-App\services\db\utils\views.py'. (couldnt-parse)
2025-08-16T21:48:40.7540317Z   coverage._warn(msg, slug="couldnt-parse")
2025-08-16T21:48:40.7541701Z /opt/hostedtoolcache/Python/3.11.13/x64/lib/python3.11/site-packages/coverage/report_core.py:118: CoverageWarning: Couldn't parse '/home/runner/work/AWA-App/AWA-App/C:\Users\Alexey\Documents\GitHub\AWA-App\services\emailer\__init__.py': No source for code: '/home/runner/work/AWA-App/AWA-App/C:\Users\Alexey\Documents\GitHub\AWA-App\services\emailer\__init__.py'. (couldnt-parse)
2025-08-16T21:48:40.7543475Z   coverage._warn(msg, slug="couldnt-parse")
2025-08-16T21:48:40.7545250Z /opt/hostedtoolcache/Python/3.11.13/x64/lib/python3.11/site-packages/coverage/report_core.py:118: CoverageWarning: Couldn't parse '/home/runner/work/AWA-App/AWA-App/C:\Users\Alexey\Documents\GitHub\AWA-App\services\emailer\generate_body.py': No source for code: '/home/runner/work/AWA-App/AWA-App/C:\Users\Alexey\Documents\GitHub\AWA-App\services\emailer\generate_body.py'. (couldnt-parse)
2025-08-16T21:48:40.7546862Z   coverage._warn(msg, slug="couldnt-parse")
2025-08-16T21:48:40.7548894Z /opt/hostedtoolcache/Python/3.11.13/x64/lib/python3.11/site-packages/coverage/report_core.py:118: CoverageWarning: Couldn't parse '/home/runner/work/AWA-App/AWA-App/C:\Users\Alexey\Documents\GitHub\AWA-App\services\etl\__init__.py': No source for code: '/home/runner/work/AWA-App/AWA-App/C:\Users\Alexey\Documents\GitHub\AWA-App\services\etl\__init__.py'. (couldnt-parse)
2025-08-16T21:48:40.7550523Z   coverage._warn(msg, slug="couldnt-parse")
2025-08-16T21:48:40.7552157Z /opt/hostedtoolcache/Python/3.11.13/x64/lib/python3.11/site-packages/coverage/report_core.py:118: CoverageWarning: Couldn't parse '/home/runner/work/AWA-App/AWA-App/C:\Users\Alexey\Documents\GitHub\AWA-App\services\etl\db.py': No source for code: '/home/runner/work/AWA-App/AWA-App/C:\Users\Alexey\Documents\GitHub\AWA-App\services\etl\db.py'. (couldnt-parse)
2025-08-16T21:48:40.7553799Z   coverage._warn(msg, slug="couldnt-parse")
2025-08-16T21:48:40.7555310Z /opt/hostedtoolcache/Python/3.11.13/x64/lib/python3.11/site-packages/coverage/report_core.py:118: CoverageWarning: Couldn't parse '/home/runner/work/AWA-App/AWA-App/C:\Users\Alexey\Documents\GitHub\AWA-App\services\etl\dialects\__init__.py': No source for code: '/home/runner/work/AWA-App/AWA-App/C:\Users\Alexey\Documents\GitHub\AWA-App\services\etl\dialects\__init__.py'. (couldnt-parse)
2025-08-16T21:48:40.7557349Z   coverage._warn(msg, slug="couldnt-parse")
2025-08-16T21:48:40.7558865Z /opt/hostedtoolcache/Python/3.11.13/x64/lib/python3.11/site-packages/coverage/report_core.py:118: CoverageWarning: Couldn't parse '/home/runner/work/AWA-App/AWA-App/C:\Users\Alexey\Documents\GitHub\AWA-App\services\etl\dialects\amazon_reimbursements.py': No source for code: '/home/runner/work/AWA-App/AWA-App/C:\Users\Alexey\Documents\GitHub\AWA-App\services\etl\dialects\amazon_reimbursements.py'. (couldnt-parse)
2025-08-16T21:48:40.7560778Z   coverage._warn(msg, slug="couldnt-parse")
2025-08-16T21:48:40.7562651Z /opt/hostedtoolcache/Python/3.11.13/x64/lib/python3.11/site-packages/coverage/report_core.py:118: CoverageWarning: Couldn't parse '/home/runner/work/AWA-App/AWA-App/C:\Users\Alexey\Documents\GitHub\AWA-App\services\etl\dialects\amazon_returns.py': No source for code: '/home/runner/work/AWA-App/AWA-App/C:\Users\Alexey\Documents\GitHub\AWA-App\services\etl\dialects\amazon_returns.py'. (couldnt-parse)
2025-08-16T21:48:40.7564055Z   coverage._warn(msg, slug="couldnt-parse")
2025-08-16T21:48:40.7565890Z /opt/hostedtoolcache/Python/3.11.13/x64/lib/python3.11/site-packages/coverage/report_core.py:118: CoverageWarning: Couldn't parse '/home/runner/work/AWA-App/AWA-App/C:\Users\Alexey\Documents\GitHub\AWA-App\services\etl\fba_fee_ingestor.py': No source for code: '/home/runner/work/AWA-App/AWA-App/C:\Users\Alexey\Documents\GitHub\AWA-App\services\etl\fba_fee_ingestor.py'. (couldnt-parse)
2025-08-16T21:48:40.7567720Z   coverage._warn(msg, slug="couldnt-parse")
2025-08-16T21:48:40.7569345Z /opt/hostedtoolcache/Python/3.11.13/x64/lib/python3.11/site-packages/coverage/report_core.py:118: CoverageWarning: Couldn't parse '/home/runner/work/AWA-App/AWA-App/C:\Users\Alexey\Documents\GitHub\AWA-App\services\etl\keepa_ingestor.py': No source for code: '/home/runner/work/AWA-App/AWA-App/C:\Users\Alexey\Documents\GitHub\AWA-App\services\etl\keepa_ingestor.py'. (couldnt-parse)
2025-08-16T21:48:40.7571192Z   coverage._warn(msg, slug="couldnt-parse")
2025-08-16T21:48:40.7572532Z /opt/hostedtoolcache/Python/3.11.13/x64/lib/python3.11/site-packages/coverage/report_core.py:118: CoverageWarning: Couldn't parse '/home/runner/work/AWA-App/AWA-App/C:\Users\Alexey\Documents\GitHub\AWA-App\services\etl\sp_fees_ingestor.py': No source for code: '/home/runner/work/AWA-App/AWA-App/C:\Users\Alexey\Documents\GitHub\AWA-App\services\etl\sp_fees_ingestor.py'. (couldnt-parse)
2025-08-16T21:48:40.7574371Z   coverage._warn(msg, slug="couldnt-parse")
2025-08-16T21:48:40.7576305Z /opt/hostedtoolcache/Python/3.11.13/x64/lib/python3.11/site-packages/coverage/report_core.py:118: CoverageWarning: Couldn't parse '/home/runner/work/AWA-App/AWA-App/C:\Users\Alexey\Documents\GitHub\AWA-App\services\fees_h10\__init__.py': No source for code: '/home/runner/work/AWA-App/AWA-App/C:\Users\Alexey\Documents\GitHub\AWA-App\services\fees_h10\__init__.py'. (couldnt-parse)
2025-08-16T21:48:40.7577925Z   coverage._warn(msg, slug="couldnt-parse")
2025-08-16T21:48:40.7579924Z /opt/hostedtoolcache/Python/3.11.13/x64/lib/python3.11/site-packages/coverage/report_core.py:118: CoverageWarning: Couldn't parse '/home/runner/work/AWA-App/AWA-App/C:\Users\Alexey\Documents\GitHub\AWA-App\services\fees_h10\client.py': No source for code: '/home/runner/work/AWA-App/AWA-App/C:\Users\Alexey\Documents\GitHub\AWA-App\services\fees_h10\client.py'. (couldnt-parse)
2025-08-16T21:48:40.7581259Z   coverage._warn(msg, slug="couldnt-parse")
2025-08-16T21:48:40.7582888Z /opt/hostedtoolcache/Python/3.11.13/x64/lib/python3.11/site-packages/coverage/report_core.py:118: CoverageWarning: Couldn't parse '/home/runner/work/AWA-App/AWA-App/C:\Users\Alexey\Documents\GitHub\AWA-App\services\fees_h10\repository.py': No source for code: '/home/runner/work/AWA-App/AWA-App/C:\Users\Alexey\Documents\GitHub\AWA-App\services\fees_h10\repository.py'. (couldnt-parse)
2025-08-16T21:48:40.7584237Z   coverage._warn(msg, slug="couldnt-parse")
2025-08-16T21:48:40.7585807Z /opt/hostedtoolcache/Python/3.11.13/x64/lib/python3.11/site-packages/coverage/report_core.py:118: CoverageWarning: Couldn't parse '/home/runner/work/AWA-App/AWA-App/C:\Users\Alexey\Documents\GitHub\AWA-App\services\fees_h10\worker.py': No source for code: '/home/runner/work/AWA-App/AWA-App/C:\Users\Alexey\Documents\GitHub\AWA-App\services\fees_h10\worker.py'. (couldnt-parse)
2025-08-16T21:48:40.7587259Z   coverage._warn(msg, slug="couldnt-parse")
2025-08-16T21:48:40.7588840Z /opt/hostedtoolcache/Python/3.11.13/x64/lib/python3.11/site-packages/coverage/report_core.py:118: CoverageWarning: Couldn't parse '/home/runner/work/AWA-App/AWA-App/C:\Users\Alexey\Documents\GitHub\AWA-App\services\ingest\__init__.py': No source for code: '/home/runner/work/AWA-App/AWA-App/C:\Users\Alexey\Documents\GitHub\AWA-App\services\ingest\__init__.py'. (couldnt-parse)
2025-08-16T21:48:40.7590168Z   coverage._warn(msg, slug="couldnt-parse")
2025-08-16T21:48:40.7591798Z /opt/hostedtoolcache/Python/3.11.13/x64/lib/python3.11/site-packages/coverage/report_core.py:118: CoverageWarning: Couldn't parse '/home/runner/work/AWA-App/AWA-App/C:\Users\Alexey\Documents\GitHub\AWA-App\services\ingest\email_watcher.py': No source for code: '/home/runner/work/AWA-App/AWA-App/C:\Users\Alexey\Documents\GitHub\AWA-App\services\ingest\email_watcher.py'. (couldnt-parse)
2025-08-16T21:48:40.7593164Z   coverage._warn(msg, slug="couldnt-parse")
2025-08-16T21:48:40.7594803Z /opt/hostedtoolcache/Python/3.11.13/x64/lib/python3.11/site-packages/coverage/report_core.py:118: CoverageWarning: Couldn't parse '/home/runner/work/AWA-App/AWA-App/C:\Users\Alexey\Documents\GitHub\AWA-App\services\ingest\ingest_router.py': No source for code: '/home/runner/work/AWA-App/AWA-App/C:\Users\Alexey\Documents\GitHub\AWA-App\services\ingest\ingest_router.py'. (couldnt-parse)
2025-08-16T21:48:40.7596278Z   coverage._warn(msg, slug="couldnt-parse")
2025-08-16T21:48:40.7597887Z /opt/hostedtoolcache/Python/3.11.13/x64/lib/python3.11/site-packages/coverage/report_core.py:118: CoverageWarning: Couldn't parse '/home/runner/work/AWA-App/AWA-App/C:\Users\Alexey\Documents\GitHub\AWA-App\services\ingest\upload_router.py': No source for code: '/home/runner/work/AWA-App/AWA-App/C:\Users\Alexey\Documents\GitHub\AWA-App\services\ingest\upload_router.py'. (couldnt-parse)
2025-08-16T21:48:40.7599248Z   coverage._warn(msg, slug="couldnt-parse")
2025-08-16T21:48:40.7600836Z /opt/hostedtoolcache/Python/3.11.13/x64/lib/python3.11/site-packages/coverage/report_core.py:118: CoverageWarning: Couldn't parse '/home/runner/work/AWA-App/AWA-App/C:\Users\Alexey\Documents\GitHub\AWA-App\services\llm_server\__init__.py': No source for code: '/home/runner/work/AWA-App/AWA-App/C:\Users\Alexey\Documents\GitHub\AWA-App\services\llm_server\__init__.py'. (couldnt-parse)
2025-08-16T21:48:40.7602310Z   coverage._warn(msg, slug="couldnt-parse")
2025-08-16T21:48:40.7603907Z /opt/hostedtoolcache/Python/3.11.13/x64/lib/python3.11/site-packages/coverage/report_core.py:118: CoverageWarning: Couldn't parse '/home/runner/work/AWA-App/AWA-App/C:\Users\Alexey\Documents\GitHub\AWA-App\services\llm_server\app.py': No source for code: '/home/runner/work/AWA-App/AWA-App/C:\Users\Alexey\Documents\GitHub\AWA-App\services\llm_server\app.py'. (couldnt-parse)
2025-08-16T21:48:40.7605471Z   coverage._warn(msg, slug="couldnt-parse")
2025-08-16T21:48:40.7607203Z /opt/hostedtoolcache/Python/3.11.13/x64/lib/python3.11/site-packages/coverage/report_core.py:118: CoverageWarning: Couldn't parse '/home/runner/work/AWA-App/AWA-App/C:\Users\Alexey\Documents\GitHub\AWA-App\services\logistics_etl\__init__.py': No source for code: '/home/runner/work/AWA-App/AWA-App/C:\Users\Alexey\Documents\GitHub\AWA-App\services\logistics_etl\__init__.py'. (couldnt-parse)
2025-08-16T21:48:40.7608708Z   coverage._warn(msg, slug="couldnt-parse")
2025-08-16T21:48:40.7610188Z /opt/hostedtoolcache/Python/3.11.13/x64/lib/python3.11/site-packages/coverage/report_core.py:118: CoverageWarning: Couldn't parse '/home/runner/work/AWA-App/AWA-App/C:\Users\Alexey\Documents\GitHub\AWA-App\services\logistics_etl\__main__.py': No source for code: '/home/runner/work/AWA-App/AWA-App/C:\Users\Alexey\Documents\GitHub\AWA-App\services\logistics_etl\__main__.py'. (couldnt-parse)
2025-08-16T21:48:40.7611785Z   coverage._warn(msg, slug="couldnt-parse")
2025-08-16T21:48:40.7613159Z /opt/hostedtoolcache/Python/3.11.13/x64/lib/python3.11/site-packages/coverage/report_core.py:118: CoverageWarning: Couldn't parse '/home/runner/work/AWA-App/AWA-App/C:\Users\Alexey\Documents\GitHub\AWA-App\services\logistics_etl\client.py': No source for code: '/home/runner/work/AWA-App/AWA-App/C:\Users\Alexey\Documents\GitHub\AWA-App\services\logistics_etl\client.py'. (couldnt-parse)
2025-08-16T21:48:40.7614751Z   coverage._warn(msg, slug="couldnt-parse")
2025-08-16T21:48:40.7616219Z /opt/hostedtoolcache/Python/3.11.13/x64/lib/python3.11/site-packages/coverage/report_core.py:118: CoverageWarning: Couldn't parse '/home/runner/work/AWA-App/AWA-App/C:\Users\Alexey\Documents\GitHub\AWA-App\services\logistics_etl\cron.py': No source for code: '/home/runner/work/AWA-App/AWA-App/C:\Users\Alexey\Documents\GitHub\AWA-App\services\logistics_etl\cron.py'. (couldnt-parse)
2025-08-16T21:48:40.7617817Z   coverage._warn(msg, slug="couldnt-parse")
2025-08-16T21:48:40.7619153Z /opt/hostedtoolcache/Python/3.11.13/x64/lib/python3.11/site-packages/coverage/report_core.py:118: CoverageWarning: Couldn't parse '/home/runner/work/AWA-App/AWA-App/C:\Users\Alexey\Documents\GitHub\AWA-App\services\logistics_etl\db.py': No source for code: '/home/runner/work/AWA-App/AWA-App/C:\Users\Alexey\Documents\GitHub\AWA-App\services\logistics_etl\db.py'. (couldnt-parse)
2025-08-16T21:48:40.7620865Z   coverage._warn(msg, slug="couldnt-parse")
2025-08-16T21:48:40.7622460Z /opt/hostedtoolcache/Python/3.11.13/x64/lib/python3.11/site-packages/coverage/report_core.py:118: CoverageWarning: Couldn't parse '/home/runner/work/AWA-App/AWA-App/C:\Users\Alexey\Documents\GitHub\AWA-App\services\logistics_etl\flow.py': No source for code: '/home/runner/work/AWA-App/AWA-App/C:\Users\Alexey\Documents\GitHub\AWA-App\services\logistics_etl\flow.py'. (couldnt-parse)
2025-08-16T21:48:40.7624059Z   coverage._warn(msg, slug="couldnt-parse")
2025-08-16T21:48:40.7625438Z /opt/hostedtoolcache/Python/3.11.13/x64/lib/python3.11/site-packages/coverage/report_core.py:118: CoverageWarning: Couldn't parse '/home/runner/work/AWA-App/AWA-App/C:\Users\Alexey\Documents\GitHub\AWA-App\services\logistics_etl\repository.py': No source for code: '/home/runner/work/AWA-App/AWA-App/C:\Users\Alexey\Documents\GitHub\AWA-App\services\logistics_etl\repository.py'. (couldnt-parse)
2025-08-16T21:48:40.7627241Z   coverage._warn(msg, slug="couldnt-parse")
2025-08-16T21:48:40.7628789Z /opt/hostedtoolcache/Python/3.11.13/x64/lib/python3.11/site-packages/coverage/report_core.py:118: CoverageWarning: Couldn't parse '/home/runner/work/AWA-App/AWA-App/C:\Users\Alexey\Documents\GitHub\AWA-App\services\price_importer\__init__.py': No source for code: '/home/runner/work/AWA-App/AWA-App/C:\Users\Alexey\Documents\GitHub\AWA-App\services\price_importer\__init__.py'. (couldnt-parse)
2025-08-16T21:48:40.7630571Z   coverage._warn(msg, slug="couldnt-parse")
2025-08-16T21:48:40.7632168Z /opt/hostedtoolcache/Python/3.11.13/x64/lib/python3.11/site-packages/coverage/report_core.py:118: CoverageWarning: Couldn't parse '/home/runner/work/AWA-App/AWA-App/C:\Users\Alexey\Documents\GitHub\AWA-App\services\price_importer\common\__init__.py': No source for code: '/home/runner/work/AWA-App/AWA-App/C:\Users\Alexey\Documents\GitHub\AWA-App\services\price_importer\common\__init__.py'. (couldnt-parse)
2025-08-16T21:48:40.7633708Z   coverage._warn(msg, slug="couldnt-parse")
2025-08-16T21:48:40.7635346Z /opt/hostedtoolcache/Python/3.11.13/x64/lib/python3.11/site-packages/coverage/report_core.py:118: CoverageWarning: Couldn't parse '/home/runner/work/AWA-App/AWA-App/C:\Users\Alexey\Documents\GitHub\AWA-App\services\price_importer\common\base.py': No source for code: '/home/runner/work/AWA-App/AWA-App/C:\Users\Alexey\Documents\GitHub\AWA-App\services\price_importer\common\base.py'. (couldnt-parse)
2025-08-16T21:48:40.7636855Z   coverage._warn(msg, slug="couldnt-parse")
2025-08-16T21:48:40.7638513Z /opt/hostedtoolcache/Python/3.11.13/x64/lib/python3.11/site-packages/coverage/report_core.py:118: CoverageWarning: Couldn't parse '/home/runner/work/AWA-App/AWA-App/C:\Users\Alexey\Documents\GitHub\AWA-App\services\price_importer\common\db_url.py': No source for code: '/home/runner/work/AWA-App/AWA-App/C:\Users\Alexey\Documents\GitHub\AWA-App\services\price_importer\common\db_url.py'. (couldnt-parse)
2025-08-16T21:48:40.7639936Z   coverage._warn(msg, slug="couldnt-parse")
2025-08-16T21:48:40.7641655Z /opt/hostedtoolcache/Python/3.11.13/x64/lib/python3.11/site-packages/coverage/report_core.py:118: CoverageWarning: Couldn't parse '/home/runner/work/AWA-App/AWA-App/C:\Users\Alexey\Documents\GitHub\AWA-App\services\price_importer\common\models_vendor.py': No source for code: '/home/runner/work/AWA-App/AWA-App/C:\Users\Alexey\Documents\GitHub\AWA-App\services\price_importer\common\models_vendor.py'. (couldnt-parse)
2025-08-16T21:48:40.7643117Z   coverage._warn(msg, slug="couldnt-parse")
2025-08-16T21:48:40.7644747Z /opt/hostedtoolcache/Python/3.11.13/x64/lib/python3.11/site-packages/coverage/report_core.py:118: CoverageWarning: Couldn't parse '/home/runner/work/AWA-App/AWA-App/C:\Users\Alexey\Documents\GitHub\AWA-App\services\price_importer\import.py': No source for code: '/home/runner/work/AWA-App/AWA-App/C:\Users\Alexey\Documents\GitHub\AWA-App\services\price_importer\import.py'. (couldnt-parse)
2025-08-16T21:48:40.7646225Z   coverage._warn(msg, slug="couldnt-parse")
2025-08-16T21:48:40.7647944Z /opt/hostedtoolcache/Python/3.11.13/x64/lib/python3.11/site-packages/coverage/report_core.py:118: CoverageWarning: Couldn't parse '/home/runner/work/AWA-App/AWA-App/C:\Users\Alexey\Documents\GitHub\AWA-App\services\price_importer\normaliser.py': No source for code: '/home/runner/work/AWA-App/AWA-App/C:\Users\Alexey\Documents\GitHub\AWA-App\services\price_importer\normaliser.py'. (couldnt-parse)
2025-08-16T21:48:40.7649365Z   coverage._warn(msg, slug="couldnt-parse")
2025-08-16T21:48:40.7650993Z /opt/hostedtoolcache/Python/3.11.13/x64/lib/python3.11/site-packages/coverage/report_core.py:118: CoverageWarning: Couldn't parse '/home/runner/work/AWA-App/AWA-App/C:\Users\Alexey\Documents\GitHub\AWA-App\services\price_importer\reader.py': No source for code: '/home/runner/work/AWA-App/AWA-App/C:\Users\Alexey\Documents\GitHub\AWA-App\services\price_importer\reader.py'. (couldnt-parse)
2025-08-16T21:48:40.7652414Z   coverage._warn(msg, slug="couldnt-parse")
2025-08-16T21:48:40.7654221Z /opt/hostedtoolcache/Python/3.11.13/x64/lib/python3.11/site-packages/coverage/report_core.py:118: CoverageWarning: Couldn't parse '/home/runner/work/AWA-App/AWA-App/C:\Users\Alexey\Documents\GitHub\AWA-App\services\price_importer\repository.py': No source for code: '/home/runner/work/AWA-App/AWA-App/C:\Users\Alexey\Documents\GitHub\AWA-App\services\price_importer\repository.py'. (couldnt-parse)
2025-08-16T21:48:40.7655897Z   coverage._warn(msg, slug="couldnt-parse")
2025-08-16T21:48:40.7657552Z /opt/hostedtoolcache/Python/3.11.13/x64/lib/python3.11/site-packages/coverage/report_core.py:118: CoverageWarning: Couldn't parse '/home/runner/work/AWA-App/AWA-App/C:\Users\Alexey\Documents\GitHub\AWA-App\services\price_importer\services_common\__init__.py': No source for code: '/home/runner/work/AWA-App/AWA-App/C:\Users\Alexey\Documents\GitHub\AWA-App\services\price_importer\services_common\__init__.py'. (couldnt-parse)
2025-08-16T21:48:40.7659014Z   coverage._warn(msg, slug="couldnt-parse")
2025-08-16T21:48:40.7660447Z /opt/hostedtoolcache/Python/3.11.13/x64/lib/python3.11/site-packages/coverage/report_core.py:118: CoverageWarning: Couldn't parse '/home/runner/work/AWA-App/AWA-App/C:\Users\Alexey\Documents\GitHub\AWA-App\services\price_importer\services_common\base.py': No source for code: '/home/runner/work/AWA-App/AWA-App/C:\Users\Alexey\Documents\GitHub\AWA-App\services\price_importer\services_common\base.py'. (couldnt-parse)
2025-08-16T21:48:40.7661889Z   coverage._warn(msg, slug="couldnt-parse")
2025-08-16T21:48:40.7663311Z /opt/hostedtoolcache/Python/3.11.13/x64/lib/python3.11/site-packages/coverage/report_core.py:118: CoverageWarning: Couldn't parse '/home/runner/work/AWA-App/AWA-App/C:\Users\Alexey\Documents\GitHub\AWA-App\services\price_importer\services_common\db.py': No source for code: '/home/runner/work/AWA-App/AWA-App/C:\Users\Alexey\Documents\GitHub\AWA-App\services\price_importer\services_common\db.py'. (couldnt-parse)
2025-08-16T21:48:40.7664736Z   coverage._warn(msg, slug="couldnt-parse")
2025-08-16T21:48:40.7667115Z /opt/hostedtoolcache/Python/3.11.13/x64/lib/python3.11/site-packages/coverage/report_core.py:118: CoverageWarning: Couldn't parse '/home/runner/work/AWA-App/AWA-App/C:\Users\Alexey\Documents\GitHub\AWA-App\services\price_importer\services_common\db_url.py': No source for code: '/home/runner/work/AWA-App/AWA-App/C:\Users\Alexey\Documents\GitHub\AWA-App\services\price_importer\services_common\db_url.py'. (couldnt-parse)
2025-08-16T21:48:40.7668586Z   coverage._warn(msg, slug="couldnt-parse")
2025-08-16T21:48:40.7670046Z /opt/hostedtoolcache/Python/3.11.13/x64/lib/python3.11/site-packages/coverage/report_core.py:118: CoverageWarning: Couldn't parse '/home/runner/work/AWA-App/AWA-App/C:\Users\Alexey\Documents\GitHub\AWA-App\services\price_importer\services_common\dsn.py': No source for code: '/home/runner/work/AWA-App/AWA-App/C:\Users\Alexey\Documents\GitHub\AWA-App\services\price_importer\services_common\dsn.py'. (couldnt-parse)
2025-08-16T21:48:40.7671477Z   coverage._warn(msg, slug="couldnt-parse")
2025-08-16T21:48:40.7672916Z /opt/hostedtoolcache/Python/3.11.13/x64/lib/python3.11/site-packages/coverage/report_core.py:118: CoverageWarning: Couldn't parse '/home/runner/work/AWA-App/AWA-App/C:\Users\Alexey\Documents\GitHub\AWA-App\services\price_importer\services_common\keepa.py': No source for code: '/home/runner/work/AWA-App/AWA-App/C:\Users\Alexey\Documents\GitHub\AWA-App\services\price_importer\services_common\keepa.py'. (couldnt-parse)
2025-08-16T21:48:40.7674355Z   coverage._warn(msg, slug="couldnt-parse")
2025-08-16T21:48:40.7675780Z /opt/hostedtoolcache/Python/3.11.13/x64/lib/python3.11/site-packages/coverage/report_core.py:118: CoverageWarning: Couldn't parse '/home/runner/work/AWA-App/AWA-App/C:\Users\Alexey\Documents\GitHub\AWA-App\services\price_importer\services_common\llm.py': No source for code: '/home/runner/work/AWA-App/AWA-App/C:\Users\Alexey\Documents\GitHub\AWA-App\services\price_importer\services_common\llm.py'. (couldnt-parse)
2025-08-16T21:48:40.7677323Z   coverage._warn(msg, slug="couldnt-parse")
2025-08-16T21:48:40.7678990Z /opt/hostedtoolcache/Python/3.11.13/x64/lib/python3.11/site-packages/coverage/report_core.py:118: CoverageWarning: Couldn't parse '/home/runner/work/AWA-App/AWA-App/C:\Users\Alexey\Documents\GitHub\AWA-App\services\price_importer\services_common\models_vendor.py': No source for code: '/home/runner/work/AWA-App/AWA-App/C:\Users\Alexey\Documents\GitHub\AWA-App\services\price_importer\services_common\models_vendor.py'. (couldnt-parse)
2025-08-16T21:48:40.7680597Z   coverage._warn(msg, slug="couldnt-parse")
2025-08-16T21:48:40.7682060Z /opt/hostedtoolcache/Python/3.11.13/x64/lib/python3.11/site-packages/coverage/report_core.py:118: CoverageWarning: Couldn't parse '/home/runner/work/AWA-App/AWA-App/C:\Users\Alexey\Documents\GitHub\AWA-App\services\price_importer\services_common\settings.py': No source for code: '/home/runner/work/AWA-App/AWA-App/C:\Users\Alexey\Documents\GitHub\AWA-App\services\price_importer\services_common\settings.py'. (couldnt-parse)
2025-08-16T21:48:40.7683527Z   coverage._warn(msg, slug="couldnt-parse")
2025-08-16T21:48:40.7684848Z /opt/hostedtoolcache/Python/3.11.13/x64/lib/python3.11/site-packages/coverage/report_core.py:118: CoverageWarning: Couldn't parse '/home/runner/work/AWA-App/AWA-App/C:\Users\Alexey\Documents\GitHub\AWA-App\services\repricer\__init__.py': No source for code: '/home/runner/work/AWA-App/AWA-App/C:\Users\Alexey\Documents\GitHub\AWA-App\services\repricer\__init__.py'. (couldnt-parse)
2025-08-16T21:48:40.7686249Z   coverage._warn(msg, slug="couldnt-parse")
2025-08-16T21:48:40.7687581Z /opt/hostedtoolcache/Python/3.11.13/x64/lib/python3.11/site-packages/coverage/report_core.py:118: CoverageWarning: Couldn't parse '/home/runner/work/AWA-App/AWA-App/C:\Users\Alexey\Documents\GitHub\AWA-App\services\repricer\app\__init__.py': No source for code: '/home/runner/work/AWA-App/AWA-App/C:\Users\Alexey\Documents\GitHub\AWA-App\services\repricer\app\__init__.py'. (couldnt-parse)
2025-08-16T21:48:40.7688919Z   coverage._warn(msg, slug="couldnt-parse")
2025-08-16T21:48:40.7690238Z /opt/hostedtoolcache/Python/3.11.13/x64/lib/python3.11/site-packages/coverage/report_core.py:118: CoverageWarning: Couldn't parse '/home/runner/work/AWA-App/AWA-App/C:\Users\Alexey\Documents\GitHub\AWA-App\services\repricer\app\deps.py': No source for code: '/home/runner/work/AWA-App/AWA-App/C:\Users\Alexey\Documents\GitHub\AWA-App\services\repricer\app\deps.py'. (couldnt-parse)
2025-08-16T21:48:40.7691572Z   coverage._warn(msg, slug="couldnt-parse")
2025-08-16T21:48:40.7692900Z /opt/hostedtoolcache/Python/3.11.13/x64/lib/python3.11/site-packages/coverage/report_core.py:118: CoverageWarning: Couldn't parse '/home/runner/work/AWA-App/AWA-App/C:\Users\Alexey\Documents\GitHub\AWA-App\services\repricer\app\logic.py': No source for code: '/home/runner/work/AWA-App/AWA-App/C:\Users\Alexey\Documents\GitHub\AWA-App\services\repricer\app\logic.py'. (couldnt-parse)
2025-08-16T21:48:40.7694225Z   coverage._warn(msg, slug="couldnt-parse")
2025-08-16T21:48:40.7695538Z /opt/hostedtoolcache/Python/3.11.13/x64/lib/python3.11/site-packages/coverage/report_core.py:118: CoverageWarning: Couldn't parse '/home/runner/work/AWA-App/AWA-App/C:\Users\Alexey\Documents\GitHub\AWA-App\services\repricer\app\main.py': No source for code: '/home/runner/work/AWA-App/AWA-App/C:\Users\Alexey\Documents\GitHub\AWA-App\services\repricer\app\main.py'. (couldnt-parse)
2025-08-16T21:48:40.7696935Z   coverage._warn(msg, slug="couldnt-parse")
2025-08-16T21:48:40.7698272Z /opt/hostedtoolcache/Python/3.11.13/x64/lib/python3.11/site-packages/coverage/report_core.py:118: CoverageWarning: Couldn't parse '/home/runner/work/AWA-App/AWA-App/C:\Users\Alexey\Documents\GitHub\AWA-App\services\repricer\app\schemas.py': No source for code: '/home/runner/work/AWA-App/AWA-App/C:\Users\Alexey\Documents\GitHub\AWA-App\services\repricer\app\schemas.py'. (couldnt-parse)
2025-08-16T21:48:40.7699616Z   coverage._warn(msg, slug="couldnt-parse")
2025-08-16T21:48:40.7701053Z /opt/hostedtoolcache/Python/3.11.13/x64/lib/python3.11/site-packages/coverage/report_core.py:118: CoverageWarning: Couldn't parse '/home/runner/work/AWA-App/AWA-App/C:\Users\Alexey\Documents\GitHub\AWA-App\services\returns_etl\loader.py': No source for code: '/home/runner/work/AWA-App/AWA-App/C:\Users\Alexey\Documents\GitHub\AWA-App\services\returns_etl\loader.py'. (couldnt-parse)
2025-08-16T21:48:40.7702380Z   coverage._warn(msg, slug="couldnt-parse")
2025-08-16T21:48:41.0549294Z ............                                                             [100%]
2025-08-16T21:48:41.0549859Z ================================ tests coverage ================================
2025-08-16T21:48:41.0550485Z _______________ coverage: platform linux, python 3.11.13-final-0 _______________
2025-08-16T21:48:41.0550997Z 
2025-08-16T21:48:41.0551206Z Coverage XML written to file coverage.xml
2025-08-16T21:48:41.1904785Z ##[group]Run actions/upload-artifact@v4
2025-08-16T21:48:41.1905093Z with:
2025-08-16T21:48:41.1905306Z   name: coverage.integration
2025-08-16T21:48:41.1905553Z   path: .coverage
2025-08-16T21:48:41.1905794Z   if-no-files-found: warn
2025-08-16T21:48:41.1906316Z   compression-level: 6
2025-08-16T21:48:41.1906551Z   overwrite: false
2025-08-16T21:48:41.1906766Z   include-hidden-files: false
2025-08-16T21:48:41.1907004Z env:
2025-08-16T21:48:41.1907198Z   PG_USER: postgres
2025-08-16T21:48:41.1907421Z   PG_PASSWORD: pass
2025-08-16T21:48:41.1907656Z   PG_DATABASE: awa
2025-08-16T21:48:41.1907861Z   PG_HOST: localhost
2025-08-16T21:48:41.1908076Z   PG_PORT: 5432
2025-08-16T21:48:41.1908542Z   PG_SYNC_DSN: ***localhost:5432/awa
2025-08-16T21:48:41.1908986Z   PG_ASYNC_DSN: ***localhost:5432/awa
2025-08-16T21:48:41.1909406Z   DATABASE_URL: ***localhost:5432/awa
2025-08-16T21:48:41.1909672Z   DATA_DIR: /tmp/awa-data
2025-08-16T21:48:41.1910022Z   ENABLE_LIVE: 0
2025-08-16T21:48:41.1910267Z   TESTING: 1
2025-08-16T21:48:41.1910544Z   pythonLocation: /opt/hostedtoolcache/Python/3.11.13/x64
2025-08-16T21:48:41.1910966Z   PKG_CONFIG_PATH: /opt/hostedtoolcache/Python/3.11.13/x64/lib/pkgconfig
2025-08-16T21:48:41.1911381Z   Python_ROOT_DIR: /opt/hostedtoolcache/Python/3.11.13/x64
2025-08-16T21:48:41.1911757Z   Python2_ROOT_DIR: /opt/hostedtoolcache/Python/3.11.13/x64
2025-08-16T21:48:41.1912129Z   Python3_ROOT_DIR: /opt/hostedtoolcache/Python/3.11.13/x64
2025-08-16T21:48:41.1912506Z   LD_LIBRARY_PATH: /opt/hostedtoolcache/Python/3.11.13/x64/lib
2025-08-16T21:48:41.1912831Z ##[endgroup]
2025-08-16T21:48:41.4054420Z ##[warning]No files were found with the provided path: .coverage. No artifacts will be uploaded.
2025-08-16T21:48:41.4661420Z Post job cleanup.
2025-08-16T21:48:41.5924550Z Cache hit occurred on the primary key Linux-int-dee7c0c28332ec2ebb5d2650fb0d2cfddf025b3b0e96b0c826645ad2cb717961, not saving cache.
2025-08-16T21:48:41.6009442Z Post job cleanup.
2025-08-16T21:48:41.7489980Z Cache hit occurred on the primary key setup-python-Linux-x64-24.04-Ubuntu-python-3.11.13-pip-dee7c0c28332ec2ebb5d2650fb0d2cfddf025b3b0e96b0c826645ad2cb717961, not saving cache.
2025-08-16T21:48:41.7588048Z Post job cleanup.
2025-08-16T21:48:41.8534011Z [command]/usr/bin/git version
2025-08-16T21:48:41.8571259Z git version 2.50.1
2025-08-16T21:48:41.8614918Z Temporarily overriding HOME='/home/runner/work/_temp/4b1a0df4-2d3c-481f-88ce-e67bcc6a20c0' before making global git config changes
2025-08-16T21:48:41.8616496Z Adding repository directory to the temporary git global config as a safe directory
2025-08-16T21:48:41.8628123Z [command]/usr/bin/git config --global --add safe.directory /home/runner/work/AWA-App/AWA-App
2025-08-16T21:48:41.8663688Z [command]/usr/bin/git config --local --name-only --get-regexp core\.sshCommand
2025-08-16T21:48:41.8697038Z [command]/usr/bin/git submodule foreach --recursive sh -c "git config --local --name-only --get-regexp 'core\.sshCommand' && git config --local --unset-all 'core.sshCommand' || :"
2025-08-16T21:48:41.8927525Z [command]/usr/bin/git config --local --name-only --get-regexp http\.https\:\/\/github\.com\/\.extraheader
2025-08-16T21:48:41.8947787Z http.https://github.com/.extraheader
2025-08-16T21:48:41.8960252Z [command]/usr/bin/git config --local --unset-all http.https://github.com/.extraheader
2025-08-16T21:48:41.8990029Z [command]/usr/bin/git submodule foreach --recursive sh -c "git config --local --name-only --get-regexp 'http\.https\:\/\/github\.com\/\.extraheader' && git config --local --unset-all 'http.https://github.com/.extraheader' || :"
2025-08-16T21:48:41.9298064Z Print service container logs: b692aa0276954d558c41d8c4738bc34f_postgres15_7b51f8
2025-08-16T21:48:41.9302510Z ##[command]/usr/bin/docker logs --details 941ba2da8d9a19185eb188c288ea42138a1a4696fe21693a48fac89e571c1f1f
2025-08-16T21:48:41.9422939Z  The files belonging to this database system will be owned by user "postgres".
2025-08-16T21:48:41.9424787Z  initdb: warning: enabling "trust" authentication for local connections
2025-08-16T21:48:41.9427664Z  initdb: hint: You can change this by editing pg_hba.conf or using the option -A, or --auth-local and --auth-host, the next time you run initdb.
2025-08-16T21:48:41.9428632Z  This user must also own the server process.
2025-08-16T21:48:41.9429028Z  
2025-08-16T21:48:41.9429315Z  The database cluster will be initialized with locale "en_US.utf8".
2025-08-16T21:48:41.9429769Z  The default database encoding has accordingly been set to "UTF8".
2025-08-16T21:48:41.9430195Z  The default text search configuration will be set to "english".
2025-08-16T21:48:41.9430568Z  
2025-08-16T21:48:41.9430775Z  Data page checksums are disabled.
2025-08-16T21:48:41.9431022Z  
2025-08-16T21:48:41.9431326Z  fixing permissions on existing directory /var/lib/postgresql/data ... ok
2025-08-16T21:48:41.9431709Z  creating subdirectories ... ok
2025-08-16T21:48:41.9432025Z  selecting dynamic shared memory implementation ... posix
2025-08-16T21:48:41.9432370Z  selecting default max_connections ... 100
2025-08-16T21:48:41.9432666Z  selecting default shared_buffers ... 128MB
2025-08-16T21:48:41.9432956Z  selecting default time zone ... Etc/UTC
2025-08-16T21:48:41.9433240Z  creating configuration files ... ok
2025-08-16T21:48:41.9433508Z  running bootstrap script ... ok
2025-08-16T21:48:41.9433806Z  performing post-bootstrap initialization ... ok
2025-08-16T21:48:41.9434113Z  syncing data to disk ... ok
2025-08-16T21:48:41.9434342Z  
2025-08-16T21:48:41.9434515Z  
2025-08-16T21:48:41.9434747Z  Success. You can now start the database server using:
2025-08-16T21:48:41.9435051Z  
2025-08-16T21:48:41.9435289Z      pg_ctl -D /var/lib/postgresql/data -l logfile start
2025-08-16T21:48:41.9435571Z  
2025-08-16T21:48:41.9436289Z  2025-08-16 21:47:49.950 UTC [1] LOG:  starting PostgreSQL 15.14 (Debian 15.14-1.pgdg13+1) on x86_64-pc-linux-gnu, compiled by gcc (Debian 14.2.0-19) 14.2.0, 64-bit
2025-08-16T21:48:41.9436926Z  2025-08-16 21:47:49.950 UTC [1] LOG:  listening on IPv4 address "0.0.0.0", port 5432
2025-08-16T21:48:41.9437394Z  2025-08-16 21:47:49.950 UTC [1] LOG:  listening on IPv6 address "::", port 5432
2025-08-16T21:48:41.9438352Z  2025-08-16 21:47:49.951 UTC [1] LOG:  listening on Unix socket "/var/run/postgresql/.s.PGSQL.5432"
2025-08-16T21:48:41.9439207Z  2025-08-16 21:47:49.954 UTC [64] LOG:  database system was shut down at 2025-08-16 21:47:49 UTC
2025-08-16T21:48:41.9439809Z  2025-08-16 21:47:49.957 UTC [1] LOG:  database system is ready to accept connections
2025-08-16T21:48:41.9440554Z  waiting for server to start....2025-08-16 21:47:49.647 UTC [48] LOG:  starting PostgreSQL 15.14 (Debian 15.14-1.pgdg13+1) on x86_64-pc-linux-gnu, compiled by gcc (Debian 14.2.0-19) 14.2.0, 64-bit
2025-08-16T21:48:41.9441316Z  2025-08-16 21:47:49.648 UTC [48] LOG:  listening on Unix socket "/var/run/postgresql/.s.PGSQL.5432"
2025-08-16T21:48:41.9441821Z  2025-08-16 21:47:49.650 UTC [51] LOG:  database system was shut down at 2025-08-16 21:47:49 UTC
2025-08-16T21:48:41.9442277Z  2025-08-16 21:47:49.654 UTC [48] LOG:  database system is ready to accept connections
2025-08-16T21:48:41.9442621Z   done
2025-08-16T21:48:41.9442821Z  server started
2025-08-16T21:48:41.9443030Z  CREATE DATABASE
2025-08-16T21:48:41.9443231Z  
2025-08-16T21:48:41.9443401Z  
2025-08-16T21:48:41.9443728Z  /usr/local/bin/docker-entrypoint.sh: ignoring /docker-entrypoint-initdb.d/*
2025-08-16T21:48:41.9444118Z  
2025-08-16T21:48:41.9444368Z  2025-08-16 21:47:49.832 UTC [48] LOG:  received fast shutdown request
2025-08-16T21:48:41.9445070Z  waiting for server to shut down....2025-08-16 21:47:49.832 UTC [48] LOG:  aborting any active transactions
2025-08-16T21:48:41.9445835Z  2025-08-16 21:47:49.834 UTC [48] LOG:  background worker "logical replication launcher" (PID 54) exited with exit code 1
2025-08-16T21:48:41.9446569Z  2025-08-16 21:47:49.834 UTC [49] LOG:  shutting down
2025-08-16T21:48:41.9446942Z  2025-08-16 21:47:49.834 UTC [49] LOG:  checkpoint starting: shutdown immediate
2025-08-16T21:48:41.9447807Z  2025-08-16 21:47:49.849 UTC [49] LOG:  checkpoint complete: wrote 922 buffers (5.6%); 0 WAL file(s) added, 0 removed, 0 recycled; write=0.013 s, sync=0.002 s, total=0.016 s; sync files=301, longest=0.001 s, average=0.001 s; distance=4239 kB, estimate=4239 kB
2025-08-16T21:48:41.9448644Z  2025-08-16 21:47:49.855 UTC [48] LOG:  database system is shut down
2025-08-16T21:48:41.9448962Z   done
2025-08-16T21:48:41.9449155Z  server stopped
2025-08-16T21:48:41.9449350Z  
2025-08-16T21:48:41.9449593Z  PostgreSQL init process complete; ready for start up.
2025-08-16T21:48:41.9449892Z  
2025-08-16T21:48:41.9454923Z Stop and remove container: b692aa0276954d558c41d8c4738bc34f_postgres15_7b51f8
2025-08-16T21:48:41.9459530Z ##[command]/usr/bin/docker rm --force 941ba2da8d9a19185eb188c288ea42138a1a4696fe21693a48fac89e571c1f1f
2025-08-16T21:48:43.4558815Z 941ba2da8d9a19185eb188c288ea42138a1a4696fe21693a48fac89e571c1f1f
2025-08-16T21:48:43.4587092Z Remove container network: github_network_44d5c8608da647a0be1035455df3b947
2025-08-16T21:48:43.4591262Z ##[command]/usr/bin/docker network rm github_network_44d5c8608da647a0be1035455df3b947
2025-08-16T21:48:43.5721691Z github_network_44d5c8608da647a0be1035455df3b947
2025-08-16T21:48:43.5779532Z Cleaning up orphan processes
