2025-08-19T03:57:11.9711782Z Current runner version: '2.327.1'
2025-08-19T03:57:11.9758947Z ##[group]Runner Image Provisioner
2025-08-19T03:57:11.9759772Z Hosted Compute Agent
2025-08-19T03:57:11.9760278Z Version: 20250818.377
2025-08-19T03:57:11.9760997Z Commit: 3c593e9f75fe0b87e893bca80d6e12ba089c61fc
2025-08-19T03:57:11.9761865Z Build Date: 2025-08-18T14:52:18Z
2025-08-19T03:57:11.9762447Z ##[endgroup]
2025-08-19T03:57:11.9763070Z ##[group]Operating System
2025-08-19T03:57:11.9763644Z Ubuntu
2025-08-19T03:57:11.9764088Z 24.04.2
2025-08-19T03:57:11.9764617Z LTS
2025-08-19T03:57:11.9765032Z ##[endgroup]
2025-08-19T03:57:11.9765516Z ##[group]Runner Image
2025-08-19T03:57:11.9766151Z Image: ubuntu-24.04
2025-08-19T03:57:11.9766627Z Version: 20250810.1.0
2025-08-19T03:57:11.9767624Z Included Software: https://github.com/actions/runner-images/blob/ubuntu24/20250810.1/images/ubuntu/Ubuntu2404-Readme.md
2025-08-19T03:57:11.9769160Z Image Release: https://github.com/actions/runner-images/releases/tag/ubuntu24%2F20250810.1
2025-08-19T03:57:11.9770106Z ##[endgroup]
2025-08-19T03:57:11.9772634Z ##[group]GITHUB_TOKEN Permissions
2025-08-19T03:57:11.9774767Z Actions: read
2025-08-19T03:57:11.9775417Z Attestations: read
2025-08-19T03:57:11.9775956Z Checks: read
2025-08-19T03:57:11.9776399Z Contents: read
2025-08-19T03:57:11.9776942Z Deployments: read
2025-08-19T03:57:11.9777431Z Discussions: read
2025-08-19T03:57:11.9778035Z Issues: read
2025-08-19T03:57:11.9778462Z Metadata: read
2025-08-19T03:57:11.9779022Z Models: read
2025-08-19T03:57:11.9779471Z Packages: read
2025-08-19T03:57:11.9779945Z Pages: read
2025-08-19T03:57:11.9780500Z PullRequests: read
2025-08-19T03:57:11.9781228Z RepositoryProjects: read
2025-08-19T03:57:11.9781899Z SecurityEvents: read
2025-08-19T03:57:11.9782585Z Statuses: read
2025-08-19T03:57:11.9783091Z ##[endgroup]
2025-08-19T03:57:11.9785043Z Secret source: Dependabot
2025-08-19T03:57:11.9785893Z Prepare workflow directory
2025-08-19T03:57:12.0223887Z Prepare all required actions
2025-08-19T03:57:12.0262227Z Getting action download info
2025-08-19T03:57:12.4589475Z Download action repository 'actions/checkout@v4' (SHA:08eba0b27e820071cde6df949e0beb9ba4906955)
2025-08-19T03:57:12.8569603Z Download action repository 'actions/setup-python@v5' (SHA:a26af69be951a213d495a4c3e4e4022e16d87065)
2025-08-19T03:57:13.2697106Z Download action repository 'actions/cache@v4' (SHA:0400d5f644dc74513175e3cd8d07132dd4860809)
2025-08-19T03:57:13.6890806Z Download action repository 'actions/setup-node@v4' (SHA:49933ea5288caeca8642d1e84afbd3f7d6820020)
2025-08-19T03:57:13.7769020Z Download action repository 'codecov/codecov-action@v4' (SHA:b9fd7d16f6d7d1b5d2bec1a2887e65ceed900238)
2025-08-19T03:57:14.2594771Z Complete job name: test
2025-08-19T03:57:14.3188682Z ##[group]Checking docker version
2025-08-19T03:57:14.3202881Z ##[command]/usr/bin/docker version --format '{{.Server.APIVersion}}'
2025-08-19T03:57:14.3665066Z '1.48'
2025-08-19T03:57:14.3679083Z Docker daemon API version: '1.48'
2025-08-19T03:57:14.3680464Z ##[command]/usr/bin/docker version --format '{{.Client.APIVersion}}'
2025-08-19T03:57:14.3841392Z '1.48'
2025-08-19T03:57:14.3855906Z Docker client API version: '1.48'
2025-08-19T03:57:14.3862327Z ##[endgroup]
2025-08-19T03:57:14.3865560Z ##[group]Clean up resources from previous jobs
2025-08-19T03:57:14.3872251Z ##[command]/usr/bin/docker ps --all --quiet --no-trunc --filter "label=d20111"
2025-08-19T03:57:14.4015573Z ##[command]/usr/bin/docker network prune --force --filter "label=d20111"
2025-08-19T03:57:14.4148784Z ##[endgroup]
2025-08-19T03:57:14.4149641Z ##[group]Create local container network
2025-08-19T03:57:14.4160702Z ##[command]/usr/bin/docker network create --label d20111 github_network_08bbe9f4f0c34426a6ea6f85535ae7fb
2025-08-19T03:57:14.4721640Z db2ac46d15a666bbd9b51bcb2beac432d58e52368cfd0f65581d7f3c2a578b86
2025-08-19T03:57:14.4742227Z ##[endgroup]
2025-08-19T03:57:14.4766947Z ##[group]Starting postgres service container
2025-08-19T03:57:14.4787170Z ##[command]/usr/bin/docker pull postgres:15
2025-08-19T03:57:14.9608660Z 15: Pulling from library/postgres
2025-08-19T03:57:15.0770625Z 396b1da7636e: Pulling fs layer
2025-08-19T03:57:15.0771506Z fca2566eba32: Pulling fs layer
2025-08-19T03:57:15.0771951Z 631fe8c6d606: Pulling fs layer
2025-08-19T03:57:15.0772530Z 77c7671c4414: Pulling fs layer
2025-08-19T03:57:15.0773118Z 2d9e29180a27: Pulling fs layer
2025-08-19T03:57:15.0773765Z c6bcc2c9a041: Pulling fs layer
2025-08-19T03:57:15.0774284Z ac4b721eb66f: Pulling fs layer
2025-08-19T03:57:15.0774866Z 606bd164980e: Pulling fs layer
2025-08-19T03:57:15.0775312Z f5dfd246bc6e: Pulling fs layer
2025-08-19T03:57:15.0775684Z ba7036bb0a60: Pulling fs layer
2025-08-19T03:57:15.0776030Z 799f859abbbd: Pulling fs layer
2025-08-19T03:57:15.0776456Z 2d9e29180a27: Waiting
2025-08-19T03:57:15.0776775Z d903e777080c: Pulling fs layer
2025-08-19T03:57:15.0777116Z c6bcc2c9a041: Waiting
2025-08-19T03:57:15.0777436Z 04adcb462801: Pulling fs layer
2025-08-19T03:57:15.0777784Z 5c10925b29ff: Pulling fs layer
2025-08-19T03:57:15.0778119Z ac4b721eb66f: Waiting
2025-08-19T03:57:15.0778417Z 606bd164980e: Waiting
2025-08-19T03:57:15.0778713Z ba7036bb0a60: Waiting
2025-08-19T03:57:15.0779008Z f5dfd246bc6e: Waiting
2025-08-19T03:57:15.0779292Z 799f859abbbd: Waiting
2025-08-19T03:57:15.0779579Z 5c10925b29ff: Waiting
2025-08-19T03:57:15.0779856Z d903e777080c: Waiting
2025-08-19T03:57:15.0780169Z 04adcb462801: Waiting
2025-08-19T03:57:15.0780446Z 77c7671c4414: Waiting
2025-08-19T03:57:15.1954663Z fca2566eba32: Verifying Checksum
2025-08-19T03:57:15.1955395Z fca2566eba32: Download complete
2025-08-19T03:57:15.2436166Z 631fe8c6d606: Verifying Checksum
2025-08-19T03:57:15.2437246Z 631fe8c6d606: Download complete
2025-08-19T03:57:15.3203301Z 396b1da7636e: Verifying Checksum
2025-08-19T03:57:15.3204278Z 396b1da7636e: Download complete
2025-08-19T03:57:15.3218419Z 77c7671c4414: Verifying Checksum
2025-08-19T03:57:15.3220376Z 77c7671c4414: Download complete
2025-08-19T03:57:15.4460617Z c6bcc2c9a041: Download complete
2025-08-19T03:57:15.4524183Z ac4b721eb66f: Verifying Checksum
2025-08-19T03:57:15.4525517Z ac4b721eb66f: Download complete
2025-08-19T03:57:15.4674054Z 2d9e29180a27: Verifying Checksum
2025-08-19T03:57:15.4675460Z 2d9e29180a27: Download complete
2025-08-19T03:57:15.5540638Z 606bd164980e: Verifying Checksum
2025-08-19T03:57:15.5541416Z 606bd164980e: Download complete
2025-08-19T03:57:15.6051240Z ba7036bb0a60: Verifying Checksum
2025-08-19T03:57:15.6052383Z ba7036bb0a60: Download complete
2025-08-19T03:57:15.6666275Z 799f859abbbd: Verifying Checksum
2025-08-19T03:57:15.6667732Z 799f859abbbd: Download complete
2025-08-19T03:57:15.7198656Z d903e777080c: Verifying Checksum
2025-08-19T03:57:15.7199520Z d903e777080c: Download complete
2025-08-19T03:57:15.7872917Z 04adcb462801: Verifying Checksum
2025-08-19T03:57:15.7874577Z 04adcb462801: Download complete
2025-08-19T03:57:15.8216832Z 5c10925b29ff: Verifying Checksum
2025-08-19T03:57:15.8218339Z 5c10925b29ff: Download complete
2025-08-19T03:57:16.4118324Z 396b1da7636e: Pull complete
2025-08-19T03:57:16.5618448Z f5dfd246bc6e: Verifying Checksum
2025-08-19T03:57:16.5619040Z f5dfd246bc6e: Download complete
2025-08-19T03:57:17.5226942Z fca2566eba32: Pull complete
2025-08-19T03:57:17.6954794Z 631fe8c6d606: Pull complete
2025-08-19T03:57:17.7432464Z 77c7671c4414: Pull complete
2025-08-19T03:57:18.0467275Z 2d9e29180a27: Pull complete
2025-08-19T03:57:18.1363436Z c6bcc2c9a041: Pull complete
2025-08-19T03:57:18.1456239Z ac4b721eb66f: Pull complete
2025-08-19T03:57:18.1590043Z 606bd164980e: Pull complete
2025-08-19T03:57:21.0844970Z f5dfd246bc6e: Pull complete
2025-08-19T03:57:21.0998676Z ba7036bb0a60: Pull complete
2025-08-19T03:57:21.1112725Z 799f859abbbd: Pull complete
2025-08-19T03:57:21.1222650Z d903e777080c: Pull complete
2025-08-19T03:57:21.1334921Z 04adcb462801: Pull complete
2025-08-19T03:57:21.1461524Z 5c10925b29ff: Pull complete
2025-08-19T03:57:21.1533498Z Digest: sha256:bc51cf4f1fe02cce7ed2370b20128a9b00b4eb804573a77d2a0d877aaa9c82b1
2025-08-19T03:57:21.1548147Z Status: Downloaded newer image for postgres:15
2025-08-19T03:57:21.1560384Z docker.io/library/postgres:15
2025-08-19T03:57:21.1622346Z ##[command]/usr/bin/docker create --name ba5d7877e360448da1d3692e0d8eeffe_postgres15_78b358 --label d20111 --network github_network_08bbe9f4f0c34426a6ea6f85535ae7fb --network-alias postgres -p 5432:5432 --health-cmd="pg_isready -U postgres -d awa" --health-interval=5s --health-timeout=5s --health-retries=10 -e "POSTGRES_USER=postgres" -e "POSTGRES_PASSWORD=pass" -e "POSTGRES_DB=awa" -e GITHUB_ACTIONS=true -e CI=true postgres:15
2025-08-19T03:57:21.1892911Z ce7386b6d5c0e951e6aa0174fdf0ddbc54ae223f43b73b31aa898fe0886311c9
2025-08-19T03:57:21.1917141Z ##[command]/usr/bin/docker start ce7386b6d5c0e951e6aa0174fdf0ddbc54ae223f43b73b31aa898fe0886311c9
2025-08-19T03:57:21.3711899Z ce7386b6d5c0e951e6aa0174fdf0ddbc54ae223f43b73b31aa898fe0886311c9
2025-08-19T03:57:21.3760335Z ##[command]/usr/bin/docker ps --all --filter id=ce7386b6d5c0e951e6aa0174fdf0ddbc54ae223f43b73b31aa898fe0886311c9 --filter status=running --no-trunc --format "{{.ID}} {{.Status}}"
2025-08-19T03:57:21.3888407Z ce7386b6d5c0e951e6aa0174fdf0ddbc54ae223f43b73b31aa898fe0886311c9 Up Less than a second (health: starting)
2025-08-19T03:57:21.3912587Z ##[command]/usr/bin/docker port ce7386b6d5c0e951e6aa0174fdf0ddbc54ae223f43b73b31aa898fe0886311c9
2025-08-19T03:57:21.4044746Z 5432/tcp -> 0.0.0.0:5432
2025-08-19T03:57:21.4045354Z 5432/tcp -> [::]:5432
2025-08-19T03:57:21.4095879Z ##[endgroup]
2025-08-19T03:57:21.4096826Z ##[group]Starting redis service container
2025-08-19T03:57:21.4098120Z ##[command]/usr/bin/docker pull redis:7-alpine
2025-08-19T03:57:21.7935904Z 7-alpine: Pulling from library/redis
2025-08-19T03:57:21.9157445Z 0368fd46e3c6: Pulling fs layer
2025-08-19T03:57:21.9157937Z 4c55286bbede: Pulling fs layer
2025-08-19T03:57:21.9158331Z 5e28347af205: Pulling fs layer
2025-08-19T03:57:21.9158662Z 311eca34042e: Pulling fs layer
2025-08-19T03:57:21.9159078Z e6fe6f07e192: Pulling fs layer
2025-08-19T03:57:21.9159437Z a2cadbfeca72: Pulling fs layer
2025-08-19T03:57:21.9159823Z 4f4fb700ef54: Pulling fs layer
2025-08-19T03:57:21.9160199Z a976ed7e7808: Pulling fs layer
2025-08-19T03:57:21.9160574Z e6fe6f07e192: Waiting
2025-08-19T03:57:21.9160916Z a2cadbfeca72: Waiting
2025-08-19T03:57:21.9161435Z 4f4fb700ef54: Waiting
2025-08-19T03:57:21.9161749Z a976ed7e7808: Waiting
2025-08-19T03:57:21.9162060Z 311eca34042e: Waiting
2025-08-19T03:57:22.0241912Z 4c55286bbede: Verifying Checksum
2025-08-19T03:57:22.0242351Z 4c55286bbede: Download complete
2025-08-19T03:57:22.0324210Z 5e28347af205: Verifying Checksum
2025-08-19T03:57:22.0832958Z 5e28347af205: Download complete
2025-08-19T03:57:22.0833824Z 0368fd46e3c6: Verifying Checksum
2025-08-19T03:57:22.0834370Z 0368fd46e3c6: Download complete
2025-08-19T03:57:22.1773163Z 311eca34042e: Download complete
2025-08-19T03:57:22.1929124Z a2cadbfeca72: Verifying Checksum
2025-08-19T03:57:22.1930931Z a2cadbfeca72: Download complete
2025-08-19T03:57:22.2223996Z 0368fd46e3c6: Pull complete
2025-08-19T03:57:22.2298632Z e6fe6f07e192: Verifying Checksum
2025-08-19T03:57:22.2301946Z e6fe6f07e192: Download complete
2025-08-19T03:57:22.2517458Z 4c55286bbede: Pull complete
2025-08-19T03:57:22.2886293Z 4f4fb700ef54: Verifying Checksum
2025-08-19T03:57:22.2886950Z 4f4fb700ef54: Download complete
2025-08-19T03:57:22.3086868Z a976ed7e7808: Verifying Checksum
2025-08-19T03:57:22.3087320Z a976ed7e7808: Download complete
2025-08-19T03:57:22.3865245Z 5e28347af205: Pull complete
2025-08-19T03:57:22.4165777Z 311eca34042e: Pull complete
2025-08-19T03:57:22.5960598Z e6fe6f07e192: Pull complete
2025-08-19T03:57:22.6051525Z a2cadbfeca72: Pull complete
2025-08-19T03:57:22.6135386Z 4f4fb700ef54: Pull complete
2025-08-19T03:57:22.6243668Z a976ed7e7808: Pull complete
2025-08-19T03:57:22.6296159Z Digest: sha256:bb186d083732f669da90be8b0f975a37812b15e913465bb14d845db72a4e3e08
2025-08-19T03:57:22.6307296Z Status: Downloaded newer image for redis:7-alpine
2025-08-19T03:57:22.6315759Z docker.io/library/redis:7-alpine
2025-08-19T03:57:22.6333348Z ##[command]/usr/bin/docker create --name 61e435dd8f5b47ee820412fcfee2fa5b_redis7alpine_7cf65b --label d20111 --network github_network_08bbe9f4f0c34426a6ea6f85535ae7fb --network-alias redis -p 6379:6379  -e GITHUB_ACTIONS=true -e CI=true redis:7-alpine
2025-08-19T03:57:22.6560239Z e83f492729b17cc2fe71687db0e6e9706bf136274a40175cfb0167c115fc7b1a
2025-08-19T03:57:22.6574650Z ##[command]/usr/bin/docker start e83f492729b17cc2fe71687db0e6e9706bf136274a40175cfb0167c115fc7b1a
2025-08-19T03:57:22.7844102Z e83f492729b17cc2fe71687db0e6e9706bf136274a40175cfb0167c115fc7b1a
2025-08-19T03:57:22.7859988Z ##[command]/usr/bin/docker ps --all --filter id=e83f492729b17cc2fe71687db0e6e9706bf136274a40175cfb0167c115fc7b1a --filter status=running --no-trunc --format "{{.ID}} {{.Status}}"
2025-08-19T03:57:22.7978224Z e83f492729b17cc2fe71687db0e6e9706bf136274a40175cfb0167c115fc7b1a Up Less than a second
2025-08-19T03:57:22.7991459Z ##[command]/usr/bin/docker port e83f492729b17cc2fe71687db0e6e9706bf136274a40175cfb0167c115fc7b1a
2025-08-19T03:57:22.8101374Z 6379/tcp -> 0.0.0.0:6379
2025-08-19T03:57:22.8101780Z 6379/tcp -> [::]:6379
2025-08-19T03:57:22.8114232Z ##[endgroup]
2025-08-19T03:57:22.8125510Z ##[group]Waiting for all services to be ready
2025-08-19T03:57:22.8138241Z ##[command]/usr/bin/docker inspect --format="{{if .Config.Healthcheck}}{{print .State.Health.Status}}{{end}}" ce7386b6d5c0e951e6aa0174fdf0ddbc54ae223f43b73b31aa898fe0886311c9
2025-08-19T03:57:22.8247996Z starting
2025-08-19T03:57:22.8268833Z postgres service is starting, waiting 2 seconds before checking again.
2025-08-19T03:57:24.8269102Z ##[command]/usr/bin/docker inspect --format="{{if .Config.Healthcheck}}{{print .State.Health.Status}}{{end}}" ce7386b6d5c0e951e6aa0174fdf0ddbc54ae223f43b73b31aa898fe0886311c9
2025-08-19T03:57:24.8390163Z starting
2025-08-19T03:57:24.8404007Z postgres service is starting, waiting 3 seconds before checking again.
2025-08-19T03:57:28.6284891Z ##[command]/usr/bin/docker inspect --format="{{if .Config.Healthcheck}}{{print .State.Health.Status}}{{end}}" ce7386b6d5c0e951e6aa0174fdf0ddbc54ae223f43b73b31aa898fe0886311c9
2025-08-19T03:57:28.6405638Z healthy
2025-08-19T03:57:28.6422985Z postgres service is healthy.
2025-08-19T03:57:28.6423759Z ##[command]/usr/bin/docker inspect --format="{{if .Config.Healthcheck}}{{print .State.Health.Status}}{{end}}" e83f492729b17cc2fe71687db0e6e9706bf136274a40175cfb0167c115fc7b1a
2025-08-19T03:57:28.6545899Z redis service is healthy.
2025-08-19T03:57:28.6546509Z ##[endgroup]
2025-08-19T03:57:28.6789899Z ##[group]Run actions/checkout@v4
2025-08-19T03:57:28.6790426Z with:
2025-08-19T03:57:28.6790608Z   fetch-depth: 0
2025-08-19T03:57:28.6790809Z   repository: AlexBomber12/AWA-App
2025-08-19T03:57:28.6791359Z   token: ***
2025-08-19T03:57:28.6791546Z   ssh-strict: true
2025-08-19T03:57:28.6791727Z   ssh-user: git
2025-08-19T03:57:28.6791903Z   persist-credentials: true
2025-08-19T03:57:28.6792109Z   clean: true
2025-08-19T03:57:28.6792294Z   sparse-checkout-cone-mode: true
2025-08-19T03:57:28.6792514Z   fetch-tags: false
2025-08-19T03:57:28.6792693Z   show-progress: true
2025-08-19T03:57:28.6792882Z   lfs: false
2025-08-19T03:57:28.6793039Z   submodules: false
2025-08-19T03:57:28.6793211Z   set-safe-directory: true
2025-08-19T03:57:28.6793626Z env:
2025-08-19T03:57:28.6793830Z   REDIS_URL: redis://localhost:6379/0
2025-08-19T03:57:28.6794086Z   RATE_LIMIT_DEFAULT: 100/minute
2025-08-19T03:57:28.6794290Z   TRUST_X_FORWARDED: 1
2025-08-19T03:57:28.6794477Z ##[endgroup]
2025-08-19T03:57:28.7828827Z Syncing repository: AlexBomber12/AWA-App
2025-08-19T03:57:28.7830039Z ##[group]Getting Git version info
2025-08-19T03:57:28.7830523Z Working directory is '/home/runner/work/AWA-App/AWA-App'
2025-08-19T03:57:28.7831258Z [command]/usr/bin/git version
2025-08-19T03:57:28.7871961Z git version 2.50.1
2025-08-19T03:57:28.7897517Z ##[endgroup]
2025-08-19T03:57:28.7911229Z Temporarily overriding HOME='/home/runner/work/_temp/eaa3fe7d-ee2f-41fc-b4cd-aa35929a1d56' before making global git config changes
2025-08-19T03:57:28.7912197Z Adding repository directory to the temporary git global config as a safe directory
2025-08-19T03:57:28.7916372Z [command]/usr/bin/git config --global --add safe.directory /home/runner/work/AWA-App/AWA-App
2025-08-19T03:57:28.7949253Z Deleting the contents of '/home/runner/work/AWA-App/AWA-App'
2025-08-19T03:57:28.7952859Z ##[group]Initializing the repository
2025-08-19T03:57:28.7956940Z [command]/usr/bin/git init /home/runner/work/AWA-App/AWA-App
2025-08-19T03:57:28.8015572Z hint: Using 'master' as the name for the initial branch. This default branch name
2025-08-19T03:57:28.8016448Z hint: is subject to change. To configure the initial branch name to use in all
2025-08-19T03:57:28.8017249Z hint: of your new repositories, which will suppress this warning, call:
2025-08-19T03:57:28.8017841Z hint:
2025-08-19T03:57:28.8018263Z hint: 	git config --global init.defaultBranch <name>
2025-08-19T03:57:28.8018713Z hint:
2025-08-19T03:57:28.8019161Z hint: Names commonly chosen instead of 'master' are 'main', 'trunk' and
2025-08-19T03:57:28.8019931Z hint: 'development'. The just-created branch can be renamed via this command:
2025-08-19T03:57:28.8020559Z hint:
2025-08-19T03:57:28.8020765Z hint: 	git branch -m <name>
2025-08-19T03:57:28.8020971Z hint:
2025-08-19T03:57:28.8021570Z hint: Disable this message with "git config set advice.defaultBranchName false"
2025-08-19T03:57:28.8022059Z Initialized empty Git repository in /home/runner/work/AWA-App/AWA-App/.git/
2025-08-19T03:57:28.8029997Z [command]/usr/bin/git remote add origin https://github.com/AlexBomber12/AWA-App
2025-08-19T03:57:28.8061351Z ##[endgroup]
2025-08-19T03:57:28.8061924Z ##[group]Disabling automatic garbage collection
2025-08-19T03:57:28.8065539Z [command]/usr/bin/git config --local gc.auto 0
2025-08-19T03:57:28.8092549Z ##[endgroup]
2025-08-19T03:57:28.8093048Z ##[group]Setting up auth
2025-08-19T03:57:28.8099448Z [command]/usr/bin/git config --local --name-only --get-regexp core\.sshCommand
2025-08-19T03:57:28.8127933Z [command]/usr/bin/git submodule foreach --recursive sh -c "git config --local --name-only --get-regexp 'core\.sshCommand' && git config --local --unset-all 'core.sshCommand' || :"
2025-08-19T03:57:28.8387720Z [command]/usr/bin/git config --local --name-only --get-regexp http\.https\:\/\/github\.com\/\.extraheader
2025-08-19T03:57:28.8416459Z [command]/usr/bin/git submodule foreach --recursive sh -c "git config --local --name-only --get-regexp 'http\.https\:\/\/github\.com\/\.extraheader' && git config --local --unset-all 'http.https://github.com/.extraheader' || :"
2025-08-19T03:57:28.8633247Z [command]/usr/bin/git config --local http.https://github.com/.extraheader AUTHORIZATION: basic ***
2025-08-19T03:57:28.8677327Z ##[endgroup]
2025-08-19T03:57:28.8677726Z ##[group]Fetching the repository
2025-08-19T03:57:28.8686428Z [command]/usr/bin/git -c protocol.version=2 fetch --prune --no-recurse-submodules origin +refs/heads/*:refs/remotes/origin/* +refs/tags/*:refs/tags/* +e2002e220bc8ee685e30a6ddaf6c253d8310b7c0:refs/remotes/pull/267/merge
2025-08-19T03:57:30.5987165Z From https://github.com/AlexBomber12/AWA-App
2025-08-19T03:57:30.5988007Z  * [new branch]        dependabot/pip/celery-5.5.3              -> origin/dependabot/pip/celery-5.5.3
2025-08-19T03:57:30.5988968Z  * [new branch]        dependabot/pip/psycopg2-binary-2.9.10    -> origin/dependabot/pip/psycopg2-binary-2.9.10
2025-08-19T03:57:30.5989943Z  * [new branch]        dependabot/pip/python-telegram-bot-22.3  -> origin/dependabot/pip/python-telegram-bot-22.3
2025-08-19T03:57:30.5991862Z  * [new branch]        dependabot/pip/structlog-25.4.0          -> origin/dependabot/pip/structlog-25.4.0
2025-08-19T03:57:30.5993963Z  * [new branch]        main                                     -> origin/main
2025-08-19T03:57:30.5995117Z  * [new tag]           0.3.0                                    -> 0.3.0
2025-08-19T03:57:30.5999048Z  * [new ref]           e2002e220bc8ee685e30a6ddaf6c253d8310b7c0 -> pull/267/merge
2025-08-19T03:57:30.6032037Z ##[endgroup]
2025-08-19T03:57:30.6032653Z ##[group]Determining the checkout info
2025-08-19T03:57:30.6033626Z ##[endgroup]
2025-08-19T03:57:30.6039001Z [command]/usr/bin/git sparse-checkout disable
2025-08-19T03:57:30.6077305Z [command]/usr/bin/git config --local --unset-all extensions.worktreeConfig
2025-08-19T03:57:30.6104148Z ##[group]Checking out the ref
2025-08-19T03:57:30.6108378Z [command]/usr/bin/git checkout --progress --force refs/remotes/pull/267/merge
2025-08-19T03:57:30.6568263Z Note: switching to 'refs/remotes/pull/267/merge'.
2025-08-19T03:57:30.6568775Z 
2025-08-19T03:57:30.6569158Z You are in 'detached HEAD' state. You can look around, make experimental
2025-08-19T03:57:30.6570107Z changes and commit them, and you can discard any commits you make in this
2025-08-19T03:57:30.6571016Z state without impacting any branches by switching back to a branch.
2025-08-19T03:57:30.6571644Z 
2025-08-19T03:57:30.6571866Z If you want to create a new branch to retain commits you create, you may
2025-08-19T03:57:30.6572390Z do so (now or later) by using -c with the switch command. Example:
2025-08-19T03:57:30.6572800Z 
2025-08-19T03:57:30.6573019Z   git switch -c <new-branch-name>
2025-08-19T03:57:30.6573329Z 
2025-08-19T03:57:30.6573492Z Or undo this operation with:
2025-08-19T03:57:30.6573786Z 
2025-08-19T03:57:30.6573933Z   git switch -
2025-08-19T03:57:30.6574143Z 
2025-08-19T03:57:30.6574512Z Turn off this advice by setting config variable advice.detachedHead to false
2025-08-19T03:57:30.6575089Z 
2025-08-19T03:57:30.6575686Z HEAD is now at e2002e22 Merge ffd063dbae79388d1e6551e9e2712d4e8c8b9551 into 9b820a3d662c1ccdd8b245d27c14fac9f0b97ac7
2025-08-19T03:57:30.6583755Z ##[endgroup]
2025-08-19T03:57:30.6622094Z [command]/usr/bin/git log -1 --format=%H
2025-08-19T03:57:30.6645945Z e2002e220bc8ee685e30a6ddaf6c253d8310b7c0
2025-08-19T03:57:30.6808795Z ##[group]Run cat .env.ci >> "$GITHUB_ENV"
2025-08-19T03:57:30.6809172Z [36;1mcat .env.ci >> "$GITHUB_ENV"[0m
2025-08-19T03:57:30.6809870Z [36;1mecho "DATABASE_URL=***localhost:5432/awa" >> "$GITHUB_ENV"[0m
2025-08-19T03:57:30.6810214Z [36;1mecho "PG_HOST=localhost" >> "$GITHUB_ENV"[0m
2025-08-19T03:57:30.6810515Z [36;1mecho "PG_PORT=5432" >> "$GITHUB_ENV"[0m
2025-08-19T03:57:30.6810787Z [36;1mecho "PG_USER=postgres" >> "$GITHUB_ENV"[0m
2025-08-19T03:57:30.6811334Z [36;1mecho "PG_PASSWORD=pass" >> "$GITHUB_ENV"[0m
2025-08-19T03:57:30.6811637Z [36;1mecho "PG_DATABASE=awa" >> "$GITHUB_ENV"[0m
2025-08-19T03:57:30.6855631Z shell: /usr/bin/bash -e {0}
2025-08-19T03:57:30.6855858Z env:
2025-08-19T03:57:30.6856055Z   REDIS_URL: redis://localhost:6379/0
2025-08-19T03:57:30.6856307Z   RATE_LIMIT_DEFAULT: 100/minute
2025-08-19T03:57:30.6856536Z   TRUST_X_FORWARDED: 1
2025-08-19T03:57:30.6856724Z ##[endgroup]
2025-08-19T03:57:30.7023140Z ##[group]Run actions/setup-python@v5
2025-08-19T03:57:30.7023406Z with:
2025-08-19T03:57:30.7023578Z   python-version: 3.12
2025-08-19T03:57:30.7023773Z   cache: pip
2025-08-19T03:57:30.7024538Z   cache-dependency-path: requirements-dev.txt
services/etl/requirements.txt
services/api/requirements.txt
services/repricer/requirements.txt
services/fees_h10/requirements.txt
services/alert_bot/requirements.txt

2025-08-19T03:57:30.7025366Z   check-latest: false
2025-08-19T03:57:30.7025680Z   token: ***
2025-08-19T03:57:30.7025868Z   update-environment: true
2025-08-19T03:57:30.7026096Z   allow-prereleases: false
2025-08-19T03:57:30.7026294Z   freethreaded: false
2025-08-19T03:57:30.7026473Z env:
2025-08-19T03:57:30.7026658Z   REDIS_URL: redis://localhost:6379/0
2025-08-19T03:57:30.7026907Z   RATE_LIMIT_DEFAULT: 100/minute
2025-08-19T03:57:30.7027119Z   TRUST_X_FORWARDED: 1
2025-08-19T03:57:30.7027310Z   PG_USER: postgres
2025-08-19T03:57:30.7027486Z   PG_PASSWORD: pass
2025-08-19T03:57:30.7027697Z   PG_DATABASE: awa
2025-08-19T03:57:30.7027865Z   PG_HOST: localhost
2025-08-19T03:57:30.7028044Z   PG_PORT: 5432
2025-08-19T03:57:30.7028416Z   PG_SYNC_DSN: ***localhost:5432/awa
2025-08-19T03:57:30.7028824Z   PG_ASYNC_DSN: ***localhost:5432/awa
2025-08-19T03:57:30.7029213Z   DATABASE_URL: ***localhost:5432/awa
2025-08-19T03:57:30.7029507Z   DATA_DIR: /tmp/awa-data
2025-08-19T03:57:30.7029902Z   ENABLE_LIVE: 0
2025-08-19T03:57:30.7030077Z   TESTING: 1
2025-08-19T03:57:30.7030245Z ##[endgroup]
2025-08-19T03:57:30.8659223Z ##[group]Installed versions
2025-08-19T03:57:30.8747269Z Successfully set up CPython (3.12.11)
2025-08-19T03:57:30.8747970Z ##[endgroup]
2025-08-19T03:57:30.9106423Z [command]/opt/hostedtoolcache/Python/3.12.11/x64/bin/pip cache dir
2025-08-19T03:57:32.3017409Z /home/runner/.cache/pip
2025-08-19T03:57:32.4386296Z Cache hit for: setup-python-Linux-x64-24.04-Ubuntu-python-3.12.11-pip-524237e5ef706ed147db5b46ba99213f0ea1ea3a3875cf489482bd610367dacd
2025-08-19T03:57:33.5699315Z Received 130023424 of 332576824 (39.1%), 124.0 MBs/sec
2025-08-19T03:57:34.5720337Z Received 285212672 of 332576824 (85.8%), 135.9 MBs/sec
2025-08-19T03:57:34.7711804Z Received 332576824 of 332576824 (100.0%), 144.1 MBs/sec
2025-08-19T03:57:34.7714308Z Cache Size: ~317 MB (332576824 B)
2025-08-19T03:57:34.7751274Z [command]/usr/bin/tar -xf /home/runner/work/_temp/81506a4f-0e15-4712-aad8-a9127e005c85/cache.tzst -P -C /home/runner/work/AWA-App/AWA-App --use-compress-program unzstd
2025-08-19T03:57:35.3128413Z Cache restored successfully
2025-08-19T03:57:35.3755025Z Cache restored from key: setup-python-Linux-x64-24.04-Ubuntu-python-3.12.11-pip-c172802cd17d95f4a21a1dfb3b09a2f596596a7a71e9a723868dcbd7ca2b709e
2025-08-19T03:57:35.4474765Z ##[group]Run actions/cache@v4
2025-08-19T03:57:35.4475025Z with:
2025-08-19T03:57:35.4475246Z   path: ~/.cache/pip
.pytest_cache
~/.ruff_cache

2025-08-19T03:57:35.4475666Z   key: Linux-test-10b816854adf51c811dd88ec253fa64916884aa292c96d13e57590204dd586f6
2025-08-19T03:57:35.4476056Z   restore-keys: Linux-test-
2025-08-19T03:57:35.4476284Z   enableCrossOsArchive: false
2025-08-19T03:57:35.4476514Z   fail-on-cache-miss: false
2025-08-19T03:57:35.4476715Z   lookup-only: false
2025-08-19T03:57:35.4476904Z   save-always: false
2025-08-19T03:57:35.4477083Z env:
2025-08-19T03:57:35.4477279Z   REDIS_URL: redis://localhost:6379/0
2025-08-19T03:57:35.4477535Z   RATE_LIMIT_DEFAULT: 100/minute
2025-08-19T03:57:35.4477766Z   TRUST_X_FORWARDED: 1
2025-08-19T03:57:35.4477951Z   PG_USER: postgres
2025-08-19T03:57:35.4478141Z   PG_PASSWORD: pass
2025-08-19T03:57:35.4478324Z   PG_DATABASE: awa
2025-08-19T03:57:35.4478504Z   PG_HOST: localhost
2025-08-19T03:57:35.4478682Z   PG_PORT: 5432
2025-08-19T03:57:35.4479428Z   PG_SYNC_DSN: ***localhost:5432/awa
2025-08-19T03:57:35.4479889Z   PG_ASYNC_DSN: ***localhost:5432/awa
2025-08-19T03:57:35.4480284Z   DATABASE_URL: ***localhost:5432/awa
2025-08-19T03:57:35.4480524Z   DATA_DIR: /tmp/awa-data
2025-08-19T03:57:35.4480724Z   ENABLE_LIVE: 0
2025-08-19T03:57:35.4480889Z   TESTING: 1
2025-08-19T03:57:35.4481396Z   pythonLocation: /opt/hostedtoolcache/Python/3.12.11/x64
2025-08-19T03:57:35.4481801Z   PKG_CONFIG_PATH: /opt/hostedtoolcache/Python/3.12.11/x64/lib/pkgconfig
2025-08-19T03:57:35.4482182Z   Python_ROOT_DIR: /opt/hostedtoolcache/Python/3.12.11/x64
2025-08-19T03:57:35.4482530Z   Python2_ROOT_DIR: /opt/hostedtoolcache/Python/3.12.11/x64
2025-08-19T03:57:35.4482879Z   Python3_ROOT_DIR: /opt/hostedtoolcache/Python/3.12.11/x64
2025-08-19T03:57:35.4483227Z   LD_LIBRARY_PATH: /opt/hostedtoolcache/Python/3.12.11/x64/lib
2025-08-19T03:57:35.4483504Z ##[endgroup]
2025-08-19T03:57:35.6928895Z Cache hit for restore-key: Linux-test-5e718741e550cec7917fae13efe91a31293d04a98c3c0932315e8f58598cbd2c
2025-08-19T03:57:36.8365381Z Received 130023424 of 318449380 (40.8%), 123.9 MBs/sec
2025-08-19T03:57:37.8368342Z Received 264241152 of 318449380 (83.0%), 125.9 MBs/sec
2025-08-19T03:57:38.4251692Z Received 318449380 of 318449380 (100.0%), 117.3 MBs/sec
2025-08-19T03:57:38.4254631Z Cache Size: ~304 MB (318449380 B)
2025-08-19T03:57:38.4293064Z [command]/usr/bin/tar -xf /home/runner/work/_temp/a5852c29-25f2-450b-a113-66623ea50d5e/cache.tzst -P -C /home/runner/work/AWA-App/AWA-App --use-compress-program unzstd
2025-08-19T03:57:38.9818208Z Cache restored successfully
2025-08-19T03:57:39.0514963Z Cache restored from key: Linux-test-5e718741e550cec7917fae13efe91a31293d04a98c3c0932315e8f58598cbd2c
2025-08-19T03:57:39.0637922Z ##[group]Run pip install -r services/etl/requirements.txt
2025-08-19T03:57:39.0638382Z [36;1mpip install -r services/etl/requirements.txt[0m
2025-08-19T03:57:39.0638731Z [36;1mpip install -r services/api/requirements.txt[0m
2025-08-19T03:57:39.0639073Z [36;1mpip install -r services/repricer/requirements.txt[0m
2025-08-19T03:57:39.0639462Z [36;1mpip install -r services/fees_h10/requirements.txt[0m
2025-08-19T03:57:39.0639815Z [36;1mpip install -r services/alert_bot/requirements.txt[0m
2025-08-19T03:57:39.0640156Z [36;1mpip install -r requirements-dev.txt[0m
2025-08-19T03:57:39.0640443Z [36;1mpip install asyncpg[0m
2025-08-19T03:57:39.0640669Z [36;1mpip install pytest[0m
2025-08-19T03:57:39.0640927Z [36;1mpip install keepa==1.3.15 minio==7.1.15[0m
2025-08-19T03:57:39.0682957Z shell: /usr/bin/bash -e {0}
2025-08-19T03:57:39.0683191Z env:
2025-08-19T03:57:39.0683396Z   REDIS_URL: redis://localhost:6379/0
2025-08-19T03:57:39.0683666Z   RATE_LIMIT_DEFAULT: 100/minute
2025-08-19T03:57:39.0683942Z   TRUST_X_FORWARDED: 1
2025-08-19T03:57:39.0684146Z   PG_USER: postgres
2025-08-19T03:57:39.0684343Z   PG_PASSWORD: pass
2025-08-19T03:57:39.0684523Z   PG_DATABASE: awa
2025-08-19T03:57:39.0684710Z   PG_HOST: localhost
2025-08-19T03:57:39.0684903Z   PG_PORT: 5432
2025-08-19T03:57:39.0685339Z   PG_SYNC_DSN: ***localhost:5432/awa
2025-08-19T03:57:39.0685749Z   PG_ASYNC_DSN: ***localhost:5432/awa
2025-08-19T03:57:39.0686140Z   DATABASE_URL: ***localhost:5432/awa
2025-08-19T03:57:39.0686377Z   DATA_DIR: /tmp/awa-data
2025-08-19T03:57:39.0686584Z   ENABLE_LIVE: 0
2025-08-19T03:57:39.0686761Z   TESTING: 1
2025-08-19T03:57:39.0686998Z   pythonLocation: /opt/hostedtoolcache/Python/3.12.11/x64
2025-08-19T03:57:39.0687411Z   PKG_CONFIG_PATH: /opt/hostedtoolcache/Python/3.12.11/x64/lib/pkgconfig
2025-08-19T03:57:39.0687807Z   Python_ROOT_DIR: /opt/hostedtoolcache/Python/3.12.11/x64
2025-08-19T03:57:39.0688156Z   Python2_ROOT_DIR: /opt/hostedtoolcache/Python/3.12.11/x64
2025-08-19T03:57:39.0688533Z   Python3_ROOT_DIR: /opt/hostedtoolcache/Python/3.12.11/x64
2025-08-19T03:57:39.0688891Z   LD_LIBRARY_PATH: /opt/hostedtoolcache/Python/3.12.11/x64/lib
2025-08-19T03:57:39.0689187Z ##[endgroup]
2025-08-19T03:57:40.0582679Z Collecting keepa==1.3.14 (from -r services/etl/requirements.txt (line 1))
2025-08-19T03:57:40.0596780Z   Using cached keepa-1.3.14-py3-none-any.whl.metadata (10 kB)
2025-08-19T03:57:40.0882480Z Collecting minio==7.1.15 (from -r services/etl/requirements.txt (line 2))
2025-08-19T03:57:40.0894697Z   Using cached minio-7.1.15-py3-none-any.whl.metadata (4.2 kB)
2025-08-19T03:57:40.1239746Z Collecting celery==5.3.* (from -r services/etl/requirements.txt (line 3))
2025-08-19T03:57:40.1252889Z   Using cached celery-5.3.6-py3-none-any.whl.metadata (21 kB)
2025-08-19T03:57:40.1729633Z Collecting redis==5.* (from -r services/etl/requirements.txt (line 4))
2025-08-19T03:57:40.1742325Z   Using cached redis-5.3.1-py3-none-any.whl.metadata (9.2 kB)
2025-08-19T03:57:40.2287485Z Collecting python-amazon-sp-api==0.8.0 (from -r services/etl/requirements.txt (line 5))
2025-08-19T03:57:40.2300094Z   Using cached python_amazon_sp_api-0.8.0-py3-none-any.whl.metadata (3.2 kB)
2025-08-19T03:57:40.2551671Z Collecting pydantic-settings==2.2.1 (from -r services/etl/requirements.txt (line 6))
2025-08-19T03:57:40.2563007Z   Using cached pydantic_settings-2.2.1-py3-none-any.whl.metadata (3.1 kB)
2025-08-19T03:57:40.4286844Z Collecting numpy<2 (from -r services/etl/requirements.txt (line 7))
2025-08-19T03:57:40.4300154Z   Using cached numpy-1.26.4-cp312-cp312-manylinux_2_17_x86_64.manylinux2014_x86_64.whl.metadata (61 kB)
2025-08-19T03:57:40.5445017Z Collecting pandas==2.2.* (from -r services/etl/requirements.txt (line 8))
2025-08-19T03:57:40.5458803Z   Using cached pandas-2.2.3-cp312-cp312-manylinux_2_17_x86_64.manylinux2014_x86_64.whl.metadata (89 kB)
2025-08-19T03:57:40.6094938Z Collecting pandera==0.19.* (from -r services/etl/requirements.txt (line 9))
2025-08-19T03:57:40.6108177Z   Using cached pandera-0.19.3-py3-none-any.whl.metadata (15 kB)
2025-08-19T03:57:40.6343851Z Collecting openpyxl==3.1.* (from -r services/etl/requirements.txt (line 10))
2025-08-19T03:57:40.6355814Z   Using cached openpyxl-3.1.5-py2.py3-none-any.whl.metadata (2.5 kB)
2025-08-19T03:57:40.6942417Z Collecting psycopg2-binary==2.9.* (from -r services/etl/requirements.txt (line 11))
2025-08-19T03:57:40.6960643Z   Using cached psycopg2_binary-2.9.10-cp312-cp312-manylinux_2_17_x86_64.manylinux2014_x86_64.whl.metadata (4.9 kB)
2025-08-19T03:57:40.7384214Z Collecting requests>=2.2 (from keepa==1.3.14->-r services/etl/requirements.txt (line 1))
2025-08-19T03:57:40.7396615Z   Using cached requests-2.32.5-py3-none-any.whl.metadata (4.9 kB)
2025-08-19T03:57:40.7757836Z Collecting tqdm (from keepa==1.3.14->-r services/etl/requirements.txt (line 1))
2025-08-19T03:57:40.7769678Z   Using cached tqdm-4.67.1-py3-none-any.whl.metadata (57 kB)
2025-08-19T03:57:41.2730829Z Collecting aiohttp (from keepa==1.3.14->-r services/etl/requirements.txt (line 1))
2025-08-19T03:57:41.2744732Z   Using cached aiohttp-3.12.15-cp312-cp312-manylinux_2_17_x86_64.manylinux2014_x86_64.whl.metadata (7.7 kB)
2025-08-19T03:57:41.3907803Z Collecting pydantic (from keepa==1.3.14->-r services/etl/requirements.txt (line 1))
2025-08-19T03:57:41.3920690Z   Using cached pydantic-2.11.7-py3-none-any.whl.metadata (67 kB)
2025-08-19T03:57:41.4132505Z Collecting certifi (from minio==7.1.15->-r services/etl/requirements.txt (line 2))
2025-08-19T03:57:41.4144118Z   Using cached certifi-2025.8.3-py3-none-any.whl.metadata (2.4 kB)
2025-08-19T03:57:41.4379987Z Collecting urllib3 (from minio==7.1.15->-r services/etl/requirements.txt (line 2))
2025-08-19T03:57:41.4391364Z   Using cached urllib3-2.5.0-py3-none-any.whl.metadata (6.5 kB)
2025-08-19T03:57:41.4525488Z Collecting six<2,>=1.15 (from python-amazon-sp-api==0.8.0->-r services/etl/requirements.txt (line 5))
2025-08-19T03:57:41.4536848Z   Using cached six-1.17.0-py2.py3-none-any.whl.metadata (1.7 kB)
2025-08-19T03:57:41.8888755Z Collecting boto3<2,>=1.16.39 (from python-amazon-sp-api==0.8.0->-r services/etl/requirements.txt (line 5))
2025-08-19T03:57:41.8902596Z   Using cached boto3-1.40.12-py3-none-any.whl.metadata (6.7 kB)
2025-08-19T03:57:41.9084068Z Collecting cachetools~=4.2.0 (from python-amazon-sp-api==0.8.0->-r services/etl/requirements.txt (line 5))
2025-08-19T03:57:41.9095936Z   Using cached cachetools-4.2.4-py3-none-any.whl.metadata (4.8 kB)
2025-08-19T03:57:41.9877557Z Collecting pycryptodome (from python-amazon-sp-api==0.8.0->-r services/etl/requirements.txt (line 5))
2025-08-19T03:57:41.9891354Z   Using cached pycryptodome-3.23.0-cp37-abi3-manylinux_2_17_x86_64.manylinux2014_x86_64.whl.metadata (3.4 kB)
2025-08-19T03:57:42.0233675Z Collecting pytz (from python-amazon-sp-api==0.8.0->-r services/etl/requirements.txt (line 5))
2025-08-19T03:57:42.0245849Z   Using cached pytz-2025.2-py2.py3-none-any.whl.metadata (22 kB)
2025-08-19T03:57:42.0366219Z Collecting confuse~=1.4.0 (from python-amazon-sp-api==0.8.0->-r services/etl/requirements.txt (line 5))
2025-08-19T03:57:42.0378109Z   Using cached confuse-1.4.0-py2.py3-none-any.whl.metadata (3.8 kB)
2025-08-19T03:57:42.0651685Z Collecting python-dotenv>=0.21.0 (from pydantic-settings==2.2.1->-r services/etl/requirements.txt (line 6))
2025-08-19T03:57:42.0663901Z   Using cached python_dotenv-1.1.1-py3-none-any.whl.metadata (24 kB)
2025-08-19T03:57:42.0881266Z Collecting billiard<5.0,>=4.2.0 (from celery==5.3.*->-r services/etl/requirements.txt (line 3))
2025-08-19T03:57:42.0893367Z   Using cached billiard-4.2.1-py3-none-any.whl.metadata (4.4 kB)
2025-08-19T03:57:42.0985499Z Collecting click-didyoumean>=0.3.0 (from celery==5.3.*->-r services/etl/requirements.txt (line 3))
2025-08-19T03:57:42.0997281Z   Using cached click_didyoumean-0.3.1-py3-none-any.whl.metadata (3.9 kB)
2025-08-19T03:57:42.1091301Z Collecting click-plugins>=1.1.1 (from celery==5.3.*->-r services/etl/requirements.txt (line 3))
2025-08-19T03:57:42.1103322Z   Using cached click_plugins-1.1.1.2-py2.py3-none-any.whl.metadata (6.5 kB)
2025-08-19T03:57:42.1245100Z Collecting click-repl>=0.2.0 (from celery==5.3.*->-r services/etl/requirements.txt (line 3))
2025-08-19T03:57:42.1256513Z   Using cached click_repl-0.3.0-py3-none-any.whl.metadata (3.6 kB)
2025-08-19T03:57:42.1439956Z Collecting click<9.0,>=8.1.2 (from celery==5.3.*->-r services/etl/requirements.txt (line 3))
2025-08-19T03:57:42.1452442Z   Using cached click-8.2.1-py3-none-any.whl.metadata (2.5 kB)
2025-08-19T03:57:42.1750176Z Collecting kombu<6.0,>=5.3.4 (from celery==5.3.*->-r services/etl/requirements.txt (line 3))
2025-08-19T03:57:42.1763869Z   Using cached kombu-5.5.4-py3-none-any.whl.metadata (3.5 kB)
2025-08-19T03:57:42.1941640Z Collecting python-dateutil>=2.8.2 (from celery==5.3.*->-r services/etl/requirements.txt (line 3))
2025-08-19T03:57:42.1953977Z   Using cached python_dateutil-2.9.0.post0-py2.py3-none-any.whl.metadata (8.4 kB)
2025-08-19T03:57:42.2086322Z Collecting tzdata>=2022.7 (from celery==5.3.*->-r services/etl/requirements.txt (line 3))
2025-08-19T03:57:42.2098377Z   Using cached tzdata-2025.2-py2.py3-none-any.whl.metadata (1.4 kB)
2025-08-19T03:57:42.2196956Z Collecting vine<6.0,>=5.1.0 (from celery==5.3.*->-r services/etl/requirements.txt (line 3))
2025-08-19T03:57:42.2208568Z   Using cached vine-5.1.0-py3-none-any.whl.metadata (2.7 kB)
2025-08-19T03:57:42.2365588Z Collecting PyJWT>=2.9.0 (from redis==5.*->-r services/etl/requirements.txt (line 4))
2025-08-19T03:57:42.2377282Z   Using cached PyJWT-2.10.1-py3-none-any.whl.metadata (4.0 kB)
2025-08-19T03:57:42.2723295Z Collecting multimethod<=1.10.0 (from pandera==0.19.*->-r services/etl/requirements.txt (line 9))
2025-08-19T03:57:42.2735609Z   Using cached multimethod-1.10-py3-none-any.whl.metadata (8.2 kB)
2025-08-19T03:57:42.2979086Z Collecting packaging>=20.0 (from pandera==0.19.*->-r services/etl/requirements.txt (line 9))
2025-08-19T03:57:42.2990926Z   Using cached packaging-25.0-py3-none-any.whl.metadata (3.3 kB)
2025-08-19T03:57:42.3280002Z Collecting typeguard (from pandera==0.19.*->-r services/etl/requirements.txt (line 9))
2025-08-19T03:57:42.3291867Z   Using cached typeguard-4.4.4-py3-none-any.whl.metadata (3.3 kB)
2025-08-19T03:57:42.3410702Z Collecting typing-inspect>=0.6.0 (from pandera==0.19.*->-r services/etl/requirements.txt (line 9))
2025-08-19T03:57:42.3422856Z   Using cached typing_inspect-0.9.0-py3-none-any.whl.metadata (1.5 kB)
2025-08-19T03:57:42.4516671Z Collecting wrapt (from pandera==0.19.*->-r services/etl/requirements.txt (line 9))
2025-08-19T03:57:42.4530748Z   Using cached wrapt-1.17.3-cp312-cp312-manylinux1_x86_64.manylinux_2_28_x86_64.manylinux_2_5_x86_64.whl.metadata (6.4 kB)
2025-08-19T03:57:42.4628831Z Collecting et-xmlfile (from openpyxl==3.1.*->-r services/etl/requirements.txt (line 10))
2025-08-19T03:57:42.4640695Z   Using cached et_xmlfile-2.0.0-py3-none-any.whl.metadata (2.7 kB)
2025-08-19T03:57:42.8502471Z Collecting botocore<1.41.0,>=1.40.12 (from boto3<2,>=1.16.39->python-amazon-sp-api==0.8.0->-r services/etl/requirements.txt (line 5))
2025-08-19T03:57:42.8516529Z   Using cached botocore-1.40.12-py3-none-any.whl.metadata (5.7 kB)
2025-08-19T03:57:42.8660774Z Collecting jmespath<2.0.0,>=0.7.1 (from boto3<2,>=1.16.39->python-amazon-sp-api==0.8.0->-r services/etl/requirements.txt (line 5))
2025-08-19T03:57:42.8672806Z   Using cached jmespath-1.0.1-py3-none-any.whl.metadata (7.6 kB)
2025-08-19T03:57:42.8856100Z Collecting s3transfer<0.14.0,>=0.13.0 (from boto3<2,>=1.16.39->python-amazon-sp-api==0.8.0->-r services/etl/requirements.txt (line 5))
2025-08-19T03:57:42.8867907Z   Using cached s3transfer-0.13.1-py3-none-any.whl.metadata (1.7 kB)
2025-08-19T03:57:42.9420612Z Collecting pyyaml (from confuse~=1.4.0->python-amazon-sp-api==0.8.0->-r services/etl/requirements.txt (line 5))
2025-08-19T03:57:42.9434776Z   Using cached PyYAML-6.0.2-cp312-cp312-manylinux_2_17_x86_64.manylinux2014_x86_64.whl.metadata (2.1 kB)
2025-08-19T03:57:42.9634411Z Collecting amqp<6.0.0,>=5.1.1 (from kombu<6.0,>=5.3.4->celery==5.3.*->-r services/etl/requirements.txt (line 3))
2025-08-19T03:57:42.9646852Z   Using cached amqp-5.3.1-py3-none-any.whl.metadata (8.9 kB)
2025-08-19T03:57:43.1298018Z Collecting prompt-toolkit>=3.0.36 (from click-repl>=0.2.0->celery==5.3.*->-r services/etl/requirements.txt (line 3))
2025-08-19T03:57:43.1310418Z   Using cached prompt_toolkit-3.0.51-py3-none-any.whl.metadata (6.4 kB)
2025-08-19T03:57:43.1454945Z Collecting wcwidth (from prompt-toolkit>=3.0.36->click-repl>=0.2.0->celery==5.3.*->-r services/etl/requirements.txt (line 3))
2025-08-19T03:57:43.1466910Z   Using cached wcwidth-0.2.13-py2.py3-none-any.whl.metadata (14 kB)
2025-08-19T03:57:43.1578591Z Collecting annotated-types>=0.6.0 (from pydantic->keepa==1.3.14->-r services/etl/requirements.txt (line 1))
2025-08-19T03:57:43.1590561Z   Using cached annotated_types-0.7.0-py3-none-any.whl.metadata (15 kB)
2025-08-19T03:57:43.8276173Z Collecting pydantic-core==2.33.2 (from pydantic->keepa==1.3.14->-r services/etl/requirements.txt (line 1))
2025-08-19T03:57:43.8289686Z   Using cached pydantic_core-2.33.2-cp312-cp312-manylinux_2_17_x86_64.manylinux2014_x86_64.whl.metadata (6.8 kB)
2025-08-19T03:57:43.8447602Z Collecting typing-extensions>=4.12.2 (from pydantic->keepa==1.3.14->-r services/etl/requirements.txt (line 1))
2025-08-19T03:57:43.8459320Z   Using cached typing_extensions-4.14.1-py3-none-any.whl.metadata (3.0 kB)
2025-08-19T03:57:43.8544328Z Collecting typing-inspection>=0.4.0 (from pydantic->keepa==1.3.14->-r services/etl/requirements.txt (line 1))
2025-08-19T03:57:43.8555472Z   Using cached typing_inspection-0.4.1-py3-none-any.whl.metadata (2.6 kB)
2025-08-19T03:57:43.9414346Z Collecting charset_normalizer<4,>=2 (from requests>=2.2->keepa==1.3.14->-r services/etl/requirements.txt (line 1))
2025-08-19T03:57:43.9427414Z   Using cached charset_normalizer-3.4.3-cp312-cp312-manylinux2014_x86_64.manylinux_2_17_x86_64.manylinux_2_28_x86_64.whl.metadata (36 kB)
2025-08-19T03:57:43.9581020Z Collecting idna<4,>=2.5 (from requests>=2.2->keepa==1.3.14->-r services/etl/requirements.txt (line 1))
2025-08-19T03:57:43.9593143Z   Using cached idna-3.10-py3-none-any.whl.metadata (10 kB)
2025-08-19T03:57:43.9938754Z Collecting mypy-extensions>=0.3.0 (from typing-inspect>=0.6.0->pandera==0.19.*->-r services/etl/requirements.txt (line 9))
2025-08-19T03:57:43.9950274Z   Using cached mypy_extensions-1.1.0-py3-none-any.whl.metadata (1.1 kB)
2025-08-19T03:57:44.0231901Z Collecting aiohappyeyeballs>=2.5.0 (from aiohttp->keepa==1.3.14->-r services/etl/requirements.txt (line 1))
2025-08-19T03:57:44.0243659Z   Using cached aiohappyeyeballs-2.6.1-py3-none-any.whl.metadata (5.9 kB)
2025-08-19T03:57:44.0328722Z Collecting aiosignal>=1.4.0 (from aiohttp->keepa==1.3.14->-r services/etl/requirements.txt (line 1))
2025-08-19T03:57:44.0340238Z   Using cached aiosignal-1.4.0-py3-none-any.whl.metadata (3.7 kB)
2025-08-19T03:57:44.0476461Z Collecting attrs>=17.3.0 (from aiohttp->keepa==1.3.14->-r services/etl/requirements.txt (line 1))
2025-08-19T03:57:44.0488520Z   Using cached attrs-25.3.0-py3-none-any.whl.metadata (10 kB)
2025-08-19T03:57:44.1147199Z Collecting frozenlist>=1.1.1 (from aiohttp->keepa==1.3.14->-r services/etl/requirements.txt (line 1))
2025-08-19T03:57:44.1161604Z   Using cached frozenlist-1.7.0-cp312-cp312-manylinux_2_5_x86_64.manylinux1_x86_64.manylinux_2_17_x86_64.manylinux2014_x86_64.whl.metadata (18 kB)
2025-08-19T03:57:44.3369255Z Collecting multidict<7.0,>=4.5 (from aiohttp->keepa==1.3.14->-r services/etl/requirements.txt (line 1))
2025-08-19T03:57:44.3383891Z   Using cached multidict-6.6.4-cp312-cp312-manylinux2014_x86_64.manylinux_2_17_x86_64.manylinux_2_28_x86_64.whl.metadata (5.3 kB)
2025-08-19T03:57:44.3806628Z Collecting propcache>=0.2.0 (from aiohttp->keepa==1.3.14->-r services/etl/requirements.txt (line 1))
2025-08-19T03:57:44.3820306Z   Using cached propcache-0.3.2-cp312-cp312-manylinux_2_17_x86_64.manylinux2014_x86_64.whl.metadata (12 kB)
2025-08-19T03:57:44.6987404Z Collecting yarl<2.0,>=1.17.0 (from aiohttp->keepa==1.3.14->-r services/etl/requirements.txt (line 1))
2025-08-19T03:57:44.7001748Z   Using cached yarl-1.20.1-cp312-cp312-manylinux_2_17_x86_64.manylinux2014_x86_64.whl.metadata (73 kB)
2025-08-19T03:57:44.7574681Z Using cached keepa-1.3.14-py3-none-any.whl (33 kB)
2025-08-19T03:57:44.7586101Z Using cached minio-7.1.15-py3-none-any.whl (77 kB)
2025-08-19T03:57:44.7597914Z Using cached python_amazon_sp_api-0.8.0-py3-none-any.whl (93 kB)
2025-08-19T03:57:44.7609656Z Using cached pydantic_settings-2.2.1-py3-none-any.whl (13 kB)
2025-08-19T03:57:44.7620795Z Using cached celery-5.3.6-py3-none-any.whl (422 kB)
2025-08-19T03:57:44.7635343Z Using cached redis-5.3.1-py3-none-any.whl (272 kB)
2025-08-19T03:57:44.7648891Z Using cached numpy-1.26.4-cp312-cp312-manylinux_2_17_x86_64.manylinux2014_x86_64.whl (18.0 MB)
2025-08-19T03:57:44.7790057Z Using cached pandas-2.2.3-cp312-cp312-manylinux_2_17_x86_64.manylinux2014_x86_64.whl (12.7 MB)
2025-08-19T03:57:44.7894265Z Using cached pandera-0.19.3-py3-none-any.whl (251 kB)
2025-08-19T03:57:44.7907468Z Using cached openpyxl-3.1.5-py2.py3-none-any.whl (250 kB)
2025-08-19T03:57:44.7921462Z Using cached psycopg2_binary-2.9.10-cp312-cp312-manylinux_2_17_x86_64.manylinux2014_x86_64.whl (3.0 MB)
2025-08-19T03:57:44.7953769Z Using cached billiard-4.2.1-py3-none-any.whl (86 kB)
2025-08-19T03:57:44.7965628Z Using cached boto3-1.40.12-py3-none-any.whl (140 kB)
2025-08-19T03:57:44.7977809Z Using cached botocore-1.40.12-py3-none-any.whl (14.0 MB)
2025-08-19T03:57:44.8088205Z Using cached cachetools-4.2.4-py3-none-any.whl (10 kB)
2025-08-19T03:57:44.8099439Z Using cached click-8.2.1-py3-none-any.whl (102 kB)
2025-08-19T03:57:44.8111418Z Using cached confuse-1.4.0-py2.py3-none-any.whl (21 kB)
2025-08-19T03:57:44.8122790Z Using cached jmespath-1.0.1-py3-none-any.whl (20 kB)
2025-08-19T03:57:44.8133983Z Using cached kombu-5.5.4-py3-none-any.whl (210 kB)
2025-08-19T03:57:44.8146483Z Using cached vine-5.1.0-py3-none-any.whl (9.6 kB)
2025-08-19T03:57:44.8157597Z Using cached amqp-5.3.1-py3-none-any.whl (50 kB)
2025-08-19T03:57:44.8168831Z Using cached multimethod-1.10-py3-none-any.whl (9.9 kB)
2025-08-19T03:57:44.8180218Z Using cached python_dateutil-2.9.0.post0-py2.py3-none-any.whl (229 kB)
2025-08-19T03:57:44.8193074Z Using cached s3transfer-0.13.1-py3-none-any.whl (85 kB)
2025-08-19T03:57:44.8204760Z Using cached six-1.17.0-py2.py3-none-any.whl (11 kB)
2025-08-19T03:57:44.8215978Z Using cached urllib3-2.5.0-py3-none-any.whl (129 kB)
2025-08-19T03:57:44.8227966Z Using cached click_didyoumean-0.3.1-py3-none-any.whl (3.6 kB)
2025-08-19T03:57:44.8238942Z Using cached click_plugins-1.1.1.2-py2.py3-none-any.whl (11 kB)
2025-08-19T03:57:44.8249840Z Using cached click_repl-0.3.0-py3-none-any.whl (10 kB)
2025-08-19T03:57:44.8260989Z Using cached packaging-25.0-py3-none-any.whl (66 kB)
2025-08-19T03:57:44.8272793Z Using cached prompt_toolkit-3.0.51-py3-none-any.whl (387 kB)
2025-08-19T03:57:44.8286686Z Using cached pydantic-2.11.7-py3-none-any.whl (444 kB)
2025-08-19T03:57:44.8301516Z Using cached pydantic_core-2.33.2-cp312-cp312-manylinux_2_17_x86_64.manylinux2014_x86_64.whl (2.0 MB)
2025-08-19T03:57:44.8327212Z Using cached annotated_types-0.7.0-py3-none-any.whl (13 kB)
2025-08-19T03:57:44.8338414Z Using cached PyJWT-2.10.1-py3-none-any.whl (22 kB)
2025-08-19T03:57:44.8349783Z Using cached python_dotenv-1.1.1-py3-none-any.whl (20 kB)
2025-08-19T03:57:44.8361421Z Using cached pytz-2025.2-py2.py3-none-any.whl (509 kB)
2025-08-19T03:57:44.8376352Z Using cached requests-2.32.5-py3-none-any.whl (64 kB)
2025-08-19T03:57:44.8388506Z Using cached charset_normalizer-3.4.3-cp312-cp312-manylinux2014_x86_64.manylinux_2_17_x86_64.manylinux_2_28_x86_64.whl (151 kB)
2025-08-19T03:57:44.8400422Z Using cached idna-3.10-py3-none-any.whl (70 kB)
2025-08-19T03:57:44.8412571Z Using cached certifi-2025.8.3-py3-none-any.whl (161 kB)
2025-08-19T03:57:44.8424844Z Using cached typing_extensions-4.14.1-py3-none-any.whl (43 kB)
2025-08-19T03:57:44.8436252Z Using cached typing_inspect-0.9.0-py3-none-any.whl (8.8 kB)
2025-08-19T03:57:44.8447479Z Using cached mypy_extensions-1.1.0-py3-none-any.whl (5.0 kB)
2025-08-19T03:57:44.8458953Z Using cached typing_inspection-0.4.1-py3-none-any.whl (14 kB)
2025-08-19T03:57:44.8470189Z Using cached tzdata-2025.2-py2.py3-none-any.whl (347 kB)
2025-08-19T03:57:44.8484592Z Using cached aiohttp-3.12.15-cp312-cp312-manylinux_2_17_x86_64.manylinux2014_x86_64.whl (1.7 MB)
2025-08-19T03:57:44.8509059Z Using cached multidict-6.6.4-cp312-cp312-manylinux2014_x86_64.manylinux_2_17_x86_64.manylinux_2_28_x86_64.whl (256 kB)
2025-08-19T03:57:44.8522036Z Using cached yarl-1.20.1-cp312-cp312-manylinux_2_17_x86_64.manylinux2014_x86_64.whl (355 kB)
2025-08-19T03:57:44.8535992Z Using cached aiohappyeyeballs-2.6.1-py3-none-any.whl (15 kB)
2025-08-19T03:57:44.8547236Z Using cached aiosignal-1.4.0-py3-none-any.whl (7.5 kB)
2025-08-19T03:57:44.8558387Z Using cached attrs-25.3.0-py3-none-any.whl (63 kB)
2025-08-19T03:57:44.8570655Z Using cached frozenlist-1.7.0-cp312-cp312-manylinux_2_5_x86_64.manylinux1_x86_64.manylinux_2_17_x86_64.manylinux2014_x86_64.whl (241 kB)
2025-08-19T03:57:44.8583903Z Using cached propcache-0.3.2-cp312-cp312-manylinux_2_17_x86_64.manylinux2014_x86_64.whl (224 kB)
2025-08-19T03:57:44.8596386Z Using cached et_xmlfile-2.0.0-py3-none-any.whl (18 kB)
2025-08-19T03:57:44.8608071Z Using cached pycryptodome-3.23.0-cp37-abi3-manylinux_2_17_x86_64.manylinux2014_x86_64.whl (2.3 MB)
2025-08-19T03:57:44.8635822Z Using cached PyYAML-6.0.2-cp312-cp312-manylinux_2_17_x86_64.manylinux2014_x86_64.whl (767 kB)
2025-08-19T03:57:44.8652463Z Using cached tqdm-4.67.1-py3-none-any.whl (78 kB)
2025-08-19T03:57:44.8664036Z Using cached typeguard-4.4.4-py3-none-any.whl (34 kB)
2025-08-19T03:57:44.8675502Z Using cached wcwidth-0.2.13-py2.py3-none-any.whl (34 kB)
2025-08-19T03:57:44.8687252Z Using cached wrapt-1.17.3-cp312-cp312-manylinux1_x86_64.manylinux_2_28_x86_64.manylinux_2_5_x86_64.whl (88 kB)
2025-08-19T03:57:45.1305668Z Installing collected packages: wcwidth, pytz, wrapt, vine, urllib3, tzdata, typing-extensions, tqdm, six, pyyaml, python-dotenv, PyJWT, pycryptodome, psycopg2-binary, propcache, prompt-toolkit, packaging, numpy, mypy-extensions, multimethod, multidict, jmespath, idna, frozenlist, et-xmlfile, click, charset_normalizer, certifi, cachetools, billiard, attrs, annotated-types, aiohappyeyeballs, yarl, typing-inspection, typing-inspect, typeguard, requests, redis, python-dateutil, pydantic-core, openpyxl, minio, confuse, click-repl, click-plugins, click-didyoumean, amqp, aiosignal, pydantic, pandas, kombu, botocore, aiohttp, s3transfer, pydantic-settings, pandera, keepa, celery, boto3, python-amazon-sp-api
2025-08-19T03:57:56.3062727Z 
2025-08-19T03:57:56.3125345Z Successfully installed PyJWT-2.10.1 aiohappyeyeballs-2.6.1 aiohttp-3.12.15 aiosignal-1.4.0 amqp-5.3.1 annotated-types-0.7.0 attrs-25.3.0 billiard-4.2.1 boto3-1.40.12 botocore-1.40.12 cachetools-4.2.4 celery-5.3.6 certifi-2025.8.3 charset_normalizer-3.4.3 click-8.2.1 click-didyoumean-0.3.1 click-plugins-1.1.1.2 click-repl-0.3.0 confuse-1.4.0 et-xmlfile-2.0.0 frozenlist-1.7.0 idna-3.10 jmespath-1.0.1 keepa-1.3.14 kombu-5.5.4 minio-7.1.15 multidict-6.6.4 multimethod-1.10 mypy-extensions-1.1.0 numpy-1.26.4 openpyxl-3.1.5 packaging-25.0 pandas-2.2.3 pandera-0.19.3 prompt-toolkit-3.0.51 propcache-0.3.2 psycopg2-binary-2.9.10 pycryptodome-3.23.0 pydantic-2.11.7 pydantic-core-2.33.2 pydantic-settings-2.2.1 python-amazon-sp-api-0.8.0 python-dateutil-2.9.0.post0 python-dotenv-1.1.1 pytz-2025.2 pyyaml-6.0.2 redis-5.3.1 requests-2.32.5 s3transfer-0.13.1 six-1.17.0 tqdm-4.67.1 typeguard-4.4.4 typing-extensions-4.14.1 typing-inspect-0.9.0 typing-inspection-0.4.1 tzdata-2025.2 urllib3-2.5.0 vine-5.1.0 wcwidth-0.2.13 wrapt-1.17.3 yarl-1.20.1
2025-08-19T03:57:57.3236529Z Collecting uvicorn==0.29.0 (from -r services/api/requirements.txt (line 1))
2025-08-19T03:57:57.3250748Z   Using cached uvicorn-0.29.0-py3-none-any.whl.metadata (6.3 kB)
2025-08-19T03:57:57.3287890Z Requirement already satisfied: pydantic-settings==2.2.1 in /opt/hostedtoolcache/Python/3.12.11/x64/lib/python3.12/site-packages (from -r services/api/requirements.txt (line 2)) (2.2.1)
2025-08-19T03:57:57.3674355Z Collecting fastapi==0.111.0 (from -r services/api/requirements.txt (line 3))
2025-08-19T03:57:57.3687144Z   Using cached fastapi-0.111.0-py3-none-any.whl.metadata (25 kB)
2025-08-19T03:57:57.6447818Z Collecting sqlalchemy==2.0.29 (from -r services/api/requirements.txt (line 4))
2025-08-19T03:57:57.6462063Z   Using cached SQLAlchemy-2.0.29-cp312-cp312-manylinux_2_17_x86_64.manylinux2014_x86_64.whl.metadata (9.6 kB)
2025-08-19T03:57:57.6734357Z Collecting alembic==1.13.1 (from -r services/api/requirements.txt (line 5))
2025-08-19T03:57:57.6746976Z   Using cached alembic-1.13.1-py3-none-any.whl.metadata (7.4 kB)
2025-08-19T03:57:57.6897264Z Collecting psycopg==3.2.9 (from psycopg[binary]==3.2.9->-r services/api/requirements.txt (line 6))
2025-08-19T03:57:57.6909045Z   Using cached psycopg-3.2.9-py3-none-any.whl.metadata (4.5 kB)
2025-08-19T03:57:57.7121627Z Collecting httpx==0.27.2 (from -r services/api/requirements.txt (line 7))
2025-08-19T03:57:57.7133954Z   Using cached httpx-0.27.2-py3-none-any.whl.metadata (7.1 kB)
2025-08-19T03:57:57.7528885Z Collecting asyncpg==0.29.0 (from -r services/api/requirements.txt (line 8))
2025-08-19T03:57:57.7541837Z   Using cached asyncpg-0.29.0-cp312-cp312-manylinux_2_17_x86_64.manylinux2014_x86_64.whl.metadata (4.4 kB)
2025-08-19T03:57:58.0159577Z Collecting boto3==1.34.162 (from -r services/api/requirements.txt (line 9))
2025-08-19T03:57:58.0173435Z   Using cached boto3-1.34.162-py3-none-any.whl.metadata (6.6 kB)
2025-08-19T03:57:58.0322021Z Collecting Jinja2==3.1.5 (from -r services/api/requirements.txt (line 10))
2025-08-19T03:57:58.0333780Z   Using cached jinja2-3.1.5-py3-none-any.whl.metadata (2.6 kB)
2025-08-19T03:57:58.0353104Z Requirement already satisfied: celery==5.3.* in /opt/hostedtoolcache/Python/3.12.11/x64/lib/python3.12/site-packages (from -r services/api/requirements.txt (line 11)) (5.3.6)
2025-08-19T03:57:58.0483991Z Collecting structlog==24.1.0 (from -r services/api/requirements.txt (line 12))
2025-08-19T03:57:58.0495643Z   Using cached structlog-24.1.0-py3-none-any.whl.metadata (6.9 kB)
2025-08-19T03:57:58.0654467Z Collecting asgi-correlation-id==4.3.1 (from -r services/api/requirements.txt (line 13))
2025-08-19T03:57:58.0666431Z   Using cached asgi_correlation_id-4.3.1-py3-none-any.whl.metadata (28 kB)
2025-08-19T03:57:58.0789988Z Collecting fastapi-limiter==0.1.6 (from -r services/api/requirements.txt (line 14))
2025-08-19T03:57:58.0801876Z   Using cached fastapi_limiter-0.1.6-py3-none-any.whl.metadata (5.3 kB)
2025-08-19T03:57:58.1258476Z Collecting redis==5.0.8 (from -r services/api/requirements.txt (line 15))
2025-08-19T03:57:58.1271377Z   Using cached redis-5.0.8-py3-none-any.whl.metadata (9.2 kB)
2025-08-19T03:57:58.1759190Z Collecting sentry-sdk==2.9.0 (from sentry-sdk[celery,fastapi,sqlalchemy]==2.9.0->-r services/api/requirements.txt (line 16))
2025-08-19T03:57:58.1771783Z   Using cached sentry_sdk-2.9.0-py2.py3-none-any.whl.metadata (14 kB)
2025-08-19T03:57:58.2049723Z Requirement already satisfied: click>=7.0 in /opt/hostedtoolcache/Python/3.12.11/x64/lib/python3.12/site-packages (from uvicorn==0.29.0->-r services/api/requirements.txt (line 1)) (8.2.1)
2025-08-19T03:57:58.2138350Z Collecting h11>=0.8 (from uvicorn==0.29.0->-r services/api/requirements.txt (line 1))
2025-08-19T03:57:58.2150719Z   Using cached h11-0.16.0-py3-none-any.whl.metadata (8.3 kB)
2025-08-19T03:57:58.2180430Z Requirement already satisfied: pydantic>=2.3.0 in /opt/hostedtoolcache/Python/3.12.11/x64/lib/python3.12/site-packages (from pydantic-settings==2.2.1->-r services/api/requirements.txt (line 2)) (2.11.7)
2025-08-19T03:57:58.2186289Z Requirement already satisfied: python-dotenv>=0.21.0 in /opt/hostedtoolcache/Python/3.12.11/x64/lib/python3.12/site-packages (from pydantic-settings==2.2.1->-r services/api/requirements.txt (line 2)) (1.1.1)
2025-08-19T03:57:58.2462597Z Collecting starlette<0.38.0,>=0.37.2 (from fastapi==0.111.0->-r services/api/requirements.txt (line 3))
2025-08-19T03:57:58.2473974Z   Using cached starlette-0.37.2-py3-none-any.whl.metadata (5.9 kB)
2025-08-19T03:57:58.2503875Z Requirement already satisfied: typing-extensions>=4.8.0 in /opt/hostedtoolcache/Python/3.12.11/x64/lib/python3.12/site-packages (from fastapi==0.111.0->-r services/api/requirements.txt (line 3)) (4.14.1)
2025-08-19T03:57:58.2677704Z Collecting fastapi-cli>=0.0.2 (from fastapi==0.111.0->-r services/api/requirements.txt (line 3))
2025-08-19T03:57:58.2688643Z   Using cached fastapi_cli-0.0.8-py3-none-any.whl.metadata (6.3 kB)
2025-08-19T03:57:58.2869425Z Collecting python-multipart>=0.0.7 (from fastapi==0.111.0->-r services/api/requirements.txt (line 3))
2025-08-19T03:57:58.2880673Z   Using cached python_multipart-0.0.20-py3-none-any.whl.metadata (1.8 kB)
2025-08-19T03:57:58.3444593Z Collecting ujson!=4.0.2,!=4.1.0,!=4.2.0,!=4.3.0,!=5.0.0,!=5.1.0,>=4.0.1 (from fastapi==0.111.0->-r services/api/requirements.txt (line 3))
2025-08-19T03:57:58.3456678Z   Using cached ujson-5.10.0-cp312-cp312-manylinux_2_17_x86_64.manylinux2014_x86_64.whl.metadata (9.3 kB)
2025-08-19T03:57:58.5936960Z Collecting orjson>=3.2.1 (from fastapi==0.111.0->-r services/api/requirements.txt (line 3))
2025-08-19T03:57:58.5957291Z   Using cached orjson-3.11.2-cp312-cp312-manylinux_2_17_x86_64.manylinux2014_x86_64.whl.metadata (1.2 kB)
2025-08-19T03:57:58.6618491Z Collecting email_validator>=2.0.0 (from fastapi==0.111.0->-r services/api/requirements.txt (line 3))
2025-08-19T03:57:58.6631313Z   Using cached email_validator-2.2.0-py3-none-any.whl.metadata (25 kB)
2025-08-19T03:57:58.7910286Z Collecting greenlet!=0.4.17 (from sqlalchemy==2.0.29->-r services/api/requirements.txt (line 4))
2025-08-19T03:57:58.7924386Z   Using cached greenlet-3.2.4-cp312-cp312-manylinux_2_24_x86_64.manylinux_2_28_x86_64.whl.metadata (4.1 kB)
2025-08-19T03:57:58.8230037Z Collecting Mako (from alembic==1.13.1->-r services/api/requirements.txt (line 5))
2025-08-19T03:57:58.8242082Z   Using cached mako-1.3.10-py3-none-any.whl.metadata (2.9 kB)
2025-08-19T03:57:58.8458207Z Collecting anyio (from httpx==0.27.2->-r services/api/requirements.txt (line 7))
2025-08-19T03:57:58.8470244Z   Using cached anyio-4.10.0-py3-none-any.whl.metadata (4.0 kB)
2025-08-19T03:57:58.8493350Z Requirement already satisfied: certifi in /opt/hostedtoolcache/Python/3.12.11/x64/lib/python3.12/site-packages (from httpx==0.27.2->-r services/api/requirements.txt (line 7)) (2025.8.3)
2025-08-19T03:57:58.8660398Z Collecting httpcore==1.* (from httpx==0.27.2->-r services/api/requirements.txt (line 7))
2025-08-19T03:57:58.8672207Z   Using cached httpcore-1.0.9-py3-none-any.whl.metadata (21 kB)
2025-08-19T03:57:58.8705664Z Requirement already satisfied: idna in /opt/hostedtoolcache/Python/3.12.11/x64/lib/python3.12/site-packages (from httpx==0.27.2->-r services/api/requirements.txt (line 7)) (3.10)
2025-08-19T03:57:58.8773749Z Collecting sniffio (from httpx==0.27.2->-r services/api/requirements.txt (line 7))
2025-08-19T03:57:58.8785351Z   Using cached sniffio-1.3.1-py3-none-any.whl.metadata (3.9 kB)
2025-08-19T03:57:59.2230005Z Collecting botocore<1.35.0,>=1.34.162 (from boto3==1.34.162->-r services/api/requirements.txt (line 9))
2025-08-19T03:57:59.2243279Z   Using cached botocore-1.34.162-py3-none-any.whl.metadata (5.7 kB)
2025-08-19T03:57:59.2270910Z Requirement already satisfied: jmespath<2.0.0,>=0.7.1 in /opt/hostedtoolcache/Python/3.12.11/x64/lib/python3.12/site-packages (from boto3==1.34.162->-r services/api/requirements.txt (line 9)) (1.0.1)
2025-08-19T03:57:59.2420468Z Collecting s3transfer<0.11.0,>=0.10.0 (from boto3==1.34.162->-r services/api/requirements.txt (line 9))
2025-08-19T03:57:59.2432130Z   Using cached s3transfer-0.10.4-py3-none-any.whl.metadata (1.7 kB)
2025-08-19T03:57:59.2902274Z Collecting MarkupSafe>=2.0 (from Jinja2==3.1.5->-r services/api/requirements.txt (line 10))
2025-08-19T03:57:59.2916241Z   Using cached MarkupSafe-3.0.2-cp312-cp312-manylinux_2_17_x86_64.manylinux2014_x86_64.whl.metadata (4.0 kB)
2025-08-19T03:57:59.3159758Z Requirement already satisfied: urllib3>=1.26.11 in /opt/hostedtoolcache/Python/3.12.11/x64/lib/python3.12/site-packages (from sentry-sdk==2.9.0->sentry-sdk[celery,fastapi,sqlalchemy]==2.9.0->-r services/api/requirements.txt (line 16)) (2.5.0)
2025-08-19T03:57:59.4560068Z Collecting psycopg-binary==3.2.9 (from psycopg[binary]==3.2.9->-r services/api/requirements.txt (line 6))
2025-08-19T03:57:59.4574078Z   Using cached psycopg_binary-3.2.9-cp312-cp312-manylinux_2_17_x86_64.manylinux2014_x86_64.whl.metadata (2.9 kB)
2025-08-19T03:57:59.4942080Z Requirement already satisfied: billiard<5.0,>=4.2.0 in /opt/hostedtoolcache/Python/3.12.11/x64/lib/python3.12/site-packages (from celery==5.3.*->-r services/api/requirements.txt (line 11)) (4.2.1)
2025-08-19T03:57:59.4947468Z Requirement already satisfied: click-didyoumean>=0.3.0 in /opt/hostedtoolcache/Python/3.12.11/x64/lib/python3.12/site-packages (from celery==5.3.*->-r services/api/requirements.txt (line 11)) (0.3.1)
2025-08-19T03:57:59.4953724Z Requirement already satisfied: click-plugins>=1.1.1 in /opt/hostedtoolcache/Python/3.12.11/x64/lib/python3.12/site-packages (from celery==5.3.*->-r services/api/requirements.txt (line 11)) (1.1.1.2)
2025-08-19T03:57:59.4959593Z Requirement already satisfied: click-repl>=0.2.0 in /opt/hostedtoolcache/Python/3.12.11/x64/lib/python3.12/site-packages (from celery==5.3.*->-r services/api/requirements.txt (line 11)) (0.3.0)
2025-08-19T03:57:59.4969093Z Requirement already satisfied: kombu<6.0,>=5.3.4 in /opt/hostedtoolcache/Python/3.12.11/x64/lib/python3.12/site-packages (from celery==5.3.*->-r services/api/requirements.txt (line 11)) (5.5.4)
2025-08-19T03:57:59.4975664Z Requirement already satisfied: python-dateutil>=2.8.2 in /opt/hostedtoolcache/Python/3.12.11/x64/lib/python3.12/site-packages (from celery==5.3.*->-r services/api/requirements.txt (line 11)) (2.9.0.post0)
2025-08-19T03:57:59.4981641Z Requirement already satisfied: tzdata>=2022.7 in /opt/hostedtoolcache/Python/3.12.11/x64/lib/python3.12/site-packages (from celery==5.3.*->-r services/api/requirements.txt (line 11)) (2025.2)
2025-08-19T03:57:59.4987972Z Requirement already satisfied: vine<6.0,>=5.1.0 in /opt/hostedtoolcache/Python/3.12.11/x64/lib/python3.12/site-packages (from celery==5.3.*->-r services/api/requirements.txt (line 11)) (5.1.0)
2025-08-19T03:57:59.5124773Z Requirement already satisfied: amqp<6.0.0,>=5.1.1 in /opt/hostedtoolcache/Python/3.12.11/x64/lib/python3.12/site-packages (from kombu<6.0,>=5.3.4->celery==5.3.*->-r services/api/requirements.txt (line 11)) (5.3.1)
2025-08-19T03:57:59.5135133Z Requirement already satisfied: packaging in /opt/hostedtoolcache/Python/3.12.11/x64/lib/python3.12/site-packages (from kombu<6.0,>=5.3.4->celery==5.3.*->-r services/api/requirements.txt (line 11)) (25.0)
2025-08-19T03:57:59.5200285Z Requirement already satisfied: annotated-types>=0.6.0 in /opt/hostedtoolcache/Python/3.12.11/x64/lib/python3.12/site-packages (from pydantic>=2.3.0->pydantic-settings==2.2.1->-r services/api/requirements.txt (line 2)) (0.7.0)
2025-08-19T03:57:59.5205365Z Requirement already satisfied: pydantic-core==2.33.2 in /opt/hostedtoolcache/Python/3.12.11/x64/lib/python3.12/site-packages (from pydantic>=2.3.0->pydantic-settings==2.2.1->-r services/api/requirements.txt (line 2)) (2.33.2)
2025-08-19T03:57:59.5213889Z Requirement already satisfied: typing-inspection>=0.4.0 in /opt/hostedtoolcache/Python/3.12.11/x64/lib/python3.12/site-packages (from pydantic>=2.3.0->pydantic-settings==2.2.1->-r services/api/requirements.txt (line 2)) (0.4.1)
2025-08-19T03:57:59.5248299Z Requirement already satisfied: six>=1.5 in /opt/hostedtoolcache/Python/3.12.11/x64/lib/python3.12/site-packages (from python-dateutil>=2.8.2->celery==5.3.*->-r services/api/requirements.txt (line 11)) (1.17.0)
2025-08-19T03:57:59.6499870Z Requirement already satisfied: prompt-toolkit>=3.0.36 in /opt/hostedtoolcache/Python/3.12.11/x64/lib/python3.12/site-packages (from click-repl>=0.2.0->celery==5.3.*->-r services/api/requirements.txt (line 11)) (3.0.51)
2025-08-19T03:57:59.6623638Z Collecting dnspython>=2.0.0 (from email_validator>=2.0.0->fastapi==0.111.0->-r services/api/requirements.txt (line 3))
2025-08-19T03:57:59.6635763Z   Using cached dnspython-2.7.0-py3-none-any.whl.metadata (5.8 kB)
2025-08-19T03:57:59.6855075Z Collecting typer>=0.15.1 (from fastapi-cli>=0.0.2->fastapi==0.111.0->-r services/api/requirements.txt (line 3))
2025-08-19T03:57:59.6866745Z   Using cached typer-0.16.1-py3-none-any.whl.metadata (15 kB)
2025-08-19T03:57:59.7120271Z Collecting rich-toolkit>=0.14.8 (from fastapi-cli>=0.0.2->fastapi==0.111.0->-r services/api/requirements.txt (line 3))
2025-08-19T03:57:59.7131653Z   Using cached rich_toolkit-0.15.0-py3-none-any.whl.metadata (1.0 kB)
2025-08-19T03:57:59.7226267Z Requirement already satisfied: wcwidth in /opt/hostedtoolcache/Python/3.12.11/x64/lib/python3.12/site-packages (from prompt-toolkit>=3.0.36->click-repl>=0.2.0->celery==5.3.*->-r services/api/requirements.txt (line 11)) (0.2.13)
2025-08-19T03:57:59.7618170Z Collecting rich>=13.7.1 (from rich-toolkit>=0.14.8->fastapi-cli>=0.0.2->fastapi==0.111.0->-r services/api/requirements.txt (line 3))
2025-08-19T03:57:59.7631738Z   Using cached rich-14.1.0-py3-none-any.whl.metadata (18 kB)
2025-08-19T03:57:59.7800638Z Collecting markdown-it-py>=2.2.0 (from rich>=13.7.1->rich-toolkit>=0.14.8->fastapi-cli>=0.0.2->fastapi==0.111.0->-r services/api/requirements.txt (line 3))
2025-08-19T03:57:59.7812960Z   Using cached markdown_it_py-4.0.0-py3-none-any.whl.metadata (7.3 kB)
2025-08-19T03:57:59.8043120Z Collecting pygments<3.0.0,>=2.13.0 (from rich>=13.7.1->rich-toolkit>=0.14.8->fastapi-cli>=0.0.2->fastapi==0.111.0->-r services/api/requirements.txt (line 3))
2025-08-19T03:57:59.8055211Z   Using cached pygments-2.19.2-py3-none-any.whl.metadata (2.5 kB)
2025-08-19T03:57:59.8174617Z Collecting mdurl~=0.1 (from markdown-it-py>=2.2.0->rich>=13.7.1->rich-toolkit>=0.14.8->fastapi-cli>=0.0.2->fastapi==0.111.0->-r services/api/requirements.txt (line 3))
2025-08-19T03:57:59.8186024Z   Using cached mdurl-0.1.2-py3-none-any.whl.metadata (1.6 kB)
2025-08-19T03:57:59.8362792Z Collecting shellingham>=1.3.0 (from typer>=0.15.1->fastapi-cli>=0.0.2->fastapi==0.111.0->-r services/api/requirements.txt (line 3))
2025-08-19T03:57:59.8374624Z   Using cached shellingham-1.5.4-py2.py3-none-any.whl.metadata (3.5 kB)
2025-08-19T03:57:59.8828201Z Collecting httptools>=0.5.0 (from uvicorn[standard]>=0.12.0->fastapi==0.111.0->-r services/api/requirements.txt (line 3))
2025-08-19T03:57:59.8841490Z   Using cached httptools-0.6.4-cp312-cp312-manylinux_2_5_x86_64.manylinux1_x86_64.manylinux_2_17_x86_64.manylinux2014_x86_64.whl.metadata (3.6 kB)
2025-08-19T03:57:59.8874892Z Requirement already satisfied: pyyaml>=5.1 in /opt/hostedtoolcache/Python/3.12.11/x64/lib/python3.12/site-packages (from uvicorn[standard]>=0.12.0->fastapi==0.111.0->-r services/api/requirements.txt (line 3)) (6.0.2)
2025-08-19T03:57:59.9730020Z Collecting uvloop!=0.15.0,!=0.15.1,>=0.14.0 (from uvicorn[standard]>=0.12.0->fastapi==0.111.0->-r services/api/requirements.txt (line 3))
2025-08-19T03:57:59.9744257Z   Using cached uvloop-0.21.0-cp312-cp312-manylinux_2_17_x86_64.manylinux2014_x86_64.whl.metadata (4.9 kB)
2025-08-19T03:58:00.0469319Z Collecting watchfiles>=0.13 (from uvicorn[standard]>=0.12.0->fastapi==0.111.0->-r services/api/requirements.txt (line 3))
2025-08-19T03:58:00.0483779Z   Using cached watchfiles-1.1.0-cp312-cp312-manylinux_2_17_x86_64.manylinux2014_x86_64.whl.metadata (4.9 kB)
2025-08-19T03:58:00.1379512Z Collecting websockets>=10.4 (from uvicorn[standard]>=0.12.0->fastapi==0.111.0->-r services/api/requirements.txt (line 3))
2025-08-19T03:58:00.1394238Z   Using cached websockets-15.0.1-cp312-cp312-manylinux_2_5_x86_64.manylinux1_x86_64.manylinux_2_17_x86_64.manylinux2014_x86_64.whl.metadata (6.8 kB)
2025-08-19T03:58:00.1679956Z Using cached uvicorn-0.29.0-py3-none-any.whl (60 kB)
2025-08-19T03:58:00.1693125Z Using cached fastapi-0.111.0-py3-none-any.whl (91 kB)
2025-08-19T03:58:00.1706358Z Using cached SQLAlchemy-2.0.29-cp312-cp312-manylinux_2_17_x86_64.manylinux2014_x86_64.whl (3.2 MB)
2025-08-19T03:58:00.1743268Z Using cached alembic-1.13.1-py3-none-any.whl (233 kB)
2025-08-19T03:58:00.1756916Z Using cached psycopg-3.2.9-py3-none-any.whl (202 kB)
2025-08-19T03:58:00.1770064Z Using cached httpx-0.27.2-py3-none-any.whl (76 kB)
2025-08-19T03:58:00.1781984Z Using cached asyncpg-0.29.0-cp312-cp312-manylinux_2_17_x86_64.manylinux2014_x86_64.whl (3.3 MB)
2025-08-19T03:58:00.1818484Z Using cached boto3-1.34.162-py3-none-any.whl (139 kB)
2025-08-19T03:58:00.1830661Z Using cached jinja2-3.1.5-py3-none-any.whl (134 kB)
2025-08-19T03:58:00.1843127Z Using cached structlog-24.1.0-py3-none-any.whl (65 kB)
2025-08-19T03:58:00.1854877Z Using cached asgi_correlation_id-4.3.1-py3-none-any.whl (15 kB)
2025-08-19T03:58:00.1866087Z Using cached fastapi_limiter-0.1.6-py3-none-any.whl (15 kB)
2025-08-19T03:58:00.1877312Z Using cached redis-5.0.8-py3-none-any.whl (255 kB)
2025-08-19T03:58:00.1890255Z Using cached sentry_sdk-2.9.0-py2.py3-none-any.whl (301 kB)
2025-08-19T03:58:00.1904254Z Using cached psycopg_binary-3.2.9-cp312-cp312-manylinux_2_17_x86_64.manylinux2014_x86_64.whl (4.4 MB)
2025-08-19T03:58:00.1947849Z Using cached botocore-1.34.162-py3-none-any.whl (12.5 MB)
2025-08-19T03:58:00.2050955Z Using cached httpcore-1.0.9-py3-none-any.whl (78 kB)
2025-08-19T03:58:00.2063066Z Using cached s3transfer-0.10.4-py3-none-any.whl (83 kB)
2025-08-19T03:58:00.2074806Z Using cached starlette-0.37.2-py3-none-any.whl (71 kB)
2025-08-19T03:58:00.2086369Z Using cached anyio-4.10.0-py3-none-any.whl (107 kB)
2025-08-19T03:58:00.2098123Z Using cached email_validator-2.2.0-py3-none-any.whl (33 kB)
2025-08-19T03:58:00.2109587Z Using cached dnspython-2.7.0-py3-none-any.whl (313 kB)
2025-08-19T03:58:00.2123166Z Using cached fastapi_cli-0.0.8-py3-none-any.whl (10 kB)
2025-08-19T03:58:00.2134871Z Using cached greenlet-3.2.4-cp312-cp312-manylinux_2_24_x86_64.manylinux_2_28_x86_64.whl (607 kB)
2025-08-19T03:58:00.2150219Z Using cached h11-0.16.0-py3-none-any.whl (37 kB)
2025-08-19T03:58:00.2161979Z Using cached MarkupSafe-3.0.2-cp312-cp312-manylinux_2_17_x86_64.manylinux2014_x86_64.whl (23 kB)
2025-08-19T03:58:00.2173657Z Using cached orjson-3.11.2-cp312-cp312-manylinux_2_17_x86_64.manylinux2014_x86_64.whl (121 kB)
2025-08-19T03:58:00.2185568Z Using cached python_multipart-0.0.20-py3-none-any.whl (24 kB)
2025-08-19T03:58:00.2196846Z Using cached rich_toolkit-0.15.0-py3-none-any.whl (29 kB)
2025-08-19T03:58:00.2208042Z Using cached rich-14.1.0-py3-none-any.whl (243 kB)
2025-08-19T03:58:00.2220829Z Using cached pygments-2.19.2-py3-none-any.whl (1.2 MB)
2025-08-19T03:58:00.2241302Z Using cached markdown_it_py-4.0.0-py3-none-any.whl (87 kB)
2025-08-19T03:58:00.2253742Z Using cached mdurl-0.1.2-py3-none-any.whl (10.0 kB)
2025-08-19T03:58:00.2264966Z Using cached sniffio-1.3.1-py3-none-any.whl (10 kB)
2025-08-19T03:58:00.2276041Z Using cached typer-0.16.1-py3-none-any.whl (46 kB)
2025-08-19T03:58:00.2287380Z Using cached shellingham-1.5.4-py2.py3-none-any.whl (9.8 kB)
2025-08-19T03:58:00.2298846Z Using cached ujson-5.10.0-cp312-cp312-manylinux_2_17_x86_64.manylinux2014_x86_64.whl (53 kB)
2025-08-19T03:58:00.2310918Z Using cached httptools-0.6.4-cp312-cp312-manylinux_2_5_x86_64.manylinux1_x86_64.manylinux_2_17_x86_64.manylinux2014_x86_64.whl (510 kB)
2025-08-19T03:58:00.2326079Z Using cached uvloop-0.21.0-cp312-cp312-manylinux_2_17_x86_64.manylinux2014_x86_64.whl (4.7 MB)
2025-08-19T03:58:00.2371935Z Using cached watchfiles-1.1.0-cp312-cp312-manylinux_2_17_x86_64.manylinux2014_x86_64.whl (452 kB)
2025-08-19T03:58:00.2387159Z Using cached websockets-15.0.1-cp312-cp312-manylinux_2_5_x86_64.manylinux1_x86_64.manylinux_2_17_x86_64.manylinux2014_x86_64.whl (182 kB)
2025-08-19T03:58:00.2399376Z Using cached mako-1.3.10-py3-none-any.whl (78 kB)
2025-08-19T03:58:00.4456477Z Installing collected packages: websockets, uvloop, ujson, structlog, sniffio, shellingham, sentry-sdk, redis, python-multipart, pygments, psycopg-binary, psycopg, orjson, mdurl, MarkupSafe, httptools, h11, greenlet, dnspython, asyncpg, uvicorn, sqlalchemy, markdown-it-py, Mako, Jinja2, httpcore, email_validator, botocore, anyio, watchfiles, starlette, s3transfer, rich, httpx, alembic, typer, rich-toolkit, boto3, asgi-correlation-id, fastapi-cli, fastapi, fastapi-limiter
2025-08-19T03:58:00.8897175Z   Attempting uninstall: redis
2025-08-19T03:58:00.8929265Z     Found existing installation: redis 5.3.1
2025-08-19T03:58:00.9008735Z     Uninstalling redis-5.3.1:
2025-08-19T03:58:00.9025764Z       Successfully uninstalled redis-5.3.1
2025-08-19T03:58:04.1894947Z   Attempting uninstall: botocore
2025-08-19T03:58:04.1939235Z     Found existing installation: botocore 1.40.12
2025-08-19T03:58:04.2578079Z     Uninstalling botocore-1.40.12:
2025-08-19T03:58:04.2825110Z       Successfully uninstalled botocore-1.40.12
2025-08-19T03:58:05.0662592Z   Attempting uninstall: s3transfer
2025-08-19T03:58:05.0707285Z     Found existing installation: s3transfer 0.13.1
2025-08-19T03:58:05.0735858Z     Uninstalling s3transfer-0.13.1:
2025-08-19T03:58:05.0744180Z       Successfully uninstalled s3transfer-0.13.1
2025-08-19T03:58:05.5994579Z   Attempting uninstall: boto3
2025-08-19T03:58:05.6025576Z     Found existing installation: boto3 1.40.12
2025-08-19T03:58:05.6086793Z     Uninstalling boto3-1.40.12:
2025-08-19T03:58:05.6105634Z       Successfully uninstalled boto3-1.40.12
2025-08-19T03:58:05.7712496Z 
2025-08-19T03:58:05.7798916Z Successfully installed Jinja2-3.1.5 Mako-1.3.10 MarkupSafe-3.0.2 alembic-1.13.1 anyio-4.10.0 asgi-correlation-id-4.3.1 asyncpg-0.29.0 boto3-1.34.162 botocore-1.34.162 dnspython-2.7.0 email_validator-2.2.0 fastapi-0.111.0 fastapi-cli-0.0.8 fastapi-limiter-0.1.6 greenlet-3.2.4 h11-0.16.0 httpcore-1.0.9 httptools-0.6.4 httpx-0.27.2 markdown-it-py-4.0.0 mdurl-0.1.2 orjson-3.11.2 psycopg-3.2.9 psycopg-binary-3.2.9 pygments-2.19.2 python-multipart-0.0.20 redis-5.0.8 rich-14.1.0 rich-toolkit-0.15.0 s3transfer-0.10.4 sentry-sdk-2.9.0 shellingham-1.5.4 sniffio-1.3.1 sqlalchemy-2.0.29 starlette-0.37.2 structlog-24.1.0 typer-0.16.1 ujson-5.10.0 uvicorn-0.29.0 uvloop-0.21.0 watchfiles-1.1.0 websockets-15.0.1
2025-08-19T03:58:06.4514300Z Requirement already satisfied: uvicorn==0.29.0 in /opt/hostedtoolcache/Python/3.12.11/x64/lib/python3.12/site-packages (from -r services/repricer/requirements.txt (line 1)) (0.29.0)
2025-08-19T03:58:06.4519123Z Requirement already satisfied: pydantic-settings==2.2.1 in /opt/hostedtoolcache/Python/3.12.11/x64/lib/python3.12/site-packages (from -r services/repricer/requirements.txt (line 2)) (2.2.1)
2025-08-19T03:58:06.4540822Z Requirement already satisfied: python-amazon-sp-api==0.8.0 in /opt/hostedtoolcache/Python/3.12.11/x64/lib/python3.12/site-packages (from -r services/repricer/requirements.txt (line 3)) (0.8.0)
2025-08-19T03:58:06.4543319Z Requirement already satisfied: fastapi==0.111.0 in /opt/hostedtoolcache/Python/3.12.11/x64/lib/python3.12/site-packages (from -r services/repricer/requirements.txt (line 4)) (0.111.0)
2025-08-19T03:58:06.4545354Z Requirement already satisfied: sqlalchemy==2.0.29 in /opt/hostedtoolcache/Python/3.12.11/x64/lib/python3.12/site-packages (from -r services/repricer/requirements.txt (line 5)) (2.0.29)
2025-08-19T03:58:06.4548694Z Requirement already satisfied: click>=7.0 in /opt/hostedtoolcache/Python/3.12.11/x64/lib/python3.12/site-packages (from uvicorn==0.29.0->-r services/repricer/requirements.txt (line 1)) (8.2.1)
2025-08-19T03:58:06.4553609Z Requirement already satisfied: h11>=0.8 in /opt/hostedtoolcache/Python/3.12.11/x64/lib/python3.12/site-packages (from uvicorn==0.29.0->-r services/repricer/requirements.txt (line 1)) (0.16.0)
2025-08-19T03:58:06.4582366Z Requirement already satisfied: pydantic>=2.3.0 in /opt/hostedtoolcache/Python/3.12.11/x64/lib/python3.12/site-packages (from pydantic-settings==2.2.1->-r services/repricer/requirements.txt (line 2)) (2.11.7)
2025-08-19T03:58:06.4588257Z Requirement already satisfied: python-dotenv>=0.21.0 in /opt/hostedtoolcache/Python/3.12.11/x64/lib/python3.12/site-packages (from pydantic-settings==2.2.1->-r services/repricer/requirements.txt (line 2)) (1.1.1)
2025-08-19T03:58:06.4600383Z Requirement already satisfied: requests in /opt/hostedtoolcache/Python/3.12.11/x64/lib/python3.12/site-packages (from python-amazon-sp-api==0.8.0->-r services/repricer/requirements.txt (line 3)) (2.32.5)
2025-08-19T03:58:06.4608713Z Requirement already satisfied: six<2,>=1.15 in /opt/hostedtoolcache/Python/3.12.11/x64/lib/python3.12/site-packages (from python-amazon-sp-api==0.8.0->-r services/repricer/requirements.txt (line 3)) (1.17.0)
2025-08-19T03:58:06.4616969Z Requirement already satisfied: boto3<2,>=1.16.39 in /opt/hostedtoolcache/Python/3.12.11/x64/lib/python3.12/site-packages (from python-amazon-sp-api==0.8.0->-r services/repricer/requirements.txt (line 3)) (1.34.162)
2025-08-19T03:58:06.4624163Z Requirement already satisfied: cachetools~=4.2.0 in /opt/hostedtoolcache/Python/3.12.11/x64/lib/python3.12/site-packages (from python-amazon-sp-api==0.8.0->-r services/repricer/requirements.txt (line 3)) (4.2.4)
2025-08-19T03:58:06.4628842Z Requirement already satisfied: pycryptodome in /opt/hostedtoolcache/Python/3.12.11/x64/lib/python3.12/site-packages (from python-amazon-sp-api==0.8.0->-r services/repricer/requirements.txt (line 3)) (3.23.0)
2025-08-19T03:58:06.4633718Z Requirement already satisfied: pytz in /opt/hostedtoolcache/Python/3.12.11/x64/lib/python3.12/site-packages (from python-amazon-sp-api==0.8.0->-r services/repricer/requirements.txt (line 3)) (2025.2)
2025-08-19T03:58:06.4640606Z Requirement already satisfied: confuse~=1.4.0 in /opt/hostedtoolcache/Python/3.12.11/x64/lib/python3.12/site-packages (from python-amazon-sp-api==0.8.0->-r services/repricer/requirements.txt (line 3)) (1.4.0)
2025-08-19T03:58:06.4657231Z Requirement already satisfied: starlette<0.38.0,>=0.37.2 in /opt/hostedtoolcache/Python/3.12.11/x64/lib/python3.12/site-packages (from fastapi==0.111.0->-r services/repricer/requirements.txt (line 4)) (0.37.2)
2025-08-19T03:58:06.4668113Z Requirement already satisfied: typing-extensions>=4.8.0 in /opt/hostedtoolcache/Python/3.12.11/x64/lib/python3.12/site-packages (from fastapi==0.111.0->-r services/repricer/requirements.txt (line 4)) (4.14.1)
2025-08-19T03:58:06.4673974Z Requirement already satisfied: fastapi-cli>=0.0.2 in /opt/hostedtoolcache/Python/3.12.11/x64/lib/python3.12/site-packages (from fastapi==0.111.0->-r services/repricer/requirements.txt (line 4)) (0.0.8)
2025-08-19T03:58:06.4679704Z Requirement already satisfied: httpx>=0.23.0 in /opt/hostedtoolcache/Python/3.12.11/x64/lib/python3.12/site-packages (from fastapi==0.111.0->-r services/repricer/requirements.txt (line 4)) (0.27.2)
2025-08-19T03:58:06.4686175Z Requirement already satisfied: jinja2>=2.11.2 in /opt/hostedtoolcache/Python/3.12.11/x64/lib/python3.12/site-packages (from fastapi==0.111.0->-r services/repricer/requirements.txt (line 4)) (3.1.5)
2025-08-19T03:58:06.4692192Z Requirement already satisfied: python-multipart>=0.0.7 in /opt/hostedtoolcache/Python/3.12.11/x64/lib/python3.12/site-packages (from fastapi==0.111.0->-r services/repricer/requirements.txt (line 4)) (0.0.20)
2025-08-19T03:58:06.4701250Z Requirement already satisfied: ujson!=4.0.2,!=4.1.0,!=4.2.0,!=4.3.0,!=5.0.0,!=5.1.0,>=4.0.1 in /opt/hostedtoolcache/Python/3.12.11/x64/lib/python3.12/site-packages (from fastapi==0.111.0->-r services/repricer/requirements.txt (line 4)) (5.10.0)
2025-08-19T03:58:06.4706926Z Requirement already satisfied: orjson>=3.2.1 in /opt/hostedtoolcache/Python/3.12.11/x64/lib/python3.12/site-packages (from fastapi==0.111.0->-r services/repricer/requirements.txt (line 4)) (3.11.2)
2025-08-19T03:58:06.4712634Z Requirement already satisfied: email_validator>=2.0.0 in /opt/hostedtoolcache/Python/3.12.11/x64/lib/python3.12/site-packages (from fastapi==0.111.0->-r services/repricer/requirements.txt (line 4)) (2.2.0)
2025-08-19T03:58:06.4760094Z Requirement already satisfied: greenlet!=0.4.17 in /opt/hostedtoolcache/Python/3.12.11/x64/lib/python3.12/site-packages (from sqlalchemy==2.0.29->-r services/repricer/requirements.txt (line 5)) (3.2.4)
2025-08-19T03:58:06.4806050Z Requirement already satisfied: botocore<1.35.0,>=1.34.162 in /opt/hostedtoolcache/Python/3.12.11/x64/lib/python3.12/site-packages (from boto3<2,>=1.16.39->python-amazon-sp-api==0.8.0->-r services/repricer/requirements.txt (line 3)) (1.34.162)
2025-08-19T03:58:06.4814325Z Requirement already satisfied: jmespath<2.0.0,>=0.7.1 in /opt/hostedtoolcache/Python/3.12.11/x64/lib/python3.12/site-packages (from boto3<2,>=1.16.39->python-amazon-sp-api==0.8.0->-r services/repricer/requirements.txt (line 3)) (1.0.1)
2025-08-19T03:58:06.4820695Z Requirement already satisfied: s3transfer<0.11.0,>=0.10.0 in /opt/hostedtoolcache/Python/3.12.11/x64/lib/python3.12/site-packages (from boto3<2,>=1.16.39->python-amazon-sp-api==0.8.0->-r services/repricer/requirements.txt (line 3)) (0.10.4)
2025-08-19T03:58:06.4837872Z Requirement already satisfied: python-dateutil<3.0.0,>=2.1 in /opt/hostedtoolcache/Python/3.12.11/x64/lib/python3.12/site-packages (from botocore<1.35.0,>=1.34.162->boto3<2,>=1.16.39->python-amazon-sp-api==0.8.0->-r services/repricer/requirements.txt (line 3)) (2.9.0.post0)
2025-08-19T03:58:06.4850595Z Requirement already satisfied: urllib3!=2.2.0,<3,>=1.25.4 in /opt/hostedtoolcache/Python/3.12.11/x64/lib/python3.12/site-packages (from botocore<1.35.0,>=1.34.162->boto3<2,>=1.16.39->python-amazon-sp-api==0.8.0->-r services/repricer/requirements.txt (line 3)) (2.5.0)
2025-08-19T03:58:06.4869636Z Requirement already satisfied: pyyaml in /opt/hostedtoolcache/Python/3.12.11/x64/lib/python3.12/site-packages (from confuse~=1.4.0->python-amazon-sp-api==0.8.0->-r services/repricer/requirements.txt (line 3)) (6.0.2)
2025-08-19T03:58:06.4903074Z Requirement already satisfied: annotated-types>=0.6.0 in /opt/hostedtoolcache/Python/3.12.11/x64/lib/python3.12/site-packages (from pydantic>=2.3.0->pydantic-settings==2.2.1->-r services/repricer/requirements.txt (line 2)) (0.7.0)
2025-08-19T03:58:06.4908426Z Requirement already satisfied: pydantic-core==2.33.2 in /opt/hostedtoolcache/Python/3.12.11/x64/lib/python3.12/site-packages (from pydantic>=2.3.0->pydantic-settings==2.2.1->-r services/repricer/requirements.txt (line 2)) (2.33.2)
2025-08-19T03:58:06.4915591Z Requirement already satisfied: typing-inspection>=0.4.0 in /opt/hostedtoolcache/Python/3.12.11/x64/lib/python3.12/site-packages (from pydantic>=2.3.0->pydantic-settings==2.2.1->-r services/repricer/requirements.txt (line 2)) (0.4.1)
2025-08-19T03:58:06.4975877Z Requirement already satisfied: anyio<5,>=3.4.0 in /opt/hostedtoolcache/Python/3.12.11/x64/lib/python3.12/site-packages (from starlette<0.38.0,>=0.37.2->fastapi==0.111.0->-r services/repricer/requirements.txt (line 4)) (4.10.0)
2025-08-19T03:58:06.4996003Z Requirement already satisfied: idna>=2.8 in /opt/hostedtoolcache/Python/3.12.11/x64/lib/python3.12/site-packages (from anyio<5,>=3.4.0->starlette<0.38.0,>=0.37.2->fastapi==0.111.0->-r services/repricer/requirements.txt (line 4)) (3.10)
2025-08-19T03:58:06.5001417Z Requirement already satisfied: sniffio>=1.1 in /opt/hostedtoolcache/Python/3.12.11/x64/lib/python3.12/site-packages (from anyio<5,>=3.4.0->starlette<0.38.0,>=0.37.2->fastapi==0.111.0->-r services/repricer/requirements.txt (line 4)) (1.3.1)
2025-08-19T03:58:06.5057451Z Requirement already satisfied: dnspython>=2.0.0 in /opt/hostedtoolcache/Python/3.12.11/x64/lib/python3.12/site-packages (from email_validator>=2.0.0->fastapi==0.111.0->-r services/repricer/requirements.txt (line 4)) (2.7.0)
2025-08-19T03:58:06.5106066Z Requirement already satisfied: typer>=0.15.1 in /opt/hostedtoolcache/Python/3.12.11/x64/lib/python3.12/site-packages (from fastapi-cli>=0.0.2->fastapi==0.111.0->-r services/repricer/requirements.txt (line 4)) (0.16.1)
2025-08-19T03:58:06.5116940Z Requirement already satisfied: rich-toolkit>=0.14.8 in /opt/hostedtoolcache/Python/3.12.11/x64/lib/python3.12/site-packages (from fastapi-cli>=0.0.2->fastapi==0.111.0->-r services/repricer/requirements.txt (line 4)) (0.15.0)
2025-08-19T03:58:06.5157652Z Requirement already satisfied: certifi in /opt/hostedtoolcache/Python/3.12.11/x64/lib/python3.12/site-packages (from httpx>=0.23.0->fastapi==0.111.0->-r services/repricer/requirements.txt (line 4)) (2025.8.3)
2025-08-19T03:58:06.5163248Z Requirement already satisfied: httpcore==1.* in /opt/hostedtoolcache/Python/3.12.11/x64/lib/python3.12/site-packages (from httpx>=0.23.0->fastapi==0.111.0->-r services/repricer/requirements.txt (line 4)) (1.0.9)
2025-08-19T03:58:06.5219829Z Requirement already satisfied: MarkupSafe>=2.0 in /opt/hostedtoolcache/Python/3.12.11/x64/lib/python3.12/site-packages (from jinja2>=2.11.2->fastapi==0.111.0->-r services/repricer/requirements.txt (line 4)) (3.0.2)
2025-08-19T03:58:06.5276994Z Requirement already satisfied: rich>=13.7.1 in /opt/hostedtoolcache/Python/3.12.11/x64/lib/python3.12/site-packages (from rich-toolkit>=0.14.8->fastapi-cli>=0.0.2->fastapi==0.111.0->-r services/repricer/requirements.txt (line 4)) (14.1.0)
2025-08-19T03:58:06.5299703Z Requirement already satisfied: markdown-it-py>=2.2.0 in /opt/hostedtoolcache/Python/3.12.11/x64/lib/python3.12/site-packages (from rich>=13.7.1->rich-toolkit>=0.14.8->fastapi-cli>=0.0.2->fastapi==0.111.0->-r services/repricer/requirements.txt (line 4)) (4.0.0)
2025-08-19T03:58:06.5306537Z Requirement already satisfied: pygments<3.0.0,>=2.13.0 in /opt/hostedtoolcache/Python/3.12.11/x64/lib/python3.12/site-packages (from rich>=13.7.1->rich-toolkit>=0.14.8->fastapi-cli>=0.0.2->fastapi==0.111.0->-r services/repricer/requirements.txt (line 4)) (2.19.2)
2025-08-19T03:58:06.5333813Z Requirement already satisfied: mdurl~=0.1 in /opt/hostedtoolcache/Python/3.12.11/x64/lib/python3.12/site-packages (from markdown-it-py>=2.2.0->rich>=13.7.1->rich-toolkit>=0.14.8->fastapi-cli>=0.0.2->fastapi==0.111.0->-r services/repricer/requirements.txt (line 4)) (0.1.2)
2025-08-19T03:58:06.5398367Z Requirement already satisfied: shellingham>=1.3.0 in /opt/hostedtoolcache/Python/3.12.11/x64/lib/python3.12/site-packages (from typer>=0.15.1->fastapi-cli>=0.0.2->fastapi==0.111.0->-r services/repricer/requirements.txt (line 4)) (1.5.4)
2025-08-19T03:58:06.5470178Z Requirement already satisfied: httptools>=0.5.0 in /opt/hostedtoolcache/Python/3.12.11/x64/lib/python3.12/site-packages (from uvicorn[standard]>=0.12.0->fastapi==0.111.0->-r services/repricer/requirements.txt (line 4)) (0.6.4)
2025-08-19T03:58:06.5486279Z Requirement already satisfied: uvloop!=0.15.0,!=0.15.1,>=0.14.0 in /opt/hostedtoolcache/Python/3.12.11/x64/lib/python3.12/site-packages (from uvicorn[standard]>=0.12.0->fastapi==0.111.0->-r services/repricer/requirements.txt (line 4)) (0.21.0)
2025-08-19T03:58:06.5494259Z Requirement already satisfied: watchfiles>=0.13 in /opt/hostedtoolcache/Python/3.12.11/x64/lib/python3.12/site-packages (from uvicorn[standard]>=0.12.0->fastapi==0.111.0->-r services/repricer/requirements.txt (line 4)) (1.1.0)
2025-08-19T03:58:06.5501689Z Requirement already satisfied: websockets>=10.4 in /opt/hostedtoolcache/Python/3.12.11/x64/lib/python3.12/site-packages (from uvicorn[standard]>=0.12.0->fastapi==0.111.0->-r services/repricer/requirements.txt (line 4)) (15.0.1)
2025-08-19T03:58:06.5631509Z Requirement already satisfied: charset_normalizer<4,>=2 in /opt/hostedtoolcache/Python/3.12.11/x64/lib/python3.12/site-packages (from requests->python-amazon-sp-api==0.8.0->-r services/repricer/requirements.txt (line 3)) (3.4.3)
2025-08-19T03:58:07.1952683Z Collecting celery==5.4.* (from celery[redis]==5.4.*->-r services/fees_h10/requirements.txt (line 1))
2025-08-19T03:58:07.1967221Z   Using cached celery-5.4.0-py3-none-any.whl.metadata (21 kB)
2025-08-19T03:58:07.2180832Z Requirement already satisfied: asyncpg in /opt/hostedtoolcache/Python/3.12.11/x64/lib/python3.12/site-packages (from -r services/fees_h10/requirements.txt (line 2)) (0.29.0)
2025-08-19T03:58:07.2185309Z Requirement already satisfied: httpx in /opt/hostedtoolcache/Python/3.12.11/x64/lib/python3.12/site-packages (from -r services/fees_h10/requirements.txt (line 3)) (0.27.2)
2025-08-19T03:58:07.2189657Z Requirement already satisfied: sqlalchemy in /opt/hostedtoolcache/Python/3.12.11/x64/lib/python3.12/site-packages (from -r services/fees_h10/requirements.txt (line 4)) (2.0.29)
2025-08-19T03:58:07.2203542Z Requirement already satisfied: billiard<5.0,>=4.2.0 in /opt/hostedtoolcache/Python/3.12.11/x64/lib/python3.12/site-packages (from celery==5.4.*->celery[redis]==5.4.*->-r services/fees_h10/requirements.txt (line 1)) (4.2.1)
2025-08-19T03:58:07.2210564Z Requirement already satisfied: kombu<6.0,>=5.3.4 in /opt/hostedtoolcache/Python/3.12.11/x64/lib/python3.12/site-packages (from celery==5.4.*->celery[redis]==5.4.*->-r services/fees_h10/requirements.txt (line 1)) (5.5.4)
2025-08-19T03:58:07.2217011Z Requirement already satisfied: vine<6.0,>=5.1.0 in /opt/hostedtoolcache/Python/3.12.11/x64/lib/python3.12/site-packages (from celery==5.4.*->celery[redis]==5.4.*->-r services/fees_h10/requirements.txt (line 1)) (5.1.0)
2025-08-19T03:58:07.2223738Z Requirement already satisfied: click<9.0,>=8.1.2 in /opt/hostedtoolcache/Python/3.12.11/x64/lib/python3.12/site-packages (from celery==5.4.*->celery[redis]==5.4.*->-r services/fees_h10/requirements.txt (line 1)) (8.2.1)
2025-08-19T03:58:07.2229753Z Requirement already satisfied: click-didyoumean>=0.3.0 in /opt/hostedtoolcache/Python/3.12.11/x64/lib/python3.12/site-packages (from celery==5.4.*->celery[redis]==5.4.*->-r services/fees_h10/requirements.txt (line 1)) (0.3.1)
2025-08-19T03:58:07.2235889Z Requirement already satisfied: click-repl>=0.2.0 in /opt/hostedtoolcache/Python/3.12.11/x64/lib/python3.12/site-packages (from celery==5.4.*->celery[redis]==5.4.*->-r services/fees_h10/requirements.txt (line 1)) (0.3.0)
2025-08-19T03:58:07.2242031Z Requirement already satisfied: click-plugins>=1.1.1 in /opt/hostedtoolcache/Python/3.12.11/x64/lib/python3.12/site-packages (from celery==5.4.*->celery[redis]==5.4.*->-r services/fees_h10/requirements.txt (line 1)) (1.1.1.2)
2025-08-19T03:58:07.2247842Z Requirement already satisfied: tzdata>=2022.7 in /opt/hostedtoolcache/Python/3.12.11/x64/lib/python3.12/site-packages (from celery==5.4.*->celery[redis]==5.4.*->-r services/fees_h10/requirements.txt (line 1)) (2025.2)
2025-08-19T03:58:07.2254173Z Requirement already satisfied: python-dateutil>=2.8.2 in /opt/hostedtoolcache/Python/3.12.11/x64/lib/python3.12/site-packages (from celery==5.4.*->celery[redis]==5.4.*->-r services/fees_h10/requirements.txt (line 1)) (2.9.0.post0)
2025-08-19T03:58:07.2295763Z Requirement already satisfied: redis!=4.5.5,<6.0.0,>=4.5.2 in /opt/hostedtoolcache/Python/3.12.11/x64/lib/python3.12/site-packages (from celery[redis]==5.4.*->-r services/fees_h10/requirements.txt (line 1)) (5.0.8)
2025-08-19T03:58:07.2318038Z Requirement already satisfied: amqp<6.0.0,>=5.1.1 in /opt/hostedtoolcache/Python/3.12.11/x64/lib/python3.12/site-packages (from kombu<6.0,>=5.3.4->celery==5.4.*->celery[redis]==5.4.*->-r services/fees_h10/requirements.txt (line 1)) (5.3.1)
2025-08-19T03:58:07.2330002Z Requirement already satisfied: packaging in /opt/hostedtoolcache/Python/3.12.11/x64/lib/python3.12/site-packages (from kombu<6.0,>=5.3.4->celery==5.4.*->celery[redis]==5.4.*->-r services/fees_h10/requirements.txt (line 1)) (25.0)
2025-08-19T03:58:07.2415437Z Requirement already satisfied: anyio in /opt/hostedtoolcache/Python/3.12.11/x64/lib/python3.12/site-packages (from httpx->-r services/fees_h10/requirements.txt (line 3)) (4.10.0)
2025-08-19T03:58:07.2419923Z Requirement already satisfied: certifi in /opt/hostedtoolcache/Python/3.12.11/x64/lib/python3.12/site-packages (from httpx->-r services/fees_h10/requirements.txt (line 3)) (2025.8.3)
2025-08-19T03:58:07.2425979Z Requirement already satisfied: httpcore==1.* in /opt/hostedtoolcache/Python/3.12.11/x64/lib/python3.12/site-packages (from httpx->-r services/fees_h10/requirements.txt (line 3)) (1.0.9)
2025-08-19T03:58:07.2430535Z Requirement already satisfied: idna in /opt/hostedtoolcache/Python/3.12.11/x64/lib/python3.12/site-packages (from httpx->-r services/fees_h10/requirements.txt (line 3)) (3.10)
2025-08-19T03:58:07.2435294Z Requirement already satisfied: sniffio in /opt/hostedtoolcache/Python/3.12.11/x64/lib/python3.12/site-packages (from httpx->-r services/fees_h10/requirements.txt (line 3)) (1.3.1)
2025-08-19T03:58:07.2460392Z Requirement already satisfied: h11>=0.16 in /opt/hostedtoolcache/Python/3.12.11/x64/lib/python3.12/site-packages (from httpcore==1.*->httpx->-r services/fees_h10/requirements.txt (line 3)) (0.16.0)
2025-08-19T03:58:07.2480676Z Requirement already satisfied: typing-extensions>=4.6.0 in /opt/hostedtoolcache/Python/3.12.11/x64/lib/python3.12/site-packages (from sqlalchemy->-r services/fees_h10/requirements.txt (line 4)) (4.14.1)
2025-08-19T03:58:07.2496014Z Requirement already satisfied: greenlet!=0.4.17 in /opt/hostedtoolcache/Python/3.12.11/x64/lib/python3.12/site-packages (from sqlalchemy->-r services/fees_h10/requirements.txt (line 4)) (3.2.4)
2025-08-19T03:58:07.2568085Z Requirement already satisfied: prompt-toolkit>=3.0.36 in /opt/hostedtoolcache/Python/3.12.11/x64/lib/python3.12/site-packages (from click-repl>=0.2.0->celery==5.4.*->celery[redis]==5.4.*->-r services/fees_h10/requirements.txt (line 1)) (3.0.51)
2025-08-19T03:58:07.2605528Z Requirement already satisfied: wcwidth in /opt/hostedtoolcache/Python/3.12.11/x64/lib/python3.12/site-packages (from prompt-toolkit>=3.0.36->click-repl>=0.2.0->celery==5.4.*->celery[redis]==5.4.*->-r services/fees_h10/requirements.txt (line 1)) (0.2.13)
2025-08-19T03:58:07.2620736Z Requirement already satisfied: six>=1.5 in /opt/hostedtoolcache/Python/3.12.11/x64/lib/python3.12/site-packages (from python-dateutil>=2.8.2->celery==5.4.*->celery[redis]==5.4.*->-r services/fees_h10/requirements.txt (line 1)) (1.17.0)
2025-08-19T03:58:07.2736462Z Using cached celery-5.4.0-py3-none-any.whl (425 kB)
2025-08-19T03:58:07.4069246Z Installing collected packages: celery
2025-08-19T03:58:07.4069819Z   Attempting uninstall: celery
2025-08-19T03:58:07.4116236Z     Found existing installation: celery 5.3.6
2025-08-19T03:58:07.4264030Z     Uninstalling celery-5.3.6:
2025-08-19T03:58:07.4292494Z       Successfully uninstalled celery-5.3.6
2025-08-19T03:58:07.7563435Z Successfully installed celery-5.4.0
2025-08-19T03:58:08.2665048Z Collecting python-telegram-bot==20.8 (from -r services/alert_bot/requirements.txt (line 1))
2025-08-19T03:58:08.2678670Z   Using cached python_telegram_bot-20.8-py3-none-any.whl.metadata (15 kB)
2025-08-19T03:58:08.2898893Z Collecting APScheduler==3.10.4 (from -r services/alert_bot/requirements.txt (line 2))
2025-08-19T03:58:08.2910501Z   Using cached APScheduler-3.10.4-py3-none-any.whl.metadata (5.7 kB)
2025-08-19T03:58:08.2953909Z Requirement already satisfied: asyncpg in /opt/hostedtoolcache/Python/3.12.11/x64/lib/python3.12/site-packages (from -r services/alert_bot/requirements.txt (line 3)) (0.29.0)
2025-08-19T03:58:08.3133011Z Collecting httpx~=0.26.0 (from python-telegram-bot==20.8->-r services/alert_bot/requirements.txt (line 1))
2025-08-19T03:58:08.3144427Z   Using cached httpx-0.26.0-py3-none-any.whl.metadata (7.6 kB)
2025-08-19T03:58:08.3184727Z Requirement already satisfied: six>=1.4.0 in /opt/hostedtoolcache/Python/3.12.11/x64/lib/python3.12/site-packages (from APScheduler==3.10.4->-r services/alert_bot/requirements.txt (line 2)) (1.17.0)
2025-08-19T03:58:08.3188384Z Requirement already satisfied: pytz in /opt/hostedtoolcache/Python/3.12.11/x64/lib/python3.12/site-packages (from APScheduler==3.10.4->-r services/alert_bot/requirements.txt (line 2)) (2025.2)
2025-08-19T03:58:08.3329104Z Collecting tzlocal!=3.*,>=2.0 (from APScheduler==3.10.4->-r services/alert_bot/requirements.txt (line 2))
2025-08-19T03:58:08.3339971Z   Using cached tzlocal-5.3.1-py3-none-any.whl.metadata (7.6 kB)
2025-08-19T03:58:08.3370902Z Requirement already satisfied: anyio in /opt/hostedtoolcache/Python/3.12.11/x64/lib/python3.12/site-packages (from httpx~=0.26.0->python-telegram-bot==20.8->-r services/alert_bot/requirements.txt (line 1)) (4.10.0)
2025-08-19T03:58:08.3374894Z Requirement already satisfied: certifi in /opt/hostedtoolcache/Python/3.12.11/x64/lib/python3.12/site-packages (from httpx~=0.26.0->python-telegram-bot==20.8->-r services/alert_bot/requirements.txt (line 1)) (2025.8.3)
2025-08-19T03:58:08.3379477Z Requirement already satisfied: httpcore==1.* in /opt/hostedtoolcache/Python/3.12.11/x64/lib/python3.12/site-packages (from httpx~=0.26.0->python-telegram-bot==20.8->-r services/alert_bot/requirements.txt (line 1)) (1.0.9)
2025-08-19T03:58:08.3383336Z Requirement already satisfied: idna in /opt/hostedtoolcache/Python/3.12.11/x64/lib/python3.12/site-packages (from httpx~=0.26.0->python-telegram-bot==20.8->-r services/alert_bot/requirements.txt (line 1)) (3.10)
2025-08-19T03:58:08.3386671Z Requirement already satisfied: sniffio in /opt/hostedtoolcache/Python/3.12.11/x64/lib/python3.12/site-packages (from httpx~=0.26.0->python-telegram-bot==20.8->-r services/alert_bot/requirements.txt (line 1)) (1.3.1)
2025-08-19T03:58:08.3401502Z Requirement already satisfied: h11>=0.16 in /opt/hostedtoolcache/Python/3.12.11/x64/lib/python3.12/site-packages (from httpcore==1.*->httpx~=0.26.0->python-telegram-bot==20.8->-r services/alert_bot/requirements.txt (line 1)) (0.16.0)
2025-08-19T03:58:08.3450957Z Requirement already satisfied: typing_extensions>=4.5 in /opt/hostedtoolcache/Python/3.12.11/x64/lib/python3.12/site-packages (from anyio->httpx~=0.26.0->python-telegram-bot==20.8->-r services/alert_bot/requirements.txt (line 1)) (4.14.1)
2025-08-19T03:58:08.3501663Z Using cached python_telegram_bot-20.8-py3-none-any.whl (604 kB)
2025-08-19T03:58:08.3518336Z Using cached APScheduler-3.10.4-py3-none-any.whl (59 kB)
2025-08-19T03:58:08.3529323Z Using cached httpx-0.26.0-py3-none-any.whl (75 kB)
2025-08-19T03:58:08.3540248Z Using cached tzlocal-5.3.1-py3-none-any.whl (18 kB)
2025-08-19T03:58:08.5016590Z Installing collected packages: tzlocal, httpx, APScheduler, python-telegram-bot
2025-08-19T03:58:08.5142354Z   Attempting uninstall: httpx
2025-08-19T03:58:08.5173639Z     Found existing installation: httpx 0.27.2
2025-08-19T03:58:08.5211658Z     Uninstalling httpx-0.27.2:
2025-08-19T03:58:08.5224829Z       Successfully uninstalled httpx-0.27.2
2025-08-19T03:58:08.9444996Z 
2025-08-19T03:58:08.9532005Z Successfully installed APScheduler-3.10.4 httpx-0.26.0 python-telegram-bot-20.8 tzlocal-5.3.1
2025-08-19T03:58:09.4700288Z Collecting Jinja2==3.1.6 (from -r requirements-dev.txt (line 2))
2025-08-19T03:58:09.4713444Z   Using cached jinja2-3.1.6-py3-none-any.whl.metadata (2.9 kB)
2025-08-19T03:58:09.4735189Z Requirement already satisfied: alembic==1.13.1 in /opt/hostedtoolcache/Python/3.12.11/x64/lib/python3.12/site-packages (from -r requirements-dev.txt (line 3)) (1.13.1)
2025-08-19T03:58:09.4739661Z Requirement already satisfied: apscheduler==3.10.4 in /opt/hostedtoolcache/Python/3.12.11/x64/lib/python3.12/site-packages (from -r requirements-dev.txt (line 4)) (3.10.4)
2025-08-19T03:58:09.4744080Z Requirement already satisfied: asgi-correlation-id==4.3.1 in /opt/hostedtoolcache/Python/3.12.11/x64/lib/python3.12/site-packages (from -r requirements-dev.txt (line 5)) (4.3.1)
2025-08-19T03:58:09.5108963Z Collecting asyncpg==0.30.0 (from -r requirements-dev.txt (line 6))
2025-08-19T03:58:09.5121004Z   Using cached asyncpg-0.30.0-cp312-cp312-manylinux_2_17_x86_64.manylinux2014_x86_64.whl.metadata (5.0 kB)
2025-08-19T03:58:09.5561653Z Collecting black==25.1.0 (from -r requirements-dev.txt (line 7))
2025-08-19T03:58:09.5574367Z   Using cached black-25.1.0-cp312-cp312-manylinux_2_17_x86_64.manylinux2014_x86_64.manylinux_2_28_x86_64.whl.metadata (81 kB)
2025-08-19T03:58:09.5655785Z Requirement already satisfied: boto3 in /opt/hostedtoolcache/Python/3.12.11/x64/lib/python3.12/site-packages (from -r requirements-dev.txt (line 8)) (1.34.162)
2025-08-19T03:58:09.5660422Z Requirement already satisfied: redis==5.* in /opt/hostedtoolcache/Python/3.12.11/x64/lib/python3.12/site-packages (from -r requirements-dev.txt (line 9)) (5.0.8)
2025-08-19T03:58:09.5664973Z Requirement already satisfied: minio==7.* in /opt/hostedtoolcache/Python/3.12.11/x64/lib/python3.12/site-packages (from -r requirements-dev.txt (line 10)) (7.1.15)
2025-08-19T03:58:09.5669103Z Requirement already satisfied: celery==5.4.0 in /opt/hostedtoolcache/Python/3.12.11/x64/lib/python3.12/site-packages (from -r requirements-dev.txt (line 11)) (5.4.0)
2025-08-19T03:58:09.6204659Z Collecting fastapi==0.116.1 (from -r requirements-dev.txt (line 12))
2025-08-19T03:58:09.6217176Z   Using cached fastapi-0.116.1-py3-none-any.whl.metadata (28 kB)
2025-08-19T03:58:09.6291021Z Requirement already satisfied: fastapi-limiter==0.1.6 in /opt/hostedtoolcache/Python/3.12.11/x64/lib/python3.12/site-packages (from -r requirements-dev.txt (line 14)) (0.1.6)
2025-08-19T03:58:09.6462756Z Collecting httpx<0.29,>=0.27 (from -r requirements-dev.txt (line 15))
2025-08-19T03:58:09.6474387Z   Using cached httpx-0.28.1-py3-none-any.whl.metadata (7.1 kB)
2025-08-19T03:58:09.6606049Z Collecting imapclient==3.0.1 (from -r requirements-dev.txt (line 16))
2025-08-19T03:58:09.6617493Z   Using cached IMAPClient-3.0.1-py2.py3-none-any.whl.metadata (1.7 kB)
2025-08-19T03:58:09.6714766Z Collecting itsdangerous (from -r requirements-dev.txt (line 17))
2025-08-19T03:58:09.6726237Z   Using cached itsdangerous-2.2.0-py3-none-any.whl.metadata (1.9 kB)
2025-08-19T03:58:09.7714127Z Collecting mypy==1.* (from -r requirements-dev.txt (line 18))
2025-08-19T03:58:09.7727568Z   Using cached mypy-1.17.1-cp312-cp312-manylinux2014_x86_64.manylinux_2_17_x86_64.manylinux_2_28_x86_64.whl.metadata (2.2 kB)
2025-08-19T03:58:09.7756345Z Requirement already satisfied: mypy-extensions==1.1.0 in /opt/hostedtoolcache/Python/3.12.11/x64/lib/python3.12/site-packages (from -r requirements-dev.txt (line 19)) (1.1.0)
2025-08-19T03:58:09.7760029Z Requirement already satisfied: numpy<2 in /opt/hostedtoolcache/Python/3.12.11/x64/lib/python3.12/site-packages (from -r requirements-dev.txt (line 20)) (1.26.4)
2025-08-19T03:58:09.7765046Z Requirement already satisfied: openpyxl==3.1.5 in /opt/hostedtoolcache/Python/3.12.11/x64/lib/python3.12/site-packages (from -r requirements-dev.txt (line 21)) (3.1.5)
2025-08-19T03:58:09.7768798Z Requirement already satisfied: pandas==2.2.* in /opt/hostedtoolcache/Python/3.12.11/x64/lib/python3.12/site-packages (from -r requirements-dev.txt (line 22)) (2.2.3)
2025-08-19T03:58:09.7773184Z Requirement already satisfied: psycopg2-binary==2.9.10 in /opt/hostedtoolcache/Python/3.12.11/x64/lib/python3.12/site-packages (from -r requirements-dev.txt (line 23)) (2.9.10)
2025-08-19T03:58:09.7778172Z Requirement already satisfied: psycopg==3.2.9 in /opt/hostedtoolcache/Python/3.12.11/x64/lib/python3.12/site-packages (from psycopg[binary]==3.2.9->-r requirements-dev.txt (line 24)) (3.2.9)
2025-08-19T03:58:09.7782212Z Requirement already satisfied: pydantic==2.11.7 in /opt/hostedtoolcache/Python/3.12.11/x64/lib/python3.12/site-packages (from -r requirements-dev.txt (line 25)) (2.11.7)
2025-08-19T03:58:09.8961840Z Collecting setuptools (from -r requirements-dev.txt (line 26))
2025-08-19T03:58:09.8975082Z   Using cached setuptools-80.9.0-py3-none-any.whl.metadata (6.6 kB)
2025-08-19T03:58:09.9244066Z Collecting pytest-asyncio==0.23.6 (from -r requirements-dev.txt (line 27))
2025-08-19T03:58:09.9255473Z   Using cached pytest_asyncio-0.23.6-py3-none-any.whl.metadata (3.9 kB)
2025-08-19T03:58:09.9393647Z Collecting pytest-cov==6.2.1 (from -r requirements-dev.txt (line 28))
2025-08-19T03:58:09.9404808Z   Using cached pytest_cov-6.2.1-py3-none-any.whl.metadata (30 kB)
2025-08-19T03:58:09.9572992Z Collecting pytest-postgresql==7.0.2 (from -r requirements-dev.txt (line 29))
2025-08-19T03:58:09.9584585Z   Using cached pytest_postgresql-7.0.2-py3-none-any.whl.metadata (18 kB)
2025-08-19T03:58:09.9615238Z Requirement already satisfied: python-dotenv in /opt/hostedtoolcache/Python/3.12.11/x64/lib/python3.12/site-packages (from -r requirements-dev.txt (line 30)) (1.1.1)
2025-08-19T03:58:09.9619399Z Requirement already satisfied: python-multipart in /opt/hostedtoolcache/Python/3.12.11/x64/lib/python3.12/site-packages (from -r requirements-dev.txt (line 31)) (0.0.20)
2025-08-19T03:58:09.9889485Z Collecting python-telegram-bot==22.2 (from -r requirements-dev.txt (line 32))
2025-08-19T03:58:09.9901340Z   Using cached python_telegram_bot-22.2-py3-none-any.whl.metadata (17 kB)
2025-08-19T03:58:10.0189150Z Collecting requests==2.32.4 (from -r requirements-dev.txt (line 33))
2025-08-19T03:58:10.0201303Z   Using cached requests-2.32.4-py3-none-any.whl.metadata (4.9 kB)
2025-08-19T03:58:10.0386713Z Collecting respx==0.22.0 (from -r requirements-dev.txt (line 34))
2025-08-19T03:58:10.0398867Z   Using cached respx-0.22.0-py2.py3-none-any.whl.metadata (4.1 kB)
2025-08-19T03:58:10.3823325Z Collecting ruff==0.4.4 (from -r requirements-dev.txt (line 35))
2025-08-19T03:58:10.3836908Z   Using cached ruff-0.4.4-py3-none-manylinux_2_17_x86_64.manylinux2014_x86_64.whl.metadata (23 kB)
2025-08-19T03:58:10.3869602Z Requirement already satisfied: sqlalchemy==2.0.29 in /opt/hostedtoolcache/Python/3.12.11/x64/lib/python3.12/site-packages (from -r requirements-dev.txt (line 36)) (2.0.29)
2025-08-19T03:58:10.3874962Z Requirement already satisfied: structlog==24.1.0 in /opt/hostedtoolcache/Python/3.12.11/x64/lib/python3.12/site-packages (from -r requirements-dev.txt (line 37)) (24.1.0)
2025-08-19T03:58:10.4011903Z Collecting testcontainers==4.10.0 (from testcontainers[postgres]==4.10.0->-r requirements-dev.txt (line 38))
2025-08-19T03:58:10.4023662Z   Using cached testcontainers-4.10.0-py3-none-any.whl.metadata (7.8 kB)
2025-08-19T03:58:10.4383646Z Collecting types-requests==2.32.0.20240602 (from -r requirements-dev.txt (line 39))
2025-08-19T03:58:10.4395362Z   Using cached types_requests-2.32.0.20240602-py3-none-any.whl.metadata (1.8 kB)
2025-08-19T03:58:10.4509598Z Collecting docspec-python==2.2.2 (from -r requirements-dev.txt (line 40))
2025-08-19T03:58:10.4521243Z   Using cached docspec_python-2.2.2-py3-none-any.whl.metadata (1.0 kB)
2025-08-19T03:58:10.4685731Z Collecting pydoc-markdown==4.8.2 (from -r requirements-dev.txt (line 41))
2025-08-19T03:58:10.4697136Z   Using cached pydoc_markdown-4.8.2-py3-none-any.whl.metadata (5.9 kB)
2025-08-19T03:58:10.4729120Z Requirement already satisfied: pandera==0.19.* in /opt/hostedtoolcache/Python/3.12.11/x64/lib/python3.12/site-packages (from -r requirements-dev.txt (line 42)) (0.19.3)
2025-08-19T03:58:10.4747365Z Requirement already satisfied: MarkupSafe>=2.0 in /opt/hostedtoolcache/Python/3.12.11/x64/lib/python3.12/site-packages (from Jinja2==3.1.6->-r requirements-dev.txt (line 2)) (3.0.2)
2025-08-19T03:58:10.4764368Z Requirement already satisfied: Mako in /opt/hostedtoolcache/Python/3.12.11/x64/lib/python3.12/site-packages (from alembic==1.13.1->-r requirements-dev.txt (line 3)) (1.3.10)
2025-08-19T03:58:10.4770572Z Requirement already satisfied: typing-extensions>=4 in /opt/hostedtoolcache/Python/3.12.11/x64/lib/python3.12/site-packages (from alembic==1.13.1->-r requirements-dev.txt (line 3)) (4.14.1)
2025-08-19T03:58:10.4788860Z Requirement already satisfied: six>=1.4.0 in /opt/hostedtoolcache/Python/3.12.11/x64/lib/python3.12/site-packages (from apscheduler==3.10.4->-r requirements-dev.txt (line 4)) (1.17.0)
2025-08-19T03:58:10.4793676Z Requirement already satisfied: pytz in /opt/hostedtoolcache/Python/3.12.11/x64/lib/python3.12/site-packages (from apscheduler==3.10.4->-r requirements-dev.txt (line 4)) (2025.2)
2025-08-19T03:58:10.4801292Z Requirement already satisfied: tzlocal!=3.*,>=2.0 in /opt/hostedtoolcache/Python/3.12.11/x64/lib/python3.12/site-packages (from apscheduler==3.10.4->-r requirements-dev.txt (line 4)) (5.3.1)
2025-08-19T03:58:10.4834237Z Requirement already satisfied: starlette>=0.18 in /opt/hostedtoolcache/Python/3.12.11/x64/lib/python3.12/site-packages (from asgi-correlation-id==4.3.1->-r requirements-dev.txt (line 5)) (0.37.2)
2025-08-19T03:58:10.4855569Z Requirement already satisfied: click>=8.0.0 in /opt/hostedtoolcache/Python/3.12.11/x64/lib/python3.12/site-packages (from black==25.1.0->-r requirements-dev.txt (line 7)) (8.2.1)
2025-08-19T03:58:10.4861387Z Requirement already satisfied: packaging>=22.0 in /opt/hostedtoolcache/Python/3.12.11/x64/lib/python3.12/site-packages (from black==25.1.0->-r requirements-dev.txt (line 7)) (25.0)
2025-08-19T03:58:10.4956627Z Collecting pathspec>=0.9.0 (from black==25.1.0->-r requirements-dev.txt (line 7))
2025-08-19T03:58:10.4968513Z   Using cached pathspec-0.12.1-py3-none-any.whl.metadata (21 kB)
2025-08-19T03:58:10.5150924Z Collecting platformdirs>=2 (from black==25.1.0->-r requirements-dev.txt (line 7))
2025-08-19T03:58:10.5162905Z   Using cached platformdirs-4.3.8-py3-none-any.whl.metadata (12 kB)
2025-08-19T03:58:10.5216774Z Requirement already satisfied: billiard<5.0,>=4.2.0 in /opt/hostedtoolcache/Python/3.12.11/x64/lib/python3.12/site-packages (from celery==5.4.0->-r requirements-dev.txt (line 11)) (4.2.1)
2025-08-19T03:58:10.5224278Z Requirement already satisfied: kombu<6.0,>=5.3.4 in /opt/hostedtoolcache/Python/3.12.11/x64/lib/python3.12/site-packages (from celery==5.4.0->-r requirements-dev.txt (line 11)) (5.5.4)
2025-08-19T03:58:10.5231742Z Requirement already satisfied: vine<6.0,>=5.1.0 in /opt/hostedtoolcache/Python/3.12.11/x64/lib/python3.12/site-packages (from celery==5.4.0->-r requirements-dev.txt (line 11)) (5.1.0)
2025-08-19T03:58:10.5241695Z Requirement already satisfied: click-didyoumean>=0.3.0 in /opt/hostedtoolcache/Python/3.12.11/x64/lib/python3.12/site-packages (from celery==5.4.0->-r requirements-dev.txt (line 11)) (0.3.1)
2025-08-19T03:58:10.5248132Z Requirement already satisfied: click-repl>=0.2.0 in /opt/hostedtoolcache/Python/3.12.11/x64/lib/python3.12/site-packages (from celery==5.4.0->-r requirements-dev.txt (line 11)) (0.3.0)
2025-08-19T03:58:10.5254969Z Requirement already satisfied: click-plugins>=1.1.1 in /opt/hostedtoolcache/Python/3.12.11/x64/lib/python3.12/site-packages (from celery==5.4.0->-r requirements-dev.txt (line 11)) (1.1.1.2)
2025-08-19T03:58:10.5261544Z Requirement already satisfied: tzdata>=2022.7 in /opt/hostedtoolcache/Python/3.12.11/x64/lib/python3.12/site-packages (from celery==5.4.0->-r requirements-dev.txt (line 11)) (2025.2)
2025-08-19T03:58:10.5268734Z Requirement already satisfied: python-dateutil>=2.8.2 in /opt/hostedtoolcache/Python/3.12.11/x64/lib/python3.12/site-packages (from celery==5.4.0->-r requirements-dev.txt (line 11)) (2.9.0.post0)
2025-08-19T03:58:10.5616441Z Collecting starlette>=0.18 (from asgi-correlation-id==4.3.1->-r requirements-dev.txt (line 5))
2025-08-19T03:58:10.5628724Z   Using cached starlette-0.47.2-py3-none-any.whl.metadata (6.2 kB)
2025-08-19T03:58:10.5677345Z Requirement already satisfied: annotated-types>=0.6.0 in /opt/hostedtoolcache/Python/3.12.11/x64/lib/python3.12/site-packages (from pydantic==2.11.7->-r requirements-dev.txt (line 25)) (0.7.0)
2025-08-19T03:58:10.5683433Z Requirement already satisfied: pydantic-core==2.33.2 in /opt/hostedtoolcache/Python/3.12.11/x64/lib/python3.12/site-packages (from pydantic==2.11.7->-r requirements-dev.txt (line 25)) (2.33.2)
2025-08-19T03:58:10.5692336Z Requirement already satisfied: typing-inspection>=0.4.0 in /opt/hostedtoolcache/Python/3.12.11/x64/lib/python3.12/site-packages (from pydantic==2.11.7->-r requirements-dev.txt (line 25)) (0.4.1)
2025-08-19T03:58:10.5740827Z Requirement already satisfied: et-xmlfile in /opt/hostedtoolcache/Python/3.12.11/x64/lib/python3.12/site-packages (from openpyxl==3.1.5->-r requirements-dev.txt (line 21)) (2.0.0)
2025-08-19T03:58:10.6174288Z Collecting pytest<9,>=7.0.0 (from pytest-asyncio==0.23.6->-r requirements-dev.txt (line 27))
2025-08-19T03:58:10.6186978Z   Using cached pytest-8.4.1-py3-none-any.whl.metadata (7.7 kB)
2025-08-19T03:58:10.9342911Z Collecting coverage>=7.5 (from coverage[toml]>=7.5->pytest-cov==6.2.1->-r requirements-dev.txt (line 28))
2025-08-19T03:58:10.9357101Z   Using cached coverage-7.10.4-cp312-cp312-manylinux1_x86_64.manylinux_2_28_x86_64.manylinux_2_5_x86_64.whl.metadata (8.9 kB)
2025-08-19T03:58:10.9475551Z Collecting pluggy>=1.2 (from pytest-cov==6.2.1->-r requirements-dev.txt (line 28))
2025-08-19T03:58:10.9487028Z   Using cached pluggy-1.6.0-py3-none-any.whl.metadata (4.8 kB)
2025-08-19T03:58:10.9791997Z Collecting port-for>=0.7.3 (from pytest-postgresql==7.0.2->-r requirements-dev.txt (line 29))
2025-08-19T03:58:10.9803349Z   Using cached port_for-0.7.4-py3-none-any.whl.metadata (7.1 kB)
2025-08-19T03:58:10.9947921Z Collecting mirakuru>=2.6.0 (from pytest-postgresql==7.0.2->-r requirements-dev.txt (line 29))
2025-08-19T03:58:10.9959548Z   Using cached mirakuru-2.6.1-py3-none-any.whl.metadata (10 kB)
2025-08-19T03:58:11.0013723Z Requirement already satisfied: charset_normalizer<4,>=2 in /opt/hostedtoolcache/Python/3.12.11/x64/lib/python3.12/site-packages (from requests==2.32.4->-r requirements-dev.txt (line 33)) (3.4.3)
2025-08-19T03:58:11.0018288Z Requirement already satisfied: idna<4,>=2.5 in /opt/hostedtoolcache/Python/3.12.11/x64/lib/python3.12/site-packages (from requests==2.32.4->-r requirements-dev.txt (line 33)) (3.10)
2025-08-19T03:58:11.0023171Z Requirement already satisfied: urllib3<3,>=1.21.1 in /opt/hostedtoolcache/Python/3.12.11/x64/lib/python3.12/site-packages (from requests==2.32.4->-r requirements-dev.txt (line 33)) (2.5.0)
2025-08-19T03:58:11.0027735Z Requirement already satisfied: certifi>=2017.4.17 in /opt/hostedtoolcache/Python/3.12.11/x64/lib/python3.12/site-packages (from requests==2.32.4->-r requirements-dev.txt (line 33)) (2025.8.3)
2025-08-19T03:58:11.0118833Z Requirement already satisfied: greenlet!=0.4.17 in /opt/hostedtoolcache/Python/3.12.11/x64/lib/python3.12/site-packages (from sqlalchemy==2.0.29->-r requirements-dev.txt (line 36)) (3.2.4)
2025-08-19T03:58:11.0371454Z Collecting docker (from testcontainers==4.10.0->testcontainers[postgres]==4.10.0->-r requirements-dev.txt (line 38))
2025-08-19T03:58:11.0383077Z   Using cached docker-7.1.0-py3-none-any.whl.metadata (3.8 kB)
2025-08-19T03:58:11.0422495Z Requirement already satisfied: wrapt in /opt/hostedtoolcache/Python/3.12.11/x64/lib/python3.12/site-packages (from testcontainers==4.10.0->testcontainers[postgres]==4.10.0->-r requirements-dev.txt (line 38)) (1.17.3)
2025-08-19T03:58:11.0590572Z Collecting docspec==2.2.1 (from docspec-python==2.2.2->-r requirements-dev.txt (line 40))
2025-08-19T03:58:11.0602454Z   Using cached docspec-2.2.1-py3-none-any.whl.metadata (1.5 kB)
2025-08-19T03:58:11.0759241Z Collecting nr-util>=0.8.12 (from docspec-python==2.2.2->-r requirements-dev.txt (line 40))
2025-08-19T03:58:11.0770985Z   Using cached nr.util-0.8.12-py3-none-any.whl.metadata (813 bytes)
2025-08-19T03:58:11.0803981Z Requirement already satisfied: PyYAML<7.0,>=5.0 in /opt/hostedtoolcache/Python/3.12.11/x64/lib/python3.12/site-packages (from pydoc-markdown==4.8.2->-r requirements-dev.txt (line 41)) (6.0.2)
2025-08-19T03:58:11.1022977Z Collecting databind.core<5.0.0,>=4.4.0 (from pydoc-markdown==4.8.2->-r requirements-dev.txt (line 41))
2025-08-19T03:58:11.1034802Z   Using cached databind.core-4.5.2-py3-none-any.whl.metadata (1.1 kB)
2025-08-19T03:58:11.1252447Z Collecting databind.json<5.0.0,>=4.4.0 (from pydoc-markdown==4.8.2->-r requirements-dev.txt (line 41))
2025-08-19T03:58:11.1264064Z   Using cached databind.json-4.5.2-py3-none-any.whl.metadata (1.1 kB)
2025-08-19T03:58:11.1405929Z Collecting docstring-parser<0.12,>=0.11 (from pydoc-markdown==4.8.2->-r requirements-dev.txt (line 41))
2025-08-19T03:58:11.1407414Z   Using cached docstring_parser-0.11-py3-none-any.whl
2025-08-19T03:58:11.1750762Z Collecting tomli<3.0.0,>=2.0.0 (from pydoc-markdown==4.8.2->-r requirements-dev.txt (line 41))
2025-08-19T03:58:11.1762569Z   Using cached tomli-2.2.1-cp312-cp312-manylinux_2_17_x86_64.manylinux2014_x86_64.whl.metadata (11 kB)
2025-08-19T03:58:11.1875767Z Collecting tomli_w<2.0.0,>=1.0.0 (from pydoc-markdown==4.8.2->-r requirements-dev.txt (line 41))
2025-08-19T03:58:11.1886846Z   Using cached tomli_w-1.2.0-py3-none-any.whl.metadata (5.7 kB)
2025-08-19T03:58:11.2683247Z Collecting watchdog (from pydoc-markdown==4.8.2->-r requirements-dev.txt (line 41))
2025-08-19T03:58:11.2696413Z   Using cached watchdog-6.0.0-py3-none-manylinux2014_x86_64.whl.metadata (44 kB)
2025-08-19T03:58:11.2923913Z Collecting yapf>=0.30.0 (from pydoc-markdown==4.8.2->-r requirements-dev.txt (line 41))
2025-08-19T03:58:11.2936155Z   Using cached yapf-0.43.0-py3-none-any.whl.metadata (46 kB)
2025-08-19T03:58:11.3139742Z Collecting Deprecated<2.0.0,>=1.2.12 (from docspec==2.2.1->docspec-python==2.2.2->-r requirements-dev.txt (line 40))
2025-08-19T03:58:11.3151933Z   Using cached Deprecated-1.2.18-py2.py3-none-any.whl.metadata (5.7 kB)
2025-08-19T03:58:11.3331768Z Requirement already satisfied: psycopg-binary==3.2.9 in /opt/hostedtoolcache/Python/3.12.11/x64/lib/python3.12/site-packages (from psycopg[binary]==3.2.9->-r requirements-dev.txt (line 24)) (3.2.9)
2025-08-19T03:58:11.3438243Z Requirement already satisfied: anyio in /opt/hostedtoolcache/Python/3.12.11/x64/lib/python3.12/site-packages (from httpx<0.29,>=0.27->-r requirements-dev.txt (line 15)) (4.10.0)
2025-08-19T03:58:11.3444644Z Requirement already satisfied: httpcore==1.* in /opt/hostedtoolcache/Python/3.12.11/x64/lib/python3.12/site-packages (from httpx<0.29,>=0.27->-r requirements-dev.txt (line 15)) (1.0.9)
2025-08-19T03:58:11.3669380Z Requirement already satisfied: multimethod<=1.10.0 in /opt/hostedtoolcache/Python/3.12.11/x64/lib/python3.12/site-packages (from pandera==0.19.*->-r requirements-dev.txt (line 42)) (1.10)
2025-08-19T03:58:11.3684077Z Requirement already satisfied: typeguard in /opt/hostedtoolcache/Python/3.12.11/x64/lib/python3.12/site-packages (from pandera==0.19.*->-r requirements-dev.txt (line 42)) (4.4.4)
2025-08-19T03:58:11.3690666Z Requirement already satisfied: typing-inspect>=0.6.0 in /opt/hostedtoolcache/Python/3.12.11/x64/lib/python3.12/site-packages (from pandera==0.19.*->-r requirements-dev.txt (line 42)) (0.9.0)
2025-08-19T03:58:11.3956854Z Collecting databind<5.0.0,>=4.5.2 (from databind.core<5.0.0,>=4.4.0->pydoc-markdown==4.8.2->-r requirements-dev.txt (line 41))
2025-08-19T03:58:11.3968774Z   Using cached databind-4.5.2-py3-none-any.whl.metadata (4.3 kB)
2025-08-19T03:58:11.4096934Z Collecting nr-date<3.0.0,>=2.0.0 (from databind<5.0.0,>=4.5.2->databind.core<5.0.0,>=4.4.0->pydoc-markdown==4.8.2->-r requirements-dev.txt (line 41))
2025-08-19T03:58:11.4108410Z   Using cached nr_date-2.1.0-py3-none-any.whl.metadata (746 bytes)
2025-08-19T03:58:11.4231017Z Collecting nr-stream<2.0.0,>=1.0.0 (from databind<5.0.0,>=4.5.2->databind.core<5.0.0,>=4.4.0->pydoc-markdown==4.8.2->-r requirements-dev.txt (line 41))
2025-08-19T03:58:11.4242899Z   Using cached nr_stream-1.1.5-py3-none-any.whl.metadata (3.6 kB)
2025-08-19T03:58:11.4412988Z Collecting typeapi<3,>=2.0.1 (from databind<5.0.0,>=4.5.2->databind.core<5.0.0,>=4.4.0->pydoc-markdown==4.8.2->-r requirements-dev.txt (line 41))
2025-08-19T03:58:11.4423881Z   Using cached typeapi-2.2.4-py3-none-any.whl.metadata (1.5 kB)
2025-08-19T03:58:11.4522251Z Requirement already satisfied: h11>=0.16 in /opt/hostedtoolcache/Python/3.12.11/x64/lib/python3.12/site-packages (from httpcore==1.*->httpx<0.29,>=0.27->-r requirements-dev.txt (line 15)) (0.16.0)
2025-08-19T03:58:11.4564101Z Requirement already satisfied: amqp<6.0.0,>=5.1.1 in /opt/hostedtoolcache/Python/3.12.11/x64/lib/python3.12/site-packages (from kombu<6.0,>=5.3.4->celery==5.4.0->-r requirements-dev.txt (line 11)) (5.3.1)
2025-08-19T03:58:11.4827855Z Collecting iniconfig>=1 (from pytest<9,>=7.0.0->pytest-asyncio==0.23.6->-r requirements-dev.txt (line 27))
2025-08-19T03:58:11.4839267Z   Using cached iniconfig-2.1.0-py3-none-any.whl.metadata (2.7 kB)
2025-08-19T03:58:11.4875597Z Requirement already satisfied: pygments>=2.7.2 in /opt/hostedtoolcache/Python/3.12.11/x64/lib/python3.12/site-packages (from pytest<9,>=7.0.0->pytest-asyncio==0.23.6->-r requirements-dev.txt (line 27)) (2.19.2)
2025-08-19T03:58:11.4959091Z Requirement already satisfied: sniffio>=1.1 in /opt/hostedtoolcache/Python/3.12.11/x64/lib/python3.12/site-packages (from anyio->httpx<0.29,>=0.27->-r requirements-dev.txt (line 15)) (1.3.1)
2025-08-19T03:58:11.5106238Z Requirement already satisfied: botocore<1.35.0,>=1.34.162 in /opt/hostedtoolcache/Python/3.12.11/x64/lib/python3.12/site-packages (from boto3->-r requirements-dev.txt (line 8)) (1.34.162)
2025-08-19T03:58:11.5113096Z Requirement already satisfied: jmespath<2.0.0,>=0.7.1 in /opt/hostedtoolcache/Python/3.12.11/x64/lib/python3.12/site-packages (from boto3->-r requirements-dev.txt (line 8)) (1.0.1)
2025-08-19T03:58:11.5119779Z Requirement already satisfied: s3transfer<0.11.0,>=0.10.0 in /opt/hostedtoolcache/Python/3.12.11/x64/lib/python3.12/site-packages (from boto3->-r requirements-dev.txt (line 8)) (0.10.4)
2025-08-19T03:58:11.5240777Z Requirement already satisfied: fastapi-cli>=0.0.8 in /opt/hostedtoolcache/Python/3.12.11/x64/lib/python3.12/site-packages (from fastapi-cli[standard]>=0.0.8; extra == "all"->fastapi[all]->-r requirements-dev.txt (line 13)) (0.0.8)
2025-08-19T03:58:11.5345673Z Requirement already satisfied: ujson!=4.0.2,!=4.1.0,!=4.2.0,!=4.3.0,!=5.0.0,!=5.1.0,>=4.0.1 in /opt/hostedtoolcache/Python/3.12.11/x64/lib/python3.12/site-packages (from fastapi[all]->-r requirements-dev.txt (line 13)) (5.10.0)
2025-08-19T03:58:11.5351904Z Requirement already satisfied: orjson>=3.2.1 in /opt/hostedtoolcache/Python/3.12.11/x64/lib/python3.12/site-packages (from fastapi[all]->-r requirements-dev.txt (line 13)) (3.11.2)
2025-08-19T03:58:11.5357934Z Requirement already satisfied: email-validator>=2.0.0 in /opt/hostedtoolcache/Python/3.12.11/x64/lib/python3.12/site-packages (from fastapi[all]->-r requirements-dev.txt (line 13)) (2.2.0)
2025-08-19T03:58:11.5366047Z Requirement already satisfied: uvicorn>=0.12.0 in /opt/hostedtoolcache/Python/3.12.11/x64/lib/python3.12/site-packages (from uvicorn[standard]>=0.12.0; extra == "all"->fastapi[all]->-r requirements-dev.txt (line 13)) (0.29.0)
2025-08-19T03:58:11.5374302Z Requirement already satisfied: pydantic-settings>=2.0.0 in /opt/hostedtoolcache/Python/3.12.11/x64/lib/python3.12/site-packages (from fastapi[all]->-r requirements-dev.txt (line 13)) (2.2.1)
2025-08-19T03:58:11.5504364Z Collecting pydantic-extra-types>=2.0.0 (from fastapi[all]->-r requirements-dev.txt (line 13))
2025-08-19T03:58:11.5516567Z   Using cached pydantic_extra_types-2.10.5-py3-none-any.whl.metadata (3.9 kB)
2025-08-19T03:58:11.5773224Z Requirement already satisfied: prompt-toolkit>=3.0.36 in /opt/hostedtoolcache/Python/3.12.11/x64/lib/python3.12/site-packages (from click-repl>=0.2.0->celery==5.4.0->-r requirements-dev.txt (line 11)) (3.0.51)
2025-08-19T03:58:11.5846068Z Requirement already satisfied: dnspython>=2.0.0 in /opt/hostedtoolcache/Python/3.12.11/x64/lib/python3.12/site-packages (from email-validator>=2.0.0->fastapi[all]->-r requirements-dev.txt (line 13)) (2.7.0)
2025-08-19T03:58:11.5915925Z Requirement already satisfied: typer>=0.15.1 in /opt/hostedtoolcache/Python/3.12.11/x64/lib/python3.12/site-packages (from fastapi-cli>=0.0.8->fastapi-cli[standard]>=0.0.8; extra == "all"->fastapi[all]->-r requirements-dev.txt (line 13)) (0.16.1)
2025-08-19T03:58:11.5926685Z Requirement already satisfied: rich-toolkit>=0.14.8 in /opt/hostedtoolcache/Python/3.12.11/x64/lib/python3.12/site-packages (from fastapi-cli>=0.0.8->fastapi-cli[standard]>=0.0.8; extra == "all"->fastapi[all]->-r requirements-dev.txt (line 13)) (0.15.0)
2025-08-19T03:58:11.6047143Z Collecting fastapi-cloud-cli>=0.1.1 (from fastapi-cli[standard]>=0.0.8; extra == "all"->fastapi[all]->-r requirements-dev.txt (line 13))
2025-08-19T03:58:11.6060306Z   Using cached fastapi_cloud_cli-0.1.5-py3-none-any.whl.metadata (3.2 kB)
2025-08-19T03:58:11.6767931Z Collecting rignore>=0.5.1 (from fastapi-cloud-cli>=0.1.1->fastapi-cli[standard]>=0.0.8; extra == "all"->fastapi[all]->-r requirements-dev.txt (line 13))
2025-08-19T03:58:11.6781641Z   Using cached rignore-0.6.4-cp312-cp312-manylinux_2_17_x86_64.manylinux2014_x86_64.whl.metadata (3.8 kB)
2025-08-19T03:58:11.7278952Z Collecting sentry-sdk>=2.20.0 (from fastapi-cloud-cli>=0.1.1->fastapi-cli[standard]>=0.0.8; extra == "all"->fastapi[all]->-r requirements-dev.txt (line 13))
2025-08-19T03:58:11.7292541Z   Using cached sentry_sdk-2.35.0-py2.py3-none-any.whl.metadata (10 kB)
2025-08-19T03:58:11.8194203Z Collecting psutil>=4.0.0 (from mirakuru>=2.6.0->pytest-postgresql==7.0.2->-r requirements-dev.txt (line 29))
2025-08-19T03:58:11.8208381Z   Using cached psutil-7.0.0-cp36-abi3-manylinux_2_12_x86_64.manylinux2010_x86_64.manylinux_2_17_x86_64.manylinux2014_x86_64.whl.metadata (22 kB)
2025-08-19T03:58:11.8404345Z Requirement already satisfied: wcwidth in /opt/hostedtoolcache/Python/3.12.11/x64/lib/python3.12/site-packages (from prompt-toolkit>=3.0.36->click-repl>=0.2.0->celery==5.4.0->-r requirements-dev.txt (line 11)) (0.2.13)
2025-08-19T03:58:11.8603767Z Requirement already satisfied: rich>=13.7.1 in /opt/hostedtoolcache/Python/3.12.11/x64/lib/python3.12/site-packages (from rich-toolkit>=0.14.8->fastapi-cli>=0.0.8->fastapi-cli[standard]>=0.0.8; extra == "all"->fastapi[all]->-r requirements-dev.txt (line 13)) (14.1.0)
2025-08-19T03:58:11.8639322Z Requirement already satisfied: markdown-it-py>=2.2.0 in /opt/hostedtoolcache/Python/3.12.11/x64/lib/python3.12/site-packages (from rich>=13.7.1->rich-toolkit>=0.14.8->fastapi-cli>=0.0.8->fastapi-cli[standard]>=0.0.8; extra == "all"->fastapi[all]->-r requirements-dev.txt (line 13)) (4.0.0)
2025-08-19T03:58:11.8670890Z Requirement already satisfied: mdurl~=0.1 in /opt/hostedtoolcache/Python/3.12.11/x64/lib/python3.12/site-packages (from markdown-it-py>=2.2.0->rich>=13.7.1->rich-toolkit>=0.14.8->fastapi-cli>=0.0.8->fastapi-cli[standard]>=0.0.8; extra == "all"->fastapi[all]->-r requirements-dev.txt (line 13)) (0.1.2)
2025-08-19T03:58:11.8858609Z Requirement already satisfied: shellingham>=1.3.0 in /opt/hostedtoolcache/Python/3.12.11/x64/lib/python3.12/site-packages (from typer>=0.15.1->fastapi-cli>=0.0.8->fastapi-cli[standard]>=0.0.8; extra == "all"->fastapi[all]->-r requirements-dev.txt (line 13)) (1.5.4)
2025-08-19T03:58:11.9095612Z Requirement already satisfied: httptools>=0.5.0 in /opt/hostedtoolcache/Python/3.12.11/x64/lib/python3.12/site-packages (from uvicorn[standard]>=0.12.0; extra == "all"->fastapi[all]->-r requirements-dev.txt (line 13)) (0.6.4)
2025-08-19T03:58:11.9111933Z Requirement already satisfied: uvloop!=0.15.0,!=0.15.1,>=0.14.0 in /opt/hostedtoolcache/Python/3.12.11/x64/lib/python3.12/site-packages (from uvicorn[standard]>=0.12.0; extra == "all"->fastapi[all]->-r requirements-dev.txt (line 13)) (0.21.0)
2025-08-19T03:58:11.9119259Z Requirement already satisfied: watchfiles>=0.13 in /opt/hostedtoolcache/Python/3.12.11/x64/lib/python3.12/site-packages (from uvicorn[standard]>=0.12.0; extra == "all"->fastapi[all]->-r requirements-dev.txt (line 13)) (1.1.0)
2025-08-19T03:58:11.9127331Z Requirement already satisfied: websockets>=10.4 in /opt/hostedtoolcache/Python/3.12.11/x64/lib/python3.12/site-packages (from uvicorn[standard]>=0.12.0; extra == "all"->fastapi[all]->-r requirements-dev.txt (line 13)) (15.0.1)
2025-08-19T03:58:11.9683430Z Using cached jinja2-3.1.6-py3-none-any.whl (134 kB)
2025-08-19T03:58:11.9695360Z Using cached asyncpg-0.30.0-cp312-cp312-manylinux_2_17_x86_64.manylinux2014_x86_64.whl (3.6 MB)
2025-08-19T03:58:11.9734288Z Using cached black-25.1.0-cp312-cp312-manylinux_2_17_x86_64.manylinux2014_x86_64.manylinux_2_28_x86_64.whl (1.8 MB)
2025-08-19T03:58:11.9757580Z Using cached fastapi-0.116.1-py3-none-any.whl (95 kB)
2025-08-19T03:58:11.9769084Z Using cached IMAPClient-3.0.1-py2.py3-none-any.whl (182 kB)
2025-08-19T03:58:11.9780846Z Using cached pytest_asyncio-0.23.6-py3-none-any.whl (17 kB)
2025-08-19T03:58:11.9791626Z Using cached pytest_cov-6.2.1-py3-none-any.whl (24 kB)
2025-08-19T03:58:11.9802686Z Using cached pytest_postgresql-7.0.2-py3-none-any.whl (41 kB)
2025-08-19T03:58:11.9813703Z Using cached python_telegram_bot-22.2-py3-none-any.whl (708 kB)
2025-08-19T03:58:11.9830263Z Using cached requests-2.32.4-py3-none-any.whl (64 kB)
2025-08-19T03:58:11.9841466Z Using cached respx-0.22.0-py2.py3-none-any.whl (25 kB)
2025-08-19T03:58:11.9852677Z Using cached ruff-0.4.4-py3-none-manylinux_2_17_x86_64.manylinux2014_x86_64.whl (8.7 MB)
2025-08-19T03:58:11.9924544Z Using cached testcontainers-4.10.0-py3-none-any.whl (107 kB)
2025-08-19T03:58:11.9936436Z Using cached types_requests-2.32.0.20240602-py3-none-any.whl (15 kB)
2025-08-19T03:58:11.9946867Z Using cached docspec_python-2.2.2-py3-none-any.whl (15 kB)
2025-08-19T03:58:11.9957478Z Using cached pydoc_markdown-4.8.2-py3-none-any.whl (67 kB)
2025-08-19T03:58:11.9968396Z Using cached docspec-2.2.1-py3-none-any.whl (9.8 kB)
2025-08-19T03:58:11.9978998Z Using cached httpx-0.28.1-py3-none-any.whl (73 kB)
2025-08-19T03:58:11.9990522Z Using cached mypy-1.17.1-cp312-cp312-manylinux2014_x86_64.manylinux_2_17_x86_64.manylinux_2_28_x86_64.whl (12.7 MB)
2025-08-19T03:58:12.0104806Z Using cached databind.core-4.5.2-py3-none-any.whl (1.5 kB)
2025-08-19T03:58:12.0117414Z Using cached databind-4.5.2-py3-none-any.whl (49 kB)
2025-08-19T03:58:12.0129655Z Using cached databind.json-4.5.2-py3-none-any.whl (1.5 kB)
2025-08-19T03:58:12.0144626Z Using cached Deprecated-1.2.18-py2.py3-none-any.whl (10.0 kB)
2025-08-19T03:58:12.0160061Z Using cached nr_date-2.1.0-py3-none-any.whl (10 kB)
2025-08-19T03:58:12.0171963Z Using cached nr_stream-1.1.5-py3-none-any.whl (10 kB)
2025-08-19T03:58:12.0186254Z Using cached nr.util-0.8.12-py3-none-any.whl (90 kB)
2025-08-19T03:58:12.0199171Z Using cached pytest-8.4.1-py3-none-any.whl (365 kB)
2025-08-19T03:58:12.0213689Z Using cached pluggy-1.6.0-py3-none-any.whl (20 kB)
2025-08-19T03:58:12.0225076Z Using cached starlette-0.47.2-py3-none-any.whl (72 kB)
2025-08-19T03:58:12.0237026Z Using cached tomli-2.2.1-cp312-cp312-manylinux_2_17_x86_64.manylinux2014_x86_64.whl (242 kB)
2025-08-19T03:58:12.0251889Z Using cached tomli_w-1.2.0-py3-none-any.whl (6.7 kB)
2025-08-19T03:58:12.0263385Z Using cached typeapi-2.2.4-py3-none-any.whl (26 kB)
2025-08-19T03:58:12.0275005Z Using cached itsdangerous-2.2.0-py3-none-any.whl (16 kB)
2025-08-19T03:58:12.0286565Z Using cached setuptools-80.9.0-py3-none-any.whl (1.2 MB)
2025-08-19T03:58:12.0307953Z Using cached coverage-7.10.4-cp312-cp312-manylinux1_x86_64.manylinux_2_28_x86_64.manylinux_2_5_x86_64.whl (251 kB)
2025-08-19T03:58:12.0320751Z Using cached fastapi_cloud_cli-0.1.5-py3-none-any.whl (18 kB)
2025-08-19T03:58:12.0332260Z Using cached iniconfig-2.1.0-py3-none-any.whl (6.0 kB)
2025-08-19T03:58:12.0343520Z Using cached mirakuru-2.6.1-py3-none-any.whl (26 kB)
2025-08-19T03:58:12.0355663Z Using cached pathspec-0.12.1-py3-none-any.whl (31 kB)
2025-08-19T03:58:12.0367000Z Using cached platformdirs-4.3.8-py3-none-any.whl (18 kB)
2025-08-19T03:58:12.0378337Z Using cached port_for-0.7.4-py3-none-any.whl (21 kB)
2025-08-19T03:58:12.0390413Z Using cached psutil-7.0.0-cp36-abi3-manylinux_2_12_x86_64.manylinux2010_x86_64.manylinux_2_17_x86_64.manylinux2014_x86_64.whl (277 kB)
2025-08-19T03:58:12.0403647Z Using cached pydantic_extra_types-2.10.5-py3-none-any.whl (38 kB)
2025-08-19T03:58:12.0415777Z Using cached rignore-0.6.4-cp312-cp312-manylinux_2_17_x86_64.manylinux2014_x86_64.whl (949 kB)
2025-08-19T03:58:12.0435466Z Using cached sentry_sdk-2.35.0-py2.py3-none-any.whl (363 kB)
2025-08-19T03:58:12.0453509Z Using cached yapf-0.43.0-py3-none-any.whl (256 kB)
2025-08-19T03:58:12.0467865Z Using cached docker-7.1.0-py3-none-any.whl (147 kB)
2025-08-19T03:58:12.0481670Z Using cached watchdog-6.0.0-py3-none-manylinux2014_x86_64.whl (79 kB)
2025-08-19T03:58:12.2875858Z Installing collected packages: watchdog, types-requests, typeapi, tomli_w, tomli, setuptools, sentry-sdk, ruff, rignore, requests, psutil, port-for, pluggy, platformdirs, pathspec, nr-stream, nr-date, Jinja2, itsdangerous, iniconfig, imapclient, docstring-parser, Deprecated, coverage, asyncpg, yapf, starlette, pytest, nr-util, mypy, mirakuru, httpx, docker, databind, black, testcontainers, respx, python-telegram-bot, pytest-postgresql, pytest-cov, pytest-asyncio, pydantic-extra-types, fastapi, databind.json, databind.core, fastapi-cloud-cli, docspec, docspec-python, pydoc-markdown
2025-08-19T03:58:13.1371681Z   Attempting uninstall: sentry-sdk
2025-08-19T03:58:13.1405523Z     Found existing installation: sentry-sdk 2.9.0
2025-08-19T03:58:13.1535263Z     Uninstalling sentry-sdk-2.9.0:
2025-08-19T03:58:13.1557233Z       Successfully uninstalled sentry-sdk-2.9.0
2025-08-19T03:58:13.5322505Z   Attempting uninstall: requests
2025-08-19T03:58:13.5367185Z     Found existing installation: requests 2.32.5
2025-08-19T03:58:13.5396731Z     Uninstalling requests-2.32.5:
2025-08-19T03:58:13.5406061Z       Successfully uninstalled requests-2.32.5
2025-08-19T03:58:13.8316052Z   Attempting uninstall: Jinja2
2025-08-19T03:58:13.8367134Z     Found existing installation: Jinja2 3.1.5
2025-08-19T03:58:13.8400785Z     Uninstalling Jinja2-3.1.5:
2025-08-19T03:58:13.8410190Z       Successfully uninstalled Jinja2-3.1.5
2025-08-19T03:58:14.1812787Z   Attempting uninstall: asyncpg
2025-08-19T03:58:14.1866957Z     Found existing installation: asyncpg 0.29.0
2025-08-19T03:58:14.1914751Z     Uninstalling asyncpg-0.29.0:
2025-08-19T03:58:14.1928329Z       Successfully uninstalled asyncpg-0.29.0
2025-08-19T03:58:14.4657250Z   Attempting uninstall: starlette
2025-08-19T03:58:14.4707944Z     Found existing installation: starlette 0.37.2
2025-08-19T03:58:14.4749579Z     Uninstalling starlette-0.37.2:
2025-08-19T03:58:14.4759980Z       Successfully uninstalled starlette-0.37.2
2025-08-19T03:58:16.2634321Z   Attempting uninstall: httpx
2025-08-19T03:58:16.2685034Z     Found existing installation: httpx 0.26.0
2025-08-19T03:58:16.2720787Z     Uninstalling httpx-0.26.0:
2025-08-19T03:58:16.2734035Z       Successfully uninstalled httpx-0.26.0
2025-08-19T03:58:16.7118489Z   Attempting uninstall: python-telegram-bot
2025-08-19T03:58:16.7168101Z     Found existing installation: python-telegram-bot 20.8
2025-08-19T03:58:16.7325459Z     Uninstalling python-telegram-bot-20.8:
2025-08-19T03:58:16.7349336Z       Successfully uninstalled python-telegram-bot-20.8
2025-08-19T03:58:17.2356751Z   Attempting uninstall: fastapi
2025-08-19T03:58:17.2402576Z     Found existing installation: fastapi 0.111.0
2025-08-19T03:58:17.2454998Z     Uninstalling fastapi-0.111.0:
2025-08-19T03:58:17.2467419Z       Successfully uninstalled fastapi-0.111.0
2025-08-19T03:58:17.4160978Z 
2025-08-19T03:58:17.4281925Z Successfully installed Deprecated-1.2.18 Jinja2-3.1.6 asyncpg-0.30.0 black-25.1.0 coverage-7.10.4 databind-4.5.2 databind.core-4.5.2 databind.json-4.5.2 docker-7.1.0 docspec-2.2.1 docspec-python-2.2.2 docstring-parser-0.11 fastapi-0.116.1 fastapi-cloud-cli-0.1.5 httpx-0.28.1 imapclient-3.0.1 iniconfig-2.1.0 itsdangerous-2.2.0 mirakuru-2.6.1 mypy-1.17.1 nr-date-2.1.0 nr-stream-1.1.5 nr-util-0.8.12 pathspec-0.12.1 platformdirs-4.3.8 pluggy-1.6.0 port-for-0.7.4 psutil-7.0.0 pydantic-extra-types-2.10.5 pydoc-markdown-4.8.2 pytest-8.4.1 pytest-asyncio-0.23.6 pytest-cov-6.2.1 pytest-postgresql-7.0.2 python-telegram-bot-22.2 requests-2.32.4 respx-0.22.0 rignore-0.6.4 ruff-0.4.4 sentry-sdk-2.35.0 setuptools-80.9.0 starlette-0.47.2 testcontainers-4.10.0 tomli-2.2.1 tomli_w-1.2.0 typeapi-2.2.4 types-requests-2.32.0.20240602 watchdog-6.0.0 yapf-0.43.0
2025-08-19T03:58:18.0713248Z Requirement already satisfied: asyncpg in /opt/hostedtoolcache/Python/3.12.11/x64/lib/python3.12/site-packages (0.30.0)
2025-08-19T03:58:18.6911253Z Requirement already satisfied: pytest in /opt/hostedtoolcache/Python/3.12.11/x64/lib/python3.12/site-packages (8.4.1)
2025-08-19T03:58:18.6926044Z Requirement already satisfied: iniconfig>=1 in /opt/hostedtoolcache/Python/3.12.11/x64/lib/python3.12/site-packages (from pytest) (2.1.0)
2025-08-19T03:58:18.6931854Z Requirement already satisfied: packaging>=20 in /opt/hostedtoolcache/Python/3.12.11/x64/lib/python3.12/site-packages (from pytest) (25.0)
2025-08-19T03:58:18.6937607Z Requirement already satisfied: pluggy<2,>=1.5 in /opt/hostedtoolcache/Python/3.12.11/x64/lib/python3.12/site-packages (from pytest) (1.6.0)
2025-08-19T03:58:18.6942867Z Requirement already satisfied: pygments>=2.7.2 in /opt/hostedtoolcache/Python/3.12.11/x64/lib/python3.12/site-packages (from pytest) (2.19.2)
2025-08-19T03:58:19.3639390Z Collecting keepa==1.3.15
2025-08-19T03:58:19.3652336Z   Using cached keepa-1.3.15-py3-none-any.whl.metadata (11 kB)
2025-08-19T03:58:19.3690373Z Requirement already satisfied: minio==7.1.15 in /opt/hostedtoolcache/Python/3.12.11/x64/lib/python3.12/site-packages (7.1.15)
2025-08-19T03:58:19.3698859Z Requirement already satisfied: numpy>=1.9.3 in /opt/hostedtoolcache/Python/3.12.11/x64/lib/python3.12/site-packages (from keepa==1.3.15) (1.26.4)
2025-08-19T03:58:19.3704107Z Requirement already satisfied: requests>=2.2 in /opt/hostedtoolcache/Python/3.12.11/x64/lib/python3.12/site-packages (from keepa==1.3.15) (2.32.4)
2025-08-19T03:58:19.3707574Z Requirement already satisfied: tqdm in /opt/hostedtoolcache/Python/3.12.11/x64/lib/python3.12/site-packages (from keepa==1.3.15) (4.67.1)
2025-08-19T03:58:19.3711406Z Requirement already satisfied: aiohttp in /opt/hostedtoolcache/Python/3.12.11/x64/lib/python3.12/site-packages (from keepa==1.3.15) (3.12.15)
2025-08-19T03:58:19.3716321Z Requirement already satisfied: pandas<=3.0 in /opt/hostedtoolcache/Python/3.12.11/x64/lib/python3.12/site-packages (from keepa==1.3.15) (2.2.3)
2025-08-19T03:58:19.3719624Z Requirement already satisfied: pydantic in /opt/hostedtoolcache/Python/3.12.11/x64/lib/python3.12/site-packages (from keepa==1.3.15) (2.11.7)
2025-08-19T03:58:19.3729734Z Requirement already satisfied: certifi in /opt/hostedtoolcache/Python/3.12.11/x64/lib/python3.12/site-packages (from minio==7.1.15) (2025.8.3)
2025-08-19T03:58:19.3733743Z Requirement already satisfied: urllib3 in /opt/hostedtoolcache/Python/3.12.11/x64/lib/python3.12/site-packages (from minio==7.1.15) (2.5.0)
2025-08-19T03:58:19.3788732Z Requirement already satisfied: python-dateutil>=2.8.2 in /opt/hostedtoolcache/Python/3.12.11/x64/lib/python3.12/site-packages (from pandas<=3.0->keepa==1.3.15) (2.9.0.post0)
2025-08-19T03:58:19.3793634Z Requirement already satisfied: pytz>=2020.1 in /opt/hostedtoolcache/Python/3.12.11/x64/lib/python3.12/site-packages (from pandas<=3.0->keepa==1.3.15) (2025.2)
2025-08-19T03:58:19.3798270Z Requirement already satisfied: tzdata>=2022.7 in /opt/hostedtoolcache/Python/3.12.11/x64/lib/python3.12/site-packages (from pandas<=3.0->keepa==1.3.15) (2025.2)
2025-08-19T03:58:19.3930897Z Requirement already satisfied: six>=1.5 in /opt/hostedtoolcache/Python/3.12.11/x64/lib/python3.12/site-packages (from python-dateutil>=2.8.2->pandas<=3.0->keepa==1.3.15) (1.17.0)
2025-08-19T03:58:19.3949808Z Requirement already satisfied: charset_normalizer<4,>=2 in /opt/hostedtoolcache/Python/3.12.11/x64/lib/python3.12/site-packages (from requests>=2.2->keepa==1.3.15) (3.4.3)
2025-08-19T03:58:19.3955475Z Requirement already satisfied: idna<4,>=2.5 in /opt/hostedtoolcache/Python/3.12.11/x64/lib/python3.12/site-packages (from requests>=2.2->keepa==1.3.15) (3.10)
2025-08-19T03:58:19.4024993Z Requirement already satisfied: aiohappyeyeballs>=2.5.0 in /opt/hostedtoolcache/Python/3.12.11/x64/lib/python3.12/site-packages (from aiohttp->keepa==1.3.15) (2.6.1)
2025-08-19T03:58:19.4029768Z Requirement already satisfied: aiosignal>=1.4.0 in /opt/hostedtoolcache/Python/3.12.11/x64/lib/python3.12/site-packages (from aiohttp->keepa==1.3.15) (1.4.0)
2025-08-19T03:58:19.4036529Z Requirement already satisfied: attrs>=17.3.0 in /opt/hostedtoolcache/Python/3.12.11/x64/lib/python3.12/site-packages (from aiohttp->keepa==1.3.15) (25.3.0)
2025-08-19T03:58:19.4041359Z Requirement already satisfied: frozenlist>=1.1.1 in /opt/hostedtoolcache/Python/3.12.11/x64/lib/python3.12/site-packages (from aiohttp->keepa==1.3.15) (1.7.0)
2025-08-19T03:58:19.4046716Z Requirement already satisfied: multidict<7.0,>=4.5 in /opt/hostedtoolcache/Python/3.12.11/x64/lib/python3.12/site-packages (from aiohttp->keepa==1.3.15) (6.6.4)
2025-08-19T03:58:19.4052257Z Requirement already satisfied: propcache>=0.2.0 in /opt/hostedtoolcache/Python/3.12.11/x64/lib/python3.12/site-packages (from aiohttp->keepa==1.3.15) (0.3.2)
2025-08-19T03:58:19.4057557Z Requirement already satisfied: yarl<2.0,>=1.17.0 in /opt/hostedtoolcache/Python/3.12.11/x64/lib/python3.12/site-packages (from aiohttp->keepa==1.3.15) (1.20.1)
2025-08-19T03:58:19.4117248Z Requirement already satisfied: typing-extensions>=4.2 in /opt/hostedtoolcache/Python/3.12.11/x64/lib/python3.12/site-packages (from aiosignal>=1.4.0->aiohttp->keepa==1.3.15) (4.14.1)
2025-08-19T03:58:19.4210568Z Requirement already satisfied: annotated-types>=0.6.0 in /opt/hostedtoolcache/Python/3.12.11/x64/lib/python3.12/site-packages (from pydantic->keepa==1.3.15) (0.7.0)
2025-08-19T03:58:19.4215930Z Requirement already satisfied: pydantic-core==2.33.2 in /opt/hostedtoolcache/Python/3.12.11/x64/lib/python3.12/site-packages (from pydantic->keepa==1.3.15) (2.33.2)
2025-08-19T03:58:19.4223770Z Requirement already satisfied: typing-inspection>=0.4.0 in /opt/hostedtoolcache/Python/3.12.11/x64/lib/python3.12/site-packages (from pydantic->keepa==1.3.15) (0.4.1)
2025-08-19T03:58:19.4303356Z Using cached keepa-1.3.15-py3-none-any.whl (38 kB)
2025-08-19T03:58:19.6001499Z Installing collected packages: keepa
2025-08-19T03:58:19.6002633Z   Attempting uninstall: keepa
2025-08-19T03:58:19.6035602Z     Found existing installation: keepa 1.3.14
2025-08-19T03:58:19.6058101Z     Uninstalling keepa-1.3.14:
2025-08-19T03:58:19.6066850Z       Successfully uninstalled keepa-1.3.14
2025-08-19T03:58:19.6494705Z Successfully installed keepa-1.3.15
2025-08-19T03:58:19.7092070Z ##[group]Run actions/setup-node@v4
2025-08-19T03:58:19.7092350Z with:
2025-08-19T03:58:19.7092529Z   node-version: 20.19.0
2025-08-19T03:58:19.7092735Z   always-auth: false
2025-08-19T03:58:19.7092932Z   check-latest: false
2025-08-19T03:58:19.7093215Z   token: ***
2025-08-19T03:58:19.7093383Z env:
2025-08-19T03:58:19.7093581Z   REDIS_URL: redis://localhost:6379/0
2025-08-19T03:58:19.7093842Z   RATE_LIMIT_DEFAULT: 100/minute
2025-08-19T03:58:19.7094066Z   TRUST_X_FORWARDED: 1
2025-08-19T03:58:19.7094283Z   PG_USER: postgres
2025-08-19T03:58:19.7094479Z   PG_PASSWORD: pass
2025-08-19T03:58:19.7094662Z   PG_DATABASE: awa
2025-08-19T03:58:19.7094849Z   PG_HOST: localhost
2025-08-19T03:58:19.7095041Z   PG_PORT: 5432
2025-08-19T03:58:19.7095412Z   PG_SYNC_DSN: ***localhost:5432/awa
2025-08-19T03:58:19.7095806Z   PG_ASYNC_DSN: ***localhost:5432/awa
2025-08-19T03:58:19.7096185Z   DATABASE_URL: ***localhost:5432/awa
2025-08-19T03:58:19.7096424Z   DATA_DIR: /tmp/awa-data
2025-08-19T03:58:19.7096683Z   ENABLE_LIVE: 0
2025-08-19T03:58:19.7096858Z   TESTING: 1
2025-08-19T03:58:19.7097100Z   pythonLocation: /opt/hostedtoolcache/Python/3.12.11/x64
2025-08-19T03:58:19.7097508Z   PKG_CONFIG_PATH: /opt/hostedtoolcache/Python/3.12.11/x64/lib/pkgconfig
2025-08-19T03:58:19.7097895Z   Python_ROOT_DIR: /opt/hostedtoolcache/Python/3.12.11/x64
2025-08-19T03:58:19.7098247Z   Python2_ROOT_DIR: /opt/hostedtoolcache/Python/3.12.11/x64
2025-08-19T03:58:19.7098597Z   Python3_ROOT_DIR: /opt/hostedtoolcache/Python/3.12.11/x64
2025-08-19T03:58:19.7098951Z   LD_LIBRARY_PATH: /opt/hostedtoolcache/Python/3.12.11/x64/lib
2025-08-19T03:58:19.7099238Z ##[endgroup]
2025-08-19T03:58:19.8794646Z Attempting to download 20.19.0...
2025-08-19T03:58:20.3305445Z Acquiring 20.19.0 - x64 from https://github.com/actions/node-versions/releases/download/20.19.0-13838090974/node-20.19.0-linux-x64.tar.gz
2025-08-19T03:58:20.7127291Z Extracting ...
2025-08-19T03:58:20.7234051Z [command]/usr/bin/tar xz --strip 1 --warning=no-unknown-keyword --overwrite -C /home/runner/work/_temp/a847cdd8-7fbc-4a9e-82eb-195732c5725b -f /home/runner/work/_temp/bfde9aab-284b-4b43-9e60-2517215a3a1e
2025-08-19T03:58:21.7204646Z Adding to the cache ...
2025-08-19T03:58:23.3440078Z ##[group]Environment details
2025-08-19T03:58:23.5672931Z node: v20.19.0
2025-08-19T03:58:23.5673258Z npm: 10.8.2
2025-08-19T03:58:23.5673448Z yarn: 1.22.22
2025-08-19T03:58:23.5674013Z ##[endgroup]
2025-08-19T03:58:23.5836331Z ##[group]Run npm ci
2025-08-19T03:58:23.5836584Z [36;1mnpm ci[0m
2025-08-19T03:58:23.5877781Z shell: /usr/bin/bash -e {0}
2025-08-19T03:58:23.5878014Z env:
2025-08-19T03:58:23.5878229Z   REDIS_URL: redis://localhost:6379/0
2025-08-19T03:58:23.5878505Z   RATE_LIMIT_DEFAULT: 100/minute
2025-08-19T03:58:23.5878731Z   TRUST_X_FORWARDED: 1
2025-08-19T03:58:23.5878936Z   PG_USER: postgres
2025-08-19T03:58:23.5879129Z   PG_PASSWORD: pass
2025-08-19T03:58:23.5879315Z   PG_DATABASE: awa
2025-08-19T03:58:23.5879502Z   PG_HOST: localhost
2025-08-19T03:58:23.5879692Z   PG_PORT: 5432
2025-08-19T03:58:23.5880146Z   PG_SYNC_DSN: ***localhost:5432/awa
2025-08-19T03:58:23.5880562Z   PG_ASYNC_DSN: ***localhost:5432/awa
2025-08-19T03:58:23.5880953Z   DATABASE_URL: ***localhost:5432/awa
2025-08-19T03:58:23.5881403Z   DATA_DIR: /tmp/awa-data
2025-08-19T03:58:23.5881608Z   ENABLE_LIVE: 0
2025-08-19T03:58:23.5881790Z   TESTING: 1
2025-08-19T03:58:23.5882089Z   pythonLocation: /opt/hostedtoolcache/Python/3.12.11/x64
2025-08-19T03:58:23.5882497Z   PKG_CONFIG_PATH: /opt/hostedtoolcache/Python/3.12.11/x64/lib/pkgconfig
2025-08-19T03:58:23.5883092Z   Python_ROOT_DIR: /opt/hostedtoolcache/Python/3.12.11/x64
2025-08-19T03:58:23.5883456Z   Python2_ROOT_DIR: /opt/hostedtoolcache/Python/3.12.11/x64
2025-08-19T03:58:23.5883828Z   Python3_ROOT_DIR: /opt/hostedtoolcache/Python/3.12.11/x64
2025-08-19T03:58:23.5884183Z   LD_LIBRARY_PATH: /opt/hostedtoolcache/Python/3.12.11/x64/lib
2025-08-19T03:58:23.5884475Z ##[endgroup]
2025-08-19T03:58:26.4050542Z npm warn deprecated node-domexception@1.0.0: Use your platform's native DOMException instead
2025-08-19T03:58:29.7869253Z 
2025-08-19T03:58:29.7870150Z added 432 packages, and audited 433 packages in 6s
2025-08-19T03:58:29.7870591Z 
2025-08-19T03:58:29.7870840Z 112 packages are looking for funding
2025-08-19T03:58:29.7871463Z   run `npm fund` for details
2025-08-19T03:58:29.7896106Z 
2025-08-19T03:58:29.7896461Z 2 vulnerabilities (1 low, 1 critical)
2025-08-19T03:58:29.7896828Z 
2025-08-19T03:58:29.7897116Z To address all issues, run:
2025-08-19T03:58:29.7897560Z   npm audit fix
2025-08-19T03:58:29.7897782Z 
2025-08-19T03:58:29.7897991Z Run `npm audit` for details.
2025-08-19T03:58:29.8175780Z ##[group]Run npm run build --if-present
2025-08-19T03:58:29.8176554Z [36;1mnpm run build --if-present[0m
2025-08-19T03:58:29.8219291Z shell: /usr/bin/bash -e {0}
2025-08-19T03:58:29.8219525Z env:
2025-08-19T03:58:29.8219728Z   REDIS_URL: redis://localhost:6379/0
2025-08-19T03:58:29.8220010Z   RATE_LIMIT_DEFAULT: 100/minute
2025-08-19T03:58:29.8220237Z   TRUST_X_FORWARDED: 1
2025-08-19T03:58:29.8220441Z   PG_USER: postgres
2025-08-19T03:58:29.8220634Z   PG_PASSWORD: pass
2025-08-19T03:58:29.8220818Z   PG_DATABASE: awa
2025-08-19T03:58:29.8221003Z   PG_HOST: localhost
2025-08-19T03:58:29.8221442Z   PG_PORT: 5432
2025-08-19T03:58:29.8221885Z   PG_SYNC_DSN: ***localhost:5432/awa
2025-08-19T03:58:29.8222318Z   PG_ASYNC_DSN: ***localhost:5432/awa
2025-08-19T03:58:29.8222700Z   DATABASE_URL: ***localhost:5432/awa
2025-08-19T03:58:29.8222936Z   DATA_DIR: /tmp/awa-data
2025-08-19T03:58:29.8223165Z   ENABLE_LIVE: 0
2025-08-19T03:58:29.8223342Z   TESTING: 1
2025-08-19T03:58:29.8223605Z   pythonLocation: /opt/hostedtoolcache/Python/3.12.11/x64
2025-08-19T03:58:29.8224020Z   PKG_CONFIG_PATH: /opt/hostedtoolcache/Python/3.12.11/x64/lib/pkgconfig
2025-08-19T03:58:29.8224437Z   Python_ROOT_DIR: /opt/hostedtoolcache/Python/3.12.11/x64
2025-08-19T03:58:29.8224800Z   Python2_ROOT_DIR: /opt/hostedtoolcache/Python/3.12.11/x64
2025-08-19T03:58:29.8225159Z   Python3_ROOT_DIR: /opt/hostedtoolcache/Python/3.12.11/x64
2025-08-19T03:58:29.8225515Z   LD_LIBRARY_PATH: /opt/hostedtoolcache/Python/3.12.11/x64/lib
2025-08-19T03:58:29.8225811Z ##[endgroup]
2025-08-19T03:58:29.9404869Z 
2025-08-19T03:58:29.9407915Z > web@0.0.0 build
2025-08-19T03:58:29.9408389Z > tsc -b && vite build
2025-08-19T03:58:29.9408629Z 
2025-08-19T03:58:32.3257151Z [36mvite v7.0.4 [32mbuilding for production...[36m[39m
2025-08-19T03:58:32.5018790Z transforming...
2025-08-19T03:58:35.6239100Z [32m✓[39m 687 modules transformed.
2025-08-19T03:58:36.0730529Z rendering chunks...
2025-08-19T03:58:36.0819214Z computing gzip size...
2025-08-19T03:58:36.1004405Z [2mdist/[22m[32mindex.html                 [39m[1m[2m  0.46 kB[22m[1m[22m[2m │ gzip:   0.30 kB[22m
2025-08-19T03:58:36.1005977Z [2mdist/[22m[2massets/[22m[35mindex-5IA1gRGW.css  [39m[1m[2m  0.84 kB[22m[1m[22m[2m │ gzip:   0.45 kB[22m
2025-08-19T03:58:36.1007514Z [2mdist/[22m[2massets/[22m[36mindex-CIqpArhq.js   [39m[1m[33m613.66 kB[39m[22m[2m │ gzip: 193.69 kB[22m
2025-08-19T03:58:36.1008431Z [33m
2025-08-19T03:58:36.1009299Z (!) Some chunks are larger than 500 kB after minification. Consider:
2025-08-19T03:58:36.1010133Z - Using dynamic import() to code-split the application
2025-08-19T03:58:36.1011736Z - Use build.rollupOptions.output.manualChunks to improve chunking: https://rollupjs.org/configuration-options/#output-manualchunks
2025-08-19T03:58:36.1013146Z - Adjust chunk size limit for this warning via build.chunkSizeWarningLimit.[39m
2025-08-19T03:58:36.1014332Z [32m✓ built in 3.75s[39m
2025-08-19T03:58:36.1500776Z ##[group]Run sudo apt-get update
2025-08-19T03:58:36.1501414Z [36;1msudo apt-get update[0m
2025-08-19T03:58:36.1501715Z [36;1msudo apt-get install -y postgresql[0m
2025-08-19T03:58:36.1502222Z [36;1mecho "/usr/lib/postgresql/$(pg_config --version | cut -d' ' -f2 | cut -d'.' -f1,2)/bin" >> $GITHUB_PATH[0m
2025-08-19T03:58:36.1543557Z shell: /usr/bin/bash -e {0}
2025-08-19T03:58:36.1543789Z env:
2025-08-19T03:58:36.1543993Z   REDIS_URL: redis://localhost:6379/0
2025-08-19T03:58:36.1544268Z   RATE_LIMIT_DEFAULT: 100/minute
2025-08-19T03:58:36.1544497Z   TRUST_X_FORWARDED: 1
2025-08-19T03:58:36.1544701Z   PG_USER: postgres
2025-08-19T03:58:36.1544893Z   PG_PASSWORD: pass
2025-08-19T03:58:36.1545075Z   PG_DATABASE: awa
2025-08-19T03:58:36.1545257Z   PG_HOST: localhost
2025-08-19T03:58:36.1545444Z   PG_PORT: 5432
2025-08-19T03:58:36.1545870Z   PG_SYNC_DSN: ***localhost:5432/awa
2025-08-19T03:58:36.1546397Z   PG_ASYNC_DSN: ***localhost:5432/awa
2025-08-19T03:58:36.1546833Z   DATABASE_URL: ***localhost:5432/awa
2025-08-19T03:58:36.1547073Z   DATA_DIR: /tmp/awa-data
2025-08-19T03:58:36.1547276Z   ENABLE_LIVE: 0
2025-08-19T03:58:36.1547449Z   TESTING: 1
2025-08-19T03:58:36.1547688Z   pythonLocation: /opt/hostedtoolcache/Python/3.12.11/x64
2025-08-19T03:58:36.1548101Z   PKG_CONFIG_PATH: /opt/hostedtoolcache/Python/3.12.11/x64/lib/pkgconfig
2025-08-19T03:58:36.1548488Z   Python_ROOT_DIR: /opt/hostedtoolcache/Python/3.12.11/x64
2025-08-19T03:58:36.1548838Z   Python2_ROOT_DIR: /opt/hostedtoolcache/Python/3.12.11/x64
2025-08-19T03:58:36.1549194Z   Python3_ROOT_DIR: /opt/hostedtoolcache/Python/3.12.11/x64
2025-08-19T03:58:36.1549550Z   LD_LIBRARY_PATH: /opt/hostedtoolcache/Python/3.12.11/x64/lib
2025-08-19T03:58:36.1549848Z ##[endgroup]
2025-08-19T03:58:36.2612354Z Get:1 file:/etc/apt/apt-mirrors.txt Mirrorlist [144 B]
2025-08-19T03:58:36.3072679Z Hit:2 http://azure.archive.ubuntu.com/ubuntu noble InRelease
2025-08-19T03:58:36.3074186Z Hit:6 https://packages.microsoft.com/repos/azure-cli noble InRelease
2025-08-19T03:58:36.3077191Z Get:7 https://packages.microsoft.com/ubuntu/24.04/prod noble InRelease [3600 B]
2025-08-19T03:58:36.3123833Z Get:3 http://azure.archive.ubuntu.com/ubuntu noble-updates InRelease [126 kB]
2025-08-19T03:58:36.3187123Z Get:4 http://azure.archive.ubuntu.com/ubuntu noble-backports InRelease [126 kB]
2025-08-19T03:58:36.3249512Z Get:5 http://azure.archive.ubuntu.com/ubuntu noble-security InRelease [126 kB]
2025-08-19T03:58:36.5267849Z Get:8 https://packages.microsoft.com/ubuntu/24.04/prod noble/main amd64 Packages [47.9 kB]
2025-08-19T03:58:36.5372989Z Get:9 https://packages.microsoft.com/ubuntu/24.04/prod noble/main arm64 Packages [33.1 kB]
2025-08-19T03:58:36.5740687Z Get:10 http://azure.archive.ubuntu.com/ubuntu noble-updates/main amd64 Packages [1337 kB]
2025-08-19T03:58:36.5846566Z Get:11 http://azure.archive.ubuntu.com/ubuntu noble-updates/main Translation-en [267 kB]
2025-08-19T03:58:36.5873520Z Get:12 http://azure.archive.ubuntu.com/ubuntu noble-updates/main amd64 Components [175 kB]
2025-08-19T03:58:36.5896904Z Get:13 http://azure.archive.ubuntu.com/ubuntu noble-updates/universe amd64 Packages [1121 kB]
2025-08-19T03:58:36.5981465Z Get:14 http://azure.archive.ubuntu.com/ubuntu noble-updates/universe Translation-en [288 kB]
2025-08-19T03:58:36.6011539Z Get:15 http://azure.archive.ubuntu.com/ubuntu noble-updates/universe amd64 Components [378 kB]
2025-08-19T03:58:36.6044906Z Get:16 http://azure.archive.ubuntu.com/ubuntu noble-updates/restricted amd64 Packages [1700 kB]
2025-08-19T03:58:36.6145996Z Get:17 http://azure.archive.ubuntu.com/ubuntu noble-updates/restricted Translation-en [375 kB]
2025-08-19T03:58:36.6178269Z Get:18 http://azure.archive.ubuntu.com/ubuntu noble-updates/restricted amd64 Components [212 B]
2025-08-19T03:58:36.6189333Z Get:19 http://azure.archive.ubuntu.com/ubuntu noble-updates/multiverse amd64 Components [940 B]
2025-08-19T03:58:36.6775698Z Get:20 http://azure.archive.ubuntu.com/ubuntu noble-backports/main amd64 Components [7076 B]
2025-08-19T03:58:36.6790340Z Get:21 http://azure.archive.ubuntu.com/ubuntu noble-backports/universe amd64 Packages [30.2 kB]
2025-08-19T03:58:36.6801828Z Get:22 http://azure.archive.ubuntu.com/ubuntu noble-backports/universe Translation-en [17.4 kB]
2025-08-19T03:58:36.6810856Z Get:23 http://azure.archive.ubuntu.com/ubuntu noble-backports/universe amd64 Components [19.2 kB]
2025-08-19T03:58:36.6818757Z Get:24 http://azure.archive.ubuntu.com/ubuntu noble-backports/restricted amd64 Components [216 B]
2025-08-19T03:58:36.6828716Z Get:25 http://azure.archive.ubuntu.com/ubuntu noble-backports/multiverse amd64 Components [212 B]
2025-08-19T03:58:36.6992801Z Get:26 http://azure.archive.ubuntu.com/ubuntu noble-security/main amd64 Packages [1075 kB]
2025-08-19T03:58:36.7066634Z Get:27 http://azure.archive.ubuntu.com/ubuntu noble-security/main Translation-en [186 kB]
2025-08-19T03:58:36.7094313Z Get:28 http://azure.archive.ubuntu.com/ubuntu noble-security/main amd64 Components [21.6 kB]
2025-08-19T03:58:36.7105423Z Get:29 http://azure.archive.ubuntu.com/ubuntu noble-security/universe amd64 Packages [879 kB]
2025-08-19T03:58:36.7164305Z Get:30 http://azure.archive.ubuntu.com/ubuntu noble-security/universe Translation-en [195 kB]
2025-08-19T03:58:36.7196970Z Get:31 http://azure.archive.ubuntu.com/ubuntu noble-security/universe amd64 Components [52.3 kB]
2025-08-19T03:58:36.7205321Z Get:32 http://azure.archive.ubuntu.com/ubuntu noble-security/restricted amd64 Packages [1610 kB]
2025-08-19T03:58:36.7315866Z Get:33 http://azure.archive.ubuntu.com/ubuntu noble-security/restricted Translation-en [357 kB]
2025-08-19T03:58:36.7760558Z Get:34 http://azure.archive.ubuntu.com/ubuntu noble-security/restricted amd64 Components [212 B]
2025-08-19T03:58:36.7778189Z Get:35 http://azure.archive.ubuntu.com/ubuntu noble-security/multiverse amd64 Components [212 B]
2025-08-19T03:58:46.4591684Z Fetched 10.6 MB in 1s (7599 kB/s)
2025-08-19T03:58:47.1712107Z Reading package lists...
2025-08-19T03:58:47.2043430Z Reading package lists...
2025-08-19T03:58:47.3881428Z Building dependency tree...
2025-08-19T03:58:47.3888886Z Reading state information...
2025-08-19T03:58:47.5671760Z Suggested packages:
2025-08-19T03:58:47.5672140Z   postgresql-doc
2025-08-19T03:58:47.6033911Z The following NEW packages will be installed:
2025-08-19T03:58:47.6035322Z   postgresql
2025-08-19T03:58:47.6259208Z 0 upgraded, 1 newly installed, 0 to remove and 39 not upgraded.
2025-08-19T03:58:47.6259687Z Need to get 11.6 kB of archives.
2025-08-19T03:58:47.6260115Z After this operation, 17.4 kB of additional disk space will be used.
2025-08-19T03:58:47.6260584Z Get:1 file:/etc/apt/apt-mirrors.txt Mirrorlist [144 B]
2025-08-19T03:58:47.6832351Z Get:2 http://azure.archive.ubuntu.com/ubuntu noble-updates/main amd64 postgresql all 16+257build1.1 [11.6 kB]
2025-08-19T03:58:47.9463900Z Fetched 11.6 kB in 0s (170 kB/s)
2025-08-19T03:58:47.9769869Z Selecting previously unselected package postgresql.
2025-08-19T03:58:48.0385097Z (Reading database ... 
2025-08-19T03:58:48.0385569Z (Reading database ... 5%
2025-08-19T03:58:48.0385983Z (Reading database ... 10%
2025-08-19T03:58:48.0386337Z (Reading database ... 15%
2025-08-19T03:58:48.0386751Z (Reading database ... 20%
2025-08-19T03:58:48.0387137Z (Reading database ... 25%
2025-08-19T03:58:48.0387519Z (Reading database ... 30%
2025-08-19T03:58:48.0387894Z (Reading database ... 35%
2025-08-19T03:58:48.0388122Z (Reading database ... 40%
2025-08-19T03:58:48.0388343Z (Reading database ... 45%
2025-08-19T03:58:48.0388559Z (Reading database ... 50%
2025-08-19T03:58:48.1691570Z (Reading database ... 55%
2025-08-19T03:58:48.3472955Z (Reading database ... 60%
2025-08-19T03:58:48.6705618Z (Reading database ... 65%
2025-08-19T03:58:48.8317133Z (Reading database ... 70%
2025-08-19T03:58:48.9333363Z (Reading database ... 75%
2025-08-19T03:58:49.4354380Z (Reading database ... 80%
2025-08-19T03:58:50.2442696Z (Reading database ... 85%
2025-08-19T03:58:51.0085812Z (Reading database ... 90%
2025-08-19T03:58:51.6742607Z (Reading database ... 95%
2025-08-19T03:58:51.6743519Z (Reading database ... 100%
2025-08-19T03:58:51.6744087Z (Reading database ... 219881 files and directories currently installed.)
2025-08-19T03:58:51.6789617Z Preparing to unpack .../postgresql_16+257build1.1_all.deb ...
2025-08-19T03:58:51.6817826Z Unpacking postgresql (16+257build1.1) ...
2025-08-19T03:58:51.7200585Z Setting up postgresql (16+257build1.1) ...
2025-08-19T03:58:52.8060886Z 
2025-08-19T03:58:52.8061788Z Running kernel seems to be up-to-date.
2025-08-19T03:58:52.8062263Z 
2025-08-19T03:58:52.8062491Z Restarting services...
2025-08-19T03:58:52.8131562Z 
2025-08-19T03:58:52.8132146Z Service restarts being deferred:
2025-08-19T03:58:52.8133600Z  systemctl restart hosted-compute-agent.service
2025-08-19T03:58:52.8134075Z 
2025-08-19T03:58:52.8134413Z No containers need to be restarted.
2025-08-19T03:58:52.8136202Z 
2025-08-19T03:58:52.8136566Z No user sessions are running outdated binaries.
2025-08-19T03:58:52.8136940Z 
2025-08-19T03:58:52.8137491Z No VM guests are running outdated hypervisor (qemu) binaries on this host.
2025-08-19T03:58:53.7192580Z ##[group]Run for i in {1..30}; do pg_isready -h localhost -p 5432 -U postgres -d awa && break; sleep 1; done
2025-08-19T03:58:53.7193228Z [36;1mfor i in {1..30}; do pg_isready -h localhost -p 5432 -U postgres -d awa && break; sleep 1; done[0m
2025-08-19T03:58:53.7234657Z shell: /usr/bin/bash -e {0}
2025-08-19T03:58:53.7234902Z env:
2025-08-19T03:58:53.7235111Z   REDIS_URL: redis://localhost:6379/0
2025-08-19T03:58:53.7235385Z   RATE_LIMIT_DEFAULT: 100/minute
2025-08-19T03:58:53.7235611Z   TRUST_X_FORWARDED: 1
2025-08-19T03:58:53.7235846Z   PG_USER: postgres
2025-08-19T03:58:53.7236034Z   PG_PASSWORD: pass
2025-08-19T03:58:53.7236217Z   PG_DATABASE: awa
2025-08-19T03:58:53.7236402Z   PG_HOST: localhost
2025-08-19T03:58:53.7236590Z   PG_PORT: 5432
2025-08-19T03:58:53.7237040Z   PG_SYNC_DSN: ***localhost:5432/awa
2025-08-19T03:58:53.7237443Z   PG_ASYNC_DSN: ***localhost:5432/awa
2025-08-19T03:58:53.7237846Z   DATABASE_URL: ***localhost:5432/awa
2025-08-19T03:58:53.7238112Z   DATA_DIR: /tmp/awa-data
2025-08-19T03:58:53.7238313Z   ENABLE_LIVE: 0
2025-08-19T03:58:53.7238494Z   TESTING: 1
2025-08-19T03:58:53.7238737Z   pythonLocation: /opt/hostedtoolcache/Python/3.12.11/x64
2025-08-19T03:58:53.7239148Z   PKG_CONFIG_PATH: /opt/hostedtoolcache/Python/3.12.11/x64/lib/pkgconfig
2025-08-19T03:58:53.7239534Z   Python_ROOT_DIR: /opt/hostedtoolcache/Python/3.12.11/x64
2025-08-19T03:58:53.7239881Z   Python2_ROOT_DIR: /opt/hostedtoolcache/Python/3.12.11/x64
2025-08-19T03:58:53.7240235Z   Python3_ROOT_DIR: /opt/hostedtoolcache/Python/3.12.11/x64
2025-08-19T03:58:53.7240580Z   LD_LIBRARY_PATH: /opt/hostedtoolcache/Python/3.12.11/x64/lib
2025-08-19T03:58:53.7240875Z ##[endgroup]
2025-08-19T03:58:53.8050862Z localhost:5432 - accepting connections
2025-08-19T03:58:53.8084222Z ##[group]Run alembic -c services/api/alembic.ini upgrade head
2025-08-19T03:58:53.8084682Z [36;1malembic -c services/api/alembic.ini upgrade head[0m
2025-08-19T03:58:53.8125273Z shell: /usr/bin/bash -e {0}
2025-08-19T03:58:53.8125507Z env:
2025-08-19T03:58:53.8125712Z   REDIS_URL: redis://localhost:6379/0
2025-08-19T03:58:53.8125982Z   RATE_LIMIT_DEFAULT: 100/minute
2025-08-19T03:58:53.8126210Z   TRUST_X_FORWARDED: 1
2025-08-19T03:58:53.8126403Z   PG_USER: postgres
2025-08-19T03:58:53.8126598Z   PG_PASSWORD: pass
2025-08-19T03:58:53.8126781Z   PG_DATABASE: awa
2025-08-19T03:58:53.8126968Z   PG_HOST: localhost
2025-08-19T03:58:53.8127156Z   PG_PORT: 5432
2025-08-19T03:58:53.8127579Z   PG_SYNC_DSN: ***localhost:5432/awa
2025-08-19T03:58:53.8127976Z   PG_ASYNC_DSN: ***localhost:5432/awa
2025-08-19T03:58:53.8128357Z   DATABASE_URL: ***localhost:5432/awa
2025-08-19T03:58:53.8128592Z   DATA_DIR: /tmp/awa-data
2025-08-19T03:58:53.8128795Z   ENABLE_LIVE: 0
2025-08-19T03:58:53.8128995Z   TESTING: 1
2025-08-19T03:58:53.8129234Z   pythonLocation: /opt/hostedtoolcache/Python/3.12.11/x64
2025-08-19T03:58:53.8129626Z   PKG_CONFIG_PATH: /opt/hostedtoolcache/Python/3.12.11/x64/lib/pkgconfig
2025-08-19T03:58:53.8130217Z   Python_ROOT_DIR: /opt/hostedtoolcache/Python/3.12.11/x64
2025-08-19T03:58:53.8130564Z   Python2_ROOT_DIR: /opt/hostedtoolcache/Python/3.12.11/x64
2025-08-19T03:58:53.8130916Z   Python3_ROOT_DIR: /opt/hostedtoolcache/Python/3.12.11/x64
2025-08-19T03:58:53.8131503Z   LD_LIBRARY_PATH: /opt/hostedtoolcache/Python/3.12.11/x64/lib
2025-08-19T03:58:53.8131824Z   POSTGRES_USER: postgres
2025-08-19T03:58:53.8132041Z   POSTGRES_PASSWORD: pass
2025-08-19T03:58:53.8132237Z   POSTGRES_DB: awa
2025-08-19T03:58:53.8132422Z ##[endgroup]
2025-08-19T03:58:54.7960717Z INFO  [alembic.runtime.migration] Context impl PostgresqlImpl.
2025-08-19T03:58:54.7961877Z INFO  [alembic.runtime.migration] Will assume transactional DDL.
2025-08-19T03:58:54.8133984Z INFO  [alembic.runtime.migration] Running upgrade  -> 0001_baseline
2025-08-19T03:58:54.8282977Z INFO  [alembic.runtime.migration] Running upgrade 0001_baseline -> 0002_create_roi_view
2025-08-19T03:58:54.8308430Z INFO  [alembic.runtime.migration] Running upgrade 0002_create_roi_view -> 3e9d5c5aff2c
2025-08-19T03:58:54.8480315Z INFO  [alembic.runtime.migration] Running upgrade 3e9d5c5aff2c -> 0003_vendor_prices
2025-08-19T03:58:54.8650768Z INFO  [alembic.runtime.migration] Running upgrade 0003_vendor_prices -> 0004_fee_cron
2025-08-19T03:58:54.8724083Z INFO  [alembic.runtime.migration] Running upgrade 0004_fee_cron -> 0006_fix_roi_views
2025-08-19T03:58:54.8755194Z INFO  [alembic.runtime.migration] Running upgrade 0006_fix_roi_views -> 0020_unified_schema
2025-08-19T03:58:54.8867453Z INFO  [alembic.runtime.migration] Running upgrade 0020_unified_schema -> 0022_fix_roi_view
2025-08-19T03:58:54.8935157Z INFO  [alembic.runtime.migration] Running upgrade 0022_fix_roi_view -> 0023_add_storage_fee
2025-08-19T03:58:54.8972881Z INFO  [alembic.runtime.migration] Running upgrade 0023_add_storage_fee -> 0024_create_buybox
2025-08-19T03:58:54.8996597Z INFO  [alembic.runtime.migration] Running upgrade 0024_create_buybox -> 0025_pr4_indexes_loadlog
2025-08-19T03:58:54.9202242Z INFO  [alembic.runtime.migration] Running upgrade 0025_pr4_indexes_loadlog -> 0026_amazon_new_reports
2025-08-19T03:58:55.0199243Z ##[group]Run pytest -q --cov=services
2025-08-19T03:58:55.0199566Z [36;1mpytest -q --cov=services[0m
2025-08-19T03:58:55.0240137Z shell: /usr/bin/bash -e {0}
2025-08-19T03:58:55.0240371Z env:
2025-08-19T03:58:55.0240577Z   REDIS_URL: redis://localhost:6379/0
2025-08-19T03:58:55.0240839Z   RATE_LIMIT_DEFAULT: 100/minute
2025-08-19T03:58:55.0241264Z   TRUST_X_FORWARDED: 1
2025-08-19T03:58:55.0241467Z   PG_USER: postgres
2025-08-19T03:58:55.0252353Z   PG_PASSWORD: pass
2025-08-19T03:58:55.0252587Z   PG_DATABASE: awa
2025-08-19T03:58:55.0252785Z   PG_HOST: localhost
2025-08-19T03:58:55.0252990Z   PG_PORT: 5432
2025-08-19T03:58:55.0253436Z   PG_SYNC_DSN: ***localhost:5432/awa
2025-08-19T03:58:55.0253856Z   PG_ASYNC_DSN: ***localhost:5432/awa
2025-08-19T03:58:55.0254298Z   DATABASE_URL: ***localhost:5432/awa
2025-08-19T03:58:55.0254572Z   DATA_DIR: /home/runner/work/_temp/awa-data
2025-08-19T03:58:55.0254850Z   ENABLE_LIVE: 0
2025-08-19T03:58:55.0255033Z   TESTING: 1
2025-08-19T03:58:55.0255312Z   pythonLocation: /opt/hostedtoolcache/Python/3.12.11/x64
2025-08-19T03:58:55.0255718Z   PKG_CONFIG_PATH: /opt/hostedtoolcache/Python/3.12.11/x64/lib/pkgconfig
2025-08-19T03:58:55.0256102Z   Python_ROOT_DIR: /opt/hostedtoolcache/Python/3.12.11/x64
2025-08-19T03:58:55.0256454Z   Python2_ROOT_DIR: /opt/hostedtoolcache/Python/3.12.11/x64
2025-08-19T03:58:55.0256807Z   Python3_ROOT_DIR: /opt/hostedtoolcache/Python/3.12.11/x64
2025-08-19T03:58:55.0257167Z   LD_LIBRARY_PATH: /opt/hostedtoolcache/Python/3.12.11/x64/lib
2025-08-19T03:58:55.0257473Z   POSTGRES_USER: postgres
2025-08-19T03:58:55.0257695Z   POSTGRES_PASSWORD: pass
2025-08-19T03:58:55.0257897Z   POSTGRES_DB: awa
2025-08-19T03:58:55.0258080Z   LLM_PROVIDER: lan
2025-08-19T03:58:55.0258295Z   LLM_BASE_URL: http://localhost:8000
2025-08-19T03:58:55.0258543Z ##[endgroup]
2025-08-19T03:59:24.1198346Z ........s.............................sssssss........................... [ 46%]
2025-08-19T03:59:56.1242336Z ........................................................................ [ 92%]
2025-08-19T03:59:57.3687159Z ...........                                                              [100%]
2025-08-19T03:59:57.3688087Z =============================== warnings summary ===============================
2025-08-19T03:59:57.3688886Z services/alert_bot/tests/test_smoke.py:5
2025-08-19T03:59:57.3692141Z   /home/runner/work/AWA-App/AWA-App/services/alert_bot/tests/test_smoke.py:5: UserWarning: pkg_resources is deprecated as an API. See https://setuptools.pypa.io/en/latest/pkg_resources.html. The pkg_resources package is slated for removal as early as 2025-11-30. Refrain from using this package or pin to Setuptools<81.
2025-08-19T03:59:57.3694178Z     import pkg_resources  # noqa: F401
2025-08-19T03:59:57.3694448Z 
2025-08-19T03:59:57.3694708Z tests/api/test_ingest_endpoints.py: 12 warnings
2025-08-19T03:59:57.3695223Z tests/ingest/test_tasks_eager.py: 3 warnings
2025-08-19T03:59:57.3695623Z tests/test_api_fast.py: 1 warning
2025-08-19T03:59:57.3695962Z tests/test_health.py: 5 warnings
2025-08-19T03:59:57.3696268Z tests/test_smoke.py: 5 warnings
2025-08-19T03:59:57.3696593Z services/api/tests/test_cors.py: 1 warning
2025-08-19T03:59:57.3696980Z services/api/tests/test_errors_json.py: 2 warnings
2025-08-19T03:59:57.3697374Z services/api/tests/test_health.py: 1 warning
2025-08-19T03:59:57.3697773Z services/api/tests/test_rate_limit.py: 122 warnings
2025-08-19T03:59:57.3698186Z services/api/tests/test_sentry_event.py: 1 warning
2025-08-19T03:59:57.3699955Z   /opt/hostedtoolcache/Python/3.12.11/x64/lib/python3.12/site-packages/asgi_correlation_id/extensions/sentry.py:27: DeprecationWarning: sentry_sdk.configure_scope is deprecated and will be removed in the next major version. Please consult our migration guide to learn how to migrate to the new API: https://docs.sentry.io/platforms/python/migration/1.x-to-2.x#scope-configuring
2025-08-19T03:59:57.3701690Z     with configure_scope() as scope:
2025-08-19T03:59:57.3701884Z 
2025-08-19T03:59:57.3702402Z tests/api/test_ingest_endpoints.py: 3 warnings
2025-08-19T03:59:57.3702783Z tests/test_api_fast.py: 1 warning
2025-08-19T03:59:57.3703093Z tests/test_health.py: 5 warnings
2025-08-19T03:59:57.3703395Z tests/test_smoke.py: 5 warnings
2025-08-19T03:59:57.3703723Z services/api/tests/test_cors.py: 3 warnings
2025-08-19T03:59:57.3704114Z services/api/tests/test_errors_json.py: 2 warnings
2025-08-19T03:59:57.3704509Z services/api/tests/test_health.py: 1 warning
2025-08-19T03:59:57.3704899Z services/api/tests/test_rate_limit.py: 2 warnings
2025-08-19T03:59:57.3705316Z services/api/tests/test_sentry_event.py: 1 warning
2025-08-19T03:59:57.3706303Z   /opt/hostedtoolcache/Python/3.12.11/x64/lib/python3.12/site-packages/fastapi_limiter/__init__.py:89: DeprecationWarning: Call to deprecated close. (Use aclose() instead) -- Deprecated since version 5.0.1.
2025-08-19T03:59:57.3707102Z     await cls.redis.close()
2025-08-19T03:59:57.3707485Z Sentry is attempting to send 0 pending events
2025-08-19T03:59:57.3707795Z Waiting up to True seconds
2025-08-19T03:59:57.3708019Z Press Ctrl-C to quit
2025-08-19T03:59:57.3708148Z 
2025-08-19T03:59:57.3708333Z tests/test_api_fast.py::test_health_endpoint
2025-08-19T03:59:57.3709430Z   /home/runner/work/AWA-App/AWA-App/tests/test_api_fast.py:13: DeprecationWarning: datetime.datetime.utcnow() is deprecated and scheduled for removal in a future version. Use timezone-aware objects to represent datetimes in UTC: datetime.datetime.now(datetime.UTC).
2025-08-19T03:59:57.3710408Z     return datetime.datetime.utcnow()
2025-08-19T03:59:57.3710587Z 
2025-08-19T03:59:57.3710712Z tests/test_api_fast.py: 1 warning
2025-08-19T03:59:57.3710988Z tests/test_health.py: 5 warnings
2025-08-19T03:59:57.3711471Z tests/test_smoke.py: 5 warnings
2025-08-19T03:59:57.3711766Z services/api/tests/test_cors.py: 1 warning
2025-08-19T03:59:57.3712091Z services/api/tests/test_health.py: 1 warning
2025-08-19T03:59:57.3712629Z services/api/tests/test_rate_limit.py: 102 warnings
2025-08-19T03:59:57.3713797Z   /home/runner/work/AWA-App/AWA-App/services/api/routes/health.py:24: DeprecationWarning: datetime.datetime.utcnow() is deprecated and scheduled for removal in a future version. Use timezone-aware objects to represent datetimes in UTC: datetime.datetime.now(datetime.UTC).
2025-08-19T03:59:57.3714911Z     app_now = datetime.utcnow().replace(tzinfo=timezone.utc)
2025-08-19T03:59:57.3715281Z 
2025-08-19T03:59:57.3715527Z tests/test_health.py::test_health[0]
2025-08-19T03:59:57.3715947Z tests/test_health.py::test_health[1]
2025-08-19T03:59:57.3716247Z tests/test_health.py::test_health[2]
2025-08-19T03:59:57.3716530Z tests/test_health.py::test_health[3]
2025-08-19T03:59:57.3716919Z tests/test_health.py::test_health[4]
2025-08-19T03:59:57.3717980Z   /home/runner/work/AWA-App/AWA-App/tests/test_health.py:22: DeprecationWarning: datetime.datetime.utcnow() is deprecated and scheduled for removal in a future version. Use timezone-aware objects to represent datetimes in UTC: datetime.datetime.now(datetime.UTC).
2025-08-19T03:59:57.3718958Z     return datetime.datetime.utcnow()
2025-08-19T03:59:57.3719129Z 
2025-08-19T03:59:57.3719264Z tests/test_smoke.py::test_health[0]
2025-08-19T03:59:57.3719543Z tests/test_smoke.py::test_health[1]
2025-08-19T03:59:57.3719816Z tests/test_smoke.py::test_health[2]
2025-08-19T03:59:57.3720085Z tests/test_smoke.py::test_health[3]
2025-08-19T03:59:57.3720354Z tests/test_smoke.py::test_health[4]
2025-08-19T03:59:57.3721567Z   /home/runner/work/AWA-App/AWA-App/tests/test_smoke.py:32: DeprecationWarning: datetime.datetime.utcnow() is deprecated and scheduled for removal in a future version. Use timezone-aware objects to represent datetimes in UTC: datetime.datetime.now(datetime.UTC).
2025-08-19T03:59:57.3722533Z     return datetime.datetime.utcnow()
2025-08-19T03:59:57.3722706Z 
2025-08-19T03:59:57.3722930Z services/api/tests/test_cors.py::test_cors_simple_get_allowed
2025-08-19T03:59:57.3724286Z   /home/runner/work/AWA-App/AWA-App/services/api/tests/test_cors.py:27: DeprecationWarning: datetime.datetime.utcnow() is deprecated and scheduled for removal in a future version. Use timezone-aware objects to represent datetimes in UTC: datetime.datetime.now(datetime.UTC).
2025-08-19T03:59:57.3725334Z     return datetime.datetime.utcnow()
2025-08-19T03:59:57.3725513Z 
2025-08-19T03:59:57.3725708Z services/api/tests/test_health.py::test_health_route
2025-08-19T03:59:57.3726882Z   /home/runner/work/AWA-App/AWA-App/services/api/tests/test_health.py:14: DeprecationWarning: datetime.datetime.utcnow() is deprecated and scheduled for removal in a future version. Use timezone-aware objects to represent datetimes in UTC: datetime.datetime.now(datetime.UTC).
2025-08-19T03:59:57.3728144Z     return datetime.datetime.utcnow()
2025-08-19T03:59:57.3728325Z 
2025-08-19T03:59:57.3728509Z services/api/tests/test_rate_limit.py: 102 warnings
2025-08-19T03:59:57.3729973Z   /home/runner/work/AWA-App/AWA-App/services/api/tests/test_rate_limit.py:33: DeprecationWarning: datetime.datetime.utcnow() is deprecated and scheduled for removal in a future version. Use timezone-aware objects to represent datetimes in UTC: datetime.datetime.now(datetime.UTC).
2025-08-19T03:59:57.3731010Z     return datetime.datetime.utcnow()
2025-08-19T03:59:57.3731396Z 
2025-08-19T03:59:57.3731727Z services/api/tests/test_sentry_event.py::test_unhandled_exception_is_captured_and_tagged
2025-08-19T03:59:57.3733210Z   /home/runner/work/AWA-App/AWA-App/services/api/tests/test_sentry_event.py:47: SentryHubDeprecationWarning: `sentry_sdk.Hub` is deprecated and will be removed in a future major release. Please consult our 1.x to 2.x migration guide for details on how to migrate `Hub` usage to the new API: https://docs.sentry.io/platforms/python/migration/1.x-to-2.x
2025-08-19T03:59:57.3734381Z     hub = sentry_sdk.Hub.current
2025-08-19T03:59:57.3734541Z 
2025-08-19T03:59:57.3734800Z -- Docs: https://docs.pytest.org/en/stable/how-to/capture-warnings.html
2025-08-19T03:59:57.3735430Z ================================ tests coverage ================================
2025-08-19T03:59:57.3735889Z _______________ coverage: platform linux, python 3.12.11-final-0 _______________
2025-08-19T03:59:57.3736146Z 
2025-08-19T03:59:57.3736290Z Coverage XML written to file coverage.xml
2025-08-19T03:59:57.3736675Z Required test coverage of 45% reached. Total coverage: 64.12%
2025-08-19T03:59:57.9143458Z ##[group]Run echo "::group::postgres container logs"
2025-08-19T03:59:57.9143838Z [36;1mecho "::group::postgres container logs"[0m
2025-08-19T03:59:57.9144306Z [36;1mdocker logs ce7386b6d5c0e951e6aa0174fdf0ddbc54ae223f43b73b31aa898fe0886311c9 --tail 200[0m
2025-08-19T03:59:57.9144760Z [36;1mecho "::endgroup::"[0m
2025-08-19T03:59:57.9186088Z shell: /usr/bin/bash -e {0}
2025-08-19T03:59:57.9186322Z env:
2025-08-19T03:59:57.9186524Z   REDIS_URL: redis://localhost:6379/0
2025-08-19T03:59:57.9186788Z   RATE_LIMIT_DEFAULT: 100/minute
2025-08-19T03:59:57.9187014Z   TRUST_X_FORWARDED: 1
2025-08-19T03:59:57.9187229Z   PG_USER: postgres
2025-08-19T03:59:57.9187423Z   PG_PASSWORD: pass
2025-08-19T03:59:57.9187604Z   PG_DATABASE: awa
2025-08-19T03:59:57.9187783Z   PG_HOST: localhost
2025-08-19T03:59:57.9187963Z   PG_PORT: 5432
2025-08-19T03:59:57.9188364Z   PG_SYNC_DSN: ***localhost:5432/awa
2025-08-19T03:59:57.9188772Z   PG_ASYNC_DSN: ***localhost:5432/awa
2025-08-19T03:59:57.9189196Z   DATABASE_URL: ***localhost:5432/awa
2025-08-19T03:59:57.9189433Z   DATA_DIR: /tmp/awa-data
2025-08-19T03:59:57.9189636Z   ENABLE_LIVE: 0
2025-08-19T03:59:57.9189811Z   TESTING: 1
2025-08-19T03:59:57.9190047Z   pythonLocation: /opt/hostedtoolcache/Python/3.12.11/x64
2025-08-19T03:59:57.9190445Z   PKG_CONFIG_PATH: /opt/hostedtoolcache/Python/3.12.11/x64/lib/pkgconfig
2025-08-19T03:59:57.9190824Z   Python_ROOT_DIR: /opt/hostedtoolcache/Python/3.12.11/x64
2025-08-19T03:59:57.9191371Z   Python2_ROOT_DIR: /opt/hostedtoolcache/Python/3.12.11/x64
2025-08-19T03:59:57.9191723Z   Python3_ROOT_DIR: /opt/hostedtoolcache/Python/3.12.11/x64
2025-08-19T03:59:57.9192076Z   LD_LIBRARY_PATH: /opt/hostedtoolcache/Python/3.12.11/x64/lib
2025-08-19T03:59:57.9192364Z ##[endgroup]
2025-08-19T03:59:57.9253886Z ##[group]postgres container logs
2025-08-19T03:59:57.9379244Z The files belonging to this database system will be owned by user "postgres".
2025-08-19T03:59:57.9380583Z initdb: warning: enabling "trust" authentication for local connections
2025-08-19T03:59:57.9382202Z initdb: hint: You can change this by editing pg_hba.conf or using the option -A, or --auth-local and --auth-host, the next time you run initdb.
2025-08-19T03:59:57.9384633Z This user must also own the server process.
2025-08-19T03:59:57.9384987Z 
2025-08-19T03:59:57.9385450Z The database cluster will be initialized with locale "en_US.utf8".
2025-08-19T03:59:57.9386251Z The default database encoding has accordingly been set to "UTF8".
2025-08-19T03:59:57.9386743Z The default text search configuration will be set to "english".
2025-08-19T03:59:57.9386987Z 
2025-08-19T03:59:57.9387146Z Data page checksums are disabled.
2025-08-19T03:59:57.9387320Z 
2025-08-19T03:59:57.9387588Z fixing permissions on existing directory /var/lib/postgresql/data ... ok
2025-08-19T03:59:57.9387998Z creating subdirectories ... ok
2025-08-19T03:59:57.9388359Z selecting dynamic shared memory implementation ... posix
2025-08-19T03:59:57.9388730Z selecting default max_connections ... 100
2025-08-19T03:59:57.9389055Z selecting default shared_buffers ... 128MB
2025-08-19T03:59:57.9389373Z selecting default time zone ... Etc/UTC
2025-08-19T03:59:57.9389679Z creating configuration files ... ok
2025-08-19T03:59:57.9389968Z running bootstrap script ... ok
2025-08-19T03:59:57.9390289Z performing post-bootstrap initialization ... ok
2025-08-19T03:59:57.9390590Z syncing data to disk ... ok
2025-08-19T03:59:57.9390728Z 
2025-08-19T03:59:57.9390735Z 
2025-08-19T03:59:57.9390925Z Success. You can now start the database server using:
2025-08-19T03:59:57.9391422Z 
2025-08-19T03:59:57.9391633Z     pg_ctl -D /var/lib/postgresql/data -l logfile start
2025-08-19T03:59:57.9392139Z 
2025-08-19T03:59:57.9392836Z waiting for server to start....2025-08-19 03:57:22.014 UTC [49] LOG:  starting PostgreSQL 15.14 (Debian 15.14-1.pgdg13+1) on x86_64-pc-linux-gnu, compiled by gcc (Debian 14.2.0-19) 14.2.0, 64-bit
2025-08-19T03:59:57.9394135Z 2025-08-19 03:57:22.015 UTC [49] LOG:  listening on Unix socket "/var/run/postgresql/.s.PGSQL.5432"
2025-08-19T03:59:57.9395246Z 2025-08-19 03:57:22.018 UTC [52] LOG:  database system was shut down at 2025-08-19 03:57:21 UTC
2025-08-19T03:59:57.9396125Z 2025-08-19 03:57:22.022 UTC [49] LOG:  database system is ready to accept connections
2025-08-19T03:59:57.9396460Z  done
2025-08-19T03:59:57.9396629Z server started
2025-08-19T03:59:57.9396849Z CREATE DATABASE
2025-08-19T03:59:57.9397045Z 
2025-08-19T03:59:57.9397056Z 
2025-08-19T03:59:57.9397577Z /usr/local/bin/docker-entrypoint.sh: ignoring /docker-entrypoint-initdb.d/*
2025-08-19T03:59:57.9398094Z 
2025-08-19T03:59:57.9398702Z waiting for server to shut down...2025-08-19 03:57:22.262 UTC [49] LOG:  received fast shutdown request
2025-08-19T03:59:57.9399356Z .2025-08-19 03:57:22.263 UTC [49] LOG:  aborting any active transactions
2025-08-19T03:59:57.9399984Z 2025-08-19 03:57:22.264 UTC [49] LOG:  background worker "logical replication launcher" (PID 55) exited with exit code 1
2025-08-19T03:59:57.9400511Z 2025-08-19 03:57:22.265 UTC [50] LOG:  shutting down
2025-08-19T03:59:57.9401367Z 2025-08-19 03:57:22.265 UTC [50] LOG:  checkpoint starting: shutdown immediate
2025-08-19T03:59:57.9402944Z 2025-08-19 03:57:22.289 UTC [50] LOG:  checkpoint complete: wrote 922 buffers (5.6%); 0 WAL file(s) added, 0 removed, 0 recycled; write=0.020 s, sync=0.002 s, total=0.025 s; sync files=301, longest=0.001 s, average=0.001 s; distance=4239 kB, estimate=4239 kB
2025-08-19T03:59:57.9403898Z 2025-08-19 03:57:22.297 UTC [49] LOG:  database system is shut down
2025-08-19T03:59:57.9404252Z  done
2025-08-19T03:59:57.9404449Z server stopped
2025-08-19T03:59:57.9404562Z 
2025-08-19T03:59:57.9404769Z PostgreSQL init process complete; ready for start up.
2025-08-19T03:59:57.9404980Z 
2025-08-19T03:59:57.9405560Z 2025-08-19 03:57:22.386 UTC [1] LOG:  starting PostgreSQL 15.14 (Debian 15.14-1.pgdg13+1) on x86_64-pc-linux-gnu, compiled by gcc (Debian 14.2.0-19) 14.2.0, 64-bit
2025-08-19T03:59:57.9406282Z 2025-08-19 03:57:22.386 UTC [1] LOG:  listening on IPv4 address "0.0.0.0", port 5432
2025-08-19T03:59:57.9406800Z 2025-08-19 03:57:22.386 UTC [1] LOG:  listening on IPv6 address "::", port 5432
2025-08-19T03:59:57.9407346Z 2025-08-19 03:57:22.388 UTC [1] LOG:  listening on Unix socket "/var/run/postgresql/.s.PGSQL.5432"
2025-08-19T03:59:57.9407924Z 2025-08-19 03:57:22.392 UTC [65] LOG:  database system was shut down at 2025-08-19 03:57:22 UTC
2025-08-19T03:59:57.9408440Z 2025-08-19 03:57:22.396 UTC [1] LOG:  database system is ready to accept connections
2025-08-19T03:59:57.9408973Z ##[endgroup]
2025-08-19T03:59:57.9448209Z Post job cleanup.
2025-08-19T03:59:58.1616459Z Post job cleanup.
2025-08-19T03:59:58.3115541Z [command]/usr/bin/tar --posix -cf cache.tzst --exclude cache.tzst -P -C /home/runner/work/AWA-App/AWA-App --files-from manifest.txt --use-compress-program zstdmt
2025-08-19T04:00:00.0149553Z Sent 0 of 332577890 (0.0%), 0.0 MBs/sec
2025-08-19T04:00:01.0150160Z Sent 265469026 of 332577890 (79.8%), 126.6 MBs/sec
2025-08-19T04:00:02.0162031Z Sent 265469026 of 332577890 (79.8%), 84.4 MBs/sec
2025-08-19T04:00:03.0173276Z Sent 265469026 of 332577890 (79.8%), 63.2 MBs/sec
2025-08-19T04:00:03.3820596Z Sent 332577890 of 332577890 (100.0%), 72.6 MBs/sec
2025-08-19T04:00:03.4959355Z Cache saved with key: Linux-test-10b816854adf51c811dd88ec253fa64916884aa292c96d13e57590204dd586f6
2025-08-19T04:00:03.5074434Z Post job cleanup.
2025-08-19T04:00:03.6927663Z [command]/usr/bin/tar --posix -cf cache.tzst --exclude cache.tzst -P -C /home/runner/work/AWA-App/AWA-App --files-from manifest.txt --use-compress-program zstdmt
2025-08-19T04:00:05.3664483Z Sent 67108864 of 332568468 (20.2%), 63.9 MBs/sec
2025-08-19T04:00:05.8643058Z Sent 332568468 of 332568468 (100.0%), 211.6 MBs/sec
2025-08-19T04:00:06.0109713Z Cache saved with the key: setup-python-Linux-x64-24.04-Ubuntu-python-3.12.11-pip-524237e5ef706ed147db5b46ba99213f0ea1ea3a3875cf489482bd610367dacd
2025-08-19T04:00:06.0248878Z Post job cleanup.
2025-08-19T04:00:06.1193132Z [command]/usr/bin/git version
2025-08-19T04:00:06.1236993Z git version 2.50.1
2025-08-19T04:00:06.1283144Z Temporarily overriding HOME='/home/runner/work/_temp/1ad4ae2a-bf40-49dc-b91d-ff6081d0b41e' before making global git config changes
2025-08-19T04:00:06.1284697Z Adding repository directory to the temporary git global config as a safe directory
2025-08-19T04:00:06.1290310Z [command]/usr/bin/git config --global --add safe.directory /home/runner/work/AWA-App/AWA-App
2025-08-19T04:00:06.1329652Z [command]/usr/bin/git config --local --name-only --get-regexp core\.sshCommand
2025-08-19T04:00:06.1364197Z [command]/usr/bin/git submodule foreach --recursive sh -c "git config --local --name-only --get-regexp 'core\.sshCommand' && git config --local --unset-all 'core.sshCommand' || :"
2025-08-19T04:00:06.1598582Z [command]/usr/bin/git config --local --name-only --get-regexp http\.https\:\/\/github\.com\/\.extraheader
2025-08-19T04:00:06.1622140Z http.https://github.com/.extraheader
2025-08-19T04:00:06.1635859Z [command]/usr/bin/git config --local --unset-all http.https://github.com/.extraheader
2025-08-19T04:00:06.1668586Z [command]/usr/bin/git submodule foreach --recursive sh -c "git config --local --name-only --get-regexp 'http\.https\:\/\/github\.com\/\.extraheader' && git config --local --unset-all 'http.https://github.com/.extraheader' || :"
2025-08-19T04:00:06.1984020Z Print service container logs: ba5d7877e360448da1d3692e0d8eeffe_postgres15_78b358
2025-08-19T04:00:06.1988671Z ##[command]/usr/bin/docker logs --details ce7386b6d5c0e951e6aa0174fdf0ddbc54ae223f43b73b31aa898fe0886311c9
2025-08-19T04:00:06.2111731Z  The files belonging to this database system will be owned by user "postgres".
2025-08-19T04:00:06.2114551Z  initdb: warning: enabling "trust" authentication for local connections
2025-08-19T04:00:06.2115251Z  initdb: hint: You can change this by editing pg_hba.conf or using the option -A, or --auth-local and --auth-host, the next time you run initdb.
2025-08-19T04:00:06.2115836Z  This user must also own the server process.
2025-08-19T04:00:06.2116100Z  
2025-08-19T04:00:06.2116385Z  The database cluster will be initialized with locale "en_US.utf8".
2025-08-19T04:00:06.2116827Z  The default database encoding has accordingly been set to "UTF8".
2025-08-19T04:00:06.2117252Z  The default text search configuration will be set to "english".
2025-08-19T04:00:06.2117600Z  
2025-08-19T04:00:06.2117796Z  Data page checksums are disabled.
2025-08-19T04:00:06.2118035Z  
2025-08-19T04:00:06.2118326Z  fixing permissions on existing directory /var/lib/postgresql/data ... ok
2025-08-19T04:00:06.2118705Z  creating subdirectories ... ok
2025-08-19T04:00:06.2119016Z  selecting dynamic shared memory implementation ... posix
2025-08-19T04:00:06.2119362Z  selecting default max_connections ... 100
2025-08-19T04:00:06.2119653Z  selecting default shared_buffers ... 128MB
2025-08-19T04:00:06.2119934Z  selecting default time zone ... Etc/UTC
2025-08-19T04:00:06.2120206Z  creating configuration files ... ok
2025-08-19T04:00:06.2120472Z  running bootstrap script ... ok
2025-08-19T04:00:06.2120759Z  performing post-bootstrap initialization ... ok
2025-08-19T04:00:06.2121257Z  syncing data to disk ... ok
2025-08-19T04:00:06.2121492Z  
2025-08-19T04:00:06.2121649Z  
2025-08-19T04:00:06.2121868Z  Success. You can now start the database server using:
2025-08-19T04:00:06.2122153Z  
2025-08-19T04:00:06.2122371Z      pg_ctl -D /var/lib/postgresql/data -l logfile start
2025-08-19T04:00:06.2122668Z  
2025-08-19T04:00:06.2123234Z  waiting for server to start....2025-08-19 03:57:22.014 UTC [49] LOG:  starting PostgreSQL 15.14 (Debian 15.14-1.pgdg13+1) on x86_64-pc-linux-gnu, compiled by gcc (Debian 14.2.0-19) 14.2.0, 64-bit
2025-08-19T04:00:06.2124631Z  2025-08-19 03:57:22.015 UTC [49] LOG:  listening on Unix socket "/var/run/postgresql/.s.PGSQL.5432"
2025-08-19T04:00:06.2125827Z  2025-08-19 03:57:22.018 UTC [52] LOG:  database system was shut down at 2025-08-19 03:57:21 UTC
2025-08-19T04:00:06.2126545Z  2025-08-19 03:57:22.022 UTC [49] LOG:  database system is ready to accept connections
2025-08-19T04:00:06.2126902Z   done
2025-08-19T04:00:06.2127078Z  server started
2025-08-19T04:00:06.2127275Z  CREATE DATABASE
2025-08-19T04:00:06.2127459Z  
2025-08-19T04:00:06.2127616Z  
2025-08-19T04:00:06.2127929Z  /usr/local/bin/docker-entrypoint.sh: ignoring /docker-entrypoint-initdb.d/*
2025-08-19T04:00:06.2128318Z  
2025-08-19T04:00:06.2128651Z  waiting for server to shut down...2025-08-19 03:57:22.262 UTC [49] LOG:  received fast shutdown request
2025-08-19T04:00:06.2129134Z  .2025-08-19 03:57:22.263 UTC [49] LOG:  aborting any active transactions
2025-08-19T04:00:06.2129644Z  2025-08-19 03:57:22.264 UTC [49] LOG:  background worker "logical replication launcher" (PID 55) exited with exit code 1
2025-08-19T04:00:06.2130144Z  2025-08-19 03:57:22.265 UTC [50] LOG:  shutting down
2025-08-19T04:00:06.2130510Z  2025-08-19 03:57:22.265 UTC [50] LOG:  checkpoint starting: shutdown immediate
2025-08-19T04:00:06.2131580Z  2025-08-19 03:57:22.289 UTC [50] LOG:  checkpoint complete: wrote 922 buffers (5.6%); 0 WAL file(s) added, 0 removed, 0 recycled; write=0.020 s, sync=0.002 s, total=0.025 s; sync files=301, longest=0.001 s, average=0.001 s; distance=4239 kB, estimate=4239 kB
2025-08-19T04:00:06.2132396Z  2025-08-19 03:57:22.297 UTC [49] LOG:  database system is shut down
2025-08-19T04:00:06.2132903Z   done
2025-08-19T04:00:06.2133092Z  server stopped
2025-08-19T04:00:06.2133284Z  
2025-08-19T04:00:06.2133511Z  PostgreSQL init process complete; ready for start up.
2025-08-19T04:00:06.2133804Z  
2025-08-19T04:00:06.2134281Z  2025-08-19 03:57:22.386 UTC [1] LOG:  starting PostgreSQL 15.14 (Debian 15.14-1.pgdg13+1) on x86_64-pc-linux-gnu, compiled by gcc (Debian 14.2.0-19) 14.2.0, 64-bit
2025-08-19T04:00:06.2134908Z  2025-08-19 03:57:22.386 UTC [1] LOG:  listening on IPv4 address "0.0.0.0", port 5432
2025-08-19T04:00:06.2135336Z  2025-08-19 03:57:22.386 UTC [1] LOG:  listening on IPv6 address "::", port 5432
2025-08-19T04:00:06.2135801Z  2025-08-19 03:57:22.388 UTC [1] LOG:  listening on Unix socket "/var/run/postgresql/.s.PGSQL.5432"
2025-08-19T04:00:06.2136300Z  2025-08-19 03:57:22.392 UTC [65] LOG:  database system was shut down at 2025-08-19 03:57:22 UTC
2025-08-19T04:00:06.2136752Z  2025-08-19 03:57:22.396 UTC [1] LOG:  database system is ready to accept connections
2025-08-19T04:00:06.2142364Z Stop and remove container: ba5d7877e360448da1d3692e0d8eeffe_postgres15_78b358
2025-08-19T04:00:06.2147504Z ##[command]/usr/bin/docker rm --force ce7386b6d5c0e951e6aa0174fdf0ddbc54ae223f43b73b31aa898fe0886311c9
2025-08-19T04:00:06.3494102Z ce7386b6d5c0e951e6aa0174fdf0ddbc54ae223f43b73b31aa898fe0886311c9
2025-08-19T04:00:06.3514662Z Print service container logs: 61e435dd8f5b47ee820412fcfee2fa5b_redis7alpine_7cf65b
2025-08-19T04:00:06.3515941Z ##[command]/usr/bin/docker logs --details e83f492729b17cc2fe71687db0e6e9706bf136274a40175cfb0167c115fc7b1a
2025-08-19T04:00:06.3633834Z  1:C 19 Aug 2025 03:57:22.791 # WARNING Memory overcommit must be enabled! Without it, a background save or replication may fail under low memory condition. Being disabled, it can also cause failures without low memory condition, see https://github.com/jemalloc/jemalloc/issues/1328. To fix this issue add 'vm.overcommit_memory = 1' to /etc/sysctl.conf and then reboot or run the command 'sysctl vm.overcommit_memory=1' for this to take effect.
2025-08-19T04:00:06.3636570Z  1:C 19 Aug 2025 03:57:22.791 * oO0OoO0OoO0Oo Redis is starting oO0OoO0OoO0Oo
2025-08-19T04:00:06.3637416Z  1:C 19 Aug 2025 03:57:22.791 * Redis version=7.4.5, bits=64, commit=00000000, modified=0, pid=1, just started
2025-08-19T04:00:06.3638629Z  1:C 19 Aug 2025 03:57:22.791 # Warning: no config file specified, using the default config. In order to specify a config file use redis-server /path/to/redis.conf
2025-08-19T04:00:06.3639995Z  1:M 19 Aug 2025 03:57:22.791 * monotonic clock: POSIX clock_gettime
2025-08-19T04:00:06.3640615Z  1:M 19 Aug 2025 03:57:22.792 * Running mode=standalone, port=6379.
2025-08-19T04:00:06.3641456Z  1:M 19 Aug 2025 03:57:22.792 * Server initialized
2025-08-19T04:00:06.3642001Z  1:M 19 Aug 2025 03:57:22.792 * Ready to accept connections tcp
2025-08-19T04:00:06.3647826Z Stop and remove container: 61e435dd8f5b47ee820412fcfee2fa5b_redis7alpine_7cf65b
2025-08-19T04:00:06.3648600Z ##[command]/usr/bin/docker rm --force e83f492729b17cc2fe71687db0e6e9706bf136274a40175cfb0167c115fc7b1a
2025-08-19T04:00:06.4856409Z e83f492729b17cc2fe71687db0e6e9706bf136274a40175cfb0167c115fc7b1a
2025-08-19T04:00:06.4879078Z Remove container network: github_network_08bbe9f4f0c34426a6ea6f85535ae7fb
2025-08-19T04:00:06.4884343Z ##[command]/usr/bin/docker network rm github_network_08bbe9f4f0c34426a6ea6f85535ae7fb
2025-08-19T04:00:06.6128263Z github_network_08bbe9f4f0c34426a6ea6f85535ae7fb
2025-08-19T04:00:06.6186923Z Cleaning up orphan processes
