2025-08-21T14:27:27.4973127Z Current runner version: '2.328.0'
2025-08-21T14:27:27.5005103Z ##[group]Runner Image Provisioner
2025-08-21T14:27:27.5006287Z Hosted Compute Agent
2025-08-21T14:27:27.5007295Z Version: 20250818.377
2025-08-21T14:27:27.5008381Z Commit: 3c593e9f75fe0b87e893bca80d6e12ba089c61fc
2025-08-21T14:27:27.5009441Z Build Date: 2025-08-18T14:52:18Z
2025-08-21T14:27:27.5010509Z ##[endgroup]
2025-08-21T14:27:27.5011526Z ##[group]Operating System
2025-08-21T14:27:27.5012395Z Ubuntu
2025-08-21T14:27:27.5013289Z 24.04.2
2025-08-21T14:27:27.5013953Z LTS
2025-08-21T14:27:27.5014651Z ##[endgroup]
2025-08-21T14:27:27.5015515Z ##[group]Runner Image
2025-08-21T14:27:27.5016465Z Image: ubuntu-24.04
2025-08-21T14:27:27.5017380Z Version: 20250818.1.0
2025-08-21T14:27:27.5019553Z Included Software: https://github.com/actions/runner-images/blob/ubuntu24/20250818.1/images/ubuntu/Ubuntu2404-Readme.md
2025-08-21T14:27:27.5022340Z Image Release: https://github.com/actions/runner-images/releases/tag/ubuntu24%2F20250818.1
2025-08-21T14:27:27.5024157Z ##[endgroup]
2025-08-21T14:27:27.5028581Z ##[group]GITHUB_TOKEN Permissions
2025-08-21T14:27:27.5032140Z Actions: write
2025-08-21T14:27:27.5033102Z Attestations: write
2025-08-21T14:27:27.5034040Z Checks: write
2025-08-21T14:27:27.5035013Z Contents: write
2025-08-21T14:27:27.5035820Z Deployments: write
2025-08-21T14:27:27.5036669Z Discussions: write
2025-08-21T14:27:27.5037614Z Issues: write
2025-08-21T14:27:27.5038760Z Metadata: read
2025-08-21T14:27:27.5039576Z Models: read
2025-08-21T14:27:27.5040506Z Packages: write
2025-08-21T14:27:27.5041457Z Pages: write
2025-08-21T14:27:27.5042204Z PullRequests: write
2025-08-21T14:27:27.5043155Z RepositoryProjects: write
2025-08-21T14:27:27.5043979Z SecurityEvents: write
2025-08-21T14:27:27.5044878Z Statuses: write
2025-08-21T14:27:27.5045624Z ##[endgroup]
2025-08-21T14:27:27.5048423Z Secret source: Actions
2025-08-21T14:27:27.5049493Z Prepare workflow directory
2025-08-21T14:27:27.5653253Z Prepare all required actions
2025-08-21T14:27:27.5707029Z Getting action download info
2025-08-21T14:27:27.8889006Z Download action repository 'actions/checkout@v5' (SHA:08c6903cd8c0fde910a37f88322edcfb5dd907a8)
2025-08-21T14:27:27.9545185Z Download action repository 'actions/setup-python@v5' (SHA:a26af69be951a213d495a4c3e4e4022e16d87065)
2025-08-21T14:27:28.0338683Z Download action repository 'actions/cache@v4' (SHA:0400d5f644dc74513175e3cd8d07132dd4860809)
2025-08-21T14:27:28.1278262Z Download action repository 'actions/setup-node@v4' (SHA:49933ea5288caeca8642d1e84afbd3f7d6820020)
2025-08-21T14:27:28.2181023Z Download action repository 'codecov/codecov-action@v5' (SHA:fdcc8476540edceab3de004e990f80d881c6cc00)
2025-08-21T14:27:28.6071435Z Getting action download info
2025-08-21T14:27:28.7421780Z Download action repository 'actions/github-script@60a0d83039c74a4aee543508d2ffcb1c3799cdea' (SHA:60a0d83039c74a4aee543508d2ffcb1c3799cdea)
2025-08-21T14:27:29.1343036Z Complete job name: test
2025-08-21T14:27:29.1977530Z ##[group]Checking docker version
2025-08-21T14:27:29.1990077Z ##[command]/usr/bin/docker version --format '{{.Server.APIVersion}}'
2025-08-21T14:27:29.2344936Z '1.48'
2025-08-21T14:27:29.2359361Z Docker daemon API version: '1.48'
2025-08-21T14:27:29.2360650Z ##[command]/usr/bin/docker version --format '{{.Client.APIVersion}}'
2025-08-21T14:27:29.2506908Z '1.48'
2025-08-21T14:27:29.2520967Z Docker client API version: '1.48'
2025-08-21T14:27:29.2526466Z ##[endgroup]
2025-08-21T14:27:29.2529994Z ##[group]Clean up resources from previous jobs
2025-08-21T14:27:29.2535817Z ##[command]/usr/bin/docker ps --all --quiet --no-trunc --filter "label=48de2a"
2025-08-21T14:27:29.2668405Z ##[command]/usr/bin/docker network prune --force --filter "label=48de2a"
2025-08-21T14:27:29.2800553Z ##[endgroup]
2025-08-21T14:27:29.2801597Z ##[group]Create local container network
2025-08-21T14:27:29.2813487Z ##[command]/usr/bin/docker network create --label 48de2a github_network_bfa8e8d9136f4c959eb5a6dacff49f77
2025-08-21T14:27:29.4394045Z 455d80260013c147a7983d7aad5e6e97639ff1cc017a3c8457b0065be0ad9acc
2025-08-21T14:27:29.4415542Z ##[endgroup]
2025-08-21T14:27:29.4440416Z ##[group]Starting postgres service container
2025-08-21T14:27:29.4460061Z ##[command]/usr/bin/docker pull postgres:15
2025-08-21T14:27:29.8619400Z 15: Pulling from library/postgres
2025-08-21T14:27:29.9641090Z 396b1da7636e: Pulling fs layer
2025-08-21T14:27:29.9642828Z fca2566eba32: Pulling fs layer
2025-08-21T14:27:29.9644567Z 631fe8c6d606: Pulling fs layer
2025-08-21T14:27:29.9646331Z 77c7671c4414: Pulling fs layer
2025-08-21T14:27:29.9647584Z 2d9e29180a27: Pulling fs layer
2025-08-21T14:27:29.9648997Z c6bcc2c9a041: Pulling fs layer
2025-08-21T14:27:29.9650159Z ac4b721eb66f: Pulling fs layer
2025-08-21T14:27:29.9651286Z 606bd164980e: Pulling fs layer
2025-08-21T14:27:29.9652428Z f5dfd246bc6e: Pulling fs layer
2025-08-21T14:27:29.9653564Z ba7036bb0a60: Pulling fs layer
2025-08-21T14:27:29.9654686Z 799f859abbbd: Pulling fs layer
2025-08-21T14:27:29.9655833Z d903e777080c: Pulling fs layer
2025-08-21T14:27:29.9656945Z 04adcb462801: Pulling fs layer
2025-08-21T14:27:29.9658206Z 5c10925b29ff: Pulling fs layer
2025-08-21T14:27:29.9659356Z 2d9e29180a27: Waiting
2025-08-21T14:27:29.9660425Z c6bcc2c9a041: Waiting
2025-08-21T14:27:29.9661467Z ac4b721eb66f: Waiting
2025-08-21T14:27:29.9662469Z 77c7671c4414: Waiting
2025-08-21T14:27:29.9663462Z 606bd164980e: Waiting
2025-08-21T14:27:29.9664454Z 04adcb462801: Waiting
2025-08-21T14:27:29.9665451Z 5c10925b29ff: Waiting
2025-08-21T14:27:29.9666439Z f5dfd246bc6e: Waiting
2025-08-21T14:27:29.9667432Z ba7036bb0a60: Waiting
2025-08-21T14:27:29.9668597Z 799f859abbbd: Waiting
2025-08-21T14:27:29.9669592Z d903e777080c: Waiting
2025-08-21T14:27:30.0843559Z fca2566eba32: Download complete
2025-08-21T14:27:30.2157448Z 631fe8c6d606: Verifying Checksum
2025-08-21T14:27:30.3733708Z 77c7671c4414: Verifying Checksum
2025-08-21T14:27:30.3735433Z 77c7671c4414: Download complete
2025-08-21T14:27:30.4044346Z 2d9e29180a27: Verifying Checksum
2025-08-21T14:27:30.4045814Z 2d9e29180a27: Download complete
2025-08-21T14:27:30.6625604Z ac4b721eb66f: Verifying Checksum
2025-08-21T14:27:30.6627208Z ac4b721eb66f: Download complete
2025-08-21T14:27:30.7656488Z 396b1da7636e: Download complete
2025-08-21T14:27:30.7718983Z c6bcc2c9a041: Verifying Checksum
2025-08-21T14:27:30.7719674Z c6bcc2c9a041: Download complete
2025-08-21T14:27:30.8004450Z 606bd164980e: Download complete
2025-08-21T14:27:30.9153056Z 799f859abbbd: Verifying Checksum
2025-08-21T14:27:30.9154288Z 799f859abbbd: Download complete
2025-08-21T14:27:30.9209539Z ba7036bb0a60: Verifying Checksum
2025-08-21T14:27:30.9211534Z ba7036bb0a60: Download complete
2025-08-21T14:27:31.0363436Z d903e777080c: Download complete
2025-08-21T14:27:31.0826643Z 04adcb462801: Verifying Checksum
2025-08-21T14:27:31.0827320Z 04adcb462801: Download complete
2025-08-21T14:27:31.1768815Z 5c10925b29ff: Verifying Checksum
2025-08-21T14:27:31.1772400Z 5c10925b29ff: Download complete
2025-08-21T14:27:31.3480344Z f5dfd246bc6e: Verifying Checksum
2025-08-21T14:27:31.8223849Z 396b1da7636e: Pull complete
2025-08-21T14:27:33.4972979Z fca2566eba32: Pull complete
2025-08-21T14:27:33.6614359Z 631fe8c6d606: Pull complete
2025-08-21T14:27:33.7018632Z 77c7671c4414: Pull complete
2025-08-21T14:27:33.9801116Z 2d9e29180a27: Pull complete
2025-08-21T14:27:34.0618223Z c6bcc2c9a041: Pull complete
2025-08-21T14:27:34.0705403Z ac4b721eb66f: Pull complete
2025-08-21T14:27:34.0825681Z 606bd164980e: Pull complete
2025-08-21T14:27:36.8973412Z f5dfd246bc6e: Pull complete
2025-08-21T14:27:36.9120242Z ba7036bb0a60: Pull complete
2025-08-21T14:27:36.9236547Z 799f859abbbd: Pull complete
2025-08-21T14:27:36.9331372Z d903e777080c: Pull complete
2025-08-21T14:27:36.9427501Z 04adcb462801: Pull complete
2025-08-21T14:27:36.9521814Z 5c10925b29ff: Pull complete
2025-08-21T14:27:36.9563892Z Digest: sha256:bc51cf4f1fe02cce7ed2370b20128a9b00b4eb804573a77d2a0d877aaa9c82b1
2025-08-21T14:27:36.9576979Z Status: Downloaded newer image for postgres:15
2025-08-21T14:27:36.9586432Z docker.io/library/postgres:15
2025-08-21T14:27:36.9652119Z ##[command]/usr/bin/docker create --name 98ac6b9a9b154d7a9d1807d4541a078d_postgres15_44277a --label 48de2a --network github_network_bfa8e8d9136f4c959eb5a6dacff49f77 --network-alias postgres -p 5432:5432 --health-cmd="pg_isready -U postgres -d awa" --health-interval=5s --health-timeout=5s --health-retries=10 -e "POSTGRES_USER=postgres" -e "POSTGRES_PASSWORD=pass" -e "POSTGRES_DB=awa" -e GITHUB_ACTIONS=true -e CI=true postgres:15
2025-08-21T14:27:36.9899247Z 507bd833cb8f3ff2fa3b1d834006c22a555aef1403a6353a4b1f4bcc04325362
2025-08-21T14:27:36.9921892Z ##[command]/usr/bin/docker start 507bd833cb8f3ff2fa3b1d834006c22a555aef1403a6353a4b1f4bcc04325362
2025-08-21T14:27:37.2869433Z 507bd833cb8f3ff2fa3b1d834006c22a555aef1403a6353a4b1f4bcc04325362
2025-08-21T14:27:37.2894400Z ##[command]/usr/bin/docker ps --all --filter id=507bd833cb8f3ff2fa3b1d834006c22a555aef1403a6353a4b1f4bcc04325362 --filter status=running --no-trunc --format "{{.ID}} {{.Status}}"
2025-08-21T14:27:37.3015807Z 507bd833cb8f3ff2fa3b1d834006c22a555aef1403a6353a4b1f4bcc04325362 Up Less than a second (health: starting)
2025-08-21T14:27:37.3041307Z ##[command]/usr/bin/docker port 507bd833cb8f3ff2fa3b1d834006c22a555aef1403a6353a4b1f4bcc04325362
2025-08-21T14:27:37.3159980Z 5432/tcp -> 0.0.0.0:5432
2025-08-21T14:27:37.3160510Z 5432/tcp -> [::]:5432
2025-08-21T14:27:37.3204276Z ##[endgroup]
2025-08-21T14:27:37.3205123Z ##[group]Starting redis service container
2025-08-21T14:27:37.3206400Z ##[command]/usr/bin/docker pull redis:7-alpine
2025-08-21T14:27:37.7024017Z 7-alpine: Pulling from library/redis
2025-08-21T14:27:37.8088066Z 0368fd46e3c6: Pulling fs layer
2025-08-21T14:27:37.8088791Z 4c55286bbede: Pulling fs layer
2025-08-21T14:27:37.8089149Z 5e28347af205: Pulling fs layer
2025-08-21T14:27:37.8089486Z 311eca34042e: Pulling fs layer
2025-08-21T14:27:37.8089830Z e6fe6f07e192: Pulling fs layer
2025-08-21T14:27:37.8090209Z a2cadbfeca72: Pulling fs layer
2025-08-21T14:27:37.8090646Z 4f4fb700ef54: Pulling fs layer
2025-08-21T14:27:37.8091010Z a976ed7e7808: Pulling fs layer
2025-08-21T14:27:37.8091362Z e6fe6f07e192: Waiting
2025-08-21T14:27:37.8091674Z a2cadbfeca72: Waiting
2025-08-21T14:27:37.8091965Z 4f4fb700ef54: Waiting
2025-08-21T14:27:37.8092261Z a976ed7e7808: Waiting
2025-08-21T14:27:37.8092548Z 311eca34042e: Waiting
2025-08-21T14:27:37.9179045Z 5e28347af205: Verifying Checksum
2025-08-21T14:27:37.9179507Z 5e28347af205: Download complete
2025-08-21T14:27:37.9266441Z 4c55286bbede: Verifying Checksum
2025-08-21T14:27:37.9267007Z 4c55286bbede: Download complete
2025-08-21T14:27:38.0060243Z 0368fd46e3c6: Verifying Checksum
2025-08-21T14:27:38.0060833Z 0368fd46e3c6: Download complete
2025-08-21T14:27:38.1254111Z a2cadbfeca72: Verifying Checksum
2025-08-21T14:27:38.1254625Z a2cadbfeca72: Download complete
2025-08-21T14:27:38.1365865Z 0368fd46e3c6: Pull complete
2025-08-21T14:27:38.1483405Z 311eca34042e: Verifying Checksum
2025-08-21T14:27:38.1489744Z 311eca34042e: Download complete
2025-08-21T14:27:38.1645414Z 4c55286bbede: Pull complete
2025-08-21T14:27:38.2332972Z 4f4fb700ef54: Verifying Checksum
2025-08-21T14:27:38.2333634Z 4f4fb700ef54: Download complete
2025-08-21T14:27:38.2492289Z e6fe6f07e192: Verifying Checksum
2025-08-21T14:27:38.2492724Z e6fe6f07e192: Download complete
2025-08-21T14:27:38.2559190Z a976ed7e7808: Verifying Checksum
2025-08-21T14:27:38.2562154Z a976ed7e7808: Download complete
2025-08-21T14:27:38.3047234Z 5e28347af205: Pull complete
2025-08-21T14:27:38.3284731Z 311eca34042e: Pull complete
2025-08-21T14:27:38.5028734Z e6fe6f07e192: Pull complete
2025-08-21T14:27:38.5137290Z a2cadbfeca72: Pull complete
2025-08-21T14:27:38.5211991Z 4f4fb700ef54: Pull complete
2025-08-21T14:27:38.5312672Z a976ed7e7808: Pull complete
2025-08-21T14:27:38.5343914Z Digest: sha256:bb186d083732f669da90be8b0f975a37812b15e913465bb14d845db72a4e3e08
2025-08-21T14:27:38.5353087Z Status: Downloaded newer image for redis:7-alpine
2025-08-21T14:27:38.5359973Z docker.io/library/redis:7-alpine
2025-08-21T14:27:38.5376090Z ##[command]/usr/bin/docker create --name 415bdc5d947443948c95ddc5ff69567a_redis7alpine_402cce --label 48de2a --network github_network_bfa8e8d9136f4c959eb5a6dacff49f77 --network-alias redis -p 6379:6379  -e GITHUB_ACTIONS=true -e CI=true redis:7-alpine
2025-08-21T14:27:38.5585878Z d57cff2ee4fca06d79142d06ba0e212f11df9aecd58efcbcae7e72f497c06129
2025-08-21T14:27:38.5599395Z ##[command]/usr/bin/docker start d57cff2ee4fca06d79142d06ba0e212f11df9aecd58efcbcae7e72f497c06129
2025-08-21T14:27:38.6887875Z d57cff2ee4fca06d79142d06ba0e212f11df9aecd58efcbcae7e72f497c06129
2025-08-21T14:27:38.6904148Z ##[command]/usr/bin/docker ps --all --filter id=d57cff2ee4fca06d79142d06ba0e212f11df9aecd58efcbcae7e72f497c06129 --filter status=running --no-trunc --format "{{.ID}} {{.Status}}"
2025-08-21T14:27:38.7022140Z d57cff2ee4fca06d79142d06ba0e212f11df9aecd58efcbcae7e72f497c06129 Up Less than a second
2025-08-21T14:27:38.7036220Z ##[command]/usr/bin/docker port d57cff2ee4fca06d79142d06ba0e212f11df9aecd58efcbcae7e72f497c06129
2025-08-21T14:27:38.7143167Z 6379/tcp -> 0.0.0.0:6379
2025-08-21T14:27:38.7143559Z 6379/tcp -> [::]:6379
2025-08-21T14:27:38.7155851Z ##[endgroup]
2025-08-21T14:27:38.7165573Z ##[group]Waiting for all services to be ready
2025-08-21T14:27:38.7179153Z ##[command]/usr/bin/docker inspect --format="{{if .Config.Healthcheck}}{{print .State.Health.Status}}{{end}}" 507bd833cb8f3ff2fa3b1d834006c22a555aef1403a6353a4b1f4bcc04325362
2025-08-21T14:27:38.7284519Z starting
2025-08-21T14:27:38.7304269Z postgres service is starting, waiting 2 seconds before checking again.
2025-08-21T14:27:40.7303299Z ##[command]/usr/bin/docker inspect --format="{{if .Config.Healthcheck}}{{print .State.Health.Status}}{{end}}" 507bd833cb8f3ff2fa3b1d834006c22a555aef1403a6353a4b1f4bcc04325362
2025-08-21T14:27:40.7418245Z starting
2025-08-21T14:27:40.7431234Z postgres service is starting, waiting 4 seconds before checking again.
2025-08-21T14:27:45.0177520Z ##[command]/usr/bin/docker inspect --format="{{if .Config.Healthcheck}}{{print .State.Health.Status}}{{end}}" 507bd833cb8f3ff2fa3b1d834006c22a555aef1403a6353a4b1f4bcc04325362
2025-08-21T14:27:45.0309712Z healthy
2025-08-21T14:27:45.0325888Z postgres service is healthy.
2025-08-21T14:27:45.0326653Z ##[command]/usr/bin/docker inspect --format="{{if .Config.Healthcheck}}{{print .State.Health.Status}}{{end}}" d57cff2ee4fca06d79142d06ba0e212f11df9aecd58efcbcae7e72f497c06129
2025-08-21T14:27:45.0446855Z redis service is healthy.
2025-08-21T14:27:45.0447168Z ##[endgroup]
2025-08-21T14:27:45.0692957Z ##[group]Run actions/checkout@v5
2025-08-21T14:27:45.0693465Z with:
2025-08-21T14:27:45.0693652Z   fetch-depth: 0
2025-08-21T14:27:45.0693858Z   repository: AlexBomber12/AWA-App
2025-08-21T14:27:45.0694231Z   token: ***
2025-08-21T14:27:45.0694415Z   ssh-strict: true
2025-08-21T14:27:45.0694586Z   ssh-user: git
2025-08-21T14:27:45.0694774Z   persist-credentials: true
2025-08-21T14:27:45.0694976Z   clean: true
2025-08-21T14:27:45.0695161Z   sparse-checkout-cone-mode: true
2025-08-21T14:27:45.0695381Z   fetch-tags: false
2025-08-21T14:27:45.0695567Z   show-progress: true
2025-08-21T14:27:45.0695767Z   lfs: false
2025-08-21T14:27:45.0695924Z   submodules: false
2025-08-21T14:27:45.0696109Z   set-safe-directory: true
2025-08-21T14:27:45.0696477Z env:
2025-08-21T14:27:45.0696696Z   REDIS_URL: redis://localhost:6379/0
2025-08-21T14:27:45.0696946Z   RATE_LIMIT_DEFAULT: 100/minute
2025-08-21T14:27:45.0697162Z   TRUST_X_FORWARDED: 1
2025-08-21T14:27:45.0697342Z ##[endgroup]
2025-08-21T14:27:45.1580327Z Syncing repository: AlexBomber12/AWA-App
2025-08-21T14:27:45.1581539Z ##[group]Getting Git version info
2025-08-21T14:27:45.1582023Z Working directory is '/home/runner/work/AWA-App/AWA-App'
2025-08-21T14:27:45.1582535Z [command]/usr/bin/git version
2025-08-21T14:27:45.1605707Z git version 2.51.0
2025-08-21T14:27:45.1625909Z ##[endgroup]
2025-08-21T14:27:45.1639151Z Temporarily overriding HOME='/home/runner/work/_temp/e1f6291c-9e63-4ad2-a1f0-0a3ad95347ce' before making global git config changes
2025-08-21T14:27:45.1640328Z Adding repository directory to the temporary git global config as a safe directory
2025-08-21T14:27:45.1643759Z [command]/usr/bin/git config --global --add safe.directory /home/runner/work/AWA-App/AWA-App
2025-08-21T14:27:45.1676491Z Deleting the contents of '/home/runner/work/AWA-App/AWA-App'
2025-08-21T14:27:45.1680149Z ##[group]Initializing the repository
2025-08-21T14:27:45.1684175Z [command]/usr/bin/git init /home/runner/work/AWA-App/AWA-App
2025-08-21T14:27:45.1739472Z hint: Using 'master' as the name for the initial branch. This default branch name
2025-08-21T14:27:45.1740556Z hint: is subject to change. To configure the initial branch name to use in all
2025-08-21T14:27:45.1741382Z hint: of your new repositories, which will suppress this warning, call:
2025-08-21T14:27:45.1741957Z hint:
2025-08-21T14:27:45.1742364Z hint: 	git config --global init.defaultBranch <name>
2025-08-21T14:27:45.1742823Z hint:
2025-08-21T14:27:45.1743273Z hint: Names commonly chosen instead of 'master' are 'main', 'trunk' and
2025-08-21T14:27:45.1744048Z hint: 'development'. The just-created branch can be renamed via this command:
2025-08-21T14:27:45.1744452Z hint:
2025-08-21T14:27:45.1744641Z hint: 	git branch -m <name>
2025-08-21T14:27:45.1744849Z hint:
2025-08-21T14:27:45.1745142Z hint: Disable this message with "git config set advice.defaultBranchName false"
2025-08-21T14:27:45.1745623Z Initialized empty Git repository in /home/runner/work/AWA-App/AWA-App/.git/
2025-08-21T14:27:45.1753530Z [command]/usr/bin/git remote add origin https://github.com/AlexBomber12/AWA-App
2025-08-21T14:27:45.1786509Z ##[endgroup]
2025-08-21T14:27:45.1786904Z ##[group]Disabling automatic garbage collection
2025-08-21T14:27:45.1791765Z [command]/usr/bin/git config --local gc.auto 0
2025-08-21T14:27:45.1817874Z ##[endgroup]
2025-08-21T14:27:45.1818688Z ##[group]Setting up auth
2025-08-21T14:27:45.1825422Z [command]/usr/bin/git config --local --name-only --get-regexp core\.sshCommand
2025-08-21T14:27:45.1854908Z [command]/usr/bin/git submodule foreach --recursive sh -c "git config --local --name-only --get-regexp 'core\.sshCommand' && git config --local --unset-all 'core.sshCommand' || :"
2025-08-21T14:27:45.2104672Z [command]/usr/bin/git config --local --name-only --get-regexp http\.https\:\/\/github\.com\/\.extraheader
2025-08-21T14:27:45.2134145Z [command]/usr/bin/git submodule foreach --recursive sh -c "git config --local --name-only --get-regexp 'http\.https\:\/\/github\.com\/\.extraheader' && git config --local --unset-all 'http.https://github.com/.extraheader' || :"
2025-08-21T14:27:45.2344746Z [command]/usr/bin/git config --local http.https://github.com/.extraheader AUTHORIZATION: basic ***
2025-08-21T14:27:45.2377401Z ##[endgroup]
2025-08-21T14:27:45.2378156Z ##[group]Fetching the repository
2025-08-21T14:27:45.2387315Z [command]/usr/bin/git -c protocol.version=2 fetch --prune --no-recurse-submodules origin +refs/heads/*:refs/remotes/origin/* +refs/tags/*:refs/tags/* +e50dc37080c57adf26f6cc893fe9477a42e39534:refs/remotes/pull/331/merge
2025-08-21T14:27:48.0856485Z From https://github.com/AlexBomber12/AWA-App
2025-08-21T14:27:48.0857468Z  * [new branch]        codex/fix-ci-workflows-until-all-pass    -> origin/codex/fix-ci-workflows-until-all-pass
2025-08-21T14:27:48.0858866Z  * [new branch]        codex/implement-targeted-fixes-for-ci-stability -> origin/codex/implement-targeted-fixes-for-ci-stability
2025-08-21T14:27:48.0859809Z  * [new branch]        main                                     -> origin/main
2025-08-21T14:27:48.0860397Z  * [new tag]           0.3.0                                    -> 0.3.0
2025-08-21T14:27:48.0861009Z  * [new ref]           e50dc37080c57adf26f6cc893fe9477a42e39534 -> pull/331/merge
2025-08-21T14:27:48.0896442Z ##[endgroup]
2025-08-21T14:27:48.0897057Z ##[group]Determining the checkout info
2025-08-21T14:27:48.0898284Z ##[endgroup]
2025-08-21T14:27:48.0904191Z [command]/usr/bin/git sparse-checkout disable
2025-08-21T14:27:48.0941885Z [command]/usr/bin/git config --local --unset-all extensions.worktreeConfig
2025-08-21T14:27:48.0967251Z ##[group]Checking out the ref
2025-08-21T14:27:48.0971581Z [command]/usr/bin/git checkout --progress --force refs/remotes/pull/331/merge
2025-08-21T14:27:48.1341857Z Note: switching to 'refs/remotes/pull/331/merge'.
2025-08-21T14:27:48.1342329Z 
2025-08-21T14:27:48.1342563Z You are in 'detached HEAD' state. You can look around, make experimental
2025-08-21T14:27:48.1343069Z changes and commit them, and you can discard any commits you make in this
2025-08-21T14:27:48.1343564Z state without impacting any branches by switching back to a branch.
2025-08-21T14:27:48.1344077Z 
2025-08-21T14:27:48.1344284Z If you want to create a new branch to retain commits you create, you may
2025-08-21T14:27:48.1344727Z do so (now or later) by using -c with the switch command. Example:
2025-08-21T14:27:48.1344976Z 
2025-08-21T14:27:48.1345088Z   git switch -c <new-branch-name>
2025-08-21T14:27:48.1345346Z 
2025-08-21T14:27:48.1345447Z Or undo this operation with:
2025-08-21T14:27:48.1345608Z 
2025-08-21T14:27:48.1345702Z   git switch -
2025-08-21T14:27:48.1345820Z 
2025-08-21T14:27:48.1346029Z Turn off this advice by setting config variable advice.detachedHead to false
2025-08-21T14:27:48.1346353Z 
2025-08-21T14:27:48.1346714Z HEAD is now at e50dc370 Merge a48ba4ab8d79abb6edbcaf37d3d4b9ebf3042503 into c4f3a27b3e7a1af0589b59a9ffcfea134e3e7273
2025-08-21T14:27:48.1353569Z ##[endgroup]
2025-08-21T14:27:48.1387800Z [command]/usr/bin/git log -1 --format=%H
2025-08-21T14:27:48.1409963Z e50dc37080c57adf26f6cc893fe9477a42e39534
2025-08-21T14:27:48.1587306Z ##[group]Run cat .env.ci >> "$GITHUB_ENV"
2025-08-21T14:27:48.1587616Z [36;1mcat .env.ci >> "$GITHUB_ENV"[0m
2025-08-21T14:27:48.1588471Z [36;1mecho "DATABASE_URL=***localhost:5432/awa" >> "$GITHUB_ENV"[0m
2025-08-21T14:27:48.1588818Z [36;1mecho "PG_HOST=localhost" >> "$GITHUB_ENV"[0m
2025-08-21T14:27:48.1589096Z [36;1mecho "PG_PORT=5432" >> "$GITHUB_ENV"[0m
2025-08-21T14:27:48.1589338Z [36;1mecho "PG_USER=postgres" >> "$GITHUB_ENV"[0m
2025-08-21T14:27:48.1589596Z [36;1mecho "PG_PASSWORD=pass" >> "$GITHUB_ENV"[0m
2025-08-21T14:27:48.1589839Z [36;1mecho "PG_DATABASE=awa" >> "$GITHUB_ENV"[0m
2025-08-21T14:27:48.1590091Z [36;1mecho "TESTING=1" >> "$GITHUB_ENV"[0m
2025-08-21T14:27:48.1633617Z shell: /usr/bin/bash -e {0}
2025-08-21T14:27:48.1633849Z env:
2025-08-21T14:27:48.1634048Z   REDIS_URL: redis://localhost:6379/0
2025-08-21T14:27:48.1634297Z   RATE_LIMIT_DEFAULT: 100/minute
2025-08-21T14:27:48.1634513Z   TRUST_X_FORWARDED: 1
2025-08-21T14:27:48.1634731Z ##[endgroup]
2025-08-21T14:27:48.1784815Z ##[group]Run actions/setup-python@v5
2025-08-21T14:27:48.1785085Z with:
2025-08-21T14:27:48.1785267Z   python-version: 3.12
2025-08-21T14:27:48.1785463Z   cache: pip
2025-08-21T14:27:48.1786237Z   cache-dependency-path: requirements-dev.txt
services/etl/requirements.txt
services/api/requirements.txt
services/repricer/requirements.txt
services/fees_h10/requirements.txt
services/alert_bot/requirements.txt

2025-08-21T14:27:48.1787045Z   check-latest: false
2025-08-21T14:27:48.1787393Z   token: ***
2025-08-21T14:27:48.1787579Z   update-environment: true
2025-08-21T14:27:48.1787800Z   allow-prereleases: false
2025-08-21T14:27:48.1788226Z   freethreaded: false
2025-08-21T14:27:48.1788403Z env:
2025-08-21T14:27:48.1788587Z   REDIS_URL: redis://localhost:6379/0
2025-08-21T14:27:48.1788830Z   RATE_LIMIT_DEFAULT: 100/minute
2025-08-21T14:27:48.1789045Z   TRUST_X_FORWARDED: 1
2025-08-21T14:27:48.1789225Z   PG_USER: postgres
2025-08-21T14:27:48.1789407Z   PG_PASSWORD: pass
2025-08-21T14:27:48.1789630Z   PG_DATABASE: awa
2025-08-21T14:27:48.1789798Z   PG_HOST: localhost
2025-08-21T14:27:48.1789976Z   PG_PORT: 5432
2025-08-21T14:27:48.1790351Z   PG_SYNC_DSN: ***localhost:5432/awa
2025-08-21T14:27:48.1790747Z   PG_ASYNC_DSN: ***localhost:5432/awa
2025-08-21T14:27:48.1791110Z   DATABASE_URL: ***localhost:5432/awa
2025-08-21T14:27:48.1791337Z   DATA_DIR: /tmp/awa-data
2025-08-21T14:27:48.1791591Z   ENABLE_LIVE: 0
2025-08-21T14:27:48.1791773Z   TESTING: 1
2025-08-21T14:27:48.1791933Z ##[endgroup]
2025-08-21T14:27:48.3366343Z ##[group]Installed versions
2025-08-21T14:27:48.3447345Z Successfully set up CPython (3.12.11)
2025-08-21T14:27:48.3448490Z ##[endgroup]
2025-08-21T14:27:48.3883117Z [command]/opt/hostedtoolcache/Python/3.12.11/x64/bin/pip cache dir
2025-08-21T14:27:50.3457698Z /home/runner/.cache/pip
2025-08-21T14:27:50.4874326Z Cache hit for: setup-python-Linux-x64-24.04-Ubuntu-python-3.12.11-pip-811b81ed6ebfbfffa596cc763769fd73f8be2333e1ac798acb7aae17a56fccd5
2025-08-21T14:27:51.7202267Z Received 100663296 of 376041141 (26.8%), 96.0 MBs/sec
2025-08-21T14:27:52.7202497Z Received 138412032 of 376041141 (36.8%), 66.0 MBs/sec
2025-08-21T14:27:53.7205710Z Received 289406976 of 376041141 (77.0%), 92.0 MBs/sec
2025-08-21T14:27:54.3522169Z Received 376041141 of 376041141 (100.0%), 98.7 MBs/sec
2025-08-21T14:27:54.3524371Z Cache Size: ~359 MB (376041141 B)
2025-08-21T14:27:54.3639336Z [command]/usr/bin/tar -xf /home/runner/work/_temp/1e008643-83b2-4b3b-b303-2ce492c29b77/cache.tzst -P -C /home/runner/work/AWA-App/AWA-App --use-compress-program unzstd
2025-08-21T14:27:54.9592124Z Cache restored successfully
2025-08-21T14:27:55.0292521Z Cache restored from key: setup-python-Linux-x64-24.04-Ubuntu-python-3.12.11-pip-811b81ed6ebfbfffa596cc763769fd73f8be2333e1ac798acb7aae17a56fccd5
2025-08-21T14:27:55.0968529Z ##[group]Run actions/cache@v4
2025-08-21T14:27:55.0968788Z with:
2025-08-21T14:27:55.0969009Z   path: ~/.cache/pip
.pytest_cache
~/.ruff_cache

2025-08-21T14:27:55.0969440Z   key: Linux-test-cc13ccef493b9f3a93ad5651164d9fb09282c1111f6f72ce20e0657de16de6b4
2025-08-21T14:27:55.0969851Z   restore-keys: Linux-test-
2025-08-21T14:27:55.0970073Z   enableCrossOsArchive: false
2025-08-21T14:27:55.0970297Z   fail-on-cache-miss: false
2025-08-21T14:27:55.0970502Z   lookup-only: false
2025-08-21T14:27:55.0970684Z   save-always: false
2025-08-21T14:27:55.0970862Z env:
2025-08-21T14:27:55.0971057Z   REDIS_URL: redis://localhost:6379/0
2025-08-21T14:27:55.0971306Z   RATE_LIMIT_DEFAULT: 100/minute
2025-08-21T14:27:55.0971525Z   TRUST_X_FORWARDED: 1
2025-08-21T14:27:55.0971720Z   PG_USER: postgres
2025-08-21T14:27:55.0971922Z   PG_PASSWORD: pass
2025-08-21T14:27:55.0972104Z   PG_DATABASE: awa
2025-08-21T14:27:55.0972284Z   PG_HOST: localhost
2025-08-21T14:27:55.0972460Z   PG_PORT: 5432
2025-08-21T14:27:55.0973133Z   PG_SYNC_DSN: ***localhost:5432/awa
2025-08-21T14:27:55.0973583Z   PG_ASYNC_DSN: ***localhost:5432/awa
2025-08-21T14:27:55.0973980Z   DATABASE_URL: ***localhost:5432/awa
2025-08-21T14:27:55.0974226Z   DATA_DIR: /tmp/awa-data
2025-08-21T14:27:55.0974423Z   ENABLE_LIVE: 0
2025-08-21T14:27:55.0974601Z   TESTING: 1
2025-08-21T14:27:55.0974841Z   pythonLocation: /opt/hostedtoolcache/Python/3.12.11/x64
2025-08-21T14:27:55.0975238Z   PKG_CONFIG_PATH: /opt/hostedtoolcache/Python/3.12.11/x64/lib/pkgconfig
2025-08-21T14:27:55.0975626Z   Python_ROOT_DIR: /opt/hostedtoolcache/Python/3.12.11/x64
2025-08-21T14:27:55.0975983Z   Python2_ROOT_DIR: /opt/hostedtoolcache/Python/3.12.11/x64
2025-08-21T14:27:55.0976336Z   Python3_ROOT_DIR: /opt/hostedtoolcache/Python/3.12.11/x64
2025-08-21T14:27:55.0976681Z   LD_LIBRARY_PATH: /opt/hostedtoolcache/Python/3.12.11/x64/lib
2025-08-21T14:27:55.0976978Z ##[endgroup]
2025-08-21T14:27:55.3226872Z Cache hit for: Linux-test-cc13ccef493b9f3a93ad5651164d9fb09282c1111f6f72ce20e0657de16de6b4
2025-08-21T14:27:56.5678696Z Received 134217728 of 376058925 (35.7%), 118.1 MBs/sec
2025-08-21T14:27:57.5679189Z Received 301989888 of 376058925 (80.3%), 138.2 MBs/sec
2025-08-21T14:27:58.5676571Z Received 371864621 of 376058925 (98.9%), 115.0 MBs/sec
2025-08-21T14:27:58.6648769Z Received 376058925 of 376058925 (100.0%), 112.7 MBs/sec
2025-08-21T14:27:58.6651805Z Cache Size: ~359 MB (376058925 B)
2025-08-21T14:27:58.6750288Z [command]/usr/bin/tar -xf /home/runner/work/_temp/c1d948ef-5e4e-45f8-bf45-ec776fd1bb27/cache.tzst -P -C /home/runner/work/AWA-App/AWA-App --use-compress-program unzstd
2025-08-21T14:27:59.2679594Z Cache restored successfully
2025-08-21T14:27:59.3441002Z Cache restored from key: Linux-test-cc13ccef493b9f3a93ad5651164d9fb09282c1111f6f72ce20e0657de16de6b4
2025-08-21T14:27:59.3538496Z ##[group]Run pip install --break-system-packages -r services/etl/requirements.txt
2025-08-21T14:27:59.3539053Z [36;1mpip install --break-system-packages -r services/etl/requirements.txt[0m
2025-08-21T14:27:59.3539507Z [36;1mpip install --break-system-packages -r services/api/requirements.txt[0m
2025-08-21T14:27:59.3539951Z [36;1mpip install --break-system-packages -r services/repricer/requirements.txt[0m
2025-08-21T14:27:59.3540405Z [36;1mpip install --break-system-packages -r services/fees_h10/requirements.txt[0m
2025-08-21T14:27:59.3540847Z [36;1mpip install --break-system-packages -r services/alert_bot/requirements.txt[0m
2025-08-21T14:27:59.3541265Z [36;1mpip install --break-system-packages -r requirements-dev.txt[0m
2025-08-21T14:27:59.3541605Z [36;1mpip install --break-system-packages asyncpg[0m
2025-08-21T14:27:59.3541896Z [36;1mpip install --break-system-packages pytest[0m
2025-08-21T14:27:59.3542260Z [36;1mpip install --break-system-packages keepa==1.3.15 minio==7.1.15[0m
2025-08-21T14:27:59.3580804Z shell: /usr/bin/bash -e {0}
2025-08-21T14:27:59.3581015Z env:
2025-08-21T14:27:59.3581208Z   REDIS_URL: redis://localhost:6379/0
2025-08-21T14:27:59.3581458Z   RATE_LIMIT_DEFAULT: 100/minute
2025-08-21T14:27:59.3581668Z   TRUST_X_FORWARDED: 1
2025-08-21T14:27:59.3581847Z   PG_USER: postgres
2025-08-21T14:27:59.3582027Z   PG_PASSWORD: pass
2025-08-21T14:27:59.3582197Z   PG_DATABASE: awa
2025-08-21T14:27:59.3582369Z   PG_HOST: localhost
2025-08-21T14:27:59.3582545Z   PG_PORT: 5432
2025-08-21T14:27:59.3582934Z   PG_SYNC_DSN: ***localhost:5432/awa
2025-08-21T14:27:59.3583314Z   PG_ASYNC_DSN: ***localhost:5432/awa
2025-08-21T14:27:59.3583667Z   DATABASE_URL: ***localhost:5432/awa
2025-08-21T14:27:59.3583890Z   DATA_DIR: /tmp/awa-data
2025-08-21T14:27:59.3584089Z   ENABLE_LIVE: 0
2025-08-21T14:27:59.3584264Z   TESTING: 1
2025-08-21T14:27:59.3584511Z   pythonLocation: /opt/hostedtoolcache/Python/3.12.11/x64
2025-08-21T14:27:59.3584914Z   PKG_CONFIG_PATH: /opt/hostedtoolcache/Python/3.12.11/x64/lib/pkgconfig
2025-08-21T14:27:59.3585320Z   Python_ROOT_DIR: /opt/hostedtoolcache/Python/3.12.11/x64
2025-08-21T14:27:59.3585680Z   Python2_ROOT_DIR: /opt/hostedtoolcache/Python/3.12.11/x64
2025-08-21T14:27:59.3586037Z   Python3_ROOT_DIR: /opt/hostedtoolcache/Python/3.12.11/x64
2025-08-21T14:27:59.3586390Z   LD_LIBRARY_PATH: /opt/hostedtoolcache/Python/3.12.11/x64/lib
2025-08-21T14:27:59.3586681Z ##[endgroup]
2025-08-21T14:28:00.8228232Z Collecting keepa==1.3.14 (from -r services/etl/requirements.txt (line 1))
2025-08-21T14:28:00.8239533Z   Using cached keepa-1.3.14-py3-none-any.whl.metadata (10 kB)
2025-08-21T14:28:00.8490433Z Collecting minio==7.1.15 (from -r services/etl/requirements.txt (line 2))
2025-08-21T14:28:00.8500743Z   Using cached minio-7.1.15-py3-none-any.whl.metadata (4.2 kB)
2025-08-21T14:28:00.8810422Z Collecting celery==5.3.* (from -r services/etl/requirements.txt (line 3))
2025-08-21T14:28:00.8824850Z   Using cached celery-5.3.6-py3-none-any.whl.metadata (21 kB)
2025-08-21T14:28:00.9251186Z Collecting redis==5.* (from -r services/etl/requirements.txt (line 4))
2025-08-21T14:28:00.9259276Z   Using cached redis-5.3.1-py3-none-any.whl.metadata (9.2 kB)
2025-08-21T14:28:00.9757058Z Collecting python-amazon-sp-api==0.8.0 (from -r services/etl/requirements.txt (line 5))
2025-08-21T14:28:00.9768131Z   Using cached python_amazon_sp_api-0.8.0-py3-none-any.whl.metadata (3.2 kB)
2025-08-21T14:28:00.9983198Z Collecting pydantic-settings==2.2.1 (from -r services/etl/requirements.txt (line 6))
2025-08-21T14:28:00.9993808Z   Using cached pydantic_settings-2.2.1-py3-none-any.whl.metadata (3.1 kB)
2025-08-21T14:28:01.1508965Z Collecting numpy<2 (from -r services/etl/requirements.txt (line 7))
2025-08-21T14:28:01.1519954Z   Using cached numpy-1.26.4-cp312-cp312-manylinux_2_17_x86_64.manylinux2014_x86_64.whl.metadata (61 kB)
2025-08-21T14:28:01.2778430Z Collecting pandas==2.2.* (from -r services/etl/requirements.txt (line 8))
2025-08-21T14:28:01.2790394Z   Using cached pandas-2.2.3-cp312-cp312-manylinux_2_17_x86_64.manylinux2014_x86_64.whl.metadata (89 kB)
2025-08-21T14:28:01.3385195Z Collecting pandera==0.19.* (from -r services/etl/requirements.txt (line 9))
2025-08-21T14:28:01.3396513Z   Using cached pandera-0.19.3-py3-none-any.whl.metadata (15 kB)
2025-08-21T14:28:01.3609675Z Collecting openpyxl==3.1.* (from -r services/etl/requirements.txt (line 10))
2025-08-21T14:28:01.3617524Z   Using cached openpyxl-3.1.5-py2.py3-none-any.whl.metadata (2.5 kB)
2025-08-21T14:28:01.3768809Z Collecting psycopg==3.2.9 (from psycopg[binary]==3.2.9->-r services/etl/requirements.txt (line 11))
2025-08-21T14:28:01.3777653Z   Using cached psycopg-3.2.9-py3-none-any.whl.metadata (4.5 kB)
2025-08-21T14:28:01.4351935Z Collecting psycopg2-binary==2.9.* (from -r services/etl/requirements.txt (line 12))
2025-08-21T14:28:01.4363237Z   Using cached psycopg2_binary-2.9.10-cp312-cp312-manylinux_2_17_x86_64.manylinux2014_x86_64.whl.metadata (4.9 kB)
2025-08-21T14:28:01.4815910Z Collecting sentry-sdk==2.9.0 (from -r services/etl/requirements.txt (line 13))
2025-08-21T14:28:01.4826052Z   Using cached sentry_sdk-2.9.0-py2.py3-none-any.whl.metadata (14 kB)
2025-08-21T14:28:01.5390405Z Collecting requests>=2.2 (from keepa==1.3.14->-r services/etl/requirements.txt (line 1))
2025-08-21T14:28:01.5401442Z   Using cached requests-2.32.5-py3-none-any.whl.metadata (4.9 kB)
2025-08-21T14:28:01.5728591Z Collecting tqdm (from keepa==1.3.14->-r services/etl/requirements.txt (line 1))
2025-08-21T14:28:01.5739985Z   Using cached tqdm-4.67.1-py3-none-any.whl.metadata (57 kB)
2025-08-21T14:28:02.0344590Z Collecting aiohttp (from keepa==1.3.14->-r services/etl/requirements.txt (line 1))
2025-08-21T14:28:02.0358235Z   Using cached aiohttp-3.12.15-cp312-cp312-manylinux_2_17_x86_64.manylinux2014_x86_64.whl.metadata (7.7 kB)
2025-08-21T14:28:02.1455620Z Collecting pydantic (from keepa==1.3.14->-r services/etl/requirements.txt (line 1))
2025-08-21T14:28:02.1467363Z   Using cached pydantic-2.11.7-py3-none-any.whl.metadata (67 kB)
2025-08-21T14:28:02.1661010Z Collecting certifi (from minio==7.1.15->-r services/etl/requirements.txt (line 2))
2025-08-21T14:28:02.1672723Z   Using cached certifi-2025.8.3-py3-none-any.whl.metadata (2.4 kB)
2025-08-21T14:28:02.1895233Z Collecting urllib3 (from minio==7.1.15->-r services/etl/requirements.txt (line 2))
2025-08-21T14:28:02.1906670Z   Using cached urllib3-2.5.0-py3-none-any.whl.metadata (6.5 kB)
2025-08-21T14:28:02.2032085Z Collecting six<2,>=1.15 (from python-amazon-sp-api==0.8.0->-r services/etl/requirements.txt (line 5))
2025-08-21T14:28:02.2043484Z   Using cached six-1.17.0-py2.py3-none-any.whl.metadata (1.7 kB)
2025-08-21T14:28:02.5740574Z Collecting boto3<2,>=1.16.39 (from python-amazon-sp-api==0.8.0->-r services/etl/requirements.txt (line 5))
2025-08-21T14:28:02.5756843Z   Using cached boto3-1.40.14-py3-none-any.whl.metadata (6.7 kB)
2025-08-21T14:28:02.5937612Z Collecting cachetools~=4.2.0 (from python-amazon-sp-api==0.8.0->-r services/etl/requirements.txt (line 5))
2025-08-21T14:28:02.5948651Z   Using cached cachetools-4.2.4-py3-none-any.whl.metadata (4.8 kB)
2025-08-21T14:28:02.6706566Z Collecting pycryptodome (from python-amazon-sp-api==0.8.0->-r services/etl/requirements.txt (line 5))
2025-08-21T14:28:02.6718522Z   Using cached pycryptodome-3.23.0-cp37-abi3-manylinux_2_17_x86_64.manylinux2014_x86_64.whl.metadata (3.4 kB)
2025-08-21T14:28:02.7032230Z Collecting pytz (from python-amazon-sp-api==0.8.0->-r services/etl/requirements.txt (line 5))
2025-08-21T14:28:02.7042268Z   Using cached pytz-2025.2-py2.py3-none-any.whl.metadata (22 kB)
2025-08-21T14:28:02.7142264Z Collecting confuse~=1.4.0 (from python-amazon-sp-api==0.8.0->-r services/etl/requirements.txt (line 5))
2025-08-21T14:28:02.7152609Z   Using cached confuse-1.4.0-py2.py3-none-any.whl.metadata (3.8 kB)
2025-08-21T14:28:02.7386936Z Collecting python-dotenv>=0.21.0 (from pydantic-settings==2.2.1->-r services/etl/requirements.txt (line 6))
2025-08-21T14:28:02.7397339Z   Using cached python_dotenv-1.1.1-py3-none-any.whl.metadata (24 kB)
2025-08-21T14:28:02.7561558Z Collecting typing-extensions>=4.6 (from psycopg==3.2.9->psycopg[binary]==3.2.9->-r services/etl/requirements.txt (line 11))
2025-08-21T14:28:02.7573744Z   Using cached typing_extensions-4.14.1-py3-none-any.whl.metadata (3.0 kB)
2025-08-21T14:28:02.9009942Z Collecting psycopg-binary==3.2.9 (from psycopg[binary]==3.2.9->-r services/etl/requirements.txt (line 11))
2025-08-21T14:28:02.9020344Z   Using cached psycopg_binary-3.2.9-cp312-cp312-manylinux_2_17_x86_64.manylinux2014_x86_64.whl.metadata (2.9 kB)
2025-08-21T14:28:02.9190780Z Collecting billiard<5.0,>=4.2.0 (from celery==5.3.*->-r services/etl/requirements.txt (line 3))
2025-08-21T14:28:02.9200926Z   Using cached billiard-4.2.1-py3-none-any.whl.metadata (4.4 kB)
2025-08-21T14:28:02.9273973Z Collecting click-didyoumean>=0.3.0 (from celery==5.3.*->-r services/etl/requirements.txt (line 3))
2025-08-21T14:28:02.9284535Z   Using cached click_didyoumean-0.3.1-py3-none-any.whl.metadata (3.9 kB)
2025-08-21T14:28:02.9359561Z Collecting click-plugins>=1.1.1 (from celery==5.3.*->-r services/etl/requirements.txt (line 3))
2025-08-21T14:28:02.9370391Z   Using cached click_plugins-1.1.1.2-py2.py3-none-any.whl.metadata (6.5 kB)
2025-08-21T14:28:02.9449696Z Collecting click-repl>=0.2.0 (from celery==5.3.*->-r services/etl/requirements.txt (line 3))
2025-08-21T14:28:02.9460560Z   Using cached click_repl-0.3.0-py3-none-any.whl.metadata (3.6 kB)
2025-08-21T14:28:02.9618936Z Collecting click<9.0,>=8.1.2 (from celery==5.3.*->-r services/etl/requirements.txt (line 3))
2025-08-21T14:28:02.9629097Z   Using cached click-8.2.1-py3-none-any.whl.metadata (2.5 kB)
2025-08-21T14:28:02.9897266Z Collecting kombu<6.0,>=5.3.4 (from celery==5.3.*->-r services/etl/requirements.txt (line 3))
2025-08-21T14:28:02.9907779Z   Using cached kombu-5.5.4-py3-none-any.whl.metadata (3.5 kB)
2025-08-21T14:28:03.0063947Z Collecting python-dateutil>=2.8.2 (from celery==5.3.*->-r services/etl/requirements.txt (line 3))
2025-08-21T14:28:03.0075966Z   Using cached python_dateutil-2.9.0.post0-py2.py3-none-any.whl.metadata (8.4 kB)
2025-08-21T14:28:03.0203880Z Collecting tzdata>=2022.7 (from celery==5.3.*->-r services/etl/requirements.txt (line 3))
2025-08-21T14:28:03.0215539Z   Using cached tzdata-2025.2-py2.py3-none-any.whl.metadata (1.4 kB)
2025-08-21T14:28:03.0296045Z Collecting vine<6.0,>=5.1.0 (from celery==5.3.*->-r services/etl/requirements.txt (line 3))
2025-08-21T14:28:03.0306583Z   Using cached vine-5.1.0-py3-none-any.whl.metadata (2.7 kB)
2025-08-21T14:28:03.0446529Z Collecting PyJWT>=2.9.0 (from redis==5.*->-r services/etl/requirements.txt (line 4))
2025-08-21T14:28:03.0457184Z   Using cached PyJWT-2.10.1-py3-none-any.whl.metadata (4.0 kB)
2025-08-21T14:28:03.0738587Z Collecting multimethod<=1.10.0 (from pandera==0.19.*->-r services/etl/requirements.txt (line 9))
2025-08-21T14:28:03.0749966Z   Using cached multimethod-1.10-py3-none-any.whl.metadata (8.2 kB)
2025-08-21T14:28:03.0952708Z Collecting packaging>=20.0 (from pandera==0.19.*->-r services/etl/requirements.txt (line 9))
2025-08-21T14:28:03.0964293Z   Using cached packaging-25.0-py3-none-any.whl.metadata (3.3 kB)
2025-08-21T14:28:03.1202662Z Collecting typeguard (from pandera==0.19.*->-r services/etl/requirements.txt (line 9))
2025-08-21T14:28:03.1213219Z   Using cached typeguard-4.4.4-py3-none-any.whl.metadata (3.3 kB)
2025-08-21T14:28:03.1316975Z Collecting typing-inspect>=0.6.0 (from pandera==0.19.*->-r services/etl/requirements.txt (line 9))
2025-08-21T14:28:03.1328223Z   Using cached typing_inspect-0.9.0-py3-none-any.whl.metadata (1.5 kB)
2025-08-21T14:28:03.2203096Z Collecting wrapt (from pandera==0.19.*->-r services/etl/requirements.txt (line 9))
2025-08-21T14:28:03.2214465Z   Using cached wrapt-1.17.3-cp312-cp312-manylinux1_x86_64.manylinux_2_28_x86_64.manylinux_2_5_x86_64.whl.metadata (6.4 kB)
2025-08-21T14:28:03.2299105Z Collecting et-xmlfile (from openpyxl==3.1.*->-r services/etl/requirements.txt (line 10))
2025-08-21T14:28:03.2309667Z   Using cached et_xmlfile-2.0.0-py3-none-any.whl.metadata (2.7 kB)
2025-08-21T14:28:03.6162617Z Collecting botocore<1.41.0,>=1.40.14 (from boto3<2,>=1.16.39->python-amazon-sp-api==0.8.0->-r services/etl/requirements.txt (line 5))
2025-08-21T14:28:03.6175806Z   Using cached botocore-1.40.14-py3-none-any.whl.metadata (5.7 kB)
2025-08-21T14:28:03.6284053Z Collecting jmespath<2.0.0,>=0.7.1 (from boto3<2,>=1.16.39->python-amazon-sp-api==0.8.0->-r services/etl/requirements.txt (line 5))
2025-08-21T14:28:03.6294896Z   Using cached jmespath-1.0.1-py3-none-any.whl.metadata (7.6 kB)
2025-08-21T14:28:03.6433194Z Collecting s3transfer<0.14.0,>=0.13.0 (from boto3<2,>=1.16.39->python-amazon-sp-api==0.8.0->-r services/etl/requirements.txt (line 5))
2025-08-21T14:28:03.6444353Z   Using cached s3transfer-0.13.1-py3-none-any.whl.metadata (1.7 kB)
2025-08-21T14:28:03.6948674Z Collecting pyyaml (from confuse~=1.4.0->python-amazon-sp-api==0.8.0->-r services/etl/requirements.txt (line 5))
2025-08-21T14:28:03.6958855Z   Using cached PyYAML-6.0.2-cp312-cp312-manylinux_2_17_x86_64.manylinux2014_x86_64.whl.metadata (2.1 kB)
2025-08-21T14:28:03.7116667Z Collecting amqp<6.0.0,>=5.1.1 (from kombu<6.0,>=5.3.4->celery==5.3.*->-r services/etl/requirements.txt (line 3))
2025-08-21T14:28:03.7127662Z   Using cached amqp-5.3.1-py3-none-any.whl.metadata (8.9 kB)
2025-08-21T14:28:03.8738769Z Collecting prompt-toolkit>=3.0.36 (from click-repl>=0.2.0->celery==5.3.*->-r services/etl/requirements.txt (line 3))
2025-08-21T14:28:03.8748977Z   Using cached prompt_toolkit-3.0.51-py3-none-any.whl.metadata (6.4 kB)
2025-08-21T14:28:03.8875850Z Collecting wcwidth (from prompt-toolkit>=3.0.36->click-repl>=0.2.0->celery==5.3.*->-r services/etl/requirements.txt (line 3))
2025-08-21T14:28:03.8887000Z   Using cached wcwidth-0.2.13-py2.py3-none-any.whl.metadata (14 kB)
2025-08-21T14:28:03.8988705Z Collecting annotated-types>=0.6.0 (from pydantic->keepa==1.3.14->-r services/etl/requirements.txt (line 1))
2025-08-21T14:28:03.9000099Z   Using cached annotated_types-0.7.0-py3-none-any.whl.metadata (15 kB)
2025-08-21T14:28:04.5236855Z Collecting pydantic-core==2.33.2 (from pydantic->keepa==1.3.14->-r services/etl/requirements.txt (line 1))
2025-08-21T14:28:04.5250705Z   Using cached pydantic_core-2.33.2-cp312-cp312-manylinux_2_17_x86_64.manylinux2014_x86_64.whl.metadata (6.8 kB)
2025-08-21T14:28:04.5366732Z Collecting typing-inspection>=0.4.0 (from pydantic->keepa==1.3.14->-r services/etl/requirements.txt (line 1))
2025-08-21T14:28:04.5378462Z   Using cached typing_inspection-0.4.1-py3-none-any.whl.metadata (2.6 kB)
2025-08-21T14:28:04.6193339Z Collecting charset_normalizer<4,>=2 (from requests>=2.2->keepa==1.3.14->-r services/etl/requirements.txt (line 1))
2025-08-21T14:28:04.6204727Z   Using cached charset_normalizer-3.4.3-cp312-cp312-manylinux2014_x86_64.manylinux_2_17_x86_64.manylinux_2_28_x86_64.whl.metadata (36 kB)
2025-08-21T14:28:04.6335475Z Collecting idna<4,>=2.5 (from requests>=2.2->keepa==1.3.14->-r services/etl/requirements.txt (line 1))
2025-08-21T14:28:04.6350055Z   Using cached idna-3.10-py3-none-any.whl.metadata (10 kB)
2025-08-21T14:28:04.6741785Z Collecting mypy-extensions>=0.3.0 (from typing-inspect>=0.6.0->pandera==0.19.*->-r services/etl/requirements.txt (line 9))
2025-08-21T14:28:04.6753107Z   Using cached mypy_extensions-1.1.0-py3-none-any.whl.metadata (1.1 kB)
2025-08-21T14:28:04.7037033Z Collecting aiohappyeyeballs>=2.5.0 (from aiohttp->keepa==1.3.14->-r services/etl/requirements.txt (line 1))
2025-08-21T14:28:04.7048699Z   Using cached aiohappyeyeballs-2.6.1-py3-none-any.whl.metadata (5.9 kB)
2025-08-21T14:28:04.7142699Z Collecting aiosignal>=1.4.0 (from aiohttp->keepa==1.3.14->-r services/etl/requirements.txt (line 1))
2025-08-21T14:28:04.7153901Z   Using cached aiosignal-1.4.0-py3-none-any.whl.metadata (3.7 kB)
2025-08-21T14:28:04.7273225Z Collecting attrs>=17.3.0 (from aiohttp->keepa==1.3.14->-r services/etl/requirements.txt (line 1))
2025-08-21T14:28:04.7284411Z   Using cached attrs-25.3.0-py3-none-any.whl.metadata (10 kB)
2025-08-21T14:28:04.7896336Z Collecting frozenlist>=1.1.1 (from aiohttp->keepa==1.3.14->-r services/etl/requirements.txt (line 1))
2025-08-21T14:28:04.7908613Z   Using cached frozenlist-1.7.0-cp312-cp312-manylinux_2_5_x86_64.manylinux1_x86_64.manylinux_2_17_x86_64.manylinux2014_x86_64.whl.metadata (18 kB)
2025-08-21T14:28:05.0635420Z Collecting multidict<7.0,>=4.5 (from aiohttp->keepa==1.3.14->-r services/etl/requirements.txt (line 1))
2025-08-21T14:28:05.0648950Z   Using cached multidict-6.6.4-cp312-cp312-manylinux2014_x86_64.manylinux_2_17_x86_64.manylinux_2_28_x86_64.whl.metadata (5.3 kB)
2025-08-21T14:28:05.1043963Z Collecting propcache>=0.2.0 (from aiohttp->keepa==1.3.14->-r services/etl/requirements.txt (line 1))
2025-08-21T14:28:05.1050281Z   Using cached propcache-0.3.2-cp312-cp312-manylinux_2_17_x86_64.manylinux2014_x86_64.whl.metadata (12 kB)
2025-08-21T14:28:05.3245929Z Collecting yarl<2.0,>=1.17.0 (from aiohttp->keepa==1.3.14->-r services/etl/requirements.txt (line 1))
2025-08-21T14:28:05.3258734Z   Using cached yarl-1.20.1-cp312-cp312-manylinux_2_17_x86_64.manylinux2014_x86_64.whl.metadata (73 kB)
2025-08-21T14:28:05.3854708Z Using cached keepa-1.3.14-py3-none-any.whl (33 kB)
2025-08-21T14:28:05.3862397Z Using cached minio-7.1.15-py3-none-any.whl (77 kB)
2025-08-21T14:28:05.3874240Z Using cached python_amazon_sp_api-0.8.0-py3-none-any.whl (93 kB)
2025-08-21T14:28:05.3885935Z Using cached pydantic_settings-2.2.1-py3-none-any.whl (13 kB)
2025-08-21T14:28:05.3897136Z Using cached psycopg-3.2.9-py3-none-any.whl (202 kB)
2025-08-21T14:28:05.3909470Z Using cached sentry_sdk-2.9.0-py2.py3-none-any.whl (301 kB)
2025-08-21T14:28:05.3922956Z Using cached psycopg_binary-3.2.9-cp312-cp312-manylinux_2_17_x86_64.manylinux2014_x86_64.whl (4.4 MB)
2025-08-21T14:28:05.3966220Z Using cached celery-5.3.6-py3-none-any.whl (422 kB)
2025-08-21T14:28:05.3980030Z Using cached redis-5.3.1-py3-none-any.whl (272 kB)
2025-08-21T14:28:05.3993142Z Using cached numpy-1.26.4-cp312-cp312-manylinux_2_17_x86_64.manylinux2014_x86_64.whl (18.0 MB)
2025-08-21T14:28:05.4130121Z Using cached pandas-2.2.3-cp312-cp312-manylinux_2_17_x86_64.manylinux2014_x86_64.whl (12.7 MB)
2025-08-21T14:28:05.4227423Z Using cached pandera-0.19.3-py3-none-any.whl (251 kB)
2025-08-21T14:28:05.4239605Z Using cached openpyxl-3.1.5-py2.py3-none-any.whl (250 kB)
2025-08-21T14:28:05.4251706Z Using cached psycopg2_binary-2.9.10-cp312-cp312-manylinux_2_17_x86_64.manylinux2014_x86_64.whl (3.0 MB)
2025-08-21T14:28:05.4284823Z Using cached billiard-4.2.1-py3-none-any.whl (86 kB)
2025-08-21T14:28:05.4295832Z Using cached boto3-1.40.14-py3-none-any.whl (140 kB)
2025-08-21T14:28:05.4307823Z Using cached botocore-1.40.14-py3-none-any.whl (14.0 MB)
2025-08-21T14:28:05.4413858Z Using cached cachetools-4.2.4-py3-none-any.whl (10 kB)
2025-08-21T14:28:05.4425003Z Using cached click-8.2.1-py3-none-any.whl (102 kB)
2025-08-21T14:28:05.4435744Z Using cached confuse-1.4.0-py2.py3-none-any.whl (21 kB)
2025-08-21T14:28:05.4446297Z Using cached jmespath-1.0.1-py3-none-any.whl (20 kB)
2025-08-21T14:28:05.4457195Z Using cached kombu-5.5.4-py3-none-any.whl (210 kB)
2025-08-21T14:28:05.4469991Z Using cached vine-5.1.0-py3-none-any.whl (9.6 kB)
2025-08-21T14:28:05.4481006Z Using cached amqp-5.3.1-py3-none-any.whl (50 kB)
2025-08-21T14:28:05.4492306Z Using cached multimethod-1.10-py3-none-any.whl (9.9 kB)
2025-08-21T14:28:05.4503542Z Using cached python_dateutil-2.9.0.post0-py2.py3-none-any.whl (229 kB)
2025-08-21T14:28:05.4516116Z Using cached s3transfer-0.13.1-py3-none-any.whl (85 kB)
2025-08-21T14:28:05.4527499Z Using cached six-1.17.0-py2.py3-none-any.whl (11 kB)
2025-08-21T14:28:05.4538586Z Using cached urllib3-2.5.0-py3-none-any.whl (129 kB)
2025-08-21T14:28:05.4550555Z Using cached click_didyoumean-0.3.1-py3-none-any.whl (3.6 kB)
2025-08-21T14:28:05.4561648Z Using cached click_plugins-1.1.1.2-py2.py3-none-any.whl (11 kB)
2025-08-21T14:28:05.4572571Z Using cached click_repl-0.3.0-py3-none-any.whl (10 kB)
2025-08-21T14:28:05.4583646Z Using cached packaging-25.0-py3-none-any.whl (66 kB)
2025-08-21T14:28:05.4595138Z Using cached prompt_toolkit-3.0.51-py3-none-any.whl (387 kB)
2025-08-21T14:28:05.4609880Z Using cached pydantic-2.11.7-py3-none-any.whl (444 kB)
2025-08-21T14:28:05.4624187Z Using cached pydantic_core-2.33.2-cp312-cp312-manylinux_2_17_x86_64.manylinux2014_x86_64.whl (2.0 MB)
2025-08-21T14:28:05.4649937Z Using cached annotated_types-0.7.0-py3-none-any.whl (13 kB)
2025-08-21T14:28:05.4661170Z Using cached PyJWT-2.10.1-py3-none-any.whl (22 kB)
2025-08-21T14:28:05.4672414Z Using cached python_dotenv-1.1.1-py3-none-any.whl (20 kB)
2025-08-21T14:28:05.4683610Z Using cached pytz-2025.2-py2.py3-none-any.whl (509 kB)
2025-08-21T14:28:05.4698437Z Using cached requests-2.32.5-py3-none-any.whl (64 kB)
2025-08-21T14:28:05.4710596Z Using cached charset_normalizer-3.4.3-cp312-cp312-manylinux2014_x86_64.manylinux_2_17_x86_64.manylinux_2_28_x86_64.whl (151 kB)
2025-08-21T14:28:05.4722506Z Using cached idna-3.10-py3-none-any.whl (70 kB)
2025-08-21T14:28:05.4734203Z Using cached certifi-2025.8.3-py3-none-any.whl (161 kB)
2025-08-21T14:28:05.4746441Z Using cached typing_extensions-4.14.1-py3-none-any.whl (43 kB)
2025-08-21T14:28:05.4757799Z Using cached typing_inspect-0.9.0-py3-none-any.whl (8.8 kB)
2025-08-21T14:28:05.4769299Z Using cached mypy_extensions-1.1.0-py3-none-any.whl (5.0 kB)
2025-08-21T14:28:05.4780606Z Using cached typing_inspection-0.4.1-py3-none-any.whl (14 kB)
2025-08-21T14:28:05.4791943Z Using cached tzdata-2025.2-py2.py3-none-any.whl (347 kB)
2025-08-21T14:28:05.4805786Z Using cached aiohttp-3.12.15-cp312-cp312-manylinux_2_17_x86_64.manylinux2014_x86_64.whl (1.7 MB)
2025-08-21T14:28:05.4829886Z Using cached multidict-6.6.4-cp312-cp312-manylinux2014_x86_64.manylinux_2_17_x86_64.manylinux_2_28_x86_64.whl (256 kB)
2025-08-21T14:28:05.4842806Z Using cached yarl-1.20.1-cp312-cp312-manylinux_2_17_x86_64.manylinux2014_x86_64.whl (355 kB)
2025-08-21T14:28:05.4856617Z Using cached aiohappyeyeballs-2.6.1-py3-none-any.whl (15 kB)
2025-08-21T14:28:05.4868107Z Using cached aiosignal-1.4.0-py3-none-any.whl (7.5 kB)
2025-08-21T14:28:05.4899134Z Using cached attrs-25.3.0-py3-none-any.whl (63 kB)
2025-08-21T14:28:05.4900633Z Using cached frozenlist-1.7.0-cp312-cp312-manylinux_2_5_x86_64.manylinux1_x86_64.manylinux_2_17_x86_64.manylinux2014_x86_64.whl (241 kB)
2025-08-21T14:28:05.4910100Z Using cached propcache-0.3.2-cp312-cp312-manylinux_2_17_x86_64.manylinux2014_x86_64.whl (224 kB)
2025-08-21T14:28:05.4922485Z Using cached et_xmlfile-2.0.0-py3-none-any.whl (18 kB)
2025-08-21T14:28:05.4934236Z Using cached pycryptodome-3.23.0-cp37-abi3-manylinux_2_17_x86_64.manylinux2014_x86_64.whl (2.3 MB)
2025-08-21T14:28:05.4962020Z Using cached PyYAML-6.0.2-cp312-cp312-manylinux_2_17_x86_64.manylinux2014_x86_64.whl (767 kB)
2025-08-21T14:28:05.4977694Z Using cached tqdm-4.67.1-py3-none-any.whl (78 kB)
2025-08-21T14:28:05.4989149Z Using cached typeguard-4.4.4-py3-none-any.whl (34 kB)
2025-08-21T14:28:05.4999571Z Using cached wcwidth-0.2.13-py2.py3-none-any.whl (34 kB)
2025-08-21T14:28:05.5010285Z Using cached wrapt-1.17.3-cp312-cp312-manylinux1_x86_64.manylinux_2_28_x86_64.manylinux_2_5_x86_64.whl (88 kB)
2025-08-21T14:28:05.7546244Z Installing collected packages: wcwidth, pytz, wrapt, vine, urllib3, tzdata, typing-extensions, tqdm, six, pyyaml, python-dotenv, PyJWT, pycryptodome, psycopg2-binary, psycopg-binary, propcache, prompt-toolkit, packaging, numpy, mypy-extensions, multimethod, multidict, jmespath, idna, frozenlist, et-xmlfile, click, charset_normalizer, certifi, cachetools, billiard, attrs, annotated-types, aiohappyeyeballs, yarl, typing-inspection, typing-inspect, typeguard, sentry-sdk, requests, redis, python-dateutil, pydantic-core, psycopg, openpyxl, minio, confuse, click-repl, click-plugins, click-didyoumean, amqp, aiosignal, pydantic, pandas, kombu, botocore, aiohttp, s3transfer, pydantic-settings, pandera, keepa, celery, boto3, python-amazon-sp-api
2025-08-21T14:28:16.6863074Z 
2025-08-21T14:28:16.6923367Z Successfully installed PyJWT-2.10.1 aiohappyeyeballs-2.6.1 aiohttp-3.12.15 aiosignal-1.4.0 amqp-5.3.1 annotated-types-0.7.0 attrs-25.3.0 billiard-4.2.1 boto3-1.40.14 botocore-1.40.14 cachetools-4.2.4 celery-5.3.6 certifi-2025.8.3 charset_normalizer-3.4.3 click-8.2.1 click-didyoumean-0.3.1 click-plugins-1.1.1.2 click-repl-0.3.0 confuse-1.4.0 et-xmlfile-2.0.0 frozenlist-1.7.0 idna-3.10 jmespath-1.0.1 keepa-1.3.14 kombu-5.5.4 minio-7.1.15 multidict-6.6.4 multimethod-1.10 mypy-extensions-1.1.0 numpy-1.26.4 openpyxl-3.1.5 packaging-25.0 pandas-2.2.3 pandera-0.19.3 prompt-toolkit-3.0.51 propcache-0.3.2 psycopg-3.2.9 psycopg-binary-3.2.9 psycopg2-binary-2.9.10 pycryptodome-3.23.0 pydantic-2.11.7 pydantic-core-2.33.2 pydantic-settings-2.2.1 python-amazon-sp-api-0.8.0 python-dateutil-2.9.0.post0 python-dotenv-1.1.1 pytz-2025.2 pyyaml-6.0.2 redis-5.3.1 requests-2.32.5 s3transfer-0.13.1 sentry-sdk-2.9.0 six-1.17.0 tqdm-4.67.1 typeguard-4.4.4 typing-extensions-4.14.1 typing-inspect-0.9.0 typing-inspection-0.4.1 tzdata-2025.2 urllib3-2.5.0 vine-5.1.0 wcwidth-0.2.13 wrapt-1.17.3 yarl-1.20.1
2025-08-21T14:28:17.6463607Z Collecting uvicorn==0.29.0 (from -r services/api/requirements.txt (line 1))
2025-08-21T14:28:17.6475453Z   Using cached uvicorn-0.29.0-py3-none-any.whl.metadata (6.3 kB)
2025-08-21T14:28:17.6509900Z Requirement already satisfied: pydantic-settings==2.2.1 in /opt/hostedtoolcache/Python/3.12.11/x64/lib/python3.12/site-packages (from -r services/api/requirements.txt (line 2)) (2.2.1)
2025-08-21T14:28:17.6872475Z Collecting fastapi==0.111.0 (from -r services/api/requirements.txt (line 3))
2025-08-21T14:28:17.6883446Z   Using cached fastapi-0.111.0-py3-none-any.whl.metadata (25 kB)
2025-08-21T14:28:17.9482920Z Collecting sqlalchemy==2.0.29 (from -r services/api/requirements.txt (line 4))
2025-08-21T14:28:17.9495418Z   Using cached SQLAlchemy-2.0.29-cp312-cp312-manylinux_2_17_x86_64.manylinux2014_x86_64.whl.metadata (9.6 kB)
2025-08-21T14:28:17.9746706Z Collecting alembic==1.13.1 (from -r services/api/requirements.txt (line 5))
2025-08-21T14:28:17.9757862Z   Using cached alembic-1.13.1-py3-none-any.whl.metadata (7.4 kB)
2025-08-21T14:28:17.9782402Z Requirement already satisfied: psycopg==3.2.9 in /opt/hostedtoolcache/Python/3.12.11/x64/lib/python3.12/site-packages (from psycopg[binary]==3.2.9->-r services/api/requirements.txt (line 6)) (3.2.9)
2025-08-21T14:28:17.9938373Z Collecting httpx==0.27.2 (from -r services/api/requirements.txt (line 7))
2025-08-21T14:28:17.9949926Z   Using cached httpx-0.27.2-py3-none-any.whl.metadata (7.1 kB)
2025-08-21T14:28:18.0340920Z Collecting asyncpg==0.29.0 (from -r services/api/requirements.txt (line 8))
2025-08-21T14:28:18.0352116Z   Using cached asyncpg-0.29.0-cp312-cp312-manylinux_2_17_x86_64.manylinux2014_x86_64.whl.metadata (4.4 kB)
2025-08-21T14:28:18.2837787Z Collecting boto3==1.34.162 (from -r services/api/requirements.txt (line 9))
2025-08-21T14:28:18.2848242Z   Using cached boto3-1.34.162-py3-none-any.whl.metadata (6.6 kB)
2025-08-21T14:28:18.2985889Z Collecting Jinja2==3.1.5 (from -r services/api/requirements.txt (line 10))
2025-08-21T14:28:18.2995853Z   Using cached jinja2-3.1.5-py3-none-any.whl.metadata (2.6 kB)
2025-08-21T14:28:18.3012201Z Requirement already satisfied: celery==5.3.* in /opt/hostedtoolcache/Python/3.12.11/x64/lib/python3.12/site-packages (from -r services/api/requirements.txt (line 11)) (5.3.6)
2025-08-21T14:28:18.3159993Z Collecting structlog==24.1.0 (from -r services/api/requirements.txt (line 12))
2025-08-21T14:28:18.3170392Z   Using cached structlog-24.1.0-py3-none-any.whl.metadata (6.9 kB)
2025-08-21T14:28:18.3318835Z Collecting asgi-correlation-id==4.3.1 (from -r services/api/requirements.txt (line 13))
2025-08-21T14:28:18.3329733Z   Using cached asgi_correlation_id-4.3.1-py3-none-any.whl.metadata (28 kB)
2025-08-21T14:28:18.3441937Z Collecting fastapi-limiter==0.1.6 (from -r services/api/requirements.txt (line 14))
2025-08-21T14:28:18.3451925Z   Using cached fastapi_limiter-0.1.6-py3-none-any.whl.metadata (5.3 kB)
2025-08-21T14:28:18.3701965Z Collecting redis==5.0.8 (from -r services/api/requirements.txt (line 15))
2025-08-21T14:28:18.3712914Z   Using cached redis-5.0.8-py3-none-any.whl.metadata (9.2 kB)
2025-08-21T14:28:18.3743377Z Requirement already satisfied: sentry-sdk==2.9.0 in /opt/hostedtoolcache/Python/3.12.11/x64/lib/python3.12/site-packages (from sentry-sdk[celery,fastapi,sqlalchemy]==2.9.0->-r services/api/requirements.txt (line 16)) (2.9.0)
2025-08-21T14:28:18.3755306Z Requirement already satisfied: click>=7.0 in /opt/hostedtoolcache/Python/3.12.11/x64/lib/python3.12/site-packages (from uvicorn==0.29.0->-r services/api/requirements.txt (line 1)) (8.2.1)
2025-08-21T14:28:18.4001837Z Collecting h11>=0.8 (from uvicorn==0.29.0->-r services/api/requirements.txt (line 1))
2025-08-21T14:28:18.4012782Z   Using cached h11-0.16.0-py3-none-any.whl.metadata (8.3 kB)
2025-08-21T14:28:18.4040960Z Requirement already satisfied: pydantic>=2.3.0 in /opt/hostedtoolcache/Python/3.12.11/x64/lib/python3.12/site-packages (from pydantic-settings==2.2.1->-r services/api/requirements.txt (line 2)) (2.11.7)
2025-08-21T14:28:18.4045653Z Requirement already satisfied: python-dotenv>=0.21.0 in /opt/hostedtoolcache/Python/3.12.11/x64/lib/python3.12/site-packages (from pydantic-settings==2.2.1->-r services/api/requirements.txt (line 2)) (1.1.1)
2025-08-21T14:28:18.4321982Z Collecting starlette<0.38.0,>=0.37.2 (from fastapi==0.111.0->-r services/api/requirements.txt (line 3))
2025-08-21T14:28:18.4332672Z   Using cached starlette-0.37.2-py3-none-any.whl.metadata (5.9 kB)
2025-08-21T14:28:18.4360977Z Requirement already satisfied: typing-extensions>=4.8.0 in /opt/hostedtoolcache/Python/3.12.11/x64/lib/python3.12/site-packages (from fastapi==0.111.0->-r services/api/requirements.txt (line 3)) (4.14.1)
2025-08-21T14:28:18.4449048Z Collecting fastapi-cli>=0.0.2 (from fastapi==0.111.0->-r services/api/requirements.txt (line 3))
2025-08-21T14:28:18.4459935Z   Using cached fastapi_cli-0.0.8-py3-none-any.whl.metadata (6.3 kB)
2025-08-21T14:28:18.4639400Z Collecting python-multipart>=0.0.7 (from fastapi==0.111.0->-r services/api/requirements.txt (line 3))
2025-08-21T14:28:18.4650235Z   Using cached python_multipart-0.0.20-py3-none-any.whl.metadata (1.8 kB)
2025-08-21T14:28:18.5219431Z Collecting ujson!=4.0.2,!=4.1.0,!=4.2.0,!=4.3.0,!=5.0.0,!=5.1.0,>=4.0.1 (from fastapi==0.111.0->-r services/api/requirements.txt (line 3))
2025-08-21T14:28:18.5231116Z   Using cached ujson-5.11.0-cp312-cp312-manylinux_2_24_x86_64.manylinux_2_28_x86_64.whl.metadata (9.4 kB)
2025-08-21T14:28:18.7342097Z Collecting orjson>=3.2.1 (from fastapi==0.111.0->-r services/api/requirements.txt (line 3))
2025-08-21T14:28:18.7353484Z   Using cached orjson-3.11.2-cp312-cp312-manylinux_2_17_x86_64.manylinux2014_x86_64.whl.metadata (1.2 kB)
2025-08-21T14:28:18.7484490Z Collecting email_validator>=2.0.0 (from fastapi==0.111.0->-r services/api/requirements.txt (line 3))
2025-08-21T14:28:18.7494520Z   Using cached email_validator-2.2.0-py3-none-any.whl.metadata (25 kB)
2025-08-21T14:28:18.8644500Z Collecting greenlet!=0.4.17 (from sqlalchemy==2.0.29->-r services/api/requirements.txt (line 4))
2025-08-21T14:28:18.8655482Z   Using cached greenlet-3.2.4-cp312-cp312-manylinux_2_24_x86_64.manylinux_2_28_x86_64.whl.metadata (4.1 kB)
2025-08-21T14:28:18.8892146Z Collecting Mako (from alembic==1.13.1->-r services/api/requirements.txt (line 5))
2025-08-21T14:28:18.8902116Z   Using cached mako-1.3.10-py3-none-any.whl.metadata (2.9 kB)
2025-08-21T14:28:18.9113243Z Collecting anyio (from httpx==0.27.2->-r services/api/requirements.txt (line 7))
2025-08-21T14:28:18.9124217Z   Using cached anyio-4.10.0-py3-none-any.whl.metadata (4.0 kB)
2025-08-21T14:28:18.9145842Z Requirement already satisfied: certifi in /opt/hostedtoolcache/Python/3.12.11/x64/lib/python3.12/site-packages (from httpx==0.27.2->-r services/api/requirements.txt (line 7)) (2025.8.3)
2025-08-21T14:28:18.9301957Z Collecting httpcore==1.* (from httpx==0.27.2->-r services/api/requirements.txt (line 7))
2025-08-21T14:28:18.9312831Z   Using cached httpcore-1.0.9-py3-none-any.whl.metadata (21 kB)
2025-08-21T14:28:18.9345379Z Requirement already satisfied: idna in /opt/hostedtoolcache/Python/3.12.11/x64/lib/python3.12/site-packages (from httpx==0.27.2->-r services/api/requirements.txt (line 7)) (3.10)
2025-08-21T14:28:18.9407509Z Collecting sniffio (from httpx==0.27.2->-r services/api/requirements.txt (line 7))
2025-08-21T14:28:18.9419362Z   Using cached sniffio-1.3.1-py3-none-any.whl.metadata (3.9 kB)
2025-08-21T14:28:19.2778716Z Collecting botocore<1.35.0,>=1.34.162 (from boto3==1.34.162->-r services/api/requirements.txt (line 9))
2025-08-21T14:28:19.2790584Z   Using cached botocore-1.34.162-py3-none-any.whl.metadata (5.7 kB)
2025-08-21T14:28:19.2816122Z Requirement already satisfied: jmespath<2.0.0,>=0.7.1 in /opt/hostedtoolcache/Python/3.12.11/x64/lib/python3.12/site-packages (from boto3==1.34.162->-r services/api/requirements.txt (line 9)) (1.0.1)
2025-08-21T14:28:19.2951492Z Collecting s3transfer<0.11.0,>=0.10.0 (from boto3==1.34.162->-r services/api/requirements.txt (line 9))
2025-08-21T14:28:19.2961251Z   Using cached s3transfer-0.10.4-py3-none-any.whl.metadata (1.7 kB)
2025-08-21T14:28:19.3417545Z Collecting MarkupSafe>=2.0 (from Jinja2==3.1.5->-r services/api/requirements.txt (line 10))
2025-08-21T14:28:19.3428243Z   Using cached MarkupSafe-3.0.2-cp312-cp312-manylinux_2_17_x86_64.manylinux2014_x86_64.whl.metadata (4.0 kB)
2025-08-21T14:28:19.3636608Z Requirement already satisfied: urllib3>=1.26.11 in /opt/hostedtoolcache/Python/3.12.11/x64/lib/python3.12/site-packages (from sentry-sdk==2.9.0->sentry-sdk[celery,fastapi,sqlalchemy]==2.9.0->-r services/api/requirements.txt (line 16)) (2.5.0)
2025-08-21T14:28:19.3745534Z Requirement already satisfied: psycopg-binary==3.2.9 in /opt/hostedtoolcache/Python/3.12.11/x64/lib/python3.12/site-packages (from psycopg[binary]==3.2.9->-r services/api/requirements.txt (line 6)) (3.2.9)
2025-08-21T14:28:19.4026422Z Requirement already satisfied: billiard<5.0,>=4.2.0 in /opt/hostedtoolcache/Python/3.12.11/x64/lib/python3.12/site-packages (from celery==5.3.*->-r services/api/requirements.txt (line 11)) (4.2.1)
2025-08-21T14:28:19.4032353Z Requirement already satisfied: click-didyoumean>=0.3.0 in /opt/hostedtoolcache/Python/3.12.11/x64/lib/python3.12/site-packages (from celery==5.3.*->-r services/api/requirements.txt (line 11)) (0.3.1)
2025-08-21T14:28:19.4037640Z Requirement already satisfied: click-plugins>=1.1.1 in /opt/hostedtoolcache/Python/3.12.11/x64/lib/python3.12/site-packages (from celery==5.3.*->-r services/api/requirements.txt (line 11)) (1.1.1.2)
2025-08-21T14:28:19.4042838Z Requirement already satisfied: click-repl>=0.2.0 in /opt/hostedtoolcache/Python/3.12.11/x64/lib/python3.12/site-packages (from celery==5.3.*->-r services/api/requirements.txt (line 11)) (0.3.0)
2025-08-21T14:28:19.4051424Z Requirement already satisfied: kombu<6.0,>=5.3.4 in /opt/hostedtoolcache/Python/3.12.11/x64/lib/python3.12/site-packages (from celery==5.3.*->-r services/api/requirements.txt (line 11)) (5.5.4)
2025-08-21T14:28:19.4056681Z Requirement already satisfied: python-dateutil>=2.8.2 in /opt/hostedtoolcache/Python/3.12.11/x64/lib/python3.12/site-packages (from celery==5.3.*->-r services/api/requirements.txt (line 11)) (2.9.0.post0)
2025-08-21T14:28:19.4062582Z Requirement already satisfied: tzdata>=2022.7 in /opt/hostedtoolcache/Python/3.12.11/x64/lib/python3.12/site-packages (from celery==5.3.*->-r services/api/requirements.txt (line 11)) (2025.2)
2025-08-21T14:28:19.4068494Z Requirement already satisfied: vine<6.0,>=5.1.0 in /opt/hostedtoolcache/Python/3.12.11/x64/lib/python3.12/site-packages (from celery==5.3.*->-r services/api/requirements.txt (line 11)) (5.1.0)
2025-08-21T14:28:19.4195029Z Requirement already satisfied: amqp<6.0.0,>=5.1.1 in /opt/hostedtoolcache/Python/3.12.11/x64/lib/python3.12/site-packages (from kombu<6.0,>=5.3.4->celery==5.3.*->-r services/api/requirements.txt (line 11)) (5.3.1)
2025-08-21T14:28:19.4205080Z Requirement already satisfied: packaging in /opt/hostedtoolcache/Python/3.12.11/x64/lib/python3.12/site-packages (from kombu<6.0,>=5.3.4->celery==5.3.*->-r services/api/requirements.txt (line 11)) (25.0)
2025-08-21T14:28:19.4267018Z Requirement already satisfied: annotated-types>=0.6.0 in /opt/hostedtoolcache/Python/3.12.11/x64/lib/python3.12/site-packages (from pydantic>=2.3.0->pydantic-settings==2.2.1->-r services/api/requirements.txt (line 2)) (0.7.0)
2025-08-21T14:28:19.4271845Z Requirement already satisfied: pydantic-core==2.33.2 in /opt/hostedtoolcache/Python/3.12.11/x64/lib/python3.12/site-packages (from pydantic>=2.3.0->pydantic-settings==2.2.1->-r services/api/requirements.txt (line 2)) (2.33.2)
2025-08-21T14:28:19.4279425Z Requirement already satisfied: typing-inspection>=0.4.0 in /opt/hostedtoolcache/Python/3.12.11/x64/lib/python3.12/site-packages (from pydantic>=2.3.0->pydantic-settings==2.2.1->-r services/api/requirements.txt (line 2)) (0.4.1)
2025-08-21T14:28:19.4313185Z Requirement already satisfied: six>=1.5 in /opt/hostedtoolcache/Python/3.12.11/x64/lib/python3.12/site-packages (from python-dateutil>=2.8.2->celery==5.3.*->-r services/api/requirements.txt (line 11)) (1.17.0)
2025-08-21T14:28:19.5736039Z Requirement already satisfied: prompt-toolkit>=3.0.36 in /opt/hostedtoolcache/Python/3.12.11/x64/lib/python3.12/site-packages (from click-repl>=0.2.0->celery==5.3.*->-r services/api/requirements.txt (line 11)) (3.0.51)
2025-08-21T14:28:19.5887507Z Collecting dnspython>=2.0.0 (from email_validator>=2.0.0->fastapi==0.111.0->-r services/api/requirements.txt (line 3))
2025-08-21T14:28:19.5899433Z   Using cached dnspython-2.7.0-py3-none-any.whl.metadata (5.8 kB)
2025-08-21T14:28:19.7037458Z Collecting typer>=0.15.1 (from fastapi-cli>=0.0.2->fastapi==0.111.0->-r services/api/requirements.txt (line 3))
2025-08-21T14:28:19.7049421Z   Using cached typer-0.16.1-py3-none-any.whl.metadata (15 kB)
2025-08-21T14:28:19.7519761Z Collecting rich-toolkit>=0.14.8 (from fastapi-cli>=0.0.2->fastapi==0.111.0->-r services/api/requirements.txt (line 3))
2025-08-21T14:28:19.7535390Z   Using cached rich_toolkit-0.15.0-py3-none-any.whl.metadata (1.0 kB)
2025-08-21T14:28:19.7633560Z Requirement already satisfied: wcwidth in /opt/hostedtoolcache/Python/3.12.11/x64/lib/python3.12/site-packages (from prompt-toolkit>=3.0.36->click-repl>=0.2.0->celery==5.3.*->-r services/api/requirements.txt (line 11)) (0.2.13)
2025-08-21T14:28:19.8176906Z Collecting rich>=13.7.1 (from rich-toolkit>=0.14.8->fastapi-cli>=0.0.2->fastapi==0.111.0->-r services/api/requirements.txt (line 3))
2025-08-21T14:28:19.8187347Z   Using cached rich-14.1.0-py3-none-any.whl.metadata (18 kB)
2025-08-21T14:28:19.8449839Z Collecting markdown-it-py>=2.2.0 (from rich>=13.7.1->rich-toolkit>=0.14.8->fastapi-cli>=0.0.2->fastapi==0.111.0->-r services/api/requirements.txt (line 3))
2025-08-21T14:28:19.8461303Z   Using cached markdown_it_py-4.0.0-py3-none-any.whl.metadata (7.3 kB)
2025-08-21T14:28:19.9492928Z Collecting pygments<3.0.0,>=2.13.0 (from rich>=13.7.1->rich-toolkit>=0.14.8->fastapi-cli>=0.0.2->fastapi==0.111.0->-r services/api/requirements.txt (line 3))
2025-08-21T14:28:19.9504252Z   Using cached pygments-2.19.2-py3-none-any.whl.metadata (2.5 kB)
2025-08-21T14:28:20.0813541Z Collecting mdurl~=0.1 (from markdown-it-py>=2.2.0->rich>=13.7.1->rich-toolkit>=0.14.8->fastapi-cli>=0.0.2->fastapi==0.111.0->-r services/api/requirements.txt (line 3))
2025-08-21T14:28:20.0824856Z   Using cached mdurl-0.1.2-py3-none-any.whl.metadata (1.6 kB)
2025-08-21T14:28:20.0994730Z Collecting shellingham>=1.3.0 (from typer>=0.15.1->fastapi-cli>=0.0.2->fastapi==0.111.0->-r services/api/requirements.txt (line 3))
2025-08-21T14:28:20.1006192Z   Using cached shellingham-1.5.4-py2.py3-none-any.whl.metadata (3.5 kB)
2025-08-21T14:28:20.1488417Z Collecting httptools>=0.5.0 (from uvicorn[standard]>=0.12.0->fastapi==0.111.0->-r services/api/requirements.txt (line 3))
2025-08-21T14:28:20.1500670Z   Using cached httptools-0.6.4-cp312-cp312-manylinux_2_5_x86_64.manylinux1_x86_64.manylinux_2_17_x86_64.manylinux2014_x86_64.whl.metadata (3.6 kB)
2025-08-21T14:28:20.1525440Z Requirement already satisfied: pyyaml>=5.1 in /opt/hostedtoolcache/Python/3.12.11/x64/lib/python3.12/site-packages (from uvicorn[standard]>=0.12.0->fastapi==0.111.0->-r services/api/requirements.txt (line 3)) (6.0.2)
2025-08-21T14:28:20.1901921Z Collecting uvloop!=0.15.0,!=0.15.1,>=0.14.0 (from uvicorn[standard]>=0.12.0->fastapi==0.111.0->-r services/api/requirements.txt (line 3))
2025-08-21T14:28:20.1909572Z   Using cached uvloop-0.21.0-cp312-cp312-manylinux_2_17_x86_64.manylinux2014_x86_64.whl.metadata (4.9 kB)
2025-08-21T14:28:20.2570385Z Collecting watchfiles>=0.13 (from uvicorn[standard]>=0.12.0->fastapi==0.111.0->-r services/api/requirements.txt (line 3))
2025-08-21T14:28:20.2582622Z   Using cached watchfiles-1.1.0-cp312-cp312-manylinux_2_17_x86_64.manylinux2014_x86_64.whl.metadata (4.9 kB)
2025-08-21T14:28:20.3364967Z Collecting websockets>=10.4 (from uvicorn[standard]>=0.12.0->fastapi==0.111.0->-r services/api/requirements.txt (line 3))
2025-08-21T14:28:20.3377124Z   Using cached websockets-15.0.1-cp312-cp312-manylinux_2_5_x86_64.manylinux1_x86_64.manylinux_2_17_x86_64.manylinux2014_x86_64.whl.metadata (6.8 kB)
2025-08-21T14:28:20.4012018Z Using cached uvicorn-0.29.0-py3-none-any.whl (60 kB)
2025-08-21T14:28:20.4020088Z Using cached fastapi-0.111.0-py3-none-any.whl (91 kB)
2025-08-21T14:28:20.4032396Z Using cached SQLAlchemy-2.0.29-cp312-cp312-manylinux_2_17_x86_64.manylinux2014_x86_64.whl (3.2 MB)
2025-08-21T14:28:20.4071367Z Using cached alembic-1.13.1-py3-none-any.whl (233 kB)
2025-08-21T14:28:20.4078309Z Using cached httpx-0.27.2-py3-none-any.whl (76 kB)
2025-08-21T14:28:20.4090035Z Using cached asyncpg-0.29.0-cp312-cp312-manylinux_2_17_x86_64.manylinux2014_x86_64.whl (3.3 MB)
2025-08-21T14:28:20.4126759Z Using cached boto3-1.34.162-py3-none-any.whl (139 kB)
2025-08-21T14:28:20.4138766Z Using cached jinja2-3.1.5-py3-none-any.whl (134 kB)
2025-08-21T14:28:20.4150567Z Using cached structlog-24.1.0-py3-none-any.whl (65 kB)
2025-08-21T14:28:20.4161853Z Using cached asgi_correlation_id-4.3.1-py3-none-any.whl (15 kB)
2025-08-21T14:28:20.4172696Z Using cached fastapi_limiter-0.1.6-py3-none-any.whl (15 kB)
2025-08-21T14:28:20.4183487Z Using cached redis-5.0.8-py3-none-any.whl (255 kB)
2025-08-21T14:28:20.4196112Z Using cached botocore-1.34.162-py3-none-any.whl (12.5 MB)
2025-08-21T14:28:20.4299955Z Using cached httpcore-1.0.9-py3-none-any.whl (78 kB)
2025-08-21T14:28:20.4311461Z Using cached s3transfer-0.10.4-py3-none-any.whl (83 kB)
2025-08-21T14:28:20.4322836Z Using cached starlette-0.37.2-py3-none-any.whl (71 kB)
2025-08-21T14:28:20.4334162Z Using cached anyio-4.10.0-py3-none-any.whl (107 kB)
2025-08-21T14:28:20.4345638Z Using cached email_validator-2.2.0-py3-none-any.whl (33 kB)
2025-08-21T14:28:20.4356754Z Using cached dnspython-2.7.0-py3-none-any.whl (313 kB)
2025-08-21T14:28:20.4370064Z Using cached fastapi_cli-0.0.8-py3-none-any.whl (10 kB)
2025-08-21T14:28:20.4381377Z Using cached greenlet-3.2.4-cp312-cp312-manylinux_2_24_x86_64.manylinux_2_28_x86_64.whl (607 kB)
2025-08-21T14:28:20.4396403Z Using cached h11-0.16.0-py3-none-any.whl (37 kB)
2025-08-21T14:28:20.4407840Z Using cached MarkupSafe-3.0.2-cp312-cp312-manylinux_2_17_x86_64.manylinux2014_x86_64.whl (23 kB)
2025-08-21T14:28:20.4419439Z Using cached orjson-3.11.2-cp312-cp312-manylinux_2_17_x86_64.manylinux2014_x86_64.whl (121 kB)
2025-08-21T14:28:20.4431085Z Using cached python_multipart-0.0.20-py3-none-any.whl (24 kB)
2025-08-21T14:28:20.4441977Z Using cached rich_toolkit-0.15.0-py3-none-any.whl (29 kB)
2025-08-21T14:28:20.4452981Z Using cached rich-14.1.0-py3-none-any.whl (243 kB)
2025-08-21T14:28:20.4465528Z Using cached pygments-2.19.2-py3-none-any.whl (1.2 MB)
2025-08-21T14:28:20.4485441Z Using cached markdown_it_py-4.0.0-py3-none-any.whl (87 kB)
2025-08-21T14:28:20.4496720Z Using cached mdurl-0.1.2-py3-none-any.whl (10.0 kB)
2025-08-21T14:28:20.4507680Z Using cached sniffio-1.3.1-py3-none-any.whl (10 kB)
2025-08-21T14:28:20.4518517Z Using cached typer-0.16.1-py3-none-any.whl (46 kB)
2025-08-21T14:28:20.4529879Z Using cached shellingham-1.5.4-py2.py3-none-any.whl (9.8 kB)
2025-08-21T14:28:20.4541007Z Using cached ujson-5.11.0-cp312-cp312-manylinux_2_24_x86_64.manylinux_2_28_x86_64.whl (57 kB)
2025-08-21T14:28:20.4553253Z Using cached httptools-0.6.4-cp312-cp312-manylinux_2_5_x86_64.manylinux1_x86_64.manylinux_2_17_x86_64.manylinux2014_x86_64.whl (510 kB)
2025-08-21T14:28:20.4567627Z Using cached uvloop-0.21.0-cp312-cp312-manylinux_2_17_x86_64.manylinux2014_x86_64.whl (4.7 MB)
2025-08-21T14:28:20.4613851Z Using cached watchfiles-1.1.0-cp312-cp312-manylinux_2_17_x86_64.manylinux2014_x86_64.whl (452 kB)
2025-08-21T14:28:20.4628582Z Using cached websockets-15.0.1-cp312-cp312-manylinux_2_5_x86_64.manylinux1_x86_64.manylinux_2_17_x86_64.manylinux2014_x86_64.whl (182 kB)
2025-08-21T14:28:20.4640370Z Using cached mako-1.3.10-py3-none-any.whl (78 kB)
2025-08-21T14:28:20.6462660Z Installing collected packages: websockets, uvloop, ujson, structlog, sniffio, shellingham, redis, python-multipart, pygments, orjson, mdurl, MarkupSafe, httptools, h11, greenlet, dnspython, asyncpg, uvicorn, sqlalchemy, markdown-it-py, Mako, Jinja2, httpcore, email_validator, botocore, anyio, watchfiles, starlette, s3transfer, rich, httpx, alembic, typer, rich-toolkit, boto3, asgi-correlation-id, fastapi-cli, fastapi, fastapi-limiter
2025-08-21T14:28:20.8685570Z   Attempting uninstall: redis
2025-08-21T14:28:20.8715711Z     Found existing installation: redis 5.3.1
2025-08-21T14:28:20.8790504Z     Uninstalling redis-5.3.1:
2025-08-21T14:28:20.8805603Z       Successfully uninstalled redis-5.3.1
2025-08-21T14:28:23.5201086Z   Attempting uninstall: botocore
2025-08-21T14:28:23.5239767Z     Found existing installation: botocore 1.40.14
2025-08-21T14:28:23.5859209Z     Uninstalling botocore-1.40.14:
2025-08-21T14:28:23.6088636Z       Successfully uninstalled botocore-1.40.14
2025-08-21T14:28:24.3359156Z   Attempting uninstall: s3transfer
2025-08-21T14:28:24.3403563Z     Found existing installation: s3transfer 0.13.1
2025-08-21T14:28:24.3429967Z     Uninstalling s3transfer-0.13.1:
2025-08-21T14:28:24.3438201Z       Successfully uninstalled s3transfer-0.13.1
2025-08-21T14:28:24.8286879Z   Attempting uninstall: boto3
2025-08-21T14:28:24.8321643Z     Found existing installation: boto3 1.40.14
2025-08-21T14:28:24.8381662Z     Uninstalling boto3-1.40.14:
2025-08-21T14:28:24.8398354Z       Successfully uninstalled boto3-1.40.14
2025-08-21T14:28:24.9865893Z 
2025-08-21T14:28:24.9946830Z Successfully installed Jinja2-3.1.5 Mako-1.3.10 MarkupSafe-3.0.2 alembic-1.13.1 anyio-4.10.0 asgi-correlation-id-4.3.1 asyncpg-0.29.0 boto3-1.34.162 botocore-1.34.162 dnspython-2.7.0 email_validator-2.2.0 fastapi-0.111.0 fastapi-cli-0.0.8 fastapi-limiter-0.1.6 greenlet-3.2.4 h11-0.16.0 httpcore-1.0.9 httptools-0.6.4 httpx-0.27.2 markdown-it-py-4.0.0 mdurl-0.1.2 orjson-3.11.2 pygments-2.19.2 python-multipart-0.0.20 redis-5.0.8 rich-14.1.0 rich-toolkit-0.15.0 s3transfer-0.10.4 shellingham-1.5.4 sniffio-1.3.1 sqlalchemy-2.0.29 starlette-0.37.2 structlog-24.1.0 typer-0.16.1 ujson-5.11.0 uvicorn-0.29.0 uvloop-0.21.0 watchfiles-1.1.0 websockets-15.0.1
2025-08-21T14:28:25.5690595Z Requirement already satisfied: uvicorn==0.29.0 in /opt/hostedtoolcache/Python/3.12.11/x64/lib/python3.12/site-packages (from -r services/repricer/requirements.txt (line 1)) (0.29.0)
2025-08-21T14:28:25.5695400Z Requirement already satisfied: pydantic-settings==2.2.1 in /opt/hostedtoolcache/Python/3.12.11/x64/lib/python3.12/site-packages (from -r services/repricer/requirements.txt (line 2)) (2.2.1)
2025-08-21T14:28:25.5700129Z Requirement already satisfied: python-amazon-sp-api==0.8.0 in /opt/hostedtoolcache/Python/3.12.11/x64/lib/python3.12/site-packages (from -r services/repricer/requirements.txt (line 3)) (0.8.0)
2025-08-21T14:28:25.5704434Z Requirement already satisfied: fastapi==0.111.0 in /opt/hostedtoolcache/Python/3.12.11/x64/lib/python3.12/site-packages (from -r services/repricer/requirements.txt (line 4)) (0.111.0)
2025-08-21T14:28:25.5709159Z Requirement already satisfied: sqlalchemy==2.0.29 in /opt/hostedtoolcache/Python/3.12.11/x64/lib/python3.12/site-packages (from -r services/repricer/requirements.txt (line 5)) (2.0.29)
2025-08-21T14:28:25.5720805Z Requirement already satisfied: click>=7.0 in /opt/hostedtoolcache/Python/3.12.11/x64/lib/python3.12/site-packages (from uvicorn==0.29.0->-r services/repricer/requirements.txt (line 1)) (8.2.1)
2025-08-21T14:28:25.5727196Z Requirement already satisfied: h11>=0.8 in /opt/hostedtoolcache/Python/3.12.11/x64/lib/python3.12/site-packages (from uvicorn==0.29.0->-r services/repricer/requirements.txt (line 1)) (0.16.0)
2025-08-21T14:28:25.5750624Z Requirement already satisfied: pydantic>=2.3.0 in /opt/hostedtoolcache/Python/3.12.11/x64/lib/python3.12/site-packages (from pydantic-settings==2.2.1->-r services/repricer/requirements.txt (line 2)) (2.11.7)
2025-08-21T14:28:25.5756486Z Requirement already satisfied: python-dotenv>=0.21.0 in /opt/hostedtoolcache/Python/3.12.11/x64/lib/python3.12/site-packages (from pydantic-settings==2.2.1->-r services/repricer/requirements.txt (line 2)) (1.1.1)
2025-08-21T14:28:25.5768319Z Requirement already satisfied: requests in /opt/hostedtoolcache/Python/3.12.11/x64/lib/python3.12/site-packages (from python-amazon-sp-api==0.8.0->-r services/repricer/requirements.txt (line 3)) (2.32.5)
2025-08-21T14:28:25.5775301Z Requirement already satisfied: six<2,>=1.15 in /opt/hostedtoolcache/Python/3.12.11/x64/lib/python3.12/site-packages (from python-amazon-sp-api==0.8.0->-r services/repricer/requirements.txt (line 3)) (1.17.0)
2025-08-21T14:28:25.5783323Z Requirement already satisfied: boto3<2,>=1.16.39 in /opt/hostedtoolcache/Python/3.12.11/x64/lib/python3.12/site-packages (from python-amazon-sp-api==0.8.0->-r services/repricer/requirements.txt (line 3)) (1.34.162)
2025-08-21T14:28:25.5790414Z Requirement already satisfied: cachetools~=4.2.0 in /opt/hostedtoolcache/Python/3.12.11/x64/lib/python3.12/site-packages (from python-amazon-sp-api==0.8.0->-r services/repricer/requirements.txt (line 3)) (4.2.4)
2025-08-21T14:28:25.5794936Z Requirement already satisfied: pycryptodome in /opt/hostedtoolcache/Python/3.12.11/x64/lib/python3.12/site-packages (from python-amazon-sp-api==0.8.0->-r services/repricer/requirements.txt (line 3)) (3.23.0)
2025-08-21T14:28:25.5799230Z Requirement already satisfied: pytz in /opt/hostedtoolcache/Python/3.12.11/x64/lib/python3.12/site-packages (from python-amazon-sp-api==0.8.0->-r services/repricer/requirements.txt (line 3)) (2025.2)
2025-08-21T14:28:25.5805641Z Requirement already satisfied: confuse~=1.4.0 in /opt/hostedtoolcache/Python/3.12.11/x64/lib/python3.12/site-packages (from python-amazon-sp-api==0.8.0->-r services/repricer/requirements.txt (line 3)) (1.4.0)
2025-08-21T14:28:25.5820732Z Requirement already satisfied: starlette<0.38.0,>=0.37.2 in /opt/hostedtoolcache/Python/3.12.11/x64/lib/python3.12/site-packages (from fastapi==0.111.0->-r services/repricer/requirements.txt (line 4)) (0.37.2)
2025-08-21T14:28:25.5830703Z Requirement already satisfied: typing-extensions>=4.8.0 in /opt/hostedtoolcache/Python/3.12.11/x64/lib/python3.12/site-packages (from fastapi==0.111.0->-r services/repricer/requirements.txt (line 4)) (4.14.1)
2025-08-21T14:28:25.5835994Z Requirement already satisfied: fastapi-cli>=0.0.2 in /opt/hostedtoolcache/Python/3.12.11/x64/lib/python3.12/site-packages (from fastapi==0.111.0->-r services/repricer/requirements.txt (line 4)) (0.0.8)
2025-08-21T14:28:25.5841400Z Requirement already satisfied: httpx>=0.23.0 in /opt/hostedtoolcache/Python/3.12.11/x64/lib/python3.12/site-packages (from fastapi==0.111.0->-r services/repricer/requirements.txt (line 4)) (0.27.2)
2025-08-21T14:28:25.5847048Z Requirement already satisfied: jinja2>=2.11.2 in /opt/hostedtoolcache/Python/3.12.11/x64/lib/python3.12/site-packages (from fastapi==0.111.0->-r services/repricer/requirements.txt (line 4)) (3.1.5)
2025-08-21T14:28:25.5852537Z Requirement already satisfied: python-multipart>=0.0.7 in /opt/hostedtoolcache/Python/3.12.11/x64/lib/python3.12/site-packages (from fastapi==0.111.0->-r services/repricer/requirements.txt (line 4)) (0.0.20)
2025-08-21T14:28:25.5860816Z Requirement already satisfied: ujson!=4.0.2,!=4.1.0,!=4.2.0,!=4.3.0,!=5.0.0,!=5.1.0,>=4.0.1 in /opt/hostedtoolcache/Python/3.12.11/x64/lib/python3.12/site-packages (from fastapi==0.111.0->-r services/repricer/requirements.txt (line 4)) (5.11.0)
2025-08-21T14:28:25.5866538Z Requirement already satisfied: orjson>=3.2.1 in /opt/hostedtoolcache/Python/3.12.11/x64/lib/python3.12/site-packages (from fastapi==0.111.0->-r services/repricer/requirements.txt (line 4)) (3.11.2)
2025-08-21T14:28:25.5872354Z Requirement already satisfied: email_validator>=2.0.0 in /opt/hostedtoolcache/Python/3.12.11/x64/lib/python3.12/site-packages (from fastapi==0.111.0->-r services/repricer/requirements.txt (line 4)) (2.2.0)
2025-08-21T14:28:25.5918366Z Requirement already satisfied: greenlet!=0.4.17 in /opt/hostedtoolcache/Python/3.12.11/x64/lib/python3.12/site-packages (from sqlalchemy==2.0.29->-r services/repricer/requirements.txt (line 5)) (3.2.4)
2025-08-21T14:28:25.5960371Z Requirement already satisfied: botocore<1.35.0,>=1.34.162 in /opt/hostedtoolcache/Python/3.12.11/x64/lib/python3.12/site-packages (from boto3<2,>=1.16.39->python-amazon-sp-api==0.8.0->-r services/repricer/requirements.txt (line 3)) (1.34.162)
2025-08-21T14:28:25.5967415Z Requirement already satisfied: jmespath<2.0.0,>=0.7.1 in /opt/hostedtoolcache/Python/3.12.11/x64/lib/python3.12/site-packages (from boto3<2,>=1.16.39->python-amazon-sp-api==0.8.0->-r services/repricer/requirements.txt (line 3)) (1.0.1)
2025-08-21T14:28:25.5974635Z Requirement already satisfied: s3transfer<0.11.0,>=0.10.0 in /opt/hostedtoolcache/Python/3.12.11/x64/lib/python3.12/site-packages (from boto3<2,>=1.16.39->python-amazon-sp-api==0.8.0->-r services/repricer/requirements.txt (line 3)) (0.10.4)
2025-08-21T14:28:25.5992297Z Requirement already satisfied: python-dateutil<3.0.0,>=2.1 in /opt/hostedtoolcache/Python/3.12.11/x64/lib/python3.12/site-packages (from botocore<1.35.0,>=1.34.162->boto3<2,>=1.16.39->python-amazon-sp-api==0.8.0->-r services/repricer/requirements.txt (line 3)) (2.9.0.post0)
2025-08-21T14:28:25.6005159Z Requirement already satisfied: urllib3!=2.2.0,<3,>=1.25.4 in /opt/hostedtoolcache/Python/3.12.11/x64/lib/python3.12/site-packages (from botocore<1.35.0,>=1.34.162->boto3<2,>=1.16.39->python-amazon-sp-api==0.8.0->-r services/repricer/requirements.txt (line 3)) (2.5.0)
2025-08-21T14:28:25.6023713Z Requirement already satisfied: pyyaml in /opt/hostedtoolcache/Python/3.12.11/x64/lib/python3.12/site-packages (from confuse~=1.4.0->python-amazon-sp-api==0.8.0->-r services/repricer/requirements.txt (line 3)) (6.0.2)
2025-08-21T14:28:25.6055899Z Requirement already satisfied: annotated-types>=0.6.0 in /opt/hostedtoolcache/Python/3.12.11/x64/lib/python3.12/site-packages (from pydantic>=2.3.0->pydantic-settings==2.2.1->-r services/repricer/requirements.txt (line 2)) (0.7.0)
2025-08-21T14:28:25.6062095Z Requirement already satisfied: pydantic-core==2.33.2 in /opt/hostedtoolcache/Python/3.12.11/x64/lib/python3.12/site-packages (from pydantic>=2.3.0->pydantic-settings==2.2.1->-r services/repricer/requirements.txt (line 2)) (2.33.2)
2025-08-21T14:28:25.6069794Z Requirement already satisfied: typing-inspection>=0.4.0 in /opt/hostedtoolcache/Python/3.12.11/x64/lib/python3.12/site-packages (from pydantic>=2.3.0->pydantic-settings==2.2.1->-r services/repricer/requirements.txt (line 2)) (0.4.1)
2025-08-21T14:28:25.6127542Z Requirement already satisfied: anyio<5,>=3.4.0 in /opt/hostedtoolcache/Python/3.12.11/x64/lib/python3.12/site-packages (from starlette<0.38.0,>=0.37.2->fastapi==0.111.0->-r services/repricer/requirements.txt (line 4)) (4.10.0)
2025-08-21T14:28:25.6150715Z Requirement already satisfied: idna>=2.8 in /opt/hostedtoolcache/Python/3.12.11/x64/lib/python3.12/site-packages (from anyio<5,>=3.4.0->starlette<0.38.0,>=0.37.2->fastapi==0.111.0->-r services/repricer/requirements.txt (line 4)) (3.10)
2025-08-21T14:28:25.6155663Z Requirement already satisfied: sniffio>=1.1 in /opt/hostedtoolcache/Python/3.12.11/x64/lib/python3.12/site-packages (from anyio<5,>=3.4.0->starlette<0.38.0,>=0.37.2->fastapi==0.111.0->-r services/repricer/requirements.txt (line 4)) (1.3.1)
2025-08-21T14:28:25.6209310Z Requirement already satisfied: dnspython>=2.0.0 in /opt/hostedtoolcache/Python/3.12.11/x64/lib/python3.12/site-packages (from email_validator>=2.0.0->fastapi==0.111.0->-r services/repricer/requirements.txt (line 4)) (2.7.0)
2025-08-21T14:28:25.6255144Z Requirement already satisfied: typer>=0.15.1 in /opt/hostedtoolcache/Python/3.12.11/x64/lib/python3.12/site-packages (from fastapi-cli>=0.0.2->fastapi==0.111.0->-r services/repricer/requirements.txt (line 4)) (0.16.1)
2025-08-21T14:28:25.6264760Z Requirement already satisfied: rich-toolkit>=0.14.8 in /opt/hostedtoolcache/Python/3.12.11/x64/lib/python3.12/site-packages (from fastapi-cli>=0.0.2->fastapi==0.111.0->-r services/repricer/requirements.txt (line 4)) (0.15.0)
2025-08-21T14:28:25.6303221Z Requirement already satisfied: certifi in /opt/hostedtoolcache/Python/3.12.11/x64/lib/python3.12/site-packages (from httpx>=0.23.0->fastapi==0.111.0->-r services/repricer/requirements.txt (line 4)) (2025.8.3)
2025-08-21T14:28:25.6307793Z Requirement already satisfied: httpcore==1.* in /opt/hostedtoolcache/Python/3.12.11/x64/lib/python3.12/site-packages (from httpx>=0.23.0->fastapi==0.111.0->-r services/repricer/requirements.txt (line 4)) (1.0.9)
2025-08-21T14:28:25.6361709Z Requirement already satisfied: MarkupSafe>=2.0 in /opt/hostedtoolcache/Python/3.12.11/x64/lib/python3.12/site-packages (from jinja2>=2.11.2->fastapi==0.111.0->-r services/repricer/requirements.txt (line 4)) (3.0.2)
2025-08-21T14:28:25.6417080Z Requirement already satisfied: rich>=13.7.1 in /opt/hostedtoolcache/Python/3.12.11/x64/lib/python3.12/site-packages (from rich-toolkit>=0.14.8->fastapi-cli>=0.0.2->fastapi==0.111.0->-r services/repricer/requirements.txt (line 4)) (14.1.0)
2025-08-21T14:28:25.6438383Z Requirement already satisfied: markdown-it-py>=2.2.0 in /opt/hostedtoolcache/Python/3.12.11/x64/lib/python3.12/site-packages (from rich>=13.7.1->rich-toolkit>=0.14.8->fastapi-cli>=0.0.2->fastapi==0.111.0->-r services/repricer/requirements.txt (line 4)) (4.0.0)
2025-08-21T14:28:25.6445003Z Requirement already satisfied: pygments<3.0.0,>=2.13.0 in /opt/hostedtoolcache/Python/3.12.11/x64/lib/python3.12/site-packages (from rich>=13.7.1->rich-toolkit>=0.14.8->fastapi-cli>=0.0.2->fastapi==0.111.0->-r services/repricer/requirements.txt (line 4)) (2.19.2)
2025-08-21T14:28:25.6470830Z Requirement already satisfied: mdurl~=0.1 in /opt/hostedtoolcache/Python/3.12.11/x64/lib/python3.12/site-packages (from markdown-it-py>=2.2.0->rich>=13.7.1->rich-toolkit>=0.14.8->fastapi-cli>=0.0.2->fastapi==0.111.0->-r services/repricer/requirements.txt (line 4)) (0.1.2)
2025-08-21T14:28:25.6534045Z Requirement already satisfied: shellingham>=1.3.0 in /opt/hostedtoolcache/Python/3.12.11/x64/lib/python3.12/site-packages (from typer>=0.15.1->fastapi-cli>=0.0.2->fastapi==0.111.0->-r services/repricer/requirements.txt (line 4)) (1.5.4)
2025-08-21T14:28:25.6604543Z Requirement already satisfied: httptools>=0.5.0 in /opt/hostedtoolcache/Python/3.12.11/x64/lib/python3.12/site-packages (from uvicorn[standard]>=0.12.0->fastapi==0.111.0->-r services/repricer/requirements.txt (line 4)) (0.6.4)
2025-08-21T14:28:25.6619137Z Requirement already satisfied: uvloop!=0.15.0,!=0.15.1,>=0.14.0 in /opt/hostedtoolcache/Python/3.12.11/x64/lib/python3.12/site-packages (from uvicorn[standard]>=0.12.0->fastapi==0.111.0->-r services/repricer/requirements.txt (line 4)) (0.21.0)
2025-08-21T14:28:25.6626253Z Requirement already satisfied: watchfiles>=0.13 in /opt/hostedtoolcache/Python/3.12.11/x64/lib/python3.12/site-packages (from uvicorn[standard]>=0.12.0->fastapi==0.111.0->-r services/repricer/requirements.txt (line 4)) (1.1.0)
2025-08-21T14:28:25.6632953Z Requirement already satisfied: websockets>=10.4 in /opt/hostedtoolcache/Python/3.12.11/x64/lib/python3.12/site-packages (from uvicorn[standard]>=0.12.0->fastapi==0.111.0->-r services/repricer/requirements.txt (line 4)) (15.0.1)
2025-08-21T14:28:25.6756109Z Requirement already satisfied: charset_normalizer<4,>=2 in /opt/hostedtoolcache/Python/3.12.11/x64/lib/python3.12/site-packages (from requests->python-amazon-sp-api==0.8.0->-r services/repricer/requirements.txt (line 3)) (3.4.3)
2025-08-21T14:28:26.2593634Z Collecting celery==5.4.* (from celery[redis]==5.4.*->-r services/fees_h10/requirements.txt (line 1))
2025-08-21T14:28:26.2606578Z   Using cached celery-5.4.0-py3-none-any.whl.metadata (21 kB)
2025-08-21T14:28:26.2814311Z Requirement already satisfied: asyncpg in /opt/hostedtoolcache/Python/3.12.11/x64/lib/python3.12/site-packages (from -r services/fees_h10/requirements.txt (line 2)) (0.29.0)
2025-08-21T14:28:26.2818672Z Requirement already satisfied: httpx in /opt/hostedtoolcache/Python/3.12.11/x64/lib/python3.12/site-packages (from -r services/fees_h10/requirements.txt (line 3)) (0.27.2)
2025-08-21T14:28:26.2822990Z Requirement already satisfied: sqlalchemy in /opt/hostedtoolcache/Python/3.12.11/x64/lib/python3.12/site-packages (from -r services/fees_h10/requirements.txt (line 4)) (2.0.29)
2025-08-21T14:28:26.2835788Z Requirement already satisfied: billiard<5.0,>=4.2.0 in /opt/hostedtoolcache/Python/3.12.11/x64/lib/python3.12/site-packages (from celery==5.4.*->celery[redis]==5.4.*->-r services/fees_h10/requirements.txt (line 1)) (4.2.1)
2025-08-21T14:28:26.2843307Z Requirement already satisfied: kombu<6.0,>=5.3.4 in /opt/hostedtoolcache/Python/3.12.11/x64/lib/python3.12/site-packages (from celery==5.4.*->celery[redis]==5.4.*->-r services/fees_h10/requirements.txt (line 1)) (5.5.4)
2025-08-21T14:28:26.2849726Z Requirement already satisfied: vine<6.0,>=5.1.0 in /opt/hostedtoolcache/Python/3.12.11/x64/lib/python3.12/site-packages (from celery==5.4.*->celery[redis]==5.4.*->-r services/fees_h10/requirements.txt (line 1)) (5.1.0)
2025-08-21T14:28:26.2855962Z Requirement already satisfied: click<9.0,>=8.1.2 in /opt/hostedtoolcache/Python/3.12.11/x64/lib/python3.12/site-packages (from celery==5.4.*->celery[redis]==5.4.*->-r services/fees_h10/requirements.txt (line 1)) (8.2.1)
2025-08-21T14:28:26.2862047Z Requirement already satisfied: click-didyoumean>=0.3.0 in /opt/hostedtoolcache/Python/3.12.11/x64/lib/python3.12/site-packages (from celery==5.4.*->celery[redis]==5.4.*->-r services/fees_h10/requirements.txt (line 1)) (0.3.1)
2025-08-21T14:28:26.2867821Z Requirement already satisfied: click-repl>=0.2.0 in /opt/hostedtoolcache/Python/3.12.11/x64/lib/python3.12/site-packages (from celery==5.4.*->celery[redis]==5.4.*->-r services/fees_h10/requirements.txt (line 1)) (0.3.0)
2025-08-21T14:28:26.2873885Z Requirement already satisfied: click-plugins>=1.1.1 in /opt/hostedtoolcache/Python/3.12.11/x64/lib/python3.12/site-packages (from celery==5.4.*->celery[redis]==5.4.*->-r services/fees_h10/requirements.txt (line 1)) (1.1.1.2)
2025-08-21T14:28:26.2879634Z Requirement already satisfied: tzdata>=2022.7 in /opt/hostedtoolcache/Python/3.12.11/x64/lib/python3.12/site-packages (from celery==5.4.*->celery[redis]==5.4.*->-r services/fees_h10/requirements.txt (line 1)) (2025.2)
2025-08-21T14:28:26.2885542Z Requirement already satisfied: python-dateutil>=2.8.2 in /opt/hostedtoolcache/Python/3.12.11/x64/lib/python3.12/site-packages (from celery==5.4.*->celery[redis]==5.4.*->-r services/fees_h10/requirements.txt (line 1)) (2.9.0.post0)
2025-08-21T14:28:26.2924949Z Requirement already satisfied: redis!=4.5.5,<6.0.0,>=4.5.2 in /opt/hostedtoolcache/Python/3.12.11/x64/lib/python3.12/site-packages (from celery[redis]==5.4.*->-r services/fees_h10/requirements.txt (line 1)) (5.0.8)
2025-08-21T14:28:26.2946773Z Requirement already satisfied: amqp<6.0.0,>=5.1.1 in /opt/hostedtoolcache/Python/3.12.11/x64/lib/python3.12/site-packages (from kombu<6.0,>=5.3.4->celery==5.4.*->celery[redis]==5.4.*->-r services/fees_h10/requirements.txt (line 1)) (5.3.1)
2025-08-21T14:28:26.2958704Z Requirement already satisfied: packaging in /opt/hostedtoolcache/Python/3.12.11/x64/lib/python3.12/site-packages (from kombu<6.0,>=5.3.4->celery==5.4.*->celery[redis]==5.4.*->-r services/fees_h10/requirements.txt (line 1)) (25.0)
2025-08-21T14:28:26.3041787Z Requirement already satisfied: anyio in /opt/hostedtoolcache/Python/3.12.11/x64/lib/python3.12/site-packages (from httpx->-r services/fees_h10/requirements.txt (line 3)) (4.10.0)
2025-08-21T14:28:26.3046585Z Requirement already satisfied: certifi in /opt/hostedtoolcache/Python/3.12.11/x64/lib/python3.12/site-packages (from httpx->-r services/fees_h10/requirements.txt (line 3)) (2025.8.3)
2025-08-21T14:28:26.3052590Z Requirement already satisfied: httpcore==1.* in /opt/hostedtoolcache/Python/3.12.11/x64/lib/python3.12/site-packages (from httpx->-r services/fees_h10/requirements.txt (line 3)) (1.0.9)
2025-08-21T14:28:26.3057043Z Requirement already satisfied: idna in /opt/hostedtoolcache/Python/3.12.11/x64/lib/python3.12/site-packages (from httpx->-r services/fees_h10/requirements.txt (line 3)) (3.10)
2025-08-21T14:28:26.3061750Z Requirement already satisfied: sniffio in /opt/hostedtoolcache/Python/3.12.11/x64/lib/python3.12/site-packages (from httpx->-r services/fees_h10/requirements.txt (line 3)) (1.3.1)
2025-08-21T14:28:26.3086100Z Requirement already satisfied: h11>=0.16 in /opt/hostedtoolcache/Python/3.12.11/x64/lib/python3.12/site-packages (from httpcore==1.*->httpx->-r services/fees_h10/requirements.txt (line 3)) (0.16.0)
2025-08-21T14:28:26.3105402Z Requirement already satisfied: typing-extensions>=4.6.0 in /opt/hostedtoolcache/Python/3.12.11/x64/lib/python3.12/site-packages (from sqlalchemy->-r services/fees_h10/requirements.txt (line 4)) (4.14.1)
2025-08-21T14:28:26.3120216Z Requirement already satisfied: greenlet!=0.4.17 in /opt/hostedtoolcache/Python/3.12.11/x64/lib/python3.12/site-packages (from sqlalchemy->-r services/fees_h10/requirements.txt (line 4)) (3.2.4)
2025-08-21T14:28:26.3191109Z Requirement already satisfied: prompt-toolkit>=3.0.36 in /opt/hostedtoolcache/Python/3.12.11/x64/lib/python3.12/site-packages (from click-repl>=0.2.0->celery==5.4.*->celery[redis]==5.4.*->-r services/fees_h10/requirements.txt (line 1)) (3.0.51)
2025-08-21T14:28:26.3227775Z Requirement already satisfied: wcwidth in /opt/hostedtoolcache/Python/3.12.11/x64/lib/python3.12/site-packages (from prompt-toolkit>=3.0.36->click-repl>=0.2.0->celery==5.4.*->celery[redis]==5.4.*->-r services/fees_h10/requirements.txt (line 1)) (0.2.13)
2025-08-21T14:28:26.3244691Z Requirement already satisfied: six>=1.5 in /opt/hostedtoolcache/Python/3.12.11/x64/lib/python3.12/site-packages (from python-dateutil>=2.8.2->celery==5.4.*->celery[redis]==5.4.*->-r services/fees_h10/requirements.txt (line 1)) (1.17.0)
2025-08-21T14:28:26.3354114Z Using cached celery-5.4.0-py3-none-any.whl (425 kB)
2025-08-21T14:28:26.4632503Z Installing collected packages: celery
2025-08-21T14:28:26.4633858Z   Attempting uninstall: celery
2025-08-21T14:28:26.4678909Z     Found existing installation: celery 5.3.6
2025-08-21T14:28:26.4826404Z     Uninstalling celery-5.3.6:
2025-08-21T14:28:26.4854182Z       Successfully uninstalled celery-5.3.6
2025-08-21T14:28:26.7973187Z Successfully installed celery-5.4.0
2025-08-21T14:28:27.2808172Z Collecting python-telegram-bot==20.8 (from -r services/alert_bot/requirements.txt (line 1))
2025-08-21T14:28:27.2820954Z   Using cached python_telegram_bot-20.8-py3-none-any.whl.metadata (15 kB)
2025-08-21T14:28:27.3020783Z Collecting APScheduler==3.10.4 (from -r services/alert_bot/requirements.txt (line 2))
2025-08-21T14:28:27.3032248Z   Using cached APScheduler-3.10.4-py3-none-any.whl.metadata (5.7 kB)
2025-08-21T14:28:27.3074851Z Requirement already satisfied: asyncpg in /opt/hostedtoolcache/Python/3.12.11/x64/lib/python3.12/site-packages (from -r services/alert_bot/requirements.txt (line 3)) (0.29.0)
2025-08-21T14:28:27.3243350Z Collecting httpx~=0.26.0 (from python-telegram-bot==20.8->-r services/alert_bot/requirements.txt (line 1))
2025-08-21T14:28:27.3254925Z   Using cached httpx-0.26.0-py3-none-any.whl.metadata (7.6 kB)
2025-08-21T14:28:27.3293909Z Requirement already satisfied: six>=1.4.0 in /opt/hostedtoolcache/Python/3.12.11/x64/lib/python3.12/site-packages (from APScheduler==3.10.4->-r services/alert_bot/requirements.txt (line 2)) (1.17.0)
2025-08-21T14:28:27.3298395Z Requirement already satisfied: pytz in /opt/hostedtoolcache/Python/3.12.11/x64/lib/python3.12/site-packages (from APScheduler==3.10.4->-r services/alert_bot/requirements.txt (line 2)) (2025.2)
2025-08-21T14:28:27.3441519Z Collecting tzlocal!=3.*,>=2.0 (from APScheduler==3.10.4->-r services/alert_bot/requirements.txt (line 2))
2025-08-21T14:28:27.3452610Z   Using cached tzlocal-5.3.1-py3-none-any.whl.metadata (7.6 kB)
2025-08-21T14:28:27.3485061Z Requirement already satisfied: anyio in /opt/hostedtoolcache/Python/3.12.11/x64/lib/python3.12/site-packages (from httpx~=0.26.0->python-telegram-bot==20.8->-r services/alert_bot/requirements.txt (line 1)) (4.10.0)
2025-08-21T14:28:27.3489427Z Requirement already satisfied: certifi in /opt/hostedtoolcache/Python/3.12.11/x64/lib/python3.12/site-packages (from httpx~=0.26.0->python-telegram-bot==20.8->-r services/alert_bot/requirements.txt (line 1)) (2025.8.3)
2025-08-21T14:28:27.3494787Z Requirement already satisfied: httpcore==1.* in /opt/hostedtoolcache/Python/3.12.11/x64/lib/python3.12/site-packages (from httpx~=0.26.0->python-telegram-bot==20.8->-r services/alert_bot/requirements.txt (line 1)) (1.0.9)
2025-08-21T14:28:27.3499241Z Requirement already satisfied: idna in /opt/hostedtoolcache/Python/3.12.11/x64/lib/python3.12/site-packages (from httpx~=0.26.0->python-telegram-bot==20.8->-r services/alert_bot/requirements.txt (line 1)) (3.10)
2025-08-21T14:28:27.3503442Z Requirement already satisfied: sniffio in /opt/hostedtoolcache/Python/3.12.11/x64/lib/python3.12/site-packages (from httpx~=0.26.0->python-telegram-bot==20.8->-r services/alert_bot/requirements.txt (line 1)) (1.3.1)
2025-08-21T14:28:27.3519036Z Requirement already satisfied: h11>=0.16 in /opt/hostedtoolcache/Python/3.12.11/x64/lib/python3.12/site-packages (from httpcore==1.*->httpx~=0.26.0->python-telegram-bot==20.8->-r services/alert_bot/requirements.txt (line 1)) (0.16.0)
2025-08-21T14:28:27.3568600Z Requirement already satisfied: typing_extensions>=4.5 in /opt/hostedtoolcache/Python/3.12.11/x64/lib/python3.12/site-packages (from anyio->httpx~=0.26.0->python-telegram-bot==20.8->-r services/alert_bot/requirements.txt (line 1)) (4.14.1)
2025-08-21T14:28:27.3619515Z Using cached python_telegram_bot-20.8-py3-none-any.whl (604 kB)
2025-08-21T14:28:27.3636462Z Using cached APScheduler-3.10.4-py3-none-any.whl (59 kB)
2025-08-21T14:28:27.3648702Z Using cached httpx-0.26.0-py3-none-any.whl (75 kB)
2025-08-21T14:28:27.3659795Z Using cached tzlocal-5.3.1-py3-none-any.whl (18 kB)
2025-08-21T14:28:27.5070721Z Installing collected packages: tzlocal, httpx, APScheduler, python-telegram-bot
2025-08-21T14:28:27.5190763Z   Attempting uninstall: httpx
2025-08-21T14:28:27.5221865Z     Found existing installation: httpx 0.27.2
2025-08-21T14:28:27.5260395Z     Uninstalling httpx-0.27.2:
2025-08-21T14:28:27.5274560Z       Successfully uninstalled httpx-0.27.2
2025-08-21T14:28:27.9292576Z 
2025-08-21T14:28:27.9375860Z Successfully installed APScheduler-3.10.4 httpx-0.26.0 python-telegram-bot-20.8 tzlocal-5.3.1
2025-08-21T14:28:28.4223150Z Collecting Jinja2==3.1.6 (from -r requirements-dev.txt (line 2))
2025-08-21T14:28:28.4235576Z   Using cached jinja2-3.1.6-py3-none-any.whl.metadata (2.9 kB)
2025-08-21T14:28:28.4441161Z Collecting alembic==1.16.4 (from -r requirements-dev.txt (line 3))
2025-08-21T14:28:28.4451527Z   Using cached alembic-1.16.4-py3-none-any.whl.metadata (7.3 kB)
2025-08-21T14:28:28.4473946Z Requirement already satisfied: apscheduler==3.10.4 in /opt/hostedtoolcache/Python/3.12.11/x64/lib/python3.12/site-packages (from -r requirements-dev.txt (line 4)) (3.10.4)
2025-08-21T14:28:28.4478589Z Requirement already satisfied: asgi-correlation-id==4.3.1 in /opt/hostedtoolcache/Python/3.12.11/x64/lib/python3.12/site-packages (from -r requirements-dev.txt (line 5)) (4.3.1)
2025-08-21T14:28:28.4846755Z Collecting asyncpg==0.30.0 (from -r requirements-dev.txt (line 6))
2025-08-21T14:28:28.4857290Z   Using cached asyncpg-0.30.0-cp312-cp312-manylinux_2_17_x86_64.manylinux2014_x86_64.whl.metadata (5.0 kB)
2025-08-21T14:28:28.5258500Z Collecting black==25.1.0 (from -r requirements-dev.txt (line 7))
2025-08-21T14:28:28.5269871Z   Using cached black-25.1.0-cp312-cp312-manylinux_2_17_x86_64.manylinux2014_x86_64.manylinux_2_28_x86_64.whl.metadata (81 kB)
2025-08-21T14:28:28.5351545Z Requirement already satisfied: boto3 in /opt/hostedtoolcache/Python/3.12.11/x64/lib/python3.12/site-packages (from -r requirements-dev.txt (line 8)) (1.34.162)
2025-08-21T14:28:28.5673483Z Collecting redis==6.* (from -r requirements-dev.txt (line 9))
2025-08-21T14:28:28.5683468Z   Using cached redis-6.4.0-py3-none-any.whl.metadata (10 kB)
2025-08-21T14:28:28.5712137Z Requirement already satisfied: minio==7.* in /opt/hostedtoolcache/Python/3.12.11/x64/lib/python3.12/site-packages (from -r requirements-dev.txt (line 10)) (7.1.15)
2025-08-21T14:28:28.5830354Z Collecting vulture==2.10 (from -r requirements-dev.txt (line 11))
2025-08-21T14:28:28.5841111Z   Using cached vulture-2.10-py2.py3-none-any.whl.metadata (23 kB)
2025-08-21T14:28:28.6133182Z Collecting celery==5.5.3 (from -r requirements-dev.txt (line 12))
2025-08-21T14:28:28.6143339Z   Using cached celery-5.5.3-py3-none-any.whl.metadata (22 kB)
2025-08-21T14:28:28.6678655Z Collecting fastapi==0.116.1 (from -r requirements-dev.txt (line 13))
2025-08-21T14:28:28.6689453Z   Using cached fastapi-0.116.1-py3-none-any.whl.metadata (28 kB)
2025-08-21T14:28:28.6755695Z Requirement already satisfied: fastapi-limiter==0.1.6 in /opt/hostedtoolcache/Python/3.12.11/x64/lib/python3.12/site-packages (from -r requirements-dev.txt (line 15)) (0.1.6)
2025-08-21T14:28:28.6901968Z Collecting httpx<0.29,>=0.27 (from -r requirements-dev.txt (line 16))
2025-08-21T14:28:28.6912107Z   Using cached httpx-0.28.1-py3-none-any.whl.metadata (7.1 kB)
2025-08-21T14:28:28.7030507Z Collecting imapclient==3.0.1 (from -r requirements-dev.txt (line 17))
2025-08-21T14:28:28.7041464Z   Using cached IMAPClient-3.0.1-py2.py3-none-any.whl.metadata (1.7 kB)
2025-08-21T14:28:28.7121832Z Collecting itsdangerous (from -r requirements-dev.txt (line 18))
2025-08-21T14:28:28.7132934Z   Using cached itsdangerous-2.2.0-py3-none-any.whl.metadata (1.9 kB)
2025-08-21T14:28:28.8037150Z Collecting mypy==1.* (from -r requirements-dev.txt (line 19))
2025-08-21T14:28:28.8049128Z   Using cached mypy-1.17.1-cp312-cp312-manylinux2014_x86_64.manylinux_2_17_x86_64.manylinux_2_28_x86_64.whl.metadata (2.2 kB)
2025-08-21T14:28:28.8074438Z Requirement already satisfied: mypy-extensions==1.1.0 in /opt/hostedtoolcache/Python/3.12.11/x64/lib/python3.12/site-packages (from -r requirements-dev.txt (line 20)) (1.1.0)
2025-08-21T14:28:28.8078572Z Requirement already satisfied: numpy<2 in /opt/hostedtoolcache/Python/3.12.11/x64/lib/python3.12/site-packages (from -r requirements-dev.txt (line 21)) (1.26.4)
2025-08-21T14:28:28.8081969Z Requirement already satisfied: openpyxl==3.1.5 in /opt/hostedtoolcache/Python/3.12.11/x64/lib/python3.12/site-packages (from -r requirements-dev.txt (line 22)) (3.1.5)
2025-08-21T14:28:28.8085438Z Requirement already satisfied: pandas==2.2.* in /opt/hostedtoolcache/Python/3.12.11/x64/lib/python3.12/site-packages (from -r requirements-dev.txt (line 23)) (2.2.3)
2025-08-21T14:28:28.8089078Z Requirement already satisfied: psycopg2-binary==2.9.10 in /opt/hostedtoolcache/Python/3.12.11/x64/lib/python3.12/site-packages (from -r requirements-dev.txt (line 24)) (2.9.10)
2025-08-21T14:28:28.8093653Z Requirement already satisfied: psycopg==3.2.9 in /opt/hostedtoolcache/Python/3.12.11/x64/lib/python3.12/site-packages (from psycopg[binary]==3.2.9->-r requirements-dev.txt (line 25)) (3.2.9)
2025-08-21T14:28:28.8097021Z Requirement already satisfied: pydantic==2.11.7 in /opt/hostedtoolcache/Python/3.12.11/x64/lib/python3.12/site-packages (from -r requirements-dev.txt (line 26)) (2.11.7)
2025-08-21T14:28:28.9191188Z Collecting setuptools (from -r requirements-dev.txt (line 27))
2025-08-21T14:28:28.9202454Z   Using cached setuptools-80.9.0-py3-none-any.whl.metadata (6.6 kB)
2025-08-21T14:28:28.9432183Z Collecting pytest-asyncio==1.1.0 (from -r requirements-dev.txt (line 28))
2025-08-21T14:28:28.9443911Z   Using cached pytest_asyncio-1.1.0-py3-none-any.whl.metadata (4.1 kB)
2025-08-21T14:28:28.9569803Z Collecting pytest-cov==6.2.1 (from -r requirements-dev.txt (line 29))
2025-08-21T14:28:28.9579885Z   Using cached pytest_cov-6.2.1-py3-none-any.whl.metadata (30 kB)
2025-08-21T14:28:28.9737138Z Collecting pytest-postgresql==7.0.2 (from -r requirements-dev.txt (line 30))
2025-08-21T14:28:28.9747646Z   Using cached pytest_postgresql-7.0.2-py3-none-any.whl.metadata (18 kB)
2025-08-21T14:28:28.9776818Z Requirement already satisfied: python-dotenv in /opt/hostedtoolcache/Python/3.12.11/x64/lib/python3.12/site-packages (from -r requirements-dev.txt (line 31)) (1.1.1)
2025-08-21T14:28:28.9780249Z Requirement already satisfied: python-multipart in /opt/hostedtoolcache/Python/3.12.11/x64/lib/python3.12/site-packages (from -r requirements-dev.txt (line 32)) (0.0.20)
2025-08-21T14:28:29.0036576Z Collecting python-telegram-bot==22.3 (from -r requirements-dev.txt (line 33))
2025-08-21T14:28:29.0047350Z   Using cached python_telegram_bot-22.3-py3-none-any.whl.metadata (17 kB)
2025-08-21T14:28:29.0311809Z Collecting requests==2.32.4 (from -r requirements-dev.txt (line 34))
2025-08-21T14:28:29.0322721Z   Using cached requests-2.32.4-py3-none-any.whl.metadata (4.9 kB)
2025-08-21T14:28:29.0542120Z Collecting respx==0.22.0 (from -r requirements-dev.txt (line 35))
2025-08-21T14:28:29.0552922Z   Using cached respx-0.22.0-py2.py3-none-any.whl.metadata (4.1 kB)
2025-08-21T14:28:29.3776212Z Collecting ruff==0.9.9 (from -r requirements-dev.txt (line 36))
2025-08-21T14:28:29.3788957Z   Using cached ruff-0.9.9-py3-none-manylinux_2_17_x86_64.manylinux2014_x86_64.whl.metadata (25 kB)
2025-08-21T14:28:29.6151737Z Collecting sqlalchemy==2.0.43 (from -r requirements-dev.txt (line 37))
2025-08-21T14:28:29.6163862Z   Using cached sqlalchemy-2.0.43-cp312-cp312-manylinux_2_17_x86_64.manylinux2014_x86_64.whl.metadata (9.6 kB)
2025-08-21T14:28:29.6256855Z Requirement already satisfied: structlog==24.1.0 in /opt/hostedtoolcache/Python/3.12.11/x64/lib/python3.12/site-packages (from -r requirements-dev.txt (line 38)) (24.1.0)
2025-08-21T14:28:29.6428758Z Collecting testcontainers==4.12.0 (from testcontainers[postgres]==4.12.0->-r requirements-dev.txt (line 39))
2025-08-21T14:28:29.6438989Z   Using cached testcontainers-4.12.0-py3-none-any.whl.metadata (8.3 kB)
2025-08-21T14:28:29.6801382Z Collecting types-requests==2.32.4.20250809 (from -r requirements-dev.txt (line 40))
2025-08-21T14:28:29.6812245Z   Using cached types_requests-2.32.4.20250809-py3-none-any.whl.metadata (2.0 kB)
2025-08-21T14:28:29.6919822Z Collecting docspec-python==2.2.2 (from -r requirements-dev.txt (line 41))
2025-08-21T14:28:29.6929841Z   Using cached docspec_python-2.2.2-py3-none-any.whl.metadata (1.0 kB)
2025-08-21T14:28:29.7075023Z Collecting pydoc-markdown==4.8.2 (from -r requirements-dev.txt (line 42))
2025-08-21T14:28:29.7085084Z   Using cached pydoc_markdown-4.8.2-py3-none-any.whl.metadata (5.9 kB)
2025-08-21T14:28:29.7113606Z Requirement already satisfied: pandera==0.19.* in /opt/hostedtoolcache/Python/3.12.11/x64/lib/python3.12/site-packages (from -r requirements-dev.txt (line 43)) (0.19.3)
2025-08-21T14:28:29.7130584Z Requirement already satisfied: MarkupSafe>=2.0 in /opt/hostedtoolcache/Python/3.12.11/x64/lib/python3.12/site-packages (from Jinja2==3.1.6->-r requirements-dev.txt (line 2)) (3.0.2)
2025-08-21T14:28:29.7227126Z Requirement already satisfied: Mako in /opt/hostedtoolcache/Python/3.12.11/x64/lib/python3.12/site-packages (from alembic==1.16.4->-r requirements-dev.txt (line 3)) (1.3.10)
2025-08-21T14:28:29.7230994Z Requirement already satisfied: typing-extensions>=4.12 in /opt/hostedtoolcache/Python/3.12.11/x64/lib/python3.12/site-packages (from alembic==1.16.4->-r requirements-dev.txt (line 3)) (4.14.1)
2025-08-21T14:28:29.7243729Z Requirement already satisfied: six>=1.4.0 in /opt/hostedtoolcache/Python/3.12.11/x64/lib/python3.12/site-packages (from apscheduler==3.10.4->-r requirements-dev.txt (line 4)) (1.17.0)
2025-08-21T14:28:29.7247305Z Requirement already satisfied: pytz in /opt/hostedtoolcache/Python/3.12.11/x64/lib/python3.12/site-packages (from apscheduler==3.10.4->-r requirements-dev.txt (line 4)) (2025.2)
2025-08-21T14:28:29.7253550Z Requirement already satisfied: tzlocal!=3.*,>=2.0 in /opt/hostedtoolcache/Python/3.12.11/x64/lib/python3.12/site-packages (from apscheduler==3.10.4->-r requirements-dev.txt (line 4)) (5.3.1)
2025-08-21T14:28:29.7289075Z Requirement already satisfied: starlette>=0.18 in /opt/hostedtoolcache/Python/3.12.11/x64/lib/python3.12/site-packages (from asgi-correlation-id==4.3.1->-r requirements-dev.txt (line 5)) (0.37.2)
2025-08-21T14:28:29.7307419Z Requirement already satisfied: click>=8.0.0 in /opt/hostedtoolcache/Python/3.12.11/x64/lib/python3.12/site-packages (from black==25.1.0->-r requirements-dev.txt (line 7)) (8.2.1)
2025-08-21T14:28:29.7312464Z Requirement already satisfied: packaging>=22.0 in /opt/hostedtoolcache/Python/3.12.11/x64/lib/python3.12/site-packages (from black==25.1.0->-r requirements-dev.txt (line 7)) (25.0)
2025-08-21T14:28:29.7398604Z Collecting pathspec>=0.9.0 (from black==25.1.0->-r requirements-dev.txt (line 7))
2025-08-21T14:28:29.7408570Z   Using cached pathspec-0.12.1-py3-none-any.whl.metadata (21 kB)
2025-08-21T14:28:29.7573478Z Collecting platformdirs>=2 (from black==25.1.0->-r requirements-dev.txt (line 7))
2025-08-21T14:28:29.7584362Z   Using cached platformdirs-4.3.8-py3-none-any.whl.metadata (12 kB)
2025-08-21T14:28:29.7697798Z Collecting toml (from vulture==2.10->-r requirements-dev.txt (line 11))
2025-08-21T14:28:29.7708426Z   Using cached toml-0.10.2-py2.py3-none-any.whl.metadata (7.1 kB)
2025-08-21T14:28:29.7734905Z Requirement already satisfied: billiard<5.0,>=4.2.1 in /opt/hostedtoolcache/Python/3.12.11/x64/lib/python3.12/site-packages (from celery==5.5.3->-r requirements-dev.txt (line 12)) (4.2.1)
2025-08-21T14:28:29.7739912Z Requirement already satisfied: kombu<5.6,>=5.5.2 in /opt/hostedtoolcache/Python/3.12.11/x64/lib/python3.12/site-packages (from celery==5.5.3->-r requirements-dev.txt (line 12)) (5.5.4)
2025-08-21T14:28:29.7744870Z Requirement already satisfied: vine<6.0,>=5.1.0 in /opt/hostedtoolcache/Python/3.12.11/x64/lib/python3.12/site-packages (from celery==5.5.3->-r requirements-dev.txt (line 12)) (5.1.0)
2025-08-21T14:28:29.7751142Z Requirement already satisfied: click-didyoumean>=0.3.0 in /opt/hostedtoolcache/Python/3.12.11/x64/lib/python3.12/site-packages (from celery==5.5.3->-r requirements-dev.txt (line 12)) (0.3.1)
2025-08-21T14:28:29.7755876Z Requirement already satisfied: click-repl>=0.2.0 in /opt/hostedtoolcache/Python/3.12.11/x64/lib/python3.12/site-packages (from celery==5.5.3->-r requirements-dev.txt (line 12)) (0.3.0)
2025-08-21T14:28:29.7760827Z Requirement already satisfied: click-plugins>=1.1.1 in /opt/hostedtoolcache/Python/3.12.11/x64/lib/python3.12/site-packages (from celery==5.5.3->-r requirements-dev.txt (line 12)) (1.1.1.2)
2025-08-21T14:28:29.7766167Z Requirement already satisfied: python-dateutil>=2.8.2 in /opt/hostedtoolcache/Python/3.12.11/x64/lib/python3.12/site-packages (from celery==5.5.3->-r requirements-dev.txt (line 12)) (2.9.0.post0)
2025-08-21T14:28:29.8011973Z Collecting starlette>=0.18 (from asgi-correlation-id==4.3.1->-r requirements-dev.txt (line 5))
2025-08-21T14:28:29.8022491Z   Using cached starlette-0.47.2-py3-none-any.whl.metadata (6.2 kB)
2025-08-21T14:28:29.8065515Z Requirement already satisfied: annotated-types>=0.6.0 in /opt/hostedtoolcache/Python/3.12.11/x64/lib/python3.12/site-packages (from pydantic==2.11.7->-r requirements-dev.txt (line 26)) (0.7.0)
2025-08-21T14:28:29.8071422Z Requirement already satisfied: pydantic-core==2.33.2 in /opt/hostedtoolcache/Python/3.12.11/x64/lib/python3.12/site-packages (from pydantic==2.11.7->-r requirements-dev.txt (line 26)) (2.33.2)
2025-08-21T14:28:29.8079365Z Requirement already satisfied: typing-inspection>=0.4.0 in /opt/hostedtoolcache/Python/3.12.11/x64/lib/python3.12/site-packages (from pydantic==2.11.7->-r requirements-dev.txt (line 26)) (0.4.1)
2025-08-21T14:28:29.8244515Z Requirement already satisfied: et-xmlfile in /opt/hostedtoolcache/Python/3.12.11/x64/lib/python3.12/site-packages (from openpyxl==3.1.5->-r requirements-dev.txt (line 22)) (2.0.0)
2025-08-21T14:28:29.8575497Z Collecting pytest<9,>=8.2 (from pytest-asyncio==1.1.0->-r requirements-dev.txt (line 28))
2025-08-21T14:28:29.8587125Z   Using cached pytest-8.4.1-py3-none-any.whl.metadata (7.7 kB)
2025-08-21T14:28:30.1828902Z Collecting coverage>=7.5 (from coverage[toml]>=7.5->pytest-cov==6.2.1->-r requirements-dev.txt (line 29))
2025-08-21T14:28:30.1838441Z   Using cached coverage-7.10.4-cp312-cp312-manylinux1_x86_64.manylinux_2_28_x86_64.manylinux_2_5_x86_64.whl.metadata (8.9 kB)
2025-08-21T14:28:30.1960085Z Collecting pluggy>=1.2 (from pytest-cov==6.2.1->-r requirements-dev.txt (line 29))
2025-08-21T14:28:30.1971745Z   Using cached pluggy-1.6.0-py3-none-any.whl.metadata (4.8 kB)
2025-08-21T14:28:30.2225175Z Collecting port-for>=0.7.3 (from pytest-postgresql==7.0.2->-r requirements-dev.txt (line 30))
2025-08-21T14:28:30.2236329Z   Using cached port_for-0.7.4-py3-none-any.whl.metadata (7.1 kB)
2025-08-21T14:28:30.2362406Z Collecting mirakuru>=2.6.0 (from pytest-postgresql==7.0.2->-r requirements-dev.txt (line 30))
2025-08-21T14:28:30.2373715Z   Using cached mirakuru-2.6.1-py3-none-any.whl.metadata (10 kB)
2025-08-21T14:28:30.2425900Z Requirement already satisfied: charset_normalizer<4,>=2 in /opt/hostedtoolcache/Python/3.12.11/x64/lib/python3.12/site-packages (from requests==2.32.4->-r requirements-dev.txt (line 34)) (3.4.3)
2025-08-21T14:28:30.2430712Z Requirement already satisfied: idna<4,>=2.5 in /opt/hostedtoolcache/Python/3.12.11/x64/lib/python3.12/site-packages (from requests==2.32.4->-r requirements-dev.txt (line 34)) (3.10)
2025-08-21T14:28:30.2435284Z Requirement already satisfied: urllib3<3,>=1.21.1 in /opt/hostedtoolcache/Python/3.12.11/x64/lib/python3.12/site-packages (from requests==2.32.4->-r requirements-dev.txt (line 34)) (2.5.0)
2025-08-21T14:28:30.2439906Z Requirement already satisfied: certifi>=2017.4.17 in /opt/hostedtoolcache/Python/3.12.11/x64/lib/python3.12/site-packages (from requests==2.32.4->-r requirements-dev.txt (line 34)) (2025.8.3)
2025-08-21T14:28:30.2523775Z Requirement already satisfied: greenlet>=1 in /opt/hostedtoolcache/Python/3.12.11/x64/lib/python3.12/site-packages (from sqlalchemy==2.0.43->-r requirements-dev.txt (line 37)) (3.2.4)
2025-08-21T14:28:30.2722789Z Collecting docker (from testcontainers==4.12.0->testcontainers[postgres]==4.12.0->-r requirements-dev.txt (line 39))
2025-08-21T14:28:30.2734229Z   Using cached docker-7.1.0-py3-none-any.whl.metadata (3.8 kB)
2025-08-21T14:28:30.2774256Z Requirement already satisfied: wrapt in /opt/hostedtoolcache/Python/3.12.11/x64/lib/python3.12/site-packages (from testcontainers==4.12.0->testcontainers[postgres]==4.12.0->-r requirements-dev.txt (line 39)) (1.17.3)
2025-08-21T14:28:30.2924532Z Collecting docspec==2.2.1 (from docspec-python==2.2.2->-r requirements-dev.txt (line 41))
2025-08-21T14:28:30.2935945Z   Using cached docspec-2.2.1-py3-none-any.whl.metadata (1.5 kB)
2025-08-21T14:28:30.3269093Z Collecting nr-util>=0.8.12 (from docspec-python==2.2.2->-r requirements-dev.txt (line 41))
2025-08-21T14:28:30.3280191Z   Using cached nr.util-0.8.12-py3-none-any.whl.metadata (813 bytes)
2025-08-21T14:28:30.3315092Z Requirement already satisfied: PyYAML<7.0,>=5.0 in /opt/hostedtoolcache/Python/3.12.11/x64/lib/python3.12/site-packages (from pydoc-markdown==4.8.2->-r requirements-dev.txt (line 42)) (6.0.2)
2025-08-21T14:28:30.3504822Z Collecting databind.core<5.0.0,>=4.4.0 (from pydoc-markdown==4.8.2->-r requirements-dev.txt (line 42))
2025-08-21T14:28:30.3515269Z   Using cached databind.core-4.5.2-py3-none-any.whl.metadata (1.1 kB)
2025-08-21T14:28:30.3746513Z Collecting databind.json<5.0.0,>=4.4.0 (from pydoc-markdown==4.8.2->-r requirements-dev.txt (line 42))
2025-08-21T14:28:30.3757428Z   Using cached databind.json-4.5.2-py3-none-any.whl.metadata (1.1 kB)
2025-08-21T14:28:30.3872620Z Collecting docstring-parser<0.12,>=0.11 (from pydoc-markdown==4.8.2->-r requirements-dev.txt (line 42))
2025-08-21T14:28:30.3874077Z   Using cached docstring_parser-0.11-py3-none-any.whl
2025-08-21T14:28:30.4141702Z Collecting tomli<3.0.0,>=2.0.0 (from pydoc-markdown==4.8.2->-r requirements-dev.txt (line 42))
2025-08-21T14:28:30.4153457Z   Using cached tomli-2.2.1-cp312-cp312-manylinux_2_17_x86_64.manylinux2014_x86_64.whl.metadata (11 kB)
2025-08-21T14:28:30.4238407Z Collecting tomli_w<2.0.0,>=1.0.0 (from pydoc-markdown==4.8.2->-r requirements-dev.txt (line 42))
2025-08-21T14:28:30.4248535Z   Using cached tomli_w-1.2.0-py3-none-any.whl.metadata (5.7 kB)
2025-08-21T14:28:30.4646890Z Collecting watchdog (from pydoc-markdown==4.8.2->-r requirements-dev.txt (line 42))
2025-08-21T14:28:30.4659009Z   Using cached watchdog-6.0.0-py3-none-manylinux2014_x86_64.whl.metadata (44 kB)
2025-08-21T14:28:30.4863254Z Collecting yapf>=0.30.0 (from pydoc-markdown==4.8.2->-r requirements-dev.txt (line 42))
2025-08-21T14:28:30.4874507Z   Using cached yapf-0.43.0-py3-none-any.whl.metadata (46 kB)
2025-08-21T14:28:30.5034479Z Collecting Deprecated<2.0.0,>=1.2.12 (from docspec==2.2.1->docspec-python==2.2.2->-r requirements-dev.txt (line 41))
2025-08-21T14:28:30.5045263Z   Using cached Deprecated-1.2.18-py2.py3-none-any.whl.metadata (5.7 kB)
2025-08-21T14:28:30.5179790Z Requirement already satisfied: psycopg-binary==3.2.9 in /opt/hostedtoolcache/Python/3.12.11/x64/lib/python3.12/site-packages (from psycopg[binary]==3.2.9->-r requirements-dev.txt (line 25)) (3.2.9)
2025-08-21T14:28:30.5272699Z Requirement already satisfied: anyio in /opt/hostedtoolcache/Python/3.12.11/x64/lib/python3.12/site-packages (from httpx<0.29,>=0.27->-r requirements-dev.txt (line 16)) (4.10.0)
2025-08-21T14:28:30.5281611Z Requirement already satisfied: httpcore==1.* in /opt/hostedtoolcache/Python/3.12.11/x64/lib/python3.12/site-packages (from httpx<0.29,>=0.27->-r requirements-dev.txt (line 16)) (1.0.9)
2025-08-21T14:28:30.5387703Z Requirement already satisfied: tzdata>=2022.7 in /opt/hostedtoolcache/Python/3.12.11/x64/lib/python3.12/site-packages (from pandas==2.2.*->-r requirements-dev.txt (line 23)) (2025.2)
2025-08-21T14:28:30.5491079Z Requirement already satisfied: multimethod<=1.10.0 in /opt/hostedtoolcache/Python/3.12.11/x64/lib/python3.12/site-packages (from pandera==0.19.*->-r requirements-dev.txt (line 43)) (1.10)
2025-08-21T14:28:30.5504340Z Requirement already satisfied: typeguard in /opt/hostedtoolcache/Python/3.12.11/x64/lib/python3.12/site-packages (from pandera==0.19.*->-r requirements-dev.txt (line 43)) (4.4.4)
2025-08-21T14:28:30.5511041Z Requirement already satisfied: typing-inspect>=0.6.0 in /opt/hostedtoolcache/Python/3.12.11/x64/lib/python3.12/site-packages (from pandera==0.19.*->-r requirements-dev.txt (line 43)) (0.9.0)
2025-08-21T14:28:30.5733959Z Collecting databind<5.0.0,>=4.5.2 (from databind.core<5.0.0,>=4.4.0->pydoc-markdown==4.8.2->-r requirements-dev.txt (line 42))
2025-08-21T14:28:30.5744111Z   Using cached databind-4.5.2-py3-none-any.whl.metadata (4.3 kB)
2025-08-21T14:28:30.5850156Z Collecting nr-date<3.0.0,>=2.0.0 (from databind<5.0.0,>=4.5.2->databind.core<5.0.0,>=4.4.0->pydoc-markdown==4.8.2->-r requirements-dev.txt (line 42))
2025-08-21T14:28:30.5859973Z   Using cached nr_date-2.1.0-py3-none-any.whl.metadata (746 bytes)
2025-08-21T14:28:30.5965409Z Collecting nr-stream<2.0.0,>=1.0.0 (from databind<5.0.0,>=4.5.2->databind.core<5.0.0,>=4.4.0->pydoc-markdown==4.8.2->-r requirements-dev.txt (line 42))
2025-08-21T14:28:30.5975425Z   Using cached nr_stream-1.1.5-py3-none-any.whl.metadata (3.6 kB)
2025-08-21T14:28:30.6117793Z Collecting typeapi<3,>=2.0.1 (from databind<5.0.0,>=4.5.2->databind.core<5.0.0,>=4.4.0->pydoc-markdown==4.8.2->-r requirements-dev.txt (line 42))
2025-08-21T14:28:30.6127731Z   Using cached typeapi-2.2.4-py3-none-any.whl.metadata (1.5 kB)
2025-08-21T14:28:30.6219946Z Requirement already satisfied: h11>=0.16 in /opt/hostedtoolcache/Python/3.12.11/x64/lib/python3.12/site-packages (from httpcore==1.*->httpx<0.29,>=0.27->-r requirements-dev.txt (line 16)) (0.16.0)
2025-08-21T14:28:30.6258558Z Requirement already satisfied: amqp<6.0.0,>=5.1.1 in /opt/hostedtoolcache/Python/3.12.11/x64/lib/python3.12/site-packages (from kombu<5.6,>=5.5.2->celery==5.5.3->-r requirements-dev.txt (line 12)) (5.3.1)
2025-08-21T14:28:30.6486506Z Collecting iniconfig>=1 (from pytest<9,>=8.2->pytest-asyncio==1.1.0->-r requirements-dev.txt (line 28))
2025-08-21T14:28:30.6497192Z   Using cached iniconfig-2.1.0-py3-none-any.whl.metadata (2.7 kB)
2025-08-21T14:28:30.6531330Z Requirement already satisfied: pygments>=2.7.2 in /opt/hostedtoolcache/Python/3.12.11/x64/lib/python3.12/site-packages (from pytest<9,>=8.2->pytest-asyncio==1.1.0->-r requirements-dev.txt (line 28)) (2.19.2)
2025-08-21T14:28:30.6611647Z Requirement already satisfied: sniffio>=1.1 in /opt/hostedtoolcache/Python/3.12.11/x64/lib/python3.12/site-packages (from anyio->httpx<0.29,>=0.27->-r requirements-dev.txt (line 16)) (1.3.1)
2025-08-21T14:28:30.6761601Z Requirement already satisfied: botocore<1.35.0,>=1.34.162 in /opt/hostedtoolcache/Python/3.12.11/x64/lib/python3.12/site-packages (from boto3->-r requirements-dev.txt (line 8)) (1.34.162)
2025-08-21T14:28:30.6768228Z Requirement already satisfied: jmespath<2.0.0,>=0.7.1 in /opt/hostedtoolcache/Python/3.12.11/x64/lib/python3.12/site-packages (from boto3->-r requirements-dev.txt (line 8)) (1.0.1)
2025-08-21T14:28:30.6774412Z Requirement already satisfied: s3transfer<0.11.0,>=0.10.0 in /opt/hostedtoolcache/Python/3.12.11/x64/lib/python3.12/site-packages (from boto3->-r requirements-dev.txt (line 8)) (0.10.4)
2025-08-21T14:28:30.6891154Z Requirement already satisfied: fastapi-cli>=0.0.8 in /opt/hostedtoolcache/Python/3.12.11/x64/lib/python3.12/site-packages (from fastapi-cli[standard]>=0.0.8; extra == "all"->fastapi[all]->-r requirements-dev.txt (line 14)) (0.0.8)
2025-08-21T14:28:30.6996088Z Requirement already satisfied: ujson!=4.0.2,!=4.1.0,!=4.2.0,!=4.3.0,!=5.0.0,!=5.1.0,>=4.0.1 in /opt/hostedtoolcache/Python/3.12.11/x64/lib/python3.12/site-packages (from fastapi[all]->-r requirements-dev.txt (line 14)) (5.11.0)
2025-08-21T14:28:30.6997785Z Requirement already satisfied: orjson>=3.2.1 in /opt/hostedtoolcache/Python/3.12.11/x64/lib/python3.12/site-packages (from fastapi[all]->-r requirements-dev.txt (line 14)) (3.11.2)
2025-08-21T14:28:30.7003897Z Requirement already satisfied: email-validator>=2.0.0 in /opt/hostedtoolcache/Python/3.12.11/x64/lib/python3.12/site-packages (from fastapi[all]->-r requirements-dev.txt (line 14)) (2.2.0)
2025-08-21T14:28:30.7011504Z Requirement already satisfied: uvicorn>=0.12.0 in /opt/hostedtoolcache/Python/3.12.11/x64/lib/python3.12/site-packages (from uvicorn[standard]>=0.12.0; extra == "all"->fastapi[all]->-r requirements-dev.txt (line 14)) (0.29.0)
2025-08-21T14:28:30.7019335Z Requirement already satisfied: pydantic-settings>=2.0.0 in /opt/hostedtoolcache/Python/3.12.11/x64/lib/python3.12/site-packages (from fastapi[all]->-r requirements-dev.txt (line 14)) (2.2.1)
2025-08-21T14:28:30.7131049Z Collecting pydantic-extra-types>=2.0.0 (from fastapi[all]->-r requirements-dev.txt (line 14))
2025-08-21T14:28:30.7142057Z   Using cached pydantic_extra_types-2.10.5-py3-none-any.whl.metadata (3.9 kB)
2025-08-21T14:28:30.7385982Z Requirement already satisfied: prompt-toolkit>=3.0.36 in /opt/hostedtoolcache/Python/3.12.11/x64/lib/python3.12/site-packages (from click-repl>=0.2.0->celery==5.5.3->-r requirements-dev.txt (line 12)) (3.0.51)
2025-08-21T14:28:30.7459362Z Requirement already satisfied: dnspython>=2.0.0 in /opt/hostedtoolcache/Python/3.12.11/x64/lib/python3.12/site-packages (from email-validator>=2.0.0->fastapi[all]->-r requirements-dev.txt (line 14)) (2.7.0)
2025-08-21T14:28:30.7526262Z Requirement already satisfied: typer>=0.15.1 in /opt/hostedtoolcache/Python/3.12.11/x64/lib/python3.12/site-packages (from fastapi-cli>=0.0.8->fastapi-cli[standard]>=0.0.8; extra == "all"->fastapi[all]->-r requirements-dev.txt (line 14)) (0.16.1)
2025-08-21T14:28:30.7531613Z Requirement already satisfied: rich-toolkit>=0.14.8 in /opt/hostedtoolcache/Python/3.12.11/x64/lib/python3.12/site-packages (from fastapi-cli>=0.0.8->fastapi-cli[standard]>=0.0.8; extra == "all"->fastapi[all]->-r requirements-dev.txt (line 14)) (0.15.0)
2025-08-21T14:28:30.7628445Z Collecting fastapi-cloud-cli>=0.1.1 (from fastapi-cli[standard]>=0.0.8; extra == "all"->fastapi[all]->-r requirements-dev.txt (line 14))
2025-08-21T14:28:30.7639611Z   Using cached fastapi_cloud_cli-0.1.5-py3-none-any.whl.metadata (3.2 kB)
2025-08-21T14:28:30.8297293Z Collecting rignore>=0.5.1 (from fastapi-cloud-cli>=0.1.1->fastapi-cli[standard]>=0.0.8; extra == "all"->fastapi[all]->-r requirements-dev.txt (line 14))
2025-08-21T14:28:30.8308280Z   Using cached rignore-0.6.4-cp312-cp312-manylinux_2_17_x86_64.manylinux2014_x86_64.whl.metadata (3.8 kB)
2025-08-21T14:28:30.8780731Z Collecting sentry-sdk>=2.20.0 (from fastapi-cloud-cli>=0.1.1->fastapi-cli[standard]>=0.0.8; extra == "all"->fastapi[all]->-r requirements-dev.txt (line 14))
2025-08-21T14:28:30.8791134Z   Using cached sentry_sdk-2.35.0-py2.py3-none-any.whl.metadata (10 kB)
2025-08-21T14:28:31.0058209Z Collecting psutil>=4.0.0 (from mirakuru>=2.6.0->pytest-postgresql==7.0.2->-r requirements-dev.txt (line 30))
2025-08-21T14:28:31.0069585Z   Using cached psutil-7.0.0-cp36-abi3-manylinux_2_12_x86_64.manylinux2010_x86_64.manylinux_2_17_x86_64.manylinux2014_x86_64.whl.metadata (22 kB)
2025-08-21T14:28:31.0249451Z Requirement already satisfied: wcwidth in /opt/hostedtoolcache/Python/3.12.11/x64/lib/python3.12/site-packages (from prompt-toolkit>=3.0.36->click-repl>=0.2.0->celery==5.5.3->-r requirements-dev.txt (line 12)) (0.2.13)
2025-08-21T14:28:31.0447096Z Requirement already satisfied: rich>=13.7.1 in /opt/hostedtoolcache/Python/3.12.11/x64/lib/python3.12/site-packages (from rich-toolkit>=0.14.8->fastapi-cli>=0.0.8->fastapi-cli[standard]>=0.0.8; extra == "all"->fastapi[all]->-r requirements-dev.txt (line 14)) (14.1.0)
2025-08-21T14:28:31.0482500Z Requirement already satisfied: markdown-it-py>=2.2.0 in /opt/hostedtoolcache/Python/3.12.11/x64/lib/python3.12/site-packages (from rich>=13.7.1->rich-toolkit>=0.14.8->fastapi-cli>=0.0.8->fastapi-cli[standard]>=0.0.8; extra == "all"->fastapi[all]->-r requirements-dev.txt (line 14)) (4.0.0)
2025-08-21T14:28:31.0513318Z Requirement already satisfied: mdurl~=0.1 in /opt/hostedtoolcache/Python/3.12.11/x64/lib/python3.12/site-packages (from markdown-it-py>=2.2.0->rich>=13.7.1->rich-toolkit>=0.14.8->fastapi-cli>=0.0.8->fastapi-cli[standard]>=0.0.8; extra == "all"->fastapi[all]->-r requirements-dev.txt (line 14)) (0.1.2)
2025-08-21T14:28:31.0702244Z Requirement already satisfied: shellingham>=1.3.0 in /opt/hostedtoolcache/Python/3.12.11/x64/lib/python3.12/site-packages (from typer>=0.15.1->fastapi-cli>=0.0.8->fastapi-cli[standard]>=0.0.8; extra == "all"->fastapi[all]->-r requirements-dev.txt (line 14)) (1.5.4)
2025-08-21T14:28:31.0932015Z Requirement already satisfied: httptools>=0.5.0 in /opt/hostedtoolcache/Python/3.12.11/x64/lib/python3.12/site-packages (from uvicorn[standard]>=0.12.0; extra == "all"->fastapi[all]->-r requirements-dev.txt (line 14)) (0.6.4)
2025-08-21T14:28:31.0948931Z Requirement already satisfied: uvloop!=0.15.0,!=0.15.1,>=0.14.0 in /opt/hostedtoolcache/Python/3.12.11/x64/lib/python3.12/site-packages (from uvicorn[standard]>=0.12.0; extra == "all"->fastapi[all]->-r requirements-dev.txt (line 14)) (0.21.0)
2025-08-21T14:28:31.0956263Z Requirement already satisfied: watchfiles>=0.13 in /opt/hostedtoolcache/Python/3.12.11/x64/lib/python3.12/site-packages (from uvicorn[standard]>=0.12.0; extra == "all"->fastapi[all]->-r requirements-dev.txt (line 14)) (1.1.0)
2025-08-21T14:28:31.0963733Z Requirement already satisfied: websockets>=10.4 in /opt/hostedtoolcache/Python/3.12.11/x64/lib/python3.12/site-packages (from uvicorn[standard]>=0.12.0; extra == "all"->fastapi[all]->-r requirements-dev.txt (line 14)) (15.0.1)
2025-08-21T14:28:31.1477827Z Using cached jinja2-3.1.6-py3-none-any.whl (134 kB)
2025-08-21T14:28:31.1490257Z Using cached alembic-1.16.4-py3-none-any.whl (247 kB)
2025-08-21T14:28:31.1502594Z Using cached asyncpg-0.30.0-cp312-cp312-manylinux_2_17_x86_64.manylinux2014_x86_64.whl (3.6 MB)
2025-08-21T14:28:31.1540884Z Using cached black-25.1.0-cp312-cp312-manylinux_2_17_x86_64.manylinux2014_x86_64.manylinux_2_28_x86_64.whl (1.8 MB)
2025-08-21T14:28:31.1564912Z Using cached vulture-2.10-py2.py3-none-any.whl (27 kB)
2025-08-21T14:28:31.1575594Z Using cached celery-5.5.3-py3-none-any.whl (438 kB)
2025-08-21T14:28:31.1589499Z Using cached fastapi-0.116.1-py3-none-any.whl (95 kB)
2025-08-21T14:28:31.1600455Z Using cached IMAPClient-3.0.1-py2.py3-none-any.whl (182 kB)
2025-08-21T14:28:31.1612026Z Using cached pytest_asyncio-1.1.0-py3-none-any.whl (15 kB)
2025-08-21T14:28:31.1622454Z Using cached pytest_cov-6.2.1-py3-none-any.whl (24 kB)
2025-08-21T14:28:31.1633131Z Using cached pytest_postgresql-7.0.2-py3-none-any.whl (41 kB)
2025-08-21T14:28:31.1643907Z Using cached python_telegram_bot-22.3-py3-none-any.whl (717 kB)
2025-08-21T14:28:31.1659666Z Using cached requests-2.32.4-py3-none-any.whl (64 kB)
2025-08-21T14:28:31.1670441Z Using cached respx-0.22.0-py2.py3-none-any.whl (25 kB)
2025-08-21T14:28:31.1681446Z Using cached ruff-0.9.9-py3-none-manylinux_2_17_x86_64.manylinux2014_x86_64.whl (11.2 MB)
2025-08-21T14:28:31.1772527Z Using cached sqlalchemy-2.0.43-cp312-cp312-manylinux_2_17_x86_64.manylinux2014_x86_64.whl (3.3 MB)
2025-08-21T14:28:31.1806562Z Using cached testcontainers-4.12.0-py3-none-any.whl (111 kB)
2025-08-21T14:28:31.1818118Z Using cached types_requests-2.32.4.20250809-py3-none-any.whl (20 kB)
2025-08-21T14:28:31.1828680Z Using cached docspec_python-2.2.2-py3-none-any.whl (15 kB)
2025-08-21T14:28:31.1839225Z Using cached pydoc_markdown-4.8.2-py3-none-any.whl (67 kB)
2025-08-21T14:28:31.1849965Z Using cached docspec-2.2.1-py3-none-any.whl (9.8 kB)
2025-08-21T14:28:31.1860523Z Using cached redis-6.4.0-py3-none-any.whl (279 kB)
2025-08-21T14:28:31.1873139Z Using cached httpx-0.28.1-py3-none-any.whl (73 kB)
2025-08-21T14:28:31.1884581Z Using cached mypy-1.17.1-cp312-cp312-manylinux2014_x86_64.manylinux_2_17_x86_64.manylinux_2_28_x86_64.whl (12.7 MB)
2025-08-21T14:28:31.1984840Z Using cached databind.core-4.5.2-py3-none-any.whl (1.5 kB)
2025-08-21T14:28:31.1995354Z Using cached databind-4.5.2-py3-none-any.whl (49 kB)
2025-08-21T14:28:31.2006332Z Using cached databind.json-4.5.2-py3-none-any.whl (1.5 kB)
2025-08-21T14:28:31.2017041Z Using cached Deprecated-1.2.18-py2.py3-none-any.whl (10.0 kB)
2025-08-21T14:28:31.2027678Z Using cached nr_date-2.1.0-py3-none-any.whl (10 kB)
2025-08-21T14:28:31.2038446Z Using cached nr_stream-1.1.5-py3-none-any.whl (10 kB)
2025-08-21T14:28:31.2049216Z Using cached nr.util-0.8.12-py3-none-any.whl (90 kB)
2025-08-21T14:28:31.2060423Z Using cached pytest-8.4.1-py3-none-any.whl (365 kB)
2025-08-21T14:28:31.2073659Z Using cached pluggy-1.6.0-py3-none-any.whl (20 kB)
2025-08-21T14:28:31.2084923Z Using cached starlette-0.47.2-py3-none-any.whl (72 kB)
2025-08-21T14:28:31.2096524Z Using cached tomli-2.2.1-cp312-cp312-manylinux_2_17_x86_64.manylinux2014_x86_64.whl (242 kB)
2025-08-21T14:28:31.2109078Z Using cached tomli_w-1.2.0-py3-none-any.whl (6.7 kB)
2025-08-21T14:28:31.2120126Z Using cached typeapi-2.2.4-py3-none-any.whl (26 kB)
2025-08-21T14:28:31.2131218Z Using cached itsdangerous-2.2.0-py3-none-any.whl (16 kB)
2025-08-21T14:28:31.2142319Z Using cached setuptools-80.9.0-py3-none-any.whl (1.2 MB)
2025-08-21T14:28:31.2162343Z Using cached coverage-7.10.4-cp312-cp312-manylinux1_x86_64.manylinux_2_28_x86_64.manylinux_2_5_x86_64.whl (251 kB)
2025-08-21T14:28:31.2174705Z Using cached fastapi_cloud_cli-0.1.5-py3-none-any.whl (18 kB)
2025-08-21T14:28:31.2185768Z Using cached iniconfig-2.1.0-py3-none-any.whl (6.0 kB)
2025-08-21T14:28:31.2196709Z Using cached mirakuru-2.6.1-py3-none-any.whl (26 kB)
2025-08-21T14:28:31.2208107Z Using cached pathspec-0.12.1-py3-none-any.whl (31 kB)
2025-08-21T14:28:31.2219344Z Using cached platformdirs-4.3.8-py3-none-any.whl (18 kB)
2025-08-21T14:28:31.2230256Z Using cached port_for-0.7.4-py3-none-any.whl (21 kB)
2025-08-21T14:28:31.2241955Z Using cached psutil-7.0.0-cp36-abi3-manylinux_2_12_x86_64.manylinux2010_x86_64.manylinux_2_17_x86_64.manylinux2014_x86_64.whl (277 kB)
2025-08-21T14:28:31.2254678Z Using cached pydantic_extra_types-2.10.5-py3-none-any.whl (38 kB)
2025-08-21T14:28:31.2266106Z Using cached rignore-0.6.4-cp312-cp312-manylinux_2_17_x86_64.manylinux2014_x86_64.whl (949 kB)
2025-08-21T14:28:31.2284086Z Using cached sentry_sdk-2.35.0-py2.py3-none-any.whl (363 kB)
2025-08-21T14:28:31.2297385Z Using cached yapf-0.43.0-py3-none-any.whl (256 kB)
2025-08-21T14:28:31.2310227Z Using cached docker-7.1.0-py3-none-any.whl (147 kB)
2025-08-21T14:28:31.2322190Z Using cached toml-0.10.2-py2.py3-none-any.whl (16 kB)
2025-08-21T14:28:31.2333292Z Using cached watchdog-6.0.0-py3-none-manylinux2014_x86_64.whl (79 kB)
2025-08-21T14:28:31.4876979Z Installing collected packages: watchdog, types-requests, typeapi, tomli_w, tomli, toml, sqlalchemy, setuptools, sentry-sdk, ruff, rignore, requests, redis, psutil, port-for, pluggy, platformdirs, pathspec, nr-stream, nr-date, Jinja2, itsdangerous, iniconfig, imapclient, docstring-parser, Deprecated, coverage, asyncpg, yapf, vulture, starlette, pytest, nr-util, mypy, mirakuru, httpx, docker, databind, black, alembic, testcontainers, respx, python-telegram-bot, pytest-postgresql, pytest-cov, pytest-asyncio, pydantic-extra-types, fastapi, databind.json, databind.core, celery, fastapi-cloud-cli, docspec, docspec-python, pydoc-markdown
2025-08-21T14:28:31.5962783Z   Attempting uninstall: sqlalchemy
2025-08-21T14:28:31.5991878Z     Found existing installation: SQLAlchemy 2.0.29
2025-08-21T14:28:31.6196344Z     Uninstalling SQLAlchemy-2.0.29:
2025-08-21T14:28:31.6227458Z       Successfully uninstalled SQLAlchemy-2.0.29
2025-08-21T14:28:33.4049058Z   Attempting uninstall: sentry-sdk
2025-08-21T14:28:33.4079368Z     Found existing installation: sentry-sdk 2.9.0
2025-08-21T14:28:33.4199247Z     Uninstalling sentry-sdk-2.9.0:
2025-08-21T14:28:33.4220686Z       Successfully uninstalled sentry-sdk-2.9.0
2025-08-21T14:28:33.8232684Z   Attempting uninstall: requests
2025-08-21T14:28:33.8275781Z     Found existing installation: requests 2.32.5
2025-08-21T14:28:33.8303142Z     Uninstalling requests-2.32.5:
2025-08-21T14:28:33.8311602Z       Successfully uninstalled requests-2.32.5
2025-08-21T14:28:33.8664585Z   Attempting uninstall: redis
2025-08-21T14:28:33.8694496Z     Found existing installation: redis 5.0.8
2025-08-21T14:28:33.8761841Z     Uninstalling redis-5.0.8:
2025-08-21T14:28:33.8775798Z       Successfully uninstalled redis-5.0.8
2025-08-21T14:28:34.3108942Z   Attempting uninstall: Jinja2
2025-08-21T14:28:34.3158531Z     Found existing installation: Jinja2 3.1.5
2025-08-21T14:28:34.3191349Z     Uninstalling Jinja2-3.1.5:
2025-08-21T14:28:34.3200512Z       Successfully uninstalled Jinja2-3.1.5
2025-08-21T14:28:34.6366665Z   Attempting uninstall: asyncpg
2025-08-21T14:28:34.6416965Z     Found existing installation: asyncpg 0.29.0
2025-08-21T14:28:34.6464134Z     Uninstalling asyncpg-0.29.0:
2025-08-21T14:28:34.6475909Z       Successfully uninstalled asyncpg-0.29.0
2025-08-21T14:28:34.9380320Z   Attempting uninstall: starlette
2025-08-21T14:28:34.9428532Z     Found existing installation: starlette 0.37.2
2025-08-21T14:28:34.9466955Z     Uninstalling starlette-0.37.2:
2025-08-21T14:28:34.9477047Z       Successfully uninstalled starlette-0.37.2
2025-08-21T14:28:36.6393077Z   Attempting uninstall: httpx
2025-08-21T14:28:36.6441183Z     Found existing installation: httpx 0.26.0
2025-08-21T14:28:36.6475415Z     Uninstalling httpx-0.26.0:
2025-08-21T14:28:36.6486787Z       Successfully uninstalled httpx-0.26.0
2025-08-21T14:28:36.9636807Z   Attempting uninstall: alembic
2025-08-21T14:28:36.9671264Z     Found existing installation: alembic 1.13.1
2025-08-21T14:28:36.9744603Z     Uninstalling alembic-1.13.1:
2025-08-21T14:28:36.9763675Z       Successfully uninstalled alembic-1.13.1
2025-08-21T14:28:37.2334967Z   Attempting uninstall: python-telegram-bot
2025-08-21T14:28:37.2383210Z     Found existing installation: python-telegram-bot 20.8
2025-08-21T14:28:37.2531386Z     Uninstalling python-telegram-bot-20.8:
2025-08-21T14:28:37.2557703Z       Successfully uninstalled python-telegram-bot-20.8
2025-08-21T14:28:37.6770365Z   Attempting uninstall: fastapi
2025-08-21T14:28:37.6815601Z     Found existing installation: fastapi 0.111.0
2025-08-21T14:28:37.6867553Z     Uninstalling fastapi-0.111.0:
2025-08-21T14:28:37.6879811Z       Successfully uninstalled fastapi-0.111.0
2025-08-21T14:28:37.7704602Z   Attempting uninstall: celery
2025-08-21T14:28:37.7746585Z     Found existing installation: celery 5.4.0
2025-08-21T14:28:37.7890164Z     Uninstalling celery-5.4.0:
2025-08-21T14:28:37.7916988Z       Successfully uninstalled celery-5.4.0
2025-08-21T14:28:38.1817127Z 
2025-08-21T14:28:38.1934921Z Successfully installed Deprecated-1.2.18 Jinja2-3.1.6 alembic-1.16.4 asyncpg-0.30.0 black-25.1.0 celery-5.5.3 coverage-7.10.4 databind-4.5.2 databind.core-4.5.2 databind.json-4.5.2 docker-7.1.0 docspec-2.2.1 docspec-python-2.2.2 docstring-parser-0.11 fastapi-0.116.1 fastapi-cloud-cli-0.1.5 httpx-0.28.1 imapclient-3.0.1 iniconfig-2.1.0 itsdangerous-2.2.0 mirakuru-2.6.1 mypy-1.17.1 nr-date-2.1.0 nr-stream-1.1.5 nr-util-0.8.12 pathspec-0.12.1 platformdirs-4.3.8 pluggy-1.6.0 port-for-0.7.4 psutil-7.0.0 pydantic-extra-types-2.10.5 pydoc-markdown-4.8.2 pytest-8.4.1 pytest-asyncio-1.1.0 pytest-cov-6.2.1 pytest-postgresql-7.0.2 python-telegram-bot-22.3 redis-6.4.0 requests-2.32.4 respx-0.22.0 rignore-0.6.4 ruff-0.9.9 sentry-sdk-2.35.0 setuptools-80.9.0 sqlalchemy-2.0.43 starlette-0.47.2 testcontainers-4.12.0 toml-0.10.2 tomli-2.2.1 tomli_w-1.2.0 typeapi-2.2.4 types-requests-2.32.4.20250809 vulture-2.10 watchdog-6.0.0 yapf-0.43.0
2025-08-21T14:28:38.8128846Z Requirement already satisfied: asyncpg in /opt/hostedtoolcache/Python/3.12.11/x64/lib/python3.12/site-packages (0.30.0)
2025-08-21T14:28:39.3991639Z Requirement already satisfied: pytest in /opt/hostedtoolcache/Python/3.12.11/x64/lib/python3.12/site-packages (8.4.1)
2025-08-21T14:28:39.4006074Z Requirement already satisfied: iniconfig>=1 in /opt/hostedtoolcache/Python/3.12.11/x64/lib/python3.12/site-packages (from pytest) (2.1.0)
2025-08-21T14:28:39.4014382Z Requirement already satisfied: packaging>=20 in /opt/hostedtoolcache/Python/3.12.11/x64/lib/python3.12/site-packages (from pytest) (25.0)
2025-08-21T14:28:39.4021824Z Requirement already satisfied: pluggy<2,>=1.5 in /opt/hostedtoolcache/Python/3.12.11/x64/lib/python3.12/site-packages (from pytest) (1.6.0)
2025-08-21T14:28:39.4029100Z Requirement already satisfied: pygments>=2.7.2 in /opt/hostedtoolcache/Python/3.12.11/x64/lib/python3.12/site-packages (from pytest) (2.19.2)
2025-08-21T14:28:40.0399064Z Collecting keepa==1.3.15
2025-08-21T14:28:40.0412517Z   Using cached keepa-1.3.15-py3-none-any.whl.metadata (11 kB)
2025-08-21T14:28:40.0448967Z Requirement already satisfied: minio==7.1.15 in /opt/hostedtoolcache/Python/3.12.11/x64/lib/python3.12/site-packages (7.1.15)
2025-08-21T14:28:40.0457623Z Requirement already satisfied: numpy>=1.9.3 in /opt/hostedtoolcache/Python/3.12.11/x64/lib/python3.12/site-packages (from keepa==1.3.15) (1.26.4)
2025-08-21T14:28:40.0463627Z Requirement already satisfied: requests>=2.2 in /opt/hostedtoolcache/Python/3.12.11/x64/lib/python3.12/site-packages (from keepa==1.3.15) (2.32.4)
2025-08-21T14:28:40.0467489Z Requirement already satisfied: tqdm in /opt/hostedtoolcache/Python/3.12.11/x64/lib/python3.12/site-packages (from keepa==1.3.15) (4.67.1)
2025-08-21T14:28:40.0471454Z Requirement already satisfied: aiohttp in /opt/hostedtoolcache/Python/3.12.11/x64/lib/python3.12/site-packages (from keepa==1.3.15) (3.12.15)
2025-08-21T14:28:40.0476677Z Requirement already satisfied: pandas<=3.0 in /opt/hostedtoolcache/Python/3.12.11/x64/lib/python3.12/site-packages (from keepa==1.3.15) (2.2.3)
2025-08-21T14:28:40.0480524Z Requirement already satisfied: pydantic in /opt/hostedtoolcache/Python/3.12.11/x64/lib/python3.12/site-packages (from keepa==1.3.15) (2.11.7)
2025-08-21T14:28:40.0490501Z Requirement already satisfied: certifi in /opt/hostedtoolcache/Python/3.12.11/x64/lib/python3.12/site-packages (from minio==7.1.15) (2025.8.3)
2025-08-21T14:28:40.0494624Z Requirement already satisfied: urllib3 in /opt/hostedtoolcache/Python/3.12.11/x64/lib/python3.12/site-packages (from minio==7.1.15) (2.5.0)
2025-08-21T14:28:40.0546278Z Requirement already satisfied: python-dateutil>=2.8.2 in /opt/hostedtoolcache/Python/3.12.11/x64/lib/python3.12/site-packages (from pandas<=3.0->keepa==1.3.15) (2.9.0.post0)
2025-08-21T14:28:40.0552159Z Requirement already satisfied: pytz>=2020.1 in /opt/hostedtoolcache/Python/3.12.11/x64/lib/python3.12/site-packages (from pandas<=3.0->keepa==1.3.15) (2025.2)
2025-08-21T14:28:40.0558187Z Requirement already satisfied: tzdata>=2022.7 in /opt/hostedtoolcache/Python/3.12.11/x64/lib/python3.12/site-packages (from pandas<=3.0->keepa==1.3.15) (2025.2)
2025-08-21T14:28:40.0687851Z Requirement already satisfied: six>=1.5 in /opt/hostedtoolcache/Python/3.12.11/x64/lib/python3.12/site-packages (from python-dateutil>=2.8.2->pandas<=3.0->keepa==1.3.15) (1.17.0)
2025-08-21T14:28:40.0708150Z Requirement already satisfied: charset_normalizer<4,>=2 in /opt/hostedtoolcache/Python/3.12.11/x64/lib/python3.12/site-packages (from requests>=2.2->keepa==1.3.15) (3.4.3)
2025-08-21T14:28:40.0714327Z Requirement already satisfied: idna<4,>=2.5 in /opt/hostedtoolcache/Python/3.12.11/x64/lib/python3.12/site-packages (from requests>=2.2->keepa==1.3.15) (3.10)
2025-08-21T14:28:40.0783901Z Requirement already satisfied: aiohappyeyeballs>=2.5.0 in /opt/hostedtoolcache/Python/3.12.11/x64/lib/python3.12/site-packages (from aiohttp->keepa==1.3.15) (2.6.1)
2025-08-21T14:28:40.0789742Z Requirement already satisfied: aiosignal>=1.4.0 in /opt/hostedtoolcache/Python/3.12.11/x64/lib/python3.12/site-packages (from aiohttp->keepa==1.3.15) (1.4.0)
2025-08-21T14:28:40.0797111Z Requirement already satisfied: attrs>=17.3.0 in /opt/hostedtoolcache/Python/3.12.11/x64/lib/python3.12/site-packages (from aiohttp->keepa==1.3.15) (25.3.0)
2025-08-21T14:28:40.0802991Z Requirement already satisfied: frozenlist>=1.1.1 in /opt/hostedtoolcache/Python/3.12.11/x64/lib/python3.12/site-packages (from aiohttp->keepa==1.3.15) (1.7.0)
2025-08-21T14:28:40.0809186Z Requirement already satisfied: multidict<7.0,>=4.5 in /opt/hostedtoolcache/Python/3.12.11/x64/lib/python3.12/site-packages (from aiohttp->keepa==1.3.15) (6.6.4)
2025-08-21T14:28:40.0815403Z Requirement already satisfied: propcache>=0.2.0 in /opt/hostedtoolcache/Python/3.12.11/x64/lib/python3.12/site-packages (from aiohttp->keepa==1.3.15) (0.3.2)
2025-08-21T14:28:40.0821806Z Requirement already satisfied: yarl<2.0,>=1.17.0 in /opt/hostedtoolcache/Python/3.12.11/x64/lib/python3.12/site-packages (from aiohttp->keepa==1.3.15) (1.20.1)
2025-08-21T14:28:40.0881327Z Requirement already satisfied: typing-extensions>=4.2 in /opt/hostedtoolcache/Python/3.12.11/x64/lib/python3.12/site-packages (from aiosignal>=1.4.0->aiohttp->keepa==1.3.15) (4.14.1)
2025-08-21T14:28:40.0971167Z Requirement already satisfied: annotated-types>=0.6.0 in /opt/hostedtoolcache/Python/3.12.11/x64/lib/python3.12/site-packages (from pydantic->keepa==1.3.15) (0.7.0)
2025-08-21T14:28:40.0976552Z Requirement already satisfied: pydantic-core==2.33.2 in /opt/hostedtoolcache/Python/3.12.11/x64/lib/python3.12/site-packages (from pydantic->keepa==1.3.15) (2.33.2)
2025-08-21T14:28:40.0984696Z Requirement already satisfied: typing-inspection>=0.4.0 in /opt/hostedtoolcache/Python/3.12.11/x64/lib/python3.12/site-packages (from pydantic->keepa==1.3.15) (0.4.1)
2025-08-21T14:28:40.1061026Z Using cached keepa-1.3.15-py3-none-any.whl (38 kB)
2025-08-21T14:28:40.2644228Z Installing collected packages: keepa
2025-08-21T14:28:40.2663858Z   Attempting uninstall: keepa
2025-08-21T14:28:40.2684080Z     Found existing installation: keepa 1.3.14
2025-08-21T14:28:40.2705578Z     Uninstalling keepa-1.3.14:
2025-08-21T14:28:40.2713876Z       Successfully uninstalled keepa-1.3.14
2025-08-21T14:28:40.3114059Z Successfully installed keepa-1.3.15
2025-08-21T14:28:40.3629127Z ##[group]Run actions/setup-node@v4
2025-08-21T14:28:40.3629417Z with:
2025-08-21T14:28:40.3629609Z   node-version: 20.19.0
2025-08-21T14:28:40.3629816Z   always-auth: false
2025-08-21T14:28:40.3630014Z   check-latest: false
2025-08-21T14:28:40.3630309Z   token: ***
2025-08-21T14:28:40.3630489Z env:
2025-08-21T14:28:40.3630686Z   REDIS_URL: redis://localhost:6379/0
2025-08-21T14:28:40.3630945Z   RATE_LIMIT_DEFAULT: 100/minute
2025-08-21T14:28:40.3631179Z   TRUST_X_FORWARDED: 1
2025-08-21T14:28:40.3631588Z   PG_USER: postgres
2025-08-21T14:28:40.3631785Z   PG_PASSWORD: pass
2025-08-21T14:28:40.3631971Z   PG_DATABASE: awa
2025-08-21T14:28:40.3632161Z   PG_HOST: localhost
2025-08-21T14:28:40.3632352Z   PG_PORT: 5432
2025-08-21T14:28:40.3632729Z   PG_SYNC_DSN: ***localhost:5432/awa
2025-08-21T14:28:40.3633130Z   PG_ASYNC_DSN: ***localhost:5432/awa
2025-08-21T14:28:40.3633529Z   DATABASE_URL: ***localhost:5432/awa
2025-08-21T14:28:40.3633769Z   DATA_DIR: /tmp/awa-data
2025-08-21T14:28:40.3633997Z   ENABLE_LIVE: 0
2025-08-21T14:28:40.3634178Z   TESTING: 1
2025-08-21T14:28:40.3634412Z   pythonLocation: /opt/hostedtoolcache/Python/3.12.11/x64
2025-08-21T14:28:40.3634810Z   PKG_CONFIG_PATH: /opt/hostedtoolcache/Python/3.12.11/x64/lib/pkgconfig
2025-08-21T14:28:40.3635196Z   Python_ROOT_DIR: /opt/hostedtoolcache/Python/3.12.11/x64
2025-08-21T14:28:40.3635540Z   Python2_ROOT_DIR: /opt/hostedtoolcache/Python/3.12.11/x64
2025-08-21T14:28:40.3635897Z   Python3_ROOT_DIR: /opt/hostedtoolcache/Python/3.12.11/x64
2025-08-21T14:28:40.3636256Z   LD_LIBRARY_PATH: /opt/hostedtoolcache/Python/3.12.11/x64/lib
2025-08-21T14:28:40.3636558Z ##[endgroup]
2025-08-21T14:28:40.5350257Z Attempting to download 20.19.0...
2025-08-21T14:28:41.0626564Z Acquiring 20.19.0 - x64 from https://github.com/actions/node-versions/releases/download/20.19.0-13838090974/node-20.19.0-linux-x64.tar.gz
2025-08-21T14:28:41.4749227Z Extracting ...
2025-08-21T14:28:41.4853705Z [command]/usr/bin/tar xz --strip 1 --warning=no-unknown-keyword --overwrite -C /home/runner/work/_temp/e93502f9-7fa6-406d-82c5-2d51996d7206 -f /home/runner/work/_temp/41991a66-e374-4447-987d-b76065ea1a3c
2025-08-21T14:28:42.4365441Z Adding to the cache ...
2025-08-21T14:28:44.0817552Z ##[group]Environment details
2025-08-21T14:28:44.2897295Z node: v20.19.0
2025-08-21T14:28:44.2897610Z npm: 10.8.2
2025-08-21T14:28:44.2897796Z yarn: 1.22.22
2025-08-21T14:28:44.2898662Z ##[endgroup]
2025-08-21T14:28:44.3024703Z ##[group]Run npm ci
2025-08-21T14:28:44.3024923Z [36;1mnpm ci[0m
2025-08-21T14:28:44.3064939Z shell: /usr/bin/bash -e {0}
2025-08-21T14:28:44.3065174Z env:
2025-08-21T14:28:44.3065384Z   REDIS_URL: redis://localhost:6379/0
2025-08-21T14:28:44.3065657Z   RATE_LIMIT_DEFAULT: 100/minute
2025-08-21T14:28:44.3065887Z   TRUST_X_FORWARDED: 1
2025-08-21T14:28:44.3066082Z   PG_USER: postgres
2025-08-21T14:28:44.3066288Z   PG_PASSWORD: pass
2025-08-21T14:28:44.3066484Z   PG_DATABASE: awa
2025-08-21T14:28:44.3066676Z   PG_HOST: localhost
2025-08-21T14:28:44.3066874Z   PG_PORT: 5432
2025-08-21T14:28:44.3067287Z   PG_SYNC_DSN: ***localhost:5432/awa
2025-08-21T14:28:44.3067684Z   PG_ASYNC_DSN: ***localhost:5432/awa
2025-08-21T14:28:44.3068291Z   DATABASE_URL: ***localhost:5432/awa
2025-08-21T14:28:44.3068546Z   DATA_DIR: /tmp/awa-data
2025-08-21T14:28:44.3068756Z   ENABLE_LIVE: 0
2025-08-21T14:28:44.3068936Z   TESTING: 1
2025-08-21T14:28:44.3069222Z   pythonLocation: /opt/hostedtoolcache/Python/3.12.11/x64
2025-08-21T14:28:44.3069628Z   PKG_CONFIG_PATH: /opt/hostedtoolcache/Python/3.12.11/x64/lib/pkgconfig
2025-08-21T14:28:44.3070025Z   Python_ROOT_DIR: /opt/hostedtoolcache/Python/3.12.11/x64
2025-08-21T14:28:44.3070381Z   Python2_ROOT_DIR: /opt/hostedtoolcache/Python/3.12.11/x64
2025-08-21T14:28:44.3070736Z   Python3_ROOT_DIR: /opt/hostedtoolcache/Python/3.12.11/x64
2025-08-21T14:28:44.3071094Z   LD_LIBRARY_PATH: /opt/hostedtoolcache/Python/3.12.11/x64/lib
2025-08-21T14:28:44.3071393Z ##[endgroup]
2025-08-21T14:28:46.7817398Z npm warn deprecated node-domexception@1.0.0: Use your platform's native DOMException instead
2025-08-21T14:28:49.9041983Z 
2025-08-21T14:28:49.9045741Z added 432 packages, and audited 433 packages in 6s
2025-08-21T14:28:49.9046114Z 
2025-08-21T14:28:49.9046289Z 112 packages are looking for funding
2025-08-21T14:28:49.9046585Z   run `npm fund` for details
2025-08-21T14:28:49.9061972Z 
2025-08-21T14:28:49.9062245Z 2 vulnerabilities (1 low, 1 critical)
2025-08-21T14:28:49.9062567Z 
2025-08-21T14:28:49.9062849Z To address all issues, run:
2025-08-21T14:28:49.9063201Z   npm audit fix
2025-08-21T14:28:49.9063647Z 
2025-08-21T14:28:49.9063826Z Run `npm audit` for details.
2025-08-21T14:28:49.9324244Z ##[group]Run npm run build --if-present
2025-08-21T14:28:49.9324671Z [36;1mnpm run build --if-present[0m
2025-08-21T14:28:49.9365880Z shell: /usr/bin/bash -e {0}
2025-08-21T14:28:49.9366119Z env:
2025-08-21T14:28:49.9366326Z   REDIS_URL: redis://localhost:6379/0
2025-08-21T14:28:49.9366602Z   RATE_LIMIT_DEFAULT: 100/minute
2025-08-21T14:28:49.9366832Z   TRUST_X_FORWARDED: 1
2025-08-21T14:28:49.9367026Z   PG_USER: postgres
2025-08-21T14:28:49.9367226Z   PG_PASSWORD: pass
2025-08-21T14:28:49.9367420Z   PG_DATABASE: awa
2025-08-21T14:28:49.9367610Z   PG_HOST: localhost
2025-08-21T14:28:49.9367804Z   PG_PORT: 5432
2025-08-21T14:28:49.9368326Z   PG_SYNC_DSN: ***localhost:5432/awa
2025-08-21T14:28:49.9368729Z   PG_ASYNC_DSN: ***localhost:5432/awa
2025-08-21T14:28:49.9369111Z   DATABASE_URL: ***localhost:5432/awa
2025-08-21T14:28:49.9369351Z   DATA_DIR: /tmp/awa-data
2025-08-21T14:28:49.9369574Z   ENABLE_LIVE: 0
2025-08-21T14:28:49.9369751Z   TESTING: 1
2025-08-21T14:28:49.9370019Z   pythonLocation: /opt/hostedtoolcache/Python/3.12.11/x64
2025-08-21T14:28:49.9370417Z   PKG_CONFIG_PATH: /opt/hostedtoolcache/Python/3.12.11/x64/lib/pkgconfig
2025-08-21T14:28:49.9370799Z   Python_ROOT_DIR: /opt/hostedtoolcache/Python/3.12.11/x64
2025-08-21T14:28:49.9371149Z   Python2_ROOT_DIR: /opt/hostedtoolcache/Python/3.12.11/x64
2025-08-21T14:28:49.9371500Z   Python3_ROOT_DIR: /opt/hostedtoolcache/Python/3.12.11/x64
2025-08-21T14:28:49.9371852Z   LD_LIBRARY_PATH: /opt/hostedtoolcache/Python/3.12.11/x64/lib
2025-08-21T14:28:49.9372153Z ##[endgroup]
2025-08-21T14:28:50.0381526Z 
2025-08-21T14:28:50.0381980Z > web@0.0.0 build
2025-08-21T14:28:50.0382460Z > tsc -b && vite build
2025-08-21T14:28:50.0382747Z 
2025-08-21T14:28:52.3312506Z [36mvite v7.0.4 [32mbuilding for production...[36m[39m
2025-08-21T14:28:52.4979218Z transforming...
2025-08-21T14:28:55.6183218Z [32m✓[39m 687 modules transformed.
2025-08-21T14:28:56.0332558Z rendering chunks...
2025-08-21T14:28:56.0412245Z computing gzip size...
2025-08-21T14:28:56.0598269Z [2mdist/[22m[32mindex.html                 [39m[1m[2m  0.46 kB[22m[1m[22m[2m │ gzip:   0.30 kB[22m
2025-08-21T14:28:56.0599852Z [2mdist/[22m[2massets/[22m[35mindex-5IA1gRGW.css  [39m[1m[2m  0.84 kB[22m[1m[22m[2m │ gzip:   0.45 kB[22m
2025-08-21T14:28:56.0601452Z [2mdist/[22m[2massets/[22m[36mindex-CIqpArhq.js   [39m[1m[33m613.66 kB[39m[22m[2m │ gzip: 193.69 kB[22m
2025-08-21T14:28:56.0603942Z [33m
2025-08-21T14:28:56.0604626Z (!) Some chunks are larger than 500 kB after minification. Consider:
2025-08-21T14:28:56.0605481Z - Using dynamic import() to code-split the application
2025-08-21T14:28:56.0606295Z - Use build.rollupOptions.output.manualChunks to improve chunking: https://rollupjs.org/configuration-options/#output-manualchunks
2025-08-21T14:28:56.0607177Z - Adjust chunk size limit for this warning via build.chunkSizeWarningLimit.[39m
2025-08-21T14:28:56.0607676Z [32m✓ built in 3.71s[39m
2025-08-21T14:28:56.1074905Z ##[group]Run sudo apt-get update
2025-08-21T14:28:56.1075210Z [36;1msudo apt-get update[0m
2025-08-21T14:28:56.1075461Z [36;1msudo apt-get install -y postgresql[0m
2025-08-21T14:28:56.1075950Z [36;1mecho "/usr/lib/postgresql/$(pg_config --version | cut -d' ' -f2 | cut -d'.' -f1,2)/bin" >> $GITHUB_PATH[0m
2025-08-21T14:28:56.1116523Z shell: /usr/bin/bash -e {0}
2025-08-21T14:28:56.1116757Z env:
2025-08-21T14:28:56.1116972Z   REDIS_URL: redis://localhost:6379/0
2025-08-21T14:28:56.1117249Z   RATE_LIMIT_DEFAULT: 100/minute
2025-08-21T14:28:56.1117481Z   TRUST_X_FORWARDED: 1
2025-08-21T14:28:56.1117689Z   PG_USER: postgres
2025-08-21T14:28:56.1117997Z   PG_PASSWORD: pass
2025-08-21T14:28:56.1118195Z   PG_DATABASE: awa
2025-08-21T14:28:56.1118385Z   PG_HOST: localhost
2025-08-21T14:28:56.1118594Z   PG_PORT: 5432
2025-08-21T14:28:56.1119025Z   PG_SYNC_DSN: ***localhost:5432/awa
2025-08-21T14:28:56.1119507Z   PG_ASYNC_DSN: ***localhost:5432/awa
2025-08-21T14:28:56.1120164Z   DATABASE_URL: ***localhost:5432/awa
2025-08-21T14:28:56.1120427Z   DATA_DIR: /tmp/awa-data
2025-08-21T14:28:56.1120634Z   ENABLE_LIVE: 0
2025-08-21T14:28:56.1120808Z   TESTING: 1
2025-08-21T14:28:56.1121052Z   pythonLocation: /opt/hostedtoolcache/Python/3.12.11/x64
2025-08-21T14:28:56.1121458Z   PKG_CONFIG_PATH: /opt/hostedtoolcache/Python/3.12.11/x64/lib/pkgconfig
2025-08-21T14:28:56.1121849Z   Python_ROOT_DIR: /opt/hostedtoolcache/Python/3.12.11/x64
2025-08-21T14:28:56.1122202Z   Python2_ROOT_DIR: /opt/hostedtoolcache/Python/3.12.11/x64
2025-08-21T14:28:56.1122554Z   Python3_ROOT_DIR: /opt/hostedtoolcache/Python/3.12.11/x64
2025-08-21T14:28:56.1122907Z   LD_LIBRARY_PATH: /opt/hostedtoolcache/Python/3.12.11/x64/lib
2025-08-21T14:28:56.1123196Z ##[endgroup]
2025-08-21T14:28:56.1963438Z Get:1 file:/etc/apt/apt-mirrors.txt Mirrorlist [144 B]
2025-08-21T14:28:56.2393537Z Hit:2 http://azure.archive.ubuntu.com/ubuntu noble InRelease
2025-08-21T14:28:56.2418990Z Get:3 http://azure.archive.ubuntu.com/ubuntu noble-updates InRelease [126 kB]
2025-08-21T14:28:56.2486707Z Get:4 http://azure.archive.ubuntu.com/ubuntu noble-backports InRelease [126 kB]
2025-08-21T14:28:56.2529532Z Get:5 http://azure.archive.ubuntu.com/ubuntu noble-security InRelease [126 kB]
2025-08-21T14:28:56.2639336Z Hit:6 https://packages.microsoft.com/repos/azure-cli noble InRelease
2025-08-21T14:28:56.2881807Z Get:7 https://packages.microsoft.com/ubuntu/24.04/prod noble InRelease [3600 B]
2025-08-21T14:28:56.3831559Z Get:8 http://azure.archive.ubuntu.com/ubuntu noble-updates/main amd64 Packages [1350 kB]
2025-08-21T14:28:56.4015531Z Get:9 http://azure.archive.ubuntu.com/ubuntu noble-updates/main Translation-en [268 kB]
2025-08-21T14:28:56.4030934Z Get:10 http://azure.archive.ubuntu.com/ubuntu noble-updates/main amd64 Components [175 kB]
2025-08-21T14:28:56.4055378Z Get:11 http://azure.archive.ubuntu.com/ubuntu noble-updates/universe amd64 Packages [1124 kB]
2025-08-21T14:28:56.4146302Z Get:12 http://azure.archive.ubuntu.com/ubuntu noble-updates/universe Translation-en [288 kB]
2025-08-21T14:28:56.4159247Z Get:13 http://azure.archive.ubuntu.com/ubuntu noble-updates/universe amd64 Components [377 kB]
2025-08-21T14:28:56.4189038Z Get:14 http://azure.archive.ubuntu.com/ubuntu noble-updates/restricted amd64 Packages [1723 kB]
2025-08-21T14:28:56.4285446Z Get:15 http://azure.archive.ubuntu.com/ubuntu noble-updates/restricted Translation-en [383 kB]
2025-08-21T14:28:56.4317172Z Get:16 http://azure.archive.ubuntu.com/ubuntu noble-updates/restricted amd64 Components [212 B]
2025-08-21T14:28:56.4329008Z Get:17 http://azure.archive.ubuntu.com/ubuntu noble-updates/multiverse amd64 Components [940 B]
2025-08-21T14:28:56.4868840Z Get:18 http://azure.archive.ubuntu.com/ubuntu noble-backports/main amd64 Components [7068 B]
2025-08-21T14:28:56.4888074Z Get:19 http://azure.archive.ubuntu.com/ubuntu noble-backports/universe amd64 Components [19.2 kB]
2025-08-21T14:28:56.4899608Z Get:20 http://azure.archive.ubuntu.com/ubuntu noble-backports/restricted amd64 Components [216 B]
2025-08-21T14:28:56.4908690Z Get:21 http://azure.archive.ubuntu.com/ubuntu noble-backports/multiverse amd64 Components [212 B]
2025-08-21T14:28:56.5129120Z Get:22 http://azure.archive.ubuntu.com/ubuntu noble-security/main amd64 Packages [1083 kB]
2025-08-21T14:28:56.5192319Z Get:23 http://azure.archive.ubuntu.com/ubuntu noble-security/main Translation-en [187 kB]
2025-08-21T14:28:56.5214194Z Get:24 http://azure.archive.ubuntu.com/ubuntu noble-security/main amd64 Components [21.6 kB]
2025-08-21T14:28:56.5229198Z Get:25 http://azure.archive.ubuntu.com/ubuntu noble-security/universe amd64 Packages [881 kB]
2025-08-21T14:28:56.5320495Z Get:26 http://azure.archive.ubuntu.com/ubuntu noble-security/universe Translation-en [195 kB]
2025-08-21T14:28:56.5347721Z Get:27 http://azure.archive.ubuntu.com/ubuntu noble-security/universe amd64 Components [52.2 kB]
2025-08-21T14:28:56.5420730Z Get:28 http://azure.archive.ubuntu.com/ubuntu noble-security/restricted amd64 Packages [1631 kB]
2025-08-21T14:28:56.5523205Z Get:29 http://azure.archive.ubuntu.com/ubuntu noble-security/restricted Translation-en [361 kB]
2025-08-21T14:28:56.5559364Z Get:30 http://azure.archive.ubuntu.com/ubuntu noble-security/restricted amd64 Components [212 B]
2025-08-21T14:28:56.5580909Z Get:31 http://azure.archive.ubuntu.com/ubuntu noble-security/multiverse amd64 Components [212 B]
2025-08-21T14:28:56.6361360Z Get:32 https://packages.microsoft.com/ubuntu/24.04/prod noble/main arm64 Packages [33.2 kB]
2025-08-21T14:28:56.6415538Z Get:33 https://packages.microsoft.com/ubuntu/24.04/prod noble/main amd64 Packages [48.6 kB]
2025-08-21T14:28:56.6448491Z Get:34 https://packages.microsoft.com/ubuntu/24.04/prod noble/main armhf Packages [9870 B]
2025-08-21T14:29:03.0296826Z Fetched 10.6 MB in 1s (8065 kB/s)
2025-08-21T14:29:03.6930512Z Reading package lists...
2025-08-21T14:29:03.7252113Z Reading package lists...
2025-08-21T14:29:03.8694484Z Building dependency tree...
2025-08-21T14:29:03.8702080Z Reading state information...
2025-08-21T14:29:04.0151349Z Suggested packages:
2025-08-21T14:29:04.0151697Z   postgresql-doc
2025-08-21T14:29:04.0286475Z The following NEW packages will be installed:
2025-08-21T14:29:04.0286887Z   postgresql
2025-08-21T14:29:04.0452684Z 0 upgraded, 1 newly installed, 0 to remove and 16 not upgraded.
2025-08-21T14:29:04.0453422Z Need to get 11.6 kB of archives.
2025-08-21T14:29:04.0454097Z After this operation, 17.4 kB of additional disk space will be used.
2025-08-21T14:29:04.0454589Z Get:1 file:/etc/apt/apt-mirrors.txt Mirrorlist [144 B]
2025-08-21T14:29:04.0980646Z Get:2 http://azure.archive.ubuntu.com/ubuntu noble-updates/main amd64 postgresql all 16+257build1.1 [11.6 kB]
2025-08-21T14:29:04.3307441Z Fetched 11.6 kB in 0s (184 kB/s)
2025-08-21T14:29:04.3490952Z Selecting previously unselected package postgresql.
2025-08-21T14:29:04.3657162Z (Reading database ... 
2025-08-21T14:29:04.3657642Z (Reading database ... 5%
2025-08-21T14:29:04.3658058Z (Reading database ... 10%
2025-08-21T14:29:04.3658511Z (Reading database ... 15%
2025-08-21T14:29:04.3658980Z (Reading database ... 20%
2025-08-21T14:29:04.3659379Z (Reading database ... 25%
2025-08-21T14:29:04.3659774Z (Reading database ... 30%
2025-08-21T14:29:04.3660158Z (Reading database ... 35%
2025-08-21T14:29:04.3660544Z (Reading database ... 40%
2025-08-21T14:29:04.3660879Z (Reading database ... 45%
2025-08-21T14:29:04.3661107Z (Reading database ... 50%
2025-08-21T14:29:04.3712105Z (Reading database ... 55%
2025-08-21T14:29:04.3882825Z (Reading database ... 60%
2025-08-21T14:29:04.3983089Z (Reading database ... 65%
2025-08-21T14:29:04.4091600Z (Reading database ... 70%
2025-08-21T14:29:04.4193497Z (Reading database ... 75%
2025-08-21T14:29:04.4311536Z (Reading database ... 80%
2025-08-21T14:29:04.4541457Z (Reading database ... 85%
2025-08-21T14:29:04.4713380Z (Reading database ... 90%
2025-08-21T14:29:04.5054315Z (Reading database ... 95%
2025-08-21T14:29:04.5054864Z (Reading database ... 100%
2025-08-21T14:29:04.5055501Z (Reading database ... 219830 files and directories currently installed.)
2025-08-21T14:29:04.5093521Z Preparing to unpack .../postgresql_16+257build1.1_all.deb ...
2025-08-21T14:29:04.5113283Z Unpacking postgresql (16+257build1.1) ...
2025-08-21T14:29:04.5452684Z Setting up postgresql (16+257build1.1) ...
2025-08-21T14:29:05.1012311Z 
2025-08-21T14:29:05.1012910Z Running kernel seems to be up-to-date.
2025-08-21T14:29:05.1013305Z 
2025-08-21T14:29:05.1013491Z Restarting services...
2025-08-21T14:29:05.1080791Z 
2025-08-21T14:29:05.1081194Z Service restarts being deferred:
2025-08-21T14:29:05.1082329Z  systemctl restart hosted-compute-agent.service
2025-08-21T14:29:05.1082695Z 
2025-08-21T14:29:05.1082934Z No containers need to be restarted.
2025-08-21T14:29:05.1083215Z 
2025-08-21T14:29:05.1083598Z No user sessions are running outdated binaries.
2025-08-21T14:29:05.1083907Z 
2025-08-21T14:29:05.1084336Z No VM guests are running outdated hypervisor (qemu) binaries on this host.
2025-08-21T14:29:05.8659248Z ##[group]Run for i in {1..30}; do pg_isready -h localhost -p 5432 -U postgres -d awa && break; sleep 1; done
2025-08-21T14:29:05.8660011Z [36;1mfor i in {1..30}; do pg_isready -h localhost -p 5432 -U postgres -d awa && break; sleep 1; done[0m
2025-08-21T14:29:05.8697760Z shell: /usr/bin/bash -e {0}
2025-08-21T14:29:05.8698326Z env:
2025-08-21T14:29:05.8698707Z   REDIS_URL: redis://localhost:6379/0
2025-08-21T14:29:05.8699148Z   RATE_LIMIT_DEFAULT: 100/minute
2025-08-21T14:29:05.8699543Z   TRUST_X_FORWARDED: 1
2025-08-21T14:29:05.8699891Z   PG_USER: postgres
2025-08-21T14:29:05.8700199Z   PG_PASSWORD: pass
2025-08-21T14:29:05.8700507Z   PG_DATABASE: awa
2025-08-21T14:29:05.8700809Z   PG_HOST: localhost
2025-08-21T14:29:05.8701114Z   PG_PORT: 5432
2025-08-21T14:29:05.8701739Z   PG_SYNC_DSN: ***localhost:5432/awa
2025-08-21T14:29:05.8702382Z   PG_ASYNC_DSN: ***localhost:5432/awa
2025-08-21T14:29:05.8703184Z   DATABASE_URL: ***localhost:5432/awa
2025-08-21T14:29:05.8758300Z   DATA_DIR: /tmp/awa-data
2025-08-21T14:29:05.8758631Z   ENABLE_LIVE: 0
2025-08-21T14:29:05.8758820Z   TESTING: 1
2025-08-21T14:29:05.8759074Z   pythonLocation: /opt/hostedtoolcache/Python/3.12.11/x64
2025-08-21T14:29:05.8759484Z   PKG_CONFIG_PATH: /opt/hostedtoolcache/Python/3.12.11/x64/lib/pkgconfig
2025-08-21T14:29:05.8759923Z   Python_ROOT_DIR: /opt/hostedtoolcache/Python/3.12.11/x64
2025-08-21T14:29:05.8760262Z   Python2_ROOT_DIR: /opt/hostedtoolcache/Python/3.12.11/x64
2025-08-21T14:29:05.8760588Z   Python3_ROOT_DIR: /opt/hostedtoolcache/Python/3.12.11/x64
2025-08-21T14:29:05.8760910Z   LD_LIBRARY_PATH: /opt/hostedtoolcache/Python/3.12.11/x64/lib
2025-08-21T14:29:05.8761171Z ##[endgroup]
2025-08-21T14:29:05.9281191Z localhost:5432 - accepting connections
2025-08-21T14:29:05.9310511Z ##[group]Run alembic -c services/api/alembic.ini upgrade head
2025-08-21T14:29:05.9310912Z [36;1malembic -c services/api/alembic.ini upgrade head[0m
2025-08-21T14:29:05.9347239Z shell: /usr/bin/bash -e {0}
2025-08-21T14:29:05.9347457Z env:
2025-08-21T14:29:05.9347642Z   REDIS_URL: redis://localhost:6379/0
2025-08-21T14:29:05.9348094Z   RATE_LIMIT_DEFAULT: 100/minute
2025-08-21T14:29:05.9348360Z   TRUST_X_FORWARDED: 1
2025-08-21T14:29:05.9348554Z   PG_USER: postgres
2025-08-21T14:29:05.9348740Z   PG_PASSWORD: pass
2025-08-21T14:29:05.9348920Z   PG_DATABASE: awa
2025-08-21T14:29:05.9349091Z   PG_HOST: localhost
2025-08-21T14:29:05.9349272Z   PG_PORT: 5432
2025-08-21T14:29:05.9349655Z   PG_SYNC_DSN: ***localhost:5432/awa
2025-08-21T14:29:05.9350056Z   PG_ASYNC_DSN: ***localhost:5432/awa
2025-08-21T14:29:05.9350454Z   DATABASE_URL: ***localhost:5432/awa
2025-08-21T14:29:05.9350701Z   DATA_DIR: /tmp/awa-data
2025-08-21T14:29:05.9350911Z   ENABLE_LIVE: 0
2025-08-21T14:29:05.9351115Z   TESTING: 1
2025-08-21T14:29:05.9351352Z   pythonLocation: /opt/hostedtoolcache/Python/3.12.11/x64
2025-08-21T14:29:05.9351758Z   PKG_CONFIG_PATH: /opt/hostedtoolcache/Python/3.12.11/x64/lib/pkgconfig
2025-08-21T14:29:05.9352145Z   Python_ROOT_DIR: /opt/hostedtoolcache/Python/3.12.11/x64
2025-08-21T14:29:05.9352506Z   Python2_ROOT_DIR: /opt/hostedtoolcache/Python/3.12.11/x64
2025-08-21T14:29:05.9352865Z   Python3_ROOT_DIR: /opt/hostedtoolcache/Python/3.12.11/x64
2025-08-21T14:29:05.9353217Z   LD_LIBRARY_PATH: /opt/hostedtoolcache/Python/3.12.11/x64/lib
2025-08-21T14:29:05.9353537Z   POSTGRES_USER: postgres
2025-08-21T14:29:05.9353752Z   POSTGRES_PASSWORD: pass
2025-08-21T14:29:05.9353955Z   POSTGRES_DB: awa
2025-08-21T14:29:05.9354146Z ##[endgroup]
2025-08-21T14:29:07.1206585Z INFO  [alembic.runtime.migration] Context impl PostgresqlImpl.
2025-08-21T14:29:07.1207513Z INFO  [alembic.runtime.migration] Will assume transactional DDL.
2025-08-21T14:29:07.1405230Z INFO  [alembic.runtime.migration] Running upgrade  -> 0001_baseline
2025-08-21T14:29:07.1561501Z INFO  [alembic.runtime.migration] Running upgrade 0001_baseline -> 0002_create_roi_view
2025-08-21T14:29:07.1588282Z INFO  [alembic.runtime.migration] Running upgrade 0002_create_roi_view -> 3e9d5c5aff2c
2025-08-21T14:29:07.1753439Z INFO  [alembic.runtime.migration] Running upgrade 3e9d5c5aff2c -> 0003_vendor_prices
2025-08-21T14:29:07.1889938Z INFO  [alembic.runtime.migration] Running upgrade 0003_vendor_prices -> 0004_fee_cron
2025-08-21T14:29:07.1960309Z INFO  [alembic.runtime.migration] Running upgrade 0004_fee_cron -> 0006_fix_roi_views
2025-08-21T14:29:07.1991875Z INFO  [alembic.runtime.migration] Running upgrade 0006_fix_roi_views -> 0020_unified_schema
2025-08-21T14:29:07.2096788Z INFO  [alembic.runtime.migration] Running upgrade 0020_unified_schema -> 0022_fix_roi_view
2025-08-21T14:29:07.2161179Z INFO  [alembic.runtime.migration] Running upgrade 0022_fix_roi_view -> 0023_add_storage_fee
2025-08-21T14:29:07.2197652Z INFO  [alembic.runtime.migration] Running upgrade 0023_add_storage_fee -> 0024_create_buybox
2025-08-21T14:29:07.2219403Z INFO  [alembic.runtime.migration] Running upgrade 0024_create_buybox -> 0025_pr4_indexes_loadlog
2025-08-21T14:29:07.2418155Z INFO  [alembic.runtime.migration] Running upgrade 0025_pr4_indexes_loadlog -> 0026_amazon_new_reports
2025-08-21T14:29:07.3299402Z ##[group]Run pytest -q --cov=services --cov-report=xml
2025-08-21T14:29:07.3300096Z [36;1mpytest -q --cov=services --cov-report=xml[0m
2025-08-21T14:29:07.3351235Z shell: /usr/bin/bash -e {0}
2025-08-21T14:29:07.3351474Z env:
2025-08-21T14:29:07.3351687Z   REDIS_URL: redis://localhost:6379/0
2025-08-21T14:29:07.3351959Z   RATE_LIMIT_DEFAULT: 100/minute
2025-08-21T14:29:07.3352197Z   TRUST_X_FORWARDED: 1
2025-08-21T14:29:07.3352405Z   PG_USER: postgres
2025-08-21T14:29:07.3352615Z   PG_PASSWORD: pass
2025-08-21T14:29:07.3352806Z   PG_DATABASE: awa
2025-08-21T14:29:07.3352984Z   PG_HOST: localhost
2025-08-21T14:29:07.3353171Z   PG_PORT: 5432
2025-08-21T14:29:07.3353594Z   PG_SYNC_DSN: ***localhost:5432/awa
2025-08-21T14:29:07.3354007Z   PG_ASYNC_DSN: ***localhost:5432/awa
2025-08-21T14:29:07.3354535Z   DATABASE_URL: ***localhost:5432/awa
2025-08-21T14:29:07.3355012Z   DATA_DIR: /home/runner/work/_temp/awa-data
2025-08-21T14:29:07.3355461Z   ENABLE_LIVE: 0
2025-08-21T14:29:07.3355822Z   TESTING: 1
2025-08-21T14:29:07.3356270Z   pythonLocation: /opt/hostedtoolcache/Python/3.12.11/x64
2025-08-21T14:29:07.3356996Z   PKG_CONFIG_PATH: /opt/hostedtoolcache/Python/3.12.11/x64/lib/pkgconfig
2025-08-21T14:29:07.3357720Z   Python_ROOT_DIR: /opt/hostedtoolcache/Python/3.12.11/x64
2025-08-21T14:29:07.3358641Z   Python2_ROOT_DIR: /opt/hostedtoolcache/Python/3.12.11/x64
2025-08-21T14:29:07.3359295Z   Python3_ROOT_DIR: /opt/hostedtoolcache/Python/3.12.11/x64
2025-08-21T14:29:07.3359960Z   LD_LIBRARY_PATH: /opt/hostedtoolcache/Python/3.12.11/x64/lib
2025-08-21T14:29:07.3360516Z   POSTGRES_USER: postgres
2025-08-21T14:29:07.3360913Z   POSTGRES_PASSWORD: pass
2025-08-21T14:29:07.3361283Z   POSTGRES_DB: awa
2025-08-21T14:29:07.3361624Z   LLM_PROVIDER: lan
2025-08-21T14:29:07.3362003Z   LLM_BASE_URL: http://localhost:8000
2025-08-21T14:29:07.3362440Z ##[endgroup]
2025-08-21T14:29:39.3615191Z ........s.............................sssssss........................... [ 41%]
2025-08-21T14:30:11.2045031Z ........................................................................ [ 83%]
2025-08-21T14:30:12.3436659Z .............................                                            [100%]
2025-08-21T14:30:12.3437494Z =============================== warnings summary ===============================
2025-08-21T14:30:12.3439087Z ../../../../../opt/hostedtoolcache/Python/3.12.11/x64/lib/python3.12/site-packages/pydantic/fields.py:1093
2025-08-21T14:30:12.3442697Z   /opt/hostedtoolcache/Python/3.12.11/x64/lib/python3.12/site-packages/pydantic/fields.py:1093: PydanticDeprecatedSince20: Using extra keyword arguments on `Field` is deprecated and will be removed. Use `json_schema_extra` instead. (Extra keys: 'strip_whitespace'). Deprecated in Pydantic V2.0 to be removed in V3.0. See Pydantic V2 Migration Guide at https://errors.pydantic.dev/2.11/migration/
2025-08-21T14:30:12.3444481Z     warn(
2025-08-21T14:30:12.3444623Z 
2025-08-21T14:30:12.3444824Z services/alert_bot/tests/test_smoke.py:5
2025-08-21T14:30:12.3446465Z   /home/runner/work/AWA-App/AWA-App/services/alert_bot/tests/test_smoke.py:5: UserWarning: pkg_resources is deprecated as an API. See https://setuptools.pypa.io/en/latest/pkg_resources.html. The pkg_resources package is slated for removal as early as 2025-11-30. Refrain from using this package or pin to Setuptools<81.
2025-08-21T14:30:12.3448452Z     import pkg_resources  # noqa: F401
2025-08-21T14:30:12.3448627Z 
2025-08-21T14:30:12.3448790Z tests/api/test_ingest_endpoints.py: 12 warnings
2025-08-21T14:30:12.3449115Z tests/ingest/test_tasks_eager.py: 3 warnings
2025-08-21T14:30:12.3449404Z tests/test_api_fast.py: 1 warning
2025-08-21T14:30:12.3449665Z tests/test_health.py: 5 warnings
2025-08-21T14:30:12.3449916Z tests/test_smoke.py: 5 warnings
2025-08-21T14:30:12.3450186Z services/api/tests/test_cors.py: 1 warning
2025-08-21T14:30:12.3450507Z services/api/tests/test_errors_json.py: 2 warnings
2025-08-21T14:30:12.3450830Z services/api/tests/test_health.py: 1 warning
2025-08-21T14:30:12.3451340Z services/api/tests/test_rate_limit.py: 122 warnings
2025-08-21T14:30:12.3451708Z services/api/tests/test_roi_basic_auth.py: 4 warnings
2025-08-21T14:30:12.3452046Z services/api/tests/test_sentry_event.py: 1 warning
2025-08-21T14:30:12.3452395Z services/api/tests/test_stats_contracts.py: 3 warnings
2025-08-21T14:30:12.3452793Z services/api/tests/test_stats_future_contracts.py: 3 warnings
2025-08-21T14:30:12.3454214Z   /opt/hostedtoolcache/Python/3.12.11/x64/lib/python3.12/site-packages/asgi_correlation_id/extensions/sentry.py:27: DeprecationWarning: sentry_sdk.configure_scope is deprecated and will be removed in the next major version. Please consult our migration guide to learn how to migrate to the new API: https://docs.sentry.io/platforms/python/migration/1.x-to-2.x#scope-configuring
2025-08-21T14:30:12.3455418Z     with configure_scope() as scope:
2025-08-21T14:30:12.3455580Z 
2025-08-21T14:30:12.3455733Z tests/api/test_ingest_endpoints.py: 3 warnings
2025-08-21T14:30:12.3456030Z tests/test_api_fast.py: 1 warning
2025-08-21T14:30:12.3456300Z tests/test_health.py: 5 warnings
2025-08-21T14:30:12.3456552Z tests/test_smoke.py: 5 warnings
2025-08-21T14:30:12.3456828Z services/api/tests/test_cors.py: 3 warnings
2025-08-21T14:30:12.3457157Z services/api/tests/test_errors_json.py: 2 warnings
2025-08-21T14:30:12.3457482Z services/api/tests/test_health.py: 1 warning
2025-08-21T14:30:12.3457799Z services/api/tests/test_rate_limit.py: 2 warnings
2025-08-21T14:30:12.3458400Z Sentry is attempting to send 0 pending events
2025-08-21T14:30:12.3458683Z Waiting up to True seconds
2025-08-21T14:30:12.3458898Z Press Ctrl-C to quit
2025-08-21T14:30:12.3459178Z services/api/tests/test_sentry_event.py: 1 warning
2025-08-21T14:30:12.3459529Z services/api/tests/test_stats_contracts.py: 3 warnings
2025-08-21T14:30:12.3459924Z services/api/tests/test_stats_future_contracts.py: 1 warning
2025-08-21T14:30:12.3460808Z   /opt/hostedtoolcache/Python/3.12.11/x64/lib/python3.12/site-packages/fastapi_limiter/__init__.py:89: DeprecationWarning: Call to deprecated close. (Use aclose() instead) -- Deprecated since version 5.0.1.
2025-08-21T14:30:12.3461567Z     await cls.redis.close()
2025-08-21T14:30:12.3461721Z 
2025-08-21T14:30:12.3461912Z tests/test_api_fast.py::test_health_endpoint
2025-08-21T14:30:12.3463014Z   /home/runner/work/AWA-App/AWA-App/tests/test_api_fast.py:13: DeprecationWarning: datetime.datetime.utcnow() is deprecated and scheduled for removal in a future version. Use timezone-aware objects to represent datetimes in UTC: datetime.datetime.now(datetime.UTC).
2025-08-21T14:30:12.3463998Z     return datetime.datetime.utcnow()
2025-08-21T14:30:12.3464180Z 
2025-08-21T14:30:12.3464309Z tests/test_api_fast.py: 1 warning
2025-08-21T14:30:12.3464612Z tests/test_health.py: 5 warnings
2025-08-21T14:30:12.3464884Z tests/test_smoke.py: 5 warnings
2025-08-21T14:30:12.3465174Z services/api/tests/test_cors.py: 1 warning
2025-08-21T14:30:12.3465503Z services/api/tests/test_health.py: 1 warning
2025-08-21T14:30:12.3465852Z services/api/tests/test_rate_limit.py: 102 warnings
2025-08-21T14:30:12.3467139Z   /home/runner/work/AWA-App/AWA-App/services/api/routes/health.py:24: DeprecationWarning: datetime.datetime.utcnow() is deprecated and scheduled for removal in a future version. Use timezone-aware objects to represent datetimes in UTC: datetime.datetime.now(datetime.UTC).
2025-08-21T14:30:12.3468403Z     app_now = datetime.utcnow().replace(tzinfo=timezone.utc)
2025-08-21T14:30:12.3468624Z 
2025-08-21T14:30:12.3468770Z tests/test_health.py::test_health[0]
2025-08-21T14:30:12.3469060Z tests/test_health.py::test_health[1]
2025-08-21T14:30:12.3469346Z tests/test_health.py::test_health[2]
2025-08-21T14:30:12.3469628Z tests/test_health.py::test_health[3]
2025-08-21T14:30:12.3469906Z tests/test_health.py::test_health[4]
2025-08-21T14:30:12.3471094Z   /home/runner/work/AWA-App/AWA-App/tests/test_health.py:22: DeprecationWarning: datetime.datetime.utcnow() is deprecated and scheduled for removal in a future version. Use timezone-aware objects to represent datetimes in UTC: datetime.datetime.now(datetime.UTC).
2025-08-21T14:30:12.3472077Z     return datetime.datetime.utcnow()
2025-08-21T14:30:12.3472258Z 
2025-08-21T14:30:12.3472389Z tests/test_smoke.py::test_health[0]
2025-08-21T14:30:12.3472672Z tests/test_smoke.py::test_health[1]
2025-08-21T14:30:12.3472951Z tests/test_smoke.py::test_health[2]
2025-08-21T14:30:12.3473223Z tests/test_smoke.py::test_health[3]
2025-08-21T14:30:12.3473504Z tests/test_smoke.py::test_health[4]
2025-08-21T14:30:12.3474541Z   /home/runner/work/AWA-App/AWA-App/tests/test_smoke.py:32: DeprecationWarning: datetime.datetime.utcnow() is deprecated and scheduled for removal in a future version. Use timezone-aware objects to represent datetimes in UTC: datetime.datetime.now(datetime.UTC).
2025-08-21T14:30:12.3475508Z     return datetime.datetime.utcnow()
2025-08-21T14:30:12.3475677Z 
2025-08-21T14:30:12.3475905Z services/api/tests/test_cors.py::test_cors_simple_get_allowed
2025-08-21T14:30:12.3477098Z   /home/runner/work/AWA-App/AWA-App/services/api/tests/test_cors.py:27: DeprecationWarning: datetime.datetime.utcnow() is deprecated and scheduled for removal in a future version. Use timezone-aware objects to represent datetimes in UTC: datetime.datetime.now(datetime.UTC).
2025-08-21T14:30:12.3478302Z     return datetime.datetime.utcnow()
2025-08-21T14:30:12.3478472Z 
2025-08-21T14:30:12.3478660Z services/api/tests/test_health.py::test_health_route
2025-08-21T14:30:12.3479816Z   /home/runner/work/AWA-App/AWA-App/services/api/tests/test_health.py:14: DeprecationWarning: datetime.datetime.utcnow() is deprecated and scheduled for removal in a future version. Use timezone-aware objects to represent datetimes in UTC: datetime.datetime.now(datetime.UTC).
2025-08-21T14:30:12.3480827Z     return datetime.datetime.utcnow()
2025-08-21T14:30:12.3480998Z 
2025-08-21T14:30:12.3481176Z services/api/tests/test_rate_limit.py: 102 warnings
2025-08-21T14:30:12.3482347Z   /home/runner/work/AWA-App/AWA-App/services/api/tests/test_rate_limit.py:33: DeprecationWarning: datetime.datetime.utcnow() is deprecated and scheduled for removal in a future version. Use timezone-aware objects to represent datetimes in UTC: datetime.datetime.now(datetime.UTC).
2025-08-21T14:30:12.3483370Z     return datetime.datetime.utcnow()
2025-08-21T14:30:12.3483537Z 
2025-08-21T14:30:12.3483867Z services/api/tests/test_sentry_event.py::test_unhandled_exception_is_captured_and_tagged
2025-08-21T14:30:12.3485356Z   /home/runner/work/AWA-App/AWA-App/services/api/tests/test_sentry_event.py:47: SentryHubDeprecationWarning: `sentry_sdk.Hub` is deprecated and will be removed in a future major release. Please consult our 1.x to 2.x migration guide for details on how to migrate `Hub` usage to the new API: https://docs.sentry.io/platforms/python/migration/1.x-to-2.x
2025-08-21T14:30:12.3486527Z     hub = sentry_sdk.Hub.current
2025-08-21T14:30:12.3486679Z 
2025-08-21T14:30:12.3486947Z -- Docs: https://docs.pytest.org/en/stable/how-to/capture-warnings.html
2025-08-21T14:30:12.3487423Z ================================ tests coverage ================================
2025-08-21T14:30:12.3488193Z _______________ coverage: platform linux, python 3.12.11-final-0 _______________
2025-08-21T14:30:12.3488455Z 
2025-08-21T14:30:12.3488609Z Coverage XML written to file coverage.xml
2025-08-21T14:30:12.7463988Z ##[group]Run echo "::group::postgres container logs"
2025-08-21T14:30:12.7464338Z [36;1mecho "::group::postgres container logs"[0m
2025-08-21T14:30:12.7464765Z [36;1mdocker logs 507bd833cb8f3ff2fa3b1d834006c22a555aef1403a6353a4b1f4bcc04325362 --tail 200[0m
2025-08-21T14:30:12.7465169Z [36;1mecho "::endgroup::"[0m
2025-08-21T14:30:12.7504348Z shell: /usr/bin/bash -e {0}
2025-08-21T14:30:12.7504575Z env:
2025-08-21T14:30:12.7504787Z   REDIS_URL: redis://localhost:6379/0
2025-08-21T14:30:12.7505052Z   RATE_LIMIT_DEFAULT: 100/minute
2025-08-21T14:30:12.7505287Z   TRUST_X_FORWARDED: 1
2025-08-21T14:30:12.7505500Z   PG_USER: postgres
2025-08-21T14:30:12.7505702Z   PG_PASSWORD: pass
2025-08-21T14:30:12.7505877Z   PG_DATABASE: awa
2025-08-21T14:30:12.7506057Z   PG_HOST: localhost
2025-08-21T14:30:12.7506235Z   PG_PORT: 5432
2025-08-21T14:30:12.7506605Z   PG_SYNC_DSN: ***localhost:5432/awa
2025-08-21T14:30:12.7506983Z   PG_ASYNC_DSN: ***localhost:5432/awa
2025-08-21T14:30:12.7507356Z   DATABASE_URL: ***localhost:5432/awa
2025-08-21T14:30:12.7507577Z   DATA_DIR: /tmp/awa-data
2025-08-21T14:30:12.7507766Z   ENABLE_LIVE: 0
2025-08-21T14:30:12.7508051Z   TESTING: 1
2025-08-21T14:30:12.7508282Z   pythonLocation: /opt/hostedtoolcache/Python/3.12.11/x64
2025-08-21T14:30:12.7508654Z   PKG_CONFIG_PATH: /opt/hostedtoolcache/Python/3.12.11/x64/lib/pkgconfig
2025-08-21T14:30:12.7509017Z   Python_ROOT_DIR: /opt/hostedtoolcache/Python/3.12.11/x64
2025-08-21T14:30:12.7509345Z   Python2_ROOT_DIR: /opt/hostedtoolcache/Python/3.12.11/x64
2025-08-21T14:30:12.7509677Z   Python3_ROOT_DIR: /opt/hostedtoolcache/Python/3.12.11/x64
2025-08-21T14:30:12.7509998Z   LD_LIBRARY_PATH: /opt/hostedtoolcache/Python/3.12.11/x64/lib
2025-08-21T14:30:12.7510272Z ##[endgroup]
2025-08-21T14:30:12.7566234Z ##[group]postgres container logs
2025-08-21T14:30:12.7678131Z The files belonging to this database system will be owned by user "postgres".
2025-08-21T14:30:12.7678931Z This user must also own the server process.
2025-08-21T14:30:12.7679756Z initdb: warning: enabling "trust" authentication for local connections
2025-08-21T14:30:12.7681052Z initdb: hint: You can change this by editing pg_hba.conf or using the option -A, or --auth-local and --auth-host, the next time you run initdb.
2025-08-21T14:30:12.7681770Z 
2025-08-21T14:30:12.7682220Z The database cluster will be initialized with locale "en_US.utf8".
2025-08-21T14:30:12.7682773Z The default database encoding has accordingly been set to "UTF8".
2025-08-21T14:30:12.7683237Z The default text search configuration will be set to "english".
2025-08-21T14:30:12.7683471Z 
2025-08-21T14:30:12.7683613Z Data page checksums are disabled.
2025-08-21T14:30:12.7683772Z 
2025-08-21T14:30:12.7684043Z fixing permissions on existing directory /var/lib/postgresql/data ... ok
2025-08-21T14:30:12.7684922Z 2025-08-21 14:27:38.246 UTC [1] LOG:  starting PostgreSQL 15.14 (Debian 15.14-1.pgdg13+1) on x86_64-pc-linux-gnu, compiled by gcc (Debian 14.2.0-19) 14.2.0, 64-bit
2025-08-21T14:30:12.7685634Z 2025-08-21 14:27:38.246 UTC [1] LOG:  listening on IPv4 address "0.0.0.0", port 5432
2025-08-21T14:30:12.7686155Z 2025-08-21 14:27:38.246 UTC [1] LOG:  listening on IPv6 address "::", port 5432
2025-08-21T14:30:12.7686720Z 2025-08-21 14:27:38.247 UTC [1] LOG:  listening on Unix socket "/var/run/postgresql/.s.PGSQL.5432"
2025-08-21T14:30:12.7687356Z 2025-08-21 14:27:38.250 UTC [64] LOG:  database system was shut down at 2025-08-21 14:27:38 UTC
2025-08-21T14:30:12.7688071Z 2025-08-21 14:27:38.255 UTC [1] LOG:  database system is ready to accept connections
2025-08-21T14:30:12.7688551Z creating subdirectories ... ok
2025-08-21T14:30:12.7688927Z selecting dynamic shared memory implementation ... posix
2025-08-21T14:30:12.7689295Z selecting default max_connections ... 100
2025-08-21T14:30:12.7689867Z selecting default shared_buffers ... 128MB
2025-08-21T14:30:12.7690185Z selecting default time zone ... Etc/UTC
2025-08-21T14:30:12.7690490Z creating configuration files ... ok
2025-08-21T14:30:12.7690945Z running bootstrap script ... ok
2025-08-21T14:30:12.7691283Z performing post-bootstrap initialization ... ok
2025-08-21T14:30:12.7691587Z syncing data to disk ... ok
2025-08-21T14:30:12.7691728Z 
2025-08-21T14:30:12.7691735Z 
2025-08-21T14:30:12.7691992Z Success. You can now start the database server using:
2025-08-21T14:30:12.7692373Z 
2025-08-21T14:30:12.7692554Z     pg_ctl -D /var/lib/postgresql/data -l logfile start
2025-08-21T14:30:12.7692892Z 
2025-08-21T14:30:12.7693837Z waiting for server to start....2025-08-21 14:27:37.903 UTC [48] LOG:  starting PostgreSQL 15.14 (Debian 15.14-1.pgdg13+1) on x86_64-pc-linux-gnu, compiled by gcc (Debian 14.2.0-19) 14.2.0, 64-bit
2025-08-21T14:30:12.7694698Z 2025-08-21 14:27:37.903 UTC [48] LOG:  listening on Unix socket "/var/run/postgresql/.s.PGSQL.5432"
2025-08-21T14:30:12.7695821Z 2025-08-21 14:27:37.907 UTC [51] LOG:  database system was shut down at 2025-08-21 14:27:37 UTC
2025-08-21T14:30:12.7696666Z 2025-08-21 14:27:37.911 UTC [48] LOG:  database system is ready to accept connections
2025-08-21T14:30:12.7697021Z  done
2025-08-21T14:30:12.7697200Z server started
2025-08-21T14:30:12.7697391Z CREATE DATABASE
2025-08-21T14:30:12.7697509Z 
2025-08-21T14:30:12.7697515Z 
2025-08-21T14:30:12.7697819Z /usr/local/bin/docker-entrypoint.sh: ignoring /docker-entrypoint-initdb.d/*
2025-08-21T14:30:12.7698320Z 
2025-08-21T14:30:12.7698676Z waiting for server to shut down...2025-08-21 14:27:38.122 UTC [48] LOG:  received fast shutdown request
2025-08-21T14:30:12.7699232Z .2025-08-21 14:27:38.123 UTC [48] LOG:  aborting any active transactions
2025-08-21T14:30:12.7699875Z 2025-08-21 14:27:38.125 UTC [48] LOG:  background worker "logical replication launcher" (PID 54) exited with exit code 1
2025-08-21T14:30:12.7700409Z 2025-08-21 14:27:38.127 UTC [49] LOG:  shutting down
2025-08-21T14:30:12.7700852Z 2025-08-21 14:27:38.127 UTC [49] LOG:  checkpoint starting: shutdown immediate
2025-08-21T14:30:12.7701951Z 2025-08-21 14:27:38.158 UTC [49] LOG:  checkpoint complete: wrote 922 buffers (5.6%); 0 WAL file(s) added, 0 removed, 0 recycled; write=0.023 s, sync=0.004 s, total=0.031 s; sync files=301, longest=0.003 s, average=0.001 s; distance=4239 kB, estimate=4239 kB
2025-08-21T14:30:12.7702832Z 2025-08-21 14:27:38.167 UTC [48] LOG:  database system is shut down
2025-08-21T14:30:12.7703128Z  done
2025-08-21T14:30:12.7703302Z server stopped
2025-08-21T14:30:12.7703411Z 
2025-08-21T14:30:12.7703609Z PostgreSQL init process complete; ready for start up.
2025-08-21T14:30:12.7703819Z 
2025-08-21T14:30:12.7704068Z ##[endgroup]
2025-08-21T14:30:12.7740462Z Post job cleanup.
2025-08-21T14:30:12.9807722Z Post job cleanup.
2025-08-21T14:30:13.1064576Z Cache hit occurred on the primary key Linux-test-cc13ccef493b9f3a93ad5651164d9fb09282c1111f6f72ce20e0657de16de6b4, not saving cache.
2025-08-21T14:30:13.1148746Z Post job cleanup.
2025-08-21T14:30:13.2607291Z Cache hit occurred on the primary key setup-python-Linux-x64-24.04-Ubuntu-python-3.12.11-pip-811b81ed6ebfbfffa596cc763769fd73f8be2333e1ac798acb7aae17a56fccd5, not saving cache.
2025-08-21T14:30:13.2716175Z Post job cleanup.
2025-08-21T14:30:13.3491555Z [command]/usr/bin/git version
2025-08-21T14:30:13.3524811Z git version 2.51.0
2025-08-21T14:30:13.3560148Z Temporarily overriding HOME='/home/runner/work/_temp/409221b2-7134-4135-978e-bd6c43f07b17' before making global git config changes
2025-08-21T14:30:13.3561635Z Adding repository directory to the temporary git global config as a safe directory
2025-08-21T14:30:13.3566157Z [command]/usr/bin/git config --global --add safe.directory /home/runner/work/AWA-App/AWA-App
2025-08-21T14:30:13.3600571Z [command]/usr/bin/git config --local --name-only --get-regexp core\.sshCommand
2025-08-21T14:30:13.3632242Z [command]/usr/bin/git submodule foreach --recursive sh -c "git config --local --name-only --get-regexp 'core\.sshCommand' && git config --local --unset-all 'core.sshCommand' || :"
2025-08-21T14:30:13.3859058Z [command]/usr/bin/git config --local --name-only --get-regexp http\.https\:\/\/github\.com\/\.extraheader
2025-08-21T14:30:13.3879175Z http.https://github.com/.extraheader
2025-08-21T14:30:13.3888752Z [command]/usr/bin/git config --local --unset-all http.https://github.com/.extraheader
2025-08-21T14:30:13.3919130Z [command]/usr/bin/git submodule foreach --recursive sh -c "git config --local --name-only --get-regexp 'http\.https\:\/\/github\.com\/\.extraheader' && git config --local --unset-all 'http.https://github.com/.extraheader' || :"
2025-08-21T14:30:13.4223074Z Print service container logs: 98ac6b9a9b154d7a9d1807d4541a078d_postgres15_44277a
2025-08-21T14:30:13.4227664Z ##[command]/usr/bin/docker logs --details 507bd833cb8f3ff2fa3b1d834006c22a555aef1403a6353a4b1f4bcc04325362
2025-08-21T14:30:13.4344479Z  The files belonging to this database system will be owned by user "postgres".
2025-08-21T14:30:13.4346122Z  initdb: warning: enabling "trust" authentication for local connections
2025-08-21T14:30:13.4347214Z  initdb: hint: You can change this by editing pg_hba.conf or using the option -A, or --auth-local and --auth-host, the next time you run initdb.
2025-08-21T14:30:13.4348288Z  This user must also own the server process.
2025-08-21T14:30:13.4348706Z  
2025-08-21T14:30:13.4349134Z  The database cluster will be initialized with locale "en_US.utf8".
2025-08-21T14:30:13.4349831Z  The default database encoding has accordingly been set to "UTF8".
2025-08-21T14:30:13.4350503Z  The default text search configuration will be set to "english".
2025-08-21T14:30:13.4351054Z  
2025-08-21T14:30:13.4351351Z  Data page checksums are disabled.
2025-08-21T14:30:13.4351736Z  
2025-08-21T14:30:13.4352196Z  fixing permissions on existing directory /var/lib/postgresql/data ... ok
2025-08-21T14:30:13.4352810Z  creating subdirectories ... ok
2025-08-21T14:30:13.4353305Z  selecting dynamic shared memory implementation ... posix
2025-08-21T14:30:13.4353847Z  selecting default max_connections ... 100
2025-08-21T14:30:13.4354293Z  selecting default shared_buffers ... 128MB
2025-08-21T14:30:13.4354738Z  selecting default time zone ... Etc/UTC
2025-08-21T14:30:13.4355181Z  creating configuration files ... ok
2025-08-21T14:30:13.4355615Z  running bootstrap script ... ok
2025-08-21T14:30:13.4356074Z  performing post-bootstrap initialization ... ok
2025-08-21T14:30:13.4356545Z  syncing data to disk ... ok
2025-08-21T14:30:13.4356899Z  
2025-08-21T14:30:13.4357161Z  
2025-08-21T14:30:13.4357514Z  Success. You can now start the database server using:
2025-08-21T14:30:13.4358151Z  
2025-08-21T14:30:13.4358503Z      pg_ctl -D /var/lib/postgresql/data -l logfile start
2025-08-21T14:30:13.4358965Z  
2025-08-21T14:30:13.4359828Z  waiting for server to start....2025-08-21 14:27:37.903 UTC [48] LOG:  starting PostgreSQL 15.14 (Debian 15.14-1.pgdg13+1) on x86_64-pc-linux-gnu, compiled by gcc (Debian 14.2.0-19) 14.2.0, 64-bit
2025-08-21T14:30:13.4360982Z  2025-08-21 14:27:37.903 UTC [48] LOG:  listening on Unix socket "/var/run/postgresql/.s.PGSQL.5432"
2025-08-21T14:30:13.4361761Z  2025-08-21 14:27:37.907 UTC [51] LOG:  database system was shut down at 2025-08-21 14:27:37 UTC
2025-08-21T14:30:13.4362873Z  2025-08-21 14:27:38.246 UTC [1] LOG:  starting PostgreSQL 15.14 (Debian 15.14-1.pgdg13+1) on x86_64-pc-linux-gnu, compiled by gcc (Debian 14.2.0-19) 14.2.0, 64-bit
2025-08-21T14:30:13.4364081Z  2025-08-21 14:27:38.246 UTC [1] LOG:  listening on IPv4 address "0.0.0.0", port 5432
2025-08-21T14:30:13.4364810Z  2025-08-21 14:27:38.246 UTC [1] LOG:  listening on IPv6 address "::", port 5432
2025-08-21T14:30:13.4365511Z  2025-08-21 14:27:38.247 UTC [1] LOG:  listening on Unix socket "/var/run/postgresql/.s.PGSQL.5432"
2025-08-21T14:30:13.4366007Z  2025-08-21 14:27:38.250 UTC [64] LOG:  database system was shut down at 2025-08-21 14:27:38 UTC
2025-08-21T14:30:13.4366453Z  2025-08-21 14:27:38.255 UTC [1] LOG:  database system is ready to accept connections
2025-08-21T14:30:13.4367090Z  2025-08-21 14:27:37.911 UTC [48] LOG:  database system is ready to accept connections
2025-08-21T14:30:13.4367413Z   done
2025-08-21T14:30:13.4367587Z  server started
2025-08-21T14:30:13.4367773Z  CREATE DATABASE
2025-08-21T14:30:13.4368166Z  
2025-08-21T14:30:13.4368340Z  
2025-08-21T14:30:13.4368648Z  /usr/local/bin/docker-entrypoint.sh: ignoring /docker-entrypoint-initdb.d/*
2025-08-21T14:30:13.4369013Z  
2025-08-21T14:30:13.4369329Z  waiting for server to shut down...2025-08-21 14:27:38.122 UTC [48] LOG:  received fast shutdown request
2025-08-21T14:30:13.4369979Z  .2025-08-21 14:27:38.123 UTC [48] LOG:  aborting any active transactions
2025-08-21T14:30:13.4370502Z  2025-08-21 14:27:38.125 UTC [48] LOG:  background worker "logical replication launcher" (PID 54) exited with exit code 1
2025-08-21T14:30:13.4370990Z  2025-08-21 14:27:38.127 UTC [49] LOG:  shutting down
2025-08-21T14:30:13.4371349Z  2025-08-21 14:27:38.127 UTC [49] LOG:  checkpoint starting: shutdown immediate
2025-08-21T14:30:13.4372160Z  2025-08-21 14:27:38.158 UTC [49] LOG:  checkpoint complete: wrote 922 buffers (5.6%); 0 WAL file(s) added, 0 removed, 0 recycled; write=0.023 s, sync=0.004 s, total=0.031 s; sync files=301, longest=0.003 s, average=0.001 s; distance=4239 kB, estimate=4239 kB
2025-08-21T14:30:13.4372948Z  2025-08-21 14:27:38.167 UTC [48] LOG:  database system is shut down
2025-08-21T14:30:13.4373231Z   done
2025-08-21T14:30:13.4373397Z  server stopped
2025-08-21T14:30:13.4373572Z  
2025-08-21T14:30:13.4373791Z  PostgreSQL init process complete; ready for start up.
2025-08-21T14:30:13.4374066Z  
2025-08-21T14:30:13.4379716Z Stop and remove container: 98ac6b9a9b154d7a9d1807d4541a078d_postgres15_44277a
2025-08-21T14:30:13.4383980Z ##[command]/usr/bin/docker rm --force 507bd833cb8f3ff2fa3b1d834006c22a555aef1403a6353a4b1f4bcc04325362
2025-08-21T14:30:13.5586383Z 507bd833cb8f3ff2fa3b1d834006c22a555aef1403a6353a4b1f4bcc04325362
2025-08-21T14:30:13.5606251Z Print service container logs: 415bdc5d947443948c95ddc5ff69567a_redis7alpine_402cce
2025-08-21T14:30:13.5607455Z ##[command]/usr/bin/docker logs --details d57cff2ee4fca06d79142d06ba0e212f11df9aecd58efcbcae7e72f497c06129
2025-08-21T14:30:13.5725428Z  1:C 21 Aug 2025 14:27:38.696 # WARNING Memory overcommit must be enabled! Without it, a background save or replication may fail under low memory condition. Being disabled, it can also cause failures without low memory condition, see https://github.com/jemalloc/jemalloc/issues/1328. To fix this issue add 'vm.overcommit_memory = 1' to /etc/sysctl.conf and then reboot or run the command 'sysctl vm.overcommit_memory=1' for this to take effect.
2025-08-21T14:30:13.5728196Z  1:C 21 Aug 2025 14:27:38.696 * oO0OoO0OoO0Oo Redis is starting oO0OoO0OoO0Oo
2025-08-21T14:30:13.5728986Z  1:C 21 Aug 2025 14:27:38.696 * Redis version=7.4.5, bits=64, commit=00000000, modified=0, pid=1, just started
2025-08-21T14:30:13.5730175Z  1:C 21 Aug 2025 14:27:38.696 # Warning: no config file specified, using the default config. In order to specify a config file use redis-server /path/to/redis.conf
2025-08-21T14:30:13.5731245Z  1:M 21 Aug 2025 14:27:38.696 * monotonic clock: POSIX clock_gettime
2025-08-21T14:30:13.5731843Z  1:M 21 Aug 2025 14:27:38.697 * Running mode=standalone, port=6379.
2025-08-21T14:30:13.5732379Z  1:M 21 Aug 2025 14:27:38.697 * Server initialized
2025-08-21T14:30:13.5732898Z  1:M 21 Aug 2025 14:27:38.697 * Ready to accept connections tcp
2025-08-21T14:30:13.5739199Z Stop and remove container: 415bdc5d947443948c95ddc5ff69567a_redis7alpine_402cce
2025-08-21T14:30:13.5740021Z ##[command]/usr/bin/docker rm --force d57cff2ee4fca06d79142d06ba0e212f11df9aecd58efcbcae7e72f497c06129
2025-08-21T14:30:13.7051989Z d57cff2ee4fca06d79142d06ba0e212f11df9aecd58efcbcae7e72f497c06129
2025-08-21T14:30:13.7077238Z Remove container network: github_network_bfa8e8d9136f4c959eb5a6dacff49f77
2025-08-21T14:30:13.7081432Z ##[command]/usr/bin/docker network rm github_network_bfa8e8d9136f4c959eb5a6dacff49f77
2025-08-21T14:30:13.8101055Z github_network_bfa8e8d9136f4c959eb5a6dacff49f77
2025-08-21T14:30:13.8157862Z Cleaning up orphan processes
