2025-08-18T19:13:40.1467697Z Current runner version: '2.327.1'
2025-08-18T19:13:40.1490936Z ##[group]Runner Image Provisioner
2025-08-18T19:13:40.1491666Z Hosted Compute Agent
2025-08-18T19:13:40.1492182Z Version: 20250818.377
2025-08-18T19:13:40.1492830Z Commit: 3c593e9f75fe0b87e893bca80d6e12ba089c61fc
2025-08-18T19:13:40.1493512Z Build Date: 2025-08-18T14:52:18Z
2025-08-18T19:13:40.1494048Z ##[endgroup]
2025-08-18T19:13:40.1494952Z ##[group]Operating System
2025-08-18T19:13:40.1495517Z Ubuntu
2025-08-18T19:13:40.1495947Z 24.04.2
2025-08-18T19:13:40.1496451Z LTS
2025-08-18T19:13:40.1496861Z ##[endgroup]
2025-08-18T19:13:40.1497342Z ##[group]Runner Image
2025-08-18T19:13:40.1497899Z Image: ubuntu-24.04
2025-08-18T19:13:40.1498406Z Version: 20250810.1.0
2025-08-18T19:13:40.1499447Z Included Software: https://github.com/actions/runner-images/blob/ubuntu24/20250810.1/images/ubuntu/Ubuntu2404-Readme.md
2025-08-18T19:13:40.1501071Z Image Release: https://github.com/actions/runner-images/releases/tag/ubuntu24%2F20250810.1
2025-08-18T19:13:40.1502048Z ##[endgroup]
2025-08-18T19:13:40.1504574Z ##[group]GITHUB_TOKEN Permissions
2025-08-18T19:13:40.1506697Z Actions: write
2025-08-18T19:13:40.1507328Z Attestations: write
2025-08-18T19:13:40.1507795Z Checks: write
2025-08-18T19:13:40.1508268Z Contents: write
2025-08-18T19:13:40.1508755Z Deployments: write
2025-08-18T19:13:40.1509276Z Discussions: write
2025-08-18T19:13:40.1509797Z Issues: write
2025-08-18T19:13:40.1510256Z Metadata: read
2025-08-18T19:13:40.1510737Z Models: read
2025-08-18T19:13:40.1511177Z Packages: write
2025-08-18T19:13:40.1511691Z Pages: write
2025-08-18T19:13:40.1512205Z PullRequests: write
2025-08-18T19:13:40.1512802Z RepositoryProjects: write
2025-08-18T19:13:40.1513361Z SecurityEvents: write
2025-08-18T19:13:40.1514074Z Statuses: write
2025-08-18T19:13:40.1515062Z ##[endgroup]
2025-08-18T19:13:40.1517983Z Secret source: Actions
2025-08-18T19:13:40.1518981Z Prepare workflow directory
2025-08-18T19:13:40.1937282Z Prepare all required actions
2025-08-18T19:13:40.1973999Z Getting action download info
2025-08-18T19:13:40.5184923Z Download action repository 'actions/checkout@v4' (SHA:08eba0b27e820071cde6df949e0beb9ba4906955)
2025-08-18T19:13:40.7917862Z Download action repository 'actions/setup-python@v5' (SHA:a26af69be951a213d495a4c3e4e4022e16d87065)
2025-08-18T19:13:41.0755903Z Download action repository 'actions/cache@v4' (SHA:0400d5f644dc74513175e3cd8d07132dd4860809)
2025-08-18T19:13:41.4335926Z Download action repository 'actions/setup-node@v4' (SHA:49933ea5288caeca8642d1e84afbd3f7d6820020)
2025-08-18T19:13:41.5210912Z Download action repository 'codecov/codecov-action@v4' (SHA:b9fd7d16f6d7d1b5d2bec1a2887e65ceed900238)
2025-08-18T19:13:41.8809666Z Complete job name: test
2025-08-18T19:13:41.9319907Z ##[group]Checking docker version
2025-08-18T19:13:41.9333022Z ##[command]/usr/bin/docker version --format '{{.Server.APIVersion}}'
2025-08-18T19:13:43.5492746Z '1.48'
2025-08-18T19:13:43.5505622Z Docker daemon API version: '1.48'
2025-08-18T19:13:43.5506183Z ##[command]/usr/bin/docker version --format '{{.Client.APIVersion}}'
2025-08-18T19:13:43.5725954Z '1.48'
2025-08-18T19:13:43.5739427Z Docker client API version: '1.48'
2025-08-18T19:13:43.5745336Z ##[endgroup]
2025-08-18T19:13:43.5748455Z ##[group]Clean up resources from previous jobs
2025-08-18T19:13:43.5753690Z ##[command]/usr/bin/docker ps --all --quiet --no-trunc --filter "label=85dc2e"
2025-08-18T19:13:43.5953200Z ##[command]/usr/bin/docker network prune --force --filter "label=85dc2e"
2025-08-18T19:13:43.6143110Z ##[endgroup]
2025-08-18T19:13:43.6143444Z ##[group]Create local container network
2025-08-18T19:13:43.6153027Z ##[command]/usr/bin/docker network create --label 85dc2e github_network_9ead27014c55488db1cc780a01924fa2
2025-08-18T19:13:43.6650390Z 5d5af347b829454cc83cf386688e7dbc8aa5caa85d7453a509eac7a92dee25d7
2025-08-18T19:13:43.6668255Z ##[endgroup]
2025-08-18T19:13:43.6691192Z ##[group]Starting postgres service container
2025-08-18T19:13:43.6709932Z ##[command]/usr/bin/docker pull postgres:15
2025-08-18T19:13:43.8990747Z 15: Pulling from library/postgres
2025-08-18T19:13:43.9641844Z 396b1da7636e: Pulling fs layer
2025-08-18T19:13:43.9642343Z fca2566eba32: Pulling fs layer
2025-08-18T19:13:43.9642864Z 631fe8c6d606: Pulling fs layer
2025-08-18T19:13:43.9643154Z 77c7671c4414: Pulling fs layer
2025-08-18T19:13:43.9643497Z 2d9e29180a27: Pulling fs layer
2025-08-18T19:13:43.9643917Z c6bcc2c9a041: Pulling fs layer
2025-08-18T19:13:43.9644574Z ac4b721eb66f: Pulling fs layer
2025-08-18T19:13:43.9645050Z 606bd164980e: Pulling fs layer
2025-08-18T19:13:43.9645500Z f5dfd246bc6e: Pulling fs layer
2025-08-18T19:13:43.9645940Z ba7036bb0a60: Pulling fs layer
2025-08-18T19:13:43.9646375Z 799f859abbbd: Pulling fs layer
2025-08-18T19:13:43.9646767Z d903e777080c: Pulling fs layer
2025-08-18T19:13:43.9647215Z 04adcb462801: Pulling fs layer
2025-08-18T19:13:43.9647496Z 5c10925b29ff: Pulling fs layer
2025-08-18T19:13:43.9647753Z 2d9e29180a27: Waiting
2025-08-18T19:13:43.9647953Z ac4b721eb66f: Waiting
2025-08-18T19:13:43.9648134Z c6bcc2c9a041: Waiting
2025-08-18T19:13:43.9648375Z 606bd164980e: Waiting
2025-08-18T19:13:43.9648545Z f5dfd246bc6e: Waiting
2025-08-18T19:13:43.9648726Z ba7036bb0a60: Waiting
2025-08-18T19:13:43.9648952Z 799f859abbbd: Waiting
2025-08-18T19:13:43.9649133Z d903e777080c: Waiting
2025-08-18T19:13:43.9649300Z 04adcb462801: Waiting
2025-08-18T19:13:43.9649486Z 5c10925b29ff: Waiting
2025-08-18T19:13:43.9649661Z 77c7671c4414: Waiting
2025-08-18T19:13:44.0228697Z fca2566eba32: Verifying Checksum
2025-08-18T19:13:44.0229215Z fca2566eba32: Download complete
2025-08-18T19:13:44.0911810Z 77c7671c4414: Verifying Checksum
2025-08-18T19:13:44.0912465Z 77c7671c4414: Download complete
2025-08-18T19:13:44.1627964Z 631fe8c6d606: Verifying Checksum
2025-08-18T19:13:44.1628433Z 631fe8c6d606: Download complete
2025-08-18T19:13:44.2399896Z c6bcc2c9a041: Download complete
2025-08-18T19:13:44.2984798Z ac4b721eb66f: Verifying Checksum
2025-08-18T19:13:44.2985422Z ac4b721eb66f: Download complete
2025-08-18T19:13:44.3632318Z 2d9e29180a27: Verifying Checksum
2025-08-18T19:13:44.3632769Z 2d9e29180a27: Download complete
2025-08-18T19:13:44.3796455Z 606bd164980e: Verifying Checksum
2025-08-18T19:13:44.3796904Z 606bd164980e: Download complete
2025-08-18T19:13:44.4364868Z ba7036bb0a60: Verifying Checksum
2025-08-18T19:13:44.4365322Z ba7036bb0a60: Download complete
2025-08-18T19:13:44.4879100Z 799f859abbbd: Verifying Checksum
2025-08-18T19:13:44.4879624Z 799f859abbbd: Download complete
2025-08-18T19:13:44.5456540Z d903e777080c: Download complete
2025-08-18T19:13:44.5708561Z 396b1da7636e: Verifying Checksum
2025-08-18T19:13:44.5713745Z 396b1da7636e: Download complete
2025-08-18T19:13:44.6035438Z 04adcb462801: Verifying Checksum
2025-08-18T19:13:44.6282981Z 04adcb462801: Download complete
2025-08-18T19:13:44.6283429Z 5c10925b29ff: Download complete
2025-08-18T19:13:45.5381989Z 396b1da7636e: Pull complete
2025-08-18T19:13:45.7356164Z fca2566eba32: Pull complete
2025-08-18T19:13:45.9354095Z 631fe8c6d606: Pull complete
2025-08-18T19:13:45.9828777Z 77c7671c4414: Pull complete
2025-08-18T19:13:46.3119788Z f5dfd246bc6e: Verifying Checksum
2025-08-18T19:13:46.3120147Z f5dfd246bc6e: Download complete
2025-08-18T19:13:46.3330338Z 2d9e29180a27: Pull complete
2025-08-18T19:13:46.4382511Z c6bcc2c9a041: Pull complete
2025-08-18T19:13:46.4481619Z ac4b721eb66f: Pull complete
2025-08-18T19:13:46.4601531Z 606bd164980e: Pull complete
2025-08-18T19:13:49.6919008Z f5dfd246bc6e: Pull complete
2025-08-18T19:13:49.7235028Z ba7036bb0a60: Pull complete
2025-08-18T19:13:49.7417033Z 799f859abbbd: Pull complete
2025-08-18T19:13:49.7606255Z d903e777080c: Pull complete
2025-08-18T19:13:49.7798642Z 04adcb462801: Pull complete
2025-08-18T19:13:49.7971825Z 5c10925b29ff: Pull complete
2025-08-18T19:13:49.8042753Z Digest: sha256:bc51cf4f1fe02cce7ed2370b20128a9b00b4eb804573a77d2a0d877aaa9c82b1
2025-08-18T19:13:49.8063980Z Status: Downloaded newer image for postgres:15
2025-08-18T19:13:49.8085708Z docker.io/library/postgres:15
2025-08-18T19:13:49.8220225Z ##[command]/usr/bin/docker create --name d048a3a9ba1d46e2b6dcd99e770f09b8_postgres15_1291c6 --label 85dc2e --network github_network_9ead27014c55488db1cc780a01924fa2 --network-alias postgres -p 5432:5432 --health-cmd="pg_isready -U postgres -d awa" --health-interval=5s --health-timeout=5s --health-retries=10 -e "POSTGRES_USER=postgres" -e "POSTGRES_PASSWORD=pass" -e "POSTGRES_DB=awa" -e GITHUB_ACTIONS=true -e CI=true postgres:15
2025-08-18T19:13:49.8892455Z fe3e03f599a1398d7588961ec2538aca36efd3cca0c8452da3678fe29c779ff2
2025-08-18T19:13:49.8940485Z ##[command]/usr/bin/docker start fe3e03f599a1398d7588961ec2538aca36efd3cca0c8452da3678fe29c779ff2
2025-08-18T19:13:51.0642250Z fe3e03f599a1398d7588961ec2538aca36efd3cca0c8452da3678fe29c779ff2
2025-08-18T19:13:51.0665869Z ##[command]/usr/bin/docker ps --all --filter id=fe3e03f599a1398d7588961ec2538aca36efd3cca0c8452da3678fe29c779ff2 --filter status=running --no-trunc --format "{{.ID}} {{.Status}}"
2025-08-18T19:13:51.0796254Z fe3e03f599a1398d7588961ec2538aca36efd3cca0c8452da3678fe29c779ff2 Up 1 second (health: starting)
2025-08-18T19:13:51.0818529Z ##[command]/usr/bin/docker port fe3e03f599a1398d7588961ec2538aca36efd3cca0c8452da3678fe29c779ff2
2025-08-18T19:13:51.0947211Z 5432/tcp -> 0.0.0.0:5432
2025-08-18T19:13:51.1011518Z 5432/tcp -> [::]:5432
2025-08-18T19:13:51.1059346Z ##[endgroup]
2025-08-18T19:13:51.1060639Z ##[group]Starting redis service container
2025-08-18T19:13:51.1062041Z ##[command]/usr/bin/docker pull redis:7-alpine
2025-08-18T19:13:51.2757890Z 7-alpine: Pulling from library/redis
2025-08-18T19:13:51.3281707Z 0368fd46e3c6: Pulling fs layer
2025-08-18T19:13:51.3284043Z 4c55286bbede: Pulling fs layer
2025-08-18T19:13:51.3284669Z 5e28347af205: Pulling fs layer
2025-08-18T19:13:51.3285087Z 311eca34042e: Pulling fs layer
2025-08-18T19:13:51.3285475Z e6fe6f07e192: Pulling fs layer
2025-08-18T19:13:51.3286649Z a2cadbfeca72: Pulling fs layer
2025-08-18T19:13:51.3287020Z 4f4fb700ef54: Pulling fs layer
2025-08-18T19:13:51.3287257Z a976ed7e7808: Pulling fs layer
2025-08-18T19:13:51.3287472Z a2cadbfeca72: Waiting
2025-08-18T19:13:51.3287681Z 4f4fb700ef54: Waiting
2025-08-18T19:13:51.3287857Z a976ed7e7808: Waiting
2025-08-18T19:13:51.3288109Z 311eca34042e: Waiting
2025-08-18T19:13:51.3288286Z e6fe6f07e192: Waiting
2025-08-18T19:13:51.3901752Z 5e28347af205: Download complete
2025-08-18T19:13:51.4066614Z 4c55286bbede: Download complete
2025-08-18T19:13:51.4265390Z 0368fd46e3c6: Verifying Checksum
2025-08-18T19:13:51.4266538Z 0368fd46e3c6: Download complete
2025-08-18T19:13:51.4643987Z 311eca34042e: Verifying Checksum
2025-08-18T19:13:51.4644711Z 311eca34042e: Download complete
2025-08-18T19:13:51.4840981Z a2cadbfeca72: Verifying Checksum
2025-08-18T19:13:51.4841934Z a2cadbfeca72: Download complete
2025-08-18T19:13:51.5277588Z 4f4fb700ef54: Verifying Checksum
2025-08-18T19:13:51.5282792Z 4f4fb700ef54: Download complete
2025-08-18T19:13:51.5440949Z a976ed7e7808: Verifying Checksum
2025-08-18T19:13:51.5441747Z a976ed7e7808: Download complete
2025-08-18T19:13:51.5523469Z 0368fd46e3c6: Pull complete
2025-08-18T19:13:51.5821952Z 4c55286bbede: Pull complete
2025-08-18T19:13:51.7559839Z 5e28347af205: Pull complete
2025-08-18T19:13:51.7866185Z e6fe6f07e192: Verifying Checksum
2025-08-18T19:13:51.7868622Z e6fe6f07e192: Download complete
2025-08-18T19:13:51.7892486Z 311eca34042e: Pull complete
2025-08-18T19:13:51.9775892Z e6fe6f07e192: Pull complete
2025-08-18T19:13:51.9870340Z a2cadbfeca72: Pull complete
2025-08-18T19:13:51.9988011Z 4f4fb700ef54: Pull complete
2025-08-18T19:13:52.0096839Z a976ed7e7808: Pull complete
2025-08-18T19:13:52.0136776Z Digest: sha256:bb186d083732f669da90be8b0f975a37812b15e913465bb14d845db72a4e3e08
2025-08-18T19:13:52.0148545Z Status: Downloaded newer image for redis:7-alpine
2025-08-18T19:13:52.0157145Z docker.io/library/redis:7-alpine
2025-08-18T19:13:52.0176048Z ##[command]/usr/bin/docker create --name c9433cfd2676401996d3722b3cc5aad6_redis7alpine_373288 --label 85dc2e --network github_network_9ead27014c55488db1cc780a01924fa2 --network-alias redis -p 6379:6379  -e GITHUB_ACTIONS=true -e CI=true redis:7-alpine
2025-08-18T19:13:52.0493852Z 08123707b1ddd748a43086d713520c6b059909b381b270616f9071f93d6bfbd0
2025-08-18T19:13:52.0511292Z ##[command]/usr/bin/docker start 08123707b1ddd748a43086d713520c6b059909b381b270616f9071f93d6bfbd0
2025-08-18T19:13:52.1814392Z 08123707b1ddd748a43086d713520c6b059909b381b270616f9071f93d6bfbd0
2025-08-18T19:13:52.1830579Z ##[command]/usr/bin/docker ps --all --filter id=08123707b1ddd748a43086d713520c6b059909b381b270616f9071f93d6bfbd0 --filter status=running --no-trunc --format "{{.ID}} {{.Status}}"
2025-08-18T19:13:52.1954644Z 08123707b1ddd748a43086d713520c6b059909b381b270616f9071f93d6bfbd0 Up Less than a second
2025-08-18T19:13:52.1968037Z ##[command]/usr/bin/docker port 08123707b1ddd748a43086d713520c6b059909b381b270616f9071f93d6bfbd0
2025-08-18T19:13:52.2081066Z 6379/tcp -> 0.0.0.0:6379
2025-08-18T19:13:52.2081484Z 6379/tcp -> [::]:6379
2025-08-18T19:13:52.2094782Z ##[endgroup]
2025-08-18T19:13:52.2104632Z ##[group]Waiting for all services to be ready
2025-08-18T19:13:52.2117754Z ##[command]/usr/bin/docker inspect --format="{{if .Config.Healthcheck}}{{print .State.Health.Status}}{{end}}" fe3e03f599a1398d7588961ec2538aca36efd3cca0c8452da3678fe29c779ff2
2025-08-18T19:13:52.2228307Z starting
2025-08-18T19:13:52.2248692Z postgres service is starting, waiting 2 seconds before checking again.
2025-08-18T19:13:54.2253299Z ##[command]/usr/bin/docker inspect --format="{{if .Config.Healthcheck}}{{print .State.Health.Status}}{{end}}" fe3e03f599a1398d7588961ec2538aca36efd3cca0c8452da3678fe29c779ff2
2025-08-18T19:13:54.2375385Z starting
2025-08-18T19:13:54.2391049Z postgres service is starting, waiting 4 seconds before checking again.
2025-08-18T19:13:58.3594843Z ##[command]/usr/bin/docker inspect --format="{{if .Config.Healthcheck}}{{print .State.Health.Status}}{{end}}" fe3e03f599a1398d7588961ec2538aca36efd3cca0c8452da3678fe29c779ff2
2025-08-18T19:13:58.3709801Z healthy
2025-08-18T19:13:58.3725776Z postgres service is healthy.
2025-08-18T19:13:58.3726543Z ##[command]/usr/bin/docker inspect --format="{{if .Config.Healthcheck}}{{print .State.Health.Status}}{{end}}" 08123707b1ddd748a43086d713520c6b059909b381b270616f9071f93d6bfbd0
2025-08-18T19:13:58.3852112Z redis service is healthy.
2025-08-18T19:13:58.3852805Z ##[endgroup]
2025-08-18T19:13:58.4093174Z ##[group]Run actions/checkout@v4
2025-08-18T19:13:58.4093691Z with:
2025-08-18T19:13:58.4093875Z   fetch-depth: 0
2025-08-18T19:13:58.4094075Z   repository: AlexBomber12/AWA-App
2025-08-18T19:13:58.4094601Z   token: ***
2025-08-18T19:13:58.4094786Z   ssh-strict: true
2025-08-18T19:13:58.4094970Z   ssh-user: git
2025-08-18T19:13:58.4095152Z   persist-credentials: true
2025-08-18T19:13:58.4095364Z   clean: true
2025-08-18T19:13:58.4095555Z   sparse-checkout-cone-mode: true
2025-08-18T19:13:58.4095778Z   fetch-tags: false
2025-08-18T19:13:58.4095964Z   show-progress: true
2025-08-18T19:13:58.4096139Z   lfs: false
2025-08-18T19:13:58.4096305Z   submodules: false
2025-08-18T19:13:58.4096483Z   set-safe-directory: true
2025-08-18T19:13:58.4096891Z env:
2025-08-18T19:13:58.4097115Z   REDIS_URL: redis://localhost:6379/0
2025-08-18T19:13:58.4097376Z   RATE_LIMIT_DEFAULT: 100/minute
2025-08-18T19:13:58.4097589Z   TRUST_X_FORWARDED: 1
2025-08-18T19:13:58.4097773Z ##[endgroup]
2025-08-18T19:13:58.5196191Z Syncing repository: AlexBomber12/AWA-App
2025-08-18T19:13:58.5198117Z ##[group]Getting Git version info
2025-08-18T19:13:58.5198735Z Working directory is '/home/runner/work/AWA-App/AWA-App'
2025-08-18T19:13:58.5199638Z [command]/usr/bin/git version
2025-08-18T19:13:58.5275540Z git version 2.50.1
2025-08-18T19:13:58.5301713Z ##[endgroup]
2025-08-18T19:13:58.5321671Z Temporarily overriding HOME='/home/runner/work/_temp/93d2431a-86b1-49e3-a926-c1728b860324' before making global git config changes
2025-08-18T19:13:58.5322491Z Adding repository directory to the temporary git global config as a safe directory
2025-08-18T19:13:58.5327158Z [command]/usr/bin/git config --global --add safe.directory /home/runner/work/AWA-App/AWA-App
2025-08-18T19:13:58.5362212Z Deleting the contents of '/home/runner/work/AWA-App/AWA-App'
2025-08-18T19:13:58.5365977Z ##[group]Initializing the repository
2025-08-18T19:13:58.5369823Z [command]/usr/bin/git init /home/runner/work/AWA-App/AWA-App
2025-08-18T19:13:58.5440122Z hint: Using 'master' as the name for the initial branch. This default branch name
2025-08-18T19:13:58.5440944Z hint: is subject to change. To configure the initial branch name to use in all
2025-08-18T19:13:58.5441714Z hint: of your new repositories, which will suppress this warning, call:
2025-08-18T19:13:58.5442255Z hint:
2025-08-18T19:13:58.5442640Z hint: 	git config --global init.defaultBranch <name>
2025-08-18T19:13:58.5443099Z hint:
2025-08-18T19:13:58.5443582Z hint: Names commonly chosen instead of 'master' are 'main', 'trunk' and
2025-08-18T19:13:58.5444571Z hint: 'development'. The just-created branch can be renamed via this command:
2025-08-18T19:13:58.5445197Z hint:
2025-08-18T19:13:58.5445509Z hint: 	git branch -m <name>
2025-08-18T19:13:58.5445869Z hint:
2025-08-18T19:13:58.5446411Z hint: Disable this message with "git config set advice.defaultBranchName false"
2025-08-18T19:13:58.5447256Z Initialized empty Git repository in /home/runner/work/AWA-App/AWA-App/.git/
2025-08-18T19:13:58.5457988Z [command]/usr/bin/git remote add origin https://github.com/AlexBomber12/AWA-App
2025-08-18T19:13:58.5490393Z ##[endgroup]
2025-08-18T19:13:58.5490877Z ##[group]Disabling automatic garbage collection
2025-08-18T19:13:58.5494918Z [command]/usr/bin/git config --local gc.auto 0
2025-08-18T19:13:58.5522000Z ##[endgroup]
2025-08-18T19:13:58.5522442Z ##[group]Setting up auth
2025-08-18T19:13:58.5528888Z [command]/usr/bin/git config --local --name-only --get-regexp core\.sshCommand
2025-08-18T19:13:58.5558048Z [command]/usr/bin/git submodule foreach --recursive sh -c "git config --local --name-only --get-regexp 'core\.sshCommand' && git config --local --unset-all 'core.sshCommand' || :"
2025-08-18T19:13:58.5855851Z [command]/usr/bin/git config --local --name-only --get-regexp http\.https\:\/\/github\.com\/\.extraheader
2025-08-18T19:13:58.5884504Z [command]/usr/bin/git submodule foreach --recursive sh -c "git config --local --name-only --get-regexp 'http\.https\:\/\/github\.com\/\.extraheader' && git config --local --unset-all 'http.https://github.com/.extraheader' || :"
2025-08-18T19:13:58.6100177Z [command]/usr/bin/git config --local http.https://github.com/.extraheader AUTHORIZATION: basic ***
2025-08-18T19:13:58.6142513Z ##[endgroup]
2025-08-18T19:13:58.6143059Z ##[group]Fetching the repository
2025-08-18T19:13:58.6151053Z [command]/usr/bin/git -c protocol.version=2 fetch --prune --no-recurse-submodules origin +refs/heads/*:refs/remotes/origin/* +refs/tags/*:refs/tags/*
2025-08-18T19:14:00.1477169Z From https://github.com/AlexBomber12/AWA-App
2025-08-18T19:14:00.1478033Z  * [new branch]      codex/add-cors-support-to-api -> origin/codex/add-cors-support-to-api
2025-08-18T19:14:00.1479217Z  * [new branch]      codex/analyze-ci-logs-and-implement-fixes -> origin/codex/analyze-ci-logs-and-implement-fixes
2025-08-18T19:14:00.1482069Z  * [new branch]      codex/analyze-ci-logs-and-implement-targeted-fixes -> origin/codex/analyze-ci-logs-and-implement-targeted-fixes
2025-08-18T19:14:00.1483713Z  * [new branch]      codex/fix-ci-workflows-based-on-log-analysis -> origin/codex/fix-ci-workflows-based-on-log-analysis
2025-08-18T19:14:00.1485571Z  * [new branch]      codex/fix-ci-workflows-based-on-log-analysis-kj6l3x -> origin/codex/fix-ci-workflows-based-on-log-analysis-kj6l3x
2025-08-18T19:14:00.1487061Z  * [new branch]      codex/fix-ci-workflows-based-on-logs -> origin/codex/fix-ci-workflows-based-on-logs
2025-08-18T19:14:00.1489595Z  * [new branch]      codex/fix-ci-workflows-by-analyzing-logs -> origin/codex/fix-ci-workflows-by-analyzing-logs
2025-08-18T19:14:00.1491922Z  * [new branch]      codex/fix-ci-workflows-by-analyzing-logs-uv2onj -> origin/codex/fix-ci-workflows-by-analyzing-logs-uv2onj
2025-08-18T19:14:00.1493263Z  * [new branch]      codex/fix-ci-workflows-until-green -> origin/codex/fix-ci-workflows-until-green
2025-08-18T19:14:00.1495642Z  * [new branch]      codex/implement-redis-backed-rate-limiting -> origin/codex/implement-redis-backed-rate-limiting
2025-08-18T19:14:00.1497947Z  * [new branch]      codex/implement-structured-json-logging-and-error-handling -> origin/codex/implement-structured-json-logging-and-error-handling
2025-08-18T19:14:00.1499771Z  * [new branch]      codex/implement-targeted-ci-workflow-fixes -> origin/codex/implement-targeted-ci-workflow-fixes
2025-08-18T19:14:00.1501880Z  * [new branch]      codex/update-log-persistence-to-default-branch -> origin/codex/update-log-persistence-to-default-branch
2025-08-18T19:14:00.1503493Z  * [new branch]      gh-pages   -> origin/gh-pages
2025-08-18T19:14:00.1505871Z  * [new branch]      main       -> origin/main
2025-08-18T19:14:00.1507289Z  * [new tag]         0.3.0      -> 0.3.0
2025-08-18T19:14:00.1548835Z [command]/usr/bin/git branch --list --remote origin/main
2025-08-18T19:14:00.1573030Z   origin/main
2025-08-18T19:14:00.1583446Z [command]/usr/bin/git rev-parse refs/remotes/origin/main
2025-08-18T19:14:00.1604890Z a158c021abcf2671bc801250837f93431a8fef00
2025-08-18T19:14:00.1609683Z ##[endgroup]
2025-08-18T19:14:00.1610220Z ##[group]Determining the checkout info
2025-08-18T19:14:00.1611223Z ##[endgroup]
2025-08-18T19:14:00.1617367Z [command]/usr/bin/git sparse-checkout disable
2025-08-18T19:14:00.1658050Z [command]/usr/bin/git config --local --unset-all extensions.worktreeConfig
2025-08-18T19:14:00.1683041Z ##[group]Checking out the ref
2025-08-18T19:14:00.1687680Z [command]/usr/bin/git checkout --progress --force -B main refs/remotes/origin/main
2025-08-18T19:14:00.2191725Z Switched to a new branch 'main'
2025-08-18T19:14:00.2193009Z branch 'main' set up to track 'origin/main'.
2025-08-18T19:14:00.2209105Z ##[endgroup]
2025-08-18T19:14:00.2249155Z [command]/usr/bin/git log -1 --format=%H
2025-08-18T19:14:00.2272321Z a158c021abcf2671bc801250837f93431a8fef00
2025-08-18T19:14:00.2428507Z ##[group]Run cat .env.ci >> "$GITHUB_ENV"
2025-08-18T19:14:00.2428864Z [36;1mcat .env.ci >> "$GITHUB_ENV"[0m
2025-08-18T19:14:00.2429553Z [36;1mecho "DATABASE_URL=***localhost:5432/awa" >> "$GITHUB_ENV"[0m
2025-08-18T19:14:00.2429915Z [36;1mecho "PG_HOST=localhost" >> "$GITHUB_ENV"[0m
2025-08-18T19:14:00.2430204Z [36;1mecho "PG_PORT=5432" >> "$GITHUB_ENV"[0m
2025-08-18T19:14:00.2430482Z [36;1mecho "PG_USER=postgres" >> "$GITHUB_ENV"[0m
2025-08-18T19:14:00.2430760Z [36;1mecho "PG_PASSWORD=pass" >> "$GITHUB_ENV"[0m
2025-08-18T19:14:00.2431039Z [36;1mecho "PG_DATABASE=awa" >> "$GITHUB_ENV"[0m
2025-08-18T19:14:00.2475562Z shell: /usr/bin/bash -e {0}
2025-08-18T19:14:00.2475785Z env:
2025-08-18T19:14:00.2475984Z   REDIS_URL: redis://localhost:6379/0
2025-08-18T19:14:00.2476237Z   RATE_LIMIT_DEFAULT: 100/minute
2025-08-18T19:14:00.2476455Z   TRUST_X_FORWARDED: 1
2025-08-18T19:14:00.2476638Z ##[endgroup]
2025-08-18T19:14:00.2648464Z ##[group]Run actions/setup-python@v5
2025-08-18T19:14:00.2648732Z with:
2025-08-18T19:14:00.2648910Z   python-version: 3.12
2025-08-18T19:14:00.2649130Z   cache: pip
2025-08-18T19:14:00.2649901Z   cache-dependency-path: requirements-dev.txt
services/etl/requirements.txt
services/api/requirements.txt
services/repricer/requirements.txt
services/fees_h10/requirements.txt
services/alert_bot/requirements.txt

2025-08-18T19:14:00.2650734Z   check-latest: false
2025-08-18T19:14:00.2651042Z   token: ***
2025-08-18T19:14:00.2651227Z   update-environment: true
2025-08-18T19:14:00.2651443Z   allow-prereleases: false
2025-08-18T19:14:00.2651637Z   freethreaded: false
2025-08-18T19:14:00.2651821Z env:
2025-08-18T19:14:00.2652003Z   REDIS_URL: redis://localhost:6379/0
2025-08-18T19:14:00.2652252Z   RATE_LIMIT_DEFAULT: 100/minute
2025-08-18T19:14:00.2652458Z   TRUST_X_FORWARDED: 1
2025-08-18T19:14:00.2652649Z   PG_USER: postgres
2025-08-18T19:14:00.2652833Z   PG_PASSWORD: pass
2025-08-18T19:14:00.2653051Z   PG_DATABASE: awa
2025-08-18T19:14:00.2653226Z   PG_HOST: localhost
2025-08-18T19:14:00.2653483Z   PG_PORT: 5432
2025-08-18T19:14:00.2653881Z   PG_SYNC_DSN: ***localhost:5432/awa
2025-08-18T19:14:00.2654774Z   PG_ASYNC_DSN: ***localhost:5432/awa
2025-08-18T19:14:00.2655161Z   DATABASE_URL: ***localhost:5432/awa
2025-08-18T19:14:00.2655397Z   DATA_DIR: /tmp/awa-data
2025-08-18T19:14:00.2655593Z   ENABLE_LIVE: 0
2025-08-18T19:14:00.2655771Z   TESTING: 1
2025-08-18T19:14:00.2655937Z ##[endgroup]
2025-08-18T19:14:00.4311178Z ##[group]Installed versions
2025-08-18T19:14:00.5220461Z Successfully set up CPython (3.12.11)
2025-08-18T19:14:00.5221047Z ##[endgroup]
2025-08-18T19:14:00.5660302Z [command]/opt/hostedtoolcache/Python/3.12.11/x64/bin/pip cache dir
2025-08-18T19:14:02.6206282Z /home/runner/.cache/pip
2025-08-18T19:14:02.7209139Z Cache hit for: setup-python-Linux-x64-24.04-Ubuntu-python-3.12.11-pip-c2dab1de5897f9bdacc57d37f049e4f17933a694937b619ffbecdbf3c5ea87ef
2025-08-18T19:14:03.8303674Z Received 213909504 of 318443952 (67.2%), 204.0 MBs/sec
2025-08-18T19:14:04.7525582Z Received 318443952 of 318443952 (100.0%), 157.9 MBs/sec
2025-08-18T19:14:04.7527809Z Cache Size: ~304 MB (318443952 B)
2025-08-18T19:14:04.7567870Z [command]/usr/bin/tar -xf /home/runner/work/_temp/fb6d895a-1f4f-496f-9a3c-402736294d77/cache.tzst -P -C /home/runner/work/AWA-App/AWA-App --use-compress-program unzstd
2025-08-18T19:14:05.2831403Z Cache restored successfully
2025-08-18T19:14:05.3433557Z Cache restored from key: setup-python-Linux-x64-24.04-Ubuntu-python-3.12.11-pip-c2dab1de5897f9bdacc57d37f049e4f17933a694937b619ffbecdbf3c5ea87ef
2025-08-18T19:14:05.4190806Z ##[group]Run actions/cache@v4
2025-08-18T19:14:05.4191065Z with:
2025-08-18T19:14:05.4191288Z   path: ~/.cache/pip
.pytest_cache
~/.ruff_cache

2025-08-18T19:14:05.4191720Z   key: Linux-test-5e718741e550cec7917fae13efe91a31293d04a98c3c0932315e8f58598cbd2c
2025-08-18T19:14:05.4192109Z   restore-keys: Linux-test-
2025-08-18T19:14:05.4192342Z   enableCrossOsArchive: false
2025-08-18T19:14:05.4192571Z   fail-on-cache-miss: false
2025-08-18T19:14:05.4192773Z   lookup-only: false
2025-08-18T19:14:05.4192966Z   save-always: false
2025-08-18T19:14:05.4193162Z env:
2025-08-18T19:14:05.4193358Z   REDIS_URL: redis://localhost:6379/0
2025-08-18T19:14:05.4193614Z   RATE_LIMIT_DEFAULT: 100/minute
2025-08-18T19:14:05.4193835Z   TRUST_X_FORWARDED: 1
2025-08-18T19:14:05.4194025Z   PG_USER: postgres
2025-08-18T19:14:05.4194460Z   PG_PASSWORD: pass
2025-08-18T19:14:05.4194651Z   PG_DATABASE: awa
2025-08-18T19:14:05.4194827Z   PG_HOST: localhost
2025-08-18T19:14:05.4195013Z   PG_PORT: 5432
2025-08-18T19:14:05.4195523Z   PG_SYNC_DSN: ***localhost:5432/awa
2025-08-18T19:14:05.4195972Z   PG_ASYNC_DSN: ***localhost:5432/awa
2025-08-18T19:14:05.4196363Z   DATABASE_URL: ***localhost:5432/awa
2025-08-18T19:14:05.4196596Z   DATA_DIR: /tmp/awa-data
2025-08-18T19:14:05.4196801Z   ENABLE_LIVE: 0
2025-08-18T19:14:05.4196980Z   TESTING: 1
2025-08-18T19:14:05.4197216Z   pythonLocation: /opt/hostedtoolcache/Python/3.12.11/x64
2025-08-18T19:14:05.4197618Z   PKG_CONFIG_PATH: /opt/hostedtoolcache/Python/3.12.11/x64/lib/pkgconfig
2025-08-18T19:14:05.4198009Z   Python_ROOT_DIR: /opt/hostedtoolcache/Python/3.12.11/x64
2025-08-18T19:14:05.4198374Z   Python2_ROOT_DIR: /opt/hostedtoolcache/Python/3.12.11/x64
2025-08-18T19:14:05.4198724Z   Python3_ROOT_DIR: /opt/hostedtoolcache/Python/3.12.11/x64
2025-08-18T19:14:05.4199079Z   LD_LIBRARY_PATH: /opt/hostedtoolcache/Python/3.12.11/x64/lib
2025-08-18T19:14:05.4199377Z ##[endgroup]
2025-08-18T19:14:05.6233257Z Cache hit for: Linux-test-5e718741e550cec7917fae13efe91a31293d04a98c3c0932315e8f58598cbd2c
2025-08-18T19:14:06.6722416Z Received 243269632 of 318449380 (76.4%), 232.0 MBs/sec
2025-08-18T19:14:07.0484558Z Received 318449380 of 318449380 (100.0%), 220.5 MBs/sec
2025-08-18T19:14:07.0487282Z Cache Size: ~304 MB (318449380 B)
2025-08-18T19:14:07.0527000Z [command]/usr/bin/tar -xf /home/runner/work/_temp/938ab5e6-47b7-4d10-904f-14ef9dca42c0/cache.tzst -P -C /home/runner/work/AWA-App/AWA-App --use-compress-program unzstd
2025-08-18T19:14:07.6150463Z Cache restored successfully
2025-08-18T19:14:07.6820434Z Cache restored from key: Linux-test-5e718741e550cec7917fae13efe91a31293d04a98c3c0932315e8f58598cbd2c
2025-08-18T19:14:07.6967051Z ##[group]Run pip install -r services/etl/requirements.txt
2025-08-18T19:14:07.6967799Z [36;1mpip install -r services/etl/requirements.txt[0m
2025-08-18T19:14:07.6968418Z [36;1mpip install -r services/api/requirements.txt[0m
2025-08-18T19:14:07.6969063Z [36;1mpip install -r services/repricer/requirements.txt[0m
2025-08-18T19:14:07.6969715Z [36;1mpip install -r services/fees_h10/requirements.txt[0m
2025-08-18T19:14:07.6970396Z [36;1mpip install -r services/alert_bot/requirements.txt[0m
2025-08-18T19:14:07.6971023Z [36;1mpip install -r requirements-dev.txt[0m
2025-08-18T19:14:07.6971572Z [36;1mpip install asyncpg[0m
2025-08-18T19:14:07.6971983Z [36;1mpip install pytest[0m
2025-08-18T19:14:07.6972418Z [36;1mpip install keepa==1.3.15 minio==7.1.15[0m
2025-08-18T19:14:07.7033617Z shell: /usr/bin/bash -e {0}
2025-08-18T19:14:07.7034011Z env:
2025-08-18T19:14:07.7034561Z   REDIS_URL: redis://localhost:6379/0
2025-08-18T19:14:07.7035069Z   RATE_LIMIT_DEFAULT: 100/minute
2025-08-18T19:14:07.7035524Z   TRUST_X_FORWARDED: 1
2025-08-18T19:14:07.7035903Z   PG_USER: postgres
2025-08-18T19:14:07.7036244Z   PG_PASSWORD: pass
2025-08-18T19:14:07.7036565Z   PG_DATABASE: awa
2025-08-18T19:14:07.7036903Z   PG_HOST: localhost
2025-08-18T19:14:07.7037245Z   PG_PORT: 5432
2025-08-18T19:14:07.7038184Z   PG_SYNC_DSN: ***localhost:5432/awa
2025-08-18T19:14:07.7038973Z   PG_ASYNC_DSN: ***localhost:5432/awa
2025-08-18T19:14:07.7039782Z   DATABASE_URL: ***localhost:5432/awa
2025-08-18T19:14:07.7040246Z   DATA_DIR: /tmp/awa-data
2025-08-18T19:14:07.7040635Z   ENABLE_LIVE: 0
2025-08-18T19:14:07.7040965Z   TESTING: 1
2025-08-18T19:14:07.7041402Z   pythonLocation: /opt/hostedtoolcache/Python/3.12.11/x64
2025-08-18T19:14:07.7042128Z   PKG_CONFIG_PATH: /opt/hostedtoolcache/Python/3.12.11/x64/lib/pkgconfig
2025-08-18T19:14:07.7042862Z   Python_ROOT_DIR: /opt/hostedtoolcache/Python/3.12.11/x64
2025-08-18T19:14:07.7043525Z   Python2_ROOT_DIR: /opt/hostedtoolcache/Python/3.12.11/x64
2025-08-18T19:14:07.7044423Z   Python3_ROOT_DIR: /opt/hostedtoolcache/Python/3.12.11/x64
2025-08-18T19:14:07.7045095Z   LD_LIBRARY_PATH: /opt/hostedtoolcache/Python/3.12.11/x64/lib
2025-08-18T19:14:07.7045643Z ##[endgroup]
2025-08-18T19:14:09.1962228Z Collecting keepa==1.3.14 (from -r services/etl/requirements.txt (line 1))
2025-08-18T19:14:09.1976282Z   Using cached keepa-1.3.14-py3-none-any.whl.metadata (10 kB)
2025-08-18T19:14:09.2239383Z Collecting minio==7.1.15 (from -r services/etl/requirements.txt (line 2))
2025-08-18T19:14:09.2251292Z   Using cached minio-7.1.15-py3-none-any.whl.metadata (4.2 kB)
2025-08-18T19:14:09.2587811Z Collecting celery==5.3.* (from -r services/etl/requirements.txt (line 3))
2025-08-18T19:14:09.2599264Z   Using cached celery-5.3.6-py3-none-any.whl.metadata (21 kB)
2025-08-18T19:14:09.3075597Z Collecting redis==5.* (from -r services/etl/requirements.txt (line 4))
2025-08-18T19:14:09.3087010Z   Using cached redis-5.3.1-py3-none-any.whl.metadata (9.2 kB)
2025-08-18T19:14:09.3602832Z Collecting python-amazon-sp-api==0.8.0 (from -r services/etl/requirements.txt (line 5))
2025-08-18T19:14:09.3615168Z   Using cached python_amazon_sp_api-0.8.0-py3-none-any.whl.metadata (3.2 kB)
2025-08-18T19:14:09.3857548Z Collecting pydantic-settings==2.2.1 (from -r services/etl/requirements.txt (line 6))
2025-08-18T19:14:09.3869350Z   Using cached pydantic_settings-2.2.1-py3-none-any.whl.metadata (3.1 kB)
2025-08-18T19:14:09.5511808Z Collecting numpy<2 (from -r services/etl/requirements.txt (line 7))
2025-08-18T19:14:09.5525196Z   Using cached numpy-1.26.4-cp312-cp312-manylinux_2_17_x86_64.manylinux2014_x86_64.whl.metadata (61 kB)
2025-08-18T19:14:09.6637043Z Collecting pandas==2.2.* (from -r services/etl/requirements.txt (line 8))
2025-08-18T19:14:09.6650343Z   Using cached pandas-2.2.3-cp312-cp312-manylinux_2_17_x86_64.manylinux2014_x86_64.whl.metadata (89 kB)
2025-08-18T19:14:09.7238778Z Collecting pandera==0.19.* (from -r services/etl/requirements.txt (line 9))
2025-08-18T19:14:09.7250305Z   Using cached pandera-0.19.3-py3-none-any.whl.metadata (15 kB)
2025-08-18T19:14:09.7469009Z Collecting openpyxl==3.1.* (from -r services/etl/requirements.txt (line 10))
2025-08-18T19:14:09.7480431Z   Using cached openpyxl-3.1.5-py2.py3-none-any.whl.metadata (2.5 kB)
2025-08-18T19:14:09.8048507Z Collecting psycopg2-binary==2.9.* (from -r services/etl/requirements.txt (line 11))
2025-08-18T19:14:09.8060013Z   Using cached psycopg2_binary-2.9.10-cp312-cp312-manylinux_2_17_x86_64.manylinux2014_x86_64.whl.metadata (4.9 kB)
2025-08-18T19:14:09.8408547Z Collecting requests>=2.2 (from keepa==1.3.14->-r services/etl/requirements.txt (line 1))
2025-08-18T19:14:09.8419579Z   Using cached requests-2.32.4-py3-none-any.whl.metadata (4.9 kB)
2025-08-18T19:14:09.8750850Z Collecting tqdm (from keepa==1.3.14->-r services/etl/requirements.txt (line 1))
2025-08-18T19:14:09.8762020Z   Using cached tqdm-4.67.1-py3-none-any.whl.metadata (57 kB)
2025-08-18T19:14:10.3694025Z Collecting aiohttp (from keepa==1.3.14->-r services/etl/requirements.txt (line 1))
2025-08-18T19:14:10.3708140Z   Using cached aiohttp-3.12.15-cp312-cp312-manylinux_2_17_x86_64.manylinux2014_x86_64.whl.metadata (7.7 kB)
2025-08-18T19:14:10.4867701Z Collecting pydantic (from keepa==1.3.14->-r services/etl/requirements.txt (line 1))
2025-08-18T19:14:10.4880169Z   Using cached pydantic-2.11.7-py3-none-any.whl.metadata (67 kB)
2025-08-18T19:14:10.5085006Z Collecting certifi (from minio==7.1.15->-r services/etl/requirements.txt (line 2))
2025-08-18T19:14:10.5096934Z   Using cached certifi-2025.8.3-py3-none-any.whl.metadata (2.4 kB)
2025-08-18T19:14:10.5332450Z Collecting urllib3 (from minio==7.1.15->-r services/etl/requirements.txt (line 2))
2025-08-18T19:14:10.5344548Z   Using cached urllib3-2.5.0-py3-none-any.whl.metadata (6.5 kB)
2025-08-18T19:14:10.5477597Z Collecting six<2,>=1.15 (from python-amazon-sp-api==0.8.0->-r services/etl/requirements.txt (line 5))
2025-08-18T19:14:10.5489487Z   Using cached six-1.17.0-py2.py3-none-any.whl.metadata (1.7 kB)
2025-08-18T19:14:10.9455969Z Collecting boto3<2,>=1.16.39 (from python-amazon-sp-api==0.8.0->-r services/etl/requirements.txt (line 5))
2025-08-18T19:14:10.9469875Z   Using cached boto3-1.40.11-py3-none-any.whl.metadata (6.7 kB)
2025-08-18T19:14:10.9645368Z Collecting cachetools~=4.2.0 (from python-amazon-sp-api==0.8.0->-r services/etl/requirements.txt (line 5))
2025-08-18T19:14:10.9656828Z   Using cached cachetools-4.2.4-py3-none-any.whl.metadata (4.8 kB)
2025-08-18T19:14:11.0433478Z Collecting pycryptodome (from python-amazon-sp-api==0.8.0->-r services/etl/requirements.txt (line 5))
2025-08-18T19:14:11.0446506Z   Using cached pycryptodome-3.23.0-cp37-abi3-manylinux_2_17_x86_64.manylinux2014_x86_64.whl.metadata (3.4 kB)
2025-08-18T19:14:11.0777512Z Collecting pytz (from python-amazon-sp-api==0.8.0->-r services/etl/requirements.txt (line 5))
2025-08-18T19:14:11.0788946Z   Using cached pytz-2025.2-py2.py3-none-any.whl.metadata (22 kB)
2025-08-18T19:14:11.0892724Z Collecting confuse~=1.4.0 (from python-amazon-sp-api==0.8.0->-r services/etl/requirements.txt (line 5))
2025-08-18T19:14:11.0903830Z   Using cached confuse-1.4.0-py2.py3-none-any.whl.metadata (3.8 kB)
2025-08-18T19:14:11.1159041Z Collecting python-dotenv>=0.21.0 (from pydantic-settings==2.2.1->-r services/etl/requirements.txt (line 6))
2025-08-18T19:14:11.1170099Z   Using cached python_dotenv-1.1.1-py3-none-any.whl.metadata (24 kB)
2025-08-18T19:14:11.1345156Z Collecting billiard<5.0,>=4.2.0 (from celery==5.3.*->-r services/etl/requirements.txt (line 3))
2025-08-18T19:14:11.1356283Z   Using cached billiard-4.2.1-py3-none-any.whl.metadata (4.4 kB)
2025-08-18T19:14:11.1450754Z Collecting click-didyoumean>=0.3.0 (from celery==5.3.*->-r services/etl/requirements.txt (line 3))
2025-08-18T19:14:11.1461715Z   Using cached click_didyoumean-0.3.1-py3-none-any.whl.metadata (3.9 kB)
2025-08-18T19:14:11.1544835Z Collecting click-plugins>=1.1.1 (from celery==5.3.*->-r services/etl/requirements.txt (line 3))
2025-08-18T19:14:11.1556141Z   Using cached click_plugins-1.1.1.2-py2.py3-none-any.whl.metadata (6.5 kB)
2025-08-18T19:14:11.1648866Z Collecting click-repl>=0.2.0 (from celery==5.3.*->-r services/etl/requirements.txt (line 3))
2025-08-18T19:14:11.1660040Z   Using cached click_repl-0.3.0-py3-none-any.whl.metadata (3.6 kB)
2025-08-18T19:14:11.1825933Z Collecting click<9.0,>=8.1.2 (from celery==5.3.*->-r services/etl/requirements.txt (line 3))
2025-08-18T19:14:11.1837181Z   Using cached click-8.2.1-py3-none-any.whl.metadata (2.5 kB)
2025-08-18T19:14:11.2133626Z Collecting kombu<6.0,>=5.3.4 (from celery==5.3.*->-r services/etl/requirements.txt (line 3))
2025-08-18T19:14:11.2144797Z   Using cached kombu-5.5.4-py3-none-any.whl.metadata (3.5 kB)
2025-08-18T19:14:11.2327347Z Collecting python-dateutil>=2.8.2 (from celery==5.3.*->-r services/etl/requirements.txt (line 3))
2025-08-18T19:14:11.2338161Z   Using cached python_dateutil-2.9.0.post0-py2.py3-none-any.whl.metadata (8.4 kB)
2025-08-18T19:14:11.2463161Z Collecting tzdata>=2022.7 (from celery==5.3.*->-r services/etl/requirements.txt (line 3))
2025-08-18T19:14:11.2474499Z   Using cached tzdata-2025.2-py2.py3-none-any.whl.metadata (1.4 kB)
2025-08-18T19:14:11.2574937Z Collecting vine<6.0,>=5.1.0 (from celery==5.3.*->-r services/etl/requirements.txt (line 3))
2025-08-18T19:14:11.2586010Z   Using cached vine-5.1.0-py3-none-any.whl.metadata (2.7 kB)
2025-08-18T19:14:11.2831731Z Collecting PyJWT>=2.9.0 (from redis==5.*->-r services/etl/requirements.txt (line 4))
2025-08-18T19:14:11.2843089Z   Using cached PyJWT-2.10.1-py3-none-any.whl.metadata (4.0 kB)
2025-08-18T19:14:11.3129147Z Collecting multimethod<=1.10.0 (from pandera==0.19.*->-r services/etl/requirements.txt (line 9))
2025-08-18T19:14:11.3140908Z   Using cached multimethod-1.10-py3-none-any.whl.metadata (8.2 kB)
2025-08-18T19:14:11.3372378Z Collecting packaging>=20.0 (from pandera==0.19.*->-r services/etl/requirements.txt (line 9))
2025-08-18T19:14:11.3385640Z   Using cached packaging-25.0-py3-none-any.whl.metadata (3.3 kB)
2025-08-18T19:14:11.3699013Z Collecting typeguard (from pandera==0.19.*->-r services/etl/requirements.txt (line 9))
2025-08-18T19:14:11.3710528Z   Using cached typeguard-4.4.4-py3-none-any.whl.metadata (3.3 kB)
2025-08-18T19:14:11.3817828Z Collecting typing-inspect>=0.6.0 (from pandera==0.19.*->-r services/etl/requirements.txt (line 9))
2025-08-18T19:14:11.3829841Z   Using cached typing_inspect-0.9.0-py3-none-any.whl.metadata (1.5 kB)
2025-08-18T19:14:11.4768605Z Collecting wrapt (from pandera==0.19.*->-r services/etl/requirements.txt (line 9))
2025-08-18T19:14:11.4781986Z   Using cached wrapt-1.17.3-cp312-cp312-manylinux1_x86_64.manylinux_2_28_x86_64.manylinux_2_5_x86_64.whl.metadata (6.4 kB)
2025-08-18T19:14:11.4878192Z Collecting et-xmlfile (from openpyxl==3.1.*->-r services/etl/requirements.txt (line 10))
2025-08-18T19:14:11.4889852Z   Using cached et_xmlfile-2.0.0-py3-none-any.whl.metadata (2.7 kB)
2025-08-18T19:14:11.8392377Z Collecting botocore<1.41.0,>=1.40.11 (from boto3<2,>=1.16.39->python-amazon-sp-api==0.8.0->-r services/etl/requirements.txt (line 5))
2025-08-18T19:14:11.8405122Z   Using cached botocore-1.40.11-py3-none-any.whl.metadata (5.7 kB)
2025-08-18T19:14:11.8527534Z Collecting jmespath<2.0.0,>=0.7.1 (from boto3<2,>=1.16.39->python-amazon-sp-api==0.8.0->-r services/etl/requirements.txt (line 5))
2025-08-18T19:14:11.8538602Z   Using cached jmespath-1.0.1-py3-none-any.whl.metadata (7.6 kB)
2025-08-18T19:14:11.8691374Z Collecting s3transfer<0.14.0,>=0.13.0 (from boto3<2,>=1.16.39->python-amazon-sp-api==0.8.0->-r services/etl/requirements.txt (line 5))
2025-08-18T19:14:11.8702554Z   Using cached s3transfer-0.13.1-py3-none-any.whl.metadata (1.7 kB)
2025-08-18T19:14:11.9211987Z Collecting pyyaml (from confuse~=1.4.0->python-amazon-sp-api==0.8.0->-r services/etl/requirements.txt (line 5))
2025-08-18T19:14:11.9224099Z   Using cached PyYAML-6.0.2-cp312-cp312-manylinux_2_17_x86_64.manylinux2014_x86_64.whl.metadata (2.1 kB)
2025-08-18T19:14:11.9413528Z Collecting amqp<6.0.0,>=5.1.1 (from kombu<6.0,>=5.3.4->celery==5.3.*->-r services/etl/requirements.txt (line 3))
2025-08-18T19:14:11.9424677Z   Using cached amqp-5.3.1-py3-none-any.whl.metadata (8.9 kB)
2025-08-18T19:14:12.1084847Z Collecting prompt-toolkit>=3.0.36 (from click-repl>=0.2.0->celery==5.3.*->-r services/etl/requirements.txt (line 3))
2025-08-18T19:14:12.1096308Z   Using cached prompt_toolkit-3.0.51-py3-none-any.whl.metadata (6.4 kB)
2025-08-18T19:14:12.1237271Z Collecting wcwidth (from prompt-toolkit>=3.0.36->click-repl>=0.2.0->celery==5.3.*->-r services/etl/requirements.txt (line 3))
2025-08-18T19:14:12.1248746Z   Using cached wcwidth-0.2.13-py2.py3-none-any.whl.metadata (14 kB)
2025-08-18T19:14:12.1362850Z Collecting annotated-types>=0.6.0 (from pydantic->keepa==1.3.14->-r services/etl/requirements.txt (line 1))
2025-08-18T19:14:12.1374574Z   Using cached annotated_types-0.7.0-py3-none-any.whl.metadata (15 kB)
2025-08-18T19:14:12.7995529Z Collecting pydantic-core==2.33.2 (from pydantic->keepa==1.3.14->-r services/etl/requirements.txt (line 1))
2025-08-18T19:14:12.8009505Z   Using cached pydantic_core-2.33.2-cp312-cp312-manylinux_2_17_x86_64.manylinux2014_x86_64.whl.metadata (6.8 kB)
2025-08-18T19:14:12.8167229Z Collecting typing-extensions>=4.12.2 (from pydantic->keepa==1.3.14->-r services/etl/requirements.txt (line 1))
2025-08-18T19:14:12.8177971Z   Using cached typing_extensions-4.14.1-py3-none-any.whl.metadata (3.0 kB)
2025-08-18T19:14:12.8268550Z Collecting typing-inspection>=0.4.0 (from pydantic->keepa==1.3.14->-r services/etl/requirements.txt (line 1))
2025-08-18T19:14:12.8279666Z   Using cached typing_inspection-0.4.1-py3-none-any.whl.metadata (2.6 kB)
2025-08-18T19:14:12.9134509Z Collecting charset_normalizer<4,>=2 (from requests>=2.2->keepa==1.3.14->-r services/etl/requirements.txt (line 1))
2025-08-18T19:14:12.9146958Z   Using cached charset_normalizer-3.4.3-cp312-cp312-manylinux2014_x86_64.manylinux_2_17_x86_64.manylinux_2_28_x86_64.whl.metadata (36 kB)
2025-08-18T19:14:12.9296247Z Collecting idna<4,>=2.5 (from requests>=2.2->keepa==1.3.14->-r services/etl/requirements.txt (line 1))
2025-08-18T19:14:12.9307649Z   Using cached idna-3.10-py3-none-any.whl.metadata (10 kB)
2025-08-18T19:14:12.9663249Z Collecting mypy-extensions>=0.3.0 (from typing-inspect>=0.6.0->pandera==0.19.*->-r services/etl/requirements.txt (line 9))
2025-08-18T19:14:12.9674693Z   Using cached mypy_extensions-1.1.0-py3-none-any.whl.metadata (1.1 kB)
2025-08-18T19:14:12.9946865Z Collecting aiohappyeyeballs>=2.5.0 (from aiohttp->keepa==1.3.14->-r services/etl/requirements.txt (line 1))
2025-08-18T19:14:12.9958499Z   Using cached aiohappyeyeballs-2.6.1-py3-none-any.whl.metadata (5.9 kB)
2025-08-18T19:14:13.0048668Z Collecting aiosignal>=1.4.0 (from aiohttp->keepa==1.3.14->-r services/etl/requirements.txt (line 1))
2025-08-18T19:14:13.0059971Z   Using cached aiosignal-1.4.0-py3-none-any.whl.metadata (3.7 kB)
2025-08-18T19:14:13.0195052Z Collecting attrs>=17.3.0 (from aiohttp->keepa==1.3.14->-r services/etl/requirements.txt (line 1))
2025-08-18T19:14:13.0206199Z   Using cached attrs-25.3.0-py3-none-any.whl.metadata (10 kB)
2025-08-18T19:14:13.0960513Z Collecting frozenlist>=1.1.1 (from aiohttp->keepa==1.3.14->-r services/etl/requirements.txt (line 1))
2025-08-18T19:14:13.0975352Z   Using cached frozenlist-1.7.0-cp312-cp312-manylinux_2_5_x86_64.manylinux1_x86_64.manylinux_2_17_x86_64.manylinux2014_x86_64.whl.metadata (18 kB)
2025-08-18T19:14:13.4367951Z Collecting multidict<7.0,>=4.5 (from aiohttp->keepa==1.3.14->-r services/etl/requirements.txt (line 1))
2025-08-18T19:14:13.4381107Z   Using cached multidict-6.6.4-cp312-cp312-manylinux2014_x86_64.manylinux_2_17_x86_64.manylinux_2_28_x86_64.whl.metadata (5.3 kB)
2025-08-18T19:14:13.4807201Z Collecting propcache>=0.2.0 (from aiohttp->keepa==1.3.14->-r services/etl/requirements.txt (line 1))
2025-08-18T19:14:13.4818841Z   Using cached propcache-0.3.2-cp312-cp312-manylinux_2_17_x86_64.manylinux2014_x86_64.whl.metadata (12 kB)
2025-08-18T19:14:13.7937344Z Collecting yarl<2.0,>=1.17.0 (from aiohttp->keepa==1.3.14->-r services/etl/requirements.txt (line 1))
2025-08-18T19:14:13.7950845Z   Using cached yarl-1.20.1-cp312-cp312-manylinux_2_17_x86_64.manylinux2014_x86_64.whl.metadata (73 kB)
2025-08-18T19:14:13.8523798Z Using cached keepa-1.3.14-py3-none-any.whl (33 kB)
2025-08-18T19:14:13.8535097Z Using cached minio-7.1.15-py3-none-any.whl (77 kB)
2025-08-18T19:14:13.8547055Z Using cached python_amazon_sp_api-0.8.0-py3-none-any.whl (93 kB)
2025-08-18T19:14:13.8558662Z Using cached pydantic_settings-2.2.1-py3-none-any.whl (13 kB)
2025-08-18T19:14:13.8569397Z Using cached celery-5.3.6-py3-none-any.whl (422 kB)
2025-08-18T19:14:13.8582989Z Using cached redis-5.3.1-py3-none-any.whl (272 kB)
2025-08-18T19:14:13.8596084Z Using cached numpy-1.26.4-cp312-cp312-manylinux_2_17_x86_64.manylinux2014_x86_64.whl (18.0 MB)
2025-08-18T19:14:13.8735821Z Using cached pandas-2.2.3-cp312-cp312-manylinux_2_17_x86_64.manylinux2014_x86_64.whl (12.7 MB)
2025-08-18T19:14:13.8837440Z Using cached pandera-0.19.3-py3-none-any.whl (251 kB)
2025-08-18T19:14:13.8849886Z Using cached openpyxl-3.1.5-py2.py3-none-any.whl (250 kB)
2025-08-18T19:14:13.8862644Z Using cached psycopg2_binary-2.9.10-cp312-cp312-manylinux_2_17_x86_64.manylinux2014_x86_64.whl (3.0 MB)
2025-08-18T19:14:13.8894653Z Using cached billiard-4.2.1-py3-none-any.whl (86 kB)
2025-08-18T19:14:13.8905793Z Using cached boto3-1.40.11-py3-none-any.whl (140 kB)
2025-08-18T19:14:13.8918524Z Using cached botocore-1.40.11-py3-none-any.whl (14.0 MB)
2025-08-18T19:14:13.9027780Z Using cached cachetools-4.2.4-py3-none-any.whl (10 kB)
2025-08-18T19:14:13.9038529Z Using cached click-8.2.1-py3-none-any.whl (102 kB)
2025-08-18T19:14:13.9049727Z Using cached confuse-1.4.0-py2.py3-none-any.whl (21 kB)
2025-08-18T19:14:13.9060483Z Using cached jmespath-1.0.1-py3-none-any.whl (20 kB)
2025-08-18T19:14:13.9071071Z Using cached kombu-5.5.4-py3-none-any.whl (210 kB)
2025-08-18T19:14:13.9082906Z Using cached vine-5.1.0-py3-none-any.whl (9.6 kB)
2025-08-18T19:14:13.9093416Z Using cached amqp-5.3.1-py3-none-any.whl (50 kB)
2025-08-18T19:14:13.9104336Z Using cached multimethod-1.10-py3-none-any.whl (9.9 kB)
2025-08-18T19:14:13.9115266Z Using cached python_dateutil-2.9.0.post0-py2.py3-none-any.whl (229 kB)
2025-08-18T19:14:13.9127322Z Using cached s3transfer-0.13.1-py3-none-any.whl (85 kB)
2025-08-18T19:14:13.9138397Z Using cached six-1.17.0-py2.py3-none-any.whl (11 kB)
2025-08-18T19:14:13.9149115Z Using cached urllib3-2.5.0-py3-none-any.whl (129 kB)
2025-08-18T19:14:13.9160591Z Using cached click_didyoumean-0.3.1-py3-none-any.whl (3.6 kB)
2025-08-18T19:14:13.9171034Z Using cached click_plugins-1.1.1.2-py2.py3-none-any.whl (11 kB)
2025-08-18T19:14:13.9183316Z Using cached click_repl-0.3.0-py3-none-any.whl (10 kB)
2025-08-18T19:14:13.9193938Z Using cached packaging-25.0-py3-none-any.whl (66 kB)
2025-08-18T19:14:13.9205730Z Using cached prompt_toolkit-3.0.51-py3-none-any.whl (387 kB)
2025-08-18T19:14:13.9219080Z Using cached pydantic-2.11.7-py3-none-any.whl (444 kB)
2025-08-18T19:14:13.9233154Z Using cached pydantic_core-2.33.2-cp312-cp312-manylinux_2_17_x86_64.manylinux2014_x86_64.whl (2.0 MB)
2025-08-18T19:14:13.9258666Z Using cached annotated_types-0.7.0-py3-none-any.whl (13 kB)
2025-08-18T19:14:13.9269340Z Using cached PyJWT-2.10.1-py3-none-any.whl (22 kB)
2025-08-18T19:14:13.9279931Z Using cached python_dotenv-1.1.1-py3-none-any.whl (20 kB)
2025-08-18T19:14:13.9290609Z Using cached pytz-2025.2-py2.py3-none-any.whl (509 kB)
2025-08-18T19:14:13.9304879Z Using cached requests-2.32.4-py3-none-any.whl (64 kB)
2025-08-18T19:14:13.9316602Z Using cached charset_normalizer-3.4.3-cp312-cp312-manylinux2014_x86_64.manylinux_2_17_x86_64.manylinux_2_28_x86_64.whl (151 kB)
2025-08-18T19:14:13.9327714Z Using cached idna-3.10-py3-none-any.whl (70 kB)
2025-08-18T19:14:13.9338773Z Using cached certifi-2025.8.3-py3-none-any.whl (161 kB)
2025-08-18T19:14:13.9350514Z Using cached typing_extensions-4.14.1-py3-none-any.whl (43 kB)
2025-08-18T19:14:13.9361384Z Using cached typing_inspect-0.9.0-py3-none-any.whl (8.8 kB)
2025-08-18T19:14:13.9372036Z Using cached mypy_extensions-1.1.0-py3-none-any.whl (5.0 kB)
2025-08-18T19:14:13.9382858Z Using cached typing_inspection-0.4.1-py3-none-any.whl (14 kB)
2025-08-18T19:14:13.9393618Z Using cached tzdata-2025.2-py2.py3-none-any.whl (347 kB)
2025-08-18T19:14:13.9407347Z Using cached aiohttp-3.12.15-cp312-cp312-manylinux_2_17_x86_64.manylinux2014_x86_64.whl (1.7 MB)
2025-08-18T19:14:13.9430590Z Using cached multidict-6.6.4-cp312-cp312-manylinux2014_x86_64.manylinux_2_17_x86_64.manylinux_2_28_x86_64.whl (256 kB)
2025-08-18T19:14:13.9442600Z Using cached yarl-1.20.1-cp312-cp312-manylinux_2_17_x86_64.manylinux2014_x86_64.whl (355 kB)
2025-08-18T19:14:13.9455796Z Using cached aiohappyeyeballs-2.6.1-py3-none-any.whl (15 kB)
2025-08-18T19:14:13.9466433Z Using cached aiosignal-1.4.0-py3-none-any.whl (7.5 kB)
2025-08-18T19:14:13.9476963Z Using cached attrs-25.3.0-py3-none-any.whl (63 kB)
2025-08-18T19:14:13.9488751Z Using cached frozenlist-1.7.0-cp312-cp312-manylinux_2_5_x86_64.manylinux1_x86_64.manylinux_2_17_x86_64.manylinux2014_x86_64.whl (241 kB)
2025-08-18T19:14:13.9500909Z Using cached propcache-0.3.2-cp312-cp312-manylinux_2_17_x86_64.manylinux2014_x86_64.whl (224 kB)
2025-08-18T19:14:13.9512668Z Using cached et_xmlfile-2.0.0-py3-none-any.whl (18 kB)
2025-08-18T19:14:13.9524071Z Using cached pycryptodome-3.23.0-cp37-abi3-manylinux_2_17_x86_64.manylinux2014_x86_64.whl (2.3 MB)
2025-08-18T19:14:13.9551162Z Using cached PyYAML-6.0.2-cp312-cp312-manylinux_2_17_x86_64.manylinux2014_x86_64.whl (767 kB)
2025-08-18T19:14:13.9568099Z Using cached tqdm-4.67.1-py3-none-any.whl (78 kB)
2025-08-18T19:14:13.9579283Z Using cached typeguard-4.4.4-py3-none-any.whl (34 kB)
2025-08-18T19:14:13.9590074Z Using cached wcwidth-0.2.13-py2.py3-none-any.whl (34 kB)
2025-08-18T19:14:13.9601257Z Using cached wrapt-1.17.3-cp312-cp312-manylinux1_x86_64.manylinux_2_28_x86_64.manylinux_2_5_x86_64.whl (88 kB)
2025-08-18T19:14:14.2234067Z Installing collected packages: wcwidth, pytz, wrapt, vine, urllib3, tzdata, typing-extensions, tqdm, six, pyyaml, python-dotenv, PyJWT, pycryptodome, psycopg2-binary, propcache, prompt-toolkit, packaging, numpy, mypy-extensions, multimethod, multidict, jmespath, idna, frozenlist, et-xmlfile, click, charset_normalizer, certifi, cachetools, billiard, attrs, annotated-types, aiohappyeyeballs, yarl, typing-inspection, typing-inspect, typeguard, requests, redis, python-dateutil, pydantic-core, openpyxl, minio, confuse, click-repl, click-plugins, click-didyoumean, amqp, aiosignal, pydantic, pandas, kombu, botocore, aiohttp, s3transfer, pydantic-settings, pandera, keepa, celery, boto3, python-amazon-sp-api
2025-08-18T19:14:25.1080443Z 
2025-08-18T19:14:25.1142005Z Successfully installed PyJWT-2.10.1 aiohappyeyeballs-2.6.1 aiohttp-3.12.15 aiosignal-1.4.0 amqp-5.3.1 annotated-types-0.7.0 attrs-25.3.0 billiard-4.2.1 boto3-1.40.11 botocore-1.40.11 cachetools-4.2.4 celery-5.3.6 certifi-2025.8.3 charset_normalizer-3.4.3 click-8.2.1 click-didyoumean-0.3.1 click-plugins-1.1.1.2 click-repl-0.3.0 confuse-1.4.0 et-xmlfile-2.0.0 frozenlist-1.7.0 idna-3.10 jmespath-1.0.1 keepa-1.3.14 kombu-5.5.4 minio-7.1.15 multidict-6.6.4 multimethod-1.10 mypy-extensions-1.1.0 numpy-1.26.4 openpyxl-3.1.5 packaging-25.0 pandas-2.2.3 pandera-0.19.3 prompt-toolkit-3.0.51 propcache-0.3.2 psycopg2-binary-2.9.10 pycryptodome-3.23.0 pydantic-2.11.7 pydantic-core-2.33.2 pydantic-settings-2.2.1 python-amazon-sp-api-0.8.0 python-dateutil-2.9.0.post0 python-dotenv-1.1.1 pytz-2025.2 pyyaml-6.0.2 redis-5.3.1 requests-2.32.4 s3transfer-0.13.1 six-1.17.0 tqdm-4.67.1 typeguard-4.4.4 typing-extensions-4.14.1 typing-inspect-0.9.0 typing-inspection-0.4.1 tzdata-2025.2 urllib3-2.5.0 vine-5.1.0 wcwidth-0.2.13 wrapt-1.17.3 yarl-1.20.1
2025-08-18T19:14:26.4967371Z Collecting uvicorn==0.29.0 (from -r services/api/requirements.txt (line 1))
2025-08-18T19:14:26.4981060Z   Using cached uvicorn-0.29.0-py3-none-any.whl.metadata (6.3 kB)
2025-08-18T19:14:26.5017707Z Requirement already satisfied: pydantic-settings==2.2.1 in /opt/hostedtoolcache/Python/3.12.11/x64/lib/python3.12/site-packages (from -r services/api/requirements.txt (line 2)) (2.2.1)
2025-08-18T19:14:26.5395496Z Collecting fastapi==0.111.0 (from -r services/api/requirements.txt (line 3))
2025-08-18T19:14:26.5407529Z   Using cached fastapi-0.111.0-py3-none-any.whl.metadata (25 kB)
2025-08-18T19:14:26.8283977Z Collecting sqlalchemy==2.0.29 (from -r services/api/requirements.txt (line 4))
2025-08-18T19:14:26.8298188Z   Using cached SQLAlchemy-2.0.29-cp312-cp312-manylinux_2_17_x86_64.manylinux2014_x86_64.whl.metadata (9.6 kB)
2025-08-18T19:14:26.8576523Z Collecting alembic==1.13.1 (from -r services/api/requirements.txt (line 5))
2025-08-18T19:14:26.8588493Z   Using cached alembic-1.13.1-py3-none-any.whl.metadata (7.4 kB)
2025-08-18T19:14:26.8744896Z Collecting psycopg==3.2.9 (from psycopg[binary]==3.2.9->-r services/api/requirements.txt (line 6))
2025-08-18T19:14:26.8757340Z   Using cached psycopg-3.2.9-py3-none-any.whl.metadata (4.5 kB)
2025-08-18T19:14:26.8975126Z Collecting httpx==0.27.2 (from -r services/api/requirements.txt (line 7))
2025-08-18T19:14:26.8988188Z   Using cached httpx-0.27.2-py3-none-any.whl.metadata (7.1 kB)
2025-08-18T19:14:26.9394493Z Collecting asyncpg==0.29.0 (from -r services/api/requirements.txt (line 8))
2025-08-18T19:14:26.9407819Z   Using cached asyncpg-0.29.0-cp312-cp312-manylinux_2_17_x86_64.manylinux2014_x86_64.whl.metadata (4.4 kB)
2025-08-18T19:14:27.2047244Z Collecting boto3==1.34.162 (from -r services/api/requirements.txt (line 9))
2025-08-18T19:14:27.2060643Z   Using cached boto3-1.34.162-py3-none-any.whl.metadata (6.6 kB)
2025-08-18T19:14:27.2208247Z Collecting Jinja2==3.1.5 (from -r services/api/requirements.txt (line 10))
2025-08-18T19:14:27.2219659Z   Using cached jinja2-3.1.5-py3-none-any.whl.metadata (2.6 kB)
2025-08-18T19:14:27.2238522Z Requirement already satisfied: celery==5.3.* in /opt/hostedtoolcache/Python/3.12.11/x64/lib/python3.12/site-packages (from -r services/api/requirements.txt (line 11)) (5.3.6)
2025-08-18T19:14:27.2355742Z Collecting structlog==24.1.0 (from -r services/api/requirements.txt (line 12))
2025-08-18T19:14:27.2367107Z   Using cached structlog-24.1.0-py3-none-any.whl.metadata (6.9 kB)
2025-08-18T19:14:27.2506807Z Collecting asgi-correlation-id==4.3.1 (from -r services/api/requirements.txt (line 13))
2025-08-18T19:14:27.2518266Z   Using cached asgi_correlation_id-4.3.1-py3-none-any.whl.metadata (28 kB)
2025-08-18T19:14:27.2629010Z Collecting fastapi-limiter==0.1.6 (from -r services/api/requirements.txt (line 14))
2025-08-18T19:14:27.2640356Z   Using cached fastapi_limiter-0.1.6-py3-none-any.whl.metadata (5.3 kB)
2025-08-18T19:14:27.3064792Z Collecting redis==5.0.8 (from -r services/api/requirements.txt (line 15))
2025-08-18T19:14:27.3077070Z   Using cached redis-5.0.8-py3-none-any.whl.metadata (9.2 kB)
2025-08-18T19:14:27.3116662Z Requirement already satisfied: click>=7.0 in /opt/hostedtoolcache/Python/3.12.11/x64/lib/python3.12/site-packages (from uvicorn==0.29.0->-r services/api/requirements.txt (line 1)) (8.2.1)
2025-08-18T19:14:27.3200264Z Collecting h11>=0.8 (from uvicorn==0.29.0->-r services/api/requirements.txt (line 1))
2025-08-18T19:14:27.3212388Z   Using cached h11-0.16.0-py3-none-any.whl.metadata (8.3 kB)
2025-08-18T19:14:27.3240592Z Requirement already satisfied: pydantic>=2.3.0 in /opt/hostedtoolcache/Python/3.12.11/x64/lib/python3.12/site-packages (from pydantic-settings==2.2.1->-r services/api/requirements.txt (line 2)) (2.11.7)
2025-08-18T19:14:27.3245791Z Requirement already satisfied: python-dotenv>=0.21.0 in /opt/hostedtoolcache/Python/3.12.11/x64/lib/python3.12/site-packages (from pydantic-settings==2.2.1->-r services/api/requirements.txt (line 2)) (1.1.1)
2025-08-18T19:14:27.3483978Z Collecting starlette<0.38.0,>=0.37.2 (from fastapi==0.111.0->-r services/api/requirements.txt (line 3))
2025-08-18T19:14:27.3495136Z   Using cached starlette-0.37.2-py3-none-any.whl.metadata (5.9 kB)
2025-08-18T19:14:27.3525280Z Requirement already satisfied: typing-extensions>=4.8.0 in /opt/hostedtoolcache/Python/3.12.11/x64/lib/python3.12/site-packages (from fastapi==0.111.0->-r services/api/requirements.txt (line 3)) (4.14.1)
2025-08-18T19:14:27.3595552Z Collecting fastapi-cli>=0.0.2 (from fastapi==0.111.0->-r services/api/requirements.txt (line 3))
2025-08-18T19:14:27.3606516Z   Using cached fastapi_cli-0.0.8-py3-none-any.whl.metadata (6.3 kB)
2025-08-18T19:14:27.3796334Z Collecting python-multipart>=0.0.7 (from fastapi==0.111.0->-r services/api/requirements.txt (line 3))
2025-08-18T19:14:27.3807252Z   Using cached python_multipart-0.0.20-py3-none-any.whl.metadata (1.8 kB)
2025-08-18T19:14:27.4353622Z Collecting ujson!=4.0.2,!=4.1.0,!=4.2.0,!=4.3.0,!=5.0.0,!=5.1.0,>=4.0.1 (from fastapi==0.111.0->-r services/api/requirements.txt (line 3))
2025-08-18T19:14:27.4366427Z   Using cached ujson-5.10.0-cp312-cp312-manylinux_2_17_x86_64.manylinux2014_x86_64.whl.metadata (9.3 kB)
2025-08-18T19:14:27.6656290Z Collecting orjson>=3.2.1 (from fastapi==0.111.0->-r services/api/requirements.txt (line 3))
2025-08-18T19:14:27.6669634Z   Using cached orjson-3.11.2-cp312-cp312-manylinux_2_17_x86_64.manylinux2014_x86_64.whl.metadata (1.2 kB)
2025-08-18T19:14:27.6789065Z Collecting email_validator>=2.0.0 (from fastapi==0.111.0->-r services/api/requirements.txt (line 3))
2025-08-18T19:14:27.6800297Z   Using cached email_validator-2.2.0-py3-none-any.whl.metadata (25 kB)
2025-08-18T19:14:27.8083741Z Collecting greenlet!=0.4.17 (from sqlalchemy==2.0.29->-r services/api/requirements.txt (line 4))
2025-08-18T19:14:27.8096901Z   Using cached greenlet-3.2.4-cp312-cp312-manylinux_2_24_x86_64.manylinux_2_28_x86_64.whl.metadata (4.1 kB)
2025-08-18T19:14:27.8348193Z Collecting Mako (from alembic==1.13.1->-r services/api/requirements.txt (line 5))
2025-08-18T19:14:27.8359454Z   Using cached mako-1.3.10-py3-none-any.whl.metadata (2.9 kB)
2025-08-18T19:14:27.8552381Z Collecting anyio (from httpx==0.27.2->-r services/api/requirements.txt (line 7))
2025-08-18T19:14:27.8563531Z   Using cached anyio-4.10.0-py3-none-any.whl.metadata (4.0 kB)
2025-08-18T19:14:27.8586716Z Requirement already satisfied: certifi in /opt/hostedtoolcache/Python/3.12.11/x64/lib/python3.12/site-packages (from httpx==0.27.2->-r services/api/requirements.txt (line 7)) (2025.8.3)
2025-08-18T19:14:27.8746492Z Collecting httpcore==1.* (from httpx==0.27.2->-r services/api/requirements.txt (line 7))
2025-08-18T19:14:27.8757780Z   Using cached httpcore-1.0.9-py3-none-any.whl.metadata (21 kB)
2025-08-18T19:14:27.8791579Z Requirement already satisfied: idna in /opt/hostedtoolcache/Python/3.12.11/x64/lib/python3.12/site-packages (from httpx==0.27.2->-r services/api/requirements.txt (line 7)) (3.10)
2025-08-18T19:14:27.8852883Z Collecting sniffio (from httpx==0.27.2->-r services/api/requirements.txt (line 7))
2025-08-18T19:14:27.8863853Z   Using cached sniffio-1.3.1-py3-none-any.whl.metadata (3.9 kB)
2025-08-18T19:14:28.2640782Z Collecting botocore<1.35.0,>=1.34.162 (from boto3==1.34.162->-r services/api/requirements.txt (line 9))
2025-08-18T19:14:28.2653780Z   Using cached botocore-1.34.162-py3-none-any.whl.metadata (5.7 kB)
2025-08-18T19:14:28.2681409Z Requirement already satisfied: jmespath<2.0.0,>=0.7.1 in /opt/hostedtoolcache/Python/3.12.11/x64/lib/python3.12/site-packages (from boto3==1.34.162->-r services/api/requirements.txt (line 9)) (1.0.1)
2025-08-18T19:14:28.2828657Z Collecting s3transfer<0.11.0,>=0.10.0 (from boto3==1.34.162->-r services/api/requirements.txt (line 9))
2025-08-18T19:14:28.2840210Z   Using cached s3transfer-0.10.4-py3-none-any.whl.metadata (1.7 kB)
2025-08-18T19:14:28.3302563Z Collecting MarkupSafe>=2.0 (from Jinja2==3.1.5->-r services/api/requirements.txt (line 10))
2025-08-18T19:14:28.3315547Z   Using cached MarkupSafe-3.0.2-cp312-cp312-manylinux_2_17_x86_64.manylinux2014_x86_64.whl.metadata (4.0 kB)
2025-08-18T19:14:28.4900486Z Collecting psycopg-binary==3.2.9 (from psycopg[binary]==3.2.9->-r services/api/requirements.txt (line 6))
2025-08-18T19:14:28.4913858Z   Using cached psycopg_binary-3.2.9-cp312-cp312-manylinux_2_17_x86_64.manylinux2014_x86_64.whl.metadata (2.9 kB)
2025-08-18T19:14:28.4958819Z Requirement already satisfied: billiard<5.0,>=4.2.0 in /opt/hostedtoolcache/Python/3.12.11/x64/lib/python3.12/site-packages (from celery==5.3.*->-r services/api/requirements.txt (line 11)) (4.2.1)
2025-08-18T19:14:28.4965604Z Requirement already satisfied: click-didyoumean>=0.3.0 in /opt/hostedtoolcache/Python/3.12.11/x64/lib/python3.12/site-packages (from celery==5.3.*->-r services/api/requirements.txt (line 11)) (0.3.1)
2025-08-18T19:14:28.4972318Z Requirement already satisfied: click-plugins>=1.1.1 in /opt/hostedtoolcache/Python/3.12.11/x64/lib/python3.12/site-packages (from celery==5.3.*->-r services/api/requirements.txt (line 11)) (1.1.1.2)
2025-08-18T19:14:28.4978801Z Requirement already satisfied: click-repl>=0.2.0 in /opt/hostedtoolcache/Python/3.12.11/x64/lib/python3.12/site-packages (from celery==5.3.*->-r services/api/requirements.txt (line 11)) (0.3.0)
2025-08-18T19:14:28.4989555Z Requirement already satisfied: kombu<6.0,>=5.3.4 in /opt/hostedtoolcache/Python/3.12.11/x64/lib/python3.12/site-packages (from celery==5.3.*->-r services/api/requirements.txt (line 11)) (5.5.4)
2025-08-18T19:14:28.4997084Z Requirement already satisfied: python-dateutil>=2.8.2 in /opt/hostedtoolcache/Python/3.12.11/x64/lib/python3.12/site-packages (from celery==5.3.*->-r services/api/requirements.txt (line 11)) (2.9.0.post0)
2025-08-18T19:14:28.5003504Z Requirement already satisfied: tzdata>=2022.7 in /opt/hostedtoolcache/Python/3.12.11/x64/lib/python3.12/site-packages (from celery==5.3.*->-r services/api/requirements.txt (line 11)) (2025.2)
2025-08-18T19:14:28.5011032Z Requirement already satisfied: vine<6.0,>=5.1.0 in /opt/hostedtoolcache/Python/3.12.11/x64/lib/python3.12/site-packages (from celery==5.3.*->-r services/api/requirements.txt (line 11)) (5.1.0)
2025-08-18T19:14:28.5093236Z Requirement already satisfied: urllib3!=2.2.0,<3,>=1.25.4 in /opt/hostedtoolcache/Python/3.12.11/x64/lib/python3.12/site-packages (from botocore<1.35.0,>=1.34.162->boto3==1.34.162->-r services/api/requirements.txt (line 9)) (2.5.0)
2025-08-18T19:14:28.5150167Z Requirement already satisfied: amqp<6.0.0,>=5.1.1 in /opt/hostedtoolcache/Python/3.12.11/x64/lib/python3.12/site-packages (from kombu<6.0,>=5.3.4->celery==5.3.*->-r services/api/requirements.txt (line 11)) (5.3.1)
2025-08-18T19:14:28.5161703Z Requirement already satisfied: packaging in /opt/hostedtoolcache/Python/3.12.11/x64/lib/python3.12/site-packages (from kombu<6.0,>=5.3.4->celery==5.3.*->-r services/api/requirements.txt (line 11)) (25.0)
2025-08-18T19:14:28.5228175Z Requirement already satisfied: annotated-types>=0.6.0 in /opt/hostedtoolcache/Python/3.12.11/x64/lib/python3.12/site-packages (from pydantic>=2.3.0->pydantic-settings==2.2.1->-r services/api/requirements.txt (line 2)) (0.7.0)
2025-08-18T19:14:28.5234409Z Requirement already satisfied: pydantic-core==2.33.2 in /opt/hostedtoolcache/Python/3.12.11/x64/lib/python3.12/site-packages (from pydantic>=2.3.0->pydantic-settings==2.2.1->-r services/api/requirements.txt (line 2)) (2.33.2)
2025-08-18T19:14:28.5243281Z Requirement already satisfied: typing-inspection>=0.4.0 in /opt/hostedtoolcache/Python/3.12.11/x64/lib/python3.12/site-packages (from pydantic>=2.3.0->pydantic-settings==2.2.1->-r services/api/requirements.txt (line 2)) (0.4.1)
2025-08-18T19:14:28.5276525Z Requirement already satisfied: six>=1.5 in /opt/hostedtoolcache/Python/3.12.11/x64/lib/python3.12/site-packages (from python-dateutil>=2.8.2->celery==5.3.*->-r services/api/requirements.txt (line 11)) (1.17.0)
2025-08-18T19:14:28.7078280Z Requirement already satisfied: prompt-toolkit>=3.0.36 in /opt/hostedtoolcache/Python/3.12.11/x64/lib/python3.12/site-packages (from click-repl>=0.2.0->celery==5.3.*->-r services/api/requirements.txt (line 11)) (3.0.51)
2025-08-18T19:14:28.7199876Z Collecting dnspython>=2.0.0 (from email_validator>=2.0.0->fastapi==0.111.0->-r services/api/requirements.txt (line 3))
2025-08-18T19:14:28.7216306Z   Using cached dnspython-2.7.0-py3-none-any.whl.metadata (5.8 kB)
2025-08-18T19:14:28.7414961Z Collecting typer>=0.15.1 (from fastapi-cli>=0.0.2->fastapi==0.111.0->-r services/api/requirements.txt (line 3))
2025-08-18T19:14:28.7425896Z   Using cached typer-0.16.0-py3-none-any.whl.metadata (15 kB)
2025-08-18T19:14:28.7651672Z Collecting rich-toolkit>=0.14.8 (from fastapi-cli>=0.0.2->fastapi==0.111.0->-r services/api/requirements.txt (line 3))
2025-08-18T19:14:28.7662224Z   Using cached rich_toolkit-0.15.0-py3-none-any.whl.metadata (1.0 kB)
2025-08-18T19:14:28.7751746Z Requirement already satisfied: wcwidth in /opt/hostedtoolcache/Python/3.12.11/x64/lib/python3.12/site-packages (from prompt-toolkit>=3.0.36->click-repl>=0.2.0->celery==5.3.*->-r services/api/requirements.txt (line 11)) (0.2.13)
2025-08-18T19:14:28.8129232Z Collecting rich>=13.7.1 (from rich-toolkit>=0.14.8->fastapi-cli>=0.0.2->fastapi==0.111.0->-r services/api/requirements.txt (line 3))
2025-08-18T19:14:28.8141444Z   Using cached rich-14.1.0-py3-none-any.whl.metadata (18 kB)
2025-08-18T19:14:28.8306101Z Collecting markdown-it-py>=2.2.0 (from rich>=13.7.1->rich-toolkit>=0.14.8->fastapi-cli>=0.0.2->fastapi==0.111.0->-r services/api/requirements.txt (line 3))
2025-08-18T19:14:28.8316855Z   Using cached markdown_it_py-4.0.0-py3-none-any.whl.metadata (7.3 kB)
2025-08-18T19:14:28.8539958Z Collecting pygments<3.0.0,>=2.13.0 (from rich>=13.7.1->rich-toolkit>=0.14.8->fastapi-cli>=0.0.2->fastapi==0.111.0->-r services/api/requirements.txt (line 3))
2025-08-18T19:14:28.8550913Z   Using cached pygments-2.19.2-py3-none-any.whl.metadata (2.5 kB)
2025-08-18T19:14:28.8657365Z Collecting mdurl~=0.1 (from markdown-it-py>=2.2.0->rich>=13.7.1->rich-toolkit>=0.14.8->fastapi-cli>=0.0.2->fastapi==0.111.0->-r services/api/requirements.txt (line 3))
2025-08-18T19:14:28.8668081Z   Using cached mdurl-0.1.2-py3-none-any.whl.metadata (1.6 kB)
2025-08-18T19:14:28.8841127Z Collecting shellingham>=1.3.0 (from typer>=0.15.1->fastapi-cli>=0.0.2->fastapi==0.111.0->-r services/api/requirements.txt (line 3))
2025-08-18T19:14:28.8851962Z   Using cached shellingham-1.5.4-py2.py3-none-any.whl.metadata (3.5 kB)
2025-08-18T19:14:28.9295240Z Collecting httptools>=0.5.0 (from uvicorn[standard]>=0.12.0->fastapi==0.111.0->-r services/api/requirements.txt (line 3))
2025-08-18T19:14:28.9307793Z   Using cached httptools-0.6.4-cp312-cp312-manylinux_2_5_x86_64.manylinux1_x86_64.manylinux_2_17_x86_64.manylinux2014_x86_64.whl.metadata (3.6 kB)
2025-08-18T19:14:28.9332592Z Requirement already satisfied: pyyaml>=5.1 in /opt/hostedtoolcache/Python/3.12.11/x64/lib/python3.12/site-packages (from uvicorn[standard]>=0.12.0->fastapi==0.111.0->-r services/api/requirements.txt (line 3)) (6.0.2)
2025-08-18T19:14:28.9720464Z Collecting uvloop!=0.15.0,!=0.15.1,>=0.14.0 (from uvicorn[standard]>=0.12.0->fastapi==0.111.0->-r services/api/requirements.txt (line 3))
2025-08-18T19:14:28.9732363Z   Using cached uvloop-0.21.0-cp312-cp312-manylinux_2_17_x86_64.manylinux2014_x86_64.whl.metadata (4.9 kB)
2025-08-18T19:14:29.0881212Z Collecting watchfiles>=0.13 (from uvicorn[standard]>=0.12.0->fastapi==0.111.0->-r services/api/requirements.txt (line 3))
2025-08-18T19:14:29.0895075Z   Using cached watchfiles-1.1.0-cp312-cp312-manylinux_2_17_x86_64.manylinux2014_x86_64.whl.metadata (4.9 kB)
2025-08-18T19:14:29.1752327Z Collecting websockets>=10.4 (from uvicorn[standard]>=0.12.0->fastapi==0.111.0->-r services/api/requirements.txt (line 3))
2025-08-18T19:14:29.1766031Z   Using cached websockets-15.0.1-cp312-cp312-manylinux_2_5_x86_64.manylinux1_x86_64.manylinux_2_17_x86_64.manylinux2014_x86_64.whl.metadata (6.8 kB)
2025-08-18T19:14:29.2035718Z Using cached uvicorn-0.29.0-py3-none-any.whl (60 kB)
2025-08-18T19:14:29.2047565Z Using cached fastapi-0.111.0-py3-none-any.whl (91 kB)
2025-08-18T19:14:29.2059840Z Using cached SQLAlchemy-2.0.29-cp312-cp312-manylinux_2_17_x86_64.manylinux2014_x86_64.whl (3.2 MB)
2025-08-18T19:14:29.2095303Z Using cached alembic-1.13.1-py3-none-any.whl (233 kB)
2025-08-18T19:14:29.2108349Z Using cached psycopg-3.2.9-py3-none-any.whl (202 kB)
2025-08-18T19:14:29.2120803Z Using cached httpx-0.27.2-py3-none-any.whl (76 kB)
2025-08-18T19:14:29.2132596Z Using cached asyncpg-0.29.0-cp312-cp312-manylinux_2_17_x86_64.manylinux2014_x86_64.whl (3.3 MB)
2025-08-18T19:14:29.2168190Z Using cached boto3-1.34.162-py3-none-any.whl (139 kB)
2025-08-18T19:14:29.2180270Z Using cached jinja2-3.1.5-py3-none-any.whl (134 kB)
2025-08-18T19:14:29.2191974Z Using cached structlog-24.1.0-py3-none-any.whl (65 kB)
2025-08-18T19:14:29.2203422Z Using cached asgi_correlation_id-4.3.1-py3-none-any.whl (15 kB)
2025-08-18T19:14:29.2214536Z Using cached fastapi_limiter-0.1.6-py3-none-any.whl (15 kB)
2025-08-18T19:14:29.2225621Z Using cached redis-5.0.8-py3-none-any.whl (255 kB)
2025-08-18T19:14:29.2238724Z Using cached psycopg_binary-3.2.9-cp312-cp312-manylinux_2_17_x86_64.manylinux2014_x86_64.whl (4.4 MB)
2025-08-18T19:14:29.2281767Z Using cached botocore-1.34.162-py3-none-any.whl (12.5 MB)
2025-08-18T19:14:29.2382683Z Using cached httpcore-1.0.9-py3-none-any.whl (78 kB)
2025-08-18T19:14:29.2394421Z Using cached s3transfer-0.10.4-py3-none-any.whl (83 kB)
2025-08-18T19:14:29.2405900Z Using cached starlette-0.37.2-py3-none-any.whl (71 kB)
2025-08-18T19:14:29.2417359Z Using cached anyio-4.10.0-py3-none-any.whl (107 kB)
2025-08-18T19:14:29.2429246Z Using cached email_validator-2.2.0-py3-none-any.whl (33 kB)
2025-08-18T19:14:29.2440613Z Using cached dnspython-2.7.0-py3-none-any.whl (313 kB)
2025-08-18T19:14:29.2453906Z Using cached fastapi_cli-0.0.8-py3-none-any.whl (10 kB)
2025-08-18T19:14:29.2465632Z Using cached greenlet-3.2.4-cp312-cp312-manylinux_2_24_x86_64.manylinux_2_28_x86_64.whl (607 kB)
2025-08-18T19:14:29.2480877Z Using cached h11-0.16.0-py3-none-any.whl (37 kB)
2025-08-18T19:14:29.2492543Z Using cached MarkupSafe-3.0.2-cp312-cp312-manylinux_2_17_x86_64.manylinux2014_x86_64.whl (23 kB)
2025-08-18T19:14:29.2503914Z Using cached orjson-3.11.2-cp312-cp312-manylinux_2_17_x86_64.manylinux2014_x86_64.whl (121 kB)
2025-08-18T19:14:29.2516002Z Using cached python_multipart-0.0.20-py3-none-any.whl (24 kB)
2025-08-18T19:14:29.2527214Z Using cached rich_toolkit-0.15.0-py3-none-any.whl (29 kB)
2025-08-18T19:14:29.2538378Z Using cached rich-14.1.0-py3-none-any.whl (243 kB)
2025-08-18T19:14:29.2551186Z Using cached pygments-2.19.2-py3-none-any.whl (1.2 MB)
2025-08-18T19:14:29.2571593Z Using cached markdown_it_py-4.0.0-py3-none-any.whl (87 kB)
2025-08-18T19:14:29.2583252Z Using cached mdurl-0.1.2-py3-none-any.whl (10.0 kB)
2025-08-18T19:14:29.2594543Z Using cached sniffio-1.3.1-py3-none-any.whl (10 kB)
2025-08-18T19:14:29.2605687Z Using cached typer-0.16.0-py3-none-any.whl (46 kB)
2025-08-18T19:14:29.2616984Z Using cached shellingham-1.5.4-py2.py3-none-any.whl (9.8 kB)
2025-08-18T19:14:29.2628372Z Using cached ujson-5.10.0-cp312-cp312-manylinux_2_17_x86_64.manylinux2014_x86_64.whl (53 kB)
2025-08-18T19:14:29.2640434Z Using cached httptools-0.6.4-cp312-cp312-manylinux_2_5_x86_64.manylinux1_x86_64.manylinux_2_17_x86_64.manylinux2014_x86_64.whl (510 kB)
2025-08-18T19:14:29.2655047Z Using cached uvloop-0.21.0-cp312-cp312-manylinux_2_17_x86_64.manylinux2014_x86_64.whl (4.7 MB)
2025-08-18T19:14:29.2701449Z Using cached watchfiles-1.1.0-cp312-cp312-manylinux_2_17_x86_64.manylinux2014_x86_64.whl (452 kB)
2025-08-18T19:14:29.2716317Z Using cached websockets-15.0.1-cp312-cp312-manylinux_2_5_x86_64.manylinux1_x86_64.manylinux_2_17_x86_64.manylinux2014_x86_64.whl (182 kB)
2025-08-18T19:14:29.2728591Z Using cached mako-1.3.10-py3-none-any.whl (78 kB)
2025-08-18T19:14:29.4689949Z Installing collected packages: websockets, uvloop, ujson, structlog, sniffio, shellingham, redis, python-multipart, pygments, psycopg-binary, psycopg, orjson, mdurl, MarkupSafe, httptools, h11, greenlet, dnspython, asyncpg, uvicorn, sqlalchemy, markdown-it-py, Mako, Jinja2, httpcore, email_validator, botocore, anyio, watchfiles, starlette, s3transfer, rich, httpx, alembic, typer, rich-toolkit, boto3, asgi-correlation-id, fastapi-cli, fastapi, fastapi-limiter
2025-08-18T19:14:29.7000077Z   Attempting uninstall: redis
2025-08-18T19:14:29.7030694Z     Found existing installation: redis 5.3.1
2025-08-18T19:14:29.7109946Z     Uninstalling redis-5.3.1:
2025-08-18T19:14:29.7126909Z       Successfully uninstalled redis-5.3.1
2025-08-18T19:14:32.6697432Z   Attempting uninstall: botocore
2025-08-18T19:14:32.6745377Z     Found existing installation: botocore 1.40.11
2025-08-18T19:14:32.7369388Z     Uninstalling botocore-1.40.11:
2025-08-18T19:14:32.7607541Z       Successfully uninstalled botocore-1.40.11
2025-08-18T19:14:33.5286859Z   Attempting uninstall: s3transfer
2025-08-18T19:14:33.5331472Z     Found existing installation: s3transfer 0.13.1
2025-08-18T19:14:33.5357632Z     Uninstalling s3transfer-0.13.1:
2025-08-18T19:14:33.5365779Z       Successfully uninstalled s3transfer-0.13.1
2025-08-18T19:14:34.0377338Z   Attempting uninstall: boto3
2025-08-18T19:14:34.0412442Z     Found existing installation: boto3 1.40.11
2025-08-18T19:14:34.0472031Z     Uninstalling boto3-1.40.11:
2025-08-18T19:14:34.0490491Z       Successfully uninstalled boto3-1.40.11
2025-08-18T19:14:34.2047932Z 
2025-08-18T19:14:34.2133961Z Successfully installed Jinja2-3.1.5 Mako-1.3.10 MarkupSafe-3.0.2 alembic-1.13.1 anyio-4.10.0 asgi-correlation-id-4.3.1 asyncpg-0.29.0 boto3-1.34.162 botocore-1.34.162 dnspython-2.7.0 email_validator-2.2.0 fastapi-0.111.0 fastapi-cli-0.0.8 fastapi-limiter-0.1.6 greenlet-3.2.4 h11-0.16.0 httpcore-1.0.9 httptools-0.6.4 httpx-0.27.2 markdown-it-py-4.0.0 mdurl-0.1.2 orjson-3.11.2 psycopg-3.2.9 psycopg-binary-3.2.9 pygments-2.19.2 python-multipart-0.0.20 redis-5.0.8 rich-14.1.0 rich-toolkit-0.15.0 s3transfer-0.10.4 shellingham-1.5.4 sniffio-1.3.1 sqlalchemy-2.0.29 starlette-0.37.2 structlog-24.1.0 typer-0.16.0 ujson-5.10.0 uvicorn-0.29.0 uvloop-0.21.0 watchfiles-1.1.0 websockets-15.0.1
2025-08-18T19:14:35.2900376Z Requirement already satisfied: uvicorn==0.29.0 in /opt/hostedtoolcache/Python/3.12.11/x64/lib/python3.12/site-packages (from -r services/repricer/requirements.txt (line 1)) (0.29.0)
2025-08-18T19:14:35.2904834Z Requirement already satisfied: pydantic-settings==2.2.1 in /opt/hostedtoolcache/Python/3.12.11/x64/lib/python3.12/site-packages (from -r services/repricer/requirements.txt (line 2)) (2.2.1)
2025-08-18T19:14:35.2909127Z Requirement already satisfied: python-amazon-sp-api==0.8.0 in /opt/hostedtoolcache/Python/3.12.11/x64/lib/python3.12/site-packages (from -r services/repricer/requirements.txt (line 3)) (0.8.0)
2025-08-18T19:14:35.2912979Z Requirement already satisfied: fastapi==0.111.0 in /opt/hostedtoolcache/Python/3.12.11/x64/lib/python3.12/site-packages (from -r services/repricer/requirements.txt (line 4)) (0.111.0)
2025-08-18T19:14:35.2917473Z Requirement already satisfied: sqlalchemy==2.0.29 in /opt/hostedtoolcache/Python/3.12.11/x64/lib/python3.12/site-packages (from -r services/repricer/requirements.txt (line 5)) (2.0.29)
2025-08-18T19:14:35.2928402Z Requirement already satisfied: click>=7.0 in /opt/hostedtoolcache/Python/3.12.11/x64/lib/python3.12/site-packages (from uvicorn==0.29.0->-r services/repricer/requirements.txt (line 1)) (8.2.1)
2025-08-18T19:14:35.2933508Z Requirement already satisfied: h11>=0.8 in /opt/hostedtoolcache/Python/3.12.11/x64/lib/python3.12/site-packages (from uvicorn==0.29.0->-r services/repricer/requirements.txt (line 1)) (0.16.0)
2025-08-18T19:14:35.2957054Z Requirement already satisfied: pydantic>=2.3.0 in /opt/hostedtoolcache/Python/3.12.11/x64/lib/python3.12/site-packages (from pydantic-settings==2.2.1->-r services/repricer/requirements.txt (line 2)) (2.11.7)
2025-08-18T19:14:35.2962280Z Requirement already satisfied: python-dotenv>=0.21.0 in /opt/hostedtoolcache/Python/3.12.11/x64/lib/python3.12/site-packages (from pydantic-settings==2.2.1->-r services/repricer/requirements.txt (line 2)) (1.1.1)
2025-08-18T19:14:35.2973304Z Requirement already satisfied: requests in /opt/hostedtoolcache/Python/3.12.11/x64/lib/python3.12/site-packages (from python-amazon-sp-api==0.8.0->-r services/repricer/requirements.txt (line 3)) (2.32.4)
2025-08-18T19:14:35.2980362Z Requirement already satisfied: six<2,>=1.15 in /opt/hostedtoolcache/Python/3.12.11/x64/lib/python3.12/site-packages (from python-amazon-sp-api==0.8.0->-r services/repricer/requirements.txt (line 3)) (1.17.0)
2025-08-18T19:14:35.2987543Z Requirement already satisfied: boto3<2,>=1.16.39 in /opt/hostedtoolcache/Python/3.12.11/x64/lib/python3.12/site-packages (from python-amazon-sp-api==0.8.0->-r services/repricer/requirements.txt (line 3)) (1.34.162)
2025-08-18T19:14:35.2994112Z Requirement already satisfied: cachetools~=4.2.0 in /opt/hostedtoolcache/Python/3.12.11/x64/lib/python3.12/site-packages (from python-amazon-sp-api==0.8.0->-r services/repricer/requirements.txt (line 3)) (4.2.4)
2025-08-18T19:14:35.2998154Z Requirement already satisfied: pycryptodome in /opt/hostedtoolcache/Python/3.12.11/x64/lib/python3.12/site-packages (from python-amazon-sp-api==0.8.0->-r services/repricer/requirements.txt (line 3)) (3.23.0)
2025-08-18T19:14:35.3001851Z Requirement already satisfied: pytz in /opt/hostedtoolcache/Python/3.12.11/x64/lib/python3.12/site-packages (from python-amazon-sp-api==0.8.0->-r services/repricer/requirements.txt (line 3)) (2025.2)
2025-08-18T19:14:35.3008237Z Requirement already satisfied: confuse~=1.4.0 in /opt/hostedtoolcache/Python/3.12.11/x64/lib/python3.12/site-packages (from python-amazon-sp-api==0.8.0->-r services/repricer/requirements.txt (line 3)) (1.4.0)
2025-08-18T19:14:35.3023645Z Requirement already satisfied: starlette<0.38.0,>=0.37.2 in /opt/hostedtoolcache/Python/3.12.11/x64/lib/python3.12/site-packages (from fastapi==0.111.0->-r services/repricer/requirements.txt (line 4)) (0.37.2)
2025-08-18T19:14:35.3033565Z Requirement already satisfied: typing-extensions>=4.8.0 in /opt/hostedtoolcache/Python/3.12.11/x64/lib/python3.12/site-packages (from fastapi==0.111.0->-r services/repricer/requirements.txt (line 4)) (4.14.1)
2025-08-18T19:14:35.3038808Z Requirement already satisfied: fastapi-cli>=0.0.2 in /opt/hostedtoolcache/Python/3.12.11/x64/lib/python3.12/site-packages (from fastapi==0.111.0->-r services/repricer/requirements.txt (line 4)) (0.0.8)
2025-08-18T19:14:35.3043783Z Requirement already satisfied: httpx>=0.23.0 in /opt/hostedtoolcache/Python/3.12.11/x64/lib/python3.12/site-packages (from fastapi==0.111.0->-r services/repricer/requirements.txt (line 4)) (0.27.2)
2025-08-18T19:14:35.3049031Z Requirement already satisfied: jinja2>=2.11.2 in /opt/hostedtoolcache/Python/3.12.11/x64/lib/python3.12/site-packages (from fastapi==0.111.0->-r services/repricer/requirements.txt (line 4)) (3.1.5)
2025-08-18T19:14:35.3054504Z Requirement already satisfied: python-multipart>=0.0.7 in /opt/hostedtoolcache/Python/3.12.11/x64/lib/python3.12/site-packages (from fastapi==0.111.0->-r services/repricer/requirements.txt (line 4)) (0.0.20)
2025-08-18T19:14:35.3062363Z Requirement already satisfied: ujson!=4.0.2,!=4.1.0,!=4.2.0,!=4.3.0,!=5.0.0,!=5.1.0,>=4.0.1 in /opt/hostedtoolcache/Python/3.12.11/x64/lib/python3.12/site-packages (from fastapi==0.111.0->-r services/repricer/requirements.txt (line 4)) (5.10.0)
2025-08-18T19:14:35.3067554Z Requirement already satisfied: orjson>=3.2.1 in /opt/hostedtoolcache/Python/3.12.11/x64/lib/python3.12/site-packages (from fastapi==0.111.0->-r services/repricer/requirements.txt (line 4)) (3.11.2)
2025-08-18T19:14:35.3072437Z Requirement already satisfied: email_validator>=2.0.0 in /opt/hostedtoolcache/Python/3.12.11/x64/lib/python3.12/site-packages (from fastapi==0.111.0->-r services/repricer/requirements.txt (line 4)) (2.2.0)
2025-08-18T19:14:35.3119651Z Requirement already satisfied: greenlet!=0.4.17 in /opt/hostedtoolcache/Python/3.12.11/x64/lib/python3.12/site-packages (from sqlalchemy==2.0.29->-r services/repricer/requirements.txt (line 5)) (3.2.4)
2025-08-18T19:14:35.3165553Z Requirement already satisfied: botocore<1.35.0,>=1.34.162 in /opt/hostedtoolcache/Python/3.12.11/x64/lib/python3.12/site-packages (from boto3<2,>=1.16.39->python-amazon-sp-api==0.8.0->-r services/repricer/requirements.txt (line 3)) (1.34.162)
2025-08-18T19:14:35.3172160Z Requirement already satisfied: jmespath<2.0.0,>=0.7.1 in /opt/hostedtoolcache/Python/3.12.11/x64/lib/python3.12/site-packages (from boto3<2,>=1.16.39->python-amazon-sp-api==0.8.0->-r services/repricer/requirements.txt (line 3)) (1.0.1)
2025-08-18T19:14:35.3179227Z Requirement already satisfied: s3transfer<0.11.0,>=0.10.0 in /opt/hostedtoolcache/Python/3.12.11/x64/lib/python3.12/site-packages (from boto3<2,>=1.16.39->python-amazon-sp-api==0.8.0->-r services/repricer/requirements.txt (line 3)) (0.10.4)
2025-08-18T19:14:35.3196388Z Requirement already satisfied: python-dateutil<3.0.0,>=2.1 in /opt/hostedtoolcache/Python/3.12.11/x64/lib/python3.12/site-packages (from botocore<1.35.0,>=1.34.162->boto3<2,>=1.16.39->python-amazon-sp-api==0.8.0->-r services/repricer/requirements.txt (line 3)) (2.9.0.post0)
2025-08-18T19:14:35.3209179Z Requirement already satisfied: urllib3!=2.2.0,<3,>=1.25.4 in /opt/hostedtoolcache/Python/3.12.11/x64/lib/python3.12/site-packages (from botocore<1.35.0,>=1.34.162->boto3<2,>=1.16.39->python-amazon-sp-api==0.8.0->-r services/repricer/requirements.txt (line 3)) (2.5.0)
2025-08-18T19:14:35.3228287Z Requirement already satisfied: pyyaml in /opt/hostedtoolcache/Python/3.12.11/x64/lib/python3.12/site-packages (from confuse~=1.4.0->python-amazon-sp-api==0.8.0->-r services/repricer/requirements.txt (line 3)) (6.0.2)
2025-08-18T19:14:35.3256342Z Requirement already satisfied: annotated-types>=0.6.0 in /opt/hostedtoolcache/Python/3.12.11/x64/lib/python3.12/site-packages (from pydantic>=2.3.0->pydantic-settings==2.2.1->-r services/repricer/requirements.txt (line 2)) (0.7.0)
2025-08-18T19:14:35.3266509Z Requirement already satisfied: pydantic-core==2.33.2 in /opt/hostedtoolcache/Python/3.12.11/x64/lib/python3.12/site-packages (from pydantic>=2.3.0->pydantic-settings==2.2.1->-r services/repricer/requirements.txt (line 2)) (2.33.2)
2025-08-18T19:14:35.3273726Z Requirement already satisfied: typing-inspection>=0.4.0 in /opt/hostedtoolcache/Python/3.12.11/x64/lib/python3.12/site-packages (from pydantic>=2.3.0->pydantic-settings==2.2.1->-r services/repricer/requirements.txt (line 2)) (0.4.1)
2025-08-18T19:14:35.3335610Z Requirement already satisfied: anyio<5,>=3.4.0 in /opt/hostedtoolcache/Python/3.12.11/x64/lib/python3.12/site-packages (from starlette<0.38.0,>=0.37.2->fastapi==0.111.0->-r services/repricer/requirements.txt (line 4)) (4.10.0)
2025-08-18T19:14:35.3356354Z Requirement already satisfied: idna>=2.8 in /opt/hostedtoolcache/Python/3.12.11/x64/lib/python3.12/site-packages (from anyio<5,>=3.4.0->starlette<0.38.0,>=0.37.2->fastapi==0.111.0->-r services/repricer/requirements.txt (line 4)) (3.10)
2025-08-18T19:14:35.3361507Z Requirement already satisfied: sniffio>=1.1 in /opt/hostedtoolcache/Python/3.12.11/x64/lib/python3.12/site-packages (from anyio<5,>=3.4.0->starlette<0.38.0,>=0.37.2->fastapi==0.111.0->-r services/repricer/requirements.txt (line 4)) (1.3.1)
2025-08-18T19:14:35.3418258Z Requirement already satisfied: dnspython>=2.0.0 in /opt/hostedtoolcache/Python/3.12.11/x64/lib/python3.12/site-packages (from email_validator>=2.0.0->fastapi==0.111.0->-r services/repricer/requirements.txt (line 4)) (2.7.0)
2025-08-18T19:14:35.3467286Z Requirement already satisfied: typer>=0.15.1 in /opt/hostedtoolcache/Python/3.12.11/x64/lib/python3.12/site-packages (from fastapi-cli>=0.0.2->fastapi==0.111.0->-r services/repricer/requirements.txt (line 4)) (0.16.0)
2025-08-18T19:14:35.3478014Z Requirement already satisfied: rich-toolkit>=0.14.8 in /opt/hostedtoolcache/Python/3.12.11/x64/lib/python3.12/site-packages (from fastapi-cli>=0.0.2->fastapi==0.111.0->-r services/repricer/requirements.txt (line 4)) (0.15.0)
2025-08-18T19:14:35.3519228Z Requirement already satisfied: certifi in /opt/hostedtoolcache/Python/3.12.11/x64/lib/python3.12/site-packages (from httpx>=0.23.0->fastapi==0.111.0->-r services/repricer/requirements.txt (line 4)) (2025.8.3)
2025-08-18T19:14:35.3524481Z Requirement already satisfied: httpcore==1.* in /opt/hostedtoolcache/Python/3.12.11/x64/lib/python3.12/site-packages (from httpx>=0.23.0->fastapi==0.111.0->-r services/repricer/requirements.txt (line 4)) (1.0.9)
2025-08-18T19:14:35.3582154Z Requirement already satisfied: MarkupSafe>=2.0 in /opt/hostedtoolcache/Python/3.12.11/x64/lib/python3.12/site-packages (from jinja2>=2.11.2->fastapi==0.111.0->-r services/repricer/requirements.txt (line 4)) (3.0.2)
2025-08-18T19:14:35.3640264Z Requirement already satisfied: rich>=13.7.1 in /opt/hostedtoolcache/Python/3.12.11/x64/lib/python3.12/site-packages (from rich-toolkit>=0.14.8->fastapi-cli>=0.0.2->fastapi==0.111.0->-r services/repricer/requirements.txt (line 4)) (14.1.0)
2025-08-18T19:14:35.3663217Z Requirement already satisfied: markdown-it-py>=2.2.0 in /opt/hostedtoolcache/Python/3.12.11/x64/lib/python3.12/site-packages (from rich>=13.7.1->rich-toolkit>=0.14.8->fastapi-cli>=0.0.2->fastapi==0.111.0->-r services/repricer/requirements.txt (line 4)) (4.0.0)
2025-08-18T19:14:35.3670513Z Requirement already satisfied: pygments<3.0.0,>=2.13.0 in /opt/hostedtoolcache/Python/3.12.11/x64/lib/python3.12/site-packages (from rich>=13.7.1->rich-toolkit>=0.14.8->fastapi-cli>=0.0.2->fastapi==0.111.0->-r services/repricer/requirements.txt (line 4)) (2.19.2)
2025-08-18T19:14:35.3697426Z Requirement already satisfied: mdurl~=0.1 in /opt/hostedtoolcache/Python/3.12.11/x64/lib/python3.12/site-packages (from markdown-it-py>=2.2.0->rich>=13.7.1->rich-toolkit>=0.14.8->fastapi-cli>=0.0.2->fastapi==0.111.0->-r services/repricer/requirements.txt (line 4)) (0.1.2)
2025-08-18T19:14:35.3762521Z Requirement already satisfied: shellingham>=1.3.0 in /opt/hostedtoolcache/Python/3.12.11/x64/lib/python3.12/site-packages (from typer>=0.15.1->fastapi-cli>=0.0.2->fastapi==0.111.0->-r services/repricer/requirements.txt (line 4)) (1.5.4)
2025-08-18T19:14:35.3834952Z Requirement already satisfied: httptools>=0.5.0 in /opt/hostedtoolcache/Python/3.12.11/x64/lib/python3.12/site-packages (from uvicorn[standard]>=0.12.0->fastapi==0.111.0->-r services/repricer/requirements.txt (line 4)) (0.6.4)
2025-08-18T19:14:35.3851463Z Requirement already satisfied: uvloop!=0.15.0,!=0.15.1,>=0.14.0 in /opt/hostedtoolcache/Python/3.12.11/x64/lib/python3.12/site-packages (from uvicorn[standard]>=0.12.0->fastapi==0.111.0->-r services/repricer/requirements.txt (line 4)) (0.21.0)
2025-08-18T19:14:35.3859199Z Requirement already satisfied: watchfiles>=0.13 in /opt/hostedtoolcache/Python/3.12.11/x64/lib/python3.12/site-packages (from uvicorn[standard]>=0.12.0->fastapi==0.111.0->-r services/repricer/requirements.txt (line 4)) (1.1.0)
2025-08-18T19:14:35.3867990Z Requirement already satisfied: websockets>=10.4 in /opt/hostedtoolcache/Python/3.12.11/x64/lib/python3.12/site-packages (from uvicorn[standard]>=0.12.0->fastapi==0.111.0->-r services/repricer/requirements.txt (line 4)) (15.0.1)
2025-08-18T19:14:35.3998389Z Requirement already satisfied: charset_normalizer<4,>=2 in /opt/hostedtoolcache/Python/3.12.11/x64/lib/python3.12/site-packages (from requests->python-amazon-sp-api==0.8.0->-r services/repricer/requirements.txt (line 3)) (3.4.3)
2025-08-18T19:14:36.4572900Z Collecting celery==5.4.* (from celery[redis]==5.4.*->-r services/fees_h10/requirements.txt (line 1))
2025-08-18T19:14:36.4586328Z   Using cached celery-5.4.0-py3-none-any.whl.metadata (21 kB)
2025-08-18T19:14:36.4796022Z Requirement already satisfied: asyncpg in /opt/hostedtoolcache/Python/3.12.11/x64/lib/python3.12/site-packages (from -r services/fees_h10/requirements.txt (line 2)) (0.29.0)
2025-08-18T19:14:36.4800676Z Requirement already satisfied: httpx in /opt/hostedtoolcache/Python/3.12.11/x64/lib/python3.12/site-packages (from -r services/fees_h10/requirements.txt (line 3)) (0.27.2)
2025-08-18T19:14:36.4804909Z Requirement already satisfied: sqlalchemy in /opt/hostedtoolcache/Python/3.12.11/x64/lib/python3.12/site-packages (from -r services/fees_h10/requirements.txt (line 4)) (2.0.29)
2025-08-18T19:14:36.4818151Z Requirement already satisfied: billiard<5.0,>=4.2.0 in /opt/hostedtoolcache/Python/3.12.11/x64/lib/python3.12/site-packages (from celery==5.4.*->celery[redis]==5.4.*->-r services/fees_h10/requirements.txt (line 1)) (4.2.1)
2025-08-18T19:14:36.4824866Z Requirement already satisfied: kombu<6.0,>=5.3.4 in /opt/hostedtoolcache/Python/3.12.11/x64/lib/python3.12/site-packages (from celery==5.4.*->celery[redis]==5.4.*->-r services/fees_h10/requirements.txt (line 1)) (5.5.4)
2025-08-18T19:14:36.4831553Z Requirement already satisfied: vine<6.0,>=5.1.0 in /opt/hostedtoolcache/Python/3.12.11/x64/lib/python3.12/site-packages (from celery==5.4.*->celery[redis]==5.4.*->-r services/fees_h10/requirements.txt (line 1)) (5.1.0)
2025-08-18T19:14:36.4838203Z Requirement already satisfied: click<9.0,>=8.1.2 in /opt/hostedtoolcache/Python/3.12.11/x64/lib/python3.12/site-packages (from celery==5.4.*->celery[redis]==5.4.*->-r services/fees_h10/requirements.txt (line 1)) (8.2.1)
2025-08-18T19:14:36.4844415Z Requirement already satisfied: click-didyoumean>=0.3.0 in /opt/hostedtoolcache/Python/3.12.11/x64/lib/python3.12/site-packages (from celery==5.4.*->celery[redis]==5.4.*->-r services/fees_h10/requirements.txt (line 1)) (0.3.1)
2025-08-18T19:14:36.4850196Z Requirement already satisfied: click-repl>=0.2.0 in /opt/hostedtoolcache/Python/3.12.11/x64/lib/python3.12/site-packages (from celery==5.4.*->celery[redis]==5.4.*->-r services/fees_h10/requirements.txt (line 1)) (0.3.0)
2025-08-18T19:14:36.4866195Z Requirement already satisfied: click-plugins>=1.1.1 in /opt/hostedtoolcache/Python/3.12.11/x64/lib/python3.12/site-packages (from celery==5.4.*->celery[redis]==5.4.*->-r services/fees_h10/requirements.txt (line 1)) (1.1.1.2)
2025-08-18T19:14:36.4868704Z Requirement already satisfied: tzdata>=2022.7 in /opt/hostedtoolcache/Python/3.12.11/x64/lib/python3.12/site-packages (from celery==5.4.*->celery[redis]==5.4.*->-r services/fees_h10/requirements.txt (line 1)) (2025.2)
2025-08-18T19:14:36.4871243Z Requirement already satisfied: python-dateutil>=2.8.2 in /opt/hostedtoolcache/Python/3.12.11/x64/lib/python3.12/site-packages (from celery==5.4.*->celery[redis]==5.4.*->-r services/fees_h10/requirements.txt (line 1)) (2.9.0.post0)
2025-08-18T19:14:36.4911530Z Requirement already satisfied: redis!=4.5.5,<6.0.0,>=4.5.2 in /opt/hostedtoolcache/Python/3.12.11/x64/lib/python3.12/site-packages (from celery[redis]==5.4.*->-r services/fees_h10/requirements.txt (line 1)) (5.0.8)
2025-08-18T19:14:36.4933653Z Requirement already satisfied: amqp<6.0.0,>=5.1.1 in /opt/hostedtoolcache/Python/3.12.11/x64/lib/python3.12/site-packages (from kombu<6.0,>=5.3.4->celery==5.4.*->celery[redis]==5.4.*->-r services/fees_h10/requirements.txt (line 1)) (5.3.1)
2025-08-18T19:14:36.4945640Z Requirement already satisfied: packaging in /opt/hostedtoolcache/Python/3.12.11/x64/lib/python3.12/site-packages (from kombu<6.0,>=5.3.4->celery==5.4.*->celery[redis]==5.4.*->-r services/fees_h10/requirements.txt (line 1)) (25.0)
2025-08-18T19:14:36.5029468Z Requirement already satisfied: anyio in /opt/hostedtoolcache/Python/3.12.11/x64/lib/python3.12/site-packages (from httpx->-r services/fees_h10/requirements.txt (line 3)) (4.10.0)
2025-08-18T19:14:36.5034088Z Requirement already satisfied: certifi in /opt/hostedtoolcache/Python/3.12.11/x64/lib/python3.12/site-packages (from httpx->-r services/fees_h10/requirements.txt (line 3)) (2025.8.3)
2025-08-18T19:14:36.5040216Z Requirement already satisfied: httpcore==1.* in /opt/hostedtoolcache/Python/3.12.11/x64/lib/python3.12/site-packages (from httpx->-r services/fees_h10/requirements.txt (line 3)) (1.0.9)
2025-08-18T19:14:36.5044932Z Requirement already satisfied: idna in /opt/hostedtoolcache/Python/3.12.11/x64/lib/python3.12/site-packages (from httpx->-r services/fees_h10/requirements.txt (line 3)) (3.10)
2025-08-18T19:14:36.5049495Z Requirement already satisfied: sniffio in /opt/hostedtoolcache/Python/3.12.11/x64/lib/python3.12/site-packages (from httpx->-r services/fees_h10/requirements.txt (line 3)) (1.3.1)
2025-08-18T19:14:36.5074409Z Requirement already satisfied: h11>=0.16 in /opt/hostedtoolcache/Python/3.12.11/x64/lib/python3.12/site-packages (from httpcore==1.*->httpx->-r services/fees_h10/requirements.txt (line 3)) (0.16.0)
2025-08-18T19:14:36.5093756Z Requirement already satisfied: typing-extensions>=4.6.0 in /opt/hostedtoolcache/Python/3.12.11/x64/lib/python3.12/site-packages (from sqlalchemy->-r services/fees_h10/requirements.txt (line 4)) (4.14.1)
2025-08-18T19:14:36.5108881Z Requirement already satisfied: greenlet!=0.4.17 in /opt/hostedtoolcache/Python/3.12.11/x64/lib/python3.12/site-packages (from sqlalchemy->-r services/fees_h10/requirements.txt (line 4)) (3.2.4)
2025-08-18T19:14:36.5180265Z Requirement already satisfied: prompt-toolkit>=3.0.36 in /opt/hostedtoolcache/Python/3.12.11/x64/lib/python3.12/site-packages (from click-repl>=0.2.0->celery==5.4.*->celery[redis]==5.4.*->-r services/fees_h10/requirements.txt (line 1)) (3.0.51)
2025-08-18T19:14:36.5221865Z Requirement already satisfied: wcwidth in /opt/hostedtoolcache/Python/3.12.11/x64/lib/python3.12/site-packages (from prompt-toolkit>=3.0.36->click-repl>=0.2.0->celery==5.4.*->celery[redis]==5.4.*->-r services/fees_h10/requirements.txt (line 1)) (0.2.13)
2025-08-18T19:14:36.5236248Z Requirement already satisfied: six>=1.5 in /opt/hostedtoolcache/Python/3.12.11/x64/lib/python3.12/site-packages (from python-dateutil>=2.8.2->celery==5.4.*->celery[redis]==5.4.*->-r services/fees_h10/requirements.txt (line 1)) (1.17.0)
2025-08-18T19:14:36.5346270Z Using cached celery-5.4.0-py3-none-any.whl (425 kB)
2025-08-18T19:14:36.6533790Z Installing collected packages: celery
2025-08-18T19:14:36.6535203Z   Attempting uninstall: celery
2025-08-18T19:14:36.6579815Z     Found existing installation: celery 5.3.6
2025-08-18T19:14:36.6722147Z     Uninstalling celery-5.3.6:
2025-08-18T19:14:36.6749623Z       Successfully uninstalled celery-5.3.6
2025-08-18T19:14:36.9983582Z Successfully installed celery-5.4.0
2025-08-18T19:14:37.8577234Z Collecting python-telegram-bot==20.8 (from -r services/alert_bot/requirements.txt (line 1))
2025-08-18T19:14:37.8589789Z   Using cached python_telegram_bot-20.8-py3-none-any.whl.metadata (15 kB)
2025-08-18T19:14:37.8784359Z Collecting APScheduler==3.10.4 (from -r services/alert_bot/requirements.txt (line 2))
2025-08-18T19:14:37.8795538Z   Using cached APScheduler-3.10.4-py3-none-any.whl.metadata (5.7 kB)
2025-08-18T19:14:37.8838706Z Requirement already satisfied: asyncpg in /opt/hostedtoolcache/Python/3.12.11/x64/lib/python3.12/site-packages (from -r services/alert_bot/requirements.txt (line 3)) (0.29.0)
2025-08-18T19:14:37.9008567Z Collecting httpx~=0.26.0 (from python-telegram-bot==20.8->-r services/alert_bot/requirements.txt (line 1))
2025-08-18T19:14:37.9019890Z   Using cached httpx-0.26.0-py3-none-any.whl.metadata (7.6 kB)
2025-08-18T19:14:37.9059010Z Requirement already satisfied: six>=1.4.0 in /opt/hostedtoolcache/Python/3.12.11/x64/lib/python3.12/site-packages (from APScheduler==3.10.4->-r services/alert_bot/requirements.txt (line 2)) (1.17.0)
2025-08-18T19:14:37.9062647Z Requirement already satisfied: pytz in /opt/hostedtoolcache/Python/3.12.11/x64/lib/python3.12/site-packages (from APScheduler==3.10.4->-r services/alert_bot/requirements.txt (line 2)) (2025.2)
2025-08-18T19:14:37.9191721Z Collecting tzlocal!=3.*,>=2.0 (from APScheduler==3.10.4->-r services/alert_bot/requirements.txt (line 2))
2025-08-18T19:14:37.9202484Z   Using cached tzlocal-5.3.1-py3-none-any.whl.metadata (7.6 kB)
2025-08-18T19:14:37.9233217Z Requirement already satisfied: anyio in /opt/hostedtoolcache/Python/3.12.11/x64/lib/python3.12/site-packages (from httpx~=0.26.0->python-telegram-bot==20.8->-r services/alert_bot/requirements.txt (line 1)) (4.10.0)
2025-08-18T19:14:37.9237188Z Requirement already satisfied: certifi in /opt/hostedtoolcache/Python/3.12.11/x64/lib/python3.12/site-packages (from httpx~=0.26.0->python-telegram-bot==20.8->-r services/alert_bot/requirements.txt (line 1)) (2025.8.3)
2025-08-18T19:14:37.9242052Z Requirement already satisfied: httpcore==1.* in /opt/hostedtoolcache/Python/3.12.11/x64/lib/python3.12/site-packages (from httpx~=0.26.0->python-telegram-bot==20.8->-r services/alert_bot/requirements.txt (line 1)) (1.0.9)
2025-08-18T19:14:37.9245497Z Requirement already satisfied: idna in /opt/hostedtoolcache/Python/3.12.11/x64/lib/python3.12/site-packages (from httpx~=0.26.0->python-telegram-bot==20.8->-r services/alert_bot/requirements.txt (line 1)) (3.10)
2025-08-18T19:14:37.9249208Z Requirement already satisfied: sniffio in /opt/hostedtoolcache/Python/3.12.11/x64/lib/python3.12/site-packages (from httpx~=0.26.0->python-telegram-bot==20.8->-r services/alert_bot/requirements.txt (line 1)) (1.3.1)
2025-08-18T19:14:37.9263674Z Requirement already satisfied: h11>=0.16 in /opt/hostedtoolcache/Python/3.12.11/x64/lib/python3.12/site-packages (from httpcore==1.*->httpx~=0.26.0->python-telegram-bot==20.8->-r services/alert_bot/requirements.txt (line 1)) (0.16.0)
2025-08-18T19:14:37.9313228Z Requirement already satisfied: typing_extensions>=4.5 in /opt/hostedtoolcache/Python/3.12.11/x64/lib/python3.12/site-packages (from anyio->httpx~=0.26.0->python-telegram-bot==20.8->-r services/alert_bot/requirements.txt (line 1)) (4.14.1)
2025-08-18T19:14:37.9363733Z Using cached python_telegram_bot-20.8-py3-none-any.whl (604 kB)
2025-08-18T19:14:37.9380582Z Using cached APScheduler-3.10.4-py3-none-any.whl (59 kB)
2025-08-18T19:14:37.9391525Z Using cached httpx-0.26.0-py3-none-any.whl (75 kB)
2025-08-18T19:14:37.9402682Z Using cached tzlocal-5.3.1-py3-none-any.whl (18 kB)
2025-08-18T19:14:38.0756136Z Installing collected packages: tzlocal, httpx, APScheduler, python-telegram-bot
2025-08-18T19:14:38.0875295Z   Attempting uninstall: httpx
2025-08-18T19:14:38.0905901Z     Found existing installation: httpx 0.27.2
2025-08-18T19:14:38.0943712Z     Uninstalling httpx-0.27.2:
2025-08-18T19:14:38.0957480Z       Successfully uninstalled httpx-0.27.2
2025-08-18T19:14:38.5025176Z 
2025-08-18T19:14:38.5106679Z Successfully installed APScheduler-3.10.4 httpx-0.26.0 python-telegram-bot-20.8 tzlocal-5.3.1
2025-08-18T19:14:39.0076025Z Collecting Jinja2==3.1.6 (from -r requirements-dev.txt (line 2))
2025-08-18T19:14:39.0088401Z   Using cached jinja2-3.1.6-py3-none-any.whl.metadata (2.9 kB)
2025-08-18T19:14:39.0109589Z Requirement already satisfied: alembic==1.13.1 in /opt/hostedtoolcache/Python/3.12.11/x64/lib/python3.12/site-packages (from -r requirements-dev.txt (line 3)) (1.13.1)
2025-08-18T19:14:39.0113756Z Requirement already satisfied: apscheduler==3.10.4 in /opt/hostedtoolcache/Python/3.12.11/x64/lib/python3.12/site-packages (from -r requirements-dev.txt (line 4)) (3.10.4)
2025-08-18T19:14:39.0118285Z Requirement already satisfied: asgi-correlation-id==4.3.1 in /opt/hostedtoolcache/Python/3.12.11/x64/lib/python3.12/site-packages (from -r requirements-dev.txt (line 5)) (4.3.1)
2025-08-18T19:14:39.0479996Z Collecting asyncpg==0.30.0 (from -r requirements-dev.txt (line 6))
2025-08-18T19:14:39.0491874Z   Using cached asyncpg-0.30.0-cp312-cp312-manylinux_2_17_x86_64.manylinux2014_x86_64.whl.metadata (5.0 kB)
2025-08-18T19:14:39.0919201Z Collecting black==25.1.0 (from -r requirements-dev.txt (line 7))
2025-08-18T19:14:39.0930695Z   Using cached black-25.1.0-cp312-cp312-manylinux_2_17_x86_64.manylinux2014_x86_64.manylinux_2_28_x86_64.whl.metadata (81 kB)
2025-08-18T19:14:39.1010033Z Requirement already satisfied: boto3 in /opt/hostedtoolcache/Python/3.12.11/x64/lib/python3.12/site-packages (from -r requirements-dev.txt (line 8)) (1.34.162)
2025-08-18T19:14:39.1014457Z Requirement already satisfied: redis==5.* in /opt/hostedtoolcache/Python/3.12.11/x64/lib/python3.12/site-packages (from -r requirements-dev.txt (line 9)) (5.0.8)
2025-08-18T19:14:39.1018640Z Requirement already satisfied: minio==7.* in /opt/hostedtoolcache/Python/3.12.11/x64/lib/python3.12/site-packages (from -r requirements-dev.txt (line 10)) (7.1.15)
2025-08-18T19:14:39.1022451Z Requirement already satisfied: celery==5.4.0 in /opt/hostedtoolcache/Python/3.12.11/x64/lib/python3.12/site-packages (from -r requirements-dev.txt (line 11)) (5.4.0)
2025-08-18T19:14:39.1485225Z Collecting fastapi==0.116.1 (from -r requirements-dev.txt (line 12))
2025-08-18T19:14:39.1497802Z   Using cached fastapi-0.116.1-py3-none-any.whl.metadata (28 kB)
2025-08-18T19:14:39.1567233Z Requirement already satisfied: fastapi-limiter==0.1.6 in /opt/hostedtoolcache/Python/3.12.11/x64/lib/python3.12/site-packages (from -r requirements-dev.txt (line 14)) (0.1.6)
2025-08-18T19:14:39.1756910Z Collecting httpx<0.29,>=0.27 (from -r requirements-dev.txt (line 15))
2025-08-18T19:14:39.1841406Z   Using cached httpx-0.28.1-py3-none-any.whl.metadata (7.1 kB)
2025-08-18T19:14:39.1973178Z Collecting imapclient==3.0.1 (from -r requirements-dev.txt (line 16))
2025-08-18T19:14:39.1984398Z   Using cached IMAPClient-3.0.1-py2.py3-none-any.whl.metadata (1.7 kB)
2025-08-18T19:14:39.2082644Z Collecting itsdangerous (from -r requirements-dev.txt (line 17))
2025-08-18T19:14:39.2093705Z   Using cached itsdangerous-2.2.0-py3-none-any.whl.metadata (1.9 kB)
2025-08-18T19:14:39.3034129Z Collecting mypy==1.* (from -r requirements-dev.txt (line 18))
2025-08-18T19:14:39.3046399Z   Using cached mypy-1.17.1-cp312-cp312-manylinux2014_x86_64.manylinux_2_17_x86_64.manylinux_2_28_x86_64.whl.metadata (2.2 kB)
2025-08-18T19:14:39.3073482Z Requirement already satisfied: mypy-extensions==1.1.0 in /opt/hostedtoolcache/Python/3.12.11/x64/lib/python3.12/site-packages (from -r requirements-dev.txt (line 19)) (1.1.0)
2025-08-18T19:14:39.3078086Z Requirement already satisfied: numpy<2 in /opt/hostedtoolcache/Python/3.12.11/x64/lib/python3.12/site-packages (from -r requirements-dev.txt (line 20)) (1.26.4)
2025-08-18T19:14:39.3082088Z Requirement already satisfied: openpyxl==3.1.5 in /opt/hostedtoolcache/Python/3.12.11/x64/lib/python3.12/site-packages (from -r requirements-dev.txt (line 21)) (3.1.5)
2025-08-18T19:14:39.3086326Z Requirement already satisfied: pandas==2.2.* in /opt/hostedtoolcache/Python/3.12.11/x64/lib/python3.12/site-packages (from -r requirements-dev.txt (line 22)) (2.2.3)
2025-08-18T19:14:39.3630701Z Collecting psycopg2-binary==2.9.9 (from -r requirements-dev.txt (line 23))
2025-08-18T19:14:39.3642151Z   Using cached psycopg2_binary-2.9.9-cp312-cp312-manylinux_2_17_x86_64.manylinux2014_x86_64.whl.metadata (4.4 kB)
2025-08-18T19:14:39.3661414Z Requirement already satisfied: psycopg==3.2.9 in /opt/hostedtoolcache/Python/3.12.11/x64/lib/python3.12/site-packages (from psycopg[binary]==3.2.9->-r requirements-dev.txt (line 24)) (3.2.9)
2025-08-18T19:14:39.3665623Z Requirement already satisfied: pydantic==2.11.7 in /opt/hostedtoolcache/Python/3.12.11/x64/lib/python3.12/site-packages (from -r requirements-dev.txt (line 25)) (2.11.7)
2025-08-18T19:14:39.4820141Z Collecting setuptools (from -r requirements-dev.txt (line 26))
2025-08-18T19:14:39.4831916Z   Using cached setuptools-80.9.0-py3-none-any.whl.metadata (6.6 kB)
2025-08-18T19:14:39.5084936Z Collecting pytest-asyncio==0.23.6 (from -r requirements-dev.txt (line 27))
2025-08-18T19:14:39.5097067Z   Using cached pytest_asyncio-0.23.6-py3-none-any.whl.metadata (3.9 kB)
2025-08-18T19:14:39.5228534Z Collecting pytest-cov==6.2.1 (from -r requirements-dev.txt (line 28))
2025-08-18T19:14:39.5239559Z   Using cached pytest_cov-6.2.1-py3-none-any.whl.metadata (30 kB)
2025-08-18T19:14:39.5416514Z Collecting pytest-postgresql==7.0.2 (from -r requirements-dev.txt (line 29))
2025-08-18T19:14:39.5427311Z   Using cached pytest_postgresql-7.0.2-py3-none-any.whl.metadata (18 kB)
2025-08-18T19:14:39.5456820Z Requirement already satisfied: python-dotenv in /opt/hostedtoolcache/Python/3.12.11/x64/lib/python3.12/site-packages (from -r requirements-dev.txt (line 30)) (1.1.1)
2025-08-18T19:14:39.5460435Z Requirement already satisfied: python-multipart in /opt/hostedtoolcache/Python/3.12.11/x64/lib/python3.12/site-packages (from -r requirements-dev.txt (line 31)) (0.0.20)
2025-08-18T19:14:39.5726596Z Collecting python-telegram-bot==22.2 (from -r requirements-dev.txt (line 32))
2025-08-18T19:14:39.5738072Z   Using cached python_telegram_bot-22.2-py3-none-any.whl.metadata (17 kB)
2025-08-18T19:14:39.5799714Z Requirement already satisfied: requests==2.32.4 in /opt/hostedtoolcache/Python/3.12.11/x64/lib/python3.12/site-packages (from -r requirements-dev.txt (line 33)) (2.32.4)
2025-08-18T19:14:39.5923061Z Collecting respx==0.22.0 (from -r requirements-dev.txt (line 34))
2025-08-18T19:14:39.5933776Z   Using cached respx-0.22.0-py2.py3-none-any.whl.metadata (4.1 kB)
2025-08-18T19:14:39.9602522Z Collecting ruff==0.4.4 (from -r requirements-dev.txt (line 35))
2025-08-18T19:14:39.9616376Z   Using cached ruff-0.4.4-py3-none-manylinux_2_17_x86_64.manylinux2014_x86_64.whl.metadata (23 kB)
2025-08-18T19:14:39.9648364Z Requirement already satisfied: sqlalchemy==2.0.29 in /opt/hostedtoolcache/Python/3.12.11/x64/lib/python3.12/site-packages (from -r requirements-dev.txt (line 36)) (2.0.29)
2025-08-18T19:14:39.9653211Z Requirement already satisfied: structlog==24.1.0 in /opt/hostedtoolcache/Python/3.12.11/x64/lib/python3.12/site-packages (from -r requirements-dev.txt (line 37)) (24.1.0)
2025-08-18T19:14:39.9794760Z Collecting testcontainers==4.10.0 (from testcontainers[postgres]==4.10.0->-r requirements-dev.txt (line 38))
2025-08-18T19:14:39.9807059Z   Using cached testcontainers-4.10.0-py3-none-any.whl.metadata (7.8 kB)
2025-08-18T19:14:40.0156571Z Collecting types-requests==2.32.0.20240602 (from -r requirements-dev.txt (line 39))
2025-08-18T19:14:40.0168285Z   Using cached types_requests-2.32.0.20240602-py3-none-any.whl.metadata (1.8 kB)
2025-08-18T19:14:40.0333555Z Collecting docspec-python==2.2.2 (from -r requirements-dev.txt (line 40))
2025-08-18T19:14:40.0344803Z   Using cached docspec_python-2.2.2-py3-none-any.whl.metadata (1.0 kB)
2025-08-18T19:14:40.0508803Z Collecting pydoc-markdown==4.8.2 (from -r requirements-dev.txt (line 41))
2025-08-18T19:14:40.0520401Z   Using cached pydoc_markdown-4.8.2-py3-none-any.whl.metadata (5.9 kB)
2025-08-18T19:14:40.0552023Z Requirement already satisfied: pandera==0.19.* in /opt/hostedtoolcache/Python/3.12.11/x64/lib/python3.12/site-packages (from -r requirements-dev.txt (line 42)) (0.19.3)
2025-08-18T19:14:40.0569970Z Requirement already satisfied: MarkupSafe>=2.0 in /opt/hostedtoolcache/Python/3.12.11/x64/lib/python3.12/site-packages (from Jinja2==3.1.6->-r requirements-dev.txt (line 2)) (3.0.2)
2025-08-18T19:14:40.0586842Z Requirement already satisfied: Mako in /opt/hostedtoolcache/Python/3.12.11/x64/lib/python3.12/site-packages (from alembic==1.13.1->-r requirements-dev.txt (line 3)) (1.3.10)
2025-08-18T19:14:40.0593070Z Requirement already satisfied: typing-extensions>=4 in /opt/hostedtoolcache/Python/3.12.11/x64/lib/python3.12/site-packages (from alembic==1.13.1->-r requirements-dev.txt (line 3)) (4.14.1)
2025-08-18T19:14:40.0611284Z Requirement already satisfied: six>=1.4.0 in /opt/hostedtoolcache/Python/3.12.11/x64/lib/python3.12/site-packages (from apscheduler==3.10.4->-r requirements-dev.txt (line 4)) (1.17.0)
2025-08-18T19:14:40.0616417Z Requirement already satisfied: pytz in /opt/hostedtoolcache/Python/3.12.11/x64/lib/python3.12/site-packages (from apscheduler==3.10.4->-r requirements-dev.txt (line 4)) (2025.2)
2025-08-18T19:14:40.0623676Z Requirement already satisfied: tzlocal!=3.*,>=2.0 in /opt/hostedtoolcache/Python/3.12.11/x64/lib/python3.12/site-packages (from apscheduler==3.10.4->-r requirements-dev.txt (line 4)) (5.3.1)
2025-08-18T19:14:40.0656739Z Requirement already satisfied: starlette>=0.18 in /opt/hostedtoolcache/Python/3.12.11/x64/lib/python3.12/site-packages (from asgi-correlation-id==4.3.1->-r requirements-dev.txt (line 5)) (0.37.2)
2025-08-18T19:14:40.0678371Z Requirement already satisfied: click>=8.0.0 in /opt/hostedtoolcache/Python/3.12.11/x64/lib/python3.12/site-packages (from black==25.1.0->-r requirements-dev.txt (line 7)) (8.2.1)
2025-08-18T19:14:40.0684023Z Requirement already satisfied: packaging>=22.0 in /opt/hostedtoolcache/Python/3.12.11/x64/lib/python3.12/site-packages (from black==25.1.0->-r requirements-dev.txt (line 7)) (25.0)
2025-08-18T19:14:40.0783731Z Collecting pathspec>=0.9.0 (from black==25.1.0->-r requirements-dev.txt (line 7))
2025-08-18T19:14:40.0795307Z   Using cached pathspec-0.12.1-py3-none-any.whl.metadata (21 kB)
2025-08-18T19:14:40.1006581Z Collecting platformdirs>=2 (from black==25.1.0->-r requirements-dev.txt (line 7))
2025-08-18T19:14:40.1018170Z   Using cached platformdirs-4.3.8-py3-none-any.whl.metadata (12 kB)
2025-08-18T19:14:40.1070211Z Requirement already satisfied: billiard<5.0,>=4.2.0 in /opt/hostedtoolcache/Python/3.12.11/x64/lib/python3.12/site-packages (from celery==5.4.0->-r requirements-dev.txt (line 11)) (4.2.1)
2025-08-18T19:14:40.1078064Z Requirement already satisfied: kombu<6.0,>=5.3.4 in /opt/hostedtoolcache/Python/3.12.11/x64/lib/python3.12/site-packages (from celery==5.4.0->-r requirements-dev.txt (line 11)) (5.5.4)
2025-08-18T19:14:40.1085701Z Requirement already satisfied: vine<6.0,>=5.1.0 in /opt/hostedtoolcache/Python/3.12.11/x64/lib/python3.12/site-packages (from celery==5.4.0->-r requirements-dev.txt (line 11)) (5.1.0)
2025-08-18T19:14:40.1095569Z Requirement already satisfied: click-didyoumean>=0.3.0 in /opt/hostedtoolcache/Python/3.12.11/x64/lib/python3.12/site-packages (from celery==5.4.0->-r requirements-dev.txt (line 11)) (0.3.1)
2025-08-18T19:14:40.1102080Z Requirement already satisfied: click-repl>=0.2.0 in /opt/hostedtoolcache/Python/3.12.11/x64/lib/python3.12/site-packages (from celery==5.4.0->-r requirements-dev.txt (line 11)) (0.3.0)
2025-08-18T19:14:40.1108786Z Requirement already satisfied: click-plugins>=1.1.1 in /opt/hostedtoolcache/Python/3.12.11/x64/lib/python3.12/site-packages (from celery==5.4.0->-r requirements-dev.txt (line 11)) (1.1.1.2)
2025-08-18T19:14:40.1115347Z Requirement already satisfied: tzdata>=2022.7 in /opt/hostedtoolcache/Python/3.12.11/x64/lib/python3.12/site-packages (from celery==5.4.0->-r requirements-dev.txt (line 11)) (2025.2)
2025-08-18T19:14:40.1122496Z Requirement already satisfied: python-dateutil>=2.8.2 in /opt/hostedtoolcache/Python/3.12.11/x64/lib/python3.12/site-packages (from celery==5.4.0->-r requirements-dev.txt (line 11)) (2.9.0.post0)
2025-08-18T19:14:40.1469637Z Collecting starlette>=0.18 (from asgi-correlation-id==4.3.1->-r requirements-dev.txt (line 5))
2025-08-18T19:14:40.1481364Z   Using cached starlette-0.47.2-py3-none-any.whl.metadata (6.2 kB)
2025-08-18T19:14:40.1527653Z Requirement already satisfied: annotated-types>=0.6.0 in /opt/hostedtoolcache/Python/3.12.11/x64/lib/python3.12/site-packages (from pydantic==2.11.7->-r requirements-dev.txt (line 25)) (0.7.0)
2025-08-18T19:14:40.1533549Z Requirement already satisfied: pydantic-core==2.33.2 in /opt/hostedtoolcache/Python/3.12.11/x64/lib/python3.12/site-packages (from pydantic==2.11.7->-r requirements-dev.txt (line 25)) (2.33.2)
2025-08-18T19:14:40.1541711Z Requirement already satisfied: typing-inspection>=0.4.0 in /opt/hostedtoolcache/Python/3.12.11/x64/lib/python3.12/site-packages (from pydantic==2.11.7->-r requirements-dev.txt (line 25)) (0.4.1)
2025-08-18T19:14:40.1591375Z Requirement already satisfied: et-xmlfile in /opt/hostedtoolcache/Python/3.12.11/x64/lib/python3.12/site-packages (from openpyxl==3.1.5->-r requirements-dev.txt (line 21)) (2.0.0)
2025-08-18T19:14:40.1974597Z Collecting pytest<9,>=7.0.0 (from pytest-asyncio==0.23.6->-r requirements-dev.txt (line 27))
2025-08-18T19:14:40.1986216Z   Using cached pytest-8.4.1-py3-none-any.whl.metadata (7.7 kB)
2025-08-18T19:14:40.5039042Z Collecting coverage>=7.5 (from coverage[toml]>=7.5->pytest-cov==6.2.1->-r requirements-dev.txt (line 28))
2025-08-18T19:14:40.5051991Z   Using cached coverage-7.10.4-cp312-cp312-manylinux1_x86_64.manylinux_2_28_x86_64.manylinux_2_5_x86_64.whl.metadata (8.9 kB)
2025-08-18T19:14:40.5193043Z Collecting pluggy>=1.2 (from pytest-cov==6.2.1->-r requirements-dev.txt (line 28))
2025-08-18T19:14:40.5203718Z   Using cached pluggy-1.6.0-py3-none-any.whl.metadata (4.8 kB)
2025-08-18T19:14:40.5447565Z Collecting port-for>=0.7.3 (from pytest-postgresql==7.0.2->-r requirements-dev.txt (line 29))
2025-08-18T19:14:40.5458308Z   Using cached port_for-0.7.4-py3-none-any.whl.metadata (7.1 kB)
2025-08-18T19:14:40.5589420Z Collecting mirakuru>=2.6.0 (from pytest-postgresql==7.0.2->-r requirements-dev.txt (line 29))
2025-08-18T19:14:40.5600582Z   Using cached mirakuru-2.6.1-py3-none-any.whl.metadata (10 kB)
2025-08-18T19:14:40.5652758Z Requirement already satisfied: charset_normalizer<4,>=2 in /opt/hostedtoolcache/Python/3.12.11/x64/lib/python3.12/site-packages (from requests==2.32.4->-r requirements-dev.txt (line 33)) (3.4.3)
2025-08-18T19:14:40.5658298Z Requirement already satisfied: idna<4,>=2.5 in /opt/hostedtoolcache/Python/3.12.11/x64/lib/python3.12/site-packages (from requests==2.32.4->-r requirements-dev.txt (line 33)) (3.10)
2025-08-18T19:14:40.5663520Z Requirement already satisfied: urllib3<3,>=1.21.1 in /opt/hostedtoolcache/Python/3.12.11/x64/lib/python3.12/site-packages (from requests==2.32.4->-r requirements-dev.txt (line 33)) (2.5.0)
2025-08-18T19:14:40.5668314Z Requirement already satisfied: certifi>=2017.4.17 in /opt/hostedtoolcache/Python/3.12.11/x64/lib/python3.12/site-packages (from requests==2.32.4->-r requirements-dev.txt (line 33)) (2025.8.3)
2025-08-18T19:14:40.5779827Z Requirement already satisfied: greenlet!=0.4.17 in /opt/hostedtoolcache/Python/3.12.11/x64/lib/python3.12/site-packages (from sqlalchemy==2.0.29->-r requirements-dev.txt (line 36)) (3.2.4)
2025-08-18T19:14:40.6021897Z Collecting docker (from testcontainers==4.10.0->testcontainers[postgres]==4.10.0->-r requirements-dev.txt (line 38))
2025-08-18T19:14:40.6032513Z   Using cached docker-7.1.0-py3-none-any.whl.metadata (3.8 kB)
2025-08-18T19:14:40.6071184Z Requirement already satisfied: wrapt in /opt/hostedtoolcache/Python/3.12.11/x64/lib/python3.12/site-packages (from testcontainers==4.10.0->testcontainers[postgres]==4.10.0->-r requirements-dev.txt (line 38)) (1.17.3)
2025-08-18T19:14:40.6219050Z Collecting docspec==2.2.1 (from docspec-python==2.2.2->-r requirements-dev.txt (line 40))
2025-08-18T19:14:40.6232077Z   Using cached docspec-2.2.1-py3-none-any.whl.metadata (1.5 kB)
2025-08-18T19:14:40.6381915Z Collecting nr-util>=0.8.12 (from docspec-python==2.2.2->-r requirements-dev.txt (line 40))
2025-08-18T19:14:40.6393348Z   Using cached nr.util-0.8.12-py3-none-any.whl.metadata (813 bytes)
2025-08-18T19:14:40.6424825Z Requirement already satisfied: PyYAML<7.0,>=5.0 in /opt/hostedtoolcache/Python/3.12.11/x64/lib/python3.12/site-packages (from pydoc-markdown==4.8.2->-r requirements-dev.txt (line 41)) (6.0.2)
2025-08-18T19:14:40.6635104Z Collecting databind.core<5.0.0,>=4.4.0 (from pydoc-markdown==4.8.2->-r requirements-dev.txt (line 41))
2025-08-18T19:14:40.6646729Z   Using cached databind.core-4.5.2-py3-none-any.whl.metadata (1.1 kB)
2025-08-18T19:14:40.6858631Z Collecting databind.json<5.0.0,>=4.4.0 (from pydoc-markdown==4.8.2->-r requirements-dev.txt (line 41))
2025-08-18T19:14:40.6870133Z   Using cached databind.json-4.5.2-py3-none-any.whl.metadata (1.1 kB)
2025-08-18T19:14:40.7000357Z Collecting docstring-parser<0.12,>=0.11 (from pydoc-markdown==4.8.2->-r requirements-dev.txt (line 41))
2025-08-18T19:14:40.7001841Z   Using cached docstring_parser-0.11-py3-none-any.whl
2025-08-18T19:14:40.7244539Z Collecting tomli<3.0.0,>=2.0.0 (from pydoc-markdown==4.8.2->-r requirements-dev.txt (line 41))
2025-08-18T19:14:40.7256399Z   Using cached tomli-2.2.1-cp312-cp312-manylinux_2_17_x86_64.manylinux2014_x86_64.whl.metadata (11 kB)
2025-08-18T19:14:40.7360939Z Collecting tomli_w<2.0.0,>=1.0.0 (from pydoc-markdown==4.8.2->-r requirements-dev.txt (line 41))
2025-08-18T19:14:40.7372163Z   Using cached tomli_w-1.2.0-py3-none-any.whl.metadata (5.7 kB)
2025-08-18T19:14:40.8087332Z Collecting watchdog (from pydoc-markdown==4.8.2->-r requirements-dev.txt (line 41))
2025-08-18T19:14:40.8100185Z   Using cached watchdog-6.0.0-py3-none-manylinux2014_x86_64.whl.metadata (44 kB)
2025-08-18T19:14:40.8298776Z Collecting yapf>=0.30.0 (from pydoc-markdown==4.8.2->-r requirements-dev.txt (line 41))
2025-08-18T19:14:40.8309758Z   Using cached yapf-0.43.0-py3-none-any.whl.metadata (46 kB)
2025-08-18T19:14:40.8486004Z Collecting Deprecated<2.0.0,>=1.2.12 (from docspec==2.2.1->docspec-python==2.2.2->-r requirements-dev.txt (line 40))
2025-08-18T19:14:40.8496848Z   Using cached Deprecated-1.2.18-py2.py3-none-any.whl.metadata (5.7 kB)
2025-08-18T19:14:40.8670065Z Requirement already satisfied: psycopg-binary==3.2.9 in /opt/hostedtoolcache/Python/3.12.11/x64/lib/python3.12/site-packages (from psycopg[binary]==3.2.9->-r requirements-dev.txt (line 24)) (3.2.9)
2025-08-18T19:14:40.8775666Z Requirement already satisfied: anyio in /opt/hostedtoolcache/Python/3.12.11/x64/lib/python3.12/site-packages (from httpx<0.29,>=0.27->-r requirements-dev.txt (line 15)) (4.10.0)
2025-08-18T19:14:40.8781069Z Requirement already satisfied: httpcore==1.* in /opt/hostedtoolcache/Python/3.12.11/x64/lib/python3.12/site-packages (from httpx<0.29,>=0.27->-r requirements-dev.txt (line 15)) (1.0.9)
2025-08-18T19:14:40.9001132Z Requirement already satisfied: multimethod<=1.10.0 in /opt/hostedtoolcache/Python/3.12.11/x64/lib/python3.12/site-packages (from pandera==0.19.*->-r requirements-dev.txt (line 42)) (1.10)
2025-08-18T19:14:40.9015610Z Requirement already satisfied: typeguard in /opt/hostedtoolcache/Python/3.12.11/x64/lib/python3.12/site-packages (from pandera==0.19.*->-r requirements-dev.txt (line 42)) (4.4.4)
2025-08-18T19:14:40.9021135Z Requirement already satisfied: typing-inspect>=0.6.0 in /opt/hostedtoolcache/Python/3.12.11/x64/lib/python3.12/site-packages (from pandera==0.19.*->-r requirements-dev.txt (line 42)) (0.9.0)
2025-08-18T19:14:40.9290749Z Collecting databind<5.0.0,>=4.5.2 (from databind.core<5.0.0,>=4.4.0->pydoc-markdown==4.8.2->-r requirements-dev.txt (line 41))
2025-08-18T19:14:40.9301613Z   Using cached databind-4.5.2-py3-none-any.whl.metadata (4.3 kB)
2025-08-18T19:14:40.9413212Z Collecting nr-date<3.0.0,>=2.0.0 (from databind<5.0.0,>=4.5.2->databind.core<5.0.0,>=4.4.0->pydoc-markdown==4.8.2->-r requirements-dev.txt (line 41))
2025-08-18T19:14:40.9424317Z   Using cached nr_date-2.1.0-py3-none-any.whl.metadata (746 bytes)
2025-08-18T19:14:40.9657688Z Collecting nr-stream<2.0.0,>=1.0.0 (from databind<5.0.0,>=4.5.2->databind.core<5.0.0,>=4.4.0->pydoc-markdown==4.8.2->-r requirements-dev.txt (line 41))
2025-08-18T19:14:40.9669273Z   Using cached nr_stream-1.1.5-py3-none-any.whl.metadata (3.6 kB)
2025-08-18T19:14:40.9817448Z Collecting typeapi<3,>=2.0.1 (from databind<5.0.0,>=4.5.2->databind.core<5.0.0,>=4.4.0->pydoc-markdown==4.8.2->-r requirements-dev.txt (line 41))
2025-08-18T19:14:40.9828962Z   Using cached typeapi-2.2.4-py3-none-any.whl.metadata (1.5 kB)
2025-08-18T19:14:40.9924822Z Requirement already satisfied: h11>=0.16 in /opt/hostedtoolcache/Python/3.12.11/x64/lib/python3.12/site-packages (from httpcore==1.*->httpx<0.29,>=0.27->-r requirements-dev.txt (line 15)) (0.16.0)
2025-08-18T19:14:40.9967186Z Requirement already satisfied: amqp<6.0.0,>=5.1.1 in /opt/hostedtoolcache/Python/3.12.11/x64/lib/python3.12/site-packages (from kombu<6.0,>=5.3.4->celery==5.4.0->-r requirements-dev.txt (line 11)) (5.3.1)
2025-08-18T19:14:41.0233010Z Collecting iniconfig>=1 (from pytest<9,>=7.0.0->pytest-asyncio==0.23.6->-r requirements-dev.txt (line 27))
2025-08-18T19:14:41.0244008Z   Using cached iniconfig-2.1.0-py3-none-any.whl.metadata (2.7 kB)
2025-08-18T19:14:41.0286290Z Requirement already satisfied: pygments>=2.7.2 in /opt/hostedtoolcache/Python/3.12.11/x64/lib/python3.12/site-packages (from pytest<9,>=7.0.0->pytest-asyncio==0.23.6->-r requirements-dev.txt (line 27)) (2.19.2)
2025-08-18T19:14:41.0370301Z Requirement already satisfied: sniffio>=1.1 in /opt/hostedtoolcache/Python/3.12.11/x64/lib/python3.12/site-packages (from anyio->httpx<0.29,>=0.27->-r requirements-dev.txt (line 15)) (1.3.1)
2025-08-18T19:14:41.0518991Z Requirement already satisfied: botocore<1.35.0,>=1.34.162 in /opt/hostedtoolcache/Python/3.12.11/x64/lib/python3.12/site-packages (from boto3->-r requirements-dev.txt (line 8)) (1.34.162)
2025-08-18T19:14:41.0525782Z Requirement already satisfied: jmespath<2.0.0,>=0.7.1 in /opt/hostedtoolcache/Python/3.12.11/x64/lib/python3.12/site-packages (from boto3->-r requirements-dev.txt (line 8)) (1.0.1)
2025-08-18T19:14:41.0531890Z Requirement already satisfied: s3transfer<0.11.0,>=0.10.0 in /opt/hostedtoolcache/Python/3.12.11/x64/lib/python3.12/site-packages (from boto3->-r requirements-dev.txt (line 8)) (0.10.4)
2025-08-18T19:14:41.0654391Z Requirement already satisfied: fastapi-cli>=0.0.8 in /opt/hostedtoolcache/Python/3.12.11/x64/lib/python3.12/site-packages (from fastapi-cli[standard]>=0.0.8; extra == "all"->fastapi[all]->-r requirements-dev.txt (line 13)) (0.0.8)
2025-08-18T19:14:41.0761763Z Requirement already satisfied: ujson!=4.0.2,!=4.1.0,!=4.2.0,!=4.3.0,!=5.0.0,!=5.1.0,>=4.0.1 in /opt/hostedtoolcache/Python/3.12.11/x64/lib/python3.12/site-packages (from fastapi[all]->-r requirements-dev.txt (line 13)) (5.10.0)
2025-08-18T19:14:41.0767811Z Requirement already satisfied: orjson>=3.2.1 in /opt/hostedtoolcache/Python/3.12.11/x64/lib/python3.12/site-packages (from fastapi[all]->-r requirements-dev.txt (line 13)) (3.11.2)
2025-08-18T19:14:41.0773622Z Requirement already satisfied: email-validator>=2.0.0 in /opt/hostedtoolcache/Python/3.12.11/x64/lib/python3.12/site-packages (from fastapi[all]->-r requirements-dev.txt (line 13)) (2.2.0)
2025-08-18T19:14:41.0780993Z Requirement already satisfied: uvicorn>=0.12.0 in /opt/hostedtoolcache/Python/3.12.11/x64/lib/python3.12/site-packages (from uvicorn[standard]>=0.12.0; extra == "all"->fastapi[all]->-r requirements-dev.txt (line 13)) (0.29.0)
2025-08-18T19:14:41.0789079Z Requirement already satisfied: pydantic-settings>=2.0.0 in /opt/hostedtoolcache/Python/3.12.11/x64/lib/python3.12/site-packages (from fastapi[all]->-r requirements-dev.txt (line 13)) (2.2.1)
2025-08-18T19:14:41.0897023Z Collecting pydantic-extra-types>=2.0.0 (from fastapi[all]->-r requirements-dev.txt (line 13))
2025-08-18T19:14:41.0908301Z   Using cached pydantic_extra_types-2.10.5-py3-none-any.whl.metadata (3.9 kB)
2025-08-18T19:14:41.1157762Z Requirement already satisfied: prompt-toolkit>=3.0.36 in /opt/hostedtoolcache/Python/3.12.11/x64/lib/python3.12/site-packages (from click-repl>=0.2.0->celery==5.4.0->-r requirements-dev.txt (line 11)) (3.0.51)
2025-08-18T19:14:41.1229073Z Requirement already satisfied: dnspython>=2.0.0 in /opt/hostedtoolcache/Python/3.12.11/x64/lib/python3.12/site-packages (from email-validator>=2.0.0->fastapi[all]->-r requirements-dev.txt (line 13)) (2.7.0)
2025-08-18T19:14:41.1299035Z Requirement already satisfied: typer>=0.15.1 in /opt/hostedtoolcache/Python/3.12.11/x64/lib/python3.12/site-packages (from fastapi-cli>=0.0.8->fastapi-cli[standard]>=0.0.8; extra == "all"->fastapi[all]->-r requirements-dev.txt (line 13)) (0.16.0)
2025-08-18T19:14:41.1309350Z Requirement already satisfied: rich-toolkit>=0.14.8 in /opt/hostedtoolcache/Python/3.12.11/x64/lib/python3.12/site-packages (from fastapi-cli>=0.0.8->fastapi-cli[standard]>=0.0.8; extra == "all"->fastapi[all]->-r requirements-dev.txt (line 13)) (0.15.0)
2025-08-18T19:14:41.1415583Z Collecting fastapi-cloud-cli>=0.1.1 (from fastapi-cli[standard]>=0.0.8; extra == "all"->fastapi[all]->-r requirements-dev.txt (line 13))
2025-08-18T19:14:41.1427325Z   Using cached fastapi_cloud_cli-0.1.5-py3-none-any.whl.metadata (3.2 kB)
2025-08-18T19:14:41.2101660Z Collecting rignore>=0.5.1 (from fastapi-cloud-cli>=0.1.1->fastapi-cli[standard]>=0.0.8; extra == "all"->fastapi[all]->-r requirements-dev.txt (line 13))
2025-08-18T19:14:41.2114392Z   Using cached rignore-0.6.4-cp312-cp312-manylinux_2_17_x86_64.manylinux2014_x86_64.whl.metadata (3.8 kB)
2025-08-18T19:14:41.2602782Z Collecting sentry-sdk>=2.20.0 (from fastapi-cloud-cli>=0.1.1->fastapi-cli[standard]>=0.0.8; extra == "all"->fastapi[all]->-r requirements-dev.txt (line 13))
2025-08-18T19:14:41.2614937Z   Using cached sentry_sdk-2.35.0-py2.py3-none-any.whl.metadata (10 kB)
2025-08-18T19:14:41.3496938Z Collecting psutil>=4.0.0 (from mirakuru>=2.6.0->pytest-postgresql==7.0.2->-r requirements-dev.txt (line 29))
2025-08-18T19:14:41.3510161Z   Using cached psutil-7.0.0-cp36-abi3-manylinux_2_12_x86_64.manylinux2010_x86_64.manylinux_2_17_x86_64.manylinux2014_x86_64.whl.metadata (22 kB)
2025-08-18T19:14:41.3700644Z Requirement already satisfied: wcwidth in /opt/hostedtoolcache/Python/3.12.11/x64/lib/python3.12/site-packages (from prompt-toolkit>=3.0.36->click-repl>=0.2.0->celery==5.4.0->-r requirements-dev.txt (line 11)) (0.2.13)
2025-08-18T19:14:41.3899058Z Requirement already satisfied: rich>=13.7.1 in /opt/hostedtoolcache/Python/3.12.11/x64/lib/python3.12/site-packages (from rich-toolkit>=0.14.8->fastapi-cli>=0.0.8->fastapi-cli[standard]>=0.0.8; extra == "all"->fastapi[all]->-r requirements-dev.txt (line 13)) (14.1.0)
2025-08-18T19:14:41.3939243Z Requirement already satisfied: markdown-it-py>=2.2.0 in /opt/hostedtoolcache/Python/3.12.11/x64/lib/python3.12/site-packages (from rich>=13.7.1->rich-toolkit>=0.14.8->fastapi-cli>=0.0.8->fastapi-cli[standard]>=0.0.8; extra == "all"->fastapi[all]->-r requirements-dev.txt (line 13)) (4.0.0)
2025-08-18T19:14:41.3971661Z Requirement already satisfied: mdurl~=0.1 in /opt/hostedtoolcache/Python/3.12.11/x64/lib/python3.12/site-packages (from markdown-it-py>=2.2.0->rich>=13.7.1->rich-toolkit>=0.14.8->fastapi-cli>=0.0.8->fastapi-cli[standard]>=0.0.8; extra == "all"->fastapi[all]->-r requirements-dev.txt (line 13)) (0.1.2)
2025-08-18T19:14:41.4159351Z Requirement already satisfied: shellingham>=1.3.0 in /opt/hostedtoolcache/Python/3.12.11/x64/lib/python3.12/site-packages (from typer>=0.15.1->fastapi-cli>=0.0.8->fastapi-cli[standard]>=0.0.8; extra == "all"->fastapi[all]->-r requirements-dev.txt (line 13)) (1.5.4)
2025-08-18T19:14:41.4405865Z Requirement already satisfied: httptools>=0.5.0 in /opt/hostedtoolcache/Python/3.12.11/x64/lib/python3.12/site-packages (from uvicorn[standard]>=0.12.0; extra == "all"->fastapi[all]->-r requirements-dev.txt (line 13)) (0.6.4)
2025-08-18T19:14:41.4423056Z Requirement already satisfied: uvloop!=0.15.0,!=0.15.1,>=0.14.0 in /opt/hostedtoolcache/Python/3.12.11/x64/lib/python3.12/site-packages (from uvicorn[standard]>=0.12.0; extra == "all"->fastapi[all]->-r requirements-dev.txt (line 13)) (0.21.0)
2025-08-18T19:14:41.4431378Z Requirement already satisfied: watchfiles>=0.13 in /opt/hostedtoolcache/Python/3.12.11/x64/lib/python3.12/site-packages (from uvicorn[standard]>=0.12.0; extra == "all"->fastapi[all]->-r requirements-dev.txt (line 13)) (1.1.0)
2025-08-18T19:14:41.4439866Z Requirement already satisfied: websockets>=10.4 in /opt/hostedtoolcache/Python/3.12.11/x64/lib/python3.12/site-packages (from uvicorn[standard]>=0.12.0; extra == "all"->fastapi[all]->-r requirements-dev.txt (line 13)) (15.0.1)
2025-08-18T19:14:41.4875883Z Using cached jinja2-3.1.6-py3-none-any.whl (134 kB)
2025-08-18T19:14:41.4888467Z Using cached asyncpg-0.30.0-cp312-cp312-manylinux_2_17_x86_64.manylinux2014_x86_64.whl (3.6 MB)
2025-08-18T19:14:41.4926235Z Using cached black-25.1.0-cp312-cp312-manylinux_2_17_x86_64.manylinux2014_x86_64.manylinux_2_28_x86_64.whl (1.8 MB)
2025-08-18T19:14:41.4950757Z Using cached fastapi-0.116.1-py3-none-any.whl (95 kB)
2025-08-18T19:14:41.4962449Z Using cached IMAPClient-3.0.1-py2.py3-none-any.whl (182 kB)
2025-08-18T19:14:41.4975176Z Using cached psycopg2_binary-2.9.9-cp312-cp312-manylinux_2_17_x86_64.manylinux2014_x86_64.whl (3.0 MB)
2025-08-18T19:14:41.5008191Z Using cached pytest_asyncio-0.23.6-py3-none-any.whl (17 kB)
2025-08-18T19:14:41.5019247Z Using cached pytest_cov-6.2.1-py3-none-any.whl (24 kB)
2025-08-18T19:14:41.5030420Z Using cached pytest_postgresql-7.0.2-py3-none-any.whl (41 kB)
2025-08-18T19:14:41.5041825Z Using cached python_telegram_bot-22.2-py3-none-any.whl (708 kB)
2025-08-18T19:14:41.5058099Z Using cached respx-0.22.0-py2.py3-none-any.whl (25 kB)
2025-08-18T19:14:41.5069547Z Using cached ruff-0.4.4-py3-none-manylinux_2_17_x86_64.manylinux2014_x86_64.whl (8.7 MB)
2025-08-18T19:14:41.5143258Z Using cached testcontainers-4.10.0-py3-none-any.whl (107 kB)
2025-08-18T19:14:41.5155074Z Using cached types_requests-2.32.0.20240602-py3-none-any.whl (15 kB)
2025-08-18T19:14:41.5166414Z Using cached docspec_python-2.2.2-py3-none-any.whl (15 kB)
2025-08-18T19:14:41.5177815Z Using cached pydoc_markdown-4.8.2-py3-none-any.whl (67 kB)
2025-08-18T19:14:41.5189083Z Using cached docspec-2.2.1-py3-none-any.whl (9.8 kB)
2025-08-18T19:14:41.5200467Z Using cached httpx-0.28.1-py3-none-any.whl (73 kB)
2025-08-18T19:14:41.5212384Z Using cached mypy-1.17.1-cp312-cp312-manylinux2014_x86_64.manylinux_2_17_x86_64.manylinux_2_28_x86_64.whl (12.7 MB)
2025-08-18T19:14:41.5313434Z Using cached databind.core-4.5.2-py3-none-any.whl (1.5 kB)
2025-08-18T19:14:41.5324574Z Using cached databind-4.5.2-py3-none-any.whl (49 kB)
2025-08-18T19:14:41.5336202Z Using cached databind.json-4.5.2-py3-none-any.whl (1.5 kB)
2025-08-18T19:14:41.5347535Z Using cached Deprecated-1.2.18-py2.py3-none-any.whl (10.0 kB)
2025-08-18T19:14:41.5358882Z Using cached nr_date-2.1.0-py3-none-any.whl (10 kB)
2025-08-18T19:14:41.5369904Z Using cached nr_stream-1.1.5-py3-none-any.whl (10 kB)
2025-08-18T19:14:41.5380968Z Using cached nr.util-0.8.12-py3-none-any.whl (90 kB)
2025-08-18T19:14:41.5392593Z Using cached pytest-8.4.1-py3-none-any.whl (365 kB)
2025-08-18T19:14:41.5406398Z Using cached pluggy-1.6.0-py3-none-any.whl (20 kB)
2025-08-18T19:14:41.5417617Z Using cached starlette-0.47.2-py3-none-any.whl (72 kB)
2025-08-18T19:14:41.5429390Z Using cached tomli-2.2.1-cp312-cp312-manylinux_2_17_x86_64.manylinux2014_x86_64.whl (242 kB)
2025-08-18T19:14:41.5442069Z Using cached tomli_w-1.2.0-py3-none-any.whl (6.7 kB)
2025-08-18T19:14:41.5453068Z Using cached typeapi-2.2.4-py3-none-any.whl (26 kB)
2025-08-18T19:14:41.5464486Z Using cached itsdangerous-2.2.0-py3-none-any.whl (16 kB)
2025-08-18T19:14:41.5475826Z Using cached setuptools-80.9.0-py3-none-any.whl (1.2 MB)
2025-08-18T19:14:41.5496265Z Using cached coverage-7.10.4-cp312-cp312-manylinux1_x86_64.manylinux_2_28_x86_64.manylinux_2_5_x86_64.whl (251 kB)
2025-08-18T19:14:41.5508735Z Using cached fastapi_cloud_cli-0.1.5-py3-none-any.whl (18 kB)
2025-08-18T19:14:41.5520092Z Using cached iniconfig-2.1.0-py3-none-any.whl (6.0 kB)
2025-08-18T19:14:41.5531148Z Using cached mirakuru-2.6.1-py3-none-any.whl (26 kB)
2025-08-18T19:14:41.5542309Z Using cached pathspec-0.12.1-py3-none-any.whl (31 kB)
2025-08-18T19:14:41.5553469Z Using cached platformdirs-4.3.8-py3-none-any.whl (18 kB)
2025-08-18T19:14:41.5564130Z Using cached port_for-0.7.4-py3-none-any.whl (21 kB)
2025-08-18T19:14:41.5575685Z Using cached psutil-7.0.0-cp36-abi3-manylinux_2_12_x86_64.manylinux2010_x86_64.manylinux_2_17_x86_64.manylinux2014_x86_64.whl (277 kB)
2025-08-18T19:14:41.5588095Z Using cached pydantic_extra_types-2.10.5-py3-none-any.whl (38 kB)
2025-08-18T19:14:41.5599165Z Using cached rignore-0.6.4-cp312-cp312-manylinux_2_17_x86_64.manylinux2014_x86_64.whl (949 kB)
2025-08-18T19:14:41.5616768Z Using cached sentry_sdk-2.35.0-py2.py3-none-any.whl (363 kB)
2025-08-18T19:14:41.5630110Z Using cached yapf-0.43.0-py3-none-any.whl (256 kB)
2025-08-18T19:14:41.5642647Z Using cached docker-7.1.0-py3-none-any.whl (147 kB)
2025-08-18T19:14:41.5654597Z Using cached watchdog-6.0.0-py3-none-manylinux2014_x86_64.whl (79 kB)
2025-08-18T19:14:41.7976598Z Installing collected packages: watchdog, types-requests, typeapi, tomli_w, tomli, setuptools, sentry-sdk, ruff, rignore, psycopg2-binary, psutil, port-for, pluggy, platformdirs, pathspec, nr-stream, nr-date, Jinja2, itsdangerous, iniconfig, imapclient, docstring-parser, Deprecated, coverage, asyncpg, yapf, starlette, pytest, nr-util, mypy, mirakuru, httpx, docker, databind, black, testcontainers, respx, python-telegram-bot, pytest-postgresql, pytest-cov, pytest-asyncio, pydantic-extra-types, fastapi, databind.json, databind.core, fastapi-cloud-cli, docspec, docspec-python, pydoc-markdown
2025-08-18T19:14:42.9956581Z   Attempting uninstall: psycopg2-binary
2025-08-18T19:14:43.0016531Z     Found existing installation: psycopg2-binary 2.9.10
2025-08-18T19:14:43.0045966Z     Uninstalling psycopg2-binary-2.9.10:
2025-08-18T19:14:43.0057400Z       Successfully uninstalled psycopg2-binary-2.9.10
2025-08-18T19:14:43.3196011Z   Attempting uninstall: Jinja2
2025-08-18T19:14:43.3246335Z     Found existing installation: Jinja2 3.1.5
2025-08-18T19:14:43.3281633Z     Uninstalling Jinja2-3.1.5:
2025-08-18T19:14:43.3290794Z       Successfully uninstalled Jinja2-3.1.5
2025-08-18T19:14:43.6618228Z   Attempting uninstall: asyncpg
2025-08-18T19:14:43.6673569Z     Found existing installation: asyncpg 0.29.0
2025-08-18T19:14:43.6721590Z     Uninstalling asyncpg-0.29.0:
2025-08-18T19:14:43.6735635Z       Successfully uninstalled asyncpg-0.29.0
2025-08-18T19:14:43.9404598Z   Attempting uninstall: starlette
2025-08-18T19:14:43.9457076Z     Found existing installation: starlette 0.37.2
2025-08-18T19:14:43.9499171Z     Uninstalling starlette-0.37.2:
2025-08-18T19:14:43.9510076Z       Successfully uninstalled starlette-0.37.2
2025-08-18T19:14:45.7456522Z   Attempting uninstall: httpx
2025-08-18T19:14:45.7507189Z     Found existing installation: httpx 0.26.0
2025-08-18T19:14:45.7542837Z     Uninstalling httpx-0.26.0:
2025-08-18T19:14:45.7555839Z       Successfully uninstalled httpx-0.26.0
2025-08-18T19:14:46.1847381Z   Attempting uninstall: python-telegram-bot
2025-08-18T19:14:46.1898639Z     Found existing installation: python-telegram-bot 20.8
2025-08-18T19:14:46.2053969Z     Uninstalling python-telegram-bot-20.8:
2025-08-18T19:14:46.2077625Z       Successfully uninstalled python-telegram-bot-20.8
2025-08-18T19:14:46.6389319Z   Attempting uninstall: fastapi
2025-08-18T19:14:46.6435376Z     Found existing installation: fastapi 0.111.0
2025-08-18T19:14:46.6487341Z     Uninstalling fastapi-0.111.0:
2025-08-18T19:14:46.6499668Z       Successfully uninstalled fastapi-0.111.0
2025-08-18T19:14:46.8158764Z 
2025-08-18T19:14:46.8278608Z Successfully installed Deprecated-1.2.18 Jinja2-3.1.6 asyncpg-0.30.0 black-25.1.0 coverage-7.10.4 databind-4.5.2 databind.core-4.5.2 databind.json-4.5.2 docker-7.1.0 docspec-2.2.1 docspec-python-2.2.2 docstring-parser-0.11 fastapi-0.116.1 fastapi-cloud-cli-0.1.5 httpx-0.28.1 imapclient-3.0.1 iniconfig-2.1.0 itsdangerous-2.2.0 mirakuru-2.6.1 mypy-1.17.1 nr-date-2.1.0 nr-stream-1.1.5 nr-util-0.8.12 pathspec-0.12.1 platformdirs-4.3.8 pluggy-1.6.0 port-for-0.7.4 psutil-7.0.0 psycopg2-binary-2.9.9 pydantic-extra-types-2.10.5 pydoc-markdown-4.8.2 pytest-8.4.1 pytest-asyncio-0.23.6 pytest-cov-6.2.1 pytest-postgresql-7.0.2 python-telegram-bot-22.2 respx-0.22.0 rignore-0.6.4 ruff-0.4.4 sentry-sdk-2.35.0 setuptools-80.9.0 starlette-0.47.2 testcontainers-4.10.0 tomli-2.2.1 tomli_w-1.2.0 typeapi-2.2.4 types-requests-2.32.0.20240602 watchdog-6.0.0 yapf-0.43.0
2025-08-18T19:14:47.4720711Z Requirement already satisfied: asyncpg in /opt/hostedtoolcache/Python/3.12.11/x64/lib/python3.12/site-packages (0.30.0)
2025-08-18T19:14:48.0820326Z Requirement already satisfied: pytest in /opt/hostedtoolcache/Python/3.12.11/x64/lib/python3.12/site-packages (8.4.1)
2025-08-18T19:14:48.0835301Z Requirement already satisfied: iniconfig>=1 in /opt/hostedtoolcache/Python/3.12.11/x64/lib/python3.12/site-packages (from pytest) (2.1.0)
2025-08-18T19:14:48.0841922Z Requirement already satisfied: packaging>=20 in /opt/hostedtoolcache/Python/3.12.11/x64/lib/python3.12/site-packages (from pytest) (25.0)
2025-08-18T19:14:48.0848636Z Requirement already satisfied: pluggy<2,>=1.5 in /opt/hostedtoolcache/Python/3.12.11/x64/lib/python3.12/site-packages (from pytest) (1.6.0)
2025-08-18T19:14:48.0854568Z Requirement already satisfied: pygments>=2.7.2 in /opt/hostedtoolcache/Python/3.12.11/x64/lib/python3.12/site-packages (from pytest) (2.19.2)
2025-08-18T19:14:48.7450968Z Collecting keepa==1.3.15
2025-08-18T19:14:48.7464471Z   Using cached keepa-1.3.15-py3-none-any.whl.metadata (11 kB)
2025-08-18T19:14:48.7503431Z Requirement already satisfied: minio==7.1.15 in /opt/hostedtoolcache/Python/3.12.11/x64/lib/python3.12/site-packages (7.1.15)
2025-08-18T19:14:48.7512452Z Requirement already satisfied: numpy>=1.9.3 in /opt/hostedtoolcache/Python/3.12.11/x64/lib/python3.12/site-packages (from keepa==1.3.15) (1.26.4)
2025-08-18T19:14:48.7518535Z Requirement already satisfied: requests>=2.2 in /opt/hostedtoolcache/Python/3.12.11/x64/lib/python3.12/site-packages (from keepa==1.3.15) (2.32.4)
2025-08-18T19:14:48.7522635Z Requirement already satisfied: tqdm in /opt/hostedtoolcache/Python/3.12.11/x64/lib/python3.12/site-packages (from keepa==1.3.15) (4.67.1)
2025-08-18T19:14:48.7526882Z Requirement already satisfied: aiohttp in /opt/hostedtoolcache/Python/3.12.11/x64/lib/python3.12/site-packages (from keepa==1.3.15) (3.12.15)
2025-08-18T19:14:48.7532571Z Requirement already satisfied: pandas<=3.0 in /opt/hostedtoolcache/Python/3.12.11/x64/lib/python3.12/site-packages (from keepa==1.3.15) (2.2.3)
2025-08-18T19:14:48.7536862Z Requirement already satisfied: pydantic in /opt/hostedtoolcache/Python/3.12.11/x64/lib/python3.12/site-packages (from keepa==1.3.15) (2.11.7)
2025-08-18T19:14:48.7548257Z Requirement already satisfied: certifi in /opt/hostedtoolcache/Python/3.12.11/x64/lib/python3.12/site-packages (from minio==7.1.15) (2025.8.3)
2025-08-18T19:14:48.7552643Z Requirement already satisfied: urllib3 in /opt/hostedtoolcache/Python/3.12.11/x64/lib/python3.12/site-packages (from minio==7.1.15) (2.5.0)
2025-08-18T19:14:48.7608188Z Requirement already satisfied: python-dateutil>=2.8.2 in /opt/hostedtoolcache/Python/3.12.11/x64/lib/python3.12/site-packages (from pandas<=3.0->keepa==1.3.15) (2.9.0.post0)
2025-08-18T19:14:48.7613792Z Requirement already satisfied: pytz>=2020.1 in /opt/hostedtoolcache/Python/3.12.11/x64/lib/python3.12/site-packages (from pandas<=3.0->keepa==1.3.15) (2025.2)
2025-08-18T19:14:48.7619703Z Requirement already satisfied: tzdata>=2022.7 in /opt/hostedtoolcache/Python/3.12.11/x64/lib/python3.12/site-packages (from pandas<=3.0->keepa==1.3.15) (2025.2)
2025-08-18T19:14:48.7754005Z Requirement already satisfied: six>=1.5 in /opt/hostedtoolcache/Python/3.12.11/x64/lib/python3.12/site-packages (from python-dateutil>=2.8.2->pandas<=3.0->keepa==1.3.15) (1.17.0)
2025-08-18T19:14:48.7774559Z Requirement already satisfied: charset_normalizer<4,>=2 in /opt/hostedtoolcache/Python/3.12.11/x64/lib/python3.12/site-packages (from requests>=2.2->keepa==1.3.15) (3.4.3)
2025-08-18T19:14:48.7780917Z Requirement already satisfied: idna<4,>=2.5 in /opt/hostedtoolcache/Python/3.12.11/x64/lib/python3.12/site-packages (from requests>=2.2->keepa==1.3.15) (3.10)
2025-08-18T19:14:48.7850477Z Requirement already satisfied: aiohappyeyeballs>=2.5.0 in /opt/hostedtoolcache/Python/3.12.11/x64/lib/python3.12/site-packages (from aiohttp->keepa==1.3.15) (2.6.1)
2025-08-18T19:14:48.7856294Z Requirement already satisfied: aiosignal>=1.4.0 in /opt/hostedtoolcache/Python/3.12.11/x64/lib/python3.12/site-packages (from aiohttp->keepa==1.3.15) (1.4.0)
2025-08-18T19:14:48.7863882Z Requirement already satisfied: attrs>=17.3.0 in /opt/hostedtoolcache/Python/3.12.11/x64/lib/python3.12/site-packages (from aiohttp->keepa==1.3.15) (25.3.0)
2025-08-18T19:14:48.7869797Z Requirement already satisfied: frozenlist>=1.1.1 in /opt/hostedtoolcache/Python/3.12.11/x64/lib/python3.12/site-packages (from aiohttp->keepa==1.3.15) (1.7.0)
2025-08-18T19:14:48.7876218Z Requirement already satisfied: multidict<7.0,>=4.5 in /opt/hostedtoolcache/Python/3.12.11/x64/lib/python3.12/site-packages (from aiohttp->keepa==1.3.15) (6.6.4)
2025-08-18T19:14:48.7882538Z Requirement already satisfied: propcache>=0.2.0 in /opt/hostedtoolcache/Python/3.12.11/x64/lib/python3.12/site-packages (from aiohttp->keepa==1.3.15) (0.3.2)
2025-08-18T19:14:48.7888895Z Requirement already satisfied: yarl<2.0,>=1.17.0 in /opt/hostedtoolcache/Python/3.12.11/x64/lib/python3.12/site-packages (from aiohttp->keepa==1.3.15) (1.20.1)
2025-08-18T19:14:48.7948908Z Requirement already satisfied: typing-extensions>=4.2 in /opt/hostedtoolcache/Python/3.12.11/x64/lib/python3.12/site-packages (from aiosignal>=1.4.0->aiohttp->keepa==1.3.15) (4.14.1)
2025-08-18T19:14:48.8043275Z Requirement already satisfied: annotated-types>=0.6.0 in /opt/hostedtoolcache/Python/3.12.11/x64/lib/python3.12/site-packages (from pydantic->keepa==1.3.15) (0.7.0)
2025-08-18T19:14:48.8049345Z Requirement already satisfied: pydantic-core==2.33.2 in /opt/hostedtoolcache/Python/3.12.11/x64/lib/python3.12/site-packages (from pydantic->keepa==1.3.15) (2.33.2)
2025-08-18T19:14:48.8058030Z Requirement already satisfied: typing-inspection>=0.4.0 in /opt/hostedtoolcache/Python/3.12.11/x64/lib/python3.12/site-packages (from pydantic->keepa==1.3.15) (0.4.1)
2025-08-18T19:14:48.8138378Z Using cached keepa-1.3.15-py3-none-any.whl (38 kB)
2025-08-18T19:14:48.9967918Z Installing collected packages: keepa
2025-08-18T19:14:48.9968877Z   Attempting uninstall: keepa
2025-08-18T19:14:49.0000827Z     Found existing installation: keepa 1.3.14
2025-08-18T19:14:49.0022870Z     Uninstalling keepa-1.3.14:
2025-08-18T19:14:49.0030925Z       Successfully uninstalled keepa-1.3.14
2025-08-18T19:14:49.0471667Z Successfully installed keepa-1.3.15
2025-08-18T19:14:49.1047363Z ##[group]Run actions/setup-node@v4
2025-08-18T19:14:49.1047641Z with:
2025-08-18T19:14:49.1047828Z   node-version: 20.19.0
2025-08-18T19:14:49.1048043Z   always-auth: false
2025-08-18T19:14:49.1048238Z   check-latest: false
2025-08-18T19:14:49.1048537Z   token: ***
2025-08-18T19:14:49.1048722Z env:
2025-08-18T19:14:49.1048937Z   REDIS_URL: redis://localhost:6379/0
2025-08-18T19:14:49.1049201Z   RATE_LIMIT_DEFAULT: 100/minute
2025-08-18T19:14:49.1049433Z   TRUST_X_FORWARDED: 1
2025-08-18T19:14:49.1049640Z   PG_USER: postgres
2025-08-18T19:14:49.1049829Z   PG_PASSWORD: pass
2025-08-18T19:14:49.1050016Z   PG_DATABASE: awa
2025-08-18T19:14:49.1050207Z   PG_HOST: localhost
2025-08-18T19:14:49.1050399Z   PG_PORT: 5432
2025-08-18T19:14:49.1050765Z   PG_SYNC_DSN: ***localhost:5432/awa
2025-08-18T19:14:49.1051157Z   PG_ASYNC_DSN: ***localhost:5432/awa
2025-08-18T19:14:49.1051543Z   DATABASE_URL: ***localhost:5432/awa
2025-08-18T19:14:49.1051802Z   DATA_DIR: /tmp/awa-data
2025-08-18T19:14:49.1052029Z   ENABLE_LIVE: 0
2025-08-18T19:14:49.1052212Z   TESTING: 1
2025-08-18T19:14:49.1052455Z   pythonLocation: /opt/hostedtoolcache/Python/3.12.11/x64
2025-08-18T19:14:49.1052867Z   PKG_CONFIG_PATH: /opt/hostedtoolcache/Python/3.12.11/x64/lib/pkgconfig
2025-08-18T19:14:49.1053259Z   Python_ROOT_DIR: /opt/hostedtoolcache/Python/3.12.11/x64
2025-08-18T19:14:49.1053612Z   Python2_ROOT_DIR: /opt/hostedtoolcache/Python/3.12.11/x64
2025-08-18T19:14:49.1053961Z   Python3_ROOT_DIR: /opt/hostedtoolcache/Python/3.12.11/x64
2025-08-18T19:14:49.1054503Z   LD_LIBRARY_PATH: /opt/hostedtoolcache/Python/3.12.11/x64/lib
2025-08-18T19:14:49.1054801Z ##[endgroup]
2025-08-18T19:14:49.2812382Z Attempting to download 20.19.0...
2025-08-18T19:14:49.5814022Z Acquiring 20.19.0 - x64 from https://github.com/actions/node-versions/releases/download/20.19.0-13838090974/node-20.19.0-linux-x64.tar.gz
2025-08-18T19:14:49.9471540Z Extracting ...
2025-08-18T19:14:49.9580795Z [command]/usr/bin/tar xz --strip 1 --warning=no-unknown-keyword --overwrite -C /home/runner/work/_temp/e6037bf5-c095-4d48-a2f0-1521fdc9bb4f -f /home/runner/work/_temp/b446c6ed-8d9c-4567-9850-18a841dab05b
2025-08-18T19:14:50.9430589Z Adding to the cache ...
2025-08-18T19:14:52.5645599Z ##[group]Environment details
2025-08-18T19:14:52.7807876Z node: v20.19.0
2025-08-18T19:14:52.7808249Z npm: 10.8.2
2025-08-18T19:14:52.7808541Z yarn: 1.22.22
2025-08-18T19:14:52.7809196Z ##[endgroup]
2025-08-18T19:14:52.7942516Z ##[group]Run npm ci
2025-08-18T19:14:52.7942767Z [36;1mnpm ci[0m
2025-08-18T19:14:52.7983137Z shell: /usr/bin/bash -e {0}
2025-08-18T19:14:52.7983369Z env:
2025-08-18T19:14:52.7983580Z   REDIS_URL: redis://localhost:6379/0
2025-08-18T19:14:52.7983848Z   RATE_LIMIT_DEFAULT: 100/minute
2025-08-18T19:14:52.7984078Z   TRUST_X_FORWARDED: 1
2025-08-18T19:14:52.7984474Z   PG_USER: postgres
2025-08-18T19:14:52.7984677Z   PG_PASSWORD: pass
2025-08-18T19:14:52.7984883Z   PG_DATABASE: awa
2025-08-18T19:14:52.7985095Z   PG_HOST: localhost
2025-08-18T19:14:52.7985289Z   PG_PORT: 5432
2025-08-18T19:14:52.7985721Z   PG_SYNC_DSN: ***localhost:5432/awa
2025-08-18T19:14:52.7986142Z   PG_ASYNC_DSN: ***localhost:5432/awa
2025-08-18T19:14:52.7986626Z   DATABASE_URL: ***localhost:5432/awa
2025-08-18T19:14:52.7986877Z   DATA_DIR: /tmp/awa-data
2025-08-18T19:14:52.7987099Z   ENABLE_LIVE: 0
2025-08-18T19:14:52.7987274Z   TESTING: 1
2025-08-18T19:14:52.7987560Z   pythonLocation: /opt/hostedtoolcache/Python/3.12.11/x64
2025-08-18T19:14:52.7987969Z   PKG_CONFIG_PATH: /opt/hostedtoolcache/Python/3.12.11/x64/lib/pkgconfig
2025-08-18T19:14:52.7988358Z   Python_ROOT_DIR: /opt/hostedtoolcache/Python/3.12.11/x64
2025-08-18T19:14:52.7988713Z   Python2_ROOT_DIR: /opt/hostedtoolcache/Python/3.12.11/x64
2025-08-18T19:14:52.7989070Z   Python3_ROOT_DIR: /opt/hostedtoolcache/Python/3.12.11/x64
2025-08-18T19:14:52.7989424Z   LD_LIBRARY_PATH: /opt/hostedtoolcache/Python/3.12.11/x64/lib
2025-08-18T19:14:52.7989726Z ##[endgroup]
2025-08-18T19:14:55.4617165Z npm warn deprecated node-domexception@1.0.0: Use your platform's native DOMException instead
2025-08-18T19:14:58.9128386Z 
2025-08-18T19:14:58.9129546Z added 432 packages, and audited 433 packages in 6s
2025-08-18T19:14:58.9130183Z 
2025-08-18T19:14:58.9130618Z 112 packages are looking for funding
2025-08-18T19:14:58.9131521Z   run `npm fund` for details
2025-08-18T19:14:58.9153561Z 
2025-08-18T19:14:58.9154121Z 2 vulnerabilities (1 low, 1 critical)
2025-08-18T19:14:58.9154816Z 
2025-08-18T19:14:58.9155144Z To address all issues, run:
2025-08-18T19:14:58.9155597Z   npm audit fix
2025-08-18T19:14:58.9155825Z 
2025-08-18T19:14:58.9156045Z Run `npm audit` for details.
2025-08-18T19:14:58.9525188Z ##[group]Run npm run build --if-present
2025-08-18T19:14:58.9525712Z [36;1mnpm run build --if-present[0m
2025-08-18T19:14:58.9579033Z shell: /usr/bin/bash -e {0}
2025-08-18T19:14:58.9579399Z env:
2025-08-18T19:14:58.9579729Z   REDIS_URL: redis://localhost:6379/0
2025-08-18T19:14:58.9580167Z   RATE_LIMIT_DEFAULT: 100/minute
2025-08-18T19:14:58.9580564Z   TRUST_X_FORWARDED: 1
2025-08-18T19:14:58.9580888Z   PG_USER: postgres
2025-08-18T19:14:58.9581192Z   PG_PASSWORD: pass
2025-08-18T19:14:58.9581491Z   PG_DATABASE: awa
2025-08-18T19:14:58.9581790Z   PG_HOST: localhost
2025-08-18T19:14:58.9582097Z   PG_PORT: 5432
2025-08-18T19:14:58.9582790Z   PG_SYNC_DSN: ***localhost:5432/awa
2025-08-18T19:14:58.9583467Z   PG_ASYNC_DSN: ***localhost:5432/awa
2025-08-18T19:14:58.9584115Z   DATABASE_URL: ***localhost:5432/awa
2025-08-18T19:14:58.9584830Z   DATA_DIR: /tmp/awa-data
2025-08-18T19:14:58.9585181Z   ENABLE_LIVE: 0
2025-08-18T19:14:58.9585470Z   TESTING: 1
2025-08-18T19:14:58.9585896Z   pythonLocation: /opt/hostedtoolcache/Python/3.12.11/x64
2025-08-18T19:14:58.9586569Z   PKG_CONFIG_PATH: /opt/hostedtoolcache/Python/3.12.11/x64/lib/pkgconfig
2025-08-18T19:14:58.9587217Z   Python_ROOT_DIR: /opt/hostedtoolcache/Python/3.12.11/x64
2025-08-18T19:14:58.9587804Z   Python2_ROOT_DIR: /opt/hostedtoolcache/Python/3.12.11/x64
2025-08-18T19:14:58.9588401Z   Python3_ROOT_DIR: /opt/hostedtoolcache/Python/3.12.11/x64
2025-08-18T19:14:58.9588998Z   LD_LIBRARY_PATH: /opt/hostedtoolcache/Python/3.12.11/x64/lib
2025-08-18T19:14:58.9589492Z ##[endgroup]
2025-08-18T19:14:59.0798235Z 
2025-08-18T19:14:59.0804028Z > web@0.0.0 build
2025-08-18T19:14:59.0804739Z > tsc -b && vite build
2025-08-18T19:14:59.0804991Z 
2025-08-18T19:15:01.4972964Z [36mvite v7.0.4 [32mbuilding for production...[36m[39m
2025-08-18T19:15:01.6712269Z transforming...
2025-08-18T19:15:04.8322274Z [32m✓[39m 687 modules transformed.
2025-08-18T19:15:05.2608411Z rendering chunks...
2025-08-18T19:15:05.2695249Z computing gzip size...
2025-08-18T19:15:05.2885455Z [2mdist/[22m[32mindex.html                 [39m[1m[2m  0.46 kB[22m[1m[22m[2m │ gzip:   0.30 kB[22m
2025-08-18T19:15:05.2886898Z [2mdist/[22m[2massets/[22m[35mindex-5IA1gRGW.css  [39m[1m[2m  0.84 kB[22m[1m[22m[2m │ gzip:   0.45 kB[22m
2025-08-18T19:15:05.2888342Z [2mdist/[22m[2massets/[22m[36mindex-CIqpArhq.js   [39m[1m[33m613.66 kB[39m[22m[2m │ gzip: 193.69 kB[22m
2025-08-18T19:15:05.2889180Z [33m
2025-08-18T19:15:05.2889803Z (!) Some chunks are larger than 500 kB after minification. Consider:
2025-08-18T19:15:05.2890583Z - Using dynamic import() to code-split the application
2025-08-18T19:15:05.2891918Z - Use build.rollupOptions.output.manualChunks to improve chunking: https://rollupjs.org/configuration-options/#output-manualchunks
2025-08-18T19:15:05.2893194Z - Adjust chunk size limit for this warning via build.chunkSizeWarningLimit.[39m
2025-08-18T19:15:05.2893713Z [32m✓ built in 3.77s[39m
2025-08-18T19:15:05.3352722Z ##[group]Run sudo apt-get update
2025-08-18T19:15:05.3353037Z [36;1msudo apt-get update[0m
2025-08-18T19:15:05.3353302Z [36;1msudo apt-get install -y postgresql[0m
2025-08-18T19:15:05.3353795Z [36;1mecho "/usr/lib/postgresql/$(pg_config --version | cut -d' ' -f2 | cut -d'.' -f1,2)/bin" >> $GITHUB_PATH[0m
2025-08-18T19:15:05.3395816Z shell: /usr/bin/bash -e {0}
2025-08-18T19:15:05.3396228Z env:
2025-08-18T19:15:05.3396439Z   REDIS_URL: redis://localhost:6379/0
2025-08-18T19:15:05.3396713Z   RATE_LIMIT_DEFAULT: 100/minute
2025-08-18T19:15:05.3396944Z   TRUST_X_FORWARDED: 1
2025-08-18T19:15:05.3397145Z   PG_USER: postgres
2025-08-18T19:15:05.3397337Z   PG_PASSWORD: pass
2025-08-18T19:15:05.3397524Z   PG_DATABASE: awa
2025-08-18T19:15:05.3397705Z   PG_HOST: localhost
2025-08-18T19:15:05.3397893Z   PG_PORT: 5432
2025-08-18T19:15:05.3398316Z   PG_SYNC_DSN: ***localhost:5432/awa
2025-08-18T19:15:05.3398829Z   PG_ASYNC_DSN: ***localhost:5432/awa
2025-08-18T19:15:05.3399253Z   DATABASE_URL: ***localhost:5432/awa
2025-08-18T19:15:05.3399535Z   DATA_DIR: /tmp/awa-data
2025-08-18T19:15:05.3399738Z   ENABLE_LIVE: 0
2025-08-18T19:15:05.3399918Z   TESTING: 1
2025-08-18T19:15:05.3400161Z   pythonLocation: /opt/hostedtoolcache/Python/3.12.11/x64
2025-08-18T19:15:05.3400564Z   PKG_CONFIG_PATH: /opt/hostedtoolcache/Python/3.12.11/x64/lib/pkgconfig
2025-08-18T19:15:05.3400954Z   Python_ROOT_DIR: /opt/hostedtoolcache/Python/3.12.11/x64
2025-08-18T19:15:05.3401314Z   Python2_ROOT_DIR: /opt/hostedtoolcache/Python/3.12.11/x64
2025-08-18T19:15:05.3401669Z   Python3_ROOT_DIR: /opt/hostedtoolcache/Python/3.12.11/x64
2025-08-18T19:15:05.3402019Z   LD_LIBRARY_PATH: /opt/hostedtoolcache/Python/3.12.11/x64/lib
2025-08-18T19:15:05.3402315Z ##[endgroup]
2025-08-18T19:15:05.4651119Z Get:1 file:/etc/apt/apt-mirrors.txt Mirrorlist [144 B]
2025-08-18T19:15:05.5028269Z Hit:2 http://azure.archive.ubuntu.com/ubuntu noble InRelease
2025-08-18T19:15:05.5033019Z Hit:6 https://packages.microsoft.com/repos/azure-cli noble InRelease
2025-08-18T19:15:05.5035566Z Get:7 https://packages.microsoft.com/ubuntu/24.04/prod noble InRelease [3600 B]
2025-08-18T19:15:05.5092889Z Get:3 http://azure.archive.ubuntu.com/ubuntu noble-updates InRelease [126 kB]
2025-08-18T19:15:05.5180805Z Get:4 http://azure.archive.ubuntu.com/ubuntu noble-backports InRelease [126 kB]
2025-08-18T19:15:05.5252392Z Get:5 http://azure.archive.ubuntu.com/ubuntu noble-security InRelease [126 kB]
2025-08-18T19:15:05.7331891Z Get:8 https://packages.microsoft.com/ubuntu/24.04/prod noble/main amd64 Packages [47.9 kB]
2025-08-18T19:15:05.7448941Z Get:9 https://packages.microsoft.com/ubuntu/24.04/prod noble/main arm64 Packages [33.1 kB]
2025-08-18T19:15:05.7840256Z Get:10 http://azure.archive.ubuntu.com/ubuntu noble-updates/main amd64 Packages [1335 kB]
2025-08-18T19:15:05.7936372Z Get:11 http://azure.archive.ubuntu.com/ubuntu noble-updates/main Translation-en [267 kB]
2025-08-18T19:15:05.7967711Z Get:12 http://azure.archive.ubuntu.com/ubuntu noble-updates/main amd64 Components [175 kB]
2025-08-18T19:15:05.7992455Z Get:13 http://azure.archive.ubuntu.com/ubuntu noble-updates/universe amd64 Packages [1121 kB]
2025-08-18T19:15:05.8083839Z Get:14 http://azure.archive.ubuntu.com/ubuntu noble-updates/universe Translation-en [288 kB]
2025-08-18T19:15:05.8201431Z Get:15 http://azure.archive.ubuntu.com/ubuntu noble-updates/universe amd64 Components [377 kB]
2025-08-18T19:15:05.8316697Z Get:16 http://azure.archive.ubuntu.com/ubuntu noble-updates/restricted amd64 Packages [1694 kB]
2025-08-18T19:15:05.8437573Z Get:17 http://azure.archive.ubuntu.com/ubuntu noble-updates/restricted Translation-en [374 kB]
2025-08-18T19:15:05.8453958Z Get:18 http://azure.archive.ubuntu.com/ubuntu noble-updates/restricted amd64 Components [212 B]
2025-08-18T19:15:05.8484105Z Get:19 http://azure.archive.ubuntu.com/ubuntu noble-updates/multiverse amd64 Components [940 B]
2025-08-18T19:15:05.8960232Z Get:20 http://azure.archive.ubuntu.com/ubuntu noble-backports/main amd64 Components [7068 B]
2025-08-18T19:15:05.8975706Z Get:21 http://azure.archive.ubuntu.com/ubuntu noble-backports/universe amd64 Packages [30.2 kB]
2025-08-18T19:15:05.8991143Z Get:22 http://azure.archive.ubuntu.com/ubuntu noble-backports/universe Translation-en [17.4 kB]
2025-08-18T19:15:05.9008509Z Get:23 http://azure.archive.ubuntu.com/ubuntu noble-backports/universe amd64 Components [19.2 kB]
2025-08-18T19:15:05.9025093Z Get:24 http://azure.archive.ubuntu.com/ubuntu noble-backports/restricted amd64 Components [212 B]
2025-08-18T19:15:05.9043002Z Get:25 http://azure.archive.ubuntu.com/ubuntu noble-backports/multiverse amd64 Components [212 B]
2025-08-18T19:15:05.9058359Z Get:26 http://azure.archive.ubuntu.com/ubuntu noble-security/main amd64 Packages [1065 kB]
2025-08-18T19:15:05.9125817Z Get:27 http://azure.archive.ubuntu.com/ubuntu noble-security/main Translation-en [185 kB]
2025-08-18T19:15:05.9151864Z Get:28 http://azure.archive.ubuntu.com/ubuntu noble-security/main amd64 Components [21.6 kB]
2025-08-18T19:15:05.9166940Z Get:29 http://azure.archive.ubuntu.com/ubuntu noble-security/universe amd64 Packages [879 kB]
2025-08-18T19:15:05.9222969Z Get:30 http://azure.archive.ubuntu.com/ubuntu noble-security/universe Translation-en [194 kB]
2025-08-18T19:15:05.9250225Z Get:31 http://azure.archive.ubuntu.com/ubuntu noble-security/universe amd64 Components [52.2 kB]
2025-08-18T19:15:05.9269413Z Get:32 http://azure.archive.ubuntu.com/ubuntu noble-security/restricted amd64 Packages [1587 kB]
2025-08-18T19:15:05.9357064Z Get:33 http://azure.archive.ubuntu.com/ubuntu noble-security/restricted Translation-en [350 kB]
2025-08-18T19:15:05.9840406Z Get:34 http://azure.archive.ubuntu.com/ubuntu noble-security/restricted amd64 Components [212 B]
2025-08-18T19:15:05.9874971Z Get:35 http://azure.archive.ubuntu.com/ubuntu noble-security/multiverse amd64 Components [212 B]
2025-08-18T19:15:16.1925938Z Fetched 10.5 MB in 1s (7643 kB/s)
2025-08-18T19:15:16.8666865Z Reading package lists...
2025-08-18T19:15:16.8986317Z Reading package lists...
2025-08-18T19:15:17.0543419Z Building dependency tree...
2025-08-18T19:15:17.0551101Z Reading state information...
2025-08-18T19:15:17.2061603Z Suggested packages:
2025-08-18T19:15:17.2061973Z   postgresql-doc
2025-08-18T19:15:17.2320158Z The following NEW packages will be installed:
2025-08-18T19:15:17.2320516Z   postgresql
2025-08-18T19:15:17.2489298Z 0 upgraded, 1 newly installed, 0 to remove and 39 not upgraded.
2025-08-18T19:15:17.2490060Z Need to get 11.6 kB of archives.
2025-08-18T19:15:17.2490699Z After this operation, 17.4 kB of additional disk space will be used.
2025-08-18T19:15:17.2491186Z Get:1 file:/etc/apt/apt-mirrors.txt Mirrorlist [144 B]
2025-08-18T19:15:17.2960999Z Get:2 http://azure.archive.ubuntu.com/ubuntu noble-updates/main amd64 postgresql all 16+257build1.1 [11.6 kB]
2025-08-18T19:15:17.5555231Z Fetched 11.6 kB in 0s (199 kB/s)
2025-08-18T19:15:17.5775561Z Selecting previously unselected package postgresql.
2025-08-18T19:15:17.6014809Z (Reading database ... 
2025-08-18T19:15:17.6015278Z (Reading database ... 5%
2025-08-18T19:15:17.6015762Z (Reading database ... 10%
2025-08-18T19:15:17.6016103Z (Reading database ... 15%
2025-08-18T19:15:17.6016342Z (Reading database ... 20%
2025-08-18T19:15:17.6016580Z (Reading database ... 25%
2025-08-18T19:15:17.6016802Z (Reading database ... 30%
2025-08-18T19:15:17.6017017Z (Reading database ... 35%
2025-08-18T19:15:17.6017240Z (Reading database ... 40%
2025-08-18T19:15:17.6017488Z (Reading database ... 45%
2025-08-18T19:15:17.6017715Z (Reading database ... 50%
2025-08-18T19:15:17.6205697Z (Reading database ... 55%
2025-08-18T19:15:17.6416064Z (Reading database ... 60%
2025-08-18T19:15:17.6653540Z (Reading database ... 65%
2025-08-18T19:15:17.6907674Z (Reading database ... 70%
2025-08-18T19:15:17.7178843Z (Reading database ... 75%
2025-08-18T19:15:17.7528325Z (Reading database ... 80%
2025-08-18T19:15:17.8084455Z (Reading database ... 85%
2025-08-18T19:15:17.8755507Z (Reading database ... 90%
2025-08-18T19:15:17.9150609Z (Reading database ... 95%
2025-08-18T19:15:17.9151422Z (Reading database ... 100%
2025-08-18T19:15:17.9152224Z (Reading database ... 219881 files and directories currently installed.)
2025-08-18T19:15:17.9193837Z Preparing to unpack .../postgresql_16+257build1.1_all.deb ...
2025-08-18T19:15:17.9230494Z Unpacking postgresql (16+257build1.1) ...
2025-08-18T19:15:17.9596754Z Setting up postgresql (16+257build1.1) ...
2025-08-18T19:15:19.1579210Z 
2025-08-18T19:15:19.1580173Z Running kernel seems to be up-to-date.
2025-08-18T19:15:19.1580558Z 
2025-08-18T19:15:19.1580749Z Restarting services...
2025-08-18T19:15:19.1651958Z 
2025-08-18T19:15:19.1652447Z Service restarts being deferred:
2025-08-18T19:15:19.1661397Z  systemctl restart hosted-compute-agent.service
2025-08-18T19:15:19.1661788Z 
2025-08-18T19:15:19.1662059Z No containers need to be restarted.
2025-08-18T19:15:19.1662344Z 
2025-08-18T19:15:19.1662662Z No user sessions are running outdated binaries.
2025-08-18T19:15:19.1662989Z 
2025-08-18T19:15:19.1663308Z No VM guests are running outdated hypervisor (qemu) binaries on this host.
2025-08-18T19:15:19.9778202Z ##[group]Run for i in {1..30}; do pg_isready -h localhost -p 5432 -U postgres -d awa && break; sleep 1; done
2025-08-18T19:15:19.9778873Z [36;1mfor i in {1..30}; do pg_isready -h localhost -p 5432 -U postgres -d awa && break; sleep 1; done[0m
2025-08-18T19:15:19.9819607Z shell: /usr/bin/bash -e {0}
2025-08-18T19:15:19.9819837Z env:
2025-08-18T19:15:19.9820059Z   REDIS_URL: redis://localhost:6379/0
2025-08-18T19:15:19.9820329Z   RATE_LIMIT_DEFAULT: 100/minute
2025-08-18T19:15:19.9820560Z   TRUST_X_FORWARDED: 1
2025-08-18T19:15:19.9820764Z   PG_USER: postgres
2025-08-18T19:15:19.9820960Z   PG_PASSWORD: pass
2025-08-18T19:15:19.9821150Z   PG_DATABASE: awa
2025-08-18T19:15:19.9821347Z   PG_HOST: localhost
2025-08-18T19:15:19.9821537Z   PG_PORT: 5432
2025-08-18T19:15:19.9821949Z   PG_SYNC_DSN: ***localhost:5432/awa
2025-08-18T19:15:19.9822357Z   PG_ASYNC_DSN: ***localhost:5432/awa
2025-08-18T19:15:19.9822743Z   DATABASE_URL: ***localhost:5432/awa
2025-08-18T19:15:19.9823004Z   DATA_DIR: /tmp/awa-data
2025-08-18T19:15:19.9823215Z   ENABLE_LIVE: 0
2025-08-18T19:15:19.9823399Z   TESTING: 1
2025-08-18T19:15:19.9823642Z   pythonLocation: /opt/hostedtoolcache/Python/3.12.11/x64
2025-08-18T19:15:19.9824048Z   PKG_CONFIG_PATH: /opt/hostedtoolcache/Python/3.12.11/x64/lib/pkgconfig
2025-08-18T19:15:19.9824657Z   Python_ROOT_DIR: /opt/hostedtoolcache/Python/3.12.11/x64
2025-08-18T19:15:19.9825021Z   Python2_ROOT_DIR: /opt/hostedtoolcache/Python/3.12.11/x64
2025-08-18T19:15:19.9825374Z   Python3_ROOT_DIR: /opt/hostedtoolcache/Python/3.12.11/x64
2025-08-18T19:15:19.9825730Z   LD_LIBRARY_PATH: /opt/hostedtoolcache/Python/3.12.11/x64/lib
2025-08-18T19:15:19.9826027Z ##[endgroup]
2025-08-18T19:15:20.0601154Z localhost:5432 - accepting connections
2025-08-18T19:15:20.0632553Z ##[group]Run alembic -c services/api/alembic.ini upgrade head
2025-08-18T19:15:20.0632998Z [36;1malembic -c services/api/alembic.ini upgrade head[0m
2025-08-18T19:15:20.0674536Z shell: /usr/bin/bash -e {0}
2025-08-18T19:15:20.0674790Z env:
2025-08-18T19:15:20.0674997Z   REDIS_URL: redis://localhost:6379/0
2025-08-18T19:15:20.0675269Z   RATE_LIMIT_DEFAULT: 100/minute
2025-08-18T19:15:20.0675512Z   TRUST_X_FORWARDED: 1
2025-08-18T19:15:20.0675719Z   PG_USER: postgres
2025-08-18T19:15:20.0675910Z   PG_PASSWORD: pass
2025-08-18T19:15:20.0676097Z   PG_DATABASE: awa
2025-08-18T19:15:20.0676284Z   PG_HOST: localhost
2025-08-18T19:15:20.0676496Z   PG_PORT: 5432
2025-08-18T19:15:20.0676921Z   PG_SYNC_DSN: ***localhost:5432/awa
2025-08-18T19:15:20.0677347Z   PG_ASYNC_DSN: ***localhost:5432/awa
2025-08-18T19:15:20.0677729Z   DATABASE_URL: ***localhost:5432/awa
2025-08-18T19:15:20.0677972Z   DATA_DIR: /tmp/awa-data
2025-08-18T19:15:20.0678189Z   ENABLE_LIVE: 0
2025-08-18T19:15:20.0678393Z   TESTING: 1
2025-08-18T19:15:20.0678635Z   pythonLocation: /opt/hostedtoolcache/Python/3.12.11/x64
2025-08-18T19:15:20.0679042Z   PKG_CONFIG_PATH: /opt/hostedtoolcache/Python/3.12.11/x64/lib/pkgconfig
2025-08-18T19:15:20.0679434Z   Python_ROOT_DIR: /opt/hostedtoolcache/Python/3.12.11/x64
2025-08-18T19:15:20.0679784Z   Python2_ROOT_DIR: /opt/hostedtoolcache/Python/3.12.11/x64
2025-08-18T19:15:20.0680138Z   Python3_ROOT_DIR: /opt/hostedtoolcache/Python/3.12.11/x64
2025-08-18T19:15:20.0680493Z   LD_LIBRARY_PATH: /opt/hostedtoolcache/Python/3.12.11/x64/lib
2025-08-18T19:15:20.0680807Z   POSTGRES_USER: postgres
2025-08-18T19:15:20.0681270Z   POSTGRES_PASSWORD: pass
2025-08-18T19:15:20.0681480Z   POSTGRES_DB: awa
2025-08-18T19:15:20.0681667Z ##[endgroup]
2025-08-18T19:15:20.9653190Z INFO  [alembic.runtime.migration] Context impl PostgresqlImpl.
2025-08-18T19:15:20.9653803Z INFO  [alembic.runtime.migration] Will assume transactional DDL.
2025-08-18T19:15:20.9839393Z INFO  [alembic.runtime.migration] Running upgrade  -> 0001_baseline
2025-08-18T19:15:20.9988511Z INFO  [alembic.runtime.migration] Running upgrade 0001_baseline -> 0002_create_roi_view
2025-08-18T19:15:21.0014642Z INFO  [alembic.runtime.migration] Running upgrade 0002_create_roi_view -> 3e9d5c5aff2c
2025-08-18T19:15:21.0178431Z INFO  [alembic.runtime.migration] Running upgrade 3e9d5c5aff2c -> 0003_vendor_prices
2025-08-18T19:15:21.0328447Z INFO  [alembic.runtime.migration] Running upgrade 0003_vendor_prices -> 0004_fee_cron
2025-08-18T19:15:21.0401085Z INFO  [alembic.runtime.migration] Running upgrade 0004_fee_cron -> 0006_fix_roi_views
2025-08-18T19:15:21.0432121Z INFO  [alembic.runtime.migration] Running upgrade 0006_fix_roi_views -> 0020_unified_schema
2025-08-18T19:15:21.0549222Z INFO  [alembic.runtime.migration] Running upgrade 0020_unified_schema -> 0022_fix_roi_view
2025-08-18T19:15:21.0619231Z INFO  [alembic.runtime.migration] Running upgrade 0022_fix_roi_view -> 0023_add_storage_fee
2025-08-18T19:15:21.0656277Z INFO  [alembic.runtime.migration] Running upgrade 0023_add_storage_fee -> 0024_create_buybox
2025-08-18T19:15:21.0680222Z INFO  [alembic.runtime.migration] Running upgrade 0024_create_buybox -> 0025_pr4_indexes_loadlog
2025-08-18T19:15:21.0882725Z INFO  [alembic.runtime.migration] Running upgrade 0025_pr4_indexes_loadlog -> 0026_amazon_new_reports
2025-08-18T19:15:21.1800177Z ##[group]Run pytest -q --cov=services
2025-08-18T19:15:21.1800741Z [36;1mpytest -q --cov=services[0m
2025-08-18T19:15:21.1847971Z shell: /usr/bin/bash -e {0}
2025-08-18T19:15:21.1848217Z env:
2025-08-18T19:15:21.1848437Z   REDIS_URL: redis://localhost:6379/0
2025-08-18T19:15:21.1848719Z   RATE_LIMIT_DEFAULT: 100/minute
2025-08-18T19:15:21.1848972Z   TRUST_X_FORWARDED: 1
2025-08-18T19:15:21.1849165Z   PG_USER: postgres
2025-08-18T19:15:21.1849357Z   PG_PASSWORD: pass
2025-08-18T19:15:21.1849542Z   PG_DATABASE: awa
2025-08-18T19:15:21.1849736Z   PG_HOST: localhost
2025-08-18T19:15:21.1849926Z   PG_PORT: 5432
2025-08-18T19:15:21.1850392Z   PG_SYNC_DSN: ***localhost:5432/awa
2025-08-18T19:15:21.1850810Z   PG_ASYNC_DSN: ***localhost:5432/awa
2025-08-18T19:15:21.1851196Z   DATABASE_URL: ***localhost:5432/awa
2025-08-18T19:15:21.1851459Z   DATA_DIR: /home/runner/work/_temp/awa-data
2025-08-18T19:15:21.1851717Z   ENABLE_LIVE: 0
2025-08-18T19:15:21.1851890Z   TESTING: 1
2025-08-18T19:15:21.1852160Z   pythonLocation: /opt/hostedtoolcache/Python/3.12.11/x64
2025-08-18T19:15:21.1852570Z   PKG_CONFIG_PATH: /opt/hostedtoolcache/Python/3.12.11/x64/lib/pkgconfig
2025-08-18T19:15:21.1852955Z   Python_ROOT_DIR: /opt/hostedtoolcache/Python/3.12.11/x64
2025-08-18T19:15:21.1853306Z   Python2_ROOT_DIR: /opt/hostedtoolcache/Python/3.12.11/x64
2025-08-18T19:15:21.1853664Z   Python3_ROOT_DIR: /opt/hostedtoolcache/Python/3.12.11/x64
2025-08-18T19:15:21.1854020Z   LD_LIBRARY_PATH: /opt/hostedtoolcache/Python/3.12.11/x64/lib
2025-08-18T19:15:21.1854538Z   POSTGRES_USER: postgres
2025-08-18T19:15:21.1854759Z   POSTGRES_PASSWORD: pass
2025-08-18T19:15:21.1854962Z   POSTGRES_DB: awa
2025-08-18T19:15:21.1855142Z   LLM_PROVIDER: lan
2025-08-18T19:15:21.1855352Z   LLM_BASE_URL: http://localhost:8000
2025-08-18T19:15:21.1855593Z ##[endgroup]
2025-08-18T19:15:51.6381307Z ........s.............................sssssss........................... [ 47%]
2025-08-18T19:16:22.8934554Z ........................................................................ [ 94%]
2025-08-18T19:16:23.7229813Z ........                                                                 [100%]
2025-08-18T19:16:23.7230788Z =============================== warnings summary ===============================
2025-08-18T19:16:23.7231711Z services/alert_bot/tests/test_smoke.py:5
2025-08-18T19:16:23.7235548Z   /home/runner/work/AWA-App/AWA-App/services/alert_bot/tests/test_smoke.py:5: UserWarning: pkg_resources is deprecated as an API. See https://setuptools.pypa.io/en/latest/pkg_resources.html. The pkg_resources package is slated for removal as early as 2025-11-30. Refrain from using this package or pin to Setuptools<81.
2025-08-18T19:16:23.7237195Z     import pkg_resources  # noqa: F401
2025-08-18T19:16:23.7237434Z 
2025-08-18T19:16:23.7237672Z tests/api/test_ingest_endpoints.py: 12 warnings
2025-08-18T19:16:23.7238147Z tests/ingest/test_tasks_eager.py: 3 warnings
2025-08-18T19:16:23.7238559Z tests/test_api_fast.py: 1 warning
2025-08-18T19:16:23.7238948Z tests/test_health.py: 5 warnings
2025-08-18T19:16:23.7239305Z tests/test_smoke.py: 5 warnings
2025-08-18T19:16:23.7239686Z services/api/tests/test_cors.py: 1 warning
2025-08-18T19:16:23.7240151Z services/api/tests/test_errors_json.py: 2 warnings
2025-08-18T19:16:23.7240615Z services/api/tests/test_health.py: 1 warning
2025-08-18T19:16:23.7241117Z services/api/tests/test_rate_limit.py: 122 warnings
2025-08-18T19:16:23.7243228Z   /opt/hostedtoolcache/Python/3.12.11/x64/lib/python3.12/site-packages/asgi_correlation_id/extensions/sentry.py:27: DeprecationWarning: sentry_sdk.configure_scope is deprecated and will be removed in the next major version. Please consult our migration guide to learn how to migrate to the new API: https://docs.sentry.io/platforms/python/migration/1.x-to-2.x#scope-configuring
2025-08-18T19:16:23.7245023Z     with configure_scope() as scope:
2025-08-18T19:16:23.7245208Z 
2025-08-18T19:16:23.7245385Z tests/api/test_ingest_endpoints.py: 3 warnings
2025-08-18T19:16:23.7245955Z tests/test_api_fast.py: 1 warning
2025-08-18T19:16:23.7246254Z tests/test_health.py: 5 warnings
2025-08-18T19:16:23.7246530Z tests/test_smoke.py: 5 warnings
2025-08-18T19:16:23.7246826Z services/api/tests/test_cors.py: 3 warnings
2025-08-18T19:16:23.7247184Z services/api/tests/test_errors_json.py: 2 warnings
2025-08-18T19:16:23.7247557Z services/api/tests/test_health.py: 1 warning
2025-08-18T19:16:23.7247920Z services/api/tests/test_rate_limit.py: 2 warnings
2025-08-18T19:16:23.7248842Z   /opt/hostedtoolcache/Python/3.12.11/x64/lib/python3.12/site-packages/fastapi_limiter/__init__.py:89: DeprecationWarning: Call to deprecated close. (Use aclose() instead) -- Deprecated since version 5.0.1.
2025-08-18T19:16:23.7249620Z     await cls.redis.close()
2025-08-18T19:16:23.7249766Z 
2025-08-18T19:16:23.7249977Z tests/test_api_fast.py::test_health_endpoint
2025-08-18T19:16:23.7251102Z   /home/runner/work/AWA-App/AWA-App/tests/test_api_fast.py:13: DeprecationWarning: datetime.datetime.utcnow() is deprecated and scheduled for removal in a future version. Use timezone-aware objects to represent datetimes in UTC: datetime.datetime.now(datetime.UTC).
2025-08-18T19:16:23.7252092Z     return datetime.datetime.utcnow()
2025-08-18T19:16:23.7252268Z 
2025-08-18T19:16:23.7252404Z tests/test_api_fast.py: 1 warning
2025-08-18T19:16:23.7252687Z tests/test_health.py: 5 warnings
2025-08-18T19:16:23.7252965Z tests/test_smoke.py: 5 warnings
2025-08-18T19:16:23.7253257Z services/api/tests/test_cors.py: 1 warning
2025-08-18T19:16:23.7253596Z services/api/tests/test_health.py: 1 warning
2025-08-18T19:16:23.7253958Z services/api/tests/test_rate_limit.py: 102 warnings
2025-08-18T19:16:23.7255328Z   /home/runner/work/AWA-App/AWA-App/services/api/routes/health.py:24: DeprecationWarning: datetime.datetime.utcnow() is deprecated and scheduled for removal in a future version. Use timezone-aware objects to represent datetimes in UTC: datetime.datetime.now(datetime.UTC).
2025-08-18T19:16:23.7256420Z     app_now = datetime.utcnow().replace(tzinfo=timezone.utc)
2025-08-18T19:16:23.7256656Z 
2025-08-18T19:16:23.7256796Z tests/test_health.py::test_health[0]
2025-08-18T19:16:23.7257097Z tests/test_health.py::test_health[1]
2025-08-18T19:16:23.7257381Z tests/test_health.py::test_health[2]
2025-08-18T19:16:23.7257660Z tests/test_health.py::test_health[3]
2025-08-18T19:16:23.7257942Z tests/test_health.py::test_health[4]
2025-08-18T19:16:23.7259163Z   /home/runner/work/AWA-App/AWA-App/tests/test_health.py:22: DeprecationWarning: datetime.datetime.utcnow() is deprecated and scheduled for removal in a future version. Use timezone-aware objects to represent datetimes in UTC: datetime.datetime.now(datetime.UTC).
2025-08-18T19:16:23.7260141Z     return datetime.datetime.utcnow()
2025-08-18T19:16:23.7260313Z 
2025-08-18T19:16:23.7260456Z tests/test_smoke.py::test_health[0]
2025-08-18T19:16:23.7260749Z tests/test_smoke.py::test_health[1]
2025-08-18T19:16:23.7261033Z tests/test_smoke.py::test_health[2]
2025-08-18T19:16:23.7261310Z tests/test_smoke.py::test_health[3]
2025-08-18T19:16:23.7261593Z tests/test_smoke.py::test_health[4]
2025-08-18T19:16:23.7262650Z   /home/runner/work/AWA-App/AWA-App/tests/test_smoke.py:32: DeprecationWarning: datetime.datetime.utcnow() is deprecated and scheduled for removal in a future version. Use timezone-aware objects to represent datetimes in UTC: datetime.datetime.now(datetime.UTC).
2025-08-18T19:16:23.7263623Z     return datetime.datetime.utcnow()
2025-08-18T19:16:23.7263790Z 
2025-08-18T19:16:23.7264024Z services/api/tests/test_cors.py::test_cors_simple_get_allowed
2025-08-18T19:16:23.7265445Z   /home/runner/work/AWA-App/AWA-App/services/api/tests/test_cors.py:27: DeprecationWarning: datetime.datetime.utcnow() is deprecated and scheduled for removal in a future version. Use timezone-aware objects to represent datetimes in UTC: datetime.datetime.now(datetime.UTC).
2025-08-18T19:16:23.7266473Z     return datetime.datetime.utcnow()
2025-08-18T19:16:23.7266639Z 
2025-08-18T19:16:23.7266835Z services/api/tests/test_health.py::test_health_route
2025-08-18T19:16:23.7268149Z   /home/runner/work/AWA-App/AWA-App/services/api/tests/test_health.py:14: DeprecationWarning: datetime.datetime.utcnow() is deprecated and scheduled for removal in a future version. Use timezone-aware objects to represent datetimes in UTC: datetime.datetime.now(datetime.UTC).
2025-08-18T19:16:23.7269182Z     return datetime.datetime.utcnow()
2025-08-18T19:16:23.7269354Z 
2025-08-18T19:16:23.7269536Z services/api/tests/test_rate_limit.py: 102 warnings
2025-08-18T19:16:23.7270711Z   /home/runner/work/AWA-App/AWA-App/services/api/tests/test_rate_limit.py:33: DeprecationWarning: datetime.datetime.utcnow() is deprecated and scheduled for removal in a future version. Use timezone-aware objects to represent datetimes in UTC: datetime.datetime.now(datetime.UTC).
2025-08-18T19:16:23.7271732Z     return datetime.datetime.utcnow()
2025-08-18T19:16:23.7271897Z 
2025-08-18T19:16:23.7272169Z -- Docs: https://docs.pytest.org/en/stable/how-to/capture-warnings.html
2025-08-18T19:16:23.7283836Z ================================ tests coverage ================================
2025-08-18T19:16:23.7284678Z _______________ coverage: platform linux, python 3.12.11-final-0 _______________
2025-08-18T19:16:23.7284964Z 
2025-08-18T19:16:23.7285130Z Coverage XML written to file coverage.xml
2025-08-18T19:16:23.7285547Z Required test coverage of 45% reached. Total coverage: 62.87%
2025-08-18T19:16:24.0933074Z ##[group]Run echo "::group::postgres container logs"
2025-08-18T19:16:24.0933479Z [36;1mecho "::group::postgres container logs"[0m
2025-08-18T19:16:24.0933955Z [36;1mdocker logs fe3e03f599a1398d7588961ec2538aca36efd3cca0c8452da3678fe29c779ff2 --tail 200[0m
2025-08-18T19:16:24.0934571Z [36;1mecho "::endgroup::"[0m
2025-08-18T19:16:24.0975387Z shell: /usr/bin/bash -e {0}
2025-08-18T19:16:24.0975617Z env:
2025-08-18T19:16:24.0975838Z   REDIS_URL: redis://localhost:6379/0
2025-08-18T19:16:24.0976104Z   RATE_LIMIT_DEFAULT: 100/minute
2025-08-18T19:16:24.0976337Z   TRUST_X_FORWARDED: 1
2025-08-18T19:16:24.0976541Z   PG_USER: postgres
2025-08-18T19:16:24.0976735Z   PG_PASSWORD: pass
2025-08-18T19:16:24.0976916Z   PG_DATABASE: awa
2025-08-18T19:16:24.0977101Z   PG_HOST: localhost
2025-08-18T19:16:24.0977292Z   PG_PORT: 5432
2025-08-18T19:16:24.0977716Z   PG_SYNC_DSN: ***localhost:5432/awa
2025-08-18T19:16:24.0978125Z   PG_ASYNC_DSN: ***localhost:5432/awa
2025-08-18T19:16:24.0978761Z   DATABASE_URL: ***localhost:5432/awa
2025-08-18T19:16:24.0979008Z   DATA_DIR: /tmp/awa-data
2025-08-18T19:16:24.0979214Z   ENABLE_LIVE: 0
2025-08-18T19:16:24.0979396Z   TESTING: 1
2025-08-18T19:16:24.0979641Z   pythonLocation: /opt/hostedtoolcache/Python/3.12.11/x64
2025-08-18T19:16:24.0980044Z   PKG_CONFIG_PATH: /opt/hostedtoolcache/Python/3.12.11/x64/lib/pkgconfig
2025-08-18T19:16:24.0980435Z   Python_ROOT_DIR: /opt/hostedtoolcache/Python/3.12.11/x64
2025-08-18T19:16:24.0980783Z   Python2_ROOT_DIR: /opt/hostedtoolcache/Python/3.12.11/x64
2025-08-18T19:16:24.0981152Z   Python3_ROOT_DIR: /opt/hostedtoolcache/Python/3.12.11/x64
2025-08-18T19:16:24.0981495Z   LD_LIBRARY_PATH: /opt/hostedtoolcache/Python/3.12.11/x64/lib
2025-08-18T19:16:24.0981795Z ##[endgroup]
2025-08-18T19:16:24.1039948Z ##[group]postgres container logs
2025-08-18T19:16:24.1159131Z The files belonging to this database system will be owned by user "postgres".
2025-08-18T19:16:24.1160306Z initdb: warning: enabling "trust" authentication for local connections
2025-08-18T19:16:24.1161835Z initdb: hint: You can change this by editing pg_hba.conf or using the option -A, or --auth-local and --auth-host, the next time you run initdb.
2025-08-18T19:16:24.1163014Z This user must also own the server process.
2025-08-18T19:16:24.1163361Z 
2025-08-18T19:16:24.1163817Z The database cluster will be initialized with locale "en_US.utf8".
2025-08-18T19:16:24.1164861Z The default database encoding has accordingly been set to "UTF8".
2025-08-18T19:16:24.1165707Z The default text search configuration will be set to "english".
2025-08-18T19:16:24.1166141Z 
2025-08-18T19:16:24.1166381Z Data page checksums are disabled.
2025-08-18T19:16:24.1166674Z 
2025-08-18T19:16:24.1167170Z fixing permissions on existing directory /var/lib/postgresql/data ... ok
2025-08-18T19:16:24.1167885Z creating subdirectories ... ok
2025-08-18T19:16:24.1168526Z selecting dynamic shared memory implementation ... posix
2025-08-18T19:16:24.1169193Z selecting default max_connections ... 100
2025-08-18T19:16:24.1169794Z selecting default shared_buffers ... 128MB
2025-08-18T19:16:24.1170325Z selecting default time zone ... Etc/UTC
2025-08-18T19:16:24.1170831Z creating configuration files ... ok
2025-08-18T19:16:24.1171343Z running bootstrap script ... ok
2025-08-18T19:16:24.1171919Z performing post-bootstrap initialization ... ok
2025-08-18T19:16:24.1172440Z syncing data to disk ... ok
2025-08-18T19:16:24.1172689Z 
2025-08-18T19:16:24.1172699Z 
2025-08-18T19:16:24.1173033Z Success. You can now start the database server using:
2025-08-18T19:16:24.1173411Z 
2025-08-18T19:16:24.1173688Z     pg_ctl -D /var/lib/postgresql/data -l logfile start
2025-08-18T19:16:24.1174048Z 
2025-08-18T19:16:24.1175464Z waiting for server to start....2025-08-18 19:13:51.808 UTC [48] LOG:  starting PostgreSQL 15.14 (Debian 15.14-1.pgdg13+1) on x86_64-pc-linux-gnu, compiled by gcc (Debian 14.2.0-19) 14.2.0, 64-bit
2025-08-18T19:16:24.1177345Z 2025-08-18 19:13:51.809 UTC [48] LOG:  listening on Unix socket "/var/run/postgresql/.s.PGSQL.5432"
2025-08-18T19:16:24.1178368Z 2025-08-18 19:13:51.812 UTC [51] LOG:  database system was shut down at 2025-08-18 19:13:51 UTC
2025-08-18T19:16:24.1179788Z 2025-08-18 19:13:52.150 UTC [1] LOG:  starting PostgreSQL 15.14 (Debian 15.14-1.pgdg13+1) on x86_64-pc-linux-gnu, compiled by gcc (Debian 14.2.0-19) 14.2.0, 64-bit
2025-08-18T19:16:24.1180894Z 2025-08-18 19:13:52.150 UTC [1] LOG:  listening on IPv4 address "0.0.0.0", port 5432
2025-08-18T19:16:24.1181574Z 2025-08-18 19:13:52.150 UTC [1] LOG:  listening on IPv6 address "::", port 5432
2025-08-18T19:16:24.1182341Z 2025-08-18 19:13:52.151 UTC [1] LOG:  listening on Unix socket "/var/run/postgresql/.s.PGSQL.5432"
2025-08-18T19:16:24.1182981Z 2025-08-18 19:13:52.154 UTC [64] LOG:  database system was shut down at 2025-08-18 19:13:52 UTC
2025-08-18T19:16:24.1183598Z 2025-08-18 19:13:52.157 UTC [1] LOG:  database system is ready to accept connections
2025-08-18T19:16:24.1184768Z 2025-08-18 19:13:51.816 UTC [48] LOG:  database system is ready to accept connections
2025-08-18T19:16:24.1185594Z  done
2025-08-18T19:16:24.1185821Z server started
2025-08-18T19:16:24.1186015Z CREATE DATABASE
2025-08-18T19:16:24.1186128Z 
2025-08-18T19:16:24.1186135Z 
2025-08-18T19:16:24.1186449Z /usr/local/bin/docker-entrypoint.sh: ignoring /docker-entrypoint-initdb.d/*
2025-08-18T19:16:24.1186751Z 
2025-08-18T19:16:24.1186993Z 2025-08-18 19:13:52.026 UTC [48] LOG:  received fast shutdown request
2025-08-18T19:16:24.1187579Z waiting for server to shut down....2025-08-18 19:13:52.026 UTC [48] LOG:  aborting any active transactions
2025-08-18T19:16:24.1188319Z 2025-08-18 19:13:52.028 UTC [48] LOG:  background worker "logical replication launcher" (PID 54) exited with exit code 1
2025-08-18T19:16:24.1188860Z 2025-08-18 19:13:52.029 UTC [49] LOG:  shutting down
2025-08-18T19:16:24.1189353Z 2025-08-18 19:13:52.029 UTC [49] LOG:  checkpoint starting: shutdown immediate
2025-08-18T19:16:24.1190474Z 2025-08-18 19:13:52.051 UTC [49] LOG:  checkpoint complete: wrote 922 buffers (5.6%); 0 WAL file(s) added, 0 removed, 0 recycled; write=0.019 s, sync=0.002 s, total=0.022 s; sync files=301, longest=0.001 s, average=0.001 s; distance=4239 kB, estimate=4239 kB
2025-08-18T19:16:24.1191379Z 2025-08-18 19:13:52.057 UTC [48] LOG:  database system is shut down
2025-08-18T19:16:24.1191676Z  done
2025-08-18T19:16:24.1191843Z server stopped
2025-08-18T19:16:24.1191958Z 
2025-08-18T19:16:24.1192154Z PostgreSQL init process complete; ready for start up.
2025-08-18T19:16:24.1192377Z 
2025-08-18T19:16:24.1192643Z ##[endgroup]
2025-08-18T19:16:24.1230136Z Post job cleanup.
2025-08-18T19:16:24.3325162Z Post job cleanup.
2025-08-18T19:16:24.4600567Z Cache hit occurred on the primary key Linux-test-5e718741e550cec7917fae13efe91a31293d04a98c3c0932315e8f58598cbd2c, not saving cache.
2025-08-18T19:16:24.4710291Z Post job cleanup.
2025-08-18T19:16:24.6241678Z Cache hit occurred on the primary key setup-python-Linux-x64-24.04-Ubuntu-python-3.12.11-pip-c2dab1de5897f9bdacc57d37f049e4f17933a694937b619ffbecdbf3c5ea87ef, not saving cache.
2025-08-18T19:16:24.6338092Z Post job cleanup.
2025-08-18T19:16:24.7366802Z [command]/usr/bin/git version
2025-08-18T19:16:24.7407115Z git version 2.50.1
2025-08-18T19:16:24.7454012Z Temporarily overriding HOME='/home/runner/work/_temp/d49db138-04cb-48b4-abdc-0563f966bb04' before making global git config changes
2025-08-18T19:16:24.7456876Z Adding repository directory to the temporary git global config as a safe directory
2025-08-18T19:16:24.7470313Z [command]/usr/bin/git config --global --add safe.directory /home/runner/work/AWA-App/AWA-App
2025-08-18T19:16:24.7506217Z [command]/usr/bin/git config --local --name-only --get-regexp core\.sshCommand
2025-08-18T19:16:24.7540795Z [command]/usr/bin/git submodule foreach --recursive sh -c "git config --local --name-only --get-regexp 'core\.sshCommand' && git config --local --unset-all 'core.sshCommand' || :"
2025-08-18T19:16:24.7786428Z [command]/usr/bin/git config --local --name-only --get-regexp http\.https\:\/\/github\.com\/\.extraheader
2025-08-18T19:16:24.7806312Z http.https://github.com/.extraheader
2025-08-18T19:16:24.7819002Z [command]/usr/bin/git config --local --unset-all http.https://github.com/.extraheader
2025-08-18T19:16:24.7848819Z [command]/usr/bin/git submodule foreach --recursive sh -c "git config --local --name-only --get-regexp 'http\.https\:\/\/github\.com\/\.extraheader' && git config --local --unset-all 'http.https://github.com/.extraheader' || :"
2025-08-18T19:16:24.8155956Z Print service container logs: d048a3a9ba1d46e2b6dcd99e770f09b8_postgres15_1291c6
2025-08-18T19:16:24.8160237Z ##[command]/usr/bin/docker logs --details fe3e03f599a1398d7588961ec2538aca36efd3cca0c8452da3678fe29c779ff2
2025-08-18T19:16:24.8276791Z  The files belonging to this database system will be owned by user "postgres".
2025-08-18T19:16:24.8278311Z  initdb: warning: enabling "trust" authentication for local connections
2025-08-18T19:16:24.8279158Z  initdb: hint: You can change this by editing pg_hba.conf or using the option -A, or --auth-local and --auth-host, the next time you run initdb.
2025-08-18T19:16:24.8280350Z  This user must also own the server process.
2025-08-18T19:16:24.8280620Z  
2025-08-18T19:16:24.8280893Z  The database cluster will be initialized with locale "en_US.utf8".
2025-08-18T19:16:24.8281333Z  The default database encoding has accordingly been set to "UTF8".
2025-08-18T19:16:24.8281745Z  The default text search configuration will be set to "english".
2025-08-18T19:16:24.8282075Z  
2025-08-18T19:16:24.8282251Z  Data page checksums are disabled.
2025-08-18T19:16:24.8282483Z  
2025-08-18T19:16:24.8282756Z  fixing permissions on existing directory /var/lib/postgresql/data ... ok
2025-08-18T19:16:24.8283116Z  creating subdirectories ... ok
2025-08-18T19:16:24.8283411Z  selecting dynamic shared memory implementation ... posix
2025-08-18T19:16:24.8283731Z  selecting default max_connections ... 100
2025-08-18T19:16:24.8284010Z  selecting default shared_buffers ... 128MB
2025-08-18T19:16:24.8284550Z  selecting default time zone ... Etc/UTC
2025-08-18T19:16:24.8284835Z  creating configuration files ... ok
2025-08-18T19:16:24.8285093Z  running bootstrap script ... ok
2025-08-18T19:16:24.8285371Z  performing post-bootstrap initialization ... ok
2025-08-18T19:16:24.8285649Z  syncing data to disk ... ok
2025-08-18T19:16:24.8285861Z  
2025-08-18T19:16:24.8286012Z  
2025-08-18T19:16:24.8286222Z  Success. You can now start the database server using:
2025-08-18T19:16:24.8286503Z  
2025-08-18T19:16:24.8286712Z      pg_ctl -D /var/lib/postgresql/data -l logfile start
2025-08-18T19:16:24.8286996Z  
2025-08-18T19:16:24.8287580Z  waiting for server to start....2025-08-18 19:13:51.808 UTC [48] LOG:  starting PostgreSQL 15.14 (Debian 15.14-1.pgdg13+1) on x86_64-pc-linux-gnu, compiled by gcc (Debian 14.2.0-19) 14.2.0, 64-bit
2025-08-18T19:16:24.8288335Z  2025-08-18 19:13:51.809 UTC [48] LOG:  listening on Unix socket "/var/run/postgresql/.s.PGSQL.5432"
2025-08-18T19:16:24.8288830Z  2025-08-18 19:13:51.812 UTC [51] LOG:  database system was shut down at 2025-08-18 19:13:51 UTC
2025-08-18T19:16:24.8289279Z  2025-08-18 19:13:51.816 UTC [48] LOG:  database system is ready to accept connections
2025-08-18T19:16:24.8289599Z   done
2025-08-18T19:16:24.8289764Z  server started
2025-08-18T19:16:24.8290254Z  2025-08-18 19:13:52.150 UTC [1] LOG:  starting PostgreSQL 15.14 (Debian 15.14-1.pgdg13+1) on x86_64-pc-linux-gnu, compiled by gcc (Debian 14.2.0-19) 14.2.0, 64-bit
2025-08-18T19:16:24.8290856Z  2025-08-18 19:13:52.150 UTC [1] LOG:  listening on IPv4 address "0.0.0.0", port 5432
2025-08-18T19:16:24.8291270Z  2025-08-18 19:13:52.150 UTC [1] LOG:  listening on IPv6 address "::", port 5432
2025-08-18T19:16:24.8292026Z  2025-08-18 19:13:52.151 UTC [1] LOG:  listening on Unix socket "/var/run/postgresql/.s.PGSQL.5432"
2025-08-18T19:16:24.8292872Z  2025-08-18 19:13:52.154 UTC [64] LOG:  database system was shut down at 2025-08-18 19:13:52 UTC
2025-08-18T19:16:24.8293538Z  2025-08-18 19:13:52.157 UTC [1] LOG:  database system is ready to accept connections
2025-08-18T19:16:24.8293886Z  CREATE DATABASE
2025-08-18T19:16:24.8294067Z  
2025-08-18T19:16:24.8294405Z  
2025-08-18T19:16:24.8294719Z  /usr/local/bin/docker-entrypoint.sh: ignoring /docker-entrypoint-initdb.d/*
2025-08-18T19:16:24.8295075Z  
2025-08-18T19:16:24.8295305Z  2025-08-18 19:13:52.026 UTC [48] LOG:  received fast shutdown request
2025-08-18T19:16:24.8295957Z  waiting for server to shut down....2025-08-18 19:13:52.026 UTC [48] LOG:  aborting any active transactions
2025-08-18T19:16:24.8296591Z  2025-08-18 19:13:52.028 UTC [48] LOG:  background worker "logical replication launcher" (PID 54) exited with exit code 1
2025-08-18T19:16:24.8297062Z  2025-08-18 19:13:52.029 UTC [49] LOG:  shutting down
2025-08-18T19:16:24.8297407Z  2025-08-18 19:13:52.029 UTC [49] LOG:  checkpoint starting: shutdown immediate
2025-08-18T19:16:24.8298232Z  2025-08-18 19:13:52.051 UTC [49] LOG:  checkpoint complete: wrote 922 buffers (5.6%); 0 WAL file(s) added, 0 removed, 0 recycled; write=0.019 s, sync=0.002 s, total=0.022 s; sync files=301, longest=0.001 s, average=0.001 s; distance=4239 kB, estimate=4239 kB
2025-08-18T19:16:24.8299162Z  2025-08-18 19:13:52.057 UTC [48] LOG:  database system is shut down
2025-08-18T19:16:24.8299459Z   done
2025-08-18T19:16:24.8299631Z  server stopped
2025-08-18T19:16:24.8299808Z  
2025-08-18T19:16:24.8300025Z  PostgreSQL init process complete; ready for start up.
2025-08-18T19:16:24.8300304Z  
2025-08-18T19:16:24.8306142Z Stop and remove container: d048a3a9ba1d46e2b6dcd99e770f09b8_postgres15_1291c6
2025-08-18T19:16:24.8310499Z ##[command]/usr/bin/docker rm --force fe3e03f599a1398d7588961ec2538aca36efd3cca0c8452da3678fe29c779ff2
2025-08-18T19:16:24.9508996Z fe3e03f599a1398d7588961ec2538aca36efd3cca0c8452da3678fe29c779ff2
2025-08-18T19:16:24.9530954Z Print service container logs: c9433cfd2676401996d3722b3cc5aad6_redis7alpine_373288
2025-08-18T19:16:24.9532045Z ##[command]/usr/bin/docker logs --details 08123707b1ddd748a43086d713520c6b059909b381b270616f9071f93d6bfbd0
2025-08-18T19:16:24.9654495Z  1:C 18 Aug 2025 19:13:52.186 # WARNING Memory overcommit must be enabled! Without it, a background save or replication may fail under low memory condition. Being disabled, it can also cause failures without low memory condition, see https://github.com/jemalloc/jemalloc/issues/1328. To fix this issue add 'vm.overcommit_memory = 1' to /etc/sysctl.conf and then reboot or run the command 'sysctl vm.overcommit_memory=1' for this to take effect.
2025-08-18T19:16:24.9657231Z  1:C 18 Aug 2025 19:13:52.186 * oO0OoO0OoO0Oo Redis is starting oO0OoO0OoO0Oo
2025-08-18T19:16:24.9658077Z  1:C 18 Aug 2025 19:13:52.186 * Redis version=7.4.5, bits=64, commit=00000000, modified=0, pid=1, just started
2025-08-18T19:16:24.9669897Z  1:C 18 Aug 2025 19:13:52.186 # Warning: no config file specified, using the default config. In order to specify a config file use redis-server /path/to/redis.conf
2025-08-18T19:16:24.9670775Z  1:M 18 Aug 2025 19:13:52.187 * monotonic clock: POSIX clock_gettime
2025-08-18T19:16:24.9671169Z  1:M 18 Aug 2025 19:13:52.187 * Running mode=standalone, port=6379.
2025-08-18T19:16:24.9671512Z  1:M 18 Aug 2025 19:13:52.187 * Server initialized
2025-08-18T19:16:24.9671836Z  1:M 18 Aug 2025 19:13:52.188 * Ready to accept connections tcp
2025-08-18T19:16:24.9672842Z Stop and remove container: c9433cfd2676401996d3722b3cc5aad6_redis7alpine_373288
2025-08-18T19:16:24.9673548Z ##[command]/usr/bin/docker rm --force 08123707b1ddd748a43086d713520c6b059909b381b270616f9071f93d6bfbd0
2025-08-18T19:16:25.0813117Z 08123707b1ddd748a43086d713520c6b059909b381b270616f9071f93d6bfbd0
2025-08-18T19:16:25.0835312Z Remove container network: github_network_9ead27014c55488db1cc780a01924fa2
2025-08-18T19:16:25.0839519Z ##[command]/usr/bin/docker network rm github_network_9ead27014c55488db1cc780a01924fa2
2025-08-18T19:16:25.2010763Z github_network_9ead27014c55488db1cc780a01924fa2
2025-08-18T19:16:25.2069918Z Cleaning up orphan processes
