2025-08-23T11:07:56.8727538Z Current runner version: '2.328.0'
2025-08-23T11:07:56.8764144Z ##[group]Runner Image Provisioner
2025-08-23T11:07:56.8765513Z Hosted Compute Agent
2025-08-23T11:07:56.8766418Z Version: 20250821.380
2025-08-23T11:07:56.8767489Z Commit: 438d12cb4fe092871db9867344e3bc0bc5319035
2025-08-23T11:07:56.8769005Z Build Date: 2025-08-21T20:49:43Z
2025-08-23T11:07:56.8769955Z ##[endgroup]
2025-08-23T11:07:56.8770855Z ##[group]Operating System
2025-08-23T11:07:56.8771908Z Ubuntu
2025-08-23T11:07:56.8772724Z 24.04.2
2025-08-23T11:07:56.8773469Z LTS
2025-08-23T11:07:56.8774379Z ##[endgroup]
2025-08-23T11:07:56.8775196Z ##[group]Runner Image
2025-08-23T11:07:56.8776191Z Image: ubuntu-24.04
2025-08-23T11:07:56.8777312Z Version: 20250818.1.0
2025-08-23T11:07:56.8779283Z Included Software: https://github.com/actions/runner-images/blob/ubuntu24/20250818.1/images/ubuntu/Ubuntu2404-Readme.md
2025-08-23T11:07:56.8782000Z Image Release: https://github.com/actions/runner-images/releases/tag/ubuntu24%2F20250818.1
2025-08-23T11:07:56.8783556Z ##[endgroup]
2025-08-23T11:07:56.8788033Z ##[group]GITHUB_TOKEN Permissions
2025-08-23T11:07:56.8791181Z Actions: write
2025-08-23T11:07:56.8792234Z Attestations: write
2025-08-23T11:07:56.8793075Z Checks: write
2025-08-23T11:07:56.8793786Z Contents: write
2025-08-23T11:07:56.8794792Z Deployments: write
2025-08-23T11:07:56.8795590Z Discussions: write
2025-08-23T11:07:56.8796404Z Issues: write
2025-08-23T11:07:56.8797322Z Metadata: read
2025-08-23T11:07:56.8798205Z Models: read
2025-08-23T11:07:56.8799207Z Packages: write
2025-08-23T11:07:56.8800301Z Pages: write
2025-08-23T11:07:56.8801079Z PullRequests: write
2025-08-23T11:07:56.8801980Z RepositoryProjects: write
2025-08-23T11:07:56.8803162Z SecurityEvents: write
2025-08-23T11:07:56.8804190Z Statuses: write
2025-08-23T11:07:56.8805130Z ##[endgroup]
2025-08-23T11:07:56.8808763Z Secret source: Actions
2025-08-23T11:07:56.8809937Z Prepare workflow directory
2025-08-23T11:07:56.9442612Z Prepare all required actions
2025-08-23T11:07:56.9498746Z Getting action download info
2025-08-23T11:07:57.2097730Z Download action repository 'actions/checkout@v5' (SHA:08c6903cd8c0fde910a37f88322edcfb5dd907a8)
2025-08-23T11:07:57.3110400Z Download action repository 'actions/setup-python@v5' (SHA:a26af69be951a213d495a4c3e4e4022e16d87065)
2025-08-23T11:07:57.4332136Z Download action repository 'actions/cache@v4' (SHA:0400d5f644dc74513175e3cd8d07132dd4860809)
2025-08-23T11:07:57.5738733Z Download action repository 'actions/setup-node@v4' (SHA:49933ea5288caeca8642d1e84afbd3f7d6820020)
2025-08-23T11:07:57.6753059Z Download action repository 'codecov/codecov-action@v5' (SHA:fdcc8476540edceab3de004e990f80d881c6cc00)
2025-08-23T11:07:57.9574191Z Getting action download info
2025-08-23T11:07:58.0584485Z Download action repository 'actions/github-script@60a0d83039c74a4aee543508d2ffcb1c3799cdea' (SHA:60a0d83039c74a4aee543508d2ffcb1c3799cdea)
2025-08-23T11:07:58.3676753Z Complete job name: test
2025-08-23T11:07:58.4257241Z ##[group]Checking docker version
2025-08-23T11:07:58.4271356Z ##[command]/usr/bin/docker version --format '{{.Server.APIVersion}}'
2025-08-23T11:07:59.4468868Z '1.48'
2025-08-23T11:07:59.4483060Z Docker daemon API version: '1.48'
2025-08-23T11:07:59.4483591Z ##[command]/usr/bin/docker version --format '{{.Client.APIVersion}}'
2025-08-23T11:07:59.4711972Z '1.48'
2025-08-23T11:07:59.4724689Z Docker client API version: '1.48'
2025-08-23T11:07:59.4730959Z ##[endgroup]
2025-08-23T11:07:59.4733535Z ##[group]Clean up resources from previous jobs
2025-08-23T11:07:59.4739159Z ##[command]/usr/bin/docker ps --all --quiet --no-trunc --filter "label=9a38ce"
2025-08-23T11:07:59.4941350Z ##[command]/usr/bin/docker network prune --force --filter "label=9a38ce"
2025-08-23T11:07:59.5070592Z ##[endgroup]
2025-08-23T11:07:59.5071044Z ##[group]Create local container network
2025-08-23T11:07:59.5080934Z ##[command]/usr/bin/docker network create --label 9a38ce github_network_cda053ef97d84e9d80997b5987bc26c6
2025-08-23T11:07:59.5563225Z bb6cee77ef294dcdcd9dfff6b1e3618c875762bc9e61831a43e8699a19e148e0
2025-08-23T11:07:59.5581509Z ##[endgroup]
2025-08-23T11:07:59.5606521Z ##[group]Starting postgres service container
2025-08-23T11:07:59.5625703Z ##[command]/usr/bin/docker pull postgres:15
2025-08-23T11:07:59.8185999Z 15: Pulling from library/postgres
2025-08-23T11:07:59.8837724Z 396b1da7636e: Pulling fs layer
2025-08-23T11:07:59.8838704Z fca2566eba32: Pulling fs layer
2025-08-23T11:07:59.8839279Z 631fe8c6d606: Pulling fs layer
2025-08-23T11:07:59.8839873Z 77c7671c4414: Pulling fs layer
2025-08-23T11:07:59.8840367Z 2d9e29180a27: Pulling fs layer
2025-08-23T11:07:59.8840874Z c6bcc2c9a041: Pulling fs layer
2025-08-23T11:07:59.8841254Z ac4b721eb66f: Pulling fs layer
2025-08-23T11:07:59.8841551Z 606bd164980e: Pulling fs layer
2025-08-23T11:07:59.8841830Z f5dfd246bc6e: Pulling fs layer
2025-08-23T11:07:59.8842107Z ba7036bb0a60: Pulling fs layer
2025-08-23T11:07:59.8842386Z 799f859abbbd: Pulling fs layer
2025-08-23T11:07:59.8842695Z d903e777080c: Pulling fs layer
2025-08-23T11:07:59.8842970Z 04adcb462801: Pulling fs layer
2025-08-23T11:07:59.8843272Z 5c10925b29ff: Pulling fs layer
2025-08-23T11:07:59.8843540Z 2d9e29180a27: Waiting
2025-08-23T11:07:59.8843792Z c6bcc2c9a041: Waiting
2025-08-23T11:07:59.8844044Z ac4b721eb66f: Waiting
2025-08-23T11:07:59.8844279Z 606bd164980e: Waiting
2025-08-23T11:07:59.8844519Z f5dfd246bc6e: Waiting
2025-08-23T11:07:59.8844755Z ba7036bb0a60: Waiting
2025-08-23T11:07:59.8845000Z 799f859abbbd: Waiting
2025-08-23T11:07:59.8845230Z d903e777080c: Waiting
2025-08-23T11:07:59.8845461Z 04adcb462801: Waiting
2025-08-23T11:07:59.8845691Z 5c10925b29ff: Waiting
2025-08-23T11:07:59.8845936Z 77c7671c4414: Waiting
2025-08-23T11:07:59.9827015Z fca2566eba32: Verifying Checksum
2025-08-23T11:07:59.9827815Z fca2566eba32: Download complete
2025-08-23T11:08:00.1234009Z 77c7671c4414: Verifying Checksum
2025-08-23T11:08:00.1234672Z 77c7671c4414: Download complete
2025-08-23T11:08:00.1383046Z 631fe8c6d606: Verifying Checksum
2025-08-23T11:08:00.1906934Z 396b1da7636e: Verifying Checksum
2025-08-23T11:08:00.1907332Z 396b1da7636e: Download complete
2025-08-23T11:08:00.2546497Z c6bcc2c9a041: Verifying Checksum
2025-08-23T11:08:00.2547050Z c6bcc2c9a041: Download complete
2025-08-23T11:08:00.2720710Z 2d9e29180a27: Verifying Checksum
2025-08-23T11:08:00.2721483Z 2d9e29180a27: Download complete
2025-08-23T11:08:00.2821452Z ac4b721eb66f: Download complete
2025-08-23T11:08:00.3315680Z 606bd164980e: Download complete
2025-08-23T11:08:00.3784964Z ba7036bb0a60: Verifying Checksum
2025-08-23T11:08:00.3792769Z ba7036bb0a60: Download complete
2025-08-23T11:08:00.4230758Z 799f859abbbd: Verifying Checksum
2025-08-23T11:08:00.4235193Z 799f859abbbd: Download complete
2025-08-23T11:08:00.4786502Z d903e777080c: Verifying Checksum
2025-08-23T11:08:00.4786977Z d903e777080c: Download complete
2025-08-23T11:08:00.5198762Z 04adcb462801: Verifying Checksum
2025-08-23T11:08:00.5199941Z 04adcb462801: Download complete
2025-08-23T11:08:00.5630993Z 5c10925b29ff: Download complete
2025-08-23T11:08:00.9214759Z f5dfd246bc6e: Verifying Checksum
2025-08-23T11:08:00.9215350Z f5dfd246bc6e: Download complete
2025-08-23T11:08:01.2003109Z 396b1da7636e: Pull complete
2025-08-23T11:08:01.4773264Z fca2566eba32: Pull complete
2025-08-23T11:08:01.6711758Z 631fe8c6d606: Pull complete
2025-08-23T11:08:01.7204765Z 77c7671c4414: Pull complete
2025-08-23T11:08:02.0213292Z 2d9e29180a27: Pull complete
2025-08-23T11:08:02.1351429Z c6bcc2c9a041: Pull complete
2025-08-23T11:08:02.1475416Z ac4b721eb66f: Pull complete
2025-08-23T11:08:02.1603125Z 606bd164980e: Pull complete
2025-08-23T11:08:05.1178814Z f5dfd246bc6e: Pull complete
2025-08-23T11:08:05.1399021Z ba7036bb0a60: Pull complete
2025-08-23T11:08:05.1531523Z 799f859abbbd: Pull complete
2025-08-23T11:08:05.1683967Z d903e777080c: Pull complete
2025-08-23T11:08:05.1829666Z 04adcb462801: Pull complete
2025-08-23T11:08:05.1980429Z 5c10925b29ff: Pull complete
2025-08-23T11:08:05.2027501Z Digest: sha256:bc51cf4f1fe02cce7ed2370b20128a9b00b4eb804573a77d2a0d877aaa9c82b1
2025-08-23T11:08:05.2047173Z Status: Downloaded newer image for postgres:15
2025-08-23T11:08:05.2061999Z docker.io/library/postgres:15
2025-08-23T11:08:05.2123419Z ##[command]/usr/bin/docker create --name 656c2a1e20654de68fe6a547e772cbce_postgres15_c43fe2 --label 9a38ce --network github_network_cda053ef97d84e9d80997b5987bc26c6 --network-alias postgres -p 5432:5432 --health-cmd="pg_isready -U postgres -d awa" --health-interval=5s --health-timeout=5s --health-retries=10 -e "POSTGRES_USER=postgres" -e "POSTGRES_PASSWORD=pass" -e "POSTGRES_DB=awa" -e GITHUB_ACTIONS=true -e CI=true postgres:15
2025-08-23T11:08:05.2439927Z d59c64c51bc516877c350aacff576ab4381ec548d5eed0d79d0d5146e03cbb84
2025-08-23T11:08:05.2462782Z ##[command]/usr/bin/docker start d59c64c51bc516877c350aacff576ab4381ec548d5eed0d79d0d5146e03cbb84
2025-08-23T11:08:06.0577640Z d59c64c51bc516877c350aacff576ab4381ec548d5eed0d79d0d5146e03cbb84
2025-08-23T11:08:06.0601220Z ##[command]/usr/bin/docker ps --all --filter id=d59c64c51bc516877c350aacff576ab4381ec548d5eed0d79d0d5146e03cbb84 --filter status=running --no-trunc --format "{{.ID}} {{.Status}}"
2025-08-23T11:08:06.0740154Z d59c64c51bc516877c350aacff576ab4381ec548d5eed0d79d0d5146e03cbb84 Up Less than a second (health: starting)
2025-08-23T11:08:06.0765736Z ##[command]/usr/bin/docker port d59c64c51bc516877c350aacff576ab4381ec548d5eed0d79d0d5146e03cbb84
2025-08-23T11:08:06.0894602Z 5432/tcp -> 0.0.0.0:5432
2025-08-23T11:08:06.0895451Z 5432/tcp -> [::]:5432
2025-08-23T11:08:06.0944915Z ##[endgroup]
2025-08-23T11:08:06.0945804Z ##[group]Starting redis service container
2025-08-23T11:08:06.0946802Z ##[command]/usr/bin/docker pull redis:7-alpine
2025-08-23T11:08:06.3382883Z 7-alpine: Pulling from library/redis
2025-08-23T11:08:06.4160456Z 0368fd46e3c6: Pulling fs layer
2025-08-23T11:08:06.4161689Z 4c55286bbede: Pulling fs layer
2025-08-23T11:08:06.4162113Z 5e28347af205: Pulling fs layer
2025-08-23T11:08:06.4162527Z 311eca34042e: Pulling fs layer
2025-08-23T11:08:06.4162944Z e6fe6f07e192: Pulling fs layer
2025-08-23T11:08:06.4163340Z a2cadbfeca72: Pulling fs layer
2025-08-23T11:08:06.4163770Z 4f4fb700ef54: Pulling fs layer
2025-08-23T11:08:06.4164142Z a976ed7e7808: Pulling fs layer
2025-08-23T11:08:06.4164512Z 311eca34042e: Waiting
2025-08-23T11:08:06.4164841Z e6fe6f07e192: Waiting
2025-08-23T11:08:06.4165168Z a2cadbfeca72: Waiting
2025-08-23T11:08:06.4165472Z 4f4fb700ef54: Waiting
2025-08-23T11:08:06.4165774Z a976ed7e7808: Waiting
2025-08-23T11:08:06.4895488Z 4c55286bbede: Verifying Checksum
2025-08-23T11:08:06.4896270Z 4c55286bbede: Download complete
2025-08-23T11:08:06.5153181Z 5e28347af205: Verifying Checksum
2025-08-23T11:08:06.5153636Z 5e28347af205: Download complete
2025-08-23T11:08:06.5397879Z 0368fd46e3c6: Verifying Checksum
2025-08-23T11:08:06.5402927Z 0368fd46e3c6: Download complete
2025-08-23T11:08:06.5934526Z 311eca34042e: Verifying Checksum
2025-08-23T11:08:06.5937070Z 311eca34042e: Download complete
2025-08-23T11:08:06.6199138Z a2cadbfeca72: Verifying Checksum
2025-08-23T11:08:06.6200084Z a2cadbfeca72: Download complete
2025-08-23T11:08:06.6719556Z 4f4fb700ef54: Verifying Checksum
2025-08-23T11:08:06.6720167Z 4f4fb700ef54: Download complete
2025-08-23T11:08:06.6822618Z e6fe6f07e192: Verifying Checksum
2025-08-23T11:08:06.6824182Z e6fe6f07e192: Download complete
2025-08-23T11:08:06.7026390Z 0368fd46e3c6: Pull complete
2025-08-23T11:08:06.7037039Z a976ed7e7808: Verifying Checksum
2025-08-23T11:08:06.7037762Z a976ed7e7808: Download complete
2025-08-23T11:08:06.7338013Z 4c55286bbede: Pull complete
2025-08-23T11:08:06.8815909Z 5e28347af205: Pull complete
2025-08-23T11:08:06.9216405Z 311eca34042e: Pull complete
2025-08-23T11:08:07.1167394Z e6fe6f07e192: Pull complete
2025-08-23T11:08:07.1290641Z a2cadbfeca72: Pull complete
2025-08-23T11:08:07.1451407Z 4f4fb700ef54: Pull complete
2025-08-23T11:08:07.1614821Z a976ed7e7808: Pull complete
2025-08-23T11:08:07.1655824Z Digest: sha256:bb186d083732f669da90be8b0f975a37812b15e913465bb14d845db72a4e3e08
2025-08-23T11:08:07.1672030Z Status: Downloaded newer image for redis:7-alpine
2025-08-23T11:08:07.1680569Z docker.io/library/redis:7-alpine
2025-08-23T11:08:07.1701119Z ##[command]/usr/bin/docker create --name 4c6e80706006424fa49a6c7ae53cf41a_redis7alpine_f7bc97 --label 9a38ce --network github_network_cda053ef97d84e9d80997b5987bc26c6 --network-alias redis -p 6379:6379  -e GITHUB_ACTIONS=true -e CI=true redis:7-alpine
2025-08-23T11:08:07.1987626Z 850c8a865603daec6a0db50e8561589f90382107c97939e74f54f44d7a2974e6
2025-08-23T11:08:07.2001677Z ##[command]/usr/bin/docker start 850c8a865603daec6a0db50e8561589f90382107c97939e74f54f44d7a2974e6
2025-08-23T11:08:07.3351156Z 850c8a865603daec6a0db50e8561589f90382107c97939e74f54f44d7a2974e6
2025-08-23T11:08:07.3370127Z ##[command]/usr/bin/docker ps --all --filter id=850c8a865603daec6a0db50e8561589f90382107c97939e74f54f44d7a2974e6 --filter status=running --no-trunc --format "{{.ID}} {{.Status}}"
2025-08-23T11:08:07.3494368Z 850c8a865603daec6a0db50e8561589f90382107c97939e74f54f44d7a2974e6 Up Less than a second
2025-08-23T11:08:07.3507636Z ##[command]/usr/bin/docker port 850c8a865603daec6a0db50e8561589f90382107c97939e74f54f44d7a2974e6
2025-08-23T11:08:07.3625151Z 6379/tcp -> 0.0.0.0:6379
2025-08-23T11:08:07.3625619Z 6379/tcp -> [::]:6379
2025-08-23T11:08:07.3639500Z ##[endgroup]
2025-08-23T11:08:07.3649324Z ##[group]Waiting for all services to be ready
2025-08-23T11:08:07.3662518Z ##[command]/usr/bin/docker inspect --format="{{if .Config.Healthcheck}}{{print .State.Health.Status}}{{end}}" d59c64c51bc516877c350aacff576ab4381ec548d5eed0d79d0d5146e03cbb84
2025-08-23T11:08:07.3781756Z starting
2025-08-23T11:08:07.3803040Z postgres service is starting, waiting 2 seconds before checking again.
2025-08-23T11:08:09.3797134Z ##[command]/usr/bin/docker inspect --format="{{if .Config.Healthcheck}}{{print .State.Health.Status}}{{end}}" d59c64c51bc516877c350aacff576ab4381ec548d5eed0d79d0d5146e03cbb84
2025-08-23T11:08:09.3919545Z starting
2025-08-23T11:08:09.3932996Z postgres service is starting, waiting 3 seconds before checking again.
2025-08-23T11:08:13.3263763Z ##[command]/usr/bin/docker inspect --format="{{if .Config.Healthcheck}}{{print .State.Health.Status}}{{end}}" d59c64c51bc516877c350aacff576ab4381ec548d5eed0d79d0d5146e03cbb84
2025-08-23T11:08:13.3383913Z healthy
2025-08-23T11:08:13.3401311Z postgres service is healthy.
2025-08-23T11:08:13.3402200Z ##[command]/usr/bin/docker inspect --format="{{if .Config.Healthcheck}}{{print .State.Health.Status}}{{end}}" 850c8a865603daec6a0db50e8561589f90382107c97939e74f54f44d7a2974e6
2025-08-23T11:08:13.3526672Z redis service is healthy.
2025-08-23T11:08:13.3527388Z ##[endgroup]
2025-08-23T11:08:13.3781079Z ##[group]Run actions/checkout@v5
2025-08-23T11:08:13.3781603Z with:
2025-08-23T11:08:13.3781778Z   fetch-depth: 0
2025-08-23T11:08:13.3781984Z   repository: AlexBomber12/AWA-App
2025-08-23T11:08:13.3782338Z   token: ***
2025-08-23T11:08:13.3782520Z   ssh-strict: true
2025-08-23T11:08:13.3782698Z   ssh-user: git
2025-08-23T11:08:13.3782878Z   persist-credentials: true
2025-08-23T11:08:13.3783086Z   clean: true
2025-08-23T11:08:13.3783267Z   sparse-checkout-cone-mode: true
2025-08-23T11:08:13.3783514Z   fetch-tags: false
2025-08-23T11:08:13.3783687Z   show-progress: true
2025-08-23T11:08:13.3783870Z   lfs: false
2025-08-23T11:08:13.3784026Z   submodules: false
2025-08-23T11:08:13.3784207Z   set-safe-directory: true
2025-08-23T11:08:13.3784576Z env:
2025-08-23T11:08:13.3784792Z   REDIS_URL: redis://localhost:6379/0
2025-08-23T11:08:13.3785058Z   RATE_LIMIT_DEFAULT: 100/minute
2025-08-23T11:08:13.3785274Z   TRUST_X_FORWARDED: 1
2025-08-23T11:08:13.3785459Z ##[endgroup]
2025-08-23T11:08:13.4724104Z Syncing repository: AlexBomber12/AWA-App
2025-08-23T11:08:13.4725332Z ##[group]Getting Git version info
2025-08-23T11:08:13.4725698Z Working directory is '/home/runner/work/AWA-App/AWA-App'
2025-08-23T11:08:13.4726200Z [command]/usr/bin/git version
2025-08-23T11:08:13.4820903Z git version 2.51.0
2025-08-23T11:08:13.4842151Z ##[endgroup]
2025-08-23T11:08:13.4858252Z Temporarily overriding HOME='/home/runner/work/_temp/d90a61bf-a64f-4812-859e-1e63129702f9' before making global git config changes
2025-08-23T11:08:13.4860092Z Adding repository directory to the temporary git global config as a safe directory
2025-08-23T11:08:13.4864344Z [command]/usr/bin/git config --global --add safe.directory /home/runner/work/AWA-App/AWA-App
2025-08-23T11:08:13.4905387Z Deleting the contents of '/home/runner/work/AWA-App/AWA-App'
2025-08-23T11:08:13.4909105Z ##[group]Initializing the repository
2025-08-23T11:08:13.4913930Z [command]/usr/bin/git init /home/runner/work/AWA-App/AWA-App
2025-08-23T11:08:13.5011555Z hint: Using 'master' as the name for the initial branch. This default branch name
2025-08-23T11:08:13.5012674Z hint: is subject to change. To configure the initial branch name to use in all
2025-08-23T11:08:13.5013536Z hint: of your new repositories, which will suppress this warning, call:
2025-08-23T11:08:13.5014122Z hint:
2025-08-23T11:08:13.5014525Z hint: 	git config --global init.defaultBranch <name>
2025-08-23T11:08:13.5015020Z hint:
2025-08-23T11:08:13.5015512Z hint: Names commonly chosen instead of 'master' are 'main', 'trunk' and
2025-08-23T11:08:13.5016320Z hint: 'development'. The just-created branch can be renamed via this command:
2025-08-23T11:08:13.5016908Z hint:
2025-08-23T11:08:13.5017220Z hint: 	git branch -m <name>
2025-08-23T11:08:13.5017566Z hint:
2025-08-23T11:08:13.5017987Z hint: Disable this message with "git config set advice.defaultBranchName false"
2025-08-23T11:08:13.5018739Z Initialized empty Git repository in /home/runner/work/AWA-App/AWA-App/.git/
2025-08-23T11:08:13.5027257Z [command]/usr/bin/git remote add origin https://github.com/AlexBomber12/AWA-App
2025-08-23T11:08:13.5064065Z ##[endgroup]
2025-08-23T11:08:13.5064685Z ##[group]Disabling automatic garbage collection
2025-08-23T11:08:13.5068619Z [command]/usr/bin/git config --local gc.auto 0
2025-08-23T11:08:13.5095809Z ##[endgroup]
2025-08-23T11:08:13.5096414Z ##[group]Setting up auth
2025-08-23T11:08:13.5103536Z [command]/usr/bin/git config --local --name-only --get-regexp core\.sshCommand
2025-08-23T11:08:13.5134141Z [command]/usr/bin/git submodule foreach --recursive sh -c "git config --local --name-only --get-regexp 'core\.sshCommand' && git config --local --unset-all 'core.sshCommand' || :"
2025-08-23T11:08:13.5459597Z [command]/usr/bin/git config --local --name-only --get-regexp http\.https\:\/\/github\.com\/\.extraheader
2025-08-23T11:08:13.5489481Z [command]/usr/bin/git submodule foreach --recursive sh -c "git config --local --name-only --get-regexp 'http\.https\:\/\/github\.com\/\.extraheader' && git config --local --unset-all 'http.https://github.com/.extraheader' || :"
2025-08-23T11:08:13.5709753Z [command]/usr/bin/git config --local http.https://github.com/.extraheader AUTHORIZATION: basic ***
2025-08-23T11:08:13.5744785Z ##[endgroup]
2025-08-23T11:08:13.5745424Z ##[group]Fetching the repository
2025-08-23T11:08:13.5754405Z [command]/usr/bin/git -c protocol.version=2 fetch --prune --no-recurse-submodules origin +refs/heads/*:refs/remotes/origin/* +refs/tags/*:refs/tags/*
2025-08-23T11:08:16.7471603Z From https://github.com/AlexBomber12/AWA-App
2025-08-23T11:08:16.7474106Z  * [new branch]        codex/analyze-ci-logs-and-fix-failures -> origin/codex/analyze-ci-logs-and-fix-failures
2025-08-23T11:08:16.7475250Z  * [new branch]        codex/fix-ci-workflow-failures -> origin/codex/fix-ci-workflow-failures
2025-08-23T11:08:16.7476404Z  * [new branch]        codex/fix-ci-workflows-to-pass-all-tests -> origin/codex/fix-ci-workflows-to-pass-all-tests
2025-08-23T11:08:16.7477972Z  * [new branch]        codex/implement-minimal-fixes-to-pass-ci-workflows -> origin/codex/implement-minimal-fixes-to-pass-ci-workflows
2025-08-23T11:08:16.7479737Z  * [new branch]        codex/implement-targeted-fixes-for-ci-failures -> origin/codex/implement-targeted-fixes-for-ci-failures
2025-08-23T11:08:16.7481274Z  * [new branch]        codex/implement-targeted-fixes-for-ci-workflows -> origin/codex/implement-targeted-fixes-for-ci-workflows
2025-08-23T11:08:16.7483037Z  * [new branch]        codex/implement-targeted-fixes-for-ci-workflows-ruxrnh -> origin/codex/implement-targeted-fixes-for-ci-workflows-ruxrnh
2025-08-23T11:08:16.7484575Z  * [new branch]        main       -> origin/main
2025-08-23T11:08:16.7485112Z  * [new tag]           0.3.0      -> 0.3.0
2025-08-23T11:08:16.7526499Z [command]/usr/bin/git branch --list --remote origin/main
2025-08-23T11:08:16.7551881Z   origin/main
2025-08-23T11:08:16.7561123Z [command]/usr/bin/git rev-parse refs/remotes/origin/main
2025-08-23T11:08:16.7582194Z a6c27dbbf561b6458617d13faef06e9780625c39
2025-08-23T11:08:16.7592497Z [command]/usr/bin/git -c protocol.version=2 fetch --no-tags --prune --no-recurse-submodules origin +6c689dc94431444fe57f0aa444964e1903631289:refs/remotes/origin/main
2025-08-23T11:08:16.7640296Z From https://github.com/AlexBomber12/AWA-App
2025-08-23T11:08:16.7641098Z  + a6c27dbb...6c689dc9 6c689dc94431444fe57f0aa444964e1903631289 -> origin/main  (forced update)
2025-08-23T11:08:16.7665859Z ##[endgroup]
2025-08-23T11:08:16.7666486Z ##[group]Determining the checkout info
2025-08-23T11:08:16.7667239Z ##[endgroup]
2025-08-23T11:08:16.7672267Z [command]/usr/bin/git sparse-checkout disable
2025-08-23T11:08:16.7710238Z [command]/usr/bin/git config --local --unset-all extensions.worktreeConfig
2025-08-23T11:08:16.7736644Z ##[group]Checking out the ref
2025-08-23T11:08:16.7740977Z [command]/usr/bin/git checkout --progress --force -B main refs/remotes/origin/main
2025-08-23T11:08:16.7982332Z Switched to a new branch 'main'
2025-08-23T11:08:16.7984564Z branch 'main' set up to track 'origin/main'.
2025-08-23T11:08:16.7991517Z ##[endgroup]
2025-08-23T11:08:16.8035021Z [command]/usr/bin/git log -1 --format=%H
2025-08-23T11:08:16.8057220Z 6c689dc94431444fe57f0aa444964e1903631289
2025-08-23T11:08:16.8219399Z ##[group]Run cat .env.ci >> "$GITHUB_ENV"
2025-08-23T11:08:16.8219794Z [36;1mcat .env.ci >> "$GITHUB_ENV"[0m
2025-08-23T11:08:16.8220496Z [36;1mecho "DATABASE_URL=***localhost:5432/awa" >> "$GITHUB_ENV"[0m
2025-08-23T11:08:16.8220847Z [36;1mecho "PG_HOST=localhost" >> "$GITHUB_ENV"[0m
2025-08-23T11:08:16.8221143Z [36;1mecho "PG_PORT=5432" >> "$GITHUB_ENV"[0m
2025-08-23T11:08:16.8221424Z [36;1mecho "PG_USER=postgres" >> "$GITHUB_ENV"[0m
2025-08-23T11:08:16.8221703Z [36;1mecho "PG_PASSWORD=pass" >> "$GITHUB_ENV"[0m
2025-08-23T11:08:16.8221976Z [36;1mecho "PG_DATABASE=awa" >> "$GITHUB_ENV"[0m
2025-08-23T11:08:16.8222239Z [36;1mecho "TESTING=1" >> "$GITHUB_ENV"[0m
2025-08-23T11:08:16.8265529Z shell: /usr/bin/bash -e {0}
2025-08-23T11:08:16.8265766Z env:
2025-08-23T11:08:16.8265964Z   REDIS_URL: redis://localhost:6379/0
2025-08-23T11:08:16.8266234Z   RATE_LIMIT_DEFAULT: 100/minute
2025-08-23T11:08:16.8266463Z   TRUST_X_FORWARDED: 1
2025-08-23T11:08:16.8266690Z ##[endgroup]
2025-08-23T11:08:16.8448811Z ##[group]Run actions/setup-python@v5
2025-08-23T11:08:16.8449112Z with:
2025-08-23T11:08:16.8449290Z   python-version: 3.12
2025-08-23T11:08:16.8449499Z   cache: pip
2025-08-23T11:08:16.8450268Z   cache-dependency-path: requirements-dev.txt
services/etl/requirements.txt
services/api/requirements.txt
services/repricer/requirements.txt
services/fees_h10/requirements.txt
services/alert_bot/requirements.txt

2025-08-23T11:08:16.8451106Z   check-latest: false
2025-08-23T11:08:16.8451432Z   token: ***
2025-08-23T11:08:16.8451616Z   update-environment: true
2025-08-23T11:08:16.8451840Z   allow-prereleases: false
2025-08-23T11:08:16.8452041Z   freethreaded: false
2025-08-23T11:08:16.8452218Z env:
2025-08-23T11:08:16.8452395Z   REDIS_URL: redis://localhost:6379/0
2025-08-23T11:08:16.8452649Z   RATE_LIMIT_DEFAULT: 100/minute
2025-08-23T11:08:16.8452862Z   TRUST_X_FORWARDED: 1
2025-08-23T11:08:16.8453055Z   PG_USER: postgres
2025-08-23T11:08:16.8453239Z   PG_PASSWORD: pass
2025-08-23T11:08:16.8453453Z   PG_DATABASE: awa
2025-08-23T11:08:16.8453627Z   PG_HOST: localhost
2025-08-23T11:08:16.8453805Z   PG_PORT: 5432
2025-08-23T11:08:16.8454168Z   PG_SYNC_DSN: ***localhost:5432/awa
2025-08-23T11:08:16.8454563Z   PG_ASYNC_DSN: ***localhost:5432/awa
2025-08-23T11:08:16.8455002Z   DATABASE_URL: ***localhost:5432/awa
2025-08-23T11:08:16.8455491Z   DATA_DIR: /tmp/awa-data
2025-08-23T11:08:16.8455685Z   ENABLE_LIVE: 0
2025-08-23T11:08:16.8455850Z   TESTING: 1
2025-08-23T11:08:16.8456016Z ##[endgroup]
2025-08-23T11:08:17.0149097Z ##[group]Installed versions
2025-08-23T11:08:17.0674562Z Successfully set up CPython (3.12.11)
2025-08-23T11:08:17.0675385Z ##[endgroup]
2025-08-23T11:08:17.1079257Z [command]/opt/hostedtoolcache/Python/3.12.11/x64/bin/pip cache dir
2025-08-23T11:08:19.4466146Z /home/runner/.cache/pip
2025-08-23T11:08:19.5708806Z Cache hit for: setup-python-Linux-x64-24.04-Ubuntu-python-3.12.11-pip-811b81ed6ebfbfffa596cc763769fd73f8be2333e1ac798acb7aae17a56fccd5
2025-08-23T11:08:20.6014200Z Received 218103808 of 376041141 (58.0%), 207.8 MBs/sec
2025-08-23T11:08:21.4314638Z Received 376041141 of 376041141 (100.0%), 195.9 MBs/sec
2025-08-23T11:08:21.4316450Z Cache Size: ~359 MB (376041141 B)
2025-08-23T11:08:21.4378238Z [command]/usr/bin/tar -xf /home/runner/work/_temp/d98bef6d-1776-4ce8-a939-f926586f4cff/cache.tzst -P -C /home/runner/work/AWA-App/AWA-App --use-compress-program unzstd
2025-08-23T11:08:22.0119553Z Cache restored successfully
2025-08-23T11:08:22.0838085Z Cache restored from key: setup-python-Linux-x64-24.04-Ubuntu-python-3.12.11-pip-811b81ed6ebfbfffa596cc763769fd73f8be2333e1ac798acb7aae17a56fccd5
2025-08-23T11:08:22.1551626Z ##[group]Run actions/cache@v4
2025-08-23T11:08:22.1551900Z with:
2025-08-23T11:08:22.1552126Z   path: ~/.cache/pip
.pytest_cache
~/.ruff_cache

2025-08-23T11:08:22.1552558Z   key: Linux-test-cc13ccef493b9f3a93ad5651164d9fb09282c1111f6f72ce20e0657de16de6b4
2025-08-23T11:08:22.1552967Z   restore-keys: Linux-test-
2025-08-23T11:08:22.1553205Z   enableCrossOsArchive: false
2025-08-23T11:08:22.1553429Z   fail-on-cache-miss: false
2025-08-23T11:08:22.1553641Z   lookup-only: false
2025-08-23T11:08:22.1553832Z   save-always: false
2025-08-23T11:08:22.1554005Z env:
2025-08-23T11:08:22.1554209Z   REDIS_URL: redis://localhost:6379/0
2025-08-23T11:08:22.1554470Z   RATE_LIMIT_DEFAULT: 100/minute
2025-08-23T11:08:22.1554703Z   TRUST_X_FORWARDED: 1
2025-08-23T11:08:22.1554897Z   PG_USER: postgres
2025-08-23T11:08:22.1555084Z   PG_PASSWORD: pass
2025-08-23T11:08:22.1555259Z   PG_DATABASE: awa
2025-08-23T11:08:22.1555445Z   PG_HOST: localhost
2025-08-23T11:08:22.1555635Z   PG_PORT: 5432
2025-08-23T11:08:22.1556135Z   PG_SYNC_DSN: ***localhost:5432/awa
2025-08-23T11:08:22.1556563Z   PG_ASYNC_DSN: ***localhost:5432/awa
2025-08-23T11:08:22.1556960Z   DATABASE_URL: ***localhost:5432/awa
2025-08-23T11:08:22.1557195Z   DATA_DIR: /tmp/awa-data
2025-08-23T11:08:22.1557393Z   ENABLE_LIVE: 0
2025-08-23T11:08:22.1557570Z   TESTING: 1
2025-08-23T11:08:22.1557805Z   pythonLocation: /opt/hostedtoolcache/Python/3.12.11/x64
2025-08-23T11:08:22.1558199Z   PKG_CONFIG_PATH: /opt/hostedtoolcache/Python/3.12.11/x64/lib/pkgconfig
2025-08-23T11:08:22.1558840Z   Python_ROOT_DIR: /opt/hostedtoolcache/Python/3.12.11/x64
2025-08-23T11:08:22.1559206Z   Python2_ROOT_DIR: /opt/hostedtoolcache/Python/3.12.11/x64
2025-08-23T11:08:22.1559555Z   Python3_ROOT_DIR: /opt/hostedtoolcache/Python/3.12.11/x64
2025-08-23T11:08:22.1559910Z   LD_LIBRARY_PATH: /opt/hostedtoolcache/Python/3.12.11/x64/lib
2025-08-23T11:08:22.1560200Z ##[endgroup]
2025-08-23T11:08:22.3713422Z Cache hit for: Linux-test-cc13ccef493b9f3a93ad5651164d9fb09282c1111f6f72ce20e0657de16de6b4
2025-08-23T11:08:23.4151428Z Received 197132288 of 376058925 (52.4%), 187.8 MBs/sec
2025-08-23T11:08:24.1815361Z Received 376058925 of 376058925 (100.0%), 202.8 MBs/sec
2025-08-23T11:08:24.1817792Z Cache Size: ~359 MB (376058925 B)
2025-08-23T11:08:24.1918745Z [command]/usr/bin/tar -xf /home/runner/work/_temp/2902ff0d-efc7-4569-be6e-7a492bfb964d/cache.tzst -P -C /home/runner/work/AWA-App/AWA-App --use-compress-program unzstd
2025-08-23T11:08:24.8431410Z Cache restored successfully
2025-08-23T11:08:24.9225364Z Cache restored from key: Linux-test-cc13ccef493b9f3a93ad5651164d9fb09282c1111f6f72ce20e0657de16de6b4
2025-08-23T11:08:24.9337997Z ##[group]Run pip install --break-system-packages -r services/etl/requirements.txt
2025-08-23T11:08:24.9338990Z [36;1mpip install --break-system-packages -r services/etl/requirements.txt[0m
2025-08-23T11:08:24.9339504Z [36;1mpip install --break-system-packages -r services/api/requirements.txt[0m
2025-08-23T11:08:24.9340016Z [36;1mpip install --break-system-packages -r services/repricer/requirements.txt[0m
2025-08-23T11:08:24.9340539Z [36;1mpip install --break-system-packages -r services/fees_h10/requirements.txt[0m
2025-08-23T11:08:24.9341049Z [36;1mpip install --break-system-packages -r services/alert_bot/requirements.txt[0m
2025-08-23T11:08:24.9341516Z [36;1mpip install --break-system-packages -r requirements-dev.txt[0m
2025-08-23T11:08:24.9341896Z [36;1mpip install --break-system-packages asyncpg[0m
2025-08-23T11:08:24.9342243Z [36;1mpip install --break-system-packages pytest[0m
2025-08-23T11:08:24.9342649Z [36;1mpip install --break-system-packages keepa==1.3.15 minio==7.1.15[0m
2025-08-23T11:08:24.9384354Z shell: /usr/bin/bash -e {0}
2025-08-23T11:08:24.9384613Z env:
2025-08-23T11:08:24.9384830Z   REDIS_URL: redis://localhost:6379/0
2025-08-23T11:08:24.9385109Z   RATE_LIMIT_DEFAULT: 100/minute
2025-08-23T11:08:24.9385346Z   TRUST_X_FORWARDED: 1
2025-08-23T11:08:24.9385549Z   PG_USER: postgres
2025-08-23T11:08:24.9385754Z   PG_PASSWORD: pass
2025-08-23T11:08:24.9385962Z   PG_DATABASE: awa
2025-08-23T11:08:24.9386150Z   PG_HOST: localhost
2025-08-23T11:08:24.9386347Z   PG_PORT: 5432
2025-08-23T11:08:24.9386959Z   PG_SYNC_DSN: ***localhost:5432/awa
2025-08-23T11:08:24.9387425Z   PG_ASYNC_DSN: ***localhost:5432/awa
2025-08-23T11:08:24.9387815Z   DATABASE_URL: ***localhost:5432/awa
2025-08-23T11:08:24.9388064Z   DATA_DIR: /tmp/awa-data
2025-08-23T11:08:24.9388280Z   ENABLE_LIVE: 0
2025-08-23T11:08:24.9388662Z   TESTING: 1
2025-08-23T11:08:24.9388912Z   pythonLocation: /opt/hostedtoolcache/Python/3.12.11/x64
2025-08-23T11:08:24.9389320Z   PKG_CONFIG_PATH: /opt/hostedtoolcache/Python/3.12.11/x64/lib/pkgconfig
2025-08-23T11:08:24.9389713Z   Python_ROOT_DIR: /opt/hostedtoolcache/Python/3.12.11/x64
2025-08-23T11:08:24.9390076Z   Python2_ROOT_DIR: /opt/hostedtoolcache/Python/3.12.11/x64
2025-08-23T11:08:24.9390433Z   Python3_ROOT_DIR: /opt/hostedtoolcache/Python/3.12.11/x64
2025-08-23T11:08:24.9390804Z   LD_LIBRARY_PATH: /opt/hostedtoolcache/Python/3.12.11/x64/lib
2025-08-23T11:08:24.9391105Z ##[endgroup]
2025-08-23T11:08:26.6664507Z Collecting keepa==1.3.14 (from -r services/etl/requirements.txt (line 1))
2025-08-23T11:08:26.6677923Z   Using cached keepa-1.3.14-py3-none-any.whl.metadata (10 kB)
2025-08-23T11:08:26.6986350Z Collecting minio==7.1.15 (from -r services/etl/requirements.txt (line 2))
2025-08-23T11:08:26.6998102Z   Using cached minio-7.1.15-py3-none-any.whl.metadata (4.2 kB)
2025-08-23T11:08:26.7377973Z Collecting celery==5.3.* (from -r services/etl/requirements.txt (line 3))
2025-08-23T11:08:26.7389092Z   Using cached celery-5.3.6-py3-none-any.whl.metadata (21 kB)
2025-08-23T11:08:26.7890327Z Collecting redis==5.* (from -r services/etl/requirements.txt (line 4))
2025-08-23T11:08:26.7901250Z   Using cached redis-5.3.1-py3-none-any.whl.metadata (9.2 kB)
2025-08-23T11:08:26.8479348Z Collecting python-amazon-sp-api==0.8.0 (from -r services/etl/requirements.txt (line 5))
2025-08-23T11:08:26.8490606Z   Using cached python_amazon_sp_api-0.8.0-py3-none-any.whl.metadata (3.2 kB)
2025-08-23T11:08:26.8771309Z Collecting pydantic-settings==2.2.1 (from -r services/etl/requirements.txt (line 6))
2025-08-23T11:08:26.8782403Z   Using cached pydantic_settings-2.2.1-py3-none-any.whl.metadata (3.1 kB)
2025-08-23T11:08:27.0464135Z Collecting numpy<2 (from -r services/etl/requirements.txt (line 7))
2025-08-23T11:08:27.0478537Z   Using cached numpy-1.26.4-cp312-cp312-manylinux_2_17_x86_64.manylinux2014_x86_64.whl.metadata (61 kB)
2025-08-23T11:08:27.1935316Z Collecting pandas==2.2.* (from -r services/etl/requirements.txt (line 8))
2025-08-23T11:08:27.1948947Z   Using cached pandas-2.2.3-cp312-cp312-manylinux_2_17_x86_64.manylinux2014_x86_64.whl.metadata (89 kB)
2025-08-23T11:08:27.2583122Z Collecting pandera==0.19.* (from -r services/etl/requirements.txt (line 9))
2025-08-23T11:08:27.2594983Z   Using cached pandera-0.19.3-py3-none-any.whl.metadata (15 kB)
2025-08-23T11:08:27.2857492Z Collecting openpyxl==3.1.* (from -r services/etl/requirements.txt (line 10))
2025-08-23T11:08:27.2869385Z   Using cached openpyxl-3.1.5-py2.py3-none-any.whl.metadata (2.5 kB)
2025-08-23T11:08:27.3051438Z Collecting psycopg==3.2.9 (from psycopg[binary]==3.2.9->-r services/etl/requirements.txt (line 11))
2025-08-23T11:08:27.3063119Z   Using cached psycopg-3.2.9-py3-none-any.whl.metadata (4.5 kB)
2025-08-23T11:08:27.3715345Z Collecting psycopg2-binary==2.9.* (from -r services/etl/requirements.txt (line 12))
2025-08-23T11:08:27.3728180Z   Using cached psycopg2_binary-2.9.10-cp312-cp312-manylinux_2_17_x86_64.manylinux2014_x86_64.whl.metadata (4.9 kB)
2025-08-23T11:08:27.4247768Z Collecting sentry-sdk==2.9.0 (from -r services/etl/requirements.txt (line 13))
2025-08-23T11:08:27.4259445Z   Using cached sentry_sdk-2.9.0-py2.py3-none-any.whl.metadata (14 kB)
2025-08-23T11:08:27.4899089Z Collecting requests>=2.2 (from keepa==1.3.14->-r services/etl/requirements.txt (line 1))
2025-08-23T11:08:27.4910831Z   Using cached requests-2.32.5-py3-none-any.whl.metadata (4.9 kB)
2025-08-23T11:08:27.5289226Z Collecting tqdm (from keepa==1.3.14->-r services/etl/requirements.txt (line 1))
2025-08-23T11:08:27.5300402Z   Using cached tqdm-4.67.1-py3-none-any.whl.metadata (57 kB)
2025-08-23T11:08:28.0353519Z Collecting aiohttp (from keepa==1.3.14->-r services/etl/requirements.txt (line 1))
2025-08-23T11:08:28.0367341Z   Using cached aiohttp-3.12.15-cp312-cp312-manylinux_2_17_x86_64.manylinux2014_x86_64.whl.metadata (7.7 kB)
2025-08-23T11:08:28.1564004Z Collecting pydantic (from keepa==1.3.14->-r services/etl/requirements.txt (line 1))
2025-08-23T11:08:28.1577200Z   Using cached pydantic-2.11.7-py3-none-any.whl.metadata (67 kB)
2025-08-23T11:08:28.1823878Z Collecting certifi (from minio==7.1.15->-r services/etl/requirements.txt (line 2))
2025-08-23T11:08:28.1835451Z   Using cached certifi-2025.8.3-py3-none-any.whl.metadata (2.4 kB)
2025-08-23T11:08:28.2100861Z Collecting urllib3 (from minio==7.1.15->-r services/etl/requirements.txt (line 2))
2025-08-23T11:08:28.2112269Z   Using cached urllib3-2.5.0-py3-none-any.whl.metadata (6.5 kB)
2025-08-23T11:08:28.2281888Z Collecting six<2,>=1.15 (from python-amazon-sp-api==0.8.0->-r services/etl/requirements.txt (line 5))
2025-08-23T11:08:28.2293241Z   Using cached six-1.17.0-py2.py3-none-any.whl.metadata (1.7 kB)
2025-08-23T11:08:28.6860890Z Collecting boto3<2,>=1.16.39 (from python-amazon-sp-api==0.8.0->-r services/etl/requirements.txt (line 5))
2025-08-23T11:08:28.7319253Z   Downloading boto3-1.40.16-py3-none-any.whl.metadata (6.7 kB)
2025-08-23T11:08:28.7549770Z Collecting cachetools~=4.2.0 (from python-amazon-sp-api==0.8.0->-r services/etl/requirements.txt (line 5))
2025-08-23T11:08:28.7561722Z   Using cached cachetools-4.2.4-py3-none-any.whl.metadata (4.8 kB)
2025-08-23T11:08:28.8379725Z Collecting pycryptodome (from python-amazon-sp-api==0.8.0->-r services/etl/requirements.txt (line 5))
2025-08-23T11:08:28.8393656Z   Using cached pycryptodome-3.23.0-cp37-abi3-manylinux_2_17_x86_64.manylinux2014_x86_64.whl.metadata (3.4 kB)
2025-08-23T11:08:28.8766289Z Collecting pytz (from python-amazon-sp-api==0.8.0->-r services/etl/requirements.txt (line 5))
2025-08-23T11:08:28.8778785Z   Using cached pytz-2025.2-py2.py3-none-any.whl.metadata (22 kB)
2025-08-23T11:08:28.8927183Z Collecting confuse~=1.4.0 (from python-amazon-sp-api==0.8.0->-r services/etl/requirements.txt (line 5))
2025-08-23T11:08:28.8939126Z   Using cached confuse-1.4.0-py2.py3-none-any.whl.metadata (3.8 kB)
2025-08-23T11:08:28.9236966Z Collecting python-dotenv>=0.21.0 (from pydantic-settings==2.2.1->-r services/etl/requirements.txt (line 6))
2025-08-23T11:08:28.9249394Z   Using cached python_dotenv-1.1.1-py3-none-any.whl.metadata (24 kB)
2025-08-23T11:08:28.9470840Z Collecting typing-extensions>=4.6 (from psycopg==3.2.9->psycopg[binary]==3.2.9->-r services/etl/requirements.txt (line 11))
2025-08-23T11:08:28.9482887Z   Using cached typing_extensions-4.14.1-py3-none-any.whl.metadata (3.0 kB)
2025-08-23T11:08:29.0986114Z Collecting psycopg-binary==3.2.9 (from psycopg[binary]==3.2.9->-r services/etl/requirements.txt (line 11))
2025-08-23T11:08:29.0999816Z   Using cached psycopg_binary-3.2.9-cp312-cp312-manylinux_2_17_x86_64.manylinux2014_x86_64.whl.metadata (2.9 kB)
2025-08-23T11:08:29.1228226Z Collecting billiard<5.0,>=4.2.0 (from celery==5.3.*->-r services/etl/requirements.txt (line 3))
2025-08-23T11:08:29.1240714Z   Using cached billiard-4.2.1-py3-none-any.whl.metadata (4.4 kB)
2025-08-23T11:08:29.1364879Z Collecting click-didyoumean>=0.3.0 (from celery==5.3.*->-r services/etl/requirements.txt (line 3))
2025-08-23T11:08:29.1377120Z   Using cached click_didyoumean-0.3.1-py3-none-any.whl.metadata (3.9 kB)
2025-08-23T11:08:29.1496056Z Collecting click-plugins>=1.1.1 (from celery==5.3.*->-r services/etl/requirements.txt (line 3))
2025-08-23T11:08:29.1507576Z   Using cached click_plugins-1.1.1.2-py2.py3-none-any.whl.metadata (6.5 kB)
2025-08-23T11:08:29.1643626Z Collecting click-repl>=0.2.0 (from celery==5.3.*->-r services/etl/requirements.txt (line 3))
2025-08-23T11:08:29.1655215Z   Using cached click_repl-0.3.0-py3-none-any.whl.metadata (3.6 kB)
2025-08-23T11:08:29.1879221Z Collecting click<9.0,>=8.1.2 (from celery==5.3.*->-r services/etl/requirements.txt (line 3))
2025-08-23T11:08:29.1891022Z   Using cached click-8.2.1-py3-none-any.whl.metadata (2.5 kB)
2025-08-23T11:08:29.2193296Z Collecting kombu<6.0,>=5.3.4 (from celery==5.3.*->-r services/etl/requirements.txt (line 3))
2025-08-23T11:08:29.2205394Z   Using cached kombu-5.5.4-py3-none-any.whl.metadata (3.5 kB)
2025-08-23T11:08:29.2414196Z Collecting python-dateutil>=2.8.2 (from celery==5.3.*->-r services/etl/requirements.txt (line 3))
2025-08-23T11:08:29.2426194Z   Using cached python_dateutil-2.9.0.post0-py2.py3-none-any.whl.metadata (8.4 kB)
2025-08-23T11:08:29.2583796Z Collecting tzdata>=2022.7 (from celery==5.3.*->-r services/etl/requirements.txt (line 3))
2025-08-23T11:08:29.2595803Z   Using cached tzdata-2025.2-py2.py3-none-any.whl.metadata (1.4 kB)
2025-08-23T11:08:29.2726597Z Collecting vine<6.0,>=5.1.0 (from celery==5.3.*->-r services/etl/requirements.txt (line 3))
2025-08-23T11:08:29.2738245Z   Using cached vine-5.1.0-py3-none-any.whl.metadata (2.7 kB)
2025-08-23T11:08:29.2940267Z Collecting PyJWT>=2.9.0 (from redis==5.*->-r services/etl/requirements.txt (line 4))
2025-08-23T11:08:29.2951406Z   Using cached PyJWT-2.10.1-py3-none-any.whl.metadata (4.0 kB)
2025-08-23T11:08:29.3276962Z Collecting multimethod<=1.10.0 (from pandera==0.19.*->-r services/etl/requirements.txt (line 9))
2025-08-23T11:08:29.3287984Z   Using cached multimethod-1.10-py3-none-any.whl.metadata (8.2 kB)
2025-08-23T11:08:29.3547383Z Collecting packaging>=20.0 (from pandera==0.19.*->-r services/etl/requirements.txt (line 9))
2025-08-23T11:08:29.3558797Z   Using cached packaging-25.0-py3-none-any.whl.metadata (3.3 kB)
2025-08-23T11:08:29.3858007Z Collecting typeguard (from pandera==0.19.*->-r services/etl/requirements.txt (line 9))
2025-08-23T11:08:29.3870690Z   Using cached typeguard-4.4.4-py3-none-any.whl.metadata (3.3 kB)
2025-08-23T11:08:29.4010766Z Collecting typing-inspect>=0.6.0 (from pandera==0.19.*->-r services/etl/requirements.txt (line 9))
2025-08-23T11:08:29.4022601Z   Using cached typing_inspect-0.9.0-py3-none-any.whl.metadata (1.5 kB)
2025-08-23T11:08:29.5011167Z Collecting wrapt (from pandera==0.19.*->-r services/etl/requirements.txt (line 9))
2025-08-23T11:08:29.5024551Z   Using cached wrapt-1.17.3-cp312-cp312-manylinux1_x86_64.manylinux_2_28_x86_64.manylinux_2_5_x86_64.whl.metadata (6.4 kB)
2025-08-23T11:08:29.5157793Z Collecting et-xmlfile (from openpyxl==3.1.*->-r services/etl/requirements.txt (line 10))
2025-08-23T11:08:29.5170027Z   Using cached et_xmlfile-2.0.0-py3-none-any.whl.metadata (2.7 kB)
2025-08-23T11:08:29.9769893Z Collecting botocore<1.41.0,>=1.40.16 (from boto3<2,>=1.16.39->python-amazon-sp-api==0.8.0->-r services/etl/requirements.txt (line 5))
2025-08-23T11:08:29.9850106Z   Downloading botocore-1.40.16-py3-none-any.whl.metadata (5.7 kB)
2025-08-23T11:08:30.0043028Z Collecting jmespath<2.0.0,>=0.7.1 (from boto3<2,>=1.16.39->python-amazon-sp-api==0.8.0->-r services/etl/requirements.txt (line 5))
2025-08-23T11:08:30.0055016Z   Using cached jmespath-1.0.1-py3-none-any.whl.metadata (7.6 kB)
2025-08-23T11:08:30.0262462Z Collecting s3transfer<0.14.0,>=0.13.0 (from boto3<2,>=1.16.39->python-amazon-sp-api==0.8.0->-r services/etl/requirements.txt (line 5))
2025-08-23T11:08:30.0274005Z   Using cached s3transfer-0.13.1-py3-none-any.whl.metadata (1.7 kB)
2025-08-23T11:08:30.0801173Z Collecting pyyaml (from confuse~=1.4.0->python-amazon-sp-api==0.8.0->-r services/etl/requirements.txt (line 5))
2025-08-23T11:08:30.0815525Z   Using cached PyYAML-6.0.2-cp312-cp312-manylinux_2_17_x86_64.manylinux2014_x86_64.whl.metadata (2.1 kB)
2025-08-23T11:08:30.1042831Z Collecting amqp<6.0.0,>=5.1.1 (from kombu<6.0,>=5.3.4->celery==5.3.*->-r services/etl/requirements.txt (line 3))
2025-08-23T11:08:30.1055003Z   Using cached amqp-5.3.1-py3-none-any.whl.metadata (8.9 kB)
2025-08-23T11:08:30.3344083Z Collecting prompt-toolkit>=3.0.36 (from click-repl>=0.2.0->celery==5.3.*->-r services/etl/requirements.txt (line 3))
2025-08-23T11:08:30.3355912Z   Using cached prompt_toolkit-3.0.51-py3-none-any.whl.metadata (6.4 kB)
2025-08-23T11:08:30.3534395Z Collecting wcwidth (from prompt-toolkit>=3.0.36->click-repl>=0.2.0->celery==5.3.*->-r services/etl/requirements.txt (line 3))
2025-08-23T11:08:30.3545563Z   Using cached wcwidth-0.2.13-py2.py3-none-any.whl.metadata (14 kB)
2025-08-23T11:08:30.3695488Z Collecting annotated-types>=0.6.0 (from pydantic->keepa==1.3.14->-r services/etl/requirements.txt (line 1))
2025-08-23T11:08:30.3706460Z   Using cached annotated_types-0.7.0-py3-none-any.whl.metadata (15 kB)
2025-08-23T11:08:31.0470437Z Collecting pydantic-core==2.33.2 (from pydantic->keepa==1.3.14->-r services/etl/requirements.txt (line 1))
2025-08-23T11:08:31.0485046Z   Using cached pydantic_core-2.33.2-cp312-cp312-manylinux_2_17_x86_64.manylinux2014_x86_64.whl.metadata (6.8 kB)
2025-08-23T11:08:31.0653935Z Collecting typing-inspection>=0.4.0 (from pydantic->keepa==1.3.14->-r services/etl/requirements.txt (line 1))
2025-08-23T11:08:31.0665927Z   Using cached typing_inspection-0.4.1-py3-none-any.whl.metadata (2.6 kB)
2025-08-23T11:08:31.1570335Z Collecting charset_normalizer<4,>=2 (from requests>=2.2->keepa==1.3.14->-r services/etl/requirements.txt (line 1))
2025-08-23T11:08:31.1583982Z   Using cached charset_normalizer-3.4.3-cp312-cp312-manylinux2014_x86_64.manylinux_2_17_x86_64.manylinux_2_28_x86_64.whl.metadata (36 kB)
2025-08-23T11:08:31.1767018Z Collecting idna<4,>=2.5 (from requests>=2.2->keepa==1.3.14->-r services/etl/requirements.txt (line 1))
2025-08-23T11:08:31.1778860Z   Using cached idna-3.10-py3-none-any.whl.metadata (10 kB)
2025-08-23T11:08:31.2206855Z Collecting mypy-extensions>=0.3.0 (from typing-inspect>=0.6.0->pandera==0.19.*->-r services/etl/requirements.txt (line 9))
2025-08-23T11:08:31.2218710Z   Using cached mypy_extensions-1.1.0-py3-none-any.whl.metadata (1.1 kB)
2025-08-23T11:08:31.2569626Z Collecting aiohappyeyeballs>=2.5.0 (from aiohttp->keepa==1.3.14->-r services/etl/requirements.txt (line 1))
2025-08-23T11:08:31.2581727Z   Using cached aiohappyeyeballs-2.6.1-py3-none-any.whl.metadata (5.9 kB)
2025-08-23T11:08:31.2707046Z Collecting aiosignal>=1.4.0 (from aiohttp->keepa==1.3.14->-r services/etl/requirements.txt (line 1))
2025-08-23T11:08:31.2719143Z   Using cached aiosignal-1.4.0-py3-none-any.whl.metadata (3.7 kB)
2025-08-23T11:08:31.2893156Z Collecting attrs>=17.3.0 (from aiohttp->keepa==1.3.14->-r services/etl/requirements.txt (line 1))
2025-08-23T11:08:31.2904831Z   Using cached attrs-25.3.0-py3-none-any.whl.metadata (10 kB)
2025-08-23T11:08:31.3612731Z Collecting frozenlist>=1.1.1 (from aiohttp->keepa==1.3.14->-r services/etl/requirements.txt (line 1))
2025-08-23T11:08:31.3626175Z   Using cached frozenlist-1.7.0-cp312-cp312-manylinux_2_5_x86_64.manylinux1_x86_64.manylinux_2_17_x86_64.manylinux2014_x86_64.whl.metadata (18 kB)
2025-08-23T11:08:31.6747649Z Collecting multidict<7.0,>=4.5 (from aiohttp->keepa==1.3.14->-r services/etl/requirements.txt (line 1))
2025-08-23T11:08:31.6762201Z   Using cached multidict-6.6.4-cp312-cp312-manylinux2014_x86_64.manylinux_2_17_x86_64.manylinux_2_28_x86_64.whl.metadata (5.3 kB)
2025-08-23T11:08:31.7210924Z Collecting propcache>=0.2.0 (from aiohttp->keepa==1.3.14->-r services/etl/requirements.txt (line 1))
2025-08-23T11:08:31.7222901Z   Using cached propcache-0.3.2-cp312-cp312-manylinux_2_17_x86_64.manylinux2014_x86_64.whl.metadata (12 kB)
2025-08-23T11:08:31.9648072Z Collecting yarl<2.0,>=1.17.0 (from aiohttp->keepa==1.3.14->-r services/etl/requirements.txt (line 1))
2025-08-23T11:08:31.9666474Z   Using cached yarl-1.20.1-cp312-cp312-manylinux_2_17_x86_64.manylinux2014_x86_64.whl.metadata (73 kB)
2025-08-23T11:08:32.0285675Z Using cached keepa-1.3.14-py3-none-any.whl (33 kB)
2025-08-23T11:08:32.0297350Z Using cached minio-7.1.15-py3-none-any.whl (77 kB)
2025-08-23T11:08:32.0309291Z Using cached python_amazon_sp_api-0.8.0-py3-none-any.whl (93 kB)
2025-08-23T11:08:32.0320967Z Using cached pydantic_settings-2.2.1-py3-none-any.whl (13 kB)
2025-08-23T11:08:32.0332002Z Using cached psycopg-3.2.9-py3-none-any.whl (202 kB)
2025-08-23T11:08:32.0344193Z Using cached sentry_sdk-2.9.0-py2.py3-none-any.whl (301 kB)
2025-08-23T11:08:32.0357599Z Using cached psycopg_binary-3.2.9-cp312-cp312-manylinux_2_17_x86_64.manylinux2014_x86_64.whl (4.4 MB)
2025-08-23T11:08:32.0403680Z Using cached celery-5.3.6-py3-none-any.whl (422 kB)
2025-08-23T11:08:32.0417404Z Using cached redis-5.3.1-py3-none-any.whl (272 kB)
2025-08-23T11:08:32.0431263Z Using cached numpy-1.26.4-cp312-cp312-manylinux_2_17_x86_64.manylinux2014_x86_64.whl (18.0 MB)
2025-08-23T11:08:32.0574280Z Using cached pandas-2.2.3-cp312-cp312-manylinux_2_17_x86_64.manylinux2014_x86_64.whl (12.7 MB)
2025-08-23T11:08:32.0678129Z Using cached pandera-0.19.3-py3-none-any.whl (251 kB)
2025-08-23T11:08:32.0691217Z Using cached openpyxl-3.1.5-py2.py3-none-any.whl (250 kB)
2025-08-23T11:08:32.0704735Z Using cached psycopg2_binary-2.9.10-cp312-cp312-manylinux_2_17_x86_64.manylinux2014_x86_64.whl (3.0 MB)
2025-08-23T11:08:32.0737930Z Using cached billiard-4.2.1-py3-none-any.whl (86 kB)
2025-08-23T11:08:32.0812393Z Downloading boto3-1.40.16-py3-none-any.whl (140 kB)
2025-08-23T11:08:32.1046360Z Downloading botocore-1.40.16-py3-none-any.whl (14.0 MB)
2025-08-23T11:08:32.1933941Z    ━━━━━━━━━━━━━━━━━━━━━━━━━━━━━━━━━━━━━━━━ 14.0/14.0 MB 169.0 MB/s  0:00:00
2025-08-23T11:08:32.1946066Z Using cached cachetools-4.2.4-py3-none-any.whl (10 kB)
2025-08-23T11:08:32.1957805Z Using cached click-8.2.1-py3-none-any.whl (102 kB)
2025-08-23T11:08:32.1970458Z Using cached confuse-1.4.0-py2.py3-none-any.whl (21 kB)
2025-08-23T11:08:32.1982006Z Using cached jmespath-1.0.1-py3-none-any.whl (20 kB)
2025-08-23T11:08:32.1993604Z Using cached kombu-5.5.4-py3-none-any.whl (210 kB)
2025-08-23T11:08:32.2006384Z Using cached vine-5.1.0-py3-none-any.whl (9.6 kB)
2025-08-23T11:08:32.2017635Z Using cached amqp-5.3.1-py3-none-any.whl (50 kB)
2025-08-23T11:08:32.2029264Z Using cached multimethod-1.10-py3-none-any.whl (9.9 kB)
2025-08-23T11:08:32.2040911Z Using cached python_dateutil-2.9.0.post0-py2.py3-none-any.whl (229 kB)
2025-08-23T11:08:32.2053990Z Using cached s3transfer-0.13.1-py3-none-any.whl (85 kB)
2025-08-23T11:08:32.2065894Z Using cached six-1.17.0-py2.py3-none-any.whl (11 kB)
2025-08-23T11:08:32.2077256Z Using cached urllib3-2.5.0-py3-none-any.whl (129 kB)
2025-08-23T11:08:32.2089254Z Using cached click_didyoumean-0.3.1-py3-none-any.whl (3.6 kB)
2025-08-23T11:08:32.2100718Z Using cached click_plugins-1.1.1.2-py2.py3-none-any.whl (11 kB)
2025-08-23T11:08:32.2111849Z Using cached click_repl-0.3.0-py3-none-any.whl (10 kB)
2025-08-23T11:08:32.2123219Z Using cached packaging-25.0-py3-none-any.whl (66 kB)
2025-08-23T11:08:32.2135360Z Using cached prompt_toolkit-3.0.51-py3-none-any.whl (387 kB)
2025-08-23T11:08:32.2149604Z Using cached pydantic-2.11.7-py3-none-any.whl (444 kB)
2025-08-23T11:08:32.2164608Z Using cached pydantic_core-2.33.2-cp312-cp312-manylinux_2_17_x86_64.manylinux2014_x86_64.whl (2.0 MB)
2025-08-23T11:08:32.2191182Z Using cached annotated_types-0.7.0-py3-none-any.whl (13 kB)
2025-08-23T11:08:32.2203015Z Using cached PyJWT-2.10.1-py3-none-any.whl (22 kB)
2025-08-23T11:08:32.2214472Z Using cached python_dotenv-1.1.1-py3-none-any.whl (20 kB)
2025-08-23T11:08:32.2225967Z Using cached pytz-2025.2-py2.py3-none-any.whl (509 kB)
2025-08-23T11:08:32.2241079Z Using cached requests-2.32.5-py3-none-any.whl (64 kB)
2025-08-23T11:08:32.2254551Z Using cached charset_normalizer-3.4.3-cp312-cp312-manylinux2014_x86_64.manylinux_2_17_x86_64.manylinux_2_28_x86_64.whl (151 kB)
2025-08-23T11:08:32.2266562Z Using cached idna-3.10-py3-none-any.whl (70 kB)
2025-08-23T11:08:32.2278709Z Using cached certifi-2025.8.3-py3-none-any.whl (161 kB)
2025-08-23T11:08:32.2291598Z Using cached typing_extensions-4.14.1-py3-none-any.whl (43 kB)
2025-08-23T11:08:32.2302969Z Using cached typing_inspect-0.9.0-py3-none-any.whl (8.8 kB)
2025-08-23T11:08:32.2314299Z Using cached mypy_extensions-1.1.0-py3-none-any.whl (5.0 kB)
2025-08-23T11:08:32.2325718Z Using cached typing_inspection-0.4.1-py3-none-any.whl (14 kB)
2025-08-23T11:08:32.2337029Z Using cached tzdata-2025.2-py2.py3-none-any.whl (347 kB)
2025-08-23T11:08:32.2351455Z Using cached aiohttp-3.12.15-cp312-cp312-manylinux_2_17_x86_64.manylinux2014_x86_64.whl (1.7 MB)
2025-08-23T11:08:32.2375315Z Using cached multidict-6.6.4-cp312-cp312-manylinux2014_x86_64.manylinux_2_17_x86_64.manylinux_2_28_x86_64.whl (256 kB)
2025-08-23T11:08:32.2387827Z Using cached yarl-1.20.1-cp312-cp312-manylinux_2_17_x86_64.manylinux2014_x86_64.whl (355 kB)
2025-08-23T11:08:32.2401652Z Using cached aiohappyeyeballs-2.6.1-py3-none-any.whl (15 kB)
2025-08-23T11:08:32.2412576Z Using cached aiosignal-1.4.0-py3-none-any.whl (7.5 kB)
2025-08-23T11:08:32.2423691Z Using cached attrs-25.3.0-py3-none-any.whl (63 kB)
2025-08-23T11:08:32.2435625Z Using cached frozenlist-1.7.0-cp312-cp312-manylinux_2_5_x86_64.manylinux1_x86_64.manylinux_2_17_x86_64.manylinux2014_x86_64.whl (241 kB)
2025-08-23T11:08:32.2448570Z Using cached propcache-0.3.2-cp312-cp312-manylinux_2_17_x86_64.manylinux2014_x86_64.whl (224 kB)
2025-08-23T11:08:32.2460861Z Using cached et_xmlfile-2.0.0-py3-none-any.whl (18 kB)
2025-08-23T11:08:32.2472330Z Using cached pycryptodome-3.23.0-cp37-abi3-manylinux_2_17_x86_64.manylinux2014_x86_64.whl (2.3 MB)
2025-08-23T11:08:32.2500134Z Using cached PyYAML-6.0.2-cp312-cp312-manylinux_2_17_x86_64.manylinux2014_x86_64.whl (767 kB)
2025-08-23T11:08:32.2516506Z Using cached tqdm-4.67.1-py3-none-any.whl (78 kB)
2025-08-23T11:08:32.2527986Z Using cached typeguard-4.4.4-py3-none-any.whl (34 kB)
2025-08-23T11:08:32.2539818Z Using cached wcwidth-0.2.13-py2.py3-none-any.whl (34 kB)
2025-08-23T11:08:32.2551208Z Using cached wrapt-1.17.3-cp312-cp312-manylinux1_x86_64.manylinux_2_28_x86_64.manylinux_2_5_x86_64.whl (88 kB)
2025-08-23T11:08:32.5366011Z Installing collected packages: wcwidth, pytz, wrapt, vine, urllib3, tzdata, typing-extensions, tqdm, six, pyyaml, python-dotenv, PyJWT, pycryptodome, psycopg2-binary, psycopg-binary, propcache, prompt-toolkit, packaging, numpy, mypy-extensions, multimethod, multidict, jmespath, idna, frozenlist, et-xmlfile, click, charset_normalizer, certifi, cachetools, billiard, attrs, annotated-types, aiohappyeyeballs, yarl, typing-inspection, typing-inspect, typeguard, sentry-sdk, requests, redis, python-dateutil, pydantic-core, psycopg, openpyxl, minio, confuse, click-repl, click-plugins, click-didyoumean, amqp, aiosignal, pydantic, pandas, kombu, botocore, aiohttp, s3transfer, pydantic-settings, pandera, keepa, celery, boto3, python-amazon-sp-api
2025-08-23T11:08:43.8942217Z 
2025-08-23T11:08:43.9006355Z Successfully installed PyJWT-2.10.1 aiohappyeyeballs-2.6.1 aiohttp-3.12.15 aiosignal-1.4.0 amqp-5.3.1 annotated-types-0.7.0 attrs-25.3.0 billiard-4.2.1 boto3-1.40.16 botocore-1.40.16 cachetools-4.2.4 celery-5.3.6 certifi-2025.8.3 charset_normalizer-3.4.3 click-8.2.1 click-didyoumean-0.3.1 click-plugins-1.1.1.2 click-repl-0.3.0 confuse-1.4.0 et-xmlfile-2.0.0 frozenlist-1.7.0 idna-3.10 jmespath-1.0.1 keepa-1.3.14 kombu-5.5.4 minio-7.1.15 multidict-6.6.4 multimethod-1.10 mypy-extensions-1.1.0 numpy-1.26.4 openpyxl-3.1.5 packaging-25.0 pandas-2.2.3 pandera-0.19.3 prompt-toolkit-3.0.51 propcache-0.3.2 psycopg-3.2.9 psycopg-binary-3.2.9 psycopg2-binary-2.9.10 pycryptodome-3.23.0 pydantic-2.11.7 pydantic-core-2.33.2 pydantic-settings-2.2.1 python-amazon-sp-api-0.8.0 python-dateutil-2.9.0.post0 python-dotenv-1.1.1 pytz-2025.2 pyyaml-6.0.2 redis-5.3.1 requests-2.32.5 s3transfer-0.13.1 sentry-sdk-2.9.0 six-1.17.0 tqdm-4.67.1 typeguard-4.4.4 typing-extensions-4.14.1 typing-inspect-0.9.0 typing-inspection-0.4.1 tzdata-2025.2 urllib3-2.5.0 vine-5.1.0 wcwidth-0.2.13 wrapt-1.17.3 yarl-1.20.1
2025-08-23T11:08:44.9649037Z Collecting uvicorn==0.29.0 (from -r services/api/requirements.txt (line 1))
2025-08-23T11:08:44.9661820Z   Using cached uvicorn-0.29.0-py3-none-any.whl.metadata (6.3 kB)
2025-08-23T11:08:44.9697985Z Requirement already satisfied: pydantic-settings==2.2.1 in /opt/hostedtoolcache/Python/3.12.11/x64/lib/python3.12/site-packages (from -r services/api/requirements.txt (line 2)) (2.2.1)
2025-08-23T11:08:45.0112034Z Collecting fastapi==0.111.0 (from -r services/api/requirements.txt (line 3))
2025-08-23T11:08:45.0123464Z   Using cached fastapi-0.111.0-py3-none-any.whl.metadata (25 kB)
2025-08-23T11:08:45.2883064Z Collecting sqlalchemy==2.0.29 (from -r services/api/requirements.txt (line 4))
2025-08-23T11:08:45.2896614Z   Using cached SQLAlchemy-2.0.29-cp312-cp312-manylinux_2_17_x86_64.manylinux2014_x86_64.whl.metadata (9.6 kB)
2025-08-23T11:08:45.3199930Z Collecting alembic==1.13.1 (from -r services/api/requirements.txt (line 5))
2025-08-23T11:08:45.3211141Z   Using cached alembic-1.13.1-py3-none-any.whl.metadata (7.4 kB)
2025-08-23T11:08:45.3236066Z Requirement already satisfied: psycopg==3.2.9 in /opt/hostedtoolcache/Python/3.12.11/x64/lib/python3.12/site-packages (from psycopg[binary]==3.2.9->-r services/api/requirements.txt (line 6)) (3.2.9)
2025-08-23T11:08:45.3428746Z Collecting httpx==0.27.2 (from -r services/api/requirements.txt (line 7))
2025-08-23T11:08:45.3439931Z   Using cached httpx-0.27.2-py3-none-any.whl.metadata (7.1 kB)
2025-08-23T11:08:45.3869604Z Collecting asyncpg==0.29.0 (from -r services/api/requirements.txt (line 8))
2025-08-23T11:08:45.3881583Z   Using cached asyncpg-0.29.0-cp312-cp312-manylinux_2_17_x86_64.manylinux2014_x86_64.whl.metadata (4.4 kB)
2025-08-23T11:08:45.6617852Z Collecting boto3==1.34.162 (from -r services/api/requirements.txt (line 9))
2025-08-23T11:08:45.6631006Z   Using cached boto3-1.34.162-py3-none-any.whl.metadata (6.6 kB)
2025-08-23T11:08:45.6815045Z Collecting Jinja2==3.1.5 (from -r services/api/requirements.txt (line 10))
2025-08-23T11:08:45.6826674Z   Using cached jinja2-3.1.5-py3-none-any.whl.metadata (2.6 kB)
2025-08-23T11:08:45.6845057Z Requirement already satisfied: celery==5.3.* in /opt/hostedtoolcache/Python/3.12.11/x64/lib/python3.12/site-packages (from -r services/api/requirements.txt (line 11)) (5.3.6)
2025-08-23T11:08:45.6999020Z Collecting structlog==24.1.0 (from -r services/api/requirements.txt (line 12))
2025-08-23T11:08:45.7009691Z   Using cached structlog-24.1.0-py3-none-any.whl.metadata (6.9 kB)
2025-08-23T11:08:45.7185044Z Collecting asgi-correlation-id==4.3.1 (from -r services/api/requirements.txt (line 13))
2025-08-23T11:08:45.7196008Z   Using cached asgi_correlation_id-4.3.1-py3-none-any.whl.metadata (28 kB)
2025-08-23T11:08:45.7387157Z Collecting fastapi-limiter==0.1.6 (from -r services/api/requirements.txt (line 14))
2025-08-23T11:08:45.7398137Z   Using cached fastapi_limiter-0.1.6-py3-none-any.whl.metadata (5.3 kB)
2025-08-23T11:08:45.7737223Z Collecting redis==5.0.8 (from -r services/api/requirements.txt (line 15))
2025-08-23T11:08:45.7748814Z   Using cached redis-5.0.8-py3-none-any.whl.metadata (9.2 kB)
2025-08-23T11:08:45.7780981Z Requirement already satisfied: sentry-sdk==2.9.0 in /opt/hostedtoolcache/Python/3.12.11/x64/lib/python3.12/site-packages (from sentry-sdk[celery,fastapi,sqlalchemy]==2.9.0->-r services/api/requirements.txt (line 16)) (2.9.0)
2025-08-23T11:08:45.7795056Z Requirement already satisfied: click>=7.0 in /opt/hostedtoolcache/Python/3.12.11/x64/lib/python3.12/site-packages (from uvicorn==0.29.0->-r services/api/requirements.txt (line 1)) (8.2.1)
2025-08-23T11:08:45.8117325Z Collecting h11>=0.8 (from uvicorn==0.29.0->-r services/api/requirements.txt (line 1))
2025-08-23T11:08:45.8130034Z   Using cached h11-0.16.0-py3-none-any.whl.metadata (8.3 kB)
2025-08-23T11:08:45.8160096Z Requirement already satisfied: pydantic>=2.3.0 in /opt/hostedtoolcache/Python/3.12.11/x64/lib/python3.12/site-packages (from pydantic-settings==2.2.1->-r services/api/requirements.txt (line 2)) (2.11.7)
2025-08-23T11:08:45.8166285Z Requirement already satisfied: python-dotenv>=0.21.0 in /opt/hostedtoolcache/Python/3.12.11/x64/lib/python3.12/site-packages (from pydantic-settings==2.2.1->-r services/api/requirements.txt (line 2)) (1.1.1)
2025-08-23T11:08:45.8446143Z Collecting starlette<0.38.0,>=0.37.2 (from fastapi==0.111.0->-r services/api/requirements.txt (line 3))
2025-08-23T11:08:45.8457868Z   Using cached starlette-0.37.2-py3-none-any.whl.metadata (5.9 kB)
2025-08-23T11:08:45.8488178Z Requirement already satisfied: typing-extensions>=4.8.0 in /opt/hostedtoolcache/Python/3.12.11/x64/lib/python3.12/site-packages (from fastapi==0.111.0->-r services/api/requirements.txt (line 3)) (4.14.1)
2025-08-23T11:08:45.8600828Z Collecting fastapi-cli>=0.0.2 (from fastapi==0.111.0->-r services/api/requirements.txt (line 3))
2025-08-23T11:08:45.8612439Z   Using cached fastapi_cli-0.0.8-py3-none-any.whl.metadata (6.3 kB)
2025-08-23T11:08:45.8837133Z Collecting python-multipart>=0.0.7 (from fastapi==0.111.0->-r services/api/requirements.txt (line 3))
2025-08-23T11:08:45.8849229Z   Using cached python_multipart-0.0.20-py3-none-any.whl.metadata (1.8 kB)
2025-08-23T11:08:45.9473135Z Collecting ujson!=4.0.2,!=4.1.0,!=4.2.0,!=4.3.0,!=5.0.0,!=5.1.0,>=4.0.1 (from fastapi==0.111.0->-r services/api/requirements.txt (line 3))
2025-08-23T11:08:45.9486056Z   Using cached ujson-5.11.0-cp312-cp312-manylinux_2_24_x86_64.manylinux_2_28_x86_64.whl.metadata (9.4 kB)
2025-08-23T11:08:46.1796776Z Collecting orjson>=3.2.1 (from fastapi==0.111.0->-r services/api/requirements.txt (line 3))
2025-08-23T11:08:46.1811263Z   Using cached orjson-3.11.2-cp312-cp312-manylinux_2_17_x86_64.manylinux2014_x86_64.whl.metadata (1.2 kB)
2025-08-23T11:08:46.2010495Z Collecting email_validator>=2.0.0 (from fastapi==0.111.0->-r services/api/requirements.txt (line 3))
2025-08-23T11:08:46.2022125Z   Using cached email_validator-2.2.0-py3-none-any.whl.metadata (25 kB)
2025-08-23T11:08:46.3306421Z Collecting greenlet!=0.4.17 (from sqlalchemy==2.0.29->-r services/api/requirements.txt (line 4))
2025-08-23T11:08:46.3320715Z   Using cached greenlet-3.2.4-cp312-cp312-manylinux_2_24_x86_64.manylinux_2_28_x86_64.whl.metadata (4.1 kB)
2025-08-23T11:08:46.3652191Z Collecting Mako (from alembic==1.13.1->-r services/api/requirements.txt (line 5))
2025-08-23T11:08:46.3664089Z   Using cached mako-1.3.10-py3-none-any.whl.metadata (2.9 kB)
2025-08-23T11:08:46.3936521Z Collecting anyio (from httpx==0.27.2->-r services/api/requirements.txt (line 7))
2025-08-23T11:08:46.3951176Z   Using cached anyio-4.10.0-py3-none-any.whl.metadata (4.0 kB)
2025-08-23T11:08:46.3973884Z Requirement already satisfied: certifi in /opt/hostedtoolcache/Python/3.12.11/x64/lib/python3.12/site-packages (from httpx==0.27.2->-r services/api/requirements.txt (line 7)) (2025.8.3)
2025-08-23T11:08:46.4173104Z Collecting httpcore==1.* (from httpx==0.27.2->-r services/api/requirements.txt (line 7))
2025-08-23T11:08:46.4184192Z   Using cached httpcore-1.0.9-py3-none-any.whl.metadata (21 kB)
2025-08-23T11:08:46.4217885Z Requirement already satisfied: idna in /opt/hostedtoolcache/Python/3.12.11/x64/lib/python3.12/site-packages (from httpx==0.27.2->-r services/api/requirements.txt (line 7)) (3.10)
2025-08-23T11:08:46.4323123Z Collecting sniffio (from httpx==0.27.2->-r services/api/requirements.txt (line 7))
2025-08-23T11:08:46.4335118Z   Using cached sniffio-1.3.1-py3-none-any.whl.metadata (3.9 kB)
2025-08-23T11:08:46.8623682Z Collecting botocore<1.35.0,>=1.34.162 (from boto3==1.34.162->-r services/api/requirements.txt (line 9))
2025-08-23T11:08:46.8636605Z   Using cached botocore-1.34.162-py3-none-any.whl.metadata (5.7 kB)
2025-08-23T11:08:46.8664065Z Requirement already satisfied: jmespath<2.0.0,>=0.7.1 in /opt/hostedtoolcache/Python/3.12.11/x64/lib/python3.12/site-packages (from boto3==1.34.162->-r services/api/requirements.txt (line 9)) (1.0.1)
2025-08-23T11:08:46.8856227Z Collecting s3transfer<0.11.0,>=0.10.0 (from boto3==1.34.162->-r services/api/requirements.txt (line 9))
2025-08-23T11:08:46.8867636Z   Using cached s3transfer-0.10.4-py3-none-any.whl.metadata (1.7 kB)
2025-08-23T11:08:46.9364792Z Collecting MarkupSafe>=2.0 (from Jinja2==3.1.5->-r services/api/requirements.txt (line 10))
2025-08-23T11:08:46.9376419Z   Using cached MarkupSafe-3.0.2-cp312-cp312-manylinux_2_17_x86_64.manylinux2014_x86_64.whl.metadata (4.0 kB)
2025-08-23T11:08:46.9596310Z Requirement already satisfied: urllib3>=1.26.11 in /opt/hostedtoolcache/Python/3.12.11/x64/lib/python3.12/site-packages (from sentry-sdk==2.9.0->sentry-sdk[celery,fastapi,sqlalchemy]==2.9.0->-r services/api/requirements.txt (line 16)) (2.5.0)
2025-08-23T11:08:46.9711210Z Requirement already satisfied: psycopg-binary==3.2.9 in /opt/hostedtoolcache/Python/3.12.11/x64/lib/python3.12/site-packages (from psycopg[binary]==3.2.9->-r services/api/requirements.txt (line 6)) (3.2.9)
2025-08-23T11:08:47.0052517Z Requirement already satisfied: billiard<5.0,>=4.2.0 in /opt/hostedtoolcache/Python/3.12.11/x64/lib/python3.12/site-packages (from celery==5.3.*->-r services/api/requirements.txt (line 11)) (4.2.1)
2025-08-23T11:08:47.0058549Z Requirement already satisfied: click-didyoumean>=0.3.0 in /opt/hostedtoolcache/Python/3.12.11/x64/lib/python3.12/site-packages (from celery==5.3.*->-r services/api/requirements.txt (line 11)) (0.3.1)
2025-08-23T11:08:47.0064706Z Requirement already satisfied: click-plugins>=1.1.1 in /opt/hostedtoolcache/Python/3.12.11/x64/lib/python3.12/site-packages (from celery==5.3.*->-r services/api/requirements.txt (line 11)) (1.1.1.2)
2025-08-23T11:08:47.0070575Z Requirement already satisfied: click-repl>=0.2.0 in /opt/hostedtoolcache/Python/3.12.11/x64/lib/python3.12/site-packages (from celery==5.3.*->-r services/api/requirements.txt (line 11)) (0.3.0)
2025-08-23T11:08:47.0081070Z Requirement already satisfied: kombu<6.0,>=5.3.4 in /opt/hostedtoolcache/Python/3.12.11/x64/lib/python3.12/site-packages (from celery==5.3.*->-r services/api/requirements.txt (line 11)) (5.5.4)
2025-08-23T11:08:47.0086807Z Requirement already satisfied: python-dateutil>=2.8.2 in /opt/hostedtoolcache/Python/3.12.11/x64/lib/python3.12/site-packages (from celery==5.3.*->-r services/api/requirements.txt (line 11)) (2.9.0.post0)
2025-08-23T11:08:47.0092946Z Requirement already satisfied: tzdata>=2022.7 in /opt/hostedtoolcache/Python/3.12.11/x64/lib/python3.12/site-packages (from celery==5.3.*->-r services/api/requirements.txt (line 11)) (2025.2)
2025-08-23T11:08:47.0099568Z Requirement already satisfied: vine<6.0,>=5.1.0 in /opt/hostedtoolcache/Python/3.12.11/x64/lib/python3.12/site-packages (from celery==5.3.*->-r services/api/requirements.txt (line 11)) (5.1.0)
2025-08-23T11:08:47.0237450Z Requirement already satisfied: amqp<6.0.0,>=5.1.1 in /opt/hostedtoolcache/Python/3.12.11/x64/lib/python3.12/site-packages (from kombu<6.0,>=5.3.4->celery==5.3.*->-r services/api/requirements.txt (line 11)) (5.3.1)
2025-08-23T11:08:47.0248472Z Requirement already satisfied: packaging in /opt/hostedtoolcache/Python/3.12.11/x64/lib/python3.12/site-packages (from kombu<6.0,>=5.3.4->celery==5.3.*->-r services/api/requirements.txt (line 11)) (25.0)
2025-08-23T11:08:47.0316441Z Requirement already satisfied: annotated-types>=0.6.0 in /opt/hostedtoolcache/Python/3.12.11/x64/lib/python3.12/site-packages (from pydantic>=2.3.0->pydantic-settings==2.2.1->-r services/api/requirements.txt (line 2)) (0.7.0)
2025-08-23T11:08:47.0321608Z Requirement already satisfied: pydantic-core==2.33.2 in /opt/hostedtoolcache/Python/3.12.11/x64/lib/python3.12/site-packages (from pydantic>=2.3.0->pydantic-settings==2.2.1->-r services/api/requirements.txt (line 2)) (2.33.2)
2025-08-23T11:08:47.0329811Z Requirement already satisfied: typing-inspection>=0.4.0 in /opt/hostedtoolcache/Python/3.12.11/x64/lib/python3.12/site-packages (from pydantic>=2.3.0->pydantic-settings==2.2.1->-r services/api/requirements.txt (line 2)) (0.4.1)
2025-08-23T11:08:47.0365934Z Requirement already satisfied: six>=1.5 in /opt/hostedtoolcache/Python/3.12.11/x64/lib/python3.12/site-packages (from python-dateutil>=2.8.2->celery==5.3.*->-r services/api/requirements.txt (line 11)) (1.17.0)
2025-08-23T11:08:47.2724581Z Requirement already satisfied: prompt-toolkit>=3.0.36 in /opt/hostedtoolcache/Python/3.12.11/x64/lib/python3.12/site-packages (from click-repl>=0.2.0->celery==5.3.*->-r services/api/requirements.txt (line 11)) (3.0.51)
2025-08-23T11:08:47.2886810Z Collecting dnspython>=2.0.0 (from email_validator>=2.0.0->fastapi==0.111.0->-r services/api/requirements.txt (line 3))
2025-08-23T11:08:47.2905923Z   Using cached dnspython-2.7.0-py3-none-any.whl.metadata (5.8 kB)
2025-08-23T11:08:47.3151071Z Collecting typer>=0.15.1 (from fastapi-cli>=0.0.2->fastapi==0.111.0->-r services/api/requirements.txt (line 3))
2025-08-23T11:08:47.3163045Z   Using cached typer-0.16.1-py3-none-any.whl.metadata (15 kB)
2025-08-23T11:08:47.3429100Z Collecting rich-toolkit>=0.14.8 (from fastapi-cli>=0.0.2->fastapi==0.111.0->-r services/api/requirements.txt (line 3))
2025-08-23T11:08:47.3440063Z   Using cached rich_toolkit-0.15.0-py3-none-any.whl.metadata (1.0 kB)
2025-08-23T11:08:47.3535991Z Requirement already satisfied: wcwidth in /opt/hostedtoolcache/Python/3.12.11/x64/lib/python3.12/site-packages (from prompt-toolkit>=3.0.36->click-repl>=0.2.0->celery==5.3.*->-r services/api/requirements.txt (line 11)) (0.2.13)
2025-08-23T11:08:47.3961316Z Collecting rich>=13.7.1 (from rich-toolkit>=0.14.8->fastapi-cli>=0.0.2->fastapi==0.111.0->-r services/api/requirements.txt (line 3))
2025-08-23T11:08:47.3972701Z   Using cached rich-14.1.0-py3-none-any.whl.metadata (18 kB)
2025-08-23T11:08:47.4172226Z Collecting markdown-it-py>=2.2.0 (from rich>=13.7.1->rich-toolkit>=0.14.8->fastapi-cli>=0.0.2->fastapi==0.111.0->-r services/api/requirements.txt (line 3))
2025-08-23T11:08:47.4183494Z   Using cached markdown_it_py-4.0.0-py3-none-any.whl.metadata (7.3 kB)
2025-08-23T11:08:47.4434822Z Collecting pygments<3.0.0,>=2.13.0 (from rich>=13.7.1->rich-toolkit>=0.14.8->fastapi-cli>=0.0.2->fastapi==0.111.0->-r services/api/requirements.txt (line 3))
2025-08-23T11:08:47.4446143Z   Using cached pygments-2.19.2-py3-none-any.whl.metadata (2.5 kB)
2025-08-23T11:08:47.4592973Z Collecting mdurl~=0.1 (from markdown-it-py>=2.2.0->rich>=13.7.1->rich-toolkit>=0.14.8->fastapi-cli>=0.0.2->fastapi==0.111.0->-r services/api/requirements.txt (line 3))
2025-08-23T11:08:47.4604082Z   Using cached mdurl-0.1.2-py3-none-any.whl.metadata (1.6 kB)
2025-08-23T11:08:47.4819938Z Collecting shellingham>=1.3.0 (from typer>=0.15.1->fastapi-cli>=0.0.2->fastapi==0.111.0->-r services/api/requirements.txt (line 3))
2025-08-23T11:08:47.4831652Z   Using cached shellingham-1.5.4-py2.py3-none-any.whl.metadata (3.5 kB)
2025-08-23T11:08:47.5323458Z Collecting httptools>=0.5.0 (from uvicorn[standard]>=0.12.0->fastapi==0.111.0->-r services/api/requirements.txt (line 3))
2025-08-23T11:08:47.5336293Z   Using cached httptools-0.6.4-cp312-cp312-manylinux_2_5_x86_64.manylinux1_x86_64.manylinux_2_17_x86_64.manylinux2014_x86_64.whl.metadata (3.6 kB)
2025-08-23T11:08:47.5361790Z Requirement already satisfied: pyyaml>=5.1 in /opt/hostedtoolcache/Python/3.12.11/x64/lib/python3.12/site-packages (from uvicorn[standard]>=0.12.0->fastapi==0.111.0->-r services/api/requirements.txt (line 3)) (6.0.2)
2025-08-23T11:08:47.5772817Z Collecting uvloop!=0.15.0,!=0.15.1,>=0.14.0 (from uvicorn[standard]>=0.12.0->fastapi==0.111.0->-r services/api/requirements.txt (line 3))
2025-08-23T11:08:47.5784939Z   Using cached uvloop-0.21.0-cp312-cp312-manylinux_2_17_x86_64.manylinux2014_x86_64.whl.metadata (4.9 kB)
2025-08-23T11:08:47.6505675Z Collecting watchfiles>=0.13 (from uvicorn[standard]>=0.12.0->fastapi==0.111.0->-r services/api/requirements.txt (line 3))
2025-08-23T11:08:47.6518243Z   Using cached watchfiles-1.1.0-cp312-cp312-manylinux_2_17_x86_64.manylinux2014_x86_64.whl.metadata (4.9 kB)
2025-08-23T11:08:47.7882797Z Collecting websockets>=10.4 (from uvicorn[standard]>=0.12.0->fastapi==0.111.0->-r services/api/requirements.txt (line 3))
2025-08-23T11:08:47.7897108Z   Using cached websockets-15.0.1-cp312-cp312-manylinux_2_5_x86_64.manylinux1_x86_64.manylinux_2_17_x86_64.manylinux2014_x86_64.whl.metadata (6.8 kB)
2025-08-23T11:08:47.8173519Z Using cached uvicorn-0.29.0-py3-none-any.whl (60 kB)
2025-08-23T11:08:47.8186033Z Using cached fastapi-0.111.0-py3-none-any.whl (91 kB)
2025-08-23T11:08:47.8198618Z Using cached SQLAlchemy-2.0.29-cp312-cp312-manylinux_2_17_x86_64.manylinux2014_x86_64.whl (3.2 MB)
2025-08-23T11:08:47.8234190Z Using cached alembic-1.13.1-py3-none-any.whl (233 kB)
2025-08-23T11:08:47.8246676Z Using cached httpx-0.27.2-py3-none-any.whl (76 kB)
2025-08-23T11:08:47.8258612Z Using cached asyncpg-0.29.0-cp312-cp312-manylinux_2_17_x86_64.manylinux2014_x86_64.whl (3.3 MB)
2025-08-23T11:08:47.8294239Z Using cached boto3-1.34.162-py3-none-any.whl (139 kB)
2025-08-23T11:08:47.8306011Z Using cached jinja2-3.1.5-py3-none-any.whl (134 kB)
2025-08-23T11:08:47.8317836Z Using cached structlog-24.1.0-py3-none-any.whl (65 kB)
2025-08-23T11:08:47.8329342Z Using cached asgi_correlation_id-4.3.1-py3-none-any.whl (15 kB)
2025-08-23T11:08:47.8340451Z Using cached fastapi_limiter-0.1.6-py3-none-any.whl (15 kB)
2025-08-23T11:08:47.8351454Z Using cached redis-5.0.8-py3-none-any.whl (255 kB)
2025-08-23T11:08:47.8364193Z Using cached botocore-1.34.162-py3-none-any.whl (12.5 MB)
2025-08-23T11:08:47.8465564Z Using cached httpcore-1.0.9-py3-none-any.whl (78 kB)
2025-08-23T11:08:47.8477411Z Using cached s3transfer-0.10.4-py3-none-any.whl (83 kB)
2025-08-23T11:08:47.8489094Z Using cached starlette-0.37.2-py3-none-any.whl (71 kB)
2025-08-23T11:08:47.8500811Z Using cached anyio-4.10.0-py3-none-any.whl (107 kB)
2025-08-23T11:08:47.8512680Z Using cached email_validator-2.2.0-py3-none-any.whl (33 kB)
2025-08-23T11:08:47.8523961Z Using cached dnspython-2.7.0-py3-none-any.whl (313 kB)
2025-08-23T11:08:47.8537342Z Using cached fastapi_cli-0.0.8-py3-none-any.whl (10 kB)
2025-08-23T11:08:47.8549176Z Using cached greenlet-3.2.4-cp312-cp312-manylinux_2_24_x86_64.manylinux_2_28_x86_64.whl (607 kB)
2025-08-23T11:08:47.8564642Z Using cached h11-0.16.0-py3-none-any.whl (37 kB)
2025-08-23T11:08:47.8576367Z Using cached MarkupSafe-3.0.2-cp312-cp312-manylinux_2_17_x86_64.manylinux2014_x86_64.whl (23 kB)
2025-08-23T11:08:47.8588956Z Using cached orjson-3.11.2-cp312-cp312-manylinux_2_17_x86_64.manylinux2014_x86_64.whl (121 kB)
2025-08-23T11:08:47.8600975Z Using cached python_multipart-0.0.20-py3-none-any.whl (24 kB)
2025-08-23T11:08:47.8611797Z Using cached rich_toolkit-0.15.0-py3-none-any.whl (29 kB)
2025-08-23T11:08:47.8622681Z Using cached rich-14.1.0-py3-none-any.whl (243 kB)
2025-08-23T11:08:47.8634994Z Using cached pygments-2.19.2-py3-none-any.whl (1.2 MB)
2025-08-23T11:08:47.8655019Z Using cached markdown_it_py-4.0.0-py3-none-any.whl (87 kB)
2025-08-23T11:08:47.8666046Z Using cached mdurl-0.1.2-py3-none-any.whl (10.0 kB)
2025-08-23T11:08:47.8676676Z Using cached sniffio-1.3.1-py3-none-any.whl (10 kB)
2025-08-23T11:08:47.8687169Z Using cached typer-0.16.1-py3-none-any.whl (46 kB)
2025-08-23T11:08:47.8698169Z Using cached shellingham-1.5.4-py2.py3-none-any.whl (9.8 kB)
2025-08-23T11:08:47.8709251Z Using cached ujson-5.11.0-cp312-cp312-manylinux_2_24_x86_64.manylinux_2_28_x86_64.whl (57 kB)
2025-08-23T11:08:47.8721417Z Using cached httptools-0.6.4-cp312-cp312-manylinux_2_5_x86_64.manylinux1_x86_64.manylinux_2_17_x86_64.manylinux2014_x86_64.whl (510 kB)
2025-08-23T11:08:47.8737555Z Using cached uvloop-0.21.0-cp312-cp312-manylinux_2_17_x86_64.manylinux2014_x86_64.whl (4.7 MB)
2025-08-23T11:08:47.8785689Z Using cached watchfiles-1.1.0-cp312-cp312-manylinux_2_17_x86_64.manylinux2014_x86_64.whl (452 kB)
2025-08-23T11:08:47.8800263Z Using cached websockets-15.0.1-cp312-cp312-manylinux_2_5_x86_64.manylinux1_x86_64.manylinux_2_17_x86_64.manylinux2014_x86_64.whl (182 kB)
2025-08-23T11:08:47.8811640Z Using cached mako-1.3.10-py3-none-any.whl (78 kB)
2025-08-23T11:08:48.0746459Z Installing collected packages: websockets, uvloop, ujson, structlog, sniffio, shellingham, redis, python-multipart, pygments, orjson, mdurl, MarkupSafe, httptools, h11, greenlet, dnspython, asyncpg, uvicorn, sqlalchemy, markdown-it-py, Mako, Jinja2, httpcore, email_validator, botocore, anyio, watchfiles, starlette, s3transfer, rich, httpx, alembic, typer, rich-toolkit, boto3, asgi-correlation-id, fastapi-cli, fastapi, fastapi-limiter
2025-08-23T11:08:48.3163670Z   Attempting uninstall: redis
2025-08-23T11:08:48.3195443Z     Found existing installation: redis 5.3.1
2025-08-23T11:08:48.3275053Z     Uninstalling redis-5.3.1:
2025-08-23T11:08:48.3292237Z       Successfully uninstalled redis-5.3.1
2025-08-23T11:08:51.1138865Z   Attempting uninstall: botocore
2025-08-23T11:08:51.1172048Z     Found existing installation: botocore 1.40.16
2025-08-23T11:08:51.1807263Z     Uninstalling botocore-1.40.16:
2025-08-23T11:08:51.2051429Z       Successfully uninstalled botocore-1.40.16
2025-08-23T11:08:51.9925203Z   Attempting uninstall: s3transfer
2025-08-23T11:08:51.9971574Z     Found existing installation: s3transfer 0.13.1
2025-08-23T11:08:51.9998292Z     Uninstalling s3transfer-0.13.1:
2025-08-23T11:08:52.0007063Z       Successfully uninstalled s3transfer-0.13.1
2025-08-23T11:08:52.5169523Z   Attempting uninstall: boto3
2025-08-23T11:08:52.5201673Z     Found existing installation: boto3 1.40.16
2025-08-23T11:08:52.5262954Z     Uninstalling boto3-1.40.16:
2025-08-23T11:08:52.5281648Z       Successfully uninstalled boto3-1.40.16
2025-08-23T11:08:52.6884426Z 
2025-08-23T11:08:52.6971299Z Successfully installed Jinja2-3.1.5 Mako-1.3.10 MarkupSafe-3.0.2 alembic-1.13.1 anyio-4.10.0 asgi-correlation-id-4.3.1 asyncpg-0.29.0 boto3-1.34.162 botocore-1.34.162 dnspython-2.7.0 email_validator-2.2.0 fastapi-0.111.0 fastapi-cli-0.0.8 fastapi-limiter-0.1.6 greenlet-3.2.4 h11-0.16.0 httpcore-1.0.9 httptools-0.6.4 httpx-0.27.2 markdown-it-py-4.0.0 mdurl-0.1.2 orjson-3.11.2 pygments-2.19.2 python-multipart-0.0.20 redis-5.0.8 rich-14.1.0 rich-toolkit-0.15.0 s3transfer-0.10.4 shellingham-1.5.4 sniffio-1.3.1 sqlalchemy-2.0.29 starlette-0.37.2 structlog-24.1.0 typer-0.16.1 ujson-5.11.0 uvicorn-0.29.0 uvloop-0.21.0 watchfiles-1.1.0 websockets-15.0.1
2025-08-23T11:08:53.3336555Z Requirement already satisfied: uvicorn==0.29.0 in /opt/hostedtoolcache/Python/3.12.11/x64/lib/python3.12/site-packages (from -r services/repricer/requirements.txt (line 1)) (0.29.0)
2025-08-23T11:08:53.3341444Z Requirement already satisfied: pydantic-settings==2.2.1 in /opt/hostedtoolcache/Python/3.12.11/x64/lib/python3.12/site-packages (from -r services/repricer/requirements.txt (line 2)) (2.2.1)
2025-08-23T11:08:53.3345659Z Requirement already satisfied: python-amazon-sp-api==0.8.0 in /opt/hostedtoolcache/Python/3.12.11/x64/lib/python3.12/site-packages (from -r services/repricer/requirements.txt (line 3)) (0.8.0)
2025-08-23T11:08:53.3349594Z Requirement already satisfied: fastapi==0.111.0 in /opt/hostedtoolcache/Python/3.12.11/x64/lib/python3.12/site-packages (from -r services/repricer/requirements.txt (line 4)) (0.111.0)
2025-08-23T11:08:53.3353614Z Requirement already satisfied: sqlalchemy==2.0.29 in /opt/hostedtoolcache/Python/3.12.11/x64/lib/python3.12/site-packages (from -r services/repricer/requirements.txt (line 5)) (2.0.29)
2025-08-23T11:08:53.3364843Z Requirement already satisfied: click>=7.0 in /opt/hostedtoolcache/Python/3.12.11/x64/lib/python3.12/site-packages (from uvicorn==0.29.0->-r services/repricer/requirements.txt (line 1)) (8.2.1)
2025-08-23T11:08:53.3370238Z Requirement already satisfied: h11>=0.8 in /opt/hostedtoolcache/Python/3.12.11/x64/lib/python3.12/site-packages (from uvicorn==0.29.0->-r services/repricer/requirements.txt (line 1)) (0.16.0)
2025-08-23T11:08:53.3393197Z Requirement already satisfied: pydantic>=2.3.0 in /opt/hostedtoolcache/Python/3.12.11/x64/lib/python3.12/site-packages (from pydantic-settings==2.2.1->-r services/repricer/requirements.txt (line 2)) (2.11.7)
2025-08-23T11:08:53.3397975Z Requirement already satisfied: python-dotenv>=0.21.0 in /opt/hostedtoolcache/Python/3.12.11/x64/lib/python3.12/site-packages (from pydantic-settings==2.2.1->-r services/repricer/requirements.txt (line 2)) (1.1.1)
2025-08-23T11:08:53.3409291Z Requirement already satisfied: requests in /opt/hostedtoolcache/Python/3.12.11/x64/lib/python3.12/site-packages (from python-amazon-sp-api==0.8.0->-r services/repricer/requirements.txt (line 3)) (2.32.5)
2025-08-23T11:08:53.3416284Z Requirement already satisfied: six<2,>=1.15 in /opt/hostedtoolcache/Python/3.12.11/x64/lib/python3.12/site-packages (from python-amazon-sp-api==0.8.0->-r services/repricer/requirements.txt (line 3)) (1.17.0)
2025-08-23T11:08:53.3423554Z Requirement already satisfied: boto3<2,>=1.16.39 in /opt/hostedtoolcache/Python/3.12.11/x64/lib/python3.12/site-packages (from python-amazon-sp-api==0.8.0->-r services/repricer/requirements.txt (line 3)) (1.34.162)
2025-08-23T11:08:53.3429799Z Requirement already satisfied: cachetools~=4.2.0 in /opt/hostedtoolcache/Python/3.12.11/x64/lib/python3.12/site-packages (from python-amazon-sp-api==0.8.0->-r services/repricer/requirements.txt (line 3)) (4.2.4)
2025-08-23T11:08:53.3433587Z Requirement already satisfied: pycryptodome in /opt/hostedtoolcache/Python/3.12.11/x64/lib/python3.12/site-packages (from python-amazon-sp-api==0.8.0->-r services/repricer/requirements.txt (line 3)) (3.23.0)
2025-08-23T11:08:53.3437380Z Requirement already satisfied: pytz in /opt/hostedtoolcache/Python/3.12.11/x64/lib/python3.12/site-packages (from python-amazon-sp-api==0.8.0->-r services/repricer/requirements.txt (line 3)) (2025.2)
2025-08-23T11:08:53.3444059Z Requirement already satisfied: confuse~=1.4.0 in /opt/hostedtoolcache/Python/3.12.11/x64/lib/python3.12/site-packages (from python-amazon-sp-api==0.8.0->-r services/repricer/requirements.txt (line 3)) (1.4.0)
2025-08-23T11:08:53.3459569Z Requirement already satisfied: starlette<0.38.0,>=0.37.2 in /opt/hostedtoolcache/Python/3.12.11/x64/lib/python3.12/site-packages (from fastapi==0.111.0->-r services/repricer/requirements.txt (line 4)) (0.37.2)
2025-08-23T11:08:53.3469232Z Requirement already satisfied: typing-extensions>=4.8.0 in /opt/hostedtoolcache/Python/3.12.11/x64/lib/python3.12/site-packages (from fastapi==0.111.0->-r services/repricer/requirements.txt (line 4)) (4.14.1)
2025-08-23T11:08:53.3474143Z Requirement already satisfied: fastapi-cli>=0.0.2 in /opt/hostedtoolcache/Python/3.12.11/x64/lib/python3.12/site-packages (from fastapi==0.111.0->-r services/repricer/requirements.txt (line 4)) (0.0.8)
2025-08-23T11:08:53.3478930Z Requirement already satisfied: httpx>=0.23.0 in /opt/hostedtoolcache/Python/3.12.11/x64/lib/python3.12/site-packages (from fastapi==0.111.0->-r services/repricer/requirements.txt (line 4)) (0.27.2)
2025-08-23T11:08:53.3484314Z Requirement already satisfied: jinja2>=2.11.2 in /opt/hostedtoolcache/Python/3.12.11/x64/lib/python3.12/site-packages (from fastapi==0.111.0->-r services/repricer/requirements.txt (line 4)) (3.1.5)
2025-08-23T11:08:53.3489417Z Requirement already satisfied: python-multipart>=0.0.7 in /opt/hostedtoolcache/Python/3.12.11/x64/lib/python3.12/site-packages (from fastapi==0.111.0->-r services/repricer/requirements.txt (line 4)) (0.0.20)
2025-08-23T11:08:53.3497201Z Requirement already satisfied: ujson!=4.0.2,!=4.1.0,!=4.2.0,!=4.3.0,!=5.0.0,!=5.1.0,>=4.0.1 in /opt/hostedtoolcache/Python/3.12.11/x64/lib/python3.12/site-packages (from fastapi==0.111.0->-r services/repricer/requirements.txt (line 4)) (5.11.0)
2025-08-23T11:08:53.3501874Z Requirement already satisfied: orjson>=3.2.1 in /opt/hostedtoolcache/Python/3.12.11/x64/lib/python3.12/site-packages (from fastapi==0.111.0->-r services/repricer/requirements.txt (line 4)) (3.11.2)
2025-08-23T11:08:53.3506511Z Requirement already satisfied: email_validator>=2.0.0 in /opt/hostedtoolcache/Python/3.12.11/x64/lib/python3.12/site-packages (from fastapi==0.111.0->-r services/repricer/requirements.txt (line 4)) (2.2.0)
2025-08-23T11:08:53.3553433Z Requirement already satisfied: greenlet!=0.4.17 in /opt/hostedtoolcache/Python/3.12.11/x64/lib/python3.12/site-packages (from sqlalchemy==2.0.29->-r services/repricer/requirements.txt (line 5)) (3.2.4)
2025-08-23T11:08:53.3598565Z Requirement already satisfied: botocore<1.35.0,>=1.34.162 in /opt/hostedtoolcache/Python/3.12.11/x64/lib/python3.12/site-packages (from boto3<2,>=1.16.39->python-amazon-sp-api==0.8.0->-r services/repricer/requirements.txt (line 3)) (1.34.162)
2025-08-23T11:08:53.3605601Z Requirement already satisfied: jmespath<2.0.0,>=0.7.1 in /opt/hostedtoolcache/Python/3.12.11/x64/lib/python3.12/site-packages (from boto3<2,>=1.16.39->python-amazon-sp-api==0.8.0->-r services/repricer/requirements.txt (line 3)) (1.0.1)
2025-08-23T11:08:53.3612215Z Requirement already satisfied: s3transfer<0.11.0,>=0.10.0 in /opt/hostedtoolcache/Python/3.12.11/x64/lib/python3.12/site-packages (from boto3<2,>=1.16.39->python-amazon-sp-api==0.8.0->-r services/repricer/requirements.txt (line 3)) (0.10.4)
2025-08-23T11:08:53.3629289Z Requirement already satisfied: python-dateutil<3.0.0,>=2.1 in /opt/hostedtoolcache/Python/3.12.11/x64/lib/python3.12/site-packages (from botocore<1.35.0,>=1.34.162->boto3<2,>=1.16.39->python-amazon-sp-api==0.8.0->-r services/repricer/requirements.txt (line 3)) (2.9.0.post0)
2025-08-23T11:08:53.3642217Z Requirement already satisfied: urllib3!=2.2.0,<3,>=1.25.4 in /opt/hostedtoolcache/Python/3.12.11/x64/lib/python3.12/site-packages (from botocore<1.35.0,>=1.34.162->boto3<2,>=1.16.39->python-amazon-sp-api==0.8.0->-r services/repricer/requirements.txt (line 3)) (2.5.0)
2025-08-23T11:08:53.3660981Z Requirement already satisfied: pyyaml in /opt/hostedtoolcache/Python/3.12.11/x64/lib/python3.12/site-packages (from confuse~=1.4.0->python-amazon-sp-api==0.8.0->-r services/repricer/requirements.txt (line 3)) (6.0.2)
2025-08-23T11:08:53.3694154Z Requirement already satisfied: annotated-types>=0.6.0 in /opt/hostedtoolcache/Python/3.12.11/x64/lib/python3.12/site-packages (from pydantic>=2.3.0->pydantic-settings==2.2.1->-r services/repricer/requirements.txt (line 2)) (0.7.0)
2025-08-23T11:08:53.3699212Z Requirement already satisfied: pydantic-core==2.33.2 in /opt/hostedtoolcache/Python/3.12.11/x64/lib/python3.12/site-packages (from pydantic>=2.3.0->pydantic-settings==2.2.1->-r services/repricer/requirements.txt (line 2)) (2.33.2)
2025-08-23T11:08:53.3706355Z Requirement already satisfied: typing-inspection>=0.4.0 in /opt/hostedtoolcache/Python/3.12.11/x64/lib/python3.12/site-packages (from pydantic>=2.3.0->pydantic-settings==2.2.1->-r services/repricer/requirements.txt (line 2)) (0.4.1)
2025-08-23T11:08:53.3766890Z Requirement already satisfied: anyio<5,>=3.4.0 in /opt/hostedtoolcache/Python/3.12.11/x64/lib/python3.12/site-packages (from starlette<0.38.0,>=0.37.2->fastapi==0.111.0->-r services/repricer/requirements.txt (line 4)) (4.10.0)
2025-08-23T11:08:53.3787017Z Requirement already satisfied: idna>=2.8 in /opt/hostedtoolcache/Python/3.12.11/x64/lib/python3.12/site-packages (from anyio<5,>=3.4.0->starlette<0.38.0,>=0.37.2->fastapi==0.111.0->-r services/repricer/requirements.txt (line 4)) (3.10)
2025-08-23T11:08:53.3792671Z Requirement already satisfied: sniffio>=1.1 in /opt/hostedtoolcache/Python/3.12.11/x64/lib/python3.12/site-packages (from anyio<5,>=3.4.0->starlette<0.38.0,>=0.37.2->fastapi==0.111.0->-r services/repricer/requirements.txt (line 4)) (1.3.1)
2025-08-23T11:08:53.3848931Z Requirement already satisfied: dnspython>=2.0.0 in /opt/hostedtoolcache/Python/3.12.11/x64/lib/python3.12/site-packages (from email_validator>=2.0.0->fastapi==0.111.0->-r services/repricer/requirements.txt (line 4)) (2.7.0)
2025-08-23T11:08:53.3900114Z Requirement already satisfied: typer>=0.15.1 in /opt/hostedtoolcache/Python/3.12.11/x64/lib/python3.12/site-packages (from fastapi-cli>=0.0.2->fastapi==0.111.0->-r services/repricer/requirements.txt (line 4)) (0.16.1)
2025-08-23T11:08:53.3910319Z Requirement already satisfied: rich-toolkit>=0.14.8 in /opt/hostedtoolcache/Python/3.12.11/x64/lib/python3.12/site-packages (from fastapi-cli>=0.0.2->fastapi==0.111.0->-r services/repricer/requirements.txt (line 4)) (0.15.0)
2025-08-23T11:08:53.3951474Z Requirement already satisfied: certifi in /opt/hostedtoolcache/Python/3.12.11/x64/lib/python3.12/site-packages (from httpx>=0.23.0->fastapi==0.111.0->-r services/repricer/requirements.txt (line 4)) (2025.8.3)
2025-08-23T11:08:53.3956477Z Requirement already satisfied: httpcore==1.* in /opt/hostedtoolcache/Python/3.12.11/x64/lib/python3.12/site-packages (from httpx>=0.23.0->fastapi==0.111.0->-r services/repricer/requirements.txt (line 4)) (1.0.9)
2025-08-23T11:08:53.4014103Z Requirement already satisfied: MarkupSafe>=2.0 in /opt/hostedtoolcache/Python/3.12.11/x64/lib/python3.12/site-packages (from jinja2>=2.11.2->fastapi==0.111.0->-r services/repricer/requirements.txt (line 4)) (3.0.2)
2025-08-23T11:08:53.4071800Z Requirement already satisfied: rich>=13.7.1 in /opt/hostedtoolcache/Python/3.12.11/x64/lib/python3.12/site-packages (from rich-toolkit>=0.14.8->fastapi-cli>=0.0.2->fastapi==0.111.0->-r services/repricer/requirements.txt (line 4)) (14.1.0)
2025-08-23T11:08:53.4100175Z Requirement already satisfied: markdown-it-py>=2.2.0 in /opt/hostedtoolcache/Python/3.12.11/x64/lib/python3.12/site-packages (from rich>=13.7.1->rich-toolkit>=0.14.8->fastapi-cli>=0.0.2->fastapi==0.111.0->-r services/repricer/requirements.txt (line 4)) (4.0.0)
2025-08-23T11:08:53.4106851Z Requirement already satisfied: pygments<3.0.0,>=2.13.0 in /opt/hostedtoolcache/Python/3.12.11/x64/lib/python3.12/site-packages (from rich>=13.7.1->rich-toolkit>=0.14.8->fastapi-cli>=0.0.2->fastapi==0.111.0->-r services/repricer/requirements.txt (line 4)) (2.19.2)
2025-08-23T11:08:53.4135097Z Requirement already satisfied: mdurl~=0.1 in /opt/hostedtoolcache/Python/3.12.11/x64/lib/python3.12/site-packages (from markdown-it-py>=2.2.0->rich>=13.7.1->rich-toolkit>=0.14.8->fastapi-cli>=0.0.2->fastapi==0.111.0->-r services/repricer/requirements.txt (line 4)) (0.1.2)
2025-08-23T11:08:53.4199505Z Requirement already satisfied: shellingham>=1.3.0 in /opt/hostedtoolcache/Python/3.12.11/x64/lib/python3.12/site-packages (from typer>=0.15.1->fastapi-cli>=0.0.2->fastapi==0.111.0->-r services/repricer/requirements.txt (line 4)) (1.5.4)
2025-08-23T11:08:53.4271730Z Requirement already satisfied: httptools>=0.5.0 in /opt/hostedtoolcache/Python/3.12.11/x64/lib/python3.12/site-packages (from uvicorn[standard]>=0.12.0->fastapi==0.111.0->-r services/repricer/requirements.txt (line 4)) (0.6.4)
2025-08-23T11:08:53.4287255Z Requirement already satisfied: uvloop!=0.15.0,!=0.15.1,>=0.14.0 in /opt/hostedtoolcache/Python/3.12.11/x64/lib/python3.12/site-packages (from uvicorn[standard]>=0.12.0->fastapi==0.111.0->-r services/repricer/requirements.txt (line 4)) (0.21.0)
2025-08-23T11:08:53.4295465Z Requirement already satisfied: watchfiles>=0.13 in /opt/hostedtoolcache/Python/3.12.11/x64/lib/python3.12/site-packages (from uvicorn[standard]>=0.12.0->fastapi==0.111.0->-r services/repricer/requirements.txt (line 4)) (1.1.0)
2025-08-23T11:08:53.4302494Z Requirement already satisfied: websockets>=10.4 in /opt/hostedtoolcache/Python/3.12.11/x64/lib/python3.12/site-packages (from uvicorn[standard]>=0.12.0->fastapi==0.111.0->-r services/repricer/requirements.txt (line 4)) (15.0.1)
2025-08-23T11:08:53.4433807Z Requirement already satisfied: charset_normalizer<4,>=2 in /opt/hostedtoolcache/Python/3.12.11/x64/lib/python3.12/site-packages (from requests->python-amazon-sp-api==0.8.0->-r services/repricer/requirements.txt (line 3)) (3.4.3)
2025-08-23T11:08:54.0762333Z Collecting celery==5.4.* (from celery[redis]==5.4.*->-r services/fees_h10/requirements.txt (line 1))
2025-08-23T11:08:54.0775819Z   Using cached celery-5.4.0-py3-none-any.whl.metadata (21 kB)
2025-08-23T11:08:54.0985248Z Requirement already satisfied: asyncpg in /opt/hostedtoolcache/Python/3.12.11/x64/lib/python3.12/site-packages (from -r services/fees_h10/requirements.txt (line 2)) (0.29.0)
2025-08-23T11:08:54.0989860Z Requirement already satisfied: httpx in /opt/hostedtoolcache/Python/3.12.11/x64/lib/python3.12/site-packages (from -r services/fees_h10/requirements.txt (line 3)) (0.27.2)
2025-08-23T11:08:54.0994139Z Requirement already satisfied: sqlalchemy in /opt/hostedtoolcache/Python/3.12.11/x64/lib/python3.12/site-packages (from -r services/fees_h10/requirements.txt (line 4)) (2.0.29)
2025-08-23T11:08:54.1007449Z Requirement already satisfied: billiard<5.0,>=4.2.0 in /opt/hostedtoolcache/Python/3.12.11/x64/lib/python3.12/site-packages (from celery==5.4.*->celery[redis]==5.4.*->-r services/fees_h10/requirements.txt (line 1)) (4.2.1)
2025-08-23T11:08:54.1014319Z Requirement already satisfied: kombu<6.0,>=5.3.4 in /opt/hostedtoolcache/Python/3.12.11/x64/lib/python3.12/site-packages (from celery==5.4.*->celery[redis]==5.4.*->-r services/fees_h10/requirements.txt (line 1)) (5.5.4)
2025-08-23T11:08:54.1020958Z Requirement already satisfied: vine<6.0,>=5.1.0 in /opt/hostedtoolcache/Python/3.12.11/x64/lib/python3.12/site-packages (from celery==5.4.*->celery[redis]==5.4.*->-r services/fees_h10/requirements.txt (line 1)) (5.1.0)
2025-08-23T11:08:54.1027369Z Requirement already satisfied: click<9.0,>=8.1.2 in /opt/hostedtoolcache/Python/3.12.11/x64/lib/python3.12/site-packages (from celery==5.4.*->celery[redis]==5.4.*->-r services/fees_h10/requirements.txt (line 1)) (8.2.1)
2025-08-23T11:08:54.1033499Z Requirement already satisfied: click-didyoumean>=0.3.0 in /opt/hostedtoolcache/Python/3.12.11/x64/lib/python3.12/site-packages (from celery==5.4.*->celery[redis]==5.4.*->-r services/fees_h10/requirements.txt (line 1)) (0.3.1)
2025-08-23T11:08:54.1039703Z Requirement already satisfied: click-repl>=0.2.0 in /opt/hostedtoolcache/Python/3.12.11/x64/lib/python3.12/site-packages (from celery==5.4.*->celery[redis]==5.4.*->-r services/fees_h10/requirements.txt (line 1)) (0.3.0)
2025-08-23T11:08:54.1045772Z Requirement already satisfied: click-plugins>=1.1.1 in /opt/hostedtoolcache/Python/3.12.11/x64/lib/python3.12/site-packages (from celery==5.4.*->celery[redis]==5.4.*->-r services/fees_h10/requirements.txt (line 1)) (1.1.1.2)
2025-08-23T11:08:54.1051922Z Requirement already satisfied: tzdata>=2022.7 in /opt/hostedtoolcache/Python/3.12.11/x64/lib/python3.12/site-packages (from celery==5.4.*->celery[redis]==5.4.*->-r services/fees_h10/requirements.txt (line 1)) (2025.2)
2025-08-23T11:08:54.1057996Z Requirement already satisfied: python-dateutil>=2.8.2 in /opt/hostedtoolcache/Python/3.12.11/x64/lib/python3.12/site-packages (from celery==5.4.*->celery[redis]==5.4.*->-r services/fees_h10/requirements.txt (line 1)) (2.9.0.post0)
2025-08-23T11:08:54.1098240Z Requirement already satisfied: redis!=4.5.5,<6.0.0,>=4.5.2 in /opt/hostedtoolcache/Python/3.12.11/x64/lib/python3.12/site-packages (from celery[redis]==5.4.*->-r services/fees_h10/requirements.txt (line 1)) (5.0.8)
2025-08-23T11:08:54.1120916Z Requirement already satisfied: amqp<6.0.0,>=5.1.1 in /opt/hostedtoolcache/Python/3.12.11/x64/lib/python3.12/site-packages (from kombu<6.0,>=5.3.4->celery==5.4.*->celery[redis]==5.4.*->-r services/fees_h10/requirements.txt (line 1)) (5.3.1)
2025-08-23T11:08:54.1132867Z Requirement already satisfied: packaging in /opt/hostedtoolcache/Python/3.12.11/x64/lib/python3.12/site-packages (from kombu<6.0,>=5.3.4->celery==5.4.*->celery[redis]==5.4.*->-r services/fees_h10/requirements.txt (line 1)) (25.0)
2025-08-23T11:08:54.1216850Z Requirement already satisfied: anyio in /opt/hostedtoolcache/Python/3.12.11/x64/lib/python3.12/site-packages (from httpx->-r services/fees_h10/requirements.txt (line 3)) (4.10.0)
2025-08-23T11:08:54.1222025Z Requirement already satisfied: certifi in /opt/hostedtoolcache/Python/3.12.11/x64/lib/python3.12/site-packages (from httpx->-r services/fees_h10/requirements.txt (line 3)) (2025.8.3)
2025-08-23T11:08:54.1227753Z Requirement already satisfied: httpcore==1.* in /opt/hostedtoolcache/Python/3.12.11/x64/lib/python3.12/site-packages (from httpx->-r services/fees_h10/requirements.txt (line 3)) (1.0.9)
2025-08-23T11:08:54.1232568Z Requirement already satisfied: idna in /opt/hostedtoolcache/Python/3.12.11/x64/lib/python3.12/site-packages (from httpx->-r services/fees_h10/requirements.txt (line 3)) (3.10)
2025-08-23T11:08:54.1237094Z Requirement already satisfied: sniffio in /opt/hostedtoolcache/Python/3.12.11/x64/lib/python3.12/site-packages (from httpx->-r services/fees_h10/requirements.txt (line 3)) (1.3.1)
2025-08-23T11:08:54.1262131Z Requirement already satisfied: h11>=0.16 in /opt/hostedtoolcache/Python/3.12.11/x64/lib/python3.12/site-packages (from httpcore==1.*->httpx->-r services/fees_h10/requirements.txt (line 3)) (0.16.0)
2025-08-23T11:08:54.1281462Z Requirement already satisfied: typing-extensions>=4.6.0 in /opt/hostedtoolcache/Python/3.12.11/x64/lib/python3.12/site-packages (from sqlalchemy->-r services/fees_h10/requirements.txt (line 4)) (4.14.1)
2025-08-23T11:08:54.1296095Z Requirement already satisfied: greenlet!=0.4.17 in /opt/hostedtoolcache/Python/3.12.11/x64/lib/python3.12/site-packages (from sqlalchemy->-r services/fees_h10/requirements.txt (line 4)) (3.2.4)
2025-08-23T11:08:54.1368056Z Requirement already satisfied: prompt-toolkit>=3.0.36 in /opt/hostedtoolcache/Python/3.12.11/x64/lib/python3.12/site-packages (from click-repl>=0.2.0->celery==5.4.*->celery[redis]==5.4.*->-r services/fees_h10/requirements.txt (line 1)) (3.0.51)
2025-08-23T11:08:54.1405410Z Requirement already satisfied: wcwidth in /opt/hostedtoolcache/Python/3.12.11/x64/lib/python3.12/site-packages (from prompt-toolkit>=3.0.36->click-repl>=0.2.0->celery==5.4.*->celery[redis]==5.4.*->-r services/fees_h10/requirements.txt (line 1)) (0.2.13)
2025-08-23T11:08:54.1421074Z Requirement already satisfied: six>=1.5 in /opt/hostedtoolcache/Python/3.12.11/x64/lib/python3.12/site-packages (from python-dateutil>=2.8.2->celery==5.4.*->celery[redis]==5.4.*->-r services/fees_h10/requirements.txt (line 1)) (1.17.0)
2025-08-23T11:08:54.1534527Z Using cached celery-5.4.0-py3-none-any.whl (425 kB)
2025-08-23T11:08:54.2879024Z Installing collected packages: celery
2025-08-23T11:08:54.2880216Z   Attempting uninstall: celery
2025-08-23T11:08:54.2927320Z     Found existing installation: celery 5.3.6
2025-08-23T11:08:54.3077007Z     Uninstalling celery-5.3.6:
2025-08-23T11:08:54.3105851Z       Successfully uninstalled celery-5.3.6
2025-08-23T11:08:54.6364333Z Successfully installed celery-5.4.0
2025-08-23T11:08:55.1552672Z Collecting python-telegram-bot==20.8 (from -r services/alert_bot/requirements.txt (line 1))
2025-08-23T11:08:55.1565985Z   Using cached python_telegram_bot-20.8-py3-none-any.whl.metadata (15 kB)
2025-08-23T11:08:55.1799383Z Collecting APScheduler==3.10.4 (from -r services/alert_bot/requirements.txt (line 2))
2025-08-23T11:08:55.1810475Z   Using cached APScheduler-3.10.4-py3-none-any.whl.metadata (5.7 kB)
2025-08-23T11:08:55.1854528Z Requirement already satisfied: asyncpg in /opt/hostedtoolcache/Python/3.12.11/x64/lib/python3.12/site-packages (from -r services/alert_bot/requirements.txt (line 3)) (0.29.0)
2025-08-23T11:08:55.2078094Z Collecting httpx~=0.26.0 (from python-telegram-bot==20.8->-r services/alert_bot/requirements.txt (line 1))
2025-08-23T11:08:55.2089113Z   Using cached httpx-0.26.0-py3-none-any.whl.metadata (7.6 kB)
2025-08-23T11:08:55.2129335Z Requirement already satisfied: six>=1.4.0 in /opt/hostedtoolcache/Python/3.12.11/x64/lib/python3.12/site-packages (from APScheduler==3.10.4->-r services/alert_bot/requirements.txt (line 2)) (1.17.0)
2025-08-23T11:08:55.2132916Z Requirement already satisfied: pytz in /opt/hostedtoolcache/Python/3.12.11/x64/lib/python3.12/site-packages (from APScheduler==3.10.4->-r services/alert_bot/requirements.txt (line 2)) (2025.2)
2025-08-23T11:08:55.2304611Z Collecting tzlocal!=3.*,>=2.0 (from APScheduler==3.10.4->-r services/alert_bot/requirements.txt (line 2))
2025-08-23T11:08:55.2315335Z   Using cached tzlocal-5.3.1-py3-none-any.whl.metadata (7.6 kB)
2025-08-23T11:08:55.2346508Z Requirement already satisfied: anyio in /opt/hostedtoolcache/Python/3.12.11/x64/lib/python3.12/site-packages (from httpx~=0.26.0->python-telegram-bot==20.8->-r services/alert_bot/requirements.txt (line 1)) (4.10.0)
2025-08-23T11:08:55.2350134Z Requirement already satisfied: certifi in /opt/hostedtoolcache/Python/3.12.11/x64/lib/python3.12/site-packages (from httpx~=0.26.0->python-telegram-bot==20.8->-r services/alert_bot/requirements.txt (line 1)) (2025.8.3)
2025-08-23T11:08:55.2354819Z Requirement already satisfied: httpcore==1.* in /opt/hostedtoolcache/Python/3.12.11/x64/lib/python3.12/site-packages (from httpx~=0.26.0->python-telegram-bot==20.8->-r services/alert_bot/requirements.txt (line 1)) (1.0.9)
2025-08-23T11:08:55.2358616Z Requirement already satisfied: idna in /opt/hostedtoolcache/Python/3.12.11/x64/lib/python3.12/site-packages (from httpx~=0.26.0->python-telegram-bot==20.8->-r services/alert_bot/requirements.txt (line 1)) (3.10)
2025-08-23T11:08:55.2362317Z Requirement already satisfied: sniffio in /opt/hostedtoolcache/Python/3.12.11/x64/lib/python3.12/site-packages (from httpx~=0.26.0->python-telegram-bot==20.8->-r services/alert_bot/requirements.txt (line 1)) (1.3.1)
2025-08-23T11:08:55.2376853Z Requirement already satisfied: h11>=0.16 in /opt/hostedtoolcache/Python/3.12.11/x64/lib/python3.12/site-packages (from httpcore==1.*->httpx~=0.26.0->python-telegram-bot==20.8->-r services/alert_bot/requirements.txt (line 1)) (0.16.0)
2025-08-23T11:08:55.2426692Z Requirement already satisfied: typing_extensions>=4.5 in /opt/hostedtoolcache/Python/3.12.11/x64/lib/python3.12/site-packages (from anyio->httpx~=0.26.0->python-telegram-bot==20.8->-r services/alert_bot/requirements.txt (line 1)) (4.14.1)
2025-08-23T11:08:55.2477684Z Using cached python_telegram_bot-20.8-py3-none-any.whl (604 kB)
2025-08-23T11:08:55.2494405Z Using cached APScheduler-3.10.4-py3-none-any.whl (59 kB)
2025-08-23T11:08:55.2505053Z Using cached httpx-0.26.0-py3-none-any.whl (75 kB)
2025-08-23T11:08:55.2516034Z Using cached tzlocal-5.3.1-py3-none-any.whl (18 kB)
2025-08-23T11:08:55.4006466Z Installing collected packages: tzlocal, httpx, APScheduler, python-telegram-bot
2025-08-23T11:08:55.4136885Z   Attempting uninstall: httpx
2025-08-23T11:08:55.4169712Z     Found existing installation: httpx 0.27.2
2025-08-23T11:08:55.4207449Z     Uninstalling httpx-0.27.2:
2025-08-23T11:08:55.4220879Z       Successfully uninstalled httpx-0.27.2
2025-08-23T11:08:55.8403859Z 
2025-08-23T11:08:55.8488860Z Successfully installed APScheduler-3.10.4 httpx-0.26.0 python-telegram-bot-20.8 tzlocal-5.3.1
2025-08-23T11:08:56.3609406Z Collecting Jinja2==3.1.6 (from -r requirements-dev.txt (line 2))
2025-08-23T11:08:56.3624053Z   Using cached jinja2-3.1.6-py3-none-any.whl.metadata (2.9 kB)
2025-08-23T11:08:56.3867238Z Collecting alembic==1.16.4 (from -r requirements-dev.txt (line 3))
2025-08-23T11:08:56.3879798Z   Using cached alembic-1.16.4-py3-none-any.whl.metadata (7.3 kB)
2025-08-23T11:08:56.3903105Z Requirement already satisfied: apscheduler==3.10.4 in /opt/hostedtoolcache/Python/3.12.11/x64/lib/python3.12/site-packages (from -r requirements-dev.txt (line 4)) (3.10.4)
2025-08-23T11:08:56.3908167Z Requirement already satisfied: asgi-correlation-id==4.3.1 in /opt/hostedtoolcache/Python/3.12.11/x64/lib/python3.12/site-packages (from -r requirements-dev.txt (line 5)) (4.3.1)
2025-08-23T11:08:56.4312139Z Collecting asyncpg==0.30.0 (from -r requirements-dev.txt (line 6))
2025-08-23T11:08:56.4324508Z   Using cached asyncpg-0.30.0-cp312-cp312-manylinux_2_17_x86_64.manylinux2014_x86_64.whl.metadata (5.0 kB)
2025-08-23T11:08:56.4782854Z Collecting black==25.1.0 (from -r requirements-dev.txt (line 7))
2025-08-23T11:08:56.4795568Z   Using cached black-25.1.0-cp312-cp312-manylinux_2_17_x86_64.manylinux2014_x86_64.manylinux_2_28_x86_64.whl.metadata (81 kB)
2025-08-23T11:08:56.4880076Z Requirement already satisfied: boto3 in /opt/hostedtoolcache/Python/3.12.11/x64/lib/python3.12/site-packages (from -r requirements-dev.txt (line 8)) (1.34.162)
2025-08-23T11:08:56.5272903Z Collecting redis==6.* (from -r requirements-dev.txt (line 9))
2025-08-23T11:08:56.5284768Z   Using cached redis-6.4.0-py3-none-any.whl.metadata (10 kB)
2025-08-23T11:08:56.5316327Z Requirement already satisfied: minio==7.* in /opt/hostedtoolcache/Python/3.12.11/x64/lib/python3.12/site-packages (from -r requirements-dev.txt (line 10)) (7.1.15)
2025-08-23T11:08:56.5480316Z Collecting vulture==2.10 (from -r requirements-dev.txt (line 11))
2025-08-23T11:08:56.5491287Z   Using cached vulture-2.10-py2.py3-none-any.whl.metadata (23 kB)
2025-08-23T11:08:56.5826342Z Collecting celery==5.5.3 (from -r requirements-dev.txt (line 12))
2025-08-23T11:08:56.5838079Z   Using cached celery-5.5.3-py3-none-any.whl.metadata (22 kB)
2025-08-23T11:08:56.6481687Z Collecting fastapi==0.116.1 (from -r requirements-dev.txt (line 13))
2025-08-23T11:08:56.6499814Z   Using cached fastapi-0.116.1-py3-none-any.whl.metadata (28 kB)
2025-08-23T11:08:56.6629476Z Requirement already satisfied: fastapi-limiter==0.1.6 in /opt/hostedtoolcache/Python/3.12.11/x64/lib/python3.12/site-packages (from -r requirements-dev.txt (line 15)) (0.1.6)
2025-08-23T11:08:56.6848866Z Collecting httpx<0.29,>=0.27 (from -r requirements-dev.txt (line 16))
2025-08-23T11:08:56.6860432Z   Using cached httpx-0.28.1-py3-none-any.whl.metadata (7.1 kB)
2025-08-23T11:08:56.7010466Z Collecting imapclient==3.0.1 (from -r requirements-dev.txt (line 17))
2025-08-23T11:08:56.7021610Z   Using cached IMAPClient-3.0.1-py2.py3-none-any.whl.metadata (1.7 kB)
2025-08-23T11:08:56.7145600Z Collecting itsdangerous (from -r requirements-dev.txt (line 18))
2025-08-23T11:08:56.7156819Z   Using cached itsdangerous-2.2.0-py3-none-any.whl.metadata (1.9 kB)
2025-08-23T11:08:56.8267964Z Collecting mypy==1.* (from -r requirements-dev.txt (line 19))
2025-08-23T11:08:56.8281151Z   Using cached mypy-1.17.1-cp312-cp312-manylinux2014_x86_64.manylinux_2_17_x86_64.manylinux_2_28_x86_64.whl.metadata (2.2 kB)
2025-08-23T11:08:56.8310045Z Requirement already satisfied: mypy-extensions==1.1.0 in /opt/hostedtoolcache/Python/3.12.11/x64/lib/python3.12/site-packages (from -r requirements-dev.txt (line 20)) (1.1.0)
2025-08-23T11:08:56.8314139Z Requirement already satisfied: numpy<2 in /opt/hostedtoolcache/Python/3.12.11/x64/lib/python3.12/site-packages (from -r requirements-dev.txt (line 21)) (1.26.4)
2025-08-23T11:08:56.8318172Z Requirement already satisfied: openpyxl==3.1.5 in /opt/hostedtoolcache/Python/3.12.11/x64/lib/python3.12/site-packages (from -r requirements-dev.txt (line 22)) (3.1.5)
2025-08-23T11:08:56.8322787Z Requirement already satisfied: pandas==2.2.* in /opt/hostedtoolcache/Python/3.12.11/x64/lib/python3.12/site-packages (from -r requirements-dev.txt (line 23)) (2.2.3)
2025-08-23T11:08:56.8326691Z Requirement already satisfied: psycopg2-binary==2.9.10 in /opt/hostedtoolcache/Python/3.12.11/x64/lib/python3.12/site-packages (from -r requirements-dev.txt (line 24)) (2.9.10)
2025-08-23T11:08:56.8331739Z Requirement already satisfied: psycopg==3.2.9 in /opt/hostedtoolcache/Python/3.12.11/x64/lib/python3.12/site-packages (from psycopg[binary]==3.2.9->-r requirements-dev.txt (line 25)) (3.2.9)
2025-08-23T11:08:56.8335509Z Requirement already satisfied: pydantic==2.11.7 in /opt/hostedtoolcache/Python/3.12.11/x64/lib/python3.12/site-packages (from -r requirements-dev.txt (line 26)) (2.11.7)
2025-08-23T11:08:56.9543416Z Collecting setuptools (from -r requirements-dev.txt (line 27))
2025-08-23T11:08:56.9555518Z   Using cached setuptools-80.9.0-py3-none-any.whl.metadata (6.6 kB)
2025-08-23T11:08:56.9838765Z Collecting pytest-asyncio==1.1.0 (from -r requirements-dev.txt (line 28))
2025-08-23T11:08:56.9850871Z   Using cached pytest_asyncio-1.1.0-py3-none-any.whl.metadata (4.1 kB)
2025-08-23T11:08:57.0021519Z Collecting pytest-cov==6.2.1 (from -r requirements-dev.txt (line 29))
2025-08-23T11:08:57.0032894Z   Using cached pytest_cov-6.2.1-py3-none-any.whl.metadata (30 kB)
2025-08-23T11:08:57.0229167Z Collecting pytest-postgresql==7.0.2 (from -r requirements-dev.txt (line 30))
2025-08-23T11:08:57.0240498Z   Using cached pytest_postgresql-7.0.2-py3-none-any.whl.metadata (18 kB)
2025-08-23T11:08:57.0270307Z Requirement already satisfied: python-dotenv in /opt/hostedtoolcache/Python/3.12.11/x64/lib/python3.12/site-packages (from -r requirements-dev.txt (line 31)) (1.1.1)
2025-08-23T11:08:57.0273818Z Requirement already satisfied: python-multipart in /opt/hostedtoolcache/Python/3.12.11/x64/lib/python3.12/site-packages (from -r requirements-dev.txt (line 32)) (0.0.20)
2025-08-23T11:08:57.0576653Z Collecting python-telegram-bot==22.3 (from -r requirements-dev.txt (line 33))
2025-08-23T11:08:57.0588190Z   Using cached python_telegram_bot-22.3-py3-none-any.whl.metadata (17 kB)
2025-08-23T11:08:57.0904686Z Collecting requests==2.32.4 (from -r requirements-dev.txt (line 34))
2025-08-23T11:08:57.0916142Z   Using cached requests-2.32.4-py3-none-any.whl.metadata (4.9 kB)
2025-08-23T11:08:57.1104924Z Collecting respx==0.22.0 (from -r requirements-dev.txt (line 35))
2025-08-23T11:08:57.1116285Z   Using cached respx-0.22.0-py2.py3-none-any.whl.metadata (4.1 kB)
2025-08-23T11:08:57.5338277Z Collecting ruff==0.9.9 (from -r requirements-dev.txt (line 36))
2025-08-23T11:08:57.5352228Z   Using cached ruff-0.9.9-py3-none-manylinux_2_17_x86_64.manylinux2014_x86_64.whl.metadata (25 kB)
2025-08-23T11:08:57.7956508Z Collecting sqlalchemy==2.0.43 (from -r requirements-dev.txt (line 37))
2025-08-23T11:08:57.7969754Z   Using cached sqlalchemy-2.0.43-cp312-cp312-manylinux_2_17_x86_64.manylinux2014_x86_64.whl.metadata (9.6 kB)
2025-08-23T11:08:57.8072030Z Requirement already satisfied: structlog==24.1.0 in /opt/hostedtoolcache/Python/3.12.11/x64/lib/python3.12/site-packages (from -r requirements-dev.txt (line 38)) (24.1.0)
2025-08-23T11:08:57.8254707Z Collecting testcontainers==4.12.0 (from testcontainers[postgres]==4.12.0->-r requirements-dev.txt (line 39))
2025-08-23T11:08:57.8266373Z   Using cached testcontainers-4.12.0-py3-none-any.whl.metadata (8.3 kB)
2025-08-23T11:08:57.8671638Z Collecting types-requests==2.32.4.20250809 (from -r requirements-dev.txt (line 40))
2025-08-23T11:08:57.8682645Z   Using cached types_requests-2.32.4.20250809-py3-none-any.whl.metadata (2.0 kB)
2025-08-23T11:08:57.8841505Z Collecting docspec-python==2.2.2 (from -r requirements-dev.txt (line 41))
2025-08-23T11:08:57.8852529Z   Using cached docspec_python-2.2.2-py3-none-any.whl.metadata (1.0 kB)
2025-08-23T11:08:57.9070573Z Collecting pydoc-markdown==4.8.2 (from -r requirements-dev.txt (line 42))
2025-08-23T11:08:57.9081500Z   Using cached pydoc_markdown-4.8.2-py3-none-any.whl.metadata (5.9 kB)
2025-08-23T11:08:57.9113605Z Requirement already satisfied: pandera==0.19.* in /opt/hostedtoolcache/Python/3.12.11/x64/lib/python3.12/site-packages (from -r requirements-dev.txt (line 43)) (0.19.3)
2025-08-23T11:08:57.9130943Z Requirement already satisfied: MarkupSafe>=2.0 in /opt/hostedtoolcache/Python/3.12.11/x64/lib/python3.12/site-packages (from Jinja2==3.1.6->-r requirements-dev.txt (line 2)) (3.0.2)
2025-08-23T11:08:57.9272018Z Requirement already satisfied: Mako in /opt/hostedtoolcache/Python/3.12.11/x64/lib/python3.12/site-packages (from alembic==1.16.4->-r requirements-dev.txt (line 3)) (1.3.10)
2025-08-23T11:08:57.9275817Z Requirement already satisfied: typing-extensions>=4.12 in /opt/hostedtoolcache/Python/3.12.11/x64/lib/python3.12/site-packages (from alembic==1.16.4->-r requirements-dev.txt (line 3)) (4.14.1)
2025-08-23T11:08:57.9289773Z Requirement already satisfied: six>=1.4.0 in /opt/hostedtoolcache/Python/3.12.11/x64/lib/python3.12/site-packages (from apscheduler==3.10.4->-r requirements-dev.txt (line 4)) (1.17.0)
2025-08-23T11:08:57.9293800Z Requirement already satisfied: pytz in /opt/hostedtoolcache/Python/3.12.11/x64/lib/python3.12/site-packages (from apscheduler==3.10.4->-r requirements-dev.txt (line 4)) (2025.2)
2025-08-23T11:08:57.9300535Z Requirement already satisfied: tzlocal!=3.*,>=2.0 in /opt/hostedtoolcache/Python/3.12.11/x64/lib/python3.12/site-packages (from apscheduler==3.10.4->-r requirements-dev.txt (line 4)) (5.3.1)
2025-08-23T11:08:57.9338211Z Requirement already satisfied: starlette>=0.18 in /opt/hostedtoolcache/Python/3.12.11/x64/lib/python3.12/site-packages (from asgi-correlation-id==4.3.1->-r requirements-dev.txt (line 5)) (0.37.2)
2025-08-23T11:08:57.9358471Z Requirement already satisfied: click>=8.0.0 in /opt/hostedtoolcache/Python/3.12.11/x64/lib/python3.12/site-packages (from black==25.1.0->-r requirements-dev.txt (line 7)) (8.2.1)
2025-08-23T11:08:57.9363774Z Requirement already satisfied: packaging>=22.0 in /opt/hostedtoolcache/Python/3.12.11/x64/lib/python3.12/site-packages (from black==25.1.0->-r requirements-dev.txt (line 7)) (25.0)
2025-08-23T11:08:57.9504263Z Collecting pathspec>=0.9.0 (from black==25.1.0->-r requirements-dev.txt (line 7))
2025-08-23T11:08:57.9515171Z   Using cached pathspec-0.12.1-py3-none-any.whl.metadata (21 kB)
2025-08-23T11:08:57.9729115Z Collecting platformdirs>=2 (from black==25.1.0->-r requirements-dev.txt (line 7))
2025-08-23T11:08:57.9740407Z   Using cached platformdirs-4.3.8-py3-none-any.whl.metadata (12 kB)
2025-08-23T11:08:57.9893182Z Collecting toml (from vulture==2.10->-r requirements-dev.txt (line 11))
2025-08-23T11:08:57.9904102Z   Using cached toml-0.10.2-py2.py3-none-any.whl.metadata (7.1 kB)
2025-08-23T11:08:57.9933893Z Requirement already satisfied: billiard<5.0,>=4.2.1 in /opt/hostedtoolcache/Python/3.12.11/x64/lib/python3.12/site-packages (from celery==5.5.3->-r requirements-dev.txt (line 12)) (4.2.1)
2025-08-23T11:08:57.9939027Z Requirement already satisfied: kombu<5.6,>=5.5.2 in /opt/hostedtoolcache/Python/3.12.11/x64/lib/python3.12/site-packages (from celery==5.5.3->-r requirements-dev.txt (line 12)) (5.5.4)
2025-08-23T11:08:57.9944172Z Requirement already satisfied: vine<6.0,>=5.1.0 in /opt/hostedtoolcache/Python/3.12.11/x64/lib/python3.12/site-packages (from celery==5.5.3->-r requirements-dev.txt (line 12)) (5.1.0)
2025-08-23T11:08:57.9950559Z Requirement already satisfied: click-didyoumean>=0.3.0 in /opt/hostedtoolcache/Python/3.12.11/x64/lib/python3.12/site-packages (from celery==5.5.3->-r requirements-dev.txt (line 12)) (0.3.1)
2025-08-23T11:08:57.9955436Z Requirement already satisfied: click-repl>=0.2.0 in /opt/hostedtoolcache/Python/3.12.11/x64/lib/python3.12/site-packages (from celery==5.5.3->-r requirements-dev.txt (line 12)) (0.3.0)
2025-08-23T11:08:57.9960560Z Requirement already satisfied: click-plugins>=1.1.1 in /opt/hostedtoolcache/Python/3.12.11/x64/lib/python3.12/site-packages (from celery==5.5.3->-r requirements-dev.txt (line 12)) (1.1.1.2)
2025-08-23T11:08:57.9966127Z Requirement already satisfied: python-dateutil>=2.8.2 in /opt/hostedtoolcache/Python/3.12.11/x64/lib/python3.12/site-packages (from celery==5.5.3->-r requirements-dev.txt (line 12)) (2.9.0.post0)
2025-08-23T11:08:58.0286219Z Collecting starlette>=0.18 (from asgi-correlation-id==4.3.1->-r requirements-dev.txt (line 5))
2025-08-23T11:08:58.0298164Z   Using cached starlette-0.47.2-py3-none-any.whl.metadata (6.2 kB)
2025-08-23T11:08:58.0344789Z Requirement already satisfied: annotated-types>=0.6.0 in /opt/hostedtoolcache/Python/3.12.11/x64/lib/python3.12/site-packages (from pydantic==2.11.7->-r requirements-dev.txt (line 26)) (0.7.0)
2025-08-23T11:08:58.0350873Z Requirement already satisfied: pydantic-core==2.33.2 in /opt/hostedtoolcache/Python/3.12.11/x64/lib/python3.12/site-packages (from pydantic==2.11.7->-r requirements-dev.txt (line 26)) (2.33.2)
2025-08-23T11:08:58.0358922Z Requirement already satisfied: typing-inspection>=0.4.0 in /opt/hostedtoolcache/Python/3.12.11/x64/lib/python3.12/site-packages (from pydantic==2.11.7->-r requirements-dev.txt (line 26)) (0.4.1)
2025-08-23T11:08:58.0518865Z Requirement already satisfied: et-xmlfile in /opt/hostedtoolcache/Python/3.12.11/x64/lib/python3.12/site-packages (from openpyxl==3.1.5->-r requirements-dev.txt (line 22)) (2.0.0)
2025-08-23T11:08:58.0949418Z Collecting pytest<9,>=8.2 (from pytest-asyncio==1.1.0->-r requirements-dev.txt (line 28))
2025-08-23T11:08:58.0961410Z   Using cached pytest-8.4.1-py3-none-any.whl.metadata (7.7 kB)
2025-08-23T11:08:58.4551304Z Collecting coverage>=7.5 (from coverage[toml]>=7.5->pytest-cov==6.2.1->-r requirements-dev.txt (line 29))
2025-08-23T11:08:58.4565291Z   Using cached coverage-7.10.4-cp312-cp312-manylinux1_x86_64.manylinux_2_28_x86_64.manylinux_2_5_x86_64.whl.metadata (8.9 kB)
2025-08-23T11:08:58.9042001Z Collecting pluggy>=1.2 (from pytest-cov==6.2.1->-r requirements-dev.txt (line 29))
2025-08-23T11:08:58.9054144Z   Using cached pluggy-1.6.0-py3-none-any.whl.metadata (4.8 kB)
2025-08-23T11:08:59.0147386Z Collecting port-for>=0.7.3 (from pytest-postgresql==7.0.2->-r requirements-dev.txt (line 30))
2025-08-23T11:08:59.0159045Z   Using cached port_for-0.7.4-py3-none-any.whl.metadata (7.1 kB)
2025-08-23T11:08:59.0332963Z Collecting mirakuru>=2.6.0 (from pytest-postgresql==7.0.2->-r requirements-dev.txt (line 30))
2025-08-23T11:08:59.0343892Z   Using cached mirakuru-2.6.1-py3-none-any.whl.metadata (10 kB)
2025-08-23T11:08:59.0397364Z Requirement already satisfied: charset_normalizer<4,>=2 in /opt/hostedtoolcache/Python/3.12.11/x64/lib/python3.12/site-packages (from requests==2.32.4->-r requirements-dev.txt (line 34)) (3.4.3)
2025-08-23T11:08:59.0401398Z Requirement already satisfied: idna<4,>=2.5 in /opt/hostedtoolcache/Python/3.12.11/x64/lib/python3.12/site-packages (from requests==2.32.4->-r requirements-dev.txt (line 34)) (3.10)
2025-08-23T11:08:59.0405124Z Requirement already satisfied: urllib3<3,>=1.21.1 in /opt/hostedtoolcache/Python/3.12.11/x64/lib/python3.12/site-packages (from requests==2.32.4->-r requirements-dev.txt (line 34)) (2.5.0)
2025-08-23T11:08:59.0408897Z Requirement already satisfied: certifi>=2017.4.17 in /opt/hostedtoolcache/Python/3.12.11/x64/lib/python3.12/site-packages (from requests==2.32.4->-r requirements-dev.txt (line 34)) (2025.8.3)
2025-08-23T11:08:59.0495091Z Requirement already satisfied: greenlet>=1 in /opt/hostedtoolcache/Python/3.12.11/x64/lib/python3.12/site-packages (from sqlalchemy==2.0.43->-r requirements-dev.txt (line 37)) (3.2.4)
2025-08-23T11:08:59.0742898Z Collecting docker (from testcontainers==4.12.0->testcontainers[postgres]==4.12.0->-r requirements-dev.txt (line 39))
2025-08-23T11:08:59.0754078Z   Using cached docker-7.1.0-py3-none-any.whl.metadata (3.8 kB)
2025-08-23T11:08:59.0794975Z Requirement already satisfied: wrapt in /opt/hostedtoolcache/Python/3.12.11/x64/lib/python3.12/site-packages (from testcontainers==4.12.0->testcontainers[postgres]==4.12.0->-r requirements-dev.txt (line 39)) (1.17.3)
2025-08-23T11:08:59.0973604Z Collecting docspec==2.2.1 (from docspec-python==2.2.2->-r requirements-dev.txt (line 41))
2025-08-23T11:08:59.0984502Z   Using cached docspec-2.2.1-py3-none-any.whl.metadata (1.5 kB)
2025-08-23T11:08:59.1170087Z Collecting nr-util>=0.8.12 (from docspec-python==2.2.2->-r requirements-dev.txt (line 41))
2025-08-23T11:08:59.1182426Z   Using cached nr.util-0.8.12-py3-none-any.whl.metadata (813 bytes)
2025-08-23T11:08:59.1218995Z Requirement already satisfied: PyYAML<7.0,>=5.0 in /opt/hostedtoolcache/Python/3.12.11/x64/lib/python3.12/site-packages (from pydoc-markdown==4.8.2->-r requirements-dev.txt (line 42)) (6.0.2)
2025-08-23T11:08:59.1461654Z Collecting databind.core<5.0.0,>=4.4.0 (from pydoc-markdown==4.8.2->-r requirements-dev.txt (line 42))
2025-08-23T11:08:59.1472423Z   Using cached databind.core-4.5.2-py3-none-any.whl.metadata (1.1 kB)
2025-08-23T11:08:59.1708058Z Collecting databind.json<5.0.0,>=4.4.0 (from pydoc-markdown==4.8.2->-r requirements-dev.txt (line 42))
2025-08-23T11:08:59.1719155Z   Using cached databind.json-4.5.2-py3-none-any.whl.metadata (1.1 kB)
2025-08-23T11:08:59.1879575Z Collecting docstring-parser<0.12,>=0.11 (from pydoc-markdown==4.8.2->-r requirements-dev.txt (line 42))
2025-08-23T11:08:59.1880733Z   Using cached docstring_parser-0.11-py3-none-any.whl
2025-08-23T11:08:59.2230593Z Collecting tomli<3.0.0,>=2.0.0 (from pydoc-markdown==4.8.2->-r requirements-dev.txt (line 42))
2025-08-23T11:08:59.2241322Z   Using cached tomli-2.2.1-cp312-cp312-manylinux_2_17_x86_64.manylinux2014_x86_64.whl.metadata (11 kB)
2025-08-23T11:08:59.2369948Z Collecting tomli_w<2.0.0,>=1.0.0 (from pydoc-markdown==4.8.2->-r requirements-dev.txt (line 42))
2025-08-23T11:08:59.2380784Z   Using cached tomli_w-1.2.0-py3-none-any.whl.metadata (5.7 kB)
2025-08-23T11:08:59.2845373Z Collecting watchdog (from pydoc-markdown==4.8.2->-r requirements-dev.txt (line 42))
2025-08-23T11:08:59.2857449Z   Using cached watchdog-6.0.0-py3-none-manylinux2014_x86_64.whl.metadata (44 kB)
2025-08-23T11:08:59.3117593Z Collecting yapf>=0.30.0 (from pydoc-markdown==4.8.2->-r requirements-dev.txt (line 42))
2025-08-23T11:08:59.3128248Z   Using cached yapf-0.43.0-py3-none-any.whl.metadata (46 kB)
2025-08-23T11:08:59.3346216Z Collecting Deprecated<2.0.0,>=1.2.12 (from docspec==2.2.1->docspec-python==2.2.2->-r requirements-dev.txt (line 41))
2025-08-23T11:08:59.3357074Z   Using cached Deprecated-1.2.18-py2.py3-none-any.whl.metadata (5.7 kB)
2025-08-23T11:08:59.3532263Z Requirement already satisfied: psycopg-binary==3.2.9 in /opt/hostedtoolcache/Python/3.12.11/x64/lib/python3.12/site-packages (from psycopg[binary]==3.2.9->-r requirements-dev.txt (line 25)) (3.2.9)
2025-08-23T11:08:59.3631562Z Requirement already satisfied: anyio in /opt/hostedtoolcache/Python/3.12.11/x64/lib/python3.12/site-packages (from httpx<0.29,>=0.27->-r requirements-dev.txt (line 16)) (4.10.0)
2025-08-23T11:08:59.3637221Z Requirement already satisfied: httpcore==1.* in /opt/hostedtoolcache/Python/3.12.11/x64/lib/python3.12/site-packages (from httpx<0.29,>=0.27->-r requirements-dev.txt (line 16)) (1.0.9)
2025-08-23T11:08:59.3754079Z Requirement already satisfied: tzdata>=2022.7 in /opt/hostedtoolcache/Python/3.12.11/x64/lib/python3.12/site-packages (from pandas==2.2.*->-r requirements-dev.txt (line 23)) (2025.2)
2025-08-23T11:08:59.3865800Z Requirement already satisfied: multimethod<=1.10.0 in /opt/hostedtoolcache/Python/3.12.11/x64/lib/python3.12/site-packages (from pandera==0.19.*->-r requirements-dev.txt (line 43)) (1.10)
2025-08-23T11:08:59.3879594Z Requirement already satisfied: typeguard in /opt/hostedtoolcache/Python/3.12.11/x64/lib/python3.12/site-packages (from pandera==0.19.*->-r requirements-dev.txt (line 43)) (4.4.4)
2025-08-23T11:08:59.3886476Z Requirement already satisfied: typing-inspect>=0.6.0 in /opt/hostedtoolcache/Python/3.12.11/x64/lib/python3.12/site-packages (from pandera==0.19.*->-r requirements-dev.txt (line 43)) (0.9.0)
2025-08-23T11:08:59.4164549Z Collecting databind<5.0.0,>=4.5.2 (from databind.core<5.0.0,>=4.4.0->pydoc-markdown==4.8.2->-r requirements-dev.txt (line 42))
2025-08-23T11:08:59.4177283Z   Using cached databind-4.5.2-py3-none-any.whl.metadata (4.3 kB)
2025-08-23T11:08:59.4326145Z Collecting nr-date<3.0.0,>=2.0.0 (from databind<5.0.0,>=4.5.2->databind.core<5.0.0,>=4.4.0->pydoc-markdown==4.8.2->-r requirements-dev.txt (line 42))
2025-08-23T11:08:59.4337047Z   Using cached nr_date-2.1.0-py3-none-any.whl.metadata (746 bytes)
2025-08-23T11:08:59.4483201Z Collecting nr-stream<2.0.0,>=1.0.0 (from databind<5.0.0,>=4.5.2->databind.core<5.0.0,>=4.4.0->pydoc-markdown==4.8.2->-r requirements-dev.txt (line 42))
2025-08-23T11:08:59.4493987Z   Using cached nr_stream-1.1.5-py3-none-any.whl.metadata (3.6 kB)
2025-08-23T11:08:59.4691128Z Collecting typeapi<3,>=2.0.1 (from databind<5.0.0,>=4.5.2->databind.core<5.0.0,>=4.4.0->pydoc-markdown==4.8.2->-r requirements-dev.txt (line 42))
2025-08-23T11:08:59.4701948Z   Using cached typeapi-2.2.4-py3-none-any.whl.metadata (1.5 kB)
2025-08-23T11:08:59.4800181Z Requirement already satisfied: h11>=0.16 in /opt/hostedtoolcache/Python/3.12.11/x64/lib/python3.12/site-packages (from httpcore==1.*->httpx<0.29,>=0.27->-r requirements-dev.txt (line 16)) (0.16.0)
2025-08-23T11:08:59.4841352Z Requirement already satisfied: amqp<6.0.0,>=5.1.1 in /opt/hostedtoolcache/Python/3.12.11/x64/lib/python3.12/site-packages (from kombu<5.6,>=5.5.2->celery==5.5.3->-r requirements-dev.txt (line 12)) (5.3.1)
2025-08-23T11:08:59.5133777Z Collecting iniconfig>=1 (from pytest<9,>=8.2->pytest-asyncio==1.1.0->-r requirements-dev.txt (line 28))
2025-08-23T11:08:59.5144199Z   Using cached iniconfig-2.1.0-py3-none-any.whl.metadata (2.7 kB)
2025-08-23T11:08:59.5181505Z Requirement already satisfied: pygments>=2.7.2 in /opt/hostedtoolcache/Python/3.12.11/x64/lib/python3.12/site-packages (from pytest<9,>=8.2->pytest-asyncio==1.1.0->-r requirements-dev.txt (line 28)) (2.19.2)
2025-08-23T11:08:59.5267530Z Requirement already satisfied: sniffio>=1.1 in /opt/hostedtoolcache/Python/3.12.11/x64/lib/python3.12/site-packages (from anyio->httpx<0.29,>=0.27->-r requirements-dev.txt (line 16)) (1.3.1)
2025-08-23T11:08:59.5424253Z Requirement already satisfied: botocore<1.35.0,>=1.34.162 in /opt/hostedtoolcache/Python/3.12.11/x64/lib/python3.12/site-packages (from boto3->-r requirements-dev.txt (line 8)) (1.34.162)
2025-08-23T11:08:59.5430935Z Requirement already satisfied: jmespath<2.0.0,>=0.7.1 in /opt/hostedtoolcache/Python/3.12.11/x64/lib/python3.12/site-packages (from boto3->-r requirements-dev.txt (line 8)) (1.0.1)
2025-08-23T11:08:59.5437013Z Requirement already satisfied: s3transfer<0.11.0,>=0.10.0 in /opt/hostedtoolcache/Python/3.12.11/x64/lib/python3.12/site-packages (from boto3->-r requirements-dev.txt (line 8)) (0.10.4)
2025-08-23T11:08:59.5555670Z Requirement already satisfied: fastapi-cli>=0.0.8 in /opt/hostedtoolcache/Python/3.12.11/x64/lib/python3.12/site-packages (from fastapi-cli[standard]>=0.0.8; extra == "all"->fastapi[all]->-r requirements-dev.txt (line 14)) (0.0.8)
2025-08-23T11:08:59.5669999Z Requirement already satisfied: ujson!=4.0.2,!=4.1.0,!=4.2.0,!=4.3.0,!=5.0.0,!=5.1.0,>=4.0.1 in /opt/hostedtoolcache/Python/3.12.11/x64/lib/python3.12/site-packages (from fastapi[all]->-r requirements-dev.txt (line 14)) (5.11.0)
2025-08-23T11:08:59.5675950Z Requirement already satisfied: orjson>=3.2.1 in /opt/hostedtoolcache/Python/3.12.11/x64/lib/python3.12/site-packages (from fastapi[all]->-r requirements-dev.txt (line 14)) (3.11.2)
2025-08-23T11:08:59.5682022Z Requirement already satisfied: email-validator>=2.0.0 in /opt/hostedtoolcache/Python/3.12.11/x64/lib/python3.12/site-packages (from fastapi[all]->-r requirements-dev.txt (line 14)) (2.2.0)
2025-08-23T11:08:59.5689382Z Requirement already satisfied: uvicorn>=0.12.0 in /opt/hostedtoolcache/Python/3.12.11/x64/lib/python3.12/site-packages (from uvicorn[standard]>=0.12.0; extra == "all"->fastapi[all]->-r requirements-dev.txt (line 14)) (0.29.0)
2025-08-23T11:08:59.5696963Z Requirement already satisfied: pydantic-settings>=2.0.0 in /opt/hostedtoolcache/Python/3.12.11/x64/lib/python3.12/site-packages (from fastapi[all]->-r requirements-dev.txt (line 14)) (2.2.1)
2025-08-23T11:08:59.5837359Z Collecting pydantic-extra-types>=2.0.0 (from fastapi[all]->-r requirements-dev.txt (line 14))
2025-08-23T11:08:59.5848763Z   Using cached pydantic_extra_types-2.10.5-py3-none-any.whl.metadata (3.9 kB)
2025-08-23T11:08:59.6094545Z Requirement already satisfied: prompt-toolkit>=3.0.36 in /opt/hostedtoolcache/Python/3.12.11/x64/lib/python3.12/site-packages (from click-repl>=0.2.0->celery==5.5.3->-r requirements-dev.txt (line 12)) (3.0.51)
2025-08-23T11:08:59.6166853Z Requirement already satisfied: dnspython>=2.0.0 in /opt/hostedtoolcache/Python/3.12.11/x64/lib/python3.12/site-packages (from email-validator>=2.0.0->fastapi[all]->-r requirements-dev.txt (line 14)) (2.7.0)
2025-08-23T11:08:59.6238750Z Requirement already satisfied: typer>=0.15.1 in /opt/hostedtoolcache/Python/3.12.11/x64/lib/python3.12/site-packages (from fastapi-cli>=0.0.8->fastapi-cli[standard]>=0.0.8; extra == "all"->fastapi[all]->-r requirements-dev.txt (line 14)) (0.16.1)
2025-08-23T11:08:59.6248978Z Requirement already satisfied: rich-toolkit>=0.14.8 in /opt/hostedtoolcache/Python/3.12.11/x64/lib/python3.12/site-packages (from fastapi-cli>=0.0.8->fastapi-cli[standard]>=0.0.8; extra == "all"->fastapi[all]->-r requirements-dev.txt (line 14)) (0.15.0)
2025-08-23T11:08:59.6400767Z Collecting fastapi-cloud-cli>=0.1.1 (from fastapi-cli[standard]>=0.0.8; extra == "all"->fastapi[all]->-r requirements-dev.txt (line 14))
2025-08-23T11:08:59.6411223Z   Using cached fastapi_cloud_cli-0.1.5-py3-none-any.whl.metadata (3.2 kB)
2025-08-23T11:08:59.7136256Z Collecting rignore>=0.5.1 (from fastapi-cloud-cli>=0.1.1->fastapi-cli[standard]>=0.0.8; extra == "all"->fastapi[all]->-r requirements-dev.txt (line 14))
2025-08-23T11:08:59.7149111Z   Using cached rignore-0.6.4-cp312-cp312-manylinux_2_17_x86_64.manylinux2014_x86_64.whl.metadata (3.8 kB)
2025-08-23T11:08:59.7717394Z Collecting sentry-sdk>=2.20.0 (from fastapi-cloud-cli>=0.1.1->fastapi-cli[standard]>=0.0.8; extra == "all"->fastapi[all]->-r requirements-dev.txt (line 14))
2025-08-23T11:08:59.7728893Z   Using cached sentry_sdk-2.35.0-py2.py3-none-any.whl.metadata (10 kB)
2025-08-23T11:08:59.9193278Z Collecting psutil>=4.0.0 (from mirakuru>=2.6.0->pytest-postgresql==7.0.2->-r requirements-dev.txt (line 30))
2025-08-23T11:08:59.9206844Z   Using cached psutil-7.0.0-cp36-abi3-manylinux_2_12_x86_64.manylinux2010_x86_64.manylinux_2_17_x86_64.manylinux2014_x86_64.whl.metadata (22 kB)
2025-08-23T11:08:59.9401584Z Requirement already satisfied: wcwidth in /opt/hostedtoolcache/Python/3.12.11/x64/lib/python3.12/site-packages (from prompt-toolkit>=3.0.36->click-repl>=0.2.0->celery==5.5.3->-r requirements-dev.txt (line 12)) (0.2.13)
2025-08-23T11:08:59.9600667Z Requirement already satisfied: rich>=13.7.1 in /opt/hostedtoolcache/Python/3.12.11/x64/lib/python3.12/site-packages (from rich-toolkit>=0.14.8->fastapi-cli>=0.0.8->fastapi-cli[standard]>=0.0.8; extra == "all"->fastapi[all]->-r requirements-dev.txt (line 14)) (14.1.0)
2025-08-23T11:08:59.9637188Z Requirement already satisfied: markdown-it-py>=2.2.0 in /opt/hostedtoolcache/Python/3.12.11/x64/lib/python3.12/site-packages (from rich>=13.7.1->rich-toolkit>=0.14.8->fastapi-cli>=0.0.8->fastapi-cli[standard]>=0.0.8; extra == "all"->fastapi[all]->-r requirements-dev.txt (line 14)) (4.0.0)
2025-08-23T11:08:59.9668658Z Requirement already satisfied: mdurl~=0.1 in /opt/hostedtoolcache/Python/3.12.11/x64/lib/python3.12/site-packages (from markdown-it-py>=2.2.0->rich>=13.7.1->rich-toolkit>=0.14.8->fastapi-cli>=0.0.8->fastapi-cli[standard]>=0.0.8; extra == "all"->fastapi[all]->-r requirements-dev.txt (line 14)) (0.1.2)
2025-08-23T11:08:59.9861376Z Requirement already satisfied: shellingham>=1.3.0 in /opt/hostedtoolcache/Python/3.12.11/x64/lib/python3.12/site-packages (from typer>=0.15.1->fastapi-cli>=0.0.8->fastapi-cli[standard]>=0.0.8; extra == "all"->fastapi[all]->-r requirements-dev.txt (line 14)) (1.5.4)
2025-08-23T11:09:00.0096592Z Requirement already satisfied: httptools>=0.5.0 in /opt/hostedtoolcache/Python/3.12.11/x64/lib/python3.12/site-packages (from uvicorn[standard]>=0.12.0; extra == "all"->fastapi[all]->-r requirements-dev.txt (line 14)) (0.6.4)
2025-08-23T11:09:00.0113813Z Requirement already satisfied: uvloop!=0.15.0,!=0.15.1,>=0.14.0 in /opt/hostedtoolcache/Python/3.12.11/x64/lib/python3.12/site-packages (from uvicorn[standard]>=0.12.0; extra == "all"->fastapi[all]->-r requirements-dev.txt (line 14)) (0.21.0)
2025-08-23T11:09:00.0122122Z Requirement already satisfied: watchfiles>=0.13 in /opt/hostedtoolcache/Python/3.12.11/x64/lib/python3.12/site-packages (from uvicorn[standard]>=0.12.0; extra == "all"->fastapi[all]->-r requirements-dev.txt (line 14)) (1.1.0)
2025-08-23T11:09:00.0129089Z Requirement already satisfied: websockets>=10.4 in /opt/hostedtoolcache/Python/3.12.11/x64/lib/python3.12/site-packages (from uvicorn[standard]>=0.12.0; extra == "all"->fastapi[all]->-r requirements-dev.txt (line 14)) (15.0.1)
2025-08-23T11:09:00.0682054Z Using cached jinja2-3.1.6-py3-none-any.whl (134 kB)
2025-08-23T11:09:00.0694135Z Using cached alembic-1.16.4-py3-none-any.whl (247 kB)
2025-08-23T11:09:00.0707243Z Using cached asyncpg-0.30.0-cp312-cp312-manylinux_2_17_x86_64.manylinux2014_x86_64.whl (3.6 MB)
2025-08-23T11:09:00.0746379Z Using cached black-25.1.0-cp312-cp312-manylinux_2_17_x86_64.manylinux2014_x86_64.manylinux_2_28_x86_64.whl (1.8 MB)
2025-08-23T11:09:00.0770204Z Using cached vulture-2.10-py2.py3-none-any.whl (27 kB)
2025-08-23T11:09:00.0780378Z Using cached celery-5.5.3-py3-none-any.whl (438 kB)
2025-08-23T11:09:00.0794054Z Using cached fastapi-0.116.1-py3-none-any.whl (95 kB)
2025-08-23T11:09:00.0805174Z Using cached IMAPClient-3.0.1-py2.py3-none-any.whl (182 kB)
2025-08-23T11:09:00.0816997Z Using cached pytest_asyncio-1.1.0-py3-none-any.whl (15 kB)
2025-08-23T11:09:00.0827482Z Using cached pytest_cov-6.2.1-py3-none-any.whl (24 kB)
2025-08-23T11:09:00.0838499Z Using cached pytest_postgresql-7.0.2-py3-none-any.whl (41 kB)
2025-08-23T11:09:00.0849122Z Using cached python_telegram_bot-22.3-py3-none-any.whl (717 kB)
2025-08-23T11:09:00.0865353Z Using cached requests-2.32.4-py3-none-any.whl (64 kB)
2025-08-23T11:09:00.0876360Z Using cached respx-0.22.0-py2.py3-none-any.whl (25 kB)
2025-08-23T11:09:00.0887478Z Using cached ruff-0.9.9-py3-none-manylinux_2_17_x86_64.manylinux2014_x86_64.whl (11.2 MB)
2025-08-23T11:09:00.0984524Z Using cached sqlalchemy-2.0.43-cp312-cp312-manylinux_2_17_x86_64.manylinux2014_x86_64.whl (3.3 MB)
2025-08-23T11:09:00.1019195Z Using cached testcontainers-4.12.0-py3-none-any.whl (111 kB)
2025-08-23T11:09:00.1030605Z Using cached types_requests-2.32.4.20250809-py3-none-any.whl (20 kB)
2025-08-23T11:09:00.1041376Z Using cached docspec_python-2.2.2-py3-none-any.whl (15 kB)
2025-08-23T11:09:00.1052251Z Using cached pydoc_markdown-4.8.2-py3-none-any.whl (67 kB)
2025-08-23T11:09:00.1063092Z Using cached docspec-2.2.1-py3-none-any.whl (9.8 kB)
2025-08-23T11:09:00.1073581Z Using cached redis-6.4.0-py3-none-any.whl (279 kB)
2025-08-23T11:09:00.1086106Z Using cached httpx-0.28.1-py3-none-any.whl (73 kB)
2025-08-23T11:09:00.1097553Z Using cached mypy-1.17.1-cp312-cp312-manylinux2014_x86_64.manylinux_2_17_x86_64.manylinux_2_28_x86_64.whl (12.7 MB)
2025-08-23T11:09:00.1201424Z Using cached databind.core-4.5.2-py3-none-any.whl (1.5 kB)
2025-08-23T11:09:00.1212074Z Using cached databind-4.5.2-py3-none-any.whl (49 kB)
2025-08-23T11:09:00.1222918Z Using cached databind.json-4.5.2-py3-none-any.whl (1.5 kB)
2025-08-23T11:09:00.1233511Z Using cached Deprecated-1.2.18-py2.py3-none-any.whl (10.0 kB)
2025-08-23T11:09:00.1246110Z Using cached nr_date-2.1.0-py3-none-any.whl (10 kB)
2025-08-23T11:09:00.1257000Z Using cached nr_stream-1.1.5-py3-none-any.whl (10 kB)
2025-08-23T11:09:00.1267873Z Using cached nr.util-0.8.12-py3-none-any.whl (90 kB)
2025-08-23T11:09:00.1279442Z Using cached pytest-8.4.1-py3-none-any.whl (365 kB)
2025-08-23T11:09:00.1292935Z Using cached pluggy-1.6.0-py3-none-any.whl (20 kB)
2025-08-23T11:09:00.1303836Z Using cached starlette-0.47.2-py3-none-any.whl (72 kB)
2025-08-23T11:09:00.1315540Z Using cached tomli-2.2.1-cp312-cp312-manylinux_2_17_x86_64.manylinux2014_x86_64.whl (242 kB)
2025-08-23T11:09:00.1327491Z Using cached tomli_w-1.2.0-py3-none-any.whl (6.7 kB)
2025-08-23T11:09:00.1338232Z Using cached typeapi-2.2.4-py3-none-any.whl (26 kB)
2025-08-23T11:09:00.1349076Z Using cached itsdangerous-2.2.0-py3-none-any.whl (16 kB)
2025-08-23T11:09:00.1359874Z Using cached setuptools-80.9.0-py3-none-any.whl (1.2 MB)
2025-08-23T11:09:00.1379734Z Using cached coverage-7.10.4-cp312-cp312-manylinux1_x86_64.manylinux_2_28_x86_64.manylinux_2_5_x86_64.whl (251 kB)
2025-08-23T11:09:00.1391657Z Using cached fastapi_cloud_cli-0.1.5-py3-none-any.whl (18 kB)
2025-08-23T11:09:00.1402240Z Using cached iniconfig-2.1.0-py3-none-any.whl (6.0 kB)
2025-08-23T11:09:00.1413023Z Using cached mirakuru-2.6.1-py3-none-any.whl (26 kB)
2025-08-23T11:09:00.1423849Z Using cached pathspec-0.12.1-py3-none-any.whl (31 kB)
2025-08-23T11:09:00.1434796Z Using cached platformdirs-4.3.8-py3-none-any.whl (18 kB)
2025-08-23T11:09:00.1445403Z Using cached port_for-0.7.4-py3-none-any.whl (21 kB)
2025-08-23T11:09:00.1456833Z Using cached psutil-7.0.0-cp36-abi3-manylinux_2_12_x86_64.manylinux2010_x86_64.manylinux_2_17_x86_64.manylinux2014_x86_64.whl (277 kB)
2025-08-23T11:09:00.1469137Z Using cached pydantic_extra_types-2.10.5-py3-none-any.whl (38 kB)
2025-08-23T11:09:00.1480784Z Using cached rignore-0.6.4-cp312-cp312-manylinux_2_17_x86_64.manylinux2014_x86_64.whl (949 kB)
2025-08-23T11:09:00.1497849Z Using cached sentry_sdk-2.35.0-py2.py3-none-any.whl (363 kB)
2025-08-23T11:09:00.1511327Z Using cached yapf-0.43.0-py3-none-any.whl (256 kB)
2025-08-23T11:09:00.1523662Z Using cached docker-7.1.0-py3-none-any.whl (147 kB)
2025-08-23T11:09:00.1535123Z Using cached toml-0.10.2-py2.py3-none-any.whl (16 kB)
2025-08-23T11:09:00.1546055Z Using cached watchdog-6.0.0-py3-none-manylinux2014_x86_64.whl (79 kB)
2025-08-23T11:09:00.4261078Z Installing collected packages: watchdog, types-requests, typeapi, tomli_w, tomli, toml, sqlalchemy, setuptools, sentry-sdk, ruff, rignore, requests, redis, psutil, port-for, pluggy, platformdirs, pathspec, nr-stream, nr-date, Jinja2, itsdangerous, iniconfig, imapclient, docstring-parser, Deprecated, coverage, asyncpg, yapf, vulture, starlette, pytest, nr-util, mypy, mirakuru, httpx, docker, databind, black, alembic, testcontainers, respx, python-telegram-bot, pytest-postgresql, pytest-cov, pytest-asyncio, pydantic-extra-types, fastapi, databind.json, databind.core, celery, fastapi-cloud-cli, docspec, docspec-python, pydoc-markdown
2025-08-23T11:09:00.5440041Z   Attempting uninstall: sqlalchemy
2025-08-23T11:09:00.5473068Z     Found existing installation: SQLAlchemy 2.0.29
2025-08-23T11:09:00.5691139Z     Uninstalling SQLAlchemy-2.0.29:
2025-08-23T11:09:00.5724584Z       Successfully uninstalled SQLAlchemy-2.0.29
2025-08-23T11:09:02.4743665Z   Attempting uninstall: sentry-sdk
2025-08-23T11:09:02.4776281Z     Found existing installation: sentry-sdk 2.9.0
2025-08-23T11:09:02.4904228Z     Uninstalling sentry-sdk-2.9.0:
2025-08-23T11:09:02.4925713Z       Successfully uninstalled sentry-sdk-2.9.0
2025-08-23T11:09:02.9015800Z   Attempting uninstall: requests
2025-08-23T11:09:02.9060820Z     Found existing installation: requests 2.32.5
2025-08-23T11:09:02.9090605Z     Uninstalling requests-2.32.5:
2025-08-23T11:09:02.9099651Z       Successfully uninstalled requests-2.32.5
2025-08-23T11:09:02.9474108Z   Attempting uninstall: redis
2025-08-23T11:09:02.9505818Z     Found existing installation: redis 5.0.8
2025-08-23T11:09:02.9577908Z     Uninstalling redis-5.0.8:
2025-08-23T11:09:02.9593055Z       Successfully uninstalled redis-5.0.8
2025-08-23T11:09:03.4310351Z   Attempting uninstall: Jinja2
2025-08-23T11:09:03.4360581Z     Found existing installation: Jinja2 3.1.5
2025-08-23T11:09:03.4394074Z     Uninstalling Jinja2-3.1.5:
2025-08-23T11:09:03.4404182Z       Successfully uninstalled Jinja2-3.1.5
2025-08-23T11:09:03.7800884Z   Attempting uninstall: asyncpg
2025-08-23T11:09:03.7855006Z     Found existing installation: asyncpg 0.29.0
2025-08-23T11:09:03.7903493Z     Uninstalling asyncpg-0.29.0:
2025-08-23T11:09:03.7917254Z       Successfully uninstalled asyncpg-0.29.0
2025-08-23T11:09:04.0912601Z   Attempting uninstall: starlette
2025-08-23T11:09:04.0962238Z     Found existing installation: starlette 0.37.2
2025-08-23T11:09:04.1003603Z     Uninstalling starlette-0.37.2:
2025-08-23T11:09:04.1013753Z       Successfully uninstalled starlette-0.37.2
2025-08-23T11:09:05.8786377Z   Attempting uninstall: httpx
2025-08-23T11:09:05.8837664Z     Found existing installation: httpx 0.26.0
2025-08-23T11:09:05.8874288Z     Uninstalling httpx-0.26.0:
2025-08-23T11:09:05.8887200Z       Successfully uninstalled httpx-0.26.0
2025-08-23T11:09:06.2408754Z   Attempting uninstall: alembic
2025-08-23T11:09:06.2444151Z     Found existing installation: alembic 1.13.1
2025-08-23T11:09:06.2521439Z     Uninstalling alembic-1.13.1:
2025-08-23T11:09:06.2543052Z       Successfully uninstalled alembic-1.13.1
2025-08-23T11:09:06.5259559Z   Attempting uninstall: python-telegram-bot
2025-08-23T11:09:06.5313045Z     Found existing installation: python-telegram-bot 20.8
2025-08-23T11:09:06.5486709Z     Uninstalling python-telegram-bot-20.8:
2025-08-23T11:09:06.5510415Z       Successfully uninstalled python-telegram-bot-20.8
2025-08-23T11:09:07.0039050Z   Attempting uninstall: fastapi
2025-08-23T11:09:07.0084757Z     Found existing installation: fastapi 0.111.0
2025-08-23T11:09:07.0137822Z     Uninstalling fastapi-0.111.0:
2025-08-23T11:09:07.0150174Z       Successfully uninstalled fastapi-0.111.0
2025-08-23T11:09:07.1030521Z   Attempting uninstall: celery
2025-08-23T11:09:07.1073314Z     Found existing installation: celery 5.4.0
2025-08-23T11:09:07.1217407Z     Uninstalling celery-5.4.0:
2025-08-23T11:09:07.1245335Z       Successfully uninstalled celery-5.4.0
2025-08-23T11:09:07.5312602Z 
2025-08-23T11:09:07.5431954Z Successfully installed Deprecated-1.2.18 Jinja2-3.1.6 alembic-1.16.4 asyncpg-0.30.0 black-25.1.0 celery-5.5.3 coverage-7.10.4 databind-4.5.2 databind.core-4.5.2 databind.json-4.5.2 docker-7.1.0 docspec-2.2.1 docspec-python-2.2.2 docstring-parser-0.11 fastapi-0.116.1 fastapi-cloud-cli-0.1.5 httpx-0.28.1 imapclient-3.0.1 iniconfig-2.1.0 itsdangerous-2.2.0 mirakuru-2.6.1 mypy-1.17.1 nr-date-2.1.0 nr-stream-1.1.5 nr-util-0.8.12 pathspec-0.12.1 platformdirs-4.3.8 pluggy-1.6.0 port-for-0.7.4 psutil-7.0.0 pydantic-extra-types-2.10.5 pydoc-markdown-4.8.2 pytest-8.4.1 pytest-asyncio-1.1.0 pytest-cov-6.2.1 pytest-postgresql-7.0.2 python-telegram-bot-22.3 redis-6.4.0 requests-2.32.4 respx-0.22.0 rignore-0.6.4 ruff-0.9.9 sentry-sdk-2.35.0 setuptools-80.9.0 sqlalchemy-2.0.43 starlette-0.47.2 testcontainers-4.12.0 toml-0.10.2 tomli-2.2.1 tomli_w-1.2.0 typeapi-2.2.4 types-requests-2.32.4.20250809 vulture-2.10 watchdog-6.0.0 yapf-0.43.0
2025-08-23T11:09:08.2809889Z Requirement already satisfied: asyncpg in /opt/hostedtoolcache/Python/3.12.11/x64/lib/python3.12/site-packages (0.30.0)
2025-08-23T11:09:08.9010008Z Requirement already satisfied: pytest in /opt/hostedtoolcache/Python/3.12.11/x64/lib/python3.12/site-packages (8.4.1)
2025-08-23T11:09:08.9026099Z Requirement already satisfied: iniconfig>=1 in /opt/hostedtoolcache/Python/3.12.11/x64/lib/python3.12/site-packages (from pytest) (2.1.0)
2025-08-23T11:09:08.9033119Z Requirement already satisfied: packaging>=20 in /opt/hostedtoolcache/Python/3.12.11/x64/lib/python3.12/site-packages (from pytest) (25.0)
2025-08-23T11:09:08.9039572Z Requirement already satisfied: pluggy<2,>=1.5 in /opt/hostedtoolcache/Python/3.12.11/x64/lib/python3.12/site-packages (from pytest) (1.6.0)
2025-08-23T11:09:08.9045405Z Requirement already satisfied: pygments>=2.7.2 in /opt/hostedtoolcache/Python/3.12.11/x64/lib/python3.12/site-packages (from pytest) (2.19.2)
2025-08-23T11:09:09.6026707Z Collecting keepa==1.3.15
2025-08-23T11:09:09.6039813Z   Using cached keepa-1.3.15-py3-none-any.whl.metadata (11 kB)
2025-08-23T11:09:09.6078843Z Requirement already satisfied: minio==7.1.15 in /opt/hostedtoolcache/Python/3.12.11/x64/lib/python3.12/site-packages (7.1.15)
2025-08-23T11:09:09.6087243Z Requirement already satisfied: numpy>=1.9.3 in /opt/hostedtoolcache/Python/3.12.11/x64/lib/python3.12/site-packages (from keepa==1.3.15) (1.26.4)
2025-08-23T11:09:09.6092727Z Requirement already satisfied: requests>=2.2 in /opt/hostedtoolcache/Python/3.12.11/x64/lib/python3.12/site-packages (from keepa==1.3.15) (2.32.4)
2025-08-23T11:09:09.6096226Z Requirement already satisfied: tqdm in /opt/hostedtoolcache/Python/3.12.11/x64/lib/python3.12/site-packages (from keepa==1.3.15) (4.67.1)
2025-08-23T11:09:09.6099742Z Requirement already satisfied: aiohttp in /opt/hostedtoolcache/Python/3.12.11/x64/lib/python3.12/site-packages (from keepa==1.3.15) (3.12.15)
2025-08-23T11:09:09.6104990Z Requirement already satisfied: pandas<=3.0 in /opt/hostedtoolcache/Python/3.12.11/x64/lib/python3.12/site-packages (from keepa==1.3.15) (2.2.3)
2025-08-23T11:09:09.6108724Z Requirement already satisfied: pydantic in /opt/hostedtoolcache/Python/3.12.11/x64/lib/python3.12/site-packages (from keepa==1.3.15) (2.11.7)
2025-08-23T11:09:09.6119046Z Requirement already satisfied: certifi in /opt/hostedtoolcache/Python/3.12.11/x64/lib/python3.12/site-packages (from minio==7.1.15) (2025.8.3)
2025-08-23T11:09:09.6123044Z Requirement already satisfied: urllib3 in /opt/hostedtoolcache/Python/3.12.11/x64/lib/python3.12/site-packages (from minio==7.1.15) (2.5.0)
2025-08-23T11:09:09.6177918Z Requirement already satisfied: python-dateutil>=2.8.2 in /opt/hostedtoolcache/Python/3.12.11/x64/lib/python3.12/site-packages (from pandas<=3.0->keepa==1.3.15) (2.9.0.post0)
2025-08-23T11:09:09.6183169Z Requirement already satisfied: pytz>=2020.1 in /opt/hostedtoolcache/Python/3.12.11/x64/lib/python3.12/site-packages (from pandas<=3.0->keepa==1.3.15) (2025.2)
2025-08-23T11:09:09.6187927Z Requirement already satisfied: tzdata>=2022.7 in /opt/hostedtoolcache/Python/3.12.11/x64/lib/python3.12/site-packages (from pandas<=3.0->keepa==1.3.15) (2025.2)
2025-08-23T11:09:09.6321975Z Requirement already satisfied: six>=1.5 in /opt/hostedtoolcache/Python/3.12.11/x64/lib/python3.12/site-packages (from python-dateutil>=2.8.2->pandas<=3.0->keepa==1.3.15) (1.17.0)
2025-08-23T11:09:09.6341324Z Requirement already satisfied: charset_normalizer<4,>=2 in /opt/hostedtoolcache/Python/3.12.11/x64/lib/python3.12/site-packages (from requests>=2.2->keepa==1.3.15) (3.4.3)
2025-08-23T11:09:09.6347137Z Requirement already satisfied: idna<4,>=2.5 in /opt/hostedtoolcache/Python/3.12.11/x64/lib/python3.12/site-packages (from requests>=2.2->keepa==1.3.15) (3.10)
2025-08-23T11:09:09.6416993Z Requirement already satisfied: aiohappyeyeballs>=2.5.0 in /opt/hostedtoolcache/Python/3.12.11/x64/lib/python3.12/site-packages (from aiohttp->keepa==1.3.15) (2.6.1)
2025-08-23T11:09:09.6422185Z Requirement already satisfied: aiosignal>=1.4.0 in /opt/hostedtoolcache/Python/3.12.11/x64/lib/python3.12/site-packages (from aiohttp->keepa==1.3.15) (1.4.0)
2025-08-23T11:09:09.6428684Z Requirement already satisfied: attrs>=17.3.0 in /opt/hostedtoolcache/Python/3.12.11/x64/lib/python3.12/site-packages (from aiohttp->keepa==1.3.15) (25.3.0)
2025-08-23T11:09:09.6433710Z Requirement already satisfied: frozenlist>=1.1.1 in /opt/hostedtoolcache/Python/3.12.11/x64/lib/python3.12/site-packages (from aiohttp->keepa==1.3.15) (1.7.0)
2025-08-23T11:09:09.6439035Z Requirement already satisfied: multidict<7.0,>=4.5 in /opt/hostedtoolcache/Python/3.12.11/x64/lib/python3.12/site-packages (from aiohttp->keepa==1.3.15) (6.6.4)
2025-08-23T11:09:09.6444515Z Requirement already satisfied: propcache>=0.2.0 in /opt/hostedtoolcache/Python/3.12.11/x64/lib/python3.12/site-packages (from aiohttp->keepa==1.3.15) (0.3.2)
2025-08-23T11:09:09.6449920Z Requirement already satisfied: yarl<2.0,>=1.17.0 in /opt/hostedtoolcache/Python/3.12.11/x64/lib/python3.12/site-packages (from aiohttp->keepa==1.3.15) (1.20.1)
2025-08-23T11:09:09.6508974Z Requirement already satisfied: typing-extensions>=4.2 in /opt/hostedtoolcache/Python/3.12.11/x64/lib/python3.12/site-packages (from aiosignal>=1.4.0->aiohttp->keepa==1.3.15) (4.14.1)
2025-08-23T11:09:09.6603350Z Requirement already satisfied: annotated-types>=0.6.0 in /opt/hostedtoolcache/Python/3.12.11/x64/lib/python3.12/site-packages (from pydantic->keepa==1.3.15) (0.7.0)
2025-08-23T11:09:09.6608591Z Requirement already satisfied: pydantic-core==2.33.2 in /opt/hostedtoolcache/Python/3.12.11/x64/lib/python3.12/site-packages (from pydantic->keepa==1.3.15) (2.33.2)
2025-08-23T11:09:09.6616310Z Requirement already satisfied: typing-inspection>=0.4.0 in /opt/hostedtoolcache/Python/3.12.11/x64/lib/python3.12/site-packages (from pydantic->keepa==1.3.15) (0.4.1)
2025-08-23T11:09:09.6698726Z Using cached keepa-1.3.15-py3-none-any.whl (38 kB)
2025-08-23T11:09:09.8425377Z Installing collected packages: keepa
2025-08-23T11:09:09.8426302Z   Attempting uninstall: keepa
2025-08-23T11:09:09.8460144Z     Found existing installation: keepa 1.3.14
2025-08-23T11:09:09.8482456Z     Uninstalling keepa-1.3.14:
2025-08-23T11:09:09.8491116Z       Successfully uninstalled keepa-1.3.14
2025-08-23T11:09:09.8930310Z Successfully installed keepa-1.3.15
2025-08-23T11:09:09.9535342Z ##[group]Run actions/setup-node@v4
2025-08-23T11:09:09.9535638Z with:
2025-08-23T11:09:09.9535832Z   node-version: 20.19.0
2025-08-23T11:09:09.9536046Z   always-auth: false
2025-08-23T11:09:09.9536257Z   check-latest: false
2025-08-23T11:09:09.9536548Z   token: ***
2025-08-23T11:09:09.9536735Z env:
2025-08-23T11:09:09.9536938Z   REDIS_URL: redis://localhost:6379/0
2025-08-23T11:09:09.9537217Z   RATE_LIMIT_DEFAULT: 100/minute
2025-08-23T11:09:09.9537445Z   TRUST_X_FORWARDED: 1
2025-08-23T11:09:09.9537851Z   PG_USER: postgres
2025-08-23T11:09:09.9538052Z   PG_PASSWORD: pass
2025-08-23T11:09:09.9538246Z   PG_DATABASE: awa
2025-08-23T11:09:09.9538646Z   PG_HOST: localhost
2025-08-23T11:09:09.9538849Z   PG_PORT: 5432
2025-08-23T11:09:09.9539252Z   PG_SYNC_DSN: ***localhost:5432/awa
2025-08-23T11:09:09.9539656Z   PG_ASYNC_DSN: ***localhost:5432/awa
2025-08-23T11:09:09.9540037Z   DATABASE_URL: ***localhost:5432/awa
2025-08-23T11:09:09.9540279Z   DATA_DIR: /tmp/awa-data
2025-08-23T11:09:09.9540519Z   ENABLE_LIVE: 0
2025-08-23T11:09:09.9540707Z   TESTING: 1
2025-08-23T11:09:09.9540951Z   pythonLocation: /opt/hostedtoolcache/Python/3.12.11/x64
2025-08-23T11:09:09.9541355Z   PKG_CONFIG_PATH: /opt/hostedtoolcache/Python/3.12.11/x64/lib/pkgconfig
2025-08-23T11:09:09.9541755Z   Python_ROOT_DIR: /opt/hostedtoolcache/Python/3.12.11/x64
2025-08-23T11:09:09.9542108Z   Python2_ROOT_DIR: /opt/hostedtoolcache/Python/3.12.11/x64
2025-08-23T11:09:09.9542459Z   Python3_ROOT_DIR: /opt/hostedtoolcache/Python/3.12.11/x64
2025-08-23T11:09:09.9542822Z   LD_LIBRARY_PATH: /opt/hostedtoolcache/Python/3.12.11/x64/lib
2025-08-23T11:09:09.9543168Z ##[endgroup]
2025-08-23T11:09:10.1277083Z Attempting to download 20.19.0...
2025-08-23T11:09:10.4449555Z Acquiring 20.19.0 - x64 from https://github.com/actions/node-versions/releases/download/20.19.0-13838090974/node-20.19.0-linux-x64.tar.gz
2025-08-23T11:09:10.8478628Z Extracting ...
2025-08-23T11:09:10.8589120Z [command]/usr/bin/tar xz --strip 1 --warning=no-unknown-keyword --overwrite -C /home/runner/work/_temp/72b9ab78-c2cd-4c87-be38-9515bcc9ef88 -f /home/runner/work/_temp/706e9cc2-78d8-4c21-a4c8-1dc7143cb8f7
2025-08-23T11:09:11.8511623Z Adding to the cache ...
2025-08-23T11:09:13.4741951Z ##[group]Environment details
2025-08-23T11:09:13.6980839Z node: v20.19.0
2025-08-23T11:09:13.6981250Z npm: 10.8.2
2025-08-23T11:09:13.6981545Z yarn: 1.22.22
2025-08-23T11:09:13.6982246Z ##[endgroup]
2025-08-23T11:09:13.7120292Z ##[group]Run npm ci
2025-08-23T11:09:13.7120560Z [36;1mnpm ci[0m
2025-08-23T11:09:13.7162017Z shell: /usr/bin/bash -e {0}
2025-08-23T11:09:13.7162259Z env:
2025-08-23T11:09:13.7162479Z   REDIS_URL: redis://localhost:6379/0
2025-08-23T11:09:13.7162773Z   RATE_LIMIT_DEFAULT: 100/minute
2025-08-23T11:09:13.7163010Z   TRUST_X_FORWARDED: 1
2025-08-23T11:09:13.7163221Z   PG_USER: postgres
2025-08-23T11:09:13.7163415Z   PG_PASSWORD: pass
2025-08-23T11:09:13.7163604Z   PG_DATABASE: awa
2025-08-23T11:09:13.7163797Z   PG_HOST: localhost
2025-08-23T11:09:13.7164001Z   PG_PORT: 5432
2025-08-23T11:09:13.7164440Z   PG_SYNC_DSN: ***localhost:5432/awa
2025-08-23T11:09:13.7164841Z   PG_ASYNC_DSN: ***localhost:5432/awa
2025-08-23T11:09:13.7165232Z   DATABASE_URL: ***localhost:5432/awa
2025-08-23T11:09:13.7165474Z   DATA_DIR: /tmp/awa-data
2025-08-23T11:09:13.7165683Z   ENABLE_LIVE: 0
2025-08-23T11:09:13.7165865Z   TESTING: 1
2025-08-23T11:09:13.7166139Z   pythonLocation: /opt/hostedtoolcache/Python/3.12.11/x64
2025-08-23T11:09:13.7166541Z   PKG_CONFIG_PATH: /opt/hostedtoolcache/Python/3.12.11/x64/lib/pkgconfig
2025-08-23T11:09:13.7166930Z   Python_ROOT_DIR: /opt/hostedtoolcache/Python/3.12.11/x64
2025-08-23T11:09:13.7167285Z   Python2_ROOT_DIR: /opt/hostedtoolcache/Python/3.12.11/x64
2025-08-23T11:09:13.7167644Z   Python3_ROOT_DIR: /opt/hostedtoolcache/Python/3.12.11/x64
2025-08-23T11:09:13.7168006Z   LD_LIBRARY_PATH: /opt/hostedtoolcache/Python/3.12.11/x64/lib
2025-08-23T11:09:13.7168305Z ##[endgroup]
2025-08-23T11:09:16.6270446Z npm warn deprecated node-domexception@1.0.0: Use your platform's native DOMException instead
2025-08-23T11:09:19.7880289Z 
2025-08-23T11:09:19.7881137Z added 432 packages, and audited 433 packages in 6s
2025-08-23T11:09:19.7881603Z 
2025-08-23T11:09:19.7881877Z 112 packages are looking for funding
2025-08-23T11:09:19.7882374Z   run `npm fund` for details
2025-08-23T11:09:19.7900526Z 
2025-08-23T11:09:19.7900928Z 2 vulnerabilities (1 low, 1 critical)
2025-08-23T11:09:19.7901298Z 
2025-08-23T11:09:19.7901620Z To address all issues, run:
2025-08-23T11:09:19.7902393Z   npm audit fix
2025-08-23T11:09:19.7902598Z 
2025-08-23T11:09:19.7902791Z Run `npm audit` for details.
2025-08-23T11:09:19.8187030Z ##[group]Run npm run build --if-present
2025-08-23T11:09:19.8187374Z [36;1mnpm run build --if-present[0m
2025-08-23T11:09:19.8229756Z shell: /usr/bin/bash -e {0}
2025-08-23T11:09:19.8230001Z env:
2025-08-23T11:09:19.8230220Z   REDIS_URL: redis://localhost:6379/0
2025-08-23T11:09:19.8230503Z   RATE_LIMIT_DEFAULT: 100/minute
2025-08-23T11:09:19.8230749Z   TRUST_X_FORWARDED: 1
2025-08-23T11:09:19.8230960Z   PG_USER: postgres
2025-08-23T11:09:19.8231163Z   PG_PASSWORD: pass
2025-08-23T11:09:19.8231357Z   PG_DATABASE: awa
2025-08-23T11:09:19.8231552Z   PG_HOST: localhost
2025-08-23T11:09:19.8231748Z   PG_PORT: 5432
2025-08-23T11:09:19.8232190Z   PG_SYNC_DSN: ***localhost:5432/awa
2025-08-23T11:09:19.8232610Z   PG_ASYNC_DSN: ***localhost:5432/awa
2025-08-23T11:09:19.8233008Z   DATABASE_URL: ***localhost:5432/awa
2025-08-23T11:09:19.8233255Z   DATA_DIR: /tmp/awa-data
2025-08-23T11:09:19.8233481Z   ENABLE_LIVE: 0
2025-08-23T11:09:19.8233665Z   TESTING: 1
2025-08-23T11:09:19.8233937Z   pythonLocation: /opt/hostedtoolcache/Python/3.12.11/x64
2025-08-23T11:09:19.8234347Z   PKG_CONFIG_PATH: /opt/hostedtoolcache/Python/3.12.11/x64/lib/pkgconfig
2025-08-23T11:09:19.8234744Z   Python_ROOT_DIR: /opt/hostedtoolcache/Python/3.12.11/x64
2025-08-23T11:09:19.8235108Z   Python2_ROOT_DIR: /opt/hostedtoolcache/Python/3.12.11/x64
2025-08-23T11:09:19.8235474Z   Python3_ROOT_DIR: /opt/hostedtoolcache/Python/3.12.11/x64
2025-08-23T11:09:19.8235842Z   LD_LIBRARY_PATH: /opt/hostedtoolcache/Python/3.12.11/x64/lib
2025-08-23T11:09:19.8236151Z ##[endgroup]
2025-08-23T11:09:19.9356514Z 
2025-08-23T11:09:19.9356864Z > web@0.0.0 build
2025-08-23T11:09:19.9357319Z > tsc -b && vite build
2025-08-23T11:09:19.9357580Z 
2025-08-23T11:09:22.3506287Z [36mvite v7.0.4 [32mbuilding for production...[36m[39m
2025-08-23T11:09:22.5258185Z transforming...
2025-08-23T11:09:25.6274051Z [32m✓[39m 687 modules transformed.
2025-08-23T11:09:26.0840965Z rendering chunks...
2025-08-23T11:09:26.0929373Z computing gzip size...
2025-08-23T11:09:26.1109930Z [2mdist/[22m[32mindex.html                 [39m[1m[2m  0.46 kB[22m[1m[22m[2m │ gzip:   0.30 kB[22m
2025-08-23T11:09:26.1111706Z [2mdist/[22m[2massets/[22m[35mindex-5IA1gRGW.css  [39m[1m[2m  0.84 kB[22m[1m[22m[2m │ gzip:   0.45 kB[22m
2025-08-23T11:09:26.1113535Z [2mdist/[22m[2massets/[22m[36mindex-CIqpArhq.js   [39m[1m[33m613.66 kB[39m[22m[2m │ gzip: 193.69 kB[22m
2025-08-23T11:09:26.1114628Z [33m
2025-08-23T11:09:26.1115344Z (!) Some chunks are larger than 500 kB after minification. Consider:
2025-08-23T11:09:26.1116221Z - Using dynamic import() to code-split the application
2025-08-23T11:09:26.1117173Z - Use build.rollupOptions.output.manualChunks to improve chunking: https://rollupjs.org/configuration-options/#output-manualchunks
2025-08-23T11:09:26.1118145Z - Adjust chunk size limit for this warning via build.chunkSizeWarningLimit.[39m
2025-08-23T11:09:26.1118930Z [32m✓ built in 3.74s[39m
2025-08-23T11:09:26.1610213Z ##[group]Run sudo apt-get update
2025-08-23T11:09:26.1610543Z [36;1msudo apt-get update[0m
2025-08-23T11:09:26.1610810Z [36;1msudo apt-get install -y postgresql[0m
2025-08-23T11:09:26.1611306Z [36;1mecho "/usr/lib/postgresql/$(pg_config --version | cut -d' ' -f2 | cut -d'.' -f1,2)/bin" >> $GITHUB_PATH[0m
2025-08-23T11:09:26.1652482Z shell: /usr/bin/bash -e {0}
2025-08-23T11:09:26.1652720Z env:
2025-08-23T11:09:26.1652932Z   REDIS_URL: redis://localhost:6379/0
2025-08-23T11:09:26.1653210Z   RATE_LIMIT_DEFAULT: 100/minute
2025-08-23T11:09:26.1653437Z   TRUST_X_FORWARDED: 1
2025-08-23T11:09:26.1653643Z   PG_USER: postgres
2025-08-23T11:09:26.1653838Z   PG_PASSWORD: pass
2025-08-23T11:09:26.1654022Z   PG_DATABASE: awa
2025-08-23T11:09:26.1654211Z   PG_HOST: localhost
2025-08-23T11:09:26.1654402Z   PG_PORT: 5432
2025-08-23T11:09:26.1654822Z   PG_SYNC_DSN: ***localhost:5432/awa
2025-08-23T11:09:26.1655348Z   PG_ASYNC_DSN: ***localhost:5432/awa
2025-08-23T11:09:26.1656530Z   DATABASE_URL: ***localhost:5432/awa
2025-08-23T11:09:26.1656911Z   DATA_DIR: /tmp/awa-data
2025-08-23T11:09:26.1657130Z   ENABLE_LIVE: 0
2025-08-23T11:09:26.1657311Z   TESTING: 1
2025-08-23T11:09:26.1657563Z   pythonLocation: /opt/hostedtoolcache/Python/3.12.11/x64
2025-08-23T11:09:26.1657987Z   PKG_CONFIG_PATH: /opt/hostedtoolcache/Python/3.12.11/x64/lib/pkgconfig
2025-08-23T11:09:26.1658610Z   Python_ROOT_DIR: /opt/hostedtoolcache/Python/3.12.11/x64
2025-08-23T11:09:26.1659175Z   Python2_ROOT_DIR: /opt/hostedtoolcache/Python/3.12.11/x64
2025-08-23T11:09:26.1659541Z   Python3_ROOT_DIR: /opt/hostedtoolcache/Python/3.12.11/x64
2025-08-23T11:09:26.1659913Z   LD_LIBRARY_PATH: /opt/hostedtoolcache/Python/3.12.11/x64/lib
2025-08-23T11:09:26.1660215Z ##[endgroup]
2025-08-23T11:09:26.2469913Z Get:1 file:/etc/apt/apt-mirrors.txt Mirrorlist [144 B]
2025-08-23T11:09:26.2903156Z Hit:6 https://packages.microsoft.com/repos/azure-cli noble InRelease
2025-08-23T11:09:26.2909396Z Hit:2 http://azure.archive.ubuntu.com/ubuntu noble InRelease
2025-08-23T11:09:26.2911256Z Get:7 https://packages.microsoft.com/ubuntu/24.04/prod noble InRelease [3600 B]
2025-08-23T11:09:26.2933103Z Get:3 http://azure.archive.ubuntu.com/ubuntu noble-updates InRelease [126 kB]
2025-08-23T11:09:26.2966621Z Get:4 http://azure.archive.ubuntu.com/ubuntu noble-backports InRelease [126 kB]
2025-08-23T11:09:26.3005550Z Get:5 http://azure.archive.ubuntu.com/ubuntu noble-security InRelease [126 kB]
2025-08-23T11:09:26.4591090Z Get:8 https://packages.microsoft.com/ubuntu/24.04/prod noble/main armhf Packages [9870 B]
2025-08-23T11:09:26.4695206Z Get:9 https://packages.microsoft.com/ubuntu/24.04/prod noble/main arm64 Packages [33.3 kB]
2025-08-23T11:09:26.4723109Z Get:10 https://packages.microsoft.com/ubuntu/24.04/prod noble/main amd64 Packages [49.2 kB]
2025-08-23T11:09:26.5096785Z Get:11 http://azure.archive.ubuntu.com/ubuntu noble-updates/main amd64 Packages [1352 kB]
2025-08-23T11:09:26.5230983Z Get:12 http://azure.archive.ubuntu.com/ubuntu noble-updates/main Translation-en [269 kB]
2025-08-23T11:09:26.5287143Z Get:13 http://azure.archive.ubuntu.com/ubuntu noble-updates/main amd64 Components [175 kB]
2025-08-23T11:09:26.5318085Z Get:14 http://azure.archive.ubuntu.com/ubuntu noble-updates/universe amd64 Packages [1123 kB]
2025-08-23T11:09:26.5443090Z Get:15 http://azure.archive.ubuntu.com/ubuntu noble-updates/universe Translation-en [288 kB]
2025-08-23T11:09:26.5507300Z Get:16 http://azure.archive.ubuntu.com/ubuntu noble-updates/universe amd64 Components [377 kB]
2025-08-23T11:09:26.5548760Z Get:17 http://azure.archive.ubuntu.com/ubuntu noble-updates/restricted amd64 Packages [1731 kB]
2025-08-23T11:09:26.5726806Z Get:18 http://azure.archive.ubuntu.com/ubuntu noble-updates/restricted Translation-en [384 kB]
2025-08-23T11:09:26.5753025Z Get:19 http://azure.archive.ubuntu.com/ubuntu noble-updates/restricted amd64 Components [212 B]
2025-08-23T11:09:26.5766739Z Get:20 http://azure.archive.ubuntu.com/ubuntu noble-updates/multiverse amd64 Components [940 B]
2025-08-23T11:09:26.6437323Z Get:21 http://azure.archive.ubuntu.com/ubuntu noble-backports/main amd64 Components [7084 B]
2025-08-23T11:09:26.6457833Z Get:22 http://azure.archive.ubuntu.com/ubuntu noble-backports/universe amd64 Components [19.2 kB]
2025-08-23T11:09:26.6475284Z Get:23 http://azure.archive.ubuntu.com/ubuntu noble-backports/restricted amd64 Components [212 B]
2025-08-23T11:09:26.6484984Z Get:24 http://azure.archive.ubuntu.com/ubuntu noble-backports/multiverse amd64 Components [212 B]
2025-08-23T11:09:26.6631550Z Get:25 http://azure.archive.ubuntu.com/ubuntu noble-security/main amd64 Packages [1083 kB]
2025-08-23T11:09:26.6707447Z Get:26 http://azure.archive.ubuntu.com/ubuntu noble-security/main Translation-en [187 kB]
2025-08-23T11:09:26.6735761Z Get:27 http://azure.archive.ubuntu.com/ubuntu noble-security/main amd64 Components [21.6 kB]
2025-08-23T11:09:26.6752597Z Get:28 http://azure.archive.ubuntu.com/ubuntu noble-security/universe amd64 Packages [881 kB]
2025-08-23T11:09:26.6823407Z Get:29 http://azure.archive.ubuntu.com/ubuntu noble-security/universe Translation-en [195 kB]
2025-08-23T11:09:26.6843663Z Get:30 http://azure.archive.ubuntu.com/ubuntu noble-security/universe amd64 Components [52.2 kB]
2025-08-23T11:09:26.6859874Z Get:31 http://azure.archive.ubuntu.com/ubuntu noble-security/restricted amd64 Packages [1631 kB]
2025-08-23T11:09:26.6967889Z Get:32 http://azure.archive.ubuntu.com/ubuntu noble-security/restricted Translation-en [361 kB]
2025-08-23T11:09:26.7016428Z Get:33 http://azure.archive.ubuntu.com/ubuntu noble-security/restricted amd64 Components [212 B]
2025-08-23T11:09:26.7033457Z Get:34 http://azure.archive.ubuntu.com/ubuntu noble-security/multiverse amd64 Components [208 B]
2025-08-23T11:09:33.5367186Z Fetched 10.6 MB in 1s (7793 kB/s)
2025-08-23T11:09:34.2410304Z Reading package lists...
2025-08-23T11:09:34.2742799Z Reading package lists...
2025-08-23T11:09:34.4520240Z Building dependency tree...
2025-08-23T11:09:34.4528606Z Reading state information...
2025-08-23T11:09:34.6157767Z Suggested packages:
2025-08-23T11:09:34.6158076Z   postgresql-doc
2025-08-23T11:09:34.6321241Z The following NEW packages will be installed:
2025-08-23T11:09:34.6321711Z   postgresql
2025-08-23T11:09:34.6493902Z 0 upgraded, 1 newly installed, 0 to remove and 25 not upgraded.
2025-08-23T11:09:34.6494655Z Need to get 11.6 kB of archives.
2025-08-23T11:09:34.6495205Z After this operation, 17.4 kB of additional disk space will be used.
2025-08-23T11:09:34.6495680Z Get:1 file:/etc/apt/apt-mirrors.txt Mirrorlist [144 B]
2025-08-23T11:09:34.7019782Z Get:2 http://azure.archive.ubuntu.com/ubuntu noble-updates/main amd64 postgresql all 16+257build1.1 [11.6 kB]
2025-08-23T11:09:34.9766390Z Fetched 11.6 kB in 0s (185 kB/s)
2025-08-23T11:09:34.9985823Z Selecting previously unselected package postgresql.
2025-08-23T11:09:35.0194560Z (Reading database ... 
2025-08-23T11:09:35.0195201Z (Reading database ... 5%
2025-08-23T11:09:35.0195767Z (Reading database ... 10%
2025-08-23T11:09:35.0196337Z (Reading database ... 15%
2025-08-23T11:09:35.0197038Z (Reading database ... 20%
2025-08-23T11:09:35.0197370Z (Reading database ... 25%
2025-08-23T11:09:35.0197674Z (Reading database ... 30%
2025-08-23T11:09:35.0197972Z (Reading database ... 35%
2025-08-23T11:09:35.0198265Z (Reading database ... 40%
2025-08-23T11:09:35.0198824Z (Reading database ... 45%
2025-08-23T11:09:35.0199116Z (Reading database ... 50%
2025-08-23T11:09:35.0324639Z (Reading database ... 55%
2025-08-23T11:09:35.0601446Z (Reading database ... 60%
2025-08-23T11:09:35.0836888Z (Reading database ... 65%
2025-08-23T11:09:35.1056508Z (Reading database ... 70%
2025-08-23T11:09:35.1228960Z (Reading database ... 75%
2025-08-23T11:09:35.1501444Z (Reading database ... 80%
2025-08-23T11:09:35.1939748Z (Reading database ... 85%
2025-08-23T11:09:35.2320533Z (Reading database ... 90%
2025-08-23T11:09:35.2966771Z (Reading database ... 95%
2025-08-23T11:09:35.2967371Z (Reading database ... 100%
2025-08-23T11:09:35.2968268Z (Reading database ... 219830 files and directories currently installed.)
2025-08-23T11:09:35.3011756Z Preparing to unpack .../postgresql_16+257build1.1_all.deb ...
2025-08-23T11:09:35.3031827Z Unpacking postgresql (16+257build1.1) ...
2025-08-23T11:09:35.3406460Z Setting up postgresql (16+257build1.1) ...
2025-08-23T11:09:35.9690220Z 
2025-08-23T11:09:35.9690935Z Running kernel seems to be up-to-date.
2025-08-23T11:09:35.9691440Z 
2025-08-23T11:09:35.9691691Z Restarting services...
2025-08-23T11:09:35.9763901Z 
2025-08-23T11:09:35.9764358Z Service restarts being deferred:
2025-08-23T11:09:35.9766417Z  systemctl restart hosted-compute-agent.service
2025-08-23T11:09:35.9766815Z 
2025-08-23T11:09:35.9767070Z No containers need to be restarted.
2025-08-23T11:09:35.9767372Z 
2025-08-23T11:09:35.9767680Z No user sessions are running outdated binaries.
2025-08-23T11:09:35.9768025Z 
2025-08-23T11:09:35.9768734Z No VM guests are running outdated hypervisor (qemu) binaries on this host.
2025-08-23T11:09:36.8407503Z ##[group]Run for i in {1..30}; do pg_isready -h localhost -p 5432 -U postgres -d awa && break; sleep 1; done
2025-08-23T11:09:36.8408321Z [36;1mfor i in {1..30}; do pg_isready -h localhost -p 5432 -U postgres -d awa && break; sleep 1; done[0m
2025-08-23T11:09:36.8448909Z shell: /usr/bin/bash -e {0}
2025-08-23T11:09:36.8449240Z env:
2025-08-23T11:09:36.8449456Z   REDIS_URL: redis://localhost:6379/0
2025-08-23T11:09:36.8449738Z   RATE_LIMIT_DEFAULT: 100/minute
2025-08-23T11:09:36.8449976Z   TRUST_X_FORWARDED: 1
2025-08-23T11:09:36.8450178Z   PG_USER: postgres
2025-08-23T11:09:36.8450377Z   PG_PASSWORD: pass
2025-08-23T11:09:36.8450566Z   PG_DATABASE: awa
2025-08-23T11:09:36.8450762Z   PG_HOST: localhost
2025-08-23T11:09:36.8450955Z   PG_PORT: 5432
2025-08-23T11:09:36.8451375Z   PG_SYNC_DSN: ***localhost:5432/awa
2025-08-23T11:09:36.8451768Z   PG_ASYNC_DSN: ***localhost:5432/awa
2025-08-23T11:09:36.8452153Z   DATABASE_URL: ***localhost:5432/awa
2025-08-23T11:09:36.8452420Z   DATA_DIR: /tmp/awa-data
2025-08-23T11:09:36.8452635Z   ENABLE_LIVE: 0
2025-08-23T11:09:36.8452818Z   TESTING: 1
2025-08-23T11:09:36.8453063Z   pythonLocation: /opt/hostedtoolcache/Python/3.12.11/x64
2025-08-23T11:09:36.8453468Z   PKG_CONFIG_PATH: /opt/hostedtoolcache/Python/3.12.11/x64/lib/pkgconfig
2025-08-23T11:09:36.8453865Z   Python_ROOT_DIR: /opt/hostedtoolcache/Python/3.12.11/x64
2025-08-23T11:09:36.8454221Z   Python2_ROOT_DIR: /opt/hostedtoolcache/Python/3.12.11/x64
2025-08-23T11:09:36.8454579Z   Python3_ROOT_DIR: /opt/hostedtoolcache/Python/3.12.11/x64
2025-08-23T11:09:36.8454938Z   LD_LIBRARY_PATH: /opt/hostedtoolcache/Python/3.12.11/x64/lib
2025-08-23T11:09:36.8455246Z ##[endgroup]
2025-08-23T11:09:36.8964922Z localhost:5432 - accepting connections
2025-08-23T11:09:36.9000197Z ##[group]Run alembic -c services/api/alembic.ini upgrade head
2025-08-23T11:09:36.9000647Z [36;1malembic -c services/api/alembic.ini upgrade head[0m
2025-08-23T11:09:36.9040054Z shell: /usr/bin/bash -e {0}
2025-08-23T11:09:36.9040287Z env:
2025-08-23T11:09:36.9040496Z   REDIS_URL: redis://localhost:6379/0
2025-08-23T11:09:36.9040785Z   RATE_LIMIT_DEFAULT: 100/minute
2025-08-23T11:09:36.9041027Z   TRUST_X_FORWARDED: 1
2025-08-23T11:09:36.9041226Z   PG_USER: postgres
2025-08-23T11:09:36.9041422Z   PG_PASSWORD: pass
2025-08-23T11:09:36.9041616Z   PG_DATABASE: awa
2025-08-23T11:09:36.9041803Z   PG_HOST: localhost
2025-08-23T11:09:36.9042003Z   PG_PORT: 5432
2025-08-23T11:09:36.9042416Z   PG_SYNC_DSN: ***localhost:5432/awa
2025-08-23T11:09:36.9042831Z   PG_ASYNC_DSN: ***localhost:5432/awa
2025-08-23T11:09:36.9043220Z   DATABASE_URL: ***localhost:5432/awa
2025-08-23T11:09:36.9043465Z   DATA_DIR: /tmp/awa-data
2025-08-23T11:09:36.9043675Z   ENABLE_LIVE: 0
2025-08-23T11:09:36.9043878Z   TESTING: 1
2025-08-23T11:09:36.9044134Z   pythonLocation: /opt/hostedtoolcache/Python/3.12.11/x64
2025-08-23T11:09:36.9044539Z   PKG_CONFIG_PATH: /opt/hostedtoolcache/Python/3.12.11/x64/lib/pkgconfig
2025-08-23T11:09:36.9044938Z   Python_ROOT_DIR: /opt/hostedtoolcache/Python/3.12.11/x64
2025-08-23T11:09:36.9045298Z   Python2_ROOT_DIR: /opt/hostedtoolcache/Python/3.12.11/x64
2025-08-23T11:09:36.9045654Z   Python3_ROOT_DIR: /opt/hostedtoolcache/Python/3.12.11/x64
2025-08-23T11:09:36.9046012Z   LD_LIBRARY_PATH: /opt/hostedtoolcache/Python/3.12.11/x64/lib
2025-08-23T11:09:36.9046323Z   POSTGRES_USER: postgres
2025-08-23T11:09:36.9046546Z   POSTGRES_PASSWORD: pass
2025-08-23T11:09:36.9046748Z   POSTGRES_DB: awa
2025-08-23T11:09:36.9046944Z ##[endgroup]
2025-08-23T11:09:38.0048584Z INFO  [alembic.runtime.migration] Context impl PostgresqlImpl.
2025-08-23T11:09:38.0049191Z INFO  [alembic.runtime.migration] Will assume transactional DDL.
2025-08-23T11:09:38.0255731Z INFO  [alembic.runtime.migration] Running upgrade  -> 0001_baseline
2025-08-23T11:09:38.0442218Z INFO  [alembic.runtime.migration] Running upgrade 0001_baseline -> 0002_create_roi_view
2025-08-23T11:09:38.0455921Z INFO  [alembic.runtime.migration] Running upgrade 0002_create_roi_view -> 3e9d5c5aff2c
2025-08-23T11:09:38.0623340Z INFO  [alembic.runtime.migration] Running upgrade 3e9d5c5aff2c -> 0003_vendor_prices
2025-08-23T11:09:38.0773200Z INFO  [alembic.runtime.migration] Running upgrade 0003_vendor_prices -> 0004_fee_cron
2025-08-23T11:09:38.0845710Z INFO  [alembic.runtime.migration] Running upgrade 0004_fee_cron -> 0006_fix_roi_views
2025-08-23T11:09:38.0880213Z INFO  [alembic.runtime.migration] Running upgrade 0006_fix_roi_views -> 0020_unified_schema
2025-08-23T11:09:38.1006197Z INFO  [alembic.runtime.migration] Running upgrade 0020_unified_schema -> 0022_fix_roi_view
2025-08-23T11:09:38.1089621Z INFO  [alembic.runtime.migration] Running upgrade 0022_fix_roi_view -> 0023_add_storage_fee
2025-08-23T11:09:38.1126685Z INFO  [alembic.runtime.migration] Running upgrade 0023_add_storage_fee -> 0024_create_buybox
2025-08-23T11:09:38.1155226Z INFO  [alembic.runtime.migration] Running upgrade 0024_create_buybox -> 0025_pr4_indexes_loadlog
2025-08-23T11:09:38.1371289Z INFO  [alembic.runtime.migration] Running upgrade 0025_pr4_indexes_loadlog -> 0026_fix_refund_views
2025-08-23T11:09:38.1429610Z INFO  [alembic.runtime.migration] Running upgrade 0025_pr4_indexes_loadlog -> 0026_amazon_new_reports
2025-08-23T11:09:38.1638929Z INFO  [alembic.runtime.migration] Running upgrade 0026_amazon_new_reports, 0026_fix_refund_views -> 0027_merge_reports_refund_heads
2025-08-23T11:09:38.2480179Z ##[group]Run pytest -q --cov=services --cov-report=xml
2025-08-23T11:09:38.2480899Z [36;1mpytest -q --cov=services --cov-report=xml[0m
2025-08-23T11:09:38.2529307Z shell: /usr/bin/bash -e {0}
2025-08-23T11:09:38.2529555Z env:
2025-08-23T11:09:38.2529779Z   REDIS_URL: redis://localhost:6379/0
2025-08-23T11:09:38.2530060Z   RATE_LIMIT_DEFAULT: 100/minute
2025-08-23T11:09:38.2530295Z   TRUST_X_FORWARDED: 1
2025-08-23T11:09:38.2530498Z   PG_USER: postgres
2025-08-23T11:09:38.2530700Z   PG_PASSWORD: pass
2025-08-23T11:09:38.2530894Z   PG_DATABASE: awa
2025-08-23T11:09:38.2531086Z   PG_HOST: localhost
2025-08-23T11:09:38.2531274Z   PG_PORT: 5432
2025-08-23T11:09:38.2531699Z   PG_SYNC_DSN: ***localhost:5432/awa
2025-08-23T11:09:38.2532134Z   PG_ASYNC_DSN: ***localhost:5432/awa
2025-08-23T11:09:38.2532536Z   DATABASE_URL: ***localhost:5432/awa
2025-08-23T11:09:38.2532804Z   DATA_DIR: /home/runner/work/_temp/awa-data
2025-08-23T11:09:38.2533059Z   ENABLE_LIVE: 0
2025-08-23T11:09:38.2533270Z   TESTING: 1
2025-08-23T11:09:38.2533519Z   pythonLocation: /opt/hostedtoolcache/Python/3.12.11/x64
2025-08-23T11:09:38.2533922Z   PKG_CONFIG_PATH: /opt/hostedtoolcache/Python/3.12.11/x64/lib/pkgconfig
2025-08-23T11:09:38.2534320Z   Python_ROOT_DIR: /opt/hostedtoolcache/Python/3.12.11/x64
2025-08-23T11:09:38.2534671Z   Python2_ROOT_DIR: /opt/hostedtoolcache/Python/3.12.11/x64
2025-08-23T11:09:38.2535024Z   Python3_ROOT_DIR: /opt/hostedtoolcache/Python/3.12.11/x64
2025-08-23T11:09:38.2535378Z   LD_LIBRARY_PATH: /opt/hostedtoolcache/Python/3.12.11/x64/lib
2025-08-23T11:09:38.2535682Z   POSTGRES_USER: postgres
2025-08-23T11:09:38.2535902Z   POSTGRES_PASSWORD: pass
2025-08-23T11:09:38.2536101Z   POSTGRES_DB: awa
2025-08-23T11:09:38.2536295Z   LLM_PROVIDER: lan
2025-08-23T11:09:38.2536508Z   LLM_BASE_URL: http://localhost:8000
2025-08-23T11:09:38.2536758Z ##[endgroup]
2025-08-23T11:10:10.4965680Z ........s.............................sssssss........................... [ 41%]
2025-08-23T11:10:42.4498315Z ........................................................................ [ 83%]
2025-08-23T11:10:43.7711066Z .............................                                            [100%]
2025-08-23T11:10:43.7711766Z =============================== warnings summary ===============================
2025-08-23T11:10:43.7712562Z ../../../../../opt/hostedtoolcache/Python/3.12.11/x64/lib/python3.12/site-packages/pydantic/fields.py:1093
2025-08-23T11:10:43.7715952Z   /opt/hostedtoolcache/Python/3.12.11/x64/lib/python3.12/site-packages/pydantic/fields.py:1093: PydanticDeprecatedSince20: Using extra keyword arguments on `Field` is deprecated and will be removed. Use `json_schema_extra` instead. (Extra keys: 'strip_whitespace'). Deprecated in Pydantic V2.0 to be removed in V3.0. See Pydantic V2 Migration Guide at https://errors.pydantic.dev/2.11/migration/
2025-08-23T11:10:43.7718268Z     warn(
2025-08-23T11:10:43.7718666Z 
2025-08-23T11:10:43.7718867Z services/alert_bot/tests/test_smoke.py:5
2025-08-23T11:10:43.7720417Z   /home/runner/work/AWA-App/AWA-App/services/alert_bot/tests/test_smoke.py:5: UserWarning: pkg_resources is deprecated as an API. See https://setuptools.pypa.io/en/latest/pkg_resources.html. The pkg_resources package is slated for removal as early as 2025-11-30. Refrain from using this package or pin to Setuptools<81.
2025-08-23T11:10:43.7721752Z     import pkg_resources  # noqa: F401
2025-08-23T11:10:43.7721952Z 
2025-08-23T11:10:43.7722153Z tests/api/test_ingest_endpoints.py: 12 warnings
2025-08-23T11:10:43.7722553Z tests/ingest/test_tasks_eager.py: 3 warnings
2025-08-23T11:10:43.7722913Z tests/test_api_fast.py: 1 warning
2025-08-23T11:10:43.7723241Z tests/test_health.py: 5 warnings
2025-08-23T11:10:43.7723557Z tests/test_smoke.py: 5 warnings
2025-08-23T11:10:43.7723901Z services/api/tests/test_cors.py: 1 warning
2025-08-23T11:10:43.7724307Z services/api/tests/test_errors_json.py: 2 warnings
2025-08-23T11:10:43.7724710Z services/api/tests/test_health.py: 1 warning
2025-08-23T11:10:43.7725366Z services/api/tests/test_rate_limit.py: 122 warnings
2025-08-23T11:10:43.7725834Z services/api/tests/test_roi_basic_auth.py: 4 warnings
2025-08-23T11:10:43.7726272Z services/api/tests/test_sentry_event.py: 1 warning
2025-08-23T11:10:43.7726717Z services/api/tests/test_stats_contracts.py: 3 warnings
2025-08-23T11:10:43.7727225Z services/api/tests/test_stats_future_contracts.py: 3 warnings
2025-08-23T11:10:43.7729054Z   /opt/hostedtoolcache/Python/3.12.11/x64/lib/python3.12/site-packages/asgi_correlation_id/extensions/sentry.py:27: DeprecationWarning: sentry_sdk.configure_scope is deprecated and will be removed in the next major version. Please consult our migration guide to learn how to migrate to the new API: https://docs.sentry.io/platforms/python/migration/1.x-to-2.x#scope-configuring
2025-08-23T11:10:43.7730387Z     with configure_scope() as scope:
2025-08-23T11:10:43.7730559Z 
2025-08-23T11:10:43.7730736Z tests/api/test_ingest_endpoints.py: 3 warnings
2025-08-23T11:10:43.7731058Z tests/test_api_fast.py: 1 warning
2025-08-23T11:10:43.7731350Z tests/test_health.py: 5 warnings
2025-08-23T11:10:43.7731634Z tests/test_smoke.py: 5 warnings
2025-08-23T11:10:43.7731950Z services/api/tests/test_cors.py: 3 warnings
2025-08-23T11:10:43.7732313Z services/api/tests/test_errors_json.py: 2 warnings
2025-08-23T11:10:43.7732767Z Sentry is attempting to send 0 pending events
2025-08-23T11:10:43.7733082Z Waiting up to True seconds
2025-08-23T11:10:43.7733328Z Press Ctrl-C to quit
2025-08-23T11:10:43.7733618Z services/api/tests/test_health.py: 1 warning
2025-08-23T11:10:43.7733988Z services/api/tests/test_rate_limit.py: 2 warnings
2025-08-23T11:10:43.7734365Z services/api/tests/test_sentry_event.py: 1 warning
2025-08-23T11:10:43.7734759Z services/api/tests/test_stats_contracts.py: 3 warnings
2025-08-23T11:10:43.7735203Z services/api/tests/test_stats_future_contracts.py: 1 warning
2025-08-23T11:10:43.7736174Z   /opt/hostedtoolcache/Python/3.12.11/x64/lib/python3.12/site-packages/fastapi_limiter/__init__.py:89: DeprecationWarning: Call to deprecated close. (Use aclose() instead) -- Deprecated since version 5.0.1.
2025-08-23T11:10:43.7736961Z     await cls.redis.close()
2025-08-23T11:10:43.7737110Z 
2025-08-23T11:10:43.7737309Z tests/test_api_fast.py::test_health_endpoint
2025-08-23T11:10:43.7738742Z   /home/runner/work/AWA-App/AWA-App/tests/test_api_fast.py:13: DeprecationWarning: datetime.datetime.utcnow() is deprecated and scheduled for removal in a future version. Use timezone-aware objects to represent datetimes in UTC: datetime.datetime.now(datetime.UTC).
2025-08-23T11:10:43.7739775Z     return datetime.datetime.utcnow()
2025-08-23T11:10:43.7739957Z 
2025-08-23T11:10:43.7740099Z tests/test_api_fast.py: 1 warning
2025-08-23T11:10:43.7740391Z tests/test_health.py: 5 warnings
2025-08-23T11:10:43.7740827Z tests/test_smoke.py: 5 warnings
2025-08-23T11:10:43.7741129Z services/api/tests/test_cors.py: 1 warning
2025-08-23T11:10:43.7741476Z services/api/tests/test_health.py: 1 warning
2025-08-23T11:10:43.7741846Z services/api/tests/test_rate_limit.py: 102 warnings
2025-08-23T11:10:43.7743034Z   /home/runner/work/AWA-App/AWA-App/services/api/routes/health.py:24: DeprecationWarning: datetime.datetime.utcnow() is deprecated and scheduled for removal in a future version. Use timezone-aware objects to represent datetimes in UTC: datetime.datetime.now(datetime.UTC).
2025-08-23T11:10:43.7744123Z     app_now = datetime.utcnow().replace(tzinfo=timezone.utc)
2025-08-23T11:10:43.7744358Z 
2025-08-23T11:10:43.7744507Z tests/test_health.py::test_health[0]
2025-08-23T11:10:43.7744814Z tests/test_health.py::test_health[1]
2025-08-23T11:10:43.7745109Z tests/test_health.py::test_health[2]
2025-08-23T11:10:43.7745400Z tests/test_health.py::test_health[3]
2025-08-23T11:10:43.7745691Z tests/test_health.py::test_health[4]
2025-08-23T11:10:43.7746919Z   /home/runner/work/AWA-App/AWA-App/tests/test_health.py:22: DeprecationWarning: datetime.datetime.utcnow() is deprecated and scheduled for removal in a future version. Use timezone-aware objects to represent datetimes in UTC: datetime.datetime.now(datetime.UTC).
2025-08-23T11:10:43.7747927Z     return datetime.datetime.utcnow()
2025-08-23T11:10:43.7748103Z 
2025-08-23T11:10:43.7748247Z tests/test_smoke.py::test_health[0]
2025-08-23T11:10:43.7748769Z tests/test_smoke.py::test_health[1]
2025-08-23T11:10:43.7749060Z tests/test_smoke.py::test_health[2]
2025-08-23T11:10:43.7749341Z tests/test_smoke.py::test_health[3]
2025-08-23T11:10:43.7749620Z tests/test_smoke.py::test_health[4]
2025-08-23T11:10:43.7750699Z   /home/runner/work/AWA-App/AWA-App/tests/test_smoke.py:32: DeprecationWarning: datetime.datetime.utcnow() is deprecated and scheduled for removal in a future version. Use timezone-aware objects to represent datetimes in UTC: datetime.datetime.now(datetime.UTC).
2025-08-23T11:10:43.7751693Z     return datetime.datetime.utcnow()
2025-08-23T11:10:43.7751867Z 
2025-08-23T11:10:43.7752097Z services/api/tests/test_cors.py::test_cors_simple_get_allowed
2025-08-23T11:10:43.7753312Z   /home/runner/work/AWA-App/AWA-App/services/api/tests/test_cors.py:27: DeprecationWarning: datetime.datetime.utcnow() is deprecated and scheduled for removal in a future version. Use timezone-aware objects to represent datetimes in UTC: datetime.datetime.now(datetime.UTC).
2025-08-23T11:10:43.7754332Z     return datetime.datetime.utcnow()
2025-08-23T11:10:43.7754501Z 
2025-08-23T11:10:43.7754699Z services/api/tests/test_health.py::test_health_route
2025-08-23T11:10:43.7755875Z   /home/runner/work/AWA-App/AWA-App/services/api/tests/test_health.py:14: DeprecationWarning: datetime.datetime.utcnow() is deprecated and scheduled for removal in a future version. Use timezone-aware objects to represent datetimes in UTC: datetime.datetime.now(datetime.UTC).
2025-08-23T11:10:43.7756901Z     return datetime.datetime.utcnow()
2025-08-23T11:10:43.7757073Z 
2025-08-23T11:10:43.7757256Z services/api/tests/test_rate_limit.py: 102 warnings
2025-08-23T11:10:43.7758655Z   /home/runner/work/AWA-App/AWA-App/services/api/tests/test_rate_limit.py:33: DeprecationWarning: datetime.datetime.utcnow() is deprecated and scheduled for removal in a future version. Use timezone-aware objects to represent datetimes in UTC: datetime.datetime.now(datetime.UTC).
2025-08-23T11:10:43.7759729Z     return datetime.datetime.utcnow()
2025-08-23T11:10:43.7759908Z 
2025-08-23T11:10:43.7760255Z services/api/tests/test_sentry_event.py::test_unhandled_exception_is_captured_and_tagged
2025-08-23T11:10:43.7761776Z   /home/runner/work/AWA-App/AWA-App/services/api/tests/test_sentry_event.py:47: SentryHubDeprecationWarning: `sentry_sdk.Hub` is deprecated and will be removed in a future major release. Please consult our 1.x to 2.x migration guide for details on how to migrate `Hub` usage to the new API: https://docs.sentry.io/platforms/python/migration/1.x-to-2.x
2025-08-23T11:10:43.7763141Z     hub = sentry_sdk.Hub.current
2025-08-23T11:10:43.7763303Z 
2025-08-23T11:10:43.7763580Z -- Docs: https://docs.pytest.org/en/stable/how-to/capture-warnings.html
2025-08-23T11:10:43.7764070Z ================================ tests coverage ================================
2025-08-23T11:10:43.7764543Z _______________ coverage: platform linux, python 3.12.11-final-0 _______________
2025-08-23T11:10:43.7764798Z 
2025-08-23T11:10:43.7764955Z Coverage XML written to file coverage.xml
2025-08-23T11:10:44.2549311Z ##[group]Run echo "::group::postgres container logs"
2025-08-23T11:10:44.2549716Z [36;1mecho "::group::postgres container logs"[0m
2025-08-23T11:10:44.2550208Z [36;1mdocker logs d59c64c51bc516877c350aacff576ab4381ec548d5eed0d79d0d5146e03cbb84 --tail 200[0m
2025-08-23T11:10:44.2550659Z [36;1mecho "::endgroup::"[0m
2025-08-23T11:10:44.2591854Z shell: /usr/bin/bash -e {0}
2025-08-23T11:10:44.2592127Z env:
2025-08-23T11:10:44.2592345Z   REDIS_URL: redis://localhost:6379/0
2025-08-23T11:10:44.2592635Z   RATE_LIMIT_DEFAULT: 100/minute
2025-08-23T11:10:44.2592871Z   TRUST_X_FORWARDED: 1
2025-08-23T11:10:44.2593072Z   PG_USER: postgres
2025-08-23T11:10:44.2593266Z   PG_PASSWORD: pass
2025-08-23T11:10:44.2593457Z   PG_DATABASE: awa
2025-08-23T11:10:44.2593636Z   PG_HOST: localhost
2025-08-23T11:10:44.2593830Z   PG_PORT: 5432
2025-08-23T11:10:44.2594258Z   PG_SYNC_DSN: ***localhost:5432/awa
2025-08-23T11:10:44.2594673Z   PG_ASYNC_DSN: ***localhost:5432/awa
2025-08-23T11:10:44.2595088Z   DATABASE_URL: ***localhost:5432/awa
2025-08-23T11:10:44.2595332Z   DATA_DIR: /tmp/awa-data
2025-08-23T11:10:44.2595544Z   ENABLE_LIVE: 0
2025-08-23T11:10:44.2595724Z   TESTING: 1
2025-08-23T11:10:44.2595966Z   pythonLocation: /opt/hostedtoolcache/Python/3.12.11/x64
2025-08-23T11:10:44.2596367Z   PKG_CONFIG_PATH: /opt/hostedtoolcache/Python/3.12.11/x64/lib/pkgconfig
2025-08-23T11:10:44.2596760Z   Python_ROOT_DIR: /opt/hostedtoolcache/Python/3.12.11/x64
2025-08-23T11:10:44.2597120Z   Python2_ROOT_DIR: /opt/hostedtoolcache/Python/3.12.11/x64
2025-08-23T11:10:44.2597478Z   Python3_ROOT_DIR: /opt/hostedtoolcache/Python/3.12.11/x64
2025-08-23T11:10:44.2597831Z   LD_LIBRARY_PATH: /opt/hostedtoolcache/Python/3.12.11/x64/lib
2025-08-23T11:10:44.2598128Z ##[endgroup]
2025-08-23T11:10:44.2657251Z ##[group]postgres container logs
2025-08-23T11:10:44.2774862Z The files belonging to this database system will be owned by user "postgres".
2025-08-23T11:10:44.2776109Z initdb: warning: enabling "trust" authentication for local connections
2025-08-23T11:10:44.2777052Z This user must also own the server process.
2025-08-23T11:10:44.2778809Z initdb: hint: You can change this by editing pg_hba.conf or using the option -A, or --auth-local and --auth-host, the next time you run initdb.
2025-08-23T11:10:44.2779626Z 
2025-08-23T11:10:44.2780716Z 2025-08-23 11:08:07.122 UTC [1] LOG:  starting PostgreSQL 15.14 (Debian 15.14-1.pgdg13+1) on x86_64-pc-linux-gnu, compiled by gcc (Debian 14.2.0-19) 14.2.0, 64-bit
2025-08-23T11:10:44.2781551Z 2025-08-23 11:08:07.122 UTC [1] LOG:  listening on IPv4 address "0.0.0.0", port 5432
2025-08-23T11:10:44.2782131Z 2025-08-23 11:08:07.122 UTC [1] LOG:  listening on IPv6 address "::", port 5432
2025-08-23T11:10:44.2782737Z 2025-08-23 11:08:07.124 UTC [1] LOG:  listening on Unix socket "/var/run/postgresql/.s.PGSQL.5432"
2025-08-23T11:10:44.2783363Z 2025-08-23 11:08:07.127 UTC [64] LOG:  database system was shut down at 2025-08-23 11:08:07 UTC
2025-08-23T11:10:44.2783926Z 2025-08-23 11:08:07.132 UTC [1] LOG:  database system is ready to accept connections
2025-08-23T11:10:44.2784867Z The database cluster will be initialized with locale "en_US.utf8".
2025-08-23T11:10:44.2785760Z The default database encoding has accordingly been set to "UTF8".
2025-08-23T11:10:44.2786620Z The default text search configuration will be set to "english".
2025-08-23T11:10:44.2787074Z 
2025-08-23T11:10:44.2787328Z Data page checksums are disabled.
2025-08-23T11:10:44.2787642Z 
2025-08-23T11:10:44.2788696Z fixing permissions on existing directory /var/lib/postgresql/data ... ok
2025-08-23T11:10:44.2789368Z creating subdirectories ... ok
2025-08-23T11:10:44.2789756Z selecting dynamic shared memory implementation ... posix
2025-08-23T11:10:44.2790144Z selecting default max_connections ... 100
2025-08-23T11:10:44.2790477Z selecting default shared_buffers ... 128MB
2025-08-23T11:10:44.2790846Z selecting default time zone ... Etc/UTC
2025-08-23T11:10:44.2791423Z creating configuration files ... ok
2025-08-23T11:10:44.2792070Z running bootstrap script ... ok
2025-08-23T11:10:44.2792716Z performing post-bootstrap initialization ... ok
2025-08-23T11:10:44.2793257Z syncing data to disk ... ok
2025-08-23T11:10:44.2793510Z 
2025-08-23T11:10:44.2793520Z 
2025-08-23T11:10:44.2793863Z Success. You can now start the database server using:
2025-08-23T11:10:44.2794422Z 
2025-08-23T11:10:44.2794705Z     pg_ctl -D /var/lib/postgresql/data -l logfile start
2025-08-23T11:10:44.2795072Z 
2025-08-23T11:10:44.2796287Z waiting for server to start....2025-08-23 11:08:06.780 UTC [48] LOG:  starting PostgreSQL 15.14 (Debian 15.14-1.pgdg13+1) on x86_64-pc-linux-gnu, compiled by gcc (Debian 14.2.0-19) 14.2.0, 64-bit
2025-08-23T11:10:44.2797486Z 2025-08-23 11:08:06.781 UTC [48] LOG:  listening on Unix socket "/var/run/postgresql/.s.PGSQL.5432"
2025-08-23T11:10:44.2798125Z 2025-08-23 11:08:06.785 UTC [51] LOG:  database system was shut down at 2025-08-23 11:08:06 UTC
2025-08-23T11:10:44.2798897Z 2025-08-23 11:08:06.790 UTC [48] LOG:  database system is ready to accept connections
2025-08-23T11:10:44.2799248Z  done
2025-08-23T11:10:44.2799424Z server started
2025-08-23T11:10:44.2799616Z CREATE DATABASE
2025-08-23T11:10:44.2799733Z 
2025-08-23T11:10:44.2799739Z 
2025-08-23T11:10:44.2800043Z /usr/local/bin/docker-entrypoint.sh: ignoring /docker-entrypoint-initdb.d/*
2025-08-23T11:10:44.2800353Z 
2025-08-23T11:10:44.2800586Z 2025-08-23 11:08:06.996 UTC [48] LOG:  received fast shutdown request
2025-08-23T11:10:44.2801174Z waiting for server to shut down....2025-08-23 11:08:06.997 UTC [48] LOG:  aborting any active transactions
2025-08-23T11:10:44.2801919Z 2025-08-23 11:08:06.998 UTC [48] LOG:  background worker "logical replication launcher" (PID 54) exited with exit code 1
2025-08-23T11:10:44.2802462Z 2025-08-23 11:08:07.000 UTC [49] LOG:  shutting down
2025-08-23T11:10:44.2802912Z 2025-08-23 11:08:07.001 UTC [49] LOG:  checkpoint starting: shutdown immediate
2025-08-23T11:10:44.2804024Z 2025-08-23 11:08:07.023 UTC [49] LOG:  checkpoint complete: wrote 922 buffers (5.6%); 0 WAL file(s) added, 0 removed, 0 recycled; write=0.019 s, sync=0.002 s, total=0.024 s; sync files=301, longest=0.001 s, average=0.001 s; distance=4239 kB, estimate=4239 kB
2025-08-23T11:10:44.2804917Z 2025-08-23 11:08:07.031 UTC [48] LOG:  database system is shut down
2025-08-23T11:10:44.2805218Z  done
2025-08-23T11:10:44.2805398Z server stopped
2025-08-23T11:10:44.2805510Z 
2025-08-23T11:10:44.2805712Z PostgreSQL init process complete; ready for start up.
2025-08-23T11:10:44.2805932Z 
2025-08-23T11:10:44.2806234Z ##[endgroup]
2025-08-23T11:10:44.2844422Z Post job cleanup.
2025-08-23T11:10:44.4987753Z Post job cleanup.
2025-08-23T11:10:44.6261548Z Cache hit occurred on the primary key Linux-test-cc13ccef493b9f3a93ad5651164d9fb09282c1111f6f72ce20e0657de16de6b4, not saving cache.
2025-08-23T11:10:44.6347316Z Post job cleanup.
2025-08-23T11:10:44.7918296Z Cache hit occurred on the primary key setup-python-Linux-x64-24.04-Ubuntu-python-3.12.11-pip-811b81ed6ebfbfffa596cc763769fd73f8be2333e1ac798acb7aae17a56fccd5, not saving cache.
2025-08-23T11:10:44.8034695Z Post job cleanup.
2025-08-23T11:10:44.8853382Z [command]/usr/bin/git version
2025-08-23T11:10:44.8890059Z git version 2.51.0
2025-08-23T11:10:44.8928298Z Temporarily overriding HOME='/home/runner/work/_temp/315784e9-e3a6-474f-915f-2062a0d03c21' before making global git config changes
2025-08-23T11:10:44.8929999Z Adding repository directory to the temporary git global config as a safe directory
2025-08-23T11:10:44.8934935Z [command]/usr/bin/git config --global --add safe.directory /home/runner/work/AWA-App/AWA-App
2025-08-23T11:10:44.8971251Z [command]/usr/bin/git config --local --name-only --get-regexp core\.sshCommand
2025-08-23T11:10:44.9004842Z [command]/usr/bin/git submodule foreach --recursive sh -c "git config --local --name-only --get-regexp 'core\.sshCommand' && git config --local --unset-all 'core.sshCommand' || :"
2025-08-23T11:10:44.9236379Z [command]/usr/bin/git config --local --name-only --get-regexp http\.https\:\/\/github\.com\/\.extraheader
2025-08-23T11:10:44.9258818Z http.https://github.com/.extraheader
2025-08-23T11:10:44.9269655Z [command]/usr/bin/git config --local --unset-all http.https://github.com/.extraheader
2025-08-23T11:10:44.9300505Z [command]/usr/bin/git submodule foreach --recursive sh -c "git config --local --name-only --get-regexp 'http\.https\:\/\/github\.com\/\.extraheader' && git config --local --unset-all 'http.https://github.com/.extraheader' || :"
2025-08-23T11:10:44.9630762Z Print service container logs: 656c2a1e20654de68fe6a547e772cbce_postgres15_c43fe2
2025-08-23T11:10:44.9635506Z ##[command]/usr/bin/docker logs --details d59c64c51bc516877c350aacff576ab4381ec548d5eed0d79d0d5146e03cbb84
2025-08-23T11:10:44.9768832Z  The files belonging to this database system will be owned by user "postgres".
2025-08-23T11:10:44.9770910Z  initdb: warning: enabling "trust" authentication for local connections
2025-08-23T11:10:44.9772006Z  initdb: hint: You can change this by editing pg_hba.conf or using the option -A, or --auth-local and --auth-host, the next time you run initdb.
2025-08-23T11:10:44.9773416Z  2025-08-23 11:08:07.122 UTC [1] LOG:  starting PostgreSQL 15.14 (Debian 15.14-1.pgdg13+1) on x86_64-pc-linux-gnu, compiled by gcc (Debian 14.2.0-19) 14.2.0, 64-bit
2025-08-23T11:10:44.9774487Z  2025-08-23 11:08:07.122 UTC [1] LOG:  listening on IPv4 address "0.0.0.0", port 5432
2025-08-23T11:10:44.9775262Z  2025-08-23 11:08:07.122 UTC [1] LOG:  listening on IPv6 address "::", port 5432
2025-08-23T11:10:44.9776071Z  2025-08-23 11:08:07.124 UTC [1] LOG:  listening on Unix socket "/var/run/postgresql/.s.PGSQL.5432"
2025-08-23T11:10:44.9776931Z  2025-08-23 11:08:07.127 UTC [64] LOG:  database system was shut down at 2025-08-23 11:08:07 UTC
2025-08-23T11:10:44.9777712Z  2025-08-23 11:08:07.132 UTC [1] LOG:  database system is ready to accept connections
2025-08-23T11:10:44.9779169Z  This user must also own the server process.
2025-08-23T11:10:44.9779637Z  
2025-08-23T11:10:44.9780080Z  The database cluster will be initialized with locale "en_US.utf8".
2025-08-23T11:10:44.9780788Z  The default database encoding has accordingly been set to "UTF8".
2025-08-23T11:10:44.9781422Z  The default text search configuration will be set to "english".
2025-08-23T11:10:44.9781910Z  
2025-08-23T11:10:44.9782202Z  Data page checksums are disabled.
2025-08-23T11:10:44.9782591Z  
2025-08-23T11:10:44.9783068Z  fixing permissions on existing directory /var/lib/postgresql/data ... ok
2025-08-23T11:10:44.9783686Z  creating subdirectories ... ok
2025-08-23T11:10:44.9784187Z  selecting dynamic shared memory implementation ... posix
2025-08-23T11:10:44.9784746Z  selecting default max_connections ... 100
2025-08-23T11:10:44.9785209Z  selecting default shared_buffers ... 128MB
2025-08-23T11:10:44.9785670Z  selecting default time zone ... Etc/UTC
2025-08-23T11:10:44.9786133Z  creating configuration files ... ok
2025-08-23T11:10:44.9786578Z  running bootstrap script ... ok
2025-08-23T11:10:44.9787051Z  performing post-bootstrap initialization ... ok
2025-08-23T11:10:44.9787548Z  syncing data to disk ... ok
2025-08-23T11:10:44.9787905Z  
2025-08-23T11:10:44.9788153Z  
2025-08-23T11:10:44.9788700Z  Success. You can now start the database server using:
2025-08-23T11:10:44.9789171Z  
2025-08-23T11:10:44.9789700Z      pg_ctl -D /var/lib/postgresql/data -l logfile start
2025-08-23T11:10:44.9790178Z  
2025-08-23T11:10:44.9791102Z  waiting for server to start....2025-08-23 11:08:06.780 UTC [48] LOG:  starting PostgreSQL 15.14 (Debian 15.14-1.pgdg13+1) on x86_64-pc-linux-gnu, compiled by gcc (Debian 14.2.0-19) 14.2.0, 64-bit
2025-08-23T11:10:44.9792204Z  2025-08-23 11:08:06.781 UTC [48] LOG:  listening on Unix socket "/var/run/postgresql/.s.PGSQL.5432"
2025-08-23T11:10:44.9792711Z  2025-08-23 11:08:06.785 UTC [51] LOG:  database system was shut down at 2025-08-23 11:08:06 UTC
2025-08-23T11:10:44.9793175Z  2025-08-23 11:08:06.790 UTC [48] LOG:  database system is ready to accept connections
2025-08-23T11:10:44.9793505Z   done
2025-08-23T11:10:44.9793674Z  server started
2025-08-23T11:10:44.9793852Z  CREATE DATABASE
2025-08-23T11:10:44.9794032Z  
2025-08-23T11:10:44.9794182Z  
2025-08-23T11:10:44.9794485Z  /usr/local/bin/docker-entrypoint.sh: ignoring /docker-entrypoint-initdb.d/*
2025-08-23T11:10:44.9794850Z  
2025-08-23T11:10:44.9795079Z  2025-08-23 11:08:06.996 UTC [48] LOG:  received fast shutdown request
2025-08-23T11:10:44.9795754Z  waiting for server to shut down....2025-08-23 11:08:06.997 UTC [48] LOG:  aborting any active transactions
2025-08-23T11:10:44.9796389Z  2025-08-23 11:08:06.998 UTC [48] LOG:  background worker "logical replication launcher" (PID 54) exited with exit code 1
2025-08-23T11:10:44.9796869Z  2025-08-23 11:08:07.000 UTC [49] LOG:  shutting down
2025-08-23T11:10:44.9797225Z  2025-08-23 11:08:07.001 UTC [49] LOG:  checkpoint starting: shutdown immediate
2025-08-23T11:10:44.9798049Z  2025-08-23 11:08:07.023 UTC [49] LOG:  checkpoint complete: wrote 922 buffers (5.6%); 0 WAL file(s) added, 0 removed, 0 recycled; write=0.019 s, sync=0.002 s, total=0.024 s; sync files=301, longest=0.001 s, average=0.001 s; distance=4239 kB, estimate=4239 kB
2025-08-23T11:10:44.9799146Z  2025-08-23 11:08:07.031 UTC [48] LOG:  database system is shut down
2025-08-23T11:10:44.9799440Z   done
2025-08-23T11:10:44.9799611Z  server stopped
2025-08-23T11:10:44.9799796Z  
2025-08-23T11:10:44.9800014Z  PostgreSQL init process complete; ready for start up.
2025-08-23T11:10:44.9800297Z  
2025-08-23T11:10:44.9805526Z Stop and remove container: 656c2a1e20654de68fe6a547e772cbce_postgres15_c43fe2
2025-08-23T11:10:44.9810936Z ##[command]/usr/bin/docker rm --force d59c64c51bc516877c350aacff576ab4381ec548d5eed0d79d0d5146e03cbb84
2025-08-23T11:10:45.1056538Z d59c64c51bc516877c350aacff576ab4381ec548d5eed0d79d0d5146e03cbb84
2025-08-23T11:10:45.1077531Z Print service container logs: 4c6e80706006424fa49a6c7ae53cf41a_redis7alpine_f7bc97
2025-08-23T11:10:45.1078974Z ##[command]/usr/bin/docker logs --details 850c8a865603daec6a0db50e8561589f90382107c97939e74f54f44d7a2974e6
2025-08-23T11:10:45.1198312Z  1:C 23 Aug 2025 11:08:07.342 # WARNING Memory overcommit must be enabled! Without it, a background save or replication may fail under low memory condition. Being disabled, it can also cause failures without low memory condition, see https://github.com/jemalloc/jemalloc/issues/1328. To fix this issue add 'vm.overcommit_memory = 1' to /etc/sysctl.conf and then reboot or run the command 'sysctl vm.overcommit_memory=1' for this to take effect.
2025-08-23T11:10:45.1200770Z  1:C 23 Aug 2025 11:08:07.342 * oO0OoO0OoO0Oo Redis is starting oO0OoO0OoO0Oo
2025-08-23T11:10:45.1201284Z  1:C 23 Aug 2025 11:08:07.342 * Redis version=7.4.5, bits=64, commit=00000000, modified=0, pid=1, just started
2025-08-23T11:10:45.1201984Z  1:C 23 Aug 2025 11:08:07.342 # Warning: no config file specified, using the default config. In order to specify a config file use redis-server /path/to/redis.conf
2025-08-23T11:10:45.1202604Z  1:M 23 Aug 2025 11:08:07.342 * monotonic clock: POSIX clock_gettime
2025-08-23T11:10:45.1202978Z  1:M 23 Aug 2025 11:08:07.343 * Running mode=standalone, port=6379.
2025-08-23T11:10:45.1203305Z  1:M 23 Aug 2025 11:08:07.343 * Server initialized
2025-08-23T11:10:45.1203620Z  1:M 23 Aug 2025 11:08:07.343 * Ready to accept connections tcp
2025-08-23T11:10:45.1209916Z Stop and remove container: 4c6e80706006424fa49a6c7ae53cf41a_redis7alpine_f7bc97
2025-08-23T11:10:45.1210668Z ##[command]/usr/bin/docker rm --force 850c8a865603daec6a0db50e8561589f90382107c97939e74f54f44d7a2974e6
2025-08-23T11:10:45.2336347Z 850c8a865603daec6a0db50e8561589f90382107c97939e74f54f44d7a2974e6
2025-08-23T11:10:45.2361689Z Remove container network: github_network_cda053ef97d84e9d80997b5987bc26c6
2025-08-23T11:10:45.2365944Z ##[command]/usr/bin/docker network rm github_network_cda053ef97d84e9d80997b5987bc26c6
2025-08-23T11:10:45.3437138Z github_network_cda053ef97d84e9d80997b5987bc26c6
2025-08-23T11:10:45.3495482Z Cleaning up orphan processes
