2025-08-21T21:02:48.2631900Z Current runner version: '2.328.0'
2025-08-21T21:02:48.2655267Z ##[group]Runner Image Provisioner
2025-08-21T21:02:48.2656060Z Hosted Compute Agent
2025-08-21T21:02:48.2656709Z Version: 20250818.377
2025-08-21T21:02:48.2657302Z Commit: 3c593e9f75fe0b87e893bca80d6e12ba089c61fc
2025-08-21T21:02:48.2658045Z Build Date: 2025-08-18T14:52:18Z
2025-08-21T21:02:48.2658594Z ##[endgroup]
2025-08-21T21:02:48.2659202Z ##[group]Operating System
2025-08-21T21:02:48.2659743Z Ubuntu
2025-08-21T21:02:48.2660210Z 24.04.2
2025-08-21T21:02:48.2660907Z LTS
2025-08-21T21:02:48.2661423Z ##[endgroup]
2025-08-21T21:02:48.2661899Z ##[group]Runner Image
2025-08-21T21:02:48.2662489Z Image: ubuntu-24.04
2025-08-21T21:02:48.2663094Z Version: 20250818.1.0
2025-08-21T21:02:48.2664070Z Included Software: https://github.com/actions/runner-images/blob/ubuntu24/20250818.1/images/ubuntu/Ubuntu2404-Readme.md
2025-08-21T21:02:48.2665698Z Image Release: https://github.com/actions/runner-images/releases/tag/ubuntu24%2F20250818.1
2025-08-21T21:02:48.2666660Z ##[endgroup]
2025-08-21T21:02:48.2669163Z ##[group]GITHUB_TOKEN Permissions
2025-08-21T21:02:48.2671417Z Actions: write
2025-08-21T21:02:48.2672064Z Attestations: write
2025-08-21T21:02:48.2672595Z Checks: write
2025-08-21T21:02:48.2673094Z Contents: write
2025-08-21T21:02:48.2673598Z Deployments: write
2025-08-21T21:02:48.2674122Z Discussions: write
2025-08-21T21:02:48.2674582Z Issues: write
2025-08-21T21:02:48.2675085Z Metadata: read
2025-08-21T21:02:48.2675596Z Models: read
2025-08-21T21:02:48.2676085Z Packages: write
2025-08-21T21:02:48.2676613Z Pages: write
2025-08-21T21:02:48.2677089Z PullRequests: write
2025-08-21T21:02:48.2677618Z RepositoryProjects: write
2025-08-21T21:02:48.2678137Z SecurityEvents: write
2025-08-21T21:02:48.2678832Z Statuses: write
2025-08-21T21:02:48.2679311Z ##[endgroup]
2025-08-21T21:02:48.2681738Z Secret source: Actions
2025-08-21T21:02:48.2682569Z Prepare workflow directory
2025-08-21T21:02:48.3112862Z Prepare all required actions
2025-08-21T21:02:48.3170644Z Getting action download info
2025-08-21T21:02:48.8762282Z Download action repository 'actions/checkout@v5' (SHA:08c6903cd8c0fde910a37f88322edcfb5dd907a8)
2025-08-21T21:02:48.9725553Z Download action repository 'actions/setup-python@v5' (SHA:a26af69be951a213d495a4c3e4e4022e16d87065)
2025-08-21T21:02:49.0555620Z Download action repository 'actions/cache@v4' (SHA:0400d5f644dc74513175e3cd8d07132dd4860809)
2025-08-21T21:02:49.1529434Z Download action repository 'actions/setup-node@v4' (SHA:49933ea5288caeca8642d1e84afbd3f7d6820020)
2025-08-21T21:02:49.2930440Z Download action repository 'codecov/codecov-action@v5' (SHA:fdcc8476540edceab3de004e990f80d881c6cc00)
2025-08-21T21:02:49.8055461Z Getting action download info
2025-08-21T21:02:50.0035076Z Download action repository 'actions/github-script@60a0d83039c74a4aee543508d2ffcb1c3799cdea' (SHA:60a0d83039c74a4aee543508d2ffcb1c3799cdea)
2025-08-21T21:02:50.5709913Z Complete job name: test
2025-08-21T21:02:50.6394981Z ##[group]Checking docker version
2025-08-21T21:02:50.6408985Z ##[command]/usr/bin/docker version --format '{{.Server.APIVersion}}'
2025-08-21T21:02:50.6935209Z '1.48'
2025-08-21T21:02:50.6948366Z Docker daemon API version: '1.48'
2025-08-21T21:02:50.6949802Z ##[command]/usr/bin/docker version --format '{{.Client.APIVersion}}'
2025-08-21T21:02:50.7169568Z '1.48'
2025-08-21T21:02:50.7184899Z Docker client API version: '1.48'
2025-08-21T21:02:50.7191408Z ##[endgroup]
2025-08-21T21:02:50.7195202Z ##[group]Clean up resources from previous jobs
2025-08-21T21:02:50.7202255Z ##[command]/usr/bin/docker ps --all --quiet --no-trunc --filter "label=f2dcc9"
2025-08-21T21:02:50.7352885Z ##[command]/usr/bin/docker network prune --force --filter "label=f2dcc9"
2025-08-21T21:02:50.7494789Z ##[endgroup]
2025-08-21T21:02:50.7495703Z ##[group]Create local container network
2025-08-21T21:02:50.7506670Z ##[command]/usr/bin/docker network create --label f2dcc9 github_network_95f8df1735fe4ea3b90880ba99f57843
2025-08-21T21:02:50.8091574Z 9fd5cfc7223465b9103de5c93ddbd3ca8b169b65bf1eefe6b9a21e54a4a13920
2025-08-21T21:02:50.8109510Z ##[endgroup]
2025-08-21T21:02:50.8135317Z ##[group]Starting postgres service container
2025-08-21T21:02:50.8156050Z ##[command]/usr/bin/docker pull postgres:15
2025-08-21T21:02:51.8434288Z 15: Pulling from library/postgres
2025-08-21T21:02:52.0884456Z 396b1da7636e: Pulling fs layer
2025-08-21T21:02:52.0885274Z fca2566eba32: Pulling fs layer
2025-08-21T21:02:52.0885798Z 631fe8c6d606: Pulling fs layer
2025-08-21T21:02:52.0886306Z 77c7671c4414: Pulling fs layer
2025-08-21T21:02:52.0886799Z 2d9e29180a27: Pulling fs layer
2025-08-21T21:02:52.0887312Z c6bcc2c9a041: Pulling fs layer
2025-08-21T21:02:52.0887851Z ac4b721eb66f: Pulling fs layer
2025-08-21T21:02:52.0888397Z 606bd164980e: Pulling fs layer
2025-08-21T21:02:52.0888940Z f5dfd246bc6e: Pulling fs layer
2025-08-21T21:02:52.0889529Z ba7036bb0a60: Pulling fs layer
2025-08-21T21:02:52.0890063Z 799f859abbbd: Pulling fs layer
2025-08-21T21:02:52.0890737Z d903e777080c: Pulling fs layer
2025-08-21T21:02:52.0891039Z 04adcb462801: Pulling fs layer
2025-08-21T21:02:52.0891357Z 5c10925b29ff: Pulling fs layer
2025-08-21T21:02:52.0891598Z 77c7671c4414: Waiting
2025-08-21T21:02:52.0891851Z 2d9e29180a27: Waiting
2025-08-21T21:02:52.0892088Z c6bcc2c9a041: Waiting
2025-08-21T21:02:52.0892331Z ac4b721eb66f: Waiting
2025-08-21T21:02:52.0892551Z 606bd164980e: Waiting
2025-08-21T21:02:52.0892790Z f5dfd246bc6e: Waiting
2025-08-21T21:02:52.0893037Z ba7036bb0a60: Waiting
2025-08-21T21:02:52.0893357Z 799f859abbbd: Waiting
2025-08-21T21:02:52.0893582Z d903e777080c: Waiting
2025-08-21T21:02:52.0893799Z 04adcb462801: Waiting
2025-08-21T21:02:52.0894025Z 5c10925b29ff: Waiting
2025-08-21T21:02:52.3482944Z fca2566eba32: Download complete
2025-08-21T21:02:52.4035813Z 631fe8c6d606: Download complete
2025-08-21T21:02:52.6253028Z 77c7671c4414: Verifying Checksum
2025-08-21T21:02:52.6253760Z 77c7671c4414: Download complete
2025-08-21T21:02:52.7615810Z 396b1da7636e: Verifying Checksum
2025-08-21T21:02:52.7616502Z 396b1da7636e: Download complete
2025-08-21T21:02:52.8026080Z 2d9e29180a27: Verifying Checksum
2025-08-21T21:02:52.8026676Z 2d9e29180a27: Download complete
2025-08-21T21:02:52.9041107Z c6bcc2c9a041: Download complete
2025-08-21T21:02:53.0203723Z ac4b721eb66f: Verifying Checksum
2025-08-21T21:02:53.0205368Z ac4b721eb66f: Download complete
2025-08-21T21:02:53.0975513Z 606bd164980e: Verifying Checksum
2025-08-21T21:02:53.0979366Z 606bd164980e: Download complete
2025-08-21T21:02:53.3386038Z ba7036bb0a60: Verifying Checksum
2025-08-21T21:02:53.3386607Z ba7036bb0a60: Download complete
2025-08-21T21:02:53.3950038Z 799f859abbbd: Verifying Checksum
2025-08-21T21:02:53.3950754Z 799f859abbbd: Download complete
2025-08-21T21:02:53.6477952Z d903e777080c: Download complete
2025-08-21T21:02:53.6625076Z 04adcb462801: Verifying Checksum
2025-08-21T21:02:53.6628909Z 04adcb462801: Download complete
2025-08-21T21:02:53.7761311Z 396b1da7636e: Pull complete
2025-08-21T21:02:53.8637096Z fca2566eba32: Pull complete
2025-08-21T21:02:53.9217171Z 5c10925b29ff: Verifying Checksum
2025-08-21T21:02:53.9218135Z 5c10925b29ff: Download complete
2025-08-21T21:02:54.0495285Z 631fe8c6d606: Pull complete
2025-08-21T21:02:54.1028612Z 77c7671c4414: Pull complete
2025-08-21T21:02:54.4363197Z 2d9e29180a27: Pull complete
2025-08-21T21:02:54.5269660Z c6bcc2c9a041: Pull complete
2025-08-21T21:02:54.5383149Z ac4b721eb66f: Pull complete
2025-08-21T21:02:54.5531270Z 606bd164980e: Pull complete
2025-08-21T21:02:55.2289000Z f5dfd246bc6e: Verifying Checksum
2025-08-21T21:02:55.2289574Z f5dfd246bc6e: Download complete
2025-08-21T21:02:58.2029486Z f5dfd246bc6e: Pull complete
2025-08-21T21:02:58.2217585Z ba7036bb0a60: Pull complete
2025-08-21T21:02:58.2334226Z 799f859abbbd: Pull complete
2025-08-21T21:02:58.2521876Z d903e777080c: Pull complete
2025-08-21T21:02:58.2640544Z 04adcb462801: Pull complete
2025-08-21T21:02:58.2763411Z 5c10925b29ff: Pull complete
2025-08-21T21:02:58.2807774Z Digest: sha256:bc51cf4f1fe02cce7ed2370b20128a9b00b4eb804573a77d2a0d877aaa9c82b1
2025-08-21T21:02:58.2823645Z Status: Downloaded newer image for postgres:15
2025-08-21T21:02:58.2833815Z docker.io/library/postgres:15
2025-08-21T21:02:58.2898060Z ##[command]/usr/bin/docker create --name 143ecaf5957a44f1b3c54b64e9a98879_postgres15_94a7bb --label f2dcc9 --network github_network_95f8df1735fe4ea3b90880ba99f57843 --network-alias postgres -p 5432:5432 --health-cmd="pg_isready -U postgres -d awa" --health-interval=5s --health-timeout=5s --health-retries=10 -e "POSTGRES_USER=postgres" -e "POSTGRES_PASSWORD=pass" -e "POSTGRES_DB=awa" -e GITHUB_ACTIONS=true -e CI=true postgres:15
2025-08-21T21:02:58.3273723Z d4dc7e38857565494d4077b14a27126ce35930dd89f938ab9c3e664799c18741
2025-08-21T21:02:58.3298387Z ##[command]/usr/bin/docker start d4dc7e38857565494d4077b14a27126ce35930dd89f938ab9c3e664799c18741
2025-08-21T21:02:59.3821977Z d4dc7e38857565494d4077b14a27126ce35930dd89f938ab9c3e664799c18741
2025-08-21T21:02:59.3843456Z ##[command]/usr/bin/docker ps --all --filter id=d4dc7e38857565494d4077b14a27126ce35930dd89f938ab9c3e664799c18741 --filter status=running --no-trunc --format "{{.ID}} {{.Status}}"
2025-08-21T21:02:59.3975622Z d4dc7e38857565494d4077b14a27126ce35930dd89f938ab9c3e664799c18741 Up 1 second (health: starting)
2025-08-21T21:02:59.3998478Z ##[command]/usr/bin/docker port d4dc7e38857565494d4077b14a27126ce35930dd89f938ab9c3e664799c18741
2025-08-21T21:02:59.4125194Z 5432/tcp -> 0.0.0.0:5432
2025-08-21T21:02:59.4125828Z 5432/tcp -> [::]:5432
2025-08-21T21:02:59.4176038Z ##[endgroup]
2025-08-21T21:02:59.4176917Z ##[group]Starting redis service container
2025-08-21T21:02:59.4178088Z ##[command]/usr/bin/docker pull redis:7-alpine
2025-08-21T21:03:00.4085541Z 7-alpine: Pulling from library/redis
2025-08-21T21:03:00.6706630Z 0368fd46e3c6: Pulling fs layer
2025-08-21T21:03:00.6707113Z 4c55286bbede: Pulling fs layer
2025-08-21T21:03:00.6707482Z 5e28347af205: Pulling fs layer
2025-08-21T21:03:00.6707844Z 311eca34042e: Pulling fs layer
2025-08-21T21:03:00.6708245Z e6fe6f07e192: Pulling fs layer
2025-08-21T21:03:00.6708633Z a2cadbfeca72: Pulling fs layer
2025-08-21T21:03:00.6708941Z 4f4fb700ef54: Pulling fs layer
2025-08-21T21:03:00.6709159Z a976ed7e7808: Pulling fs layer
2025-08-21T21:03:00.6709362Z e6fe6f07e192: Waiting
2025-08-21T21:03:00.6709548Z a2cadbfeca72: Waiting
2025-08-21T21:03:00.6709735Z 4f4fb700ef54: Waiting
2025-08-21T21:03:00.6709905Z a976ed7e7808: Waiting
2025-08-21T21:03:00.6710089Z 311eca34042e: Waiting
2025-08-21T21:03:00.9442370Z 4c55286bbede: Verifying Checksum
2025-08-21T21:03:00.9443074Z 4c55286bbede: Download complete
2025-08-21T21:03:00.9480934Z 5e28347af205: Verifying Checksum
2025-08-21T21:03:00.9481392Z 5e28347af205: Download complete
2025-08-21T21:03:01.0513805Z 0368fd46e3c6: Verifying Checksum
2025-08-21T21:03:01.0514857Z 0368fd46e3c6: Download complete
2025-08-21T21:03:01.1596750Z 0368fd46e3c6: Pull complete
2025-08-21T21:03:01.1797572Z 4c55286bbede: Pull complete
2025-08-21T21:03:01.2205924Z 311eca34042e: Verifying Checksum
2025-08-21T21:03:01.2206774Z 311eca34042e: Download complete
2025-08-21T21:03:01.3074393Z a2cadbfeca72: Verifying Checksum
2025-08-21T21:03:01.3074908Z a2cadbfeca72: Download complete
2025-08-21T21:03:01.3292677Z 5e28347af205: Pull complete
2025-08-21T21:03:01.3600460Z e6fe6f07e192: Verifying Checksum
2025-08-21T21:03:01.3604296Z 311eca34042e: Pull complete
2025-08-21T21:03:01.5008183Z 4f4fb700ef54: Verifying Checksum
2025-08-21T21:03:01.5008665Z 4f4fb700ef54: Download complete
2025-08-21T21:03:01.5452395Z e6fe6f07e192: Pull complete
2025-08-21T21:03:01.5531766Z a2cadbfeca72: Pull complete
2025-08-21T21:03:01.5604837Z 4f4fb700ef54: Pull complete
2025-08-21T21:03:01.5718666Z a976ed7e7808: Verifying Checksum
2025-08-21T21:03:01.5719281Z a976ed7e7808: Download complete
2025-08-21T21:03:01.5823411Z a976ed7e7808: Pull complete
2025-08-21T21:03:01.5859477Z Digest: sha256:bb186d083732f669da90be8b0f975a37812b15e913465bb14d845db72a4e3e08
2025-08-21T21:03:01.5869438Z Status: Downloaded newer image for redis:7-alpine
2025-08-21T21:03:01.5877933Z docker.io/library/redis:7-alpine
2025-08-21T21:03:01.5896961Z ##[command]/usr/bin/docker create --name 06933ecaaacd419c8f035e596b310f4c_redis7alpine_980fba --label f2dcc9 --network github_network_95f8df1735fe4ea3b90880ba99f57843 --network-alias redis -p 6379:6379  -e GITHUB_ACTIONS=true -e CI=true redis:7-alpine
2025-08-21T21:03:01.6132948Z e37eeea03097603eb7a505bd3932a91449e3983f664f4e864bdf3f132c146164
2025-08-21T21:03:01.6147899Z ##[command]/usr/bin/docker start e37eeea03097603eb7a505bd3932a91449e3983f664f4e864bdf3f132c146164
2025-08-21T21:03:01.7503410Z e37eeea03097603eb7a505bd3932a91449e3983f664f4e864bdf3f132c146164
2025-08-21T21:03:01.7527245Z ##[command]/usr/bin/docker ps --all --filter id=e37eeea03097603eb7a505bd3932a91449e3983f664f4e864bdf3f132c146164 --filter status=running --no-trunc --format "{{.ID}} {{.Status}}"
2025-08-21T21:03:01.7658452Z e37eeea03097603eb7a505bd3932a91449e3983f664f4e864bdf3f132c146164 Up Less than a second
2025-08-21T21:03:01.7673839Z ##[command]/usr/bin/docker port e37eeea03097603eb7a505bd3932a91449e3983f664f4e864bdf3f132c146164
2025-08-21T21:03:01.7798410Z 6379/tcp -> 0.0.0.0:6379
2025-08-21T21:03:01.7798864Z 6379/tcp -> [::]:6379
2025-08-21T21:03:01.7812848Z ##[endgroup]
2025-08-21T21:03:01.7824650Z ##[group]Waiting for all services to be ready
2025-08-21T21:03:01.7838694Z ##[command]/usr/bin/docker inspect --format="{{if .Config.Healthcheck}}{{print .State.Health.Status}}{{end}}" d4dc7e38857565494d4077b14a27126ce35930dd89f938ab9c3e664799c18741
2025-08-21T21:03:01.7962953Z starting
2025-08-21T21:03:01.7985929Z postgres service is starting, waiting 2 seconds before checking again.
2025-08-21T21:03:03.7978124Z ##[command]/usr/bin/docker inspect --format="{{if .Config.Healthcheck}}{{print .State.Health.Status}}{{end}}" d4dc7e38857565494d4077b14a27126ce35930dd89f938ab9c3e664799c18741
2025-08-21T21:03:03.8110932Z starting
2025-08-21T21:03:03.8124970Z postgres service is starting, waiting 3 seconds before checking again.
2025-08-21T21:03:07.6515156Z ##[command]/usr/bin/docker inspect --format="{{if .Config.Healthcheck}}{{print .State.Health.Status}}{{end}}" d4dc7e38857565494d4077b14a27126ce35930dd89f938ab9c3e664799c18741
2025-08-21T21:03:07.6639595Z healthy
2025-08-21T21:03:07.6656682Z postgres service is healthy.
2025-08-21T21:03:07.6657538Z ##[command]/usr/bin/docker inspect --format="{{if .Config.Healthcheck}}{{print .State.Health.Status}}{{end}}" e37eeea03097603eb7a505bd3932a91449e3983f664f4e864bdf3f132c146164
2025-08-21T21:03:07.6784575Z redis service is healthy.
2025-08-21T21:03:07.6785348Z ##[endgroup]
2025-08-21T21:03:07.7039388Z ##[group]Run actions/checkout@v5
2025-08-21T21:03:07.7039928Z with:
2025-08-21T21:03:07.7040121Z   fetch-depth: 0
2025-08-21T21:03:07.7040512Z   repository: AlexBomber12/AWA-App
2025-08-21T21:03:07.7040907Z   token: ***
2025-08-21T21:03:07.7041110Z   ssh-strict: true
2025-08-21T21:03:07.7041312Z   ssh-user: git
2025-08-21T21:03:07.7041517Z   persist-credentials: true
2025-08-21T21:03:07.7041755Z   clean: true
2025-08-21T21:03:07.7041954Z   sparse-checkout-cone-mode: true
2025-08-21T21:03:07.7042220Z   fetch-tags: false
2025-08-21T21:03:07.7042466Z   show-progress: true
2025-08-21T21:03:07.7042666Z   lfs: false
2025-08-21T21:03:07.7042844Z   submodules: false
2025-08-21T21:03:07.7043045Z   set-safe-directory: true
2025-08-21T21:03:07.7043483Z env:
2025-08-21T21:03:07.7043727Z   REDIS_URL: redis://localhost:6379/0
2025-08-21T21:03:07.7044003Z   RATE_LIMIT_DEFAULT: 100/minute
2025-08-21T21:03:07.7044231Z   TRUST_X_FORWARDED: 1
2025-08-21T21:03:07.7044430Z ##[endgroup]
2025-08-21T21:03:07.7961229Z Syncing repository: AlexBomber12/AWA-App
2025-08-21T21:03:07.7962732Z ##[group]Getting Git version info
2025-08-21T21:03:07.7963221Z Working directory is '/home/runner/work/AWA-App/AWA-App'
2025-08-21T21:03:07.7963738Z [command]/usr/bin/git version
2025-08-21T21:03:07.7981166Z git version 2.51.0
2025-08-21T21:03:07.8003190Z ##[endgroup]
2025-08-21T21:03:07.8017041Z Temporarily overriding HOME='/home/runner/work/_temp/ffcf285e-09ea-4f9e-93a1-9ab952c86241' before making global git config changes
2025-08-21T21:03:07.8018347Z Adding repository directory to the temporary git global config as a safe directory
2025-08-21T21:03:07.8022056Z [command]/usr/bin/git config --global --add safe.directory /home/runner/work/AWA-App/AWA-App
2025-08-21T21:03:07.8057393Z Deleting the contents of '/home/runner/work/AWA-App/AWA-App'
2025-08-21T21:03:07.8061191Z ##[group]Initializing the repository
2025-08-21T21:03:07.8065527Z [command]/usr/bin/git init /home/runner/work/AWA-App/AWA-App
2025-08-21T21:03:07.8126567Z hint: Using 'master' as the name for the initial branch. This default branch name
2025-08-21T21:03:07.8127657Z hint: is subject to change. To configure the initial branch name to use in all
2025-08-21T21:03:07.8128576Z hint: of your new repositories, which will suppress this warning, call:
2025-08-21T21:03:07.8129236Z hint:
2025-08-21T21:03:07.8129728Z hint: 	git config --global init.defaultBranch <name>
2025-08-21T21:03:07.8131040Z hint:
2025-08-21T21:03:07.8131681Z hint: Names commonly chosen instead of 'master' are 'main', 'trunk' and
2025-08-21T21:03:07.8132790Z hint: 'development'. The just-created branch can be renamed via this command:
2025-08-21T21:03:07.8133607Z hint:
2025-08-21T21:03:07.8133988Z hint: 	git branch -m <name>
2025-08-21T21:03:07.8134397Z hint:
2025-08-21T21:03:07.8134843Z hint: Disable this message with "git config set advice.defaultBranchName false"
2025-08-21T21:03:07.8135471Z Initialized empty Git repository in /home/runner/work/AWA-App/AWA-App/.git/
2025-08-21T21:03:07.8144713Z [command]/usr/bin/git remote add origin https://github.com/AlexBomber12/AWA-App
2025-08-21T21:03:07.8176655Z ##[endgroup]
2025-08-21T21:03:07.8177187Z ##[group]Disabling automatic garbage collection
2025-08-21T21:03:07.8180567Z [command]/usr/bin/git config --local gc.auto 0
2025-08-21T21:03:07.8207792Z ##[endgroup]
2025-08-21T21:03:07.8208312Z ##[group]Setting up auth
2025-08-21T21:03:07.8214942Z [command]/usr/bin/git config --local --name-only --get-regexp core\.sshCommand
2025-08-21T21:03:07.8244884Z [command]/usr/bin/git submodule foreach --recursive sh -c "git config --local --name-only --get-regexp 'core\.sshCommand' && git config --local --unset-all 'core.sshCommand' || :"
2025-08-21T21:03:07.8532975Z [command]/usr/bin/git config --local --name-only --get-regexp http\.https\:\/\/github\.com\/\.extraheader
2025-08-21T21:03:07.8564386Z [command]/usr/bin/git submodule foreach --recursive sh -c "git config --local --name-only --get-regexp 'http\.https\:\/\/github\.com\/\.extraheader' && git config --local --unset-all 'http.https://github.com/.extraheader' || :"
2025-08-21T21:03:07.8787940Z [command]/usr/bin/git config --local http.https://github.com/.extraheader AUTHORIZATION: basic ***
2025-08-21T21:03:07.8827037Z ##[endgroup]
2025-08-21T21:03:07.8827745Z ##[group]Fetching the repository
2025-08-21T21:03:07.8837527Z [command]/usr/bin/git -c protocol.version=2 fetch --prune --no-recurse-submodules origin +refs/heads/*:refs/remotes/origin/* +refs/tags/*:refs/tags/* +b654ad8c7a40f32d9299801481aa219e1de1eca4:refs/remotes/pull/340/merge
2025-08-21T21:03:11.2208151Z From https://github.com/AlexBomber12/AWA-App
2025-08-21T21:03:11.2210084Z  * [new branch]        codex/analyze-ci-logs-and-implement-fixes -> origin/codex/analyze-ci-logs-and-implement-fixes
2025-08-21T21:03:11.2212999Z  * [new branch]        codex/analyze-ci-logs-for-workflow-failures -> origin/codex/analyze-ci-logs-for-workflow-failures
2025-08-21T21:03:11.2215147Z  * [new branch]        codex/fix-ci-workflow-failures           -> origin/codex/fix-ci-workflow-failures
2025-08-21T21:03:11.2217222Z  * [new branch]        codex/fix-ci-workflows-based-on-latest-logs -> origin/codex/fix-ci-workflows-based-on-latest-logs
2025-08-21T21:03:11.2219453Z  * [new branch]        codex/fix-ci-workflows-based-on-logs     -> origin/codex/fix-ci-workflows-based-on-logs
2025-08-21T21:03:11.2221282Z  * [new branch]        codex/fix-ci-workflows-to-pass-all-tests -> origin/codex/fix-ci-workflows-to-pass-all-tests
2025-08-21T21:03:11.2222598Z  * [new branch]        codex/fix-ci-workflows-until-all-pass    -> origin/codex/fix-ci-workflows-until-all-pass
2025-08-21T21:03:11.2224243Z  * [new branch]        codex/fix-migrations-and-add-refund-views -> origin/codex/fix-migrations-and-add-refund-views
2025-08-21T21:03:11.2225471Z  * [new branch]        codex/implement-targeted-ci-log-fixes    -> origin/codex/implement-targeted-ci-log-fixes
2025-08-21T21:03:11.2226849Z  * [new branch]        codex/implement-targeted-fixes-for-ci-stability -> origin/codex/implement-targeted-fixes-for-ci-stability
2025-08-21T21:03:11.2228579Z  * [new branch]        codex/implement-targeted-fixes-for-ci-stability-ymv2qg -> origin/codex/implement-targeted-fixes-for-ci-stability-ymv2qg
2025-08-21T21:03:11.2230604Z  * [new branch]        dtg4od-codex/implement-targeted-fixes-for-ci-stability -> origin/dtg4od-codex/implement-targeted-fixes-for-ci-stability
2025-08-21T21:03:11.2231774Z  * [new branch]        main                                     -> origin/main
2025-08-21T21:03:11.2232398Z  * [new tag]           0.3.0                                    -> 0.3.0
2025-08-21T21:03:11.2233134Z  * [new ref]           b654ad8c7a40f32d9299801481aa219e1de1eca4 -> pull/340/merge
2025-08-21T21:03:11.2304777Z ##[endgroup]
2025-08-21T21:03:11.2305178Z ##[group]Determining the checkout info
2025-08-21T21:03:11.2306483Z ##[endgroup]
2025-08-21T21:03:11.2312334Z [command]/usr/bin/git sparse-checkout disable
2025-08-21T21:03:11.2353537Z [command]/usr/bin/git config --local --unset-all extensions.worktreeConfig
2025-08-21T21:03:11.2383562Z ##[group]Checking out the ref
2025-08-21T21:03:11.2388619Z [command]/usr/bin/git checkout --progress --force refs/remotes/pull/340/merge
2025-08-21T21:03:11.2713245Z Note: switching to 'refs/remotes/pull/340/merge'.
2025-08-21T21:03:11.2715872Z 
2025-08-21T21:03:11.2716290Z You are in 'detached HEAD' state. You can look around, make experimental
2025-08-21T21:03:11.2717168Z changes and commit them, and you can discard any commits you make in this
2025-08-21T21:03:11.2717919Z state without impacting any branches by switching back to a branch.
2025-08-21T21:03:11.2718512Z 
2025-08-21T21:03:11.2718855Z If you want to create a new branch to retain commits you create, you may
2025-08-21T21:03:11.2719684Z do so (now or later) by using -c with the switch command. Example:
2025-08-21T21:03:11.2720101Z 
2025-08-21T21:03:11.2720436Z   git switch -c <new-branch-name>
2025-08-21T21:03:11.2720808Z 
2025-08-21T21:03:11.2720963Z Or undo this operation with:
2025-08-21T21:03:11.2721205Z 
2025-08-21T21:03:11.2721617Z   git switch -
2025-08-21T21:03:11.2721851Z 
2025-08-21T21:03:11.2722194Z Turn off this advice by setting config variable advice.detachedHead to false
2025-08-21T21:03:11.2722660Z 
2025-08-21T21:03:11.2723274Z HEAD is now at b654ad8c Merge 8568180b5dd0c1cd650fd1a4e288243b16bfc693 into 58a8a9685ed268dee61e55735fb8c13c148d355d
2025-08-21T21:03:11.2729243Z ##[endgroup]
2025-08-21T21:03:11.2773178Z [command]/usr/bin/git log -1 --format=%H
2025-08-21T21:03:11.2799911Z b654ad8c7a40f32d9299801481aa219e1de1eca4
2025-08-21T21:03:11.2998850Z ##[group]Run cat .env.ci >> "$GITHUB_ENV"
2025-08-21T21:03:11.2999258Z [36;1mcat .env.ci >> "$GITHUB_ENV"[0m
2025-08-21T21:03:11.3000019Z [36;1mecho "DATABASE_URL=***localhost:5432/awa" >> "$GITHUB_ENV"[0m
2025-08-21T21:03:11.3000675Z [36;1mecho "PG_HOST=localhost" >> "$GITHUB_ENV"[0m
2025-08-21T21:03:11.3000998Z [36;1mecho "PG_PORT=5432" >> "$GITHUB_ENV"[0m
2025-08-21T21:03:11.3001299Z [36;1mecho "PG_USER=postgres" >> "$GITHUB_ENV"[0m
2025-08-21T21:03:11.3001619Z [36;1mecho "PG_PASSWORD=pass" >> "$GITHUB_ENV"[0m
2025-08-21T21:03:11.3001926Z [36;1mecho "PG_DATABASE=awa" >> "$GITHUB_ENV"[0m
2025-08-21T21:03:11.3002212Z [36;1mecho "TESTING=1" >> "$GITHUB_ENV"[0m
2025-08-21T21:03:11.3045193Z shell: /usr/bin/bash -e {0}
2025-08-21T21:03:11.3045463Z env:
2025-08-21T21:03:11.3045689Z   REDIS_URL: redis://localhost:6379/0
2025-08-21T21:03:11.3045994Z   RATE_LIMIT_DEFAULT: 100/minute
2025-08-21T21:03:11.3046251Z   TRUST_X_FORWARDED: 1
2025-08-21T21:03:11.3046513Z ##[endgroup]
2025-08-21T21:03:11.3225827Z ##[group]Run actions/setup-python@v5
2025-08-21T21:03:11.3226306Z with:
2025-08-21T21:03:11.3226483Z   python-version: 3.12
2025-08-21T21:03:11.3226676Z   cache: pip
2025-08-21T21:03:11.3227464Z   cache-dependency-path: requirements-dev.txt
services/etl/requirements.txt
services/api/requirements.txt
services/repricer/requirements.txt
services/fees_h10/requirements.txt
services/alert_bot/requirements.txt

2025-08-21T21:03:11.3228323Z   check-latest: false
2025-08-21T21:03:11.3228657Z   token: ***
2025-08-21T21:03:11.3228841Z   update-environment: true
2025-08-21T21:03:11.3229051Z   allow-prereleases: false
2025-08-21T21:03:11.3229251Z   freethreaded: false
2025-08-21T21:03:11.3229421Z env:
2025-08-21T21:03:11.3229610Z   REDIS_URL: redis://localhost:6379/0
2025-08-21T21:03:11.3229863Z   RATE_LIMIT_DEFAULT: 100/minute
2025-08-21T21:03:11.3230077Z   TRUST_X_FORWARDED: 1
2025-08-21T21:03:11.3230505Z   PG_USER: postgres
2025-08-21T21:03:11.3230766Z   PG_PASSWORD: pass
2025-08-21T21:03:11.3231001Z   PG_DATABASE: awa
2025-08-21T21:03:11.3231171Z   PG_HOST: localhost
2025-08-21T21:03:11.3231367Z   PG_PORT: 5432
2025-08-21T21:03:11.3231780Z   PG_SYNC_DSN: ***localhost:5432/awa
2025-08-21T21:03:11.3232190Z   PG_ASYNC_DSN: ***localhost:5432/awa
2025-08-21T21:03:11.3232588Z   DATABASE_URL: ***localhost:5432/awa
2025-08-21T21:03:11.3232829Z   DATA_DIR: /tmp/awa-data
2025-08-21T21:03:11.3233022Z   ENABLE_LIVE: 0
2025-08-21T21:03:11.3233195Z   TESTING: 1
2025-08-21T21:03:11.3233356Z ##[endgroup]
2025-08-21T21:03:11.4972263Z ##[group]Installed versions
2025-08-21T21:03:11.5058028Z Successfully set up CPython (3.12.11)
2025-08-21T21:03:11.5058848Z ##[endgroup]
2025-08-21T21:03:11.5435639Z [command]/opt/hostedtoolcache/Python/3.12.11/x64/bin/pip cache dir
2025-08-21T21:03:12.4701761Z /home/runner/.cache/pip
2025-08-21T21:03:12.7623238Z Cache hit for: setup-python-Linux-x64-24.04-Ubuntu-python-3.12.11-pip-811b81ed6ebfbfffa596cc763769fd73f8be2333e1ac798acb7aae17a56fccd5
2025-08-21T21:03:14.0880231Z Received 4194304 of 376041141 (1.1%), 4.0 MBs/sec
2025-08-21T21:03:15.0921740Z Received 113246208 of 376041141 (30.1%), 53.9 MBs/sec
2025-08-21T21:03:16.0910935Z Received 239075328 of 376041141 (63.6%), 75.9 MBs/sec
2025-08-21T21:03:17.0939449Z Received 360710144 of 376041141 (95.9%), 85.9 MBs/sec
2025-08-21T21:03:17.2343904Z Received 376041141 of 376041141 (100.0%), 86.5 MBs/sec
2025-08-21T21:03:17.2345997Z Cache Size: ~359 MB (376041141 B)
2025-08-21T21:03:17.2386899Z [command]/usr/bin/tar -xf /home/runner/work/_temp/31e94fd8-84d6-4726-9496-f3ea21d07fa6/cache.tzst -P -C /home/runner/work/AWA-App/AWA-App --use-compress-program unzstd
2025-08-21T21:03:17.8425193Z Cache restored successfully
2025-08-21T21:03:17.9139646Z Cache restored from key: setup-python-Linux-x64-24.04-Ubuntu-python-3.12.11-pip-811b81ed6ebfbfffa596cc763769fd73f8be2333e1ac798acb7aae17a56fccd5
2025-08-21T21:03:17.9861762Z ##[group]Run actions/cache@v4
2025-08-21T21:03:17.9862044Z with:
2025-08-21T21:03:17.9862281Z   path: ~/.cache/pip
.pytest_cache
~/.ruff_cache

2025-08-21T21:03:17.9862732Z   key: Linux-test-cc13ccef493b9f3a93ad5651164d9fb09282c1111f6f72ce20e0657de16de6b4
2025-08-21T21:03:17.9863174Z   restore-keys: Linux-test-
2025-08-21T21:03:17.9863411Z   enableCrossOsArchive: false
2025-08-21T21:03:17.9863651Z   fail-on-cache-miss: false
2025-08-21T21:03:17.9863867Z   lookup-only: false
2025-08-21T21:03:17.9864055Z   save-always: false
2025-08-21T21:03:17.9864242Z env:
2025-08-21T21:03:17.9864445Z   REDIS_URL: redis://localhost:6379/0
2025-08-21T21:03:17.9864699Z   RATE_LIMIT_DEFAULT: 100/minute
2025-08-21T21:03:17.9864921Z   TRUST_X_FORWARDED: 1
2025-08-21T21:03:17.9865119Z   PG_USER: postgres
2025-08-21T21:03:17.9865303Z   PG_PASSWORD: pass
2025-08-21T21:03:17.9865487Z   PG_DATABASE: awa
2025-08-21T21:03:17.9865695Z   PG_HOST: localhost
2025-08-21T21:03:17.9865886Z   PG_PORT: 5432
2025-08-21T21:03:17.9866401Z   PG_SYNC_DSN: ***localhost:5432/awa
2025-08-21T21:03:17.9866830Z   PG_ASYNC_DSN: ***localhost:5432/awa
2025-08-21T21:03:17.9867222Z   DATABASE_URL: ***localhost:5432/awa
2025-08-21T21:03:17.9867457Z   DATA_DIR: /tmp/awa-data
2025-08-21T21:03:17.9867852Z   ENABLE_LIVE: 0
2025-08-21T21:03:17.9868029Z   TESTING: 1
2025-08-21T21:03:17.9868267Z   pythonLocation: /opt/hostedtoolcache/Python/3.12.11/x64
2025-08-21T21:03:17.9868667Z   PKG_CONFIG_PATH: /opt/hostedtoolcache/Python/3.12.11/x64/lib/pkgconfig
2025-08-21T21:03:17.9869057Z   Python_ROOT_DIR: /opt/hostedtoolcache/Python/3.12.11/x64
2025-08-21T21:03:17.9869416Z   Python2_ROOT_DIR: /opt/hostedtoolcache/Python/3.12.11/x64
2025-08-21T21:03:17.9869869Z   Python3_ROOT_DIR: /opt/hostedtoolcache/Python/3.12.11/x64
2025-08-21T21:03:17.9870230Z   LD_LIBRARY_PATH: /opt/hostedtoolcache/Python/3.12.11/x64/lib
2025-08-21T21:03:17.9870680Z ##[endgroup]
2025-08-21T21:03:18.4167407Z Cache hit for: Linux-test-cc13ccef493b9f3a93ad5651164d9fb09282c1111f6f72ce20e0657de16de6b4
2025-08-21T21:03:19.7722057Z Received 0 of 376058925 (0.0%), 0.0 MBs/sec
2025-08-21T21:03:20.7703379Z Received 117440512 of 376058925 (31.2%), 56.0 MBs/sec
2025-08-21T21:03:21.7714491Z Received 234881024 of 376058925 (62.5%), 74.6 MBs/sec
2025-08-21T21:03:22.7735639Z Received 364904448 of 376058925 (97.0%), 86.9 MBs/sec
2025-08-21T21:03:22.8844265Z Received 376058925 of 376058925 (100.0%), 87.2 MBs/sec
2025-08-21T21:03:22.8847255Z Cache Size: ~359 MB (376058925 B)
2025-08-21T21:03:22.8955527Z [command]/usr/bin/tar -xf /home/runner/work/_temp/1cecf589-1d80-40cb-b45a-96c8ac2a17cb/cache.tzst -P -C /home/runner/work/AWA-App/AWA-App --use-compress-program unzstd
2025-08-21T21:03:23.5366560Z Cache restored successfully
2025-08-21T21:03:23.6161736Z Cache restored from key: Linux-test-cc13ccef493b9f3a93ad5651164d9fb09282c1111f6f72ce20e0657de16de6b4
2025-08-21T21:03:23.6276206Z ##[group]Run pip install --break-system-packages -r services/etl/requirements.txt
2025-08-21T21:03:23.6276808Z [36;1mpip install --break-system-packages -r services/etl/requirements.txt[0m
2025-08-21T21:03:23.6277306Z [36;1mpip install --break-system-packages -r services/api/requirements.txt[0m
2025-08-21T21:03:23.6277788Z [36;1mpip install --break-system-packages -r services/repricer/requirements.txt[0m
2025-08-21T21:03:23.6278319Z [36;1mpip install --break-system-packages -r services/fees_h10/requirements.txt[0m
2025-08-21T21:03:23.6278801Z [36;1mpip install --break-system-packages -r services/alert_bot/requirements.txt[0m
2025-08-21T21:03:23.6279261Z [36;1mpip install --break-system-packages -r requirements-dev.txt[0m
2025-08-21T21:03:23.6279641Z [36;1mpip install --break-system-packages asyncpg[0m
2025-08-21T21:03:23.6279981Z [36;1mpip install --break-system-packages pytest[0m
2025-08-21T21:03:23.6280649Z [36;1mpip install --break-system-packages keepa==1.3.15 minio==7.1.15[0m
2025-08-21T21:03:23.6323033Z shell: /usr/bin/bash -e {0}
2025-08-21T21:03:23.6323280Z env:
2025-08-21T21:03:23.6323504Z   REDIS_URL: redis://localhost:6379/0
2025-08-21T21:03:23.6323790Z   RATE_LIMIT_DEFAULT: 100/minute
2025-08-21T21:03:23.6324035Z   TRUST_X_FORWARDED: 1
2025-08-21T21:03:23.6324248Z   PG_USER: postgres
2025-08-21T21:03:23.6324453Z   PG_PASSWORD: pass
2025-08-21T21:03:23.6324670Z   PG_DATABASE: awa
2025-08-21T21:03:23.6324869Z   PG_HOST: localhost
2025-08-21T21:03:23.6325077Z   PG_PORT: 5432
2025-08-21T21:03:23.6325550Z   PG_SYNC_DSN: ***localhost:5432/awa
2025-08-21T21:03:23.6325994Z   PG_ASYNC_DSN: ***localhost:5432/awa
2025-08-21T21:03:23.6326409Z   DATABASE_URL: ***localhost:5432/awa
2025-08-21T21:03:23.6326660Z   DATA_DIR: /tmp/awa-data
2025-08-21T21:03:23.6326876Z   ENABLE_LIVE: 0
2025-08-21T21:03:23.6327058Z   TESTING: 1
2025-08-21T21:03:23.6327309Z   pythonLocation: /opt/hostedtoolcache/Python/3.12.11/x64
2025-08-21T21:03:23.6327798Z   PKG_CONFIG_PATH: /opt/hostedtoolcache/Python/3.12.11/x64/lib/pkgconfig
2025-08-21T21:03:23.6328237Z   Python_ROOT_DIR: /opt/hostedtoolcache/Python/3.12.11/x64
2025-08-21T21:03:23.6328609Z   Python2_ROOT_DIR: /opt/hostedtoolcache/Python/3.12.11/x64
2025-08-21T21:03:23.6328986Z   Python3_ROOT_DIR: /opt/hostedtoolcache/Python/3.12.11/x64
2025-08-21T21:03:23.6329364Z   LD_LIBRARY_PATH: /opt/hostedtoolcache/Python/3.12.11/x64/lib
2025-08-21T21:03:23.6329893Z ##[endgroup]
2025-08-21T21:03:25.0840969Z Collecting keepa==1.3.14 (from -r services/etl/requirements.txt (line 1))
2025-08-21T21:03:25.0855522Z   Using cached keepa-1.3.14-py3-none-any.whl.metadata (10 kB)
2025-08-21T21:03:25.1132731Z Collecting minio==7.1.15 (from -r services/etl/requirements.txt (line 2))
2025-08-21T21:03:25.1145316Z   Using cached minio-7.1.15-py3-none-any.whl.metadata (4.2 kB)
2025-08-21T21:03:25.1489615Z Collecting celery==5.3.* (from -r services/etl/requirements.txt (line 3))
2025-08-21T21:03:25.1503458Z   Using cached celery-5.3.6-py3-none-any.whl.metadata (21 kB)
2025-08-21T21:03:25.1998333Z Collecting redis==5.* (from -r services/etl/requirements.txt (line 4))
2025-08-21T21:03:25.2012318Z   Using cached redis-5.3.1-py3-none-any.whl.metadata (9.2 kB)
2025-08-21T21:03:25.2565661Z Collecting python-amazon-sp-api==0.8.0 (from -r services/etl/requirements.txt (line 5))
2025-08-21T21:03:25.2580773Z   Using cached python_amazon_sp_api-0.8.0-py3-none-any.whl.metadata (3.2 kB)
2025-08-21T21:03:25.2867358Z Collecting pydantic-settings==2.2.1 (from -r services/etl/requirements.txt (line 6))
2025-08-21T21:03:25.2880032Z   Using cached pydantic_settings-2.2.1-py3-none-any.whl.metadata (3.1 kB)
2025-08-21T21:03:25.4528494Z Collecting numpy<2 (from -r services/etl/requirements.txt (line 7))
2025-08-21T21:03:25.4542253Z   Using cached numpy-1.26.4-cp312-cp312-manylinux_2_17_x86_64.manylinux2014_x86_64.whl.metadata (61 kB)
2025-08-21T21:03:25.5898107Z Collecting pandas==2.2.* (from -r services/etl/requirements.txt (line 8))
2025-08-21T21:03:25.5912397Z   Using cached pandas-2.2.3-cp312-cp312-manylinux_2_17_x86_64.manylinux2014_x86_64.whl.metadata (89 kB)
2025-08-21T21:03:25.6526391Z Collecting pandera==0.19.* (from -r services/etl/requirements.txt (line 9))
2025-08-21T21:03:25.6539293Z   Using cached pandera-0.19.3-py3-none-any.whl.metadata (15 kB)
2025-08-21T21:03:25.6760125Z Collecting openpyxl==3.1.* (from -r services/etl/requirements.txt (line 10))
2025-08-21T21:03:25.6772534Z   Using cached openpyxl-3.1.5-py2.py3-none-any.whl.metadata (2.5 kB)
2025-08-21T21:03:25.6922879Z Collecting psycopg==3.2.9 (from psycopg[binary]==3.2.9->-r services/etl/requirements.txt (line 11))
2025-08-21T21:03:25.6934724Z   Using cached psycopg-3.2.9-py3-none-any.whl.metadata (4.5 kB)
2025-08-21T21:03:25.7590522Z Collecting psycopg2-binary==2.9.* (from -r services/etl/requirements.txt (line 12))
2025-08-21T21:03:25.7604052Z   Using cached psycopg2_binary-2.9.10-cp312-cp312-manylinux_2_17_x86_64.manylinux2014_x86_64.whl.metadata (4.9 kB)
2025-08-21T21:03:25.8089692Z Collecting sentry-sdk==2.9.0 (from -r services/etl/requirements.txt (line 13))
2025-08-21T21:03:25.8102954Z   Using cached sentry_sdk-2.9.0-py2.py3-none-any.whl.metadata (14 kB)
2025-08-21T21:03:25.8704573Z Collecting requests>=2.2 (from keepa==1.3.14->-r services/etl/requirements.txt (line 1))
2025-08-21T21:03:25.8717065Z   Using cached requests-2.32.5-py3-none-any.whl.metadata (4.9 kB)
2025-08-21T21:03:25.9048985Z Collecting tqdm (from keepa==1.3.14->-r services/etl/requirements.txt (line 1))
2025-08-21T21:03:25.9061918Z   Using cached tqdm-4.67.1-py3-none-any.whl.metadata (57 kB)
2025-08-21T21:03:26.3959398Z Collecting aiohttp (from keepa==1.3.14->-r services/etl/requirements.txt (line 1))
2025-08-21T21:03:26.3973454Z   Using cached aiohttp-3.12.15-cp312-cp312-manylinux_2_17_x86_64.manylinux2014_x86_64.whl.metadata (7.7 kB)
2025-08-21T21:03:26.5100523Z Collecting pydantic (from keepa==1.3.14->-r services/etl/requirements.txt (line 1))
2025-08-21T21:03:26.5113597Z   Using cached pydantic-2.11.7-py3-none-any.whl.metadata (67 kB)
2025-08-21T21:03:26.5314265Z Collecting certifi (from minio==7.1.15->-r services/etl/requirements.txt (line 2))
2025-08-21T21:03:26.5326103Z   Using cached certifi-2025.8.3-py3-none-any.whl.metadata (2.4 kB)
2025-08-21T21:03:26.5555262Z Collecting urllib3 (from minio==7.1.15->-r services/etl/requirements.txt (line 2))
2025-08-21T21:03:26.5566621Z   Using cached urllib3-2.5.0-py3-none-any.whl.metadata (6.5 kB)
2025-08-21T21:03:26.5690830Z Collecting six<2,>=1.15 (from python-amazon-sp-api==0.8.0->-r services/etl/requirements.txt (line 5))
2025-08-21T21:03:26.5701875Z   Using cached six-1.17.0-py2.py3-none-any.whl.metadata (1.7 kB)
2025-08-21T21:03:26.9566216Z Collecting boto3<2,>=1.16.39 (from python-amazon-sp-api==0.8.0->-r services/etl/requirements.txt (line 5))
2025-08-21T21:03:26.9899519Z   Downloading boto3-1.40.15-py3-none-any.whl.metadata (6.7 kB)
2025-08-21T21:03:27.0085894Z Collecting cachetools~=4.2.0 (from python-amazon-sp-api==0.8.0->-r services/etl/requirements.txt (line 5))
2025-08-21T21:03:27.0098420Z   Using cached cachetools-4.2.4-py3-none-any.whl.metadata (4.8 kB)
2025-08-21T21:03:27.0874713Z Collecting pycryptodome (from python-amazon-sp-api==0.8.0->-r services/etl/requirements.txt (line 5))
2025-08-21T21:03:27.0888288Z   Using cached pycryptodome-3.23.0-cp37-abi3-manylinux_2_17_x86_64.manylinux2014_x86_64.whl.metadata (3.4 kB)
2025-08-21T21:03:27.1237976Z Collecting pytz (from python-amazon-sp-api==0.8.0->-r services/etl/requirements.txt (line 5))
2025-08-21T21:03:27.1249878Z   Using cached pytz-2025.2-py2.py3-none-any.whl.metadata (22 kB)
2025-08-21T21:03:27.1377475Z Collecting confuse~=1.4.0 (from python-amazon-sp-api==0.8.0->-r services/etl/requirements.txt (line 5))
2025-08-21T21:03:27.1389009Z   Using cached confuse-1.4.0-py2.py3-none-any.whl.metadata (3.8 kB)
2025-08-21T21:03:27.1644306Z Collecting python-dotenv>=0.21.0 (from pydantic-settings==2.2.1->-r services/etl/requirements.txt (line 6))
2025-08-21T21:03:27.1655788Z   Using cached python_dotenv-1.1.1-py3-none-any.whl.metadata (24 kB)
2025-08-21T21:03:27.1834628Z Collecting typing-extensions>=4.6 (from psycopg==3.2.9->psycopg[binary]==3.2.9->-r services/etl/requirements.txt (line 11))
2025-08-21T21:03:27.1846363Z   Using cached typing_extensions-4.14.1-py3-none-any.whl.metadata (3.0 kB)
2025-08-21T21:03:27.3302390Z Collecting psycopg-binary==3.2.9 (from psycopg[binary]==3.2.9->-r services/etl/requirements.txt (line 11))
2025-08-21T21:03:27.3315984Z   Using cached psycopg_binary-3.2.9-cp312-cp312-manylinux_2_17_x86_64.manylinux2014_x86_64.whl.metadata (2.9 kB)
2025-08-21T21:03:27.3514112Z Collecting billiard<5.0,>=4.2.0 (from celery==5.3.*->-r services/etl/requirements.txt (line 3))
2025-08-21T21:03:27.3525857Z   Using cached billiard-4.2.1-py3-none-any.whl.metadata (4.4 kB)
2025-08-21T21:03:27.3605612Z Collecting click-didyoumean>=0.3.0 (from celery==5.3.*->-r services/etl/requirements.txt (line 3))
2025-08-21T21:03:27.3617034Z   Using cached click_didyoumean-0.3.1-py3-none-any.whl.metadata (3.9 kB)
2025-08-21T21:03:27.3700518Z Collecting click-plugins>=1.1.1 (from celery==5.3.*->-r services/etl/requirements.txt (line 3))
2025-08-21T21:03:27.3712169Z   Using cached click_plugins-1.1.1.2-py2.py3-none-any.whl.metadata (6.5 kB)
2025-08-21T21:03:27.3801613Z Collecting click-repl>=0.2.0 (from celery==5.3.*->-r services/etl/requirements.txt (line 3))
2025-08-21T21:03:27.3813108Z   Using cached click_repl-0.3.0-py3-none-any.whl.metadata (3.6 kB)
2025-08-21T21:03:27.3990744Z Collecting click<9.0,>=8.1.2 (from celery==5.3.*->-r services/etl/requirements.txt (line 3))
2025-08-21T21:03:27.4002296Z   Using cached click-8.2.1-py3-none-any.whl.metadata (2.5 kB)
2025-08-21T21:03:27.4272192Z Collecting kombu<6.0,>=5.3.4 (from celery==5.3.*->-r services/etl/requirements.txt (line 3))
2025-08-21T21:03:27.4283934Z   Using cached kombu-5.5.4-py3-none-any.whl.metadata (3.5 kB)
2025-08-21T21:03:27.4443511Z Collecting python-dateutil>=2.8.2 (from celery==5.3.*->-r services/etl/requirements.txt (line 3))
2025-08-21T21:03:27.4455101Z   Using cached python_dateutil-2.9.0.post0-py2.py3-none-any.whl.metadata (8.4 kB)
2025-08-21T21:03:27.4573212Z Collecting tzdata>=2022.7 (from celery==5.3.*->-r services/etl/requirements.txt (line 3))
2025-08-21T21:03:27.4584488Z   Using cached tzdata-2025.2-py2.py3-none-any.whl.metadata (1.4 kB)
2025-08-21T21:03:27.4674958Z Collecting vine<6.0,>=5.1.0 (from celery==5.3.*->-r services/etl/requirements.txt (line 3))
2025-08-21T21:03:27.4686055Z   Using cached vine-5.1.0-py3-none-any.whl.metadata (2.7 kB)
2025-08-21T21:03:27.4841925Z Collecting PyJWT>=2.9.0 (from redis==5.*->-r services/etl/requirements.txt (line 4))
2025-08-21T21:03:27.4853007Z   Using cached PyJWT-2.10.1-py3-none-any.whl.metadata (4.0 kB)
2025-08-21T21:03:27.5163069Z Collecting multimethod<=1.10.0 (from pandera==0.19.*->-r services/etl/requirements.txt (line 9))
2025-08-21T21:03:27.5174024Z   Using cached multimethod-1.10-py3-none-any.whl.metadata (8.2 kB)
2025-08-21T21:03:27.5410592Z Collecting packaging>=20.0 (from pandera==0.19.*->-r services/etl/requirements.txt (line 9))
2025-08-21T21:03:27.5421653Z   Using cached packaging-25.0-py3-none-any.whl.metadata (3.3 kB)
2025-08-21T21:03:27.5671965Z Collecting typeguard (from pandera==0.19.*->-r services/etl/requirements.txt (line 9))
2025-08-21T21:03:27.5683178Z   Using cached typeguard-4.4.4-py3-none-any.whl.metadata (3.3 kB)
2025-08-21T21:03:27.5775689Z Collecting typing-inspect>=0.6.0 (from pandera==0.19.*->-r services/etl/requirements.txt (line 9))
2025-08-21T21:03:27.5786595Z   Using cached typing_inspect-0.9.0-py3-none-any.whl.metadata (1.5 kB)
2025-08-21T21:03:27.6726143Z Collecting wrapt (from pandera==0.19.*->-r services/etl/requirements.txt (line 9))
2025-08-21T21:03:27.6739020Z   Using cached wrapt-1.17.3-cp312-cp312-manylinux1_x86_64.manylinux_2_28_x86_64.manylinux_2_5_x86_64.whl.metadata (6.4 kB)
2025-08-21T21:03:27.6862985Z Collecting et-xmlfile (from openpyxl==3.1.*->-r services/etl/requirements.txt (line 10))
2025-08-21T21:03:27.6874022Z   Using cached et_xmlfile-2.0.0-py3-none-any.whl.metadata (2.7 kB)
2025-08-21T21:03:28.1146971Z Collecting botocore<1.41.0,>=1.40.15 (from boto3<2,>=1.16.39->python-amazon-sp-api==0.8.0->-r services/etl/requirements.txt (line 5))
2025-08-21T21:03:28.1177947Z   Downloading botocore-1.40.15-py3-none-any.whl.metadata (5.7 kB)
2025-08-21T21:03:28.1309898Z Collecting jmespath<2.0.0,>=0.7.1 (from boto3<2,>=1.16.39->python-amazon-sp-api==0.8.0->-r services/etl/requirements.txt (line 5))
2025-08-21T21:03:28.1321467Z   Using cached jmespath-1.0.1-py3-none-any.whl.metadata (7.6 kB)
2025-08-21T21:03:28.1542339Z Collecting s3transfer<0.14.0,>=0.13.0 (from boto3<2,>=1.16.39->python-amazon-sp-api==0.8.0->-r services/etl/requirements.txt (line 5))
2025-08-21T21:03:28.1554044Z   Using cached s3transfer-0.13.1-py3-none-any.whl.metadata (1.7 kB)
2025-08-21T21:03:28.2038332Z Collecting pyyaml (from confuse~=1.4.0->python-amazon-sp-api==0.8.0->-r services/etl/requirements.txt (line 5))
2025-08-21T21:03:28.2051344Z   Using cached PyYAML-6.0.2-cp312-cp312-manylinux_2_17_x86_64.manylinux2014_x86_64.whl.metadata (2.1 kB)
2025-08-21T21:03:28.2262145Z Collecting amqp<6.0.0,>=5.1.1 (from kombu<6.0,>=5.3.4->celery==5.3.*->-r services/etl/requirements.txt (line 3))
2025-08-21T21:03:28.2274579Z   Using cached amqp-5.3.1-py3-none-any.whl.metadata (8.9 kB)
2025-08-21T21:03:28.3965011Z Collecting prompt-toolkit>=3.0.36 (from click-repl>=0.2.0->celery==5.3.*->-r services/etl/requirements.txt (line 3))
2025-08-21T21:03:28.3977635Z   Using cached prompt_toolkit-3.0.51-py3-none-any.whl.metadata (6.4 kB)
2025-08-21T21:03:28.4120586Z Collecting wcwidth (from prompt-toolkit>=3.0.36->click-repl>=0.2.0->celery==5.3.*->-r services/etl/requirements.txt (line 3))
2025-08-21T21:03:28.4132431Z   Using cached wcwidth-0.2.13-py2.py3-none-any.whl.metadata (14 kB)
2025-08-21T21:03:28.4244493Z Collecting annotated-types>=0.6.0 (from pydantic->keepa==1.3.14->-r services/etl/requirements.txt (line 1))
2025-08-21T21:03:28.4256192Z   Using cached annotated_types-0.7.0-py3-none-any.whl.metadata (15 kB)
2025-08-21T21:03:29.0903532Z Collecting pydantic-core==2.33.2 (from pydantic->keepa==1.3.14->-r services/etl/requirements.txt (line 1))
2025-08-21T21:03:29.0917147Z   Using cached pydantic_core-2.33.2-cp312-cp312-manylinux_2_17_x86_64.manylinux2014_x86_64.whl.metadata (6.8 kB)
2025-08-21T21:03:29.1039336Z Collecting typing-inspection>=0.4.0 (from pydantic->keepa==1.3.14->-r services/etl/requirements.txt (line 1))
2025-08-21T21:03:29.1050956Z   Using cached typing_inspection-0.4.1-py3-none-any.whl.metadata (2.6 kB)
2025-08-21T21:03:29.1909246Z Collecting charset_normalizer<4,>=2 (from requests>=2.2->keepa==1.3.14->-r services/etl/requirements.txt (line 1))
2025-08-21T21:03:29.1922678Z   Using cached charset_normalizer-3.4.3-cp312-cp312-manylinux2014_x86_64.manylinux_2_17_x86_64.manylinux_2_28_x86_64.whl.metadata (36 kB)
2025-08-21T21:03:29.2066872Z Collecting idna<4,>=2.5 (from requests>=2.2->keepa==1.3.14->-r services/etl/requirements.txt (line 1))
2025-08-21T21:03:29.2078310Z   Using cached idna-3.10-py3-none-any.whl.metadata (10 kB)
2025-08-21T21:03:29.2429947Z Collecting mypy-extensions>=0.3.0 (from typing-inspect>=0.6.0->pandera==0.19.*->-r services/etl/requirements.txt (line 9))
2025-08-21T21:03:29.2440679Z   Using cached mypy_extensions-1.1.0-py3-none-any.whl.metadata (1.1 kB)
2025-08-21T21:03:29.2723688Z Collecting aiohappyeyeballs>=2.5.0 (from aiohttp->keepa==1.3.14->-r services/etl/requirements.txt (line 1))
2025-08-21T21:03:29.2734582Z   Using cached aiohappyeyeballs-2.6.1-py3-none-any.whl.metadata (5.9 kB)
2025-08-21T21:03:29.2815777Z Collecting aiosignal>=1.4.0 (from aiohttp->keepa==1.3.14->-r services/etl/requirements.txt (line 1))
2025-08-21T21:03:29.2826901Z   Using cached aiosignal-1.4.0-py3-none-any.whl.metadata (3.7 kB)
2025-08-21T21:03:29.2957499Z Collecting attrs>=17.3.0 (from aiohttp->keepa==1.3.14->-r services/etl/requirements.txt (line 1))
2025-08-21T21:03:29.2968627Z   Using cached attrs-25.3.0-py3-none-any.whl.metadata (10 kB)
2025-08-21T21:03:29.3627458Z Collecting frozenlist>=1.1.1 (from aiohttp->keepa==1.3.14->-r services/etl/requirements.txt (line 1))
2025-08-21T21:03:29.3639921Z   Using cached frozenlist-1.7.0-cp312-cp312-manylinux_2_5_x86_64.manylinux1_x86_64.manylinux_2_17_x86_64.manylinux2014_x86_64.whl.metadata (18 kB)
2025-08-21T21:03:29.6625793Z Collecting multidict<7.0,>=4.5 (from aiohttp->keepa==1.3.14->-r services/etl/requirements.txt (line 1))
2025-08-21T21:03:29.6639622Z   Using cached multidict-6.6.4-cp312-cp312-manylinux2014_x86_64.manylinux_2_17_x86_64.manylinux_2_28_x86_64.whl.metadata (5.3 kB)
2025-08-21T21:03:29.7046476Z Collecting propcache>=0.2.0 (from aiohttp->keepa==1.3.14->-r services/etl/requirements.txt (line 1))
2025-08-21T21:03:29.7059114Z   Using cached propcache-0.3.2-cp312-cp312-manylinux_2_17_x86_64.manylinux2014_x86_64.whl.metadata (12 kB)
2025-08-21T21:03:29.9486307Z Collecting yarl<2.0,>=1.17.0 (from aiohttp->keepa==1.3.14->-r services/etl/requirements.txt (line 1))
2025-08-21T21:03:29.9499430Z   Using cached yarl-1.20.1-cp312-cp312-manylinux_2_17_x86_64.manylinux2014_x86_64.whl.metadata (73 kB)
2025-08-21T21:03:30.0091722Z Using cached keepa-1.3.14-py3-none-any.whl (33 kB)
2025-08-21T21:03:30.0102459Z Using cached minio-7.1.15-py3-none-any.whl (77 kB)
2025-08-21T21:03:30.0113760Z Using cached python_amazon_sp_api-0.8.0-py3-none-any.whl (93 kB)
2025-08-21T21:03:30.0125567Z Using cached pydantic_settings-2.2.1-py3-none-any.whl (13 kB)
2025-08-21T21:03:30.0136319Z Using cached psycopg-3.2.9-py3-none-any.whl (202 kB)
2025-08-21T21:03:30.0148649Z Using cached sentry_sdk-2.9.0-py2.py3-none-any.whl (301 kB)
2025-08-21T21:03:30.0162520Z Using cached psycopg_binary-3.2.9-cp312-cp312-manylinux_2_17_x86_64.manylinux2014_x86_64.whl (4.4 MB)
2025-08-21T21:03:30.0207105Z Using cached celery-5.3.6-py3-none-any.whl (422 kB)
2025-08-21T21:03:30.0220837Z Using cached redis-5.3.1-py3-none-any.whl (272 kB)
2025-08-21T21:03:30.0233979Z Using cached numpy-1.26.4-cp312-cp312-manylinux_2_17_x86_64.manylinux2014_x86_64.whl (18.0 MB)
2025-08-21T21:03:30.0376879Z Using cached pandas-2.2.3-cp312-cp312-manylinux_2_17_x86_64.manylinux2014_x86_64.whl (12.7 MB)
2025-08-21T21:03:30.0478717Z Using cached pandera-0.19.3-py3-none-any.whl (251 kB)
2025-08-21T21:03:30.0491385Z Using cached openpyxl-3.1.5-py2.py3-none-any.whl (250 kB)
2025-08-21T21:03:30.0504260Z Using cached psycopg2_binary-2.9.10-cp312-cp312-manylinux_2_17_x86_64.manylinux2014_x86_64.whl (3.0 MB)
2025-08-21T21:03:30.0536862Z Using cached billiard-4.2.1-py3-none-any.whl (86 kB)
2025-08-21T21:03:30.0569912Z Downloading boto3-1.40.15-py3-none-any.whl (140 kB)
2025-08-21T21:03:30.0756318Z Downloading botocore-1.40.15-py3-none-any.whl (14.0 MB)
2025-08-21T21:03:30.1491602Z    ━━━━━━━━━━━━━━━━━━━━━━━━━━━━━━━━━━━━━━━━ 14.0/14.0 MB 202.7 MB/s  0:00:00
2025-08-21T21:03:30.1505033Z Using cached cachetools-4.2.4-py3-none-any.whl (10 kB)
2025-08-21T21:03:30.1517136Z Using cached click-8.2.1-py3-none-any.whl (102 kB)
2025-08-21T21:03:30.1529343Z Using cached confuse-1.4.0-py2.py3-none-any.whl (21 kB)
2025-08-21T21:03:30.1541206Z Using cached jmespath-1.0.1-py3-none-any.whl (20 kB)
2025-08-21T21:03:30.1552646Z Using cached kombu-5.5.4-py3-none-any.whl (210 kB)
2025-08-21T21:03:30.1565498Z Using cached vine-5.1.0-py3-none-any.whl (9.6 kB)
2025-08-21T21:03:30.1576884Z Using cached amqp-5.3.1-py3-none-any.whl (50 kB)
2025-08-21T21:03:30.1588196Z Using cached multimethod-1.10-py3-none-any.whl (9.9 kB)
2025-08-21T21:03:30.1599674Z Using cached python_dateutil-2.9.0.post0-py2.py3-none-any.whl (229 kB)
2025-08-21T21:03:30.1612679Z Using cached s3transfer-0.13.1-py3-none-any.whl (85 kB)
2025-08-21T21:03:30.1624531Z Using cached six-1.17.0-py2.py3-none-any.whl (11 kB)
2025-08-21T21:03:30.1635980Z Using cached urllib3-2.5.0-py3-none-any.whl (129 kB)
2025-08-21T21:03:30.1648142Z Using cached click_didyoumean-0.3.1-py3-none-any.whl (3.6 kB)
2025-08-21T21:03:30.1659475Z Using cached click_plugins-1.1.1.2-py2.py3-none-any.whl (11 kB)
2025-08-21T21:03:30.1670852Z Using cached click_repl-0.3.0-py3-none-any.whl (10 kB)
2025-08-21T21:03:30.1682193Z Using cached packaging-25.0-py3-none-any.whl (66 kB)
2025-08-21T21:03:30.1694257Z Using cached prompt_toolkit-3.0.51-py3-none-any.whl (387 kB)
2025-08-21T21:03:30.1708311Z Using cached pydantic-2.11.7-py3-none-any.whl (444 kB)
2025-08-21T21:03:30.1723324Z Using cached pydantic_core-2.33.2-cp312-cp312-manylinux_2_17_x86_64.manylinux2014_x86_64.whl (2.0 MB)
2025-08-21T21:03:30.1749289Z Using cached annotated_types-0.7.0-py3-none-any.whl (13 kB)
2025-08-21T21:03:30.1760844Z Using cached PyJWT-2.10.1-py3-none-any.whl (22 kB)
2025-08-21T21:03:30.1772378Z Using cached python_dotenv-1.1.1-py3-none-any.whl (20 kB)
2025-08-21T21:03:30.1784170Z Using cached pytz-2025.2-py2.py3-none-any.whl (509 kB)
2025-08-21T21:03:30.1814989Z Using cached requests-2.32.5-py3-none-any.whl (64 kB)
2025-08-21T21:03:30.1818411Z Using cached charset_normalizer-3.4.3-cp312-cp312-manylinux2014_x86_64.manylinux_2_17_x86_64.manylinux_2_28_x86_64.whl (151 kB)
2025-08-21T21:03:30.1829763Z Using cached idna-3.10-py3-none-any.whl (70 kB)
2025-08-21T21:03:30.1841225Z Using cached certifi-2025.8.3-py3-none-any.whl (161 kB)
2025-08-21T21:03:30.1853273Z Using cached typing_extensions-4.14.1-py3-none-any.whl (43 kB)
2025-08-21T21:03:30.1864402Z Using cached typing_inspect-0.9.0-py3-none-any.whl (8.8 kB)
2025-08-21T21:03:30.1875631Z Using cached mypy_extensions-1.1.0-py3-none-any.whl (5.0 kB)
2025-08-21T21:03:30.1887259Z Using cached typing_inspection-0.4.1-py3-none-any.whl (14 kB)
2025-08-21T21:03:30.1898108Z Using cached tzdata-2025.2-py2.py3-none-any.whl (347 kB)
2025-08-21T21:03:30.1912033Z Using cached aiohttp-3.12.15-cp312-cp312-manylinux_2_17_x86_64.manylinux2014_x86_64.whl (1.7 MB)
2025-08-21T21:03:30.1936204Z Using cached multidict-6.6.4-cp312-cp312-manylinux2014_x86_64.manylinux_2_17_x86_64.manylinux_2_28_x86_64.whl (256 kB)
2025-08-21T21:03:30.1948638Z Using cached yarl-1.20.1-cp312-cp312-manylinux_2_17_x86_64.manylinux2014_x86_64.whl (355 kB)
2025-08-21T21:03:30.1962332Z Using cached aiohappyeyeballs-2.6.1-py3-none-any.whl (15 kB)
2025-08-21T21:03:30.1973222Z Using cached aiosignal-1.4.0-py3-none-any.whl (7.5 kB)
2025-08-21T21:03:30.1984182Z Using cached attrs-25.3.0-py3-none-any.whl (63 kB)
2025-08-21T21:03:30.1995956Z Using cached frozenlist-1.7.0-cp312-cp312-manylinux_2_5_x86_64.manylinux1_x86_64.manylinux_2_17_x86_64.manylinux2014_x86_64.whl (241 kB)
2025-08-21T21:03:30.2008342Z Using cached propcache-0.3.2-cp312-cp312-manylinux_2_17_x86_64.manylinux2014_x86_64.whl (224 kB)
2025-08-21T21:03:30.2020542Z Using cached et_xmlfile-2.0.0-py3-none-any.whl (18 kB)
2025-08-21T21:03:30.2032035Z Using cached pycryptodome-3.23.0-cp37-abi3-manylinux_2_17_x86_64.manylinux2014_x86_64.whl (2.3 MB)
2025-08-21T21:03:30.2059210Z Using cached PyYAML-6.0.2-cp312-cp312-manylinux_2_17_x86_64.manylinux2014_x86_64.whl (767 kB)
2025-08-21T21:03:30.2075609Z Using cached tqdm-4.67.1-py3-none-any.whl (78 kB)
2025-08-21T21:03:30.2086831Z Using cached typeguard-4.4.4-py3-none-any.whl (34 kB)
2025-08-21T21:03:30.2097966Z Using cached wcwidth-0.2.13-py2.py3-none-any.whl (34 kB)
2025-08-21T21:03:30.2109302Z Using cached wrapt-1.17.3-cp312-cp312-manylinux1_x86_64.manylinux_2_28_x86_64.manylinux_2_5_x86_64.whl (88 kB)
2025-08-21T21:03:30.4762777Z Installing collected packages: wcwidth, pytz, wrapt, vine, urllib3, tzdata, typing-extensions, tqdm, six, pyyaml, python-dotenv, PyJWT, pycryptodome, psycopg2-binary, psycopg-binary, propcache, prompt-toolkit, packaging, numpy, mypy-extensions, multimethod, multidict, jmespath, idna, frozenlist, et-xmlfile, click, charset_normalizer, certifi, cachetools, billiard, attrs, annotated-types, aiohappyeyeballs, yarl, typing-inspection, typing-inspect, typeguard, sentry-sdk, requests, redis, python-dateutil, pydantic-core, psycopg, openpyxl, minio, confuse, click-repl, click-plugins, click-didyoumean, amqp, aiosignal, pydantic, pandas, kombu, botocore, aiohttp, s3transfer, pydantic-settings, pandera, keepa, celery, boto3, python-amazon-sp-api
2025-08-21T21:03:41.8131136Z 
2025-08-21T21:03:41.8196320Z Successfully installed PyJWT-2.10.1 aiohappyeyeballs-2.6.1 aiohttp-3.12.15 aiosignal-1.4.0 amqp-5.3.1 annotated-types-0.7.0 attrs-25.3.0 billiard-4.2.1 boto3-1.40.15 botocore-1.40.15 cachetools-4.2.4 celery-5.3.6 certifi-2025.8.3 charset_normalizer-3.4.3 click-8.2.1 click-didyoumean-0.3.1 click-plugins-1.1.1.2 click-repl-0.3.0 confuse-1.4.0 et-xmlfile-2.0.0 frozenlist-1.7.0 idna-3.10 jmespath-1.0.1 keepa-1.3.14 kombu-5.5.4 minio-7.1.15 multidict-6.6.4 multimethod-1.10 mypy-extensions-1.1.0 numpy-1.26.4 openpyxl-3.1.5 packaging-25.0 pandas-2.2.3 pandera-0.19.3 prompt-toolkit-3.0.51 propcache-0.3.2 psycopg-3.2.9 psycopg-binary-3.2.9 psycopg2-binary-2.9.10 pycryptodome-3.23.0 pydantic-2.11.7 pydantic-core-2.33.2 pydantic-settings-2.2.1 python-amazon-sp-api-0.8.0 python-dateutil-2.9.0.post0 python-dotenv-1.1.1 pytz-2025.2 pyyaml-6.0.2 redis-5.3.1 requests-2.32.5 s3transfer-0.13.1 sentry-sdk-2.9.0 six-1.17.0 tqdm-4.67.1 typeguard-4.4.4 typing-extensions-4.14.1 typing-inspect-0.9.0 typing-inspection-0.4.1 tzdata-2025.2 urllib3-2.5.0 vine-5.1.0 wcwidth-0.2.13 wrapt-1.17.3 yarl-1.20.1
2025-08-21T21:03:42.9874774Z Collecting uvicorn==0.29.0 (from -r services/api/requirements.txt (line 1))
2025-08-21T21:03:42.9891755Z   Using cached uvicorn-0.29.0-py3-none-any.whl.metadata (6.3 kB)
2025-08-21T21:03:42.9931485Z Requirement already satisfied: pydantic-settings==2.2.1 in /opt/hostedtoolcache/Python/3.12.11/x64/lib/python3.12/site-packages (from -r services/api/requirements.txt (line 2)) (2.2.1)
2025-08-21T21:03:43.2421053Z Collecting fastapi==0.111.0 (from -r services/api/requirements.txt (line 3))
2025-08-21T21:03:43.2434717Z   Using cached fastapi-0.111.0-py3-none-any.whl.metadata (25 kB)
2025-08-21T21:03:43.5349205Z Collecting sqlalchemy==2.0.29 (from -r services/api/requirements.txt (line 4))
2025-08-21T21:03:43.5363648Z   Using cached SQLAlchemy-2.0.29-cp312-cp312-manylinux_2_17_x86_64.manylinux2014_x86_64.whl.metadata (9.6 kB)
2025-08-21T21:03:43.5638689Z Collecting alembic==1.13.1 (from -r services/api/requirements.txt (line 5))
2025-08-21T21:03:43.5650728Z   Using cached alembic-1.13.1-py3-none-any.whl.metadata (7.4 kB)
2025-08-21T21:03:43.5677230Z Requirement already satisfied: psycopg==3.2.9 in /opt/hostedtoolcache/Python/3.12.11/x64/lib/python3.12/site-packages (from psycopg[binary]==3.2.9->-r services/api/requirements.txt (line 6)) (3.2.9)
2025-08-21T21:03:43.5826313Z Collecting httpx==0.27.2 (from -r services/api/requirements.txt (line 7))
2025-08-21T21:03:43.5838185Z   Using cached httpx-0.27.2-py3-none-any.whl.metadata (7.1 kB)
2025-08-21T21:03:43.6267259Z Collecting asyncpg==0.29.0 (from -r services/api/requirements.txt (line 8))
2025-08-21T21:03:43.6279899Z   Using cached asyncpg-0.29.0-cp312-cp312-manylinux_2_17_x86_64.manylinux2014_x86_64.whl.metadata (4.4 kB)
2025-08-21T21:03:43.8917833Z Collecting boto3==1.34.162 (from -r services/api/requirements.txt (line 9))
2025-08-21T21:03:43.8930709Z   Using cached boto3-1.34.162-py3-none-any.whl.metadata (6.6 kB)
2025-08-21T21:03:43.9089889Z Collecting Jinja2==3.1.5 (from -r services/api/requirements.txt (line 10))
2025-08-21T21:03:43.9101750Z   Using cached jinja2-3.1.5-py3-none-any.whl.metadata (2.6 kB)
2025-08-21T21:03:43.9120035Z Requirement already satisfied: celery==5.3.* in /opt/hostedtoolcache/Python/3.12.11/x64/lib/python3.12/site-packages (from -r services/api/requirements.txt (line 11)) (5.3.6)
2025-08-21T21:03:43.9295719Z Collecting structlog==24.1.0 (from -r services/api/requirements.txt (line 12))
2025-08-21T21:03:43.9306873Z   Using cached structlog-24.1.0-py3-none-any.whl.metadata (6.9 kB)
2025-08-21T21:03:44.0208785Z Collecting asgi-correlation-id==4.3.1 (from -r services/api/requirements.txt (line 13))
2025-08-21T21:03:44.0221172Z   Using cached asgi_correlation_id-4.3.1-py3-none-any.whl.metadata (28 kB)
2025-08-21T21:03:44.0379108Z Collecting fastapi-limiter==0.1.6 (from -r services/api/requirements.txt (line 14))
2025-08-21T21:03:44.0390677Z   Using cached fastapi_limiter-0.1.6-py3-none-any.whl.metadata (5.3 kB)
2025-08-21T21:03:44.0649920Z Collecting redis==5.0.8 (from -r services/api/requirements.txt (line 15))
2025-08-21T21:03:44.0663750Z   Using cached redis-5.0.8-py3-none-any.whl.metadata (9.2 kB)
2025-08-21T21:03:44.0696843Z Requirement already satisfied: sentry-sdk==2.9.0 in /opt/hostedtoolcache/Python/3.12.11/x64/lib/python3.12/site-packages (from sentry-sdk[celery,fastapi,sqlalchemy]==2.9.0->-r services/api/requirements.txt (line 16)) (2.9.0)
2025-08-21T21:03:44.0709785Z Requirement already satisfied: click>=7.0 in /opt/hostedtoolcache/Python/3.12.11/x64/lib/python3.12/site-packages (from uvicorn==0.29.0->-r services/api/requirements.txt (line 1)) (8.2.1)
2025-08-21T21:03:44.1032825Z Collecting h11>=0.8 (from uvicorn==0.29.0->-r services/api/requirements.txt (line 1))
2025-08-21T21:03:44.1044948Z   Using cached h11-0.16.0-py3-none-any.whl.metadata (8.3 kB)
2025-08-21T21:03:44.1075254Z Requirement already satisfied: pydantic>=2.3.0 in /opt/hostedtoolcache/Python/3.12.11/x64/lib/python3.12/site-packages (from pydantic-settings==2.2.1->-r services/api/requirements.txt (line 2)) (2.11.7)
2025-08-21T21:03:44.1080189Z Requirement already satisfied: python-dotenv>=0.21.0 in /opt/hostedtoolcache/Python/3.12.11/x64/lib/python3.12/site-packages (from pydantic-settings==2.2.1->-r services/api/requirements.txt (line 2)) (1.1.1)
2025-08-21T21:03:44.1351730Z Collecting starlette<0.38.0,>=0.37.2 (from fastapi==0.111.0->-r services/api/requirements.txt (line 3))
2025-08-21T21:03:44.1363400Z   Using cached starlette-0.37.2-py3-none-any.whl.metadata (5.9 kB)
2025-08-21T21:03:44.1394056Z Requirement already satisfied: typing-extensions>=4.8.0 in /opt/hostedtoolcache/Python/3.12.11/x64/lib/python3.12/site-packages (from fastapi==0.111.0->-r services/api/requirements.txt (line 3)) (4.14.1)
2025-08-21T21:03:44.1497972Z Collecting fastapi-cli>=0.0.2 (from fastapi==0.111.0->-r services/api/requirements.txt (line 3))
2025-08-21T21:03:44.1508643Z   Using cached fastapi_cli-0.0.8-py3-none-any.whl.metadata (6.3 kB)
2025-08-21T21:03:44.1706868Z Collecting python-multipart>=0.0.7 (from fastapi==0.111.0->-r services/api/requirements.txt (line 3))
2025-08-21T21:03:44.1717762Z   Using cached python_multipart-0.0.20-py3-none-any.whl.metadata (1.8 kB)
2025-08-21T21:03:44.2316482Z Collecting ujson!=4.0.2,!=4.1.0,!=4.2.0,!=4.3.0,!=5.0.0,!=5.1.0,>=4.0.1 (from fastapi==0.111.0->-r services/api/requirements.txt (line 3))
2025-08-21T21:03:44.2330052Z   Using cached ujson-5.11.0-cp312-cp312-manylinux_2_24_x86_64.manylinux_2_28_x86_64.whl.metadata (9.4 kB)
2025-08-21T21:03:44.4689548Z Collecting orjson>=3.2.1 (from fastapi==0.111.0->-r services/api/requirements.txt (line 3))
2025-08-21T21:03:44.4703664Z   Using cached orjson-3.11.2-cp312-cp312-manylinux_2_17_x86_64.manylinux2014_x86_64.whl.metadata (1.2 kB)
2025-08-21T21:03:44.4894226Z Collecting email_validator>=2.0.0 (from fastapi==0.111.0->-r services/api/requirements.txt (line 3))
2025-08-21T21:03:44.4906337Z   Using cached email_validator-2.2.0-py3-none-any.whl.metadata (25 kB)
2025-08-21T21:03:44.6165933Z Collecting greenlet!=0.4.17 (from sqlalchemy==2.0.29->-r services/api/requirements.txt (line 4))
2025-08-21T21:03:44.6179977Z   Using cached greenlet-3.2.4-cp312-cp312-manylinux_2_24_x86_64.manylinux_2_28_x86_64.whl.metadata (4.1 kB)
2025-08-21T21:03:44.6492208Z Collecting Mako (from alembic==1.13.1->-r services/api/requirements.txt (line 5))
2025-08-21T21:03:44.6505323Z   Using cached mako-1.3.10-py3-none-any.whl.metadata (2.9 kB)
2025-08-21T21:03:44.6730140Z Collecting anyio (from httpx==0.27.2->-r services/api/requirements.txt (line 7))
2025-08-21T21:03:44.6742390Z   Using cached anyio-4.10.0-py3-none-any.whl.metadata (4.0 kB)
2025-08-21T21:03:44.6765591Z Requirement already satisfied: certifi in /opt/hostedtoolcache/Python/3.12.11/x64/lib/python3.12/site-packages (from httpx==0.27.2->-r services/api/requirements.txt (line 7)) (2025.8.3)
2025-08-21T21:03:44.6941552Z Collecting httpcore==1.* (from httpx==0.27.2->-r services/api/requirements.txt (line 7))
2025-08-21T21:03:44.6953431Z   Using cached httpcore-1.0.9-py3-none-any.whl.metadata (21 kB)
2025-08-21T21:03:44.6988755Z Requirement already satisfied: idna in /opt/hostedtoolcache/Python/3.12.11/x64/lib/python3.12/site-packages (from httpx==0.27.2->-r services/api/requirements.txt (line 7)) (3.10)
2025-08-21T21:03:44.7053140Z Collecting sniffio (from httpx==0.27.2->-r services/api/requirements.txt (line 7))
2025-08-21T21:03:44.7065321Z   Using cached sniffio-1.3.1-py3-none-any.whl.metadata (3.9 kB)
2025-08-21T21:03:45.1171359Z Collecting botocore<1.35.0,>=1.34.162 (from boto3==1.34.162->-r services/api/requirements.txt (line 9))
2025-08-21T21:03:45.1184841Z   Using cached botocore-1.34.162-py3-none-any.whl.metadata (5.7 kB)
2025-08-21T21:03:45.1213042Z Requirement already satisfied: jmespath<2.0.0,>=0.7.1 in /opt/hostedtoolcache/Python/3.12.11/x64/lib/python3.12/site-packages (from boto3==1.34.162->-r services/api/requirements.txt (line 9)) (1.0.1)
2025-08-21T21:03:45.1371162Z Collecting s3transfer<0.11.0,>=0.10.0 (from boto3==1.34.162->-r services/api/requirements.txt (line 9))
2025-08-21T21:03:45.1383216Z   Using cached s3transfer-0.10.4-py3-none-any.whl.metadata (1.7 kB)
2025-08-21T21:03:45.1853174Z Collecting MarkupSafe>=2.0 (from Jinja2==3.1.5->-r services/api/requirements.txt (line 10))
2025-08-21T21:03:45.1866608Z   Using cached MarkupSafe-3.0.2-cp312-cp312-manylinux_2_17_x86_64.manylinux2014_x86_64.whl.metadata (4.0 kB)
2025-08-21T21:03:45.2145595Z Requirement already satisfied: urllib3>=1.26.11 in /opt/hostedtoolcache/Python/3.12.11/x64/lib/python3.12/site-packages (from sentry-sdk==2.9.0->sentry-sdk[celery,fastapi,sqlalchemy]==2.9.0->-r services/api/requirements.txt (line 16)) (2.5.0)
2025-08-21T21:03:45.2263952Z Requirement already satisfied: psycopg-binary==3.2.9 in /opt/hostedtoolcache/Python/3.12.11/x64/lib/python3.12/site-packages (from psycopg[binary]==3.2.9->-r services/api/requirements.txt (line 6)) (3.2.9)
2025-08-21T21:03:45.2649886Z Requirement already satisfied: billiard<5.0,>=4.2.0 in /opt/hostedtoolcache/Python/3.12.11/x64/lib/python3.12/site-packages (from celery==5.3.*->-r services/api/requirements.txt (line 11)) (4.2.1)
2025-08-21T21:03:45.2657013Z Requirement already satisfied: click-didyoumean>=0.3.0 in /opt/hostedtoolcache/Python/3.12.11/x64/lib/python3.12/site-packages (from celery==5.3.*->-r services/api/requirements.txt (line 11)) (0.3.1)
2025-08-21T21:03:45.2664069Z Requirement already satisfied: click-plugins>=1.1.1 in /opt/hostedtoolcache/Python/3.12.11/x64/lib/python3.12/site-packages (from celery==5.3.*->-r services/api/requirements.txt (line 11)) (1.1.1.2)
2025-08-21T21:03:45.2671031Z Requirement already satisfied: click-repl>=0.2.0 in /opt/hostedtoolcache/Python/3.12.11/x64/lib/python3.12/site-packages (from celery==5.3.*->-r services/api/requirements.txt (line 11)) (0.3.0)
2025-08-21T21:03:45.2681706Z Requirement already satisfied: kombu<6.0,>=5.3.4 in /opt/hostedtoolcache/Python/3.12.11/x64/lib/python3.12/site-packages (from celery==5.3.*->-r services/api/requirements.txt (line 11)) (5.5.4)
2025-08-21T21:03:45.2688852Z Requirement already satisfied: python-dateutil>=2.8.2 in /opt/hostedtoolcache/Python/3.12.11/x64/lib/python3.12/site-packages (from celery==5.3.*->-r services/api/requirements.txt (line 11)) (2.9.0.post0)
2025-08-21T21:03:45.2695856Z Requirement already satisfied: tzdata>=2022.7 in /opt/hostedtoolcache/Python/3.12.11/x64/lib/python3.12/site-packages (from celery==5.3.*->-r services/api/requirements.txt (line 11)) (2025.2)
2025-08-21T21:03:45.2703410Z Requirement already satisfied: vine<6.0,>=5.1.0 in /opt/hostedtoolcache/Python/3.12.11/x64/lib/python3.12/site-packages (from celery==5.3.*->-r services/api/requirements.txt (line 11)) (5.1.0)
2025-08-21T21:03:45.2841187Z Requirement already satisfied: amqp<6.0.0,>=5.1.1 in /opt/hostedtoolcache/Python/3.12.11/x64/lib/python3.12/site-packages (from kombu<6.0,>=5.3.4->celery==5.3.*->-r services/api/requirements.txt (line 11)) (5.3.1)
2025-08-21T21:03:45.2854323Z Requirement already satisfied: packaging in /opt/hostedtoolcache/Python/3.12.11/x64/lib/python3.12/site-packages (from kombu<6.0,>=5.3.4->celery==5.3.*->-r services/api/requirements.txt (line 11)) (25.0)
2025-08-21T21:03:45.2923542Z Requirement already satisfied: annotated-types>=0.6.0 in /opt/hostedtoolcache/Python/3.12.11/x64/lib/python3.12/site-packages (from pydantic>=2.3.0->pydantic-settings==2.2.1->-r services/api/requirements.txt (line 2)) (0.7.0)
2025-08-21T21:03:45.2928207Z Requirement already satisfied: pydantic-core==2.33.2 in /opt/hostedtoolcache/Python/3.12.11/x64/lib/python3.12/site-packages (from pydantic>=2.3.0->pydantic-settings==2.2.1->-r services/api/requirements.txt (line 2)) (2.33.2)
2025-08-21T21:03:45.2936723Z Requirement already satisfied: typing-inspection>=0.4.0 in /opt/hostedtoolcache/Python/3.12.11/x64/lib/python3.12/site-packages (from pydantic>=2.3.0->pydantic-settings==2.2.1->-r services/api/requirements.txt (line 2)) (0.4.1)
2025-08-21T21:03:45.2974247Z Requirement already satisfied: six>=1.5 in /opt/hostedtoolcache/Python/3.12.11/x64/lib/python3.12/site-packages (from python-dateutil>=2.8.2->celery==5.3.*->-r services/api/requirements.txt (line 11)) (1.17.0)
2025-08-21T21:03:45.4359851Z Requirement already satisfied: prompt-toolkit>=3.0.36 in /opt/hostedtoolcache/Python/3.12.11/x64/lib/python3.12/site-packages (from click-repl>=0.2.0->celery==5.3.*->-r services/api/requirements.txt (line 11)) (3.0.51)
2025-08-21T21:03:45.4487257Z Collecting dnspython>=2.0.0 (from email_validator>=2.0.0->fastapi==0.111.0->-r services/api/requirements.txt (line 3))
2025-08-21T21:03:45.4499901Z   Using cached dnspython-2.7.0-py3-none-any.whl.metadata (5.8 kB)
2025-08-21T21:03:45.4713880Z Collecting typer>=0.15.1 (from fastapi-cli>=0.0.2->fastapi==0.111.0->-r services/api/requirements.txt (line 3))
2025-08-21T21:03:45.4727690Z   Using cached typer-0.16.1-py3-none-any.whl.metadata (15 kB)
2025-08-21T21:03:45.4948549Z Collecting rich-toolkit>=0.14.8 (from fastapi-cli>=0.0.2->fastapi==0.111.0->-r services/api/requirements.txt (line 3))
2025-08-21T21:03:45.4960188Z   Using cached rich_toolkit-0.15.0-py3-none-any.whl.metadata (1.0 kB)
2025-08-21T21:03:45.5061329Z Requirement already satisfied: wcwidth in /opt/hostedtoolcache/Python/3.12.11/x64/lib/python3.12/site-packages (from prompt-toolkit>=3.0.36->click-repl>=0.2.0->celery==5.3.*->-r services/api/requirements.txt (line 11)) (0.2.13)
2025-08-21T21:03:45.5455057Z Collecting rich>=13.7.1 (from rich-toolkit>=0.14.8->fastapi-cli>=0.0.2->fastapi==0.111.0->-r services/api/requirements.txt (line 3))
2025-08-21T21:03:45.5468186Z   Using cached rich-14.1.0-py3-none-any.whl.metadata (18 kB)
2025-08-21T21:03:45.5637279Z Collecting markdown-it-py>=2.2.0 (from rich>=13.7.1->rich-toolkit>=0.14.8->fastapi-cli>=0.0.2->fastapi==0.111.0->-r services/api/requirements.txt (line 3))
2025-08-21T21:03:45.5648996Z   Using cached markdown_it_py-4.0.0-py3-none-any.whl.metadata (7.3 kB)
2025-08-21T21:03:45.5876739Z Collecting pygments<3.0.0,>=2.13.0 (from rich>=13.7.1->rich-toolkit>=0.14.8->fastapi-cli>=0.0.2->fastapi==0.111.0->-r services/api/requirements.txt (line 3))
2025-08-21T21:03:45.5889255Z   Using cached pygments-2.19.2-py3-none-any.whl.metadata (2.5 kB)
2025-08-21T21:03:45.6005017Z Collecting mdurl~=0.1 (from markdown-it-py>=2.2.0->rich>=13.7.1->rich-toolkit>=0.14.8->fastapi-cli>=0.0.2->fastapi==0.111.0->-r services/api/requirements.txt (line 3))
2025-08-21T21:03:45.6016274Z   Using cached mdurl-0.1.2-py3-none-any.whl.metadata (1.6 kB)
2025-08-21T21:03:45.6201843Z Collecting shellingham>=1.3.0 (from typer>=0.15.1->fastapi-cli>=0.0.2->fastapi==0.111.0->-r services/api/requirements.txt (line 3))
2025-08-21T21:03:45.6213464Z   Using cached shellingham-1.5.4-py2.py3-none-any.whl.metadata (3.5 kB)
2025-08-21T21:03:45.6699724Z Collecting httptools>=0.5.0 (from uvicorn[standard]>=0.12.0->fastapi==0.111.0->-r services/api/requirements.txt (line 3))
2025-08-21T21:03:45.6713540Z   Using cached httptools-0.6.4-cp312-cp312-manylinux_2_5_x86_64.manylinux1_x86_64.manylinux_2_17_x86_64.manylinux2014_x86_64.whl.metadata (3.6 kB)
2025-08-21T21:03:45.6748182Z Requirement already satisfied: pyyaml>=5.1 in /opt/hostedtoolcache/Python/3.12.11/x64/lib/python3.12/site-packages (from uvicorn[standard]>=0.12.0->fastapi==0.111.0->-r services/api/requirements.txt (line 3)) (6.0.2)
2025-08-21T21:03:45.7124095Z Collecting uvloop!=0.15.0,!=0.15.1,>=0.14.0 (from uvicorn[standard]>=0.12.0->fastapi==0.111.0->-r services/api/requirements.txt (line 3))
2025-08-21T21:03:45.7137495Z   Using cached uvloop-0.21.0-cp312-cp312-manylinux_2_17_x86_64.manylinux2014_x86_64.whl.metadata (4.9 kB)
2025-08-21T21:03:45.7872595Z Collecting watchfiles>=0.13 (from uvicorn[standard]>=0.12.0->fastapi==0.111.0->-r services/api/requirements.txt (line 3))
2025-08-21T21:03:45.7886064Z   Using cached watchfiles-1.1.0-cp312-cp312-manylinux_2_17_x86_64.manylinux2014_x86_64.whl.metadata (4.9 kB)
2025-08-21T21:03:45.8752376Z Collecting websockets>=10.4 (from uvicorn[standard]>=0.12.0->fastapi==0.111.0->-r services/api/requirements.txt (line 3))
2025-08-21T21:03:45.8766242Z   Using cached websockets-15.0.1-cp312-cp312-manylinux_2_5_x86_64.manylinux1_x86_64.manylinux_2_17_x86_64.manylinux2014_x86_64.whl.metadata (6.8 kB)
2025-08-21T21:03:45.9616840Z Using cached uvicorn-0.29.0-py3-none-any.whl (60 kB)
2025-08-21T21:03:45.9630007Z Using cached fastapi-0.111.0-py3-none-any.whl (91 kB)
2025-08-21T21:03:45.9643431Z Using cached SQLAlchemy-2.0.29-cp312-cp312-manylinux_2_17_x86_64.manylinux2014_x86_64.whl (3.2 MB)
2025-08-21T21:03:45.9681348Z Using cached alembic-1.13.1-py3-none-any.whl (233 kB)
2025-08-21T21:03:45.9694724Z Using cached httpx-0.27.2-py3-none-any.whl (76 kB)
2025-08-21T21:03:45.9707762Z Using cached asyncpg-0.29.0-cp312-cp312-manylinux_2_17_x86_64.manylinux2014_x86_64.whl (3.3 MB)
2025-08-21T21:03:45.9745662Z Using cached boto3-1.34.162-py3-none-any.whl (139 kB)
2025-08-21T21:03:45.9758102Z Using cached jinja2-3.1.5-py3-none-any.whl (134 kB)
2025-08-21T21:03:45.9770127Z Using cached structlog-24.1.0-py3-none-any.whl (65 kB)
2025-08-21T21:03:45.9782109Z Using cached asgi_correlation_id-4.3.1-py3-none-any.whl (15 kB)
2025-08-21T21:03:45.9792936Z Using cached fastapi_limiter-0.1.6-py3-none-any.whl (15 kB)
2025-08-21T21:03:45.9803883Z Using cached redis-5.0.8-py3-none-any.whl (255 kB)
2025-08-21T21:03:45.9817500Z Using cached botocore-1.34.162-py3-none-any.whl (12.5 MB)
2025-08-21T21:03:45.9925118Z Using cached httpcore-1.0.9-py3-none-any.whl (78 kB)
2025-08-21T21:03:45.9936554Z Using cached s3transfer-0.10.4-py3-none-any.whl (83 kB)
2025-08-21T21:03:45.9947955Z Using cached starlette-0.37.2-py3-none-any.whl (71 kB)
2025-08-21T21:03:45.9959136Z Using cached anyio-4.10.0-py3-none-any.whl (107 kB)
2025-08-21T21:03:45.9970873Z Using cached email_validator-2.2.0-py3-none-any.whl (33 kB)
2025-08-21T21:03:45.9982128Z Using cached dnspython-2.7.0-py3-none-any.whl (313 kB)
2025-08-21T21:03:45.9995123Z Using cached fastapi_cli-0.0.8-py3-none-any.whl (10 kB)
2025-08-21T21:03:46.0006853Z Using cached greenlet-3.2.4-cp312-cp312-manylinux_2_24_x86_64.manylinux_2_28_x86_64.whl (607 kB)
2025-08-21T21:03:46.0021979Z Using cached h11-0.16.0-py3-none-any.whl (37 kB)
2025-08-21T21:03:46.0033468Z Using cached MarkupSafe-3.0.2-cp312-cp312-manylinux_2_17_x86_64.manylinux2014_x86_64.whl (23 kB)
2025-08-21T21:03:46.0044522Z Using cached orjson-3.11.2-cp312-cp312-manylinux_2_17_x86_64.manylinux2014_x86_64.whl (121 kB)
2025-08-21T21:03:46.0056165Z Using cached python_multipart-0.0.20-py3-none-any.whl (24 kB)
2025-08-21T21:03:46.0066923Z Using cached rich_toolkit-0.15.0-py3-none-any.whl (29 kB)
2025-08-21T21:03:46.0078865Z Using cached rich-14.1.0-py3-none-any.whl (243 kB)
2025-08-21T21:03:46.0091466Z Using cached pygments-2.19.2-py3-none-any.whl (1.2 MB)
2025-08-21T21:03:46.0110942Z Using cached markdown_it_py-4.0.0-py3-none-any.whl (87 kB)
2025-08-21T21:03:46.0122365Z Using cached mdurl-0.1.2-py3-none-any.whl (10.0 kB)
2025-08-21T21:03:46.0133322Z Using cached sniffio-1.3.1-py3-none-any.whl (10 kB)
2025-08-21T21:03:46.0144184Z Using cached typer-0.16.1-py3-none-any.whl (46 kB)
2025-08-21T21:03:46.0155348Z Using cached shellingham-1.5.4-py2.py3-none-any.whl (9.8 kB)
2025-08-21T21:03:46.0166344Z Using cached ujson-5.11.0-cp312-cp312-manylinux_2_24_x86_64.manylinux_2_28_x86_64.whl (57 kB)
2025-08-21T21:03:46.0178220Z Using cached httptools-0.6.4-cp312-cp312-manylinux_2_5_x86_64.manylinux1_x86_64.manylinux_2_17_x86_64.manylinux2014_x86_64.whl (510 kB)
2025-08-21T21:03:46.0192662Z Using cached uvloop-0.21.0-cp312-cp312-manylinux_2_17_x86_64.manylinux2014_x86_64.whl (4.7 MB)
2025-08-21T21:03:46.0238437Z Using cached watchfiles-1.1.0-cp312-cp312-manylinux_2_17_x86_64.manylinux2014_x86_64.whl (452 kB)
2025-08-21T21:03:46.0252969Z Using cached websockets-15.0.1-cp312-cp312-manylinux_2_5_x86_64.manylinux1_x86_64.manylinux_2_17_x86_64.manylinux2014_x86_64.whl (182 kB)
2025-08-21T21:03:46.0264715Z Using cached mako-1.3.10-py3-none-any.whl (78 kB)
2025-08-21T21:03:46.2224818Z Installing collected packages: websockets, uvloop, ujson, structlog, sniffio, shellingham, redis, python-multipart, pygments, orjson, mdurl, MarkupSafe, httptools, h11, greenlet, dnspython, asyncpg, uvicorn, sqlalchemy, markdown-it-py, Mako, Jinja2, httpcore, email_validator, botocore, anyio, watchfiles, starlette, s3transfer, rich, httpx, alembic, typer, rich-toolkit, boto3, asgi-correlation-id, fastapi-cli, fastapi, fastapi-limiter
2025-08-21T21:03:46.4574968Z   Attempting uninstall: redis
2025-08-21T21:03:46.4607828Z     Found existing installation: redis 5.3.1
2025-08-21T21:03:46.4688887Z     Uninstalling redis-5.3.1:
2025-08-21T21:03:46.4706209Z       Successfully uninstalled redis-5.3.1
2025-08-21T21:03:49.3301358Z   Attempting uninstall: botocore
2025-08-21T21:03:49.3329253Z     Found existing installation: botocore 1.40.15
2025-08-21T21:03:49.3962900Z     Uninstalling botocore-1.40.15:
2025-08-21T21:03:49.4211472Z       Successfully uninstalled botocore-1.40.15
2025-08-21T21:03:50.2004459Z   Attempting uninstall: s3transfer
2025-08-21T21:03:50.2048755Z     Found existing installation: s3transfer 0.13.1
2025-08-21T21:03:50.2075188Z     Uninstalling s3transfer-0.13.1:
2025-08-21T21:03:50.2083378Z       Successfully uninstalled s3transfer-0.13.1
2025-08-21T21:03:50.7205107Z   Attempting uninstall: boto3
2025-08-21T21:03:50.7246646Z     Found existing installation: boto3 1.40.15
2025-08-21T21:03:50.7307259Z     Uninstalling boto3-1.40.15:
2025-08-21T21:03:50.7325221Z       Successfully uninstalled boto3-1.40.15
2025-08-21T21:03:50.8910210Z 
2025-08-21T21:03:50.8995424Z Successfully installed Jinja2-3.1.5 Mako-1.3.10 MarkupSafe-3.0.2 alembic-1.13.1 anyio-4.10.0 asgi-correlation-id-4.3.1 asyncpg-0.29.0 boto3-1.34.162 botocore-1.34.162 dnspython-2.7.0 email_validator-2.2.0 fastapi-0.111.0 fastapi-cli-0.0.8 fastapi-limiter-0.1.6 greenlet-3.2.4 h11-0.16.0 httpcore-1.0.9 httptools-0.6.4 httpx-0.27.2 markdown-it-py-4.0.0 mdurl-0.1.2 orjson-3.11.2 pygments-2.19.2 python-multipart-0.0.20 redis-5.0.8 rich-14.1.0 rich-toolkit-0.15.0 s3transfer-0.10.4 shellingham-1.5.4 sniffio-1.3.1 sqlalchemy-2.0.29 starlette-0.37.2 structlog-24.1.0 typer-0.16.1 ujson-5.11.0 uvicorn-0.29.0 uvloop-0.21.0 watchfiles-1.1.0 websockets-15.0.1
2025-08-21T21:03:51.5653855Z Requirement already satisfied: uvicorn==0.29.0 in /opt/hostedtoolcache/Python/3.12.11/x64/lib/python3.12/site-packages (from -r services/repricer/requirements.txt (line 1)) (0.29.0)
2025-08-21T21:03:51.5658196Z Requirement already satisfied: pydantic-settings==2.2.1 in /opt/hostedtoolcache/Python/3.12.11/x64/lib/python3.12/site-packages (from -r services/repricer/requirements.txt (line 2)) (2.2.1)
2025-08-21T21:03:51.5662574Z Requirement already satisfied: python-amazon-sp-api==0.8.0 in /opt/hostedtoolcache/Python/3.12.11/x64/lib/python3.12/site-packages (from -r services/repricer/requirements.txt (line 3)) (0.8.0)
2025-08-21T21:03:51.5666714Z Requirement already satisfied: fastapi==0.111.0 in /opt/hostedtoolcache/Python/3.12.11/x64/lib/python3.12/site-packages (from -r services/repricer/requirements.txt (line 4)) (0.111.0)
2025-08-21T21:03:51.5671058Z Requirement already satisfied: sqlalchemy==2.0.29 in /opt/hostedtoolcache/Python/3.12.11/x64/lib/python3.12/site-packages (from -r services/repricer/requirements.txt (line 5)) (2.0.29)
2025-08-21T21:03:51.5682772Z Requirement already satisfied: click>=7.0 in /opt/hostedtoolcache/Python/3.12.11/x64/lib/python3.12/site-packages (from uvicorn==0.29.0->-r services/repricer/requirements.txt (line 1)) (8.2.1)
2025-08-21T21:03:51.5688325Z Requirement already satisfied: h11>=0.8 in /opt/hostedtoolcache/Python/3.12.11/x64/lib/python3.12/site-packages (from uvicorn==0.29.0->-r services/repricer/requirements.txt (line 1)) (0.16.0)
2025-08-21T21:03:51.5711408Z Requirement already satisfied: pydantic>=2.3.0 in /opt/hostedtoolcache/Python/3.12.11/x64/lib/python3.12/site-packages (from pydantic-settings==2.2.1->-r services/repricer/requirements.txt (line 2)) (2.11.7)
2025-08-21T21:03:51.5716667Z Requirement already satisfied: python-dotenv>=0.21.0 in /opt/hostedtoolcache/Python/3.12.11/x64/lib/python3.12/site-packages (from pydantic-settings==2.2.1->-r services/repricer/requirements.txt (line 2)) (1.1.1)
2025-08-21T21:03:51.5727907Z Requirement already satisfied: requests in /opt/hostedtoolcache/Python/3.12.11/x64/lib/python3.12/site-packages (from python-amazon-sp-api==0.8.0->-r services/repricer/requirements.txt (line 3)) (2.32.5)
2025-08-21T21:03:51.5734793Z Requirement already satisfied: six<2,>=1.15 in /opt/hostedtoolcache/Python/3.12.11/x64/lib/python3.12/site-packages (from python-amazon-sp-api==0.8.0->-r services/repricer/requirements.txt (line 3)) (1.17.0)
2025-08-21T21:03:51.5742329Z Requirement already satisfied: boto3<2,>=1.16.39 in /opt/hostedtoolcache/Python/3.12.11/x64/lib/python3.12/site-packages (from python-amazon-sp-api==0.8.0->-r services/repricer/requirements.txt (line 3)) (1.34.162)
2025-08-21T21:03:51.5748481Z Requirement already satisfied: cachetools~=4.2.0 in /opt/hostedtoolcache/Python/3.12.11/x64/lib/python3.12/site-packages (from python-amazon-sp-api==0.8.0->-r services/repricer/requirements.txt (line 3)) (4.2.4)
2025-08-21T21:03:51.5752978Z Requirement already satisfied: pycryptodome in /opt/hostedtoolcache/Python/3.12.11/x64/lib/python3.12/site-packages (from python-amazon-sp-api==0.8.0->-r services/repricer/requirements.txt (line 3)) (3.23.0)
2025-08-21T21:03:51.5757528Z Requirement already satisfied: pytz in /opt/hostedtoolcache/Python/3.12.11/x64/lib/python3.12/site-packages (from python-amazon-sp-api==0.8.0->-r services/repricer/requirements.txt (line 3)) (2025.2)
2025-08-21T21:03:51.5765199Z Requirement already satisfied: confuse~=1.4.0 in /opt/hostedtoolcache/Python/3.12.11/x64/lib/python3.12/site-packages (from python-amazon-sp-api==0.8.0->-r services/repricer/requirements.txt (line 3)) (1.4.0)
2025-08-21T21:03:51.5781821Z Requirement already satisfied: starlette<0.38.0,>=0.37.2 in /opt/hostedtoolcache/Python/3.12.11/x64/lib/python3.12/site-packages (from fastapi==0.111.0->-r services/repricer/requirements.txt (line 4)) (0.37.2)
2025-08-21T21:03:51.5793331Z Requirement already satisfied: typing-extensions>=4.8.0 in /opt/hostedtoolcache/Python/3.12.11/x64/lib/python3.12/site-packages (from fastapi==0.111.0->-r services/repricer/requirements.txt (line 4)) (4.14.1)
2025-08-21T21:03:51.5799172Z Requirement already satisfied: fastapi-cli>=0.0.2 in /opt/hostedtoolcache/Python/3.12.11/x64/lib/python3.12/site-packages (from fastapi==0.111.0->-r services/repricer/requirements.txt (line 4)) (0.0.8)
2025-08-21T21:03:51.5805104Z Requirement already satisfied: httpx>=0.23.0 in /opt/hostedtoolcache/Python/3.12.11/x64/lib/python3.12/site-packages (from fastapi==0.111.0->-r services/repricer/requirements.txt (line 4)) (0.27.2)
2025-08-21T21:03:51.5811501Z Requirement already satisfied: jinja2>=2.11.2 in /opt/hostedtoolcache/Python/3.12.11/x64/lib/python3.12/site-packages (from fastapi==0.111.0->-r services/repricer/requirements.txt (line 4)) (3.1.5)
2025-08-21T21:03:51.5817416Z Requirement already satisfied: python-multipart>=0.0.7 in /opt/hostedtoolcache/Python/3.12.11/x64/lib/python3.12/site-packages (from fastapi==0.111.0->-r services/repricer/requirements.txt (line 4)) (0.0.20)
2025-08-21T21:03:51.5826895Z Requirement already satisfied: ujson!=4.0.2,!=4.1.0,!=4.2.0,!=4.3.0,!=5.0.0,!=5.1.0,>=4.0.1 in /opt/hostedtoolcache/Python/3.12.11/x64/lib/python3.12/site-packages (from fastapi==0.111.0->-r services/repricer/requirements.txt (line 4)) (5.11.0)
2025-08-21T21:03:51.5832784Z Requirement already satisfied: orjson>=3.2.1 in /opt/hostedtoolcache/Python/3.12.11/x64/lib/python3.12/site-packages (from fastapi==0.111.0->-r services/repricer/requirements.txt (line 4)) (3.11.2)
2025-08-21T21:03:51.5838576Z Requirement already satisfied: email_validator>=2.0.0 in /opt/hostedtoolcache/Python/3.12.11/x64/lib/python3.12/site-packages (from fastapi==0.111.0->-r services/repricer/requirements.txt (line 4)) (2.2.0)
2025-08-21T21:03:51.5886775Z Requirement already satisfied: greenlet!=0.4.17 in /opt/hostedtoolcache/Python/3.12.11/x64/lib/python3.12/site-packages (from sqlalchemy==2.0.29->-r services/repricer/requirements.txt (line 5)) (3.2.4)
2025-08-21T21:03:51.5932560Z Requirement already satisfied: botocore<1.35.0,>=1.34.162 in /opt/hostedtoolcache/Python/3.12.11/x64/lib/python3.12/site-packages (from boto3<2,>=1.16.39->python-amazon-sp-api==0.8.0->-r services/repricer/requirements.txt (line 3)) (1.34.162)
2025-08-21T21:03:51.5940208Z Requirement already satisfied: jmespath<2.0.0,>=0.7.1 in /opt/hostedtoolcache/Python/3.12.11/x64/lib/python3.12/site-packages (from boto3<2,>=1.16.39->python-amazon-sp-api==0.8.0->-r services/repricer/requirements.txt (line 3)) (1.0.1)
2025-08-21T21:03:51.5948122Z Requirement already satisfied: s3transfer<0.11.0,>=0.10.0 in /opt/hostedtoolcache/Python/3.12.11/x64/lib/python3.12/site-packages (from boto3<2,>=1.16.39->python-amazon-sp-api==0.8.0->-r services/repricer/requirements.txt (line 3)) (0.10.4)
2025-08-21T21:03:51.5967268Z Requirement already satisfied: python-dateutil<3.0.0,>=2.1 in /opt/hostedtoolcache/Python/3.12.11/x64/lib/python3.12/site-packages (from botocore<1.35.0,>=1.34.162->boto3<2,>=1.16.39->python-amazon-sp-api==0.8.0->-r services/repricer/requirements.txt (line 3)) (2.9.0.post0)
2025-08-21T21:03:51.5981409Z Requirement already satisfied: urllib3!=2.2.0,<3,>=1.25.4 in /opt/hostedtoolcache/Python/3.12.11/x64/lib/python3.12/site-packages (from botocore<1.35.0,>=1.34.162->boto3<2,>=1.16.39->python-amazon-sp-api==0.8.0->-r services/repricer/requirements.txt (line 3)) (2.5.0)
2025-08-21T21:03:51.6001721Z Requirement already satisfied: pyyaml in /opt/hostedtoolcache/Python/3.12.11/x64/lib/python3.12/site-packages (from confuse~=1.4.0->python-amazon-sp-api==0.8.0->-r services/repricer/requirements.txt (line 3)) (6.0.2)
2025-08-21T21:03:51.6037067Z Requirement already satisfied: annotated-types>=0.6.0 in /opt/hostedtoolcache/Python/3.12.11/x64/lib/python3.12/site-packages (from pydantic>=2.3.0->pydantic-settings==2.2.1->-r services/repricer/requirements.txt (line 2)) (0.7.0)
2025-08-21T21:03:51.6043417Z Requirement already satisfied: pydantic-core==2.33.2 in /opt/hostedtoolcache/Python/3.12.11/x64/lib/python3.12/site-packages (from pydantic>=2.3.0->pydantic-settings==2.2.1->-r services/repricer/requirements.txt (line 2)) (2.33.2)
2025-08-21T21:03:51.6051901Z Requirement already satisfied: typing-inspection>=0.4.0 in /opt/hostedtoolcache/Python/3.12.11/x64/lib/python3.12/site-packages (from pydantic>=2.3.0->pydantic-settings==2.2.1->-r services/repricer/requirements.txt (line 2)) (0.4.1)
2025-08-21T21:03:51.6113868Z Requirement already satisfied: anyio<5,>=3.4.0 in /opt/hostedtoolcache/Python/3.12.11/x64/lib/python3.12/site-packages (from starlette<0.38.0,>=0.37.2->fastapi==0.111.0->-r services/repricer/requirements.txt (line 4)) (4.10.0)
2025-08-21T21:03:51.6134982Z Requirement already satisfied: idna>=2.8 in /opt/hostedtoolcache/Python/3.12.11/x64/lib/python3.12/site-packages (from anyio<5,>=3.4.0->starlette<0.38.0,>=0.37.2->fastapi==0.111.0->-r services/repricer/requirements.txt (line 4)) (3.10)
2025-08-21T21:03:51.6141166Z Requirement already satisfied: sniffio>=1.1 in /opt/hostedtoolcache/Python/3.12.11/x64/lib/python3.12/site-packages (from anyio<5,>=3.4.0->starlette<0.38.0,>=0.37.2->fastapi==0.111.0->-r services/repricer/requirements.txt (line 4)) (1.3.1)
2025-08-21T21:03:51.6198561Z Requirement already satisfied: dnspython>=2.0.0 in /opt/hostedtoolcache/Python/3.12.11/x64/lib/python3.12/site-packages (from email_validator>=2.0.0->fastapi==0.111.0->-r services/repricer/requirements.txt (line 4)) (2.7.0)
2025-08-21T21:03:51.6248094Z Requirement already satisfied: typer>=0.15.1 in /opt/hostedtoolcache/Python/3.12.11/x64/lib/python3.12/site-packages (from fastapi-cli>=0.0.2->fastapi==0.111.0->-r services/repricer/requirements.txt (line 4)) (0.16.1)
2025-08-21T21:03:51.6259835Z Requirement already satisfied: rich-toolkit>=0.14.8 in /opt/hostedtoolcache/Python/3.12.11/x64/lib/python3.12/site-packages (from fastapi-cli>=0.0.2->fastapi==0.111.0->-r services/repricer/requirements.txt (line 4)) (0.15.0)
2025-08-21T21:03:51.6301800Z Requirement already satisfied: certifi in /opt/hostedtoolcache/Python/3.12.11/x64/lib/python3.12/site-packages (from httpx>=0.23.0->fastapi==0.111.0->-r services/repricer/requirements.txt (line 4)) (2025.8.3)
2025-08-21T21:03:51.6307863Z Requirement already satisfied: httpcore==1.* in /opt/hostedtoolcache/Python/3.12.11/x64/lib/python3.12/site-packages (from httpx>=0.23.0->fastapi==0.111.0->-r services/repricer/requirements.txt (line 4)) (1.0.9)
2025-08-21T21:03:51.6365844Z Requirement already satisfied: MarkupSafe>=2.0 in /opt/hostedtoolcache/Python/3.12.11/x64/lib/python3.12/site-packages (from jinja2>=2.11.2->fastapi==0.111.0->-r services/repricer/requirements.txt (line 4)) (3.0.2)
2025-08-21T21:03:51.6424274Z Requirement already satisfied: rich>=13.7.1 in /opt/hostedtoolcache/Python/3.12.11/x64/lib/python3.12/site-packages (from rich-toolkit>=0.14.8->fastapi-cli>=0.0.2->fastapi==0.111.0->-r services/repricer/requirements.txt (line 4)) (14.1.0)
2025-08-21T21:03:51.6448115Z Requirement already satisfied: markdown-it-py>=2.2.0 in /opt/hostedtoolcache/Python/3.12.11/x64/lib/python3.12/site-packages (from rich>=13.7.1->rich-toolkit>=0.14.8->fastapi-cli>=0.0.2->fastapi==0.111.0->-r services/repricer/requirements.txt (line 4)) (4.0.0)
2025-08-21T21:03:51.6456559Z Requirement already satisfied: pygments<3.0.0,>=2.13.0 in /opt/hostedtoolcache/Python/3.12.11/x64/lib/python3.12/site-packages (from rich>=13.7.1->rich-toolkit>=0.14.8->fastapi-cli>=0.0.2->fastapi==0.111.0->-r services/repricer/requirements.txt (line 4)) (2.19.2)
2025-08-21T21:03:51.6485005Z Requirement already satisfied: mdurl~=0.1 in /opt/hostedtoolcache/Python/3.12.11/x64/lib/python3.12/site-packages (from markdown-it-py>=2.2.0->rich>=13.7.1->rich-toolkit>=0.14.8->fastapi-cli>=0.0.2->fastapi==0.111.0->-r services/repricer/requirements.txt (line 4)) (0.1.2)
2025-08-21T21:03:51.6550969Z Requirement already satisfied: shellingham>=1.3.0 in /opt/hostedtoolcache/Python/3.12.11/x64/lib/python3.12/site-packages (from typer>=0.15.1->fastapi-cli>=0.0.2->fastapi==0.111.0->-r services/repricer/requirements.txt (line 4)) (1.5.4)
2025-08-21T21:03:51.6623959Z Requirement already satisfied: httptools>=0.5.0 in /opt/hostedtoolcache/Python/3.12.11/x64/lib/python3.12/site-packages (from uvicorn[standard]>=0.12.0->fastapi==0.111.0->-r services/repricer/requirements.txt (line 4)) (0.6.4)
2025-08-21T21:03:51.6640977Z Requirement already satisfied: uvloop!=0.15.0,!=0.15.1,>=0.14.0 in /opt/hostedtoolcache/Python/3.12.11/x64/lib/python3.12/site-packages (from uvicorn[standard]>=0.12.0->fastapi==0.111.0->-r services/repricer/requirements.txt (line 4)) (0.21.0)
2025-08-21T21:03:51.6649837Z Requirement already satisfied: watchfiles>=0.13 in /opt/hostedtoolcache/Python/3.12.11/x64/lib/python3.12/site-packages (from uvicorn[standard]>=0.12.0->fastapi==0.111.0->-r services/repricer/requirements.txt (line 4)) (1.1.0)
2025-08-21T21:03:51.6658139Z Requirement already satisfied: websockets>=10.4 in /opt/hostedtoolcache/Python/3.12.11/x64/lib/python3.12/site-packages (from uvicorn[standard]>=0.12.0->fastapi==0.111.0->-r services/repricer/requirements.txt (line 4)) (15.0.1)
2025-08-21T21:03:51.6789030Z Requirement already satisfied: charset_normalizer<4,>=2 in /opt/hostedtoolcache/Python/3.12.11/x64/lib/python3.12/site-packages (from requests->python-amazon-sp-api==0.8.0->-r services/repricer/requirements.txt (line 3)) (3.4.3)
2025-08-21T21:03:52.3154170Z Collecting celery==5.4.* (from celery[redis]==5.4.*->-r services/fees_h10/requirements.txt (line 1))
2025-08-21T21:03:52.3170611Z   Using cached celery-5.4.0-py3-none-any.whl.metadata (21 kB)
2025-08-21T21:03:52.3383766Z Requirement already satisfied: asyncpg in /opt/hostedtoolcache/Python/3.12.11/x64/lib/python3.12/site-packages (from -r services/fees_h10/requirements.txt (line 2)) (0.29.0)
2025-08-21T21:03:52.3387597Z Requirement already satisfied: httpx in /opt/hostedtoolcache/Python/3.12.11/x64/lib/python3.12/site-packages (from -r services/fees_h10/requirements.txt (line 3)) (0.27.2)
2025-08-21T21:03:52.3392055Z Requirement already satisfied: sqlalchemy in /opt/hostedtoolcache/Python/3.12.11/x64/lib/python3.12/site-packages (from -r services/fees_h10/requirements.txt (line 4)) (2.0.29)
2025-08-21T21:03:52.3406113Z Requirement already satisfied: billiard<5.0,>=4.2.0 in /opt/hostedtoolcache/Python/3.12.11/x64/lib/python3.12/site-packages (from celery==5.4.*->celery[redis]==5.4.*->-r services/fees_h10/requirements.txt (line 1)) (4.2.1)
2025-08-21T21:03:52.3412809Z Requirement already satisfied: kombu<6.0,>=5.3.4 in /opt/hostedtoolcache/Python/3.12.11/x64/lib/python3.12/site-packages (from celery==5.4.*->celery[redis]==5.4.*->-r services/fees_h10/requirements.txt (line 1)) (5.5.4)
2025-08-21T21:03:52.3419456Z Requirement already satisfied: vine<6.0,>=5.1.0 in /opt/hostedtoolcache/Python/3.12.11/x64/lib/python3.12/site-packages (from celery==5.4.*->celery[redis]==5.4.*->-r services/fees_h10/requirements.txt (line 1)) (5.1.0)
2025-08-21T21:03:52.3426153Z Requirement already satisfied: click<9.0,>=8.1.2 in /opt/hostedtoolcache/Python/3.12.11/x64/lib/python3.12/site-packages (from celery==5.4.*->celery[redis]==5.4.*->-r services/fees_h10/requirements.txt (line 1)) (8.2.1)
2025-08-21T21:03:52.3432018Z Requirement already satisfied: click-didyoumean>=0.3.0 in /opt/hostedtoolcache/Python/3.12.11/x64/lib/python3.12/site-packages (from celery==5.4.*->celery[redis]==5.4.*->-r services/fees_h10/requirements.txt (line 1)) (0.3.1)
2025-08-21T21:03:52.3438036Z Requirement already satisfied: click-repl>=0.2.0 in /opt/hostedtoolcache/Python/3.12.11/x64/lib/python3.12/site-packages (from celery==5.4.*->celery[redis]==5.4.*->-r services/fees_h10/requirements.txt (line 1)) (0.3.0)
2025-08-21T21:03:52.3444210Z Requirement already satisfied: click-plugins>=1.1.1 in /opt/hostedtoolcache/Python/3.12.11/x64/lib/python3.12/site-packages (from celery==5.4.*->celery[redis]==5.4.*->-r services/fees_h10/requirements.txt (line 1)) (1.1.1.2)
2025-08-21T21:03:52.3450177Z Requirement already satisfied: tzdata>=2022.7 in /opt/hostedtoolcache/Python/3.12.11/x64/lib/python3.12/site-packages (from celery==5.4.*->celery[redis]==5.4.*->-r services/fees_h10/requirements.txt (line 1)) (2025.2)
2025-08-21T21:03:52.3456458Z Requirement already satisfied: python-dateutil>=2.8.2 in /opt/hostedtoolcache/Python/3.12.11/x64/lib/python3.12/site-packages (from celery==5.4.*->celery[redis]==5.4.*->-r services/fees_h10/requirements.txt (line 1)) (2.9.0.post0)
2025-08-21T21:03:52.3498293Z Requirement already satisfied: redis!=4.5.5,<6.0.0,>=4.5.2 in /opt/hostedtoolcache/Python/3.12.11/x64/lib/python3.12/site-packages (from celery[redis]==5.4.*->-r services/fees_h10/requirements.txt (line 1)) (5.0.8)
2025-08-21T21:03:52.3521461Z Requirement already satisfied: amqp<6.0.0,>=5.1.1 in /opt/hostedtoolcache/Python/3.12.11/x64/lib/python3.12/site-packages (from kombu<6.0,>=5.3.4->celery==5.4.*->celery[redis]==5.4.*->-r services/fees_h10/requirements.txt (line 1)) (5.3.1)
2025-08-21T21:03:52.3533515Z Requirement already satisfied: packaging in /opt/hostedtoolcache/Python/3.12.11/x64/lib/python3.12/site-packages (from kombu<6.0,>=5.3.4->celery==5.4.*->celery[redis]==5.4.*->-r services/fees_h10/requirements.txt (line 1)) (25.0)
2025-08-21T21:03:52.3618567Z Requirement already satisfied: anyio in /opt/hostedtoolcache/Python/3.12.11/x64/lib/python3.12/site-packages (from httpx->-r services/fees_h10/requirements.txt (line 3)) (4.10.0)
2025-08-21T21:03:52.3623781Z Requirement already satisfied: certifi in /opt/hostedtoolcache/Python/3.12.11/x64/lib/python3.12/site-packages (from httpx->-r services/fees_h10/requirements.txt (line 3)) (2025.8.3)
2025-08-21T21:03:52.3629404Z Requirement already satisfied: httpcore==1.* in /opt/hostedtoolcache/Python/3.12.11/x64/lib/python3.12/site-packages (from httpx->-r services/fees_h10/requirements.txt (line 3)) (1.0.9)
2025-08-21T21:03:52.3634367Z Requirement already satisfied: idna in /opt/hostedtoolcache/Python/3.12.11/x64/lib/python3.12/site-packages (from httpx->-r services/fees_h10/requirements.txt (line 3)) (3.10)
2025-08-21T21:03:52.3638859Z Requirement already satisfied: sniffio in /opt/hostedtoolcache/Python/3.12.11/x64/lib/python3.12/site-packages (from httpx->-r services/fees_h10/requirements.txt (line 3)) (1.3.1)
2025-08-21T21:03:52.3666490Z Requirement already satisfied: h11>=0.16 in /opt/hostedtoolcache/Python/3.12.11/x64/lib/python3.12/site-packages (from httpcore==1.*->httpx->-r services/fees_h10/requirements.txt (line 3)) (0.16.0)
2025-08-21T21:03:52.3686305Z Requirement already satisfied: typing-extensions>=4.6.0 in /opt/hostedtoolcache/Python/3.12.11/x64/lib/python3.12/site-packages (from sqlalchemy->-r services/fees_h10/requirements.txt (line 4)) (4.14.1)
2025-08-21T21:03:52.3701209Z Requirement already satisfied: greenlet!=0.4.17 in /opt/hostedtoolcache/Python/3.12.11/x64/lib/python3.12/site-packages (from sqlalchemy->-r services/fees_h10/requirements.txt (line 4)) (3.2.4)
2025-08-21T21:03:52.3774096Z Requirement already satisfied: prompt-toolkit>=3.0.36 in /opt/hostedtoolcache/Python/3.12.11/x64/lib/python3.12/site-packages (from click-repl>=0.2.0->celery==5.4.*->celery[redis]==5.4.*->-r services/fees_h10/requirements.txt (line 1)) (3.0.51)
2025-08-21T21:03:52.3812577Z Requirement already satisfied: wcwidth in /opt/hostedtoolcache/Python/3.12.11/x64/lib/python3.12/site-packages (from prompt-toolkit>=3.0.36->click-repl>=0.2.0->celery==5.4.*->celery[redis]==5.4.*->-r services/fees_h10/requirements.txt (line 1)) (0.2.13)
2025-08-21T21:03:52.3828020Z Requirement already satisfied: six>=1.5 in /opt/hostedtoolcache/Python/3.12.11/x64/lib/python3.12/site-packages (from python-dateutil>=2.8.2->celery==5.4.*->celery[redis]==5.4.*->-r services/fees_h10/requirements.txt (line 1)) (1.17.0)
2025-08-21T21:03:52.3945832Z Using cached celery-5.4.0-py3-none-any.whl (425 kB)
2025-08-21T21:03:52.5274155Z Installing collected packages: celery
2025-08-21T21:03:52.5275189Z   Attempting uninstall: celery
2025-08-21T21:03:52.5322358Z     Found existing installation: celery 5.3.6
2025-08-21T21:03:52.5470737Z     Uninstalling celery-5.3.6:
2025-08-21T21:03:52.5499518Z       Successfully uninstalled celery-5.3.6
2025-08-21T21:03:52.8816685Z Successfully installed celery-5.4.0
2025-08-21T21:03:53.4057245Z Collecting python-telegram-bot==20.8 (from -r services/alert_bot/requirements.txt (line 1))
2025-08-21T21:03:53.4071206Z   Using cached python_telegram_bot-20.8-py3-none-any.whl.metadata (15 kB)
2025-08-21T21:03:53.4269772Z Collecting APScheduler==3.10.4 (from -r services/alert_bot/requirements.txt (line 2))
2025-08-21T21:03:53.4281965Z   Using cached APScheduler-3.10.4-py3-none-any.whl.metadata (5.7 kB)
2025-08-21T21:03:53.4325780Z Requirement already satisfied: asyncpg in /opt/hostedtoolcache/Python/3.12.11/x64/lib/python3.12/site-packages (from -r services/alert_bot/requirements.txt (line 3)) (0.29.0)
2025-08-21T21:03:53.4498735Z Collecting httpx~=0.26.0 (from python-telegram-bot==20.8->-r services/alert_bot/requirements.txt (line 1))
2025-08-21T21:03:53.4510789Z   Using cached httpx-0.26.0-py3-none-any.whl.metadata (7.6 kB)
2025-08-21T21:03:53.4551818Z Requirement already satisfied: six>=1.4.0 in /opt/hostedtoolcache/Python/3.12.11/x64/lib/python3.12/site-packages (from APScheduler==3.10.4->-r services/alert_bot/requirements.txt (line 2)) (1.17.0)
2025-08-21T21:03:53.4555636Z Requirement already satisfied: pytz in /opt/hostedtoolcache/Python/3.12.11/x64/lib/python3.12/site-packages (from APScheduler==3.10.4->-r services/alert_bot/requirements.txt (line 2)) (2025.2)
2025-08-21T21:03:53.4690563Z Collecting tzlocal!=3.*,>=2.0 (from APScheduler==3.10.4->-r services/alert_bot/requirements.txt (line 2))
2025-08-21T21:03:53.4701523Z   Using cached tzlocal-5.3.1-py3-none-any.whl.metadata (7.6 kB)
2025-08-21T21:03:53.4733128Z Requirement already satisfied: anyio in /opt/hostedtoolcache/Python/3.12.11/x64/lib/python3.12/site-packages (from httpx~=0.26.0->python-telegram-bot==20.8->-r services/alert_bot/requirements.txt (line 1)) (4.10.0)
2025-08-21T21:03:53.4737001Z Requirement already satisfied: certifi in /opt/hostedtoolcache/Python/3.12.11/x64/lib/python3.12/site-packages (from httpx~=0.26.0->python-telegram-bot==20.8->-r services/alert_bot/requirements.txt (line 1)) (2025.8.3)
2025-08-21T21:03:53.4741769Z Requirement already satisfied: httpcore==1.* in /opt/hostedtoolcache/Python/3.12.11/x64/lib/python3.12/site-packages (from httpx~=0.26.0->python-telegram-bot==20.8->-r services/alert_bot/requirements.txt (line 1)) (1.0.9)
2025-08-21T21:03:53.4745469Z Requirement already satisfied: idna in /opt/hostedtoolcache/Python/3.12.11/x64/lib/python3.12/site-packages (from httpx~=0.26.0->python-telegram-bot==20.8->-r services/alert_bot/requirements.txt (line 1)) (3.10)
2025-08-21T21:03:53.4748587Z Requirement already satisfied: sniffio in /opt/hostedtoolcache/Python/3.12.11/x64/lib/python3.12/site-packages (from httpx~=0.26.0->python-telegram-bot==20.8->-r services/alert_bot/requirements.txt (line 1)) (1.3.1)
2025-08-21T21:03:53.4763574Z Requirement already satisfied: h11>=0.16 in /opt/hostedtoolcache/Python/3.12.11/x64/lib/python3.12/site-packages (from httpcore==1.*->httpx~=0.26.0->python-telegram-bot==20.8->-r services/alert_bot/requirements.txt (line 1)) (0.16.0)
2025-08-21T21:03:53.4813426Z Requirement already satisfied: typing_extensions>=4.5 in /opt/hostedtoolcache/Python/3.12.11/x64/lib/python3.12/site-packages (from anyio->httpx~=0.26.0->python-telegram-bot==20.8->-r services/alert_bot/requirements.txt (line 1)) (4.14.1)
2025-08-21T21:03:53.4864211Z Using cached python_telegram_bot-20.8-py3-none-any.whl (604 kB)
2025-08-21T21:03:53.4880904Z Using cached APScheduler-3.10.4-py3-none-any.whl (59 kB)
2025-08-21T21:03:53.4892104Z Using cached httpx-0.26.0-py3-none-any.whl (75 kB)
2025-08-21T21:03:53.4903283Z Using cached tzlocal-5.3.1-py3-none-any.whl (18 kB)
2025-08-21T21:03:53.6387172Z Installing collected packages: tzlocal, httpx, APScheduler, python-telegram-bot
2025-08-21T21:03:53.6508950Z   Attempting uninstall: httpx
2025-08-21T21:03:53.6541335Z     Found existing installation: httpx 0.27.2
2025-08-21T21:03:53.6579958Z     Uninstalling httpx-0.27.2:
2025-08-21T21:03:53.6592764Z       Successfully uninstalled httpx-0.27.2
2025-08-21T21:03:54.0821149Z 
2025-08-21T21:03:54.0906203Z Successfully installed APScheduler-3.10.4 httpx-0.26.0 python-telegram-bot-20.8 tzlocal-5.3.1
2025-08-21T21:03:54.6093959Z Collecting Jinja2==3.1.6 (from -r requirements-dev.txt (line 2))
2025-08-21T21:03:54.6109213Z   Using cached jinja2-3.1.6-py3-none-any.whl.metadata (2.9 kB)
2025-08-21T21:03:54.6319096Z Collecting alembic==1.16.4 (from -r requirements-dev.txt (line 3))
2025-08-21T21:03:54.6333140Z   Using cached alembic-1.16.4-py3-none-any.whl.metadata (7.3 kB)
2025-08-21T21:03:54.6358345Z Requirement already satisfied: apscheduler==3.10.4 in /opt/hostedtoolcache/Python/3.12.11/x64/lib/python3.12/site-packages (from -r requirements-dev.txt (line 4)) (3.10.4)
2025-08-21T21:03:54.6363915Z Requirement already satisfied: asgi-correlation-id==4.3.1 in /opt/hostedtoolcache/Python/3.12.11/x64/lib/python3.12/site-packages (from -r requirements-dev.txt (line 5)) (4.3.1)
2025-08-21T21:03:54.6730057Z Collecting asyncpg==0.30.0 (from -r requirements-dev.txt (line 6))
2025-08-21T21:03:54.6744924Z   Using cached asyncpg-0.30.0-cp312-cp312-manylinux_2_17_x86_64.manylinux2014_x86_64.whl.metadata (5.0 kB)
2025-08-21T21:03:54.7167826Z Collecting black==25.1.0 (from -r requirements-dev.txt (line 7))
2025-08-21T21:03:54.7181495Z   Using cached black-25.1.0-cp312-cp312-manylinux_2_17_x86_64.manylinux2014_x86_64.manylinux_2_28_x86_64.whl.metadata (81 kB)
2025-08-21T21:03:54.7269660Z Requirement already satisfied: boto3 in /opt/hostedtoolcache/Python/3.12.11/x64/lib/python3.12/site-packages (from -r requirements-dev.txt (line 8)) (1.34.162)
2025-08-21T21:03:54.7651863Z Collecting redis==6.* (from -r requirements-dev.txt (line 9))
2025-08-21T21:03:54.7665038Z   Using cached redis-6.4.0-py3-none-any.whl.metadata (10 kB)
2025-08-21T21:03:54.7697810Z Requirement already satisfied: minio==7.* in /opt/hostedtoolcache/Python/3.12.11/x64/lib/python3.12/site-packages (from -r requirements-dev.txt (line 10)) (7.1.15)
2025-08-21T21:03:54.7819089Z Collecting vulture==2.10 (from -r requirements-dev.txt (line 11))
2025-08-21T21:03:54.7831823Z   Using cached vulture-2.10-py2.py3-none-any.whl.metadata (23 kB)
2025-08-21T21:03:54.8128909Z Collecting celery==5.5.3 (from -r requirements-dev.txt (line 12))
2025-08-21T21:03:54.8141898Z   Using cached celery-5.5.3-py3-none-any.whl.metadata (22 kB)
2025-08-21T21:03:54.8715173Z Collecting fastapi==0.116.1 (from -r requirements-dev.txt (line 13))
2025-08-21T21:03:54.8728789Z   Using cached fastapi-0.116.1-py3-none-any.whl.metadata (28 kB)
2025-08-21T21:03:54.8803606Z Requirement already satisfied: fastapi-limiter==0.1.6 in /opt/hostedtoolcache/Python/3.12.11/x64/lib/python3.12/site-packages (from -r requirements-dev.txt (line 15)) (0.1.6)
2025-08-21T21:03:54.8961780Z Collecting httpx<0.29,>=0.27 (from -r requirements-dev.txt (line 16))
2025-08-21T21:03:54.8974539Z   Using cached httpx-0.28.1-py3-none-any.whl.metadata (7.1 kB)
2025-08-21T21:03:54.9090805Z Collecting imapclient==3.0.1 (from -r requirements-dev.txt (line 17))
2025-08-21T21:03:54.9103050Z   Using cached IMAPClient-3.0.1-py2.py3-none-any.whl.metadata (1.7 kB)
2025-08-21T21:03:54.9192359Z Collecting itsdangerous (from -r requirements-dev.txt (line 18))
2025-08-21T21:03:54.9204582Z   Using cached itsdangerous-2.2.0-py3-none-any.whl.metadata (1.9 kB)
2025-08-21T21:03:55.0177138Z Collecting mypy==1.* (from -r requirements-dev.txt (line 19))
2025-08-21T21:03:55.0192291Z   Using cached mypy-1.17.1-cp312-cp312-manylinux2014_x86_64.manylinux_2_17_x86_64.manylinux_2_28_x86_64.whl.metadata (2.2 kB)
2025-08-21T21:03:55.0222341Z Requirement already satisfied: mypy-extensions==1.1.0 in /opt/hostedtoolcache/Python/3.12.11/x64/lib/python3.12/site-packages (from -r requirements-dev.txt (line 20)) (1.1.0)
2025-08-21T21:03:55.0227534Z Requirement already satisfied: numpy<2 in /opt/hostedtoolcache/Python/3.12.11/x64/lib/python3.12/site-packages (from -r requirements-dev.txt (line 21)) (1.26.4)
2025-08-21T21:03:55.0232514Z Requirement already satisfied: openpyxl==3.1.5 in /opt/hostedtoolcache/Python/3.12.11/x64/lib/python3.12/site-packages (from -r requirements-dev.txt (line 22)) (3.1.5)
2025-08-21T21:03:55.0237417Z Requirement already satisfied: pandas==2.2.* in /opt/hostedtoolcache/Python/3.12.11/x64/lib/python3.12/site-packages (from -r requirements-dev.txt (line 23)) (2.2.3)
2025-08-21T21:03:55.0242471Z Requirement already satisfied: psycopg2-binary==2.9.10 in /opt/hostedtoolcache/Python/3.12.11/x64/lib/python3.12/site-packages (from -r requirements-dev.txt (line 24)) (2.9.10)
2025-08-21T21:03:55.0248229Z Requirement already satisfied: psycopg==3.2.9 in /opt/hostedtoolcache/Python/3.12.11/x64/lib/python3.12/site-packages (from psycopg[binary]==3.2.9->-r requirements-dev.txt (line 25)) (3.2.9)
2025-08-21T21:03:55.0253122Z Requirement already satisfied: pydantic==2.11.7 in /opt/hostedtoolcache/Python/3.12.11/x64/lib/python3.12/site-packages (from -r requirements-dev.txt (line 26)) (2.11.7)
2025-08-21T21:03:55.1510026Z Collecting setuptools (from -r requirements-dev.txt (line 27))
2025-08-21T21:03:55.1524092Z   Using cached setuptools-80.9.0-py3-none-any.whl.metadata (6.6 kB)
2025-08-21T21:03:55.1809062Z Collecting pytest-asyncio==1.1.0 (from -r requirements-dev.txt (line 28))
2025-08-21T21:03:55.1821783Z   Using cached pytest_asyncio-1.1.0-py3-none-any.whl.metadata (4.1 kB)
2025-08-21T21:03:55.1956522Z Collecting pytest-cov==6.2.1 (from -r requirements-dev.txt (line 29))
2025-08-21T21:03:55.1968328Z   Using cached pytest_cov-6.2.1-py3-none-any.whl.metadata (30 kB)
2025-08-21T21:03:55.2128175Z Collecting pytest-postgresql==7.0.2 (from -r requirements-dev.txt (line 30))
2025-08-21T21:03:55.2139315Z   Using cached pytest_postgresql-7.0.2-py3-none-any.whl.metadata (18 kB)
2025-08-21T21:03:55.2170114Z Requirement already satisfied: python-dotenv in /opt/hostedtoolcache/Python/3.12.11/x64/lib/python3.12/site-packages (from -r requirements-dev.txt (line 31)) (1.1.1)
2025-08-21T21:03:55.2174045Z Requirement already satisfied: python-multipart in /opt/hostedtoolcache/Python/3.12.11/x64/lib/python3.12/site-packages (from -r requirements-dev.txt (line 32)) (0.0.20)
2025-08-21T21:03:55.2433713Z Collecting python-telegram-bot==22.3 (from -r requirements-dev.txt (line 33))
2025-08-21T21:03:55.2445674Z   Using cached python_telegram_bot-22.3-py3-none-any.whl.metadata (17 kB)
2025-08-21T21:03:55.2726211Z Collecting requests==2.32.4 (from -r requirements-dev.txt (line 34))
2025-08-21T21:03:55.2739200Z   Using cached requests-2.32.4-py3-none-any.whl.metadata (4.9 kB)
2025-08-21T21:03:55.2892282Z Collecting respx==0.22.0 (from -r requirements-dev.txt (line 35))
2025-08-21T21:03:55.2905114Z   Using cached respx-0.22.0-py2.py3-none-any.whl.metadata (4.1 kB)
2025-08-21T21:03:55.6601584Z Collecting ruff==0.9.9 (from -r requirements-dev.txt (line 36))
2025-08-21T21:03:55.6615513Z   Using cached ruff-0.9.9-py3-none-manylinux_2_17_x86_64.manylinux2014_x86_64.whl.metadata (25 kB)
2025-08-21T21:03:55.9127258Z Collecting sqlalchemy==2.0.43 (from -r requirements-dev.txt (line 37))
2025-08-21T21:03:55.9141375Z   Using cached sqlalchemy-2.0.43-cp312-cp312-manylinux_2_17_x86_64.manylinux2014_x86_64.whl.metadata (9.6 kB)
2025-08-21T21:03:55.9245620Z Requirement already satisfied: structlog==24.1.0 in /opt/hostedtoolcache/Python/3.12.11/x64/lib/python3.12/site-packages (from -r requirements-dev.txt (line 38)) (24.1.0)
2025-08-21T21:03:55.9391570Z Collecting testcontainers==4.12.0 (from testcontainers[postgres]==4.12.0->-r requirements-dev.txt (line 39))
2025-08-21T21:03:55.9404043Z   Using cached testcontainers-4.12.0-py3-none-any.whl.metadata (8.3 kB)
2025-08-21T21:03:55.9770159Z Collecting types-requests==2.32.4.20250809 (from -r requirements-dev.txt (line 40))
2025-08-21T21:03:55.9784566Z   Using cached types_requests-2.32.4.20250809-py3-none-any.whl.metadata (2.0 kB)
2025-08-21T21:03:55.9899504Z Collecting docspec-python==2.2.2 (from -r requirements-dev.txt (line 41))
2025-08-21T21:03:55.9912228Z   Using cached docspec_python-2.2.2-py3-none-any.whl.metadata (1.0 kB)
2025-08-21T21:03:56.0089899Z Collecting pydoc-markdown==4.8.2 (from -r requirements-dev.txt (line 42))
2025-08-21T21:03:56.0102431Z   Using cached pydoc_markdown-4.8.2-py3-none-any.whl.metadata (5.9 kB)
2025-08-21T21:03:56.0135582Z Requirement already satisfied: pandera==0.19.* in /opt/hostedtoolcache/Python/3.12.11/x64/lib/python3.12/site-packages (from -r requirements-dev.txt (line 43)) (0.19.3)
2025-08-21T21:03:56.0155096Z Requirement already satisfied: MarkupSafe>=2.0 in /opt/hostedtoolcache/Python/3.12.11/x64/lib/python3.12/site-packages (from Jinja2==3.1.6->-r requirements-dev.txt (line 2)) (3.0.2)
2025-08-21T21:03:56.0261742Z Requirement already satisfied: Mako in /opt/hostedtoolcache/Python/3.12.11/x64/lib/python3.12/site-packages (from alembic==1.16.4->-r requirements-dev.txt (line 3)) (1.3.10)
2025-08-21T21:03:56.0266402Z Requirement already satisfied: typing-extensions>=4.12 in /opt/hostedtoolcache/Python/3.12.11/x64/lib/python3.12/site-packages (from alembic==1.16.4->-r requirements-dev.txt (line 3)) (4.14.1)
2025-08-21T21:03:56.0284392Z Requirement already satisfied: six>=1.4.0 in /opt/hostedtoolcache/Python/3.12.11/x64/lib/python3.12/site-packages (from apscheduler==3.10.4->-r requirements-dev.txt (line 4)) (1.17.0)
2025-08-21T21:03:56.0289181Z Requirement already satisfied: pytz in /opt/hostedtoolcache/Python/3.12.11/x64/lib/python3.12/site-packages (from apscheduler==3.10.4->-r requirements-dev.txt (line 4)) (2025.2)
2025-08-21T21:03:56.0297109Z Requirement already satisfied: tzlocal!=3.*,>=2.0 in /opt/hostedtoolcache/Python/3.12.11/x64/lib/python3.12/site-packages (from apscheduler==3.10.4->-r requirements-dev.txt (line 4)) (5.3.1)
2025-08-21T21:03:56.0338816Z Requirement already satisfied: starlette>=0.18 in /opt/hostedtoolcache/Python/3.12.11/x64/lib/python3.12/site-packages (from asgi-correlation-id==4.3.1->-r requirements-dev.txt (line 5)) (0.37.2)
2025-08-21T21:03:56.0361077Z Requirement already satisfied: click>=8.0.0 in /opt/hostedtoolcache/Python/3.12.11/x64/lib/python3.12/site-packages (from black==25.1.0->-r requirements-dev.txt (line 7)) (8.2.1)
2025-08-21T21:03:56.0366944Z Requirement already satisfied: packaging>=22.0 in /opt/hostedtoolcache/Python/3.12.11/x64/lib/python3.12/site-packages (from black==25.1.0->-r requirements-dev.txt (line 7)) (25.0)
2025-08-21T21:03:56.0456329Z Collecting pathspec>=0.9.0 (from black==25.1.0->-r requirements-dev.txt (line 7))
2025-08-21T21:03:56.0468720Z   Using cached pathspec-0.12.1-py3-none-any.whl.metadata (21 kB)
2025-08-21T21:03:56.0644340Z Collecting platformdirs>=2 (from black==25.1.0->-r requirements-dev.txt (line 7))
2025-08-21T21:03:56.0657783Z   Using cached platformdirs-4.3.8-py3-none-any.whl.metadata (12 kB)
2025-08-21T21:03:56.0771117Z Collecting toml (from vulture==2.10->-r requirements-dev.txt (line 11))
2025-08-21T21:03:56.0783342Z   Using cached toml-0.10.2-py2.py3-none-any.whl.metadata (7.1 kB)
2025-08-21T21:03:56.0814204Z Requirement already satisfied: billiard<5.0,>=4.2.1 in /opt/hostedtoolcache/Python/3.12.11/x64/lib/python3.12/site-packages (from celery==5.5.3->-r requirements-dev.txt (line 12)) (4.2.1)
2025-08-21T21:03:56.0819418Z Requirement already satisfied: kombu<5.6,>=5.5.2 in /opt/hostedtoolcache/Python/3.12.11/x64/lib/python3.12/site-packages (from celery==5.5.3->-r requirements-dev.txt (line 12)) (5.5.4)
2025-08-21T21:03:56.0824958Z Requirement already satisfied: vine<6.0,>=5.1.0 in /opt/hostedtoolcache/Python/3.12.11/x64/lib/python3.12/site-packages (from celery==5.5.3->-r requirements-dev.txt (line 12)) (5.1.0)
2025-08-21T21:03:56.0831338Z Requirement already satisfied: click-didyoumean>=0.3.0 in /opt/hostedtoolcache/Python/3.12.11/x64/lib/python3.12/site-packages (from celery==5.5.3->-r requirements-dev.txt (line 12)) (0.3.1)
2025-08-21T21:03:56.0836278Z Requirement already satisfied: click-repl>=0.2.0 in /opt/hostedtoolcache/Python/3.12.11/x64/lib/python3.12/site-packages (from celery==5.5.3->-r requirements-dev.txt (line 12)) (0.3.0)
2025-08-21T21:03:56.0841517Z Requirement already satisfied: click-plugins>=1.1.1 in /opt/hostedtoolcache/Python/3.12.11/x64/lib/python3.12/site-packages (from celery==5.5.3->-r requirements-dev.txt (line 12)) (1.1.1.2)
2025-08-21T21:03:56.0847115Z Requirement already satisfied: python-dateutil>=2.8.2 in /opt/hostedtoolcache/Python/3.12.11/x64/lib/python3.12/site-packages (from celery==5.5.3->-r requirements-dev.txt (line 12)) (2.9.0.post0)
2025-08-21T21:03:56.1137356Z Collecting starlette>=0.18 (from asgi-correlation-id==4.3.1->-r requirements-dev.txt (line 5))
2025-08-21T21:03:56.1151074Z   Using cached starlette-0.47.2-py3-none-any.whl.metadata (6.2 kB)
2025-08-21T21:03:56.1204177Z Requirement already satisfied: annotated-types>=0.6.0 in /opt/hostedtoolcache/Python/3.12.11/x64/lib/python3.12/site-packages (from pydantic==2.11.7->-r requirements-dev.txt (line 26)) (0.7.0)
2025-08-21T21:03:56.1210547Z Requirement already satisfied: pydantic-core==2.33.2 in /opt/hostedtoolcache/Python/3.12.11/x64/lib/python3.12/site-packages (from pydantic==2.11.7->-r requirements-dev.txt (line 26)) (2.33.2)
2025-08-21T21:03:56.1219499Z Requirement already satisfied: typing-inspection>=0.4.0 in /opt/hostedtoolcache/Python/3.12.11/x64/lib/python3.12/site-packages (from pydantic==2.11.7->-r requirements-dev.txt (line 26)) (0.4.1)
2025-08-21T21:03:56.1387932Z Requirement already satisfied: et-xmlfile in /opt/hostedtoolcache/Python/3.12.11/x64/lib/python3.12/site-packages (from openpyxl==3.1.5->-r requirements-dev.txt (line 22)) (2.0.0)
2025-08-21T21:03:56.1755432Z Collecting pytest<9,>=8.2 (from pytest-asyncio==1.1.0->-r requirements-dev.txt (line 28))
2025-08-21T21:03:56.1769639Z   Using cached pytest-8.4.1-py3-none-any.whl.metadata (7.7 kB)
2025-08-21T21:03:56.5292171Z Collecting coverage>=7.5 (from coverage[toml]>=7.5->pytest-cov==6.2.1->-r requirements-dev.txt (line 29))
2025-08-21T21:03:56.5305400Z   Using cached coverage-7.10.4-cp312-cp312-manylinux1_x86_64.manylinux_2_28_x86_64.manylinux_2_5_x86_64.whl.metadata (8.9 kB)
2025-08-21T21:03:56.5426154Z Collecting pluggy>=1.2 (from pytest-cov==6.2.1->-r requirements-dev.txt (line 29))
2025-08-21T21:03:56.5437547Z   Using cached pluggy-1.6.0-py3-none-any.whl.metadata (4.8 kB)
2025-08-21T21:03:56.5659380Z Collecting port-for>=0.7.3 (from pytest-postgresql==7.0.2->-r requirements-dev.txt (line 30))
2025-08-21T21:03:56.5670735Z   Using cached port_for-0.7.4-py3-none-any.whl.metadata (7.1 kB)
2025-08-21T21:03:56.5802243Z Collecting mirakuru>=2.6.0 (from pytest-postgresql==7.0.2->-r requirements-dev.txt (line 30))
2025-08-21T21:03:56.5814989Z   Using cached mirakuru-2.6.1-py3-none-any.whl.metadata (10 kB)
2025-08-21T21:03:56.5870685Z Requirement already satisfied: charset_normalizer<4,>=2 in /opt/hostedtoolcache/Python/3.12.11/x64/lib/python3.12/site-packages (from requests==2.32.4->-r requirements-dev.txt (line 34)) (3.4.3)
2025-08-21T21:03:56.5875439Z Requirement already satisfied: idna<4,>=2.5 in /opt/hostedtoolcache/Python/3.12.11/x64/lib/python3.12/site-packages (from requests==2.32.4->-r requirements-dev.txt (line 34)) (3.10)
2025-08-21T21:03:56.5881095Z Requirement already satisfied: urllib3<3,>=1.21.1 in /opt/hostedtoolcache/Python/3.12.11/x64/lib/python3.12/site-packages (from requests==2.32.4->-r requirements-dev.txt (line 34)) (2.5.0)
2025-08-21T21:03:56.5885602Z Requirement already satisfied: certifi>=2017.4.17 in /opt/hostedtoolcache/Python/3.12.11/x64/lib/python3.12/site-packages (from requests==2.32.4->-r requirements-dev.txt (line 34)) (2025.8.3)
2025-08-21T21:03:56.5972204Z Requirement already satisfied: greenlet>=1 in /opt/hostedtoolcache/Python/3.12.11/x64/lib/python3.12/site-packages (from sqlalchemy==2.0.43->-r requirements-dev.txt (line 37)) (3.2.4)
2025-08-21T21:03:56.6177301Z Collecting docker (from testcontainers==4.12.0->testcontainers[postgres]==4.12.0->-r requirements-dev.txt (line 39))
2025-08-21T21:03:56.6189796Z   Using cached docker-7.1.0-py3-none-any.whl.metadata (3.8 kB)
2025-08-21T21:03:56.6231884Z Requirement already satisfied: wrapt in /opt/hostedtoolcache/Python/3.12.11/x64/lib/python3.12/site-packages (from testcontainers==4.12.0->testcontainers[postgres]==4.12.0->-r requirements-dev.txt (line 39)) (1.17.3)
2025-08-21T21:03:56.6459923Z Collecting docspec==2.2.1 (from docspec-python==2.2.2->-r requirements-dev.txt (line 41))
2025-08-21T21:03:56.6472952Z   Using cached docspec-2.2.1-py3-none-any.whl.metadata (1.5 kB)
2025-08-21T21:03:56.6615421Z Collecting nr-util>=0.8.12 (from docspec-python==2.2.2->-r requirements-dev.txt (line 41))
2025-08-21T21:03:56.6627380Z   Using cached nr.util-0.8.12-py3-none-any.whl.metadata (813 bytes)
2025-08-21T21:03:56.6661740Z Requirement already satisfied: PyYAML<7.0,>=5.0 in /opt/hostedtoolcache/Python/3.12.11/x64/lib/python3.12/site-packages (from pydoc-markdown==4.8.2->-r requirements-dev.txt (line 42)) (6.0.2)
2025-08-21T21:03:56.6860625Z Collecting databind.core<5.0.0,>=4.4.0 (from pydoc-markdown==4.8.2->-r requirements-dev.txt (line 42))
2025-08-21T21:03:56.6873031Z   Using cached databind.core-4.5.2-py3-none-any.whl.metadata (1.1 kB)
2025-08-21T21:03:56.7063036Z Collecting databind.json<5.0.0,>=4.4.0 (from pydoc-markdown==4.8.2->-r requirements-dev.txt (line 42))
2025-08-21T21:03:56.7075526Z   Using cached databind.json-4.5.2-py3-none-any.whl.metadata (1.1 kB)
2025-08-21T21:03:56.7195707Z Collecting docstring-parser<0.12,>=0.11 (from pydoc-markdown==4.8.2->-r requirements-dev.txt (line 42))
2025-08-21T21:03:56.7197065Z   Using cached docstring_parser-0.11-py3-none-any.whl
2025-08-21T21:03:56.7507154Z Collecting tomli<3.0.0,>=2.0.0 (from pydoc-markdown==4.8.2->-r requirements-dev.txt (line 42))
2025-08-21T21:03:56.7519255Z   Using cached tomli-2.2.1-cp312-cp312-manylinux_2_17_x86_64.manylinux2014_x86_64.whl.metadata (11 kB)
2025-08-21T21:03:56.7609098Z Collecting tomli_w<2.0.0,>=1.0.0 (from pydoc-markdown==4.8.2->-r requirements-dev.txt (line 42))
2025-08-21T21:03:56.7621047Z   Using cached tomli_w-1.2.0-py3-none-any.whl.metadata (5.7 kB)
2025-08-21T21:03:56.8046881Z Collecting watchdog (from pydoc-markdown==4.8.2->-r requirements-dev.txt (line 42))
2025-08-21T21:03:56.8060525Z   Using cached watchdog-6.0.0-py3-none-manylinux2014_x86_64.whl.metadata (44 kB)
2025-08-21T21:03:56.8261809Z Collecting yapf>=0.30.0 (from pydoc-markdown==4.8.2->-r requirements-dev.txt (line 42))
2025-08-21T21:03:56.8274122Z   Using cached yapf-0.43.0-py3-none-any.whl.metadata (46 kB)
2025-08-21T21:03:56.8476518Z Collecting Deprecated<2.0.0,>=1.2.12 (from docspec==2.2.1->docspec-python==2.2.2->-r requirements-dev.txt (line 41))
2025-08-21T21:03:56.8489077Z   Using cached Deprecated-1.2.18-py2.py3-none-any.whl.metadata (5.7 kB)
2025-08-21T21:03:56.8633151Z Requirement already satisfied: psycopg-binary==3.2.9 in /opt/hostedtoolcache/Python/3.12.11/x64/lib/python3.12/site-packages (from psycopg[binary]==3.2.9->-r requirements-dev.txt (line 25)) (3.2.9)
2025-08-21T21:03:56.8734343Z Requirement already satisfied: anyio in /opt/hostedtoolcache/Python/3.12.11/x64/lib/python3.12/site-packages (from httpx<0.29,>=0.27->-r requirements-dev.txt (line 16)) (4.10.0)
2025-08-21T21:03:56.8740820Z Requirement already satisfied: httpcore==1.* in /opt/hostedtoolcache/Python/3.12.11/x64/lib/python3.12/site-packages (from httpx<0.29,>=0.27->-r requirements-dev.txt (line 16)) (1.0.9)
2025-08-21T21:03:56.8859882Z Requirement already satisfied: tzdata>=2022.7 in /opt/hostedtoolcache/Python/3.12.11/x64/lib/python3.12/site-packages (from pandas==2.2.*->-r requirements-dev.txt (line 23)) (2025.2)
2025-08-21T21:03:56.8967445Z Requirement already satisfied: multimethod<=1.10.0 in /opt/hostedtoolcache/Python/3.12.11/x64/lib/python3.12/site-packages (from pandera==0.19.*->-r requirements-dev.txt (line 43)) (1.10)
2025-08-21T21:03:56.8982131Z Requirement already satisfied: typeguard in /opt/hostedtoolcache/Python/3.12.11/x64/lib/python3.12/site-packages (from pandera==0.19.*->-r requirements-dev.txt (line 43)) (4.4.4)
2025-08-21T21:03:56.8995493Z Requirement already satisfied: typing-inspect>=0.6.0 in /opt/hostedtoolcache/Python/3.12.11/x64/lib/python3.12/site-packages (from pandera==0.19.*->-r requirements-dev.txt (line 43)) (0.9.0)
2025-08-21T21:03:56.9249197Z Collecting databind<5.0.0,>=4.5.2 (from databind.core<5.0.0,>=4.4.0->pydoc-markdown==4.8.2->-r requirements-dev.txt (line 42))
2025-08-21T21:03:56.9261753Z   Using cached databind-4.5.2-py3-none-any.whl.metadata (4.3 kB)
2025-08-21T21:03:56.9363059Z Collecting nr-date<3.0.0,>=2.0.0 (from databind<5.0.0,>=4.5.2->databind.core<5.0.0,>=4.4.0->pydoc-markdown==4.8.2->-r requirements-dev.txt (line 42))
2025-08-21T21:03:56.9374646Z   Using cached nr_date-2.1.0-py3-none-any.whl.metadata (746 bytes)
2025-08-21T21:03:56.9492832Z Collecting nr-stream<2.0.0,>=1.0.0 (from databind<5.0.0,>=4.5.2->databind.core<5.0.0,>=4.4.0->pydoc-markdown==4.8.2->-r requirements-dev.txt (line 42))
2025-08-21T21:03:56.9504750Z   Using cached nr_stream-1.1.5-py3-none-any.whl.metadata (3.6 kB)
2025-08-21T21:03:56.9713492Z Collecting typeapi<3,>=2.0.1 (from databind<5.0.0,>=4.5.2->databind.core<5.0.0,>=4.4.0->pydoc-markdown==4.8.2->-r requirements-dev.txt (line 42))
2025-08-21T21:03:56.9724903Z   Using cached typeapi-2.2.4-py3-none-any.whl.metadata (1.5 kB)
2025-08-21T21:03:56.9826709Z Requirement already satisfied: h11>=0.16 in /opt/hostedtoolcache/Python/3.12.11/x64/lib/python3.12/site-packages (from httpcore==1.*->httpx<0.29,>=0.27->-r requirements-dev.txt (line 16)) (0.16.0)
2025-08-21T21:03:56.9868473Z Requirement already satisfied: amqp<6.0.0,>=5.1.1 in /opt/hostedtoolcache/Python/3.12.11/x64/lib/python3.12/site-packages (from kombu<5.6,>=5.5.2->celery==5.5.3->-r requirements-dev.txt (line 12)) (5.3.1)
2025-08-21T21:03:57.0120736Z Collecting iniconfig>=1 (from pytest<9,>=8.2->pytest-asyncio==1.1.0->-r requirements-dev.txt (line 28))
2025-08-21T21:03:57.0132311Z   Using cached iniconfig-2.1.0-py3-none-any.whl.metadata (2.7 kB)
2025-08-21T21:03:57.0170163Z Requirement already satisfied: pygments>=2.7.2 in /opt/hostedtoolcache/Python/3.12.11/x64/lib/python3.12/site-packages (from pytest<9,>=8.2->pytest-asyncio==1.1.0->-r requirements-dev.txt (line 28)) (2.19.2)
2025-08-21T21:03:57.0257405Z Requirement already satisfied: sniffio>=1.1 in /opt/hostedtoolcache/Python/3.12.11/x64/lib/python3.12/site-packages (from anyio->httpx<0.29,>=0.27->-r requirements-dev.txt (line 16)) (1.3.1)
2025-08-21T21:03:57.0406537Z Requirement already satisfied: botocore<1.35.0,>=1.34.162 in /opt/hostedtoolcache/Python/3.12.11/x64/lib/python3.12/site-packages (from boto3->-r requirements-dev.txt (line 8)) (1.34.162)
2025-08-21T21:03:57.0413030Z Requirement already satisfied: jmespath<2.0.0,>=0.7.1 in /opt/hostedtoolcache/Python/3.12.11/x64/lib/python3.12/site-packages (from boto3->-r requirements-dev.txt (line 8)) (1.0.1)
2025-08-21T21:03:57.0419442Z Requirement already satisfied: s3transfer<0.11.0,>=0.10.0 in /opt/hostedtoolcache/Python/3.12.11/x64/lib/python3.12/site-packages (from boto3->-r requirements-dev.txt (line 8)) (0.10.4)
2025-08-21T21:03:57.0547239Z Requirement already satisfied: fastapi-cli>=0.0.8 in /opt/hostedtoolcache/Python/3.12.11/x64/lib/python3.12/site-packages (from fastapi-cli[standard]>=0.0.8; extra == "all"->fastapi[all]->-r requirements-dev.txt (line 14)) (0.0.8)
2025-08-21T21:03:57.0658841Z Requirement already satisfied: ujson!=4.0.2,!=4.1.0,!=4.2.0,!=4.3.0,!=5.0.0,!=5.1.0,>=4.0.1 in /opt/hostedtoolcache/Python/3.12.11/x64/lib/python3.12/site-packages (from fastapi[all]->-r requirements-dev.txt (line 14)) (5.11.0)
2025-08-21T21:03:57.0664908Z Requirement already satisfied: orjson>=3.2.1 in /opt/hostedtoolcache/Python/3.12.11/x64/lib/python3.12/site-packages (from fastapi[all]->-r requirements-dev.txt (line 14)) (3.11.2)
2025-08-21T21:03:57.0671598Z Requirement already satisfied: email-validator>=2.0.0 in /opt/hostedtoolcache/Python/3.12.11/x64/lib/python3.12/site-packages (from fastapi[all]->-r requirements-dev.txt (line 14)) (2.2.0)
2025-08-21T21:03:57.0679391Z Requirement already satisfied: uvicorn>=0.12.0 in /opt/hostedtoolcache/Python/3.12.11/x64/lib/python3.12/site-packages (from uvicorn[standard]>=0.12.0; extra == "all"->fastapi[all]->-r requirements-dev.txt (line 14)) (0.29.0)
2025-08-21T21:03:57.0687608Z Requirement already satisfied: pydantic-settings>=2.0.0 in /opt/hostedtoolcache/Python/3.12.11/x64/lib/python3.12/site-packages (from fastapi[all]->-r requirements-dev.txt (line 14)) (2.2.1)
2025-08-21T21:03:57.0822236Z Collecting pydantic-extra-types>=2.0.0 (from fastapi[all]->-r requirements-dev.txt (line 14))
2025-08-21T21:03:57.0834368Z   Using cached pydantic_extra_types-2.10.5-py3-none-any.whl.metadata (3.9 kB)
2025-08-21T21:03:57.1095243Z Requirement already satisfied: prompt-toolkit>=3.0.36 in /opt/hostedtoolcache/Python/3.12.11/x64/lib/python3.12/site-packages (from click-repl>=0.2.0->celery==5.5.3->-r requirements-dev.txt (line 12)) (3.0.51)
2025-08-21T21:03:57.1169502Z Requirement already satisfied: dnspython>=2.0.0 in /opt/hostedtoolcache/Python/3.12.11/x64/lib/python3.12/site-packages (from email-validator>=2.0.0->fastapi[all]->-r requirements-dev.txt (line 14)) (2.7.0)
2025-08-21T21:03:57.1241424Z Requirement already satisfied: typer>=0.15.1 in /opt/hostedtoolcache/Python/3.12.11/x64/lib/python3.12/site-packages (from fastapi-cli>=0.0.8->fastapi-cli[standard]>=0.0.8; extra == "all"->fastapi[all]->-r requirements-dev.txt (line 14)) (0.16.1)
2025-08-21T21:03:57.1251647Z Requirement already satisfied: rich-toolkit>=0.14.8 in /opt/hostedtoolcache/Python/3.12.11/x64/lib/python3.12/site-packages (from fastapi-cli>=0.0.8->fastapi-cli[standard]>=0.0.8; extra == "all"->fastapi[all]->-r requirements-dev.txt (line 14)) (0.15.0)
2025-08-21T21:03:57.1361728Z Collecting fastapi-cloud-cli>=0.1.1 (from fastapi-cli[standard]>=0.0.8; extra == "all"->fastapi[all]->-r requirements-dev.txt (line 14))
2025-08-21T21:03:57.1373899Z   Using cached fastapi_cloud_cli-0.1.5-py3-none-any.whl.metadata (3.2 kB)
2025-08-21T21:03:57.2094259Z Collecting rignore>=0.5.1 (from fastapi-cloud-cli>=0.1.1->fastapi-cli[standard]>=0.0.8; extra == "all"->fastapi[all]->-r requirements-dev.txt (line 14))
2025-08-21T21:03:57.2108387Z   Using cached rignore-0.6.4-cp312-cp312-manylinux_2_17_x86_64.manylinux2014_x86_64.whl.metadata (3.8 kB)
2025-08-21T21:03:57.2616104Z Collecting sentry-sdk>=2.20.0 (from fastapi-cloud-cli>=0.1.1->fastapi-cli[standard]>=0.0.8; extra == "all"->fastapi[all]->-r requirements-dev.txt (line 14))
2025-08-21T21:03:57.2630784Z   Using cached sentry_sdk-2.35.0-py2.py3-none-any.whl.metadata (10 kB)
2025-08-21T21:03:57.4118409Z Collecting psutil>=4.0.0 (from mirakuru>=2.6.0->pytest-postgresql==7.0.2->-r requirements-dev.txt (line 30))
2025-08-21T21:03:57.4133145Z   Using cached psutil-7.0.0-cp36-abi3-manylinux_2_12_x86_64.manylinux2010_x86_64.manylinux_2_17_x86_64.manylinux2014_x86_64.whl.metadata (22 kB)
2025-08-21T21:03:57.4329738Z Requirement already satisfied: wcwidth in /opt/hostedtoolcache/Python/3.12.11/x64/lib/python3.12/site-packages (from prompt-toolkit>=3.0.36->click-repl>=0.2.0->celery==5.5.3->-r requirements-dev.txt (line 12)) (0.2.13)
2025-08-21T21:03:57.4532724Z Requirement already satisfied: rich>=13.7.1 in /opt/hostedtoolcache/Python/3.12.11/x64/lib/python3.12/site-packages (from rich-toolkit>=0.14.8->fastapi-cli>=0.0.8->fastapi-cli[standard]>=0.0.8; extra == "all"->fastapi[all]->-r requirements-dev.txt (line 14)) (14.1.0)
2025-08-21T21:03:57.4571850Z Requirement already satisfied: markdown-it-py>=2.2.0 in /opt/hostedtoolcache/Python/3.12.11/x64/lib/python3.12/site-packages (from rich>=13.7.1->rich-toolkit>=0.14.8->fastapi-cli>=0.0.8->fastapi-cli[standard]>=0.0.8; extra == "all"->fastapi[all]->-r requirements-dev.txt (line 14)) (4.0.0)
2025-08-21T21:03:57.4607763Z Requirement already satisfied: mdurl~=0.1 in /opt/hostedtoolcache/Python/3.12.11/x64/lib/python3.12/site-packages (from markdown-it-py>=2.2.0->rich>=13.7.1->rich-toolkit>=0.14.8->fastapi-cli>=0.0.8->fastapi-cli[standard]>=0.0.8; extra == "all"->fastapi[all]->-r requirements-dev.txt (line 14)) (0.1.2)
2025-08-21T21:03:57.4807198Z Requirement already satisfied: shellingham>=1.3.0 in /opt/hostedtoolcache/Python/3.12.11/x64/lib/python3.12/site-packages (from typer>=0.15.1->fastapi-cli>=0.0.8->fastapi-cli[standard]>=0.0.8; extra == "all"->fastapi[all]->-r requirements-dev.txt (line 14)) (1.5.4)
2025-08-21T21:03:57.5046753Z Requirement already satisfied: httptools>=0.5.0 in /opt/hostedtoolcache/Python/3.12.11/x64/lib/python3.12/site-packages (from uvicorn[standard]>=0.12.0; extra == "all"->fastapi[all]->-r requirements-dev.txt (line 14)) (0.6.4)
2025-08-21T21:03:57.5065363Z Requirement already satisfied: uvloop!=0.15.0,!=0.15.1,>=0.14.0 in /opt/hostedtoolcache/Python/3.12.11/x64/lib/python3.12/site-packages (from uvicorn[standard]>=0.12.0; extra == "all"->fastapi[all]->-r requirements-dev.txt (line 14)) (0.21.0)
2025-08-21T21:03:57.5073865Z Requirement already satisfied: watchfiles>=0.13 in /opt/hostedtoolcache/Python/3.12.11/x64/lib/python3.12/site-packages (from uvicorn[standard]>=0.12.0; extra == "all"->fastapi[all]->-r requirements-dev.txt (line 14)) (1.1.0)
2025-08-21T21:03:57.5081931Z Requirement already satisfied: websockets>=10.4 in /opt/hostedtoolcache/Python/3.12.11/x64/lib/python3.12/site-packages (from uvicorn[standard]>=0.12.0; extra == "all"->fastapi[all]->-r requirements-dev.txt (line 14)) (15.0.1)
2025-08-21T21:03:57.5648990Z Using cached jinja2-3.1.6-py3-none-any.whl (134 kB)
2025-08-21T21:03:57.5662598Z Using cached alembic-1.16.4-py3-none-any.whl (247 kB)
2025-08-21T21:03:57.5677002Z Using cached asyncpg-0.30.0-cp312-cp312-manylinux_2_17_x86_64.manylinux2014_x86_64.whl (3.6 MB)
2025-08-21T21:03:57.5717503Z Using cached black-25.1.0-cp312-cp312-manylinux_2_17_x86_64.manylinux2014_x86_64.manylinux_2_28_x86_64.whl (1.8 MB)
2025-08-21T21:03:57.5742367Z Using cached vulture-2.10-py2.py3-none-any.whl (27 kB)
2025-08-21T21:03:57.5753873Z Using cached celery-5.5.3-py3-none-any.whl (438 kB)
2025-08-21T21:03:57.5768285Z Using cached fastapi-0.116.1-py3-none-any.whl (95 kB)
2025-08-21T21:03:57.5780168Z Using cached IMAPClient-3.0.1-py2.py3-none-any.whl (182 kB)
2025-08-21T21:03:57.5792876Z Using cached pytest_asyncio-1.1.0-py3-none-any.whl (15 kB)
2025-08-21T21:03:57.5804087Z Using cached pytest_cov-6.2.1-py3-none-any.whl (24 kB)
2025-08-21T21:03:57.5815504Z Using cached pytest_postgresql-7.0.2-py3-none-any.whl (41 kB)
2025-08-21T21:03:57.5826939Z Using cached python_telegram_bot-22.3-py3-none-any.whl (717 kB)
2025-08-21T21:03:57.5843352Z Using cached requests-2.32.4-py3-none-any.whl (64 kB)
2025-08-21T21:03:57.5854756Z Using cached respx-0.22.0-py2.py3-none-any.whl (25 kB)
2025-08-21T21:03:57.5866579Z Using cached ruff-0.9.9-py3-none-manylinux_2_17_x86_64.manylinux2014_x86_64.whl (11.2 MB)
2025-08-21T21:03:57.5964904Z Using cached sqlalchemy-2.0.43-cp312-cp312-manylinux_2_17_x86_64.manylinux2014_x86_64.whl (3.3 MB)
2025-08-21T21:03:57.6000800Z Using cached testcontainers-4.12.0-py3-none-any.whl (111 kB)
2025-08-21T21:03:57.6013254Z Using cached types_requests-2.32.4.20250809-py3-none-any.whl (20 kB)
2025-08-21T21:03:57.6024794Z Using cached docspec_python-2.2.2-py3-none-any.whl (15 kB)
2025-08-21T21:03:57.6036288Z Using cached pydoc_markdown-4.8.2-py3-none-any.whl (67 kB)
2025-08-21T21:03:57.6047728Z Using cached docspec-2.2.1-py3-none-any.whl (9.8 kB)
2025-08-21T21:03:57.6059049Z Using cached redis-6.4.0-py3-none-any.whl (279 kB)
2025-08-21T21:03:57.6072762Z Using cached httpx-0.28.1-py3-none-any.whl (73 kB)
2025-08-21T21:03:57.6085094Z Using cached mypy-1.17.1-cp312-cp312-manylinux2014_x86_64.manylinux_2_17_x86_64.manylinux_2_28_x86_64.whl (12.7 MB)
2025-08-21T21:03:57.6198706Z Using cached databind.core-4.5.2-py3-none-any.whl (1.5 kB)
2025-08-21T21:03:57.6214878Z Using cached databind-4.5.2-py3-none-any.whl (49 kB)
2025-08-21T21:03:57.6231093Z Using cached databind.json-4.5.2-py3-none-any.whl (1.5 kB)
2025-08-21T21:03:57.6244152Z Using cached Deprecated-1.2.18-py2.py3-none-any.whl (10.0 kB)
2025-08-21T21:03:57.6255001Z Using cached nr_date-2.1.0-py3-none-any.whl (10 kB)
2025-08-21T21:03:57.6266122Z Using cached nr_stream-1.1.5-py3-none-any.whl (10 kB)
2025-08-21T21:03:57.6277200Z Using cached nr.util-0.8.12-py3-none-any.whl (90 kB)
2025-08-21T21:03:57.6288677Z Using cached pytest-8.4.1-py3-none-any.whl (365 kB)
2025-08-21T21:03:57.6302440Z Using cached pluggy-1.6.0-py3-none-any.whl (20 kB)
2025-08-21T21:03:57.6313402Z Using cached starlette-0.47.2-py3-none-any.whl (72 kB)
2025-08-21T21:03:57.6325043Z Using cached tomli-2.2.1-cp312-cp312-manylinux_2_17_x86_64.manylinux2014_x86_64.whl (242 kB)
2025-08-21T21:03:57.6337406Z Using cached tomli_w-1.2.0-py3-none-any.whl (6.7 kB)
2025-08-21T21:03:57.6348142Z Using cached typeapi-2.2.4-py3-none-any.whl (26 kB)
2025-08-21T21:03:57.6359031Z Using cached itsdangerous-2.2.0-py3-none-any.whl (16 kB)
2025-08-21T21:03:57.6369799Z Using cached setuptools-80.9.0-py3-none-any.whl (1.2 MB)
2025-08-21T21:03:57.6390473Z Using cached coverage-7.10.4-cp312-cp312-manylinux1_x86_64.manylinux_2_28_x86_64.manylinux_2_5_x86_64.whl (251 kB)
2025-08-21T21:03:57.6402940Z Using cached fastapi_cloud_cli-0.1.5-py3-none-any.whl (18 kB)
2025-08-21T21:03:57.6413709Z Using cached iniconfig-2.1.0-py3-none-any.whl (6.0 kB)
2025-08-21T21:03:57.6424656Z Using cached mirakuru-2.6.1-py3-none-any.whl (26 kB)
2025-08-21T21:03:57.6435674Z Using cached pathspec-0.12.1-py3-none-any.whl (31 kB)
2025-08-21T21:03:57.6446731Z Using cached platformdirs-4.3.8-py3-none-any.whl (18 kB)
2025-08-21T21:03:57.6457441Z Using cached port_for-0.7.4-py3-none-any.whl (21 kB)
2025-08-21T21:03:57.6469101Z Using cached psutil-7.0.0-cp36-abi3-manylinux_2_12_x86_64.manylinux2010_x86_64.manylinux_2_17_x86_64.manylinux2014_x86_64.whl (277 kB)
2025-08-21T21:03:57.6482207Z Using cached pydantic_extra_types-2.10.5-py3-none-any.whl (38 kB)
2025-08-21T21:03:57.6493751Z Using cached rignore-0.6.4-cp312-cp312-manylinux_2_17_x86_64.manylinux2014_x86_64.whl (949 kB)
2025-08-21T21:03:57.6511382Z Using cached sentry_sdk-2.35.0-py2.py3-none-any.whl (363 kB)
2025-08-21T21:03:57.6524630Z Using cached yapf-0.43.0-py3-none-any.whl (256 kB)
2025-08-21T21:03:57.6537357Z Using cached docker-7.1.0-py3-none-any.whl (147 kB)
2025-08-21T21:03:57.6549309Z Using cached toml-0.10.2-py2.py3-none-any.whl (16 kB)
2025-08-21T21:03:57.6560669Z Using cached watchdog-6.0.0-py3-none-manylinux2014_x86_64.whl (79 kB)
2025-08-21T21:03:57.9289980Z Installing collected packages: watchdog, types-requests, typeapi, tomli_w, tomli, toml, sqlalchemy, setuptools, sentry-sdk, ruff, rignore, requests, redis, psutil, port-for, pluggy, platformdirs, pathspec, nr-stream, nr-date, Jinja2, itsdangerous, iniconfig, imapclient, docstring-parser, Deprecated, coverage, asyncpg, yapf, vulture, starlette, pytest, nr-util, mypy, mirakuru, httpx, docker, databind, black, alembic, testcontainers, respx, python-telegram-bot, pytest-postgresql, pytest-cov, pytest-asyncio, pydantic-extra-types, fastapi, databind.json, databind.core, celery, fastapi-cloud-cli, docspec, docspec-python, pydoc-markdown
2025-08-21T21:03:58.0442819Z   Attempting uninstall: sqlalchemy
2025-08-21T21:03:58.0475340Z     Found existing installation: SQLAlchemy 2.0.29
2025-08-21T21:03:58.0697108Z     Uninstalling SQLAlchemy-2.0.29:
2025-08-21T21:03:58.0732222Z       Successfully uninstalled SQLAlchemy-2.0.29
2025-08-21T21:03:59.9635836Z   Attempting uninstall: sentry-sdk
2025-08-21T21:03:59.9669419Z     Found existing installation: sentry-sdk 2.9.0
2025-08-21T21:03:59.9797147Z     Uninstalling sentry-sdk-2.9.0:
2025-08-21T21:03:59.9819274Z       Successfully uninstalled sentry-sdk-2.9.0
2025-08-21T21:04:00.4131513Z   Attempting uninstall: requests
2025-08-21T21:04:00.4177678Z     Found existing installation: requests 2.32.5
2025-08-21T21:04:00.4207841Z     Uninstalling requests-2.32.5:
2025-08-21T21:04:00.4216782Z       Successfully uninstalled requests-2.32.5
2025-08-21T21:04:00.4598127Z   Attempting uninstall: redis
2025-08-21T21:04:00.4631929Z     Found existing installation: redis 5.0.8
2025-08-21T21:04:00.4705704Z     Uninstalling redis-5.0.8:
2025-08-21T21:04:00.4721198Z       Successfully uninstalled redis-5.0.8
2025-08-21T21:04:00.9383920Z   Attempting uninstall: Jinja2
2025-08-21T21:04:00.9433470Z     Found existing installation: Jinja2 3.1.5
2025-08-21T21:04:00.9467752Z     Uninstalling Jinja2-3.1.5:
2025-08-21T21:04:00.9477570Z       Successfully uninstalled Jinja2-3.1.5
2025-08-21T21:04:01.2931500Z   Attempting uninstall: asyncpg
2025-08-21T21:04:01.2985426Z     Found existing installation: asyncpg 0.29.0
2025-08-21T21:04:01.3034523Z     Uninstalling asyncpg-0.29.0:
2025-08-21T21:04:01.3048463Z       Successfully uninstalled asyncpg-0.29.0
2025-08-21T21:04:01.6124905Z   Attempting uninstall: starlette
2025-08-21T21:04:01.6177308Z     Found existing installation: starlette 0.37.2
2025-08-21T21:04:01.6220924Z     Uninstalling starlette-0.37.2:
2025-08-21T21:04:01.6232301Z       Successfully uninstalled starlette-0.37.2
2025-08-21T21:04:03.4263367Z   Attempting uninstall: httpx
2025-08-21T21:04:03.4314365Z     Found existing installation: httpx 0.26.0
2025-08-21T21:04:03.4350612Z     Uninstalling httpx-0.26.0:
2025-08-21T21:04:03.4364141Z       Successfully uninstalled httpx-0.26.0
2025-08-21T21:04:03.7770613Z   Attempting uninstall: alembic
2025-08-21T21:04:03.7807023Z     Found existing installation: alembic 1.13.1
2025-08-21T21:04:03.7884508Z     Uninstalling alembic-1.13.1:
2025-08-21T21:04:03.7905784Z       Successfully uninstalled alembic-1.13.1
2025-08-21T21:04:04.0618167Z   Attempting uninstall: python-telegram-bot
2025-08-21T21:04:04.0670549Z     Found existing installation: python-telegram-bot 20.8
2025-08-21T21:04:04.0832379Z     Uninstalling python-telegram-bot-20.8:
2025-08-21T21:04:04.0856351Z       Successfully uninstalled python-telegram-bot-20.8
2025-08-21T21:04:04.5375420Z   Attempting uninstall: fastapi
2025-08-21T21:04:04.5423525Z     Found existing installation: fastapi 0.111.0
2025-08-21T21:04:04.5479673Z     Uninstalling fastapi-0.111.0:
2025-08-21T21:04:04.5493359Z       Successfully uninstalled fastapi-0.111.0
2025-08-21T21:04:04.6421387Z   Attempting uninstall: celery
2025-08-21T21:04:04.6465496Z     Found existing installation: celery 5.4.0
2025-08-21T21:04:04.6613601Z     Uninstalling celery-5.4.0:
2025-08-21T21:04:04.6641854Z       Successfully uninstalled celery-5.4.0
2025-08-21T21:04:05.0728681Z 
2025-08-21T21:04:05.0851280Z Successfully installed Deprecated-1.2.18 Jinja2-3.1.6 alembic-1.16.4 asyncpg-0.30.0 black-25.1.0 celery-5.5.3 coverage-7.10.4 databind-4.5.2 databind.core-4.5.2 databind.json-4.5.2 docker-7.1.0 docspec-2.2.1 docspec-python-2.2.2 docstring-parser-0.11 fastapi-0.116.1 fastapi-cloud-cli-0.1.5 httpx-0.28.1 imapclient-3.0.1 iniconfig-2.1.0 itsdangerous-2.2.0 mirakuru-2.6.1 mypy-1.17.1 nr-date-2.1.0 nr-stream-1.1.5 nr-util-0.8.12 pathspec-0.12.1 platformdirs-4.3.8 pluggy-1.6.0 port-for-0.7.4 psutil-7.0.0 pydantic-extra-types-2.10.5 pydoc-markdown-4.8.2 pytest-8.4.1 pytest-asyncio-1.1.0 pytest-cov-6.2.1 pytest-postgresql-7.0.2 python-telegram-bot-22.3 redis-6.4.0 requests-2.32.4 respx-0.22.0 rignore-0.6.4 ruff-0.9.9 sentry-sdk-2.35.0 setuptools-80.9.0 sqlalchemy-2.0.43 starlette-0.47.2 testcontainers-4.12.0 toml-0.10.2 tomli-2.2.1 tomli_w-1.2.0 typeapi-2.2.4 types-requests-2.32.4.20250809 vulture-2.10 watchdog-6.0.0 yapf-0.43.0
2025-08-21T21:04:05.8674092Z Requirement already satisfied: asyncpg in /opt/hostedtoolcache/Python/3.12.11/x64/lib/python3.12/site-packages (0.30.0)
2025-08-21T21:04:06.4985549Z Requirement already satisfied: pytest in /opt/hostedtoolcache/Python/3.12.11/x64/lib/python3.12/site-packages (8.4.1)
2025-08-21T21:04:06.4999748Z Requirement already satisfied: iniconfig>=1 in /opt/hostedtoolcache/Python/3.12.11/x64/lib/python3.12/site-packages (from pytest) (2.1.0)
2025-08-21T21:04:06.5006103Z Requirement already satisfied: packaging>=20 in /opt/hostedtoolcache/Python/3.12.11/x64/lib/python3.12/site-packages (from pytest) (25.0)
2025-08-21T21:04:06.5011598Z Requirement already satisfied: pluggy<2,>=1.5 in /opt/hostedtoolcache/Python/3.12.11/x64/lib/python3.12/site-packages (from pytest) (1.6.0)
2025-08-21T21:04:06.5016585Z Requirement already satisfied: pygments>=2.7.2 in /opt/hostedtoolcache/Python/3.12.11/x64/lib/python3.12/site-packages (from pytest) (2.19.2)
2025-08-21T21:04:07.1826410Z Collecting keepa==1.3.15
2025-08-21T21:04:07.1841241Z   Using cached keepa-1.3.15-py3-none-any.whl.metadata (11 kB)
2025-08-21T21:04:07.1881375Z Requirement already satisfied: minio==7.1.15 in /opt/hostedtoolcache/Python/3.12.11/x64/lib/python3.12/site-packages (7.1.15)
2025-08-21T21:04:07.1891264Z Requirement already satisfied: numpy>=1.9.3 in /opt/hostedtoolcache/Python/3.12.11/x64/lib/python3.12/site-packages (from keepa==1.3.15) (1.26.4)
2025-08-21T21:04:07.1897141Z Requirement already satisfied: requests>=2.2 in /opt/hostedtoolcache/Python/3.12.11/x64/lib/python3.12/site-packages (from keepa==1.3.15) (2.32.4)
2025-08-21T21:04:07.1901477Z Requirement already satisfied: tqdm in /opt/hostedtoolcache/Python/3.12.11/x64/lib/python3.12/site-packages (from keepa==1.3.15) (4.67.1)
2025-08-21T21:04:07.1905593Z Requirement already satisfied: aiohttp in /opt/hostedtoolcache/Python/3.12.11/x64/lib/python3.12/site-packages (from keepa==1.3.15) (3.12.15)
2025-08-21T21:04:07.1911503Z Requirement already satisfied: pandas<=3.0 in /opt/hostedtoolcache/Python/3.12.11/x64/lib/python3.12/site-packages (from keepa==1.3.15) (2.2.3)
2025-08-21T21:04:07.1915870Z Requirement already satisfied: pydantic in /opt/hostedtoolcache/Python/3.12.11/x64/lib/python3.12/site-packages (from keepa==1.3.15) (2.11.7)
2025-08-21T21:04:07.1926850Z Requirement already satisfied: certifi in /opt/hostedtoolcache/Python/3.12.11/x64/lib/python3.12/site-packages (from minio==7.1.15) (2025.8.3)
2025-08-21T21:04:07.1931398Z Requirement already satisfied: urllib3 in /opt/hostedtoolcache/Python/3.12.11/x64/lib/python3.12/site-packages (from minio==7.1.15) (2.5.0)
2025-08-21T21:04:07.1987613Z Requirement already satisfied: python-dateutil>=2.8.2 in /opt/hostedtoolcache/Python/3.12.11/x64/lib/python3.12/site-packages (from pandas<=3.0->keepa==1.3.15) (2.9.0.post0)
2025-08-21T21:04:07.1993311Z Requirement already satisfied: pytz>=2020.1 in /opt/hostedtoolcache/Python/3.12.11/x64/lib/python3.12/site-packages (from pandas<=3.0->keepa==1.3.15) (2025.2)
2025-08-21T21:04:07.1999180Z Requirement already satisfied: tzdata>=2022.7 in /opt/hostedtoolcache/Python/3.12.11/x64/lib/python3.12/site-packages (from pandas<=3.0->keepa==1.3.15) (2025.2)
2025-08-21T21:04:07.2145184Z Requirement already satisfied: six>=1.5 in /opt/hostedtoolcache/Python/3.12.11/x64/lib/python3.12/site-packages (from python-dateutil>=2.8.2->pandas<=3.0->keepa==1.3.15) (1.17.0)
2025-08-21T21:04:07.2165514Z Requirement already satisfied: charset_normalizer<4,>=2 in /opt/hostedtoolcache/Python/3.12.11/x64/lib/python3.12/site-packages (from requests>=2.2->keepa==1.3.15) (3.4.3)
2025-08-21T21:04:07.2172151Z Requirement already satisfied: idna<4,>=2.5 in /opt/hostedtoolcache/Python/3.12.11/x64/lib/python3.12/site-packages (from requests>=2.2->keepa==1.3.15) (3.10)
2025-08-21T21:04:07.2243178Z Requirement already satisfied: aiohappyeyeballs>=2.5.0 in /opt/hostedtoolcache/Python/3.12.11/x64/lib/python3.12/site-packages (from aiohttp->keepa==1.3.15) (2.6.1)
2025-08-21T21:04:07.2248881Z Requirement already satisfied: aiosignal>=1.4.0 in /opt/hostedtoolcache/Python/3.12.11/x64/lib/python3.12/site-packages (from aiohttp->keepa==1.3.15) (1.4.0)
2025-08-21T21:04:07.2256618Z Requirement already satisfied: attrs>=17.3.0 in /opt/hostedtoolcache/Python/3.12.11/x64/lib/python3.12/site-packages (from aiohttp->keepa==1.3.15) (25.3.0)
2025-08-21T21:04:07.2262514Z Requirement already satisfied: frozenlist>=1.1.1 in /opt/hostedtoolcache/Python/3.12.11/x64/lib/python3.12/site-packages (from aiohttp->keepa==1.3.15) (1.7.0)
2025-08-21T21:04:07.2268629Z Requirement already satisfied: multidict<7.0,>=4.5 in /opt/hostedtoolcache/Python/3.12.11/x64/lib/python3.12/site-packages (from aiohttp->keepa==1.3.15) (6.6.4)
2025-08-21T21:04:07.2275256Z Requirement already satisfied: propcache>=0.2.0 in /opt/hostedtoolcache/Python/3.12.11/x64/lib/python3.12/site-packages (from aiohttp->keepa==1.3.15) (0.3.2)
2025-08-21T21:04:07.2281439Z Requirement already satisfied: yarl<2.0,>=1.17.0 in /opt/hostedtoolcache/Python/3.12.11/x64/lib/python3.12/site-packages (from aiohttp->keepa==1.3.15) (1.20.1)
2025-08-21T21:04:07.2341591Z Requirement already satisfied: typing-extensions>=4.2 in /opt/hostedtoolcache/Python/3.12.11/x64/lib/python3.12/site-packages (from aiosignal>=1.4.0->aiohttp->keepa==1.3.15) (4.14.1)
2025-08-21T21:04:07.2436213Z Requirement already satisfied: annotated-types>=0.6.0 in /opt/hostedtoolcache/Python/3.12.11/x64/lib/python3.12/site-packages (from pydantic->keepa==1.3.15) (0.7.0)
2025-08-21T21:04:07.2442166Z Requirement already satisfied: pydantic-core==2.33.2 in /opt/hostedtoolcache/Python/3.12.11/x64/lib/python3.12/site-packages (from pydantic->keepa==1.3.15) (2.33.2)
2025-08-21T21:04:07.2450983Z Requirement already satisfied: typing-inspection>=0.4.0 in /opt/hostedtoolcache/Python/3.12.11/x64/lib/python3.12/site-packages (from pydantic->keepa==1.3.15) (0.4.1)
2025-08-21T21:04:07.2533621Z Using cached keepa-1.3.15-py3-none-any.whl (38 kB)
2025-08-21T21:04:07.4263558Z Installing collected packages: keepa
2025-08-21T21:04:07.4264324Z   Attempting uninstall: keepa
2025-08-21T21:04:07.4297014Z     Found existing installation: keepa 1.3.14
2025-08-21T21:04:07.4319635Z     Uninstalling keepa-1.3.14:
2025-08-21T21:04:07.4328007Z       Successfully uninstalled keepa-1.3.14
2025-08-21T21:04:07.4746215Z Successfully installed keepa-1.3.15
2025-08-21T21:04:07.5433244Z ##[group]Run actions/setup-node@v4
2025-08-21T21:04:07.5433520Z with:
2025-08-21T21:04:07.5433701Z   node-version: 20.19.0
2025-08-21T21:04:07.5433912Z   always-auth: false
2025-08-21T21:04:07.5434115Z   check-latest: false
2025-08-21T21:04:07.5434413Z   token: ***
2025-08-21T21:04:07.5434600Z env:
2025-08-21T21:04:07.5434802Z   REDIS_URL: redis://localhost:6379/0
2025-08-21T21:04:07.5435070Z   RATE_LIMIT_DEFAULT: 100/minute
2025-08-21T21:04:07.5435303Z   TRUST_X_FORWARDED: 1
2025-08-21T21:04:07.5435503Z   PG_USER: postgres
2025-08-21T21:04:07.5435698Z   PG_PASSWORD: pass
2025-08-21T21:04:07.5435897Z   PG_DATABASE: awa
2025-08-21T21:04:07.5436086Z   PG_HOST: localhost
2025-08-21T21:04:07.5436280Z   PG_PORT: 5432
2025-08-21T21:04:07.5436653Z   PG_SYNC_DSN: ***localhost:5432/awa
2025-08-21T21:04:07.5437054Z   PG_ASYNC_DSN: ***localhost:5432/awa
2025-08-21T21:04:07.5437441Z   DATABASE_URL: ***localhost:5432/awa
2025-08-21T21:04:07.5437685Z   DATA_DIR: /tmp/awa-data
2025-08-21T21:04:07.5437921Z   ENABLE_LIVE: 0
2025-08-21T21:04:07.5438112Z   TESTING: 1
2025-08-21T21:04:07.5438352Z   pythonLocation: /opt/hostedtoolcache/Python/3.12.11/x64
2025-08-21T21:04:07.5438761Z   PKG_CONFIG_PATH: /opt/hostedtoolcache/Python/3.12.11/x64/lib/pkgconfig
2025-08-21T21:04:07.5439163Z   Python_ROOT_DIR: /opt/hostedtoolcache/Python/3.12.11/x64
2025-08-21T21:04:07.5439518Z   Python2_ROOT_DIR: /opt/hostedtoolcache/Python/3.12.11/x64
2025-08-21T21:04:07.5439867Z   Python3_ROOT_DIR: /opt/hostedtoolcache/Python/3.12.11/x64
2025-08-21T21:04:07.5440218Z   LD_LIBRARY_PATH: /opt/hostedtoolcache/Python/3.12.11/x64/lib
2025-08-21T21:04:07.5440749Z ##[endgroup]
2025-08-21T21:04:07.7273750Z Attempting to download 20.19.0...
2025-08-21T21:04:08.6242350Z Acquiring 20.19.0 - x64 from https://github.com/actions/node-versions/releases/download/20.19.0-13838090974/node-20.19.0-linux-x64.tar.gz
2025-08-21T21:04:09.1182899Z Extracting ...
2025-08-21T21:04:09.1301737Z [command]/usr/bin/tar xz --strip 1 --warning=no-unknown-keyword --overwrite -C /home/runner/work/_temp/13c5e744-aeea-4ec0-8e53-89ecbeaae588 -f /home/runner/work/_temp/19e4e95a-3e5d-44bd-9983-ca39a29adb0f
2025-08-21T21:04:10.1486836Z Adding to the cache ...
2025-08-21T21:04:11.8993320Z ##[group]Environment details
2025-08-21T21:04:12.2811218Z node: v20.19.0
2025-08-21T21:04:12.2811670Z npm: 10.8.2
2025-08-21T21:04:12.2811985Z yarn: 1.22.22
2025-08-21T21:04:12.2812727Z ##[endgroup]
2025-08-21T21:04:12.2958455Z ##[group]Run npm ci
2025-08-21T21:04:12.2958713Z [36;1mnpm ci[0m
2025-08-21T21:04:12.2999993Z shell: /usr/bin/bash -e {0}
2025-08-21T21:04:12.3000469Z env:
2025-08-21T21:04:12.3000703Z   REDIS_URL: redis://localhost:6379/0
2025-08-21T21:04:12.3001002Z   RATE_LIMIT_DEFAULT: 100/minute
2025-08-21T21:04:12.3001259Z   TRUST_X_FORWARDED: 1
2025-08-21T21:04:12.3001675Z   PG_USER: postgres
2025-08-21T21:04:12.3001893Z   PG_PASSWORD: pass
2025-08-21T21:04:12.3002105Z   PG_DATABASE: awa
2025-08-21T21:04:12.3002310Z   PG_HOST: localhost
2025-08-21T21:04:12.3002522Z   PG_PORT: 5432
2025-08-21T21:04:12.3003062Z   PG_SYNC_DSN: ***localhost:5432/awa
2025-08-21T21:04:12.3003516Z   PG_ASYNC_DSN: ***localhost:5432/awa
2025-08-21T21:04:12.3003943Z   DATABASE_URL: ***localhost:5432/awa
2025-08-21T21:04:12.3004211Z   DATA_DIR: /tmp/awa-data
2025-08-21T21:04:12.3004437Z   ENABLE_LIVE: 0
2025-08-21T21:04:12.3004636Z   TESTING: 1
2025-08-21T21:04:12.3004933Z   pythonLocation: /opt/hostedtoolcache/Python/3.12.11/x64
2025-08-21T21:04:12.3005378Z   PKG_CONFIG_PATH: /opt/hostedtoolcache/Python/3.12.11/x64/lib/pkgconfig
2025-08-21T21:04:12.3005816Z   Python_ROOT_DIR: /opt/hostedtoolcache/Python/3.12.11/x64
2025-08-21T21:04:12.3006207Z   Python2_ROOT_DIR: /opt/hostedtoolcache/Python/3.12.11/x64
2025-08-21T21:04:12.3006600Z   Python3_ROOT_DIR: /opt/hostedtoolcache/Python/3.12.11/x64
2025-08-21T21:04:12.3007000Z   LD_LIBRARY_PATH: /opt/hostedtoolcache/Python/3.12.11/x64/lib
2025-08-21T21:04:12.3007328Z ##[endgroup]
2025-08-21T21:04:15.2739289Z npm warn deprecated node-domexception@1.0.0: Use your platform's native DOMException instead
2025-08-21T21:04:18.8944700Z 
2025-08-21T21:04:18.8946048Z added 432 packages, and audited 433 packages in 7s
2025-08-21T21:04:18.8946498Z 
2025-08-21T21:04:18.8947617Z 112 packages are looking for funding
2025-08-21T21:04:18.8948046Z   run `npm fund` for details
2025-08-21T21:04:18.8965428Z 
2025-08-21T21:04:18.8965767Z 2 vulnerabilities (1 low, 1 critical)
2025-08-21T21:04:18.8966157Z 
2025-08-21T21:04:18.8966605Z To address all issues, run:
2025-08-21T21:04:18.8967057Z   npm audit fix
2025-08-21T21:04:18.8967294Z 
2025-08-21T21:04:18.8967516Z Run `npm audit` for details.
2025-08-21T21:04:18.9257340Z ##[group]Run npm run build --if-present
2025-08-21T21:04:18.9257700Z [36;1mnpm run build --if-present[0m
2025-08-21T21:04:18.9299030Z shell: /usr/bin/bash -e {0}
2025-08-21T21:04:18.9299284Z env:
2025-08-21T21:04:18.9299516Z   REDIS_URL: redis://localhost:6379/0
2025-08-21T21:04:18.9299808Z   RATE_LIMIT_DEFAULT: 100/minute
2025-08-21T21:04:18.9300062Z   TRUST_X_FORWARDED: 1
2025-08-21T21:04:18.9300479Z   PG_USER: postgres
2025-08-21T21:04:18.9300709Z   PG_PASSWORD: pass
2025-08-21T21:04:18.9300917Z   PG_DATABASE: awa
2025-08-21T21:04:18.9301118Z   PG_HOST: localhost
2025-08-21T21:04:18.9301327Z   PG_PORT: 5432
2025-08-21T21:04:18.9301783Z   PG_SYNC_DSN: ***localhost:5432/awa
2025-08-21T21:04:18.9302232Z   PG_ASYNC_DSN: ***localhost:5432/awa
2025-08-21T21:04:18.9302663Z   DATABASE_URL: ***localhost:5432/awa
2025-08-21T21:04:18.9302930Z   DATA_DIR: /tmp/awa-data
2025-08-21T21:04:18.9303171Z   ENABLE_LIVE: 0
2025-08-21T21:04:18.9303377Z   TESTING: 1
2025-08-21T21:04:18.9303690Z   pythonLocation: /opt/hostedtoolcache/Python/3.12.11/x64
2025-08-21T21:04:18.9304172Z   PKG_CONFIG_PATH: /opt/hostedtoolcache/Python/3.12.11/x64/lib/pkgconfig
2025-08-21T21:04:18.9304649Z   Python_ROOT_DIR: /opt/hostedtoolcache/Python/3.12.11/x64
2025-08-21T21:04:18.9305072Z   Python2_ROOT_DIR: /opt/hostedtoolcache/Python/3.12.11/x64
2025-08-21T21:04:18.9305498Z   Python3_ROOT_DIR: /opt/hostedtoolcache/Python/3.12.11/x64
2025-08-21T21:04:18.9305927Z   LD_LIBRARY_PATH: /opt/hostedtoolcache/Python/3.12.11/x64/lib
2025-08-21T21:04:18.9306284Z ##[endgroup]
2025-08-21T21:04:19.0413487Z 
2025-08-21T21:04:19.0414111Z > web@0.0.0 build
2025-08-21T21:04:19.0414794Z > tsc -b && vite build
2025-08-21T21:04:19.0415177Z 
2025-08-21T21:04:21.6031922Z [36mvite v7.0.4 [32mbuilding for production...[36m[39m
2025-08-21T21:04:21.7817575Z transforming...
2025-08-21T21:04:24.9176912Z [32m✓[39m 687 modules transformed.
2025-08-21T21:04:25.3051728Z rendering chunks...
2025-08-21T21:04:25.3227844Z computing gzip size...
2025-08-21T21:04:25.3908433Z [2mdist/[22m[32mindex.html                 [39m[1m[2m  0.46 kB[22m[1m[22m[2m │ gzip:   0.30 kB[22m
2025-08-21T21:04:25.3910980Z [2mdist/[22m[2massets/[22m[35mindex-5IA1gRGW.css  [39m[1m[2m  0.84 kB[22m[1m[22m[2m │ gzip:   0.45 kB[22m
2025-08-21T21:04:25.3912594Z [2mdist/[22m[2massets/[22m[36mindex-CIqpArhq.js   [39m[1m[33m613.66 kB[39m[22m[2m │ gzip: 193.69 kB[22m
2025-08-21T21:04:25.3913646Z [32m✓ built in 3.77s[39m
2025-08-21T21:04:25.3916268Z [33m
2025-08-21T21:04:25.3917939Z (!) Some chunks are larger than 500 kB after minification. Consider:
2025-08-21T21:04:25.3924309Z - Using dynamic import() to code-split the application
2025-08-21T21:04:25.3925659Z - Use build.rollupOptions.output.manualChunks to improve chunking: https://rollupjs.org/configuration-options/#output-manualchunks
2025-08-21T21:04:25.3927159Z - Adjust chunk size limit for this warning via build.chunkSizeWarningLimit.[39m
2025-08-21T21:04:25.4524458Z ##[group]Run sudo apt-get update
2025-08-21T21:04:25.4524817Z [36;1msudo apt-get update[0m
2025-08-21T21:04:25.4525105Z [36;1msudo apt-get install -y postgresql[0m
2025-08-21T21:04:25.4525662Z [36;1mecho "/usr/lib/postgresql/$(pg_config --version | cut -d' ' -f2 | cut -d'.' -f1,2)/bin" >> $GITHUB_PATH[0m
2025-08-21T21:04:25.4567592Z shell: /usr/bin/bash -e {0}
2025-08-21T21:04:25.4567856Z env:
2025-08-21T21:04:25.4568103Z   REDIS_URL: redis://localhost:6379/0
2025-08-21T21:04:25.4568414Z   RATE_LIMIT_DEFAULT: 100/minute
2025-08-21T21:04:25.4568693Z   TRUST_X_FORWARDED: 1
2025-08-21T21:04:25.4568967Z   PG_USER: postgres
2025-08-21T21:04:25.4569198Z   PG_PASSWORD: pass
2025-08-21T21:04:25.4569415Z   PG_DATABASE: awa
2025-08-21T21:04:25.4569641Z   PG_HOST: localhost
2025-08-21T21:04:25.4569871Z   PG_PORT: 5432
2025-08-21T21:04:25.4570513Z   PG_SYNC_DSN: ***localhost:5432/awa
2025-08-21T21:04:25.4571051Z   PG_ASYNC_DSN: ***localhost:5432/awa
2025-08-21T21:04:25.4571559Z   DATABASE_URL: ***localhost:5432/awa
2025-08-21T21:04:25.4571849Z   DATA_DIR: /tmp/awa-data
2025-08-21T21:04:25.4572088Z   ENABLE_LIVE: 0
2025-08-21T21:04:25.4572299Z   TESTING: 1
2025-08-21T21:04:25.4572581Z   pythonLocation: /opt/hostedtoolcache/Python/3.12.11/x64
2025-08-21T21:04:25.4573066Z   PKG_CONFIG_PATH: /opt/hostedtoolcache/Python/3.12.11/x64/lib/pkgconfig
2025-08-21T21:04:25.4573540Z   Python_ROOT_DIR: /opt/hostedtoolcache/Python/3.12.11/x64
2025-08-21T21:04:25.4573964Z   Python2_ROOT_DIR: /opt/hostedtoolcache/Python/3.12.11/x64
2025-08-21T21:04:25.4574396Z   Python3_ROOT_DIR: /opt/hostedtoolcache/Python/3.12.11/x64
2025-08-21T21:04:25.4574819Z   LD_LIBRARY_PATH: /opt/hostedtoolcache/Python/3.12.11/x64/lib
2025-08-21T21:04:25.4575173Z ##[endgroup]
2025-08-21T21:04:25.5725831Z Get:1 file:/etc/apt/apt-mirrors.txt Mirrorlist [144 B]
2025-08-21T21:04:25.6064414Z Hit:2 http://azure.archive.ubuntu.com/ubuntu noble InRelease
2025-08-21T21:04:25.6080516Z Get:3 http://azure.archive.ubuntu.com/ubuntu noble-updates InRelease [126 kB]
2025-08-21T21:04:25.6191859Z Get:4 http://azure.archive.ubuntu.com/ubuntu noble-backports InRelease [126 kB]
2025-08-21T21:04:25.6269522Z Get:5 http://azure.archive.ubuntu.com/ubuntu noble-security InRelease [126 kB]
2025-08-21T21:04:25.7884136Z Get:6 http://azure.archive.ubuntu.com/ubuntu noble-updates/main amd64 Packages [1350 kB]
2025-08-21T21:04:25.8033036Z Get:7 http://azure.archive.ubuntu.com/ubuntu noble-updates/main Translation-en [269 kB]
2025-08-21T21:04:25.8065621Z Get:8 http://azure.archive.ubuntu.com/ubuntu noble-updates/main amd64 Components [175 kB]
2025-08-21T21:04:25.8113610Z Get:9 http://azure.archive.ubuntu.com/ubuntu noble-updates/universe amd64 Packages [1123 kB]
2025-08-21T21:04:25.8165006Z Get:10 http://azure.archive.ubuntu.com/ubuntu noble-updates/universe Translation-en [288 kB]
2025-08-21T21:04:25.8212305Z Get:11 http://azure.archive.ubuntu.com/ubuntu noble-updates/universe amd64 Components [377 kB]
2025-08-21T21:04:25.8240877Z Get:12 http://azure.archive.ubuntu.com/ubuntu noble-updates/restricted amd64 Packages [1723 kB]
2025-08-21T21:04:25.8329149Z Get:13 http://azure.archive.ubuntu.com/ubuntu noble-updates/restricted Translation-en [383 kB]
2025-08-21T21:04:25.8362199Z Get:14 http://azure.archive.ubuntu.com/ubuntu noble-updates/restricted amd64 Components [212 B]
2025-08-21T21:04:25.8377270Z Get:15 http://azure.archive.ubuntu.com/ubuntu noble-updates/multiverse amd64 Components [940 B]
2025-08-21T21:04:25.8801644Z Hit:20 https://packages.microsoft.com/repos/azure-cli noble InRelease
2025-08-21T21:04:25.8895002Z Get:16 http://azure.archive.ubuntu.com/ubuntu noble-backports/main amd64 Components [7080 B]
2025-08-21T21:04:25.8918547Z Get:17 http://azure.archive.ubuntu.com/ubuntu noble-backports/universe amd64 Components [19.2 kB]
2025-08-21T21:04:25.8960611Z Get:18 http://azure.archive.ubuntu.com/ubuntu noble-backports/restricted amd64 Components [216 B]
2025-08-21T21:04:25.8965544Z Get:19 http://azure.archive.ubuntu.com/ubuntu noble-backports/multiverse amd64 Components [212 B]
2025-08-21T21:04:25.8985720Z Get:21 http://azure.archive.ubuntu.com/ubuntu noble-security/main amd64 Packages [1083 kB]
2025-08-21T21:04:25.9062752Z Get:22 http://azure.archive.ubuntu.com/ubuntu noble-security/main Translation-en [187 kB]
2025-08-21T21:04:25.9075662Z Get:23 http://azure.archive.ubuntu.com/ubuntu noble-security/main amd64 Components [21.6 kB]
2025-08-21T21:04:25.9089194Z Get:24 http://azure.archive.ubuntu.com/ubuntu noble-security/universe amd64 Packages [881 kB]
2025-08-21T21:04:25.9145070Z Get:25 http://azure.archive.ubuntu.com/ubuntu noble-security/universe Translation-en [195 kB]
2025-08-21T21:04:25.9170808Z Get:26 http://azure.archive.ubuntu.com/ubuntu noble-security/universe amd64 Components [52.2 kB]
2025-08-21T21:04:25.9211992Z Get:27 http://azure.archive.ubuntu.com/ubuntu noble-security/restricted amd64 Packages [1631 kB]
2025-08-21T21:04:25.9285970Z Get:28 http://azure.archive.ubuntu.com/ubuntu noble-security/restricted Translation-en [361 kB]
2025-08-21T21:04:25.9299578Z Get:29 http://azure.archive.ubuntu.com/ubuntu noble-security/restricted amd64 Components [212 B]
2025-08-21T21:04:25.9311411Z Get:30 http://azure.archive.ubuntu.com/ubuntu noble-security/multiverse amd64 Components [212 B]
2025-08-21T21:04:26.3385540Z Get:31 https://packages.microsoft.com/ubuntu/24.04/prod noble InRelease [3600 B]
2025-08-21T21:04:26.4091729Z Get:32 https://packages.microsoft.com/ubuntu/24.04/prod noble/main armhf Packages [9870 B]
2025-08-21T21:04:26.4288828Z Get:33 https://packages.microsoft.com/ubuntu/24.04/prod noble/main amd64 Packages [48.6 kB]
2025-08-21T21:04:27.4846103Z Get:34 https://packages.microsoft.com/ubuntu/24.04/prod noble/main arm64 Packages [33.2 kB]
2025-08-21T21:04:36.8956603Z Fetched 10.6 MB in 2s (5415 kB/s)
2025-08-21T21:04:37.6253976Z Reading package lists...
2025-08-21T21:04:37.6586752Z Reading package lists...
2025-08-21T21:04:37.8536383Z Building dependency tree...
2025-08-21T21:04:37.8545035Z Reading state information...
2025-08-21T21:04:38.0299658Z Suggested packages:
2025-08-21T21:04:38.0300162Z   postgresql-doc
2025-08-21T21:04:38.0671618Z The following NEW packages will be installed:
2025-08-21T21:04:38.0672807Z   postgresql
2025-08-21T21:04:38.0875646Z 0 upgraded, 1 newly installed, 0 to remove and 17 not upgraded.
2025-08-21T21:04:38.0876647Z Need to get 11.6 kB of archives.
2025-08-21T21:04:38.0877302Z After this operation, 17.4 kB of additional disk space will be used.
2025-08-21T21:04:38.0878036Z Get:1 file:/etc/apt/apt-mirrors.txt Mirrorlist [144 B]
2025-08-21T21:04:38.1879119Z Get:2 http://azure.archive.ubuntu.com/ubuntu noble-updates/main amd64 postgresql all 16+257build1.1 [11.6 kB]
2025-08-21T21:04:38.4671829Z Fetched 11.6 kB in 0s (104 kB/s)
2025-08-21T21:04:38.5045156Z Selecting previously unselected package postgresql.
2025-08-21T21:04:38.5678948Z (Reading database ... 
2025-08-21T21:04:38.5679676Z (Reading database ... 5%
2025-08-21T21:04:38.5680616Z (Reading database ... 10%
2025-08-21T21:04:38.5681181Z (Reading database ... 15%
2025-08-21T21:04:38.5681620Z (Reading database ... 20%
2025-08-21T21:04:38.5682026Z (Reading database ... 25%
2025-08-21T21:04:38.5682417Z (Reading database ... 30%
2025-08-21T21:04:38.5682802Z (Reading database ... 35%
2025-08-21T21:04:38.5683414Z (Reading database ... 40%
2025-08-21T21:04:38.5683736Z (Reading database ... 45%
2025-08-21T21:04:38.5684050Z (Reading database ... 50%
2025-08-21T21:04:38.6409674Z (Reading database ... 55%
2025-08-21T21:04:38.7784568Z (Reading database ... 60%
2025-08-21T21:04:39.1177785Z (Reading database ... 65%
2025-08-21T21:04:39.3165864Z (Reading database ... 70%
2025-08-21T21:04:39.4386551Z (Reading database ... 75%
2025-08-21T21:04:40.0623712Z (Reading database ... 80%
2025-08-21T21:04:40.8528450Z (Reading database ... 85%
2025-08-21T21:04:41.6059210Z (Reading database ... 90%
2025-08-21T21:04:42.2686158Z (Reading database ... 95%
2025-08-21T21:04:42.2686843Z (Reading database ... 100%
2025-08-21T21:04:42.2687581Z (Reading database ... 219830 files and directories currently installed.)
2025-08-21T21:04:42.2736850Z Preparing to unpack .../postgresql_16+257build1.1_all.deb ...
2025-08-21T21:04:42.2768357Z Unpacking postgresql (16+257build1.1) ...
2025-08-21T21:04:42.3161406Z Setting up postgresql (16+257build1.1) ...
2025-08-21T21:04:43.4014179Z 
2025-08-21T21:04:43.4014799Z Running kernel seems to be up-to-date.
2025-08-21T21:04:43.4015121Z 
2025-08-21T21:04:43.4015271Z Restarting services...
2025-08-21T21:04:43.4087660Z 
2025-08-21T21:04:43.4088146Z Service restarts being deferred:
2025-08-21T21:04:43.4089622Z  systemctl restart hosted-compute-agent.service
2025-08-21T21:04:43.4089925Z 
2025-08-21T21:04:43.4090897Z No containers need to be restarted.
2025-08-21T21:04:43.4091198Z 
2025-08-21T21:04:43.4091737Z No user sessions are running outdated binaries.
2025-08-21T21:04:43.4092075Z 
2025-08-21T21:04:43.4092516Z No VM guests are running outdated hypervisor (qemu) binaries on this host.
2025-08-21T21:04:44.4591260Z ##[group]Run for i in {1..30}; do pg_isready -h localhost -p 5432 -U postgres -d awa && break; sleep 1; done
2025-08-21T21:04:44.4591956Z [36;1mfor i in {1..30}; do pg_isready -h localhost -p 5432 -U postgres -d awa && break; sleep 1; done[0m
2025-08-21T21:04:44.4632824Z shell: /usr/bin/bash -e {0}
2025-08-21T21:04:44.4633106Z env:
2025-08-21T21:04:44.4633337Z   REDIS_URL: redis://localhost:6379/0
2025-08-21T21:04:44.4633647Z   RATE_LIMIT_DEFAULT: 100/minute
2025-08-21T21:04:44.4633923Z   TRUST_X_FORWARDED: 1
2025-08-21T21:04:44.4634158Z   PG_USER: postgres
2025-08-21T21:04:44.4634382Z   PG_PASSWORD: pass
2025-08-21T21:04:44.4634598Z   PG_DATABASE: awa
2025-08-21T21:04:44.4634809Z   PG_HOST: localhost
2025-08-21T21:04:44.4635034Z   PG_PORT: 5432
2025-08-21T21:04:44.4635498Z   PG_SYNC_DSN: ***localhost:5432/awa
2025-08-21T21:04:44.4635962Z   PG_ASYNC_DSN: ***localhost:5432/awa
2025-08-21T21:04:44.4636408Z   DATABASE_URL: ***localhost:5432/awa
2025-08-21T21:04:44.4636721Z   DATA_DIR: /tmp/awa-data
2025-08-21T21:04:44.4636965Z   ENABLE_LIVE: 0
2025-08-21T21:04:44.4637171Z   TESTING: 1
2025-08-21T21:04:44.4637454Z   pythonLocation: /opt/hostedtoolcache/Python/3.12.11/x64
2025-08-21T21:04:44.4637932Z   PKG_CONFIG_PATH: /opt/hostedtoolcache/Python/3.12.11/x64/lib/pkgconfig
2025-08-21T21:04:44.4638411Z   Python_ROOT_DIR: /opt/hostedtoolcache/Python/3.12.11/x64
2025-08-21T21:04:44.4638832Z   Python2_ROOT_DIR: /opt/hostedtoolcache/Python/3.12.11/x64
2025-08-21T21:04:44.4639257Z   Python3_ROOT_DIR: /opt/hostedtoolcache/Python/3.12.11/x64
2025-08-21T21:04:44.4639684Z   LD_LIBRARY_PATH: /opt/hostedtoolcache/Python/3.12.11/x64/lib
2025-08-21T21:04:44.4640035Z ##[endgroup]
2025-08-21T21:04:44.5735220Z localhost:5432 - accepting connections
2025-08-21T21:04:44.5771274Z ##[group]Run alembic -c services/api/alembic.ini upgrade head
2025-08-21T21:04:44.5771712Z [36;1malembic -c services/api/alembic.ini upgrade head[0m
2025-08-21T21:04:44.5811979Z shell: /usr/bin/bash -e {0}
2025-08-21T21:04:44.5812236Z env:
2025-08-21T21:04:44.5812465Z   REDIS_URL: redis://localhost:6379/0
2025-08-21T21:04:44.5812761Z   RATE_LIMIT_DEFAULT: 100/minute
2025-08-21T21:04:44.5813023Z   TRUST_X_FORWARDED: 1
2025-08-21T21:04:44.5813243Z   PG_USER: postgres
2025-08-21T21:04:44.5813455Z   PG_PASSWORD: pass
2025-08-21T21:04:44.5813665Z   PG_DATABASE: awa
2025-08-21T21:04:44.5814041Z   PG_HOST: localhost
2025-08-21T21:04:44.5814253Z   PG_PORT: 5432
2025-08-21T21:04:44.5814707Z   PG_SYNC_DSN: ***localhost:5432/awa
2025-08-21T21:04:44.5815164Z   PG_ASYNC_DSN: ***localhost:5432/awa
2025-08-21T21:04:44.5815616Z   DATABASE_URL: ***localhost:5432/awa
2025-08-21T21:04:44.5815887Z   DATA_DIR: /tmp/awa-data
2025-08-21T21:04:44.5816115Z   ENABLE_LIVE: 0
2025-08-21T21:04:44.5816339Z   TESTING: 1
2025-08-21T21:04:44.5816609Z   pythonLocation: /opt/hostedtoolcache/Python/3.12.11/x64
2025-08-21T21:04:44.5817059Z   PKG_CONFIG_PATH: /opt/hostedtoolcache/Python/3.12.11/x64/lib/pkgconfig
2025-08-21T21:04:44.5817507Z   Python_ROOT_DIR: /opt/hostedtoolcache/Python/3.12.11/x64
2025-08-21T21:04:44.5817903Z   Python2_ROOT_DIR: /opt/hostedtoolcache/Python/3.12.11/x64
2025-08-21T21:04:44.5818303Z   Python3_ROOT_DIR: /opt/hostedtoolcache/Python/3.12.11/x64
2025-08-21T21:04:44.5818702Z   LD_LIBRARY_PATH: /opt/hostedtoolcache/Python/3.12.11/x64/lib
2025-08-21T21:04:44.5819050Z   POSTGRES_USER: postgres
2025-08-21T21:04:44.5819292Z   POSTGRES_PASSWORD: pass
2025-08-21T21:04:44.5819514Z   POSTGRES_DB: awa
2025-08-21T21:04:44.5819721Z ##[endgroup]
2025-08-21T21:04:45.2774774Z INFO  [alembic.runtime.migration] Context impl PostgresqlImpl.
2025-08-21T21:04:45.2776221Z INFO  [alembic.runtime.migration] Will assume transactional DDL.
2025-08-21T21:04:45.3028865Z INFO  [alembic.runtime.migration] Running upgrade  -> 0001_baseline
2025-08-21T21:04:45.3188369Z INFO  [alembic.runtime.migration] Running upgrade 0001_baseline -> 0002_create_roi_view
2025-08-21T21:04:45.3216776Z INFO  [alembic.runtime.migration] Running upgrade 0002_create_roi_view -> 3e9d5c5aff2c
2025-08-21T21:04:45.3397385Z INFO  [alembic.runtime.migration] Running upgrade 3e9d5c5aff2c -> 0003_vendor_prices
2025-08-21T21:04:45.3546165Z INFO  [alembic.runtime.migration] Running upgrade 0003_vendor_prices -> 0004_fee_cron
2025-08-21T21:04:45.3623455Z INFO  [alembic.runtime.migration] Running upgrade 0004_fee_cron -> 0006_fix_roi_views
2025-08-21T21:04:45.3658196Z INFO  [alembic.runtime.migration] Running upgrade 0006_fix_roi_views -> 0020_unified_schema
2025-08-21T21:04:45.3772660Z INFO  [alembic.runtime.migration] Running upgrade 0020_unified_schema -> 0022_fix_roi_view
2025-08-21T21:04:45.3842697Z INFO  [alembic.runtime.migration] Running upgrade 0022_fix_roi_view -> 0023_add_storage_fee
2025-08-21T21:04:45.3882620Z INFO  [alembic.runtime.migration] Running upgrade 0023_add_storage_fee -> 0024_create_buybox
2025-08-21T21:04:45.3911597Z INFO  [alembic.runtime.migration] Running upgrade 0024_create_buybox -> 0025_pr4_indexes_loadlog
2025-08-21T21:04:45.4141258Z INFO  [alembic.runtime.migration] Running upgrade 0025_pr4_indexes_loadlog -> 0026_fix_refund_views
2025-08-21T21:04:45.4204333Z INFO  [alembic.runtime.migration] Running upgrade 0025_pr4_indexes_loadlog -> 0026_amazon_new_reports
2025-08-21T21:04:45.4423901Z INFO  [alembic.runtime.migration] Running upgrade 0026_amazon_new_reports, 0026_fix_refund_views -> 0027_merge_reports_and_refund_heads
2025-08-21T21:04:45.4487225Z Traceback (most recent call last):
2025-08-21T21:04:45.4488833Z   File "/opt/hostedtoolcache/Python/3.12.11/x64/lib/python3.12/site-packages/sqlalchemy/engine/base.py", line 1967, in _exec_single_context
2025-08-21T21:04:45.4493189Z     self.dialect.do_execute(
2025-08-21T21:04:45.4495269Z   File "/opt/hostedtoolcache/Python/3.12.11/x64/lib/python3.12/site-packages/sqlalchemy/engine/default.py", line 951, in do_execute
2025-08-21T21:04:45.4496901Z     cursor.execute(statement, parameters)
2025-08-21T21:04:45.4498488Z   File "/opt/hostedtoolcache/Python/3.12.11/x64/lib/python3.12/site-packages/psycopg/cursor.py", line 97, in execute
2025-08-21T21:04:45.4499947Z     raise ex.with_traceback(None)
2025-08-21T21:04:45.4501536Z psycopg.errors.StringDataRightTruncation: value too long for type character varying(32)
2025-08-21T21:04:45.4502495Z 
2025-08-21T21:04:45.4503073Z The above exception was the direct cause of the following exception:
2025-08-21T21:04:45.4503842Z 
2025-08-21T21:04:45.4504117Z Traceback (most recent call last):
2025-08-21T21:04:45.4505008Z   File "/opt/hostedtoolcache/Python/3.12.11/x64/bin/alembic", line 7, in <module>
2025-08-21T21:04:45.4505790Z     sys.exit(main())
2025-08-21T21:04:45.4506174Z              ^^^^^^
2025-08-21T21:04:45.4507227Z   File "/opt/hostedtoolcache/Python/3.12.11/x64/lib/python3.12/site-packages/alembic/config.py", line 1016, in main
2025-08-21T21:04:45.4508362Z     CommandLine(prog=prog).main(argv=argv)
2025-08-21T21:04:45.4509577Z   File "/opt/hostedtoolcache/Python/3.12.11/x64/lib/python3.12/site-packages/alembic/config.py", line 1006, in main
2025-08-21T21:04:45.4510841Z     self.run_cmd(cfg, options)
2025-08-21T21:04:45.4512005Z   File "/opt/hostedtoolcache/Python/3.12.11/x64/lib/python3.12/site-packages/alembic/config.py", line 940, in run_cmd
2025-08-21T21:04:45.4512971Z     fn(
2025-08-21T21:04:45.4513839Z   File "/opt/hostedtoolcache/Python/3.12.11/x64/lib/python3.12/site-packages/alembic/command.py", line 483, in upgrade
2025-08-21T21:04:45.4514713Z     script.run_env()
2025-08-21T21:04:45.4515668Z   File "/opt/hostedtoolcache/Python/3.12.11/x64/lib/python3.12/site-packages/alembic/script/base.py", line 549, in run_env
2025-08-21T21:04:45.4516638Z     util.load_python_file(self.dir, "env.py")
2025-08-21T21:04:45.4517790Z   File "/opt/hostedtoolcache/Python/3.12.11/x64/lib/python3.12/site-packages/alembic/util/pyfiles.py", line 116, in load_python_file
2025-08-21T21:04:45.4518823Z     module = load_module_py(module_id, path)
2025-08-21T21:04:45.4519320Z              ^^^^^^^^^^^^^^^^^^^^^^^^^^^^^^^
2025-08-21T21:04:45.4520818Z   File "/opt/hostedtoolcache/Python/3.12.11/x64/lib/python3.12/site-packages/alembic/util/pyfiles.py", line 136, in load_module_py
2025-08-21T21:04:45.4521941Z     spec.loader.exec_module(module)  # type: ignore
2025-08-21T21:04:45.4522488Z     ^^^^^^^^^^^^^^^^^^^^^^^^^^^^^^^
2025-08-21T21:04:45.4523165Z   File "<frozen importlib._bootstrap_external>", line 999, in exec_module
2025-08-21T21:04:45.4524071Z   File "<frozen importlib._bootstrap>", line 488, in _call_with_frames_removed
2025-08-21T21:04:45.4525101Z   File "/home/runner/work/AWA-App/AWA-App/services/api/migrations/env.py", line 55, in <module>
2025-08-21T21:04:45.4525831Z     run_migrations_online()
2025-08-21T21:04:45.4526738Z   File "/home/runner/work/AWA-App/AWA-App/services/api/migrations/env.py", line 51, in run_migrations_online
2025-08-21T21:04:45.4527576Z     context.run_migrations()
2025-08-21T21:04:45.4528076Z   File "<string>", line 8, in run_migrations
2025-08-21T21:04:45.4529249Z   File "/opt/hostedtoolcache/Python/3.12.11/x64/lib/python3.12/site-packages/alembic/runtime/environment.py", line 946, in run_migrations
2025-08-21T21:04:45.4530482Z     self.get_context().run_migrations(**kw)
2025-08-21T21:04:45.4531643Z   File "/opt/hostedtoolcache/Python/3.12.11/x64/lib/python3.12/site-packages/alembic/runtime/migration.py", line 634, in run_migrations
2025-08-21T21:04:45.4532680Z     head_maintainer.update_to_step(step)
2025-08-21T21:04:45.4533834Z   File "/opt/hostedtoolcache/Python/3.12.11/x64/lib/python3.12/site-packages/alembic/runtime/migration.py", line 847, in update_to_step
2025-08-21T21:04:45.4534935Z     self._update_version(update_from_rev, update_to_rev)
2025-08-21T21:04:45.4536137Z   File "/opt/hostedtoolcache/Python/3.12.11/x64/lib/python3.12/site-packages/alembic/runtime/migration.py", line 801, in _update_version
2025-08-21T21:04:45.4537452Z     ret = self.context.impl._exec(
2025-08-21T21:04:45.4537924Z           ^^^^^^^^^^^^^^^^^^^^^^^^
2025-08-21T21:04:45.4538907Z   File "/opt/hostedtoolcache/Python/3.12.11/x64/lib/python3.12/site-packages/alembic/ddl/impl.py", line 246, in _exec
2025-08-21T21:04:45.4539842Z     return conn.execute(construct, params)
2025-08-21T21:04:45.4540459Z            ^^^^^^^^^^^^^^^^^^^^^^^^^^^^^^^
2025-08-21T21:04:45.4541320Z   File "/opt/hostedtoolcache/Python/3.12.11/x64/lib/python3.12/site-packages/sqlalchemy/engine/base.py", line 1419, in execute
2025-08-21T21:04:45.4541978Z     return meth(
2025-08-21T21:04:45.4542520Z            ^^^^^
2025-08-21T21:04:45.4543398Z   File "/opt/hostedtoolcache/Python/3.12.11/x64/lib/python3.12/site-packages/sqlalchemy/sql/elements.py", line 526, in _execute_on_connection
2025-08-21T21:04:45.4544034Z     return connection._execute_clauseelement(
2025-08-21T21:04:45.4544335Z            ^^^^^^^^^^^^^^^^^^^^^^^^^^^^^^^^^^
2025-08-21T21:04:45.4545018Z   File "/opt/hostedtoolcache/Python/3.12.11/x64/lib/python3.12/site-packages/sqlalchemy/engine/base.py", line 1641, in _execute_clauseelement
2025-08-21T21:04:45.4546028Z     ret = self._execute_context(
2025-08-21T21:04:45.4546368Z           ^^^^^^^^^^^^^^^^^^^^^^
2025-08-21T21:04:45.4547004Z   File "/opt/hostedtoolcache/Python/3.12.11/x64/lib/python3.12/site-packages/sqlalchemy/engine/base.py", line 1846, in _execute_context
2025-08-21T21:04:45.4548089Z     return self._exec_single_context(
2025-08-21T21:04:45.4548556Z            ^^^^^^^^^^^^^^^^^^^^^^^^^^
2025-08-21T21:04:45.4549616Z   File "/opt/hostedtoolcache/Python/3.12.11/x64/lib/python3.12/site-packages/sqlalchemy/engine/base.py", line 1986, in _exec_single_context
2025-08-21T21:04:45.4550230Z     self._handle_dbapi_exception(
2025-08-21T21:04:45.4551111Z   File "/opt/hostedtoolcache/Python/3.12.11/x64/lib/python3.12/site-packages/sqlalchemy/engine/base.py", line 2355, in _handle_dbapi_exception
2025-08-21T21:04:45.4551847Z     raise sqlalchemy_exception.with_traceback(exc_info[2]) from e
2025-08-21T21:04:45.4552610Z   File "/opt/hostedtoolcache/Python/3.12.11/x64/lib/python3.12/site-packages/sqlalchemy/engine/base.py", line 1967, in _exec_single_context
2025-08-21T21:04:45.4553201Z     self.dialect.do_execute(
2025-08-21T21:04:45.4553822Z   File "/opt/hostedtoolcache/Python/3.12.11/x64/lib/python3.12/site-packages/sqlalchemy/engine/default.py", line 951, in do_execute
2025-08-21T21:04:45.4554419Z     cursor.execute(statement, parameters)
2025-08-21T21:04:45.4554992Z   File "/opt/hostedtoolcache/Python/3.12.11/x64/lib/python3.12/site-packages/psycopg/cursor.py", line 97, in execute
2025-08-21T21:04:45.4555520Z     raise ex.with_traceback(None)
2025-08-21T21:04:45.4556142Z sqlalchemy.exc.DataError: (psycopg.errors.StringDataRightTruncation) value too long for type character varying(32)
2025-08-21T21:04:45.4557089Z [SQL: UPDATE alembic_version SET version_num='0027_merge_reports_and_refund_heads' WHERE alembic_version.version_num = '0026_fix_refund_views']
2025-08-21T21:04:45.4557777Z (Background on this error at: https://sqlalche.me/e/20/9h9h)
2025-08-21T21:04:45.5375790Z ##[error]Process completed with exit code 1.
2025-08-21T21:04:45.5430030Z ##[group]Run echo "::group::postgres container logs"
2025-08-21T21:04:45.5430811Z [36;1mecho "::group::postgres container logs"[0m
2025-08-21T21:04:45.5431286Z [36;1mdocker logs d4dc7e38857565494d4077b14a27126ce35930dd89f938ab9c3e664799c18741 --tail 200[0m
2025-08-21T21:04:45.5431716Z [36;1mecho "::endgroup::"[0m
2025-08-21T21:04:45.5473289Z shell: /usr/bin/bash -e {0}
2025-08-21T21:04:45.5473558Z env:
2025-08-21T21:04:45.5473827Z   REDIS_URL: redis://localhost:6379/0
2025-08-21T21:04:45.5474140Z   RATE_LIMIT_DEFAULT: 100/minute
2025-08-21T21:04:45.5474417Z   TRUST_X_FORWARDED: 1
2025-08-21T21:04:45.5474655Z   PG_USER: postgres
2025-08-21T21:04:45.5474885Z   PG_PASSWORD: pass
2025-08-21T21:04:45.5475108Z   PG_DATABASE: awa
2025-08-21T21:04:45.5475345Z   PG_HOST: localhost
2025-08-21T21:04:45.5475568Z   PG_PORT: 5432
2025-08-21T21:04:45.5476045Z   PG_SYNC_DSN: ***localhost:5432/awa
2025-08-21T21:04:45.5476514Z   PG_ASYNC_DSN: ***localhost:5432/awa
2025-08-21T21:04:45.5476997Z   DATABASE_URL: ***localhost:5432/awa
2025-08-21T21:04:45.5477293Z   DATA_DIR: /tmp/awa-data
2025-08-21T21:04:45.5477540Z   ENABLE_LIVE: 0
2025-08-21T21:04:45.5477753Z   TESTING: 1
2025-08-21T21:04:45.5478044Z   pythonLocation: /opt/hostedtoolcache/Python/3.12.11/x64
2025-08-21T21:04:45.5478531Z   PKG_CONFIG_PATH: /opt/hostedtoolcache/Python/3.12.11/x64/lib/pkgconfig
2025-08-21T21:04:45.5479009Z   Python_ROOT_DIR: /opt/hostedtoolcache/Python/3.12.11/x64
2025-08-21T21:04:45.5479615Z   Python2_ROOT_DIR: /opt/hostedtoolcache/Python/3.12.11/x64
2025-08-21T21:04:45.5480048Z   Python3_ROOT_DIR: /opt/hostedtoolcache/Python/3.12.11/x64
2025-08-21T21:04:45.5480726Z   LD_LIBRARY_PATH: /opt/hostedtoolcache/Python/3.12.11/x64/lib
2025-08-21T21:04:45.5481084Z ##[endgroup]
2025-08-21T21:04:45.5542906Z ##[group]postgres container logs
2025-08-21T21:04:45.5668572Z The files belonging to this database system will be owned by user "postgres".
2025-08-21T21:04:45.5669477Z This user must also own the server process.
2025-08-21T21:04:45.5669900Z 
2025-08-21T21:04:45.5670590Z The database cluster will be initialized with locale "en_US.utf8".
2025-08-21T21:04:45.5671519Z The default database encoding has accordingly been set to "UTF8".
2025-08-21T21:04:45.5672408Z The default text search configuration will be set to "english".
2025-08-21T21:04:45.5672888Z 
2025-08-21T21:04:45.5673154Z Data page checksums are disabled.
2025-08-21T21:04:45.5673463Z 
2025-08-21T21:04:45.5673998Z fixing permissions on existing directory /var/lib/postgresql/data ... ok
2025-08-21T21:04:45.5674812Z creating subdirectories ... ok
2025-08-21T21:04:45.5675667Z initdb: warning: enabling "trust" authentication for local connections
2025-08-21T21:04:45.5677060Z initdb: hint: You can change this by editing pg_hba.conf or using the option -A, or --auth-local and --auth-host, the next time you run initdb.
2025-08-21T21:04:45.5678826Z 2025-08-21 21:03:00.313 UTC [1] LOG:  starting PostgreSQL 15.14 (Debian 15.14-1.pgdg13+1) on x86_64-pc-linux-gnu, compiled by gcc (Debian 14.2.0-19) 14.2.0, 64-bit
2025-08-21T21:04:45.5680052Z 2025-08-21 21:03:00.313 UTC [1] LOG:  listening on IPv4 address "0.0.0.0", port 5432
2025-08-21T21:04:45.5681189Z 2025-08-21 21:03:00.313 UTC [1] LOG:  listening on IPv6 address "::", port 5432
2025-08-21T21:04:45.5682192Z 2025-08-21 21:03:00.314 UTC [1] LOG:  listening on Unix socket "/var/run/postgresql/.s.PGSQL.5432"
2025-08-21T21:04:45.5683222Z 2025-08-21 21:03:00.317 UTC [64] LOG:  database system was shut down at 2025-08-21 21:03:00 UTC
2025-08-21T21:04:45.5684224Z 2025-08-21 21:03:00.321 UTC [1] LOG:  database system is ready to accept connections
2025-08-21T21:04:45.5685176Z 2025-08-21 21:04:45.443 UTC [233] ERROR:  value too long for type character varying(32)
2025-08-21T21:04:45.5686826Z 2025-08-21 21:04:45.443 UTC [233] STATEMENT:  UPDATE alembic_version SET version_num='0027_merge_reports_and_refund_heads' WHERE alembic_version.version_num = '0026_fix_refund_views'
2025-08-21T21:04:45.5688621Z selecting dynamic shared memory implementation ... posix
2025-08-21T21:04:45.5689315Z selecting default max_connections ... 100
2025-08-21T21:04:45.5689894Z selecting default shared_buffers ... 128MB
2025-08-21T21:04:45.5690640Z selecting default time zone ... Etc/UTC
2025-08-21T21:04:45.5691147Z creating configuration files ... ok
2025-08-21T21:04:45.5691646Z running bootstrap script ... ok
2025-08-21T21:04:45.5692210Z performing post-bootstrap initialization ... ok
2025-08-21T21:04:45.5692939Z syncing data to disk ... ok
2025-08-21T21:04:45.5693209Z 
2025-08-21T21:04:45.5693219Z 
2025-08-21T21:04:45.5693529Z Success. You can now start the database server using:
2025-08-21T21:04:45.5693754Z 
2025-08-21T21:04:45.5693928Z     pg_ctl -D /var/lib/postgresql/data -l logfile start
2025-08-21T21:04:45.5694137Z 
2025-08-21T21:04:45.5694833Z waiting for server to start....2025-08-21 21:03:00.005 UTC [48] LOG:  starting PostgreSQL 15.14 (Debian 15.14-1.pgdg13+1) on x86_64-pc-linux-gnu, compiled by gcc (Debian 14.2.0-19) 14.2.0, 64-bit
2025-08-21T21:04:45.5695698Z 2025-08-21 21:03:00.005 UTC [48] LOG:  listening on Unix socket "/var/run/postgresql/.s.PGSQL.5432"
2025-08-21T21:04:45.5696307Z 2025-08-21 21:03:00.009 UTC [51] LOG:  database system was shut down at 2025-08-21 21:02:59 UTC
2025-08-21T21:04:45.5696846Z 2025-08-21 21:03:00.013 UTC [48] LOG:  database system is ready to accept connections
2025-08-21T21:04:45.5697173Z  done
2025-08-21T21:04:45.5697347Z server started
2025-08-21T21:04:45.5697522Z CREATE DATABASE
2025-08-21T21:04:45.5697838Z 
2025-08-21T21:04:45.5697844Z 
2025-08-21T21:04:45.5698149Z /usr/local/bin/docker-entrypoint.sh: ignoring /docker-entrypoint-initdb.d/*
2025-08-21T21:04:45.5698448Z 
2025-08-21T21:04:45.5698677Z 2025-08-21 21:03:00.193 UTC [48] LOG:  received fast shutdown request
2025-08-21T21:04:45.5699247Z waiting for server to shut down....2025-08-21 21:03:00.194 UTC [48] LOG:  aborting any active transactions
2025-08-21T21:04:45.5699967Z 2025-08-21 21:03:00.195 UTC [48] LOG:  background worker "logical replication launcher" (PID 54) exited with exit code 1
2025-08-21T21:04:45.5700745Z 2025-08-21 21:03:00.195 UTC [49] LOG:  shutting down
2025-08-21T21:04:45.5701192Z 2025-08-21 21:03:00.196 UTC [49] LOG:  checkpoint starting: shutdown immediate
2025-08-21T21:04:45.5702288Z 2025-08-21 21:03:00.214 UTC [49] LOG:  checkpoint complete: wrote 922 buffers (5.6%); 0 WAL file(s) added, 0 removed, 0 recycled; write=0.016 s, sync=0.002 s, total=0.019 s; sync files=301, longest=0.001 s, average=0.001 s; distance=4239 kB, estimate=4239 kB
2025-08-21T21:04:45.5703185Z 2025-08-21 21:03:00.221 UTC [48] LOG:  database system is shut down
2025-08-21T21:04:45.5703476Z  done
2025-08-21T21:04:45.5703643Z server stopped
2025-08-21T21:04:45.5703756Z 
2025-08-21T21:04:45.5703954Z PostgreSQL init process complete; ready for start up.
2025-08-21T21:04:45.5704164Z 
2025-08-21T21:04:45.5704479Z ##[endgroup]
2025-08-21T21:04:45.5759228Z Post job cleanup.
2025-08-21T21:04:45.6541832Z [command]/usr/bin/git version
2025-08-21T21:04:45.6579710Z git version 2.51.0
2025-08-21T21:04:45.6616267Z Temporarily overriding HOME='/home/runner/work/_temp/10c8e923-22d2-4108-a4a8-a56889c94920' before making global git config changes
2025-08-21T21:04:45.6618152Z Adding repository directory to the temporary git global config as a safe directory
2025-08-21T21:04:45.6622130Z [command]/usr/bin/git config --global --add safe.directory /home/runner/work/AWA-App/AWA-App
2025-08-21T21:04:45.6658483Z [command]/usr/bin/git config --local --name-only --get-regexp core\.sshCommand
2025-08-21T21:04:45.6693793Z [command]/usr/bin/git submodule foreach --recursive sh -c "git config --local --name-only --get-regexp 'core\.sshCommand' && git config --local --unset-all 'core.sshCommand' || :"
2025-08-21T21:04:45.6926236Z [command]/usr/bin/git config --local --name-only --get-regexp http\.https\:\/\/github\.com\/\.extraheader
2025-08-21T21:04:45.6949204Z http.https://github.com/.extraheader
2025-08-21T21:04:45.6959262Z [command]/usr/bin/git config --local --unset-all http.https://github.com/.extraheader
2025-08-21T21:04:45.6991033Z [command]/usr/bin/git submodule foreach --recursive sh -c "git config --local --name-only --get-regexp 'http\.https\:\/\/github\.com\/\.extraheader' && git config --local --unset-all 'http.https://github.com/.extraheader' || :"
2025-08-21T21:04:45.7313165Z Print service container logs: 143ecaf5957a44f1b3c54b64e9a98879_postgres15_94a7bb
2025-08-21T21:04:45.7317930Z ##[command]/usr/bin/docker logs --details d4dc7e38857565494d4077b14a27126ce35930dd89f938ab9c3e664799c18741
2025-08-21T21:04:45.7444165Z  The files belonging to this database system will be owned by user "postgres".
2025-08-21T21:04:45.7445960Z  initdb: warning: enabling "trust" authentication for local connections
2025-08-21T21:04:45.7447083Z  initdb: hint: You can change this by editing pg_hba.conf or using the option -A, or --auth-local and --auth-host, the next time you run initdb.
2025-08-21T21:04:45.7448534Z  2025-08-21 21:03:00.313 UTC [1] LOG:  starting PostgreSQL 15.14 (Debian 15.14-1.pgdg13+1) on x86_64-pc-linux-gnu, compiled by gcc (Debian 14.2.0-19) 14.2.0, 64-bit
2025-08-21T21:04:45.7449426Z  2025-08-21 21:03:00.313 UTC [1] LOG:  listening on IPv4 address "0.0.0.0", port 5432
2025-08-21T21:04:45.7450012Z  2025-08-21 21:03:00.313 UTC [1] LOG:  listening on IPv6 address "::", port 5432
2025-08-21T21:04:45.7450889Z  2025-08-21 21:03:00.314 UTC [1] LOG:  listening on Unix socket "/var/run/postgresql/.s.PGSQL.5432"
2025-08-21T21:04:45.7451499Z  2025-08-21 21:03:00.317 UTC [64] LOG:  database system was shut down at 2025-08-21 21:03:00 UTC
2025-08-21T21:04:45.7452325Z  2025-08-21 21:03:00.321 UTC [1] LOG:  database system is ready to accept connections
2025-08-21T21:04:45.7452851Z  2025-08-21 21:04:45.443 UTC [233] ERROR:  value too long for type character varying(32)
2025-08-21T21:04:45.7453743Z  2025-08-21 21:04:45.443 UTC [233] STATEMENT:  UPDATE alembic_version SET version_num='0027_merge_reports_and_refund_heads' WHERE alembic_version.version_num = '0026_fix_refund_views'
2025-08-21T21:04:45.7454550Z  This user must also own the server process.
2025-08-21T21:04:45.7454881Z  
2025-08-21T21:04:45.7455193Z  The database cluster will be initialized with locale "en_US.utf8".
2025-08-21T21:04:45.7455796Z  The default database encoding has accordingly been set to "UTF8".
2025-08-21T21:04:45.7456730Z  The default text search configuration will be set to "english".
2025-08-21T21:04:45.7457210Z  
2025-08-21T21:04:45.7457466Z  Data page checksums are disabled.
2025-08-21T21:04:45.7457752Z  
2025-08-21T21:04:45.7458082Z  fixing permissions on existing directory /var/lib/postgresql/data ... ok
2025-08-21T21:04:45.7458496Z  creating subdirectories ... ok
2025-08-21T21:04:45.7458801Z  selecting dynamic shared memory implementation ... posix
2025-08-21T21:04:45.7459131Z  selecting default max_connections ... 100
2025-08-21T21:04:45.7459402Z  selecting default shared_buffers ... 128MB
2025-08-21T21:04:45.7459667Z  selecting default time zone ... Etc/UTC
2025-08-21T21:04:45.7459927Z  creating configuration files ... ok
2025-08-21T21:04:45.7460181Z  running bootstrap script ... ok
2025-08-21T21:04:45.7460746Z  performing post-bootstrap initialization ... ok
2025-08-21T21:04:45.7461037Z  syncing data to disk ... ok
2025-08-21T21:04:45.7461246Z  
2025-08-21T21:04:45.7461399Z  
2025-08-21T21:04:45.7461608Z  Success. You can now start the database server using:
2025-08-21T21:04:45.7461879Z  
2025-08-21T21:04:45.7462090Z      pg_ctl -D /var/lib/postgresql/data -l logfile start
2025-08-21T21:04:45.7462355Z  
2025-08-21T21:04:45.7462895Z  waiting for server to start....2025-08-21 21:03:00.005 UTC [48] LOG:  starting PostgreSQL 15.14 (Debian 15.14-1.pgdg13+1) on x86_64-pc-linux-gnu, compiled by gcc (Debian 14.2.0-19) 14.2.0, 64-bit
2025-08-21T21:04:45.7463648Z  2025-08-21 21:03:00.005 UTC [48] LOG:  listening on Unix socket "/var/run/postgresql/.s.PGSQL.5432"
2025-08-21T21:04:45.7464138Z  2025-08-21 21:03:00.009 UTC [51] LOG:  database system was shut down at 2025-08-21 21:02:59 UTC
2025-08-21T21:04:45.7464581Z  2025-08-21 21:03:00.013 UTC [48] LOG:  database system is ready to accept connections
2025-08-21T21:04:45.7464923Z   done
2025-08-21T21:04:45.7465147Z  server started
2025-08-21T21:04:45.7465327Z  CREATE DATABASE
2025-08-21T21:04:45.7465501Z  
2025-08-21T21:04:45.7465649Z  
2025-08-21T21:04:45.7466172Z  /usr/local/bin/docker-entrypoint.sh: ignoring /docker-entrypoint-initdb.d/*
2025-08-21T21:04:45.7466543Z  
2025-08-21T21:04:45.7466763Z  2025-08-21 21:03:00.193 UTC [48] LOG:  received fast shutdown request
2025-08-21T21:04:45.7467224Z  waiting for server to shut down....2025-08-21 21:03:00.194 UTC [48] LOG:  aborting any active transactions
2025-08-21T21:04:45.7467828Z  2025-08-21 21:03:00.195 UTC [48] LOG:  background worker "logical replication launcher" (PID 54) exited with exit code 1
2025-08-21T21:04:45.7468292Z  2025-08-21 21:03:00.195 UTC [49] LOG:  shutting down
2025-08-21T21:04:45.7468631Z  2025-08-21 21:03:00.196 UTC [49] LOG:  checkpoint starting: shutdown immediate
2025-08-21T21:04:45.7469434Z  2025-08-21 21:03:00.214 UTC [49] LOG:  checkpoint complete: wrote 922 buffers (5.6%); 0 WAL file(s) added, 0 removed, 0 recycled; write=0.016 s, sync=0.002 s, total=0.019 s; sync files=301, longest=0.001 s, average=0.001 s; distance=4239 kB, estimate=4239 kB
2025-08-21T21:04:45.7470224Z  2025-08-21 21:03:00.221 UTC [48] LOG:  database system is shut down
2025-08-21T21:04:45.7470776Z   done
2025-08-21T21:04:45.7470955Z  server stopped
2025-08-21T21:04:45.7471133Z  
2025-08-21T21:04:45.7471355Z  PostgreSQL init process complete; ready for start up.
2025-08-21T21:04:45.7471776Z  
2025-08-21T21:04:45.7476893Z Stop and remove container: 143ecaf5957a44f1b3c54b64e9a98879_postgres15_94a7bb
2025-08-21T21:04:45.7482056Z ##[command]/usr/bin/docker rm --force d4dc7e38857565494d4077b14a27126ce35930dd89f938ab9c3e664799c18741
2025-08-21T21:04:46.6180838Z d4dc7e38857565494d4077b14a27126ce35930dd89f938ab9c3e664799c18741
2025-08-21T21:04:46.6202955Z Print service container logs: 06933ecaaacd419c8f035e596b310f4c_redis7alpine_980fba
2025-08-21T21:04:46.6204675Z ##[command]/usr/bin/docker logs --details e37eeea03097603eb7a505bd3932a91449e3983f664f4e864bdf3f132c146164
2025-08-21T21:04:46.6337748Z  1:C 21 Aug 2025 21:03:01.758 # WARNING Memory overcommit must be enabled! Without it, a background save or replication may fail under low memory condition. Being disabled, it can also cause failures without low memory condition, see https://github.com/jemalloc/jemalloc/issues/1328. To fix this issue add 'vm.overcommit_memory = 1' to /etc/sysctl.conf and then reboot or run the command 'sysctl vm.overcommit_memory=1' for this to take effect.
2025-08-21T21:04:46.6340733Z  1:C 21 Aug 2025 21:03:01.758 * oO0OoO0OoO0Oo Redis is starting oO0OoO0OoO0Oo
2025-08-21T21:04:46.6342879Z  1:C 21 Aug 2025 21:03:01.758 * Redis version=7.4.5, bits=64, commit=00000000, modified=0, pid=1, just started
2025-08-21T21:04:46.6344414Z  1:C 21 Aug 2025 21:03:01.758 # Warning: no config file specified, using the default config. In order to specify a config file use redis-server /path/to/redis.conf
2025-08-21T21:04:46.6345848Z  1:M 21 Aug 2025 21:03:01.759 * monotonic clock: POSIX clock_gettime
2025-08-21T21:04:46.6346446Z  1:M 21 Aug 2025 21:03:01.759 * Running mode=standalone, port=6379.
2025-08-21T21:04:46.6346916Z  1:M 21 Aug 2025 21:03:01.759 * Server initialized
2025-08-21T21:04:46.6347369Z  1:M 21 Aug 2025 21:03:01.759 * Ready to accept connections tcp
2025-08-21T21:04:46.6351402Z Stop and remove container: 06933ecaaacd419c8f035e596b310f4c_redis7alpine_980fba
2025-08-21T21:04:46.6352486Z ##[command]/usr/bin/docker rm --force e37eeea03097603eb7a505bd3932a91449e3983f664f4e864bdf3f132c146164
2025-08-21T21:04:46.7533385Z e37eeea03097603eb7a505bd3932a91449e3983f664f4e864bdf3f132c146164
2025-08-21T21:04:46.7557873Z Remove container network: github_network_95f8df1735fe4ea3b90880ba99f57843
2025-08-21T21:04:46.7562642Z ##[command]/usr/bin/docker network rm github_network_95f8df1735fe4ea3b90880ba99f57843
2025-08-21T21:04:46.8928961Z github_network_95f8df1735fe4ea3b90880ba99f57843
2025-08-21T21:04:46.8990861Z Cleaning up orphan processes
