2025-08-17T17:31:37.1738662Z Current runner version: '2.327.1'
2025-08-17T17:31:37.1762085Z ##[group]Runner Image Provisioner
2025-08-17T17:31:37.1762890Z Hosted Compute Agent
2025-08-17T17:31:37.1763521Z Version: 20250812.370
2025-08-17T17:31:37.1764138Z Commit: 4a2b2bf7520004e3e907c2150c8cabe342a3da32
2025-08-17T17:31:37.1764824Z Build Date: 2025-08-12T16:08:14Z
2025-08-17T17:31:37.1765408Z ##[endgroup]
2025-08-17T17:31:37.1765976Z ##[group]Operating System
2025-08-17T17:31:37.1766502Z Ubuntu
2025-08-17T17:31:37.1767010Z 24.04.2
2025-08-17T17:31:37.1767451Z LTS
2025-08-17T17:31:37.1768265Z ##[endgroup]
2025-08-17T17:31:37.1768831Z ##[group]Runner Image
2025-08-17T17:31:37.1769392Z Image: ubuntu-24.04
2025-08-17T17:31:37.1769903Z Version: 20250810.1.0
2025-08-17T17:31:37.1770849Z Included Software: https://github.com/actions/runner-images/blob/ubuntu24/20250810.1/images/ubuntu/Ubuntu2404-Readme.md
2025-08-17T17:31:37.1772500Z Image Release: https://github.com/actions/runner-images/releases/tag/ubuntu24%2F20250810.1
2025-08-17T17:31:37.1773515Z ##[endgroup]
2025-08-17T17:31:37.1775998Z ##[group]GITHUB_TOKEN Permissions
2025-08-17T17:31:37.1778232Z Actions: write
2025-08-17T17:31:37.1778909Z Attestations: write
2025-08-17T17:31:37.1779387Z Checks: write
2025-08-17T17:31:37.1779856Z Contents: write
2025-08-17T17:31:37.1780468Z Deployments: write
2025-08-17T17:31:37.1781030Z Discussions: write
2025-08-17T17:31:37.1781549Z Issues: write
2025-08-17T17:31:37.1782127Z Metadata: read
2025-08-17T17:31:37.1782623Z Models: read
2025-08-17T17:31:37.1783142Z Packages: write
2025-08-17T17:31:37.1783707Z Pages: write
2025-08-17T17:31:37.1784216Z PullRequests: write
2025-08-17T17:31:37.1784770Z RepositoryProjects: write
2025-08-17T17:31:37.1785373Z SecurityEvents: write
2025-08-17T17:31:37.1786057Z Statuses: write
2025-08-17T17:31:37.1786574Z ##[endgroup]
2025-08-17T17:31:37.1788909Z Secret source: Actions
2025-08-17T17:31:37.1789606Z Prepare workflow directory
2025-08-17T17:31:37.2235371Z Prepare all required actions
2025-08-17T17:31:37.2291803Z Getting action download info
2025-08-17T17:31:37.6367290Z Download action repository 'actions/checkout@v4' (SHA:08eba0b27e820071cde6df949e0beb9ba4906955)
2025-08-17T17:31:37.8886531Z Download action repository 'actions/setup-python@v5' (SHA:a26af69be951a213d495a4c3e4e4022e16d87065)
2025-08-17T17:31:38.1142408Z Download action repository 'actions/cache@v4' (SHA:0400d5f644dc74513175e3cd8d07132dd4860809)
2025-08-17T17:31:38.3536882Z Download action repository 'actions/setup-node@v4' (SHA:49933ea5288caeca8642d1e84afbd3f7d6820020)
2025-08-17T17:31:38.4442050Z Download action repository 'codecov/codecov-action@v4' (SHA:b9fd7d16f6d7d1b5d2bec1a2887e65ceed900238)
2025-08-17T17:31:38.7353409Z Complete job name: test
2025-08-17T17:31:38.7944472Z ##[group]Checking docker version
2025-08-17T17:31:38.7958474Z ##[command]/usr/bin/docker version --format '{{.Server.APIVersion}}'
2025-08-17T17:31:38.8445112Z '1.48'
2025-08-17T17:31:38.8457878Z Docker daemon API version: '1.48'
2025-08-17T17:31:38.8459350Z ##[command]/usr/bin/docker version --format '{{.Client.APIVersion}}'
2025-08-17T17:31:38.8630822Z '1.48'
2025-08-17T17:31:38.8645838Z Docker client API version: '1.48'
2025-08-17T17:31:38.8652521Z ##[endgroup]
2025-08-17T17:31:38.8655991Z ##[group]Clean up resources from previous jobs
2025-08-17T17:31:38.8662471Z ##[command]/usr/bin/docker ps --all --quiet --no-trunc --filter "label=17f9ef"
2025-08-17T17:31:38.8817636Z ##[command]/usr/bin/docker network prune --force --filter "label=17f9ef"
2025-08-17T17:31:38.8948509Z ##[endgroup]
2025-08-17T17:31:38.8949370Z ##[group]Create local container network
2025-08-17T17:31:38.8960910Z ##[command]/usr/bin/docker network create --label 17f9ef github_network_0751398971b0425a965854c50ccd0b8f
2025-08-17T17:31:38.9460454Z 73f7284985ee93971d021cf87cfade9c7d700e0adcb8fc562c7b4a3775e11ceb
2025-08-17T17:31:38.9477313Z ##[endgroup]
2025-08-17T17:31:38.9503591Z ##[group]Starting postgres service container
2025-08-17T17:31:38.9523376Z ##[command]/usr/bin/docker pull postgres:15
2025-08-17T17:31:39.1551427Z 15: Pulling from library/postgres
2025-08-17T17:31:39.2160981Z 396b1da7636e: Pulling fs layer
2025-08-17T17:31:39.2162720Z fca2566eba32: Pulling fs layer
2025-08-17T17:31:39.2163851Z 631fe8c6d606: Pulling fs layer
2025-08-17T17:31:39.2165587Z 77c7671c4414: Pulling fs layer
2025-08-17T17:31:39.2169589Z 2d9e29180a27: Pulling fs layer
2025-08-17T17:31:39.2171263Z c6bcc2c9a041: Pulling fs layer
2025-08-17T17:31:39.2172688Z ac4b721eb66f: Pulling fs layer
2025-08-17T17:31:39.2174048Z 606bd164980e: Pulling fs layer
2025-08-17T17:31:39.2176620Z f5dfd246bc6e: Pulling fs layer
2025-08-17T17:31:39.2178136Z ba7036bb0a60: Pulling fs layer
2025-08-17T17:31:39.2179077Z 799f859abbbd: Pulling fs layer
2025-08-17T17:31:39.2180029Z d903e777080c: Pulling fs layer
2025-08-17T17:31:39.2180930Z 04adcb462801: Pulling fs layer
2025-08-17T17:31:39.2181818Z 5c10925b29ff: Pulling fs layer
2025-08-17T17:31:39.2182699Z 606bd164980e: Waiting
2025-08-17T17:31:39.2183473Z f5dfd246bc6e: Waiting
2025-08-17T17:31:39.2184299Z ba7036bb0a60: Waiting
2025-08-17T17:31:39.2185086Z 2d9e29180a27: Waiting
2025-08-17T17:31:39.2186165Z 799f859abbbd: Waiting
2025-08-17T17:31:39.2187441Z c6bcc2c9a041: Waiting
2025-08-17T17:31:39.2188970Z ac4b721eb66f: Waiting
2025-08-17T17:31:39.2190312Z d903e777080c: Waiting
2025-08-17T17:31:39.2191673Z 77c7671c4414: Waiting
2025-08-17T17:31:39.3918471Z 631fe8c6d606: Verifying Checksum
2025-08-17T17:31:39.3920580Z 631fe8c6d606: Download complete
2025-08-17T17:31:39.3954834Z fca2566eba32: Verifying Checksum
2025-08-17T17:31:39.3956424Z fca2566eba32: Download complete
2025-08-17T17:31:39.4489369Z 77c7671c4414: Verifying Checksum
2025-08-17T17:31:39.4491090Z 77c7671c4414: Download complete
2025-08-17T17:31:39.4709319Z 396b1da7636e: Verifying Checksum
2025-08-17T17:31:39.4712810Z 396b1da7636e: Download complete
2025-08-17T17:31:39.5267592Z ac4b721eb66f: Verifying Checksum
2025-08-17T17:31:39.5289896Z ac4b721eb66f: Download complete
2025-08-17T17:31:39.5347885Z c6bcc2c9a041: Verifying Checksum
2025-08-17T17:31:39.5351074Z c6bcc2c9a041: Download complete
2025-08-17T17:31:39.5996980Z 606bd164980e: Verifying Checksum
2025-08-17T17:31:39.5999525Z 606bd164980e: Download complete
2025-08-17T17:31:39.6011272Z 2d9e29180a27: Verifying Checksum
2025-08-17T17:31:39.6014050Z 2d9e29180a27: Download complete
2025-08-17T17:31:39.6554009Z ba7036bb0a60: Verifying Checksum
2025-08-17T17:31:39.6555932Z ba7036bb0a60: Download complete
2025-08-17T17:31:39.6721029Z 799f859abbbd: Verifying Checksum
2025-08-17T17:31:39.6722689Z 799f859abbbd: Download complete
2025-08-17T17:31:39.7150983Z d903e777080c: Verifying Checksum
2025-08-17T17:31:39.7152734Z d903e777080c: Download complete
2025-08-17T17:31:39.7531906Z 04adcb462801: Verifying Checksum
2025-08-17T17:31:39.7533941Z 04adcb462801: Download complete
2025-08-17T17:31:39.7954429Z 5c10925b29ff: Verifying Checksum
2025-08-17T17:31:39.7956175Z 5c10925b29ff: Download complete
2025-08-17T17:31:40.5401510Z 396b1da7636e: Pull complete
2025-08-17T17:31:41.1416925Z f5dfd246bc6e: Verifying Checksum
2025-08-17T17:31:41.1418051Z f5dfd246bc6e: Download complete
2025-08-17T17:31:41.1583160Z fca2566eba32: Pull complete
2025-08-17T17:31:41.3276599Z 631fe8c6d606: Pull complete
2025-08-17T17:31:41.3694095Z 77c7671c4414: Pull complete
2025-08-17T17:31:41.6684199Z 2d9e29180a27: Pull complete
2025-08-17T17:31:41.7602740Z c6bcc2c9a041: Pull complete
2025-08-17T17:31:41.7693366Z ac4b721eb66f: Pull complete
2025-08-17T17:31:41.7791558Z 606bd164980e: Pull complete
2025-08-17T17:31:44.7202812Z f5dfd246bc6e: Pull complete
2025-08-17T17:31:44.7359828Z ba7036bb0a60: Pull complete
2025-08-17T17:31:44.7473963Z 799f859abbbd: Pull complete
2025-08-17T17:31:44.7573612Z d903e777080c: Pull complete
2025-08-17T17:31:44.7694488Z 04adcb462801: Pull complete
2025-08-17T17:31:44.7805128Z 5c10925b29ff: Pull complete
2025-08-17T17:31:44.7849047Z Digest: sha256:bc51cf4f1fe02cce7ed2370b20128a9b00b4eb804573a77d2a0d877aaa9c82b1
2025-08-17T17:31:44.7861940Z Status: Downloaded newer image for postgres:15
2025-08-17T17:31:44.7872829Z docker.io/library/postgres:15
2025-08-17T17:31:44.7932805Z ##[command]/usr/bin/docker create --name 6d4d610ee2f145358ddaf4584b1720cf_postgres15_32b92d --label 17f9ef --network github_network_0751398971b0425a965854c50ccd0b8f --network-alias postgres -p 5432:5432 --health-cmd="pg_isready -U postgres -d awa" --health-interval=5s --health-timeout=5s --health-retries=10 -e "POSTGRES_USER=postgres" -e "POSTGRES_PASSWORD=pass" -e "POSTGRES_DB=awa" -e GITHUB_ACTIONS=true -e CI=true postgres:15
2025-08-17T17:31:44.8198136Z 2c8a027225602ff2c4c5bdc95647a2b914da5fd0f9a82bbcf07751a111465389
2025-08-17T17:31:44.8221714Z ##[command]/usr/bin/docker start 2c8a027225602ff2c4c5bdc95647a2b914da5fd0f9a82bbcf07751a111465389
2025-08-17T17:31:45.0141521Z 2c8a027225602ff2c4c5bdc95647a2b914da5fd0f9a82bbcf07751a111465389
2025-08-17T17:31:45.0165069Z ##[command]/usr/bin/docker ps --all --filter id=2c8a027225602ff2c4c5bdc95647a2b914da5fd0f9a82bbcf07751a111465389 --filter status=running --no-trunc --format "{{.ID}} {{.Status}}"
2025-08-17T17:31:45.0286563Z 2c8a027225602ff2c4c5bdc95647a2b914da5fd0f9a82bbcf07751a111465389 Up Less than a second (health: starting)
2025-08-17T17:31:45.0309264Z ##[command]/usr/bin/docker port 2c8a027225602ff2c4c5bdc95647a2b914da5fd0f9a82bbcf07751a111465389
2025-08-17T17:31:45.0469709Z 5432/tcp -> 0.0.0.0:5432
2025-08-17T17:31:45.0472001Z 5432/tcp -> [::]:5432
2025-08-17T17:31:45.0517982Z ##[endgroup]
2025-08-17T17:31:45.0526258Z ##[group]Waiting for all services to be ready
2025-08-17T17:31:45.0540673Z ##[command]/usr/bin/docker inspect --format="{{if .Config.Healthcheck}}{{print .State.Health.Status}}{{end}}" 2c8a027225602ff2c4c5bdc95647a2b914da5fd0f9a82bbcf07751a111465389
2025-08-17T17:31:45.0680386Z starting
2025-08-17T17:31:45.0704225Z postgres service is starting, waiting 2 seconds before checking again.
2025-08-17T17:31:47.0702123Z ##[command]/usr/bin/docker inspect --format="{{if .Config.Healthcheck}}{{print .State.Health.Status}}{{end}}" 2c8a027225602ff2c4c5bdc95647a2b914da5fd0f9a82bbcf07751a111465389
2025-08-17T17:31:47.0823578Z starting
2025-08-17T17:31:47.0838041Z postgres service is starting, waiting 4 seconds before checking again.
2025-08-17T17:31:51.1987033Z ##[command]/usr/bin/docker inspect --format="{{if .Config.Healthcheck}}{{print .State.Health.Status}}{{end}}" 2c8a027225602ff2c4c5bdc95647a2b914da5fd0f9a82bbcf07751a111465389
2025-08-17T17:31:51.2108849Z healthy
2025-08-17T17:31:51.2126272Z postgres service is healthy.
2025-08-17T17:31:51.2126988Z ##[endgroup]
2025-08-17T17:31:51.2363071Z ##[group]Run actions/checkout@v4
2025-08-17T17:31:51.2363592Z with:
2025-08-17T17:31:51.2363769Z   fetch-depth: 0
2025-08-17T17:31:51.2363980Z   repository: AlexBomber12/AWA-App
2025-08-17T17:31:51.2364361Z   token: ***
2025-08-17T17:31:51.2364547Z   ssh-strict: true
2025-08-17T17:31:51.2364728Z   ssh-user: git
2025-08-17T17:31:51.2364909Z   persist-credentials: true
2025-08-17T17:31:51.2365127Z   clean: true
2025-08-17T17:31:51.2365308Z   sparse-checkout-cone-mode: true
2025-08-17T17:31:51.2365533Z   fetch-tags: false
2025-08-17T17:31:51.2365728Z   show-progress: true
2025-08-17T17:31:51.2365910Z   lfs: false
2025-08-17T17:31:51.2366069Z   submodules: false
2025-08-17T17:31:51.2366260Z   set-safe-directory: true
2025-08-17T17:31:51.2366637Z ##[endgroup]
2025-08-17T17:31:51.3461206Z Syncing repository: AlexBomber12/AWA-App
2025-08-17T17:31:51.3463076Z ##[group]Getting Git version info
2025-08-17T17:31:51.3463696Z Working directory is '/home/runner/work/AWA-App/AWA-App'
2025-08-17T17:31:51.3464624Z [command]/usr/bin/git version
2025-08-17T17:31:51.3499231Z git version 2.50.1
2025-08-17T17:31:51.3525086Z ##[endgroup]
2025-08-17T17:31:51.3539980Z Temporarily overriding HOME='/home/runner/work/_temp/1f67f732-866a-4ad4-91bb-f9469f99cf94' before making global git config changes
2025-08-17T17:31:51.3541221Z Adding repository directory to the temporary git global config as a safe directory
2025-08-17T17:31:51.3552641Z [command]/usr/bin/git config --global --add safe.directory /home/runner/work/AWA-App/AWA-App
2025-08-17T17:31:51.3586434Z Deleting the contents of '/home/runner/work/AWA-App/AWA-App'
2025-08-17T17:31:51.3590309Z ##[group]Initializing the repository
2025-08-17T17:31:51.3594517Z [command]/usr/bin/git init /home/runner/work/AWA-App/AWA-App
2025-08-17T17:31:51.3659326Z hint: Using 'master' as the name for the initial branch. This default branch name
2025-08-17T17:31:51.3660318Z hint: is subject to change. To configure the initial branch name to use in all
2025-08-17T17:31:51.3661104Z hint: of your new repositories, which will suppress this warning, call:
2025-08-17T17:31:51.3661626Z hint:
2025-08-17T17:31:51.3662041Z hint: 	git config --global init.defaultBranch <name>
2025-08-17T17:31:51.3662548Z hint:
2025-08-17T17:31:51.3662972Z hint: Names commonly chosen instead of 'master' are 'main', 'trunk' and
2025-08-17T17:31:51.3663453Z hint: 'development'. The just-created branch can be renamed via this command:
2025-08-17T17:31:51.3663954Z hint:
2025-08-17T17:31:51.3664292Z hint: 	git branch -m <name>
2025-08-17T17:31:51.3664660Z hint:
2025-08-17T17:31:51.3665205Z hint: Disable this message with "git config set advice.defaultBranchName false"
2025-08-17T17:31:51.3666088Z Initialized empty Git repository in /home/runner/work/AWA-App/AWA-App/.git/
2025-08-17T17:31:51.3674588Z [command]/usr/bin/git remote add origin https://github.com/AlexBomber12/AWA-App
2025-08-17T17:31:51.3705148Z ##[endgroup]
2025-08-17T17:31:51.3705761Z ##[group]Disabling automatic garbage collection
2025-08-17T17:31:51.3709168Z [command]/usr/bin/git config --local gc.auto 0
2025-08-17T17:31:51.3742209Z ##[endgroup]
2025-08-17T17:31:51.3742557Z ##[group]Setting up auth
2025-08-17T17:31:51.3742935Z [command]/usr/bin/git config --local --name-only --get-regexp core\.sshCommand
2025-08-17T17:31:51.3770594Z [command]/usr/bin/git submodule foreach --recursive sh -c "git config --local --name-only --get-regexp 'core\.sshCommand' && git config --local --unset-all 'core.sshCommand' || :"
2025-08-17T17:31:51.4028810Z [command]/usr/bin/git config --local --name-only --get-regexp http\.https\:\/\/github\.com\/\.extraheader
2025-08-17T17:31:51.4056443Z [command]/usr/bin/git submodule foreach --recursive sh -c "git config --local --name-only --get-regexp 'http\.https\:\/\/github\.com\/\.extraheader' && git config --local --unset-all 'http.https://github.com/.extraheader' || :"
2025-08-17T17:31:51.4270944Z [command]/usr/bin/git config --local http.https://github.com/.extraheader AUTHORIZATION: basic ***
2025-08-17T17:31:51.4303528Z ##[endgroup]
2025-08-17T17:31:51.4303946Z ##[group]Fetching the repository
2025-08-17T17:31:51.4319899Z [command]/usr/bin/git -c protocol.version=2 fetch --prune --no-recurse-submodules origin +refs/heads/*:refs/remotes/origin/* +refs/tags/*:refs/tags/*
2025-08-17T17:31:52.4342243Z From https://github.com/AlexBomber12/AWA-App
2025-08-17T17:31:52.4343215Z  * [new branch]      codex/fix-ci-workflows-based-on-log-analysis -> origin/codex/fix-ci-workflows-based-on-log-analysis
2025-08-17T17:31:52.4344275Z  * [new branch]      codex/fix-ci-workflows-to-pass-all-tests -> origin/codex/fix-ci-workflows-to-pass-all-tests
2025-08-17T17:31:52.4345414Z  * [new branch]      codex/implement-background-file-ingest-with-celery -> origin/codex/implement-background-file-ingest-with-celery
2025-08-17T17:31:52.4346847Z  * [new branch]      codex/implement-minimal-ci-fixes-from-logs -> origin/codex/implement-minimal-ci-fixes-from-logs
2025-08-17T17:31:52.4349202Z  * [new branch]      gh-pages   -> origin/gh-pages
2025-08-17T17:31:52.4351260Z  * [new branch]      main       -> origin/main
2025-08-17T17:31:52.4352469Z  * [new tag]         0.3.0      -> 0.3.0
2025-08-17T17:31:52.4386548Z [command]/usr/bin/git branch --list --remote origin/main
2025-08-17T17:31:52.4408734Z   origin/main
2025-08-17T17:31:52.4416712Z [command]/usr/bin/git rev-parse refs/remotes/origin/main
2025-08-17T17:31:52.4436371Z 3742c145e19ee92177faf0f1b86c13eafdd68a0a
2025-08-17T17:31:52.4441219Z ##[endgroup]
2025-08-17T17:31:52.4441609Z ##[group]Determining the checkout info
2025-08-17T17:31:52.4442506Z ##[endgroup]
2025-08-17T17:31:52.4446740Z [command]/usr/bin/git sparse-checkout disable
2025-08-17T17:31:52.4481412Z [command]/usr/bin/git config --local --unset-all extensions.worktreeConfig
2025-08-17T17:31:52.4506480Z ##[group]Checking out the ref
2025-08-17T17:31:52.4510734Z [command]/usr/bin/git checkout --progress --force -B main refs/remotes/origin/main
2025-08-17T17:31:52.4918844Z Switched to a new branch 'main'
2025-08-17T17:31:52.4921955Z branch 'main' set up to track 'origin/main'.
2025-08-17T17:31:52.4932753Z ##[endgroup]
2025-08-17T17:31:52.4970499Z [command]/usr/bin/git log -1 --format=%H
2025-08-17T17:31:52.4992502Z 3742c145e19ee92177faf0f1b86c13eafdd68a0a
2025-08-17T17:31:52.5149717Z ##[group]Run cat .env.ci >> "$GITHUB_ENV"
2025-08-17T17:31:52.5150060Z [36;1mcat .env.ci >> "$GITHUB_ENV"[0m
2025-08-17T17:31:52.5150771Z [36;1mecho "DATABASE_URL=***localhost:5432/awa" >> "$GITHUB_ENV"[0m
2025-08-17T17:31:52.5151119Z [36;1mecho "PG_HOST=localhost" >> "$GITHUB_ENV"[0m
2025-08-17T17:31:52.5151401Z [36;1mecho "PG_PORT=5432" >> "$GITHUB_ENV"[0m
2025-08-17T17:31:52.5151692Z [36;1mecho "PG_USER=postgres" >> "$GITHUB_ENV"[0m
2025-08-17T17:31:52.5151967Z [36;1mecho "PG_PASSWORD=pass" >> "$GITHUB_ENV"[0m
2025-08-17T17:31:52.5152239Z [36;1mecho "PG_DATABASE=awa" >> "$GITHUB_ENV"[0m
2025-08-17T17:31:52.5197337Z shell: /usr/bin/bash -e {0}
2025-08-17T17:31:52.5197573Z ##[endgroup]
2025-08-17T17:31:52.5369105Z ##[group]Run actions/setup-python@v5
2025-08-17T17:31:52.5369370Z with:
2025-08-17T17:31:52.5369544Z   python-version: 3.12
2025-08-17T17:31:52.5369741Z   cache: pip
2025-08-17T17:31:52.5370494Z   cache-dependency-path: requirements-dev.txt
services/etl/requirements.txt
services/api/requirements.txt
services/repricer/requirements.txt
services/fees_h10/requirements.txt
services/alert_bot/requirements.txt

2025-08-17T17:31:52.5371305Z   check-latest: false
2025-08-17T17:31:52.5371631Z   token: ***
2025-08-17T17:31:52.5371817Z   update-environment: true
2025-08-17T17:31:52.5372031Z   allow-prereleases: false
2025-08-17T17:31:52.5372238Z   freethreaded: false
2025-08-17T17:31:52.5372419Z env:
2025-08-17T17:31:52.5372569Z   PG_USER: postgres
2025-08-17T17:31:52.5372747Z   PG_PASSWORD: pass
2025-08-17T17:31:52.5372914Z   PG_DATABASE: awa
2025-08-17T17:31:52.5373087Z   PG_HOST: localhost
2025-08-17T17:31:52.5373255Z   PG_PORT: 5432
2025-08-17T17:31:52.5373652Z   PG_SYNC_DSN: ***localhost:5432/awa
2025-08-17T17:31:52.5374058Z   PG_ASYNC_DSN: ***localhost:5432/awa
2025-08-17T17:31:52.5374423Z   DATABASE_URL: ***localhost:5432/awa
2025-08-17T17:31:52.5374648Z   DATA_DIR: /tmp/awa-data
2025-08-17T17:31:52.5374838Z   ENABLE_LIVE: 0
2025-08-17T17:31:52.5374997Z   TESTING: 1
2025-08-17T17:31:52.5375154Z ##[endgroup]
2025-08-17T17:31:52.6981123Z ##[group]Installed versions
2025-08-17T17:31:52.7062832Z Successfully set up CPython (3.12.11)
2025-08-17T17:31:52.7063697Z ##[endgroup]
2025-08-17T17:31:52.7489238Z [command]/opt/hostedtoolcache/Python/3.12.11/x64/bin/pip cache dir
2025-08-17T17:31:53.9694057Z /home/runner/.cache/pip
2025-08-17T17:31:54.0638161Z Cache hit for: setup-python-Linux-x64-24.04-Ubuntu-python-3.12.11-pip-eaa0a074c57376a66c2e90a5bba71fcb6649a6cd38429bfd143e61f67d53a7cd
2025-08-17T17:31:55.1269521Z Received 268435456 of 317053668 (84.7%), 249.8 MBs/sec
2025-08-17T17:31:55.3325358Z Received 317053668 of 317053668 (100.0%), 245.6 MBs/sec
2025-08-17T17:31:55.3327219Z Cache Size: ~302 MB (317053668 B)
2025-08-17T17:31:55.3396293Z [command]/usr/bin/tar -xf /home/runner/work/_temp/40e086ae-6410-465a-86f6-abffbdba2ffb/cache.tzst -P -C /home/runner/work/AWA-App/AWA-App --use-compress-program unzstd
2025-08-17T17:31:55.8323616Z Cache restored successfully
2025-08-17T17:31:55.8914144Z Cache restored from key: setup-python-Linux-x64-24.04-Ubuntu-python-3.12.11-pip-eaa0a074c57376a66c2e90a5bba71fcb6649a6cd38429bfd143e61f67d53a7cd
2025-08-17T17:31:55.9623760Z ##[group]Run actions/cache@v4
2025-08-17T17:31:55.9624032Z with:
2025-08-17T17:31:55.9624250Z   path: ~/.cache/pip
.pytest_cache
~/.ruff_cache

2025-08-17T17:31:55.9624679Z   key: Linux-test-842a859a37b6f31d35b1262d499b1acd0270bca26490137bed88679f7bc0eea4
2025-08-17T17:31:55.9625273Z   restore-keys: Linux-test-
2025-08-17T17:31:55.9625509Z   enableCrossOsArchive: false
2025-08-17T17:31:55.9625740Z   fail-on-cache-miss: false
2025-08-17T17:31:55.9625953Z   lookup-only: false
2025-08-17T17:31:55.9626147Z   save-always: false
2025-08-17T17:31:55.9626320Z env:
2025-08-17T17:31:55.9626486Z   PG_USER: postgres
2025-08-17T17:31:55.9626673Z   PG_PASSWORD: pass
2025-08-17T17:31:55.9626850Z   PG_DATABASE: awa
2025-08-17T17:31:55.9627034Z   PG_HOST: localhost
2025-08-17T17:31:55.9627217Z   PG_PORT: 5432
2025-08-17T17:31:55.9628386Z   PG_SYNC_DSN: ***localhost:5432/awa
2025-08-17T17:31:55.9628927Z   PG_ASYNC_DSN: ***localhost:5432/awa
2025-08-17T17:31:55.9629388Z   DATABASE_URL: ***localhost:5432/awa
2025-08-17T17:31:55.9629630Z   DATA_DIR: /tmp/awa-data
2025-08-17T17:31:55.9629836Z   ENABLE_LIVE: 0
2025-08-17T17:31:55.9630014Z   TESTING: 1
2025-08-17T17:31:55.9630256Z   pythonLocation: /opt/hostedtoolcache/Python/3.12.11/x64
2025-08-17T17:31:55.9630667Z   PKG_CONFIG_PATH: /opt/hostedtoolcache/Python/3.12.11/x64/lib/pkgconfig
2025-08-17T17:31:55.9631061Z   Python_ROOT_DIR: /opt/hostedtoolcache/Python/3.12.11/x64
2025-08-17T17:31:55.9631408Z   Python2_ROOT_DIR: /opt/hostedtoolcache/Python/3.12.11/x64
2025-08-17T17:31:55.9631752Z   Python3_ROOT_DIR: /opt/hostedtoolcache/Python/3.12.11/x64
2025-08-17T17:31:55.9632102Z   LD_LIBRARY_PATH: /opt/hostedtoolcache/Python/3.12.11/x64/lib
2025-08-17T17:31:55.9632396Z ##[endgroup]
2025-08-17T17:31:56.1585193Z Cache hit for: Linux-test-842a859a37b6f31d35b1262d499b1acd0270bca26490137bed88679f7bc0eea4
2025-08-17T17:31:57.1936575Z Received 167772160 of 317052977 (52.9%), 159.5 MBs/sec
2025-08-17T17:31:57.7607880Z Received 317052977 of 317052977 (100.0%), 192.5 MBs/sec
2025-08-17T17:31:57.7610639Z Cache Size: ~302 MB (317052977 B)
2025-08-17T17:31:57.7672632Z [command]/usr/bin/tar -xf /home/runner/work/_temp/ce43f530-2f09-4798-b9f1-1bc22b37f546/cache.tzst -P -C /home/runner/work/AWA-App/AWA-App --use-compress-program unzstd
2025-08-17T17:31:58.3369893Z Cache restored successfully
2025-08-17T17:31:58.4050197Z Cache restored from key: Linux-test-842a859a37b6f31d35b1262d499b1acd0270bca26490137bed88679f7bc0eea4
2025-08-17T17:31:58.4194845Z ##[group]Run pip install -r services/etl/requirements.txt
2025-08-17T17:31:58.4195284Z [36;1mpip install -r services/etl/requirements.txt[0m
2025-08-17T17:31:58.4195624Z [36;1mpip install -r services/api/requirements.txt[0m
2025-08-17T17:31:58.4196015Z [36;1mpip install -r services/repricer/requirements.txt[0m
2025-08-17T17:31:58.4196366Z [36;1mpip install -r services/fees_h10/requirements.txt[0m
2025-08-17T17:31:58.4196730Z [36;1mpip install -r services/alert_bot/requirements.txt[0m
2025-08-17T17:31:58.4197055Z [36;1mpip install -r requirements-dev.txt[0m
2025-08-17T17:31:58.4197334Z [36;1mpip install asyncpg[0m
2025-08-17T17:31:58.4197566Z [36;1mpip install pytest[0m
2025-08-17T17:31:58.4198055Z [36;1mpip install keepa==1.3.15 minio==7.1.15[0m
2025-08-17T17:31:58.4239512Z shell: /usr/bin/bash -e {0}
2025-08-17T17:31:58.4239747Z env:
2025-08-17T17:31:58.4239929Z   PG_USER: postgres
2025-08-17T17:31:58.4240141Z   PG_PASSWORD: pass
2025-08-17T17:31:58.4240363Z   PG_DATABASE: awa
2025-08-17T17:31:58.4240556Z   PG_HOST: localhost
2025-08-17T17:31:58.4240751Z   PG_PORT: 5432
2025-08-17T17:31:58.4241178Z   PG_SYNC_DSN: ***localhost:5432/awa
2025-08-17T17:31:58.4241583Z   PG_ASYNC_DSN: ***localhost:5432/awa
2025-08-17T17:31:58.4241981Z   DATABASE_URL: ***localhost:5432/awa
2025-08-17T17:31:58.4242223Z   DATA_DIR: /tmp/awa-data
2025-08-17T17:31:58.4242427Z   ENABLE_LIVE: 0
2025-08-17T17:31:58.4242607Z   TESTING: 1
2025-08-17T17:31:58.4242848Z   pythonLocation: /opt/hostedtoolcache/Python/3.12.11/x64
2025-08-17T17:31:58.4243254Z   PKG_CONFIG_PATH: /opt/hostedtoolcache/Python/3.12.11/x64/lib/pkgconfig
2025-08-17T17:31:58.4243640Z   Python_ROOT_DIR: /opt/hostedtoolcache/Python/3.12.11/x64
2025-08-17T17:31:58.4243993Z   Python2_ROOT_DIR: /opt/hostedtoolcache/Python/3.12.11/x64
2025-08-17T17:31:58.4244529Z   Python3_ROOT_DIR: /opt/hostedtoolcache/Python/3.12.11/x64
2025-08-17T17:31:58.4244887Z   LD_LIBRARY_PATH: /opt/hostedtoolcache/Python/3.12.11/x64/lib
2025-08-17T17:31:58.4245188Z ##[endgroup]
2025-08-17T17:31:59.2343991Z Collecting keepa==1.3.14 (from -r services/etl/requirements.txt (line 1))
2025-08-17T17:31:59.2358372Z   Using cached keepa-1.3.14-py3-none-any.whl.metadata (10 kB)
2025-08-17T17:31:59.2622731Z Collecting minio==7.1.15 (from -r services/etl/requirements.txt (line 2))
2025-08-17T17:31:59.2635533Z   Using cached minio-7.1.15-py3-none-any.whl.metadata (4.2 kB)
2025-08-17T17:31:59.2968997Z Collecting celery==5.3.* (from -r services/etl/requirements.txt (line 3))
2025-08-17T17:31:59.2982086Z   Using cached celery-5.3.6-py3-none-any.whl.metadata (21 kB)
2025-08-17T17:31:59.3481743Z Collecting redis==5.* (from -r services/etl/requirements.txt (line 4))
2025-08-17T17:31:59.3493760Z   Using cached redis-5.3.1-py3-none-any.whl.metadata (9.2 kB)
2025-08-17T17:31:59.4020419Z Collecting python-amazon-sp-api==0.8.0 (from -r services/etl/requirements.txt (line 5))
2025-08-17T17:31:59.4032994Z   Using cached python_amazon_sp_api-0.8.0-py3-none-any.whl.metadata (3.2 kB)
2025-08-17T17:31:59.4264203Z Collecting pydantic-settings==2.2.1 (from -r services/etl/requirements.txt (line 6))
2025-08-17T17:31:59.4275684Z   Using cached pydantic_settings-2.2.1-py3-none-any.whl.metadata (3.1 kB)
2025-08-17T17:31:59.5941316Z Collecting numpy<2 (from -r services/etl/requirements.txt (line 7))
2025-08-17T17:31:59.5954309Z   Using cached numpy-1.26.4-cp312-cp312-manylinux_2_17_x86_64.manylinux2014_x86_64.whl.metadata (61 kB)
2025-08-17T17:31:59.7094125Z Collecting pandas==2.2.* (from -r services/etl/requirements.txt (line 8))
2025-08-17T17:31:59.7107100Z   Using cached pandas-2.2.3-cp312-cp312-manylinux_2_17_x86_64.manylinux2014_x86_64.whl.metadata (89 kB)
2025-08-17T17:31:59.7704247Z Collecting pandera==0.19.* (from -r services/etl/requirements.txt (line 9))
2025-08-17T17:31:59.7716348Z   Using cached pandera-0.19.3-py3-none-any.whl.metadata (15 kB)
2025-08-17T17:31:59.7940461Z Collecting openpyxl==3.1.* (from -r services/etl/requirements.txt (line 10))
2025-08-17T17:31:59.7952644Z   Using cached openpyxl-3.1.5-py2.py3-none-any.whl.metadata (2.5 kB)
2025-08-17T17:31:59.8518811Z Collecting psycopg2-binary==2.9.* (from -r services/etl/requirements.txt (line 11))
2025-08-17T17:31:59.8532132Z   Using cached psycopg2_binary-2.9.10-cp312-cp312-manylinux_2_17_x86_64.manylinux2014_x86_64.whl.metadata (4.9 kB)
2025-08-17T17:31:59.8875280Z Collecting requests>=2.2 (from keepa==1.3.14->-r services/etl/requirements.txt (line 1))
2025-08-17T17:31:59.8887581Z   Using cached requests-2.32.4-py3-none-any.whl.metadata (4.9 kB)
2025-08-17T17:31:59.9221732Z Collecting tqdm (from keepa==1.3.14->-r services/etl/requirements.txt (line 1))
2025-08-17T17:31:59.9233424Z   Using cached tqdm-4.67.1-py3-none-any.whl.metadata (57 kB)
2025-08-17T17:32:00.4223045Z Collecting aiohttp (from keepa==1.3.14->-r services/etl/requirements.txt (line 1))
2025-08-17T17:32:00.4236600Z   Using cached aiohttp-3.12.15-cp312-cp312-manylinux_2_17_x86_64.manylinux2014_x86_64.whl.metadata (7.7 kB)
2025-08-17T17:32:00.5407144Z Collecting pydantic (from keepa==1.3.14->-r services/etl/requirements.txt (line 1))
2025-08-17T17:32:00.5420440Z   Using cached pydantic-2.11.7-py3-none-any.whl.metadata (67 kB)
2025-08-17T17:32:00.5628490Z Collecting certifi (from minio==7.1.15->-r services/etl/requirements.txt (line 2))
2025-08-17T17:32:00.5640546Z   Using cached certifi-2025.8.3-py3-none-any.whl.metadata (2.4 kB)
2025-08-17T17:32:00.5866888Z Collecting urllib3 (from minio==7.1.15->-r services/etl/requirements.txt (line 2))
2025-08-17T17:32:00.5878475Z   Using cached urllib3-2.5.0-py3-none-any.whl.metadata (6.5 kB)
2025-08-17T17:32:00.6015244Z Collecting six<2,>=1.15 (from python-amazon-sp-api==0.8.0->-r services/etl/requirements.txt (line 5))
2025-08-17T17:32:00.6026727Z   Using cached six-1.17.0-py2.py3-none-any.whl.metadata (1.7 kB)
2025-08-17T17:32:01.0165682Z Collecting boto3<2,>=1.16.39 (from python-amazon-sp-api==0.8.0->-r services/etl/requirements.txt (line 5))
2025-08-17T17:32:01.0178514Z   Using cached boto3-1.40.11-py3-none-any.whl.metadata (6.7 kB)
2025-08-17T17:32:01.0351567Z Collecting cachetools~=4.2.0 (from python-amazon-sp-api==0.8.0->-r services/etl/requirements.txt (line 5))
2025-08-17T17:32:01.0362156Z   Using cached cachetools-4.2.4-py3-none-any.whl.metadata (4.8 kB)
2025-08-17T17:32:01.1245944Z Collecting pycryptodome (from python-amazon-sp-api==0.8.0->-r services/etl/requirements.txt (line 5))
2025-08-17T17:32:01.1259030Z   Using cached pycryptodome-3.23.0-cp37-abi3-manylinux_2_17_x86_64.manylinux2014_x86_64.whl.metadata (3.4 kB)
2025-08-17T17:32:01.1600301Z Collecting pytz (from python-amazon-sp-api==0.8.0->-r services/etl/requirements.txt (line 5))
2025-08-17T17:32:01.1613144Z   Using cached pytz-2025.2-py2.py3-none-any.whl.metadata (22 kB)
2025-08-17T17:32:01.1717191Z Collecting confuse~=1.4.0 (from python-amazon-sp-api==0.8.0->-r services/etl/requirements.txt (line 5))
2025-08-17T17:32:01.1728159Z   Using cached confuse-1.4.0-py2.py3-none-any.whl.metadata (3.8 kB)
2025-08-17T17:32:01.1980047Z Collecting python-dotenv>=0.21.0 (from pydantic-settings==2.2.1->-r services/etl/requirements.txt (line 6))
2025-08-17T17:32:01.1991163Z   Using cached python_dotenv-1.1.1-py3-none-any.whl.metadata (24 kB)
2025-08-17T17:32:01.2176844Z Collecting billiard<5.0,>=4.2.0 (from celery==5.3.*->-r services/etl/requirements.txt (line 3))
2025-08-17T17:32:01.2188094Z   Using cached billiard-4.2.1-py3-none-any.whl.metadata (4.4 kB)
2025-08-17T17:32:01.2288285Z Collecting click-didyoumean>=0.3.0 (from celery==5.3.*->-r services/etl/requirements.txt (line 3))
2025-08-17T17:32:01.2299381Z   Using cached click_didyoumean-0.3.1-py3-none-any.whl.metadata (3.9 kB)
2025-08-17T17:32:01.2409597Z Collecting click-plugins>=1.1.1 (from celery==5.3.*->-r services/etl/requirements.txt (line 3))
2025-08-17T17:32:01.2420616Z   Using cached click_plugins-1.1.1.2-py2.py3-none-any.whl.metadata (6.5 kB)
2025-08-17T17:32:01.2506075Z Collecting click-repl>=0.2.0 (from celery==5.3.*->-r services/etl/requirements.txt (line 3))
2025-08-17T17:32:01.2517313Z   Using cached click_repl-0.3.0-py3-none-any.whl.metadata (3.6 kB)
2025-08-17T17:32:01.2680107Z Collecting click<9.0,>=8.1.2 (from celery==5.3.*->-r services/etl/requirements.txt (line 3))
2025-08-17T17:32:01.2691360Z   Using cached click-8.2.1-py3-none-any.whl.metadata (2.5 kB)
2025-08-17T17:32:01.2982177Z Collecting kombu<6.0,>=5.3.4 (from celery==5.3.*->-r services/etl/requirements.txt (line 3))
2025-08-17T17:32:01.2993209Z   Using cached kombu-5.5.4-py3-none-any.whl.metadata (3.5 kB)
2025-08-17T17:32:01.3154046Z Collecting python-dateutil>=2.8.2 (from celery==5.3.*->-r services/etl/requirements.txt (line 3))
2025-08-17T17:32:01.3165003Z   Using cached python_dateutil-2.9.0.post0-py2.py3-none-any.whl.metadata (8.4 kB)
2025-08-17T17:32:01.3287090Z Collecting tzdata>=2022.7 (from celery==5.3.*->-r services/etl/requirements.txt (line 3))
2025-08-17T17:32:01.3298678Z   Using cached tzdata-2025.2-py2.py3-none-any.whl.metadata (1.4 kB)
2025-08-17T17:32:01.3386318Z Collecting vine<6.0,>=5.1.0 (from celery==5.3.*->-r services/etl/requirements.txt (line 3))
2025-08-17T17:32:01.3397112Z   Using cached vine-5.1.0-py3-none-any.whl.metadata (2.7 kB)
2025-08-17T17:32:01.3548084Z Collecting PyJWT>=2.9.0 (from redis==5.*->-r services/etl/requirements.txt (line 4))
2025-08-17T17:32:01.3559501Z   Using cached PyJWT-2.10.1-py3-none-any.whl.metadata (4.0 kB)
2025-08-17T17:32:01.3833049Z Collecting multimethod<=1.10.0 (from pandera==0.19.*->-r services/etl/requirements.txt (line 9))
2025-08-17T17:32:01.3844648Z   Using cached multimethod-1.10-py3-none-any.whl.metadata (8.2 kB)
2025-08-17T17:32:01.4056310Z Collecting packaging>=20.0 (from pandera==0.19.*->-r services/etl/requirements.txt (line 9))
2025-08-17T17:32:01.4067395Z   Using cached packaging-25.0-py3-none-any.whl.metadata (3.3 kB)
2025-08-17T17:32:01.4351957Z Collecting typeguard (from pandera==0.19.*->-r services/etl/requirements.txt (line 9))
2025-08-17T17:32:01.4362832Z   Using cached typeguard-4.4.4-py3-none-any.whl.metadata (3.3 kB)
2025-08-17T17:32:01.4458390Z Collecting typing-inspect>=0.6.0 (from pandera==0.19.*->-r services/etl/requirements.txt (line 9))
2025-08-17T17:32:01.4469115Z   Using cached typing_inspect-0.9.0-py3-none-any.whl.metadata (1.5 kB)
2025-08-17T17:32:01.5390389Z Collecting wrapt (from pandera==0.19.*->-r services/etl/requirements.txt (line 9))
2025-08-17T17:32:01.5403607Z   Using cached wrapt-1.17.3-cp312-cp312-manylinux1_x86_64.manylinux_2_28_x86_64.manylinux_2_5_x86_64.whl.metadata (6.4 kB)
2025-08-17T17:32:01.5494882Z Collecting et-xmlfile (from openpyxl==3.1.*->-r services/etl/requirements.txt (line 10))
2025-08-17T17:32:01.5506245Z   Using cached et_xmlfile-2.0.0-py3-none-any.whl.metadata (2.7 kB)
2025-08-17T17:32:01.9052167Z Collecting botocore<1.41.0,>=1.40.11 (from boto3<2,>=1.16.39->python-amazon-sp-api==0.8.0->-r services/etl/requirements.txt (line 5))
2025-08-17T17:32:01.9065632Z   Using cached botocore-1.40.11-py3-none-any.whl.metadata (5.7 kB)
2025-08-17T17:32:01.9186176Z Collecting jmespath<2.0.0,>=0.7.1 (from boto3<2,>=1.16.39->python-amazon-sp-api==0.8.0->-r services/etl/requirements.txt (line 5))
2025-08-17T17:32:01.9197463Z   Using cached jmespath-1.0.1-py3-none-any.whl.metadata (7.6 kB)
2025-08-17T17:32:01.9358677Z Collecting s3transfer<0.14.0,>=0.13.0 (from boto3<2,>=1.16.39->python-amazon-sp-api==0.8.0->-r services/etl/requirements.txt (line 5))
2025-08-17T17:32:01.9370190Z   Using cached s3transfer-0.13.1-py3-none-any.whl.metadata (1.7 kB)
2025-08-17T17:32:01.9873401Z Collecting pyyaml (from confuse~=1.4.0->python-amazon-sp-api==0.8.0->-r services/etl/requirements.txt (line 5))
2025-08-17T17:32:01.9886334Z   Using cached PyYAML-6.0.2-cp312-cp312-manylinux_2_17_x86_64.manylinux2014_x86_64.whl.metadata (2.1 kB)
2025-08-17T17:32:02.0077512Z Collecting amqp<6.0.0,>=5.1.1 (from kombu<6.0,>=5.3.4->celery==5.3.*->-r services/etl/requirements.txt (line 3))
2025-08-17T17:32:02.0089191Z   Using cached amqp-5.3.1-py3-none-any.whl.metadata (8.9 kB)
2025-08-17T17:32:02.1691118Z Collecting prompt-toolkit>=3.0.36 (from click-repl>=0.2.0->celery==5.3.*->-r services/etl/requirements.txt (line 3))
2025-08-17T17:32:02.1702946Z   Using cached prompt_toolkit-3.0.51-py3-none-any.whl.metadata (6.4 kB)
2025-08-17T17:32:02.1836753Z Collecting wcwidth (from prompt-toolkit>=3.0.36->click-repl>=0.2.0->celery==5.3.*->-r services/etl/requirements.txt (line 3))
2025-08-17T17:32:02.1848290Z   Using cached wcwidth-0.2.13-py2.py3-none-any.whl.metadata (14 kB)
2025-08-17T17:32:02.1951413Z Collecting annotated-types>=0.6.0 (from pydantic->keepa==1.3.14->-r services/etl/requirements.txt (line 1))
2025-08-17T17:32:02.1962887Z   Using cached annotated_types-0.7.0-py3-none-any.whl.metadata (15 kB)
2025-08-17T17:32:02.8665931Z Collecting pydantic-core==2.33.2 (from pydantic->keepa==1.3.14->-r services/etl/requirements.txt (line 1))
2025-08-17T17:32:02.8679610Z   Using cached pydantic_core-2.33.2-cp312-cp312-manylinux_2_17_x86_64.manylinux2014_x86_64.whl.metadata (6.8 kB)
2025-08-17T17:32:02.8829702Z Collecting typing-extensions>=4.12.2 (from pydantic->keepa==1.3.14->-r services/etl/requirements.txt (line 1))
2025-08-17T17:32:02.8841361Z   Using cached typing_extensions-4.14.1-py3-none-any.whl.metadata (3.0 kB)
2025-08-17T17:32:02.8921554Z Collecting typing-inspection>=0.4.0 (from pydantic->keepa==1.3.14->-r services/etl/requirements.txt (line 1))
2025-08-17T17:32:02.8933301Z   Using cached typing_inspection-0.4.1-py3-none-any.whl.metadata (2.6 kB)
2025-08-17T17:32:02.9816241Z Collecting charset_normalizer<4,>=2 (from requests>=2.2->keepa==1.3.14->-r services/etl/requirements.txt (line 1))
2025-08-17T17:32:02.9831034Z   Using cached charset_normalizer-3.4.3-cp312-cp312-manylinux2014_x86_64.manylinux_2_17_x86_64.manylinux_2_28_x86_64.whl.metadata (36 kB)
2025-08-17T17:32:03.0006092Z Collecting idna<4,>=2.5 (from requests>=2.2->keepa==1.3.14->-r services/etl/requirements.txt (line 1))
2025-08-17T17:32:03.0018421Z   Using cached idna-3.10-py3-none-any.whl.metadata (10 kB)
2025-08-17T17:32:03.0365319Z Collecting mypy-extensions>=0.3.0 (from typing-inspect>=0.6.0->pandera==0.19.*->-r services/etl/requirements.txt (line 9))
2025-08-17T17:32:03.0376880Z   Using cached mypy_extensions-1.1.0-py3-none-any.whl.metadata (1.1 kB)
2025-08-17T17:32:03.0663554Z Collecting aiohappyeyeballs>=2.5.0 (from aiohttp->keepa==1.3.14->-r services/etl/requirements.txt (line 1))
2025-08-17T17:32:03.0675298Z   Using cached aiohappyeyeballs-2.6.1-py3-none-any.whl.metadata (5.9 kB)
2025-08-17T17:32:03.0761390Z Collecting aiosignal>=1.4.0 (from aiohttp->keepa==1.3.14->-r services/etl/requirements.txt (line 1))
2025-08-17T17:32:03.0772928Z   Using cached aiosignal-1.4.0-py3-none-any.whl.metadata (3.7 kB)
2025-08-17T17:32:03.0905325Z Collecting attrs>=17.3.0 (from aiohttp->keepa==1.3.14->-r services/etl/requirements.txt (line 1))
2025-08-17T17:32:03.0916844Z   Using cached attrs-25.3.0-py3-none-any.whl.metadata (10 kB)
2025-08-17T17:32:03.1605275Z Collecting frozenlist>=1.1.1 (from aiohttp->keepa==1.3.14->-r services/etl/requirements.txt (line 1))
2025-08-17T17:32:03.1619048Z   Using cached frozenlist-1.7.0-cp312-cp312-manylinux_2_5_x86_64.manylinux1_x86_64.manylinux_2_17_x86_64.manylinux2014_x86_64.whl.metadata (18 kB)
2025-08-17T17:32:03.3819106Z Collecting multidict<7.0,>=4.5 (from aiohttp->keepa==1.3.14->-r services/etl/requirements.txt (line 1))
2025-08-17T17:32:03.3832308Z   Using cached multidict-6.6.4-cp312-cp312-manylinux2014_x86_64.manylinux_2_17_x86_64.manylinux_2_28_x86_64.whl.metadata (5.3 kB)
2025-08-17T17:32:03.4245790Z Collecting propcache>=0.2.0 (from aiohttp->keepa==1.3.14->-r services/etl/requirements.txt (line 1))
2025-08-17T17:32:03.4258669Z   Using cached propcache-0.3.2-cp312-cp312-manylinux_2_17_x86_64.manylinux2014_x86_64.whl.metadata (12 kB)
2025-08-17T17:32:03.7454997Z Collecting yarl<2.0,>=1.17.0 (from aiohttp->keepa==1.3.14->-r services/etl/requirements.txt (line 1))
2025-08-17T17:32:03.7468914Z   Using cached yarl-1.20.1-cp312-cp312-manylinux_2_17_x86_64.manylinux2014_x86_64.whl.metadata (73 kB)
2025-08-17T17:32:03.8058808Z Using cached keepa-1.3.14-py3-none-any.whl (33 kB)
2025-08-17T17:32:03.8070482Z Using cached minio-7.1.15-py3-none-any.whl (77 kB)
2025-08-17T17:32:03.8082217Z Using cached python_amazon_sp_api-0.8.0-py3-none-any.whl (93 kB)
2025-08-17T17:32:03.8093965Z Using cached pydantic_settings-2.2.1-py3-none-any.whl (13 kB)
2025-08-17T17:32:03.8105244Z Using cached celery-5.3.6-py3-none-any.whl (422 kB)
2025-08-17T17:32:03.8119119Z Using cached redis-5.3.1-py3-none-any.whl (272 kB)
2025-08-17T17:32:03.8132933Z Using cached numpy-1.26.4-cp312-cp312-manylinux_2_17_x86_64.manylinux2014_x86_64.whl (18.0 MB)
2025-08-17T17:32:03.8275927Z Using cached pandas-2.2.3-cp312-cp312-manylinux_2_17_x86_64.manylinux2014_x86_64.whl (12.7 MB)
2025-08-17T17:32:03.8381527Z Using cached pandera-0.19.3-py3-none-any.whl (251 kB)
2025-08-17T17:32:03.8394318Z Using cached openpyxl-3.1.5-py2.py3-none-any.whl (250 kB)
2025-08-17T17:32:03.8407229Z Using cached psycopg2_binary-2.9.10-cp312-cp312-manylinux_2_17_x86_64.manylinux2014_x86_64.whl (3.0 MB)
2025-08-17T17:32:03.8440106Z Using cached billiard-4.2.1-py3-none-any.whl (86 kB)
2025-08-17T17:32:03.8451748Z Using cached boto3-1.40.11-py3-none-any.whl (140 kB)
2025-08-17T17:32:03.8463805Z Using cached botocore-1.40.11-py3-none-any.whl (14.0 MB)
2025-08-17T17:32:03.8574222Z Using cached cachetools-4.2.4-py3-none-any.whl (10 kB)
2025-08-17T17:32:03.8585384Z Using cached click-8.2.1-py3-none-any.whl (102 kB)
2025-08-17T17:32:03.8597117Z Using cached confuse-1.4.0-py2.py3-none-any.whl (21 kB)
2025-08-17T17:32:03.8608334Z Using cached jmespath-1.0.1-py3-none-any.whl (20 kB)
2025-08-17T17:32:03.8619665Z Using cached kombu-5.5.4-py3-none-any.whl (210 kB)
2025-08-17T17:32:03.8631838Z Using cached vine-5.1.0-py3-none-any.whl (9.6 kB)
2025-08-17T17:32:03.8642851Z Using cached amqp-5.3.1-py3-none-any.whl (50 kB)
2025-08-17T17:32:03.8654022Z Using cached multimethod-1.10-py3-none-any.whl (9.9 kB)
2025-08-17T17:32:03.8665362Z Using cached python_dateutil-2.9.0.post0-py2.py3-none-any.whl (229 kB)
2025-08-17T17:32:03.8677984Z Using cached s3transfer-0.13.1-py3-none-any.whl (85 kB)
2025-08-17T17:32:03.8689614Z Using cached six-1.17.0-py2.py3-none-any.whl (11 kB)
2025-08-17T17:32:03.8700900Z Using cached urllib3-2.5.0-py3-none-any.whl (129 kB)
2025-08-17T17:32:03.8712745Z Using cached click_didyoumean-0.3.1-py3-none-any.whl (3.6 kB)
2025-08-17T17:32:03.8723638Z Using cached click_plugins-1.1.1.2-py2.py3-none-any.whl (11 kB)
2025-08-17T17:32:03.8734455Z Using cached click_repl-0.3.0-py3-none-any.whl (10 kB)
2025-08-17T17:32:03.8745698Z Using cached packaging-25.0-py3-none-any.whl (66 kB)
2025-08-17T17:32:03.8757456Z Using cached prompt_toolkit-3.0.51-py3-none-any.whl (387 kB)
2025-08-17T17:32:03.8771563Z Using cached pydantic-2.11.7-py3-none-any.whl (444 kB)
2025-08-17T17:32:03.8786027Z Using cached pydantic_core-2.33.2-cp312-cp312-manylinux_2_17_x86_64.manylinux2014_x86_64.whl (2.0 MB)
2025-08-17T17:32:03.8812073Z Using cached annotated_types-0.7.0-py3-none-any.whl (13 kB)
2025-08-17T17:32:03.8823197Z Using cached PyJWT-2.10.1-py3-none-any.whl (22 kB)
2025-08-17T17:32:03.8834389Z Using cached python_dotenv-1.1.1-py3-none-any.whl (20 kB)
2025-08-17T17:32:03.8845585Z Using cached pytz-2025.2-py2.py3-none-any.whl (509 kB)
2025-08-17T17:32:03.8860395Z Using cached requests-2.32.4-py3-none-any.whl (64 kB)
2025-08-17T17:32:03.8872472Z Using cached charset_normalizer-3.4.3-cp312-cp312-manylinux2014_x86_64.manylinux_2_17_x86_64.manylinux_2_28_x86_64.whl (151 kB)
2025-08-17T17:32:03.8884142Z Using cached idna-3.10-py3-none-any.whl (70 kB)
2025-08-17T17:32:03.8895609Z Using cached certifi-2025.8.3-py3-none-any.whl (161 kB)
2025-08-17T17:32:03.8907857Z Using cached typing_extensions-4.14.1-py3-none-any.whl (43 kB)
2025-08-17T17:32:03.8919207Z Using cached typing_inspect-0.9.0-py3-none-any.whl (8.8 kB)
2025-08-17T17:32:03.8930285Z Using cached mypy_extensions-1.1.0-py3-none-any.whl (5.0 kB)
2025-08-17T17:32:03.8941712Z Using cached typing_inspection-0.4.1-py3-none-any.whl (14 kB)
2025-08-17T17:32:03.8953232Z Using cached tzdata-2025.2-py2.py3-none-any.whl (347 kB)
2025-08-17T17:32:03.8967237Z Using cached aiohttp-3.12.15-cp312-cp312-manylinux_2_17_x86_64.manylinux2014_x86_64.whl (1.7 MB)
2025-08-17T17:32:03.8991067Z Using cached multidict-6.6.4-cp312-cp312-manylinux2014_x86_64.manylinux_2_17_x86_64.manylinux_2_28_x86_64.whl (256 kB)
2025-08-17T17:32:03.9003867Z Using cached yarl-1.20.1-cp312-cp312-manylinux_2_17_x86_64.manylinux2014_x86_64.whl (355 kB)
2025-08-17T17:32:03.9017363Z Using cached aiohappyeyeballs-2.6.1-py3-none-any.whl (15 kB)
2025-08-17T17:32:03.9028506Z Using cached aiosignal-1.4.0-py3-none-any.whl (7.5 kB)
2025-08-17T17:32:03.9039767Z Using cached attrs-25.3.0-py3-none-any.whl (63 kB)
2025-08-17T17:32:03.9051832Z Using cached frozenlist-1.7.0-cp312-cp312-manylinux_2_5_x86_64.manylinux1_x86_64.manylinux_2_17_x86_64.manylinux2014_x86_64.whl (241 kB)
2025-08-17T17:32:03.9064716Z Using cached propcache-0.3.2-cp312-cp312-manylinux_2_17_x86_64.manylinux2014_x86_64.whl (224 kB)
2025-08-17T17:32:03.9077144Z Using cached et_xmlfile-2.0.0-py3-none-any.whl (18 kB)
2025-08-17T17:32:03.9088721Z Using cached pycryptodome-3.23.0-cp37-abi3-manylinux_2_17_x86_64.manylinux2014_x86_64.whl (2.3 MB)
2025-08-17T17:32:03.9116783Z Using cached PyYAML-6.0.2-cp312-cp312-manylinux_2_17_x86_64.manylinux2014_x86_64.whl (767 kB)
2025-08-17T17:32:03.9133376Z Using cached tqdm-4.67.1-py3-none-any.whl (78 kB)
2025-08-17T17:32:03.9145466Z Using cached typeguard-4.4.4-py3-none-any.whl (34 kB)
2025-08-17T17:32:03.9156790Z Using cached wcwidth-0.2.13-py2.py3-none-any.whl (34 kB)
2025-08-17T17:32:03.9168694Z Using cached wrapt-1.17.3-cp312-cp312-manylinux1_x86_64.manylinux_2_28_x86_64.manylinux_2_5_x86_64.whl (88 kB)
2025-08-17T17:32:04.1694049Z Installing collected packages: wcwidth, pytz, wrapt, vine, urllib3, tzdata, typing-extensions, tqdm, six, pyyaml, python-dotenv, PyJWT, pycryptodome, psycopg2-binary, propcache, prompt-toolkit, packaging, numpy, mypy-extensions, multimethod, multidict, jmespath, idna, frozenlist, et-xmlfile, click, charset_normalizer, certifi, cachetools, billiard, attrs, annotated-types, aiohappyeyeballs, yarl, typing-inspection, typing-inspect, typeguard, requests, redis, python-dateutil, pydantic-core, openpyxl, minio, confuse, click-repl, click-plugins, click-didyoumean, amqp, aiosignal, pydantic, pandas, kombu, botocore, aiohttp, s3transfer, pydantic-settings, pandera, keepa, celery, boto3, python-amazon-sp-api
2025-08-17T17:32:14.8508454Z 
2025-08-17T17:32:14.8568559Z Successfully installed PyJWT-2.10.1 aiohappyeyeballs-2.6.1 aiohttp-3.12.15 aiosignal-1.4.0 amqp-5.3.1 annotated-types-0.7.0 attrs-25.3.0 billiard-4.2.1 boto3-1.40.11 botocore-1.40.11 cachetools-4.2.4 celery-5.3.6 certifi-2025.8.3 charset_normalizer-3.4.3 click-8.2.1 click-didyoumean-0.3.1 click-plugins-1.1.1.2 click-repl-0.3.0 confuse-1.4.0 et-xmlfile-2.0.0 frozenlist-1.7.0 idna-3.10 jmespath-1.0.1 keepa-1.3.14 kombu-5.5.4 minio-7.1.15 multidict-6.6.4 multimethod-1.10 mypy-extensions-1.1.0 numpy-1.26.4 openpyxl-3.1.5 packaging-25.0 pandas-2.2.3 pandera-0.19.3 prompt-toolkit-3.0.51 propcache-0.3.2 psycopg2-binary-2.9.10 pycryptodome-3.23.0 pydantic-2.11.7 pydantic-core-2.33.2 pydantic-settings-2.2.1 python-amazon-sp-api-0.8.0 python-dateutil-2.9.0.post0 python-dotenv-1.1.1 pytz-2025.2 pyyaml-6.0.2 redis-5.3.1 requests-2.32.4 s3transfer-0.13.1 six-1.17.0 tqdm-4.67.1 typeguard-4.4.4 typing-extensions-4.14.1 typing-inspect-0.9.0 typing-inspection-0.4.1 tzdata-2025.2 urllib3-2.5.0 vine-5.1.0 wcwidth-0.2.13 wrapt-1.17.3 yarl-1.20.1
2025-08-17T17:32:15.8796074Z Collecting uvicorn==0.29.0 (from -r services/api/requirements.txt (line 1))
2025-08-17T17:32:15.9187058Z   Using cached uvicorn-0.29.0-py3-none-any.whl.metadata (6.3 kB)
2025-08-17T17:32:15.9225839Z Requirement already satisfied: pydantic-settings==2.2.1 in /opt/hostedtoolcache/Python/3.12.11/x64/lib/python3.12/site-packages (from -r services/api/requirements.txt (line 2)) (2.2.1)
2025-08-17T17:32:15.9888303Z Collecting fastapi==0.111.0 (from -r services/api/requirements.txt (line 3))
2025-08-17T17:32:15.9902026Z   Using cached fastapi-0.111.0-py3-none-any.whl.metadata (25 kB)
2025-08-17T17:32:16.2611187Z Collecting sqlalchemy==2.0.29 (from -r services/api/requirements.txt (line 4))
2025-08-17T17:32:16.2624700Z   Using cached SQLAlchemy-2.0.29-cp312-cp312-manylinux_2_17_x86_64.manylinux2014_x86_64.whl.metadata (9.6 kB)
2025-08-17T17:32:16.2893323Z Collecting alembic==1.13.1 (from -r services/api/requirements.txt (line 5))
2025-08-17T17:32:16.2905172Z   Using cached alembic-1.13.1-py3-none-any.whl.metadata (7.4 kB)
2025-08-17T17:32:16.3053080Z Collecting psycopg==3.2.9 (from psycopg[binary]==3.2.9->-r services/api/requirements.txt (line 6))
2025-08-17T17:32:16.3064643Z   Using cached psycopg-3.2.9-py3-none-any.whl.metadata (4.5 kB)
2025-08-17T17:32:16.3269300Z Collecting httpx==0.27.2 (from -r services/api/requirements.txt (line 7))
2025-08-17T17:32:16.3281252Z   Using cached httpx-0.27.2-py3-none-any.whl.metadata (7.1 kB)
2025-08-17T17:32:16.3671582Z Collecting asyncpg==0.29.0 (from -r services/api/requirements.txt (line 8))
2025-08-17T17:32:16.3684383Z   Using cached asyncpg-0.29.0-cp312-cp312-manylinux_2_17_x86_64.manylinux2014_x86_64.whl.metadata (4.4 kB)
2025-08-17T17:32:16.6339125Z Collecting boto3==1.34.162 (from -r services/api/requirements.txt (line 9))
2025-08-17T17:32:16.6354376Z   Using cached boto3-1.34.162-py3-none-any.whl.metadata (6.6 kB)
2025-08-17T17:32:16.6495121Z Collecting Jinja2==3.1.5 (from -r services/api/requirements.txt (line 10))
2025-08-17T17:32:16.6507487Z   Using cached jinja2-3.1.5-py3-none-any.whl.metadata (2.6 kB)
2025-08-17T17:32:16.6527136Z Requirement already satisfied: celery==5.3.* in /opt/hostedtoolcache/Python/3.12.11/x64/lib/python3.12/site-packages (from -r services/api/requirements.txt (line 11)) (5.3.6)
2025-08-17T17:32:16.6532636Z Requirement already satisfied: redis==5.* in /opt/hostedtoolcache/Python/3.12.11/x64/lib/python3.12/site-packages (from -r services/api/requirements.txt (line 12)) (5.3.1)
2025-08-17T17:32:16.6545690Z Requirement already satisfied: click>=7.0 in /opt/hostedtoolcache/Python/3.12.11/x64/lib/python3.12/site-packages (from uvicorn==0.29.0->-r services/api/requirements.txt (line 1)) (8.2.1)
2025-08-17T17:32:16.6628337Z Collecting h11>=0.8 (from uvicorn==0.29.0->-r services/api/requirements.txt (line 1))
2025-08-17T17:32:16.6640360Z   Using cached h11-0.16.0-py3-none-any.whl.metadata (8.3 kB)
2025-08-17T17:32:16.6669730Z Requirement already satisfied: pydantic>=2.3.0 in /opt/hostedtoolcache/Python/3.12.11/x64/lib/python3.12/site-packages (from pydantic-settings==2.2.1->-r services/api/requirements.txt (line 2)) (2.11.7)
2025-08-17T17:32:16.6675776Z Requirement already satisfied: python-dotenv>=0.21.0 in /opt/hostedtoolcache/Python/3.12.11/x64/lib/python3.12/site-packages (from pydantic-settings==2.2.1->-r services/api/requirements.txt (line 2)) (1.1.1)
2025-08-17T17:32:16.6917568Z Collecting starlette<0.38.0,>=0.37.2 (from fastapi==0.111.0->-r services/api/requirements.txt (line 3))
2025-08-17T17:32:16.6929470Z   Using cached starlette-0.37.2-py3-none-any.whl.metadata (5.9 kB)
2025-08-17T17:32:16.6959157Z Requirement already satisfied: typing-extensions>=4.8.0 in /opt/hostedtoolcache/Python/3.12.11/x64/lib/python3.12/site-packages (from fastapi==0.111.0->-r services/api/requirements.txt (line 3)) (4.14.1)
2025-08-17T17:32:16.7032059Z Collecting fastapi-cli>=0.0.2 (from fastapi==0.111.0->-r services/api/requirements.txt (line 3))
2025-08-17T17:32:16.7043659Z   Using cached fastapi_cli-0.0.8-py3-none-any.whl.metadata (6.3 kB)
2025-08-17T17:32:16.7435269Z Collecting python-multipart>=0.0.7 (from fastapi==0.111.0->-r services/api/requirements.txt (line 3))
2025-08-17T17:32:16.7447073Z   Using cached python_multipart-0.0.20-py3-none-any.whl.metadata (1.8 kB)
2025-08-17T17:32:16.7996052Z Collecting ujson!=4.0.2,!=4.1.0,!=4.2.0,!=4.3.0,!=5.0.0,!=5.1.0,>=4.0.1 (from fastapi==0.111.0->-r services/api/requirements.txt (line 3))
2025-08-17T17:32:16.8009424Z   Using cached ujson-5.10.0-cp312-cp312-manylinux_2_17_x86_64.manylinux2014_x86_64.whl.metadata (9.3 kB)
2025-08-17T17:32:17.0289748Z Collecting orjson>=3.2.1 (from fastapi==0.111.0->-r services/api/requirements.txt (line 3))
2025-08-17T17:32:17.0304233Z   Using cached orjson-3.11.2-cp312-cp312-manylinux_2_17_x86_64.manylinux2014_x86_64.whl.metadata (1.2 kB)
2025-08-17T17:32:17.0416239Z Collecting email_validator>=2.0.0 (from fastapi==0.111.0->-r services/api/requirements.txt (line 3))
2025-08-17T17:32:17.0428160Z   Using cached email_validator-2.2.0-py3-none-any.whl.metadata (25 kB)
2025-08-17T17:32:17.1702549Z Collecting greenlet!=0.4.17 (from sqlalchemy==2.0.29->-r services/api/requirements.txt (line 4))
2025-08-17T17:32:17.1716916Z   Using cached greenlet-3.2.4-cp312-cp312-manylinux_2_24_x86_64.manylinux_2_28_x86_64.whl.metadata (4.1 kB)
2025-08-17T17:32:17.1961977Z Collecting Mako (from alembic==1.13.1->-r services/api/requirements.txt (line 5))
2025-08-17T17:32:17.1974282Z   Using cached mako-1.3.10-py3-none-any.whl.metadata (2.9 kB)
2025-08-17T17:32:17.2163591Z Collecting anyio (from httpx==0.27.2->-r services/api/requirements.txt (line 7))
2025-08-17T17:32:17.2175904Z   Using cached anyio-4.10.0-py3-none-any.whl.metadata (4.0 kB)
2025-08-17T17:32:17.2199075Z Requirement already satisfied: certifi in /opt/hostedtoolcache/Python/3.12.11/x64/lib/python3.12/site-packages (from httpx==0.27.2->-r services/api/requirements.txt (line 7)) (2025.8.3)
2025-08-17T17:32:17.2357134Z Collecting httpcore==1.* (from httpx==0.27.2->-r services/api/requirements.txt (line 7))
2025-08-17T17:32:17.2369199Z   Using cached httpcore-1.0.9-py3-none-any.whl.metadata (21 kB)
2025-08-17T17:32:17.2403343Z Requirement already satisfied: idna in /opt/hostedtoolcache/Python/3.12.11/x64/lib/python3.12/site-packages (from httpx==0.27.2->-r services/api/requirements.txt (line 7)) (3.10)
2025-08-17T17:32:17.2466862Z Collecting sniffio (from httpx==0.27.2->-r services/api/requirements.txt (line 7))
2025-08-17T17:32:17.2478079Z   Using cached sniffio-1.3.1-py3-none-any.whl.metadata (3.9 kB)
2025-08-17T17:32:17.6325232Z Collecting botocore<1.35.0,>=1.34.162 (from boto3==1.34.162->-r services/api/requirements.txt (line 9))
2025-08-17T17:32:17.6338164Z   Using cached botocore-1.34.162-py3-none-any.whl.metadata (5.7 kB)
2025-08-17T17:32:17.6365493Z Requirement already satisfied: jmespath<2.0.0,>=0.7.1 in /opt/hostedtoolcache/Python/3.12.11/x64/lib/python3.12/site-packages (from boto3==1.34.162->-r services/api/requirements.txt (line 9)) (1.0.1)
2025-08-17T17:32:17.6504242Z Collecting s3transfer<0.11.0,>=0.10.0 (from boto3==1.34.162->-r services/api/requirements.txt (line 9))
2025-08-17T17:32:17.6515336Z   Using cached s3transfer-0.10.4-py3-none-any.whl.metadata (1.7 kB)
2025-08-17T17:32:17.6971212Z Collecting MarkupSafe>=2.0 (from Jinja2==3.1.5->-r services/api/requirements.txt (line 10))
2025-08-17T17:32:17.6984012Z   Using cached MarkupSafe-3.0.2-cp312-cp312-manylinux_2_17_x86_64.manylinux2014_x86_64.whl.metadata (4.0 kB)
2025-08-17T17:32:17.8380854Z Collecting psycopg-binary==3.2.9 (from psycopg[binary]==3.2.9->-r services/api/requirements.txt (line 6))
2025-08-17T17:32:17.8394585Z   Using cached psycopg_binary-3.2.9-cp312-cp312-manylinux_2_17_x86_64.manylinux2014_x86_64.whl.metadata (2.9 kB)
2025-08-17T17:32:17.8438443Z Requirement already satisfied: billiard<5.0,>=4.2.0 in /opt/hostedtoolcache/Python/3.12.11/x64/lib/python3.12/site-packages (from celery==5.3.*->-r services/api/requirements.txt (line 11)) (4.2.1)
2025-08-17T17:32:17.8444692Z Requirement already satisfied: click-didyoumean>=0.3.0 in /opt/hostedtoolcache/Python/3.12.11/x64/lib/python3.12/site-packages (from celery==5.3.*->-r services/api/requirements.txt (line 11)) (0.3.1)
2025-08-17T17:32:17.8450681Z Requirement already satisfied: click-plugins>=1.1.1 in /opt/hostedtoolcache/Python/3.12.11/x64/lib/python3.12/site-packages (from celery==5.3.*->-r services/api/requirements.txt (line 11)) (1.1.1.2)
2025-08-17T17:32:17.8456000Z Requirement already satisfied: click-repl>=0.2.0 in /opt/hostedtoolcache/Python/3.12.11/x64/lib/python3.12/site-packages (from celery==5.3.*->-r services/api/requirements.txt (line 11)) (0.3.0)
2025-08-17T17:32:17.8466797Z Requirement already satisfied: kombu<6.0,>=5.3.4 in /opt/hostedtoolcache/Python/3.12.11/x64/lib/python3.12/site-packages (from celery==5.3.*->-r services/api/requirements.txt (line 11)) (5.5.4)
2025-08-17T17:32:17.8472691Z Requirement already satisfied: python-dateutil>=2.8.2 in /opt/hostedtoolcache/Python/3.12.11/x64/lib/python3.12/site-packages (from celery==5.3.*->-r services/api/requirements.txt (line 11)) (2.9.0.post0)
2025-08-17T17:32:17.8478446Z Requirement already satisfied: tzdata>=2022.7 in /opt/hostedtoolcache/Python/3.12.11/x64/lib/python3.12/site-packages (from celery==5.3.*->-r services/api/requirements.txt (line 11)) (2025.2)
2025-08-17T17:32:17.8484757Z Requirement already satisfied: vine<6.0,>=5.1.0 in /opt/hostedtoolcache/Python/3.12.11/x64/lib/python3.12/site-packages (from celery==5.3.*->-r services/api/requirements.txt (line 11)) (5.1.0)
2025-08-17T17:32:17.8550258Z Requirement already satisfied: PyJWT>=2.9.0 in /opt/hostedtoolcache/Python/3.12.11/x64/lib/python3.12/site-packages (from redis==5.*->-r services/api/requirements.txt (line 12)) (2.10.1)
2025-08-17T17:32:17.8586044Z Requirement already satisfied: urllib3!=2.2.0,<3,>=1.25.4 in /opt/hostedtoolcache/Python/3.12.11/x64/lib/python3.12/site-packages (from botocore<1.35.0,>=1.34.162->boto3==1.34.162->-r services/api/requirements.txt (line 9)) (2.5.0)
2025-08-17T17:32:17.8636836Z Requirement already satisfied: amqp<6.0.0,>=5.1.1 in /opt/hostedtoolcache/Python/3.12.11/x64/lib/python3.12/site-packages (from kombu<6.0,>=5.3.4->celery==5.3.*->-r services/api/requirements.txt (line 11)) (5.3.1)
2025-08-17T17:32:17.8648463Z Requirement already satisfied: packaging in /opt/hostedtoolcache/Python/3.12.11/x64/lib/python3.12/site-packages (from kombu<6.0,>=5.3.4->celery==5.3.*->-r services/api/requirements.txt (line 11)) (25.0)
2025-08-17T17:32:17.8712579Z Requirement already satisfied: annotated-types>=0.6.0 in /opt/hostedtoolcache/Python/3.12.11/x64/lib/python3.12/site-packages (from pydantic>=2.3.0->pydantic-settings==2.2.1->-r services/api/requirements.txt (line 2)) (0.7.0)
2025-08-17T17:32:17.8717505Z Requirement already satisfied: pydantic-core==2.33.2 in /opt/hostedtoolcache/Python/3.12.11/x64/lib/python3.12/site-packages (from pydantic>=2.3.0->pydantic-settings==2.2.1->-r services/api/requirements.txt (line 2)) (2.33.2)
2025-08-17T17:32:17.8726030Z Requirement already satisfied: typing-inspection>=0.4.0 in /opt/hostedtoolcache/Python/3.12.11/x64/lib/python3.12/site-packages (from pydantic>=2.3.0->pydantic-settings==2.2.1->-r services/api/requirements.txt (line 2)) (0.4.1)
2025-08-17T17:32:17.8759617Z Requirement already satisfied: six>=1.5 in /opt/hostedtoolcache/Python/3.12.11/x64/lib/python3.12/site-packages (from python-dateutil>=2.8.2->celery==5.3.*->-r services/api/requirements.txt (line 11)) (1.17.0)
2025-08-17T17:32:18.1061022Z Requirement already satisfied: prompt-toolkit>=3.0.36 in /opt/hostedtoolcache/Python/3.12.11/x64/lib/python3.12/site-packages (from click-repl>=0.2.0->celery==5.3.*->-r services/api/requirements.txt (line 11)) (3.0.51)
2025-08-17T17:32:18.1186574Z Collecting dnspython>=2.0.0 (from email_validator>=2.0.0->fastapi==0.111.0->-r services/api/requirements.txt (line 3))
2025-08-17T17:32:18.1198350Z   Using cached dnspython-2.7.0-py3-none-any.whl.metadata (5.8 kB)
2025-08-17T17:32:18.1398482Z Collecting typer>=0.15.1 (from fastapi-cli>=0.0.2->fastapi==0.111.0->-r services/api/requirements.txt (line 3))
2025-08-17T17:32:18.1410250Z   Using cached typer-0.16.0-py3-none-any.whl.metadata (15 kB)
2025-08-17T17:32:18.1661387Z Collecting rich-toolkit>=0.14.8 (from fastapi-cli>=0.0.2->fastapi==0.111.0->-r services/api/requirements.txt (line 3))
2025-08-17T17:32:18.1672987Z   Using cached rich_toolkit-0.15.0-py3-none-any.whl.metadata (1.0 kB)
2025-08-17T17:32:18.1759202Z Requirement already satisfied: wcwidth in /opt/hostedtoolcache/Python/3.12.11/x64/lib/python3.12/site-packages (from prompt-toolkit>=3.0.36->click-repl>=0.2.0->celery==5.3.*->-r services/api/requirements.txt (line 11)) (0.2.13)
2025-08-17T17:32:18.2156040Z Collecting rich>=13.7.1 (from rich-toolkit>=0.14.8->fastapi-cli>=0.0.2->fastapi==0.111.0->-r services/api/requirements.txt (line 3))
2025-08-17T17:32:18.2168426Z   Using cached rich-14.1.0-py3-none-any.whl.metadata (18 kB)
2025-08-17T17:32:18.2342011Z Collecting markdown-it-py>=2.2.0 (from rich>=13.7.1->rich-toolkit>=0.14.8->fastapi-cli>=0.0.2->fastapi==0.111.0->-r services/api/requirements.txt (line 3))
2025-08-17T17:32:18.2353811Z   Using cached markdown_it_py-4.0.0-py3-none-any.whl.metadata (7.3 kB)
2025-08-17T17:32:18.2572546Z Collecting pygments<3.0.0,>=2.13.0 (from rich>=13.7.1->rich-toolkit>=0.14.8->fastapi-cli>=0.0.2->fastapi==0.111.0->-r services/api/requirements.txt (line 3))
2025-08-17T17:32:18.2584224Z   Using cached pygments-2.19.2-py3-none-any.whl.metadata (2.5 kB)
2025-08-17T17:32:18.2687329Z Collecting mdurl~=0.1 (from markdown-it-py>=2.2.0->rich>=13.7.1->rich-toolkit>=0.14.8->fastapi-cli>=0.0.2->fastapi==0.111.0->-r services/api/requirements.txt (line 3))
2025-08-17T17:32:18.2698986Z   Using cached mdurl-0.1.2-py3-none-any.whl.metadata (1.6 kB)
2025-08-17T17:32:18.2872427Z Collecting shellingham>=1.3.0 (from typer>=0.15.1->fastapi-cli>=0.0.2->fastapi==0.111.0->-r services/api/requirements.txt (line 3))
2025-08-17T17:32:18.2883519Z   Using cached shellingham-1.5.4-py2.py3-none-any.whl.metadata (3.5 kB)
2025-08-17T17:32:18.3321611Z Collecting httptools>=0.5.0 (from uvicorn[standard]>=0.12.0->fastapi==0.111.0->-r services/api/requirements.txt (line 3))
2025-08-17T17:32:18.3333648Z   Using cached httptools-0.6.4-cp312-cp312-manylinux_2_5_x86_64.manylinux1_x86_64.manylinux_2_17_x86_64.manylinux2014_x86_64.whl.metadata (3.6 kB)
2025-08-17T17:32:18.3359065Z Requirement already satisfied: pyyaml>=5.1 in /opt/hostedtoolcache/Python/3.12.11/x64/lib/python3.12/site-packages (from uvicorn[standard]>=0.12.0->fastapi==0.111.0->-r services/api/requirements.txt (line 3)) (6.0.2)
2025-08-17T17:32:18.3716082Z Collecting uvloop!=0.15.0,!=0.15.1,>=0.14.0 (from uvicorn[standard]>=0.12.0->fastapi==0.111.0->-r services/api/requirements.txt (line 3))
2025-08-17T17:32:18.3728040Z   Using cached uvloop-0.21.0-cp312-cp312-manylinux_2_17_x86_64.manylinux2014_x86_64.whl.metadata (4.9 kB)
2025-08-17T17:32:18.4414891Z Collecting watchfiles>=0.13 (from uvicorn[standard]>=0.12.0->fastapi==0.111.0->-r services/api/requirements.txt (line 3))
2025-08-17T17:32:18.4427333Z   Using cached watchfiles-1.1.0-cp312-cp312-manylinux_2_17_x86_64.manylinux2014_x86_64.whl.metadata (4.9 kB)
2025-08-17T17:32:18.5747298Z Collecting websockets>=10.4 (from uvicorn[standard]>=0.12.0->fastapi==0.111.0->-r services/api/requirements.txt (line 3))
2025-08-17T17:32:18.5761506Z   Using cached websockets-15.0.1-cp312-cp312-manylinux_2_5_x86_64.manylinux1_x86_64.manylinux_2_17_x86_64.manylinux2014_x86_64.whl.metadata (6.8 kB)
2025-08-17T17:32:18.6025004Z Using cached uvicorn-0.29.0-py3-none-any.whl (60 kB)
2025-08-17T17:32:18.6037072Z Using cached fastapi-0.111.0-py3-none-any.whl (91 kB)
2025-08-17T17:32:18.6049558Z Using cached SQLAlchemy-2.0.29-cp312-cp312-manylinux_2_17_x86_64.manylinux2014_x86_64.whl (3.2 MB)
2025-08-17T17:32:18.6085142Z Using cached alembic-1.13.1-py3-none-any.whl (233 kB)
2025-08-17T17:32:18.6098031Z Using cached psycopg-3.2.9-py3-none-any.whl (202 kB)
2025-08-17T17:32:18.6110441Z Using cached httpx-0.27.2-py3-none-any.whl (76 kB)
2025-08-17T17:32:18.6122446Z Using cached asyncpg-0.29.0-cp312-cp312-manylinux_2_17_x86_64.manylinux2014_x86_64.whl (3.3 MB)
2025-08-17T17:32:18.6157985Z Using cached boto3-1.34.162-py3-none-any.whl (139 kB)
2025-08-17T17:32:18.6170015Z Using cached jinja2-3.1.5-py3-none-any.whl (134 kB)
2025-08-17T17:32:18.6182373Z Using cached psycopg_binary-3.2.9-cp312-cp312-manylinux_2_17_x86_64.manylinux2014_x86_64.whl (4.4 MB)
2025-08-17T17:32:18.6226753Z Using cached botocore-1.34.162-py3-none-any.whl (12.5 MB)
2025-08-17T17:32:18.6328065Z Using cached httpcore-1.0.9-py3-none-any.whl (78 kB)
2025-08-17T17:32:18.6339670Z Using cached s3transfer-0.10.4-py3-none-any.whl (83 kB)
2025-08-17T17:32:18.6351100Z Using cached starlette-0.37.2-py3-none-any.whl (71 kB)
2025-08-17T17:32:18.6362702Z Using cached anyio-4.10.0-py3-none-any.whl (107 kB)
2025-08-17T17:32:18.6374143Z Using cached email_validator-2.2.0-py3-none-any.whl (33 kB)
2025-08-17T17:32:18.6385325Z Using cached dnspython-2.7.0-py3-none-any.whl (313 kB)
2025-08-17T17:32:18.6398514Z Using cached fastapi_cli-0.0.8-py3-none-any.whl (10 kB)
2025-08-17T17:32:18.6410063Z Using cached greenlet-3.2.4-cp312-cp312-manylinux_2_24_x86_64.manylinux_2_28_x86_64.whl (607 kB)
2025-08-17T17:32:18.6425450Z Using cached h11-0.16.0-py3-none-any.whl (37 kB)
2025-08-17T17:32:18.6437082Z Using cached MarkupSafe-3.0.2-cp312-cp312-manylinux_2_17_x86_64.manylinux2014_x86_64.whl (23 kB)
2025-08-17T17:32:18.6448507Z Using cached orjson-3.11.2-cp312-cp312-manylinux_2_17_x86_64.manylinux2014_x86_64.whl (121 kB)
2025-08-17T17:32:18.6460231Z Using cached python_multipart-0.0.20-py3-none-any.whl (24 kB)
2025-08-17T17:32:18.6471199Z Using cached rich_toolkit-0.15.0-py3-none-any.whl (29 kB)
2025-08-17T17:32:18.6482268Z Using cached rich-14.1.0-py3-none-any.whl (243 kB)
2025-08-17T17:32:18.6494861Z Using cached pygments-2.19.2-py3-none-any.whl (1.2 MB)
2025-08-17T17:32:18.6514497Z Using cached markdown_it_py-4.0.0-py3-none-any.whl (87 kB)
2025-08-17T17:32:18.6525864Z Using cached mdurl-0.1.2-py3-none-any.whl (10.0 kB)
2025-08-17T17:32:18.6536913Z Using cached sniffio-1.3.1-py3-none-any.whl (10 kB)
2025-08-17T17:32:18.6547988Z Using cached typer-0.16.0-py3-none-any.whl (46 kB)
2025-08-17T17:32:18.6559145Z Using cached shellingham-1.5.4-py2.py3-none-any.whl (9.8 kB)
2025-08-17T17:32:18.6570465Z Using cached ujson-5.10.0-cp312-cp312-manylinux_2_17_x86_64.manylinux2014_x86_64.whl (53 kB)
2025-08-17T17:32:18.6582392Z Using cached httptools-0.6.4-cp312-cp312-manylinux_2_5_x86_64.manylinux1_x86_64.manylinux_2_17_x86_64.manylinux2014_x86_64.whl (510 kB)
2025-08-17T17:32:18.6597094Z Using cached uvloop-0.21.0-cp312-cp312-manylinux_2_17_x86_64.manylinux2014_x86_64.whl (4.7 MB)
2025-08-17T17:32:18.6643273Z Using cached watchfiles-1.1.0-cp312-cp312-manylinux_2_17_x86_64.manylinux2014_x86_64.whl (452 kB)
2025-08-17T17:32:18.6658101Z Using cached websockets-15.0.1-cp312-cp312-manylinux_2_5_x86_64.manylinux1_x86_64.manylinux_2_17_x86_64.manylinux2014_x86_64.whl (182 kB)
2025-08-17T17:32:18.6670281Z Using cached mako-1.3.10-py3-none-any.whl (78 kB)
2025-08-17T17:32:18.8534102Z Installing collected packages: websockets, uvloop, ujson, sniffio, shellingham, python-multipart, pygments, psycopg-binary, psycopg, orjson, mdurl, MarkupSafe, httptools, h11, greenlet, dnspython, asyncpg, uvicorn, sqlalchemy, markdown-it-py, Mako, Jinja2, httpcore, email_validator, botocore, anyio, watchfiles, starlette, s3transfer, rich, httpx, alembic, typer, rich-toolkit, boto3, fastapi-cli, fastapi
2025-08-17T17:32:22.1813317Z   Attempting uninstall: botocore
2025-08-17T17:32:22.1861002Z     Found existing installation: botocore 1.40.11
2025-08-17T17:32:22.2492882Z     Uninstalling botocore-1.40.11:
2025-08-17T17:32:22.2748536Z       Successfully uninstalled botocore-1.40.11
2025-08-17T17:32:23.0589736Z   Attempting uninstall: s3transfer
2025-08-17T17:32:23.0635582Z     Found existing installation: s3transfer 0.13.1
2025-08-17T17:32:23.0663042Z     Uninstalling s3transfer-0.13.1:
2025-08-17T17:32:23.0671801Z       Successfully uninstalled s3transfer-0.13.1
2025-08-17T17:32:23.5725209Z   Attempting uninstall: boto3
2025-08-17T17:32:23.5760700Z     Found existing installation: boto3 1.40.11
2025-08-17T17:32:23.5822091Z     Uninstalling boto3-1.40.11:
2025-08-17T17:32:23.5841034Z       Successfully uninstalled boto3-1.40.11
2025-08-17T17:32:23.7271008Z 
2025-08-17T17:32:23.7354643Z Successfully installed Jinja2-3.1.5 Mako-1.3.10 MarkupSafe-3.0.2 alembic-1.13.1 anyio-4.10.0 asyncpg-0.29.0 boto3-1.34.162 botocore-1.34.162 dnspython-2.7.0 email_validator-2.2.0 fastapi-0.111.0 fastapi-cli-0.0.8 greenlet-3.2.4 h11-0.16.0 httpcore-1.0.9 httptools-0.6.4 httpx-0.27.2 markdown-it-py-4.0.0 mdurl-0.1.2 orjson-3.11.2 psycopg-3.2.9 psycopg-binary-3.2.9 pygments-2.19.2 python-multipart-0.0.20 rich-14.1.0 rich-toolkit-0.15.0 s3transfer-0.10.4 shellingham-1.5.4 sniffio-1.3.1 sqlalchemy-2.0.29 starlette-0.37.2 typer-0.16.0 ujson-5.10.0 uvicorn-0.29.0 uvloop-0.21.0 watchfiles-1.1.0 websockets-15.0.1
2025-08-17T17:32:24.4177180Z Requirement already satisfied: uvicorn==0.29.0 in /opt/hostedtoolcache/Python/3.12.11/x64/lib/python3.12/site-packages (from -r services/repricer/requirements.txt (line 1)) (0.29.0)
2025-08-17T17:32:24.4181945Z Requirement already satisfied: pydantic-settings==2.2.1 in /opt/hostedtoolcache/Python/3.12.11/x64/lib/python3.12/site-packages (from -r services/repricer/requirements.txt (line 2)) (2.2.1)
2025-08-17T17:32:24.4186180Z Requirement already satisfied: python-amazon-sp-api==0.8.0 in /opt/hostedtoolcache/Python/3.12.11/x64/lib/python3.12/site-packages (from -r services/repricer/requirements.txt (line 3)) (0.8.0)
2025-08-17T17:32:24.4190051Z Requirement already satisfied: fastapi==0.111.0 in /opt/hostedtoolcache/Python/3.12.11/x64/lib/python3.12/site-packages (from -r services/repricer/requirements.txt (line 4)) (0.111.0)
2025-08-17T17:32:24.4193989Z Requirement already satisfied: sqlalchemy==2.0.29 in /opt/hostedtoolcache/Python/3.12.11/x64/lib/python3.12/site-packages (from -r services/repricer/requirements.txt (line 5)) (2.0.29)
2025-08-17T17:32:24.4205009Z Requirement already satisfied: click>=7.0 in /opt/hostedtoolcache/Python/3.12.11/x64/lib/python3.12/site-packages (from uvicorn==0.29.0->-r services/repricer/requirements.txt (line 1)) (8.2.1)
2025-08-17T17:32:24.4210196Z Requirement already satisfied: h11>=0.8 in /opt/hostedtoolcache/Python/3.12.11/x64/lib/python3.12/site-packages (from uvicorn==0.29.0->-r services/repricer/requirements.txt (line 1)) (0.16.0)
2025-08-17T17:32:24.4234550Z Requirement already satisfied: pydantic>=2.3.0 in /opt/hostedtoolcache/Python/3.12.11/x64/lib/python3.12/site-packages (from pydantic-settings==2.2.1->-r services/repricer/requirements.txt (line 2)) (2.11.7)
2025-08-17T17:32:24.4239650Z Requirement already satisfied: python-dotenv>=0.21.0 in /opt/hostedtoolcache/Python/3.12.11/x64/lib/python3.12/site-packages (from pydantic-settings==2.2.1->-r services/repricer/requirements.txt (line 2)) (1.1.1)
2025-08-17T17:32:24.4250723Z Requirement already satisfied: requests in /opt/hostedtoolcache/Python/3.12.11/x64/lib/python3.12/site-packages (from python-amazon-sp-api==0.8.0->-r services/repricer/requirements.txt (line 3)) (2.32.4)
2025-08-17T17:32:24.4257100Z Requirement already satisfied: six<2,>=1.15 in /opt/hostedtoolcache/Python/3.12.11/x64/lib/python3.12/site-packages (from python-amazon-sp-api==0.8.0->-r services/repricer/requirements.txt (line 3)) (1.17.0)
2025-08-17T17:32:24.4263686Z Requirement already satisfied: boto3<2,>=1.16.39 in /opt/hostedtoolcache/Python/3.12.11/x64/lib/python3.12/site-packages (from python-amazon-sp-api==0.8.0->-r services/repricer/requirements.txt (line 3)) (1.34.162)
2025-08-17T17:32:24.4270524Z Requirement already satisfied: cachetools~=4.2.0 in /opt/hostedtoolcache/Python/3.12.11/x64/lib/python3.12/site-packages (from python-amazon-sp-api==0.8.0->-r services/repricer/requirements.txt (line 3)) (4.2.4)
2025-08-17T17:32:24.4274216Z Requirement already satisfied: pycryptodome in /opt/hostedtoolcache/Python/3.12.11/x64/lib/python3.12/site-packages (from python-amazon-sp-api==0.8.0->-r services/repricer/requirements.txt (line 3)) (3.23.0)
2025-08-17T17:32:24.4277944Z Requirement already satisfied: pytz in /opt/hostedtoolcache/Python/3.12.11/x64/lib/python3.12/site-packages (from python-amazon-sp-api==0.8.0->-r services/repricer/requirements.txt (line 3)) (2025.2)
2025-08-17T17:32:24.4283868Z Requirement already satisfied: confuse~=1.4.0 in /opt/hostedtoolcache/Python/3.12.11/x64/lib/python3.12/site-packages (from python-amazon-sp-api==0.8.0->-r services/repricer/requirements.txt (line 3)) (1.4.0)
2025-08-17T17:32:24.4299546Z Requirement already satisfied: starlette<0.38.0,>=0.37.2 in /opt/hostedtoolcache/Python/3.12.11/x64/lib/python3.12/site-packages (from fastapi==0.111.0->-r services/repricer/requirements.txt (line 4)) (0.37.2)
2025-08-17T17:32:24.4309324Z Requirement already satisfied: typing-extensions>=4.8.0 in /opt/hostedtoolcache/Python/3.12.11/x64/lib/python3.12/site-packages (from fastapi==0.111.0->-r services/repricer/requirements.txt (line 4)) (4.14.1)
2025-08-17T17:32:24.4313946Z Requirement already satisfied: fastapi-cli>=0.0.2 in /opt/hostedtoolcache/Python/3.12.11/x64/lib/python3.12/site-packages (from fastapi==0.111.0->-r services/repricer/requirements.txt (line 4)) (0.0.8)
2025-08-17T17:32:24.4318771Z Requirement already satisfied: httpx>=0.23.0 in /opt/hostedtoolcache/Python/3.12.11/x64/lib/python3.12/site-packages (from fastapi==0.111.0->-r services/repricer/requirements.txt (line 4)) (0.27.2)
2025-08-17T17:32:24.4323645Z Requirement already satisfied: jinja2>=2.11.2 in /opt/hostedtoolcache/Python/3.12.11/x64/lib/python3.12/site-packages (from fastapi==0.111.0->-r services/repricer/requirements.txt (line 4)) (3.1.5)
2025-08-17T17:32:24.4329164Z Requirement already satisfied: python-multipart>=0.0.7 in /opt/hostedtoolcache/Python/3.12.11/x64/lib/python3.12/site-packages (from fastapi==0.111.0->-r services/repricer/requirements.txt (line 4)) (0.0.20)
2025-08-17T17:32:24.4336822Z Requirement already satisfied: ujson!=4.0.2,!=4.1.0,!=4.2.0,!=4.3.0,!=5.0.0,!=5.1.0,>=4.0.1 in /opt/hostedtoolcache/Python/3.12.11/x64/lib/python3.12/site-packages (from fastapi==0.111.0->-r services/repricer/requirements.txt (line 4)) (5.10.0)
2025-08-17T17:32:24.4341691Z Requirement already satisfied: orjson>=3.2.1 in /opt/hostedtoolcache/Python/3.12.11/x64/lib/python3.12/site-packages (from fastapi==0.111.0->-r services/repricer/requirements.txt (line 4)) (3.11.2)
2025-08-17T17:32:24.4346404Z Requirement already satisfied: email_validator>=2.0.0 in /opt/hostedtoolcache/Python/3.12.11/x64/lib/python3.12/site-packages (from fastapi==0.111.0->-r services/repricer/requirements.txt (line 4)) (2.2.0)
2025-08-17T17:32:24.4393675Z Requirement already satisfied: greenlet!=0.4.17 in /opt/hostedtoolcache/Python/3.12.11/x64/lib/python3.12/site-packages (from sqlalchemy==2.0.29->-r services/repricer/requirements.txt (line 5)) (3.2.4)
2025-08-17T17:32:24.4438622Z Requirement already satisfied: botocore<1.35.0,>=1.34.162 in /opt/hostedtoolcache/Python/3.12.11/x64/lib/python3.12/site-packages (from boto3<2,>=1.16.39->python-amazon-sp-api==0.8.0->-r services/repricer/requirements.txt (line 3)) (1.34.162)
2025-08-17T17:32:24.4445229Z Requirement already satisfied: jmespath<2.0.0,>=0.7.1 in /opt/hostedtoolcache/Python/3.12.11/x64/lib/python3.12/site-packages (from boto3<2,>=1.16.39->python-amazon-sp-api==0.8.0->-r services/repricer/requirements.txt (line 3)) (1.0.1)
2025-08-17T17:32:24.4451703Z Requirement already satisfied: s3transfer<0.11.0,>=0.10.0 in /opt/hostedtoolcache/Python/3.12.11/x64/lib/python3.12/site-packages (from boto3<2,>=1.16.39->python-amazon-sp-api==0.8.0->-r services/repricer/requirements.txt (line 3)) (0.10.4)
2025-08-17T17:32:24.4468597Z Requirement already satisfied: python-dateutil<3.0.0,>=2.1 in /opt/hostedtoolcache/Python/3.12.11/x64/lib/python3.12/site-packages (from botocore<1.35.0,>=1.34.162->boto3<2,>=1.16.39->python-amazon-sp-api==0.8.0->-r services/repricer/requirements.txt (line 3)) (2.9.0.post0)
2025-08-17T17:32:24.4481369Z Requirement already satisfied: urllib3!=2.2.0,<3,>=1.25.4 in /opt/hostedtoolcache/Python/3.12.11/x64/lib/python3.12/site-packages (from botocore<1.35.0,>=1.34.162->boto3<2,>=1.16.39->python-amazon-sp-api==0.8.0->-r services/repricer/requirements.txt (line 3)) (2.5.0)
2025-08-17T17:32:24.4500556Z Requirement already satisfied: pyyaml in /opt/hostedtoolcache/Python/3.12.11/x64/lib/python3.12/site-packages (from confuse~=1.4.0->python-amazon-sp-api==0.8.0->-r services/repricer/requirements.txt (line 3)) (6.0.2)
2025-08-17T17:32:24.4528119Z Requirement already satisfied: annotated-types>=0.6.0 in /opt/hostedtoolcache/Python/3.12.11/x64/lib/python3.12/site-packages (from pydantic>=2.3.0->pydantic-settings==2.2.1->-r services/repricer/requirements.txt (line 2)) (0.7.0)
2025-08-17T17:32:24.4540401Z Requirement already satisfied: pydantic-core==2.33.2 in /opt/hostedtoolcache/Python/3.12.11/x64/lib/python3.12/site-packages (from pydantic>=2.3.0->pydantic-settings==2.2.1->-r services/repricer/requirements.txt (line 2)) (2.33.2)
2025-08-17T17:32:24.4545628Z Requirement already satisfied: typing-inspection>=0.4.0 in /opt/hostedtoolcache/Python/3.12.11/x64/lib/python3.12/site-packages (from pydantic>=2.3.0->pydantic-settings==2.2.1->-r services/repricer/requirements.txt (line 2)) (0.4.1)
2025-08-17T17:32:24.4606678Z Requirement already satisfied: anyio<5,>=3.4.0 in /opt/hostedtoolcache/Python/3.12.11/x64/lib/python3.12/site-packages (from starlette<0.38.0,>=0.37.2->fastapi==0.111.0->-r services/repricer/requirements.txt (line 4)) (4.10.0)
2025-08-17T17:32:24.4627079Z Requirement already satisfied: idna>=2.8 in /opt/hostedtoolcache/Python/3.12.11/x64/lib/python3.12/site-packages (from anyio<5,>=3.4.0->starlette<0.38.0,>=0.37.2->fastapi==0.111.0->-r services/repricer/requirements.txt (line 4)) (3.10)
2025-08-17T17:32:24.4632983Z Requirement already satisfied: sniffio>=1.1 in /opt/hostedtoolcache/Python/3.12.11/x64/lib/python3.12/site-packages (from anyio<5,>=3.4.0->starlette<0.38.0,>=0.37.2->fastapi==0.111.0->-r services/repricer/requirements.txt (line 4)) (1.3.1)
2025-08-17T17:32:24.4689292Z Requirement already satisfied: dnspython>=2.0.0 in /opt/hostedtoolcache/Python/3.12.11/x64/lib/python3.12/site-packages (from email_validator>=2.0.0->fastapi==0.111.0->-r services/repricer/requirements.txt (line 4)) (2.7.0)
2025-08-17T17:32:24.4737670Z Requirement already satisfied: typer>=0.15.1 in /opt/hostedtoolcache/Python/3.12.11/x64/lib/python3.12/site-packages (from fastapi-cli>=0.0.2->fastapi==0.111.0->-r services/repricer/requirements.txt (line 4)) (0.16.0)
2025-08-17T17:32:24.4748613Z Requirement already satisfied: rich-toolkit>=0.14.8 in /opt/hostedtoolcache/Python/3.12.11/x64/lib/python3.12/site-packages (from fastapi-cli>=0.0.2->fastapi==0.111.0->-r services/repricer/requirements.txt (line 4)) (0.15.0)
2025-08-17T17:32:24.4789210Z Requirement already satisfied: certifi in /opt/hostedtoolcache/Python/3.12.11/x64/lib/python3.12/site-packages (from httpx>=0.23.0->fastapi==0.111.0->-r services/repricer/requirements.txt (line 4)) (2025.8.3)
2025-08-17T17:32:24.4794221Z Requirement already satisfied: httpcore==1.* in /opt/hostedtoolcache/Python/3.12.11/x64/lib/python3.12/site-packages (from httpx>=0.23.0->fastapi==0.111.0->-r services/repricer/requirements.txt (line 4)) (1.0.9)
2025-08-17T17:32:24.4851495Z Requirement already satisfied: MarkupSafe>=2.0 in /opt/hostedtoolcache/Python/3.12.11/x64/lib/python3.12/site-packages (from jinja2>=2.11.2->fastapi==0.111.0->-r services/repricer/requirements.txt (line 4)) (3.0.2)
2025-08-17T17:32:24.4908951Z Requirement already satisfied: rich>=13.7.1 in /opt/hostedtoolcache/Python/3.12.11/x64/lib/python3.12/site-packages (from rich-toolkit>=0.14.8->fastapi-cli>=0.0.2->fastapi==0.111.0->-r services/repricer/requirements.txt (line 4)) (14.1.0)
2025-08-17T17:32:24.4931738Z Requirement already satisfied: markdown-it-py>=2.2.0 in /opt/hostedtoolcache/Python/3.12.11/x64/lib/python3.12/site-packages (from rich>=13.7.1->rich-toolkit>=0.14.8->fastapi-cli>=0.0.2->fastapi==0.111.0->-r services/repricer/requirements.txt (line 4)) (4.0.0)
2025-08-17T17:32:24.4938408Z Requirement already satisfied: pygments<3.0.0,>=2.13.0 in /opt/hostedtoolcache/Python/3.12.11/x64/lib/python3.12/site-packages (from rich>=13.7.1->rich-toolkit>=0.14.8->fastapi-cli>=0.0.2->fastapi==0.111.0->-r services/repricer/requirements.txt (line 4)) (2.19.2)
2025-08-17T17:32:24.4964975Z Requirement already satisfied: mdurl~=0.1 in /opt/hostedtoolcache/Python/3.12.11/x64/lib/python3.12/site-packages (from markdown-it-py>=2.2.0->rich>=13.7.1->rich-toolkit>=0.14.8->fastapi-cli>=0.0.2->fastapi==0.111.0->-r services/repricer/requirements.txt (line 4)) (0.1.2)
2025-08-17T17:32:24.5031584Z Requirement already satisfied: shellingham>=1.3.0 in /opt/hostedtoolcache/Python/3.12.11/x64/lib/python3.12/site-packages (from typer>=0.15.1->fastapi-cli>=0.0.2->fastapi==0.111.0->-r services/repricer/requirements.txt (line 4)) (1.5.4)
2025-08-17T17:32:24.5103372Z Requirement already satisfied: httptools>=0.5.0 in /opt/hostedtoolcache/Python/3.12.11/x64/lib/python3.12/site-packages (from uvicorn[standard]>=0.12.0->fastapi==0.111.0->-r services/repricer/requirements.txt (line 4)) (0.6.4)
2025-08-17T17:32:24.5119279Z Requirement already satisfied: uvloop!=0.15.0,!=0.15.1,>=0.14.0 in /opt/hostedtoolcache/Python/3.12.11/x64/lib/python3.12/site-packages (from uvicorn[standard]>=0.12.0->fastapi==0.111.0->-r services/repricer/requirements.txt (line 4)) (0.21.0)
2025-08-17T17:32:24.5126456Z Requirement already satisfied: watchfiles>=0.13 in /opt/hostedtoolcache/Python/3.12.11/x64/lib/python3.12/site-packages (from uvicorn[standard]>=0.12.0->fastapi==0.111.0->-r services/repricer/requirements.txt (line 4)) (1.1.0)
2025-08-17T17:32:24.5134224Z Requirement already satisfied: websockets>=10.4 in /opt/hostedtoolcache/Python/3.12.11/x64/lib/python3.12/site-packages (from uvicorn[standard]>=0.12.0->fastapi==0.111.0->-r services/repricer/requirements.txt (line 4)) (15.0.1)
2025-08-17T17:32:24.5264132Z Requirement already satisfied: charset_normalizer<4,>=2 in /opt/hostedtoolcache/Python/3.12.11/x64/lib/python3.12/site-packages (from requests->python-amazon-sp-api==0.8.0->-r services/repricer/requirements.txt (line 3)) (3.4.3)
2025-08-17T17:32:25.1274969Z Collecting celery==5.4.* (from celery[redis]==5.4.*->-r services/fees_h10/requirements.txt (line 1))
2025-08-17T17:32:25.1288427Z   Using cached celery-5.4.0-py3-none-any.whl.metadata (21 kB)
2025-08-17T17:32:25.1499274Z Requirement already satisfied: asyncpg in /opt/hostedtoolcache/Python/3.12.11/x64/lib/python3.12/site-packages (from -r services/fees_h10/requirements.txt (line 2)) (0.29.0)
2025-08-17T17:32:25.1502799Z Requirement already satisfied: httpx in /opt/hostedtoolcache/Python/3.12.11/x64/lib/python3.12/site-packages (from -r services/fees_h10/requirements.txt (line 3)) (0.27.2)
2025-08-17T17:32:25.1506132Z Requirement already satisfied: sqlalchemy in /opt/hostedtoolcache/Python/3.12.11/x64/lib/python3.12/site-packages (from -r services/fees_h10/requirements.txt (line 4)) (2.0.29)
2025-08-17T17:32:25.1518576Z Requirement already satisfied: billiard<5.0,>=4.2.0 in /opt/hostedtoolcache/Python/3.12.11/x64/lib/python3.12/site-packages (from celery==5.4.*->celery[redis]==5.4.*->-r services/fees_h10/requirements.txt (line 1)) (4.2.1)
2025-08-17T17:32:25.1524084Z Requirement already satisfied: kombu<6.0,>=5.3.4 in /opt/hostedtoolcache/Python/3.12.11/x64/lib/python3.12/site-packages (from celery==5.4.*->celery[redis]==5.4.*->-r services/fees_h10/requirements.txt (line 1)) (5.5.4)
2025-08-17T17:32:25.1529483Z Requirement already satisfied: vine<6.0,>=5.1.0 in /opt/hostedtoolcache/Python/3.12.11/x64/lib/python3.12/site-packages (from celery==5.4.*->celery[redis]==5.4.*->-r services/fees_h10/requirements.txt (line 1)) (5.1.0)
2025-08-17T17:32:25.1534814Z Requirement already satisfied: click<9.0,>=8.1.2 in /opt/hostedtoolcache/Python/3.12.11/x64/lib/python3.12/site-packages (from celery==5.4.*->celery[redis]==5.4.*->-r services/fees_h10/requirements.txt (line 1)) (8.2.1)
2025-08-17T17:32:25.1539833Z Requirement already satisfied: click-didyoumean>=0.3.0 in /opt/hostedtoolcache/Python/3.12.11/x64/lib/python3.12/site-packages (from celery==5.4.*->celery[redis]==5.4.*->-r services/fees_h10/requirements.txt (line 1)) (0.3.1)
2025-08-17T17:32:25.1544783Z Requirement already satisfied: click-repl>=0.2.0 in /opt/hostedtoolcache/Python/3.12.11/x64/lib/python3.12/site-packages (from celery==5.4.*->celery[redis]==5.4.*->-r services/fees_h10/requirements.txt (line 1)) (0.3.0)
2025-08-17T17:32:25.1549726Z Requirement already satisfied: click-plugins>=1.1.1 in /opt/hostedtoolcache/Python/3.12.11/x64/lib/python3.12/site-packages (from celery==5.4.*->celery[redis]==5.4.*->-r services/fees_h10/requirements.txt (line 1)) (1.1.1.2)
2025-08-17T17:32:25.1554489Z Requirement already satisfied: tzdata>=2022.7 in /opt/hostedtoolcache/Python/3.12.11/x64/lib/python3.12/site-packages (from celery==5.4.*->celery[redis]==5.4.*->-r services/fees_h10/requirements.txt (line 1)) (2025.2)
2025-08-17T17:32:25.1559315Z Requirement already satisfied: python-dateutil>=2.8.2 in /opt/hostedtoolcache/Python/3.12.11/x64/lib/python3.12/site-packages (from celery==5.4.*->celery[redis]==5.4.*->-r services/fees_h10/requirements.txt (line 1)) (2.9.0.post0)
2025-08-17T17:32:25.1599053Z Requirement already satisfied: redis!=4.5.5,<6.0.0,>=4.5.2 in /opt/hostedtoolcache/Python/3.12.11/x64/lib/python3.12/site-packages (from celery[redis]==5.4.*->-r services/fees_h10/requirements.txt (line 1)) (5.3.1)
2025-08-17T17:32:25.1620183Z Requirement already satisfied: amqp<6.0.0,>=5.1.1 in /opt/hostedtoolcache/Python/3.12.11/x64/lib/python3.12/site-packages (from kombu<6.0,>=5.3.4->celery==5.4.*->celery[redis]==5.4.*->-r services/fees_h10/requirements.txt (line 1)) (5.3.1)
2025-08-17T17:32:25.1630966Z Requirement already satisfied: packaging in /opt/hostedtoolcache/Python/3.12.11/x64/lib/python3.12/site-packages (from kombu<6.0,>=5.3.4->celery==5.4.*->celery[redis]==5.4.*->-r services/fees_h10/requirements.txt (line 1)) (25.0)
2025-08-17T17:32:25.1686216Z Requirement already satisfied: PyJWT>=2.9.0 in /opt/hostedtoolcache/Python/3.12.11/x64/lib/python3.12/site-packages (from redis!=4.5.5,<6.0.0,>=4.5.2->celery[redis]==5.4.*->-r services/fees_h10/requirements.txt (line 1)) (2.10.1)
2025-08-17T17:32:25.1716722Z Requirement already satisfied: anyio in /opt/hostedtoolcache/Python/3.12.11/x64/lib/python3.12/site-packages (from httpx->-r services/fees_h10/requirements.txt (line 3)) (4.10.0)
2025-08-17T17:32:25.1720693Z Requirement already satisfied: certifi in /opt/hostedtoolcache/Python/3.12.11/x64/lib/python3.12/site-packages (from httpx->-r services/fees_h10/requirements.txt (line 3)) (2025.8.3)
2025-08-17T17:32:25.1725530Z Requirement already satisfied: httpcore==1.* in /opt/hostedtoolcache/Python/3.12.11/x64/lib/python3.12/site-packages (from httpx->-r services/fees_h10/requirements.txt (line 3)) (1.0.9)
2025-08-17T17:32:25.1729197Z Requirement already satisfied: idna in /opt/hostedtoolcache/Python/3.12.11/x64/lib/python3.12/site-packages (from httpx->-r services/fees_h10/requirements.txt (line 3)) (3.10)
2025-08-17T17:32:25.1733130Z Requirement already satisfied: sniffio in /opt/hostedtoolcache/Python/3.12.11/x64/lib/python3.12/site-packages (from httpx->-r services/fees_h10/requirements.txt (line 3)) (1.3.1)
2025-08-17T17:32:25.1756670Z Requirement already satisfied: h11>=0.16 in /opt/hostedtoolcache/Python/3.12.11/x64/lib/python3.12/site-packages (from httpcore==1.*->httpx->-r services/fees_h10/requirements.txt (line 3)) (0.16.0)
2025-08-17T17:32:25.1774984Z Requirement already satisfied: typing-extensions>=4.6.0 in /opt/hostedtoolcache/Python/3.12.11/x64/lib/python3.12/site-packages (from sqlalchemy->-r services/fees_h10/requirements.txt (line 4)) (4.14.1)
2025-08-17T17:32:25.1788253Z Requirement already satisfied: greenlet!=0.4.17 in /opt/hostedtoolcache/Python/3.12.11/x64/lib/python3.12/site-packages (from sqlalchemy->-r services/fees_h10/requirements.txt (line 4)) (3.2.4)
2025-08-17T17:32:25.1858906Z Requirement already satisfied: prompt-toolkit>=3.0.36 in /opt/hostedtoolcache/Python/3.12.11/x64/lib/python3.12/site-packages (from click-repl>=0.2.0->celery==5.4.*->celery[redis]==5.4.*->-r services/fees_h10/requirements.txt (line 1)) (3.0.51)
2025-08-17T17:32:25.1894672Z Requirement already satisfied: wcwidth in /opt/hostedtoolcache/Python/3.12.11/x64/lib/python3.12/site-packages (from prompt-toolkit>=3.0.36->click-repl>=0.2.0->celery==5.4.*->celery[redis]==5.4.*->-r services/fees_h10/requirements.txt (line 1)) (0.2.13)
2025-08-17T17:32:25.1928485Z Requirement already satisfied: six>=1.5 in /opt/hostedtoolcache/Python/3.12.11/x64/lib/python3.12/site-packages (from python-dateutil>=2.8.2->celery==5.4.*->celery[redis]==5.4.*->-r services/fees_h10/requirements.txt (line 1)) (1.17.0)
2025-08-17T17:32:25.2043920Z Using cached celery-5.4.0-py3-none-any.whl (425 kB)
2025-08-17T17:32:25.3232114Z Installing collected packages: celery
2025-08-17T17:32:25.3232941Z   Attempting uninstall: celery
2025-08-17T17:32:25.3279569Z     Found existing installation: celery 5.3.6
2025-08-17T17:32:25.3426923Z     Uninstalling celery-5.3.6:
2025-08-17T17:32:25.3455467Z       Successfully uninstalled celery-5.3.6
2025-08-17T17:32:25.6769690Z Successfully installed celery-5.4.0
2025-08-17T17:32:26.1819912Z Collecting python-telegram-bot==20.8 (from -r services/alert_bot/requirements.txt (line 1))
2025-08-17T17:32:26.1833643Z   Using cached python_telegram_bot-20.8-py3-none-any.whl.metadata (15 kB)
2025-08-17T17:32:26.2019874Z Collecting APScheduler==3.10.4 (from -r services/alert_bot/requirements.txt (line 2))
2025-08-17T17:32:26.2031582Z   Using cached APScheduler-3.10.4-py3-none-any.whl.metadata (5.7 kB)
2025-08-17T17:32:26.2075352Z Requirement already satisfied: asyncpg in /opt/hostedtoolcache/Python/3.12.11/x64/lib/python3.12/site-packages (from -r services/alert_bot/requirements.txt (line 3)) (0.29.0)
2025-08-17T17:32:26.2253310Z Collecting httpx~=0.26.0 (from python-telegram-bot==20.8->-r services/alert_bot/requirements.txt (line 1))
2025-08-17T17:32:26.2265420Z   Using cached httpx-0.26.0-py3-none-any.whl.metadata (7.6 kB)
2025-08-17T17:32:26.2306131Z Requirement already satisfied: six>=1.4.0 in /opt/hostedtoolcache/Python/3.12.11/x64/lib/python3.12/site-packages (from APScheduler==3.10.4->-r services/alert_bot/requirements.txt (line 2)) (1.17.0)
2025-08-17T17:32:26.2310731Z Requirement already satisfied: pytz in /opt/hostedtoolcache/Python/3.12.11/x64/lib/python3.12/site-packages (from APScheduler==3.10.4->-r services/alert_bot/requirements.txt (line 2)) (2025.2)
2025-08-17T17:32:26.2446786Z Collecting tzlocal!=3.*,>=2.0 (from APScheduler==3.10.4->-r services/alert_bot/requirements.txt (line 2))
2025-08-17T17:32:26.2458491Z   Using cached tzlocal-5.3.1-py3-none-any.whl.metadata (7.6 kB)
2025-08-17T17:32:26.2490674Z Requirement already satisfied: anyio in /opt/hostedtoolcache/Python/3.12.11/x64/lib/python3.12/site-packages (from httpx~=0.26.0->python-telegram-bot==20.8->-r services/alert_bot/requirements.txt (line 1)) (4.10.0)
2025-08-17T17:32:26.2494991Z Requirement already satisfied: certifi in /opt/hostedtoolcache/Python/3.12.11/x64/lib/python3.12/site-packages (from httpx~=0.26.0->python-telegram-bot==20.8->-r services/alert_bot/requirements.txt (line 1)) (2025.8.3)
2025-08-17T17:32:26.2500601Z Requirement already satisfied: httpcore==1.* in /opt/hostedtoolcache/Python/3.12.11/x64/lib/python3.12/site-packages (from httpx~=0.26.0->python-telegram-bot==20.8->-r services/alert_bot/requirements.txt (line 1)) (1.0.9)
2025-08-17T17:32:26.2504942Z Requirement already satisfied: idna in /opt/hostedtoolcache/Python/3.12.11/x64/lib/python3.12/site-packages (from httpx~=0.26.0->python-telegram-bot==20.8->-r services/alert_bot/requirements.txt (line 1)) (3.10)
2025-08-17T17:32:26.2509117Z Requirement already satisfied: sniffio in /opt/hostedtoolcache/Python/3.12.11/x64/lib/python3.12/site-packages (from httpx~=0.26.0->python-telegram-bot==20.8->-r services/alert_bot/requirements.txt (line 1)) (1.3.1)
2025-08-17T17:32:26.2524984Z Requirement already satisfied: h11>=0.16 in /opt/hostedtoolcache/Python/3.12.11/x64/lib/python3.12/site-packages (from httpcore==1.*->httpx~=0.26.0->python-telegram-bot==20.8->-r services/alert_bot/requirements.txt (line 1)) (0.16.0)
2025-08-17T17:32:26.2575467Z Requirement already satisfied: typing_extensions>=4.5 in /opt/hostedtoolcache/Python/3.12.11/x64/lib/python3.12/site-packages (from anyio->httpx~=0.26.0->python-telegram-bot==20.8->-r services/alert_bot/requirements.txt (line 1)) (4.14.1)
2025-08-17T17:32:26.2625977Z Using cached python_telegram_bot-20.8-py3-none-any.whl (604 kB)
2025-08-17T17:32:26.2642613Z Using cached APScheduler-3.10.4-py3-none-any.whl (59 kB)
2025-08-17T17:32:26.2653508Z Using cached httpx-0.26.0-py3-none-any.whl (75 kB)
2025-08-17T17:32:26.2664516Z Using cached tzlocal-5.3.1-py3-none-any.whl (18 kB)
2025-08-17T17:32:26.4022200Z Installing collected packages: tzlocal, httpx, APScheduler, python-telegram-bot
2025-08-17T17:32:26.4144729Z   Attempting uninstall: httpx
2025-08-17T17:32:26.4176557Z     Found existing installation: httpx 0.27.2
2025-08-17T17:32:26.4215163Z     Uninstalling httpx-0.27.2:
2025-08-17T17:32:26.4229114Z       Successfully uninstalled httpx-0.27.2
2025-08-17T17:32:26.8376798Z 
2025-08-17T17:32:26.8456771Z Successfully installed APScheduler-3.10.4 httpx-0.26.0 python-telegram-bot-20.8 tzlocal-5.3.1
2025-08-17T17:32:27.3502358Z Collecting Jinja2==3.1.6 (from -r requirements-dev.txt (line 2))
2025-08-17T17:32:27.3516831Z   Using cached jinja2-3.1.6-py3-none-any.whl.metadata (2.9 kB)
2025-08-17T17:32:27.3539185Z Requirement already satisfied: alembic==1.13.1 in /opt/hostedtoolcache/Python/3.12.11/x64/lib/python3.12/site-packages (from -r requirements-dev.txt (line 3)) (1.13.1)
2025-08-17T17:32:27.3544473Z Requirement already satisfied: apscheduler==3.10.4 in /opt/hostedtoolcache/Python/3.12.11/x64/lib/python3.12/site-packages (from -r requirements-dev.txt (line 4)) (3.10.4)
2025-08-17T17:32:27.3910104Z Collecting asyncpg==0.30.0 (from -r requirements-dev.txt (line 5))
2025-08-17T17:32:27.3923881Z   Using cached asyncpg-0.30.0-cp312-cp312-manylinux_2_17_x86_64.manylinux2014_x86_64.whl.metadata (5.0 kB)
2025-08-17T17:32:27.4357050Z Collecting black==25.1.0 (from -r requirements-dev.txt (line 6))
2025-08-17T17:32:27.4370861Z   Using cached black-25.1.0-cp312-cp312-manylinux_2_17_x86_64.manylinux2014_x86_64.manylinux_2_28_x86_64.whl.metadata (81 kB)
2025-08-17T17:32:27.4453442Z Requirement already satisfied: boto3 in /opt/hostedtoolcache/Python/3.12.11/x64/lib/python3.12/site-packages (from -r requirements-dev.txt (line 7)) (1.34.162)
2025-08-17T17:32:27.4458883Z Requirement already satisfied: redis==5.* in /opt/hostedtoolcache/Python/3.12.11/x64/lib/python3.12/site-packages (from -r requirements-dev.txt (line 8)) (5.3.1)
2025-08-17T17:32:27.4463869Z Requirement already satisfied: minio==7.* in /opt/hostedtoolcache/Python/3.12.11/x64/lib/python3.12/site-packages (from -r requirements-dev.txt (line 9)) (7.1.15)
2025-08-17T17:32:27.4468990Z Requirement already satisfied: celery==5.4.0 in /opt/hostedtoolcache/Python/3.12.11/x64/lib/python3.12/site-packages (from -r requirements-dev.txt (line 10)) (5.4.0)
2025-08-17T17:32:27.4953913Z Collecting fastapi==0.116.1 (from -r requirements-dev.txt (line 11))
2025-08-17T17:32:27.4966566Z   Using cached fastapi-0.116.1-py3-none-any.whl.metadata (28 kB)
2025-08-17T17:32:27.5189702Z Collecting httpx<0.29,>=0.27 (from -r requirements-dev.txt (line 13))
2025-08-17T17:32:27.5201505Z   Using cached httpx-0.28.1-py3-none-any.whl.metadata (7.1 kB)
2025-08-17T17:32:27.5324178Z Collecting imapclient==3.0.1 (from -r requirements-dev.txt (line 14))
2025-08-17T17:32:27.5335860Z   Using cached IMAPClient-3.0.1-py2.py3-none-any.whl.metadata (1.7 kB)
2025-08-17T17:32:27.5424245Z Collecting itsdangerous (from -r requirements-dev.txt (line 15))
2025-08-17T17:32:27.5435926Z   Using cached itsdangerous-2.2.0-py3-none-any.whl.metadata (1.9 kB)
2025-08-17T17:32:27.6411925Z Collecting mypy==1.* (from -r requirements-dev.txt (line 16))
2025-08-17T17:32:27.6425334Z   Using cached mypy-1.17.1-cp312-cp312-manylinux2014_x86_64.manylinux_2_17_x86_64.manylinux_2_28_x86_64.whl.metadata (2.2 kB)
2025-08-17T17:32:27.6454287Z Requirement already satisfied: mypy-extensions==1.1.0 in /opt/hostedtoolcache/Python/3.12.11/x64/lib/python3.12/site-packages (from -r requirements-dev.txt (line 17)) (1.1.0)
2025-08-17T17:32:27.6459203Z Requirement already satisfied: numpy<2 in /opt/hostedtoolcache/Python/3.12.11/x64/lib/python3.12/site-packages (from -r requirements-dev.txt (line 18)) (1.26.4)
2025-08-17T17:32:27.6463756Z Requirement already satisfied: openpyxl==3.1.5 in /opt/hostedtoolcache/Python/3.12.11/x64/lib/python3.12/site-packages (from -r requirements-dev.txt (line 19)) (3.1.5)
2025-08-17T17:32:27.6468755Z Requirement already satisfied: pandas==2.2.* in /opt/hostedtoolcache/Python/3.12.11/x64/lib/python3.12/site-packages (from -r requirements-dev.txt (line 20)) (2.2.3)
2025-08-17T17:32:27.7043501Z Collecting psycopg2-binary==2.9.9 (from -r requirements-dev.txt (line 21))
2025-08-17T17:32:27.7056813Z   Using cached psycopg2_binary-2.9.9-cp312-cp312-manylinux_2_17_x86_64.manylinux2014_x86_64.whl.metadata (4.4 kB)
2025-08-17T17:32:27.7077383Z Requirement already satisfied: psycopg==3.2.9 in /opt/hostedtoolcache/Python/3.12.11/x64/lib/python3.12/site-packages (from psycopg[binary]==3.2.9->-r requirements-dev.txt (line 22)) (3.2.9)
2025-08-17T17:32:27.7082523Z Requirement already satisfied: pydantic==2.11.7 in /opt/hostedtoolcache/Python/3.12.11/x64/lib/python3.12/site-packages (from -r requirements-dev.txt (line 23)) (2.11.7)
2025-08-17T17:32:27.8263012Z Collecting setuptools (from -r requirements-dev.txt (line 24))
2025-08-17T17:32:27.8276501Z   Using cached setuptools-80.9.0-py3-none-any.whl.metadata (6.6 kB)
2025-08-17T17:32:27.8521269Z Collecting pytest-asyncio==0.23.6 (from -r requirements-dev.txt (line 25))
2025-08-17T17:32:27.8533174Z   Using cached pytest_asyncio-0.23.6-py3-none-any.whl.metadata (3.9 kB)
2025-08-17T17:32:27.8666071Z Collecting pytest-cov==6.2.1 (from -r requirements-dev.txt (line 26))
2025-08-17T17:32:27.8677921Z   Using cached pytest_cov-6.2.1-py3-none-any.whl.metadata (30 kB)
2025-08-17T17:32:27.8845527Z Collecting pytest-postgresql==7.0.2 (from -r requirements-dev.txt (line 27))
2025-08-17T17:32:27.8857202Z   Using cached pytest_postgresql-7.0.2-py3-none-any.whl.metadata (18 kB)
2025-08-17T17:32:27.8888381Z Requirement already satisfied: python-dotenv in /opt/hostedtoolcache/Python/3.12.11/x64/lib/python3.12/site-packages (from -r requirements-dev.txt (line 28)) (1.1.1)
2025-08-17T17:32:27.8892672Z Requirement already satisfied: python-multipart in /opt/hostedtoolcache/Python/3.12.11/x64/lib/python3.12/site-packages (from -r requirements-dev.txt (line 29)) (0.0.20)
2025-08-17T17:32:27.9159689Z Collecting python-telegram-bot==22.2 (from -r requirements-dev.txt (line 30))
2025-08-17T17:32:27.9172563Z   Using cached python_telegram_bot-22.2-py3-none-any.whl.metadata (17 kB)
2025-08-17T17:32:27.9236671Z Requirement already satisfied: requests==2.32.4 in /opt/hostedtoolcache/Python/3.12.11/x64/lib/python3.12/site-packages (from -r requirements-dev.txt (line 31)) (2.32.4)
2025-08-17T17:32:27.9371695Z Collecting respx==0.22.0 (from -r requirements-dev.txt (line 32))
2025-08-17T17:32:27.9383546Z   Using cached respx-0.22.0-py2.py3-none-any.whl.metadata (4.1 kB)
2025-08-17T17:32:28.2845310Z Collecting ruff==0.4.4 (from -r requirements-dev.txt (line 33))
2025-08-17T17:32:28.2859918Z   Using cached ruff-0.4.4-py3-none-manylinux_2_17_x86_64.manylinux2014_x86_64.whl.metadata (23 kB)
2025-08-17T17:32:28.2892459Z Requirement already satisfied: sqlalchemy==2.0.29 in /opt/hostedtoolcache/Python/3.12.11/x64/lib/python3.12/site-packages (from -r requirements-dev.txt (line 34)) (2.0.29)
2025-08-17T17:32:28.3023567Z Collecting testcontainers==4.10.0 (from testcontainers[postgres]==4.10.0->-r requirements-dev.txt (line 35))
2025-08-17T17:32:28.3035156Z   Using cached testcontainers-4.10.0-py3-none-any.whl.metadata (7.8 kB)
2025-08-17T17:32:28.3376483Z Collecting types-requests==2.32.0.20240602 (from -r requirements-dev.txt (line 36))
2025-08-17T17:32:28.3388053Z   Using cached types_requests-2.32.0.20240602-py3-none-any.whl.metadata (1.8 kB)
2025-08-17T17:32:28.3506429Z Collecting docspec-python==2.2.2 (from -r requirements-dev.txt (line 37))
2025-08-17T17:32:28.3518584Z   Using cached docspec_python-2.2.2-py3-none-any.whl.metadata (1.0 kB)
2025-08-17T17:32:28.3674339Z Collecting pydoc-markdown==4.8.2 (from -r requirements-dev.txt (line 38))
2025-08-17T17:32:28.3685752Z   Using cached pydoc_markdown-4.8.2-py3-none-any.whl.metadata (5.9 kB)
2025-08-17T17:32:28.3718382Z Requirement already satisfied: pandera==0.19.* in /opt/hostedtoolcache/Python/3.12.11/x64/lib/python3.12/site-packages (from -r requirements-dev.txt (line 39)) (0.19.3)
2025-08-17T17:32:28.3735481Z Requirement already satisfied: MarkupSafe>=2.0 in /opt/hostedtoolcache/Python/3.12.11/x64/lib/python3.12/site-packages (from Jinja2==3.1.6->-r requirements-dev.txt (line 2)) (3.0.2)
2025-08-17T17:32:28.3752044Z Requirement already satisfied: Mako in /opt/hostedtoolcache/Python/3.12.11/x64/lib/python3.12/site-packages (from alembic==1.13.1->-r requirements-dev.txt (line 3)) (1.3.10)
2025-08-17T17:32:28.3757182Z Requirement already satisfied: typing-extensions>=4 in /opt/hostedtoolcache/Python/3.12.11/x64/lib/python3.12/site-packages (from alembic==1.13.1->-r requirements-dev.txt (line 3)) (4.14.1)
2025-08-17T17:32:28.3774386Z Requirement already satisfied: six>=1.4.0 in /opt/hostedtoolcache/Python/3.12.11/x64/lib/python3.12/site-packages (from apscheduler==3.10.4->-r requirements-dev.txt (line 4)) (1.17.0)
2025-08-17T17:32:28.3778263Z Requirement already satisfied: pytz in /opt/hostedtoolcache/Python/3.12.11/x64/lib/python3.12/site-packages (from apscheduler==3.10.4->-r requirements-dev.txt (line 4)) (2025.2)
2025-08-17T17:32:28.3784591Z Requirement already satisfied: tzlocal!=3.*,>=2.0 in /opt/hostedtoolcache/Python/3.12.11/x64/lib/python3.12/site-packages (from apscheduler==3.10.4->-r requirements-dev.txt (line 4)) (5.3.1)
2025-08-17T17:32:28.3818351Z Requirement already satisfied: click>=8.0.0 in /opt/hostedtoolcache/Python/3.12.11/x64/lib/python3.12/site-packages (from black==25.1.0->-r requirements-dev.txt (line 6)) (8.2.1)
2025-08-17T17:32:28.3823488Z Requirement already satisfied: packaging>=22.0 in /opt/hostedtoolcache/Python/3.12.11/x64/lib/python3.12/site-packages (from black==25.1.0->-r requirements-dev.txt (line 6)) (25.0)
2025-08-17T17:32:28.3913505Z Collecting pathspec>=0.9.0 (from black==25.1.0->-r requirements-dev.txt (line 6))
2025-08-17T17:32:28.3924810Z   Using cached pathspec-0.12.1-py3-none-any.whl.metadata (21 kB)
2025-08-17T17:32:28.4094723Z Collecting platformdirs>=2 (from black==25.1.0->-r requirements-dev.txt (line 6))
2025-08-17T17:32:28.4105750Z   Using cached platformdirs-4.3.8-py3-none-any.whl.metadata (12 kB)
2025-08-17T17:32:28.4158018Z Requirement already satisfied: billiard<5.0,>=4.2.0 in /opt/hostedtoolcache/Python/3.12.11/x64/lib/python3.12/site-packages (from celery==5.4.0->-r requirements-dev.txt (line 10)) (4.2.1)
2025-08-17T17:32:28.4164357Z Requirement already satisfied: kombu<6.0,>=5.3.4 in /opt/hostedtoolcache/Python/3.12.11/x64/lib/python3.12/site-packages (from celery==5.4.0->-r requirements-dev.txt (line 10)) (5.5.4)
2025-08-17T17:32:28.4170809Z Requirement already satisfied: vine<6.0,>=5.1.0 in /opt/hostedtoolcache/Python/3.12.11/x64/lib/python3.12/site-packages (from celery==5.4.0->-r requirements-dev.txt (line 10)) (5.1.0)
2025-08-17T17:32:28.4179629Z Requirement already satisfied: click-didyoumean>=0.3.0 in /opt/hostedtoolcache/Python/3.12.11/x64/lib/python3.12/site-packages (from celery==5.4.0->-r requirements-dev.txt (line 10)) (0.3.1)
2025-08-17T17:32:28.4185276Z Requirement already satisfied: click-repl>=0.2.0 in /opt/hostedtoolcache/Python/3.12.11/x64/lib/python3.12/site-packages (from celery==5.4.0->-r requirements-dev.txt (line 10)) (0.3.0)
2025-08-17T17:32:28.4190867Z Requirement already satisfied: click-plugins>=1.1.1 in /opt/hostedtoolcache/Python/3.12.11/x64/lib/python3.12/site-packages (from celery==5.4.0->-r requirements-dev.txt (line 10)) (1.1.1.2)
2025-08-17T17:32:28.4196429Z Requirement already satisfied: tzdata>=2022.7 in /opt/hostedtoolcache/Python/3.12.11/x64/lib/python3.12/site-packages (from celery==5.4.0->-r requirements-dev.txt (line 10)) (2025.2)
2025-08-17T17:32:28.4202094Z Requirement already satisfied: python-dateutil>=2.8.2 in /opt/hostedtoolcache/Python/3.12.11/x64/lib/python3.12/site-packages (from celery==5.4.0->-r requirements-dev.txt (line 10)) (2.9.0.post0)
2025-08-17T17:32:28.4541344Z Collecting starlette<0.48.0,>=0.40.0 (from fastapi==0.116.1->-r requirements-dev.txt (line 11))
2025-08-17T17:32:28.4552778Z   Using cached starlette-0.47.2-py3-none-any.whl.metadata (6.2 kB)
2025-08-17T17:32:28.4600196Z Requirement already satisfied: annotated-types>=0.6.0 in /opt/hostedtoolcache/Python/3.12.11/x64/lib/python3.12/site-packages (from pydantic==2.11.7->-r requirements-dev.txt (line 23)) (0.7.0)
2025-08-17T17:32:28.4605404Z Requirement already satisfied: pydantic-core==2.33.2 in /opt/hostedtoolcache/Python/3.12.11/x64/lib/python3.12/site-packages (from pydantic==2.11.7->-r requirements-dev.txt (line 23)) (2.33.2)
2025-08-17T17:32:28.4612301Z Requirement already satisfied: typing-inspection>=0.4.0 in /opt/hostedtoolcache/Python/3.12.11/x64/lib/python3.12/site-packages (from pydantic==2.11.7->-r requirements-dev.txt (line 23)) (0.4.1)
2025-08-17T17:32:28.4646165Z Requirement already satisfied: et-xmlfile in /opt/hostedtoolcache/Python/3.12.11/x64/lib/python3.12/site-packages (from openpyxl==3.1.5->-r requirements-dev.txt (line 19)) (2.0.0)
2025-08-17T17:32:28.5017050Z Collecting pytest<9,>=7.0.0 (from pytest-asyncio==0.23.6->-r requirements-dev.txt (line 25))
2025-08-17T17:32:28.5029495Z   Using cached pytest-8.4.1-py3-none-any.whl.metadata (7.7 kB)
2025-08-17T17:32:28.8172362Z Collecting coverage>=7.5 (from coverage[toml]>=7.5->pytest-cov==6.2.1->-r requirements-dev.txt (line 26))
2025-08-17T17:32:28.8185976Z   Using cached coverage-7.10.4-cp312-cp312-manylinux1_x86_64.manylinux_2_28_x86_64.manylinux_2_5_x86_64.whl.metadata (8.9 kB)
2025-08-17T17:32:28.8303502Z Collecting pluggy>=1.2 (from pytest-cov==6.2.1->-r requirements-dev.txt (line 26))
2025-08-17T17:32:28.8314780Z   Using cached pluggy-1.6.0-py3-none-any.whl.metadata (4.8 kB)
2025-08-17T17:32:28.8559675Z Collecting port-for>=0.7.3 (from pytest-postgresql==7.0.2->-r requirements-dev.txt (line 27))
2025-08-17T17:32:28.8570786Z   Using cached port_for-0.7.4-py3-none-any.whl.metadata (7.1 kB)
2025-08-17T17:32:28.8713979Z Collecting mirakuru>=2.6.0 (from pytest-postgresql==7.0.2->-r requirements-dev.txt (line 27))
2025-08-17T17:32:28.8724775Z   Using cached mirakuru-2.6.1-py3-none-any.whl.metadata (10 kB)
2025-08-17T17:32:28.8778686Z Requirement already satisfied: charset_normalizer<4,>=2 in /opt/hostedtoolcache/Python/3.12.11/x64/lib/python3.12/site-packages (from requests==2.32.4->-r requirements-dev.txt (line 31)) (3.4.3)
2025-08-17T17:32:28.8783746Z Requirement already satisfied: idna<4,>=2.5 in /opt/hostedtoolcache/Python/3.12.11/x64/lib/python3.12/site-packages (from requests==2.32.4->-r requirements-dev.txt (line 31)) (3.10)
2025-08-17T17:32:28.8789268Z Requirement already satisfied: urllib3<3,>=1.21.1 in /opt/hostedtoolcache/Python/3.12.11/x64/lib/python3.12/site-packages (from requests==2.32.4->-r requirements-dev.txt (line 31)) (2.5.0)
2025-08-17T17:32:28.8793950Z Requirement already satisfied: certifi>=2017.4.17 in /opt/hostedtoolcache/Python/3.12.11/x64/lib/python3.12/site-packages (from requests==2.32.4->-r requirements-dev.txt (line 31)) (2025.8.3)
2025-08-17T17:32:28.8888901Z Requirement already satisfied: greenlet!=0.4.17 in /opt/hostedtoolcache/Python/3.12.11/x64/lib/python3.12/site-packages (from sqlalchemy==2.0.29->-r requirements-dev.txt (line 34)) (3.2.4)
2025-08-17T17:32:28.9090833Z Collecting docker (from testcontainers==4.10.0->testcontainers[postgres]==4.10.0->-r requirements-dev.txt (line 35))
2025-08-17T17:32:28.9102449Z   Using cached docker-7.1.0-py3-none-any.whl.metadata (3.8 kB)
2025-08-17T17:32:28.9142081Z Requirement already satisfied: wrapt in /opt/hostedtoolcache/Python/3.12.11/x64/lib/python3.12/site-packages (from testcontainers==4.10.0->testcontainers[postgres]==4.10.0->-r requirements-dev.txt (line 35)) (1.17.3)
2025-08-17T17:32:28.9296954Z Collecting docspec==2.2.1 (from docspec-python==2.2.2->-r requirements-dev.txt (line 37))
2025-08-17T17:32:28.9308727Z   Using cached docspec-2.2.1-py3-none-any.whl.metadata (1.5 kB)
2025-08-17T17:32:28.9456052Z Collecting nr-util>=0.8.12 (from docspec-python==2.2.2->-r requirements-dev.txt (line 37))
2025-08-17T17:32:28.9467675Z   Using cached nr.util-0.8.12-py3-none-any.whl.metadata (813 bytes)
2025-08-17T17:32:28.9501376Z Requirement already satisfied: PyYAML<7.0,>=5.0 in /opt/hostedtoolcache/Python/3.12.11/x64/lib/python3.12/site-packages (from pydoc-markdown==4.8.2->-r requirements-dev.txt (line 38)) (6.0.2)
2025-08-17T17:32:28.9716274Z Collecting databind.core<5.0.0,>=4.4.0 (from pydoc-markdown==4.8.2->-r requirements-dev.txt (line 38))
2025-08-17T17:32:28.9728484Z   Using cached databind.core-4.5.2-py3-none-any.whl.metadata (1.1 kB)
2025-08-17T17:32:28.9969667Z Collecting databind.json<5.0.0,>=4.4.0 (from pydoc-markdown==4.8.2->-r requirements-dev.txt (line 38))
2025-08-17T17:32:28.9981612Z   Using cached databind.json-4.5.2-py3-none-any.whl.metadata (1.1 kB)
2025-08-17T17:32:29.0104529Z Collecting docstring-parser<0.12,>=0.11 (from pydoc-markdown==4.8.2->-r requirements-dev.txt (line 38))
2025-08-17T17:32:29.0105640Z   Using cached docstring_parser-0.11-py3-none-any.whl
2025-08-17T17:32:29.0331732Z Collecting tomli<3.0.0,>=2.0.0 (from pydoc-markdown==4.8.2->-r requirements-dev.txt (line 38))
2025-08-17T17:32:29.0342906Z   Using cached tomli-2.2.1-cp312-cp312-manylinux_2_17_x86_64.manylinux2014_x86_64.whl.metadata (11 kB)
2025-08-17T17:32:29.0429391Z Collecting tomli_w<2.0.0,>=1.0.0 (from pydoc-markdown==4.8.2->-r requirements-dev.txt (line 38))
2025-08-17T17:32:29.0440009Z   Using cached tomli_w-1.2.0-py3-none-any.whl.metadata (5.7 kB)
2025-08-17T17:32:29.1243957Z Collecting watchdog (from pydoc-markdown==4.8.2->-r requirements-dev.txt (line 38))
2025-08-17T17:32:29.1256526Z   Using cached watchdog-6.0.0-py3-none-manylinux2014_x86_64.whl.metadata (44 kB)
2025-08-17T17:32:29.1450922Z Collecting yapf>=0.30.0 (from pydoc-markdown==4.8.2->-r requirements-dev.txt (line 38))
2025-08-17T17:32:29.1462308Z   Using cached yapf-0.43.0-py3-none-any.whl.metadata (46 kB)
2025-08-17T17:32:29.1630946Z Collecting Deprecated<2.0.0,>=1.2.12 (from docspec==2.2.1->docspec-python==2.2.2->-r requirements-dev.txt (line 37))
2025-08-17T17:32:29.1641706Z   Using cached Deprecated-1.2.18-py2.py3-none-any.whl.metadata (5.7 kB)
2025-08-17T17:32:29.1824713Z Requirement already satisfied: psycopg-binary==3.2.9 in /opt/hostedtoolcache/Python/3.12.11/x64/lib/python3.12/site-packages (from psycopg[binary]==3.2.9->-r requirements-dev.txt (line 22)) (3.2.9)
2025-08-17T17:32:29.1893057Z Requirement already satisfied: PyJWT>=2.9.0 in /opt/hostedtoolcache/Python/3.12.11/x64/lib/python3.12/site-packages (from redis==5.*->-r requirements-dev.txt (line 8)) (2.10.1)
2025-08-17T17:32:29.1929444Z Requirement already satisfied: anyio in /opt/hostedtoolcache/Python/3.12.11/x64/lib/python3.12/site-packages (from httpx<0.29,>=0.27->-r requirements-dev.txt (line 13)) (4.10.0)
2025-08-17T17:32:29.1934713Z Requirement already satisfied: httpcore==1.* in /opt/hostedtoolcache/Python/3.12.11/x64/lib/python3.12/site-packages (from httpx<0.29,>=0.27->-r requirements-dev.txt (line 13)) (1.0.9)
2025-08-17T17:32:29.2154390Z Requirement already satisfied: multimethod<=1.10.0 in /opt/hostedtoolcache/Python/3.12.11/x64/lib/python3.12/site-packages (from pandera==0.19.*->-r requirements-dev.txt (line 39)) (1.10)
2025-08-17T17:32:29.2167967Z Requirement already satisfied: typeguard in /opt/hostedtoolcache/Python/3.12.11/x64/lib/python3.12/site-packages (from pandera==0.19.*->-r requirements-dev.txt (line 39)) (4.4.4)
2025-08-17T17:32:29.2173692Z Requirement already satisfied: typing-inspect>=0.6.0 in /opt/hostedtoolcache/Python/3.12.11/x64/lib/python3.12/site-packages (from pandera==0.19.*->-r requirements-dev.txt (line 39)) (0.9.0)
2025-08-17T17:32:29.2434148Z Collecting databind<5.0.0,>=4.5.2 (from databind.core<5.0.0,>=4.4.0->pydoc-markdown==4.8.2->-r requirements-dev.txt (line 38))
2025-08-17T17:32:29.2445184Z   Using cached databind-4.5.2-py3-none-any.whl.metadata (4.3 kB)
2025-08-17T17:32:29.2557438Z Collecting nr-date<3.0.0,>=2.0.0 (from databind<5.0.0,>=4.5.2->databind.core<5.0.0,>=4.4.0->pydoc-markdown==4.8.2->-r requirements-dev.txt (line 38))
2025-08-17T17:32:29.2569076Z   Using cached nr_date-2.1.0-py3-none-any.whl.metadata (746 bytes)
2025-08-17T17:32:29.2677416Z Collecting nr-stream<2.0.0,>=1.0.0 (from databind<5.0.0,>=4.5.2->databind.core<5.0.0,>=4.4.0->pydoc-markdown==4.8.2->-r requirements-dev.txt (line 38))
2025-08-17T17:32:29.2688083Z   Using cached nr_stream-1.1.5-py3-none-any.whl.metadata (3.6 kB)
2025-08-17T17:32:29.2845822Z Collecting typeapi<3,>=2.0.1 (from databind<5.0.0,>=4.5.2->databind.core<5.0.0,>=4.4.0->pydoc-markdown==4.8.2->-r requirements-dev.txt (line 38))
2025-08-17T17:32:29.2856173Z   Using cached typeapi-2.2.4-py3-none-any.whl.metadata (1.5 kB)
2025-08-17T17:32:29.2951959Z Requirement already satisfied: h11>=0.16 in /opt/hostedtoolcache/Python/3.12.11/x64/lib/python3.12/site-packages (from httpcore==1.*->httpx<0.29,>=0.27->-r requirements-dev.txt (line 13)) (0.16.0)
2025-08-17T17:32:29.2992577Z Requirement already satisfied: amqp<6.0.0,>=5.1.1 in /opt/hostedtoolcache/Python/3.12.11/x64/lib/python3.12/site-packages (from kombu<6.0,>=5.3.4->celery==5.4.0->-r requirements-dev.txt (line 10)) (5.3.1)
2025-08-17T17:32:29.3242552Z Collecting iniconfig>=1 (from pytest<9,>=7.0.0->pytest-asyncio==0.23.6->-r requirements-dev.txt (line 25))
2025-08-17T17:32:29.3253692Z   Using cached iniconfig-2.1.0-py3-none-any.whl.metadata (2.7 kB)
2025-08-17T17:32:29.3296464Z Requirement already satisfied: pygments>=2.7.2 in /opt/hostedtoolcache/Python/3.12.11/x64/lib/python3.12/site-packages (from pytest<9,>=7.0.0->pytest-asyncio==0.23.6->-r requirements-dev.txt (line 25)) (2.19.2)
2025-08-17T17:32:29.3381885Z Requirement already satisfied: sniffio>=1.1 in /opt/hostedtoolcache/Python/3.12.11/x64/lib/python3.12/site-packages (from anyio->httpx<0.29,>=0.27->-r requirements-dev.txt (line 13)) (1.3.1)
2025-08-17T17:32:29.3527391Z Requirement already satisfied: botocore<1.35.0,>=1.34.162 in /opt/hostedtoolcache/Python/3.12.11/x64/lib/python3.12/site-packages (from boto3->-r requirements-dev.txt (line 7)) (1.34.162)
2025-08-17T17:32:29.3535595Z Requirement already satisfied: jmespath<2.0.0,>=0.7.1 in /opt/hostedtoolcache/Python/3.12.11/x64/lib/python3.12/site-packages (from boto3->-r requirements-dev.txt (line 7)) (1.0.1)
2025-08-17T17:32:29.3543068Z Requirement already satisfied: s3transfer<0.11.0,>=0.10.0 in /opt/hostedtoolcache/Python/3.12.11/x64/lib/python3.12/site-packages (from boto3->-r requirements-dev.txt (line 7)) (0.10.4)
2025-08-17T17:32:29.3662835Z Requirement already satisfied: fastapi-cli>=0.0.8 in /opt/hostedtoolcache/Python/3.12.11/x64/lib/python3.12/site-packages (from fastapi-cli[standard]>=0.0.8; extra == "all"->fastapi[all]->-r requirements-dev.txt (line 12)) (0.0.8)
2025-08-17T17:32:29.3763953Z Requirement already satisfied: ujson!=4.0.2,!=4.1.0,!=4.2.0,!=4.3.0,!=5.0.0,!=5.1.0,>=4.0.1 in /opt/hostedtoolcache/Python/3.12.11/x64/lib/python3.12/site-packages (from fastapi[all]->-r requirements-dev.txt (line 12)) (5.10.0)
2025-08-17T17:32:29.3770938Z Requirement already satisfied: orjson>=3.2.1 in /opt/hostedtoolcache/Python/3.12.11/x64/lib/python3.12/site-packages (from fastapi[all]->-r requirements-dev.txt (line 12)) (3.11.2)
2025-08-17T17:32:29.3776792Z Requirement already satisfied: email-validator>=2.0.0 in /opt/hostedtoolcache/Python/3.12.11/x64/lib/python3.12/site-packages (from fastapi[all]->-r requirements-dev.txt (line 12)) (2.2.0)
2025-08-17T17:32:29.3784978Z Requirement already satisfied: uvicorn>=0.12.0 in /opt/hostedtoolcache/Python/3.12.11/x64/lib/python3.12/site-packages (from uvicorn[standard]>=0.12.0; extra == "all"->fastapi[all]->-r requirements-dev.txt (line 12)) (0.29.0)
2025-08-17T17:32:29.3793761Z Requirement already satisfied: pydantic-settings>=2.0.0 in /opt/hostedtoolcache/Python/3.12.11/x64/lib/python3.12/site-packages (from fastapi[all]->-r requirements-dev.txt (line 12)) (2.2.1)
2025-08-17T17:32:29.3897634Z Collecting pydantic-extra-types>=2.0.0 (from fastapi[all]->-r requirements-dev.txt (line 12))
2025-08-17T17:32:29.3909452Z   Using cached pydantic_extra_types-2.10.5-py3-none-any.whl.metadata (3.9 kB)
2025-08-17T17:32:29.4170248Z Requirement already satisfied: prompt-toolkit>=3.0.36 in /opt/hostedtoolcache/Python/3.12.11/x64/lib/python3.12/site-packages (from click-repl>=0.2.0->celery==5.4.0->-r requirements-dev.txt (line 10)) (3.0.51)
2025-08-17T17:32:29.4242279Z Requirement already satisfied: dnspython>=2.0.0 in /opt/hostedtoolcache/Python/3.12.11/x64/lib/python3.12/site-packages (from email-validator>=2.0.0->fastapi[all]->-r requirements-dev.txt (line 12)) (2.7.0)
2025-08-17T17:32:29.4320139Z Requirement already satisfied: typer>=0.15.1 in /opt/hostedtoolcache/Python/3.12.11/x64/lib/python3.12/site-packages (from fastapi-cli>=0.0.8->fastapi-cli[standard]>=0.0.8; extra == "all"->fastapi[all]->-r requirements-dev.txt (line 12)) (0.16.0)
2025-08-17T17:32:29.4330075Z Requirement already satisfied: rich-toolkit>=0.14.8 in /opt/hostedtoolcache/Python/3.12.11/x64/lib/python3.12/site-packages (from fastapi-cli>=0.0.8->fastapi-cli[standard]>=0.0.8; extra == "all"->fastapi[all]->-r requirements-dev.txt (line 12)) (0.15.0)
2025-08-17T17:32:29.4432181Z Collecting fastapi-cloud-cli>=0.1.1 (from fastapi-cli[standard]>=0.0.8; extra == "all"->fastapi[all]->-r requirements-dev.txt (line 12))
2025-08-17T17:32:29.4444140Z   Using cached fastapi_cloud_cli-0.1.5-py3-none-any.whl.metadata (3.2 kB)
2025-08-17T17:32:29.5199856Z Collecting rignore>=0.5.1 (from fastapi-cloud-cli>=0.1.1->fastapi-cli[standard]>=0.0.8; extra == "all"->fastapi[all]->-r requirements-dev.txt (line 12))
2025-08-17T17:32:29.5214192Z   Using cached rignore-0.6.4-cp312-cp312-manylinux_2_17_x86_64.manylinux2014_x86_64.whl.metadata (3.8 kB)
2025-08-17T17:32:29.5719245Z Collecting sentry-sdk>=2.20.0 (from fastapi-cloud-cli>=0.1.1->fastapi-cli[standard]>=0.0.8; extra == "all"->fastapi[all]->-r requirements-dev.txt (line 12))
2025-08-17T17:32:29.5733472Z   Using cached sentry_sdk-2.35.0-py2.py3-none-any.whl.metadata (10 kB)
2025-08-17T17:32:29.6631832Z Collecting psutil>=4.0.0 (from mirakuru>=2.6.0->pytest-postgresql==7.0.2->-r requirements-dev.txt (line 27))
2025-08-17T17:32:29.6645349Z   Using cached psutil-7.0.0-cp36-abi3-manylinux_2_12_x86_64.manylinux2010_x86_64.manylinux_2_17_x86_64.manylinux2014_x86_64.whl.metadata (22 kB)
2025-08-17T17:32:29.6838180Z Requirement already satisfied: wcwidth in /opt/hostedtoolcache/Python/3.12.11/x64/lib/python3.12/site-packages (from prompt-toolkit>=3.0.36->click-repl>=0.2.0->celery==5.4.0->-r requirements-dev.txt (line 10)) (0.2.13)
2025-08-17T17:32:29.7067628Z Requirement already satisfied: rich>=13.7.1 in /opt/hostedtoolcache/Python/3.12.11/x64/lib/python3.12/site-packages (from rich-toolkit>=0.14.8->fastapi-cli>=0.0.8->fastapi-cli[standard]>=0.0.8; extra == "all"->fastapi[all]->-r requirements-dev.txt (line 12)) (14.1.0)
2025-08-17T17:32:29.7104008Z Requirement already satisfied: markdown-it-py>=2.2.0 in /opt/hostedtoolcache/Python/3.12.11/x64/lib/python3.12/site-packages (from rich>=13.7.1->rich-toolkit>=0.14.8->fastapi-cli>=0.0.8->fastapi-cli[standard]>=0.0.8; extra == "all"->fastapi[all]->-r requirements-dev.txt (line 12)) (4.0.0)
2025-08-17T17:32:29.7135564Z Requirement already satisfied: mdurl~=0.1 in /opt/hostedtoolcache/Python/3.12.11/x64/lib/python3.12/site-packages (from markdown-it-py>=2.2.0->rich>=13.7.1->rich-toolkit>=0.14.8->fastapi-cli>=0.0.8->fastapi-cli[standard]>=0.0.8; extra == "all"->fastapi[all]->-r requirements-dev.txt (line 12)) (0.1.2)
2025-08-17T17:32:29.7323185Z Requirement already satisfied: shellingham>=1.3.0 in /opt/hostedtoolcache/Python/3.12.11/x64/lib/python3.12/site-packages (from typer>=0.15.1->fastapi-cli>=0.0.8->fastapi-cli[standard]>=0.0.8; extra == "all"->fastapi[all]->-r requirements-dev.txt (line 12)) (1.5.4)
2025-08-17T17:32:29.7558316Z Requirement already satisfied: httptools>=0.5.0 in /opt/hostedtoolcache/Python/3.12.11/x64/lib/python3.12/site-packages (from uvicorn[standard]>=0.12.0; extra == "all"->fastapi[all]->-r requirements-dev.txt (line 12)) (0.6.4)
2025-08-17T17:32:29.7574586Z Requirement already satisfied: uvloop!=0.15.0,!=0.15.1,>=0.14.0 in /opt/hostedtoolcache/Python/3.12.11/x64/lib/python3.12/site-packages (from uvicorn[standard]>=0.12.0; extra == "all"->fastapi[all]->-r requirements-dev.txt (line 12)) (0.21.0)
2025-08-17T17:32:29.7584818Z Requirement already satisfied: watchfiles>=0.13 in /opt/hostedtoolcache/Python/3.12.11/x64/lib/python3.12/site-packages (from uvicorn[standard]>=0.12.0; extra == "all"->fastapi[all]->-r requirements-dev.txt (line 12)) (1.1.0)
2025-08-17T17:32:29.7593911Z Requirement already satisfied: websockets>=10.4 in /opt/hostedtoolcache/Python/3.12.11/x64/lib/python3.12/site-packages (from uvicorn[standard]>=0.12.0; extra == "all"->fastapi[all]->-r requirements-dev.txt (line 12)) (15.0.1)
2025-08-17T17:32:29.8035988Z Using cached jinja2-3.1.6-py3-none-any.whl (134 kB)
2025-08-17T17:32:29.8049208Z Using cached asyncpg-0.30.0-cp312-cp312-manylinux_2_17_x86_64.manylinux2014_x86_64.whl (3.6 MB)
2025-08-17T17:32:29.8089497Z Using cached black-25.1.0-cp312-cp312-manylinux_2_17_x86_64.manylinux2014_x86_64.manylinux_2_28_x86_64.whl (1.8 MB)
2025-08-17T17:32:29.8115084Z Using cached fastapi-0.116.1-py3-none-any.whl (95 kB)
2025-08-17T17:32:29.8127198Z Using cached IMAPClient-3.0.1-py2.py3-none-any.whl (182 kB)
2025-08-17T17:32:29.8140273Z Using cached psycopg2_binary-2.9.9-cp312-cp312-manylinux_2_17_x86_64.manylinux2014_x86_64.whl (3.0 MB)
2025-08-17T17:32:29.8175212Z Using cached pytest_asyncio-0.23.6-py3-none-any.whl (17 kB)
2025-08-17T17:32:29.8186368Z Using cached pytest_cov-6.2.1-py3-none-any.whl (24 kB)
2025-08-17T17:32:29.8197599Z Using cached pytest_postgresql-7.0.2-py3-none-any.whl (41 kB)
2025-08-17T17:32:29.8209445Z Using cached python_telegram_bot-22.2-py3-none-any.whl (708 kB)
2025-08-17T17:32:29.8225946Z Using cached respx-0.22.0-py2.py3-none-any.whl (25 kB)
2025-08-17T17:32:29.8237522Z Using cached ruff-0.4.4-py3-none-manylinux_2_17_x86_64.manylinux2014_x86_64.whl (8.7 MB)
2025-08-17T17:32:29.8312687Z Using cached testcontainers-4.10.0-py3-none-any.whl (107 kB)
2025-08-17T17:32:29.8324705Z Using cached types_requests-2.32.0.20240602-py3-none-any.whl (15 kB)
2025-08-17T17:32:29.8335858Z Using cached docspec_python-2.2.2-py3-none-any.whl (15 kB)
2025-08-17T17:32:29.8346821Z Using cached pydoc_markdown-4.8.2-py3-none-any.whl (67 kB)
2025-08-17T17:32:29.8358279Z Using cached docspec-2.2.1-py3-none-any.whl (9.8 kB)
2025-08-17T17:32:29.8369627Z Using cached httpx-0.28.1-py3-none-any.whl (73 kB)
2025-08-17T17:32:29.8381489Z Using cached mypy-1.17.1-cp312-cp312-manylinux2014_x86_64.manylinux_2_17_x86_64.manylinux_2_28_x86_64.whl (12.7 MB)
2025-08-17T17:32:29.8487015Z Using cached databind.core-4.5.2-py3-none-any.whl (1.5 kB)
2025-08-17T17:32:29.8498065Z Using cached databind-4.5.2-py3-none-any.whl (49 kB)
2025-08-17T17:32:29.8509499Z Using cached databind.json-4.5.2-py3-none-any.whl (1.5 kB)
2025-08-17T17:32:29.8520745Z Using cached Deprecated-1.2.18-py2.py3-none-any.whl (10.0 kB)
2025-08-17T17:32:29.8531619Z Using cached nr_date-2.1.0-py3-none-any.whl (10 kB)
2025-08-17T17:32:29.8542763Z Using cached nr_stream-1.1.5-py3-none-any.whl (10 kB)
2025-08-17T17:32:29.8553795Z Using cached nr.util-0.8.12-py3-none-any.whl (90 kB)
2025-08-17T17:32:29.8565394Z Using cached pytest-8.4.1-py3-none-any.whl (365 kB)
2025-08-17T17:32:29.8579134Z Using cached pluggy-1.6.0-py3-none-any.whl (20 kB)
2025-08-17T17:32:29.8590353Z Using cached starlette-0.47.2-py3-none-any.whl (72 kB)
2025-08-17T17:32:29.8602106Z Using cached tomli-2.2.1-cp312-cp312-manylinux_2_17_x86_64.manylinux2014_x86_64.whl (242 kB)
2025-08-17T17:32:29.8614583Z Using cached tomli_w-1.2.0-py3-none-any.whl (6.7 kB)
2025-08-17T17:32:29.8625454Z Using cached typeapi-2.2.4-py3-none-any.whl (26 kB)
2025-08-17T17:32:29.8636731Z Using cached itsdangerous-2.2.0-py3-none-any.whl (16 kB)
2025-08-17T17:32:29.8648407Z Using cached setuptools-80.9.0-py3-none-any.whl (1.2 MB)
2025-08-17T17:32:29.8668644Z Using cached coverage-7.10.4-cp312-cp312-manylinux1_x86_64.manylinux_2_28_x86_64.manylinux_2_5_x86_64.whl (251 kB)
2025-08-17T17:32:29.8681528Z Using cached fastapi_cloud_cli-0.1.5-py3-none-any.whl (18 kB)
2025-08-17T17:32:29.8692783Z Using cached iniconfig-2.1.0-py3-none-any.whl (6.0 kB)
2025-08-17T17:32:29.8703886Z Using cached mirakuru-2.6.1-py3-none-any.whl (26 kB)
2025-08-17T17:32:29.8715032Z Using cached pathspec-0.12.1-py3-none-any.whl (31 kB)
2025-08-17T17:32:29.8726160Z Using cached platformdirs-4.3.8-py3-none-any.whl (18 kB)
2025-08-17T17:32:29.8737139Z Using cached port_for-0.7.4-py3-none-any.whl (21 kB)
2025-08-17T17:32:29.8749082Z Using cached psutil-7.0.0-cp36-abi3-manylinux_2_12_x86_64.manylinux2010_x86_64.manylinux_2_17_x86_64.manylinux2014_x86_64.whl (277 kB)
2025-08-17T17:32:29.8762098Z Using cached pydantic_extra_types-2.10.5-py3-none-any.whl (38 kB)
2025-08-17T17:32:29.8773590Z Using cached rignore-0.6.4-cp312-cp312-manylinux_2_17_x86_64.manylinux2014_x86_64.whl (949 kB)
2025-08-17T17:32:29.8791554Z Using cached sentry_sdk-2.35.0-py2.py3-none-any.whl (363 kB)
2025-08-17T17:32:29.8805038Z Using cached yapf-0.43.0-py3-none-any.whl (256 kB)
2025-08-17T17:32:29.8817652Z Using cached docker-7.1.0-py3-none-any.whl (147 kB)
2025-08-17T17:32:29.8829958Z Using cached watchdog-6.0.0-py3-none-manylinux2014_x86_64.whl (79 kB)
2025-08-17T17:32:30.1111488Z Installing collected packages: watchdog, types-requests, typeapi, tomli_w, tomli, setuptools, sentry-sdk, ruff, rignore, psycopg2-binary, psutil, port-for, pluggy, platformdirs, pathspec, nr-stream, nr-date, Jinja2, itsdangerous, iniconfig, imapclient, docstring-parser, Deprecated, coverage, asyncpg, yapf, starlette, pytest, nr-util, mypy, mirakuru, httpx, docker, databind, black, testcontainers, respx, python-telegram-bot, pytest-postgresql, pytest-cov, pytest-asyncio, pydantic-extra-types, fastapi, databind.json, databind.core, fastapi-cloud-cli, docspec, docspec-python, pydoc-markdown
2025-08-17T17:32:31.3187347Z   Attempting uninstall: psycopg2-binary
2025-08-17T17:32:31.3246365Z     Found existing installation: psycopg2-binary 2.9.10
2025-08-17T17:32:31.3275089Z     Uninstalling psycopg2-binary-2.9.10:
2025-08-17T17:32:31.3286409Z       Successfully uninstalled psycopg2-binary-2.9.10
2025-08-17T17:32:31.6365608Z   Attempting uninstall: Jinja2
2025-08-17T17:32:31.6415465Z     Found existing installation: Jinja2 3.1.5
2025-08-17T17:32:31.6452354Z     Uninstalling Jinja2-3.1.5:
2025-08-17T17:32:31.6461906Z       Successfully uninstalled Jinja2-3.1.5
2025-08-17T17:32:31.9782000Z   Attempting uninstall: asyncpg
2025-08-17T17:32:31.9838563Z     Found existing installation: asyncpg 0.29.0
2025-08-17T17:32:31.9887112Z     Uninstalling asyncpg-0.29.0:
2025-08-17T17:32:31.9900733Z       Successfully uninstalled asyncpg-0.29.0
2025-08-17T17:32:32.2594310Z   Attempting uninstall: starlette
2025-08-17T17:32:32.2645610Z     Found existing installation: starlette 0.37.2
2025-08-17T17:32:32.2688357Z     Uninstalling starlette-0.37.2:
2025-08-17T17:32:32.2698764Z       Successfully uninstalled starlette-0.37.2
2025-08-17T17:32:34.0249398Z   Attempting uninstall: httpx
2025-08-17T17:32:34.0299499Z     Found existing installation: httpx 0.26.0
2025-08-17T17:32:34.0335310Z     Uninstalling httpx-0.26.0:
2025-08-17T17:32:34.0348119Z       Successfully uninstalled httpx-0.26.0
2025-08-17T17:32:34.5014817Z   Attempting uninstall: python-telegram-bot
2025-08-17T17:32:34.5064195Z     Found existing installation: python-telegram-bot 20.8
2025-08-17T17:32:34.5223226Z     Uninstalling python-telegram-bot-20.8:
2025-08-17T17:32:34.5246680Z       Successfully uninstalled python-telegram-bot-20.8
2025-08-17T17:32:34.9536159Z   Attempting uninstall: fastapi
2025-08-17T17:32:34.9580586Z     Found existing installation: fastapi 0.111.0
2025-08-17T17:32:34.9632560Z     Uninstalling fastapi-0.111.0:
2025-08-17T17:32:34.9644411Z       Successfully uninstalled fastapi-0.111.0
2025-08-17T17:32:35.1273481Z 
2025-08-17T17:32:35.1386782Z Successfully installed Deprecated-1.2.18 Jinja2-3.1.6 asyncpg-0.30.0 black-25.1.0 coverage-7.10.4 databind-4.5.2 databind.core-4.5.2 databind.json-4.5.2 docker-7.1.0 docspec-2.2.1 docspec-python-2.2.2 docstring-parser-0.11 fastapi-0.116.1 fastapi-cloud-cli-0.1.5 httpx-0.28.1 imapclient-3.0.1 iniconfig-2.1.0 itsdangerous-2.2.0 mirakuru-2.6.1 mypy-1.17.1 nr-date-2.1.0 nr-stream-1.1.5 nr-util-0.8.12 pathspec-0.12.1 platformdirs-4.3.8 pluggy-1.6.0 port-for-0.7.4 psutil-7.0.0 psycopg2-binary-2.9.9 pydantic-extra-types-2.10.5 pydoc-markdown-4.8.2 pytest-8.4.1 pytest-asyncio-0.23.6 pytest-cov-6.2.1 pytest-postgresql-7.0.2 python-telegram-bot-22.2 respx-0.22.0 rignore-0.6.4 ruff-0.4.4 sentry-sdk-2.35.0 setuptools-80.9.0 starlette-0.47.2 testcontainers-4.10.0 tomli-2.2.1 tomli_w-1.2.0 typeapi-2.2.4 types-requests-2.32.0.20240602 watchdog-6.0.0 yapf-0.43.0
2025-08-17T17:32:35.7547199Z Requirement already satisfied: asyncpg in /opt/hostedtoolcache/Python/3.12.11/x64/lib/python3.12/site-packages (0.30.0)
2025-08-17T17:32:36.3582091Z Requirement already satisfied: pytest in /opt/hostedtoolcache/Python/3.12.11/x64/lib/python3.12/site-packages (8.4.1)
2025-08-17T17:32:36.3596307Z Requirement already satisfied: iniconfig>=1 in /opt/hostedtoolcache/Python/3.12.11/x64/lib/python3.12/site-packages (from pytest) (2.1.0)
2025-08-17T17:32:36.3601593Z Requirement already satisfied: packaging>=20 in /opt/hostedtoolcache/Python/3.12.11/x64/lib/python3.12/site-packages (from pytest) (25.0)
2025-08-17T17:32:36.3607601Z Requirement already satisfied: pluggy<2,>=1.5 in /opt/hostedtoolcache/Python/3.12.11/x64/lib/python3.12/site-packages (from pytest) (1.6.0)
2025-08-17T17:32:36.3612916Z Requirement already satisfied: pygments>=2.7.2 in /opt/hostedtoolcache/Python/3.12.11/x64/lib/python3.12/site-packages (from pytest) (2.19.2)
2025-08-17T17:32:37.0237424Z Collecting keepa==1.3.15
2025-08-17T17:32:37.0250485Z   Using cached keepa-1.3.15-py3-none-any.whl.metadata (11 kB)
2025-08-17T17:32:37.0288438Z Requirement already satisfied: minio==7.1.15 in /opt/hostedtoolcache/Python/3.12.11/x64/lib/python3.12/site-packages (7.1.15)
2025-08-17T17:32:37.0296520Z Requirement already satisfied: numpy>=1.9.3 in /opt/hostedtoolcache/Python/3.12.11/x64/lib/python3.12/site-packages (from keepa==1.3.15) (1.26.4)
2025-08-17T17:32:37.0301762Z Requirement already satisfied: requests>=2.2 in /opt/hostedtoolcache/Python/3.12.11/x64/lib/python3.12/site-packages (from keepa==1.3.15) (2.32.4)
2025-08-17T17:32:37.0305160Z Requirement already satisfied: tqdm in /opt/hostedtoolcache/Python/3.12.11/x64/lib/python3.12/site-packages (from keepa==1.3.15) (4.67.1)
2025-08-17T17:32:37.0308687Z Requirement already satisfied: aiohttp in /opt/hostedtoolcache/Python/3.12.11/x64/lib/python3.12/site-packages (from keepa==1.3.15) (3.12.15)
2025-08-17T17:32:37.0313478Z Requirement already satisfied: pandas<=3.0 in /opt/hostedtoolcache/Python/3.12.11/x64/lib/python3.12/site-packages (from keepa==1.3.15) (2.2.3)
2025-08-17T17:32:37.0316769Z Requirement already satisfied: pydantic in /opt/hostedtoolcache/Python/3.12.11/x64/lib/python3.12/site-packages (from keepa==1.3.15) (2.11.7)
2025-08-17T17:32:37.0326654Z Requirement already satisfied: certifi in /opt/hostedtoolcache/Python/3.12.11/x64/lib/python3.12/site-packages (from minio==7.1.15) (2025.8.3)
2025-08-17T17:32:37.0330644Z Requirement already satisfied: urllib3 in /opt/hostedtoolcache/Python/3.12.11/x64/lib/python3.12/site-packages (from minio==7.1.15) (2.5.0)
2025-08-17T17:32:37.0384708Z Requirement already satisfied: python-dateutil>=2.8.2 in /opt/hostedtoolcache/Python/3.12.11/x64/lib/python3.12/site-packages (from pandas<=3.0->keepa==1.3.15) (2.9.0.post0)
2025-08-17T17:32:37.0389760Z Requirement already satisfied: pytz>=2020.1 in /opt/hostedtoolcache/Python/3.12.11/x64/lib/python3.12/site-packages (from pandas<=3.0->keepa==1.3.15) (2025.2)
2025-08-17T17:32:37.0394570Z Requirement already satisfied: tzdata>=2022.7 in /opt/hostedtoolcache/Python/3.12.11/x64/lib/python3.12/site-packages (from pandas<=3.0->keepa==1.3.15) (2025.2)
2025-08-17T17:32:37.0525684Z Requirement already satisfied: six>=1.5 in /opt/hostedtoolcache/Python/3.12.11/x64/lib/python3.12/site-packages (from python-dateutil>=2.8.2->pandas<=3.0->keepa==1.3.15) (1.17.0)
2025-08-17T17:32:37.0544387Z Requirement already satisfied: charset_normalizer<4,>=2 in /opt/hostedtoolcache/Python/3.12.11/x64/lib/python3.12/site-packages (from requests>=2.2->keepa==1.3.15) (3.4.3)
2025-08-17T17:32:37.0550030Z Requirement already satisfied: idna<4,>=2.5 in /opt/hostedtoolcache/Python/3.12.11/x64/lib/python3.12/site-packages (from requests>=2.2->keepa==1.3.15) (3.10)
2025-08-17T17:32:37.0619428Z Requirement already satisfied: aiohappyeyeballs>=2.5.0 in /opt/hostedtoolcache/Python/3.12.11/x64/lib/python3.12/site-packages (from aiohttp->keepa==1.3.15) (2.6.1)
2025-08-17T17:32:37.0624646Z Requirement already satisfied: aiosignal>=1.4.0 in /opt/hostedtoolcache/Python/3.12.11/x64/lib/python3.12/site-packages (from aiohttp->keepa==1.3.15) (1.4.0)
2025-08-17T17:32:37.0631325Z Requirement already satisfied: attrs>=17.3.0 in /opt/hostedtoolcache/Python/3.12.11/x64/lib/python3.12/site-packages (from aiohttp->keepa==1.3.15) (25.3.0)
2025-08-17T17:32:37.0636176Z Requirement already satisfied: frozenlist>=1.1.1 in /opt/hostedtoolcache/Python/3.12.11/x64/lib/python3.12/site-packages (from aiohttp->keepa==1.3.15) (1.7.0)
2025-08-17T17:32:37.0641521Z Requirement already satisfied: multidict<7.0,>=4.5 in /opt/hostedtoolcache/Python/3.12.11/x64/lib/python3.12/site-packages (from aiohttp->keepa==1.3.15) (6.6.4)
2025-08-17T17:32:37.0646240Z Requirement already satisfied: propcache>=0.2.0 in /opt/hostedtoolcache/Python/3.12.11/x64/lib/python3.12/site-packages (from aiohttp->keepa==1.3.15) (0.3.2)
2025-08-17T17:32:37.0653863Z Requirement already satisfied: yarl<2.0,>=1.17.0 in /opt/hostedtoolcache/Python/3.12.11/x64/lib/python3.12/site-packages (from aiohttp->keepa==1.3.15) (1.20.1)
2025-08-17T17:32:37.0713271Z Requirement already satisfied: typing-extensions>=4.2 in /opt/hostedtoolcache/Python/3.12.11/x64/lib/python3.12/site-packages (from aiosignal>=1.4.0->aiohttp->keepa==1.3.15) (4.14.1)
2025-08-17T17:32:37.0806001Z Requirement already satisfied: annotated-types>=0.6.0 in /opt/hostedtoolcache/Python/3.12.11/x64/lib/python3.12/site-packages (from pydantic->keepa==1.3.15) (0.7.0)
2025-08-17T17:32:37.0811156Z Requirement already satisfied: pydantic-core==2.33.2 in /opt/hostedtoolcache/Python/3.12.11/x64/lib/python3.12/site-packages (from pydantic->keepa==1.3.15) (2.33.2)
2025-08-17T17:32:37.0818545Z Requirement already satisfied: typing-inspection>=0.4.0 in /opt/hostedtoolcache/Python/3.12.11/x64/lib/python3.12/site-packages (from pydantic->keepa==1.3.15) (0.4.1)
2025-08-17T17:32:37.0896833Z Using cached keepa-1.3.15-py3-none-any.whl (38 kB)
2025-08-17T17:32:37.2536033Z Installing collected packages: keepa
2025-08-17T17:32:37.2537122Z   Attempting uninstall: keepa
2025-08-17T17:32:37.2569653Z     Found existing installation: keepa 1.3.14
2025-08-17T17:32:37.2591316Z     Uninstalling keepa-1.3.14:
2025-08-17T17:32:37.2599356Z       Successfully uninstalled keepa-1.3.14
2025-08-17T17:32:37.3024789Z Successfully installed keepa-1.3.15
2025-08-17T17:32:37.3583450Z ##[group]Run actions/setup-node@v4
2025-08-17T17:32:37.3583733Z with:
2025-08-17T17:32:37.3583919Z   node-version: 20.19.0
2025-08-17T17:32:37.3584131Z   always-auth: false
2025-08-17T17:32:37.3584323Z   check-latest: false
2025-08-17T17:32:37.3584610Z   token: ***
2025-08-17T17:32:37.3584784Z env:
2025-08-17T17:32:37.3584954Z   PG_USER: postgres
2025-08-17T17:32:37.3585147Z   PG_PASSWORD: pass
2025-08-17T17:32:37.3585367Z   PG_DATABASE: awa
2025-08-17T17:32:37.3585565Z   PG_HOST: localhost
2025-08-17T17:32:37.3585759Z   PG_PORT: 5432
2025-08-17T17:32:37.3586120Z   PG_SYNC_DSN: ***localhost:5432/awa
2025-08-17T17:32:37.3586530Z   PG_ASYNC_DSN: ***localhost:5432/awa
2025-08-17T17:32:37.3586917Z   DATABASE_URL: ***localhost:5432/awa
2025-08-17T17:32:37.3587155Z   DATA_DIR: /tmp/awa-data
2025-08-17T17:32:37.3587360Z   ENABLE_LIVE: 0
2025-08-17T17:32:37.3587539Z   TESTING: 1
2025-08-17T17:32:37.3588036Z   pythonLocation: /opt/hostedtoolcache/Python/3.12.11/x64
2025-08-17T17:32:37.3588619Z   PKG_CONFIG_PATH: /opt/hostedtoolcache/Python/3.12.11/x64/lib/pkgconfig
2025-08-17T17:32:37.3589010Z   Python_ROOT_DIR: /opt/hostedtoolcache/Python/3.12.11/x64
2025-08-17T17:32:37.3589359Z   Python2_ROOT_DIR: /opt/hostedtoolcache/Python/3.12.11/x64
2025-08-17T17:32:37.3589704Z   Python3_ROOT_DIR: /opt/hostedtoolcache/Python/3.12.11/x64
2025-08-17T17:32:37.3590075Z   LD_LIBRARY_PATH: /opt/hostedtoolcache/Python/3.12.11/x64/lib
2025-08-17T17:32:37.3590368Z ##[endgroup]
2025-08-17T17:32:37.5274771Z Attempting to download 20.19.0...
2025-08-17T17:32:37.8122882Z Acquiring 20.19.0 - x64 from https://github.com/actions/node-versions/releases/download/20.19.0-13838090974/node-20.19.0-linux-x64.tar.gz
2025-08-17T17:32:38.1766402Z Extracting ...
2025-08-17T17:32:38.1871583Z [command]/usr/bin/tar xz --strip 1 --warning=no-unknown-keyword --overwrite -C /home/runner/work/_temp/a0e11adc-805b-465e-a651-3b8c946f316f -f /home/runner/work/_temp/58271acd-9cac-46af-8ea8-7adc0949f291
2025-08-17T17:32:39.1753058Z Adding to the cache ...
2025-08-17T17:32:40.7511141Z ##[group]Environment details
2025-08-17T17:32:40.9783872Z node: v20.19.0
2025-08-17T17:32:40.9784321Z npm: 10.8.2
2025-08-17T17:32:40.9784621Z yarn: 1.22.22
2025-08-17T17:32:40.9785376Z ##[endgroup]
2025-08-17T17:32:40.9922820Z ##[group]Run npm ci
2025-08-17T17:32:40.9923058Z [36;1mnpm ci[0m
2025-08-17T17:32:40.9963692Z shell: /usr/bin/bash -e {0}
2025-08-17T17:32:40.9963924Z env:
2025-08-17T17:32:40.9964094Z   PG_USER: postgres
2025-08-17T17:32:40.9964318Z   PG_PASSWORD: pass
2025-08-17T17:32:40.9964507Z   PG_DATABASE: awa
2025-08-17T17:32:40.9964694Z   PG_HOST: localhost
2025-08-17T17:32:40.9964883Z   PG_PORT: 5432
2025-08-17T17:32:40.9965313Z   PG_SYNC_DSN: ***localhost:5432/awa
2025-08-17T17:32:40.9965724Z   PG_ASYNC_DSN: ***localhost:5432/awa
2025-08-17T17:32:40.9966107Z   DATABASE_URL: ***localhost:5432/awa
2025-08-17T17:32:40.9966344Z   DATA_DIR: /tmp/awa-data
2025-08-17T17:32:40.9966549Z   ENABLE_LIVE: 0
2025-08-17T17:32:40.9966723Z   TESTING: 1
2025-08-17T17:32:40.9966959Z   pythonLocation: /opt/hostedtoolcache/Python/3.12.11/x64
2025-08-17T17:32:40.9967361Z   PKG_CONFIG_PATH: /opt/hostedtoolcache/Python/3.12.11/x64/lib/pkgconfig
2025-08-17T17:32:40.9967998Z   Python_ROOT_DIR: /opt/hostedtoolcache/Python/3.12.11/x64
2025-08-17T17:32:40.9968365Z   Python2_ROOT_DIR: /opt/hostedtoolcache/Python/3.12.11/x64
2025-08-17T17:32:40.9968707Z   Python3_ROOT_DIR: /opt/hostedtoolcache/Python/3.12.11/x64
2025-08-17T17:32:40.9969241Z   LD_LIBRARY_PATH: /opt/hostedtoolcache/Python/3.12.11/x64/lib
2025-08-17T17:32:40.9969533Z ##[endgroup]
2025-08-17T17:32:43.7691249Z npm warn deprecated node-domexception@1.0.0: Use your platform's native DOMException instead
2025-08-17T17:32:46.9596829Z 
2025-08-17T17:32:46.9597648Z added 432 packages, and audited 433 packages in 6s
2025-08-17T17:32:46.9600691Z 
2025-08-17T17:32:46.9601234Z 112 packages are looking for funding
2025-08-17T17:32:46.9601923Z   run `npm fund` for details
2025-08-17T17:32:46.9618268Z 
2025-08-17T17:32:46.9618763Z 2 vulnerabilities (1 low, 1 critical)
2025-08-17T17:32:46.9619103Z 
2025-08-17T17:32:46.9619390Z To address all issues, run:
2025-08-17T17:32:46.9619826Z   npm audit fix
2025-08-17T17:32:46.9620026Z 
2025-08-17T17:32:46.9620259Z Run `npm audit` for details.
2025-08-17T17:32:46.9894623Z ##[group]Run npm run build --if-present
2025-08-17T17:32:46.9894959Z [36;1mnpm run build --if-present[0m
2025-08-17T17:32:46.9936146Z shell: /usr/bin/bash -e {0}
2025-08-17T17:32:46.9936396Z env:
2025-08-17T17:32:46.9936571Z   PG_USER: postgres
2025-08-17T17:32:46.9936775Z   PG_PASSWORD: pass
2025-08-17T17:32:46.9936956Z   PG_DATABASE: awa
2025-08-17T17:32:46.9937141Z   PG_HOST: localhost
2025-08-17T17:32:46.9937332Z   PG_PORT: 5432
2025-08-17T17:32:46.9941585Z   PG_SYNC_DSN: ***localhost:5432/awa
2025-08-17T17:32:46.9942057Z   PG_ASYNC_DSN: ***localhost:5432/awa
2025-08-17T17:32:46.9942465Z   DATABASE_URL: ***localhost:5432/awa
2025-08-17T17:32:46.9942705Z   DATA_DIR: /tmp/awa-data
2025-08-17T17:32:46.9942917Z   ENABLE_LIVE: 0
2025-08-17T17:32:46.9943101Z   TESTING: 1
2025-08-17T17:32:46.9943346Z   pythonLocation: /opt/hostedtoolcache/Python/3.12.11/x64
2025-08-17T17:32:46.9943759Z   PKG_CONFIG_PATH: /opt/hostedtoolcache/Python/3.12.11/x64/lib/pkgconfig
2025-08-17T17:32:46.9944191Z   Python_ROOT_DIR: /opt/hostedtoolcache/Python/3.12.11/x64
2025-08-17T17:32:46.9944547Z   Python2_ROOT_DIR: /opt/hostedtoolcache/Python/3.12.11/x64
2025-08-17T17:32:46.9944893Z   Python3_ROOT_DIR: /opt/hostedtoolcache/Python/3.12.11/x64
2025-08-17T17:32:46.9945249Z   LD_LIBRARY_PATH: /opt/hostedtoolcache/Python/3.12.11/x64/lib
2025-08-17T17:32:46.9945543Z ##[endgroup]
2025-08-17T17:32:47.1028218Z 
2025-08-17T17:32:47.1028772Z > web@0.0.0 build
2025-08-17T17:32:47.1029205Z > tsc -b && vite build
2025-08-17T17:32:47.1029375Z 
2025-08-17T17:32:49.5956731Z [36mvite v7.0.4 [32mbuilding for production...[36m[39m
2025-08-17T17:32:49.7977656Z transforming...
2025-08-17T17:32:53.1851142Z [32m✓[39m 687 modules transformed.
2025-08-17T17:32:53.5469210Z rendering chunks...
2025-08-17T17:32:53.5553776Z computing gzip size...
2025-08-17T17:32:53.5734785Z [2mdist/[22m[32mindex.html                 [39m[1m[2m  0.46 kB[22m[1m[22m[2m │ gzip:   0.30 kB[22m
2025-08-17T17:32:53.5736201Z [2mdist/[22m[2massets/[22m[35mindex-5IA1gRGW.css  [39m[1m[2m  0.84 kB[22m[1m[22m[2m │ gzip:   0.45 kB[22m
2025-08-17T17:32:53.5737010Z [33m
2025-08-17T17:32:53.5737618Z (!) Some chunks are larger than 500 kB after minification. Consider:
2025-08-17T17:32:53.5738583Z - Using dynamic import() to code-split the application
2025-08-17T17:32:53.5739864Z - Use build.rollupOptions.output.manualChunks to improve chunking: https://rollupjs.org/configuration-options/#output-manualchunks
2025-08-17T17:32:53.5741314Z - Adjust chunk size limit for this warning via build.chunkSizeWarningLimit.[39m
2025-08-17T17:32:53.5742556Z [2mdist/[22m[2massets/[22m[36mindex-CIqpArhq.js   [39m[1m[33m613.66 kB[39m[22m[2m │ gzip: 193.69 kB[22m
2025-08-17T17:32:53.5743348Z [32m✓ built in 3.95s[39m
2025-08-17T17:32:53.6195403Z ##[group]Run sudo apt-get update
2025-08-17T17:32:53.6195711Z [36;1msudo apt-get update[0m
2025-08-17T17:32:53.6195979Z [36;1msudo apt-get install -y postgresql[0m
2025-08-17T17:32:53.6196456Z [36;1mecho "/usr/lib/postgresql/$(pg_config --version | cut -d' ' -f2 | cut -d'.' -f1,2)/bin" >> $GITHUB_PATH[0m
2025-08-17T17:32:53.6237951Z shell: /usr/bin/bash -e {0}
2025-08-17T17:32:53.6238182Z env:
2025-08-17T17:32:53.6238550Z   PG_USER: postgres
2025-08-17T17:32:53.6238765Z   PG_PASSWORD: pass
2025-08-17T17:32:53.6238961Z   PG_DATABASE: awa
2025-08-17T17:32:53.6239144Z   PG_HOST: localhost
2025-08-17T17:32:53.6239327Z   PG_PORT: 5432
2025-08-17T17:32:53.6239753Z   PG_SYNC_DSN: ***localhost:5432/awa
2025-08-17T17:32:53.6240353Z   PG_ASYNC_DSN: ***localhost:5432/awa
2025-08-17T17:32:53.6240905Z   DATABASE_URL: ***localhost:5432/awa
2025-08-17T17:32:53.6254827Z   DATA_DIR: /tmp/awa-data
2025-08-17T17:32:53.6255104Z   ENABLE_LIVE: 0
2025-08-17T17:32:53.6255298Z   TESTING: 1
2025-08-17T17:32:53.6255588Z   pythonLocation: /opt/hostedtoolcache/Python/3.12.11/x64
2025-08-17T17:32:53.6256006Z   PKG_CONFIG_PATH: /opt/hostedtoolcache/Python/3.12.11/x64/lib/pkgconfig
2025-08-17T17:32:53.6256394Z   Python_ROOT_DIR: /opt/hostedtoolcache/Python/3.12.11/x64
2025-08-17T17:32:53.6256763Z   Python2_ROOT_DIR: /opt/hostedtoolcache/Python/3.12.11/x64
2025-08-17T17:32:53.6257124Z   Python3_ROOT_DIR: /opt/hostedtoolcache/Python/3.12.11/x64
2025-08-17T17:32:53.6257485Z   LD_LIBRARY_PATH: /opt/hostedtoolcache/Python/3.12.11/x64/lib
2025-08-17T17:32:53.6258044Z ##[endgroup]
2025-08-17T17:32:53.6969608Z Get:1 file:/etc/apt/apt-mirrors.txt Mirrorlist [144 B]
2025-08-17T17:32:53.7414118Z Hit:2 http://azure.archive.ubuntu.com/ubuntu noble InRelease
2025-08-17T17:32:53.7426777Z Get:3 http://azure.archive.ubuntu.com/ubuntu noble-updates InRelease [126 kB]
2025-08-17T17:32:53.7481367Z Get:4 http://azure.archive.ubuntu.com/ubuntu noble-backports InRelease [126 kB]
2025-08-17T17:32:53.7519377Z Get:5 http://azure.archive.ubuntu.com/ubuntu noble-security InRelease [126 kB]
2025-08-17T17:32:53.7552071Z Hit:6 https://packages.microsoft.com/repos/azure-cli noble InRelease
2025-08-17T17:32:53.7585069Z Get:7 https://packages.microsoft.com/ubuntu/24.04/prod noble InRelease [3600 B]
2025-08-17T17:32:53.8708489Z Get:8 http://azure.archive.ubuntu.com/ubuntu noble-updates/main amd64 Packages [1325 kB]
2025-08-17T17:32:53.8853883Z Get:9 http://azure.archive.ubuntu.com/ubuntu noble-updates/main Translation-en [265 kB]
2025-08-17T17:32:53.8882380Z Get:10 http://azure.archive.ubuntu.com/ubuntu noble-updates/main amd64 Components [175 kB]
2025-08-17T17:32:53.8938891Z Get:11 http://azure.archive.ubuntu.com/ubuntu noble-updates/universe amd64 Packages [1120 kB]
2025-08-17T17:32:53.8984657Z Get:12 http://azure.archive.ubuntu.com/ubuntu noble-updates/universe Translation-en [287 kB]
2025-08-17T17:32:53.9020593Z Get:13 http://azure.archive.ubuntu.com/ubuntu noble-updates/universe amd64 Components [377 kB]
2025-08-17T17:32:53.9057345Z Get:14 http://azure.archive.ubuntu.com/ubuntu noble-updates/restricted amd64 Packages [1672 kB]
2025-08-17T17:32:53.9147627Z Get:15 http://azure.archive.ubuntu.com/ubuntu noble-updates/restricted Translation-en [367 kB]
2025-08-17T17:32:53.9176722Z Get:16 http://azure.archive.ubuntu.com/ubuntu noble-updates/restricted amd64 Components [212 B]
2025-08-17T17:32:53.9187036Z Get:17 http://azure.archive.ubuntu.com/ubuntu noble-updates/multiverse amd64 Components [940 B]
2025-08-17T17:32:53.9784424Z Get:18 http://azure.archive.ubuntu.com/ubuntu noble-backports/main amd64 Components [7104 B]
2025-08-17T17:32:53.9841934Z Get:19 http://azure.archive.ubuntu.com/ubuntu noble-backports/universe amd64 Packages [30.2 kB]
2025-08-17T17:32:53.9845579Z Get:20 http://azure.archive.ubuntu.com/ubuntu noble-backports/universe Translation-en [17.4 kB]
2025-08-17T17:32:53.9850052Z Get:21 http://azure.archive.ubuntu.com/ubuntu noble-backports/universe amd64 Components [19.2 kB]
2025-08-17T17:32:53.9851746Z Get:22 http://azure.archive.ubuntu.com/ubuntu noble-backports/restricted amd64 Components [216 B]
2025-08-17T17:32:53.9853296Z Get:23 http://azure.archive.ubuntu.com/ubuntu noble-backports/multiverse amd64 Components [212 B]
2025-08-17T17:32:53.9869401Z Get:24 http://azure.archive.ubuntu.com/ubuntu noble-security/main amd64 Packages [1060 kB]
2025-08-17T17:32:53.9935396Z Get:25 http://azure.archive.ubuntu.com/ubuntu noble-security/main Translation-en [184 kB]
2025-08-17T17:32:53.9957605Z Get:26 http://azure.archive.ubuntu.com/ubuntu noble-security/main amd64 Components [21.6 kB]
2025-08-17T17:32:53.9970234Z Get:27 http://azure.archive.ubuntu.com/ubuntu noble-security/universe amd64 Packages [879 kB]
2025-08-17T17:32:54.0026350Z Get:28 http://azure.archive.ubuntu.com/ubuntu noble-security/universe Translation-en [194 kB]
2025-08-17T17:32:54.0049530Z Get:29 http://azure.archive.ubuntu.com/ubuntu noble-security/universe amd64 Components [52.2 kB]
2025-08-17T17:32:54.0061279Z Get:30 http://azure.archive.ubuntu.com/ubuntu noble-security/restricted amd64 Packages [1572 kB]
2025-08-17T17:32:54.0145113Z Get:31 http://azure.archive.ubuntu.com/ubuntu noble-security/restricted Translation-en [346 kB]
2025-08-17T17:32:54.0584384Z Get:32 http://azure.archive.ubuntu.com/ubuntu noble-security/restricted amd64 Components [212 B]
2025-08-17T17:32:54.0594789Z Get:33 http://azure.archive.ubuntu.com/ubuntu noble-security/multiverse amd64 Components [212 B]
2025-08-17T17:32:54.0781108Z Get:34 https://packages.microsoft.com/ubuntu/24.04/prod noble/main arm64 Packages [33.0 kB]
2025-08-17T17:32:54.0810367Z Get:35 https://packages.microsoft.com/ubuntu/24.04/prod noble/main amd64 Packages [47.9 kB]
2025-08-17T17:33:00.6054082Z Fetched 10.4 MB in 1s (8525 kB/s)
2025-08-17T17:33:01.2803613Z Reading package lists...
2025-08-17T17:33:01.3119072Z Reading package lists...
2025-08-17T17:33:01.4583463Z Building dependency tree...
2025-08-17T17:33:01.4590726Z Reading state information...
2025-08-17T17:33:01.5998556Z Suggested packages:
2025-08-17T17:33:01.5998944Z   postgresql-doc
2025-08-17T17:33:01.6138334Z The following NEW packages will be installed:
2025-08-17T17:33:01.6138888Z   postgresql
2025-08-17T17:33:01.6302044Z 0 upgraded, 1 newly installed, 0 to remove and 36 not upgraded.
2025-08-17T17:33:01.6302720Z Need to get 11.6 kB of archives.
2025-08-17T17:33:01.6303427Z After this operation, 17.4 kB of additional disk space will be used.
2025-08-17T17:33:01.6303957Z Get:1 file:/etc/apt/apt-mirrors.txt Mirrorlist [144 B]
2025-08-17T17:33:01.6620787Z Get:2 http://azure.archive.ubuntu.com/ubuntu noble-updates/main amd64 postgresql all 16+257build1.1 [11.6 kB]
2025-08-17T17:33:01.9074385Z Fetched 11.6 kB in 0s (276 kB/s)
2025-08-17T17:33:01.9262276Z Selecting previously unselected package postgresql.
2025-08-17T17:33:01.9452267Z (Reading database ... 
2025-08-17T17:33:01.9452724Z (Reading database ... 5%
2025-08-17T17:33:01.9453071Z (Reading database ... 10%
2025-08-17T17:33:01.9453623Z (Reading database ... 15%
2025-08-17T17:33:01.9454322Z (Reading database ... 20%
2025-08-17T17:33:01.9454673Z (Reading database ... 25%
2025-08-17T17:33:01.9455200Z (Reading database ... 30%
2025-08-17T17:33:01.9455553Z (Reading database ... 35%
2025-08-17T17:33:01.9455787Z (Reading database ... 40%
2025-08-17T17:33:01.9456182Z (Reading database ... 45%
2025-08-17T17:33:01.9456515Z (Reading database ... 50%
2025-08-17T17:33:01.9583587Z (Reading database ... 55%
2025-08-17T17:33:01.9736559Z (Reading database ... 60%
2025-08-17T17:33:01.9880064Z (Reading database ... 65%
2025-08-17T17:33:02.0036060Z (Reading database ... 70%
2025-08-17T17:33:02.0197989Z (Reading database ... 75%
2025-08-17T17:33:02.0369097Z (Reading database ... 80%
2025-08-17T17:33:02.0670002Z (Reading database ... 85%
2025-08-17T17:33:02.1094778Z (Reading database ... 90%
2025-08-17T17:33:02.1319234Z (Reading database ... 95%
2025-08-17T17:33:02.1319788Z (Reading database ... 100%
2025-08-17T17:33:02.1320657Z (Reading database ... 219881 files and directories currently installed.)
2025-08-17T17:33:02.1361158Z Preparing to unpack .../postgresql_16+257build1.1_all.deb ...
2025-08-17T17:33:02.1383887Z Unpacking postgresql (16+257build1.1) ...
2025-08-17T17:33:02.1754594Z Setting up postgresql (16+257build1.1) ...
2025-08-17T17:33:02.8388584Z 
2025-08-17T17:33:02.8389277Z Running kernel seems to be up-to-date.
2025-08-17T17:33:02.8389601Z 
2025-08-17T17:33:02.8389762Z Restarting services...
2025-08-17T17:33:02.8462086Z 
2025-08-17T17:33:02.8462520Z Service restarts being deferred:
2025-08-17T17:33:02.8464450Z  systemctl restart hosted-compute-agent.service
2025-08-17T17:33:02.8464809Z 
2025-08-17T17:33:02.8465061Z No containers need to be restarted.
2025-08-17T17:33:02.8465299Z 
2025-08-17T17:33:02.8465474Z No user sessions are running outdated binaries.
2025-08-17T17:33:02.8465674Z 
2025-08-17T17:33:02.8465944Z No VM guests are running outdated hypervisor (qemu) binaries on this host.
2025-08-17T17:33:03.6491653Z ##[group]Run for i in {1..30}; do pg_isready -h localhost -p 5432 -U postgres -d awa && break; sleep 1; done
2025-08-17T17:33:03.6492281Z [36;1mfor i in {1..30}; do pg_isready -h localhost -p 5432 -U postgres -d awa && break; sleep 1; done[0m
2025-08-17T17:33:03.6532915Z shell: /usr/bin/bash -e {0}
2025-08-17T17:33:03.6533308Z env:
2025-08-17T17:33:03.6533613Z   PG_USER: postgres
2025-08-17T17:33:03.6533961Z   PG_PASSWORD: pass
2025-08-17T17:33:03.6534303Z   PG_DATABASE: awa
2025-08-17T17:33:03.6534650Z   PG_HOST: localhost
2025-08-17T17:33:03.6534995Z   PG_PORT: 5432
2025-08-17T17:33:03.6535674Z   PG_SYNC_DSN: ***localhost:5432/awa
2025-08-17T17:33:03.6536353Z   PG_ASYNC_DSN: ***localhost:5432/awa
2025-08-17T17:33:03.6537046Z   DATABASE_URL: ***localhost:5432/awa
2025-08-17T17:33:03.6537473Z   DATA_DIR: /tmp/awa-data
2025-08-17T17:33:03.6538073Z   ENABLE_LIVE: 0
2025-08-17T17:33:03.6538377Z   TESTING: 1
2025-08-17T17:33:03.6538828Z   pythonLocation: /opt/hostedtoolcache/Python/3.12.11/x64
2025-08-17T17:33:03.6539510Z   PKG_CONFIG_PATH: /opt/hostedtoolcache/Python/3.12.11/x64/lib/pkgconfig
2025-08-17T17:33:03.6540185Z   Python_ROOT_DIR: /opt/hostedtoolcache/Python/3.12.11/x64
2025-08-17T17:33:03.6540785Z   Python2_ROOT_DIR: /opt/hostedtoolcache/Python/3.12.11/x64
2025-08-17T17:33:03.6541411Z   Python3_ROOT_DIR: /opt/hostedtoolcache/Python/3.12.11/x64
2025-08-17T17:33:03.6542033Z   LD_LIBRARY_PATH: /opt/hostedtoolcache/Python/3.12.11/x64/lib
2025-08-17T17:33:03.6542529Z ##[endgroup]
2025-08-17T17:33:03.7032422Z localhost:5432 - accepting connections
2025-08-17T17:33:03.7072777Z ##[group]Run alembic -c services/api/alembic.ini upgrade head
2025-08-17T17:33:03.7073199Z [36;1malembic -c services/api/alembic.ini upgrade head[0m
2025-08-17T17:33:03.7113965Z shell: /usr/bin/bash -e {0}
2025-08-17T17:33:03.7114201Z env:
2025-08-17T17:33:03.7114375Z   PG_USER: postgres
2025-08-17T17:33:03.7114579Z   PG_PASSWORD: pass
2025-08-17T17:33:03.7114809Z   PG_DATABASE: awa
2025-08-17T17:33:03.7114994Z   PG_HOST: localhost
2025-08-17T17:33:03.7115180Z   PG_PORT: 5432
2025-08-17T17:33:03.7115593Z   PG_SYNC_DSN: ***localhost:5432/awa
2025-08-17T17:33:03.7116015Z   PG_ASYNC_DSN: ***localhost:5432/awa
2025-08-17T17:33:03.7116400Z   DATABASE_URL: ***localhost:5432/awa
2025-08-17T17:33:03.7116650Z   DATA_DIR: /tmp/awa-data
2025-08-17T17:33:03.7116862Z   ENABLE_LIVE: 0
2025-08-17T17:33:03.7117037Z   TESTING: 1
2025-08-17T17:33:03.7117280Z   pythonLocation: /opt/hostedtoolcache/Python/3.12.11/x64
2025-08-17T17:33:03.7117852Z   PKG_CONFIG_PATH: /opt/hostedtoolcache/Python/3.12.11/x64/lib/pkgconfig
2025-08-17T17:33:03.7118332Z   Python_ROOT_DIR: /opt/hostedtoolcache/Python/3.12.11/x64
2025-08-17T17:33:03.7118675Z   Python2_ROOT_DIR: /opt/hostedtoolcache/Python/3.12.11/x64
2025-08-17T17:33:03.7119026Z   Python3_ROOT_DIR: /opt/hostedtoolcache/Python/3.12.11/x64
2025-08-17T17:33:03.7119371Z   LD_LIBRARY_PATH: /opt/hostedtoolcache/Python/3.12.11/x64/lib
2025-08-17T17:33:03.7119671Z   POSTGRES_USER: postgres
2025-08-17T17:33:03.7119883Z   POSTGRES_PASSWORD: pass
2025-08-17T17:33:03.7120082Z   POSTGRES_DB: awa
2025-08-17T17:33:03.7120269Z ##[endgroup]
2025-08-17T17:33:04.5586452Z INFO  [alembic.runtime.migration] Context impl PostgresqlImpl.
2025-08-17T17:33:04.5587027Z INFO  [alembic.runtime.migration] Will assume transactional DDL.
2025-08-17T17:33:04.5743023Z INFO  [alembic.runtime.migration] Running upgrade  -> 0001_baseline
2025-08-17T17:33:04.5880149Z INFO  [alembic.runtime.migration] Running upgrade 0001_baseline -> 0002_create_roi_view
2025-08-17T17:33:04.5905863Z INFO  [alembic.runtime.migration] Running upgrade 0002_create_roi_view -> 3e9d5c5aff2c
2025-08-17T17:33:04.6069598Z INFO  [alembic.runtime.migration] Running upgrade 3e9d5c5aff2c -> 0003_vendor_prices
2025-08-17T17:33:04.6203004Z INFO  [alembic.runtime.migration] Running upgrade 0003_vendor_prices -> 0004_fee_cron
2025-08-17T17:33:04.6273118Z INFO  [alembic.runtime.migration] Running upgrade 0004_fee_cron -> 0006_fix_roi_views
2025-08-17T17:33:04.6304914Z INFO  [alembic.runtime.migration] Running upgrade 0006_fix_roi_views -> 0020_unified_schema
2025-08-17T17:33:04.6412598Z INFO  [alembic.runtime.migration] Running upgrade 0020_unified_schema -> 0022_fix_roi_view
2025-08-17T17:33:04.6476710Z INFO  [alembic.runtime.migration] Running upgrade 0022_fix_roi_view -> 0023_add_storage_fee
2025-08-17T17:33:04.6512155Z INFO  [alembic.runtime.migration] Running upgrade 0023_add_storage_fee -> 0024_create_buybox
2025-08-17T17:33:04.7217030Z ##[group]Run pytest -q --cov=services
2025-08-17T17:33:04.7217359Z [36;1mpytest -q --cov=services[0m
2025-08-17T17:33:04.7257846Z shell: /usr/bin/bash -e {0}
2025-08-17T17:33:04.7258087Z env:
2025-08-17T17:33:04.7258261Z   PG_USER: postgres
2025-08-17T17:33:04.7258464Z   PG_PASSWORD: pass
2025-08-17T17:33:04.7258675Z   PG_DATABASE: awa
2025-08-17T17:33:04.7258863Z   PG_HOST: localhost
2025-08-17T17:33:04.7259053Z   PG_PORT: 5432
2025-08-17T17:33:04.7259513Z   PG_SYNC_DSN: ***localhost:5432/awa
2025-08-17T17:33:04.7259913Z   PG_ASYNC_DSN: ***localhost:5432/awa
2025-08-17T17:33:04.7260334Z   DATABASE_URL: ***localhost:5432/awa
2025-08-17T17:33:04.7260595Z   DATA_DIR: /home/runner/work/_temp/awa-data
2025-08-17T17:33:04.7260843Z   ENABLE_LIVE: 0
2025-08-17T17:33:04.7261019Z   TESTING: 1
2025-08-17T17:33:04.7261264Z   pythonLocation: /opt/hostedtoolcache/Python/3.12.11/x64
2025-08-17T17:33:04.7261675Z   PKG_CONFIG_PATH: /opt/hostedtoolcache/Python/3.12.11/x64/lib/pkgconfig
2025-08-17T17:33:04.7262090Z   Python_ROOT_DIR: /opt/hostedtoolcache/Python/3.12.11/x64
2025-08-17T17:33:04.7262438Z   Python2_ROOT_DIR: /opt/hostedtoolcache/Python/3.12.11/x64
2025-08-17T17:33:04.7262791Z   Python3_ROOT_DIR: /opt/hostedtoolcache/Python/3.12.11/x64
2025-08-17T17:33:04.7263146Z   LD_LIBRARY_PATH: /opt/hostedtoolcache/Python/3.12.11/x64/lib
2025-08-17T17:33:04.7263450Z   POSTGRES_USER: postgres
2025-08-17T17:33:04.7263667Z   POSTGRES_PASSWORD: pass
2025-08-17T17:33:04.7263869Z   POSTGRES_DB: awa
2025-08-17T17:33:04.7264054Z   LLM_PROVIDER: lan
2025-08-17T17:33:04.7264265Z   LLM_BASE_URL: http://localhost:8000
2025-08-17T17:33:04.7264504Z ##[endgroup]
2025-08-17T17:33:33.5866216Z ........s.........................sss................................... [ 53%]
2025-08-17T17:34:05.1106244Z ...............................................................          [100%]
2025-08-17T17:34:05.1107316Z =============================== warnings summary ===============================
2025-08-17T17:34:05.1108794Z services/alert_bot/tests/test_smoke.py:5
2025-08-17T17:34:05.1111931Z   /home/runner/work/AWA-App/AWA-App/services/alert_bot/tests/test_smoke.py:5: UserWarning: pkg_resources is deprecated as an API. See https://setuptools.pypa.io/en/latest/pkg_resources.html. The pkg_resources package is slated for removal as early as 2025-11-30. Refrain from using this package or pin to Setuptools<81.
2025-08-17T17:34:05.1114092Z     import pkg_resources  # noqa: F401
2025-08-17T17:34:05.1114319Z 
2025-08-17T17:34:05.1114559Z tests/test_api_fast.py::test_health_endpoint
2025-08-17T17:34:05.1115938Z   /home/runner/work/AWA-App/AWA-App/tests/test_api_fast.py:13: DeprecationWarning: datetime.datetime.utcnow() is deprecated and scheduled for removal in a future version. Use timezone-aware objects to represent datetimes in UTC: datetime.datetime.now(datetime.UTC).
2025-08-17T17:34:05.1117149Z     return datetime.datetime.utcnow()
2025-08-17T17:34:05.1117356Z 
2025-08-17T17:34:05.1117516Z tests/test_api_fast.py: 1 warning
2025-08-17T17:34:05.1118085Z tests/test_health.py: 5 warnings
2025-08-17T17:34:05.1118420Z tests/test_smoke.py: 5 warnings
2025-08-17T17:34:05.1118785Z services/api/tests/test_health.py: 1 warning
2025-08-17T17:34:05.1120569Z   /home/runner/work/AWA-App/AWA-App/services/api/routes/health.py:24: DeprecationWarning: datetime.datetime.utcnow() is deprecated and scheduled for removal in a future version. Use timezone-aware objects to represent datetimes in UTC: datetime.datetime.now(datetime.UTC).
2025-08-17T17:34:05.1121881Z     app_now = datetime.utcnow().replace(tzinfo=timezone.utc)
2025-08-17T17:34:05.1122149Z 
2025-08-17T17:34:05.1122315Z tests/test_health.py::test_health[0]
2025-08-17T17:34:05.1122674Z tests/test_health.py::test_health[1]
2025-08-17T17:34:05.1123021Z tests/test_health.py::test_health[2]
2025-08-17T17:34:05.1123348Z tests/test_health.py::test_health[3]
2025-08-17T17:34:05.1123652Z tests/test_health.py::test_health[4]
2025-08-17T17:34:05.1124925Z   /home/runner/work/AWA-App/AWA-App/tests/test_health.py:22: DeprecationWarning: datetime.datetime.utcnow() is deprecated and scheduled for removal in a future version. Use timezone-aware objects to represent datetimes in UTC: datetime.datetime.now(datetime.UTC).
2025-08-17T17:34:05.1125922Z     return datetime.datetime.utcnow()
2025-08-17T17:34:05.1126092Z 
2025-08-17T17:34:05.1126230Z tests/test_smoke.py::test_health[0]
2025-08-17T17:34:05.1126516Z tests/test_smoke.py::test_health[1]
2025-08-17T17:34:05.1126793Z tests/test_smoke.py::test_health[2]
2025-08-17T17:34:05.1127069Z tests/test_smoke.py::test_health[3]
2025-08-17T17:34:05.1127335Z tests/test_smoke.py::test_health[4]
2025-08-17T17:34:05.1128575Z   /home/runner/work/AWA-App/AWA-App/tests/test_smoke.py:32: DeprecationWarning: datetime.datetime.utcnow() is deprecated and scheduled for removal in a future version. Use timezone-aware objects to represent datetimes in UTC: datetime.datetime.now(datetime.UTC).
2025-08-17T17:34:05.1129551Z     return datetime.datetime.utcnow()
2025-08-17T17:34:05.1129725Z 
2025-08-17T17:34:05.1129923Z services/api/tests/test_health.py::test_health_route
2025-08-17T17:34:05.1131095Z   /home/runner/work/AWA-App/AWA-App/services/api/tests/test_health.py:14: DeprecationWarning: datetime.datetime.utcnow() is deprecated and scheduled for removal in a future version. Use timezone-aware objects to represent datetimes in UTC: datetime.datetime.now(datetime.UTC).
2025-08-17T17:34:05.1132128Z     return datetime.datetime.utcnow()
2025-08-17T17:34:05.1132293Z 
2025-08-17T17:34:05.1132554Z -- Docs: https://docs.pytest.org/en/stable/how-to/capture-warnings.html
2025-08-17T17:34:05.1133027Z ================================ tests coverage ================================
2025-08-17T17:34:05.1133496Z _______________ coverage: platform linux, python 3.12.11-final-0 _______________
2025-08-17T17:34:05.1133758Z 
2025-08-17T17:34:05.1133905Z Coverage XML written to file coverage.xml
2025-08-17T17:34:05.1134298Z Required test coverage of 45% reached. Total coverage: 57.34%
2025-08-17T17:34:05.5464725Z ##[group]Run echo "::group::postgres container logs"
2025-08-17T17:34:05.5465111Z [36;1mecho "::group::postgres container logs"[0m
2025-08-17T17:34:05.5465585Z [36;1mdocker logs 2c8a027225602ff2c4c5bdc95647a2b914da5fd0f9a82bbcf07751a111465389 --tail 200[0m
2025-08-17T17:34:05.5466023Z [36;1mecho "::endgroup::"[0m
2025-08-17T17:34:05.5507061Z shell: /usr/bin/bash -e {0}
2025-08-17T17:34:05.5507294Z env:
2025-08-17T17:34:05.5507467Z   PG_USER: postgres
2025-08-17T17:34:05.5507669Z   PG_PASSWORD: pass
2025-08-17T17:34:05.5507972Z   PG_DATABASE: awa
2025-08-17T17:34:05.5508160Z   PG_HOST: localhost
2025-08-17T17:34:05.5508351Z   PG_PORT: 5432
2025-08-17T17:34:05.5508754Z   PG_SYNC_DSN: ***localhost:5432/awa
2025-08-17T17:34:05.5509154Z   PG_ASYNC_DSN: ***localhost:5432/awa
2025-08-17T17:34:05.5509527Z   DATABASE_URL: ***localhost:5432/awa
2025-08-17T17:34:05.5509763Z   DATA_DIR: /tmp/awa-data
2025-08-17T17:34:05.5509971Z   ENABLE_LIVE: 0
2025-08-17T17:34:05.5510179Z   TESTING: 1
2025-08-17T17:34:05.5510420Z   pythonLocation: /opt/hostedtoolcache/Python/3.12.11/x64
2025-08-17T17:34:05.5510804Z   PKG_CONFIG_PATH: /opt/hostedtoolcache/Python/3.12.11/x64/lib/pkgconfig
2025-08-17T17:34:05.5511387Z   Python_ROOT_DIR: /opt/hostedtoolcache/Python/3.12.11/x64
2025-08-17T17:34:05.5511741Z   Python2_ROOT_DIR: /opt/hostedtoolcache/Python/3.12.11/x64
2025-08-17T17:34:05.5512090Z   Python3_ROOT_DIR: /opt/hostedtoolcache/Python/3.12.11/x64
2025-08-17T17:34:05.5512440Z   LD_LIBRARY_PATH: /opt/hostedtoolcache/Python/3.12.11/x64/lib
2025-08-17T17:34:05.5512734Z ##[endgroup]
2025-08-17T17:34:05.5572279Z ##[group]postgres container logs
2025-08-17T17:34:05.5694346Z The files belonging to this database system will be owned by user "postgres".
2025-08-17T17:34:05.5695227Z This user must also own the server process.
2025-08-17T17:34:05.5695540Z 
2025-08-17T17:34:05.5695984Z The database cluster will be initialized with locale "en_US.utf8".
2025-08-17T17:34:05.5696855Z The default database encoding has accordingly been set to "UTF8".
2025-08-17T17:34:05.5697639Z The default text search configuration will be set to "english".
2025-08-17T17:34:05.5698210Z 
2025-08-17T17:34:05.5698451Z Data page checksums are disabled.
2025-08-17T17:34:05.5698643Z 
2025-08-17T17:34:05.5698921Z fixing permissions on existing directory /var/lib/postgresql/data ... ok
2025-08-17T17:34:05.5699324Z creating subdirectories ... ok
2025-08-17T17:34:05.5699689Z selecting dynamic shared memory implementation ... posix
2025-08-17T17:34:05.5700056Z selecting default max_connections ... 100
2025-08-17T17:34:05.5700379Z selecting default shared_buffers ... 128MB
2025-08-17T17:34:05.5700685Z selecting default time zone ... Etc/UTC
2025-08-17T17:34:05.5700981Z creating configuration files ... ok
2025-08-17T17:34:05.5701263Z running bootstrap script ... ok
2025-08-17T17:34:05.5701583Z performing post-bootstrap initialization ... ok
2025-08-17T17:34:05.5701883Z syncing data to disk ... ok
2025-08-17T17:34:05.5702371Z initdb: warning: enabling "trust" authentication for local connections
2025-08-17T17:34:05.5703153Z initdb: hint: You can change this by editing pg_hba.conf or using the option -A, or --auth-local and --auth-host, the next time you run initdb.
2025-08-17T17:34:05.5704157Z 2025-08-17 17:31:45.956 UTC [1] LOG:  starting PostgreSQL 15.14 (Debian 15.14-1.pgdg13+1) on x86_64-pc-linux-gnu, compiled by gcc (Debian 14.2.0-19) 14.2.0, 64-bit
2025-08-17T17:34:05.5704878Z 2025-08-17 17:31:45.956 UTC [1] LOG:  listening on IPv4 address "0.0.0.0", port 5432
2025-08-17T17:34:05.5705398Z 2025-08-17 17:31:45.956 UTC [1] LOG:  listening on IPv6 address "::", port 5432
2025-08-17T17:34:05.5705955Z 2025-08-17 17:31:45.957 UTC [1] LOG:  listening on Unix socket "/var/run/postgresql/.s.PGSQL.5432"
2025-08-17T17:34:05.5706540Z 2025-08-17 17:31:45.960 UTC [64] LOG:  database system was shut down at 2025-08-17 17:31:45 UTC
2025-08-17T17:34:05.5707072Z 2025-08-17 17:31:45.964 UTC [1] LOG:  database system is ready to accept connections
2025-08-17T17:34:05.5707641Z 
2025-08-17T17:34:05.5707651Z 
2025-08-17T17:34:05.5708114Z Success. You can now start the database server using:
2025-08-17T17:34:05.5708493Z 
2025-08-17T17:34:05.5708719Z     pg_ctl -D /var/lib/postgresql/data -l logfile start
2025-08-17T17:34:05.5708940Z 
2025-08-17T17:34:05.5709864Z waiting for server to start....2025-08-17 17:31:45.648 UTC [48] LOG:  starting PostgreSQL 15.14 (Debian 15.14-1.pgdg13+1) on x86_64-pc-linux-gnu, compiled by gcc (Debian 14.2.0-19) 14.2.0, 64-bit
2025-08-17T17:34:05.5710899Z 2025-08-17 17:31:45.649 UTC [48] LOG:  listening on Unix socket "/var/run/postgresql/.s.PGSQL.5432"
2025-08-17T17:34:05.5712004Z 2025-08-17 17:31:45.651 UTC [51] LOG:  database system was shut down at 2025-08-17 17:31:45 UTC
2025-08-17T17:34:05.5712919Z 2025-08-17 17:31:45.655 UTC [48] LOG:  database system is ready to accept connections
2025-08-17T17:34:05.5713314Z  done
2025-08-17T17:34:05.5713490Z server started
2025-08-17T17:34:05.5713676Z CREATE DATABASE
2025-08-17T17:34:05.5713786Z 
2025-08-17T17:34:05.5713807Z 
2025-08-17T17:34:05.5714104Z /usr/local/bin/docker-entrypoint.sh: ignoring /docker-entrypoint-initdb.d/*
2025-08-17T17:34:05.5714404Z 
2025-08-17T17:34:05.5714637Z 2025-08-17 17:31:45.836 UTC [48] LOG:  received fast shutdown request
2025-08-17T17:34:05.5715470Z waiting for server to shut down....2025-08-17 17:31:45.837 UTC [48] LOG:  aborting any active transactions
2025-08-17T17:34:05.5716178Z 2025-08-17 17:31:45.839 UTC [48] LOG:  background worker "logical replication launcher" (PID 54) exited with exit code 1
2025-08-17T17:34:05.5716699Z 2025-08-17 17:31:45.839 UTC [49] LOG:  shutting down
2025-08-17T17:34:05.5717129Z 2025-08-17 17:31:45.839 UTC [49] LOG:  checkpoint starting: shutdown immediate
2025-08-17T17:34:05.5718413Z 2025-08-17 17:31:45.856 UTC [49] LOG:  checkpoint complete: wrote 922 buffers (5.6%); 0 WAL file(s) added, 0 removed, 0 recycled; write=0.014 s, sync=0.002 s, total=0.018 s; sync files=301, longest=0.001 s, average=0.001 s; distance=4239 kB, estimate=4239 kB
2025-08-17T17:34:05.5719455Z 2025-08-17 17:31:45.862 UTC [48] LOG:  database system is shut down
2025-08-17T17:34:05.5719782Z  done
2025-08-17T17:34:05.5719956Z server stopped
2025-08-17T17:34:05.5720080Z 
2025-08-17T17:34:05.5720274Z PostgreSQL init process complete; ready for start up.
2025-08-17T17:34:05.5720485Z 
2025-08-17T17:34:05.5720785Z ##[endgroup]
2025-08-17T17:34:05.5774542Z Post job cleanup.
2025-08-17T17:34:05.7903491Z Post job cleanup.
2025-08-17T17:34:05.9200711Z Cache hit occurred on the primary key Linux-test-842a859a37b6f31d35b1262d499b1acd0270bca26490137bed88679f7bc0eea4, not saving cache.
2025-08-17T17:34:05.9283846Z Post job cleanup.
2025-08-17T17:34:06.0776154Z Cache hit occurred on the primary key setup-python-Linux-x64-24.04-Ubuntu-python-3.12.11-pip-eaa0a074c57376a66c2e90a5bba71fcb6649a6cd38429bfd143e61f67d53a7cd, not saving cache.
2025-08-17T17:34:06.0868625Z Post job cleanup.
2025-08-17T17:34:06.1815268Z [command]/usr/bin/git version
2025-08-17T17:34:06.1851320Z git version 2.50.1
2025-08-17T17:34:06.1895503Z Temporarily overriding HOME='/home/runner/work/_temp/5be9e4a1-538e-48bf-ac1b-959cf99c0a69' before making global git config changes
2025-08-17T17:34:06.1896935Z Adding repository directory to the temporary git global config as a safe directory
2025-08-17T17:34:06.1909624Z [command]/usr/bin/git config --global --add safe.directory /home/runner/work/AWA-App/AWA-App
2025-08-17T17:34:06.1944569Z [command]/usr/bin/git config --local --name-only --get-regexp core\.sshCommand
2025-08-17T17:34:06.1979291Z [command]/usr/bin/git submodule foreach --recursive sh -c "git config --local --name-only --get-regexp 'core\.sshCommand' && git config --local --unset-all 'core.sshCommand' || :"
2025-08-17T17:34:06.2233019Z [command]/usr/bin/git config --local --name-only --get-regexp http\.https\:\/\/github\.com\/\.extraheader
2025-08-17T17:34:06.2256438Z http.https://github.com/.extraheader
2025-08-17T17:34:06.2273988Z [command]/usr/bin/git config --local --unset-all http.https://github.com/.extraheader
2025-08-17T17:34:06.2307171Z [command]/usr/bin/git submodule foreach --recursive sh -c "git config --local --name-only --get-regexp 'http\.https\:\/\/github\.com\/\.extraheader' && git config --local --unset-all 'http.https://github.com/.extraheader' || :"
2025-08-17T17:34:06.2653344Z Print service container logs: 6d4d610ee2f145358ddaf4584b1720cf_postgres15_32b92d
2025-08-17T17:34:06.2657679Z ##[command]/usr/bin/docker logs --details 2c8a027225602ff2c4c5bdc95647a2b914da5fd0f9a82bbcf07751a111465389
2025-08-17T17:34:06.2776391Z  The files belonging to this database system will be owned by user "postgres".
2025-08-17T17:34:06.2777120Z  This user must also own the server process.
2025-08-17T17:34:06.2778963Z  initdb: warning: enabling "trust" authentication for local connections
2025-08-17T17:34:06.2779627Z  initdb: hint: You can change this by editing pg_hba.conf or using the option -A, or --auth-local and --auth-host, the next time you run initdb.
2025-08-17T17:34:06.2780463Z  2025-08-17 17:31:45.956 UTC [1] LOG:  starting PostgreSQL 15.14 (Debian 15.14-1.pgdg13+1) on x86_64-pc-linux-gnu, compiled by gcc (Debian 14.2.0-19) 14.2.0, 64-bit
2025-08-17T17:34:06.2781102Z  2025-08-17 17:31:45.956 UTC [1] LOG:  listening on IPv4 address "0.0.0.0", port 5432
2025-08-17T17:34:06.2781874Z  2025-08-17 17:31:45.956 UTC [1] LOG:  listening on IPv6 address "::", port 5432
2025-08-17T17:34:06.2782343Z  2025-08-17 17:31:45.957 UTC [1] LOG:  listening on Unix socket "/var/run/postgresql/.s.PGSQL.5432"
2025-08-17T17:34:06.2782846Z  2025-08-17 17:31:45.960 UTC [64] LOG:  database system was shut down at 2025-08-17 17:31:45 UTC
2025-08-17T17:34:06.2783301Z  2025-08-17 17:31:45.964 UTC [1] LOG:  database system is ready to accept connections
2025-08-17T17:34:06.2783623Z  
2025-08-17T17:34:06.2783888Z  The database cluster will be initialized with locale "en_US.utf8".
2025-08-17T17:34:06.2784298Z  The default database encoding has accordingly been set to "UTF8".
2025-08-17T17:34:06.2784689Z  The default text search configuration will be set to "english".
2025-08-17T17:34:06.2784986Z  
2025-08-17T17:34:06.2785163Z  Data page checksums are disabled.
2025-08-17T17:34:06.2785389Z  
2025-08-17T17:34:06.2785671Z  fixing permissions on existing directory /var/lib/postgresql/data ... ok
2025-08-17T17:34:06.2786046Z  creating subdirectories ... ok
2025-08-17T17:34:06.2786347Z  selecting dynamic shared memory implementation ... posix
2025-08-17T17:34:06.2786663Z  selecting default max_connections ... 100
2025-08-17T17:34:06.2786938Z  selecting default shared_buffers ... 128MB
2025-08-17T17:34:06.2787211Z  selecting default time zone ... Etc/UTC
2025-08-17T17:34:06.2787484Z  creating configuration files ... ok
2025-08-17T17:34:06.2787972Z  running bootstrap script ... ok
2025-08-17T17:34:06.2788292Z  performing post-bootstrap initialization ... ok
2025-08-17T17:34:06.2788585Z  syncing data to disk ... ok
2025-08-17T17:34:06.2788797Z  
2025-08-17T17:34:06.2788948Z  
2025-08-17T17:34:06.2789153Z  Success. You can now start the database server using:
2025-08-17T17:34:06.2789424Z  
2025-08-17T17:34:06.2789638Z      pg_ctl -D /var/lib/postgresql/data -l logfile start
2025-08-17T17:34:06.2789907Z  
2025-08-17T17:34:06.2790457Z  waiting for server to start....2025-08-17 17:31:45.648 UTC [48] LOG:  starting PostgreSQL 15.14 (Debian 15.14-1.pgdg13+1) on x86_64-pc-linux-gnu, compiled by gcc (Debian 14.2.0-19) 14.2.0, 64-bit
2025-08-17T17:34:06.2791306Z  2025-08-17 17:31:45.649 UTC [48] LOG:  listening on Unix socket "/var/run/postgresql/.s.PGSQL.5432"
2025-08-17T17:34:06.2792272Z  2025-08-17 17:31:45.651 UTC [51] LOG:  database system was shut down at 2025-08-17 17:31:45 UTC
2025-08-17T17:34:06.2792999Z  2025-08-17 17:31:45.655 UTC [48] LOG:  database system is ready to accept connections
2025-08-17T17:34:06.2793402Z   done
2025-08-17T17:34:06.2793572Z  server started
2025-08-17T17:34:06.2793754Z  CREATE DATABASE
2025-08-17T17:34:06.2793925Z  
2025-08-17T17:34:06.2794074Z  
2025-08-17T17:34:06.2794378Z  /usr/local/bin/docker-entrypoint.sh: ignoring /docker-entrypoint-initdb.d/*
2025-08-17T17:34:06.2794749Z  
2025-08-17T17:34:06.2794983Z  2025-08-17 17:31:45.836 UTC [48] LOG:  received fast shutdown request
2025-08-17T17:34:06.2795685Z  waiting for server to shut down....2025-08-17 17:31:45.837 UTC [48] LOG:  aborting any active transactions
2025-08-17T17:34:06.2796299Z  2025-08-17 17:31:45.839 UTC [48] LOG:  background worker "logical replication launcher" (PID 54) exited with exit code 1
2025-08-17T17:34:06.2796767Z  2025-08-17 17:31:45.839 UTC [49] LOG:  shutting down
2025-08-17T17:34:06.2797117Z  2025-08-17 17:31:45.839 UTC [49] LOG:  checkpoint starting: shutdown immediate
2025-08-17T17:34:06.2798128Z  2025-08-17 17:31:45.856 UTC [49] LOG:  checkpoint complete: wrote 922 buffers (5.6%); 0 WAL file(s) added, 0 removed, 0 recycled; write=0.014 s, sync=0.002 s, total=0.018 s; sync files=301, longest=0.001 s, average=0.001 s; distance=4239 kB, estimate=4239 kB
2025-08-17T17:34:06.2798933Z  2025-08-17 17:31:45.862 UTC [48] LOG:  database system is shut down
2025-08-17T17:34:06.2799226Z   done
2025-08-17T17:34:06.2799391Z  server stopped
2025-08-17T17:34:06.2799570Z  
2025-08-17T17:34:06.2799793Z  PostgreSQL init process complete; ready for start up.
2025-08-17T17:34:06.2800210Z  
2025-08-17T17:34:06.2805989Z Stop and remove container: 6d4d610ee2f145358ddaf4584b1720cf_postgres15_32b92d
2025-08-17T17:34:06.2811103Z ##[command]/usr/bin/docker rm --force 2c8a027225602ff2c4c5bdc95647a2b914da5fd0f9a82bbcf07751a111465389
2025-08-17T17:34:06.4127066Z 2c8a027225602ff2c4c5bdc95647a2b914da5fd0f9a82bbcf07751a111465389
2025-08-17T17:34:06.4153983Z Remove container network: github_network_0751398971b0425a965854c50ccd0b8f
2025-08-17T17:34:06.4158868Z ##[command]/usr/bin/docker network rm github_network_0751398971b0425a965854c50ccd0b8f
2025-08-17T17:34:06.5406813Z github_network_0751398971b0425a965854c50ccd0b8f
2025-08-17T17:34:06.5466266Z Cleaning up orphan processes
