2025-08-19T16:05:22.2699056Z Current runner version: '2.327.1'
2025-08-19T16:05:22.2728788Z ##[group]Runner Image Provisioner
2025-08-19T16:05:22.2730118Z Hosted Compute Agent
2025-08-19T16:05:22.2731049Z Version: 20250818.377
2025-08-19T16:05:22.2732079Z Commit: 3c593e9f75fe0b87e893bca80d6e12ba089c61fc
2025-08-19T16:05:22.2733416Z Build Date: 2025-08-18T14:52:18Z
2025-08-19T16:05:22.2734607Z ##[endgroup]
2025-08-19T16:05:22.2735584Z ##[group]Operating System
2025-08-19T16:05:22.2736627Z Ubuntu
2025-08-19T16:05:22.2737394Z 24.04.2
2025-08-19T16:05:22.2738146Z LTS
2025-08-19T16:05:22.2739080Z ##[endgroup]
2025-08-19T16:05:22.2739906Z ##[group]Runner Image
2025-08-19T16:05:22.2740928Z Image: ubuntu-24.04
2025-08-19T16:05:22.2741851Z Version: 20250810.1.0
2025-08-19T16:05:22.2743609Z Included Software: https://github.com/actions/runner-images/blob/ubuntu24/20250810.1/images/ubuntu/Ubuntu2404-Readme.md
2025-08-19T16:05:22.2746288Z Image Release: https://github.com/actions/runner-images/releases/tag/ubuntu24%2F20250810.1
2025-08-19T16:05:22.2748173Z ##[endgroup]
2025-08-19T16:05:22.2752603Z ##[group]GITHUB_TOKEN Permissions
2025-08-19T16:05:22.2755808Z Actions: write
2025-08-19T16:05:22.2756645Z Attestations: write
2025-08-19T16:05:22.2757618Z Checks: write
2025-08-19T16:05:22.2758475Z Contents: write
2025-08-19T16:05:22.2759416Z Deployments: write
2025-08-19T16:05:22.2760446Z Discussions: write
2025-08-19T16:05:22.2761472Z Issues: write
2025-08-19T16:05:22.2762312Z Metadata: read
2025-08-19T16:05:22.2763240Z Models: read
2025-08-19T16:05:22.2764379Z Packages: write
2025-08-19T16:05:22.2765223Z Pages: write
2025-08-19T16:05:22.2766192Z PullRequests: write
2025-08-19T16:05:22.2767128Z RepositoryProjects: write
2025-08-19T16:05:22.2768146Z SecurityEvents: write
2025-08-19T16:05:22.2769313Z Statuses: write
2025-08-19T16:05:22.2770218Z ##[endgroup]
2025-08-19T16:05:22.2773217Z Secret source: Actions
2025-08-19T16:05:22.2774899Z Prepare workflow directory
2025-08-19T16:05:22.3333089Z Prepare all required actions
2025-08-19T16:05:22.3387250Z Getting action download info
2025-08-19T16:05:22.7230341Z Download action repository 'actions/checkout@v4' (SHA:08eba0b27e820071cde6df949e0beb9ba4906955)
2025-08-19T16:05:23.0925922Z Download action repository 'actions/setup-python@v5' (SHA:a26af69be951a213d495a4c3e4e4022e16d87065)
2025-08-19T16:05:23.4922462Z Download action repository 'actions/cache@v4' (SHA:0400d5f644dc74513175e3cd8d07132dd4860809)
2025-08-19T16:05:23.9297651Z Download action repository 'actions/setup-node@v4' (SHA:49933ea5288caeca8642d1e84afbd3f7d6820020)
2025-08-19T16:05:24.0159690Z Download action repository 'codecov/codecov-action@v4' (SHA:b9fd7d16f6d7d1b5d2bec1a2887e65ceed900238)
2025-08-19T16:05:24.4749133Z Complete job name: test
2025-08-19T16:05:24.5326331Z ##[group]Checking docker version
2025-08-19T16:05:24.5339577Z ##[command]/usr/bin/docker version --format '{{.Server.APIVersion}}'
2025-08-19T16:05:24.5706066Z '1.48'
2025-08-19T16:05:24.5723379Z Docker daemon API version: '1.48'
2025-08-19T16:05:24.5725896Z ##[command]/usr/bin/docker version --format '{{.Client.APIVersion}}'
2025-08-19T16:05:24.5877670Z '1.48'
2025-08-19T16:05:24.5891533Z Docker client API version: '1.48'
2025-08-19T16:05:24.5897148Z ##[endgroup]
2025-08-19T16:05:24.5900239Z ##[group]Clean up resources from previous jobs
2025-08-19T16:05:24.5906475Z ##[command]/usr/bin/docker ps --all --quiet --no-trunc --filter "label=8d1818"
2025-08-19T16:05:24.6046668Z ##[command]/usr/bin/docker network prune --force --filter "label=8d1818"
2025-08-19T16:05:24.6171837Z ##[endgroup]
2025-08-19T16:05:24.6172671Z ##[group]Create local container network
2025-08-19T16:05:24.6183301Z ##[command]/usr/bin/docker network create --label 8d1818 github_network_aedd4ba299c14d9fb3e9771a5f5b4a9e
2025-08-19T16:05:24.6761292Z 5fa6ed87d72e8479b4e57b3ca798ad8007fda23f465553e98b3dabd356fe0e66
2025-08-19T16:05:24.6779446Z ##[endgroup]
2025-08-19T16:05:24.6804562Z ##[group]Starting postgres service container
2025-08-19T16:05:24.6823480Z ##[command]/usr/bin/docker pull postgres:15
2025-08-19T16:05:25.1107163Z 15: Pulling from library/postgres
2025-08-19T16:05:25.2189165Z 396b1da7636e: Pulling fs layer
2025-08-19T16:05:25.2190727Z fca2566eba32: Pulling fs layer
2025-08-19T16:05:25.2192261Z 631fe8c6d606: Pulling fs layer
2025-08-19T16:05:25.2193374Z 77c7671c4414: Pulling fs layer
2025-08-19T16:05:25.2194607Z 2d9e29180a27: Pulling fs layer
2025-08-19T16:05:25.2195542Z c6bcc2c9a041: Pulling fs layer
2025-08-19T16:05:25.2196443Z ac4b721eb66f: Pulling fs layer
2025-08-19T16:05:25.2197338Z 606bd164980e: Pulling fs layer
2025-08-19T16:05:25.2198237Z f5dfd246bc6e: Pulling fs layer
2025-08-19T16:05:25.2199201Z ba7036bb0a60: Pulling fs layer
2025-08-19T16:05:25.2200143Z 799f859abbbd: Pulling fs layer
2025-08-19T16:05:25.2201087Z d903e777080c: Pulling fs layer
2025-08-19T16:05:25.2201982Z 04adcb462801: Pulling fs layer
2025-08-19T16:05:25.2202887Z 5c10925b29ff: Pulling fs layer
2025-08-19T16:05:25.2203760Z 77c7671c4414: Waiting
2025-08-19T16:05:25.2204739Z 2d9e29180a27: Waiting
2025-08-19T16:05:25.2205520Z c6bcc2c9a041: Waiting
2025-08-19T16:05:25.2206302Z ac4b721eb66f: Waiting
2025-08-19T16:05:25.2207068Z 606bd164980e: Waiting
2025-08-19T16:05:25.2207832Z f5dfd246bc6e: Waiting
2025-08-19T16:05:25.2208612Z 04adcb462801: Waiting
2025-08-19T16:05:25.2209371Z ba7036bb0a60: Waiting
2025-08-19T16:05:25.2210166Z 799f859abbbd: Waiting
2025-08-19T16:05:25.2210975Z 5c10925b29ff: Waiting
2025-08-19T16:05:25.2211790Z d903e777080c: Waiting
2025-08-19T16:05:25.3565013Z fca2566eba32: Verifying Checksum
2025-08-19T16:05:25.3566691Z fca2566eba32: Download complete
2025-08-19T16:05:25.4397777Z 631fe8c6d606: Verifying Checksum
2025-08-19T16:05:25.4399179Z 631fe8c6d606: Download complete
2025-08-19T16:05:25.5813898Z 77c7671c4414: Verifying Checksum
2025-08-19T16:05:25.5818484Z 77c7671c4414: Download complete
2025-08-19T16:05:25.6808988Z 2d9e29180a27: Verifying Checksum
2025-08-19T16:05:25.6810855Z 2d9e29180a27: Download complete
2025-08-19T16:05:25.6969490Z c6bcc2c9a041: Verifying Checksum
2025-08-19T16:05:25.6976056Z c6bcc2c9a041: Download complete
2025-08-19T16:05:25.7301366Z 396b1da7636e: Verifying Checksum
2025-08-19T16:05:25.7303049Z 396b1da7636e: Download complete
2025-08-19T16:05:25.8128853Z ac4b721eb66f: Verifying Checksum
2025-08-19T16:05:25.8130488Z ac4b721eb66f: Download complete
2025-08-19T16:05:25.8337252Z 606bd164980e: Verifying Checksum
2025-08-19T16:05:25.8338970Z 606bd164980e: Download complete
2025-08-19T16:05:25.9307723Z ba7036bb0a60: Download complete
2025-08-19T16:05:25.9949264Z 799f859abbbd: Verifying Checksum
2025-08-19T16:05:25.9952090Z 799f859abbbd: Download complete
2025-08-19T16:05:26.0983064Z d903e777080c: Download complete
2025-08-19T16:05:26.1067046Z 04adcb462801: Verifying Checksum
2025-08-19T16:05:26.1068936Z 04adcb462801: Download complete
2025-08-19T16:05:26.2286970Z 5c10925b29ff: Verifying Checksum
2025-08-19T16:05:26.2287570Z 5c10925b29ff: Download complete
2025-08-19T16:05:26.7856581Z 396b1da7636e: Pull complete
2025-08-19T16:05:27.2570027Z f5dfd246bc6e: Verifying Checksum
2025-08-19T16:05:27.2570617Z f5dfd246bc6e: Download complete
2025-08-19T16:05:28.4166925Z fca2566eba32: Pull complete
2025-08-19T16:05:28.5797836Z 631fe8c6d606: Pull complete
2025-08-19T16:05:28.6206971Z 77c7671c4414: Pull complete
2025-08-19T16:05:28.9266709Z 2d9e29180a27: Pull complete
2025-08-19T16:05:29.0024238Z c6bcc2c9a041: Pull complete
2025-08-19T16:05:29.0112297Z ac4b721eb66f: Pull complete
2025-08-19T16:05:29.0216948Z 606bd164980e: Pull complete
2025-08-19T16:05:31.9186757Z f5dfd246bc6e: Pull complete
2025-08-19T16:05:31.9337081Z ba7036bb0a60: Pull complete
2025-08-19T16:05:31.9440581Z 799f859abbbd: Pull complete
2025-08-19T16:05:31.9538754Z d903e777080c: Pull complete
2025-08-19T16:05:31.9633148Z 04adcb462801: Pull complete
2025-08-19T16:05:31.9740120Z 5c10925b29ff: Pull complete
2025-08-19T16:05:31.9779524Z Digest: sha256:bc51cf4f1fe02cce7ed2370b20128a9b00b4eb804573a77d2a0d877aaa9c82b1
2025-08-19T16:05:31.9790812Z Status: Downloaded newer image for postgres:15
2025-08-19T16:05:31.9801052Z docker.io/library/postgres:15
2025-08-19T16:05:31.9860820Z ##[command]/usr/bin/docker create --name c9c3fb3833a646318d589cd83edda2ef_postgres15_5b4dee --label 8d1818 --network github_network_aedd4ba299c14d9fb3e9771a5f5b4a9e --network-alias postgres -p 5432:5432 --health-cmd="pg_isready -U postgres -d awa" --health-interval=5s --health-timeout=5s --health-retries=10 -e "POSTGRES_USER=postgres" -e "POSTGRES_PASSWORD=pass" -e "POSTGRES_DB=awa" -e GITHUB_ACTIONS=true -e CI=true postgres:15
2025-08-19T16:05:32.0104455Z 9eebb11556830ee451bec8149e48f5b0c533e1628ec99f02277f1681ffb05b35
2025-08-19T16:05:32.0127084Z ##[command]/usr/bin/docker start 9eebb11556830ee451bec8149e48f5b0c533e1628ec99f02277f1681ffb05b35
2025-08-19T16:05:32.1660050Z 9eebb11556830ee451bec8149e48f5b0c533e1628ec99f02277f1681ffb05b35
2025-08-19T16:05:32.1680824Z ##[command]/usr/bin/docker ps --all --filter id=9eebb11556830ee451bec8149e48f5b0c533e1628ec99f02277f1681ffb05b35 --filter status=running --no-trunc --format "{{.ID}} {{.Status}}"
2025-08-19T16:05:32.1809299Z 9eebb11556830ee451bec8149e48f5b0c533e1628ec99f02277f1681ffb05b35 Up Less than a second (health: starting)
2025-08-19T16:05:32.1830634Z ##[command]/usr/bin/docker port 9eebb11556830ee451bec8149e48f5b0c533e1628ec99f02277f1681ffb05b35
2025-08-19T16:05:32.1956139Z 5432/tcp -> 0.0.0.0:5432
2025-08-19T16:05:32.2026192Z 5432/tcp -> [::]:5432
2025-08-19T16:05:32.2069431Z ##[endgroup]
2025-08-19T16:05:32.2070324Z ##[group]Starting redis service container
2025-08-19T16:05:32.2071506Z ##[command]/usr/bin/docker pull redis:7-alpine
2025-08-19T16:05:32.5919563Z 7-alpine: Pulling from library/redis
2025-08-19T16:05:32.7036032Z 0368fd46e3c6: Pulling fs layer
2025-08-19T16:05:32.7036810Z 4c55286bbede: Pulling fs layer
2025-08-19T16:05:32.7037913Z 5e28347af205: Pulling fs layer
2025-08-19T16:05:32.7038467Z 311eca34042e: Pulling fs layer
2025-08-19T16:05:32.7038989Z e6fe6f07e192: Pulling fs layer
2025-08-19T16:05:32.7039621Z a2cadbfeca72: Pulling fs layer
2025-08-19T16:05:32.7040924Z 4f4fb700ef54: Pulling fs layer
2025-08-19T16:05:32.7041300Z 311eca34042e: Waiting
2025-08-19T16:05:32.7041658Z e6fe6f07e192: Waiting
2025-08-19T16:05:32.7041980Z a976ed7e7808: Pulling fs layer
2025-08-19T16:05:32.7042320Z a2cadbfeca72: Waiting
2025-08-19T16:05:32.7042623Z 4f4fb700ef54: Waiting
2025-08-19T16:05:32.7042909Z a976ed7e7808: Waiting
2025-08-19T16:05:32.8060878Z 4c55286bbede: Verifying Checksum
2025-08-19T16:05:32.8061321Z 4c55286bbede: Download complete
2025-08-19T16:05:32.8156493Z 5e28347af205: Download complete
2025-08-19T16:05:32.8390134Z 0368fd46e3c6: Download complete
2025-08-19T16:05:32.9413729Z 311eca34042e: Verifying Checksum
2025-08-19T16:05:32.9416151Z 311eca34042e: Download complete
2025-08-19T16:05:32.9503806Z 0368fd46e3c6: Pull complete
2025-08-19T16:05:32.9536991Z a2cadbfeca72: Download complete
2025-08-19T16:05:32.9769308Z 4c55286bbede: Pull complete
2025-08-19T16:05:33.0679063Z a976ed7e7808: Verifying Checksum
2025-08-19T16:05:33.0679503Z a976ed7e7808: Download complete
2025-08-19T16:05:33.0692031Z 4f4fb700ef54: Verifying Checksum
2025-08-19T16:05:33.0692741Z 4f4fb700ef54: Download complete
2025-08-19T16:05:33.1257764Z 5e28347af205: Pull complete
2025-08-19T16:05:33.1542090Z 311eca34042e: Pull complete
2025-08-19T16:05:33.1852120Z e6fe6f07e192: Verifying Checksum
2025-08-19T16:05:33.1852562Z e6fe6f07e192: Download complete
2025-08-19T16:05:33.3584929Z e6fe6f07e192: Pull complete
2025-08-19T16:05:33.3696173Z a2cadbfeca72: Pull complete
2025-08-19T16:05:33.3776915Z 4f4fb700ef54: Pull complete
2025-08-19T16:05:33.3859002Z a976ed7e7808: Pull complete
2025-08-19T16:05:33.3892774Z Digest: sha256:bb186d083732f669da90be8b0f975a37812b15e913465bb14d845db72a4e3e08
2025-08-19T16:05:33.3901891Z Status: Downloaded newer image for redis:7-alpine
2025-08-19T16:05:33.3909234Z docker.io/library/redis:7-alpine
2025-08-19T16:05:33.3925472Z ##[command]/usr/bin/docker create --name 380dcd12fe3044f893fd6a7a9af9c9c0_redis7alpine_742083 --label 8d1818 --network github_network_aedd4ba299c14d9fb3e9771a5f5b4a9e --network-alias redis -p 6379:6379  -e GITHUB_ACTIONS=true -e CI=true redis:7-alpine
2025-08-19T16:05:33.4129628Z 8347850afe47b90b236896b6999f7c893599bb7ddb6d92b0a7fef9d1ce8c2734
2025-08-19T16:05:33.4142601Z ##[command]/usr/bin/docker start 8347850afe47b90b236896b6999f7c893599bb7ddb6d92b0a7fef9d1ce8c2734
2025-08-19T16:05:33.5430843Z 8347850afe47b90b236896b6999f7c893599bb7ddb6d92b0a7fef9d1ce8c2734
2025-08-19T16:05:33.5449771Z ##[command]/usr/bin/docker ps --all --filter id=8347850afe47b90b236896b6999f7c893599bb7ddb6d92b0a7fef9d1ce8c2734 --filter status=running --no-trunc --format "{{.ID}} {{.Status}}"
2025-08-19T16:05:33.5575971Z 8347850afe47b90b236896b6999f7c893599bb7ddb6d92b0a7fef9d1ce8c2734 Up Less than a second
2025-08-19T16:05:33.5588746Z ##[command]/usr/bin/docker port 8347850afe47b90b236896b6999f7c893599bb7ddb6d92b0a7fef9d1ce8c2734
2025-08-19T16:05:33.5695902Z 6379/tcp -> 0.0.0.0:6379
2025-08-19T16:05:33.5696237Z 6379/tcp -> [::]:6379
2025-08-19T16:05:33.5708691Z ##[endgroup]
2025-08-19T16:05:33.5719911Z ##[group]Waiting for all services to be ready
2025-08-19T16:05:33.5732903Z ##[command]/usr/bin/docker inspect --format="{{if .Config.Healthcheck}}{{print .State.Health.Status}}{{end}}" 9eebb11556830ee451bec8149e48f5b0c533e1628ec99f02277f1681ffb05b35
2025-08-19T16:05:33.5841113Z starting
2025-08-19T16:05:33.5860662Z postgres service is starting, waiting 2 seconds before checking again.
2025-08-19T16:05:35.5860632Z ##[command]/usr/bin/docker inspect --format="{{if .Config.Healthcheck}}{{print .State.Health.Status}}{{end}}" 9eebb11556830ee451bec8149e48f5b0c533e1628ec99f02277f1681ffb05b35
2025-08-19T16:05:35.5972678Z starting
2025-08-19T16:05:35.5985736Z postgres service is starting, waiting 3 seconds before checking again.
2025-08-19T16:05:39.4014946Z ##[command]/usr/bin/docker inspect --format="{{if .Config.Healthcheck}}{{print .State.Health.Status}}{{end}}" 9eebb11556830ee451bec8149e48f5b0c533e1628ec99f02277f1681ffb05b35
2025-08-19T16:05:39.4134383Z healthy
2025-08-19T16:05:39.4150298Z postgres service is healthy.
2025-08-19T16:05:39.4151058Z ##[command]/usr/bin/docker inspect --format="{{if .Config.Healthcheck}}{{print .State.Health.Status}}{{end}}" 8347850afe47b90b236896b6999f7c893599bb7ddb6d92b0a7fef9d1ce8c2734
2025-08-19T16:05:39.4274184Z redis service is healthy.
2025-08-19T16:05:39.4274802Z ##[endgroup]
2025-08-19T16:05:39.4510590Z ##[group]Run actions/checkout@v4
2025-08-19T16:05:39.4511112Z with:
2025-08-19T16:05:39.4511287Z   fetch-depth: 0
2025-08-19T16:05:39.4511496Z   repository: AlexBomber12/AWA-App
2025-08-19T16:05:39.4511882Z   token: ***
2025-08-19T16:05:39.4512065Z   ssh-strict: true
2025-08-19T16:05:39.4512247Z   ssh-user: git
2025-08-19T16:05:39.4512431Z   persist-credentials: true
2025-08-19T16:05:39.4512642Z   clean: true
2025-08-19T16:05:39.4512832Z   sparse-checkout-cone-mode: true
2025-08-19T16:05:39.4513067Z   fetch-tags: false
2025-08-19T16:05:39.4513246Z   show-progress: true
2025-08-19T16:05:39.4513428Z   lfs: false
2025-08-19T16:05:39.4513588Z   submodules: false
2025-08-19T16:05:39.4513776Z   set-safe-directory: true
2025-08-19T16:05:39.4514331Z env:
2025-08-19T16:05:39.4514572Z   REDIS_URL: redis://localhost:6379/0
2025-08-19T16:05:39.4514830Z   RATE_LIMIT_DEFAULT: 100/minute
2025-08-19T16:05:39.4515037Z   TRUST_X_FORWARDED: 1
2025-08-19T16:05:39.4515224Z ##[endgroup]
2025-08-19T16:05:39.5548189Z Syncing repository: AlexBomber12/AWA-App
2025-08-19T16:05:39.5549600Z ##[group]Getting Git version info
2025-08-19T16:05:39.5549962Z Working directory is '/home/runner/work/AWA-App/AWA-App'
2025-08-19T16:05:39.5550467Z [command]/usr/bin/git version
2025-08-19T16:05:39.5584737Z git version 2.50.1
2025-08-19T16:05:39.5610476Z ##[endgroup]
2025-08-19T16:05:39.5626202Z Temporarily overriding HOME='/home/runner/work/_temp/e510806e-a3fe-41a3-81aa-2c7ef0dd83a9' before making global git config changes
2025-08-19T16:05:39.5627562Z Adding repository directory to the temporary git global config as a safe directory
2025-08-19T16:05:39.5638369Z [command]/usr/bin/git config --global --add safe.directory /home/runner/work/AWA-App/AWA-App
2025-08-19T16:05:39.5671007Z Deleting the contents of '/home/runner/work/AWA-App/AWA-App'
2025-08-19T16:05:39.5674902Z ##[group]Initializing the repository
2025-08-19T16:05:39.5679186Z [command]/usr/bin/git init /home/runner/work/AWA-App/AWA-App
2025-08-19T16:05:39.5731447Z hint: Using 'master' as the name for the initial branch. This default branch name
2025-08-19T16:05:39.5732293Z hint: is subject to change. To configure the initial branch name to use in all
2025-08-19T16:05:39.5733058Z hint: of your new repositories, which will suppress this warning, call:
2025-08-19T16:05:39.5733608Z hint:
2025-08-19T16:05:39.5734135Z hint: 	git config --global init.defaultBranch <name>
2025-08-19T16:05:39.5734610Z hint:
2025-08-19T16:05:39.5735052Z hint: Names commonly chosen instead of 'master' are 'main', 'trunk' and
2025-08-19T16:05:39.5735829Z hint: 'development'. The just-created branch can be renamed via this command:
2025-08-19T16:05:39.5736411Z hint:
2025-08-19T16:05:39.5736702Z hint: 	git branch -m <name>
2025-08-19T16:05:39.5737038Z hint:
2025-08-19T16:05:39.5737549Z hint: Disable this message with "git config set advice.defaultBranchName false"
2025-08-19T16:05:39.5738127Z Initialized empty Git repository in /home/runner/work/AWA-App/AWA-App/.git/
2025-08-19T16:05:39.5745486Z [command]/usr/bin/git remote add origin https://github.com/AlexBomber12/AWA-App
2025-08-19T16:05:39.5777121Z ##[endgroup]
2025-08-19T16:05:39.5777700Z ##[group]Disabling automatic garbage collection
2025-08-19T16:05:39.5781985Z [command]/usr/bin/git config --local gc.auto 0
2025-08-19T16:05:39.5809012Z ##[endgroup]
2025-08-19T16:05:39.5809601Z ##[group]Setting up auth
2025-08-19T16:05:39.5816550Z [command]/usr/bin/git config --local --name-only --get-regexp core\.sshCommand
2025-08-19T16:05:39.5844976Z [command]/usr/bin/git submodule foreach --recursive sh -c "git config --local --name-only --get-regexp 'core\.sshCommand' && git config --local --unset-all 'core.sshCommand' || :"
2025-08-19T16:05:39.6089118Z [command]/usr/bin/git config --local --name-only --get-regexp http\.https\:\/\/github\.com\/\.extraheader
2025-08-19T16:05:39.6116224Z [command]/usr/bin/git submodule foreach --recursive sh -c "git config --local --name-only --get-regexp 'http\.https\:\/\/github\.com\/\.extraheader' && git config --local --unset-all 'http.https://github.com/.extraheader' || :"
2025-08-19T16:05:39.6330493Z [command]/usr/bin/git config --local http.https://github.com/.extraheader AUTHORIZATION: basic ***
2025-08-19T16:05:39.6362369Z ##[endgroup]
2025-08-19T16:05:39.6363008Z ##[group]Fetching the repository
2025-08-19T16:05:39.6380987Z [command]/usr/bin/git -c protocol.version=2 fetch --prune --no-recurse-submodules origin +refs/heads/*:refs/remotes/origin/* +refs/tags/*:refs/tags/*
2025-08-19T16:05:41.5782540Z From https://github.com/AlexBomber12/AWA-App
2025-08-19T16:05:41.5783606Z  * [new branch]        codex/analyze-ci-logs-and-implement-fixes -> origin/codex/analyze-ci-logs-and-implement-fixes
2025-08-19T16:05:41.5785139Z  * [new branch]        codex/fix-ci-workflows-based-on-logs -> origin/codex/fix-ci-workflows-based-on-logs
2025-08-19T16:05:41.5786515Z  * [new branch]        codex/fix-ci-workflows-based-on-logs-analysis -> origin/codex/fix-ci-workflows-based-on-logs-analysis
2025-08-19T16:05:41.5788052Z  * [new branch]        codex/fix-ci-workflows-based-on-logs-analysis-mu9c9o -> origin/codex/fix-ci-workflows-based-on-logs-analysis-mu9c9o
2025-08-19T16:05:41.5789485Z  * [new branch]        codex/fix-ci-workflows-for-green-status -> origin/codex/fix-ci-workflows-for-green-status
2025-08-19T16:05:41.5791673Z  * [new branch]        codex/implement-ingest/etl-tests-pr#2 -> origin/codex/implement-ingest/etl-tests-pr#2
2025-08-19T16:05:41.5794998Z  * [new branch]        codex/implement-pr#3-api-roi-filters-and-/score-endpoint -> origin/codex/implement-pr#3-api-roi-filters-and-/score-endpoint
2025-08-19T16:05:41.5796894Z  * [new branch]        codex/implement-pr#4-fees-integrators-features -> origin/codex/implement-pr#4-fees-integrators-features
2025-08-19T16:05:41.5799203Z  * [new branch]        codex/implement-targeted-ci-fixes-for-green-builds -> origin/codex/implement-targeted-ci-fixes-for-green-builds
2025-08-19T16:05:41.5801255Z  * [new branch]        codex/implement-targeted-fixes-for-ci-workflows -> origin/codex/implement-targeted-fixes-for-ci-workflows
2025-08-19T16:05:41.5803208Z  * [new branch]        codex/implement-testing-infrastructure-updates -> origin/codex/implement-testing-infrastructure-updates
2025-08-19T16:05:41.5805001Z  * [new branch]        gh-pages   -> origin/gh-pages
2025-08-19T16:05:41.5807290Z  * [new branch]        main       -> origin/main
2025-08-19T16:05:41.5808511Z  * [new tag]           0.3.0      -> 0.3.0
2025-08-19T16:05:41.5844578Z [command]/usr/bin/git branch --list --remote origin/main
2025-08-19T16:05:41.5868091Z   origin/main
2025-08-19T16:05:41.5877305Z [command]/usr/bin/git rev-parse refs/remotes/origin/main
2025-08-19T16:05:41.5897218Z 3777cfca6e9d097e2508748e9dba6933bb7693d1
2025-08-19T16:05:41.5902197Z ##[endgroup]
2025-08-19T16:05:41.5902644Z ##[group]Determining the checkout info
2025-08-19T16:05:41.5903656Z ##[endgroup]
2025-08-19T16:05:41.5907950Z [command]/usr/bin/git sparse-checkout disable
2025-08-19T16:05:41.5942938Z [command]/usr/bin/git config --local --unset-all extensions.worktreeConfig
2025-08-19T16:05:41.5971485Z ##[group]Checking out the ref
2025-08-19T16:05:41.5976927Z [command]/usr/bin/git checkout --progress --force -B main refs/remotes/origin/main
2025-08-19T16:05:41.6425360Z Switched to a new branch 'main'
2025-08-19T16:05:41.6428141Z branch 'main' set up to track 'origin/main'.
2025-08-19T16:05:41.6440865Z ##[endgroup]
2025-08-19T16:05:41.6476211Z [command]/usr/bin/git log -1 --format=%H
2025-08-19T16:05:41.6498495Z 3777cfca6e9d097e2508748e9dba6933bb7693d1
2025-08-19T16:05:41.6660044Z ##[group]Run cat .env.ci >> "$GITHUB_ENV"
2025-08-19T16:05:41.6660383Z [36;1mcat .env.ci >> "$GITHUB_ENV"[0m
2025-08-19T16:05:41.6661083Z [36;1mecho "DATABASE_URL=***localhost:5432/awa" >> "$GITHUB_ENV"[0m
2025-08-19T16:05:41.6661425Z [36;1mecho "PG_HOST=localhost" >> "$GITHUB_ENV"[0m
2025-08-19T16:05:41.6661725Z [36;1mecho "PG_PORT=5432" >> "$GITHUB_ENV"[0m
2025-08-19T16:05:41.6662004Z [36;1mecho "PG_USER=postgres" >> "$GITHUB_ENV"[0m
2025-08-19T16:05:41.6662284Z [36;1mecho "PG_PASSWORD=pass" >> "$GITHUB_ENV"[0m
2025-08-19T16:05:41.6662576Z [36;1mecho "PG_DATABASE=awa" >> "$GITHUB_ENV"[0m
2025-08-19T16:05:41.6662835Z [36;1mecho "TESTING=1" >> "$GITHUB_ENV"[0m
2025-08-19T16:05:41.6707208Z shell: /usr/bin/bash -e {0}
2025-08-19T16:05:41.6707442Z env:
2025-08-19T16:05:41.6707639Z   REDIS_URL: redis://localhost:6379/0
2025-08-19T16:05:41.6707902Z   RATE_LIMIT_DEFAULT: 100/minute
2025-08-19T16:05:41.6708117Z   TRUST_X_FORWARDED: 1
2025-08-19T16:05:41.6708344Z ##[endgroup]
2025-08-19T16:05:41.6873026Z ##[group]Run actions/setup-python@v5
2025-08-19T16:05:41.6873278Z with:
2025-08-19T16:05:41.6873450Z   python-version: 3.12
2025-08-19T16:05:41.6873640Z   cache: pip
2025-08-19T16:05:41.6874658Z   cache-dependency-path: requirements-dev.txt
services/etl/requirements.txt
services/api/requirements.txt
services/repricer/requirements.txt
services/fees_h10/requirements.txt
services/alert_bot/requirements.txt

2025-08-19T16:05:41.6875495Z   check-latest: false
2025-08-19T16:05:41.6875800Z   token: ***
2025-08-19T16:05:41.6875985Z   update-environment: true
2025-08-19T16:05:41.6876202Z   allow-prereleases: false
2025-08-19T16:05:41.6876398Z   freethreaded: false
2025-08-19T16:05:41.6876576Z env:
2025-08-19T16:05:41.6876756Z   REDIS_URL: redis://localhost:6379/0
2025-08-19T16:05:41.6877007Z   RATE_LIMIT_DEFAULT: 100/minute
2025-08-19T16:05:41.6877212Z   TRUST_X_FORWARDED: 1
2025-08-19T16:05:41.6877399Z   PG_USER: postgres
2025-08-19T16:05:41.6877578Z   PG_PASSWORD: pass
2025-08-19T16:05:41.6877796Z   PG_DATABASE: awa
2025-08-19T16:05:41.6877970Z   PG_HOST: localhost
2025-08-19T16:05:41.6878152Z   PG_PORT: 5432
2025-08-19T16:05:41.6878593Z   PG_SYNC_DSN: ***localhost:5432/awa
2025-08-19T16:05:41.6879032Z   PG_ASYNC_DSN: ***localhost:5432/awa
2025-08-19T16:05:41.6879408Z   DATABASE_URL: ***localhost:5432/awa
2025-08-19T16:05:41.6879839Z   DATA_DIR: /tmp/awa-data
2025-08-19T16:05:41.6880033Z   ENABLE_LIVE: 0
2025-08-19T16:05:41.6880202Z   TESTING: 1
2025-08-19T16:05:41.6880365Z ##[endgroup]
2025-08-19T16:05:41.8511605Z ##[group]Installed versions
2025-08-19T16:05:41.8589938Z Successfully set up CPython (3.12.11)
2025-08-19T16:05:41.8590594Z ##[endgroup]
2025-08-19T16:05:41.8937827Z [command]/opt/hostedtoolcache/Python/3.12.11/x64/bin/pip cache dir
2025-08-19T16:05:43.4775374Z /home/runner/.cache/pip
2025-08-19T16:05:43.6220774Z Cache hit for: setup-python-Linux-x64-24.04-Ubuntu-python-3.12.11-pip-edce5793189406e0b5b9cd9ea574e3bf8289359be80b5a6fe61ed71104e9dd3a
2025-08-19T16:05:44.7723507Z Received 121634816 of 337355326 (36.1%), 115.9 MBs/sec
2025-08-19T16:05:45.7721668Z Received 297795584 of 337355326 (88.3%), 142.0 MBs/sec
2025-08-19T16:05:45.9773366Z Received 337355326 of 337355326 (100.0%), 145.8 MBs/sec
2025-08-19T16:05:45.9775145Z Cache Size: ~322 MB (337355326 B)
2025-08-19T16:05:45.9890118Z [command]/usr/bin/tar -xf /home/runner/work/_temp/3499502d-c307-44b0-b6e8-e687b2ed1e34/cache.tzst -P -C /home/runner/work/AWA-App/AWA-App --use-compress-program unzstd
2025-08-19T16:05:46.5358881Z Cache restored successfully
2025-08-19T16:05:46.5993452Z Cache restored from key: setup-python-Linux-x64-24.04-Ubuntu-python-3.12.11-pip-1a2c1eba01aa989118745ebc107b237c3114a9299ab8242dd6835b1f7adfbb96
2025-08-19T16:05:46.6702488Z ##[group]Run actions/cache@v4
2025-08-19T16:05:46.6702748Z with:
2025-08-19T16:05:46.6702969Z   path: ~/.cache/pip
.pytest_cache
~/.ruff_cache

2025-08-19T16:05:46.6703397Z   key: Linux-test-29fc3204f837bce43d81586a404709764a9accd1f738d0c33a52a32bf7a0c312
2025-08-19T16:05:46.6703788Z   restore-keys: Linux-test-
2025-08-19T16:05:46.6704244Z   enableCrossOsArchive: false
2025-08-19T16:05:46.6704477Z   fail-on-cache-miss: false
2025-08-19T16:05:46.6704679Z   lookup-only: false
2025-08-19T16:05:46.6704870Z   save-always: false
2025-08-19T16:05:46.6705045Z env:
2025-08-19T16:05:46.6705245Z   REDIS_URL: redis://localhost:6379/0
2025-08-19T16:05:46.6705515Z   RATE_LIMIT_DEFAULT: 100/minute
2025-08-19T16:05:46.6705739Z   TRUST_X_FORWARDED: 1
2025-08-19T16:05:46.6705928Z   PG_USER: postgres
2025-08-19T16:05:46.6706121Z   PG_PASSWORD: pass
2025-08-19T16:05:46.6706305Z   PG_DATABASE: awa
2025-08-19T16:05:46.6706481Z   PG_HOST: localhost
2025-08-19T16:05:46.6706664Z   PG_PORT: 5432
2025-08-19T16:05:46.6707307Z   PG_SYNC_DSN: ***localhost:5432/awa
2025-08-19T16:05:46.6707776Z   PG_ASYNC_DSN: ***localhost:5432/awa
2025-08-19T16:05:46.6708172Z   DATABASE_URL: ***localhost:5432/awa
2025-08-19T16:05:46.6708405Z   DATA_DIR: /tmp/awa-data
2025-08-19T16:05:46.6708610Z   ENABLE_LIVE: 0
2025-08-19T16:05:46.6708783Z   TESTING: 1
2025-08-19T16:05:46.6709014Z   pythonLocation: /opt/hostedtoolcache/Python/3.12.11/x64
2025-08-19T16:05:46.6709416Z   PKG_CONFIG_PATH: /opt/hostedtoolcache/Python/3.12.11/x64/lib/pkgconfig
2025-08-19T16:05:46.6709805Z   Python_ROOT_DIR: /opt/hostedtoolcache/Python/3.12.11/x64
2025-08-19T16:05:46.6710166Z   Python2_ROOT_DIR: /opt/hostedtoolcache/Python/3.12.11/x64
2025-08-19T16:05:46.6710513Z   Python3_ROOT_DIR: /opt/hostedtoolcache/Python/3.12.11/x64
2025-08-19T16:05:46.6710881Z   LD_LIBRARY_PATH: /opt/hostedtoolcache/Python/3.12.11/x64/lib
2025-08-19T16:05:46.6711170Z ##[endgroup]
2025-08-19T16:05:46.9266337Z Cache hit for restore-key: Linux-test-5c3d480d6175935105d05087e2095fdd6d5a07314b4edbb51e23097b8cb58d36
2025-08-19T16:05:48.0699215Z Received 121634816 of 337360050 (36.1%), 116.0 MBs/sec
2025-08-19T16:05:49.0699791Z Received 268435456 of 337360050 (79.6%), 128.0 MBs/sec
2025-08-19T16:05:49.4085466Z Received 337360050 of 337360050 (100.0%), 137.6 MBs/sec
2025-08-19T16:05:49.4087963Z Cache Size: ~322 MB (337360050 B)
2025-08-19T16:05:49.4188648Z [command]/usr/bin/tar -xf /home/runner/work/_temp/ae5db162-0260-4eda-8bfa-1df00093c3ed/cache.tzst -P -C /home/runner/work/AWA-App/AWA-App --use-compress-program unzstd
2025-08-19T16:05:50.0499669Z Cache restored successfully
2025-08-19T16:05:50.1260448Z Cache restored from key: Linux-test-5c3d480d6175935105d05087e2095fdd6d5a07314b4edbb51e23097b8cb58d36
2025-08-19T16:05:50.1378625Z ##[group]Run pip install -r services/etl/requirements.txt
2025-08-19T16:05:50.1379280Z [36;1mpip install -r services/etl/requirements.txt[0m
2025-08-19T16:05:50.1379838Z [36;1mpip install -r services/api/requirements.txt[0m
2025-08-19T16:05:50.1380407Z [36;1mpip install -r services/repricer/requirements.txt[0m
2025-08-19T16:05:50.1380996Z [36;1mpip install -r services/fees_h10/requirements.txt[0m
2025-08-19T16:05:50.1381590Z [36;1mpip install -r services/alert_bot/requirements.txt[0m
2025-08-19T16:05:50.1382140Z [36;1mpip install -r requirements-dev.txt[0m
2025-08-19T16:05:50.1382603Z [36;1mpip install asyncpg[0m
2025-08-19T16:05:50.1382992Z [36;1mpip install pytest[0m
2025-08-19T16:05:50.1383398Z [36;1mpip install keepa==1.3.15 minio==7.1.15[0m
2025-08-19T16:05:50.1436769Z shell: /usr/bin/bash -e {0}
2025-08-19T16:05:50.1437128Z env:
2025-08-19T16:05:50.1437465Z   REDIS_URL: redis://localhost:6379/0
2025-08-19T16:05:50.1437901Z   RATE_LIMIT_DEFAULT: 100/minute
2025-08-19T16:05:50.1438322Z   TRUST_X_FORWARDED: 1
2025-08-19T16:05:50.1438650Z   PG_USER: postgres
2025-08-19T16:05:50.1438962Z   PG_PASSWORD: pass
2025-08-19T16:05:50.1439272Z   PG_DATABASE: awa
2025-08-19T16:05:50.1439581Z   PG_HOST: localhost
2025-08-19T16:05:50.1439894Z   PG_PORT: 5432
2025-08-19T16:05:50.1440532Z   PG_SYNC_DSN: ***localhost:5432/awa
2025-08-19T16:05:50.1441194Z   PG_ASYNC_DSN: ***localhost:5432/awa
2025-08-19T16:05:50.1441843Z   DATABASE_URL: ***localhost:5432/awa
2025-08-19T16:05:50.1442244Z   DATA_DIR: /tmp/awa-data
2025-08-19T16:05:50.1442575Z   ENABLE_LIVE: 0
2025-08-19T16:05:50.1442870Z   TESTING: 1
2025-08-19T16:05:50.1443266Z   pythonLocation: /opt/hostedtoolcache/Python/3.12.11/x64
2025-08-19T16:05:50.1444115Z   PKG_CONFIG_PATH: /opt/hostedtoolcache/Python/3.12.11/x64/lib/pkgconfig
2025-08-19T16:05:50.1444771Z   Python_ROOT_DIR: /opt/hostedtoolcache/Python/3.12.11/x64
2025-08-19T16:05:50.1445361Z   Python2_ROOT_DIR: /opt/hostedtoolcache/Python/3.12.11/x64
2025-08-19T16:05:50.1445957Z   Python3_ROOT_DIR: /opt/hostedtoolcache/Python/3.12.11/x64
2025-08-19T16:05:50.1446543Z   LD_LIBRARY_PATH: /opt/hostedtoolcache/Python/3.12.11/x64/lib
2025-08-19T16:05:50.1447026Z ##[endgroup]
2025-08-19T16:05:51.1991642Z Collecting keepa==1.3.14 (from -r services/etl/requirements.txt (line 1))
2025-08-19T16:05:51.2006021Z   Using cached keepa-1.3.14-py3-none-any.whl.metadata (10 kB)
2025-08-19T16:05:51.2405914Z Collecting minio==7.1.15 (from -r services/etl/requirements.txt (line 2))
2025-08-19T16:05:51.2417438Z   Using cached minio-7.1.15-py3-none-any.whl.metadata (4.2 kB)
2025-08-19T16:05:51.2763231Z Collecting celery==5.3.* (from -r services/etl/requirements.txt (line 3))
2025-08-19T16:05:51.2774607Z   Using cached celery-5.3.6-py3-none-any.whl.metadata (21 kB)
2025-08-19T16:05:51.3293369Z Collecting redis==5.* (from -r services/etl/requirements.txt (line 4))
2025-08-19T16:05:51.3304618Z   Using cached redis-5.3.1-py3-none-any.whl.metadata (9.2 kB)
2025-08-19T16:05:51.3846413Z Collecting python-amazon-sp-api==0.8.0 (from -r services/etl/requirements.txt (line 5))
2025-08-19T16:05:51.3857718Z   Using cached python_amazon_sp_api-0.8.0-py3-none-any.whl.metadata (3.2 kB)
2025-08-19T16:05:51.4076151Z Collecting pydantic-settings==2.2.1 (from -r services/etl/requirements.txt (line 6))
2025-08-19T16:05:51.4087298Z   Using cached pydantic_settings-2.2.1-py3-none-any.whl.metadata (3.1 kB)
2025-08-19T16:05:51.5714389Z Collecting numpy<2 (from -r services/etl/requirements.txt (line 7))
2025-08-19T16:05:51.5726515Z   Using cached numpy-1.26.4-cp312-cp312-manylinux_2_17_x86_64.manylinux2014_x86_64.whl.metadata (61 kB)
2025-08-19T16:05:51.6841074Z Collecting pandas==2.2.* (from -r services/etl/requirements.txt (line 8))
2025-08-19T16:05:51.6852671Z   Using cached pandas-2.2.3-cp312-cp312-manylinux_2_17_x86_64.manylinux2014_x86_64.whl.metadata (89 kB)
2025-08-19T16:05:51.7465323Z Collecting pandera==0.19.* (from -r services/etl/requirements.txt (line 9))
2025-08-19T16:05:51.7476820Z   Using cached pandera-0.19.3-py3-none-any.whl.metadata (15 kB)
2025-08-19T16:05:51.7705481Z Collecting openpyxl==3.1.* (from -r services/etl/requirements.txt (line 10))
2025-08-19T16:05:51.7716796Z   Using cached openpyxl-3.1.5-py2.py3-none-any.whl.metadata (2.5 kB)
2025-08-19T16:05:51.8291618Z Collecting psycopg2-binary==2.9.* (from -r services/etl/requirements.txt (line 11))
2025-08-19T16:05:51.8303236Z   Using cached psycopg2_binary-2.9.10-cp312-cp312-manylinux_2_17_x86_64.manylinux2014_x86_64.whl.metadata (4.9 kB)
2025-08-19T16:05:51.8648338Z Collecting requests>=2.2 (from keepa==1.3.14->-r services/etl/requirements.txt (line 1))
2025-08-19T16:05:51.8659763Z   Using cached requests-2.32.5-py3-none-any.whl.metadata (4.9 kB)
2025-08-19T16:05:51.8990611Z Collecting tqdm (from keepa==1.3.14->-r services/etl/requirements.txt (line 1))
2025-08-19T16:05:51.9001755Z   Using cached tqdm-4.67.1-py3-none-any.whl.metadata (57 kB)
2025-08-19T16:05:52.4021372Z Collecting aiohttp (from keepa==1.3.14->-r services/etl/requirements.txt (line 1))
2025-08-19T16:05:52.4039894Z   Using cached aiohttp-3.12.15-cp312-cp312-manylinux_2_17_x86_64.manylinux2014_x86_64.whl.metadata (7.7 kB)
2025-08-19T16:05:52.5219031Z Collecting pydantic (from keepa==1.3.14->-r services/etl/requirements.txt (line 1))
2025-08-19T16:05:52.5231015Z   Using cached pydantic-2.11.7-py3-none-any.whl.metadata (67 kB)
2025-08-19T16:05:52.5454650Z Collecting certifi (from minio==7.1.15->-r services/etl/requirements.txt (line 2))
2025-08-19T16:05:52.5466379Z   Using cached certifi-2025.8.3-py3-none-any.whl.metadata (2.4 kB)
2025-08-19T16:05:52.5694164Z Collecting urllib3 (from minio==7.1.15->-r services/etl/requirements.txt (line 2))
2025-08-19T16:05:52.5705629Z   Using cached urllib3-2.5.0-py3-none-any.whl.metadata (6.5 kB)
2025-08-19T16:05:52.5840547Z Collecting six<2,>=1.15 (from python-amazon-sp-api==0.8.0->-r services/etl/requirements.txt (line 5))
2025-08-19T16:05:52.5852530Z   Using cached six-1.17.0-py2.py3-none-any.whl.metadata (1.7 kB)
2025-08-19T16:05:52.9760756Z Collecting boto3<2,>=1.16.39 (from python-amazon-sp-api==0.8.0->-r services/etl/requirements.txt (line 5))
2025-08-19T16:05:52.9772855Z   Using cached boto3-1.40.12-py3-none-any.whl.metadata (6.7 kB)
2025-08-19T16:05:52.9949813Z Collecting cachetools~=4.2.0 (from python-amazon-sp-api==0.8.0->-r services/etl/requirements.txt (line 5))
2025-08-19T16:05:52.9960852Z   Using cached cachetools-4.2.4-py3-none-any.whl.metadata (4.8 kB)
2025-08-19T16:05:53.0731935Z Collecting pycryptodome (from python-amazon-sp-api==0.8.0->-r services/etl/requirements.txt (line 5))
2025-08-19T16:05:53.0743206Z   Using cached pycryptodome-3.23.0-cp37-abi3-manylinux_2_17_x86_64.manylinux2014_x86_64.whl.metadata (3.4 kB)
2025-08-19T16:05:53.1069112Z Collecting pytz (from python-amazon-sp-api==0.8.0->-r services/etl/requirements.txt (line 5))
2025-08-19T16:05:53.1079951Z   Using cached pytz-2025.2-py2.py3-none-any.whl.metadata (22 kB)
2025-08-19T16:05:53.1200005Z Collecting confuse~=1.4.0 (from python-amazon-sp-api==0.8.0->-r services/etl/requirements.txt (line 5))
2025-08-19T16:05:53.1210830Z   Using cached confuse-1.4.0-py2.py3-none-any.whl.metadata (3.8 kB)
2025-08-19T16:05:53.1467006Z Collecting python-dotenv>=0.21.0 (from pydantic-settings==2.2.1->-r services/etl/requirements.txt (line 6))
2025-08-19T16:05:53.1478012Z   Using cached python_dotenv-1.1.1-py3-none-any.whl.metadata (24 kB)
2025-08-19T16:05:53.1669530Z Collecting billiard<5.0,>=4.2.0 (from celery==5.3.*->-r services/etl/requirements.txt (line 3))
2025-08-19T16:05:53.1680088Z   Using cached billiard-4.2.1-py3-none-any.whl.metadata (4.4 kB)
2025-08-19T16:05:53.1811327Z Collecting click-didyoumean>=0.3.0 (from celery==5.3.*->-r services/etl/requirements.txt (line 3))
2025-08-19T16:05:53.1822353Z   Using cached click_didyoumean-0.3.1-py3-none-any.whl.metadata (3.9 kB)
2025-08-19T16:05:53.1907649Z Collecting click-plugins>=1.1.1 (from celery==5.3.*->-r services/etl/requirements.txt (line 3))
2025-08-19T16:05:53.1918522Z   Using cached click_plugins-1.1.1.2-py2.py3-none-any.whl.metadata (6.5 kB)
2025-08-19T16:05:53.2009040Z Collecting click-repl>=0.2.0 (from celery==5.3.*->-r services/etl/requirements.txt (line 3))
2025-08-19T16:05:53.2019580Z   Using cached click_repl-0.3.0-py3-none-any.whl.metadata (3.6 kB)
2025-08-19T16:05:53.2185425Z Collecting click<9.0,>=8.1.2 (from celery==5.3.*->-r services/etl/requirements.txt (line 3))
2025-08-19T16:05:53.2196432Z   Using cached click-8.2.1-py3-none-any.whl.metadata (2.5 kB)
2025-08-19T16:05:53.2503059Z Collecting kombu<6.0,>=5.3.4 (from celery==5.3.*->-r services/etl/requirements.txt (line 3))
2025-08-19T16:05:53.2514129Z   Using cached kombu-5.5.4-py3-none-any.whl.metadata (3.5 kB)
2025-08-19T16:05:53.2683690Z Collecting python-dateutil>=2.8.2 (from celery==5.3.*->-r services/etl/requirements.txt (line 3))
2025-08-19T16:05:53.2695164Z   Using cached python_dateutil-2.9.0.post0-py2.py3-none-any.whl.metadata (8.4 kB)
2025-08-19T16:05:53.2822229Z Collecting tzdata>=2022.7 (from celery==5.3.*->-r services/etl/requirements.txt (line 3))
2025-08-19T16:05:53.2833522Z   Using cached tzdata-2025.2-py2.py3-none-any.whl.metadata (1.4 kB)
2025-08-19T16:05:53.2958199Z Collecting vine<6.0,>=5.1.0 (from celery==5.3.*->-r services/etl/requirements.txt (line 3))
2025-08-19T16:05:53.2973455Z   Using cached vine-5.1.0-py3-none-any.whl.metadata (2.7 kB)
2025-08-19T16:05:53.3138645Z Collecting PyJWT>=2.9.0 (from redis==5.*->-r services/etl/requirements.txt (line 4))
2025-08-19T16:05:53.3149779Z   Using cached PyJWT-2.10.1-py3-none-any.whl.metadata (4.0 kB)
2025-08-19T16:05:53.3442939Z Collecting multimethod<=1.10.0 (from pandera==0.19.*->-r services/etl/requirements.txt (line 9))
2025-08-19T16:05:53.3454555Z   Using cached multimethod-1.10-py3-none-any.whl.metadata (8.2 kB)
2025-08-19T16:05:53.3698988Z Collecting packaging>=20.0 (from pandera==0.19.*->-r services/etl/requirements.txt (line 9))
2025-08-19T16:05:53.3710339Z   Using cached packaging-25.0-py3-none-any.whl.metadata (3.3 kB)
2025-08-19T16:05:53.3971547Z Collecting typeguard (from pandera==0.19.*->-r services/etl/requirements.txt (line 9))
2025-08-19T16:05:53.3982587Z   Using cached typeguard-4.4.4-py3-none-any.whl.metadata (3.3 kB)
2025-08-19T16:05:53.4079680Z Collecting typing-inspect>=0.6.0 (from pandera==0.19.*->-r services/etl/requirements.txt (line 9))
2025-08-19T16:05:53.4090797Z   Using cached typing_inspect-0.9.0-py3-none-any.whl.metadata (1.5 kB)
2025-08-19T16:05:53.5038201Z Collecting wrapt (from pandera==0.19.*->-r services/etl/requirements.txt (line 9))
2025-08-19T16:05:53.5049655Z   Using cached wrapt-1.17.3-cp312-cp312-manylinux1_x86_64.manylinux_2_28_x86_64.manylinux_2_5_x86_64.whl.metadata (6.4 kB)
2025-08-19T16:05:53.5135928Z Collecting et-xmlfile (from openpyxl==3.1.*->-r services/etl/requirements.txt (line 10))
2025-08-19T16:05:53.5147354Z   Using cached et_xmlfile-2.0.0-py3-none-any.whl.metadata (2.7 kB)
2025-08-19T16:05:53.8646852Z Collecting botocore<1.41.0,>=1.40.12 (from boto3<2,>=1.16.39->python-amazon-sp-api==0.8.0->-r services/etl/requirements.txt (line 5))
2025-08-19T16:05:53.8659536Z   Using cached botocore-1.40.12-py3-none-any.whl.metadata (5.7 kB)
2025-08-19T16:05:53.8785290Z Collecting jmespath<2.0.0,>=0.7.1 (from boto3<2,>=1.16.39->python-amazon-sp-api==0.8.0->-r services/etl/requirements.txt (line 5))
2025-08-19T16:05:53.8796455Z   Using cached jmespath-1.0.1-py3-none-any.whl.metadata (7.6 kB)
2025-08-19T16:05:53.8959040Z Collecting s3transfer<0.14.0,>=0.13.0 (from boto3<2,>=1.16.39->python-amazon-sp-api==0.8.0->-r services/etl/requirements.txt (line 5))
2025-08-19T16:05:53.8970496Z   Using cached s3transfer-0.13.1-py3-none-any.whl.metadata (1.7 kB)
2025-08-19T16:05:53.9462567Z Collecting pyyaml (from confuse~=1.4.0->python-amazon-sp-api==0.8.0->-r services/etl/requirements.txt (line 5))
2025-08-19T16:05:53.9475293Z   Using cached PyYAML-6.0.2-cp312-cp312-manylinux_2_17_x86_64.manylinux2014_x86_64.whl.metadata (2.1 kB)
2025-08-19T16:05:53.9663755Z Collecting amqp<6.0.0,>=5.1.1 (from kombu<6.0,>=5.3.4->celery==5.3.*->-r services/etl/requirements.txt (line 3))
2025-08-19T16:05:53.9675429Z   Using cached amqp-5.3.1-py3-none-any.whl.metadata (8.9 kB)
2025-08-19T16:05:54.1849443Z Collecting prompt-toolkit>=3.0.36 (from click-repl>=0.2.0->celery==5.3.*->-r services/etl/requirements.txt (line 3))
2025-08-19T16:05:54.1861063Z   Using cached prompt_toolkit-3.0.51-py3-none-any.whl.metadata (6.4 kB)
2025-08-19T16:05:54.2002752Z Collecting wcwidth (from prompt-toolkit>=3.0.36->click-repl>=0.2.0->celery==5.3.*->-r services/etl/requirements.txt (line 3))
2025-08-19T16:05:54.2013758Z   Using cached wcwidth-0.2.13-py2.py3-none-any.whl.metadata (14 kB)
2025-08-19T16:05:54.2214875Z Collecting annotated-types>=0.6.0 (from pydantic->keepa==1.3.14->-r services/etl/requirements.txt (line 1))
2025-08-19T16:05:54.2226401Z   Using cached annotated_types-0.7.0-py3-none-any.whl.metadata (15 kB)
2025-08-19T16:05:54.8797580Z Collecting pydantic-core==2.33.2 (from pydantic->keepa==1.3.14->-r services/etl/requirements.txt (line 1))
2025-08-19T16:05:54.8810969Z   Using cached pydantic_core-2.33.2-cp312-cp312-manylinux_2_17_x86_64.manylinux2014_x86_64.whl.metadata (6.8 kB)
2025-08-19T16:05:54.8973364Z Collecting typing-extensions>=4.12.2 (from pydantic->keepa==1.3.14->-r services/etl/requirements.txt (line 1))
2025-08-19T16:05:54.8984669Z   Using cached typing_extensions-4.14.1-py3-none-any.whl.metadata (3.0 kB)
2025-08-19T16:05:54.9069334Z Collecting typing-inspection>=0.4.0 (from pydantic->keepa==1.3.14->-r services/etl/requirements.txt (line 1))
2025-08-19T16:05:54.9080815Z   Using cached typing_inspection-0.4.1-py3-none-any.whl.metadata (2.6 kB)
2025-08-19T16:05:54.9933170Z Collecting charset_normalizer<4,>=2 (from requests>=2.2->keepa==1.3.14->-r services/etl/requirements.txt (line 1))
2025-08-19T16:05:54.9945526Z   Using cached charset_normalizer-3.4.3-cp312-cp312-manylinux2014_x86_64.manylinux_2_17_x86_64.manylinux_2_28_x86_64.whl.metadata (36 kB)
2025-08-19T16:05:55.0097221Z Collecting idna<4,>=2.5 (from requests>=2.2->keepa==1.3.14->-r services/etl/requirements.txt (line 1))
2025-08-19T16:05:55.0108717Z   Using cached idna-3.10-py3-none-any.whl.metadata (10 kB)
2025-08-19T16:05:55.0452141Z Collecting mypy-extensions>=0.3.0 (from typing-inspect>=0.6.0->pandera==0.19.*->-r services/etl/requirements.txt (line 9))
2025-08-19T16:05:55.0463574Z   Using cached mypy_extensions-1.1.0-py3-none-any.whl.metadata (1.1 kB)
2025-08-19T16:05:55.0758355Z Collecting aiohappyeyeballs>=2.5.0 (from aiohttp->keepa==1.3.14->-r services/etl/requirements.txt (line 1))
2025-08-19T16:05:55.0769787Z   Using cached aiohappyeyeballs-2.6.1-py3-none-any.whl.metadata (5.9 kB)
2025-08-19T16:05:55.0855581Z Collecting aiosignal>=1.4.0 (from aiohttp->keepa==1.3.14->-r services/etl/requirements.txt (line 1))
2025-08-19T16:05:55.0867092Z   Using cached aiosignal-1.4.0-py3-none-any.whl.metadata (3.7 kB)
2025-08-19T16:05:55.1002830Z Collecting attrs>=17.3.0 (from aiohttp->keepa==1.3.14->-r services/etl/requirements.txt (line 1))
2025-08-19T16:05:55.1014317Z   Using cached attrs-25.3.0-py3-none-any.whl.metadata (10 kB)
2025-08-19T16:05:55.1681221Z Collecting frozenlist>=1.1.1 (from aiohttp->keepa==1.3.14->-r services/etl/requirements.txt (line 1))
2025-08-19T16:05:55.1693315Z   Using cached frozenlist-1.7.0-cp312-cp312-manylinux_2_5_x86_64.manylinux1_x86_64.manylinux_2_17_x86_64.manylinux2014_x86_64.whl.metadata (18 kB)
2025-08-19T16:05:55.3866446Z Collecting multidict<7.0,>=4.5 (from aiohttp->keepa==1.3.14->-r services/etl/requirements.txt (line 1))
2025-08-19T16:05:55.3879520Z   Using cached multidict-6.6.4-cp312-cp312-manylinux2014_x86_64.manylinux_2_17_x86_64.manylinux_2_28_x86_64.whl.metadata (5.3 kB)
2025-08-19T16:05:55.4286713Z Collecting propcache>=0.2.0 (from aiohttp->keepa==1.3.14->-r services/etl/requirements.txt (line 1))
2025-08-19T16:05:55.4298744Z   Using cached propcache-0.3.2-cp312-cp312-manylinux_2_17_x86_64.manylinux2014_x86_64.whl.metadata (12 kB)
2025-08-19T16:05:55.7349050Z Collecting yarl<2.0,>=1.17.0 (from aiohttp->keepa==1.3.14->-r services/etl/requirements.txt (line 1))
2025-08-19T16:05:55.7362916Z   Using cached yarl-1.20.1-cp312-cp312-manylinux_2_17_x86_64.manylinux2014_x86_64.whl.metadata (73 kB)
2025-08-19T16:05:55.7954934Z Using cached keepa-1.3.14-py3-none-any.whl (33 kB)
2025-08-19T16:05:55.7966474Z Using cached minio-7.1.15-py3-none-any.whl (77 kB)
2025-08-19T16:05:55.7978318Z Using cached python_amazon_sp_api-0.8.0-py3-none-any.whl (93 kB)
2025-08-19T16:05:55.7990105Z Using cached pydantic_settings-2.2.1-py3-none-any.whl (13 kB)
2025-08-19T16:05:55.8001334Z Using cached celery-5.3.6-py3-none-any.whl (422 kB)
2025-08-19T16:05:55.8015303Z Using cached redis-5.3.1-py3-none-any.whl (272 kB)
2025-08-19T16:05:55.8029195Z Using cached numpy-1.26.4-cp312-cp312-manylinux_2_17_x86_64.manylinux2014_x86_64.whl (18.0 MB)
2025-08-19T16:05:55.8170726Z Using cached pandas-2.2.3-cp312-cp312-manylinux_2_17_x86_64.manylinux2014_x86_64.whl (12.7 MB)
2025-08-19T16:05:55.8273388Z Using cached pandera-0.19.3-py3-none-any.whl (251 kB)
2025-08-19T16:05:55.8286356Z Using cached openpyxl-3.1.5-py2.py3-none-any.whl (250 kB)
2025-08-19T16:05:55.8299512Z Using cached psycopg2_binary-2.9.10-cp312-cp312-manylinux_2_17_x86_64.manylinux2014_x86_64.whl (3.0 MB)
2025-08-19T16:05:55.8332358Z Using cached billiard-4.2.1-py3-none-any.whl (86 kB)
2025-08-19T16:05:55.8343844Z Using cached boto3-1.40.12-py3-none-any.whl (140 kB)
2025-08-19T16:05:55.8356103Z Using cached botocore-1.40.12-py3-none-any.whl (14.0 MB)
2025-08-19T16:05:55.8467058Z Using cached cachetools-4.2.4-py3-none-any.whl (10 kB)
2025-08-19T16:05:55.8478154Z Using cached click-8.2.1-py3-none-any.whl (102 kB)
2025-08-19T16:05:55.8489902Z Using cached confuse-1.4.0-py2.py3-none-any.whl (21 kB)
2025-08-19T16:05:55.8500986Z Using cached jmespath-1.0.1-py3-none-any.whl (20 kB)
2025-08-19T16:05:55.8512000Z Using cached kombu-5.5.4-py3-none-any.whl (210 kB)
2025-08-19T16:05:55.8524321Z Using cached vine-5.1.0-py3-none-any.whl (9.6 kB)
2025-08-19T16:05:55.8535194Z Using cached amqp-5.3.1-py3-none-any.whl (50 kB)
2025-08-19T16:05:55.8546325Z Using cached multimethod-1.10-py3-none-any.whl (9.9 kB)
2025-08-19T16:05:55.8557556Z Using cached python_dateutil-2.9.0.post0-py2.py3-none-any.whl (229 kB)
2025-08-19T16:05:55.8569948Z Using cached s3transfer-0.13.1-py3-none-any.whl (85 kB)
2025-08-19T16:05:55.8581446Z Using cached six-1.17.0-py2.py3-none-any.whl (11 kB)
2025-08-19T16:05:55.8592392Z Using cached urllib3-2.5.0-py3-none-any.whl (129 kB)
2025-08-19T16:05:55.8604305Z Using cached click_didyoumean-0.3.1-py3-none-any.whl (3.6 kB)
2025-08-19T16:05:55.8615248Z Using cached click_plugins-1.1.1.2-py2.py3-none-any.whl (11 kB)
2025-08-19T16:05:55.8626149Z Using cached click_repl-0.3.0-py3-none-any.whl (10 kB)
2025-08-19T16:05:55.8637126Z Using cached packaging-25.0-py3-none-any.whl (66 kB)
2025-08-19T16:05:55.8649328Z Using cached prompt_toolkit-3.0.51-py3-none-any.whl (387 kB)
2025-08-19T16:05:55.8663082Z Using cached pydantic-2.11.7-py3-none-any.whl (444 kB)
2025-08-19T16:05:55.8677842Z Using cached pydantic_core-2.33.2-cp312-cp312-manylinux_2_17_x86_64.manylinux2014_x86_64.whl (2.0 MB)
2025-08-19T16:05:55.8703286Z Using cached annotated_types-0.7.0-py3-none-any.whl (13 kB)
2025-08-19T16:05:55.8714590Z Using cached PyJWT-2.10.1-py3-none-any.whl (22 kB)
2025-08-19T16:05:55.8725883Z Using cached python_dotenv-1.1.1-py3-none-any.whl (20 kB)
2025-08-19T16:05:55.8737079Z Using cached pytz-2025.2-py2.py3-none-any.whl (509 kB)
2025-08-19T16:05:55.8751619Z Using cached requests-2.32.5-py3-none-any.whl (64 kB)
2025-08-19T16:05:55.8763649Z Using cached charset_normalizer-3.4.3-cp312-cp312-manylinux2014_x86_64.manylinux_2_17_x86_64.manylinux_2_28_x86_64.whl (151 kB)
2025-08-19T16:05:55.8775524Z Using cached idna-3.10-py3-none-any.whl (70 kB)
2025-08-19T16:05:55.8786999Z Using cached certifi-2025.8.3-py3-none-any.whl (161 kB)
2025-08-19T16:05:55.8798999Z Using cached typing_extensions-4.14.1-py3-none-any.whl (43 kB)
2025-08-19T16:05:55.8810127Z Using cached typing_inspect-0.9.0-py3-none-any.whl (8.8 kB)
2025-08-19T16:05:55.8821238Z Using cached mypy_extensions-1.1.0-py3-none-any.whl (5.0 kB)
2025-08-19T16:05:55.8832625Z Using cached typing_inspection-0.4.1-py3-none-any.whl (14 kB)
2025-08-19T16:05:55.8843749Z Using cached tzdata-2025.2-py2.py3-none-any.whl (347 kB)
2025-08-19T16:05:55.8857905Z Using cached aiohttp-3.12.15-cp312-cp312-manylinux_2_17_x86_64.manylinux2014_x86_64.whl (1.7 MB)
2025-08-19T16:05:55.8881723Z Using cached multidict-6.6.4-cp312-cp312-manylinux2014_x86_64.manylinux_2_17_x86_64.manylinux_2_28_x86_64.whl (256 kB)
2025-08-19T16:05:55.8894520Z Using cached yarl-1.20.1-cp312-cp312-manylinux_2_17_x86_64.manylinux2014_x86_64.whl (355 kB)
2025-08-19T16:05:55.8908118Z Using cached aiohappyeyeballs-2.6.1-py3-none-any.whl (15 kB)
2025-08-19T16:05:55.8919323Z Using cached aiosignal-1.4.0-py3-none-any.whl (7.5 kB)
2025-08-19T16:05:55.8930428Z Using cached attrs-25.3.0-py3-none-any.whl (63 kB)
2025-08-19T16:05:55.8942471Z Using cached frozenlist-1.7.0-cp312-cp312-manylinux_2_5_x86_64.manylinux1_x86_64.manylinux_2_17_x86_64.manylinux2014_x86_64.whl (241 kB)
2025-08-19T16:05:55.8955485Z Using cached propcache-0.3.2-cp312-cp312-manylinux_2_17_x86_64.manylinux2014_x86_64.whl (224 kB)
2025-08-19T16:05:55.8967772Z Using cached et_xmlfile-2.0.0-py3-none-any.whl (18 kB)
2025-08-19T16:05:55.8979350Z Using cached pycryptodome-3.23.0-cp37-abi3-manylinux_2_17_x86_64.manylinux2014_x86_64.whl (2.3 MB)
2025-08-19T16:05:55.9007775Z Using cached PyYAML-6.0.2-cp312-cp312-manylinux_2_17_x86_64.manylinux2014_x86_64.whl (767 kB)
2025-08-19T16:05:55.9024199Z Using cached tqdm-4.67.1-py3-none-any.whl (78 kB)
2025-08-19T16:05:55.9035633Z Using cached typeguard-4.4.4-py3-none-any.whl (34 kB)
2025-08-19T16:05:55.9046976Z Using cached wcwidth-0.2.13-py2.py3-none-any.whl (34 kB)
2025-08-19T16:05:55.9058670Z Using cached wrapt-1.17.3-cp312-cp312-manylinux1_x86_64.manylinux_2_28_x86_64.manylinux_2_5_x86_64.whl (88 kB)
2025-08-19T16:05:56.1636400Z Installing collected packages: wcwidth, pytz, wrapt, vine, urllib3, tzdata, typing-extensions, tqdm, six, pyyaml, python-dotenv, PyJWT, pycryptodome, psycopg2-binary, propcache, prompt-toolkit, packaging, numpy, mypy-extensions, multimethod, multidict, jmespath, idna, frozenlist, et-xmlfile, click, charset_normalizer, certifi, cachetools, billiard, attrs, annotated-types, aiohappyeyeballs, yarl, typing-inspection, typing-inspect, typeguard, requests, redis, python-dateutil, pydantic-core, openpyxl, minio, confuse, click-repl, click-plugins, click-didyoumean, amqp, aiosignal, pydantic, pandas, kombu, botocore, aiohttp, s3transfer, pydantic-settings, pandera, keepa, celery, boto3, python-amazon-sp-api
2025-08-19T16:06:06.8966088Z 
2025-08-19T16:06:06.9026640Z Successfully installed PyJWT-2.10.1 aiohappyeyeballs-2.6.1 aiohttp-3.12.15 aiosignal-1.4.0 amqp-5.3.1 annotated-types-0.7.0 attrs-25.3.0 billiard-4.2.1 boto3-1.40.12 botocore-1.40.12 cachetools-4.2.4 celery-5.3.6 certifi-2025.8.3 charset_normalizer-3.4.3 click-8.2.1 click-didyoumean-0.3.1 click-plugins-1.1.1.2 click-repl-0.3.0 confuse-1.4.0 et-xmlfile-2.0.0 frozenlist-1.7.0 idna-3.10 jmespath-1.0.1 keepa-1.3.14 kombu-5.5.4 minio-7.1.15 multidict-6.6.4 multimethod-1.10 mypy-extensions-1.1.0 numpy-1.26.4 openpyxl-3.1.5 packaging-25.0 pandas-2.2.3 pandera-0.19.3 prompt-toolkit-3.0.51 propcache-0.3.2 psycopg2-binary-2.9.10 pycryptodome-3.23.0 pydantic-2.11.7 pydantic-core-2.33.2 pydantic-settings-2.2.1 python-amazon-sp-api-0.8.0 python-dateutil-2.9.0.post0 python-dotenv-1.1.1 pytz-2025.2 pyyaml-6.0.2 redis-5.3.1 requests-2.32.5 s3transfer-0.13.1 six-1.17.0 tqdm-4.67.1 typeguard-4.4.4 typing-extensions-4.14.1 typing-inspect-0.9.0 typing-inspection-0.4.1 tzdata-2025.2 urllib3-2.5.0 vine-5.1.0 wcwidth-0.2.13 wrapt-1.17.3 yarl-1.20.1
2025-08-19T16:06:07.7931960Z Collecting uvicorn==0.29.0 (from -r services/api/requirements.txt (line 1))
2025-08-19T16:06:07.7944773Z   Using cached uvicorn-0.29.0-py3-none-any.whl.metadata (6.3 kB)
2025-08-19T16:06:07.7979909Z Requirement already satisfied: pydantic-settings==2.2.1 in /opt/hostedtoolcache/Python/3.12.11/x64/lib/python3.12/site-packages (from -r services/api/requirements.txt (line 2)) (2.2.1)
2025-08-19T16:06:07.8359028Z Collecting fastapi==0.111.0 (from -r services/api/requirements.txt (line 3))
2025-08-19T16:06:07.8370047Z   Using cached fastapi-0.111.0-py3-none-any.whl.metadata (25 kB)
2025-08-19T16:06:08.0975212Z Collecting sqlalchemy==2.0.29 (from -r services/api/requirements.txt (line 4))
2025-08-19T16:06:08.0987629Z   Using cached SQLAlchemy-2.0.29-cp312-cp312-manylinux_2_17_x86_64.manylinux2014_x86_64.whl.metadata (9.6 kB)
2025-08-19T16:06:08.1244405Z Collecting alembic==1.13.1 (from -r services/api/requirements.txt (line 5))
2025-08-19T16:06:08.1255129Z   Using cached alembic-1.13.1-py3-none-any.whl.metadata (7.4 kB)
2025-08-19T16:06:08.1397881Z Collecting psycopg==3.2.9 (from psycopg[binary]==3.2.9->-r services/api/requirements.txt (line 6))
2025-08-19T16:06:08.1408766Z   Using cached psycopg-3.2.9-py3-none-any.whl.metadata (4.5 kB)
2025-08-19T16:06:08.1608599Z Collecting httpx==0.27.2 (from -r services/api/requirements.txt (line 7))
2025-08-19T16:06:08.1619900Z   Using cached httpx-0.27.2-py3-none-any.whl.metadata (7.1 kB)
2025-08-19T16:06:08.1997199Z Collecting asyncpg==0.29.0 (from -r services/api/requirements.txt (line 8))
2025-08-19T16:06:08.2008357Z   Using cached asyncpg-0.29.0-cp312-cp312-manylinux_2_17_x86_64.manylinux2014_x86_64.whl.metadata (4.4 kB)
2025-08-19T16:06:08.4574648Z Collecting boto3==1.34.162 (from -r services/api/requirements.txt (line 9))
2025-08-19T16:06:08.4586624Z   Using cached boto3-1.34.162-py3-none-any.whl.metadata (6.6 kB)
2025-08-19T16:06:08.4721884Z Collecting Jinja2==3.1.5 (from -r services/api/requirements.txt (line 10))
2025-08-19T16:06:08.4733152Z   Using cached jinja2-3.1.5-py3-none-any.whl.metadata (2.6 kB)
2025-08-19T16:06:08.4751577Z Requirement already satisfied: celery==5.3.* in /opt/hostedtoolcache/Python/3.12.11/x64/lib/python3.12/site-packages (from -r services/api/requirements.txt (line 11)) (5.3.6)
2025-08-19T16:06:08.5061391Z Collecting structlog==24.1.0 (from -r services/api/requirements.txt (line 12))
2025-08-19T16:06:08.5072799Z   Using cached structlog-24.1.0-py3-none-any.whl.metadata (6.9 kB)
2025-08-19T16:06:08.5220908Z Collecting asgi-correlation-id==4.3.1 (from -r services/api/requirements.txt (line 13))
2025-08-19T16:06:08.5232247Z   Using cached asgi_correlation_id-4.3.1-py3-none-any.whl.metadata (28 kB)
2025-08-19T16:06:08.5343192Z Collecting fastapi-limiter==0.1.6 (from -r services/api/requirements.txt (line 14))
2025-08-19T16:06:08.5354622Z   Using cached fastapi_limiter-0.1.6-py3-none-any.whl.metadata (5.3 kB)
2025-08-19T16:06:08.5775364Z Collecting redis==5.0.8 (from -r services/api/requirements.txt (line 15))
2025-08-19T16:06:08.5787502Z   Using cached redis-5.0.8-py3-none-any.whl.metadata (9.2 kB)
2025-08-19T16:06:08.6278126Z Collecting sentry-sdk==2.9.0 (from sentry-sdk[celery,fastapi,sqlalchemy]==2.9.0->-r services/api/requirements.txt (line 16))
2025-08-19T16:06:08.6289645Z   Using cached sentry_sdk-2.9.0-py2.py3-none-any.whl.metadata (14 kB)
2025-08-19T16:06:08.6564380Z Requirement already satisfied: click>=7.0 in /opt/hostedtoolcache/Python/3.12.11/x64/lib/python3.12/site-packages (from uvicorn==0.29.0->-r services/api/requirements.txt (line 1)) (8.2.1)
2025-08-19T16:06:08.6641872Z Collecting h11>=0.8 (from uvicorn==0.29.0->-r services/api/requirements.txt (line 1))
2025-08-19T16:06:08.6653044Z   Using cached h11-0.16.0-py3-none-any.whl.metadata (8.3 kB)
2025-08-19T16:06:08.6681478Z Requirement already satisfied: pydantic>=2.3.0 in /opt/hostedtoolcache/Python/3.12.11/x64/lib/python3.12/site-packages (from pydantic-settings==2.2.1->-r services/api/requirements.txt (line 2)) (2.11.7)
2025-08-19T16:06:08.6687521Z Requirement already satisfied: python-dotenv>=0.21.0 in /opt/hostedtoolcache/Python/3.12.11/x64/lib/python3.12/site-packages (from pydantic-settings==2.2.1->-r services/api/requirements.txt (line 2)) (1.1.1)
2025-08-19T16:06:08.6930992Z Collecting starlette<0.38.0,>=0.37.2 (from fastapi==0.111.0->-r services/api/requirements.txt (line 3))
2025-08-19T16:06:08.6942362Z   Using cached starlette-0.37.2-py3-none-any.whl.metadata (5.9 kB)
2025-08-19T16:06:08.6971284Z Requirement already satisfied: typing-extensions>=4.8.0 in /opt/hostedtoolcache/Python/3.12.11/x64/lib/python3.12/site-packages (from fastapi==0.111.0->-r services/api/requirements.txt (line 3)) (4.14.1)
2025-08-19T16:06:08.7043274Z Collecting fastapi-cli>=0.0.2 (from fastapi==0.111.0->-r services/api/requirements.txt (line 3))
2025-08-19T16:06:08.7054632Z   Using cached fastapi_cli-0.0.8-py3-none-any.whl.metadata (6.3 kB)
2025-08-19T16:06:08.7228177Z Collecting python-multipart>=0.0.7 (from fastapi==0.111.0->-r services/api/requirements.txt (line 3))
2025-08-19T16:06:08.7239479Z   Using cached python_multipart-0.0.20-py3-none-any.whl.metadata (1.8 kB)
2025-08-19T16:06:08.7753529Z Collecting ujson!=4.0.2,!=4.1.0,!=4.2.0,!=4.3.0,!=5.0.0,!=5.1.0,>=4.0.1 (from fastapi==0.111.0->-r services/api/requirements.txt (line 3))
2025-08-19T16:06:08.7765252Z   Using cached ujson-5.10.0-cp312-cp312-manylinux_2_17_x86_64.manylinux2014_x86_64.whl.metadata (9.3 kB)
2025-08-19T16:06:08.9993504Z Collecting orjson>=3.2.1 (from fastapi==0.111.0->-r services/api/requirements.txt (line 3))
2025-08-19T16:06:09.0005829Z   Using cached orjson-3.11.2-cp312-cp312-manylinux_2_17_x86_64.manylinux2014_x86_64.whl.metadata (1.2 kB)
2025-08-19T16:06:09.0113522Z Collecting email_validator>=2.0.0 (from fastapi==0.111.0->-r services/api/requirements.txt (line 3))
2025-08-19T16:06:09.0124869Z   Using cached email_validator-2.2.0-py3-none-any.whl.metadata (25 kB)
2025-08-19T16:06:09.1349067Z Collecting greenlet!=0.4.17 (from sqlalchemy==2.0.29->-r services/api/requirements.txt (line 4))
2025-08-19T16:06:09.1361067Z   Using cached greenlet-3.2.4-cp312-cp312-manylinux_2_24_x86_64.manylinux_2_28_x86_64.whl.metadata (4.1 kB)
2025-08-19T16:06:09.1598210Z Collecting Mako (from alembic==1.13.1->-r services/api/requirements.txt (line 5))
2025-08-19T16:06:09.1609592Z   Using cached mako-1.3.10-py3-none-any.whl.metadata (2.9 kB)
2025-08-19T16:06:09.1794565Z Collecting anyio (from httpx==0.27.2->-r services/api/requirements.txt (line 7))
2025-08-19T16:06:09.1805942Z   Using cached anyio-4.10.0-py3-none-any.whl.metadata (4.0 kB)
2025-08-19T16:06:09.1828170Z Requirement already satisfied: certifi in /opt/hostedtoolcache/Python/3.12.11/x64/lib/python3.12/site-packages (from httpx==0.27.2->-r services/api/requirements.txt (line 7)) (2025.8.3)
2025-08-19T16:06:09.1985238Z Collecting httpcore==1.* (from httpx==0.27.2->-r services/api/requirements.txt (line 7))
2025-08-19T16:06:09.1996659Z   Using cached httpcore-1.0.9-py3-none-any.whl.metadata (21 kB)
2025-08-19T16:06:09.2029631Z Requirement already satisfied: idna in /opt/hostedtoolcache/Python/3.12.11/x64/lib/python3.12/site-packages (from httpx==0.27.2->-r services/api/requirements.txt (line 7)) (3.10)
2025-08-19T16:06:09.2088275Z Collecting sniffio (from httpx==0.27.2->-r services/api/requirements.txt (line 7))
2025-08-19T16:06:09.2099551Z   Using cached sniffio-1.3.1-py3-none-any.whl.metadata (3.9 kB)
2025-08-19T16:06:09.5902541Z Collecting botocore<1.35.0,>=1.34.162 (from boto3==1.34.162->-r services/api/requirements.txt (line 9))
2025-08-19T16:06:09.6088842Z   Using cached botocore-1.34.162-py3-none-any.whl.metadata (5.7 kB)
2025-08-19T16:06:09.6116007Z Requirement already satisfied: jmespath<2.0.0,>=0.7.1 in /opt/hostedtoolcache/Python/3.12.11/x64/lib/python3.12/site-packages (from boto3==1.34.162->-r services/api/requirements.txt (line 9)) (1.0.1)
2025-08-19T16:06:09.6268171Z Collecting s3transfer<0.11.0,>=0.10.0 (from boto3==1.34.162->-r services/api/requirements.txt (line 9))
2025-08-19T16:06:09.6282027Z   Using cached s3transfer-0.10.4-py3-none-any.whl.metadata (1.7 kB)
2025-08-19T16:06:09.6731428Z Collecting MarkupSafe>=2.0 (from Jinja2==3.1.5->-r services/api/requirements.txt (line 10))
2025-08-19T16:06:09.6742992Z   Using cached MarkupSafe-3.0.2-cp312-cp312-manylinux_2_17_x86_64.manylinux2014_x86_64.whl.metadata (4.0 kB)
2025-08-19T16:06:09.6993247Z Requirement already satisfied: urllib3>=1.26.11 in /opt/hostedtoolcache/Python/3.12.11/x64/lib/python3.12/site-packages (from sentry-sdk==2.9.0->sentry-sdk[celery,fastapi,sqlalchemy]==2.9.0->-r services/api/requirements.txt (line 16)) (2.5.0)
2025-08-19T16:06:09.8323129Z Collecting psycopg-binary==3.2.9 (from psycopg[binary]==3.2.9->-r services/api/requirements.txt (line 6))
2025-08-19T16:06:09.8335153Z   Using cached psycopg_binary-3.2.9-cp312-cp312-manylinux_2_17_x86_64.manylinux2014_x86_64.whl.metadata (2.9 kB)
2025-08-19T16:06:09.8654892Z Requirement already satisfied: billiard<5.0,>=4.2.0 in /opt/hostedtoolcache/Python/3.12.11/x64/lib/python3.12/site-packages (from celery==5.3.*->-r services/api/requirements.txt (line 11)) (4.2.1)
2025-08-19T16:06:09.8661595Z Requirement already satisfied: click-didyoumean>=0.3.0 in /opt/hostedtoolcache/Python/3.12.11/x64/lib/python3.12/site-packages (from celery==5.3.*->-r services/api/requirements.txt (line 11)) (0.3.1)
2025-08-19T16:06:09.8668330Z Requirement already satisfied: click-plugins>=1.1.1 in /opt/hostedtoolcache/Python/3.12.11/x64/lib/python3.12/site-packages (from celery==5.3.*->-r services/api/requirements.txt (line 11)) (1.1.1.2)
2025-08-19T16:06:09.8675348Z Requirement already satisfied: click-repl>=0.2.0 in /opt/hostedtoolcache/Python/3.12.11/x64/lib/python3.12/site-packages (from celery==5.3.*->-r services/api/requirements.txt (line 11)) (0.3.0)
2025-08-19T16:06:09.8685592Z Requirement already satisfied: kombu<6.0,>=5.3.4 in /opt/hostedtoolcache/Python/3.12.11/x64/lib/python3.12/site-packages (from celery==5.3.*->-r services/api/requirements.txt (line 11)) (5.5.4)
2025-08-19T16:06:09.8692202Z Requirement already satisfied: python-dateutil>=2.8.2 in /opt/hostedtoolcache/Python/3.12.11/x64/lib/python3.12/site-packages (from celery==5.3.*->-r services/api/requirements.txt (line 11)) (2.9.0.post0)
2025-08-19T16:06:09.8698792Z Requirement already satisfied: tzdata>=2022.7 in /opt/hostedtoolcache/Python/3.12.11/x64/lib/python3.12/site-packages (from celery==5.3.*->-r services/api/requirements.txt (line 11)) (2025.2)
2025-08-19T16:06:09.8706184Z Requirement already satisfied: vine<6.0,>=5.1.0 in /opt/hostedtoolcache/Python/3.12.11/x64/lib/python3.12/site-packages (from celery==5.3.*->-r services/api/requirements.txt (line 11)) (5.1.0)
2025-08-19T16:06:09.8838715Z Requirement already satisfied: amqp<6.0.0,>=5.1.1 in /opt/hostedtoolcache/Python/3.12.11/x64/lib/python3.12/site-packages (from kombu<6.0,>=5.3.4->celery==5.3.*->-r services/api/requirements.txt (line 11)) (5.3.1)
2025-08-19T16:06:09.8850053Z Requirement already satisfied: packaging in /opt/hostedtoolcache/Python/3.12.11/x64/lib/python3.12/site-packages (from kombu<6.0,>=5.3.4->celery==5.3.*->-r services/api/requirements.txt (line 11)) (25.0)
2025-08-19T16:06:09.8914744Z Requirement already satisfied: annotated-types>=0.6.0 in /opt/hostedtoolcache/Python/3.12.11/x64/lib/python3.12/site-packages (from pydantic>=2.3.0->pydantic-settings==2.2.1->-r services/api/requirements.txt (line 2)) (0.7.0)
2025-08-19T16:06:09.8920664Z Requirement already satisfied: pydantic-core==2.33.2 in /opt/hostedtoolcache/Python/3.12.11/x64/lib/python3.12/site-packages (from pydantic>=2.3.0->pydantic-settings==2.2.1->-r services/api/requirements.txt (line 2)) (2.33.2)
2025-08-19T16:06:09.8930827Z Requirement already satisfied: typing-inspection>=0.4.0 in /opt/hostedtoolcache/Python/3.12.11/x64/lib/python3.12/site-packages (from pydantic>=2.3.0->pydantic-settings==2.2.1->-r services/api/requirements.txt (line 2)) (0.4.1)
2025-08-19T16:06:09.8965059Z Requirement already satisfied: six>=1.5 in /opt/hostedtoolcache/Python/3.12.11/x64/lib/python3.12/site-packages (from python-dateutil>=2.8.2->celery==5.3.*->-r services/api/requirements.txt (line 11)) (1.17.0)
2025-08-19T16:06:10.1240378Z Requirement already satisfied: prompt-toolkit>=3.0.36 in /opt/hostedtoolcache/Python/3.12.11/x64/lib/python3.12/site-packages (from click-repl>=0.2.0->celery==5.3.*->-r services/api/requirements.txt (line 11)) (3.0.51)
2025-08-19T16:06:10.1354900Z Collecting dnspython>=2.0.0 (from email_validator>=2.0.0->fastapi==0.111.0->-r services/api/requirements.txt (line 3))
2025-08-19T16:06:10.1366858Z   Using cached dnspython-2.7.0-py3-none-any.whl.metadata (5.8 kB)
2025-08-19T16:06:10.1561159Z Collecting typer>=0.15.1 (from fastapi-cli>=0.0.2->fastapi==0.111.0->-r services/api/requirements.txt (line 3))
2025-08-19T16:06:10.1572538Z   Using cached typer-0.16.1-py3-none-any.whl.metadata (15 kB)
2025-08-19T16:06:10.1814468Z Collecting rich-toolkit>=0.14.8 (from fastapi-cli>=0.0.2->fastapi==0.111.0->-r services/api/requirements.txt (line 3))
2025-08-19T16:06:10.1825611Z   Using cached rich_toolkit-0.15.0-py3-none-any.whl.metadata (1.0 kB)
2025-08-19T16:06:10.1916073Z Requirement already satisfied: wcwidth in /opt/hostedtoolcache/Python/3.12.11/x64/lib/python3.12/site-packages (from prompt-toolkit>=3.0.36->click-repl>=0.2.0->celery==5.3.*->-r services/api/requirements.txt (line 11)) (0.2.13)
2025-08-19T16:06:10.2289251Z Collecting rich>=13.7.1 (from rich-toolkit>=0.14.8->fastapi-cli>=0.0.2->fastapi==0.111.0->-r services/api/requirements.txt (line 3))
2025-08-19T16:06:10.2300689Z   Using cached rich-14.1.0-py3-none-any.whl.metadata (18 kB)
2025-08-19T16:06:10.2457606Z Collecting markdown-it-py>=2.2.0 (from rich>=13.7.1->rich-toolkit>=0.14.8->fastapi-cli>=0.0.2->fastapi==0.111.0->-r services/api/requirements.txt (line 3))
2025-08-19T16:06:10.2468817Z   Using cached markdown_it_py-4.0.0-py3-none-any.whl.metadata (7.3 kB)
2025-08-19T16:06:10.2669753Z Collecting pygments<3.0.0,>=2.13.0 (from rich>=13.7.1->rich-toolkit>=0.14.8->fastapi-cli>=0.0.2->fastapi==0.111.0->-r services/api/requirements.txt (line 3))
2025-08-19T16:06:10.2681060Z   Using cached pygments-2.19.2-py3-none-any.whl.metadata (2.5 kB)
2025-08-19T16:06:10.2782727Z Collecting mdurl~=0.1 (from markdown-it-py>=2.2.0->rich>=13.7.1->rich-toolkit>=0.14.8->fastapi-cli>=0.0.2->fastapi==0.111.0->-r services/api/requirements.txt (line 3))
2025-08-19T16:06:10.2793859Z   Using cached mdurl-0.1.2-py3-none-any.whl.metadata (1.6 kB)
2025-08-19T16:06:10.2961550Z Collecting shellingham>=1.3.0 (from typer>=0.15.1->fastapi-cli>=0.0.2->fastapi==0.111.0->-r services/api/requirements.txt (line 3))
2025-08-19T16:06:10.2974587Z   Using cached shellingham-1.5.4-py2.py3-none-any.whl.metadata (3.5 kB)
2025-08-19T16:06:10.3891235Z Collecting httptools>=0.5.0 (from uvicorn[standard]>=0.12.0->fastapi==0.111.0->-r services/api/requirements.txt (line 3))
2025-08-19T16:06:10.3904947Z   Using cached httptools-0.6.4-cp312-cp312-manylinux_2_5_x86_64.manylinux1_x86_64.manylinux_2_17_x86_64.manylinux2014_x86_64.whl.metadata (3.6 kB)
2025-08-19T16:06:10.3930366Z Requirement already satisfied: pyyaml>=5.1 in /opt/hostedtoolcache/Python/3.12.11/x64/lib/python3.12/site-packages (from uvicorn[standard]>=0.12.0->fastapi==0.111.0->-r services/api/requirements.txt (line 3)) (6.0.2)
2025-08-19T16:06:10.4275868Z Collecting uvloop!=0.15.0,!=0.15.1,>=0.14.0 (from uvicorn[standard]>=0.12.0->fastapi==0.111.0->-r services/api/requirements.txt (line 3))
2025-08-19T16:06:10.4287919Z   Using cached uvloop-0.21.0-cp312-cp312-manylinux_2_17_x86_64.manylinux2014_x86_64.whl.metadata (4.9 kB)
2025-08-19T16:06:10.4959757Z Collecting watchfiles>=0.13 (from uvicorn[standard]>=0.12.0->fastapi==0.111.0->-r services/api/requirements.txt (line 3))
2025-08-19T16:06:10.4971540Z   Using cached watchfiles-1.1.0-cp312-cp312-manylinux_2_17_x86_64.manylinux2014_x86_64.whl.metadata (4.9 kB)
2025-08-19T16:06:10.5790715Z Collecting websockets>=10.4 (from uvicorn[standard]>=0.12.0->fastapi==0.111.0->-r services/api/requirements.txt (line 3))
2025-08-19T16:06:10.5802934Z   Using cached websockets-15.0.1-cp312-cp312-manylinux_2_5_x86_64.manylinux1_x86_64.manylinux_2_17_x86_64.manylinux2014_x86_64.whl.metadata (6.8 kB)
2025-08-19T16:06:10.6073280Z Using cached uvicorn-0.29.0-py3-none-any.whl (60 kB)
2025-08-19T16:06:10.6084897Z Using cached fastapi-0.111.0-py3-none-any.whl (91 kB)
2025-08-19T16:06:10.6096748Z Using cached SQLAlchemy-2.0.29-cp312-cp312-manylinux_2_17_x86_64.manylinux2014_x86_64.whl (3.2 MB)
2025-08-19T16:06:10.6132383Z Using cached alembic-1.13.1-py3-none-any.whl (233 kB)
2025-08-19T16:06:10.6145196Z Using cached psycopg-3.2.9-py3-none-any.whl (202 kB)
2025-08-19T16:06:10.6157594Z Using cached httpx-0.27.2-py3-none-any.whl (76 kB)
2025-08-19T16:06:10.6169122Z Using cached asyncpg-0.29.0-cp312-cp312-manylinux_2_17_x86_64.manylinux2014_x86_64.whl (3.3 MB)
2025-08-19T16:06:10.6205516Z Using cached boto3-1.34.162-py3-none-any.whl (139 kB)
2025-08-19T16:06:10.6217313Z Using cached jinja2-3.1.5-py3-none-any.whl (134 kB)
2025-08-19T16:06:10.6229065Z Using cached structlog-24.1.0-py3-none-any.whl (65 kB)
2025-08-19T16:06:10.6240277Z Using cached asgi_correlation_id-4.3.1-py3-none-any.whl (15 kB)
2025-08-19T16:06:10.6251298Z Using cached fastapi_limiter-0.1.6-py3-none-any.whl (15 kB)
2025-08-19T16:06:10.6262080Z Using cached redis-5.0.8-py3-none-any.whl (255 kB)
2025-08-19T16:06:10.6274864Z Using cached sentry_sdk-2.9.0-py2.py3-none-any.whl (301 kB)
2025-08-19T16:06:10.6288535Z Using cached psycopg_binary-3.2.9-cp312-cp312-manylinux_2_17_x86_64.manylinux2014_x86_64.whl (4.4 MB)
2025-08-19T16:06:10.6332963Z Using cached botocore-1.34.162-py3-none-any.whl (12.5 MB)
2025-08-19T16:06:10.6438494Z Using cached httpcore-1.0.9-py3-none-any.whl (78 kB)
2025-08-19T16:06:10.6449962Z Using cached s3transfer-0.10.4-py3-none-any.whl (83 kB)
2025-08-19T16:06:10.6461323Z Using cached starlette-0.37.2-py3-none-any.whl (71 kB)
2025-08-19T16:06:10.6472618Z Using cached anyio-4.10.0-py3-none-any.whl (107 kB)
2025-08-19T16:06:10.6484529Z Using cached email_validator-2.2.0-py3-none-any.whl (33 kB)
2025-08-19T16:06:10.6495762Z Using cached dnspython-2.7.0-py3-none-any.whl (313 kB)
2025-08-19T16:06:10.6508925Z Using cached fastapi_cli-0.0.8-py3-none-any.whl (10 kB)
2025-08-19T16:06:10.6520188Z Using cached greenlet-3.2.4-cp312-cp312-manylinux_2_24_x86_64.manylinux_2_28_x86_64.whl (607 kB)
2025-08-19T16:06:10.6535478Z Using cached h11-0.16.0-py3-none-any.whl (37 kB)
2025-08-19T16:06:10.6547002Z Using cached MarkupSafe-3.0.2-cp312-cp312-manylinux_2_17_x86_64.manylinux2014_x86_64.whl (23 kB)
2025-08-19T16:06:10.6558219Z Using cached orjson-3.11.2-cp312-cp312-manylinux_2_17_x86_64.manylinux2014_x86_64.whl (121 kB)
2025-08-19T16:06:10.6569871Z Using cached python_multipart-0.0.20-py3-none-any.whl (24 kB)
2025-08-19T16:06:10.6580759Z Using cached rich_toolkit-0.15.0-py3-none-any.whl (29 kB)
2025-08-19T16:06:10.6591706Z Using cached rich-14.1.0-py3-none-any.whl (243 kB)
2025-08-19T16:06:10.6604412Z Using cached pygments-2.19.2-py3-none-any.whl (1.2 MB)
2025-08-19T16:06:10.6624485Z Using cached markdown_it_py-4.0.0-py3-none-any.whl (87 kB)
2025-08-19T16:06:10.6636053Z Using cached mdurl-0.1.2-py3-none-any.whl (10.0 kB)
2025-08-19T16:06:10.6646924Z Using cached sniffio-1.3.1-py3-none-any.whl (10 kB)
2025-08-19T16:06:10.6657783Z Using cached typer-0.16.1-py3-none-any.whl (46 kB)
2025-08-19T16:06:10.6668908Z Using cached shellingham-1.5.4-py2.py3-none-any.whl (9.8 kB)
2025-08-19T16:06:10.6680152Z Using cached ujson-5.10.0-cp312-cp312-manylinux_2_17_x86_64.manylinux2014_x86_64.whl (53 kB)
2025-08-19T16:06:10.6692012Z Using cached httptools-0.6.4-cp312-cp312-manylinux_2_5_x86_64.manylinux1_x86_64.manylinux_2_17_x86_64.manylinux2014_x86_64.whl (510 kB)
2025-08-19T16:06:10.6706807Z Using cached uvloop-0.21.0-cp312-cp312-manylinux_2_17_x86_64.manylinux2014_x86_64.whl (4.7 MB)
2025-08-19T16:06:10.6753643Z Using cached watchfiles-1.1.0-cp312-cp312-manylinux_2_17_x86_64.manylinux2014_x86_64.whl (452 kB)
2025-08-19T16:06:10.6768586Z Using cached websockets-15.0.1-cp312-cp312-manylinux_2_5_x86_64.manylinux1_x86_64.manylinux_2_17_x86_64.manylinux2014_x86_64.whl (182 kB)
2025-08-19T16:06:10.6780478Z Using cached mako-1.3.10-py3-none-any.whl (78 kB)
2025-08-19T16:06:10.8768886Z Installing collected packages: websockets, uvloop, ujson, structlog, sniffio, shellingham, sentry-sdk, redis, python-multipart, pygments, psycopg-binary, psycopg, orjson, mdurl, MarkupSafe, httptools, h11, greenlet, dnspython, asyncpg, uvicorn, sqlalchemy, markdown-it-py, Mako, Jinja2, httpcore, email_validator, botocore, anyio, watchfiles, starlette, s3transfer, rich, httpx, alembic, typer, rich-toolkit, boto3, asgi-correlation-id, fastapi-cli, fastapi, fastapi-limiter
2025-08-19T16:06:11.3070303Z   Attempting uninstall: redis
2025-08-19T16:06:11.3100988Z     Found existing installation: redis 5.3.1
2025-08-19T16:06:11.3180297Z     Uninstalling redis-5.3.1:
2025-08-19T16:06:11.3198268Z       Successfully uninstalled redis-5.3.1
2025-08-19T16:06:14.2459713Z   Attempting uninstall: botocore
2025-08-19T16:06:14.2505774Z     Found existing installation: botocore 1.40.12
2025-08-19T16:06:14.3127751Z     Uninstalling botocore-1.40.12:
2025-08-19T16:06:14.3367360Z       Successfully uninstalled botocore-1.40.12
2025-08-19T16:06:15.4902987Z   Attempting uninstall: s3transfer
2025-08-19T16:06:15.4947960Z     Found existing installation: s3transfer 0.13.1
2025-08-19T16:06:15.4973773Z     Uninstalling s3transfer-0.13.1:
2025-08-19T16:06:15.4981910Z       Successfully uninstalled s3transfer-0.13.1
2025-08-19T16:06:15.9945707Z   Attempting uninstall: boto3
2025-08-19T16:06:15.9975081Z     Found existing installation: boto3 1.40.12
2025-08-19T16:06:16.0034974Z     Uninstalling boto3-1.40.12:
2025-08-19T16:06:16.0052537Z       Successfully uninstalled boto3-1.40.12
2025-08-19T16:06:16.1596684Z 
2025-08-19T16:06:16.1680230Z Successfully installed Jinja2-3.1.5 Mako-1.3.10 MarkupSafe-3.0.2 alembic-1.13.1 anyio-4.10.0 asgi-correlation-id-4.3.1 asyncpg-0.29.0 boto3-1.34.162 botocore-1.34.162 dnspython-2.7.0 email_validator-2.2.0 fastapi-0.111.0 fastapi-cli-0.0.8 fastapi-limiter-0.1.6 greenlet-3.2.4 h11-0.16.0 httpcore-1.0.9 httptools-0.6.4 httpx-0.27.2 markdown-it-py-4.0.0 mdurl-0.1.2 orjson-3.11.2 psycopg-3.2.9 psycopg-binary-3.2.9 pygments-2.19.2 python-multipart-0.0.20 redis-5.0.8 rich-14.1.0 rich-toolkit-0.15.0 s3transfer-0.10.4 sentry-sdk-2.9.0 shellingham-1.5.4 sniffio-1.3.1 sqlalchemy-2.0.29 starlette-0.37.2 structlog-24.1.0 typer-0.16.1 ujson-5.10.0 uvicorn-0.29.0 uvloop-0.21.0 watchfiles-1.1.0 websockets-15.0.1
2025-08-19T16:06:16.7892575Z Requirement already satisfied: uvicorn==0.29.0 in /opt/hostedtoolcache/Python/3.12.11/x64/lib/python3.12/site-packages (from -r services/repricer/requirements.txt (line 1)) (0.29.0)
2025-08-19T16:06:16.7896898Z Requirement already satisfied: pydantic-settings==2.2.1 in /opt/hostedtoolcache/Python/3.12.11/x64/lib/python3.12/site-packages (from -r services/repricer/requirements.txt (line 2)) (2.2.1)
2025-08-19T16:06:16.7901110Z Requirement already satisfied: python-amazon-sp-api==0.8.0 in /opt/hostedtoolcache/Python/3.12.11/x64/lib/python3.12/site-packages (from -r services/repricer/requirements.txt (line 3)) (0.8.0)
2025-08-19T16:06:16.7904918Z Requirement already satisfied: fastapi==0.111.0 in /opt/hostedtoolcache/Python/3.12.11/x64/lib/python3.12/site-packages (from -r services/repricer/requirements.txt (line 4)) (0.111.0)
2025-08-19T16:06:16.7909170Z Requirement already satisfied: sqlalchemy==2.0.29 in /opt/hostedtoolcache/Python/3.12.11/x64/lib/python3.12/site-packages (from -r services/repricer/requirements.txt (line 5)) (2.0.29)
2025-08-19T16:06:16.7920193Z Requirement already satisfied: click>=7.0 in /opt/hostedtoolcache/Python/3.12.11/x64/lib/python3.12/site-packages (from uvicorn==0.29.0->-r services/repricer/requirements.txt (line 1)) (8.2.1)
2025-08-19T16:06:16.7925959Z Requirement already satisfied: h11>=0.8 in /opt/hostedtoolcache/Python/3.12.11/x64/lib/python3.12/site-packages (from uvicorn==0.29.0->-r services/repricer/requirements.txt (line 1)) (0.16.0)
2025-08-19T16:06:16.7948267Z Requirement already satisfied: pydantic>=2.3.0 in /opt/hostedtoolcache/Python/3.12.11/x64/lib/python3.12/site-packages (from pydantic-settings==2.2.1->-r services/repricer/requirements.txt (line 2)) (2.11.7)
2025-08-19T16:06:16.7953505Z Requirement already satisfied: python-dotenv>=0.21.0 in /opt/hostedtoolcache/Python/3.12.11/x64/lib/python3.12/site-packages (from pydantic-settings==2.2.1->-r services/repricer/requirements.txt (line 2)) (1.1.1)
2025-08-19T16:06:16.7964560Z Requirement already satisfied: requests in /opt/hostedtoolcache/Python/3.12.11/x64/lib/python3.12/site-packages (from python-amazon-sp-api==0.8.0->-r services/repricer/requirements.txt (line 3)) (2.32.5)
2025-08-19T16:06:16.7971298Z Requirement already satisfied: six<2,>=1.15 in /opt/hostedtoolcache/Python/3.12.11/x64/lib/python3.12/site-packages (from python-amazon-sp-api==0.8.0->-r services/repricer/requirements.txt (line 3)) (1.17.0)
2025-08-19T16:06:16.7978621Z Requirement already satisfied: boto3<2,>=1.16.39 in /opt/hostedtoolcache/Python/3.12.11/x64/lib/python3.12/site-packages (from python-amazon-sp-api==0.8.0->-r services/repricer/requirements.txt (line 3)) (1.34.162)
2025-08-19T16:06:16.7984818Z Requirement already satisfied: cachetools~=4.2.0 in /opt/hostedtoolcache/Python/3.12.11/x64/lib/python3.12/site-packages (from python-amazon-sp-api==0.8.0->-r services/repricer/requirements.txt (line 3)) (4.2.4)
2025-08-19T16:06:16.7988695Z Requirement already satisfied: pycryptodome in /opt/hostedtoolcache/Python/3.12.11/x64/lib/python3.12/site-packages (from python-amazon-sp-api==0.8.0->-r services/repricer/requirements.txt (line 3)) (3.23.0)
2025-08-19T16:06:16.7992391Z Requirement already satisfied: pytz in /opt/hostedtoolcache/Python/3.12.11/x64/lib/python3.12/site-packages (from python-amazon-sp-api==0.8.0->-r services/repricer/requirements.txt (line 3)) (2025.2)
2025-08-19T16:06:16.7998398Z Requirement already satisfied: confuse~=1.4.0 in /opt/hostedtoolcache/Python/3.12.11/x64/lib/python3.12/site-packages (from python-amazon-sp-api==0.8.0->-r services/repricer/requirements.txt (line 3)) (1.4.0)
2025-08-19T16:06:16.8013552Z Requirement already satisfied: starlette<0.38.0,>=0.37.2 in /opt/hostedtoolcache/Python/3.12.11/x64/lib/python3.12/site-packages (from fastapi==0.111.0->-r services/repricer/requirements.txt (line 4)) (0.37.2)
2025-08-19T16:06:16.8023271Z Requirement already satisfied: typing-extensions>=4.8.0 in /opt/hostedtoolcache/Python/3.12.11/x64/lib/python3.12/site-packages (from fastapi==0.111.0->-r services/repricer/requirements.txt (line 4)) (4.14.1)
2025-08-19T16:06:16.8028408Z Requirement already satisfied: fastapi-cli>=0.0.2 in /opt/hostedtoolcache/Python/3.12.11/x64/lib/python3.12/site-packages (from fastapi==0.111.0->-r services/repricer/requirements.txt (line 4)) (0.0.8)
2025-08-19T16:06:16.8033157Z Requirement already satisfied: httpx>=0.23.0 in /opt/hostedtoolcache/Python/3.12.11/x64/lib/python3.12/site-packages (from fastapi==0.111.0->-r services/repricer/requirements.txt (line 4)) (0.27.2)
2025-08-19T16:06:16.8038663Z Requirement already satisfied: jinja2>=2.11.2 in /opt/hostedtoolcache/Python/3.12.11/x64/lib/python3.12/site-packages (from fastapi==0.111.0->-r services/repricer/requirements.txt (line 4)) (3.1.5)
2025-08-19T16:06:16.8043751Z Requirement already satisfied: python-multipart>=0.0.7 in /opt/hostedtoolcache/Python/3.12.11/x64/lib/python3.12/site-packages (from fastapi==0.111.0->-r services/repricer/requirements.txt (line 4)) (0.0.20)
2025-08-19T16:06:16.8053825Z Requirement already satisfied: ujson!=4.0.2,!=4.1.0,!=4.2.0,!=4.3.0,!=5.0.0,!=5.1.0,>=4.0.1 in /opt/hostedtoolcache/Python/3.12.11/x64/lib/python3.12/site-packages (from fastapi==0.111.0->-r services/repricer/requirements.txt (line 4)) (5.10.0)
2025-08-19T16:06:16.8059629Z Requirement already satisfied: orjson>=3.2.1 in /opt/hostedtoolcache/Python/3.12.11/x64/lib/python3.12/site-packages (from fastapi==0.111.0->-r services/repricer/requirements.txt (line 4)) (3.11.2)
2025-08-19T16:06:16.8065444Z Requirement already satisfied: email_validator>=2.0.0 in /opt/hostedtoolcache/Python/3.12.11/x64/lib/python3.12/site-packages (from fastapi==0.111.0->-r services/repricer/requirements.txt (line 4)) (2.2.0)
2025-08-19T16:06:16.8112263Z Requirement already satisfied: greenlet!=0.4.17 in /opt/hostedtoolcache/Python/3.12.11/x64/lib/python3.12/site-packages (from sqlalchemy==2.0.29->-r services/repricer/requirements.txt (line 5)) (3.2.4)
2025-08-19T16:06:16.8158037Z Requirement already satisfied: botocore<1.35.0,>=1.34.162 in /opt/hostedtoolcache/Python/3.12.11/x64/lib/python3.12/site-packages (from boto3<2,>=1.16.39->python-amazon-sp-api==0.8.0->-r services/repricer/requirements.txt (line 3)) (1.34.162)
2025-08-19T16:06:16.8166042Z Requirement already satisfied: jmespath<2.0.0,>=0.7.1 in /opt/hostedtoolcache/Python/3.12.11/x64/lib/python3.12/site-packages (from boto3<2,>=1.16.39->python-amazon-sp-api==0.8.0->-r services/repricer/requirements.txt (line 3)) (1.0.1)
2025-08-19T16:06:16.8173611Z Requirement already satisfied: s3transfer<0.11.0,>=0.10.0 in /opt/hostedtoolcache/Python/3.12.11/x64/lib/python3.12/site-packages (from boto3<2,>=1.16.39->python-amazon-sp-api==0.8.0->-r services/repricer/requirements.txt (line 3)) (0.10.4)
2025-08-19T16:06:16.8191715Z Requirement already satisfied: python-dateutil<3.0.0,>=2.1 in /opt/hostedtoolcache/Python/3.12.11/x64/lib/python3.12/site-packages (from botocore<1.35.0,>=1.34.162->boto3<2,>=1.16.39->python-amazon-sp-api==0.8.0->-r services/repricer/requirements.txt (line 3)) (2.9.0.post0)
2025-08-19T16:06:16.8206567Z Requirement already satisfied: urllib3!=2.2.0,<3,>=1.25.4 in /opt/hostedtoolcache/Python/3.12.11/x64/lib/python3.12/site-packages (from botocore<1.35.0,>=1.34.162->boto3<2,>=1.16.39->python-amazon-sp-api==0.8.0->-r services/repricer/requirements.txt (line 3)) (2.5.0)
2025-08-19T16:06:16.8226401Z Requirement already satisfied: pyyaml in /opt/hostedtoolcache/Python/3.12.11/x64/lib/python3.12/site-packages (from confuse~=1.4.0->python-amazon-sp-api==0.8.0->-r services/repricer/requirements.txt (line 3)) (6.0.2)
2025-08-19T16:06:16.8259540Z Requirement already satisfied: annotated-types>=0.6.0 in /opt/hostedtoolcache/Python/3.12.11/x64/lib/python3.12/site-packages (from pydantic>=2.3.0->pydantic-settings==2.2.1->-r services/repricer/requirements.txt (line 2)) (0.7.0)
2025-08-19T16:06:16.8265611Z Requirement already satisfied: pydantic-core==2.33.2 in /opt/hostedtoolcache/Python/3.12.11/x64/lib/python3.12/site-packages (from pydantic>=2.3.0->pydantic-settings==2.2.1->-r services/repricer/requirements.txt (line 2)) (2.33.2)
2025-08-19T16:06:16.8273705Z Requirement already satisfied: typing-inspection>=0.4.0 in /opt/hostedtoolcache/Python/3.12.11/x64/lib/python3.12/site-packages (from pydantic>=2.3.0->pydantic-settings==2.2.1->-r services/repricer/requirements.txt (line 2)) (0.4.1)
2025-08-19T16:06:16.8335166Z Requirement already satisfied: anyio<5,>=3.4.0 in /opt/hostedtoolcache/Python/3.12.11/x64/lib/python3.12/site-packages (from starlette<0.38.0,>=0.37.2->fastapi==0.111.0->-r services/repricer/requirements.txt (line 4)) (4.10.0)
2025-08-19T16:06:16.8356327Z Requirement already satisfied: idna>=2.8 in /opt/hostedtoolcache/Python/3.12.11/x64/lib/python3.12/site-packages (from anyio<5,>=3.4.0->starlette<0.38.0,>=0.37.2->fastapi==0.111.0->-r services/repricer/requirements.txt (line 4)) (3.10)
2025-08-19T16:06:16.8363046Z Requirement already satisfied: sniffio>=1.1 in /opt/hostedtoolcache/Python/3.12.11/x64/lib/python3.12/site-packages (from anyio<5,>=3.4.0->starlette<0.38.0,>=0.37.2->fastapi==0.111.0->-r services/repricer/requirements.txt (line 4)) (1.3.1)
2025-08-19T16:06:16.8420094Z Requirement already satisfied: dnspython>=2.0.0 in /opt/hostedtoolcache/Python/3.12.11/x64/lib/python3.12/site-packages (from email_validator>=2.0.0->fastapi==0.111.0->-r services/repricer/requirements.txt (line 4)) (2.7.0)
2025-08-19T16:06:16.8469565Z Requirement already satisfied: typer>=0.15.1 in /opt/hostedtoolcache/Python/3.12.11/x64/lib/python3.12/site-packages (from fastapi-cli>=0.0.2->fastapi==0.111.0->-r services/repricer/requirements.txt (line 4)) (0.16.1)
2025-08-19T16:06:16.8481138Z Requirement already satisfied: rich-toolkit>=0.14.8 in /opt/hostedtoolcache/Python/3.12.11/x64/lib/python3.12/site-packages (from fastapi-cli>=0.0.2->fastapi==0.111.0->-r services/repricer/requirements.txt (line 4)) (0.15.0)
2025-08-19T16:06:16.8522440Z Requirement already satisfied: certifi in /opt/hostedtoolcache/Python/3.12.11/x64/lib/python3.12/site-packages (from httpx>=0.23.0->fastapi==0.111.0->-r services/repricer/requirements.txt (line 4)) (2025.8.3)
2025-08-19T16:06:16.8528982Z Requirement already satisfied: httpcore==1.* in /opt/hostedtoolcache/Python/3.12.11/x64/lib/python3.12/site-packages (from httpx>=0.23.0->fastapi==0.111.0->-r services/repricer/requirements.txt (line 4)) (1.0.9)
2025-08-19T16:06:16.8586388Z Requirement already satisfied: MarkupSafe>=2.0 in /opt/hostedtoolcache/Python/3.12.11/x64/lib/python3.12/site-packages (from jinja2>=2.11.2->fastapi==0.111.0->-r services/repricer/requirements.txt (line 4)) (3.0.2)
2025-08-19T16:06:16.8644303Z Requirement already satisfied: rich>=13.7.1 in /opt/hostedtoolcache/Python/3.12.11/x64/lib/python3.12/site-packages (from rich-toolkit>=0.14.8->fastapi-cli>=0.0.2->fastapi==0.111.0->-r services/repricer/requirements.txt (line 4)) (14.1.0)
2025-08-19T16:06:16.8668273Z Requirement already satisfied: markdown-it-py>=2.2.0 in /opt/hostedtoolcache/Python/3.12.11/x64/lib/python3.12/site-packages (from rich>=13.7.1->rich-toolkit>=0.14.8->fastapi-cli>=0.0.2->fastapi==0.111.0->-r services/repricer/requirements.txt (line 4)) (4.0.0)
2025-08-19T16:06:16.8676187Z Requirement already satisfied: pygments<3.0.0,>=2.13.0 in /opt/hostedtoolcache/Python/3.12.11/x64/lib/python3.12/site-packages (from rich>=13.7.1->rich-toolkit>=0.14.8->fastapi-cli>=0.0.2->fastapi==0.111.0->-r services/repricer/requirements.txt (line 4)) (2.19.2)
2025-08-19T16:06:16.8704191Z Requirement already satisfied: mdurl~=0.1 in /opt/hostedtoolcache/Python/3.12.11/x64/lib/python3.12/site-packages (from markdown-it-py>=2.2.0->rich>=13.7.1->rich-toolkit>=0.14.8->fastapi-cli>=0.0.2->fastapi==0.111.0->-r services/repricer/requirements.txt (line 4)) (0.1.2)
2025-08-19T16:06:16.8769188Z Requirement already satisfied: shellingham>=1.3.0 in /opt/hostedtoolcache/Python/3.12.11/x64/lib/python3.12/site-packages (from typer>=0.15.1->fastapi-cli>=0.0.2->fastapi==0.111.0->-r services/repricer/requirements.txt (line 4)) (1.5.4)
2025-08-19T16:06:16.8841045Z Requirement already satisfied: httptools>=0.5.0 in /opt/hostedtoolcache/Python/3.12.11/x64/lib/python3.12/site-packages (from uvicorn[standard]>=0.12.0->fastapi==0.111.0->-r services/repricer/requirements.txt (line 4)) (0.6.4)
2025-08-19T16:06:16.8857791Z Requirement already satisfied: uvloop!=0.15.0,!=0.15.1,>=0.14.0 in /opt/hostedtoolcache/Python/3.12.11/x64/lib/python3.12/site-packages (from uvicorn[standard]>=0.12.0->fastapi==0.111.0->-r services/repricer/requirements.txt (line 4)) (0.21.0)
2025-08-19T16:06:16.8866580Z Requirement already satisfied: watchfiles>=0.13 in /opt/hostedtoolcache/Python/3.12.11/x64/lib/python3.12/site-packages (from uvicorn[standard]>=0.12.0->fastapi==0.111.0->-r services/repricer/requirements.txt (line 4)) (1.1.0)
2025-08-19T16:06:16.8874749Z Requirement already satisfied: websockets>=10.4 in /opt/hostedtoolcache/Python/3.12.11/x64/lib/python3.12/site-packages (from uvicorn[standard]>=0.12.0->fastapi==0.111.0->-r services/repricer/requirements.txt (line 4)) (15.0.1)
2025-08-19T16:06:16.9005108Z Requirement already satisfied: charset_normalizer<4,>=2 in /opt/hostedtoolcache/Python/3.12.11/x64/lib/python3.12/site-packages (from requests->python-amazon-sp-api==0.8.0->-r services/repricer/requirements.txt (line 3)) (3.4.3)
2025-08-19T16:06:17.4977493Z Collecting celery==5.4.* (from celery[redis]==5.4.*->-r services/fees_h10/requirements.txt (line 1))
2025-08-19T16:06:17.4989322Z   Using cached celery-5.4.0-py3-none-any.whl.metadata (21 kB)
2025-08-19T16:06:17.5197784Z Requirement already satisfied: asyncpg in /opt/hostedtoolcache/Python/3.12.11/x64/lib/python3.12/site-packages (from -r services/fees_h10/requirements.txt (line 2)) (0.29.0)
2025-08-19T16:06:17.5201327Z Requirement already satisfied: httpx in /opt/hostedtoolcache/Python/3.12.11/x64/lib/python3.12/site-packages (from -r services/fees_h10/requirements.txt (line 3)) (0.27.2)
2025-08-19T16:06:17.5204993Z Requirement already satisfied: sqlalchemy in /opt/hostedtoolcache/Python/3.12.11/x64/lib/python3.12/site-packages (from -r services/fees_h10/requirements.txt (line 4)) (2.0.29)
2025-08-19T16:06:17.5216839Z Requirement already satisfied: billiard<5.0,>=4.2.0 in /opt/hostedtoolcache/Python/3.12.11/x64/lib/python3.12/site-packages (from celery==5.4.*->celery[redis]==5.4.*->-r services/fees_h10/requirements.txt (line 1)) (4.2.1)
2025-08-19T16:06:17.5222716Z Requirement already satisfied: kombu<6.0,>=5.3.4 in /opt/hostedtoolcache/Python/3.12.11/x64/lib/python3.12/site-packages (from celery==5.4.*->celery[redis]==5.4.*->-r services/fees_h10/requirements.txt (line 1)) (5.5.4)
2025-08-19T16:06:17.5228195Z Requirement already satisfied: vine<6.0,>=5.1.0 in /opt/hostedtoolcache/Python/3.12.11/x64/lib/python3.12/site-packages (from celery==5.4.*->celery[redis]==5.4.*->-r services/fees_h10/requirements.txt (line 1)) (5.1.0)
2025-08-19T16:06:17.5233501Z Requirement already satisfied: click<9.0,>=8.1.2 in /opt/hostedtoolcache/Python/3.12.11/x64/lib/python3.12/site-packages (from celery==5.4.*->celery[redis]==5.4.*->-r services/fees_h10/requirements.txt (line 1)) (8.2.1)
2025-08-19T16:06:17.5238684Z Requirement already satisfied: click-didyoumean>=0.3.0 in /opt/hostedtoolcache/Python/3.12.11/x64/lib/python3.12/site-packages (from celery==5.4.*->celery[redis]==5.4.*->-r services/fees_h10/requirements.txt (line 1)) (0.3.1)
2025-08-19T16:06:17.5243661Z Requirement already satisfied: click-repl>=0.2.0 in /opt/hostedtoolcache/Python/3.12.11/x64/lib/python3.12/site-packages (from celery==5.4.*->celery[redis]==5.4.*->-r services/fees_h10/requirements.txt (line 1)) (0.3.0)
2025-08-19T16:06:17.5248755Z Requirement already satisfied: click-plugins>=1.1.1 in /opt/hostedtoolcache/Python/3.12.11/x64/lib/python3.12/site-packages (from celery==5.4.*->celery[redis]==5.4.*->-r services/fees_h10/requirements.txt (line 1)) (1.1.1.2)
2025-08-19T16:06:17.5253622Z Requirement already satisfied: tzdata>=2022.7 in /opt/hostedtoolcache/Python/3.12.11/x64/lib/python3.12/site-packages (from celery==5.4.*->celery[redis]==5.4.*->-r services/fees_h10/requirements.txt (line 1)) (2025.2)
2025-08-19T16:06:17.5258832Z Requirement already satisfied: python-dateutil>=2.8.2 in /opt/hostedtoolcache/Python/3.12.11/x64/lib/python3.12/site-packages (from celery==5.4.*->celery[redis]==5.4.*->-r services/fees_h10/requirements.txt (line 1)) (2.9.0.post0)
2025-08-19T16:06:17.5297216Z Requirement already satisfied: redis!=4.5.5,<6.0.0,>=4.5.2 in /opt/hostedtoolcache/Python/3.12.11/x64/lib/python3.12/site-packages (from celery[redis]==5.4.*->-r services/fees_h10/requirements.txt (line 1)) (5.0.8)
2025-08-19T16:06:17.5318307Z Requirement already satisfied: amqp<6.0.0,>=5.1.1 in /opt/hostedtoolcache/Python/3.12.11/x64/lib/python3.12/site-packages (from kombu<6.0,>=5.3.4->celery==5.4.*->celery[redis]==5.4.*->-r services/fees_h10/requirements.txt (line 1)) (5.3.1)
2025-08-19T16:06:17.5328988Z Requirement already satisfied: packaging in /opt/hostedtoolcache/Python/3.12.11/x64/lib/python3.12/site-packages (from kombu<6.0,>=5.3.4->celery==5.4.*->celery[redis]==5.4.*->-r services/fees_h10/requirements.txt (line 1)) (25.0)
2025-08-19T16:06:17.5410523Z Requirement already satisfied: anyio in /opt/hostedtoolcache/Python/3.12.11/x64/lib/python3.12/site-packages (from httpx->-r services/fees_h10/requirements.txt (line 3)) (4.10.0)
2025-08-19T16:06:17.5414655Z Requirement already satisfied: certifi in /opt/hostedtoolcache/Python/3.12.11/x64/lib/python3.12/site-packages (from httpx->-r services/fees_h10/requirements.txt (line 3)) (2025.8.3)
2025-08-19T16:06:17.5419404Z Requirement already satisfied: httpcore==1.* in /opt/hostedtoolcache/Python/3.12.11/x64/lib/python3.12/site-packages (from httpx->-r services/fees_h10/requirements.txt (line 3)) (1.0.9)
2025-08-19T16:06:17.5423107Z Requirement already satisfied: idna in /opt/hostedtoolcache/Python/3.12.11/x64/lib/python3.12/site-packages (from httpx->-r services/fees_h10/requirements.txt (line 3)) (3.10)
2025-08-19T16:06:17.5427076Z Requirement already satisfied: sniffio in /opt/hostedtoolcache/Python/3.12.11/x64/lib/python3.12/site-packages (from httpx->-r services/fees_h10/requirements.txt (line 3)) (1.3.1)
2025-08-19T16:06:17.5450291Z Requirement already satisfied: h11>=0.16 in /opt/hostedtoolcache/Python/3.12.11/x64/lib/python3.12/site-packages (from httpcore==1.*->httpx->-r services/fees_h10/requirements.txt (line 3)) (0.16.0)
2025-08-19T16:06:17.5468729Z Requirement already satisfied: typing-extensions>=4.6.0 in /opt/hostedtoolcache/Python/3.12.11/x64/lib/python3.12/site-packages (from sqlalchemy->-r services/fees_h10/requirements.txt (line 4)) (4.14.1)
2025-08-19T16:06:17.5481837Z Requirement already satisfied: greenlet!=0.4.17 in /opt/hostedtoolcache/Python/3.12.11/x64/lib/python3.12/site-packages (from sqlalchemy->-r services/fees_h10/requirements.txt (line 4)) (3.2.4)
2025-08-19T16:06:17.5551219Z Requirement already satisfied: prompt-toolkit>=3.0.36 in /opt/hostedtoolcache/Python/3.12.11/x64/lib/python3.12/site-packages (from click-repl>=0.2.0->celery==5.4.*->celery[redis]==5.4.*->-r services/fees_h10/requirements.txt (line 1)) (3.0.51)
2025-08-19T16:06:17.5589393Z Requirement already satisfied: wcwidth in /opt/hostedtoolcache/Python/3.12.11/x64/lib/python3.12/site-packages (from prompt-toolkit>=3.0.36->click-repl>=0.2.0->celery==5.4.*->celery[redis]==5.4.*->-r services/fees_h10/requirements.txt (line 1)) (0.2.13)
2025-08-19T16:06:17.5603240Z Requirement already satisfied: six>=1.5 in /opt/hostedtoolcache/Python/3.12.11/x64/lib/python3.12/site-packages (from python-dateutil>=2.8.2->celery==5.4.*->celery[redis]==5.4.*->-r services/fees_h10/requirements.txt (line 1)) (1.17.0)
2025-08-19T16:06:17.5712255Z Using cached celery-5.4.0-py3-none-any.whl (425 kB)
2025-08-19T16:06:17.6988101Z Installing collected packages: celery
2025-08-19T16:06:17.6989528Z   Attempting uninstall: celery
2025-08-19T16:06:17.7061484Z     Found existing installation: celery 5.3.6
2025-08-19T16:06:17.7252594Z     Uninstalling celery-5.3.6:
2025-08-19T16:06:17.7294296Z       Successfully uninstalled celery-5.3.6
2025-08-19T16:06:18.0555134Z Successfully installed celery-5.4.0
2025-08-19T16:06:18.5482578Z Collecting python-telegram-bot==20.8 (from -r services/alert_bot/requirements.txt (line 1))
2025-08-19T16:06:18.5494491Z   Using cached python_telegram_bot-20.8-py3-none-any.whl.metadata (15 kB)
2025-08-19T16:06:18.5698566Z Collecting APScheduler==3.10.4 (from -r services/alert_bot/requirements.txt (line 2))
2025-08-19T16:06:18.5709385Z   Using cached APScheduler-3.10.4-py3-none-any.whl.metadata (5.7 kB)
2025-08-19T16:06:18.5751587Z Requirement already satisfied: asyncpg in /opt/hostedtoolcache/Python/3.12.11/x64/lib/python3.12/site-packages (from -r services/alert_bot/requirements.txt (line 3)) (0.29.0)
2025-08-19T16:06:18.5920860Z Collecting httpx~=0.26.0 (from python-telegram-bot==20.8->-r services/alert_bot/requirements.txt (line 1))
2025-08-19T16:06:18.5931692Z   Using cached httpx-0.26.0-py3-none-any.whl.metadata (7.6 kB)
2025-08-19T16:06:18.5970448Z Requirement already satisfied: six>=1.4.0 in /opt/hostedtoolcache/Python/3.12.11/x64/lib/python3.12/site-packages (from APScheduler==3.10.4->-r services/alert_bot/requirements.txt (line 2)) (1.17.0)
2025-08-19T16:06:18.5973864Z Requirement already satisfied: pytz in /opt/hostedtoolcache/Python/3.12.11/x64/lib/python3.12/site-packages (from APScheduler==3.10.4->-r services/alert_bot/requirements.txt (line 2)) (2025.2)
2025-08-19T16:06:18.6104381Z Collecting tzlocal!=3.*,>=2.0 (from APScheduler==3.10.4->-r services/alert_bot/requirements.txt (line 2))
2025-08-19T16:06:18.6115227Z   Using cached tzlocal-5.3.1-py3-none-any.whl.metadata (7.6 kB)
2025-08-19T16:06:18.6145695Z Requirement already satisfied: anyio in /opt/hostedtoolcache/Python/3.12.11/x64/lib/python3.12/site-packages (from httpx~=0.26.0->python-telegram-bot==20.8->-r services/alert_bot/requirements.txt (line 1)) (4.10.0)
2025-08-19T16:06:18.6149198Z Requirement already satisfied: certifi in /opt/hostedtoolcache/Python/3.12.11/x64/lib/python3.12/site-packages (from httpx~=0.26.0->python-telegram-bot==20.8->-r services/alert_bot/requirements.txt (line 1)) (2025.8.3)
2025-08-19T16:06:18.6153571Z Requirement already satisfied: httpcore==1.* in /opt/hostedtoolcache/Python/3.12.11/x64/lib/python3.12/site-packages (from httpx~=0.26.0->python-telegram-bot==20.8->-r services/alert_bot/requirements.txt (line 1)) (1.0.9)
2025-08-19T16:06:18.6157133Z Requirement already satisfied: idna in /opt/hostedtoolcache/Python/3.12.11/x64/lib/python3.12/site-packages (from httpx~=0.26.0->python-telegram-bot==20.8->-r services/alert_bot/requirements.txt (line 1)) (3.10)
2025-08-19T16:06:18.6160029Z Requirement already satisfied: sniffio in /opt/hostedtoolcache/Python/3.12.11/x64/lib/python3.12/site-packages (from httpx~=0.26.0->python-telegram-bot==20.8->-r services/alert_bot/requirements.txt (line 1)) (1.3.1)
2025-08-19T16:06:18.6174525Z Requirement already satisfied: h11>=0.16 in /opt/hostedtoolcache/Python/3.12.11/x64/lib/python3.12/site-packages (from httpcore==1.*->httpx~=0.26.0->python-telegram-bot==20.8->-r services/alert_bot/requirements.txt (line 1)) (0.16.0)
2025-08-19T16:06:18.6223497Z Requirement already satisfied: typing_extensions>=4.5 in /opt/hostedtoolcache/Python/3.12.11/x64/lib/python3.12/site-packages (from anyio->httpx~=0.26.0->python-telegram-bot==20.8->-r services/alert_bot/requirements.txt (line 1)) (4.14.1)
2025-08-19T16:06:18.6272936Z Using cached python_telegram_bot-20.8-py3-none-any.whl (604 kB)
2025-08-19T16:06:18.6289301Z Using cached APScheduler-3.10.4-py3-none-any.whl (59 kB)
2025-08-19T16:06:18.6299958Z Using cached httpx-0.26.0-py3-none-any.whl (75 kB)
2025-08-19T16:06:18.6310753Z Using cached tzlocal-5.3.1-py3-none-any.whl (18 kB)
2025-08-19T16:06:18.7769380Z Installing collected packages: tzlocal, httpx, APScheduler, python-telegram-bot
2025-08-19T16:06:18.7888489Z   Attempting uninstall: httpx
2025-08-19T16:06:18.7918945Z     Found existing installation: httpx 0.27.2
2025-08-19T16:06:18.7956052Z     Uninstalling httpx-0.27.2:
2025-08-19T16:06:18.7968550Z       Successfully uninstalled httpx-0.27.2
2025-08-19T16:06:19.2087151Z 
2025-08-19T16:06:19.2168160Z Successfully installed APScheduler-3.10.4 httpx-0.26.0 python-telegram-bot-20.8 tzlocal-5.3.1
2025-08-19T16:06:19.7010493Z Collecting Jinja2==3.1.6 (from -r requirements-dev.txt (line 2))
2025-08-19T16:06:19.7022892Z   Using cached jinja2-3.1.6-py3-none-any.whl.metadata (2.9 kB)
2025-08-19T16:06:19.7044177Z Requirement already satisfied: alembic==1.13.1 in /opt/hostedtoolcache/Python/3.12.11/x64/lib/python3.12/site-packages (from -r requirements-dev.txt (line 3)) (1.13.1)
2025-08-19T16:06:19.7048533Z Requirement already satisfied: apscheduler==3.10.4 in /opt/hostedtoolcache/Python/3.12.11/x64/lib/python3.12/site-packages (from -r requirements-dev.txt (line 4)) (3.10.4)
2025-08-19T16:06:19.7052488Z Requirement already satisfied: asgi-correlation-id==4.3.1 in /opt/hostedtoolcache/Python/3.12.11/x64/lib/python3.12/site-packages (from -r requirements-dev.txt (line 5)) (4.3.1)
2025-08-19T16:06:19.7429773Z Collecting asyncpg==0.30.0 (from -r requirements-dev.txt (line 6))
2025-08-19T16:06:19.7441307Z   Using cached asyncpg-0.30.0-cp312-cp312-manylinux_2_17_x86_64.manylinux2014_x86_64.whl.metadata (5.0 kB)
2025-08-19T16:06:19.7872475Z Collecting black==25.1.0 (from -r requirements-dev.txt (line 7))
2025-08-19T16:06:19.7884206Z   Using cached black-25.1.0-cp312-cp312-manylinux_2_17_x86_64.manylinux2014_x86_64.manylinux_2_28_x86_64.whl.metadata (81 kB)
2025-08-19T16:06:19.7963295Z Requirement already satisfied: boto3 in /opt/hostedtoolcache/Python/3.12.11/x64/lib/python3.12/site-packages (from -r requirements-dev.txt (line 8)) (1.34.162)
2025-08-19T16:06:19.8323317Z Collecting redis==6.* (from -r requirements-dev.txt (line 9))
2025-08-19T16:06:19.8334354Z   Using cached redis-6.4.0-py3-none-any.whl.metadata (10 kB)
2025-08-19T16:06:19.8365097Z Requirement already satisfied: minio==7.* in /opt/hostedtoolcache/Python/3.12.11/x64/lib/python3.12/site-packages (from -r requirements-dev.txt (line 10)) (7.1.15)
2025-08-19T16:06:19.8652267Z Collecting celery==5.5.3 (from -r requirements-dev.txt (line 11))
2025-08-19T16:06:19.8663212Z   Using cached celery-5.5.3-py3-none-any.whl.metadata (22 kB)
2025-08-19T16:06:19.9226553Z Collecting fastapi==0.116.1 (from -r requirements-dev.txt (line 12))
2025-08-19T16:06:19.9238078Z   Using cached fastapi-0.116.1-py3-none-any.whl.metadata (28 kB)
2025-08-19T16:06:19.9307304Z Requirement already satisfied: fastapi-limiter==0.1.6 in /opt/hostedtoolcache/Python/3.12.11/x64/lib/python3.12/site-packages (from -r requirements-dev.txt (line 14)) (0.1.6)
2025-08-19T16:06:19.9465776Z Collecting httpx<0.29,>=0.27 (from -r requirements-dev.txt (line 15))
2025-08-19T16:06:19.9476837Z   Using cached httpx-0.28.1-py3-none-any.whl.metadata (7.1 kB)
2025-08-19T16:06:19.9600213Z Collecting imapclient==3.0.1 (from -r requirements-dev.txt (line 16))
2025-08-19T16:06:19.9611380Z   Using cached IMAPClient-3.0.1-py2.py3-none-any.whl.metadata (1.7 kB)
2025-08-19T16:06:19.9721544Z Collecting itsdangerous (from -r requirements-dev.txt (line 17))
2025-08-19T16:06:19.9733026Z   Using cached itsdangerous-2.2.0-py3-none-any.whl.metadata (1.9 kB)
2025-08-19T16:06:20.0712270Z Collecting mypy==1.* (from -r requirements-dev.txt (line 18))
2025-08-19T16:06:20.0724311Z   Using cached mypy-1.17.1-cp312-cp312-manylinux2014_x86_64.manylinux_2_17_x86_64.manylinux_2_28_x86_64.whl.metadata (2.2 kB)
2025-08-19T16:06:20.0751630Z Requirement already satisfied: mypy-extensions==1.1.0 in /opt/hostedtoolcache/Python/3.12.11/x64/lib/python3.12/site-packages (from -r requirements-dev.txt (line 19)) (1.1.0)
2025-08-19T16:06:20.0754937Z Requirement already satisfied: numpy<2 in /opt/hostedtoolcache/Python/3.12.11/x64/lib/python3.12/site-packages (from -r requirements-dev.txt (line 20)) (1.26.4)
2025-08-19T16:06:20.0759414Z Requirement already satisfied: openpyxl==3.1.5 in /opt/hostedtoolcache/Python/3.12.11/x64/lib/python3.12/site-packages (from -r requirements-dev.txt (line 21)) (3.1.5)
2025-08-19T16:06:20.0763204Z Requirement already satisfied: pandas==2.2.* in /opt/hostedtoolcache/Python/3.12.11/x64/lib/python3.12/site-packages (from -r requirements-dev.txt (line 22)) (2.2.3)
2025-08-19T16:06:20.0767374Z Requirement already satisfied: psycopg2-binary==2.9.10 in /opt/hostedtoolcache/Python/3.12.11/x64/lib/python3.12/site-packages (from -r requirements-dev.txt (line 23)) (2.9.10)
2025-08-19T16:06:20.0772041Z Requirement already satisfied: psycopg==3.2.9 in /opt/hostedtoolcache/Python/3.12.11/x64/lib/python3.12/site-packages (from psycopg[binary]==3.2.9->-r requirements-dev.txt (line 24)) (3.2.9)
2025-08-19T16:06:20.0775939Z Requirement already satisfied: pydantic==2.11.7 in /opt/hostedtoolcache/Python/3.12.11/x64/lib/python3.12/site-packages (from -r requirements-dev.txt (line 25)) (2.11.7)
2025-08-19T16:06:20.1923331Z Collecting setuptools (from -r requirements-dev.txt (line 26))
2025-08-19T16:06:20.1934792Z   Using cached setuptools-80.9.0-py3-none-any.whl.metadata (6.6 kB)
2025-08-19T16:06:20.2197276Z Collecting pytest-asyncio==0.23.6 (from -r requirements-dev.txt (line 27))
2025-08-19T16:06:20.2209251Z   Using cached pytest_asyncio-0.23.6-py3-none-any.whl.metadata (3.9 kB)
2025-08-19T16:06:20.2339233Z Collecting pytest-cov==6.2.1 (from -r requirements-dev.txt (line 28))
2025-08-19T16:06:20.2349975Z   Using cached pytest_cov-6.2.1-py3-none-any.whl.metadata (30 kB)
2025-08-19T16:06:20.2519784Z Collecting pytest-postgresql==7.0.2 (from -r requirements-dev.txt (line 29))
2025-08-19T16:06:20.2531207Z   Using cached pytest_postgresql-7.0.2-py3-none-any.whl.metadata (18 kB)
2025-08-19T16:06:20.2560804Z Requirement already satisfied: python-dotenv in /opt/hostedtoolcache/Python/3.12.11/x64/lib/python3.12/site-packages (from -r requirements-dev.txt (line 30)) (1.1.1)
2025-08-19T16:06:20.2564255Z Requirement already satisfied: python-multipart in /opt/hostedtoolcache/Python/3.12.11/x64/lib/python3.12/site-packages (from -r requirements-dev.txt (line 31)) (0.0.20)
2025-08-19T16:06:20.2828087Z Collecting python-telegram-bot==22.3 (from -r requirements-dev.txt (line 32))
2025-08-19T16:06:20.2839146Z   Using cached python_telegram_bot-22.3-py3-none-any.whl.metadata (17 kB)
2025-08-19T16:06:20.3109418Z Collecting requests==2.32.4 (from -r requirements-dev.txt (line 33))
2025-08-19T16:06:20.3121321Z   Using cached requests-2.32.4-py3-none-any.whl.metadata (4.9 kB)
2025-08-19T16:06:20.3282845Z Collecting respx==0.22.0 (from -r requirements-dev.txt (line 34))
2025-08-19T16:06:20.3294823Z   Using cached respx-0.22.0-py2.py3-none-any.whl.metadata (4.1 kB)
2025-08-19T16:06:20.6699288Z Collecting ruff==0.4.4 (from -r requirements-dev.txt (line 35))
2025-08-19T16:06:20.6712569Z   Using cached ruff-0.4.4-py3-none-manylinux_2_17_x86_64.manylinux2014_x86_64.whl.metadata (23 kB)
2025-08-19T16:06:20.9171328Z Collecting sqlalchemy==2.0.43 (from -r requirements-dev.txt (line 36))
2025-08-19T16:06:20.9183793Z   Using cached sqlalchemy-2.0.43-cp312-cp312-manylinux_2_17_x86_64.manylinux2014_x86_64.whl.metadata (9.6 kB)
2025-08-19T16:06:20.9281335Z Requirement already satisfied: structlog==24.1.0 in /opt/hostedtoolcache/Python/3.12.11/x64/lib/python3.12/site-packages (from -r requirements-dev.txt (line 37)) (24.1.0)
2025-08-19T16:06:20.9417006Z Collecting testcontainers==4.10.0 (from testcontainers[postgres]==4.10.0->-r requirements-dev.txt (line 38))
2025-08-19T16:06:20.9427753Z   Using cached testcontainers-4.10.0-py3-none-any.whl.metadata (7.8 kB)
2025-08-19T16:06:20.9785916Z Collecting types-requests==2.32.4.20250809 (from -r requirements-dev.txt (line 39))
2025-08-19T16:06:21.0143845Z   Downloading types_requests-2.32.4.20250809-py3-none-any.whl.metadata (2.0 kB)
2025-08-19T16:06:21.0275626Z Collecting docspec-python==2.2.2 (from -r requirements-dev.txt (line 40))
2025-08-19T16:06:21.0286589Z   Using cached docspec_python-2.2.2-py3-none-any.whl.metadata (1.0 kB)
2025-08-19T16:06:21.0439455Z Collecting pydoc-markdown==4.8.2 (from -r requirements-dev.txt (line 41))
2025-08-19T16:06:21.0450465Z   Using cached pydoc_markdown-4.8.2-py3-none-any.whl.metadata (5.9 kB)
2025-08-19T16:06:21.0484307Z Requirement already satisfied: pandera==0.19.* in /opt/hostedtoolcache/Python/3.12.11/x64/lib/python3.12/site-packages (from -r requirements-dev.txt (line 42)) (0.19.3)
2025-08-19T16:06:21.0503056Z Requirement already satisfied: MarkupSafe>=2.0 in /opt/hostedtoolcache/Python/3.12.11/x64/lib/python3.12/site-packages (from Jinja2==3.1.6->-r requirements-dev.txt (line 2)) (3.0.2)
2025-08-19T16:06:21.0615205Z Requirement already satisfied: Mako in /opt/hostedtoolcache/Python/3.12.11/x64/lib/python3.12/site-packages (from alembic==1.13.1->-r requirements-dev.txt (line 3)) (1.3.10)
2025-08-19T16:06:21.0622048Z Requirement already satisfied: typing-extensions>=4 in /opt/hostedtoolcache/Python/3.12.11/x64/lib/python3.12/site-packages (from alembic==1.13.1->-r requirements-dev.txt (line 3)) (4.14.1)
2025-08-19T16:06:21.0641285Z Requirement already satisfied: six>=1.4.0 in /opt/hostedtoolcache/Python/3.12.11/x64/lib/python3.12/site-packages (from apscheduler==3.10.4->-r requirements-dev.txt (line 4)) (1.17.0)
2025-08-19T16:06:21.0646274Z Requirement already satisfied: pytz in /opt/hostedtoolcache/Python/3.12.11/x64/lib/python3.12/site-packages (from apscheduler==3.10.4->-r requirements-dev.txt (line 4)) (2025.2)
2025-08-19T16:06:21.0654140Z Requirement already satisfied: tzlocal!=3.*,>=2.0 in /opt/hostedtoolcache/Python/3.12.11/x64/lib/python3.12/site-packages (from apscheduler==3.10.4->-r requirements-dev.txt (line 4)) (5.3.1)
2025-08-19T16:06:21.0689562Z Requirement already satisfied: starlette>=0.18 in /opt/hostedtoolcache/Python/3.12.11/x64/lib/python3.12/site-packages (from asgi-correlation-id==4.3.1->-r requirements-dev.txt (line 5)) (0.37.2)
2025-08-19T16:06:21.0712325Z Requirement already satisfied: click>=8.0.0 in /opt/hostedtoolcache/Python/3.12.11/x64/lib/python3.12/site-packages (from black==25.1.0->-r requirements-dev.txt (line 7)) (8.2.1)
2025-08-19T16:06:21.0718365Z Requirement already satisfied: packaging>=22.0 in /opt/hostedtoolcache/Python/3.12.11/x64/lib/python3.12/site-packages (from black==25.1.0->-r requirements-dev.txt (line 7)) (25.0)
2025-08-19T16:06:21.0811632Z Collecting pathspec>=0.9.0 (from black==25.1.0->-r requirements-dev.txt (line 7))
2025-08-19T16:06:21.0823630Z   Using cached pathspec-0.12.1-py3-none-any.whl.metadata (21 kB)
2025-08-19T16:06:21.1006024Z Collecting platformdirs>=2 (from black==25.1.0->-r requirements-dev.txt (line 7))
2025-08-19T16:06:21.1018599Z   Using cached platformdirs-4.3.8-py3-none-any.whl.metadata (12 kB)
2025-08-19T16:06:21.1066141Z Requirement already satisfied: billiard<5.0,>=4.2.1 in /opt/hostedtoolcache/Python/3.12.11/x64/lib/python3.12/site-packages (from celery==5.5.3->-r requirements-dev.txt (line 11)) (4.2.1)
2025-08-19T16:06:21.1071440Z Requirement already satisfied: kombu<5.6,>=5.5.2 in /opt/hostedtoolcache/Python/3.12.11/x64/lib/python3.12/site-packages (from celery==5.5.3->-r requirements-dev.txt (line 11)) (5.5.4)
2025-08-19T16:06:21.1077049Z Requirement already satisfied: vine<6.0,>=5.1.0 in /opt/hostedtoolcache/Python/3.12.11/x64/lib/python3.12/site-packages (from celery==5.5.3->-r requirements-dev.txt (line 11)) (5.1.0)
2025-08-19T16:06:21.1083311Z Requirement already satisfied: click-didyoumean>=0.3.0 in /opt/hostedtoolcache/Python/3.12.11/x64/lib/python3.12/site-packages (from celery==5.5.3->-r requirements-dev.txt (line 11)) (0.3.1)
2025-08-19T16:06:21.1088474Z Requirement already satisfied: click-repl>=0.2.0 in /opt/hostedtoolcache/Python/3.12.11/x64/lib/python3.12/site-packages (from celery==5.5.3->-r requirements-dev.txt (line 11)) (0.3.0)
2025-08-19T16:06:21.1093699Z Requirement already satisfied: click-plugins>=1.1.1 in /opt/hostedtoolcache/Python/3.12.11/x64/lib/python3.12/site-packages (from celery==5.5.3->-r requirements-dev.txt (line 11)) (1.1.1.2)
2025-08-19T16:06:21.1100022Z Requirement already satisfied: python-dateutil>=2.8.2 in /opt/hostedtoolcache/Python/3.12.11/x64/lib/python3.12/site-packages (from celery==5.5.3->-r requirements-dev.txt (line 11)) (2.9.0.post0)
2025-08-19T16:06:21.1430677Z Collecting starlette>=0.18 (from asgi-correlation-id==4.3.1->-r requirements-dev.txt (line 5))
2025-08-19T16:06:21.1442170Z   Using cached starlette-0.47.2-py3-none-any.whl.metadata (6.2 kB)
2025-08-19T16:06:21.1487715Z Requirement already satisfied: annotated-types>=0.6.0 in /opt/hostedtoolcache/Python/3.12.11/x64/lib/python3.12/site-packages (from pydantic==2.11.7->-r requirements-dev.txt (line 25)) (0.7.0)
2025-08-19T16:06:21.1493565Z Requirement already satisfied: pydantic-core==2.33.2 in /opt/hostedtoolcache/Python/3.12.11/x64/lib/python3.12/site-packages (from pydantic==2.11.7->-r requirements-dev.txt (line 25)) (2.33.2)
2025-08-19T16:06:21.1501632Z Requirement already satisfied: typing-inspection>=0.4.0 in /opt/hostedtoolcache/Python/3.12.11/x64/lib/python3.12/site-packages (from pydantic==2.11.7->-r requirements-dev.txt (line 25)) (0.4.1)
2025-08-19T16:06:21.1657486Z Requirement already satisfied: et-xmlfile in /opt/hostedtoolcache/Python/3.12.11/x64/lib/python3.12/site-packages (from openpyxl==3.1.5->-r requirements-dev.txt (line 21)) (2.0.0)
2025-08-19T16:06:21.2064186Z Collecting pytest<9,>=7.0.0 (from pytest-asyncio==0.23.6->-r requirements-dev.txt (line 27))
2025-08-19T16:06:21.2075909Z   Using cached pytest-8.4.1-py3-none-any.whl.metadata (7.7 kB)
2025-08-19T16:06:21.5533314Z Collecting coverage>=7.5 (from coverage[toml]>=7.5->pytest-cov==6.2.1->-r requirements-dev.txt (line 28))
2025-08-19T16:06:21.5548438Z   Using cached coverage-7.10.4-cp312-cp312-manylinux1_x86_64.manylinux_2_28_x86_64.manylinux_2_5_x86_64.whl.metadata (8.9 kB)
2025-08-19T16:06:21.5666338Z Collecting pluggy>=1.2 (from pytest-cov==6.2.1->-r requirements-dev.txt (line 28))
2025-08-19T16:06:21.5677660Z   Using cached pluggy-1.6.0-py3-none-any.whl.metadata (4.8 kB)
2025-08-19T16:06:21.5960462Z Collecting port-for>=0.7.3 (from pytest-postgresql==7.0.2->-r requirements-dev.txt (line 29))
2025-08-19T16:06:21.5971262Z   Using cached port_for-0.7.4-py3-none-any.whl.metadata (7.1 kB)
2025-08-19T16:06:21.6108687Z Collecting mirakuru>=2.6.0 (from pytest-postgresql==7.0.2->-r requirements-dev.txt (line 29))
2025-08-19T16:06:21.6119461Z   Using cached mirakuru-2.6.1-py3-none-any.whl.metadata (10 kB)
2025-08-19T16:06:21.6170315Z Requirement already satisfied: charset_normalizer<4,>=2 in /opt/hostedtoolcache/Python/3.12.11/x64/lib/python3.12/site-packages (from requests==2.32.4->-r requirements-dev.txt (line 33)) (3.4.3)
2025-08-19T16:06:21.6174760Z Requirement already satisfied: idna<4,>=2.5 in /opt/hostedtoolcache/Python/3.12.11/x64/lib/python3.12/site-packages (from requests==2.32.4->-r requirements-dev.txt (line 33)) (3.10)
2025-08-19T16:06:21.6178413Z Requirement already satisfied: urllib3<3,>=1.21.1 in /opt/hostedtoolcache/Python/3.12.11/x64/lib/python3.12/site-packages (from requests==2.32.4->-r requirements-dev.txt (line 33)) (2.5.0)
2025-08-19T16:06:21.6182119Z Requirement already satisfied: certifi>=2017.4.17 in /opt/hostedtoolcache/Python/3.12.11/x64/lib/python3.12/site-packages (from requests==2.32.4->-r requirements-dev.txt (line 33)) (2025.8.3)
2025-08-19T16:06:21.6263503Z Requirement already satisfied: greenlet>=1 in /opt/hostedtoolcache/Python/3.12.11/x64/lib/python3.12/site-packages (from sqlalchemy==2.0.43->-r requirements-dev.txt (line 36)) (3.2.4)
2025-08-19T16:06:21.6477766Z Collecting docker (from testcontainers==4.10.0->testcontainers[postgres]==4.10.0->-r requirements-dev.txt (line 38))
2025-08-19T16:06:21.6488582Z   Using cached docker-7.1.0-py3-none-any.whl.metadata (3.8 kB)
2025-08-19T16:06:21.6527260Z Requirement already satisfied: wrapt in /opt/hostedtoolcache/Python/3.12.11/x64/lib/python3.12/site-packages (from testcontainers==4.10.0->testcontainers[postgres]==4.10.0->-r requirements-dev.txt (line 38)) (1.17.3)
2025-08-19T16:06:21.6675052Z Collecting docspec==2.2.1 (from docspec-python==2.2.2->-r requirements-dev.txt (line 40))
2025-08-19T16:06:21.6685874Z   Using cached docspec-2.2.1-py3-none-any.whl.metadata (1.5 kB)
2025-08-19T16:06:21.6834789Z Collecting nr-util>=0.8.12 (from docspec-python==2.2.2->-r requirements-dev.txt (line 40))
2025-08-19T16:06:21.6845722Z   Using cached nr.util-0.8.12-py3-none-any.whl.metadata (813 bytes)
2025-08-19T16:06:21.6876560Z Requirement already satisfied: PyYAML<7.0,>=5.0 in /opt/hostedtoolcache/Python/3.12.11/x64/lib/python3.12/site-packages (from pydoc-markdown==4.8.2->-r requirements-dev.txt (line 41)) (6.0.2)
2025-08-19T16:06:21.7077040Z Collecting databind.core<5.0.0,>=4.4.0 (from pydoc-markdown==4.8.2->-r requirements-dev.txt (line 41))
2025-08-19T16:06:21.7088100Z   Using cached databind.core-4.5.2-py3-none-any.whl.metadata (1.1 kB)
2025-08-19T16:06:21.7326257Z Collecting databind.json<5.0.0,>=4.4.0 (from pydoc-markdown==4.8.2->-r requirements-dev.txt (line 41))
2025-08-19T16:06:21.7337001Z   Using cached databind.json-4.5.2-py3-none-any.whl.metadata (1.1 kB)
2025-08-19T16:06:21.7500196Z Collecting docstring-parser<0.12,>=0.11 (from pydoc-markdown==4.8.2->-r requirements-dev.txt (line 41))
2025-08-19T16:06:21.7501679Z   Using cached docstring_parser-0.11-py3-none-any.whl
2025-08-19T16:06:21.7787830Z Collecting tomli<3.0.0,>=2.0.0 (from pydoc-markdown==4.8.2->-r requirements-dev.txt (line 41))
2025-08-19T16:06:21.7799030Z   Using cached tomli-2.2.1-cp312-cp312-manylinux_2_17_x86_64.manylinux2014_x86_64.whl.metadata (11 kB)
2025-08-19T16:06:21.7888593Z Collecting tomli_w<2.0.0,>=1.0.0 (from pydoc-markdown==4.8.2->-r requirements-dev.txt (line 41))
2025-08-19T16:06:21.7899378Z   Using cached tomli_w-1.2.0-py3-none-any.whl.metadata (5.7 kB)
2025-08-19T16:06:21.8316583Z Collecting watchdog (from pydoc-markdown==4.8.2->-r requirements-dev.txt (line 41))
2025-08-19T16:06:21.8327577Z   Using cached watchdog-6.0.0-py3-none-manylinux2014_x86_64.whl.metadata (44 kB)
2025-08-19T16:06:21.8523180Z Collecting yapf>=0.30.0 (from pydoc-markdown==4.8.2->-r requirements-dev.txt (line 41))
2025-08-19T16:06:21.8534225Z   Using cached yapf-0.43.0-py3-none-any.whl.metadata (46 kB)
2025-08-19T16:06:21.8715168Z Collecting Deprecated<2.0.0,>=1.2.12 (from docspec==2.2.1->docspec-python==2.2.2->-r requirements-dev.txt (line 40))
2025-08-19T16:06:21.8725905Z   Using cached Deprecated-1.2.18-py2.py3-none-any.whl.metadata (5.7 kB)
2025-08-19T16:06:21.8899629Z Requirement already satisfied: psycopg-binary==3.2.9 in /opt/hostedtoolcache/Python/3.12.11/x64/lib/python3.12/site-packages (from psycopg[binary]==3.2.9->-r requirements-dev.txt (line 24)) (3.2.9)
2025-08-19T16:06:21.9001616Z Requirement already satisfied: anyio in /opt/hostedtoolcache/Python/3.12.11/x64/lib/python3.12/site-packages (from httpx<0.29,>=0.27->-r requirements-dev.txt (line 15)) (4.10.0)
2025-08-19T16:06:21.9006872Z Requirement already satisfied: httpcore==1.* in /opt/hostedtoolcache/Python/3.12.11/x64/lib/python3.12/site-packages (from httpx<0.29,>=0.27->-r requirements-dev.txt (line 15)) (1.0.9)
2025-08-19T16:06:21.9122122Z Requirement already satisfied: tzdata>=2022.7 in /opt/hostedtoolcache/Python/3.12.11/x64/lib/python3.12/site-packages (from pandas==2.2.*->-r requirements-dev.txt (line 22)) (2025.2)
2025-08-19T16:06:21.9225901Z Requirement already satisfied: multimethod<=1.10.0 in /opt/hostedtoolcache/Python/3.12.11/x64/lib/python3.12/site-packages (from pandera==0.19.*->-r requirements-dev.txt (line 42)) (1.10)
2025-08-19T16:06:21.9239178Z Requirement already satisfied: typeguard in /opt/hostedtoolcache/Python/3.12.11/x64/lib/python3.12/site-packages (from pandera==0.19.*->-r requirements-dev.txt (line 42)) (4.4.4)
2025-08-19T16:06:21.9244751Z Requirement already satisfied: typing-inspect>=0.6.0 in /opt/hostedtoolcache/Python/3.12.11/x64/lib/python3.12/site-packages (from pandera==0.19.*->-r requirements-dev.txt (line 42)) (0.9.0)
2025-08-19T16:06:21.9502364Z Collecting databind<5.0.0,>=4.5.2 (from databind.core<5.0.0,>=4.4.0->pydoc-markdown==4.8.2->-r requirements-dev.txt (line 41))
2025-08-19T16:06:21.9512990Z   Using cached databind-4.5.2-py3-none-any.whl.metadata (4.3 kB)
2025-08-19T16:06:21.9657702Z Collecting nr-date<3.0.0,>=2.0.0 (from databind<5.0.0,>=4.5.2->databind.core<5.0.0,>=4.4.0->pydoc-markdown==4.8.2->-r requirements-dev.txt (line 41))
2025-08-19T16:06:21.9668271Z   Using cached nr_date-2.1.0-py3-none-any.whl.metadata (746 bytes)
2025-08-19T16:06:21.9781990Z Collecting nr-stream<2.0.0,>=1.0.0 (from databind<5.0.0,>=4.5.2->databind.core<5.0.0,>=4.4.0->pydoc-markdown==4.8.2->-r requirements-dev.txt (line 41))
2025-08-19T16:06:21.9792467Z   Using cached nr_stream-1.1.5-py3-none-any.whl.metadata (3.6 kB)
2025-08-19T16:06:21.9955987Z Collecting typeapi<3,>=2.0.1 (from databind<5.0.0,>=4.5.2->databind.core<5.0.0,>=4.4.0->pydoc-markdown==4.8.2->-r requirements-dev.txt (line 41))
2025-08-19T16:06:21.9966536Z   Using cached typeapi-2.2.4-py3-none-any.whl.metadata (1.5 kB)
2025-08-19T16:06:22.0060458Z Requirement already satisfied: h11>=0.16 in /opt/hostedtoolcache/Python/3.12.11/x64/lib/python3.12/site-packages (from httpcore==1.*->httpx<0.29,>=0.27->-r requirements-dev.txt (line 15)) (0.16.0)
2025-08-19T16:06:22.0101032Z Requirement already satisfied: amqp<6.0.0,>=5.1.1 in /opt/hostedtoolcache/Python/3.12.11/x64/lib/python3.12/site-packages (from kombu<5.6,>=5.5.2->celery==5.5.3->-r requirements-dev.txt (line 11)) (5.3.1)
2025-08-19T16:06:22.0341929Z Collecting iniconfig>=1 (from pytest<9,>=7.0.0->pytest-asyncio==0.23.6->-r requirements-dev.txt (line 27))
2025-08-19T16:06:22.0352581Z   Using cached iniconfig-2.1.0-py3-none-any.whl.metadata (2.7 kB)
2025-08-19T16:06:22.0388250Z Requirement already satisfied: pygments>=2.7.2 in /opt/hostedtoolcache/Python/3.12.11/x64/lib/python3.12/site-packages (from pytest<9,>=7.0.0->pytest-asyncio==0.23.6->-r requirements-dev.txt (line 27)) (2.19.2)
2025-08-19T16:06:22.0469830Z Requirement already satisfied: sniffio>=1.1 in /opt/hostedtoolcache/Python/3.12.11/x64/lib/python3.12/site-packages (from anyio->httpx<0.29,>=0.27->-r requirements-dev.txt (line 15)) (1.3.1)
2025-08-19T16:06:22.0612607Z Requirement already satisfied: botocore<1.35.0,>=1.34.162 in /opt/hostedtoolcache/Python/3.12.11/x64/lib/python3.12/site-packages (from boto3->-r requirements-dev.txt (line 8)) (1.34.162)
2025-08-19T16:06:22.0619935Z Requirement already satisfied: jmespath<2.0.0,>=0.7.1 in /opt/hostedtoolcache/Python/3.12.11/x64/lib/python3.12/site-packages (from boto3->-r requirements-dev.txt (line 8)) (1.0.1)
2025-08-19T16:06:22.0627150Z Requirement already satisfied: s3transfer<0.11.0,>=0.10.0 in /opt/hostedtoolcache/Python/3.12.11/x64/lib/python3.12/site-packages (from boto3->-r requirements-dev.txt (line 8)) (0.10.4)
2025-08-19T16:06:22.0745249Z Requirement already satisfied: fastapi-cli>=0.0.8 in /opt/hostedtoolcache/Python/3.12.11/x64/lib/python3.12/site-packages (from fastapi-cli[standard]>=0.0.8; extra == "all"->fastapi[all]->-r requirements-dev.txt (line 13)) (0.0.8)
2025-08-19T16:06:22.0846211Z Requirement already satisfied: ujson!=4.0.2,!=4.1.0,!=4.2.0,!=4.3.0,!=5.0.0,!=5.1.0,>=4.0.1 in /opt/hostedtoolcache/Python/3.12.11/x64/lib/python3.12/site-packages (from fastapi[all]->-r requirements-dev.txt (line 13)) (5.10.0)
2025-08-19T16:06:22.0852431Z Requirement already satisfied: orjson>=3.2.1 in /opt/hostedtoolcache/Python/3.12.11/x64/lib/python3.12/site-packages (from fastapi[all]->-r requirements-dev.txt (line 13)) (3.11.2)
2025-08-19T16:06:22.0858910Z Requirement already satisfied: email-validator>=2.0.0 in /opt/hostedtoolcache/Python/3.12.11/x64/lib/python3.12/site-packages (from fastapi[all]->-r requirements-dev.txt (line 13)) (2.2.0)
2025-08-19T16:06:22.0866730Z Requirement already satisfied: uvicorn>=0.12.0 in /opt/hostedtoolcache/Python/3.12.11/x64/lib/python3.12/site-packages (from uvicorn[standard]>=0.12.0; extra == "all"->fastapi[all]->-r requirements-dev.txt (line 13)) (0.29.0)
2025-08-19T16:06:22.0875311Z Requirement already satisfied: pydantic-settings>=2.0.0 in /opt/hostedtoolcache/Python/3.12.11/x64/lib/python3.12/site-packages (from fastapi[all]->-r requirements-dev.txt (line 13)) (2.2.1)
2025-08-19T16:06:22.0988305Z Collecting pydantic-extra-types>=2.0.0 (from fastapi[all]->-r requirements-dev.txt (line 13))
2025-08-19T16:06:22.0998782Z   Using cached pydantic_extra_types-2.10.5-py3-none-any.whl.metadata (3.9 kB)
2025-08-19T16:06:22.1245431Z Requirement already satisfied: prompt-toolkit>=3.0.36 in /opt/hostedtoolcache/Python/3.12.11/x64/lib/python3.12/site-packages (from click-repl>=0.2.0->celery==5.5.3->-r requirements-dev.txt (line 11)) (3.0.51)
2025-08-19T16:06:22.1315337Z Requirement already satisfied: dnspython>=2.0.0 in /opt/hostedtoolcache/Python/3.12.11/x64/lib/python3.12/site-packages (from email-validator>=2.0.0->fastapi[all]->-r requirements-dev.txt (line 13)) (2.7.0)
2025-08-19T16:06:22.1384218Z Requirement already satisfied: typer>=0.15.1 in /opt/hostedtoolcache/Python/3.12.11/x64/lib/python3.12/site-packages (from fastapi-cli>=0.0.8->fastapi-cli[standard]>=0.0.8; extra == "all"->fastapi[all]->-r requirements-dev.txt (line 13)) (0.16.1)
2025-08-19T16:06:22.1394099Z Requirement already satisfied: rich-toolkit>=0.14.8 in /opt/hostedtoolcache/Python/3.12.11/x64/lib/python3.12/site-packages (from fastapi-cli>=0.0.8->fastapi-cli[standard]>=0.0.8; extra == "all"->fastapi[all]->-r requirements-dev.txt (line 13)) (0.15.0)
2025-08-19T16:06:22.1497373Z Collecting fastapi-cloud-cli>=0.1.1 (from fastapi-cli[standard]>=0.0.8; extra == "all"->fastapi[all]->-r requirements-dev.txt (line 13))
2025-08-19T16:06:22.1508090Z   Using cached fastapi_cloud_cli-0.1.5-py3-none-any.whl.metadata (3.2 kB)
2025-08-19T16:06:22.2193832Z Collecting rignore>=0.5.1 (from fastapi-cloud-cli>=0.1.1->fastapi-cli[standard]>=0.0.8; extra == "all"->fastapi[all]->-r requirements-dev.txt (line 13))
2025-08-19T16:06:22.2205439Z   Using cached rignore-0.6.4-cp312-cp312-manylinux_2_17_x86_64.manylinux2014_x86_64.whl.metadata (3.8 kB)
2025-08-19T16:06:22.2716131Z Collecting sentry-sdk>=2.20.0 (from fastapi-cloud-cli>=0.1.1->fastapi-cli[standard]>=0.0.8; extra == "all"->fastapi[all]->-r requirements-dev.txt (line 13))
2025-08-19T16:06:22.2727084Z   Using cached sentry_sdk-2.35.0-py2.py3-none-any.whl.metadata (10 kB)
2025-08-19T16:06:22.4098626Z Collecting psutil>=4.0.0 (from mirakuru>=2.6.0->pytest-postgresql==7.0.2->-r requirements-dev.txt (line 29))
2025-08-19T16:06:22.4111716Z   Using cached psutil-7.0.0-cp36-abi3-manylinux_2_12_x86_64.manylinux2010_x86_64.manylinux_2_17_x86_64.manylinux2014_x86_64.whl.metadata (22 kB)
2025-08-19T16:06:22.4297384Z Requirement already satisfied: wcwidth in /opt/hostedtoolcache/Python/3.12.11/x64/lib/python3.12/site-packages (from prompt-toolkit>=3.0.36->click-repl>=0.2.0->celery==5.5.3->-r requirements-dev.txt (line 11)) (0.2.13)
2025-08-19T16:06:22.4497464Z Requirement already satisfied: rich>=13.7.1 in /opt/hostedtoolcache/Python/3.12.11/x64/lib/python3.12/site-packages (from rich-toolkit>=0.14.8->fastapi-cli>=0.0.8->fastapi-cli[standard]>=0.0.8; extra == "all"->fastapi[all]->-r requirements-dev.txt (line 13)) (14.1.0)
2025-08-19T16:06:22.4532365Z Requirement already satisfied: markdown-it-py>=2.2.0 in /opt/hostedtoolcache/Python/3.12.11/x64/lib/python3.12/site-packages (from rich>=13.7.1->rich-toolkit>=0.14.8->fastapi-cli>=0.0.8->fastapi-cli[standard]>=0.0.8; extra == "all"->fastapi[all]->-r requirements-dev.txt (line 13)) (4.0.0)
2025-08-19T16:06:22.4563018Z Requirement already satisfied: mdurl~=0.1 in /opt/hostedtoolcache/Python/3.12.11/x64/lib/python3.12/site-packages (from markdown-it-py>=2.2.0->rich>=13.7.1->rich-toolkit>=0.14.8->fastapi-cli>=0.0.8->fastapi-cli[standard]>=0.0.8; extra == "all"->fastapi[all]->-r requirements-dev.txt (line 13)) (0.1.2)
2025-08-19T16:06:22.4748543Z Requirement already satisfied: shellingham>=1.3.0 in /opt/hostedtoolcache/Python/3.12.11/x64/lib/python3.12/site-packages (from typer>=0.15.1->fastapi-cli>=0.0.8->fastapi-cli[standard]>=0.0.8; extra == "all"->fastapi[all]->-r requirements-dev.txt (line 13)) (1.5.4)
2025-08-19T16:06:22.4979685Z Requirement already satisfied: httptools>=0.5.0 in /opt/hostedtoolcache/Python/3.12.11/x64/lib/python3.12/site-packages (from uvicorn[standard]>=0.12.0; extra == "all"->fastapi[all]->-r requirements-dev.txt (line 13)) (0.6.4)
2025-08-19T16:06:22.4995540Z Requirement already satisfied: uvloop!=0.15.0,!=0.15.1,>=0.14.0 in /opt/hostedtoolcache/Python/3.12.11/x64/lib/python3.12/site-packages (from uvicorn[standard]>=0.12.0; extra == "all"->fastapi[all]->-r requirements-dev.txt (line 13)) (0.21.0)
2025-08-19T16:06:22.5002378Z Requirement already satisfied: watchfiles>=0.13 in /opt/hostedtoolcache/Python/3.12.11/x64/lib/python3.12/site-packages (from uvicorn[standard]>=0.12.0; extra == "all"->fastapi[all]->-r requirements-dev.txt (line 13)) (1.1.0)
2025-08-19T16:06:22.5009381Z Requirement already satisfied: websockets>=10.4 in /opt/hostedtoolcache/Python/3.12.11/x64/lib/python3.12/site-packages (from uvicorn[standard]>=0.12.0; extra == "all"->fastapi[all]->-r requirements-dev.txt (line 13)) (15.0.1)
2025-08-19T16:06:22.5508431Z Using cached jinja2-3.1.6-py3-none-any.whl (134 kB)
2025-08-19T16:06:22.5521391Z Using cached asyncpg-0.30.0-cp312-cp312-manylinux_2_17_x86_64.manylinux2014_x86_64.whl (3.6 MB)
2025-08-19T16:06:22.5558966Z Using cached black-25.1.0-cp312-cp312-manylinux_2_17_x86_64.manylinux2014_x86_64.manylinux_2_28_x86_64.whl (1.8 MB)
2025-08-19T16:06:22.5582113Z Using cached celery-5.5.3-py3-none-any.whl (438 kB)
2025-08-19T16:06:22.5595873Z Using cached fastapi-0.116.1-py3-none-any.whl (95 kB)
2025-08-19T16:06:22.5606852Z Using cached IMAPClient-3.0.1-py2.py3-none-any.whl (182 kB)
2025-08-19T16:06:22.5618393Z Using cached pytest_asyncio-0.23.6-py3-none-any.whl (17 kB)
2025-08-19T16:06:22.5628813Z Using cached pytest_cov-6.2.1-py3-none-any.whl (24 kB)
2025-08-19T16:06:22.5639366Z Using cached pytest_postgresql-7.0.2-py3-none-any.whl (41 kB)
2025-08-19T16:06:22.5650305Z Using cached python_telegram_bot-22.3-py3-none-any.whl (717 kB)
2025-08-19T16:06:22.5666406Z Using cached requests-2.32.4-py3-none-any.whl (64 kB)
2025-08-19T16:06:22.5677148Z Using cached respx-0.22.0-py2.py3-none-any.whl (25 kB)
2025-08-19T16:06:22.5687975Z Using cached ruff-0.4.4-py3-none-manylinux_2_17_x86_64.manylinux2014_x86_64.whl (8.7 MB)
2025-08-19T16:06:22.5763586Z Using cached sqlalchemy-2.0.43-cp312-cp312-manylinux_2_17_x86_64.manylinux2014_x86_64.whl (3.3 MB)
2025-08-19T16:06:22.5799331Z Using cached testcontainers-4.10.0-py3-none-any.whl (107 kB)
2025-08-19T16:06:22.5837344Z Downloading types_requests-2.32.4.20250809-py3-none-any.whl (20 kB)
2025-08-19T16:06:22.5885794Z Using cached docspec_python-2.2.2-py3-none-any.whl (15 kB)
2025-08-19T16:06:22.5896523Z Using cached pydoc_markdown-4.8.2-py3-none-any.whl (67 kB)
2025-08-19T16:06:22.5907330Z Using cached docspec-2.2.1-py3-none-any.whl (9.8 kB)
2025-08-19T16:06:22.5917758Z Using cached redis-6.4.0-py3-none-any.whl (279 kB)
2025-08-19T16:06:22.5930551Z Using cached httpx-0.28.1-py3-none-any.whl (73 kB)
2025-08-19T16:06:22.5941893Z Using cached mypy-1.17.1-cp312-cp312-manylinux2014_x86_64.manylinux_2_17_x86_64.manylinux_2_28_x86_64.whl (12.7 MB)
2025-08-19T16:06:22.6046873Z Using cached databind.core-4.5.2-py3-none-any.whl (1.5 kB)
2025-08-19T16:06:22.6057303Z Using cached databind-4.5.2-py3-none-any.whl (49 kB)
2025-08-19T16:06:22.6068189Z Using cached databind.json-4.5.2-py3-none-any.whl (1.5 kB)
2025-08-19T16:06:22.6078676Z Using cached Deprecated-1.2.18-py2.py3-none-any.whl (10.0 kB)
2025-08-19T16:06:22.6088935Z Using cached nr_date-2.1.0-py3-none-any.whl (10 kB)
2025-08-19T16:06:22.6099545Z Using cached nr_stream-1.1.5-py3-none-any.whl (10 kB)
2025-08-19T16:06:22.6110049Z Using cached nr.util-0.8.12-py3-none-any.whl (90 kB)
2025-08-19T16:06:22.6121201Z Using cached pytest-8.4.1-py3-none-any.whl (365 kB)
2025-08-19T16:06:22.6134257Z Using cached pluggy-1.6.0-py3-none-any.whl (20 kB)
2025-08-19T16:06:22.6144985Z Using cached starlette-0.47.2-py3-none-any.whl (72 kB)
2025-08-19T16:06:22.6156274Z Using cached tomli-2.2.1-cp312-cp312-manylinux_2_17_x86_64.manylinux2014_x86_64.whl (242 kB)
2025-08-19T16:06:22.6168303Z Using cached tomli_w-1.2.0-py3-none-any.whl (6.7 kB)
2025-08-19T16:06:22.6178598Z Using cached typeapi-2.2.4-py3-none-any.whl (26 kB)
2025-08-19T16:06:22.6189216Z Using cached itsdangerous-2.2.0-py3-none-any.whl (16 kB)
2025-08-19T16:06:22.6199725Z Using cached setuptools-80.9.0-py3-none-any.whl (1.2 MB)
2025-08-19T16:06:22.6219919Z Using cached coverage-7.10.4-cp312-cp312-manylinux1_x86_64.manylinux_2_28_x86_64.manylinux_2_5_x86_64.whl (251 kB)
2025-08-19T16:06:22.6232005Z Using cached fastapi_cloud_cli-0.1.5-py3-none-any.whl (18 kB)
2025-08-19T16:06:22.6242493Z Using cached iniconfig-2.1.0-py3-none-any.whl (6.0 kB)
2025-08-19T16:06:22.6252940Z Using cached mirakuru-2.6.1-py3-none-any.whl (26 kB)
2025-08-19T16:06:22.6263436Z Using cached pathspec-0.12.1-py3-none-any.whl (31 kB)
2025-08-19T16:06:22.6274227Z Using cached platformdirs-4.3.8-py3-none-any.whl (18 kB)
2025-08-19T16:06:22.6284782Z Using cached port_for-0.7.4-py3-none-any.whl (21 kB)
2025-08-19T16:06:22.6296087Z Using cached psutil-7.0.0-cp36-abi3-manylinux_2_12_x86_64.manylinux2010_x86_64.manylinux_2_17_x86_64.manylinux2014_x86_64.whl (277 kB)
2025-08-19T16:06:22.6308303Z Using cached pydantic_extra_types-2.10.5-py3-none-any.whl (38 kB)
2025-08-19T16:06:22.6319204Z Using cached rignore-0.6.4-cp312-cp312-manylinux_2_17_x86_64.manylinux2014_x86_64.whl (949 kB)
2025-08-19T16:06:22.6337084Z Using cached sentry_sdk-2.35.0-py2.py3-none-any.whl (363 kB)
2025-08-19T16:06:22.6350114Z Using cached yapf-0.43.0-py3-none-any.whl (256 kB)
2025-08-19T16:06:22.6362264Z Using cached docker-7.1.0-py3-none-any.whl (147 kB)
2025-08-19T16:06:22.6373815Z Using cached watchdog-6.0.0-py3-none-manylinux2014_x86_64.whl (79 kB)
2025-08-19T16:06:22.9217954Z Installing collected packages: watchdog, types-requests, typeapi, tomli_w, tomli, sqlalchemy, setuptools, sentry-sdk, ruff, rignore, requests, redis, psutil, port-for, pluggy, platformdirs, pathspec, nr-stream, nr-date, Jinja2, itsdangerous, iniconfig, imapclient, docstring-parser, Deprecated, coverage, asyncpg, yapf, starlette, pytest, nr-util, mypy, mirakuru, httpx, docker, databind, black, testcontainers, respx, python-telegram-bot, pytest-postgresql, pytest-cov, pytest-asyncio, pydantic-extra-types, fastapi, databind.json, databind.core, celery, fastapi-cloud-cli, docspec, docspec-python, pydoc-markdown
2025-08-19T16:06:23.0188019Z   Attempting uninstall: sqlalchemy
2025-08-19T16:06:23.0219172Z     Found existing installation: SQLAlchemy 2.0.29
2025-08-19T16:06:23.0430795Z     Uninstalling SQLAlchemy-2.0.29:
2025-08-19T16:06:23.0463336Z       Successfully uninstalled SQLAlchemy-2.0.29
2025-08-19T16:06:24.8882207Z   Attempting uninstall: sentry-sdk
2025-08-19T16:06:24.8914149Z     Found existing installation: sentry-sdk 2.9.0
2025-08-19T16:06:24.9039694Z     Uninstalling sentry-sdk-2.9.0:
2025-08-19T16:06:24.9061125Z       Successfully uninstalled sentry-sdk-2.9.0
2025-08-19T16:06:25.2749122Z   Attempting uninstall: requests
2025-08-19T16:06:25.2791888Z     Found existing installation: requests 2.32.5
2025-08-19T16:06:25.2820010Z     Uninstalling requests-2.32.5:
2025-08-19T16:06:25.2828525Z       Successfully uninstalled requests-2.32.5
2025-08-19T16:06:25.3197565Z   Attempting uninstall: redis
2025-08-19T16:06:25.3227363Z     Found existing installation: redis 5.0.8
2025-08-19T16:06:25.3303175Z     Uninstalling redis-5.0.8:
2025-08-19T16:06:25.3317893Z       Successfully uninstalled redis-5.0.8
2025-08-19T16:06:25.7744806Z   Attempting uninstall: Jinja2
2025-08-19T16:06:25.7792478Z     Found existing installation: Jinja2 3.1.5
2025-08-19T16:06:25.7825145Z     Uninstalling Jinja2-3.1.5:
2025-08-19T16:06:25.7833494Z       Successfully uninstalled Jinja2-3.1.5
2025-08-19T16:06:26.1092916Z   Attempting uninstall: asyncpg
2025-08-19T16:06:26.1144641Z     Found existing installation: asyncpg 0.29.0
2025-08-19T16:06:26.1191140Z     Uninstalling asyncpg-0.29.0:
2025-08-19T16:06:26.1204134Z       Successfully uninstalled asyncpg-0.29.0
2025-08-19T16:06:26.3880962Z   Attempting uninstall: starlette
2025-08-19T16:06:26.3930379Z     Found existing installation: starlette 0.37.2
2025-08-19T16:06:26.3971296Z     Uninstalling starlette-0.37.2:
2025-08-19T16:06:26.3983222Z       Successfully uninstalled starlette-0.37.2
2025-08-19T16:06:28.1448873Z   Attempting uninstall: httpx
2025-08-19T16:06:28.1498130Z     Found existing installation: httpx 0.26.0
2025-08-19T16:06:28.1533752Z     Uninstalling httpx-0.26.0:
2025-08-19T16:06:28.1546821Z       Successfully uninstalled httpx-0.26.0
2025-08-19T16:06:28.5768880Z   Attempting uninstall: python-telegram-bot
2025-08-19T16:06:28.5816202Z     Found existing installation: python-telegram-bot 20.8
2025-08-19T16:06:28.5969465Z     Uninstalling python-telegram-bot-20.8:
2025-08-19T16:06:28.5992302Z       Successfully uninstalled python-telegram-bot-20.8
2025-08-19T16:06:29.0321130Z   Attempting uninstall: fastapi
2025-08-19T16:06:29.0365779Z     Found existing installation: fastapi 0.111.0
2025-08-19T16:06:29.0416510Z     Uninstalling fastapi-0.111.0:
2025-08-19T16:06:29.0429051Z       Successfully uninstalled fastapi-0.111.0
2025-08-19T16:06:29.1269003Z   Attempting uninstall: celery
2025-08-19T16:06:29.1309939Z     Found existing installation: celery 5.4.0
2025-08-19T16:06:29.1453370Z     Uninstalling celery-5.4.0:
2025-08-19T16:06:29.1481271Z       Successfully uninstalled celery-5.4.0
2025-08-19T16:06:29.5448770Z 
2025-08-19T16:06:29.5564847Z Successfully installed Deprecated-1.2.18 Jinja2-3.1.6 asyncpg-0.30.0 black-25.1.0 celery-5.5.3 coverage-7.10.4 databind-4.5.2 databind.core-4.5.2 databind.json-4.5.2 docker-7.1.0 docspec-2.2.1 docspec-python-2.2.2 docstring-parser-0.11 fastapi-0.116.1 fastapi-cloud-cli-0.1.5 httpx-0.28.1 imapclient-3.0.1 iniconfig-2.1.0 itsdangerous-2.2.0 mirakuru-2.6.1 mypy-1.17.1 nr-date-2.1.0 nr-stream-1.1.5 nr-util-0.8.12 pathspec-0.12.1 platformdirs-4.3.8 pluggy-1.6.0 port-for-0.7.4 psutil-7.0.0 pydantic-extra-types-2.10.5 pydoc-markdown-4.8.2 pytest-8.4.1 pytest-asyncio-0.23.6 pytest-cov-6.2.1 pytest-postgresql-7.0.2 python-telegram-bot-22.3 redis-6.4.0 requests-2.32.4 respx-0.22.0 rignore-0.6.4 ruff-0.4.4 sentry-sdk-2.35.0 setuptools-80.9.0 sqlalchemy-2.0.43 starlette-0.47.2 testcontainers-4.10.0 tomli-2.2.1 tomli_w-1.2.0 typeapi-2.2.4 types-requests-2.32.4.20250809 watchdog-6.0.0 yapf-0.43.0
2025-08-19T16:06:30.2092743Z Requirement already satisfied: asyncpg in /opt/hostedtoolcache/Python/3.12.11/x64/lib/python3.12/site-packages (0.30.0)
2025-08-19T16:06:30.8106109Z Requirement already satisfied: pytest in /opt/hostedtoolcache/Python/3.12.11/x64/lib/python3.12/site-packages (8.4.1)
2025-08-19T16:06:30.8120177Z Requirement already satisfied: iniconfig>=1 in /opt/hostedtoolcache/Python/3.12.11/x64/lib/python3.12/site-packages (from pytest) (2.1.0)
2025-08-19T16:06:30.8126536Z Requirement already satisfied: packaging>=20 in /opt/hostedtoolcache/Python/3.12.11/x64/lib/python3.12/site-packages (from pytest) (25.0)
2025-08-19T16:06:30.8132090Z Requirement already satisfied: pluggy<2,>=1.5 in /opt/hostedtoolcache/Python/3.12.11/x64/lib/python3.12/site-packages (from pytest) (1.6.0)
2025-08-19T16:06:30.8137343Z Requirement already satisfied: pygments>=2.7.2 in /opt/hostedtoolcache/Python/3.12.11/x64/lib/python3.12/site-packages (from pytest) (2.19.2)
2025-08-19T16:06:31.4631882Z Collecting keepa==1.3.15
2025-08-19T16:06:31.4644819Z   Using cached keepa-1.3.15-py3-none-any.whl.metadata (11 kB)
2025-08-19T16:06:31.4681946Z Requirement already satisfied: minio==7.1.15 in /opt/hostedtoolcache/Python/3.12.11/x64/lib/python3.12/site-packages (7.1.15)
2025-08-19T16:06:31.4690610Z Requirement already satisfied: numpy>=1.9.3 in /opt/hostedtoolcache/Python/3.12.11/x64/lib/python3.12/site-packages (from keepa==1.3.15) (1.26.4)
2025-08-19T16:06:31.4695943Z Requirement already satisfied: requests>=2.2 in /opt/hostedtoolcache/Python/3.12.11/x64/lib/python3.12/site-packages (from keepa==1.3.15) (2.32.4)
2025-08-19T16:06:31.4699474Z Requirement already satisfied: tqdm in /opt/hostedtoolcache/Python/3.12.11/x64/lib/python3.12/site-packages (from keepa==1.3.15) (4.67.1)
2025-08-19T16:06:31.4702901Z Requirement already satisfied: aiohttp in /opt/hostedtoolcache/Python/3.12.11/x64/lib/python3.12/site-packages (from keepa==1.3.15) (3.12.15)
2025-08-19T16:06:31.4708270Z Requirement already satisfied: pandas<=3.0 in /opt/hostedtoolcache/Python/3.12.11/x64/lib/python3.12/site-packages (from keepa==1.3.15) (2.2.3)
2025-08-19T16:06:31.4711623Z Requirement already satisfied: pydantic in /opt/hostedtoolcache/Python/3.12.11/x64/lib/python3.12/site-packages (from keepa==1.3.15) (2.11.7)
2025-08-19T16:06:31.4721687Z Requirement already satisfied: certifi in /opt/hostedtoolcache/Python/3.12.11/x64/lib/python3.12/site-packages (from minio==7.1.15) (2025.8.3)
2025-08-19T16:06:31.4725824Z Requirement already satisfied: urllib3 in /opt/hostedtoolcache/Python/3.12.11/x64/lib/python3.12/site-packages (from minio==7.1.15) (2.5.0)
2025-08-19T16:06:31.4780600Z Requirement already satisfied: python-dateutil>=2.8.2 in /opt/hostedtoolcache/Python/3.12.11/x64/lib/python3.12/site-packages (from pandas<=3.0->keepa==1.3.15) (2.9.0.post0)
2025-08-19T16:06:31.4785700Z Requirement already satisfied: pytz>=2020.1 in /opt/hostedtoolcache/Python/3.12.11/x64/lib/python3.12/site-packages (from pandas<=3.0->keepa==1.3.15) (2025.2)
2025-08-19T16:06:31.4790525Z Requirement already satisfied: tzdata>=2022.7 in /opt/hostedtoolcache/Python/3.12.11/x64/lib/python3.12/site-packages (from pandas<=3.0->keepa==1.3.15) (2025.2)
2025-08-19T16:06:31.4922326Z Requirement already satisfied: six>=1.5 in /opt/hostedtoolcache/Python/3.12.11/x64/lib/python3.12/site-packages (from python-dateutil>=2.8.2->pandas<=3.0->keepa==1.3.15) (1.17.0)
2025-08-19T16:06:31.4941235Z Requirement already satisfied: charset_normalizer<4,>=2 in /opt/hostedtoolcache/Python/3.12.11/x64/lib/python3.12/site-packages (from requests>=2.2->keepa==1.3.15) (3.4.3)
2025-08-19T16:06:31.4946882Z Requirement already satisfied: idna<4,>=2.5 in /opt/hostedtoolcache/Python/3.12.11/x64/lib/python3.12/site-packages (from requests>=2.2->keepa==1.3.15) (3.10)
2025-08-19T16:06:31.5015416Z Requirement already satisfied: aiohappyeyeballs>=2.5.0 in /opt/hostedtoolcache/Python/3.12.11/x64/lib/python3.12/site-packages (from aiohttp->keepa==1.3.15) (2.6.1)
2025-08-19T16:06:31.5020369Z Requirement already satisfied: aiosignal>=1.4.0 in /opt/hostedtoolcache/Python/3.12.11/x64/lib/python3.12/site-packages (from aiohttp->keepa==1.3.15) (1.4.0)
2025-08-19T16:06:31.5027226Z Requirement already satisfied: attrs>=17.3.0 in /opt/hostedtoolcache/Python/3.12.11/x64/lib/python3.12/site-packages (from aiohttp->keepa==1.3.15) (25.3.0)
2025-08-19T16:06:31.5031930Z Requirement already satisfied: frozenlist>=1.1.1 in /opt/hostedtoolcache/Python/3.12.11/x64/lib/python3.12/site-packages (from aiohttp->keepa==1.3.15) (1.7.0)
2025-08-19T16:06:31.5037669Z Requirement already satisfied: multidict<7.0,>=4.5 in /opt/hostedtoolcache/Python/3.12.11/x64/lib/python3.12/site-packages (from aiohttp->keepa==1.3.15) (6.6.4)
2025-08-19T16:06:31.5043051Z Requirement already satisfied: propcache>=0.2.0 in /opt/hostedtoolcache/Python/3.12.11/x64/lib/python3.12/site-packages (from aiohttp->keepa==1.3.15) (0.3.2)
2025-08-19T16:06:31.5048717Z Requirement already satisfied: yarl<2.0,>=1.17.0 in /opt/hostedtoolcache/Python/3.12.11/x64/lib/python3.12/site-packages (from aiohttp->keepa==1.3.15) (1.20.1)
2025-08-19T16:06:31.5107479Z Requirement already satisfied: typing-extensions>=4.2 in /opt/hostedtoolcache/Python/3.12.11/x64/lib/python3.12/site-packages (from aiosignal>=1.4.0->aiohttp->keepa==1.3.15) (4.14.1)
2025-08-19T16:06:31.5199521Z Requirement already satisfied: annotated-types>=0.6.0 in /opt/hostedtoolcache/Python/3.12.11/x64/lib/python3.12/site-packages (from pydantic->keepa==1.3.15) (0.7.0)
2025-08-19T16:06:31.5204928Z Requirement already satisfied: pydantic-core==2.33.2 in /opt/hostedtoolcache/Python/3.12.11/x64/lib/python3.12/site-packages (from pydantic->keepa==1.3.15) (2.33.2)
2025-08-19T16:06:31.5212125Z Requirement already satisfied: typing-inspection>=0.4.0 in /opt/hostedtoolcache/Python/3.12.11/x64/lib/python3.12/site-packages (from pydantic->keepa==1.3.15) (0.4.1)
2025-08-19T16:06:31.5292990Z Using cached keepa-1.3.15-py3-none-any.whl (38 kB)
2025-08-19T16:06:31.6944731Z Installing collected packages: keepa
2025-08-19T16:06:31.6945732Z   Attempting uninstall: keepa
2025-08-19T16:06:31.6979681Z     Found existing installation: keepa 1.3.14
2025-08-19T16:06:31.7001927Z     Uninstalling keepa-1.3.14:
2025-08-19T16:06:31.7010256Z       Successfully uninstalled keepa-1.3.14
2025-08-19T16:06:31.7429064Z Successfully installed keepa-1.3.15
2025-08-19T16:06:31.7967677Z ##[group]Run actions/setup-node@v4
2025-08-19T16:06:31.7967942Z with:
2025-08-19T16:06:31.7968123Z   node-version: 20.19.0
2025-08-19T16:06:31.7968326Z   always-auth: false
2025-08-19T16:06:31.7968534Z   check-latest: false
2025-08-19T16:06:31.7968816Z   token: ***
2025-08-19T16:06:31.7968991Z env:
2025-08-19T16:06:31.7969183Z   REDIS_URL: redis://localhost:6379/0
2025-08-19T16:06:31.7969452Z   RATE_LIMIT_DEFAULT: 100/minute
2025-08-19T16:06:31.7969680Z   TRUST_X_FORWARDED: 1
2025-08-19T16:06:31.7969881Z   PG_USER: postgres
2025-08-19T16:06:31.7970066Z   PG_PASSWORD: pass
2025-08-19T16:06:31.7970252Z   PG_DATABASE: awa
2025-08-19T16:06:31.7970435Z   PG_HOST: localhost
2025-08-19T16:06:31.7970623Z   PG_PORT: 5432
2025-08-19T16:06:31.7970984Z   PG_SYNC_DSN: ***localhost:5432/awa
2025-08-19T16:06:31.7971383Z   PG_ASYNC_DSN: ***localhost:5432/awa
2025-08-19T16:06:31.7971767Z   DATABASE_URL: ***localhost:5432/awa
2025-08-19T16:06:31.7972010Z   DATA_DIR: /tmp/awa-data
2025-08-19T16:06:31.7972251Z   ENABLE_LIVE: 0
2025-08-19T16:06:31.7972431Z   TESTING: 1
2025-08-19T16:06:31.7972690Z   pythonLocation: /opt/hostedtoolcache/Python/3.12.11/x64
2025-08-19T16:06:31.7973088Z   PKG_CONFIG_PATH: /opt/hostedtoolcache/Python/3.12.11/x64/lib/pkgconfig
2025-08-19T16:06:31.7973478Z   Python_ROOT_DIR: /opt/hostedtoolcache/Python/3.12.11/x64
2025-08-19T16:06:31.7973821Z   Python2_ROOT_DIR: /opt/hostedtoolcache/Python/3.12.11/x64
2025-08-19T16:06:31.7974427Z   Python3_ROOT_DIR: /opt/hostedtoolcache/Python/3.12.11/x64
2025-08-19T16:06:31.7974778Z   LD_LIBRARY_PATH: /opt/hostedtoolcache/Python/3.12.11/x64/lib
2025-08-19T16:06:31.7975069Z ##[endgroup]
2025-08-19T16:06:31.9653862Z Attempting to download 20.19.0...
2025-08-19T16:06:32.4327491Z Acquiring 20.19.0 - x64 from https://github.com/actions/node-versions/releases/download/20.19.0-13838090974/node-20.19.0-linux-x64.tar.gz
2025-08-19T16:06:32.8330469Z Extracting ...
2025-08-19T16:06:32.8439102Z [command]/usr/bin/tar xz --strip 1 --warning=no-unknown-keyword --overwrite -C /home/runner/work/_temp/c9e2e23d-9d0d-4198-a80c-fbeb3b7f14d3 -f /home/runner/work/_temp/f6f02e1e-3999-4ae1-a288-3283c22c0579
2025-08-19T16:06:33.8534310Z Adding to the cache ...
2025-08-19T16:06:35.4447963Z ##[group]Environment details
2025-08-19T16:06:35.6612771Z node: v20.19.0
2025-08-19T16:06:35.6613172Z npm: 10.8.2
2025-08-19T16:06:35.6613469Z yarn: 1.22.22
2025-08-19T16:06:35.6614424Z ##[endgroup]
2025-08-19T16:06:35.6755453Z ##[group]Run npm ci
2025-08-19T16:06:35.6755693Z [36;1mnpm ci[0m
2025-08-19T16:06:35.6796600Z shell: /usr/bin/bash -e {0}
2025-08-19T16:06:35.6796840Z env:
2025-08-19T16:06:35.6797050Z   REDIS_URL: redis://localhost:6379/0
2025-08-19T16:06:35.6797324Z   RATE_LIMIT_DEFAULT: 100/minute
2025-08-19T16:06:35.6797563Z   TRUST_X_FORWARDED: 1
2025-08-19T16:06:35.6797770Z   PG_USER: postgres
2025-08-19T16:06:35.6797966Z   PG_PASSWORD: pass
2025-08-19T16:06:35.6798159Z   PG_DATABASE: awa
2025-08-19T16:06:35.6798348Z   PG_HOST: localhost
2025-08-19T16:06:35.6798542Z   PG_PORT: 5432
2025-08-19T16:06:35.6798968Z   PG_SYNC_DSN: ***localhost:5432/awa
2025-08-19T16:06:35.6799392Z   PG_ASYNC_DSN: ***localhost:5432/awa
2025-08-19T16:06:35.6799804Z   DATABASE_URL: ***localhost:5432/awa
2025-08-19T16:06:35.6800071Z   DATA_DIR: /tmp/awa-data
2025-08-19T16:06:35.6800283Z   ENABLE_LIVE: 0
2025-08-19T16:06:35.6800459Z   TESTING: 1
2025-08-19T16:06:35.6800756Z   pythonLocation: /opt/hostedtoolcache/Python/3.12.11/x64
2025-08-19T16:06:35.6801167Z   PKG_CONFIG_PATH: /opt/hostedtoolcache/Python/3.12.11/x64/lib/pkgconfig
2025-08-19T16:06:35.6801563Z   Python_ROOT_DIR: /opt/hostedtoolcache/Python/3.12.11/x64
2025-08-19T16:06:35.6801920Z   Python2_ROOT_DIR: /opt/hostedtoolcache/Python/3.12.11/x64
2025-08-19T16:06:35.6802281Z   Python3_ROOT_DIR: /opt/hostedtoolcache/Python/3.12.11/x64
2025-08-19T16:06:35.6802640Z   LD_LIBRARY_PATH: /opt/hostedtoolcache/Python/3.12.11/x64/lib
2025-08-19T16:06:35.6802939Z ##[endgroup]
2025-08-19T16:06:38.2600269Z npm warn deprecated node-domexception@1.0.0: Use your platform's native DOMException instead
2025-08-19T16:06:41.4965852Z 
2025-08-19T16:06:41.4966717Z added 432 packages, and audited 433 packages in 6s
2025-08-19T16:06:41.4967182Z 
2025-08-19T16:06:41.4967491Z 112 packages are looking for funding
2025-08-19T16:06:41.4968021Z   run `npm fund` for details
2025-08-19T16:06:41.4985623Z 
2025-08-19T16:06:41.4986130Z 2 vulnerabilities (1 low, 1 critical)
2025-08-19T16:06:41.4986512Z 
2025-08-19T16:06:41.4986770Z To address all issues, run:
2025-08-19T16:06:41.4987199Z   npm audit fix
2025-08-19T16:06:41.4987420Z 
2025-08-19T16:06:41.4987614Z Run `npm audit` for details.
2025-08-19T16:06:41.5246810Z ##[group]Run npm run build --if-present
2025-08-19T16:06:41.5247143Z [36;1mnpm run build --if-present[0m
2025-08-19T16:06:41.5288835Z shell: /usr/bin/bash -e {0}
2025-08-19T16:06:41.5289068Z env:
2025-08-19T16:06:41.5289281Z   REDIS_URL: redis://localhost:6379/0
2025-08-19T16:06:41.5289555Z   RATE_LIMIT_DEFAULT: 100/minute
2025-08-19T16:06:41.5289785Z   TRUST_X_FORWARDED: 1
2025-08-19T16:06:41.5289987Z   PG_USER: postgres
2025-08-19T16:06:41.5290175Z   PG_PASSWORD: pass
2025-08-19T16:06:41.5290361Z   PG_DATABASE: awa
2025-08-19T16:06:41.5290546Z   PG_HOST: localhost
2025-08-19T16:06:41.5290751Z   PG_PORT: 5432
2025-08-19T16:06:41.5291185Z   PG_SYNC_DSN: ***localhost:5432/awa
2025-08-19T16:06:41.5291601Z   PG_ASYNC_DSN: ***localhost:5432/awa
2025-08-19T16:06:41.5291984Z   DATABASE_URL: ***localhost:5432/awa
2025-08-19T16:06:41.5292224Z   DATA_DIR: /tmp/awa-data
2025-08-19T16:06:41.5292434Z   ENABLE_LIVE: 0
2025-08-19T16:06:41.5292614Z   TESTING: 1
2025-08-19T16:06:41.5292881Z   pythonLocation: /opt/hostedtoolcache/Python/3.12.11/x64
2025-08-19T16:06:41.5293282Z   PKG_CONFIG_PATH: /opt/hostedtoolcache/Python/3.12.11/x64/lib/pkgconfig
2025-08-19T16:06:41.5293663Z   Python_ROOT_DIR: /opt/hostedtoolcache/Python/3.12.11/x64
2025-08-19T16:06:41.5294128Z   Python2_ROOT_DIR: /opt/hostedtoolcache/Python/3.12.11/x64
2025-08-19T16:06:41.5294680Z   Python3_ROOT_DIR: /opt/hostedtoolcache/Python/3.12.11/x64
2025-08-19T16:06:41.5295037Z   LD_LIBRARY_PATH: /opt/hostedtoolcache/Python/3.12.11/x64/lib
2025-08-19T16:06:41.5295327Z ##[endgroup]
2025-08-19T16:06:41.6351419Z 
2025-08-19T16:06:41.6351754Z > web@0.0.0 build
2025-08-19T16:06:41.6352343Z > tsc -b && vite build
2025-08-19T16:06:41.6352505Z 
2025-08-19T16:06:44.2906680Z [36mvite v7.0.4 [32mbuilding for production...[36m[39m
2025-08-19T16:06:44.4832577Z transforming...
2025-08-19T16:06:47.7240709Z [32m✓[39m 687 modules transformed.
2025-08-19T16:06:48.0883264Z rendering chunks...
2025-08-19T16:06:48.0964414Z computing gzip size...
2025-08-19T16:06:48.1143054Z [2mdist/[22m[32mindex.html                 [39m[1m[2m  0.46 kB[22m[1m[22m[2m │ gzip:   0.30 kB[22m
2025-08-19T16:06:48.1144953Z [2mdist/[22m[2massets/[22m[35mindex-5IA1gRGW.css  [39m[1m[2m  0.84 kB[22m[1m[22m[2m │ gzip:   0.45 kB[22m
2025-08-19T16:06:48.1146659Z [2mdist/[22m[2massets/[22m[36mindex-CIqpArhq.js   [39m[1m[33m613.66 kB[39m[22m[2m │ gzip: 193.69 kB[22m
2025-08-19T16:06:48.1147686Z [33m
2025-08-19T16:06:48.1148447Z (!) Some chunks are larger than 500 kB after minification. Consider:
2025-08-19T16:06:48.1149358Z - Using dynamic import() to code-split the application
2025-08-19T16:06:48.1150487Z - Use build.rollupOptions.output.manualChunks to improve chunking: https://rollupjs.org/configuration-options/#output-manualchunks
2025-08-19T16:06:48.1151452Z - Adjust chunk size limit for this warning via build.chunkSizeWarningLimit.[39m
2025-08-19T16:06:48.1152031Z [32m✓ built in 3.80s[39m
2025-08-19T16:06:48.1597297Z ##[group]Run sudo apt-get update
2025-08-19T16:06:48.1597605Z [36;1msudo apt-get update[0m
2025-08-19T16:06:48.1597864Z [36;1msudo apt-get install -y postgresql[0m
2025-08-19T16:06:48.1598342Z [36;1mecho "/usr/lib/postgresql/$(pg_config --version | cut -d' ' -f2 | cut -d'.' -f1,2)/bin" >> $GITHUB_PATH[0m
2025-08-19T16:06:48.1643664Z shell: /usr/bin/bash -e {0}
2025-08-19T16:06:48.1644308Z env:
2025-08-19T16:06:48.1644661Z   REDIS_URL: redis://localhost:6379/0
2025-08-19T16:06:48.1645135Z   RATE_LIMIT_DEFAULT: 100/minute
2025-08-19T16:06:48.1645569Z   TRUST_X_FORWARDED: 1
2025-08-19T16:06:48.1645940Z   PG_USER: postgres
2025-08-19T16:06:48.1646279Z   PG_PASSWORD: pass
2025-08-19T16:06:48.1646610Z   PG_DATABASE: awa
2025-08-19T16:06:48.1646897Z   PG_HOST: localhost
2025-08-19T16:06:48.1647224Z   PG_PORT: 5432
2025-08-19T16:06:48.1647867Z   PG_SYNC_DSN: ***localhost:5432/awa
2025-08-19T16:06:48.1648671Z   PG_ASYNC_DSN: ***localhost:5432/awa
2025-08-19T16:06:48.1649258Z   DATABASE_URL: ***localhost:5432/awa
2025-08-19T16:06:48.1649557Z   DATA_DIR: /tmp/awa-data
2025-08-19T16:06:48.1649761Z   ENABLE_LIVE: 0
2025-08-19T16:06:48.1649974Z   TESTING: 1
2025-08-19T16:06:48.1650294Z   pythonLocation: /opt/hostedtoolcache/Python/3.12.11/x64
2025-08-19T16:06:48.1651019Z   PKG_CONFIG_PATH: /opt/hostedtoolcache/Python/3.12.11/x64/lib/pkgconfig
2025-08-19T16:06:48.1651474Z   Python_ROOT_DIR: /opt/hostedtoolcache/Python/3.12.11/x64
2025-08-19T16:06:48.1651912Z   Python2_ROOT_DIR: /opt/hostedtoolcache/Python/3.12.11/x64
2025-08-19T16:06:48.1652278Z   Python3_ROOT_DIR: /opt/hostedtoolcache/Python/3.12.11/x64
2025-08-19T16:06:48.1652701Z   LD_LIBRARY_PATH: /opt/hostedtoolcache/Python/3.12.11/x64/lib
2025-08-19T16:06:48.1653044Z ##[endgroup]
2025-08-19T16:06:48.2461873Z Get:1 file:/etc/apt/apt-mirrors.txt Mirrorlist [144 B]
2025-08-19T16:06:48.2776196Z Hit:2 http://azure.archive.ubuntu.com/ubuntu noble InRelease
2025-08-19T16:06:48.2797272Z Get:3 http://azure.archive.ubuntu.com/ubuntu noble-updates InRelease [126 kB]
2025-08-19T16:06:48.2865596Z Get:4 http://azure.archive.ubuntu.com/ubuntu noble-backports InRelease [126 kB]
2025-08-19T16:06:48.2880676Z Get:5 http://azure.archive.ubuntu.com/ubuntu noble-security InRelease [126 kB]
2025-08-19T16:06:48.3009765Z Hit:6 https://packages.microsoft.com/repos/azure-cli noble InRelease
2025-08-19T16:06:48.3496183Z Get:7 https://packages.microsoft.com/ubuntu/24.04/prod noble InRelease [3600 B]
2025-08-19T16:06:48.4045764Z Get:8 http://azure.archive.ubuntu.com/ubuntu noble-updates/main amd64 Packages [1337 kB]
2025-08-19T16:06:48.4195226Z Get:9 http://azure.archive.ubuntu.com/ubuntu noble-updates/main Translation-en [267 kB]
2025-08-19T16:06:48.4219562Z Get:10 http://azure.archive.ubuntu.com/ubuntu noble-updates/main amd64 Components [175 kB]
2025-08-19T16:06:48.4244915Z Get:11 http://azure.archive.ubuntu.com/ubuntu noble-updates/universe amd64 Packages [1121 kB]
2025-08-19T16:06:48.4309392Z Get:12 http://azure.archive.ubuntu.com/ubuntu noble-updates/universe Translation-en [288 kB]
2025-08-19T16:06:48.4338498Z Get:13 http://azure.archive.ubuntu.com/ubuntu noble-updates/universe amd64 Components [377 kB]
2025-08-19T16:06:48.4367761Z Get:14 http://azure.archive.ubuntu.com/ubuntu noble-updates/restricted amd64 Packages [1700 kB]
2025-08-19T16:06:48.4477025Z Get:15 http://azure.archive.ubuntu.com/ubuntu noble-updates/restricted Translation-en [375 kB]
2025-08-19T16:06:48.4571147Z Get:16 http://azure.archive.ubuntu.com/ubuntu noble-updates/restricted amd64 Components [212 B]
2025-08-19T16:06:48.4614195Z Get:17 http://azure.archive.ubuntu.com/ubuntu noble-updates/multiverse amd64 Components [940 B]
2025-08-19T16:06:48.5114317Z Get:18 http://azure.archive.ubuntu.com/ubuntu noble-backports/main amd64 Components [7072 B]
2025-08-19T16:06:48.5134396Z Get:19 http://azure.archive.ubuntu.com/ubuntu noble-backports/universe amd64 Packages [30.2 kB]
2025-08-19T16:06:48.5141537Z Get:20 http://azure.archive.ubuntu.com/ubuntu noble-backports/universe Translation-en [17.4 kB]
2025-08-19T16:06:48.5163357Z Get:21 http://azure.archive.ubuntu.com/ubuntu noble-backports/universe amd64 Components [19.2 kB]
2025-08-19T16:06:48.5179084Z Get:22 http://azure.archive.ubuntu.com/ubuntu noble-backports/restricted amd64 Components [216 B]
2025-08-19T16:06:48.5193744Z Get:23 http://azure.archive.ubuntu.com/ubuntu noble-backports/multiverse amd64 Components [212 B]
2025-08-19T16:06:48.5198917Z Get:24 http://azure.archive.ubuntu.com/ubuntu noble-security/main amd64 Packages [1075 kB]
2025-08-19T16:06:48.5268108Z Get:25 http://azure.archive.ubuntu.com/ubuntu noble-security/main Translation-en [186 kB]
2025-08-19T16:06:48.5292907Z Get:26 http://azure.archive.ubuntu.com/ubuntu noble-security/main amd64 Components [21.6 kB]
2025-08-19T16:06:48.5301582Z Get:27 http://azure.archive.ubuntu.com/ubuntu noble-security/universe amd64 Packages [879 kB]
2025-08-19T16:06:48.5386534Z Get:28 http://azure.archive.ubuntu.com/ubuntu noble-security/universe Translation-en [195 kB]
2025-08-19T16:06:48.5414923Z Get:29 http://azure.archive.ubuntu.com/ubuntu noble-security/universe amd64 Components [52.2 kB]
2025-08-19T16:06:48.5431137Z Get:30 http://azure.archive.ubuntu.com/ubuntu noble-security/restricted amd64 Packages [1610 kB]
2025-08-19T16:06:48.5519697Z Get:31 http://azure.archive.ubuntu.com/ubuntu noble-security/restricted Translation-en [357 kB]
2025-08-19T16:06:48.5985594Z Get:32 http://azure.archive.ubuntu.com/ubuntu noble-security/restricted amd64 Components [212 B]
2025-08-19T16:06:48.5997117Z Get:33 http://azure.archive.ubuntu.com/ubuntu noble-security/multiverse amd64 Components [212 B]
2025-08-19T16:06:48.6237629Z Get:34 https://packages.microsoft.com/ubuntu/24.04/prod noble/main amd64 Packages [47.9 kB]
2025-08-19T16:06:48.6368160Z Get:35 https://packages.microsoft.com/ubuntu/24.04/prod noble/main arm64 Packages [33.1 kB]
2025-08-19T16:06:52.2930958Z Fetched 10.6 MB in 1s (8486 kB/s)
2025-08-19T16:06:52.9615229Z Reading package lists...
2025-08-19T16:06:52.9929831Z Reading package lists...
2025-08-19T16:06:53.1398439Z Building dependency tree...
2025-08-19T16:06:53.1405537Z Reading state information...
2025-08-19T16:06:53.2936651Z Suggested packages:
2025-08-19T16:06:53.2937067Z   postgresql-doc
2025-08-19T16:06:53.3160043Z The following NEW packages will be installed:
2025-08-19T16:06:53.3160635Z   postgresql
2025-08-19T16:06:53.3341563Z 0 upgraded, 1 newly installed, 0 to remove and 39 not upgraded.
2025-08-19T16:06:53.3341987Z Need to get 11.6 kB of archives.
2025-08-19T16:06:53.3342406Z After this operation, 17.4 kB of additional disk space will be used.
2025-08-19T16:06:53.3342865Z Get:1 file:/etc/apt/apt-mirrors.txt Mirrorlist [144 B]
2025-08-19T16:06:53.3780322Z Get:2 http://azure.archive.ubuntu.com/ubuntu noble-updates/main amd64 postgresql all 16+257build1.1 [11.6 kB]
2025-08-19T16:06:53.6290563Z Fetched 11.6 kB in 0s (210 kB/s)
2025-08-19T16:06:53.6574797Z Selecting previously unselected package postgresql.
2025-08-19T16:06:53.7373629Z (Reading database ... 
2025-08-19T16:06:53.7374262Z (Reading database ... 5%
2025-08-19T16:06:53.7374660Z (Reading database ... 10%
2025-08-19T16:06:53.7375008Z (Reading database ... 15%
2025-08-19T16:06:53.7375350Z (Reading database ... 20%
2025-08-19T16:06:53.7375688Z (Reading database ... 25%
2025-08-19T16:06:53.7376020Z (Reading database ... 30%
2025-08-19T16:06:53.7376351Z (Reading database ... 35%
2025-08-19T16:06:53.7376682Z (Reading database ... 40%
2025-08-19T16:06:53.7377011Z (Reading database ... 45%
2025-08-19T16:06:53.7377344Z (Reading database ... 50%
2025-08-19T16:06:54.1340851Z (Reading database ... 55%
2025-08-19T16:06:54.3132268Z (Reading database ... 60%
2025-08-19T16:06:54.5721304Z (Reading database ... 65%
2025-08-19T16:06:54.8156064Z (Reading database ... 70%
2025-08-19T16:06:54.9008481Z (Reading database ... 75%
2025-08-19T16:06:55.4684927Z (Reading database ... 80%
2025-08-19T16:06:56.1909088Z (Reading database ... 85%
2025-08-19T16:06:56.9427650Z (Reading database ... 90%
2025-08-19T16:06:57.6120539Z (Reading database ... 95%
2025-08-19T16:06:57.6121547Z (Reading database ... 100%
2025-08-19T16:06:57.6122236Z (Reading database ... 219881 files and directories currently installed.)
2025-08-19T16:06:57.6166325Z Preparing to unpack .../postgresql_16+257build1.1_all.deb ...
2025-08-19T16:06:57.6194550Z Unpacking postgresql (16+257build1.1) ...
2025-08-19T16:06:57.6549868Z Setting up postgresql (16+257build1.1) ...
2025-08-19T16:06:58.7465488Z 
2025-08-19T16:06:58.7466233Z Running kernel seems to be up-to-date.
2025-08-19T16:06:58.7466538Z 
2025-08-19T16:06:58.7466685Z Restarting services...
2025-08-19T16:06:58.7537352Z 
2025-08-19T16:06:58.7537646Z Service restarts being deferred:
2025-08-19T16:06:58.7538977Z  systemctl restart hosted-compute-agent.service
2025-08-19T16:06:58.7539334Z 
2025-08-19T16:06:58.7539586Z No containers need to be restarted.
2025-08-19T16:06:58.7539826Z 
2025-08-19T16:06:58.7541594Z No user sessions are running outdated binaries.
2025-08-19T16:06:58.7541960Z 
2025-08-19T16:06:58.7542454Z No VM guests are running outdated hypervisor (qemu) binaries on this host.
2025-08-19T16:06:59.5265250Z ##[group]Run for i in {1..30}; do pg_isready -h localhost -p 5432 -U postgres -d awa && break; sleep 1; done
2025-08-19T16:06:59.5265894Z [36;1mfor i in {1..30}; do pg_isready -h localhost -p 5432 -U postgres -d awa && break; sleep 1; done[0m
2025-08-19T16:06:59.5306202Z shell: /usr/bin/bash -e {0}
2025-08-19T16:06:59.5306436Z env:
2025-08-19T16:06:59.5306649Z   REDIS_URL: redis://localhost:6379/0
2025-08-19T16:06:59.5306913Z   RATE_LIMIT_DEFAULT: 100/minute
2025-08-19T16:06:59.5307138Z   TRUST_X_FORWARDED: 1
2025-08-19T16:06:59.5307345Z   PG_USER: postgres
2025-08-19T16:06:59.5307532Z   PG_PASSWORD: pass
2025-08-19T16:06:59.5307735Z   PG_DATABASE: awa
2025-08-19T16:06:59.5307923Z   PG_HOST: localhost
2025-08-19T16:06:59.5308114Z   PG_PORT: 5432
2025-08-19T16:06:59.5308532Z   PG_SYNC_DSN: ***localhost:5432/awa
2025-08-19T16:06:59.5308933Z   PG_ASYNC_DSN: ***localhost:5432/awa
2025-08-19T16:06:59.5309330Z   DATABASE_URL: ***localhost:5432/awa
2025-08-19T16:06:59.5309600Z   DATA_DIR: /tmp/awa-data
2025-08-19T16:06:59.5309803Z   ENABLE_LIVE: 0
2025-08-19T16:06:59.5309988Z   TESTING: 1
2025-08-19T16:06:59.5310232Z   pythonLocation: /opt/hostedtoolcache/Python/3.12.11/x64
2025-08-19T16:06:59.5310634Z   PKG_CONFIG_PATH: /opt/hostedtoolcache/Python/3.12.11/x64/lib/pkgconfig
2025-08-19T16:06:59.5311022Z   Python_ROOT_DIR: /opt/hostedtoolcache/Python/3.12.11/x64
2025-08-19T16:06:59.5311387Z   Python2_ROOT_DIR: /opt/hostedtoolcache/Python/3.12.11/x64
2025-08-19T16:06:59.5311750Z   Python3_ROOT_DIR: /opt/hostedtoolcache/Python/3.12.11/x64
2025-08-19T16:06:59.5312104Z   LD_LIBRARY_PATH: /opt/hostedtoolcache/Python/3.12.11/x64/lib
2025-08-19T16:06:59.5312574Z ##[endgroup]
2025-08-19T16:06:59.6395179Z localhost:5432 - accepting connections
2025-08-19T16:06:59.6433862Z ##[group]Run alembic -c services/api/alembic.ini upgrade head
2025-08-19T16:06:59.6434580Z [36;1malembic -c services/api/alembic.ini upgrade head[0m
2025-08-19T16:06:59.6472958Z shell: /usr/bin/bash -e {0}
2025-08-19T16:06:59.6473199Z env:
2025-08-19T16:06:59.6473399Z   REDIS_URL: redis://localhost:6379/0
2025-08-19T16:06:59.6473670Z   RATE_LIMIT_DEFAULT: 100/minute
2025-08-19T16:06:59.6473904Z   TRUST_X_FORWARDED: 1
2025-08-19T16:06:59.6474336Z   PG_USER: postgres
2025-08-19T16:06:59.6474535Z   PG_PASSWORD: pass
2025-08-19T16:06:59.6474728Z   PG_DATABASE: awa
2025-08-19T16:06:59.6474911Z   PG_HOST: localhost
2025-08-19T16:06:59.6475100Z   PG_PORT: 5432
2025-08-19T16:06:59.6475520Z   PG_SYNC_DSN: ***localhost:5432/awa
2025-08-19T16:06:59.6475938Z   PG_ASYNC_DSN: ***localhost:5432/awa
2025-08-19T16:06:59.6476314Z   DATABASE_URL: ***localhost:5432/awa
2025-08-19T16:06:59.6476557Z   DATA_DIR: /tmp/awa-data
2025-08-19T16:06:59.6476779Z   ENABLE_LIVE: 0
2025-08-19T16:06:59.6476988Z   TESTING: 1
2025-08-19T16:06:59.6477231Z   pythonLocation: /opt/hostedtoolcache/Python/3.12.11/x64
2025-08-19T16:06:59.6477635Z   PKG_CONFIG_PATH: /opt/hostedtoolcache/Python/3.12.11/x64/lib/pkgconfig
2025-08-19T16:06:59.6478026Z   Python_ROOT_DIR: /opt/hostedtoolcache/Python/3.12.11/x64
2025-08-19T16:06:59.6478376Z   Python2_ROOT_DIR: /opt/hostedtoolcache/Python/3.12.11/x64
2025-08-19T16:06:59.6478730Z   Python3_ROOT_DIR: /opt/hostedtoolcache/Python/3.12.11/x64
2025-08-19T16:06:59.6479107Z   LD_LIBRARY_PATH: /opt/hostedtoolcache/Python/3.12.11/x64/lib
2025-08-19T16:06:59.6479416Z   POSTGRES_USER: postgres
2025-08-19T16:06:59.6479630Z   POSTGRES_PASSWORD: pass
2025-08-19T16:06:59.6479835Z   POSTGRES_DB: awa
2025-08-19T16:06:59.6480027Z ##[endgroup]
2025-08-19T16:07:00.7036168Z INFO  [alembic.runtime.migration] Context impl PostgresqlImpl.
2025-08-19T16:07:00.7037150Z INFO  [alembic.runtime.migration] Will assume transactional DDL.
2025-08-19T16:07:00.7205060Z INFO  [alembic.runtime.migration] Running upgrade  -> 0001_baseline
2025-08-19T16:07:00.7343201Z INFO  [alembic.runtime.migration] Running upgrade 0001_baseline -> 0002_create_roi_view
2025-08-19T16:07:00.7369038Z INFO  [alembic.runtime.migration] Running upgrade 0002_create_roi_view -> 3e9d5c5aff2c
2025-08-19T16:07:00.7530319Z INFO  [alembic.runtime.migration] Running upgrade 3e9d5c5aff2c -> 0003_vendor_prices
2025-08-19T16:07:00.7668323Z INFO  [alembic.runtime.migration] Running upgrade 0003_vendor_prices -> 0004_fee_cron
2025-08-19T16:07:00.7737879Z INFO  [alembic.runtime.migration] Running upgrade 0004_fee_cron -> 0006_fix_roi_views
2025-08-19T16:07:00.7769115Z INFO  [alembic.runtime.migration] Running upgrade 0006_fix_roi_views -> 0020_unified_schema
2025-08-19T16:07:00.7874850Z INFO  [alembic.runtime.migration] Running upgrade 0020_unified_schema -> 0022_fix_roi_view
2025-08-19T16:07:00.7937189Z INFO  [alembic.runtime.migration] Running upgrade 0022_fix_roi_view -> 0023_add_storage_fee
2025-08-19T16:07:00.7974722Z INFO  [alembic.runtime.migration] Running upgrade 0023_add_storage_fee -> 0024_create_buybox
2025-08-19T16:07:00.7995066Z INFO  [alembic.runtime.migration] Running upgrade 0024_create_buybox -> 0025_pr4_indexes_loadlog
2025-08-19T16:07:00.8196172Z INFO  [alembic.runtime.migration] Running upgrade 0025_pr4_indexes_loadlog -> 0026_amazon_new_reports
2025-08-19T16:07:00.9156439Z ##[group]Run pytest -q --cov=services
2025-08-19T16:07:00.9156992Z [36;1mpytest -q --cov=services[0m
2025-08-19T16:07:00.9208200Z shell: /usr/bin/bash -e {0}
2025-08-19T16:07:00.9208443Z env:
2025-08-19T16:07:00.9208664Z   REDIS_URL: redis://localhost:6379/0
2025-08-19T16:07:00.9208944Z   RATE_LIMIT_DEFAULT: 100/minute
2025-08-19T16:07:00.9209181Z   TRUST_X_FORWARDED: 1
2025-08-19T16:07:00.9209381Z   PG_USER: postgres
2025-08-19T16:07:00.9209582Z   PG_PASSWORD: pass
2025-08-19T16:07:00.9209772Z   PG_DATABASE: awa
2025-08-19T16:07:00.9209968Z   PG_HOST: localhost
2025-08-19T16:07:00.9210324Z   PG_PORT: 5432
2025-08-19T16:07:00.9210750Z   PG_SYNC_DSN: ***localhost:5432/awa
2025-08-19T16:07:00.9211179Z   PG_ASYNC_DSN: ***localhost:5432/awa
2025-08-19T16:07:00.9211711Z   DATABASE_URL: ***localhost:5432/awa
2025-08-19T16:07:00.9212180Z   DATA_DIR: /home/runner/work/_temp/awa-data
2025-08-19T16:07:00.9212634Z   ENABLE_LIVE: 0
2025-08-19T16:07:00.9212957Z   TESTING: 1
2025-08-19T16:07:00.9213466Z   pythonLocation: /opt/hostedtoolcache/Python/3.12.11/x64
2025-08-19T16:07:00.9214408Z   PKG_CONFIG_PATH: /opt/hostedtoolcache/Python/3.12.11/x64/lib/pkgconfig
2025-08-19T16:07:00.9215156Z   Python_ROOT_DIR: /opt/hostedtoolcache/Python/3.12.11/x64
2025-08-19T16:07:00.9215829Z   Python2_ROOT_DIR: /opt/hostedtoolcache/Python/3.12.11/x64
2025-08-19T16:07:00.9216470Z   Python3_ROOT_DIR: /opt/hostedtoolcache/Python/3.12.11/x64
2025-08-19T16:07:00.9217142Z   LD_LIBRARY_PATH: /opt/hostedtoolcache/Python/3.12.11/x64/lib
2025-08-19T16:07:00.9217713Z   POSTGRES_USER: postgres
2025-08-19T16:07:00.9218124Z   POSTGRES_PASSWORD: pass
2025-08-19T16:07:00.9218523Z   POSTGRES_DB: awa
2025-08-19T16:07:00.9218858Z   LLM_PROVIDER: lan
2025-08-19T16:07:00.9219254Z   LLM_BASE_URL: http://localhost:8000
2025-08-19T16:07:00.9219695Z ##[endgroup]
2025-08-19T16:07:32.0108712Z ........s.............................sssssss........................... [ 43%]
2025-08-19T16:08:04.1707770Z ........................................................................ [ 86%]
2025-08-19T16:08:05.3222434Z ......................                                                   [100%]
2025-08-19T16:08:05.3223380Z =============================== warnings summary ===============================
2025-08-19T16:08:05.3224719Z services/alert_bot/tests/test_smoke.py:5
2025-08-19T16:08:05.3227179Z   /home/runner/work/AWA-App/AWA-App/services/alert_bot/tests/test_smoke.py:5: UserWarning: pkg_resources is deprecated as an API. See https://setuptools.pypa.io/en/latest/pkg_resources.html. The pkg_resources package is slated for removal as early as 2025-11-30. Refrain from using this package or pin to Setuptools<81.
2025-08-19T16:08:05.3229575Z Sentry is attempting to send 0 pending events
2025-08-19T16:08:05.3230013Z Waiting up to True seconds
2025-08-19T16:08:05.3230339Z Press Ctrl-C to quit
2025-08-19T16:08:05.3230690Z     import pkg_resources  # noqa: F401
2025-08-19T16:08:05.3230899Z 
2025-08-19T16:08:05.3231111Z tests/api/test_ingest_endpoints.py: 12 warnings
2025-08-19T16:08:05.3231509Z tests/ingest/test_tasks_eager.py: 3 warnings
2025-08-19T16:08:05.3231858Z tests/test_api_fast.py: 1 warning
2025-08-19T16:08:05.3232170Z tests/test_health.py: 5 warnings
2025-08-19T16:08:05.3232475Z tests/test_smoke.py: 5 warnings
2025-08-19T16:08:05.3232797Z services/api/tests/test_cors.py: 1 warning
2025-08-19T16:08:05.3233193Z services/api/tests/test_errors_json.py: 2 warnings
2025-08-19T16:08:05.3233591Z services/api/tests/test_health.py: 1 warning
2025-08-19T16:08:05.3234251Z services/api/tests/test_rate_limit.py: 122 warnings
2025-08-19T16:08:05.3234703Z services/api/tests/test_roi_basic_auth.py: 4 warnings
2025-08-19T16:08:05.3235138Z services/api/tests/test_sentry_event.py: 1 warning
2025-08-19T16:08:05.3235575Z services/api/tests/test_stats_contracts.py: 3 warnings
2025-08-19T16:08:05.3237735Z   /opt/hostedtoolcache/Python/3.12.11/x64/lib/python3.12/site-packages/asgi_correlation_id/extensions/sentry.py:27: DeprecationWarning: sentry_sdk.configure_scope is deprecated and will be removed in the next major version. Please consult our migration guide to learn how to migrate to the new API: https://docs.sentry.io/platforms/python/migration/1.x-to-2.x#scope-configuring
2025-08-19T16:08:05.3239285Z     with configure_scope() as scope:
2025-08-19T16:08:05.3239480Z 
2025-08-19T16:08:05.3251198Z tests/api/test_ingest_endpoints.py: 3 warnings
2025-08-19T16:08:05.3251806Z tests/test_api_fast.py: 1 warning
2025-08-19T16:08:05.3252305Z tests/test_health.py: 5 warnings
2025-08-19T16:08:05.3252610Z tests/test_smoke.py: 5 warnings
2025-08-19T16:08:05.3252927Z services/api/tests/test_cors.py: 3 warnings
2025-08-19T16:08:05.3253533Z services/api/tests/test_errors_json.py: 2 warnings
2025-08-19T16:08:05.3253900Z services/api/tests/test_health.py: 1 warning
2025-08-19T16:08:05.3254473Z services/api/tests/test_rate_limit.py: 2 warnings
2025-08-19T16:08:05.3254847Z services/api/tests/test_sentry_event.py: 1 warning
2025-08-19T16:08:05.3255239Z services/api/tests/test_stats_contracts.py: 3 warnings
2025-08-19T16:08:05.3256193Z   /opt/hostedtoolcache/Python/3.12.11/x64/lib/python3.12/site-packages/fastapi_limiter/__init__.py:89: DeprecationWarning: Call to deprecated close. (Use aclose() instead) -- Deprecated since version 5.0.1.
2025-08-19T16:08:05.3256970Z     await cls.redis.close()
2025-08-19T16:08:05.3257132Z 
2025-08-19T16:08:05.3257324Z tests/test_api_fast.py::test_health_endpoint
2025-08-19T16:08:05.3258453Z   /home/runner/work/AWA-App/AWA-App/tests/test_api_fast.py:13: DeprecationWarning: datetime.datetime.utcnow() is deprecated and scheduled for removal in a future version. Use timezone-aware objects to represent datetimes in UTC: datetime.datetime.now(datetime.UTC).
2025-08-19T16:08:05.3259462Z     return datetime.datetime.utcnow()
2025-08-19T16:08:05.3259642Z 
2025-08-19T16:08:05.3259774Z tests/test_api_fast.py: 1 warning
2025-08-19T16:08:05.3260058Z tests/test_health.py: 5 warnings
2025-08-19T16:08:05.3260331Z tests/test_smoke.py: 5 warnings
2025-08-19T16:08:05.3260633Z services/api/tests/test_cors.py: 1 warning
2025-08-19T16:08:05.3260965Z services/api/tests/test_health.py: 1 warning
2025-08-19T16:08:05.3261322Z services/api/tests/test_rate_limit.py: 102 warnings
2025-08-19T16:08:05.3262489Z   /home/runner/work/AWA-App/AWA-App/services/api/routes/health.py:24: DeprecationWarning: datetime.datetime.utcnow() is deprecated and scheduled for removal in a future version. Use timezone-aware objects to represent datetimes in UTC: datetime.datetime.now(datetime.UTC).
2025-08-19T16:08:05.3263569Z     app_now = datetime.utcnow().replace(tzinfo=timezone.utc)
2025-08-19T16:08:05.3263804Z 
2025-08-19T16:08:05.3264152Z tests/test_health.py::test_health[0]
2025-08-19T16:08:05.3264467Z tests/test_health.py::test_health[1]
2025-08-19T16:08:05.3264761Z tests/test_health.py::test_health[2]
2025-08-19T16:08:05.3265045Z tests/test_health.py::test_health[3]
2025-08-19T16:08:05.3265329Z tests/test_health.py::test_health[4]
2025-08-19T16:08:05.3266418Z   /home/runner/work/AWA-App/AWA-App/tests/test_health.py:22: DeprecationWarning: datetime.datetime.utcnow() is deprecated and scheduled for removal in a future version. Use timezone-aware objects to represent datetimes in UTC: datetime.datetime.now(datetime.UTC).
2025-08-19T16:08:05.3267398Z     return datetime.datetime.utcnow()
2025-08-19T16:08:05.3267571Z 
2025-08-19T16:08:05.3267708Z tests/test_smoke.py::test_health[0]
2025-08-19T16:08:05.3267992Z tests/test_smoke.py::test_health[1]
2025-08-19T16:08:05.3268274Z tests/test_smoke.py::test_health[2]
2025-08-19T16:08:05.3268555Z tests/test_smoke.py::test_health[3]
2025-08-19T16:08:05.3268836Z tests/test_smoke.py::test_health[4]
2025-08-19T16:08:05.3269891Z   /home/runner/work/AWA-App/AWA-App/tests/test_smoke.py:32: DeprecationWarning: datetime.datetime.utcnow() is deprecated and scheduled for removal in a future version. Use timezone-aware objects to represent datetimes in UTC: datetime.datetime.now(datetime.UTC).
2025-08-19T16:08:05.3271027Z     return datetime.datetime.utcnow()
2025-08-19T16:08:05.3271326Z 
2025-08-19T16:08:05.3271759Z services/api/tests/test_cors.py::test_cors_simple_get_allowed
2025-08-19T16:08:05.3272976Z   /home/runner/work/AWA-App/AWA-App/services/api/tests/test_cors.py:27: DeprecationWarning: datetime.datetime.utcnow() is deprecated and scheduled for removal in a future version. Use timezone-aware objects to represent datetimes in UTC: datetime.datetime.now(datetime.UTC).
2025-08-19T16:08:05.3274210Z     return datetime.datetime.utcnow()
2025-08-19T16:08:05.3274389Z 
2025-08-19T16:08:05.3274579Z services/api/tests/test_health.py::test_health_route
2025-08-19T16:08:05.3275756Z   /home/runner/work/AWA-App/AWA-App/services/api/tests/test_health.py:14: DeprecationWarning: datetime.datetime.utcnow() is deprecated and scheduled for removal in a future version. Use timezone-aware objects to represent datetimes in UTC: datetime.datetime.now(datetime.UTC).
2025-08-19T16:08:05.3276921Z     return datetime.datetime.utcnow()
2025-08-19T16:08:05.3277094Z 
2025-08-19T16:08:05.3277274Z services/api/tests/test_rate_limit.py: 102 warnings
2025-08-19T16:08:05.3278454Z   /home/runner/work/AWA-App/AWA-App/services/api/tests/test_rate_limit.py:33: DeprecationWarning: datetime.datetime.utcnow() is deprecated and scheduled for removal in a future version. Use timezone-aware objects to represent datetimes in UTC: datetime.datetime.now(datetime.UTC).
2025-08-19T16:08:05.3279492Z     return datetime.datetime.utcnow()
2025-08-19T16:08:05.3279670Z 
2025-08-19T16:08:05.3280000Z services/api/tests/test_sentry_event.py::test_unhandled_exception_is_captured_and_tagged
2025-08-19T16:08:05.3281502Z   /home/runner/work/AWA-App/AWA-App/services/api/tests/test_sentry_event.py:47: SentryHubDeprecationWarning: `sentry_sdk.Hub` is deprecated and will be removed in a future major release. Please consult our 1.x to 2.x migration guide for details on how to migrate `Hub` usage to the new API: https://docs.sentry.io/platforms/python/migration/1.x-to-2.x
2025-08-19T16:08:05.3282700Z     hub = sentry_sdk.Hub.current
2025-08-19T16:08:05.3282864Z 
2025-08-19T16:08:05.3283130Z -- Docs: https://docs.pytest.org/en/stable/how-to/capture-warnings.html
2025-08-19T16:08:05.3283604Z ================================ tests coverage ================================
2025-08-19T16:08:05.3284289Z _______________ coverage: platform linux, python 3.12.11-final-0 _______________
2025-08-19T16:08:05.3284560Z 
2025-08-19T16:08:05.3284709Z Coverage XML written to file coverage.xml
2025-08-19T16:08:05.3285111Z Required test coverage of 65% reached. Total coverage: 65.47%
2025-08-19T16:08:05.7306311Z ##[group]Run echo "::group::postgres container logs"
2025-08-19T16:08:05.7306715Z [36;1mecho "::group::postgres container logs"[0m
2025-08-19T16:08:05.7307189Z [36;1mdocker logs 9eebb11556830ee451bec8149e48f5b0c533e1628ec99f02277f1681ffb05b35 --tail 200[0m
2025-08-19T16:08:05.7307629Z [36;1mecho "::endgroup::"[0m
2025-08-19T16:08:05.7347972Z shell: /usr/bin/bash -e {0}
2025-08-19T16:08:05.7348202Z env:
2025-08-19T16:08:05.7348414Z   REDIS_URL: redis://localhost:6379/0
2025-08-19T16:08:05.7348684Z   RATE_LIMIT_DEFAULT: 100/minute
2025-08-19T16:08:05.7348915Z   TRUST_X_FORWARDED: 1
2025-08-19T16:08:05.7349116Z   PG_USER: postgres
2025-08-19T16:08:05.7349311Z   PG_PASSWORD: pass
2025-08-19T16:08:05.7349497Z   PG_DATABASE: awa
2025-08-19T16:08:05.7349680Z   PG_HOST: localhost
2025-08-19T16:08:05.7349867Z   PG_PORT: 5432
2025-08-19T16:08:05.7350249Z   PG_SYNC_DSN: ***localhost:5432/awa
2025-08-19T16:08:05.7350656Z   PG_ASYNC_DSN: ***localhost:5432/awa
2025-08-19T16:08:05.7351057Z   DATABASE_URL: ***localhost:5432/awa
2025-08-19T16:08:05.7351296Z   DATA_DIR: /tmp/awa-data
2025-08-19T16:08:05.7351502Z   ENABLE_LIVE: 0
2025-08-19T16:08:05.7351681Z   TESTING: 1
2025-08-19T16:08:05.7351921Z   pythonLocation: /opt/hostedtoolcache/Python/3.12.11/x64
2025-08-19T16:08:05.7352323Z   PKG_CONFIG_PATH: /opt/hostedtoolcache/Python/3.12.11/x64/lib/pkgconfig
2025-08-19T16:08:05.7352712Z   Python_ROOT_DIR: /opt/hostedtoolcache/Python/3.12.11/x64
2025-08-19T16:08:05.7353058Z   Python2_ROOT_DIR: /opt/hostedtoolcache/Python/3.12.11/x64
2025-08-19T16:08:05.7353405Z   Python3_ROOT_DIR: /opt/hostedtoolcache/Python/3.12.11/x64
2025-08-19T16:08:05.7353772Z   LD_LIBRARY_PATH: /opt/hostedtoolcache/Python/3.12.11/x64/lib
2025-08-19T16:08:05.7354193Z ##[endgroup]
2025-08-19T16:08:05.7411939Z ##[group]postgres container logs
2025-08-19T16:08:05.7526701Z The files belonging to this database system will be owned by user "postgres".
2025-08-19T16:08:05.7527959Z initdb: warning: enabling "trust" authentication for local connections
2025-08-19T16:08:05.7529374Z initdb: hint: You can change this by editing pg_hba.conf or using the option -A, or --auth-local and --auth-host, the next time you run initdb.
2025-08-19T16:08:05.7530991Z 2025-08-19 16:05:33.149 UTC [1] LOG:  starting PostgreSQL 15.14 (Debian 15.14-1.pgdg13+1) on x86_64-pc-linux-gnu, compiled by gcc (Debian 14.2.0-19) 14.2.0, 64-bit
2025-08-19T16:08:05.7531747Z 2025-08-19 16:05:33.150 UTC [1] LOG:  listening on IPv4 address "0.0.0.0", port 5432
2025-08-19T16:08:05.7532294Z 2025-08-19 16:05:33.150 UTC [1] LOG:  listening on IPv6 address "::", port 5432
2025-08-19T16:08:05.7532885Z 2025-08-19 16:05:33.151 UTC [1] LOG:  listening on Unix socket "/var/run/postgresql/.s.PGSQL.5432"
2025-08-19T16:08:05.7533494Z 2025-08-19 16:05:33.154 UTC [63] LOG:  database system was shut down at 2025-08-19 16:05:33 UTC
2025-08-19T16:08:05.7534335Z 2025-08-19 16:05:33.158 UTC [1] LOG:  database system is ready to accept connections
2025-08-19T16:08:05.7534802Z This user must also own the server process.
2025-08-19T16:08:05.7534992Z 
2025-08-19T16:08:05.7535246Z The database cluster will be initialized with locale "en_US.utf8".
2025-08-19T16:08:05.7535737Z The default database encoding has accordingly been set to "UTF8".
2025-08-19T16:08:05.7536198Z The default text search configuration will be set to "english".
2025-08-19T16:08:05.7536437Z 
2025-08-19T16:08:05.7536572Z Data page checksums are disabled.
2025-08-19T16:08:05.7536735Z 
2025-08-19T16:08:05.7537001Z fixing permissions on existing directory /var/lib/postgresql/data ... ok
2025-08-19T16:08:05.7537402Z creating subdirectories ... ok
2025-08-19T16:08:05.7537758Z selecting dynamic shared memory implementation ... posix
2025-08-19T16:08:05.7538126Z selecting default max_connections ... 100
2025-08-19T16:08:05.7538450Z selecting default shared_buffers ... 128MB
2025-08-19T16:08:05.7538765Z selecting default time zone ... Etc/UTC
2025-08-19T16:08:05.7539066Z creating configuration files ... ok
2025-08-19T16:08:05.7539555Z running bootstrap script ... ok
2025-08-19T16:08:05.7539904Z performing post-bootstrap initialization ... ok
2025-08-19T16:08:05.7540214Z syncing data to disk ... ok
2025-08-19T16:08:05.7540356Z 
2025-08-19T16:08:05.7540363Z 
2025-08-19T16:08:05.7540561Z Success. You can now start the database server using:
2025-08-19T16:08:05.7540773Z 
2025-08-19T16:08:05.7540950Z     pg_ctl -D /var/lib/postgresql/data -l logfile start
2025-08-19T16:08:05.7541308Z 
2025-08-19T16:08:05.7542293Z waiting for server to start....2025-08-19 16:05:32.801 UTC [47] LOG:  starting PostgreSQL 15.14 (Debian 15.14-1.pgdg13+1) on x86_64-pc-linux-gnu, compiled by gcc (Debian 14.2.0-19) 14.2.0, 64-bit
2025-08-19T16:08:05.7543811Z 2025-08-19 16:05:32.802 UTC [47] LOG:  listening on Unix socket "/var/run/postgresql/.s.PGSQL.5432"
2025-08-19T16:08:05.7544823Z 2025-08-19 16:05:32.804 UTC [50] LOG:  database system was shut down at 2025-08-19 16:05:32 UTC
2025-08-19T16:08:05.7545383Z 2025-08-19 16:05:32.808 UTC [47] LOG:  database system is ready to accept connections
2025-08-19T16:08:05.7545714Z  done
2025-08-19T16:08:05.7545884Z server started
2025-08-19T16:08:05.7546074Z CREATE DATABASE
2025-08-19T16:08:05.7546195Z 
2025-08-19T16:08:05.7546201Z 
2025-08-19T16:08:05.7546500Z /usr/local/bin/docker-entrypoint.sh: ignoring /docker-entrypoint-initdb.d/*
2025-08-19T16:08:05.7546809Z 
2025-08-19T16:08:05.7547157Z waiting for server to shut down...2025-08-19 16:05:33.026 UTC [47] LOG:  received fast shutdown request
2025-08-19T16:08:05.7547706Z .2025-08-19 16:05:33.026 UTC [47] LOG:  aborting any active transactions
2025-08-19T16:08:05.7548342Z 2025-08-19 16:05:33.028 UTC [47] LOG:  background worker "logical replication launcher" (PID 53) exited with exit code 1
2025-08-19T16:08:05.7548873Z 2025-08-19 16:05:33.030 UTC [48] LOG:  shutting down
2025-08-19T16:08:05.7549315Z 2025-08-19 16:05:33.030 UTC [48] LOG:  checkpoint starting: shutdown immediate
2025-08-19T16:08:05.7550417Z 2025-08-19 16:05:33.049 UTC [48] LOG:  checkpoint complete: wrote 922 buffers (5.6%); 0 WAL file(s) added, 0 removed, 0 recycled; write=0.016 s, sync=0.002 s, total=0.020 s; sync files=301, longest=0.001 s, average=0.001 s; distance=4239 kB, estimate=4239 kB
2025-08-19T16:08:05.7551456Z 2025-08-19 16:05:33.057 UTC [47] LOG:  database system is shut down
2025-08-19T16:08:05.7551749Z  done
2025-08-19T16:08:05.7551921Z server stopped
2025-08-19T16:08:05.7552029Z 
2025-08-19T16:08:05.7552225Z PostgreSQL init process complete; ready for start up.
2025-08-19T16:08:05.7552439Z 
2025-08-19T16:08:05.7552688Z ##[endgroup]
2025-08-19T16:08:05.7589099Z Post job cleanup.
2025-08-19T16:08:05.9695779Z Post job cleanup.
2025-08-19T16:08:06.1142220Z [command]/usr/bin/tar --posix -cf cache.tzst --exclude cache.tzst -P -C /home/runner/work/AWA-App/AWA-App --files-from manifest.txt --use-compress-program zstdmt
2025-08-19T16:08:07.8309601Z Sent 1819847 of 337364167 (0.5%), 1.7 MBs/sec
2025-08-19T16:08:08.5040354Z Sent 337364167 of 337364167 (100.0%), 192.2 MBs/sec
2025-08-19T16:08:08.6221929Z Cache saved with key: Linux-test-29fc3204f837bce43d81586a404709764a9accd1f738d0c33a52a32bf7a0c312
2025-08-19T16:08:08.6341048Z Post job cleanup.
2025-08-19T16:08:08.7991839Z [command]/usr/bin/tar --posix -cf cache.tzst --exclude cache.tzst -P -C /home/runner/work/AWA-App/AWA-App --files-from manifest.txt --use-compress-program zstdmt
2025-08-19T16:08:10.5284961Z Sent 1814908 of 337359228 (0.5%), 1.7 MBs/sec
2025-08-19T16:08:11.4014542Z Sent 337359228 of 337359228 (100.0%), 171.8 MBs/sec
2025-08-19T16:08:11.5605288Z Cache saved with the key: setup-python-Linux-x64-24.04-Ubuntu-python-3.12.11-pip-edce5793189406e0b5b9cd9ea574e3bf8289359be80b5a6fe61ed71104e9dd3a
2025-08-19T16:08:11.5751008Z Post job cleanup.
2025-08-19T16:08:11.6672492Z [command]/usr/bin/git version
2025-08-19T16:08:11.6708624Z git version 2.50.1
2025-08-19T16:08:11.6756717Z Temporarily overriding HOME='/home/runner/work/_temp/566d74a6-c599-4f5a-a618-f9402d2f3761' before making global git config changes
2025-08-19T16:08:11.6758267Z Adding repository directory to the temporary git global config as a safe directory
2025-08-19T16:08:11.6770090Z [command]/usr/bin/git config --global --add safe.directory /home/runner/work/AWA-App/AWA-App
2025-08-19T16:08:11.6806687Z [command]/usr/bin/git config --local --name-only --get-regexp core\.sshCommand
2025-08-19T16:08:11.6840434Z [command]/usr/bin/git submodule foreach --recursive sh -c "git config --local --name-only --get-regexp 'core\.sshCommand' && git config --local --unset-all 'core.sshCommand' || :"
2025-08-19T16:08:11.7064834Z [command]/usr/bin/git config --local --name-only --get-regexp http\.https\:\/\/github\.com\/\.extraheader
2025-08-19T16:08:11.7084939Z http.https://github.com/.extraheader
2025-08-19T16:08:11.7097512Z [command]/usr/bin/git config --local --unset-all http.https://github.com/.extraheader
2025-08-19T16:08:11.7126809Z [command]/usr/bin/git submodule foreach --recursive sh -c "git config --local --name-only --get-regexp 'http\.https\:\/\/github\.com\/\.extraheader' && git config --local --unset-all 'http.https://github.com/.extraheader' || :"
2025-08-19T16:08:11.7430575Z Print service container logs: c9c3fb3833a646318d589cd83edda2ef_postgres15_5b4dee
2025-08-19T16:08:11.7435166Z ##[command]/usr/bin/docker logs --details 9eebb11556830ee451bec8149e48f5b0c533e1628ec99f02277f1681ffb05b35
2025-08-19T16:08:11.7551404Z  The files belonging to this database system will be owned by user "postgres".
2025-08-19T16:08:11.7552414Z  This user must also own the server process.
2025-08-19T16:08:11.7553179Z  
2025-08-19T16:08:11.7553884Z  The database cluster will be initialized with locale "en_US.utf8".
2025-08-19T16:08:11.7554860Z  The default database encoding has accordingly been set to "UTF8".
2025-08-19T16:08:11.7555440Z  The default text search configuration will be set to "english".
2025-08-19T16:08:11.7555995Z  
2025-08-19T16:08:11.7556313Z  Data page checksums are disabled.
2025-08-19T16:08:11.7556706Z  
2025-08-19T16:08:11.7557208Z  fixing permissions on existing directory /var/lib/postgresql/data ... ok
2025-08-19T16:08:11.7557902Z  creating subdirectories ... ok
2025-08-19T16:08:11.7558424Z  selecting dynamic shared memory implementation ... posix
2025-08-19T16:08:11.7559087Z  selecting default max_connections ... 100
2025-08-19T16:08:11.7559387Z  selecting default shared_buffers ... 128MB
2025-08-19T16:08:11.7559701Z  selecting default time zone ... Etc/UTC
2025-08-19T16:08:11.7559990Z  creating configuration files ... ok
2025-08-19T16:08:11.7560258Z  running bootstrap script ... ok
2025-08-19T16:08:11.7560554Z  performing post-bootstrap initialization ... ok
2025-08-19T16:08:11.7560857Z  syncing data to disk ... ok
2025-08-19T16:08:11.7561081Z  
2025-08-19T16:08:11.7562026Z  initdb: warning: enabling "trust" authentication for local connections
2025-08-19T16:08:11.7562679Z  initdb: hint: You can change this by editing pg_hba.conf or using the option -A, or --auth-local and --auth-host, the next time you run initdb.
2025-08-19T16:08:11.7563510Z  2025-08-19 16:05:33.149 UTC [1] LOG:  starting PostgreSQL 15.14 (Debian 15.14-1.pgdg13+1) on x86_64-pc-linux-gnu, compiled by gcc (Debian 14.2.0-19) 14.2.0, 64-bit
2025-08-19T16:08:11.7564429Z  2025-08-19 16:05:33.150 UTC [1] LOG:  listening on IPv4 address "0.0.0.0", port 5432
2025-08-19T16:08:11.7564862Z  2025-08-19 16:05:33.150 UTC [1] LOG:  listening on IPv6 address "::", port 5432
2025-08-19T16:08:11.7565321Z  2025-08-19 16:05:33.151 UTC [1] LOG:  listening on Unix socket "/var/run/postgresql/.s.PGSQL.5432"
2025-08-19T16:08:11.7565849Z  2025-08-19 16:05:33.154 UTC [63] LOG:  database system was shut down at 2025-08-19 16:05:33 UTC
2025-08-19T16:08:11.7566313Z  2025-08-19 16:05:33.158 UTC [1] LOG:  database system is ready to accept connections
2025-08-19T16:08:11.7566852Z  
2025-08-19T16:08:11.7567265Z  Success. You can now start the database server using:
2025-08-19T16:08:11.7567753Z  
2025-08-19T16:08:11.7568126Z      pg_ctl -D /var/lib/postgresql/data -l logfile start
2025-08-19T16:08:11.7568499Z  
2025-08-19T16:08:11.7569072Z  waiting for server to start....2025-08-19 16:05:32.801 UTC [47] LOG:  starting PostgreSQL 15.14 (Debian 15.14-1.pgdg13+1) on x86_64-pc-linux-gnu, compiled by gcc (Debian 14.2.0-19) 14.2.0, 64-bit
2025-08-19T16:08:11.7569849Z  2025-08-19 16:05:32.802 UTC [47] LOG:  listening on Unix socket "/var/run/postgresql/.s.PGSQL.5432"
2025-08-19T16:08:11.7570350Z  2025-08-19 16:05:32.804 UTC [50] LOG:  database system was shut down at 2025-08-19 16:05:32 UTC
2025-08-19T16:08:11.7570805Z  2025-08-19 16:05:32.808 UTC [47] LOG:  database system is ready to accept connections
2025-08-19T16:08:11.7571141Z   done
2025-08-19T16:08:11.7571321Z  server started
2025-08-19T16:08:11.7571515Z  CREATE DATABASE
2025-08-19T16:08:11.7571699Z  
2025-08-19T16:08:11.7571858Z  
2025-08-19T16:08:11.7572166Z  /usr/local/bin/docker-entrypoint.sh: ignoring /docker-entrypoint-initdb.d/*
2025-08-19T16:08:11.7572536Z  
2025-08-19T16:08:11.7572856Z  waiting for server to shut down...2025-08-19 16:05:33.026 UTC [47] LOG:  received fast shutdown request
2025-08-19T16:08:11.7573551Z  .2025-08-19 16:05:33.026 UTC [47] LOG:  aborting any active transactions
2025-08-19T16:08:11.7574274Z  2025-08-19 16:05:33.028 UTC [47] LOG:  background worker "logical replication launcher" (PID 53) exited with exit code 1
2025-08-19T16:08:11.7574769Z  2025-08-19 16:05:33.030 UTC [48] LOG:  shutting down
2025-08-19T16:08:11.7575126Z  2025-08-19 16:05:33.030 UTC [48] LOG:  checkpoint starting: shutdown immediate
2025-08-19T16:08:11.7575961Z  2025-08-19 16:05:33.049 UTC [48] LOG:  checkpoint complete: wrote 922 buffers (5.6%); 0 WAL file(s) added, 0 removed, 0 recycled; write=0.016 s, sync=0.002 s, total=0.020 s; sync files=301, longest=0.001 s, average=0.001 s; distance=4239 kB, estimate=4239 kB
2025-08-19T16:08:11.7576773Z  2025-08-19 16:05:33.057 UTC [47] LOG:  database system is shut down
2025-08-19T16:08:11.7577071Z   done
2025-08-19T16:08:11.7577243Z  server stopped
2025-08-19T16:08:11.7577427Z  
2025-08-19T16:08:11.7577659Z  PostgreSQL init process complete; ready for start up.
2025-08-19T16:08:11.7577945Z  
2025-08-19T16:08:11.7583043Z Stop and remove container: c9c3fb3833a646318d589cd83edda2ef_postgres15_5b4dee
2025-08-19T16:08:11.7587871Z ##[command]/usr/bin/docker rm --force 9eebb11556830ee451bec8149e48f5b0c533e1628ec99f02277f1681ffb05b35
2025-08-19T16:08:11.8778373Z 9eebb11556830ee451bec8149e48f5b0c533e1628ec99f02277f1681ffb05b35
2025-08-19T16:08:11.8799285Z Print service container logs: 380dcd12fe3044f893fd6a7a9af9c9c0_redis7alpine_742083
2025-08-19T16:08:11.8800466Z ##[command]/usr/bin/docker logs --details 8347850afe47b90b236896b6999f7c893599bb7ddb6d92b0a7fef9d1ce8c2734
2025-08-19T16:08:11.8919790Z  1:C 19 Aug 2025 16:05:33.551 # WARNING Memory overcommit must be enabled! Without it, a background save or replication may fail under low memory condition. Being disabled, it can also cause failures without low memory condition, see https://github.com/jemalloc/jemalloc/issues/1328. To fix this issue add 'vm.overcommit_memory = 1' to /etc/sysctl.conf and then reboot or run the command 'sysctl vm.overcommit_memory=1' for this to take effect.
2025-08-19T16:08:11.8922481Z  1:C 19 Aug 2025 16:05:33.551 * oO0OoO0OoO0Oo Redis is starting oO0OoO0OoO0Oo
2025-08-19T16:08:11.8923335Z  1:C 19 Aug 2025 16:05:33.551 * Redis version=7.4.5, bits=64, commit=00000000, modified=0, pid=1, just started
2025-08-19T16:08:11.8924784Z  1:C 19 Aug 2025 16:05:33.551 # Warning: no config file specified, using the default config. In order to specify a config file use redis-server /path/to/redis.conf
2025-08-19T16:08:11.8925831Z  1:M 19 Aug 2025 16:05:33.551 * monotonic clock: POSIX clock_gettime
2025-08-19T16:08:11.8926442Z  1:M 19 Aug 2025 16:05:33.552 * Running mode=standalone, port=6379.
2025-08-19T16:08:11.8927020Z  1:M 19 Aug 2025 16:05:33.552 * Server initialized
2025-08-19T16:08:11.8927580Z  1:M 19 Aug 2025 16:05:33.552 * Ready to accept connections tcp
2025-08-19T16:08:11.8934271Z Stop and remove container: 380dcd12fe3044f893fd6a7a9af9c9c0_redis7alpine_742083
2025-08-19T16:08:11.8935030Z ##[command]/usr/bin/docker rm --force 8347850afe47b90b236896b6999f7c893599bb7ddb6d92b0a7fef9d1ce8c2734
2025-08-19T16:08:11.9962473Z 8347850afe47b90b236896b6999f7c893599bb7ddb6d92b0a7fef9d1ce8c2734
2025-08-19T16:08:11.9986763Z Remove container network: github_network_aedd4ba299c14d9fb3e9771a5f5b4a9e
2025-08-19T16:08:11.9991345Z ##[command]/usr/bin/docker network rm github_network_aedd4ba299c14d9fb3e9771a5f5b4a9e
2025-08-19T16:08:12.1447311Z github_network_aedd4ba299c14d9fb3e9771a5f5b4a9e
2025-08-19T16:08:12.1507978Z Cleaning up orphan processes
