2025-08-17T13:33:39.0944198Z Current runner version: '2.327.1'
2025-08-17T13:33:39.0966745Z ##[group]Runner Image Provisioner
2025-08-17T13:33:39.0967537Z Hosted Compute Agent
2025-08-17T13:33:39.0968136Z Version: 20250812.370
2025-08-17T13:33:39.0968740Z Commit: 4a2b2bf7520004e3e907c2150c8cabe342a3da32
2025-08-17T13:33:39.0969409Z Build Date: 2025-08-12T16:08:14Z
2025-08-17T13:33:39.0969981Z ##[endgroup]
2025-08-17T13:33:39.0970539Z ##[group]Operating System
2025-08-17T13:33:39.0971047Z Ubuntu
2025-08-17T13:33:39.0971754Z 24.04.2
2025-08-17T13:33:39.0972190Z LTS
2025-08-17T13:33:39.0972628Z ##[endgroup]
2025-08-17T13:33:39.0973167Z ##[group]Runner Image
2025-08-17T13:33:39.0973730Z Image: ubuntu-24.04
2025-08-17T13:33:39.0974214Z Version: 20250810.1.0
2025-08-17T13:33:39.0975235Z Included Software: https://github.com/actions/runner-images/blob/ubuntu24/20250810.1/images/ubuntu/Ubuntu2404-Readme.md
2025-08-17T13:33:39.0976861Z Image Release: https://github.com/actions/runner-images/releases/tag/ubuntu24%2F20250810.1
2025-08-17T13:33:39.0977911Z ##[endgroup]
2025-08-17T13:33:39.0980247Z ##[group]GITHUB_TOKEN Permissions
2025-08-17T13:33:39.0982531Z Actions: write
2025-08-17T13:33:39.0983058Z Attestations: write
2025-08-17T13:33:39.0983562Z Checks: write
2025-08-17T13:33:39.0984129Z Contents: write
2025-08-17T13:33:39.0984665Z Deployments: write
2025-08-17T13:33:39.0985148Z Discussions: write
2025-08-17T13:33:39.0985691Z Issues: write
2025-08-17T13:33:39.0986172Z Metadata: read
2025-08-17T13:33:39.0986614Z Models: read
2025-08-17T13:33:39.0987138Z Packages: write
2025-08-17T13:33:39.0987657Z Pages: write
2025-08-17T13:33:39.0988133Z PullRequests: write
2025-08-17T13:33:39.0988693Z RepositoryProjects: write
2025-08-17T13:33:39.0989253Z SecurityEvents: write
2025-08-17T13:33:39.0989840Z Statuses: write
2025-08-17T13:33:39.0990375Z ##[endgroup]
2025-08-17T13:33:39.0992644Z Secret source: Actions
2025-08-17T13:33:39.0993311Z Prepare workflow directory
2025-08-17T13:33:39.1305708Z Prepare all required actions
2025-08-17T13:33:39.1342938Z Getting action download info
2025-08-17T13:33:39.3778823Z Download action repository 'actions/checkout@v4' (SHA:08eba0b27e820071cde6df949e0beb9ba4906955)
2025-08-17T13:33:39.6790818Z Complete job name: health-checks
2025-08-17T13:33:39.7393563Z ##[group]Run actions/checkout@v4
2025-08-17T13:33:39.7394359Z with:
2025-08-17T13:33:39.7394721Z   fetch-depth: 0
2025-08-17T13:33:39.7395122Z   repository: AlexBomber12/AWA-App
2025-08-17T13:33:39.7395736Z   token: ***
2025-08-17T13:33:39.7396088Z   ssh-strict: true
2025-08-17T13:33:39.7396470Z   ssh-user: git
2025-08-17T13:33:39.7396849Z   persist-credentials: true
2025-08-17T13:33:39.7397267Z   clean: true
2025-08-17T13:33:39.7397644Z   sparse-checkout-cone-mode: true
2025-08-17T13:33:39.7398095Z   fetch-tags: false
2025-08-17T13:33:39.7398474Z   show-progress: true
2025-08-17T13:33:39.7398850Z   lfs: false
2025-08-17T13:33:39.7399193Z   submodules: false
2025-08-17T13:33:39.7399682Z   set-safe-directory: true
2025-08-17T13:33:39.7400441Z ##[endgroup]
2025-08-17T13:33:39.8454452Z Syncing repository: AlexBomber12/AWA-App
2025-08-17T13:33:39.8456264Z ##[group]Getting Git version info
2025-08-17T13:33:39.8456999Z Working directory is '/home/runner/work/AWA-App/AWA-App'
2025-08-17T13:33:39.8457922Z [command]/usr/bin/git version
2025-08-17T13:33:39.8498975Z git version 2.50.1
2025-08-17T13:33:39.8524424Z ##[endgroup]
2025-08-17T13:33:39.8537480Z Temporarily overriding HOME='/home/runner/work/_temp/246e8495-97dc-4594-bec9-9ac0686dc83b' before making global git config changes
2025-08-17T13:33:39.8538848Z Adding repository directory to the temporary git global config as a safe directory
2025-08-17T13:33:39.8542296Z [command]/usr/bin/git config --global --add safe.directory /home/runner/work/AWA-App/AWA-App
2025-08-17T13:33:39.8574152Z Deleting the contents of '/home/runner/work/AWA-App/AWA-App'
2025-08-17T13:33:39.8577927Z ##[group]Initializing the repository
2025-08-17T13:33:39.8581757Z [command]/usr/bin/git init /home/runner/work/AWA-App/AWA-App
2025-08-17T13:33:39.8644669Z hint: Using 'master' as the name for the initial branch. This default branch name
2025-08-17T13:33:39.8646694Z hint: is subject to change. To configure the initial branch name to use in all
2025-08-17T13:33:39.8648357Z hint: of your new repositories, which will suppress this warning, call:
2025-08-17T13:33:39.8649284Z hint:
2025-08-17T13:33:39.8649775Z hint: 	git config --global init.defaultBranch <name>
2025-08-17T13:33:39.8650360Z hint:
2025-08-17T13:33:39.8650904Z hint: Names commonly chosen instead of 'master' are 'main', 'trunk' and
2025-08-17T13:33:39.8652009Z hint: 'development'. The just-created branch can be renamed via this command:
2025-08-17T13:33:39.8652722Z hint:
2025-08-17T13:33:39.8653300Z hint: 	git branch -m <name>
2025-08-17T13:33:39.8653981Z hint:
2025-08-17T13:33:39.8654571Z hint: Disable this message with "git config set advice.defaultBranchName false"
2025-08-17T13:33:39.8655522Z Initialized empty Git repository in /home/runner/work/AWA-App/AWA-App/.git/
2025-08-17T13:33:39.8658351Z [command]/usr/bin/git remote add origin https://github.com/AlexBomber12/AWA-App
2025-08-17T13:33:39.8689136Z ##[endgroup]
2025-08-17T13:33:39.8689950Z ##[group]Disabling automatic garbage collection
2025-08-17T13:33:39.8693141Z [command]/usr/bin/git config --local gc.auto 0
2025-08-17T13:33:39.8720550Z ##[endgroup]
2025-08-17T13:33:39.8721334Z ##[group]Setting up auth
2025-08-17T13:33:39.8727326Z [command]/usr/bin/git config --local --name-only --get-regexp core\.sshCommand
2025-08-17T13:33:39.8755857Z [command]/usr/bin/git submodule foreach --recursive sh -c "git config --local --name-only --get-regexp 'core\.sshCommand' && git config --local --unset-all 'core.sshCommand' || :"
2025-08-17T13:33:39.9011205Z [command]/usr/bin/git config --local --name-only --get-regexp http\.https\:\/\/github\.com\/\.extraheader
2025-08-17T13:33:39.9038924Z [command]/usr/bin/git submodule foreach --recursive sh -c "git config --local --name-only --get-regexp 'http\.https\:\/\/github\.com\/\.extraheader' && git config --local --unset-all 'http.https://github.com/.extraheader' || :"
2025-08-17T13:33:39.9254578Z [command]/usr/bin/git config --local http.https://github.com/.extraheader AUTHORIZATION: basic ***
2025-08-17T13:33:39.9289537Z ##[endgroup]
2025-08-17T13:33:39.9290908Z ##[group]Fetching the repository
2025-08-17T13:33:39.9300050Z [command]/usr/bin/git -c protocol.version=2 fetch --prune --no-recurse-submodules origin +refs/heads/*:refs/remotes/origin/* +refs/tags/*:refs/tags/* +3c0f77aa2234b348e9784e0c17e65f4e18308735:refs/remotes/pull/225/merge
2025-08-17T13:33:40.7531785Z From https://github.com/AlexBomber12/AWA-App
2025-08-17T13:33:40.7535658Z  * [new branch]      codex/check-ci-logs-for-errors-and-fix-them -> origin/codex/check-ci-logs-for-errors-and-fix-them
2025-08-17T13:33:40.7539268Z  * [new branch]      codex/check-logs-for-errors-and-fix-issues -> origin/codex/check-logs-for-errors-and-fix-issues
2025-08-17T13:33:40.7543081Z  * [new branch]      codex/fix-ci-workflows-based-on-log-analysis -> origin/codex/fix-ci-workflows-based-on-log-analysis
2025-08-17T13:33:40.7547408Z  * [new branch]      codex/fix-ci-workflows-based-on-log-analysis-pjtlxf -> origin/codex/fix-ci-workflows-based-on-log-analysis-pjtlxf
2025-08-17T13:33:40.7552062Z  * [new branch]      codex/fix-ci-workflows-based-on-logs     -> origin/codex/fix-ci-workflows-based-on-logs
2025-08-17T13:33:40.7556375Z  * [new branch]      codex/fix-ci-workflows-based-on-logs-1f0zib -> origin/codex/fix-ci-workflows-based-on-logs-1f0zib
2025-08-17T13:33:40.7561352Z  * [new branch]      codex/fix-ci-workflows-based-on-logs-analysis -> origin/codex/fix-ci-workflows-based-on-logs-analysis
2025-08-17T13:33:40.7566381Z  * [new branch]      codex/fix-ci-workflows-based-on-logs-sca1uo -> origin/codex/fix-ci-workflows-based-on-logs-sca1uo
2025-08-17T13:33:40.7570810Z  * [new branch]      codex/fix-ci-workflows-to-pass-tests     -> origin/codex/fix-ci-workflows-to-pass-tests
2025-08-17T13:33:40.7575459Z  * [new branch]      codex/fix-ci-workflows-until-all-pass    -> origin/codex/fix-ci-workflows-until-all-pass
2025-08-17T13:33:40.7579208Z  * [new branch]      codex/fix-ci-workflows-until-all-pass-366nbs -> origin/codex/fix-ci-workflows-until-all-pass-366nbs
2025-08-17T13:33:40.7583052Z  * [new branch]      codex/fix-ci-workflows-until-passing     -> origin/codex/fix-ci-workflows-until-passing
2025-08-17T13:33:40.7586467Z  * [new branch]      codex/implement-targeted-ci-fixes-until-green -> origin/codex/implement-targeted-ci-fixes-until-green
2025-08-17T13:33:40.7590628Z  * [new branch]      codex/implement-targeted-ci-fixes-until-green-g91k8p -> origin/codex/implement-targeted-ci-fixes-until-green-g91k8p
2025-08-17T13:33:40.7595780Z  * [new branch]      codex/implement-targeted-ci-workflow-fixes -> origin/codex/implement-targeted-ci-workflow-fixes
2025-08-17T13:33:40.7599595Z  * [new branch]      codex/implement-targeted-fixes-to-pass-ci -> origin/codex/implement-targeted-fixes-to-pass-ci
2025-08-17T13:33:40.7604178Z  * [new branch]      codex/replace-github-cli-with-python-rest-calls -> origin/codex/replace-github-cli-with-python-rest-calls
2025-08-17T13:33:40.7607631Z  * [new branch]      gh-pages                                 -> origin/gh-pages
2025-08-17T13:33:40.7609400Z  * [new branch]      main                                     -> origin/main
2025-08-17T13:33:40.7611184Z  * [new tag]         0.3.0                                    -> 0.3.0
2025-08-17T13:33:40.7613775Z  * [new ref]         3c0f77aa2234b348e9784e0c17e65f4e18308735 -> pull/225/merge
2025-08-17T13:33:40.7617262Z ##[endgroup]
2025-08-17T13:33:40.7618488Z ##[group]Determining the checkout info
2025-08-17T13:33:40.7620220Z ##[endgroup]
2025-08-17T13:33:40.7621300Z [command]/usr/bin/git sparse-checkout disable
2025-08-17T13:33:40.7651619Z [command]/usr/bin/git config --local --unset-all extensions.worktreeConfig
2025-08-17T13:33:40.7678183Z ##[group]Checking out the ref
2025-08-17T13:33:40.7680507Z [command]/usr/bin/git checkout --progress --force refs/remotes/pull/225/merge
2025-08-17T13:33:40.8142994Z Note: switching to 'refs/remotes/pull/225/merge'.
2025-08-17T13:33:40.8144752Z 
2025-08-17T13:33:40.8146021Z You are in 'detached HEAD' state. You can look around, make experimental
2025-08-17T13:33:40.8149551Z changes and commit them, and you can discard any commits you make in this
2025-08-17T13:33:40.8153078Z state without impacting any branches by switching back to a branch.
2025-08-17T13:33:40.8154989Z 
2025-08-17T13:33:40.8156195Z If you want to create a new branch to retain commits you create, you may
2025-08-17T13:33:40.8158262Z do so (now or later) by using -c with the switch command. Example:
2025-08-17T13:33:40.8159630Z 
2025-08-17T13:33:40.8160318Z   git switch -c <new-branch-name>
2025-08-17T13:33:40.8161147Z 
2025-08-17T13:33:40.8161805Z Or undo this operation with:
2025-08-17T13:33:40.8162558Z 
2025-08-17T13:33:40.8162999Z   git switch -
2025-08-17T13:33:40.8163558Z 
2025-08-17T13:33:40.8164619Z Turn off this advice by setting config variable advice.detachedHead to false
2025-08-17T13:33:40.8166021Z 
2025-08-17T13:33:40.8167612Z HEAD is now at 3c0f77a Merge 6fd375da8480cbee8e437d506f98e548244585cb into c9bb926194b4ccf800521943591811df0a2cc5f5
2025-08-17T13:33:40.8173986Z ##[endgroup]
2025-08-17T13:33:40.8198715Z [command]/usr/bin/git log -1 --format=%H
2025-08-17T13:33:40.8220404Z 3c0f77aa2234b348e9784e0c17e65f4e18308735
2025-08-17T13:33:40.8427054Z ##[group]Run if [ ! -f .env ]; then cp .env.postgres .env; fi
2025-08-17T13:33:40.8428833Z [36;1mif [ ! -f .env ]; then cp .env.postgres .env; fi[0m
2025-08-17T13:33:40.8510783Z shell: /usr/bin/bash -e {0}
2025-08-17T13:33:40.8512001Z ##[endgroup]
2025-08-17T13:33:40.8666785Z ##[group]Run export COMPOSE_DOCKER_CLI_BUILD=1
2025-08-17T13:33:40.8668081Z [36;1mexport COMPOSE_DOCKER_CLI_BUILD=1[0m
2025-08-17T13:33:40.8669251Z [36;1mexport DOCKER_BUILDKIT=1[0m
2025-08-17T13:33:40.8671011Z [36;1mdocker compose build --build-arg TZ_CACHE_BUST=3c0f77aa2234b348e9784e0c17e65f4e18308735[0m
2025-08-17T13:33:40.8710308Z shell: /usr/bin/bash -e {0}
2025-08-17T13:33:40.8711250Z ##[endgroup]
2025-08-17T13:33:44.8589297Z #1 [internal] load local bake definitions
2025-08-17T13:33:45.0095579Z #1 reading from stdin 2.87kB done
2025-08-17T13:33:45.0095962Z #1 DONE 0.0s
2025-08-17T13:33:45.1822408Z 
2025-08-17T13:33:45.1823142Z #2 [postgres internal] load build definition from Dockerfile
2025-08-17T13:33:45.1823953Z #2 transferring dockerfile: 807B done
2025-08-17T13:33:45.1824457Z #2 DONE 0.0s
2025-08-17T13:33:45.1824677Z 
2025-08-17T13:33:45.1825076Z #3 [logistics_etl internal] load build definition from Dockerfile
2025-08-17T13:33:45.1825840Z #3 transferring dockerfile: 595B done
2025-08-17T13:33:45.1826345Z #3 DONE 0.0s
2025-08-17T13:33:45.1826542Z 
2025-08-17T13:33:45.1826827Z #4 [api internal] load build definition from Dockerfile
2025-08-17T13:33:45.1827217Z #4 transferring dockerfile: 1.44kB done
2025-08-17T13:33:45.1827522Z #4 DONE 0.0s
2025-08-17T13:33:45.1827672Z 
2025-08-17T13:33:45.1827841Z #5 [fees_h10 internal] load build definition from Dockerfile
2025-08-17T13:33:45.1828195Z #5 transferring dockerfile: 962B done
2025-08-17T13:33:45.1828511Z #5 DONE 0.0s
2025-08-17T13:33:45.1828657Z 
2025-08-17T13:33:45.1828907Z #6 [web internal] load build definition from Dockerfile
2025-08-17T13:33:45.1829438Z #6 transferring dockerfile: 293B done
2025-08-17T13:33:45.1829706Z #6 DONE 0.0s
2025-08-17T13:33:45.1829828Z 
2025-08-17T13:33:45.1829976Z #7 [etl internal] load build definition from Dockerfile
2025-08-17T13:33:45.1830297Z #7 transferring dockerfile: 1.15kB done
2025-08-17T13:33:45.1830575Z #7 DONE 0.0s
2025-08-17T13:33:45.1830704Z 
2025-08-17T13:33:45.1830879Z #8 [repricer internal] load build definition from Dockerfile
2025-08-17T13:33:45.1831327Z #8 transferring dockerfile: 1.04kB done
2025-08-17T13:33:45.1831905Z #8 DONE 0.0s
2025-08-17T13:33:45.1832050Z 
2025-08-17T13:33:45.1832230Z #9 [auth] docker/dockerfile:pull token for registry-1.docker.io
2025-08-17T13:33:45.3329942Z #9 DONE 0.0s
2025-08-17T13:33:45.3330230Z 
2025-08-17T13:33:45.3330468Z #10 [auth] library/nginx:pull token for registry-1.docker.io
2025-08-17T13:33:45.3330949Z #10 DONE 0.0s
2025-08-17T13:33:45.3331083Z 
2025-08-17T13:33:45.3331342Z #11 [auth] library/postgres:pull token for registry-1.docker.io
2025-08-17T13:33:45.3331922Z #11 DONE 0.0s
2025-08-17T13:33:45.3332037Z 
2025-08-17T13:33:45.3332272Z #12 [auth] library/node:pull token for registry-1.docker.io
2025-08-17T13:33:45.3332686Z #12 DONE 0.0s
2025-08-17T13:33:45.3332801Z 
2025-08-17T13:33:45.3333189Z #13 [repricer] resolve image config for docker-image://docker.io/docker/dockerfile:1.6
2025-08-17T13:33:45.4436491Z #13 ...
2025-08-17T13:33:45.4436727Z 
2025-08-17T13:33:45.4437011Z #14 [web internal] load metadata for docker.io/library/node:20-alpine
2025-08-17T13:33:45.4437559Z #14 DONE 0.4s
2025-08-17T13:33:45.5759891Z 
2025-08-17T13:33:45.5760247Z #15 [web internal] load metadata for docker.io/library/nginx:1.25-alpine
2025-08-17T13:33:45.5760795Z #15 DONE 0.4s
2025-08-17T13:33:45.5760980Z 
2025-08-17T13:33:45.5761125Z #16 [web internal] load .dockerignore
2025-08-17T13:33:45.5761877Z #16 transferring context: 2B done
2025-08-17T13:33:45.5762251Z #16 DONE 0.0s
2025-08-17T13:33:45.5762421Z 
2025-08-17T13:33:45.5762842Z #13 [api] resolve image config for docker-image://docker.io/docker/dockerfile:1.6
2025-08-17T13:33:45.5763619Z #13 DONE 0.4s
2025-08-17T13:33:45.5763791Z 
2025-08-17T13:33:45.5764095Z #17 [postgres internal] load metadata for docker.io/library/postgres:16
2025-08-17T13:33:45.5764640Z #17 DONE 0.4s
2025-08-17T13:33:45.5764812Z 
2025-08-17T13:33:45.5764975Z #18 [postgres internal] load .dockerignore
2025-08-17T13:33:45.5765838Z #18 transferring context: 265B done
2025-08-17T13:33:45.5766263Z #18 DONE 0.0s
2025-08-17T13:33:45.5766445Z 
2025-08-17T13:33:45.5766584Z #19 [web internal] load build context
2025-08-17T13:33:45.5767007Z #19 transferring context: 267.06kB 0.0s done
2025-08-17T13:33:45.5767414Z #19 DONE 0.0s
2025-08-17T13:33:45.5767674Z 
2025-08-17T13:33:45.5767903Z #20 [postgres internal] load build context
2025-08-17T13:33:45.5768389Z #20 transferring context: 582B done
2025-08-17T13:33:45.5768998Z #20 DONE 0.0s
2025-08-17T13:33:45.5769168Z 
2025-08-17T13:33:45.5769859Z #21 [repricer] docker-image://docker.io/docker/dockerfile:1.6@sha256:ac85f380a63b13dfcefa89046420e1781752bab202122f8f50032edf31be0021
2025-08-17T13:33:45.5771328Z #21 resolve docker.io/docker/dockerfile:1.6@sha256:ac85f380a63b13dfcefa89046420e1781752bab202122f8f50032edf31be0021 done
2025-08-17T13:33:45.5772856Z #21 sha256:ac85f380a63b13dfcefa89046420e1781752bab202122f8f50032edf31be0021 8.40kB / 8.40kB done
2025-08-17T13:33:45.5773962Z #21 sha256:657fcc512c7369f4cb3d94ea329150f8daf626bc838b1a1e81f1834c73ecc77e 482B / 482B done
2025-08-17T13:33:45.5775164Z #21 sha256:a17ee7fff8f5e97b974f5b48f51647d2cf28d543f2aa6c11aaa0ea431b44bb89 1.27kB / 1.27kB done
2025-08-17T13:33:45.5776347Z #21 sha256:9d9c93f4b00be908ab694a4df732570bced3b8a96b7515d70ff93402179ad232 5.24MB / 11.80MB 0.1s
2025-08-17T13:33:45.6760339Z #21 sha256:ac85f380a63b13dfcefa89046420e1781752bab202122f8f50032edf31be0021 8.40kB / 8.40kB done
2025-08-17T13:33:45.6766912Z #21 sha256:657fcc512c7369f4cb3d94ea329150f8daf626bc838b1a1e81f1834c73ecc77e 482B / 482B done
2025-08-17T13:33:45.7795720Z #21 sha256:a17ee7fff8f5e97b974f5b48f51647d2cf28d543f2aa6c11aaa0ea431b44bb89 1.27kB / 1.27kB done
2025-08-17T13:33:45.7797097Z #21 sha256:9d9c93f4b00be908ab694a4df732570bced3b8a96b7515d70ff93402179ad232 11.80MB / 11.80MB 0.1s done
2025-08-17T13:33:45.7799428Z #21 extracting sha256:9d9c93f4b00be908ab694a4df732570bced3b8a96b7515d70ff93402179ad232
2025-08-17T13:33:45.7801889Z #21 sha256:9d9c93f4b00be908ab694a4df732570bced3b8a96b7515d70ff93402179ad232 11.80MB / 11.80MB 0.1s done
2025-08-17T13:33:45.7804610Z #21 extracting sha256:9d9c93f4b00be908ab694a4df732570bced3b8a96b7515d70ff93402179ad232 0.1s done
2025-08-17T13:33:45.7805510Z #21 DONE 0.3s
2025-08-17T13:33:45.7805836Z 
2025-08-17T13:33:45.7806566Z #22 [web build 1/6] FROM docker.io/library/node:20-alpine@sha256:df02558528d3d3d0d621f112e232611aecfee7cbc654f6b375765f72bb262799
2025-08-17T13:33:45.7808531Z #22 resolve docker.io/library/node:20-alpine@sha256:df02558528d3d3d0d621f112e232611aecfee7cbc654f6b375765f72bb262799 0.0s done
2025-08-17T13:33:45.7835206Z #22 sha256:df02558528d3d3d0d621f112e232611aecfee7cbc654f6b375765f72bb262799 7.67kB / 7.67kB done
2025-08-17T13:33:45.7836266Z #22 sha256:ae6ee91a652d927de01d550c29f863a52f1da390c89df95f3ceba256d1e62604 1.72kB / 1.72kB done
2025-08-17T13:33:45.7837754Z #22 sha256:7cdef5a331927fafa250be6166052d8599bf5eb7b014342538c2cc79b70a081f 6.42kB / 6.42kB done
2025-08-17T13:33:45.7841096Z #22 sha256:9824c27679d3b27c5e1cb00a73adb6f4f8d556994111c12db3c5d61a0c843df8 3.80MB / 3.80MB 0.1s done
2025-08-17T13:33:45.7844685Z #22 sha256:8c59d92d6fc9f01af4aaa86824be72b74bd4d940c4c46aa95d9710bfa46c975e 40.89MB / 42.99MB 0.3s
2025-08-17T13:33:45.7846286Z #22 extracting sha256:9824c27679d3b27c5e1cb00a73adb6f4f8d556994111c12db3c5d61a0c843df8 0.1s done
2025-08-17T13:33:45.7847288Z #22 sha256:54225bd601967a0aa669ec9be621c24d8eeac874b698d55874018070898685c2 0B / 1.26MB 0.2s
2025-08-17T13:33:45.8825473Z #22 sha256:8c59d92d6fc9f01af4aaa86824be72b74bd4d940c4c46aa95d9710bfa46c975e 42.99MB / 42.99MB 0.3s done
2025-08-17T13:33:45.9952691Z #22 ...
2025-08-17T13:33:45.9953668Z 
2025-08-17T13:33:45.9954615Z #23 [auth] library/python:pull token for registry-1.docker.io
2025-08-17T13:33:45.9955537Z #23 DONE 0.0s
2025-08-17T13:33:45.9956151Z 
2025-08-17T13:33:45.9957601Z #22 [web build 1/6] FROM docker.io/library/node:20-alpine@sha256:df02558528d3d3d0d621f112e232611aecfee7cbc654f6b375765f72bb262799
2025-08-17T13:33:45.9959555Z #22 extracting sha256:8c59d92d6fc9f01af4aaa86824be72b74bd4d940c4c46aa95d9710bfa46c975e
2025-08-17T13:33:46.3230842Z #22 ...
2025-08-17T13:33:46.3231136Z 
2025-08-17T13:33:46.3231668Z #24 [repricer internal] load metadata for docker.io/library/python:3.12-slim
2025-08-17T13:33:46.3233039Z #24 DONE 0.3s
2025-08-17T13:33:46.3233216Z 
2025-08-17T13:33:46.3233370Z #25 [fees_h10 internal] load .dockerignore
2025-08-17T13:33:46.3233801Z #25 transferring context: 2B done
2025-08-17T13:33:46.3234477Z #25 DONE 0.0s
2025-08-17T13:33:46.3234655Z 
2025-08-17T13:33:46.3234801Z #26 [etl internal] load .dockerignore
2025-08-17T13:33:46.3235573Z #26 transferring context: 265B 0.0s done
2025-08-17T13:33:46.3236307Z #26 DONE 0.0s
2025-08-17T13:33:46.3236501Z 
2025-08-17T13:33:46.3236678Z #27 [repricer internal] load .dockerignore
2025-08-17T13:33:46.3237608Z #27 transferring context: 265B 0.0s done
2025-08-17T13:33:46.3238024Z #27 DONE 0.0s
2025-08-17T13:33:46.3238190Z 
2025-08-17T13:33:46.3238343Z #28 [logistics_etl internal] load .dockerignore
2025-08-17T13:33:46.3238834Z #28 transferring context: 2B done
2025-08-17T13:33:46.3239220Z #28 DONE 0.0s
2025-08-17T13:33:46.3239400Z 
2025-08-17T13:33:46.3239886Z #29 [api internal] load .dockerignore
2025-08-17T13:33:46.3240290Z #29 transferring context: 265B 0.0s done
2025-08-17T13:33:46.3240689Z #29 DONE 0.0s
2025-08-17T13:33:46.3240853Z 
2025-08-17T13:33:46.3241582Z #22 [web build 1/6] FROM docker.io/library/node:20-alpine@sha256:df02558528d3d3d0d621f112e232611aecfee7cbc654f6b375765f72bb262799
2025-08-17T13:33:47.7042770Z #22 ...
2025-08-17T13:33:47.7043946Z 
2025-08-17T13:33:47.7044785Z #30 [fees_h10 internal] load build context
2025-08-17T13:33:47.7049647Z #30 transferring context: 5.54kB done
2025-08-17T13:33:47.7051073Z #30 DONE 0.1s
2025-08-17T13:33:47.8509035Z 
2025-08-17T13:33:47.8509372Z #31 [logistics_etl internal] load build context
2025-08-17T13:33:47.8509885Z #31 transferring context: 12.90kB 0.0s done
2025-08-17T13:33:47.8510276Z #31 DONE 0.0s
2025-08-17T13:33:47.8510449Z 
2025-08-17T13:33:47.8510620Z #32 [api internal] load build context
2025-08-17T13:33:47.8511057Z #32 transferring context: 79.45kB 0.0s done
2025-08-17T13:33:47.8511589Z #32 DONE 0.1s
2025-08-17T13:33:47.8511764Z 
2025-08-17T13:33:47.8511923Z #33 [repricer internal] load build context
2025-08-17T13:33:47.8512359Z #33 transferring context: 5.47kB 0.0s done
2025-08-17T13:33:47.8512752Z #33 DONE 0.0s
2025-08-17T13:33:47.8512914Z 
2025-08-17T13:33:47.8513053Z #34 [etl internal] load build context
2025-08-17T13:33:47.8513474Z #34 transferring context: 11.44kB done
2025-08-17T13:33:47.8513836Z #34 DONE 0.0s
2025-08-17T13:33:47.8514000Z 
2025-08-17T13:33:47.8514633Z #35 [etl base 1/6] FROM docker.io/library/python:3.12-slim@sha256:d67a7b66b989ad6b6d6b10d428dcc5e0bfc3e5f88906e67d490c4d3daac57047
2025-08-17T13:33:47.8516041Z #35 resolve docker.io/library/python:3.12-slim@sha256:d67a7b66b989ad6b6d6b10d428dcc5e0bfc3e5f88906e67d490c4d3daac57047 0.1s done
2025-08-17T13:33:47.8517257Z #35 extracting sha256:396b1da7636e2dcd10565cb4f2f952cbb4a8a38b58d3b86a2cacb172fb70117c 0.2s
2025-08-17T13:33:47.8518327Z #35 sha256:396b1da7636e2dcd10565cb4f2f952cbb4a8a38b58d3b86a2cacb172fb70117c 29.77MB / 29.77MB done
2025-08-17T13:33:47.8519394Z #35 sha256:5d587318e932a89b94608393c99dd30ee5092a6991c1656f717bd4f4e13d60df 1.29MB / 1.29MB 0.1s done
2025-08-17T13:33:47.8520495Z #35 sha256:e5c05dcf47fbdb2f18dc242ad1b7f48fbd3813c0027ffcfb8e81e4aa7e0965f4 1.05MB / 12.11MB 0.2s
2025-08-17T13:33:47.8521753Z #35 sha256:d76206d463c08ba2a3f7bbab2de2a933ad73f33ab4ab813eafe50c9dff9edc12 251B / 251B 0.1s done
2025-08-17T13:33:47.8522852Z #35 sha256:d67a7b66b989ad6b6d6b10d428dcc5e0bfc3e5f88906e67d490c4d3daac57047 10.37kB / 10.37kB done
2025-08-17T13:33:47.8523933Z #35 sha256:8f3d1de1b41cd7340a89b024d6f7a10043f7b0d07d97eb36ba76f22fcfa9a235 1.75kB / 1.75kB done
2025-08-17T13:33:47.8525032Z #35 sha256:bad5eac7befe06d25bef9d4d894d7467355bac08745c745a88977774933fa032 5.58kB / 5.58kB done
2025-08-17T13:33:47.9775031Z #35 sha256:e5c05dcf47fbdb2f18dc242ad1b7f48fbd3813c0027ffcfb8e81e4aa7e0965f4 5.24MB / 12.11MB 0.3s
2025-08-17T13:33:48.0791736Z #35 sha256:e5c05dcf47fbdb2f18dc242ad1b7f48fbd3813c0027ffcfb8e81e4aa7e0965f4 8.39MB / 12.11MB 0.4s
2025-08-17T13:33:48.2087723Z #35 sha256:e5c05dcf47fbdb2f18dc242ad1b7f48fbd3813c0027ffcfb8e81e4aa7e0965f4 12.11MB / 12.11MB 0.4s done
2025-08-17T13:33:48.4719095Z #35 ...
2025-08-17T13:33:48.4719371Z 
2025-08-17T13:33:48.4720026Z #36 [web stage-1 1/2] FROM docker.io/library/nginx:1.25-alpine@sha256:516475cc129da42866742567714ddc681e5eed7b9ee0b9e9c015e464b4221a00
2025-08-17T13:33:48.4722232Z #36 resolve docker.io/library/nginx:1.25-alpine@sha256:516475cc129da42866742567714ddc681e5eed7b9ee0b9e9c015e464b4221a00 0.0s done
2025-08-17T13:33:48.4723474Z #36 sha256:516475cc129da42866742567714ddc681e5eed7b9ee0b9e9c015e464b4221a00 9.07kB / 9.07kB done
2025-08-17T13:33:48.4724540Z #36 sha256:721fa00bc549df26b3e67cc558ff176112d4ba69847537766f3c28e171d180e7 2.50kB / 2.50kB done
2025-08-17T13:33:48.4725719Z #36 sha256:501d84f5d06487ff81e506134dc922ed4fd2080d5521eb5b6ee4054fa17d15c4 10.80kB / 10.80kB done
2025-08-17T13:33:48.4728107Z #36 extracting sha256:4abcf20661432fb2d719aaf90656f55c287f8ca915dc1c92ec14ff61e67fbaf8 0.3s done
2025-08-17T13:33:48.4729204Z #36 sha256:e6ef242c157026935bf8a69e6cf19f8f6635e44507c813daf0cc644f2e22396b 629B / 629B 0.3s done
2025-08-17T13:33:48.4730257Z #36 sha256:fc21a1d387f514f53589abea6d67cd6b329dfd3c9059bc96a552af3b3c97b413 3.99MB / 3.99MB 0.3s done
2025-08-17T13:33:48.4731308Z #36 sha256:8a3742a9529dc5c00974dfcf5e465be9f1606ff8a1911527b3928cf86ad57465 1.40kB / 1.40kB 0.4s done
2025-08-17T13:33:48.4734008Z #36 sha256:13fcfbc94648785b918ecc1af675ac5187cdfc30f4fdaf9afa8bd2e9dedf548b 954B / 954B 0.4s done
2025-08-17T13:33:48.4735460Z #36 sha256:d4bca490e609acaaf54ca73363442d31a31fd136a47a20a12370cf2025f0a10b 393B / 393B 0.4s done
2025-08-17T13:33:48.4736596Z #36 sha256:5406ed7b06d9a94b5bd15843d2a1c7e38796a3ec5dc7f40f16f70cc1d045f453 1.21kB / 1.21kB 0.4s done
2025-08-17T13:33:48.4737758Z #36 sha256:0d0c16747d2c6b6c26c064652afcb964c15f1b1e596ec052b2aa19b83948ae27 13.04MB / 13.04MB 0.5s done
2025-08-17T13:33:48.4738892Z #36 extracting sha256:fc21a1d387f514f53589abea6d67cd6b329dfd3c9059bc96a552af3b3c97b413 0.6s done
2025-08-17T13:33:48.4739960Z #36 extracting sha256:e6ef242c157026935bf8a69e6cf19f8f6635e44507c813daf0cc644f2e22396b done
2025-08-17T13:33:48.4740989Z #36 extracting sha256:13fcfbc94648785b918ecc1af675ac5187cdfc30f4fdaf9afa8bd2e9dedf548b done
2025-08-17T13:33:48.4742428Z #36 extracting sha256:d4bca490e609acaaf54ca73363442d31a31fd136a47a20a12370cf2025f0a10b done
2025-08-17T13:33:48.4743516Z #36 extracting sha256:5406ed7b06d9a94b5bd15843d2a1c7e38796a3ec5dc7f40f16f70cc1d045f453 done
2025-08-17T13:33:48.4744553Z #36 extracting sha256:8a3742a9529dc5c00974dfcf5e465be9f1606ff8a1911527b3928cf86ad57465 done
2025-08-17T13:33:48.4828813Z #36 extracting sha256:0d0c16747d2c6b6c26c064652afcb964c15f1b1e596ec052b2aa19b83948ae27 0.4s done
2025-08-17T13:33:48.4829560Z #36 DONE 2.9s
2025-08-17T13:33:48.4829804Z 
2025-08-17T13:33:48.4830482Z #22 [web build 1/6] FROM docker.io/library/node:20-alpine@sha256:df02558528d3d3d0d621f112e232611aecfee7cbc654f6b375765f72bb262799
2025-08-17T13:33:48.4831874Z #22 extracting sha256:8c59d92d6fc9f01af4aaa86824be72b74bd4d940c4c46aa95d9710bfa46c975e 2.4s done
2025-08-17T13:33:48.4832916Z #22 extracting sha256:54225bd601967a0aa669ec9be621c24d8eeac874b698d55874018070898685c2 0.0s done
2025-08-17T13:33:48.4833985Z #22 extracting sha256:a9e48ad1219d4d11c6456a8db0fd5c11af46242d52edf84e17ab84a7bfd93809 done
2025-08-17T13:33:48.4834676Z #22 DONE 3.0s
2025-08-17T13:33:48.4834845Z 
2025-08-17T13:33:48.4834984Z #37 [web build 2/6] WORKDIR /app
2025-08-17T13:33:48.4835324Z #37 DONE 0.0s
2025-08-17T13:33:48.4835483Z 
2025-08-17T13:33:48.4835652Z #38 [web build 3/6] COPY package*.json ./
2025-08-17T13:33:48.4836037Z #38 DONE 0.0s
2025-08-17T13:33:48.4836200Z 
2025-08-17T13:33:48.4836816Z #35 [etl base 1/6] FROM docker.io/library/python:3.12-slim@sha256:d67a7b66b989ad6b6d6b10d428dcc5e0bfc3e5f88906e67d490c4d3daac57047
2025-08-17T13:33:48.5722656Z #35 extracting sha256:396b1da7636e2dcd10565cb4f2f952cbb4a8a38b58d3b86a2cacb172fb70117c 0.9s done
2025-08-17T13:33:48.5723477Z #35 extracting sha256:5d587318e932a89b94608393c99dd30ee5092a6991c1656f717bd4f4e13d60df
2025-08-17T13:33:48.7817710Z #35 extracting sha256:5d587318e932a89b94608393c99dd30ee5092a6991c1656f717bd4f4e13d60df 0.2s done
2025-08-17T13:33:48.7821903Z #35 extracting sha256:e5c05dcf47fbdb2f18dc242ad1b7f48fbd3813c0027ffcfb8e81e4aa7e0965f4
2025-08-17T13:33:49.6586159Z #35 extracting sha256:e5c05dcf47fbdb2f18dc242ad1b7f48fbd3813c0027ffcfb8e81e4aa7e0965f4 0.8s done
2025-08-17T13:33:49.7792725Z #35 extracting sha256:d76206d463c08ba2a3f7bbab2de2a933ad73f33ab4ab813eafe50c9dff9edc12 done
2025-08-17T13:33:49.7801960Z #35 DONE 2.2s
2025-08-17T13:33:49.7802208Z 
2025-08-17T13:33:49.7802533Z #39 [repricer base 2/6] WORKDIR /app
2025-08-17T13:33:49.7802937Z #39 DONE 0.0s
2025-08-17T13:33:49.7803121Z 
2025-08-17T13:33:49.7804529Z #40 [api stage-1 3/6] RUN set -eux;     if [ -f /etc/apt/sources.list ]; then         sed -i 's|http://deb.debian.org|https://deb.debian.org|g' /etc/apt/sources.list;     fi;     apt-get update;     apt-get install -y --no-install-recommends tzdata postgresql-client curl;     rm -rf /var/lib/apt/lists/*
2025-08-17T13:33:49.8815731Z #40 ...
2025-08-17T13:33:49.8816246Z 
2025-08-17T13:33:49.8816701Z #41 [api base  3/12] COPY services/api/requirements.txt ./requirements.txt
2025-08-17T13:33:49.8818425Z #41 DONE 0.1s
2025-08-17T13:33:49.8818645Z 
2025-08-17T13:33:49.8818936Z #42 [logistics_etl base 3/5] COPY requirements*.txt constraints.txt ./
2025-08-17T13:33:49.8819494Z #42 DONE 0.1s
2025-08-17T13:33:49.8819669Z 
2025-08-17T13:33:49.8820143Z #43 [repricer base 3/5] COPY services/repricer/requirements*.txt services/repricer/constraints.txt ./
2025-08-17T13:33:49.8820878Z #43 DONE 0.1s
2025-08-17T13:33:49.8821047Z 
2025-08-17T13:33:49.8821324Z #44 [fees_h10 base 3/6] COPY requirements*.txt constraints.txt ./fees_h10/
2025-08-17T13:33:49.8833450Z #44 DONE 0.1s
2025-08-17T13:33:49.8833643Z 
2025-08-17T13:33:49.8834029Z #45 [etl base 3/5] COPY services/etl/requirements*.txt services/etl/constraints.txt ./
2025-08-17T13:33:49.8834649Z #45 DONE 0.1s
2025-08-17T13:33:49.9911345Z 
2025-08-17T13:33:49.9927816Z #46 [postgres 1/6] FROM docker.io/library/postgres:16@sha256:66a5efb5677ffac1037774a0e141fd3a4c035c9c0c0e624c9cc980dfa10f45e5
2025-08-17T13:33:49.9945480Z #46 resolve docker.io/library/postgres:16@sha256:66a5efb5677ffac1037774a0e141fd3a4c035c9c0c0e624c9cc980dfa10f45e5 0.0s done
2025-08-17T13:33:49.9947752Z #46 sha256:4b802c5161ddfa2ae4beac272c4e24aa5e162a20451c8489cbb952a88507732f 9.89kB / 9.89kB done
2025-08-17T13:33:49.9949306Z #46 sha256:3084fa1fadd59e7633ec56d318f1e4de01be744f446c5c35df7cd801fbc34894 3.63kB / 3.63kB done
2025-08-17T13:33:49.9950543Z #46 sha256:66a5efb5677ffac1037774a0e141fd3a4c035c9c0c0e624c9cc980dfa10f45e5 10.24kB / 10.24kB done
2025-08-17T13:33:49.9952879Z #46 sha256:396b1da7636e2dcd10565cb4f2f952cbb4a8a38b58d3b86a2cacb172fb70117c 29.77MB / 29.77MB 1.0s done
2025-08-17T13:33:49.9954295Z #46 sha256:fb850b0e3049060bf4eb46c8806d7ceea916d67e5cc56d6b295511e27463e56b 1.17kB / 1.17kB 0.5s done
2025-08-17T13:33:49.9955613Z #46 sha256:7f09385d08f9e8f578f9dad57582fff30d6ca3ef0f4d66ab5e1bf92c88862341 6.44MB / 6.44MB 0.6s done
2025-08-17T13:33:49.9956843Z #46 sha256:534f45d26d937460abe84bd086361a04c27e624a23f9384ff13f11c24c64c7bb 1.45MB / 1.45MB 0.5s done
2025-08-17T13:33:49.9958045Z #46 sha256:2b6532633f5d125e9a709f56f26af5a07390c859a5c77142b74da1d4e3c79fee 8.20MB / 8.20MB 0.6s done
2025-08-17T13:33:49.9959487Z #46 sha256:320fa150e60fca9bb108771a06f08d5464ad8b7474b7bf3f4b44d723b686ee72 1.31MB / 1.31MB 0.6s done
2025-08-17T13:33:49.9960674Z #46 sha256:19947f6cc5d3035f6c922fa1d6047c79e044256ad948080adb59cec60717b9f8 116B / 116B 0.7s done
2025-08-17T13:33:49.9963250Z #46 sha256:e787bdd7824bfcb30d11087160de825f724620c952958f4f725c13421499b724 3.14kB / 3.14kB 0.7s done
2025-08-17T13:33:49.9964375Z #46 sha256:a1e4ad56dcecf442fba1cec05cd565ededfdc663e5172df9ef9394d96d4c96f8 113.19MB / 113.19MB 2.0s done
2025-08-17T13:33:49.9965813Z #46 sha256:987c1b4919ea2d87df20824aaef43a9de0575ac7df684579ad267c7e48c8eeea 10.01kB / 10.01kB 0.7s done
2025-08-17T13:33:49.9966948Z #46 sha256:a858bd6d34e86a481a2e028e3ba489e662b3ac7713eba9a5d3bb97002c7d797e 128B / 128B 0.8s done
2025-08-17T13:33:49.9968033Z #46 sha256:f1b3502db45ad485f0affe43e32fc81d699ddac01c023f198271a0a7e1cecd4c 169B / 169B 1.0s done
2025-08-17T13:33:49.9969103Z #46 extracting sha256:396b1da7636e2dcd10565cb4f2f952cbb4a8a38b58d3b86a2cacb172fb70117c 1.9s done
2025-08-17T13:33:49.9970487Z #46 sha256:25ef78fb127c1934630de29a3d38f46e544360b1dcf5cfc09b25507fbe88fd75 5.92kB / 5.92kB 1.7s done
2025-08-17T13:33:50.0010141Z #46 sha256:240810240d04caaaccb11d51ba7c3a7f7d6f470ec2a80ee420a3d33899d9a303 184B / 184B 1.8s done
2025-08-17T13:33:50.0011199Z #46 extracting sha256:fb850b0e3049060bf4eb46c8806d7ceea916d67e5cc56d6b295511e27463e56b done
2025-08-17T13:33:50.0012425Z #46 extracting sha256:7f09385d08f9e8f578f9dad57582fff30d6ca3ef0f4d66ab5e1bf92c88862341 0.2s done
2025-08-17T13:33:50.0013475Z #46 extracting sha256:534f45d26d937460abe84bd086361a04c27e624a23f9384ff13f11c24c64c7bb 0.0s done
2025-08-17T13:33:50.0014493Z #46 extracting sha256:2b6532633f5d125e9a709f56f26af5a07390c859a5c77142b74da1d4e3c79fee 0.4s done
2025-08-17T13:33:50.0015563Z #46 extracting sha256:320fa150e60fca9bb108771a06f08d5464ad8b7474b7bf3f4b44d723b686ee72 0.1s done
2025-08-17T13:33:50.0016564Z #46 extracting sha256:19947f6cc5d3035f6c922fa1d6047c79e044256ad948080adb59cec60717b9f8 done
2025-08-17T13:33:50.0017540Z #46 extracting sha256:e787bdd7824bfcb30d11087160de825f724620c952958f4f725c13421499b724 done
2025-08-17T13:33:50.0018540Z #46 extracting sha256:a1e4ad56dcecf442fba1cec05cd565ededfdc663e5172df9ef9394d96d4c96f8 0.3s
2025-08-17T13:33:55.1332188Z #46 extracting sha256:a1e4ad56dcecf442fba1cec05cd565ededfdc663e5172df9ef9394d96d4c96f8 5.4s
2025-08-17T13:33:58.4803245Z #46 ...
2025-08-17T13:33:58.4803480Z 
2025-08-17T13:33:58.4803626Z #47 [web build 4/6] RUN npm ci
2025-08-17T13:33:58.5848501Z #47 ...
2025-08-17T13:33:58.5848775Z 
2025-08-17T13:33:58.5849453Z #46 [postgres 1/6] FROM docker.io/library/postgres:16@sha256:66a5efb5677ffac1037774a0e141fd3a4c035c9c0c0e624c9cc980dfa10f45e5
2025-08-17T13:33:59.8178959Z #46 ...
2025-08-17T13:33:59.8189975Z 
2025-08-17T13:33:59.8190677Z #48 [logistics_etl base 4/5] RUN if [ -n "" ] && [ -f "" ]; then         pip install -r requirements.txt -c "";     else         pip install -r requirements.txt;     fi
2025-08-17T13:33:59.8196107Z #48 4.897 Collecting apscheduler==3.10.4 (from -r requirements.txt (line 1))
2025-08-17T13:33:59.8197381Z #48 4.948   Downloading APScheduler-3.10.4-py3-none-any.whl.metadata (5.7 kB)
2025-08-17T13:33:59.8211080Z #48 5.029 Collecting httpx==0.26.0 (from -r requirements.txt (line 2))
2025-08-17T13:33:59.8212054Z #48 5.038   Downloading httpx-0.26.0-py3-none-any.whl.metadata (7.6 kB)
2025-08-17T13:33:59.8212845Z #48 5.710 Collecting sqlalchemy==2.0.29 (from -r requirements.txt (line 3))
2025-08-17T13:33:59.8213887Z #48 5.723   Downloading SQLAlchemy-2.0.29-cp312-cp312-manylinux_2_17_x86_64.manylinux2014_x86_64.whl.metadata (9.6 kB)
2025-08-17T13:33:59.8214875Z #48 5.835 Collecting asyncpg==0.30.0 (from -r requirements.txt (line 4))
2025-08-17T13:33:59.8215836Z #48 5.839   Downloading asyncpg-0.30.0-cp312-cp312-manylinux_2_17_x86_64.manylinux2014_x86_64.whl.metadata (5.0 kB)
2025-08-17T13:33:59.8216866Z #48 5.938 Collecting six>=1.4.0 (from apscheduler==3.10.4->-r requirements.txt (line 1))
2025-08-17T13:33:59.8217703Z #48 5.945   Downloading six-1.17.0-py2.py3-none-any.whl.metadata (1.7 kB)
2025-08-17T13:33:59.8218516Z #48 6.087 Collecting pytz (from apscheduler==3.10.4->-r requirements.txt (line 1))
2025-08-17T13:33:59.8219323Z #48 6.098   Downloading pytz-2025.2-py2.py3-none-any.whl.metadata (22 kB)
2025-08-17T13:33:59.8220363Z #48 6.160 Collecting tzlocal!=3.*,>=2.0 (from apscheduler==3.10.4->-r requirements.txt (line 1))
2025-08-17T13:33:59.8221079Z #48 6.169   Downloading tzlocal-5.3.1-py3-none-any.whl.metadata (7.6 kB)
2025-08-17T13:33:59.8222259Z #48 6.230 Collecting anyio (from httpx==0.26.0->-r requirements.txt (line 2))
2025-08-17T13:33:59.8223004Z #48 6.236   Downloading anyio-4.10.0-py3-none-any.whl.metadata (4.0 kB)
2025-08-17T13:33:59.8223721Z #48 6.308 Collecting certifi (from httpx==0.26.0->-r requirements.txt (line 2))
2025-08-17T13:33:59.8224447Z #48 6.313   Downloading certifi-2025.8.3-py3-none-any.whl.metadata (2.4 kB)
2025-08-17T13:33:59.8225203Z #48 6.392 Collecting httpcore==1.* (from httpx==0.26.0->-r requirements.txt (line 2))
2025-08-17T13:33:59.8226251Z #48 6.398   Downloading httpcore-1.0.9-py3-none-any.whl.metadata (21 kB)
2025-08-17T13:33:59.8226955Z #48 6.440 Collecting idna (from httpx==0.26.0->-r requirements.txt (line 2))
2025-08-17T13:33:59.8227607Z #48 6.445   Downloading idna-3.10-py3-none-any.whl.metadata (10 kB)
2025-08-17T13:33:59.8228302Z #48 6.485 Collecting sniffio (from httpx==0.26.0->-r requirements.txt (line 2))
2025-08-17T13:33:59.8229039Z #48 6.490   Downloading sniffio-1.3.1-py3-none-any.whl.metadata (3.9 kB)
2025-08-17T13:33:59.8229913Z #48 6.563 Collecting typing-extensions>=4.6.0 (from sqlalchemy==2.0.29->-r requirements.txt (line 3))
2025-08-17T13:33:59.8230879Z #48 6.570   Downloading typing_extensions-4.14.1-py3-none-any.whl.metadata (3.0 kB)
2025-08-17T13:33:59.8231979Z #48 6.836 Collecting greenlet!=0.4.17 (from sqlalchemy==2.0.29->-r requirements.txt (line 3))
2025-08-17T13:33:59.8233037Z #48 6.847   Downloading greenlet-3.2.4-cp312-cp312-manylinux_2_24_x86_64.manylinux_2_28_x86_64.whl.metadata (4.1 kB)
2025-08-17T13:33:59.8234140Z #48 6.913 Collecting h11>=0.16 (from httpcore==1.*->httpx==0.26.0->-r requirements.txt (line 2))
2025-08-17T13:33:59.8234961Z #48 6.925   Downloading h11-0.16.0-py3-none-any.whl.metadata (8.3 kB)
2025-08-17T13:33:59.8235658Z #48 6.985 Downloading APScheduler-3.10.4-py3-none-any.whl (59 kB)
2025-08-17T13:33:59.8236314Z #48 6.996 Downloading httpx-0.26.0-py3-none-any.whl (75 kB)
2025-08-17T13:33:59.8237186Z #48 7.008 Downloading SQLAlchemy-2.0.29-cp312-cp312-manylinux_2_17_x86_64.manylinux2014_x86_64.whl (3.2 MB)
2025-08-17T13:33:59.8238542Z #48 7.068    ━━━━━━━━━━━━━━━━━━━━━━━━━━━━━━━━━━━━━━━━ 3.2/3.2 MB 61.4 MB/s eta 0:00:00
2025-08-17T13:33:59.8239414Z #48 7.075 Downloading asyncpg-0.30.0-cp312-cp312-manylinux_2_17_x86_64.manylinux2014_x86_64.whl (3.6 MB)
2025-08-17T13:33:59.8240438Z #48 7.153    ━━━━━━━━━━━━━━━━━━━━━━━━━━━━━━━━━━━━━━━━ 3.6/3.6 MB 50.1 MB/s eta 0:00:00
2025-08-17T13:33:59.8241078Z #48 7.163 Downloading httpcore-1.0.9-py3-none-any.whl (78 kB)
2025-08-17T13:33:59.8293322Z #48 7.185 Downloading greenlet-3.2.4-cp312-cp312-manylinux_2_24_x86_64.manylinux_2_28_x86_64.whl (607 kB)
2025-08-17T13:33:59.8294500Z #48 7.213    ━━━━━━━━━━━━━━━━━━━━━━━━━━━━━━━━━━━━━━━━ 607.6/607.6 kB 17.3 MB/s eta 0:00:00
2025-08-17T13:33:59.8295145Z #48 7.224 Downloading six-1.17.0-py2.py3-none-any.whl (11 kB)
2025-08-17T13:33:59.8295851Z #48 7.247 Downloading typing_extensions-4.14.1-py3-none-any.whl (43 kB)
2025-08-17T13:33:59.8296541Z #48 7.271 Downloading tzlocal-5.3.1-py3-none-any.whl (18 kB)
2025-08-17T13:33:59.8297162Z #48 7.314 Downloading anyio-4.10.0-py3-none-any.whl (107 kB)
2025-08-17T13:33:59.8297757Z #48 7.326 Downloading idna-3.10-py3-none-any.whl (70 kB)
2025-08-17T13:33:59.8298330Z #48 7.337 Downloading sniffio-1.3.1-py3-none-any.whl (10 kB)
2025-08-17T13:33:59.8298945Z #48 7.350 Downloading certifi-2025.8.3-py3-none-any.whl (161 kB)
2025-08-17T13:33:59.8299561Z #48 7.373 Downloading pytz-2025.2-py2.py3-none-any.whl (509 kB)
2025-08-17T13:33:59.8300176Z #48 7.389 Downloading h11-0.16.0-py3-none-any.whl (37 kB)
2025-08-17T13:33:59.8301508Z #48 7.530 Installing collected packages: pytz, tzlocal, typing-extensions, sniffio, six, idna, h11, greenlet, certifi, asyncpg, sqlalchemy, httpcore, apscheduler, anyio, httpx
2025-08-17T13:33:59.9442796Z #48 ...
2025-08-17T13:33:59.9443868Z 
2025-08-17T13:33:59.9444201Z #49 [api base  4/12] RUN pip install --no-cache-dir -r requirements.txt
2025-08-17T13:33:59.9444889Z #49 5.100 Collecting uvicorn==0.29.0 (from -r requirements.txt (line 1))
2025-08-17T13:33:59.9445913Z #49 5.168   Downloading uvicorn-0.29.0-py3-none-any.whl.metadata (6.3 kB)
2025-08-17T13:33:59.9446688Z #49 5.213 Collecting pydantic-settings==2.2.1 (from -r requirements.txt (line 2))
2025-08-17T13:33:59.9447491Z #49 5.223   Downloading pydantic_settings-2.2.1-py3-none-any.whl.metadata (3.1 kB)
2025-08-17T13:33:59.9448300Z #49 5.369 Collecting fastapi==0.111.0 (from -r requirements.txt (line 3))
2025-08-17T13:33:59.9449290Z #49 5.380   Downloading fastapi-0.111.0-py3-none-any.whl.metadata (25 kB)
2025-08-17T13:33:59.9450090Z #49 6.213 Collecting sqlalchemy==2.0.29 (from -r requirements.txt (line 4))
2025-08-17T13:33:59.9451112Z #49 6.223   Downloading SQLAlchemy-2.0.29-cp312-cp312-manylinux_2_17_x86_64.manylinux2014_x86_64.whl.metadata (9.6 kB)
2025-08-17T13:33:59.9452316Z #49 6.307 Collecting alembic==1.13.1 (from -r requirements.txt (line 5))
2025-08-17T13:33:59.9453101Z #49 6.315   Downloading alembic-1.13.1-py3-none-any.whl.metadata (7.4 kB)
2025-08-17T13:33:59.9454000Z #49 6.348 Collecting psycopg==3.2.9 (from psycopg[binary]==3.2.9->-r requirements.txt (line 6))
2025-08-17T13:33:59.9454868Z #49 6.353   Downloading psycopg-3.2.9-py3-none-any.whl.metadata (4.5 kB)
2025-08-17T13:33:59.9455649Z #49 6.423 Collecting httpx==0.27.2 (from -r requirements.txt (line 7))
2025-08-17T13:33:59.9456407Z #49 6.427   Downloading httpx-0.27.2-py3-none-any.whl.metadata (7.1 kB)
2025-08-17T13:33:59.9457172Z #49 6.512 Collecting asyncpg==0.29.0 (from -r requirements.txt (line 8))
2025-08-17T13:33:59.9458149Z #49 6.518   Downloading asyncpg-0.29.0-cp312-cp312-manylinux_2_17_x86_64.manylinux2014_x86_64.whl.metadata (4.4 kB)
2025-08-17T13:33:59.9459125Z #49 7.353 Collecting boto3==1.34.162 (from -r requirements.txt (line 9))
2025-08-17T13:33:59.9459887Z #49 7.359   Downloading boto3-1.34.162-py3-none-any.whl.metadata (6.6 kB)
2025-08-17T13:33:59.9460635Z #49 7.400 Collecting Jinja2==3.1.5 (from -r requirements.txt (line 10))
2025-08-17T13:33:59.9461597Z #49 7.408   Downloading jinja2-3.1.5-py3-none-any.whl.metadata (2.6 kB)
2025-08-17T13:33:59.9462392Z #49 7.451 Collecting click>=7.0 (from uvicorn==0.29.0->-r requirements.txt (line 1))
2025-08-17T13:33:59.9463202Z #49 7.457   Downloading click-8.2.1-py3-none-any.whl.metadata (2.5 kB)
2025-08-17T13:33:59.9463961Z #49 7.478 Collecting h11>=0.8 (from uvicorn==0.29.0->-r requirements.txt (line 1))
2025-08-17T13:33:59.9464714Z #49 7.485   Downloading h11-0.16.0-py3-none-any.whl.metadata (8.3 kB)
2025-08-17T13:33:59.9465576Z #49 7.814 Collecting pydantic>=2.3.0 (from pydantic-settings==2.2.1->-r requirements.txt (line 2))
2025-08-17T13:33:59.9466474Z #49 7.821   Downloading pydantic-2.11.7-py3-none-any.whl.metadata (67 kB)
2025-08-17T13:33:59.9467405Z #49 7.869 Collecting python-dotenv>=0.21.0 (from pydantic-settings==2.2.1->-r requirements.txt (line 2))
2025-08-17T13:33:59.9468350Z #49 7.876   Downloading python_dotenv-1.1.1-py3-none-any.whl.metadata (24 kB)
2025-08-17T13:33:59.9469308Z #49 7.964 Collecting starlette<0.38.0,>=0.37.2 (from fastapi==0.111.0->-r requirements.txt (line 3))
2025-08-17T13:33:59.9470227Z #49 7.973   Downloading starlette-0.37.2-py3-none-any.whl.metadata (5.9 kB)
2025-08-17T13:33:59.9471154Z #49 8.124 Collecting typing-extensions>=4.8.0 (from fastapi==0.111.0->-r requirements.txt (line 3))
2025-08-17T13:33:59.9502058Z #49 8.127   Downloading typing_extensions-4.14.1-py3-none-any.whl.metadata (3.0 kB)
2025-08-17T13:33:59.9502964Z #49 8.145 Collecting fastapi-cli>=0.0.2 (from fastapi==0.111.0->-r requirements.txt (line 3))
2025-08-17T13:33:59.9503826Z #49 8.156   Downloading fastapi_cli-0.0.8-py3-none-any.whl.metadata (6.3 kB)
2025-08-17T13:33:59.9504708Z #49 8.203 Collecting python-multipart>=0.0.7 (from fastapi==0.111.0->-r requirements.txt (line 3))
2025-08-17T13:33:59.9505608Z #49 8.214   Downloading python_multipart-0.0.20-py3-none-any.whl.metadata (1.8 kB)
2025-08-17T13:33:59.9506557Z #49 8.440 Collecting ujson!=4.0.2,!=4.1.0,!=4.2.0,!=4.3.0,!=5.0.0,!=5.1.0,>=4.0.1 (from fastapi==0.111.0->-r requirements.txt (line 3))
2025-08-17T13:33:59.9601980Z #49 8.447   Downloading ujson-5.10.0-cp312-cp312-manylinux_2_17_x86_64.manylinux2014_x86_64.whl.metadata (9.3 kB)
2025-08-17T13:33:59.9603206Z #49 8.958 Collecting orjson>=3.2.1 (from fastapi==0.111.0->-r requirements.txt (line 3))
2025-08-17T13:33:59.9604125Z #49 8.964   Downloading orjson-3.11.2-cp312-cp312-manylinux_2_17_x86_64.manylinux2014_x86_64.whl.metadata (1.2 kB)
2025-08-17T13:33:59.9605217Z #49 9.019 Collecting email_validator>=2.0.0 (from fastapi==0.111.0->-r requirements.txt (line 3))
2025-08-17T13:33:59.9606426Z #49 9.035   Downloading email_validator-2.2.0-py3-none-any.whl.metadata (25 kB)
2025-08-17T13:33:59.9607329Z #49 9.380 Collecting greenlet!=0.4.17 (from sqlalchemy==2.0.29->-r requirements.txt (line 4))
2025-08-17T13:33:59.9608403Z #49 9.387   Downloading greenlet-3.2.4-cp312-cp312-manylinux_2_24_x86_64.manylinux_2_28_x86_64.whl.metadata (4.1 kB)
2025-08-17T13:33:59.9609400Z #49 9.459 Collecting Mako (from alembic==1.13.1->-r requirements.txt (line 5))
2025-08-17T13:33:59.9610198Z #49 9.463   Downloading mako-1.3.10-py3-none-any.whl.metadata (2.9 kB)
2025-08-17T13:33:59.9610964Z #49 9.537 Collecting anyio (from httpx==0.27.2->-r requirements.txt (line 7))
2025-08-17T13:33:59.9611918Z #49 9.549   Downloading anyio-4.10.0-py3-none-any.whl.metadata (4.0 kB)
2025-08-17T13:33:59.9612708Z #49 9.589 Collecting certifi (from httpx==0.27.2->-r requirements.txt (line 7))
2025-08-17T13:33:59.9613520Z #49 9.593   Downloading certifi-2025.8.3-py3-none-any.whl.metadata (2.4 kB)
2025-08-17T13:33:59.9614357Z #49 9.665 Collecting httpcore==1.* (from httpx==0.27.2->-r requirements.txt (line 7))
2025-08-17T13:33:59.9615187Z #49 9.673   Downloading httpcore-1.0.9-py3-none-any.whl.metadata (21 kB)
2025-08-17T13:33:59.9615960Z #49 9.720 Collecting idna (from httpx==0.27.2->-r requirements.txt (line 7))
2025-08-17T13:33:59.9616700Z #49 9.728   Downloading idna-3.10-py3-none-any.whl.metadata (10 kB)
2025-08-17T13:33:59.9617442Z #49 9.747 Collecting sniffio (from httpx==0.27.2->-r requirements.txt (line 7))
2025-08-17T13:33:59.9618241Z #49 9.754   Downloading sniffio-1.3.1-py3-none-any.whl.metadata (3.9 kB)
2025-08-17T13:34:00.0776673Z #49 ...
2025-08-17T13:34:00.0782076Z 
2025-08-17T13:34:00.0782898Z #50 [fees_h10 base 4/6] RUN if [ -n "" ] && [ -f "fees_h10/" ]; then         pip install -r fees_h10/requirements.txt -c fees_h10/;     else         pip install -r fees_h10/requirements.txt;     fi
2025-08-17T13:34:00.0784214Z #50 5.034 Collecting celery==5.4.* (from celery[redis]==5.4.*->-r fees_h10/requirements.txt (line 1))
2025-08-17T13:34:00.0785141Z #50 5.090   Downloading celery-5.4.0-py3-none-any.whl.metadata (21 kB)
2025-08-17T13:34:00.0787488Z #50 5.295 Collecting asyncpg (from -r fees_h10/requirements.txt (line 2))
2025-08-17T13:34:00.0789564Z #50 5.295   Downloading asyncpg-0.30.0-cp312-cp312-manylinux_2_17_x86_64.manylinux2014_x86_64.whl.metadata (5.0 kB)
2025-08-17T13:34:00.0791828Z #50 5.377 Collecting httpx (from -r fees_h10/requirements.txt (line 3))
2025-08-17T13:34:00.0807689Z #50 5.380   Downloading httpx-0.28.1-py3-none-any.whl.metadata (7.1 kB)
2025-08-17T13:34:00.0813527Z #50 6.078 Collecting sqlalchemy (from -r fees_h10/requirements.txt (line 4))
2025-08-17T13:34:00.0814583Z #50 6.084   Downloading sqlalchemy-2.0.43-cp312-cp312-manylinux_2_17_x86_64.manylinux2014_x86_64.whl.metadata (9.6 kB)
2025-08-17T13:34:00.0815815Z #50 6.184 Collecting billiard<5.0,>=4.2.0 (from celery==5.4.*->celery[redis]==5.4.*->-r fees_h10/requirements.txt (line 1))
2025-08-17T13:34:00.0816813Z #50 6.192   Downloading billiard-4.2.1-py3-none-any.whl.metadata (4.4 kB)
2025-08-17T13:34:00.0817757Z #50 6.294 Collecting kombu<6.0,>=5.3.4 (from celery==5.4.*->celery[redis]==5.4.*->-r fees_h10/requirements.txt (line 1))
2025-08-17T13:34:00.0818690Z #50 6.305   Downloading kombu-5.5.4-py3-none-any.whl.metadata (3.5 kB)
2025-08-17T13:34:00.0819600Z #50 6.365 Collecting vine<6.0,>=5.1.0 (from celery==5.4.*->celery[redis]==5.4.*->-r fees_h10/requirements.txt (line 1))
2025-08-17T13:34:00.0820812Z #50 6.375   Downloading vine-5.1.0-py3-none-any.whl.metadata (2.7 kB)
2025-08-17T13:34:00.0821927Z #50 6.455 Collecting click<9.0,>=8.1.2 (from celery==5.4.*->celery[redis]==5.4.*->-r fees_h10/requirements.txt (line 1))
2025-08-17T13:34:00.0822861Z #50 6.462   Downloading click-8.2.1-py3-none-any.whl.metadata (2.5 kB)
2025-08-17T13:34:00.0823884Z #50 6.506 Collecting click-didyoumean>=0.3.0 (from celery==5.4.*->celery[redis]==5.4.*->-r fees_h10/requirements.txt (line 1))
2025-08-17T13:34:00.0833717Z #50 6.514   Downloading click_didyoumean-0.3.1-py3-none-any.whl.metadata (3.9 kB)
2025-08-17T13:34:00.0834758Z #50 6.544 Collecting click-repl>=0.2.0 (from celery==5.4.*->celery[redis]==5.4.*->-r fees_h10/requirements.txt (line 1))
2025-08-17T13:34:00.0835731Z #50 6.551   Downloading click_repl-0.3.0-py3-none-any.whl.metadata (3.6 kB)
2025-08-17T13:34:00.0836757Z #50 6.595 Collecting click-plugins>=1.1.1 (from celery==5.4.*->celery[redis]==5.4.*->-r fees_h10/requirements.txt (line 1))
2025-08-17T13:34:00.0837688Z #50 6.619   Downloading click_plugins-1.1.1.2-py2.py3-none-any.whl.metadata (6.5 kB)
2025-08-17T13:34:00.0838576Z #50 6.686 Collecting tzdata>=2022.7 (from celery==5.4.*->celery[redis]==5.4.*->-r fees_h10/requirements.txt (line 1))
2025-08-17T13:34:00.0839406Z #50 6.692   Downloading tzdata-2025.2-py2.py3-none-any.whl.metadata (1.4 kB)
2025-08-17T13:34:00.0840423Z #50 6.751 Collecting python-dateutil>=2.8.2 (from celery==5.4.*->celery[redis]==5.4.*->-r fees_h10/requirements.txt (line 1))
2025-08-17T13:34:00.0841752Z #50 6.762   Downloading python_dateutil-2.9.0.post0-py2.py3-none-any.whl.metadata (8.4 kB)
2025-08-17T13:34:00.0842781Z #50 6.890 Collecting redis!=4.5.5,<6.0.0,>=4.5.2 (from celery[redis]==5.4.*->-r fees_h10/requirements.txt (line 1))
2025-08-17T13:34:00.0843661Z #50 6.896   Downloading redis-5.3.1-py3-none-any.whl.metadata (9.2 kB)
2025-08-17T13:34:00.0844447Z #50 6.994 Collecting anyio (from httpx->-r fees_h10/requirements.txt (line 3))
2025-08-17T13:34:00.0845231Z #50 7.002   Downloading anyio-4.10.0-py3-none-any.whl.metadata (4.0 kB)
2025-08-17T13:34:00.0846028Z #50 7.070 Collecting certifi (from httpx->-r fees_h10/requirements.txt (line 3))
2025-08-17T13:34:00.0846838Z #50 7.079   Downloading certifi-2025.8.3-py3-none-any.whl.metadata (2.4 kB)
2025-08-17T13:34:00.0847670Z #50 7.145 Collecting httpcore==1.* (from httpx->-r fees_h10/requirements.txt (line 3))
2025-08-17T13:34:00.0848566Z #50 7.154   Downloading httpcore-1.0.9-py3-none-any.whl.metadata (21 kB)
2025-08-17T13:34:00.0849364Z #50 7.198 Collecting idna (from httpx->-r fees_h10/requirements.txt (line 3))
2025-08-17T13:34:00.0850119Z #50 7.205   Downloading idna-3.10-py3-none-any.whl.metadata (10 kB)
2025-08-17T13:34:00.0850933Z #50 7.247 Collecting h11>=0.16 (from httpcore==1.*->httpx->-r fees_h10/requirements.txt (line 3))
2025-08-17T13:34:00.0851948Z #50 7.254   Downloading h11-0.16.0-py3-none-any.whl.metadata (8.3 kB)
2025-08-17T13:34:00.0852762Z #50 7.670 Collecting greenlet>=1 (from sqlalchemy->-r fees_h10/requirements.txt (line 4))
2025-08-17T13:34:00.0853814Z #50 7.680   Downloading greenlet-3.2.4-cp312-cp312-manylinux_2_24_x86_64.manylinux_2_28_x86_64.whl.metadata (4.1 kB)
2025-08-17T13:34:00.0855012Z #50 7.754 Collecting typing-extensions>=4.6.0 (from sqlalchemy->-r fees_h10/requirements.txt (line 4))
2025-08-17T13:34:00.0856008Z #50 7.761   Downloading typing_extensions-4.14.1-py3-none-any.whl.metadata (3.0 kB)
2025-08-17T13:34:00.0857164Z #50 7.903 Collecting prompt-toolkit>=3.0.36 (from click-repl>=0.2.0->celery==5.4.*->celery[redis]==5.4.*->-r fees_h10/requirements.txt (line 1))
2025-08-17T13:34:00.0858304Z #50 7.909   Downloading prompt_toolkit-3.0.51-py3-none-any.whl.metadata (6.4 kB)
2025-08-17T13:34:00.0859348Z #50 7.989 Collecting amqp<6.0.0,>=5.1.1 (from kombu<6.0,>=5.3.4->celery==5.4.*->celery[redis]==5.4.*->-r fees_h10/requirements.txt (line 1))
2025-08-17T13:34:00.0860322Z #50 7.993   Downloading amqp-5.3.1-py3-none-any.whl.metadata (8.9 kB)
2025-08-17T13:34:00.0912324Z #50 8.051 Collecting packaging (from kombu<6.0,>=5.3.4->celery==5.4.*->celery[redis]==5.4.*->-r fees_h10/requirements.txt (line 1))
2025-08-17T13:34:00.0913492Z #50 8.058   Downloading packaging-25.0-py3-none-any.whl.metadata (3.3 kB)
2025-08-17T13:34:00.0914563Z #50 8.118 Collecting six>=1.5 (from python-dateutil>=2.8.2->celery==5.4.*->celery[redis]==5.4.*->-r fees_h10/requirements.txt (line 1))
2025-08-17T13:34:00.0915610Z #50 8.128   Downloading six-1.17.0-py2.py3-none-any.whl.metadata (1.7 kB)
2025-08-17T13:34:00.0916809Z #50 8.185 Collecting PyJWT>=2.9.0 (from redis!=4.5.5,<6.0.0,>=4.5.2->celery[redis]==5.4.*->-r fees_h10/requirements.txt (line 1))
2025-08-17T13:34:00.0917764Z #50 8.196   Downloading PyJWT-2.10.1-py3-none-any.whl.metadata (4.0 kB)
2025-08-17T13:34:00.0918615Z #50 8.242 Collecting sniffio>=1.1 (from anyio->httpx->-r fees_h10/requirements.txt (line 3))
2025-08-17T13:34:00.0919406Z #50 8.251   Downloading sniffio-1.3.1-py3-none-any.whl.metadata (3.9 kB)
2025-08-17T13:34:00.0920517Z #50 8.323 Collecting wcwidth (from prompt-toolkit>=3.0.36->click-repl>=0.2.0->celery==5.4.*->celery[redis]==5.4.*->-r fees_h10/requirements.txt (line 1))
2025-08-17T13:34:00.0921911Z #50 8.329   Downloading wcwidth-0.2.13-py2.py3-none-any.whl.metadata (14 kB)
2025-08-17T13:34:00.0922627Z #50 8.378 Downloading celery-5.4.0-py3-none-any.whl (425 kB)
2025-08-17T13:34:00.0923470Z #50 8.395 Downloading asyncpg-0.30.0-cp312-cp312-manylinux_2_17_x86_64.manylinux2014_x86_64.whl (3.6 MB)
2025-08-17T13:34:00.0924690Z #50 8.441    ━━━━━━━━━━━━━━━━━━━━━━━━━━━━━━━━━━━━━━━━ 3.6/3.6 MB 81.0 MB/s eta 0:00:00
2025-08-17T13:34:00.0925326Z #50 8.448 Downloading httpx-0.28.1-py3-none-any.whl (73 kB)
2025-08-17T13:34:00.0925952Z #50 8.463 Downloading httpcore-1.0.9-py3-none-any.whl (78 kB)
2025-08-17T13:34:00.0926820Z #50 8.481 Downloading sqlalchemy-2.0.43-cp312-cp312-manylinux_2_17_x86_64.manylinux2014_x86_64.whl (3.3 MB)
2025-08-17T13:34:00.0927941Z #50 8.540    ━━━━━━━━━━━━━━━━━━━━━━━━━━━━━━━━━━━━━━━━ 3.3/3.3 MB 59.2 MB/s eta 0:00:00
2025-08-17T13:34:00.0928582Z #50 8.579 Downloading billiard-4.2.1-py3-none-any.whl (86 kB)
2025-08-17T13:34:00.0929200Z #50 8.599 Downloading click-8.2.1-py3-none-any.whl (102 kB)
2025-08-17T13:34:00.0929861Z #50 8.623 Downloading click_didyoumean-0.3.1-py3-none-any.whl (3.6 kB)
2025-08-17T13:34:00.0930622Z #50 8.635 Downloading click_plugins-1.1.1.2-py2.py3-none-any.whl (11 kB)
2025-08-17T13:34:00.0931340Z #50 8.648 Downloading click_repl-0.3.0-py3-none-any.whl (10 kB)
2025-08-17T13:34:00.0953533Z #50 8.663 Downloading greenlet-3.2.4-cp312-cp312-manylinux_2_24_x86_64.manylinux_2_28_x86_64.whl (607 kB)
2025-08-17T13:34:00.0954748Z #50 8.699    ━━━━━━━━━━━━━━━━━━━━━━━━━━━━━━━━━━━━━━━━ 607.6/607.6 kB 16.4 MB/s eta 0:00:00
2025-08-17T13:34:00.0955401Z #50 8.706 Downloading kombu-5.5.4-py3-none-any.whl (210 kB)
2025-08-17T13:34:00.0956113Z #50 8.732 Downloading vine-5.1.0-py3-none-any.whl (9.6 kB)
2025-08-17T13:34:00.0956860Z #50 8.753 Downloading python_dateutil-2.9.0.post0-py2.py3-none-any.whl (229 kB)
2025-08-17T13:34:00.0957615Z #50 8.766 Downloading redis-5.3.1-py3-none-any.whl (272 kB)
2025-08-17T13:34:00.0958339Z #50 8.779 Downloading typing_extensions-4.14.1-py3-none-any.whl (43 kB)
2025-08-17T13:34:00.0959075Z #50 8.794 Downloading tzdata-2025.2-py2.py3-none-any.whl (347 kB)
2025-08-17T13:34:00.0959737Z #50 8.807 Downloading anyio-4.10.0-py3-none-any.whl (107 kB)
2025-08-17T13:34:00.0960334Z #50 8.826 Downloading idna-3.10-py3-none-any.whl (70 kB)
2025-08-17T13:34:00.0960960Z #50 8.841 Downloading certifi-2025.8.3-py3-none-any.whl (161 kB)
2025-08-17T13:34:00.0961909Z #50 8.861 Downloading amqp-5.3.1-py3-none-any.whl (50 kB)
2025-08-17T13:34:00.0962511Z #50 8.877 Downloading h11-0.16.0-py3-none-any.whl (37 kB)
2025-08-17T13:34:00.0963168Z #50 8.890 Downloading prompt_toolkit-3.0.51-py3-none-any.whl (387 kB)
2025-08-17T13:34:00.0963848Z #50 8.905 Downloading PyJWT-2.10.1-py3-none-any.whl (22 kB)
2025-08-17T13:34:00.0964478Z #50 8.916 Downloading six-1.17.0-py2.py3-none-any.whl (11 kB)
2025-08-17T13:34:00.0965106Z #50 8.927 Downloading sniffio-1.3.1-py3-none-any.whl (10 kB)
2025-08-17T13:34:00.0995843Z #50 8.942 Downloading packaging-25.0-py3-none-any.whl (66 kB)
2025-08-17T13:34:00.0996639Z #50 8.958 Downloading wcwidth-0.2.13-py2.py3-none-any.whl (34 kB)
2025-08-17T13:34:00.0998726Z #50 9.204 Installing collected packages: wcwidth, vine, tzdata, typing-extensions, sniffio, six, PyJWT, prompt-toolkit, packaging, idna, h11, greenlet, click, certifi, billiard, asyncpg, sqlalchemy, redis, python-dateutil, httpcore, click-repl, click-plugins, click-didyoumean, anyio, amqp, kombu, httpx, celery
2025-08-17T13:34:00.3232470Z #50 ...
2025-08-17T13:34:00.3233189Z 
2025-08-17T13:34:00.3236206Z #40 [api stage-1 3/6] RUN set -eux;     if [ -f /etc/apt/sources.list ]; then         sed -i 's|http://deb.debian.org|https://deb.debian.org|g' /etc/apt/sources.list;     fi;     apt-get update;     apt-get install -y --no-install-recommends tzdata postgresql-client curl;     rm -rf /var/lib/apt/lists/*
2025-08-17T13:34:00.3262021Z #40 0.409 + [ -f /etc/apt/sources.list ]
2025-08-17T13:34:00.3263910Z #40 0.409 + apt-get update
2025-08-17T13:34:00.3264393Z #40 0.508 Hit:1 http://deb.debian.org/debian trixie InRelease
2025-08-17T13:34:00.3265082Z #40 0.508 Get:2 http://deb.debian.org/debian trixie-updates InRelease [47.1 kB]
2025-08-17T13:34:00.3265921Z #40 0.516 Get:3 http://deb.debian.org/debian-security trixie-security InRelease [43.4 kB]
2025-08-17T13:34:00.3266748Z #40 0.555 Get:4 http://deb.debian.org/debian trixie/main amd64 Packages [9668 kB]
2025-08-17T13:34:00.3267580Z #40 0.682 Get:5 http://deb.debian.org/debian trixie-updates/main amd64 Packages [2432 B]
2025-08-17T13:34:00.3268504Z #40 0.682 Get:6 http://deb.debian.org/debian-security trixie-security/main amd64 Packages [8780 B]
2025-08-17T13:34:00.3269215Z #40 2.405 Fetched 9769 kB in 2s (5069 kB/s)
2025-08-17T13:34:00.3269644Z #40 2.405 Reading package lists...
2025-08-17T13:34:00.3270237Z #40 3.856 + apt-get install -y --no-install-recommends tzdata postgresql-client curl
2025-08-17T13:34:00.3270867Z #40 3.877 Reading package lists...
2025-08-17T13:34:00.3271275Z #40 5.091 Building dependency tree...
2025-08-17T13:34:00.3271917Z #40 5.499 Reading state information...
2025-08-17T13:34:00.3272434Z #40 5.957 tzdata is already the newest version (2025b-4).
2025-08-17T13:34:00.3273050Z #40 5.957 The following additional packages will be installed:
2025-08-17T13:34:00.3273791Z #40 5.960   libbrotli1 libcom-err2 libcurl4t64 libgdbm-compat4t64 libgnutls30t64
2025-08-17T13:34:00.3274598Z #40 5.960   libgssapi-krb5-2 libidn2-0 libk5crypto3 libkeyutils1 libkrb5-3
2025-08-17T13:34:00.3275477Z #40 5.960   libkrb5support0 libldap2 libnghttp2-14 libnghttp3-9 libp11-kit0 libperl5.40
2025-08-17T13:34:00.3276366Z #40 5.960   libpq5 libpsl5t64 librtmp1 libsasl2-2 libsasl2-modules-db libssh2-1t64
2025-08-17T13:34:00.3277269Z #40 5.960   libtasn1-6 libunistring5 perl perl-modules-5.40 postgresql-client-17
2025-08-17T13:34:00.3277980Z #40 5.961   postgresql-client-common sensible-utils
2025-08-17T13:34:00.3278474Z #40 5.965 Suggested packages:
2025-08-17T13:34:00.3279055Z #40 5.965   gnutls-bin krb5-doc krb5-user perl-doc libterm-readline-gnu-perl
2025-08-17T13:34:00.3279917Z #40 5.965   | libterm-readline-perl-perl make libtap-harness-archive-perl postgresql-17
2025-08-17T13:34:00.3280611Z #40 5.965   postgresql-doc-17
2025-08-17T13:34:00.3280990Z #40 5.965 Recommended packages:
2025-08-17T13:34:00.3343065Z #40 5.965   bash-completion krb5-locales libldap-common publicsuffix libsasl2-modules
2025-08-17T13:34:00.3343856Z #40 6.420 The following NEW packages will be installed:
2025-08-17T13:34:00.3344559Z #40 6.424   curl libbrotli1 libcom-err2 libcurl4t64 libgdbm-compat4t64 libgnutls30t64
2025-08-17T13:34:00.3345374Z #40 6.424   libgssapi-krb5-2 libidn2-0 libk5crypto3 libkeyutils1 libkrb5-3
2025-08-17T13:34:00.3346203Z #40 6.424   libkrb5support0 libldap2 libnghttp2-14 libnghttp3-9 libp11-kit0 libperl5.40
2025-08-17T13:34:00.3347075Z #40 6.424   libpq5 libpsl5t64 librtmp1 libsasl2-2 libsasl2-modules-db libssh2-1t64
2025-08-17T13:34:00.3348154Z #40 6.424   libtasn1-6 libunistring5 perl perl-modules-5.40 postgresql-client
2025-08-17T13:34:00.3348939Z #40 6.424   postgresql-client-17 postgresql-client-common sensible-utils
2025-08-17T13:34:00.3349660Z #40 6.477 0 upgraded, 31 newly installed, 0 to remove and 0 not upgraded.
2025-08-17T13:34:00.3350218Z #40 6.477 Need to get 14.9 MB of archives.
2025-08-17T13:34:00.3350799Z #40 6.477 After this operation, 78.1 MB of additional disk space will be used.
2025-08-17T13:34:00.3352068Z #40 6.477 Get:1 http://deb.debian.org/debian trixie/main amd64 sensible-utils all 0.0.25 [25.0 kB]
2025-08-17T13:34:00.3353072Z #40 6.488 Get:2 http://deb.debian.org/debian trixie/main amd64 perl-modules-5.40 all 5.40.1-6 [3019 kB]
2025-08-17T13:34:00.3354087Z #40 6.530 Get:3 http://deb.debian.org/debian trixie/main amd64 libgdbm-compat4t64 amd64 1.24-2 [50.3 kB]
2025-08-17T13:34:00.3355060Z #40 6.533 Get:4 http://deb.debian.org/debian trixie/main amd64 libperl5.40 amd64 5.40.1-6 [4341 kB]
2025-08-17T13:34:00.3355946Z #40 6.572 Get:5 http://deb.debian.org/debian trixie/main amd64 perl amd64 5.40.1-6 [267 kB]
2025-08-17T13:34:00.3356818Z #40 6.573 Get:6 http://deb.debian.org/debian trixie/main amd64 libbrotli1 amd64 1.1.0-2+b7 [307 kB]
2025-08-17T13:34:00.3357749Z #40 6.576 Get:7 http://deb.debian.org/debian trixie/main amd64 libkrb5support0 amd64 1.21.3-5 [33.0 kB]
2025-08-17T13:34:00.3358704Z #40 6.579 Get:8 http://deb.debian.org/debian trixie/main amd64 libcom-err2 amd64 1.47.2-3+b3 [25.0 kB]
2025-08-17T13:34:00.3359724Z #40 6.582 Get:9 http://deb.debian.org/debian trixie/main amd64 libk5crypto3 amd64 1.21.3-5 [81.5 kB]
2025-08-17T13:34:00.3360713Z #40 6.584 Get:10 http://deb.debian.org/debian trixie/main amd64 libkeyutils1 amd64 1.6.3-6 [9456 B]
2025-08-17T13:34:00.3361922Z #40 6.586 Get:11 http://deb.debian.org/debian trixie/main amd64 libkrb5-3 amd64 1.21.3-5 [326 kB]
2025-08-17T13:34:00.3362906Z #40 6.587 Get:12 http://deb.debian.org/debian trixie/main amd64 libgssapi-krb5-2 amd64 1.21.3-5 [138 kB]
2025-08-17T13:34:00.3363902Z #40 6.599 Get:13 http://deb.debian.org/debian trixie/main amd64 libunistring5 amd64 1.3-2 [477 kB]
2025-08-17T13:34:00.3364878Z #40 6.599 Get:14 http://deb.debian.org/debian trixie/main amd64 libidn2-0 amd64 2.3.8-2 [109 kB]
2025-08-17T13:34:00.3365932Z #40 6.604 Get:15 http://deb.debian.org/debian trixie/main amd64 libsasl2-modules-db amd64 2.1.28+dfsg1-9 [19.8 kB]
2025-08-17T13:34:00.3367032Z #40 6.604 Get:16 http://deb.debian.org/debian trixie/main amd64 libsasl2-2 amd64 2.1.28+dfsg1-9 [57.5 kB]
2025-08-17T13:34:00.3368059Z #40 6.614 Get:17 http://deb.debian.org/debian trixie/main amd64 libldap2 amd64 2.6.10+dfsg-1 [194 kB]
2025-08-17T13:34:00.3369057Z #40 6.614 Get:18 http://deb.debian.org/debian trixie/main amd64 libnghttp2-14 amd64 1.64.0-1.1 [76.0 kB]
2025-08-17T13:34:00.3370062Z #40 6.615 Get:19 http://deb.debian.org/debian trixie/main amd64 libnghttp3-9 amd64 1.8.0-1 [67.7 kB]
2025-08-17T13:34:00.3371061Z #40 6.615 Get:20 http://deb.debian.org/debian trixie/main amd64 libpsl5t64 amd64 0.21.2-1.1+b1 [57.2 kB]
2025-08-17T13:34:00.3392471Z #40 6.619 Get:21 http://deb.debian.org/debian trixie/main amd64 libp11-kit0 amd64 0.25.5-3 [425 kB]
2025-08-17T13:34:00.3393458Z #40 6.622 Get:22 http://deb.debian.org/debian trixie/main amd64 libtasn1-6 amd64 4.20.0-2 [49.9 kB]
2025-08-17T13:34:00.3394460Z #40 6.623 Get:23 http://deb.debian.org/debian trixie/main amd64 libgnutls30t64 amd64 3.8.9-3 [1465 kB]
2025-08-17T13:34:00.3395572Z #40 6.640 Get:24 http://deb.debian.org/debian trixie/main amd64 librtmp1 amd64 2.4+20151223.gitfa8646d.1-2+b5 [58.8 kB]
2025-08-17T13:34:00.3396671Z #40 6.641 Get:25 http://deb.debian.org/debian trixie/main amd64 libssh2-1t64 amd64 1.11.1-1 [245 kB]
2025-08-17T13:34:00.3397640Z #40 6.645 Get:26 http://deb.debian.org/debian trixie/main amd64 libcurl4t64 amd64 8.14.1-2 [391 kB]
2025-08-17T13:34:00.3398570Z #40 6.651 Get:27 http://deb.debian.org/debian trixie/main amd64 curl amd64 8.14.1-2 [269 kB]
2025-08-17T13:34:00.3399467Z #40 6.662 Get:28 http://deb.debian.org/debian trixie/main amd64 libpq5 amd64 17.5-1 [226 kB]
2025-08-17T13:34:00.3400698Z #40 6.662 Get:29 http://deb.debian.org/debian trixie/main amd64 postgresql-client-common all 278 [47.1 kB]
2025-08-17T13:34:00.3401984Z #40 6.662 Get:30 http://deb.debian.org/debian trixie/main amd64 postgresql-client-17 amd64 17.5-1 [2025 kB]
2025-08-17T13:34:00.3403012Z #40 6.673 Get:31 http://deb.debian.org/debian trixie/main amd64 postgresql-client all 17+278 [14.0 kB]
2025-08-17T13:34:00.3403743Z #40 10.20 Fetched 14.9 MB in 0s (64.7 MB/s)
2025-08-17T13:34:00.3404480Z #40 10.28 Selecting previously unselected package sensible-utils.
2025-08-17T13:34:00.3405021Z #40 10.28 (Reading database ... 
2025-08-17T13:34:00.3405399Z (Reading database ... 5%
2025-08-17T13:34:00.3405759Z (Reading database ... 10%
2025-08-17T13:34:00.3406111Z (Reading database ... 15%
2025-08-17T13:34:00.3406442Z (Reading database ... 20%
2025-08-17T13:34:00.3406794Z (Reading database ... 25%
2025-08-17T13:34:00.3407151Z (Reading database ... 30%
2025-08-17T13:34:00.3407515Z (Reading database ... 35%
2025-08-17T13:34:00.3407870Z (Reading database ... 40%
2025-08-17T13:34:00.3408219Z (Reading database ... 45%
2025-08-17T13:34:00.3408558Z (Reading database ... 50%
2025-08-17T13:34:00.3408911Z (Reading database ... 55%
2025-08-17T13:34:00.3409252Z (Reading database ... 60%
2025-08-17T13:34:00.3409601Z (Reading database ... 65%
2025-08-17T13:34:00.3409952Z (Reading database ... 70%
2025-08-17T13:34:00.3410296Z (Reading database ... 75%
2025-08-17T13:34:00.3410651Z (Reading database ... 80%
2025-08-17T13:34:00.3410992Z (Reading database ... 85%
2025-08-17T13:34:00.3411340Z (Reading database ... 90%
2025-08-17T13:34:00.3411979Z (Reading database ... 95%
2025-08-17T13:34:00.3412334Z (Reading database ... 100%
2025-08-17T13:34:00.3412868Z (Reading database ... 5643 files and directories currently installed.)
2025-08-17T13:34:00.3413609Z #40 10.30 Preparing to unpack .../00-sensible-utils_0.0.25_all.deb ...
2025-08-17T13:34:00.3414217Z #40 10.30 Unpacking sensible-utils (0.0.25) ...
2025-08-17T13:34:00.3414842Z #40 10.42 Selecting previously unselected package perl-modules-5.40.
2025-08-17T13:34:00.3415572Z #40 10.42 Preparing to unpack .../01-perl-modules-5.40_5.40.1-6_all.deb ...
2025-08-17T13:34:00.3416202Z #40 10.43 Unpacking perl-modules-5.40 (5.40.1-6) ...
2025-08-17T13:34:00.4078731Z #40 ...
2025-08-17T13:34:00.4096886Z 
2025-08-17T13:34:00.4097676Z #51 [etl base 4/5] RUN if [ -n "" ] && [ -f "" ]; then         pip install -r requirements.txt -c "";     else         pip install -r requirements.txt;     fi
2025-08-17T13:34:00.4098678Z #51 4.701 Collecting keepa==1.3.14 (from -r requirements.txt (line 1))
2025-08-17T13:34:00.4099399Z #51 4.750   Downloading keepa-1.3.14-py3-none-any.whl.metadata (10 kB)
2025-08-17T13:34:00.4100117Z #51 4.845 Collecting minio==7.1.15 (from -r requirements.txt (line 2))
2025-08-17T13:34:00.4100818Z #51 4.866   Downloading minio-7.1.15-py3-none-any.whl.metadata (4.2 kB)
2025-08-17T13:34:00.4101850Z #51 5.063 Collecting python-amazon-sp-api==0.8.0 (from -r requirements.txt (line 3))
2025-08-17T13:34:00.4102724Z #51 5.071   Downloading python_amazon_sp_api-0.8.0-py3-none-any.whl.metadata (3.2 kB)
2025-08-17T13:34:00.4103539Z #51 5.125 Collecting pydantic-settings==2.2.1 (from -r requirements.txt (line 4))
2025-08-17T13:34:00.4104390Z #51 5.132   Downloading pydantic_settings-2.2.1-py3-none-any.whl.metadata (3.1 kB)
2025-08-17T13:34:00.4105209Z #51 5.604 Collecting numpy>=1.9.3 (from keepa==1.3.14->-r requirements.txt (line 1))
2025-08-17T13:34:00.4106168Z #51 5.610   Downloading numpy-2.3.2-cp312-cp312-manylinux_2_27_x86_64.manylinux_2_28_x86_64.whl.metadata (62 kB)
2025-08-17T13:34:00.4107092Z #51 5.751 Collecting requests>=2.2 (from keepa==1.3.14->-r requirements.txt (line 1))
2025-08-17T13:34:00.4107843Z #51 5.755   Downloading requests-2.32.4-py3-none-any.whl.metadata (4.9 kB)
2025-08-17T13:34:00.4108588Z #51 5.937 Collecting tqdm (from keepa==1.3.14->-r requirements.txt (line 1))
2025-08-17T13:34:00.4109299Z #51 5.944   Downloading tqdm-4.67.1-py3-none-any.whl.metadata (57 kB)
2025-08-17T13:34:00.4110345Z #51 7.000 Collecting aiohttp (from keepa==1.3.14->-r requirements.txt (line 1))
2025-08-17T13:34:00.4111331Z #51 7.005   Downloading aiohttp-3.12.15-cp312-cp312-manylinux_2_17_x86_64.manylinux2014_x86_64.whl.metadata (7.7 kB)
2025-08-17T13:34:00.4112516Z #51 7.281 Collecting pandas<=3.0 (from keepa==1.3.14->-r requirements.txt (line 1))
2025-08-17T13:34:00.4113494Z #51 7.291   Downloading pandas-2.3.1-cp312-cp312-manylinux_2_17_x86_64.manylinux2014_x86_64.whl.metadata (91 kB)
2025-08-17T13:34:00.4114724Z #51 7.794 Collecting pydantic (from keepa==1.3.14->-r requirements.txt (line 1))
2025-08-17T13:34:00.4115535Z #51 7.801   Downloading pydantic-2.11.7-py3-none-any.whl.metadata (67 kB)
2025-08-17T13:34:00.4116303Z #51 7.892 Collecting certifi (from minio==7.1.15->-r requirements.txt (line 2))
2025-08-17T13:34:00.4117091Z #51 7.900   Downloading certifi-2025.8.3-py3-none-any.whl.metadata (2.4 kB)
2025-08-17T13:34:00.4117865Z #51 7.965 Collecting urllib3 (from minio==7.1.15->-r requirements.txt (line 2))
2025-08-17T13:34:00.4118646Z #51 7.976   Downloading urllib3-2.5.0-py3-none-any.whl.metadata (6.5 kB)
2025-08-17T13:34:00.4119566Z #51 8.048 Collecting six<2,>=1.15 (from python-amazon-sp-api==0.8.0->-r requirements.txt (line 3))
2025-08-17T13:34:00.4120434Z #51 8.058   Downloading six-1.17.0-py2.py3-none-any.whl.metadata (1.7 kB)
2025-08-17T13:34:00.4121301Z #51 9.071 Collecting boto3<2,>=1.16.39 (from python-amazon-sp-api==0.8.0->-r requirements.txt (line 3))
2025-08-17T13:34:00.4207768Z #51 9.081   Downloading boto3-1.40.11-py3-none-any.whl.metadata (6.7 kB)
2025-08-17T13:34:00.4208688Z #51 9.160 Collecting cachetools~=4.2.0 (from python-amazon-sp-api==0.8.0->-r requirements.txt (line 3))
2025-08-17T13:34:00.4209638Z #51 9.168   Downloading cachetools-4.2.4-py3-none-any.whl.metadata (4.8 kB)
2025-08-17T13:34:00.4210609Z #51 9.367 Collecting pycryptodome (from python-amazon-sp-api==0.8.0->-r requirements.txt (line 3))
2025-08-17T13:34:00.4214429Z #51 9.374   Downloading pycryptodome-3.23.0-cp37-abi3-manylinux_2_17_x86_64.manylinux2014_x86_64.whl.metadata (3.4 kB)
2025-08-17T13:34:00.4215557Z #51 9.487 Collecting pytz (from python-amazon-sp-api==0.8.0->-r requirements.txt (line 3))
2025-08-17T13:34:00.4216580Z #51 9.499   Downloading pytz-2025.2-py2.py3-none-any.whl.metadata (22 kB)
2025-08-17T13:34:00.4217476Z #51 9.539 Collecting confuse~=1.4.0 (from python-amazon-sp-api==0.8.0->-r requirements.txt (line 3))
2025-08-17T13:34:00.4218423Z #51 9.554   Downloading confuse-1.4.0-py2.py3-none-any.whl.metadata (3.8 kB)
2025-08-17T13:34:00.4219395Z #51 9.673 Collecting python-dotenv>=0.21.0 (from pydantic-settings==2.2.1->-r requirements.txt (line 4))
2025-08-17T13:34:00.4220400Z #51 9.680   Downloading python_dotenv-1.1.1-py3-none-any.whl.metadata (24 kB)
2025-08-17T13:34:00.5160014Z #51 10.65 Collecting botocore<1.41.0,>=1.40.11 (from boto3<2,>=1.16.39->python-amazon-sp-api==0.8.0->-r requirements.txt (line 3))
2025-08-17T13:34:00.5169257Z #51 10.66   Downloading botocore-1.40.11-py3-none-any.whl.metadata (5.7 kB)
2025-08-17T13:34:00.5173766Z #51 ...
2025-08-17T13:34:00.5175626Z 
2025-08-17T13:34:00.5176542Z #52 [repricer base 4/5] RUN if [ -n "" ] && [ -f "" ]; then         pip install -r requirements.txt -c "";     else         pip install -r requirements.txt;     fi
2025-08-17T13:34:00.5185591Z #52 4.833 Collecting uvicorn==0.29.0 (from -r requirements.txt (line 1))
2025-08-17T13:34:00.5187437Z #52 4.883   Downloading uvicorn-0.29.0-py3-none-any.whl.metadata (6.3 kB)
2025-08-17T13:34:00.5199779Z #52 4.943 Collecting pydantic-settings==2.2.1 (from -r requirements.txt (line 2))
2025-08-17T13:34:00.5201862Z #52 4.949   Downloading pydantic_settings-2.2.1-py3-none-any.whl.metadata (3.1 kB)
2025-08-17T13:34:00.5204404Z #52 5.120 Collecting python-amazon-sp-api==0.8.0 (from -r requirements.txt (line 3))
2025-08-17T13:34:00.5222970Z #52 5.126   Downloading python_amazon_sp_api-0.8.0-py3-none-any.whl.metadata (3.2 kB)
2025-08-17T13:34:00.5225824Z #52 5.304 Collecting fastapi==0.111.0 (from -r requirements.txt (line 4))
2025-08-17T13:34:00.5227225Z #52 5.319   Downloading fastapi-0.111.0-py3-none-any.whl.metadata (25 kB)
2025-08-17T13:34:00.5272881Z #52 6.218 Collecting sqlalchemy==2.0.29 (from -r requirements.txt (line 5))
2025-08-17T13:34:00.5274225Z #52 6.228   Downloading SQLAlchemy-2.0.29-cp312-cp312-manylinux_2_17_x86_64.manylinux2014_x86_64.whl.metadata (9.6 kB)
2025-08-17T13:34:00.5275958Z #52 6.303 Collecting click>=7.0 (from uvicorn==0.29.0->-r requirements.txt (line 1))
2025-08-17T13:34:00.5277320Z #52 6.311   Downloading click-8.2.1-py3-none-any.whl.metadata (2.5 kB)
2025-08-17T13:34:00.5279279Z #52 6.349 Collecting h11>=0.8 (from uvicorn==0.29.0->-r requirements.txt (line 1))
2025-08-17T13:34:00.5280021Z #52 6.357   Downloading h11-0.16.0-py3-none-any.whl.metadata (8.3 kB)
2025-08-17T13:34:00.5280836Z #52 6.621 Collecting pydantic>=2.3.0 (from pydantic-settings==2.2.1->-r requirements.txt (line 2))
2025-08-17T13:34:00.5282518Z #52 6.624   Downloading pydantic-2.11.7-py3-none-any.whl.metadata (67 kB)
2025-08-17T13:34:00.5283424Z #52 6.716 Collecting python-dotenv>=0.21.0 (from pydantic-settings==2.2.1->-r requirements.txt (line 2))
2025-08-17T13:34:00.5284328Z #52 6.726   Downloading python_dotenv-1.1.1-py3-none-any.whl.metadata (24 kB)
2025-08-17T13:34:00.5285194Z #52 6.856 Collecting requests (from python-amazon-sp-api==0.8.0->-r requirements.txt (line 3))
2025-08-17T13:34:00.5286044Z #52 6.864   Downloading requests-2.32.4-py3-none-any.whl.metadata (4.9 kB)
2025-08-17T13:34:00.5286885Z #52 6.923 Collecting six<2,>=1.15 (from python-amazon-sp-api==0.8.0->-r requirements.txt (line 3))
2025-08-17T13:34:00.5287706Z #52 6.931   Downloading six-1.17.0-py2.py3-none-any.whl.metadata (1.7 kB)
2025-08-17T13:34:00.5288539Z #52 7.909 Collecting boto3<2,>=1.16.39 (from python-amazon-sp-api==0.8.0->-r requirements.txt (line 3))
2025-08-17T13:34:00.5289372Z #52 7.917   Downloading boto3-1.40.11-py3-none-any.whl.metadata (6.7 kB)
2025-08-17T13:34:00.5290227Z #52 8.040 Collecting cachetools~=4.2.0 (from python-amazon-sp-api==0.8.0->-r requirements.txt (line 3))
2025-08-17T13:34:00.5291141Z #52 8.046   Downloading cachetools-4.2.4-py3-none-any.whl.metadata (4.8 kB)
2025-08-17T13:34:00.5292274Z #52 8.341 Collecting pycryptodome (from python-amazon-sp-api==0.8.0->-r requirements.txt (line 3))
2025-08-17T13:34:00.5351149Z #52 8.345   Downloading pycryptodome-3.23.0-cp37-abi3-manylinux_2_17_x86_64.manylinux2014_x86_64.whl.metadata (3.4 kB)
2025-08-17T13:34:00.5352481Z #52 8.470 Collecting pytz (from python-amazon-sp-api==0.8.0->-r requirements.txt (line 3))
2025-08-17T13:34:00.5353341Z #52 8.478   Downloading pytz-2025.2-py2.py3-none-any.whl.metadata (22 kB)
2025-08-17T13:34:00.5354224Z #52 8.508 Collecting confuse~=1.4.0 (from python-amazon-sp-api==0.8.0->-r requirements.txt (line 3))
2025-08-17T13:34:00.5355084Z #52 8.515   Downloading confuse-1.4.0-py2.py3-none-any.whl.metadata (3.8 kB)
2025-08-17T13:34:00.5355941Z #52 8.642 Collecting starlette<0.38.0,>=0.37.2 (from fastapi==0.111.0->-r requirements.txt (line 4))
2025-08-17T13:34:00.5356851Z #52 8.644   Downloading starlette-0.37.2-py3-none-any.whl.metadata (5.9 kB)
2025-08-17T13:34:00.5357768Z #52 8.813 Collecting typing-extensions>=4.8.0 (from fastapi==0.111.0->-r requirements.txt (line 4))
2025-08-17T13:34:00.5358723Z #52 8.820   Downloading typing_extensions-4.14.1-py3-none-any.whl.metadata (3.0 kB)
2025-08-17T13:34:00.5359644Z #52 8.851 Collecting fastapi-cli>=0.0.2 (from fastapi==0.111.0->-r requirements.txt (line 4))
2025-08-17T13:34:00.5360504Z #52 8.864   Downloading fastapi_cli-0.0.8-py3-none-any.whl.metadata (6.3 kB)
2025-08-17T13:34:00.5361304Z #52 8.934 Collecting httpx>=0.23.0 (from fastapi==0.111.0->-r requirements.txt (line 4))
2025-08-17T13:34:00.5381302Z #52 8.941   Downloading httpx-0.28.1-py3-none-any.whl.metadata (7.1 kB)
2025-08-17T13:34:00.5406128Z #52 9.027 Collecting jinja2>=2.11.2 (from fastapi==0.111.0->-r requirements.txt (line 4))
2025-08-17T13:34:00.5406959Z #52 9.032   Downloading jinja2-3.1.6-py3-none-any.whl.metadata (2.9 kB)
2025-08-17T13:34:00.5408131Z #52 9.091 Collecting python-multipart>=0.0.7 (from fastapi==0.111.0->-r requirements.txt (line 4))
2025-08-17T13:34:00.5409120Z #52 9.098   Downloading python_multipart-0.0.20-py3-none-any.whl.metadata (1.8 kB)
2025-08-17T13:34:00.5410094Z #52 9.285 Collecting ujson!=4.0.2,!=4.1.0,!=4.2.0,!=4.3.0,!=5.0.0,!=5.1.0,>=4.0.1 (from fastapi==0.111.0->-r requirements.txt (line 4))
2025-08-17T13:34:00.5411187Z #52 9.293   Downloading ujson-5.10.0-cp312-cp312-manylinux_2_17_x86_64.manylinux2014_x86_64.whl.metadata (9.3 kB)
2025-08-17T13:34:00.5492537Z #52 9.835 Collecting orjson>=3.2.1 (from fastapi==0.111.0->-r requirements.txt (line 4))
2025-08-17T13:34:00.5493577Z #52 9.842   Downloading orjson-3.11.2-cp312-cp312-manylinux_2_17_x86_64.manylinux2014_x86_64.whl.metadata (1.2 kB)
2025-08-17T13:34:00.5494588Z #52 9.887 Collecting email_validator>=2.0.0 (from fastapi==0.111.0->-r requirements.txt (line 4))
2025-08-17T13:34:00.5495476Z #52 9.893   Downloading email_validator-2.2.0-py3-none-any.whl.metadata (25 kB)
2025-08-17T13:34:00.5496324Z #52 10.25 Collecting greenlet!=0.4.17 (from sqlalchemy==2.0.29->-r requirements.txt (line 5))
2025-08-17T13:34:00.5497327Z #52 10.26   Downloading greenlet-3.2.4-cp312-cp312-manylinux_2_24_x86_64.manylinux_2_28_x86_64.whl.metadata (4.1 kB)
2025-08-17T13:34:00.6574108Z #52 ...
2025-08-17T13:34:00.6583719Z 
2025-08-17T13:34:00.6594559Z #49 [api base  4/12] RUN pip install --no-cache-dir -r requirements.txt
2025-08-17T13:34:00.6614656Z #49 10.68 Collecting botocore<1.35.0,>=1.34.162 (from boto3==1.34.162->-r requirements.txt (line 9))
2025-08-17T13:34:00.6618916Z #49 10.69   Downloading botocore-1.34.162-py3-none-any.whl.metadata (5.7 kB)
2025-08-17T13:34:00.6667771Z #49 10.72 Collecting jmespath<2.0.0,>=0.7.1 (from boto3==1.34.162->-r requirements.txt (line 9))
2025-08-17T13:34:00.6668647Z #49 10.73   Downloading jmespath-1.0.1-py3-none-any.whl.metadata (7.6 kB)
2025-08-17T13:34:00.6669530Z #49 10.77 Collecting s3transfer<0.11.0,>=0.10.0 (from boto3==1.34.162->-r requirements.txt (line 9))
2025-08-17T13:34:00.6670439Z #49 10.78   Downloading s3transfer-0.10.4-py3-none-any.whl.metadata (1.7 kB)
2025-08-17T13:34:00.7853478Z #49 10.91 Collecting MarkupSafe>=2.0 (from Jinja2==3.1.5->-r requirements.txt (line 10))
2025-08-17T13:34:00.7855551Z #49 10.91   Downloading MarkupSafe-3.0.2-cp312-cp312-manylinux_2_17_x86_64.manylinux2014_x86_64.whl.metadata (4.0 kB)
2025-08-17T13:34:01.1389519Z #49 11.29 Collecting psycopg-binary==3.2.9 (from psycopg[binary]==3.2.9->-r requirements.txt (line 6))
2025-08-17T13:34:01.1391648Z #49 11.30   Downloading psycopg_binary-3.2.9-cp312-cp312-manylinux_2_17_x86_64.manylinux2014_x86_64.whl.metadata (2.9 kB)
2025-08-17T13:34:01.1395736Z #49 11.34 Collecting python-dateutil<3.0.0,>=2.1 (from botocore<1.35.0,>=1.34.162->boto3==1.34.162->-r requirements.txt (line 9))
2025-08-17T13:34:01.2644159Z #49 11.35   Downloading python_dateutil-2.9.0.post0-py2.py3-none-any.whl.metadata (8.4 kB)
2025-08-17T13:34:01.2646264Z #49 11.43 Collecting urllib3!=2.2.0,<3,>=1.25.4 (from botocore<1.35.0,>=1.34.162->boto3==1.34.162->-r requirements.txt (line 9))
2025-08-17T13:34:01.2648163Z #49 11.43   Downloading urllib3-2.5.0-py3-none-any.whl.metadata (6.5 kB)
2025-08-17T13:34:01.3853253Z #49 11.47 Collecting dnspython>=2.0.0 (from email_validator>=2.0.0->fastapi==0.111.0->-r requirements.txt (line 3))
2025-08-17T13:34:01.3854458Z #49 11.48   Downloading dnspython-2.7.0-py3-none-any.whl.metadata (5.8 kB)
2025-08-17T13:34:01.3855455Z #49 11.52 Collecting typer>=0.15.1 (from fastapi-cli>=0.0.2->fastapi==0.111.0->-r requirements.txt (line 3))
2025-08-17T13:34:01.3864118Z #49 11.52   Downloading typer-0.16.0-py3-none-any.whl.metadata (15 kB)
2025-08-17T13:34:01.3864945Z #49 11.59 Collecting rich-toolkit>=0.14.8 (from fastapi-cli>=0.0.2->fastapi==0.111.0->-r requirements.txt (line 3))
2025-08-17T13:34:01.5743618Z #49 11.60   Downloading rich_toolkit-0.15.0-py3-none-any.whl.metadata (1.0 kB)
2025-08-17T13:34:01.5745207Z #49 11.63 Collecting annotated-types>=0.6.0 (from pydantic>=2.3.0->pydantic-settings==2.2.1->-r requirements.txt (line 2))
2025-08-17T13:34:01.5747876Z #49 11.64   Downloading annotated_types-0.7.0-py3-none-any.whl.metadata (15 kB)
2025-08-17T13:34:02.9914313Z #49 13.19 Collecting pydantic-core==2.33.2 (from pydantic>=2.3.0->pydantic-settings==2.2.1->-r requirements.txt (line 2))
2025-08-17T13:34:03.1304684Z #49 13.20   Downloading pydantic_core-2.33.2-cp312-cp312-manylinux_2_17_x86_64.manylinux2014_x86_64.whl.metadata (6.8 kB)
2025-08-17T13:34:03.1306291Z #49 13.23 Collecting typing-inspection>=0.4.0 (from pydantic>=2.3.0->pydantic-settings==2.2.1->-r requirements.txt (line 2))
2025-08-17T13:34:03.1307388Z #49 13.24   Downloading typing_inspection-0.4.1-py3-none-any.whl.metadata (2.6 kB)
2025-08-17T13:34:03.4552612Z #49 13.66 Collecting httptools>=0.5.0 (from uvicorn[standard]>=0.12.0->fastapi==0.111.0->-r requirements.txt (line 3))
2025-08-17T13:34:03.6256241Z #49 13.83   Downloading httptools-0.6.4-cp312-cp312-manylinux_2_5_x86_64.manylinux1_x86_64.manylinux_2_17_x86_64.manylinux2014_x86_64.whl.metadata (3.6 kB)
2025-08-17T13:34:03.7294232Z #49 13.93 Collecting pyyaml>=5.1 (from uvicorn[standard]>=0.12.0->fastapi==0.111.0->-r requirements.txt (line 3))
2025-08-17T13:34:03.8439939Z #49 14.05   Downloading PyYAML-6.0.2-cp312-cp312-manylinux_2_17_x86_64.manylinux2014_x86_64.whl.metadata (2.1 kB)
2025-08-17T13:34:04.0309912Z #49 14.10 Collecting uvloop!=0.15.0,!=0.15.1,>=0.14.0 (from uvicorn[standard]>=0.12.0->fastapi==0.111.0->-r requirements.txt (line 3))
2025-08-17T13:34:04.0311875Z #49 14.23   Downloading uvloop-0.21.0-cp312-cp312-manylinux_2_17_x86_64.manylinux2014_x86_64.whl.metadata (4.9 kB)
2025-08-17T13:34:04.2364969Z #49 14.30 Collecting watchfiles>=0.13 (from uvicorn[standard]>=0.12.0->fastapi==0.111.0->-r requirements.txt (line 3))
2025-08-17T13:34:04.2372685Z #49 14.33   Downloading watchfiles-1.1.0-cp312-cp312-manylinux_2_17_x86_64.manylinux2014_x86_64.whl.metadata (4.9 kB)
2025-08-17T13:34:04.4546842Z #49 14.44 Collecting websockets>=10.4 (from uvicorn[standard]>=0.12.0->fastapi==0.111.0->-r requirements.txt (line 3))
2025-08-17T13:34:04.4563025Z #49 14.45   Downloading websockets-15.0.1-cp312-cp312-manylinux_2_5_x86_64.manylinux1_x86_64.manylinux_2_17_x86_64.manylinux2014_x86_64.whl.metadata (6.8 kB)
2025-08-17T13:34:04.4566824Z #49 14.52 Collecting six>=1.5 (from python-dateutil<3.0.0,>=2.1->botocore<1.35.0,>=1.34.162->boto3==1.34.162->-r requirements.txt (line 9))
2025-08-17T13:34:04.4569207Z #49 14.54   Downloading six-1.17.0-py2.py3-none-any.whl.metadata (1.7 kB)
2025-08-17T13:34:04.4577263Z #49 14.66 Collecting rich>=13.7.1 (from rich-toolkit>=0.14.8->fastapi-cli>=0.0.2->fastapi==0.111.0->-r requirements.txt (line 3))
2025-08-17T13:34:04.5810971Z #49 14.66   Downloading rich-14.1.0-py3-none-any.whl.metadata (18 kB)
2025-08-17T13:34:04.5812613Z #49 14.71 Collecting shellingham>=1.3.0 (from typer>=0.15.1->fastapi-cli>=0.0.2->fastapi==0.111.0->-r requirements.txt (line 3))
2025-08-17T13:34:04.5814682Z #49 14.71   Downloading shellingham-1.5.4-py2.py3-none-any.whl.metadata (3.5 kB)
2025-08-17T13:34:04.6824150Z #49 ...
2025-08-17T13:34:04.6832003Z 
2025-08-17T13:34:04.6833224Z #48 [logistics_etl base 4/5] RUN if [ -n "" ] && [ -f "" ]; then         pip install -r requirements.txt -c "";     else         pip install -r requirements.txt;     fi
2025-08-17T13:34:04.6836251Z #48 12.97 WARNING: Running pip as the 'root' user can result in broken permissions and conflicting behaviour with the system package manager, possibly rendering your system unusable. It is recommended to use a virtual environment instead: https://pip.pypa.io/warnings/venv. Use the --root-user-action option if you know what you are doing and want to suppress this warning.
2025-08-17T13:34:04.6868653Z #48 12.97 Successfully installed anyio-4.10.0 apscheduler-3.10.4 asyncpg-0.30.0 certifi-2025.8.3 greenlet-3.2.4 h11-0.16.0 httpcore-1.0.9 httpx-0.26.0 idna-3.10 pytz-2025.2 six-1.17.0 sniffio-1.3.1 sqlalchemy-2.0.29 typing-extensions-4.14.1 tzlocal-5.3.1
2025-08-17T13:34:04.6870066Z #48 13.18 
2025-08-17T13:34:04.6870796Z #48 13.18 [notice] A new release of pip is available: 25.0.1 -> 25.2
2025-08-17T13:34:04.6871618Z #48 13.18 [notice] To update, run: pip install --upgrade pip
2025-08-17T13:34:04.6872128Z #48 DONE 14.9s
2025-08-17T13:34:04.6872309Z 
2025-08-17T13:34:04.6872595Z #49 [api base  4/12] RUN pip install --no-cache-dir -r requirements.txt
2025-08-17T13:34:04.6873636Z #49 14.81 Collecting markdown-it-py>=2.2.0 (from rich>=13.7.1->rich-toolkit>=0.14.8->fastapi-cli>=0.0.2->fastapi==0.111.0->-r requirements.txt (line 3))
2025-08-17T13:34:04.6875009Z #49 14.81   Downloading markdown_it_py-4.0.0-py3-none-any.whl.metadata (7.3 kB)
2025-08-17T13:34:04.6876094Z #49 14.86 Collecting pygments<3.0.0,>=2.13.0 (from rich>=13.7.1->rich-toolkit>=0.14.8->fastapi-cli>=0.0.2->fastapi==0.111.0->-r requirements.txt (line 3))
2025-08-17T13:34:04.6877130Z #49 14.87   Downloading pygments-2.19.2-py3-none-any.whl.metadata (2.5 kB)
2025-08-17T13:34:04.7911864Z #49 ...
2025-08-17T13:34:04.7913875Z 
2025-08-17T13:34:04.7915462Z #53 [logistics_etl base 5/5] COPY . /app/logistics_etl
2025-08-17T13:34:04.7921947Z #53 DONE 0.1s
2025-08-17T13:34:04.7922375Z 
2025-08-17T13:34:04.7922677Z #49 [api base  4/12] RUN pip install --no-cache-dir -r requirements.txt
2025-08-17T13:34:04.7923932Z #49 14.92 Collecting mdurl~=0.1 (from markdown-it-py>=2.2.0->rich>=13.7.1->rich-toolkit>=0.14.8->fastapi-cli>=0.0.2->fastapi==0.111.0->-r requirements.txt (line 3))
2025-08-17T13:34:04.7925039Z #49 14.93   Downloading mdurl-0.1.2-py3-none-any.whl.metadata (1.6 kB)
2025-08-17T13:34:04.7925744Z #49 14.97 Downloading uvicorn-0.29.0-py3-none-any.whl (60 kB)
2025-08-17T13:34:04.7926425Z #49 14.98 Downloading pydantic_settings-2.2.1-py3-none-any.whl (13 kB)
2025-08-17T13:34:04.7927099Z #49 14.99 Downloading fastapi-0.111.0-py3-none-any.whl (91 kB)
2025-08-17T13:34:04.9034450Z #49 15.00 Downloading SQLAlchemy-2.0.29-cp312-cp312-manylinux_2_17_x86_64.manylinux2014_x86_64.whl (3.2 MB)
2025-08-17T13:34:04.9035796Z #49 15.03    ━━━━━━━━━━━━━━━━━━━━━━━━━━━━━━━━━━━━━━━━ 3.2/3.2 MB 222.2 MB/s eta 0:00:00
2025-08-17T13:34:04.9036453Z #49 15.03 Downloading alembic-1.13.1-py3-none-any.whl (233 kB)
2025-08-17T13:34:04.9037082Z #49 15.03 Downloading psycopg-3.2.9-py3-none-any.whl (202 kB)
2025-08-17T13:34:04.9037701Z #49 15.04 Downloading httpx-0.27.2-py3-none-any.whl (76 kB)
2025-08-17T13:34:04.9038540Z #49 15.06 Downloading asyncpg-0.29.0-cp312-cp312-manylinux_2_17_x86_64.manylinux2014_x86_64.whl (3.3 MB)
2025-08-17T13:34:04.9039595Z #49 15.10    ━━━━━━━━━━━━━━━━━━━━━━━━━━━━━━━━━━━━━━━━ 3.3/3.3 MB 115.6 MB/s eta 0:00:00
2025-08-17T13:34:05.0168329Z #49 15.10 Downloading boto3-1.34.162-py3-none-any.whl (139 kB)
2025-08-17T13:34:05.0172657Z #49 15.11 Downloading jinja2-3.1.5-py3-none-any.whl (134 kB)
2025-08-17T13:34:05.0177320Z #49 15.12 Downloading httpcore-1.0.9-py3-none-any.whl (78 kB)
2025-08-17T13:34:05.0182389Z #49 15.13 Downloading psycopg_binary-3.2.9-cp312-cp312-manylinux_2_17_x86_64.manylinux2014_x86_64.whl (4.4 MB)
2025-08-17T13:34:05.0194851Z #49 15.17    ━━━━━━━━━━━━━━━━━━━━━━━━━━━━━━━━━━━━━━━━ 4.4/4.4 MB 150.9 MB/s eta 0:00:00
2025-08-17T13:34:05.0220775Z #49 15.17 Downloading botocore-1.34.162-py3-none-any.whl (12.5 MB)
2025-08-17T13:34:05.1207359Z #49 15.25    ━━━━━━━━━━━━━━━━━━━━━━━━━━━━━━━━━━━━━━━━ 12.5/12.5 MB 194.0 MB/s eta 0:00:00
2025-08-17T13:34:05.1208029Z #49 15.25 Downloading click-8.2.1-py3-none-any.whl (102 kB)
2025-08-17T13:34:05.1208737Z #49 15.26 Downloading email_validator-2.2.0-py3-none-any.whl (33 kB)
2025-08-17T13:34:05.1209548Z #49 15.27 Downloading fastapi_cli-0.0.8-py3-none-any.whl (10 kB)
2025-08-17T13:34:05.1210444Z #49 15.27 Downloading greenlet-3.2.4-cp312-cp312-manylinux_2_24_x86_64.manylinux_2_28_x86_64.whl (607 kB)
2025-08-17T13:34:05.1211683Z #49 15.28    ━━━━━━━━━━━━━━━━━━━━━━━━━━━━━━━━━━━━━━━ 607.6/607.6 kB 398.0 MB/s eta 0:00:00
2025-08-17T13:34:05.1212319Z #49 15.28 Downloading h11-0.16.0-py3-none-any.whl (37 kB)
2025-08-17T13:34:05.1212945Z #49 15.29 Downloading idna-3.10-py3-none-any.whl (70 kB)
2025-08-17T13:34:05.1213865Z #49 15.30 Downloading jmespath-1.0.1-py3-none-any.whl (20 kB)
2025-08-17T13:34:05.1214765Z #49 15.30 Downloading MarkupSafe-3.0.2-cp312-cp312-manylinux_2_17_x86_64.manylinux2014_x86_64.whl (23 kB)
2025-08-17T13:34:05.1215842Z #49 15.31 Downloading orjson-3.11.2-cp312-cp312-manylinux_2_17_x86_64.manylinux2014_x86_64.whl (121 kB)
2025-08-17T13:34:05.1216704Z #49 15.32 Downloading pydantic-2.11.7-py3-none-any.whl (444 kB)
2025-08-17T13:34:05.1217588Z #49 15.32 Downloading pydantic_core-2.33.2-cp312-cp312-manylinux_2_17_x86_64.manylinux2014_x86_64.whl (2.0 MB)
2025-08-17T13:34:05.2230149Z #49 ...
2025-08-17T13:34:05.2230533Z 
2025-08-17T13:34:05.2232587Z #46 [postgres 1/6] FROM docker.io/library/postgres:16@sha256:66a5efb5677ffac1037774a0e141fd3a4c035c9c0c0e624c9cc980dfa10f45e5
2025-08-17T13:34:05.2233870Z #46 extracting sha256:a1e4ad56dcecf442fba1cec05cd565ededfdc663e5172df9ef9394d96d4c96f8 13.4s done
2025-08-17T13:34:05.2235908Z #46 extracting sha256:987c1b4919ea2d87df20824aaef43a9de0575ac7df684579ad267c7e48c8eeea done
2025-08-17T13:34:05.2236978Z #46 extracting sha256:a858bd6d34e86a481a2e028e3ba489e662b3ac7713eba9a5d3bb97002c7d797e done
2025-08-17T13:34:05.2238005Z #46 extracting sha256:f1b3502db45ad485f0affe43e32fc81d699ddac01c023f198271a0a7e1cecd4c done
2025-08-17T13:34:05.2239031Z #46 extracting sha256:25ef78fb127c1934630de29a3d38f46e544360b1dcf5cfc09b25507fbe88fd75 done
2025-08-17T13:34:05.2240077Z #46 extracting sha256:240810240d04caaaccb11d51ba7c3a7f7d6f470ec2a80ee420a3d33899d9a303 done
2025-08-17T13:34:05.2240821Z #46 DONE 19.7s
2025-08-17T13:34:05.2241007Z 
2025-08-17T13:34:05.2241298Z #49 [api base  4/12] RUN pip install --no-cache-dir -r requirements.txt
2025-08-17T13:34:05.2242542Z #49 15.34    ━━━━━━━━━━━━━━━━━━━━━━━━━━━━━━━━━━━━━━━━ 2.0/2.0 MB 288.1 MB/s eta 0:00:00
2025-08-17T13:34:05.2243220Z #49 15.34 Downloading python_dotenv-1.1.1-py3-none-any.whl (20 kB)
2025-08-17T13:34:05.2243958Z #49 15.35 Downloading python_multipart-0.0.20-py3-none-any.whl (24 kB)
2025-08-17T13:34:05.2244678Z #49 15.36 Downloading s3transfer-0.10.4-py3-none-any.whl (83 kB)
2025-08-17T13:34:05.2245332Z #49 15.36 Downloading starlette-0.37.2-py3-none-any.whl (71 kB)
2025-08-17T13:34:05.2245974Z #49 15.38 Downloading anyio-4.10.0-py3-none-any.whl (107 kB)
2025-08-17T13:34:05.2246578Z #49 15.39 Downloading sniffio-1.3.1-py3-none-any.whl (10 kB)
2025-08-17T13:34:05.2247256Z #49 15.40 Downloading typing_extensions-4.14.1-py3-none-any.whl (43 kB)
2025-08-17T13:34:05.2248141Z #49 15.41 Downloading ujson-5.10.0-cp312-cp312-manylinux_2_17_x86_64.manylinux2014_x86_64.whl (53 kB)
2025-08-17T13:34:05.2249016Z #49 15.42 Downloading certifi-2025.8.3-py3-none-any.whl (161 kB)
2025-08-17T13:34:05.2249654Z #49 15.43 Downloading mako-1.3.10-py3-none-any.whl (78 kB)
2025-08-17T13:34:05.3604576Z #49 15.43 Downloading annotated_types-0.7.0-py3-none-any.whl (13 kB)
2025-08-17T13:34:05.3605358Z #49 15.43 Downloading dnspython-2.7.0-py3-none-any.whl (313 kB)
2025-08-17T13:34:05.3606490Z #49 15.45 Downloading httptools-0.6.4-cp312-cp312-manylinux_2_5_x86_64.manylinux1_x86_64.manylinux_2_17_x86_64.manylinux2014_x86_64.whl (510 kB)
2025-08-17T13:34:05.3607594Z #49 15.47 Downloading python_dateutil-2.9.0.post0-py2.py3-none-any.whl (229 kB)
2025-08-17T13:34:05.3608518Z #49 15.47 Downloading PyYAML-6.0.2-cp312-cp312-manylinux_2_17_x86_64.manylinux2014_x86_64.whl (767 kB)
2025-08-17T13:34:05.3609695Z #49 15.48    ━━━━━━━━━━━━━━━━━━━━━━━━━━━━━━━━━━━━━━━━ 767.5/767.5 kB 58.6 MB/s eta 0:00:00
2025-08-17T13:34:05.3610341Z #49 15.50 Downloading rich_toolkit-0.15.0-py3-none-any.whl (29 kB)
2025-08-17T13:34:05.3611225Z #49 15.50 Downloading typer-0.16.0-py3-none-any.whl (46 kB)
2025-08-17T13:34:05.3612101Z #49 15.50 Downloading typing_inspection-0.4.1-py3-none-any.whl (14 kB)
2025-08-17T13:34:05.3612761Z #49 15.52 Downloading urllib3-2.5.0-py3-none-any.whl (129 kB)
2025-08-17T13:34:05.3613600Z #49 15.52 Downloading uvloop-0.21.0-cp312-cp312-manylinux_2_17_x86_64.manylinux2014_x86_64.whl (4.7 MB)
2025-08-17T13:34:05.3614790Z #49 15.56    ━━━━━━━━━━━━━━━━━━━━━━━━━━━━━━━━━━━━━━━━ 4.7/4.7 MB 192.4 MB/s eta 0:00:00
2025-08-17T13:34:05.5009164Z #49 15.57 Downloading watchfiles-1.1.0-cp312-cp312-manylinux_2_17_x86_64.manylinux2014_x86_64.whl (452 kB)
2025-08-17T13:34:05.5010486Z #49 15.57 Downloading websockets-15.0.1-cp312-cp312-manylinux_2_5_x86_64.manylinux1_x86_64.manylinux_2_17_x86_64.manylinux2014_x86_64.whl (182 kB)
2025-08-17T13:34:05.5012221Z #49 15.58 Downloading rich-14.1.0-py3-none-any.whl (243 kB)
2025-08-17T13:34:05.5013452Z #49 15.60 Downloading shellingham-1.5.4-py2.py3-none-any.whl (9.8 kB)
2025-08-17T13:34:05.5015223Z #49 15.60 Downloading six-1.17.0-py2.py3-none-any.whl (11 kB)
2025-08-17T13:34:05.5015852Z #49 15.61 Downloading markdown_it_py-4.0.0-py3-none-any.whl (87 kB)
2025-08-17T13:34:05.5016475Z #49 15.62 Downloading pygments-2.19.2-py3-none-any.whl (1.2 MB)
2025-08-17T13:34:05.5017410Z #49 15.64    ━━━━━━━━━━━━━━━━━━━━━━━━━━━━━━━━━━━━━━━━ 1.2/1.2 MB 182.5 MB/s eta 0:00:00
2025-08-17T13:34:05.5017985Z #49 15.66 Downloading mdurl-0.1.2-py3-none-any.whl (10.0 kB)
2025-08-17T13:34:05.9018439Z #49 16.07 Installing collected packages: websockets, uvloop, urllib3, ujson, typing-extensions, sniffio, six, shellingham, pyyaml, python-multipart, python-dotenv, pygments, psycopg-binary, orjson, mdurl, MarkupSafe, jmespath, idna, httptools, h11, greenlet, dnspython, click, certifi, asyncpg, annotated-types, uvicorn, typing-inspection, sqlalchemy, python-dateutil, pydantic-core, psycopg, markdown-it-py, Mako, Jinja2, httpcore, email_validator, anyio, watchfiles, starlette, rich, pydantic, httpx, botocore, alembic, typer, s3transfer, rich-toolkit, pydantic-settings, fastapi-cli, boto3, fastapi
2025-08-17T13:34:09.2476233Z #49 ...
2025-08-17T13:34:09.2477826Z 
2025-08-17T13:34:09.2479260Z #40 [api stage-1 3/6] RUN set -eux;     if [ -f /etc/apt/sources.list ]; then         sed -i 's|http://deb.debian.org|https://deb.debian.org|g' /etc/apt/sources.list;     fi;     apt-get update;     apt-get install -y --no-install-recommends tzdata postgresql-client curl;     rm -rf /var/lib/apt/lists/*
2025-08-17T13:34:09.2481065Z #40 11.58 Selecting previously unselected package libgdbm-compat4t64:amd64.
2025-08-17T13:34:09.2481987Z #40 11.58 Preparing to unpack .../02-libgdbm-compat4t64_1.24-2_amd64.deb ...
2025-08-17T13:34:09.2482630Z #40 11.59 Unpacking libgdbm-compat4t64:amd64 (1.24-2) ...
2025-08-17T13:34:09.2483242Z #40 11.67 Selecting previously unselected package libperl5.40:amd64.
2025-08-17T13:34:09.2483884Z #40 11.68 Preparing to unpack .../03-libperl5.40_5.40.1-6_amd64.deb ...
2025-08-17T13:34:09.2484473Z #40 11.68 Unpacking libperl5.40:amd64 (5.40.1-6) ...
2025-08-17T13:34:09.2484998Z #40 12.64 Selecting previously unselected package perl.
2025-08-17T13:34:09.2485565Z #40 12.65 Preparing to unpack .../04-perl_5.40.1-6_amd64.deb ...
2025-08-17T13:34:09.2486070Z #40 12.65 Unpacking perl (5.40.1-6) ...
2025-08-17T13:34:09.2486591Z #40 12.77 Selecting previously unselected package libbrotli1:amd64.
2025-08-17T13:34:09.2487228Z #40 12.78 Preparing to unpack .../05-libbrotli1_1.1.0-2+b7_amd64.deb ...
2025-08-17T13:34:09.2488091Z #40 12.78 Unpacking libbrotli1:amd64 (1.1.0-2+b7) ...
2025-08-17T13:34:09.2488716Z #40 12.92 Selecting previously unselected package libkrb5support0:amd64.
2025-08-17T13:34:09.2489411Z #40 12.92 Preparing to unpack .../06-libkrb5support0_1.21.3-5_amd64.deb ...
2025-08-17T13:34:09.2490028Z #40 12.92 Unpacking libkrb5support0:amd64 (1.21.3-5) ...
2025-08-17T13:34:09.2490623Z #40 13.01 Selecting previously unselected package libcom-err2:amd64.
2025-08-17T13:34:09.2491672Z #40 13.01 Preparing to unpack .../07-libcom-err2_1.47.2-3+b3_amd64.deb ...
2025-08-17T13:34:09.2492274Z #40 13.03 Unpacking libcom-err2:amd64 (1.47.2-3+b3) ...
2025-08-17T13:34:09.2492896Z #40 13.09 Selecting previously unselected package libk5crypto3:amd64.
2025-08-17T13:34:09.2493573Z #40 13.09 Preparing to unpack .../08-libk5crypto3_1.21.3-5_amd64.deb ...
2025-08-17T13:34:09.2494158Z #40 13.10 Unpacking libk5crypto3:amd64 (1.21.3-5) ...
2025-08-17T13:34:09.2494744Z #40 13.20 Selecting previously unselected package libkeyutils1:amd64.
2025-08-17T13:34:09.2495413Z #40 13.21 Preparing to unpack .../09-libkeyutils1_1.6.3-6_amd64.deb ...
2025-08-17T13:34:09.2495985Z #40 13.21 Unpacking libkeyutils1:amd64 (1.6.3-6) ...
2025-08-17T13:34:09.2496542Z #40 13.30 Selecting previously unselected package libkrb5-3:amd64.
2025-08-17T13:34:09.2497183Z #40 13.30 Preparing to unpack .../10-libkrb5-3_1.21.3-5_amd64.deb ...
2025-08-17T13:34:09.2497723Z #40 13.31 Unpacking libkrb5-3:amd64 (1.21.3-5) ...
2025-08-17T13:34:09.2498321Z #40 13.46 Selecting previously unselected package libgssapi-krb5-2:amd64.
2025-08-17T13:34:09.2499015Z #40 13.46 Preparing to unpack .../11-libgssapi-krb5-2_1.21.3-5_amd64.deb ...
2025-08-17T13:34:09.2499646Z #40 13.47 Unpacking libgssapi-krb5-2:amd64 (1.21.3-5) ...
2025-08-17T13:34:09.2500254Z #40 14.33 Selecting previously unselected package libunistring5:amd64.
2025-08-17T13:34:09.2500920Z #40 14.33 Preparing to unpack .../12-libunistring5_1.3-2_amd64.deb ...
2025-08-17T13:34:09.2532497Z #40 14.39 Unpacking libunistring5:amd64 (1.3-2) ...
2025-08-17T13:34:09.2533381Z #40 14.83 Selecting previously unselected package libidn2-0:amd64.
2025-08-17T13:34:09.2534240Z #40 14.84 Preparing to unpack .../13-libidn2-0_2.3.8-2_amd64.deb ...
2025-08-17T13:34:09.2534985Z #40 14.90 Unpacking libidn2-0:amd64 (2.3.8-2) ...
2025-08-17T13:34:09.2536986Z #40 15.00 Selecting previously unselected package libsasl2-modules-db:amd64.
2025-08-17T13:34:09.2538392Z #40 15.00 Preparing to unpack .../14-libsasl2-modules-db_2.1.28+dfsg1-9_amd64.deb ...
2025-08-17T13:34:09.2540111Z #40 15.01 Unpacking libsasl2-modules-db:amd64 (2.1.28+dfsg1-9) ...
2025-08-17T13:34:09.2545522Z #40 15.09 Selecting previously unselected package libsasl2-2:amd64.
2025-08-17T13:34:09.2546279Z #40 15.10 Preparing to unpack .../15-libsasl2-2_2.1.28+dfsg1-9_amd64.deb ...
2025-08-17T13:34:09.2547192Z #40 15.11 Unpacking libsasl2-2:amd64 (2.1.28+dfsg1-9) ...
2025-08-17T13:34:09.2547851Z #40 15.18 Selecting previously unselected package libldap2:amd64.
2025-08-17T13:34:09.2549781Z #40 15.19 Preparing to unpack .../16-libldap2_2.6.10+dfsg-1_amd64.deb ...
2025-08-17T13:34:09.2550451Z #40 15.19 Unpacking libldap2:amd64 (2.6.10+dfsg-1) ...
2025-08-17T13:34:09.2551096Z #40 15.28 Selecting previously unselected package libnghttp2-14:amd64.
2025-08-17T13:34:09.2552099Z #40 15.28 Preparing to unpack .../17-libnghttp2-14_1.64.0-1.1_amd64.deb ...
2025-08-17T13:34:09.2552755Z #40 15.28 Unpacking libnghttp2-14:amd64 (1.64.0-1.1) ...
2025-08-17T13:34:09.2553413Z #40 15.36 Selecting previously unselected package libnghttp3-9:amd64.
2025-08-17T13:34:09.2554136Z #40 15.36 Preparing to unpack .../18-libnghttp3-9_1.8.0-1_amd64.deb ...
2025-08-17T13:34:09.2554754Z #40 15.36 Unpacking libnghttp3-9:amd64 (1.8.0-1) ...
2025-08-17T13:34:09.2555382Z #40 15.44 Selecting previously unselected package libpsl5t64:amd64.
2025-08-17T13:34:09.2556086Z #40 15.45 Preparing to unpack .../19-libpsl5t64_0.21.2-1.1+b1_amd64.deb ...
2025-08-17T13:34:09.2556723Z #40 15.46 Unpacking libpsl5t64:amd64 (0.21.2-1.1+b1) ...
2025-08-17T13:34:09.2557581Z #40 15.55 Selecting previously unselected package libp11-kit0:amd64.
2025-08-17T13:34:09.2558317Z #40 15.55 Preparing to unpack .../20-libp11-kit0_0.25.5-3_amd64.deb ...
2025-08-17T13:34:09.2558919Z #40 15.56 Unpacking libp11-kit0:amd64 (0.25.5-3) ...
2025-08-17T13:34:09.2559533Z #40 15.69 Selecting previously unselected package libtasn1-6:amd64.
2025-08-17T13:34:09.2560233Z #40 15.69 Preparing to unpack .../21-libtasn1-6_4.20.0-2_amd64.deb ...
2025-08-17T13:34:09.2561042Z #40 15.69 Unpacking libtasn1-6:amd64 (4.20.0-2) ...
2025-08-17T13:34:09.2576450Z #40 15.76 Selecting previously unselected package libgnutls30t64:amd64.
2025-08-17T13:34:09.2577212Z #40 15.76 Preparing to unpack .../22-libgnutls30t64_3.8.9-3_amd64.deb ...
2025-08-17T13:34:09.2577843Z #40 15.77 Unpacking libgnutls30t64:amd64 (3.8.9-3) ...
2025-08-17T13:34:09.2578449Z #40 15.95 Selecting previously unselected package librtmp1:amd64.
2025-08-17T13:34:09.2579237Z #40 15.95 Preparing to unpack .../23-librtmp1_2.4+20151223.gitfa8646d.1-2+b5_amd64.deb ...
2025-08-17T13:34:09.2580031Z #40 15.95 Unpacking librtmp1:amd64 (2.4+20151223.gitfa8646d.1-2+b5) ...
2025-08-17T13:34:09.2580742Z #40 16.01 Selecting previously unselected package libssh2-1t64:amd64.
2025-08-17T13:34:09.2581614Z #40 16.01 Preparing to unpack .../24-libssh2-1t64_1.11.1-1_amd64.deb ...
2025-08-17T13:34:09.2582246Z #40 16.01 Unpacking libssh2-1t64:amd64 (1.11.1-1) ...
2025-08-17T13:34:09.2582864Z #40 16.12 Selecting previously unselected package libcurl4t64:amd64.
2025-08-17T13:34:09.2583476Z #40 16.12 Preparing to unpack .../25-libcurl4t64_8.14.1-2_amd64.deb ...
2025-08-17T13:34:09.2584014Z #40 16.12 Unpacking libcurl4t64:amd64 (8.14.1-2) ...
2025-08-17T13:34:09.2584506Z #40 16.29 Selecting previously unselected package curl.
2025-08-17T13:34:09.2585056Z #40 16.29 Preparing to unpack .../26-curl_8.14.1-2_amd64.deb ...
2025-08-17T13:34:09.2585547Z #40 16.29 Unpacking curl (8.14.1-2) ...
2025-08-17T13:34:09.2586046Z #40 16.39 Selecting previously unselected package libpq5:amd64.
2025-08-17T13:34:09.2586626Z #40 16.39 Preparing to unpack .../27-libpq5_17.5-1_amd64.deb ...
2025-08-17T13:34:09.2587132Z #40 16.39 Unpacking libpq5:amd64 (17.5-1) ...
2025-08-17T13:34:09.2587727Z #40 16.51 Selecting previously unselected package postgresql-client-common.
2025-08-17T13:34:09.2588467Z #40 16.51 Preparing to unpack .../28-postgresql-client-common_278_all.deb ...
2025-08-17T13:34:09.2589096Z #40 16.54 Unpacking postgresql-client-common (278) ...
2025-08-17T13:34:09.2589721Z #40 16.66 Selecting previously unselected package postgresql-client-17.
2025-08-17T13:34:09.2590434Z #40 16.67 Preparing to unpack .../29-postgresql-client-17_17.5-1_amd64.deb ...
2025-08-17T13:34:09.2591049Z #40 16.67 Unpacking postgresql-client-17 (17.5-1) ...
2025-08-17T13:34:09.2591788Z #40 17.07 Selecting previously unselected package postgresql-client.
2025-08-17T13:34:09.2592459Z #40 17.08 Preparing to unpack .../30-postgresql-client_17+278_all.deb ...
2025-08-17T13:34:09.2593101Z #40 17.08 Unpacking postgresql-client (17+278) ...
2025-08-17T13:34:09.2593635Z #40 17.15 Setting up libkeyutils1:amd64 (1.6.3-6) ...
2025-08-17T13:34:09.2594197Z #40 17.16 Setting up libgdbm-compat4t64:amd64 (1.24-2) ...
2025-08-17T13:34:09.2594752Z #40 17.20 Setting up libbrotli1:amd64 (1.1.0-2+b7) ...
2025-08-17T13:34:09.2595304Z #40 17.21 Setting up libnghttp2-14:amd64 (1.64.0-1.1) ...
2025-08-17T13:34:09.2595861Z #40 17.22 Setting up libcom-err2:amd64 (1.47.2-3+b3) ...
2025-08-17T13:34:09.2596432Z #40 17.24 Setting up libkrb5support0:amd64 (1.21.3-5) ...
2025-08-17T13:34:09.2597060Z #40 17.24 Setting up libsasl2-modules-db:amd64 (2.1.28+dfsg1-9) ...
2025-08-17T13:34:09.2597656Z #40 17.26 Setting up libp11-kit0:amd64 (0.25.5-3) ...
2025-08-17T13:34:09.2598177Z #40 17.27 Setting up libunistring5:amd64 (1.3-2) ...
2025-08-17T13:34:09.2598703Z #40 17.27 Setting up libk5crypto3:amd64 (1.21.3-5) ...
2025-08-17T13:34:09.2599248Z #40 17.28 Setting up libsasl2-2:amd64 (2.1.28+dfsg1-9) ...
2025-08-17T13:34:09.2600071Z #40 17.29 Setting up libnghttp3-9:amd64 (1.8.0-1) ...
2025-08-17T13:34:09.2600639Z #40 17.30 Setting up perl-modules-5.40 (5.40.1-6) ...
2025-08-17T13:34:09.2601163Z #40 17.31 Setting up sensible-utils (0.0.25) ...
2025-08-17T13:34:09.2625122Z #40 17.32 Setting up libtasn1-6:amd64 (4.20.0-2) ...
2025-08-17T13:34:09.2625668Z #40 17.33 Setting up libkrb5-3:amd64 (1.21.3-5) ...
2025-08-17T13:34:09.2626192Z #40 17.37 Setting up libssh2-1t64:amd64 (1.11.1-1) ...
2025-08-17T13:34:09.2640776Z #40 17.37 Setting up libldap2:amd64 (2.6.10+dfsg-1) ...
2025-08-17T13:34:09.2641310Z #40 17.39 Setting up libidn2-0:amd64 (2.3.8-2) ...
2025-08-17T13:34:09.2642466Z #40 17.40 Setting up libperl5.40:amd64 (5.40.1-6) ...
2025-08-17T13:34:09.2642966Z #40 17.41 Setting up perl (5.40.1-6) ...
2025-08-17T13:34:09.2657442Z #40 17.45 Setting up libgssapi-krb5-2:amd64 (1.21.3-5) ...
2025-08-17T13:34:09.2658155Z #40 17.50 Setting up libgnutls30t64:amd64 (3.8.9-3) ...
2025-08-17T13:34:09.2658740Z #40 17.51 Setting up postgresql-client-common (278) ...
2025-08-17T13:34:09.2659320Z #40 17.54 Setting up libpsl5t64:amd64 (0.21.2-1.1+b1) ...
2025-08-17T13:34:09.2659846Z #40 17.56 Setting up libpq5:amd64 (17.5-1) ...
2025-08-17T13:34:09.2660424Z #40 17.58 Setting up librtmp1:amd64 (2.4+20151223.gitfa8646d.1-2+b5) ...
2025-08-17T13:34:09.2661028Z #40 17.59 Setting up libcurl4t64:amd64 (8.14.1-2) ...
2025-08-17T13:34:09.2661832Z #40 17.60 Setting up postgresql-client-17 (17.5-1) ...
2025-08-17T13:34:09.2662949Z #40 18.53 update-alternatives: using /usr/share/postgresql/17/man/man1/psql.1.gz to provide /usr/share/man/man1/psql.1.gz (psql.1.gz) in auto mode
2025-08-17T13:34:09.2663973Z #40 18.73 Setting up curl (8.14.1-2) ...
2025-08-17T13:34:09.2664455Z #40 18.74 Setting up postgresql-client (17+278) ...
2025-08-17T13:34:09.2665004Z #40 18.75 Processing triggers for libc-bin (2.41-12) ...
2025-08-17T13:34:09.2668702Z #40 18.88 + rm -rf /var/lib/apt/lists/auxfiles /var/lib/apt/lists/deb.debian.org_debian-security_dists_trixie-security_InRelease /var/lib/apt/lists/deb.debian.org_debian-security_dists_trixie-security_main_binary-amd64_Packages.lz4 /var/lib/apt/lists/deb.debian.org_debian_dists_trixie-updates_InRelease /var/lib/apt/lists/deb.debian.org_debian_dists_trixie-updates_main_binary-amd64_Packages.lz4 /var/lib/apt/lists/deb.debian.org_debian_dists_trixie_InRelease /var/lib/apt/lists/deb.debian.org_debian_dists_trixie_main_binary-amd64_Packages.lz4 /var/lib/apt/lists/lock /var/lib/apt/lists/partial
2025-08-17T13:34:09.2682817Z #40 DONE 19.5s
2025-08-17T13:34:09.4507045Z 
2025-08-17T13:34:09.4508120Z #52 [repricer base 4/5] RUN if [ -n "" ] && [ -f "" ]; then         pip install -r requirements.txt -c "";     else         pip install -r requirements.txt;     fi
2025-08-17T13:34:09.4509404Z #52 11.43 Collecting botocore<1.41.0,>=1.40.11 (from boto3<2,>=1.16.39->python-amazon-sp-api==0.8.0->-r requirements.txt (line 3))
2025-08-17T13:34:09.4511257Z #52 11.44   Downloading botocore-1.40.11-py3-none-any.whl.metadata (5.7 kB)
2025-08-17T13:34:09.4512491Z #52 11.52 Collecting jmespath<2.0.0,>=0.7.1 (from boto3<2,>=1.16.39->python-amazon-sp-api==0.8.0->-r requirements.txt (line 3))
2025-08-17T13:34:09.4513435Z #52 11.53   Downloading jmespath-1.0.1-py3-none-any.whl.metadata (7.6 kB)
2025-08-17T13:34:09.4514375Z #52 11.60 Collecting s3transfer<0.14.0,>=0.13.0 (from boto3<2,>=1.16.39->python-amazon-sp-api==0.8.0->-r requirements.txt (line 3))
2025-08-17T13:34:09.4516653Z #52 11.61   Downloading s3transfer-0.13.1-py3-none-any.whl.metadata (1.7 kB)
2025-08-17T13:34:09.4517988Z #52 11.75 Collecting pyyaml (from confuse~=1.4.0->python-amazon-sp-api==0.8.0->-r requirements.txt (line 3))
2025-08-17T13:34:09.4543230Z #52 11.75   Downloading PyYAML-6.0.2-cp312-cp312-manylinux_2_17_x86_64.manylinux2014_x86_64.whl.metadata (2.1 kB)
2025-08-17T13:34:09.4544276Z #52 11.81 Collecting dnspython>=2.0.0 (from email_validator>=2.0.0->fastapi==0.111.0->-r requirements.txt (line 4))
2025-08-17T13:34:09.4545086Z #52 11.82   Downloading dnspython-2.7.0-py3-none-any.whl.metadata (5.8 kB)
2025-08-17T13:34:09.4546142Z #52 11.92 Collecting idna>=2.0.0 (from email_validator>=2.0.0->fastapi==0.111.0->-r requirements.txt (line 4))
2025-08-17T13:34:09.4546911Z #52 11.92   Downloading idna-3.10-py3-none-any.whl.metadata (10 kB)
2025-08-17T13:34:09.4547740Z #52 11.99 Collecting typer>=0.15.1 (from fastapi-cli>=0.0.2->fastapi==0.111.0->-r requirements.txt (line 4))
2025-08-17T13:34:09.4548582Z #52 11.99   Downloading typer-0.16.0-py3-none-any.whl.metadata (15 kB)
2025-08-17T13:34:09.4549648Z #52 12.12 Collecting rich-toolkit>=0.14.8 (from fastapi-cli>=0.0.2->fastapi==0.111.0->-r requirements.txt (line 4))
2025-08-17T13:34:09.4550547Z #52 12.13   Downloading rich_toolkit-0.15.0-py3-none-any.whl.metadata (1.0 kB)
2025-08-17T13:34:09.4551252Z #52 12.23 Collecting anyio (from httpx>=0.23.0->fastapi==0.111.0->-r requirements.txt (line 4))
2025-08-17T13:34:09.4552206Z #52 12.23   Downloading anyio-4.10.0-py3-none-any.whl.metadata (4.0 kB)
2025-08-17T13:34:09.4552918Z #52 12.30 Collecting certifi (from httpx>=0.23.0->fastapi==0.111.0->-r requirements.txt (line 4))
2025-08-17T13:34:09.4553655Z #52 12.30   Downloading certifi-2025.8.3-py3-none-any.whl.metadata (2.4 kB)
2025-08-17T13:34:09.4554405Z #52 12.37 Collecting httpcore==1.* (from httpx>=0.23.0->fastapi==0.111.0->-r requirements.txt (line 4))
2025-08-17T13:34:09.4555155Z #52 12.38   Downloading httpcore-1.0.9-py3-none-any.whl.metadata (21 kB)
2025-08-17T13:34:09.4555907Z #52 12.50 Collecting MarkupSafe>=2.0 (from jinja2>=2.11.2->fastapi==0.111.0->-r requirements.txt (line 4))
2025-08-17T13:34:09.4556849Z #52 12.51   Downloading MarkupSafe-3.0.2-cp312-cp312-manylinux_2_17_x86_64.manylinux2014_x86_64.whl.metadata (4.0 kB)
2025-08-17T13:34:09.4557863Z #52 12.56 Collecting annotated-types>=0.6.0 (from pydantic>=2.3.0->pydantic-settings==2.2.1->-r requirements.txt (line 2))
2025-08-17T13:34:09.4558732Z #52 12.56   Downloading annotated_types-0.7.0-py3-none-any.whl.metadata (15 kB)
2025-08-17T13:34:09.4559580Z #52 13.72 Collecting pydantic-core==2.33.2 (from pydantic>=2.3.0->pydantic-settings==2.2.1->-r requirements.txt (line 2))
2025-08-17T13:34:09.4560580Z #52 13.85   Downloading pydantic_core-2.33.2-cp312-cp312-manylinux_2_17_x86_64.manylinux2014_x86_64.whl.metadata (6.8 kB)
2025-08-17T13:34:09.4561831Z #52 14.41 Collecting typing-inspection>=0.4.0 (from pydantic>=2.3.0->pydantic-settings==2.2.1->-r requirements.txt (line 2))
2025-08-17T13:34:09.4562708Z #52 14.41   Downloading typing_inspection-0.4.1-py3-none-any.whl.metadata (2.6 kB)
2025-08-17T13:34:09.4563585Z #52 14.63 Collecting httptools>=0.5.0 (from uvicorn[standard]>=0.12.0->fastapi==0.111.0->-r requirements.txt (line 4))
2025-08-17T13:34:09.4564737Z #52 14.64   Downloading httptools-0.6.4-cp312-cp312-manylinux_2_5_x86_64.manylinux1_x86_64.manylinux_2_17_x86_64.manylinux2014_x86_64.whl.metadata (3.6 kB)
2025-08-17T13:34:09.4565879Z #52 14.80 Collecting uvloop!=0.15.0,!=0.15.1,>=0.14.0 (from uvicorn[standard]>=0.12.0->fastapi==0.111.0->-r requirements.txt (line 4))
2025-08-17T13:34:09.4566849Z #52 14.81   Downloading uvloop-0.21.0-cp312-cp312-manylinux_2_17_x86_64.manylinux2014_x86_64.whl.metadata (4.9 kB)
2025-08-17T13:34:09.4567829Z #52 15.00 Collecting watchfiles>=0.13 (from uvicorn[standard]>=0.12.0->fastapi==0.111.0->-r requirements.txt (line 4))
2025-08-17T13:34:09.4568842Z #52 15.00   Downloading watchfiles-1.1.0-cp312-cp312-manylinux_2_17_x86_64.manylinux2014_x86_64.whl.metadata (4.9 kB)
2025-08-17T13:34:09.4569862Z #52 15.23 Collecting websockets>=10.4 (from uvicorn[standard]>=0.12.0->fastapi==0.111.0->-r requirements.txt (line 4))
2025-08-17T13:34:09.4571038Z #52 15.24   Downloading websockets-15.0.1-cp312-cp312-manylinux_2_5_x86_64.manylinux1_x86_64.manylinux_2_17_x86_64.manylinux2014_x86_64.whl.metadata (6.8 kB)
2025-08-17T13:34:09.4572458Z #52 15.43 Collecting charset_normalizer<4,>=2 (from requests->python-amazon-sp-api==0.8.0->-r requirements.txt (line 3))
2025-08-17T13:34:09.4583138Z #52 15.44   Downloading charset_normalizer-3.4.3-cp312-cp312-manylinux2014_x86_64.manylinux_2_17_x86_64.manylinux_2_28_x86_64.whl.metadata (36 kB)
2025-08-17T13:34:09.4584362Z #52 15.53 Collecting urllib3<3,>=1.21.1 (from requests->python-amazon-sp-api==0.8.0->-r requirements.txt (line 3))
2025-08-17T13:34:09.4585153Z #52 15.54   Downloading urllib3-2.5.0-py3-none-any.whl.metadata (6.5 kB)
2025-08-17T13:34:09.4585888Z #52 15.62 Collecting sniffio>=1.1 (from anyio->httpx>=0.23.0->fastapi==0.111.0->-r requirements.txt (line 4))
2025-08-17T13:34:09.4586626Z #52 15.62   Downloading sniffio-1.3.1-py3-none-any.whl.metadata (3.9 kB)
2025-08-17T13:34:09.4587707Z #52 15.69 Collecting python-dateutil<3.0.0,>=2.1 (from botocore<1.41.0,>=1.40.11->boto3<2,>=1.16.39->python-amazon-sp-api==0.8.0->-r requirements.txt (line 3))
2025-08-17T13:34:09.4588747Z #52 15.69   Downloading python_dateutil-2.9.0.post0-py2.py3-none-any.whl.metadata (8.4 kB)
2025-08-17T13:34:09.4589693Z #52 15.92 Collecting rich>=13.7.1 (from rich-toolkit>=0.14.8->fastapi-cli>=0.0.2->fastapi==0.111.0->-r requirements.txt (line 4))
2025-08-17T13:34:09.4590513Z #52 15.92   Downloading rich-14.1.0-py3-none-any.whl.metadata (18 kB)
2025-08-17T13:34:09.4591342Z #52 16.50 Collecting shellingham>=1.3.0 (from typer>=0.15.1->fastapi-cli>=0.0.2->fastapi==0.111.0->-r requirements.txt (line 4))
2025-08-17T13:34:09.4592440Z #52 16.52   Downloading shellingham-1.5.4-py2.py3-none-any.whl.metadata (3.5 kB)
2025-08-17T13:34:09.4593421Z #52 16.67 Collecting markdown-it-py>=2.2.0 (from rich>=13.7.1->rich-toolkit>=0.14.8->fastapi-cli>=0.0.2->fastapi==0.111.0->-r requirements.txt (line 4))
2025-08-17T13:34:09.4594365Z #52 16.67   Downloading markdown_it_py-4.0.0-py3-none-any.whl.metadata (7.3 kB)
2025-08-17T13:34:09.4595277Z #52 16.75 Collecting pygments<3.0.0,>=2.13.0 (from rich>=13.7.1->rich-toolkit>=0.14.8->fastapi-cli>=0.0.2->fastapi==0.111.0->-r requirements.txt (line 4))
2025-08-17T13:34:09.4596201Z #52 16.76   Downloading pygments-2.19.2-py3-none-any.whl.metadata (2.5 kB)
2025-08-17T13:34:09.4597190Z #52 16.81 Collecting mdurl~=0.1 (from markdown-it-py>=2.2.0->rich>=13.7.1->rich-toolkit>=0.14.8->fastapi-cli>=0.0.2->fastapi==0.111.0->-r requirements.txt (line 4))
2025-08-17T13:34:09.4598143Z #52 16.82   Downloading mdurl-0.1.2-py3-none-any.whl.metadata (1.6 kB)
2025-08-17T13:34:09.4598738Z #52 16.88 Downloading uvicorn-0.29.0-py3-none-any.whl (60 kB)
2025-08-17T13:34:09.4599317Z #52 16.92 Downloading pydantic_settings-2.2.1-py3-none-any.whl (13 kB)
2025-08-17T13:34:09.4599955Z #52 16.94 Downloading python_amazon_sp_api-0.8.0-py3-none-any.whl (93 kB)
2025-08-17T13:34:09.4600544Z #52 16.96 Downloading fastapi-0.111.0-py3-none-any.whl (91 kB)
2025-08-17T13:34:09.4601295Z #52 16.98 Downloading SQLAlchemy-2.0.29-cp312-cp312-manylinux_2_17_x86_64.manylinux2014_x86_64.whl (3.2 MB)
2025-08-17T13:34:09.4602544Z #52 17.07    ━━━━━━━━━━━━━━━━━━━━━━━━━━━━━━━━━━━━━━━━ 3.2/3.2 MB 37.2 MB/s eta 0:00:00
2025-08-17T13:34:09.4683956Z #52 17.08 Downloading boto3-1.40.11-py3-none-any.whl (140 kB)
2025-08-17T13:34:09.4684557Z #52 17.13 Downloading cachetools-4.2.4-py3-none-any.whl (10 kB)
2025-08-17T13:34:09.4685125Z #52 17.15 Downloading click-8.2.1-py3-none-any.whl (102 kB)
2025-08-17T13:34:09.4685662Z #52 17.17 Downloading confuse-1.4.0-py2.py3-none-any.whl (21 kB)
2025-08-17T13:34:09.4686250Z #52 17.17 Downloading email_validator-2.2.0-py3-none-any.whl (33 kB)
2025-08-17T13:34:09.4686815Z #52 17.19 Downloading fastapi_cli-0.0.8-py3-none-any.whl (10 kB)
2025-08-17T13:34:09.4687556Z #52 17.21 Downloading greenlet-3.2.4-cp312-cp312-manylinux_2_24_x86_64.manylinux_2_28_x86_64.whl (607 kB)
2025-08-17T13:34:09.4688517Z #52 17.23    ━━━━━━━━━━━━━━━━━━━━━━━━━━━━━━━━━━━━━━━━ 607.6/607.6 kB 39.2 MB/s eta 0:00:00
2025-08-17T13:34:09.4689019Z #52 17.24 Downloading h11-0.16.0-py3-none-any.whl (37 kB)
2025-08-17T13:34:09.4689498Z #52 17.27 Downloading httpx-0.28.1-py3-none-any.whl (73 kB)
2025-08-17T13:34:09.4690009Z #52 17.29 Downloading httpcore-1.0.9-py3-none-any.whl (78 kB)
2025-08-17T13:34:09.4690541Z #52 17.31 Downloading jinja2-3.1.6-py3-none-any.whl (134 kB)
2025-08-17T13:34:09.4761853Z #52 17.33 Downloading orjson-3.11.2-cp312-cp312-manylinux_2_17_x86_64.manylinux2014_x86_64.whl (121 kB)
2025-08-17T13:34:09.4762745Z #52 17.34 Downloading pydantic-2.11.7-py3-none-any.whl (444 kB)
2025-08-17T13:34:09.4763505Z #52 17.41 Downloading pydantic_core-2.33.2-cp312-cp312-manylinux_2_17_x86_64.manylinux2014_x86_64.whl (2.0 MB)
2025-08-17T13:34:09.4764585Z #52 17.45    ━━━━━━━━━━━━━━━━━━━━━━━━━━━━━━━━━━━━━━━━ 2.0/2.0 MB 39.6 MB/s eta 0:00:00
2025-08-17T13:34:09.4765212Z #52 17.46 Downloading python_dotenv-1.1.1-py3-none-any.whl (20 kB)
2025-08-17T13:34:09.4766107Z #52 17.48 Downloading python_multipart-0.0.20-py3-none-any.whl (24 kB)
2025-08-17T13:34:09.4766752Z #52 17.50 Downloading six-1.17.0-py2.py3-none-any.whl (11 kB)
2025-08-17T13:34:09.4767348Z #52 17.53 Downloading starlette-0.37.2-py3-none-any.whl (71 kB)
2025-08-17T13:34:09.4767976Z #52 17.54 Downloading typing_extensions-4.14.1-py3-none-any.whl (43 kB)
2025-08-17T13:34:09.4768812Z #52 17.56 Downloading ujson-5.10.0-cp312-cp312-manylinux_2_17_x86_64.manylinux2014_x86_64.whl (53 kB)
2025-08-17T13:34:09.4769860Z #52 17.59 Downloading pycryptodome-3.23.0-cp37-abi3-manylinux_2_17_x86_64.manylinux2014_x86_64.whl (2.3 MB)
2025-08-17T13:34:09.4770859Z #52 17.65    ━━━━━━━━━━━━━━━━━━━━━━━━━━━━━━━━━━━━━━━━ 2.3/2.3 MB 50.5 MB/s eta 0:00:00
2025-08-17T13:34:09.4771679Z #52 17.65 Downloading pytz-2025.2-py2.py3-none-any.whl (509 kB)
2025-08-17T13:34:09.4772287Z #52 17.67 Downloading requests-2.32.4-py3-none-any.whl (64 kB)
2025-08-17T13:34:09.4772933Z #52 17.69 Downloading annotated_types-0.7.0-py3-none-any.whl (13 kB)
2025-08-17T13:34:09.4773524Z #52 17.70 Downloading anyio-4.10.0-py3-none-any.whl (107 kB)
2025-08-17T13:34:09.4774095Z #52 17.71 Downloading botocore-1.40.11-py3-none-any.whl (14.0 MB)
2025-08-17T13:34:09.4774825Z #52 17.91    ━━━━━━━━━━━━━━━━━━━━━━━━━━━━━━━━━━━━━━━━ 14.0/14.0 MB 75.3 MB/s eta 0:00:00
2025-08-17T13:34:09.4775390Z #52 17.92 Downloading certifi-2025.8.3-py3-none-any.whl (161 kB)
2025-08-17T13:34:09.4776357Z #52 17.94 Downloading charset_normalizer-3.4.3-cp312-cp312-manylinux2014_x86_64.manylinux_2_17_x86_64.manylinux_2_28_x86_64.whl (151 kB)
2025-08-17T13:34:09.4777339Z #52 17.95 Downloading dnspython-2.7.0-py3-none-any.whl (313 kB)
2025-08-17T13:34:09.4778282Z #52 17.98 Downloading httptools-0.6.4-cp312-cp312-manylinux_2_5_x86_64.manylinux1_x86_64.manylinux_2_17_x86_64.manylinux2014_x86_64.whl (510 kB)
2025-08-17T13:34:09.4779256Z #52 18.00 Downloading idna-3.10-py3-none-any.whl (70 kB)
2025-08-17T13:34:09.4779823Z #52 18.02 Downloading jmespath-1.0.1-py3-none-any.whl (20 kB)
2025-08-17T13:34:09.4780635Z #52 18.03 Downloading MarkupSafe-3.0.2-cp312-cp312-manylinux_2_17_x86_64.manylinux2014_x86_64.whl (23 kB)
2025-08-17T13:34:09.4781839Z #52 18.05 Downloading PyYAML-6.0.2-cp312-cp312-manylinux_2_17_x86_64.manylinux2014_x86_64.whl (767 kB)
2025-08-17T13:34:09.4782787Z #52 18.08    ━━━━━━━━━━━━━━━━━━━━━━━━━━━━━━━━━━━━━━━━ 767.5/767.5 kB 24.0 MB/s eta 0:00:00
2025-08-17T13:34:09.4783401Z #52 18.09 Downloading rich_toolkit-0.15.0-py3-none-any.whl (29 kB)
2025-08-17T13:34:09.4784033Z #52 18.10 Downloading s3transfer-0.13.1-py3-none-any.whl (85 kB)
2025-08-17T13:34:09.4784627Z #52 18.12 Downloading typer-0.16.0-py3-none-any.whl (46 kB)
2025-08-17T13:34:09.4785256Z #52 18.14 Downloading typing_inspection-0.4.1-py3-none-any.whl (14 kB)
2025-08-17T13:34:09.4785867Z #52 18.15 Downloading urllib3-2.5.0-py3-none-any.whl (129 kB)
2025-08-17T13:34:09.4786594Z #52 18.17 Downloading uvloop-0.21.0-cp312-cp312-manylinux_2_17_x86_64.manylinux2014_x86_64.whl (4.7 MB)
2025-08-17T13:34:09.4787542Z #52 18.25    ━━━━━━━━━━━━━━━━━━━━━━━━━━━━━━━━━━━━━━━━ 4.7/4.7 MB 62.1 MB/s eta 0:00:00
2025-08-17T13:34:09.4788353Z #52 18.26 Downloading watchfiles-1.1.0-cp312-cp312-manylinux_2_17_x86_64.manylinux2014_x86_64.whl (452 kB)
2025-08-17T13:34:09.4789610Z #52 18.29 Downloading websockets-15.0.1-cp312-cp312-manylinux_2_5_x86_64.manylinux1_x86_64.manylinux_2_17_x86_64.manylinux2014_x86_64.whl (182 kB)
2025-08-17T13:34:09.4790729Z #52 18.30 Downloading python_dateutil-2.9.0.post0-py2.py3-none-any.whl (229 kB)
2025-08-17T13:34:09.4841863Z #52 18.34 Downloading rich-14.1.0-py3-none-any.whl (243 kB)
2025-08-17T13:34:09.4842646Z #52 18.37 Downloading shellingham-1.5.4-py2.py3-none-any.whl (9.8 kB)
2025-08-17T13:34:09.4843281Z #52 18.39 Downloading sniffio-1.3.1-py3-none-any.whl (10 kB)
2025-08-17T13:34:09.4843884Z #52 18.40 Downloading markdown_it_py-4.0.0-py3-none-any.whl (87 kB)
2025-08-17T13:34:09.4844511Z #52 18.42 Downloading pygments-2.19.2-py3-none-any.whl (1.2 MB)
2025-08-17T13:34:09.4845523Z #52 18.43    ━━━━━━━━━━━━━━━━━━━━━━━━━━━━━━━━━━━━━━━━ 1.2/1.2 MB 72.1 MB/s eta 0:00:00
2025-08-17T13:34:09.4848304Z #52 18.44 Downloading mdurl-0.1.2-py3-none-any.whl (10.0 kB)
2025-08-17T13:34:09.4859327Z #52 19.03 Installing collected packages: pytz, websockets, uvloop, urllib3, ujson, typing-extensions, sniffio, six, shellingham, pyyaml, python-multipart, python-dotenv, pygments, pycryptodome, orjson, mdurl, MarkupSafe, jmespath, idna, httptools, h11, greenlet, dnspython, click, charset_normalizer, certifi, cachetools, annotated-types, uvicorn, typing-inspection, sqlalchemy, requests, python-dateutil, pydantic-core, markdown-it-py, jinja2, httpcore, email_validator, confuse, anyio, watchfiles, starlette, rich, pydantic, httpx, botocore, typer, s3transfer, rich-toolkit, pydantic-settings, fastapi-cli, boto3, python-amazon-sp-api, fastapi
2025-08-17T13:34:09.5223666Z #52 ...
2025-08-17T13:34:09.5226209Z 
2025-08-17T13:34:09.5227805Z #54 [logistics_etl stage-1 3/4] COPY --from=base /usr/local /usr/local
2025-08-17T13:34:09.5232531Z #54 DONE 3.2s
2025-08-17T13:34:09.5232722Z 
2025-08-17T13:34:09.5233275Z #51 [etl base 4/5] RUN if [ -n "" ] && [ -f "" ]; then         pip install -r requirements.txt -c "";     else         pip install -r requirements.txt;     fi
2025-08-17T13:34:09.5234487Z #51 10.72 Collecting jmespath<2.0.0,>=0.7.1 (from boto3<2,>=1.16.39->python-amazon-sp-api==0.8.0->-r requirements.txt (line 3))
2025-08-17T13:34:09.5235461Z #51 10.73   Downloading jmespath-1.0.1-py3-none-any.whl.metadata (7.6 kB)
2025-08-17T13:34:09.5236515Z #51 10.82 Collecting s3transfer<0.14.0,>=0.13.0 (from boto3<2,>=1.16.39->python-amazon-sp-api==0.8.0->-r requirements.txt (line 3))
2025-08-17T13:34:09.5237526Z #51 10.83   Downloading s3transfer-0.13.1-py3-none-any.whl.metadata (1.7 kB)
2025-08-17T13:34:09.5238454Z #51 10.95 Collecting pyyaml (from confuse~=1.4.0->python-amazon-sp-api==0.8.0->-r requirements.txt (line 3))
2025-08-17T13:34:09.5239605Z #51 10.96   Downloading PyYAML-6.0.2-cp312-cp312-manylinux_2_17_x86_64.manylinux2014_x86_64.whl.metadata (2.1 kB)
2025-08-17T13:34:09.5240749Z #51 11.06 Collecting python-dateutil>=2.8.2 (from pandas<=3.0->keepa==1.3.14->-r requirements.txt (line 1))
2025-08-17T13:34:09.5242074Z #51 11.08   Downloading python_dateutil-2.9.0.post0-py2.py3-none-any.whl.metadata (8.4 kB)
2025-08-17T13:34:09.5243044Z #51 11.16 Collecting tzdata>=2022.7 (from pandas<=3.0->keepa==1.3.14->-r requirements.txt (line 1))
2025-08-17T13:34:09.5243913Z #51 11.17   Downloading tzdata-2025.2-py2.py3-none-any.whl.metadata (1.4 kB)
2025-08-17T13:34:09.5244842Z #51 11.21 Collecting annotated-types>=0.6.0 (from pydantic->keepa==1.3.14->-r requirements.txt (line 1))
2025-08-17T13:34:09.5245781Z #51 11.21   Downloading annotated_types-0.7.0-py3-none-any.whl.metadata (15 kB)
2025-08-17T13:34:09.5246700Z #51 12.71 Collecting pydantic-core==2.33.2 (from pydantic->keepa==1.3.14->-r requirements.txt (line 1))
2025-08-17T13:34:09.5247798Z #51 12.71   Downloading pydantic_core-2.33.2-cp312-cp312-manylinux_2_17_x86_64.manylinux2014_x86_64.whl.metadata (6.8 kB)
2025-08-17T13:34:09.5248958Z #51 12.76 Collecting typing-extensions>=4.12.2 (from pydantic->keepa==1.3.14->-r requirements.txt (line 1))
2025-08-17T13:34:09.5249934Z #51 12.77   Downloading typing_extensions-4.14.1-py3-none-any.whl.metadata (3.0 kB)
2025-08-17T13:34:09.5250914Z #51 12.81 Collecting typing-inspection>=0.4.0 (from pydantic->keepa==1.3.14->-r requirements.txt (line 1))
2025-08-17T13:34:09.5255437Z #51 12.81   Downloading typing_inspection-0.4.1-py3-none-any.whl.metadata (2.6 kB)
2025-08-17T13:34:09.5256741Z #51 13.06 Collecting charset_normalizer<4,>=2 (from requests>=2.2->keepa==1.3.14->-r requirements.txt (line 1))
2025-08-17T13:34:09.5258119Z #51 13.07   Downloading charset_normalizer-3.4.3-cp312-cp312-manylinux2014_x86_64.manylinux_2_17_x86_64.manylinux_2_28_x86_64.whl.metadata (36 kB)
2025-08-17T13:34:09.5259364Z #51 13.14 Collecting idna<4,>=2.5 (from requests>=2.2->keepa==1.3.14->-r requirements.txt (line 1))
2025-08-17T13:34:09.5260468Z #51 13.15   Downloading idna-3.10-py3-none-any.whl.metadata (10 kB)
2025-08-17T13:34:09.5261603Z #51 13.30 Collecting aiohappyeyeballs>=2.5.0 (from aiohttp->keepa==1.3.14->-r requirements.txt (line 1))
2025-08-17T13:34:09.5262612Z #51 13.31   Downloading aiohappyeyeballs-2.6.1-py3-none-any.whl.metadata (5.9 kB)
2025-08-17T13:34:09.5263563Z #51 13.33 Collecting aiosignal>=1.4.0 (from aiohttp->keepa==1.3.14->-r requirements.txt (line 1))
2025-08-17T13:34:09.5264438Z #51 13.35   Downloading aiosignal-1.4.0-py3-none-any.whl.metadata (3.7 kB)
2025-08-17T13:34:09.5265299Z #51 13.50 Collecting attrs>=17.3.0 (from aiohttp->keepa==1.3.14->-r requirements.txt (line 1))
2025-08-17T13:34:09.5266114Z #51 13.66   Downloading attrs-25.3.0-py3-none-any.whl.metadata (10 kB)
2025-08-17T13:34:09.5266958Z #51 14.47 Collecting frozenlist>=1.1.1 (from aiohttp->keepa==1.3.14->-r requirements.txt (line 1))
2025-08-17T13:34:09.5268231Z #51 14.50   Downloading frozenlist-1.7.0-cp312-cp312-manylinux_2_5_x86_64.manylinux1_x86_64.manylinux_2_17_x86_64.manylinux2014_x86_64.whl.metadata (18 kB)
2025-08-17T13:34:09.5269519Z #51 15.05 Collecting multidict<7.0,>=4.5 (from aiohttp->keepa==1.3.14->-r requirements.txt (line 1))
2025-08-17T13:34:09.5270680Z #51 15.07   Downloading multidict-6.6.4-cp312-cp312-manylinux2014_x86_64.manylinux_2_17_x86_64.manylinux_2_28_x86_64.whl.metadata (5.3 kB)
2025-08-17T13:34:09.5272068Z #51 15.20 Collecting propcache>=0.2.0 (from aiohttp->keepa==1.3.14->-r requirements.txt (line 1))
2025-08-17T13:34:09.5273149Z #51 15.20   Downloading propcache-0.3.2-cp312-cp312-manylinux_2_17_x86_64.manylinux2014_x86_64.whl.metadata (12 kB)
2025-08-17T13:34:09.5274227Z #51 15.88 Collecting yarl<2.0,>=1.17.0 (from aiohttp->keepa==1.3.14->-r requirements.txt (line 1))
2025-08-17T13:34:09.5275224Z #51 15.89   Downloading yarl-1.20.1-cp312-cp312-manylinux_2_17_x86_64.manylinux2014_x86_64.whl.metadata (73 kB)
2025-08-17T13:34:09.5276093Z #51 16.59 Downloading keepa-1.3.14-py3-none-any.whl (33 kB)
2025-08-17T13:34:09.5276696Z #51 16.64 Downloading minio-7.1.15-py3-none-any.whl (77 kB)
2025-08-17T13:34:09.5277337Z #51 16.66 Downloading python_amazon_sp_api-0.8.0-py3-none-any.whl (93 kB)
2025-08-17T13:34:09.5278036Z #51 16.67 Downloading pydantic_settings-2.2.1-py3-none-any.whl (13 kB)
2025-08-17T13:34:09.5278731Z #51 16.69 Downloading boto3-1.40.11-py3-none-any.whl (140 kB)
2025-08-17T13:34:09.5279435Z #51 16.70 Downloading cachetools-4.2.4-py3-none-any.whl (10 kB)
2025-08-17T13:34:09.5280089Z #51 16.71 Downloading confuse-1.4.0-py2.py3-none-any.whl (21 kB)
2025-08-17T13:34:09.5280958Z #51 16.72 Downloading numpy-2.3.2-cp312-cp312-manylinux_2_27_x86_64.manylinux_2_28_x86_64.whl (16.6 MB)
2025-08-17T13:34:09.5283095Z #51 16.96    ━━━━━━━━━━━━━━━━━━━━━━━━━━━━━━━━━━━━━━━━ 16.6/16.6 MB 71.1 MB/s eta 0:00:00
2025-08-17T13:34:09.5283966Z #51 16.97 Downloading pandas-2.3.1-cp312-cp312-manylinux_2_17_x86_64.manylinux2014_x86_64.whl (12.0 MB)
2025-08-17T13:34:09.5285017Z #51 17.12    ━━━━━━━━━━━━━━━━━━━━━━━━━━━━━━━━━━━━━━━━ 12.0/12.0 MB 83.2 MB/s eta 0:00:00
2025-08-17T13:34:09.5285651Z #51 17.12 Downloading pydantic-2.11.7-py3-none-any.whl (444 kB)
2025-08-17T13:34:09.5286508Z #51 17.14 Downloading pydantic_core-2.33.2-cp312-cp312-manylinux_2_17_x86_64.manylinux2014_x86_64.whl (2.0 MB)
2025-08-17T13:34:09.5287471Z #51 17.17    ━━━━━━━━━━━━━━━━━━━━━━━━━━━━━━━━━━━━━━━━ 2.0/2.0 MB 58.4 MB/s eta 0:00:00
2025-08-17T13:34:09.5288136Z #51 17.18 Downloading python_dotenv-1.1.1-py3-none-any.whl (20 kB)
2025-08-17T13:34:09.5288828Z #51 17.19 Downloading pytz-2025.2-py2.py3-none-any.whl (509 kB)
2025-08-17T13:34:09.5289677Z #51 17.22 Downloading requests-2.32.4-py3-none-any.whl (64 kB)
2025-08-17T13:34:09.5290351Z #51 17.23 Downloading certifi-2025.8.3-py3-none-any.whl (161 kB)
2025-08-17T13:34:09.5290973Z #51 17.26 Downloading six-1.17.0-py2.py3-none-any.whl (11 kB)
2025-08-17T13:34:09.5291789Z #51 17.28 Downloading urllib3-2.5.0-py3-none-any.whl (129 kB)
2025-08-17T13:34:09.5292651Z #51 17.30 Downloading aiohttp-3.12.15-cp312-cp312-manylinux_2_17_x86_64.manylinux2014_x86_64.whl (1.7 MB)
2025-08-17T13:34:09.5293936Z #51 17.35    ━━━━━━━━━━━━━━━━━━━━━━━━━━━━━━━━━━━━━━━━ 1.7/1.7 MB 36.0 MB/s eta 0:00:00
2025-08-17T13:34:09.5294825Z #51 17.36 Downloading pycryptodome-3.23.0-cp37-abi3-manylinux_2_17_x86_64.manylinux2014_x86_64.whl (2.3 MB)
2025-08-17T13:34:09.5295900Z #51 17.45    ━━━━━━━━━━━━━━━━━━━━━━━━━━━━━━━━━━━━━━━━ 2.3/2.3 MB 42.7 MB/s eta 0:00:00
2025-08-17T13:34:09.5296492Z #51 17.46 Downloading tqdm-4.67.1-py3-none-any.whl (78 kB)
2025-08-17T13:34:09.5297184Z #51 17.47 Downloading aiohappyeyeballs-2.6.1-py3-none-any.whl (15 kB)
2025-08-17T13:34:09.5297890Z #51 17.50 Downloading aiosignal-1.4.0-py3-none-any.whl (7.5 kB)
2025-08-17T13:34:09.5298568Z #51 17.51 Downloading annotated_types-0.7.0-py3-none-any.whl (13 kB)
2025-08-17T13:34:09.5299206Z #51 17.54 Downloading attrs-25.3.0-py3-none-any.whl (63 kB)
2025-08-17T13:34:09.5299816Z #51 17.56 Downloading botocore-1.40.11-py3-none-any.whl (14.0 MB)
2025-08-17T13:34:09.5300676Z #51 17.76    ━━━━━━━━━━━━━━━━━━━━━━━━━━━━━━━━━━━━━━━━ 14.0/14.0 MB 71.5 MB/s eta 0:00:00
2025-08-17T13:34:09.5302446Z #51 17.77 Downloading charset_normalizer-3.4.3-cp312-cp312-manylinux2014_x86_64.manylinux_2_17_x86_64.manylinux_2_28_x86_64.whl (151 kB)
2025-08-17T13:34:09.5303949Z #51 17.80 Downloading frozenlist-1.7.0-cp312-cp312-manylinux_2_5_x86_64.manylinux1_x86_64.manylinux_2_17_x86_64.manylinux2014_x86_64.whl (241 kB)
2025-08-17T13:34:09.5305011Z #51 17.82 Downloading idna-3.10-py3-none-any.whl (70 kB)
2025-08-17T13:34:09.5305659Z #51 17.84 Downloading jmespath-1.0.1-py3-none-any.whl (20 kB)
2025-08-17T13:34:09.5306640Z #51 17.87 Downloading multidict-6.6.4-cp312-cp312-manylinux2014_x86_64.manylinux_2_17_x86_64.manylinux_2_28_x86_64.whl (256 kB)
2025-08-17T13:34:09.5307885Z #51 17.88 Downloading propcache-0.3.2-cp312-cp312-manylinux_2_17_x86_64.manylinux2014_x86_64.whl (224 kB)
2025-08-17T13:34:09.5308876Z #51 17.89 Downloading python_dateutil-2.9.0.post0-py2.py3-none-any.whl (229 kB)
2025-08-17T13:34:09.5309673Z #51 17.91 Downloading s3transfer-0.13.1-py3-none-any.whl (85 kB)
2025-08-17T13:34:09.5310376Z #51 17.92 Downloading typing_extensions-4.14.1-py3-none-any.whl (43 kB)
2025-08-17T13:34:09.5311143Z #51 17.94 Downloading typing_inspection-0.4.1-py3-none-any.whl (14 kB)
2025-08-17T13:34:09.5312037Z #51 17.96 Downloading tzdata-2025.2-py2.py3-none-any.whl (347 kB)
2025-08-17T13:34:09.5312869Z #51 17.99 Downloading yarl-1.20.1-cp312-cp312-manylinux_2_17_x86_64.manylinux2014_x86_64.whl (355 kB)
2025-08-17T13:34:09.5314134Z #51 18.01 Downloading PyYAML-6.0.2-cp312-cp312-manylinux_2_17_x86_64.manylinux2014_x86_64.whl (767 kB)
2025-08-17T13:34:09.5315237Z #51 18.03    ━━━━━━━━━━━━━━━━━━━━━━━━━━━━━━━━━━━━━━━━ 767.5/767.5 kB 46.2 MB/s eta 0:00:00
2025-08-17T13:34:09.5318210Z #51 18.49 Installing collected packages: pytz, urllib3, tzdata, typing-extensions, tqdm, six, pyyaml, python-dotenv, pycryptodome, propcache, numpy, multidict, jmespath, idna, frozenlist, charset_normalizer, certifi, cachetools, attrs, annotated-types, aiohappyeyeballs, yarl, typing-inspection, requests, python-dateutil, pydantic-core, minio, confuse, aiosignal, pydantic, pandas, botocore, aiohttp, s3transfer, pydantic-settings, keepa, boto3, python-amazon-sp-api
2025-08-17T13:34:09.6437621Z #51 ...
2025-08-17T13:34:09.6497402Z 
2025-08-17T13:34:09.6501300Z #50 [fees_h10 base 4/6] RUN if [ -n "" ] && [ -f "fees_h10/" ]; then         pip install -r fees_h10/requirements.txt -c fees_h10/;     else         pip install -r fees_h10/requirements.txt;     fi
2025-08-17T13:34:09.6533995Z #50 19.16 Successfully installed PyJWT-2.10.1 amqp-5.3.1 anyio-4.10.0 asyncpg-0.30.0 billiard-4.2.1 celery-5.4.0 certifi-2025.8.3 click-8.2.1 click-didyoumean-0.3.1 click-plugins-1.1.1.2 click-repl-0.3.0 greenlet-3.2.4 h11-0.16.0 httpcore-1.0.9 httpx-0.28.1 idna-3.10 kombu-5.5.4 packaging-25.0 prompt-toolkit-3.0.51 python-dateutil-2.9.0.post0 redis-5.3.1 six-1.17.0 sniffio-1.3.1 sqlalchemy-2.0.43 typing-extensions-4.14.1 tzdata-2025.2 vine-5.1.0 wcwidth-0.2.13
2025-08-17T13:34:09.6538595Z #50 19.17 WARNING: Running pip as the 'root' user can result in broken permissions and conflicting behaviour with the system package manager, possibly rendering your system unusable. It is recommended to use a virtual environment instead: https://pip.pypa.io/warnings/venv. Use the --root-user-action option if you know what you are doing and want to suppress this warning.
2025-08-17T13:34:09.6541017Z #50 19.46 
2025-08-17T13:34:09.6541758Z #50 19.46 [notice] A new release of pip is available: 25.0.1 -> 25.2
2025-08-17T13:34:09.6542601Z #50 19.46 [notice] To update, run: pip install --upgrade pip
2025-08-17T13:34:09.6543246Z #50 DONE 19.7s
2025-08-17T13:34:09.6543596Z 
2025-08-17T13:34:09.6543989Z #55 [logistics_etl stage-1 4/4] COPY --from=base /app /app
2025-08-17T13:34:09.6544645Z #55 DONE 0.1s
2025-08-17T13:34:09.6544964Z 
2025-08-17T13:34:09.6545215Z #56 [fees_h10 base 5/6] COPY . ./fees_h10
2025-08-17T13:34:09.6545787Z #56 DONE 0.1s
2025-08-17T13:34:09.6546130Z 
2025-08-17T13:34:09.6546393Z #57 [logistics_etl] exporting to image
2025-08-17T13:34:09.6546938Z #57 exporting layers
2025-08-17T13:34:09.7970119Z #57 ...
2025-08-17T13:34:09.7974482Z 
2025-08-17T13:34:09.7974733Z #58 [fees_h10 base 6/6] COPY start.sh ./start.sh
2025-08-17T13:34:09.7975221Z #58 DONE 0.2s
2025-08-17T13:34:09.9480458Z 
2025-08-17T13:34:09.9484902Z #59 [postgres 2/6] RUN set -eux;     if [ -f /etc/apt/sources.list ]; then         sed -i 's|http://deb.debian.org|https://deb.debian.org|g' /etc/apt/sources.list;     fi;     apt-get update;     apt-get install -y locales;     locale-gen en_US.UTF-8;     rm -rf /var/lib/apt/lists/*
2025-08-17T13:34:09.9491791Z #59 0.444 + [ -f /etc/apt/sources.list ]
2025-08-17T13:34:09.9492810Z #59 0.444 + apt-get update
2025-08-17T13:34:09.9494546Z #59 0.659 Get:1 http://deb.debian.org/debian trixie InRelease [138 kB]
2025-08-17T13:34:09.9498900Z #59 0.659 Get:2 http://apt.postgresql.org/pub/repos/apt trixie-pgdg InRelease [107 kB]
2025-08-17T13:34:09.9499792Z #59 0.690 Get:3 http://deb.debian.org/debian trixie-updates InRelease [47.1 kB]
2025-08-17T13:34:09.9500667Z #59 0.690 Get:4 http://deb.debian.org/debian-security trixie-security InRelease [43.4 kB]
2025-08-17T13:34:09.9501672Z #59 0.768 Get:5 http://deb.debian.org/debian trixie/main amd64 Packages [9,668 kB]
2025-08-17T13:34:09.9502593Z #59 0.939 Get:6 http://apt.postgresql.org/pub/repos/apt trixie-pgdg/16 amd64 Packages [2,574 B]
2025-08-17T13:34:09.9503527Z #59 0.981 Get:7 http://deb.debian.org/debian trixie-updates/main amd64 Packages [2,432 B]
2025-08-17T13:34:09.9504785Z #59 0.981 Get:8 http://deb.debian.org/debian-security trixie-security/main amd64 Packages [8,780 B]
2025-08-17T13:34:09.9505827Z #59 0.994 Get:9 http://apt.postgresql.org/pub/repos/apt trixie-pgdg/main amd64 Packages [334 kB]
2025-08-17T13:34:09.9506545Z #59 2.779 Fetched 10.3 MB in 2s (4,617 kB/s)
2025-08-17T13:34:09.9506983Z #59 2.779 Reading package lists...
2025-08-17T13:34:09.9507388Z #59 3.839 + apt-get install -y locales
2025-08-17T13:34:10.1383585Z #59 3.857 Reading package lists...
2025-08-17T13:34:10.4368297Z #59 5.021 Building dependency tree...
2025-08-17T13:34:10.4370885Z #59 5.305 Reading state information...
2025-08-17T13:34:10.5876336Z #59 ...
2025-08-17T13:34:10.5878471Z 
2025-08-17T13:34:10.5878792Z #47 [web build 4/6] RUN npm ci
2025-08-17T13:34:10.5882232Z #47 12.00 npm warn deprecated node-domexception@1.0.0: Use your platform's native DOMException instead
2025-08-17T13:34:10.7856751Z #47 ...
2025-08-17T13:34:10.7859502Z 
2025-08-17T13:34:10.7864847Z #59 [postgres 2/6] RUN set -eux;     if [ -f /etc/apt/sources.list ]; then         sed -i 's|http://deb.debian.org|https://deb.debian.org|g' /etc/apt/sources.list;     fi;     apt-get update;     apt-get install -y locales;     locale-gen en_US.UTF-8;     rm -rf /var/lib/apt/lists/*
2025-08-17T13:34:10.7902110Z #59 5.654 locales is already the newest version (2.41-12).
2025-08-17T13:34:10.7902811Z #59 5.654 0 upgraded, 0 newly installed, 0 to remove and 0 not upgraded.
2025-08-17T13:34:10.9733234Z #59 5.663 Generating locales (this might take a while)...
2025-08-17T13:34:10.9734084Z #59 5.663 + locale-gen en_US.UTF-8
2025-08-17T13:34:13.0987328Z #59 5.690   en_US.UTF-8...
2025-08-17T13:34:13.0997803Z #59 ...
2025-08-17T13:34:13.0999218Z 
2025-08-17T13:34:13.1000546Z #57 [logistics_etl] exporting to image
2025-08-17T13:34:13.1001005Z #57 exporting layers 3.3s done
2025-08-17T13:34:13.1006821Z #57 writing image sha256:310d9696b0fd6c9e26babd4d07cb65a210524d5dc0ece110e2a09d7476458d06 done
2025-08-17T13:34:13.1007689Z #57 naming to docker.io/library/awa-app-logistics_etl done
2025-08-17T13:34:13.1008215Z #57 DONE 3.3s
2025-08-17T13:34:13.1008400Z 
2025-08-17T13:34:13.1008648Z #60 [logistics_etl] resolving provenance for metadata file
2025-08-17T13:34:13.1009147Z #60 DONE 0.0s
2025-08-17T13:34:13.2471307Z 
2025-08-17T13:34:13.2474444Z #59 [postgres 2/6] RUN set -eux;     if [ -f /etc/apt/sources.list ]; then         sed -i 's|http://deb.debian.org|https://deb.debian.org|g' /etc/apt/sources.list;     fi;     apt-get update;     apt-get install -y locales;     locale-gen en_US.UTF-8;     rm -rf /var/lib/apt/lists/*
2025-08-17T13:34:13.2476380Z #59 5.690   en_US.UTF-8... done
2025-08-17T13:34:13.2477022Z #59 8.052 Generation complete.
2025-08-17T13:34:13.2482467Z #59 8.053 + rm -rf /var/lib/apt/lists/apt.postgresql.org_pub_repos_apt_dists_trixie-pgdg_16_binary-amd64_Packages.lz4 /var/lib/apt/lists/apt.postgresql.org_pub_repos_apt_dists_trixie-pgdg_InRelease /var/lib/apt/lists/apt.postgresql.org_pub_repos_apt_dists_trixie-pgdg_main_binary-amd64_Packages.lz4 /var/lib/apt/lists/auxfiles /var/lib/apt/lists/deb.debian.org_debian-security_dists_trixie-security_InRelease /var/lib/apt/lists/deb.debian.org_debian-security_dists_trixie-security_main_binary-amd64_Packages.lz4 /var/lib/apt/lists/deb.debian.org_debian_dists_trixie-updates_InRelease /var/lib/apt/lists/deb.debian.org_debian_dists_trixie-updates_main_binary-amd64_Packages.lz4 /var/lib/apt/lists/deb.debian.org_debian_dists_trixie_InRelease /var/lib/apt/lists/deb.debian.org_debian_dists_trixie_main_binary-amd64_Packages.lz4 /var/lib/apt/lists/lock /var/lib/apt/lists/partial
2025-08-17T13:34:13.2512036Z #59 DONE 8.1s
2025-08-17T13:34:13.2512528Z 
2025-08-17T13:34:13.2513027Z #47 [web build 4/6] RUN npm ci
2025-08-17T13:34:13.2513650Z #47 24.71 
2025-08-17T13:34:13.2514352Z #47 24.71 added 432 packages, and audited 433 packages in 24s
2025-08-17T13:34:13.2515205Z #47 24.71 
2025-08-17T13:34:13.2515815Z #47 24.71 112 packages are looking for funding
2025-08-17T13:34:13.2516585Z #47 24.71   run `npm fund` for details
2025-08-17T13:34:13.2517308Z #47 24.72 
2025-08-17T13:34:13.2517672Z #47 24.72 2 vulnerabilities (1 low, 1 critical)
2025-08-17T13:34:13.2518097Z #47 24.72 
2025-08-17T13:34:13.2518390Z #47 24.72 To address all issues, run:
2025-08-17T13:34:13.2518788Z #47 24.72   npm audit fix
2025-08-17T13:34:13.2519102Z #47 24.72 
2025-08-17T13:34:13.2519412Z #47 24.72 Run `npm audit` for details.
2025-08-17T13:34:13.2519808Z #47 24.72 npm notice
2025-08-17T13:34:13.2520285Z #47 24.72 npm notice New major version of npm available! 10.8.2 -> 11.5.2
2025-08-17T13:34:13.2521266Z #47 24.72 npm notice Changelog: https://github.com/npm/cli/releases/tag/v11.5.2
2025-08-17T13:34:13.2522156Z #47 24.72 npm notice To update run: npm install -g npm@11.5.2
2025-08-17T13:34:13.2522655Z #47 24.72 npm notice
2025-08-17T13:34:13.3790346Z #47 ...
2025-08-17T13:34:13.3803671Z 
2025-08-17T13:34:13.3804113Z #61 [postgres 3/6] COPY docker/postgres/pg_hba.conf /etc/postgresql/pg_hba.conf
2025-08-17T13:34:13.3804772Z #61 DONE 0.1s
2025-08-17T13:34:13.3804956Z 
2025-08-17T13:34:13.3805478Z #62 [postgres 4/6] COPY docker/postgres/init-pg_hba.sh /docker-entrypoint-initdb.d/10_init_pg_hba.sh
2025-08-17T13:34:13.3806251Z #62 DONE 0.1s
2025-08-17T13:34:13.5145918Z 
2025-08-17T13:34:13.5168440Z #47 [web build 4/6] RUN npm ci
2025-08-17T13:34:13.5173721Z #47 DONE 25.0s
2025-08-17T13:34:13.5173939Z 
2025-08-17T13:34:13.5174357Z #63 [postgres 5/6] COPY docker/postgres/postgresql.conf /etc/postgresql/postgresql.conf
2025-08-17T13:34:13.5175075Z #63 DONE 0.1s
2025-08-17T13:34:13.5175255Z 
2025-08-17T13:34:13.5175394Z #64 [web build 5/6] COPY . .
2025-08-17T13:34:13.5175769Z #64 DONE 0.1s
2025-08-17T13:34:13.5175944Z 
2025-08-17T13:34:13.5176498Z #65 [postgres 6/6] RUN chmod 0644 /etc/postgresql/pg_hba.conf &&     chmod +x /docker-entrypoint-initdb.d/10_init_pg_hba.sh
2025-08-17T13:34:13.8477661Z #65 DONE 0.4s
2025-08-17T13:34:13.8478291Z 
2025-08-17T13:34:13.8479919Z #66 [web build 6/6] RUN npm run build
2025-08-17T13:34:14.3055702Z #66 0.783 
2025-08-17T13:34:14.3060134Z #66 0.783 > web@0.0.0 build
2025-08-17T13:34:14.3063244Z #66 0.783 > tsc -b && vite build
2025-08-17T13:34:14.3065757Z #66 0.783 
2025-08-17T13:34:17.2533333Z #66 ...
2025-08-17T13:34:17.2533957Z 
2025-08-17T13:34:17.2535038Z #67 [postgres] exporting to image
2025-08-17T13:34:17.2535672Z #67 exporting layers 3.2s done
2025-08-17T13:34:17.2538717Z #67 writing image sha256:ec92be45a84a5138e122d0950582b62a9491a898bc6a93afd50912c53bfb04f3 done
2025-08-17T13:34:17.2539583Z #67 naming to docker.io/library/awa-app-postgres done
2025-08-17T13:34:17.2540056Z #67 DONE 3.2s
2025-08-17T13:34:17.2540232Z 
2025-08-17T13:34:17.2540439Z #68 [postgres] resolving provenance for metadata file
2025-08-17T13:34:17.2540907Z #68 DONE 0.0s
2025-08-17T13:34:17.3999040Z 
2025-08-17T13:34:17.3999631Z #69 [fees_h10 stage-1 3/5] COPY --from=base /usr/local /usr/local
2025-08-17T13:34:17.7211773Z #69 DONE 4.6s
2025-08-17T13:34:17.7213062Z 
2025-08-17T13:34:17.7213713Z #52 [repricer base 4/5] RUN if [ -n "" ] && [ -f "" ]; then         pip install -r requirements.txt -c "";     else         pip install -r requirements.txt;     fi
2025-08-17T13:34:17.9004856Z #52 ...
2025-08-17T13:34:17.9005257Z 
2025-08-17T13:34:17.9005524Z #70 [fees_h10 stage-1 4/5] COPY --from=base /app /app
2025-08-17T13:34:17.9006089Z #70 DONE 0.0s
2025-08-17T13:34:17.9006256Z 
2025-08-17T13:34:17.9006444Z #71 [fees_h10 stage-1 5/5] RUN chmod +x ./start.sh
2025-08-17T13:34:18.1358028Z #71 DONE 0.4s
2025-08-17T13:34:18.1363020Z 
2025-08-17T13:34:18.1367065Z #49 [api base  4/12] RUN pip install --no-cache-dir -r requirements.txt
2025-08-17T13:34:18.2865721Z #49 ...
2025-08-17T13:34:18.2869467Z 
2025-08-17T13:34:18.2871001Z #72 [fees_h10] exporting to image
2025-08-17T13:34:19.6419373Z #72 ...
2025-08-17T13:34:19.6420110Z 
2025-08-17T13:34:19.6422332Z #49 [api base  4/12] RUN pip install --no-cache-dir -r requirements.txt
2025-08-17T13:34:19.6434261Z #49 29.11 Successfully installed Jinja2-3.1.5 Mako-1.3.10 MarkupSafe-3.0.2 alembic-1.13.1 annotated-types-0.7.0 anyio-4.10.0 asyncpg-0.29.0 boto3-1.34.162 botocore-1.34.162 certifi-2025.8.3 click-8.2.1 dnspython-2.7.0 email_validator-2.2.0 fastapi-0.111.0 fastapi-cli-0.0.8 greenlet-3.2.4 h11-0.16.0 httpcore-1.0.9 httptools-0.6.4 httpx-0.27.2 idna-3.10 jmespath-1.0.1 markdown-it-py-4.0.0 mdurl-0.1.2 orjson-3.11.2 psycopg-3.2.9 psycopg-binary-3.2.9 pydantic-2.11.7 pydantic-core-2.33.2 pydantic-settings-2.2.1 pygments-2.19.2 python-dateutil-2.9.0.post0 python-dotenv-1.1.1 python-multipart-0.0.20 pyyaml-6.0.2 rich-14.1.0 rich-toolkit-0.15.0 s3transfer-0.10.4 shellingham-1.5.4 six-1.17.0 sniffio-1.3.1 sqlalchemy-2.0.29 starlette-0.37.2 typer-0.16.0 typing-extensions-4.14.1 typing-inspection-0.4.1 ujson-5.10.0 urllib3-2.5.0 uvicorn-0.29.0 uvloop-0.21.0 watchfiles-1.1.0 websockets-15.0.1
2025-08-17T13:34:19.6440917Z #49 29.12 WARNING: Running pip as the 'root' user can result in broken permissions and conflicting behaviour with the system package manager, possibly rendering your system unusable. It is recommended to use a virtual environment instead: https://pip.pypa.io/warnings/venv. Use the --root-user-action option if you know what you are doing and want to suppress this warning.
2025-08-17T13:34:19.6484454Z #49 29.27 
2025-08-17T13:34:19.6484904Z #49 29.27 [notice] A new release of pip is available: 25.0.1 -> 25.2
2025-08-17T13:34:19.6485515Z #49 29.27 [notice] To update, run: pip install --upgrade pip
2025-08-17T13:34:19.6486005Z #49 DONE 29.8s
2025-08-17T13:34:19.8385404Z 
2025-08-17T13:34:19.8397786Z #73 [api base  5/12] COPY services/api/ ./services/api
2025-08-17T13:34:19.8441901Z #73 DONE 0.1s
2025-08-17T13:34:19.8442101Z 
2025-08-17T13:34:19.8442332Z #74 [api base  6/12] COPY services/common/ ./services/common
2025-08-17T13:34:19.8442813Z #74 DONE 0.1s
2025-08-17T13:34:19.8442980Z 
2025-08-17T13:34:19.8443556Z #52 [repricer base 4/5] RUN if [ -n "" ] && [ -f "" ]; then         pip install -r requirements.txt -c "";     else         pip install -r requirements.txt;     fi
2025-08-17T13:34:19.9401620Z #52 ...
2025-08-17T13:34:19.9401902Z 
2025-08-17T13:34:19.9402203Z #75 [api base  7/12] COPY services/ingest/ ./services/ingest
2025-08-17T13:34:19.9402722Z #75 DONE 0.0s
2025-08-17T13:34:19.9402913Z 
2025-08-17T13:34:19.9403103Z #76 [api base  8/12] COPY services/etl/ ./services/etl
2025-08-17T13:34:19.9403561Z #76 DONE 0.0s
2025-08-17T13:34:19.9403742Z 
2025-08-17T13:34:19.9404328Z #52 [repricer base 4/5] RUN if [ -n "" ] && [ -f "" ]; then         pip install -r requirements.txt -c "";     else         pip install -r requirements.txt;     fi
2025-08-17T13:34:19.9409557Z #52 30.05 Successfully installed MarkupSafe-3.0.2 annotated-types-0.7.0 anyio-4.10.0 boto3-1.40.11 botocore-1.40.11 cachetools-4.2.4 certifi-2025.8.3 charset_normalizer-3.4.3 click-8.2.1 confuse-1.4.0 dnspython-2.7.0 email_validator-2.2.0 fastapi-0.111.0 fastapi-cli-0.0.8 greenlet-3.2.4 h11-0.16.0 httpcore-1.0.9 httptools-0.6.4 httpx-0.28.1 idna-3.10 jinja2-3.1.6 jmespath-1.0.1 markdown-it-py-4.0.0 mdurl-0.1.2 orjson-3.11.2 pycryptodome-3.23.0 pydantic-2.11.7 pydantic-core-2.33.2 pydantic-settings-2.2.1 pygments-2.19.2 python-amazon-sp-api-0.8.0 python-dateutil-2.9.0.post0 python-dotenv-1.1.1 python-multipart-0.0.20 pytz-2025.2 pyyaml-6.0.2 requests-2.32.4 rich-14.1.0 rich-toolkit-0.15.0 s3transfer-0.13.1 shellingham-1.5.4 six-1.17.0 sniffio-1.3.1 sqlalchemy-2.0.29 starlette-0.37.2 typer-0.16.0 typing-extensions-4.14.1 typing-inspection-0.4.1 ujson-5.10.0 urllib3-2.5.0 uvicorn-0.29.0 uvloop-0.21.0 watchfiles-1.1.0 websockets-15.0.1
2025-08-17T13:34:19.9416372Z #52 30.05 WARNING: Running pip as the 'root' user can result in broken permissions and conflicting behaviour with the system package manager, possibly rendering your system unusable. It is recommended to use a virtual environment instead: https://pip.pypa.io/warnings/venv. Use the --root-user-action option if you know what you are doing and want to suppress this warning.
2025-08-17T13:34:20.0476885Z #52 ...
2025-08-17T13:34:20.0477124Z 
2025-08-17T13:34:20.0477409Z #77 [api base  9/12] COPY services/api/alembic.ini ./alembic.ini
2025-08-17T13:34:20.0478252Z #77 DONE 0.0s
2025-08-17T13:34:20.0478458Z 
2025-08-17T13:34:20.0478636Z #78 [api base 10/12] COPY alembic/ ./alembic/
2025-08-17T13:34:20.0479069Z #78 DONE 0.0s
2025-08-17T13:34:20.0479239Z 
2025-08-17T13:34:20.0479512Z #79 [api base 11/12] COPY services/api/entrypoint.sh ./entrypoint.sh
2025-08-17T13:34:20.0480037Z #79 DONE 0.0s
2025-08-17T13:34:20.0480222Z 
2025-08-17T13:34:20.0480805Z #52 [repricer base 4/5] RUN if [ -n "" ] && [ -f "" ]; then         pip install -r requirements.txt -c "";     else         pip install -r requirements.txt;     fi
2025-08-17T13:34:20.0482092Z #52 30.17 
2025-08-17T13:34:20.0482531Z #52 30.17 [notice] A new release of pip is available: 25.0.1 -> 25.2
2025-08-17T13:34:20.0483153Z #52 30.17 [notice] To update, run: pip install --upgrade pip
2025-08-17T13:34:20.4772863Z #52 ...
2025-08-17T13:34:20.4773713Z 
2025-08-17T13:34:20.4774042Z #80 [api base 12/12] RUN chmod +x ./entrypoint.sh
2025-08-17T13:34:20.4775835Z #80 DONE 0.4s
2025-08-17T13:34:20.5850511Z 
2025-08-17T13:34:20.5854121Z #52 [repricer base 4/5] RUN if [ -n "" ] && [ -f "" ]; then         pip install -r requirements.txt -c "";     else         pip install -r requirements.txt;     fi
2025-08-17T13:34:20.5854990Z #52 DONE 30.7s
2025-08-17T13:34:20.5855162Z 
2025-08-17T13:34:20.5855332Z #81 [repricer base 5/5] COPY services/repricer/ .
2025-08-17T13:34:20.5855727Z #81 DONE 0.0s
2025-08-17T13:34:20.5855873Z 
2025-08-17T13:34:20.5856013Z #72 [fees_h10] exporting to image
2025-08-17T13:34:21.0193085Z #72 exporting layers 2.9s done
2025-08-17T13:34:21.0193870Z #72 writing image sha256:4627f9cbabb6143e8b3ed0772f076fab5164ee062d62f39457965a4eae8d3b14
2025-08-17T13:34:21.2395470Z #72 writing image sha256:4627f9cbabb6143e8b3ed0772f076fab5164ee062d62f39457965a4eae8d3b14 done
2025-08-17T13:34:21.2397106Z #72 naming to docker.io/library/awa-app-fees_h10 done
2025-08-17T13:34:21.2397638Z #72 DONE 2.9s
2025-08-17T13:34:21.2398782Z 
2025-08-17T13:34:21.2399208Z #82 [fees_h10] resolving provenance for metadata file
2025-08-17T13:34:21.2399674Z #82 DONE 0.0s
2025-08-17T13:34:21.2399841Z 
2025-08-17T13:34:21.2399972Z #66 [web build 6/6] RUN npm run build
2025-08-17T13:34:22.3964044Z #66 ...
2025-08-17T13:34:22.3966369Z 
2025-08-17T13:34:22.3966684Z #83 [api stage-1 4/6] COPY --from=base /usr/local /usr/local
2025-08-17T13:34:25.7428777Z #83 DONE 3.3s
2025-08-17T13:34:25.7429402Z 
2025-08-17T13:34:25.7430805Z #66 [web build 6/6] RUN npm run build
2025-08-17T13:34:25.7433488Z #66 9.564 vite v7.0.4 building for production...
2025-08-17T13:34:25.7434257Z #66 9.678 transforming...
2025-08-17T13:34:25.8472869Z #66 ...
2025-08-17T13:34:25.8476205Z 
2025-08-17T13:34:25.8484837Z #84 [api stage-1 5/6] COPY --from=base /app /app
2025-08-17T13:34:25.8486207Z #84 DONE 0.1s
2025-08-17T13:34:25.8486535Z 
2025-08-17T13:34:25.8486967Z #85 [repricer stage-1 3/5] COPY --from=base /usr/local /usr/local
2025-08-17T13:34:25.8488925Z #85 DONE 3.1s
2025-08-17T13:34:25.8489518Z 
2025-08-17T13:34:25.8490116Z #86 [repricer stage-1 4/5] COPY --from=base /app /app
2025-08-17T13:34:25.8490929Z #86 DONE 0.0s
2025-08-17T13:34:25.9987747Z 
2025-08-17T13:34:26.0002690Z #87 [repricer stage-1 5/5] RUN set -eux;     if [ -f /etc/apt/sources.list ]; then         sed -i 's|http://deb.debian.org|https://deb.debian.org|g' /etc/apt/sources.list;     fi;     apt-get update;     apt-get install -y --no-install-recommends tzdata curl;     rm -rf /var/lib/apt/lists/*
2025-08-17T13:34:26.0834163Z #87 ...
2025-08-17T13:34:26.0834844Z 
2025-08-17T13:34:26.0835419Z #88 [api stage-1 6/6] RUN chmod +x /app/entrypoint.sh
2025-08-17T13:34:26.0836173Z #88 DONE 0.3s
2025-08-17T13:34:26.2444080Z 
2025-08-17T13:34:26.2445106Z #51 [etl base 4/5] RUN if [ -n "" ] && [ -f "" ]; then         pip install -r requirements.txt -c "";     else         pip install -r requirements.txt;     fi
2025-08-17T13:34:26.2449573Z #51 36.27 Successfully installed aiohappyeyeballs-2.6.1 aiohttp-3.12.15 aiosignal-1.4.0 annotated-types-0.7.0 attrs-25.3.0 boto3-1.40.11 botocore-1.40.11 cachetools-4.2.4 certifi-2025.8.3 charset_normalizer-3.4.3 confuse-1.4.0 frozenlist-1.7.0 idna-3.10 jmespath-1.0.1 keepa-1.3.14 minio-7.1.15 multidict-6.6.4 numpy-2.3.2 pandas-2.3.1 propcache-0.3.2 pycryptodome-3.23.0 pydantic-2.11.7 pydantic-core-2.33.2 pydantic-settings-2.2.1 python-amazon-sp-api-0.8.0 python-dateutil-2.9.0.post0 python-dotenv-1.1.1 pytz-2025.2 pyyaml-6.0.2 requests-2.32.4 s3transfer-0.13.1 six-1.17.0 tqdm-4.67.1 typing-extensions-4.14.1 typing-inspection-0.4.1 tzdata-2025.2 urllib3-2.5.0 yarl-1.20.1
2025-08-17T13:34:26.2455476Z #51 36.28 WARNING: Running pip as the 'root' user can result in broken permissions and conflicting behaviour with the system package manager, possibly rendering your system unusable. It is recommended to use a virtual environment instead: https://pip.pypa.io/warnings/venv. Use the --root-user-action option if you know what you are doing and want to suppress this warning.
2025-08-17T13:34:26.2457883Z #51 36.41 
2025-08-17T13:34:26.2458518Z #51 36.41 [notice] A new release of pip is available: 25.0.1 -> 25.2
2025-08-17T13:34:26.2459291Z #51 36.41 [notice] To update, run: pip install --upgrade pip
2025-08-17T13:34:26.7007159Z #51 DONE 36.9s
2025-08-17T13:34:26.7031821Z 
2025-08-17T13:34:26.7033252Z #87 [repricer stage-1 5/5] RUN set -eux;     if [ -f /etc/apt/sources.list ]; then         sed -i 's|http://deb.debian.org|https://deb.debian.org|g' /etc/apt/sources.list;     fi;     apt-get update;     apt-get install -y --no-install-recommends tzdata curl;     rm -rf /var/lib/apt/lists/*
2025-08-17T13:34:26.7034831Z #87 0.322 + [ -f /etc/apt/sources.list ]
2025-08-17T13:34:26.7035225Z #87 0.322 + apt-get update
2025-08-17T13:34:26.7035664Z #87 0.424 Hit:1 http://deb.debian.org/debian trixie InRelease
2025-08-17T13:34:26.7036325Z #87 0.424 Get:2 http://deb.debian.org/debian trixie-updates InRelease [47.1 kB]
2025-08-17T13:34:26.7037105Z #87 0.424 Get:3 http://deb.debian.org/debian-security trixie-security InRelease [43.4 kB]
2025-08-17T13:34:26.7037903Z #87 0.469 Get:4 http://deb.debian.org/debian trixie/main amd64 Packages [9668 kB]
2025-08-17T13:34:26.7038678Z #87 0.600 Get:5 http://deb.debian.org/debian trixie-updates/main amd64 Packages [2432 B]
2025-08-17T13:34:26.7039542Z #87 0.600 Get:6 http://deb.debian.org/debian-security trixie-security/main amd64 Packages [8780 B]
2025-08-17T13:34:26.9277021Z #87 ...
2025-08-17T13:34:26.9285570Z 
2025-08-17T13:34:26.9285784Z #89 [etl base 5/5] COPY services/etl/ .
2025-08-17T13:34:26.9286252Z #89 DONE 0.1s
2025-08-17T13:34:27.0781213Z 
2025-08-17T13:34:27.0782290Z #90 [api] exporting to image
2025-08-17T13:34:27.0783250Z #90 exporting layers
2025-08-17T13:34:30.0134860Z #90 exporting layers 3.9s done
2025-08-17T13:34:30.1142495Z #90 writing image sha256:29f406ab121d031bd82799fbc4303de35201be577075d6212e988d08cb0fc0c4 done
2025-08-17T13:34:30.1143287Z #90 naming to docker.io/library/awa-app-api done
2025-08-17T13:34:30.1143722Z #90 DONE 4.0s
2025-08-17T13:34:30.1143881Z 
2025-08-17T13:34:30.1144053Z #91 [api] resolving provenance for metadata file
2025-08-17T13:34:30.1144509Z #91 DONE 0.0s
2025-08-17T13:34:30.1144678Z 
2025-08-17T13:34:30.1144901Z #92 [etl stage-1 3/9] COPY --from=base /usr/local /usr/local
2025-08-17T13:34:31.8655166Z #92 ...
2025-08-17T13:34:31.8655598Z 
2025-08-17T13:34:31.8655823Z #66 [web build 6/6] RUN npm run build
2025-08-17T13:34:31.8657121Z #66 17.27 ✓ 687 modules transformed.
2025-08-17T13:34:31.8657704Z #66 17.98 rendering chunks...
2025-08-17T13:34:31.8658097Z #66 17.99 computing gzip size...
2025-08-17T13:34:31.8658776Z #66 18.02 dist/index.html                   0.46 kB │ gzip:   0.30 kB
2025-08-17T13:34:31.8659538Z #66 18.02 dist/assets/index-5IA1gRGW.css    0.84 kB │ gzip:   0.45 kB
2025-08-17T13:34:31.8660620Z #66 18.02 dist/assets/index-CIqpArhq.js   613.66 kB │ gzip: 193.69 kB
2025-08-17T13:34:31.8661216Z #66 18.02 ✓ built in 8.41s
2025-08-17T13:34:31.8661786Z #66 18.02 
2025-08-17T13:34:31.8662226Z #66 18.02 (!) Some chunks are larger than 500 kB after minification. Consider:
2025-08-17T13:34:31.8663199Z #66 18.02 - Using dynamic import() to code-split the application
2025-08-17T13:34:31.8664538Z #66 18.02 - Use build.rollupOptions.output.manualChunks to improve chunking: https://rollupjs.org/configuration-options/#output-manualchunks
2025-08-17T13:34:31.8665739Z #66 18.02 - Adjust chunk size limit for this warning via build.chunkSizeWarningLimit.
2025-08-17T13:34:31.8666352Z #66 DONE 18.3s
2025-08-17T13:34:32.0242860Z 
2025-08-17T13:34:32.0244699Z #87 [repricer stage-1 5/5] RUN set -eux;     if [ -f /etc/apt/sources.list ]; then         sed -i 's|http://deb.debian.org|https://deb.debian.org|g' /etc/apt/sources.list;     fi;     apt-get update;     apt-get install -y --no-install-recommends tzdata curl;     rm -rf /var/lib/apt/lists/*
2025-08-17T13:34:32.0246620Z #87 1.460 Fetched 9769 kB in 1s (9024 kB/s)
2025-08-17T13:34:32.0247058Z #87 1.460 Reading package lists...
2025-08-17T13:34:32.0247565Z #87 2.256 + apt-get install -y --no-install-recommends tzdata curl
2025-08-17T13:34:32.0248092Z #87 2.266 Reading package lists...
2025-08-17T13:34:32.0248506Z #87 3.052 Building dependency tree...
2025-08-17T13:34:32.0248929Z #87 3.233 Reading state information...
2025-08-17T13:34:32.0249396Z #87 3.443 tzdata is already the newest version (2025b-4).
2025-08-17T13:34:32.0250026Z #87 3.443 The following additional packages will be installed:
2025-08-17T13:34:32.0250767Z #87 3.443   libbrotli1 libcom-err2 libcurl4t64 libgnutls30t64 libgssapi-krb5-2 libidn2-0
2025-08-17T13:34:32.0251850Z #87 3.443   libk5crypto3 libkeyutils1 libkrb5-3 libkrb5support0 libldap2 libnghttp2-14
2025-08-17T13:34:32.0252791Z #87 3.443   libnghttp3-9 libp11-kit0 libpsl5t64 librtmp1 libsasl2-2 libsasl2-modules-db
2025-08-17T13:34:32.0253463Z #87 3.443   libssh2-1t64 libtasn1-6 libunistring5
2025-08-17T13:34:32.0253909Z #87 3.443 Suggested packages:
2025-08-17T13:34:32.0254301Z #87 3.443   gnutls-bin krb5-doc krb5-user
2025-08-17T13:34:32.0254712Z #87 3.443 Recommended packages:
2025-08-17T13:34:32.0255326Z #87 3.443   bash-completion krb5-locales libldap-common publicsuffix libsasl2-modules
2025-08-17T13:34:32.0256029Z #87 3.624 The following NEW packages will be installed:
2025-08-17T13:34:32.0256691Z #87 3.632   curl libbrotli1 libcom-err2 libcurl4t64 libgnutls30t64 libgssapi-krb5-2
2025-08-17T13:34:32.0257505Z #87 3.632   libidn2-0 libk5crypto3 libkeyutils1 libkrb5-3 libkrb5support0 libldap2
2025-08-17T13:34:32.0258295Z #87 3.632   libnghttp2-14 libnghttp3-9 libp11-kit0 libpsl5t64 librtmp1 libsasl2-2
2025-08-17T13:34:32.0259042Z #87 3.632   libsasl2-modules-db libssh2-1t64 libtasn1-6 libunistring5
2025-08-17T13:34:32.0259719Z #87 3.685 0 upgraded, 22 newly installed, 0 to remove and 0 not upgraded.
2025-08-17T13:34:32.0260260Z #87 3.685 Need to get 4881 kB of archives.
2025-08-17T13:34:32.0260826Z #87 3.685 After this operation, 14.7 MB of additional disk space will be used.
2025-08-17T13:34:32.0261832Z #87 3.685 Get:1 http://deb.debian.org/debian trixie/main amd64 libbrotli1 amd64 1.1.0-2+b7 [307 kB]
2025-08-17T13:34:32.0262812Z #87 3.690 Get:2 http://deb.debian.org/debian trixie/main amd64 libkrb5support0 amd64 1.21.3-5 [33.0 kB]
2025-08-17T13:34:32.0263782Z #87 3.695 Get:3 http://deb.debian.org/debian trixie/main amd64 libcom-err2 amd64 1.47.2-3+b3 [25.0 kB]
2025-08-17T13:34:32.0264730Z #87 3.695 Get:4 http://deb.debian.org/debian trixie/main amd64 libk5crypto3 amd64 1.21.3-5 [81.5 kB]
2025-08-17T13:34:32.0265661Z #87 3.695 Get:5 http://deb.debian.org/debian trixie/main amd64 libkeyutils1 amd64 1.6.3-6 [9456 B]
2025-08-17T13:34:32.0266561Z #87 3.704 Get:6 http://deb.debian.org/debian trixie/main amd64 libkrb5-3 amd64 1.21.3-5 [326 kB]
2025-08-17T13:34:32.0267483Z #87 3.704 Get:7 http://deb.debian.org/debian trixie/main amd64 libgssapi-krb5-2 amd64 1.21.3-5 [138 kB]
2025-08-17T13:34:32.0268411Z #87 3.704 Get:8 http://deb.debian.org/debian trixie/main amd64 libunistring5 amd64 1.3-2 [477 kB]
2025-08-17T13:34:32.0269311Z #87 3.704 Get:9 http://deb.debian.org/debian trixie/main amd64 libidn2-0 amd64 2.3.8-2 [109 kB]
2025-08-17T13:34:32.0270530Z #87 3.705 Get:10 http://deb.debian.org/debian trixie/main amd64 libsasl2-modules-db amd64 2.1.28+dfsg1-9 [19.8 kB]
2025-08-17T13:34:32.0279378Z #87 3.706 Get:11 http://deb.debian.org/debian trixie/main amd64 libsasl2-2 amd64 2.1.28+dfsg1-9 [57.5 kB]
2025-08-17T13:34:32.0280405Z #87 3.708 Get:12 http://deb.debian.org/debian trixie/main amd64 libldap2 amd64 2.6.10+dfsg-1 [194 kB]
2025-08-17T13:34:32.0281538Z #87 3.709 Get:13 http://deb.debian.org/debian trixie/main amd64 libnghttp2-14 amd64 1.64.0-1.1 [76.0 kB]
2025-08-17T13:34:32.0282815Z #87 3.715 Get:14 http://deb.debian.org/debian trixie/main amd64 libnghttp3-9 amd64 1.8.0-1 [67.7 kB]
2025-08-17T13:34:32.0283787Z #87 3.715 Get:15 http://deb.debian.org/debian trixie/main amd64 libpsl5t64 amd64 0.21.2-1.1+b1 [57.2 kB]
2025-08-17T13:34:32.0284731Z #87 3.715 Get:16 http://deb.debian.org/debian trixie/main amd64 libp11-kit0 amd64 0.25.5-3 [425 kB]
2025-08-17T13:34:32.0285648Z #87 3.716 Get:17 http://deb.debian.org/debian trixie/main amd64 libtasn1-6 amd64 4.20.0-2 [49.9 kB]
2025-08-17T13:34:32.0286585Z #87 3.717 Get:18 http://deb.debian.org/debian trixie/main amd64 libgnutls30t64 amd64 3.8.9-3 [1465 kB]
2025-08-17T13:34:32.0287622Z #87 3.726 Get:19 http://deb.debian.org/debian trixie/main amd64 librtmp1 amd64 2.4+20151223.gitfa8646d.1-2+b5 [58.8 kB]
2025-08-17T13:34:32.0288666Z #87 3.726 Get:20 http://deb.debian.org/debian trixie/main amd64 libssh2-1t64 amd64 1.11.1-1 [245 kB]
2025-08-17T13:34:32.0289594Z #87 3.727 Get:21 http://deb.debian.org/debian trixie/main amd64 libcurl4t64 amd64 8.14.1-2 [391 kB]
2025-08-17T13:34:32.0290489Z #87 3.729 Get:22 http://deb.debian.org/debian trixie/main amd64 curl amd64 8.14.1-2 [269 kB]
2025-08-17T13:34:32.0291122Z #87 4.661 Fetched 4881 kB in 0s (55.3 MB/s)
2025-08-17T13:34:32.0291846Z #87 4.682 Selecting previously unselected package libbrotli1:amd64.
2025-08-17T13:34:32.0292390Z #87 4.682 (Reading database ... 
2025-08-17T13:34:32.0292763Z (Reading database ... 5%
2025-08-17T13:34:32.0293107Z (Reading database ... 10%
2025-08-17T13:34:32.0293450Z (Reading database ... 15%
2025-08-17T13:34:32.0293789Z (Reading database ... 20%
2025-08-17T13:34:32.0294116Z (Reading database ... 25%
2025-08-17T13:34:32.0294450Z (Reading database ... 30%
2025-08-17T13:34:32.0294776Z (Reading database ... 35%
2025-08-17T13:34:32.0295104Z (Reading database ... 40%
2025-08-17T13:34:32.0295430Z (Reading database ... 45%
2025-08-17T13:34:32.0295766Z (Reading database ... 50%
2025-08-17T13:34:32.0296091Z (Reading database ... 55%
2025-08-17T13:34:32.0296434Z (Reading database ... 60%
2025-08-17T13:34:32.0296765Z (Reading database ... 65%
2025-08-17T13:34:32.0297093Z (Reading database ... 70%
2025-08-17T13:34:32.0297428Z (Reading database ... 75%
2025-08-17T13:34:32.0297752Z (Reading database ... 80%
2025-08-17T13:34:32.0298087Z (Reading database ... 85%
2025-08-17T13:34:32.0298460Z (Reading database ... 90%
2025-08-17T13:34:32.0298792Z (Reading database ... 95%
2025-08-17T13:34:32.0299121Z (Reading database ... 100%
2025-08-17T13:34:32.0299628Z (Reading database ... 5643 files and directories currently installed.)
2025-08-17T13:34:32.0300309Z #87 4.689 Preparing to unpack .../00-libbrotli1_1.1.0-2+b7_amd64.deb ...
2025-08-17T13:34:32.0300900Z #87 4.694 Unpacking libbrotli1:amd64 (1.1.0-2+b7) ...
2025-08-17T13:34:32.0302131Z #87 4.726 Selecting previously unselected package libkrb5support0:amd64.
2025-08-17T13:34:32.0332273Z #87 4.727 Preparing to unpack .../01-libkrb5support0_1.21.3-5_amd64.deb ...
2025-08-17T13:34:32.0332943Z #87 4.729 Unpacking libkrb5support0:amd64 (1.21.3-5) ...
2025-08-17T13:34:32.0333547Z #87 4.748 Selecting previously unselected package libcom-err2:amd64.
2025-08-17T13:34:32.0334226Z #87 4.749 Preparing to unpack .../02-libcom-err2_1.47.2-3+b3_amd64.deb ...
2025-08-17T13:34:32.0334820Z #87 4.750 Unpacking libcom-err2:amd64 (1.47.2-3+b3) ...
2025-08-17T13:34:32.0335427Z #87 4.767 Selecting previously unselected package libk5crypto3:amd64.
2025-08-17T13:34:32.0336115Z #87 4.769 Preparing to unpack .../03-libk5crypto3_1.21.3-5_amd64.deb ...
2025-08-17T13:34:32.0336923Z #87 4.770 Unpacking libk5crypto3:amd64 (1.21.3-5) ...
2025-08-17T13:34:32.0337548Z #87 4.795 Selecting previously unselected package libkeyutils1:amd64.
2025-08-17T13:34:32.0338222Z #87 4.795 Preparing to unpack .../04-libkeyutils1_1.6.3-6_amd64.deb ...
2025-08-17T13:34:32.0338808Z #87 4.796 Unpacking libkeyutils1:amd64 (1.6.3-6) ...
2025-08-17T13:34:32.0339379Z #87 4.819 Selecting previously unselected package libkrb5-3:amd64.
2025-08-17T13:34:32.0340222Z #87 4.820 Preparing to unpack .../05-libkrb5-3_1.21.3-5_amd64.deb ...
2025-08-17T13:34:32.0340798Z #87 4.821 Unpacking libkrb5-3:amd64 (1.21.3-5) ...
2025-08-17T13:34:32.0341662Z #87 4.863 Selecting previously unselected package libgssapi-krb5-2:amd64.
2025-08-17T13:34:32.0342413Z #87 4.863 Preparing to unpack .../06-libgssapi-krb5-2_1.21.3-5_amd64.deb ...
2025-08-17T13:34:32.0343041Z #87 4.866 Unpacking libgssapi-krb5-2:amd64 (1.21.3-5) ...
2025-08-17T13:34:32.0343667Z #87 4.891 Selecting previously unselected package libunistring5:amd64.
2025-08-17T13:34:32.0344358Z #87 4.893 Preparing to unpack .../07-libunistring5_1.3-2_amd64.deb ...
2025-08-17T13:34:32.0344941Z #87 4.894 Unpacking libunistring5:amd64 (1.3-2) ...
2025-08-17T13:34:32.0345513Z #87 4.948 Selecting previously unselected package libidn2-0:amd64.
2025-08-17T13:34:32.0346145Z #87 4.949 Preparing to unpack .../08-libidn2-0_2.3.8-2_amd64.deb ...
2025-08-17T13:34:32.0346698Z #87 4.950 Unpacking libidn2-0:amd64 (2.3.8-2) ...
2025-08-17T13:34:32.0347354Z #87 4.976 Selecting previously unselected package libsasl2-modules-db:amd64.
2025-08-17T13:34:32.0348144Z #87 4.978 Preparing to unpack .../09-libsasl2-modules-db_2.1.28+dfsg1-9_amd64.deb ...
2025-08-17T13:34:32.0348859Z #87 4.981 Unpacking libsasl2-modules-db:amd64 (2.1.28+dfsg1-9) ...
2025-08-17T13:34:32.0349520Z #87 5.003 Selecting previously unselected package libsasl2-2:amd64.
2025-08-17T13:34:32.0350197Z #87 5.003 Preparing to unpack .../10-libsasl2-2_2.1.28+dfsg1-9_amd64.deb ...
2025-08-17T13:34:32.0350816Z #87 5.005 Unpacking libsasl2-2:amd64 (2.1.28+dfsg1-9) ...
2025-08-17T13:34:32.0351562Z #87 5.028 Selecting previously unselected package libldap2:amd64.
2025-08-17T13:34:32.0352248Z #87 5.030 Preparing to unpack .../11-libldap2_2.6.10+dfsg-1_amd64.deb ...
2025-08-17T13:34:32.0352850Z #87 5.031 Unpacking libldap2:amd64 (2.6.10+dfsg-1) ...
2025-08-17T13:34:32.0353446Z #87 5.067 Selecting previously unselected package libnghttp2-14:amd64.
2025-08-17T13:34:32.0354146Z #87 5.068 Preparing to unpack .../12-libnghttp2-14_1.64.0-1.1_amd64.deb ...
2025-08-17T13:34:32.0354765Z #87 5.069 Unpacking libnghttp2-14:amd64 (1.64.0-1.1) ...
2025-08-17T13:34:32.0355358Z #87 5.101 Selecting previously unselected package libnghttp3-9:amd64.
2025-08-17T13:34:32.0356035Z #87 5.102 Preparing to unpack .../13-libnghttp3-9_1.8.0-1_amd64.deb ...
2025-08-17T13:34:32.0356608Z #87 5.103 Unpacking libnghttp3-9:amd64 (1.8.0-1) ...
2025-08-17T13:34:32.0357196Z #87 5.131 Selecting previously unselected package libpsl5t64:amd64.
2025-08-17T13:34:32.0357868Z #87 5.132 Preparing to unpack .../14-libpsl5t64_0.21.2-1.1+b1_amd64.deb ...
2025-08-17T13:34:32.0358466Z #87 5.134 Unpacking libpsl5t64:amd64 (0.21.2-1.1+b1) ...
2025-08-17T13:34:32.0359055Z #87 5.159 Selecting previously unselected package libp11-kit0:amd64.
2025-08-17T13:34:32.0359707Z #87 5.160 Preparing to unpack .../15-libp11-kit0_0.25.5-3_amd64.deb ...
2025-08-17T13:34:32.0360299Z #87 5.162 Unpacking libp11-kit0:amd64 (0.25.5-3) ...
2025-08-17T13:34:32.0360864Z #87 5.219 Selecting previously unselected package libtasn1-6:amd64.
2025-08-17T13:34:32.0361700Z #87 5.221 Preparing to unpack .../16-libtasn1-6_4.20.0-2_amd64.deb ...
2025-08-17T13:34:32.0362272Z #87 5.223 Unpacking libtasn1-6:amd64 (4.20.0-2) ...
2025-08-17T13:34:32.0362864Z #87 5.248 Selecting previously unselected package libgnutls30t64:amd64.
2025-08-17T13:34:32.0363557Z #87 5.248 Preparing to unpack .../17-libgnutls30t64_3.8.9-3_amd64.deb ...
2025-08-17T13:34:32.0364145Z #87 5.249 Unpacking libgnutls30t64:amd64 (3.8.9-3) ...
2025-08-17T13:34:32.0364911Z #87 5.355 Selecting previously unselected package librtmp1:amd64.
2025-08-17T13:34:32.0365655Z #87 5.355 Preparing to unpack .../18-librtmp1_2.4+20151223.gitfa8646d.1-2+b5_amd64.deb ...
2025-08-17T13:34:32.0366401Z #87 5.356 Unpacking librtmp1:amd64 (2.4+20151223.gitfa8646d.1-2+b5) ...
2025-08-17T13:34:32.0367066Z #87 5.395 Selecting previously unselected package libssh2-1t64:amd64.
2025-08-17T13:34:32.0367740Z #87 5.395 Preparing to unpack .../19-libssh2-1t64_1.11.1-1_amd64.deb ...
2025-08-17T13:34:32.0368501Z #87 5.396 Unpacking libssh2-1t64:amd64 (1.11.1-1) ...
2025-08-17T13:34:32.0369071Z #87 5.440 Selecting previously unselected package libcurl4t64:amd64.
2025-08-17T13:34:32.0369726Z #87 5.441 Preparing to unpack .../20-libcurl4t64_8.14.1-2_amd64.deb ...
2025-08-17T13:34:32.0370284Z #87 5.443 Unpacking libcurl4t64:amd64 (8.14.1-2) ...
2025-08-17T13:34:32.0370794Z #87 5.501 Selecting previously unselected package curl.
2025-08-17T13:34:32.0371340Z #87 5.503 Preparing to unpack .../21-curl_8.14.1-2_amd64.deb ...
2025-08-17T13:34:32.0372029Z #87 5.506 Unpacking curl (8.14.1-2) ...
2025-08-17T13:34:32.0372485Z #87 5.544 Setting up libkeyutils1:amd64 (1.6.3-6) ...
2025-08-17T13:34:32.0372977Z #87 5.548 Setting up libbrotli1:amd64 (1.1.0-2+b7) ...
2025-08-17T13:34:32.0373495Z #87 5.551 Setting up libnghttp2-14:amd64 (1.64.0-1.1) ...
2025-08-17T13:34:32.0374016Z #87 5.559 Setting up libcom-err2:amd64 (1.47.2-3+b3) ...
2025-08-17T13:34:32.0374544Z #87 5.564 Setting up libkrb5support0:amd64 (1.21.3-5) ...
2025-08-17T13:34:32.0375131Z #87 5.567 Setting up libsasl2-modules-db:amd64 (2.1.28+dfsg1-9) ...
2025-08-17T13:34:32.0375701Z #87 5.570 Setting up libp11-kit0:amd64 (0.25.5-3) ...
2025-08-17T13:34:32.0376188Z #87 5.574 Setting up libunistring5:amd64 (1.3-2) ...
2025-08-17T13:34:32.0376683Z #87 5.577 Setting up libk5crypto3:amd64 (1.21.3-5) ...
2025-08-17T13:34:32.0377207Z #87 5.580 Setting up libsasl2-2:amd64 (2.1.28+dfsg1-9) ...
2025-08-17T13:34:32.0377723Z #87 5.583 Setting up libnghttp3-9:amd64 (1.8.0-1) ...
2025-08-17T13:34:32.0378219Z #87 5.586 Setting up libtasn1-6:amd64 (4.20.0-2) ...
2025-08-17T13:34:32.0378694Z #87 5.590 Setting up libkrb5-3:amd64 (1.21.3-5) ...
2025-08-17T13:34:32.0379179Z #87 5.593 Setting up libssh2-1t64:amd64 (1.11.1-1) ...
2025-08-17T13:34:32.0379668Z #87 5.597 Setting up libldap2:amd64 (2.6.10+dfsg-1) ...
2025-08-17T13:34:32.0380157Z #87 5.600 Setting up libidn2-0:amd64 (2.3.8-2) ...
2025-08-17T13:34:32.0380662Z #87 5.604 Setting up libgssapi-krb5-2:amd64 (1.21.3-5) ...
2025-08-17T13:34:32.0381189Z #87 5.608 Setting up libgnutls30t64:amd64 (3.8.9-3) ...
2025-08-17T13:34:32.0381876Z #87 5.612 Setting up libpsl5t64:amd64 (0.21.2-1.1+b1) ...
2025-08-17T13:34:32.0382508Z #87 5.618 Setting up librtmp1:amd64 (2.4+20151223.gitfa8646d.1-2+b5) ...
2025-08-17T13:34:32.0383092Z #87 5.627 Setting up libcurl4t64:amd64 (8.14.1-2) ...
2025-08-17T13:34:32.0383543Z #87 5.631 Setting up curl (8.14.1-2) ...
2025-08-17T13:34:32.0384011Z #87 5.636 Processing triggers for libc-bin (2.41-12) ...
2025-08-17T13:34:32.0387548Z #87 5.668 + rm -rf /var/lib/apt/lists/auxfiles /var/lib/apt/lists/deb.debian.org_debian-security_dists_trixie-security_InRelease /var/lib/apt/lists/deb.debian.org_debian-security_dists_trixie-security_main_binary-amd64_Packages.lz4 /var/lib/apt/lists/deb.debian.org_debian_dists_trixie-updates_InRelease /var/lib/apt/lists/deb.debian.org_debian_dists_trixie-updates_main_binary-amd64_Packages.lz4 /var/lib/apt/lists/deb.debian.org_debian_dists_trixie_InRelease /var/lib/apt/lists/deb.debian.org_debian_dists_trixie_main_binary-amd64_Packages.lz4 /var/lib/apt/lists/lock /var/lib/apt/lists/partial
2025-08-17T13:34:32.0390994Z #87 DONE 6.0s
2025-08-17T13:34:32.0391173Z 
2025-08-17T13:34:32.0391317Z #93 [repricer] exporting to image
2025-08-17T13:34:32.6887435Z #93 ...
2025-08-17T13:34:32.6887667Z 
2025-08-17T13:34:32.6887990Z #94 [web stage-1 2/2] COPY --from=build /app/dist /usr/share/nginx/html
2025-08-17T13:34:32.6888530Z #94 DONE 0.1s
2025-08-17T13:34:32.8390177Z 
2025-08-17T13:34:32.8390924Z #95 [web] exporting to image
2025-08-17T13:34:33.0059856Z #95 exporting layers 0.5s done
2025-08-17T13:34:33.1079657Z #95 writing image sha256:ffe85cbfb2dc69ff1287cef8df68976ed9cabff230d2138659797255a1b62bdc done
2025-08-17T13:34:33.1080525Z #95 naming to docker.io/library/awa-app-web done
2025-08-17T13:34:33.1081050Z #95 DONE 0.5s
2025-08-17T13:34:33.1081271Z 
2025-08-17T13:34:33.1081653Z #96 [web] resolving provenance for metadata file
2025-08-17T13:34:33.1082454Z #96 DONE 0.0s
2025-08-17T13:34:33.1082646Z 
2025-08-17T13:34:33.1082860Z #92 [etl stage-1 3/9] COPY --from=base /usr/local /usr/local
2025-08-17T13:34:33.1083350Z #92 DONE 3.0s
2025-08-17T13:34:33.1083542Z 
2025-08-17T13:34:33.1083694Z #93 [repricer] exporting to image
2025-08-17T13:34:33.2427688Z #93 ...
2025-08-17T13:34:33.2428209Z 
2025-08-17T13:34:33.2428555Z #97 [etl stage-1 4/9] COPY --from=base /app /app
2025-08-17T13:34:33.2430404Z #97 DONE 0.0s
2025-08-17T13:34:33.3630842Z 
2025-08-17T13:34:33.3633016Z #98 [etl stage-1 5/9] RUN set -eux;     if [ -f /etc/apt/sources.list ]; then         sed -i 's|http://deb.debian.org|https://deb.debian.org|g' /etc/apt/sources.list;     fi;     apt-get update;     apt-get install -y --no-install-recommends tzdata;     rm -rf /var/lib/apt/lists/*
2025-08-17T13:34:33.3634441Z #98 0.128 + [ -f /etc/apt/sources.list ]
2025-08-17T13:34:33.3634903Z #98 0.128 + apt-get update
2025-08-17T13:34:33.3635352Z #98 0.168 Hit:1 http://deb.debian.org/debian trixie InRelease
2025-08-17T13:34:33.3636036Z #98 0.168 Get:2 http://deb.debian.org/debian trixie-updates InRelease [47.1 kB]
2025-08-17T13:34:33.3636867Z #98 0.169 Get:3 http://deb.debian.org/debian-security trixie-security InRelease [43.4 kB]
2025-08-17T13:34:33.3637714Z #98 0.186 Get:4 http://deb.debian.org/debian trixie/main amd64 Packages [9668 kB]
2025-08-17T13:34:33.3638510Z #98 0.248 Get:5 http://deb.debian.org/debian trixie-updates/main amd64 Packages [2432 B]
2025-08-17T13:34:33.5146612Z #98 0.249 Get:6 http://deb.debian.org/debian-security trixie-security/main amd64 Packages [8780 B]
2025-08-17T13:34:33.8832094Z #98 ...
2025-08-17T13:34:33.8832298Z 
2025-08-17T13:34:33.8832416Z #93 [repricer] exporting to image
2025-08-17T13:34:33.8832763Z #93 exporting layers 1.8s done
2025-08-17T13:34:33.8833206Z #93 writing image sha256:9435f4893c1cb9e3ebd172c2946c85a78c70c0791d0736a5c585b843e6efa01a done
2025-08-17T13:34:33.8833698Z #93 naming to docker.io/library/awa-app-repricer done
2025-08-17T13:34:33.8833978Z #93 DONE 1.8s
2025-08-17T13:34:33.8834105Z 
2025-08-17T13:34:33.8834226Z #99 [repricer] resolving provenance for metadata file
2025-08-17T13:34:33.8834499Z #99 DONE 0.0s
2025-08-17T13:34:34.0334657Z 
2025-08-17T13:34:34.0335757Z #98 [etl stage-1 5/9] RUN set -eux;     if [ -f /etc/apt/sources.list ]; then         sed -i 's|http://deb.debian.org|https://deb.debian.org|g' /etc/apt/sources.list;     fi;     apt-get update;     apt-get install -y --no-install-recommends tzdata;     rm -rf /var/lib/apt/lists/*
2025-08-17T13:34:34.0354516Z #98 0.921 Fetched 9769 kB in 1s (12.7 MB/s)
2025-08-17T13:34:34.4594993Z #98 0.921 Reading package lists...
2025-08-17T13:34:34.6268913Z #98 1.354 + apt-get install -y --no-install-recommends tzdata
2025-08-17T13:34:34.9005490Z #98 1.362 Reading package lists...
2025-08-17T13:34:35.0042978Z #98 1.794 Building dependency tree...
2025-08-17T13:34:35.0043437Z #98 1.890 Reading state information...
2025-08-17T13:34:35.1378525Z #98 2.023 tzdata is already the newest version (2025b-4).
2025-08-17T13:34:35.1379160Z #98 2.023 0 upgraded, 0 newly installed, 0 to remove and 0 not upgraded.
2025-08-17T13:34:35.3082256Z #98 2.024 + rm -rf /var/lib/apt/lists/auxfiles /var/lib/apt/lists/deb.debian.org_debian-security_dists_trixie-security_InRelease /var/lib/apt/lists/deb.debian.org_debian-security_dists_trixie-security_main_binary-amd64_Packages.lz4 /var/lib/apt/lists/deb.debian.org_debian_dists_trixie-updates_InRelease /var/lib/apt/lists/deb.debian.org_debian_dists_trixie-updates_main_binary-amd64_Packages.lz4 /var/lib/apt/lists/deb.debian.org_debian_dists_trixie_InRelease /var/lib/apt/lists/deb.debian.org_debian_dists_trixie_main_binary-amd64_Packages.lz4 /var/lib/apt/lists/lock /var/lib/apt/lists/partial
2025-08-17T13:34:35.3085970Z #98 DONE 2.0s
2025-08-17T13:34:35.3086163Z 
2025-08-17T13:34:35.3086518Z #100 [etl stage-1 6/9] COPY services/etl/wait-for-it.sh /usr/local/bin/wait-for-it.sh
2025-08-17T13:34:35.3087160Z #100 DONE 0.0s
2025-08-17T13:34:35.3087344Z 
2025-08-17T13:34:35.3087579Z #101 [etl stage-1 7/9] RUN chmod +x /usr/local/bin/wait-for-it.sh
2025-08-17T13:34:35.3088313Z #101 DONE 0.1s
2025-08-17T13:34:35.4614169Z 
2025-08-17T13:34:35.4614949Z #102 [etl stage-1 8/9] COPY services/etl/entrypoint.sh /app/entrypoint.sh
2025-08-17T13:34:35.4615538Z #102 DONE 0.0s
2025-08-17T13:34:35.4615716Z 
2025-08-17T13:34:35.4615917Z #103 [etl stage-1 9/9] RUN chmod +x /app/entrypoint.sh
2025-08-17T13:34:35.4616367Z #103 DONE 0.1s
2025-08-17T13:34:35.6131069Z 
2025-08-17T13:34:35.6132200Z #104 [etl] exporting to image
2025-08-17T13:34:38.1705378Z #104 exporting layers 2.7s done
2025-08-17T13:34:38.1959590Z #104 writing image sha256:0d00f39d48f7010113e7df07da18bf755bb3ae08480be80359443c43afd164a0 done
2025-08-17T13:34:38.1960415Z #104 naming to docker.io/library/awa-app-etl done
2025-08-17T13:34:38.1960722Z #104 DONE 2.7s
2025-08-17T13:34:38.1960834Z 
2025-08-17T13:34:38.1960951Z #105 [etl] resolving provenance for metadata file
2025-08-17T13:34:38.1961524Z #105 DONE 0.0s
2025-08-17T13:34:38.1962154Z  etl  Built
2025-08-17T13:34:38.1962493Z  repricer  Built
2025-08-17T13:34:38.1962789Z  fees_h10  Built
2025-08-17T13:34:38.1963080Z  api  Built
2025-08-17T13:34:38.1963361Z  postgres  Built
2025-08-17T13:34:38.1963653Z  logistics_etl  Built
2025-08-17T13:34:38.1963971Z  web  Built
2025-08-17T13:34:38.2033564Z ##[group]Run export COMPOSE_DOCKER_CLI_BUILD=1
2025-08-17T13:34:38.2033964Z [36;1mexport COMPOSE_DOCKER_CLI_BUILD=1[0m
2025-08-17T13:34:38.2034220Z [36;1mexport DOCKER_BUILDKIT=1[0m
2025-08-17T13:34:38.2034464Z [36;1mdocker compose up -d --wait[0m
2025-08-17T13:34:38.2075848Z shell: /usr/bin/bash -e {0}
2025-08-17T13:34:38.2076084Z ##[endgroup]
2025-08-17T13:34:38.2956647Z  minio Pulling 
2025-08-17T13:34:38.5096291Z  dd15713b0f22 Pulling fs layer 
2025-08-17T13:34:38.5096750Z  fd312a3c94fc Pulling fs layer 
2025-08-17T13:34:38.5097168Z  02e05d20c69e Pulling fs layer 
2025-08-17T13:34:38.5097583Z  1f08d9fb7d7d Pulling fs layer 
2025-08-17T13:34:38.5098062Z  b452b5fb7338 Pulling fs layer 
2025-08-17T13:34:38.5098425Z  e14ab7c7ae26 Pulling fs layer 
2025-08-17T13:34:38.5099192Z  3bf7f4428838 Pulling fs layer 
2025-08-17T13:34:38.5108180Z  adc9ba906e83 Pulling fs layer 
2025-08-17T13:34:38.5108462Z  1611ffcaf8be Pulling fs layer 
2025-08-17T13:34:38.5108741Z  e14ab7c7ae26 Waiting 
2025-08-17T13:34:38.5108934Z  1f08d9fb7d7d Waiting 
2025-08-17T13:34:38.5109112Z  3bf7f4428838 Waiting 
2025-08-17T13:34:38.5109279Z  b452b5fb7338 Waiting 
2025-08-17T13:34:38.5109455Z  adc9ba906e83 Waiting 
2025-08-17T13:34:38.5109626Z  1611ffcaf8be Waiting 
2025-08-17T13:34:38.5653953Z  dd15713b0f22 Downloading [>                                                  ]  76.59kB/7.24MB
2025-08-17T13:34:38.5730243Z  02e05d20c69e Downloading [>                                                  ]  2.301kB/122.7kB
2025-08-17T13:34:38.5750063Z  02e05d20c69e Download complete 
2025-08-17T13:34:38.5793203Z  fd312a3c94fc Downloading [>                                                  ]  17.36kB/1.637MB
2025-08-17T13:34:38.5881679Z  fd312a3c94fc Verifying Checksum 
2025-08-17T13:34:38.5882116Z  fd312a3c94fc Download complete 
2025-08-17T13:34:38.6101854Z  dd15713b0f22 Downloading [==================================================>]   7.24MB/7.24MB
2025-08-17T13:34:38.6102507Z  dd15713b0f22 Verifying Checksum 
2025-08-17T13:34:38.6104554Z  dd15713b0f22 Download complete 
2025-08-17T13:34:38.6108197Z  dd15713b0f22 Extracting [>                                                  ]   98.3kB/7.24MB
2025-08-17T13:34:38.6394738Z  1f08d9fb7d7d Downloading [>                                                  ]    408kB/39.39MB
2025-08-17T13:34:38.6415517Z  b452b5fb7338 Downloading [>                                                  ]  114.7kB/11.19MB
2025-08-17T13:34:38.6647041Z  e14ab7c7ae26 Downloading [>                                                  ]  24.04kB/2.402MB
2025-08-17T13:34:38.6830764Z  e14ab7c7ae26 Verifying Checksum 
2025-08-17T13:34:38.6832395Z  e14ab7c7ae26 Download complete 
2025-08-17T13:34:38.6838580Z  b452b5fb7338 Verifying Checksum 
2025-08-17T13:34:38.6842809Z  b452b5fb7338 Download complete 
2025-08-17T13:34:38.7173955Z  dd15713b0f22 Extracting [==============>                                    ]  2.064MB/7.24MB
2025-08-17T13:34:38.7396426Z  1f08d9fb7d7d Downloading [======================>                            ]  17.38MB/39.39MB
2025-08-17T13:34:38.7481964Z  adc9ba906e83 Downloading [===>                                               ]     932B/11.88kB
2025-08-17T13:34:38.7484453Z  adc9ba906e83 Downloading [==================================================>]  11.88kB/11.88kB
2025-08-17T13:34:38.7488841Z  adc9ba906e83 Verifying Checksum 
2025-08-17T13:34:38.7489577Z  adc9ba906e83 Download complete 
2025-08-17T13:34:38.7604107Z  3bf7f4428838 Downloading [>                                                  ]  2.301kB/180.3kB
2025-08-17T13:34:38.7640717Z  3bf7f4428838 Downloading [==================================================>]  180.3kB/180.3kB
2025-08-17T13:34:38.7641334Z  3bf7f4428838 Verifying Checksum 
2025-08-17T13:34:38.7642362Z  3bf7f4428838 Download complete 
2025-08-17T13:34:38.8211520Z  1611ffcaf8be Downloading [==================================================>]     498B/498B
2025-08-17T13:34:38.8212042Z  1611ffcaf8be Verifying Checksum 
2025-08-17T13:34:38.8212747Z  1611ffcaf8be Download complete 
2025-08-17T13:34:38.8451293Z  1f08d9fb7d7d Downloading [=====================================>             ]  29.91MB/39.39MB
2025-08-17T13:34:38.8541589Z  dd15713b0f22 Extracting [============================================>      ]  6.488MB/7.24MB
2025-08-17T13:34:38.8816478Z  dd15713b0f22 Extracting [==================================================>]   7.24MB/7.24MB
2025-08-17T13:34:38.8924902Z  dd15713b0f22 Pull complete 
2025-08-17T13:34:38.8939504Z  fd312a3c94fc Extracting [=>                                                 ]  32.77kB/1.637MB
2025-08-17T13:34:38.9079876Z  1f08d9fb7d7d Verifying Checksum 
2025-08-17T13:34:38.9080606Z  1f08d9fb7d7d Download complete 
2025-08-17T13:34:38.9336641Z  fd312a3c94fc Extracting [==================================================>]  1.637MB/1.637MB
2025-08-17T13:34:38.9363820Z  fd312a3c94fc Extracting [==================================================>]  1.637MB/1.637MB
2025-08-17T13:34:38.9997216Z  fd312a3c94fc Pull complete 
2025-08-17T13:34:39.0009366Z  02e05d20c69e Extracting [=============>                                     ]  32.77kB/122.7kB
2025-08-17T13:34:39.0020166Z  02e05d20c69e Extracting [==================================================>]  122.7kB/122.7kB
2025-08-17T13:34:39.0020856Z  02e05d20c69e Extracting [==================================================>]  122.7kB/122.7kB
2025-08-17T13:34:39.0105048Z  02e05d20c69e Pull complete 
2025-08-17T13:34:39.0182527Z  1f08d9fb7d7d Extracting [>                                                  ]    426kB/39.39MB
2025-08-17T13:34:39.1207546Z  1f08d9fb7d7d Extracting [===========>                                       ]  8.946MB/39.39MB
2025-08-17T13:34:39.2251002Z  1f08d9fb7d7d Extracting [======================>                            ]  17.47MB/39.39MB
2025-08-17T13:34:39.3368559Z  1f08d9fb7d7d Extracting [======================================>            ]  30.24MB/39.39MB
2025-08-17T13:34:39.4374755Z  1f08d9fb7d7d Extracting [==================================================>]  39.39MB/39.39MB
2025-08-17T13:34:39.4717458Z  1f08d9fb7d7d Pull complete 
2025-08-17T13:34:39.4738659Z  b452b5fb7338 Extracting [>                                                  ]  131.1kB/11.19MB
2025-08-17T13:34:39.5750003Z  b452b5fb7338 Extracting [====================================>              ]  8.258MB/11.19MB
2025-08-17T13:34:39.6042153Z  b452b5fb7338 Extracting [==================================================>]  11.19MB/11.19MB
2025-08-17T13:34:39.6183956Z  b452b5fb7338 Pull complete 
2025-08-17T13:34:39.6195849Z  e14ab7c7ae26 Extracting [>                                                  ]  32.77kB/2.402MB
2025-08-17T13:34:39.6460295Z  e14ab7c7ae26 Extracting [==================================================>]  2.402MB/2.402MB
2025-08-17T13:34:39.6540195Z  e14ab7c7ae26 Pull complete 
2025-08-17T13:34:39.6552137Z  3bf7f4428838 Extracting [=========>                                         ]  32.77kB/180.3kB
2025-08-17T13:34:39.6601897Z  3bf7f4428838 Extracting [==================================================>]  180.3kB/180.3kB
2025-08-17T13:34:39.6615552Z  3bf7f4428838 Extracting [==================================================>]  180.3kB/180.3kB
2025-08-17T13:34:39.6706635Z  3bf7f4428838 Pull complete 
2025-08-17T13:34:39.6718728Z  adc9ba906e83 Extracting [==================================================>]  11.88kB/11.88kB
2025-08-17T13:34:39.6720244Z  adc9ba906e83 Extracting [==================================================>]  11.88kB/11.88kB
2025-08-17T13:34:39.6799058Z  adc9ba906e83 Pull complete 
2025-08-17T13:34:39.6812641Z  1611ffcaf8be Extracting [==================================================>]     498B/498B
2025-08-17T13:34:39.6815192Z  1611ffcaf8be Extracting [==================================================>]     498B/498B
2025-08-17T13:34:39.6891829Z  1611ffcaf8be Pull complete 
2025-08-17T13:34:39.6951638Z  minio Pulled 
2025-08-17T13:34:39.6974385Z  Network awa-app_awa-net  Creating
2025-08-17T13:34:39.7304863Z  Network awa-app_awa-net  Created
2025-08-17T13:34:39.7355155Z  Volume "awa-app_miniodata"  Creating
2025-08-17T13:34:39.7366004Z  Volume "awa-app_miniodata"  Created
2025-08-17T13:34:39.7369058Z  Volume "awa-app_awa-data"  Creating
2025-08-17T13:34:39.7377776Z  Volume "awa-app_awa-data"  Created
2025-08-17T13:34:39.7382716Z  Container awa-app-postgres-1  Creating
2025-08-17T13:34:39.7384194Z  Container awa-app-minio-1  Creating
2025-08-17T13:34:39.7592270Z  Container awa-app-postgres-1  Created
2025-08-17T13:34:39.7592889Z  Container awa-app-minio-1  Created
2025-08-17T13:34:39.7597014Z  Container awa-app-fees_h10-1  Creating
2025-08-17T13:34:39.7604568Z  Container awa-app-api-1  Creating
2025-08-17T13:34:39.7611110Z  Container awa-app-logistics_etl-1  Creating
2025-08-17T13:34:39.7611917Z  Container awa-app-etl-1  Creating
2025-08-17T13:34:39.7810360Z  Container awa-app-fees_h10-1  Created
2025-08-17T13:34:39.7826664Z  Container awa-app-etl-1  Created
2025-08-17T13:34:39.7830366Z  Container awa-app-api-1  Created
2025-08-17T13:34:39.7830973Z  Container awa-app-repricer-1  Creating
2025-08-17T13:34:39.7831574Z  Container awa-app-web-1  Creating
2025-08-17T13:34:39.7845749Z  Container awa-app-logistics_etl-1  Created
2025-08-17T13:34:39.7976240Z  Container awa-app-repricer-1  Created
2025-08-17T13:34:39.7981813Z  Container awa-app-web-1  Created
2025-08-17T13:34:39.7995981Z  Container awa-app-minio-1  Starting
2025-08-17T13:34:39.7997057Z  Container awa-app-postgres-1  Starting
2025-08-17T13:34:39.9579064Z  Container awa-app-postgres-1  Started
2025-08-17T13:34:39.9579626Z  Container awa-app-postgres-1  Waiting
2025-08-17T13:34:39.9580090Z  Container awa-app-postgres-1  Waiting
2025-08-17T13:34:39.9580531Z  Container awa-app-postgres-1  Waiting
2025-08-17T13:34:40.0905057Z  Container awa-app-minio-1  Started
2025-08-17T13:34:40.0905642Z  Container awa-app-postgres-1  Waiting
2025-08-17T13:34:45.0915446Z  Container awa-app-postgres-1  Healthy
2025-08-17T13:34:45.0915961Z  Container awa-app-etl-1  Starting
2025-08-17T13:34:45.1995301Z  Container awa-app-etl-1  Started
2025-08-17T13:34:45.4599773Z  Container awa-app-postgres-1  Healthy
2025-08-17T13:34:45.4600385Z  Container awa-app-api-1  Starting
2025-08-17T13:34:45.4600847Z  Container awa-app-postgres-1  Healthy
2025-08-17T13:34:45.4601295Z  Container awa-app-fees_h10-1  Starting
2025-08-17T13:34:45.4604899Z  Container awa-app-postgres-1  Healthy
2025-08-17T13:34:45.4605618Z  Container awa-app-logistics_etl-1  Starting
2025-08-17T13:34:45.6134279Z  Container awa-app-fees_h10-1  Started
2025-08-17T13:34:45.6235384Z  Container awa-app-logistics_etl-1  Started
2025-08-17T13:34:45.6393416Z  Container awa-app-api-1  Started
2025-08-17T13:34:45.6394558Z  Container awa-app-web-1  Starting
2025-08-17T13:34:45.6395365Z  Container awa-app-api-1  Waiting
2025-08-17T13:34:45.6396101Z  Container awa-app-postgres-1  Waiting
2025-08-17T13:34:45.8231259Z  Container awa-app-web-1  Started
2025-08-17T13:34:46.1420501Z  Container awa-app-postgres-1  Healthy
2025-08-17T13:34:51.1405353Z  Container awa-app-api-1  Healthy
2025-08-17T13:34:51.1406036Z  Container awa-app-repricer-1  Starting
2025-08-17T13:34:51.2615531Z  Container awa-app-repricer-1  Started
2025-08-17T13:34:51.2616045Z  Container awa-app-fees_h10-1  Waiting
2025-08-17T13:34:51.2616430Z  Container awa-app-web-1  Waiting
2025-08-17T13:34:51.2616677Z  Container awa-app-postgres-1  Waiting
2025-08-17T13:34:51.2616943Z  Container awa-app-minio-1  Waiting
2025-08-17T13:34:51.2617191Z  Container awa-app-etl-1  Waiting
2025-08-17T13:34:51.2617419Z  Container awa-app-api-1  Waiting
2025-08-17T13:34:51.2617651Z  Container awa-app-logistics_etl-1  Waiting
2025-08-17T13:34:51.2617918Z  Container awa-app-repricer-1  Waiting
2025-08-17T13:34:51.7642528Z  Container awa-app-postgres-1  Healthy
2025-08-17T13:34:51.7643524Z  Container awa-app-web-1  Healthy
2025-08-17T13:34:51.7644404Z  Container awa-app-minio-1  Healthy
2025-08-17T13:34:51.7645073Z  Container awa-app-api-1  Healthy
2025-08-17T13:35:01.7629175Z  Container awa-app-repricer-1  Healthy
2025-08-17T13:35:15.2634420Z  Container awa-app-etl-1  Healthy
2025-08-17T13:35:15.7630433Z  Container awa-app-logistics_etl-1  Healthy
2025-08-17T13:35:16.2624148Z  Container awa-app-fees_h10-1  Healthy
2025-08-17T13:35:16.2687545Z ##[group]Run export COMPOSE_DOCKER_CLI_BUILD=1
2025-08-17T13:35:16.2687892Z [36;1mexport COMPOSE_DOCKER_CLI_BUILD=1[0m
2025-08-17T13:35:16.2688150Z [36;1mexport DOCKER_BUILDKIT=1[0m
2025-08-17T13:35:16.2688503Z [36;1mdocker compose ps --format '{{.Name}} {{.State.Health.Status}}' | tee ps.log[0m
2025-08-17T13:35:16.2688936Z [36;1mif grep -E '\b(unhealthy|starting|exited)\b' ps.log; then[0m
2025-08-17T13:35:16.2689225Z [36;1m  cat ps.log[0m
2025-08-17T13:35:16.2689408Z [36;1m  exit 1[0m
2025-08-17T13:35:16.2689567Z [36;1mfi[0m
2025-08-17T13:35:16.2730646Z shell: /usr/bin/bash -e {0}
2025-08-17T13:35:16.2730877Z ##[endgroup]
2025-08-17T13:35:16.3491289Z template parsing error: template: :1:18: executing "" at <.State.Health.Status>: can't evaluate field Health in type string
2025-08-17T13:35:16.3567371Z ##[group]Run export COMPOSE_DOCKER_CLI_BUILD=1
2025-08-17T13:35:16.3567713Z [36;1mexport COMPOSE_DOCKER_CLI_BUILD=1[0m
2025-08-17T13:35:16.3567971Z [36;1mexport DOCKER_BUILDKIT=1[0m
2025-08-17T13:35:16.3568231Z [36;1mdocker compose down -v --remove-orphans[0m
2025-08-17T13:35:16.3609155Z shell: /usr/bin/bash -e {0}
2025-08-17T13:35:16.3609384Z ##[endgroup]
2025-08-17T13:35:16.4347586Z  Container awa-app-logistics_etl-1  Stopping
2025-08-17T13:35:16.4348160Z  Container awa-app-etl-1  Stopping
2025-08-17T13:35:16.4349024Z  Container awa-app-web-1  Stopping
2025-08-17T13:35:16.4352941Z  Container awa-app-fees_h10-1  Stopping
2025-08-17T13:35:16.4353405Z  Container awa-app-repricer-1  Stopping
2025-08-17T13:35:16.5701633Z  Container awa-app-web-1  Stopped
2025-08-17T13:35:16.5708882Z  Container awa-app-web-1  Removing
2025-08-17T13:35:16.5864379Z  Container awa-app-web-1  Removed
2025-08-17T13:35:16.6176953Z  Container awa-app-fees_h10-1  Stopped
2025-08-17T13:35:16.6178540Z  Container awa-app-fees_h10-1  Removing
2025-08-17T13:35:16.6265842Z  Container awa-app-fees_h10-1  Removed
2025-08-17T13:35:16.7610148Z  Container awa-app-repricer-1  Stopped
2025-08-17T13:35:16.7611018Z  Container awa-app-repricer-1  Removing
2025-08-17T13:35:16.7678063Z  Container awa-app-repricer-1  Removed
2025-08-17T13:35:16.7678579Z  Container awa-app-api-1  Stopping
2025-08-17T13:35:17.2112817Z  Container awa-app-api-1  Stopped
2025-08-17T13:35:17.2113671Z  Container awa-app-api-1  Removing
2025-08-17T13:35:17.2185697Z  Container awa-app-api-1  Removed
2025-08-17T13:35:26.5563382Z  Container awa-app-etl-1  Stopped
2025-08-17T13:35:26.5564278Z  Container awa-app-etl-1  Removing
2025-08-17T13:35:26.5646612Z  Container awa-app-etl-1  Removed
2025-08-17T13:35:26.5650430Z  Container awa-app-minio-1  Stopping
2025-08-17T13:35:26.5666741Z  Container awa-app-logistics_etl-1  Stopped
2025-08-17T13:35:26.5668396Z  Container awa-app-logistics_etl-1  Removing
2025-08-17T13:35:26.5769830Z  Container awa-app-logistics_etl-1  Removed
2025-08-17T13:35:26.5774423Z  Container awa-app-postgres-1  Stopping
2025-08-17T13:35:26.6713498Z  Container awa-app-postgres-1  Stopped
2025-08-17T13:35:26.6714044Z  Container awa-app-postgres-1  Removing
2025-08-17T13:35:26.7176092Z  Container awa-app-postgres-1  Removed
2025-08-17T13:35:26.7596295Z  Container awa-app-minio-1  Stopped
2025-08-17T13:35:26.7597221Z  Container awa-app-minio-1  Removing
2025-08-17T13:35:26.7644211Z  Container awa-app-minio-1  Removed
2025-08-17T13:35:26.7651326Z  Volume awa-app_miniodata  Removing
2025-08-17T13:35:26.7652587Z  Volume awa-app_awa-data  Removing
2025-08-17T13:35:26.7653237Z  Network awa-app_awa-net  Removing
2025-08-17T13:35:26.7672140Z  Volume awa-app_miniodata  Removed
2025-08-17T13:35:26.7681173Z  Volume awa-app_awa-data  Removed
2025-08-17T13:35:26.8740993Z  Network awa-app_awa-net  Removed
2025-08-17T13:35:26.8846156Z Post job cleanup.
2025-08-17T13:35:26.9771040Z [command]/usr/bin/git version
2025-08-17T13:35:26.9806364Z git version 2.50.1
2025-08-17T13:35:26.9850501Z Temporarily overriding HOME='/home/runner/work/_temp/6ad24fe9-3754-48a5-bd90-e00ef1f122c3' before making global git config changes
2025-08-17T13:35:26.9851977Z Adding repository directory to the temporary git global config as a safe directory
2025-08-17T13:35:26.9863246Z [command]/usr/bin/git config --global --add safe.directory /home/runner/work/AWA-App/AWA-App
2025-08-17T13:35:26.9896763Z [command]/usr/bin/git config --local --name-only --get-regexp core\.sshCommand
2025-08-17T13:35:26.9928410Z [command]/usr/bin/git submodule foreach --recursive sh -c "git config --local --name-only --get-regexp 'core\.sshCommand' && git config --local --unset-all 'core.sshCommand' || :"
2025-08-17T13:35:27.0147180Z [command]/usr/bin/git config --local --name-only --get-regexp http\.https\:\/\/github\.com\/\.extraheader
2025-08-17T13:35:27.0170114Z http.https://github.com/.extraheader
2025-08-17T13:35:27.0183566Z [command]/usr/bin/git config --local --unset-all http.https://github.com/.extraheader
2025-08-17T13:35:27.0213717Z [command]/usr/bin/git submodule foreach --recursive sh -c "git config --local --name-only --get-regexp 'http\.https\:\/\/github\.com\/\.extraheader' && git config --local --unset-all 'http.https://github.com/.extraheader' || :"
2025-08-17T13:35:27.0537230Z Cleaning up orphan processes
