2025-08-17T01:42:22.2077689Z Current runner version: '2.327.1'
2025-08-17T01:42:22.2100834Z ##[group]Runner Image Provisioner
2025-08-17T01:42:22.2101648Z Hosted Compute Agent
2025-08-17T01:42:22.2102144Z Version: 20250812.370
2025-08-17T01:42:22.2102849Z Commit: 4a2b2bf7520004e3e907c2150c8cabe342a3da32
2025-08-17T01:42:22.2103535Z Build Date: 2025-08-12T16:08:14Z
2025-08-17T01:42:22.2104105Z ##[endgroup]
2025-08-17T01:42:22.2104654Z ##[group]Operating System
2025-08-17T01:42:22.2105207Z Ubuntu
2025-08-17T01:42:22.2105644Z 24.04.2
2025-08-17T01:42:22.2106150Z LTS
2025-08-17T01:42:22.2106630Z ##[endgroup]
2025-08-17T01:42:22.2107072Z ##[group]Runner Image
2025-08-17T01:42:22.2107651Z Image: ubuntu-24.04
2025-08-17T01:42:22.2108289Z Version: 20250810.1.0
2025-08-17T01:42:22.2109311Z Included Software: https://github.com/actions/runner-images/blob/ubuntu24/20250810.1/images/ubuntu/Ubuntu2404-Readme.md
2025-08-17T01:42:22.2110912Z Image Release: https://github.com/actions/runner-images/releases/tag/ubuntu24%2F20250810.1
2025-08-17T01:42:22.2111864Z ##[endgroup]
2025-08-17T01:42:22.2114366Z ##[group]GITHUB_TOKEN Permissions
2025-08-17T01:42:22.2116272Z Actions: write
2025-08-17T01:42:22.2116961Z Attestations: write
2025-08-17T01:42:22.2117544Z Checks: write
2025-08-17T01:42:22.2117998Z Contents: write
2025-08-17T01:42:22.2118876Z Deployments: write
2025-08-17T01:42:22.2119386Z Discussions: write
2025-08-17T01:42:22.2119870Z Issues: write
2025-08-17T01:42:22.2120294Z Metadata: read
2025-08-17T01:42:22.2120875Z Models: read
2025-08-17T01:42:22.2121317Z Packages: write
2025-08-17T01:42:22.2121798Z Pages: write
2025-08-17T01:42:22.2122351Z PullRequests: write
2025-08-17T01:42:22.2122840Z RepositoryProjects: write
2025-08-17T01:42:22.2123381Z SecurityEvents: write
2025-08-17T01:42:22.2124066Z Statuses: write
2025-08-17T01:42:22.2124558Z ##[endgroup]
2025-08-17T01:42:22.2126484Z Secret source: Actions
2025-08-17T01:42:22.2127279Z Prepare workflow directory
2025-08-17T01:42:22.2458771Z Prepare all required actions
2025-08-17T01:42:22.2496119Z Getting action download info
2025-08-17T01:42:22.5863185Z Download action repository 'actions/checkout@v4' (SHA:08eba0b27e820071cde6df949e0beb9ba4906955)
2025-08-17T01:42:23.3854769Z Complete job name: health-checks
2025-08-17T01:42:23.4461988Z ##[group]Run actions/checkout@v4
2025-08-17T01:42:23.4462801Z with:
2025-08-17T01:42:23.4463168Z   fetch-depth: 0
2025-08-17T01:42:23.4463589Z   repository: AlexBomber12/AWA-App
2025-08-17T01:42:23.4464226Z   token: ***
2025-08-17T01:42:23.4464601Z   ssh-strict: true
2025-08-17T01:42:23.4464995Z   ssh-user: git
2025-08-17T01:42:23.4465393Z   persist-credentials: true
2025-08-17T01:42:23.4465840Z   clean: true
2025-08-17T01:42:23.4466230Z   sparse-checkout-cone-mode: true
2025-08-17T01:42:23.4466713Z   fetch-tags: false
2025-08-17T01:42:23.4467150Z   show-progress: true
2025-08-17T01:42:23.4467573Z   lfs: false
2025-08-17T01:42:23.4468172Z   submodules: false
2025-08-17T01:42:23.4468748Z   set-safe-directory: true
2025-08-17T01:42:23.4469509Z ##[endgroup]
2025-08-17T01:42:23.5537965Z Syncing repository: AlexBomber12/AWA-App
2025-08-17T01:42:23.5541548Z ##[group]Getting Git version info
2025-08-17T01:42:23.5542895Z Working directory is '/home/runner/work/AWA-App/AWA-App'
2025-08-17T01:42:23.5544991Z [command]/usr/bin/git version
2025-08-17T01:42:23.5569348Z git version 2.50.1
2025-08-17T01:42:23.5594392Z ##[endgroup]
2025-08-17T01:42:23.5607224Z Temporarily overriding HOME='/home/runner/work/_temp/5672e24a-8244-49b8-96b4-94d66e1024d7' before making global git config changes
2025-08-17T01:42:23.5608944Z Adding repository directory to the temporary git global config as a safe directory
2025-08-17T01:42:23.5612560Z [command]/usr/bin/git config --global --add safe.directory /home/runner/work/AWA-App/AWA-App
2025-08-17T01:42:23.5646509Z Deleting the contents of '/home/runner/work/AWA-App/AWA-App'
2025-08-17T01:42:23.5650402Z ##[group]Initializing the repository
2025-08-17T01:42:23.5653915Z [command]/usr/bin/git init /home/runner/work/AWA-App/AWA-App
2025-08-17T01:42:23.5724551Z hint: Using 'master' as the name for the initial branch. This default branch name
2025-08-17T01:42:23.5726645Z hint: is subject to change. To configure the initial branch name to use in all
2025-08-17T01:42:23.5728621Z hint: of your new repositories, which will suppress this warning, call:
2025-08-17T01:42:23.5729549Z hint:
2025-08-17T01:42:23.5730127Z hint: 	git config --global init.defaultBranch <name>
2025-08-17T01:42:23.5730766Z hint:
2025-08-17T01:42:23.5731359Z hint: Names commonly chosen instead of 'master' are 'main', 'trunk' and
2025-08-17T01:42:23.5732374Z hint: 'development'. The just-created branch can be renamed via this command:
2025-08-17T01:42:23.5733558Z hint:
2025-08-17T01:42:23.5733986Z hint: 	git branch -m <name>
2025-08-17T01:42:23.5734432Z hint:
2025-08-17T01:42:23.5735006Z hint: Disable this message with "git config set advice.defaultBranchName false"
2025-08-17T01:42:23.5736124Z Initialized empty Git repository in /home/runner/work/AWA-App/AWA-App/.git/
2025-08-17T01:42:23.5737961Z [command]/usr/bin/git remote add origin https://github.com/AlexBomber12/AWA-App
2025-08-17T01:42:23.5769233Z ##[endgroup]
2025-08-17T01:42:23.5769936Z ##[group]Disabling automatic garbage collection
2025-08-17T01:42:23.5773133Z [command]/usr/bin/git config --local gc.auto 0
2025-08-17T01:42:23.5800208Z ##[endgroup]
2025-08-17T01:42:23.5800868Z ##[group]Setting up auth
2025-08-17T01:42:23.5806390Z [command]/usr/bin/git config --local --name-only --get-regexp core\.sshCommand
2025-08-17T01:42:23.5835302Z [command]/usr/bin/git submodule foreach --recursive sh -c "git config --local --name-only --get-regexp 'core\.sshCommand' && git config --local --unset-all 'core.sshCommand' || :"
2025-08-17T01:42:23.6090767Z [command]/usr/bin/git config --local --name-only --get-regexp http\.https\:\/\/github\.com\/\.extraheader
2025-08-17T01:42:23.6118293Z [command]/usr/bin/git submodule foreach --recursive sh -c "git config --local --name-only --get-regexp 'http\.https\:\/\/github\.com\/\.extraheader' && git config --local --unset-all 'http.https://github.com/.extraheader' || :"
2025-08-17T01:42:23.6332296Z [command]/usr/bin/git config --local http.https://github.com/.extraheader AUTHORIZATION: basic ***
2025-08-17T01:42:23.6365827Z ##[endgroup]
2025-08-17T01:42:23.6367126Z ##[group]Fetching the repository
2025-08-17T01:42:23.6376680Z [command]/usr/bin/git -c protocol.version=2 fetch --prune --no-recurse-submodules origin +refs/heads/*:refs/remotes/origin/* +refs/tags/*:refs/tags/* +de08747566a3d28e0b074d731c493827256929e4:refs/remotes/pull/218/merge
2025-08-17T01:42:25.0940420Z From https://github.com/AlexBomber12/AWA-App
2025-08-17T01:42:25.0941843Z  * [new branch]      codex/check-ci-logs-for-errors-and-fix-them -> origin/codex/check-ci-logs-for-errors-and-fix-them
2025-08-17T01:42:25.0942902Z  * [new branch]      codex/check-logs-for-errors-and-fix-issues -> origin/codex/check-logs-for-errors-and-fix-issues
2025-08-17T01:42:25.0944066Z  * [new branch]      codex/fix-ci-workflows-based-on-logs     -> origin/codex/fix-ci-workflows-based-on-logs
2025-08-17T01:42:25.0945113Z  * [new branch]      codex/fix-ci-workflows-based-on-logs-sca1uo -> origin/codex/fix-ci-workflows-based-on-logs-sca1uo
2025-08-17T01:42:25.0946294Z  * [new branch]      codex/fix-ci-workflows-to-pass-tests     -> origin/codex/fix-ci-workflows-to-pass-tests
2025-08-17T01:42:25.0948576Z  * [new branch]      codex/fix-ci-workflows-until-all-pass    -> origin/codex/fix-ci-workflows-until-all-pass
2025-08-17T01:42:25.0950312Z  * [new branch]      codex/fix-ci-workflows-until-passing     -> origin/codex/fix-ci-workflows-until-passing
2025-08-17T01:42:25.0952668Z  * [new branch]      codex/implement-targeted-ci-fixes-until-green -> origin/codex/implement-targeted-ci-fixes-until-green
2025-08-17T01:42:25.0954382Z  * [new branch]      codex/implement-targeted-ci-fixes-until-green-g91k8p -> origin/codex/implement-targeted-ci-fixes-until-green-g91k8p
2025-08-17T01:42:25.0956414Z  * [new branch]      codex/replace-github-cli-with-python-rest-calls -> origin/codex/replace-github-cli-with-python-rest-calls
2025-08-17T01:42:25.0958214Z  * [new branch]      gh-pages                                 -> origin/gh-pages
2025-08-17T01:42:25.0960509Z  * [new branch]      main                                     -> origin/main
2025-08-17T01:42:25.0961876Z  * [new tag]         0.3.0                                    -> 0.3.0
2025-08-17T01:42:25.0965128Z  * [new ref]         de08747566a3d28e0b074d731c493827256929e4 -> pull/218/merge
2025-08-17T01:42:25.0994997Z ##[endgroup]
2025-08-17T01:42:25.0995479Z ##[group]Determining the checkout info
2025-08-17T01:42:25.0996382Z ##[endgroup]
2025-08-17T01:42:25.1001552Z [command]/usr/bin/git sparse-checkout disable
2025-08-17T01:42:25.1038768Z [command]/usr/bin/git config --local --unset-all extensions.worktreeConfig
2025-08-17T01:42:25.1064937Z ##[group]Checking out the ref
2025-08-17T01:42:25.1069552Z [command]/usr/bin/git checkout --progress --force refs/remotes/pull/218/merge
2025-08-17T01:42:25.1529874Z Note: switching to 'refs/remotes/pull/218/merge'.
2025-08-17T01:42:25.1530570Z 
2025-08-17T01:42:25.1531019Z You are in 'detached HEAD' state. You can look around, make experimental
2025-08-17T01:42:25.1531818Z changes and commit them, and you can discard any commits you make in this
2025-08-17T01:42:25.1532481Z state without impacting any branches by switching back to a branch.
2025-08-17T01:42:25.1532891Z 
2025-08-17T01:42:25.1533195Z If you want to create a new branch to retain commits you create, you may
2025-08-17T01:42:25.1533834Z do so (now or later) by using -c with the switch command. Example:
2025-08-17T01:42:25.1534170Z 
2025-08-17T01:42:25.1534324Z   git switch -c <new-branch-name>
2025-08-17T01:42:25.1534568Z 
2025-08-17T01:42:25.1534737Z Or undo this operation with:
2025-08-17T01:42:25.1535000Z 
2025-08-17T01:42:25.1535122Z   git switch -
2025-08-17T01:42:25.1535296Z 
2025-08-17T01:42:25.1535572Z Turn off this advice by setting config variable advice.detachedHead to false
2025-08-17T01:42:25.1535963Z 
2025-08-17T01:42:25.1536413Z HEAD is now at de08747 Merge 84c8358272342badaa199cb34e38de9ab654d51c into 8627efd052811a1ca92af64ada9ad05d4c7cd043
2025-08-17T01:42:25.1544161Z ##[endgroup]
2025-08-17T01:42:25.1580728Z [command]/usr/bin/git log -1 --format=%H
2025-08-17T01:42:25.1602060Z de08747566a3d28e0b074d731c493827256929e4
2025-08-17T01:42:25.1774724Z ##[group]Run if [ ! -f .env ]; then cp .env.postgres .env; fi
2025-08-17T01:42:25.1775236Z [36;1mif [ ! -f .env ]; then cp .env.postgres .env; fi[0m
2025-08-17T01:42:25.1845262Z shell: /usr/bin/bash -e {0}
2025-08-17T01:42:25.1845578Z ##[endgroup]
2025-08-17T01:42:25.1957460Z ##[group]Run export COMPOSE_DOCKER_CLI_BUILD=1
2025-08-17T01:42:25.1957853Z [36;1mexport COMPOSE_DOCKER_CLI_BUILD=1[0m
2025-08-17T01:42:25.1958516Z [36;1mexport DOCKER_BUILDKIT=1[0m
2025-08-17T01:42:25.1958984Z [36;1mdocker compose build --build-arg TZ_CACHE_BUST=de08747566a3d28e0b074d731c493827256929e4[0m
2025-08-17T01:42:25.1996708Z shell: /usr/bin/bash -e {0}
2025-08-17T01:42:25.1996978Z ##[endgroup]
2025-08-17T01:42:27.5005825Z #1 [internal] load local bake definitions
2025-08-17T01:42:27.6093519Z #1 reading from stdin 2.87kB done
2025-08-17T01:42:27.6094220Z #1 DONE 0.0s
2025-08-17T01:42:27.8019688Z 
2025-08-17T01:42:27.8020519Z #2 [repricer internal] load build definition from Dockerfile
2025-08-17T01:42:27.8021398Z #2 transferring dockerfile: 1.04kB done
2025-08-17T01:42:27.8022033Z #2 DONE 0.0s
2025-08-17T01:42:27.8022331Z 
2025-08-17T01:42:27.8022718Z #3 [api internal] load build definition from Dockerfile
2025-08-17T01:42:27.8023670Z #3 transferring dockerfile: 1.44kB done
2025-08-17T01:42:27.8024285Z #3 DONE 0.0s
2025-08-17T01:42:27.8024551Z 
2025-08-17T01:42:27.8025045Z #4 [web internal] load build definition from Dockerfile
2025-08-17T01:42:27.8027498Z #4 transferring dockerfile: 293B done
2025-08-17T01:42:27.8028394Z #4 DONE 0.0s
2025-08-17T01:42:27.8028673Z 
2025-08-17T01:42:27.8029035Z #5 [logistics_etl internal] load build definition from Dockerfile
2025-08-17T01:42:27.8029840Z #5 transferring dockerfile: 578B done
2025-08-17T01:42:27.8030973Z #5 DONE 0.0s
2025-08-17T01:42:27.8031220Z 
2025-08-17T01:42:27.8031551Z #6 [postgres internal] load build definition from Dockerfile
2025-08-17T01:42:27.8032291Z #6 transferring dockerfile: 807B done
2025-08-17T01:42:27.8032827Z #6 DONE 0.0s
2025-08-17T01:42:27.8033073Z 
2025-08-17T01:42:27.8033341Z #7 [etl internal] load build definition from Dockerfile
2025-08-17T01:42:27.8033768Z #7 transferring dockerfile: 1.15kB done
2025-08-17T01:42:27.8034127Z #7 DONE 0.0s
2025-08-17T01:42:27.8034286Z 
2025-08-17T01:42:27.8034502Z #8 [fees_h10 internal] load build definition from Dockerfile
2025-08-17T01:42:27.8035023Z #8 transferring dockerfile: 962B done
2025-08-17T01:42:27.8035379Z #8 DONE 0.0s
2025-08-17T01:42:27.8035531Z 
2025-08-17T01:42:27.8035891Z #9 [fees_h10] resolve image config for docker-image://docker.io/docker/dockerfile:1.6
2025-08-17T01:42:27.9872331Z #9 ...
2025-08-17T01:42:27.9872564Z 
2025-08-17T01:42:27.9872808Z #10 [auth] docker/dockerfile:pull token for registry-1.docker.io
2025-08-17T01:42:27.9873275Z #10 DONE 0.0s
2025-08-17T01:42:27.9873403Z 
2025-08-17T01:42:27.9873583Z #11 [auth] library/nginx:pull token for registry-1.docker.io
2025-08-17T01:42:27.9873940Z #11 DONE 0.0s
2025-08-17T01:42:27.9874138Z 
2025-08-17T01:42:27.9874330Z #12 [auth] library/postgres:pull token for registry-1.docker.io
2025-08-17T01:42:27.9874699Z #12 DONE 0.0s
2025-08-17T01:42:27.9874827Z 
2025-08-17T01:42:27.9875008Z #13 [auth] library/node:pull token for registry-1.docker.io
2025-08-17T01:42:27.9875359Z #13 DONE 0.0s
2025-08-17T01:42:28.1374648Z 
2025-08-17T01:42:28.1375314Z #14 [postgres internal] load metadata for docker.io/library/postgres:16
2025-08-17T01:42:28.5378809Z #14 ...
2025-08-17T01:42:28.5379043Z 
2025-08-17T01:42:28.5379380Z #15 [web internal] load metadata for docker.io/library/node:20-alpine
2025-08-17T01:42:28.5379790Z #15 DONE 0.9s
2025-08-17T01:42:28.6783850Z 
2025-08-17T01:42:28.6784493Z #16 [web internal] load metadata for docker.io/library/nginx:1.25-alpine
2025-08-17T01:42:28.6785276Z #16 DONE 0.9s
2025-08-17T01:42:28.6785474Z 
2025-08-17T01:42:28.6785648Z #17 [web internal] load .dockerignore
2025-08-17T01:42:28.6786130Z #17 transferring context: 2B done
2025-08-17T01:42:28.6786560Z #17 DONE 0.0s
2025-08-17T01:42:28.6786749Z 
2025-08-17T01:42:28.6787099Z #14 [postgres internal] load metadata for docker.io/library/postgres:16
2025-08-17T01:42:28.6787761Z #14 DONE 0.9s
2025-08-17T01:42:28.6787954Z 
2025-08-17T01:42:28.6788301Z #18 [web internal] load build context
2025-08-17T01:42:28.6789165Z #18 transferring context: 267.06kB done
2025-08-17T01:42:28.6789603Z #18 DONE 0.0s
2025-08-17T01:42:28.6789730Z 
2025-08-17T01:42:28.6789853Z #19 [postgres internal] load .dockerignore
2025-08-17T01:42:28.6790232Z #19 transferring context: 265B done
2025-08-17T01:42:28.6790507Z #19 DONE 0.0s
2025-08-17T01:42:28.6790639Z 
2025-08-17T01:42:28.6790754Z #20 [postgres internal] load build context
2025-08-17T01:42:28.6791075Z #20 transferring context: 582B done
2025-08-17T01:42:28.6791365Z #20 DONE 0.0s
2025-08-17T01:42:28.6791485Z 
2025-08-17T01:42:28.6791836Z #9 [logistics_etl] resolve image config for docker-image://docker.io/docker/dockerfile:1.6
2025-08-17T01:42:28.6792334Z #9 DONE 1.0s
2025-08-17T01:42:28.6792454Z 
2025-08-17T01:42:28.6793034Z #21 [logistics_etl] docker-image://docker.io/docker/dockerfile:1.6@sha256:ac85f380a63b13dfcefa89046420e1781752bab202122f8f50032edf31be0021
2025-08-17T01:42:28.6794118Z #21 resolve docker.io/docker/dockerfile:1.6@sha256:ac85f380a63b13dfcefa89046420e1781752bab202122f8f50032edf31be0021 done
2025-08-17T01:42:28.8008514Z #21 sha256:ac85f380a63b13dfcefa89046420e1781752bab202122f8f50032edf31be0021 8.40kB / 8.40kB done
2025-08-17T01:42:28.8009247Z #21 sha256:657fcc512c7369f4cb3d94ea329150f8daf626bc838b1a1e81f1834c73ecc77e 482B / 482B done
2025-08-17T01:42:28.8009853Z #21 sha256:a17ee7fff8f5e97b974f5b48f51647d2cf28d543f2aa6c11aaa0ea431b44bb89 1.27kB / 1.27kB done
2025-08-17T01:42:31.0146631Z #21 sha256:9d9c93f4b00be908ab694a4df732570bced3b8a96b7515d70ff93402179ad232 0B / 11.80MB 2.4s
2025-08-17T01:42:31.2436479Z #21 sha256:9d9c93f4b00be908ab694a4df732570bced3b8a96b7515d70ff93402179ad232 3.15MB / 11.80MB 2.6s
2025-08-17T01:42:31.3790366Z #21 ...
2025-08-17T01:42:31.3790773Z 
2025-08-17T01:42:31.3791542Z #22 [web stage-1 1/2] FROM docker.io/library/nginx:1.25-alpine@sha256:516475cc129da42866742567714ddc681e5eed7b9ee0b9e9c015e464b4221a00
2025-08-17T01:42:31.3793137Z #22 resolve docker.io/library/nginx:1.25-alpine@sha256:516475cc129da42866742567714ddc681e5eed7b9ee0b9e9c015e464b4221a00 done
2025-08-17T01:42:31.3794498Z #22 sha256:721fa00bc549df26b3e67cc558ff176112d4ba69847537766f3c28e171d180e7 2.50kB / 2.50kB done
2025-08-17T01:42:31.3795571Z #22 sha256:516475cc129da42866742567714ddc681e5eed7b9ee0b9e9c015e464b4221a00 9.07kB / 9.07kB done
2025-08-17T01:42:31.3796691Z #22 sha256:501d84f5d06487ff81e506134dc922ed4fd2080d5521eb5b6ee4054fa17d15c4 10.80kB / 10.80kB done
2025-08-17T01:42:31.3799848Z #22 sha256:4abcf20661432fb2d719aaf90656f55c287f8ca915dc1c92ec14ff61e67fbaf8 3.41MB / 3.41MB 0.5s done
2025-08-17T01:42:31.3801008Z #22 sha256:fc21a1d387f514f53589abea6d67cd6b329dfd3c9059bc96a552af3b3c97b413 3.99MB / 3.99MB 0.6s done
2025-08-17T01:42:31.3802506Z #22 extracting sha256:4abcf20661432fb2d719aaf90656f55c287f8ca915dc1c92ec14ff61e67fbaf8 0.1s done
2025-08-17T01:42:31.3803543Z #22 sha256:e6ef242c157026935bf8a69e6cf19f8f6635e44507c813daf0cc644f2e22396b 629B / 629B 0.6s done
2025-08-17T01:42:31.3804582Z #22 extracting sha256:fc21a1d387f514f53589abea6d67cd6b329dfd3c9059bc96a552af3b3c97b413 0.2s done
2025-08-17T01:42:31.3805943Z #22 sha256:13fcfbc94648785b918ecc1af675ac5187cdfc30f4fdaf9afa8bd2e9dedf548b 954B / 954B 0.7s done
2025-08-17T01:42:31.3807162Z #22 sha256:d4bca490e609acaaf54ca73363442d31a31fd136a47a20a12370cf2025f0a10b 393B / 393B 0.7s done
2025-08-17T01:42:31.3808385Z #22 sha256:5406ed7b06d9a94b5bd15843d2a1c7e38796a3ec5dc7f40f16f70cc1d045f453 1.21kB / 1.21kB 0.8s done
2025-08-17T01:42:31.3809482Z #22 sha256:8a3742a9529dc5c00974dfcf5e465be9f1606ff8a1911527b3928cf86ad57465 1.40kB / 1.40kB 0.8s done
2025-08-17T01:42:31.3810593Z #22 sha256:0d0c16747d2c6b6c26c064652afcb964c15f1b1e596ec052b2aa19b83948ae27 13.04MB / 13.04MB 1.1s done
2025-08-17T01:42:31.3811626Z #22 extracting sha256:e6ef242c157026935bf8a69e6cf19f8f6635e44507c813daf0cc644f2e22396b done
2025-08-17T01:42:31.3812614Z #22 extracting sha256:13fcfbc94648785b918ecc1af675ac5187cdfc30f4fdaf9afa8bd2e9dedf548b done
2025-08-17T01:42:31.3813601Z #22 extracting sha256:d4bca490e609acaaf54ca73363442d31a31fd136a47a20a12370cf2025f0a10b done
2025-08-17T01:42:31.3815244Z #22 extracting sha256:5406ed7b06d9a94b5bd15843d2a1c7e38796a3ec5dc7f40f16f70cc1d045f453 done
2025-08-17T01:42:31.3816248Z #22 extracting sha256:8a3742a9529dc5c00974dfcf5e465be9f1606ff8a1911527b3928cf86ad57465 done
2025-08-17T01:42:31.3817242Z #22 extracting sha256:0d0c16747d2c6b6c26c064652afcb964c15f1b1e596ec052b2aa19b83948ae27 0.4s done
2025-08-17T01:42:31.3817952Z #22 DONE 2.8s
2025-08-17T01:42:31.3818266Z 
2025-08-17T01:42:31.3818972Z #21 [logistics_etl] docker-image://docker.io/docker/dockerfile:1.6@sha256:ac85f380a63b13dfcefa89046420e1781752bab202122f8f50032edf31be0021
2025-08-17T01:42:31.3820282Z #21 sha256:9d9c93f4b00be908ab694a4df732570bced3b8a96b7515d70ff93402179ad232 11.80MB / 11.80MB 2.7s done
2025-08-17T01:42:31.3821318Z #21 extracting sha256:9d9c93f4b00be908ab694a4df732570bced3b8a96b7515d70ff93402179ad232
2025-08-17T01:42:31.5012507Z #21 extracting sha256:9d9c93f4b00be908ab694a4df732570bced3b8a96b7515d70ff93402179ad232 0.1s done
2025-08-17T01:42:31.5018309Z #21 DONE 2.8s
2025-08-17T01:42:31.5018835Z 
2025-08-17T01:42:31.5022931Z #23 [postgres 1/6] FROM docker.io/library/postgres:16@sha256:66a5efb5677ffac1037774a0e141fd3a4c035c9c0c0e624c9cc980dfa10f45e5
2025-08-17T01:42:31.5024858Z #23 resolve docker.io/library/postgres:16@sha256:66a5efb5677ffac1037774a0e141fd3a4c035c9c0c0e624c9cc980dfa10f45e5 done
2025-08-17T01:42:31.5027387Z #23 sha256:3084fa1fadd59e7633ec56d318f1e4de01be744f446c5c35df7cd801fbc34894 3.63kB / 3.63kB done
2025-08-17T01:42:31.5028622Z #23 sha256:66a5efb5677ffac1037774a0e141fd3a4c035c9c0c0e624c9cc980dfa10f45e5 10.24kB / 10.24kB done
2025-08-17T01:42:31.5030034Z #23 sha256:4b802c5161ddfa2ae4beac272c4e24aa5e162a20451c8489cbb952a88507732f 9.89kB / 9.89kB done
2025-08-17T01:42:31.5031108Z #23 sha256:396b1da7636e2dcd10565cb4f2f952cbb4a8a38b58d3b86a2cacb172fb70117c 29.77MB / 29.77MB 1.8s done
2025-08-17T01:42:31.5059878Z #23 sha256:fb850b0e3049060bf4eb46c8806d7ceea916d67e5cc56d6b295511e27463e56b 1.17kB / 1.17kB 1.1s done
2025-08-17T01:42:31.5061064Z #23 sha256:7f09385d08f9e8f578f9dad57582fff30d6ca3ef0f4d66ab5e1bf92c88862341 6.44MB / 6.44MB 1.8s done
2025-08-17T01:42:31.5062204Z #23 sha256:534f45d26d937460abe84bd086361a04c27e624a23f9384ff13f11c24c64c7bb 1.45MB / 1.45MB 1.9s done
2025-08-17T01:42:31.5063306Z #23 sha256:2b6532633f5d125e9a709f56f26af5a07390c859a5c77142b74da1d4e3c79fee 8.20MB / 8.20MB 2.0s done
2025-08-17T01:42:31.5064398Z #23 sha256:19947f6cc5d3035f6c922fa1d6047c79e044256ad948080adb59cec60717b9f8 116B / 116B 2.1s done
2025-08-17T01:42:31.5065509Z #23 sha256:320fa150e60fca9bb108771a06f08d5464ad8b7474b7bf3f4b44d723b686ee72 1.31MB / 1.31MB 2.0s done
2025-08-17T01:42:31.5066565Z #23 extracting sha256:396b1da7636e2dcd10565cb4f2f952cbb4a8a38b58d3b86a2cacb172fb70117c 0.6s
2025-08-17T01:42:31.5067676Z #23 sha256:e787bdd7824bfcb30d11087160de825f724620c952958f4f725c13421499b724 3.14kB / 3.14kB 2.1s done
2025-08-17T01:42:31.5069023Z #23 sha256:a1e4ad56dcecf442fba1cec05cd565ededfdc663e5172df9ef9394d96d4c96f8 51.38MB / 113.19MB 2.9s
2025-08-17T01:42:31.5070182Z #23 sha256:987c1b4919ea2d87df20824aaef43a9de0575ac7df684579ad267c7e48c8eeea 10.01kB / 10.01kB 2.2s done
2025-08-17T01:42:31.5071315Z #23 sha256:a858bd6d34e86a481a2e028e3ba489e662b3ac7713eba9a5d3bb97002c7d797e 128B / 128B 2.3s done
2025-08-17T01:42:31.5072450Z #23 sha256:f1b3502db45ad485f0affe43e32fc81d699ddac01c023f198271a0a7e1cecd4c 169B / 169B 2.3s done
2025-08-17T01:42:31.5073622Z #23 sha256:25ef78fb127c1934630de29a3d38f46e544360b1dcf5cfc09b25507fbe88fd75 5.92kB / 5.92kB 2.4s done
2025-08-17T01:42:31.5074790Z #23 sha256:240810240d04caaaccb11d51ba7c3a7f7d6f470ec2a80ee420a3d33899d9a303 184B / 184B 2.5s done
2025-08-17T01:42:31.6023029Z #23 sha256:a1e4ad56dcecf442fba1cec05cd565ededfdc663e5172df9ef9394d96d4c96f8 62.91MB / 113.19MB 3.0s
2025-08-17T01:42:31.9013006Z #23 ...
2025-08-17T01:42:31.9013347Z 
2025-08-17T01:42:31.9013618Z #24 [auth] library/python:pull token for registry-1.docker.io
2025-08-17T01:42:31.9014315Z #24 DONE 0.0s
2025-08-17T01:42:31.9014521Z 
2025-08-17T01:42:31.9015509Z #25 [web build 1/6] FROM docker.io/library/node:20-alpine@sha256:df02558528d3d3d0d621f112e232611aecfee7cbc654f6b375765f72bb262799
2025-08-17T01:42:31.9016892Z #25 resolve docker.io/library/node:20-alpine@sha256:df02558528d3d3d0d621f112e232611aecfee7cbc654f6b375765f72bb262799 done
2025-08-17T01:42:31.9018259Z #25 sha256:7cdef5a331927fafa250be6166052d8599bf5eb7b014342538c2cc79b70a081f 6.42kB / 6.42kB done
2025-08-17T01:42:31.9019375Z #25 sha256:9824c27679d3b27c5e1cb00a73adb6f4f8d556994111c12db3c5d61a0c843df8 3.80MB / 3.80MB 0.2s done
2025-08-17T01:42:31.9020527Z #25 sha256:8c59d92d6fc9f01af4aaa86824be72b74bd4d940c4c46aa95d9710bfa46c975e 42.99MB / 42.99MB 0.8s done
2025-08-17T01:42:31.9021780Z #25 sha256:54225bd601967a0aa669ec9be621c24d8eeac874b698d55874018070898685c2 1.26MB / 1.26MB 0.3s done
2025-08-17T01:42:31.9022726Z #25 sha256:df02558528d3d3d0d621f112e232611aecfee7cbc654f6b375765f72bb262799 7.67kB / 7.67kB done
2025-08-17T01:42:31.9023662Z #25 sha256:ae6ee91a652d927de01d550c29f863a52f1da390c89df95f3ceba256d1e62604 1.72kB / 1.72kB done
2025-08-17T01:42:31.9024594Z #25 extracting sha256:9824c27679d3b27c5e1cb00a73adb6f4f8d556994111c12db3c5d61a0c843df8 0.1s done
2025-08-17T01:42:31.9025527Z #25 sha256:a9e48ad1219d4d11c6456a8db0fd5c11af46242d52edf84e17ab84a7bfd93809 445B / 445B 0.3s done
2025-08-17T01:42:31.9026459Z #25 extracting sha256:8c59d92d6fc9f01af4aaa86824be72b74bd4d940c4c46aa95d9710bfa46c975e 2.0s done
2025-08-17T01:42:31.9027375Z #25 extracting sha256:54225bd601967a0aa669ec9be621c24d8eeac874b698d55874018070898685c2 0.0s done
2025-08-17T01:42:31.9028955Z #25 extracting sha256:a9e48ad1219d4d11c6456a8db0fd5c11af46242d52edf84e17ab84a7bfd93809 done
2025-08-17T01:42:31.9029646Z #25 DONE 3.2s
2025-08-17T01:42:31.9029815Z 
2025-08-17T01:42:31.9029960Z #26 [web build 2/6] WORKDIR /app
2025-08-17T01:42:31.9030304Z #26 DONE 0.0s
2025-08-17T01:42:31.9030474Z 
2025-08-17T01:42:31.9030639Z #27 [web build 3/6] COPY package*.json ./
2025-08-17T01:42:31.9031030Z #27 DONE 0.0s
2025-08-17T01:42:31.9031204Z 
2025-08-17T01:42:31.9031824Z #23 [postgres 1/6] FROM docker.io/library/postgres:16@sha256:66a5efb5677ffac1037774a0e141fd3a4c035c9c0c0e624c9cc980dfa10f45e5
2025-08-17T01:42:31.9033076Z #23 sha256:a1e4ad56dcecf442fba1cec05cd565ededfdc663e5172df9ef9394d96d4c96f8 80.84MB / 113.19MB 3.3s
2025-08-17T01:42:32.0801170Z #23 extracting sha256:396b1da7636e2dcd10565cb4f2f952cbb4a8a38b58d3b86a2cacb172fb70117c 1.5s done
2025-08-17T01:42:32.0803243Z #23 sha256:a1e4ad56dcecf442fba1cec05cd565ededfdc663e5172df9ef9394d96d4c96f8 90.18MB / 113.19MB 3.4s
2025-08-17T01:42:32.2014119Z #23 sha256:a1e4ad56dcecf442fba1cec05cd565ededfdc663e5172df9ef9394d96d4c96f8 110.10MB / 113.19MB 3.6s
2025-08-17T01:42:32.2015159Z #23 extracting sha256:fb850b0e3049060bf4eb46c8806d7ceea916d67e5cc56d6b295511e27463e56b done
2025-08-17T01:42:32.2020330Z #23 extracting sha256:7f09385d08f9e8f578f9dad57582fff30d6ca3ef0f4d66ab5e1bf92c88862341
2025-08-17T01:42:32.3170213Z #23 sha256:a1e4ad56dcecf442fba1cec05cd565ededfdc663e5172df9ef9394d96d4c96f8 113.19MB / 113.19MB 3.6s done
2025-08-17T01:42:32.3188820Z #23 extracting sha256:7f09385d08f9e8f578f9dad57582fff30d6ca3ef0f4d66ab5e1bf92c88862341 0.2s done
2025-08-17T01:42:32.4302764Z #23 ...
2025-08-17T01:42:32.4303557Z 
2025-08-17T01:42:32.4319289Z #28 [fees_h10 internal] load metadata for docker.io/library/python:3.12-slim
2025-08-17T01:42:32.4319994Z #28 DONE 0.7s
2025-08-17T01:42:32.4320189Z 
2025-08-17T01:42:32.4320353Z #29 [fees_h10 internal] load .dockerignore
2025-08-17T01:42:32.4320831Z #29 transferring context: 2B done
2025-08-17T01:42:32.4321260Z #29 DONE 0.0s
2025-08-17T01:42:32.4321446Z 
2025-08-17T01:42:32.4321623Z #30 [etl internal] load .dockerignore
2025-08-17T01:42:32.4322061Z #30 transferring context: 265B done
2025-08-17T01:42:32.4322461Z #30 DONE 0.0s
2025-08-17T01:42:32.4322630Z 
2025-08-17T01:42:32.4322784Z #31 [api internal] load .dockerignore
2025-08-17T01:42:32.4323237Z #31 transferring context: 265B done
2025-08-17T01:42:32.4441517Z #31 DONE 0.0s
2025-08-17T01:42:32.4441729Z 
2025-08-17T01:42:32.4441894Z #32 [repricer internal] load .dockerignore
2025-08-17T01:42:32.4442663Z #32 transferring context: 265B done
2025-08-17T01:42:32.4443061Z #32 DONE 0.0s
2025-08-17T01:42:32.4443242Z 
2025-08-17T01:42:32.4443416Z #33 [logistics_etl internal] load .dockerignore
2025-08-17T01:42:32.4443882Z #33 transferring context: 2B done
2025-08-17T01:42:32.4444249Z #33 DONE 0.0s
2025-08-17T01:42:32.4444406Z 
2025-08-17T01:42:32.4445014Z #23 [postgres 1/6] FROM docker.io/library/postgres:16@sha256:66a5efb5677ffac1037774a0e141fd3a4c035c9c0c0e624c9cc980dfa10f45e5
2025-08-17T01:42:32.4446120Z #23 extracting sha256:534f45d26d937460abe84bd086361a04c27e624a23f9384ff13f11c24c64c7bb
2025-08-17T01:42:32.6080916Z #23 ...
2025-08-17T01:42:32.6084971Z 
2025-08-17T01:42:32.6086457Z #34 [fees_h10 internal] load build context
2025-08-17T01:42:32.6087298Z #34 transferring context: 5.54kB done
2025-08-17T01:42:32.6088734Z #34 DONE 0.0s
2025-08-17T01:42:32.6089350Z 
2025-08-17T01:42:32.6089680Z #35 [repricer internal] load build context
2025-08-17T01:42:32.6090482Z #35 transferring context: 5.43kB 0.0s done
2025-08-17T01:42:32.6091151Z #35 DONE 0.0s
2025-08-17T01:42:32.6091885Z 
2025-08-17T01:42:32.6092367Z #36 [logistics_etl internal] load build context
2025-08-17T01:42:32.6093210Z #36 transferring context: 11.32kB done
2025-08-17T01:42:32.6095128Z #36 DONE 0.0s
2025-08-17T01:42:32.6095537Z 
2025-08-17T01:42:32.6095912Z #37 [api internal] load build context
2025-08-17T01:42:32.6096550Z #37 transferring context: 79.45kB 0.0s done
2025-08-17T01:42:32.6097479Z #37 DONE 0.0s
2025-08-17T01:42:32.6098554Z 
2025-08-17T01:42:32.6098903Z #38 [etl internal] load build context
2025-08-17T01:42:32.6100733Z #38 transferring context: 11.44kB 0.0s done
2025-08-17T01:42:32.6101820Z #38 DONE 0.1s
2025-08-17T01:42:32.6103332Z 
2025-08-17T01:42:32.6104303Z #23 [postgres 1/6] FROM docker.io/library/postgres:16@sha256:66a5efb5677ffac1037774a0e141fd3a4c035c9c0c0e624c9cc980dfa10f45e5
2025-08-17T01:42:32.6109337Z #23 extracting sha256:534f45d26d937460abe84bd086361a04c27e624a23f9384ff13f11c24c64c7bb 0.1s done
2025-08-17T01:42:32.6118457Z #23 extracting sha256:2b6532633f5d125e9a709f56f26af5a07390c859a5c77142b74da1d4e3c79fee 0.1s
2025-08-17T01:42:32.9763546Z #23 extracting sha256:2b6532633f5d125e9a709f56f26af5a07390c859a5c77142b74da1d4e3c79fee 0.4s done
2025-08-17T01:42:32.9764972Z #23 extracting sha256:320fa150e60fca9bb108771a06f08d5464ad8b7474b7bf3f4b44d723b686ee72
2025-08-17T01:42:33.1159945Z #23 extracting sha256:320fa150e60fca9bb108771a06f08d5464ad8b7474b7bf3f4b44d723b686ee72 0.1s done
2025-08-17T01:42:33.1161147Z #23 extracting sha256:19947f6cc5d3035f6c922fa1d6047c79e044256ad948080adb59cec60717b9f8
2025-08-17T01:42:33.2363624Z #23 extracting sha256:19947f6cc5d3035f6c922fa1d6047c79e044256ad948080adb59cec60717b9f8 done
2025-08-17T01:42:33.2364697Z #23 extracting sha256:e787bdd7824bfcb30d11087160de825f724620c952958f4f725c13421499b724 done
2025-08-17T01:42:33.2365709Z #23 extracting sha256:a1e4ad56dcecf442fba1cec05cd565ededfdc663e5172df9ef9394d96d4c96f8
2025-08-17T01:42:34.0376170Z #23 ...
2025-08-17T01:42:34.0380264Z 
2025-08-17T01:42:34.0381722Z #39 [fees_h10 base 1/6] FROM docker.io/library/python:3.12-slim@sha256:d67a7b66b989ad6b6d6b10d428dcc5e0bfc3e5f88906e67d490c4d3daac57047
2025-08-17T01:42:34.0391174Z #39 resolve docker.io/library/python:3.12-slim@sha256:d67a7b66b989ad6b6d6b10d428dcc5e0bfc3e5f88906e67d490c4d3daac57047 done
2025-08-17T01:42:34.0392479Z #39 sha256:d67a7b66b989ad6b6d6b10d428dcc5e0bfc3e5f88906e67d490c4d3daac57047 10.37kB / 10.37kB done
2025-08-17T01:42:34.0393825Z #39 sha256:8f3d1de1b41cd7340a89b024d6f7a10043f7b0d07d97eb36ba76f22fcfa9a235 1.75kB / 1.75kB done
2025-08-17T01:42:34.0395203Z #39 sha256:bad5eac7befe06d25bef9d4d894d7467355bac08745c745a88977774933fa032 5.58kB / 5.58kB done
2025-08-17T01:42:34.0396641Z #39 sha256:5d587318e932a89b94608393c99dd30ee5092a6991c1656f717bd4f4e13d60df 1.29MB / 1.29MB 0.4s done
2025-08-17T01:42:34.0400489Z #39 sha256:e5c05dcf47fbdb2f18dc242ad1b7f48fbd3813c0027ffcfb8e81e4aa7e0965f4 12.11MB / 12.11MB 0.3s done
2025-08-17T01:42:34.0403464Z #39 sha256:d76206d463c08ba2a3f7bbab2de2a933ad73f33ab4ab813eafe50c9dff9edc12 251B / 251B 0.1s done
2025-08-17T01:42:34.0404877Z #39 extracting sha256:5d587318e932a89b94608393c99dd30ee5092a6991c1656f717bd4f4e13d60df 0.2s done
2025-08-17T01:42:34.0406353Z #39 extracting sha256:e5c05dcf47fbdb2f18dc242ad1b7f48fbd3813c0027ffcfb8e81e4aa7e0965f4 0.8s done
2025-08-17T01:42:34.0408434Z #39 extracting sha256:d76206d463c08ba2a3f7bbab2de2a933ad73f33ab4ab813eafe50c9dff9edc12 done
2025-08-17T01:42:34.0409201Z #39 DONE 1.6s
2025-08-17T01:42:34.1452916Z 
2025-08-17T01:42:34.1453312Z #40 [repricer base 2/6] WORKDIR /app
2025-08-17T01:42:34.1455114Z #40 DONE 0.0s
2025-08-17T01:42:34.1456244Z 
2025-08-17T01:42:34.1456873Z #41 [api base  3/12] COPY services/api/requirements.txt ./requirements.txt
2025-08-17T01:42:34.1458589Z #41 DONE 0.1s
2025-08-17T01:42:34.1459003Z 
2025-08-17T01:42:34.1459812Z #42 [logistics_etl base 3/5] COPY requirements*.txt constraints.txt ./
2025-08-17T01:42:34.1461040Z #42 DONE 0.1s
2025-08-17T01:42:34.1461776Z 
2025-08-17T01:42:34.1462411Z #43 [fees_h10 base 3/6] COPY requirements*.txt constraints.txt ./fees_h10/
2025-08-17T01:42:34.1463286Z #43 DONE 0.1s
2025-08-17T01:42:34.1469922Z 
2025-08-17T01:42:34.1470727Z #44 [etl base 3/5] COPY services/etl/requirements*.txt services/etl/constraints.txt ./
2025-08-17T01:42:34.1471716Z #44 DONE 0.1s
2025-08-17T01:42:34.1472122Z 
2025-08-17T01:42:34.1472728Z #45 [repricer base 3/5] COPY services/repricer/requirements*.txt services/repricer/constraints.txt ./
2025-08-17T01:42:34.1474038Z #45 DONE 0.1s
2025-08-17T01:42:34.1474805Z 
2025-08-17T01:42:34.1475568Z #46 [repricer base 4/5] RUN if [ -n "" ] && [ -f "" ]; then         pip install -r requirements.txt -c "";     else         pip install -r requirements.txt;     fi
2025-08-17T01:42:39.2348367Z #46 4.975 Collecting uvicorn==0.29.0 (from -r requirements.txt (line 1))
2025-08-17T01:42:39.2352805Z #46 5.044   Downloading uvicorn-0.29.0-py3-none-any.whl.metadata (6.3 kB)
2025-08-17T01:42:39.3364486Z #46 5.134 Collecting pydantic-settings==2.2.1 (from -r requirements.txt (line 2))
2025-08-17T01:42:39.3369427Z #46 5.147   Downloading pydantic_settings-2.2.1-py3-none-any.whl.metadata (3.1 kB)
2025-08-17T01:42:39.4439352Z #46 ...
2025-08-17T01:42:39.4443140Z 
2025-08-17T01:42:39.4446580Z #23 [postgres 1/6] FROM docker.io/library/postgres:16@sha256:66a5efb5677ffac1037774a0e141fd3a4c035c9c0c0e624c9cc980dfa10f45e5
2025-08-17T01:42:39.4472874Z #23 extracting sha256:a1e4ad56dcecf442fba1cec05cd565ededfdc663e5172df9ef9394d96d4c96f8 6.2s
2025-08-17T01:42:40.5161239Z #23 ...
2025-08-17T01:42:40.5163818Z 
2025-08-17T01:42:40.5165740Z #46 [repricer base 4/5] RUN if [ -n "" ] && [ -f "" ]; then         pip install -r requirements.txt -c "";     else         pip install -r requirements.txt;     fi
2025-08-17T01:42:40.5168276Z #46 5.375 Collecting python-amazon-sp-api==0.8.0 (from -r requirements.txt (line 3))
2025-08-17T01:42:40.5171392Z #46 5.387   Downloading python_amazon_sp_api-0.8.0-py3-none-any.whl.metadata (3.2 kB)
2025-08-17T01:42:40.5172619Z #46 5.447 Collecting click>=7.0 (from uvicorn==0.29.0->-r requirements.txt (line 1))
2025-08-17T01:42:40.5173579Z #46 5.458   Downloading click-8.2.1-py3-none-any.whl.metadata (2.5 kB)
2025-08-17T01:42:40.5174480Z #46 5.527 Collecting h11>=0.8 (from uvicorn==0.29.0->-r requirements.txt (line 1))
2025-08-17T01:42:40.5175980Z #46 5.557   Downloading h11-0.16.0-py3-none-any.whl.metadata (8.3 kB)
2025-08-17T01:42:40.5177943Z #46 5.890 Collecting pydantic>=2.3.0 (from pydantic-settings==2.2.1->-r requirements.txt (line 2))
2025-08-17T01:42:40.5179004Z #46 5.913   Downloading pydantic-2.11.7-py3-none-any.whl.metadata (67 kB)
2025-08-17T01:42:40.5179953Z #46 6.014 Collecting python-dotenv>=0.21.0 (from pydantic-settings==2.2.1->-r requirements.txt (line 2))
2025-08-17T01:42:40.5180907Z #46 6.037   Downloading python_dotenv-1.1.1-py3-none-any.whl.metadata (24 kB)
2025-08-17T01:42:40.5181831Z #46 6.238 Collecting requests (from python-amazon-sp-api==0.8.0->-r requirements.txt (line 3))
2025-08-17T01:42:40.5183274Z #46 6.253   Downloading requests-2.32.4-py3-none-any.whl.metadata (4.9 kB)
2025-08-17T01:42:40.5201484Z #46 6.304 Collecting six<2,>=1.15 (from python-amazon-sp-api==0.8.0->-r requirements.txt (line 3))
2025-08-17T01:42:40.5202422Z #46 6.339   Downloading six-1.17.0-py2.py3-none-any.whl.metadata (1.7 kB)
2025-08-17T01:42:41.6236678Z #46 7.498 Collecting boto3<2,>=1.16.39 (from python-amazon-sp-api==0.8.0->-r requirements.txt (line 3))
2025-08-17T01:42:41.7295127Z #46 7.508   Downloading boto3-1.40.11-py3-none-any.whl.metadata (6.7 kB)
2025-08-17T01:42:41.7299857Z #46 7.585 Collecting cachetools~=4.2.0 (from python-amazon-sp-api==0.8.0->-r requirements.txt (line 3))
2025-08-17T01:42:41.7300801Z #46 7.594   Downloading cachetools-4.2.4-py3-none-any.whl.metadata (4.8 kB)
2025-08-17T01:42:41.8517724Z #46 ...
2025-08-17T01:42:41.8530826Z 
2025-08-17T01:42:41.8538952Z #47 [web build 4/6] RUN npm ci
2025-08-17T01:42:42.0057834Z #47 ...
2025-08-17T01:42:42.0058910Z 
2025-08-17T01:42:42.0059949Z #46 [repricer base 4/5] RUN if [ -n "" ] && [ -f "" ]; then         pip install -r requirements.txt -c "";     else         pip install -r requirements.txt;     fi
2025-08-17T01:42:42.0061578Z #46 7.791 Collecting pycryptodome (from python-amazon-sp-api==0.8.0->-r requirements.txt (line 3))
2025-08-17T01:42:42.0063138Z #46 7.809   Downloading pycryptodome-3.23.0-cp37-abi3-manylinux_2_17_x86_64.manylinux2014_x86_64.whl.metadata (3.4 kB)
2025-08-17T01:42:42.1293820Z #46 7.910 Collecting pytz (from python-amazon-sp-api==0.8.0->-r requirements.txt (line 3))
2025-08-17T01:42:42.1295209Z #46 7.929   Downloading pytz-2025.2-py2.py3-none-any.whl.metadata (22 kB)
2025-08-17T01:42:42.2443615Z #46 8.043 Collecting confuse~=1.4.0 (from python-amazon-sp-api==0.8.0->-r requirements.txt (line 3))
2025-08-17T01:42:42.2444883Z #46 8.060   Downloading confuse-1.4.0-py2.py3-none-any.whl.metadata (3.8 kB)
2025-08-17T01:42:43.2503466Z #46 9.109 Collecting botocore<1.41.0,>=1.40.11 (from boto3<2,>=1.16.39->python-amazon-sp-api==0.8.0->-r requirements.txt (line 3))
2025-08-17T01:42:43.2504624Z #46 9.124   Downloading botocore-1.40.11-py3-none-any.whl.metadata (5.7 kB)
2025-08-17T01:42:43.3554883Z #46 9.193 Collecting jmespath<2.0.0,>=0.7.1 (from boto3<2,>=1.16.39->python-amazon-sp-api==0.8.0->-r requirements.txt (line 3))
2025-08-17T01:42:43.3556249Z #46 9.210   Downloading jmespath-1.0.1-py3-none-any.whl.metadata (7.6 kB)
2025-08-17T01:42:43.4611583Z #46 9.262 Collecting s3transfer<0.14.0,>=0.13.0 (from boto3<2,>=1.16.39->python-amazon-sp-api==0.8.0->-r requirements.txt (line 3))
2025-08-17T01:42:43.4615420Z #46 9.281   Downloading s3transfer-0.13.1-py3-none-any.whl.metadata (1.7 kB)
2025-08-17T01:42:43.5679104Z #46 9.442 Collecting pyyaml (from confuse~=1.4.0->python-amazon-sp-api==0.8.0->-r requirements.txt (line 3))
2025-08-17T01:42:43.6721178Z #46 9.460   Downloading PyYAML-6.0.2-cp312-cp312-manylinux_2_17_x86_64.manylinux2014_x86_64.whl.metadata (2.1 kB)
2025-08-17T01:42:43.6735572Z #46 9.534 Collecting annotated-types>=0.6.0 (from pydantic>=2.3.0->pydantic-settings==2.2.1->-r requirements.txt (line 2))
2025-08-17T01:42:43.7883429Z #46 9.554   Downloading annotated_types-0.7.0-py3-none-any.whl.metadata (15 kB)
2025-08-17T01:42:44.1189482Z #46 ...
2025-08-17T01:42:44.1193915Z 
2025-08-17T01:42:44.1198001Z #48 [api stage-1 3/6] RUN set -eux;     if [ -f /etc/apt/sources.list ]; then         sed -i 's|http://deb.debian.org|https://deb.debian.org|g' /etc/apt/sources.list;     fi;     apt-get update;     apt-get install -y --no-install-recommends tzdata postgresql-client curl;     rm -rf /var/lib/apt/lists/*
2025-08-17T01:42:44.1203544Z #48 0.373 + [ -f /etc/apt/sources.list ]
2025-08-17T01:42:44.1203995Z #48 0.373 + apt-get update
2025-08-17T01:42:44.1204475Z #48 0.531 Hit:1 http://deb.debian.org/debian trixie InRelease
2025-08-17T01:42:44.1205214Z #48 0.531 Get:2 http://deb.debian.org/debian trixie-updates InRelease [47.1 kB]
2025-08-17T01:42:44.1206071Z #48 0.531 Get:3 http://deb.debian.org/debian-security trixie-security InRelease [43.4 kB]
2025-08-17T01:42:44.1207243Z #48 0.600 Get:4 http://deb.debian.org/debian trixie/main amd64 Packages [9668 kB]
2025-08-17T01:42:44.1208455Z #48 0.778 Get:5 http://deb.debian.org/debian trixie-updates/main amd64 Packages [2432 B]
2025-08-17T01:42:44.1209437Z #48 0.778 Get:6 http://deb.debian.org/debian-security trixie-security/main amd64 Packages [8780 B]
2025-08-17T01:42:44.1210189Z #48 2.477 Fetched 9769 kB in 2s (4749 kB/s)
2025-08-17T01:42:44.1210628Z #48 2.477 Reading package lists...
2025-08-17T01:42:44.1211256Z #48 3.801 + apt-get install -y --no-install-recommends tzdata postgresql-client curl
2025-08-17T01:42:44.1211913Z #48 3.820 Reading package lists...
2025-08-17T01:42:44.1212328Z #48 5.136 Building dependency tree...
2025-08-17T01:42:44.1212749Z #48 5.458 Reading state information...
2025-08-17T01:42:44.1213220Z #48 5.762 tzdata is already the newest version (2025b-4).
2025-08-17T01:42:44.1213826Z #48 5.762 The following additional packages will be installed:
2025-08-17T01:42:44.1214561Z #48 5.762   libbrotli1 libcom-err2 libcurl4t64 libgdbm-compat4t64 libgnutls30t64
2025-08-17T01:42:44.1215364Z #48 5.762   libgssapi-krb5-2 libidn2-0 libk5crypto3 libkeyutils1 libkrb5-3
2025-08-17T01:42:44.1216211Z #48 5.762   libkrb5support0 libldap2 libnghttp2-14 libnghttp3-9 libp11-kit0 libperl5.40
2025-08-17T01:42:44.1217123Z #48 5.763   libpq5 libpsl5t64 librtmp1 libsasl2-2 libsasl2-modules-db libssh2-1t64
2025-08-17T01:42:44.1217968Z #48 5.768   libtasn1-6 libunistring5 perl perl-modules-5.40 postgresql-client-17
2025-08-17T01:42:44.1279416Z #48 5.768   postgresql-client-common sensible-utils
2025-08-17T01:42:44.1279930Z #48 5.768 Suggested packages:
2025-08-17T01:42:44.1280505Z #48 5.768   gnutls-bin krb5-doc krb5-user perl-doc libterm-readline-gnu-perl
2025-08-17T01:42:44.1281382Z #48 5.768   | libterm-readline-perl-perl make libtap-harness-archive-perl postgresql-17
2025-08-17T01:42:44.1282077Z #48 5.768   postgresql-doc-17
2025-08-17T01:42:44.1282469Z #48 5.768 Recommended packages:
2025-08-17T01:42:44.1283120Z #48 5.768   bash-completion krb5-locales libldap-common publicsuffix libsasl2-modules
2025-08-17T01:42:44.1283876Z #48 6.260 The following NEW packages will be installed:
2025-08-17T01:42:44.1284579Z #48 6.261   curl libbrotli1 libcom-err2 libcurl4t64 libgdbm-compat4t64 libgnutls30t64
2025-08-17T01:42:44.1285408Z #48 6.261   libgssapi-krb5-2 libidn2-0 libk5crypto3 libkeyutils1 libkrb5-3
2025-08-17T01:42:44.1286266Z #48 6.261   libkrb5support0 libldap2 libnghttp2-14 libnghttp3-9 libp11-kit0 libperl5.40
2025-08-17T01:42:44.1287167Z #48 6.261   libpq5 libpsl5t64 librtmp1 libsasl2-2 libsasl2-modules-db libssh2-1t64
2025-08-17T01:42:44.1287999Z #48 6.262   libtasn1-6 libunistring5 perl perl-modules-5.40 postgresql-client
2025-08-17T01:42:44.1289091Z #48 6.262   postgresql-client-17 postgresql-client-common sensible-utils
2025-08-17T01:42:44.1289844Z #48 6.398 0 upgraded, 31 newly installed, 0 to remove and 0 not upgraded.
2025-08-17T01:42:44.1290482Z #48 6.398 Need to get 14.9 MB of archives.
2025-08-17T01:42:44.1291091Z #48 6.398 After this operation, 78.1 MB of additional disk space will be used.
2025-08-17T01:42:44.1292005Z #48 6.398 Get:1 http://deb.debian.org/debian trixie/main amd64 sensible-utils all 0.0.25 [25.0 kB]
2025-08-17T01:42:44.1293022Z #48 6.404 Get:2 http://deb.debian.org/debian trixie/main amd64 perl-modules-5.40 all 5.40.1-6 [3019 kB]
2025-08-17T01:42:44.1294106Z #48 6.469 Get:3 http://deb.debian.org/debian trixie/main amd64 libgdbm-compat4t64 amd64 1.24-2 [50.3 kB]
2025-08-17T01:42:44.1295134Z #48 6.487 Get:4 http://deb.debian.org/debian trixie/main amd64 libperl5.40 amd64 5.40.1-6 [4341 kB]
2025-08-17T01:42:44.1296107Z #48 6.525 Get:5 http://deb.debian.org/debian trixie/main amd64 perl amd64 5.40.1-6 [267 kB]
2025-08-17T01:42:44.1297065Z #48 6.525 Get:6 http://deb.debian.org/debian trixie/main amd64 libbrotli1 amd64 1.1.0-2+b7 [307 kB]
2025-08-17T01:42:44.1298254Z #48 6.531 Get:7 http://deb.debian.org/debian trixie/main amd64 libkrb5support0 amd64 1.21.3-5 [33.0 kB]
2025-08-17T01:42:44.1299558Z #48 6.533 Get:8 http://deb.debian.org/debian trixie/main amd64 libcom-err2 amd64 1.47.2-3+b3 [25.0 kB]
2025-08-17T01:42:44.1300621Z #48 6.541 Get:9 http://deb.debian.org/debian trixie/main amd64 libk5crypto3 amd64 1.21.3-5 [81.5 kB]
2025-08-17T01:42:44.1301631Z #48 6.541 Get:10 http://deb.debian.org/debian trixie/main amd64 libkeyutils1 amd64 1.6.3-6 [9456 B]
2025-08-17T01:42:44.1302612Z #48 6.558 Get:11 http://deb.debian.org/debian trixie/main amd64 libkrb5-3 amd64 1.21.3-5 [326 kB]
2025-08-17T01:42:44.1303624Z #48 6.558 Get:12 http://deb.debian.org/debian trixie/main amd64 libgssapi-krb5-2 amd64 1.21.3-5 [138 kB]
2025-08-17T01:42:44.1304658Z #48 6.558 Get:13 http://deb.debian.org/debian trixie/main amd64 libunistring5 amd64 1.3-2 [477 kB]
2025-08-17T01:42:44.1305603Z #48 6.567 Get:14 http://deb.debian.org/debian trixie/main amd64 libidn2-0 amd64 2.3.8-2 [109 kB]
2025-08-17T01:42:44.1306670Z #48 6.567 Get:15 http://deb.debian.org/debian trixie/main amd64 libsasl2-modules-db amd64 2.1.28+dfsg1-9 [19.8 kB]
2025-08-17T01:42:44.1307799Z #48 6.567 Get:16 http://deb.debian.org/debian trixie/main amd64 libsasl2-2 amd64 2.1.28+dfsg1-9 [57.5 kB]
2025-08-17T01:42:44.1380603Z #48 6.570 Get:17 http://deb.debian.org/debian trixie/main amd64 libldap2 amd64 2.6.10+dfsg-1 [194 kB]
2025-08-17T01:42:44.1381651Z #48 6.573 Get:18 http://deb.debian.org/debian trixie/main amd64 libnghttp2-14 amd64 1.64.0-1.1 [76.0 kB]
2025-08-17T01:42:44.1382674Z #48 6.573 Get:19 http://deb.debian.org/debian trixie/main amd64 libnghttp3-9 amd64 1.8.0-1 [67.7 kB]
2025-08-17T01:42:44.1383991Z #48 6.579 Get:20 http://deb.debian.org/debian trixie/main amd64 libpsl5t64 amd64 0.21.2-1.1+b1 [57.2 kB]
2025-08-17T01:42:44.1385015Z #48 6.579 Get:21 http://deb.debian.org/debian trixie/main amd64 libp11-kit0 amd64 0.25.5-3 [425 kB]
2025-08-17T01:42:44.1386000Z #48 6.582 Get:22 http://deb.debian.org/debian trixie/main amd64 libtasn1-6 amd64 4.20.0-2 [49.9 kB]
2025-08-17T01:42:44.1386991Z #48 6.584 Get:23 http://deb.debian.org/debian trixie/main amd64 libgnutls30t64 amd64 3.8.9-3 [1465 kB]
2025-08-17T01:42:44.1388335Z #48 6.606 Get:24 http://deb.debian.org/debian trixie/main amd64 librtmp1 amd64 2.4+20151223.gitfa8646d.1-2+b5 [58.8 kB]
2025-08-17T01:42:44.1389470Z #48 6.606 Get:25 http://deb.debian.org/debian trixie/main amd64 libssh2-1t64 amd64 1.11.1-1 [245 kB]
2025-08-17T01:42:44.1390561Z #48 6.606 Get:26 http://deb.debian.org/debian trixie/main amd64 libcurl4t64 amd64 8.14.1-2 [391 kB]
2025-08-17T01:42:44.1391639Z #48 6.612 Get:27 http://deb.debian.org/debian trixie/main amd64 curl amd64 8.14.1-2 [269 kB]
2025-08-17T01:42:44.1392567Z #48 6.613 Get:28 http://deb.debian.org/debian trixie/main amd64 libpq5 amd64 17.5-1 [226 kB]
2025-08-17T01:42:44.1393578Z #48 6.620 Get:29 http://deb.debian.org/debian trixie/main amd64 postgresql-client-common all 278 [47.1 kB]
2025-08-17T01:42:44.1394688Z #48 6.620 Get:30 http://deb.debian.org/debian trixie/main amd64 postgresql-client-17 amd64 17.5-1 [2025 kB]
2025-08-17T01:42:44.1395760Z #48 6.637 Get:31 http://deb.debian.org/debian trixie/main amd64 postgresql-client all 17+278 [14.0 kB]
2025-08-17T01:42:44.1396512Z #48 9.614 Fetched 14.9 MB in 0s (43.6 MB/s)
2025-08-17T01:42:44.1397104Z #48 9.674 Selecting previously unselected package sensible-utils.
2025-08-17T01:42:44.1397668Z #48 9.674 (Reading database ... 
2025-08-17T01:42:44.1398227Z (Reading database ... 5%
2025-08-17T01:42:44.1398610Z (Reading database ... 10%
2025-08-17T01:42:44.1398962Z (Reading database ... 15%
2025-08-17T01:42:44.1399297Z (Reading database ... 20%
2025-08-17T01:42:44.1399651Z (Reading database ... 25%
2025-08-17T01:42:44.1400000Z (Reading database ... 30%
2025-08-17T01:42:44.1400495Z (Reading database ... 35%
2025-08-17T01:42:44.1400867Z (Reading database ... 40%
2025-08-17T01:42:44.1401242Z (Reading database ... 45%
2025-08-17T01:42:44.1401594Z (Reading database ... 50%
2025-08-17T01:42:44.1401940Z (Reading database ... 55%
2025-08-17T01:42:44.1402287Z (Reading database ... 60%
2025-08-17T01:42:44.1402642Z (Reading database ... 65%
2025-08-17T01:42:44.1402989Z (Reading database ... 70%
2025-08-17T01:42:44.1403617Z (Reading database ... 75%
2025-08-17T01:42:44.1403990Z (Reading database ... 80%
2025-08-17T01:42:44.1404344Z (Reading database ... 85%
2025-08-17T01:42:44.1404687Z (Reading database ... 90%
2025-08-17T01:42:44.1405044Z (Reading database ... 95%
2025-08-17T01:42:44.1405402Z (Reading database ... 100%
2025-08-17T01:42:44.1405935Z (Reading database ... 5643 files and directories currently installed.)
2025-08-17T01:42:44.1406671Z #48 9.687 Preparing to unpack .../00-sensible-utils_0.0.25_all.deb ...
2025-08-17T01:42:44.1407289Z #48 9.689 Unpacking sensible-utils (0.0.25) ...
2025-08-17T01:42:44.1407915Z #48 9.823 Selecting previously unselected package perl-modules-5.40.
2025-08-17T01:42:44.1501096Z #48 9.823 Preparing to unpack .../01-perl-modules-5.40_5.40.1-6_all.deb ...
2025-08-17T01:42:44.1501763Z #48 9.837 Unpacking perl-modules-5.40 (5.40.1-6) ...
2025-08-17T01:42:44.2626614Z #48 ...
2025-08-17T01:42:44.2627163Z 
2025-08-17T01:42:44.2628225Z #49 [logistics_etl base 4/5] RUN if [ -n "" ] && [ -f "" ]; then         pip install -r requirements.txt -c "";     else         pip install -r requirements.txt;     fi
2025-08-17T01:42:44.2629686Z #49 5.194 Collecting apscheduler==3.10.4 (from -r requirements.txt (line 1))
2025-08-17T01:42:44.2631496Z #49 5.280   Downloading APScheduler-3.10.4-py3-none-any.whl.metadata (5.7 kB)
2025-08-17T01:42:44.2637626Z #49 5.413 Collecting httpx==0.26.0 (from -r requirements.txt (line 2))
2025-08-17T01:42:44.2638576Z #49 5.428   Downloading httpx-0.26.0-py3-none-any.whl.metadata (7.6 kB)
2025-08-17T01:42:44.2639682Z #49 6.225 Collecting sqlalchemy==2.0.29 (from -r requirements.txt (line 3))
2025-08-17T01:42:44.2640704Z #49 6.239   Downloading SQLAlchemy-2.0.29-cp312-cp312-manylinux_2_17_x86_64.manylinux2014_x86_64.whl.metadata (9.6 kB)
2025-08-17T01:42:44.2641711Z #49 6.364 Collecting asyncpg==0.30.0 (from -r requirements.txt (line 4))
2025-08-17T01:42:44.2642660Z #49 6.379   Downloading asyncpg-0.30.0-cp312-cp312-manylinux_2_17_x86_64.manylinux2014_x86_64.whl.metadata (5.0 kB)
2025-08-17T01:42:44.2659848Z #49 6.492 Collecting six>=1.4.0 (from apscheduler==3.10.4->-r requirements.txt (line 1))
2025-08-17T01:42:44.2660736Z #49 6.502   Downloading six-1.17.0-py2.py3-none-any.whl.metadata (1.7 kB)
2025-08-17T01:42:44.2661570Z #49 6.650 Collecting pytz (from apscheduler==3.10.4->-r requirements.txt (line 1))
2025-08-17T01:42:44.2662400Z #49 6.663   Downloading pytz-2025.2-py2.py3-none-any.whl.metadata (22 kB)
2025-08-17T01:42:44.2663345Z #49 6.723 Collecting tzlocal!=3.*,>=2.0 (from apscheduler==3.10.4->-r requirements.txt (line 1))
2025-08-17T01:42:44.2664214Z #49 6.740   Downloading tzlocal-5.3.1-py3-none-any.whl.metadata (7.6 kB)
2025-08-17T01:42:44.2665015Z #49 6.819 Collecting anyio (from httpx==0.26.0->-r requirements.txt (line 2))
2025-08-17T01:42:44.2665809Z #49 6.831   Downloading anyio-4.10.0-py3-none-any.whl.metadata (4.0 kB)
2025-08-17T01:42:44.2666563Z #49 6.897 Collecting certifi (from httpx==0.26.0->-r requirements.txt (line 2))
2025-08-17T01:42:44.2667382Z #49 6.919   Downloading certifi-2025.8.3-py3-none-any.whl.metadata (2.4 kB)
2025-08-17T01:42:44.2728627Z #49 6.991 Collecting httpcore==1.* (from httpx==0.26.0->-r requirements.txt (line 2))
2025-08-17T01:42:44.2729519Z #49 7.008   Downloading httpcore-1.0.9-py3-none-any.whl.metadata (21 kB)
2025-08-17T01:42:44.2730311Z #49 7.068 Collecting idna (from httpx==0.26.0->-r requirements.txt (line 2))
2025-08-17T01:42:44.2731049Z #49 7.085   Downloading idna-3.10-py3-none-any.whl.metadata (10 kB)
2025-08-17T01:42:44.2731819Z #49 7.146 Collecting sniffio (from httpx==0.26.0->-r requirements.txt (line 2))
2025-08-17T01:42:44.2732628Z #49 7.157   Downloading sniffio-1.3.1-py3-none-any.whl.metadata (3.9 kB)
2025-08-17T01:42:44.2733562Z #49 7.230 Collecting typing-extensions>=4.6.0 (from sqlalchemy==2.0.29->-r requirements.txt (line 3))
2025-08-17T01:42:44.2734538Z #49 7.248   Downloading typing_extensions-4.14.1-py3-none-any.whl.metadata (3.0 kB)
2025-08-17T01:42:44.2735745Z #49 7.574 Collecting greenlet!=0.4.17 (from sqlalchemy==2.0.29->-r requirements.txt (line 3))
2025-08-17T01:42:44.2736864Z #49 7.590   Downloading greenlet-3.2.4-cp312-cp312-manylinux_2_24_x86_64.manylinux_2_28_x86_64.whl.metadata (4.1 kB)
2025-08-17T01:42:44.2737972Z #49 7.631 Collecting h11>=0.16 (from httpcore==1.*->httpx==0.26.0->-r requirements.txt (line 2))
2025-08-17T01:42:44.2738960Z #49 7.650   Downloading h11-0.16.0-py3-none-any.whl.metadata (8.3 kB)
2025-08-17T01:42:44.2739665Z #49 7.732 Downloading APScheduler-3.10.4-py3-none-any.whl (59 kB)
2025-08-17T01:42:44.2740329Z #49 7.778 Downloading httpx-0.26.0-py3-none-any.whl (75 kB)
2025-08-17T01:42:44.2741203Z #49 7.802 Downloading SQLAlchemy-2.0.29-cp312-cp312-manylinux_2_17_x86_64.manylinux2014_x86_64.whl (3.2 MB)
2025-08-17T01:42:44.2753314Z #49 7.879    ━━━━━━━━━━━━━━━━━━━━━━━━━━━━━━━━━━━━━━━━ 3.2/3.2 MB 52.3 MB/s eta 0:00:00
2025-08-17T01:42:44.2762029Z #49 7.900 Downloading asyncpg-0.30.0-cp312-cp312-manylinux_2_17_x86_64.manylinux2014_x86_64.whl (3.6 MB)
2025-08-17T01:42:44.2763209Z #49 7.966    ━━━━━━━━━━━━━━━━━━━━━━━━━━━━━━━━━━━━━━━━ 3.6/3.6 MB 53.2 MB/s eta 0:00:00
2025-08-17T01:42:44.2763911Z #49 7.978 Downloading httpcore-1.0.9-py3-none-any.whl (78 kB)
2025-08-17T01:42:44.2764790Z #49 8.007 Downloading greenlet-3.2.4-cp312-cp312-manylinux_2_24_x86_64.manylinux_2_28_x86_64.whl (607 kB)
2025-08-17T01:42:44.2779847Z #49 8.032    ━━━━━━━━━━━━━━━━━━━━━━━━━━━━━━━━━━━━━━━━ 607.6/607.6 kB 19.5 MB/s eta 0:00:00
2025-08-17T01:42:44.2783072Z #49 8.049 Downloading six-1.17.0-py2.py3-none-any.whl (11 kB)
2025-08-17T01:42:44.2784046Z #49 8.066 Downloading typing_extensions-4.14.1-py3-none-any.whl (43 kB)
2025-08-17T01:42:44.2784749Z #49 8.102 Downloading tzlocal-5.3.1-py3-none-any.whl (18 kB)
2025-08-17T01:42:44.2828587Z #49 8.127 Downloading anyio-4.10.0-py3-none-any.whl (107 kB)
2025-08-17T01:42:44.2829358Z #49 8.152 Downloading idna-3.10-py3-none-any.whl (70 kB)
2025-08-17T01:42:44.2829915Z #49 8.182 Downloading sniffio-1.3.1-py3-none-any.whl (10 kB)
2025-08-17T01:42:44.2830582Z #49 8.206 Downloading certifi-2025.8.3-py3-none-any.whl (161 kB)
2025-08-17T01:42:44.2831237Z #49 8.226 Downloading pytz-2025.2-py2.py3-none-any.whl (509 kB)
2025-08-17T01:42:44.2831851Z #49 8.257 Downloading h11-0.16.0-py3-none-any.whl (37 kB)
2025-08-17T01:42:44.2833095Z #49 8.448 Installing collected packages: pytz, tzlocal, typing-extensions, sniffio, six, idna, h11, greenlet, certifi, asyncpg, sqlalchemy, httpcore, apscheduler, anyio, httpx
2025-08-17T01:42:44.3891863Z #49 ...
2025-08-17T01:42:44.3896085Z 
2025-08-17T01:42:44.3900614Z #50 [etl base 4/5] RUN if [ -n "" ] && [ -f "" ]; then         pip install -r requirements.txt -c "";     else         pip install -r requirements.txt;     fi
2025-08-17T01:42:44.3906662Z #50 4.757 Collecting keepa==1.3.14 (from -r requirements.txt (line 1))
2025-08-17T01:42:44.3939738Z #50 4.843   Downloading keepa-1.3.14-py3-none-any.whl.metadata (10 kB)
2025-08-17T01:42:44.3940814Z #50 4.956 Collecting minio==7.1.15 (from -r requirements.txt (line 2))
2025-08-17T01:42:44.3942845Z #50 4.966   Downloading minio-7.1.15-py3-none-any.whl.metadata (4.2 kB)
2025-08-17T01:42:44.3943969Z #50 5.141 Collecting python-amazon-sp-api==0.8.0 (from -r requirements.txt (line 3))
2025-08-17T01:42:44.3946634Z #50 5.154   Downloading python_amazon_sp_api-0.8.0-py3-none-any.whl.metadata (3.2 kB)
2025-08-17T01:42:44.3947549Z #50 5.232 Collecting pydantic-settings==2.2.1 (from -r requirements.txt (line 4))
2025-08-17T01:42:44.3948621Z #50 5.243   Downloading pydantic_settings-2.2.1-py3-none-any.whl.metadata (3.1 kB)
2025-08-17T01:42:44.3949483Z #50 5.862 Collecting numpy>=1.9.3 (from keepa==1.3.14->-r requirements.txt (line 1))
2025-08-17T01:42:44.3950452Z #50 5.875   Downloading numpy-2.3.2-cp312-cp312-manylinux_2_27_x86_64.manylinux_2_28_x86_64.whl.metadata (62 kB)
2025-08-17T01:42:44.3951407Z #50 6.070 Collecting requests>=2.2 (from keepa==1.3.14->-r requirements.txt (line 1))
2025-08-17T01:42:44.3952187Z #50 6.087   Downloading requests-2.32.4-py3-none-any.whl.metadata (4.9 kB)
2025-08-17T01:42:44.3953179Z #50 6.199 Collecting tqdm (from keepa==1.3.14->-r requirements.txt (line 1))
2025-08-17T01:42:44.3953911Z #50 6.210   Downloading tqdm-4.67.1-py3-none-any.whl.metadata (57 kB)
2025-08-17T01:42:44.3954640Z #50 7.341 Collecting aiohttp (from keepa==1.3.14->-r requirements.txt (line 1))
2025-08-17T01:42:44.3955606Z #50 7.352   Downloading aiohttp-3.12.15-cp312-cp312-manylinux_2_17_x86_64.manylinux2014_x86_64.whl.metadata (7.7 kB)
2025-08-17T01:42:44.3956608Z #50 7.593 Collecting pandas<=3.0 (from keepa==1.3.14->-r requirements.txt (line 1))
2025-08-17T01:42:44.3957614Z #50 7.611   Downloading pandas-2.3.1-cp312-cp312-manylinux_2_17_x86_64.manylinux2014_x86_64.whl.metadata (91 kB)
2025-08-17T01:42:44.3959934Z #50 8.021 Collecting pydantic (from keepa==1.3.14->-r requirements.txt (line 1))
2025-08-17T01:42:44.3960730Z #50 8.040   Downloading pydantic-2.11.7-py3-none-any.whl.metadata (67 kB)
2025-08-17T01:42:44.3961519Z #50 8.118 Collecting certifi (from minio==7.1.15->-r requirements.txt (line 2))
2025-08-17T01:42:44.3962323Z #50 8.136   Downloading certifi-2025.8.3-py3-none-any.whl.metadata (2.4 kB)
2025-08-17T01:42:44.3963128Z #50 8.230 Collecting urllib3 (from minio==7.1.15->-r requirements.txt (line 2))
2025-08-17T01:42:44.3963926Z #50 8.246   Downloading urllib3-2.5.0-py3-none-any.whl.metadata (6.5 kB)
2025-08-17T01:42:44.3964788Z #50 8.299 Collecting six<2,>=1.15 (from python-amazon-sp-api==0.8.0->-r requirements.txt (line 3))
2025-08-17T01:42:44.3965674Z #50 8.312   Downloading six-1.17.0-py2.py3-none-any.whl.metadata (1.7 kB)
2025-08-17T01:42:44.3966854Z #50 9.463 Collecting boto3<2,>=1.16.39 (from python-amazon-sp-api==0.8.0->-r requirements.txt (line 3))
2025-08-17T01:42:44.3967753Z #50 9.474   Downloading boto3-1.40.11-py3-none-any.whl.metadata (6.7 kB)
2025-08-17T01:42:44.3968988Z #50 9.551 Collecting cachetools~=4.2.0 (from python-amazon-sp-api==0.8.0->-r requirements.txt (line 3))
2025-08-17T01:42:44.3969947Z #50 9.582   Downloading cachetools-4.2.4-py3-none-any.whl.metadata (4.8 kB)
2025-08-17T01:42:44.3970904Z #50 9.865 Collecting pycryptodome (from python-amazon-sp-api==0.8.0->-r requirements.txt (line 3))
2025-08-17T01:42:44.3972069Z #50 9.875   Downloading pycryptodome-3.23.0-cp37-abi3-manylinux_2_17_x86_64.manylinux2014_x86_64.whl.metadata (3.4 kB)
2025-08-17T01:42:44.3973190Z #50 10.07 Collecting pytz (from python-amazon-sp-api==0.8.0->-r requirements.txt (line 3))
2025-08-17T01:42:44.3974046Z #50 10.08   Downloading pytz-2025.2-py2.py3-none-any.whl.metadata (22 kB)
2025-08-17T01:42:44.3974951Z #50 10.14 Collecting confuse~=1.4.0 (from python-amazon-sp-api==0.8.0->-r requirements.txt (line 3))
2025-08-17T01:42:44.3975872Z #50 10.16   Downloading confuse-1.4.0-py2.py3-none-any.whl.metadata (3.8 kB)
2025-08-17T01:42:44.3976794Z #50 10.26 Collecting python-dotenv>=0.21.0 (from pydantic-settings==2.2.1->-r requirements.txt (line 4))
2025-08-17T01:42:44.5472261Z #50 10.27   Downloading python_dotenv-1.1.1-py3-none-any.whl.metadata (24 kB)
2025-08-17T01:42:44.5486395Z #50 ...
2025-08-17T01:42:44.5486578Z 
2025-08-17T01:42:44.5487379Z #51 [fees_h10 base 4/6] RUN if [ -n "" ] && [ -f "fees_h10/" ]; then         pip install -r fees_h10/requirements.txt -c fees_h10/;     else         pip install -r fees_h10/requirements.txt;     fi
2025-08-17T01:42:44.5489057Z #51 4.911 Collecting celery==5.4.* (from celery[redis]==5.4.*->-r fees_h10/requirements.txt (line 1))
2025-08-17T01:42:44.5489923Z #51 4.986   Downloading celery-5.4.0-py3-none-any.whl.metadata (21 kB)
2025-08-17T01:42:44.5490666Z #51 5.158 Collecting asyncpg (from -r fees_h10/requirements.txt (line 2))
2025-08-17T01:42:44.5491708Z #51 5.180   Downloading asyncpg-0.30.0-cp312-cp312-manylinux_2_17_x86_64.manylinux2014_x86_64.whl.metadata (5.0 kB)
2025-08-17T01:42:44.5492673Z #51 5.280 Collecting httpx (from -r fees_h10/requirements.txt (line 3))
2025-08-17T01:42:44.5493399Z #51 5.304   Downloading httpx-0.28.1-py3-none-any.whl.metadata (7.1 kB)
2025-08-17T01:42:44.5494129Z #51 5.914 Collecting sqlalchemy (from -r fees_h10/requirements.txt (line 4))
2025-08-17T01:42:44.5495410Z #51 5.924   Downloading sqlalchemy-2.0.43-cp312-cp312-manylinux_2_17_x86_64.manylinux2014_x86_64.whl.metadata (9.6 kB)
2025-08-17T01:42:44.5496640Z #51 6.026 Collecting billiard<5.0,>=4.2.0 (from celery==5.4.*->celery[redis]==5.4.*->-r fees_h10/requirements.txt (line 1))
2025-08-17T01:42:44.5497603Z #51 6.047   Downloading billiard-4.2.1-py3-none-any.whl.metadata (4.4 kB)
2025-08-17T01:42:44.5527462Z #51 6.167 Collecting kombu<6.0,>=5.3.4 (from celery==5.4.*->celery[redis]==5.4.*->-r fees_h10/requirements.txt (line 1))
2025-08-17T01:42:44.5528630Z #51 6.186   Downloading kombu-5.5.4-py3-none-any.whl.metadata (3.5 kB)
2025-08-17T01:42:44.5529539Z #51 6.240 Collecting vine<6.0,>=5.1.0 (from celery==5.4.*->celery[redis]==5.4.*->-r fees_h10/requirements.txt (line 1))
2025-08-17T01:42:44.5530480Z #51 6.257   Downloading vine-5.1.0-py3-none-any.whl.metadata (2.7 kB)
2025-08-17T01:42:44.5531413Z #51 6.315 Collecting click<9.0,>=8.1.2 (from celery==5.4.*->celery[redis]==5.4.*->-r fees_h10/requirements.txt (line 1))
2025-08-17T01:42:44.5532357Z #51 6.337   Downloading click-8.2.1-py3-none-any.whl.metadata (2.5 kB)
2025-08-17T01:42:44.5533348Z #51 6.391 Collecting click-didyoumean>=0.3.0 (from celery==5.4.*->celery[redis]==5.4.*->-r fees_h10/requirements.txt (line 1))
2025-08-17T01:42:44.5534446Z #51 6.418   Downloading click_didyoumean-0.3.1-py3-none-any.whl.metadata (3.9 kB)
2025-08-17T01:42:44.5535460Z #51 6.493 Collecting click-repl>=0.2.0 (from celery==5.4.*->celery[redis]==5.4.*->-r fees_h10/requirements.txt (line 1))
2025-08-17T01:42:44.5536789Z #51 6.506   Downloading click_repl-0.3.0-py3-none-any.whl.metadata (3.6 kB)
2025-08-17T01:42:44.5537802Z #51 6.548 Collecting click-plugins>=1.1.1 (from celery==5.4.*->celery[redis]==5.4.*->-r fees_h10/requirements.txt (line 1))
2025-08-17T01:42:44.5539027Z #51 6.569   Downloading click_plugins-1.1.1.2-py2.py3-none-any.whl.metadata (6.5 kB)
2025-08-17T01:42:44.5540352Z #51 6.627 Collecting tzdata>=2022.7 (from celery==5.4.*->celery[redis]==5.4.*->-r fees_h10/requirements.txt (line 1))
2025-08-17T01:42:44.5541333Z #51 6.641   Downloading tzdata-2025.2-py2.py3-none-any.whl.metadata (1.4 kB)
2025-08-17T01:42:44.5542349Z #51 6.694 Collecting python-dateutil>=2.8.2 (from celery==5.4.*->celery[redis]==5.4.*->-r fees_h10/requirements.txt (line 1))
2025-08-17T01:42:44.5543473Z #51 6.711   Downloading python_dateutil-2.9.0.post0-py2.py3-none-any.whl.metadata (8.4 kB)
2025-08-17T01:42:44.5544515Z #51 6.845 Collecting redis!=4.5.5,<6.0.0,>=4.5.2 (from celery[redis]==5.4.*->-r fees_h10/requirements.txt (line 1))
2025-08-17T01:42:44.5545438Z #51 6.862   Downloading redis-5.3.1-py3-none-any.whl.metadata (9.2 kB)
2025-08-17T01:42:44.5546192Z #51 6.950 Collecting anyio (from httpx->-r fees_h10/requirements.txt (line 3))
2025-08-17T01:42:44.5546971Z #51 6.964   Downloading anyio-4.10.0-py3-none-any.whl.metadata (4.0 kB)
2025-08-17T01:42:44.5547787Z #51 7.039 Collecting certifi (from httpx->-r fees_h10/requirements.txt (line 3))
2025-08-17T01:42:44.5548806Z #51 7.049   Downloading certifi-2025.8.3-py3-none-any.whl.metadata (2.4 kB)
2025-08-17T01:42:44.5549633Z #51 7.145 Collecting httpcore==1.* (from httpx->-r fees_h10/requirements.txt (line 3))
2025-08-17T01:42:44.5550402Z #51 7.157   Downloading httpcore-1.0.9-py3-none-any.whl.metadata (21 kB)
2025-08-17T01:42:44.5551189Z #51 7.227 Collecting idna (from httpx->-r fees_h10/requirements.txt (line 3))
2025-08-17T01:42:44.5551940Z #51 7.237   Downloading idna-3.10-py3-none-any.whl.metadata (10 kB)
2025-08-17T01:42:44.5552745Z #51 7.280 Collecting h11>=0.16 (from httpcore==1.*->httpx->-r fees_h10/requirements.txt (line 3))
2025-08-17T01:42:44.5553587Z #51 7.296   Downloading h11-0.16.0-py3-none-any.whl.metadata (8.3 kB)
2025-08-17T01:42:44.5554373Z #51 7.686 Collecting greenlet>=1 (from sqlalchemy->-r fees_h10/requirements.txt (line 4))
2025-08-17T01:42:44.5555443Z #51 7.698   Downloading greenlet-3.2.4-cp312-cp312-manylinux_2_24_x86_64.manylinux_2_28_x86_64.whl.metadata (4.1 kB)
2025-08-17T01:42:44.5556808Z #51 7.775 Collecting typing-extensions>=4.6.0 (from sqlalchemy->-r fees_h10/requirements.txt (line 4))
2025-08-17T01:42:44.5557800Z #51 7.786   Downloading typing_extensions-4.14.1-py3-none-any.whl.metadata (3.0 kB)
2025-08-17T01:42:44.5632442Z #51 7.952 Collecting prompt-toolkit>=3.0.36 (from click-repl>=0.2.0->celery==5.4.*->celery[redis]==5.4.*->-r fees_h10/requirements.txt (line 1))
2025-08-17T01:42:44.5633600Z #51 7.963   Downloading prompt_toolkit-3.0.51-py3-none-any.whl.metadata (6.4 kB)
2025-08-17T01:42:44.5634664Z #51 8.043 Collecting amqp<6.0.0,>=5.1.1 (from kombu<6.0,>=5.3.4->celery==5.4.*->celery[redis]==5.4.*->-r fees_h10/requirements.txt (line 1))
2025-08-17T01:42:44.5635662Z #51 8.057   Downloading amqp-5.3.1-py3-none-any.whl.metadata (8.9 kB)
2025-08-17T01:42:44.5636662Z #51 8.123 Collecting packaging (from kombu<6.0,>=5.3.4->celery==5.4.*->celery[redis]==5.4.*->-r fees_h10/requirements.txt (line 1))
2025-08-17T01:42:44.5637687Z #51 8.143   Downloading packaging-25.0-py3-none-any.whl.metadata (3.3 kB)
2025-08-17T01:42:44.5638954Z #51 8.224 Collecting six>=1.5 (from python-dateutil>=2.8.2->celery==5.4.*->celery[redis]==5.4.*->-r fees_h10/requirements.txt (line 1))
2025-08-17T01:42:44.5640005Z #51 8.240   Downloading six-1.17.0-py2.py3-none-any.whl.metadata (1.7 kB)
2025-08-17T01:42:44.5640968Z #51 8.316 Collecting PyJWT>=2.9.0 (from redis!=4.5.5,<6.0.0,>=4.5.2->celery[redis]==5.4.*->-r fees_h10/requirements.txt (line 1))
2025-08-17T01:42:44.5641931Z #51 8.338   Downloading PyJWT-2.10.1-py3-none-any.whl.metadata (4.0 kB)
2025-08-17T01:42:44.5643057Z #51 8.431 Collecting sniffio>=1.1 (from anyio->httpx->-r fees_h10/requirements.txt (line 3))
2025-08-17T01:42:44.5643906Z #51 8.449   Downloading sniffio-1.3.1-py3-none-any.whl.metadata (3.9 kB)
2025-08-17T01:42:44.5645066Z #51 8.547 Collecting wcwidth (from prompt-toolkit>=3.0.36->click-repl>=0.2.0->celery==5.4.*->celery[redis]==5.4.*->-r fees_h10/requirements.txt (line 1))
2025-08-17T01:42:44.5646242Z #51 8.563   Downloading wcwidth-0.2.13-py2.py3-none-any.whl.metadata (14 kB)
2025-08-17T01:42:44.5646979Z #51 8.623 Downloading celery-5.4.0-py3-none-any.whl (425 kB)
2025-08-17T01:42:44.5647835Z #51 8.681 Downloading asyncpg-0.30.0-cp312-cp312-manylinux_2_17_x86_64.manylinux2014_x86_64.whl (3.6 MB)
2025-08-17T01:42:44.5649343Z #51 8.775    ━━━━━━━━━━━━━━━━━━━━━━━━━━━━━━━━━━━━━━━━ 3.6/3.6 MB 40.5 MB/s eta 0:00:00
2025-08-17T01:42:44.5649961Z #51 8.794 Downloading httpx-0.28.1-py3-none-any.whl (73 kB)
2025-08-17T01:42:44.5650580Z #51 8.819 Downloading httpcore-1.0.9-py3-none-any.whl (78 kB)
2025-08-17T01:42:44.5651482Z #51 8.846 Downloading sqlalchemy-2.0.43-cp312-cp312-manylinux_2_17_x86_64.manylinux2014_x86_64.whl (3.3 MB)
2025-08-17T01:42:44.5652597Z #51 8.913    ━━━━━━━━━━━━━━━━━━━━━━━━━━━━━━━━━━━━━━━━ 3.3/3.3 MB 64.8 MB/s eta 0:00:00
2025-08-17T01:42:44.5653221Z #51 8.925 Downloading billiard-4.2.1-py3-none-any.whl (86 kB)
2025-08-17T01:42:44.5653841Z #51 8.952 Downloading click-8.2.1-py3-none-any.whl (102 kB)
2025-08-17T01:42:44.5654538Z #51 8.981 Downloading click_didyoumean-0.3.1-py3-none-any.whl (3.6 kB)
2025-08-17T01:42:44.5655314Z #51 9.017 Downloading click_plugins-1.1.1.2-py2.py3-none-any.whl (11 kB)
2025-08-17T01:42:44.5656029Z #51 9.038 Downloading click_repl-0.3.0-py3-none-any.whl (10 kB)
2025-08-17T01:42:44.5656908Z #51 9.057 Downloading greenlet-3.2.4-cp312-cp312-manylinux_2_24_x86_64.manylinux_2_28_x86_64.whl (607 kB)
2025-08-17T01:42:44.5657974Z #51 9.074    ━━━━━━━━━━━━━━━━━━━━━━━━━━━━━━━━━━━━━━━━ 607.6/607.6 kB 32.7 MB/s eta 0:00:00
2025-08-17T01:42:44.5699088Z #51 9.090 Downloading kombu-5.5.4-py3-none-any.whl (210 kB)
2025-08-17T01:42:44.5699725Z #51 9.114 Downloading vine-5.1.0-py3-none-any.whl (9.6 kB)
2025-08-17T01:42:44.5700448Z #51 9.138 Downloading python_dateutil-2.9.0.post0-py2.py3-none-any.whl (229 kB)
2025-08-17T01:42:44.5701176Z #51 9.159 Downloading redis-5.3.1-py3-none-any.whl (272 kB)
2025-08-17T01:42:44.5701845Z #51 9.193 Downloading typing_extensions-4.14.1-py3-none-any.whl (43 kB)
2025-08-17T01:42:44.5702783Z #51 9.234 Downloading tzdata-2025.2-py2.py3-none-any.whl (347 kB)
2025-08-17T01:42:44.5703439Z #51 9.257 Downloading anyio-4.10.0-py3-none-any.whl (107 kB)
2025-08-17T01:42:44.5704016Z #51 9.290 Downloading idna-3.10-py3-none-any.whl (70 kB)
2025-08-17T01:42:44.5704607Z #51 9.324 Downloading certifi-2025.8.3-py3-none-any.whl (161 kB)
2025-08-17T01:42:44.5705204Z #51 9.351 Downloading amqp-5.3.1-py3-none-any.whl (50 kB)
2025-08-17T01:42:44.5705763Z #51 9.376 Downloading h11-0.16.0-py3-none-any.whl (37 kB)
2025-08-17T01:42:44.5706403Z #51 9.399 Downloading prompt_toolkit-3.0.51-py3-none-any.whl (387 kB)
2025-08-17T01:42:44.5707050Z #51 9.433 Downloading PyJWT-2.10.1-py3-none-any.whl (22 kB)
2025-08-17T01:42:44.5707654Z #51 9.464 Downloading six-1.17.0-py2.py3-none-any.whl (11 kB)
2025-08-17T01:42:44.5708438Z #51 9.497 Downloading sniffio-1.3.1-py3-none-any.whl (10 kB)
2025-08-17T01:42:44.5709046Z #51 9.525 Downloading packaging-25.0-py3-none-any.whl (66 kB)
2025-08-17T01:42:44.5709690Z #51 9.549 Downloading wcwidth-0.2.13-py2.py3-none-any.whl (34 kB)
2025-08-17T01:42:44.5711759Z #51 9.817 Installing collected packages: wcwidth, vine, tzdata, typing-extensions, sniffio, six, PyJWT, prompt-toolkit, packaging, idna, h11, greenlet, click, certifi, billiard, asyncpg, sqlalchemy, redis, python-dateutil, httpcore, click-repl, click-plugins, click-didyoumean, anyio, amqp, kombu, httpx, celery
2025-08-17T01:42:44.6069378Z #51 ...
2025-08-17T01:42:44.6071703Z 
2025-08-17T01:42:44.6072048Z #52 [api base  4/12] RUN pip install --no-cache-dir -r requirements.txt
2025-08-17T01:42:44.6073221Z #52 4.845 Collecting uvicorn==0.29.0 (from -r requirements.txt (line 1))
2025-08-17T01:42:44.6073990Z #52 4.932   Downloading uvicorn-0.29.0-py3-none-any.whl.metadata (6.3 kB)
2025-08-17T01:42:44.6074812Z #52 4.984 Collecting pydantic-settings==2.2.1 (from -r requirements.txt (line 2))
2025-08-17T01:42:44.6075678Z #52 4.999   Downloading pydantic_settings-2.2.1-py3-none-any.whl.metadata (3.1 kB)
2025-08-17T01:42:44.6076509Z #52 5.128 Collecting fastapi==0.111.0 (from -r requirements.txt (line 3))
2025-08-17T01:42:44.6077221Z #52 5.138   Downloading fastapi-0.111.0-py3-none-any.whl.metadata (25 kB)
2025-08-17T01:42:44.6077960Z #52 5.926 Collecting sqlalchemy==2.0.29 (from -r requirements.txt (line 4))
2025-08-17T01:42:44.6079216Z #52 5.949   Downloading SQLAlchemy-2.0.29-cp312-cp312-manylinux_2_17_x86_64.manylinux2014_x86_64.whl.metadata (9.6 kB)
2025-08-17T01:42:44.6080199Z #52 6.037 Collecting alembic==1.13.1 (from -r requirements.txt (line 5))
2025-08-17T01:42:44.6080965Z #52 6.052   Downloading alembic-1.13.1-py3-none-any.whl.metadata (7.4 kB)
2025-08-17T01:42:44.6081802Z #52 6.095 Collecting psycopg==3.2.9 (from psycopg[binary]==3.2.9->-r requirements.txt (line 6))
2025-08-17T01:42:44.6082648Z #52 6.109   Downloading psycopg-3.2.9-py3-none-any.whl.metadata (4.5 kB)
2025-08-17T01:42:44.6083356Z #52 6.185 Collecting httpx==0.27.2 (from -r requirements.txt (line 7))
2025-08-17T01:42:44.6084054Z #52 6.199   Downloading httpx-0.27.2-py3-none-any.whl.metadata (7.1 kB)
2025-08-17T01:42:44.6084770Z #52 6.288 Collecting asyncpg==0.29.0 (from -r requirements.txt (line 8))
2025-08-17T01:42:44.6085671Z #52 6.301   Downloading asyncpg-0.29.0-cp312-cp312-manylinux_2_17_x86_64.manylinux2014_x86_64.whl.metadata (4.4 kB)
2025-08-17T01:42:44.6086596Z #52 7.091 Collecting boto3==1.34.162 (from -r requirements.txt (line 9))
2025-08-17T01:42:44.6087287Z #52 7.106   Downloading boto3-1.34.162-py3-none-any.whl.metadata (6.6 kB)
2025-08-17T01:42:44.6087981Z #52 7.145 Collecting Jinja2==3.1.5 (from -r requirements.txt (line 10))
2025-08-17T01:42:44.6088911Z #52 7.161   Downloading jinja2-3.1.5-py3-none-any.whl.metadata (2.6 kB)
2025-08-17T01:42:44.6089637Z #52 7.225 Collecting click>=7.0 (from uvicorn==0.29.0->-r requirements.txt (line 1))
2025-08-17T01:42:44.6090372Z #52 7.236   Downloading click-8.2.1-py3-none-any.whl.metadata (2.5 kB)
2025-08-17T01:42:44.6091079Z #52 7.268 Collecting h11>=0.8 (from uvicorn==0.29.0->-r requirements.txt (line 1))
2025-08-17T01:42:44.6092071Z #52 7.288   Downloading h11-0.16.0-py3-none-any.whl.metadata (8.3 kB)
2025-08-17T01:42:44.6092919Z #52 7.609 Collecting pydantic>=2.3.0 (from pydantic-settings==2.2.1->-r requirements.txt (line 2))
2025-08-17T01:42:44.6093804Z #52 7.620   Downloading pydantic-2.11.7-py3-none-any.whl.metadata (67 kB)
2025-08-17T01:42:44.6094705Z #52 7.666 Collecting python-dotenv>=0.21.0 (from pydantic-settings==2.2.1->-r requirements.txt (line 2))
2025-08-17T01:42:44.6095624Z #52 7.681   Downloading python_dotenv-1.1.1-py3-none-any.whl.metadata (24 kB)
2025-08-17T01:42:44.6096508Z #52 7.764 Collecting starlette<0.38.0,>=0.37.2 (from fastapi==0.111.0->-r requirements.txt (line 3))
2025-08-17T01:42:44.6097365Z #52 7.782   Downloading starlette-0.37.2-py3-none-any.whl.metadata (5.9 kB)
2025-08-17T01:42:44.6122182Z #52 7.932 Collecting typing-extensions>=4.8.0 (from fastapi==0.111.0->-r requirements.txt (line 3))
2025-08-17T01:42:44.6123477Z #52 7.952   Downloading typing_extensions-4.14.1-py3-none-any.whl.metadata (3.0 kB)
2025-08-17T01:42:44.6124381Z #52 7.974 Collecting fastapi-cli>=0.0.2 (from fastapi==0.111.0->-r requirements.txt (line 3))
2025-08-17T01:42:44.6125343Z #52 7.986   Downloading fastapi_cli-0.0.8-py3-none-any.whl.metadata (6.3 kB)
2025-08-17T01:42:44.6126203Z #52 8.048 Collecting python-multipart>=0.0.7 (from fastapi==0.111.0->-r requirements.txt (line 3))
2025-08-17T01:42:44.6126993Z #52 8.055   Downloading python_multipart-0.0.20-py3-none-any.whl.metadata (1.8 kB)
2025-08-17T01:42:44.6132954Z #52 8.239 Collecting ujson!=4.0.2,!=4.1.0,!=4.2.0,!=4.3.0,!=5.0.0,!=5.1.0,>=4.0.1 (from fastapi==0.111.0->-r requirements.txt (line 3))
2025-08-17T01:42:44.6134760Z #52 8.259   Downloading ujson-5.10.0-cp312-cp312-manylinux_2_17_x86_64.manylinux2014_x86_64.whl.metadata (9.3 kB)
2025-08-17T01:42:44.6135771Z #52 8.777 Collecting orjson>=3.2.1 (from fastapi==0.111.0->-r requirements.txt (line 3))
2025-08-17T01:42:44.6136669Z #52 8.789   Downloading orjson-3.11.2-cp312-cp312-manylinux_2_17_x86_64.manylinux2014_x86_64.whl.metadata (1.2 kB)
2025-08-17T01:42:44.6137590Z #52 8.827 Collecting email_validator>=2.0.0 (from fastapi==0.111.0->-r requirements.txt (line 3))
2025-08-17T01:42:44.6138640Z #52 8.842   Downloading email_validator-2.2.0-py3-none-any.whl.metadata (25 kB)
2025-08-17T01:42:44.6139675Z #52 9.226 Collecting greenlet!=0.4.17 (from sqlalchemy==2.0.29->-r requirements.txt (line 4))
2025-08-17T01:42:44.6141039Z #52 9.237   Downloading greenlet-3.2.4-cp312-cp312-manylinux_2_24_x86_64.manylinux_2_28_x86_64.whl.metadata (4.1 kB)
2025-08-17T01:42:44.6149484Z #52 9.340 Collecting Mako (from alembic==1.13.1->-r requirements.txt (line 5))
2025-08-17T01:42:44.6150208Z #52 9.351   Downloading mako-1.3.10-py3-none-any.whl.metadata (2.9 kB)
2025-08-17T01:42:44.6150970Z #52 9.407 Collecting anyio (from httpx==0.27.2->-r requirements.txt (line 7))
2025-08-17T01:42:44.6151688Z #52 9.414   Downloading anyio-4.10.0-py3-none-any.whl.metadata (4.0 kB)
2025-08-17T01:42:44.6152428Z #52 9.455 Collecting certifi (from httpx==0.27.2->-r requirements.txt (line 7))
2025-08-17T01:42:44.6153232Z #52 9.470   Downloading certifi-2025.8.3-py3-none-any.whl.metadata (2.4 kB)
2025-08-17T01:42:44.6154027Z #52 9.507 Collecting httpcore==1.* (from httpx==0.27.2->-r requirements.txt (line 7))
2025-08-17T01:42:44.6154831Z #52 9.520   Downloading httpcore-1.0.9-py3-none-any.whl.metadata (21 kB)
2025-08-17T01:42:44.6155600Z #52 9.561 Collecting idna (from httpx==0.27.2->-r requirements.txt (line 7))
2025-08-17T01:42:44.6156265Z #52 9.570   Downloading idna-3.10-py3-none-any.whl.metadata (10 kB)
2025-08-17T01:42:44.6157007Z #52 9.597 Collecting sniffio (from httpx==0.27.2->-r requirements.txt (line 7))
2025-08-17T01:42:44.6157792Z #52 9.610   Downloading sniffio-1.3.1-py3-none-any.whl.metadata (3.9 kB)
2025-08-17T01:42:44.9259732Z #52 10.73 Collecting botocore<1.35.0,>=1.34.162 (from boto3==1.34.162->-r requirements.txt (line 9))
2025-08-17T01:42:44.9264675Z #52 10.75   Downloading botocore-1.34.162-py3-none-any.whl.metadata (5.7 kB)
2025-08-17T01:42:44.9265908Z #52 10.79 Collecting jmespath<2.0.0,>=0.7.1 (from boto3==1.34.162->-r requirements.txt (line 9))
2025-08-17T01:42:44.9266599Z #52 ...
2025-08-17T01:42:44.9266762Z 
2025-08-17T01:42:44.9268318Z #48 [api stage-1 3/6] RUN set -eux;     if [ -f /etc/apt/sources.list ]; then         sed -i 's|http://deb.debian.org|https://deb.debian.org|g' /etc/apt/sources.list;     fi;     apt-get update;     apt-get install -y --no-install-recommends tzdata postgresql-client curl;     rm -rf /var/lib/apt/lists/*
2025-08-17T01:42:44.9270313Z #48 10.88 Selecting previously unselected package libgdbm-compat4t64:amd64.
2025-08-17T01:42:45.0213929Z #48 10.89 Preparing to unpack .../02-libgdbm-compat4t64_1.24-2_amd64.deb ...
2025-08-17T01:42:45.0215081Z #48 10.91 Unpacking libgdbm-compat4t64:amd64 (1.24-2) ...
2025-08-17T01:42:45.1979545Z #48 11.00 Selecting previously unselected package libperl5.40:amd64.
2025-08-17T01:42:45.1980506Z #48 11.00 Preparing to unpack .../03-libperl5.40_5.40.1-6_amd64.deb ...
2025-08-17T01:42:45.2008493Z #48 11.01 Unpacking libperl5.40:amd64 (5.40.1-6) ...
2025-08-17T01:42:46.4420543Z #48 12.40 Selecting previously unselected package perl.
2025-08-17T01:42:46.5557629Z #48 12.41 Preparing to unpack .../04-perl_5.40.1-6_amd64.deb ...
2025-08-17T01:42:46.5558621Z #48 12.42 Unpacking perl (5.40.1-6) ...
2025-08-17T01:42:46.7367464Z #48 12.52 Selecting previously unselected package libbrotli1:amd64.#48 ...
2025-08-17T01:42:46.7370159Z 
2025-08-17T01:42:46.7371445Z #23 [postgres 1/6] FROM docker.io/library/postgres:16@sha256:66a5efb5677ffac1037774a0e141fd3a4c035c9c0c0e624c9cc980dfa10f45e5
2025-08-17T01:42:46.7374018Z #23 extracting sha256:a1e4ad56dcecf442fba1cec05cd565ededfdc663e5172df9ef9394d96d4c96f8 11.7s done
2025-08-17T01:42:46.7376048Z #23 extracting sha256:987c1b4919ea2d87df20824aaef43a9de0575ac7df684579ad267c7e48c8eeea done
2025-08-17T01:42:46.7377205Z #23 extracting sha256:a858bd6d34e86a481a2e028e3ba489e662b3ac7713eba9a5d3bb97002c7d797e done
2025-08-17T01:42:46.7379388Z #23 extracting sha256:f1b3502db45ad485f0affe43e32fc81d699ddac01c023f198271a0a7e1cecd4c done
2025-08-17T01:42:46.7380479Z #23 extracting sha256:25ef78fb127c1934630de29a3d38f46e544360b1dcf5cfc09b25507fbe88fd75 done
2025-08-17T01:42:46.7381530Z #23 extracting sha256:240810240d04caaaccb11d51ba7c3a7f7d6f470ec2a80ee420a3d33899d9a303 done
2025-08-17T01:42:46.7382257Z #23 DONE 18.0s
2025-08-17T01:42:46.7382437Z 
2025-08-17T01:42:46.7383859Z #48 [api stage-1 3/6] RUN set -eux;     if [ -f /etc/apt/sources.list ]; then         sed -i 's|http://deb.debian.org|https://deb.debian.org|g' /etc/apt/sources.list;     fi;     apt-get update;     apt-get install -y --no-install-recommends tzdata postgresql-client curl;     rm -rf /var/lib/apt/lists/*
2025-08-17T01:42:46.7386191Z #48 12.52 Selecting previously unselected package libbrotli1:amd64.
2025-08-17T01:42:46.7387945Z #48 12.52 Preparing to unpack .../05-libbrotli1_1.1.0-2+b7_amd64.deb ...
2025-08-17T01:42:46.7388808Z #48 12.53 Unpacking libbrotli1:amd64 (1.1.0-2+b7) ...
2025-08-17T01:42:46.8530020Z #48 12.71 Selecting previously unselected package libkrb5support0:amd64.
2025-08-17T01:42:46.8531406Z #48 12.71 Preparing to unpack .../06-libkrb5support0_1.21.3-5_amd64.deb ...
2025-08-17T01:42:46.8532479Z #48 12.73 Unpacking libkrb5support0:amd64 (1.21.3-5) ...
2025-08-17T01:42:46.8533854Z #48 12.79 Selecting previously unselected package libcom-err2:amd64.
2025-08-17T01:42:46.8534960Z #48 12.79 Preparing to unpack .../07-libcom-err2_1.47.2-3+b3_amd64.deb ...
2025-08-17T01:42:46.8536199Z #48 12.79 Unpacking libcom-err2:amd64 (1.47.2-3+b3) ...
2025-08-17T01:42:47.0243622Z #48 12.85 Selecting previously unselected package libk5crypto3:amd64.
2025-08-17T01:42:47.0246242Z #48 12.86 Preparing to unpack .../08-libk5crypto3_1.21.3-5_amd64.deb ...
2025-08-17T01:42:47.0259292Z #48 12.86 Unpacking libk5crypto3:amd64 (1.21.3-5) ...
2025-08-17T01:42:47.1392092Z #48 13.00 Selecting previously unselected package libkeyutils1:amd64.
2025-08-17T01:42:47.1401125Z #48 13.01 Preparing to unpack .../09-libkeyutils1_1.6.3-6_amd64.deb ...
2025-08-17T01:42:47.1402643Z #48 13.02 Unpacking libkeyutils1:amd64 (1.6.3-6) ...
2025-08-17T01:42:47.1403709Z #48 13.10 Selecting previously unselected package libkrb5-3:amd64.
2025-08-17T01:42:47.2474336Z #48 13.10 Preparing to unpack .../10-libkrb5-3_1.21.3-5_amd64.deb ...
2025-08-17T01:42:47.2474979Z #48 13.11 Unpacking libkrb5-3:amd64 (1.21.3-5) ...
2025-08-17T01:42:47.2475627Z #48 13.21 Selecting previously unselected package libgssapi-krb5-2:amd64.
2025-08-17T01:42:47.3537916Z #48 13.22 Preparing to unpack .../11-libgssapi-krb5-2_1.21.3-5_amd64.deb ...
2025-08-17T01:42:47.3541226Z #48 13.22 Unpacking libgssapi-krb5-2:amd64 (1.21.3-5) ...
2025-08-17T01:42:47.4747378Z #48 13.34 Selecting previously unselected package libunistring5:amd64.
2025-08-17T01:42:47.4748529Z #48 13.35 Preparing to unpack .../12-libunistring5_1.3-2_amd64.deb ...
2025-08-17T01:42:47.4778752Z #48 13.35 Unpacking libunistring5:amd64 (1.3-2) ...
2025-08-17T01:42:47.5766796Z #48 13.54 Selecting previously unselected package libidn2-0:amd64.
2025-08-17T01:42:47.5767587Z #48 13.54 Preparing to unpack .../13-libidn2-0_2.3.8-2_amd64.deb ...
2025-08-17T01:42:47.7147075Z #48 13.54 Unpacking libidn2-0:amd64 (2.3.8-2) ...
2025-08-17T01:42:47.7148203Z #48 13.62 Selecting previously unselected package libsasl2-modules-db:amd64.
2025-08-17T01:42:47.7149025Z #48 13.62 Preparing to unpack .../14-libsasl2-modules-db_2.1.28+dfsg1-9_amd64.deb ...
2025-08-17T01:42:47.7149742Z #48 13.63 Unpacking libsasl2-modules-db:amd64 (2.1.28+dfsg1-9) ...
2025-08-17T01:42:47.8245963Z #48 13.70 Selecting previously unselected package libsasl2-2:amd64.
2025-08-17T01:42:47.8246805Z #48 13.70 Preparing to unpack .../15-libsasl2-2_2.1.28+dfsg1-9_amd64.deb ...
2025-08-17T01:42:47.8247466Z #48 13.71 Unpacking libsasl2-2:amd64 (2.1.28+dfsg1-9) ...
2025-08-17T01:42:47.9517051Z #48 13.81 Selecting previously unselected package libldap2:amd64.
2025-08-17T01:42:47.9522435Z #48 13.81 Preparing to unpack .../16-libldap2_2.6.10+dfsg-1_amd64.deb ...
2025-08-17T01:42:47.9532455Z #48 13.81 Unpacking libldap2:amd64 (2.6.10+dfsg-1) ...
2025-08-17T01:42:48.0601239Z #48 13.96 Selecting previously unselected package libnghttp2-14:amd64.
2025-08-17T01:42:48.0606072Z #48 13.97 Preparing to unpack .../17-libnghttp2-14_1.64.0-1.1_amd64.deb ...
2025-08-17T01:42:48.0610927Z #48 13.98 Unpacking libnghttp2-14:amd64 (1.64.0-1.1) ...
2025-08-17T01:42:48.1729851Z #48 14.06 Selecting previously unselected package libnghttp3-9:amd64.
2025-08-17T01:42:48.1730617Z #48 14.06 Preparing to unpack .../18-libnghttp3-9_1.8.0-1_amd64.deb ...
2025-08-17T01:42:48.1731226Z #48 14.06 Unpacking libnghttp3-9:amd64 (1.8.0-1) ...
2025-08-17T01:42:48.2789683Z #48 14.16 Selecting previously unselected package libpsl5t64:amd64.
2025-08-17T01:42:48.2790600Z #48 14.16 Preparing to unpack .../19-libpsl5t64_0.21.2-1.1+b1_amd64.deb ...
2025-08-17T01:42:48.2791319Z #48 14.17 Unpacking libpsl5t64:amd64 (0.21.2-1.1+b1) ...
2025-08-17T01:42:48.4042371Z #48 14.25 Selecting previously unselected package libp11-kit0:amd64.
2025-08-17T01:42:48.4044502Z #48 14.25 Preparing to unpack .../20-libp11-kit0_0.25.5-3_amd64.deb ...
2025-08-17T01:42:48.4045146Z #48 14.26 Unpacking libp11-kit0:amd64 (0.25.5-3) ...
2025-08-17T01:42:48.5120413Z #48 14.37 Selecting previously unselected package libtasn1-6:amd64.
2025-08-17T01:42:48.5121836Z #48 14.38 Preparing to unpack .../21-libtasn1-6_4.20.0-2_amd64.deb ...
2025-08-17T01:42:48.5122468Z #48 14.38 Unpacking libtasn1-6:amd64 (4.20.0-2) ...
2025-08-17T01:42:48.6193889Z #48 14.49 Selecting previously unselected package libgnutls30t64:amd64.
2025-08-17T01:42:48.6194982Z #48 14.49 Preparing to unpack .../22-libgnutls30t64_3.8.9-3_amd64.deb ...
2025-08-17T01:42:48.6196061Z #48 14.50 Unpacking libgnutls30t64:amd64 (3.8.9-3) ...
2025-08-17T01:42:48.7368854Z #48 14.65 Selecting previously unselected package librtmp1:amd64.
2025-08-17T01:42:48.7373476Z #48 14.65 Preparing to unpack .../23-librtmp1_2.4+20151223.gitfa8646d.1-2+b5_amd64.deb ...
2025-08-17T01:42:48.7374271Z #48 14.65 Unpacking librtmp1:amd64 (2.4+20151223.gitfa8646d.1-2+b5) ...
2025-08-17T01:42:48.8558698Z #48 14.71 Selecting previously unselected package libssh2-1t64:amd64.
2025-08-17T01:42:48.8560105Z #48 14.71 Preparing to unpack .../24-libssh2-1t64_1.11.1-1_amd64.deb ...
2025-08-17T01:42:48.8561096Z #48 14.72 Unpacking libssh2-1t64:amd64 (1.11.1-1) ...
2025-08-17T01:42:48.9590161Z #48 14.83 Selecting previously unselected package libcurl4t64:amd64.
2025-08-17T01:42:48.9593737Z #48 14.83 Preparing to unpack .../25-libcurl4t64_8.14.1-2_amd64.deb ...
2025-08-17T01:42:48.9594291Z #48 14.84 Unpacking libcurl4t64:amd64 (8.14.1-2) ...
2025-08-17T01:42:49.0746641Z #48 15.00 Selecting previously unselected package curl.
2025-08-17T01:42:49.0747351Z #48 15.00 Preparing to unpack .../26-curl_8.14.1-2_amd64.deb ...
2025-08-17T01:42:49.0747899Z #48 15.01 Unpacking curl (8.14.1-2) ...
2025-08-17T01:42:49.3687133Z #48 ...
2025-08-17T01:42:49.3687397Z 
2025-08-17T01:42:49.3688272Z #49 [logistics_etl base 4/5] RUN if [ -n "" ] && [ -f "" ]; then         pip install -r requirements.txt -c "";     else         pip install -r requirements.txt;     fi
2025-08-17T01:42:49.3690208Z #49 14.52 Successfully installed anyio-4.10.0 apscheduler-3.10.4 asyncpg-0.30.0 certifi-2025.8.3 greenlet-3.2.4 h11-0.16.0 httpcore-1.0.9 httpx-0.26.0 idna-3.10 pytz-2025.2 six-1.17.0 sniffio-1.3.1 sqlalchemy-2.0.29 typing-extensions-4.14.1 tzlocal-5.3.1
2025-08-17T01:42:49.3693600Z #49 14.52 WARNING: Running pip as the 'root' user can result in broken permissions and conflicting behaviour with the system package manager, possibly rendering your system unusable. It is recommended to use a virtual environment instead: https://pip.pypa.io/warnings/venv. Use the --root-user-action option if you know what you are doing and want to suppress this warning.
2025-08-17T01:42:49.3696083Z #49 14.74 
2025-08-17T01:42:49.3696504Z #49 14.74 [notice] A new release of pip is available: 25.0.1 -> 25.2
2025-08-17T01:42:49.3697118Z #49 14.74 [notice] To update, run: pip install --upgrade pip
2025-08-17T01:42:49.3697602Z #49 DONE 15.2s
2025-08-17T01:42:49.3697779Z 
2025-08-17T01:42:49.3699306Z #48 [api stage-1 3/6] RUN set -eux;     if [ -f /etc/apt/sources.list ]; then         sed -i 's|http://deb.debian.org|https://deb.debian.org|g' /etc/apt/sources.list;     fi;     apt-get update;     apt-get install -y --no-install-recommends tzdata postgresql-client curl;     rm -rf /var/lib/apt/lists/*
2025-08-17T01:42:49.3701042Z #48 15.25 Selecting previously unselected package libpq5:amd64.
2025-08-17T01:42:49.3701691Z #48 15.25 Preparing to unpack .../27-libpq5_17.5-1_amd64.deb ...
2025-08-17T01:42:49.3702237Z #48 15.26 Unpacking libpq5:amd64 (17.5-1) ...
2025-08-17T01:42:49.4804652Z #48 ...
2025-08-17T01:42:49.4849277Z 
2025-08-17T01:42:49.4849578Z #53 [logistics_etl base 5/5] COPY . .
2025-08-17T01:42:49.4850011Z #53 DONE 0.1s
2025-08-17T01:42:49.4850182Z 
2025-08-17T01:42:49.4851592Z #48 [api stage-1 3/6] RUN set -eux;     if [ -f /etc/apt/sources.list ]; then         sed -i 's|http://deb.debian.org|https://deb.debian.org|g' /etc/apt/sources.list;     fi;     apt-get update;     apt-get install -y --no-install-recommends tzdata postgresql-client curl;     rm -rf /var/lib/apt/lists/*
2025-08-17T01:42:49.4853725Z #48 15.37 Selecting previously unselected package postgresql-client-common.
2025-08-17T01:42:49.4854764Z #48 15.37 Preparing to unpack .../28-postgresql-client-common_278_all.deb ...
2025-08-17T01:42:49.4855982Z #48 15.39 Unpacking postgresql-client-common (278) ...
2025-08-17T01:42:49.6099256Z #48 15.49 Selecting previously unselected package postgresql-client-17.
2025-08-17T01:42:49.6101631Z #48 15.49 Preparing to unpack .../29-postgresql-client-17_17.5-1_amd64.deb ...
2025-08-17T01:42:49.6104368Z #48 15.50 Unpacking postgresql-client-17 (17.5-1) ...
2025-08-17T01:42:50.0126391Z #48 15.97 Selecting previously unselected package postgresql-client.
2025-08-17T01:42:50.0128677Z #48 15.97 Preparing to unpack .../30-postgresql-client_17+278_all.deb ...
2025-08-17T01:42:50.1228239Z #48 15.98 Unpacking postgresql-client (17+278) ...
2025-08-17T01:42:50.1230739Z #48 16.07 Setting up libkeyutils1:amd64 (1.6.3-6) ...
2025-08-17T01:42:50.1231298Z #48 16.07 Setting up libgdbm-compat4t64:amd64 (1.24-2) ...
2025-08-17T01:42:50.1231854Z #48 16.09 Setting up libbrotli1:amd64 (1.1.0-2+b7) ...
2025-08-17T01:42:50.1235641Z #48 16.09 Setting up libnghttp2-14:amd64 (1.64.0-1.1) ...
2025-08-17T01:42:50.2257419Z #48 16.09 Setting up libcom-err2:amd64 (1.47.2-3+b3) ...
2025-08-17T01:42:50.2258559Z #48 16.10 Setting up libkrb5support0:amd64 (1.21.3-5) ...
2025-08-17T01:42:50.2261711Z #48 16.10 Setting up libsasl2-modules-db:amd64 (2.1.28+dfsg1-9) ...
2025-08-17T01:42:50.2262213Z #48 16.12 Setting up libp11-kit0:amd64 (0.25.5-3) ...
2025-08-17T01:42:50.2262651Z #48 16.12 Setting up libunistring5:amd64 (1.3-2) ...
2025-08-17T01:42:50.2263083Z #48 16.13 Setting up libk5crypto3:amd64 (1.21.3-5) ...
2025-08-17T01:42:50.2289318Z #48 16.13 Setting up libsasl2-2:amd64 (2.1.28+dfsg1-9) ...
2025-08-17T01:42:50.2289892Z #48 16.14 Setting up libnghttp3-9:amd64 (1.8.0-1) ...
2025-08-17T01:42:50.2290820Z #48 16.15 Setting up perl-modules-5.40 (5.40.1-6) ...
2025-08-17T01:42:50.2291297Z #48 16.15 Setting up sensible-utils (0.0.25) ...
2025-08-17T01:42:50.2292863Z #48 16.16 Setting up libtasn1-6:amd64 (4.20.0-2) ...
2025-08-17T01:42:50.2319497Z #48 16.17 Setting up libkrb5-3:amd64 (1.21.3-5) ...
2025-08-17T01:42:50.2320501Z #48 16.18 Setting up libssh2-1t64:amd64 (1.11.1-1) ...
2025-08-17T01:42:50.2321206Z #48 16.19 Setting up libldap2:amd64 (2.6.10+dfsg-1) ...
2025-08-17T01:42:50.3386877Z #48 16.19 Setting up libidn2-0:amd64 (2.3.8-2) ...
2025-08-17T01:42:50.3394490Z #48 16.20 Setting up libperl5.40:amd64 (5.40.1-6) ...
2025-08-17T01:42:50.3394995Z #48 16.20 Setting up perl (5.40.1-6) ...
2025-08-17T01:42:50.3395490Z #48 16.23 Setting up libgssapi-krb5-2:amd64 (1.21.3-5) ...
2025-08-17T01:42:50.3396011Z #48 16.24 Setting up libgnutls30t64:amd64 (3.8.9-3) ...
2025-08-17T01:42:50.3396503Z #48 16.25 Setting up postgresql-client-common (278) ...
2025-08-17T01:42:50.3397075Z #48 16.28 Setting up libpsl5t64:amd64 (0.21.2-1.1+b1) ...
2025-08-17T01:42:50.3397555Z #48 16.28 Setting up libpq5:amd64 (17.5-1) ...
2025-08-17T01:42:50.3398376Z #48 16.29 Setting up librtmp1:amd64 (2.4+20151223.gitfa8646d.1-2+b5) ...
2025-08-17T01:42:50.3398943Z #48 16.30 Setting up libcurl4t64:amd64 (8.14.1-2) ...
2025-08-17T01:42:50.5094068Z #48 16.31 Setting up postgresql-client-17 (17.5-1) ...
2025-08-17T01:42:51.4496059Z #48 17.41 update-alternatives: using /usr/share/postgresql/17/man/man1/psql.1.gz to provide /usr/share/man/man1/psql.1.gz (psql.1.gz) in auto mode
2025-08-17T01:42:51.7060037Z #48 17.57 Setting up curl (8.14.1-2) ...
2025-08-17T01:42:51.7064342Z #48 17.58 Setting up postgresql-client (17+278) ...
2025-08-17T01:42:51.7102358Z #48 17.59 Processing triggers for libc-bin (2.41-12) ...
2025-08-17T01:42:51.8290717Z #48 17.71 + rm -rf /var/lib/apt/lists/auxfiles /var/lib/apt/lists/deb.debian.org_debian-security_dists_trixie-security_InRelease /var/lib/apt/lists/deb.debian.org_debian-security_dists_trixie-security_main_binary-amd64_Packages.lz4 /var/lib/apt/lists/deb.debian.org_debian_dists_trixie-updates_InRelease /var/lib/apt/lists/deb.debian.org_debian_dists_trixie-updates_main_binary-amd64_Packages.lz4 /var/lib/apt/lists/deb.debian.org_debian_dists_trixie_InRelease /var/lib/apt/lists/deb.debian.org_debian_dists_trixie_main_binary-amd64_Packages.lz4 /var/lib/apt/lists/lock /var/lib/apt/lists/partial
2025-08-17T01:42:51.9370289Z #48 DONE 17.9s
2025-08-17T01:42:51.9372638Z 
2025-08-17T01:42:51.9397308Z #52 [api base  4/12] RUN pip install --no-cache-dir -r requirements.txt
2025-08-17T01:42:51.9400147Z #52 10.81   Downloading jmespath-1.0.1-py3-none-any.whl.metadata (7.6 kB)
2025-08-17T01:42:51.9401043Z #52 10.87 Collecting s3transfer<0.11.0,>=0.10.0 (from boto3==1.34.162->-r requirements.txt (line 9))
2025-08-17T01:42:51.9401912Z #52 10.90   Downloading s3transfer-0.10.4-py3-none-any.whl.metadata (1.7 kB)
2025-08-17T01:42:51.9402738Z #52 11.09 Collecting MarkupSafe>=2.0 (from Jinja2==3.1.5->-r requirements.txt (line 10))
2025-08-17T01:42:51.9404079Z #52 11.11   Downloading MarkupSafe-3.0.2-cp312-cp312-manylinux_2_17_x86_64.manylinux2014_x86_64.whl.metadata (4.0 kB)
2025-08-17T01:42:51.9405242Z #52 11.27 Collecting psycopg-binary==3.2.9 (from psycopg[binary]==3.2.9->-r requirements.txt (line 6))
2025-08-17T01:42:51.9406369Z #52 11.40   Downloading psycopg_binary-3.2.9-cp312-cp312-manylinux_2_17_x86_64.manylinux2014_x86_64.whl.metadata (2.9 kB)
2025-08-17T01:42:51.9407620Z #52 11.48 Collecting python-dateutil<3.0.0,>=2.1 (from botocore<1.35.0,>=1.34.162->boto3==1.34.162->-r requirements.txt (line 9))
2025-08-17T01:42:51.9409060Z #52 11.51   Downloading python_dateutil-2.9.0.post0-py2.py3-none-any.whl.metadata (8.4 kB)
2025-08-17T01:42:51.9410111Z #52 11.59 Collecting urllib3!=2.2.0,<3,>=1.25.4 (from botocore<1.35.0,>=1.34.162->boto3==1.34.162->-r requirements.txt (line 9))
2025-08-17T01:42:51.9411056Z #52 11.61   Downloading urllib3-2.5.0-py3-none-any.whl.metadata (6.5 kB)
2025-08-17T01:42:51.9412037Z #52 11.68 Collecting dnspython>=2.0.0 (from email_validator>=2.0.0->fastapi==0.111.0->-r requirements.txt (line 3))
2025-08-17T01:42:51.9413004Z #52 11.69   Downloading dnspython-2.7.0-py3-none-any.whl.metadata (5.8 kB)
2025-08-17T01:42:51.9413926Z #52 11.73 Collecting typer>=0.15.1 (from fastapi-cli>=0.0.2->fastapi==0.111.0->-r requirements.txt (line 3))
2025-08-17T01:42:51.9414808Z #52 11.76   Downloading typer-0.16.0-py3-none-any.whl.metadata (15 kB)
2025-08-17T01:42:51.9415729Z #52 11.81 Collecting rich-toolkit>=0.14.8 (from fastapi-cli>=0.0.2->fastapi==0.111.0->-r requirements.txt (line 3))
2025-08-17T01:42:51.9416997Z #52 11.87   Downloading rich_toolkit-0.15.0-py3-none-any.whl.metadata (1.0 kB)
2025-08-17T01:42:51.9418348Z #52 11.93 Collecting annotated-types>=0.6.0 (from pydantic>=2.3.0->pydantic-settings==2.2.1->-r requirements.txt (line 2))
2025-08-17T01:42:51.9419440Z #52 11.96   Downloading annotated_types-0.7.0-py3-none-any.whl.metadata (15 kB)
2025-08-17T01:42:51.9420498Z #52 13.47 Collecting pydantic-core==2.33.2 (from pydantic>=2.3.0->pydantic-settings==2.2.1->-r requirements.txt (line 2))
2025-08-17T01:42:51.9421756Z #52 13.49   Downloading pydantic_core-2.33.2-cp312-cp312-manylinux_2_17_x86_64.manylinux2014_x86_64.whl.metadata (6.8 kB)
2025-08-17T01:42:51.9423052Z #52 13.53 Collecting typing-inspection>=0.4.0 (from pydantic>=2.3.0->pydantic-settings==2.2.1->-r requirements.txt (line 2))
2025-08-17T01:42:51.9424164Z #52 13.55   Downloading typing_inspection-0.4.1-py3-none-any.whl.metadata (2.6 kB)
2025-08-17T01:42:51.9425243Z #52 14.17 Collecting httptools>=0.5.0 (from uvicorn[standard]>=0.12.0->fastapi==0.111.0->-r requirements.txt (line 3))
2025-08-17T01:42:51.9426672Z #52 14.20   Downloading httptools-0.6.4-cp312-cp312-manylinux_2_5_x86_64.manylinux1_x86_64.manylinux_2_17_x86_64.manylinux2014_x86_64.whl.metadata (3.6 kB)
2025-08-17T01:42:51.9442564Z #52 14.29 Collecting pyyaml>=5.1 (from uvicorn[standard]>=0.12.0->fastapi==0.111.0->-r requirements.txt (line 3))
2025-08-17T01:42:51.9517776Z #52 14.30   Downloading PyYAML-6.0.2-cp312-cp312-manylinux_2_17_x86_64.manylinux2014_x86_64.whl.metadata (2.1 kB)
2025-08-17T01:42:51.9519386Z #52 14.37 Collecting uvloop!=0.15.0,!=0.15.1,>=0.14.0 (from uvicorn[standard]>=0.12.0->fastapi==0.111.0->-r requirements.txt (line 3))
2025-08-17T01:42:51.9520588Z #52 14.39   Downloading uvloop-0.21.0-cp312-cp312-manylinux_2_17_x86_64.manylinux2014_x86_64.whl.metadata (4.9 kB)
2025-08-17T01:42:51.9521772Z #52 14.62 Collecting watchfiles>=0.13 (from uvicorn[standard]>=0.12.0->fastapi==0.111.0->-r requirements.txt (line 3))
2025-08-17T01:42:51.9522968Z #52 14.62   Downloading watchfiles-1.1.0-cp312-cp312-manylinux_2_17_x86_64.manylinux2014_x86_64.whl.metadata (4.9 kB)
2025-08-17T01:42:51.9524202Z #52 14.84 Collecting websockets>=10.4 (from uvicorn[standard]>=0.12.0->fastapi==0.111.0->-r requirements.txt (line 3))
2025-08-17T01:42:51.9525590Z #52 14.87   Downloading websockets-15.0.1-cp312-cp312-manylinux_2_5_x86_64.manylinux1_x86_64.manylinux_2_17_x86_64.manylinux2014_x86_64.whl.metadata (6.8 kB)
2025-08-17T01:42:51.9527319Z #52 14.93 Collecting six>=1.5 (from python-dateutil<3.0.0,>=2.1->botocore<1.35.0,>=1.34.162->boto3==1.34.162->-r requirements.txt (line 9))
2025-08-17T01:42:51.9528556Z #52 14.96   Downloading six-1.17.0-py2.py3-none-any.whl.metadata (1.7 kB)
2025-08-17T01:42:51.9529549Z #52 15.13 Collecting rich>=13.7.1 (from rich-toolkit>=0.14.8->fastapi-cli>=0.0.2->fastapi==0.111.0->-r requirements.txt (line 3))
2025-08-17T01:42:51.9530451Z #52 15.14   Downloading rich-14.1.0-py3-none-any.whl.metadata (18 kB)
2025-08-17T01:42:51.9531528Z #52 15.23 Collecting shellingham>=1.3.0 (from typer>=0.15.1->fastapi-cli>=0.0.2->fastapi==0.111.0->-r requirements.txt (line 3))
2025-08-17T01:42:51.9532614Z #52 15.25   Downloading shellingham-1.5.4-py2.py3-none-any.whl.metadata (3.5 kB)
2025-08-17T01:42:51.9533760Z #52 15.40 Collecting markdown-it-py>=2.2.0 (from rich>=13.7.1->rich-toolkit>=0.14.8->fastapi-cli>=0.0.2->fastapi==0.111.0->-r requirements.txt (line 3))
2025-08-17T01:42:51.9534913Z #52 15.42   Downloading markdown_it_py-4.0.0-py3-none-any.whl.metadata (7.3 kB)
2025-08-17T01:42:51.9536034Z #52 15.49 Collecting pygments<3.0.0,>=2.13.0 (from rich>=13.7.1->rich-toolkit>=0.14.8->fastapi-cli>=0.0.2->fastapi==0.111.0->-r requirements.txt (line 3))
2025-08-17T01:42:51.9537162Z #52 15.52   Downloading pygments-2.19.2-py3-none-any.whl.metadata (2.5 kB)
2025-08-17T01:42:51.9538599Z #52 15.55 Collecting mdurl~=0.1 (from markdown-it-py>=2.2.0->rich>=13.7.1->rich-toolkit>=0.14.8->fastapi-cli>=0.0.2->fastapi==0.111.0->-r requirements.txt (line 3))
2025-08-17T01:42:51.9540136Z #52 15.55   Downloading mdurl-0.1.2-py3-none-any.whl.metadata (1.6 kB)
2025-08-17T01:42:51.9540842Z #52 15.59 Downloading uvicorn-0.29.0-py3-none-any.whl (60 kB)
2025-08-17T01:42:51.9541537Z #52 15.61 Downloading pydantic_settings-2.2.1-py3-none-any.whl (13 kB)
2025-08-17T01:42:51.9542231Z #52 15.62 Downloading fastapi-0.111.0-py3-none-any.whl (91 kB)
2025-08-17T01:42:51.9543176Z #52 15.66 Downloading SQLAlchemy-2.0.29-cp312-cp312-manylinux_2_17_x86_64.manylinux2014_x86_64.whl (3.2 MB)
2025-08-17T01:42:51.9544390Z #52 15.89    ━━━━━━━━━━━━━━━━━━━━━━━━━━━━━━━━━━━━━━━━ 3.2/3.2 MB 14.8 MB/s eta 0:00:00
2025-08-17T01:42:51.9545069Z #52 15.90 Downloading alembic-1.13.1-py3-none-any.whl (233 kB)
2025-08-17T01:42:51.9545726Z #52 15.94 Downloading psycopg-3.2.9-py3-none-any.whl (202 kB)
2025-08-17T01:42:51.9546343Z #52 15.95 Downloading httpx-0.27.2-py3-none-any.whl (76 kB)
2025-08-17T01:42:51.9547209Z #52 15.97 Downloading asyncpg-0.29.0-cp312-cp312-manylinux_2_17_x86_64.manylinux2014_x86_64.whl (3.3 MB)
2025-08-17T01:42:51.9548485Z #52 16.06    ━━━━━━━━━━━━━━━━━━━━━━━━━━━━━━━━━━━━━━━━ 3.3/3.3 MB 32.7 MB/s eta 0:00:00
2025-08-17T01:42:51.9549158Z #52 16.08 Downloading boto3-1.34.162-py3-none-any.whl (139 kB)
2025-08-17T01:42:51.9549788Z #52 16.11 Downloading jinja2-3.1.5-py3-none-any.whl (134 kB)
2025-08-17T01:42:51.9550423Z #52 16.11 Downloading httpcore-1.0.9-py3-none-any.whl (78 kB)
2025-08-17T01:42:51.9551377Z #52 16.13 Downloading psycopg_binary-3.2.9-cp312-cp312-manylinux_2_17_x86_64.manylinux2014_x86_64.whl (4.4 MB)
2025-08-17T01:42:51.9552502Z #52 16.23    ━━━━━━━━━━━━━━━━━━━━━━━━━━━━━━━━━━━━━━━━ 4.4/4.4 MB 50.0 MB/s eta 0:00:00
2025-08-17T01:42:51.9553178Z #52 16.24 Downloading botocore-1.34.162-py3-none-any.whl (12.5 MB)
2025-08-17T01:42:51.9554056Z #52 16.41    ━━━━━━━━━━━━━━━━━━━━━━━━━━━━━━━━━━━━━━━━ 12.5/12.5 MB 78.3 MB/s eta 0:00:00
2025-08-17T01:42:51.9554695Z #52 16.42 Downloading click-8.2.1-py3-none-any.whl (102 kB)
2025-08-17T01:42:51.9555379Z #52 16.44 Downloading email_validator-2.2.0-py3-none-any.whl (33 kB)
2025-08-17T01:42:51.9556080Z #52 16.45 Downloading fastapi_cli-0.0.8-py3-none-any.whl (10 kB)
2025-08-17T01:42:51.9556988Z #52 16.47 Downloading greenlet-3.2.4-cp312-cp312-manylinux_2_24_x86_64.manylinux_2_28_x86_64.whl (607 kB)
2025-08-17T01:42:51.9558469Z #52 16.48    ━━━━━━━━━━━━━━━━━━━━━━━━━━━━━━━━━━━━━━━ 607.6/607.6 kB 366.6 MB/s eta 0:00:00
2025-08-17T01:42:51.9559116Z #52 16.49 Downloading h11-0.16.0-py3-none-any.whl (37 kB)
2025-08-17T01:42:51.9559970Z #52 16.50 Downloading idna-3.10-py3-none-any.whl (70 kB)
2025-08-17T01:42:51.9560620Z #52 16.51 Downloading jmespath-1.0.1-py3-none-any.whl (20 kB)
2025-08-17T01:42:51.9561523Z #52 16.53 Downloading MarkupSafe-3.0.2-cp312-cp312-manylinux_2_17_x86_64.manylinux2014_x86_64.whl (23 kB)
2025-08-17T01:42:51.9562865Z #52 16.54 Downloading orjson-3.11.2-cp312-cp312-manylinux_2_17_x86_64.manylinux2014_x86_64.whl (121 kB)
2025-08-17T01:42:51.9563748Z #52 16.55 Downloading pydantic-2.11.7-py3-none-any.whl (444 kB)
2025-08-17T01:42:51.9564543Z #52 16.58 Downloading pydantic_core-2.33.2-cp312-cp312-manylinux_2_17_x86_64.manylinux2014_x86_64.whl (2.0 MB)
2025-08-17T01:42:51.9565684Z #52 16.59    ━━━━━━━━━━━━━━━━━━━━━━━━━━━━━━━━━━━━━━━━ 2.0/2.0 MB 147.6 MB/s eta 0:00:00
2025-08-17T01:42:51.9566357Z #52 16.60 Downloading python_dotenv-1.1.1-py3-none-any.whl (20 kB)
2025-08-17T01:42:51.9567088Z #52 16.62 Downloading python_multipart-0.0.20-py3-none-any.whl (24 kB)
2025-08-17T01:42:51.9567826Z #52 16.63 Downloading s3transfer-0.10.4-py3-none-any.whl (83 kB)
2025-08-17T01:42:51.9568700Z #52 16.64 Downloading starlette-0.37.2-py3-none-any.whl (71 kB)
2025-08-17T01:42:51.9569354Z #52 16.65 Downloading anyio-4.10.0-py3-none-any.whl (107 kB)
2025-08-17T01:42:51.9569959Z #52 16.67 Downloading sniffio-1.3.1-py3-none-any.whl (10 kB)
2025-08-17T01:42:51.9570705Z #52 16.68 Downloading typing_extensions-4.14.1-py3-none-any.whl (43 kB)
2025-08-17T01:42:51.9571616Z #52 16.70 Downloading ujson-5.10.0-cp312-cp312-manylinux_2_17_x86_64.manylinux2014_x86_64.whl (53 kB)
2025-08-17T01:42:51.9572845Z #52 16.71 Downloading certifi-2025.8.3-py3-none-any.whl (161 kB)
2025-08-17T01:42:51.9573484Z #52 16.72 Downloading mako-1.3.10-py3-none-any.whl (78 kB)
2025-08-17T01:42:51.9574132Z #52 16.73 Downloading annotated_types-0.7.0-py3-none-any.whl (13 kB)
2025-08-17T01:42:51.9574831Z #52 16.75 Downloading dnspython-2.7.0-py3-none-any.whl (313 kB)
2025-08-17T01:42:51.9575940Z #52 16.78 Downloading httptools-0.6.4-cp312-cp312-manylinux_2_5_x86_64.manylinux1_x86_64.manylinux_2_17_x86_64.manylinux2014_x86_64.whl (510 kB)
2025-08-17T01:42:51.9577176Z #52 16.79 Downloading python_dateutil-2.9.0.post0-py2.py3-none-any.whl (229 kB)
2025-08-17T01:42:51.9578400Z #52 16.80 Downloading PyYAML-6.0.2-cp312-cp312-manylinux_2_17_x86_64.manylinux2014_x86_64.whl (767 kB)
2025-08-17T01:42:51.9579504Z #52 16.83    ━━━━━━━━━━━━━━━━━━━━━━━━━━━━━━━━━━━━━━━ 767.5/767.5 kB 115.0 MB/s eta 0:00:00
2025-08-17T01:42:51.9580184Z #52 16.84 Downloading rich_toolkit-0.15.0-py3-none-any.whl (29 kB)
2025-08-17T01:42:51.9580862Z #52 16.86 Downloading typer-0.16.0-py3-none-any.whl (46 kB)
2025-08-17T01:42:51.9581550Z #52 16.87 Downloading typing_inspection-0.4.1-py3-none-any.whl (14 kB)
2025-08-17T01:42:51.9582239Z #52 16.89 Downloading urllib3-2.5.0-py3-none-any.whl (129 kB)
2025-08-17T01:42:51.9583097Z #52 16.90 Downloading uvloop-0.21.0-cp312-cp312-manylinux_2_17_x86_64.manylinux2014_x86_64.whl (4.7 MB)
2025-08-17T01:42:51.9584458Z #52 16.96    ━━━━━━━━━━━━━━━━━━━━━━━━━━━━━━━━━━━━━━━━ 4.7/4.7 MB 113.8 MB/s eta 0:00:00
2025-08-17T01:42:51.9585384Z #52 16.97 Downloading watchfiles-1.1.0-cp312-cp312-manylinux_2_17_x86_64.manylinux2014_x86_64.whl (452 kB)
2025-08-17T01:42:51.9586719Z #52 16.99 Downloading websockets-15.0.1-cp312-cp312-manylinux_2_5_x86_64.manylinux1_x86_64.manylinux_2_17_x86_64.manylinux2014_x86_64.whl (182 kB)
2025-08-17T01:42:51.9587811Z #52 17.02 Downloading rich-14.1.0-py3-none-any.whl (243 kB)
2025-08-17T01:42:51.9588604Z #52 17.03 Downloading shellingham-1.5.4-py2.py3-none-any.whl (9.8 kB)
2025-08-17T01:42:51.9589048Z #52 17.04 Downloading six-1.17.0-py2.py3-none-any.whl (11 kB)
2025-08-17T01:42:51.9589414Z #52 17.05 Downloading markdown_it_py-4.0.0-py3-none-any.whl (87 kB)
2025-08-17T01:42:51.9589781Z #52 17.06 Downloading pygments-2.19.2-py3-none-any.whl (1.2 MB)
2025-08-17T01:42:51.9590354Z #52 17.08    ━━━━━━━━━━━━━━━━━━━━━━━━━━━━━━━━━━━━━━━━ 1.2/1.2 MB 212.8 MB/s eta 0:00:00
2025-08-17T01:42:51.9590691Z #52 17.09 Downloading mdurl-0.1.2-py3-none-any.whl (10.0 kB)
2025-08-17T01:42:51.9592678Z #52 17.50 Installing collected packages: websockets, uvloop, urllib3, ujson, typing-extensions, sniffio, six, shellingham, pyyaml, python-multipart, python-dotenv, pygments, psycopg-binary, orjson, mdurl, MarkupSafe, jmespath, idna, httptools, h11, greenlet, dnspython, click, certifi, asyncpg, annotated-types, uvicorn, typing-inspection, sqlalchemy, python-dateutil, pydantic-core, psycopg, markdown-it-py, Mako, Jinja2, httpcore, email_validator, anyio, watchfiles, starlette, rich, pydantic, httpx, botocore, alembic, typer, s3transfer, rich-toolkit, pydantic-settings, fastapi-cli, boto3, fastapi
2025-08-17T01:42:52.2531018Z #52 ...
2025-08-17T01:42:52.2558710Z 
2025-08-17T01:42:52.2561142Z #47 [web build 4/6] RUN npm ci
2025-08-17T01:42:52.2593774Z #47 10.37 npm warn deprecated node-domexception@1.0.0: Use your platform's native DOMException instead
2025-08-17T01:42:52.3677049Z #47 ...
2025-08-17T01:42:52.3687304Z 
2025-08-17T01:42:52.3687973Z #50 [etl base 4/5] RUN if [ -n "" ] && [ -f "" ]; then         pip install -r requirements.txt -c "";     else         pip install -r requirements.txt;     fi
2025-08-17T01:42:52.3691657Z #50 11.08 Collecting botocore<1.41.0,>=1.40.11 (from boto3<2,>=1.16.39->python-amazon-sp-api==0.8.0->-r requirements.txt (line 3))
2025-08-17T01:42:52.3692673Z #50 11.10   Downloading botocore-1.40.11-py3-none-any.whl.metadata (5.7 kB)
2025-08-17T01:42:52.3693664Z #50 11.57 Collecting jmespath<2.0.0,>=0.7.1 (from boto3<2,>=1.16.39->python-amazon-sp-api==0.8.0->-r requirements.txt (line 3))
2025-08-17T01:42:52.3694645Z #50 11.66   Downloading jmespath-1.0.1-py3-none-any.whl.metadata (7.6 kB)
2025-08-17T01:42:52.3695647Z #50 11.89 Collecting s3transfer<0.14.0,>=0.13.0 (from boto3<2,>=1.16.39->python-amazon-sp-api==0.8.0->-r requirements.txt (line 3))
2025-08-17T01:42:52.3696689Z #50 11.91   Downloading s3transfer-0.13.1-py3-none-any.whl.metadata (1.7 kB)
2025-08-17T01:42:52.3697650Z #50 12.09 Collecting pyyaml (from confuse~=1.4.0->python-amazon-sp-api==0.8.0->-r requirements.txt (line 3))
2025-08-17T01:42:52.3698984Z #50 12.11   Downloading PyYAML-6.0.2-cp312-cp312-manylinux_2_17_x86_64.manylinux2014_x86_64.whl.metadata (2.1 kB)
2025-08-17T01:42:52.3700120Z #50 12.29 Collecting python-dateutil>=2.8.2 (from pandas<=3.0->keepa==1.3.14->-r requirements.txt (line 1))
2025-08-17T01:42:52.3701608Z #50 12.31   Downloading python_dateutil-2.9.0.post0-py2.py3-none-any.whl.metadata (8.4 kB)
2025-08-17T01:42:52.3771326Z #50 12.40 Collecting tzdata>=2022.7 (from pandas<=3.0->keepa==1.3.14->-r requirements.txt (line 1))
2025-08-17T01:42:52.3772200Z #50 12.42   Downloading tzdata-2025.2-py2.py3-none-any.whl.metadata (1.4 kB)
2025-08-17T01:42:52.3773034Z #50 12.46 Collecting annotated-types>=0.6.0 (from pydantic->keepa==1.3.14->-r requirements.txt (line 1))
2025-08-17T01:42:52.3773809Z #50 12.47   Downloading annotated_types-0.7.0-py3-none-any.whl.metadata (15 kB)
2025-08-17T01:42:52.3774837Z #50 13.94 Collecting pydantic-core==2.33.2 (from pydantic->keepa==1.3.14->-r requirements.txt (line 1))
2025-08-17T01:42:52.3775812Z #50 13.95   Downloading pydantic_core-2.33.2-cp312-cp312-manylinux_2_17_x86_64.manylinux2014_x86_64.whl.metadata (6.8 kB)
2025-08-17T01:42:52.3776774Z #50 14.04 Collecting typing-extensions>=4.12.2 (from pydantic->keepa==1.3.14->-r requirements.txt (line 1))
2025-08-17T01:42:52.3777619Z #50 14.05   Downloading typing_extensions-4.14.1-py3-none-any.whl.metadata (3.0 kB)
2025-08-17T01:42:52.3778813Z #50 14.09 Collecting typing-inspection>=0.4.0 (from pydantic->keepa==1.3.14->-r requirements.txt (line 1))
2025-08-17T01:42:52.3779801Z #50 14.11   Downloading typing_inspection-0.4.1-py3-none-any.whl.metadata (2.6 kB)
2025-08-17T01:42:52.3780780Z #50 14.29 Collecting charset_normalizer<4,>=2 (from requests>=2.2->keepa==1.3.14->-r requirements.txt (line 1))
2025-08-17T01:42:52.3782713Z #50 14.30   Downloading charset_normalizer-3.4.3-cp312-cp312-manylinux2014_x86_64.manylinux_2_17_x86_64.manylinux_2_28_x86_64.whl.metadata (36 kB)
2025-08-17T01:42:52.3783983Z #50 14.36 Collecting idna<4,>=2.5 (from requests>=2.2->keepa==1.3.14->-r requirements.txt (line 1))
2025-08-17T01:42:52.3784800Z #50 14.38   Downloading idna-3.10-py3-none-any.whl.metadata (10 kB)
2025-08-17T01:42:52.3785665Z #50 14.49 Collecting aiohappyeyeballs>=2.5.0 (from aiohttp->keepa==1.3.14->-r requirements.txt (line 1))
2025-08-17T01:42:52.3786636Z #50 14.49   Downloading aiohappyeyeballs-2.6.1-py3-none-any.whl.metadata (5.9 kB)
2025-08-17T01:42:52.3787548Z #50 14.55 Collecting aiosignal>=1.4.0 (from aiohttp->keepa==1.3.14->-r requirements.txt (line 1))
2025-08-17T01:42:52.3788864Z #50 14.57   Downloading aiosignal-1.4.0-py3-none-any.whl.metadata (3.7 kB)
2025-08-17T01:42:52.3789715Z #50 14.65 Collecting attrs>=17.3.0 (from aiohttp->keepa==1.3.14->-r requirements.txt (line 1))
2025-08-17T01:42:52.3790525Z #50 14.67   Downloading attrs-25.3.0-py3-none-any.whl.metadata (10 kB)
2025-08-17T01:42:52.3791363Z #50 14.82 Collecting frozenlist>=1.1.1 (from aiohttp->keepa==1.3.14->-r requirements.txt (line 1))
2025-08-17T01:42:52.3792676Z #50 14.83   Downloading frozenlist-1.7.0-cp312-cp312-manylinux_2_5_x86_64.manylinux1_x86_64.manylinux_2_17_x86_64.manylinux2014_x86_64.whl.metadata (18 kB)
2025-08-17T01:42:52.3793985Z #50 15.35 Collecting multidict<7.0,>=4.5 (from aiohttp->keepa==1.3.14->-r requirements.txt (line 1))
2025-08-17T01:42:52.3795213Z #50 15.36   Downloading multidict-6.6.4-cp312-cp312-manylinux2014_x86_64.manylinux_2_17_x86_64.manylinux_2_28_x86_64.whl.metadata (5.3 kB)
2025-08-17T01:42:52.3796429Z #50 15.52 Collecting propcache>=0.2.0 (from aiohttp->keepa==1.3.14->-r requirements.txt (line 1))
2025-08-17T01:42:52.3808588Z #50 15.52   Downloading propcache-0.3.2-cp312-cp312-manylinux_2_17_x86_64.manylinux2014_x86_64.whl.metadata (12 kB)
2025-08-17T01:42:52.3815498Z #50 16.13 Collecting yarl<2.0,>=1.17.0 (from aiohttp->keepa==1.3.14->-r requirements.txt (line 1))
2025-08-17T01:42:52.3816643Z #50 16.14   Downloading yarl-1.20.1-cp312-cp312-manylinux_2_17_x86_64.manylinux2014_x86_64.whl.metadata (73 kB)
2025-08-17T01:42:52.3817531Z #50 16.72 Downloading keepa-1.3.14-py3-none-any.whl (33 kB)
2025-08-17T01:42:52.3818514Z #50 16.74 Downloading minio-7.1.15-py3-none-any.whl (77 kB)
2025-08-17T01:42:52.3819213Z #50 16.78 Downloading python_amazon_sp_api-0.8.0-py3-none-any.whl (93 kB)
2025-08-17T01:42:52.3819969Z #50 16.80 Downloading pydantic_settings-2.2.1-py3-none-any.whl (13 kB)
2025-08-17T01:42:52.3820651Z #50 16.82 Downloading boto3-1.40.11-py3-none-any.whl (140 kB)
2025-08-17T01:42:52.3821283Z #50 16.85 Downloading cachetools-4.2.4-py3-none-any.whl (10 kB)
2025-08-17T01:42:52.3821938Z #50 16.88 Downloading confuse-1.4.0-py2.py3-none-any.whl (21 kB)
2025-08-17T01:42:52.3822804Z #50 16.91 Downloading numpy-2.3.2-cp312-cp312-manylinux_2_27_x86_64.manylinux_2_28_x86_64.whl (16.6 MB)
2025-08-17T01:42:52.3824025Z #50 17.14    ━━━━━━━━━━━━━━━━━━━━━━━━━━━━━━━━━━━━━━━━ 16.6/16.6 MB 72.3 MB/s eta 0:00:00
2025-08-17T01:42:52.3824873Z #50 17.16 Downloading pandas-2.3.1-cp312-cp312-manylinux_2_17_x86_64.manylinux2014_x86_64.whl (12.0 MB)
2025-08-17T01:42:52.3855425Z #50 17.36    ━━━━━━━━━━━━━━━━━━━━━━━━━━━━━━━━━━━━━━━━ 12.0/12.0 MB 61.7 MB/s eta 0:00:00
2025-08-17T01:42:52.3856165Z #50 17.37 Downloading pydantic-2.11.7-py3-none-any.whl (444 kB)
2025-08-17T01:42:52.3857085Z #50 17.41 Downloading pydantic_core-2.33.2-cp312-cp312-manylinux_2_17_x86_64.manylinux2014_x86_64.whl (2.0 MB)
2025-08-17T01:42:52.3858454Z #50 17.45    ━━━━━━━━━━━━━━━━━━━━━━━━━━━━━━━━━━━━━━━━ 2.0/2.0 MB 44.8 MB/s eta 0:00:00
2025-08-17T01:42:52.3859147Z #50 17.48 Downloading python_dotenv-1.1.1-py3-none-any.whl (20 kB)
2025-08-17T01:42:52.3859807Z #50 17.49 Downloading pytz-2025.2-py2.py3-none-any.whl (509 kB)
2025-08-17T01:42:52.3860448Z #50 17.53 Downloading requests-2.32.4-py3-none-any.whl (64 kB)
2025-08-17T01:42:52.3861073Z #50 17.55 Downloading certifi-2025.8.3-py3-none-any.whl (161 kB)
2025-08-17T01:42:52.3861703Z #50 17.58 Downloading six-1.17.0-py2.py3-none-any.whl (11 kB)
2025-08-17T01:42:52.3862306Z #50 17.60 Downloading urllib3-2.5.0-py3-none-any.whl (129 kB)
2025-08-17T01:42:52.3863149Z #50 17.63 Downloading aiohttp-3.12.15-cp312-cp312-manylinux_2_17_x86_64.manylinux2014_x86_64.whl (1.7 MB)
2025-08-17T01:42:52.3864194Z #50 17.68    ━━━━━━━━━━━━━━━━━━━━━━━━━━━━━━━━━━━━━━━━ 1.7/1.7 MB 45.2 MB/s eta 0:00:00
2025-08-17T01:42:52.3864878Z #50 17.71 Downloading pycryptodome-3.23.0-cp37-abi3-manylinux_2_17_x86_64.manylinux2014_x86_64.whl (2.3 MB)
2025-08-17T01:42:52.3865661Z #50 17.74    ━━━━━━━━━━━━━━━━━━━━━━━━━━━━━━━━━━━━━━━━ 2.3/2.3 MB 61.5 MB/s eta 0:00:00
2025-08-17T01:42:52.3866378Z #50 17.76 Downloading tqdm-4.67.1-py3-none-any.whl (78 kB)
2025-08-17T01:42:52.3866954Z #50 17.79 Downloading aiohappyeyeballs-2.6.1-py3-none-any.whl (15 kB)
2025-08-17T01:42:52.3867574Z #50 17.81 Downloading aiosignal-1.4.0-py3-none-any.whl (7.5 kB)
2025-08-17T01:42:52.3868352Z #50 17.83 Downloading annotated_types-0.7.0-py3-none-any.whl (13 kB)
2025-08-17T01:42:52.3868988Z #50 17.86 Downloading attrs-25.3.0-py3-none-any.whl (63 kB)
2025-08-17T01:42:52.3869610Z #50 17.88 Downloading botocore-1.40.11-py3-none-any.whl (14.0 MB)
2025-08-17T01:42:52.3870426Z #50 18.10    ━━━━━━━━━━━━━━━━━━━━━━━━━━━━━━━━━━━━━━━━ 14.0/14.0 MB 72.3 MB/s eta 0:00:00
2025-08-17T01:42:52.3871470Z #50 18.10 Downloading charset_normalizer-3.4.3-cp312-cp312-manylinux2014_x86_64.manylinux_2_17_x86_64.manylinux_2_28_x86_64.whl (151 kB)
2025-08-17T01:42:52.3873008Z #50 18.13 Downloading frozenlist-1.7.0-cp312-cp312-manylinux_2_5_x86_64.manylinux1_x86_64.manylinux_2_17_x86_64.manylinux2014_x86_64.whl (241 kB)
2025-08-17T01:42:52.3874067Z #50 18.15 Downloading idna-3.10-py3-none-any.whl (70 kB)
2025-08-17T01:42:52.3874658Z #50 18.16 Downloading jmespath-1.0.1-py3-none-any.whl (20 kB)
2025-08-17T01:42:52.3875666Z #50 18.19 Downloading multidict-6.6.4-cp312-cp312-manylinux2014_x86_64.manylinux_2_17_x86_64.manylinux_2_28_x86_64.whl (256 kB)
2025-08-17T01:42:52.3876755Z #50 18.22 Downloading propcache-0.3.2-cp312-cp312-manylinux_2_17_x86_64.manylinux2014_x86_64.whl (224 kB)
2025-08-17T01:42:52.3877739Z #50 18.25 Downloading python_dateutil-2.9.0.post0-py2.py3-none-any.whl (229 kB)
2025-08-17T01:42:52.4872505Z #50 18.27 Downloading s3transfer-0.13.1-py3-none-any.whl (85 kB)
2025-08-17T01:42:52.4873307Z #50 18.29 Downloading typing_extensions-4.14.1-py3-none-any.whl (43 kB)
2025-08-17T01:42:52.4874129Z #50 18.31 Downloading typing_inspection-0.4.1-py3-none-any.whl (14 kB)
2025-08-17T01:42:52.4874857Z #50 18.33 Downloading tzdata-2025.2-py2.py3-none-any.whl (347 kB)
2025-08-17T01:42:52.4875770Z #50 18.37 Downloading yarl-1.20.1-cp312-cp312-manylinux_2_17_x86_64.manylinux2014_x86_64.whl (355 kB)
2025-08-17T01:42:52.6905233Z #50 18.40 Downloading PyYAML-6.0.2-cp312-cp312-manylinux_2_17_x86_64.manylinux2014_x86_64.whl (767 kB)
2025-08-17T01:42:52.6906497Z #50 18.42    ━━━━━━━━━━━━━━━━━━━━━━━━━━━━━━━━━━━━━━━━ 767.5/767.5 kB 47.3 MB/s eta 0:00:00
2025-08-17T01:42:53.0211715Z #50 18.90 Installing collected packages: pytz, urllib3, tzdata, typing-extensions, tqdm, six, pyyaml, python-dotenv, pycryptodome, propcache, numpy, multidict, jmespath, idna, frozenlist, charset_normalizer, certifi, cachetools, attrs, annotated-types, aiohappyeyeballs, yarl, typing-inspection, requests, python-dateutil, pydantic-core, minio, confuse, aiosignal, pydantic, pandas, botocore, aiohttp, s3transfer, pydantic-settings, keepa, boto3, python-amazon-sp-api
2025-08-17T01:42:53.4485368Z #50 ...
2025-08-17T01:42:53.4507368Z 
2025-08-17T01:42:53.4508727Z #51 [fees_h10 base 4/6] RUN if [ -n "" ] && [ -f "fees_h10/" ]; then         pip install -r fees_h10/requirements.txt -c fees_h10/;     else         pip install -r fees_h10/requirements.txt;     fi
2025-08-17T01:42:53.4512213Z #51 19.32 Successfully installed PyJWT-2.10.1 amqp-5.3.1 anyio-4.10.0 asyncpg-0.30.0 billiard-4.2.1 celery-5.4.0 certifi-2025.8.3 click-8.2.1 click-didyoumean-0.3.1 click-plugins-1.1.1.2 click-repl-0.3.0 greenlet-3.2.4 h11-0.16.0 httpcore-1.0.9 httpx-0.28.1 idna-3.10 kombu-5.5.4 packaging-25.0 prompt-toolkit-3.0.51 python-dateutil-2.9.0.post0 redis-5.3.1 six-1.17.0 sniffio-1.3.1 sqlalchemy-2.0.43 typing-extensions-4.14.1 tzdata-2025.2 vine-5.1.0 wcwidth-0.2.13
2025-08-17T01:42:53.6030669Z #51 19.32 WARNING: Running pip as the 'root' user can result in broken permissions and conflicting behaviour with the system package manager, possibly rendering your system unusable. It is recommended to use a virtual environment instead: https://pip.pypa.io/warnings/venv. Use the --root-user-action option if you know what you are doing and want to suppress this warning.
2025-08-17T01:42:53.7337889Z #51 19.61 
2025-08-17T01:42:53.7342265Z #51 19.61 [notice] A new release of pip is available: 25.0.1 -> 25.2
2025-08-17T01:42:53.7342904Z #51 19.61 [notice] To update, run: pip install --upgrade pip
2025-08-17T01:42:53.9640866Z #51 ...
2025-08-17T01:42:53.9643086Z 
2025-08-17T01:42:53.9643454Z #54 [logistics_etl stage-1 3/4] COPY --from=base /usr/local /usr/local
2025-08-17T01:42:53.9644030Z #54 DONE 2.8s
2025-08-17T01:42:53.9644203Z 
2025-08-17T01:42:53.9644424Z #55 [logistics_etl stage-1 4/4] COPY --from=base /app /app
2025-08-17T01:42:53.9644913Z #55 DONE 0.1s
2025-08-17T01:42:54.0010332Z 
2025-08-17T01:42:54.0011676Z #51 [fees_h10 base 4/6] RUN if [ -n "" ] && [ -f "fees_h10/" ]; then         pip install -r fees_h10/requirements.txt -c fees_h10/;     else         pip install -r fees_h10/requirements.txt;     fi
2025-08-17T01:42:54.0013212Z #51 DONE 19.9s
2025-08-17T01:42:54.0013690Z 
2025-08-17T01:42:54.0014090Z #56 [logistics_etl] exporting to image
2025-08-17T01:42:54.0014930Z #56 exporting layers
2025-08-17T01:42:54.1570141Z #56 ...
2025-08-17T01:42:54.1572635Z 
2025-08-17T01:42:54.1572812Z #57 [fees_h10 base 5/6] COPY . ./fees_h10
2025-08-17T01:42:54.1573229Z #57 DONE 0.1s
2025-08-17T01:42:54.1573394Z 
2025-08-17T01:42:54.1573551Z #58 [fees_h10 base 6/6] COPY start.sh ./start.sh
2025-08-17T01:42:54.1573953Z #58 DONE 0.1s
2025-08-17T01:42:54.3072881Z 
2025-08-17T01:42:54.3073790Z #46 [repricer base 4/5] RUN if [ -n "" ] && [ -f "" ]; then         pip install -r requirements.txt -c "";     else         pip install -r requirements.txt;     fi
2025-08-17T01:42:54.3075131Z #46 11.13 Collecting pydantic-core==2.33.2 (from pydantic>=2.3.0->pydantic-settings==2.2.1->-r requirements.txt (line 2))
2025-08-17T01:42:54.3076397Z #46 11.25   Downloading pydantic_core-2.33.2-cp312-cp312-manylinux_2_17_x86_64.manylinux2014_x86_64.whl.metadata (6.8 kB)
2025-08-17T01:42:54.3077704Z #46 11.78 Collecting typing-extensions>=4.12.2 (from pydantic>=2.3.0->pydantic-settings==2.2.1->-r requirements.txt (line 2))
2025-08-17T01:42:54.3079064Z #46 11.85   Downloading typing_extensions-4.14.1-py3-none-any.whl.metadata (3.0 kB)
2025-08-17T01:42:54.3080160Z #46 11.96 Collecting typing-inspection>=0.4.0 (from pydantic>=2.3.0->pydantic-settings==2.2.1->-r requirements.txt (line 2))
2025-08-17T01:42:54.3081259Z #46 12.03   Downloading typing_inspection-0.4.1-py3-none-any.whl.metadata (2.6 kB)
2025-08-17T01:42:54.3082318Z #46 12.37 Collecting charset_normalizer<4,>=2 (from requests->python-amazon-sp-api==0.8.0->-r requirements.txt (line 3))
2025-08-17T01:42:54.3083998Z #46 12.39   Downloading charset_normalizer-3.4.3-cp312-cp312-manylinux2014_x86_64.manylinux_2_17_x86_64.manylinux_2_28_x86_64.whl.metadata (36 kB)
2025-08-17T01:42:54.3085310Z #46 12.44 Collecting idna<4,>=2.5 (from requests->python-amazon-sp-api==0.8.0->-r requirements.txt (line 3))
2025-08-17T01:42:54.3086173Z #46 12.46   Downloading idna-3.10-py3-none-any.whl.metadata (10 kB)
2025-08-17T01:42:54.3087055Z #46 12.61 Collecting urllib3<3,>=1.21.1 (from requests->python-amazon-sp-api==0.8.0->-r requirements.txt (line 3))
2025-08-17T01:42:54.3087975Z #46 12.62   Downloading urllib3-2.5.0-py3-none-any.whl.metadata (6.5 kB)
2025-08-17T01:42:54.3089070Z #46 12.71 Collecting certifi>=2017.4.17 (from requests->python-amazon-sp-api==0.8.0->-r requirements.txt (line 3))
2025-08-17T01:42:54.3090029Z #46 12.72   Downloading certifi-2025.8.3-py3-none-any.whl.metadata (2.4 kB)
2025-08-17T01:42:54.3091148Z #46 12.80 Collecting python-dateutil<3.0.0,>=2.1 (from botocore<1.41.0,>=1.40.11->boto3<2,>=1.16.39->python-amazon-sp-api==0.8.0->-r requirements.txt (line 3))
2025-08-17T01:42:54.3092323Z #46 12.80   Downloading python_dateutil-2.9.0.post0-py2.py3-none-any.whl.metadata (8.4 kB)
2025-08-17T01:42:54.3093100Z #46 13.35 Downloading uvicorn-0.29.0-py3-none-any.whl (60 kB)
2025-08-17T01:42:54.3093745Z #46 13.37 Downloading pydantic_settings-2.2.1-py3-none-any.whl (13 kB)
2025-08-17T01:42:54.3094470Z #46 13.39 Downloading python_amazon_sp_api-0.8.0-py3-none-any.whl (93 kB)
2025-08-17T01:42:54.3095376Z #46 13.41 Downloading boto3-1.40.11-py3-none-any.whl (140 kB)
2025-08-17T01:42:54.3095981Z #46 13.43 Downloading cachetools-4.2.4-py3-none-any.whl (10 kB)
2025-08-17T01:42:54.3096587Z #46 13.47 Downloading click-8.2.1-py3-none-any.whl (102 kB)
2025-08-17T01:42:54.3097194Z #46 13.50 Downloading confuse-1.4.0-py2.py3-none-any.whl (21 kB)
2025-08-17T01:42:54.3097794Z #46 13.53 Downloading h11-0.16.0-py3-none-any.whl (37 kB)
2025-08-17T01:42:54.3152025Z #46 13.55 Downloading pydantic-2.11.7-py3-none-any.whl (444 kB)
2025-08-17T01:42:54.3152980Z #46 13.59 Downloading pydantic_core-2.33.2-cp312-cp312-manylinux_2_17_x86_64.manylinux2014_x86_64.whl (2.0 MB)
2025-08-17T01:42:54.3154277Z #46 13.65    ━━━━━━━━━━━━━━━━━━━━━━━━━━━━━━━━━━━━━━━━ 2.0/2.0 MB 33.9 MB/s eta 0:00:00
2025-08-17T01:42:54.3154931Z #46 13.67 Downloading python_dotenv-1.1.1-py3-none-any.whl (20 kB)
2025-08-17T01:42:54.3155588Z #46 13.70 Downloading six-1.17.0-py2.py3-none-any.whl (11 kB)
2025-08-17T01:42:54.3156460Z #46 13.73 Downloading pycryptodome-3.23.0-cp37-abi3-manylinux_2_17_x86_64.manylinux2014_x86_64.whl (2.3 MB)
2025-08-17T01:42:54.3157463Z #46 13.78    ━━━━━━━━━━━━━━━━━━━━━━━━━━━━━━━━━━━━━━━━ 2.3/2.3 MB 51.7 MB/s eta 0:00:00
2025-08-17T01:42:54.3158290Z #46 13.80 Downloading pytz-2025.2-py2.py3-none-any.whl (509 kB)
2025-08-17T01:42:54.3158946Z #46 13.83 Downloading requests-2.32.4-py3-none-any.whl (64 kB)
2025-08-17T01:42:54.3159622Z #46 13.85 Downloading annotated_types-0.7.0-py3-none-any.whl (13 kB)
2025-08-17T01:42:54.3160312Z #46 13.88 Downloading botocore-1.40.11-py3-none-any.whl (14.0 MB)
2025-08-17T01:42:54.3161210Z #46 14.08    ━━━━━━━━━━━━━━━━━━━━━━━━━━━━━━━━━━━━━━━━ 14.0/14.0 MB 73.4 MB/s eta 0:00:00
2025-08-17T01:42:54.3161874Z #46 14.10 Downloading certifi-2025.8.3-py3-none-any.whl (161 kB)
2025-08-17T01:42:54.3162964Z #46 14.12 Downloading charset_normalizer-3.4.3-cp312-cp312-manylinux2014_x86_64.manylinux_2_17_x86_64.manylinux_2_28_x86_64.whl (151 kB)
2025-08-17T01:42:54.3164010Z #46 14.15 Downloading idna-3.10-py3-none-any.whl (70 kB)
2025-08-17T01:42:54.3164617Z #46 14.18 Downloading jmespath-1.0.1-py3-none-any.whl (20 kB)
2025-08-17T01:42:54.3165280Z #46 14.22 Downloading s3transfer-0.13.1-py3-none-any.whl (85 kB)
2025-08-17T01:42:54.3165990Z #46 14.25 Downloading typing_extensions-4.14.1-py3-none-any.whl (43 kB)
2025-08-17T01:42:54.3166779Z #46 14.29 Downloading typing_inspection-0.4.1-py3-none-any.whl (14 kB)
2025-08-17T01:42:54.3167454Z #46 14.32 Downloading urllib3-2.5.0-py3-none-any.whl (129 kB)
2025-08-17T01:42:54.3168738Z #46 14.36 Downloading PyYAML-6.0.2-cp312-cp312-manylinux_2_17_x86_64.manylinux2014_x86_64.whl (767 kB)
2025-08-17T01:42:54.3169891Z #46 14.38    ━━━━━━━━━━━━━━━━━━━━━━━━━━━━━━━━━━━━━━━━ 767.5/767.5 kB 27.7 MB/s eta 0:00:00
2025-08-17T01:42:54.3170626Z #46 14.40 Downloading python_dateutil-2.9.0.post0-py2.py3-none-any.whl (229 kB)
2025-08-17T01:42:54.3173059Z #46 14.69 Installing collected packages: pytz, urllib3, typing-extensions, six, pyyaml, python-dotenv, pycryptodome, jmespath, idna, h11, click, charset_normalizer, certifi, cachetools, annotated-types, uvicorn, typing-inspection, requests, python-dateutil, pydantic-core, confuse, pydantic, botocore, s3transfer, pydantic-settings, boto3, python-amazon-sp-api
2025-08-17T01:42:55.0494138Z #46 ...
2025-08-17T01:42:55.0494391Z 
2025-08-17T01:42:55.0495761Z #59 [postgres 2/6] RUN set -eux;     if [ -f /etc/apt/sources.list ]; then         sed -i 's|http://deb.debian.org|https://deb.debian.org|g' /etc/apt/sources.list;     fi;     apt-get update;     apt-get install -y locales;     locale-gen en_US.UTF-8;     rm -rf /var/lib/apt/lists/*
2025-08-17T01:42:55.0497618Z #59 0.427 + [ -f /etc/apt/sources.list ]
2025-08-17T01:42:55.0499706Z #59 0.431 + apt-get update
2025-08-17T01:42:55.0508877Z #59 0.589 Get:1 http://deb.debian.org/debian trixie InRelease [138 kB]
2025-08-17T01:42:55.0511438Z #59 0.601 Get:2 http://apt.postgresql.org/pub/repos/apt trixie-pgdg InRelease [107 kB]
2025-08-17T01:42:55.0512508Z #59 0.665 Get:3 http://deb.debian.org/debian trixie-updates InRelease [47.1 kB]
2025-08-17T01:42:55.0515258Z #59 0.665 Get:4 http://deb.debian.org/debian-security trixie-security InRelease [43.4 kB]
2025-08-17T01:42:55.0525783Z #59 0.757 Get:5 http://deb.debian.org/debian trixie/main amd64 Packages [9,668 kB]
2025-08-17T01:42:55.0527119Z #59 0.877 Get:6 http://apt.postgresql.org/pub/repos/apt trixie-pgdg/main amd64 Packages [334 kB]
2025-08-17T01:42:55.0551976Z #59 0.947 Get:7 http://deb.debian.org/debian trixie-updates/main amd64 Packages [2,432 B]
2025-08-17T01:42:55.0553176Z #59 0.951 Get:8 http://deb.debian.org/debian-security trixie-security/main amd64 Packages [8,780 B]
2025-08-17T01:42:55.0555853Z #59 0.951 Get:9 http://apt.postgresql.org/pub/repos/apt trixie-pgdg/16 amd64 Packages [2,574 B]
2025-08-17T01:42:55.0557076Z #59 2.942 Fetched 10.3 MB in 2s (4,259 kB/s)
2025-08-17T01:42:55.0559149Z #59 2.942 Reading package lists...
2025-08-17T01:42:55.0588569Z #59 4.429 + apt-get install -y locales
2025-08-17T01:42:55.0589016Z #59 4.479 Reading package lists...
2025-08-17T01:42:55.0589448Z #59 5.587 Building dependency tree...
2025-08-17T01:42:55.0589863Z #59 5.862 Reading state information...
2025-08-17T01:42:55.0590346Z #59 6.158 locales is already the newest version (2.41-12).
2025-08-17T01:42:55.0590968Z #59 6.158 0 upgraded, 0 newly installed, 0 to remove and 0 not upgraded.
2025-08-17T01:42:55.0591547Z #59 6.158 + locale-gen en_US.UTF-8
2025-08-17T01:42:55.0592049Z #59 6.166 Generating locales (this might take a while)...
2025-08-17T01:42:55.0592552Z #59 6.177   en_US.UTF-8... done
2025-08-17T01:42:55.0593250Z #59 8.340 Generation complete.
2025-08-17T01:42:55.0608481Z #59 8.340 + rm -rf /var/lib/apt/lists/apt.postgresql.org_pub_repos_apt_dists_trixie-pgdg_16_binary-amd64_Packages.lz4 /var/lib/apt/lists/apt.postgresql.org_pub_repos_apt_dists_trixie-pgdg_InRelease /var/lib/apt/lists/apt.postgresql.org_pub_repos_apt_dists_trixie-pgdg_main_binary-amd64_Packages.lz4 /var/lib/apt/lists/auxfiles /var/lib/apt/lists/deb.debian.org_debian-security_dists_trixie-security_InRelease /var/lib/apt/lists/deb.debian.org_debian-security_dists_trixie-security_main_binary-amd64_Packages.lz4 /var/lib/apt/lists/deb.debian.org_debian_dists_trixie-updates_InRelease /var/lib/apt/lists/deb.debian.org_debian_dists_trixie-updates_main_binary-amd64_Packages.lz4 /var/lib/apt/lists/deb.debian.org_debian_dists_trixie_InRelease /var/lib/apt/lists/deb.debian.org_debian_dists_trixie_main_binary-amd64_Packages.lz4 /var/lib/apt/lists/lock /var/lib/apt/lists/partial
2025-08-17T01:42:55.0613537Z #59 DONE 8.5s
2025-08-17T01:42:55.1590164Z 
2025-08-17T01:42:55.1594955Z #60 [postgres 3/6] COPY docker/postgres/pg_hba.conf /etc/postgresql/pg_hba.conf
2025-08-17T01:42:55.1599025Z #60 DONE 0.1s
2025-08-17T01:42:55.1609782Z 
2025-08-17T01:42:55.1611492Z #47 [web build 4/6] RUN npm ci
2025-08-17T01:42:55.1617116Z #47 23.24 
2025-08-17T01:42:55.1622093Z #47 23.24 added 432 packages, and audited 433 packages in 23s
2025-08-17T01:42:55.1643615Z #47 23.25 
2025-08-17T01:42:55.1643990Z #47 23.25 112 packages are looking for funding
2025-08-17T01:42:55.1644785Z #47 23.25   run `npm fund` for details
2025-08-17T01:42:55.1645368Z #47 23.25 
2025-08-17T01:42:55.1645697Z #47 23.25 2 vulnerabilities (1 low, 1 critical)
2025-08-17T01:42:55.1646114Z #47 23.25 
2025-08-17T01:42:55.1646411Z #47 23.25 To address all issues, run:
2025-08-17T01:42:55.1646805Z #47 23.25   npm audit fix
2025-08-17T01:42:55.1647129Z #47 23.25 
2025-08-17T01:42:55.1647417Z #47 23.25 Run `npm audit` for details.
2025-08-17T01:42:55.1647803Z #47 23.25 npm notice
2025-08-17T01:42:55.1648450Z #47 23.25 npm notice New major version of npm available! 10.8.2 -> 11.5.2
2025-08-17T01:42:55.1649236Z #47 23.25 npm notice Changelog: https://github.com/npm/cli/releases/tag/v11.5.2
2025-08-17T01:42:55.1649954Z #47 23.25 npm notice To update run: npm install -g npm@11.5.2
2025-08-17T01:42:55.1650462Z #47 23.25 npm notice
2025-08-17T01:42:55.2694927Z #47 ...
2025-08-17T01:42:55.2701450Z 
2025-08-17T01:42:55.2702003Z #61 [postgres 4/6] COPY docker/postgres/init-pg_hba.sh /docker-entrypoint-initdb.d/10_init_pg_hba.sh
2025-08-17T01:42:55.2702794Z #61 DONE 0.1s
2025-08-17T01:42:55.3815351Z 
2025-08-17T01:42:55.3815976Z #47 [web build 4/6] RUN npm ci
2025-08-17T01:42:55.3818266Z #47 DONE 23.6s
2025-08-17T01:42:55.3818909Z 
2025-08-17T01:42:55.3819712Z #46 [repricer base 4/5] RUN if [ -n "" ] && [ -f "" ]; then         pip install -r requirements.txt -c "";     else         pip install -r requirements.txt;     fi
2025-08-17T01:42:55.3822693Z #46 21.14 WARNING: Running pip as the 'root' user can result in broken permissions and conflicting behaviour with the system package manager, possibly rendering your system unusable. It is recommended to use a virtual environment instead: https://pip.pypa.io/warnings/venv. Use the --root-user-action option if you know what you are doing and want to suppress this warning.
2025-08-17T01:42:55.3830272Z #46 21.16 Successfully installed annotated-types-0.7.0 boto3-1.40.11 botocore-1.40.11 cachetools-4.2.4 certifi-2025.8.3 charset_normalizer-3.4.3 click-8.2.1 confuse-1.4.0 h11-0.16.0 idna-3.10 jmespath-1.0.1 pycryptodome-3.23.0 pydantic-2.11.7 pydantic-core-2.33.2 pydantic-settings-2.2.1 python-amazon-sp-api-0.8.0 python-dateutil-2.9.0.post0 python-dotenv-1.1.1 pytz-2025.2 pyyaml-6.0.2 requests-2.32.4 s3transfer-0.13.1 six-1.17.0 typing-extensions-4.14.1 typing-inspection-0.4.1 urllib3-2.5.0 uvicorn-0.29.0
2025-08-17T01:42:55.6176477Z #46 ...
2025-08-17T01:42:55.6180950Z 
2025-08-17T01:42:55.6185347Z #62 [postgres 5/6] COPY docker/postgres/postgresql.conf /etc/postgresql/postgresql.conf
2025-08-17T01:42:55.6190545Z #62 DONE 0.1s
2025-08-17T01:42:55.6193220Z 
2025-08-17T01:42:55.6196517Z #46 [repricer base 4/5] RUN if [ -n "" ] && [ -f "" ]; then         pip install -r requirements.txt -c "";     else         pip install -r requirements.txt;     fi
2025-08-17T01:42:55.6202878Z #46 21.34 
2025-08-17T01:42:55.6203294Z #46 21.34 [notice] A new release of pip is available: 25.0.1 -> 25.2
2025-08-17T01:42:55.6203832Z #46 21.34 [notice] To update, run: pip install --upgrade pip
2025-08-17T01:42:55.6277269Z #46 ...
2025-08-17T01:42:55.6277855Z 
2025-08-17T01:42:55.6279750Z #63 [web build 5/6] COPY . .
2025-08-17T01:42:55.6280290Z #63 DONE 0.2s
2025-08-17T01:42:55.7782358Z 
2025-08-17T01:42:55.7784912Z #64 [web build 6/6] RUN npm run build
2025-08-17T01:42:55.9197141Z #64 ...
2025-08-17T01:42:55.9199027Z 
2025-08-17T01:42:55.9199664Z #46 [repricer base 4/5] RUN if [ -n "" ] && [ -f "" ]; then         pip install -r requirements.txt -c "";     else         pip install -r requirements.txt;     fi
2025-08-17T01:42:55.9200430Z #46 DONE 21.8s
2025-08-17T01:42:56.0263761Z 
2025-08-17T01:42:56.0264261Z #65 [repricer base 5/5] COPY services/repricer/ .
2025-08-17T01:42:56.0264781Z #65 DONE 0.1s
2025-08-17T01:42:56.0264955Z 
2025-08-17T01:42:56.0265504Z #66 [postgres 6/6] RUN chmod 0644 /etc/postgresql/pg_hba.conf &&     chmod +x /docker-entrypoint-initdb.d/10_init_pg_hba.sh
2025-08-17T01:42:56.2156473Z #66 DONE 0.7s
2025-08-17T01:42:56.2157210Z 
2025-08-17T01:42:56.2159625Z #67 [postgres] exporting to image
2025-08-17T01:42:58.2694430Z #67 ...
2025-08-17T01:42:58.2695109Z 
2025-08-17T01:42:58.2695608Z #56 [logistics_etl] exporting to image
2025-08-17T01:42:58.2696385Z #56 exporting layers 4.2s done
2025-08-17T01:42:58.2697385Z #56 writing image sha256:8c04b7c275e3fc4ac2fbb5bb4c607d7694b604e61fd84ec75d92a3f87eaf145a done
2025-08-17T01:42:58.2699884Z #56 naming to docker.io/library/awa-app-logistics_etl 0.0s done
2025-08-17T01:42:58.2701443Z #56 DONE 4.3s
2025-08-17T01:42:58.4713628Z 
2025-08-17T01:42:58.4715060Z #68 [logistics_etl] resolving provenance for metadata file
2025-08-17T01:42:58.4716353Z #68 DONE 0.1s
2025-08-17T01:42:58.4716684Z 
2025-08-17T01:42:58.4717065Z #69 [fees_h10 stage-1 3/5] COPY --from=base /usr/local /usr/local
2025-08-17T01:42:59.9365049Z #69 ...
2025-08-17T01:42:59.9366031Z 
2025-08-17T01:42:59.9366681Z #67 [postgres] exporting to image
2025-08-17T01:42:59.9379391Z #67 exporting layers 3.6s done
2025-08-17T01:42:59.9380518Z #67 writing image sha256:d1047249e36ce78021f3c7a2427490b416bdd8c62ea00d441b06c4dd5e173d16 done
2025-08-17T01:42:59.9381705Z #67 naming to docker.io/library/awa-app-postgres done
2025-08-17T01:42:59.9383097Z #67 DONE 3.7s
2025-08-17T01:42:59.9383294Z 
2025-08-17T01:42:59.9383513Z #70 [postgres] resolving provenance for metadata file
2025-08-17T01:42:59.9383998Z #70 DONE 0.0s
2025-08-17T01:43:00.0869507Z 
2025-08-17T01:43:00.0870467Z #64 [web build 6/6] RUN npm run build
2025-08-17T01:43:00.0871210Z #64 0.919 
2025-08-17T01:43:00.0872353Z #64 0.919 > web@0.0.0 build
2025-08-17T01:43:00.0873010Z #64 0.919 > tsc -b && vite build
2025-08-17T01:43:00.0873414Z #64 0.919 
2025-08-17T01:43:01.7473498Z #64 ...
2025-08-17T01:43:01.7474048Z 
2025-08-17T01:43:01.7474331Z #69 [fees_h10 stage-1 3/5] COPY --from=base /usr/local /usr/local
2025-08-17T01:43:01.7474814Z #69 DONE 3.6s
2025-08-17T01:43:01.7474983Z 
2025-08-17T01:43:01.7475206Z #71 [repricer stage-1 3/5] COPY --from=base /usr/local /usr/local
2025-08-17T01:43:01.9450573Z #71 ...
2025-08-17T01:43:01.9459035Z 
2025-08-17T01:43:01.9459387Z #72 [fees_h10 stage-1 4/5] COPY --from=base /app /app
2025-08-17T01:43:01.9459874Z #72 DONE 0.0s
2025-08-17T01:43:02.0930185Z 
2025-08-17T01:43:02.0931146Z #73 [fees_h10 stage-1 5/5] RUN chmod +x ./start.sh
2025-08-17T01:43:02.3004466Z #73 DONE 0.4s
2025-08-17T01:43:02.3004768Z 
2025-08-17T01:43:02.3005077Z #52 [api base  4/12] RUN pip install --no-cache-dir -r requirements.txt
2025-08-17T01:43:02.3010431Z #52 28.00 Successfully installed Jinja2-3.1.5 Mako-1.3.10 MarkupSafe-3.0.2 alembic-1.13.1 annotated-types-0.7.0 anyio-4.10.0 asyncpg-0.29.0 boto3-1.34.162 botocore-1.34.162 certifi-2025.8.3 click-8.2.1 dnspython-2.7.0 email_validator-2.2.0 fastapi-0.111.0 fastapi-cli-0.0.8 greenlet-3.2.4 h11-0.16.0 httpcore-1.0.9 httptools-0.6.4 httpx-0.27.2 idna-3.10 jmespath-1.0.1 markdown-it-py-4.0.0 mdurl-0.1.2 orjson-3.11.2 psycopg-3.2.9 psycopg-binary-3.2.9 pydantic-2.11.7 pydantic-core-2.33.2 pydantic-settings-2.2.1 pygments-2.19.2 python-dateutil-2.9.0.post0 python-dotenv-1.1.1 python-multipart-0.0.20 pyyaml-6.0.2 rich-14.1.0 rich-toolkit-0.15.0 s3transfer-0.10.4 shellingham-1.5.4 six-1.17.0 sniffio-1.3.1 sqlalchemy-2.0.29 starlette-0.37.2 typer-0.16.0 typing-extensions-4.14.1 typing-inspection-0.4.1 ujson-5.10.0 urllib3-2.5.0 uvicorn-0.29.0 uvloop-0.21.0 watchfiles-1.1.0 websockets-15.0.1
2025-08-17T01:43:02.3016749Z #52 28.00 WARNING: Running pip as the 'root' user can result in broken permissions and conflicting behaviour with the system package manager, possibly rendering your system unusable. It is recommended to use a virtual environment instead: https://pip.pypa.io/warnings/venv. Use the --root-user-action option if you know what you are doing and want to suppress this warning.
2025-08-17T01:43:02.3019041Z #52 28.18 
2025-08-17T01:43:02.3019436Z #52 28.18 [notice] A new release of pip is available: 25.0.1 -> 25.2
2025-08-17T01:43:02.3020037Z #52 28.18 [notice] To update, run: pip install --upgrade pip
2025-08-17T01:43:02.8071259Z #52 DONE 28.7s
2025-08-17T01:43:02.8071840Z 
2025-08-17T01:43:02.8073278Z #74 [fees_h10] exporting to image
2025-08-17T01:43:02.9260892Z #74 ...
2025-08-17T01:43:02.9267202Z 
2025-08-17T01:43:02.9267500Z #75 [api base  5/12] COPY services/api/ ./services/api
2025-08-17T01:43:02.9267966Z #75 DONE 0.1s
2025-08-17T01:43:03.0788988Z 
2025-08-17T01:43:03.0791049Z #76 [api base  6/12] COPY services/common/ ./services/common
2025-08-17T01:43:03.0791903Z #76 DONE 0.1s
2025-08-17T01:43:03.0793929Z 
2025-08-17T01:43:03.0794647Z #77 [api base  7/12] COPY services/ingest/ ./services/ingest
2025-08-17T01:43:03.0796113Z #77 DONE 0.1s
2025-08-17T01:43:03.0796525Z 
2025-08-17T01:43:03.0797934Z #64 [web build 6/6] RUN npm run build
2025-08-17T01:43:03.2003247Z #64 ...
2025-08-17T01:43:03.2005041Z 
2025-08-17T01:43:03.2005296Z #78 [api base  8/12] COPY services/etl/ ./services/etl
2025-08-17T01:43:03.2005756Z #78 DONE 0.0s
2025-08-17T01:43:03.2005936Z 
2025-08-17T01:43:03.2006178Z #79 [api base  9/12] COPY services/api/alembic.ini ./alembic.ini
2025-08-17T01:43:03.2006665Z #79 DONE 0.0s
2025-08-17T01:43:03.2006831Z 
2025-08-17T01:43:03.2006982Z #80 [api base 10/12] COPY alembic/ ./alembic/
2025-08-17T01:43:03.2007375Z #80 DONE 0.0s
2025-08-17T01:43:03.3871924Z 
2025-08-17T01:43:03.3873202Z #81 [api base 11/12] COPY services/api/entrypoint.sh ./entrypoint.sh
2025-08-17T01:43:03.3874017Z #81 DONE 0.0s
2025-08-17T01:43:03.3874359Z 
2025-08-17T01:43:03.3875824Z #82 [api base 12/12] RUN chmod +x ./entrypoint.sh
2025-08-17T01:43:03.6093210Z #82 DONE 0.4s
2025-08-17T01:43:03.6094421Z 
2025-08-17T01:43:03.6096248Z #71 [repricer stage-1 3/5] COPY --from=base /usr/local /usr/local
2025-08-17T01:43:04.2254868Z #71 DONE 3.9s
2025-08-17T01:43:04.2255908Z 
2025-08-17T01:43:04.2261468Z #64 [web build 6/6] RUN npm run build
2025-08-17T01:43:04.4168000Z #64 ...
2025-08-17T01:43:04.4168947Z 
2025-08-17T01:43:04.4170234Z #83 [repricer stage-1 4/5] COPY --from=base /app /app
2025-08-17T01:43:04.4170915Z #83 DONE 0.0s
2025-08-17T01:43:04.4171284Z 
2025-08-17T01:43:04.4172751Z #84 [repricer stage-1 5/5] RUN set -eux;     if [ -f /etc/apt/sources.list ]; then         sed -i 's|http://deb.debian.org|https://deb.debian.org|g' /etc/apt/sources.list;     fi;     apt-get update;     apt-get install -y --no-install-recommends tzdata;     rm -rf /var/lib/apt/lists/*
2025-08-17T01:43:04.5501014Z #84 0.285 + [ -f /etc/apt/sources.list ]
2025-08-17T01:43:04.5501661Z #84 0.285 + apt-get update
2025-08-17T01:43:04.7649427Z #84 ...
2025-08-17T01:43:04.7649762Z 
2025-08-17T01:43:04.7649916Z #74 [fees_h10] exporting to image
2025-08-17T01:43:04.7650719Z #74 exporting layers 2.4s done
2025-08-17T01:43:04.7651479Z #74 writing image sha256:ede1393dfa7601e7cd3c4c4452ceceb66831b4738321c0864c3b27b86080f8a1 done
2025-08-17T01:43:04.7652345Z #74 naming to docker.io/library/awa-app-fees_h10 done
2025-08-17T01:43:04.7652833Z #74 DONE 2.4s
2025-08-17T01:43:04.7653015Z 
2025-08-17T01:43:04.7653267Z #85 [fees_h10] resolving provenance for metadata file
2025-08-17T01:43:04.7653787Z #85 DONE 0.0s
2025-08-17T01:43:04.8058841Z 
2025-08-17T01:43:04.8060956Z #84 [repricer stage-1 5/5] RUN set -eux;     if [ -f /etc/apt/sources.list ]; then         sed -i 's|http://deb.debian.org|https://deb.debian.org|g' /etc/apt/sources.list;     fi;     apt-get update;     apt-get install -y --no-install-recommends tzdata;     rm -rf /var/lib/apt/lists/*
2025-08-17T01:43:04.8062993Z #84 0.535 Hit:1 http://deb.debian.org/debian trixie InRelease
2025-08-17T01:43:04.8063937Z #84 0.535 Get:2 http://deb.debian.org/debian trixie-updates InRelease [47.1 kB]
2025-08-17T01:43:04.9216779Z #84 0.541 Get:3 http://deb.debian.org/debian-security trixie-security InRelease [43.4 kB]
2025-08-17T01:43:04.9218524Z #84 0.563 Get:4 http://deb.debian.org/debian trixie/main amd64 Packages [9668 kB]
2025-08-17T01:43:05.0674753Z #84 0.660 Get:5 http://deb.debian.org/debian trixie-updates/main amd64 Packages [2432 B]
2025-08-17T01:43:05.0676213Z #84 0.660 Get:6 http://deb.debian.org/debian-security trixie-security/main amd64 Packages [8780 B]
2025-08-17T01:43:05.7384949Z #84 1.474 Fetched 9769 kB in 1s (8606 kB/s)
2025-08-17T01:43:06.5533929Z #84 1.474 Reading package lists...
2025-08-17T01:43:06.7345455Z #84 2.306 + apt-get install -y --no-install-recommends tzdata
2025-08-17T01:43:07.4014793Z #84 2.319 Reading package lists...
2025-08-17T01:43:07.6396726Z #84 3.165 Building dependency tree...
2025-08-17T01:43:07.7904007Z #84 3.375 Reading state information...#84 ...
2025-08-17T01:43:07.7904406Z 
2025-08-17T01:43:07.7904648Z #86 [api stage-1 4/6] COPY --from=base /usr/local /usr/local
2025-08-17T01:43:07.7905371Z #86 DONE 2.5s
2025-08-17T01:43:07.7905680Z 
2025-08-17T01:43:07.7906048Z #87 [api stage-1 5/6] COPY --from=base /app /app
2025-08-17T01:43:07.7906506Z #87 DONE 0.1s
2025-08-17T01:43:07.7906678Z 
2025-08-17T01:43:07.7908278Z #84 [repricer stage-1 5/5] RUN set -eux;     if [ -f /etc/apt/sources.list ]; then         sed -i 's|http://deb.debian.org|https://deb.debian.org|g' /etc/apt/sources.list;     fi;     apt-get update;     apt-get install -y --no-install-recommends tzdata;     rm -rf /var/lib/apt/lists/*
2025-08-17T01:43:07.7910055Z #84 3.375 Reading state information...
2025-08-17T01:43:07.8979161Z #84 3.633 tzdata is already the newest version (2025b-4).
2025-08-17T01:43:07.8980433Z #84 3.633 0 upgraded, 0 newly installed, 0 to remove and 0 not upgraded.
2025-08-17T01:43:08.0545440Z #84 3.635 + rm -rf /var/lib/apt/lists/auxfiles /var/lib/apt/lists/deb.debian.org_debian-security_dists_trixie-security_InRelease /var/lib/apt/lists/deb.debian.org_debian-security_dists_trixie-security_main_binary-amd64_Packages.lz4 /var/lib/apt/lists/deb.debian.org_debian_dists_trixie-updates_InRelease /var/lib/apt/lists/deb.debian.org_debian_dists_trixie-updates_main_binary-amd64_Packages.lz4 /var/lib/apt/lists/deb.debian.org_debian_dists_trixie_InRelease /var/lib/apt/lists/deb.debian.org_debian_dists_trixie_main_binary-amd64_Packages.lz4 /var/lib/apt/lists/lock /var/lib/apt/lists/partial
2025-08-17T01:43:08.0549818Z #84 DONE 3.7s
2025-08-17T01:43:08.0550146Z 
2025-08-17T01:43:08.0550455Z #88 [api stage-1 6/6] RUN chmod +x /app/entrypoint.sh
2025-08-17T01:43:08.0550934Z #88 DONE 0.3s
2025-08-17T01:43:08.0551121Z 
2025-08-17T01:43:08.0551264Z #89 [repricer] exporting to image
2025-08-17T01:43:09.4863817Z #89 ...
2025-08-17T01:43:09.4864054Z 
2025-08-17T01:43:09.4864890Z #50 [etl base 4/5] RUN if [ -n "" ] && [ -f "" ]; then         pip install -r requirements.txt -c "";     else         pip install -r requirements.txt;     fi
2025-08-17T01:43:09.4868433Z #50 34.75 WARNING: Running pip as the 'root' user can result in broken permissions and conflicting behaviour with the system package manager, possibly rendering your system unusable. It is recommended to use a virtual environment instead: https://pip.pypa.io/warnings/venv. Use the --root-user-action option if you know what you are doing and want to suppress this warning.
2025-08-17T01:43:09.4879335Z #50 34.75 Successfully installed aiohappyeyeballs-2.6.1 aiohttp-3.12.15 aiosignal-1.4.0 annotated-types-0.7.0 attrs-25.3.0 boto3-1.40.11 botocore-1.40.11 cachetools-4.2.4 certifi-2025.8.3 charset_normalizer-3.4.3 confuse-1.4.0 frozenlist-1.7.0 idna-3.10 jmespath-1.0.1 keepa-1.3.14 minio-7.1.15 multidict-6.6.4 numpy-2.3.2 pandas-2.3.1 propcache-0.3.2 pycryptodome-3.23.0 pydantic-2.11.7 pydantic-core-2.33.2 pydantic-settings-2.2.1 python-amazon-sp-api-0.8.0 python-dateutil-2.9.0.post0 python-dotenv-1.1.1 pytz-2025.2 pyyaml-6.0.2 requests-2.32.4 s3transfer-0.13.1 six-1.17.0 tqdm-4.67.1 typing-extensions-4.14.1 typing-inspection-0.4.1 tzdata-2025.2 urllib3-2.5.0 yarl-1.20.1
2025-08-17T01:43:09.4882920Z #50 34.90 
2025-08-17T01:43:09.4883333Z #50 34.90 [notice] A new release of pip is available: 25.0.1 -> 25.2
2025-08-17T01:43:09.4883947Z #50 34.90 [notice] To update, run: pip install --upgrade pip
2025-08-17T01:43:09.4884421Z #50 DONE 35.4s
2025-08-17T01:43:09.6392779Z 
2025-08-17T01:43:09.6394416Z #90 [etl base 5/5] COPY services/etl/ .
2025-08-17T01:43:09.6395277Z #90 DONE 0.1s
2025-08-17T01:43:09.6396040Z 
2025-08-17T01:43:09.6396791Z #91 [api] exporting to image
2025-08-17T01:43:11.7337185Z #91 ...
2025-08-17T01:43:11.7337489Z 
2025-08-17T01:43:11.7337754Z #89 [repricer] exporting to image
2025-08-17T01:43:11.7345122Z #89 exporting layers 3.6s done
2025-08-17T01:43:11.7345886Z #89 writing image sha256:2a6dcb9d3a8fddccf4330963a5c32aeb65a20ca39b2df8a00c23d2732ef2534c done
2025-08-17T01:43:11.7346815Z #89 naming to docker.io/library/awa-app-repricer done
2025-08-17T01:43:11.7347326Z #89 DONE 3.6s
2025-08-17T01:43:11.7347511Z 
2025-08-17T01:43:11.7347764Z #92 [repricer] resolving provenance for metadata file
2025-08-17T01:43:11.7348413Z #92 DONE 0.0s
2025-08-17T01:43:11.8846024Z 
2025-08-17T01:43:11.8847878Z #64 [web build 6/6] RUN npm run build
2025-08-17T01:43:11.8850843Z #64 9.295 vite v7.0.4 building for production...
2025-08-17T01:43:11.8851386Z #64 9.441 transforming...
2025-08-17T01:43:12.0664623Z #64 ...
2025-08-17T01:43:12.0665146Z 
2025-08-17T01:43:12.0665431Z #91 [api] exporting to image
2025-08-17T01:43:12.0666227Z #91 exporting layers 4.0s done
2025-08-17T01:43:12.0667160Z #91 writing image sha256:c112c9b540fa102ef289878c2a6ae307481ceae4507e154ee547e1892e7fbc07
2025-08-17T01:43:12.2265797Z #91 writing image sha256:c112c9b540fa102ef289878c2a6ae307481ceae4507e154ee547e1892e7fbc07 done
2025-08-17T01:43:12.2268544Z #91 naming to docker.io/library/awa-app-api done
2025-08-17T01:43:12.2269393Z #91 DONE 4.0s
2025-08-17T01:43:12.2269581Z 
2025-08-17T01:43:12.2272050Z #93 [api] resolving provenance for metadata file
2025-08-17T01:43:12.2273627Z #93 DONE 0.0s
2025-08-17T01:43:12.2273851Z 
2025-08-17T01:43:12.2274077Z #94 [etl stage-1 3/9] COPY --from=base /usr/local /usr/local
2025-08-17T01:43:14.0744603Z #94 ...
2025-08-17T01:43:14.0744851Z 
2025-08-17T01:43:14.0745007Z #64 [web build 6/6] RUN npm run build
2025-08-17T01:43:14.0745826Z #64 17.48 ✓ 687 modules transformed.
2025-08-17T01:43:14.0746227Z #64 18.00 rendering chunks...
2025-08-17T01:43:14.0746616Z #64 18.01 computing gzip size...
2025-08-17T01:43:14.0747066Z #64 18.03 dist/index.html                   0.46 kB │ gzip:   0.30 kB
2025-08-17T01:43:14.0747565Z #64 18.03 dist/assets/index-5IA1gRGW.css    0.84 kB │ gzip:   0.45 kB
2025-08-17T01:43:14.0748444Z #64 18.03 dist/assets/index-CIqpArhq.js   613.66 kB │ gzip: 193.69 kB
2025-08-17T01:43:14.0748932Z #64 18.03 
2025-08-17T01:43:14.0749400Z #64 18.03 (!) Some chunks are larger than 500 kB after minification. Consider:
2025-08-17T01:43:14.0750124Z #64 18.03 - Using dynamic import() to code-split the application
2025-08-17T01:43:14.0751580Z #64 18.03 - Use build.rollupOptions.output.manualChunks to improve chunking: https://rollupjs.org/configuration-options/#output-manualchunks
2025-08-17T01:43:14.0752799Z #64 18.03 - Adjust chunk size limit for this warning via build.chunkSizeWarningLimit.
2025-08-17T01:43:14.0753549Z #64 18.03 ✓ built in 8.69s
2025-08-17T01:43:14.0753881Z #64 DONE 18.4s
2025-08-17T01:43:14.2248408Z 
2025-08-17T01:43:14.2248873Z #94 [etl stage-1 3/9] COPY --from=base /usr/local /usr/local
2025-08-17T01:43:14.6969260Z #94 DONE 2.3s
2025-08-17T01:43:14.6969496Z 
2025-08-17T01:43:14.6969809Z #95 [web stage-1 2/2] COPY --from=build /app/dist /usr/share/nginx/html
2025-08-17T01:43:14.6970336Z #95 DONE 0.0s
2025-08-17T01:43:14.6970515Z 
2025-08-17T01:43:14.6970685Z #96 [etl stage-1 4/9] COPY --from=base /app /app
2025-08-17T01:43:14.6971107Z #96 DONE 0.0s
2025-08-17T01:43:14.6971268Z 
2025-08-17T01:43:14.6972354Z #97 [etl stage-1 5/9] RUN set -eux;     if [ -f /etc/apt/sources.list ]; then         sed -i 's|http://deb.debian.org|https://deb.debian.org|g' /etc/apt/sources.list;     fi;     apt-get update;     apt-get install -y --no-install-recommends tzdata;     rm -rf /var/lib/apt/lists/*
2025-08-17T01:43:14.6973447Z #97 0.121 + [ -f /etc/apt/sources.list ]
2025-08-17T01:43:14.6973784Z #97 0.121 + apt-get update
2025-08-17T01:43:14.8985434Z #97 0.172 Hit:1 http://deb.debian.org/debian trixie InRelease
2025-08-17T01:43:14.8986287Z #97 0.174 Get:2 http://deb.debian.org/debian trixie-updates InRelease [47.1 kB]
2025-08-17T01:43:14.8987229Z #97 0.323 Get:3 http://deb.debian.org/debian-security trixie-security InRelease [43.4 kB]
2025-08-17T01:43:14.9996475Z #97 0.333 Get:4 http://deb.debian.org/debian trixie/main amd64 Packages [9668 kB]
2025-08-17T01:43:14.9997351Z #97 0.424 Get:5 http://deb.debian.org/debian trixie-updates/main amd64 Packages [2432 B]
2025-08-17T01:43:15.1783164Z #97 ...
2025-08-17T01:43:15.1783425Z 
2025-08-17T01:43:15.1783568Z #98 [web] exporting to image
2025-08-17T01:43:15.1783984Z #98 exporting layers 0.5s done
2025-08-17T01:43:15.1784722Z #98 writing image sha256:339a0dbef918cdd8b6b87aa25742835608e9f29157d3f7ee60ea88b57b612c1f done
2025-08-17T01:43:15.1785521Z #98 naming to docker.io/library/awa-app-web done
2025-08-17T01:43:15.1785955Z #98 DONE 0.5s
2025-08-17T01:43:15.1786131Z 
2025-08-17T01:43:15.1786309Z #99 [web] resolving provenance for metadata file
2025-08-17T01:43:15.1786735Z #99 DONE 0.0s
2025-08-17T01:43:15.1786896Z 
2025-08-17T01:43:15.1788364Z #97 [etl stage-1 5/9] RUN set -eux;     if [ -f /etc/apt/sources.list ]; then         sed -i 's|http://deb.debian.org|https://deb.debian.org|g' /etc/apt/sources.list;     fi;     apt-get update;     apt-get install -y --no-install-recommends tzdata;     rm -rf /var/lib/apt/lists/*
2025-08-17T01:43:15.1790201Z #97 0.433 Get:6 http://deb.debian.org/debian-security trixie-security/main amd64 Packages [8780 B]
2025-08-17T01:43:15.6282099Z #97 1.052 Fetched 9769 kB in 1s (10.7 MB/s)
2025-08-17T01:43:16.0571558Z #97 1.052 Reading package lists...
2025-08-17T01:43:16.2257998Z #97 1.491 + apt-get install -y --no-install-recommends tzdata
2025-08-17T01:43:16.5100660Z #97 1.500 Reading package lists...
2025-08-17T01:43:16.6138328Z #97 1.942 Building dependency tree...
2025-08-17T01:43:16.6138809Z #97 2.038 Reading state information...
2025-08-17T01:43:16.7421181Z #97 2.166 tzdata is already the newest version (2025b-4).
2025-08-17T01:43:16.7421863Z #97 2.166 0 upgraded, 0 newly installed, 0 to remove and 0 not upgraded.
2025-08-17T01:43:16.9039395Z #97 2.167 + rm -rf /var/lib/apt/lists/auxfiles /var/lib/apt/lists/deb.debian.org_debian-security_dists_trixie-security_InRelease /var/lib/apt/lists/deb.debian.org_debian-security_dists_trixie-security_main_binary-amd64_Packages.lz4 /var/lib/apt/lists/deb.debian.org_debian_dists_trixie-updates_InRelease /var/lib/apt/lists/deb.debian.org_debian_dists_trixie-updates_main_binary-amd64_Packages.lz4 /var/lib/apt/lists/deb.debian.org_debian_dists_trixie_InRelease /var/lib/apt/lists/deb.debian.org_debian_dists_trixie_main_binary-amd64_Packages.lz4 /var/lib/apt/lists/lock /var/lib/apt/lists/partial
2025-08-17T01:43:16.9042982Z #97 DONE 2.2s
2025-08-17T01:43:16.9045086Z 
2025-08-17T01:43:16.9045465Z #100 [etl stage-1 6/9] COPY services/etl/wait-for-it.sh /usr/local/bin/wait-for-it.sh
2025-08-17T01:43:16.9045866Z #100 DONE 0.0s
2025-08-17T01:43:16.9045981Z 
2025-08-17T01:43:16.9046128Z #101 [etl stage-1 7/9] RUN chmod +x /usr/local/bin/wait-for-it.sh
2025-08-17T01:43:17.0603002Z #101 DONE 0.1s
2025-08-17T01:43:17.0603266Z 
2025-08-17T01:43:17.0603648Z #102 [etl stage-1 8/9] COPY services/etl/entrypoint.sh /app/entrypoint.sh
2025-08-17T01:43:17.0604274Z #102 DONE 0.0s
2025-08-17T01:43:17.0604472Z 
2025-08-17T01:43:17.0604689Z #103 [etl stage-1 9/9] RUN chmod +x /app/entrypoint.sh
2025-08-17T01:43:17.0605185Z #103 DONE 0.1s
2025-08-17T01:43:17.2122081Z 
2025-08-17T01:43:17.2123484Z #104 [etl] exporting to image
2025-08-17T01:43:19.9082156Z #104 exporting layers 2.8s done
2025-08-17T01:43:19.9353290Z #104 writing image sha256:692df035b5520220d23b90855b039e899fe87c49f2f79992c24e988ceb4d0f93 done
2025-08-17T01:43:19.9353993Z #104 naming to docker.io/library/awa-app-etl done
2025-08-17T01:43:19.9354431Z #104 DONE 2.9s
2025-08-17T01:43:19.9354624Z 
2025-08-17T01:43:19.9355019Z #105 [etl] resolving provenance for metadata file
2025-08-17T01:43:19.9355442Z #105 DONE 0.0s
2025-08-17T01:43:19.9355742Z  logistics_etl  Built
2025-08-17T01:43:19.9356060Z  postgres  Built
2025-08-17T01:43:19.9356317Z  api  Built
2025-08-17T01:43:19.9356483Z  repricer  Built
2025-08-17T01:43:19.9356909Z  fees_h10  Built
2025-08-17T01:43:19.9357081Z  web  Built
2025-08-17T01:43:19.9357354Z  etl  Built
2025-08-17T01:43:19.9425252Z ##[group]Run export COMPOSE_DOCKER_CLI_BUILD=1
2025-08-17T01:43:19.9425593Z [36;1mexport COMPOSE_DOCKER_CLI_BUILD=1[0m
2025-08-17T01:43:19.9425848Z [36;1mexport DOCKER_BUILDKIT=1[0m
2025-08-17T01:43:19.9426082Z [36;1mdocker compose up -d --wait[0m
2025-08-17T01:43:19.9467603Z shell: /usr/bin/bash -e {0}
2025-08-17T01:43:19.9467833Z ##[endgroup]
2025-08-17T01:43:20.0283918Z  minio Pulling 
2025-08-17T01:43:21.0205472Z  dd15713b0f22 Pulling fs layer 
2025-08-17T01:43:21.0206184Z  fd312a3c94fc Pulling fs layer 
2025-08-17T01:43:21.0206982Z  02e05d20c69e Pulling fs layer 
2025-08-17T01:43:21.0207434Z  1f08d9fb7d7d Pulling fs layer 
2025-08-17T01:43:21.0207916Z  b452b5fb7338 Pulling fs layer 
2025-08-17T01:43:21.0208606Z  e14ab7c7ae26 Pulling fs layer 
2025-08-17T01:43:21.0209117Z  3bf7f4428838 Pulling fs layer 
2025-08-17T01:43:21.0209590Z  adc9ba906e83 Pulling fs layer 
2025-08-17T01:43:21.0210006Z  1611ffcaf8be Pulling fs layer 
2025-08-17T01:43:21.0210461Z  e14ab7c7ae26 Waiting 
2025-08-17T01:43:21.0210791Z  1f08d9fb7d7d Waiting 
2025-08-17T01:43:21.0211107Z  3bf7f4428838 Waiting 
2025-08-17T01:43:21.0211414Z  b452b5fb7338 Waiting 
2025-08-17T01:43:21.0211739Z  adc9ba906e83 Waiting 
2025-08-17T01:43:21.0212059Z  1611ffcaf8be Waiting 
2025-08-17T01:43:21.2989870Z  dd15713b0f22 Downloading [>                                                  ]  73.56kB/7.24MB
2025-08-17T01:43:21.3123835Z  02e05d20c69e Downloading [>                                                  ]  2.301kB/122.7kB
2025-08-17T01:43:21.3287677Z  02e05d20c69e Verifying Checksum 
2025-08-17T01:43:21.3287996Z  02e05d20c69e Download complete 
2025-08-17T01:43:21.3304006Z  fd312a3c94fc Downloading [>                                                  ]  17.36kB/1.637MB
2025-08-17T01:43:21.3969062Z  dd15713b0f22 Download complete 
2025-08-17T01:43:21.3976128Z  dd15713b0f22 Extracting [>                                                  ]   98.3kB/7.24MB
2025-08-17T01:43:21.4053836Z  fd312a3c94fc Verifying Checksum 
2025-08-17T01:43:21.4054559Z  fd312a3c94fc Download complete 
2025-08-17T01:43:21.4988407Z  dd15713b0f22 Extracting [===================>                               ]  2.851MB/7.24MB
2025-08-17T01:43:21.6014681Z  dd15713b0f22 Extracting [============================================>      ]  6.488MB/7.24MB
2025-08-17T01:43:21.6279970Z  dd15713b0f22 Extracting [==================================================>]   7.24MB/7.24MB
2025-08-17T01:43:21.6368931Z  dd15713b0f22 Pull complete 
2025-08-17T01:43:21.6380621Z  fd312a3c94fc Extracting [=>                                                 ]  32.77kB/1.637MB
2025-08-17T01:43:21.6667944Z  1f08d9fb7d7d Downloading [>                                                  ]    408kB/39.39MB
2025-08-17T01:43:21.6706021Z  fd312a3c94fc Extracting [==================================================>]  1.637MB/1.637MB
2025-08-17T01:43:21.6721338Z  e14ab7c7ae26 Downloading [>                                                  ]   24.7kB/2.402MB
2025-08-17T01:43:21.6732536Z  fd312a3c94fc Extracting [==================================================>]  1.637MB/1.637MB
2025-08-17T01:43:21.6951128Z  b452b5fb7338 Downloading [>                                                  ]  114.8kB/11.19MB
2025-08-17T01:43:21.7193814Z  fd312a3c94fc Pull complete 
2025-08-17T01:43:21.7207006Z  02e05d20c69e Extracting [=============>                                     ]  32.77kB/122.7kB
2025-08-17T01:43:21.7222642Z  02e05d20c69e Extracting [==================================================>]  122.7kB/122.7kB
2025-08-17T01:43:21.7367704Z  02e05d20c69e Pull complete 
2025-08-17T01:43:21.7525268Z  e14ab7c7ae26 Verifying Checksum 
2025-08-17T01:43:21.7525834Z  e14ab7c7ae26 Download complete 
2025-08-17T01:43:21.7668297Z  1f08d9fb7d7d Downloading [============>                                      ]  9.681MB/39.39MB
2025-08-17T01:43:21.7952737Z  b452b5fb7338 Downloading [=========================================>         ]    9.3MB/11.19MB
2025-08-17T01:43:21.8116565Z  b452b5fb7338 Verifying Checksum 
2025-08-17T01:43:21.8117566Z  b452b5fb7338 Download complete 
2025-08-17T01:43:21.8883531Z  1f08d9fb7d7d Downloading [======================>                            ]  17.37MB/39.39MB
2025-08-17T01:43:21.9895793Z  1f08d9fb7d7d Downloading [==========================>                        ]  20.99MB/39.39MB
2025-08-17T01:43:22.0456282Z  3bf7f4428838 Downloading [>                                                  ]  2.301kB/180.3kB
2025-08-17T01:43:22.0785180Z  3bf7f4428838 Verifying Checksum 
2025-08-17T01:43:22.0785626Z  3bf7f4428838 Download complete 
2025-08-17T01:43:22.0855278Z  adc9ba906e83 Downloading [===>                                               ]     933B/11.88kB
2025-08-17T01:43:22.0856628Z  adc9ba906e83 Downloading [==================================================>]  11.88kB/11.88kB
2025-08-17T01:43:22.0857094Z  adc9ba906e83 Verifying Checksum 
2025-08-17T01:43:22.0857422Z  adc9ba906e83 Download complete 
2025-08-17T01:43:22.1023237Z  1f08d9fb7d7d Downloading [======================================>            ]  30.69MB/39.39MB
2025-08-17T01:43:22.2385669Z  1f08d9fb7d7d Downloading [=============================================>     ]  35.53MB/39.39MB
2025-08-17T01:43:22.3600187Z  1611ffcaf8be Downloading [==================================================>]     498B/498B
2025-08-17T01:43:22.3601162Z  1611ffcaf8be Verifying Checksum 
2025-08-17T01:43:22.3601622Z  1611ffcaf8be Download complete 
2025-08-17T01:43:22.3688628Z  1f08d9fb7d7d Downloading [=================================================> ]  38.76MB/39.39MB
2025-08-17T01:43:22.3825209Z  1f08d9fb7d7d Verifying Checksum 
2025-08-17T01:43:22.3825648Z  1f08d9fb7d7d Download complete 
2025-08-17T01:43:22.3903544Z  1f08d9fb7d7d Extracting [>                                                  ]    426kB/39.39MB
2025-08-17T01:43:22.4918412Z  1f08d9fb7d7d Extracting [===========>                                       ]  8.946MB/39.39MB
2025-08-17T01:43:22.5941121Z  1f08d9fb7d7d Extracting [=====================>                             ]  17.04MB/39.39MB
2025-08-17T01:43:22.6948673Z  1f08d9fb7d7d Extracting [=====================================>             ]  29.82MB/39.39MB
2025-08-17T01:43:22.7963530Z  1f08d9fb7d7d Extracting [================================================>  ]  37.91MB/39.39MB
2025-08-17T01:43:22.8151213Z  1f08d9fb7d7d Extracting [==================================================>]  39.39MB/39.39MB
2025-08-17T01:43:22.8569459Z  1f08d9fb7d7d Pull complete 
2025-08-17T01:43:22.8591362Z  b452b5fb7338 Extracting [>                                                  ]  131.1kB/11.19MB
2025-08-17T01:43:22.9592577Z  b452b5fb7338 Extracting [===================================>               ]  7.995MB/11.19MB
2025-08-17T01:43:22.9910937Z  b452b5fb7338 Extracting [==================================================>]  11.19MB/11.19MB
2025-08-17T01:43:23.0092119Z  b452b5fb7338 Pull complete 
2025-08-17T01:43:23.0103476Z  e14ab7c7ae26 Extracting [>                                                  ]  32.77kB/2.402MB
2025-08-17T01:43:23.0377663Z  e14ab7c7ae26 Extracting [==================================================>]  2.402MB/2.402MB
2025-08-17T01:43:23.0470241Z  e14ab7c7ae26 Pull complete 
2025-08-17T01:43:23.0481222Z  3bf7f4428838 Extracting [=========>                                         ]  32.77kB/180.3kB
2025-08-17T01:43:23.0528576Z  3bf7f4428838 Extracting [==================================================>]  180.3kB/180.3kB
2025-08-17T01:43:23.0539676Z  3bf7f4428838 Extracting [==================================================>]  180.3kB/180.3kB
2025-08-17T01:43:23.0615915Z  3bf7f4428838 Pull complete 
2025-08-17T01:43:23.0629096Z  adc9ba906e83 Extracting [==================================================>]  11.88kB/11.88kB
2025-08-17T01:43:23.0632884Z  adc9ba906e83 Extracting [==================================================>]  11.88kB/11.88kB
2025-08-17T01:43:23.0705355Z  adc9ba906e83 Pull complete 
2025-08-17T01:43:23.0720892Z  1611ffcaf8be Extracting [==================================================>]     498B/498B
2025-08-17T01:43:23.0723791Z  1611ffcaf8be Extracting [==================================================>]     498B/498B
2025-08-17T01:43:23.0790943Z  1611ffcaf8be Pull complete 
2025-08-17T01:43:23.0850887Z  minio Pulled 
2025-08-17T01:43:23.0873220Z  Network awa-app_awa-net  Creating
2025-08-17T01:43:23.1201493Z  Network awa-app_awa-net  Created
2025-08-17T01:43:23.1377268Z  Volume "awa-app_awa-data"  Creating
2025-08-17T01:43:23.1391076Z  Volume "awa-app_awa-data"  Created
2025-08-17T01:43:23.1394158Z  Volume "awa-app_miniodata"  Creating
2025-08-17T01:43:23.1402543Z  Volume "awa-app_miniodata"  Created
2025-08-17T01:43:23.1407861Z  Container awa-app-postgres-1  Creating
2025-08-17T01:43:23.1409943Z  Container awa-app-minio-1  Creating
2025-08-17T01:43:23.1663966Z  Container awa-app-minio-1  Created
2025-08-17T01:43:23.1680516Z  Container awa-app-postgres-1  Created
2025-08-17T01:43:23.1683159Z  Container awa-app-etl-1  Creating
2025-08-17T01:43:23.1689004Z  Container awa-app-api-1  Creating
2025-08-17T01:43:23.1692665Z  Container awa-app-logistics_etl-1  Creating
2025-08-17T01:43:23.1693177Z  Container awa-app-fees_h10-1  Creating
2025-08-17T01:43:23.2250508Z  Container awa-app-api-1  Created
2025-08-17T01:43:23.2251061Z  Container awa-app-web-1  Creating
2025-08-17T01:43:23.2252999Z  Container awa-app-etl-1  Created
2025-08-17T01:43:23.2253790Z  Container awa-app-repricer-1  Creating
2025-08-17T01:43:23.2255885Z  Container awa-app-logistics_etl-1  Created
2025-08-17T01:43:23.2260084Z  Container awa-app-fees_h10-1  Created
2025-08-17T01:43:23.2399707Z  Container awa-app-web-1  Created
2025-08-17T01:43:23.2400243Z  Container awa-app-repricer-1  Created
2025-08-17T01:43:23.2415102Z  Container awa-app-postgres-1  Starting
2025-08-17T01:43:23.2415905Z  Container awa-app-minio-1  Starting
2025-08-17T01:43:23.4005615Z  Container awa-app-postgres-1  Started
2025-08-17T01:43:23.4006158Z  Container awa-app-postgres-1  Waiting
2025-08-17T01:43:23.4006811Z  Container awa-app-postgres-1  Waiting
2025-08-17T01:43:23.4007330Z  Container awa-app-postgres-1  Waiting
2025-08-17T01:43:23.5302599Z  Container awa-app-minio-1  Started
2025-08-17T01:43:23.5303611Z  Container awa-app-postgres-1  Waiting
2025-08-17T01:43:28.5312700Z  Container awa-app-postgres-1  Healthy
2025-08-17T01:43:28.5313263Z  Container awa-app-etl-1  Starting
2025-08-17T01:43:28.6383128Z  Container awa-app-etl-1  Started
2025-08-17T01:43:28.9028680Z  Container awa-app-postgres-1  Healthy
2025-08-17T01:43:28.9029572Z  Container awa-app-logistics_etl-1  Starting
2025-08-17T01:43:28.9031139Z  Container awa-app-postgres-1  Healthy
2025-08-17T01:43:28.9033091Z  Container awa-app-fees_h10-1  Starting
2025-08-17T01:43:28.9034131Z  Container awa-app-postgres-1  Healthy
2025-08-17T01:43:28.9035073Z  Container awa-app-api-1  Starting
2025-08-17T01:43:29.0691701Z  Container awa-app-fees_h10-1  Started
2025-08-17T01:43:29.0926209Z  Container awa-app-logistics_etl-1  Started
2025-08-17T01:43:29.0955434Z  Container awa-app-api-1  Started
2025-08-17T01:43:29.0955986Z  Container awa-app-postgres-1  Waiting
2025-08-17T01:43:29.0958428Z  Container awa-app-api-1  Waiting
2025-08-17T01:43:29.0960221Z  Container awa-app-web-1  Starting
2025-08-17T01:43:29.2916269Z  Container awa-app-web-1  Started
2025-08-17T01:43:29.5975768Z  Container awa-app-postgres-1  Healthy
2025-08-17T01:43:34.5971140Z  Container awa-app-api-1  Healthy
2025-08-17T01:43:34.5971710Z  Container awa-app-repricer-1  Starting
2025-08-17T01:43:34.7198281Z  Container awa-app-repricer-1  Started
2025-08-17T01:43:34.7198817Z  Container awa-app-postgres-1  Waiting
2025-08-17T01:43:34.7199242Z  Container awa-app-repricer-1  Waiting
2025-08-17T01:43:34.7199651Z  Container awa-app-fees_h10-1  Waiting
2025-08-17T01:43:34.7199928Z  Container awa-app-logistics_etl-1  Waiting
2025-08-17T01:43:34.7200203Z  Container awa-app-etl-1  Waiting
2025-08-17T01:43:34.7200458Z  Container awa-app-minio-1  Waiting
2025-08-17T01:43:34.7201008Z  Container awa-app-web-1  Waiting
2025-08-17T01:43:34.7201240Z  Container awa-app-api-1  Waiting
2025-08-17T01:43:35.2220015Z  Container awa-app-api-1  Healthy
2025-08-17T01:43:35.2220990Z  Container awa-app-minio-1  Healthy
2025-08-17T01:43:35.2222458Z  Container awa-app-web-1  Healthy
2025-08-17T01:43:35.2225536Z  Container awa-app-postgres-1  Healthy
2025-08-17T01:43:58.7208330Z  Container awa-app-etl-1  Healthy
2025-08-17T01:43:59.7217737Z  Container awa-app-fees_h10-1  Healthy
2025-08-17T01:43:59.7218642Z container awa-app-logistics_etl-1 exited (1)
2025-08-17T01:43:59.7267020Z ##[error]Process completed with exit code 1.
2025-08-17T01:43:59.7326397Z ##[group]Run export COMPOSE_DOCKER_CLI_BUILD=1
2025-08-17T01:43:59.7326740Z [36;1mexport COMPOSE_DOCKER_CLI_BUILD=1[0m
2025-08-17T01:43:59.7326997Z [36;1mexport DOCKER_BUILDKIT=1[0m
2025-08-17T01:43:59.7327264Z [36;1mdocker compose down -v --remove-orphans[0m
2025-08-17T01:43:59.7368483Z shell: /usr/bin/bash -e {0}
2025-08-17T01:43:59.7368727Z ##[endgroup]
2025-08-17T01:43:59.8118620Z  Container awa-app-etl-1  Stopping
2025-08-17T01:43:59.8119793Z  Container awa-app-web-1  Stopping
2025-08-17T01:43:59.8120245Z  Container awa-app-repricer-1  Stopping
2025-08-17T01:43:59.8120693Z  Container awa-app-logistics_etl-1  Stopping
2025-08-17T01:43:59.8121160Z  Container awa-app-fees_h10-1  Stopping
2025-08-17T01:43:59.8121579Z  Container awa-app-repricer-1  Stopped
2025-08-17T01:43:59.8122016Z  Container awa-app-repricer-1  Removing
2025-08-17T01:43:59.8122469Z  Container awa-app-logistics_etl-1  Stopped
2025-08-17T01:43:59.8122927Z  Container awa-app-logistics_etl-1  Removing
2025-08-17T01:43:59.8209461Z  Container awa-app-logistics_etl-1  Removed
2025-08-17T01:43:59.8255685Z  Container awa-app-repricer-1  Removed
2025-08-17T01:43:59.9489355Z  Container awa-app-web-1  Stopped
2025-08-17T01:43:59.9492127Z  Container awa-app-web-1  Removing
2025-08-17T01:43:59.9570217Z  Container awa-app-web-1  Removed
2025-08-17T01:43:59.9582042Z  Container awa-app-api-1  Stopping
2025-08-17T01:43:59.9721026Z  Container awa-app-fees_h10-1  Stopped
2025-08-17T01:43:59.9722132Z  Container awa-app-fees_h10-1  Removing
2025-08-17T01:43:59.9854512Z  Container awa-app-fees_h10-1  Removed
2025-08-17T01:44:00.3471908Z  Container awa-app-api-1  Stopped
2025-08-17T01:44:00.3472519Z  Container awa-app-api-1  Removing
2025-08-17T01:44:00.3551816Z  Container awa-app-api-1  Removed
2025-08-17T01:44:09.8961177Z  Container awa-app-etl-1  Stopped
2025-08-17T01:44:09.8961646Z  Container awa-app-etl-1  Removing
2025-08-17T01:44:09.9005145Z  Container awa-app-etl-1  Removed
2025-08-17T01:44:09.9005642Z  Container awa-app-postgres-1  Stopping
2025-08-17T01:44:09.9007466Z  Container awa-app-minio-1  Stopping
2025-08-17T01:44:09.9878435Z  Container awa-app-postgres-1  Stopped
2025-08-17T01:44:09.9878970Z  Container awa-app-postgres-1  Removing
2025-08-17T01:44:10.0383072Z  Container awa-app-postgres-1  Removed
2025-08-17T01:44:10.0600519Z  Container awa-app-minio-1  Stopped
2025-08-17T01:44:10.0601036Z  Container awa-app-minio-1  Removing
2025-08-17T01:44:10.0654296Z  Container awa-app-minio-1  Removed
2025-08-17T01:44:10.0660730Z  Volume awa-app_awa-data  Removing
2025-08-17T01:44:10.0664675Z  Volume awa-app_miniodata  Removing
2025-08-17T01:44:10.0665176Z  Network awa-app_awa-net  Removing
2025-08-17T01:44:10.0667992Z  Volume awa-app_awa-data  Removed
2025-08-17T01:44:10.0679937Z  Volume awa-app_miniodata  Removed
2025-08-17T01:44:10.1561760Z  Network awa-app_awa-net  Removed
2025-08-17T01:44:10.1669501Z Post job cleanup.
2025-08-17T01:44:10.2590440Z [command]/usr/bin/git version
2025-08-17T01:44:10.2625993Z git version 2.50.1
2025-08-17T01:44:10.2669039Z Temporarily overriding HOME='/home/runner/work/_temp/38fb1934-d38b-4961-b767-a7b3e4acdd55' before making global git config changes
2025-08-17T01:44:10.2670303Z Adding repository directory to the temporary git global config as a safe directory
2025-08-17T01:44:10.2682324Z [command]/usr/bin/git config --global --add safe.directory /home/runner/work/AWA-App/AWA-App
2025-08-17T01:44:10.2716038Z [command]/usr/bin/git config --local --name-only --get-regexp core\.sshCommand
2025-08-17T01:44:10.2747811Z [command]/usr/bin/git submodule foreach --recursive sh -c "git config --local --name-only --get-regexp 'core\.sshCommand' && git config --local --unset-all 'core.sshCommand' || :"
2025-08-17T01:44:10.2967693Z [command]/usr/bin/git config --local --name-only --get-regexp http\.https\:\/\/github\.com\/\.extraheader
2025-08-17T01:44:10.2987624Z http.https://github.com/.extraheader
2025-08-17T01:44:10.3000578Z [command]/usr/bin/git config --local --unset-all http.https://github.com/.extraheader
2025-08-17T01:44:10.3030106Z [command]/usr/bin/git submodule foreach --recursive sh -c "git config --local --name-only --get-regexp 'http\.https\:\/\/github\.com\/\.extraheader' && git config --local --unset-all 'http.https://github.com/.extraheader' || :"
2025-08-17T01:44:10.3354186Z Cleaning up orphan processes
