2025-08-18T23:28:31.1770888Z Current runner version: '2.327.1'
2025-08-18T23:28:31.1806752Z ##[group]Operating System
2025-08-18T23:28:31.1808494Z Ubuntu
2025-08-18T23:28:31.1809348Z 24.04.2
2025-08-18T23:28:31.1810094Z LTS
2025-08-18T23:28:31.1811051Z ##[endgroup]
2025-08-18T23:28:31.1811950Z ##[group]Runner Image
2025-08-18T23:28:31.1813238Z Image: ubuntu-24.04
2025-08-18T23:28:31.1814176Z Version: 20250810.1.0
2025-08-18T23:28:31.1815904Z Included Software: https://github.com/actions/runner-images/blob/ubuntu24/20250810.1/images/ubuntu/Ubuntu2404-Readme.md
2025-08-18T23:28:31.1818558Z Image Release: https://github.com/actions/runner-images/releases/tag/ubuntu24%2F20250810.1
2025-08-18T23:28:31.1820159Z ##[endgroup]
2025-08-18T23:28:31.1821027Z ##[group]Runner Image Provisioner
2025-08-18T23:28:31.1822237Z 2.0.449.1
2025-08-18T23:28:31.1823230Z ##[endgroup]
2025-08-18T23:28:31.1827539Z ##[group]GITHUB_TOKEN Permissions
2025-08-18T23:28:31.1830568Z Actions: write
2025-08-18T23:28:31.1831719Z Attestations: write
2025-08-18T23:28:31.1832930Z Checks: write
2025-08-18T23:28:31.1833878Z Contents: write
2025-08-18T23:28:31.1834828Z Deployments: write
2025-08-18T23:28:31.1835771Z Discussions: write
2025-08-18T23:28:31.1836825Z Issues: write
2025-08-18T23:28:31.1837697Z Metadata: read
2025-08-18T23:28:31.1838513Z Models: read
2025-08-18T23:28:31.1839511Z Packages: write
2025-08-18T23:28:31.1840333Z Pages: write
2025-08-18T23:28:31.1841193Z PullRequests: write
2025-08-18T23:28:31.1842237Z RepositoryProjects: write
2025-08-18T23:28:31.1843370Z SecurityEvents: write
2025-08-18T23:28:31.1844237Z Statuses: write
2025-08-18T23:28:31.1845150Z ##[endgroup]
2025-08-18T23:28:31.1848506Z Secret source: Actions
2025-08-18T23:28:31.1850047Z Prepare workflow directory
2025-08-18T23:28:31.2453979Z Prepare all required actions
2025-08-18T23:28:31.2511620Z Getting action download info
2025-08-18T23:28:31.6018127Z Download action repository 'actions/checkout@v4' (SHA:08eba0b27e820071cde6df949e0beb9ba4906955)
2025-08-18T23:28:31.9066468Z Download action repository 'actions/setup-python@v5' (SHA:a26af69be951a213d495a4c3e4e4022e16d87065)
2025-08-18T23:28:32.2213065Z Download action repository 'actions/cache@v4' (SHA:0400d5f644dc74513175e3cd8d07132dd4860809)
2025-08-18T23:28:32.5298658Z Download action repository 'actions/upload-artifact@v4' (SHA:ea165f8d65b6e75b540449e92b4886f43607fa02)
2025-08-18T23:28:32.7582912Z Complete job name: integration-db
2025-08-18T23:28:32.8116500Z ##[group]Checking docker version
2025-08-18T23:28:32.8130045Z ##[command]/usr/bin/docker version --format '{{.Server.APIVersion}}'
2025-08-18T23:28:32.9195795Z '1.48'
2025-08-18T23:28:32.9209028Z Docker daemon API version: '1.48'
2025-08-18T23:28:32.9210503Z ##[command]/usr/bin/docker version --format '{{.Client.APIVersion}}'
2025-08-18T23:28:32.9372995Z '1.48'
2025-08-18T23:28:32.9387063Z Docker client API version: '1.48'
2025-08-18T23:28:32.9394750Z ##[endgroup]
2025-08-18T23:28:32.9400181Z ##[group]Clean up resources from previous jobs
2025-08-18T23:28:32.9406747Z ##[command]/usr/bin/docker ps --all --quiet --no-trunc --filter "label=713ccf"
2025-08-18T23:28:32.9549156Z ##[command]/usr/bin/docker network prune --force --filter "label=713ccf"
2025-08-18T23:28:32.9679080Z ##[endgroup]
2025-08-18T23:28:32.9680005Z ##[group]Create local container network
2025-08-18T23:28:32.9691973Z ##[command]/usr/bin/docker network create --label 713ccf github_network_6cb40e8986d14f76ab5cf72dd426e7ae
2025-08-18T23:28:33.0284216Z 65dd60c27699b9b57541c8846b0c340d49778b40432dffcc57bce1768d15ca54
2025-08-18T23:28:33.0304027Z ##[endgroup]
2025-08-18T23:28:33.0330522Z ##[group]Starting postgres service container
2025-08-18T23:28:33.0351977Z ##[command]/usr/bin/docker pull postgres:15
2025-08-18T23:28:33.2637309Z 15: Pulling from library/postgres
2025-08-18T23:28:33.3335695Z 396b1da7636e: Pulling fs layer
2025-08-18T23:28:33.3337412Z fca2566eba32: Pulling fs layer
2025-08-18T23:28:33.3338999Z 631fe8c6d606: Pulling fs layer
2025-08-18T23:28:33.3340436Z 77c7671c4414: Pulling fs layer
2025-08-18T23:28:33.3342027Z 2d9e29180a27: Pulling fs layer
2025-08-18T23:28:33.3344210Z c6bcc2c9a041: Pulling fs layer
2025-08-18T23:28:33.3345545Z ac4b721eb66f: Pulling fs layer
2025-08-18T23:28:33.3346826Z 606bd164980e: Pulling fs layer
2025-08-18T23:28:33.3348027Z f5dfd246bc6e: Pulling fs layer
2025-08-18T23:28:33.3349284Z ba7036bb0a60: Pulling fs layer
2025-08-18T23:28:33.3350480Z 799f859abbbd: Pulling fs layer
2025-08-18T23:28:33.3351712Z d903e777080c: Pulling fs layer
2025-08-18T23:28:33.3353147Z 04adcb462801: Pulling fs layer
2025-08-18T23:28:33.3354391Z 5c10925b29ff: Pulling fs layer
2025-08-18T23:28:33.3355584Z f5dfd246bc6e: Waiting
2025-08-18T23:28:33.3356663Z ba7036bb0a60: Waiting
2025-08-18T23:28:33.3357748Z 799f859abbbd: Waiting
2025-08-18T23:28:33.3358800Z d903e777080c: Waiting
2025-08-18T23:28:33.3359855Z 04adcb462801: Waiting
2025-08-18T23:28:33.3360908Z 5c10925b29ff: Waiting
2025-08-18T23:28:33.3361977Z 77c7671c4414: Waiting
2025-08-18T23:28:33.3363444Z 2d9e29180a27: Waiting
2025-08-18T23:28:33.3364522Z ac4b721eb66f: Waiting
2025-08-18T23:28:33.3365609Z 606bd164980e: Waiting
2025-08-18T23:28:33.4252063Z fca2566eba32: Verifying Checksum
2025-08-18T23:28:33.4672074Z fca2566eba32: Download complete
2025-08-18T23:28:33.4675918Z 631fe8c6d606: Verifying Checksum
2025-08-18T23:28:33.4679600Z 631fe8c6d606: Download complete
2025-08-18T23:28:33.5519654Z 77c7671c4414: Verifying Checksum
2025-08-18T23:28:33.5521628Z 77c7671c4414: Download complete
2025-08-18T23:28:33.6500947Z c6bcc2c9a041: Verifying Checksum
2025-08-18T23:28:33.6505473Z c6bcc2c9a041: Download complete
2025-08-18T23:28:33.6699793Z 2d9e29180a27: Verifying Checksum
2025-08-18T23:28:33.6705062Z 2d9e29180a27: Download complete
2025-08-18T23:28:33.6722699Z 396b1da7636e: Verifying Checksum
2025-08-18T23:28:33.6728109Z 396b1da7636e: Download complete
2025-08-18T23:28:33.7531667Z 606bd164980e: Verifying Checksum
2025-08-18T23:28:33.7535791Z 606bd164980e: Download complete
2025-08-18T23:28:33.7760082Z ac4b721eb66f: Verifying Checksum
2025-08-18T23:28:33.7762173Z ac4b721eb66f: Download complete
2025-08-18T23:28:33.8598345Z 799f859abbbd: Verifying Checksum
2025-08-18T23:28:33.8600256Z 799f859abbbd: Download complete
2025-08-18T23:28:33.8717496Z ba7036bb0a60: Download complete
2025-08-18T23:28:33.9434295Z d903e777080c: Verifying Checksum
2025-08-18T23:28:33.9442001Z d903e777080c: Download complete
2025-08-18T23:28:33.9675152Z 04adcb462801: Verifying Checksum
2025-08-18T23:28:33.9679247Z 04adcb462801: Download complete
2025-08-18T23:28:34.0216446Z 5c10925b29ff: Verifying Checksum
2025-08-18T23:28:34.0220393Z 5c10925b29ff: Download complete
2025-08-18T23:28:34.7180236Z 396b1da7636e: Pull complete
2025-08-18T23:28:34.9362021Z fca2566eba32: Pull complete
2025-08-18T23:28:35.1478972Z 631fe8c6d606: Pull complete
2025-08-18T23:28:35.1997586Z 77c7671c4414: Pull complete
2025-08-18T23:28:35.5118107Z f5dfd246bc6e: Verifying Checksum
2025-08-18T23:28:35.5118696Z f5dfd246bc6e: Download complete
2025-08-18T23:28:35.5460546Z 2d9e29180a27: Pull complete
2025-08-18T23:28:35.6499969Z c6bcc2c9a041: Pull complete
2025-08-18T23:28:35.6610727Z ac4b721eb66f: Pull complete
2025-08-18T23:28:35.6756964Z 606bd164980e: Pull complete
2025-08-18T23:28:38.6290396Z f5dfd246bc6e: Pull complete
2025-08-18T23:28:38.6500289Z ba7036bb0a60: Pull complete
2025-08-18T23:28:38.6676313Z 799f859abbbd: Pull complete
2025-08-18T23:28:38.6812429Z d903e777080c: Pull complete
2025-08-18T23:28:38.6959370Z 04adcb462801: Pull complete
2025-08-18T23:28:38.7131444Z 5c10925b29ff: Pull complete
2025-08-18T23:28:38.7184007Z Digest: sha256:bc51cf4f1fe02cce7ed2370b20128a9b00b4eb804573a77d2a0d877aaa9c82b1
2025-08-18T23:28:38.7203194Z Status: Downloaded newer image for postgres:15
2025-08-18T23:28:38.7214218Z docker.io/library/postgres:15
2025-08-18T23:28:38.7279143Z ##[command]/usr/bin/docker create --name 1b184fa9b7c84c9ea20cf4ee48957192_postgres15_f9de09 --label 713ccf --network github_network_6cb40e8986d14f76ab5cf72dd426e7ae --network-alias postgres -p 5432:5432 --health-cmd="pg_isready -U postgres -d awa" --health-interval=5s --health-timeout=5s --health-retries=10 -e "POSTGRES_USER=postgres" -e "POSTGRES_PASSWORD=pass" -e "POSTGRES_DB=awa" -e GITHUB_ACTIONS=true -e CI=true postgres:15
2025-08-18T23:28:38.7590455Z 1f2956a77401169d4766c367e7142ecf1230e0ce412d6960ae5cf80c063a2cfb
2025-08-18T23:28:38.7613191Z ##[command]/usr/bin/docker start 1f2956a77401169d4766c367e7142ecf1230e0ce412d6960ae5cf80c063a2cfb
2025-08-18T23:28:39.0899047Z 1f2956a77401169d4766c367e7142ecf1230e0ce412d6960ae5cf80c063a2cfb
2025-08-18T23:28:39.0920027Z ##[command]/usr/bin/docker ps --all --filter id=1f2956a77401169d4766c367e7142ecf1230e0ce412d6960ae5cf80c063a2cfb --filter status=running --no-trunc --format "{{.ID}} {{.Status}}"
2025-08-18T23:28:39.1049290Z 1f2956a77401169d4766c367e7142ecf1230e0ce412d6960ae5cf80c063a2cfb Up Less than a second (health: starting)
2025-08-18T23:28:39.1073176Z ##[command]/usr/bin/docker port 1f2956a77401169d4766c367e7142ecf1230e0ce412d6960ae5cf80c063a2cfb
2025-08-18T23:28:39.1200209Z 5432/tcp -> 0.0.0.0:5432
2025-08-18T23:28:39.1200594Z 5432/tcp -> [::]:5432
2025-08-18T23:28:39.1249751Z ##[endgroup]
2025-08-18T23:28:39.1258384Z ##[group]Waiting for all services to be ready
2025-08-18T23:28:39.1271907Z ##[command]/usr/bin/docker inspect --format="{{if .Config.Healthcheck}}{{print .State.Health.Status}}{{end}}" 1f2956a77401169d4766c367e7142ecf1230e0ce412d6960ae5cf80c063a2cfb
2025-08-18T23:28:39.1403367Z starting
2025-08-18T23:28:39.1422798Z postgres service is starting, waiting 2 seconds before checking again.
2025-08-18T23:28:41.1423395Z ##[command]/usr/bin/docker inspect --format="{{if .Config.Healthcheck}}{{print .State.Health.Status}}{{end}}" 1f2956a77401169d4766c367e7142ecf1230e0ce412d6960ae5cf80c063a2cfb
2025-08-18T23:28:41.1546730Z starting
2025-08-18T23:28:41.1560165Z postgres service is starting, waiting 3 seconds before checking again.
2025-08-18T23:28:44.8066704Z ##[command]/usr/bin/docker inspect --format="{{if .Config.Healthcheck}}{{print .State.Health.Status}}{{end}}" 1f2956a77401169d4766c367e7142ecf1230e0ce412d6960ae5cf80c063a2cfb
2025-08-18T23:28:44.8183993Z healthy
2025-08-18T23:28:44.8201262Z postgres service is healthy.
2025-08-18T23:28:44.8201913Z ##[endgroup]
2025-08-18T23:28:44.8440675Z ##[group]Run actions/checkout@v4
2025-08-18T23:28:44.8441193Z with:
2025-08-18T23:28:44.8441366Z   fetch-depth: 0
2025-08-18T23:28:44.8441574Z   repository: AlexBomber12/AWA-App
2025-08-18T23:28:44.8441936Z   token: ***
2025-08-18T23:28:44.8442121Z   ssh-strict: true
2025-08-18T23:28:44.8442467Z   ssh-user: git
2025-08-18T23:28:44.8442655Z   persist-credentials: true
2025-08-18T23:28:44.8442863Z   clean: true
2025-08-18T23:28:44.8443042Z   sparse-checkout-cone-mode: true
2025-08-18T23:28:44.8443269Z   fetch-tags: false
2025-08-18T23:28:44.8443448Z   show-progress: true
2025-08-18T23:28:44.8443631Z   lfs: false
2025-08-18T23:28:44.8443784Z   submodules: false
2025-08-18T23:28:44.8443962Z   set-safe-directory: true
2025-08-18T23:28:44.8444378Z ##[endgroup]
2025-08-18T23:28:45.0478918Z Syncing repository: AlexBomber12/AWA-App
2025-08-18T23:28:45.0480345Z ##[group]Getting Git version info
2025-08-18T23:28:45.0480728Z Working directory is '/home/runner/work/AWA-App/AWA-App'
2025-08-18T23:28:45.0481265Z [command]/usr/bin/git version
2025-08-18T23:28:45.0547907Z git version 2.50.1
2025-08-18T23:28:45.0576302Z ##[endgroup]
2025-08-18T23:28:45.0597951Z Temporarily overriding HOME='/home/runner/work/_temp/26cf5672-d108-4ca5-9f8f-153aa0e1f054' before making global git config changes
2025-08-18T23:28:45.0599151Z Adding repository directory to the temporary git global config as a safe directory
2025-08-18T23:28:45.0603729Z [command]/usr/bin/git config --global --add safe.directory /home/runner/work/AWA-App/AWA-App
2025-08-18T23:28:45.0640956Z Deleting the contents of '/home/runner/work/AWA-App/AWA-App'
2025-08-18T23:28:45.0645134Z ##[group]Initializing the repository
2025-08-18T23:28:45.0649724Z [command]/usr/bin/git init /home/runner/work/AWA-App/AWA-App
2025-08-18T23:28:45.0726475Z hint: Using 'master' as the name for the initial branch. This default branch name
2025-08-18T23:28:45.0727650Z hint: is subject to change. To configure the initial branch name to use in all
2025-08-18T23:28:45.0728481Z hint: of your new repositories, which will suppress this warning, call:
2025-08-18T23:28:45.0729045Z hint:
2025-08-18T23:28:45.0729492Z hint: 	git config --global init.defaultBranch <name>
2025-08-18T23:28:45.0729954Z hint:
2025-08-18T23:28:45.0730423Z hint: Names commonly chosen instead of 'master' are 'main', 'trunk' and
2025-08-18T23:28:45.0731208Z hint: 'development'. The just-created branch can be renamed via this command:
2025-08-18T23:28:45.0731613Z hint:
2025-08-18T23:28:45.0731796Z hint: 	git branch -m <name>
2025-08-18T23:28:45.0732070Z hint:
2025-08-18T23:28:45.0733090Z hint: Disable this message with "git config set advice.defaultBranchName false"
2025-08-18T23:28:45.0733817Z Initialized empty Git repository in /home/runner/work/AWA-App/AWA-App/.git/
2025-08-18T23:28:45.0744100Z [command]/usr/bin/git remote add origin https://github.com/AlexBomber12/AWA-App
2025-08-18T23:28:45.0777519Z ##[endgroup]
2025-08-18T23:28:45.0778035Z ##[group]Disabling automatic garbage collection
2025-08-18T23:28:45.0783028Z [command]/usr/bin/git config --local gc.auto 0
2025-08-18T23:28:45.0811814Z ##[endgroup]
2025-08-18T23:28:45.0812584Z ##[group]Setting up auth
2025-08-18T23:28:45.0819682Z [command]/usr/bin/git config --local --name-only --get-regexp core\.sshCommand
2025-08-18T23:28:45.0849833Z [command]/usr/bin/git submodule foreach --recursive sh -c "git config --local --name-only --get-regexp 'core\.sshCommand' && git config --local --unset-all 'core.sshCommand' || :"
2025-08-18T23:28:45.1139826Z [command]/usr/bin/git config --local --name-only --get-regexp http\.https\:\/\/github\.com\/\.extraheader
2025-08-18T23:28:45.1169987Z [command]/usr/bin/git submodule foreach --recursive sh -c "git config --local --name-only --get-regexp 'http\.https\:\/\/github\.com\/\.extraheader' && git config --local --unset-all 'http.https://github.com/.extraheader' || :"
2025-08-18T23:28:45.1394222Z [command]/usr/bin/git config --local http.https://github.com/.extraheader AUTHORIZATION: basic ***
2025-08-18T23:28:45.1438307Z ##[endgroup]
2025-08-18T23:28:45.1438992Z ##[group]Fetching the repository
2025-08-18T23:28:45.1447792Z [command]/usr/bin/git -c protocol.version=2 fetch --prune --no-recurse-submodules origin +refs/heads/*:refs/remotes/origin/* +refs/tags/*:refs/tags/*
2025-08-18T23:28:46.6024581Z From https://github.com/AlexBomber12/AWA-App
2025-08-18T23:28:46.6025810Z  * [new branch]        codex/analyze-ci-logs-and-implement-targeted-fixes -> origin/codex/analyze-ci-logs-and-implement-targeted-fixes
2025-08-18T23:28:46.6027396Z  * [new branch]        codex/fix-ci-workflow-failures-from-logs -> origin/codex/fix-ci-workflow-failures-from-logs
2025-08-18T23:28:46.6028697Z  * [new branch]        codex/fix-ci-workflows-based-on-logs -> origin/codex/fix-ci-workflows-based-on-logs
2025-08-18T23:28:46.6030030Z  * [new branch]        codex/fix-ci-workflows-based-on-logs-nflit3 -> origin/codex/fix-ci-workflows-based-on-logs-nflit3
2025-08-18T23:28:46.6031372Z  * [new branch]        codex/fix-ci-workflows-to-pass -> origin/codex/fix-ci-workflows-to-pass
2025-08-18T23:28:46.6032889Z  * [new branch]        codex/fix-ci-workflows-to-pass-q5lnht -> origin/codex/fix-ci-workflows-to-pass-q5lnht
2025-08-18T23:28:46.6034914Z  * [new branch]        codex/fix-ci-workflows-until-all-pass -> origin/codex/fix-ci-workflows-until-all-pass
2025-08-18T23:28:46.6037129Z  * [new branch]        codex/implement-ci-workflow-fixes-based-on-logs -> origin/codex/implement-ci-workflow-fixes-based-on-logs
2025-08-18T23:28:46.6038739Z  * [new branch]        gh-pages   -> origin/gh-pages
2025-08-18T23:28:46.6041322Z  * [new branch]        main       -> origin/main
2025-08-18T23:28:46.6042521Z  * [new tag]           0.3.0      -> 0.3.0
2025-08-18T23:28:46.6079632Z [command]/usr/bin/git branch --list --remote origin/main
2025-08-18T23:28:46.6103020Z   origin/main
2025-08-18T23:28:46.6111949Z [command]/usr/bin/git rev-parse refs/remotes/origin/main
2025-08-18T23:28:46.6131621Z 17954d8d16a99f619edb7e49f65ab7f94d19a7da
2025-08-18T23:28:46.6136790Z ##[endgroup]
2025-08-18T23:28:46.6137334Z ##[group]Determining the checkout info
2025-08-18T23:28:46.6137940Z ##[endgroup]
2025-08-18T23:28:46.6142684Z [command]/usr/bin/git sparse-checkout disable
2025-08-18T23:28:46.6179658Z [command]/usr/bin/git config --local --unset-all extensions.worktreeConfig
2025-08-18T23:28:46.6203834Z ##[group]Checking out the ref
2025-08-18T23:28:46.6209135Z [command]/usr/bin/git checkout --progress --force -B main refs/remotes/origin/main
2025-08-18T23:28:46.6551788Z Switched to a new branch 'main'
2025-08-18T23:28:46.6554483Z branch 'main' set up to track 'origin/main'.
2025-08-18T23:28:46.6563277Z ##[endgroup]
2025-08-18T23:28:46.6602786Z [command]/usr/bin/git log -1 --format=%H
2025-08-18T23:28:46.6627802Z 17954d8d16a99f619edb7e49f65ab7f94d19a7da
2025-08-18T23:28:46.6784080Z ##[group]Run cat .env.ci >> "$GITHUB_ENV"
2025-08-18T23:28:46.6784435Z [36;1mcat .env.ci >> "$GITHUB_ENV"[0m
2025-08-18T23:28:46.6785226Z [36;1mecho "DATABASE_URL=***localhost:5432/awa" >> "$GITHUB_ENV"[0m
2025-08-18T23:28:46.6785585Z [36;1mecho "PG_HOST=localhost" >> "$GITHUB_ENV"[0m
2025-08-18T23:28:46.6785868Z [36;1mecho "PG_PORT=5432" >> "$GITHUB_ENV"[0m
2025-08-18T23:28:46.6786151Z [36;1mecho "PG_USER=postgres" >> "$GITHUB_ENV"[0m
2025-08-18T23:28:46.6786445Z [36;1mecho "PG_PASSWORD=pass" >> "$GITHUB_ENV"[0m
2025-08-18T23:28:46.6786716Z [36;1mecho "PG_DATABASE=awa" >> "$GITHUB_ENV"[0m
2025-08-18T23:28:46.6832510Z shell: /usr/bin/bash -e {0}
2025-08-18T23:28:46.6832792Z ##[endgroup]
2025-08-18T23:28:46.7009161Z ##[group]Run actions/setup-python@v5
2025-08-18T23:28:46.7009418Z with:
2025-08-18T23:28:46.7009591Z   python-version: 3.11
2025-08-18T23:28:46.7009775Z   cache: pip
2025-08-18T23:28:46.7009989Z   cache-dependency-path: requirements-dev.txt

2025-08-18T23:28:46.7010255Z   check-latest: false
2025-08-18T23:28:46.7010561Z   token: ***
2025-08-18T23:28:46.7010748Z   update-environment: true
2025-08-18T23:28:46.7010977Z   allow-prereleases: false
2025-08-18T23:28:46.7011188Z   freethreaded: false
2025-08-18T23:28:46.7011362Z env:
2025-08-18T23:28:46.7011520Z   PG_USER: postgres
2025-08-18T23:28:46.7011697Z   PG_PASSWORD: pass
2025-08-18T23:28:46.7011872Z   PG_DATABASE: awa
2025-08-18T23:28:46.7012037Z   PG_HOST: localhost
2025-08-18T23:28:46.7012213Z   PG_PORT: 5432
2025-08-18T23:28:46.7012853Z   PG_SYNC_DSN: ***localhost:5432/awa
2025-08-18T23:28:46.7013256Z   PG_ASYNC_DSN: ***localhost:5432/awa
2025-08-18T23:28:46.7013656Z   DATABASE_URL: ***localhost:5432/awa
2025-08-18T23:28:46.7013919Z   DATA_DIR: /tmp/awa-data
2025-08-18T23:28:46.7014107Z   ENABLE_LIVE: 0
2025-08-18T23:28:46.7014275Z   TESTING: 1
2025-08-18T23:28:46.7014430Z ##[endgroup]
2025-08-18T23:28:46.8648817Z ##[group]Installed versions
2025-08-18T23:28:46.8712108Z Successfully set up CPython (3.11.13)
2025-08-18T23:28:46.8713003Z ##[endgroup]
2025-08-18T23:28:46.9020753Z [command]/opt/hostedtoolcache/Python/3.11.13/x64/bin/pip cache dir
2025-08-18T23:28:47.2026176Z /home/runner/.cache/pip
2025-08-18T23:28:47.3256341Z Cache hit for: setup-python-Linux-x64-24.04-Ubuntu-python-3.11.13-pip-5e718741e550cec7917fae13efe91a31293d04a98c3c0932315e8f58598cbd2c
2025-08-18T23:28:48.3650620Z Received 247463936 of 252792236 (97.9%), 235.8 MBs/sec
2025-08-18T23:28:48.5123067Z Received 252792236 of 252792236 (100.0%), 209.8 MBs/sec
2025-08-18T23:28:48.5123704Z Cache Size: ~241 MB (252792236 B)
2025-08-18T23:28:48.5153314Z [command]/usr/bin/tar -xf /home/runner/work/_temp/905a779d-9724-4e4f-888f-fe2b1c08ca9a/cache.tzst -P -C /home/runner/work/AWA-App/AWA-App --use-compress-program unzstd
2025-08-18T23:28:48.9285075Z Cache restored successfully
2025-08-18T23:28:48.9766646Z Cache restored from key: setup-python-Linux-x64-24.04-Ubuntu-python-3.11.13-pip-5e718741e550cec7917fae13efe91a31293d04a98c3c0932315e8f58598cbd2c
2025-08-18T23:28:49.0541872Z ##[group]Run actions/cache@v4
2025-08-18T23:28:49.0542140Z with:
2025-08-18T23:28:49.0542592Z   path: ~/.cache/pip
.pytest_cache
~/.ruff_cache

2025-08-18T23:28:49.0543244Z   key: Linux-int-5e718741e550cec7917fae13efe91a31293d04a98c3c0932315e8f58598cbd2c
2025-08-18T23:28:49.0543655Z   restore-keys: Linux-int-
2025-08-18T23:28:49.0543875Z   enableCrossOsArchive: false
2025-08-18T23:28:49.0544108Z   fail-on-cache-miss: false
2025-08-18T23:28:49.0544326Z   lookup-only: false
2025-08-18T23:28:49.0544510Z   save-always: false
2025-08-18T23:28:49.0544685Z env:
2025-08-18T23:28:49.0544851Z   PG_USER: postgres
2025-08-18T23:28:49.0545032Z   PG_PASSWORD: pass
2025-08-18T23:28:49.0545217Z   PG_DATABASE: awa
2025-08-18T23:28:49.0545398Z   PG_HOST: localhost
2025-08-18T23:28:49.0545577Z   PG_PORT: 5432
2025-08-18T23:28:49.0546243Z   PG_SYNC_DSN: ***localhost:5432/awa
2025-08-18T23:28:49.0546737Z   PG_ASYNC_DSN: ***localhost:5432/awa
2025-08-18T23:28:49.0547184Z   DATABASE_URL: ***localhost:5432/awa
2025-08-18T23:28:49.0547415Z   DATA_DIR: /tmp/awa-data
2025-08-18T23:28:49.0547620Z   ENABLE_LIVE: 0
2025-08-18T23:28:49.0547797Z   TESTING: 1
2025-08-18T23:28:49.0548046Z   pythonLocation: /opt/hostedtoolcache/Python/3.11.13/x64
2025-08-18T23:28:49.0548448Z   PKG_CONFIG_PATH: /opt/hostedtoolcache/Python/3.11.13/x64/lib/pkgconfig
2025-08-18T23:28:49.0548840Z   Python_ROOT_DIR: /opt/hostedtoolcache/Python/3.11.13/x64
2025-08-18T23:28:49.0549231Z   Python2_ROOT_DIR: /opt/hostedtoolcache/Python/3.11.13/x64
2025-08-18T23:28:49.0549569Z   Python3_ROOT_DIR: /opt/hostedtoolcache/Python/3.11.13/x64
2025-08-18T23:28:49.0550099Z   LD_LIBRARY_PATH: /opt/hostedtoolcache/Python/3.11.13/x64/lib
2025-08-18T23:28:49.0550402Z ##[endgroup]
2025-08-18T23:28:49.3022978Z Cache hit for: Linux-int-5e718741e550cec7917fae13efe91a31293d04a98c3c0932315e8f58598cbd2c
2025-08-18T23:28:50.4327487Z Received 252795134 of 252795134 (100.0%), 224.3 MBs/sec
2025-08-18T23:28:50.4330560Z Cache Size: ~241 MB (252795134 B)
2025-08-18T23:28:50.4370752Z [command]/usr/bin/tar -xf /home/runner/work/_temp/1518c92f-2ddb-437a-86dc-05b5742dfe64/cache.tzst -P -C /home/runner/work/AWA-App/AWA-App --use-compress-program unzstd
2025-08-18T23:28:50.9092957Z Cache restored successfully
2025-08-18T23:28:50.9809278Z Cache restored from key: Linux-int-5e718741e550cec7917fae13efe91a31293d04a98c3c0932315e8f58598cbd2c
2025-08-18T23:28:50.9937122Z ##[group]Run pip install -r requirements-dev.txt
2025-08-18T23:28:50.9937589Z [36;1mpip install -r requirements-dev.txt[0m
2025-08-18T23:28:50.9937901Z [36;1mpip install keepa==1.3.15 minio==7.1.15[0m
2025-08-18T23:28:50.9981664Z shell: /usr/bin/bash -e {0}
2025-08-18T23:28:50.9981901Z env:
2025-08-18T23:28:50.9982081Z   PG_USER: postgres
2025-08-18T23:28:50.9982433Z   PG_PASSWORD: pass
2025-08-18T23:28:50.9982645Z   PG_DATABASE: awa
2025-08-18T23:28:50.9982845Z   PG_HOST: localhost
2025-08-18T23:28:50.9983047Z   PG_PORT: 5432
2025-08-18T23:28:50.9983512Z   PG_SYNC_DSN: ***localhost:5432/awa
2025-08-18T23:28:50.9983934Z   PG_ASYNC_DSN: ***localhost:5432/awa
2025-08-18T23:28:50.9984332Z   DATABASE_URL: ***localhost:5432/awa
2025-08-18T23:28:50.9984585Z   DATA_DIR: /tmp/awa-data
2025-08-18T23:28:50.9984812Z   ENABLE_LIVE: 0
2025-08-18T23:28:50.9984988Z   TESTING: 1
2025-08-18T23:28:50.9985234Z   pythonLocation: /opt/hostedtoolcache/Python/3.11.13/x64
2025-08-18T23:28:50.9985667Z   PKG_CONFIG_PATH: /opt/hostedtoolcache/Python/3.11.13/x64/lib/pkgconfig
2025-08-18T23:28:50.9986082Z   Python_ROOT_DIR: /opt/hostedtoolcache/Python/3.11.13/x64
2025-08-18T23:28:50.9986448Z   Python2_ROOT_DIR: /opt/hostedtoolcache/Python/3.11.13/x64
2025-08-18T23:28:50.9986808Z   Python3_ROOT_DIR: /opt/hostedtoolcache/Python/3.11.13/x64
2025-08-18T23:28:50.9987173Z   LD_LIBRARY_PATH: /opt/hostedtoolcache/Python/3.11.13/x64/lib
2025-08-18T23:28:50.9987473Z ##[endgroup]
2025-08-18T23:28:51.6350786Z Collecting Jinja2==3.1.6 (from -r requirements-dev.txt (line 2))
2025-08-18T23:28:51.6369896Z   Using cached jinja2-3.1.6-py3-none-any.whl.metadata (2.9 kB)
2025-08-18T23:28:51.6614821Z Collecting alembic==1.13.1 (from -r requirements-dev.txt (line 3))
2025-08-18T23:28:51.6629807Z   Using cached alembic-1.13.1-py3-none-any.whl.metadata (7.4 kB)
2025-08-18T23:28:51.6820360Z Collecting apscheduler==3.10.4 (from -r requirements-dev.txt (line 4))
2025-08-18T23:28:51.6835050Z   Using cached APScheduler-3.10.4-py3-none-any.whl.metadata (5.7 kB)
2025-08-18T23:28:51.7011668Z Collecting asgi-correlation-id==4.3.1 (from -r requirements-dev.txt (line 5))
2025-08-18T23:28:51.7026432Z   Using cached asgi_correlation_id-4.3.1-py3-none-any.whl.metadata (28 kB)
2025-08-18T23:28:51.7540426Z Collecting asyncpg==0.30.0 (from -r requirements-dev.txt (line 6))
2025-08-18T23:28:51.7555824Z   Using cached asyncpg-0.30.0-cp311-cp311-manylinux_2_17_x86_64.manylinux2014_x86_64.whl.metadata (5.0 kB)
2025-08-18T23:28:51.8011164Z Collecting black==25.1.0 (from -r requirements-dev.txt (line 7))
2025-08-18T23:28:51.8027133Z   Using cached black-25.1.0-cp311-cp311-manylinux_2_17_x86_64.manylinux2014_x86_64.manylinux_2_28_x86_64.whl.metadata (81 kB)
2025-08-18T23:28:52.1431976Z Collecting boto3 (from -r requirements-dev.txt (line 8))
2025-08-18T23:28:52.1895985Z   Downloading boto3-1.40.12-py3-none-any.whl.metadata (6.7 kB)
2025-08-18T23:28:52.2223476Z Collecting redis==5.* (from -r requirements-dev.txt (line 9))
2025-08-18T23:28:52.2237157Z   Using cached redis-5.3.1-py3-none-any.whl.metadata (9.2 kB)
2025-08-18T23:28:52.2558710Z Collecting minio==7.* (from -r requirements-dev.txt (line 10))
2025-08-18T23:28:52.2572621Z   Using cached minio-7.2.16-py3-none-any.whl.metadata (6.5 kB)
2025-08-18T23:28:52.2878648Z Collecting celery==5.4.0 (from -r requirements-dev.txt (line 11))
2025-08-18T23:28:52.2892040Z   Using cached celery-5.4.0-py3-none-any.whl.metadata (21 kB)
2025-08-18T23:28:52.3457401Z Collecting fastapi==0.116.1 (from -r requirements-dev.txt (line 12))
2025-08-18T23:28:52.3470603Z   Using cached fastapi-0.116.1-py3-none-any.whl.metadata (28 kB)
2025-08-18T23:28:52.3654802Z Collecting fastapi-limiter==0.1.6 (from -r requirements-dev.txt (line 14))
2025-08-18T23:28:52.3668380Z   Using cached fastapi_limiter-0.1.6-py3-none-any.whl.metadata (5.3 kB)
2025-08-18T23:28:52.3883634Z Collecting httpx<0.29,>=0.27 (from -r requirements-dev.txt (line 15))
2025-08-18T23:28:52.3897003Z   Using cached httpx-0.28.1-py3-none-any.whl.metadata (7.1 kB)
2025-08-18T23:28:52.4044889Z Collecting imapclient==3.0.1 (from -r requirements-dev.txt (line 16))
2025-08-18T23:28:52.4057939Z   Using cached IMAPClient-3.0.1-py2.py3-none-any.whl.metadata (1.7 kB)
2025-08-18T23:28:52.4190858Z Collecting itsdangerous (from -r requirements-dev.txt (line 17))
2025-08-18T23:28:52.4205258Z   Using cached itsdangerous-2.2.0-py3-none-any.whl.metadata (1.9 kB)
2025-08-18T23:28:52.5313127Z Collecting mypy==1.* (from -r requirements-dev.txt (line 18))
2025-08-18T23:28:52.5329247Z   Using cached mypy-1.17.1-cp311-cp311-manylinux2014_x86_64.manylinux_2_17_x86_64.manylinux_2_28_x86_64.whl.metadata (2.2 kB)
2025-08-18T23:28:52.5457702Z Collecting mypy-extensions==1.1.0 (from -r requirements-dev.txt (line 19))
2025-08-18T23:28:52.5471200Z   Using cached mypy_extensions-1.1.0-py3-none-any.whl.metadata (1.1 kB)
2025-08-18T23:28:52.7054076Z Collecting numpy<2 (from -r requirements-dev.txt (line 20))
2025-08-18T23:28:52.7069940Z   Using cached numpy-1.26.4-cp311-cp311-manylinux_2_17_x86_64.manylinux2014_x86_64.whl.metadata (61 kB)
2025-08-18T23:28:52.7343939Z Collecting openpyxl==3.1.5 (from -r requirements-dev.txt (line 21))
2025-08-18T23:28:52.7357958Z   Using cached openpyxl-3.1.5-py2.py3-none-any.whl.metadata (2.5 kB)
2025-08-18T23:28:52.8386864Z Collecting pandas==2.2.* (from -r requirements-dev.txt (line 22))
2025-08-18T23:28:52.8401859Z   Using cached pandas-2.2.3-cp311-cp311-manylinux_2_17_x86_64.manylinux2014_x86_64.whl.metadata (89 kB)
2025-08-18T23:28:52.9291186Z Collecting psycopg2-binary==2.9.9 (from -r requirements-dev.txt (line 23))
2025-08-18T23:28:52.9306267Z   Using cached psycopg2_binary-2.9.9-cp311-cp311-manylinux_2_17_x86_64.manylinux2014_x86_64.whl.metadata (4.4 kB)
2025-08-18T23:28:52.9480945Z Collecting psycopg==3.2.9 (from psycopg[binary]==3.2.9->-r requirements-dev.txt (line 24))
2025-08-18T23:28:52.9495525Z   Using cached psycopg-3.2.9-py3-none-any.whl.metadata (4.5 kB)
2025-08-18T23:28:53.0817347Z Collecting pydantic==2.11.7 (from -r requirements-dev.txt (line 25))
2025-08-18T23:28:53.0833128Z   Using cached pydantic-2.11.7-py3-none-any.whl.metadata (67 kB)
2025-08-18T23:28:53.0872131Z Requirement already satisfied: setuptools in /opt/hostedtoolcache/Python/3.11.13/x64/lib/python3.11/site-packages (from -r requirements-dev.txt (line 26)) (65.5.0)
2025-08-18T23:28:53.1063075Z Collecting pytest-asyncio==0.23.6 (from -r requirements-dev.txt (line 27))
2025-08-18T23:28:53.1077452Z   Using cached pytest_asyncio-0.23.6-py3-none-any.whl.metadata (3.9 kB)
2025-08-18T23:28:53.1246862Z Collecting pytest-cov==6.2.1 (from -r requirements-dev.txt (line 28))
2025-08-18T23:28:53.1261002Z   Using cached pytest_cov-6.2.1-py3-none-any.whl.metadata (30 kB)
2025-08-18T23:28:53.1453899Z Collecting pytest-postgresql==7.0.2 (from -r requirements-dev.txt (line 29))
2025-08-18T23:28:53.1467827Z   Using cached pytest_postgresql-7.0.2-py3-none-any.whl.metadata (18 kB)
2025-08-18T23:28:53.1679113Z Collecting python-dotenv (from -r requirements-dev.txt (line 30))
2025-08-18T23:28:53.1693531Z   Using cached python_dotenv-1.1.1-py3-none-any.whl.metadata (24 kB)
2025-08-18T23:28:53.1852541Z Collecting python-multipart (from -r requirements-dev.txt (line 31))
2025-08-18T23:28:53.1866467Z   Using cached python_multipart-0.0.20-py3-none-any.whl.metadata (1.8 kB)
2025-08-18T23:28:53.2177536Z Collecting python-telegram-bot==22.2 (from -r requirements-dev.txt (line 32))
2025-08-18T23:28:53.2191565Z   Using cached python_telegram_bot-22.2-py3-none-any.whl.metadata (17 kB)
2025-08-18T23:28:53.2543652Z Collecting requests==2.32.4 (from -r requirements-dev.txt (line 33))
2025-08-18T23:28:53.2558655Z   Using cached requests-2.32.4-py3-none-any.whl.metadata (4.9 kB)
2025-08-18T23:28:53.2743655Z Collecting respx==0.22.0 (from -r requirements-dev.txt (line 34))
2025-08-18T23:28:53.2758053Z   Using cached respx-0.22.0-py2.py3-none-any.whl.metadata (4.1 kB)
2025-08-18T23:28:53.6267256Z Collecting ruff==0.4.4 (from -r requirements-dev.txt (line 35))
2025-08-18T23:28:53.6284369Z   Using cached ruff-0.4.4-py3-none-manylinux_2_17_x86_64.manylinux2014_x86_64.whl.metadata (23 kB)
2025-08-18T23:28:53.8787089Z Collecting sqlalchemy==2.0.29 (from -r requirements-dev.txt (line 36))
2025-08-18T23:28:53.8804331Z   Using cached SQLAlchemy-2.0.29-cp311-cp311-manylinux_2_17_x86_64.manylinux2014_x86_64.whl.metadata (9.6 kB)
2025-08-18T23:28:53.9035865Z Collecting structlog==24.1.0 (from -r requirements-dev.txt (line 37))
2025-08-18T23:28:53.9050556Z   Using cached structlog-24.1.0-py3-none-any.whl.metadata (6.9 kB)
2025-08-18T23:28:53.9264736Z Collecting testcontainers==4.10.0 (from testcontainers[postgres]==4.10.0->-r requirements-dev.txt (line 38))
2025-08-18T23:28:53.9279446Z   Using cached testcontainers-4.10.0-py3-none-any.whl.metadata (7.8 kB)
2025-08-18T23:28:53.9645468Z Collecting types-requests==2.32.0.20240602 (from -r requirements-dev.txt (line 39))
2025-08-18T23:28:53.9669281Z   Using cached types_requests-2.32.0.20240602-py3-none-any.whl.metadata (1.8 kB)
2025-08-18T23:28:53.9811544Z Collecting docspec-python==2.2.2 (from -r requirements-dev.txt (line 40))
2025-08-18T23:28:53.9825344Z   Using cached docspec_python-2.2.2-py3-none-any.whl.metadata (1.0 kB)
2025-08-18T23:28:54.0001255Z Collecting pydoc-markdown==4.8.2 (from -r requirements-dev.txt (line 41))
2025-08-18T23:28:54.0014914Z   Using cached pydoc_markdown-4.8.2-py3-none-any.whl.metadata (5.9 kB)
2025-08-18T23:28:54.0330811Z Collecting pandera==0.19.* (from -r requirements-dev.txt (line 42))
2025-08-18T23:28:54.0345614Z   Using cached pandera-0.19.3-py3-none-any.whl.metadata (15 kB)
2025-08-18T23:28:54.1370654Z Collecting MarkupSafe>=2.0 (from Jinja2==3.1.6->-r requirements-dev.txt (line 2))
2025-08-18T23:28:54.1386198Z   Using cached MarkupSafe-3.0.2-cp311-cp311-manylinux_2_17_x86_64.manylinux2014_x86_64.whl.metadata (4.0 kB)
2025-08-18T23:28:54.1704564Z Collecting Mako (from alembic==1.13.1->-r requirements-dev.txt (line 3))
2025-08-18T23:28:54.1718675Z   Using cached mako-1.3.10-py3-none-any.whl.metadata (2.9 kB)
2025-08-18T23:28:54.2081216Z Collecting typing-extensions>=4 (from alembic==1.13.1->-r requirements-dev.txt (line 3))
2025-08-18T23:28:54.2094879Z   Using cached typing_extensions-4.14.1-py3-none-any.whl.metadata (3.0 kB)
2025-08-18T23:28:54.2255995Z Collecting six>=1.4.0 (from apscheduler==3.10.4->-r requirements-dev.txt (line 4))
2025-08-18T23:28:54.2269762Z   Using cached six-1.17.0-py2.py3-none-any.whl.metadata (1.7 kB)
2025-08-18T23:28:54.2638363Z Collecting pytz (from apscheduler==3.10.4->-r requirements-dev.txt (line 4))
2025-08-18T23:28:54.2660214Z   Using cached pytz-2025.2-py2.py3-none-any.whl.metadata (22 kB)
2025-08-18T23:28:54.2855450Z Collecting tzlocal!=3.*,>=2.0 (from apscheduler==3.10.4->-r requirements-dev.txt (line 4))
2025-08-18T23:28:54.2869256Z   Using cached tzlocal-5.3.1-py3-none-any.whl.metadata (7.6 kB)
2025-08-18T23:28:54.3187524Z Collecting starlette>=0.18 (from asgi-correlation-id==4.3.1->-r requirements-dev.txt (line 5))
2025-08-18T23:28:54.3201557Z   Using cached starlette-0.47.2-py3-none-any.whl.metadata (6.2 kB)
2025-08-18T23:28:54.3416199Z Collecting click>=8.0.0 (from black==25.1.0->-r requirements-dev.txt (line 7))
2025-08-18T23:28:54.3429640Z   Using cached click-8.2.1-py3-none-any.whl.metadata (2.5 kB)
2025-08-18T23:28:54.3608885Z Collecting packaging>=22.0 (from black==25.1.0->-r requirements-dev.txt (line 7))
2025-08-18T23:28:54.3621997Z   Using cached packaging-25.0-py3-none-any.whl.metadata (3.3 kB)
2025-08-18T23:28:54.3770691Z Collecting pathspec>=0.9.0 (from black==25.1.0->-r requirements-dev.txt (line 7))
2025-08-18T23:28:54.3784104Z   Using cached pathspec-0.12.1-py3-none-any.whl.metadata (21 kB)
2025-08-18T23:28:54.3989144Z Collecting platformdirs>=2 (from black==25.1.0->-r requirements-dev.txt (line 7))
2025-08-18T23:28:54.4002815Z   Using cached platformdirs-4.3.8-py3-none-any.whl.metadata (12 kB)
2025-08-18T23:28:54.4236406Z Collecting billiard<5.0,>=4.2.0 (from celery==5.4.0->-r requirements-dev.txt (line 11))
2025-08-18T23:28:54.4250198Z   Using cached billiard-4.2.1-py3-none-any.whl.metadata (4.4 kB)
2025-08-18T23:28:54.4537136Z Collecting kombu<6.0,>=5.3.4 (from celery==5.4.0->-r requirements-dev.txt (line 11))
2025-08-18T23:28:54.4550370Z   Using cached kombu-5.5.4-py3-none-any.whl.metadata (3.5 kB)
2025-08-18T23:28:54.4735883Z Collecting vine<6.0,>=5.1.0 (from celery==5.4.0->-r requirements-dev.txt (line 11))
2025-08-18T23:28:54.4749671Z   Using cached vine-5.1.0-py3-none-any.whl.metadata (2.7 kB)
2025-08-18T23:28:54.4904404Z Collecting click-didyoumean>=0.3.0 (from celery==5.4.0->-r requirements-dev.txt (line 11))
2025-08-18T23:28:54.4918512Z   Using cached click_didyoumean-0.3.1-py3-none-any.whl.metadata (3.9 kB)
2025-08-18T23:28:54.5042164Z Collecting click-repl>=0.2.0 (from celery==5.4.0->-r requirements-dev.txt (line 11))
2025-08-18T23:28:54.5055826Z   Using cached click_repl-0.3.0-py3-none-any.whl.metadata (3.6 kB)
2025-08-18T23:28:54.5188899Z Collecting click-plugins>=1.1.1 (from celery==5.4.0->-r requirements-dev.txt (line 11))
2025-08-18T23:28:54.5202209Z   Using cached click_plugins-1.1.1.2-py2.py3-none-any.whl.metadata (6.5 kB)
2025-08-18T23:28:54.5362580Z Collecting tzdata>=2022.7 (from celery==5.4.0->-r requirements-dev.txt (line 11))
2025-08-18T23:28:54.5376052Z   Using cached tzdata-2025.2-py2.py3-none-any.whl.metadata (1.4 kB)
2025-08-18T23:28:54.5516622Z Collecting python-dateutil>=2.8.2 (from celery==5.4.0->-r requirements-dev.txt (line 11))
2025-08-18T23:28:54.5529989Z   Using cached python_dateutil-2.9.0.post0-py2.py3-none-any.whl.metadata (8.4 kB)
2025-08-18T23:28:54.6026937Z Collecting annotated-types>=0.6.0 (from pydantic==2.11.7->-r requirements-dev.txt (line 25))
2025-08-18T23:28:54.6040238Z   Using cached annotated_types-0.7.0-py3-none-any.whl.metadata (15 kB)
2025-08-18T23:28:55.2478510Z Collecting pydantic-core==2.33.2 (from pydantic==2.11.7->-r requirements-dev.txt (line 25))
2025-08-18T23:28:55.2494485Z   Using cached pydantic_core-2.33.2-cp311-cp311-manylinux_2_17_x86_64.manylinux2014_x86_64.whl.metadata (6.8 kB)
2025-08-18T23:28:55.2659214Z Collecting typing-inspection>=0.4.0 (from pydantic==2.11.7->-r requirements-dev.txt (line 25))
2025-08-18T23:28:55.2672973Z   Using cached typing_inspection-0.4.1-py3-none-any.whl.metadata (2.6 kB)
2025-08-18T23:28:55.2957246Z Collecting et-xmlfile (from openpyxl==3.1.5->-r requirements-dev.txt (line 21))
2025-08-18T23:28:55.2970794Z   Using cached et_xmlfile-2.0.0-py3-none-any.whl.metadata (2.7 kB)
2025-08-18T23:28:55.3388193Z Collecting pytest<9,>=7.0.0 (from pytest-asyncio==0.23.6->-r requirements-dev.txt (line 27))
2025-08-18T23:28:55.3402136Z   Using cached pytest-8.4.1-py3-none-any.whl.metadata (7.7 kB)
2025-08-18T23:28:55.7090789Z Collecting coverage>=7.5 (from coverage[toml]>=7.5->pytest-cov==6.2.1->-r requirements-dev.txt (line 28))
2025-08-18T23:28:55.7108013Z   Using cached coverage-7.10.4-cp311-cp311-manylinux1_x86_64.manylinux_2_28_x86_64.manylinux_2_5_x86_64.whl.metadata (8.9 kB)
2025-08-18T23:28:55.7267235Z Collecting pluggy>=1.2 (from pytest-cov==6.2.1->-r requirements-dev.txt (line 28))
2025-08-18T23:28:55.7281658Z   Using cached pluggy-1.6.0-py3-none-any.whl.metadata (4.8 kB)
2025-08-18T23:28:55.7548940Z Collecting port-for>=0.7.3 (from pytest-postgresql==7.0.2->-r requirements-dev.txt (line 29))
2025-08-18T23:28:55.7562914Z   Using cached port_for-0.7.4-py3-none-any.whl.metadata (7.1 kB)
2025-08-18T23:28:55.7724440Z Collecting mirakuru>=2.6.0 (from pytest-postgresql==7.0.2->-r requirements-dev.txt (line 29))
2025-08-18T23:28:55.7738307Z   Using cached mirakuru-2.6.1-py3-none-any.whl.metadata (10 kB)
2025-08-18T23:28:55.8555958Z Collecting charset_normalizer<4,>=2 (from requests==2.32.4->-r requirements-dev.txt (line 33))
2025-08-18T23:28:55.8571278Z   Using cached charset_normalizer-3.4.3-cp311-cp311-manylinux2014_x86_64.manylinux_2_17_x86_64.manylinux_2_28_x86_64.whl.metadata (36 kB)
2025-08-18T23:28:55.8756356Z Collecting idna<4,>=2.5 (from requests==2.32.4->-r requirements-dev.txt (line 33))
2025-08-18T23:28:55.8770294Z   Using cached idna-3.10-py3-none-any.whl.metadata (10 kB)
2025-08-18T23:28:55.9053771Z Collecting urllib3<3,>=1.21.1 (from requests==2.32.4->-r requirements-dev.txt (line 33))
2025-08-18T23:28:55.9067348Z   Using cached urllib3-2.5.0-py3-none-any.whl.metadata (6.5 kB)
2025-08-18T23:28:55.9290692Z Collecting certifi>=2017.4.17 (from requests==2.32.4->-r requirements-dev.txt (line 33))
2025-08-18T23:28:55.9304810Z   Using cached certifi-2025.8.3-py3-none-any.whl.metadata (2.4 kB)
2025-08-18T23:28:56.0553449Z Collecting greenlet!=0.4.17 (from sqlalchemy==2.0.29->-r requirements-dev.txt (line 36))
2025-08-18T23:28:56.0568858Z   Using cached greenlet-3.2.4-cp311-cp311-manylinux_2_24_x86_64.manylinux_2_28_x86_64.whl.metadata (4.1 kB)
2025-08-18T23:28:56.0818235Z Collecting docker (from testcontainers==4.10.0->testcontainers[postgres]==4.10.0->-r requirements-dev.txt (line 38))
2025-08-18T23:28:56.0832167Z   Using cached docker-7.1.0-py3-none-any.whl.metadata (3.8 kB)
2025-08-18T23:28:56.1768022Z Collecting wrapt (from testcontainers==4.10.0->testcontainers[postgres]==4.10.0->-r requirements-dev.txt (line 38))
2025-08-18T23:28:56.1785072Z   Using cached wrapt-1.17.3-cp311-cp311-manylinux1_x86_64.manylinux_2_28_x86_64.manylinux_2_5_x86_64.whl.metadata (6.4 kB)
2025-08-18T23:28:56.2072105Z Collecting docspec==2.2.1 (from docspec-python==2.2.2->-r requirements-dev.txt (line 40))
2025-08-18T23:28:56.2086811Z   Using cached docspec-2.2.1-py3-none-any.whl.metadata (1.5 kB)
2025-08-18T23:28:56.2263114Z Collecting nr-util>=0.8.12 (from docspec-python==2.2.2->-r requirements-dev.txt (line 40))
2025-08-18T23:28:56.2277286Z   Using cached nr.util-0.8.12-py3-none-any.whl.metadata (813 bytes)
2025-08-18T23:28:56.2641170Z Collecting PyYAML<7.0,>=5.0 (from pydoc-markdown==4.8.2->-r requirements-dev.txt (line 41))
2025-08-18T23:28:56.2655687Z   Using cached PyYAML-6.0.2-cp311-cp311-manylinux_2_17_x86_64.manylinux2014_x86_64.whl.metadata (2.1 kB)
2025-08-18T23:28:56.2916661Z Collecting databind.core<5.0.0,>=4.4.0 (from pydoc-markdown==4.8.2->-r requirements-dev.txt (line 41))
2025-08-18T23:28:56.2930169Z   Using cached databind.core-4.5.2-py3-none-any.whl.metadata (1.1 kB)
2025-08-18T23:28:56.3143611Z Collecting databind.json<5.0.0,>=4.4.0 (from pydoc-markdown==4.8.2->-r requirements-dev.txt (line 41))
2025-08-18T23:28:56.3157734Z   Using cached databind.json-4.5.2-py3-none-any.whl.metadata (1.1 kB)
2025-08-18T23:28:56.3320202Z Collecting docstring-parser<0.12,>=0.11 (from pydoc-markdown==4.8.2->-r requirements-dev.txt (line 41))
2025-08-18T23:28:56.3321345Z   Using cached docstring_parser-0.11-py3-none-any.whl
2025-08-18T23:28:56.3661920Z Collecting tomli<3.0.0,>=2.0.0 (from pydoc-markdown==4.8.2->-r requirements-dev.txt (line 41))
2025-08-18T23:28:56.3676477Z   Using cached tomli-2.2.1-cp311-cp311-manylinux_2_17_x86_64.manylinux2014_x86_64.whl.metadata (11 kB)
2025-08-18T23:28:56.3811186Z Collecting tomli_w<2.0.0,>=1.0.0 (from pydoc-markdown==4.8.2->-r requirements-dev.txt (line 41))
2025-08-18T23:28:56.3825269Z   Using cached tomli_w-1.2.0-py3-none-any.whl.metadata (5.7 kB)
2025-08-18T23:28:56.4277594Z Collecting watchdog (from pydoc-markdown==4.8.2->-r requirements-dev.txt (line 41))
2025-08-18T23:28:56.4291587Z   Using cached watchdog-6.0.0-py3-none-manylinux2014_x86_64.whl.metadata (44 kB)
2025-08-18T23:28:56.4554944Z Collecting yapf>=0.30.0 (from pydoc-markdown==4.8.2->-r requirements-dev.txt (line 41))
2025-08-18T23:28:56.4568711Z   Using cached yapf-0.43.0-py3-none-any.whl.metadata (46 kB)
2025-08-18T23:28:56.4795015Z Collecting Deprecated<2.0.0,>=1.2.12 (from docspec==2.2.1->docspec-python==2.2.2->-r requirements-dev.txt (line 40))
2025-08-18T23:28:56.4808779Z   Using cached Deprecated-1.2.18-py2.py3-none-any.whl.metadata (5.7 kB)
2025-08-18T23:28:56.6255427Z Collecting psycopg-binary==3.2.9 (from psycopg[binary]==3.2.9->-r requirements-dev.txt (line 24))
2025-08-18T23:28:56.6271384Z   Using cached psycopg_binary-3.2.9-cp311-cp311-manylinux_2_17_x86_64.manylinux2014_x86_64.whl.metadata (2.9 kB)
2025-08-18T23:28:56.6589118Z Collecting PyJWT>=2.9.0 (from redis==5.*->-r requirements-dev.txt (line 9))
2025-08-18T23:28:56.6603459Z   Using cached PyJWT-2.10.1-py3-none-any.whl.metadata (4.0 kB)
2025-08-18T23:28:56.6844259Z Collecting argon2-cffi (from minio==7.*->-r requirements-dev.txt (line 10))
2025-08-18T23:28:56.6858324Z   Using cached argon2_cffi-25.1.0-py3-none-any.whl.metadata (4.1 kB)
2025-08-18T23:28:56.7645545Z Collecting pycryptodome (from minio==7.*->-r requirements-dev.txt (line 10))
2025-08-18T23:28:56.7661037Z   Using cached pycryptodome-3.23.0-cp37-abi3-manylinux_2_17_x86_64.manylinux2014_x86_64.whl.metadata (3.4 kB)
2025-08-18T23:28:56.7885747Z Collecting anyio (from httpx<0.29,>=0.27->-r requirements-dev.txt (line 15))
2025-08-18T23:28:56.7899873Z   Using cached anyio-4.10.0-py3-none-any.whl.metadata (4.0 kB)
2025-08-18T23:28:56.9015497Z Collecting httpcore==1.* (from httpx<0.29,>=0.27->-r requirements-dev.txt (line 15))
2025-08-18T23:28:56.9031942Z   Using cached httpcore-1.0.9-py3-none-any.whl.metadata (21 kB)
2025-08-18T23:28:56.9391901Z Collecting multimethod<=1.10.0 (from pandera==0.19.*->-r requirements-dev.txt (line 42))
2025-08-18T23:28:56.9406267Z   Using cached multimethod-1.10-py3-none-any.whl.metadata (8.2 kB)
2025-08-18T23:28:56.9795009Z Collecting typeguard (from pandera==0.19.*->-r requirements-dev.txt (line 42))
2025-08-18T23:28:56.9808336Z   Using cached typeguard-4.4.4-py3-none-any.whl.metadata (3.3 kB)
2025-08-18T23:28:56.9954509Z Collecting typing-inspect>=0.6.0 (from pandera==0.19.*->-r requirements-dev.txt (line 42))
2025-08-18T23:28:56.9967948Z   Using cached typing_inspect-0.9.0-py3-none-any.whl.metadata (1.5 kB)
2025-08-18T23:28:57.0243434Z Collecting databind<5.0.0,>=4.5.2 (from databind.core<5.0.0,>=4.4.0->pydoc-markdown==4.8.2->-r requirements-dev.txt (line 41))
2025-08-18T23:28:57.0256590Z   Using cached databind-4.5.2-py3-none-any.whl.metadata (4.3 kB)
2025-08-18T23:28:57.0393595Z Collecting nr-date<3.0.0,>=2.0.0 (from databind<5.0.0,>=4.5.2->databind.core<5.0.0,>=4.4.0->pydoc-markdown==4.8.2->-r requirements-dev.txt (line 41))
2025-08-18T23:28:57.0407083Z   Using cached nr_date-2.1.0-py3-none-any.whl.metadata (746 bytes)
2025-08-18T23:28:57.0545034Z Collecting nr-stream<2.0.0,>=1.0.0 (from databind<5.0.0,>=4.5.2->databind.core<5.0.0,>=4.4.0->pydoc-markdown==4.8.2->-r requirements-dev.txt (line 41))
2025-08-18T23:28:57.0558149Z   Using cached nr_stream-1.1.5-py3-none-any.whl.metadata (3.6 kB)
2025-08-18T23:28:57.0731471Z Collecting typeapi<3,>=2.0.1 (from databind<5.0.0,>=4.5.2->databind.core<5.0.0,>=4.4.0->pydoc-markdown==4.8.2->-r requirements-dev.txt (line 41))
2025-08-18T23:28:57.0744711Z   Using cached typeapi-2.2.4-py3-none-any.whl.metadata (1.5 kB)
2025-08-18T23:28:57.1039850Z Collecting h11>=0.16 (from httpcore==1.*->httpx<0.29,>=0.27->-r requirements-dev.txt (line 15))
2025-08-18T23:28:57.1053895Z   Using cached h11-0.16.0-py3-none-any.whl.metadata (8.3 kB)
2025-08-18T23:28:57.1355690Z Collecting amqp<6.0.0,>=5.1.1 (from kombu<6.0,>=5.3.4->celery==5.4.0->-r requirements-dev.txt (line 11))
2025-08-18T23:28:57.1369265Z   Using cached amqp-5.3.1-py3-none-any.whl.metadata (8.9 kB)
2025-08-18T23:28:57.1762433Z Collecting iniconfig>=1 (from pytest<9,>=7.0.0->pytest-asyncio==0.23.6->-r requirements-dev.txt (line 27))
2025-08-18T23:28:57.1776263Z   Using cached iniconfig-2.1.0-py3-none-any.whl.metadata (2.7 kB)
2025-08-18T23:28:57.2004972Z Collecting pygments>=2.7.2 (from pytest<9,>=7.0.0->pytest-asyncio==0.23.6->-r requirements-dev.txt (line 27))
2025-08-18T23:28:57.2018141Z   Using cached pygments-2.19.2-py3-none-any.whl.metadata (2.5 kB)
2025-08-18T23:28:57.2347363Z Collecting sniffio>=1.1 (from anyio->httpx<0.29,>=0.27->-r requirements-dev.txt (line 15))
2025-08-18T23:28:57.2361187Z   Using cached sniffio-1.3.1-py3-none-any.whl.metadata (3.9 kB)
2025-08-18T23:28:57.6347380Z Collecting botocore<1.41.0,>=1.40.12 (from boto3->-r requirements-dev.txt (line 8))
2025-08-18T23:28:57.6432687Z   Downloading botocore-1.40.12-py3-none-any.whl.metadata (5.7 kB)
2025-08-18T23:28:57.6638423Z Collecting jmespath<2.0.0,>=0.7.1 (from boto3->-r requirements-dev.txt (line 8))
2025-08-18T23:28:57.6653126Z   Using cached jmespath-1.0.1-py3-none-any.whl.metadata (7.6 kB)
2025-08-18T23:28:57.6849319Z Collecting s3transfer<0.14.0,>=0.13.0 (from boto3->-r requirements-dev.txt (line 8))
2025-08-18T23:28:57.6863188Z   Using cached s3transfer-0.13.1-py3-none-any.whl.metadata (1.7 kB)
2025-08-18T23:28:57.8230586Z Collecting fastapi-cli>=0.0.8 (from fastapi-cli[standard]>=0.0.8; extra == "all"->fastapi[all]->-r requirements-dev.txt (line 13))
2025-08-18T23:28:57.8245050Z   Using cached fastapi_cli-0.0.8-py3-none-any.whl.metadata (6.3 kB)
2025-08-18T23:28:57.8975838Z Collecting ujson!=4.0.2,!=4.1.0,!=4.2.0,!=4.3.0,!=5.0.0,!=5.1.0,>=4.0.1 (from fastapi[all]->-r requirements-dev.txt (line 13))
2025-08-18T23:28:57.8991209Z   Using cached ujson-5.10.0-cp311-cp311-manylinux_2_17_x86_64.manylinux2014_x86_64.whl.metadata (9.3 kB)
2025-08-18T23:28:58.1271188Z Collecting orjson>=3.2.1 (from fastapi[all]->-r requirements-dev.txt (line 13))
2025-08-18T23:28:58.1288470Z   Using cached orjson-3.11.2-cp311-cp311-manylinux_2_17_x86_64.manylinux2014_x86_64.whl.metadata (1.2 kB)
2025-08-18T23:28:58.1443057Z Collecting email-validator>=2.0.0 (from fastapi[all]->-r requirements-dev.txt (line 13))
2025-08-18T23:28:58.1457351Z   Using cached email_validator-2.2.0-py3-none-any.whl.metadata (25 kB)
2025-08-18T23:28:58.1753363Z Collecting uvicorn>=0.12.0 (from uvicorn[standard]>=0.12.0; extra == "all"->fastapi[all]->-r requirements-dev.txt (line 13))
2025-08-18T23:28:58.1767137Z   Using cached uvicorn-0.35.0-py3-none-any.whl.metadata (6.5 kB)
2025-08-18T23:28:58.1969955Z Collecting pydantic-settings>=2.0.0 (from fastapi[all]->-r requirements-dev.txt (line 13))
2025-08-18T23:28:58.1984305Z   Using cached pydantic_settings-2.10.1-py3-none-any.whl.metadata (3.4 kB)
2025-08-18T23:28:58.2143832Z Collecting pydantic-extra-types>=2.0.0 (from fastapi[all]->-r requirements-dev.txt (line 13))
2025-08-18T23:28:58.2158841Z   Using cached pydantic_extra_types-2.10.5-py3-none-any.whl.metadata (3.9 kB)
2025-08-18T23:28:58.2807785Z Collecting prompt-toolkit>=3.0.36 (from click-repl>=0.2.0->celery==5.4.0->-r requirements-dev.txt (line 11))
2025-08-18T23:28:58.2821535Z   Using cached prompt_toolkit-3.0.51-py3-none-any.whl.metadata (6.4 kB)
2025-08-18T23:28:58.3030905Z Collecting dnspython>=2.0.0 (from email-validator>=2.0.0->fastapi[all]->-r requirements-dev.txt (line 13))
2025-08-18T23:28:58.3045017Z   Using cached dnspython-2.7.0-py3-none-any.whl.metadata (5.8 kB)
2025-08-18T23:28:58.3369926Z Collecting typer>=0.15.1 (from fastapi-cli>=0.0.8->fastapi-cli[standard]>=0.0.8; extra == "all"->fastapi[all]->-r requirements-dev.txt (line 13))
2025-08-18T23:28:58.3450069Z   Downloading typer-0.16.1-py3-none-any.whl.metadata (15 kB)
2025-08-18T23:28:58.3767897Z Collecting rich-toolkit>=0.14.8 (from fastapi-cli>=0.0.8->fastapi-cli[standard]>=0.0.8; extra == "all"->fastapi[all]->-r requirements-dev.txt (line 13))
2025-08-18T23:28:58.3781685Z   Using cached rich_toolkit-0.15.0-py3-none-any.whl.metadata (1.0 kB)
2025-08-18T23:28:58.3934398Z Collecting fastapi-cloud-cli>=0.1.1 (from fastapi-cli[standard]>=0.0.8; extra == "all"->fastapi[all]->-r requirements-dev.txt (line 13))
2025-08-18T23:28:58.3948114Z   Using cached fastapi_cloud_cli-0.1.5-py3-none-any.whl.metadata (3.2 kB)
2025-08-18T23:28:58.4674978Z Collecting rignore>=0.5.1 (from fastapi-cloud-cli>=0.1.1->fastapi-cli[standard]>=0.0.8; extra == "all"->fastapi[all]->-r requirements-dev.txt (line 13))
2025-08-18T23:28:58.4689379Z   Using cached rignore-0.6.4-cp311-cp311-manylinux_2_17_x86_64.manylinux2014_x86_64.whl.metadata (3.8 kB)
2025-08-18T23:28:58.6453947Z Collecting sentry-sdk>=2.20.0 (from fastapi-cloud-cli>=0.1.1->fastapi-cli[standard]>=0.0.8; extra == "all"->fastapi[all]->-r requirements-dev.txt (line 13))
2025-08-18T23:28:58.6469961Z   Using cached sentry_sdk-2.35.0-py2.py3-none-any.whl.metadata (10 kB)
2025-08-18T23:28:58.7371807Z Collecting psutil>=4.0.0 (from mirakuru>=2.6.0->pytest-postgresql==7.0.2->-r requirements-dev.txt (line 29))
2025-08-18T23:28:58.7387116Z   Using cached psutil-7.0.0-cp36-abi3-manylinux_2_12_x86_64.manylinux2010_x86_64.manylinux_2_17_x86_64.manylinux2014_x86_64.whl.metadata (22 kB)
2025-08-18T23:28:58.7726012Z Collecting wcwidth (from prompt-toolkit>=3.0.36->click-repl>=0.2.0->celery==5.4.0->-r requirements-dev.txt (line 11))
2025-08-18T23:28:58.7739050Z   Using cached wcwidth-0.2.13-py2.py3-none-any.whl.metadata (14 kB)
2025-08-18T23:28:58.8679880Z Collecting rich>=13.7.1 (from rich-toolkit>=0.14.8->fastapi-cli>=0.0.8->fastapi-cli[standard]>=0.0.8; extra == "all"->fastapi[all]->-r requirements-dev.txt (line 13))
2025-08-18T23:28:58.8693611Z   Using cached rich-14.1.0-py3-none-any.whl.metadata (18 kB)
2025-08-18T23:28:58.8904194Z Collecting markdown-it-py>=2.2.0 (from rich>=13.7.1->rich-toolkit>=0.14.8->fastapi-cli>=0.0.8->fastapi-cli[standard]>=0.0.8; extra == "all"->fastapi[all]->-r requirements-dev.txt (line 13))
2025-08-18T23:28:58.8917534Z   Using cached markdown_it_py-4.0.0-py3-none-any.whl.metadata (7.3 kB)
2025-08-18T23:28:58.9150210Z Collecting mdurl~=0.1 (from markdown-it-py>=2.2.0->rich>=13.7.1->rich-toolkit>=0.14.8->fastapi-cli>=0.0.8->fastapi-cli[standard]>=0.0.8; extra == "all"->fastapi[all]->-r requirements-dev.txt (line 13))
2025-08-18T23:28:58.9164347Z   Using cached mdurl-0.1.2-py3-none-any.whl.metadata (1.6 kB)
2025-08-18T23:28:58.9626049Z Collecting shellingham>=1.3.0 (from typer>=0.15.1->fastapi-cli>=0.0.8->fastapi-cli[standard]>=0.0.8; extra == "all"->fastapi[all]->-r requirements-dev.txt (line 13))
2025-08-18T23:28:58.9639238Z   Using cached shellingham-1.5.4-py2.py3-none-any.whl.metadata (3.5 kB)
2025-08-18T23:28:59.0364110Z Collecting httptools>=0.6.3 (from uvicorn[standard]>=0.12.0; extra == "all"->fastapi[all]->-r requirements-dev.txt (line 13))
2025-08-18T23:28:59.0378302Z   Using cached httptools-0.6.4-cp311-cp311-manylinux_2_5_x86_64.manylinux1_x86_64.manylinux_2_17_x86_64.manylinux2014_x86_64.whl.metadata (3.6 kB)
2025-08-18T23:28:59.0808127Z Collecting uvloop>=0.15.1 (from uvicorn[standard]>=0.12.0; extra == "all"->fastapi[all]->-r requirements-dev.txt (line 13))
2025-08-18T23:28:59.0822041Z   Using cached uvloop-0.21.0-cp311-cp311-manylinux_2_17_x86_64.manylinux2014_x86_64.whl.metadata (4.9 kB)
2025-08-18T23:28:59.1536914Z Collecting watchfiles>=0.13 (from uvicorn[standard]>=0.12.0; extra == "all"->fastapi[all]->-r requirements-dev.txt (line 13))
2025-08-18T23:28:59.1551594Z   Using cached watchfiles-1.1.0-cp311-cp311-manylinux_2_17_x86_64.manylinux2014_x86_64.whl.metadata (4.9 kB)
2025-08-18T23:28:59.2402226Z Collecting websockets>=10.4 (from uvicorn[standard]>=0.12.0; extra == "all"->fastapi[all]->-r requirements-dev.txt (line 13))
2025-08-18T23:28:59.2417557Z   Using cached websockets-15.0.1-cp311-cp311-manylinux_2_5_x86_64.manylinux1_x86_64.manylinux_2_17_x86_64.manylinux2014_x86_64.whl.metadata (6.8 kB)
2025-08-18T23:28:59.2863606Z Collecting argon2-cffi-bindings (from argon2-cffi->minio==7.*->-r requirements-dev.txt (line 10))
2025-08-18T23:28:59.2877586Z   Using cached argon2_cffi_bindings-25.1.0-cp39-abi3-manylinux_2_26_x86_64.manylinux_2_28_x86_64.whl.metadata (7.4 kB)
2025-08-18T23:28:59.4113846Z Collecting cffi>=1.0.1 (from argon2-cffi-bindings->argon2-cffi->minio==7.*->-r requirements-dev.txt (line 10))
2025-08-18T23:28:59.4128518Z   Using cached cffi-1.17.1-cp311-cp311-manylinux_2_17_x86_64.manylinux2014_x86_64.whl.metadata (1.5 kB)
2025-08-18T23:28:59.4287316Z Collecting pycparser (from cffi>=1.0.1->argon2-cffi-bindings->argon2-cffi->minio==7.*->-r requirements-dev.txt (line 10))
2025-08-18T23:28:59.4301762Z   Using cached pycparser-2.22-py3-none-any.whl.metadata (943 bytes)
2025-08-18T23:28:59.4912832Z Using cached jinja2-3.1.6-py3-none-any.whl (134 kB)
2025-08-18T23:28:59.4927481Z Using cached alembic-1.13.1-py3-none-any.whl (233 kB)
2025-08-18T23:28:59.4942750Z Using cached APScheduler-3.10.4-py3-none-any.whl (59 kB)
2025-08-18T23:28:59.4957271Z Using cached asgi_correlation_id-4.3.1-py3-none-any.whl (15 kB)
2025-08-18T23:28:59.4971715Z Using cached asyncpg-0.30.0-cp311-cp311-manylinux_2_17_x86_64.manylinux2014_x86_64.whl (3.1 MB)
2025-08-18T23:28:59.5009112Z Using cached black-25.1.0-cp311-cp311-manylinux_2_17_x86_64.manylinux2014_x86_64.manylinux_2_28_x86_64.whl (1.7 MB)
2025-08-18T23:28:59.5035157Z Using cached celery-5.4.0-py3-none-any.whl (425 kB)
2025-08-18T23:28:59.5052122Z Using cached fastapi-0.116.1-py3-none-any.whl (95 kB)
2025-08-18T23:28:59.5066854Z Using cached pydantic-2.11.7-py3-none-any.whl (444 kB)
2025-08-18T23:28:59.5084021Z Using cached fastapi_limiter-0.1.6-py3-none-any.whl (15 kB)
2025-08-18T23:28:59.5097700Z Using cached IMAPClient-3.0.1-py2.py3-none-any.whl (182 kB)
2025-08-18T23:28:59.5112779Z Using cached mypy_extensions-1.1.0-py3-none-any.whl (5.0 kB)
2025-08-18T23:28:59.5126611Z Using cached openpyxl-3.1.5-py2.py3-none-any.whl (250 kB)
2025-08-18T23:28:59.5142180Z Using cached psycopg2_binary-2.9.9-cp311-cp311-manylinux_2_17_x86_64.manylinux2014_x86_64.whl (3.0 MB)
2025-08-18T23:28:59.5178482Z Using cached psycopg-3.2.9-py3-none-any.whl (202 kB)
2025-08-18T23:28:59.5193785Z Using cached pytest_asyncio-0.23.6-py3-none-any.whl (17 kB)
2025-08-18T23:28:59.5207581Z Using cached pytest_cov-6.2.1-py3-none-any.whl (24 kB)
2025-08-18T23:28:59.5221481Z Using cached pytest_postgresql-7.0.2-py3-none-any.whl (41 kB)
2025-08-18T23:28:59.5235885Z Using cached python_telegram_bot-22.2-py3-none-any.whl (708 kB)
2025-08-18T23:28:59.5254773Z Using cached requests-2.32.4-py3-none-any.whl (64 kB)
2025-08-18T23:28:59.5268827Z Using cached respx-0.22.0-py2.py3-none-any.whl (25 kB)
2025-08-18T23:28:59.5283037Z Using cached ruff-0.4.4-py3-none-manylinux_2_17_x86_64.manylinux2014_x86_64.whl (8.7 MB)
2025-08-18T23:28:59.5359032Z Using cached SQLAlchemy-2.0.29-cp311-cp311-manylinux_2_17_x86_64.manylinux2014_x86_64.whl (3.2 MB)
2025-08-18T23:28:59.5395389Z Using cached structlog-24.1.0-py3-none-any.whl (65 kB)
2025-08-18T23:28:59.5409396Z Using cached testcontainers-4.10.0-py3-none-any.whl (107 kB)
2025-08-18T23:28:59.5424224Z Using cached types_requests-2.32.0.20240602-py3-none-any.whl (15 kB)
2025-08-18T23:28:59.5438177Z Using cached docspec_python-2.2.2-py3-none-any.whl (15 kB)
2025-08-18T23:28:59.5451991Z Using cached pydoc_markdown-4.8.2-py3-none-any.whl (67 kB)
2025-08-18T23:28:59.5466285Z Using cached docspec-2.2.1-py3-none-any.whl (9.8 kB)
2025-08-18T23:28:59.5480390Z Using cached psycopg_binary-3.2.9-cp311-cp311-manylinux_2_17_x86_64.manylinux2014_x86_64.whl (4.5 MB)
2025-08-18T23:28:59.5527029Z Using cached pydantic_core-2.33.2-cp311-cp311-manylinux_2_17_x86_64.manylinux2014_x86_64.whl (2.0 MB)
2025-08-18T23:28:59.5554950Z Using cached redis-5.3.1-py3-none-any.whl (272 kB)
2025-08-18T23:28:59.5570480Z Using cached minio-7.2.16-py3-none-any.whl (95 kB)
2025-08-18T23:28:59.5584940Z Using cached httpx-0.28.1-py3-none-any.whl (73 kB)
2025-08-18T23:28:59.5599519Z Using cached mypy-1.17.1-cp311-cp311-manylinux2014_x86_64.manylinux_2_17_x86_64.manylinux_2_28_x86_64.whl (12.6 MB)
2025-08-18T23:28:59.5702614Z Using cached numpy-1.26.4-cp311-cp311-manylinux_2_17_x86_64.manylinux2014_x86_64.whl (18.3 MB)
2025-08-18T23:28:59.5842598Z Using cached pandas-2.2.3-cp311-cp311-manylinux_2_17_x86_64.manylinux2014_x86_64.whl (13.1 MB)
2025-08-18T23:28:59.5947530Z Using cached pandera-0.19.3-py3-none-any.whl (251 kB)
2025-08-18T23:28:59.5962789Z Using cached billiard-4.2.1-py3-none-any.whl (86 kB)
2025-08-18T23:28:59.5977660Z Using cached charset_normalizer-3.4.3-cp311-cp311-manylinux2014_x86_64.manylinux_2_17_x86_64.manylinux_2_28_x86_64.whl (150 kB)
2025-08-18T23:28:59.5992738Z Using cached click-8.2.1-py3-none-any.whl (102 kB)
2025-08-18T23:28:59.6007132Z Using cached databind.core-4.5.2-py3-none-any.whl (1.5 kB)
2025-08-18T23:28:59.6020702Z Using cached databind-4.5.2-py3-none-any.whl (49 kB)
2025-08-18T23:28:59.6034722Z Using cached databind.json-4.5.2-py3-none-any.whl (1.5 kB)
2025-08-18T23:28:59.6048620Z Using cached Deprecated-1.2.18-py2.py3-none-any.whl (10.0 kB)
2025-08-18T23:28:59.6062232Z Using cached httpcore-1.0.9-py3-none-any.whl (78 kB)
2025-08-18T23:28:59.6076665Z Using cached idna-3.10-py3-none-any.whl (70 kB)
2025-08-18T23:28:59.6090883Z Using cached kombu-5.5.4-py3-none-any.whl (210 kB)
2025-08-18T23:28:59.6106418Z Using cached vine-5.1.0-py3-none-any.whl (9.6 kB)
2025-08-18T23:28:59.6119953Z Using cached amqp-5.3.1-py3-none-any.whl (50 kB)
2025-08-18T23:28:59.6133933Z Using cached multimethod-1.10-py3-none-any.whl (9.9 kB)
2025-08-18T23:28:59.6147659Z Using cached nr_date-2.1.0-py3-none-any.whl (10 kB)
2025-08-18T23:28:59.6161546Z Using cached nr_stream-1.1.5-py3-none-any.whl (10 kB)
2025-08-18T23:28:59.6175414Z Using cached nr.util-0.8.12-py3-none-any.whl (90 kB)
2025-08-18T23:28:59.6190183Z Using cached pytest-8.4.1-py3-none-any.whl (365 kB)
2025-08-18T23:28:59.6206535Z Using cached pluggy-1.6.0-py3-none-any.whl (20 kB)
2025-08-18T23:28:59.6220534Z Using cached PyYAML-6.0.2-cp311-cp311-manylinux_2_17_x86_64.manylinux2014_x86_64.whl (762 kB)
2025-08-18T23:28:59.6239868Z Using cached starlette-0.47.2-py3-none-any.whl (72 kB)
2025-08-18T23:28:59.6254262Z Using cached anyio-4.10.0-py3-none-any.whl (107 kB)
2025-08-18T23:28:59.6269022Z Using cached tomli-2.2.1-cp311-cp311-manylinux_2_17_x86_64.manylinux2014_x86_64.whl (236 kB)
2025-08-18T23:28:59.6284421Z Using cached tomli_w-1.2.0-py3-none-any.whl (6.7 kB)
2025-08-18T23:28:59.6298323Z Using cached typeapi-2.2.4-py3-none-any.whl (26 kB)
2025-08-18T23:28:59.6312938Z Using cached typing_extensions-4.14.1-py3-none-any.whl (43 kB)
2025-08-18T23:28:59.6326981Z Using cached urllib3-2.5.0-py3-none-any.whl (129 kB)
2025-08-18T23:28:59.6341886Z Using cached wrapt-1.17.3-cp311-cp311-manylinux1_x86_64.manylinux_2_28_x86_64.manylinux_2_5_x86_64.whl (82 kB)
2025-08-18T23:28:59.6420770Z Downloading boto3-1.40.12-py3-none-any.whl (140 kB)
2025-08-18T23:28:59.6646702Z Downloading botocore-1.40.12-py3-none-any.whl (14.0 MB)
2025-08-18T23:28:59.7514763Z    ━━━━━━━━━━━━━━━━━━━━━━━━━━━━━━━━━━━━━━━━ 14.0/14.0 MB 173.4 MB/s  0:00:00
2025-08-18T23:28:59.7530435Z Using cached jmespath-1.0.1-py3-none-any.whl (20 kB)
2025-08-18T23:28:59.7545089Z Using cached python_dateutil-2.9.0.post0-py2.py3-none-any.whl (229 kB)
2025-08-18T23:28:59.7560597Z Using cached s3transfer-0.13.1-py3-none-any.whl (85 kB)
2025-08-18T23:28:59.7575372Z Using cached itsdangerous-2.2.0-py3-none-any.whl (16 kB)
2025-08-18T23:28:59.7589650Z Using cached python_dotenv-1.1.1-py3-none-any.whl (20 kB)
2025-08-18T23:28:59.7603748Z Using cached python_multipart-0.0.20-py3-none-any.whl (24 kB)
2025-08-18T23:28:59.7617657Z Using cached annotated_types-0.7.0-py3-none-any.whl (13 kB)
2025-08-18T23:28:59.7631662Z Using cached certifi-2025.8.3-py3-none-any.whl (161 kB)
2025-08-18T23:28:59.7646805Z Using cached click_didyoumean-0.3.1-py3-none-any.whl (3.6 kB)
2025-08-18T23:28:59.7660624Z Using cached click_plugins-1.1.1.2-py2.py3-none-any.whl (11 kB)
2025-08-18T23:28:59.7674382Z Using cached click_repl-0.3.0-py3-none-any.whl (10 kB)
2025-08-18T23:28:59.7689266Z Using cached coverage-7.10.4-cp311-cp311-manylinux1_x86_64.manylinux_2_28_x86_64.manylinux_2_5_x86_64.whl (249 kB)
2025-08-18T23:28:59.7704432Z Using cached email_validator-2.2.0-py3-none-any.whl (33 kB)
2025-08-18T23:28:59.7718570Z Using cached dnspython-2.7.0-py3-none-any.whl (313 kB)
2025-08-18T23:28:59.7734492Z Using cached fastapi_cli-0.0.8-py3-none-any.whl (10 kB)
2025-08-18T23:28:59.7748271Z Using cached fastapi_cloud_cli-0.1.5-py3-none-any.whl (18 kB)
2025-08-18T23:28:59.7762721Z Using cached greenlet-3.2.4-cp311-cp311-manylinux_2_24_x86_64.manylinux_2_28_x86_64.whl (587 kB)
2025-08-18T23:28:59.7780536Z Using cached h11-0.16.0-py3-none-any.whl (37 kB)
2025-08-18T23:28:59.7794740Z Using cached iniconfig-2.1.0-py3-none-any.whl (6.0 kB)
2025-08-18T23:28:59.7808783Z Using cached MarkupSafe-3.0.2-cp311-cp311-manylinux_2_17_x86_64.manylinux2014_x86_64.whl (23 kB)
2025-08-18T23:28:59.7822633Z Using cached mirakuru-2.6.1-py3-none-any.whl (26 kB)
2025-08-18T23:28:59.7836672Z Using cached orjson-3.11.2-cp311-cp311-manylinux_2_17_x86_64.manylinux2014_x86_64.whl (121 kB)
2025-08-18T23:28:59.7851067Z Using cached packaging-25.0-py3-none-any.whl (66 kB)
2025-08-18T23:28:59.7865322Z Using cached pathspec-0.12.1-py3-none-any.whl (31 kB)
2025-08-18T23:28:59.7879532Z Using cached platformdirs-4.3.8-py3-none-any.whl (18 kB)
2025-08-18T23:28:59.7893137Z Using cached port_for-0.7.4-py3-none-any.whl (21 kB)
2025-08-18T23:28:59.7907168Z Using cached prompt_toolkit-3.0.51-py3-none-any.whl (387 kB)
2025-08-18T23:28:59.7924515Z Using cached psutil-7.0.0-cp36-abi3-manylinux_2_12_x86_64.manylinux2010_x86_64.manylinux_2_17_x86_64.manylinux2014_x86_64.whl (277 kB)
2025-08-18T23:28:59.7939978Z Using cached pydantic_extra_types-2.10.5-py3-none-any.whl (38 kB)
2025-08-18T23:28:59.7954236Z Using cached pydantic_settings-2.10.1-py3-none-any.whl (45 kB)
2025-08-18T23:28:59.7968495Z Using cached pygments-2.19.2-py3-none-any.whl (1.2 MB)
2025-08-18T23:28:59.7990965Z Using cached PyJWT-2.10.1-py3-none-any.whl (22 kB)
2025-08-18T23:28:59.8005046Z Using cached pytz-2025.2-py2.py3-none-any.whl (509 kB)
2025-08-18T23:28:59.8022245Z Using cached rich_toolkit-0.15.0-py3-none-any.whl (29 kB)
2025-08-18T23:28:59.8037215Z Using cached rich-14.1.0-py3-none-any.whl (243 kB)
2025-08-18T23:28:59.8052819Z Using cached markdown_it_py-4.0.0-py3-none-any.whl (87 kB)
2025-08-18T23:28:59.8067033Z Using cached mdurl-0.1.2-py3-none-any.whl (10.0 kB)
2025-08-18T23:28:59.8081061Z Using cached rignore-0.6.4-cp311-cp311-manylinux_2_17_x86_64.manylinux2014_x86_64.whl (950 kB)
2025-08-18T23:28:59.8101946Z Using cached sentry_sdk-2.35.0-py2.py3-none-any.whl (363 kB)
2025-08-18T23:28:59.8118542Z Using cached six-1.17.0-py2.py3-none-any.whl (11 kB)
2025-08-18T23:28:59.8132233Z Using cached sniffio-1.3.1-py3-none-any.whl (10 kB)
2025-08-18T23:28:59.8213841Z Downloading typer-0.16.1-py3-none-any.whl (46 kB)
2025-08-18T23:28:59.8256187Z Using cached shellingham-1.5.4-py2.py3-none-any.whl (9.8 kB)
2025-08-18T23:28:59.8269938Z Using cached typing_inspect-0.9.0-py3-none-any.whl (8.8 kB)
2025-08-18T23:28:59.8284062Z Using cached typing_inspection-0.4.1-py3-none-any.whl (14 kB)
2025-08-18T23:28:59.8298185Z Using cached tzdata-2025.2-py2.py3-none-any.whl (347 kB)
2025-08-18T23:28:59.8314486Z Using cached tzlocal-5.3.1-py3-none-any.whl (18 kB)
2025-08-18T23:28:59.8328787Z Using cached ujson-5.10.0-cp311-cp311-manylinux_2_17_x86_64.manylinux2014_x86_64.whl (53 kB)
2025-08-18T23:28:59.8343051Z Using cached uvicorn-0.35.0-py3-none-any.whl (66 kB)
2025-08-18T23:28:59.8357925Z Using cached httptools-0.6.4-cp311-cp311-manylinux_2_5_x86_64.manylinux1_x86_64.manylinux_2_17_x86_64.manylinux2014_x86_64.whl (459 kB)
2025-08-18T23:28:59.8375005Z Using cached uvloop-0.21.0-cp311-cp311-manylinux_2_17_x86_64.manylinux2014_x86_64.whl (4.0 MB)
2025-08-18T23:28:59.8418044Z Using cached watchfiles-1.1.0-cp311-cp311-manylinux_2_17_x86_64.manylinux2014_x86_64.whl (453 kB)
2025-08-18T23:28:59.8438180Z Using cached websockets-15.0.1-cp311-cp311-manylinux_2_5_x86_64.manylinux1_x86_64.manylinux_2_17_x86_64.manylinux2014_x86_64.whl (182 kB)
2025-08-18T23:28:59.8453081Z Using cached yapf-0.43.0-py3-none-any.whl (256 kB)
2025-08-18T23:28:59.8468623Z Using cached argon2_cffi-25.1.0-py3-none-any.whl (14 kB)
2025-08-18T23:28:59.8483226Z Using cached argon2_cffi_bindings-25.1.0-cp39-abi3-manylinux_2_26_x86_64.manylinux_2_28_x86_64.whl (87 kB)
2025-08-18T23:28:59.8497987Z Using cached cffi-1.17.1-cp311-cp311-manylinux_2_17_x86_64.manylinux2014_x86_64.whl (467 kB)
2025-08-18T23:28:59.8515156Z Using cached docker-7.1.0-py3-none-any.whl (147 kB)
2025-08-18T23:28:59.8530101Z Using cached et_xmlfile-2.0.0-py3-none-any.whl (18 kB)
2025-08-18T23:28:59.8544011Z Using cached mako-1.3.10-py3-none-any.whl (78 kB)
2025-08-18T23:28:59.8558279Z Using cached pycparser-2.22-py3-none-any.whl (117 kB)
2025-08-18T23:28:59.8573170Z Using cached pycryptodome-3.23.0-cp37-abi3-manylinux_2_17_x86_64.manylinux2014_x86_64.whl (2.3 MB)
2025-08-18T23:28:59.8603899Z Using cached typeguard-4.4.4-py3-none-any.whl (34 kB)
2025-08-18T23:28:59.8617931Z Using cached watchdog-6.0.0-py3-none-manylinux2014_x86_64.whl (79 kB)
2025-08-18T23:28:59.8632744Z Using cached wcwidth-0.2.13-py2.py3-none-any.whl (34 kB)
2025-08-18T23:29:00.2684064Z Installing collected packages: wcwidth, pytz, wrapt, websockets, watchdog, vine, uvloop, urllib3, ujson, tzlocal, tzdata, typing-extensions, tomli_w, tomli, structlog, sniffio, six, shellingham, ruff, rignore, PyYAML, python-multipart, python-dotenv, PyJWT, pygments, pycryptodome, pycparser, psycopg2-binary, psycopg-binary, psutil, prompt-toolkit, port-for, pluggy, platformdirs, pathspec, packaging, orjson, numpy, nr-stream, nr-date, mypy-extensions, multimethod, mdurl, MarkupSafe, jmespath, itsdangerous, iniconfig, imapclient, idna, httptools, h11, greenlet, et-xmlfile, docstring-parser, dnspython, coverage, click, charset_normalizer, certifi, billiard, asyncpg, annotated-types, yapf, uvicorn, typing-inspection, typing-inspect, types-requests, typeguard, typeapi, sqlalchemy, sentry-sdk, requests, redis, python-dateutil, pytest, pydantic-core, psycopg, openpyxl, mypy, mirakuru, markdown-it-py, Mako, Jinja2, httpcore, email-validator, Deprecated, click-repl, click-plugins, click-didyoumean, cffi, black, apscheduler, anyio, amqp, watchfiles, starlette, rich, pytest-postgresql, pytest-cov, pytest-asyncio, pydantic, pandas, nr-util, kombu, httpx, docker, databind, botocore, argon2-cffi-bindings, alembic, typer, testcontainers, s3transfer, rich-toolkit, respx, python-telegram-bot, pydantic-settings, pydantic-extra-types, pandera, fastapi, databind.json, databind.core, celery, asgi-correlation-id, argon2-cffi, minio, fastapi-limiter, fastapi-cloud-cli, fastapi-cli, docspec, boto3, docspec-python, pydoc-markdown
2025-08-18T23:29:16.7109671Z 
2025-08-18T23:29:16.7177167Z Successfully installed Deprecated-1.2.18 Jinja2-3.1.6 Mako-1.3.10 MarkupSafe-3.0.2 PyJWT-2.10.1 PyYAML-6.0.2 alembic-1.13.1 amqp-5.3.1 annotated-types-0.7.0 anyio-4.10.0 apscheduler-3.10.4 argon2-cffi-25.1.0 argon2-cffi-bindings-25.1.0 asgi-correlation-id-4.3.1 asyncpg-0.30.0 billiard-4.2.1 black-25.1.0 boto3-1.40.12 botocore-1.40.12 celery-5.4.0 certifi-2025.8.3 cffi-1.17.1 charset_normalizer-3.4.3 click-8.2.1 click-didyoumean-0.3.1 click-plugins-1.1.1.2 click-repl-0.3.0 coverage-7.10.4 databind-4.5.2 databind.core-4.5.2 databind.json-4.5.2 dnspython-2.7.0 docker-7.1.0 docspec-2.2.1 docspec-python-2.2.2 docstring-parser-0.11 email-validator-2.2.0 et-xmlfile-2.0.0 fastapi-0.116.1 fastapi-cli-0.0.8 fastapi-cloud-cli-0.1.5 fastapi-limiter-0.1.6 greenlet-3.2.4 h11-0.16.0 httpcore-1.0.9 httptools-0.6.4 httpx-0.28.1 idna-3.10 imapclient-3.0.1 iniconfig-2.1.0 itsdangerous-2.2.0 jmespath-1.0.1 kombu-5.5.4 markdown-it-py-4.0.0 mdurl-0.1.2 minio-7.2.16 mirakuru-2.6.1 multimethod-1.10 mypy-1.17.1 mypy-extensions-1.1.0 nr-date-2.1.0 nr-stream-1.1.5 nr-util-0.8.12 numpy-1.26.4 openpyxl-3.1.5 orjson-3.11.2 packaging-25.0 pandas-2.2.3 pandera-0.19.3 pathspec-0.12.1 platformdirs-4.3.8 pluggy-1.6.0 port-for-0.7.4 prompt-toolkit-3.0.51 psutil-7.0.0 psycopg-3.2.9 psycopg-binary-3.2.9 psycopg2-binary-2.9.9 pycparser-2.22 pycryptodome-3.23.0 pydantic-2.11.7 pydantic-core-2.33.2 pydantic-extra-types-2.10.5 pydantic-settings-2.10.1 pydoc-markdown-4.8.2 pygments-2.19.2 pytest-8.4.1 pytest-asyncio-0.23.6 pytest-cov-6.2.1 pytest-postgresql-7.0.2 python-dateutil-2.9.0.post0 python-dotenv-1.1.1 python-multipart-0.0.20 python-telegram-bot-22.2 pytz-2025.2 redis-5.3.1 requests-2.32.4 respx-0.22.0 rich-14.1.0 rich-toolkit-0.15.0 rignore-0.6.4 ruff-0.4.4 s3transfer-0.13.1 sentry-sdk-2.35.0 shellingham-1.5.4 six-1.17.0 sniffio-1.3.1 sqlalchemy-2.0.29 starlette-0.47.2 structlog-24.1.0 testcontainers-4.10.0 tomli-2.2.1 tomli_w-1.2.0 typeapi-2.2.4 typeguard-4.4.4 typer-0.16.1 types-requests-2.32.0.20240602 typing-extensions-4.14.1 typing-inspect-0.9.0 typing-inspection-0.4.1 tzdata-2025.2 tzlocal-5.3.1 ujson-5.10.0 urllib3-2.5.0 uvicorn-0.35.0 uvloop-0.21.0 vine-5.1.0 watchdog-6.0.0 watchfiles-1.1.0 wcwidth-0.2.13 websockets-15.0.1 wrapt-1.17.3 yapf-0.43.0
2025-08-18T23:29:17.9361268Z Collecting keepa==1.3.15
2025-08-18T23:29:17.9378401Z   Using cached keepa-1.3.15-py3-none-any.whl.metadata (11 kB)
2025-08-18T23:29:17.9670497Z Collecting minio==7.1.15
2025-08-18T23:29:17.9685891Z   Using cached minio-7.1.15-py3-none-any.whl.metadata (4.2 kB)
2025-08-18T23:29:17.9711330Z Requirement already satisfied: numpy>=1.9.3 in /opt/hostedtoolcache/Python/3.11.13/x64/lib/python3.11/site-packages (from keepa==1.3.15) (1.26.4)
2025-08-18T23:29:17.9717142Z Requirement already satisfied: requests>=2.2 in /opt/hostedtoolcache/Python/3.11.13/x64/lib/python3.11/site-packages (from keepa==1.3.15) (2.32.4)
2025-08-18T23:29:18.0061814Z Collecting tqdm (from keepa==1.3.15)
2025-08-18T23:29:18.0076975Z   Using cached tqdm-4.67.1-py3-none-any.whl.metadata (57 kB)
2025-08-18T23:29:18.4877341Z Collecting aiohttp (from keepa==1.3.15)
2025-08-18T23:29:18.4894184Z   Using cached aiohttp-3.12.15-cp311-cp311-manylinux_2_17_x86_64.manylinux2014_x86_64.whl.metadata (7.7 kB)
2025-08-18T23:29:18.4924776Z Requirement already satisfied: pandas<=3.0 in /opt/hostedtoolcache/Python/3.11.13/x64/lib/python3.11/site-packages (from keepa==1.3.15) (2.2.3)
2025-08-18T23:29:18.4929502Z Requirement already satisfied: pydantic in /opt/hostedtoolcache/Python/3.11.13/x64/lib/python3.11/site-packages (from keepa==1.3.15) (2.11.7)
2025-08-18T23:29:18.4937528Z Requirement already satisfied: certifi in /opt/hostedtoolcache/Python/3.11.13/x64/lib/python3.11/site-packages (from minio==7.1.15) (2025.8.3)
2025-08-18T23:29:18.4941496Z Requirement already satisfied: urllib3 in /opt/hostedtoolcache/Python/3.11.13/x64/lib/python3.11/site-packages (from minio==7.1.15) (2.5.0)
2025-08-18T23:29:18.4988899Z Requirement already satisfied: python-dateutil>=2.8.2 in /opt/hostedtoolcache/Python/3.11.13/x64/lib/python3.11/site-packages (from pandas<=3.0->keepa==1.3.15) (2.9.0.post0)
2025-08-18T23:29:18.4994031Z Requirement already satisfied: pytz>=2020.1 in /opt/hostedtoolcache/Python/3.11.13/x64/lib/python3.11/site-packages (from pandas<=3.0->keepa==1.3.15) (2025.2)
2025-08-18T23:29:18.4999207Z Requirement already satisfied: tzdata>=2022.7 in /opt/hostedtoolcache/Python/3.11.13/x64/lib/python3.11/site-packages (from pandas<=3.0->keepa==1.3.15) (2025.2)
2025-08-18T23:29:18.5113410Z Requirement already satisfied: six>=1.5 in /opt/hostedtoolcache/Python/3.11.13/x64/lib/python3.11/site-packages (from python-dateutil>=2.8.2->pandas<=3.0->keepa==1.3.15) (1.17.0)
2025-08-18T23:29:18.5131062Z Requirement already satisfied: charset_normalizer<4,>=2 in /opt/hostedtoolcache/Python/3.11.13/x64/lib/python3.11/site-packages (from requests>=2.2->keepa==1.3.15) (3.4.3)
2025-08-18T23:29:18.5136848Z Requirement already satisfied: idna<4,>=2.5 in /opt/hostedtoolcache/Python/3.11.13/x64/lib/python3.11/site-packages (from requests>=2.2->keepa==1.3.15) (3.10)
2025-08-18T23:29:18.5369338Z Collecting aiohappyeyeballs>=2.5.0 (from aiohttp->keepa==1.3.15)
2025-08-18T23:29:18.5383768Z   Using cached aiohappyeyeballs-2.6.1-py3-none-any.whl.metadata (5.9 kB)
2025-08-18T23:29:18.5506910Z Collecting aiosignal>=1.4.0 (from aiohttp->keepa==1.3.15)
2025-08-18T23:29:18.5521288Z   Using cached aiosignal-1.4.0-py3-none-any.whl.metadata (3.7 kB)
2025-08-18T23:29:18.5708541Z Collecting attrs>=17.3.0 (from aiohttp->keepa==1.3.15)
2025-08-18T23:29:18.5722609Z   Using cached attrs-25.3.0-py3-none-any.whl.metadata (10 kB)
2025-08-18T23:29:18.6393704Z Collecting frozenlist>=1.1.1 (from aiohttp->keepa==1.3.15)
2025-08-18T23:29:18.6409162Z   Using cached frozenlist-1.7.0-cp311-cp311-manylinux_2_5_x86_64.manylinux1_x86_64.manylinux_2_17_x86_64.manylinux2014_x86_64.whl.metadata (18 kB)
2025-08-18T23:29:18.8609462Z Collecting multidict<7.0,>=4.5 (from aiohttp->keepa==1.3.15)
2025-08-18T23:29:18.8625443Z   Using cached multidict-6.6.4-cp311-cp311-manylinux2014_x86_64.manylinux_2_17_x86_64.manylinux_2_28_x86_64.whl.metadata (5.3 kB)
2025-08-18T23:29:18.9062718Z Collecting propcache>=0.2.0 (from aiohttp->keepa==1.3.15)
2025-08-18T23:29:18.9077401Z   Using cached propcache-0.3.2-cp311-cp311-manylinux_2_17_x86_64.manylinux2014_x86_64.whl.metadata (12 kB)
2025-08-18T23:29:19.1739014Z Collecting yarl<2.0,>=1.17.0 (from aiohttp->keepa==1.3.15)
2025-08-18T23:29:19.1754819Z   Using cached yarl-1.20.1-cp311-cp311-manylinux_2_17_x86_64.manylinux2014_x86_64.whl.metadata (73 kB)
2025-08-18T23:29:19.1954722Z Requirement already satisfied: typing-extensions>=4.2 in /opt/hostedtoolcache/Python/3.11.13/x64/lib/python3.11/site-packages (from aiosignal>=1.4.0->aiohttp->keepa==1.3.15) (4.14.1)
2025-08-18T23:29:19.1999855Z Requirement already satisfied: annotated-types>=0.6.0 in /opt/hostedtoolcache/Python/3.11.13/x64/lib/python3.11/site-packages (from pydantic->keepa==1.3.15) (0.7.0)
2025-08-18T23:29:19.2005163Z Requirement already satisfied: pydantic-core==2.33.2 in /opt/hostedtoolcache/Python/3.11.13/x64/lib/python3.11/site-packages (from pydantic->keepa==1.3.15) (2.33.2)
2025-08-18T23:29:19.2012741Z Requirement already satisfied: typing-inspection>=0.4.0 in /opt/hostedtoolcache/Python/3.11.13/x64/lib/python3.11/site-packages (from pydantic->keepa==1.3.15) (0.4.1)
2025-08-18T23:29:19.2071675Z Using cached keepa-1.3.15-py3-none-any.whl (38 kB)
2025-08-18T23:29:19.2085876Z Using cached minio-7.1.15-py3-none-any.whl (77 kB)
2025-08-18T23:29:19.2100190Z Using cached aiohttp-3.12.15-cp311-cp311-manylinux_2_17_x86_64.manylinux2014_x86_64.whl (1.7 MB)
2025-08-18T23:29:19.2126462Z Using cached multidict-6.6.4-cp311-cp311-manylinux2014_x86_64.manylinux_2_17_x86_64.manylinux_2_28_x86_64.whl (246 kB)
2025-08-18T23:29:19.2141588Z Using cached yarl-1.20.1-cp311-cp311-manylinux_2_17_x86_64.manylinux2014_x86_64.whl (348 kB)
2025-08-18T23:29:19.2158134Z Using cached aiohappyeyeballs-2.6.1-py3-none-any.whl (15 kB)
2025-08-18T23:29:19.2171220Z Using cached aiosignal-1.4.0-py3-none-any.whl (7.5 kB)
2025-08-18T23:29:19.2184386Z Using cached attrs-25.3.0-py3-none-any.whl (63 kB)
2025-08-18T23:29:19.2198406Z Using cached frozenlist-1.7.0-cp311-cp311-manylinux_2_5_x86_64.manylinux1_x86_64.manylinux_2_17_x86_64.manylinux2014_x86_64.whl (235 kB)
2025-08-18T23:29:19.2213343Z Using cached propcache-0.3.2-cp311-cp311-manylinux_2_17_x86_64.manylinux2014_x86_64.whl (213 kB)
2025-08-18T23:29:19.2227354Z Using cached tqdm-4.67.1-py3-none-any.whl (78 kB)
2025-08-18T23:29:19.3746852Z Installing collected packages: tqdm, propcache, multidict, minio, frozenlist, attrs, aiohappyeyeballs, yarl, aiosignal, aiohttp, keepa
2025-08-18T23:29:19.4441789Z   Attempting uninstall: minio
2025-08-18T23:29:19.4473715Z     Found existing installation: minio 7.2.16
2025-08-18T23:29:19.4507910Z     Uninstalling minio-7.2.16:
2025-08-18T23:29:19.4517256Z       Successfully uninstalled minio-7.2.16
2025-08-18T23:29:19.7897758Z 
2025-08-18T23:29:19.7958878Z Successfully installed aiohappyeyeballs-2.6.1 aiohttp-3.12.15 aiosignal-1.4.0 attrs-25.3.0 frozenlist-1.7.0 keepa-1.3.15 minio-7.1.15 multidict-6.6.4 propcache-0.3.2 tqdm-4.67.1 yarl-1.20.1
2025-08-18T23:29:19.9555821Z ##[group]Run sudo apt-get update
2025-08-18T23:29:19.9556153Z [36;1msudo apt-get update[0m
2025-08-18T23:29:19.9556413Z [36;1msudo apt-get install -y postgresql[0m
2025-08-18T23:29:19.9556908Z [36;1mecho "/usr/lib/postgresql/$(pg_config --version | cut -d' ' -f2 | cut -d'.' -f1,2)/bin" >> $GITHUB_PATH[0m
2025-08-18T23:29:19.9598131Z shell: /usr/bin/bash -e {0}
2025-08-18T23:29:19.9598366Z env:
2025-08-18T23:29:19.9598546Z   PG_USER: postgres
2025-08-18T23:29:19.9598742Z   PG_PASSWORD: pass
2025-08-18T23:29:19.9598929Z   PG_DATABASE: awa
2025-08-18T23:29:19.9599113Z   PG_HOST: localhost
2025-08-18T23:29:19.9599300Z   PG_PORT: 5432
2025-08-18T23:29:19.9599745Z   PG_SYNC_DSN: ***localhost:5432/awa
2025-08-18T23:29:19.9600161Z   PG_ASYNC_DSN: ***localhost:5432/awa
2025-08-18T23:29:19.9600558Z   DATABASE_URL: ***localhost:5432/awa
2025-08-18T23:29:19.9600796Z   DATA_DIR: /tmp/awa-data
2025-08-18T23:29:19.9601007Z   ENABLE_LIVE: 0
2025-08-18T23:29:19.9601187Z   TESTING: 1
2025-08-18T23:29:19.9601453Z   pythonLocation: /opt/hostedtoolcache/Python/3.11.13/x64
2025-08-18T23:29:19.9601861Z   PKG_CONFIG_PATH: /opt/hostedtoolcache/Python/3.11.13/x64/lib/pkgconfig
2025-08-18T23:29:19.9602413Z   Python_ROOT_DIR: /opt/hostedtoolcache/Python/3.11.13/x64
2025-08-18T23:29:19.9602798Z   Python2_ROOT_DIR: /opt/hostedtoolcache/Python/3.11.13/x64
2025-08-18T23:29:19.9603149Z   Python3_ROOT_DIR: /opt/hostedtoolcache/Python/3.11.13/x64
2025-08-18T23:29:19.9603504Z   LD_LIBRARY_PATH: /opt/hostedtoolcache/Python/3.11.13/x64/lib
2025-08-18T23:29:19.9603801Z ##[endgroup]
2025-08-18T23:29:20.0302457Z Get:1 file:/etc/apt/apt-mirrors.txt Mirrorlist [144 B]
2025-08-18T23:29:20.0634930Z Hit:2 http://azure.archive.ubuntu.com/ubuntu noble InRelease
2025-08-18T23:29:20.0637094Z Hit:6 https://packages.microsoft.com/repos/azure-cli noble InRelease
2025-08-18T23:29:20.0658629Z Get:7 https://packages.microsoft.com/ubuntu/24.04/prod noble InRelease [3600 B]
2025-08-18T23:29:20.0695213Z Get:3 http://azure.archive.ubuntu.com/ubuntu noble-updates InRelease [126 kB]
2025-08-18T23:29:20.0763462Z Get:4 http://azure.archive.ubuntu.com/ubuntu noble-backports InRelease [126 kB]
2025-08-18T23:29:20.0808451Z Get:5 http://azure.archive.ubuntu.com/ubuntu noble-security InRelease [126 kB]
2025-08-18T23:29:20.2456663Z Get:8 https://packages.microsoft.com/ubuntu/24.04/prod noble/main arm64 Packages [33.1 kB]
2025-08-18T23:29:20.2564002Z Get:9 https://packages.microsoft.com/ubuntu/24.04/prod noble/main amd64 Packages [47.9 kB]
2025-08-18T23:29:20.2903870Z Get:10 http://azure.archive.ubuntu.com/ubuntu noble-updates/main amd64 Packages [1335 kB]
2025-08-18T23:29:20.3020440Z Get:11 http://azure.archive.ubuntu.com/ubuntu noble-updates/main Translation-en [267 kB]
2025-08-18T23:29:20.3050946Z Get:12 http://azure.archive.ubuntu.com/ubuntu noble-updates/main amd64 Components [175 kB]
2025-08-18T23:29:20.3086962Z Get:13 http://azure.archive.ubuntu.com/ubuntu noble-updates/universe amd64 Packages [1121 kB]
2025-08-18T23:29:20.3185918Z Get:14 http://azure.archive.ubuntu.com/ubuntu noble-updates/universe Translation-en [288 kB]
2025-08-18T23:29:20.3219106Z Get:15 http://azure.archive.ubuntu.com/ubuntu noble-updates/universe amd64 Components [377 kB]
2025-08-18T23:29:20.3257783Z Get:16 http://azure.archive.ubuntu.com/ubuntu noble-updates/restricted amd64 Packages [1694 kB]
2025-08-18T23:29:20.3360468Z Get:17 http://azure.archive.ubuntu.com/ubuntu noble-updates/restricted Translation-en [374 kB]
2025-08-18T23:29:20.3386792Z Get:18 http://azure.archive.ubuntu.com/ubuntu noble-updates/restricted amd64 Components [212 B]
2025-08-18T23:29:20.3396976Z Get:19 http://azure.archive.ubuntu.com/ubuntu noble-updates/multiverse amd64 Components [940 B]
2025-08-18T23:29:20.3950991Z Get:20 http://azure.archive.ubuntu.com/ubuntu noble-backports/main amd64 Components [7068 B]
2025-08-18T23:29:20.4002579Z Get:21 http://azure.archive.ubuntu.com/ubuntu noble-backports/universe amd64 Packages [30.2 kB]
2025-08-18T23:29:20.4015843Z Get:22 http://azure.archive.ubuntu.com/ubuntu noble-backports/universe Translation-en [17.4 kB]
2025-08-18T23:29:20.4028075Z Get:23 http://azure.archive.ubuntu.com/ubuntu noble-backports/universe amd64 Components [19.2 kB]
2025-08-18T23:29:20.4039894Z Get:24 http://azure.archive.ubuntu.com/ubuntu noble-backports/restricted amd64 Components [212 B]
2025-08-18T23:29:20.4050506Z Get:25 http://azure.archive.ubuntu.com/ubuntu noble-backports/multiverse amd64 Components [212 B]
2025-08-18T23:29:20.4060642Z Get:26 http://azure.archive.ubuntu.com/ubuntu noble-security/main amd64 Packages [1075 kB]
2025-08-18T23:29:20.4126257Z Get:27 http://azure.archive.ubuntu.com/ubuntu noble-security/main Translation-en [186 kB]
2025-08-18T23:29:20.4149503Z Get:28 http://azure.archive.ubuntu.com/ubuntu noble-security/main amd64 Components [21.6 kB]
2025-08-18T23:29:20.4168223Z Get:29 http://azure.archive.ubuntu.com/ubuntu noble-security/universe amd64 Packages [879 kB]
2025-08-18T23:29:20.4212791Z Get:30 http://azure.archive.ubuntu.com/ubuntu noble-security/universe Translation-en [195 kB]
2025-08-18T23:29:20.4237018Z Get:31 http://azure.archive.ubuntu.com/ubuntu noble-security/universe amd64 Components [52.2 kB]
2025-08-18T23:29:20.4255900Z Get:32 http://azure.archive.ubuntu.com/ubuntu noble-security/restricted amd64 Packages [1610 kB]
2025-08-18T23:29:20.4329870Z Get:33 http://azure.archive.ubuntu.com/ubuntu noble-security/restricted Translation-en [357 kB]
2025-08-18T23:29:20.4829053Z Get:34 http://azure.archive.ubuntu.com/ubuntu noble-security/restricted amd64 Components [212 B]
2025-08-18T23:29:20.4840883Z Get:35 http://azure.archive.ubuntu.com/ubuntu noble-security/multiverse amd64 Components [212 B]
2025-08-18T23:29:27.6388470Z Fetched 10.5 MB in 1s (7910 kB/s)
2025-08-18T23:29:28.3180760Z Reading package lists...
2025-08-18T23:29:28.3501944Z Reading package lists...
2025-08-18T23:29:28.5059733Z Building dependency tree...
2025-08-18T23:29:28.5066916Z Reading state information...
2025-08-18T23:29:28.6522734Z Suggested packages:
2025-08-18T23:29:28.6523274Z   postgresql-doc
2025-08-18T23:29:28.6669568Z The following NEW packages will be installed:
2025-08-18T23:29:28.6670145Z   postgresql
2025-08-18T23:29:28.6836273Z 0 upgraded, 1 newly installed, 0 to remove and 39 not upgraded.
2025-08-18T23:29:28.6836865Z Need to get 11.6 kB of archives.
2025-08-18T23:29:28.6837242Z After this operation, 17.4 kB of additional disk space will be used.
2025-08-18T23:29:28.6837647Z Get:1 file:/etc/apt/apt-mirrors.txt Mirrorlist [144 B]
2025-08-18T23:29:28.7193248Z Get:2 http://azure.archive.ubuntu.com/ubuntu noble-updates/main amd64 postgresql all 16+257build1.1 [11.6 kB]
2025-08-18T23:29:29.0125130Z Fetched 11.6 kB in 0s (252 kB/s)
2025-08-18T23:29:29.0370136Z Selecting previously unselected package postgresql.
2025-08-18T23:29:29.0714524Z (Reading database ... 
2025-08-18T23:29:29.0715045Z (Reading database ... 5%
2025-08-18T23:29:29.0715408Z (Reading database ... 10%
2025-08-18T23:29:29.0715769Z (Reading database ... 15%
2025-08-18T23:29:29.0716256Z (Reading database ... 20%
2025-08-18T23:29:29.0716816Z (Reading database ... 25%
2025-08-18T23:29:29.0717368Z (Reading database ... 30%
2025-08-18T23:29:29.0717899Z (Reading database ... 35%
2025-08-18T23:29:29.0718305Z (Reading database ... 40%
2025-08-18T23:29:29.0718652Z (Reading database ... 45%
2025-08-18T23:29:29.0719270Z (Reading database ... 50%
2025-08-18T23:29:29.0986460Z (Reading database ... 55%
2025-08-18T23:29:29.1422918Z (Reading database ... 60%
2025-08-18T23:29:29.1761516Z (Reading database ... 65%
2025-08-18T23:29:29.2263870Z (Reading database ... 70%
2025-08-18T23:29:29.2559987Z (Reading database ... 75%
2025-08-18T23:29:29.3028302Z (Reading database ... 80%
2025-08-18T23:29:29.3652853Z (Reading database ... 85%
2025-08-18T23:29:29.4463595Z (Reading database ... 90%
2025-08-18T23:29:29.4906434Z (Reading database ... 95%
2025-08-18T23:29:29.4906890Z (Reading database ... 100%
2025-08-18T23:29:29.4907487Z (Reading database ... 219881 files and directories currently installed.)
2025-08-18T23:29:29.4950172Z Preparing to unpack .../postgresql_16+257build1.1_all.deb ...
2025-08-18T23:29:29.4985800Z Unpacking postgresql (16+257build1.1) ...
2025-08-18T23:29:29.5393873Z Setting up postgresql (16+257build1.1) ...
2025-08-18T23:29:30.2677246Z 
2025-08-18T23:29:30.2677907Z Running kernel seems to be up-to-date.
2025-08-18T23:29:30.2678383Z 
2025-08-18T23:29:30.2678577Z No services need to be restarted.
2025-08-18T23:29:30.2678922Z 
2025-08-18T23:29:30.2679127Z No containers need to be restarted.
2025-08-18T23:29:30.2679455Z 
2025-08-18T23:29:30.2679675Z No user sessions are running outdated binaries.
2025-08-18T23:29:30.2680073Z 
2025-08-18T23:29:30.2680438Z No VM guests are running outdated hypervisor (qemu) binaries on this host.
2025-08-18T23:29:31.0904618Z ##[group]Run pytest tests/db -q --cov=services --cov-append --cov-fail-under=0
2025-08-18T23:29:31.0905154Z [36;1mpytest tests/db -q --cov=services --cov-append --cov-fail-under=0[0m
2025-08-18T23:29:31.0946768Z shell: /usr/bin/bash -e {0}
2025-08-18T23:29:31.0947013Z env:
2025-08-18T23:29:31.0947195Z   PG_USER: postgres
2025-08-18T23:29:31.0947406Z   PG_PASSWORD: pass
2025-08-18T23:29:31.0947592Z   PG_DATABASE: awa
2025-08-18T23:29:31.0947780Z   PG_HOST: localhost
2025-08-18T23:29:31.0947972Z   PG_PORT: 5432
2025-08-18T23:29:31.0948448Z   PG_SYNC_DSN: ***localhost:5432/awa
2025-08-18T23:29:31.0948883Z   PG_ASYNC_DSN: ***localhost:5432/awa
2025-08-18T23:29:31.0949289Z   DATABASE_URL: ***localhost:5432/awa
2025-08-18T23:29:31.0949535Z   DATA_DIR: /tmp/awa-data
2025-08-18T23:29:31.0949749Z   ENABLE_LIVE: 0
2025-08-18T23:29:31.0949930Z   TESTING: 1
2025-08-18T23:29:31.0950175Z   pythonLocation: /opt/hostedtoolcache/Python/3.11.13/x64
2025-08-18T23:29:31.0950607Z   PKG_CONFIG_PATH: /opt/hostedtoolcache/Python/3.11.13/x64/lib/pkgconfig
2025-08-18T23:29:31.0951039Z   Python_ROOT_DIR: /opt/hostedtoolcache/Python/3.11.13/x64
2025-08-18T23:29:31.0951396Z   Python2_ROOT_DIR: /opt/hostedtoolcache/Python/3.11.13/x64
2025-08-18T23:29:31.0951756Z   Python3_ROOT_DIR: /opt/hostedtoolcache/Python/3.11.13/x64
2025-08-18T23:29:31.0952117Z   LD_LIBRARY_PATH: /opt/hostedtoolcache/Python/3.11.13/x64/lib
2025-08-18T23:29:31.0952641Z ##[endgroup]
2025-08-18T23:29:33.9870975Z /opt/hostedtoolcache/Python/3.11.13/x64/lib/python3.11/site-packages/coverage/report_core.py:118: CoverageWarning: Couldn't parse '/home/runner/work/AWA-App/AWA-App/C:\Users\Alexey\Documents\GitHub\AWA-App\services\__init__.py': No source for code: '/home/runner/work/AWA-App/AWA-App/C:\Users\Alexey\Documents\GitHub\AWA-App\services\__init__.py'. (couldnt-parse)
2025-08-18T23:29:33.9874111Z   coverage._warn(msg, slug="couldnt-parse")
2025-08-18T23:29:33.9876700Z /opt/hostedtoolcache/Python/3.11.13/x64/lib/python3.11/site-packages/coverage/report_core.py:118: CoverageWarning: Couldn't parse '/home/runner/work/AWA-App/AWA-App/C:\Users\Alexey\Documents\GitHub\AWA-App\services\alert_bot\__init__.py': No source for code: '/home/runner/work/AWA-App/AWA-App/C:\Users\Alexey\Documents\GitHub\AWA-App\services\alert_bot\__init__.py'. (couldnt-parse)
2025-08-18T23:29:33.9879119Z   coverage._warn(msg, slug="couldnt-parse")
2025-08-18T23:29:33.9881516Z /opt/hostedtoolcache/Python/3.11.13/x64/lib/python3.11/site-packages/coverage/report_core.py:118: CoverageWarning: Couldn't parse '/home/runner/work/AWA-App/AWA-App/C:\Users\Alexey\Documents\GitHub\AWA-App\services\alert_bot\alert_bot.py': No source for code: '/home/runner/work/AWA-App/AWA-App/C:\Users\Alexey\Documents\GitHub\AWA-App\services\alert_bot\alert_bot.py'. (couldnt-parse)
2025-08-18T23:29:33.9884389Z   coverage._warn(msg, slug="couldnt-parse")
2025-08-18T23:29:33.9886801Z /opt/hostedtoolcache/Python/3.11.13/x64/lib/python3.11/site-packages/coverage/report_core.py:118: CoverageWarning: Couldn't parse '/home/runner/work/AWA-App/AWA-App/C:\Users\Alexey\Documents\GitHub\AWA-App\services\alert_bot\rules\__init__.py': No source for code: '/home/runner/work/AWA-App/AWA-App/C:\Users\Alexey\Documents\GitHub\AWA-App\services\alert_bot\rules\__init__.py'. (couldnt-parse)
2025-08-18T23:29:33.9889190Z   coverage._warn(msg, slug="couldnt-parse")
2025-08-18T23:29:33.9891407Z /opt/hostedtoolcache/Python/3.11.13/x64/lib/python3.11/site-packages/coverage/report_core.py:118: CoverageWarning: Couldn't parse '/home/runner/work/AWA-App/AWA-App/C:\Users\Alexey\Documents\GitHub\AWA-App\services\api\__init__.py': No source for code: '/home/runner/work/AWA-App/AWA-App/C:\Users\Alexey\Documents\GitHub\AWA-App\services\api\__init__.py'. (couldnt-parse)
2025-08-18T23:29:33.9893767Z   coverage._warn(msg, slug="couldnt-parse")
2025-08-18T23:29:33.9896315Z /opt/hostedtoolcache/Python/3.11.13/x64/lib/python3.11/site-packages/coverage/report_core.py:118: CoverageWarning: Couldn't parse '/home/runner/work/AWA-App/AWA-App/C:\Users\Alexey\Documents\GitHub\AWA-App\services\api\config.py': No source for code: '/home/runner/work/AWA-App/AWA-App/C:\Users\Alexey\Documents\GitHub\AWA-App\services\api\config.py'. (couldnt-parse)
2025-08-18T23:29:33.9898548Z   coverage._warn(msg, slug="couldnt-parse")
2025-08-18T23:29:33.9900721Z /opt/hostedtoolcache/Python/3.11.13/x64/lib/python3.11/site-packages/coverage/report_core.py:118: CoverageWarning: Couldn't parse '/home/runner/work/AWA-App/AWA-App/C:\Users\Alexey\Documents\GitHub\AWA-App\services\api\db.py': No source for code: '/home/runner/work/AWA-App/AWA-App/C:\Users\Alexey\Documents\GitHub\AWA-App\services\api\db.py'. (couldnt-parse)
2025-08-18T23:29:33.9903032Z   coverage._warn(msg, slug="couldnt-parse")
2025-08-18T23:29:33.9905212Z /opt/hostedtoolcache/Python/3.11.13/x64/lib/python3.11/site-packages/coverage/report_core.py:118: CoverageWarning: Couldn't parse '/home/runner/work/AWA-App/AWA-App/C:\Users\Alexey\Documents\GitHub\AWA-App\services\api\main.py': No source for code: '/home/runner/work/AWA-App/AWA-App/C:\Users\Alexey\Documents\GitHub\AWA-App\services\api\main.py'. (couldnt-parse)
2025-08-18T23:29:33.9907395Z   coverage._warn(msg, slug="couldnt-parse")
2025-08-18T23:29:33.9909669Z /opt/hostedtoolcache/Python/3.11.13/x64/lib/python3.11/site-packages/coverage/report_core.py:118: CoverageWarning: Couldn't parse '/home/runner/work/AWA-App/AWA-App/C:\Users\Alexey\Documents\GitHub\AWA-App\services\api\models\__init__.py': No source for code: '/home/runner/work/AWA-App/AWA-App/C:\Users\Alexey\Documents\GitHub\AWA-App\services\api\models\__init__.py'. (couldnt-parse)
2025-08-18T23:29:33.9911961Z   coverage._warn(msg, slug="couldnt-parse")
2025-08-18T23:29:33.9914333Z /opt/hostedtoolcache/Python/3.11.13/x64/lib/python3.11/site-packages/coverage/report_core.py:118: CoverageWarning: Couldn't parse '/home/runner/work/AWA-App/AWA-App/C:\Users\Alexey\Documents\GitHub\AWA-App\services\api\models\fee.py': No source for code: '/home/runner/work/AWA-App/AWA-App/C:\Users\Alexey\Documents\GitHub\AWA-App\services\api\models\fee.py'. (couldnt-parse)
2025-08-18T23:29:33.9916577Z   coverage._warn(msg, slug="couldnt-parse")
2025-08-18T23:29:33.9918877Z /opt/hostedtoolcache/Python/3.11.13/x64/lib/python3.11/site-packages/coverage/report_core.py:118: CoverageWarning: Couldn't parse '/home/runner/work/AWA-App/AWA-App/C:\Users\Alexey\Documents\GitHub\AWA-App\services\api\roi_repository.py': No source for code: '/home/runner/work/AWA-App/AWA-App/C:\Users\Alexey\Documents\GitHub\AWA-App\services\api\roi_repository.py'. (couldnt-parse)
2025-08-18T23:29:33.9921175Z   coverage._warn(msg, slug="couldnt-parse")
2025-08-18T23:29:33.9923813Z /opt/hostedtoolcache/Python/3.11.13/x64/lib/python3.11/site-packages/coverage/report_core.py:118: CoverageWarning: Couldn't parse '/home/runner/work/AWA-App/AWA-App/C:\Users\Alexey\Documents\GitHub\AWA-App\services\api\routes\__init__.py': No source for code: '/home/runner/work/AWA-App/AWA-App/C:\Users\Alexey\Documents\GitHub\AWA-App\services\api\routes\__init__.py'. (couldnt-parse)
2025-08-18T23:29:33.9926135Z   coverage._warn(msg, slug="couldnt-parse")
2025-08-18T23:29:33.9928416Z /opt/hostedtoolcache/Python/3.11.13/x64/lib/python3.11/site-packages/coverage/report_core.py:118: CoverageWarning: Couldn't parse '/home/runner/work/AWA-App/AWA-App/C:\Users\Alexey\Documents\GitHub\AWA-App\services\api\routes\health.py': No source for code: '/home/runner/work/AWA-App/AWA-App/C:\Users\Alexey\Documents\GitHub\AWA-App\services\api\routes\health.py'. (couldnt-parse)
2025-08-18T23:29:33.9930694Z   coverage._warn(msg, slug="couldnt-parse")
2025-08-18T23:29:33.9933212Z /opt/hostedtoolcache/Python/3.11.13/x64/lib/python3.11/site-packages/coverage/report_core.py:118: CoverageWarning: Couldn't parse '/home/runner/work/AWA-App/AWA-App/C:\Users\Alexey\Documents\GitHub\AWA-App\services\api\routes\repository.py': No source for code: '/home/runner/work/AWA-App/AWA-App/C:\Users\Alexey\Documents\GitHub\AWA-App\services\api\routes\repository.py'. (couldnt-parse)
2025-08-18T23:29:33.9935635Z   coverage._warn(msg, slug="couldnt-parse")
2025-08-18T23:29:33.9936967Z /opt/hostedtoolcache/Python/3.11.13/x64/lib/python3.11/site-packages/coverage/report_core.py:118: CoverageWarning: Couldn't parse '/home/runner/work/AWA-App/AWA-App/C:\Users\Alexey\Documents\GitHub\AWA-App\services\api\routes\roi.py': No source for code: '/home/runner/work/AWA-App/AWA-App/C:\Users\Alexey\Documents\GitHub\AWA-App\services\api\routes\roi.py'. (couldnt-parse)
2025-08-18T23:29:33.9939004Z   coverage._warn(msg, slug="couldnt-parse")
2025-08-18T23:29:33.9941182Z /opt/hostedtoolcache/Python/3.11.13/x64/lib/python3.11/site-packages/coverage/report_core.py:118: CoverageWarning: Couldn't parse '/home/runner/work/AWA-App/AWA-App/C:\Users\Alexey\Documents\GitHub\AWA-App\services\api\routes\stats.py': No source for code: '/home/runner/work/AWA-App/AWA-App/C:\Users\Alexey\Documents\GitHub\AWA-App\services\api\routes\stats.py'. (couldnt-parse)
2025-08-18T23:29:33.9943200Z   coverage._warn(msg, slug="couldnt-parse")
2025-08-18T23:29:33.9944502Z /opt/hostedtoolcache/Python/3.11.13/x64/lib/python3.11/site-packages/coverage/report_core.py:118: CoverageWarning: Couldn't parse '/home/runner/work/AWA-App/AWA-App/C:\Users\Alexey\Documents\GitHub\AWA-App\services\common\__init__.py': No source for code: '/home/runner/work/AWA-App/AWA-App/C:\Users\Alexey\Documents\GitHub\AWA-App\services\common\__init__.py'. (couldnt-parse)
2025-08-18T23:29:33.9946090Z   coverage._warn(msg, slug="couldnt-parse")
2025-08-18T23:29:33.9947375Z /opt/hostedtoolcache/Python/3.11.13/x64/lib/python3.11/site-packages/coverage/report_core.py:118: CoverageWarning: Couldn't parse '/home/runner/work/AWA-App/AWA-App/C:\Users\Alexey\Documents\GitHub\AWA-App\services\common\base.py': No source for code: '/home/runner/work/AWA-App/AWA-App/C:\Users\Alexey\Documents\GitHub\AWA-App\services\common\base.py'. (couldnt-parse)
2025-08-18T23:29:33.9948916Z   coverage._warn(msg, slug="couldnt-parse")
2025-08-18T23:29:33.9950197Z /opt/hostedtoolcache/Python/3.11.13/x64/lib/python3.11/site-packages/coverage/report_core.py:118: CoverageWarning: Couldn't parse '/home/runner/work/AWA-App/AWA-App/C:\Users\Alexey\Documents\GitHub\AWA-App\services\common\config.py': No source for code: '/home/runner/work/AWA-App/AWA-App/C:\Users\Alexey\Documents\GitHub\AWA-App\services\common\config.py'. (couldnt-parse)
2025-08-18T23:29:33.9951727Z   coverage._warn(msg, slug="couldnt-parse")
2025-08-18T23:29:33.9953104Z /opt/hostedtoolcache/Python/3.11.13/x64/lib/python3.11/site-packages/coverage/report_core.py:118: CoverageWarning: Couldn't parse '/home/runner/work/AWA-App/AWA-App/C:\Users\Alexey\Documents\GitHub\AWA-App\services\common\db.py': No source for code: '/home/runner/work/AWA-App/AWA-App/C:\Users\Alexey\Documents\GitHub\AWA-App\services\common\db.py'. (couldnt-parse)
2025-08-18T23:29:33.9954820Z   coverage._warn(msg, slug="couldnt-parse")
2025-08-18T23:29:33.9956185Z /opt/hostedtoolcache/Python/3.11.13/x64/lib/python3.11/site-packages/coverage/report_core.py:118: CoverageWarning: Couldn't parse '/home/runner/work/AWA-App/AWA-App/C:\Users\Alexey\Documents\GitHub\AWA-App\services\common\db_url.py': No source for code: '/home/runner/work/AWA-App/AWA-App/C:\Users\Alexey\Documents\GitHub\AWA-App\services\common\db_url.py'. (couldnt-parse)
2025-08-18T23:29:33.9957991Z   coverage._warn(msg, slug="couldnt-parse")
2025-08-18T23:29:33.9959531Z /opt/hostedtoolcache/Python/3.11.13/x64/lib/python3.11/site-packages/coverage/report_core.py:118: CoverageWarning: Couldn't parse '/home/runner/work/AWA-App/AWA-App/C:\Users\Alexey\Documents\GitHub\AWA-App\services\common\dsn.py': No source for code: '/home/runner/work/AWA-App/AWA-App/C:\Users\Alexey\Documents\GitHub\AWA-App\services\common\dsn.py'. (couldnt-parse)
2025-08-18T23:29:33.9961106Z   coverage._warn(msg, slug="couldnt-parse")
2025-08-18T23:29:33.9962653Z /opt/hostedtoolcache/Python/3.11.13/x64/lib/python3.11/site-packages/coverage/report_core.py:118: CoverageWarning: Couldn't parse '/home/runner/work/AWA-App/AWA-App/C:\Users\Alexey\Documents\GitHub\AWA-App\services\common\keepa.py': No source for code: '/home/runner/work/AWA-App/AWA-App/C:\Users\Alexey\Documents\GitHub\AWA-App\services\common\keepa.py'. (couldnt-parse)
2025-08-18T23:29:33.9964576Z   coverage._warn(msg, slug="couldnt-parse")
2025-08-18T23:29:33.9965864Z /opt/hostedtoolcache/Python/3.11.13/x64/lib/python3.11/site-packages/coverage/report_core.py:118: CoverageWarning: Couldn't parse '/home/runner/work/AWA-App/AWA-App/C:\Users\Alexey\Documents\GitHub\AWA-App\services\common\llm.py': No source for code: '/home/runner/work/AWA-App/AWA-App/C:\Users\Alexey\Documents\GitHub\AWA-App\services\common\llm.py'. (couldnt-parse)
2025-08-18T23:29:33.9967388Z   coverage._warn(msg, slug="couldnt-parse")
2025-08-18T23:29:33.9968779Z /opt/hostedtoolcache/Python/3.11.13/x64/lib/python3.11/site-packages/coverage/report_core.py:118: CoverageWarning: Couldn't parse '/home/runner/work/AWA-App/AWA-App/C:\Users\Alexey\Documents\GitHub\AWA-App\services\common\models_vendor.py': No source for code: '/home/runner/work/AWA-App/AWA-App/C:\Users\Alexey\Documents\GitHub\AWA-App\services\common\models_vendor.py'. (couldnt-parse)
2025-08-18T23:29:33.9970345Z   coverage._warn(msg, slug="couldnt-parse")
2025-08-18T23:29:33.9971763Z /opt/hostedtoolcache/Python/3.11.13/x64/lib/python3.11/site-packages/coverage/report_core.py:118: CoverageWarning: Couldn't parse '/home/runner/work/AWA-App/AWA-App/C:\Users\Alexey\Documents\GitHub\AWA-App\services\common\settings.py': No source for code: '/home/runner/work/AWA-App/AWA-App/C:\Users\Alexey\Documents\GitHub\AWA-App\services\common\settings.py'. (couldnt-parse)
2025-08-18T23:29:33.9973357Z   coverage._warn(msg, slug="couldnt-parse")
2025-08-18T23:29:33.9974706Z /opt/hostedtoolcache/Python/3.11.13/x64/lib/python3.11/site-packages/coverage/report_core.py:118: CoverageWarning: Couldn't parse '/home/runner/work/AWA-App/AWA-App/C:\Users\Alexey\Documents\GitHub\AWA-App\services\db\__init__.py': No source for code: '/home/runner/work/AWA-App/AWA-App/C:\Users\Alexey\Documents\GitHub\AWA-App\services\db\__init__.py'. (couldnt-parse)
2025-08-18T23:29:33.9976166Z   coverage._warn(msg, slug="couldnt-parse")
2025-08-18T23:29:33.9977525Z /opt/hostedtoolcache/Python/3.11.13/x64/lib/python3.11/site-packages/coverage/report_core.py:118: CoverageWarning: Couldn't parse '/home/runner/work/AWA-App/AWA-App/C:\Users\Alexey\Documents\GitHub\AWA-App\services\db\utils\__init__.py': No source for code: '/home/runner/work/AWA-App/AWA-App/C:\Users\Alexey\Documents\GitHub\AWA-App\services\db\utils\__init__.py'. (couldnt-parse)
2025-08-18T23:29:33.9979058Z   coverage._warn(msg, slug="couldnt-parse")
2025-08-18T23:29:33.9980413Z /opt/hostedtoolcache/Python/3.11.13/x64/lib/python3.11/site-packages/coverage/report_core.py:118: CoverageWarning: Couldn't parse '/home/runner/work/AWA-App/AWA-App/C:\Users\Alexey\Documents\GitHub\AWA-App\services\db\utils\views.py': No source for code: '/home/runner/work/AWA-App/AWA-App/C:\Users\Alexey\Documents\GitHub\AWA-App\services\db\utils\views.py'. (couldnt-parse)
2025-08-18T23:29:33.9982089Z   coverage._warn(msg, slug="couldnt-parse")
2025-08-18T23:29:33.9983702Z /opt/hostedtoolcache/Python/3.11.13/x64/lib/python3.11/site-packages/coverage/report_core.py:118: CoverageWarning: Couldn't parse '/home/runner/work/AWA-App/AWA-App/C:\Users\Alexey\Documents\GitHub\AWA-App\services\emailer\__init__.py': No source for code: '/home/runner/work/AWA-App/AWA-App/C:\Users\Alexey\Documents\GitHub\AWA-App\services\emailer\__init__.py'. (couldnt-parse)
2025-08-18T23:29:33.9985138Z   coverage._warn(msg, slug="couldnt-parse")
2025-08-18T23:29:33.9986609Z /opt/hostedtoolcache/Python/3.11.13/x64/lib/python3.11/site-packages/coverage/report_core.py:118: CoverageWarning: Couldn't parse '/home/runner/work/AWA-App/AWA-App/C:\Users\Alexey\Documents\GitHub\AWA-App\services\emailer\generate_body.py': No source for code: '/home/runner/work/AWA-App/AWA-App/C:\Users\Alexey\Documents\GitHub\AWA-App\services\emailer\generate_body.py'. (couldnt-parse)
2025-08-18T23:29:33.9988070Z   coverage._warn(msg, slug="couldnt-parse")
2025-08-18T23:29:33.9989747Z /opt/hostedtoolcache/Python/3.11.13/x64/lib/python3.11/site-packages/coverage/report_core.py:118: CoverageWarning: Couldn't parse '/home/runner/work/AWA-App/AWA-App/C:\Users\Alexey\Documents\GitHub\AWA-App\services\etl\__init__.py': No source for code: '/home/runner/work/AWA-App/AWA-App/C:\Users\Alexey\Documents\GitHub\AWA-App\services\etl\__init__.py'. (couldnt-parse)
2025-08-18T23:29:33.9991552Z   coverage._warn(msg, slug="couldnt-parse")
2025-08-18T23:29:33.9993202Z /opt/hostedtoolcache/Python/3.11.13/x64/lib/python3.11/site-packages/coverage/report_core.py:118: CoverageWarning: Couldn't parse '/home/runner/work/AWA-App/AWA-App/C:\Users\Alexey\Documents\GitHub\AWA-App\services\etl\db.py': No source for code: '/home/runner/work/AWA-App/AWA-App/C:\Users\Alexey\Documents\GitHub\AWA-App\services\etl\db.py'. (couldnt-parse)
2025-08-18T23:29:33.9994493Z   coverage._warn(msg, slug="couldnt-parse")
2025-08-18T23:29:33.9996114Z /opt/hostedtoolcache/Python/3.11.13/x64/lib/python3.11/site-packages/coverage/report_core.py:118: CoverageWarning: Couldn't parse '/home/runner/work/AWA-App/AWA-App/C:\Users\Alexey\Documents\GitHub\AWA-App\services\etl\dialects\__init__.py': No source for code: '/home/runner/work/AWA-App/AWA-App/C:\Users\Alexey\Documents\GitHub\AWA-App\services\etl\dialects\__init__.py'. (couldnt-parse)
2025-08-18T23:29:33.9997461Z   coverage._warn(msg, slug="couldnt-parse")
2025-08-18T23:29:33.9999162Z /opt/hostedtoolcache/Python/3.11.13/x64/lib/python3.11/site-packages/coverage/report_core.py:118: CoverageWarning: Couldn't parse '/home/runner/work/AWA-App/AWA-App/C:\Users\Alexey\Documents\GitHub\AWA-App\services\etl\dialects\amazon_reimbursements.py': No source for code: '/home/runner/work/AWA-App/AWA-App/C:\Users\Alexey\Documents\GitHub\AWA-App\services\etl\dialects\amazon_reimbursements.py'. (couldnt-parse)
2025-08-18T23:29:34.0000606Z   coverage._warn(msg, slug="couldnt-parse")
2025-08-18T23:29:34.0002251Z /opt/hostedtoolcache/Python/3.11.13/x64/lib/python3.11/site-packages/coverage/report_core.py:118: CoverageWarning: Couldn't parse '/home/runner/work/AWA-App/AWA-App/C:\Users\Alexey\Documents\GitHub\AWA-App\services\etl\dialects\amazon_returns.py': No source for code: '/home/runner/work/AWA-App/AWA-App/C:\Users\Alexey\Documents\GitHub\AWA-App\services\etl\dialects\amazon_returns.py'. (couldnt-parse)
2025-08-18T23:29:34.0003821Z   coverage._warn(msg, slug="couldnt-parse")
2025-08-18T23:29:34.0005430Z /opt/hostedtoolcache/Python/3.11.13/x64/lib/python3.11/site-packages/coverage/report_core.py:118: CoverageWarning: Couldn't parse '/home/runner/work/AWA-App/AWA-App/C:\Users\Alexey\Documents\GitHub\AWA-App\services\etl\fba_fee_ingestor.py': No source for code: '/home/runner/work/AWA-App/AWA-App/C:\Users\Alexey\Documents\GitHub\AWA-App\services\etl\fba_fee_ingestor.py'. (couldnt-parse)
2025-08-18T23:29:34.0006994Z   coverage._warn(msg, slug="couldnt-parse")
2025-08-18T23:29:34.0008559Z /opt/hostedtoolcache/Python/3.11.13/x64/lib/python3.11/site-packages/coverage/report_core.py:118: CoverageWarning: Couldn't parse '/home/runner/work/AWA-App/AWA-App/C:\Users\Alexey\Documents\GitHub\AWA-App\services\etl\keepa_ingestor.py': No source for code: '/home/runner/work/AWA-App/AWA-App/C:\Users\Alexey\Documents\GitHub\AWA-App\services\etl\keepa_ingestor.py'. (couldnt-parse)
2025-08-18T23:29:34.0009942Z   coverage._warn(msg, slug="couldnt-parse")
2025-08-18T23:29:34.0011445Z /opt/hostedtoolcache/Python/3.11.13/x64/lib/python3.11/site-packages/coverage/report_core.py:118: CoverageWarning: Couldn't parse '/home/runner/work/AWA-App/AWA-App/C:\Users\Alexey\Documents\GitHub\AWA-App\services\etl\sp_fees_ingestor.py': No source for code: '/home/runner/work/AWA-App/AWA-App/C:\Users\Alexey\Documents\GitHub\AWA-App\services\etl\sp_fees_ingestor.py'. (couldnt-parse)
2025-08-18T23:29:34.0012904Z   coverage._warn(msg, slug="couldnt-parse")
2025-08-18T23:29:34.0014534Z /opt/hostedtoolcache/Python/3.11.13/x64/lib/python3.11/site-packages/coverage/report_core.py:118: CoverageWarning: Couldn't parse '/home/runner/work/AWA-App/AWA-App/C:\Users\Alexey\Documents\GitHub\AWA-App\services\fees_h10\__init__.py': No source for code: '/home/runner/work/AWA-App/AWA-App/C:\Users\Alexey\Documents\GitHub\AWA-App\services\fees_h10\__init__.py'. (couldnt-parse)
2025-08-18T23:29:34.0015892Z   coverage._warn(msg, slug="couldnt-parse")
2025-08-18T23:29:34.0017518Z /opt/hostedtoolcache/Python/3.11.13/x64/lib/python3.11/site-packages/coverage/report_core.py:118: CoverageWarning: Couldn't parse '/home/runner/work/AWA-App/AWA-App/C:\Users\Alexey\Documents\GitHub\AWA-App\services\fees_h10\client.py': No source for code: '/home/runner/work/AWA-App/AWA-App/C:\Users\Alexey\Documents\GitHub\AWA-App\services\fees_h10\client.py'. (couldnt-parse)
2025-08-18T23:29:34.0018975Z   coverage._warn(msg, slug="couldnt-parse")
2025-08-18T23:29:34.0020439Z /opt/hostedtoolcache/Python/3.11.13/x64/lib/python3.11/site-packages/coverage/report_core.py:118: CoverageWarning: Couldn't parse '/home/runner/work/AWA-App/AWA-App/C:\Users\Alexey\Documents\GitHub\AWA-App\services\fees_h10\repository.py': No source for code: '/home/runner/work/AWA-App/AWA-App/C:\Users\Alexey\Documents\GitHub\AWA-App\services\fees_h10\repository.py'. (couldnt-parse)
2025-08-18T23:29:34.0021960Z   coverage._warn(msg, slug="couldnt-parse")
2025-08-18T23:29:34.0023518Z /opt/hostedtoolcache/Python/3.11.13/x64/lib/python3.11/site-packages/coverage/report_core.py:118: CoverageWarning: Couldn't parse '/home/runner/work/AWA-App/AWA-App/C:\Users\Alexey\Documents\GitHub\AWA-App\services\fees_h10\worker.py': No source for code: '/home/runner/work/AWA-App/AWA-App/C:\Users\Alexey\Documents\GitHub\AWA-App\services\fees_h10\worker.py'. (couldnt-parse)
2025-08-18T23:29:34.0025091Z   coverage._warn(msg, slug="couldnt-parse")
2025-08-18T23:29:34.0026896Z /opt/hostedtoolcache/Python/3.11.13/x64/lib/python3.11/site-packages/coverage/report_core.py:118: CoverageWarning: Couldn't parse '/home/runner/work/AWA-App/AWA-App/C:\Users\Alexey\Documents\GitHub\AWA-App\services\ingest\__init__.py': No source for code: '/home/runner/work/AWA-App/AWA-App/C:\Users\Alexey\Documents\GitHub\AWA-App\services\ingest\__init__.py'. (couldnt-parse)
2025-08-18T23:29:34.0028873Z   coverage._warn(msg, slug="couldnt-parse")
2025-08-18T23:29:34.0030218Z /opt/hostedtoolcache/Python/3.11.13/x64/lib/python3.11/site-packages/coverage/report_core.py:118: CoverageWarning: Couldn't parse '/home/runner/work/AWA-App/AWA-App/C:\Users\Alexey\Documents\GitHub\AWA-App\services\ingest\email_watcher.py': No source for code: '/home/runner/work/AWA-App/AWA-App/C:\Users\Alexey\Documents\GitHub\AWA-App\services\ingest\email_watcher.py'. (couldnt-parse)
2025-08-18T23:29:34.0031835Z   coverage._warn(msg, slug="couldnt-parse")
2025-08-18T23:29:34.0033475Z /opt/hostedtoolcache/Python/3.11.13/x64/lib/python3.11/site-packages/coverage/report_core.py:118: CoverageWarning: Couldn't parse '/home/runner/work/AWA-App/AWA-App/C:\Users\Alexey\Documents\GitHub\AWA-App\services\ingest\ingest_router.py': No source for code: '/home/runner/work/AWA-App/AWA-App/C:\Users\Alexey\Documents\GitHub\AWA-App\services\ingest\ingest_router.py'. (couldnt-parse)
2025-08-18T23:29:34.0035097Z   coverage._warn(msg, slug="couldnt-parse")
2025-08-18T23:29:34.0036412Z /opt/hostedtoolcache/Python/3.11.13/x64/lib/python3.11/site-packages/coverage/report_core.py:118: CoverageWarning: Couldn't parse '/home/runner/work/AWA-App/AWA-App/C:\Users\Alexey\Documents\GitHub\AWA-App\services\ingest\upload_router.py': No source for code: '/home/runner/work/AWA-App/AWA-App/C:\Users\Alexey\Documents\GitHub\AWA-App\services\ingest\upload_router.py'. (couldnt-parse)
2025-08-18T23:29:34.0037999Z   coverage._warn(msg, slug="couldnt-parse")
2025-08-18T23:29:34.0039305Z /opt/hostedtoolcache/Python/3.11.13/x64/lib/python3.11/site-packages/coverage/report_core.py:118: CoverageWarning: Couldn't parse '/home/runner/work/AWA-App/AWA-App/C:\Users\Alexey\Documents\GitHub\AWA-App\services\llm_server\__init__.py': No source for code: '/home/runner/work/AWA-App/AWA-App/C:\Users\Alexey\Documents\GitHub\AWA-App\services\llm_server\__init__.py'. (couldnt-parse)
2025-08-18T23:29:34.0041005Z   coverage._warn(msg, slug="couldnt-parse")
2025-08-18T23:29:34.0042550Z /opt/hostedtoolcache/Python/3.11.13/x64/lib/python3.11/site-packages/coverage/report_core.py:118: CoverageWarning: Couldn't parse '/home/runner/work/AWA-App/AWA-App/C:\Users\Alexey\Documents\GitHub\AWA-App\services\llm_server\app.py': No source for code: '/home/runner/work/AWA-App/AWA-App/C:\Users\Alexey\Documents\GitHub\AWA-App\services\llm_server\app.py'. (couldnt-parse)
2025-08-18T23:29:34.0044023Z   coverage._warn(msg, slug="couldnt-parse")
2025-08-18T23:29:34.0045442Z /opt/hostedtoolcache/Python/3.11.13/x64/lib/python3.11/site-packages/coverage/report_core.py:118: CoverageWarning: Couldn't parse '/home/runner/work/AWA-App/AWA-App/C:\Users\Alexey\Documents\GitHub\AWA-App\services\logistics_etl\__init__.py': No source for code: '/home/runner/work/AWA-App/AWA-App/C:\Users\Alexey\Documents\GitHub\AWA-App\services\logistics_etl\__init__.py'. (couldnt-parse)
2025-08-18T23:29:34.0046950Z   coverage._warn(msg, slug="couldnt-parse")
2025-08-18T23:29:34.0048405Z /opt/hostedtoolcache/Python/3.11.13/x64/lib/python3.11/site-packages/coverage/report_core.py:118: CoverageWarning: Couldn't parse '/home/runner/work/AWA-App/AWA-App/C:\Users\Alexey\Documents\GitHub\AWA-App\services\logistics_etl\__main__.py': No source for code: '/home/runner/work/AWA-App/AWA-App/C:\Users\Alexey\Documents\GitHub\AWA-App\services\logistics_etl\__main__.py'. (couldnt-parse)
2025-08-18T23:29:34.0049849Z   coverage._warn(msg, slug="couldnt-parse")
2025-08-18T23:29:34.0051309Z /opt/hostedtoolcache/Python/3.11.13/x64/lib/python3.11/site-packages/coverage/report_core.py:118: CoverageWarning: Couldn't parse '/home/runner/work/AWA-App/AWA-App/C:\Users\Alexey\Documents\GitHub\AWA-App\services\logistics_etl\client.py': No source for code: '/home/runner/work/AWA-App/AWA-App/C:\Users\Alexey\Documents\GitHub\AWA-App\services\logistics_etl\client.py'. (couldnt-parse)
2025-08-18T23:29:34.0052959Z   coverage._warn(msg, slug="couldnt-parse")
2025-08-18T23:29:34.0054412Z /opt/hostedtoolcache/Python/3.11.13/x64/lib/python3.11/site-packages/coverage/report_core.py:118: CoverageWarning: Couldn't parse '/home/runner/work/AWA-App/AWA-App/C:\Users\Alexey\Documents\GitHub\AWA-App\services\logistics_etl\cron.py': No source for code: '/home/runner/work/AWA-App/AWA-App/C:\Users\Alexey\Documents\GitHub\AWA-App\services\logistics_etl\cron.py'. (couldnt-parse)
2025-08-18T23:29:34.0055883Z   coverage._warn(msg, slug="couldnt-parse")
2025-08-18T23:29:34.0057317Z /opt/hostedtoolcache/Python/3.11.13/x64/lib/python3.11/site-packages/coverage/report_core.py:118: CoverageWarning: Couldn't parse '/home/runner/work/AWA-App/AWA-App/C:\Users\Alexey\Documents\GitHub\AWA-App\services\logistics_etl\db.py': No source for code: '/home/runner/work/AWA-App/AWA-App/C:\Users\Alexey\Documents\GitHub\AWA-App\services\logistics_etl\db.py'. (couldnt-parse)
2025-08-18T23:29:34.0058926Z   coverage._warn(msg, slug="couldnt-parse")
2025-08-18T23:29:34.0060599Z /opt/hostedtoolcache/Python/3.11.13/x64/lib/python3.11/site-packages/coverage/report_core.py:118: CoverageWarning: Couldn't parse '/home/runner/work/AWA-App/AWA-App/C:\Users\Alexey\Documents\GitHub\AWA-App\services\logistics_etl\flow.py': No source for code: '/home/runner/work/AWA-App/AWA-App/C:\Users\Alexey\Documents\GitHub\AWA-App\services\logistics_etl\flow.py'. (couldnt-parse)
2025-08-18T23:29:34.0062497Z   coverage._warn(msg, slug="couldnt-parse")
2025-08-18T23:29:34.0064180Z /opt/hostedtoolcache/Python/3.11.13/x64/lib/python3.11/site-packages/coverage/report_core.py:118: CoverageWarning: Couldn't parse '/home/runner/work/AWA-App/AWA-App/C:\Users\Alexey\Documents\GitHub\AWA-App\services\logistics_etl\repository.py': No source for code: '/home/runner/work/AWA-App/AWA-App/C:\Users\Alexey\Documents\GitHub\AWA-App\services\logistics_etl\repository.py'. (couldnt-parse)
2025-08-18T23:29:34.0065746Z   coverage._warn(msg, slug="couldnt-parse")
2025-08-18T23:29:34.0067697Z /opt/hostedtoolcache/Python/3.11.13/x64/lib/python3.11/site-packages/coverage/report_core.py:118: CoverageWarning: Couldn't parse '/home/runner/work/AWA-App/AWA-App/C:\Users\Alexey\Documents\GitHub\AWA-App\services\price_importer\__init__.py': No source for code: '/home/runner/work/AWA-App/AWA-App/C:\Users\Alexey\Documents\GitHub\AWA-App\services\price_importer\__init__.py'. (couldnt-parse)
2025-08-18T23:29:34.0069048Z   coverage._warn(msg, slug="couldnt-parse")
2025-08-18T23:29:34.0070475Z /opt/hostedtoolcache/Python/3.11.13/x64/lib/python3.11/site-packages/coverage/report_core.py:118: CoverageWarning: Couldn't parse '/home/runner/work/AWA-App/AWA-App/C:\Users\Alexey\Documents\GitHub\AWA-App\services\price_importer\common\__init__.py': No source for code: '/home/runner/work/AWA-App/AWA-App/C:\Users\Alexey\Documents\GitHub\AWA-App\services\price_importer\common\__init__.py'. (couldnt-parse)
2025-08-18T23:29:34.0072443Z   coverage._warn(msg, slug="couldnt-parse")
2025-08-18T23:29:34.0074108Z /opt/hostedtoolcache/Python/3.11.13/x64/lib/python3.11/site-packages/coverage/report_core.py:118: CoverageWarning: Couldn't parse '/home/runner/work/AWA-App/AWA-App/C:\Users\Alexey\Documents\GitHub\AWA-App\services\price_importer\common\base.py': No source for code: '/home/runner/work/AWA-App/AWA-App/C:\Users\Alexey\Documents\GitHub\AWA-App\services\price_importer\common\base.py'. (couldnt-parse)
2025-08-18T23:29:34.0075672Z   coverage._warn(msg, slug="couldnt-parse")
2025-08-18T23:29:34.0077530Z /opt/hostedtoolcache/Python/3.11.13/x64/lib/python3.11/site-packages/coverage/report_core.py:118: CoverageWarning: Couldn't parse '/home/runner/work/AWA-App/AWA-App/C:\Users\Alexey\Documents\GitHub\AWA-App\services\price_importer\common\db_url.py': No source for code: '/home/runner/work/AWA-App/AWA-App/C:\Users\Alexey\Documents\GitHub\AWA-App\services\price_importer\common\db_url.py'. (couldnt-parse)
2025-08-18T23:29:34.0078910Z   coverage._warn(msg, slug="couldnt-parse")
2025-08-18T23:29:34.0080877Z /opt/hostedtoolcache/Python/3.11.13/x64/lib/python3.11/site-packages/coverage/report_core.py:118: CoverageWarning: Couldn't parse '/home/runner/work/AWA-App/AWA-App/C:\Users\Alexey\Documents\GitHub\AWA-App\services\price_importer\common\models_vendor.py': No source for code: '/home/runner/work/AWA-App/AWA-App/C:\Users\Alexey\Documents\GitHub\AWA-App\services\price_importer\common\models_vendor.py'. (couldnt-parse)
2025-08-18T23:29:34.0082874Z   coverage._warn(msg, slug="couldnt-parse")
2025-08-18T23:29:34.0084206Z /opt/hostedtoolcache/Python/3.11.13/x64/lib/python3.11/site-packages/coverage/report_core.py:118: CoverageWarning: Couldn't parse '/home/runner/work/AWA-App/AWA-App/C:\Users\Alexey\Documents\GitHub\AWA-App\services\price_importer\import.py': No source for code: '/home/runner/work/AWA-App/AWA-App/C:\Users\Alexey\Documents\GitHub\AWA-App\services\price_importer\import.py'. (couldnt-parse)
2025-08-18T23:29:34.0086209Z   coverage._warn(msg, slug="couldnt-parse")
2025-08-18T23:29:34.0087807Z /opt/hostedtoolcache/Python/3.11.13/x64/lib/python3.11/site-packages/coverage/report_core.py:118: CoverageWarning: Couldn't parse '/home/runner/work/AWA-App/AWA-App/C:\Users\Alexey\Documents\GitHub\AWA-App\services\price_importer\normaliser.py': No source for code: '/home/runner/work/AWA-App/AWA-App/C:\Users\Alexey\Documents\GitHub\AWA-App\services\price_importer\normaliser.py'. (couldnt-parse)
2025-08-18T23:29:34.0089423Z   coverage._warn(msg, slug="couldnt-parse")
2025-08-18T23:29:34.0091215Z /opt/hostedtoolcache/Python/3.11.13/x64/lib/python3.11/site-packages/coverage/report_core.py:118: CoverageWarning: Couldn't parse '/home/runner/work/AWA-App/AWA-App/C:\Users\Alexey\Documents\GitHub\AWA-App\services\price_importer\reader.py': No source for code: '/home/runner/work/AWA-App/AWA-App/C:\Users\Alexey\Documents\GitHub\AWA-App\services\price_importer\reader.py'. (couldnt-parse)
2025-08-18T23:29:34.0092687Z   coverage._warn(msg, slug="couldnt-parse")
2025-08-18T23:29:34.0094789Z /opt/hostedtoolcache/Python/3.11.13/x64/lib/python3.11/site-packages/coverage/report_core.py:118: CoverageWarning: Couldn't parse '/home/runner/work/AWA-App/AWA-App/C:\Users\Alexey\Documents\GitHub\AWA-App\services\price_importer\repository.py': No source for code: '/home/runner/work/AWA-App/AWA-App/C:\Users\Alexey\Documents\GitHub\AWA-App\services\price_importer\repository.py'. (couldnt-parse)
2025-08-18T23:29:34.0096466Z   coverage._warn(msg, slug="couldnt-parse")
2025-08-18T23:29:34.0098126Z /opt/hostedtoolcache/Python/3.11.13/x64/lib/python3.11/site-packages/coverage/report_core.py:118: CoverageWarning: Couldn't parse '/home/runner/work/AWA-App/AWA-App/C:\Users\Alexey\Documents\GitHub\AWA-App\services\price_importer\services_common\__init__.py': No source for code: '/home/runner/work/AWA-App/AWA-App/C:\Users\Alexey\Documents\GitHub\AWA-App\services\price_importer\services_common\__init__.py'. (couldnt-parse)
2025-08-18T23:29:34.0100048Z   coverage._warn(msg, slug="couldnt-parse")
2025-08-18T23:29:34.0101709Z /opt/hostedtoolcache/Python/3.11.13/x64/lib/python3.11/site-packages/coverage/report_core.py:118: CoverageWarning: Couldn't parse '/home/runner/work/AWA-App/AWA-App/C:\Users\Alexey\Documents\GitHub\AWA-App\services\price_importer\services_common\base.py': No source for code: '/home/runner/work/AWA-App/AWA-App/C:\Users\Alexey\Documents\GitHub\AWA-App\services\price_importer\services_common\base.py'. (couldnt-parse)
2025-08-18T23:29:34.0103655Z   coverage._warn(msg, slug="couldnt-parse")
2025-08-18T23:29:34.0105056Z /opt/hostedtoolcache/Python/3.11.13/x64/lib/python3.11/site-packages/coverage/report_core.py:118: CoverageWarning: Couldn't parse '/home/runner/work/AWA-App/AWA-App/C:\Users\Alexey\Documents\GitHub\AWA-App\services\price_importer\services_common\db.py': No source for code: '/home/runner/work/AWA-App/AWA-App/C:\Users\Alexey\Documents\GitHub\AWA-App\services\price_importer\services_common\db.py'. (couldnt-parse)
2025-08-18T23:29:34.0106467Z   coverage._warn(msg, slug="couldnt-parse")
2025-08-18T23:29:34.0107895Z /opt/hostedtoolcache/Python/3.11.13/x64/lib/python3.11/site-packages/coverage/report_core.py:118: CoverageWarning: Couldn't parse '/home/runner/work/AWA-App/AWA-App/C:\Users\Alexey\Documents\GitHub\AWA-App\services\price_importer\services_common\db_url.py': No source for code: '/home/runner/work/AWA-App/AWA-App/C:\Users\Alexey\Documents\GitHub\AWA-App\services\price_importer\services_common\db_url.py'. (couldnt-parse)
2025-08-18T23:29:34.0109313Z   coverage._warn(msg, slug="couldnt-parse")
2025-08-18T23:29:34.0110720Z /opt/hostedtoolcache/Python/3.11.13/x64/lib/python3.11/site-packages/coverage/report_core.py:118: CoverageWarning: Couldn't parse '/home/runner/work/AWA-App/AWA-App/C:\Users\Alexey\Documents\GitHub\AWA-App\services\price_importer\services_common\dsn.py': No source for code: '/home/runner/work/AWA-App/AWA-App/C:\Users\Alexey\Documents\GitHub\AWA-App\services\price_importer\services_common\dsn.py'. (couldnt-parse)
2025-08-18T23:29:34.0112397Z   coverage._warn(msg, slug="couldnt-parse")
2025-08-18T23:29:34.0113827Z /opt/hostedtoolcache/Python/3.11.13/x64/lib/python3.11/site-packages/coverage/report_core.py:118: CoverageWarning: Couldn't parse '/home/runner/work/AWA-App/AWA-App/C:\Users\Alexey\Documents\GitHub\AWA-App\services\price_importer\services_common\keepa.py': No source for code: '/home/runner/work/AWA-App/AWA-App/C:\Users\Alexey\Documents\GitHub\AWA-App\services\price_importer\services_common\keepa.py'. (couldnt-parse)
2025-08-18T23:29:34.0115261Z   coverage._warn(msg, slug="couldnt-parse")
2025-08-18T23:29:34.0116728Z /opt/hostedtoolcache/Python/3.11.13/x64/lib/python3.11/site-packages/coverage/report_core.py:118: CoverageWarning: Couldn't parse '/home/runner/work/AWA-App/AWA-App/C:\Users\Alexey\Documents\GitHub\AWA-App\services\price_importer\services_common\llm.py': No source for code: '/home/runner/work/AWA-App/AWA-App/C:\Users\Alexey\Documents\GitHub\AWA-App\services\price_importer\services_common\llm.py'. (couldnt-parse)
2025-08-18T23:29:34.0118138Z   coverage._warn(msg, slug="couldnt-parse")
2025-08-18T23:29:34.0119730Z /opt/hostedtoolcache/Python/3.11.13/x64/lib/python3.11/site-packages/coverage/report_core.py:118: CoverageWarning: Couldn't parse '/home/runner/work/AWA-App/AWA-App/C:\Users\Alexey\Documents\GitHub\AWA-App\services\price_importer\services_common\models_vendor.py': No source for code: '/home/runner/work/AWA-App/AWA-App/C:\Users\Alexey\Documents\GitHub\AWA-App\services\price_importer\services_common\models_vendor.py'. (couldnt-parse)
2025-08-18T23:29:34.0121530Z   coverage._warn(msg, slug="couldnt-parse")
2025-08-18T23:29:34.0123230Z /opt/hostedtoolcache/Python/3.11.13/x64/lib/python3.11/site-packages/coverage/report_core.py:118: CoverageWarning: Couldn't parse '/home/runner/work/AWA-App/AWA-App/C:\Users\Alexey\Documents\GitHub\AWA-App\services\price_importer\services_common\settings.py': No source for code: '/home/runner/work/AWA-App/AWA-App/C:\Users\Alexey\Documents\GitHub\AWA-App\services\price_importer\services_common\settings.py'. (couldnt-parse)
2025-08-18T23:29:34.0124758Z   coverage._warn(msg, slug="couldnt-parse")
2025-08-18T23:29:34.0126227Z /opt/hostedtoolcache/Python/3.11.13/x64/lib/python3.11/site-packages/coverage/report_core.py:118: CoverageWarning: Couldn't parse '/home/runner/work/AWA-App/AWA-App/C:\Users\Alexey\Documents\GitHub\AWA-App\services\repricer\__init__.py': No source for code: '/home/runner/work/AWA-App/AWA-App/C:\Users\Alexey\Documents\GitHub\AWA-App\services\repricer\__init__.py'. (couldnt-parse)
2025-08-18T23:29:34.0127649Z   coverage._warn(msg, slug="couldnt-parse")
2025-08-18T23:29:34.0129083Z /opt/hostedtoolcache/Python/3.11.13/x64/lib/python3.11/site-packages/coverage/report_core.py:118: CoverageWarning: Couldn't parse '/home/runner/work/AWA-App/AWA-App/C:\Users\Alexey\Documents\GitHub\AWA-App\services\repricer\app\__init__.py': No source for code: '/home/runner/work/AWA-App/AWA-App/C:\Users\Alexey\Documents\GitHub\AWA-App\services\repricer\app\__init__.py'. (couldnt-parse)
2025-08-18T23:29:34.0130505Z   coverage._warn(msg, slug="couldnt-parse")
2025-08-18T23:29:34.0131893Z /opt/hostedtoolcache/Python/3.11.13/x64/lib/python3.11/site-packages/coverage/report_core.py:118: CoverageWarning: Couldn't parse '/home/runner/work/AWA-App/AWA-App/C:\Users\Alexey\Documents\GitHub\AWA-App\services\repricer\app\deps.py': No source for code: '/home/runner/work/AWA-App/AWA-App/C:\Users\Alexey\Documents\GitHub\AWA-App\services\repricer\app\deps.py'. (couldnt-parse)
2025-08-18T23:29:34.0133447Z   coverage._warn(msg, slug="couldnt-parse")
2025-08-18T23:29:34.0134845Z /opt/hostedtoolcache/Python/3.11.13/x64/lib/python3.11/site-packages/coverage/report_core.py:118: CoverageWarning: Couldn't parse '/home/runner/work/AWA-App/AWA-App/C:\Users\Alexey\Documents\GitHub\AWA-App\services\repricer\app\logic.py': No source for code: '/home/runner/work/AWA-App/AWA-App/C:\Users\Alexey\Documents\GitHub\AWA-App\services\repricer\app\logic.py'. (couldnt-parse)
2025-08-18T23:29:34.0136386Z   coverage._warn(msg, slug="couldnt-parse")
2025-08-18T23:29:34.0137828Z /opt/hostedtoolcache/Python/3.11.13/x64/lib/python3.11/site-packages/coverage/report_core.py:118: CoverageWarning: Couldn't parse '/home/runner/work/AWA-App/AWA-App/C:\Users\Alexey\Documents\GitHub\AWA-App\services\repricer\app\main.py': No source for code: '/home/runner/work/AWA-App/AWA-App/C:\Users\Alexey\Documents\GitHub\AWA-App\services\repricer\app\main.py'. (couldnt-parse)
2025-08-18T23:29:34.0139218Z   coverage._warn(msg, slug="couldnt-parse")
2025-08-18T23:29:34.0140612Z /opt/hostedtoolcache/Python/3.11.13/x64/lib/python3.11/site-packages/coverage/report_core.py:118: CoverageWarning: Couldn't parse '/home/runner/work/AWA-App/AWA-App/C:\Users\Alexey\Documents\GitHub\AWA-App\services\repricer\app\schemas.py': No source for code: '/home/runner/work/AWA-App/AWA-App/C:\Users\Alexey\Documents\GitHub\AWA-App\services\repricer\app\schemas.py'. (couldnt-parse)
2025-08-18T23:29:34.0142132Z   coverage._warn(msg, slug="couldnt-parse")
2025-08-18T23:29:34.0143760Z /opt/hostedtoolcache/Python/3.11.13/x64/lib/python3.11/site-packages/coverage/report_core.py:118: CoverageWarning: Couldn't parse '/home/runner/work/AWA-App/AWA-App/C:\Users\Alexey\Documents\GitHub\AWA-App\services\returns_etl\loader.py': No source for code: '/home/runner/work/AWA-App/AWA-App/C:\Users\Alexey\Documents\GitHub\AWA-App\services\returns_etl\loader.py'. (couldnt-parse)
2025-08-18T23:29:34.0145209Z   coverage._warn(msg, slug="couldnt-parse")
2025-08-18T23:29:34.3621520Z ............                                                             [100%]
2025-08-18T23:29:34.3622253Z ================================ tests coverage ================================
2025-08-18T23:29:34.3623469Z _______________ coverage: platform linux, python 3.11.13-final-0 _______________
2025-08-18T23:29:34.3624155Z 
2025-08-18T23:29:34.3624407Z Coverage XML written to file coverage.xml
2025-08-18T23:29:34.4956973Z ##[group]Run actions/upload-artifact@v4
2025-08-18T23:29:34.4957330Z with:
2025-08-18T23:29:34.4957610Z   name: coverage.integration
2025-08-18T23:29:34.4958006Z   path: .coverage
2025-08-18T23:29:34.4958313Z   if-no-files-found: warn
2025-08-18T23:29:34.4958622Z   compression-level: 6
2025-08-18T23:29:34.4958960Z   overwrite: false
2025-08-18T23:29:34.4959218Z   include-hidden-files: false
2025-08-18T23:29:34.4959561Z env:
2025-08-18T23:29:34.4959865Z   PG_USER: postgres
2025-08-18T23:29:34.4960147Z   PG_PASSWORD: pass
2025-08-18T23:29:34.4960408Z   PG_DATABASE: awa
2025-08-18T23:29:34.4960741Z   PG_HOST: localhost
2025-08-18T23:29:34.4960986Z   PG_PORT: 5432
2025-08-18T23:29:34.4961617Z   PG_SYNC_DSN: ***localhost:5432/awa
2025-08-18T23:29:34.4962166Z   PG_ASYNC_DSN: ***localhost:5432/awa
2025-08-18T23:29:34.4963037Z   DATABASE_URL: ***localhost:5432/awa
2025-08-18T23:29:34.4963366Z   DATA_DIR: /tmp/awa-data
2025-08-18T23:29:34.4963700Z   ENABLE_LIVE: 0
2025-08-18T23:29:34.4964131Z   TESTING: 1
2025-08-18T23:29:34.4964465Z   pythonLocation: /opt/hostedtoolcache/Python/3.11.13/x64
2025-08-18T23:29:34.4964994Z   PKG_CONFIG_PATH: /opt/hostedtoolcache/Python/3.11.13/x64/lib/pkgconfig
2025-08-18T23:29:34.4965453Z   Python_ROOT_DIR: /opt/hostedtoolcache/Python/3.11.13/x64
2025-08-18T23:29:34.4965924Z   Python2_ROOT_DIR: /opt/hostedtoolcache/Python/3.11.13/x64
2025-08-18T23:29:34.4966400Z   Python3_ROOT_DIR: /opt/hostedtoolcache/Python/3.11.13/x64
2025-08-18T23:29:34.4966861Z   LD_LIBRARY_PATH: /opt/hostedtoolcache/Python/3.11.13/x64/lib
2025-08-18T23:29:34.4967248Z ##[endgroup]
2025-08-18T23:29:34.7089981Z ##[warning]No files were found with the provided path: .coverage. No artifacts will be uploaded.
2025-08-18T23:29:34.7689226Z Post job cleanup.
2025-08-18T23:29:34.9039735Z Cache hit occurred on the primary key Linux-int-5e718741e550cec7917fae13efe91a31293d04a98c3c0932315e8f58598cbd2c, not saving cache.
2025-08-18T23:29:34.9122539Z Post job cleanup.
2025-08-18T23:29:35.0619996Z Cache hit occurred on the primary key setup-python-Linux-x64-24.04-Ubuntu-python-3.11.13-pip-5e718741e550cec7917fae13efe91a31293d04a98c3c0932315e8f58598cbd2c, not saving cache.
2025-08-18T23:29:35.0737905Z Post job cleanup.
2025-08-18T23:29:35.1666289Z [command]/usr/bin/git version
2025-08-18T23:29:35.1702000Z git version 2.50.1
2025-08-18T23:29:35.1744287Z Temporarily overriding HOME='/home/runner/work/_temp/e135ab25-7c3f-4b2c-a591-8a77dc334b05' before making global git config changes
2025-08-18T23:29:35.1745516Z Adding repository directory to the temporary git global config as a safe directory
2025-08-18T23:29:35.1749894Z [command]/usr/bin/git config --global --add safe.directory /home/runner/work/AWA-App/AWA-App
2025-08-18T23:29:35.1790119Z [command]/usr/bin/git config --local --name-only --get-regexp core\.sshCommand
2025-08-18T23:29:35.1822731Z [command]/usr/bin/git submodule foreach --recursive sh -c "git config --local --name-only --get-regexp 'core\.sshCommand' && git config --local --unset-all 'core.sshCommand' || :"
2025-08-18T23:29:35.2056710Z [command]/usr/bin/git config --local --name-only --get-regexp http\.https\:\/\/github\.com\/\.extraheader
2025-08-18T23:29:35.2077591Z http.https://github.com/.extraheader
2025-08-18T23:29:35.2090064Z [command]/usr/bin/git config --local --unset-all http.https://github.com/.extraheader
2025-08-18T23:29:35.2123699Z [command]/usr/bin/git submodule foreach --recursive sh -c "git config --local --name-only --get-regexp 'http\.https\:\/\/github\.com\/\.extraheader' && git config --local --unset-all 'http.https://github.com/.extraheader' || :"
2025-08-18T23:29:35.2433594Z Print service container logs: 1b184fa9b7c84c9ea20cf4ee48957192_postgres15_f9de09
2025-08-18T23:29:35.2438280Z ##[command]/usr/bin/docker logs --details 1f2956a77401169d4766c367e7142ecf1230e0ce412d6960ae5cf80c063a2cfb
2025-08-18T23:29:35.2556123Z  The files belonging to this database system will be owned by user "postgres".
2025-08-18T23:29:35.2557757Z  initdb: warning: enabling "trust" authentication for local connections
2025-08-18T23:29:35.2558927Z  initdb: hint: You can change this by editing pg_hba.conf or using the option -A, or --auth-local and --auth-host, the next time you run initdb.
2025-08-18T23:29:35.2560383Z  2025-08-18 23:28:40.065 UTC [1] LOG:  starting PostgreSQL 15.14 (Debian 15.14-1.pgdg13+1) on x86_64-pc-linux-gnu, compiled by gcc (Debian 14.2.0-19) 14.2.0, 64-bit
2025-08-18T23:29:35.2561463Z  2025-08-18 23:28:40.065 UTC [1] LOG:  listening on IPv4 address "0.0.0.0", port 5432
2025-08-18T23:29:35.2562203Z  2025-08-18 23:28:40.065 UTC [1] LOG:  listening on IPv6 address "::", port 5432
2025-08-18T23:29:35.2563176Z  2025-08-18 23:28:40.067 UTC [1] LOG:  listening on Unix socket "/var/run/postgresql/.s.PGSQL.5432"
2025-08-18T23:29:35.2564026Z  2025-08-18 23:28:40.071 UTC [64] LOG:  database system was shut down at 2025-08-18 23:28:39 UTC
2025-08-18T23:29:35.2564804Z  2025-08-18 23:28:40.075 UTC [1] LOG:  database system is ready to accept connections
2025-08-18T23:29:35.2565452Z  This user must also own the server process.
2025-08-18T23:29:35.2565867Z  
2025-08-18T23:29:35.2566278Z  The database cluster will be initialized with locale "en_US.utf8".
2025-08-18T23:29:35.2566957Z  The default database encoding has accordingly been set to "UTF8".
2025-08-18T23:29:35.2567635Z  The default text search configuration will be set to "english".
2025-08-18T23:29:35.2568144Z  
2025-08-18T23:29:35.2568423Z  Data page checksums are disabled.
2025-08-18T23:29:35.2568807Z  
2025-08-18T23:29:35.2569262Z  fixing permissions on existing directory /var/lib/postgresql/data ... ok
2025-08-18T23:29:35.2569887Z  creating subdirectories ... ok
2025-08-18T23:29:35.2570385Z  selecting dynamic shared memory implementation ... posix
2025-08-18T23:29:35.2570939Z  selecting default max_connections ... 100
2025-08-18T23:29:35.2571411Z  selecting default shared_buffers ... 128MB
2025-08-18T23:29:35.2571864Z  selecting default time zone ... Etc/UTC
2025-08-18T23:29:35.2572432Z  creating configuration files ... ok
2025-08-18T23:29:35.2573134Z  running bootstrap script ... ok
2025-08-18T23:29:35.2573604Z  performing post-bootstrap initialization ... ok
2025-08-18T23:29:35.2574250Z  syncing data to disk ... ok
2025-08-18T23:29:35.2574639Z  
2025-08-18T23:29:35.2574884Z  
2025-08-18T23:29:35.2575226Z  Success. You can now start the database server using:
2025-08-18T23:29:35.2588013Z  
2025-08-18T23:29:35.2588314Z      pg_ctl -D /var/lib/postgresql/data -l logfile start
2025-08-18T23:29:35.2588615Z  
2025-08-18T23:29:35.2589215Z  waiting for server to start....2025-08-18 23:28:39.757 UTC [48] LOG:  starting PostgreSQL 15.14 (Debian 15.14-1.pgdg13+1) on x86_64-pc-linux-gnu, compiled by gcc (Debian 14.2.0-19) 14.2.0, 64-bit
2025-08-18T23:29:35.2590000Z  2025-08-18 23:28:39.758 UTC [48] LOG:  listening on Unix socket "/var/run/postgresql/.s.PGSQL.5432"
2025-08-18T23:29:35.2590529Z  2025-08-18 23:28:39.763 UTC [51] LOG:  database system was shut down at 2025-08-18 23:28:39 UTC
2025-08-18T23:29:35.2590976Z  2025-08-18 23:28:39.767 UTC [48] LOG:  database system is ready to accept connections
2025-08-18T23:29:35.2591313Z   done
2025-08-18T23:29:35.2591479Z  server started
2025-08-18T23:29:35.2591663Z  CREATE DATABASE
2025-08-18T23:29:35.2591832Z  
2025-08-18T23:29:35.2591982Z  
2025-08-18T23:29:35.2592455Z  /usr/local/bin/docker-entrypoint.sh: ignoring /docker-entrypoint-initdb.d/*
2025-08-18T23:29:35.2592833Z  
2025-08-18T23:29:35.2593062Z  2025-08-18 23:28:39.946 UTC [48] LOG:  received fast shutdown request
2025-08-18T23:29:35.2593777Z  waiting for server to shut down....2025-08-18 23:28:39.947 UTC [48] LOG:  aborting any active transactions
2025-08-18T23:29:35.2594401Z  2025-08-18 23:28:39.948 UTC [48] LOG:  background worker "logical replication launcher" (PID 54) exited with exit code 1
2025-08-18T23:29:35.2594877Z  2025-08-18 23:28:39.948 UTC [49] LOG:  shutting down
2025-08-18T23:29:35.2595225Z  2025-08-18 23:28:39.949 UTC [49] LOG:  checkpoint starting: shutdown immediate
2025-08-18T23:29:35.2596071Z  2025-08-18 23:28:39.970 UTC [49] LOG:  checkpoint complete: wrote 922 buffers (5.6%); 0 WAL file(s) added, 0 removed, 0 recycled; write=0.014 s, sync=0.006 s, total=0.023 s; sync files=301, longest=0.005 s, average=0.001 s; distance=4239 kB, estimate=4239 kB
2025-08-18T23:29:35.2596893Z  2025-08-18 23:28:39.976 UTC [48] LOG:  database system is shut down
2025-08-18T23:29:35.2597186Z   done
2025-08-18T23:29:35.2597344Z  server stopped
2025-08-18T23:29:35.2597519Z  
2025-08-18T23:29:35.2597734Z  PostgreSQL init process complete; ready for start up.
2025-08-18T23:29:35.2598012Z  
2025-08-18T23:29:35.2603868Z Stop and remove container: 1b184fa9b7c84c9ea20cf4ee48957192_postgres15_f9de09
2025-08-18T23:29:35.2608559Z ##[command]/usr/bin/docker rm --force 1f2956a77401169d4766c367e7142ecf1230e0ce412d6960ae5cf80c063a2cfb
2025-08-18T23:29:36.8064130Z 1f2956a77401169d4766c367e7142ecf1230e0ce412d6960ae5cf80c063a2cfb
2025-08-18T23:29:36.8093612Z Remove container network: github_network_6cb40e8986d14f76ab5cf72dd426e7ae
2025-08-18T23:29:36.8097809Z ##[command]/usr/bin/docker network rm github_network_6cb40e8986d14f76ab5cf72dd426e7ae
2025-08-18T23:29:36.9219430Z github_network_6cb40e8986d14f76ab5cf72dd426e7ae
2025-08-18T23:29:36.9276077Z Cleaning up orphan processes
