2025-08-20T18:56:23.4114530Z Current runner version: '2.328.0'
2025-08-20T18:56:23.4137330Z ##[group]Runner Image Provisioner
2025-08-20T18:56:23.4138186Z Hosted Compute Agent
2025-08-20T18:56:23.4138785Z Version: 20250818.377
2025-08-20T18:56:23.4139415Z Commit: 3c593e9f75fe0b87e893bca80d6e12ba089c61fc
2025-08-20T18:56:23.4140062Z Build Date: 2025-08-18T14:52:18Z
2025-08-20T18:56:23.4140704Z ##[endgroup]
2025-08-20T18:56:23.4141190Z ##[group]Operating System
2025-08-20T18:56:23.4141746Z Ubuntu
2025-08-20T18:56:23.4142216Z 24.04.2
2025-08-20T18:56:23.4142721Z LTS
2025-08-20T18:56:23.4143133Z ##[endgroup]
2025-08-20T18:56:23.4143649Z ##[group]Runner Image
2025-08-20T18:56:23.4144205Z Image: ubuntu-24.04
2025-08-20T18:56:23.4144670Z Version: 20250818.1.0
2025-08-20T18:56:23.4145762Z Included Software: https://github.com/actions/runner-images/blob/ubuntu24/20250818.1/images/ubuntu/Ubuntu2404-Readme.md
2025-08-20T18:56:23.4148648Z Image Release: https://github.com/actions/runner-images/releases/tag/ubuntu24%2F20250818.1
2025-08-20T18:56:23.4150224Z ##[endgroup]
2025-08-20T18:56:23.4152884Z ##[group]GITHUB_TOKEN Permissions
2025-08-20T18:56:23.4154788Z Actions: write
2025-08-20T18:56:23.4155467Z Attestations: write
2025-08-20T18:56:23.4155968Z Checks: write
2025-08-20T18:56:23.4156773Z Contents: write
2025-08-20T18:56:23.4157388Z Deployments: write
2025-08-20T18:56:23.4157954Z Discussions: write
2025-08-20T18:56:23.4158431Z Issues: write
2025-08-20T18:56:23.4158975Z Metadata: read
2025-08-20T18:56:23.4159454Z Models: read
2025-08-20T18:56:23.4159892Z Packages: write
2025-08-20T18:56:23.4160441Z Pages: write
2025-08-20T18:56:23.4160886Z PullRequests: write
2025-08-20T18:56:23.4161403Z RepositoryProjects: write
2025-08-20T18:56:23.4162023Z SecurityEvents: write
2025-08-20T18:56:23.4162596Z Statuses: write
2025-08-20T18:56:23.4163080Z ##[endgroup]
2025-08-20T18:56:23.4165152Z Secret source: Actions
2025-08-20T18:56:23.4165870Z Prepare workflow directory
2025-08-20T18:56:23.4579652Z Prepare all required actions
2025-08-20T18:56:23.4618245Z Getting action download info
2025-08-20T18:56:23.8144946Z Download action repository 'actions/checkout@v4' (SHA:08eba0b27e820071cde6df949e0beb9ba4906955)
2025-08-20T18:56:23.9094496Z Download action repository 'actions/setup-python@v5' (SHA:a26af69be951a213d495a4c3e4e4022e16d87065)
2025-08-20T18:56:24.0441203Z Download action repository 'actions/cache@v4' (SHA:0400d5f644dc74513175e3cd8d07132dd4860809)
2025-08-20T18:56:24.1419637Z Download action repository 'actions/upload-artifact@v4' (SHA:ea165f8d65b6e75b540449e92b4886f43607fa02)
2025-08-20T18:56:24.4564903Z Complete job name: integration-db
2025-08-20T18:56:24.5111500Z ##[group]Checking docker version
2025-08-20T18:56:24.5125252Z ##[command]/usr/bin/docker version --format '{{.Server.APIVersion}}'
2025-08-20T18:56:26.3969237Z '1.48'
2025-08-20T18:56:26.3983419Z Docker daemon API version: '1.48'
2025-08-20T18:56:26.3983908Z ##[command]/usr/bin/docker version --format '{{.Client.APIVersion}}'
2025-08-20T18:56:26.4130837Z '1.48'
2025-08-20T18:56:26.4143403Z Docker client API version: '1.48'
2025-08-20T18:56:26.4148401Z ##[endgroup]
2025-08-20T18:56:26.4150949Z ##[group]Clean up resources from previous jobs
2025-08-20T18:56:26.4155663Z ##[command]/usr/bin/docker ps --all --quiet --no-trunc --filter "label=554c54"
2025-08-20T18:56:26.4324711Z ##[command]/usr/bin/docker network prune --force --filter "label=554c54"
2025-08-20T18:56:26.4446150Z ##[endgroup]
2025-08-20T18:56:26.4446742Z ##[group]Create local container network
2025-08-20T18:56:26.4456029Z ##[command]/usr/bin/docker network create --label 554c54 github_network_53e3cc43bade457ba9e64c2ba5212ded
2025-08-20T18:56:26.4936833Z 5de664b9766a2c768002d04b7556ba2640d8cb266cbc82b4ab179da042a68810
2025-08-20T18:56:26.4955067Z ##[endgroup]
2025-08-20T18:56:26.4978396Z ##[group]Starting postgres service container
2025-08-20T18:56:26.4998294Z ##[command]/usr/bin/docker pull postgres:15
2025-08-20T18:56:26.8579370Z 15: Pulling from library/postgres
2025-08-20T18:56:26.9201104Z 396b1da7636e: Pulling fs layer
2025-08-20T18:56:26.9203889Z fca2566eba32: Pulling fs layer
2025-08-20T18:56:26.9204381Z 631fe8c6d606: Pulling fs layer
2025-08-20T18:56:26.9204769Z 77c7671c4414: Pulling fs layer
2025-08-20T18:56:26.9205165Z 2d9e29180a27: Pulling fs layer
2025-08-20T18:56:26.9205559Z c6bcc2c9a041: Pulling fs layer
2025-08-20T18:56:26.9205971Z ac4b721eb66f: Pulling fs layer
2025-08-20T18:56:26.9206282Z 606bd164980e: Pulling fs layer
2025-08-20T18:56:26.9206771Z f5dfd246bc6e: Pulling fs layer
2025-08-20T18:56:26.9207025Z ba7036bb0a60: Pulling fs layer
2025-08-20T18:56:26.9207383Z 799f859abbbd: Pulling fs layer
2025-08-20T18:56:26.9207824Z d903e777080c: Pulling fs layer
2025-08-20T18:56:26.9208225Z 04adcb462801: Pulling fs layer
2025-08-20T18:56:26.9208580Z 5c10925b29ff: Pulling fs layer
2025-08-20T18:56:26.9208823Z 77c7671c4414: Waiting
2025-08-20T18:56:26.9209075Z 2d9e29180a27: Waiting
2025-08-20T18:56:26.9209340Z c6bcc2c9a041: Waiting
2025-08-20T18:56:26.9209538Z ac4b721eb66f: Waiting
2025-08-20T18:56:26.9209784Z 606bd164980e: Waiting
2025-08-20T18:56:26.9210019Z f5dfd246bc6e: Waiting
2025-08-20T18:56:26.9210201Z ba7036bb0a60: Waiting
2025-08-20T18:56:26.9210380Z 799f859abbbd: Waiting
2025-08-20T18:56:26.9210544Z 5c10925b29ff: Waiting
2025-08-20T18:56:26.9210738Z d903e777080c: Waiting
2025-08-20T18:56:26.9210905Z 04adcb462801: Waiting
2025-08-20T18:56:27.0259215Z fca2566eba32: Verifying Checksum
2025-08-20T18:56:27.0259851Z fca2566eba32: Download complete
2025-08-20T18:56:27.1156271Z 631fe8c6d606: Verifying Checksum
2025-08-20T18:56:27.1162934Z 631fe8c6d606: Download complete
2025-08-20T18:56:27.1295011Z 77c7671c4414: Verifying Checksum
2025-08-20T18:56:27.1295486Z 77c7671c4414: Download complete
2025-08-20T18:56:27.2373749Z c6bcc2c9a041: Verifying Checksum
2025-08-20T18:56:27.2374288Z c6bcc2c9a041: Download complete
2025-08-20T18:56:27.3107946Z 2d9e29180a27: Verifying Checksum
2025-08-20T18:56:27.3108542Z 2d9e29180a27: Download complete
2025-08-20T18:56:27.3378551Z ac4b721eb66f: Verifying Checksum
2025-08-20T18:56:27.3380525Z ac4b721eb66f: Download complete
2025-08-20T18:56:27.4157698Z 606bd164980e: Download complete
2025-08-20T18:56:27.5402237Z ba7036bb0a60: Verifying Checksum
2025-08-20T18:56:27.5402816Z ba7036bb0a60: Download complete
2025-08-20T18:56:27.5775337Z 396b1da7636e: Verifying Checksum
2025-08-20T18:56:27.5775966Z 396b1da7636e: Download complete
2025-08-20T18:56:27.6358442Z 799f859abbbd: Verifying Checksum
2025-08-20T18:56:27.6359940Z 799f859abbbd: Download complete
2025-08-20T18:56:27.6506981Z d903e777080c: Verifying Checksum
2025-08-20T18:56:27.6507482Z d903e777080c: Download complete
2025-08-20T18:56:27.7340402Z 5c10925b29ff: Verifying Checksum
2025-08-20T18:56:27.7340921Z 5c10925b29ff: Download complete
2025-08-20T18:56:27.7494306Z 04adcb462801: Verifying Checksum
2025-08-20T18:56:27.7494723Z 04adcb462801: Download complete
2025-08-20T18:56:28.6056952Z 396b1da7636e: Pull complete
2025-08-20T18:56:28.8644754Z fca2566eba32: Pull complete
2025-08-20T18:56:28.8826550Z f5dfd246bc6e: Verifying Checksum
2025-08-20T18:56:28.8827243Z f5dfd246bc6e: Download complete
2025-08-20T18:56:29.0361750Z 631fe8c6d606: Pull complete
2025-08-20T18:56:29.0882133Z 77c7671c4414: Pull complete
2025-08-20T18:56:29.3844587Z 2d9e29180a27: Pull complete
2025-08-20T18:56:29.4679170Z c6bcc2c9a041: Pull complete
2025-08-20T18:56:29.4775334Z ac4b721eb66f: Pull complete
2025-08-20T18:56:29.4898670Z 606bd164980e: Pull complete
2025-08-20T18:56:32.4595549Z f5dfd246bc6e: Pull complete
2025-08-20T18:56:32.4788268Z ba7036bb0a60: Pull complete
2025-08-20T18:56:32.4919739Z 799f859abbbd: Pull complete
2025-08-20T18:56:32.5053311Z d903e777080c: Pull complete
2025-08-20T18:56:32.5170613Z 04adcb462801: Pull complete
2025-08-20T18:56:32.5283878Z 5c10925b29ff: Pull complete
2025-08-20T18:56:32.5337606Z Digest: sha256:bc51cf4f1fe02cce7ed2370b20128a9b00b4eb804573a77d2a0d877aaa9c82b1
2025-08-20T18:56:32.5355967Z Status: Downloaded newer image for postgres:15
2025-08-20T18:56:32.5365557Z docker.io/library/postgres:15
2025-08-20T18:56:32.5425435Z ##[command]/usr/bin/docker create --name 516ff6ef1ae94d0ba82a2390bc712d4e_postgres15_2a3f66 --label 554c54 --network github_network_53e3cc43bade457ba9e64c2ba5212ded --network-alias postgres -p 5432:5432 --health-cmd="pg_isready -U postgres -d awa" --health-interval=5s --health-timeout=5s --health-retries=10 -e "POSTGRES_USER=postgres" -e "POSTGRES_PASSWORD=pass" -e "POSTGRES_DB=awa" -e GITHUB_ACTIONS=true -e CI=true postgres:15
2025-08-20T18:56:32.5826017Z 866fc1418d30e8ab8835251d26e2467b85641df87d1620f48f16b8c6a4ad5c4c
2025-08-20T18:56:32.5848775Z ##[command]/usr/bin/docker start 866fc1418d30e8ab8835251d26e2467b85641df87d1620f48f16b8c6a4ad5c4c
2025-08-20T18:56:34.3226814Z 866fc1418d30e8ab8835251d26e2467b85641df87d1620f48f16b8c6a4ad5c4c
2025-08-20T18:56:34.3249442Z ##[command]/usr/bin/docker ps --all --filter id=866fc1418d30e8ab8835251d26e2467b85641df87d1620f48f16b8c6a4ad5c4c --filter status=running --no-trunc --format "{{.ID}} {{.Status}}"
2025-08-20T18:56:34.3372289Z 866fc1418d30e8ab8835251d26e2467b85641df87d1620f48f16b8c6a4ad5c4c Up 1 second (health: starting)
2025-08-20T18:56:34.3393844Z ##[command]/usr/bin/docker port 866fc1418d30e8ab8835251d26e2467b85641df87d1620f48f16b8c6a4ad5c4c
2025-08-20T18:56:34.3515455Z 5432/tcp -> 0.0.0.0:5432
2025-08-20T18:56:34.3515906Z 5432/tcp -> [::]:5432
2025-08-20T18:56:34.3563066Z ##[endgroup]
2025-08-20T18:56:34.3572146Z ##[group]Waiting for all services to be ready
2025-08-20T18:56:34.3585410Z ##[command]/usr/bin/docker inspect --format="{{if .Config.Healthcheck}}{{print .State.Health.Status}}{{end}}" 866fc1418d30e8ab8835251d26e2467b85641df87d1620f48f16b8c6a4ad5c4c
2025-08-20T18:56:34.3714011Z starting
2025-08-20T18:56:34.3735558Z postgres service is starting, waiting 2 seconds before checking again.
2025-08-20T18:56:36.3726150Z ##[command]/usr/bin/docker inspect --format="{{if .Config.Healthcheck}}{{print .State.Health.Status}}{{end}}" 866fc1418d30e8ab8835251d26e2467b85641df87d1620f48f16b8c6a4ad5c4c
2025-08-20T18:56:36.3845979Z starting
2025-08-20T18:56:36.3859590Z postgres service is starting, waiting 3 seconds before checking again.
2025-08-20T18:56:40.3184683Z ##[command]/usr/bin/docker inspect --format="{{if .Config.Healthcheck}}{{print .State.Health.Status}}{{end}}" 866fc1418d30e8ab8835251d26e2467b85641df87d1620f48f16b8c6a4ad5c4c
2025-08-20T18:56:40.3303196Z healthy
2025-08-20T18:56:40.3322972Z postgres service is healthy.
2025-08-20T18:56:40.3323382Z ##[endgroup]
2025-08-20T18:56:40.3636072Z ##[group]Run actions/checkout@v4
2025-08-20T18:56:40.3636955Z with:
2025-08-20T18:56:40.3637138Z   fetch-depth: 0
2025-08-20T18:56:40.3637340Z   repository: AlexBomber12/AWA-App
2025-08-20T18:56:40.3637700Z   token: ***
2025-08-20T18:56:40.3637877Z   ssh-strict: true
2025-08-20T18:56:40.3638053Z   ssh-user: git
2025-08-20T18:56:40.3638230Z   persist-credentials: true
2025-08-20T18:56:40.3638438Z   clean: true
2025-08-20T18:56:40.3638616Z   sparse-checkout-cone-mode: true
2025-08-20T18:56:40.3638837Z   fetch-tags: false
2025-08-20T18:56:40.3639008Z   show-progress: true
2025-08-20T18:56:40.3639185Z   lfs: false
2025-08-20T18:56:40.3639350Z   submodules: false
2025-08-20T18:56:40.3639537Z   set-safe-directory: true
2025-08-20T18:56:40.3639971Z ##[endgroup]
2025-08-20T18:56:40.4686559Z Syncing repository: AlexBomber12/AWA-App
2025-08-20T18:56:40.4687864Z ##[group]Getting Git version info
2025-08-20T18:56:40.4688211Z Working directory is '/home/runner/work/AWA-App/AWA-App'
2025-08-20T18:56:40.4688746Z [command]/usr/bin/git version
2025-08-20T18:56:40.4780873Z git version 2.51.0
2025-08-20T18:56:40.4806976Z ##[endgroup]
2025-08-20T18:56:40.4821729Z Temporarily overriding HOME='/home/runner/work/_temp/7c9f49b8-30be-4f77-a5e6-45b471fe4d58' before making global git config changes
2025-08-20T18:56:40.4822988Z Adding repository directory to the temporary git global config as a safe directory
2025-08-20T18:56:40.4827687Z [command]/usr/bin/git config --global --add safe.directory /home/runner/work/AWA-App/AWA-App
2025-08-20T18:56:40.4864494Z Deleting the contents of '/home/runner/work/AWA-App/AWA-App'
2025-08-20T18:56:40.4868247Z ##[group]Initializing the repository
2025-08-20T18:56:40.4872735Z [command]/usr/bin/git init /home/runner/work/AWA-App/AWA-App
2025-08-20T18:56:40.4950370Z hint: Using 'master' as the name for the initial branch. This default branch name
2025-08-20T18:56:40.4950939Z hint: is subject to change. To configure the initial branch name to use in all
2025-08-20T18:56:40.4951431Z hint: of your new repositories, which will suppress this warning, call:
2025-08-20T18:56:40.4951746Z hint:
2025-08-20T18:56:40.4952006Z hint: 	git config --global init.defaultBranch <name>
2025-08-20T18:56:40.4952279Z hint:
2025-08-20T18:56:40.4952537Z hint: Names commonly chosen instead of 'master' are 'main', 'trunk' and
2025-08-20T18:56:40.4952975Z hint: 'development'. The just-created branch can be renamed via this command:
2025-08-20T18:56:40.4953293Z hint:
2025-08-20T18:56:40.4953459Z hint: 	git branch -m <name>
2025-08-20T18:56:40.4953660Z hint:
2025-08-20T18:56:40.4953931Z hint: Disable this message with "git config set advice.defaultBranchName false"
2025-08-20T18:56:40.4957675Z Initialized empty Git repository in /home/runner/work/AWA-App/AWA-App/.git/
2025-08-20T18:56:40.4968403Z [command]/usr/bin/git remote add origin https://github.com/AlexBomber12/AWA-App
2025-08-20T18:56:40.5007717Z ##[endgroup]
2025-08-20T18:56:40.5008121Z ##[group]Disabling automatic garbage collection
2025-08-20T18:56:40.5011689Z [command]/usr/bin/git config --local gc.auto 0
2025-08-20T18:56:40.5044859Z ##[endgroup]
2025-08-20T18:56:40.5045195Z ##[group]Setting up auth
2025-08-20T18:56:40.5045568Z [command]/usr/bin/git config --local --name-only --get-regexp core\.sshCommand
2025-08-20T18:56:40.5074975Z [command]/usr/bin/git submodule foreach --recursive sh -c "git config --local --name-only --get-regexp 'core\.sshCommand' && git config --local --unset-all 'core.sshCommand' || :"
2025-08-20T18:56:40.5414008Z [command]/usr/bin/git config --local --name-only --get-regexp http\.https\:\/\/github\.com\/\.extraheader
2025-08-20T18:56:40.5442053Z [command]/usr/bin/git submodule foreach --recursive sh -c "git config --local --name-only --get-regexp 'http\.https\:\/\/github\.com\/\.extraheader' && git config --local --unset-all 'http.https://github.com/.extraheader' || :"
2025-08-20T18:56:40.5658725Z [command]/usr/bin/git config --local http.https://github.com/.extraheader AUTHORIZATION: basic ***
2025-08-20T18:56:40.5691881Z ##[endgroup]
2025-08-20T18:56:40.5692410Z ##[group]Fetching the repository
2025-08-20T18:56:40.5701159Z [command]/usr/bin/git -c protocol.version=2 fetch --prune --no-recurse-submodules origin +refs/heads/*:refs/remotes/origin/* +refs/tags/*:refs/tags/* +04e6680f39e7b6f9bebab182e5a1fdfab16d3b57:refs/remotes/pull/307/merge
2025-08-20T18:56:42.6526890Z From https://github.com/AlexBomber12/AWA-App
2025-08-20T18:56:42.6528027Z  * [new branch]        codex/analyze-ci-logs-and-fix-failures   -> origin/codex/analyze-ci-logs-and-fix-failures
2025-08-20T18:56:42.6529521Z  * [new branch]        codex/analyze-ci-logs-and-implement-fixes -> origin/codex/analyze-ci-logs-and-implement-fixes
2025-08-20T18:56:42.6531150Z  * [new branch]        codex/analyze-ci-logs-and-implement-fixes-sq2vte -> origin/codex/analyze-ci-logs-and-implement-fixes-sq2vte
2025-08-20T18:56:42.6532972Z  * [new branch]        codex/create-branch-and-enforce-coverage-requirements -> origin/codex/create-branch-and-enforce-coverage-requirements
2025-08-20T18:56:42.6534667Z  * [new branch]        codex/fix-ci-workflows-to-pass-all-tests -> origin/codex/fix-ci-workflows-to-pass-all-tests
2025-08-20T18:56:42.6536170Z  * [new branch]        codex/fix-mypy-errors-and-unify-dsn-variables -> origin/codex/fix-mypy-errors-and-unify-dsn-variables
2025-08-20T18:56:42.6537743Z  * [new branch]        codex/implement-targeted-fixes-for-ci-workflows -> origin/codex/implement-targeted-fixes-for-ci-workflows
2025-08-20T18:56:42.6538966Z  * [new branch]        codex/improve-ci/cd-pipeline-and-testing -> origin/codex/improve-ci/cd-pipeline-and-testing
2025-08-20T18:56:42.6540085Z  * [new branch]        codex/improve-docker-and-compose-setup   -> origin/codex/improve-docker-and-compose-setup
2025-08-20T18:56:42.6541245Z  * [new branch]        gh-pages                                 -> origin/gh-pages
2025-08-20T18:56:42.6541870Z  * [new branch]        main                                     -> origin/main
2025-08-20T18:56:42.6542442Z  * [new tag]           0.3.0                                    -> 0.3.0
2025-08-20T18:56:42.6543063Z  * [new ref]           04e6680f39e7b6f9bebab182e5a1fdfab16d3b57 -> pull/307/merge
2025-08-20T18:56:42.6583662Z ##[endgroup]
2025-08-20T18:56:42.6584025Z ##[group]Determining the checkout info
2025-08-20T18:56:42.6584985Z ##[endgroup]
2025-08-20T18:56:42.6590336Z [command]/usr/bin/git sparse-checkout disable
2025-08-20T18:56:42.6633386Z [command]/usr/bin/git config --local --unset-all extensions.worktreeConfig
2025-08-20T18:56:42.6660854Z ##[group]Checking out the ref
2025-08-20T18:56:42.6664571Z [command]/usr/bin/git checkout --progress --force refs/remotes/pull/307/merge
2025-08-20T18:56:42.6986694Z Note: switching to 'refs/remotes/pull/307/merge'.
2025-08-20T18:56:42.6987169Z 
2025-08-20T18:56:42.6987581Z You are in 'detached HEAD' state. You can look around, make experimental
2025-08-20T18:56:42.6988503Z changes and commit them, and you can discard any commits you make in this
2025-08-20T18:56:42.6989448Z state without impacting any branches by switching back to a branch.
2025-08-20T18:56:42.6989980Z 
2025-08-20T18:56:42.6990388Z If you want to create a new branch to retain commits you create, you may
2025-08-20T18:56:42.6991214Z do so (now or later) by using -c with the switch command. Example:
2025-08-20T18:56:42.6991699Z 
2025-08-20T18:56:42.6991909Z   git switch -c <new-branch-name>
2025-08-20T18:56:42.6992250Z 
2025-08-20T18:56:42.6992437Z Or undo this operation with:
2025-08-20T18:56:42.6992848Z 
2025-08-20T18:56:42.6993013Z   git switch -
2025-08-20T18:56:42.6993249Z 
2025-08-20T18:56:42.6993662Z Turn off this advice by setting config variable advice.detachedHead to false
2025-08-20T18:56:42.6994293Z 
2025-08-20T18:56:42.6994976Z HEAD is now at 04e6680f Merge efcc07227e16b2022e33ad3cc2589d2141926882 into 6f87cca512b8f92dcc71c09ce5a3520133489185
2025-08-20T18:56:42.6997261Z ##[endgroup]
2025-08-20T18:56:42.7033634Z [command]/usr/bin/git log -1 --format=%H
2025-08-20T18:56:42.7055076Z 04e6680f39e7b6f9bebab182e5a1fdfab16d3b57
2025-08-20T18:56:42.7215184Z ##[group]Run cat .env.ci >> "$GITHUB_ENV"
2025-08-20T18:56:42.7215518Z [36;1mcat .env.ci >> "$GITHUB_ENV"[0m
2025-08-20T18:56:42.7216192Z [36;1mecho "DATABASE_URL=***localhost:5432/awa" >> "$GITHUB_ENV"[0m
2025-08-20T18:56:42.7216805Z [36;1mecho "PG_HOST=localhost" >> "$GITHUB_ENV"[0m
2025-08-20T18:56:42.7217085Z [36;1mecho "PG_PORT=5432" >> "$GITHUB_ENV"[0m
2025-08-20T18:56:42.7217363Z [36;1mecho "PG_USER=postgres" >> "$GITHUB_ENV"[0m
2025-08-20T18:56:42.7217637Z [36;1mecho "PG_PASSWORD=pass" >> "$GITHUB_ENV"[0m
2025-08-20T18:56:42.7217911Z [36;1mecho "PG_DATABASE=awa" >> "$GITHUB_ENV"[0m
2025-08-20T18:56:42.7218163Z [36;1mecho "TESTING=1" >> "$GITHUB_ENV"[0m
2025-08-20T18:56:42.7262456Z shell: /usr/bin/bash -e {0}
2025-08-20T18:56:42.7262697Z ##[endgroup]
2025-08-20T18:56:42.7432139Z ##[group]Run actions/setup-python@v5
2025-08-20T18:56:42.7432399Z with:
2025-08-20T18:56:42.7432567Z   python-version: 3.11
2025-08-20T18:56:42.7432764Z   cache: pip
2025-08-20T18:56:42.7432968Z   cache-dependency-path: requirements-dev.txt

2025-08-20T18:56:42.7433240Z   check-latest: false
2025-08-20T18:56:42.7433538Z   token: ***
2025-08-20T18:56:42.7433722Z   update-environment: true
2025-08-20T18:56:42.7433935Z   allow-prereleases: false
2025-08-20T18:56:42.7434130Z   freethreaded: false
2025-08-20T18:56:42.7434304Z env:
2025-08-20T18:56:42.7434454Z   PG_USER: postgres
2025-08-20T18:56:42.7434636Z   PG_PASSWORD: pass
2025-08-20T18:56:42.7434807Z   PG_DATABASE: awa
2025-08-20T18:56:42.7434981Z   PG_HOST: localhost
2025-08-20T18:56:42.7435151Z   PG_PORT: 5432
2025-08-20T18:56:42.7435533Z   PG_SYNC_DSN: ***localhost:5432/awa
2025-08-20T18:56:42.7435912Z   PG_ASYNC_DSN: ***localhost:5432/awa
2025-08-20T18:56:42.7436752Z   DATABASE_URL: ***localhost:5432/awa
2025-08-20T18:56:42.7437011Z   DATA_DIR: /tmp/awa-data
2025-08-20T18:56:42.7437198Z   ENABLE_LIVE: 0
2025-08-20T18:56:42.7437361Z   TESTING: 1
2025-08-20T18:56:42.7437514Z ##[endgroup]
2025-08-20T18:56:42.9048649Z ##[group]Installed versions
2025-08-20T18:56:42.9899557Z Successfully set up CPython (3.11.13)
2025-08-20T18:56:42.9900187Z ##[endgroup]
2025-08-20T18:56:43.0362466Z [command]/opt/hostedtoolcache/Python/3.11.13/x64/bin/pip cache dir
2025-08-20T18:56:45.2047957Z /home/runner/.cache/pip
2025-08-20T18:56:45.3411234Z Cache hit for: setup-python-Linux-x64-24.04-Ubuntu-python-3.11.13-pip-cad4f3141a3acebc51100003b786cdd8b1469fbd1e92da4bdcf4b225e9f8de52
2025-08-20T18:56:46.3798889Z Received 213909504 of 271538266 (78.8%), 202.4 MBs/sec
2025-08-20T18:56:46.6575899Z Received 271538266 of 271538266 (100.0%), 201.4 MBs/sec
2025-08-20T18:56:46.6578347Z Cache Size: ~259 MB (271538266 B)
2025-08-20T18:56:46.6614119Z [command]/usr/bin/tar -xf /home/runner/work/_temp/24856d0f-59d0-449f-900c-f11eddfc8eed/cache.tzst -P -C /home/runner/work/AWA-App/AWA-App --use-compress-program unzstd
2025-08-20T18:56:47.1465542Z Cache restored successfully
2025-08-20T18:56:47.1982713Z Cache restored from key: setup-python-Linux-x64-24.04-Ubuntu-python-3.11.13-pip-29fc3204f837bce43d81586a404709764a9accd1f738d0c33a52a32bf7a0c312
2025-08-20T18:56:47.2688968Z ##[group]Run actions/cache@v4
2025-08-20T18:56:47.2689238Z with:
2025-08-20T18:56:47.2689466Z   path: ~/.cache/pip
.pytest_cache
~/.ruff_cache

2025-08-20T18:56:47.2689911Z   key: Linux-int-cad4f3141a3acebc51100003b786cdd8b1469fbd1e92da4bdcf4b225e9f8de52
2025-08-20T18:56:47.2690324Z   restore-keys: Linux-int-
2025-08-20T18:56:47.2690561Z   enableCrossOsArchive: false
2025-08-20T18:56:47.2690804Z   fail-on-cache-miss: false
2025-08-20T18:56:47.2691029Z   lookup-only: false
2025-08-20T18:56:47.2691226Z   save-always: false
2025-08-20T18:56:47.2691416Z env:
2025-08-20T18:56:47.2691592Z   PG_USER: postgres
2025-08-20T18:56:47.2691806Z   PG_PASSWORD: pass
2025-08-20T18:56:47.2692008Z   PG_DATABASE: awa
2025-08-20T18:56:47.2692204Z   PG_HOST: localhost
2025-08-20T18:56:47.2692398Z   PG_PORT: 5432
2025-08-20T18:56:47.2693084Z   PG_SYNC_DSN: ***localhost:5432/awa
2025-08-20T18:56:47.2693560Z   PG_ASYNC_DSN: ***localhost:5432/awa
2025-08-20T18:56:47.2694002Z   DATABASE_URL: ***localhost:5432/awa
2025-08-20T18:56:47.2694244Z   DATA_DIR: /tmp/awa-data
2025-08-20T18:56:47.2694462Z   ENABLE_LIVE: 0
2025-08-20T18:56:47.2694653Z   TESTING: 1
2025-08-20T18:56:47.2694907Z   pythonLocation: /opt/hostedtoolcache/Python/3.11.13/x64
2025-08-20T18:56:47.2695317Z   PKG_CONFIG_PATH: /opt/hostedtoolcache/Python/3.11.13/x64/lib/pkgconfig
2025-08-20T18:56:47.2695733Z   Python_ROOT_DIR: /opt/hostedtoolcache/Python/3.11.13/x64
2025-08-20T18:56:47.2696100Z   Python2_ROOT_DIR: /opt/hostedtoolcache/Python/3.11.13/x64
2025-08-20T18:56:47.2696722Z   Python3_ROOT_DIR: /opt/hostedtoolcache/Python/3.11.13/x64
2025-08-20T18:56:47.2697160Z   LD_LIBRARY_PATH: /opt/hostedtoolcache/Python/3.11.13/x64/lib
2025-08-20T18:56:47.2697487Z ##[endgroup]
2025-08-20T18:56:47.4824133Z Cache hit for restore-key: Linux-int-29fc3204f837bce43d81586a404709764a9accd1f738d0c33a52a32bf7a0c312
2025-08-20T18:56:48.5351507Z Received 218103808 of 271541295 (80.3%), 207.8 MBs/sec
2025-08-20T18:56:48.8346177Z Received 271541295 of 271541295 (100.0%), 199.0 MBs/sec
2025-08-20T18:56:48.8348396Z Cache Size: ~259 MB (271541295 B)
2025-08-20T18:56:48.8384445Z [command]/usr/bin/tar -xf /home/runner/work/_temp/0d3ee25b-0bbc-4e80-99a2-16ff826c5d8c/cache.tzst -P -C /home/runner/work/AWA-App/AWA-App --use-compress-program unzstd
2025-08-20T18:56:49.3108131Z Cache restored successfully
2025-08-20T18:56:49.3697621Z Cache restored from key: Linux-int-29fc3204f837bce43d81586a404709764a9accd1f738d0c33a52a32bf7a0c312
2025-08-20T18:56:49.3821901Z ##[group]Run pip install --break-system-packages -r requirements-dev.txt
2025-08-20T18:56:49.3822414Z [36;1mpip install --break-system-packages -r requirements-dev.txt[0m
2025-08-20T18:56:49.3823027Z [36;1mpip install --break-system-packages keepa==1.3.15 minio==7.1.15[0m
2025-08-20T18:56:49.3865322Z shell: /usr/bin/bash -e {0}
2025-08-20T18:56:49.3865553Z env:
2025-08-20T18:56:49.3865724Z   PG_USER: postgres
2025-08-20T18:56:49.3865915Z   PG_PASSWORD: pass
2025-08-20T18:56:49.3866102Z   PG_DATABASE: awa
2025-08-20T18:56:49.3866283Z   PG_HOST: localhost
2025-08-20T18:56:49.3866592Z   PG_PORT: 5432
2025-08-20T18:56:49.3867020Z   PG_SYNC_DSN: ***localhost:5432/awa
2025-08-20T18:56:49.3867428Z   PG_ASYNC_DSN: ***localhost:5432/awa
2025-08-20T18:56:49.3867855Z   DATABASE_URL: ***localhost:5432/awa
2025-08-20T18:56:49.3868098Z   DATA_DIR: /tmp/awa-data
2025-08-20T18:56:49.3868321Z   ENABLE_LIVE: 0
2025-08-20T18:56:49.3868513Z   TESTING: 1
2025-08-20T18:56:49.3868773Z   pythonLocation: /opt/hostedtoolcache/Python/3.11.13/x64
2025-08-20T18:56:49.3869169Z   PKG_CONFIG_PATH: /opt/hostedtoolcache/Python/3.11.13/x64/lib/pkgconfig
2025-08-20T18:56:49.3869553Z   Python_ROOT_DIR: /opt/hostedtoolcache/Python/3.11.13/x64
2025-08-20T18:56:49.3869894Z   Python2_ROOT_DIR: /opt/hostedtoolcache/Python/3.11.13/x64
2025-08-20T18:56:49.3870246Z   Python3_ROOT_DIR: /opt/hostedtoolcache/Python/3.11.13/x64
2025-08-20T18:56:49.3870592Z   LD_LIBRARY_PATH: /opt/hostedtoolcache/Python/3.11.13/x64/lib
2025-08-20T18:56:49.3870884Z ##[endgroup]
2025-08-20T18:56:50.5308216Z Collecting Jinja2==3.1.6 (from -r requirements-dev.txt (line 2))
2025-08-20T18:56:50.5323688Z   Using cached jinja2-3.1.6-py3-none-any.whl.metadata (2.9 kB)
2025-08-20T18:56:50.5579573Z Collecting alembic==1.13.1 (from -r requirements-dev.txt (line 3))
2025-08-20T18:56:50.5593544Z   Using cached alembic-1.13.1-py3-none-any.whl.metadata (7.4 kB)
2025-08-20T18:56:50.5779984Z Collecting apscheduler==3.10.4 (from -r requirements-dev.txt (line 4))
2025-08-20T18:56:50.5793738Z   Using cached APScheduler-3.10.4-py3-none-any.whl.metadata (5.7 kB)
2025-08-20T18:56:50.5978310Z Collecting asgi-correlation-id==4.3.1 (from -r requirements-dev.txt (line 5))
2025-08-20T18:56:50.5992520Z   Using cached asgi_correlation_id-4.3.1-py3-none-any.whl.metadata (28 kB)
2025-08-20T18:56:50.6491294Z Collecting asyncpg==0.30.0 (from -r requirements-dev.txt (line 6))
2025-08-20T18:56:50.6505040Z   Using cached asyncpg-0.30.0-cp311-cp311-manylinux_2_17_x86_64.manylinux2014_x86_64.whl.metadata (5.0 kB)
2025-08-20T18:56:50.6945082Z Collecting black==25.1.0 (from -r requirements-dev.txt (line 7))
2025-08-20T18:56:50.6959672Z   Using cached black-25.1.0-cp311-cp311-manylinux_2_17_x86_64.manylinux2014_x86_64.manylinux_2_28_x86_64.whl.metadata (81 kB)
2025-08-20T18:56:51.0200206Z Collecting boto3 (from -r requirements-dev.txt (line 8))
2025-08-20T18:56:51.0765759Z   Downloading boto3-1.40.13-py3-none-any.whl.metadata (6.7 kB)
2025-08-20T18:56:51.1081288Z Collecting redis==6.* (from -r requirements-dev.txt (line 9))
2025-08-20T18:56:51.1094715Z   Using cached redis-6.4.0-py3-none-any.whl.metadata (10 kB)
2025-08-20T18:56:51.1411627Z Collecting minio==7.* (from -r requirements-dev.txt (line 10))
2025-08-20T18:56:51.1424715Z   Using cached minio-7.2.16-py3-none-any.whl.metadata (6.5 kB)
2025-08-20T18:56:51.1607699Z Collecting vulture==2.10 (from -r requirements-dev.txt (line 11))
2025-08-20T18:56:51.1681590Z   Downloading vulture-2.10-py2.py3-none-any.whl.metadata (23 kB)
2025-08-20T18:56:51.2038734Z Collecting celery==5.5.3 (from -r requirements-dev.txt (line 12))
2025-08-20T18:56:51.2052794Z   Using cached celery-5.5.3-py3-none-any.whl.metadata (22 kB)
2025-08-20T18:56:51.2608496Z Collecting fastapi==0.116.1 (from -r requirements-dev.txt (line 13))
2025-08-20T18:56:51.2622641Z   Using cached fastapi-0.116.1-py3-none-any.whl.metadata (28 kB)
2025-08-20T18:56:51.2819773Z Collecting fastapi-limiter==0.1.6 (from -r requirements-dev.txt (line 15))
2025-08-20T18:56:51.2834091Z   Using cached fastapi_limiter-0.1.6-py3-none-any.whl.metadata (5.3 kB)
2025-08-20T18:56:51.3031320Z Collecting httpx<0.29,>=0.27 (from -r requirements-dev.txt (line 16))
2025-08-20T18:56:51.3045372Z   Using cached httpx-0.28.1-py3-none-any.whl.metadata (7.1 kB)
2025-08-20T18:56:51.3212951Z Collecting imapclient==3.0.1 (from -r requirements-dev.txt (line 17))
2025-08-20T18:56:51.3226805Z   Using cached IMAPClient-3.0.1-py2.py3-none-any.whl.metadata (1.7 kB)
2025-08-20T18:56:51.3349039Z Collecting itsdangerous (from -r requirements-dev.txt (line 18))
2025-08-20T18:56:51.3362685Z   Using cached itsdangerous-2.2.0-py3-none-any.whl.metadata (1.9 kB)
2025-08-20T18:56:51.4481990Z Collecting mypy==1.* (from -r requirements-dev.txt (line 19))
2025-08-20T18:56:51.4497823Z   Using cached mypy-1.17.1-cp311-cp311-manylinux2014_x86_64.manylinux_2_17_x86_64.manylinux_2_28_x86_64.whl.metadata (2.2 kB)
2025-08-20T18:56:51.4633444Z Collecting mypy-extensions==1.1.0 (from -r requirements-dev.txt (line 20))
2025-08-20T18:56:51.4647161Z   Using cached mypy_extensions-1.1.0-py3-none-any.whl.metadata (1.1 kB)
2025-08-20T18:56:51.6251609Z Collecting numpy<2 (from -r requirements-dev.txt (line 21))
2025-08-20T18:56:51.6267652Z   Using cached numpy-1.26.4-cp311-cp311-manylinux_2_17_x86_64.manylinux2014_x86_64.whl.metadata (61 kB)
2025-08-20T18:56:51.6528731Z Collecting openpyxl==3.1.5 (from -r requirements-dev.txt (line 22))
2025-08-20T18:56:51.6542797Z   Using cached openpyxl-3.1.5-py2.py3-none-any.whl.metadata (2.5 kB)
2025-08-20T18:56:51.7571004Z Collecting pandas==2.2.* (from -r requirements-dev.txt (line 23))
2025-08-20T18:56:51.7585481Z   Using cached pandas-2.2.3-cp311-cp311-manylinux_2_17_x86_64.manylinux2014_x86_64.whl.metadata (89 kB)
2025-08-20T18:56:51.8476684Z Collecting psycopg2-binary==2.9.10 (from -r requirements-dev.txt (line 24))
2025-08-20T18:56:51.8491481Z   Using cached psycopg2_binary-2.9.10-cp311-cp311-manylinux_2_17_x86_64.manylinux2014_x86_64.whl.metadata (4.9 kB)
2025-08-20T18:56:51.8669570Z Collecting psycopg==3.2.9 (from psycopg[binary]==3.2.9->-r requirements-dev.txt (line 25))
2025-08-20T18:56:51.8943824Z   Using cached psycopg-3.2.9-py3-none-any.whl.metadata (4.5 kB)
2025-08-20T18:56:51.9993117Z Collecting pydantic==2.11.7 (from -r requirements-dev.txt (line 26))
2025-08-20T18:56:52.0007711Z   Using cached pydantic-2.11.7-py3-none-any.whl.metadata (67 kB)
2025-08-20T18:56:52.0044833Z Requirement already satisfied: setuptools in /opt/hostedtoolcache/Python/3.11.13/x64/lib/python3.11/site-packages (from -r requirements-dev.txt (line 27)) (65.5.0)
2025-08-20T18:56:52.0228857Z Collecting pytest-asyncio==0.23.6 (from -r requirements-dev.txt (line 28))
2025-08-20T18:56:52.0241865Z   Using cached pytest_asyncio-0.23.6-py3-none-any.whl.metadata (3.9 kB)
2025-08-20T18:56:52.0409975Z Collecting pytest-cov==6.2.1 (from -r requirements-dev.txt (line 29))
2025-08-20T18:56:52.0423046Z   Using cached pytest_cov-6.2.1-py3-none-any.whl.metadata (30 kB)
2025-08-20T18:56:52.0625243Z Collecting pytest-postgresql==7.0.2 (from -r requirements-dev.txt (line 30))
2025-08-20T18:56:52.0638043Z   Using cached pytest_postgresql-7.0.2-py3-none-any.whl.metadata (18 kB)
2025-08-20T18:56:52.0822968Z Collecting python-dotenv (from -r requirements-dev.txt (line 31))
2025-08-20T18:56:52.0836215Z   Using cached python_dotenv-1.1.1-py3-none-any.whl.metadata (24 kB)
2025-08-20T18:56:52.0985268Z Collecting python-multipart (from -r requirements-dev.txt (line 32))
2025-08-20T18:56:52.0998839Z   Using cached python_multipart-0.0.20-py3-none-any.whl.metadata (1.8 kB)
2025-08-20T18:56:52.1308027Z Collecting python-telegram-bot==22.3 (from -r requirements-dev.txt (line 33))
2025-08-20T18:56:52.1321202Z   Using cached python_telegram_bot-22.3-py3-none-any.whl.metadata (17 kB)
2025-08-20T18:56:52.1608711Z Collecting requests==2.32.4 (from -r requirements-dev.txt (line 34))
2025-08-20T18:56:52.1622414Z   Using cached requests-2.32.4-py3-none-any.whl.metadata (4.9 kB)
2025-08-20T18:56:52.1792494Z Collecting respx==0.22.0 (from -r requirements-dev.txt (line 35))
2025-08-20T18:56:52.1805730Z   Using cached respx-0.22.0-py2.py3-none-any.whl.metadata (4.1 kB)
2025-08-20T18:56:52.5237398Z Collecting ruff==0.9.9 (from -r requirements-dev.txt (line 36))
2025-08-20T18:56:52.5326991Z   Downloading ruff-0.9.9-py3-none-manylinux_2_17_x86_64.manylinux2014_x86_64.whl.metadata (25 kB)
2025-08-20T18:56:52.7767682Z Collecting sqlalchemy==2.0.43 (from -r requirements-dev.txt (line 37))
2025-08-20T18:56:52.7787924Z   Using cached sqlalchemy-2.0.43-cp311-cp311-manylinux_2_17_x86_64.manylinux2014_x86_64.whl.metadata (9.6 kB)
2025-08-20T18:56:52.8015228Z Collecting structlog==24.1.0 (from -r requirements-dev.txt (line 38))
2025-08-20T18:56:52.8029023Z   Using cached structlog-24.1.0-py3-none-any.whl.metadata (6.9 kB)
2025-08-20T18:56:52.8212694Z Collecting testcontainers==4.10.0 (from testcontainers[postgres]==4.10.0->-r requirements-dev.txt (line 39))
2025-08-20T18:56:52.8226012Z   Using cached testcontainers-4.10.0-py3-none-any.whl.metadata (7.8 kB)
2025-08-20T18:56:52.8566649Z Collecting types-requests==2.32.4.20250809 (from -r requirements-dev.txt (line 40))
2025-08-20T18:56:52.8579753Z   Using cached types_requests-2.32.4.20250809-py3-none-any.whl.metadata (2.0 kB)
2025-08-20T18:56:52.8730617Z Collecting docspec-python==2.2.2 (from -r requirements-dev.txt (line 41))
2025-08-20T18:56:52.8743413Z   Using cached docspec_python-2.2.2-py3-none-any.whl.metadata (1.0 kB)
2025-08-20T18:56:52.8909250Z Collecting pydoc-markdown==4.8.2 (from -r requirements-dev.txt (line 42))
2025-08-20T18:56:52.8922898Z   Using cached pydoc_markdown-4.8.2-py3-none-any.whl.metadata (5.9 kB)
2025-08-20T18:56:52.9205910Z Collecting pandera==0.19.* (from -r requirements-dev.txt (line 43))
2025-08-20T18:56:52.9219051Z   Using cached pandera-0.19.3-py3-none-any.whl.metadata (15 kB)
2025-08-20T18:56:53.0199598Z Collecting MarkupSafe>=2.0 (from Jinja2==3.1.6->-r requirements-dev.txt (line 2))
2025-08-20T18:56:53.0214456Z   Using cached MarkupSafe-3.0.2-cp311-cp311-manylinux_2_17_x86_64.manylinux2014_x86_64.whl.metadata (4.0 kB)
2025-08-20T18:56:53.0518812Z Collecting Mako (from alembic==1.13.1->-r requirements-dev.txt (line 3))
2025-08-20T18:56:53.0532146Z   Using cached mako-1.3.10-py3-none-any.whl.metadata (2.9 kB)
2025-08-20T18:56:53.0720728Z Collecting typing-extensions>=4 (from alembic==1.13.1->-r requirements-dev.txt (line 3))
2025-08-20T18:56:53.0733548Z   Using cached typing_extensions-4.14.1-py3-none-any.whl.metadata (3.0 kB)
2025-08-20T18:56:53.0887638Z Collecting six>=1.4.0 (from apscheduler==3.10.4->-r requirements-dev.txt (line 4))
2025-08-20T18:56:53.0900660Z   Using cached six-1.17.0-py2.py3-none-any.whl.metadata (1.7 kB)
2025-08-20T18:56:53.1249028Z Collecting pytz (from apscheduler==3.10.4->-r requirements-dev.txt (line 4))
2025-08-20T18:56:53.1262594Z   Using cached pytz-2025.2-py2.py3-none-any.whl.metadata (22 kB)
2025-08-20T18:56:53.1511652Z Collecting tzlocal!=3.*,>=2.0 (from apscheduler==3.10.4->-r requirements-dev.txt (line 4))
2025-08-20T18:56:53.1524646Z   Using cached tzlocal-5.3.1-py3-none-any.whl.metadata (7.6 kB)
2025-08-20T18:56:53.1849634Z Collecting starlette>=0.18 (from asgi-correlation-id==4.3.1->-r requirements-dev.txt (line 5))
2025-08-20T18:56:53.1862570Z   Using cached starlette-0.47.2-py3-none-any.whl.metadata (6.2 kB)
2025-08-20T18:56:53.2068798Z Collecting click>=8.0.0 (from black==25.1.0->-r requirements-dev.txt (line 7))
2025-08-20T18:56:53.2081555Z   Using cached click-8.2.1-py3-none-any.whl.metadata (2.5 kB)
2025-08-20T18:56:53.2255683Z Collecting packaging>=22.0 (from black==25.1.0->-r requirements-dev.txt (line 7))
2025-08-20T18:56:53.2268958Z   Using cached packaging-25.0-py3-none-any.whl.metadata (3.3 kB)
2025-08-20T18:56:53.2396239Z Collecting pathspec>=0.9.0 (from black==25.1.0->-r requirements-dev.txt (line 7))
2025-08-20T18:56:53.2409894Z   Using cached pathspec-0.12.1-py3-none-any.whl.metadata (21 kB)
2025-08-20T18:56:53.2611044Z Collecting platformdirs>=2 (from black==25.1.0->-r requirements-dev.txt (line 7))
2025-08-20T18:56:53.2624057Z   Using cached platformdirs-4.3.8-py3-none-any.whl.metadata (12 kB)
2025-08-20T18:56:53.2771352Z Collecting toml (from vulture==2.10->-r requirements-dev.txt (line 11))
2025-08-20T18:56:53.2843860Z   Downloading toml-0.10.2-py2.py3-none-any.whl.metadata (7.1 kB)
2025-08-20T18:56:53.3044599Z Collecting billiard<5.0,>=4.2.1 (from celery==5.5.3->-r requirements-dev.txt (line 12))
2025-08-20T18:56:53.3057848Z   Using cached billiard-4.2.1-py3-none-any.whl.metadata (4.4 kB)
2025-08-20T18:56:53.3333793Z Collecting kombu<5.6,>=5.5.2 (from celery==5.5.3->-r requirements-dev.txt (line 12))
2025-08-20T18:56:53.3346753Z   Using cached kombu-5.5.4-py3-none-any.whl.metadata (3.5 kB)
2025-08-20T18:56:53.3518877Z Collecting vine<6.0,>=5.1.0 (from celery==5.5.3->-r requirements-dev.txt (line 12))
2025-08-20T18:56:53.3531719Z   Using cached vine-5.1.0-py3-none-any.whl.metadata (2.7 kB)
2025-08-20T18:56:53.3677057Z Collecting click-didyoumean>=0.3.0 (from celery==5.5.3->-r requirements-dev.txt (line 12))
2025-08-20T18:56:53.3690128Z   Using cached click_didyoumean-0.3.1-py3-none-any.whl.metadata (3.9 kB)
2025-08-20T18:56:53.3802795Z Collecting click-repl>=0.2.0 (from celery==5.5.3->-r requirements-dev.txt (line 12))
2025-08-20T18:56:53.3815650Z   Using cached click_repl-0.3.0-py3-none-any.whl.metadata (3.6 kB)
2025-08-20T18:56:53.3933715Z Collecting click-plugins>=1.1.1 (from celery==5.5.3->-r requirements-dev.txt (line 12))
2025-08-20T18:56:53.3952344Z   Using cached click_plugins-1.1.1.2-py2.py3-none-any.whl.metadata (6.5 kB)
2025-08-20T18:56:53.4099312Z Collecting python-dateutil>=2.8.2 (from celery==5.5.3->-r requirements-dev.txt (line 12))
2025-08-20T18:56:53.4112229Z   Using cached python_dateutil-2.9.0.post0-py2.py3-none-any.whl.metadata (8.4 kB)
2025-08-20T18:56:53.4887018Z Collecting annotated-types>=0.6.0 (from pydantic==2.11.7->-r requirements-dev.txt (line 26))
2025-08-20T18:56:53.4900197Z   Using cached annotated_types-0.7.0-py3-none-any.whl.metadata (15 kB)
2025-08-20T18:56:54.1410445Z Collecting pydantic-core==2.33.2 (from pydantic==2.11.7->-r requirements-dev.txt (line 26))
2025-08-20T18:56:54.1426224Z   Using cached pydantic_core-2.33.2-cp311-cp311-manylinux_2_17_x86_64.manylinux2014_x86_64.whl.metadata (6.8 kB)
2025-08-20T18:56:54.1582002Z Collecting typing-inspection>=0.4.0 (from pydantic==2.11.7->-r requirements-dev.txt (line 26))
2025-08-20T18:56:54.1596639Z   Using cached typing_inspection-0.4.1-py3-none-any.whl.metadata (2.6 kB)
2025-08-20T18:56:54.1853699Z Collecting et-xmlfile (from openpyxl==3.1.5->-r requirements-dev.txt (line 22))
2025-08-20T18:56:54.1867675Z   Using cached et_xmlfile-2.0.0-py3-none-any.whl.metadata (2.7 kB)
2025-08-20T18:56:54.2311192Z Collecting pytest<9,>=7.0.0 (from pytest-asyncio==0.23.6->-r requirements-dev.txt (line 28))
2025-08-20T18:56:54.2325126Z   Using cached pytest-8.4.1-py3-none-any.whl.metadata (7.7 kB)
2025-08-20T18:56:54.5379389Z Collecting coverage>=7.5 (from coverage[toml]>=7.5->pytest-cov==6.2.1->-r requirements-dev.txt (line 29))
2025-08-20T18:56:54.6305298Z   Using cached coverage-7.10.4-cp311-cp311-manylinux1_x86_64.manylinux_2_28_x86_64.manylinux_2_5_x86_64.whl.metadata (8.9 kB)
2025-08-20T18:56:54.6457051Z Collecting pluggy>=1.2 (from pytest-cov==6.2.1->-r requirements-dev.txt (line 29))
2025-08-20T18:56:54.6470853Z   Using cached pluggy-1.6.0-py3-none-any.whl.metadata (4.8 kB)
2025-08-20T18:56:54.6718520Z Collecting port-for>=0.7.3 (from pytest-postgresql==7.0.2->-r requirements-dev.txt (line 30))
2025-08-20T18:56:54.6731918Z   Using cached port_for-0.7.4-py3-none-any.whl.metadata (7.1 kB)
2025-08-20T18:56:54.6887192Z Collecting mirakuru>=2.6.0 (from pytest-postgresql==7.0.2->-r requirements-dev.txt (line 30))
2025-08-20T18:56:54.6900876Z   Using cached mirakuru-2.6.1-py3-none-any.whl.metadata (10 kB)
2025-08-20T18:56:54.7703257Z Collecting charset_normalizer<4,>=2 (from requests==2.32.4->-r requirements-dev.txt (line 34))
2025-08-20T18:56:54.7719671Z   Using cached charset_normalizer-3.4.3-cp311-cp311-manylinux2014_x86_64.manylinux_2_17_x86_64.manylinux_2_28_x86_64.whl.metadata (36 kB)
2025-08-20T18:56:54.7924522Z Collecting idna<4,>=2.5 (from requests==2.32.4->-r requirements-dev.txt (line 34))
2025-08-20T18:56:54.7938279Z   Using cached idna-3.10-py3-none-any.whl.metadata (10 kB)
2025-08-20T18:56:54.8228770Z Collecting urllib3<3,>=1.21.1 (from requests==2.32.4->-r requirements-dev.txt (line 34))
2025-08-20T18:56:54.8242788Z   Using cached urllib3-2.5.0-py3-none-any.whl.metadata (6.5 kB)
2025-08-20T18:56:54.8460667Z Collecting certifi>=2017.4.17 (from requests==2.32.4->-r requirements-dev.txt (line 34))
2025-08-20T18:56:54.8474168Z   Using cached certifi-2025.8.3-py3-none-any.whl.metadata (2.4 kB)
2025-08-20T18:56:54.9690883Z Collecting greenlet>=1 (from sqlalchemy==2.0.43->-r requirements-dev.txt (line 37))
2025-08-20T18:56:54.9705799Z   Using cached greenlet-3.2.4-cp311-cp311-manylinux_2_24_x86_64.manylinux_2_28_x86_64.whl.metadata (4.1 kB)
2025-08-20T18:56:54.9947646Z Collecting docker (from testcontainers==4.10.0->testcontainers[postgres]==4.10.0->-r requirements-dev.txt (line 39))
2025-08-20T18:56:54.9961291Z   Using cached docker-7.1.0-py3-none-any.whl.metadata (3.8 kB)
2025-08-20T18:56:55.0901107Z Collecting wrapt (from testcontainers==4.10.0->testcontainers[postgres]==4.10.0->-r requirements-dev.txt (line 39))
2025-08-20T18:56:55.0916657Z   Using cached wrapt-1.17.3-cp311-cp311-manylinux1_x86_64.manylinux_2_28_x86_64.manylinux_2_5_x86_64.whl.metadata (6.4 kB)
2025-08-20T18:56:55.1192567Z Collecting docspec==2.2.1 (from docspec-python==2.2.2->-r requirements-dev.txt (line 41))
2025-08-20T18:56:55.1206284Z   Using cached docspec-2.2.1-py3-none-any.whl.metadata (1.5 kB)
2025-08-20T18:56:55.1390283Z Collecting nr-util>=0.8.12 (from docspec-python==2.2.2->-r requirements-dev.txt (line 41))
2025-08-20T18:56:55.1403668Z   Using cached nr.util-0.8.12-py3-none-any.whl.metadata (813 bytes)
2025-08-20T18:56:55.1762422Z Collecting PyYAML<7.0,>=5.0 (from pydoc-markdown==4.8.2->-r requirements-dev.txt (line 42))
2025-08-20T18:56:55.1776588Z   Using cached PyYAML-6.0.2-cp311-cp311-manylinux_2_17_x86_64.manylinux2014_x86_64.whl.metadata (2.1 kB)
2025-08-20T18:56:55.2041797Z Collecting databind.core<5.0.0,>=4.4.0 (from pydoc-markdown==4.8.2->-r requirements-dev.txt (line 42))
2025-08-20T18:56:55.2055381Z   Using cached databind.core-4.5.2-py3-none-any.whl.metadata (1.1 kB)
2025-08-20T18:56:55.2272119Z Collecting databind.json<5.0.0,>=4.4.0 (from pydoc-markdown==4.8.2->-r requirements-dev.txt (line 42))
2025-08-20T18:56:55.2285642Z   Using cached databind.json-4.5.2-py3-none-any.whl.metadata (1.1 kB)
2025-08-20T18:56:55.2454800Z Collecting docstring-parser<0.12,>=0.11 (from pydoc-markdown==4.8.2->-r requirements-dev.txt (line 42))
2025-08-20T18:56:55.2455956Z   Using cached docstring_parser-0.11-py3-none-any.whl
2025-08-20T18:56:55.3205086Z Collecting tomli<3.0.0,>=2.0.0 (from pydoc-markdown==4.8.2->-r requirements-dev.txt (line 42))
2025-08-20T18:56:55.3219415Z   Using cached tomli-2.2.1-cp311-cp311-manylinux_2_17_x86_64.manylinux2014_x86_64.whl.metadata (11 kB)
2025-08-20T18:56:55.3343897Z Collecting tomli_w<2.0.0,>=1.0.0 (from pydoc-markdown==4.8.2->-r requirements-dev.txt (line 42))
2025-08-20T18:56:55.3357039Z   Using cached tomli_w-1.2.0-py3-none-any.whl.metadata (5.7 kB)
2025-08-20T18:56:55.3809122Z Collecting watchdog (from pydoc-markdown==4.8.2->-r requirements-dev.txt (line 42))
2025-08-20T18:56:55.3822779Z   Using cached watchdog-6.0.0-py3-none-manylinux2014_x86_64.whl.metadata (44 kB)
2025-08-20T18:56:55.4034814Z Collecting yapf>=0.30.0 (from pydoc-markdown==4.8.2->-r requirements-dev.txt (line 42))
2025-08-20T18:56:55.4048113Z   Using cached yapf-0.43.0-py3-none-any.whl.metadata (46 kB)
2025-08-20T18:56:55.4301858Z Collecting Deprecated<2.0.0,>=1.2.12 (from docspec==2.2.1->docspec-python==2.2.2->-r requirements-dev.txt (line 41))
2025-08-20T18:56:55.4316045Z   Using cached Deprecated-1.2.18-py2.py3-none-any.whl.metadata (5.7 kB)
2025-08-20T18:56:55.5760214Z Collecting psycopg-binary==3.2.9 (from psycopg[binary]==3.2.9->-r requirements-dev.txt (line 25))
2025-08-20T18:56:55.5775534Z   Using cached psycopg_binary-3.2.9-cp311-cp311-manylinux_2_17_x86_64.manylinux2014_x86_64.whl.metadata (2.9 kB)
2025-08-20T18:56:55.6124627Z Collecting argon2-cffi (from minio==7.*->-r requirements-dev.txt (line 10))
2025-08-20T18:56:55.6138168Z   Using cached argon2_cffi-25.1.0-py3-none-any.whl.metadata (4.1 kB)
2025-08-20T18:56:55.6910313Z Collecting pycryptodome (from minio==7.*->-r requirements-dev.txt (line 10))
2025-08-20T18:56:55.6924503Z   Using cached pycryptodome-3.23.0-cp37-abi3-manylinux_2_17_x86_64.manylinux2014_x86_64.whl.metadata (3.4 kB)
2025-08-20T18:56:55.7139051Z Collecting anyio (from httpx<0.29,>=0.27->-r requirements-dev.txt (line 16))
2025-08-20T18:56:55.7152053Z   Using cached anyio-4.10.0-py3-none-any.whl.metadata (4.0 kB)
2025-08-20T18:56:55.7351885Z Collecting httpcore==1.* (from httpx<0.29,>=0.27->-r requirements-dev.txt (line 16))
2025-08-20T18:56:55.7365023Z   Using cached httpcore-1.0.9-py3-none-any.whl.metadata (21 kB)
2025-08-20T18:56:55.7693367Z Collecting tzdata>=2022.7 (from pandas==2.2.*->-r requirements-dev.txt (line 23))
2025-08-20T18:56:55.7706781Z   Using cached tzdata-2025.2-py2.py3-none-any.whl.metadata (1.4 kB)
2025-08-20T18:56:55.7869899Z Collecting multimethod<=1.10.0 (from pandera==0.19.*->-r requirements-dev.txt (line 43))
2025-08-20T18:56:55.7882615Z   Using cached multimethod-1.10-py3-none-any.whl.metadata (8.2 kB)
2025-08-20T18:56:55.9202940Z Collecting typeguard (from pandera==0.19.*->-r requirements-dev.txt (line 43))
2025-08-20T18:56:55.9217868Z   Using cached typeguard-4.4.4-py3-none-any.whl.metadata (3.3 kB)
2025-08-20T18:56:55.9344945Z Collecting typing-inspect>=0.6.0 (from pandera==0.19.*->-r requirements-dev.txt (line 43))
2025-08-20T18:56:55.9358540Z   Using cached typing_inspect-0.9.0-py3-none-any.whl.metadata (1.5 kB)
2025-08-20T18:56:55.9630835Z Collecting databind<5.0.0,>=4.5.2 (from databind.core<5.0.0,>=4.4.0->pydoc-markdown==4.8.2->-r requirements-dev.txt (line 42))
2025-08-20T18:56:55.9643534Z   Using cached databind-4.5.2-py3-none-any.whl.metadata (4.3 kB)
2025-08-20T18:56:55.9782312Z Collecting nr-date<3.0.0,>=2.0.0 (from databind<5.0.0,>=4.5.2->databind.core<5.0.0,>=4.4.0->pydoc-markdown==4.8.2->-r requirements-dev.txt (line 42))
2025-08-20T18:56:55.9795567Z   Using cached nr_date-2.1.0-py3-none-any.whl.metadata (746 bytes)
2025-08-20T18:56:55.9933430Z Collecting nr-stream<2.0.0,>=1.0.0 (from databind<5.0.0,>=4.5.2->databind.core<5.0.0,>=4.4.0->pydoc-markdown==4.8.2->-r requirements-dev.txt (line 42))
2025-08-20T18:56:55.9946734Z   Using cached nr_stream-1.1.5-py3-none-any.whl.metadata (3.6 kB)
2025-08-20T18:56:56.0140822Z Collecting typeapi<3,>=2.0.1 (from databind<5.0.0,>=4.5.2->databind.core<5.0.0,>=4.4.0->pydoc-markdown==4.8.2->-r requirements-dev.txt (line 42))
2025-08-20T18:56:56.0153992Z   Using cached typeapi-2.2.4-py3-none-any.whl.metadata (1.5 kB)
2025-08-20T18:56:56.0509915Z Collecting h11>=0.16 (from httpcore==1.*->httpx<0.29,>=0.27->-r requirements-dev.txt (line 16))
2025-08-20T18:56:56.0522991Z   Using cached h11-0.16.0-py3-none-any.whl.metadata (8.3 kB)
2025-08-20T18:56:56.0758058Z Collecting amqp<6.0.0,>=5.1.1 (from kombu<5.6,>=5.5.2->celery==5.5.3->-r requirements-dev.txt (line 12))
2025-08-20T18:56:56.0771358Z   Using cached amqp-5.3.1-py3-none-any.whl.metadata (8.9 kB)
2025-08-20T18:56:56.1197362Z Collecting iniconfig>=1 (from pytest<9,>=7.0.0->pytest-asyncio==0.23.6->-r requirements-dev.txt (line 28))
2025-08-20T18:56:56.1210591Z   Using cached iniconfig-2.1.0-py3-none-any.whl.metadata (2.7 kB)
2025-08-20T18:56:56.1430170Z Collecting pygments>=2.7.2 (from pytest<9,>=7.0.0->pytest-asyncio==0.23.6->-r requirements-dev.txt (line 28))
2025-08-20T18:56:56.1443092Z   Using cached pygments-2.19.2-py3-none-any.whl.metadata (2.5 kB)
2025-08-20T18:56:56.1755314Z Collecting sniffio>=1.1 (from anyio->httpx<0.29,>=0.27->-r requirements-dev.txt (line 16))
2025-08-20T18:56:56.1768769Z   Using cached sniffio-1.3.1-py3-none-any.whl.metadata (3.9 kB)
2025-08-20T18:56:56.5455896Z Collecting botocore<1.41.0,>=1.40.13 (from boto3->-r requirements-dev.txt (line 8))
2025-08-20T18:56:56.5531067Z   Downloading botocore-1.40.13-py3-none-any.whl.metadata (5.7 kB)
2025-08-20T18:56:56.5704054Z Collecting jmespath<2.0.0,>=0.7.1 (from boto3->-r requirements-dev.txt (line 8))
2025-08-20T18:56:56.5717904Z   Using cached jmespath-1.0.1-py3-none-any.whl.metadata (7.6 kB)
2025-08-20T18:56:56.5888923Z Collecting s3transfer<0.14.0,>=0.13.0 (from boto3->-r requirements-dev.txt (line 8))
2025-08-20T18:56:56.5902399Z   Using cached s3transfer-0.13.1-py3-none-any.whl.metadata (1.7 kB)
2025-08-20T18:56:56.7741443Z Collecting fastapi-cli>=0.0.8 (from fastapi-cli[standard]>=0.0.8; extra == "all"->fastapi[all]->-r requirements-dev.txt (line 14))
2025-08-20T18:56:56.7755100Z   Using cached fastapi_cli-0.0.8-py3-none-any.whl.metadata (6.3 kB)
2025-08-20T18:56:56.8491367Z Collecting ujson!=4.0.2,!=4.1.0,!=4.2.0,!=4.3.0,!=5.0.0,!=5.1.0,>=4.0.1 (from fastapi[all]->-r requirements-dev.txt (line 14))
2025-08-20T18:56:56.8565585Z   Downloading ujson-5.11.0-cp311-cp311-manylinux_2_24_x86_64.manylinux_2_28_x86_64.whl.metadata (9.4 kB)
2025-08-20T18:56:57.0963481Z Collecting orjson>=3.2.1 (from fastapi[all]->-r requirements-dev.txt (line 14))
2025-08-20T18:56:57.0979879Z   Using cached orjson-3.11.2-cp311-cp311-manylinux_2_17_x86_64.manylinux2014_x86_64.whl.metadata (1.2 kB)
2025-08-20T18:56:57.1129199Z Collecting email-validator>=2.0.0 (from fastapi[all]->-r requirements-dev.txt (line 14))
2025-08-20T18:56:57.1142977Z   Using cached email_validator-2.2.0-py3-none-any.whl.metadata (25 kB)
2025-08-20T18:56:57.1438279Z Collecting uvicorn>=0.12.0 (from uvicorn[standard]>=0.12.0; extra == "all"->fastapi[all]->-r requirements-dev.txt (line 14))
2025-08-20T18:56:57.1452008Z   Using cached uvicorn-0.35.0-py3-none-any.whl.metadata (6.5 kB)
2025-08-20T18:56:57.1639628Z Collecting pydantic-settings>=2.0.0 (from fastapi[all]->-r requirements-dev.txt (line 14))
2025-08-20T18:56:57.1653220Z   Using cached pydantic_settings-2.10.1-py3-none-any.whl.metadata (3.4 kB)
2025-08-20T18:56:57.1805153Z Collecting pydantic-extra-types>=2.0.0 (from fastapi[all]->-r requirements-dev.txt (line 14))
2025-08-20T18:56:57.1819831Z   Using cached pydantic_extra_types-2.10.5-py3-none-any.whl.metadata (3.9 kB)
2025-08-20T18:56:57.2514873Z Collecting prompt-toolkit>=3.0.36 (from click-repl>=0.2.0->celery==5.5.3->-r requirements-dev.txt (line 12))
2025-08-20T18:56:57.2528584Z   Using cached prompt_toolkit-3.0.51-py3-none-any.whl.metadata (6.4 kB)
2025-08-20T18:56:57.2728213Z Collecting dnspython>=2.0.0 (from email-validator>=2.0.0->fastapi[all]->-r requirements-dev.txt (line 14))
2025-08-20T18:56:57.2741756Z   Using cached dnspython-2.7.0-py3-none-any.whl.metadata (5.8 kB)
2025-08-20T18:56:57.3032310Z Collecting typer>=0.15.1 (from fastapi-cli>=0.0.8->fastapi-cli[standard]>=0.0.8; extra == "all"->fastapi[all]->-r requirements-dev.txt (line 14))
2025-08-20T18:56:57.3046170Z   Using cached typer-0.16.1-py3-none-any.whl.metadata (15 kB)
2025-08-20T18:56:57.3313598Z Collecting rich-toolkit>=0.14.8 (from fastapi-cli>=0.0.8->fastapi-cli[standard]>=0.0.8; extra == "all"->fastapi[all]->-r requirements-dev.txt (line 14))
2025-08-20T18:56:57.3327141Z   Using cached rich_toolkit-0.15.0-py3-none-any.whl.metadata (1.0 kB)
2025-08-20T18:56:57.3463762Z Collecting fastapi-cloud-cli>=0.1.1 (from fastapi-cli[standard]>=0.0.8; extra == "all"->fastapi[all]->-r requirements-dev.txt (line 14))
2025-08-20T18:56:57.3477073Z   Using cached fastapi_cloud_cli-0.1.5-py3-none-any.whl.metadata (3.2 kB)
2025-08-20T18:56:57.4190230Z Collecting rignore>=0.5.1 (from fastapi-cloud-cli>=0.1.1->fastapi-cli[standard]>=0.0.8; extra == "all"->fastapi[all]->-r requirements-dev.txt (line 14))
2025-08-20T18:56:57.4203904Z   Using cached rignore-0.6.4-cp311-cp311-manylinux_2_17_x86_64.manylinux2014_x86_64.whl.metadata (3.8 kB)
2025-08-20T18:56:57.5143514Z Collecting sentry-sdk>=2.20.0 (from fastapi-cloud-cli>=0.1.1->fastapi-cli[standard]>=0.0.8; extra == "all"->fastapi[all]->-r requirements-dev.txt (line 14))
2025-08-20T18:56:57.5156720Z   Using cached sentry_sdk-2.35.0-py2.py3-none-any.whl.metadata (10 kB)
2025-08-20T18:56:57.7227285Z Collecting psutil>=4.0.0 (from mirakuru>=2.6.0->pytest-postgresql==7.0.2->-r requirements-dev.txt (line 30))
2025-08-20T18:56:57.7241970Z   Using cached psutil-7.0.0-cp36-abi3-manylinux_2_12_x86_64.manylinux2010_x86_64.manylinux_2_17_x86_64.manylinux2014_x86_64.whl.metadata (22 kB)
2025-08-20T18:56:57.7575415Z Collecting wcwidth (from prompt-toolkit>=3.0.36->click-repl>=0.2.0->celery==5.5.3->-r requirements-dev.txt (line 12))
2025-08-20T18:56:57.7588502Z   Using cached wcwidth-0.2.13-py2.py3-none-any.whl.metadata (14 kB)
2025-08-20T18:56:57.8997682Z Collecting rich>=13.7.1 (from rich-toolkit>=0.14.8->fastapi-cli>=0.0.8->fastapi-cli[standard]>=0.0.8; extra == "all"->fastapi[all]->-r requirements-dev.txt (line 14))
2025-08-20T18:56:57.9011519Z   Using cached rich-14.1.0-py3-none-any.whl.metadata (18 kB)
2025-08-20T18:56:57.9214334Z Collecting markdown-it-py>=2.2.0 (from rich>=13.7.1->rich-toolkit>=0.14.8->fastapi-cli>=0.0.8->fastapi-cli[standard]>=0.0.8; extra == "all"->fastapi[all]->-r requirements-dev.txt (line 14))
2025-08-20T18:56:57.9227960Z   Using cached markdown_it_py-4.0.0-py3-none-any.whl.metadata (7.3 kB)
2025-08-20T18:56:57.9450812Z Collecting mdurl~=0.1 (from markdown-it-py>=2.2.0->rich>=13.7.1->rich-toolkit>=0.14.8->fastapi-cli>=0.0.8->fastapi-cli[standard]>=0.0.8; extra == "all"->fastapi[all]->-r requirements-dev.txt (line 14))
2025-08-20T18:56:57.9464149Z   Using cached mdurl-0.1.2-py3-none-any.whl.metadata (1.6 kB)
2025-08-20T18:56:57.9969864Z Collecting shellingham>=1.3.0 (from typer>=0.15.1->fastapi-cli>=0.0.8->fastapi-cli[standard]>=0.0.8; extra == "all"->fastapi[all]->-r requirements-dev.txt (line 14))
2025-08-20T18:56:57.9984047Z   Using cached shellingham-1.5.4-py2.py3-none-any.whl.metadata (3.5 kB)
2025-08-20T18:56:58.0747597Z Collecting httptools>=0.6.3 (from uvicorn[standard]>=0.12.0; extra == "all"->fastapi[all]->-r requirements-dev.txt (line 14))
2025-08-20T18:56:58.0765581Z   Using cached httptools-0.6.4-cp311-cp311-manylinux_2_5_x86_64.manylinux1_x86_64.manylinux_2_17_x86_64.manylinux2014_x86_64.whl.metadata (3.6 kB)
2025-08-20T18:56:58.1209094Z Collecting uvloop>=0.15.1 (from uvicorn[standard]>=0.12.0; extra == "all"->fastapi[all]->-r requirements-dev.txt (line 14))
2025-08-20T18:56:58.1221939Z   Using cached uvloop-0.21.0-cp311-cp311-manylinux_2_17_x86_64.manylinux2014_x86_64.whl.metadata (4.9 kB)
2025-08-20T18:56:58.1914068Z Collecting watchfiles>=0.13 (from uvicorn[standard]>=0.12.0; extra == "all"->fastapi[all]->-r requirements-dev.txt (line 14))
2025-08-20T18:56:58.1927318Z   Using cached watchfiles-1.1.0-cp311-cp311-manylinux_2_17_x86_64.manylinux2014_x86_64.whl.metadata (4.9 kB)
2025-08-20T18:56:58.2788117Z Collecting websockets>=10.4 (from uvicorn[standard]>=0.12.0; extra == "all"->fastapi[all]->-r requirements-dev.txt (line 14))
2025-08-20T18:56:58.2803416Z   Using cached websockets-15.0.1-cp311-cp311-manylinux_2_5_x86_64.manylinux1_x86_64.manylinux_2_17_x86_64.manylinux2014_x86_64.whl.metadata (6.8 kB)
2025-08-20T18:56:58.3297725Z Collecting argon2-cffi-bindings (from argon2-cffi->minio==7.*->-r requirements-dev.txt (line 10))
2025-08-20T18:56:58.3311274Z   Using cached argon2_cffi_bindings-25.1.0-cp39-abi3-manylinux_2_26_x86_64.manylinux_2_28_x86_64.whl.metadata (7.4 kB)
2025-08-20T18:56:58.4320088Z Collecting cffi>=1.0.1 (from argon2-cffi-bindings->argon2-cffi->minio==7.*->-r requirements-dev.txt (line 10))
2025-08-20T18:56:58.4334424Z   Using cached cffi-1.17.1-cp311-cp311-manylinux_2_17_x86_64.manylinux2014_x86_64.whl.metadata (1.5 kB)
2025-08-20T18:56:58.4482799Z Collecting pycparser (from cffi>=1.0.1->argon2-cffi-bindings->argon2-cffi->minio==7.*->-r requirements-dev.txt (line 10))
2025-08-20T18:56:58.4496914Z   Using cached pycparser-2.22-py3-none-any.whl.metadata (943 bytes)
2025-08-20T18:56:58.5109082Z Using cached jinja2-3.1.6-py3-none-any.whl (134 kB)
2025-08-20T18:56:58.5123617Z Using cached alembic-1.13.1-py3-none-any.whl (233 kB)
2025-08-20T18:56:58.5138552Z Using cached APScheduler-3.10.4-py3-none-any.whl (59 kB)
2025-08-20T18:56:58.5152543Z Using cached asgi_correlation_id-4.3.1-py3-none-any.whl (15 kB)
2025-08-20T18:56:58.5166028Z Using cached asyncpg-0.30.0-cp311-cp311-manylinux_2_17_x86_64.manylinux2014_x86_64.whl (3.1 MB)
2025-08-20T18:56:58.5202246Z Using cached black-25.1.0-cp311-cp311-manylinux_2_17_x86_64.manylinux2014_x86_64.manylinux_2_28_x86_64.whl (1.7 MB)
2025-08-20T18:56:58.5300691Z Downloading vulture-2.10-py2.py3-none-any.whl (27 kB)
2025-08-20T18:56:58.5344618Z Using cached celery-5.5.3-py3-none-any.whl (438 kB)
2025-08-20T18:56:58.5360987Z Using cached fastapi-0.116.1-py3-none-any.whl (95 kB)
2025-08-20T18:56:58.5374720Z Using cached pydantic-2.11.7-py3-none-any.whl (444 kB)
2025-08-20T18:56:58.5391048Z Using cached fastapi_limiter-0.1.6-py3-none-any.whl (15 kB)
2025-08-20T18:56:58.5404301Z Using cached IMAPClient-3.0.1-py2.py3-none-any.whl (182 kB)
2025-08-20T18:56:58.5418773Z Using cached mypy_extensions-1.1.0-py3-none-any.whl (5.0 kB)
2025-08-20T18:56:58.5432004Z Using cached openpyxl-3.1.5-py2.py3-none-any.whl (250 kB)
2025-08-20T18:56:58.5447203Z Using cached psycopg2_binary-2.9.10-cp311-cp311-manylinux_2_17_x86_64.manylinux2014_x86_64.whl (3.0 MB)
2025-08-20T18:56:58.5482047Z Using cached psycopg-3.2.9-py3-none-any.whl (202 kB)
2025-08-20T18:56:58.5496563Z Using cached pytest_asyncio-0.23.6-py3-none-any.whl (17 kB)
2025-08-20T18:56:58.5509802Z Using cached pytest_cov-6.2.1-py3-none-any.whl (24 kB)
2025-08-20T18:56:58.5523149Z Using cached pytest_postgresql-7.0.2-py3-none-any.whl (41 kB)
2025-08-20T18:56:58.5536711Z Using cached python_telegram_bot-22.3-py3-none-any.whl (717 kB)
2025-08-20T18:56:58.5554862Z Using cached requests-2.32.4-py3-none-any.whl (64 kB)
2025-08-20T18:56:58.5568744Z Using cached respx-0.22.0-py2.py3-none-any.whl (25 kB)
2025-08-20T18:56:58.5695890Z Downloading ruff-0.9.9-py3-none-manylinux_2_17_x86_64.manylinux2014_x86_64.whl (11.2 MB)
2025-08-20T18:56:58.6827089Z    ━━━━━━━━━━━━━━━━━━━━━━━━━━━━━━━━━━━━━━━━ 11.2/11.2 MB 110.0 MB/s  0:00:00
2025-08-20T18:56:58.6842001Z Using cached sqlalchemy-2.0.43-cp311-cp311-manylinux_2_17_x86_64.manylinux2014_x86_64.whl (3.3 MB)
2025-08-20T18:56:58.6878845Z Using cached structlog-24.1.0-py3-none-any.whl (65 kB)
2025-08-20T18:56:58.6894176Z Using cached testcontainers-4.10.0-py3-none-any.whl (107 kB)
2025-08-20T18:56:58.6908693Z Using cached types_requests-2.32.4.20250809-py3-none-any.whl (20 kB)
2025-08-20T18:56:58.6922205Z Using cached docspec_python-2.2.2-py3-none-any.whl (15 kB)
2025-08-20T18:56:58.6935359Z Using cached pydoc_markdown-4.8.2-py3-none-any.whl (67 kB)
2025-08-20T18:56:58.6954773Z Using cached docspec-2.2.1-py3-none-any.whl (9.8 kB)
2025-08-20T18:56:58.6975221Z Using cached psycopg_binary-3.2.9-cp311-cp311-manylinux_2_17_x86_64.manylinux2014_x86_64.whl (4.5 MB)
2025-08-20T18:56:58.7024657Z Using cached pydantic_core-2.33.2-cp311-cp311-manylinux_2_17_x86_64.manylinux2014_x86_64.whl (2.0 MB)
2025-08-20T18:56:58.7052370Z Using cached redis-6.4.0-py3-none-any.whl (279 kB)
2025-08-20T18:56:58.7067466Z Using cached minio-7.2.16-py3-none-any.whl (95 kB)
2025-08-20T18:56:58.7081069Z Using cached httpx-0.28.1-py3-none-any.whl (73 kB)
2025-08-20T18:56:58.7094704Z Using cached mypy-1.17.1-cp311-cp311-manylinux2014_x86_64.manylinux_2_17_x86_64.manylinux_2_28_x86_64.whl (12.6 MB)
2025-08-20T18:56:58.7195750Z Using cached numpy-1.26.4-cp311-cp311-manylinux_2_17_x86_64.manylinux2014_x86_64.whl (18.3 MB)
2025-08-20T18:56:58.7339489Z Using cached pandas-2.2.3-cp311-cp311-manylinux_2_17_x86_64.manylinux2014_x86_64.whl (13.1 MB)
2025-08-20T18:56:58.7444975Z Using cached pandera-0.19.3-py3-none-any.whl (251 kB)
2025-08-20T18:56:58.7459661Z Using cached billiard-4.2.1-py3-none-any.whl (86 kB)
2025-08-20T18:56:58.7473706Z Using cached charset_normalizer-3.4.3-cp311-cp311-manylinux2014_x86_64.manylinux_2_17_x86_64.manylinux_2_28_x86_64.whl (150 kB)
2025-08-20T18:56:58.7487590Z Using cached click-8.2.1-py3-none-any.whl (102 kB)
2025-08-20T18:56:58.7501199Z Using cached databind.core-4.5.2-py3-none-any.whl (1.5 kB)
2025-08-20T18:56:58.7514048Z Using cached databind-4.5.2-py3-none-any.whl (49 kB)
2025-08-20T18:56:58.7527713Z Using cached databind.json-4.5.2-py3-none-any.whl (1.5 kB)
2025-08-20T18:56:58.7540668Z Using cached Deprecated-1.2.18-py2.py3-none-any.whl (10.0 kB)
2025-08-20T18:56:58.7553541Z Using cached httpcore-1.0.9-py3-none-any.whl (78 kB)
2025-08-20T18:56:58.7567096Z Using cached idna-3.10-py3-none-any.whl (70 kB)
2025-08-20T18:56:58.7580411Z Using cached kombu-5.5.4-py3-none-any.whl (210 kB)
2025-08-20T18:56:58.7594523Z Using cached vine-5.1.0-py3-none-any.whl (9.6 kB)
2025-08-20T18:56:58.7607816Z Using cached amqp-5.3.1-py3-none-any.whl (50 kB)
2025-08-20T18:56:58.7620899Z Using cached multimethod-1.10-py3-none-any.whl (9.9 kB)
2025-08-20T18:56:58.7633632Z Using cached nr_date-2.1.0-py3-none-any.whl (10 kB)
2025-08-20T18:56:58.7647140Z Using cached nr_stream-1.1.5-py3-none-any.whl (10 kB)
2025-08-20T18:56:58.7660473Z Using cached nr.util-0.8.12-py3-none-any.whl (90 kB)
2025-08-20T18:56:58.7674800Z Using cached pytest-8.4.1-py3-none-any.whl (365 kB)
2025-08-20T18:56:58.7690734Z Using cached pluggy-1.6.0-py3-none-any.whl (20 kB)
2025-08-20T18:56:58.7704432Z Using cached PyYAML-6.0.2-cp311-cp311-manylinux_2_17_x86_64.manylinux2014_x86_64.whl (762 kB)
2025-08-20T18:56:58.7722879Z Using cached starlette-0.47.2-py3-none-any.whl (72 kB)
2025-08-20T18:56:58.7736602Z Using cached anyio-4.10.0-py3-none-any.whl (107 kB)
2025-08-20T18:56:58.7750923Z Using cached tomli-2.2.1-cp311-cp311-manylinux_2_17_x86_64.manylinux2014_x86_64.whl (236 kB)
2025-08-20T18:56:58.7765473Z Using cached tomli_w-1.2.0-py3-none-any.whl (6.7 kB)
2025-08-20T18:56:58.7779093Z Using cached typeapi-2.2.4-py3-none-any.whl (26 kB)
2025-08-20T18:56:58.7792518Z Using cached typing_extensions-4.14.1-py3-none-any.whl (43 kB)
2025-08-20T18:56:58.7805969Z Using cached urllib3-2.5.0-py3-none-any.whl (129 kB)
2025-08-20T18:56:58.7820569Z Using cached wrapt-1.17.3-cp311-cp311-manylinux1_x86_64.manylinux_2_28_x86_64.manylinux_2_5_x86_64.whl (82 kB)
2025-08-20T18:56:58.7897759Z Downloading boto3-1.40.13-py3-none-any.whl (140 kB)
2025-08-20T18:56:58.7992773Z Downloading botocore-1.40.13-py3-none-any.whl (14.0 MB)
2025-08-20T18:56:58.8563073Z    ━━━━━━━━━━━━━━━━━━━━━━━━━━━━━━━━━━━━━━━━ 14.0/14.0 MB 253.8 MB/s  0:00:00
2025-08-20T18:56:58.8578516Z Using cached jmespath-1.0.1-py3-none-any.whl (20 kB)
2025-08-20T18:56:58.8592083Z Using cached python_dateutil-2.9.0.post0-py2.py3-none-any.whl (229 kB)
2025-08-20T18:56:58.8607085Z Using cached s3transfer-0.13.1-py3-none-any.whl (85 kB)
2025-08-20T18:56:58.8620947Z Using cached itsdangerous-2.2.0-py3-none-any.whl (16 kB)
2025-08-20T18:56:58.8634433Z Using cached python_dotenv-1.1.1-py3-none-any.whl (20 kB)
2025-08-20T18:56:58.8648019Z Using cached python_multipart-0.0.20-py3-none-any.whl (24 kB)
2025-08-20T18:56:58.8661518Z Using cached annotated_types-0.7.0-py3-none-any.whl (13 kB)
2025-08-20T18:56:58.8674789Z Using cached certifi-2025.8.3-py3-none-any.whl (161 kB)
2025-08-20T18:56:58.8689161Z Using cached click_didyoumean-0.3.1-py3-none-any.whl (3.6 kB)
2025-08-20T18:56:58.8702386Z Using cached click_plugins-1.1.1.2-py2.py3-none-any.whl (11 kB)
2025-08-20T18:56:58.8716241Z Using cached click_repl-0.3.0-py3-none-any.whl (10 kB)
2025-08-20T18:56:58.8730120Z Using cached coverage-7.10.4-cp311-cp311-manylinux1_x86_64.manylinux_2_28_x86_64.manylinux_2_5_x86_64.whl (249 kB)
2025-08-20T18:56:58.8744716Z Using cached email_validator-2.2.0-py3-none-any.whl (33 kB)
2025-08-20T18:56:58.8758306Z Using cached dnspython-2.7.0-py3-none-any.whl (313 kB)
2025-08-20T18:56:58.8773729Z Using cached fastapi_cli-0.0.8-py3-none-any.whl (10 kB)
2025-08-20T18:56:58.8787116Z Using cached fastapi_cloud_cli-0.1.5-py3-none-any.whl (18 kB)
2025-08-20T18:56:58.8800916Z Using cached greenlet-3.2.4-cp311-cp311-manylinux_2_24_x86_64.manylinux_2_28_x86_64.whl (587 kB)
2025-08-20T18:56:58.8818156Z Using cached h11-0.16.0-py3-none-any.whl (37 kB)
2025-08-20T18:56:58.8831650Z Using cached iniconfig-2.1.0-py3-none-any.whl (6.0 kB)
2025-08-20T18:56:58.8845646Z Using cached MarkupSafe-3.0.2-cp311-cp311-manylinux_2_17_x86_64.manylinux2014_x86_64.whl (23 kB)
2025-08-20T18:56:58.8859122Z Using cached mirakuru-2.6.1-py3-none-any.whl (26 kB)
2025-08-20T18:56:58.8873067Z Using cached orjson-3.11.2-cp311-cp311-manylinux_2_17_x86_64.manylinux2014_x86_64.whl (121 kB)
2025-08-20T18:56:58.8887205Z Using cached packaging-25.0-py3-none-any.whl (66 kB)
2025-08-20T18:56:58.8900851Z Using cached pathspec-0.12.1-py3-none-any.whl (31 kB)
2025-08-20T18:56:58.8914410Z Using cached platformdirs-4.3.8-py3-none-any.whl (18 kB)
2025-08-20T18:56:58.8927661Z Using cached port_for-0.7.4-py3-none-any.whl (21 kB)
2025-08-20T18:56:58.8943901Z Using cached prompt_toolkit-3.0.51-py3-none-any.whl (387 kB)
2025-08-20T18:56:58.8969109Z Using cached psutil-7.0.0-cp36-abi3-manylinux_2_12_x86_64.manylinux2010_x86_64.manylinux_2_17_x86_64.manylinux2014_x86_64.whl (277 kB)
2025-08-20T18:56:58.8991014Z Using cached pydantic_extra_types-2.10.5-py3-none-any.whl (38 kB)
2025-08-20T18:56:58.9004543Z Using cached pydantic_settings-2.10.1-py3-none-any.whl (45 kB)
2025-08-20T18:56:58.9017925Z Using cached pygments-2.19.2-py3-none-any.whl (1.2 MB)
2025-08-20T18:56:58.9040061Z Using cached pytz-2025.2-py2.py3-none-any.whl (509 kB)
2025-08-20T18:56:58.9056540Z Using cached rich_toolkit-0.15.0-py3-none-any.whl (29 kB)
2025-08-20T18:56:58.9069579Z Using cached rich-14.1.0-py3-none-any.whl (243 kB)
2025-08-20T18:56:58.9084108Z Using cached markdown_it_py-4.0.0-py3-none-any.whl (87 kB)
2025-08-20T18:56:58.9097743Z Using cached mdurl-0.1.2-py3-none-any.whl (10.0 kB)
2025-08-20T18:56:58.9111017Z Using cached rignore-0.6.4-cp311-cp311-manylinux_2_17_x86_64.manylinux2014_x86_64.whl (950 kB)
2025-08-20T18:56:58.9130568Z Using cached sentry_sdk-2.35.0-py2.py3-none-any.whl (363 kB)
2025-08-20T18:56:58.9146049Z Using cached six-1.17.0-py2.py3-none-any.whl (11 kB)
2025-08-20T18:56:58.9159136Z Using cached sniffio-1.3.1-py3-none-any.whl (10 kB)
2025-08-20T18:56:58.9171926Z Using cached typer-0.16.1-py3-none-any.whl (46 kB)
2025-08-20T18:56:58.9185007Z Using cached shellingham-1.5.4-py2.py3-none-any.whl (9.8 kB)
2025-08-20T18:56:58.9197908Z Using cached typing_inspect-0.9.0-py3-none-any.whl (8.8 kB)
2025-08-20T18:56:58.9210753Z Using cached typing_inspection-0.4.1-py3-none-any.whl (14 kB)
2025-08-20T18:56:58.9223666Z Using cached tzdata-2025.2-py2.py3-none-any.whl (347 kB)
2025-08-20T18:56:58.9239123Z Using cached tzlocal-5.3.1-py3-none-any.whl (18 kB)
2025-08-20T18:56:58.9314210Z Downloading ujson-5.11.0-cp311-cp311-manylinux_2_24_x86_64.manylinux_2_28_x86_64.whl (57 kB)
2025-08-20T18:56:58.9349606Z Using cached uvicorn-0.35.0-py3-none-any.whl (66 kB)
2025-08-20T18:56:58.9363489Z Using cached httptools-0.6.4-cp311-cp311-manylinux_2_5_x86_64.manylinux1_x86_64.manylinux_2_17_x86_64.manylinux2014_x86_64.whl (459 kB)
2025-08-20T18:56:58.9379819Z Using cached uvloop-0.21.0-cp311-cp311-manylinux_2_17_x86_64.manylinux2014_x86_64.whl (4.0 MB)
2025-08-20T18:56:58.9423223Z Using cached watchfiles-1.1.0-cp311-cp311-manylinux_2_17_x86_64.manylinux2014_x86_64.whl (453 kB)
2025-08-20T18:56:58.9440432Z Using cached websockets-15.0.1-cp311-cp311-manylinux_2_5_x86_64.manylinux1_x86_64.manylinux_2_17_x86_64.manylinux2014_x86_64.whl (182 kB)
2025-08-20T18:56:58.9454937Z Using cached yapf-0.43.0-py3-none-any.whl (256 kB)
2025-08-20T18:56:58.9470131Z Using cached argon2_cffi-25.1.0-py3-none-any.whl (14 kB)
2025-08-20T18:56:58.9483881Z Using cached argon2_cffi_bindings-25.1.0-cp39-abi3-manylinux_2_26_x86_64.manylinux_2_28_x86_64.whl (87 kB)
2025-08-20T18:56:58.9497905Z Using cached cffi-1.17.1-cp311-cp311-manylinux_2_17_x86_64.manylinux2014_x86_64.whl (467 kB)
2025-08-20T18:56:58.9514307Z Using cached docker-7.1.0-py3-none-any.whl (147 kB)
2025-08-20T18:56:58.9528657Z Using cached et_xmlfile-2.0.0-py3-none-any.whl (18 kB)
2025-08-20T18:56:58.9541846Z Using cached mako-1.3.10-py3-none-any.whl (78 kB)
2025-08-20T18:56:58.9555538Z Using cached pycparser-2.22-py3-none-any.whl (117 kB)
2025-08-20T18:56:58.9570259Z Using cached pycryptodome-3.23.0-cp37-abi3-manylinux_2_17_x86_64.manylinux2014_x86_64.whl (2.3 MB)
2025-08-20T18:56:58.9663222Z Downloading toml-0.10.2-py2.py3-none-any.whl (16 kB)
2025-08-20T18:56:58.9698389Z Using cached typeguard-4.4.4-py3-none-any.whl (34 kB)
2025-08-20T18:56:58.9711954Z Using cached watchdog-6.0.0-py3-none-manylinux2014_x86_64.whl (79 kB)
2025-08-20T18:56:58.9726013Z Using cached wcwidth-0.2.13-py2.py3-none-any.whl (34 kB)
2025-08-20T18:56:59.3811620Z Installing collected packages: wcwidth, pytz, wrapt, websockets, watchdog, vine, uvloop, urllib3, ujson, tzlocal, tzdata, typing-extensions, tomli_w, tomli, toml, structlog, sniffio, six, shellingham, ruff, rignore, redis, PyYAML, python-multipart, python-dotenv, pygments, pycryptodome, pycparser, psycopg2-binary, psycopg-binary, psutil, prompt-toolkit, port-for, pluggy, platformdirs, pathspec, packaging, orjson, numpy, nr-stream, nr-date, mypy-extensions, multimethod, mdurl, MarkupSafe, jmespath, itsdangerous, iniconfig, imapclient, idna, httptools, h11, greenlet, et-xmlfile, docstring-parser, dnspython, coverage, click, charset_normalizer, certifi, billiard, asyncpg, annotated-types, yapf, vulture, uvicorn, typing-inspection, typing-inspect, types-requests, typeguard, typeapi, sqlalchemy, sentry-sdk, requests, python-dateutil, pytest, pydantic-core, psycopg, openpyxl, mypy, mirakuru, markdown-it-py, Mako, Jinja2, httpcore, email-validator, Deprecated, click-repl, click-plugins, click-didyoumean, cffi, black, apscheduler, anyio, amqp, watchfiles, starlette, rich, pytest-postgresql, pytest-cov, pytest-asyncio, pydantic, pandas, nr-util, kombu, httpx, docker, databind, botocore, argon2-cffi-bindings, alembic, typer, testcontainers, s3transfer, rich-toolkit, respx, python-telegram-bot, pydantic-settings, pydantic-extra-types, pandera, fastapi, databind.json, databind.core, celery, asgi-correlation-id, argon2-cffi, minio, fastapi-limiter, fastapi-cloud-cli, fastapi-cli, docspec, boto3, docspec-python, pydoc-markdown
2025-08-20T18:57:15.6878862Z 
2025-08-20T18:57:15.6943901Z Successfully installed Deprecated-1.2.18 Jinja2-3.1.6 Mako-1.3.10 MarkupSafe-3.0.2 PyYAML-6.0.2 alembic-1.13.1 amqp-5.3.1 annotated-types-0.7.0 anyio-4.10.0 apscheduler-3.10.4 argon2-cffi-25.1.0 argon2-cffi-bindings-25.1.0 asgi-correlation-id-4.3.1 asyncpg-0.30.0 billiard-4.2.1 black-25.1.0 boto3-1.40.13 botocore-1.40.13 celery-5.5.3 certifi-2025.8.3 cffi-1.17.1 charset_normalizer-3.4.3 click-8.2.1 click-didyoumean-0.3.1 click-plugins-1.1.1.2 click-repl-0.3.0 coverage-7.10.4 databind-4.5.2 databind.core-4.5.2 databind.json-4.5.2 dnspython-2.7.0 docker-7.1.0 docspec-2.2.1 docspec-python-2.2.2 docstring-parser-0.11 email-validator-2.2.0 et-xmlfile-2.0.0 fastapi-0.116.1 fastapi-cli-0.0.8 fastapi-cloud-cli-0.1.5 fastapi-limiter-0.1.6 greenlet-3.2.4 h11-0.16.0 httpcore-1.0.9 httptools-0.6.4 httpx-0.28.1 idna-3.10 imapclient-3.0.1 iniconfig-2.1.0 itsdangerous-2.2.0 jmespath-1.0.1 kombu-5.5.4 markdown-it-py-4.0.0 mdurl-0.1.2 minio-7.2.16 mirakuru-2.6.1 multimethod-1.10 mypy-1.17.1 mypy-extensions-1.1.0 nr-date-2.1.0 nr-stream-1.1.5 nr-util-0.8.12 numpy-1.26.4 openpyxl-3.1.5 orjson-3.11.2 packaging-25.0 pandas-2.2.3 pandera-0.19.3 pathspec-0.12.1 platformdirs-4.3.8 pluggy-1.6.0 port-for-0.7.4 prompt-toolkit-3.0.51 psutil-7.0.0 psycopg-3.2.9 psycopg-binary-3.2.9 psycopg2-binary-2.9.10 pycparser-2.22 pycryptodome-3.23.0 pydantic-2.11.7 pydantic-core-2.33.2 pydantic-extra-types-2.10.5 pydantic-settings-2.10.1 pydoc-markdown-4.8.2 pygments-2.19.2 pytest-8.4.1 pytest-asyncio-0.23.6 pytest-cov-6.2.1 pytest-postgresql-7.0.2 python-dateutil-2.9.0.post0 python-dotenv-1.1.1 python-multipart-0.0.20 python-telegram-bot-22.3 pytz-2025.2 redis-6.4.0 requests-2.32.4 respx-0.22.0 rich-14.1.0 rich-toolkit-0.15.0 rignore-0.6.4 ruff-0.9.9 s3transfer-0.13.1 sentry-sdk-2.35.0 shellingham-1.5.4 six-1.17.0 sniffio-1.3.1 sqlalchemy-2.0.43 starlette-0.47.2 structlog-24.1.0 testcontainers-4.10.0 toml-0.10.2 tomli-2.2.1 tomli_w-1.2.0 typeapi-2.2.4 typeguard-4.4.4 typer-0.16.1 types-requests-2.32.4.20250809 typing-extensions-4.14.1 typing-inspect-0.9.0 typing-inspection-0.4.1 tzdata-2025.2 tzlocal-5.3.1 ujson-5.11.0 urllib3-2.5.0 uvicorn-0.35.0 uvloop-0.21.0 vine-5.1.0 vulture-2.10 watchdog-6.0.0 watchfiles-1.1.0 wcwidth-0.2.13 websockets-15.0.1 wrapt-1.17.3 yapf-0.43.0
2025-08-20T18:57:16.9074735Z Collecting keepa==1.3.15
2025-08-20T18:57:16.9089928Z   Using cached keepa-1.3.15-py3-none-any.whl.metadata (11 kB)
2025-08-20T18:57:16.9380489Z Collecting minio==7.1.15
2025-08-20T18:57:16.9394771Z   Using cached minio-7.1.15-py3-none-any.whl.metadata (4.2 kB)
2025-08-20T18:57:16.9419393Z Requirement already satisfied: numpy>=1.9.3 in /opt/hostedtoolcache/Python/3.11.13/x64/lib/python3.11/site-packages (from keepa==1.3.15) (1.26.4)
2025-08-20T18:57:16.9424688Z Requirement already satisfied: requests>=2.2 in /opt/hostedtoolcache/Python/3.11.13/x64/lib/python3.11/site-packages (from keepa==1.3.15) (2.32.4)
2025-08-20T18:57:16.9759320Z Collecting tqdm (from keepa==1.3.15)
2025-08-20T18:57:16.9773138Z   Using cached tqdm-4.67.1-py3-none-any.whl.metadata (57 kB)
2025-08-20T18:57:17.4496141Z Collecting aiohttp (from keepa==1.3.15)
2025-08-20T18:57:17.4512994Z   Using cached aiohttp-3.12.15-cp311-cp311-manylinux_2_17_x86_64.manylinux2014_x86_64.whl.metadata (7.7 kB)
2025-08-20T18:57:17.4543641Z Requirement already satisfied: pandas<=3.0 in /opt/hostedtoolcache/Python/3.11.13/x64/lib/python3.11/site-packages (from keepa==1.3.15) (2.2.3)
2025-08-20T18:57:17.4548474Z Requirement already satisfied: pydantic in /opt/hostedtoolcache/Python/3.11.13/x64/lib/python3.11/site-packages (from keepa==1.3.15) (2.11.7)
2025-08-20T18:57:17.4555765Z Requirement already satisfied: certifi in /opt/hostedtoolcache/Python/3.11.13/x64/lib/python3.11/site-packages (from minio==7.1.15) (2025.8.3)
2025-08-20T18:57:17.4559820Z Requirement already satisfied: urllib3 in /opt/hostedtoolcache/Python/3.11.13/x64/lib/python3.11/site-packages (from minio==7.1.15) (2.5.0)
2025-08-20T18:57:17.4606962Z Requirement already satisfied: python-dateutil>=2.8.2 in /opt/hostedtoolcache/Python/3.11.13/x64/lib/python3.11/site-packages (from pandas<=3.0->keepa==1.3.15) (2.9.0.post0)
2025-08-20T18:57:17.4612145Z Requirement already satisfied: pytz>=2020.1 in /opt/hostedtoolcache/Python/3.11.13/x64/lib/python3.11/site-packages (from pandas<=3.0->keepa==1.3.15) (2025.2)
2025-08-20T18:57:17.4617362Z Requirement already satisfied: tzdata>=2022.7 in /opt/hostedtoolcache/Python/3.11.13/x64/lib/python3.11/site-packages (from pandas<=3.0->keepa==1.3.15) (2025.2)
2025-08-20T18:57:17.4730163Z Requirement already satisfied: six>=1.5 in /opt/hostedtoolcache/Python/3.11.13/x64/lib/python3.11/site-packages (from python-dateutil>=2.8.2->pandas<=3.0->keepa==1.3.15) (1.17.0)
2025-08-20T18:57:17.4747606Z Requirement already satisfied: charset_normalizer<4,>=2 in /opt/hostedtoolcache/Python/3.11.13/x64/lib/python3.11/site-packages (from requests>=2.2->keepa==1.3.15) (3.4.3)
2025-08-20T18:57:17.4753351Z Requirement already satisfied: idna<4,>=2.5 in /opt/hostedtoolcache/Python/3.11.13/x64/lib/python3.11/site-packages (from requests>=2.2->keepa==1.3.15) (3.10)
2025-08-20T18:57:17.4966699Z Collecting aiohappyeyeballs>=2.5.0 (from aiohttp->keepa==1.3.15)
2025-08-20T18:57:17.4980542Z   Using cached aiohappyeyeballs-2.6.1-py3-none-any.whl.metadata (5.9 kB)
2025-08-20T18:57:17.5095880Z Collecting aiosignal>=1.4.0 (from aiohttp->keepa==1.3.15)
2025-08-20T18:57:17.5109764Z   Using cached aiosignal-1.4.0-py3-none-any.whl.metadata (3.7 kB)
2025-08-20T18:57:17.5276975Z Collecting attrs>=17.3.0 (from aiohttp->keepa==1.3.15)
2025-08-20T18:57:17.5290618Z   Using cached attrs-25.3.0-py3-none-any.whl.metadata (10 kB)
2025-08-20T18:57:17.5957073Z Collecting frozenlist>=1.1.1 (from aiohttp->keepa==1.3.15)
2025-08-20T18:57:17.5972325Z   Using cached frozenlist-1.7.0-cp311-cp311-manylinux_2_5_x86_64.manylinux1_x86_64.manylinux_2_17_x86_64.manylinux2014_x86_64.whl.metadata (18 kB)
2025-08-20T18:57:17.8089531Z Collecting multidict<7.0,>=4.5 (from aiohttp->keepa==1.3.15)
2025-08-20T18:57:17.8105288Z   Using cached multidict-6.6.4-cp311-cp311-manylinux2014_x86_64.manylinux_2_17_x86_64.manylinux_2_28_x86_64.whl.metadata (5.3 kB)
2025-08-20T18:57:17.8545209Z Collecting propcache>=0.2.0 (from aiohttp->keepa==1.3.15)
2025-08-20T18:57:17.8559170Z   Using cached propcache-0.3.2-cp311-cp311-manylinux_2_17_x86_64.manylinux2014_x86_64.whl.metadata (12 kB)
2025-08-20T18:57:18.1060883Z Collecting yarl<2.0,>=1.17.0 (from aiohttp->keepa==1.3.15)
2025-08-20T18:57:18.1076612Z   Using cached yarl-1.20.1-cp311-cp311-manylinux_2_17_x86_64.manylinux2014_x86_64.whl.metadata (73 kB)
2025-08-20T18:57:18.1273592Z Requirement already satisfied: typing-extensions>=4.2 in /opt/hostedtoolcache/Python/3.11.13/x64/lib/python3.11/site-packages (from aiosignal>=1.4.0->aiohttp->keepa==1.3.15) (4.14.1)
2025-08-20T18:57:18.1318068Z Requirement already satisfied: annotated-types>=0.6.0 in /opt/hostedtoolcache/Python/3.11.13/x64/lib/python3.11/site-packages (from pydantic->keepa==1.3.15) (0.7.0)
2025-08-20T18:57:18.1323881Z Requirement already satisfied: pydantic-core==2.33.2 in /opt/hostedtoolcache/Python/3.11.13/x64/lib/python3.11/site-packages (from pydantic->keepa==1.3.15) (2.33.2)
2025-08-20T18:57:18.1331057Z Requirement already satisfied: typing-inspection>=0.4.0 in /opt/hostedtoolcache/Python/3.11.13/x64/lib/python3.11/site-packages (from pydantic->keepa==1.3.15) (0.4.1)
2025-08-20T18:57:18.1388296Z Using cached keepa-1.3.15-py3-none-any.whl (38 kB)
2025-08-20T18:57:18.1401863Z Using cached minio-7.1.15-py3-none-any.whl (77 kB)
2025-08-20T18:57:18.1415853Z Using cached aiohttp-3.12.15-cp311-cp311-manylinux_2_17_x86_64.manylinux2014_x86_64.whl (1.7 MB)
2025-08-20T18:57:18.1441639Z Using cached multidict-6.6.4-cp311-cp311-manylinux2014_x86_64.manylinux_2_17_x86_64.manylinux_2_28_x86_64.whl (246 kB)
2025-08-20T18:57:18.1456323Z Using cached yarl-1.20.1-cp311-cp311-manylinux_2_17_x86_64.manylinux2014_x86_64.whl (348 kB)
2025-08-20T18:57:18.1472138Z Using cached aiohappyeyeballs-2.6.1-py3-none-any.whl (15 kB)
2025-08-20T18:57:18.1485317Z Using cached aiosignal-1.4.0-py3-none-any.whl (7.5 kB)
2025-08-20T18:57:18.1498552Z Using cached attrs-25.3.0-py3-none-any.whl (63 kB)
2025-08-20T18:57:18.1512593Z Using cached frozenlist-1.7.0-cp311-cp311-manylinux_2_5_x86_64.manylinux1_x86_64.manylinux_2_17_x86_64.manylinux2014_x86_64.whl (235 kB)
2025-08-20T18:57:18.1527181Z Using cached propcache-0.3.2-cp311-cp311-manylinux_2_17_x86_64.manylinux2014_x86_64.whl (213 kB)
2025-08-20T18:57:18.1541515Z Using cached tqdm-4.67.1-py3-none-any.whl (78 kB)
2025-08-20T18:57:18.3037866Z Installing collected packages: tqdm, propcache, multidict, minio, frozenlist, attrs, aiohappyeyeballs, yarl, aiosignal, aiohttp, keepa
2025-08-20T18:57:18.3702455Z   Attempting uninstall: minio
2025-08-20T18:57:18.3733944Z     Found existing installation: minio 7.2.16
2025-08-20T18:57:18.3768042Z     Uninstalling minio-7.2.16:
2025-08-20T18:57:18.3777845Z       Successfully uninstalled minio-7.2.16
2025-08-20T18:57:18.6954545Z 
2025-08-20T18:57:18.7010678Z Successfully installed aiohappyeyeballs-2.6.1 aiohttp-3.12.15 aiosignal-1.4.0 attrs-25.3.0 frozenlist-1.7.0 keepa-1.3.15 minio-7.1.15 multidict-6.6.4 propcache-0.3.2 tqdm-4.67.1 yarl-1.20.1
2025-08-20T18:57:18.8806017Z ##[group]Run sudo apt-get update
2025-08-20T18:57:18.8806800Z [36;1msudo apt-get update[0m
2025-08-20T18:57:18.8807263Z [36;1msudo apt-get install -y postgresql[0m
2025-08-20T18:57:18.8808073Z [36;1mecho "/usr/lib/postgresql/$(pg_config --version | cut -d' ' -f2 | cut -d'.' -f1,2)/bin" >> $GITHUB_PATH[0m
2025-08-20T18:57:18.8867600Z shell: /usr/bin/bash -e {0}
2025-08-20T18:57:18.8868012Z env:
2025-08-20T18:57:18.8868317Z   PG_USER: postgres
2025-08-20T18:57:18.8868662Z   PG_PASSWORD: pass
2025-08-20T18:57:18.8869005Z   PG_DATABASE: awa
2025-08-20T18:57:18.8869343Z   PG_HOST: localhost
2025-08-20T18:57:18.8869688Z   PG_PORT: 5432
2025-08-20T18:57:18.8870403Z   PG_SYNC_DSN: ***localhost:5432/awa
2025-08-20T18:57:18.8871104Z   PG_ASYNC_DSN: ***localhost:5432/awa
2025-08-20T18:57:18.8871805Z   DATABASE_URL: ***localhost:5432/awa
2025-08-20T18:57:18.8872234Z   DATA_DIR: /tmp/awa-data
2025-08-20T18:57:18.8872598Z   ENABLE_LIVE: 0
2025-08-20T18:57:18.8872921Z   TESTING: 1
2025-08-20T18:57:18.8873376Z   pythonLocation: /opt/hostedtoolcache/Python/3.11.13/x64
2025-08-20T18:57:18.8874067Z   PKG_CONFIG_PATH: /opt/hostedtoolcache/Python/3.11.13/x64/lib/pkgconfig
2025-08-20T18:57:18.8875042Z   Python_ROOT_DIR: /opt/hostedtoolcache/Python/3.11.13/x64
2025-08-20T18:57:18.8875678Z   Python2_ROOT_DIR: /opt/hostedtoolcache/Python/3.11.13/x64
2025-08-20T18:57:18.8876553Z   Python3_ROOT_DIR: /opt/hostedtoolcache/Python/3.11.13/x64
2025-08-20T18:57:18.8877206Z   LD_LIBRARY_PATH: /opt/hostedtoolcache/Python/3.11.13/x64/lib
2025-08-20T18:57:18.8877729Z ##[endgroup]
2025-08-20T18:57:18.9759877Z Get:1 file:/etc/apt/apt-mirrors.txt Mirrorlist [144 B]
2025-08-20T18:57:19.0357215Z Hit:2 http://azure.archive.ubuntu.com/ubuntu noble InRelease
2025-08-20T18:57:19.0358739Z Hit:6 https://packages.microsoft.com/repos/azure-cli noble InRelease
2025-08-20T18:57:19.0360145Z Get:7 https://packages.microsoft.com/ubuntu/24.04/prod noble InRelease [3600 B]
2025-08-20T18:57:19.0383710Z Get:3 http://azure.archive.ubuntu.com/ubuntu noble-updates InRelease [126 kB]
2025-08-20T18:57:19.0408667Z Get:4 http://azure.archive.ubuntu.com/ubuntu noble-backports InRelease [126 kB]
2025-08-20T18:57:19.0438210Z Get:5 http://azure.archive.ubuntu.com/ubuntu noble-security InRelease [126 kB]
2025-08-20T18:57:19.3526011Z Get:8 https://packages.microsoft.com/ubuntu/24.04/prod noble/main armhf Packages [9870 B]
2025-08-20T18:57:19.3616319Z Get:9 https://packages.microsoft.com/ubuntu/24.04/prod noble/main amd64 Packages [48.0 kB]
2025-08-20T18:57:19.3647982Z Get:10 https://packages.microsoft.com/ubuntu/24.04/prod noble/main arm64 Packages [33.2 kB]
2025-08-20T18:57:19.4005036Z Get:11 http://azure.archive.ubuntu.com/ubuntu noble-updates/main amd64 Packages [1349 kB]
2025-08-20T18:57:19.4076273Z Get:12 http://azure.archive.ubuntu.com/ubuntu noble-updates/main Translation-en [268 kB]
2025-08-20T18:57:19.4099057Z Get:13 http://azure.archive.ubuntu.com/ubuntu noble-updates/main amd64 Components [175 kB]
2025-08-20T18:57:19.4117845Z Get:14 http://azure.archive.ubuntu.com/ubuntu noble-updates/universe amd64 Packages [1124 kB]
2025-08-20T18:57:19.4186955Z Get:15 http://azure.archive.ubuntu.com/ubuntu noble-updates/universe Translation-en [288 kB]
2025-08-20T18:57:19.4211904Z Get:16 http://azure.archive.ubuntu.com/ubuntu noble-updates/universe amd64 Components [377 kB]
2025-08-20T18:57:19.4244128Z Get:17 http://azure.archive.ubuntu.com/ubuntu noble-updates/restricted amd64 Packages [1728 kB]
2025-08-20T18:57:19.4344067Z Get:18 http://azure.archive.ubuntu.com/ubuntu noble-updates/restricted Translation-en [382 kB]
2025-08-20T18:57:19.4372965Z Get:19 http://azure.archive.ubuntu.com/ubuntu noble-updates/restricted amd64 Components [212 B]
2025-08-20T18:57:19.4379191Z Get:20 http://azure.archive.ubuntu.com/ubuntu noble-updates/multiverse amd64 Components [940 B]
2025-08-20T18:57:19.4990598Z Get:21 http://azure.archive.ubuntu.com/ubuntu noble-backports/main amd64 Components [7060 B]
2025-08-20T18:57:19.5002616Z Get:22 http://azure.archive.ubuntu.com/ubuntu noble-backports/universe amd64 Components [19.2 kB]
2025-08-20T18:57:19.5011445Z Get:23 http://azure.archive.ubuntu.com/ubuntu noble-backports/restricted amd64 Components [216 B]
2025-08-20T18:57:19.5016974Z Get:24 http://azure.archive.ubuntu.com/ubuntu noble-backports/multiverse amd64 Components [212 B]
2025-08-20T18:57:19.5070942Z Get:25 http://azure.archive.ubuntu.com/ubuntu noble-security/main amd64 Packages [1081 kB]
2025-08-20T18:57:19.5141168Z Get:26 http://azure.archive.ubuntu.com/ubuntu noble-security/main Translation-en [187 kB]
2025-08-20T18:57:19.5158443Z Get:27 http://azure.archive.ubuntu.com/ubuntu noble-security/main amd64 Components [21.6 kB]
2025-08-20T18:57:19.5165352Z Get:28 http://azure.archive.ubuntu.com/ubuntu noble-security/universe amd64 Packages [881 kB]
2025-08-20T18:57:19.5213984Z Get:29 http://azure.archive.ubuntu.com/ubuntu noble-security/universe Translation-en [195 kB]
2025-08-20T18:57:19.5232352Z Get:30 http://azure.archive.ubuntu.com/ubuntu noble-security/universe amd64 Components [52.2 kB]
2025-08-20T18:57:19.5240329Z Get:31 http://azure.archive.ubuntu.com/ubuntu noble-security/restricted amd64 Packages [1625 kB]
2025-08-20T18:57:19.5322492Z Get:32 http://azure.archive.ubuntu.com/ubuntu noble-security/restricted Translation-en [359 kB]
2025-08-20T18:57:19.5345661Z Get:33 http://azure.archive.ubuntu.com/ubuntu noble-security/restricted amd64 Components [212 B]
2025-08-20T18:57:19.5352238Z Get:34 http://azure.archive.ubuntu.com/ubuntu noble-security/multiverse amd64 Components [208 B]
2025-08-20T18:57:27.0699667Z Fetched 10.6 MB in 1s (7132 kB/s)
2025-08-20T18:57:27.7482836Z Reading package lists...
2025-08-20T18:57:27.7798221Z Reading package lists...
2025-08-20T18:57:27.9324436Z Building dependency tree...
2025-08-20T18:57:27.9331707Z Reading state information...
2025-08-20T18:57:28.0891282Z Suggested packages:
2025-08-20T18:57:28.0891765Z   postgresql-doc
2025-08-20T18:57:28.1383639Z The following NEW packages will be installed:
2025-08-20T18:57:28.1384078Z   postgresql
2025-08-20T18:57:28.1554117Z 0 upgraded, 1 newly installed, 0 to remove and 21 not upgraded.
2025-08-20T18:57:28.1554525Z Need to get 11.6 kB of archives.
2025-08-20T18:57:28.1554883Z After this operation, 17.4 kB of additional disk space will be used.
2025-08-20T18:57:28.1555311Z Get:1 file:/etc/apt/apt-mirrors.txt Mirrorlist [144 B]
2025-08-20T18:57:28.1899304Z Get:2 http://azure.archive.ubuntu.com/ubuntu noble-updates/main amd64 postgresql all 16+257build1.1 [11.6 kB]
2025-08-20T18:57:28.4545141Z Fetched 11.6 kB in 0s (258 kB/s)
2025-08-20T18:57:28.4778527Z Selecting previously unselected package postgresql.
2025-08-20T18:57:28.4993908Z (Reading database ... 
2025-08-20T18:57:28.4994558Z (Reading database ... 5%
2025-08-20T18:57:28.4994956Z (Reading database ... 10%
2025-08-20T18:57:28.4995316Z (Reading database ... 15%
2025-08-20T18:57:28.4995610Z (Reading database ... 20%
2025-08-20T18:57:28.4995840Z (Reading database ... 25%
2025-08-20T18:57:28.4996053Z (Reading database ... 30%
2025-08-20T18:57:28.4996283Z (Reading database ... 35%
2025-08-20T18:57:28.4996763Z (Reading database ... 40%
2025-08-20T18:57:28.4996971Z (Reading database ... 45%
2025-08-20T18:57:28.4997176Z (Reading database ... 50%
2025-08-20T18:57:28.5124407Z (Reading database ... 55%
2025-08-20T18:57:28.5434556Z (Reading database ... 60%
2025-08-20T18:57:28.5625331Z (Reading database ... 65%
2025-08-20T18:57:28.5899655Z (Reading database ... 70%
2025-08-20T18:57:28.6077360Z (Reading database ... 75%
2025-08-20T18:57:28.6392002Z (Reading database ... 80%
2025-08-20T18:57:28.6831984Z (Reading database ... 85%
2025-08-20T18:57:28.7264860Z (Reading database ... 90%
2025-08-20T18:57:28.7791244Z (Reading database ... 95%
2025-08-20T18:57:28.7791771Z (Reading database ... 100%
2025-08-20T18:57:28.7792418Z (Reading database ... 219830 files and directories currently installed.)
2025-08-20T18:57:28.7832653Z Preparing to unpack .../postgresql_16+257build1.1_all.deb ...
2025-08-20T18:57:28.7855152Z Unpacking postgresql (16+257build1.1) ...
2025-08-20T18:57:28.8210550Z Setting up postgresql (16+257build1.1) ...
2025-08-20T18:57:29.4355369Z 
2025-08-20T18:57:29.4355855Z Running kernel seems to be up-to-date.
2025-08-20T18:57:29.4356259Z 
2025-08-20T18:57:29.4356644Z Restarting services...
2025-08-20T18:57:29.4423454Z 
2025-08-20T18:57:29.4423839Z Service restarts being deferred:
2025-08-20T18:57:29.4425098Z  systemctl restart hosted-compute-agent.service
2025-08-20T18:57:29.4425453Z 
2025-08-20T18:57:29.4425737Z No containers need to be restarted.
2025-08-20T18:57:29.4426020Z 
2025-08-20T18:57:29.4426217Z No user sessions are running outdated binaries.
2025-08-20T18:57:29.4426784Z 
2025-08-20T18:57:29.4427110Z No VM guests are running outdated hypervisor (qemu) binaries on this host.
2025-08-20T18:57:30.3257972Z ##[group]Run pytest tests/migrations/test_migration_roundtrip.py -q -m integration --cov=services --cov-append --cov-fail-under=0 -o addopts=''
2025-08-20T18:57:30.3258900Z [36;1mpytest tests/migrations/test_migration_roundtrip.py -q -m integration --cov=services --cov-append --cov-fail-under=0 -o addopts=''[0m
2025-08-20T18:57:30.3299724Z shell: /usr/bin/bash -e {0}
2025-08-20T18:57:30.3299966Z env:
2025-08-20T18:57:30.3300147Z   PG_USER: postgres
2025-08-20T18:57:30.3300526Z   PG_PASSWORD: pass
2025-08-20T18:57:30.3300723Z   PG_DATABASE: awa
2025-08-20T18:57:30.3300911Z   PG_HOST: localhost
2025-08-20T18:57:30.3301097Z   PG_PORT: 5432
2025-08-20T18:57:30.3301569Z   PG_SYNC_DSN: ***localhost:5432/awa
2025-08-20T18:57:30.3301982Z   PG_ASYNC_DSN: ***localhost:5432/awa
2025-08-20T18:57:30.3302387Z   DATABASE_URL: ***localhost:5432/awa
2025-08-20T18:57:30.3302626Z   DATA_DIR: /tmp/awa-data
2025-08-20T18:57:30.3302833Z   ENABLE_LIVE: 0
2025-08-20T18:57:30.3303011Z   TESTING: 1
2025-08-20T18:57:30.3303275Z   pythonLocation: /opt/hostedtoolcache/Python/3.11.13/x64
2025-08-20T18:57:30.3303681Z   PKG_CONFIG_PATH: /opt/hostedtoolcache/Python/3.11.13/x64/lib/pkgconfig
2025-08-20T18:57:30.3304094Z   Python_ROOT_DIR: /opt/hostedtoolcache/Python/3.11.13/x64
2025-08-20T18:57:30.3304454Z   Python2_ROOT_DIR: /opt/hostedtoolcache/Python/3.11.13/x64
2025-08-20T18:57:30.3304803Z   Python3_ROOT_DIR: /opt/hostedtoolcache/Python/3.11.13/x64
2025-08-20T18:57:30.3305165Z   LD_LIBRARY_PATH: /opt/hostedtoolcache/Python/3.11.13/x64/lib
2025-08-20T18:57:30.3305467Z ##[endgroup]
2025-08-20T18:57:32.8696795Z s                                                                        [100%]
2025-08-20T18:57:32.8697628Z ================================ tests coverage ================================
2025-08-20T18:57:32.8698275Z _______________ coverage: platform linux, python 3.11.13-final-0 _______________
2025-08-20T18:57:32.8698713Z 
2025-08-20T18:57:32.8698945Z Name                                                       Stmts   Miss  Cover
2025-08-20T18:57:32.8699499Z ------------------------------------------------------------------------------
2025-08-20T18:57:32.8700100Z services/__init__.py                                           0      0   100%
2025-08-20T18:57:32.8700744Z services/alert_bot/__init__.py                                 0      0   100%
2025-08-20T18:57:32.8701420Z services/alert_bot/alert_bot.py                               22     22     0%
2025-08-20T18:57:32.8702134Z services/alert_bot/rules/__init__.py                          63     63     0%
2025-08-20T18:57:32.8702805Z services/api/__init__.py                                       0      0   100%
2025-08-20T18:57:32.8703437Z services/api/config.py                                        24     24     0%
2025-08-20T18:57:32.8704049Z services/api/db.py                                            16     16     0%
2025-08-20T18:57:32.8704655Z services/api/errors.py                                        39     39     0%
2025-08-20T18:57:32.8705329Z services/api/logging_config.py                                15     15     0%
2025-08-20T18:57:32.8705970Z services/api/main.py                                         112    112     0%
2025-08-20T18:57:32.8706635Z services/api/models/__init__.py                                0      0   100%
2025-08-20T18:57:32.8707192Z services/api/models/fee.py                                    11     11     0%
2025-08-20T18:57:32.8707756Z services/api/roi_repository.py                                21     21     0%
2025-08-20T18:57:32.8708319Z services/api/routes/__init__.py                                0      0   100%
2025-08-20T18:57:32.8708870Z services/api/routes/health.py                                 19     19     0%
2025-08-20T18:57:32.8709450Z services/api/routes/repository.py                             16     16     0%
2025-08-20T18:57:32.8710015Z services/api/routes/roi.py                                    77     77     0%
2025-08-20T18:57:32.8710893Z services/api/routes/score.py                                  56     56     0%
2025-08-20T18:57:32.8711473Z services/api/routes/stats.py                                  49     49     0%
2025-08-20T18:57:32.8712030Z services/api/security.py                                      10     10     0%
2025-08-20T18:57:32.8712580Z services/api/sentry_config.py                                 65     65     0%
2025-08-20T18:57:32.8713118Z services/common/__init__.py                                    4      0   100%
2025-08-20T18:57:32.8713780Z services/common/base.py                                        3      0   100%
2025-08-20T18:57:32.8714312Z services/common/config.py                                      4      4     0%
2025-08-20T18:57:32.8714833Z services/common/db.py                                         34     34     0%
2025-08-20T18:57:32.8715338Z services/common/db_url.py                                      4      4     0%
2025-08-20T18:57:32.8715860Z services/common/dsn.py                                        31     25    19%
2025-08-20T18:57:32.8716484Z services/common/keepa.py                                       7      4    43%
2025-08-20T18:57:32.8717094Z services/common/llm.py                                        65     65     0%
2025-08-20T18:57:32.8717690Z services/common/models_vendor.py                              24      0   100%
2025-08-20T18:57:32.8718147Z services/common/settings.py                                   20     20     0%
2025-08-20T18:57:32.8718555Z services/db/__init__.py                                        0      0   100%
2025-08-20T18:57:32.8718979Z services/db/utils/__init__.py                                  0      0   100%
2025-08-20T18:57:32.8719398Z services/db/utils/views.py                                     5      5     0%
2025-08-20T18:57:32.8719812Z services/emailer/__init__.py                                   4      4     0%
2025-08-20T18:57:32.8720240Z services/emailer/generate_body.py                              3      3     0%
2025-08-20T18:57:32.8720662Z services/etl/__init__.py                                       9      9     0%
2025-08-20T18:57:32.8721029Z services/etl/db.py                                             2      2     0%
2025-08-20T18:57:32.8721429Z services/etl/dialects/__init__.py                              9      9     0%
2025-08-20T18:57:32.8721883Z services/etl/dialects/amazon_ads_sp_cost.py                   31     31     0%
2025-08-20T18:57:32.8722354Z services/etl/dialects/amazon_fee_preview.py                   30     30     0%
2025-08-20T18:57:32.8722833Z services/etl/dialects/amazon_inventory_ledger.py              28     28     0%
2025-08-20T18:57:32.8723320Z services/etl/dialects/amazon_reimbursements.py                16     16     0%
2025-08-20T18:57:32.8723797Z services/etl/dialects/amazon_returns.py                       16     16     0%
2025-08-20T18:57:32.8724271Z services/etl/dialects/amazon_settlements.py                   27     27     0%
2025-08-20T18:57:32.8724739Z services/etl/dialects/schemas.py                              25     25     0%
2025-08-20T18:57:32.8725199Z services/etl/dialects/test_generic.py                         15     15     0%
2025-08-20T18:57:32.8725651Z services/etl/fba_fee_ingestor.py                              33     33     0%
2025-08-20T18:57:32.8726090Z services/etl/keepa_ingestor.py                                47     47     0%
2025-08-20T18:57:32.8726642Z services/etl/sp_fees_ingestor.py                              39     39     0%
2025-08-20T18:57:32.8727065Z services/fees_h10/__init__.py                                  0      0   100%
2025-08-20T18:57:32.8727486Z services/fees_h10/client.py                                   12     12     0%
2025-08-20T18:57:32.8727931Z services/fees_h10/repository.py                               39     39     0%
2025-08-20T18:57:32.8728381Z services/fees_h10/worker.py                                   47     47     0%
2025-08-20T18:57:32.8728804Z services/ingest/__init__.py                                    0      0   100%
2025-08-20T18:57:32.8729377Z services/ingest/celery_app.py                                 22     22     0%
2025-08-20T18:57:32.8729815Z services/ingest/copy_loader.py                                57     57     0%
2025-08-20T18:57:32.8730256Z services/ingest/email_watcher.py                              50     50     0%
2025-08-20T18:57:32.8730703Z services/ingest/ingest_router.py                               8      8     0%
2025-08-20T18:57:32.8731145Z services/ingest/maintenance.py                                31     31     0%
2025-08-20T18:57:32.8731688Z services/ingest/tasks.py                                      56     56     0%
2025-08-20T18:57:32.8732119Z services/ingest/upload_router.py                              22     22     0%
2025-08-20T18:57:32.8732551Z services/llm_server/__init__.py                                0      0   100%
2025-08-20T18:57:32.8732963Z services/llm_server/app.py                                    22     22     0%
2025-08-20T18:57:32.8733382Z services/logistics_etl/__init__.py                             0      0   100%
2025-08-20T18:57:32.8733836Z services/logistics_etl/__main__.py                             7      7     0%
2025-08-20T18:57:32.8734278Z services/logistics_etl/client.py                              20     20     0%
2025-08-20T18:57:32.8734715Z services/logistics_etl/cron.py                                11     11     0%
2025-08-20T18:57:32.8735142Z services/logistics_etl/db.py                                  13     13     0%
2025-08-20T18:57:32.8735565Z services/logistics_etl/dsn.py                                 33     33     0%
2025-08-20T18:57:32.8736000Z services/logistics_etl/flow.py                                14     14     0%
2025-08-20T18:57:32.8736584Z services/logistics_etl/repository.py                          50     50     0%
2025-08-20T18:57:32.8737038Z services/price_importer/__init__.py                            1      1     0%
2025-08-20T18:57:32.8737491Z services/price_importer/common/__init__.py                     2      2     0%
2025-08-20T18:57:32.8737962Z services/price_importer/common/base.py                         2      2     0%
2025-08-20T18:57:32.8738431Z services/price_importer/common/db_url.py                       6      6     0%
2025-08-20T18:57:32.8738900Z services/price_importer/common/models_vendor.py               22     22     0%
2025-08-20T18:57:32.8739367Z services/price_importer/import.py                             21     21     0%
2025-08-20T18:57:32.8739824Z services/price_importer/normaliser.py                         20     20     0%
2025-08-20T18:57:32.8740284Z services/price_importer/reader.py                             30     30     0%
2025-08-20T18:57:32.8740738Z services/price_importer/repository.py                         38     38     0%
2025-08-20T18:57:32.8741203Z services/price_importer/services_common/__init__.py            4      4     0%
2025-08-20T18:57:32.8741676Z services/price_importer/services_common/base.py                3      3     0%
2025-08-20T18:57:32.8742153Z services/price_importer/services_common/db.py                 34     34     0%
2025-08-20T18:57:32.8742627Z services/price_importer/services_common/db_url.py              4      4     0%
2025-08-20T18:57:32.8743100Z services/price_importer/services_common/dsn.py                27     27     0%
2025-08-20T18:57:32.8743578Z services/price_importer/services_common/keepa.py               7      7     0%
2025-08-20T18:57:32.8744056Z services/price_importer/services_common/llm.py                36     36     0%
2025-08-20T18:57:32.8744531Z services/price_importer/services_common/models_vendor.py      22     22     0%
2025-08-20T18:57:32.8745011Z services/price_importer/services_common/settings.py           19     19     0%
2025-08-20T18:57:32.8745461Z services/repricer/__init__.py                                  0      0   100%
2025-08-20T18:57:32.8745890Z services/repricer/app/__init__.py                              0      0   100%
2025-08-20T18:57:32.8746330Z services/repricer/app/deps.py                                  0      0   100%
2025-08-20T18:57:32.8747193Z services/repricer/app/logic.py                                 5      5     0%
2025-08-20T18:57:32.8747647Z services/repricer/app/main.py                                 20     20     0%
2025-08-20T18:57:32.8748095Z services/repricer/app/schemas.py                              10     10     0%
2025-08-20T18:57:32.8748500Z ------------------------------------------------------------------------------
2025-08-20T18:57:32.8748839Z TOTAL                                                       1997   1957     2%
2025-08-20T18:57:32.8749230Z 1 skipped in 0.40s
2025-08-20T18:57:33.0020585Z ##[group]Run actions/upload-artifact@v4
2025-08-20T18:57:33.0020867Z with:
2025-08-20T18:57:33.0021050Z   name: coverage.integration
2025-08-20T18:57:33.0021272Z   path: .coverage
2025-08-20T18:57:33.0021464Z   if-no-files-found: warn
2025-08-20T18:57:33.0021677Z   compression-level: 6
2025-08-20T18:57:33.0021875Z   overwrite: false
2025-08-20T18:57:33.0022071Z   include-hidden-files: false
2025-08-20T18:57:33.0022278Z env:
2025-08-20T18:57:33.0022460Z   PG_USER: postgres
2025-08-20T18:57:33.0022663Z   PG_PASSWORD: pass
2025-08-20T18:57:33.0022850Z   PG_DATABASE: awa
2025-08-20T18:57:33.0023036Z   PG_HOST: localhost
2025-08-20T18:57:33.0023223Z   PG_PORT: 5432
2025-08-20T18:57:33.0023651Z   PG_SYNC_DSN: ***localhost:5432/awa
2025-08-20T18:57:33.0024055Z   PG_ASYNC_DSN: ***localhost:5432/awa
2025-08-20T18:57:33.0024447Z   DATABASE_URL: ***localhost:5432/awa
2025-08-20T18:57:33.0024689Z   DATA_DIR: /tmp/awa-data
2025-08-20T18:57:33.0024893Z   ENABLE_LIVE: 0
2025-08-20T18:57:33.0025110Z   TESTING: 1
2025-08-20T18:57:33.0025353Z   pythonLocation: /opt/hostedtoolcache/Python/3.11.13/x64
2025-08-20T18:57:33.0025747Z   PKG_CONFIG_PATH: /opt/hostedtoolcache/Python/3.11.13/x64/lib/pkgconfig
2025-08-20T18:57:33.0026133Z   Python_ROOT_DIR: /opt/hostedtoolcache/Python/3.11.13/x64
2025-08-20T18:57:33.0026842Z   Python2_ROOT_DIR: /opt/hostedtoolcache/Python/3.11.13/x64
2025-08-20T18:57:33.0027207Z   Python3_ROOT_DIR: /opt/hostedtoolcache/Python/3.11.13/x64
2025-08-20T18:57:33.0027559Z   LD_LIBRARY_PATH: /opt/hostedtoolcache/Python/3.11.13/x64/lib
2025-08-20T18:57:33.0027854Z ##[endgroup]
2025-08-20T18:57:33.2174796Z ##[warning]No files were found with the provided path: .coverage. No artifacts will be uploaded.
2025-08-20T18:57:33.2777055Z Post job cleanup.
2025-08-20T18:57:33.4225527Z [command]/usr/bin/tar --posix -cf cache.tzst --exclude cache.tzst -P -C /home/runner/work/AWA-App/AWA-App --files-from manifest.txt --use-compress-program zstdmt
2025-08-20T18:57:35.0823197Z Sent 27788104 of 296223560 (9.4%), 26.5 MBs/sec
2025-08-20T18:57:35.4485628Z Sent 296223560 of 296223560 (100.0%), 206.7 MBs/sec
2025-08-20T18:57:35.5628723Z Cache saved with key: Linux-int-cad4f3141a3acebc51100003b786cdd8b1469fbd1e92da4bdcf4b225e9f8de52
2025-08-20T18:57:35.5754291Z Post job cleanup.
2025-08-20T18:57:35.7467651Z [command]/usr/bin/tar --posix -cf cache.tzst --exclude cache.tzst -P -C /home/runner/work/AWA-App/AWA-App --files-from manifest.txt --use-compress-program zstdmt
2025-08-20T18:57:37.3186307Z Sent 27784495 of 296219951 (9.4%), 26.5 MBs/sec
2025-08-20T18:57:37.4453424Z Sent 296219951 of 296219951 (100.0%), 250.7 MBs/sec
2025-08-20T18:57:37.5527143Z Cache saved with the key: setup-python-Linux-x64-24.04-Ubuntu-python-3.11.13-pip-cad4f3141a3acebc51100003b786cdd8b1469fbd1e92da4bdcf4b225e9f8de52
2025-08-20T18:57:37.5678853Z Post job cleanup.
2025-08-20T18:57:37.6614964Z [command]/usr/bin/git version
2025-08-20T18:57:37.6651169Z git version 2.51.0
2025-08-20T18:57:37.6699967Z Temporarily overriding HOME='/home/runner/work/_temp/c12cab5b-aed5-451a-b6e6-bb85e18bba2c' before making global git config changes
2025-08-20T18:57:37.6701194Z Adding repository directory to the temporary git global config as a safe directory
2025-08-20T18:57:37.6705171Z [command]/usr/bin/git config --global --add safe.directory /home/runner/work/AWA-App/AWA-App
2025-08-20T18:57:37.6739663Z [command]/usr/bin/git config --local --name-only --get-regexp core\.sshCommand
2025-08-20T18:57:37.6771324Z [command]/usr/bin/git submodule foreach --recursive sh -c "git config --local --name-only --get-regexp 'core\.sshCommand' && git config --local --unset-all 'core.sshCommand' || :"
2025-08-20T18:57:37.6998325Z [command]/usr/bin/git config --local --name-only --get-regexp http\.https\:\/\/github\.com\/\.extraheader
2025-08-20T18:57:37.7019034Z http.https://github.com/.extraheader
2025-08-20T18:57:37.7031279Z [command]/usr/bin/git config --local --unset-all http.https://github.com/.extraheader
2025-08-20T18:57:37.7060870Z [command]/usr/bin/git submodule foreach --recursive sh -c "git config --local --name-only --get-regexp 'http\.https\:\/\/github\.com\/\.extraheader' && git config --local --unset-all 'http.https://github.com/.extraheader' || :"
2025-08-20T18:57:37.7374615Z Print service container logs: 516ff6ef1ae94d0ba82a2390bc712d4e_postgres15_2a3f66
2025-08-20T18:57:37.7379499Z ##[command]/usr/bin/docker logs --details 866fc1418d30e8ab8835251d26e2467b85641df87d1620f48f16b8c6a4ad5c4c
2025-08-20T18:57:37.7498215Z  The files belonging to this database system will be owned by user "postgres".
2025-08-20T18:57:37.7499939Z  initdb: warning: enabling "trust" authentication for local connections
2025-08-20T18:57:37.7500580Z  This user must also own the server process.
2025-08-20T18:57:37.7501019Z  
2025-08-20T18:57:37.7501471Z  The database cluster will be initialized with locale "en_US.utf8".
2025-08-20T18:57:37.7502203Z  The default database encoding has accordingly been set to "UTF8".
2025-08-20T18:57:37.7502853Z  The default text search configuration will be set to "english".
2025-08-20T18:57:37.7503206Z  
2025-08-20T18:57:37.7503395Z  Data page checksums are disabled.
2025-08-20T18:57:37.7503639Z  
2025-08-20T18:57:37.7503962Z  fixing permissions on existing directory /var/lib/postgresql/data ... ok
2025-08-20T18:57:37.7504339Z  creating subdirectories ... ok
2025-08-20T18:57:37.7504678Z  selecting dynamic shared memory implementation ... posix
2025-08-20T18:57:37.7505023Z  selecting default max_connections ... 100
2025-08-20T18:57:37.7505312Z  selecting default shared_buffers ... 128MB
2025-08-20T18:57:37.7505587Z  selecting default time zone ... Etc/UTC
2025-08-20T18:57:37.7505856Z  creating configuration files ... ok
2025-08-20T18:57:37.7506127Z  running bootstrap script ... ok
2025-08-20T18:57:37.7506650Z  performing post-bootstrap initialization ... ok
2025-08-20T18:57:37.7506970Z  syncing data to disk ... ok
2025-08-20T18:57:37.7507190Z  
2025-08-20T18:57:37.7507683Z  initdb: hint: You can change this by editing pg_hba.conf or using the option -A, or --auth-local and --auth-host, the next time you run initdb.
2025-08-20T18:57:37.7508530Z  2025-08-20 18:56:35.244 UTC [1] LOG:  starting PostgreSQL 15.14 (Debian 15.14-1.pgdg13+1) on x86_64-pc-linux-gnu, compiled by gcc (Debian 14.2.0-19) 14.2.0, 64-bit
2025-08-20T18:57:37.7509189Z  2025-08-20 18:56:35.244 UTC [1] LOG:  listening on IPv4 address "0.0.0.0", port 5432
2025-08-20T18:57:37.7509621Z  2025-08-20 18:56:35.244 UTC [1] LOG:  listening on IPv6 address "::", port 5432
2025-08-20T18:57:37.7510095Z  2025-08-20 18:56:35.245 UTC [1] LOG:  listening on Unix socket "/var/run/postgresql/.s.PGSQL.5432"
2025-08-20T18:57:37.7510604Z  2025-08-20 18:56:35.248 UTC [64] LOG:  database system was shut down at 2025-08-20 18:56:35 UTC
2025-08-20T18:57:37.7511073Z  2025-08-20 18:56:35.252 UTC [1] LOG:  database system is ready to accept connections
2025-08-20T18:57:37.7511404Z  
2025-08-20T18:57:37.7511629Z  Success. You can now start the database server using:
2025-08-20T18:57:37.7511910Z  
2025-08-20T18:57:37.7512135Z      pg_ctl -D /var/lib/postgresql/data -l logfile start
2025-08-20T18:57:37.7512415Z  
2025-08-20T18:57:37.7512967Z  waiting for server to start....2025-08-20 18:56:34.940 UTC [48] LOG:  starting PostgreSQL 15.14 (Debian 15.14-1.pgdg13+1) on x86_64-pc-linux-gnu, compiled by gcc (Debian 14.2.0-19) 14.2.0, 64-bit
2025-08-20T18:57:37.7514399Z  2025-08-20 18:56:34.940 UTC [48] LOG:  listening on Unix socket "/var/run/postgresql/.s.PGSQL.5432"
2025-08-20T18:57:37.7515175Z  2025-08-20 18:56:34.943 UTC [51] LOG:  database system was shut down at 2025-08-20 18:56:34 UTC
2025-08-20T18:57:37.7515643Z  2025-08-20 18:56:34.947 UTC [48] LOG:  database system is ready to accept connections
2025-08-20T18:57:37.7515983Z   done
2025-08-20T18:57:37.7516159Z  server started
2025-08-20T18:57:37.7516500Z  CREATE DATABASE
2025-08-20T18:57:37.7516744Z  
2025-08-20T18:57:37.7516905Z  
2025-08-20T18:57:37.7517215Z  /usr/local/bin/docker-entrypoint.sh: ignoring /docker-entrypoint-initdb.d/*
2025-08-20T18:57:37.7517814Z  
2025-08-20T18:57:37.7518061Z  2025-08-20 18:56:35.125 UTC [48] LOG:  received fast shutdown request
2025-08-20T18:57:37.7518705Z  waiting for server to shut down....2025-08-20 18:56:35.125 UTC [48] LOG:  aborting any active transactions
2025-08-20T18:57:37.7519325Z  2025-08-20 18:56:35.127 UTC [48] LOG:  background worker "logical replication launcher" (PID 54) exited with exit code 1
2025-08-20T18:57:37.7519804Z  2025-08-20 18:56:35.127 UTC [49] LOG:  shutting down
2025-08-20T18:57:37.7520166Z  2025-08-20 18:56:35.127 UTC [49] LOG:  checkpoint starting: shutdown immediate
2025-08-20T18:57:37.7521008Z  2025-08-20 18:56:35.145 UTC [49] LOG:  checkpoint complete: wrote 922 buffers (5.6%); 0 WAL file(s) added, 0 removed, 0 recycled; write=0.014 s, sync=0.002 s, total=0.018 s; sync files=301, longest=0.001 s, average=0.001 s; distance=4239 kB, estimate=4239 kB
2025-08-20T18:57:37.7521831Z  2025-08-20 18:56:35.151 UTC [48] LOG:  database system is shut down
2025-08-20T18:57:37.7522129Z   done
2025-08-20T18:57:37.7522308Z  server stopped
2025-08-20T18:57:37.7522495Z  
2025-08-20T18:57:37.7522721Z  PostgreSQL init process complete; ready for start up.
2025-08-20T18:57:37.7523005Z  
2025-08-20T18:57:37.7528549Z Stop and remove container: 516ff6ef1ae94d0ba82a2390bc712d4e_postgres15_2a3f66
2025-08-20T18:57:37.7533706Z ##[command]/usr/bin/docker rm --force 866fc1418d30e8ab8835251d26e2467b85641df87d1620f48f16b8c6a4ad5c4c
2025-08-20T18:57:38.8187648Z 866fc1418d30e8ab8835251d26e2467b85641df87d1620f48f16b8c6a4ad5c4c
2025-08-20T18:57:38.8214659Z Remove container network: github_network_53e3cc43bade457ba9e64c2ba5212ded
2025-08-20T18:57:38.8219283Z ##[command]/usr/bin/docker network rm github_network_53e3cc43bade457ba9e64c2ba5212ded
2025-08-20T18:57:38.9364489Z github_network_53e3cc43bade457ba9e64c2ba5212ded
2025-08-20T18:57:38.9426165Z Cleaning up orphan processes
