2025-08-23T21:34:46.1209713Z Current runner version: '2.328.0'
2025-08-23T21:34:46.1232567Z ##[group]Runner Image Provisioner
2025-08-23T21:34:46.1233323Z Hosted Compute Agent
2025-08-23T21:34:46.1233932Z Version: 20250818.377
2025-08-23T21:34:46.1234538Z Commit: 3c593e9f75fe0b87e893bca80d6e12ba089c61fc
2025-08-23T21:34:46.1235191Z Build Date: 2025-08-18T14:52:18Z
2025-08-23T21:34:46.1235841Z ##[endgroup]
2025-08-23T21:34:46.1236367Z ##[group]Operating System
2025-08-23T21:34:46.1236930Z Ubuntu
2025-08-23T21:34:46.1237406Z 24.04.2
2025-08-23T21:34:46.1238255Z LTS
2025-08-23T21:34:46.1238687Z ##[endgroup]
2025-08-23T21:34:46.1239233Z ##[group]Runner Image
2025-08-23T21:34:46.1239847Z Image: ubuntu-24.04
2025-08-23T21:34:46.1240330Z Version: 20250818.1.0
2025-08-23T21:34:46.1241371Z Included Software: https://github.com/actions/runner-images/blob/ubuntu24/20250818.1/images/ubuntu/Ubuntu2404-Readme.md
2025-08-23T21:34:46.1243928Z Image Release: https://github.com/actions/runner-images/releases/tag/ubuntu24%2F20250818.1
2025-08-23T21:34:46.1245582Z ##[endgroup]
2025-08-23T21:34:46.1249593Z ##[group]GITHUB_TOKEN Permissions
2025-08-23T21:34:46.1251664Z Actions: write
2025-08-23T21:34:46.1252180Z Attestations: write
2025-08-23T21:34:46.1252717Z Checks: write
2025-08-23T21:34:46.1253271Z Contents: write
2025-08-23T21:34:46.1253815Z Deployments: write
2025-08-23T21:34:46.1254306Z Discussions: write
2025-08-23T21:34:46.1254874Z Issues: write
2025-08-23T21:34:46.1255372Z Metadata: read
2025-08-23T21:34:46.1255877Z Models: read
2025-08-23T21:34:46.1256365Z Packages: write
2025-08-23T21:34:46.1256932Z Pages: write
2025-08-23T21:34:46.1257416Z PullRequests: write
2025-08-23T21:34:46.1258274Z RepositoryProjects: write
2025-08-23T21:34:46.1258845Z SecurityEvents: write
2025-08-23T21:34:46.1259439Z Statuses: write
2025-08-23T21:34:46.1260050Z ##[endgroup]
2025-08-23T21:34:46.1261978Z Secret source: Actions
2025-08-23T21:34:46.1262715Z Prepare workflow directory
2025-08-23T21:34:46.1664013Z Prepare all required actions
2025-08-23T21:34:46.1701019Z Getting action download info
2025-08-23T21:34:46.4431020Z Download action repository 'actions/checkout@v5' (SHA:08c6903cd8c0fde910a37f88322edcfb5dd907a8)
2025-08-23T21:34:46.5302832Z Download action repository 'actions/setup-python@v5' (SHA:a26af69be951a213d495a4c3e4e4022e16d87065)
2025-08-23T21:34:46.6076592Z Download action repository 'actions/cache@v4' (SHA:0400d5f644dc74513175e3cd8d07132dd4860809)
2025-08-23T21:34:46.7450962Z Download action repository 'actions/upload-artifact@v4' (SHA:ea165f8d65b6e75b540449e92b4886f43607fa02)
2025-08-23T21:34:46.9543172Z Complete job name: integration-db
2025-08-23T21:34:47.0012397Z ##[group]Checking docker version
2025-08-23T21:34:47.0025294Z ##[command]/usr/bin/docker version --format '{{.Server.APIVersion}}'
2025-08-23T21:34:47.1026948Z '1.48'
2025-08-23T21:34:47.1045155Z Docker daemon API version: '1.48'
2025-08-23T21:34:47.1046239Z ##[command]/usr/bin/docker version --format '{{.Client.APIVersion}}'
2025-08-23T21:34:47.1237746Z '1.48'
2025-08-23T21:34:47.1257088Z Docker client API version: '1.48'
2025-08-23T21:34:47.1263577Z ##[endgroup]
2025-08-23T21:34:47.1268090Z ##[group]Clean up resources from previous jobs
2025-08-23T21:34:47.1275589Z ##[command]/usr/bin/docker ps --all --quiet --no-trunc --filter "label=3d6243"
2025-08-23T21:34:47.1489504Z ##[command]/usr/bin/docker network prune --force --filter "label=3d6243"
2025-08-23T21:34:47.1658873Z ##[endgroup]
2025-08-23T21:34:47.1659334Z ##[group]Create local container network
2025-08-23T21:34:47.1669366Z ##[command]/usr/bin/docker network create --label 3d6243 github_network_c59f1c51fcb8497082cfe5093299194d
2025-08-23T21:34:47.2210166Z a69aae822e9df1b7256fee2677e4d761c150205a57eb967cda0bf022e5dee69c
2025-08-23T21:34:47.2229837Z ##[endgroup]
2025-08-23T21:34:47.2253525Z ##[group]Starting postgres service container
2025-08-23T21:34:47.2273771Z ##[command]/usr/bin/docker pull postgres:15
2025-08-23T21:34:47.4121101Z 15: Pulling from library/postgres
2025-08-23T21:34:47.4682379Z 396b1da7636e: Pulling fs layer
2025-08-23T21:34:47.4683461Z fca2566eba32: Pulling fs layer
2025-08-23T21:34:47.4684278Z 631fe8c6d606: Pulling fs layer
2025-08-23T21:34:47.4685092Z 77c7671c4414: Pulling fs layer
2025-08-23T21:34:47.4685691Z 2d9e29180a27: Pulling fs layer
2025-08-23T21:34:47.4686166Z c6bcc2c9a041: Pulling fs layer
2025-08-23T21:34:47.4686633Z ac4b721eb66f: Pulling fs layer
2025-08-23T21:34:47.4687096Z 606bd164980e: Pulling fs layer
2025-08-23T21:34:47.4687809Z f5dfd246bc6e: Pulling fs layer
2025-08-23T21:34:47.4688303Z ba7036bb0a60: Pulling fs layer
2025-08-23T21:34:47.4688764Z 799f859abbbd: Pulling fs layer
2025-08-23T21:34:47.4689242Z d903e777080c: Pulling fs layer
2025-08-23T21:34:47.4689704Z 04adcb462801: Pulling fs layer
2025-08-23T21:34:47.4690165Z 5c10925b29ff: Pulling fs layer
2025-08-23T21:34:47.4690600Z 77c7671c4414: Waiting
2025-08-23T21:34:47.4691032Z 2d9e29180a27: Waiting
2025-08-23T21:34:47.4691430Z c6bcc2c9a041: Waiting
2025-08-23T21:34:47.4691828Z ac4b721eb66f: Waiting
2025-08-23T21:34:47.4692221Z 606bd164980e: Waiting
2025-08-23T21:34:47.4692622Z f5dfd246bc6e: Waiting
2025-08-23T21:34:47.4693022Z ba7036bb0a60: Waiting
2025-08-23T21:34:47.4693412Z 799f859abbbd: Waiting
2025-08-23T21:34:47.4693804Z d903e777080c: Waiting
2025-08-23T21:34:47.4694182Z 04adcb462801: Waiting
2025-08-23T21:34:47.4694569Z 5c10925b29ff: Waiting
2025-08-23T21:34:47.5871263Z fca2566eba32: Verifying Checksum
2025-08-23T21:34:47.5872436Z fca2566eba32: Download complete
2025-08-23T21:34:47.7663071Z 631fe8c6d606: Verifying Checksum
2025-08-23T21:34:47.7664417Z 631fe8c6d606: Download complete
2025-08-23T21:34:47.7810004Z 77c7671c4414: Download complete
2025-08-23T21:34:47.9423991Z c6bcc2c9a041: Verifying Checksum
2025-08-23T21:34:47.9425749Z c6bcc2c9a041: Download complete
2025-08-23T21:34:47.9828317Z 2d9e29180a27: Verifying Checksum
2025-08-23T21:34:47.9829906Z 2d9e29180a27: Download complete
2025-08-23T21:34:48.0511116Z ac4b721eb66f: Verifying Checksum
2025-08-23T21:34:48.0512544Z ac4b721eb66f: Download complete
2025-08-23T21:34:48.1053223Z 606bd164980e: Verifying Checksum
2025-08-23T21:34:48.1054474Z 606bd164980e: Download complete
2025-08-23T21:34:48.1559171Z 396b1da7636e: Verifying Checksum
2025-08-23T21:34:48.1560244Z 396b1da7636e: Download complete
2025-08-23T21:34:48.2271245Z ba7036bb0a60: Verifying Checksum
2025-08-23T21:34:48.2272362Z ba7036bb0a60: Download complete
2025-08-23T21:34:48.2939728Z 799f859abbbd: Verifying Checksum
2025-08-23T21:34:48.2945958Z 799f859abbbd: Download complete
2025-08-23T21:34:48.3371026Z d903e777080c: Verifying Checksum
2025-08-23T21:34:48.3371620Z d903e777080c: Download complete
2025-08-23T21:34:48.4257820Z 04adcb462801: Verifying Checksum
2025-08-23T21:34:48.4259284Z 04adcb462801: Download complete
2025-08-23T21:34:48.4396468Z 5c10925b29ff: Verifying Checksum
2025-08-23T21:34:48.4397362Z 5c10925b29ff: Download complete
2025-08-23T21:34:49.1381855Z 396b1da7636e: Pull complete
2025-08-23T21:34:49.3832567Z fca2566eba32: Pull complete
2025-08-23T21:34:49.5254426Z f5dfd246bc6e: Verifying Checksum
2025-08-23T21:34:49.5255109Z f5dfd246bc6e: Download complete
2025-08-23T21:34:49.5763305Z 631fe8c6d606: Pull complete
2025-08-23T21:34:49.6305153Z 77c7671c4414: Pull complete
2025-08-23T21:34:49.9303841Z 2d9e29180a27: Pull complete
2025-08-23T21:34:50.0275531Z c6bcc2c9a041: Pull complete
2025-08-23T21:34:50.0424485Z ac4b721eb66f: Pull complete
2025-08-23T21:34:50.0596547Z 606bd164980e: Pull complete
2025-08-23T21:34:52.9769594Z f5dfd246bc6e: Pull complete
2025-08-23T21:34:52.9967737Z ba7036bb0a60: Pull complete
2025-08-23T21:34:53.0117804Z 799f859abbbd: Pull complete
2025-08-23T21:34:53.0265182Z d903e777080c: Pull complete
2025-08-23T21:34:53.0424978Z 04adcb462801: Pull complete
2025-08-23T21:34:53.0586445Z 5c10925b29ff: Pull complete
2025-08-23T21:34:53.0717413Z Digest: sha256:bc51cf4f1fe02cce7ed2370b20128a9b00b4eb804573a77d2a0d877aaa9c82b1
2025-08-23T21:34:53.0734224Z Status: Downloaded newer image for postgres:15
2025-08-23T21:34:53.0744659Z docker.io/library/postgres:15
2025-08-23T21:34:53.0802839Z ##[command]/usr/bin/docker create --name 0c934a92a67e42cb89e2493bf870ad41_postgres15_faab49 --label 3d6243 --network github_network_c59f1c51fcb8497082cfe5093299194d --network-alias postgres -p 5432:5432 --health-cmd="pg_isready -U postgres -d awa" --health-interval=5s --health-timeout=5s --health-retries=10 -e "POSTGRES_USER=postgres" -e "POSTGRES_PASSWORD=pass" -e "POSTGRES_DB=awa" -e GITHUB_ACTIONS=true -e CI=true postgres:15
2025-08-23T21:34:53.1083538Z f0e2a4c320d762e1d4996f6e6872dce7bc68392c922054cb8a2254398679ced6
2025-08-23T21:34:53.1105901Z ##[command]/usr/bin/docker start f0e2a4c320d762e1d4996f6e6872dce7bc68392c922054cb8a2254398679ced6
2025-08-23T21:34:53.3938338Z f0e2a4c320d762e1d4996f6e6872dce7bc68392c922054cb8a2254398679ced6
2025-08-23T21:34:53.3960821Z ##[command]/usr/bin/docker ps --all --filter id=f0e2a4c320d762e1d4996f6e6872dce7bc68392c922054cb8a2254398679ced6 --filter status=running --no-trunc --format "{{.ID}} {{.Status}}"
2025-08-23T21:34:53.4130206Z f0e2a4c320d762e1d4996f6e6872dce7bc68392c922054cb8a2254398679ced6 Up Less than a second (health: starting)
2025-08-23T21:34:53.4151748Z ##[command]/usr/bin/docker port f0e2a4c320d762e1d4996f6e6872dce7bc68392c922054cb8a2254398679ced6
2025-08-23T21:34:53.4274940Z 5432/tcp -> 0.0.0.0:5432
2025-08-23T21:34:53.4275326Z 5432/tcp -> [::]:5432
2025-08-23T21:34:53.4333347Z ##[endgroup]
2025-08-23T21:34:53.4341850Z ##[group]Waiting for all services to be ready
2025-08-23T21:34:53.4355152Z ##[command]/usr/bin/docker inspect --format="{{if .Config.Healthcheck}}{{print .State.Health.Status}}{{end}}" f0e2a4c320d762e1d4996f6e6872dce7bc68392c922054cb8a2254398679ced6
2025-08-23T21:34:53.4487766Z starting
2025-08-23T21:34:53.4511388Z postgres service is starting, waiting 2 seconds before checking again.
2025-08-23T21:34:55.4506689Z ##[command]/usr/bin/docker inspect --format="{{if .Config.Healthcheck}}{{print .State.Health.Status}}{{end}}" f0e2a4c320d762e1d4996f6e6872dce7bc68392c922054cb8a2254398679ced6
2025-08-23T21:34:55.4624035Z starting
2025-08-23T21:34:55.4636940Z postgres service is starting, waiting 4 seconds before checking again.
2025-08-23T21:34:59.6059145Z ##[command]/usr/bin/docker inspect --format="{{if .Config.Healthcheck}}{{print .State.Health.Status}}{{end}}" f0e2a4c320d762e1d4996f6e6872dce7bc68392c922054cb8a2254398679ced6
2025-08-23T21:34:59.6177062Z healthy
2025-08-23T21:34:59.6197374Z postgres service is healthy.
2025-08-23T21:34:59.6198325Z ##[endgroup]
2025-08-23T21:34:59.6437012Z ##[group]Run actions/checkout@v5
2025-08-23T21:34:59.6437876Z with:
2025-08-23T21:34:59.6438062Z   fetch-depth: 0
2025-08-23T21:34:59.6438275Z   repository: AlexBomber12/AWA-App
2025-08-23T21:34:59.6500210Z   token: ***
2025-08-23T21:34:59.6500424Z   ssh-strict: true
2025-08-23T21:34:59.6500606Z   ssh-user: git
2025-08-23T21:34:59.6500791Z   persist-credentials: true
2025-08-23T21:34:59.6501004Z   clean: true
2025-08-23T21:34:59.6501186Z   sparse-checkout-cone-mode: true
2025-08-23T21:34:59.6501430Z   fetch-tags: false
2025-08-23T21:34:59.6501611Z   show-progress: true
2025-08-23T21:34:59.6501792Z   lfs: false
2025-08-23T21:34:59.6502003Z   submodules: false
2025-08-23T21:34:59.6502193Z   set-safe-directory: true
2025-08-23T21:34:59.6503951Z ##[endgroup]
2025-08-23T21:34:59.7391964Z Syncing repository: AlexBomber12/AWA-App
2025-08-23T21:34:59.7393565Z ##[group]Getting Git version info
2025-08-23T21:34:59.7393930Z Working directory is '/home/runner/work/AWA-App/AWA-App'
2025-08-23T21:34:59.7394499Z [command]/usr/bin/git version
2025-08-23T21:34:59.7432584Z git version 2.51.0
2025-08-23T21:34:59.7453220Z ##[endgroup]
2025-08-23T21:34:59.7468414Z Temporarily overriding HOME='/home/runner/work/_temp/c2745dc1-c6c2-4cf9-a92f-318560375059' before making global git config changes
2025-08-23T21:34:59.7469663Z Adding repository directory to the temporary git global config as a safe directory
2025-08-23T21:34:59.7473834Z [command]/usr/bin/git config --global --add safe.directory /home/runner/work/AWA-App/AWA-App
2025-08-23T21:34:59.7509512Z Deleting the contents of '/home/runner/work/AWA-App/AWA-App'
2025-08-23T21:34:59.7513089Z ##[group]Initializing the repository
2025-08-23T21:34:59.7517343Z [command]/usr/bin/git init /home/runner/work/AWA-App/AWA-App
2025-08-23T21:34:59.7601565Z hint: Using 'master' as the name for the initial branch. This default branch name
2025-08-23T21:34:59.7602360Z hint: is subject to change. To configure the initial branch name to use in all
2025-08-23T21:34:59.7603158Z hint: of your new repositories, which will suppress this warning, call:
2025-08-23T21:34:59.7603724Z hint:
2025-08-23T21:34:59.7604170Z hint: 	git config --global init.defaultBranch <name>
2025-08-23T21:34:59.7604658Z hint:
2025-08-23T21:34:59.7605095Z hint: Names commonly chosen instead of 'master' are 'main', 'trunk' and
2025-08-23T21:34:59.7605834Z hint: 'development'. The just-created branch can be renamed via this command:
2025-08-23T21:34:59.7606392Z hint:
2025-08-23T21:34:59.7606671Z hint: 	git branch -m <name>
2025-08-23T21:34:59.7607000Z hint:
2025-08-23T21:34:59.7607710Z hint: Disable this message with "git config set advice.defaultBranchName false"
2025-08-23T21:34:59.7608544Z Initialized empty Git repository in /home/runner/work/AWA-App/AWA-App/.git/
2025-08-23T21:34:59.7615822Z [command]/usr/bin/git remote add origin https://github.com/AlexBomber12/AWA-App
2025-08-23T21:34:59.7653708Z ##[endgroup]
2025-08-23T21:34:59.7654304Z ##[group]Disabling automatic garbage collection
2025-08-23T21:34:59.7658479Z [command]/usr/bin/git config --local gc.auto 0
2025-08-23T21:34:59.7684537Z ##[endgroup]
2025-08-23T21:34:59.7685116Z ##[group]Setting up auth
2025-08-23T21:34:59.7692062Z [command]/usr/bin/git config --local --name-only --get-regexp core\.sshCommand
2025-08-23T21:34:59.7721947Z [command]/usr/bin/git submodule foreach --recursive sh -c "git config --local --name-only --get-regexp 'core\.sshCommand' && git config --local --unset-all 'core.sshCommand' || :"
2025-08-23T21:34:59.8007323Z [command]/usr/bin/git config --local --name-only --get-regexp http\.https\:\/\/github\.com\/\.extraheader
2025-08-23T21:34:59.8037263Z [command]/usr/bin/git submodule foreach --recursive sh -c "git config --local --name-only --get-regexp 'http\.https\:\/\/github\.com\/\.extraheader' && git config --local --unset-all 'http.https://github.com/.extraheader' || :"
2025-08-23T21:34:59.8254881Z [command]/usr/bin/git config --local http.https://github.com/.extraheader AUTHORIZATION: basic ***
2025-08-23T21:34:59.8287935Z ##[endgroup]
2025-08-23T21:34:59.8288637Z ##[group]Fetching the repository
2025-08-23T21:34:59.8296635Z [command]/usr/bin/git -c protocol.version=2 fetch --prune --no-recurse-submodules origin +refs/heads/*:refs/remotes/origin/* +refs/tags/*:refs/tags/*
2025-08-23T21:35:02.8234661Z From https://github.com/AlexBomber12/AWA-App
2025-08-23T21:35:02.8236167Z  * [new branch]        codex/analyze-ci-logs-and-fix-failures -> origin/codex/analyze-ci-logs-and-fix-failures
2025-08-23T21:35:02.8237872Z  * [new branch]        codex/fix-ci-workflows-to-pass-tests -> origin/codex/fix-ci-workflows-to-pass-tests
2025-08-23T21:35:02.8239165Z  * [new branch]        codex/fix-ci-workflows-until-green -> origin/codex/fix-ci-workflows-until-green
2025-08-23T21:35:02.8240341Z  * [new branch]        codex/implement-targeted-ci-fixes -> origin/codex/implement-targeted-ci-fixes
2025-08-23T21:35:02.8241710Z  * [new branch]        codex/implement-targeted-ci-fixes-for-success -> origin/codex/implement-targeted-ci-fixes-for-success
2025-08-23T21:35:02.8242698Z  * [new branch]        main       -> origin/main
2025-08-23T21:35:02.8243204Z  * [new tag]           0.3.0      -> 0.3.0
2025-08-23T21:35:02.8287775Z [command]/usr/bin/git branch --list --remote origin/main
2025-08-23T21:35:02.8311547Z   origin/main
2025-08-23T21:35:02.8321691Z [command]/usr/bin/git rev-parse refs/remotes/origin/main
2025-08-23T21:35:02.8343915Z d78dc39cfe0e0d0922fe5367527f962c7b18bf8b
2025-08-23T21:35:02.8348673Z ##[endgroup]
2025-08-23T21:35:02.8349254Z ##[group]Determining the checkout info
2025-08-23T21:35:02.8350193Z ##[endgroup]
2025-08-23T21:35:02.8354791Z [command]/usr/bin/git sparse-checkout disable
2025-08-23T21:35:02.8392612Z [command]/usr/bin/git config --local --unset-all extensions.worktreeConfig
2025-08-23T21:35:02.8418337Z ##[group]Checking out the ref
2025-08-23T21:35:02.8422965Z [command]/usr/bin/git checkout --progress --force -B main refs/remotes/origin/main
2025-08-23T21:35:02.8746403Z Switched to a new branch 'main'
2025-08-23T21:35:02.8749539Z branch 'main' set up to track 'origin/main'.
2025-08-23T21:35:02.8757138Z ##[endgroup]
2025-08-23T21:35:02.8792681Z [command]/usr/bin/git log -1 --format=%H
2025-08-23T21:35:02.8840085Z d78dc39cfe0e0d0922fe5367527f962c7b18bf8b
2025-08-23T21:35:02.9004558Z ##[group]Run cat .env.ci >> "$GITHUB_ENV"
2025-08-23T21:35:02.9004884Z [36;1mcat .env.ci >> "$GITHUB_ENV"[0m
2025-08-23T21:35:02.9005594Z [36;1mecho "DATABASE_URL=***localhost:5432/awa" >> "$GITHUB_ENV"[0m
2025-08-23T21:35:02.9005953Z [36;1mecho "PG_HOST=localhost" >> "$GITHUB_ENV"[0m
2025-08-23T21:35:02.9006250Z [36;1mecho "PG_PORT=5432" >> "$GITHUB_ENV"[0m
2025-08-23T21:35:02.9006517Z [36;1mecho "PG_USER=postgres" >> "$GITHUB_ENV"[0m
2025-08-23T21:35:02.9006816Z [36;1mecho "PG_PASSWORD=pass" >> "$GITHUB_ENV"[0m
2025-08-23T21:35:02.9007081Z [36;1mecho "PG_DATABASE=awa" >> "$GITHUB_ENV"[0m
2025-08-23T21:35:02.9007345Z [36;1mecho "TESTING=1" >> "$GITHUB_ENV"[0m
2025-08-23T21:35:02.9052265Z shell: /usr/bin/bash -e {0}
2025-08-23T21:35:02.9052498Z ##[endgroup]
2025-08-23T21:35:02.9244607Z ##[group]Run actions/setup-python@v5
2025-08-23T21:35:02.9244894Z with:
2025-08-23T21:35:02.9245076Z   python-version: 3.11
2025-08-23T21:35:02.9245273Z   cache: pip
2025-08-23T21:35:02.9245491Z   cache-dependency-path: requirements-dev.txt

2025-08-23T21:35:02.9245756Z   check-latest: false
2025-08-23T21:35:02.9246080Z   token: ***
2025-08-23T21:35:02.9246262Z   update-environment: true
2025-08-23T21:35:02.9246478Z   allow-prereleases: false
2025-08-23T21:35:02.9246667Z   freethreaded: false
2025-08-23T21:35:02.9246842Z env:
2025-08-23T21:35:02.9246995Z   PG_USER: postgres
2025-08-23T21:35:02.9247166Z   PG_PASSWORD: pass
2025-08-23T21:35:02.9247350Z   PG_DATABASE: awa
2025-08-23T21:35:02.9247669Z   PG_HOST: localhost
2025-08-23T21:35:02.9247844Z   PG_PORT: 5432
2025-08-23T21:35:02.9248217Z   PG_SYNC_DSN: ***localhost:5432/awa
2025-08-23T21:35:02.9248584Z   PG_ASYNC_DSN: ***localhost:5432/awa
2025-08-23T21:35:02.9248936Z   DATABASE_URL: ***localhost:5432/awa
2025-08-23T21:35:02.9249176Z   DATA_DIR: /tmp/awa-data
2025-08-23T21:35:02.9249359Z   ENABLE_LIVE: 0
2025-08-23T21:35:02.9249524Z   TESTING: 1
2025-08-23T21:35:02.9249676Z ##[endgroup]
2025-08-23T21:35:03.1035249Z ##[group]Installed versions
2025-08-23T21:35:03.1142930Z Successfully set up CPython (3.11.13)
2025-08-23T21:35:03.1143633Z ##[endgroup]
2025-08-23T21:35:03.1421393Z [command]/opt/hostedtoolcache/Python/3.11.13/x64/bin/pip cache dir
2025-08-23T21:35:03.4386198Z /home/runner/.cache/pip
2025-08-23T21:35:03.5856900Z Cache hit for: setup-python-Linux-x64-24.04-Ubuntu-python-3.11.13-pip-cc13ccef493b9f3a93ad5651164d9fb09282c1111f6f72ce20e0657de16de6b4
2025-08-23T21:35:04.6477941Z Received 184549376 of 309815432 (59.6%), 175.8 MBs/sec
2025-08-23T21:35:05.2613762Z Received 309815432 of 309815432 (100.0%), 182.9 MBs/sec
2025-08-23T21:35:05.2616431Z Cache Size: ~295 MB (309815432 B)
2025-08-23T21:35:05.2728274Z [command]/usr/bin/tar -xf /home/runner/work/_temp/abac32ea-562b-429b-960e-fea5b3b3189e/cache.tzst -P -C /home/runner/work/AWA-App/AWA-App --use-compress-program unzstd
2025-08-23T21:35:05.7638778Z Cache restored successfully
2025-08-23T21:35:05.8224550Z Cache restored from key: setup-python-Linux-x64-24.04-Ubuntu-python-3.11.13-pip-cc13ccef493b9f3a93ad5651164d9fb09282c1111f6f72ce20e0657de16de6b4
2025-08-23T21:35:05.8906902Z ##[group]Run actions/cache@v4
2025-08-23T21:35:05.8907145Z with:
2025-08-23T21:35:05.8907360Z   path: ~/.cache/pip
.pytest_cache
~/.ruff_cache

2025-08-23T21:35:05.8907995Z   key: Linux-int-cc13ccef493b9f3a93ad5651164d9fb09282c1111f6f72ce20e0657de16de6b4
2025-08-23T21:35:05.8908386Z   restore-keys: Linux-int-
2025-08-23T21:35:05.8908615Z   enableCrossOsArchive: false
2025-08-23T21:35:05.8909031Z   fail-on-cache-miss: false
2025-08-23T21:35:05.8909234Z   lookup-only: false
2025-08-23T21:35:05.8909429Z   save-always: false
2025-08-23T21:35:05.8909605Z env:
2025-08-23T21:35:05.8909761Z   PG_USER: postgres
2025-08-23T21:35:05.8909950Z   PG_PASSWORD: pass
2025-08-23T21:35:05.8910128Z   PG_DATABASE: awa
2025-08-23T21:35:05.8910307Z   PG_HOST: localhost
2025-08-23T21:35:05.8910483Z   PG_PORT: 5432
2025-08-23T21:35:05.8911004Z   PG_SYNC_DSN: ***localhost:5432/awa
2025-08-23T21:35:05.8911466Z   PG_ASYNC_DSN: ***localhost:5432/awa
2025-08-23T21:35:05.8911884Z   DATABASE_URL: ***localhost:5432/awa
2025-08-23T21:35:05.8912115Z   DATA_DIR: /tmp/awa-data
2025-08-23T21:35:05.8912316Z   ENABLE_LIVE: 0
2025-08-23T21:35:05.8912488Z   TESTING: 1
2025-08-23T21:35:05.8912718Z   pythonLocation: /opt/hostedtoolcache/Python/3.11.13/x64
2025-08-23T21:35:05.8913114Z   PKG_CONFIG_PATH: /opt/hostedtoolcache/Python/3.11.13/x64/lib/pkgconfig
2025-08-23T21:35:05.8913504Z   Python_ROOT_DIR: /opt/hostedtoolcache/Python/3.11.13/x64
2025-08-23T21:35:05.8913848Z   Python2_ROOT_DIR: /opt/hostedtoolcache/Python/3.11.13/x64
2025-08-23T21:35:05.8914182Z   Python3_ROOT_DIR: /opt/hostedtoolcache/Python/3.11.13/x64
2025-08-23T21:35:05.8914528Z   LD_LIBRARY_PATH: /opt/hostedtoolcache/Python/3.11.13/x64/lib
2025-08-23T21:35:05.8914825Z ##[endgroup]
2025-08-23T21:35:06.0952158Z Cache hit for: Linux-int-cc13ccef493b9f3a93ad5651164d9fb09282c1111f6f72ce20e0657de16de6b4
2025-08-23T21:35:07.1628678Z Received 213909504 of 309817358 (69.0%), 203.6 MBs/sec
2025-08-23T21:35:07.5799051Z Received 309817358 of 309817358 (100.0%), 207.5 MBs/sec
2025-08-23T21:35:07.5802030Z Cache Size: ~295 MB (309817358 B)
2025-08-23T21:35:07.5843617Z [command]/usr/bin/tar -xf /home/runner/work/_temp/98590c3d-60fa-4fc1-b7eb-3669a29c4cef/cache.tzst -P -C /home/runner/work/AWA-App/AWA-App --use-compress-program unzstd
2025-08-23T21:35:08.1614873Z Cache restored successfully
2025-08-23T21:35:08.2280708Z Cache restored from key: Linux-int-cc13ccef493b9f3a93ad5651164d9fb09282c1111f6f72ce20e0657de16de6b4
2025-08-23T21:35:08.2409972Z ##[group]Run pip install --break-system-packages -r requirements-dev.txt
2025-08-23T21:35:08.2410529Z [36;1mpip install --break-system-packages -r requirements-dev.txt[0m
2025-08-23T21:35:08.2410975Z [36;1mpip install --break-system-packages keepa==1.3.15 minio==7.1.15[0m
2025-08-23T21:35:08.2455311Z shell: /usr/bin/bash -e {0}
2025-08-23T21:35:08.2455571Z env:
2025-08-23T21:35:08.2455747Z   PG_USER: postgres
2025-08-23T21:35:08.2455948Z   PG_PASSWORD: pass
2025-08-23T21:35:08.2456136Z   PG_DATABASE: awa
2025-08-23T21:35:08.2456318Z   PG_HOST: localhost
2025-08-23T21:35:08.2456503Z   PG_PORT: 5432
2025-08-23T21:35:08.2456961Z   PG_SYNC_DSN: ***localhost:5432/awa
2025-08-23T21:35:08.2457351Z   PG_ASYNC_DSN: ***localhost:5432/awa
2025-08-23T21:35:08.2457919Z   DATABASE_URL: ***localhost:5432/awa
2025-08-23T21:35:08.2458159Z   DATA_DIR: /tmp/awa-data
2025-08-23T21:35:08.2458363Z   ENABLE_LIVE: 0
2025-08-23T21:35:08.2458547Z   TESTING: 1
2025-08-23T21:35:08.2458829Z   pythonLocation: /opt/hostedtoolcache/Python/3.11.13/x64
2025-08-23T21:35:08.2459227Z   PKG_CONFIG_PATH: /opt/hostedtoolcache/Python/3.11.13/x64/lib/pkgconfig
2025-08-23T21:35:08.2459606Z   Python_ROOT_DIR: /opt/hostedtoolcache/Python/3.11.13/x64
2025-08-23T21:35:08.2459950Z   Python2_ROOT_DIR: /opt/hostedtoolcache/Python/3.11.13/x64
2025-08-23T21:35:08.2460297Z   Python3_ROOT_DIR: /opt/hostedtoolcache/Python/3.11.13/x64
2025-08-23T21:35:08.2460647Z   LD_LIBRARY_PATH: /opt/hostedtoolcache/Python/3.11.13/x64/lib
2025-08-23T21:35:08.2460953Z ##[endgroup]
2025-08-23T21:35:08.8076700Z Collecting Jinja2==3.1.6 (from -r requirements-dev.txt (line 2))
2025-08-23T21:35:08.8092467Z   Using cached jinja2-3.1.6-py3-none-any.whl.metadata (2.9 kB)
2025-08-23T21:35:08.8303336Z Collecting alembic==1.16.4 (from -r requirements-dev.txt (line 3))
2025-08-23T21:35:08.8320368Z   Using cached alembic-1.16.4-py3-none-any.whl.metadata (7.3 kB)
2025-08-23T21:35:08.8470009Z Collecting apscheduler==3.10.4 (from -r requirements-dev.txt (line 4))
2025-08-23T21:35:08.8483760Z   Using cached APScheduler-3.10.4-py3-none-any.whl.metadata (5.7 kB)
2025-08-23T21:35:08.8634088Z Collecting asgi-correlation-id==4.3.1 (from -r requirements-dev.txt (line 5))
2025-08-23T21:35:08.8648712Z   Using cached asgi_correlation_id-4.3.1-py3-none-any.whl.metadata (28 kB)
2025-08-23T21:35:08.9131941Z Collecting asyncpg==0.30.0 (from -r requirements-dev.txt (line 6))
2025-08-23T21:35:08.9145649Z   Using cached asyncpg-0.30.0-cp311-cp311-manylinux_2_17_x86_64.manylinux2014_x86_64.whl.metadata (5.0 kB)
2025-08-23T21:35:08.9560559Z Collecting black==25.1.0 (from -r requirements-dev.txt (line 7))
2025-08-23T21:35:08.9577297Z   Using cached black-25.1.0-cp311-cp311-manylinux_2_17_x86_64.manylinux2014_x86_64.manylinux_2_28_x86_64.whl.metadata (81 kB)
2025-08-23T21:35:09.2701330Z Collecting boto3 (from -r requirements-dev.txt (line 8))
2025-08-23T21:35:09.3196462Z   Downloading boto3-1.40.16-py3-none-any.whl.metadata (6.7 kB)
2025-08-23T21:35:09.3533070Z Collecting redis==6.* (from -r requirements-dev.txt (line 9))
2025-08-23T21:35:09.3546848Z   Using cached redis-6.4.0-py3-none-any.whl.metadata (10 kB)
2025-08-23T21:35:09.3827129Z Collecting minio==7.* (from -r requirements-dev.txt (line 10))
2025-08-23T21:35:09.3841306Z   Using cached minio-7.2.16-py3-none-any.whl.metadata (6.5 kB)
2025-08-23T21:35:09.3972674Z Collecting vulture==2.10 (from -r requirements-dev.txt (line 11))
2025-08-23T21:35:09.3985713Z   Using cached vulture-2.10-py2.py3-none-any.whl.metadata (23 kB)
2025-08-23T21:35:09.4314358Z Collecting celery==5.5.3 (from -r requirements-dev.txt (line 12))
2025-08-23T21:35:09.4327372Z   Using cached celery-5.5.3-py3-none-any.whl.metadata (22 kB)
2025-08-23T21:35:09.4872022Z Collecting fastapi==0.116.1 (from -r requirements-dev.txt (line 13))
2025-08-23T21:35:09.4885412Z   Using cached fastapi-0.116.1-py3-none-any.whl.metadata (28 kB)
2025-08-23T21:35:09.5021207Z Collecting fastapi-limiter==0.1.6 (from -r requirements-dev.txt (line 15))
2025-08-23T21:35:09.5035001Z   Using cached fastapi_limiter-0.1.6-py3-none-any.whl.metadata (5.3 kB)
2025-08-23T21:35:09.5194313Z Collecting httpx<0.29,>=0.27 (from -r requirements-dev.txt (line 16))
2025-08-23T21:35:09.5208008Z   Using cached httpx-0.28.1-py3-none-any.whl.metadata (7.1 kB)
2025-08-23T21:35:09.5330233Z Collecting imapclient==3.0.1 (from -r requirements-dev.txt (line 17))
2025-08-23T21:35:09.5343873Z   Using cached IMAPClient-3.0.1-py2.py3-none-any.whl.metadata (1.7 kB)
2025-08-23T21:35:09.5429686Z Collecting itsdangerous (from -r requirements-dev.txt (line 18))
2025-08-23T21:35:09.5444329Z   Using cached itsdangerous-2.2.0-py3-none-any.whl.metadata (1.9 kB)
2025-08-23T21:35:09.6526418Z Collecting mypy==1.* (from -r requirements-dev.txt (line 19))
2025-08-23T21:35:09.6541729Z   Using cached mypy-1.17.1-cp311-cp311-manylinux2014_x86_64.manylinux_2_17_x86_64.manylinux_2_28_x86_64.whl.metadata (2.2 kB)
2025-08-23T21:35:09.6631736Z Collecting mypy-extensions==1.1.0 (from -r requirements-dev.txt (line 20))
2025-08-23T21:35:09.6645281Z   Using cached mypy_extensions-1.1.0-py3-none-any.whl.metadata (1.1 kB)
2025-08-23T21:35:09.8188469Z Collecting numpy<2 (from -r requirements-dev.txt (line 21))
2025-08-23T21:35:09.8203272Z   Using cached numpy-1.26.4-cp311-cp311-manylinux_2_17_x86_64.manylinux2014_x86_64.whl.metadata (61 kB)
2025-08-23T21:35:09.8555491Z Collecting openpyxl==3.1.5 (from -r requirements-dev.txt (line 22))
2025-08-23T21:35:09.8569846Z   Using cached openpyxl-3.1.5-py2.py3-none-any.whl.metadata (2.5 kB)
2025-08-23T21:35:09.9597995Z Collecting pandas==2.2.* (from -r requirements-dev.txt (line 23))
2025-08-23T21:35:09.9612469Z   Using cached pandas-2.2.3-cp311-cp311-manylinux_2_17_x86_64.manylinux2014_x86_64.whl.metadata (89 kB)
2025-08-23T21:35:10.0455831Z Collecting psycopg2-binary==2.9.10 (from -r requirements-dev.txt (line 24))
2025-08-23T21:35:10.0469364Z   Using cached psycopg2_binary-2.9.10-cp311-cp311-manylinux_2_17_x86_64.manylinux2014_x86_64.whl.metadata (4.9 kB)
2025-08-23T21:35:10.0608642Z Collecting psycopg==3.2.9 (from psycopg[binary]==3.2.9->-r requirements-dev.txt (line 25))
2025-08-23T21:35:10.0839945Z   Using cached psycopg-3.2.9-py3-none-any.whl.metadata (4.5 kB)
2025-08-23T21:35:10.1882172Z Collecting pydantic==2.11.7 (from -r requirements-dev.txt (line 26))
2025-08-23T21:35:10.1896441Z   Using cached pydantic-2.11.7-py3-none-any.whl.metadata (67 kB)
2025-08-23T21:35:10.1933620Z Requirement already satisfied: setuptools in /opt/hostedtoolcache/Python/3.11.13/x64/lib/python3.11/site-packages (from -r requirements-dev.txt (line 27)) (65.5.0)
2025-08-23T21:35:10.2136029Z Collecting pytest-asyncio==1.1.0 (from -r requirements-dev.txt (line 28))
2025-08-23T21:35:10.2136859Z   Using cached pytest_asyncio-1.1.0-py3-none-any.whl.metadata (4.1 kB)
2025-08-23T21:35:10.2259305Z Collecting pytest-cov==6.2.1 (from -r requirements-dev.txt (line 29))
2025-08-23T21:35:10.2272724Z   Using cached pytest_cov-6.2.1-py3-none-any.whl.metadata (30 kB)
2025-08-23T21:35:10.2421359Z Collecting pytest-postgresql==7.0.2 (from -r requirements-dev.txt (line 30))
2025-08-23T21:35:10.2434694Z   Using cached pytest_postgresql-7.0.2-py3-none-any.whl.metadata (18 kB)
2025-08-23T21:35:10.2584911Z Collecting python-dotenv (from -r requirements-dev.txt (line 31))
2025-08-23T21:35:10.2598587Z   Using cached python_dotenv-1.1.1-py3-none-any.whl.metadata (24 kB)
2025-08-23T21:35:10.2735056Z Collecting python-multipart (from -r requirements-dev.txt (line 32))
2025-08-23T21:35:10.2748514Z   Using cached python_multipart-0.0.20-py3-none-any.whl.metadata (1.8 kB)
2025-08-23T21:35:10.2998260Z Collecting python-telegram-bot==22.3 (from -r requirements-dev.txt (line 33))
2025-08-23T21:35:10.3011704Z   Using cached python_telegram_bot-22.3-py3-none-any.whl.metadata (17 kB)
2025-08-23T21:35:10.3281564Z Collecting requests==2.32.4 (from -r requirements-dev.txt (line 34))
2025-08-23T21:35:10.3295552Z   Using cached requests-2.32.4-py3-none-any.whl.metadata (4.9 kB)
2025-08-23T21:35:10.3430356Z Collecting respx==0.22.0 (from -r requirements-dev.txt (line 35))
2025-08-23T21:35:10.3444217Z   Using cached respx-0.22.0-py2.py3-none-any.whl.metadata (4.1 kB)
2025-08-23T21:35:10.6938456Z Collecting ruff==0.9.9 (from -r requirements-dev.txt (line 36))
2025-08-23T21:35:10.6954062Z   Using cached ruff-0.9.9-py3-none-manylinux_2_17_x86_64.manylinux2014_x86_64.whl.metadata (25 kB)
2025-08-23T21:35:10.9375312Z Collecting sqlalchemy==2.0.43 (from -r requirements-dev.txt (line 37))
2025-08-23T21:35:10.9395279Z   Using cached sqlalchemy-2.0.43-cp311-cp311-manylinux_2_17_x86_64.manylinux2014_x86_64.whl.metadata (9.6 kB)
2025-08-23T21:35:10.9589824Z Collecting structlog==24.1.0 (from -r requirements-dev.txt (line 38))
2025-08-23T21:35:10.9603274Z   Using cached structlog-24.1.0-py3-none-any.whl.metadata (6.9 kB)
2025-08-23T21:35:10.9750703Z Collecting testcontainers==4.12.0 (from testcontainers[postgres]==4.12.0->-r requirements-dev.txt (line 39))
2025-08-23T21:35:10.9764152Z   Using cached testcontainers-4.12.0-py3-none-any.whl.metadata (8.3 kB)
2025-08-23T21:35:11.0096425Z Collecting types-requests==2.32.4.20250809 (from -r requirements-dev.txt (line 40))
2025-08-23T21:35:11.0110091Z   Using cached types_requests-2.32.4.20250809-py3-none-any.whl.metadata (2.0 kB)
2025-08-23T21:35:11.0224786Z Collecting docspec-python==2.2.2 (from -r requirements-dev.txt (line 41))
2025-08-23T21:35:11.0238185Z   Using cached docspec_python-2.2.2-py3-none-any.whl.metadata (1.0 kB)
2025-08-23T21:35:11.0387000Z Collecting pydoc-markdown==4.8.2 (from -r requirements-dev.txt (line 42))
2025-08-23T21:35:11.0400720Z   Using cached pydoc_markdown-4.8.2-py3-none-any.whl.metadata (5.9 kB)
2025-08-23T21:35:11.0640710Z Collecting pandera==0.19.* (from -r requirements-dev.txt (line 43))
2025-08-23T21:35:11.0654053Z   Using cached pandera-0.19.3-py3-none-any.whl.metadata (15 kB)
2025-08-23T21:35:11.1690428Z Collecting MarkupSafe>=2.0 (from Jinja2==3.1.6->-r requirements-dev.txt (line 2))
2025-08-23T21:35:11.1705289Z   Using cached MarkupSafe-3.0.2-cp311-cp311-manylinux_2_17_x86_64.manylinux2014_x86_64.whl.metadata (4.0 kB)
2025-08-23T21:35:11.1932890Z Collecting Mako (from alembic==1.16.4->-r requirements-dev.txt (line 3))
2025-08-23T21:35:11.1945878Z   Using cached mako-1.3.10-py3-none-any.whl.metadata (2.9 kB)
2025-08-23T21:35:11.2092195Z Collecting typing-extensions>=4.12 (from alembic==1.16.4->-r requirements-dev.txt (line 3))
2025-08-23T21:35:11.2105138Z   Using cached typing_extensions-4.14.1-py3-none-any.whl.metadata (3.0 kB)
2025-08-23T21:35:11.2224751Z Collecting six>=1.4.0 (from apscheduler==3.10.4->-r requirements-dev.txt (line 4))
2025-08-23T21:35:11.2237892Z   Using cached six-1.17.0-py2.py3-none-any.whl.metadata (1.7 kB)
2025-08-23T21:35:11.2548133Z Collecting pytz (from apscheduler==3.10.4->-r requirements-dev.txt (line 4))
2025-08-23T21:35:11.2561398Z   Using cached pytz-2025.2-py2.py3-none-any.whl.metadata (22 kB)
2025-08-23T21:35:11.2710039Z Collecting tzlocal!=3.*,>=2.0 (from apscheduler==3.10.4->-r requirements-dev.txt (line 4))
2025-08-23T21:35:11.2722824Z   Using cached tzlocal-5.3.1-py3-none-any.whl.metadata (7.6 kB)
2025-08-23T21:35:11.2993228Z Collecting starlette>=0.18 (from asgi-correlation-id==4.3.1->-r requirements-dev.txt (line 5))
2025-08-23T21:35:11.3006179Z   Using cached starlette-0.47.2-py3-none-any.whl.metadata (6.2 kB)
2025-08-23T21:35:11.3182030Z Collecting click>=8.0.0 (from black==25.1.0->-r requirements-dev.txt (line 7))
2025-08-23T21:35:11.3195173Z   Using cached click-8.2.1-py3-none-any.whl.metadata (2.5 kB)
2025-08-23T21:35:11.3331270Z Collecting packaging>=22.0 (from black==25.1.0->-r requirements-dev.txt (line 7))
2025-08-23T21:35:11.3344313Z   Using cached packaging-25.0-py3-none-any.whl.metadata (3.3 kB)
2025-08-23T21:35:11.3441018Z Collecting pathspec>=0.9.0 (from black==25.1.0->-r requirements-dev.txt (line 7))
2025-08-23T21:35:11.3454302Z   Using cached pathspec-0.12.1-py3-none-any.whl.metadata (21 kB)
2025-08-23T21:35:11.3632247Z Collecting platformdirs>=2 (from black==25.1.0->-r requirements-dev.txt (line 7))
2025-08-23T21:35:11.3645752Z   Using cached platformdirs-4.3.8-py3-none-any.whl.metadata (12 kB)
2025-08-23T21:35:11.3890020Z Collecting toml (from vulture==2.10->-r requirements-dev.txt (line 11))
2025-08-23T21:35:11.3903302Z   Using cached toml-0.10.2-py2.py3-none-any.whl.metadata (7.1 kB)
2025-08-23T21:35:11.4059776Z Collecting billiard<5.0,>=4.2.1 (from celery==5.5.3->-r requirements-dev.txt (line 12))
2025-08-23T21:35:11.4073740Z   Using cached billiard-4.2.1-py3-none-any.whl.metadata (4.4 kB)
2025-08-23T21:35:11.4332755Z Collecting kombu<5.6,>=5.5.2 (from celery==5.5.3->-r requirements-dev.txt (line 12))
2025-08-23T21:35:11.4345463Z   Using cached kombu-5.5.4-py3-none-any.whl.metadata (3.5 kB)
2025-08-23T21:35:11.4476868Z Collecting vine<6.0,>=5.1.0 (from celery==5.5.3->-r requirements-dev.txt (line 12))
2025-08-23T21:35:11.4489715Z   Using cached vine-5.1.0-py3-none-any.whl.metadata (2.7 kB)
2025-08-23T21:35:11.4612817Z Collecting click-didyoumean>=0.3.0 (from celery==5.5.3->-r requirements-dev.txt (line 12))
2025-08-23T21:35:11.4625951Z   Using cached click_didyoumean-0.3.1-py3-none-any.whl.metadata (3.9 kB)
2025-08-23T21:35:11.4706482Z Collecting click-repl>=0.2.0 (from celery==5.5.3->-r requirements-dev.txt (line 12))
2025-08-23T21:35:11.4719714Z   Using cached click_repl-0.3.0-py3-none-any.whl.metadata (3.6 kB)
2025-08-23T21:35:11.4799253Z Collecting click-plugins>=1.1.1 (from celery==5.5.3->-r requirements-dev.txt (line 12))
2025-08-23T21:35:11.4812236Z   Using cached click_plugins-1.1.1.2-py2.py3-none-any.whl.metadata (6.5 kB)
2025-08-23T21:35:11.4917386Z Collecting python-dateutil>=2.8.2 (from celery==5.5.3->-r requirements-dev.txt (line 12))
2025-08-23T21:35:11.4930587Z   Using cached python_dateutil-2.9.0.post0-py2.py3-none-any.whl.metadata (8.4 kB)
2025-08-23T21:35:11.5432357Z Collecting annotated-types>=0.6.0 (from pydantic==2.11.7->-r requirements-dev.txt (line 26))
2025-08-23T21:35:11.5446055Z   Using cached annotated_types-0.7.0-py3-none-any.whl.metadata (15 kB)
2025-08-23T21:35:12.1790360Z Collecting pydantic-core==2.33.2 (from pydantic==2.11.7->-r requirements-dev.txt (line 26))
2025-08-23T21:35:12.1806195Z   Using cached pydantic_core-2.33.2-cp311-cp311-manylinux_2_17_x86_64.manylinux2014_x86_64.whl.metadata (6.8 kB)
2025-08-23T21:35:12.1931037Z Collecting typing-inspection>=0.4.0 (from pydantic==2.11.7->-r requirements-dev.txt (line 26))
2025-08-23T21:35:12.1944709Z   Using cached typing_inspection-0.4.1-py3-none-any.whl.metadata (2.6 kB)
2025-08-23T21:35:12.2192636Z Collecting et-xmlfile (from openpyxl==3.1.5->-r requirements-dev.txt (line 22))
2025-08-23T21:35:12.2206069Z   Using cached et_xmlfile-2.0.0-py3-none-any.whl.metadata (2.7 kB)
2025-08-23T21:35:12.2566017Z Collecting pytest<9,>=8.2 (from pytest-asyncio==1.1.0->-r requirements-dev.txt (line 28))
2025-08-23T21:35:12.2579417Z   Using cached pytest-8.4.1-py3-none-any.whl.metadata (7.7 kB)
2025-08-23T21:35:12.5638528Z Collecting coverage>=7.5 (from coverage[toml]>=7.5->pytest-cov==6.2.1->-r requirements-dev.txt (line 29))
2025-08-23T21:35:12.5695368Z   Downloading coverage-7.10.5-cp311-cp311-manylinux1_x86_64.manylinux_2_28_x86_64.manylinux_2_5_x86_64.whl.metadata (8.9 kB)
2025-08-23T21:35:12.6574614Z Collecting pluggy>=1.2 (from pytest-cov==6.2.1->-r requirements-dev.txt (line 29))
2025-08-23T21:35:12.6589308Z   Using cached pluggy-1.6.0-py3-none-any.whl.metadata (4.8 kB)
2025-08-23T21:35:12.6803165Z Collecting port-for>=0.7.3 (from pytest-postgresql==7.0.2->-r requirements-dev.txt (line 30))
2025-08-23T21:35:12.6816131Z   Using cached port_for-0.7.4-py3-none-any.whl.metadata (7.1 kB)
2025-08-23T21:35:12.6961304Z Collecting mirakuru>=2.6.0 (from pytest-postgresql==7.0.2->-r requirements-dev.txt (line 30))
2025-08-23T21:35:12.6974542Z   Using cached mirakuru-2.6.1-py3-none-any.whl.metadata (10 kB)
2025-08-23T21:35:12.7744818Z Collecting charset_normalizer<4,>=2 (from requests==2.32.4->-r requirements-dev.txt (line 34))
2025-08-23T21:35:12.7759357Z   Using cached charset_normalizer-3.4.3-cp311-cp311-manylinux2014_x86_64.manylinux_2_17_x86_64.manylinux_2_28_x86_64.whl.metadata (36 kB)
2025-08-23T21:35:12.7910780Z Collecting idna<4,>=2.5 (from requests==2.32.4->-r requirements-dev.txt (line 34))
2025-08-23T21:35:12.7923685Z   Using cached idna-3.10-py3-none-any.whl.metadata (10 kB)
2025-08-23T21:35:12.8175029Z Collecting urllib3<3,>=1.21.1 (from requests==2.32.4->-r requirements-dev.txt (line 34))
2025-08-23T21:35:12.8188099Z   Using cached urllib3-2.5.0-py3-none-any.whl.metadata (6.5 kB)
2025-08-23T21:35:12.8373037Z Collecting certifi>=2017.4.17 (from requests==2.32.4->-r requirements-dev.txt (line 34))
2025-08-23T21:35:12.8386185Z   Using cached certifi-2025.8.3-py3-none-any.whl.metadata (2.4 kB)
2025-08-23T21:35:12.9582812Z Collecting greenlet>=1 (from sqlalchemy==2.0.43->-r requirements-dev.txt (line 37))
2025-08-23T21:35:12.9596937Z   Using cached greenlet-3.2.4-cp311-cp311-manylinux_2_24_x86_64.manylinux_2_28_x86_64.whl.metadata (4.1 kB)
2025-08-23T21:35:12.9809441Z Collecting docker (from testcontainers==4.12.0->testcontainers[postgres]==4.12.0->-r requirements-dev.txt (line 39))
2025-08-23T21:35:12.9822655Z   Using cached docker-7.1.0-py3-none-any.whl.metadata (3.8 kB)
2025-08-23T21:35:13.0763746Z Collecting wrapt (from testcontainers==4.12.0->testcontainers[postgres]==4.12.0->-r requirements-dev.txt (line 39))
2025-08-23T21:35:13.0779616Z   Using cached wrapt-1.17.3-cp311-cp311-manylinux1_x86_64.manylinux_2_28_x86_64.manylinux_2_5_x86_64.whl.metadata (6.4 kB)
2025-08-23T21:35:13.1057818Z Collecting docspec==2.2.1 (from docspec-python==2.2.2->-r requirements-dev.txt (line 41))
2025-08-23T21:35:13.1071742Z   Using cached docspec-2.2.1-py3-none-any.whl.metadata (1.5 kB)
2025-08-23T21:35:13.1239655Z Collecting nr-util>=0.8.12 (from docspec-python==2.2.2->-r requirements-dev.txt (line 41))
2025-08-23T21:35:13.1254809Z   Using cached nr.util-0.8.12-py3-none-any.whl.metadata (813 bytes)
2025-08-23T21:35:13.1676855Z Collecting PyYAML<7.0,>=5.0 (from pydoc-markdown==4.8.2->-r requirements-dev.txt (line 42))
2025-08-23T21:35:13.1692007Z   Using cached PyYAML-6.0.2-cp311-cp311-manylinux_2_17_x86_64.manylinux2014_x86_64.whl.metadata (2.1 kB)
2025-08-23T21:35:13.1933091Z Collecting databind.core<5.0.0,>=4.4.0 (from pydoc-markdown==4.8.2->-r requirements-dev.txt (line 42))
2025-08-23T21:35:13.1946980Z   Using cached databind.core-4.5.2-py3-none-any.whl.metadata (1.1 kB)
2025-08-23T21:35:13.2133956Z Collecting databind.json<5.0.0,>=4.4.0 (from pydoc-markdown==4.8.2->-r requirements-dev.txt (line 42))
2025-08-23T21:35:13.2148248Z   Using cached databind.json-4.5.2-py3-none-any.whl.metadata (1.1 kB)
2025-08-23T21:35:13.2277741Z Collecting docstring-parser<0.12,>=0.11 (from pydoc-markdown==4.8.2->-r requirements-dev.txt (line 42))
2025-08-23T21:35:13.2279060Z   Using cached docstring_parser-0.11-py3-none-any.whl
2025-08-23T21:35:13.2593607Z Collecting tomli<3.0.0,>=2.0.0 (from pydoc-markdown==4.8.2->-r requirements-dev.txt (line 42))
2025-08-23T21:35:13.2608194Z   Using cached tomli-2.2.1-cp311-cp311-manylinux_2_17_x86_64.manylinux2014_x86_64.whl.metadata (11 kB)
2025-08-23T21:35:13.2703742Z Collecting tomli_w<2.0.0,>=1.0.0 (from pydoc-markdown==4.8.2->-r requirements-dev.txt (line 42))
2025-08-23T21:35:13.2717313Z   Using cached tomli_w-1.2.0-py3-none-any.whl.metadata (5.7 kB)
2025-08-23T21:35:13.3134531Z Collecting watchdog (from pydoc-markdown==4.8.2->-r requirements-dev.txt (line 42))
2025-08-23T21:35:13.3149775Z   Using cached watchdog-6.0.0-py3-none-manylinux2014_x86_64.whl.metadata (44 kB)
2025-08-23T21:35:13.3343951Z Collecting yapf>=0.30.0 (from pydoc-markdown==4.8.2->-r requirements-dev.txt (line 42))
2025-08-23T21:35:13.3357785Z   Using cached yapf-0.43.0-py3-none-any.whl.metadata (46 kB)
2025-08-23T21:35:13.3527204Z Collecting Deprecated<2.0.0,>=1.2.12 (from docspec==2.2.1->docspec-python==2.2.2->-r requirements-dev.txt (line 41))
2025-08-23T21:35:13.3540992Z   Using cached Deprecated-1.2.18-py2.py3-none-any.whl.metadata (5.7 kB)
2025-08-23T21:35:13.4959066Z Collecting psycopg-binary==3.2.9 (from psycopg[binary]==3.2.9->-r requirements-dev.txt (line 25))
2025-08-23T21:35:13.4975185Z   Using cached psycopg_binary-3.2.9-cp311-cp311-manylinux_2_17_x86_64.manylinux2014_x86_64.whl.metadata (2.9 kB)
2025-08-23T21:35:13.5290907Z Collecting argon2-cffi (from minio==7.*->-r requirements-dev.txt (line 10))
2025-08-23T21:35:13.5304688Z   Using cached argon2_cffi-25.1.0-py3-none-any.whl.metadata (4.1 kB)
2025-08-23T21:35:13.6063765Z Collecting pycryptodome (from minio==7.*->-r requirements-dev.txt (line 10))
2025-08-23T21:35:13.6083074Z   Using cached pycryptodome-3.23.0-cp37-abi3-manylinux_2_17_x86_64.manylinux2014_x86_64.whl.metadata (3.4 kB)
2025-08-23T21:35:13.6311649Z Collecting anyio (from httpx<0.29,>=0.27->-r requirements-dev.txt (line 16))
2025-08-23T21:35:13.6328894Z   Using cached anyio-4.10.0-py3-none-any.whl.metadata (4.0 kB)
2025-08-23T21:35:13.6508242Z Collecting httpcore==1.* (from httpx<0.29,>=0.27->-r requirements-dev.txt (line 16))
2025-08-23T21:35:13.6527061Z   Using cached httpcore-1.0.9-py3-none-any.whl.metadata (21 kB)
2025-08-23T21:35:13.6857056Z Collecting tzdata>=2022.7 (from pandas==2.2.*->-r requirements-dev.txt (line 23))
2025-08-23T21:35:13.6871026Z   Using cached tzdata-2025.2-py2.py3-none-any.whl.metadata (1.4 kB)
2025-08-23T21:35:13.7008422Z Collecting multimethod<=1.10.0 (from pandera==0.19.*->-r requirements-dev.txt (line 43))
2025-08-23T21:35:13.7021475Z   Using cached multimethod-1.10-py3-none-any.whl.metadata (8.2 kB)
2025-08-23T21:35:13.7391236Z Collecting typeguard (from pandera==0.19.*->-r requirements-dev.txt (line 43))
2025-08-23T21:35:13.7404615Z   Using cached typeguard-4.4.4-py3-none-any.whl.metadata (3.3 kB)
2025-08-23T21:35:13.7496723Z Collecting typing-inspect>=0.6.0 (from pandera==0.19.*->-r requirements-dev.txt (line 43))
2025-08-23T21:35:13.7509833Z   Using cached typing_inspect-0.9.0-py3-none-any.whl.metadata (1.5 kB)
2025-08-23T21:35:13.8713987Z Collecting databind<5.0.0,>=4.5.2 (from databind.core<5.0.0,>=4.4.0->pydoc-markdown==4.8.2->-r requirements-dev.txt (line 42))
2025-08-23T21:35:13.8726662Z   Using cached databind-4.5.2-py3-none-any.whl.metadata (4.3 kB)
2025-08-23T21:35:13.8863665Z Collecting nr-date<3.0.0,>=2.0.0 (from databind<5.0.0,>=4.5.2->databind.core<5.0.0,>=4.4.0->pydoc-markdown==4.8.2->-r requirements-dev.txt (line 42))
2025-08-23T21:35:13.8884670Z   Using cached nr_date-2.1.0-py3-none-any.whl.metadata (746 bytes)
2025-08-23T21:35:13.9014541Z Collecting nr-stream<2.0.0,>=1.0.0 (from databind<5.0.0,>=4.5.2->databind.core<5.0.0,>=4.4.0->pydoc-markdown==4.8.2->-r requirements-dev.txt (line 42))
2025-08-23T21:35:13.9027619Z   Using cached nr_stream-1.1.5-py3-none-any.whl.metadata (3.6 kB)
2025-08-23T21:35:13.9178400Z Collecting typeapi<3,>=2.0.1 (from databind<5.0.0,>=4.5.2->databind.core<5.0.0,>=4.4.0->pydoc-markdown==4.8.2->-r requirements-dev.txt (line 42))
2025-08-23T21:35:13.9191304Z   Using cached typeapi-2.2.4-py3-none-any.whl.metadata (1.5 kB)
2025-08-23T21:35:13.9430549Z Collecting h11>=0.16 (from httpcore==1.*->httpx<0.29,>=0.27->-r requirements-dev.txt (line 16))
2025-08-23T21:35:13.9443543Z   Using cached h11-0.16.0-py3-none-any.whl.metadata (8.3 kB)
2025-08-23T21:35:13.9640515Z Collecting amqp<6.0.0,>=5.1.1 (from kombu<5.6,>=5.5.2->celery==5.5.3->-r requirements-dev.txt (line 12))
2025-08-23T21:35:13.9653636Z   Using cached amqp-5.3.1-py3-none-any.whl.metadata (8.9 kB)
2025-08-23T21:35:13.9977996Z Collecting iniconfig>=1 (from pytest<9,>=8.2->pytest-asyncio==1.1.0->-r requirements-dev.txt (line 28))
2025-08-23T21:35:13.9991249Z   Using cached iniconfig-2.1.0-py3-none-any.whl.metadata (2.7 kB)
2025-08-23T21:35:14.0172207Z Collecting pygments>=2.7.2 (from pytest<9,>=8.2->pytest-asyncio==1.1.0->-r requirements-dev.txt (line 28))
2025-08-23T21:35:14.0185065Z   Using cached pygments-2.19.2-py3-none-any.whl.metadata (2.5 kB)
2025-08-23T21:35:14.0479522Z Collecting sniffio>=1.1 (from anyio->httpx<0.29,>=0.27->-r requirements-dev.txt (line 16))
2025-08-23T21:35:14.0492472Z   Using cached sniffio-1.3.1-py3-none-any.whl.metadata (3.9 kB)
2025-08-23T21:35:14.3598172Z Collecting botocore<1.41.0,>=1.40.16 (from boto3->-r requirements-dev.txt (line 8))
2025-08-23T21:35:14.3658497Z   Downloading botocore-1.40.16-py3-none-any.whl.metadata (5.7 kB)
2025-08-23T21:35:14.3809882Z Collecting jmespath<2.0.0,>=0.7.1 (from boto3->-r requirements-dev.txt (line 8))
2025-08-23T21:35:14.3823192Z   Using cached jmespath-1.0.1-py3-none-any.whl.metadata (7.6 kB)
2025-08-23T21:35:14.3972440Z Collecting s3transfer<0.14.0,>=0.13.0 (from boto3->-r requirements-dev.txt (line 8))
2025-08-23T21:35:14.3985775Z   Using cached s3transfer-0.13.1-py3-none-any.whl.metadata (1.7 kB)
2025-08-23T21:35:14.5752015Z Collecting fastapi-cli>=0.0.8 (from fastapi-cli[standard]>=0.0.8; extra == "all"->fastapi[all]->-r requirements-dev.txt (line 14))
2025-08-23T21:35:14.5765627Z   Using cached fastapi_cli-0.0.8-py3-none-any.whl.metadata (6.3 kB)
2025-08-23T21:35:14.6479874Z Collecting ujson!=4.0.2,!=4.1.0,!=4.2.0,!=4.3.0,!=5.0.0,!=5.1.0,>=4.0.1 (from fastapi[all]->-r requirements-dev.txt (line 14))
2025-08-23T21:35:14.6493540Z   Using cached ujson-5.11.0-cp311-cp311-manylinux_2_24_x86_64.manylinux_2_28_x86_64.whl.metadata (9.4 kB)
2025-08-23T21:35:14.8692723Z Collecting orjson>=3.2.1 (from fastapi[all]->-r requirements-dev.txt (line 14))
2025-08-23T21:35:14.8707770Z   Using cached orjson-3.11.2-cp311-cp311-manylinux_2_17_x86_64.manylinux2014_x86_64.whl.metadata (1.2 kB)
2025-08-23T21:35:14.8828645Z Collecting email-validator>=2.0.0 (from fastapi[all]->-r requirements-dev.txt (line 14))
2025-08-23T21:35:14.8842141Z   Using cached email_validator-2.2.0-py3-none-any.whl.metadata (25 kB)
2025-08-23T21:35:14.9102078Z Collecting uvicorn>=0.12.0 (from uvicorn[standard]>=0.12.0; extra == "all"->fastapi[all]->-r requirements-dev.txt (line 14))
2025-08-23T21:35:14.9115201Z   Using cached uvicorn-0.35.0-py3-none-any.whl.metadata (6.5 kB)
2025-08-23T21:35:14.9288513Z Collecting pydantic-settings>=2.0.0 (from fastapi[all]->-r requirements-dev.txt (line 14))
2025-08-23T21:35:14.9301632Z   Using cached pydantic_settings-2.10.1-py3-none-any.whl.metadata (3.4 kB)
2025-08-23T21:35:14.9418381Z Collecting pydantic-extra-types>=2.0.0 (from fastapi[all]->-r requirements-dev.txt (line 14))
2025-08-23T21:35:14.9435994Z   Using cached pydantic_extra_types-2.10.5-py3-none-any.whl.metadata (3.9 kB)
2025-08-23T21:35:15.0050398Z Collecting prompt-toolkit>=3.0.36 (from click-repl>=0.2.0->celery==5.5.3->-r requirements-dev.txt (line 12))
2025-08-23T21:35:15.0063181Z   Using cached prompt_toolkit-3.0.51-py3-none-any.whl.metadata (6.4 kB)
2025-08-23T21:35:15.0230855Z Collecting dnspython>=2.0.0 (from email-validator>=2.0.0->fastapi[all]->-r requirements-dev.txt (line 14))
2025-08-23T21:35:15.0243323Z   Using cached dnspython-2.7.0-py3-none-any.whl.metadata (5.8 kB)
2025-08-23T21:35:15.0507408Z Collecting typer>=0.15.1 (from fastapi-cli>=0.0.8->fastapi-cli[standard]>=0.0.8; extra == "all"->fastapi[all]->-r requirements-dev.txt (line 14))
2025-08-23T21:35:15.0520175Z   Using cached typer-0.16.1-py3-none-any.whl.metadata (15 kB)
2025-08-23T21:35:15.0767661Z Collecting rich-toolkit>=0.14.8 (from fastapi-cli>=0.0.8->fastapi-cli[standard]>=0.0.8; extra == "all"->fastapi[all]->-r requirements-dev.txt (line 14))
2025-08-23T21:35:15.0780314Z   Using cached rich_toolkit-0.15.0-py3-none-any.whl.metadata (1.0 kB)
2025-08-23T21:35:15.0898532Z Collecting fastapi-cloud-cli>=0.1.1 (from fastapi-cli[standard]>=0.0.8; extra == "all"->fastapi[all]->-r requirements-dev.txt (line 14))
2025-08-23T21:35:15.0911421Z   Using cached fastapi_cloud_cli-0.1.5-py3-none-any.whl.metadata (3.2 kB)
2025-08-23T21:35:15.1588117Z Collecting rignore>=0.5.1 (from fastapi-cloud-cli>=0.1.1->fastapi-cli[standard]>=0.0.8; extra == "all"->fastapi[all]->-r requirements-dev.txt (line 14))
2025-08-23T21:35:15.1600876Z   Using cached rignore-0.6.4-cp311-cp311-manylinux_2_17_x86_64.manylinux2014_x86_64.whl.metadata (3.8 kB)
2025-08-23T21:35:15.2429630Z Collecting sentry-sdk>=2.20.0 (from fastapi-cloud-cli>=0.1.1->fastapi-cli[standard]>=0.0.8; extra == "all"->fastapi[all]->-r requirements-dev.txt (line 14))
2025-08-23T21:35:15.2443000Z   Using cached sentry_sdk-2.35.0-py2.py3-none-any.whl.metadata (10 kB)
2025-08-23T21:35:15.4454334Z Collecting psutil>=4.0.0 (from mirakuru>=2.6.0->pytest-postgresql==7.0.2->-r requirements-dev.txt (line 30))
2025-08-23T21:35:15.4469456Z   Using cached psutil-7.0.0-cp36-abi3-manylinux_2_12_x86_64.manylinux2010_x86_64.manylinux_2_17_x86_64.manylinux2014_x86_64.whl.metadata (22 kB)
2025-08-23T21:35:15.4764364Z Collecting wcwidth (from prompt-toolkit>=3.0.36->click-repl>=0.2.0->celery==5.5.3->-r requirements-dev.txt (line 12))
2025-08-23T21:35:15.4776912Z   Using cached wcwidth-0.2.13-py2.py3-none-any.whl.metadata (14 kB)
2025-08-23T21:35:15.5841648Z Collecting rich>=13.7.1 (from rich-toolkit>=0.14.8->fastapi-cli>=0.0.8->fastapi-cli[standard]>=0.0.8; extra == "all"->fastapi[all]->-r requirements-dev.txt (line 14))
2025-08-23T21:35:15.5854463Z   Using cached rich-14.1.0-py3-none-any.whl.metadata (18 kB)
2025-08-23T21:35:15.6026662Z Collecting markdown-it-py>=2.2.0 (from rich>=13.7.1->rich-toolkit>=0.14.8->fastapi-cli>=0.0.8->fastapi-cli[standard]>=0.0.8; extra == "all"->fastapi[all]->-r requirements-dev.txt (line 14))
2025-08-23T21:35:15.6039383Z   Using cached markdown_it_py-4.0.0-py3-none-any.whl.metadata (7.3 kB)
2025-08-23T21:35:15.6221822Z Collecting mdurl~=0.1 (from markdown-it-py>=2.2.0->rich>=13.7.1->rich-toolkit>=0.14.8->fastapi-cli>=0.0.8->fastapi-cli[standard]>=0.0.8; extra == "all"->fastapi[all]->-r requirements-dev.txt (line 14))
2025-08-23T21:35:15.6234338Z   Using cached mdurl-0.1.2-py3-none-any.whl.metadata (1.6 kB)
2025-08-23T21:35:15.6679445Z Collecting shellingham>=1.3.0 (from typer>=0.15.1->fastapi-cli>=0.0.8->fastapi-cli[standard]>=0.0.8; extra == "all"->fastapi[all]->-r requirements-dev.txt (line 14))
2025-08-23T21:35:15.6692202Z   Using cached shellingham-1.5.4-py2.py3-none-any.whl.metadata (3.5 kB)
2025-08-23T21:35:15.7359489Z Collecting httptools>=0.6.3 (from uvicorn[standard]>=0.12.0; extra == "all"->fastapi[all]->-r requirements-dev.txt (line 14))
2025-08-23T21:35:15.7372926Z   Using cached httptools-0.6.4-cp311-cp311-manylinux_2_5_x86_64.manylinux1_x86_64.manylinux_2_17_x86_64.manylinux2014_x86_64.whl.metadata (3.6 kB)
2025-08-23T21:35:15.7767328Z Collecting uvloop>=0.15.1 (from uvicorn[standard]>=0.12.0; extra == "all"->fastapi[all]->-r requirements-dev.txt (line 14))
2025-08-23T21:35:15.7781145Z   Using cached uvloop-0.21.0-cp311-cp311-manylinux_2_17_x86_64.manylinux2014_x86_64.whl.metadata (4.9 kB)
2025-08-23T21:35:15.8452293Z Collecting watchfiles>=0.13 (from uvicorn[standard]>=0.12.0; extra == "all"->fastapi[all]->-r requirements-dev.txt (line 14))
2025-08-23T21:35:15.8466161Z   Using cached watchfiles-1.1.0-cp311-cp311-manylinux_2_17_x86_64.manylinux2014_x86_64.whl.metadata (4.9 kB)
2025-08-23T21:35:15.9336760Z Collecting websockets>=10.4 (from uvicorn[standard]>=0.12.0; extra == "all"->fastapi[all]->-r requirements-dev.txt (line 14))
2025-08-23T21:35:15.9352138Z   Using cached websockets-15.0.1-cp311-cp311-manylinux_2_5_x86_64.manylinux1_x86_64.manylinux_2_17_x86_64.manylinux2014_x86_64.whl.metadata (6.8 kB)
2025-08-23T21:35:15.9755644Z Collecting argon2-cffi-bindings (from argon2-cffi->minio==7.*->-r requirements-dev.txt (line 10))
2025-08-23T21:35:15.9769487Z   Using cached argon2_cffi_bindings-25.1.0-cp39-abi3-manylinux_2_26_x86_64.manylinux_2_28_x86_64.whl.metadata (7.4 kB)
2025-08-23T21:35:16.0746925Z Collecting cffi>=1.0.1 (from argon2-cffi-bindings->argon2-cffi->minio==7.*->-r requirements-dev.txt (line 10))
2025-08-23T21:35:16.0761227Z   Using cached cffi-1.17.1-cp311-cp311-manylinux_2_17_x86_64.manylinux2014_x86_64.whl.metadata (1.5 kB)
2025-08-23T21:35:16.0910164Z Collecting pycparser (from cffi>=1.0.1->argon2-cffi-bindings->argon2-cffi->minio==7.*->-r requirements-dev.txt (line 10))
2025-08-23T21:35:16.0923744Z   Using cached pycparser-2.22-py3-none-any.whl.metadata (943 bytes)
2025-08-23T21:35:16.1515039Z Using cached jinja2-3.1.6-py3-none-any.whl (134 kB)
2025-08-23T21:35:16.1529841Z Using cached alembic-1.16.4-py3-none-any.whl (247 kB)
2025-08-23T21:35:16.1544657Z Using cached APScheduler-3.10.4-py3-none-any.whl (59 kB)
2025-08-23T21:35:16.1558836Z Using cached asgi_correlation_id-4.3.1-py3-none-any.whl (15 kB)
2025-08-23T21:35:16.1572286Z Using cached asyncpg-0.30.0-cp311-cp311-manylinux_2_17_x86_64.manylinux2014_x86_64.whl (3.1 MB)
2025-08-23T21:35:16.1609019Z Using cached black-25.1.0-cp311-cp311-manylinux_2_17_x86_64.manylinux2014_x86_64.manylinux_2_28_x86_64.whl (1.7 MB)
2025-08-23T21:35:16.1634783Z Using cached vulture-2.10-py2.py3-none-any.whl (27 kB)
2025-08-23T21:35:16.1648189Z Using cached celery-5.5.3-py3-none-any.whl (438 kB)
2025-08-23T21:35:16.1664580Z Using cached fastapi-0.116.1-py3-none-any.whl (95 kB)
2025-08-23T21:35:16.1678581Z Using cached pydantic-2.11.7-py3-none-any.whl (444 kB)
2025-08-23T21:35:16.1694860Z Using cached fastapi_limiter-0.1.6-py3-none-any.whl (15 kB)
2025-08-23T21:35:16.1708093Z Using cached IMAPClient-3.0.1-py2.py3-none-any.whl (182 kB)
2025-08-23T21:35:16.1722673Z Using cached mypy_extensions-1.1.0-py3-none-any.whl (5.0 kB)
2025-08-23T21:35:16.1735968Z Using cached openpyxl-3.1.5-py2.py3-none-any.whl (250 kB)
2025-08-23T21:35:16.1751425Z Using cached psycopg2_binary-2.9.10-cp311-cp311-manylinux_2_17_x86_64.manylinux2014_x86_64.whl (3.0 MB)
2025-08-23T21:35:16.1787720Z Using cached psycopg-3.2.9-py3-none-any.whl (202 kB)
2025-08-23T21:35:16.1802280Z Using cached pytest_asyncio-1.1.0-py3-none-any.whl (15 kB)
2025-08-23T21:35:16.1815482Z Using cached pytest_cov-6.2.1-py3-none-any.whl (24 kB)
2025-08-23T21:35:16.1828927Z Using cached pytest_postgresql-7.0.2-py3-none-any.whl (41 kB)
2025-08-23T21:35:16.1842481Z Using cached python_telegram_bot-22.3-py3-none-any.whl (717 kB)
2025-08-23T21:35:16.1860850Z Using cached requests-2.32.4-py3-none-any.whl (64 kB)
2025-08-23T21:35:16.1874290Z Using cached respx-0.22.0-py2.py3-none-any.whl (25 kB)
2025-08-23T21:35:16.1887973Z Using cached ruff-0.9.9-py3-none-manylinux_2_17_x86_64.manylinux2014_x86_64.whl (11.2 MB)
2025-08-23T21:35:16.1984235Z Using cached sqlalchemy-2.0.43-cp311-cp311-manylinux_2_17_x86_64.manylinux2014_x86_64.whl (3.3 MB)
2025-08-23T21:35:16.2023219Z Using cached structlog-24.1.0-py3-none-any.whl (65 kB)
2025-08-23T21:35:16.2036848Z Using cached testcontainers-4.12.0-py3-none-any.whl (111 kB)
2025-08-23T21:35:16.2051225Z Using cached types_requests-2.32.4.20250809-py3-none-any.whl (20 kB)
2025-08-23T21:35:16.2064714Z Using cached docspec_python-2.2.2-py3-none-any.whl (15 kB)
2025-08-23T21:35:16.2078154Z Using cached pydoc_markdown-4.8.2-py3-none-any.whl (67 kB)
2025-08-23T21:35:16.2091694Z Using cached docspec-2.2.1-py3-none-any.whl (9.8 kB)
2025-08-23T21:35:16.2105333Z Using cached psycopg_binary-3.2.9-cp311-cp311-manylinux_2_17_x86_64.manylinux2014_x86_64.whl (4.5 MB)
2025-08-23T21:35:16.2151729Z Using cached pydantic_core-2.33.2-cp311-cp311-manylinux_2_17_x86_64.manylinux2014_x86_64.whl (2.0 MB)
2025-08-23T21:35:16.2180067Z Using cached redis-6.4.0-py3-none-any.whl (279 kB)
2025-08-23T21:35:16.2195377Z Using cached minio-7.2.16-py3-none-any.whl (95 kB)
2025-08-23T21:35:16.2209441Z Using cached httpx-0.28.1-py3-none-any.whl (73 kB)
2025-08-23T21:35:16.2223867Z Using cached mypy-1.17.1-cp311-cp311-manylinux2014_x86_64.manylinux_2_17_x86_64.manylinux_2_28_x86_64.whl (12.6 MB)
2025-08-23T21:35:16.2330256Z Using cached numpy-1.26.4-cp311-cp311-manylinux_2_17_x86_64.manylinux2014_x86_64.whl (18.3 MB)
2025-08-23T21:35:16.2474981Z Using cached pandas-2.2.3-cp311-cp311-manylinux_2_17_x86_64.manylinux2014_x86_64.whl (13.1 MB)
2025-08-23T21:35:16.2582000Z Using cached pandera-0.19.3-py3-none-any.whl (251 kB)
2025-08-23T21:35:16.2597144Z Using cached billiard-4.2.1-py3-none-any.whl (86 kB)
2025-08-23T21:35:16.2611666Z Using cached charset_normalizer-3.4.3-cp311-cp311-manylinux2014_x86_64.manylinux_2_17_x86_64.manylinux_2_28_x86_64.whl (150 kB)
2025-08-23T21:35:16.2625971Z Using cached click-8.2.1-py3-none-any.whl (102 kB)
2025-08-23T21:35:16.2640319Z Using cached databind.core-4.5.2-py3-none-any.whl (1.5 kB)
2025-08-23T21:35:16.2653412Z Using cached databind-4.5.2-py3-none-any.whl (49 kB)
2025-08-23T21:35:16.2666922Z Using cached databind.json-4.5.2-py3-none-any.whl (1.5 kB)
2025-08-23T21:35:16.2680745Z Using cached Deprecated-1.2.18-py2.py3-none-any.whl (10.0 kB)
2025-08-23T21:35:16.2693899Z Using cached httpcore-1.0.9-py3-none-any.whl (78 kB)
2025-08-23T21:35:16.2707649Z Using cached idna-3.10-py3-none-any.whl (70 kB)
2025-08-23T21:35:16.2721232Z Using cached kombu-5.5.4-py3-none-any.whl (210 kB)
2025-08-23T21:35:16.2735615Z Using cached vine-5.1.0-py3-none-any.whl (9.6 kB)
2025-08-23T21:35:16.2748797Z Using cached amqp-5.3.1-py3-none-any.whl (50 kB)
2025-08-23T21:35:16.2762270Z Using cached multimethod-1.10-py3-none-any.whl (9.9 kB)
2025-08-23T21:35:16.2775312Z Using cached nr_date-2.1.0-py3-none-any.whl (10 kB)
2025-08-23T21:35:16.2788801Z Using cached nr_stream-1.1.5-py3-none-any.whl (10 kB)
2025-08-23T21:35:16.2802101Z Using cached nr.util-0.8.12-py3-none-any.whl (90 kB)
2025-08-23T21:35:16.2815843Z Using cached pytest-8.4.1-py3-none-any.whl (365 kB)
2025-08-23T21:35:16.2831746Z Using cached pluggy-1.6.0-py3-none-any.whl (20 kB)
2025-08-23T21:35:16.2845453Z Using cached PyYAML-6.0.2-cp311-cp311-manylinux_2_17_x86_64.manylinux2014_x86_64.whl (762 kB)
2025-08-23T21:35:16.2863997Z Using cached starlette-0.47.2-py3-none-any.whl (72 kB)
2025-08-23T21:35:16.2877729Z Using cached anyio-4.10.0-py3-none-any.whl (107 kB)
2025-08-23T21:35:16.2891936Z Using cached tomli-2.2.1-cp311-cp311-manylinux_2_17_x86_64.manylinux2014_x86_64.whl (236 kB)
2025-08-23T21:35:16.2906571Z Using cached tomli_w-1.2.0-py3-none-any.whl (6.7 kB)
2025-08-23T21:35:16.2920066Z Using cached typeapi-2.2.4-py3-none-any.whl (26 kB)
2025-08-23T21:35:16.2933519Z Using cached typing_extensions-4.14.1-py3-none-any.whl (43 kB)
2025-08-23T21:35:16.2946912Z Using cached urllib3-2.5.0-py3-none-any.whl (129 kB)
2025-08-23T21:35:16.2961794Z Using cached wrapt-1.17.3-cp311-cp311-manylinux1_x86_64.manylinux_2_28_x86_64.manylinux_2_5_x86_64.whl (82 kB)
2025-08-23T21:35:16.3002176Z Downloading boto3-1.40.16-py3-none-any.whl (140 kB)
2025-08-23T21:35:16.3199372Z Downloading botocore-1.40.16-py3-none-any.whl (14.0 MB)
2025-08-23T21:35:16.4537380Z    ━━━━━━━━━━━━━━━━━━━━━━━━━━━━━━━━━━━━━━━━ 14.0/14.0 MB 109.2 MB/s  0:00:00
2025-08-23T21:35:16.4551779Z Using cached jmespath-1.0.1-py3-none-any.whl (20 kB)
2025-08-23T21:35:16.4565468Z Using cached python_dateutil-2.9.0.post0-py2.py3-none-any.whl (229 kB)
2025-08-23T21:35:16.4580667Z Using cached s3transfer-0.13.1-py3-none-any.whl (85 kB)
2025-08-23T21:35:16.4594565Z Using cached itsdangerous-2.2.0-py3-none-any.whl (16 kB)
2025-08-23T21:35:16.4608229Z Using cached python_dotenv-1.1.1-py3-none-any.whl (20 kB)
2025-08-23T21:35:16.4621971Z Using cached python_multipart-0.0.20-py3-none-any.whl (24 kB)
2025-08-23T21:35:16.4635441Z Using cached annotated_types-0.7.0-py3-none-any.whl (13 kB)
2025-08-23T21:35:16.4648914Z Using cached certifi-2025.8.3-py3-none-any.whl (161 kB)
2025-08-23T21:35:16.4663208Z Using cached click_didyoumean-0.3.1-py3-none-any.whl (3.6 kB)
2025-08-23T21:35:16.4676533Z Using cached click_plugins-1.1.1.2-py2.py3-none-any.whl (11 kB)
2025-08-23T21:35:16.4690519Z Using cached click_repl-0.3.0-py3-none-any.whl (10 kB)
2025-08-23T21:35:16.4728701Z Downloading coverage-7.10.5-cp311-cp311-manylinux1_x86_64.manylinux_2_28_x86_64.manylinux_2_5_x86_64.whl (249 kB)
2025-08-23T21:35:16.4782711Z Using cached email_validator-2.2.0-py3-none-any.whl (33 kB)
2025-08-23T21:35:16.4796236Z Using cached dnspython-2.7.0-py3-none-any.whl (313 kB)
2025-08-23T21:35:16.4811885Z Using cached fastapi_cli-0.0.8-py3-none-any.whl (10 kB)
2025-08-23T21:35:16.4825306Z Using cached fastapi_cloud_cli-0.1.5-py3-none-any.whl (18 kB)
2025-08-23T21:35:16.4839459Z Using cached greenlet-3.2.4-cp311-cp311-manylinux_2_24_x86_64.manylinux_2_28_x86_64.whl (587 kB)
2025-08-23T21:35:16.4856856Z Using cached h11-0.16.0-py3-none-any.whl (37 kB)
2025-08-23T21:35:16.4870542Z Using cached iniconfig-2.1.0-py3-none-any.whl (6.0 kB)
2025-08-23T21:35:16.4884197Z Using cached MarkupSafe-3.0.2-cp311-cp311-manylinux_2_17_x86_64.manylinux2014_x86_64.whl (23 kB)
2025-08-23T21:35:16.4897752Z Using cached mirakuru-2.6.1-py3-none-any.whl (26 kB)
2025-08-23T21:35:16.4911710Z Using cached orjson-3.11.2-cp311-cp311-manylinux_2_17_x86_64.manylinux2014_x86_64.whl (121 kB)
2025-08-23T21:35:16.4925474Z Using cached packaging-25.0-py3-none-any.whl (66 kB)
2025-08-23T21:35:16.4939269Z Using cached pathspec-0.12.1-py3-none-any.whl (31 kB)
2025-08-23T21:35:16.4952591Z Using cached platformdirs-4.3.8-py3-none-any.whl (18 kB)
2025-08-23T21:35:16.4965802Z Using cached port_for-0.7.4-py3-none-any.whl (21 kB)
2025-08-23T21:35:16.4979292Z Using cached prompt_toolkit-3.0.51-py3-none-any.whl (387 kB)
2025-08-23T21:35:16.4996053Z Using cached psutil-7.0.0-cp36-abi3-manylinux_2_12_x86_64.manylinux2010_x86_64.manylinux_2_17_x86_64.manylinux2014_x86_64.whl (277 kB)
2025-08-23T21:35:16.5011481Z Using cached pydantic_extra_types-2.10.5-py3-none-any.whl (38 kB)
2025-08-23T21:35:16.5025041Z Using cached pydantic_settings-2.10.1-py3-none-any.whl (45 kB)
2025-08-23T21:35:16.5038821Z Using cached pygments-2.19.2-py3-none-any.whl (1.2 MB)
2025-08-23T21:35:16.5061034Z Using cached pytz-2025.2-py2.py3-none-any.whl (509 kB)
2025-08-23T21:35:16.5077781Z Using cached rich_toolkit-0.15.0-py3-none-any.whl (29 kB)
2025-08-23T21:35:16.5091553Z Using cached rich-14.1.0-py3-none-any.whl (243 kB)
2025-08-23T21:35:16.5106393Z Using cached markdown_it_py-4.0.0-py3-none-any.whl (87 kB)
2025-08-23T21:35:16.5120311Z Using cached mdurl-0.1.2-py3-none-any.whl (10.0 kB)
2025-08-23T21:35:16.5134011Z Using cached rignore-0.6.4-cp311-cp311-manylinux_2_17_x86_64.manylinux2014_x86_64.whl (950 kB)
2025-08-23T21:35:16.5154323Z Using cached sentry_sdk-2.35.0-py2.py3-none-any.whl (363 kB)
2025-08-23T21:35:16.5170238Z Using cached six-1.17.0-py2.py3-none-any.whl (11 kB)
2025-08-23T21:35:16.5183641Z Using cached sniffio-1.3.1-py3-none-any.whl (10 kB)
2025-08-23T21:35:16.5196843Z Using cached typer-0.16.1-py3-none-any.whl (46 kB)
2025-08-23T21:35:16.5210437Z Using cached shellingham-1.5.4-py2.py3-none-any.whl (9.8 kB)
2025-08-23T21:35:16.5223562Z Using cached typing_inspect-0.9.0-py3-none-any.whl (8.8 kB)
2025-08-23T21:35:16.5237095Z Using cached typing_inspection-0.4.1-py3-none-any.whl (14 kB)
2025-08-23T21:35:16.5250641Z Using cached tzdata-2025.2-py2.py3-none-any.whl (347 kB)
2025-08-23T21:35:16.5266324Z Using cached tzlocal-5.3.1-py3-none-any.whl (18 kB)
2025-08-23T21:35:16.5280049Z Using cached ujson-5.11.0-cp311-cp311-manylinux_2_24_x86_64.manylinux_2_28_x86_64.whl (57 kB)
2025-08-23T21:35:16.5293325Z Using cached uvicorn-0.35.0-py3-none-any.whl (66 kB)
2025-08-23T21:35:16.5307784Z Using cached httptools-0.6.4-cp311-cp311-manylinux_2_5_x86_64.manylinux1_x86_64.manylinux_2_17_x86_64.manylinux2014_x86_64.whl (459 kB)
2025-08-23T21:35:16.5324480Z Using cached uvloop-0.21.0-cp311-cp311-manylinux_2_17_x86_64.manylinux2014_x86_64.whl (4.0 MB)
2025-08-23T21:35:16.5366751Z Using cached watchfiles-1.1.0-cp311-cp311-manylinux_2_17_x86_64.manylinux2014_x86_64.whl (453 kB)
2025-08-23T21:35:16.5384007Z Using cached websockets-15.0.1-cp311-cp311-manylinux_2_5_x86_64.manylinux1_x86_64.manylinux_2_17_x86_64.manylinux2014_x86_64.whl (182 kB)
2025-08-23T21:35:16.5398174Z Using cached yapf-0.43.0-py3-none-any.whl (256 kB)
2025-08-23T21:35:16.5413360Z Using cached argon2_cffi-25.1.0-py3-none-any.whl (14 kB)
2025-08-23T21:35:16.5427108Z Using cached argon2_cffi_bindings-25.1.0-cp39-abi3-manylinux_2_26_x86_64.manylinux_2_28_x86_64.whl (87 kB)
2025-08-23T21:35:16.5441425Z Using cached cffi-1.17.1-cp311-cp311-manylinux_2_17_x86_64.manylinux2014_x86_64.whl (467 kB)
2025-08-23T21:35:16.5457153Z Using cached docker-7.1.0-py3-none-any.whl (147 kB)
2025-08-23T21:35:16.5471322Z Using cached et_xmlfile-2.0.0-py3-none-any.whl (18 kB)
2025-08-23T21:35:16.5484368Z Using cached mako-1.3.10-py3-none-any.whl (78 kB)
2025-08-23T21:35:16.5497950Z Using cached pycparser-2.22-py3-none-any.whl (117 kB)
2025-08-23T21:35:16.5512081Z Using cached pycryptodome-3.23.0-cp37-abi3-manylinux_2_17_x86_64.manylinux2014_x86_64.whl (2.3 MB)
2025-08-23T21:35:16.5542070Z Using cached toml-0.10.2-py2.py3-none-any.whl (16 kB)
2025-08-23T21:35:16.5555121Z Using cached typeguard-4.4.4-py3-none-any.whl (34 kB)
2025-08-23T21:35:16.5568412Z Using cached watchdog-6.0.0-py3-none-manylinux2014_x86_64.whl (79 kB)
2025-08-23T21:35:16.5581761Z Using cached wcwidth-0.2.13-py2.py3-none-any.whl (34 kB)
2025-08-23T21:35:16.9749302Z Installing collected packages: wcwidth, pytz, wrapt, websockets, watchdog, vine, uvloop, urllib3, ujson, tzlocal, tzdata, typing-extensions, tomli_w, tomli, toml, structlog, sniffio, six, shellingham, ruff, rignore, redis, PyYAML, python-multipart, python-dotenv, pygments, pycryptodome, pycparser, psycopg2-binary, psycopg-binary, psutil, prompt-toolkit, port-for, pluggy, platformdirs, pathspec, packaging, orjson, numpy, nr-stream, nr-date, mypy-extensions, multimethod, mdurl, MarkupSafe, jmespath, itsdangerous, iniconfig, imapclient, idna, httptools, h11, greenlet, et-xmlfile, docstring-parser, dnspython, coverage, click, charset_normalizer, certifi, billiard, asyncpg, annotated-types, yapf, vulture, uvicorn, typing-inspection, typing-inspect, types-requests, typeguard, typeapi, sqlalchemy, sentry-sdk, requests, python-dateutil, pytest, pydantic-core, psycopg, openpyxl, mypy, mirakuru, markdown-it-py, Mako, Jinja2, httpcore, email-validator, Deprecated, click-repl, click-plugins, click-didyoumean, cffi, black, apscheduler, anyio, amqp, watchfiles, starlette, rich, pytest-postgresql, pytest-cov, pytest-asyncio, pydantic, pandas, nr-util, kombu, httpx, docker, databind, botocore, argon2-cffi-bindings, alembic, typer, testcontainers, s3transfer, rich-toolkit, respx, python-telegram-bot, pydantic-settings, pydantic-extra-types, pandera, fastapi, databind.json, databind.core, celery, asgi-correlation-id, argon2-cffi, minio, fastapi-limiter, fastapi-cloud-cli, fastapi-cli, docspec, boto3, docspec-python, pydoc-markdown
2025-08-23T21:35:33.1578620Z 
2025-08-23T21:35:33.1639334Z Successfully installed Deprecated-1.2.18 Jinja2-3.1.6 Mako-1.3.10 MarkupSafe-3.0.2 PyYAML-6.0.2 alembic-1.16.4 amqp-5.3.1 annotated-types-0.7.0 anyio-4.10.0 apscheduler-3.10.4 argon2-cffi-25.1.0 argon2-cffi-bindings-25.1.0 asgi-correlation-id-4.3.1 asyncpg-0.30.0 billiard-4.2.1 black-25.1.0 boto3-1.40.16 botocore-1.40.16 celery-5.5.3 certifi-2025.8.3 cffi-1.17.1 charset_normalizer-3.4.3 click-8.2.1 click-didyoumean-0.3.1 click-plugins-1.1.1.2 click-repl-0.3.0 coverage-7.10.5 databind-4.5.2 databind.core-4.5.2 databind.json-4.5.2 dnspython-2.7.0 docker-7.1.0 docspec-2.2.1 docspec-python-2.2.2 docstring-parser-0.11 email-validator-2.2.0 et-xmlfile-2.0.0 fastapi-0.116.1 fastapi-cli-0.0.8 fastapi-cloud-cli-0.1.5 fastapi-limiter-0.1.6 greenlet-3.2.4 h11-0.16.0 httpcore-1.0.9 httptools-0.6.4 httpx-0.28.1 idna-3.10 imapclient-3.0.1 iniconfig-2.1.0 itsdangerous-2.2.0 jmespath-1.0.1 kombu-5.5.4 markdown-it-py-4.0.0 mdurl-0.1.2 minio-7.2.16 mirakuru-2.6.1 multimethod-1.10 mypy-1.17.1 mypy-extensions-1.1.0 nr-date-2.1.0 nr-stream-1.1.5 nr-util-0.8.12 numpy-1.26.4 openpyxl-3.1.5 orjson-3.11.2 packaging-25.0 pandas-2.2.3 pandera-0.19.3 pathspec-0.12.1 platformdirs-4.3.8 pluggy-1.6.0 port-for-0.7.4 prompt-toolkit-3.0.51 psutil-7.0.0 psycopg-3.2.9 psycopg-binary-3.2.9 psycopg2-binary-2.9.10 pycparser-2.22 pycryptodome-3.23.0 pydantic-2.11.7 pydantic-core-2.33.2 pydantic-extra-types-2.10.5 pydantic-settings-2.10.1 pydoc-markdown-4.8.2 pygments-2.19.2 pytest-8.4.1 pytest-asyncio-1.1.0 pytest-cov-6.2.1 pytest-postgresql-7.0.2 python-dateutil-2.9.0.post0 python-dotenv-1.1.1 python-multipart-0.0.20 python-telegram-bot-22.3 pytz-2025.2 redis-6.4.0 requests-2.32.4 respx-0.22.0 rich-14.1.0 rich-toolkit-0.15.0 rignore-0.6.4 ruff-0.9.9 s3transfer-0.13.1 sentry-sdk-2.35.0 shellingham-1.5.4 six-1.17.0 sniffio-1.3.1 sqlalchemy-2.0.43 starlette-0.47.2 structlog-24.1.0 testcontainers-4.12.0 toml-0.10.2 tomli-2.2.1 tomli_w-1.2.0 typeapi-2.2.4 typeguard-4.4.4 typer-0.16.1 types-requests-2.32.4.20250809 typing-extensions-4.14.1 typing-inspect-0.9.0 typing-inspection-0.4.1 tzdata-2025.2 tzlocal-5.3.1 ujson-5.11.0 urllib3-2.5.0 uvicorn-0.35.0 uvloop-0.21.0 vine-5.1.0 vulture-2.10 watchdog-6.0.0 watchfiles-1.1.0 wcwidth-0.2.13 websockets-15.0.1 wrapt-1.17.3 yapf-0.43.0
2025-08-23T21:35:34.3887045Z Collecting keepa==1.3.15
2025-08-23T21:35:34.3902884Z   Using cached keepa-1.3.15-py3-none-any.whl.metadata (11 kB)
2025-08-23T21:35:34.4165150Z Collecting minio==7.1.15
2025-08-23T21:35:34.4180662Z   Using cached minio-7.1.15-py3-none-any.whl.metadata (4.2 kB)
2025-08-23T21:35:34.4206410Z Requirement already satisfied: numpy>=1.9.3 in /opt/hostedtoolcache/Python/3.11.13/x64/lib/python3.11/site-packages (from keepa==1.3.15) (1.26.4)
2025-08-23T21:35:34.4212515Z Requirement already satisfied: requests>=2.2 in /opt/hostedtoolcache/Python/3.11.13/x64/lib/python3.11/site-packages (from keepa==1.3.15) (2.32.4)
2025-08-23T21:35:34.4520497Z Collecting tqdm (from keepa==1.3.15)
2025-08-23T21:35:34.4534714Z   Using cached tqdm-4.67.1-py3-none-any.whl.metadata (57 kB)
2025-08-23T21:35:34.9877152Z Collecting aiohttp (from keepa==1.3.15)
2025-08-23T21:35:34.9893204Z   Using cached aiohttp-3.12.15-cp311-cp311-manylinux_2_17_x86_64.manylinux2014_x86_64.whl.metadata (7.7 kB)
2025-08-23T21:35:34.9922785Z Requirement already satisfied: pandas<=3.0 in /opt/hostedtoolcache/Python/3.11.13/x64/lib/python3.11/site-packages (from keepa==1.3.15) (2.2.3)
2025-08-23T21:35:34.9926913Z Requirement already satisfied: pydantic in /opt/hostedtoolcache/Python/3.11.13/x64/lib/python3.11/site-packages (from keepa==1.3.15) (2.11.7)
2025-08-23T21:35:34.9934264Z Requirement already satisfied: certifi in /opt/hostedtoolcache/Python/3.11.13/x64/lib/python3.11/site-packages (from minio==7.1.15) (2025.8.3)
2025-08-23T21:35:34.9937688Z Requirement already satisfied: urllib3 in /opt/hostedtoolcache/Python/3.11.13/x64/lib/python3.11/site-packages (from minio==7.1.15) (2.5.0)
2025-08-23T21:35:34.9984816Z Requirement already satisfied: python-dateutil>=2.8.2 in /opt/hostedtoolcache/Python/3.11.13/x64/lib/python3.11/site-packages (from pandas<=3.0->keepa==1.3.15) (2.9.0.post0)
2025-08-23T21:35:34.9989670Z Requirement already satisfied: pytz>=2020.1 in /opt/hostedtoolcache/Python/3.11.13/x64/lib/python3.11/site-packages (from pandas<=3.0->keepa==1.3.15) (2025.2)
2025-08-23T21:35:34.9994298Z Requirement already satisfied: tzdata>=2022.7 in /opt/hostedtoolcache/Python/3.11.13/x64/lib/python3.11/site-packages (from pandas<=3.0->keepa==1.3.15) (2025.2)
2025-08-23T21:35:35.0105219Z Requirement already satisfied: six>=1.5 in /opt/hostedtoolcache/Python/3.11.13/x64/lib/python3.11/site-packages (from python-dateutil>=2.8.2->pandas<=3.0->keepa==1.3.15) (1.17.0)
2025-08-23T21:35:35.0122144Z Requirement already satisfied: charset_normalizer<4,>=2 in /opt/hostedtoolcache/Python/3.11.13/x64/lib/python3.11/site-packages (from requests>=2.2->keepa==1.3.15) (3.4.3)
2025-08-23T21:35:35.0127137Z Requirement already satisfied: idna<4,>=2.5 in /opt/hostedtoolcache/Python/3.11.13/x64/lib/python3.11/site-packages (from requests>=2.2->keepa==1.3.15) (3.10)
2025-08-23T21:35:35.2713294Z Collecting aiohappyeyeballs>=2.5.0 (from aiohttp->keepa==1.3.15)
2025-08-23T21:35:35.2726882Z   Using cached aiohappyeyeballs-2.6.1-py3-none-any.whl.metadata (5.9 kB)
2025-08-23T21:35:35.2823952Z Collecting aiosignal>=1.4.0 (from aiohttp->keepa==1.3.15)
2025-08-23T21:35:35.2837117Z   Using cached aiosignal-1.4.0-py3-none-any.whl.metadata (3.7 kB)
2025-08-23T21:35:35.2978654Z Collecting attrs>=17.3.0 (from aiohttp->keepa==1.3.15)
2025-08-23T21:35:35.2991835Z   Using cached attrs-25.3.0-py3-none-any.whl.metadata (10 kB)
2025-08-23T21:35:35.3635707Z Collecting frozenlist>=1.1.1 (from aiohttp->keepa==1.3.15)
2025-08-23T21:35:35.3650212Z   Using cached frozenlist-1.7.0-cp311-cp311-manylinux_2_5_x86_64.manylinux1_x86_64.manylinux_2_17_x86_64.manylinux2014_x86_64.whl.metadata (18 kB)
2025-08-23T21:35:35.5745045Z Collecting multidict<7.0,>=4.5 (from aiohttp->keepa==1.3.15)
2025-08-23T21:35:35.5759932Z   Using cached multidict-6.6.4-cp311-cp311-manylinux2014_x86_64.manylinux_2_17_x86_64.manylinux_2_28_x86_64.whl.metadata (5.3 kB)
2025-08-23T21:35:35.6146435Z Collecting propcache>=0.2.0 (from aiohttp->keepa==1.3.15)
2025-08-23T21:35:35.6160304Z   Using cached propcache-0.3.2-cp311-cp311-manylinux_2_17_x86_64.manylinux2014_x86_64.whl.metadata (12 kB)
2025-08-23T21:35:35.8663870Z Collecting yarl<2.0,>=1.17.0 (from aiohttp->keepa==1.3.15)
2025-08-23T21:35:35.8679621Z   Using cached yarl-1.20.1-cp311-cp311-manylinux_2_17_x86_64.manylinux2014_x86_64.whl.metadata (73 kB)
2025-08-23T21:35:35.8875563Z Requirement already satisfied: typing-extensions>=4.2 in /opt/hostedtoolcache/Python/3.11.13/x64/lib/python3.11/site-packages (from aiosignal>=1.4.0->aiohttp->keepa==1.3.15) (4.14.1)
2025-08-23T21:35:35.8920712Z Requirement already satisfied: annotated-types>=0.6.0 in /opt/hostedtoolcache/Python/3.11.13/x64/lib/python3.11/site-packages (from pydantic->keepa==1.3.15) (0.7.0)
2025-08-23T21:35:35.8925997Z Requirement already satisfied: pydantic-core==2.33.2 in /opt/hostedtoolcache/Python/3.11.13/x64/lib/python3.11/site-packages (from pydantic->keepa==1.3.15) (2.33.2)
2025-08-23T21:35:35.8933128Z Requirement already satisfied: typing-inspection>=0.4.0 in /opt/hostedtoolcache/Python/3.11.13/x64/lib/python3.11/site-packages (from pydantic->keepa==1.3.15) (0.4.1)
2025-08-23T21:35:35.8994658Z Using cached keepa-1.3.15-py3-none-any.whl (38 kB)
2025-08-23T21:35:35.9008072Z Using cached minio-7.1.15-py3-none-any.whl (77 kB)
2025-08-23T21:35:35.9022205Z Using cached aiohttp-3.12.15-cp311-cp311-manylinux_2_17_x86_64.manylinux2014_x86_64.whl (1.7 MB)
2025-08-23T21:35:35.9048439Z Using cached multidict-6.6.4-cp311-cp311-manylinux2014_x86_64.manylinux_2_17_x86_64.manylinux_2_28_x86_64.whl (246 kB)
2025-08-23T21:35:35.9063252Z Using cached yarl-1.20.1-cp311-cp311-manylinux_2_17_x86_64.manylinux2014_x86_64.whl (348 kB)
2025-08-23T21:35:35.9078940Z Using cached aiohappyeyeballs-2.6.1-py3-none-any.whl (15 kB)
2025-08-23T21:35:35.9092090Z Using cached aiosignal-1.4.0-py3-none-any.whl (7.5 kB)
2025-08-23T21:35:35.9105179Z Using cached attrs-25.3.0-py3-none-any.whl (63 kB)
2025-08-23T21:35:35.9119380Z Using cached frozenlist-1.7.0-cp311-cp311-manylinux_2_5_x86_64.manylinux1_x86_64.manylinux_2_17_x86_64.manylinux2014_x86_64.whl (235 kB)
2025-08-23T21:35:35.9134062Z Using cached propcache-0.3.2-cp311-cp311-manylinux_2_17_x86_64.manylinux2014_x86_64.whl (213 kB)
2025-08-23T21:35:35.9148335Z Using cached tqdm-4.67.1-py3-none-any.whl (78 kB)
2025-08-23T21:35:36.0650130Z Installing collected packages: tqdm, propcache, multidict, minio, frozenlist, attrs, aiohappyeyeballs, yarl, aiosignal, aiohttp, keepa
2025-08-23T21:35:36.1343439Z   Attempting uninstall: minio
2025-08-23T21:35:36.1374892Z     Found existing installation: minio 7.2.16
2025-08-23T21:35:36.1409706Z     Uninstalling minio-7.2.16:
2025-08-23T21:35:36.1419431Z       Successfully uninstalled minio-7.2.16
2025-08-23T21:35:36.4642832Z 
2025-08-23T21:35:36.4698161Z Successfully installed aiohappyeyeballs-2.6.1 aiohttp-3.12.15 aiosignal-1.4.0 attrs-25.3.0 frozenlist-1.7.0 keepa-1.3.15 minio-7.1.15 multidict-6.6.4 propcache-0.3.2 tqdm-4.67.1 yarl-1.20.1
2025-08-23T21:35:36.6305199Z ##[group]Run sudo apt-get update
2025-08-23T21:35:36.6305716Z [36;1msudo apt-get update[0m
2025-08-23T21:35:36.6306149Z [36;1msudo apt-get install -y postgresql[0m
2025-08-23T21:35:36.6306959Z [36;1mecho "/usr/lib/postgresql/$(pg_config --version | cut -d' ' -f2 | cut -d'.' -f1,2)/bin" >> $GITHUB_PATH[0m
2025-08-23T21:35:36.6367320Z shell: /usr/bin/bash -e {0}
2025-08-23T21:35:36.6367967Z env:
2025-08-23T21:35:36.6368268Z   PG_USER: postgres
2025-08-23T21:35:36.6368599Z   PG_PASSWORD: pass
2025-08-23T21:35:36.6368934Z   PG_DATABASE: awa
2025-08-23T21:35:36.6369259Z   PG_HOST: localhost
2025-08-23T21:35:36.6369594Z   PG_PORT: 5432
2025-08-23T21:35:36.6370348Z   PG_SYNC_DSN: ***localhost:5432/awa
2025-08-23T21:35:36.6371088Z   PG_ASYNC_DSN: ***localhost:5432/awa
2025-08-23T21:35:36.6371814Z   DATABASE_URL: ***localhost:5432/awa
2025-08-23T21:35:36.6372256Z   DATA_DIR: /tmp/awa-data
2025-08-23T21:35:36.6372607Z   ENABLE_LIVE: 0
2025-08-23T21:35:36.6372910Z   TESTING: 1
2025-08-23T21:35:36.6373369Z   pythonLocation: /opt/hostedtoolcache/Python/3.11.13/x64
2025-08-23T21:35:36.6374063Z   PKG_CONFIG_PATH: /opt/hostedtoolcache/Python/3.11.13/x64/lib/pkgconfig
2025-08-23T21:35:36.6374732Z   Python_ROOT_DIR: /opt/hostedtoolcache/Python/3.11.13/x64
2025-08-23T21:35:36.6375352Z   Python2_ROOT_DIR: /opt/hostedtoolcache/Python/3.11.13/x64
2025-08-23T21:35:36.6376036Z   Python3_ROOT_DIR: /opt/hostedtoolcache/Python/3.11.13/x64
2025-08-23T21:35:36.6376677Z   LD_LIBRARY_PATH: /opt/hostedtoolcache/Python/3.11.13/x64/lib
2025-08-23T21:35:36.6377206Z ##[endgroup]
2025-08-23T21:35:36.7181282Z Get:1 file:/etc/apt/apt-mirrors.txt Mirrorlist [144 B]
2025-08-23T21:35:36.7728124Z Hit:2 http://azure.archive.ubuntu.com/ubuntu noble InRelease
2025-08-23T21:35:36.7742375Z Hit:6 https://packages.microsoft.com/repos/azure-cli noble InRelease
2025-08-23T21:35:36.7743566Z Get:7 https://packages.microsoft.com/ubuntu/24.04/prod noble InRelease [3600 B]
2025-08-23T21:35:36.7746749Z Get:3 http://azure.archive.ubuntu.com/ubuntu noble-updates InRelease [126 kB]
2025-08-23T21:35:36.7801344Z Get:4 http://azure.archive.ubuntu.com/ubuntu noble-backports InRelease [126 kB]
2025-08-23T21:35:36.7858720Z Get:5 http://azure.archive.ubuntu.com/ubuntu noble-security InRelease [126 kB]
2025-08-23T21:35:36.9683132Z Get:8 https://packages.microsoft.com/ubuntu/24.04/prod noble/main arm64 Packages [33.3 kB]
2025-08-23T21:35:36.9784441Z Get:9 https://packages.microsoft.com/ubuntu/24.04/prod noble/main amd64 Packages [49.2 kB]
2025-08-23T21:35:36.9853910Z Get:10 https://packages.microsoft.com/ubuntu/24.04/prod noble/main armhf Packages [9870 B]
2025-08-23T21:35:37.0134732Z Get:11 http://azure.archive.ubuntu.com/ubuntu noble-updates/main amd64 Packages [1352 kB]
2025-08-23T21:35:37.0211954Z Get:12 http://azure.archive.ubuntu.com/ubuntu noble-updates/main Translation-en [269 kB]
2025-08-23T21:35:37.0236343Z Get:13 http://azure.archive.ubuntu.com/ubuntu noble-updates/main amd64 Components [175 kB]
2025-08-23T21:35:37.0257762Z Get:14 http://azure.archive.ubuntu.com/ubuntu noble-updates/universe amd64 Packages [1123 kB]
2025-08-23T21:35:37.0326752Z Get:15 http://azure.archive.ubuntu.com/ubuntu noble-updates/universe Translation-en [288 kB]
2025-08-23T21:35:37.0352328Z Get:16 http://azure.archive.ubuntu.com/ubuntu noble-updates/universe amd64 Components [377 kB]
2025-08-23T21:35:37.0387038Z Get:17 http://azure.archive.ubuntu.com/ubuntu noble-updates/restricted amd64 Packages [1731 kB]
2025-08-23T21:35:37.0486598Z Get:18 http://azure.archive.ubuntu.com/ubuntu noble-updates/restricted Translation-en [384 kB]
2025-08-23T21:35:37.0516045Z Get:19 http://azure.archive.ubuntu.com/ubuntu noble-updates/restricted amd64 Components [212 B]
2025-08-23T21:35:37.0525529Z Get:20 http://azure.archive.ubuntu.com/ubuntu noble-updates/multiverse amd64 Components [940 B]
2025-08-23T21:35:37.1151613Z Get:21 http://azure.archive.ubuntu.com/ubuntu noble-backports/main amd64 Components [7068 B]
2025-08-23T21:35:37.1217229Z Get:22 http://azure.archive.ubuntu.com/ubuntu noble-backports/universe amd64 Components [19.2 kB]
2025-08-23T21:35:37.1218587Z Get:23 http://azure.archive.ubuntu.com/ubuntu noble-backports/restricted amd64 Components [216 B]
2025-08-23T21:35:37.1220039Z Get:24 http://azure.archive.ubuntu.com/ubuntu noble-backports/multiverse amd64 Components [212 B]
2025-08-23T21:35:37.1235210Z Get:25 http://azure.archive.ubuntu.com/ubuntu noble-security/main amd64 Packages [1083 kB]
2025-08-23T21:35:37.1298423Z Get:26 http://azure.archive.ubuntu.com/ubuntu noble-security/main Translation-en [187 kB]
2025-08-23T21:35:37.1318031Z Get:27 http://azure.archive.ubuntu.com/ubuntu noble-security/main amd64 Components [21.6 kB]
2025-08-23T21:35:37.1330051Z Get:28 http://azure.archive.ubuntu.com/ubuntu noble-security/universe amd64 Packages [881 kB]
2025-08-23T21:35:37.1390234Z Get:29 http://azure.archive.ubuntu.com/ubuntu noble-security/universe Translation-en [195 kB]
2025-08-23T21:35:37.1412913Z Get:30 http://azure.archive.ubuntu.com/ubuntu noble-security/universe amd64 Components [52.3 kB]
2025-08-23T21:35:37.1427003Z Get:31 http://azure.archive.ubuntu.com/ubuntu noble-security/restricted amd64 Packages [1631 kB]
2025-08-23T21:35:37.1513533Z Get:32 http://azure.archive.ubuntu.com/ubuntu noble-security/restricted Translation-en [361 kB]
2025-08-23T21:35:37.1541926Z Get:33 http://azure.archive.ubuntu.com/ubuntu noble-security/restricted amd64 Components [212 B]
2025-08-23T21:35:37.1555602Z Get:34 http://azure.archive.ubuntu.com/ubuntu noble-security/multiverse amd64 Components [212 B]
2025-08-23T21:35:44.0329546Z Fetched 10.6 MB in 1s (7852 kB/s)
2025-08-23T21:35:44.7079997Z Reading package lists...
2025-08-23T21:35:44.7401500Z Reading package lists...
2025-08-23T21:35:44.8817070Z Building dependency tree...
2025-08-23T21:35:44.8824513Z Reading state information...
2025-08-23T21:35:45.0172846Z Suggested packages:
2025-08-23T21:35:45.0173184Z   postgresql-doc
2025-08-23T21:35:45.0363558Z The following NEW packages will be installed:
2025-08-23T21:35:45.0364018Z   postgresql
2025-08-23T21:35:45.0531833Z 0 upgraded, 1 newly installed, 0 to remove and 25 not upgraded.
2025-08-23T21:35:45.0532441Z Need to get 11.6 kB of archives.
2025-08-23T21:35:45.0532997Z After this operation, 17.4 kB of additional disk space will be used.
2025-08-23T21:35:45.0533587Z Get:1 file:/etc/apt/apt-mirrors.txt Mirrorlist [144 B]
2025-08-23T21:35:45.0980255Z Get:2 http://azure.archive.ubuntu.com/ubuntu noble-updates/main amd64 postgresql all 16+257build1.1 [11.6 kB]
2025-08-23T21:35:45.3371577Z Fetched 11.6 kB in 0s (211 kB/s)
2025-08-23T21:35:45.3580182Z Selecting previously unselected package postgresql.
2025-08-23T21:35:45.3860183Z (Reading database ... 
2025-08-23T21:35:45.3860596Z (Reading database ... 5%
2025-08-23T21:35:45.3860944Z (Reading database ... 10%
2025-08-23T21:35:45.3861172Z (Reading database ... 15%
2025-08-23T21:35:45.3861371Z (Reading database ... 20%
2025-08-23T21:35:45.3861571Z (Reading database ... 25%
2025-08-23T21:35:45.3861767Z (Reading database ... 30%
2025-08-23T21:35:45.3862133Z (Reading database ... 35%
2025-08-23T21:35:45.3862453Z (Reading database ... 40%
2025-08-23T21:35:45.3863068Z (Reading database ... 45%
2025-08-23T21:35:45.3863405Z (Reading database ... 50%
2025-08-23T21:35:45.4008621Z (Reading database ... 55%
2025-08-23T21:35:45.4511610Z (Reading database ... 60%
2025-08-23T21:35:45.4863224Z (Reading database ... 65%
2025-08-23T21:35:45.5214811Z (Reading database ... 70%
2025-08-23T21:35:45.5548143Z (Reading database ... 75%
2025-08-23T21:35:45.5913391Z (Reading database ... 80%
2025-08-23T21:35:45.6520288Z (Reading database ... 85%
2025-08-23T21:35:45.7037028Z (Reading database ... 90%
2025-08-23T21:35:45.7657983Z (Reading database ... 95%
2025-08-23T21:35:45.7658460Z (Reading database ... 100%
2025-08-23T21:35:45.7659035Z (Reading database ... 219830 files and directories currently installed.)
2025-08-23T21:35:45.7701050Z Preparing to unpack .../postgresql_16+257build1.1_all.deb ...
2025-08-23T21:35:45.7725068Z Unpacking postgresql (16+257build1.1) ...
2025-08-23T21:35:45.8169513Z Setting up postgresql (16+257build1.1) ...
2025-08-23T21:35:46.4222358Z 
2025-08-23T21:35:46.4222768Z Running kernel seems to be up-to-date.
2025-08-23T21:35:46.4223049Z 
2025-08-23T21:35:46.4223163Z Restarting services...
2025-08-23T21:35:46.4290285Z 
2025-08-23T21:35:46.4290667Z Service restarts being deferred:
2025-08-23T21:35:46.4291708Z  systemctl restart hosted-compute-agent.service
2025-08-23T21:35:46.4291925Z 
2025-08-23T21:35:46.4292511Z No containers need to be restarted.
2025-08-23T21:35:46.4292837Z 
2025-08-23T21:35:46.4293049Z No user sessions are running outdated binaries.
2025-08-23T21:35:46.4293382Z 
2025-08-23T21:35:46.4293684Z No VM guests are running outdated hypervisor (qemu) binaries on this host.
2025-08-23T21:35:47.2422287Z ##[group]Run pytest tests/migrations/test_migration_roundtrip.py -q -m integration --cov=services --cov-append --cov-fail-under=0 -o addopts=''
2025-08-23T21:35:47.2423257Z [36;1mpytest tests/migrations/test_migration_roundtrip.py -q -m integration --cov=services --cov-append --cov-fail-under=0 -o addopts=''[0m
2025-08-23T21:35:47.2464992Z shell: /usr/bin/bash -e {0}
2025-08-23T21:35:47.2465230Z env:
2025-08-23T21:35:47.2465410Z   PG_USER: postgres
2025-08-23T21:35:47.2465621Z   PG_PASSWORD: pass
2025-08-23T21:35:47.2475945Z   PG_DATABASE: awa
2025-08-23T21:35:47.2476203Z   PG_HOST: localhost
2025-08-23T21:35:47.2476417Z   PG_PORT: 5432
2025-08-23T21:35:47.2477074Z   PG_SYNC_DSN: ***localhost:5432/awa
2025-08-23T21:35:47.2477690Z   PG_ASYNC_DSN: ***localhost:5432/awa
2025-08-23T21:35:47.2478114Z   DATABASE_URL: ***localhost:5432/awa
2025-08-23T21:35:47.2478358Z   DATA_DIR: /tmp/awa-data
2025-08-23T21:35:47.2478572Z   ENABLE_LIVE: 0
2025-08-23T21:35:47.2478752Z   TESTING: 1
2025-08-23T21:35:47.2479036Z   pythonLocation: /opt/hostedtoolcache/Python/3.11.13/x64
2025-08-23T21:35:47.2479437Z   PKG_CONFIG_PATH: /opt/hostedtoolcache/Python/3.11.13/x64/lib/pkgconfig
2025-08-23T21:35:47.2479822Z   Python_ROOT_DIR: /opt/hostedtoolcache/Python/3.11.13/x64
2025-08-23T21:35:47.2480169Z   Python2_ROOT_DIR: /opt/hostedtoolcache/Python/3.11.13/x64
2025-08-23T21:35:47.2480524Z   Python3_ROOT_DIR: /opt/hostedtoolcache/Python/3.11.13/x64
2025-08-23T21:35:47.2480873Z   LD_LIBRARY_PATH: /opt/hostedtoolcache/Python/3.11.13/x64/lib
2025-08-23T21:35:47.2481166Z ##[endgroup]
2025-08-23T21:35:49.0445429Z s                                                                        [100%]
2025-08-23T21:35:49.0446212Z ================================ tests coverage ================================
2025-08-23T21:35:49.0447016Z _______________ coverage: platform linux, python 3.11.13-final-0 _______________
2025-08-23T21:35:49.0447834Z 
2025-08-23T21:35:49.0448115Z Name                                                       Stmts   Miss  Cover
2025-08-23T21:35:49.0448813Z ------------------------------------------------------------------------------
2025-08-23T21:35:49.0449573Z services/__init__.py                                           0      0   100%
2025-08-23T21:35:49.0450173Z services/alert_bot/__init__.py                                 0      0   100%
2025-08-23T21:35:49.0451017Z services/alert_bot/alert_bot.py                               22     22     0%
2025-08-23T21:35:49.0451598Z services/alert_bot/rules/__init__.py                          63     63     0%
2025-08-23T21:35:49.0452058Z services/api/__init__.py                                       0      0   100%
2025-08-23T21:35:49.0452476Z services/api/config.py                                        24     24     0%
2025-08-23T21:35:49.0452882Z services/api/db.py                                            16     16     0%
2025-08-23T21:35:49.0453284Z services/api/errors.py                                        39     39     0%
2025-08-23T21:35:49.0453735Z services/api/logging_config.py                                15     15     0%
2025-08-23T21:35:49.0454172Z services/api/main.py                                         142    142     0%
2025-08-23T21:35:49.0454600Z services/api/models/__init__.py                                0      0   100%
2025-08-23T21:35:49.0455057Z services/api/models/fee.py                                    11     11     0%
2025-08-23T21:35:49.0455531Z services/api/roi_repository.py                                21     21     0%
2025-08-23T21:35:49.0456014Z services/api/routes/__init__.py                                0      0   100%
2025-08-23T21:35:49.0456477Z services/api/routes/health.py                                 19     19     0%
2025-08-23T21:35:49.0456965Z services/api/routes/repository.py                             16     16     0%
2025-08-23T21:35:49.0457440Z services/api/routes/roi.py                                    77     77     0%
2025-08-23T21:35:49.0458206Z services/api/routes/score.py                                  56     56     0%
2025-08-23T21:35:49.0458677Z services/api/routes/stats.py                                  49     49     0%
2025-08-23T21:35:49.0459132Z services/api/security.py                                      10     10     0%
2025-08-23T21:35:49.0459584Z services/api/sentry_config.py                                 65     65     0%
2025-08-23T21:35:49.0460036Z services/common/__init__.py                                    4      0   100%
2025-08-23T21:35:49.0460463Z services/common/base.py                                        3      0   100%
2025-08-23T21:35:49.0460902Z services/common/config.py                                      4      4     0%
2025-08-23T21:35:49.0461332Z services/common/db.py                                         34     34     0%
2025-08-23T21:35:49.0461759Z services/common/db_url.py                                      4      4     0%
2025-08-23T21:35:49.0462187Z services/common/dsn.py                                        49     37    24%
2025-08-23T21:35:49.0462571Z services/common/keepa.py                                       7      4    43%
2025-08-23T21:35:49.0462959Z services/common/llm.py                                        65     65     0%
2025-08-23T21:35:49.0463363Z services/common/models_vendor.py                              24      0   100%
2025-08-23T21:35:49.0463785Z services/common/settings.py                                   20     20     0%
2025-08-23T21:35:49.0464171Z services/db/__init__.py                                        0      0   100%
2025-08-23T21:35:49.0464545Z services/db/utils/__init__.py                                  0      0   100%
2025-08-23T21:35:49.0464937Z services/db/utils/views.py                                     5      5     0%
2025-08-23T21:35:49.0465325Z services/emailer/__init__.py                                   4      4     0%
2025-08-23T21:35:49.0465732Z services/emailer/generate_body.py                              3      3     0%
2025-08-23T21:35:49.0466127Z services/etl/__init__.py                                       9      9     0%
2025-08-23T21:35:49.0466477Z services/etl/db.py                                             2      2     0%
2025-08-23T21:35:49.0466852Z services/etl/dialects/__init__.py                              9      9     0%
2025-08-23T21:35:49.0467281Z services/etl/dialects/amazon_ads_sp_cost.py                   31     31     0%
2025-08-23T21:35:49.0467992Z services/etl/dialects/amazon_fee_preview.py                   30     30     0%
2025-08-23T21:35:49.0468445Z services/etl/dialects/amazon_inventory_ledger.py              28     28     0%
2025-08-23T21:35:49.0468902Z services/etl/dialects/amazon_reimbursements.py                16     16     0%
2025-08-23T21:35:49.0469355Z services/etl/dialects/amazon_returns.py                       16     16     0%
2025-08-23T21:35:49.0469796Z services/etl/dialects/amazon_settlements.py                   27     27     0%
2025-08-23T21:35:49.0470240Z services/etl/dialects/schemas.py                              25     25     0%
2025-08-23T21:35:49.0470683Z services/etl/dialects/test_generic.py                         15     15     0%
2025-08-23T21:35:49.0471109Z services/etl/fba_fee_ingestor.py                              33     33     0%
2025-08-23T21:35:49.0471519Z services/etl/healthcheck.py                                   27     27     0%
2025-08-23T21:35:49.0471938Z services/etl/keepa_ingestor.py                                47     47     0%
2025-08-23T21:35:49.0472351Z services/etl/sp_fees_ingestor.py                              39     39     0%
2025-08-23T21:35:49.0472744Z services/fees_h10/__init__.py                                  0      0   100%
2025-08-23T21:35:49.0473125Z services/fees_h10/client.py                                   12     12     0%
2025-08-23T21:35:49.0473523Z services/fees_h10/repository.py                               39     39     0%
2025-08-23T21:35:49.0473923Z services/fees_h10/worker.py                                   47     47     0%
2025-08-23T21:35:49.0474444Z services/ingest/__init__.py                                    0      0   100%
2025-08-23T21:35:49.0474846Z services/ingest/celery_app.py                                 32     32     0%
2025-08-23T21:35:49.0475253Z services/ingest/copy_loader.py                                57     57     0%
2025-08-23T21:35:49.0475667Z services/ingest/email_watcher.py                              50     50     0%
2025-08-23T21:35:49.0476125Z services/ingest/healthcheck.py                                40     40     0%
2025-08-23T21:35:49.0476543Z services/ingest/ingest_router.py                               8      8     0%
2025-08-23T21:35:49.0476963Z services/ingest/maintenance.py                                31     31     0%
2025-08-23T21:35:49.0477366Z services/ingest/tasks.py                                      56     56     0%
2025-08-23T21:35:49.0477866Z services/ingest/upload_router.py                              22     22     0%
2025-08-23T21:35:49.0478272Z services/llm_server/__init__.py                                0      0   100%
2025-08-23T21:35:49.0478664Z services/llm_server/app.py                                    22     22     0%
2025-08-23T21:35:49.0479056Z services/logistics_etl/__init__.py                             0      0   100%
2025-08-23T21:35:49.0479462Z services/logistics_etl/__main__.py                             7      7     0%
2025-08-23T21:35:49.0479874Z services/logistics_etl/client.py                              20     20     0%
2025-08-23T21:35:49.0480288Z services/logistics_etl/cron.py                                11     11     0%
2025-08-23T21:35:49.0480686Z services/logistics_etl/db.py                                  13     13     0%
2025-08-23T21:35:49.0481085Z services/logistics_etl/dsn.py                                 33     33     0%
2025-08-23T21:35:49.0481489Z services/logistics_etl/flow.py                                14     14     0%
2025-08-23T21:35:49.0481918Z services/logistics_etl/repository.py                          50     50     0%
2025-08-23T21:35:49.0482346Z services/price_importer/__init__.py                            1      1     0%
2025-08-23T21:35:49.0482771Z services/price_importer/common/__init__.py                     2      2     0%
2025-08-23T21:35:49.0483209Z services/price_importer/common/base.py                         2      2     0%
2025-08-23T21:35:49.0483646Z services/price_importer/common/db_url.py                       6      6     0%
2025-08-23T21:35:49.0484218Z services/price_importer/common/models_vendor.py               22     22     0%
2025-08-23T21:35:49.0484652Z services/price_importer/import.py                             21     21     0%
2025-08-23T21:35:49.0485079Z services/price_importer/normaliser.py                         20     20     0%
2025-08-23T21:35:49.0485500Z services/price_importer/reader.py                             30     30     0%
2025-08-23T21:35:49.0485934Z services/price_importer/repository.py                         38     38     0%
2025-08-23T21:35:49.0486376Z services/price_importer/services_common/__init__.py            4      4     0%
2025-08-23T21:35:49.0486825Z services/price_importer/services_common/base.py                3      3     0%
2025-08-23T21:35:49.0487267Z services/price_importer/services_common/db.py                 34     34     0%
2025-08-23T21:35:49.0487835Z services/price_importer/services_common/db_url.py              4      4     0%
2025-08-23T21:35:49.0488277Z services/price_importer/services_common/dsn.py                27     27     0%
2025-08-23T21:35:49.0488726Z services/price_importer/services_common/keepa.py               7      7     0%
2025-08-23T21:35:49.0489164Z services/price_importer/services_common/llm.py                36     36     0%
2025-08-23T21:35:49.0489615Z services/price_importer/services_common/models_vendor.py      22     22     0%
2025-08-23T21:35:49.0490069Z services/price_importer/services_common/settings.py           19     19     0%
2025-08-23T21:35:49.0490489Z services/repricer/__init__.py                                  0      0   100%
2025-08-23T21:35:49.0491006Z services/repricer/app/__init__.py                              0      0   100%
2025-08-23T21:35:49.0491426Z services/repricer/app/deps.py                                  0      0   100%
2025-08-23T21:35:49.0491841Z services/repricer/app/logic.py                                 5      5     0%
2025-08-23T21:35:49.0492257Z services/repricer/app/main.py                                 20     20     0%
2025-08-23T21:35:49.0492683Z services/repricer/app/schemas.py                              10     10     0%
2025-08-23T21:35:49.0493069Z ------------------------------------------------------------------------------
2025-08-23T21:35:49.0493385Z TOTAL                                                       2122   2076     2%
2025-08-23T21:35:49.1800785Z 1 skipped in 0.40s
2025-08-23T21:35:49.3091438Z ##[group]Run actions/upload-artifact@v4
2025-08-23T21:35:49.3091733Z with:
2025-08-23T21:35:49.3091918Z   name: coverage.integration
2025-08-23T21:35:49.3092139Z   path: .coverage
2025-08-23T21:35:49.3092339Z   if-no-files-found: warn
2025-08-23T21:35:49.3092554Z   compression-level: 6
2025-08-23T21:35:49.3092751Z   overwrite: false
2025-08-23T21:35:49.3092947Z   include-hidden-files: false
2025-08-23T21:35:49.3093149Z env:
2025-08-23T21:35:49.3093311Z   PG_USER: postgres
2025-08-23T21:35:49.3093495Z   PG_PASSWORD: pass
2025-08-23T21:35:49.3093676Z   PG_DATABASE: awa
2025-08-23T21:35:49.3093854Z   PG_HOST: localhost
2025-08-23T21:35:49.3094052Z   PG_PORT: 5432
2025-08-23T21:35:49.3094512Z   PG_SYNC_DSN: ***localhost:5432/awa
2025-08-23T21:35:49.3094910Z   PG_ASYNC_DSN: ***localhost:5432/awa
2025-08-23T21:35:49.3095283Z   DATABASE_URL: ***localhost:5432/awa
2025-08-23T21:35:49.3095521Z   DATA_DIR: /tmp/awa-data
2025-08-23T21:35:49.3095725Z   ENABLE_LIVE: 0
2025-08-23T21:35:49.3095950Z   TESTING: 1
2025-08-23T21:35:49.3096194Z   pythonLocation: /opt/hostedtoolcache/Python/3.11.13/x64
2025-08-23T21:35:49.3096585Z   PKG_CONFIG_PATH: /opt/hostedtoolcache/Python/3.11.13/x64/lib/pkgconfig
2025-08-23T21:35:49.3096973Z   Python_ROOT_DIR: /opt/hostedtoolcache/Python/3.11.13/x64
2025-08-23T21:35:49.3097332Z   Python2_ROOT_DIR: /opt/hostedtoolcache/Python/3.11.13/x64
2025-08-23T21:35:49.3097936Z   Python3_ROOT_DIR: /opt/hostedtoolcache/Python/3.11.13/x64
2025-08-23T21:35:49.3098286Z   LD_LIBRARY_PATH: /opt/hostedtoolcache/Python/3.11.13/x64/lib
2025-08-23T21:35:49.3098578Z ##[endgroup]
2025-08-23T21:35:49.5225612Z ##[warning]No files were found with the provided path: .coverage. No artifacts will be uploaded.
2025-08-23T21:35:49.5816963Z Post job cleanup.
2025-08-23T21:35:49.7080001Z Cache hit occurred on the primary key Linux-int-cc13ccef493b9f3a93ad5651164d9fb09282c1111f6f72ce20e0657de16de6b4, not saving cache.
2025-08-23T21:35:49.7161294Z Post job cleanup.
2025-08-23T21:35:49.8652180Z Cache hit occurred on the primary key setup-python-Linux-x64-24.04-Ubuntu-python-3.11.13-pip-cc13ccef493b9f3a93ad5651164d9fb09282c1111f6f72ce20e0657de16de6b4, not saving cache.
2025-08-23T21:35:49.8743837Z Post job cleanup.
2025-08-23T21:35:49.9519514Z [command]/usr/bin/git version
2025-08-23T21:35:49.9555017Z git version 2.51.0
2025-08-23T21:35:49.9591016Z Temporarily overriding HOME='/home/runner/work/_temp/68cf4c23-f31a-45bc-b1bd-df57d7ac616d' before making global git config changes
2025-08-23T21:35:49.9591945Z Adding repository directory to the temporary git global config as a safe directory
2025-08-23T21:35:49.9596441Z [command]/usr/bin/git config --global --add safe.directory /home/runner/work/AWA-App/AWA-App
2025-08-23T21:35:49.9631650Z [command]/usr/bin/git config --local --name-only --get-regexp core\.sshCommand
2025-08-23T21:35:49.9662771Z [command]/usr/bin/git submodule foreach --recursive sh -c "git config --local --name-only --get-regexp 'core\.sshCommand' && git config --local --unset-all 'core.sshCommand' || :"
2025-08-23T21:35:49.9888313Z [command]/usr/bin/git config --local --name-only --get-regexp http\.https\:\/\/github\.com\/\.extraheader
2025-08-23T21:35:49.9910343Z http.https://github.com/.extraheader
2025-08-23T21:35:49.9920516Z [command]/usr/bin/git config --local --unset-all http.https://github.com/.extraheader
2025-08-23T21:35:49.9952285Z [command]/usr/bin/git submodule foreach --recursive sh -c "git config --local --name-only --get-regexp 'http\.https\:\/\/github\.com\/\.extraheader' && git config --local --unset-all 'http.https://github.com/.extraheader' || :"
2025-08-23T21:35:50.0264777Z Print service container logs: 0c934a92a67e42cb89e2493bf870ad41_postgres15_faab49
2025-08-23T21:35:50.0270120Z ##[command]/usr/bin/docker logs --details f0e2a4c320d762e1d4996f6e6872dce7bc68392c922054cb8a2254398679ced6
2025-08-23T21:35:50.0390639Z  The files belonging to this database system will be owned by user "postgres".
2025-08-23T21:35:50.0392661Z  initdb: warning: enabling "trust" authentication for local connections
2025-08-23T21:35:50.0393555Z  initdb: hint: You can change this by editing pg_hba.conf or using the option -A, or --auth-local and --auth-host, the next time you run initdb.
2025-08-23T21:35:50.0394384Z  2025-08-23 21:34:54.318 UTC [1] LOG:  starting PostgreSQL 15.14 (Debian 15.14-1.pgdg13+1) on x86_64-pc-linux-gnu, compiled by gcc (Debian 14.2.0-19) 14.2.0, 64-bit
2025-08-23T21:35:50.0395010Z  2025-08-23 21:34:54.318 UTC [1] LOG:  listening on IPv4 address "0.0.0.0", port 5432
2025-08-23T21:35:50.0395465Z  2025-08-23 21:34:54.318 UTC [1] LOG:  listening on IPv6 address "::", port 5432
2025-08-23T21:35:50.0395930Z  2025-08-23 21:34:54.320 UTC [1] LOG:  listening on Unix socket "/var/run/postgresql/.s.PGSQL.5432"
2025-08-23T21:35:50.0396336Z  This user must also own the server process.
2025-08-23T21:35:50.0396582Z  
2025-08-23T21:35:50.0396837Z  The database cluster will be initialized with locale "en_US.utf8".
2025-08-23T21:35:50.0397256Z  The default database encoding has accordingly been set to "UTF8".
2025-08-23T21:35:50.0397900Z  The default text search configuration will be set to "english".
2025-08-23T21:35:50.0398193Z  
2025-08-23T21:35:50.0398366Z  Data page checksums are disabled.
2025-08-23T21:35:50.0398588Z  
2025-08-23T21:35:50.0398848Z  fixing permissions on existing directory /var/lib/postgresql/data ... ok
2025-08-23T21:35:50.0399200Z  creating subdirectories ... ok
2025-08-23T21:35:50.0399494Z  selecting dynamic shared memory implementation ... posix
2025-08-23T21:35:50.0399811Z  selecting default max_connections ... 100
2025-08-23T21:35:50.0400085Z  selecting default shared_buffers ... 128MB
2025-08-23T21:35:50.0400572Z  selecting default time zone ... Etc/UTC
2025-08-23T21:35:50.0400828Z  creating configuration files ... ok
2025-08-23T21:35:50.0401087Z  running bootstrap script ... ok
2025-08-23T21:35:50.0401360Z  performing post-bootstrap initialization ... ok
2025-08-23T21:35:50.0401642Z  syncing data to disk ... ok
2025-08-23T21:35:50.0401848Z  
2025-08-23T21:35:50.0401994Z  
2025-08-23T21:35:50.0402205Z  Success. You can now start the database server using:
2025-08-23T21:35:50.0402475Z  
2025-08-23T21:35:50.0402686Z      pg_ctl -D /var/lib/postgresql/data -l logfile start
2025-08-23T21:35:50.0402946Z  
2025-08-23T21:35:50.0403483Z  waiting for server to start....2025-08-23 21:34:54.013 UTC [48] LOG:  starting PostgreSQL 15.14 (Debian 15.14-1.pgdg13+1) on x86_64-pc-linux-gnu, compiled by gcc (Debian 14.2.0-19) 14.2.0, 64-bit
2025-08-23T21:35:50.0404364Z  2025-08-23 21:34:54.013 UTC [48] LOG:  listening on Unix socket "/var/run/postgresql/.s.PGSQL.5432"
2025-08-23T21:35:50.0405343Z  2025-08-23 21:34:54.017 UTC [51] LOG:  database system was shut down at 2025-08-23 21:34:53 UTC
2025-08-23T21:35:50.0406121Z  2025-08-23 21:34:54.021 UTC [48] LOG:  database system is ready to accept connections
2025-08-23T21:35:50.0406660Z   done
2025-08-23T21:35:50.0406829Z  server started
2025-08-23T21:35:50.0407011Z  CREATE DATABASE
2025-08-23T21:35:50.0407193Z  
2025-08-23T21:35:50.0407341Z  
2025-08-23T21:35:50.0407895Z  /usr/local/bin/docker-entrypoint.sh: ignoring /docker-entrypoint-initdb.d/*
2025-08-23T21:35:50.0408270Z  
2025-08-23T21:35:50.0408508Z  2025-08-23 21:34:54.199 UTC [48] LOG:  received fast shutdown request
2025-08-23T21:35:50.0408994Z  waiting for server to shut down....2025-08-23 21:34:54.200 UTC [48] LOG:  aborting any active transactions
2025-08-23T21:35:50.0409596Z  2025-08-23 21:34:54.202 UTC [48] LOG:  background worker "logical replication launcher" (PID 54) exited with exit code 1
2025-08-23T21:35:50.0410275Z  2025-08-23 21:34:54.203 UTC [49] LOG:  shutting down
2025-08-23T21:35:50.0410646Z  2025-08-23 21:34:54.203 UTC [49] LOG:  checkpoint starting: shutdown immediate
2025-08-23T21:35:50.0411500Z  2025-08-23 21:34:54.220 UTC [49] LOG:  checkpoint complete: wrote 922 buffers (5.6%); 0 WAL file(s) added, 0 removed, 0 recycled; write=0.013 s, sync=0.002 s, total=0.018 s; sync files=301, longest=0.001 s, average=0.001 s; distance=4239 kB, estimate=4239 kB
2025-08-23T21:35:50.0412312Z  2025-08-23 21:34:54.226 UTC [48] LOG:  database system is shut down
2025-08-23T21:35:50.0412604Z   done
2025-08-23T21:35:50.0412769Z  server stopped
2025-08-23T21:35:50.0412943Z  
2025-08-23T21:35:50.0413166Z  PostgreSQL init process complete; ready for start up.
2025-08-23T21:35:50.0413442Z  
2025-08-23T21:35:50.0413726Z  2025-08-23 21:34:54.323 UTC [64] LOG:  database system was shut down at 2025-08-23 21:34:54 UTC
2025-08-23T21:35:50.0414283Z  2025-08-23 21:34:54.327 UTC [1] LOG:  database system is ready to accept connections
2025-08-23T21:35:50.0419857Z Stop and remove container: 0c934a92a67e42cb89e2493bf870ad41_postgres15_faab49
2025-08-23T21:35:50.0424372Z ##[command]/usr/bin/docker rm --force f0e2a4c320d762e1d4996f6e6872dce7bc68392c922054cb8a2254398679ced6
2025-08-23T21:35:50.8248585Z f0e2a4c320d762e1d4996f6e6872dce7bc68392c922054cb8a2254398679ced6
2025-08-23T21:35:50.8276166Z Remove container network: github_network_c59f1c51fcb8497082cfe5093299194d
2025-08-23T21:35:50.8281537Z ##[command]/usr/bin/docker network rm github_network_c59f1c51fcb8497082cfe5093299194d
2025-08-23T21:35:50.9564239Z github_network_c59f1c51fcb8497082cfe5093299194d
2025-08-23T21:35:50.9625415Z Cleaning up orphan processes
