2025-08-25T22:04:58.3737577Z Current runner version: '2.328.0'
2025-08-25T22:04:58.3759708Z ##[group]Runner Image Provisioner
2025-08-25T22:04:58.3760606Z Hosted Compute Agent
2025-08-25T22:04:58.3761129Z Version: 20250821.380
2025-08-25T22:04:58.3761712Z Commit: 438d12cb4fe092871db9867344e3bc0bc5319035
2025-08-25T22:04:58.3762430Z Build Date: 2025-08-21T20:49:43Z
2025-08-25T22:04:58.3763013Z ##[endgroup]
2025-08-25T22:04:58.3763528Z ##[group]Operating System
2025-08-25T22:04:58.3764142Z Ubuntu
2025-08-25T22:04:58.3764584Z 24.04.2
2025-08-25T22:04:58.3765051Z LTS
2025-08-25T22:04:58.3765721Z ##[endgroup]
2025-08-25T22:04:58.3766183Z ##[group]Runner Image
2025-08-25T22:04:58.3766757Z Image: ubuntu-24.04
2025-08-25T22:04:58.3767267Z Version: 20250818.1.0
2025-08-25T22:04:58.3768284Z Included Software: https://github.com/actions/runner-images/blob/ubuntu24/20250818.1/images/ubuntu/Ubuntu2404-Readme.md
2025-08-25T22:04:58.3769717Z Image Release: https://github.com/actions/runner-images/releases/tag/ubuntu24%2F20250818.1
2025-08-25T22:04:58.3770736Z ##[endgroup]
2025-08-25T22:04:58.3773072Z ##[group]GITHUB_TOKEN Permissions
2025-08-25T22:04:58.3775215Z Actions: write
2025-08-25T22:04:58.3775922Z Attestations: write
2025-08-25T22:04:58.3776827Z Checks: write
2025-08-25T22:04:58.3777326Z Contents: write
2025-08-25T22:04:58.3777823Z Deployments: write
2025-08-25T22:04:58.3778283Z Discussions: write
2025-08-25T22:04:58.3778855Z Issues: write
2025-08-25T22:04:58.3779305Z Metadata: read
2025-08-25T22:04:58.3779800Z Models: read
2025-08-25T22:04:58.3780346Z Packages: write
2025-08-25T22:04:58.3780816Z Pages: write
2025-08-25T22:04:58.3781276Z PullRequests: write
2025-08-25T22:04:58.3781834Z RepositoryProjects: write
2025-08-25T22:04:58.3782383Z SecurityEvents: write
2025-08-25T22:04:58.3782974Z Statuses: write
2025-08-25T22:04:58.3783530Z ##[endgroup]
2025-08-25T22:04:58.3785897Z Secret source: Actions
2025-08-25T22:04:58.3786736Z Prepare workflow directory
2025-08-25T22:04:58.4191989Z Prepare all required actions
2025-08-25T22:04:58.4230204Z Getting action download info
2025-08-25T22:04:58.8833254Z Download action repository 'actions/checkout@v5' (SHA:08c6903cd8c0fde910a37f88322edcfb5dd907a8)
2025-08-25T22:04:58.9771548Z Download action repository 'actions/setup-python@v5' (SHA:a26af69be951a213d495a4c3e4e4022e16d87065)
2025-08-25T22:04:59.0527662Z Download action repository 'actions/cache@v4' (SHA:0400d5f644dc74513175e3cd8d07132dd4860809)
2025-08-25T22:04:59.1937124Z Download action repository 'actions/upload-artifact@v4' (SHA:ea165f8d65b6e75b540449e92b4886f43607fa02)
2025-08-25T22:04:59.4281607Z Complete job name: integration-db
2025-08-25T22:04:59.4766410Z ##[group]Checking docker version
2025-08-25T22:04:59.4779667Z ##[command]/usr/bin/docker version --format '{{.Server.APIVersion}}'
2025-08-25T22:04:59.5710371Z '1.48'
2025-08-25T22:04:59.5722994Z Docker daemon API version: '1.48'
2025-08-25T22:04:59.5723826Z ##[command]/usr/bin/docker version --format '{{.Client.APIVersion}}'
2025-08-25T22:04:59.5912401Z '1.48'
2025-08-25T22:04:59.5924956Z Docker client API version: '1.48'
2025-08-25T22:04:59.5930327Z ##[endgroup]
2025-08-25T22:04:59.5933235Z ##[group]Clean up resources from previous jobs
2025-08-25T22:04:59.5939574Z ##[command]/usr/bin/docker ps --all --quiet --no-trunc --filter "label=0d9e1d"
2025-08-25T22:04:59.6080072Z ##[command]/usr/bin/docker network prune --force --filter "label=0d9e1d"
2025-08-25T22:04:59.6247569Z ##[endgroup]
2025-08-25T22:04:59.6248086Z ##[group]Create local container network
2025-08-25T22:04:59.6258061Z ##[command]/usr/bin/docker network create --label 0d9e1d github_network_4adfa35f61a04832b18a826d6f37019b
2025-08-25T22:04:59.6751116Z 36b5d3b7f7ed7ec35836fb20bdfcedca84e4519a2030c84f1bb5bdea19291c4e
2025-08-25T22:04:59.6771687Z ##[endgroup]
2025-08-25T22:04:59.6796757Z ##[group]Starting postgres service container
2025-08-25T22:04:59.6816967Z ##[command]/usr/bin/docker pull postgres:15
2025-08-25T22:05:00.7497527Z 15: Pulling from library/postgres
2025-08-25T22:05:01.0210786Z 396b1da7636e: Pulling fs layer
2025-08-25T22:05:01.0211815Z fca2566eba32: Pulling fs layer
2025-08-25T22:05:01.0212415Z 631fe8c6d606: Pulling fs layer
2025-08-25T22:05:01.0213046Z 77c7671c4414: Pulling fs layer
2025-08-25T22:05:01.0213608Z 2d9e29180a27: Pulling fs layer
2025-08-25T22:05:01.0214166Z c6bcc2c9a041: Pulling fs layer
2025-08-25T22:05:01.0214729Z ac4b721eb66f: Pulling fs layer
2025-08-25T22:05:01.0215280Z 606bd164980e: Pulling fs layer
2025-08-25T22:05:01.0216061Z f5dfd246bc6e: Pulling fs layer
2025-08-25T22:05:01.0216677Z ba7036bb0a60: Pulling fs layer
2025-08-25T22:05:01.0217280Z 799f859abbbd: Pulling fs layer
2025-08-25T22:05:01.0217686Z d903e777080c: Pulling fs layer
2025-08-25T22:05:01.0218012Z 04adcb462801: Pulling fs layer
2025-08-25T22:05:01.0218349Z 5c10925b29ff: Pulling fs layer
2025-08-25T22:05:01.0218664Z c6bcc2c9a041: Waiting
2025-08-25T22:05:01.0218963Z ac4b721eb66f: Waiting
2025-08-25T22:05:01.0219243Z 606bd164980e: Waiting
2025-08-25T22:05:01.0219522Z f5dfd246bc6e: Waiting
2025-08-25T22:05:01.0219789Z ba7036bb0a60: Waiting
2025-08-25T22:05:01.0220057Z 799f859abbbd: Waiting
2025-08-25T22:05:01.0220351Z 5c10925b29ff: Waiting
2025-08-25T22:05:01.0220624Z d903e777080c: Waiting
2025-08-25T22:05:01.0220890Z 04adcb462801: Waiting
2025-08-25T22:05:01.0221154Z 77c7671c4414: Waiting
2025-08-25T22:05:01.0221426Z 2d9e29180a27: Waiting
2025-08-25T22:05:01.3167305Z fca2566eba32: Verifying Checksum
2025-08-25T22:05:01.3167800Z fca2566eba32: Download complete
2025-08-25T22:05:01.4460589Z 631fe8c6d606: Verifying Checksum
2025-08-25T22:05:01.4461322Z 631fe8c6d606: Download complete
2025-08-25T22:05:01.6120756Z 77c7671c4414: Verifying Checksum
2025-08-25T22:05:01.6121316Z 77c7671c4414: Download complete
2025-08-25T22:05:01.8374635Z 396b1da7636e: Verifying Checksum
2025-08-25T22:05:01.8376450Z 396b1da7636e: Download complete
2025-08-25T22:05:01.8554226Z 2d9e29180a27: Verifying Checksum
2025-08-25T22:05:01.8555935Z 2d9e29180a27: Download complete
2025-08-25T22:05:01.9117435Z c6bcc2c9a041: Verifying Checksum
2025-08-25T22:05:01.9118671Z c6bcc2c9a041: Download complete
2025-08-25T22:05:02.1190631Z ac4b721eb66f: Download complete
2025-08-25T22:05:02.1267552Z 606bd164980e: Verifying Checksum
2025-08-25T22:05:02.1268423Z 606bd164980e: Download complete
2025-08-25T22:05:02.4069472Z 799f859abbbd: Verifying Checksum
2025-08-25T22:05:02.4070036Z 799f859abbbd: Download complete
2025-08-25T22:05:02.4241771Z ba7036bb0a60: Verifying Checksum
2025-08-25T22:05:02.4243480Z ba7036bb0a60: Download complete
2025-08-25T22:05:02.7756343Z d903e777080c: Verifying Checksum
2025-08-25T22:05:02.7756841Z d903e777080c: Download complete
2025-08-25T22:05:02.7829034Z 396b1da7636e: Pull complete
2025-08-25T22:05:02.8797987Z fca2566eba32: Pull complete
2025-08-25T22:05:02.9365257Z 04adcb462801: Download complete
2025-08-25T22:05:03.0429969Z 5c10925b29ff: Verifying Checksum
2025-08-25T22:05:03.0430370Z 5c10925b29ff: Download complete
2025-08-25T22:05:03.0887134Z 631fe8c6d606: Pull complete
2025-08-25T22:05:03.1618101Z 77c7671c4414: Pull complete
2025-08-25T22:05:03.4830375Z 2d9e29180a27: Pull complete
2025-08-25T22:05:03.5725171Z c6bcc2c9a041: Pull complete
2025-08-25T22:05:03.5822486Z ac4b721eb66f: Pull complete
2025-08-25T22:05:03.6005568Z 606bd164980e: Pull complete
2025-08-25T22:05:05.0593441Z f5dfd246bc6e: Verifying Checksum
2025-08-25T22:05:05.0594064Z f5dfd246bc6e: Download complete
2025-08-25T22:05:08.0016232Z f5dfd246bc6e: Pull complete
2025-08-25T22:05:08.0197189Z ba7036bb0a60: Pull complete
2025-08-25T22:05:08.0321621Z 799f859abbbd: Pull complete
2025-08-25T22:05:08.0445156Z d903e777080c: Pull complete
2025-08-25T22:05:08.0595537Z 04adcb462801: Pull complete
2025-08-25T22:05:08.0717967Z 5c10925b29ff: Pull complete
2025-08-25T22:05:08.0763779Z Digest: sha256:bc51cf4f1fe02cce7ed2370b20128a9b00b4eb804573a77d2a0d877aaa9c82b1
2025-08-25T22:05:08.0784381Z Status: Downloaded newer image for postgres:15
2025-08-25T22:05:08.0796834Z docker.io/library/postgres:15
2025-08-25T22:05:08.0856865Z ##[command]/usr/bin/docker create --name cd375b4948b34e1e87c7b38ea50f8d9e_postgres15_008382 --label 0d9e1d --network github_network_4adfa35f61a04832b18a826d6f37019b --network-alias postgres -p 5432:5432 --health-cmd="pg_isready -U postgres -d awa" --health-interval=5s --health-timeout=5s --health-retries=10 -e "POSTGRES_USER=postgres" -e "POSTGRES_PASSWORD=pass" -e "POSTGRES_DB=awa" -e GITHUB_ACTIONS=true -e CI=true postgres:15
2025-08-25T22:05:08.1174698Z 1f47747b06d954beb8ced318d299760b9e2ba6f35ec975dbb39d66262c5b7dd4
2025-08-25T22:05:08.1197719Z ##[command]/usr/bin/docker start 1f47747b06d954beb8ced318d299760b9e2ba6f35ec975dbb39d66262c5b7dd4
2025-08-25T22:05:08.4053493Z 1f47747b06d954beb8ced318d299760b9e2ba6f35ec975dbb39d66262c5b7dd4
2025-08-25T22:05:08.4073997Z ##[command]/usr/bin/docker ps --all --filter id=1f47747b06d954beb8ced318d299760b9e2ba6f35ec975dbb39d66262c5b7dd4 --filter status=running --no-trunc --format "{{.ID}} {{.Status}}"
2025-08-25T22:05:08.4316951Z 1f47747b06d954beb8ced318d299760b9e2ba6f35ec975dbb39d66262c5b7dd4 Up Less than a second (health: starting)
2025-08-25T22:05:08.4337572Z ##[command]/usr/bin/docker port 1f47747b06d954beb8ced318d299760b9e2ba6f35ec975dbb39d66262c5b7dd4
2025-08-25T22:05:08.4482022Z 5432/tcp -> 0.0.0.0:5432
2025-08-25T22:05:08.4482677Z 5432/tcp -> [::]:5432
2025-08-25T22:05:08.4542322Z ##[endgroup]
2025-08-25T22:05:08.4554198Z ##[group]Waiting for all services to be ready
2025-08-25T22:05:08.4571349Z ##[command]/usr/bin/docker inspect --format="{{if .Config.Healthcheck}}{{print .State.Health.Status}}{{end}}" 1f47747b06d954beb8ced318d299760b9e2ba6f35ec975dbb39d66262c5b7dd4
2025-08-25T22:05:08.4693625Z starting
2025-08-25T22:05:08.4714650Z postgres service is starting, waiting 2 seconds before checking again.
2025-08-25T22:05:10.4706130Z ##[command]/usr/bin/docker inspect --format="{{if .Config.Healthcheck}}{{print .State.Health.Status}}{{end}}" 1f47747b06d954beb8ced318d299760b9e2ba6f35ec975dbb39d66262c5b7dd4
2025-08-25T22:05:10.4824307Z starting
2025-08-25T22:05:10.4838262Z postgres service is starting, waiting 3 seconds before checking again.
2025-08-25T22:05:14.0863033Z ##[command]/usr/bin/docker inspect --format="{{if .Config.Healthcheck}}{{print .State.Health.Status}}{{end}}" 1f47747b06d954beb8ced318d299760b9e2ba6f35ec975dbb39d66262c5b7dd4
2025-08-25T22:05:14.1019030Z healthy
2025-08-25T22:05:14.1035198Z postgres service is healthy.
2025-08-25T22:05:14.1035857Z ##[endgroup]
2025-08-25T22:05:14.1272018Z ##[group]Run actions/checkout@v5
2025-08-25T22:05:14.1272535Z with:
2025-08-25T22:05:14.1272707Z   fetch-depth: 0
2025-08-25T22:05:14.1272912Z   repository: AlexBomber12/AWA-App
2025-08-25T22:05:14.1273276Z   token: ***
2025-08-25T22:05:14.1273451Z   ssh-strict: true
2025-08-25T22:05:14.1273630Z   ssh-user: git
2025-08-25T22:05:14.1273815Z   persist-credentials: true
2025-08-25T22:05:14.1274025Z   clean: true
2025-08-25T22:05:14.1274204Z   sparse-checkout-cone-mode: true
2025-08-25T22:05:14.1274429Z   fetch-tags: false
2025-08-25T22:05:14.1274605Z   show-progress: true
2025-08-25T22:05:14.1274781Z   lfs: false
2025-08-25T22:05:14.1274937Z   submodules: false
2025-08-25T22:05:14.1275130Z   set-safe-directory: true
2025-08-25T22:05:14.1275849Z ##[endgroup]
2025-08-25T22:05:14.2238359Z Syncing repository: AlexBomber12/AWA-App
2025-08-25T22:05:14.2240243Z ##[group]Getting Git version info
2025-08-25T22:05:14.2240858Z Working directory is '/home/runner/work/AWA-App/AWA-App'
2025-08-25T22:05:14.2241828Z [command]/usr/bin/git version
2025-08-25T22:05:14.2242242Z git version 2.51.0
2025-08-25T22:05:14.2253349Z ##[endgroup]
2025-08-25T22:05:14.2266389Z Temporarily overriding HOME='/home/runner/work/_temp/99a11a80-d506-4360-9406-8845111615a6' before making global git config changes
2025-08-25T22:05:14.2267113Z Adding repository directory to the temporary git global config as a safe directory
2025-08-25T22:05:14.2272417Z [command]/usr/bin/git config --global --add safe.directory /home/runner/work/AWA-App/AWA-App
2025-08-25T22:05:14.2307765Z Deleting the contents of '/home/runner/work/AWA-App/AWA-App'
2025-08-25T22:05:14.2311252Z ##[group]Initializing the repository
2025-08-25T22:05:14.2315622Z [command]/usr/bin/git init /home/runner/work/AWA-App/AWA-App
2025-08-25T22:05:14.2390987Z hint: Using 'master' as the name for the initial branch. This default branch name
2025-08-25T22:05:14.2391992Z hint: is subject to change. To configure the initial branch name to use in all
2025-08-25T22:05:14.2392809Z hint: of your new repositories, which will suppress this warning, call:
2025-08-25T22:05:14.2393410Z hint:
2025-08-25T22:05:14.2393869Z hint: 	git config --global init.defaultBranch <name>
2025-08-25T22:05:14.2394364Z hint:
2025-08-25T22:05:14.2394939Z hint: Names commonly chosen instead of 'master' are 'main', 'trunk' and
2025-08-25T22:05:14.2395977Z hint: 'development'. The just-created branch can be renamed via this command:
2025-08-25T22:05:14.2396644Z hint:
2025-08-25T22:05:14.2396975Z hint: 	git branch -m <name>
2025-08-25T22:05:14.2397342Z hint:
2025-08-25T22:05:14.2397797Z hint: Disable this message with "git config set advice.defaultBranchName false"
2025-08-25T22:05:14.2398604Z Initialized empty Git repository in /home/runner/work/AWA-App/AWA-App/.git/
2025-08-25T22:05:14.2405867Z [command]/usr/bin/git remote add origin https://github.com/AlexBomber12/AWA-App
2025-08-25T22:05:14.2441020Z ##[endgroup]
2025-08-25T22:05:14.2441495Z ##[group]Disabling automatic garbage collection
2025-08-25T22:05:14.2444593Z [command]/usr/bin/git config --local gc.auto 0
2025-08-25T22:05:14.2471148Z ##[endgroup]
2025-08-25T22:05:14.2471580Z ##[group]Setting up auth
2025-08-25T22:05:14.2477383Z [command]/usr/bin/git config --local --name-only --get-regexp core\.sshCommand
2025-08-25T22:05:14.2507924Z [command]/usr/bin/git submodule foreach --recursive sh -c "git config --local --name-only --get-regexp 'core\.sshCommand' && git config --local --unset-all 'core.sshCommand' || :"
2025-08-25T22:05:14.2821870Z [command]/usr/bin/git config --local --name-only --get-regexp http\.https\:\/\/github\.com\/\.extraheader
2025-08-25T22:05:14.2849668Z [command]/usr/bin/git submodule foreach --recursive sh -c "git config --local --name-only --get-regexp 'http\.https\:\/\/github\.com\/\.extraheader' && git config --local --unset-all 'http.https://github.com/.extraheader' || :"
2025-08-25T22:05:14.3066658Z [command]/usr/bin/git config --local http.https://github.com/.extraheader AUTHORIZATION: basic ***
2025-08-25T22:05:14.3099536Z ##[endgroup]
2025-08-25T22:05:14.3100316Z ##[group]Fetching the repository
2025-08-25T22:05:14.3108397Z [command]/usr/bin/git -c protocol.version=2 fetch --prune --no-recurse-submodules origin +refs/heads/*:refs/remotes/origin/* +refs/tags/*:refs/tags/*
2025-08-25T22:05:18.9649705Z From https://github.com/AlexBomber12/AWA-App
2025-08-25T22:05:18.9651050Z  * [new branch]        codex/enable-ci-log-persistence -> origin/codex/enable-ci-log-persistence
2025-08-25T22:05:18.9652661Z  * [new branch]        codex/fix-indentation-in-collect-logs-workflow -> origin/codex/fix-indentation-in-collect-logs-workflow
2025-08-25T22:05:18.9653955Z  * [new branch]        codex/fix-the-error -> origin/codex/fix-the-error
2025-08-25T22:05:18.9654905Z  * [new branch]        codex/fix-the-error-03gdwk -> origin/codex/fix-the-error-03gdwk
2025-08-25T22:05:18.9656121Z  * [new branch]        codex/fix-the-error-5nznl4 -> origin/codex/fix-the-error-5nznl4
2025-08-25T22:05:18.9657159Z  * [new branch]        codex/fix-the-error-s9ky5y -> origin/codex/fix-the-error-s9ky5y
2025-08-25T22:05:18.9658516Z  * [new branch]        codex/update-collect-logs.yml-for-log-persistence -> origin/codex/update-collect-logs.yml-for-log-persistence
2025-08-25T22:05:18.9659694Z  * [new branch]        main                -> origin/main
2025-08-25T22:05:18.9660261Z  * [new tag]           0.3.0               -> 0.3.0
2025-08-25T22:05:18.9702858Z [command]/usr/bin/git branch --list --remote origin/main
2025-08-25T22:05:18.9726617Z   origin/main
2025-08-25T22:05:18.9734971Z [command]/usr/bin/git rev-parse refs/remotes/origin/main
2025-08-25T22:05:18.9754914Z ae504e87374be0b94461ae5a204fae1ce0502c66
2025-08-25T22:05:18.9759045Z ##[endgroup]
2025-08-25T22:05:18.9759600Z ##[group]Determining the checkout info
2025-08-25T22:05:18.9762038Z ##[endgroup]
2025-08-25T22:05:18.9765258Z [command]/usr/bin/git sparse-checkout disable
2025-08-25T22:05:18.9803287Z [command]/usr/bin/git config --local --unset-all extensions.worktreeConfig
2025-08-25T22:05:18.9828366Z ##[group]Checking out the ref
2025-08-25T22:05:18.9832658Z [command]/usr/bin/git checkout --progress --force -B main refs/remotes/origin/main
2025-08-25T22:05:19.0157087Z Switched to a new branch 'main'
2025-08-25T22:05:19.0159667Z branch 'main' set up to track 'origin/main'.
2025-08-25T22:05:19.0201071Z ##[endgroup]
2025-08-25T22:05:19.0204989Z [command]/usr/bin/git log -1 --format=%H
2025-08-25T22:05:19.0227042Z ae504e87374be0b94461ae5a204fae1ce0502c66
2025-08-25T22:05:19.0394581Z ##[group]Run cat .env.ci >> "$GITHUB_ENV"
2025-08-25T22:05:19.0394918Z [36;1mcat .env.ci >> "$GITHUB_ENV"[0m
2025-08-25T22:05:19.0395858Z [36;1mecho "DATABASE_URL=***localhost:5432/awa" >> "$GITHUB_ENV"[0m
2025-08-25T22:05:19.0396224Z [36;1mecho "PG_HOST=localhost" >> "$GITHUB_ENV"[0m
2025-08-25T22:05:19.0396523Z [36;1mecho "PG_PORT=5432" >> "$GITHUB_ENV"[0m
2025-08-25T22:05:19.0396797Z [36;1mecho "PG_USER=postgres" >> "$GITHUB_ENV"[0m
2025-08-25T22:05:19.0397082Z [36;1mecho "PG_PASSWORD=pass" >> "$GITHUB_ENV"[0m
2025-08-25T22:05:19.0397368Z [36;1mecho "PG_DATABASE=awa" >> "$GITHUB_ENV"[0m
2025-08-25T22:05:19.0397642Z [36;1mecho "TESTING=1" >> "$GITHUB_ENV"[0m
2025-08-25T22:05:19.0441716Z shell: /usr/bin/bash -e {0}
2025-08-25T22:05:19.0441947Z ##[endgroup]
2025-08-25T22:05:19.0613246Z ##[group]Run actions/setup-python@v5
2025-08-25T22:05:19.0613526Z with:
2025-08-25T22:05:19.0613709Z   python-version: 3.11
2025-08-25T22:05:19.0613902Z   cache: pip
2025-08-25T22:05:19.0614128Z   cache-dependency-path: requirements-dev.txt

2025-08-25T22:05:19.0614452Z   check-latest: false
2025-08-25T22:05:19.0614760Z   token: ***
2025-08-25T22:05:19.0614939Z   update-environment: true
2025-08-25T22:05:19.0615155Z   allow-prereleases: false
2025-08-25T22:05:19.0615636Z   freethreaded: false
2025-08-25T22:05:19.0615824Z env:
2025-08-25T22:05:19.0615984Z   PG_USER: postgres
2025-08-25T22:05:19.0616167Z   PG_PASSWORD: pass
2025-08-25T22:05:19.0616344Z   PG_DATABASE: awa
2025-08-25T22:05:19.0616513Z   PG_HOST: localhost
2025-08-25T22:05:19.0616694Z   PG_PORT: 5432
2025-08-25T22:05:19.0617077Z   PG_SYNC_DSN: ***localhost:5432/awa
2025-08-25T22:05:19.0617464Z   PG_ASYNC_DSN: ***localhost:5432/awa
2025-08-25T22:05:19.0617846Z   DATABASE_URL: ***localhost:5432/awa
2025-08-25T22:05:19.0618099Z   DATA_DIR: /tmp/awa-data
2025-08-25T22:05:19.0618287Z   ENABLE_LIVE: 0
2025-08-25T22:05:19.0618452Z   TESTING: 1
2025-08-25T22:05:19.0618608Z ##[endgroup]
2025-08-25T22:05:19.2257263Z ##[group]Installed versions
2025-08-25T22:05:19.2363979Z Successfully set up CPython (3.11.13)
2025-08-25T22:05:19.2364771Z ##[endgroup]
2025-08-25T22:05:19.2768124Z [command]/opt/hostedtoolcache/Python/3.11.13/x64/bin/pip cache dir
2025-08-25T22:05:20.5228923Z /home/runner/.cache/pip
2025-08-25T22:05:20.8272630Z Cache hit for: setup-python-Linux-x64-24.04-Ubuntu-python-3.11.13-pip-cc13ccef493b9f3a93ad5651164d9fb09282c1111f6f72ce20e0657de16de6b4
2025-08-25T22:05:22.1489818Z Received 0 of 309815432 (0.0%), 0.0 MBs/sec
2025-08-25T22:05:23.1492737Z Received 113246208 of 309815432 (36.6%), 53.9 MBs/sec
2025-08-25T22:05:24.1502777Z Received 218103808 of 309815432 (70.4%), 69.3 MBs/sec
2025-08-25T22:05:25.1566915Z Received 305621128 of 309815432 (98.6%), 72.8 MBs/sec
2025-08-25T22:05:25.2439337Z Received 309815432 of 309815432 (100.0%), 72.1 MBs/sec
2025-08-25T22:05:25.2441834Z Cache Size: ~295 MB (309815432 B)
2025-08-25T22:05:25.2481917Z [command]/usr/bin/tar -xf /home/runner/work/_temp/6a849c98-1870-433d-bba6-700f96b1e4db/cache.tzst -P -C /home/runner/work/AWA-App/AWA-App --use-compress-program unzstd
2025-08-25T22:05:25.7728307Z Cache restored successfully
2025-08-25T22:05:25.8316682Z Cache restored from key: setup-python-Linux-x64-24.04-Ubuntu-python-3.11.13-pip-cc13ccef493b9f3a93ad5651164d9fb09282c1111f6f72ce20e0657de16de6b4
2025-08-25T22:05:25.9017623Z ##[group]Run actions/cache@v4
2025-08-25T22:05:25.9017882Z with:
2025-08-25T22:05:25.9018114Z   path: ~/.cache/pip
.pytest_cache
~/.ruff_cache

2025-08-25T22:05:25.9018543Z   key: Linux-int-cc13ccef493b9f3a93ad5651164d9fb09282c1111f6f72ce20e0657de16de6b4
2025-08-25T22:05:25.9018939Z   restore-keys: Linux-int-
2025-08-25T22:05:25.9019161Z   enableCrossOsArchive: false
2025-08-25T22:05:25.9019387Z   fail-on-cache-miss: false
2025-08-25T22:05:25.9019598Z   lookup-only: false
2025-08-25T22:05:25.9019782Z   save-always: false
2025-08-25T22:05:25.9019964Z env:
2025-08-25T22:05:25.9020128Z   PG_USER: postgres
2025-08-25T22:05:25.9020313Z   PG_PASSWORD: pass
2025-08-25T22:05:25.9020497Z   PG_DATABASE: awa
2025-08-25T22:05:25.9020681Z   PG_HOST: localhost
2025-08-25T22:05:25.9020858Z   PG_PORT: 5432
2025-08-25T22:05:25.9021320Z   PG_SYNC_DSN: ***localhost:5432/awa
2025-08-25T22:05:25.9021782Z   PG_ASYNC_DSN: ***localhost:5432/awa
2025-08-25T22:05:25.9022212Z   DATABASE_URL: ***localhost:5432/awa
2025-08-25T22:05:25.9022453Z   DATA_DIR: /tmp/awa-data
2025-08-25T22:05:25.9022662Z   ENABLE_LIVE: 0
2025-08-25T22:05:25.9022837Z   TESTING: 1
2025-08-25T22:05:25.9023075Z   pythonLocation: /opt/hostedtoolcache/Python/3.11.13/x64
2025-08-25T22:05:25.9023476Z   PKG_CONFIG_PATH: /opt/hostedtoolcache/Python/3.11.13/x64/lib/pkgconfig
2025-08-25T22:05:25.9023869Z   Python_ROOT_DIR: /opt/hostedtoolcache/Python/3.11.13/x64
2025-08-25T22:05:25.9024218Z   Python2_ROOT_DIR: /opt/hostedtoolcache/Python/3.11.13/x64
2025-08-25T22:05:25.9024561Z   Python3_ROOT_DIR: /opt/hostedtoolcache/Python/3.11.13/x64
2025-08-25T22:05:25.9024911Z   LD_LIBRARY_PATH: /opt/hostedtoolcache/Python/3.11.13/x64/lib
2025-08-25T22:05:25.9025209Z ##[endgroup]
2025-08-25T22:05:26.3077671Z Cache hit for: Linux-int-cc13ccef493b9f3a93ad5651164d9fb09282c1111f6f72ce20e0657de16de6b4
2025-08-25T22:05:27.6989115Z Received 4194304 of 309817358 (1.4%), 4.0 MBs/sec
2025-08-25T22:05:28.6992602Z Received 121634816 of 309817358 (39.3%), 58.0 MBs/sec
2025-08-25T22:05:29.6990422Z Received 222298112 of 309817358 (71.8%), 70.7 MBs/sec
2025-08-25T22:05:30.6443176Z Received 309817358 of 309817358 (100.0%), 74.9 MBs/sec
2025-08-25T22:05:30.6445704Z Cache Size: ~295 MB (309817358 B)
2025-08-25T22:05:30.6483799Z [command]/usr/bin/tar -xf /home/runner/work/_temp/2349a446-1327-473a-8394-6113647790d1/cache.tzst -P -C /home/runner/work/AWA-App/AWA-App --use-compress-program unzstd
2025-08-25T22:05:31.1963013Z Cache restored successfully
2025-08-25T22:05:31.2652695Z Cache restored from key: Linux-int-cc13ccef493b9f3a93ad5651164d9fb09282c1111f6f72ce20e0657de16de6b4
2025-08-25T22:05:31.2772221Z ##[group]Run pip install --break-system-packages -r requirements-dev.txt
2025-08-25T22:05:31.2772828Z [36;1mpip install --break-system-packages -r requirements-dev.txt[0m
2025-08-25T22:05:31.2773317Z [36;1mpip install --break-system-packages keepa==1.3.15 minio==7.1.15[0m
2025-08-25T22:05:31.2816500Z shell: /usr/bin/bash -e {0}
2025-08-25T22:05:31.2816766Z env:
2025-08-25T22:05:31.2816953Z   PG_USER: postgres
2025-08-25T22:05:31.2817163Z   PG_PASSWORD: pass
2025-08-25T22:05:31.2817361Z   PG_DATABASE: awa
2025-08-25T22:05:31.2817559Z   PG_HOST: localhost
2025-08-25T22:05:31.2817763Z   PG_PORT: 5432
2025-08-25T22:05:31.2818246Z   PG_SYNC_DSN: ***localhost:5432/awa
2025-08-25T22:05:31.2818699Z   PG_ASYNC_DSN: ***localhost:5432/awa
2025-08-25T22:05:31.2819115Z   DATABASE_URL: ***localhost:5432/awa
2025-08-25T22:05:31.2819375Z   DATA_DIR: /tmp/awa-data
2025-08-25T22:05:31.2819592Z   ENABLE_LIVE: 0
2025-08-25T22:05:31.2819779Z   TESTING: 1
2025-08-25T22:05:31.2820058Z   pythonLocation: /opt/hostedtoolcache/Python/3.11.13/x64
2025-08-25T22:05:31.2820478Z   PKG_CONFIG_PATH: /opt/hostedtoolcache/Python/3.11.13/x64/lib/pkgconfig
2025-08-25T22:05:31.2820907Z   Python_ROOT_DIR: /opt/hostedtoolcache/Python/3.11.13/x64
2025-08-25T22:05:31.2821283Z   Python2_ROOT_DIR: /opt/hostedtoolcache/Python/3.11.13/x64
2025-08-25T22:05:31.2821660Z   Python3_ROOT_DIR: /opt/hostedtoolcache/Python/3.11.13/x64
2025-08-25T22:05:31.2822221Z   LD_LIBRARY_PATH: /opt/hostedtoolcache/Python/3.11.13/x64/lib
2025-08-25T22:05:31.2822539Z ##[endgroup]
2025-08-25T22:05:32.5648515Z Collecting Jinja2==3.1.6 (from -r requirements-dev.txt (line 2))
2025-08-25T22:05:32.5663812Z   Using cached jinja2-3.1.6-py3-none-any.whl.metadata (2.9 kB)
2025-08-25T22:05:32.5867425Z Collecting alembic==1.16.4 (from -r requirements-dev.txt (line 3))
2025-08-25T22:05:32.5881359Z   Using cached alembic-1.16.4-py3-none-any.whl.metadata (7.3 kB)
2025-08-25T22:05:32.6046138Z Collecting apscheduler==3.10.4 (from -r requirements-dev.txt (line 4))
2025-08-25T22:05:32.6059600Z   Using cached APScheduler-3.10.4-py3-none-any.whl.metadata (5.7 kB)
2025-08-25T22:05:32.6215933Z Collecting asgi-correlation-id==4.3.1 (from -r requirements-dev.txt (line 5))
2025-08-25T22:05:32.6230051Z   Using cached asgi_correlation_id-4.3.1-py3-none-any.whl.metadata (28 kB)
2025-08-25T22:05:32.6686224Z Collecting asyncpg==0.30.0 (from -r requirements-dev.txt (line 6))
2025-08-25T22:05:32.6699911Z   Using cached asyncpg-0.30.0-cp311-cp311-manylinux_2_17_x86_64.manylinux2014_x86_64.whl.metadata (5.0 kB)
2025-08-25T22:05:32.7097180Z Collecting black==25.1.0 (from -r requirements-dev.txt (line 7))
2025-08-25T22:05:32.7110874Z   Using cached black-25.1.0-cp311-cp311-manylinux_2_17_x86_64.manylinux2014_x86_64.manylinux_2_28_x86_64.whl.metadata (81 kB)
2025-08-25T22:05:33.0288586Z Collecting boto3 (from -r requirements-dev.txt (line 8))
2025-08-25T22:05:33.0673871Z   Downloading boto3-1.40.17-py3-none-any.whl.metadata (6.7 kB)
2025-08-25T22:05:33.0955070Z Collecting redis==6.* (from -r requirements-dev.txt (line 9))
2025-08-25T22:05:33.0969675Z   Using cached redis-6.4.0-py3-none-any.whl.metadata (10 kB)
2025-08-25T22:05:33.1251221Z Collecting minio==7.* (from -r requirements-dev.txt (line 10))
2025-08-25T22:05:33.1264581Z   Using cached minio-7.2.16-py3-none-any.whl.metadata (6.5 kB)
2025-08-25T22:05:33.1429257Z Collecting vulture==2.10 (from -r requirements-dev.txt (line 11))
2025-08-25T22:05:33.1442732Z   Using cached vulture-2.10-py2.py3-none-any.whl.metadata (23 kB)
2025-08-25T22:05:33.1734483Z Collecting celery==5.5.3 (from -r requirements-dev.txt (line 12))
2025-08-25T22:05:33.1748195Z   Using cached celery-5.5.3-py3-none-any.whl.metadata (22 kB)
2025-08-25T22:05:33.2250310Z Collecting fastapi==0.116.1 (from -r requirements-dev.txt (line 13))
2025-08-25T22:05:33.2263625Z   Using cached fastapi-0.116.1-py3-none-any.whl.metadata (28 kB)
2025-08-25T22:05:33.2399423Z Collecting fastapi-limiter==0.1.6 (from -r requirements-dev.txt (line 15))
2025-08-25T22:05:33.2413204Z   Using cached fastapi_limiter-0.1.6-py3-none-any.whl.metadata (5.3 kB)
2025-08-25T22:05:33.2578550Z Collecting httpx<0.29,>=0.27 (from -r requirements-dev.txt (line 16))
2025-08-25T22:05:33.2591892Z   Using cached httpx-0.28.1-py3-none-any.whl.metadata (7.1 kB)
2025-08-25T22:05:33.2700598Z Collecting imapclient==3.0.1 (from -r requirements-dev.txt (line 17))
2025-08-25T22:05:33.2714046Z   Using cached IMAPClient-3.0.1-py2.py3-none-any.whl.metadata (1.7 kB)
2025-08-25T22:05:33.2900896Z Collecting itsdangerous (from -r requirements-dev.txt (line 18))
2025-08-25T22:05:33.2914268Z   Using cached itsdangerous-2.2.0-py3-none-any.whl.metadata (1.9 kB)
2025-08-25T22:05:33.3950669Z Collecting mypy==1.* (from -r requirements-dev.txt (line 19))
2025-08-25T22:05:33.3965823Z   Using cached mypy-1.17.1-cp311-cp311-manylinux2014_x86_64.manylinux_2_17_x86_64.manylinux_2_28_x86_64.whl.metadata (2.2 kB)
2025-08-25T22:05:33.4049906Z Collecting mypy-extensions==1.1.0 (from -r requirements-dev.txt (line 20))
2025-08-25T22:05:33.4063429Z   Using cached mypy_extensions-1.1.0-py3-none-any.whl.metadata (1.1 kB)
2025-08-25T22:05:33.5587316Z Collecting numpy<2 (from -r requirements-dev.txt (line 21))
2025-08-25T22:05:33.5602131Z   Using cached numpy-1.26.4-cp311-cp311-manylinux_2_17_x86_64.manylinux2014_x86_64.whl.metadata (61 kB)
2025-08-25T22:05:33.5841231Z Collecting openpyxl==3.1.5 (from -r requirements-dev.txt (line 22))
2025-08-25T22:05:33.5854658Z   Using cached openpyxl-3.1.5-py2.py3-none-any.whl.metadata (2.5 kB)
2025-08-25T22:05:33.7062438Z Collecting pandas==2.2.* (from -r requirements-dev.txt (line 23))
2025-08-25T22:05:33.7076602Z   Using cached pandas-2.2.3-cp311-cp311-manylinux_2_17_x86_64.manylinux2014_x86_64.whl.metadata (89 kB)
2025-08-25T22:05:33.7978056Z Collecting psycopg2-binary==2.9.10 (from -r requirements-dev.txt (line 24))
2025-08-25T22:05:33.7992719Z   Using cached psycopg2_binary-2.9.10-cp311-cp311-manylinux_2_17_x86_64.manylinux2014_x86_64.whl.metadata (4.9 kB)
2025-08-25T22:05:33.8142815Z Collecting psycopg==3.2.9 (from psycopg[binary]==3.2.9->-r requirements-dev.txt (line 25))
2025-08-25T22:05:33.8375921Z   Using cached psycopg-3.2.9-py3-none-any.whl.metadata (4.5 kB)
2025-08-25T22:05:33.9388510Z Collecting pydantic==2.11.7 (from -r requirements-dev.txt (line 26))
2025-08-25T22:05:33.9401572Z   Using cached pydantic-2.11.7-py3-none-any.whl.metadata (67 kB)
2025-08-25T22:05:33.9437811Z Requirement already satisfied: setuptools in /opt/hostedtoolcache/Python/3.11.13/x64/lib/python3.11/site-packages (from -r requirements-dev.txt (line 27)) (65.5.0)
2025-08-25T22:05:33.9597073Z Collecting pytest-asyncio==1.1.0 (from -r requirements-dev.txt (line 28))
2025-08-25T22:05:33.9610080Z   Using cached pytest_asyncio-1.1.0-py3-none-any.whl.metadata (4.1 kB)
2025-08-25T22:05:33.9730172Z Collecting pytest-cov==6.2.1 (from -r requirements-dev.txt (line 29))
2025-08-25T22:05:33.9743260Z   Using cached pytest_cov-6.2.1-py3-none-any.whl.metadata (30 kB)
2025-08-25T22:05:33.9871702Z Collecting pytest-postgresql==7.0.2 (from -r requirements-dev.txt (line 30))
2025-08-25T22:05:33.9884721Z   Using cached pytest_postgresql-7.0.2-py3-none-any.whl.metadata (18 kB)
2025-08-25T22:05:34.0063546Z Collecting python-dotenv (from -r requirements-dev.txt (line 31))
2025-08-25T22:05:34.0076951Z   Using cached python_dotenv-1.1.1-py3-none-any.whl.metadata (24 kB)
2025-08-25T22:05:34.0179350Z Collecting python-multipart (from -r requirements-dev.txt (line 32))
2025-08-25T22:05:34.0192527Z   Using cached python_multipart-0.0.20-py3-none-any.whl.metadata (1.8 kB)
2025-08-25T22:05:34.0475793Z Collecting python-telegram-bot==22.3 (from -r requirements-dev.txt (line 33))
2025-08-25T22:05:34.0488683Z   Using cached python_telegram_bot-22.3-py3-none-any.whl.metadata (17 kB)
2025-08-25T22:05:34.0738003Z Collecting requests==2.32.4 (from -r requirements-dev.txt (line 34))
2025-08-25T22:05:34.0751525Z   Using cached requests-2.32.4-py3-none-any.whl.metadata (4.9 kB)
2025-08-25T22:05:34.0894469Z Collecting respx==0.22.0 (from -r requirements-dev.txt (line 35))
2025-08-25T22:05:34.0907729Z   Using cached respx-0.22.0-py2.py3-none-any.whl.metadata (4.1 kB)
2025-08-25T22:05:34.4513234Z Collecting ruff==0.9.9 (from -r requirements-dev.txt (line 36))
2025-08-25T22:05:34.4528467Z   Using cached ruff-0.9.9-py3-none-manylinux_2_17_x86_64.manylinux2014_x86_64.whl.metadata (25 kB)
2025-08-25T22:05:34.6907839Z Collecting sqlalchemy==2.0.43 (from -r requirements-dev.txt (line 37))
2025-08-25T22:05:34.6927320Z   Using cached sqlalchemy-2.0.43-cp311-cp311-manylinux_2_17_x86_64.manylinux2014_x86_64.whl.metadata (9.6 kB)
2025-08-25T22:05:34.7111901Z Collecting structlog==24.1.0 (from -r requirements-dev.txt (line 38))
2025-08-25T22:05:34.7125273Z   Using cached structlog-24.1.0-py3-none-any.whl.metadata (6.9 kB)
2025-08-25T22:05:34.7280728Z Collecting testcontainers==4.12.0 (from testcontainers[postgres]==4.12.0->-r requirements-dev.txt (line 39))
2025-08-25T22:05:34.7293854Z   Using cached testcontainers-4.12.0-py3-none-any.whl.metadata (8.3 kB)
2025-08-25T22:05:34.7629553Z Collecting types-requests==2.32.4.20250809 (from -r requirements-dev.txt (line 40))
2025-08-25T22:05:34.7643091Z   Using cached types_requests-2.32.4.20250809-py3-none-any.whl.metadata (2.0 kB)
2025-08-25T22:05:34.7769234Z Collecting docspec-python==2.2.2 (from -r requirements-dev.txt (line 41))
2025-08-25T22:05:34.7782390Z   Using cached docspec_python-2.2.2-py3-none-any.whl.metadata (1.0 kB)
2025-08-25T22:05:34.7937118Z Collecting pydoc-markdown==4.8.2 (from -r requirements-dev.txt (line 42))
2025-08-25T22:05:34.7950106Z   Using cached pydoc_markdown-4.8.2-py3-none-any.whl.metadata (5.9 kB)
2025-08-25T22:05:34.8202155Z Collecting pandera==0.19.* (from -r requirements-dev.txt (line 43))
2025-08-25T22:05:34.8214886Z   Using cached pandera-0.19.3-py3-none-any.whl.metadata (15 kB)
2025-08-25T22:05:34.9146000Z Collecting MarkupSafe>=2.0 (from Jinja2==3.1.6->-r requirements-dev.txt (line 2))
2025-08-25T22:05:34.9160434Z   Using cached MarkupSafe-3.0.2-cp311-cp311-manylinux_2_17_x86_64.manylinux2014_x86_64.whl.metadata (4.0 kB)
2025-08-25T22:05:34.9382299Z Collecting Mako (from alembic==1.16.4->-r requirements-dev.txt (line 3))
2025-08-25T22:05:34.9395632Z   Using cached mako-1.3.10-py3-none-any.whl.metadata (2.9 kB)
2025-08-25T22:05:34.9571009Z Collecting typing-extensions>=4.12 (from alembic==1.16.4->-r requirements-dev.txt (line 3))
2025-08-25T22:05:34.9577916Z   Downloading typing_extensions-4.15.0-py3-none-any.whl.metadata (3.3 kB)
2025-08-25T22:05:34.9713362Z Collecting six>=1.4.0 (from apscheduler==3.10.4->-r requirements-dev.txt (line 4))
2025-08-25T22:05:34.9727113Z   Using cached six-1.17.0-py2.py3-none-any.whl.metadata (1.7 kB)
2025-08-25T22:05:35.0030519Z Collecting pytz (from apscheduler==3.10.4->-r requirements-dev.txt (line 4))
2025-08-25T22:05:35.0044430Z   Using cached pytz-2025.2-py2.py3-none-any.whl.metadata (22 kB)
2025-08-25T22:05:35.0185105Z Collecting tzlocal!=3.*,>=2.0 (from apscheduler==3.10.4->-r requirements-dev.txt (line 4))
2025-08-25T22:05:35.0198625Z   Using cached tzlocal-5.3.1-py3-none-any.whl.metadata (7.6 kB)
2025-08-25T22:05:35.0474163Z Collecting starlette>=0.18 (from asgi-correlation-id==4.3.1->-r requirements-dev.txt (line 5))
2025-08-25T22:05:35.0502894Z   Downloading starlette-0.47.3-py3-none-any.whl.metadata (6.2 kB)
2025-08-25T22:05:35.0685881Z Collecting click>=8.0.0 (from black==25.1.0->-r requirements-dev.txt (line 7))
2025-08-25T22:05:35.0699570Z   Using cached click-8.2.1-py3-none-any.whl.metadata (2.5 kB)
2025-08-25T22:05:35.0829873Z Collecting packaging>=22.0 (from black==25.1.0->-r requirements-dev.txt (line 7))
2025-08-25T22:05:35.0843259Z   Using cached packaging-25.0-py3-none-any.whl.metadata (3.3 kB)
2025-08-25T22:05:35.0937011Z Collecting pathspec>=0.9.0 (from black==25.1.0->-r requirements-dev.txt (line 7))
2025-08-25T22:05:35.0950306Z   Using cached pathspec-0.12.1-py3-none-any.whl.metadata (21 kB)
2025-08-25T22:05:35.1110335Z Collecting platformdirs>=2 (from black==25.1.0->-r requirements-dev.txt (line 7))
2025-08-25T22:05:35.1123971Z   Using cached platformdirs-4.3.8-py3-none-any.whl.metadata (12 kB)
2025-08-25T22:05:35.1279954Z Collecting toml (from vulture==2.10->-r requirements-dev.txt (line 11))
2025-08-25T22:05:35.1293305Z   Using cached toml-0.10.2-py2.py3-none-any.whl.metadata (7.1 kB)
2025-08-25T22:05:35.1437712Z Collecting billiard<5.0,>=4.2.1 (from celery==5.5.3->-r requirements-dev.txt (line 12))
2025-08-25T22:05:35.1451058Z   Using cached billiard-4.2.1-py3-none-any.whl.metadata (4.4 kB)
2025-08-25T22:05:35.1687898Z Collecting kombu<5.6,>=5.5.2 (from celery==5.5.3->-r requirements-dev.txt (line 12))
2025-08-25T22:05:35.1701076Z   Using cached kombu-5.5.4-py3-none-any.whl.metadata (3.5 kB)
2025-08-25T22:05:35.1828239Z Collecting vine<6.0,>=5.1.0 (from celery==5.5.3->-r requirements-dev.txt (line 12))
2025-08-25T22:05:35.1841307Z   Using cached vine-5.1.0-py3-none-any.whl.metadata (2.7 kB)
2025-08-25T22:05:35.1965720Z Collecting click-didyoumean>=0.3.0 (from celery==5.5.3->-r requirements-dev.txt (line 12))
2025-08-25T22:05:35.1979173Z   Using cached click_didyoumean-0.3.1-py3-none-any.whl.metadata (3.9 kB)
2025-08-25T22:05:35.2054395Z Collecting click-repl>=0.2.0 (from celery==5.5.3->-r requirements-dev.txt (line 12))
2025-08-25T22:05:35.2067682Z   Using cached click_repl-0.3.0-py3-none-any.whl.metadata (3.6 kB)
2025-08-25T22:05:35.2141083Z Collecting click-plugins>=1.1.1 (from celery==5.5.3->-r requirements-dev.txt (line 12))
2025-08-25T22:05:35.2154373Z   Using cached click_plugins-1.1.1.2-py2.py3-none-any.whl.metadata (6.5 kB)
2025-08-25T22:05:35.2257828Z Collecting python-dateutil>=2.8.2 (from celery==5.5.3->-r requirements-dev.txt (line 12))
2025-08-25T22:05:35.2271418Z   Using cached python_dateutil-2.9.0.post0-py2.py3-none-any.whl.metadata (8.4 kB)
2025-08-25T22:05:35.2793741Z Collecting annotated-types>=0.6.0 (from pydantic==2.11.7->-r requirements-dev.txt (line 26))
2025-08-25T22:05:35.2807282Z   Using cached annotated_types-0.7.0-py3-none-any.whl.metadata (15 kB)
2025-08-25T22:05:35.9073535Z Collecting pydantic-core==2.33.2 (from pydantic==2.11.7->-r requirements-dev.txt (line 26))
2025-08-25T22:05:35.9089523Z   Using cached pydantic_core-2.33.2-cp311-cp311-manylinux_2_17_x86_64.manylinux2014_x86_64.whl.metadata (6.8 kB)
2025-08-25T22:05:35.9201240Z Collecting typing-inspection>=0.4.0 (from pydantic==2.11.7->-r requirements-dev.txt (line 26))
2025-08-25T22:05:35.9214911Z   Using cached typing_inspection-0.4.1-py3-none-any.whl.metadata (2.6 kB)
2025-08-25T22:05:35.9433925Z Collecting et-xmlfile (from openpyxl==3.1.5->-r requirements-dev.txt (line 22))
2025-08-25T22:05:35.9447574Z   Using cached et_xmlfile-2.0.0-py3-none-any.whl.metadata (2.7 kB)
2025-08-25T22:05:35.9798378Z Collecting pytest<9,>=8.2 (from pytest-asyncio==1.1.0->-r requirements-dev.txt (line 28))
2025-08-25T22:05:35.9811824Z   Using cached pytest-8.4.1-py3-none-any.whl.metadata (7.7 kB)
2025-08-25T22:05:36.3756556Z Collecting coverage>=7.5 (from coverage[toml]>=7.5->pytest-cov==6.2.1->-r requirements-dev.txt (line 29))
2025-08-25T22:05:36.3789312Z   Downloading coverage-7.10.5-cp311-cp311-manylinux1_x86_64.manylinux_2_28_x86_64.manylinux_2_5_x86_64.whl.metadata (8.9 kB)
2025-08-25T22:05:36.3915501Z Collecting pluggy>=1.2 (from pytest-cov==6.2.1->-r requirements-dev.txt (line 29))
2025-08-25T22:05:36.3928803Z   Using cached pluggy-1.6.0-py3-none-any.whl.metadata (4.8 kB)
2025-08-25T22:05:36.4120964Z Collecting port-for>=0.7.3 (from pytest-postgresql==7.0.2->-r requirements-dev.txt (line 30))
2025-08-25T22:05:36.4133826Z   Using cached port_for-0.7.4-py3-none-any.whl.metadata (7.1 kB)
2025-08-25T22:05:36.4244951Z Collecting mirakuru>=2.6.0 (from pytest-postgresql==7.0.2->-r requirements-dev.txt (line 30))
2025-08-25T22:05:36.4258097Z   Using cached mirakuru-2.6.1-py3-none-any.whl.metadata (10 kB)
2025-08-25T22:05:36.5026156Z Collecting charset_normalizer<4,>=2 (from requests==2.32.4->-r requirements-dev.txt (line 34))
2025-08-25T22:05:36.5039792Z   Using cached charset_normalizer-3.4.3-cp311-cp311-manylinux2014_x86_64.manylinux_2_17_x86_64.manylinux_2_28_x86_64.whl.metadata (36 kB)
2025-08-25T22:05:36.5176163Z Collecting idna<4,>=2.5 (from requests==2.32.4->-r requirements-dev.txt (line 34))
2025-08-25T22:05:36.5188701Z   Using cached idna-3.10-py3-none-any.whl.metadata (10 kB)
2025-08-25T22:05:36.5424733Z Collecting urllib3<3,>=1.21.1 (from requests==2.32.4->-r requirements-dev.txt (line 34))
2025-08-25T22:05:36.5437695Z   Using cached urllib3-2.5.0-py3-none-any.whl.metadata (6.5 kB)
2025-08-25T22:05:36.5608711Z Collecting certifi>=2017.4.17 (from requests==2.32.4->-r requirements-dev.txt (line 34))
2025-08-25T22:05:36.5621550Z   Using cached certifi-2025.8.3-py3-none-any.whl.metadata (2.4 kB)
2025-08-25T22:05:36.6783237Z Collecting greenlet>=1 (from sqlalchemy==2.0.43->-r requirements-dev.txt (line 37))
2025-08-25T22:05:36.6796988Z   Using cached greenlet-3.2.4-cp311-cp311-manylinux_2_24_x86_64.manylinux_2_28_x86_64.whl.metadata (4.1 kB)
2025-08-25T22:05:36.6998289Z Collecting docker (from testcontainers==4.12.0->testcontainers[postgres]==4.12.0->-r requirements-dev.txt (line 39))
2025-08-25T22:05:36.7010819Z   Using cached docker-7.1.0-py3-none-any.whl.metadata (3.8 kB)
2025-08-25T22:05:36.7900591Z Collecting wrapt (from testcontainers==4.12.0->testcontainers[postgres]==4.12.0->-r requirements-dev.txt (line 39))
2025-08-25T22:05:36.7913786Z   Using cached wrapt-1.17.3-cp311-cp311-manylinux1_x86_64.manylinux_2_28_x86_64.manylinux_2_5_x86_64.whl.metadata (6.4 kB)
2025-08-25T22:05:36.8134841Z Collecting docspec==2.2.1 (from docspec-python==2.2.2->-r requirements-dev.txt (line 41))
2025-08-25T22:05:36.8148003Z   Using cached docspec-2.2.1-py3-none-any.whl.metadata (1.5 kB)
2025-08-25T22:05:36.8294326Z Collecting nr-util>=0.8.12 (from docspec-python==2.2.2->-r requirements-dev.txt (line 41))
2025-08-25T22:05:36.8307280Z   Using cached nr.util-0.8.12-py3-none-any.whl.metadata (813 bytes)
2025-08-25T22:05:36.8608894Z Collecting PyYAML<7.0,>=5.0 (from pydoc-markdown==4.8.2->-r requirements-dev.txt (line 42))
2025-08-25T22:05:36.8622039Z   Using cached PyYAML-6.0.2-cp311-cp311-manylinux_2_17_x86_64.manylinux2014_x86_64.whl.metadata (2.1 kB)
2025-08-25T22:05:36.9424930Z Collecting databind.core<5.0.0,>=4.4.0 (from pydoc-markdown==4.8.2->-r requirements-dev.txt (line 42))
2025-08-25T22:05:36.9437950Z   Using cached databind.core-4.5.2-py3-none-any.whl.metadata (1.1 kB)
2025-08-25T22:05:36.9662269Z Collecting databind.json<5.0.0,>=4.4.0 (from pydoc-markdown==4.8.2->-r requirements-dev.txt (line 42))
2025-08-25T22:05:36.9675075Z   Using cached databind.json-4.5.2-py3-none-any.whl.metadata (1.1 kB)
2025-08-25T22:05:36.9910833Z Collecting docstring-parser<0.12,>=0.11 (from pydoc-markdown==4.8.2->-r requirements-dev.txt (line 42))
2025-08-25T22:05:36.9911919Z   Using cached docstring_parser-0.11-py3-none-any.whl
2025-08-25T22:05:37.0260124Z Collecting tomli<3.0.0,>=2.0.0 (from pydoc-markdown==4.8.2->-r requirements-dev.txt (line 42))
2025-08-25T22:05:37.0274201Z   Using cached tomli-2.2.1-cp311-cp311-manylinux_2_17_x86_64.manylinux2014_x86_64.whl.metadata (11 kB)
2025-08-25T22:05:37.0366367Z Collecting tomli_w<2.0.0,>=1.0.0 (from pydoc-markdown==4.8.2->-r requirements-dev.txt (line 42))
2025-08-25T22:05:37.0378952Z   Using cached tomli_w-1.2.0-py3-none-any.whl.metadata (5.7 kB)
2025-08-25T22:05:37.0826362Z Collecting watchdog (from pydoc-markdown==4.8.2->-r requirements-dev.txt (line 42))
2025-08-25T22:05:37.0839860Z   Using cached watchdog-6.0.0-py3-none-manylinux2014_x86_64.whl.metadata (44 kB)
2025-08-25T22:05:37.1032318Z Collecting yapf>=0.30.0 (from pydoc-markdown==4.8.2->-r requirements-dev.txt (line 42))
2025-08-25T22:05:37.1045054Z   Using cached yapf-0.43.0-py3-none-any.whl.metadata (46 kB)
2025-08-25T22:05:37.1208121Z Collecting Deprecated<2.0.0,>=1.2.12 (from docspec==2.2.1->docspec-python==2.2.2->-r requirements-dev.txt (line 41))
2025-08-25T22:05:37.1220476Z   Using cached Deprecated-1.2.18-py2.py3-none-any.whl.metadata (5.7 kB)
2025-08-25T22:05:37.2641615Z Collecting psycopg-binary==3.2.9 (from psycopg[binary]==3.2.9->-r requirements-dev.txt (line 25))
2025-08-25T22:05:37.2655608Z   Using cached psycopg_binary-3.2.9-cp311-cp311-manylinux_2_17_x86_64.manylinux2014_x86_64.whl.metadata (2.9 kB)
2025-08-25T22:05:37.2944351Z Collecting argon2-cffi (from minio==7.*->-r requirements-dev.txt (line 10))
2025-08-25T22:05:37.2957522Z   Using cached argon2_cffi-25.1.0-py3-none-any.whl.metadata (4.1 kB)
2025-08-25T22:05:37.3700910Z Collecting pycryptodome (from minio==7.*->-r requirements-dev.txt (line 10))
2025-08-25T22:05:37.3714769Z   Using cached pycryptodome-3.23.0-cp37-abi3-manylinux_2_17_x86_64.manylinux2014_x86_64.whl.metadata (3.4 kB)
2025-08-25T22:05:37.3885645Z Collecting anyio (from httpx<0.29,>=0.27->-r requirements-dev.txt (line 16))
2025-08-25T22:05:37.3898427Z   Using cached anyio-4.10.0-py3-none-any.whl.metadata (4.0 kB)
2025-08-25T22:05:37.4062225Z Collecting httpcore==1.* (from httpx<0.29,>=0.27->-r requirements-dev.txt (line 16))
2025-08-25T22:05:37.4075229Z   Using cached httpcore-1.0.9-py3-none-any.whl.metadata (21 kB)
2025-08-25T22:05:37.4364513Z Collecting tzdata>=2022.7 (from pandas==2.2.*->-r requirements-dev.txt (line 23))
2025-08-25T22:05:37.4377527Z   Using cached tzdata-2025.2-py2.py3-none-any.whl.metadata (1.4 kB)
2025-08-25T22:05:37.4503228Z Collecting multimethod<=1.10.0 (from pandera==0.19.*->-r requirements-dev.txt (line 43))
2025-08-25T22:05:37.4516153Z   Using cached multimethod-1.10-py3-none-any.whl.metadata (8.2 kB)
2025-08-25T22:05:37.5784208Z Collecting typeguard (from pandera==0.19.*->-r requirements-dev.txt (line 43))
2025-08-25T22:05:37.5799833Z   Using cached typeguard-4.4.4-py3-none-any.whl.metadata (3.3 kB)
2025-08-25T22:05:37.5897444Z Collecting typing-inspect>=0.6.0 (from pandera==0.19.*->-r requirements-dev.txt (line 43))
2025-08-25T22:05:37.5910401Z   Using cached typing_inspect-0.9.0-py3-none-any.whl.metadata (1.5 kB)
2025-08-25T22:05:37.6156854Z Collecting databind<5.0.0,>=4.5.2 (from databind.core<5.0.0,>=4.4.0->pydoc-markdown==4.8.2->-r requirements-dev.txt (line 42))
2025-08-25T22:05:37.6169846Z   Using cached databind-4.5.2-py3-none-any.whl.metadata (4.3 kB)
2025-08-25T22:05:37.6269367Z Collecting nr-date<3.0.0,>=2.0.0 (from databind<5.0.0,>=4.5.2->databind.core<5.0.0,>=4.4.0->pydoc-markdown==4.8.2->-r requirements-dev.txt (line 42))
2025-08-25T22:05:37.6281864Z   Using cached nr_date-2.1.0-py3-none-any.whl.metadata (746 bytes)
2025-08-25T22:05:37.6411435Z Collecting nr-stream<2.0.0,>=1.0.0 (from databind<5.0.0,>=4.5.2->databind.core<5.0.0,>=4.4.0->pydoc-markdown==4.8.2->-r requirements-dev.txt (line 42))
2025-08-25T22:05:37.6423979Z   Using cached nr_stream-1.1.5-py3-none-any.whl.metadata (3.6 kB)
2025-08-25T22:05:37.6567691Z Collecting typeapi<3,>=2.0.1 (from databind<5.0.0,>=4.5.2->databind.core<5.0.0,>=4.4.0->pydoc-markdown==4.8.2->-r requirements-dev.txt (line 42))
2025-08-25T22:05:37.6580423Z   Using cached typeapi-2.2.4-py3-none-any.whl.metadata (1.5 kB)
2025-08-25T22:05:37.6830976Z Collecting h11>=0.16 (from httpcore==1.*->httpx<0.29,>=0.27->-r requirements-dev.txt (line 16))
2025-08-25T22:05:37.6843531Z   Using cached h11-0.16.0-py3-none-any.whl.metadata (8.3 kB)
2025-08-25T22:05:37.7054454Z Collecting amqp<6.0.0,>=5.1.1 (from kombu<5.6,>=5.5.2->celery==5.5.3->-r requirements-dev.txt (line 12))
2025-08-25T22:05:37.7067636Z   Using cached amqp-5.3.1-py3-none-any.whl.metadata (8.9 kB)
2025-08-25T22:05:37.7386116Z Collecting iniconfig>=1 (from pytest<9,>=8.2->pytest-asyncio==1.1.0->-r requirements-dev.txt (line 28))
2025-08-25T22:05:37.7399111Z   Using cached iniconfig-2.1.0-py3-none-any.whl.metadata (2.7 kB)
2025-08-25T22:05:37.7580661Z Collecting pygments>=2.7.2 (from pytest<9,>=8.2->pytest-asyncio==1.1.0->-r requirements-dev.txt (line 28))
2025-08-25T22:05:37.7593474Z   Using cached pygments-2.19.2-py3-none-any.whl.metadata (2.5 kB)
2025-08-25T22:05:37.7881635Z Collecting sniffio>=1.1 (from anyio->httpx<0.29,>=0.27->-r requirements-dev.txt (line 16))
2025-08-25T22:05:37.7894708Z   Using cached sniffio-1.3.1-py3-none-any.whl.metadata (3.9 kB)
2025-08-25T22:05:38.1748772Z Collecting botocore<1.41.0,>=1.40.17 (from boto3->-r requirements-dev.txt (line 8))
2025-08-25T22:05:38.1781367Z   Downloading botocore-1.40.17-py3-none-any.whl.metadata (5.7 kB)
2025-08-25T22:05:38.1916191Z Collecting jmespath<2.0.0,>=0.7.1 (from boto3->-r requirements-dev.txt (line 8))
2025-08-25T22:05:38.1929796Z   Using cached jmespath-1.0.1-py3-none-any.whl.metadata (7.6 kB)
2025-08-25T22:05:38.2075038Z Collecting s3transfer<0.14.0,>=0.13.0 (from boto3->-r requirements-dev.txt (line 8))
2025-08-25T22:05:38.2089091Z   Using cached s3transfer-0.13.1-py3-none-any.whl.metadata (1.7 kB)
2025-08-25T22:05:38.3852717Z Collecting fastapi-cli>=0.0.8 (from fastapi-cli[standard]>=0.0.8; extra == "all"->fastapi[all]->-r requirements-dev.txt (line 14))
2025-08-25T22:05:38.3866280Z   Using cached fastapi_cli-0.0.8-py3-none-any.whl.metadata (6.3 kB)
2025-08-25T22:05:38.4587615Z Collecting ujson!=4.0.2,!=4.1.0,!=4.2.0,!=4.3.0,!=5.0.0,!=5.1.0,>=4.0.1 (from fastapi[all]->-r requirements-dev.txt (line 14))
2025-08-25T22:05:38.4601894Z   Using cached ujson-5.11.0-cp311-cp311-manylinux_2_24_x86_64.manylinux_2_28_x86_64.whl.metadata (9.4 kB)
2025-08-25T22:05:38.6803459Z Collecting orjson>=3.2.1 (from fastapi[all]->-r requirements-dev.txt (line 14))
2025-08-25T22:05:38.6819240Z   Using cached orjson-3.11.2-cp311-cp311-manylinux_2_17_x86_64.manylinux2014_x86_64.whl.metadata (1.2 kB)
2025-08-25T22:05:38.6922806Z Collecting email-validator>=2.0.0 (from fastapi[all]->-r requirements-dev.txt (line 14))
2025-08-25T22:05:38.6936369Z   Using cached email_validator-2.2.0-py3-none-any.whl.metadata (25 kB)
2025-08-25T22:05:38.7183975Z Collecting uvicorn>=0.12.0 (from uvicorn[standard]>=0.12.0; extra == "all"->fastapi[all]->-r requirements-dev.txt (line 14))
2025-08-25T22:05:38.7197446Z   Using cached uvicorn-0.35.0-py3-none-any.whl.metadata (6.5 kB)
2025-08-25T22:05:38.7346733Z Collecting pydantic-settings>=2.0.0 (from fastapi[all]->-r requirements-dev.txt (line 14))
2025-08-25T22:05:38.7360381Z   Using cached pydantic_settings-2.10.1-py3-none-any.whl.metadata (3.4 kB)
2025-08-25T22:05:38.7480688Z Collecting pydantic-extra-types>=2.0.0 (from fastapi[all]->-r requirements-dev.txt (line 14))
2025-08-25T22:05:38.7494830Z   Using cached pydantic_extra_types-2.10.5-py3-none-any.whl.metadata (3.9 kB)
2025-08-25T22:05:38.8228580Z Collecting prompt-toolkit>=3.0.36 (from click-repl>=0.2.0->celery==5.5.3->-r requirements-dev.txt (line 12))
2025-08-25T22:05:38.8242242Z   Using cached prompt_toolkit-3.0.51-py3-none-any.whl.metadata (6.4 kB)
2025-08-25T22:05:38.8402590Z Collecting dnspython>=2.0.0 (from email-validator>=2.0.0->fastapi[all]->-r requirements-dev.txt (line 14))
2025-08-25T22:05:38.8419046Z   Using cached dnspython-2.7.0-py3-none-any.whl.metadata (5.8 kB)
2025-08-25T22:05:38.8686485Z Collecting typer>=0.15.1 (from fastapi-cli>=0.0.8->fastapi-cli[standard]>=0.0.8; extra == "all"->fastapi[all]->-r requirements-dev.txt (line 14))
2025-08-25T22:05:38.8699938Z   Using cached typer-0.16.1-py3-none-any.whl.metadata (15 kB)
2025-08-25T22:05:38.8935784Z Collecting rich-toolkit>=0.14.8 (from fastapi-cli>=0.0.8->fastapi-cli[standard]>=0.0.8; extra == "all"->fastapi[all]->-r requirements-dev.txt (line 14))
2025-08-25T22:05:38.8948916Z   Using cached rich_toolkit-0.15.0-py3-none-any.whl.metadata (1.0 kB)
2025-08-25T22:05:38.9049213Z Collecting fastapi-cloud-cli>=0.1.1 (from fastapi-cli[standard]>=0.0.8; extra == "all"->fastapi[all]->-r requirements-dev.txt (line 14))
2025-08-25T22:05:38.9062555Z   Using cached fastapi_cloud_cli-0.1.5-py3-none-any.whl.metadata (3.2 kB)
2025-08-25T22:05:38.9740095Z Collecting rignore>=0.5.1 (from fastapi-cloud-cli>=0.1.1->fastapi-cli[standard]>=0.0.8; extra == "all"->fastapi[all]->-r requirements-dev.txt (line 14))
2025-08-25T22:05:38.9753994Z   Using cached rignore-0.6.4-cp311-cp311-manylinux_2_17_x86_64.manylinux2014_x86_64.whl.metadata (3.8 kB)
2025-08-25T22:05:39.0536258Z Collecting sentry-sdk>=2.20.0 (from fastapi-cloud-cli>=0.1.1->fastapi-cli[standard]>=0.0.8; extra == "all"->fastapi[all]->-r requirements-dev.txt (line 14))
2025-08-25T22:05:39.0549355Z   Using cached sentry_sdk-2.35.0-py2.py3-none-any.whl.metadata (10 kB)
2025-08-25T22:05:39.2546587Z Collecting psutil>=4.0.0 (from mirakuru>=2.6.0->pytest-postgresql==7.0.2->-r requirements-dev.txt (line 30))
2025-08-25T22:05:39.2562338Z   Using cached psutil-7.0.0-cp36-abi3-manylinux_2_12_x86_64.manylinux2010_x86_64.manylinux_2_17_x86_64.manylinux2014_x86_64.whl.metadata (22 kB)
2025-08-25T22:05:39.2844409Z Collecting wcwidth (from prompt-toolkit>=3.0.36->click-repl>=0.2.0->celery==5.5.3->-r requirements-dev.txt (line 12))
2025-08-25T22:05:39.2857853Z   Using cached wcwidth-0.2.13-py2.py3-none-any.whl.metadata (14 kB)
2025-08-25T22:05:39.3862615Z Collecting rich>=13.7.1 (from rich-toolkit>=0.14.8->fastapi-cli>=0.0.8->fastapi-cli[standard]>=0.0.8; extra == "all"->fastapi[all]->-r requirements-dev.txt (line 14))
2025-08-25T22:05:39.3875611Z   Using cached rich-14.1.0-py3-none-any.whl.metadata (18 kB)
2025-08-25T22:05:39.4034747Z Collecting markdown-it-py>=2.2.0 (from rich>=13.7.1->rich-toolkit>=0.14.8->fastapi-cli>=0.0.8->fastapi-cli[standard]>=0.0.8; extra == "all"->fastapi[all]->-r requirements-dev.txt (line 14))
2025-08-25T22:05:39.4047734Z   Using cached markdown_it_py-4.0.0-py3-none-any.whl.metadata (7.3 kB)
2025-08-25T22:05:39.4230129Z Collecting mdurl~=0.1 (from markdown-it-py>=2.2.0->rich>=13.7.1->rich-toolkit>=0.14.8->fastapi-cli>=0.0.8->fastapi-cli[standard]>=0.0.8; extra == "all"->fastapi[all]->-r requirements-dev.txt (line 14))
2025-08-25T22:05:39.4242754Z   Using cached mdurl-0.1.2-py3-none-any.whl.metadata (1.6 kB)
2025-08-25T22:05:39.4703667Z Collecting shellingham>=1.3.0 (from typer>=0.15.1->fastapi-cli>=0.0.8->fastapi-cli[standard]>=0.0.8; extra == "all"->fastapi[all]->-r requirements-dev.txt (line 14))
2025-08-25T22:05:39.4717192Z   Using cached shellingham-1.5.4-py2.py3-none-any.whl.metadata (3.5 kB)
2025-08-25T22:05:39.5366043Z Collecting httptools>=0.6.3 (from uvicorn[standard]>=0.12.0; extra == "all"->fastapi[all]->-r requirements-dev.txt (line 14))
2025-08-25T22:05:39.5380073Z   Using cached httptools-0.6.4-cp311-cp311-manylinux_2_5_x86_64.manylinux1_x86_64.manylinux_2_17_x86_64.manylinux2014_x86_64.whl.metadata (3.6 kB)
2025-08-25T22:05:39.5752531Z Collecting uvloop>=0.15.1 (from uvicorn[standard]>=0.12.0; extra == "all"->fastapi[all]->-r requirements-dev.txt (line 14))
2025-08-25T22:05:39.5766207Z   Using cached uvloop-0.21.0-cp311-cp311-manylinux_2_17_x86_64.manylinux2014_x86_64.whl.metadata (4.9 kB)
2025-08-25T22:05:39.6401053Z Collecting watchfiles>=0.13 (from uvicorn[standard]>=0.12.0; extra == "all"->fastapi[all]->-r requirements-dev.txt (line 14))
2025-08-25T22:05:39.6415186Z   Using cached watchfiles-1.1.0-cp311-cp311-manylinux_2_17_x86_64.manylinux2014_x86_64.whl.metadata (4.9 kB)
2025-08-25T22:05:39.7198539Z Collecting websockets>=10.4 (from uvicorn[standard]>=0.12.0; extra == "all"->fastapi[all]->-r requirements-dev.txt (line 14))
2025-08-25T22:05:39.7212364Z   Using cached websockets-15.0.1-cp311-cp311-manylinux_2_5_x86_64.manylinux1_x86_64.manylinux_2_17_x86_64.manylinux2014_x86_64.whl.metadata (6.8 kB)
2025-08-25T22:05:39.7598508Z Collecting argon2-cffi-bindings (from argon2-cffi->minio==7.*->-r requirements-dev.txt (line 10))
2025-08-25T22:05:39.7612209Z   Using cached argon2_cffi_bindings-25.1.0-cp39-abi3-manylinux_2_26_x86_64.manylinux_2_28_x86_64.whl.metadata (7.4 kB)
2025-08-25T22:05:39.8569827Z Collecting cffi>=1.0.1 (from argon2-cffi-bindings->argon2-cffi->minio==7.*->-r requirements-dev.txt (line 10))
2025-08-25T22:05:39.8583429Z   Using cached cffi-1.17.1-cp311-cp311-manylinux_2_17_x86_64.manylinux2014_x86_64.whl.metadata (1.5 kB)
2025-08-25T22:05:39.8686221Z Collecting pycparser (from cffi>=1.0.1->argon2-cffi-bindings->argon2-cffi->minio==7.*->-r requirements-dev.txt (line 10))
2025-08-25T22:05:39.8699826Z   Using cached pycparser-2.22-py3-none-any.whl.metadata (943 bytes)
2025-08-25T22:05:39.9295977Z Using cached jinja2-3.1.6-py3-none-any.whl (134 kB)
2025-08-25T22:05:39.9310604Z Using cached alembic-1.16.4-py3-none-any.whl (247 kB)
2025-08-25T22:05:39.9325947Z Using cached APScheduler-3.10.4-py3-none-any.whl (59 kB)
2025-08-25T22:05:39.9340014Z Using cached asgi_correlation_id-4.3.1-py3-none-any.whl (15 kB)
2025-08-25T22:05:39.9353535Z Using cached asyncpg-0.30.0-cp311-cp311-manylinux_2_17_x86_64.manylinux2014_x86_64.whl (3.1 MB)
2025-08-25T22:05:39.9389663Z Using cached black-25.1.0-cp311-cp311-manylinux_2_17_x86_64.manylinux2014_x86_64.manylinux_2_28_x86_64.whl (1.7 MB)
2025-08-25T22:05:39.9415478Z Using cached vulture-2.10-py2.py3-none-any.whl (27 kB)
2025-08-25T22:05:39.9428729Z Using cached celery-5.5.3-py3-none-any.whl (438 kB)
2025-08-25T22:05:39.9444963Z Using cached fastapi-0.116.1-py3-none-any.whl (95 kB)
2025-08-25T22:05:39.9458882Z Using cached pydantic-2.11.7-py3-none-any.whl (444 kB)
2025-08-25T22:05:39.9475069Z Using cached fastapi_limiter-0.1.6-py3-none-any.whl (15 kB)
2025-08-25T22:05:39.9488500Z Using cached IMAPClient-3.0.1-py2.py3-none-any.whl (182 kB)
2025-08-25T22:05:39.9503180Z Using cached mypy_extensions-1.1.0-py3-none-any.whl (5.0 kB)
2025-08-25T22:05:39.9516551Z Using cached openpyxl-3.1.5-py2.py3-none-any.whl (250 kB)
2025-08-25T22:05:39.9531644Z Using cached psycopg2_binary-2.9.10-cp311-cp311-manylinux_2_17_x86_64.manylinux2014_x86_64.whl (3.0 MB)
2025-08-25T22:05:39.9567337Z Using cached psycopg-3.2.9-py3-none-any.whl (202 kB)
2025-08-25T22:05:39.9581714Z Using cached pytest_asyncio-1.1.0-py3-none-any.whl (15 kB)
2025-08-25T22:05:39.9594850Z Using cached pytest_cov-6.2.1-py3-none-any.whl (24 kB)
2025-08-25T22:05:39.9608275Z Using cached pytest_postgresql-7.0.2-py3-none-any.whl (41 kB)
2025-08-25T22:05:39.9621778Z Using cached python_telegram_bot-22.3-py3-none-any.whl (717 kB)
2025-08-25T22:05:39.9640061Z Using cached requests-2.32.4-py3-none-any.whl (64 kB)
2025-08-25T22:05:39.9653696Z Using cached respx-0.22.0-py2.py3-none-any.whl (25 kB)
2025-08-25T22:05:39.9667349Z Using cached ruff-0.9.9-py3-none-manylinux_2_17_x86_64.manylinux2014_x86_64.whl (11.2 MB)
2025-08-25T22:05:39.9761309Z Using cached sqlalchemy-2.0.43-cp311-cp311-manylinux_2_17_x86_64.manylinux2014_x86_64.whl (3.3 MB)
2025-08-25T22:05:39.9798619Z Using cached structlog-24.1.0-py3-none-any.whl (65 kB)
2025-08-25T22:05:39.9812216Z Using cached testcontainers-4.12.0-py3-none-any.whl (111 kB)
2025-08-25T22:05:39.9826434Z Using cached types_requests-2.32.4.20250809-py3-none-any.whl (20 kB)
2025-08-25T22:05:39.9839894Z Using cached docspec_python-2.2.2-py3-none-any.whl (15 kB)
2025-08-25T22:05:39.9853151Z Using cached pydoc_markdown-4.8.2-py3-none-any.whl (67 kB)
2025-08-25T22:05:39.9866739Z Using cached docspec-2.2.1-py3-none-any.whl (9.8 kB)
2025-08-25T22:05:39.9880340Z Using cached psycopg_binary-3.2.9-cp311-cp311-manylinux_2_17_x86_64.manylinux2014_x86_64.whl (4.5 MB)
2025-08-25T22:05:39.9925783Z Using cached pydantic_core-2.33.2-cp311-cp311-manylinux_2_17_x86_64.manylinux2014_x86_64.whl (2.0 MB)
2025-08-25T22:05:39.9953045Z Using cached redis-6.4.0-py3-none-any.whl (279 kB)
2025-08-25T22:05:39.9968234Z Using cached minio-7.2.16-py3-none-any.whl (95 kB)
2025-08-25T22:05:39.9982060Z Using cached httpx-0.28.1-py3-none-any.whl (73 kB)
2025-08-25T22:05:39.9996290Z Using cached mypy-1.17.1-cp311-cp311-manylinux2014_x86_64.manylinux_2_17_x86_64.manylinux_2_28_x86_64.whl (12.6 MB)
2025-08-25T22:05:40.0099560Z Using cached numpy-1.26.4-cp311-cp311-manylinux_2_17_x86_64.manylinux2014_x86_64.whl (18.3 MB)
2025-08-25T22:05:40.0241634Z Using cached pandas-2.2.3-cp311-cp311-manylinux_2_17_x86_64.manylinux2014_x86_64.whl (13.1 MB)
2025-08-25T22:05:40.0349104Z Using cached pandera-0.19.3-py3-none-any.whl (251 kB)
2025-08-25T22:05:40.0364024Z Using cached billiard-4.2.1-py3-none-any.whl (86 kB)
2025-08-25T22:05:40.0378716Z Using cached charset_normalizer-3.4.3-cp311-cp311-manylinux2014_x86_64.manylinux_2_17_x86_64.manylinux_2_28_x86_64.whl (150 kB)
2025-08-25T22:05:40.0392631Z Using cached click-8.2.1-py3-none-any.whl (102 kB)
2025-08-25T22:05:40.0406553Z Using cached databind.core-4.5.2-py3-none-any.whl (1.5 kB)
2025-08-25T22:05:40.0419691Z Using cached databind-4.5.2-py3-none-any.whl (49 kB)
2025-08-25T22:05:40.0433224Z Using cached databind.json-4.5.2-py3-none-any.whl (1.5 kB)
2025-08-25T22:05:40.0446871Z Using cached Deprecated-1.2.18-py2.py3-none-any.whl (10.0 kB)
2025-08-25T22:05:40.0460002Z Using cached httpcore-1.0.9-py3-none-any.whl (78 kB)
2025-08-25T22:05:40.0473633Z Using cached idna-3.10-py3-none-any.whl (70 kB)
2025-08-25T22:05:40.0487386Z Using cached kombu-5.5.4-py3-none-any.whl (210 kB)
2025-08-25T22:05:40.0501945Z Using cached vine-5.1.0-py3-none-any.whl (9.6 kB)
2025-08-25T22:05:40.0515122Z Using cached amqp-5.3.1-py3-none-any.whl (50 kB)
2025-08-25T22:05:40.0528779Z Using cached multimethod-1.10-py3-none-any.whl (9.9 kB)
2025-08-25T22:05:40.0541862Z Using cached nr_date-2.1.0-py3-none-any.whl (10 kB)
2025-08-25T22:05:40.0555239Z Using cached nr_stream-1.1.5-py3-none-any.whl (10 kB)
2025-08-25T22:05:40.0568657Z Using cached nr.util-0.8.12-py3-none-any.whl (90 kB)
2025-08-25T22:05:40.0582515Z Using cached pytest-8.4.1-py3-none-any.whl (365 kB)
2025-08-25T22:05:40.0598586Z Using cached pluggy-1.6.0-py3-none-any.whl (20 kB)
2025-08-25T22:05:40.0612288Z Using cached PyYAML-6.0.2-cp311-cp311-manylinux_2_17_x86_64.manylinux2014_x86_64.whl (762 kB)
2025-08-25T22:05:40.0653007Z Downloading starlette-0.47.3-py3-none-any.whl (72 kB)
2025-08-25T22:05:40.0737379Z Using cached anyio-4.10.0-py3-none-any.whl (107 kB)
2025-08-25T22:05:40.0751856Z Using cached tomli-2.2.1-cp311-cp311-manylinux_2_17_x86_64.manylinux2014_x86_64.whl (236 kB)
2025-08-25T22:05:40.0766819Z Using cached tomli_w-1.2.0-py3-none-any.whl (6.7 kB)
2025-08-25T22:05:40.0780164Z Using cached typeapi-2.2.4-py3-none-any.whl (26 kB)
2025-08-25T22:05:40.0810380Z Downloading typing_extensions-4.15.0-py3-none-any.whl (44 kB)
2025-08-25T22:05:40.0866590Z Using cached urllib3-2.5.0-py3-none-any.whl (129 kB)
2025-08-25T22:05:40.0881163Z Using cached wrapt-1.17.3-cp311-cp311-manylinux1_x86_64.manylinux_2_28_x86_64.manylinux_2_5_x86_64.whl (82 kB)
2025-08-25T22:05:40.0910332Z Downloading boto3-1.40.17-py3-none-any.whl (140 kB)
2025-08-25T22:05:40.1027016Z Downloading botocore-1.40.17-py3-none-any.whl (14.0 MB)
2025-08-25T22:05:40.1968786Z    ━━━━━━━━━━━━━━━━━━━━━━━━━━━━━━━━━━━━━━━━ 14.0/14.0 MB 155.5 MB/s  0:00:00
2025-08-25T22:05:40.1983103Z Using cached jmespath-1.0.1-py3-none-any.whl (20 kB)
2025-08-25T22:05:40.1996629Z Using cached python_dateutil-2.9.0.post0-py2.py3-none-any.whl (229 kB)
2025-08-25T22:05:40.2011207Z Using cached s3transfer-0.13.1-py3-none-any.whl (85 kB)
2025-08-25T22:05:40.2024775Z Using cached itsdangerous-2.2.0-py3-none-any.whl (16 kB)
2025-08-25T22:05:40.2038194Z Using cached python_dotenv-1.1.1-py3-none-any.whl (20 kB)
2025-08-25T22:05:40.2051633Z Using cached python_multipart-0.0.20-py3-none-any.whl (24 kB)
2025-08-25T22:05:40.2064813Z Using cached annotated_types-0.7.0-py3-none-any.whl (13 kB)
2025-08-25T22:05:40.2078071Z Using cached certifi-2025.8.3-py3-none-any.whl (161 kB)
2025-08-25T22:05:40.2092215Z Using cached click_didyoumean-0.3.1-py3-none-any.whl (3.6 kB)
2025-08-25T22:05:40.2105150Z Using cached click_plugins-1.1.1.2-py2.py3-none-any.whl (11 kB)
2025-08-25T22:05:40.2118766Z Using cached click_repl-0.3.0-py3-none-any.whl (10 kB)
2025-08-25T22:05:40.2169943Z Downloading coverage-7.10.5-cp311-cp311-manylinux1_x86_64.manylinux_2_28_x86_64.manylinux_2_5_x86_64.whl (249 kB)
2025-08-25T22:05:40.2210973Z Using cached email_validator-2.2.0-py3-none-any.whl (33 kB)
2025-08-25T22:05:40.2224162Z Using cached dnspython-2.7.0-py3-none-any.whl (313 kB)
2025-08-25T22:05:40.2239403Z Using cached fastapi_cli-0.0.8-py3-none-any.whl (10 kB)
2025-08-25T22:05:40.2252448Z Using cached fastapi_cloud_cli-0.1.5-py3-none-any.whl (18 kB)
2025-08-25T22:05:40.2265940Z Using cached greenlet-3.2.4-cp311-cp311-manylinux_2_24_x86_64.manylinux_2_28_x86_64.whl (587 kB)
2025-08-25T22:05:40.2282836Z Using cached h11-0.16.0-py3-none-any.whl (37 kB)
2025-08-25T22:05:40.2296200Z Using cached iniconfig-2.1.0-py3-none-any.whl (6.0 kB)
2025-08-25T22:05:40.2309653Z Using cached MarkupSafe-3.0.2-cp311-cp311-manylinux_2_17_x86_64.manylinux2014_x86_64.whl (23 kB)
2025-08-25T22:05:40.2322541Z Using cached mirakuru-2.6.1-py3-none-any.whl (26 kB)
2025-08-25T22:05:40.2336040Z Using cached orjson-3.11.2-cp311-cp311-manylinux_2_17_x86_64.manylinux2014_x86_64.whl (121 kB)
2025-08-25T22:05:40.2349745Z Using cached packaging-25.0-py3-none-any.whl (66 kB)
2025-08-25T22:05:40.2363200Z Using cached pathspec-0.12.1-py3-none-any.whl (31 kB)
2025-08-25T22:05:40.2376512Z Using cached platformdirs-4.3.8-py3-none-any.whl (18 kB)
2025-08-25T22:05:40.2389508Z Using cached port_for-0.7.4-py3-none-any.whl (21 kB)
2025-08-25T22:05:40.2402532Z Using cached prompt_toolkit-3.0.51-py3-none-any.whl (387 kB)
2025-08-25T22:05:40.2418857Z Using cached psutil-7.0.0-cp36-abi3-manylinux_2_12_x86_64.manylinux2010_x86_64.manylinux_2_17_x86_64.manylinux2014_x86_64.whl (277 kB)
2025-08-25T22:05:40.2433325Z Using cached pydantic_extra_types-2.10.5-py3-none-any.whl (38 kB)
2025-08-25T22:05:40.2446748Z Using cached pydantic_settings-2.10.1-py3-none-any.whl (45 kB)
2025-08-25T22:05:40.2460038Z Using cached pygments-2.19.2-py3-none-any.whl (1.2 MB)
2025-08-25T22:05:40.2481820Z Using cached pytz-2025.2-py2.py3-none-any.whl (509 kB)
2025-08-25T22:05:40.2498340Z Using cached rich_toolkit-0.15.0-py3-none-any.whl (29 kB)
2025-08-25T22:05:40.2511482Z Using cached rich-14.1.0-py3-none-any.whl (243 kB)
2025-08-25T22:05:40.2526393Z Using cached markdown_it_py-4.0.0-py3-none-any.whl (87 kB)
2025-08-25T22:05:40.2539858Z Using cached mdurl-0.1.2-py3-none-any.whl (10.0 kB)
2025-08-25T22:05:40.2553175Z Using cached rignore-0.6.4-cp311-cp311-manylinux_2_17_x86_64.manylinux2014_x86_64.whl (950 kB)
2025-08-25T22:05:40.2572940Z Using cached sentry_sdk-2.35.0-py2.py3-none-any.whl (363 kB)
2025-08-25T22:05:40.2588614Z Using cached six-1.17.0-py2.py3-none-any.whl (11 kB)
2025-08-25T22:05:40.2601489Z Using cached sniffio-1.3.1-py3-none-any.whl (10 kB)
2025-08-25T22:05:40.2615528Z Using cached typer-0.16.1-py3-none-any.whl (46 kB)
2025-08-25T22:05:40.2628735Z Using cached shellingham-1.5.4-py2.py3-none-any.whl (9.8 kB)
2025-08-25T22:05:40.2641522Z Using cached typing_inspect-0.9.0-py3-none-any.whl (8.8 kB)
2025-08-25T22:05:40.2654520Z Using cached typing_inspection-0.4.1-py3-none-any.whl (14 kB)
2025-08-25T22:05:40.2667688Z Using cached tzdata-2025.2-py2.py3-none-any.whl (347 kB)
2025-08-25T22:05:40.2683070Z Using cached tzlocal-5.3.1-py3-none-any.whl (18 kB)
2025-08-25T22:05:40.2696444Z Using cached ujson-5.11.0-cp311-cp311-manylinux_2_24_x86_64.manylinux_2_28_x86_64.whl (57 kB)
2025-08-25T22:05:40.2709399Z Using cached uvicorn-0.35.0-py3-none-any.whl (66 kB)
2025-08-25T22:05:40.2723121Z Using cached httptools-0.6.4-cp311-cp311-manylinux_2_5_x86_64.manylinux1_x86_64.manylinux_2_17_x86_64.manylinux2014_x86_64.whl (459 kB)
2025-08-25T22:05:40.2739463Z Using cached uvloop-0.21.0-cp311-cp311-manylinux_2_17_x86_64.manylinux2014_x86_64.whl (4.0 MB)
2025-08-25T22:05:40.2781318Z Using cached watchfiles-1.1.0-cp311-cp311-manylinux_2_17_x86_64.manylinux2014_x86_64.whl (453 kB)
2025-08-25T22:05:40.2797860Z Using cached websockets-15.0.1-cp311-cp311-manylinux_2_5_x86_64.manylinux1_x86_64.manylinux_2_17_x86_64.manylinux2014_x86_64.whl (182 kB)
2025-08-25T22:05:40.2811561Z Using cached yapf-0.43.0-py3-none-any.whl (256 kB)
2025-08-25T22:05:40.2828253Z Using cached argon2_cffi-25.1.0-py3-none-any.whl (14 kB)
2025-08-25T22:05:40.2841517Z Using cached argon2_cffi_bindings-25.1.0-cp39-abi3-manylinux_2_26_x86_64.manylinux_2_28_x86_64.whl (87 kB)
2025-08-25T22:05:40.2856589Z Using cached cffi-1.17.1-cp311-cp311-manylinux_2_17_x86_64.manylinux2014_x86_64.whl (467 kB)
2025-08-25T22:05:40.2872804Z Using cached docker-7.1.0-py3-none-any.whl (147 kB)
2025-08-25T22:05:40.2887001Z Using cached et_xmlfile-2.0.0-py3-none-any.whl (18 kB)
2025-08-25T22:05:40.2899961Z Using cached mako-1.3.10-py3-none-any.whl (78 kB)
2025-08-25T22:05:40.2913387Z Using cached pycparser-2.22-py3-none-any.whl (117 kB)
2025-08-25T22:05:40.2927668Z Using cached pycryptodome-3.23.0-cp37-abi3-manylinux_2_17_x86_64.manylinux2014_x86_64.whl (2.3 MB)
2025-08-25T22:05:40.2956438Z Using cached toml-0.10.2-py2.py3-none-any.whl (16 kB)
2025-08-25T22:05:40.2969581Z Using cached typeguard-4.4.4-py3-none-any.whl (34 kB)
2025-08-25T22:05:40.2982687Z Using cached watchdog-6.0.0-py3-none-manylinux2014_x86_64.whl (79 kB)
2025-08-25T22:05:40.2996200Z Using cached wcwidth-0.2.13-py2.py3-none-any.whl (34 kB)
2025-08-25T22:05:40.7059601Z Installing collected packages: wcwidth, pytz, wrapt, websockets, watchdog, vine, uvloop, urllib3, ujson, tzlocal, tzdata, typing-extensions, tomli_w, tomli, toml, structlog, sniffio, six, shellingham, ruff, rignore, redis, PyYAML, python-multipart, python-dotenv, pygments, pycryptodome, pycparser, psycopg2-binary, psycopg-binary, psutil, prompt-toolkit, port-for, pluggy, platformdirs, pathspec, packaging, orjson, numpy, nr-stream, nr-date, mypy-extensions, multimethod, mdurl, MarkupSafe, jmespath, itsdangerous, iniconfig, imapclient, idna, httptools, h11, greenlet, et-xmlfile, docstring-parser, dnspython, coverage, click, charset_normalizer, certifi, billiard, asyncpg, annotated-types, yapf, vulture, uvicorn, typing-inspection, typing-inspect, types-requests, typeguard, typeapi, sqlalchemy, sentry-sdk, requests, python-dateutil, pytest, pydantic-core, psycopg, openpyxl, mypy, mirakuru, markdown-it-py, Mako, Jinja2, httpcore, email-validator, Deprecated, click-repl, click-plugins, click-didyoumean, cffi, black, apscheduler, anyio, amqp, watchfiles, starlette, rich, pytest-postgresql, pytest-cov, pytest-asyncio, pydantic, pandas, nr-util, kombu, httpx, docker, databind, botocore, argon2-cffi-bindings, alembic, typer, testcontainers, s3transfer, rich-toolkit, respx, python-telegram-bot, pydantic-settings, pydantic-extra-types, pandera, fastapi, databind.json, databind.core, celery, asgi-correlation-id, argon2-cffi, minio, fastapi-limiter, fastapi-cloud-cli, fastapi-cli, docspec, boto3, docspec-python, pydoc-markdown
2025-08-25T22:05:56.9577714Z 
2025-08-25T22:05:56.9642835Z Successfully installed Deprecated-1.2.18 Jinja2-3.1.6 Mako-1.3.10 MarkupSafe-3.0.2 PyYAML-6.0.2 alembic-1.16.4 amqp-5.3.1 annotated-types-0.7.0 anyio-4.10.0 apscheduler-3.10.4 argon2-cffi-25.1.0 argon2-cffi-bindings-25.1.0 asgi-correlation-id-4.3.1 asyncpg-0.30.0 billiard-4.2.1 black-25.1.0 boto3-1.40.17 botocore-1.40.17 celery-5.5.3 certifi-2025.8.3 cffi-1.17.1 charset_normalizer-3.4.3 click-8.2.1 click-didyoumean-0.3.1 click-plugins-1.1.1.2 click-repl-0.3.0 coverage-7.10.5 databind-4.5.2 databind.core-4.5.2 databind.json-4.5.2 dnspython-2.7.0 docker-7.1.0 docspec-2.2.1 docspec-python-2.2.2 docstring-parser-0.11 email-validator-2.2.0 et-xmlfile-2.0.0 fastapi-0.116.1 fastapi-cli-0.0.8 fastapi-cloud-cli-0.1.5 fastapi-limiter-0.1.6 greenlet-3.2.4 h11-0.16.0 httpcore-1.0.9 httptools-0.6.4 httpx-0.28.1 idna-3.10 imapclient-3.0.1 iniconfig-2.1.0 itsdangerous-2.2.0 jmespath-1.0.1 kombu-5.5.4 markdown-it-py-4.0.0 mdurl-0.1.2 minio-7.2.16 mirakuru-2.6.1 multimethod-1.10 mypy-1.17.1 mypy-extensions-1.1.0 nr-date-2.1.0 nr-stream-1.1.5 nr-util-0.8.12 numpy-1.26.4 openpyxl-3.1.5 orjson-3.11.2 packaging-25.0 pandas-2.2.3 pandera-0.19.3 pathspec-0.12.1 platformdirs-4.3.8 pluggy-1.6.0 port-for-0.7.4 prompt-toolkit-3.0.51 psutil-7.0.0 psycopg-3.2.9 psycopg-binary-3.2.9 psycopg2-binary-2.9.10 pycparser-2.22 pycryptodome-3.23.0 pydantic-2.11.7 pydantic-core-2.33.2 pydantic-extra-types-2.10.5 pydantic-settings-2.10.1 pydoc-markdown-4.8.2 pygments-2.19.2 pytest-8.4.1 pytest-asyncio-1.1.0 pytest-cov-6.2.1 pytest-postgresql-7.0.2 python-dateutil-2.9.0.post0 python-dotenv-1.1.1 python-multipart-0.0.20 python-telegram-bot-22.3 pytz-2025.2 redis-6.4.0 requests-2.32.4 respx-0.22.0 rich-14.1.0 rich-toolkit-0.15.0 rignore-0.6.4 ruff-0.9.9 s3transfer-0.13.1 sentry-sdk-2.35.0 shellingham-1.5.4 six-1.17.0 sniffio-1.3.1 sqlalchemy-2.0.43 starlette-0.47.3 structlog-24.1.0 testcontainers-4.12.0 toml-0.10.2 tomli-2.2.1 tomli_w-1.2.0 typeapi-2.2.4 typeguard-4.4.4 typer-0.16.1 types-requests-2.32.4.20250809 typing-extensions-4.15.0 typing-inspect-0.9.0 typing-inspection-0.4.1 tzdata-2025.2 tzlocal-5.3.1 ujson-5.11.0 urllib3-2.5.0 uvicorn-0.35.0 uvloop-0.21.0 vine-5.1.0 vulture-2.10 watchdog-6.0.0 watchfiles-1.1.0 wcwidth-0.2.13 websockets-15.0.1 wrapt-1.17.3 yapf-0.43.0
2025-08-25T22:05:58.2546130Z Collecting keepa==1.3.15
2025-08-25T22:05:58.2563403Z   Using cached keepa-1.3.15-py3-none-any.whl.metadata (11 kB)
2025-08-25T22:05:58.2826965Z Collecting minio==7.1.15
2025-08-25T22:05:58.2844949Z   Using cached minio-7.1.15-py3-none-any.whl.metadata (4.2 kB)
2025-08-25T22:05:58.2874231Z Requirement already satisfied: numpy>=1.9.3 in /opt/hostedtoolcache/Python/3.11.13/x64/lib/python3.11/site-packages (from keepa==1.3.15) (1.26.4)
2025-08-25T22:05:58.2880309Z Requirement already satisfied: requests>=2.2 in /opt/hostedtoolcache/Python/3.11.13/x64/lib/python3.11/site-packages (from keepa==1.3.15) (2.32.4)
2025-08-25T22:05:58.3208527Z Collecting tqdm (from keepa==1.3.15)
2025-08-25T22:05:58.3225130Z   Using cached tqdm-4.67.1-py3-none-any.whl.metadata (57 kB)
2025-08-25T22:05:58.8109789Z Collecting aiohttp (from keepa==1.3.15)
2025-08-25T22:05:58.8126428Z   Using cached aiohttp-3.12.15-cp311-cp311-manylinux_2_17_x86_64.manylinux2014_x86_64.whl.metadata (7.7 kB)
2025-08-25T22:05:58.8156636Z Requirement already satisfied: pandas<=3.0 in /opt/hostedtoolcache/Python/3.11.13/x64/lib/python3.11/site-packages (from keepa==1.3.15) (2.2.3)
2025-08-25T22:05:58.8161149Z Requirement already satisfied: pydantic in /opt/hostedtoolcache/Python/3.11.13/x64/lib/python3.11/site-packages (from keepa==1.3.15) (2.11.7)
2025-08-25T22:05:58.8168575Z Requirement already satisfied: certifi in /opt/hostedtoolcache/Python/3.11.13/x64/lib/python3.11/site-packages (from minio==7.1.15) (2025.8.3)
2025-08-25T22:05:58.8171826Z Requirement already satisfied: urllib3 in /opt/hostedtoolcache/Python/3.11.13/x64/lib/python3.11/site-packages (from minio==7.1.15) (2.5.0)
2025-08-25T22:05:58.8218454Z Requirement already satisfied: python-dateutil>=2.8.2 in /opt/hostedtoolcache/Python/3.11.13/x64/lib/python3.11/site-packages (from pandas<=3.0->keepa==1.3.15) (2.9.0.post0)
2025-08-25T22:05:58.8223163Z Requirement already satisfied: pytz>=2020.1 in /opt/hostedtoolcache/Python/3.11.13/x64/lib/python3.11/site-packages (from pandas<=3.0->keepa==1.3.15) (2025.2)
2025-08-25T22:05:58.8227925Z Requirement already satisfied: tzdata>=2022.7 in /opt/hostedtoolcache/Python/3.11.13/x64/lib/python3.11/site-packages (from pandas<=3.0->keepa==1.3.15) (2025.2)
2025-08-25T22:05:58.8342485Z Requirement already satisfied: six>=1.5 in /opt/hostedtoolcache/Python/3.11.13/x64/lib/python3.11/site-packages (from python-dateutil>=2.8.2->pandas<=3.0->keepa==1.3.15) (1.17.0)
2025-08-25T22:05:58.8359663Z Requirement already satisfied: charset_normalizer<4,>=2 in /opt/hostedtoolcache/Python/3.11.13/x64/lib/python3.11/site-packages (from requests>=2.2->keepa==1.3.15) (3.4.3)
2025-08-25T22:05:58.8364570Z Requirement already satisfied: idna<4,>=2.5 in /opt/hostedtoolcache/Python/3.11.13/x64/lib/python3.11/site-packages (from requests>=2.2->keepa==1.3.15) (3.10)
2025-08-25T22:05:58.8541466Z Collecting aiohappyeyeballs>=2.5.0 (from aiohttp->keepa==1.3.15)
2025-08-25T22:05:58.8555969Z   Using cached aiohappyeyeballs-2.6.1-py3-none-any.whl.metadata (5.9 kB)
2025-08-25T22:05:58.8637276Z Collecting aiosignal>=1.4.0 (from aiohttp->keepa==1.3.15)
2025-08-25T22:05:58.8651602Z   Using cached aiosignal-1.4.0-py3-none-any.whl.metadata (3.7 kB)
2025-08-25T22:05:58.8789113Z Collecting attrs>=17.3.0 (from aiohttp->keepa==1.3.15)
2025-08-25T22:05:58.8803597Z   Using cached attrs-25.3.0-py3-none-any.whl.metadata (10 kB)
2025-08-25T22:05:58.9462073Z Collecting frozenlist>=1.1.1 (from aiohttp->keepa==1.3.15)
2025-08-25T22:05:58.9480815Z   Using cached frozenlist-1.7.0-cp311-cp311-manylinux_2_5_x86_64.manylinux1_x86_64.manylinux_2_17_x86_64.manylinux2014_x86_64.whl.metadata (18 kB)
2025-08-25T22:05:59.1706495Z Collecting multidict<7.0,>=4.5 (from aiohttp->keepa==1.3.15)
2025-08-25T22:05:59.1721996Z   Using cached multidict-6.6.4-cp311-cp311-manylinux2014_x86_64.manylinux_2_17_x86_64.manylinux_2_28_x86_64.whl.metadata (5.3 kB)
2025-08-25T22:05:59.2120268Z Collecting propcache>=0.2.0 (from aiohttp->keepa==1.3.15)
2025-08-25T22:05:59.2136003Z   Using cached propcache-0.3.2-cp311-cp311-manylinux_2_17_x86_64.manylinux2014_x86_64.whl.metadata (12 kB)
2025-08-25T22:05:59.4797062Z Collecting yarl<2.0,>=1.17.0 (from aiohttp->keepa==1.3.15)
2025-08-25T22:05:59.4814008Z   Using cached yarl-1.20.1-cp311-cp311-manylinux_2_17_x86_64.manylinux2014_x86_64.whl.metadata (73 kB)
2025-08-25T22:05:59.5018461Z Requirement already satisfied: typing-extensions>=4.2 in /opt/hostedtoolcache/Python/3.11.13/x64/lib/python3.11/site-packages (from aiosignal>=1.4.0->aiohttp->keepa==1.3.15) (4.15.0)
2025-08-25T22:05:59.5066178Z Requirement already satisfied: annotated-types>=0.6.0 in /opt/hostedtoolcache/Python/3.11.13/x64/lib/python3.11/site-packages (from pydantic->keepa==1.3.15) (0.7.0)
2025-08-25T22:05:59.5071849Z Requirement already satisfied: pydantic-core==2.33.2 in /opt/hostedtoolcache/Python/3.11.13/x64/lib/python3.11/site-packages (from pydantic->keepa==1.3.15) (2.33.2)
2025-08-25T22:05:59.5079557Z Requirement already satisfied: typing-inspection>=0.4.0 in /opt/hostedtoolcache/Python/3.11.13/x64/lib/python3.11/site-packages (from pydantic->keepa==1.3.15) (0.4.1)
2025-08-25T22:05:59.5144093Z Using cached keepa-1.3.15-py3-none-any.whl (38 kB)
2025-08-25T22:05:59.5160595Z Using cached minio-7.1.15-py3-none-any.whl (77 kB)
2025-08-25T22:05:59.5176305Z Using cached aiohttp-3.12.15-cp311-cp311-manylinux_2_17_x86_64.manylinux2014_x86_64.whl (1.7 MB)
2025-08-25T22:05:59.5204033Z Using cached multidict-6.6.4-cp311-cp311-manylinux2014_x86_64.manylinux_2_17_x86_64.manylinux_2_28_x86_64.whl (246 kB)
2025-08-25T22:05:59.5220117Z Using cached yarl-1.20.1-cp311-cp311-manylinux_2_17_x86_64.manylinux2014_x86_64.whl (348 kB)
2025-08-25T22:05:59.5236697Z Using cached aiohappyeyeballs-2.6.1-py3-none-any.whl (15 kB)
2025-08-25T22:05:59.5250573Z Using cached aiosignal-1.4.0-py3-none-any.whl (7.5 kB)
2025-08-25T22:05:59.5264166Z Using cached attrs-25.3.0-py3-none-any.whl (63 kB)
2025-08-25T22:05:59.5278963Z Using cached frozenlist-1.7.0-cp311-cp311-manylinux_2_5_x86_64.manylinux1_x86_64.manylinux_2_17_x86_64.manylinux2014_x86_64.whl (235 kB)
2025-08-25T22:05:59.5293410Z Using cached propcache-0.3.2-cp311-cp311-manylinux_2_17_x86_64.manylinux2014_x86_64.whl (213 kB)
2025-08-25T22:05:59.5307736Z Using cached tqdm-4.67.1-py3-none-any.whl (78 kB)
2025-08-25T22:05:59.6839853Z Installing collected packages: tqdm, propcache, multidict, minio, frozenlist, attrs, aiohappyeyeballs, yarl, aiosignal, aiohttp, keepa
2025-08-25T22:05:59.7531098Z   Attempting uninstall: minio
2025-08-25T22:05:59.7564594Z     Found existing installation: minio 7.2.16
2025-08-25T22:05:59.7600344Z     Uninstalling minio-7.2.16:
2025-08-25T22:05:59.7610416Z       Successfully uninstalled minio-7.2.16
2025-08-25T22:06:00.1060390Z 
2025-08-25T22:06:00.1120620Z Successfully installed aiohappyeyeballs-2.6.1 aiohttp-3.12.15 aiosignal-1.4.0 attrs-25.3.0 frozenlist-1.7.0 keepa-1.3.15 minio-7.1.15 multidict-6.6.4 propcache-0.3.2 tqdm-4.67.1 yarl-1.20.1
2025-08-25T22:06:00.3935902Z ##[group]Run sudo apt-get update
2025-08-25T22:06:00.3936242Z [36;1msudo apt-get update[0m
2025-08-25T22:06:00.3936546Z [36;1msudo apt-get install -y postgresql[0m
2025-08-25T22:06:00.3937061Z [36;1mecho "/usr/lib/postgresql/$(pg_config --version | cut -d' ' -f2 | cut -d'.' -f1,2)/bin" >> $GITHUB_PATH[0m
2025-08-25T22:06:00.3978511Z shell: /usr/bin/bash -e {0}
2025-08-25T22:06:00.3978761Z env:
2025-08-25T22:06:00.3978947Z   PG_USER: postgres
2025-08-25T22:06:00.3979150Z   PG_PASSWORD: pass
2025-08-25T22:06:00.3979364Z   PG_DATABASE: awa
2025-08-25T22:06:00.3979563Z   PG_HOST: localhost
2025-08-25T22:06:00.3979765Z   PG_PORT: 5432
2025-08-25T22:06:00.3980432Z   PG_SYNC_DSN: ***localhost:5432/awa
2025-08-25T22:06:00.3981022Z   PG_ASYNC_DSN: ***localhost:5432/awa
2025-08-25T22:06:00.3981629Z   DATABASE_URL: ***localhost:5432/awa
2025-08-25T22:06:00.3981888Z   DATA_DIR: /tmp/awa-data
2025-08-25T22:06:00.3982104Z   ENABLE_LIVE: 0
2025-08-25T22:06:00.3982297Z   TESTING: 1
2025-08-25T22:06:00.3982585Z   pythonLocation: /opt/hostedtoolcache/Python/3.11.13/x64
2025-08-25T22:06:00.3983007Z   PKG_CONFIG_PATH: /opt/hostedtoolcache/Python/3.11.13/x64/lib/pkgconfig
2025-08-25T22:06:00.3983416Z   Python_ROOT_DIR: /opt/hostedtoolcache/Python/3.11.13/x64
2025-08-25T22:06:00.3983790Z   Python2_ROOT_DIR: /opt/hostedtoolcache/Python/3.11.13/x64
2025-08-25T22:06:00.3984165Z   Python3_ROOT_DIR: /opt/hostedtoolcache/Python/3.11.13/x64
2025-08-25T22:06:00.3984539Z   LD_LIBRARY_PATH: /opt/hostedtoolcache/Python/3.11.13/x64/lib
2025-08-25T22:06:00.3984882Z ##[endgroup]
2025-08-25T22:06:00.5099572Z Get:1 file:/etc/apt/apt-mirrors.txt Mirrorlist [144 B]
2025-08-25T22:06:00.5487800Z Hit:2 http://azure.archive.ubuntu.com/ubuntu noble InRelease
2025-08-25T22:06:00.5499077Z Get:3 http://azure.archive.ubuntu.com/ubuntu noble-updates InRelease [126 kB]
2025-08-25T22:06:00.5547913Z Get:4 http://azure.archive.ubuntu.com/ubuntu noble-backports InRelease [126 kB]
2025-08-25T22:06:00.5564957Z Get:5 http://azure.archive.ubuntu.com/ubuntu noble-security InRelease [126 kB]
2025-08-25T22:06:00.6319626Z Hit:6 https://packages.microsoft.com/repos/azure-cli noble InRelease
2025-08-25T22:06:00.6370746Z Get:7 https://packages.microsoft.com/ubuntu/24.04/prod noble InRelease [3600 B]
2025-08-25T22:06:00.7106680Z Get:8 http://azure.archive.ubuntu.com/ubuntu noble-updates/main amd64 Packages [1352 kB]
2025-08-25T22:06:00.7252455Z Get:9 http://azure.archive.ubuntu.com/ubuntu noble-updates/main Translation-en [269 kB]
2025-08-25T22:06:00.7283343Z Get:10 http://azure.archive.ubuntu.com/ubuntu noble-updates/main amd64 Components [175 kB]
2025-08-25T22:06:00.7302653Z Get:11 http://azure.archive.ubuntu.com/ubuntu noble-updates/universe amd64 Packages [1123 kB]
2025-08-25T22:06:00.7373182Z Get:12 http://azure.archive.ubuntu.com/ubuntu noble-updates/universe Translation-en [288 kB]
2025-08-25T22:06:00.7415863Z Get:13 http://azure.archive.ubuntu.com/ubuntu noble-updates/universe amd64 Components [377 kB]
2025-08-25T22:06:00.7445027Z Get:14 http://azure.archive.ubuntu.com/ubuntu noble-updates/restricted amd64 Packages [1731 kB]
2025-08-25T22:06:00.7539776Z Get:15 http://azure.archive.ubuntu.com/ubuntu noble-updates/restricted Translation-en [384 kB]
2025-08-25T22:06:00.7572442Z Get:16 http://azure.archive.ubuntu.com/ubuntu noble-updates/restricted amd64 Components [212 B]
2025-08-25T22:06:00.7582813Z Get:17 http://azure.archive.ubuntu.com/ubuntu noble-updates/multiverse amd64 Components [940 B]
2025-08-25T22:06:00.8048242Z Get:18 http://azure.archive.ubuntu.com/ubuntu noble-backports/main amd64 Components [7064 B]
2025-08-25T22:06:00.8064721Z Get:19 http://azure.archive.ubuntu.com/ubuntu noble-backports/universe amd64 Components [19.1 kB]
2025-08-25T22:06:00.8076766Z Get:20 http://azure.archive.ubuntu.com/ubuntu noble-backports/restricted amd64 Components [216 B]
2025-08-25T22:06:00.8087661Z Get:21 http://azure.archive.ubuntu.com/ubuntu noble-backports/multiverse amd64 Components [212 B]
2025-08-25T22:06:00.8162358Z Get:22 http://azure.archive.ubuntu.com/ubuntu noble-security/main amd64 Packages [1083 kB]
2025-08-25T22:06:00.8231881Z Get:23 http://azure.archive.ubuntu.com/ubuntu noble-security/main Translation-en [187 kB]
2025-08-25T22:06:00.8253389Z Get:24 http://azure.archive.ubuntu.com/ubuntu noble-security/main amd64 Components [21.6 kB]
2025-08-25T22:06:00.8266861Z Get:25 http://azure.archive.ubuntu.com/ubuntu noble-security/universe amd64 Packages [881 kB]
2025-08-25T22:06:00.8318982Z Get:26 http://azure.archive.ubuntu.com/ubuntu noble-security/universe Translation-en [195 kB]
2025-08-25T22:06:00.8340847Z Get:27 http://azure.archive.ubuntu.com/ubuntu noble-security/universe amd64 Components [52.3 kB]
2025-08-25T22:06:00.8353987Z Get:28 http://azure.archive.ubuntu.com/ubuntu noble-security/restricted amd64 Packages [1631 kB]
2025-08-25T22:06:00.8457620Z Get:29 http://azure.archive.ubuntu.com/ubuntu noble-security/restricted Translation-en [361 kB]
2025-08-25T22:06:00.8484889Z Get:30 http://azure.archive.ubuntu.com/ubuntu noble-security/restricted amd64 Components [212 B]
2025-08-25T22:06:00.8495726Z Get:31 http://azure.archive.ubuntu.com/ubuntu noble-security/multiverse amd64 Components [212 B]
2025-08-25T22:06:00.9198659Z Get:32 https://packages.microsoft.com/ubuntu/24.04/prod noble/main arm64 Packages [33.3 kB]
2025-08-25T22:06:00.9250084Z Get:33 https://packages.microsoft.com/ubuntu/24.04/prod noble/main amd64 Packages [49.3 kB]
2025-08-25T22:06:00.9304449Z Get:34 https://packages.microsoft.com/ubuntu/24.04/prod noble/main armhf Packages [9870 B]
2025-08-25T22:06:05.4181962Z Fetched 10.6 MB in 1s (8243 kB/s)
2025-08-25T22:06:06.0959128Z Reading package lists...
2025-08-25T22:06:06.1279344Z Reading package lists...
2025-08-25T22:06:06.2813132Z Building dependency tree...
2025-08-25T22:06:06.2820546Z Reading state information...
2025-08-25T22:06:06.4287433Z Suggested packages:
2025-08-25T22:06:06.4287740Z   postgresql-doc
2025-08-25T22:06:06.4496807Z The following NEW packages will be installed:
2025-08-25T22:06:06.4497315Z   postgresql
2025-08-25T22:06:06.4664695Z 0 upgraded, 1 newly installed, 0 to remove and 27 not upgraded.
2025-08-25T22:06:06.4665250Z Need to get 11.6 kB of archives.
2025-08-25T22:06:06.4666032Z After this operation, 17.4 kB of additional disk space will be used.
2025-08-25T22:06:06.4666653Z Get:1 file:/etc/apt/apt-mirrors.txt Mirrorlist [144 B]
2025-08-25T22:06:06.5631875Z Get:2 http://azure.archive.ubuntu.com/ubuntu noble-updates/main amd64 postgresql all 16+257build1.1 [11.6 kB]
2025-08-25T22:06:06.8101824Z Fetched 11.6 kB in 0s (109 kB/s)
2025-08-25T22:06:06.8399466Z Selecting previously unselected package postgresql.
2025-08-25T22:06:06.8787339Z (Reading database ... 
2025-08-25T22:06:06.8787772Z (Reading database ... 5%
2025-08-25T22:06:06.8788200Z (Reading database ... 10%
2025-08-25T22:06:06.8788540Z (Reading database ... 15%
2025-08-25T22:06:06.8789078Z (Reading database ... 20%
2025-08-25T22:06:06.8789462Z (Reading database ... 25%
2025-08-25T22:06:06.8789827Z (Reading database ... 30%
2025-08-25T22:06:06.8790176Z (Reading database ... 35%
2025-08-25T22:06:06.8790510Z (Reading database ... 40%
2025-08-25T22:06:06.8790870Z (Reading database ... 45%
2025-08-25T22:06:06.8791204Z (Reading database ... 50%
2025-08-25T22:06:06.9458927Z (Reading database ... 55%
2025-08-25T22:06:07.0745470Z (Reading database ... 60%
2025-08-25T22:06:07.4379687Z (Reading database ... 65%
2025-08-25T22:06:07.6494265Z (Reading database ... 70%
2025-08-25T22:06:07.7900526Z (Reading database ... 75%
2025-08-25T22:06:08.0988957Z (Reading database ... 80%
2025-08-25T22:06:08.6330081Z (Reading database ... 85%
2025-08-25T22:06:09.1605194Z (Reading database ... 90%
2025-08-25T22:06:09.6120612Z (Reading database ... 95%
2025-08-25T22:06:09.6121185Z (Reading database ... 100%
2025-08-25T22:06:09.6121878Z (Reading database ... 219830 files and directories currently installed.)
2025-08-25T22:06:09.6166844Z Preparing to unpack .../postgresql_16+257build1.1_all.deb ...
2025-08-25T22:06:09.6190734Z Unpacking postgresql (16+257build1.1) ...
2025-08-25T22:06:09.6567386Z Setting up postgresql (16+257build1.1) ...
2025-08-25T22:06:10.6303032Z 
2025-08-25T22:06:10.6303675Z Running kernel seems to be up-to-date.
2025-08-25T22:06:10.6304079Z 
2025-08-25T22:06:10.6304245Z Restarting services...
2025-08-25T22:06:10.6380351Z 
2025-08-25T22:06:10.6380864Z Service restarts being deferred:
2025-08-25T22:06:10.6384848Z  systemctl restart hosted-compute-agent.service
2025-08-25T22:06:10.6385803Z 
2025-08-25T22:06:10.6386068Z No containers need to be restarted.
2025-08-25T22:06:10.6386594Z 
2025-08-25T22:06:10.6386869Z No user sessions are running outdated binaries.
2025-08-25T22:06:10.6387243Z 
2025-08-25T22:06:10.6387613Z No VM guests are running outdated hypervisor (qemu) binaries on this host.
2025-08-25T22:06:11.7648232Z ##[group]Run pytest tests/migrations/test_migration_roundtrip.py -q -m integration --cov=services --cov-append --cov-fail-under=0 -o addopts=''
2025-08-25T22:06:11.7649220Z [36;1mpytest tests/migrations/test_migration_roundtrip.py -q -m integration --cov=services --cov-append --cov-fail-under=0 -o addopts=''[0m
2025-08-25T22:06:11.7690402Z shell: /usr/bin/bash -e {0}
2025-08-25T22:06:11.7690647Z env:
2025-08-25T22:06:11.7690824Z   PG_USER: postgres
2025-08-25T22:06:11.7691030Z   PG_PASSWORD: pass
2025-08-25T22:06:11.7691221Z   PG_DATABASE: awa
2025-08-25T22:06:11.7691412Z   PG_HOST: localhost
2025-08-25T22:06:11.7691606Z   PG_PORT: 5432
2025-08-25T22:06:11.7692161Z   PG_SYNC_DSN: ***localhost:5432/awa
2025-08-25T22:06:11.7692581Z   PG_ASYNC_DSN: ***localhost:5432/awa
2025-08-25T22:06:11.7693009Z   DATABASE_URL: ***localhost:5432/awa
2025-08-25T22:06:11.7693256Z   DATA_DIR: /tmp/awa-data
2025-08-25T22:06:11.7693470Z   ENABLE_LIVE: 0
2025-08-25T22:06:11.7693647Z   TESTING: 1
2025-08-25T22:06:11.7693944Z   pythonLocation: /opt/hostedtoolcache/Python/3.11.13/x64
2025-08-25T22:06:11.7694351Z   PKG_CONFIG_PATH: /opt/hostedtoolcache/Python/3.11.13/x64/lib/pkgconfig
2025-08-25T22:06:11.7694737Z   Python_ROOT_DIR: /opt/hostedtoolcache/Python/3.11.13/x64
2025-08-25T22:06:11.7695092Z   Python2_ROOT_DIR: /opt/hostedtoolcache/Python/3.11.13/x64
2025-08-25T22:06:11.7695689Z   Python3_ROOT_DIR: /opt/hostedtoolcache/Python/3.11.13/x64
2025-08-25T22:06:11.7696050Z   LD_LIBRARY_PATH: /opt/hostedtoolcache/Python/3.11.13/x64/lib
2025-08-25T22:06:11.7696345Z ##[endgroup]
2025-08-25T22:06:13.6585780Z s                                                                        [100%]
2025-08-25T22:06:13.6586465Z ================================ tests coverage ================================
2025-08-25T22:06:13.6587470Z _______________ coverage: platform linux, python 3.11.13-final-0 _______________
2025-08-25T22:06:13.6587901Z 
2025-08-25T22:06:13.6588093Z Name                                                       Stmts   Miss  Cover
2025-08-25T22:06:13.6588598Z ------------------------------------------------------------------------------
2025-08-25T22:06:13.6589189Z services/__init__.py                                           0      0   100%
2025-08-25T22:06:13.6589802Z services/alert_bot/__init__.py                                 0      0   100%
2025-08-25T22:06:13.6590479Z services/alert_bot/alert_bot.py                               22     22     0%
2025-08-25T22:06:13.6591151Z services/alert_bot/rules/__init__.py                          63     63     0%
2025-08-25T22:06:13.6591787Z services/api/__init__.py                                       0      0   100%
2025-08-25T22:06:13.6592415Z services/api/config.py                                        24     24     0%
2025-08-25T22:06:13.6593004Z services/api/db.py                                            16     16     0%
2025-08-25T22:06:13.6593609Z services/api/errors.py                                        39     39     0%
2025-08-25T22:06:13.6594273Z services/api/logging_config.py                                15     15     0%
2025-08-25T22:06:13.6594895Z services/api/main.py                                         143    143     0%
2025-08-25T22:06:13.6595695Z services/api/models/__init__.py                                0      0   100%
2025-08-25T22:06:13.6596358Z services/api/models/fee.py                                    11     11     0%
2025-08-25T22:06:13.6597019Z services/api/roi_repository.py                                21     21     0%
2025-08-25T22:06:13.6597671Z services/api/routes/__init__.py                                0      0   100%
2025-08-25T22:06:13.6598335Z services/api/routes/health.py                                 19     19     0%
2025-08-25T22:06:13.6599040Z services/api/routes/repository.py                             16     16     0%
2025-08-25T22:06:13.6599740Z services/api/routes/roi.py                                    77     77     0%
2025-08-25T22:06:13.6600702Z services/api/routes/score.py                                  56     56     0%
2025-08-25T22:06:13.6601396Z services/api/routes/stats.py                                  49     49     0%
2025-08-25T22:06:13.6602038Z services/api/security.py                                      10     10     0%
2025-08-25T22:06:13.6602690Z services/api/sentry_config.py                                 65     65     0%
2025-08-25T22:06:13.6603327Z services/common/__init__.py                                    4      0   100%
2025-08-25T22:06:13.6603947Z services/common/base.py                                        3      0   100%
2025-08-25T22:06:13.6604564Z services/common/config.py                                      4      4     0%
2025-08-25T22:06:13.6605196Z services/common/db.py                                         34     34     0%
2025-08-25T22:06:13.6606020Z services/common/db_url.py                                      4      4     0%
2025-08-25T22:06:13.6606664Z services/common/dsn.py                                        49     37    24%
2025-08-25T22:06:13.6607311Z services/common/keepa.py                                       7      4    43%
2025-08-25T22:06:13.6607933Z services/common/llm.py                                        65     65     0%
2025-08-25T22:06:13.6608575Z services/common/models_vendor.py                              24      0   100%
2025-08-25T22:06:13.6609242Z services/common/settings.py                                   20     20     0%
2025-08-25T22:06:13.6609860Z services/db/__init__.py                                        0      0   100%
2025-08-25T22:06:13.6610472Z services/db/utils/__init__.py                                  0      0   100%
2025-08-25T22:06:13.6611097Z services/db/utils/views.py                                     5      5     0%
2025-08-25T22:06:13.6611728Z services/emailer/__init__.py                                   4      4     0%
2025-08-25T22:06:13.6612629Z services/emailer/generate_body.py                              3      3     0%
2025-08-25T22:06:13.6613296Z services/etl/__init__.py                                       9      9     0%
2025-08-25T22:06:13.6613866Z services/etl/db.py                                             2      2     0%
2025-08-25T22:06:13.6614465Z services/etl/dialects/__init__.py                              9      9     0%
2025-08-25T22:06:13.6615182Z services/etl/dialects/amazon_ads_sp_cost.py                   31     31     0%
2025-08-25T22:06:13.6616098Z services/etl/dialects/amazon_fee_preview.py                   30     30     0%
2025-08-25T22:06:13.6616849Z services/etl/dialects/amazon_inventory_ledger.py              28     28     0%
2025-08-25T22:06:13.6617589Z services/etl/dialects/amazon_reimbursements.py                16     16     0%
2025-08-25T22:06:13.6618369Z services/etl/dialects/amazon_returns.py                       16     16     0%
2025-08-25T22:06:13.6619128Z services/etl/dialects/amazon_settlements.py                   27     27     0%
2025-08-25T22:06:13.6619936Z services/etl/dialects/schemas.py                              25     25     0%
2025-08-25T22:06:13.6620700Z services/etl/dialects/test_generic.py                         15     15     0%
2025-08-25T22:06:13.6621385Z services/etl/fba_fee_ingestor.py                              33     33     0%
2025-08-25T22:06:13.6622065Z services/etl/healthcheck.py                                   42     42     0%
2025-08-25T22:06:13.6622747Z services/etl/keepa_ingestor.py                                47     47     0%
2025-08-25T22:06:13.6623431Z services/etl/sp_fees_ingestor.py                              39     39     0%
2025-08-25T22:06:13.6624096Z services/fees_h10/__init__.py                                  0      0   100%
2025-08-25T22:06:13.6624734Z services/fees_h10/client.py                                   12     12     0%
2025-08-25T22:06:13.6625562Z services/fees_h10/repository.py                               39     39     0%
2025-08-25T22:06:13.6626244Z services/fees_h10/worker.py                                   47     47     0%
2025-08-25T22:06:13.6627166Z services/ingest/__init__.py                                    0      0   100%
2025-08-25T22:06:13.6627831Z services/ingest/celery_app.py                                 32     32     0%
2025-08-25T22:06:13.6628503Z services/ingest/copy_loader.py                                57     57     0%
2025-08-25T22:06:13.6629191Z services/ingest/email_watcher.py                              50     50     0%
2025-08-25T22:06:13.6629887Z services/ingest/healthcheck.py                                50     50     0%
2025-08-25T22:06:13.6630579Z services/ingest/ingest_router.py                               8      8     0%
2025-08-25T22:06:13.6631274Z services/ingest/maintenance.py                                31     31     0%
2025-08-25T22:06:13.6631940Z services/ingest/tasks.py                                      56     56     0%
2025-08-25T22:06:13.6632616Z services/ingest/upload_router.py                              22     22     0%
2025-08-25T22:06:13.6633280Z services/llm_server/__init__.py                                0      0   100%
2025-08-25T22:06:13.6633926Z services/llm_server/app.py                                    22     22     0%
2025-08-25T22:06:13.6634603Z services/logistics_etl/__init__.py                             0      0   100%
2025-08-25T22:06:13.6635284Z services/logistics_etl/__main__.py                             7      7     0%
2025-08-25T22:06:13.6636145Z services/logistics_etl/client.py                              20     20     0%
2025-08-25T22:06:13.6636863Z services/logistics_etl/cron.py                                11     11     0%
2025-08-25T22:06:13.6637517Z services/logistics_etl/db.py                                  13     13     0%
2025-08-25T22:06:13.6638182Z services/logistics_etl/dsn.py                                 33     33     0%
2025-08-25T22:06:13.6638863Z services/logistics_etl/flow.py                                14     14     0%
2025-08-25T22:06:13.6639761Z services/logistics_etl/repository.py                          50     50     0%
2025-08-25T22:06:13.6640453Z services/price_importer/__init__.py                            1      1     0%
2025-08-25T22:06:13.6641158Z services/price_importer/common/__init__.py                     2      2     0%
2025-08-25T22:06:13.6641874Z services/price_importer/common/base.py                         2      2     0%
2025-08-25T22:06:13.6642574Z services/price_importer/common/db_url.py                       6      6     0%
2025-08-25T22:06:13.6643304Z services/price_importer/common/models_vendor.py               22     22     0%
2025-08-25T22:06:13.6644062Z services/price_importer/import.py                             21     21     0%
2025-08-25T22:06:13.6644789Z services/price_importer/normaliser.py                         20     20     0%
2025-08-25T22:06:13.6645743Z services/price_importer/reader.py                             30     30     0%
2025-08-25T22:06:13.6646494Z services/price_importer/repository.py                         38     38     0%
2025-08-25T22:06:13.6647243Z services/price_importer/services_common/__init__.py            4      4     0%
2025-08-25T22:06:13.6647989Z services/price_importer/services_common/base.py                3      3     0%
2025-08-25T22:06:13.6648728Z services/price_importer/services_common/db.py                 34     34     0%
2025-08-25T22:06:13.6649493Z services/price_importer/services_common/db_url.py              4      4     0%
2025-08-25T22:06:13.6650246Z services/price_importer/services_common/dsn.py                27     27     0%
2025-08-25T22:06:13.6650990Z services/price_importer/services_common/keepa.py               7      7     0%
2025-08-25T22:06:13.6651730Z services/price_importer/services_common/llm.py                36     36     0%
2025-08-25T22:06:13.6652469Z services/price_importer/services_common/models_vendor.py      22     22     0%
2025-08-25T22:06:13.6653231Z services/price_importer/services_common/settings.py           19     19     0%
2025-08-25T22:06:13.6653935Z services/repricer/__init__.py                                  0      0   100%
2025-08-25T22:06:13.6654816Z services/repricer/app/__init__.py                              0      0   100%
2025-08-25T22:06:13.6655633Z services/repricer/app/deps.py                                  0      0   100%
2025-08-25T22:06:13.6656299Z services/repricer/app/logic.py                                 5      5     0%
2025-08-25T22:06:13.6656979Z services/repricer/app/main.py                                 20     20     0%
2025-08-25T22:06:13.6657644Z services/repricer/app/schemas.py                              10     10     0%
2025-08-25T22:06:13.6658262Z ------------------------------------------------------------------------------
2025-08-25T22:06:13.6658765Z TOTAL                                                       2148   2102     2%
2025-08-25T22:06:13.8499656Z 1 skipped in 0.42s
2025-08-25T22:06:14.0061929Z ##[group]Run actions/upload-artifact@v4
2025-08-25T22:06:14.0062225Z with:
2025-08-25T22:06:14.0062414Z   name: coverage.integration
2025-08-25T22:06:14.0062644Z   path: .coverage
2025-08-25T22:06:14.0062852Z   if-no-files-found: warn
2025-08-25T22:06:14.0063162Z   compression-level: 6
2025-08-25T22:06:14.0063428Z   overwrite: false
2025-08-25T22:06:14.0063827Z   include-hidden-files: false
2025-08-25T22:06:14.0064152Z env:
2025-08-25T22:06:14.0064420Z   PG_USER: postgres
2025-08-25T22:06:14.0064799Z   PG_PASSWORD: pass
2025-08-25T22:06:14.0065090Z   PG_DATABASE: awa
2025-08-25T22:06:14.0065573Z   PG_HOST: localhost
2025-08-25T22:06:14.0066011Z   PG_PORT: 5432
2025-08-25T22:06:14.0066598Z   PG_SYNC_DSN: ***localhost:5432/awa
2025-08-25T22:06:14.0067225Z   PG_ASYNC_DSN: ***localhost:5432/awa
2025-08-25T22:06:14.0067707Z   DATABASE_URL: ***localhost:5432/awa
2025-08-25T22:06:14.0068027Z   DATA_DIR: /tmp/awa-data
2025-08-25T22:06:14.0068399Z   ENABLE_LIVE: 0
2025-08-25T22:06:14.0068787Z   TESTING: 1
2025-08-25T22:06:14.0069195Z   pythonLocation: /opt/hostedtoolcache/Python/3.11.13/x64
2025-08-25T22:06:14.0069854Z   PKG_CONFIG_PATH: /opt/hostedtoolcache/Python/3.11.13/x64/lib/pkgconfig
2025-08-25T22:06:14.0070326Z   Python_ROOT_DIR: /opt/hostedtoolcache/Python/3.11.13/x64
2025-08-25T22:06:14.0070908Z   Python2_ROOT_DIR: /opt/hostedtoolcache/Python/3.11.13/x64
2025-08-25T22:06:14.0071398Z   Python3_ROOT_DIR: /opt/hostedtoolcache/Python/3.11.13/x64
2025-08-25T22:06:14.0071898Z   LD_LIBRARY_PATH: /opt/hostedtoolcache/Python/3.11.13/x64/lib
2025-08-25T22:06:14.0072254Z ##[endgroup]
2025-08-25T22:06:14.2221171Z ##[warning]No files were found with the provided path: .coverage. No artifacts will be uploaded.
2025-08-25T22:06:14.2895982Z Post job cleanup.
2025-08-25T22:06:14.4215616Z Cache hit occurred on the primary key Linux-int-cc13ccef493b9f3a93ad5651164d9fb09282c1111f6f72ce20e0657de16de6b4, not saving cache.
2025-08-25T22:06:14.4304116Z Post job cleanup.
2025-08-25T22:06:14.5801661Z Cache hit occurred on the primary key setup-python-Linux-x64-24.04-Ubuntu-python-3.11.13-pip-cc13ccef493b9f3a93ad5651164d9fb09282c1111f6f72ce20e0657de16de6b4, not saving cache.
2025-08-25T22:06:14.5897093Z Post job cleanup.
2025-08-25T22:06:14.6656025Z [command]/usr/bin/git version
2025-08-25T22:06:14.6692195Z git version 2.51.0
2025-08-25T22:06:14.6729138Z Temporarily overriding HOME='/home/runner/work/_temp/114bbd6c-2ef2-4bcc-a10e-1eaddf5f9598' before making global git config changes
2025-08-25T22:06:14.6730480Z Adding repository directory to the temporary git global config as a safe directory
2025-08-25T22:06:14.6735049Z [command]/usr/bin/git config --global --add safe.directory /home/runner/work/AWA-App/AWA-App
2025-08-25T22:06:14.6770901Z [command]/usr/bin/git config --local --name-only --get-regexp core\.sshCommand
2025-08-25T22:06:14.6803923Z [command]/usr/bin/git submodule foreach --recursive sh -c "git config --local --name-only --get-regexp 'core\.sshCommand' && git config --local --unset-all 'core.sshCommand' || :"
2025-08-25T22:06:14.7030810Z [command]/usr/bin/git config --local --name-only --get-regexp http\.https\:\/\/github\.com\/\.extraheader
2025-08-25T22:06:14.7054024Z http.https://github.com/.extraheader
2025-08-25T22:06:14.7064006Z [command]/usr/bin/git config --local --unset-all http.https://github.com/.extraheader
2025-08-25T22:06:14.7094983Z [command]/usr/bin/git submodule foreach --recursive sh -c "git config --local --name-only --get-regexp 'http\.https\:\/\/github\.com\/\.extraheader' && git config --local --unset-all 'http.https://github.com/.extraheader' || :"
2025-08-25T22:06:14.7448863Z Print service container logs: cd375b4948b34e1e87c7b38ea50f8d9e_postgres15_008382
2025-08-25T22:06:14.7453087Z ##[command]/usr/bin/docker logs --details 1f47747b06d954beb8ced318d299760b9e2ba6f35ec975dbb39d66262c5b7dd4
2025-08-25T22:06:14.7576090Z  The files belonging to this database system will be owned by user "postgres".
2025-08-25T22:06:14.7576807Z  This user must also own the server process.
2025-08-25T22:06:14.7577249Z  
2025-08-25T22:06:14.7577717Z  The database cluster will be initialized with locale "en_US.utf8".
2025-08-25T22:06:14.7578448Z  The default database encoding has accordingly been set to "UTF8".
2025-08-25T22:06:14.7579142Z  The default text search configuration will be set to "english".
2025-08-25T22:06:14.7579668Z  
2025-08-25T22:06:14.7579964Z  Data page checksums are disabled.
2025-08-25T22:06:14.7580355Z  
2025-08-25T22:06:14.7580827Z  fixing permissions on existing directory /var/lib/postgresql/data ... ok
2025-08-25T22:06:14.7581508Z  creating subdirectories ... ok
2025-08-25T22:06:14.7582013Z  selecting dynamic shared memory implementation ... posix
2025-08-25T22:06:14.7582561Z  selecting default max_connections ... 100
2025-08-25T22:06:14.7583045Z  selecting default shared_buffers ... 128MB
2025-08-25T22:06:14.7583514Z  selecting default time zone ... Etc/UTC
2025-08-25T22:06:14.7583965Z  creating configuration files ... ok
2025-08-25T22:06:14.7584415Z  running bootstrap script ... ok
2025-08-25T22:06:14.7584893Z  performing post-bootstrap initialization ... ok
2025-08-25T22:06:14.7585900Z  syncing data to disk ... ok
2025-08-25T22:06:14.7586265Z  
2025-08-25T22:06:14.7586525Z  
2025-08-25T22:06:14.7586879Z  Success. You can now start the database server using:
2025-08-25T22:06:14.7587364Z  
2025-08-25T22:06:14.7587720Z      pg_ctl -D /var/lib/postgresql/data -l logfile start
2025-08-25T22:06:14.7588189Z  
2025-08-25T22:06:14.7589151Z  waiting for server to start....2025-08-25 22:05:09.021 UTC [48] LOG:  starting PostgreSQL 15.14 (Debian 15.14-1.pgdg13+1) on x86_64-pc-linux-gnu, compiled by gcc (Debian 14.2.0-19) 14.2.0, 64-bit
2025-08-25T22:06:14.7590384Z  2025-08-25 22:05:09.022 UTC [48] LOG:  listening on Unix socket "/var/run/postgresql/.s.PGSQL.5432"
2025-08-25T22:06:14.7591239Z  2025-08-25 22:05:09.025 UTC [51] LOG:  database system was shut down at 2025-08-25 22:05:08 UTC
2025-08-25T22:06:14.7592016Z  2025-08-25 22:05:09.029 UTC [48] LOG:  database system is ready to accept connections
2025-08-25T22:06:14.7592574Z   done
2025-08-25T22:06:14.7594032Z  initdb: warning: enabling "trust" authentication for local connections
2025-08-25T22:06:14.7595134Z  initdb: hint: You can change this by editing pg_hba.conf or using the option -A, or --auth-local and --auth-host, the next time you run initdb.
2025-08-25T22:06:14.7596712Z  2025-08-25 22:05:09.326 UTC [1] LOG:  starting PostgreSQL 15.14 (Debian 15.14-1.pgdg13+1) on x86_64-pc-linux-gnu, compiled by gcc (Debian 14.2.0-19) 14.2.0, 64-bit
2025-08-25T22:06:14.7597776Z  2025-08-25 22:05:09.326 UTC [1] LOG:  listening on IPv4 address "0.0.0.0", port 5432
2025-08-25T22:06:14.7598648Z  2025-08-25 22:05:09.326 UTC [1] LOG:  listening on IPv6 address "::", port 5432
2025-08-25T22:06:14.7599446Z  2025-08-25 22:05:09.327 UTC [1] LOG:  listening on Unix socket "/var/run/postgresql/.s.PGSQL.5432"
2025-08-25T22:06:14.7600271Z  2025-08-25 22:05:09.330 UTC [64] LOG:  database system was shut down at 2025-08-25 22:05:09 UTC
2025-08-25T22:06:14.7600849Z  2025-08-25 22:05:09.333 UTC [1] LOG:  database system is ready to accept connections
2025-08-25T22:06:14.7601217Z  server started
2025-08-25T22:06:14.7601412Z  CREATE DATABASE
2025-08-25T22:06:14.7601591Z  
2025-08-25T22:06:14.7601746Z  
2025-08-25T22:06:14.7602058Z  /usr/local/bin/docker-entrypoint.sh: ignoring /docker-entrypoint-initdb.d/*
2025-08-25T22:06:14.7602422Z  
2025-08-25T22:06:14.7602656Z  2025-08-25 22:05:09.207 UTC [48] LOG:  received fast shutdown request
2025-08-25T22:06:14.7603357Z  waiting for server to shut down....2025-08-25 22:05:09.207 UTC [48] LOG:  aborting any active transactions
2025-08-25T22:06:14.7603972Z  2025-08-25 22:05:09.209 UTC [48] LOG:  background worker "logical replication launcher" (PID 54) exited with exit code 1
2025-08-25T22:06:14.7604461Z  2025-08-25 22:05:09.209 UTC [49] LOG:  shutting down
2025-08-25T22:06:14.7604816Z  2025-08-25 22:05:09.210 UTC [49] LOG:  checkpoint starting: shutdown immediate
2025-08-25T22:06:14.7605905Z  2025-08-25 22:05:09.229 UTC [49] LOG:  checkpoint complete: wrote 922 buffers (5.6%); 0 WAL file(s) added, 0 removed, 0 recycled; write=0.013 s, sync=0.005 s, total=0.020 s; sync files=301, longest=0.004 s, average=0.001 s; distance=4239 kB, estimate=4239 kB
2025-08-25T22:06:14.7606765Z  2025-08-25 22:05:09.235 UTC [48] LOG:  database system is shut down
2025-08-25T22:06:14.7607064Z   done
2025-08-25T22:06:14.7607233Z  server stopped
2025-08-25T22:06:14.7607410Z  
2025-08-25T22:06:14.7607633Z  PostgreSQL init process complete; ready for start up.
2025-08-25T22:06:14.7607914Z  
2025-08-25T22:06:14.7613155Z Stop and remove container: cd375b4948b34e1e87c7b38ea50f8d9e_postgres15_008382
2025-08-25T22:06:14.7618582Z ##[command]/usr/bin/docker rm --force 1f47747b06d954beb8ced318d299760b9e2ba6f35ec975dbb39d66262c5b7dd4
2025-08-25T22:06:16.3462008Z 1f47747b06d954beb8ced318d299760b9e2ba6f35ec975dbb39d66262c5b7dd4
2025-08-25T22:06:16.3489734Z Remove container network: github_network_4adfa35f61a04832b18a826d6f37019b
2025-08-25T22:06:16.3493991Z ##[command]/usr/bin/docker network rm github_network_4adfa35f61a04832b18a826d6f37019b
2025-08-25T22:06:16.4755144Z github_network_4adfa35f61a04832b18a826d6f37019b
2025-08-25T22:06:16.4812824Z Cleaning up orphan processes
