2025-08-23T20:18:36.9592994Z Current runner version: '2.328.0'
2025-08-23T20:18:36.9616785Z ##[group]Runner Image Provisioner
2025-08-23T20:18:36.9617592Z Hosted Compute Agent
2025-08-23T20:18:36.9618139Z Version: 20250818.377
2025-08-23T20:18:36.9618833Z Commit: 3c593e9f75fe0b87e893bca80d6e12ba089c61fc
2025-08-23T20:18:36.9619577Z Build Date: 2025-08-18T14:52:18Z
2025-08-23T20:18:36.9620150Z ##[endgroup]
2025-08-23T20:18:36.9620747Z ##[group]Operating System
2025-08-23T20:18:36.9621288Z Ubuntu
2025-08-23T20:18:36.9621775Z 24.04.2
2025-08-23T20:18:36.9622307Z LTS
2025-08-23T20:18:36.9622773Z ##[endgroup]
2025-08-23T20:18:36.9623271Z ##[group]Runner Image
2025-08-23T20:18:36.9624041Z Image: ubuntu-24.04
2025-08-23T20:18:36.9624729Z Version: 20250818.1.0
2025-08-23T20:18:36.9625999Z Included Software: https://github.com/actions/runner-images/blob/ubuntu24/20250818.1/images/ubuntu/Ubuntu2404-Readme.md
2025-08-23T20:18:36.9627624Z Image Release: https://github.com/actions/runner-images/releases/tag/ubuntu24%2F20250818.1
2025-08-23T20:18:36.9628623Z ##[endgroup]
2025-08-23T20:18:36.9631107Z ##[group]GITHUB_TOKEN Permissions
2025-08-23T20:18:36.9633049Z Actions: write
2025-08-23T20:18:36.9633890Z Attestations: write
2025-08-23T20:18:36.9634460Z Checks: write
2025-08-23T20:18:36.9634966Z Contents: write
2025-08-23T20:18:36.9635421Z Deployments: write
2025-08-23T20:18:36.9636014Z Discussions: write
2025-08-23T20:18:36.9636494Z Issues: write
2025-08-23T20:18:36.9636973Z Metadata: read
2025-08-23T20:18:36.9637568Z Models: read
2025-08-23T20:18:36.9638034Z Packages: write
2025-08-23T20:18:36.9638543Z Pages: write
2025-08-23T20:18:36.9639079Z PullRequests: write
2025-08-23T20:18:36.9639624Z RepositoryProjects: write
2025-08-23T20:18:36.9640166Z SecurityEvents: write
2025-08-23T20:18:36.9640877Z Statuses: write
2025-08-23T20:18:36.9641364Z ##[endgroup]
2025-08-23T20:18:36.9643621Z Secret source: Actions
2025-08-23T20:18:36.9644493Z Prepare workflow directory
2025-08-23T20:18:37.0117656Z Prepare all required actions
2025-08-23T20:18:37.0155381Z Getting action download info
2025-08-23T20:18:37.4205491Z Download action repository 'actions/checkout@v5' (SHA:08c6903cd8c0fde910a37f88322edcfb5dd907a8)
2025-08-23T20:18:37.5011299Z Download action repository 'actions/setup-python@v5' (SHA:a26af69be951a213d495a4c3e4e4022e16d87065)
2025-08-23T20:18:37.6194039Z Download action repository 'actions/cache@v4' (SHA:0400d5f644dc74513175e3cd8d07132dd4860809)
2025-08-23T20:18:37.7536447Z Download action repository 'actions/upload-artifact@v4' (SHA:ea165f8d65b6e75b540449e92b4886f43607fa02)
2025-08-23T20:18:38.0134809Z Complete job name: integration-db
2025-08-23T20:18:38.0634243Z ##[group]Checking docker version
2025-08-23T20:18:38.0647229Z ##[command]/usr/bin/docker version --format '{{.Server.APIVersion}}'
2025-08-23T20:18:39.0835234Z '1.48'
2025-08-23T20:18:39.0849041Z Docker daemon API version: '1.48'
2025-08-23T20:18:39.0849840Z ##[command]/usr/bin/docker version --format '{{.Client.APIVersion}}'
2025-08-23T20:18:39.1042702Z '1.48'
2025-08-23T20:18:39.1056865Z Docker client API version: '1.48'
2025-08-23T20:18:39.1063745Z ##[endgroup]
2025-08-23T20:18:39.1066876Z ##[group]Clean up resources from previous jobs
2025-08-23T20:18:39.1072160Z ##[command]/usr/bin/docker ps --all --quiet --no-trunc --filter "label=4548a2"
2025-08-23T20:18:39.1213979Z ##[command]/usr/bin/docker network prune --force --filter "label=4548a2"
2025-08-23T20:18:39.1391380Z ##[endgroup]
2025-08-23T20:18:39.1391925Z ##[group]Create local container network
2025-08-23T20:18:39.1403130Z ##[command]/usr/bin/docker network create --label 4548a2 github_network_7840b5d4f9f64bb4ad46735efca80968
2025-08-23T20:18:39.1893358Z 5885f0e4c9521e7c6d0eaccae29521beaddd1d01cd1bf9bb57fae2e8f0f0d2ab
2025-08-23T20:18:39.1912445Z ##[endgroup]
2025-08-23T20:18:39.1936988Z ##[group]Starting postgres service container
2025-08-23T20:18:39.1957211Z ##[command]/usr/bin/docker pull postgres:15
2025-08-23T20:18:40.0159404Z 15: Pulling from library/postgres
2025-08-23T20:18:40.2172708Z 396b1da7636e: Pulling fs layer
2025-08-23T20:18:40.2174078Z fca2566eba32: Pulling fs layer
2025-08-23T20:18:40.2174576Z 631fe8c6d606: Pulling fs layer
2025-08-23T20:18:40.2174878Z 77c7671c4414: Pulling fs layer
2025-08-23T20:18:40.2175177Z 2d9e29180a27: Pulling fs layer
2025-08-23T20:18:40.2175488Z c6bcc2c9a041: Pulling fs layer
2025-08-23T20:18:40.2175898Z ac4b721eb66f: Pulling fs layer
2025-08-23T20:18:40.2176377Z 606bd164980e: Pulling fs layer
2025-08-23T20:18:40.2176886Z f5dfd246bc6e: Pulling fs layer
2025-08-23T20:18:40.2177182Z ba7036bb0a60: Pulling fs layer
2025-08-23T20:18:40.2177457Z 77c7671c4414: Waiting
2025-08-23T20:18:40.2177761Z 799f859abbbd: Pulling fs layer
2025-08-23T20:18:40.2178175Z d903e777080c: Pulling fs layer
2025-08-23T20:18:40.2178562Z 04adcb462801: Pulling fs layer
2025-08-23T20:18:40.2178916Z 5c10925b29ff: Pulling fs layer
2025-08-23T20:18:40.2179219Z 2d9e29180a27: Waiting
2025-08-23T20:18:40.2179469Z c6bcc2c9a041: Waiting
2025-08-23T20:18:40.2179734Z ac4b721eb66f: Waiting
2025-08-23T20:18:40.2179983Z 606bd164980e: Waiting
2025-08-23T20:18:40.2180252Z f5dfd246bc6e: Waiting
2025-08-23T20:18:40.2180495Z ba7036bb0a60: Waiting
2025-08-23T20:18:40.2180739Z 04adcb462801: Waiting
2025-08-23T20:18:40.2180977Z 5c10925b29ff: Waiting
2025-08-23T20:18:40.2181220Z 799f859abbbd: Waiting
2025-08-23T20:18:40.2181484Z d903e777080c: Waiting
2025-08-23T20:18:40.4913340Z fca2566eba32: Verifying Checksum
2025-08-23T20:18:40.4914081Z fca2566eba32: Download complete
2025-08-23T20:18:40.6289247Z 631fe8c6d606: Verifying Checksum
2025-08-23T20:18:40.6289992Z 631fe8c6d606: Download complete
2025-08-23T20:18:40.8258496Z 77c7671c4414: Verifying Checksum
2025-08-23T20:18:40.8259091Z 77c7671c4414: Download complete
2025-08-23T20:18:40.9290266Z 396b1da7636e: Verifying Checksum
2025-08-23T20:18:40.9291122Z 396b1da7636e: Download complete
2025-08-23T20:18:41.0293326Z 2d9e29180a27: Verifying Checksum
2025-08-23T20:18:41.0294525Z 2d9e29180a27: Download complete
2025-08-23T20:18:41.2012892Z ac4b721eb66f: Download complete
2025-08-23T20:18:41.2077520Z c6bcc2c9a041: Verifying Checksum
2025-08-23T20:18:41.2078203Z c6bcc2c9a041: Download complete
2025-08-23T20:18:41.3018865Z 606bd164980e: Verifying Checksum
2025-08-23T20:18:41.3024067Z 606bd164980e: Download complete
2025-08-23T20:18:41.5058146Z ba7036bb0a60: Verifying Checksum
2025-08-23T20:18:41.5059150Z ba7036bb0a60: Download complete
2025-08-23T20:18:41.5826967Z 799f859abbbd: Download complete
2025-08-23T20:18:41.7835510Z d903e777080c: Verifying Checksum
2025-08-23T20:18:41.7836585Z d903e777080c: Download complete
2025-08-23T20:18:41.8973747Z 04adcb462801: Verifying Checksum
2025-08-23T20:18:41.8974660Z 04adcb462801: Download complete
2025-08-23T20:18:41.9281264Z 396b1da7636e: Pull complete
2025-08-23T20:18:42.0507596Z 5c10925b29ff: Verifying Checksum
2025-08-23T20:18:42.0508059Z 5c10925b29ff: Download complete
2025-08-23T20:18:42.3859865Z f5dfd246bc6e: Verifying Checksum
2025-08-23T20:18:42.3860196Z f5dfd246bc6e: Download complete
2025-08-23T20:18:42.8737265Z fca2566eba32: Pull complete
2025-08-23T20:18:43.0474845Z 631fe8c6d606: Pull complete
2025-08-23T20:18:43.0959853Z 77c7671c4414: Pull complete
2025-08-23T20:18:43.4041957Z 2d9e29180a27: Pull complete
2025-08-23T20:18:43.4895535Z c6bcc2c9a041: Pull complete
2025-08-23T20:18:43.4993172Z ac4b721eb66f: Pull complete
2025-08-23T20:18:43.5104253Z 606bd164980e: Pull complete
2025-08-23T20:18:46.4604048Z f5dfd246bc6e: Pull complete
2025-08-23T20:18:46.4902285Z ba7036bb0a60: Pull complete
2025-08-23T20:18:46.5019589Z 799f859abbbd: Pull complete
2025-08-23T20:18:46.5122496Z d903e777080c: Pull complete
2025-08-23T20:18:46.5256611Z 04adcb462801: Pull complete
2025-08-23T20:18:46.5363735Z 5c10925b29ff: Pull complete
2025-08-23T20:18:46.5408524Z Digest: sha256:bc51cf4f1fe02cce7ed2370b20128a9b00b4eb804573a77d2a0d877aaa9c82b1
2025-08-23T20:18:46.5423825Z Status: Downloaded newer image for postgres:15
2025-08-23T20:18:46.5436525Z docker.io/library/postgres:15
2025-08-23T20:18:46.5498582Z ##[command]/usr/bin/docker create --name 9e7b02da16bf4d739ef64183b31af6c3_postgres15_84990d --label 4548a2 --network github_network_7840b5d4f9f64bb4ad46735efca80968 --network-alias postgres -p 5432:5432 --health-cmd="pg_isready -U postgres -d awa" --health-interval=5s --health-timeout=5s --health-retries=10 -e "POSTGRES_USER=postgres" -e "POSTGRES_PASSWORD=pass" -e "POSTGRES_DB=awa" -e GITHUB_ACTIONS=true -e CI=true postgres:15
2025-08-23T20:18:46.5757007Z 4f3b8cb58d9b2e8d1326f749996c578342b937d491126151e36aa7f9acd8a6a3
2025-08-23T20:18:46.5780577Z ##[command]/usr/bin/docker start 4f3b8cb58d9b2e8d1326f749996c578342b937d491126151e36aa7f9acd8a6a3
2025-08-23T20:18:47.3728424Z 4f3b8cb58d9b2e8d1326f749996c578342b937d491126151e36aa7f9acd8a6a3
2025-08-23T20:18:47.3751447Z ##[command]/usr/bin/docker ps --all --filter id=4f3b8cb58d9b2e8d1326f749996c578342b937d491126151e36aa7f9acd8a6a3 --filter status=running --no-trunc --format "{{.ID}} {{.Status}}"
2025-08-23T20:18:47.3874728Z 4f3b8cb58d9b2e8d1326f749996c578342b937d491126151e36aa7f9acd8a6a3 Up Less than a second (health: starting)
2025-08-23T20:18:47.3896511Z ##[command]/usr/bin/docker port 4f3b8cb58d9b2e8d1326f749996c578342b937d491126151e36aa7f9acd8a6a3
2025-08-23T20:18:47.4022824Z 5432/tcp -> 0.0.0.0:5432
2025-08-23T20:18:47.4023227Z 5432/tcp -> [::]:5432
2025-08-23T20:18:47.4069364Z ##[endgroup]
2025-08-23T20:18:47.4078262Z ##[group]Waiting for all services to be ready
2025-08-23T20:18:47.4092578Z ##[command]/usr/bin/docker inspect --format="{{if .Config.Healthcheck}}{{print .State.Health.Status}}{{end}}" 4f3b8cb58d9b2e8d1326f749996c578342b937d491126151e36aa7f9acd8a6a3
2025-08-23T20:18:47.4231268Z starting
2025-08-23T20:18:47.4255915Z postgres service is starting, waiting 2 seconds before checking again.
2025-08-23T20:18:49.4252763Z ##[command]/usr/bin/docker inspect --format="{{if .Config.Healthcheck}}{{print .State.Health.Status}}{{end}}" 4f3b8cb58d9b2e8d1326f749996c578342b937d491126151e36aa7f9acd8a6a3
2025-08-23T20:18:49.4375136Z starting
2025-08-23T20:18:49.4388190Z postgres service is starting, waiting 4 seconds before checking again.
2025-08-23T20:18:53.6237591Z ##[command]/usr/bin/docker inspect --format="{{if .Config.Healthcheck}}{{print .State.Health.Status}}{{end}}" 4f3b8cb58d9b2e8d1326f749996c578342b937d491126151e36aa7f9acd8a6a3
2025-08-23T20:18:53.6358110Z healthy
2025-08-23T20:18:53.6375734Z postgres service is healthy.
2025-08-23T20:18:53.6376478Z ##[endgroup]
2025-08-23T20:18:53.6688499Z ##[group]Run actions/checkout@v5
2025-08-23T20:18:53.6689040Z with:
2025-08-23T20:18:53.6689220Z   fetch-depth: 0
2025-08-23T20:18:53.6689417Z   repository: AlexBomber12/AWA-App
2025-08-23T20:18:53.6689808Z   token: ***
2025-08-23T20:18:53.6689985Z   ssh-strict: true
2025-08-23T20:18:53.6690165Z   ssh-user: git
2025-08-23T20:18:53.6690345Z   persist-credentials: true
2025-08-23T20:18:53.6690561Z   clean: true
2025-08-23T20:18:53.6690744Z   sparse-checkout-cone-mode: true
2025-08-23T20:18:53.6690972Z   fetch-tags: false
2025-08-23T20:18:53.6691155Z   show-progress: true
2025-08-23T20:18:53.6691332Z   lfs: false
2025-08-23T20:18:53.6691496Z   submodules: false
2025-08-23T20:18:53.6691688Z   set-safe-directory: true
2025-08-23T20:18:53.6692072Z ##[endgroup]
2025-08-23T20:18:53.7622560Z Syncing repository: AlexBomber12/AWA-App
2025-08-23T20:18:53.7624153Z ##[group]Getting Git version info
2025-08-23T20:18:53.7624533Z Working directory is '/home/runner/work/AWA-App/AWA-App'
2025-08-23T20:18:53.7625103Z [command]/usr/bin/git version
2025-08-23T20:18:53.7631994Z git version 2.51.0
2025-08-23T20:18:53.7652927Z ##[endgroup]
2025-08-23T20:18:53.7666793Z Temporarily overriding HOME='/home/runner/work/_temp/3cabccfe-b017-4b9e-baa6-1cd22e3b3aa5' before making global git config changes
2025-08-23T20:18:53.7667586Z Adding repository directory to the temporary git global config as a safe directory
2025-08-23T20:18:53.7672600Z [command]/usr/bin/git config --global --add safe.directory /home/runner/work/AWA-App/AWA-App
2025-08-23T20:18:53.7707664Z Deleting the contents of '/home/runner/work/AWA-App/AWA-App'
2025-08-23T20:18:53.7711282Z ##[group]Initializing the repository
2025-08-23T20:18:53.7715829Z [command]/usr/bin/git init /home/runner/work/AWA-App/AWA-App
2025-08-23T20:18:53.7775760Z hint: Using 'master' as the name for the initial branch. This default branch name
2025-08-23T20:18:53.7776830Z hint: is subject to change. To configure the initial branch name to use in all
2025-08-23T20:18:53.7777388Z hint: of your new repositories, which will suppress this warning, call:
2025-08-23T20:18:53.7777987Z hint:
2025-08-23T20:18:53.7778370Z hint: 	git config --global init.defaultBranch <name>
2025-08-23T20:18:53.7778815Z hint:
2025-08-23T20:18:53.7779174Z hint: Names commonly chosen instead of 'master' are 'main', 'trunk' and
2025-08-23T20:18:53.7779992Z hint: 'development'. The just-created branch can be renamed via this command:
2025-08-23T20:18:53.7780627Z hint:
2025-08-23T20:18:53.7780923Z hint: 	git branch -m <name>
2025-08-23T20:18:53.7781274Z hint:
2025-08-23T20:18:53.7781782Z hint: Disable this message with "git config set advice.defaultBranchName false"
2025-08-23T20:18:53.7782654Z Initialized empty Git repository in /home/runner/work/AWA-App/AWA-App/.git/
2025-08-23T20:18:53.7791253Z [command]/usr/bin/git remote add origin https://github.com/AlexBomber12/AWA-App
2025-08-23T20:18:53.7824631Z ##[endgroup]
2025-08-23T20:18:53.7825021Z ##[group]Disabling automatic garbage collection
2025-08-23T20:18:53.7827974Z [command]/usr/bin/git config --local gc.auto 0
2025-08-23T20:18:53.7859230Z ##[endgroup]
2025-08-23T20:18:53.7859756Z ##[group]Setting up auth
2025-08-23T20:18:53.7868297Z [command]/usr/bin/git config --local --name-only --get-regexp core\.sshCommand
2025-08-23T20:18:53.7904943Z [command]/usr/bin/git submodule foreach --recursive sh -c "git config --local --name-only --get-regexp 'core\.sshCommand' && git config --local --unset-all 'core.sshCommand' || :"
2025-08-23T20:18:53.8337405Z [command]/usr/bin/git config --local --name-only --get-regexp http\.https\:\/\/github\.com\/\.extraheader
2025-08-23T20:18:53.8367617Z [command]/usr/bin/git submodule foreach --recursive sh -c "git config --local --name-only --get-regexp 'http\.https\:\/\/github\.com\/\.extraheader' && git config --local --unset-all 'http.https://github.com/.extraheader' || :"
2025-08-23T20:18:53.8584450Z [command]/usr/bin/git config --local http.https://github.com/.extraheader AUTHORIZATION: basic ***
2025-08-23T20:18:53.8618170Z ##[endgroup]
2025-08-23T20:18:53.8618859Z ##[group]Fetching the repository
2025-08-23T20:18:53.8627863Z [command]/usr/bin/git -c protocol.version=2 fetch --prune --no-recurse-submodules origin +refs/heads/*:refs/remotes/origin/* +refs/tags/*:refs/tags/* +2d468e5145ac808f5745e2e37611db04342d5628:refs/remotes/pull/355/merge
2025-08-23T20:18:57.1833073Z From https://github.com/AlexBomber12/AWA-App
2025-08-23T20:18:57.1834388Z  * [new branch]        codex/analyze-ci-logs-and-fix-failures   -> origin/codex/analyze-ci-logs-and-fix-failures
2025-08-23T20:18:57.1835332Z  * [new branch]        codex/fix-ci-workflows-to-pass-tests     -> origin/codex/fix-ci-workflows-to-pass-tests
2025-08-23T20:18:57.1836000Z  * [new branch]        codex/fix-ci-workflows-until-green       -> origin/codex/fix-ci-workflows-until-green
2025-08-23T20:18:57.1836766Z  * [new branch]        codex/implement-targeted-ci-fixes        -> origin/codex/implement-targeted-ci-fixes
2025-08-23T20:18:57.1837485Z  * [new branch]        codex/implement-targeted-ci-fixes-for-success -> origin/codex/implement-targeted-ci-fixes-for-success
2025-08-23T20:18:57.1838060Z  * [new branch]        main                                     -> origin/main
2025-08-23T20:18:57.1838405Z  * [new tag]           0.3.0                                    -> 0.3.0
2025-08-23T20:18:57.1838769Z  * [new ref]           2d468e5145ac808f5745e2e37611db04342d5628 -> pull/355/merge
2025-08-23T20:18:57.1881351Z ##[endgroup]
2025-08-23T20:18:57.1882174Z ##[group]Determining the checkout info
2025-08-23T20:18:57.1883004Z ##[endgroup]
2025-08-23T20:18:57.1889966Z [command]/usr/bin/git sparse-checkout disable
2025-08-23T20:18:57.1930483Z [command]/usr/bin/git config --local --unset-all extensions.worktreeConfig
2025-08-23T20:18:57.1956493Z ##[group]Checking out the ref
2025-08-23T20:18:57.1960140Z [command]/usr/bin/git checkout --progress --force refs/remotes/pull/355/merge
2025-08-23T20:18:57.2195952Z Note: switching to 'refs/remotes/pull/355/merge'.
2025-08-23T20:18:57.2196378Z 
2025-08-23T20:18:57.2196735Z You are in 'detached HEAD' state. You can look around, make experimental
2025-08-23T20:18:57.2197477Z changes and commit them, and you can discard any commits you make in this
2025-08-23T20:18:57.2198218Z state without impacting any branches by switching back to a branch.
2025-08-23T20:18:57.2198651Z 
2025-08-23T20:18:57.2198928Z If you want to create a new branch to retain commits you create, you may
2025-08-23T20:18:57.2199717Z do so (now or later) by using -c with the switch command. Example:
2025-08-23T20:18:57.2200109Z 
2025-08-23T20:18:57.2200259Z   git switch -c <new-branch-name>
2025-08-23T20:18:57.2200527Z 
2025-08-23T20:18:57.2200664Z Or undo this operation with:
2025-08-23T20:18:57.2200917Z 
2025-08-23T20:18:57.2201039Z   git switch -
2025-08-23T20:18:57.2201214Z 
2025-08-23T20:18:57.2201533Z Turn off this advice by setting config variable advice.detachedHead to false
2025-08-23T20:18:57.2202024Z 
2025-08-23T20:18:57.2202587Z HEAD is now at 2d468e51 Merge 10c678531f2fce9c7e03a9f522ad26b58a1b1ac6 into c3244d9d42d38f9357c707d749f33d1e646086fc
2025-08-23T20:18:57.2208932Z ##[endgroup]
2025-08-23T20:18:57.2253245Z [command]/usr/bin/git log -1 --format=%H
2025-08-23T20:18:57.2277153Z 2d468e5145ac808f5745e2e37611db04342d5628
2025-08-23T20:18:57.2450742Z ##[group]Run cat .env.ci >> "$GITHUB_ENV"
2025-08-23T20:18:57.2451082Z [36;1mcat .env.ci >> "$GITHUB_ENV"[0m
2025-08-23T20:18:57.2451766Z [36;1mecho "DATABASE_URL=***localhost:5432/awa" >> "$GITHUB_ENV"[0m
2025-08-23T20:18:57.2452107Z [36;1mecho "PG_HOST=localhost" >> "$GITHUB_ENV"[0m
2025-08-23T20:18:57.2452402Z [36;1mecho "PG_PORT=5432" >> "$GITHUB_ENV"[0m
2025-08-23T20:18:57.2452678Z [36;1mecho "PG_USER=postgres" >> "$GITHUB_ENV"[0m
2025-08-23T20:18:57.2452999Z [36;1mecho "PG_PASSWORD=pass" >> "$GITHUB_ENV"[0m
2025-08-23T20:18:57.2453284Z [36;1mecho "PG_DATABASE=awa" >> "$GITHUB_ENV"[0m
2025-08-23T20:18:57.2453706Z [36;1mecho "TESTING=1" >> "$GITHUB_ENV"[0m
2025-08-23T20:18:57.2498014Z shell: /usr/bin/bash -e {0}
2025-08-23T20:18:57.2498257Z ##[endgroup]
2025-08-23T20:18:57.2689684Z ##[group]Run actions/setup-python@v5
2025-08-23T20:18:57.2689966Z with:
2025-08-23T20:18:57.2690141Z   python-version: 3.11
2025-08-23T20:18:57.2690346Z   cache: pip
2025-08-23T20:18:57.2690561Z   cache-dependency-path: requirements-dev.txt

2025-08-23T20:18:57.2690837Z   check-latest: false
2025-08-23T20:18:57.2691165Z   token: ***
2025-08-23T20:18:57.2691347Z   update-environment: true
2025-08-23T20:18:57.2691565Z   allow-prereleases: false
2025-08-23T20:18:57.2691761Z   freethreaded: false
2025-08-23T20:18:57.2691944Z env:
2025-08-23T20:18:57.2692100Z   PG_USER: postgres
2025-08-23T20:18:57.2692283Z   PG_PASSWORD: pass
2025-08-23T20:18:57.2692456Z   PG_DATABASE: awa
2025-08-23T20:18:57.2692658Z   PG_HOST: localhost
2025-08-23T20:18:57.2692835Z   PG_PORT: 5432
2025-08-23T20:18:57.2693222Z   PG_SYNC_DSN: ***localhost:5432/awa
2025-08-23T20:18:57.2693923Z   PG_ASYNC_DSN: ***localhost:5432/awa
2025-08-23T20:18:57.2694298Z   DATABASE_URL: ***localhost:5432/awa
2025-08-23T20:18:57.2694553Z   DATA_DIR: /tmp/awa-data
2025-08-23T20:18:57.2694741Z   ENABLE_LIVE: 0
2025-08-23T20:18:57.2694906Z   TESTING: 1
2025-08-23T20:18:57.2695059Z ##[endgroup]
2025-08-23T20:18:57.4344494Z ##[group]Installed versions
2025-08-23T20:18:57.4452948Z Successfully set up CPython (3.11.13)
2025-08-23T20:18:57.4456131Z ##[endgroup]
2025-08-23T20:18:57.4955962Z [command]/opt/hostedtoolcache/Python/3.11.13/x64/bin/pip cache dir
2025-08-23T20:18:58.8784290Z /home/runner/.cache/pip
2025-08-23T20:18:59.1542860Z Cache hit for: setup-python-Linux-x64-24.04-Ubuntu-python-3.11.13-pip-cc13ccef493b9f3a93ad5651164d9fb09282c1111f6f72ce20e0657de16de6b4
2025-08-23T20:19:00.4876337Z Received 20971520 of 309815432 (6.8%), 20.0 MBs/sec
2025-08-23T20:19:01.4885813Z Received 134217728 of 309815432 (43.3%), 63.9 MBs/sec
2025-08-23T20:19:02.4925062Z Received 272629760 of 309815432 (88.0%), 86.6 MBs/sec
2025-08-23T20:19:02.7275268Z Received 309815432 of 309815432 (100.0%), 91.2 MBs/sec
2025-08-23T20:19:02.7277917Z Cache Size: ~295 MB (309815432 B)
2025-08-23T20:19:02.7402674Z [command]/usr/bin/tar -xf /home/runner/work/_temp/0c0b0ef3-75c0-4c79-99d6-8f069b7f2205/cache.tzst -P -C /home/runner/work/AWA-App/AWA-App --use-compress-program unzstd
2025-08-23T20:19:03.2758660Z Cache restored successfully
2025-08-23T20:19:03.3362054Z Cache restored from key: setup-python-Linux-x64-24.04-Ubuntu-python-3.11.13-pip-cc13ccef493b9f3a93ad5651164d9fb09282c1111f6f72ce20e0657de16de6b4
2025-08-23T20:19:03.4072724Z ##[group]Run actions/cache@v4
2025-08-23T20:19:03.4072996Z with:
2025-08-23T20:19:03.4073212Z   path: ~/.cache/pip
.pytest_cache
~/.ruff_cache

2025-08-23T20:19:03.4073929Z   key: Linux-int-cc13ccef493b9f3a93ad5651164d9fb09282c1111f6f72ce20e0657de16de6b4
2025-08-23T20:19:03.4074359Z   restore-keys: Linux-int-
2025-08-23T20:19:03.4074580Z   enableCrossOsArchive: false
2025-08-23T20:19:03.4074810Z   fail-on-cache-miss: false
2025-08-23T20:19:03.4075023Z   lookup-only: false
2025-08-23T20:19:03.4075206Z   save-always: false
2025-08-23T20:19:03.4075381Z env:
2025-08-23T20:19:03.4075542Z   PG_USER: postgres
2025-08-23T20:19:03.4075723Z   PG_PASSWORD: pass
2025-08-23T20:19:03.4075899Z   PG_DATABASE: awa
2025-08-23T20:19:03.4076076Z   PG_HOST: localhost
2025-08-23T20:19:03.4076253Z   PG_PORT: 5432
2025-08-23T20:19:03.4076783Z   PG_SYNC_DSN: ***localhost:5432/awa
2025-08-23T20:19:03.4077240Z   PG_ASYNC_DSN: ***localhost:5432/awa
2025-08-23T20:19:03.4077665Z   DATABASE_URL: ***localhost:5432/awa
2025-08-23T20:19:03.4077897Z   DATA_DIR: /tmp/awa-data
2025-08-23T20:19:03.4078097Z   ENABLE_LIVE: 0
2025-08-23T20:19:03.4078268Z   TESTING: 1
2025-08-23T20:19:03.4078501Z   pythonLocation: /opt/hostedtoolcache/Python/3.11.13/x64
2025-08-23T20:19:03.4078924Z   PKG_CONFIG_PATH: /opt/hostedtoolcache/Python/3.11.13/x64/lib/pkgconfig
2025-08-23T20:19:03.4079308Z   Python_ROOT_DIR: /opt/hostedtoolcache/Python/3.11.13/x64
2025-08-23T20:19:03.4079653Z   Python2_ROOT_DIR: /opt/hostedtoolcache/Python/3.11.13/x64
2025-08-23T20:19:03.4079993Z   Python3_ROOT_DIR: /opt/hostedtoolcache/Python/3.11.13/x64
2025-08-23T20:19:03.4080342Z   LD_LIBRARY_PATH: /opt/hostedtoolcache/Python/3.11.13/x64/lib
2025-08-23T20:19:03.4080637Z ##[endgroup]
2025-08-23T20:19:03.7878768Z Cache hit for: Linux-int-cc13ccef493b9f3a93ad5651164d9fb09282c1111f6f72ce20e0657de16de6b4
2025-08-23T20:19:05.1098007Z Received 8388608 of 309817358 (2.7%), 8.0 MBs/sec
2025-08-23T20:19:06.1104584Z Received 134217728 of 309817358 (43.3%), 64.0 MBs/sec
2025-08-23T20:19:07.1110799Z Received 264241152 of 309817358 (85.3%), 84.0 MBs/sec
2025-08-23T20:19:07.6582539Z Received 309817358 of 309817358 (100.0%), 83.3 MBs/sec
2025-08-23T20:19:07.6586603Z Cache Size: ~295 MB (309817358 B)
2025-08-23T20:19:07.6727821Z [command]/usr/bin/tar -xf /home/runner/work/_temp/73ebe831-d2fd-4070-9565-b9799faa1b48/cache.tzst -P -C /home/runner/work/AWA-App/AWA-App --use-compress-program unzstd
2025-08-23T20:19:08.2747461Z Cache restored successfully
2025-08-23T20:19:08.3409849Z Cache restored from key: Linux-int-cc13ccef493b9f3a93ad5651164d9fb09282c1111f6f72ce20e0657de16de6b4
2025-08-23T20:19:08.3524074Z ##[group]Run pip install --break-system-packages -r requirements-dev.txt
2025-08-23T20:19:08.3524625Z [36;1mpip install --break-system-packages -r requirements-dev.txt[0m
2025-08-23T20:19:08.3525067Z [36;1mpip install --break-system-packages keepa==1.3.15 minio==7.1.15[0m
2025-08-23T20:19:08.3567006Z shell: /usr/bin/bash -e {0}
2025-08-23T20:19:08.3567238Z env:
2025-08-23T20:19:08.3567418Z   PG_USER: postgres
2025-08-23T20:19:08.3567625Z   PG_PASSWORD: pass
2025-08-23T20:19:08.3567819Z   PG_DATABASE: awa
2025-08-23T20:19:08.3568009Z   PG_HOST: localhost
2025-08-23T20:19:08.3568201Z   PG_PORT: 5432
2025-08-23T20:19:08.3568661Z   PG_SYNC_DSN: ***localhost:5432/awa
2025-08-23T20:19:08.3569250Z   PG_ASYNC_DSN: ***localhost:5432/awa
2025-08-23T20:19:08.3569638Z   DATABASE_URL: ***localhost:5432/awa
2025-08-23T20:19:08.3569879Z   DATA_DIR: /tmp/awa-data
2025-08-23T20:19:08.3570089Z   ENABLE_LIVE: 0
2025-08-23T20:19:08.3570267Z   TESTING: 1
2025-08-23T20:19:08.3570543Z   pythonLocation: /opt/hostedtoolcache/Python/3.11.13/x64
2025-08-23T20:19:08.3570959Z   PKG_CONFIG_PATH: /opt/hostedtoolcache/Python/3.11.13/x64/lib/pkgconfig
2025-08-23T20:19:08.3571366Z   Python_ROOT_DIR: /opt/hostedtoolcache/Python/3.11.13/x64
2025-08-23T20:19:08.3594851Z   Python2_ROOT_DIR: /opt/hostedtoolcache/Python/3.11.13/x64
2025-08-23T20:19:08.3595400Z   Python3_ROOT_DIR: /opt/hostedtoolcache/Python/3.11.13/x64
2025-08-23T20:19:08.3595774Z   LD_LIBRARY_PATH: /opt/hostedtoolcache/Python/3.11.13/x64/lib
2025-08-23T20:19:08.3596089Z ##[endgroup]
2025-08-23T20:19:09.6679379Z Collecting Jinja2==3.1.6 (from -r requirements-dev.txt (line 2))
2025-08-23T20:19:09.6696178Z   Using cached jinja2-3.1.6-py3-none-any.whl.metadata (2.9 kB)
2025-08-23T20:19:09.6965782Z Collecting alembic==1.16.4 (from -r requirements-dev.txt (line 3))
2025-08-23T20:19:09.6981079Z   Using cached alembic-1.16.4-py3-none-any.whl.metadata (7.3 kB)
2025-08-23T20:19:09.7195905Z Collecting apscheduler==3.10.4 (from -r requirements-dev.txt (line 4))
2025-08-23T20:19:09.7210229Z   Using cached APScheduler-3.10.4-py3-none-any.whl.metadata (5.7 kB)
2025-08-23T20:19:09.7967339Z Collecting asgi-correlation-id==4.3.1 (from -r requirements-dev.txt (line 5))
2025-08-23T20:19:09.7982832Z   Using cached asgi_correlation_id-4.3.1-py3-none-any.whl.metadata (28 kB)
2025-08-23T20:19:09.8558167Z Collecting asyncpg==0.30.0 (from -r requirements-dev.txt (line 6))
2025-08-23T20:19:09.8573842Z   Using cached asyncpg-0.30.0-cp311-cp311-manylinux_2_17_x86_64.manylinux2014_x86_64.whl.metadata (5.0 kB)
2025-08-23T20:19:09.9056996Z Collecting black==25.1.0 (from -r requirements-dev.txt (line 7))
2025-08-23T20:19:09.9072710Z   Using cached black-25.1.0-cp311-cp311-manylinux_2_17_x86_64.manylinux2014_x86_64.manylinux_2_28_x86_64.whl.metadata (81 kB)
2025-08-23T20:19:10.2619582Z Collecting boto3 (from -r requirements-dev.txt (line 8))
2025-08-23T20:19:10.3251689Z   Downloading boto3-1.40.16-py3-none-any.whl.metadata (6.7 kB)
2025-08-23T20:19:10.3602473Z Collecting redis==6.* (from -r requirements-dev.txt (line 9))
2025-08-23T20:19:10.3616338Z   Using cached redis-6.4.0-py3-none-any.whl.metadata (10 kB)
2025-08-23T20:19:10.4008682Z Collecting minio==7.* (from -r requirements-dev.txt (line 10))
2025-08-23T20:19:10.4022814Z   Using cached minio-7.2.16-py3-none-any.whl.metadata (6.5 kB)
2025-08-23T20:19:10.4227396Z Collecting vulture==2.10 (from -r requirements-dev.txt (line 11))
2025-08-23T20:19:10.4240891Z   Using cached vulture-2.10-py2.py3-none-any.whl.metadata (23 kB)
2025-08-23T20:19:10.4585790Z Collecting celery==5.5.3 (from -r requirements-dev.txt (line 12))
2025-08-23T20:19:10.4600443Z   Using cached celery-5.5.3-py3-none-any.whl.metadata (22 kB)
2025-08-23T20:19:10.5201368Z Collecting fastapi==0.116.1 (from -r requirements-dev.txt (line 13))
2025-08-23T20:19:10.5216291Z   Using cached fastapi-0.116.1-py3-none-any.whl.metadata (28 kB)
2025-08-23T20:19:10.5425650Z Collecting fastapi-limiter==0.1.6 (from -r requirements-dev.txt (line 15))
2025-08-23T20:19:10.5439264Z   Using cached fastapi_limiter-0.1.6-py3-none-any.whl.metadata (5.3 kB)
2025-08-23T20:19:10.5676481Z Collecting httpx<0.29,>=0.27 (from -r requirements-dev.txt (line 16))
2025-08-23T20:19:10.5690863Z   Using cached httpx-0.28.1-py3-none-any.whl.metadata (7.1 kB)
2025-08-23T20:19:10.5878922Z Collecting imapclient==3.0.1 (from -r requirements-dev.txt (line 17))
2025-08-23T20:19:10.5893321Z   Using cached IMAPClient-3.0.1-py2.py3-none-any.whl.metadata (1.7 kB)
2025-08-23T20:19:10.6056200Z Collecting itsdangerous (from -r requirements-dev.txt (line 18))
2025-08-23T20:19:10.6070443Z   Using cached itsdangerous-2.2.0-py3-none-any.whl.metadata (1.9 kB)
2025-08-23T20:19:10.7264670Z Collecting mypy==1.* (from -r requirements-dev.txt (line 19))
2025-08-23T20:19:10.7279245Z   Using cached mypy-1.17.1-cp311-cp311-manylinux2014_x86_64.manylinux_2_17_x86_64.manylinux_2_28_x86_64.whl.metadata (2.2 kB)
2025-08-23T20:19:10.7444785Z Collecting mypy-extensions==1.1.0 (from -r requirements-dev.txt (line 20))
2025-08-23T20:19:10.7458225Z   Using cached mypy_extensions-1.1.0-py3-none-any.whl.metadata (1.1 kB)
2025-08-23T20:19:10.9103190Z Collecting numpy<2 (from -r requirements-dev.txt (line 21))
2025-08-23T20:19:10.9118731Z   Using cached numpy-1.26.4-cp311-cp311-manylinux_2_17_x86_64.manylinux2014_x86_64.whl.metadata (61 kB)
2025-08-23T20:19:10.9414108Z Collecting openpyxl==3.1.5 (from -r requirements-dev.txt (line 22))
2025-08-23T20:19:10.9427270Z   Using cached openpyxl-3.1.5-py2.py3-none-any.whl.metadata (2.5 kB)
2025-08-23T20:19:11.0759906Z Collecting pandas==2.2.* (from -r requirements-dev.txt (line 23))
2025-08-23T20:19:11.0775814Z   Using cached pandas-2.2.3-cp311-cp311-manylinux_2_17_x86_64.manylinux2014_x86_64.whl.metadata (89 kB)
2025-08-23T20:19:11.1699636Z Collecting psycopg2-binary==2.9.10 (from -r requirements-dev.txt (line 24))
2025-08-23T20:19:11.1714604Z   Using cached psycopg2_binary-2.9.10-cp311-cp311-manylinux_2_17_x86_64.manylinux2014_x86_64.whl.metadata (4.9 kB)
2025-08-23T20:19:11.1949024Z Collecting psycopg==3.2.9 (from psycopg[binary]==3.2.9->-r requirements-dev.txt (line 25))
2025-08-23T20:19:11.2230855Z   Using cached psycopg-3.2.9-py3-none-any.whl.metadata (4.5 kB)
2025-08-23T20:19:11.3325951Z Collecting pydantic==2.11.7 (from -r requirements-dev.txt (line 26))
2025-08-23T20:19:11.3341064Z   Using cached pydantic-2.11.7-py3-none-any.whl.metadata (67 kB)
2025-08-23T20:19:11.3378870Z Requirement already satisfied: setuptools in /opt/hostedtoolcache/Python/3.11.13/x64/lib/python3.11/site-packages (from -r requirements-dev.txt (line 27)) (65.5.0)
2025-08-23T20:19:11.3597042Z Collecting pytest-asyncio==1.1.0 (from -r requirements-dev.txt (line 28))
2025-08-23T20:19:11.3610357Z   Using cached pytest_asyncio-1.1.0-py3-none-any.whl.metadata (4.1 kB)
2025-08-23T20:19:11.3861814Z Collecting pytest-cov==6.2.1 (from -r requirements-dev.txt (line 29))
2025-08-23T20:19:11.3875432Z   Using cached pytest_cov-6.2.1-py3-none-any.whl.metadata (30 kB)
2025-08-23T20:19:11.4094193Z Collecting pytest-postgresql==7.0.2 (from -r requirements-dev.txt (line 30))
2025-08-23T20:19:11.4107505Z   Using cached pytest_postgresql-7.0.2-py3-none-any.whl.metadata (18 kB)
2025-08-23T20:19:11.4440199Z Collecting python-dotenv (from -r requirements-dev.txt (line 31))
2025-08-23T20:19:11.4453792Z   Using cached python_dotenv-1.1.1-py3-none-any.whl.metadata (24 kB)
2025-08-23T20:19:11.4633547Z Collecting python-multipart (from -r requirements-dev.txt (line 32))
2025-08-23T20:19:11.4647034Z   Using cached python_multipart-0.0.20-py3-none-any.whl.metadata (1.8 kB)
2025-08-23T20:19:11.4992368Z Collecting python-telegram-bot==22.3 (from -r requirements-dev.txt (line 33))
2025-08-23T20:19:11.5005877Z   Using cached python_telegram_bot-22.3-py3-none-any.whl.metadata (17 kB)
2025-08-23T20:19:11.5322394Z Collecting requests==2.32.4 (from -r requirements-dev.txt (line 34))
2025-08-23T20:19:11.5336094Z   Using cached requests-2.32.4-py3-none-any.whl.metadata (4.9 kB)
2025-08-23T20:19:11.6096538Z Collecting respx==0.22.0 (from -r requirements-dev.txt (line 35))
2025-08-23T20:19:11.6110310Z   Using cached respx-0.22.0-py2.py3-none-any.whl.metadata (4.1 kB)
2025-08-23T20:19:12.0292643Z Collecting ruff==0.9.9 (from -r requirements-dev.txt (line 36))
2025-08-23T20:19:12.0308054Z   Using cached ruff-0.9.9-py3-none-manylinux_2_17_x86_64.manylinux2014_x86_64.whl.metadata (25 kB)
2025-08-23T20:19:12.2814665Z Collecting sqlalchemy==2.0.43 (from -r requirements-dev.txt (line 37))
2025-08-23T20:19:12.2834955Z   Using cached sqlalchemy-2.0.43-cp311-cp311-manylinux_2_17_x86_64.manylinux2014_x86_64.whl.metadata (9.6 kB)
2025-08-23T20:19:12.3173361Z Collecting structlog==24.1.0 (from -r requirements-dev.txt (line 38))
2025-08-23T20:19:12.3187706Z   Using cached structlog-24.1.0-py3-none-any.whl.metadata (6.9 kB)
2025-08-23T20:19:12.3417386Z Collecting testcontainers==4.12.0 (from testcontainers[postgres]==4.12.0->-r requirements-dev.txt (line 39))
2025-08-23T20:19:12.3430993Z   Using cached testcontainers-4.12.0-py3-none-any.whl.metadata (8.3 kB)
2025-08-23T20:19:12.3830941Z Collecting types-requests==2.32.4.20250809 (from -r requirements-dev.txt (line 40))
2025-08-23T20:19:12.3844687Z   Using cached types_requests-2.32.4.20250809-py3-none-any.whl.metadata (2.0 kB)
2025-08-23T20:19:12.4634078Z Collecting docspec-python==2.2.2 (from -r requirements-dev.txt (line 41))
2025-08-23T20:19:12.4647892Z   Using cached docspec_python-2.2.2-py3-none-any.whl.metadata (1.0 kB)
2025-08-23T20:19:12.5413799Z Collecting pydoc-markdown==4.8.2 (from -r requirements-dev.txt (line 42))
2025-08-23T20:19:12.5427776Z   Using cached pydoc_markdown-4.8.2-py3-none-any.whl.metadata (5.9 kB)
2025-08-23T20:19:12.5750549Z Collecting pandera==0.19.* (from -r requirements-dev.txt (line 43))
2025-08-23T20:19:12.5764175Z   Using cached pandera-0.19.3-py3-none-any.whl.metadata (15 kB)
2025-08-23T20:19:12.6839684Z Collecting MarkupSafe>=2.0 (from Jinja2==3.1.6->-r requirements-dev.txt (line 2))
2025-08-23T20:19:12.6855895Z   Using cached MarkupSafe-3.0.2-cp311-cp311-manylinux_2_17_x86_64.manylinux2014_x86_64.whl.metadata (4.0 kB)
2025-08-23T20:19:12.7246763Z Collecting Mako (from alembic==1.16.4->-r requirements-dev.txt (line 3))
2025-08-23T20:19:12.7258053Z   Using cached mako-1.3.10-py3-none-any.whl.metadata (2.9 kB)
2025-08-23T20:19:12.7477881Z Collecting typing-extensions>=4.12 (from alembic==1.16.4->-r requirements-dev.txt (line 3))
2025-08-23T20:19:12.7493650Z   Using cached typing_extensions-4.14.1-py3-none-any.whl.metadata (3.0 kB)
2025-08-23T20:19:12.7714520Z Collecting six>=1.4.0 (from apscheduler==3.10.4->-r requirements-dev.txt (line 4))
2025-08-23T20:19:12.7728127Z   Using cached six-1.17.0-py2.py3-none-any.whl.metadata (1.7 kB)
2025-08-23T20:19:12.8107848Z Collecting pytz (from apscheduler==3.10.4->-r requirements-dev.txt (line 4))
2025-08-23T20:19:12.8127316Z   Using cached pytz-2025.2-py2.py3-none-any.whl.metadata (22 kB)
2025-08-23T20:19:12.8345395Z Collecting tzlocal!=3.*,>=2.0 (from apscheduler==3.10.4->-r requirements-dev.txt (line 4))
2025-08-23T20:19:12.8358594Z   Using cached tzlocal-5.3.1-py3-none-any.whl.metadata (7.6 kB)
2025-08-23T20:19:12.8702078Z Collecting starlette>=0.18 (from asgi-correlation-id==4.3.1->-r requirements-dev.txt (line 5))
2025-08-23T20:19:12.8715760Z   Using cached starlette-0.47.2-py3-none-any.whl.metadata (6.2 kB)
2025-08-23T20:19:12.8957989Z Collecting click>=8.0.0 (from black==25.1.0->-r requirements-dev.txt (line 7))
2025-08-23T20:19:12.8971493Z   Using cached click-8.2.1-py3-none-any.whl.metadata (2.5 kB)
2025-08-23T20:19:12.9200200Z Collecting packaging>=22.0 (from black==25.1.0->-r requirements-dev.txt (line 7))
2025-08-23T20:19:12.9213345Z   Using cached packaging-25.0-py3-none-any.whl.metadata (3.3 kB)
2025-08-23T20:19:12.9415544Z Collecting pathspec>=0.9.0 (from black==25.1.0->-r requirements-dev.txt (line 7))
2025-08-23T20:19:12.9428554Z   Using cached pathspec-0.12.1-py3-none-any.whl.metadata (21 kB)
2025-08-23T20:19:12.9661332Z Collecting platformdirs>=2 (from black==25.1.0->-r requirements-dev.txt (line 7))
2025-08-23T20:19:12.9675687Z   Using cached platformdirs-4.3.8-py3-none-any.whl.metadata (12 kB)
2025-08-23T20:19:12.9847237Z Collecting toml (from vulture==2.10->-r requirements-dev.txt (line 11))
2025-08-23T20:19:12.9860347Z   Using cached toml-0.10.2-py2.py3-none-any.whl.metadata (7.1 kB)
2025-08-23T20:19:13.0080817Z Collecting billiard<5.0,>=4.2.1 (from celery==5.5.3->-r requirements-dev.txt (line 12))
2025-08-23T20:19:13.0094119Z   Using cached billiard-4.2.1-py3-none-any.whl.metadata (4.4 kB)
2025-08-23T20:19:13.0427099Z Collecting kombu<5.6,>=5.5.2 (from celery==5.5.3->-r requirements-dev.txt (line 12))
2025-08-23T20:19:13.0440072Z   Using cached kombu-5.5.4-py3-none-any.whl.metadata (3.5 kB)
2025-08-23T20:19:13.0642502Z Collecting vine<6.0,>=5.1.0 (from celery==5.5.3->-r requirements-dev.txt (line 12))
2025-08-23T20:19:13.0656039Z   Using cached vine-5.1.0-py3-none-any.whl.metadata (2.7 kB)
2025-08-23T20:19:13.0856281Z Collecting click-didyoumean>=0.3.0 (from celery==5.5.3->-r requirements-dev.txt (line 12))
2025-08-23T20:19:13.0869176Z   Using cached click_didyoumean-0.3.1-py3-none-any.whl.metadata (3.9 kB)
2025-08-23T20:19:13.1075712Z Collecting click-repl>=0.2.0 (from celery==5.5.3->-r requirements-dev.txt (line 12))
2025-08-23T20:19:13.1088449Z   Using cached click_repl-0.3.0-py3-none-any.whl.metadata (3.6 kB)
2025-08-23T20:19:13.1236147Z Collecting click-plugins>=1.1.1 (from celery==5.5.3->-r requirements-dev.txt (line 12))
2025-08-23T20:19:13.1249267Z   Using cached click_plugins-1.1.1.2-py2.py3-none-any.whl.metadata (6.5 kB)
2025-08-23T20:19:13.1424585Z Collecting python-dateutil>=2.8.2 (from celery==5.5.3->-r requirements-dev.txt (line 12))
2025-08-23T20:19:13.1437697Z   Using cached python_dateutil-2.9.0.post0-py2.py3-none-any.whl.metadata (8.4 kB)
2025-08-23T20:19:13.1803883Z Collecting annotated-types>=0.6.0 (from pydantic==2.11.7->-r requirements-dev.txt (line 26))
2025-08-23T20:19:13.1816510Z   Using cached annotated_types-0.7.0-py3-none-any.whl.metadata (15 kB)
2025-08-23T20:19:13.8400719Z Collecting pydantic-core==2.33.2 (from pydantic==2.11.7->-r requirements-dev.txt (line 26))
2025-08-23T20:19:13.8416703Z   Using cached pydantic_core-2.33.2-cp311-cp311-manylinux_2_17_x86_64.manylinux2014_x86_64.whl.metadata (6.8 kB)
2025-08-23T20:19:13.8599678Z Collecting typing-inspection>=0.4.0 (from pydantic==2.11.7->-r requirements-dev.txt (line 26))
2025-08-23T20:19:13.8613918Z   Using cached typing_inspection-0.4.1-py3-none-any.whl.metadata (2.6 kB)
2025-08-23T20:19:13.8912174Z Collecting et-xmlfile (from openpyxl==3.1.5->-r requirements-dev.txt (line 22))
2025-08-23T20:19:13.8926287Z   Using cached et_xmlfile-2.0.0-py3-none-any.whl.metadata (2.7 kB)
2025-08-23T20:19:13.9370895Z Collecting pytest<9,>=8.2 (from pytest-asyncio==1.1.0->-r requirements-dev.txt (line 28))
2025-08-23T20:19:13.9385179Z   Using cached pytest-8.4.1-py3-none-any.whl.metadata (7.7 kB)
2025-08-23T20:19:14.3704776Z Collecting coverage>=7.5 (from coverage[toml]>=7.5->pytest-cov==6.2.1->-r requirements-dev.txt (line 29))
2025-08-23T20:19:14.3813105Z   Downloading coverage-7.10.5-cp311-cp311-manylinux1_x86_64.manylinux_2_28_x86_64.manylinux_2_5_x86_64.whl.metadata (8.9 kB)
2025-08-23T20:19:14.4044817Z Collecting pluggy>=1.2 (from pytest-cov==6.2.1->-r requirements-dev.txt (line 29))
2025-08-23T20:19:14.4059801Z   Using cached pluggy-1.6.0-py3-none-any.whl.metadata (4.8 kB)
2025-08-23T20:19:14.4344429Z Collecting port-for>=0.7.3 (from pytest-postgresql==7.0.2->-r requirements-dev.txt (line 30))
2025-08-23T20:19:14.4358895Z   Using cached port_for-0.7.4-py3-none-any.whl.metadata (7.1 kB)
2025-08-23T20:19:14.4588246Z Collecting mirakuru>=2.6.0 (from pytest-postgresql==7.0.2->-r requirements-dev.txt (line 30))
2025-08-23T20:19:14.4603791Z   Using cached mirakuru-2.6.1-py3-none-any.whl.metadata (10 kB)
2025-08-23T20:19:14.5484247Z Collecting charset_normalizer<4,>=2 (from requests==2.32.4->-r requirements-dev.txt (line 34))
2025-08-23T20:19:14.5500136Z   Using cached charset_normalizer-3.4.3-cp311-cp311-manylinux2014_x86_64.manylinux_2_17_x86_64.manylinux_2_28_x86_64.whl.metadata (36 kB)
2025-08-23T20:19:14.5709923Z Collecting idna<4,>=2.5 (from requests==2.32.4->-r requirements-dev.txt (line 34))
2025-08-23T20:19:14.5723878Z   Using cached idna-3.10-py3-none-any.whl.metadata (10 kB)
2025-08-23T20:19:14.6037052Z Collecting urllib3<3,>=1.21.1 (from requests==2.32.4->-r requirements-dev.txt (line 34))
2025-08-23T20:19:14.6051004Z   Using cached urllib3-2.5.0-py3-none-any.whl.metadata (6.5 kB)
2025-08-23T20:19:14.6328883Z Collecting certifi>=2017.4.17 (from requests==2.32.4->-r requirements-dev.txt (line 34))
2025-08-23T20:19:14.6342880Z   Using cached certifi-2025.8.3-py3-none-any.whl.metadata (2.4 kB)
2025-08-23T20:19:14.7617939Z Collecting greenlet>=1 (from sqlalchemy==2.0.43->-r requirements-dev.txt (line 37))
2025-08-23T20:19:14.7634228Z   Using cached greenlet-3.2.4-cp311-cp311-manylinux_2_24_x86_64.manylinux_2_28_x86_64.whl.metadata (4.1 kB)
2025-08-23T20:19:14.7923294Z Collecting docker (from testcontainers==4.12.0->testcontainers[postgres]==4.12.0->-r requirements-dev.txt (line 39))
2025-08-23T20:19:14.7937786Z   Using cached docker-7.1.0-py3-none-any.whl.metadata (3.8 kB)
2025-08-23T20:19:14.8949637Z Collecting wrapt (from testcontainers==4.12.0->testcontainers[postgres]==4.12.0->-r requirements-dev.txt (line 39))
2025-08-23T20:19:14.8965645Z   Using cached wrapt-1.17.3-cp311-cp311-manylinux1_x86_64.manylinux_2_28_x86_64.manylinux_2_5_x86_64.whl.metadata (6.4 kB)
2025-08-23T20:19:14.9800389Z Collecting docspec==2.2.1 (from docspec-python==2.2.2->-r requirements-dev.txt (line 41))
2025-08-23T20:19:14.9815199Z   Using cached docspec-2.2.1-py3-none-any.whl.metadata (1.5 kB)
2025-08-23T20:19:15.0617868Z Collecting nr-util>=0.8.12 (from docspec-python==2.2.2->-r requirements-dev.txt (line 41))
2025-08-23T20:19:15.0632377Z   Using cached nr.util-0.8.12-py3-none-any.whl.metadata (813 bytes)
2025-08-23T20:19:15.1039776Z Collecting PyYAML<7.0,>=5.0 (from pydoc-markdown==4.8.2->-r requirements-dev.txt (line 42))
2025-08-23T20:19:15.1054716Z   Using cached PyYAML-6.0.2-cp311-cp311-manylinux_2_17_x86_64.manylinux2014_x86_64.whl.metadata (2.1 kB)
2025-08-23T20:19:15.1901576Z Collecting databind.core<5.0.0,>=4.4.0 (from pydoc-markdown==4.8.2->-r requirements-dev.txt (line 42))
2025-08-23T20:19:15.1916342Z   Using cached databind.core-4.5.2-py3-none-any.whl.metadata (1.1 kB)
2025-08-23T20:19:15.2705754Z Collecting databind.json<5.0.0,>=4.4.0 (from pydoc-markdown==4.8.2->-r requirements-dev.txt (line 42))
2025-08-23T20:19:15.2719860Z   Using cached databind.json-4.5.2-py3-none-any.whl.metadata (1.1 kB)
2025-08-23T20:19:15.2911271Z Collecting docstring-parser<0.12,>=0.11 (from pydoc-markdown==4.8.2->-r requirements-dev.txt (line 42))
2025-08-23T20:19:15.2912397Z   Using cached docstring_parser-0.11-py3-none-any.whl
2025-08-23T20:19:15.3287522Z Collecting tomli<3.0.0,>=2.0.0 (from pydoc-markdown==4.8.2->-r requirements-dev.txt (line 42))
2025-08-23T20:19:15.3301773Z   Using cached tomli-2.2.1-cp311-cp311-manylinux_2_17_x86_64.manylinux2014_x86_64.whl.metadata (11 kB)
2025-08-23T20:19:15.3459954Z Collecting tomli_w<2.0.0,>=1.0.0 (from pydoc-markdown==4.8.2->-r requirements-dev.txt (line 42))
2025-08-23T20:19:15.3473203Z   Using cached tomli_w-1.2.0-py3-none-any.whl.metadata (5.7 kB)
2025-08-23T20:19:15.3982980Z Collecting watchdog (from pydoc-markdown==4.8.2->-r requirements-dev.txt (line 42))
2025-08-23T20:19:15.3998153Z   Using cached watchdog-6.0.0-py3-none-manylinux2014_x86_64.whl.metadata (44 kB)
2025-08-23T20:19:15.4277599Z Collecting yapf>=0.30.0 (from pydoc-markdown==4.8.2->-r requirements-dev.txt (line 42))
2025-08-23T20:19:15.4291122Z   Using cached yapf-0.43.0-py3-none-any.whl.metadata (46 kB)
2025-08-23T20:19:15.4530793Z Collecting Deprecated<2.0.0,>=1.2.12 (from docspec==2.2.1->docspec-python==2.2.2->-r requirements-dev.txt (line 41))
2025-08-23T20:19:15.4544075Z   Using cached Deprecated-1.2.18-py2.py3-none-any.whl.metadata (5.7 kB)
2025-08-23T20:19:15.6038767Z Collecting psycopg-binary==3.2.9 (from psycopg[binary]==3.2.9->-r requirements-dev.txt (line 25))
2025-08-23T20:19:15.6054939Z   Using cached psycopg_binary-3.2.9-cp311-cp311-manylinux_2_17_x86_64.manylinux2014_x86_64.whl.metadata (2.9 kB)
2025-08-23T20:19:15.6469469Z Collecting argon2-cffi (from minio==7.*->-r requirements-dev.txt (line 10))
2025-08-23T20:19:15.6483108Z   Using cached argon2_cffi-25.1.0-py3-none-any.whl.metadata (4.1 kB)
2025-08-23T20:19:15.7292906Z Collecting pycryptodome (from minio==7.*->-r requirements-dev.txt (line 10))
2025-08-23T20:19:15.7308888Z   Using cached pycryptodome-3.23.0-cp37-abi3-manylinux_2_17_x86_64.manylinux2014_x86_64.whl.metadata (3.4 kB)
2025-08-23T20:19:15.7554185Z Collecting anyio (from httpx<0.29,>=0.27->-r requirements-dev.txt (line 16))
2025-08-23T20:19:15.7568036Z   Using cached anyio-4.10.0-py3-none-any.whl.metadata (4.0 kB)
2025-08-23T20:19:15.7801316Z Collecting httpcore==1.* (from httpx<0.29,>=0.27->-r requirements-dev.txt (line 16))
2025-08-23T20:19:15.7815304Z   Using cached httpcore-1.0.9-py3-none-any.whl.metadata (21 kB)
2025-08-23T20:19:15.8175510Z Collecting tzdata>=2022.7 (from pandas==2.2.*->-r requirements-dev.txt (line 23))
2025-08-23T20:19:15.8189504Z   Using cached tzdata-2025.2-py2.py3-none-any.whl.metadata (1.4 kB)
2025-08-23T20:19:15.8393041Z Collecting multimethod<=1.10.0 (from pandera==0.19.*->-r requirements-dev.txt (line 43))
2025-08-23T20:19:15.8406680Z   Using cached multimethod-1.10-py3-none-any.whl.metadata (8.2 kB)
2025-08-23T20:19:15.9837091Z Collecting typeguard (from pandera==0.19.*->-r requirements-dev.txt (line 43))
2025-08-23T20:19:15.9853127Z   Using cached typeguard-4.4.4-py3-none-any.whl.metadata (3.3 kB)
2025-08-23T20:19:16.0012669Z Collecting typing-inspect>=0.6.0 (from pandera==0.19.*->-r requirements-dev.txt (line 43))
2025-08-23T20:19:16.0026716Z   Using cached typing_inspect-0.9.0-py3-none-any.whl.metadata (1.5 kB)
2025-08-23T20:19:16.0866323Z Collecting databind<5.0.0,>=4.5.2 (from databind.core<5.0.0,>=4.4.0->pydoc-markdown==4.8.2->-r requirements-dev.txt (line 42))
2025-08-23T20:19:16.0880634Z   Using cached databind-4.5.2-py3-none-any.whl.metadata (4.3 kB)
2025-08-23T20:19:16.1604293Z Collecting nr-date<3.0.0,>=2.0.0 (from databind<5.0.0,>=4.5.2->databind.core<5.0.0,>=4.4.0->pydoc-markdown==4.8.2->-r requirements-dev.txt (line 42))
2025-08-23T20:19:16.1618679Z   Using cached nr_date-2.1.0-py3-none-any.whl.metadata (746 bytes)
2025-08-23T20:19:16.2357359Z Collecting nr-stream<2.0.0,>=1.0.0 (from databind<5.0.0,>=4.5.2->databind.core<5.0.0,>=4.4.0->pydoc-markdown==4.8.2->-r requirements-dev.txt (line 42))
2025-08-23T20:19:16.2371557Z   Using cached nr_stream-1.1.5-py3-none-any.whl.metadata (3.6 kB)
2025-08-23T20:19:16.3152248Z Collecting typeapi<3,>=2.0.1 (from databind<5.0.0,>=4.5.2->databind.core<5.0.0,>=4.4.0->pydoc-markdown==4.8.2->-r requirements-dev.txt (line 42))
2025-08-23T20:19:16.3167908Z   Using cached typeapi-2.2.4-py3-none-any.whl.metadata (1.5 kB)
2025-08-23T20:19:16.3479202Z Collecting h11>=0.16 (from httpcore==1.*->httpx<0.29,>=0.27->-r requirements-dev.txt (line 16))
2025-08-23T20:19:16.3493177Z   Using cached h11-0.16.0-py3-none-any.whl.metadata (8.3 kB)
2025-08-23T20:19:16.3750855Z Collecting amqp<6.0.0,>=5.1.1 (from kombu<5.6,>=5.5.2->celery==5.5.3->-r requirements-dev.txt (line 12))
2025-08-23T20:19:16.3764901Z   Using cached amqp-5.3.1-py3-none-any.whl.metadata (8.9 kB)
2025-08-23T20:19:16.4164062Z Collecting iniconfig>=1 (from pytest<9,>=8.2->pytest-asyncio==1.1.0->-r requirements-dev.txt (line 28))
2025-08-23T20:19:16.4178320Z   Using cached iniconfig-2.1.0-py3-none-any.whl.metadata (2.7 kB)
2025-08-23T20:19:16.4436949Z Collecting pygments>=2.7.2 (from pytest<9,>=8.2->pytest-asyncio==1.1.0->-r requirements-dev.txt (line 28))
2025-08-23T20:19:16.4450951Z   Using cached pygments-2.19.2-py3-none-any.whl.metadata (2.5 kB)
2025-08-23T20:19:16.4810485Z Collecting sniffio>=1.1 (from anyio->httpx<0.29,>=0.27->-r requirements-dev.txt (line 16))
2025-08-23T20:19:16.4824794Z   Using cached sniffio-1.3.1-py3-none-any.whl.metadata (3.9 kB)
2025-08-23T20:19:16.8771691Z Collecting botocore<1.41.0,>=1.40.16 (from boto3->-r requirements-dev.txt (line 8))
2025-08-23T20:19:16.8878773Z   Downloading botocore-1.40.16-py3-none-any.whl.metadata (5.7 kB)
2025-08-23T20:19:16.9086877Z Collecting jmespath<2.0.0,>=0.7.1 (from boto3->-r requirements-dev.txt (line 8))
2025-08-23T20:19:16.9099874Z   Using cached jmespath-1.0.1-py3-none-any.whl.metadata (7.6 kB)
2025-08-23T20:19:16.9320954Z Collecting s3transfer<0.14.0,>=0.13.0 (from boto3->-r requirements-dev.txt (line 8))
2025-08-23T20:19:16.9334294Z   Using cached s3transfer-0.13.1-py3-none-any.whl.metadata (1.7 kB)
2025-08-23T20:19:17.1256242Z Collecting fastapi-cli>=0.0.8 (from fastapi-cli[standard]>=0.0.8; extra == "all"->fastapi[all]->-r requirements-dev.txt (line 14))
2025-08-23T20:19:17.1269347Z   Using cached fastapi_cli-0.0.8-py3-none-any.whl.metadata (6.3 kB)
2025-08-23T20:19:17.2052385Z Collecting ujson!=4.0.2,!=4.1.0,!=4.2.0,!=4.3.0,!=5.0.0,!=5.1.0,>=4.0.1 (from fastapi[all]->-r requirements-dev.txt (line 14))
2025-08-23T20:19:17.2067387Z   Using cached ujson-5.11.0-cp311-cp311-manylinux_2_24_x86_64.manylinux_2_28_x86_64.whl.metadata (9.4 kB)
2025-08-23T20:19:17.4412132Z Collecting orjson>=3.2.1 (from fastapi[all]->-r requirements-dev.txt (line 14))
2025-08-23T20:19:17.4427493Z   Using cached orjson-3.11.2-cp311-cp311-manylinux_2_17_x86_64.manylinux2014_x86_64.whl.metadata (1.2 kB)
2025-08-23T20:19:17.4608154Z Collecting email-validator>=2.0.0 (from fastapi[all]->-r requirements-dev.txt (line 14))
2025-08-23T20:19:17.4621675Z   Using cached email_validator-2.2.0-py3-none-any.whl.metadata (25 kB)
2025-08-23T20:19:17.4944853Z Collecting uvicorn>=0.12.0 (from uvicorn[standard]>=0.12.0; extra == "all"->fastapi[all]->-r requirements-dev.txt (line 14))
2025-08-23T20:19:17.4958639Z   Using cached uvicorn-0.35.0-py3-none-any.whl.metadata (6.5 kB)
2025-08-23T20:19:17.5185419Z Collecting pydantic-settings>=2.0.0 (from fastapi[all]->-r requirements-dev.txt (line 14))
2025-08-23T20:19:17.5199361Z   Using cached pydantic_settings-2.10.1-py3-none-any.whl.metadata (3.4 kB)
2025-08-23T20:19:17.5450286Z Collecting pydantic-extra-types>=2.0.0 (from fastapi[all]->-r requirements-dev.txt (line 14))
2025-08-23T20:19:17.5465091Z   Using cached pydantic_extra_types-2.10.5-py3-none-any.whl.metadata (3.9 kB)
2025-08-23T20:19:17.6221266Z Collecting prompt-toolkit>=3.0.36 (from click-repl>=0.2.0->celery==5.5.3->-r requirements-dev.txt (line 12))
2025-08-23T20:19:17.6235885Z   Using cached prompt_toolkit-3.0.51-py3-none-any.whl.metadata (6.4 kB)
2025-08-23T20:19:17.6482713Z Collecting dnspython>=2.0.0 (from email-validator>=2.0.0->fastapi[all]->-r requirements-dev.txt (line 14))
2025-08-23T20:19:17.6500167Z   Using cached dnspython-2.7.0-py3-none-any.whl.metadata (5.8 kB)
2025-08-23T20:19:17.6830446Z Collecting typer>=0.15.1 (from fastapi-cli>=0.0.8->fastapi-cli[standard]>=0.0.8; extra == "all"->fastapi[all]->-r requirements-dev.txt (line 14))
2025-08-23T20:19:17.6843878Z   Using cached typer-0.16.1-py3-none-any.whl.metadata (15 kB)
2025-08-23T20:19:17.7160635Z Collecting rich-toolkit>=0.14.8 (from fastapi-cli>=0.0.8->fastapi-cli[standard]>=0.0.8; extra == "all"->fastapi[all]->-r requirements-dev.txt (line 14))
2025-08-23T20:19:17.7173921Z   Using cached rich_toolkit-0.15.0-py3-none-any.whl.metadata (1.0 kB)
2025-08-23T20:19:17.7342233Z Collecting fastapi-cloud-cli>=0.1.1 (from fastapi-cli[standard]>=0.0.8; extra == "all"->fastapi[all]->-r requirements-dev.txt (line 14))
2025-08-23T20:19:17.7355601Z   Using cached fastapi_cloud_cli-0.1.5-py3-none-any.whl.metadata (3.2 kB)
2025-08-23T20:19:17.8174872Z Collecting rignore>=0.5.1 (from fastapi-cloud-cli>=0.1.1->fastapi-cli[standard]>=0.0.8; extra == "all"->fastapi[all]->-r requirements-dev.txt (line 14))
2025-08-23T20:19:17.8191495Z   Using cached rignore-0.6.4-cp311-cp311-manylinux_2_17_x86_64.manylinux2014_x86_64.whl.metadata (3.8 kB)
2025-08-23T20:19:17.8845714Z Collecting sentry-sdk>=2.20.0 (from fastapi-cloud-cli>=0.1.1->fastapi-cli[standard]>=0.0.8; extra == "all"->fastapi[all]->-r requirements-dev.txt (line 14))
2025-08-23T20:19:17.8860729Z   Using cached sentry_sdk-2.35.0-py2.py3-none-any.whl.metadata (10 kB)
2025-08-23T20:19:18.0999421Z Collecting psutil>=4.0.0 (from mirakuru>=2.6.0->pytest-postgresql==7.0.2->-r requirements-dev.txt (line 30))
2025-08-23T20:19:18.1014571Z   Using cached psutil-7.0.0-cp36-abi3-manylinux_2_12_x86_64.manylinux2010_x86_64.manylinux_2_17_x86_64.manylinux2014_x86_64.whl.metadata (22 kB)
2025-08-23T20:19:18.1379149Z Collecting wcwidth (from prompt-toolkit>=3.0.36->click-repl>=0.2.0->celery==5.5.3->-r requirements-dev.txt (line 12))
2025-08-23T20:19:18.1392363Z   Using cached wcwidth-0.2.13-py2.py3-none-any.whl.metadata (14 kB)
2025-08-23T20:19:18.2242819Z Collecting rich>=13.7.1 (from rich-toolkit>=0.14.8->fastapi-cli>=0.0.8->fastapi-cli[standard]>=0.0.8; extra == "all"->fastapi[all]->-r requirements-dev.txt (line 14))
2025-08-23T20:19:18.2257604Z   Using cached rich-14.1.0-py3-none-any.whl.metadata (18 kB)
2025-08-23T20:19:18.2503178Z Collecting markdown-it-py>=2.2.0 (from rich>=13.7.1->rich-toolkit>=0.14.8->fastapi-cli>=0.0.8->fastapi-cli[standard]>=0.0.8; extra == "all"->fastapi[all]->-r requirements-dev.txt (line 14))
2025-08-23T20:19:18.2516582Z   Using cached markdown_it_py-4.0.0-py3-none-any.whl.metadata (7.3 kB)
2025-08-23T20:19:18.2784465Z Collecting mdurl~=0.1 (from markdown-it-py>=2.2.0->rich>=13.7.1->rich-toolkit>=0.14.8->fastapi-cli>=0.0.8->fastapi-cli[standard]>=0.0.8; extra == "all"->fastapi[all]->-r requirements-dev.txt (line 14))
2025-08-23T20:19:18.2797246Z   Using cached mdurl-0.1.2-py3-none-any.whl.metadata (1.6 kB)
2025-08-23T20:19:18.3289331Z Collecting shellingham>=1.3.0 (from typer>=0.15.1->fastapi-cli>=0.0.8->fastapi-cli[standard]>=0.0.8; extra == "all"->fastapi[all]->-r requirements-dev.txt (line 14))
2025-08-23T20:19:18.3305180Z   Using cached shellingham-1.5.4-py2.py3-none-any.whl.metadata (3.5 kB)
2025-08-23T20:19:18.4012543Z Collecting httptools>=0.6.3 (from uvicorn[standard]>=0.12.0; extra == "all"->fastapi[all]->-r requirements-dev.txt (line 14))
2025-08-23T20:19:18.4027240Z   Using cached httptools-0.6.4-cp311-cp311-manylinux_2_5_x86_64.manylinux1_x86_64.manylinux_2_17_x86_64.manylinux2014_x86_64.whl.metadata (3.6 kB)
2025-08-23T20:19:18.4493319Z Collecting uvloop>=0.15.1 (from uvicorn[standard]>=0.12.0; extra == "all"->fastapi[all]->-r requirements-dev.txt (line 14))
2025-08-23T20:19:18.4508157Z   Using cached uvloop-0.21.0-cp311-cp311-manylinux_2_17_x86_64.manylinux2014_x86_64.whl.metadata (4.9 kB)
2025-08-23T20:19:18.5247872Z Collecting watchfiles>=0.13 (from uvicorn[standard]>=0.12.0; extra == "all"->fastapi[all]->-r requirements-dev.txt (line 14))
2025-08-23T20:19:18.5262945Z   Using cached watchfiles-1.1.0-cp311-cp311-manylinux_2_17_x86_64.manylinux2014_x86_64.whl.metadata (4.9 kB)
2025-08-23T20:19:18.6158013Z Collecting websockets>=10.4 (from uvicorn[standard]>=0.12.0; extra == "all"->fastapi[all]->-r requirements-dev.txt (line 14))
2025-08-23T20:19:18.6173014Z   Using cached websockets-15.0.1-cp311-cp311-manylinux_2_5_x86_64.manylinux1_x86_64.manylinux_2_17_x86_64.manylinux2014_x86_64.whl.metadata (6.8 kB)
2025-08-23T20:19:18.6679096Z Collecting argon2-cffi-bindings (from argon2-cffi->minio==7.*->-r requirements-dev.txt (line 10))
2025-08-23T20:19:18.6692826Z   Using cached argon2_cffi_bindings-25.1.0-cp39-abi3-manylinux_2_26_x86_64.manylinux_2_28_x86_64.whl.metadata (7.4 kB)
2025-08-23T20:19:18.7739227Z Collecting cffi>=1.0.1 (from argon2-cffi-bindings->argon2-cffi->minio==7.*->-r requirements-dev.txt (line 10))
2025-08-23T20:19:18.7754195Z   Using cached cffi-1.17.1-cp311-cp311-manylinux_2_17_x86_64.manylinux2014_x86_64.whl.metadata (1.5 kB)
2025-08-23T20:19:18.7939937Z Collecting pycparser (from cffi>=1.0.1->argon2-cffi-bindings->argon2-cffi->minio==7.*->-r requirements-dev.txt (line 10))
2025-08-23T20:19:18.7954334Z   Using cached pycparser-2.22-py3-none-any.whl.metadata (943 bytes)
2025-08-23T20:19:18.8503799Z Using cached jinja2-3.1.6-py3-none-any.whl (134 kB)
2025-08-23T20:19:18.8517776Z Using cached alembic-1.16.4-py3-none-any.whl (247 kB)
2025-08-23T20:19:18.8532619Z Using cached APScheduler-3.10.4-py3-none-any.whl (59 kB)
2025-08-23T20:19:18.8546493Z Using cached asgi_correlation_id-4.3.1-py3-none-any.whl (15 kB)
2025-08-23T20:19:18.8559273Z Using cached asyncpg-0.30.0-cp311-cp311-manylinux_2_17_x86_64.manylinux2014_x86_64.whl (3.1 MB)
2025-08-23T20:19:18.8595294Z Using cached black-25.1.0-cp311-cp311-manylinux_2_17_x86_64.manylinux2014_x86_64.manylinux_2_28_x86_64.whl (1.7 MB)
2025-08-23T20:19:18.8620619Z Using cached vulture-2.10-py2.py3-none-any.whl (27 kB)
2025-08-23T20:19:18.8634142Z Using cached celery-5.5.3-py3-none-any.whl (438 kB)
2025-08-23T20:19:18.8650506Z Using cached fastapi-0.116.1-py3-none-any.whl (95 kB)
2025-08-23T20:19:18.8664259Z Using cached pydantic-2.11.7-py3-none-any.whl (444 kB)
2025-08-23T20:19:18.8680898Z Using cached fastapi_limiter-0.1.6-py3-none-any.whl (15 kB)
2025-08-23T20:19:18.8694556Z Using cached IMAPClient-3.0.1-py2.py3-none-any.whl (182 kB)
2025-08-23T20:19:18.8709039Z Using cached mypy_extensions-1.1.0-py3-none-any.whl (5.0 kB)
2025-08-23T20:19:18.8722341Z Using cached openpyxl-3.1.5-py2.py3-none-any.whl (250 kB)
2025-08-23T20:19:18.8737924Z Using cached psycopg2_binary-2.9.10-cp311-cp311-manylinux_2_17_x86_64.manylinux2014_x86_64.whl (3.0 MB)
2025-08-23T20:19:18.8774102Z Using cached psycopg-3.2.9-py3-none-any.whl (202 kB)
2025-08-23T20:19:18.8788659Z Using cached pytest_asyncio-1.1.0-py3-none-any.whl (15 kB)
2025-08-23T20:19:18.8801876Z Using cached pytest_cov-6.2.1-py3-none-any.whl (24 kB)
2025-08-23T20:19:18.8815441Z Using cached pytest_postgresql-7.0.2-py3-none-any.whl (41 kB)
2025-08-23T20:19:18.8828770Z Using cached python_telegram_bot-22.3-py3-none-any.whl (717 kB)
2025-08-23T20:19:18.8847155Z Using cached requests-2.32.4-py3-none-any.whl (64 kB)
2025-08-23T20:19:18.8860847Z Using cached respx-0.22.0-py2.py3-none-any.whl (25 kB)
2025-08-23T20:19:18.8874633Z Using cached ruff-0.9.9-py3-none-manylinux_2_17_x86_64.manylinux2014_x86_64.whl (11.2 MB)
2025-08-23T20:19:18.8969859Z Using cached sqlalchemy-2.0.43-cp311-cp311-manylinux_2_17_x86_64.manylinux2014_x86_64.whl (3.3 MB)
2025-08-23T20:19:18.9007367Z Using cached structlog-24.1.0-py3-none-any.whl (65 kB)
2025-08-23T20:19:18.9021091Z Using cached testcontainers-4.12.0-py3-none-any.whl (111 kB)
2025-08-23T20:19:18.9035308Z Using cached types_requests-2.32.4.20250809-py3-none-any.whl (20 kB)
2025-08-23T20:19:18.9048927Z Using cached docspec_python-2.2.2-py3-none-any.whl (15 kB)
2025-08-23T20:19:18.9062475Z Using cached pydoc_markdown-4.8.2-py3-none-any.whl (67 kB)
2025-08-23T20:19:18.9076323Z Using cached docspec-2.2.1-py3-none-any.whl (9.8 kB)
2025-08-23T20:19:18.9090125Z Using cached psycopg_binary-3.2.9-cp311-cp311-manylinux_2_17_x86_64.manylinux2014_x86_64.whl (4.5 MB)
2025-08-23T20:19:18.9136712Z Using cached pydantic_core-2.33.2-cp311-cp311-manylinux_2_17_x86_64.manylinux2014_x86_64.whl (2.0 MB)
2025-08-23T20:19:18.9164292Z Using cached redis-6.4.0-py3-none-any.whl (279 kB)
2025-08-23T20:19:18.9179612Z Using cached minio-7.2.16-py3-none-any.whl (95 kB)
2025-08-23T20:19:18.9193868Z Using cached httpx-0.28.1-py3-none-any.whl (73 kB)
2025-08-23T20:19:18.9209113Z Using cached mypy-1.17.1-cp311-cp311-manylinux2014_x86_64.manylinux_2_17_x86_64.manylinux_2_28_x86_64.whl (12.6 MB)
2025-08-23T20:19:18.9313805Z Using cached numpy-1.26.4-cp311-cp311-manylinux_2_17_x86_64.manylinux2014_x86_64.whl (18.3 MB)
2025-08-23T20:19:18.9455497Z Using cached pandas-2.2.3-cp311-cp311-manylinux_2_17_x86_64.manylinux2014_x86_64.whl (13.1 MB)
2025-08-23T20:19:18.9563046Z Using cached pandera-0.19.3-py3-none-any.whl (251 kB)
2025-08-23T20:19:18.9577861Z Using cached billiard-4.2.1-py3-none-any.whl (86 kB)
2025-08-23T20:19:18.9592219Z Using cached charset_normalizer-3.4.3-cp311-cp311-manylinux2014_x86_64.manylinux_2_17_x86_64.manylinux_2_28_x86_64.whl (150 kB)
2025-08-23T20:19:18.9606429Z Using cached click-8.2.1-py3-none-any.whl (102 kB)
2025-08-23T20:19:18.9620304Z Using cached databind.core-4.5.2-py3-none-any.whl (1.5 kB)
2025-08-23T20:19:18.9633358Z Using cached databind-4.5.2-py3-none-any.whl (49 kB)
2025-08-23T20:19:18.9646983Z Using cached databind.json-4.5.2-py3-none-any.whl (1.5 kB)
2025-08-23T20:19:18.9660337Z Using cached Deprecated-1.2.18-py2.py3-none-any.whl (10.0 kB)
2025-08-23T20:19:18.9673255Z Using cached httpcore-1.0.9-py3-none-any.whl (78 kB)
2025-08-23T20:19:18.9687099Z Using cached idna-3.10-py3-none-any.whl (70 kB)
2025-08-23T20:19:18.9700443Z Using cached kombu-5.5.4-py3-none-any.whl (210 kB)
2025-08-23T20:19:18.9714870Z Using cached vine-5.1.0-py3-none-any.whl (9.6 kB)
2025-08-23T20:19:18.9728385Z Using cached amqp-5.3.1-py3-none-any.whl (50 kB)
2025-08-23T20:19:18.9741839Z Using cached multimethod-1.10-py3-none-any.whl (9.9 kB)
2025-08-23T20:19:18.9755515Z Using cached nr_date-2.1.0-py3-none-any.whl (10 kB)
2025-08-23T20:19:18.9769207Z Using cached nr_stream-1.1.5-py3-none-any.whl (10 kB)
2025-08-23T20:19:18.9782974Z Using cached nr.util-0.8.12-py3-none-any.whl (90 kB)
2025-08-23T20:19:18.9797288Z Using cached pytest-8.4.1-py3-none-any.whl (365 kB)
2025-08-23T20:19:18.9813991Z Using cached pluggy-1.6.0-py3-none-any.whl (20 kB)
2025-08-23T20:19:18.9828155Z Using cached PyYAML-6.0.2-cp311-cp311-manylinux_2_17_x86_64.manylinux2014_x86_64.whl (762 kB)
2025-08-23T20:19:18.9847789Z Using cached starlette-0.47.2-py3-none-any.whl (72 kB)
2025-08-23T20:19:18.9861626Z Using cached anyio-4.10.0-py3-none-any.whl (107 kB)
2025-08-23T20:19:18.9876229Z Using cached tomli-2.2.1-cp311-cp311-manylinux_2_17_x86_64.manylinux2014_x86_64.whl (236 kB)
2025-08-23T20:19:18.9890946Z Using cached tomli_w-1.2.0-py3-none-any.whl (6.7 kB)
2025-08-23T20:19:18.9904217Z Using cached typeapi-2.2.4-py3-none-any.whl (26 kB)
2025-08-23T20:19:18.9917877Z Using cached typing_extensions-4.14.1-py3-none-any.whl (43 kB)
2025-08-23T20:19:18.9931556Z Using cached urllib3-2.5.0-py3-none-any.whl (129 kB)
2025-08-23T20:19:18.9946312Z Using cached wrapt-1.17.3-cp311-cp311-manylinux1_x86_64.manylinux_2_28_x86_64.manylinux_2_5_x86_64.whl (82 kB)
2025-08-23T20:19:19.0051986Z Downloading boto3-1.40.16-py3-none-any.whl (140 kB)
2025-08-23T20:19:19.0349830Z Downloading botocore-1.40.16-py3-none-any.whl (14.0 MB)
2025-08-23T20:19:19.1640132Z    ━━━━━━━━━━━━━━━━━━━━━━━━━━━━━━━━━━━━━━━━ 14.0/14.0 MB 117.1 MB/s  0:00:00
2025-08-23T20:19:19.1656637Z Using cached jmespath-1.0.1-py3-none-any.whl (20 kB)
2025-08-23T20:19:19.1671274Z Using cached python_dateutil-2.9.0.post0-py2.py3-none-any.whl (229 kB)
2025-08-23T20:19:19.1687027Z Using cached s3transfer-0.13.1-py3-none-any.whl (85 kB)
2025-08-23T20:19:19.1701345Z Using cached itsdangerous-2.2.0-py3-none-any.whl (16 kB)
2025-08-23T20:19:19.1715479Z Using cached python_dotenv-1.1.1-py3-none-any.whl (20 kB)
2025-08-23T20:19:19.1729725Z Using cached python_multipart-0.0.20-py3-none-any.whl (24 kB)
2025-08-23T20:19:19.1743344Z Using cached annotated_types-0.7.0-py3-none-any.whl (13 kB)
2025-08-23T20:19:19.1757248Z Using cached certifi-2025.8.3-py3-none-any.whl (161 kB)
2025-08-23T20:19:19.1771762Z Using cached click_didyoumean-0.3.1-py3-none-any.whl (3.6 kB)
2025-08-23T20:19:19.1785237Z Using cached click_plugins-1.1.1.2-py2.py3-none-any.whl (11 kB)
2025-08-23T20:19:19.1799188Z Using cached click_repl-0.3.0-py3-none-any.whl (10 kB)
2025-08-23T20:19:19.1919581Z Downloading coverage-7.10.5-cp311-cp311-manylinux1_x86_64.manylinux_2_28_x86_64.manylinux_2_5_x86_64.whl (249 kB)
2025-08-23T20:19:19.1962664Z Using cached email_validator-2.2.0-py3-none-any.whl (33 kB)
2025-08-23T20:19:19.1977110Z Using cached dnspython-2.7.0-py3-none-any.whl (313 kB)
2025-08-23T20:19:19.1992823Z Using cached fastapi_cli-0.0.8-py3-none-any.whl (10 kB)
2025-08-23T20:19:19.2006614Z Using cached fastapi_cloud_cli-0.1.5-py3-none-any.whl (18 kB)
2025-08-23T20:19:19.2020723Z Using cached greenlet-3.2.4-cp311-cp311-manylinux_2_24_x86_64.manylinux_2_28_x86_64.whl (587 kB)
2025-08-23T20:19:19.2038844Z Using cached h11-0.16.0-py3-none-any.whl (37 kB)
2025-08-23T20:19:19.2052652Z Using cached iniconfig-2.1.0-py3-none-any.whl (6.0 kB)
2025-08-23T20:19:19.2066934Z Using cached MarkupSafe-3.0.2-cp311-cp311-manylinux_2_17_x86_64.manylinux2014_x86_64.whl (23 kB)
2025-08-23T20:19:19.2080455Z Using cached mirakuru-2.6.1-py3-none-any.whl (26 kB)
2025-08-23T20:19:19.2094824Z Using cached orjson-3.11.2-cp311-cp311-manylinux_2_17_x86_64.manylinux2014_x86_64.whl (121 kB)
2025-08-23T20:19:19.2109133Z Using cached packaging-25.0-py3-none-any.whl (66 kB)
2025-08-23T20:19:19.2122977Z Using cached pathspec-0.12.1-py3-none-any.whl (31 kB)
2025-08-23T20:19:19.2137405Z Using cached platformdirs-4.3.8-py3-none-any.whl (18 kB)
2025-08-23T20:19:19.2150938Z Using cached port_for-0.7.4-py3-none-any.whl (21 kB)
2025-08-23T20:19:19.2164878Z Using cached prompt_toolkit-3.0.51-py3-none-any.whl (387 kB)
2025-08-23T20:19:19.2181917Z Using cached psutil-7.0.0-cp36-abi3-manylinux_2_12_x86_64.manylinux2010_x86_64.manylinux_2_17_x86_64.manylinux2014_x86_64.whl (277 kB)
2025-08-23T20:19:19.2197567Z Using cached pydantic_extra_types-2.10.5-py3-none-any.whl (38 kB)
2025-08-23T20:19:19.2210765Z Using cached pydantic_settings-2.10.1-py3-none-any.whl (45 kB)
2025-08-23T20:19:19.2224273Z Using cached pygments-2.19.2-py3-none-any.whl (1.2 MB)
2025-08-23T20:19:19.2246285Z Using cached pytz-2025.2-py2.py3-none-any.whl (509 kB)
2025-08-23T20:19:19.2262874Z Using cached rich_toolkit-0.15.0-py3-none-any.whl (29 kB)
2025-08-23T20:19:19.2276494Z Using cached rich-14.1.0-py3-none-any.whl (243 kB)
2025-08-23T20:19:19.2291371Z Using cached markdown_it_py-4.0.0-py3-none-any.whl (87 kB)
2025-08-23T20:19:19.2305581Z Using cached mdurl-0.1.2-py3-none-any.whl (10.0 kB)
2025-08-23T20:19:19.2319078Z Using cached rignore-0.6.4-cp311-cp311-manylinux_2_17_x86_64.manylinux2014_x86_64.whl (950 kB)
2025-08-23T20:19:19.2339718Z Using cached sentry_sdk-2.35.0-py2.py3-none-any.whl (363 kB)
2025-08-23T20:19:19.2355487Z Using cached six-1.17.0-py2.py3-none-any.whl (11 kB)
2025-08-23T20:19:19.2368952Z Using cached sniffio-1.3.1-py3-none-any.whl (10 kB)
2025-08-23T20:19:19.2381953Z Using cached typer-0.16.1-py3-none-any.whl (46 kB)
2025-08-23T20:19:19.2395667Z Using cached shellingham-1.5.4-py2.py3-none-any.whl (9.8 kB)
2025-08-23T20:19:19.2408833Z Using cached typing_inspect-0.9.0-py3-none-any.whl (8.8 kB)
2025-08-23T20:19:19.2422013Z Using cached typing_inspection-0.4.1-py3-none-any.whl (14 kB)
2025-08-23T20:19:19.2435264Z Using cached tzdata-2025.2-py2.py3-none-any.whl (347 kB)
2025-08-23T20:19:19.2450745Z Using cached tzlocal-5.3.1-py3-none-any.whl (18 kB)
2025-08-23T20:19:19.2464015Z Using cached ujson-5.11.0-cp311-cp311-manylinux_2_24_x86_64.manylinux_2_28_x86_64.whl (57 kB)
2025-08-23T20:19:19.2477609Z Using cached uvicorn-0.35.0-py3-none-any.whl (66 kB)
2025-08-23T20:19:19.2491952Z Using cached httptools-0.6.4-cp311-cp311-manylinux_2_5_x86_64.manylinux1_x86_64.manylinux_2_17_x86_64.manylinux2014_x86_64.whl (459 kB)
2025-08-23T20:19:19.2508794Z Using cached uvloop-0.21.0-cp311-cp311-manylinux_2_17_x86_64.manylinux2014_x86_64.whl (4.0 MB)
2025-08-23T20:19:19.2550506Z Using cached watchfiles-1.1.0-cp311-cp311-manylinux_2_17_x86_64.manylinux2014_x86_64.whl (453 kB)
2025-08-23T20:19:19.2567176Z Using cached websockets-15.0.1-cp311-cp311-manylinux_2_5_x86_64.manylinux1_x86_64.manylinux_2_17_x86_64.manylinux2014_x86_64.whl (182 kB)
2025-08-23T20:19:19.2581020Z Using cached yapf-0.43.0-py3-none-any.whl (256 kB)
2025-08-23T20:19:19.2596156Z Using cached argon2_cffi-25.1.0-py3-none-any.whl (14 kB)
2025-08-23T20:19:19.2609894Z Using cached argon2_cffi_bindings-25.1.0-cp39-abi3-manylinux_2_26_x86_64.manylinux_2_28_x86_64.whl (87 kB)
2025-08-23T20:19:19.2623908Z Using cached cffi-1.17.1-cp311-cp311-manylinux_2_17_x86_64.manylinux2014_x86_64.whl (467 kB)
2025-08-23T20:19:19.2640445Z Using cached docker-7.1.0-py3-none-any.whl (147 kB)
2025-08-23T20:19:19.2655833Z Using cached et_xmlfile-2.0.0-py3-none-any.whl (18 kB)
2025-08-23T20:19:19.2669082Z Using cached mako-1.3.10-py3-none-any.whl (78 kB)
2025-08-23T20:19:19.2682742Z Using cached pycparser-2.22-py3-none-any.whl (117 kB)
2025-08-23T20:19:19.2697296Z Using cached pycryptodome-3.23.0-cp37-abi3-manylinux_2_17_x86_64.manylinux2014_x86_64.whl (2.3 MB)
2025-08-23T20:19:19.2726655Z Using cached toml-0.10.2-py2.py3-none-any.whl (16 kB)
2025-08-23T20:19:19.2739547Z Using cached typeguard-4.4.4-py3-none-any.whl (34 kB)
2025-08-23T20:19:19.2752605Z Using cached watchdog-6.0.0-py3-none-manylinux2014_x86_64.whl (79 kB)
2025-08-23T20:19:19.2766536Z Using cached wcwidth-0.2.13-py2.py3-none-any.whl (34 kB)
2025-08-23T20:19:19.6891063Z Installing collected packages: wcwidth, pytz, wrapt, websockets, watchdog, vine, uvloop, urllib3, ujson, tzlocal, tzdata, typing-extensions, tomli_w, tomli, toml, structlog, sniffio, six, shellingham, ruff, rignore, redis, PyYAML, python-multipart, python-dotenv, pygments, pycryptodome, pycparser, psycopg2-binary, psycopg-binary, psutil, prompt-toolkit, port-for, pluggy, platformdirs, pathspec, packaging, orjson, numpy, nr-stream, nr-date, mypy-extensions, multimethod, mdurl, MarkupSafe, jmespath, itsdangerous, iniconfig, imapclient, idna, httptools, h11, greenlet, et-xmlfile, docstring-parser, dnspython, coverage, click, charset_normalizer, certifi, billiard, asyncpg, annotated-types, yapf, vulture, uvicorn, typing-inspection, typing-inspect, types-requests, typeguard, typeapi, sqlalchemy, sentry-sdk, requests, python-dateutil, pytest, pydantic-core, psycopg, openpyxl, mypy, mirakuru, markdown-it-py, Mako, Jinja2, httpcore, email-validator, Deprecated, click-repl, click-plugins, click-didyoumean, cffi, black, apscheduler, anyio, amqp, watchfiles, starlette, rich, pytest-postgresql, pytest-cov, pytest-asyncio, pydantic, pandas, nr-util, kombu, httpx, docker, databind, botocore, argon2-cffi-bindings, alembic, typer, testcontainers, s3transfer, rich-toolkit, respx, python-telegram-bot, pydantic-settings, pydantic-extra-types, pandera, fastapi, databind.json, databind.core, celery, asgi-correlation-id, argon2-cffi, minio, fastapi-limiter, fastapi-cloud-cli, fastapi-cli, docspec, boto3, docspec-python, pydoc-markdown
2025-08-23T20:19:36.0138352Z 
2025-08-23T20:19:36.0204248Z Successfully installed Deprecated-1.2.18 Jinja2-3.1.6 Mako-1.3.10 MarkupSafe-3.0.2 PyYAML-6.0.2 alembic-1.16.4 amqp-5.3.1 annotated-types-0.7.0 anyio-4.10.0 apscheduler-3.10.4 argon2-cffi-25.1.0 argon2-cffi-bindings-25.1.0 asgi-correlation-id-4.3.1 asyncpg-0.30.0 billiard-4.2.1 black-25.1.0 boto3-1.40.16 botocore-1.40.16 celery-5.5.3 certifi-2025.8.3 cffi-1.17.1 charset_normalizer-3.4.3 click-8.2.1 click-didyoumean-0.3.1 click-plugins-1.1.1.2 click-repl-0.3.0 coverage-7.10.5 databind-4.5.2 databind.core-4.5.2 databind.json-4.5.2 dnspython-2.7.0 docker-7.1.0 docspec-2.2.1 docspec-python-2.2.2 docstring-parser-0.11 email-validator-2.2.0 et-xmlfile-2.0.0 fastapi-0.116.1 fastapi-cli-0.0.8 fastapi-cloud-cli-0.1.5 fastapi-limiter-0.1.6 greenlet-3.2.4 h11-0.16.0 httpcore-1.0.9 httptools-0.6.4 httpx-0.28.1 idna-3.10 imapclient-3.0.1 iniconfig-2.1.0 itsdangerous-2.2.0 jmespath-1.0.1 kombu-5.5.4 markdown-it-py-4.0.0 mdurl-0.1.2 minio-7.2.16 mirakuru-2.6.1 multimethod-1.10 mypy-1.17.1 mypy-extensions-1.1.0 nr-date-2.1.0 nr-stream-1.1.5 nr-util-0.8.12 numpy-1.26.4 openpyxl-3.1.5 orjson-3.11.2 packaging-25.0 pandas-2.2.3 pandera-0.19.3 pathspec-0.12.1 platformdirs-4.3.8 pluggy-1.6.0 port-for-0.7.4 prompt-toolkit-3.0.51 psutil-7.0.0 psycopg-3.2.9 psycopg-binary-3.2.9 psycopg2-binary-2.9.10 pycparser-2.22 pycryptodome-3.23.0 pydantic-2.11.7 pydantic-core-2.33.2 pydantic-extra-types-2.10.5 pydantic-settings-2.10.1 pydoc-markdown-4.8.2 pygments-2.19.2 pytest-8.4.1 pytest-asyncio-1.1.0 pytest-cov-6.2.1 pytest-postgresql-7.0.2 python-dateutil-2.9.0.post0 python-dotenv-1.1.1 python-multipart-0.0.20 python-telegram-bot-22.3 pytz-2025.2 redis-6.4.0 requests-2.32.4 respx-0.22.0 rich-14.1.0 rich-toolkit-0.15.0 rignore-0.6.4 ruff-0.9.9 s3transfer-0.13.1 sentry-sdk-2.35.0 shellingham-1.5.4 six-1.17.0 sniffio-1.3.1 sqlalchemy-2.0.43 starlette-0.47.2 structlog-24.1.0 testcontainers-4.12.0 toml-0.10.2 tomli-2.2.1 tomli_w-1.2.0 typeapi-2.2.4 typeguard-4.4.4 typer-0.16.1 types-requests-2.32.4.20250809 typing-extensions-4.14.1 typing-inspect-0.9.0 typing-inspection-0.4.1 tzdata-2025.2 tzlocal-5.3.1 ujson-5.11.0 urllib3-2.5.0 uvicorn-0.35.0 uvloop-0.21.0 vine-5.1.0 vulture-2.10 watchdog-6.0.0 watchfiles-1.1.0 wcwidth-0.2.13 websockets-15.0.1 wrapt-1.17.3 yapf-0.43.0
2025-08-23T20:19:37.4092058Z Collecting keepa==1.3.15
2025-08-23T20:19:37.4107876Z   Using cached keepa-1.3.15-py3-none-any.whl.metadata (11 kB)
2025-08-23T20:19:37.4442979Z Collecting minio==7.1.15
2025-08-23T20:19:37.4459044Z   Using cached minio-7.1.15-py3-none-any.whl.metadata (4.2 kB)
2025-08-23T20:19:37.4485943Z Requirement already satisfied: numpy>=1.9.3 in /opt/hostedtoolcache/Python/3.11.13/x64/lib/python3.11/site-packages (from keepa==1.3.15) (1.26.4)
2025-08-23T20:19:37.4491977Z Requirement already satisfied: requests>=2.2 in /opt/hostedtoolcache/Python/3.11.13/x64/lib/python3.11/site-packages (from keepa==1.3.15) (2.32.4)
2025-08-23T20:19:37.4868278Z Collecting tqdm (from keepa==1.3.15)
2025-08-23T20:19:37.4883357Z   Using cached tqdm-4.67.1-py3-none-any.whl.metadata (57 kB)
2025-08-23T20:19:37.9952161Z Collecting aiohttp (from keepa==1.3.15)
2025-08-23T20:19:37.9968750Z   Using cached aiohttp-3.12.15-cp311-cp311-manylinux_2_17_x86_64.manylinux2014_x86_64.whl.metadata (7.7 kB)
2025-08-23T20:19:37.9999182Z Requirement already satisfied: pandas<=3.0 in /opt/hostedtoolcache/Python/3.11.13/x64/lib/python3.11/site-packages (from keepa==1.3.15) (2.2.3)
2025-08-23T20:19:38.0003333Z Requirement already satisfied: pydantic in /opt/hostedtoolcache/Python/3.11.13/x64/lib/python3.11/site-packages (from keepa==1.3.15) (2.11.7)
2025-08-23T20:19:38.0010843Z Requirement already satisfied: certifi in /opt/hostedtoolcache/Python/3.11.13/x64/lib/python3.11/site-packages (from minio==7.1.15) (2025.8.3)
2025-08-23T20:19:38.0014211Z Requirement already satisfied: urllib3 in /opt/hostedtoolcache/Python/3.11.13/x64/lib/python3.11/site-packages (from minio==7.1.15) (2.5.0)
2025-08-23T20:19:38.0063882Z Requirement already satisfied: python-dateutil>=2.8.2 in /opt/hostedtoolcache/Python/3.11.13/x64/lib/python3.11/site-packages (from pandas<=3.0->keepa==1.3.15) (2.9.0.post0)
2025-08-23T20:19:38.0068610Z Requirement already satisfied: pytz>=2020.1 in /opt/hostedtoolcache/Python/3.11.13/x64/lib/python3.11/site-packages (from pandas<=3.0->keepa==1.3.15) (2025.2)
2025-08-23T20:19:38.0073056Z Requirement already satisfied: tzdata>=2022.7 in /opt/hostedtoolcache/Python/3.11.13/x64/lib/python3.11/site-packages (from pandas<=3.0->keepa==1.3.15) (2025.2)
2025-08-23T20:19:38.0187336Z Requirement already satisfied: six>=1.5 in /opt/hostedtoolcache/Python/3.11.13/x64/lib/python3.11/site-packages (from python-dateutil>=2.8.2->pandas<=3.0->keepa==1.3.15) (1.17.0)
2025-08-23T20:19:38.0204273Z Requirement already satisfied: charset_normalizer<4,>=2 in /opt/hostedtoolcache/Python/3.11.13/x64/lib/python3.11/site-packages (from requests>=2.2->keepa==1.3.15) (3.4.3)
2025-08-23T20:19:38.0210782Z Requirement already satisfied: idna<4,>=2.5 in /opt/hostedtoolcache/Python/3.11.13/x64/lib/python3.11/site-packages (from requests>=2.2->keepa==1.3.15) (3.10)
2025-08-23T20:19:38.0647567Z Collecting aiohappyeyeballs>=2.5.0 (from aiohttp->keepa==1.3.15)
2025-08-23T20:19:38.0667784Z   Using cached aiohappyeyeballs-2.6.1-py3-none-any.whl.metadata (5.9 kB)
2025-08-23T20:19:38.0917644Z Collecting aiosignal>=1.4.0 (from aiohttp->keepa==1.3.15)
2025-08-23T20:19:38.0941374Z   Using cached aiosignal-1.4.0-py3-none-any.whl.metadata (3.7 kB)
2025-08-23T20:19:38.1179836Z Collecting attrs>=17.3.0 (from aiohttp->keepa==1.3.15)
2025-08-23T20:19:38.1194029Z   Using cached attrs-25.3.0-py3-none-any.whl.metadata (10 kB)
2025-08-23T20:19:38.1931171Z Collecting frozenlist>=1.1.1 (from aiohttp->keepa==1.3.15)
2025-08-23T20:19:38.1949009Z   Using cached frozenlist-1.7.0-cp311-cp311-manylinux_2_5_x86_64.manylinux1_x86_64.manylinux_2_17_x86_64.manylinux2014_x86_64.whl.metadata (18 kB)
2025-08-23T20:19:38.4244180Z Collecting multidict<7.0,>=4.5 (from aiohttp->keepa==1.3.15)
2025-08-23T20:19:38.4259470Z   Using cached multidict-6.6.4-cp311-cp311-manylinux2014_x86_64.manylinux_2_17_x86_64.manylinux_2_28_x86_64.whl.metadata (5.3 kB)
2025-08-23T20:19:38.4718175Z Collecting propcache>=0.2.0 (from aiohttp->keepa==1.3.15)
2025-08-23T20:19:38.4732823Z   Using cached propcache-0.3.2-cp311-cp311-manylinux_2_17_x86_64.manylinux2014_x86_64.whl.metadata (12 kB)
2025-08-23T20:19:38.7394289Z Collecting yarl<2.0,>=1.17.0 (from aiohttp->keepa==1.3.15)
2025-08-23T20:19:38.7409821Z   Using cached yarl-1.20.1-cp311-cp311-manylinux_2_17_x86_64.manylinux2014_x86_64.whl.metadata (73 kB)
2025-08-23T20:19:38.7616789Z Requirement already satisfied: typing-extensions>=4.2 in /opt/hostedtoolcache/Python/3.11.13/x64/lib/python3.11/site-packages (from aiosignal>=1.4.0->aiohttp->keepa==1.3.15) (4.14.1)
2025-08-23T20:19:38.7660568Z Requirement already satisfied: annotated-types>=0.6.0 in /opt/hostedtoolcache/Python/3.11.13/x64/lib/python3.11/site-packages (from pydantic->keepa==1.3.15) (0.7.0)
2025-08-23T20:19:38.7665083Z Requirement already satisfied: pydantic-core==2.33.2 in /opt/hostedtoolcache/Python/3.11.13/x64/lib/python3.11/site-packages (from pydantic->keepa==1.3.15) (2.33.2)
2025-08-23T20:19:38.7670981Z Requirement already satisfied: typing-inspection>=0.4.0 in /opt/hostedtoolcache/Python/3.11.13/x64/lib/python3.11/site-packages (from pydantic->keepa==1.3.15) (0.4.1)
2025-08-23T20:19:38.7730829Z Using cached keepa-1.3.15-py3-none-any.whl (38 kB)
2025-08-23T20:19:38.7744220Z Using cached minio-7.1.15-py3-none-any.whl (77 kB)
2025-08-23T20:19:38.7757832Z Using cached aiohttp-3.12.15-cp311-cp311-manylinux_2_17_x86_64.manylinux2014_x86_64.whl (1.7 MB)
2025-08-23T20:19:38.7783762Z Using cached multidict-6.6.4-cp311-cp311-manylinux2014_x86_64.manylinux_2_17_x86_64.manylinux_2_28_x86_64.whl (246 kB)
2025-08-23T20:19:38.7798119Z Using cached yarl-1.20.1-cp311-cp311-manylinux_2_17_x86_64.manylinux2014_x86_64.whl (348 kB)
2025-08-23T20:19:38.7813058Z Using cached aiohappyeyeballs-2.6.1-py3-none-any.whl (15 kB)
2025-08-23T20:19:38.7826069Z Using cached aiosignal-1.4.0-py3-none-any.whl (7.5 kB)
2025-08-23T20:19:38.7838606Z Using cached attrs-25.3.0-py3-none-any.whl (63 kB)
2025-08-23T20:19:38.7852257Z Using cached frozenlist-1.7.0-cp311-cp311-manylinux_2_5_x86_64.manylinux1_x86_64.manylinux_2_17_x86_64.manylinux2014_x86_64.whl (235 kB)
2025-08-23T20:19:38.7866455Z Using cached propcache-0.3.2-cp311-cp311-manylinux_2_17_x86_64.manylinux2014_x86_64.whl (213 kB)
2025-08-23T20:19:38.7880261Z Using cached tqdm-4.67.1-py3-none-any.whl (78 kB)
2025-08-23T20:19:38.9407307Z Installing collected packages: tqdm, propcache, multidict, minio, frozenlist, attrs, aiohappyeyeballs, yarl, aiosignal, aiohttp, keepa
2025-08-23T20:19:39.0073022Z   Attempting uninstall: minio
2025-08-23T20:19:39.0105644Z     Found existing installation: minio 7.2.16
2025-08-23T20:19:39.0139167Z     Uninstalling minio-7.2.16:
2025-08-23T20:19:39.0148568Z       Successfully uninstalled minio-7.2.16
2025-08-23T20:19:39.3308307Z 
2025-08-23T20:19:39.3364527Z Successfully installed aiohappyeyeballs-2.6.1 aiohttp-3.12.15 aiosignal-1.4.0 attrs-25.3.0 frozenlist-1.7.0 keepa-1.3.15 minio-7.1.15 multidict-6.6.4 propcache-0.3.2 tqdm-4.67.1 yarl-1.20.1
2025-08-23T20:19:39.5415417Z ##[group]Run sudo apt-get update
2025-08-23T20:19:39.5415762Z [36;1msudo apt-get update[0m
2025-08-23T20:19:39.5416018Z [36;1msudo apt-get install -y postgresql[0m
2025-08-23T20:19:39.5416511Z [36;1mecho "/usr/lib/postgresql/$(pg_config --version | cut -d' ' -f2 | cut -d'.' -f1,2)/bin" >> $GITHUB_PATH[0m
2025-08-23T20:19:39.5457345Z shell: /usr/bin/bash -e {0}
2025-08-23T20:19:39.5457578Z env:
2025-08-23T20:19:39.5457753Z   PG_USER: postgres
2025-08-23T20:19:39.5457948Z   PG_PASSWORD: pass
2025-08-23T20:19:39.5458137Z   PG_DATABASE: awa
2025-08-23T20:19:39.5458336Z   PG_HOST: localhost
2025-08-23T20:19:39.5458535Z   PG_PORT: 5432
2025-08-23T20:19:39.5459057Z   PG_SYNC_DSN: ***localhost:5432/awa
2025-08-23T20:19:39.5459448Z   PG_ASYNC_DSN: ***localhost:5432/awa
2025-08-23T20:19:39.5459842Z   DATABASE_URL: ***localhost:5432/awa
2025-08-23T20:19:39.5460086Z   DATA_DIR: /tmp/awa-data
2025-08-23T20:19:39.5460302Z   ENABLE_LIVE: 0
2025-08-23T20:19:39.5460485Z   TESTING: 1
2025-08-23T20:19:39.5460763Z   pythonLocation: /opt/hostedtoolcache/Python/3.11.13/x64
2025-08-23T20:19:39.5461166Z   PKG_CONFIG_PATH: /opt/hostedtoolcache/Python/3.11.13/x64/lib/pkgconfig
2025-08-23T20:19:39.5461558Z   Python_ROOT_DIR: /opt/hostedtoolcache/Python/3.11.13/x64
2025-08-23T20:19:39.5461917Z   Python2_ROOT_DIR: /opt/hostedtoolcache/Python/3.11.13/x64
2025-08-23T20:19:39.5462284Z   Python3_ROOT_DIR: /opt/hostedtoolcache/Python/3.11.13/x64
2025-08-23T20:19:39.5462641Z   LD_LIBRARY_PATH: /opt/hostedtoolcache/Python/3.11.13/x64/lib
2025-08-23T20:19:39.5462933Z ##[endgroup]
2025-08-23T20:19:39.6607179Z Get:1 file:/etc/apt/apt-mirrors.txt Mirrorlist [144 B]
2025-08-23T20:19:39.6982958Z Hit:2 http://azure.archive.ubuntu.com/ubuntu noble InRelease
2025-08-23T20:19:39.7004142Z Get:3 http://azure.archive.ubuntu.com/ubuntu noble-updates InRelease [126 kB]
2025-08-23T20:19:39.7092194Z Get:4 http://azure.archive.ubuntu.com/ubuntu noble-backports InRelease [126 kB]
2025-08-23T20:19:39.7145358Z Get:5 http://azure.archive.ubuntu.com/ubuntu noble-security InRelease [126 kB]
2025-08-23T20:19:39.7199772Z Hit:6 https://packages.microsoft.com/repos/azure-cli noble InRelease
2025-08-23T20:19:39.7203624Z Get:7 https://packages.microsoft.com/ubuntu/24.04/prod noble InRelease [3600 B]
2025-08-23T20:19:39.8618711Z Get:8 http://azure.archive.ubuntu.com/ubuntu noble-updates/main amd64 Packages [1352 kB]
2025-08-23T20:19:39.8784369Z Get:9 http://azure.archive.ubuntu.com/ubuntu noble-updates/main Translation-en [269 kB]
2025-08-23T20:19:39.8819869Z Get:10 http://azure.archive.ubuntu.com/ubuntu noble-updates/main amd64 Components [175 kB]
2025-08-23T20:19:39.8843030Z Get:11 http://azure.archive.ubuntu.com/ubuntu noble-updates/universe amd64 Packages [1123 kB]
2025-08-23T20:19:39.8912887Z Get:12 http://azure.archive.ubuntu.com/ubuntu noble-updates/universe Translation-en [288 kB]
2025-08-23T20:19:39.8942385Z Get:13 http://azure.archive.ubuntu.com/ubuntu noble-updates/universe amd64 Components [377 kB]
2025-08-23T20:19:39.8975542Z Get:14 http://azure.archive.ubuntu.com/ubuntu noble-updates/restricted amd64 Packages [1731 kB]
2025-08-23T20:19:39.9095657Z Get:15 http://azure.archive.ubuntu.com/ubuntu noble-updates/restricted Translation-en [384 kB]
2025-08-23T20:19:39.9133844Z Get:16 http://azure.archive.ubuntu.com/ubuntu noble-updates/restricted amd64 Components [212 B]
2025-08-23T20:19:39.9146826Z Get:17 http://azure.archive.ubuntu.com/ubuntu noble-updates/multiverse amd64 Components [940 B]
2025-08-23T20:19:39.9657102Z Get:18 http://azure.archive.ubuntu.com/ubuntu noble-backports/main amd64 Components [7068 B]
2025-08-23T20:19:39.9676003Z Get:19 http://azure.archive.ubuntu.com/ubuntu noble-backports/universe amd64 Components [19.2 kB]
2025-08-23T20:19:39.9688601Z Get:20 http://azure.archive.ubuntu.com/ubuntu noble-backports/restricted amd64 Components [216 B]
2025-08-23T20:19:39.9750184Z Get:21 http://azure.archive.ubuntu.com/ubuntu noble-backports/multiverse amd64 Components [212 B]
2025-08-23T20:19:39.9777147Z Get:22 http://azure.archive.ubuntu.com/ubuntu noble-security/main amd64 Packages [1083 kB]
2025-08-23T20:19:39.9864299Z Get:23 http://azure.archive.ubuntu.com/ubuntu noble-security/main Translation-en [187 kB]
2025-08-23T20:19:39.9876750Z Get:24 http://azure.archive.ubuntu.com/ubuntu noble-security/main amd64 Components [21.6 kB]
2025-08-23T20:19:39.9887465Z Get:25 http://azure.archive.ubuntu.com/ubuntu noble-security/universe amd64 Packages [881 kB]
2025-08-23T20:19:39.9964056Z Get:26 http://azure.archive.ubuntu.com/ubuntu noble-security/universe Translation-en [195 kB]
2025-08-23T20:19:39.9995343Z Get:27 http://azure.archive.ubuntu.com/ubuntu noble-security/universe amd64 Components [52.3 kB]
2025-08-23T20:19:40.0006760Z Get:28 http://azure.archive.ubuntu.com/ubuntu noble-security/restricted amd64 Packages [1631 kB]
2025-08-23T20:19:40.0118382Z Get:29 http://azure.archive.ubuntu.com/ubuntu noble-security/restricted Translation-en [361 kB]
2025-08-23T20:19:40.0152448Z Get:30 http://azure.archive.ubuntu.com/ubuntu noble-security/restricted amd64 Components [212 B]
2025-08-23T20:19:40.0167901Z Get:31 http://azure.archive.ubuntu.com/ubuntu noble-security/multiverse amd64 Components [212 B]
2025-08-23T20:19:40.0992821Z Get:32 https://packages.microsoft.com/ubuntu/24.04/prod noble/main arm64 Packages [33.3 kB]
2025-08-23T20:19:40.1091571Z Get:33 https://packages.microsoft.com/ubuntu/24.04/prod noble/main amd64 Packages [49.2 kB]
2025-08-23T20:19:40.1154706Z Get:34 https://packages.microsoft.com/ubuntu/24.04/prod noble/main armhf Packages [9870 B]
2025-08-23T20:19:46.4483101Z Fetched 10.6 MB in 1s (8247 kB/s)
2025-08-23T20:19:47.2182022Z Reading package lists...
2025-08-23T20:19:47.2520040Z Reading package lists...
2025-08-23T20:19:47.4468338Z Building dependency tree...
2025-08-23T20:19:47.4475984Z Reading state information...
2025-08-23T20:19:47.6645201Z Suggested packages:
2025-08-23T20:19:47.6645606Z   postgresql-doc
2025-08-23T20:19:47.6960796Z The following NEW packages will be installed:
2025-08-23T20:19:47.6961444Z   postgresql
2025-08-23T20:19:47.7144136Z 0 upgraded, 1 newly installed, 0 to remove and 25 not upgraded.
2025-08-23T20:19:47.7144740Z Need to get 11.6 kB of archives.
2025-08-23T20:19:47.7145286Z After this operation, 17.4 kB of additional disk space will be used.
2025-08-23T20:19:47.7145937Z Get:1 file:/etc/apt/apt-mirrors.txt Mirrorlist [144 B]
2025-08-23T20:19:47.7939384Z Get:2 http://azure.archive.ubuntu.com/ubuntu noble-updates/main amd64 postgresql all 16+257build1.1 [11.6 kB]
2025-08-23T20:19:48.0567095Z Fetched 11.6 kB in 0s (128 kB/s)
2025-08-23T20:19:48.0859339Z Selecting previously unselected package postgresql.
2025-08-23T20:19:48.1441789Z (Reading database ... 
2025-08-23T20:19:48.1442142Z (Reading database ... 5%
2025-08-23T20:19:48.1442432Z (Reading database ... 10%
2025-08-23T20:19:48.1442705Z (Reading database ... 15%
2025-08-23T20:19:48.1443014Z (Reading database ... 20%
2025-08-23T20:19:48.1443274Z (Reading database ... 25%
2025-08-23T20:19:48.1443806Z (Reading database ... 30%
2025-08-23T20:19:48.1444089Z (Reading database ... 35%
2025-08-23T20:19:48.1444346Z (Reading database ... 40%
2025-08-23T20:19:48.1444591Z (Reading database ... 45%
2025-08-23T20:19:48.1444845Z (Reading database ... 50%
2025-08-23T20:19:48.2346158Z (Reading database ... 55%
2025-08-23T20:19:48.3491273Z (Reading database ... 60%
2025-08-23T20:19:48.5310295Z (Reading database ... 65%
2025-08-23T20:19:48.6440337Z (Reading database ... 70%
2025-08-23T20:19:48.8179512Z (Reading database ... 75%
2025-08-23T20:19:49.1703206Z (Reading database ... 80%
2025-08-23T20:19:49.7654133Z (Reading database ... 85%
2025-08-23T20:19:50.3332923Z (Reading database ... 90%
2025-08-23T20:19:50.8489363Z (Reading database ... 95%
2025-08-23T20:19:50.8489883Z (Reading database ... 100%
2025-08-23T20:19:50.8490559Z (Reading database ... 219830 files and directories currently installed.)
2025-08-23T20:19:50.8538516Z Preparing to unpack .../postgresql_16+257build1.1_all.deb ...
2025-08-23T20:19:50.8560672Z Unpacking postgresql (16+257build1.1) ...
2025-08-23T20:19:50.8943108Z Setting up postgresql (16+257build1.1) ...
2025-08-23T20:19:51.9674232Z 
2025-08-23T20:19:51.9674720Z Running kernel seems to be up-to-date.
2025-08-23T20:19:51.9675205Z 
2025-08-23T20:19:51.9675394Z Restarting services...
2025-08-23T20:19:51.9748192Z 
2025-08-23T20:19:51.9748529Z Service restarts being deferred:
2025-08-23T20:19:51.9750191Z  systemctl restart hosted-compute-agent.service
2025-08-23T20:19:51.9750595Z 
2025-08-23T20:19:51.9750776Z No containers need to be restarted.
2025-08-23T20:19:51.9751107Z 
2025-08-23T20:19:51.9751312Z No user sessions are running outdated binaries.
2025-08-23T20:19:51.9751644Z 
2025-08-23T20:19:51.9751956Z No VM guests are running outdated hypervisor (qemu) binaries on this host.
2025-08-23T20:19:53.0678437Z ##[group]Run pytest tests/migrations/test_migration_roundtrip.py -q -m integration --cov=services --cov-append --cov-fail-under=0 -o addopts=''
2025-08-23T20:19:53.0679386Z [36;1mpytest tests/migrations/test_migration_roundtrip.py -q -m integration --cov=services --cov-append --cov-fail-under=0 -o addopts=''[0m
2025-08-23T20:19:53.0721796Z shell: /usr/bin/bash -e {0}
2025-08-23T20:19:53.0722037Z env:
2025-08-23T20:19:53.0722218Z   PG_USER: postgres
2025-08-23T20:19:53.0722437Z   PG_PASSWORD: pass
2025-08-23T20:19:53.0722637Z   PG_DATABASE: awa
2025-08-23T20:19:53.0722830Z   PG_HOST: localhost
2025-08-23T20:19:53.0723024Z   PG_PORT: 5432
2025-08-23T20:19:53.0723807Z   PG_SYNC_DSN: ***localhost:5432/awa
2025-08-23T20:19:53.0724264Z   PG_ASYNC_DSN: ***localhost:5432/awa
2025-08-23T20:19:53.0724678Z   DATABASE_URL: ***localhost:5432/awa
2025-08-23T20:19:53.0724925Z   DATA_DIR: /tmp/awa-data
2025-08-23T20:19:53.0725131Z   ENABLE_LIVE: 0
2025-08-23T20:19:53.0725319Z   TESTING: 1
2025-08-23T20:19:53.0725602Z   pythonLocation: /opt/hostedtoolcache/Python/3.11.13/x64
2025-08-23T20:19:53.0726210Z   PKG_CONFIG_PATH: /opt/hostedtoolcache/Python/3.11.13/x64/lib/pkgconfig
2025-08-23T20:19:53.0726614Z   Python_ROOT_DIR: /opt/hostedtoolcache/Python/3.11.13/x64
2025-08-23T20:19:53.0726973Z   Python2_ROOT_DIR: /opt/hostedtoolcache/Python/3.11.13/x64
2025-08-23T20:19:53.0727331Z   Python3_ROOT_DIR: /opt/hostedtoolcache/Python/3.11.13/x64
2025-08-23T20:19:53.0727697Z   LD_LIBRARY_PATH: /opt/hostedtoolcache/Python/3.11.13/x64/lib
2025-08-23T20:19:53.0727998Z ##[endgroup]
2025-08-23T20:19:55.0894484Z s                                                                        [100%]
2025-08-23T20:19:55.0895391Z ================================ tests coverage ================================
2025-08-23T20:19:55.0896401Z _______________ coverage: platform linux, python 3.11.13-final-0 _______________
2025-08-23T20:19:55.0896949Z 
2025-08-23T20:19:55.0897205Z Name                                                       Stmts   Miss  Cover
2025-08-23T20:19:55.0897749Z ------------------------------------------------------------------------------
2025-08-23T20:19:55.0898355Z services/__init__.py                                           0      0   100%
2025-08-23T20:19:55.0898987Z services/alert_bot/__init__.py                                 0      0   100%
2025-08-23T20:19:55.0899664Z services/alert_bot/alert_bot.py                               22     22     0%
2025-08-23T20:19:55.0900348Z services/alert_bot/rules/__init__.py                          63     63     0%
2025-08-23T20:19:55.0900871Z services/api/__init__.py                                       0      0   100%
2025-08-23T20:19:55.0901295Z services/api/config.py                                        24     24     0%
2025-08-23T20:19:55.0901707Z services/api/db.py                                            16     16     0%
2025-08-23T20:19:55.0902087Z services/api/errors.py                                        39     39     0%
2025-08-23T20:19:55.0902499Z services/api/logging_config.py                                15     15     0%
2025-08-23T20:19:55.0902899Z services/api/main.py                                         142    142     0%
2025-08-23T20:19:55.0903286Z services/api/models/__init__.py                                0      0   100%
2025-08-23T20:19:55.0903879Z services/api/models/fee.py                                    11     11     0%
2025-08-23T20:19:55.0904285Z services/api/roi_repository.py                                21     21     0%
2025-08-23T20:19:55.0904702Z services/api/routes/__init__.py                                0      0   100%
2025-08-23T20:19:55.0905140Z services/api/routes/health.py                                 19     19     0%
2025-08-23T20:19:55.0905596Z services/api/routes/repository.py                             16     16     0%
2025-08-23T20:19:55.0906028Z services/api/routes/roi.py                                    77     77     0%
2025-08-23T20:19:55.0906758Z services/api/routes/score.py                                  56     56     0%
2025-08-23T20:19:55.0907185Z services/api/routes/stats.py                                  49     49     0%
2025-08-23T20:19:55.0907592Z services/api/security.py                                      10     10     0%
2025-08-23T20:19:55.0907997Z services/api/sentry_config.py                                 65     65     0%
2025-08-23T20:19:55.0908404Z services/common/__init__.py                                    4      0   100%
2025-08-23T20:19:55.0908799Z services/common/base.py                                        3      0   100%
2025-08-23T20:19:55.0909200Z services/common/config.py                                      4      4     0%
2025-08-23T20:19:55.0909589Z services/common/db.py                                         34     34     0%
2025-08-23T20:19:55.0909969Z services/common/db_url.py                                      4      4     0%
2025-08-23T20:19:55.0910358Z services/common/dsn.py                                        49     37    24%
2025-08-23T20:19:55.0910856Z services/common/keepa.py                                       7      4    43%
2025-08-23T20:19:55.0911757Z services/common/llm.py                                        65     65     0%
2025-08-23T20:19:55.0912413Z services/common/models_vendor.py                              24      0   100%
2025-08-23T20:19:55.0913168Z services/common/settings.py                                   20     20     0%
2025-08-23T20:19:55.0914203Z services/db/__init__.py                                        0      0   100%
2025-08-23T20:19:55.0914906Z services/db/utils/__init__.py                                  0      0   100%
2025-08-23T20:19:55.0915343Z services/db/utils/views.py                                     5      5     0%
2025-08-23T20:19:55.0915750Z services/emailer/__init__.py                                   4      4     0%
2025-08-23T20:19:55.0916198Z services/emailer/generate_body.py                              3      3     0%
2025-08-23T20:19:55.0916623Z services/etl/__init__.py                                       9      9     0%
2025-08-23T20:19:55.0916994Z services/etl/db.py                                             2      2     0%
2025-08-23T20:19:55.0917398Z services/etl/dialects/__init__.py                              9      9     0%
2025-08-23T20:19:55.0917849Z services/etl/dialects/amazon_ads_sp_cost.py                   31     31     0%
2025-08-23T20:19:55.0918315Z services/etl/dialects/amazon_fee_preview.py                   30     30     0%
2025-08-23T20:19:55.0918788Z services/etl/dialects/amazon_inventory_ledger.py              28     28     0%
2025-08-23T20:19:55.0919264Z services/etl/dialects/amazon_reimbursements.py                16     16     0%
2025-08-23T20:19:55.0919802Z services/etl/dialects/amazon_returns.py                       16     16     0%
2025-08-23T20:19:55.0920292Z services/etl/dialects/amazon_settlements.py                   27     27     0%
2025-08-23T20:19:55.0920761Z services/etl/dialects/schemas.py                              25     25     0%
2025-08-23T20:19:55.0921221Z services/etl/dialects/test_generic.py                         15     15     0%
2025-08-23T20:19:55.0921671Z services/etl/fba_fee_ingestor.py                              33     33     0%
2025-08-23T20:19:55.0922094Z services/etl/healthcheck.py                                   27     27     0%
2025-08-23T20:19:55.0922512Z services/etl/keepa_ingestor.py                                47     47     0%
2025-08-23T20:19:55.0922941Z services/etl/sp_fees_ingestor.py                              39     39     0%
2025-08-23T20:19:55.0923355Z services/fees_h10/__init__.py                                  0      0   100%
2025-08-23T20:19:55.0923906Z services/fees_h10/client.py                                   12     12     0%
2025-08-23T20:19:55.0924323Z services/fees_h10/repository.py                               39     39     0%
2025-08-23T20:19:55.0924737Z services/fees_h10/worker.py                                   47     47     0%
2025-08-23T20:19:55.0925307Z services/ingest/__init__.py                                    0      0   100%
2025-08-23T20:19:55.0925721Z services/ingest/celery_app.py                                 32     32     0%
2025-08-23T20:19:55.0926157Z services/ingest/copy_loader.py                                57     57     0%
2025-08-23T20:19:55.0926592Z services/ingest/email_watcher.py                              50     50     0%
2025-08-23T20:19:55.0927033Z services/ingest/healthcheck.py                                40     40     0%
2025-08-23T20:19:55.0927475Z services/ingest/ingest_router.py                               8      8     0%
2025-08-23T20:19:55.0927912Z services/ingest/maintenance.py                                31     31     0%
2025-08-23T20:19:55.0928332Z services/ingest/tasks.py                                      56     56     0%
2025-08-23T20:19:55.0928757Z services/ingest/upload_router.py                              22     22     0%
2025-08-23T20:19:55.0929176Z services/llm_server/__init__.py                                0      0   100%
2025-08-23T20:19:55.0929586Z services/llm_server/app.py                                    22     22     0%
2025-08-23T20:19:55.0930126Z services/logistics_etl/__init__.py                             0      0   100%
2025-08-23T20:19:55.0930559Z services/logistics_etl/__main__.py                             7      7     0%
2025-08-23T20:19:55.0930992Z services/logistics_etl/client.py                              20     20     0%
2025-08-23T20:19:55.0931425Z services/logistics_etl/cron.py                                11     11     0%
2025-08-23T20:19:55.0931843Z services/logistics_etl/db.py                                  13     13     0%
2025-08-23T20:19:55.0932255Z services/logistics_etl/dsn.py                                 33     33     0%
2025-08-23T20:19:55.0932682Z services/logistics_etl/flow.py                                14     14     0%
2025-08-23T20:19:55.0933122Z services/logistics_etl/repository.py                          50     50     0%
2025-08-23T20:19:55.0933707Z services/price_importer/__init__.py                            1      1     0%
2025-08-23T20:19:55.0934152Z services/price_importer/common/__init__.py                     2      2     0%
2025-08-23T20:19:55.0934618Z services/price_importer/common/base.py                         2      2     0%
2025-08-23T20:19:55.0935081Z services/price_importer/common/db_url.py                       6      6     0%
2025-08-23T20:19:55.0935549Z services/price_importer/common/models_vendor.py               22     22     0%
2025-08-23T20:19:55.0936002Z services/price_importer/import.py                             21     21     0%
2025-08-23T20:19:55.0936457Z services/price_importer/normaliser.py                         20     20     0%
2025-08-23T20:19:55.0936908Z services/price_importer/reader.py                             30     30     0%
2025-08-23T20:19:55.0937358Z services/price_importer/repository.py                         38     38     0%
2025-08-23T20:19:55.0937823Z services/price_importer/services_common/__init__.py            4      4     0%
2025-08-23T20:19:55.0938299Z services/price_importer/services_common/base.py                3      3     0%
2025-08-23T20:19:55.0938772Z services/price_importer/services_common/db.py                 34     34     0%
2025-08-23T20:19:55.0939237Z services/price_importer/services_common/db_url.py              4      4     0%
2025-08-23T20:19:55.0939705Z services/price_importer/services_common/dsn.py                27     27     0%
2025-08-23T20:19:55.0940174Z services/price_importer/services_common/keepa.py               7      7     0%
2025-08-23T20:19:55.0940641Z services/price_importer/services_common/llm.py                36     36     0%
2025-08-23T20:19:55.0941114Z services/price_importer/services_common/models_vendor.py      22     22     0%
2025-08-23T20:19:55.0941587Z services/price_importer/services_common/settings.py           19     19     0%
2025-08-23T20:19:55.0942027Z services/repricer/__init__.py                                  0      0   100%
2025-08-23T20:19:55.0942573Z services/repricer/app/__init__.py                              0      0   100%
2025-08-23T20:19:55.0943009Z services/repricer/app/deps.py                                  0      0   100%
2025-08-23T20:19:55.0943551Z services/repricer/app/logic.py                                 5      5     0%
2025-08-23T20:19:55.0943984Z services/repricer/app/main.py                                 20     20     0%
2025-08-23T20:19:55.0944421Z services/repricer/app/schemas.py                              10     10     0%
2025-08-23T20:19:55.0944817Z ------------------------------------------------------------------------------
2025-08-23T20:19:55.0945147Z TOTAL                                                       2122   2076     2%
2025-08-23T20:19:55.2556774Z 1 skipped in 0.43s
2025-08-23T20:19:55.4630491Z ##[group]Run actions/upload-artifact@v4
2025-08-23T20:19:55.4630791Z with:
2025-08-23T20:19:55.4630982Z   name: coverage.integration
2025-08-23T20:19:55.4631210Z   path: .coverage
2025-08-23T20:19:55.4631414Z   if-no-files-found: warn
2025-08-23T20:19:55.4631639Z   compression-level: 6
2025-08-23T20:19:55.4631853Z   overwrite: false
2025-08-23T20:19:55.4632227Z   include-hidden-files: false
2025-08-23T20:19:55.4632449Z env:
2025-08-23T20:19:55.4632625Z   PG_USER: postgres
2025-08-23T20:19:55.4632823Z   PG_PASSWORD: pass
2025-08-23T20:19:55.4633014Z   PG_DATABASE: awa
2025-08-23T20:19:55.4633203Z   PG_HOST: localhost
2025-08-23T20:19:55.4633596Z   PG_PORT: 5432
2025-08-23T20:19:55.4634113Z   PG_SYNC_DSN: ***localhost:5432/awa
2025-08-23T20:19:55.4634556Z   PG_ASYNC_DSN: ***localhost:5432/awa
2025-08-23T20:19:55.4634953Z   DATABASE_URL: ***localhost:5432/awa
2025-08-23T20:19:55.4635193Z   DATA_DIR: /tmp/awa-data
2025-08-23T20:19:55.4635413Z   ENABLE_LIVE: 0
2025-08-23T20:19:55.4635630Z   TESTING: 1
2025-08-23T20:19:55.4635875Z   pythonLocation: /opt/hostedtoolcache/Python/3.11.13/x64
2025-08-23T20:19:55.4636272Z   PKG_CONFIG_PATH: /opt/hostedtoolcache/Python/3.11.13/x64/lib/pkgconfig
2025-08-23T20:19:55.4636670Z   Python_ROOT_DIR: /opt/hostedtoolcache/Python/3.11.13/x64
2025-08-23T20:19:55.4637024Z   Python2_ROOT_DIR: /opt/hostedtoolcache/Python/3.11.13/x64
2025-08-23T20:19:55.4637390Z   Python3_ROOT_DIR: /opt/hostedtoolcache/Python/3.11.13/x64
2025-08-23T20:19:55.4637755Z   LD_LIBRARY_PATH: /opt/hostedtoolcache/Python/3.11.13/x64/lib
2025-08-23T20:19:55.4638055Z ##[endgroup]
2025-08-23T20:19:55.6811745Z ##[warning]No files were found with the provided path: .coverage. No artifacts will be uploaded.
2025-08-23T20:19:55.7436536Z Post job cleanup.
2025-08-23T20:19:55.8793760Z Cache hit occurred on the primary key Linux-int-cc13ccef493b9f3a93ad5651164d9fb09282c1111f6f72ce20e0657de16de6b4, not saving cache.
2025-08-23T20:19:55.8880368Z Post job cleanup.
2025-08-23T20:19:56.0401258Z Cache hit occurred on the primary key setup-python-Linux-x64-24.04-Ubuntu-python-3.11.13-pip-cc13ccef493b9f3a93ad5651164d9fb09282c1111f6f72ce20e0657de16de6b4, not saving cache.
2025-08-23T20:19:56.0504741Z Post job cleanup.
2025-08-23T20:19:56.1313785Z [command]/usr/bin/git version
2025-08-23T20:19:56.1349552Z git version 2.51.0
2025-08-23T20:19:56.1385389Z Temporarily overriding HOME='/home/runner/work/_temp/005a8422-8e47-4e8d-9f16-d884bd5b5d4e' before making global git config changes
2025-08-23T20:19:56.1386733Z Adding repository directory to the temporary git global config as a safe directory
2025-08-23T20:19:56.1391102Z [command]/usr/bin/git config --global --add safe.directory /home/runner/work/AWA-App/AWA-App
2025-08-23T20:19:56.1439873Z [command]/usr/bin/git config --local --name-only --get-regexp core\.sshCommand
2025-08-23T20:19:56.1460966Z [command]/usr/bin/git submodule foreach --recursive sh -c "git config --local --name-only --get-regexp 'core\.sshCommand' && git config --local --unset-all 'core.sshCommand' || :"
2025-08-23T20:19:56.1687879Z [command]/usr/bin/git config --local --name-only --get-regexp http\.https\:\/\/github\.com\/\.extraheader
2025-08-23T20:19:56.1710252Z http.https://github.com/.extraheader
2025-08-23T20:19:56.1720546Z [command]/usr/bin/git config --local --unset-all http.https://github.com/.extraheader
2025-08-23T20:19:56.1752304Z [command]/usr/bin/git submodule foreach --recursive sh -c "git config --local --name-only --get-regexp 'http\.https\:\/\/github\.com\/\.extraheader' && git config --local --unset-all 'http.https://github.com/.extraheader' || :"
2025-08-23T20:19:56.2072320Z Print service container logs: 9e7b02da16bf4d739ef64183b31af6c3_postgres15_84990d
2025-08-23T20:19:56.2077458Z ##[command]/usr/bin/docker logs --details 4f3b8cb58d9b2e8d1326f749996c578342b937d491126151e36aa7f9acd8a6a3
2025-08-23T20:19:56.2261134Z  initdb: warning: enabling "trust" authentication for local connections
2025-08-23T20:19:56.2262101Z  The files belonging to this database system will be owned by user "postgres".
2025-08-23T20:19:56.2263267Z  initdb: hint: You can change this by editing pg_hba.conf or using the option -A, or --auth-local and --auth-host, the next time you run initdb.
2025-08-23T20:19:56.2264964Z  2025-08-23 20:18:48.306 UTC [1] LOG:  starting PostgreSQL 15.14 (Debian 15.14-1.pgdg13+1) on x86_64-pc-linux-gnu, compiled by gcc (Debian 14.2.0-19) 14.2.0, 64-bit
2025-08-23T20:19:56.2266454Z  2025-08-23 20:18:48.306 UTC [1] LOG:  listening on IPv4 address "0.0.0.0", port 5432
2025-08-23T20:19:56.2267246Z  2025-08-23 20:18:48.306 UTC [1] LOG:  listening on IPv6 address "::", port 5432
2025-08-23T20:19:56.2267965Z  2025-08-23 20:18:48.307 UTC [1] LOG:  listening on Unix socket "/var/run/postgresql/.s.PGSQL.5432"
2025-08-23T20:19:56.2268550Z  2025-08-23 20:18:48.312 UTC [64] LOG:  database system was shut down at 2025-08-23 20:18:48 UTC
2025-08-23T20:19:56.2269059Z  2025-08-23 20:18:48.316 UTC [1] LOG:  database system is ready to accept connections
2025-08-23T20:19:56.2269466Z  This user must also own the server process.
2025-08-23T20:19:56.2269744Z  
2025-08-23T20:19:56.2270032Z  The database cluster will be initialized with locale "en_US.utf8".
2025-08-23T20:19:56.2270496Z  The default database encoding has accordingly been set to "UTF8".
2025-08-23T20:19:56.2270940Z  The default text search configuration will be set to "english".
2025-08-23T20:19:56.2271286Z  
2025-08-23T20:19:56.2271481Z  Data page checksums are disabled.
2025-08-23T20:19:56.2271740Z  
2025-08-23T20:19:56.2272044Z  fixing permissions on existing directory /var/lib/postgresql/data ... ok
2025-08-23T20:19:56.2272455Z  creating subdirectories ... ok
2025-08-23T20:19:56.2272750Z  selecting dynamic shared memory implementation ... posix
2025-08-23T20:19:56.2273060Z  selecting default max_connections ... 100
2025-08-23T20:19:56.2273333Z  selecting default shared_buffers ... 128MB
2025-08-23T20:19:56.2273909Z  selecting default time zone ... Etc/UTC
2025-08-23T20:19:56.2274175Z  creating configuration files ... ok
2025-08-23T20:19:56.2274429Z  running bootstrap script ... ok
2025-08-23T20:19:56.2274712Z  performing post-bootstrap initialization ... ok
2025-08-23T20:19:56.2274996Z  syncing data to disk ... ok
2025-08-23T20:19:56.2275204Z  
2025-08-23T20:19:56.2275356Z  
2025-08-23T20:19:56.2275560Z  Success. You can now start the database server using:
2025-08-23T20:19:56.2275832Z  
2025-08-23T20:19:56.2276055Z      pg_ctl -D /var/lib/postgresql/data -l logfile start
2025-08-23T20:19:56.2276339Z  
2025-08-23T20:19:56.2276898Z  waiting for server to start....2025-08-23 20:18:47.999 UTC [48] LOG:  starting PostgreSQL 15.14 (Debian 15.14-1.pgdg13+1) on x86_64-pc-linux-gnu, compiled by gcc (Debian 14.2.0-19) 14.2.0, 64-bit
2025-08-23T20:19:56.2278296Z  2025-08-23 20:18:48.000 UTC [48] LOG:  listening on Unix socket "/var/run/postgresql/.s.PGSQL.5432"
2025-08-23T20:19:56.2278890Z  2025-08-23 20:18:48.003 UTC [51] LOG:  database system was shut down at 2025-08-23 20:18:47 UTC
2025-08-23T20:19:56.2279338Z  2025-08-23 20:18:48.006 UTC [48] LOG:  database system is ready to accept connections
2025-08-23T20:19:56.2279660Z   done
2025-08-23T20:19:56.2279824Z  server started
2025-08-23T20:19:56.2280013Z  CREATE DATABASE
2025-08-23T20:19:56.2280182Z  
2025-08-23T20:19:56.2280332Z  
2025-08-23T20:19:56.2280632Z  /usr/local/bin/docker-entrypoint.sh: ignoring /docker-entrypoint-initdb.d/*
2025-08-23T20:19:56.2281002Z  
2025-08-23T20:19:56.2281228Z  2025-08-23 20:18:48.186 UTC [48] LOG:  received fast shutdown request
2025-08-23T20:19:56.2281962Z  waiting for server to shut down....2025-08-23 20:18:48.187 UTC [48] LOG:  aborting any active transactions
2025-08-23T20:19:56.2282574Z  2025-08-23 20:18:48.189 UTC [48] LOG:  background worker "logical replication launcher" (PID 54) exited with exit code 1
2025-08-23T20:19:56.2283046Z  2025-08-23 20:18:48.189 UTC [49] LOG:  shutting down
2025-08-23T20:19:56.2283582Z  2025-08-23 20:18:48.189 UTC [49] LOG:  checkpoint starting: shutdown immediate
2025-08-23T20:19:56.2284474Z  2025-08-23 20:18:48.208 UTC [49] LOG:  checkpoint complete: wrote 922 buffers (5.6%); 0 WAL file(s) added, 0 removed, 0 recycled; write=0.014 s, sync=0.003 s, total=0.020 s; sync files=301, longest=0.002 s, average=0.001 s; distance=4239 kB, estimate=4239 kB
2025-08-23T20:19:56.2285298Z  2025-08-23 20:18:48.214 UTC [48] LOG:  database system is shut down
2025-08-23T20:19:56.2285590Z   done
2025-08-23T20:19:56.2285887Z  server stopped
2025-08-23T20:19:56.2286065Z  
2025-08-23T20:19:56.2286279Z  PostgreSQL init process complete; ready for start up.
2025-08-23T20:19:56.2286555Z  
2025-08-23T20:19:56.2292043Z Stop and remove container: 9e7b02da16bf4d739ef64183b31af6c3_postgres15_84990d
2025-08-23T20:19:56.2297794Z ##[command]/usr/bin/docker rm --force 4f3b8cb58d9b2e8d1326f749996c578342b937d491126151e36aa7f9acd8a6a3
2025-08-23T20:19:57.3280688Z 4f3b8cb58d9b2e8d1326f749996c578342b937d491126151e36aa7f9acd8a6a3
2025-08-23T20:19:57.3307877Z Remove container network: github_network_7840b5d4f9f64bb4ad46735efca80968
2025-08-23T20:19:57.3312571Z ##[command]/usr/bin/docker network rm github_network_7840b5d4f9f64bb4ad46735efca80968
2025-08-23T20:19:57.4561329Z github_network_7840b5d4f9f64bb4ad46735efca80968
2025-08-23T20:19:57.4623203Z Cleaning up orphan processes
