2025-08-24T20:21:30.9850510Z Current runner version: '2.328.0'
2025-08-24T20:21:30.9872210Z ##[group]Runner Image Provisioner
2025-08-24T20:21:30.9873045Z Hosted Compute Agent
2025-08-24T20:21:30.9873566Z Version: 20250821.380
2025-08-24T20:21:30.9874217Z Commit: 438d12cb4fe092871db9867344e3bc0bc5319035
2025-08-24T20:21:30.9874890Z Build Date: 2025-08-21T20:49:43Z
2025-08-24T20:21:30.9875479Z ##[endgroup]
2025-08-24T20:21:30.9876247Z ##[group]Operating System
2025-08-24T20:21:30.9876915Z Ubuntu
2025-08-24T20:21:30.9877357Z 24.04.2
2025-08-24T20:21:30.9877804Z LTS
2025-08-24T20:21:30.9878286Z ##[endgroup]
2025-08-24T20:21:30.9878778Z ##[group]Runner Image
2025-08-24T20:21:30.9879334Z Image: ubuntu-24.04
2025-08-24T20:21:30.9879868Z Version: 20250818.1.0
2025-08-24T20:21:30.9881106Z Included Software: https://github.com/actions/runner-images/blob/ubuntu24/20250818.1/images/ubuntu/Ubuntu2404-Readme.md
2025-08-24T20:21:30.9882675Z Image Release: https://github.com/actions/runner-images/releases/tag/ubuntu24%2F20250818.1
2025-08-24T20:21:30.9883655Z ##[endgroup]
2025-08-24T20:21:30.9886137Z ##[group]GITHUB_TOKEN Permissions
2025-08-24T20:21:30.9888371Z Actions: write
2025-08-24T20:21:30.9888893Z Attestations: write
2025-08-24T20:21:30.9889490Z Checks: write
2025-08-24T20:21:30.9889954Z Contents: write
2025-08-24T20:21:30.9890456Z Deployments: write
2025-08-24T20:21:30.9891174Z Discussions: write
2025-08-24T20:21:30.9891723Z Issues: write
2025-08-24T20:21:30.9892161Z Metadata: read
2025-08-24T20:21:30.9892663Z Models: read
2025-08-24T20:21:30.9893132Z Packages: write
2025-08-24T20:21:30.9893632Z Pages: write
2025-08-24T20:21:30.9894149Z PullRequests: write
2025-08-24T20:21:30.9894708Z RepositoryProjects: write
2025-08-24T20:21:30.9895279Z SecurityEvents: write
2025-08-24T20:21:30.9895833Z Statuses: write
2025-08-24T20:21:30.9896406Z ##[endgroup]
2025-08-24T20:21:30.9898294Z Secret source: Actions
2025-08-24T20:21:30.9899233Z Prepare workflow directory
2025-08-24T20:21:31.0306756Z Prepare all required actions
2025-08-24T20:21:31.0343639Z Getting action download info
2025-08-24T20:21:31.5559313Z Download action repository 'actions/checkout@v5' (SHA:08c6903cd8c0fde910a37f88322edcfb5dd907a8)
2025-08-24T20:21:31.6333020Z Download action repository 'actions/setup-python@v5' (SHA:a26af69be951a213d495a4c3e4e4022e16d87065)
2025-08-24T20:21:31.7345149Z Download action repository 'actions/cache@v4' (SHA:0400d5f644dc74513175e3cd8d07132dd4860809)
2025-08-24T20:21:31.8758225Z Download action repository 'actions/upload-artifact@v4' (SHA:ea165f8d65b6e75b540449e92b4886f43607fa02)
2025-08-24T20:21:32.2025455Z Complete job name: integration-db
2025-08-24T20:21:32.2581403Z ##[group]Checking docker version
2025-08-24T20:21:32.2594614Z ##[command]/usr/bin/docker version --format '{{.Server.APIVersion}}'
2025-08-24T20:21:33.1231495Z '1.48'
2025-08-24T20:21:33.1246018Z Docker daemon API version: '1.48'
2025-08-24T20:21:33.1246482Z ##[command]/usr/bin/docker version --format '{{.Client.APIVersion}}'
2025-08-24T20:21:33.1434734Z '1.48'
2025-08-24T20:21:33.1447320Z Docker client API version: '1.48'
2025-08-24T20:21:33.1452669Z ##[endgroup]
2025-08-24T20:21:33.1455517Z ##[group]Clean up resources from previous jobs
2025-08-24T20:21:33.1460098Z ##[command]/usr/bin/docker ps --all --quiet --no-trunc --filter "label=9ee85a"
2025-08-24T20:21:33.1589401Z ##[command]/usr/bin/docker network prune --force --filter "label=9ee85a"
2025-08-24T20:21:33.1709654Z ##[endgroup]
2025-08-24T20:21:33.1709973Z ##[group]Create local container network
2025-08-24T20:21:33.1719214Z ##[command]/usr/bin/docker network create --label 9ee85a github_network_c2ea64b78197433ea4a0b5ac45548d3c
2025-08-24T20:21:33.2217080Z 916e673e2da8ed46bba29eaf22d19c0f15e4a1938be4d69141c1e27e76aea681
2025-08-24T20:21:33.2235950Z ##[endgroup]
2025-08-24T20:21:33.2259093Z ##[group]Starting postgres service container
2025-08-24T20:21:33.2278548Z ##[command]/usr/bin/docker pull postgres:15
2025-08-24T20:21:34.3132192Z 15: Pulling from library/postgres
2025-08-24T20:21:34.6003108Z 396b1da7636e: Pulling fs layer
2025-08-24T20:21:34.6004760Z fca2566eba32: Pulling fs layer
2025-08-24T20:21:34.6005152Z 631fe8c6d606: Pulling fs layer
2025-08-24T20:21:34.6005552Z 77c7671c4414: Pulling fs layer
2025-08-24T20:21:34.6007236Z 2d9e29180a27: Pulling fs layer
2025-08-24T20:21:34.6008332Z c6bcc2c9a041: Pulling fs layer
2025-08-24T20:21:34.6008764Z ac4b721eb66f: Pulling fs layer
2025-08-24T20:21:34.6009113Z 606bd164980e: Pulling fs layer
2025-08-24T20:21:34.6009480Z f5dfd246bc6e: Pulling fs layer
2025-08-24T20:21:34.6009892Z ba7036bb0a60: Pulling fs layer
2025-08-24T20:21:34.6010129Z 799f859abbbd: Pulling fs layer
2025-08-24T20:21:34.6010375Z d903e777080c: Pulling fs layer
2025-08-24T20:21:34.6010848Z 04adcb462801: Pulling fs layer
2025-08-24T20:21:34.6011083Z 5c10925b29ff: Pulling fs layer
2025-08-24T20:21:34.6011312Z 77c7671c4414: Waiting
2025-08-24T20:21:34.6011512Z 2d9e29180a27: Waiting
2025-08-24T20:21:34.6011695Z c6bcc2c9a041: Waiting
2025-08-24T20:21:34.6011889Z f5dfd246bc6e: Waiting
2025-08-24T20:21:34.6012076Z d903e777080c: Waiting
2025-08-24T20:21:34.6012265Z ac4b721eb66f: Waiting
2025-08-24T20:21:34.6012446Z 04adcb462801: Waiting
2025-08-24T20:21:34.6012638Z ba7036bb0a60: Waiting
2025-08-24T20:21:34.6012819Z 5c10925b29ff: Waiting
2025-08-24T20:21:34.6012996Z 606bd164980e: Waiting
2025-08-24T20:21:34.6013181Z 799f859abbbd: Waiting
2025-08-24T20:21:34.8789245Z fca2566eba32: Verifying Checksum
2025-08-24T20:21:34.8789807Z fca2566eba32: Download complete
2025-08-24T20:21:34.9296436Z 631fe8c6d606: Verifying Checksum
2025-08-24T20:21:34.9297091Z 631fe8c6d606: Download complete
2025-08-24T20:21:35.1651706Z 77c7671c4414: Verifying Checksum
2025-08-24T20:21:35.1652195Z 77c7671c4414: Download complete
2025-08-24T20:21:35.2795070Z 2d9e29180a27: Verifying Checksum
2025-08-24T20:21:35.2795519Z 2d9e29180a27: Download complete
2025-08-24T20:21:35.3385097Z 396b1da7636e: Verifying Checksum
2025-08-24T20:21:35.3385639Z 396b1da7636e: Download complete
2025-08-24T20:21:35.4431635Z c6bcc2c9a041: Verifying Checksum
2025-08-24T20:21:35.4436459Z c6bcc2c9a041: Download complete
2025-08-24T20:21:35.5799656Z ac4b721eb66f: Verifying Checksum
2025-08-24T20:21:35.5803523Z ac4b721eb66f: Download complete
2025-08-24T20:21:35.6219382Z 606bd164980e: Verifying Checksum
2025-08-24T20:21:35.6220348Z 606bd164980e: Download complete
2025-08-24T20:21:35.8518258Z ba7036bb0a60: Verifying Checksum
2025-08-24T20:21:35.8518717Z ba7036bb0a60: Download complete
2025-08-24T20:21:35.9392510Z 799f859abbbd: Verifying Checksum
2025-08-24T20:21:35.9392988Z 799f859abbbd: Download complete
2025-08-24T20:21:36.1378879Z d903e777080c: Verifying Checksum
2025-08-24T20:21:36.1379753Z d903e777080c: Download complete
2025-08-24T20:21:36.2193350Z 04adcb462801: Verifying Checksum
2025-08-24T20:21:36.2193844Z 04adcb462801: Download complete
2025-08-24T20:21:36.3091952Z 396b1da7636e: Pull complete
2025-08-24T20:21:36.4237948Z 5c10925b29ff: Verifying Checksum
2025-08-24T20:21:36.4238356Z 5c10925b29ff: Download complete
2025-08-24T20:21:36.7392869Z f5dfd246bc6e: Verifying Checksum
2025-08-24T20:21:36.7393192Z f5dfd246bc6e: Download complete
2025-08-24T20:21:37.2048205Z fca2566eba32: Pull complete
2025-08-24T20:21:37.3880832Z 631fe8c6d606: Pull complete
2025-08-24T20:21:37.4289734Z 77c7671c4414: Pull complete
2025-08-24T20:21:37.7294773Z 2d9e29180a27: Pull complete
2025-08-24T20:21:37.8077574Z c6bcc2c9a041: Pull complete
2025-08-24T20:21:37.8165000Z ac4b721eb66f: Pull complete
2025-08-24T20:21:37.8286416Z 606bd164980e: Pull complete
2025-08-24T20:21:40.7033876Z f5dfd246bc6e: Pull complete
2025-08-24T20:21:40.7198177Z ba7036bb0a60: Pull complete
2025-08-24T20:21:40.7305317Z 799f859abbbd: Pull complete
2025-08-24T20:21:40.7405153Z d903e777080c: Pull complete
2025-08-24T20:21:40.7508369Z 04adcb462801: Pull complete
2025-08-24T20:21:40.7624203Z 5c10925b29ff: Pull complete
2025-08-24T20:21:40.7661839Z Digest: sha256:bc51cf4f1fe02cce7ed2370b20128a9b00b4eb804573a77d2a0d877aaa9c82b1
2025-08-24T20:21:40.7676671Z Status: Downloaded newer image for postgres:15
2025-08-24T20:21:40.7686800Z docker.io/library/postgres:15
2025-08-24T20:21:40.7745218Z ##[command]/usr/bin/docker create --name 557057639a494aeb84ade4edd059966c_postgres15_0e4a54 --label 9ee85a --network github_network_c2ea64b78197433ea4a0b5ac45548d3c --network-alias postgres -p 5432:5432 --health-cmd="pg_isready -U postgres -d awa" --health-interval=5s --health-timeout=5s --health-retries=10 -e "POSTGRES_USER=postgres" -e "POSTGRES_PASSWORD=pass" -e "POSTGRES_DB=awa" -e GITHUB_ACTIONS=true -e CI=true postgres:15
2025-08-24T20:21:40.8059307Z 756ef8bd38c2b94dfd6141c72c02dbe9a3187ca66b1d15612e0bc6f65d17dd94
2025-08-24T20:21:40.8080389Z ##[command]/usr/bin/docker start 756ef8bd38c2b94dfd6141c72c02dbe9a3187ca66b1d15612e0bc6f65d17dd94
2025-08-24T20:21:41.4973525Z 756ef8bd38c2b94dfd6141c72c02dbe9a3187ca66b1d15612e0bc6f65d17dd94
2025-08-24T20:21:41.4995751Z ##[command]/usr/bin/docker ps --all --filter id=756ef8bd38c2b94dfd6141c72c02dbe9a3187ca66b1d15612e0bc6f65d17dd94 --filter status=running --no-trunc --format "{{.ID}} {{.Status}}"
2025-08-24T20:21:41.5115881Z 756ef8bd38c2b94dfd6141c72c02dbe9a3187ca66b1d15612e0bc6f65d17dd94 Up Less than a second (health: starting)
2025-08-24T20:21:41.5139731Z ##[command]/usr/bin/docker port 756ef8bd38c2b94dfd6141c72c02dbe9a3187ca66b1d15612e0bc6f65d17dd94
2025-08-24T20:21:41.5265557Z 5432/tcp -> 0.0.0.0:5432
2025-08-24T20:21:41.5267462Z 5432/tcp -> [::]:5432
2025-08-24T20:21:41.5314539Z ##[endgroup]
2025-08-24T20:21:41.5323132Z ##[group]Waiting for all services to be ready
2025-08-24T20:21:41.5335822Z ##[command]/usr/bin/docker inspect --format="{{if .Config.Healthcheck}}{{print .State.Health.Status}}{{end}}" 756ef8bd38c2b94dfd6141c72c02dbe9a3187ca66b1d15612e0bc6f65d17dd94
2025-08-24T20:21:41.5466134Z starting
2025-08-24T20:21:41.5489565Z postgres service is starting, waiting 2 seconds before checking again.
2025-08-24T20:21:43.5485744Z ##[command]/usr/bin/docker inspect --format="{{if .Config.Healthcheck}}{{print .State.Health.Status}}{{end}}" 756ef8bd38c2b94dfd6141c72c02dbe9a3187ca66b1d15612e0bc6f65d17dd94
2025-08-24T20:21:43.5604121Z starting
2025-08-24T20:21:43.5617260Z postgres service is starting, waiting 4 seconds before checking again.
2025-08-24T20:21:47.6961084Z ##[command]/usr/bin/docker inspect --format="{{if .Config.Healthcheck}}{{print .State.Health.Status}}{{end}}" 756ef8bd38c2b94dfd6141c72c02dbe9a3187ca66b1d15612e0bc6f65d17dd94
2025-08-24T20:21:47.7075303Z healthy
2025-08-24T20:21:47.7095048Z postgres service is healthy.
2025-08-24T20:21:47.7095452Z ##[endgroup]
2025-08-24T20:21:47.7328370Z ##[group]Run actions/checkout@v5
2025-08-24T20:21:47.7328879Z with:
2025-08-24T20:21:47.7329053Z   fetch-depth: 0
2025-08-24T20:21:47.7329253Z   repository: AlexBomber12/AWA-App
2025-08-24T20:21:47.7329615Z   token: ***
2025-08-24T20:21:47.7329795Z   ssh-strict: true
2025-08-24T20:21:47.7329973Z   ssh-user: git
2025-08-24T20:21:47.7330152Z   persist-credentials: true
2025-08-24T20:21:47.7330364Z   clean: true
2025-08-24T20:21:47.7330815Z   sparse-checkout-cone-mode: true
2025-08-24T20:21:47.7331198Z   fetch-tags: false
2025-08-24T20:21:47.7331379Z   show-progress: true
2025-08-24T20:21:47.7331578Z   lfs: false
2025-08-24T20:21:47.7331733Z   submodules: false
2025-08-24T20:21:47.7331912Z   set-safe-directory: true
2025-08-24T20:21:47.7332389Z ##[endgroup]
2025-08-24T20:21:47.8294981Z Syncing repository: AlexBomber12/AWA-App
2025-08-24T20:21:47.8296785Z ##[group]Getting Git version info
2025-08-24T20:21:47.8297173Z Working directory is '/home/runner/work/AWA-App/AWA-App'
2025-08-24T20:21:47.8297746Z [command]/usr/bin/git version
2025-08-24T20:21:47.8311572Z git version 2.51.0
2025-08-24T20:21:47.8331426Z ##[endgroup]
2025-08-24T20:21:47.8344425Z Temporarily overriding HOME='/home/runner/work/_temp/29e03336-ee6f-486a-bf31-1302c085e0a3' before making global git config changes
2025-08-24T20:21:47.8345301Z Adding repository directory to the temporary git global config as a safe directory
2025-08-24T20:21:47.8349315Z [command]/usr/bin/git config --global --add safe.directory /home/runner/work/AWA-App/AWA-App
2025-08-24T20:21:47.8381698Z Deleting the contents of '/home/runner/work/AWA-App/AWA-App'
2025-08-24T20:21:47.8385225Z ##[group]Initializing the repository
2025-08-24T20:21:47.8389568Z [command]/usr/bin/git init /home/runner/work/AWA-App/AWA-App
2025-08-24T20:21:47.8446101Z hint: Using 'master' as the name for the initial branch. This default branch name
2025-08-24T20:21:47.8446965Z hint: is subject to change. To configure the initial branch name to use in all
2025-08-24T20:21:47.8447789Z hint: of your new repositories, which will suppress this warning, call:
2025-08-24T20:21:47.8448367Z hint:
2025-08-24T20:21:47.8448768Z hint: 	git config --global init.defaultBranch <name>
2025-08-24T20:21:47.8449247Z hint:
2025-08-24T20:21:47.8449702Z hint: Names commonly chosen instead of 'master' are 'main', 'trunk' and
2025-08-24T20:21:47.8450512Z hint: 'development'. The just-created branch can be renamed via this command:
2025-08-24T20:21:47.8451217Z hint:
2025-08-24T20:21:47.8451511Z hint: 	git branch -m <name>
2025-08-24T20:21:47.8451797Z hint:
2025-08-24T20:21:47.8452112Z hint: Disable this message with "git config set advice.defaultBranchName false"
2025-08-24T20:21:47.8452615Z Initialized empty Git repository in /home/runner/work/AWA-App/AWA-App/.git/
2025-08-24T20:21:47.8459825Z [command]/usr/bin/git remote add origin https://github.com/AlexBomber12/AWA-App
2025-08-24T20:21:47.8490707Z ##[endgroup]
2025-08-24T20:21:47.8491323Z ##[group]Disabling automatic garbage collection
2025-08-24T20:21:47.8495680Z [command]/usr/bin/git config --local gc.auto 0
2025-08-24T20:21:47.8522106Z ##[endgroup]
2025-08-24T20:21:47.8522626Z ##[group]Setting up auth
2025-08-24T20:21:47.8529605Z [command]/usr/bin/git config --local --name-only --get-regexp core\.sshCommand
2025-08-24T20:21:47.8557939Z [command]/usr/bin/git submodule foreach --recursive sh -c "git config --local --name-only --get-regexp 'core\.sshCommand' && git config --local --unset-all 'core.sshCommand' || :"
2025-08-24T20:21:47.8809690Z [command]/usr/bin/git config --local --name-only --get-regexp http\.https\:\/\/github\.com\/\.extraheader
2025-08-24T20:21:47.8837865Z [command]/usr/bin/git submodule foreach --recursive sh -c "git config --local --name-only --get-regexp 'http\.https\:\/\/github\.com\/\.extraheader' && git config --local --unset-all 'http.https://github.com/.extraheader' || :"
2025-08-24T20:21:47.9053145Z [command]/usr/bin/git config --local http.https://github.com/.extraheader AUTHORIZATION: basic ***
2025-08-24T20:21:47.9086231Z ##[endgroup]
2025-08-24T20:21:47.9086812Z ##[group]Fetching the repository
2025-08-24T20:21:47.9095408Z [command]/usr/bin/git -c protocol.version=2 fetch --prune --no-recurse-submodules origin +refs/heads/*:refs/remotes/origin/* +refs/tags/*:refs/tags/*
2025-08-24T20:21:51.3201741Z From https://github.com/AlexBomber12/AWA-App
2025-08-24T20:21:51.3202710Z  * [new branch]        codex/analyze-ci-logs-and-fix-failures -> origin/codex/analyze-ci-logs-and-fix-failures
2025-08-24T20:21:51.3203904Z  * [new branch]        codex/fix-ci-workflows-to-pass-all-tests -> origin/codex/fix-ci-workflows-to-pass-all-tests
2025-08-24T20:21:51.3204618Z  * [new branch]        codex/fix-ci-workflows-to-pass-tests -> origin/codex/fix-ci-workflows-to-pass-tests
2025-08-24T20:21:51.3205196Z  * [new branch]        codex/fix-ci-workflows-until-green -> origin/codex/fix-ci-workflows-until-green
2025-08-24T20:21:51.3205966Z  * [new branch]        codex/harden-microservice-startup-and-fix-health-checks -> origin/codex/harden-microservice-startup-and-fix-health-checks
2025-08-24T20:21:51.3206717Z  * [new branch]        codex/implement-targeted-ci-fixes -> origin/codex/implement-targeted-ci-fixes
2025-08-24T20:21:51.3207377Z  * [new branch]        codex/implement-targeted-ci-fixes-for-success -> origin/codex/implement-targeted-ci-fixes-for-success
2025-08-24T20:21:51.3208140Z  * [new branch]        codex/improve-service-reliability-in-gh-actions -> origin/codex/improve-service-reliability-in-gh-actions
2025-08-24T20:21:51.3208981Z  * [new branch]        codex/improve-service-reliability-in-gh-actions-jeu4m3 -> origin/codex/improve-service-reliability-in-gh-actions-jeu4m3
2025-08-24T20:21:51.3209831Z  * [new branch]        main       -> origin/main
2025-08-24T20:21:51.3210094Z  * [new tag]           0.3.0      -> 0.3.0
2025-08-24T20:21:51.3283034Z [command]/usr/bin/git branch --list --remote origin/main
2025-08-24T20:21:51.3306755Z   origin/main
2025-08-24T20:21:51.3315847Z [command]/usr/bin/git rev-parse refs/remotes/origin/main
2025-08-24T20:21:51.3335559Z 1a96989d6f750796379ab4b6e3b519ed7ea8d917
2025-08-24T20:21:51.3340063Z ##[endgroup]
2025-08-24T20:21:51.3340848Z ##[group]Determining the checkout info
2025-08-24T20:21:51.3341674Z ##[endgroup]
2025-08-24T20:21:51.3346319Z [command]/usr/bin/git sparse-checkout disable
2025-08-24T20:21:51.3419596Z [command]/usr/bin/git config --local --unset-all extensions.worktreeConfig
2025-08-24T20:21:51.3444834Z ##[group]Checking out the ref
2025-08-24T20:21:51.3449043Z [command]/usr/bin/git checkout --progress --force -B main refs/remotes/origin/main
2025-08-24T20:21:51.3807617Z Switched to a new branch 'main'
2025-08-24T20:21:51.3810756Z branch 'main' set up to track 'origin/main'.
2025-08-24T20:21:51.3818368Z ##[endgroup]
2025-08-24T20:21:51.3853467Z [command]/usr/bin/git log -1 --format=%H
2025-08-24T20:21:51.3875292Z 1a96989d6f750796379ab4b6e3b519ed7ea8d917
2025-08-24T20:21:51.4034454Z ##[group]Run cat .env.ci >> "$GITHUB_ENV"
2025-08-24T20:21:51.4034793Z [36;1mcat .env.ci >> "$GITHUB_ENV"[0m
2025-08-24T20:21:51.4035494Z [36;1mecho "DATABASE_URL=***localhost:5432/awa" >> "$GITHUB_ENV"[0m
2025-08-24T20:21:51.4035854Z [36;1mecho "PG_HOST=localhost" >> "$GITHUB_ENV"[0m
2025-08-24T20:21:51.4036146Z [36;1mecho "PG_PORT=5432" >> "$GITHUB_ENV"[0m
2025-08-24T20:21:51.4036425Z [36;1mecho "PG_USER=postgres" >> "$GITHUB_ENV"[0m
2025-08-24T20:21:51.4036709Z [36;1mecho "PG_PASSWORD=pass" >> "$GITHUB_ENV"[0m
2025-08-24T20:21:51.4036980Z [36;1mecho "PG_DATABASE=awa" >> "$GITHUB_ENV"[0m
2025-08-24T20:21:51.4037239Z [36;1mecho "TESTING=1" >> "$GITHUB_ENV"[0m
2025-08-24T20:21:51.4078864Z shell: /usr/bin/bash -e {0}
2025-08-24T20:21:51.4079127Z ##[endgroup]
2025-08-24T20:21:51.4249261Z ##[group]Run actions/setup-python@v5
2025-08-24T20:21:51.4249541Z with:
2025-08-24T20:21:51.4249717Z   python-version: 3.11
2025-08-24T20:21:51.4249908Z   cache: pip
2025-08-24T20:21:51.4250133Z   cache-dependency-path: requirements-dev.txt

2025-08-24T20:21:51.4250401Z   check-latest: false
2025-08-24T20:21:51.4250970Z   token: ***
2025-08-24T20:21:51.4251157Z   update-environment: true
2025-08-24T20:21:51.4251374Z   allow-prereleases: false
2025-08-24T20:21:51.4251566Z   freethreaded: false
2025-08-24T20:21:51.4251747Z env:
2025-08-24T20:21:51.4251906Z   PG_USER: postgres
2025-08-24T20:21:51.4252080Z   PG_PASSWORD: pass
2025-08-24T20:21:51.4252264Z   PG_DATABASE: awa
2025-08-24T20:21:51.4252430Z   PG_HOST: localhost
2025-08-24T20:21:51.4252612Z   PG_PORT: 5432
2025-08-24T20:21:51.4252982Z   PG_SYNC_DSN: ***localhost:5432/awa
2025-08-24T20:21:51.4253365Z   PG_ASYNC_DSN: ***localhost:5432/awa
2025-08-24T20:21:51.4253748Z   DATABASE_URL: ***localhost:5432/awa
2025-08-24T20:21:51.4253997Z   DATA_DIR: /tmp/awa-data
2025-08-24T20:21:51.4254184Z   ENABLE_LIVE: 0
2025-08-24T20:21:51.4254349Z   TESTING: 1
2025-08-24T20:21:51.4254505Z ##[endgroup]
2025-08-24T20:21:51.5903496Z ##[group]Installed versions
2025-08-24T20:21:51.5994777Z Successfully set up CPython (3.11.13)
2025-08-24T20:21:51.5995473Z ##[endgroup]
2025-08-24T20:21:51.6423729Z [command]/opt/hostedtoolcache/Python/3.11.13/x64/bin/pip cache dir
2025-08-24T20:21:52.9063848Z /home/runner/.cache/pip
2025-08-24T20:21:53.2263247Z Cache hit for: setup-python-Linux-x64-24.04-Ubuntu-python-3.11.13-pip-cc13ccef493b9f3a93ad5651164d9fb09282c1111f6f72ce20e0657de16de6b4
2025-08-24T20:21:54.5918923Z Received 0 of 309815432 (0.0%), 0.0 MBs/sec
2025-08-24T20:21:55.5931752Z Received 109051904 of 309815432 (35.2%), 52.0 MBs/sec
2025-08-24T20:21:56.5941999Z Received 213909504 of 309815432 (69.0%), 68.0 MBs/sec
2025-08-24T20:21:57.5972686Z Received 301989888 of 309815432 (97.5%), 71.9 MBs/sec
2025-08-24T20:21:57.6625133Z Received 309815432 of 309815432 (100.0%), 72.6 MBs/sec
2025-08-24T20:21:57.6627343Z Cache Size: ~295 MB (309815432 B)
2025-08-24T20:21:57.6667074Z [command]/usr/bin/tar -xf /home/runner/work/_temp/fad37617-4e00-4ade-9dfb-89254b1daaf8/cache.tzst -P -C /home/runner/work/AWA-App/AWA-App --use-compress-program unzstd
2025-08-24T20:21:58.2002584Z Cache restored successfully
2025-08-24T20:21:58.2598116Z Cache restored from key: setup-python-Linux-x64-24.04-Ubuntu-python-3.11.13-pip-cc13ccef493b9f3a93ad5651164d9fb09282c1111f6f72ce20e0657de16de6b4
2025-08-24T20:21:58.3278741Z ##[group]Run actions/cache@v4
2025-08-24T20:21:58.3278987Z with:
2025-08-24T20:21:58.3279205Z   path: ~/.cache/pip
.pytest_cache
~/.ruff_cache

2025-08-24T20:21:58.3279624Z   key: Linux-int-cc13ccef493b9f3a93ad5651164d9fb09282c1111f6f72ce20e0657de16de6b4
2025-08-24T20:21:58.3280015Z   restore-keys: Linux-int-
2025-08-24T20:21:58.3280241Z   enableCrossOsArchive: false
2025-08-24T20:21:58.3280468Z   fail-on-cache-miss: false
2025-08-24T20:21:58.3280909Z   lookup-only: false
2025-08-24T20:21:58.3281103Z   save-always: false
2025-08-24T20:21:58.3281278Z env:
2025-08-24T20:21:58.3281441Z   PG_USER: postgres
2025-08-24T20:21:58.3281626Z   PG_PASSWORD: pass
2025-08-24T20:21:58.3281813Z   PG_DATABASE: awa
2025-08-24T20:21:58.3281997Z   PG_HOST: localhost
2025-08-24T20:21:58.3282181Z   PG_PORT: 5432
2025-08-24T20:21:58.3282654Z   PG_SYNC_DSN: ***localhost:5432/awa
2025-08-24T20:21:58.3283127Z   PG_ASYNC_DSN: ***localhost:5432/awa
2025-08-24T20:21:58.3283535Z   DATABASE_URL: ***localhost:5432/awa
2025-08-24T20:21:58.3283764Z   DATA_DIR: /tmp/awa-data
2025-08-24T20:21:58.3283970Z   ENABLE_LIVE: 0
2025-08-24T20:21:58.3284149Z   TESTING: 1
2025-08-24T20:21:58.3284386Z   pythonLocation: /opt/hostedtoolcache/Python/3.11.13/x64
2025-08-24T20:21:58.3284780Z   PKG_CONFIG_PATH: /opt/hostedtoolcache/Python/3.11.13/x64/lib/pkgconfig
2025-08-24T20:21:58.3285163Z   Python_ROOT_DIR: /opt/hostedtoolcache/Python/3.11.13/x64
2025-08-24T20:21:58.3285513Z   Python2_ROOT_DIR: /opt/hostedtoolcache/Python/3.11.13/x64
2025-08-24T20:21:58.3285853Z   Python3_ROOT_DIR: /opt/hostedtoolcache/Python/3.11.13/x64
2025-08-24T20:21:58.3286201Z   LD_LIBRARY_PATH: /opt/hostedtoolcache/Python/3.11.13/x64/lib
2025-08-24T20:21:58.3286500Z ##[endgroup]
2025-08-24T20:21:58.7290358Z Cache hit for: Linux-int-cc13ccef493b9f3a93ad5651164d9fb09282c1111f6f72ce20e0657de16de6b4
2025-08-24T20:22:00.0361057Z Received 0 of 309817358 (0.0%), 0.0 MBs/sec
2025-08-24T20:22:01.0402266Z Received 88080384 of 309817358 (28.4%), 42.0 MBs/sec
2025-08-24T20:22:02.0376537Z Received 192937984 of 309817358 (62.3%), 61.3 MBs/sec
2025-08-24T20:22:03.0378965Z Received 268435456 of 309817358 (86.6%), 64.0 MBs/sec
2025-08-24T20:22:04.0386048Z Received 305623054 of 309817358 (98.6%), 58.3 MBs/sec
2025-08-24T20:22:04.1686674Z Received 309817358 of 309817358 (100.0%), 57.6 MBs/sec
2025-08-24T20:22:04.1689415Z Cache Size: ~295 MB (309817358 B)
2025-08-24T20:22:04.1733727Z [command]/usr/bin/tar -xf /home/runner/work/_temp/5a3abdb9-9db8-4684-aa41-c4910569c4ce/cache.tzst -P -C /home/runner/work/AWA-App/AWA-App --use-compress-program unzstd
2025-08-24T20:22:04.7082927Z Cache restored successfully
2025-08-24T20:22:04.7747345Z Cache restored from key: Linux-int-cc13ccef493b9f3a93ad5651164d9fb09282c1111f6f72ce20e0657de16de6b4
2025-08-24T20:22:04.7860449Z ##[group]Run pip install --break-system-packages -r requirements-dev.txt
2025-08-24T20:22:04.7861194Z [36;1mpip install --break-system-packages -r requirements-dev.txt[0m
2025-08-24T20:22:04.7861647Z [36;1mpip install --break-system-packages keepa==1.3.15 minio==7.1.15[0m
2025-08-24T20:22:04.7902500Z shell: /usr/bin/bash -e {0}
2025-08-24T20:22:04.7902737Z env:
2025-08-24T20:22:04.7902912Z   PG_USER: postgres
2025-08-24T20:22:04.7903110Z   PG_PASSWORD: pass
2025-08-24T20:22:04.7903295Z   PG_DATABASE: awa
2025-08-24T20:22:04.7903481Z   PG_HOST: localhost
2025-08-24T20:22:04.7903669Z   PG_PORT: 5432
2025-08-24T20:22:04.7904144Z   PG_SYNC_DSN: ***localhost:5432/awa
2025-08-24T20:22:04.7904750Z   PG_ASYNC_DSN: ***localhost:5432/awa
2025-08-24T20:22:04.7905132Z   DATABASE_URL: ***localhost:5432/awa
2025-08-24T20:22:04.7905373Z   DATA_DIR: /tmp/awa-data
2025-08-24T20:22:04.7905578Z   ENABLE_LIVE: 0
2025-08-24T20:22:04.7905756Z   TESTING: 1
2025-08-24T20:22:04.7906027Z   pythonLocation: /opt/hostedtoolcache/Python/3.11.13/x64
2025-08-24T20:22:04.7906427Z   PKG_CONFIG_PATH: /opt/hostedtoolcache/Python/3.11.13/x64/lib/pkgconfig
2025-08-24T20:22:04.7906811Z   Python_ROOT_DIR: /opt/hostedtoolcache/Python/3.11.13/x64
2025-08-24T20:22:04.7907158Z   Python2_ROOT_DIR: /opt/hostedtoolcache/Python/3.11.13/x64
2025-08-24T20:22:04.7907501Z   Python3_ROOT_DIR: /opt/hostedtoolcache/Python/3.11.13/x64
2025-08-24T20:22:04.7907849Z   LD_LIBRARY_PATH: /opt/hostedtoolcache/Python/3.11.13/x64/lib
2025-08-24T20:22:04.7908138Z ##[endgroup]
2025-08-24T20:22:05.9454217Z Collecting Jinja2==3.1.6 (from -r requirements-dev.txt (line 2))
2025-08-24T20:22:05.9469706Z   Using cached jinja2-3.1.6-py3-none-any.whl.metadata (2.9 kB)
2025-08-24T20:22:05.9674111Z Collecting alembic==1.16.4 (from -r requirements-dev.txt (line 3))
2025-08-24T20:22:05.9688414Z   Using cached alembic-1.16.4-py3-none-any.whl.metadata (7.3 kB)
2025-08-24T20:22:05.9826990Z Collecting apscheduler==3.10.4 (from -r requirements-dev.txt (line 4))
2025-08-24T20:22:05.9840412Z   Using cached APScheduler-3.10.4-py3-none-any.whl.metadata (5.7 kB)
2025-08-24T20:22:06.0371975Z Collecting asgi-correlation-id==4.3.1 (from -r requirements-dev.txt (line 5))
2025-08-24T20:22:06.0385917Z   Using cached asgi_correlation_id-4.3.1-py3-none-any.whl.metadata (28 kB)
2025-08-24T20:22:06.0961047Z Collecting asyncpg==0.30.0 (from -r requirements-dev.txt (line 6))
2025-08-24T20:22:06.0974882Z   Using cached asyncpg-0.30.0-cp311-cp311-manylinux_2_17_x86_64.manylinux2014_x86_64.whl.metadata (5.0 kB)
2025-08-24T20:22:06.1397029Z Collecting black==25.1.0 (from -r requirements-dev.txt (line 7))
2025-08-24T20:22:06.1410867Z   Using cached black-25.1.0-cp311-cp311-manylinux_2_17_x86_64.manylinux2014_x86_64.manylinux_2_28_x86_64.whl.metadata (81 kB)
2025-08-24T20:22:06.4474890Z Collecting boto3 (from -r requirements-dev.txt (line 8))
2025-08-24T20:22:06.4821869Z   Downloading boto3-1.40.16-py3-none-any.whl.metadata (6.7 kB)
2025-08-24T20:22:06.5085219Z Collecting redis==6.* (from -r requirements-dev.txt (line 9))
2025-08-24T20:22:06.5098703Z   Using cached redis-6.4.0-py3-none-any.whl.metadata (10 kB)
2025-08-24T20:22:06.5382606Z Collecting minio==7.* (from -r requirements-dev.txt (line 10))
2025-08-24T20:22:06.5395940Z   Using cached minio-7.2.16-py3-none-any.whl.metadata (6.5 kB)
2025-08-24T20:22:06.5518190Z Collecting vulture==2.10 (from -r requirements-dev.txt (line 11))
2025-08-24T20:22:06.5531458Z   Using cached vulture-2.10-py2.py3-none-any.whl.metadata (23 kB)
2025-08-24T20:22:06.5790354Z Collecting celery==5.5.3 (from -r requirements-dev.txt (line 12))
2025-08-24T20:22:06.5804247Z   Using cached celery-5.5.3-py3-none-any.whl.metadata (22 kB)
2025-08-24T20:22:06.6301976Z Collecting fastapi==0.116.1 (from -r requirements-dev.txt (line 13))
2025-08-24T20:22:06.6315257Z   Using cached fastapi-0.116.1-py3-none-any.whl.metadata (28 kB)
2025-08-24T20:22:06.6441507Z Collecting fastapi-limiter==0.1.6 (from -r requirements-dev.txt (line 15))
2025-08-24T20:22:06.6454630Z   Using cached fastapi_limiter-0.1.6-py3-none-any.whl.metadata (5.3 kB)
2025-08-24T20:22:06.6606219Z Collecting httpx<0.29,>=0.27 (from -r requirements-dev.txt (line 16))
2025-08-24T20:22:06.6619249Z   Using cached httpx-0.28.1-py3-none-any.whl.metadata (7.1 kB)
2025-08-24T20:22:06.7146987Z Collecting imapclient==3.0.1 (from -r requirements-dev.txt (line 17))
2025-08-24T20:22:06.7160077Z   Using cached IMAPClient-3.0.1-py2.py3-none-any.whl.metadata (1.7 kB)
2025-08-24T20:22:06.7234206Z Collecting itsdangerous (from -r requirements-dev.txt (line 18))
2025-08-24T20:22:06.7247231Z   Using cached itsdangerous-2.2.0-py3-none-any.whl.metadata (1.9 kB)
2025-08-24T20:22:06.8318830Z Collecting mypy==1.* (from -r requirements-dev.txt (line 19))
2025-08-24T20:22:06.8334255Z   Using cached mypy-1.17.1-cp311-cp311-manylinux2014_x86_64.manylinux_2_17_x86_64.manylinux_2_28_x86_64.whl.metadata (2.2 kB)
2025-08-24T20:22:06.8413723Z Collecting mypy-extensions==1.1.0 (from -r requirements-dev.txt (line 20))
2025-08-24T20:22:06.8427085Z   Using cached mypy_extensions-1.1.0-py3-none-any.whl.metadata (1.1 kB)
2025-08-24T20:22:06.9946477Z Collecting numpy<2 (from -r requirements-dev.txt (line 21))
2025-08-24T20:22:06.9960766Z   Using cached numpy-1.26.4-cp311-cp311-manylinux_2_17_x86_64.manylinux2014_x86_64.whl.metadata (61 kB)
2025-08-24T20:22:07.0167842Z Collecting openpyxl==3.1.5 (from -r requirements-dev.txt (line 22))
2025-08-24T20:22:07.0180926Z   Using cached openpyxl-3.1.5-py2.py3-none-any.whl.metadata (2.5 kB)
2025-08-24T20:22:07.1353817Z Collecting pandas==2.2.* (from -r requirements-dev.txt (line 23))
2025-08-24T20:22:07.1367235Z   Using cached pandas-2.2.3-cp311-cp311-manylinux_2_17_x86_64.manylinux2014_x86_64.whl.metadata (89 kB)
2025-08-24T20:22:07.2185735Z Collecting psycopg2-binary==2.9.10 (from -r requirements-dev.txt (line 24))
2025-08-24T20:22:07.2199073Z   Using cached psycopg2_binary-2.9.10-cp311-cp311-manylinux_2_17_x86_64.manylinux2014_x86_64.whl.metadata (4.9 kB)
2025-08-24T20:22:07.2328858Z Collecting psycopg==3.2.9 (from psycopg[binary]==3.2.9->-r requirements-dev.txt (line 25))
2025-08-24T20:22:07.2554664Z   Using cached psycopg-3.2.9-py3-none-any.whl.metadata (4.5 kB)
2025-08-24T20:22:07.3532735Z Collecting pydantic==2.11.7 (from -r requirements-dev.txt (line 26))
2025-08-24T20:22:07.3545986Z   Using cached pydantic-2.11.7-py3-none-any.whl.metadata (67 kB)
2025-08-24T20:22:07.3582207Z Requirement already satisfied: setuptools in /opt/hostedtoolcache/Python/3.11.13/x64/lib/python3.11/site-packages (from -r requirements-dev.txt (line 27)) (65.5.0)
2025-08-24T20:22:07.3734329Z Collecting pytest-asyncio==1.1.0 (from -r requirements-dev.txt (line 28))
2025-08-24T20:22:07.3747738Z   Using cached pytest_asyncio-1.1.0-py3-none-any.whl.metadata (4.1 kB)
2025-08-24T20:22:07.3865806Z Collecting pytest-cov==6.2.1 (from -r requirements-dev.txt (line 29))
2025-08-24T20:22:07.3879269Z   Using cached pytest_cov-6.2.1-py3-none-any.whl.metadata (30 kB)
2025-08-24T20:22:07.4023564Z Collecting pytest-postgresql==7.0.2 (from -r requirements-dev.txt (line 30))
2025-08-24T20:22:07.4036287Z   Using cached pytest_postgresql-7.0.2-py3-none-any.whl.metadata (18 kB)
2025-08-24T20:22:07.4177171Z Collecting python-dotenv (from -r requirements-dev.txt (line 31))
2025-08-24T20:22:07.4190158Z   Using cached python_dotenv-1.1.1-py3-none-any.whl.metadata (24 kB)
2025-08-24T20:22:07.4309619Z Collecting python-multipart (from -r requirements-dev.txt (line 32))
2025-08-24T20:22:07.4322876Z   Using cached python_multipart-0.0.20-py3-none-any.whl.metadata (1.8 kB)
2025-08-24T20:22:07.4570959Z Collecting python-telegram-bot==22.3 (from -r requirements-dev.txt (line 33))
2025-08-24T20:22:07.4584117Z   Using cached python_telegram_bot-22.3-py3-none-any.whl.metadata (17 kB)
2025-08-24T20:22:07.4825628Z Collecting requests==2.32.4 (from -r requirements-dev.txt (line 34))
2025-08-24T20:22:07.4839012Z   Using cached requests-2.32.4-py3-none-any.whl.metadata (4.9 kB)
2025-08-24T20:22:07.4972383Z Collecting respx==0.22.0 (from -r requirements-dev.txt (line 35))
2025-08-24T20:22:07.4985524Z   Using cached respx-0.22.0-py2.py3-none-any.whl.metadata (4.1 kB)
2025-08-24T20:22:07.8783280Z Collecting ruff==0.9.9 (from -r requirements-dev.txt (line 36))
2025-08-24T20:22:07.8797841Z   Using cached ruff-0.9.9-py3-none-manylinux_2_17_x86_64.manylinux2014_x86_64.whl.metadata (25 kB)
2025-08-24T20:22:08.1177669Z Collecting sqlalchemy==2.0.43 (from -r requirements-dev.txt (line 37))
2025-08-24T20:22:08.1196426Z   Using cached sqlalchemy-2.0.43-cp311-cp311-manylinux_2_17_x86_64.manylinux2014_x86_64.whl.metadata (9.6 kB)
2025-08-24T20:22:08.1384281Z Collecting structlog==24.1.0 (from -r requirements-dev.txt (line 38))
2025-08-24T20:22:08.1397530Z   Using cached structlog-24.1.0-py3-none-any.whl.metadata (6.9 kB)
2025-08-24T20:22:08.1535873Z Collecting testcontainers==4.12.0 (from testcontainers[postgres]==4.12.0->-r requirements-dev.txt (line 39))
2025-08-24T20:22:08.1548661Z   Using cached testcontainers-4.12.0-py3-none-any.whl.metadata (8.3 kB)
2025-08-24T20:22:08.1870162Z Collecting types-requests==2.32.4.20250809 (from -r requirements-dev.txt (line 40))
2025-08-24T20:22:08.1883312Z   Using cached types_requests-2.32.4.20250809-py3-none-any.whl.metadata (2.0 kB)
2025-08-24T20:22:08.1983876Z Collecting docspec-python==2.2.2 (from -r requirements-dev.txt (line 41))
2025-08-24T20:22:08.1996615Z   Using cached docspec_python-2.2.2-py3-none-any.whl.metadata (1.0 kB)
2025-08-24T20:22:08.2134349Z Collecting pydoc-markdown==4.8.2 (from -r requirements-dev.txt (line 42))
2025-08-24T20:22:08.2147245Z   Using cached pydoc_markdown-4.8.2-py3-none-any.whl.metadata (5.9 kB)
2025-08-24T20:22:08.2385916Z Collecting pandera==0.19.* (from -r requirements-dev.txt (line 43))
2025-08-24T20:22:08.2398936Z   Using cached pandera-0.19.3-py3-none-any.whl.metadata (15 kB)
2025-08-24T20:22:08.3306928Z Collecting MarkupSafe>=2.0 (from Jinja2==3.1.6->-r requirements-dev.txt (line 2))
2025-08-24T20:22:08.3321548Z   Using cached MarkupSafe-3.0.2-cp311-cp311-manylinux_2_17_x86_64.manylinux2014_x86_64.whl.metadata (4.0 kB)
2025-08-24T20:22:08.3539846Z Collecting Mako (from alembic==1.16.4->-r requirements-dev.txt (line 3))
2025-08-24T20:22:08.3552995Z   Using cached mako-1.3.10-py3-none-any.whl.metadata (2.9 kB)
2025-08-24T20:22:08.3688955Z Collecting typing-extensions>=4.12 (from alembic==1.16.4->-r requirements-dev.txt (line 3))
2025-08-24T20:22:08.3702025Z   Using cached typing_extensions-4.14.1-py3-none-any.whl.metadata (3.0 kB)
2025-08-24T20:22:08.3824458Z Collecting six>=1.4.0 (from apscheduler==3.10.4->-r requirements-dev.txt (line 4))
2025-08-24T20:22:08.3837431Z   Using cached six-1.17.0-py2.py3-none-any.whl.metadata (1.7 kB)
2025-08-24T20:22:08.4138487Z Collecting pytz (from apscheduler==3.10.4->-r requirements-dev.txt (line 4))
2025-08-24T20:22:08.4151838Z   Using cached pytz-2025.2-py2.py3-none-any.whl.metadata (22 kB)
2025-08-24T20:22:08.4287420Z Collecting tzlocal!=3.*,>=2.0 (from apscheduler==3.10.4->-r requirements-dev.txt (line 4))
2025-08-24T20:22:08.4300356Z   Using cached tzlocal-5.3.1-py3-none-any.whl.metadata (7.6 kB)
2025-08-24T20:22:08.4565482Z Collecting starlette>=0.18 (from asgi-correlation-id==4.3.1->-r requirements-dev.txt (line 5))
2025-08-24T20:22:08.4593443Z   Downloading starlette-0.47.3-py3-none-any.whl.metadata (6.2 kB)
2025-08-24T20:22:08.4773517Z Collecting click>=8.0.0 (from black==25.1.0->-r requirements-dev.txt (line 7))
2025-08-24T20:22:08.4786611Z   Using cached click-8.2.1-py3-none-any.whl.metadata (2.5 kB)
2025-08-24T20:22:08.4914750Z Collecting packaging>=22.0 (from black==25.1.0->-r requirements-dev.txt (line 7))
2025-08-24T20:22:08.4927618Z   Using cached packaging-25.0-py3-none-any.whl.metadata (3.3 kB)
2025-08-24T20:22:08.5013072Z Collecting pathspec>=0.9.0 (from black==25.1.0->-r requirements-dev.txt (line 7))
2025-08-24T20:22:08.5025966Z   Using cached pathspec-0.12.1-py3-none-any.whl.metadata (21 kB)
2025-08-24T20:22:08.5192197Z Collecting platformdirs>=2 (from black==25.1.0->-r requirements-dev.txt (line 7))
2025-08-24T20:22:08.5205470Z   Using cached platformdirs-4.3.8-py3-none-any.whl.metadata (12 kB)
2025-08-24T20:22:08.5307055Z Collecting toml (from vulture==2.10->-r requirements-dev.txt (line 11))
2025-08-24T20:22:08.5320163Z   Using cached toml-0.10.2-py2.py3-none-any.whl.metadata (7.1 kB)
2025-08-24T20:22:08.5475502Z Collecting billiard<5.0,>=4.2.1 (from celery==5.5.3->-r requirements-dev.txt (line 12))
2025-08-24T20:22:08.5488257Z   Using cached billiard-4.2.1-py3-none-any.whl.metadata (4.4 kB)
2025-08-24T20:22:08.5742603Z Collecting kombu<5.6,>=5.5.2 (from celery==5.5.3->-r requirements-dev.txt (line 12))
2025-08-24T20:22:08.5755499Z   Using cached kombu-5.5.4-py3-none-any.whl.metadata (3.5 kB)
2025-08-24T20:22:08.5879485Z Collecting vine<6.0,>=5.1.0 (from celery==5.5.3->-r requirements-dev.txt (line 12))
2025-08-24T20:22:08.5892936Z   Using cached vine-5.1.0-py3-none-any.whl.metadata (2.7 kB)
2025-08-24T20:22:08.6004161Z Collecting click-didyoumean>=0.3.0 (from celery==5.5.3->-r requirements-dev.txt (line 12))
2025-08-24T20:22:08.6017022Z   Using cached click_didyoumean-0.3.1-py3-none-any.whl.metadata (3.9 kB)
2025-08-24T20:22:08.6085643Z Collecting click-repl>=0.2.0 (from celery==5.5.3->-r requirements-dev.txt (line 12))
2025-08-24T20:22:08.6098464Z   Using cached click_repl-0.3.0-py3-none-any.whl.metadata (3.6 kB)
2025-08-24T20:22:08.6172233Z Collecting click-plugins>=1.1.1 (from celery==5.5.3->-r requirements-dev.txt (line 12))
2025-08-24T20:22:08.6185103Z   Using cached click_plugins-1.1.1.2-py2.py3-none-any.whl.metadata (6.5 kB)
2025-08-24T20:22:08.6296318Z Collecting python-dateutil>=2.8.2 (from celery==5.5.3->-r requirements-dev.txt (line 12))
2025-08-24T20:22:08.6309449Z   Using cached python_dateutil-2.9.0.post0-py2.py3-none-any.whl.metadata (8.4 kB)
2025-08-24T20:22:08.6617774Z Collecting annotated-types>=0.6.0 (from pydantic==2.11.7->-r requirements-dev.txt (line 26))
2025-08-24T20:22:08.6630107Z   Using cached annotated_types-0.7.0-py3-none-any.whl.metadata (15 kB)
2025-08-24T20:22:09.2900268Z Collecting pydantic-core==2.33.2 (from pydantic==2.11.7->-r requirements-dev.txt (line 26))
2025-08-24T20:22:09.2916404Z   Using cached pydantic_core-2.33.2-cp311-cp311-manylinux_2_17_x86_64.manylinux2014_x86_64.whl.metadata (6.8 kB)
2025-08-24T20:22:09.3023321Z Collecting typing-inspection>=0.4.0 (from pydantic==2.11.7->-r requirements-dev.txt (line 26))
2025-08-24T20:22:09.3036813Z   Using cached typing_inspection-0.4.1-py3-none-any.whl.metadata (2.6 kB)
2025-08-24T20:22:09.3254217Z Collecting et-xmlfile (from openpyxl==3.1.5->-r requirements-dev.txt (line 22))
2025-08-24T20:22:09.3267602Z   Using cached et_xmlfile-2.0.0-py3-none-any.whl.metadata (2.7 kB)
2025-08-24T20:22:09.3644107Z Collecting pytest<9,>=8.2 (from pytest-asyncio==1.1.0->-r requirements-dev.txt (line 28))
2025-08-24T20:22:09.3657521Z   Using cached pytest-8.4.1-py3-none-any.whl.metadata (7.7 kB)
2025-08-24T20:22:09.7525798Z Collecting coverage>=7.5 (from coverage[toml]>=7.5->pytest-cov==6.2.1->-r requirements-dev.txt (line 29))
2025-08-24T20:22:09.7558385Z   Downloading coverage-7.10.5-cp311-cp311-manylinux1_x86_64.manylinux_2_28_x86_64.manylinux_2_5_x86_64.whl.metadata (8.9 kB)
2025-08-24T20:22:09.7676554Z Collecting pluggy>=1.2 (from pytest-cov==6.2.1->-r requirements-dev.txt (line 29))
2025-08-24T20:22:09.7689704Z   Using cached pluggy-1.6.0-py3-none-any.whl.metadata (4.8 kB)
2025-08-24T20:22:09.7914783Z Collecting port-for>=0.7.3 (from pytest-postgresql==7.0.2->-r requirements-dev.txt (line 30))
2025-08-24T20:22:09.7927419Z   Using cached port_for-0.7.4-py3-none-any.whl.metadata (7.1 kB)
2025-08-24T20:22:09.8046974Z Collecting mirakuru>=2.6.0 (from pytest-postgresql==7.0.2->-r requirements-dev.txt (line 30))
2025-08-24T20:22:09.8060006Z   Using cached mirakuru-2.6.1-py3-none-any.whl.metadata (10 kB)
2025-08-24T20:22:09.8812069Z Collecting charset_normalizer<4,>=2 (from requests==2.32.4->-r requirements-dev.txt (line 34))
2025-08-24T20:22:09.8826530Z   Using cached charset_normalizer-3.4.3-cp311-cp311-manylinux2014_x86_64.manylinux_2_17_x86_64.manylinux_2_28_x86_64.whl.metadata (36 kB)
2025-08-24T20:22:09.8951222Z Collecting idna<4,>=2.5 (from requests==2.32.4->-r requirements-dev.txt (line 34))
2025-08-24T20:22:09.8964667Z   Using cached idna-3.10-py3-none-any.whl.metadata (10 kB)
2025-08-24T20:22:09.9198669Z Collecting urllib3<3,>=1.21.1 (from requests==2.32.4->-r requirements-dev.txt (line 34))
2025-08-24T20:22:09.9212338Z   Using cached urllib3-2.5.0-py3-none-any.whl.metadata (6.5 kB)
2025-08-24T20:22:09.9383643Z Collecting certifi>=2017.4.17 (from requests==2.32.4->-r requirements-dev.txt (line 34))
2025-08-24T20:22:09.9397401Z   Using cached certifi-2025.8.3-py3-none-any.whl.metadata (2.4 kB)
2025-08-24T20:22:10.0556442Z Collecting greenlet>=1 (from sqlalchemy==2.0.43->-r requirements-dev.txt (line 37))
2025-08-24T20:22:10.0571005Z   Using cached greenlet-3.2.4-cp311-cp311-manylinux_2_24_x86_64.manylinux_2_28_x86_64.whl.metadata (4.1 kB)
2025-08-24T20:22:10.0764034Z Collecting docker (from testcontainers==4.12.0->testcontainers[postgres]==4.12.0->-r requirements-dev.txt (line 39))
2025-08-24T20:22:10.0777605Z   Using cached docker-7.1.0-py3-none-any.whl.metadata (3.8 kB)
2025-08-24T20:22:10.1658908Z Collecting wrapt (from testcontainers==4.12.0->testcontainers[postgres]==4.12.0->-r requirements-dev.txt (line 39))
2025-08-24T20:22:10.1673296Z   Using cached wrapt-1.17.3-cp311-cp311-manylinux1_x86_64.manylinux_2_28_x86_64.manylinux_2_5_x86_64.whl.metadata (6.4 kB)
2025-08-24T20:22:10.1880416Z Collecting docspec==2.2.1 (from docspec-python==2.2.2->-r requirements-dev.txt (line 41))
2025-08-24T20:22:10.1894210Z   Using cached docspec-2.2.1-py3-none-any.whl.metadata (1.5 kB)
2025-08-24T20:22:10.2023779Z Collecting nr-util>=0.8.12 (from docspec-python==2.2.2->-r requirements-dev.txt (line 41))
2025-08-24T20:22:10.2037234Z   Using cached nr.util-0.8.12-py3-none-any.whl.metadata (813 bytes)
2025-08-24T20:22:10.2348523Z Collecting PyYAML<7.0,>=5.0 (from pydoc-markdown==4.8.2->-r requirements-dev.txt (line 42))
2025-08-24T20:22:10.2362628Z   Using cached PyYAML-6.0.2-cp311-cp311-manylinux_2_17_x86_64.manylinux2014_x86_64.whl.metadata (2.1 kB)
2025-08-24T20:22:10.2606996Z Collecting databind.core<5.0.0,>=4.4.0 (from pydoc-markdown==4.8.2->-r requirements-dev.txt (line 42))
2025-08-24T20:22:10.2620485Z   Using cached databind.core-4.5.2-py3-none-any.whl.metadata (1.1 kB)
2025-08-24T20:22:10.2806793Z Collecting databind.json<5.0.0,>=4.4.0 (from pydoc-markdown==4.8.2->-r requirements-dev.txt (line 42))
2025-08-24T20:22:10.2820303Z   Using cached databind.json-4.5.2-py3-none-any.whl.metadata (1.1 kB)
2025-08-24T20:22:10.2940106Z Collecting docstring-parser<0.12,>=0.11 (from pydoc-markdown==4.8.2->-r requirements-dev.txt (line 42))
2025-08-24T20:22:10.2941269Z   Using cached docstring_parser-0.11-py3-none-any.whl
2025-08-24T20:22:10.3256156Z Collecting tomli<3.0.0,>=2.0.0 (from pydoc-markdown==4.8.2->-r requirements-dev.txt (line 42))
2025-08-24T20:22:10.3270049Z   Using cached tomli-2.2.1-cp311-cp311-manylinux_2_17_x86_64.manylinux2014_x86_64.whl.metadata (11 kB)
2025-08-24T20:22:10.3346121Z Collecting tomli_w<2.0.0,>=1.0.0 (from pydoc-markdown==4.8.2->-r requirements-dev.txt (line 42))
2025-08-24T20:22:10.3359570Z   Using cached tomli_w-1.2.0-py3-none-any.whl.metadata (5.7 kB)
2025-08-24T20:22:10.3780975Z Collecting watchdog (from pydoc-markdown==4.8.2->-r requirements-dev.txt (line 42))
2025-08-24T20:22:10.3794780Z   Using cached watchdog-6.0.0-py3-none-manylinux2014_x86_64.whl.metadata (44 kB)
2025-08-24T20:22:10.3977694Z Collecting yapf>=0.30.0 (from pydoc-markdown==4.8.2->-r requirements-dev.txt (line 42))
2025-08-24T20:22:10.3991111Z   Using cached yapf-0.43.0-py3-none-any.whl.metadata (46 kB)
2025-08-24T20:22:10.4141492Z Collecting Deprecated<2.0.0,>=1.2.12 (from docspec==2.2.1->docspec-python==2.2.2->-r requirements-dev.txt (line 41))
2025-08-24T20:22:10.4155054Z   Using cached Deprecated-1.2.18-py2.py3-none-any.whl.metadata (5.7 kB)
2025-08-24T20:22:10.5570988Z Collecting psycopg-binary==3.2.9 (from psycopg[binary]==3.2.9->-r requirements-dev.txt (line 25))
2025-08-24T20:22:10.5585638Z   Using cached psycopg_binary-3.2.9-cp311-cp311-manylinux_2_17_x86_64.manylinux2014_x86_64.whl.metadata (2.9 kB)
2025-08-24T20:22:10.5873285Z Collecting argon2-cffi (from minio==7.*->-r requirements-dev.txt (line 10))
2025-08-24T20:22:10.5886882Z   Using cached argon2_cffi-25.1.0-py3-none-any.whl.metadata (4.1 kB)
2025-08-24T20:22:10.6636210Z Collecting pycryptodome (from minio==7.*->-r requirements-dev.txt (line 10))
2025-08-24T20:22:10.6650787Z   Using cached pycryptodome-3.23.0-cp37-abi3-manylinux_2_17_x86_64.manylinux2014_x86_64.whl.metadata (3.4 kB)
2025-08-24T20:22:10.6823257Z Collecting anyio (from httpx<0.29,>=0.27->-r requirements-dev.txt (line 16))
2025-08-24T20:22:10.6836762Z   Using cached anyio-4.10.0-py3-none-any.whl.metadata (4.0 kB)
2025-08-24T20:22:10.6994515Z Collecting httpcore==1.* (from httpx<0.29,>=0.27->-r requirements-dev.txt (line 16))
2025-08-24T20:22:10.7007956Z   Using cached httpcore-1.0.9-py3-none-any.whl.metadata (21 kB)
2025-08-24T20:22:10.7289506Z Collecting tzdata>=2022.7 (from pandas==2.2.*->-r requirements-dev.txt (line 23))
2025-08-24T20:22:10.7303302Z   Using cached tzdata-2025.2-py2.py3-none-any.whl.metadata (1.4 kB)
2025-08-24T20:22:10.7441931Z Collecting multimethod<=1.10.0 (from pandera==0.19.*->-r requirements-dev.txt (line 43))
2025-08-24T20:22:10.7455221Z   Using cached multimethod-1.10-py3-none-any.whl.metadata (8.2 kB)
2025-08-24T20:22:10.8661692Z Collecting typeguard (from pandera==0.19.*->-r requirements-dev.txt (line 43))
2025-08-24T20:22:10.8676413Z   Using cached typeguard-4.4.4-py3-none-any.whl.metadata (3.3 kB)
2025-08-24T20:22:10.8759393Z Collecting typing-inspect>=0.6.0 (from pandera==0.19.*->-r requirements-dev.txt (line 43))
2025-08-24T20:22:10.8772843Z   Using cached typing_inspect-0.9.0-py3-none-any.whl.metadata (1.5 kB)
2025-08-24T20:22:10.9013894Z Collecting databind<5.0.0,>=4.5.2 (from databind.core<5.0.0,>=4.4.0->pydoc-markdown==4.8.2->-r requirements-dev.txt (line 42))
2025-08-24T20:22:10.9026903Z   Using cached databind-4.5.2-py3-none-any.whl.metadata (4.3 kB)
2025-08-24T20:22:10.9143703Z Collecting nr-date<3.0.0,>=2.0.0 (from databind<5.0.0,>=4.5.2->databind.core<5.0.0,>=4.4.0->pydoc-markdown==4.8.2->-r requirements-dev.txt (line 42))
2025-08-24T20:22:10.9156423Z   Using cached nr_date-2.1.0-py3-none-any.whl.metadata (746 bytes)
2025-08-24T20:22:10.9262542Z Collecting nr-stream<2.0.0,>=1.0.0 (from databind<5.0.0,>=4.5.2->databind.core<5.0.0,>=4.4.0->pydoc-markdown==4.8.2->-r requirements-dev.txt (line 42))
2025-08-24T20:22:10.9275481Z   Using cached nr_stream-1.1.5-py3-none-any.whl.metadata (3.6 kB)
2025-08-24T20:22:10.9416104Z Collecting typeapi<3,>=2.0.1 (from databind<5.0.0,>=4.5.2->databind.core<5.0.0,>=4.4.0->pydoc-markdown==4.8.2->-r requirements-dev.txt (line 42))
2025-08-24T20:22:10.9429114Z   Using cached typeapi-2.2.4-py3-none-any.whl.metadata (1.5 kB)
2025-08-24T20:22:10.9657464Z Collecting h11>=0.16 (from httpcore==1.*->httpx<0.29,>=0.27->-r requirements-dev.txt (line 16))
2025-08-24T20:22:10.9670527Z   Using cached h11-0.16.0-py3-none-any.whl.metadata (8.3 kB)
2025-08-24T20:22:10.9847107Z Collecting amqp<6.0.0,>=5.1.1 (from kombu<5.6,>=5.5.2->celery==5.5.3->-r requirements-dev.txt (line 12))
2025-08-24T20:22:10.9860148Z   Using cached amqp-5.3.1-py3-none-any.whl.metadata (8.9 kB)
2025-08-24T20:22:11.0173139Z Collecting iniconfig>=1 (from pytest<9,>=8.2->pytest-asyncio==1.1.0->-r requirements-dev.txt (line 28))
2025-08-24T20:22:11.0186160Z   Using cached iniconfig-2.1.0-py3-none-any.whl.metadata (2.7 kB)
2025-08-24T20:22:11.0400304Z Collecting pygments>=2.7.2 (from pytest<9,>=8.2->pytest-asyncio==1.1.0->-r requirements-dev.txt (line 28))
2025-08-24T20:22:11.0413494Z   Using cached pygments-2.19.2-py3-none-any.whl.metadata (2.5 kB)
2025-08-24T20:22:11.0697031Z Collecting sniffio>=1.1 (from anyio->httpx<0.29,>=0.27->-r requirements-dev.txt (line 16))
2025-08-24T20:22:11.0710025Z   Using cached sniffio-1.3.1-py3-none-any.whl.metadata (3.9 kB)
2025-08-24T20:22:11.4001907Z Collecting botocore<1.41.0,>=1.40.16 (from boto3->-r requirements-dev.txt (line 8))
2025-08-24T20:22:11.4034709Z   Downloading botocore-1.40.16-py3-none-any.whl.metadata (5.7 kB)
2025-08-24T20:22:11.4153200Z Collecting jmespath<2.0.0,>=0.7.1 (from boto3->-r requirements-dev.txt (line 8))
2025-08-24T20:22:11.4166609Z   Using cached jmespath-1.0.1-py3-none-any.whl.metadata (7.6 kB)
2025-08-24T20:22:11.4307750Z Collecting s3transfer<0.14.0,>=0.13.0 (from boto3->-r requirements-dev.txt (line 8))
2025-08-24T20:22:11.4321221Z   Using cached s3transfer-0.13.1-py3-none-any.whl.metadata (1.7 kB)
2025-08-24T20:22:11.5525176Z Collecting fastapi-cli>=0.0.8 (from fastapi-cli[standard]>=0.0.8; extra == "all"->fastapi[all]->-r requirements-dev.txt (line 14))
2025-08-24T20:22:11.5538473Z   Using cached fastapi_cli-0.0.8-py3-none-any.whl.metadata (6.3 kB)
2025-08-24T20:22:11.6395030Z Collecting ujson!=4.0.2,!=4.1.0,!=4.2.0,!=4.3.0,!=5.0.0,!=5.1.0,>=4.0.1 (from fastapi[all]->-r requirements-dev.txt (line 14))
2025-08-24T20:22:11.6408839Z   Using cached ujson-5.11.0-cp311-cp311-manylinux_2_24_x86_64.manylinux_2_28_x86_64.whl.metadata (9.4 kB)
2025-08-24T20:22:11.8634415Z Collecting orjson>=3.2.1 (from fastapi[all]->-r requirements-dev.txt (line 14))
2025-08-24T20:22:11.8649434Z   Using cached orjson-3.11.2-cp311-cp311-manylinux_2_17_x86_64.manylinux2014_x86_64.whl.metadata (1.2 kB)
2025-08-24T20:22:11.8764078Z Collecting email-validator>=2.0.0 (from fastapi[all]->-r requirements-dev.txt (line 14))
2025-08-24T20:22:11.8781611Z   Using cached email_validator-2.2.0-py3-none-any.whl.metadata (25 kB)
2025-08-24T20:22:11.9036769Z Collecting uvicorn>=0.12.0 (from uvicorn[standard]>=0.12.0; extra == "all"->fastapi[all]->-r requirements-dev.txt (line 14))
2025-08-24T20:22:11.9049898Z   Using cached uvicorn-0.35.0-py3-none-any.whl.metadata (6.5 kB)
2025-08-24T20:22:11.9197942Z Collecting pydantic-settings>=2.0.0 (from fastapi[all]->-r requirements-dev.txt (line 14))
2025-08-24T20:22:11.9211297Z   Using cached pydantic_settings-2.10.1-py3-none-any.whl.metadata (3.4 kB)
2025-08-24T20:22:11.9318626Z Collecting pydantic-extra-types>=2.0.0 (from fastapi[all]->-r requirements-dev.txt (line 14))
2025-08-24T20:22:11.9337407Z   Using cached pydantic_extra_types-2.10.5-py3-none-any.whl.metadata (3.9 kB)
2025-08-24T20:22:12.0076659Z Collecting prompt-toolkit>=3.0.36 (from click-repl>=0.2.0->celery==5.5.3->-r requirements-dev.txt (line 12))
2025-08-24T20:22:12.0090117Z   Using cached prompt_toolkit-3.0.51-py3-none-any.whl.metadata (6.4 kB)
2025-08-24T20:22:12.0319772Z Collecting dnspython>=2.0.0 (from email-validator>=2.0.0->fastapi[all]->-r requirements-dev.txt (line 14))
2025-08-24T20:22:12.0333358Z   Using cached dnspython-2.7.0-py3-none-any.whl.metadata (5.8 kB)
2025-08-24T20:22:12.0580164Z Collecting typer>=0.15.1 (from fastapi-cli>=0.0.8->fastapi-cli[standard]>=0.0.8; extra == "all"->fastapi[all]->-r requirements-dev.txt (line 14))
2025-08-24T20:22:12.0593661Z   Using cached typer-0.16.1-py3-none-any.whl.metadata (15 kB)
2025-08-24T20:22:12.0813958Z Collecting rich-toolkit>=0.14.8 (from fastapi-cli>=0.0.8->fastapi-cli[standard]>=0.0.8; extra == "all"->fastapi[all]->-r requirements-dev.txt (line 14))
2025-08-24T20:22:12.0827179Z   Using cached rich_toolkit-0.15.0-py3-none-any.whl.metadata (1.0 kB)
2025-08-24T20:22:12.0916876Z Collecting fastapi-cloud-cli>=0.1.1 (from fastapi-cli[standard]>=0.0.8; extra == "all"->fastapi[all]->-r requirements-dev.txt (line 14))
2025-08-24T20:22:12.0930279Z   Using cached fastapi_cloud_cli-0.1.5-py3-none-any.whl.metadata (3.2 kB)
2025-08-24T20:22:12.1595255Z Collecting rignore>=0.5.1 (from fastapi-cloud-cli>=0.1.1->fastapi-cli[standard]>=0.0.8; extra == "all"->fastapi[all]->-r requirements-dev.txt (line 14))
2025-08-24T20:22:12.1608936Z   Using cached rignore-0.6.4-cp311-cp311-manylinux_2_17_x86_64.manylinux2014_x86_64.whl.metadata (3.8 kB)
2025-08-24T20:22:12.2152424Z Collecting sentry-sdk>=2.20.0 (from fastapi-cloud-cli>=0.1.1->fastapi-cli[standard]>=0.0.8; extra == "all"->fastapi[all]->-r requirements-dev.txt (line 14))
2025-08-24T20:22:12.2166013Z   Using cached sentry_sdk-2.35.0-py2.py3-none-any.whl.metadata (10 kB)
2025-08-24T20:22:12.4105499Z Collecting psutil>=4.0.0 (from mirakuru>=2.6.0->pytest-postgresql==7.0.2->-r requirements-dev.txt (line 30))
2025-08-24T20:22:12.4121598Z   Using cached psutil-7.0.0-cp36-abi3-manylinux_2_12_x86_64.manylinux2010_x86_64.manylinux_2_17_x86_64.manylinux2014_x86_64.whl.metadata (22 kB)
2025-08-24T20:22:12.4398739Z Collecting wcwidth (from prompt-toolkit>=3.0.36->click-repl>=0.2.0->celery==5.5.3->-r requirements-dev.txt (line 12))
2025-08-24T20:22:12.4412339Z   Using cached wcwidth-0.2.13-py2.py3-none-any.whl.metadata (14 kB)
2025-08-24T20:22:12.5444521Z Collecting rich>=13.7.1 (from rich-toolkit>=0.14.8->fastapi-cli>=0.0.8->fastapi-cli[standard]>=0.0.8; extra == "all"->fastapi[all]->-r requirements-dev.txt (line 14))
2025-08-24T20:22:12.5457886Z   Using cached rich-14.1.0-py3-none-any.whl.metadata (18 kB)
2025-08-24T20:22:12.5714465Z Collecting markdown-it-py>=2.2.0 (from rich>=13.7.1->rich-toolkit>=0.14.8->fastapi-cli>=0.0.8->fastapi-cli[standard]>=0.0.8; extra == "all"->fastapi[all]->-r requirements-dev.txt (line 14))
2025-08-24T20:22:12.5727615Z   Using cached markdown_it_py-4.0.0-py3-none-any.whl.metadata (7.3 kB)
2025-08-24T20:22:12.6001232Z Collecting mdurl~=0.1 (from markdown-it-py>=2.2.0->rich>=13.7.1->rich-toolkit>=0.14.8->fastapi-cli>=0.0.8->fastapi-cli[standard]>=0.0.8; extra == "all"->fastapi[all]->-r requirements-dev.txt (line 14))
2025-08-24T20:22:12.6014350Z   Using cached mdurl-0.1.2-py3-none-any.whl.metadata (1.6 kB)
2025-08-24T20:22:12.6469751Z Collecting shellingham>=1.3.0 (from typer>=0.15.1->fastapi-cli>=0.0.8->fastapi-cli[standard]>=0.0.8; extra == "all"->fastapi[all]->-r requirements-dev.txt (line 14))
2025-08-24T20:22:12.6483446Z   Using cached shellingham-1.5.4-py2.py3-none-any.whl.metadata (3.5 kB)
2025-08-24T20:22:12.7131336Z Collecting httptools>=0.6.3 (from uvicorn[standard]>=0.12.0; extra == "all"->fastapi[all]->-r requirements-dev.txt (line 14))
2025-08-24T20:22:12.7145536Z   Using cached httptools-0.6.4-cp311-cp311-manylinux_2_5_x86_64.manylinux1_x86_64.manylinux_2_17_x86_64.manylinux2014_x86_64.whl.metadata (3.6 kB)
2025-08-24T20:22:12.7537594Z Collecting uvloop>=0.15.1 (from uvicorn[standard]>=0.12.0; extra == "all"->fastapi[all]->-r requirements-dev.txt (line 14))
2025-08-24T20:22:12.7551475Z   Using cached uvloop-0.21.0-cp311-cp311-manylinux_2_17_x86_64.manylinux2014_x86_64.whl.metadata (4.9 kB)
2025-08-24T20:22:12.8197664Z Collecting watchfiles>=0.13 (from uvicorn[standard]>=0.12.0; extra == "all"->fastapi[all]->-r requirements-dev.txt (line 14))
2025-08-24T20:22:12.8211499Z   Using cached watchfiles-1.1.0-cp311-cp311-manylinux_2_17_x86_64.manylinux2014_x86_64.whl.metadata (4.9 kB)
2025-08-24T20:22:12.8987141Z Collecting websockets>=10.4 (from uvicorn[standard]>=0.12.0; extra == "all"->fastapi[all]->-r requirements-dev.txt (line 14))
2025-08-24T20:22:12.9001362Z   Using cached websockets-15.0.1-cp311-cp311-manylinux_2_5_x86_64.manylinux1_x86_64.manylinux_2_17_x86_64.manylinux2014_x86_64.whl.metadata (6.8 kB)
2025-08-24T20:22:12.9395420Z Collecting argon2-cffi-bindings (from argon2-cffi->minio==7.*->-r requirements-dev.txt (line 10))
2025-08-24T20:22:12.9408363Z   Using cached argon2_cffi_bindings-25.1.0-cp39-abi3-manylinux_2_26_x86_64.manylinux_2_28_x86_64.whl.metadata (7.4 kB)
2025-08-24T20:22:13.0336536Z Collecting cffi>=1.0.1 (from argon2-cffi-bindings->argon2-cffi->minio==7.*->-r requirements-dev.txt (line 10))
2025-08-24T20:22:13.0349763Z   Using cached cffi-1.17.1-cp311-cp311-manylinux_2_17_x86_64.manylinux2014_x86_64.whl.metadata (1.5 kB)
2025-08-24T20:22:13.0450350Z Collecting pycparser (from cffi>=1.0.1->argon2-cffi-bindings->argon2-cffi->minio==7.*->-r requirements-dev.txt (line 10))
2025-08-24T20:22:13.0464041Z   Using cached pycparser-2.22-py3-none-any.whl.metadata (943 bytes)
2025-08-24T20:22:13.1045638Z Using cached jinja2-3.1.6-py3-none-any.whl (134 kB)
2025-08-24T20:22:13.1059290Z Using cached alembic-1.16.4-py3-none-any.whl (247 kB)
2025-08-24T20:22:13.1073715Z Using cached APScheduler-3.10.4-py3-none-any.whl (59 kB)
2025-08-24T20:22:13.1087012Z Using cached asgi_correlation_id-4.3.1-py3-none-any.whl (15 kB)
2025-08-24T20:22:13.1099946Z Using cached asyncpg-0.30.0-cp311-cp311-manylinux_2_17_x86_64.manylinux2014_x86_64.whl (3.1 MB)
2025-08-24T20:22:13.1136051Z Using cached black-25.1.0-cp311-cp311-manylinux_2_17_x86_64.manylinux2014_x86_64.manylinux_2_28_x86_64.whl (1.7 MB)
2025-08-24T20:22:13.1161700Z Using cached vulture-2.10-py2.py3-none-any.whl (27 kB)
2025-08-24T20:22:13.1174532Z Using cached celery-5.5.3-py3-none-any.whl (438 kB)
2025-08-24T20:22:13.1190277Z Using cached fastapi-0.116.1-py3-none-any.whl (95 kB)
2025-08-24T20:22:13.1204116Z Using cached pydantic-2.11.7-py3-none-any.whl (444 kB)
2025-08-24T20:22:13.1219911Z Using cached fastapi_limiter-0.1.6-py3-none-any.whl (15 kB)
2025-08-24T20:22:13.1232922Z Using cached IMAPClient-3.0.1-py2.py3-none-any.whl (182 kB)
2025-08-24T20:22:13.1246764Z Using cached mypy_extensions-1.1.0-py3-none-any.whl (5.0 kB)
2025-08-24T20:22:13.1259392Z Using cached openpyxl-3.1.5-py2.py3-none-any.whl (250 kB)
2025-08-24T20:22:13.1274204Z Using cached psycopg2_binary-2.9.10-cp311-cp311-manylinux_2_17_x86_64.manylinux2014_x86_64.whl (3.0 MB)
2025-08-24T20:22:13.1308839Z Using cached psycopg-3.2.9-py3-none-any.whl (202 kB)
2025-08-24T20:22:13.1323110Z Using cached pytest_asyncio-1.1.0-py3-none-any.whl (15 kB)
2025-08-24T20:22:13.1335960Z Using cached pytest_cov-6.2.1-py3-none-any.whl (24 kB)
2025-08-24T20:22:13.1348758Z Using cached pytest_postgresql-7.0.2-py3-none-any.whl (41 kB)
2025-08-24T20:22:13.1361844Z Using cached python_telegram_bot-22.3-py3-none-any.whl (717 kB)
2025-08-24T20:22:13.1379431Z Using cached requests-2.32.4-py3-none-any.whl (64 kB)
2025-08-24T20:22:13.1392442Z Using cached respx-0.22.0-py2.py3-none-any.whl (25 kB)
2025-08-24T20:22:13.1405657Z Using cached ruff-0.9.9-py3-none-manylinux_2_17_x86_64.manylinux2014_x86_64.whl (11.2 MB)
2025-08-24T20:22:13.1499518Z Using cached sqlalchemy-2.0.43-cp311-cp311-manylinux_2_17_x86_64.manylinux2014_x86_64.whl (3.3 MB)
2025-08-24T20:22:13.1535861Z Using cached structlog-24.1.0-py3-none-any.whl (65 kB)
2025-08-24T20:22:13.1548889Z Using cached testcontainers-4.12.0-py3-none-any.whl (111 kB)
2025-08-24T20:22:13.1562475Z Using cached types_requests-2.32.4.20250809-py3-none-any.whl (20 kB)
2025-08-24T20:22:13.1575352Z Using cached docspec_python-2.2.2-py3-none-any.whl (15 kB)
2025-08-24T20:22:13.1587895Z Using cached pydoc_markdown-4.8.2-py3-none-any.whl (67 kB)
2025-08-24T20:22:13.1600908Z Using cached docspec-2.2.1-py3-none-any.whl (9.8 kB)
2025-08-24T20:22:13.1614197Z Using cached psycopg_binary-3.2.9-cp311-cp311-manylinux_2_17_x86_64.manylinux2014_x86_64.whl (4.5 MB)
2025-08-24T20:22:13.1658564Z Using cached pydantic_core-2.33.2-cp311-cp311-manylinux_2_17_x86_64.manylinux2014_x86_64.whl (2.0 MB)
2025-08-24T20:22:13.1685178Z Using cached redis-6.4.0-py3-none-any.whl (279 kB)
2025-08-24T20:22:13.1699756Z Using cached minio-7.2.16-py3-none-any.whl (95 kB)
2025-08-24T20:22:13.1713368Z Using cached httpx-0.28.1-py3-none-any.whl (73 kB)
2025-08-24T20:22:13.1727016Z Using cached mypy-1.17.1-cp311-cp311-manylinux2014_x86_64.manylinux_2_17_x86_64.manylinux_2_28_x86_64.whl (12.6 MB)
2025-08-24T20:22:13.1829417Z Using cached numpy-1.26.4-cp311-cp311-manylinux_2_17_x86_64.manylinux2014_x86_64.whl (18.3 MB)
2025-08-24T20:22:13.1969300Z Using cached pandas-2.2.3-cp311-cp311-manylinux_2_17_x86_64.manylinux2014_x86_64.whl (13.1 MB)
2025-08-24T20:22:13.2074890Z Using cached pandera-0.19.3-py3-none-any.whl (251 kB)
2025-08-24T20:22:13.2089021Z Using cached billiard-4.2.1-py3-none-any.whl (86 kB)
2025-08-24T20:22:13.2103383Z Using cached charset_normalizer-3.4.3-cp311-cp311-manylinux2014_x86_64.manylinux_2_17_x86_64.manylinux_2_28_x86_64.whl (150 kB)
2025-08-24T20:22:13.2116615Z Using cached click-8.2.1-py3-none-any.whl (102 kB)
2025-08-24T20:22:13.2130055Z Using cached databind.core-4.5.2-py3-none-any.whl (1.5 kB)
2025-08-24T20:22:13.2143091Z Using cached databind-4.5.2-py3-none-any.whl (49 kB)
2025-08-24T20:22:13.2156177Z Using cached databind.json-4.5.2-py3-none-any.whl (1.5 kB)
2025-08-24T20:22:13.2169203Z Using cached Deprecated-1.2.18-py2.py3-none-any.whl (10.0 kB)
2025-08-24T20:22:13.2181849Z Using cached httpcore-1.0.9-py3-none-any.whl (78 kB)
2025-08-24T20:22:13.2194985Z Using cached idna-3.10-py3-none-any.whl (70 kB)
2025-08-24T20:22:13.2208421Z Using cached kombu-5.5.4-py3-none-any.whl (210 kB)
2025-08-24T20:22:13.2222734Z Using cached vine-5.1.0-py3-none-any.whl (9.6 kB)
2025-08-24T20:22:13.2235397Z Using cached amqp-5.3.1-py3-none-any.whl (50 kB)
2025-08-24T20:22:13.2248256Z Using cached multimethod-1.10-py3-none-any.whl (9.9 kB)
2025-08-24T20:22:13.2260774Z Using cached nr_date-2.1.0-py3-none-any.whl (10 kB)
2025-08-24T20:22:13.2273707Z Using cached nr_stream-1.1.5-py3-none-any.whl (10 kB)
2025-08-24T20:22:13.2286397Z Using cached nr.util-0.8.12-py3-none-any.whl (90 kB)
2025-08-24T20:22:13.2299618Z Using cached pytest-8.4.1-py3-none-any.whl (365 kB)
2025-08-24T20:22:13.2315245Z Using cached pluggy-1.6.0-py3-none-any.whl (20 kB)
2025-08-24T20:22:13.2328800Z Using cached PyYAML-6.0.2-cp311-cp311-manylinux_2_17_x86_64.manylinux2014_x86_64.whl (762 kB)
2025-08-24T20:22:13.2367081Z Downloading starlette-0.47.3-py3-none-any.whl (72 kB)
2025-08-24T20:22:13.2458619Z Using cached anyio-4.10.0-py3-none-any.whl (107 kB)
2025-08-24T20:22:13.2472848Z Using cached tomli-2.2.1-cp311-cp311-manylinux_2_17_x86_64.manylinux2014_x86_64.whl (236 kB)
2025-08-24T20:22:13.2486998Z Using cached tomli_w-1.2.0-py3-none-any.whl (6.7 kB)
2025-08-24T20:22:13.2499569Z Using cached typeapi-2.2.4-py3-none-any.whl (26 kB)
2025-08-24T20:22:13.2513131Z Using cached typing_extensions-4.14.1-py3-none-any.whl (43 kB)
2025-08-24T20:22:13.2526320Z Using cached urllib3-2.5.0-py3-none-any.whl (129 kB)
2025-08-24T20:22:13.2540351Z Using cached wrapt-1.17.3-cp311-cp311-manylinux1_x86_64.manylinux_2_28_x86_64.manylinux_2_5_x86_64.whl (82 kB)
2025-08-24T20:22:13.2570898Z Downloading boto3-1.40.16-py3-none-any.whl (140 kB)
2025-08-24T20:22:13.2633904Z Downloading botocore-1.40.16-py3-none-any.whl (14.0 MB)
2025-08-24T20:22:13.3251221Z    ━━━━━━━━━━━━━━━━━━━━━━━━━━━━━━━━━━━━━━━━ 14.0/14.0 MB 234.1 MB/s  0:00:00
2025-08-24T20:22:13.3266649Z Using cached jmespath-1.0.1-py3-none-any.whl (20 kB)
2025-08-24T20:22:13.3280190Z Using cached python_dateutil-2.9.0.post0-py2.py3-none-any.whl (229 kB)
2025-08-24T20:22:13.3294734Z Using cached s3transfer-0.13.1-py3-none-any.whl (85 kB)
2025-08-24T20:22:13.3308274Z Using cached itsdangerous-2.2.0-py3-none-any.whl (16 kB)
2025-08-24T20:22:13.3321255Z Using cached python_dotenv-1.1.1-py3-none-any.whl (20 kB)
2025-08-24T20:22:13.3334846Z Using cached python_multipart-0.0.20-py3-none-any.whl (24 kB)
2025-08-24T20:22:13.3347859Z Using cached annotated_types-0.7.0-py3-none-any.whl (13 kB)
2025-08-24T20:22:13.3360854Z Using cached certifi-2025.8.3-py3-none-any.whl (161 kB)
2025-08-24T20:22:13.3374866Z Using cached click_didyoumean-0.3.1-py3-none-any.whl (3.6 kB)
2025-08-24T20:22:13.3387555Z Using cached click_plugins-1.1.1.2-py2.py3-none-any.whl (11 kB)
2025-08-24T20:22:13.3400932Z Using cached click_repl-0.3.0-py3-none-any.whl (10 kB)
2025-08-24T20:22:13.3430265Z Downloading coverage-7.10.5-cp311-cp311-manylinux1_x86_64.manylinux_2_28_x86_64.manylinux_2_5_x86_64.whl (249 kB)
2025-08-24T20:22:13.3478130Z Using cached email_validator-2.2.0-py3-none-any.whl (33 kB)
2025-08-24T20:22:13.3491187Z Using cached dnspython-2.7.0-py3-none-any.whl (313 kB)
2025-08-24T20:22:13.3506316Z Using cached fastapi_cli-0.0.8-py3-none-any.whl (10 kB)
2025-08-24T20:22:13.3519263Z Using cached fastapi_cloud_cli-0.1.5-py3-none-any.whl (18 kB)
2025-08-24T20:22:13.3532628Z Using cached greenlet-3.2.4-cp311-cp311-manylinux_2_24_x86_64.manylinux_2_28_x86_64.whl (587 kB)
2025-08-24T20:22:13.3549353Z Using cached h11-0.16.0-py3-none-any.whl (37 kB)
2025-08-24T20:22:13.3562681Z Using cached iniconfig-2.1.0-py3-none-any.whl (6.0 kB)
2025-08-24T20:22:13.3576130Z Using cached MarkupSafe-3.0.2-cp311-cp311-manylinux_2_17_x86_64.manylinux2014_x86_64.whl (23 kB)
2025-08-24T20:22:13.3588733Z Using cached mirakuru-2.6.1-py3-none-any.whl (26 kB)
2025-08-24T20:22:13.3602471Z Using cached orjson-3.11.2-cp311-cp311-manylinux_2_17_x86_64.manylinux2014_x86_64.whl (121 kB)
2025-08-24T20:22:13.3615509Z Using cached packaging-25.0-py3-none-any.whl (66 kB)
2025-08-24T20:22:13.3628620Z Using cached pathspec-0.12.1-py3-none-any.whl (31 kB)
2025-08-24T20:22:13.3641941Z Using cached platformdirs-4.3.8-py3-none-any.whl (18 kB)
2025-08-24T20:22:13.3654892Z Using cached port_for-0.7.4-py3-none-any.whl (21 kB)
2025-08-24T20:22:13.3667898Z Using cached prompt_toolkit-3.0.51-py3-none-any.whl (387 kB)
2025-08-24T20:22:13.3684196Z Using cached psutil-7.0.0-cp36-abi3-manylinux_2_12_x86_64.manylinux2010_x86_64.manylinux_2_17_x86_64.manylinux2014_x86_64.whl (277 kB)
2025-08-24T20:22:13.3698454Z Using cached pydantic_extra_types-2.10.5-py3-none-any.whl (38 kB)
2025-08-24T20:22:13.3711752Z Using cached pydantic_settings-2.10.1-py3-none-any.whl (45 kB)
2025-08-24T20:22:13.3724783Z Using cached pygments-2.19.2-py3-none-any.whl (1.2 MB)
2025-08-24T20:22:13.3746464Z Using cached pytz-2025.2-py2.py3-none-any.whl (509 kB)
2025-08-24T20:22:13.3763132Z Using cached rich_toolkit-0.15.0-py3-none-any.whl (29 kB)
2025-08-24T20:22:13.3776391Z Using cached rich-14.1.0-py3-none-any.whl (243 kB)
2025-08-24T20:22:13.3792171Z Using cached markdown_it_py-4.0.0-py3-none-any.whl (87 kB)
2025-08-24T20:22:13.3805691Z Using cached mdurl-0.1.2-py3-none-any.whl (10.0 kB)
2025-08-24T20:22:13.3818904Z Using cached rignore-0.6.4-cp311-cp311-manylinux_2_17_x86_64.manylinux2014_x86_64.whl (950 kB)
2025-08-24T20:22:13.3838292Z Using cached sentry_sdk-2.35.0-py2.py3-none-any.whl (363 kB)
2025-08-24T20:22:13.3853661Z Using cached six-1.17.0-py2.py3-none-any.whl (11 kB)
2025-08-24T20:22:13.3866429Z Using cached sniffio-1.3.1-py3-none-any.whl (10 kB)
2025-08-24T20:22:13.3879115Z Using cached typer-0.16.1-py3-none-any.whl (46 kB)
2025-08-24T20:22:13.3892349Z Using cached shellingham-1.5.4-py2.py3-none-any.whl (9.8 kB)
2025-08-24T20:22:13.3905036Z Using cached typing_inspect-0.9.0-py3-none-any.whl (8.8 kB)
2025-08-24T20:22:13.3917783Z Using cached typing_inspection-0.4.1-py3-none-any.whl (14 kB)
2025-08-24T20:22:13.3930775Z Using cached tzdata-2025.2-py2.py3-none-any.whl (347 kB)
2025-08-24T20:22:13.3945998Z Using cached tzlocal-5.3.1-py3-none-any.whl (18 kB)
2025-08-24T20:22:13.3958961Z Using cached ujson-5.11.0-cp311-cp311-manylinux_2_24_x86_64.manylinux_2_28_x86_64.whl (57 kB)
2025-08-24T20:22:13.3972436Z Using cached uvicorn-0.35.0-py3-none-any.whl (66 kB)
2025-08-24T20:22:13.3986286Z Using cached httptools-0.6.4-cp311-cp311-manylinux_2_5_x86_64.manylinux1_x86_64.manylinux_2_17_x86_64.manylinux2014_x86_64.whl (459 kB)
2025-08-24T20:22:13.4002283Z Using cached uvloop-0.21.0-cp311-cp311-manylinux_2_17_x86_64.manylinux2014_x86_64.whl (4.0 MB)
2025-08-24T20:22:13.4043689Z Using cached watchfiles-1.1.0-cp311-cp311-manylinux_2_17_x86_64.manylinux2014_x86_64.whl (453 kB)
2025-08-24T20:22:13.4059771Z Using cached websockets-15.0.1-cp311-cp311-manylinux_2_5_x86_64.manylinux1_x86_64.manylinux_2_17_x86_64.manylinux2014_x86_64.whl (182 kB)
2025-08-24T20:22:13.4073556Z Using cached yapf-0.43.0-py3-none-any.whl (256 kB)
2025-08-24T20:22:13.4088054Z Using cached argon2_cffi-25.1.0-py3-none-any.whl (14 kB)
2025-08-24T20:22:13.4101492Z Using cached argon2_cffi_bindings-25.1.0-cp39-abi3-manylinux_2_26_x86_64.manylinux_2_28_x86_64.whl (87 kB)
2025-08-24T20:22:13.4115053Z Using cached cffi-1.17.1-cp311-cp311-manylinux_2_17_x86_64.manylinux2014_x86_64.whl (467 kB)
2025-08-24T20:22:13.4131258Z Using cached docker-7.1.0-py3-none-any.whl (147 kB)
2025-08-24T20:22:13.4145072Z Using cached et_xmlfile-2.0.0-py3-none-any.whl (18 kB)
2025-08-24T20:22:13.4157858Z Using cached mako-1.3.10-py3-none-any.whl (78 kB)
2025-08-24T20:22:13.4171267Z Using cached pycparser-2.22-py3-none-any.whl (117 kB)
2025-08-24T20:22:13.4185191Z Using cached pycryptodome-3.23.0-cp37-abi3-manylinux_2_17_x86_64.manylinux2014_x86_64.whl (2.3 MB)
2025-08-24T20:22:13.4213673Z Using cached toml-0.10.2-py2.py3-none-any.whl (16 kB)
2025-08-24T20:22:13.4226632Z Using cached typeguard-4.4.4-py3-none-any.whl (34 kB)
2025-08-24T20:22:13.4239630Z Using cached watchdog-6.0.0-py3-none-manylinux2014_x86_64.whl (79 kB)
2025-08-24T20:22:13.4253138Z Using cached wcwidth-0.2.13-py2.py3-none-any.whl (34 kB)
2025-08-24T20:22:13.8301332Z Installing collected packages: wcwidth, pytz, wrapt, websockets, watchdog, vine, uvloop, urllib3, ujson, tzlocal, tzdata, typing-extensions, tomli_w, tomli, toml, structlog, sniffio, six, shellingham, ruff, rignore, redis, PyYAML, python-multipart, python-dotenv, pygments, pycryptodome, pycparser, psycopg2-binary, psycopg-binary, psutil, prompt-toolkit, port-for, pluggy, platformdirs, pathspec, packaging, orjson, numpy, nr-stream, nr-date, mypy-extensions, multimethod, mdurl, MarkupSafe, jmespath, itsdangerous, iniconfig, imapclient, idna, httptools, h11, greenlet, et-xmlfile, docstring-parser, dnspython, coverage, click, charset_normalizer, certifi, billiard, asyncpg, annotated-types, yapf, vulture, uvicorn, typing-inspection, typing-inspect, types-requests, typeguard, typeapi, sqlalchemy, sentry-sdk, requests, python-dateutil, pytest, pydantic-core, psycopg, openpyxl, mypy, mirakuru, markdown-it-py, Mako, Jinja2, httpcore, email-validator, Deprecated, click-repl, click-plugins, click-didyoumean, cffi, black, apscheduler, anyio, amqp, watchfiles, starlette, rich, pytest-postgresql, pytest-cov, pytest-asyncio, pydantic, pandas, nr-util, kombu, httpx, docker, databind, botocore, argon2-cffi-bindings, alembic, typer, testcontainers, s3transfer, rich-toolkit, respx, python-telegram-bot, pydantic-settings, pydantic-extra-types, pandera, fastapi, databind.json, databind.core, celery, asgi-correlation-id, argon2-cffi, minio, fastapi-limiter, fastapi-cloud-cli, fastapi-cli, docspec, boto3, docspec-python, pydoc-markdown
2025-08-24T20:22:29.6273933Z 
2025-08-24T20:22:29.6340186Z Successfully installed Deprecated-1.2.18 Jinja2-3.1.6 Mako-1.3.10 MarkupSafe-3.0.2 PyYAML-6.0.2 alembic-1.16.4 amqp-5.3.1 annotated-types-0.7.0 anyio-4.10.0 apscheduler-3.10.4 argon2-cffi-25.1.0 argon2-cffi-bindings-25.1.0 asgi-correlation-id-4.3.1 asyncpg-0.30.0 billiard-4.2.1 black-25.1.0 boto3-1.40.16 botocore-1.40.16 celery-5.5.3 certifi-2025.8.3 cffi-1.17.1 charset_normalizer-3.4.3 click-8.2.1 click-didyoumean-0.3.1 click-plugins-1.1.1.2 click-repl-0.3.0 coverage-7.10.5 databind-4.5.2 databind.core-4.5.2 databind.json-4.5.2 dnspython-2.7.0 docker-7.1.0 docspec-2.2.1 docspec-python-2.2.2 docstring-parser-0.11 email-validator-2.2.0 et-xmlfile-2.0.0 fastapi-0.116.1 fastapi-cli-0.0.8 fastapi-cloud-cli-0.1.5 fastapi-limiter-0.1.6 greenlet-3.2.4 h11-0.16.0 httpcore-1.0.9 httptools-0.6.4 httpx-0.28.1 idna-3.10 imapclient-3.0.1 iniconfig-2.1.0 itsdangerous-2.2.0 jmespath-1.0.1 kombu-5.5.4 markdown-it-py-4.0.0 mdurl-0.1.2 minio-7.2.16 mirakuru-2.6.1 multimethod-1.10 mypy-1.17.1 mypy-extensions-1.1.0 nr-date-2.1.0 nr-stream-1.1.5 nr-util-0.8.12 numpy-1.26.4 openpyxl-3.1.5 orjson-3.11.2 packaging-25.0 pandas-2.2.3 pandera-0.19.3 pathspec-0.12.1 platformdirs-4.3.8 pluggy-1.6.0 port-for-0.7.4 prompt-toolkit-3.0.51 psutil-7.0.0 psycopg-3.2.9 psycopg-binary-3.2.9 psycopg2-binary-2.9.10 pycparser-2.22 pycryptodome-3.23.0 pydantic-2.11.7 pydantic-core-2.33.2 pydantic-extra-types-2.10.5 pydantic-settings-2.10.1 pydoc-markdown-4.8.2 pygments-2.19.2 pytest-8.4.1 pytest-asyncio-1.1.0 pytest-cov-6.2.1 pytest-postgresql-7.0.2 python-dateutil-2.9.0.post0 python-dotenv-1.1.1 python-multipart-0.0.20 python-telegram-bot-22.3 pytz-2025.2 redis-6.4.0 requests-2.32.4 respx-0.22.0 rich-14.1.0 rich-toolkit-0.15.0 rignore-0.6.4 ruff-0.9.9 s3transfer-0.13.1 sentry-sdk-2.35.0 shellingham-1.5.4 six-1.17.0 sniffio-1.3.1 sqlalchemy-2.0.43 starlette-0.47.3 structlog-24.1.0 testcontainers-4.12.0 toml-0.10.2 tomli-2.2.1 tomli_w-1.2.0 typeapi-2.2.4 typeguard-4.4.4 typer-0.16.1 types-requests-2.32.4.20250809 typing-extensions-4.14.1 typing-inspect-0.9.0 typing-inspection-0.4.1 tzdata-2025.2 tzlocal-5.3.1 ujson-5.11.0 urllib3-2.5.0 uvicorn-0.35.0 uvloop-0.21.0 vine-5.1.0 vulture-2.10 watchdog-6.0.0 watchfiles-1.1.0 wcwidth-0.2.13 websockets-15.0.1 wrapt-1.17.3 yapf-0.43.0
2025-08-24T20:22:31.2436058Z Collecting keepa==1.3.15
2025-08-24T20:22:31.2451254Z   Using cached keepa-1.3.15-py3-none-any.whl.metadata (11 kB)
2025-08-24T20:22:31.2693471Z Collecting minio==7.1.15
2025-08-24T20:22:31.2708064Z   Using cached minio-7.1.15-py3-none-any.whl.metadata (4.2 kB)
2025-08-24T20:22:31.2732663Z Requirement already satisfied: numpy>=1.9.3 in /opt/hostedtoolcache/Python/3.11.13/x64/lib/python3.11/site-packages (from keepa==1.3.15) (1.26.4)
2025-08-24T20:22:31.2738367Z Requirement already satisfied: requests>=2.2 in /opt/hostedtoolcache/Python/3.11.13/x64/lib/python3.11/site-packages (from keepa==1.3.15) (2.32.4)
2025-08-24T20:22:31.3059362Z Collecting tqdm (from keepa==1.3.15)
2025-08-24T20:22:31.3073979Z   Using cached tqdm-4.67.1-py3-none-any.whl.metadata (57 kB)
2025-08-24T20:22:31.7741113Z Collecting aiohttp (from keepa==1.3.15)
2025-08-24T20:22:31.7757713Z   Using cached aiohttp-3.12.15-cp311-cp311-manylinux_2_17_x86_64.manylinux2014_x86_64.whl.metadata (7.7 kB)
2025-08-24T20:22:31.7787607Z Requirement already satisfied: pandas<=3.0 in /opt/hostedtoolcache/Python/3.11.13/x64/lib/python3.11/site-packages (from keepa==1.3.15) (2.2.3)
2025-08-24T20:22:31.7792531Z Requirement already satisfied: pydantic in /opt/hostedtoolcache/Python/3.11.13/x64/lib/python3.11/site-packages (from keepa==1.3.15) (2.11.7)
2025-08-24T20:22:31.7800094Z Requirement already satisfied: certifi in /opt/hostedtoolcache/Python/3.11.13/x64/lib/python3.11/site-packages (from minio==7.1.15) (2025.8.3)
2025-08-24T20:22:31.7804336Z Requirement already satisfied: urllib3 in /opt/hostedtoolcache/Python/3.11.13/x64/lib/python3.11/site-packages (from minio==7.1.15) (2.5.0)
2025-08-24T20:22:31.7851258Z Requirement already satisfied: python-dateutil>=2.8.2 in /opt/hostedtoolcache/Python/3.11.13/x64/lib/python3.11/site-packages (from pandas<=3.0->keepa==1.3.15) (2.9.0.post0)
2025-08-24T20:22:31.7856438Z Requirement already satisfied: pytz>=2020.1 in /opt/hostedtoolcache/Python/3.11.13/x64/lib/python3.11/site-packages (from pandas<=3.0->keepa==1.3.15) (2025.2)
2025-08-24T20:22:31.7861723Z Requirement already satisfied: tzdata>=2022.7 in /opt/hostedtoolcache/Python/3.11.13/x64/lib/python3.11/site-packages (from pandas<=3.0->keepa==1.3.15) (2025.2)
2025-08-24T20:22:31.7973970Z Requirement already satisfied: six>=1.5 in /opt/hostedtoolcache/Python/3.11.13/x64/lib/python3.11/site-packages (from python-dateutil>=2.8.2->pandas<=3.0->keepa==1.3.15) (1.17.0)
2025-08-24T20:22:31.7991633Z Requirement already satisfied: charset_normalizer<4,>=2 in /opt/hostedtoolcache/Python/3.11.13/x64/lib/python3.11/site-packages (from requests>=2.2->keepa==1.3.15) (3.4.3)
2025-08-24T20:22:31.7997208Z Requirement already satisfied: idna<4,>=2.5 in /opt/hostedtoolcache/Python/3.11.13/x64/lib/python3.11/site-packages (from requests>=2.2->keepa==1.3.15) (3.10)
2025-08-24T20:22:31.8177878Z Collecting aiohappyeyeballs>=2.5.0 (from aiohttp->keepa==1.3.15)
2025-08-24T20:22:31.8191785Z   Using cached aiohappyeyeballs-2.6.1-py3-none-any.whl.metadata (5.9 kB)
2025-08-24T20:22:31.8279619Z Collecting aiosignal>=1.4.0 (from aiohttp->keepa==1.3.15)
2025-08-24T20:22:31.8293771Z   Using cached aiosignal-1.4.0-py3-none-any.whl.metadata (3.7 kB)
2025-08-24T20:22:31.8421038Z Collecting attrs>=17.3.0 (from aiohttp->keepa==1.3.15)
2025-08-24T20:22:31.8434450Z   Using cached attrs-25.3.0-py3-none-any.whl.metadata (10 kB)
2025-08-24T20:22:31.9049526Z Collecting frozenlist>=1.1.1 (from aiohttp->keepa==1.3.15)
2025-08-24T20:22:31.9065039Z   Using cached frozenlist-1.7.0-cp311-cp311-manylinux_2_5_x86_64.manylinux1_x86_64.manylinux_2_17_x86_64.manylinux2014_x86_64.whl.metadata (18 kB)
2025-08-24T20:22:32.1140479Z Collecting multidict<7.0,>=4.5 (from aiohttp->keepa==1.3.15)
2025-08-24T20:22:32.1155854Z   Using cached multidict-6.6.4-cp311-cp311-manylinux2014_x86_64.manylinux_2_17_x86_64.manylinux_2_28_x86_64.whl.metadata (5.3 kB)
2025-08-24T20:22:32.1912091Z Collecting propcache>=0.2.0 (from aiohttp->keepa==1.3.15)
2025-08-24T20:22:32.1926942Z   Using cached propcache-0.3.2-cp311-cp311-manylinux_2_17_x86_64.manylinux2014_x86_64.whl.metadata (12 kB)
2025-08-24T20:22:32.4390363Z Collecting yarl<2.0,>=1.17.0 (from aiohttp->keepa==1.3.15)
2025-08-24T20:22:32.4406144Z   Using cached yarl-1.20.1-cp311-cp311-manylinux_2_17_x86_64.manylinux2014_x86_64.whl.metadata (73 kB)
2025-08-24T20:22:32.4604636Z Requirement already satisfied: typing-extensions>=4.2 in /opt/hostedtoolcache/Python/3.11.13/x64/lib/python3.11/site-packages (from aiosignal>=1.4.0->aiohttp->keepa==1.3.15) (4.14.1)
2025-08-24T20:22:32.4649595Z Requirement already satisfied: annotated-types>=0.6.0 in /opt/hostedtoolcache/Python/3.11.13/x64/lib/python3.11/site-packages (from pydantic->keepa==1.3.15) (0.7.0)
2025-08-24T20:22:32.4655299Z Requirement already satisfied: pydantic-core==2.33.2 in /opt/hostedtoolcache/Python/3.11.13/x64/lib/python3.11/site-packages (from pydantic->keepa==1.3.15) (2.33.2)
2025-08-24T20:22:32.4663109Z Requirement already satisfied: typing-inspection>=0.4.0 in /opt/hostedtoolcache/Python/3.11.13/x64/lib/python3.11/site-packages (from pydantic->keepa==1.3.15) (0.4.1)
2025-08-24T20:22:32.4721292Z Using cached keepa-1.3.15-py3-none-any.whl (38 kB)
2025-08-24T20:22:32.4734668Z Using cached minio-7.1.15-py3-none-any.whl (77 kB)
2025-08-24T20:22:32.4748797Z Using cached aiohttp-3.12.15-cp311-cp311-manylinux_2_17_x86_64.manylinux2014_x86_64.whl (1.7 MB)
2025-08-24T20:22:32.4775110Z Using cached multidict-6.6.4-cp311-cp311-manylinux2014_x86_64.manylinux_2_17_x86_64.manylinux_2_28_x86_64.whl (246 kB)
2025-08-24T20:22:32.4789708Z Using cached yarl-1.20.1-cp311-cp311-manylinux_2_17_x86_64.manylinux2014_x86_64.whl (348 kB)
2025-08-24T20:22:32.4805386Z Using cached aiohappyeyeballs-2.6.1-py3-none-any.whl (15 kB)
2025-08-24T20:22:32.4818644Z Using cached aiosignal-1.4.0-py3-none-any.whl (7.5 kB)
2025-08-24T20:22:32.4832324Z Using cached attrs-25.3.0-py3-none-any.whl (63 kB)
2025-08-24T20:22:32.4846127Z Using cached frozenlist-1.7.0-cp311-cp311-manylinux_2_5_x86_64.manylinux1_x86_64.manylinux_2_17_x86_64.manylinux2014_x86_64.whl (235 kB)
2025-08-24T20:22:32.4860979Z Using cached propcache-0.3.2-cp311-cp311-manylinux_2_17_x86_64.manylinux2014_x86_64.whl (213 kB)
2025-08-24T20:22:32.4875186Z Using cached tqdm-4.67.1-py3-none-any.whl (78 kB)
2025-08-24T20:22:32.6389996Z Installing collected packages: tqdm, propcache, multidict, minio, frozenlist, attrs, aiohappyeyeballs, yarl, aiosignal, aiohttp, keepa
2025-08-24T20:22:32.7041121Z   Attempting uninstall: minio
2025-08-24T20:22:32.7072742Z     Found existing installation: minio 7.2.16
2025-08-24T20:22:32.7106185Z     Uninstalling minio-7.2.16:
2025-08-24T20:22:32.7115868Z       Successfully uninstalled minio-7.2.16
2025-08-24T20:22:33.0221959Z 
2025-08-24T20:22:33.0277295Z Successfully installed aiohappyeyeballs-2.6.1 aiohttp-3.12.15 aiosignal-1.4.0 attrs-25.3.0 frozenlist-1.7.0 keepa-1.3.15 minio-7.1.15 multidict-6.6.4 propcache-0.3.2 tqdm-4.67.1 yarl-1.20.1
2025-08-24T20:22:33.1765464Z ##[group]Run sudo apt-get update
2025-08-24T20:22:33.1765771Z [36;1msudo apt-get update[0m
2025-08-24T20:22:33.1766025Z [36;1msudo apt-get install -y postgresql[0m
2025-08-24T20:22:33.1766489Z [36;1mecho "/usr/lib/postgresql/$(pg_config --version | cut -d' ' -f2 | cut -d'.' -f1,2)/bin" >> $GITHUB_PATH[0m
2025-08-24T20:22:33.1807037Z shell: /usr/bin/bash -e {0}
2025-08-24T20:22:33.1807275Z env:
2025-08-24T20:22:33.1807448Z   PG_USER: postgres
2025-08-24T20:22:33.1807644Z   PG_PASSWORD: pass
2025-08-24T20:22:33.1807831Z   PG_DATABASE: awa
2025-08-24T20:22:33.1808014Z   PG_HOST: localhost
2025-08-24T20:22:33.1808202Z   PG_PORT: 5432
2025-08-24T20:22:33.1808815Z   PG_SYNC_DSN: ***localhost:5432/awa
2025-08-24T20:22:33.1809261Z   PG_ASYNC_DSN: ***localhost:5432/awa
2025-08-24T20:22:33.1809640Z   DATABASE_URL: ***localhost:5432/awa
2025-08-24T20:22:33.1809894Z   DATA_DIR: /tmp/awa-data
2025-08-24T20:22:33.1810102Z   ENABLE_LIVE: 0
2025-08-24T20:22:33.1810284Z   TESTING: 1
2025-08-24T20:22:33.1810786Z   pythonLocation: /opt/hostedtoolcache/Python/3.11.13/x64
2025-08-24T20:22:33.1811259Z   PKG_CONFIG_PATH: /opt/hostedtoolcache/Python/3.11.13/x64/lib/pkgconfig
2025-08-24T20:22:33.1811655Z   Python_ROOT_DIR: /opt/hostedtoolcache/Python/3.11.13/x64
2025-08-24T20:22:33.1812008Z   Python2_ROOT_DIR: /opt/hostedtoolcache/Python/3.11.13/x64
2025-08-24T20:22:33.1812357Z   Python3_ROOT_DIR: /opt/hostedtoolcache/Python/3.11.13/x64
2025-08-24T20:22:33.1812709Z   LD_LIBRARY_PATH: /opt/hostedtoolcache/Python/3.11.13/x64/lib
2025-08-24T20:22:33.1813002Z ##[endgroup]
2025-08-24T20:22:33.2858264Z Get:1 file:/etc/apt/apt-mirrors.txt Mirrorlist [144 B]
2025-08-24T20:22:33.3198059Z Hit:2 http://azure.archive.ubuntu.com/ubuntu noble InRelease
2025-08-24T20:22:33.3210922Z Hit:6 https://packages.microsoft.com/repos/azure-cli noble InRelease
2025-08-24T20:22:33.3219590Z Get:3 http://azure.archive.ubuntu.com/ubuntu noble-updates InRelease [126 kB]
2025-08-24T20:22:33.3230054Z Get:7 https://packages.microsoft.com/ubuntu/24.04/prod noble InRelease [3600 B]
2025-08-24T20:22:33.3339106Z Get:4 http://azure.archive.ubuntu.com/ubuntu noble-backports InRelease [126 kB]
2025-08-24T20:22:33.3429319Z Get:5 http://azure.archive.ubuntu.com/ubuntu noble-security InRelease [126 kB]
2025-08-24T20:22:33.5196042Z Get:8 https://packages.microsoft.com/ubuntu/24.04/prod noble/main armhf Packages [9870 B]
2025-08-24T20:22:33.5296606Z Get:9 https://packages.microsoft.com/ubuntu/24.04/prod noble/main arm64 Packages [33.3 kB]
2025-08-24T20:22:33.5333999Z Get:10 https://packages.microsoft.com/ubuntu/24.04/prod noble/main amd64 Packages [49.2 kB]
2025-08-24T20:22:33.5649597Z Get:11 http://azure.archive.ubuntu.com/ubuntu noble-updates/main amd64 Packages [1352 kB]
2025-08-24T20:22:33.5801979Z Get:12 http://azure.archive.ubuntu.com/ubuntu noble-updates/main Translation-en [269 kB]
2025-08-24T20:22:33.5853790Z Get:13 http://azure.archive.ubuntu.com/ubuntu noble-updates/main amd64 Components [175 kB]
2025-08-24T20:22:33.5862255Z Get:14 http://azure.archive.ubuntu.com/ubuntu noble-updates/universe amd64 Packages [1123 kB]
2025-08-24T20:22:33.5933435Z Get:15 http://azure.archive.ubuntu.com/ubuntu noble-updates/universe Translation-en [288 kB]
2025-08-24T20:22:33.5961274Z Get:16 http://azure.archive.ubuntu.com/ubuntu noble-updates/universe amd64 Components [377 kB]
2025-08-24T20:22:33.5998746Z Get:17 http://azure.archive.ubuntu.com/ubuntu noble-updates/restricted amd64 Packages [1731 kB]
2025-08-24T20:22:33.6104690Z Get:18 http://azure.archive.ubuntu.com/ubuntu noble-updates/restricted Translation-en [384 kB]
2025-08-24T20:22:33.6135962Z Get:19 http://azure.archive.ubuntu.com/ubuntu noble-updates/restricted amd64 Components [212 B]
2025-08-24T20:22:33.6173957Z Get:20 http://azure.archive.ubuntu.com/ubuntu noble-updates/multiverse amd64 Components [940 B]
2025-08-24T20:22:33.6654379Z Get:21 http://azure.archive.ubuntu.com/ubuntu noble-backports/main amd64 Components [7088 B]
2025-08-24T20:22:33.6666741Z Get:22 http://azure.archive.ubuntu.com/ubuntu noble-backports/universe amd64 Components [19.2 kB]
2025-08-24T20:22:33.6674487Z Get:23 http://azure.archive.ubuntu.com/ubuntu noble-backports/restricted amd64 Components [216 B]
2025-08-24T20:22:33.6681670Z Get:24 http://azure.archive.ubuntu.com/ubuntu noble-backports/multiverse amd64 Components [212 B]
2025-08-24T20:22:33.6689599Z Get:25 http://azure.archive.ubuntu.com/ubuntu noble-security/main amd64 Packages [1083 kB]
2025-08-24T20:22:33.6760160Z Get:26 http://azure.archive.ubuntu.com/ubuntu noble-security/main Translation-en [187 kB]
2025-08-24T20:22:33.6782689Z Get:27 http://azure.archive.ubuntu.com/ubuntu noble-security/main amd64 Components [21.5 kB]
2025-08-24T20:22:33.6791178Z Get:28 http://azure.archive.ubuntu.com/ubuntu noble-security/universe amd64 Packages [881 kB]
2025-08-24T20:22:33.6849225Z Get:29 http://azure.archive.ubuntu.com/ubuntu noble-security/universe Translation-en [195 kB]
2025-08-24T20:22:33.6884833Z Get:30 http://azure.archive.ubuntu.com/ubuntu noble-security/universe amd64 Components [52.2 kB]
2025-08-24T20:22:33.6905277Z Get:31 http://azure.archive.ubuntu.com/ubuntu noble-security/restricted amd64 Packages [1631 kB]
2025-08-24T20:22:33.7016908Z Get:32 http://azure.archive.ubuntu.com/ubuntu noble-security/restricted Translation-en [361 kB]
2025-08-24T20:22:33.7045347Z Get:33 http://azure.archive.ubuntu.com/ubuntu noble-security/restricted amd64 Components [212 B]
2025-08-24T20:22:33.7052894Z Get:34 http://azure.archive.ubuntu.com/ubuntu noble-security/multiverse amd64 Components [208 B]
2025-08-24T20:22:42.4524043Z Fetched 10.6 MB in 1s (7851 kB/s)
2025-08-24T20:22:43.1216641Z Reading package lists...
2025-08-24T20:22:43.1531060Z Reading package lists...
2025-08-24T20:22:43.2927123Z Building dependency tree...
2025-08-24T20:22:43.2934797Z Reading state information...
2025-08-24T20:22:43.4409717Z Suggested packages:
2025-08-24T20:22:43.4410400Z   postgresql-doc
2025-08-24T20:22:43.4641720Z The following NEW packages will be installed:
2025-08-24T20:22:43.4642570Z   postgresql
2025-08-24T20:22:43.4806221Z 0 upgraded, 1 newly installed, 0 to remove and 25 not upgraded.
2025-08-24T20:22:43.4806837Z Need to get 11.6 kB of archives.
2025-08-24T20:22:43.4807401Z After this operation, 17.4 kB of additional disk space will be used.
2025-08-24T20:22:43.4807970Z Get:1 file:/etc/apt/apt-mirrors.txt Mirrorlist [144 B]
2025-08-24T20:22:43.5835488Z Get:2 http://azure.archive.ubuntu.com/ubuntu noble-updates/main amd64 postgresql all 16+257build1.1 [11.6 kB]
2025-08-24T20:22:43.8234862Z Fetched 11.6 kB in 0s (103 kB/s)
2025-08-24T20:22:43.8534682Z Selecting previously unselected package postgresql.
2025-08-24T20:22:43.9034577Z (Reading database ... 
2025-08-24T20:22:43.9035094Z (Reading database ... 5%
2025-08-24T20:22:43.9035563Z (Reading database ... 10%
2025-08-24T20:22:43.9035856Z (Reading database ... 15%
2025-08-24T20:22:43.9036172Z (Reading database ... 20%
2025-08-24T20:22:43.9036434Z (Reading database ... 25%
2025-08-24T20:22:43.9036692Z (Reading database ... 30%
2025-08-24T20:22:43.9036977Z (Reading database ... 35%
2025-08-24T20:22:43.9037225Z (Reading database ... 40%
2025-08-24T20:22:43.9037479Z (Reading database ... 45%
2025-08-24T20:22:43.9037730Z (Reading database ... 50%
2025-08-24T20:22:43.9754150Z (Reading database ... 55%
2025-08-24T20:22:44.0753718Z (Reading database ... 60%
2025-08-24T20:22:44.2338478Z (Reading database ... 65%
2025-08-24T20:22:44.3323109Z (Reading database ... 70%
2025-08-24T20:22:44.4993071Z (Reading database ... 75%
2025-08-24T20:22:44.8061171Z (Reading database ... 80%
2025-08-24T20:22:45.3431665Z (Reading database ... 85%
2025-08-24T20:22:45.8434964Z (Reading database ... 90%
2025-08-24T20:22:46.2894281Z (Reading database ... 95%
2025-08-24T20:22:46.2894822Z (Reading database ... 100%
2025-08-24T20:22:46.2895495Z (Reading database ... 219830 files and directories currently installed.)
2025-08-24T20:22:46.2936821Z Preparing to unpack .../postgresql_16+257build1.1_all.deb ...
2025-08-24T20:22:46.2959545Z Unpacking postgresql (16+257build1.1) ...
2025-08-24T20:22:46.3322512Z Setting up postgresql (16+257build1.1) ...
2025-08-24T20:22:47.3292566Z 
2025-08-24T20:22:47.3293059Z Running kernel seems to be up-to-date.
2025-08-24T20:22:47.3293490Z 
2025-08-24T20:22:47.3293630Z Restarting services...
2025-08-24T20:22:47.3359789Z 
2025-08-24T20:22:47.3360046Z Service restarts being deferred:
2025-08-24T20:22:47.3396489Z  systemctl restart hosted-compute-agent.service
2025-08-24T20:22:47.3396885Z 
2025-08-24T20:22:47.3397053Z No containers need to be restarted.
2025-08-24T20:22:47.3397336Z 
2025-08-24T20:22:47.3397972Z No user sessions are running outdated binaries.
2025-08-24T20:22:47.3398325Z 
2025-08-24T20:22:47.3398655Z No VM guests are running outdated hypervisor (qemu) binaries on this host.
2025-08-24T20:22:48.1775155Z ##[group]Run pytest tests/migrations/test_migration_roundtrip.py -q -m integration --cov=services --cov-append --cov-fail-under=0 -o addopts=''
2025-08-24T20:22:48.1776152Z [36;1mpytest tests/migrations/test_migration_roundtrip.py -q -m integration --cov=services --cov-append --cov-fail-under=0 -o addopts=''[0m
2025-08-24T20:22:48.1816230Z shell: /usr/bin/bash -e {0}
2025-08-24T20:22:48.1816467Z env:
2025-08-24T20:22:48.1816648Z   PG_USER: postgres
2025-08-24T20:22:48.1816858Z   PG_PASSWORD: pass
2025-08-24T20:22:48.1817048Z   PG_DATABASE: awa
2025-08-24T20:22:48.1817235Z   PG_HOST: localhost
2025-08-24T20:22:48.1817425Z   PG_PORT: 5432
2025-08-24T20:22:48.1817930Z   PG_SYNC_DSN: ***localhost:5432/awa
2025-08-24T20:22:48.1818355Z   PG_ASYNC_DSN: ***localhost:5432/awa
2025-08-24T20:22:48.1818737Z   DATABASE_URL: ***localhost:5432/awa
2025-08-24T20:22:48.1818979Z   DATA_DIR: /tmp/awa-data
2025-08-24T20:22:48.1819186Z   ENABLE_LIVE: 0
2025-08-24T20:22:48.1819373Z   TESTING: 1
2025-08-24T20:22:48.1819646Z   pythonLocation: /opt/hostedtoolcache/Python/3.11.13/x64
2025-08-24T20:22:48.1820045Z   PKG_CONFIG_PATH: /opt/hostedtoolcache/Python/3.11.13/x64/lib/pkgconfig
2025-08-24T20:22:48.1820882Z   Python_ROOT_DIR: /opt/hostedtoolcache/Python/3.11.13/x64
2025-08-24T20:22:48.1821250Z   Python2_ROOT_DIR: /opt/hostedtoolcache/Python/3.11.13/x64
2025-08-24T20:22:48.1821759Z   Python3_ROOT_DIR: /opt/hostedtoolcache/Python/3.11.13/x64
2025-08-24T20:22:48.1832176Z   LD_LIBRARY_PATH: /opt/hostedtoolcache/Python/3.11.13/x64/lib
2025-08-24T20:22:48.1832585Z ##[endgroup]
2025-08-24T20:22:49.9235528Z s                                                                        [100%]
2025-08-24T20:22:49.9236361Z ================================ tests coverage ================================
2025-08-24T20:22:49.9237050Z _______________ coverage: platform linux, python 3.11.13-final-0 _______________
2025-08-24T20:22:49.9237655Z 
2025-08-24T20:22:49.9237957Z Name                                                       Stmts   Miss  Cover
2025-08-24T20:22:49.9238479Z ------------------------------------------------------------------------------
2025-08-24T20:22:49.9239044Z services/__init__.py                                           0      0   100%
2025-08-24T20:22:49.9239627Z services/alert_bot/__init__.py                                 0      0   100%
2025-08-24T20:22:49.9240759Z services/alert_bot/alert_bot.py                               22     22     0%
2025-08-24T20:22:49.9241930Z services/alert_bot/rules/__init__.py                          63     63     0%
2025-08-24T20:22:49.9242869Z services/api/__init__.py                                       0      0   100%
2025-08-24T20:22:49.9243781Z services/api/config.py                                        24     24     0%
2025-08-24T20:22:49.9244650Z services/api/db.py                                            16     16     0%
2025-08-24T20:22:49.9245390Z services/api/errors.py                                        39     39     0%
2025-08-24T20:22:49.9245926Z services/api/logging_config.py                                15     15     0%
2025-08-24T20:22:49.9246426Z services/api/main.py                                         143    143     0%
2025-08-24T20:22:49.9246911Z services/api/models/__init__.py                                0      0   100%
2025-08-24T20:22:49.9247409Z services/api/models/fee.py                                    11     11     0%
2025-08-24T20:22:49.9247917Z services/api/roi_repository.py                                21     21     0%
2025-08-24T20:22:49.9248431Z services/api/routes/__init__.py                                0      0   100%
2025-08-24T20:22:49.9248946Z services/api/routes/health.py                                 19     19     0%
2025-08-24T20:22:49.9249486Z services/api/routes/repository.py                             16     16     0%
2025-08-24T20:22:49.9250012Z services/api/routes/roi.py                                    77     77     0%
2025-08-24T20:22:49.9250962Z services/api/routes/score.py                                  56     56     0%
2025-08-24T20:22:49.9251523Z services/api/routes/stats.py                                  49     49     0%
2025-08-24T20:22:49.9252032Z services/api/security.py                                      10     10     0%
2025-08-24T20:22:49.9252539Z services/api/sentry_config.py                                 65     65     0%
2025-08-24T20:22:49.9253044Z services/common/__init__.py                                    4      0   100%
2025-08-24T20:22:49.9253529Z services/common/base.py                                        3      0   100%
2025-08-24T20:22:49.9254017Z services/common/config.py                                      4      4     0%
2025-08-24T20:22:49.9254497Z services/common/db.py                                         34     34     0%
2025-08-24T20:22:49.9254974Z services/common/db_url.py                                      4      4     0%
2025-08-24T20:22:49.9255417Z services/common/dsn.py                                        49     37    24%
2025-08-24T20:22:49.9255820Z services/common/keepa.py                                       7      4    43%
2025-08-24T20:22:49.9256358Z services/common/llm.py                                        65     65     0%
2025-08-24T20:22:49.9256755Z services/common/models_vendor.py                              24      0   100%
2025-08-24T20:22:49.9257172Z services/common/settings.py                                   20     20     0%
2025-08-24T20:22:49.9257553Z services/db/__init__.py                                        0      0   100%
2025-08-24T20:22:49.9257926Z services/db/utils/__init__.py                                  0      0   100%
2025-08-24T20:22:49.9258318Z services/db/utils/views.py                                     5      5     0%
2025-08-24T20:22:49.9258703Z services/emailer/__init__.py                                   4      4     0%
2025-08-24T20:22:49.9259112Z services/emailer/generate_body.py                              3      3     0%
2025-08-24T20:22:49.9259515Z services/etl/__init__.py                                       9      9     0%
2025-08-24T20:22:49.9259870Z services/etl/db.py                                             2      2     0%
2025-08-24T20:22:49.9260255Z services/etl/dialects/__init__.py                              9      9     0%
2025-08-24T20:22:49.9260875Z services/etl/dialects/amazon_ads_sp_cost.py                   31     31     0%
2025-08-24T20:22:49.9261330Z services/etl/dialects/amazon_fee_preview.py                   30     30     0%
2025-08-24T20:22:49.9261781Z services/etl/dialects/amazon_inventory_ledger.py              28     28     0%
2025-08-24T20:22:49.9262243Z services/etl/dialects/amazon_reimbursements.py                16     16     0%
2025-08-24T20:22:49.9262698Z services/etl/dialects/amazon_returns.py                       16     16     0%
2025-08-24T20:22:49.9263150Z services/etl/dialects/amazon_settlements.py                   27     27     0%
2025-08-24T20:22:49.9263596Z services/etl/dialects/schemas.py                              25     25     0%
2025-08-24T20:22:49.9264035Z services/etl/dialects/test_generic.py                         15     15     0%
2025-08-24T20:22:49.9264466Z services/etl/fba_fee_ingestor.py                              33     33     0%
2025-08-24T20:22:49.9264885Z services/etl/healthcheck.py                                   38     38     0%
2025-08-24T20:22:49.9265298Z services/etl/keepa_ingestor.py                                47     47     0%
2025-08-24T20:22:49.9265712Z services/etl/sp_fees_ingestor.py                              39     39     0%
2025-08-24T20:22:49.9266114Z services/fees_h10/__init__.py                                  0      0   100%
2025-08-24T20:22:49.9266504Z services/fees_h10/client.py                                   12     12     0%
2025-08-24T20:22:49.9266911Z services/fees_h10/repository.py                               39     39     0%
2025-08-24T20:22:49.9267311Z services/fees_h10/worker.py                                   47     47     0%
2025-08-24T20:22:49.9267829Z services/ingest/__init__.py                                    0      0   100%
2025-08-24T20:22:49.9268231Z services/ingest/celery_app.py                                 32     32     0%
2025-08-24T20:22:49.9268641Z services/ingest/copy_loader.py                                57     57     0%
2025-08-24T20:22:49.9269061Z services/ingest/email_watcher.py                              50     50     0%
2025-08-24T20:22:49.9269482Z services/ingest/healthcheck.py                                52     52     0%
2025-08-24T20:22:49.9269902Z services/ingest/ingest_router.py                               8      8     0%
2025-08-24T20:22:49.9270321Z services/ingest/maintenance.py                                31     31     0%
2025-08-24T20:22:49.9270901Z services/ingest/tasks.py                                      56     56     0%
2025-08-24T20:22:49.9271302Z services/ingest/upload_router.py                              22     22     0%
2025-08-24T20:22:49.9271713Z services/llm_server/__init__.py                                0      0   100%
2025-08-24T20:22:49.9272109Z services/llm_server/app.py                                    22     22     0%
2025-08-24T20:22:49.9272631Z services/logistics_etl/__init__.py                             0      0   100%
2025-08-24T20:22:49.9273036Z services/logistics_etl/__main__.py                             7      7     0%
2025-08-24T20:22:49.9273455Z services/logistics_etl/client.py                              20     20     0%
2025-08-24T20:22:49.9273868Z services/logistics_etl/cron.py                                11     11     0%
2025-08-24T20:22:49.9274268Z services/logistics_etl/db.py                                  13     13     0%
2025-08-24T20:22:49.9274658Z services/logistics_etl/dsn.py                                 33     33     0%
2025-08-24T20:22:49.9275072Z services/logistics_etl/flow.py                                14     14     0%
2025-08-24T20:22:49.9275496Z services/logistics_etl/repository.py                          50     50     0%
2025-08-24T20:22:49.9275931Z services/price_importer/__init__.py                            1      1     0%
2025-08-24T20:22:49.9276360Z services/price_importer/common/__init__.py                     2      2     0%
2025-08-24T20:22:49.9276809Z services/price_importer/common/base.py                         2      2     0%
2025-08-24T20:22:49.9277245Z services/price_importer/common/db_url.py                       6      6     0%
2025-08-24T20:22:49.9277684Z services/price_importer/common/models_vendor.py               22     22     0%
2025-08-24T20:22:49.9278128Z services/price_importer/import.py                             21     21     0%
2025-08-24T20:22:49.9278560Z services/price_importer/normaliser.py                         20     20     0%
2025-08-24T20:22:49.9278992Z services/price_importer/reader.py                             30     30     0%
2025-08-24T20:22:49.9279422Z services/price_importer/repository.py                         38     38     0%
2025-08-24T20:22:49.9279869Z services/price_importer/services_common/__init__.py            4      4     0%
2025-08-24T20:22:49.9280323Z services/price_importer/services_common/base.py                3      3     0%
2025-08-24T20:22:49.9280979Z services/price_importer/services_common/db.py                 34     34     0%
2025-08-24T20:22:49.9281440Z services/price_importer/services_common/db_url.py              4      4     0%
2025-08-24T20:22:49.9281896Z services/price_importer/services_common/dsn.py                27     27     0%
2025-08-24T20:22:49.9282345Z services/price_importer/services_common/keepa.py               7      7     0%
2025-08-24T20:22:49.9282797Z services/price_importer/services_common/llm.py                36     36     0%
2025-08-24T20:22:49.9283254Z services/price_importer/services_common/models_vendor.py      22     22     0%
2025-08-24T20:22:49.9283714Z services/price_importer/services_common/settings.py           19     19     0%
2025-08-24T20:22:49.9284143Z services/repricer/__init__.py                                  0      0   100%
2025-08-24T20:22:49.9284678Z services/repricer/app/__init__.py                              0      0   100%
2025-08-24T20:22:49.9285102Z services/repricer/app/deps.py                                  0      0   100%
2025-08-24T20:22:49.9285526Z services/repricer/app/logic.py                                 5      5     0%
2025-08-24T20:22:49.9285947Z services/repricer/app/main.py                                 20     20     0%
2025-08-24T20:22:49.9286372Z services/repricer/app/schemas.py                              10     10     0%
2025-08-24T20:22:49.9286757Z ------------------------------------------------------------------------------
2025-08-24T20:22:49.9287072Z TOTAL                                                       2146   2100     2%
2025-08-24T20:22:50.0324617Z 1 skipped in 0.40s
2025-08-24T20:22:50.1558218Z ##[group]Run actions/upload-artifact@v4
2025-08-24T20:22:50.1558768Z with:
2025-08-24T20:22:50.1559091Z   name: coverage.integration
2025-08-24T20:22:50.1559500Z   path: .coverage
2025-08-24T20:22:50.1559843Z   if-no-files-found: warn
2025-08-24T20:22:50.1560226Z   compression-level: 6
2025-08-24T20:22:50.1560790Z   overwrite: false
2025-08-24T20:22:50.1561449Z   include-hidden-files: false
2025-08-24T20:22:50.1561836Z env:
2025-08-24T20:22:50.1562133Z   PG_USER: postgres
2025-08-24T20:22:50.1562484Z   PG_PASSWORD: pass
2025-08-24T20:22:50.1562817Z   PG_DATABASE: awa
2025-08-24T20:22:50.1563158Z   PG_HOST: localhost
2025-08-24T20:22:50.1563507Z   PG_PORT: 5432
2025-08-24T20:22:50.1564243Z   PG_SYNC_DSN: ***localhost:5432/awa
2025-08-24T20:22:50.1565011Z   PG_ASYNC_DSN: ***localhost:5432/awa
2025-08-24T20:22:50.1565791Z   DATABASE_URL: ***localhost:5432/awa
2025-08-24T20:22:50.1566264Z   DATA_DIR: /tmp/awa-data
2025-08-24T20:22:50.1566658Z   ENABLE_LIVE: 0
2025-08-24T20:22:50.1566997Z   TESTING: 1
2025-08-24T20:22:50.1567424Z   pythonLocation: /opt/hostedtoolcache/Python/3.11.13/x64
2025-08-24T20:22:50.1568141Z   PKG_CONFIG_PATH: /opt/hostedtoolcache/Python/3.11.13/x64/lib/pkgconfig
2025-08-24T20:22:50.1568875Z   Python_ROOT_DIR: /opt/hostedtoolcache/Python/3.11.13/x64
2025-08-24T20:22:50.1569575Z   Python2_ROOT_DIR: /opt/hostedtoolcache/Python/3.11.13/x64
2025-08-24T20:22:50.1570258Z   Python3_ROOT_DIR: /opt/hostedtoolcache/Python/3.11.13/x64
2025-08-24T20:22:50.1571135Z   LD_LIBRARY_PATH: /opt/hostedtoolcache/Python/3.11.13/x64/lib
2025-08-24T20:22:50.1571676Z ##[endgroup]
2025-08-24T20:22:50.3668456Z ##[warning]No files were found with the provided path: .coverage. No artifacts will be uploaded.
2025-08-24T20:22:50.4262980Z Post job cleanup.
2025-08-24T20:22:50.5515496Z Cache hit occurred on the primary key Linux-int-cc13ccef493b9f3a93ad5651164d9fb09282c1111f6f72ce20e0657de16de6b4, not saving cache.
2025-08-24T20:22:50.5598044Z Post job cleanup.
2025-08-24T20:22:50.7066246Z Cache hit occurred on the primary key setup-python-Linux-x64-24.04-Ubuntu-python-3.11.13-pip-cc13ccef493b9f3a93ad5651164d9fb09282c1111f6f72ce20e0657de16de6b4, not saving cache.
2025-08-24T20:22:50.7156420Z Post job cleanup.
2025-08-24T20:22:50.7901762Z [command]/usr/bin/git version
2025-08-24T20:22:50.7938005Z git version 2.51.0
2025-08-24T20:22:50.7972945Z Temporarily overriding HOME='/home/runner/work/_temp/d9543bc4-2d78-46d6-ae97-7c9c81899c3a' before making global git config changes
2025-08-24T20:22:50.7973930Z Adding repository directory to the temporary git global config as a safe directory
2025-08-24T20:22:50.7978283Z [command]/usr/bin/git config --global --add safe.directory /home/runner/work/AWA-App/AWA-App
2025-08-24T20:22:50.8012376Z [command]/usr/bin/git config --local --name-only --get-regexp core\.sshCommand
2025-08-24T20:22:50.8043653Z [command]/usr/bin/git submodule foreach --recursive sh -c "git config --local --name-only --get-regexp 'core\.sshCommand' && git config --local --unset-all 'core.sshCommand' || :"
2025-08-24T20:22:50.8268680Z [command]/usr/bin/git config --local --name-only --get-regexp http\.https\:\/\/github\.com\/\.extraheader
2025-08-24T20:22:50.8289819Z http.https://github.com/.extraheader
2025-08-24T20:22:50.8299585Z [command]/usr/bin/git config --local --unset-all http.https://github.com/.extraheader
2025-08-24T20:22:50.8329959Z [command]/usr/bin/git submodule foreach --recursive sh -c "git config --local --name-only --get-regexp 'http\.https\:\/\/github\.com\/\.extraheader' && git config --local --unset-all 'http.https://github.com/.extraheader' || :"
2025-08-24T20:22:50.8644477Z Print service container logs: 557057639a494aeb84ade4edd059966c_postgres15_0e4a54
2025-08-24T20:22:50.8649227Z ##[command]/usr/bin/docker logs --details 756ef8bd38c2b94dfd6141c72c02dbe9a3187ca66b1d15612e0bc6f65d17dd94
2025-08-24T20:22:50.8878538Z  The files belonging to this database system will be owned by user "postgres".
2025-08-24T20:22:50.8881644Z  initdb: warning: enabling "trust" authentication for local connections
2025-08-24T20:22:50.8882312Z  This user must also own the server process.
2025-08-24T20:22:50.8882682Z  
2025-08-24T20:22:50.8882993Z  The database cluster will be initialized with locale "en_US.utf8".
2025-08-24T20:22:50.8883473Z  The default database encoding has accordingly been set to "UTF8".
2025-08-24T20:22:50.8883925Z  The default text search configuration will be set to "english".
2025-08-24T20:22:50.8884523Z  
2025-08-24T20:22:50.8884732Z  Data page checksums are disabled.
2025-08-24T20:22:50.8885002Z  
2025-08-24T20:22:50.8885346Z  fixing permissions on existing directory /var/lib/postgresql/data ... ok
2025-08-24T20:22:50.8885763Z  creating subdirectories ... ok
2025-08-24T20:22:50.8886096Z  selecting dynamic shared memory implementation ... posix
2025-08-24T20:22:50.8886470Z  selecting default max_connections ... 100
2025-08-24T20:22:50.8886784Z  selecting default shared_buffers ... 128MB
2025-08-24T20:22:50.8887100Z  selecting default time zone ... Etc/UTC
2025-08-24T20:22:50.8887400Z  creating configuration files ... ok
2025-08-24T20:22:50.8887692Z  running bootstrap script ... ok
2025-08-24T20:22:50.8888009Z  performing post-bootstrap initialization ... ok
2025-08-24T20:22:50.8888340Z  syncing data to disk ... ok
2025-08-24T20:22:50.8888575Z  
2025-08-24T20:22:50.8888744Z  
2025-08-24T20:22:50.8888975Z  Success. You can now start the database server using:
2025-08-24T20:22:50.8889288Z  
2025-08-24T20:22:50.8889529Z      pg_ctl -D /var/lib/postgresql/data -l logfile start
2025-08-24T20:22:50.8889841Z  
2025-08-24T20:22:50.8890471Z  waiting for server to start....2025-08-24 20:21:42.096 UTC [49] LOG:  starting PostgreSQL 15.14 (Debian 15.14-1.pgdg13+1) on x86_64-pc-linux-gnu, compiled by gcc (Debian 14.2.0-19) 14.2.0, 64-bit
2025-08-24T20:22:50.8891549Z  2025-08-24 20:21:42.097 UTC [49] LOG:  listening on Unix socket "/var/run/postgresql/.s.PGSQL.5432"
2025-08-24T20:22:50.8892106Z  2025-08-24 20:21:42.099 UTC [52] LOG:  database system was shut down at 2025-08-24 20:21:42 UTC
2025-08-24T20:22:50.8892608Z  2025-08-24 20:21:42.103 UTC [49] LOG:  database system is ready to accept connections
2025-08-24T20:22:50.8892975Z   done
2025-08-24T20:22:50.8893194Z  server started
2025-08-24T20:22:50.8893673Z  CREATE DATABASE
2025-08-24T20:22:50.8893968Z  
2025-08-24T20:22:50.8894230Z  
2025-08-24T20:22:50.8894745Z  /usr/local/bin/docker-entrypoint.sh: ignoring /docker-entrypoint-initdb.d/*
2025-08-24T20:22:50.8895235Z  
2025-08-24T20:22:50.8895654Z  2025-08-24 20:21:42.281 UTC [49] LOG:  received fast shutdown request
2025-08-24T20:22:50.8896185Z  waiting for server to shut down....2025-08-24 20:21:42.282 UTC [49] LOG:  aborting any active transactions
2025-08-24T20:22:50.8896787Z  2025-08-24 20:21:42.283 UTC [49] LOG:  background worker "logical replication launcher" (PID 55) exited with exit code 1
2025-08-24T20:22:50.8897253Z  2025-08-24 20:21:42.283 UTC [50] LOG:  shutting down
2025-08-24T20:22:50.8897602Z  2025-08-24 20:21:42.284 UTC [50] LOG:  checkpoint starting: shutdown immediate
2025-08-24T20:22:50.8898440Z  2025-08-24 20:21:42.300 UTC [50] LOG:  checkpoint complete: wrote 922 buffers (5.6%); 0 WAL file(s) added, 0 removed, 0 recycled; write=0.013 s, sync=0.002 s, total=0.017 s; sync files=301, longest=0.001 s, average=0.001 s; distance=4239 kB, estimate=4239 kB
2025-08-24T20:22:50.8899243Z  2025-08-24 20:21:42.306 UTC [49] LOG:  database system is shut down
2025-08-24T20:22:50.8899539Z   done
2025-08-24T20:22:50.8899708Z  server stopped
2025-08-24T20:22:50.8899893Z  
2025-08-24T20:22:50.8900121Z  PostgreSQL init process complete; ready for start up.
2025-08-24T20:22:50.8900835Z  
2025-08-24T20:22:50.8901361Z  initdb: hint: You can change this by editing pg_hba.conf or using the option -A, or --auth-local and --auth-host, the next time you run initdb.
2025-08-24T20:22:50.8902177Z  2025-08-24 20:21:42.400 UTC [1] LOG:  starting PostgreSQL 15.14 (Debian 15.14-1.pgdg13+1) on x86_64-pc-linux-gnu, compiled by gcc (Debian 14.2.0-19) 14.2.0, 64-bit
2025-08-24T20:22:50.8902789Z  2025-08-24 20:21:42.400 UTC [1] LOG:  listening on IPv4 address "0.0.0.0", port 5432
2025-08-24T20:22:50.8903211Z  2025-08-24 20:21:42.400 UTC [1] LOG:  listening on IPv6 address "::", port 5432
2025-08-24T20:22:50.8903664Z  2025-08-24 20:21:42.401 UTC [1] LOG:  listening on Unix socket "/var/run/postgresql/.s.PGSQL.5432"
2025-08-24T20:22:50.8904153Z  2025-08-24 20:21:42.404 UTC [65] LOG:  database system was shut down at 2025-08-24 20:21:42 UTC
2025-08-24T20:22:50.8904753Z  2025-08-24 20:21:42.407 UTC [1] LOG:  database system is ready to accept connections
2025-08-24T20:22:50.8910241Z Stop and remove container: 557057639a494aeb84ade4edd059966c_postgres15_0e4a54
2025-08-24T20:22:50.8914923Z ##[command]/usr/bin/docker rm --force 756ef8bd38c2b94dfd6141c72c02dbe9a3187ca66b1d15612e0bc6f65d17dd94
2025-08-24T20:22:51.9631534Z 756ef8bd38c2b94dfd6141c72c02dbe9a3187ca66b1d15612e0bc6f65d17dd94
2025-08-24T20:22:51.9658646Z Remove container network: github_network_c2ea64b78197433ea4a0b5ac45548d3c
2025-08-24T20:22:51.9663226Z ##[command]/usr/bin/docker network rm github_network_c2ea64b78197433ea4a0b5ac45548d3c
2025-08-24T20:22:52.0823705Z github_network_c2ea64b78197433ea4a0b5ac45548d3c
2025-08-24T20:22:52.0877901Z Cleaning up orphan processes
