2025-08-19T15:52:29.8484674Z Current runner version: '2.327.1'
2025-08-19T15:52:29.8510907Z ##[group]Runner Image Provisioner
2025-08-19T15:52:29.8511694Z Hosted Compute Agent
2025-08-19T15:52:29.8512494Z Version: 20250818.377
2025-08-19T15:52:29.8513221Z Commit: 3c593e9f75fe0b87e893bca80d6e12ba089c61fc
2025-08-19T15:52:29.8513927Z Build Date: 2025-08-18T14:52:18Z
2025-08-19T15:52:29.8514582Z ##[endgroup]
2025-08-19T15:52:29.8515161Z ##[group]Operating System
2025-08-19T15:52:29.8515758Z Ubuntu
2025-08-19T15:52:29.8516245Z 24.04.2
2025-08-19T15:52:29.8516729Z LTS
2025-08-19T15:52:29.8517153Z ##[endgroup]
2025-08-19T15:52:29.8517680Z ##[group]Runner Image
2025-08-19T15:52:29.8518219Z Image: ubuntu-24.04
2025-08-19T15:52:29.8518771Z Version: 20250810.1.0
2025-08-19T15:52:29.8519716Z Included Software: https://github.com/actions/runner-images/blob/ubuntu24/20250810.1/images/ubuntu/Ubuntu2404-Readme.md
2025-08-19T15:52:29.8521332Z Image Release: https://github.com/actions/runner-images/releases/tag/ubuntu24%2F20250810.1
2025-08-19T15:52:29.8522469Z ##[endgroup]
2025-08-19T15:52:29.8524841Z ##[group]GITHUB_TOKEN Permissions
2025-08-19T15:52:29.8527544Z Actions: read
2025-08-19T15:52:29.8528157Z Attestations: read
2025-08-19T15:52:29.8528643Z Checks: read
2025-08-19T15:52:29.8529173Z Contents: read
2025-08-19T15:52:29.8529656Z Deployments: read
2025-08-19T15:52:29.8530168Z Discussions: read
2025-08-19T15:52:29.8530657Z Issues: read
2025-08-19T15:52:29.8531206Z Metadata: read
2025-08-19T15:52:29.8531708Z Models: read
2025-08-19T15:52:29.8532155Z Packages: read
2025-08-19T15:52:29.8533066Z Pages: read
2025-08-19T15:52:29.8533543Z PullRequests: read
2025-08-19T15:52:29.8534103Z RepositoryProjects: read
2025-08-19T15:52:29.8534701Z SecurityEvents: read
2025-08-19T15:52:29.8535331Z Statuses: read
2025-08-19T15:52:29.8535802Z ##[endgroup]
2025-08-19T15:52:29.8538363Z Secret source: Dependabot
2025-08-19T15:52:29.8539320Z Prepare workflow directory
2025-08-19T15:52:29.8957150Z Prepare all required actions
2025-08-19T15:52:29.8995043Z Getting action download info
2025-08-19T15:52:30.2280757Z Download action repository 'actions/checkout@v4' (SHA:08eba0b27e820071cde6df949e0beb9ba4906955)
2025-08-19T15:52:30.5322181Z Download action repository 'actions/setup-python@v5' (SHA:a26af69be951a213d495a4c3e4e4022e16d87065)
2025-08-19T15:52:30.8378791Z Download action repository 'actions/cache@v4' (SHA:0400d5f644dc74513175e3cd8d07132dd4860809)
2025-08-19T15:52:31.1450887Z Download action repository 'actions/upload-artifact@v4' (SHA:ea165f8d65b6e75b540449e92b4886f43607fa02)
2025-08-19T15:52:31.3649238Z Complete job name: integration-db
2025-08-19T15:52:31.4199123Z ##[group]Checking docker version
2025-08-19T15:52:31.4213374Z ##[command]/usr/bin/docker version --format '{{.Server.APIVersion}}'
2025-08-19T15:52:31.5116197Z '1.48'
2025-08-19T15:52:31.5130017Z Docker daemon API version: '1.48'
2025-08-19T15:52:31.5131401Z ##[command]/usr/bin/docker version --format '{{.Client.APIVersion}}'
2025-08-19T15:52:31.5297435Z '1.48'
2025-08-19T15:52:31.5309668Z Docker client API version: '1.48'
2025-08-19T15:52:31.5316228Z ##[endgroup]
2025-08-19T15:52:31.5319505Z ##[group]Clean up resources from previous jobs
2025-08-19T15:52:31.5326198Z ##[command]/usr/bin/docker ps --all --quiet --no-trunc --filter "label=93a349"
2025-08-19T15:52:31.5471348Z ##[command]/usr/bin/docker network prune --force --filter "label=93a349"
2025-08-19T15:52:31.5609994Z ##[endgroup]
2025-08-19T15:52:31.5610874Z ##[group]Create local container network
2025-08-19T15:52:31.5622638Z ##[command]/usr/bin/docker network create --label 93a349 github_network_963c00a8b4424519953ca1bab94b5459
2025-08-19T15:52:31.6197277Z 191a7ac54ace4e4ae99bb9bc5d50eb2cdb0a68a4aede85ddcd53f5c52a7a1f7c
2025-08-19T15:52:31.6218165Z ##[endgroup]
2025-08-19T15:52:31.6244165Z ##[group]Starting postgres service container
2025-08-19T15:52:31.6264277Z ##[command]/usr/bin/docker pull postgres:15
2025-08-19T15:52:31.9342990Z 15: Pulling from library/postgres
2025-08-19T15:52:32.0168288Z 396b1da7636e: Pulling fs layer
2025-08-19T15:52:32.0171139Z fca2566eba32: Pulling fs layer
2025-08-19T15:52:32.0173114Z 631fe8c6d606: Pulling fs layer
2025-08-19T15:52:32.0174673Z 77c7671c4414: Pulling fs layer
2025-08-19T15:52:32.0176211Z 2d9e29180a27: Pulling fs layer
2025-08-19T15:52:32.0177719Z c6bcc2c9a041: Pulling fs layer
2025-08-19T15:52:32.0179071Z ac4b721eb66f: Pulling fs layer
2025-08-19T15:52:32.0180007Z 606bd164980e: Pulling fs layer
2025-08-19T15:52:32.0181197Z f5dfd246bc6e: Pulling fs layer
2025-08-19T15:52:32.0182136Z ba7036bb0a60: Pulling fs layer
2025-08-19T15:52:32.0183278Z 799f859abbbd: Pulling fs layer
2025-08-19T15:52:32.0184247Z d903e777080c: Pulling fs layer
2025-08-19T15:52:32.0185164Z 04adcb462801: Pulling fs layer
2025-08-19T15:52:32.0186086Z 5c10925b29ff: Pulling fs layer
2025-08-19T15:52:32.0186972Z f5dfd246bc6e: Waiting
2025-08-19T15:52:32.0187757Z 77c7671c4414: Waiting
2025-08-19T15:52:32.0188534Z ba7036bb0a60: Waiting
2025-08-19T15:52:32.0189330Z 799f859abbbd: Waiting
2025-08-19T15:52:32.0190127Z c6bcc2c9a041: Waiting
2025-08-19T15:52:32.0190928Z 606bd164980e: Waiting
2025-08-19T15:52:32.0191717Z ac4b721eb66f: Waiting
2025-08-19T15:52:32.0192670Z d903e777080c: Waiting
2025-08-19T15:52:32.0193458Z 5c10925b29ff: Waiting
2025-08-19T15:52:32.0194234Z 04adcb462801: Waiting
2025-08-19T15:52:32.0990822Z fca2566eba32: Verifying Checksum
2025-08-19T15:52:32.0992510Z fca2566eba32: Download complete
2025-08-19T15:52:32.2067287Z 77c7671c4414: Verifying Checksum
2025-08-19T15:52:32.2069441Z 77c7671c4414: Download complete
2025-08-19T15:52:32.3257859Z 631fe8c6d606: Verifying Checksum
2025-08-19T15:52:32.3259343Z 631fe8c6d606: Download complete
2025-08-19T15:52:32.3919216Z 396b1da7636e: Verifying Checksum
2025-08-19T15:52:32.3922447Z 396b1da7636e: Download complete
2025-08-19T15:52:32.4365531Z c6bcc2c9a041: Verifying Checksum
2025-08-19T15:52:32.4367187Z c6bcc2c9a041: Download complete
2025-08-19T15:52:32.4368212Z 2d9e29180a27: Download complete
2025-08-19T15:52:32.5003098Z ac4b721eb66f: Verifying Checksum
2025-08-19T15:52:32.5005123Z ac4b721eb66f: Download complete
2025-08-19T15:52:32.5047174Z 606bd164980e: Verifying Checksum
2025-08-19T15:52:32.5054508Z 606bd164980e: Download complete
2025-08-19T15:52:32.5914936Z 799f859abbbd: Verifying Checksum
2025-08-19T15:52:32.5919872Z 799f859abbbd: Download complete
2025-08-19T15:52:32.5998041Z ba7036bb0a60: Verifying Checksum
2025-08-19T15:52:32.6000442Z ba7036bb0a60: Download complete
2025-08-19T15:52:32.6847701Z 04adcb462801: Verifying Checksum
2025-08-19T15:52:32.6849640Z 04adcb462801: Download complete
2025-08-19T15:52:32.6945155Z d903e777080c: Download complete
2025-08-19T15:52:32.7703869Z 5c10925b29ff: Verifying Checksum
2025-08-19T15:52:32.7705504Z 5c10925b29ff: Download complete
2025-08-19T15:52:33.4365017Z 396b1da7636e: Pull complete
2025-08-19T15:52:34.3977000Z fca2566eba32: Pull complete
2025-08-19T15:52:34.5933483Z 631fe8c6d606: Pull complete
2025-08-19T15:52:34.6412804Z 77c7671c4414: Pull complete
2025-08-19T15:52:34.8685259Z f5dfd246bc6e: Verifying Checksum
2025-08-19T15:52:34.8685952Z f5dfd246bc6e: Download complete
2025-08-19T15:52:34.9574270Z 2d9e29180a27: Pull complete
2025-08-19T15:52:35.0391655Z c6bcc2c9a041: Pull complete
2025-08-19T15:52:35.0575183Z ac4b721eb66f: Pull complete
2025-08-19T15:52:35.0690808Z 606bd164980e: Pull complete
2025-08-19T15:52:38.0000812Z f5dfd246bc6e: Pull complete
2025-08-19T15:52:38.0184964Z ba7036bb0a60: Pull complete
2025-08-19T15:52:38.0320447Z 799f859abbbd: Pull complete
2025-08-19T15:52:38.0434417Z d903e777080c: Pull complete
2025-08-19T15:52:38.0579014Z 04adcb462801: Pull complete
2025-08-19T15:52:38.0698706Z 5c10925b29ff: Pull complete
2025-08-19T15:52:38.0756921Z Digest: sha256:bc51cf4f1fe02cce7ed2370b20128a9b00b4eb804573a77d2a0d877aaa9c82b1
2025-08-19T15:52:38.0771265Z Status: Downloaded newer image for postgres:15
2025-08-19T15:52:38.0781247Z docker.io/library/postgres:15
2025-08-19T15:52:38.0843819Z ##[command]/usr/bin/docker create --name 7e7d638e684641bca9aca3e52c12f14c_postgres15_2268d6 --label 93a349 --network github_network_963c00a8b4424519953ca1bab94b5459 --network-alias postgres -p 5432:5432 --health-cmd="pg_isready -U postgres -d awa" --health-interval=5s --health-timeout=5s --health-retries=10 -e "POSTGRES_USER=postgres" -e "POSTGRES_PASSWORD=pass" -e "POSTGRES_DB=awa" -e GITHUB_ACTIONS=true -e CI=true postgres:15
2025-08-19T15:52:38.1111934Z ac282ee823e673b9cb19f091c1626298dec9297b495e7085d68b492fef911d5a
2025-08-19T15:52:38.1136100Z ##[command]/usr/bin/docker start ac282ee823e673b9cb19f091c1626298dec9297b495e7085d68b492fef911d5a
2025-08-19T15:52:38.3358037Z ac282ee823e673b9cb19f091c1626298dec9297b495e7085d68b492fef911d5a
2025-08-19T15:52:38.3383610Z ##[command]/usr/bin/docker ps --all --filter id=ac282ee823e673b9cb19f091c1626298dec9297b495e7085d68b492fef911d5a --filter status=running --no-trunc --format "{{.ID}} {{.Status}}"
2025-08-19T15:52:38.3510932Z ac282ee823e673b9cb19f091c1626298dec9297b495e7085d68b492fef911d5a Up Less than a second (health: starting)
2025-08-19T15:52:38.3536612Z ##[command]/usr/bin/docker port ac282ee823e673b9cb19f091c1626298dec9297b495e7085d68b492fef911d5a
2025-08-19T15:52:38.3667192Z 5432/tcp -> 0.0.0.0:5432
2025-08-19T15:52:38.3669319Z 5432/tcp -> [::]:5432
2025-08-19T15:52:38.3726403Z ##[endgroup]
2025-08-19T15:52:38.3738326Z ##[group]Waiting for all services to be ready
2025-08-19T15:52:38.3756809Z ##[command]/usr/bin/docker inspect --format="{{if .Config.Healthcheck}}{{print .State.Health.Status}}{{end}}" ac282ee823e673b9cb19f091c1626298dec9297b495e7085d68b492fef911d5a
2025-08-19T15:52:38.3887872Z starting
2025-08-19T15:52:38.3913619Z postgres service is starting, waiting 2 seconds before checking again.
2025-08-19T15:52:40.3924235Z ##[command]/usr/bin/docker inspect --format="{{if .Config.Healthcheck}}{{print .State.Health.Status}}{{end}}" ac282ee823e673b9cb19f091c1626298dec9297b495e7085d68b492fef911d5a
2025-08-19T15:52:40.4050634Z starting
2025-08-19T15:52:40.4064547Z postgres service is starting, waiting 3 seconds before checking again.
2025-08-19T15:52:44.0322956Z ##[command]/usr/bin/docker inspect --format="{{if .Config.Healthcheck}}{{print .State.Health.Status}}{{end}}" ac282ee823e673b9cb19f091c1626298dec9297b495e7085d68b492fef911d5a
2025-08-19T15:52:44.0443413Z healthy
2025-08-19T15:52:44.0461241Z postgres service is healthy.
2025-08-19T15:52:44.0462085Z ##[endgroup]
2025-08-19T15:52:44.0784044Z ##[group]Run actions/checkout@v4
2025-08-19T15:52:44.0784571Z with:
2025-08-19T15:52:44.0784760Z   fetch-depth: 0
2025-08-19T15:52:44.0784968Z   repository: AlexBomber12/AWA-App
2025-08-19T15:52:44.0785392Z   token: ***
2025-08-19T15:52:44.0785573Z   ssh-strict: true
2025-08-19T15:52:44.0785751Z   ssh-user: git
2025-08-19T15:52:44.0785939Z   persist-credentials: true
2025-08-19T15:52:44.0786167Z   clean: true
2025-08-19T15:52:44.0786355Z   sparse-checkout-cone-mode: true
2025-08-19T15:52:44.0786580Z   fetch-tags: false
2025-08-19T15:52:44.0786765Z   show-progress: true
2025-08-19T15:52:44.0786939Z   lfs: false
2025-08-19T15:52:44.0787099Z   submodules: false
2025-08-19T15:52:44.0787276Z   set-safe-directory: true
2025-08-19T15:52:44.0787686Z ##[endgroup]
2025-08-19T15:52:44.1868655Z Syncing repository: AlexBomber12/AWA-App
2025-08-19T15:52:44.1870023Z ##[group]Getting Git version info
2025-08-19T15:52:44.1870414Z Working directory is '/home/runner/work/AWA-App/AWA-App'
2025-08-19T15:52:44.1871023Z [command]/usr/bin/git version
2025-08-19T15:52:44.1901949Z git version 2.50.1
2025-08-19T15:52:44.1929050Z ##[endgroup]
2025-08-19T15:52:44.1945908Z Temporarily overriding HOME='/home/runner/work/_temp/813c824d-f0b0-4333-9b57-fdd172841cbf' before making global git config changes
2025-08-19T15:52:44.1947210Z Adding repository directory to the temporary git global config as a safe directory
2025-08-19T15:52:44.1952541Z [command]/usr/bin/git config --global --add safe.directory /home/runner/work/AWA-App/AWA-App
2025-08-19T15:52:44.1988137Z Deleting the contents of '/home/runner/work/AWA-App/AWA-App'
2025-08-19T15:52:44.1991617Z ##[group]Initializing the repository
2025-08-19T15:52:44.1996154Z [command]/usr/bin/git init /home/runner/work/AWA-App/AWA-App
2025-08-19T15:52:44.2053232Z hint: Using 'master' as the name for the initial branch. This default branch name
2025-08-19T15:52:44.2054108Z hint: is subject to change. To configure the initial branch name to use in all
2025-08-19T15:52:44.2054974Z hint: of your new repositories, which will suppress this warning, call:
2025-08-19T15:52:44.2055584Z hint:
2025-08-19T15:52:44.2055916Z hint: 	git config --global init.defaultBranch <name>
2025-08-19T15:52:44.2056200Z hint:
2025-08-19T15:52:44.2056493Z hint: Names commonly chosen instead of 'master' are 'main', 'trunk' and
2025-08-19T15:52:44.2057148Z hint: 'development'. The just-created branch can be renamed via this command:
2025-08-19T15:52:44.2057790Z hint:
2025-08-19T15:52:44.2058116Z hint: 	git branch -m <name>
2025-08-19T15:52:44.2058506Z hint:
2025-08-19T15:52:44.2059043Z hint: Disable this message with "git config set advice.defaultBranchName false"
2025-08-19T15:52:44.2059977Z Initialized empty Git repository in /home/runner/work/AWA-App/AWA-App/.git/
2025-08-19T15:52:44.2068624Z [command]/usr/bin/git remote add origin https://github.com/AlexBomber12/AWA-App
2025-08-19T15:52:44.2100118Z ##[endgroup]
2025-08-19T15:52:44.2100742Z ##[group]Disabling automatic garbage collection
2025-08-19T15:52:44.2105403Z [command]/usr/bin/git config --local gc.auto 0
2025-08-19T15:52:44.2133611Z ##[endgroup]
2025-08-19T15:52:44.2134198Z ##[group]Setting up auth
2025-08-19T15:52:44.2141237Z [command]/usr/bin/git config --local --name-only --get-regexp core\.sshCommand
2025-08-19T15:52:44.2171935Z [command]/usr/bin/git submodule foreach --recursive sh -c "git config --local --name-only --get-regexp 'core\.sshCommand' && git config --local --unset-all 'core.sshCommand' || :"
2025-08-19T15:52:44.2437763Z [command]/usr/bin/git config --local --name-only --get-regexp http\.https\:\/\/github\.com\/\.extraheader
2025-08-19T15:52:44.2470797Z [command]/usr/bin/git submodule foreach --recursive sh -c "git config --local --name-only --get-regexp 'http\.https\:\/\/github\.com\/\.extraheader' && git config --local --unset-all 'http.https://github.com/.extraheader' || :"
2025-08-19T15:52:44.2694434Z [command]/usr/bin/git config --local http.https://github.com/.extraheader AUTHORIZATION: basic ***
2025-08-19T15:52:44.2732804Z ##[endgroup]
2025-08-19T15:52:44.2733529Z ##[group]Fetching the repository
2025-08-19T15:52:44.2742529Z [command]/usr/bin/git -c protocol.version=2 fetch --prune --no-recurse-submodules origin +refs/heads/*:refs/remotes/origin/* +refs/tags/*:refs/tags/* +88fe64e24f9ef03344535f15b7db81bedf2782bb:refs/remotes/pull/282/merge
2025-08-19T15:52:46.1448907Z From https://github.com/AlexBomber12/AWA-App
2025-08-19T15:52:46.1450110Z  * [new branch]        codex/analyze-ci-logs-and-implement-fixes -> origin/codex/analyze-ci-logs-and-implement-fixes
2025-08-19T15:52:46.1451362Z  * [new branch]        codex/fix-ci-workflows-based-on-logs     -> origin/codex/fix-ci-workflows-based-on-logs
2025-08-19T15:52:46.1454928Z  * [new branch]        codex/fix-ci-workflows-based-on-logs-analysis -> origin/codex/fix-ci-workflows-based-on-logs-analysis
2025-08-19T15:52:46.1456510Z  * [new branch]        codex/fix-ci-workflows-based-on-logs-analysis-mu9c9o -> origin/codex/fix-ci-workflows-based-on-logs-analysis-mu9c9o
2025-08-19T15:52:46.1457432Z  * [new branch]        codex/fix-ci-workflows-for-green-status  -> origin/codex/fix-ci-workflows-for-green-status
2025-08-19T15:52:46.1458552Z  * [new branch]        codex/implement-ingest/etl-tests-pr#2    -> origin/codex/implement-ingest/etl-tests-pr#2
2025-08-19T15:52:46.1461811Z  * [new branch]        codex/implement-pr#3-api-roi-filters-and-/score-endpoint -> origin/codex/implement-pr#3-api-roi-filters-and-/score-endpoint
2025-08-19T15:52:46.1463816Z  * [new branch]        codex/implement-targeted-ci-fixes-for-green-builds -> origin/codex/implement-targeted-ci-fixes-for-green-builds
2025-08-19T15:52:46.1466065Z  * [new branch]        codex/implement-targeted-fixes-for-ci-workflows -> origin/codex/implement-targeted-fixes-for-ci-workflows
2025-08-19T15:52:46.1468371Z  * [new branch]        codex/implement-testing-infrastructure-updates -> origin/codex/implement-testing-infrastructure-updates
2025-08-19T15:52:46.1471783Z  * [new branch]        dependabot/pip/types-requests-2.32.4.20250809 -> origin/dependabot/pip/types-requests-2.32.4.20250809
2025-08-19T15:52:46.1473427Z  * [new branch]        gh-pages                                 -> origin/gh-pages
2025-08-19T15:52:46.1475450Z  * [new branch]        main                                     -> origin/main
2025-08-19T15:52:46.1476975Z  * [new tag]           0.3.0                                    -> 0.3.0
2025-08-19T15:52:46.1480294Z  * [new ref]           88fe64e24f9ef03344535f15b7db81bedf2782bb -> pull/282/merge
2025-08-19T15:52:46.1511635Z ##[endgroup]
2025-08-19T15:52:46.1512475Z ##[group]Determining the checkout info
2025-08-19T15:52:46.1513275Z ##[endgroup]
2025-08-19T15:52:46.1518655Z [command]/usr/bin/git sparse-checkout disable
2025-08-19T15:52:46.1560590Z [command]/usr/bin/git config --local --unset-all extensions.worktreeConfig
2025-08-19T15:52:46.1586818Z ##[group]Checking out the ref
2025-08-19T15:52:46.1590421Z [command]/usr/bin/git checkout --progress --force refs/remotes/pull/282/merge
2025-08-19T15:52:46.2031917Z Note: switching to 'refs/remotes/pull/282/merge'.
2025-08-19T15:52:46.2032558Z 
2025-08-19T15:52:46.2032875Z You are in 'detached HEAD' state. You can look around, make experimental
2025-08-19T15:52:46.2033614Z changes and commit them, and you can discard any commits you make in this
2025-08-19T15:52:46.2034312Z state without impacting any branches by switching back to a branch.
2025-08-19T15:52:46.2034732Z 
2025-08-19T15:52:46.2035007Z If you want to create a new branch to retain commits you create, you may
2025-08-19T15:52:46.2035692Z do so (now or later) by using -c with the switch command. Example:
2025-08-19T15:52:46.2036070Z 
2025-08-19T15:52:46.2036261Z   git switch -c <new-branch-name>
2025-08-19T15:52:46.2036575Z 
2025-08-19T15:52:46.2036717Z Or undo this operation with:
2025-08-19T15:52:46.2036977Z 
2025-08-19T15:52:46.2037100Z   git switch -
2025-08-19T15:52:46.2037269Z 
2025-08-19T15:52:46.2037580Z Turn off this advice by setting config variable advice.detachedHead to false
2025-08-19T15:52:46.2038040Z 
2025-08-19T15:52:46.2038841Z HEAD is now at 88fe64e2 Merge f284555e8430dbbd17a600189f0693104b945672 into e963b126870c14b368d2ea9511b1fe59ed6049cd
2025-08-19T15:52:46.2047584Z ##[endgroup]
2025-08-19T15:52:46.2089266Z [command]/usr/bin/git log -1 --format=%H
2025-08-19T15:52:46.2111088Z 88fe64e24f9ef03344535f15b7db81bedf2782bb
2025-08-19T15:52:46.2266907Z ##[group]Run cat .env.ci >> "$GITHUB_ENV"
2025-08-19T15:52:46.2267260Z [36;1mcat .env.ci >> "$GITHUB_ENV"[0m
2025-08-19T15:52:46.2267961Z [36;1mecho "DATABASE_URL=***localhost:5432/awa" >> "$GITHUB_ENV"[0m
2025-08-19T15:52:46.2268317Z [36;1mecho "PG_HOST=localhost" >> "$GITHUB_ENV"[0m
2025-08-19T15:52:46.2268613Z [36;1mecho "PG_PORT=5432" >> "$GITHUB_ENV"[0m
2025-08-19T15:52:46.2268895Z [36;1mecho "PG_USER=postgres" >> "$GITHUB_ENV"[0m
2025-08-19T15:52:46.2269189Z [36;1mecho "PG_PASSWORD=pass" >> "$GITHUB_ENV"[0m
2025-08-19T15:52:46.2269481Z [36;1mecho "PG_DATABASE=awa" >> "$GITHUB_ENV"[0m
2025-08-19T15:52:46.2269756Z [36;1mecho "TESTING=1" >> "$GITHUB_ENV"[0m
2025-08-19T15:52:46.2314176Z shell: /usr/bin/bash -e {0}
2025-08-19T15:52:46.2314421Z ##[endgroup]
2025-08-19T15:52:46.2485507Z ##[group]Run actions/setup-python@v5
2025-08-19T15:52:46.2485762Z with:
2025-08-19T15:52:46.2485934Z   python-version: 3.11
2025-08-19T15:52:46.2486124Z   cache: pip
2025-08-19T15:52:46.2486341Z   cache-dependency-path: requirements-dev.txt

2025-08-19T15:52:46.2486611Z   check-latest: false
2025-08-19T15:52:46.2486915Z   token: ***
2025-08-19T15:52:46.2487106Z   update-environment: true
2025-08-19T15:52:46.2487325Z   allow-prereleases: false
2025-08-19T15:52:46.2487532Z   freethreaded: false
2025-08-19T15:52:46.2487707Z env:
2025-08-19T15:52:46.2487868Z   PG_USER: postgres
2025-08-19T15:52:46.2488045Z   PG_PASSWORD: pass
2025-08-19T15:52:46.2488393Z   PG_DATABASE: awa
2025-08-19T15:52:46.2488565Z   PG_HOST: localhost
2025-08-19T15:52:46.2488745Z   PG_PORT: 5432
2025-08-19T15:52:46.2489135Z   PG_SYNC_DSN: ***localhost:5432/awa
2025-08-19T15:52:46.2489603Z   PG_ASYNC_DSN: ***localhost:5432/awa
2025-08-19T15:52:46.2490025Z   DATABASE_URL: ***localhost:5432/awa
2025-08-19T15:52:46.2490294Z   DATA_DIR: /tmp/awa-data
2025-08-19T15:52:46.2490491Z   ENABLE_LIVE: 0
2025-08-19T15:52:46.2490666Z   TESTING: 1
2025-08-19T15:52:46.2490827Z ##[endgroup]
2025-08-19T15:52:46.4152957Z ##[group]Installed versions
2025-08-19T15:52:46.4261172Z Successfully set up CPython (3.11.13)
2025-08-19T15:52:46.4261858Z ##[endgroup]
2025-08-19T15:52:46.4656097Z [command]/opt/hostedtoolcache/Python/3.11.13/x64/bin/pip cache dir
2025-08-19T15:52:47.8555627Z /home/runner/.cache/pip
2025-08-19T15:52:47.9909150Z Cache hit for: setup-python-Linux-x64-24.04-Ubuntu-python-3.11.13-pip-29fc3204f837bce43d81586a404709764a9accd1f738d0c33a52a32bf7a0c312
2025-08-19T15:52:49.0475427Z Received 226492416 of 271484255 (83.4%), 214.9 MBs/sec
2025-08-19T15:52:49.3456651Z Received 271484255 of 271484255 (100.0%), 198.7 MBs/sec
2025-08-19T15:52:49.3458841Z Cache Size: ~259 MB (271484255 B)
2025-08-19T15:52:49.3504562Z [command]/usr/bin/tar -xf /home/runner/work/_temp/86511766-a005-4359-8c7c-65dce5ea3fd1/cache.tzst -P -C /home/runner/work/AWA-App/AWA-App --use-compress-program unzstd
2025-08-19T15:52:49.7934181Z Cache restored successfully
2025-08-19T15:52:49.8432931Z Cache restored from key: setup-python-Linux-x64-24.04-Ubuntu-python-3.11.13-pip-5c3d480d6175935105d05087e2095fdd6d5a07314b4edbb51e23097b8cb58d36
2025-08-19T15:52:49.9127046Z ##[group]Run actions/cache@v4
2025-08-19T15:52:49.9127309Z with:
2025-08-19T15:52:49.9127526Z   path: ~/.cache/pip
.pytest_cache
~/.ruff_cache

2025-08-19T15:52:49.9127953Z   key: Linux-int-29fc3204f837bce43d81586a404709764a9accd1f738d0c33a52a32bf7a0c312
2025-08-19T15:52:49.9128365Z   restore-keys: Linux-int-
2025-08-19T15:52:49.9128598Z   enableCrossOsArchive: false
2025-08-19T15:52:49.9128855Z   fail-on-cache-miss: false
2025-08-19T15:52:49.9129070Z   lookup-only: false
2025-08-19T15:52:49.9129260Z   save-always: false
2025-08-19T15:52:49.9129431Z env:
2025-08-19T15:52:49.9129598Z   PG_USER: postgres
2025-08-19T15:52:49.9129786Z   PG_PASSWORD: pass
2025-08-19T15:52:49.9129964Z   PG_DATABASE: awa
2025-08-19T15:52:49.9130147Z   PG_HOST: localhost
2025-08-19T15:52:49.9130330Z   PG_PORT: 5432
2025-08-19T15:52:49.9130985Z   PG_SYNC_DSN: ***localhost:5432/awa
2025-08-19T15:52:49.9131457Z   PG_ASYNC_DSN: ***localhost:5432/awa
2025-08-19T15:52:49.9131889Z   DATABASE_URL: ***localhost:5432/awa
2025-08-19T15:52:49.9132121Z   DATA_DIR: /tmp/awa-data
2025-08-19T15:52:49.9132764Z   ENABLE_LIVE: 0
2025-08-19T15:52:49.9132948Z   TESTING: 1
2025-08-19T15:52:49.9133197Z   pythonLocation: /opt/hostedtoolcache/Python/3.11.13/x64
2025-08-19T15:52:49.9133598Z   PKG_CONFIG_PATH: /opt/hostedtoolcache/Python/3.11.13/x64/lib/pkgconfig
2025-08-19T15:52:49.9133990Z   Python_ROOT_DIR: /opt/hostedtoolcache/Python/3.11.13/x64
2025-08-19T15:52:49.9134350Z   Python2_ROOT_DIR: /opt/hostedtoolcache/Python/3.11.13/x64
2025-08-19T15:52:49.9134702Z   Python3_ROOT_DIR: /opt/hostedtoolcache/Python/3.11.13/x64
2025-08-19T15:52:49.9135065Z   LD_LIBRARY_PATH: /opt/hostedtoolcache/Python/3.11.13/x64/lib
2025-08-19T15:52:49.9135385Z ##[endgroup]
2025-08-19T15:52:50.1483994Z Cache hit for restore-key: Linux-int-5c3d480d6175935105d05087e2095fdd6d5a07314b4edbb51e23097b8cb58d36
2025-08-19T15:52:51.2037032Z Received 226492416 of 271487147 (83.4%), 215.4 MBs/sec
2025-08-19T15:52:51.4958451Z Received 271487147 of 271487147 (100.0%), 199.9 MBs/sec
2025-08-19T15:52:51.4961480Z Cache Size: ~259 MB (271487147 B)
2025-08-19T15:52:51.5000843Z [command]/usr/bin/tar -xf /home/runner/work/_temp/0fa143c3-f20b-4dfa-9297-991bca94d644/cache.tzst -P -C /home/runner/work/AWA-App/AWA-App --use-compress-program unzstd
2025-08-19T15:52:52.0208833Z Cache restored successfully
2025-08-19T15:52:52.0793755Z Cache restored from key: Linux-int-5c3d480d6175935105d05087e2095fdd6d5a07314b4edbb51e23097b8cb58d36
2025-08-19T15:52:52.0917687Z ##[group]Run pip install -r requirements-dev.txt
2025-08-19T15:52:52.0918087Z [36;1mpip install -r requirements-dev.txt[0m
2025-08-19T15:52:52.0918402Z [36;1mpip install keepa==1.3.15 minio==7.1.15[0m
2025-08-19T15:52:52.0961258Z shell: /usr/bin/bash -e {0}
2025-08-19T15:52:52.0961491Z env:
2025-08-19T15:52:52.0961672Z   PG_USER: postgres
2025-08-19T15:52:52.0961880Z   PG_PASSWORD: pass
2025-08-19T15:52:52.0962079Z   PG_DATABASE: awa
2025-08-19T15:52:52.0962474Z   PG_HOST: localhost
2025-08-19T15:52:52.0962678Z   PG_PORT: 5432
2025-08-19T15:52:52.0963131Z   PG_SYNC_DSN: ***localhost:5432/awa
2025-08-19T15:52:52.0987316Z   PG_ASYNC_DSN: ***localhost:5432/awa
2025-08-19T15:52:52.0987888Z   DATABASE_URL: ***localhost:5432/awa
2025-08-19T15:52:52.0988149Z   DATA_DIR: /tmp/awa-data
2025-08-19T15:52:52.0988369Z   ENABLE_LIVE: 0
2025-08-19T15:52:52.0988553Z   TESTING: 1
2025-08-19T15:52:52.0988806Z   pythonLocation: /opt/hostedtoolcache/Python/3.11.13/x64
2025-08-19T15:52:52.0989247Z   PKG_CONFIG_PATH: /opt/hostedtoolcache/Python/3.11.13/x64/lib/pkgconfig
2025-08-19T15:52:52.0989641Z   Python_ROOT_DIR: /opt/hostedtoolcache/Python/3.11.13/x64
2025-08-19T15:52:52.0990027Z   Python2_ROOT_DIR: /opt/hostedtoolcache/Python/3.11.13/x64
2025-08-19T15:52:52.0990404Z   Python3_ROOT_DIR: /opt/hostedtoolcache/Python/3.11.13/x64
2025-08-19T15:52:52.0990767Z   LD_LIBRARY_PATH: /opt/hostedtoolcache/Python/3.11.13/x64/lib
2025-08-19T15:52:52.0991069Z ##[endgroup]
2025-08-19T15:52:53.5889907Z Collecting Jinja2==3.1.6 (from -r requirements-dev.txt (line 2))
2025-08-19T15:52:53.5910026Z   Using cached jinja2-3.1.6-py3-none-any.whl.metadata (2.9 kB)
2025-08-19T15:52:53.6148662Z Collecting alembic==1.13.1 (from -r requirements-dev.txt (line 3))
2025-08-19T15:52:53.6163709Z   Using cached alembic-1.13.1-py3-none-any.whl.metadata (7.4 kB)
2025-08-19T15:52:53.6347111Z Collecting apscheduler==3.10.4 (from -r requirements-dev.txt (line 4))
2025-08-19T15:52:53.6361210Z   Using cached APScheduler-3.10.4-py3-none-any.whl.metadata (5.7 kB)
2025-08-19T15:52:53.6533396Z Collecting asgi-correlation-id==4.3.1 (from -r requirements-dev.txt (line 5))
2025-08-19T15:52:53.6548026Z   Using cached asgi_correlation_id-4.3.1-py3-none-any.whl.metadata (28 kB)
2025-08-19T15:52:53.7079701Z Collecting asyncpg==0.30.0 (from -r requirements-dev.txt (line 6))
2025-08-19T15:52:53.7094640Z   Using cached asyncpg-0.30.0-cp311-cp311-manylinux_2_17_x86_64.manylinux2014_x86_64.whl.metadata (5.0 kB)
2025-08-19T15:52:53.7550889Z Collecting black==25.1.0 (from -r requirements-dev.txt (line 7))
2025-08-19T15:52:53.7566199Z   Using cached black-25.1.0-cp311-cp311-manylinux_2_17_x86_64.manylinux2014_x86_64.manylinux_2_28_x86_64.whl.metadata (81 kB)
2025-08-19T15:52:54.0634431Z Collecting boto3 (from -r requirements-dev.txt (line 8))
2025-08-19T15:52:54.0650279Z   Using cached boto3-1.40.12-py3-none-any.whl.metadata (6.7 kB)
2025-08-19T15:52:54.0959455Z Collecting redis==6.* (from -r requirements-dev.txt (line 9))
2025-08-19T15:52:54.0974356Z   Using cached redis-6.4.0-py3-none-any.whl.metadata (10 kB)
2025-08-19T15:52:54.1296646Z Collecting minio==7.* (from -r requirements-dev.txt (line 10))
2025-08-19T15:52:54.1310050Z   Using cached minio-7.2.16-py3-none-any.whl.metadata (6.5 kB)
2025-08-19T15:52:54.1621644Z Collecting celery==5.5.3 (from -r requirements-dev.txt (line 11))
2025-08-19T15:52:54.1636133Z   Using cached celery-5.5.3-py3-none-any.whl.metadata (22 kB)
2025-08-19T15:52:54.2196688Z Collecting fastapi==0.116.1 (from -r requirements-dev.txt (line 12))
2025-08-19T15:52:54.2211164Z   Using cached fastapi-0.116.1-py3-none-any.whl.metadata (28 kB)
2025-08-19T15:52:54.2387175Z Collecting fastapi-limiter==0.1.6 (from -r requirements-dev.txt (line 14))
2025-08-19T15:52:54.2401314Z   Using cached fastapi_limiter-0.1.6-py3-none-any.whl.metadata (5.3 kB)
2025-08-19T15:52:54.2611869Z Collecting httpx<0.29,>=0.27 (from -r requirements-dev.txt (line 15))
2025-08-19T15:52:54.2625492Z   Using cached httpx-0.28.1-py3-none-any.whl.metadata (7.1 kB)
2025-08-19T15:52:54.2761822Z Collecting imapclient==3.0.1 (from -r requirements-dev.txt (line 16))
2025-08-19T15:52:54.2775060Z   Using cached IMAPClient-3.0.1-py2.py3-none-any.whl.metadata (1.7 kB)
2025-08-19T15:52:54.2896636Z Collecting itsdangerous (from -r requirements-dev.txt (line 17))
2025-08-19T15:52:54.2909886Z   Using cached itsdangerous-2.2.0-py3-none-any.whl.metadata (1.9 kB)
2025-08-19T15:52:54.4079667Z Collecting mypy==1.* (from -r requirements-dev.txt (line 18))
2025-08-19T15:52:54.4098482Z   Using cached mypy-1.17.1-cp311-cp311-manylinux2014_x86_64.manylinux_2_17_x86_64.manylinux_2_28_x86_64.whl.metadata (2.2 kB)
2025-08-19T15:52:54.4235936Z Collecting mypy-extensions==1.1.0 (from -r requirements-dev.txt (line 19))
2025-08-19T15:52:54.4250854Z   Using cached mypy_extensions-1.1.0-py3-none-any.whl.metadata (1.1 kB)
2025-08-19T15:52:54.5886222Z Collecting numpy<2 (from -r requirements-dev.txt (line 20))
2025-08-19T15:52:54.5903044Z   Using cached numpy-1.26.4-cp311-cp311-manylinux_2_17_x86_64.manylinux2014_x86_64.whl.metadata (61 kB)
2025-08-19T15:52:54.6169401Z Collecting openpyxl==3.1.5 (from -r requirements-dev.txt (line 21))
2025-08-19T15:52:54.6184232Z   Using cached openpyxl-3.1.5-py2.py3-none-any.whl.metadata (2.5 kB)
2025-08-19T15:52:54.7246308Z Collecting pandas==2.2.* (from -r requirements-dev.txt (line 22))
2025-08-19T15:52:54.7263124Z   Using cached pandas-2.2.3-cp311-cp311-manylinux_2_17_x86_64.manylinux2014_x86_64.whl.metadata (89 kB)
2025-08-19T15:52:54.8179036Z Collecting psycopg2-binary==2.9.10 (from -r requirements-dev.txt (line 23))
2025-08-19T15:52:54.8195284Z   Using cached psycopg2_binary-2.9.10-cp311-cp311-manylinux_2_17_x86_64.manylinux2014_x86_64.whl.metadata (4.9 kB)
2025-08-19T15:52:54.8370810Z Collecting psycopg==3.2.9 (from psycopg[binary]==3.2.9->-r requirements-dev.txt (line 24))
2025-08-19T15:52:54.8385514Z   Using cached psycopg-3.2.9-py3-none-any.whl.metadata (4.5 kB)
2025-08-19T15:52:54.9721204Z Collecting pydantic==2.11.7 (from -r requirements-dev.txt (line 25))
2025-08-19T15:52:54.9738047Z   Using cached pydantic-2.11.7-py3-none-any.whl.metadata (67 kB)
2025-08-19T15:52:54.9777829Z Requirement already satisfied: setuptools in /opt/hostedtoolcache/Python/3.11.13/x64/lib/python3.11/site-packages (from -r requirements-dev.txt (line 26)) (65.5.0)
2025-08-19T15:52:54.9969184Z Collecting pytest-asyncio==0.23.6 (from -r requirements-dev.txt (line 27))
2025-08-19T15:52:54.9983776Z   Using cached pytest_asyncio-0.23.6-py3-none-any.whl.metadata (3.9 kB)
2025-08-19T15:52:55.0155711Z Collecting pytest-cov==6.2.1 (from -r requirements-dev.txt (line 28))
2025-08-19T15:52:55.0169509Z   Using cached pytest_cov-6.2.1-py3-none-any.whl.metadata (30 kB)
2025-08-19T15:52:55.0338276Z Collecting pytest-postgresql==7.0.2 (from -r requirements-dev.txt (line 29))
2025-08-19T15:52:55.0351856Z   Using cached pytest_postgresql-7.0.2-py3-none-any.whl.metadata (18 kB)
2025-08-19T15:52:55.0536326Z Collecting python-dotenv (from -r requirements-dev.txt (line 30))
2025-08-19T15:52:55.0550029Z   Using cached python_dotenv-1.1.1-py3-none-any.whl.metadata (24 kB)
2025-08-19T15:52:55.0704781Z Collecting python-multipart (from -r requirements-dev.txt (line 31))
2025-08-19T15:52:55.0718367Z   Using cached python_multipart-0.0.20-py3-none-any.whl.metadata (1.8 kB)
2025-08-19T15:52:55.1010880Z Collecting python-telegram-bot==22.3 (from -r requirements-dev.txt (line 32))
2025-08-19T15:52:55.1025729Z   Using cached python_telegram_bot-22.3-py3-none-any.whl.metadata (17 kB)
2025-08-19T15:52:55.1323476Z Collecting requests==2.32.4 (from -r requirements-dev.txt (line 33))
2025-08-19T15:52:55.1338634Z   Using cached requests-2.32.4-py3-none-any.whl.metadata (4.9 kB)
2025-08-19T15:52:55.1511038Z Collecting respx==0.22.0 (from -r requirements-dev.txt (line 34))
2025-08-19T15:52:55.1525050Z   Using cached respx-0.22.0-py2.py3-none-any.whl.metadata (4.1 kB)
2025-08-19T15:52:55.5079433Z Collecting ruff==0.4.4 (from -r requirements-dev.txt (line 35))
2025-08-19T15:52:55.5095434Z   Using cached ruff-0.4.4-py3-none-manylinux_2_17_x86_64.manylinux2014_x86_64.whl.metadata (23 kB)
2025-08-19T15:52:55.7580954Z Collecting sqlalchemy==2.0.43 (from -r requirements-dev.txt (line 36))
2025-08-19T15:52:55.7597749Z   Using cached sqlalchemy-2.0.43-cp311-cp311-manylinux_2_17_x86_64.manylinux2014_x86_64.whl.metadata (9.6 kB)
2025-08-19T15:52:55.7828771Z Collecting structlog==24.1.0 (from -r requirements-dev.txt (line 37))
2025-08-19T15:52:55.7842687Z   Using cached structlog-24.1.0-py3-none-any.whl.metadata (6.9 kB)
2025-08-19T15:52:55.8033009Z Collecting testcontainers==4.10.0 (from testcontainers[postgres]==4.10.0->-r requirements-dev.txt (line 38))
2025-08-19T15:52:55.8046377Z   Using cached testcontainers-4.10.0-py3-none-any.whl.metadata (7.8 kB)
2025-08-19T15:52:55.8393155Z Collecting types-requests==2.32.4.20250809 (from -r requirements-dev.txt (line 39))
2025-08-19T15:52:55.8898939Z   Downloading types_requests-2.32.4.20250809-py3-none-any.whl.metadata (2.0 kB)
2025-08-19T15:52:55.9071410Z Collecting docspec-python==2.2.2 (from -r requirements-dev.txt (line 40))
2025-08-19T15:52:55.9085940Z   Using cached docspec_python-2.2.2-py3-none-any.whl.metadata (1.0 kB)
2025-08-19T15:52:55.9269820Z Collecting pydoc-markdown==4.8.2 (from -r requirements-dev.txt (line 41))
2025-08-19T15:52:55.9284109Z   Using cached pydoc_markdown-4.8.2-py3-none-any.whl.metadata (5.9 kB)
2025-08-19T15:52:55.9577565Z Collecting pandera==0.19.* (from -r requirements-dev.txt (line 42))
2025-08-19T15:52:55.9591605Z   Using cached pandera-0.19.3-py3-none-any.whl.metadata (15 kB)
2025-08-19T15:52:56.0686407Z Collecting MarkupSafe>=2.0 (from Jinja2==3.1.6->-r requirements-dev.txt (line 2))
2025-08-19T15:52:56.0703032Z   Using cached MarkupSafe-3.0.2-cp311-cp311-manylinux_2_17_x86_64.manylinux2014_x86_64.whl.metadata (4.0 kB)
2025-08-19T15:52:56.0974266Z Collecting Mako (from alembic==1.13.1->-r requirements-dev.txt (line 3))
2025-08-19T15:52:56.0987759Z   Using cached mako-1.3.10-py3-none-any.whl.metadata (2.9 kB)
2025-08-19T15:52:56.1190026Z Collecting typing-extensions>=4 (from alembic==1.13.1->-r requirements-dev.txt (line 3))
2025-08-19T15:52:56.1203763Z   Using cached typing_extensions-4.14.1-py3-none-any.whl.metadata (3.0 kB)
2025-08-19T15:52:56.1389934Z Collecting six>=1.4.0 (from apscheduler==3.10.4->-r requirements-dev.txt (line 4))
2025-08-19T15:52:56.1406549Z   Using cached six-1.17.0-py2.py3-none-any.whl.metadata (1.7 kB)
2025-08-19T15:52:56.1771381Z Collecting pytz (from apscheduler==3.10.4->-r requirements-dev.txt (line 4))
2025-08-19T15:52:56.1786303Z   Using cached pytz-2025.2-py2.py3-none-any.whl.metadata (22 kB)
2025-08-19T15:52:56.1973121Z Collecting tzlocal!=3.*,>=2.0 (from apscheduler==3.10.4->-r requirements-dev.txt (line 4))
2025-08-19T15:52:56.1986663Z   Using cached tzlocal-5.3.1-py3-none-any.whl.metadata (7.6 kB)
2025-08-19T15:52:56.2301977Z Collecting starlette>=0.18 (from asgi-correlation-id==4.3.1->-r requirements-dev.txt (line 5))
2025-08-19T15:52:56.2316044Z   Using cached starlette-0.47.2-py3-none-any.whl.metadata (6.2 kB)
2025-08-19T15:52:56.2527842Z Collecting click>=8.0.0 (from black==25.1.0->-r requirements-dev.txt (line 7))
2025-08-19T15:52:56.2541685Z   Using cached click-8.2.1-py3-none-any.whl.metadata (2.5 kB)
2025-08-19T15:52:56.2722981Z Collecting packaging>=22.0 (from black==25.1.0->-r requirements-dev.txt (line 7))
2025-08-19T15:52:56.2736813Z   Using cached packaging-25.0-py3-none-any.whl.metadata (3.3 kB)
2025-08-19T15:52:56.2873493Z Collecting pathspec>=0.9.0 (from black==25.1.0->-r requirements-dev.txt (line 7))
2025-08-19T15:52:56.2887694Z   Using cached pathspec-0.12.1-py3-none-any.whl.metadata (21 kB)
2025-08-19T15:52:56.3093764Z Collecting platformdirs>=2 (from black==25.1.0->-r requirements-dev.txt (line 7))
2025-08-19T15:52:56.3107449Z   Using cached platformdirs-4.3.8-py3-none-any.whl.metadata (12 kB)
2025-08-19T15:52:56.3332413Z Collecting billiard<5.0,>=4.2.1 (from celery==5.5.3->-r requirements-dev.txt (line 11))
2025-08-19T15:52:56.3346131Z   Using cached billiard-4.2.1-py3-none-any.whl.metadata (4.4 kB)
2025-08-19T15:52:56.3623510Z Collecting kombu<5.6,>=5.5.2 (from celery==5.5.3->-r requirements-dev.txt (line 11))
2025-08-19T15:52:56.3637470Z   Using cached kombu-5.5.4-py3-none-any.whl.metadata (3.5 kB)
2025-08-19T15:52:56.3805590Z Collecting vine<6.0,>=5.1.0 (from celery==5.5.3->-r requirements-dev.txt (line 11))
2025-08-19T15:52:56.3818937Z   Using cached vine-5.1.0-py3-none-any.whl.metadata (2.7 kB)
2025-08-19T15:52:56.3979063Z Collecting click-didyoumean>=0.3.0 (from celery==5.5.3->-r requirements-dev.txt (line 11))
2025-08-19T15:52:56.3992772Z   Using cached click_didyoumean-0.3.1-py3-none-any.whl.metadata (3.9 kB)
2025-08-19T15:52:56.4111216Z Collecting click-repl>=0.2.0 (from celery==5.5.3->-r requirements-dev.txt (line 11))
2025-08-19T15:52:56.4124839Z   Using cached click_repl-0.3.0-py3-none-any.whl.metadata (3.6 kB)
2025-08-19T15:52:56.4259661Z Collecting click-plugins>=1.1.1 (from celery==5.5.3->-r requirements-dev.txt (line 11))
2025-08-19T15:52:56.4273070Z   Using cached click_plugins-1.1.1.2-py2.py3-none-any.whl.metadata (6.5 kB)
2025-08-19T15:52:56.4421745Z Collecting python-dateutil>=2.8.2 (from celery==5.5.3->-r requirements-dev.txt (line 11))
2025-08-19T15:52:56.4435786Z   Using cached python_dateutil-2.9.0.post0-py2.py3-none-any.whl.metadata (8.4 kB)
2025-08-19T15:52:56.4860445Z Collecting annotated-types>=0.6.0 (from pydantic==2.11.7->-r requirements-dev.txt (line 25))
2025-08-19T15:52:56.4874631Z   Using cached annotated_types-0.7.0-py3-none-any.whl.metadata (15 kB)
2025-08-19T15:52:57.1516215Z Collecting pydantic-core==2.33.2 (from pydantic==2.11.7->-r requirements-dev.txt (line 25))
2025-08-19T15:52:57.1534483Z   Using cached pydantic_core-2.33.2-cp311-cp311-manylinux_2_17_x86_64.manylinux2014_x86_64.whl.metadata (6.8 kB)
2025-08-19T15:52:57.1699007Z Collecting typing-inspection>=0.4.0 (from pydantic==2.11.7->-r requirements-dev.txt (line 25))
2025-08-19T15:52:57.1712971Z   Using cached typing_inspection-0.4.1-py3-none-any.whl.metadata (2.6 kB)
2025-08-19T15:52:57.1968002Z Collecting et-xmlfile (from openpyxl==3.1.5->-r requirements-dev.txt (line 21))
2025-08-19T15:52:57.1982014Z   Using cached et_xmlfile-2.0.0-py3-none-any.whl.metadata (2.7 kB)
2025-08-19T15:52:57.2432849Z Collecting pytest<9,>=7.0.0 (from pytest-asyncio==0.23.6->-r requirements-dev.txt (line 27))
2025-08-19T15:52:57.2448291Z   Using cached pytest-8.4.1-py3-none-any.whl.metadata (7.7 kB)
2025-08-19T15:52:57.5552868Z Collecting coverage>=7.5 (from coverage[toml]>=7.5->pytest-cov==6.2.1->-r requirements-dev.txt (line 28))
2025-08-19T15:52:57.5569007Z   Using cached coverage-7.10.4-cp311-cp311-manylinux1_x86_64.manylinux_2_28_x86_64.manylinux_2_5_x86_64.whl.metadata (8.9 kB)
2025-08-19T15:52:57.5718293Z Collecting pluggy>=1.2 (from pytest-cov==6.2.1->-r requirements-dev.txt (line 28))
2025-08-19T15:52:57.5732220Z   Using cached pluggy-1.6.0-py3-none-any.whl.metadata (4.8 kB)
2025-08-19T15:52:57.6007365Z Collecting port-for>=0.7.3 (from pytest-postgresql==7.0.2->-r requirements-dev.txt (line 29))
2025-08-19T15:52:57.6021223Z   Using cached port_for-0.7.4-py3-none-any.whl.metadata (7.1 kB)
2025-08-19T15:52:57.7006289Z Collecting mirakuru>=2.6.0 (from pytest-postgresql==7.0.2->-r requirements-dev.txt (line 29))
2025-08-19T15:52:57.7021523Z   Using cached mirakuru-2.6.1-py3-none-any.whl.metadata (10 kB)
2025-08-19T15:52:57.7891664Z Collecting charset_normalizer<4,>=2 (from requests==2.32.4->-r requirements-dev.txt (line 33))
2025-08-19T15:52:57.7908209Z   Using cached charset_normalizer-3.4.3-cp311-cp311-manylinux2014_x86_64.manylinux_2_17_x86_64.manylinux_2_28_x86_64.whl.metadata (36 kB)
2025-08-19T15:52:57.8084333Z Collecting idna<4,>=2.5 (from requests==2.32.4->-r requirements-dev.txt (line 33))
2025-08-19T15:52:57.8098396Z   Using cached idna-3.10-py3-none-any.whl.metadata (10 kB)
2025-08-19T15:52:57.8390802Z Collecting urllib3<3,>=1.21.1 (from requests==2.32.4->-r requirements-dev.txt (line 33))
2025-08-19T15:52:57.8405416Z   Using cached urllib3-2.5.0-py3-none-any.whl.metadata (6.5 kB)
2025-08-19T15:52:57.8628473Z Collecting certifi>=2017.4.17 (from requests==2.32.4->-r requirements-dev.txt (line 33))
2025-08-19T15:52:57.8642013Z   Using cached certifi-2025.8.3-py3-none-any.whl.metadata (2.4 kB)
2025-08-19T15:52:57.9919846Z Collecting greenlet>=1 (from sqlalchemy==2.0.43->-r requirements-dev.txt (line 36))
2025-08-19T15:52:57.9935855Z   Using cached greenlet-3.2.4-cp311-cp311-manylinux_2_24_x86_64.manylinux_2_28_x86_64.whl.metadata (4.1 kB)
2025-08-19T15:52:58.0186947Z Collecting docker (from testcontainers==4.10.0->testcontainers[postgres]==4.10.0->-r requirements-dev.txt (line 38))
2025-08-19T15:52:58.0200662Z   Using cached docker-7.1.0-py3-none-any.whl.metadata (3.8 kB)
2025-08-19T15:52:58.1179305Z Collecting wrapt (from testcontainers==4.10.0->testcontainers[postgres]==4.10.0->-r requirements-dev.txt (line 38))
2025-08-19T15:52:58.1195135Z   Using cached wrapt-1.17.3-cp311-cp311-manylinux1_x86_64.manylinux_2_28_x86_64.manylinux_2_5_x86_64.whl.metadata (6.4 kB)
2025-08-19T15:52:58.1483319Z Collecting docspec==2.2.1 (from docspec-python==2.2.2->-r requirements-dev.txt (line 40))
2025-08-19T15:52:58.1497323Z   Using cached docspec-2.2.1-py3-none-any.whl.metadata (1.5 kB)
2025-08-19T15:52:58.1669401Z Collecting nr-util>=0.8.12 (from docspec-python==2.2.2->-r requirements-dev.txt (line 40))
2025-08-19T15:52:58.1682538Z   Using cached nr.util-0.8.12-py3-none-any.whl.metadata (813 bytes)
2025-08-19T15:52:58.2041782Z Collecting PyYAML<7.0,>=5.0 (from pydoc-markdown==4.8.2->-r requirements-dev.txt (line 41))
2025-08-19T15:52:58.2056012Z   Using cached PyYAML-6.0.2-cp311-cp311-manylinux_2_17_x86_64.manylinux2014_x86_64.whl.metadata (2.1 kB)
2025-08-19T15:52:58.2319289Z Collecting databind.core<5.0.0,>=4.4.0 (from pydoc-markdown==4.8.2->-r requirements-dev.txt (line 41))
2025-08-19T15:52:58.2332997Z   Using cached databind.core-4.5.2-py3-none-any.whl.metadata (1.1 kB)
2025-08-19T15:52:58.2567687Z Collecting databind.json<5.0.0,>=4.4.0 (from pydoc-markdown==4.8.2->-r requirements-dev.txt (line 41))
2025-08-19T15:52:58.2581158Z   Using cached databind.json-4.5.2-py3-none-any.whl.metadata (1.1 kB)
2025-08-19T15:52:58.2743242Z Collecting docstring-parser<0.12,>=0.11 (from pydoc-markdown==4.8.2->-r requirements-dev.txt (line 41))
2025-08-19T15:52:58.2744583Z   Using cached docstring_parser-0.11-py3-none-any.whl
2025-08-19T15:52:58.3179756Z Collecting tomli<3.0.0,>=2.0.0 (from pydoc-markdown==4.8.2->-r requirements-dev.txt (line 41))
2025-08-19T15:52:58.3193563Z   Using cached tomli-2.2.1-cp311-cp311-manylinux_2_17_x86_64.manylinux2014_x86_64.whl.metadata (11 kB)
2025-08-19T15:52:58.3321804Z Collecting tomli_w<2.0.0,>=1.0.0 (from pydoc-markdown==4.8.2->-r requirements-dev.txt (line 41))
2025-08-19T15:52:58.3335204Z   Using cached tomli_w-1.2.0-py3-none-any.whl.metadata (5.7 kB)
2025-08-19T15:52:58.3788298Z Collecting watchdog (from pydoc-markdown==4.8.2->-r requirements-dev.txt (line 41))
2025-08-19T15:52:58.3802046Z   Using cached watchdog-6.0.0-py3-none-manylinux2014_x86_64.whl.metadata (44 kB)
2025-08-19T15:52:58.4041673Z Collecting yapf>=0.30.0 (from pydoc-markdown==4.8.2->-r requirements-dev.txt (line 41))
2025-08-19T15:52:58.4055255Z   Using cached yapf-0.43.0-py3-none-any.whl.metadata (46 kB)
2025-08-19T15:52:58.4255247Z Collecting Deprecated<2.0.0,>=1.2.12 (from docspec==2.2.1->docspec-python==2.2.2->-r requirements-dev.txt (line 40))
2025-08-19T15:52:58.4268724Z   Using cached Deprecated-1.2.18-py2.py3-none-any.whl.metadata (5.7 kB)
2025-08-19T15:52:58.5782145Z Collecting psycopg-binary==3.2.9 (from psycopg[binary]==3.2.9->-r requirements-dev.txt (line 24))
2025-08-19T15:52:58.5799563Z   Using cached psycopg_binary-3.2.9-cp311-cp311-manylinux_2_17_x86_64.manylinux2014_x86_64.whl.metadata (2.9 kB)
2025-08-19T15:52:58.6166630Z Collecting argon2-cffi (from minio==7.*->-r requirements-dev.txt (line 10))
2025-08-19T15:52:58.6181906Z   Using cached argon2_cffi-25.1.0-py3-none-any.whl.metadata (4.1 kB)
2025-08-19T15:52:58.6995637Z Collecting pycryptodome (from minio==7.*->-r requirements-dev.txt (line 10))
2025-08-19T15:52:58.7015809Z   Using cached pycryptodome-3.23.0-cp37-abi3-manylinux_2_17_x86_64.manylinux2014_x86_64.whl.metadata (3.4 kB)
2025-08-19T15:52:58.7238806Z Collecting anyio (from httpx<0.29,>=0.27->-r requirements-dev.txt (line 15))
2025-08-19T15:52:58.7252657Z   Using cached anyio-4.10.0-py3-none-any.whl.metadata (4.0 kB)
2025-08-19T15:52:58.7458818Z Collecting httpcore==1.* (from httpx<0.29,>=0.27->-r requirements-dev.txt (line 15))
2025-08-19T15:52:58.7472801Z   Using cached httpcore-1.0.9-py3-none-any.whl.metadata (21 kB)
2025-08-19T15:52:58.7811446Z Collecting tzdata>=2022.7 (from pandas==2.2.*->-r requirements-dev.txt (line 22))
2025-08-19T15:52:58.7825735Z   Using cached tzdata-2025.2-py2.py3-none-any.whl.metadata (1.4 kB)
2025-08-19T15:52:58.7994659Z Collecting multimethod<=1.10.0 (from pandera==0.19.*->-r requirements-dev.txt (line 42))
2025-08-19T15:52:58.8008044Z   Using cached multimethod-1.10-py3-none-any.whl.metadata (8.2 kB)
2025-08-19T15:52:58.8399825Z Collecting typeguard (from pandera==0.19.*->-r requirements-dev.txt (line 42))
2025-08-19T15:52:58.8414504Z   Using cached typeguard-4.4.4-py3-none-any.whl.metadata (3.3 kB)
2025-08-19T15:52:58.8541202Z Collecting typing-inspect>=0.6.0 (from pandera==0.19.*->-r requirements-dev.txt (line 42))
2025-08-19T15:52:58.8555153Z   Using cached typing_inspect-0.9.0-py3-none-any.whl.metadata (1.5 kB)
2025-08-19T15:52:58.9899511Z Collecting databind<5.0.0,>=4.5.2 (from databind.core<5.0.0,>=4.4.0->pydoc-markdown==4.8.2->-r requirements-dev.txt (line 41))
2025-08-19T15:52:58.9914024Z   Using cached databind-4.5.2-py3-none-any.whl.metadata (4.3 kB)
2025-08-19T15:52:59.0074630Z Collecting nr-date<3.0.0,>=2.0.0 (from databind<5.0.0,>=4.5.2->databind.core<5.0.0,>=4.4.0->pydoc-markdown==4.8.2->-r requirements-dev.txt (line 41))
2025-08-19T15:52:59.0088337Z   Using cached nr_date-2.1.0-py3-none-any.whl.metadata (746 bytes)
2025-08-19T15:52:59.0242098Z Collecting nr-stream<2.0.0,>=1.0.0 (from databind<5.0.0,>=4.5.2->databind.core<5.0.0,>=4.4.0->pydoc-markdown==4.8.2->-r requirements-dev.txt (line 41))
2025-08-19T15:52:59.0255772Z   Using cached nr_stream-1.1.5-py3-none-any.whl.metadata (3.6 kB)
2025-08-19T15:52:59.0450731Z Collecting typeapi<3,>=2.0.1 (from databind<5.0.0,>=4.5.2->databind.core<5.0.0,>=4.4.0->pydoc-markdown==4.8.2->-r requirements-dev.txt (line 41))
2025-08-19T15:52:59.0464197Z   Using cached typeapi-2.2.4-py3-none-any.whl.metadata (1.5 kB)
2025-08-19T15:52:59.0749177Z Collecting h11>=0.16 (from httpcore==1.*->httpx<0.29,>=0.27->-r requirements-dev.txt (line 15))
2025-08-19T15:52:59.0762490Z   Using cached h11-0.16.0-py3-none-any.whl.metadata (8.3 kB)
2025-08-19T15:52:59.0998371Z Collecting amqp<6.0.0,>=5.1.1 (from kombu<5.6,>=5.5.2->celery==5.5.3->-r requirements-dev.txt (line 11))
2025-08-19T15:52:59.1011427Z   Using cached amqp-5.3.1-py3-none-any.whl.metadata (8.9 kB)
2025-08-19T15:52:59.1373539Z Collecting iniconfig>=1 (from pytest<9,>=7.0.0->pytest-asyncio==0.23.6->-r requirements-dev.txt (line 27))
2025-08-19T15:52:59.1386958Z   Using cached iniconfig-2.1.0-py3-none-any.whl.metadata (2.7 kB)
2025-08-19T15:52:59.1606917Z Collecting pygments>=2.7.2 (from pytest<9,>=7.0.0->pytest-asyncio==0.23.6->-r requirements-dev.txt (line 27))
2025-08-19T15:52:59.1620125Z   Using cached pygments-2.19.2-py3-none-any.whl.metadata (2.5 kB)
2025-08-19T15:52:59.1937292Z Collecting sniffio>=1.1 (from anyio->httpx<0.29,>=0.27->-r requirements-dev.txt (line 15))
2025-08-19T15:52:59.1950265Z   Using cached sniffio-1.3.1-py3-none-any.whl.metadata (3.9 kB)
2025-08-19T15:52:59.5550645Z Collecting botocore<1.41.0,>=1.40.12 (from boto3->-r requirements-dev.txt (line 8))
2025-08-19T15:52:59.5566336Z   Using cached botocore-1.40.12-py3-none-any.whl.metadata (5.7 kB)
2025-08-19T15:52:59.5714176Z Collecting jmespath<2.0.0,>=0.7.1 (from boto3->-r requirements-dev.txt (line 8))
2025-08-19T15:52:59.5728280Z   Using cached jmespath-1.0.1-py3-none-any.whl.metadata (7.6 kB)
2025-08-19T15:52:59.5906373Z Collecting s3transfer<0.14.0,>=0.13.0 (from boto3->-r requirements-dev.txt (line 8))
2025-08-19T15:52:59.5920195Z   Using cached s3transfer-0.13.1-py3-none-any.whl.metadata (1.7 kB)
2025-08-19T15:52:59.8388608Z Collecting fastapi-cli>=0.0.8 (from fastapi-cli[standard]>=0.0.8; extra == "all"->fastapi[all]->-r requirements-dev.txt (line 13))
2025-08-19T15:52:59.8402199Z   Using cached fastapi_cli-0.0.8-py3-none-any.whl.metadata (6.3 kB)
2025-08-19T15:52:59.9109508Z Collecting ujson!=4.0.2,!=4.1.0,!=4.2.0,!=4.3.0,!=5.0.0,!=5.1.0,>=4.0.1 (from fastapi[all]->-r requirements-dev.txt (line 13))
2025-08-19T15:52:59.9123629Z   Using cached ujson-5.10.0-cp311-cp311-manylinux_2_17_x86_64.manylinux2014_x86_64.whl.metadata (9.3 kB)
2025-08-19T15:53:00.1435790Z Collecting orjson>=3.2.1 (from fastapi[all]->-r requirements-dev.txt (line 13))
2025-08-19T15:53:00.1451998Z   Using cached orjson-3.11.2-cp311-cp311-manylinux_2_17_x86_64.manylinux2014_x86_64.whl.metadata (1.2 kB)
2025-08-19T15:53:00.1603128Z Collecting email-validator>=2.0.0 (from fastapi[all]->-r requirements-dev.txt (line 13))
2025-08-19T15:53:00.1617250Z   Using cached email_validator-2.2.0-py3-none-any.whl.metadata (25 kB)
2025-08-19T15:53:00.1912074Z Collecting uvicorn>=0.12.0 (from uvicorn[standard]>=0.12.0; extra == "all"->fastapi[all]->-r requirements-dev.txt (line 13))
2025-08-19T15:53:00.1926291Z   Using cached uvicorn-0.35.0-py3-none-any.whl.metadata (6.5 kB)
2025-08-19T15:53:00.2109790Z Collecting pydantic-settings>=2.0.0 (from fastapi[all]->-r requirements-dev.txt (line 13))
2025-08-19T15:53:00.2124029Z   Using cached pydantic_settings-2.10.1-py3-none-any.whl.metadata (3.4 kB)
2025-08-19T15:53:00.2276624Z Collecting pydantic-extra-types>=2.0.0 (from fastapi[all]->-r requirements-dev.txt (line 13))
2025-08-19T15:53:00.2291370Z   Using cached pydantic_extra_types-2.10.5-py3-none-any.whl.metadata (3.9 kB)
2025-08-19T15:53:00.3104634Z Collecting prompt-toolkit>=3.0.36 (from click-repl>=0.2.0->celery==5.5.3->-r requirements-dev.txt (line 11))
2025-08-19T15:53:00.3131037Z   Using cached prompt_toolkit-3.0.51-py3-none-any.whl.metadata (6.4 kB)
2025-08-19T15:53:00.3417805Z Collecting dnspython>=2.0.0 (from email-validator>=2.0.0->fastapi[all]->-r requirements-dev.txt (line 13))
2025-08-19T15:53:00.3432888Z   Using cached dnspython-2.7.0-py3-none-any.whl.metadata (5.8 kB)
2025-08-19T15:53:00.3747082Z Collecting typer>=0.15.1 (from fastapi-cli>=0.0.8->fastapi-cli[standard]>=0.0.8; extra == "all"->fastapi[all]->-r requirements-dev.txt (line 13))
2025-08-19T15:53:00.3761254Z   Using cached typer-0.16.1-py3-none-any.whl.metadata (15 kB)
2025-08-19T15:53:00.4058909Z Collecting rich-toolkit>=0.14.8 (from fastapi-cli>=0.0.8->fastapi-cli[standard]>=0.0.8; extra == "all"->fastapi[all]->-r requirements-dev.txt (line 13))
2025-08-19T15:53:00.4073073Z   Using cached rich_toolkit-0.15.0-py3-none-any.whl.metadata (1.0 kB)
2025-08-19T15:53:00.4218221Z Collecting fastapi-cloud-cli>=0.1.1 (from fastapi-cli[standard]>=0.0.8; extra == "all"->fastapi[all]->-r requirements-dev.txt (line 13))
2025-08-19T15:53:00.4232470Z   Using cached fastapi_cloud_cli-0.1.5-py3-none-any.whl.metadata (3.2 kB)
2025-08-19T15:53:00.4978567Z Collecting rignore>=0.5.1 (from fastapi-cloud-cli>=0.1.1->fastapi-cli[standard]>=0.0.8; extra == "all"->fastapi[all]->-r requirements-dev.txt (line 13))
2025-08-19T15:53:00.4994912Z   Using cached rignore-0.6.4-cp311-cp311-manylinux_2_17_x86_64.manylinux2014_x86_64.whl.metadata (3.8 kB)
2025-08-19T15:53:00.6846033Z Collecting sentry-sdk>=2.20.0 (from fastapi-cloud-cli>=0.1.1->fastapi-cli[standard]>=0.0.8; extra == "all"->fastapi[all]->-r requirements-dev.txt (line 13))
2025-08-19T15:53:00.6861247Z   Using cached sentry_sdk-2.35.0-py2.py3-none-any.whl.metadata (10 kB)
2025-08-19T15:53:00.7773184Z Collecting psutil>=4.0.0 (from mirakuru>=2.6.0->pytest-postgresql==7.0.2->-r requirements-dev.txt (line 29))
2025-08-19T15:53:00.7788252Z   Using cached psutil-7.0.0-cp36-abi3-manylinux_2_12_x86_64.manylinux2010_x86_64.manylinux_2_17_x86_64.manylinux2014_x86_64.whl.metadata (22 kB)
2025-08-19T15:53:00.8122034Z Collecting wcwidth (from prompt-toolkit>=3.0.36->click-repl>=0.2.0->celery==5.5.3->-r requirements-dev.txt (line 11))
2025-08-19T15:53:00.8135795Z   Using cached wcwidth-0.2.13-py2.py3-none-any.whl.metadata (14 kB)
2025-08-19T15:53:00.8972934Z Collecting rich>=13.7.1 (from rich-toolkit>=0.14.8->fastapi-cli>=0.0.8->fastapi-cli[standard]>=0.0.8; extra == "all"->fastapi[all]->-r requirements-dev.txt (line 13))
2025-08-19T15:53:00.8986968Z   Using cached rich-14.1.0-py3-none-any.whl.metadata (18 kB)
2025-08-19T15:53:00.9193884Z Collecting markdown-it-py>=2.2.0 (from rich>=13.7.1->rich-toolkit>=0.14.8->fastapi-cli>=0.0.8->fastapi-cli[standard]>=0.0.8; extra == "all"->fastapi[all]->-r requirements-dev.txt (line 13))
2025-08-19T15:53:00.9207143Z   Using cached markdown_it_py-4.0.0-py3-none-any.whl.metadata (7.3 kB)
2025-08-19T15:53:00.9435183Z Collecting mdurl~=0.1 (from markdown-it-py>=2.2.0->rich>=13.7.1->rich-toolkit>=0.14.8->fastapi-cli>=0.0.8->fastapi-cli[standard]>=0.0.8; extra == "all"->fastapi[all]->-r requirements-dev.txt (line 13))
2025-08-19T15:53:00.9448249Z   Using cached mdurl-0.1.2-py3-none-any.whl.metadata (1.6 kB)
2025-08-19T15:53:00.9949173Z Collecting shellingham>=1.3.0 (from typer>=0.15.1->fastapi-cli>=0.0.8->fastapi-cli[standard]>=0.0.8; extra == "all"->fastapi[all]->-r requirements-dev.txt (line 13))
2025-08-19T15:53:00.9962731Z   Using cached shellingham-1.5.4-py2.py3-none-any.whl.metadata (3.5 kB)
2025-08-19T15:53:01.0730445Z Collecting httptools>=0.6.3 (from uvicorn[standard]>=0.12.0; extra == "all"->fastapi[all]->-r requirements-dev.txt (line 13))
2025-08-19T15:53:01.0745565Z   Using cached httptools-0.6.4-cp311-cp311-manylinux_2_5_x86_64.manylinux1_x86_64.manylinux_2_17_x86_64.manylinux2014_x86_64.whl.metadata (3.6 kB)
2025-08-19T15:53:01.1186719Z Collecting uvloop>=0.15.1 (from uvicorn[standard]>=0.12.0; extra == "all"->fastapi[all]->-r requirements-dev.txt (line 13))
2025-08-19T15:53:01.1202038Z   Using cached uvloop-0.21.0-cp311-cp311-manylinux_2_17_x86_64.manylinux2014_x86_64.whl.metadata (4.9 kB)
2025-08-19T15:53:01.1915106Z Collecting watchfiles>=0.13 (from uvicorn[standard]>=0.12.0; extra == "all"->fastapi[all]->-r requirements-dev.txt (line 13))
2025-08-19T15:53:01.1929484Z   Using cached watchfiles-1.1.0-cp311-cp311-manylinux_2_17_x86_64.manylinux2014_x86_64.whl.metadata (4.9 kB)
2025-08-19T15:53:01.2780365Z Collecting websockets>=10.4 (from uvicorn[standard]>=0.12.0; extra == "all"->fastapi[all]->-r requirements-dev.txt (line 13))
2025-08-19T15:53:01.2796493Z   Using cached websockets-15.0.1-cp311-cp311-manylinux_2_5_x86_64.manylinux1_x86_64.manylinux_2_17_x86_64.manylinux2014_x86_64.whl.metadata (6.8 kB)
2025-08-19T15:53:01.3235896Z Collecting argon2-cffi-bindings (from argon2-cffi->minio==7.*->-r requirements-dev.txt (line 10))
2025-08-19T15:53:01.3250595Z   Using cached argon2_cffi_bindings-25.1.0-cp39-abi3-manylinux_2_26_x86_64.manylinux_2_28_x86_64.whl.metadata (7.4 kB)
2025-08-19T15:53:01.4273059Z Collecting cffi>=1.0.1 (from argon2-cffi-bindings->argon2-cffi->minio==7.*->-r requirements-dev.txt (line 10))
2025-08-19T15:53:01.4288793Z   Using cached cffi-1.17.1-cp311-cp311-manylinux_2_17_x86_64.manylinux2014_x86_64.whl.metadata (1.5 kB)
2025-08-19T15:53:01.4450736Z Collecting pycparser (from cffi>=1.0.1->argon2-cffi-bindings->argon2-cffi->minio==7.*->-r requirements-dev.txt (line 10))
2025-08-19T15:53:01.4469672Z   Using cached pycparser-2.22-py3-none-any.whl.metadata (943 bytes)
2025-08-19T15:53:01.5049198Z Using cached jinja2-3.1.6-py3-none-any.whl (134 kB)
2025-08-19T15:53:01.5063749Z Using cached alembic-1.13.1-py3-none-any.whl (233 kB)
2025-08-19T15:53:01.5078621Z Using cached APScheduler-3.10.4-py3-none-any.whl (59 kB)
2025-08-19T15:53:01.5092100Z Using cached asgi_correlation_id-4.3.1-py3-none-any.whl (15 kB)
2025-08-19T15:53:01.5105611Z Using cached asyncpg-0.30.0-cp311-cp311-manylinux_2_17_x86_64.manylinux2014_x86_64.whl (3.1 MB)
2025-08-19T15:53:01.5142582Z Using cached black-25.1.0-cp311-cp311-manylinux_2_17_x86_64.manylinux2014_x86_64.manylinux_2_28_x86_64.whl (1.7 MB)
2025-08-19T15:53:01.5167759Z Using cached celery-5.5.3-py3-none-any.whl (438 kB)
2025-08-19T15:53:01.5184181Z Using cached fastapi-0.116.1-py3-none-any.whl (95 kB)
2025-08-19T15:53:01.5197716Z Using cached pydantic-2.11.7-py3-none-any.whl (444 kB)
2025-08-19T15:53:01.5213720Z Using cached fastapi_limiter-0.1.6-py3-none-any.whl (15 kB)
2025-08-19T15:53:01.5226823Z Using cached IMAPClient-3.0.1-py2.py3-none-any.whl (182 kB)
2025-08-19T15:53:01.5240990Z Using cached mypy_extensions-1.1.0-py3-none-any.whl (5.0 kB)
2025-08-19T15:53:01.5254004Z Using cached openpyxl-3.1.5-py2.py3-none-any.whl (250 kB)
2025-08-19T15:53:01.5268803Z Using cached psycopg2_binary-2.9.10-cp311-cp311-manylinux_2_17_x86_64.manylinux2014_x86_64.whl (3.0 MB)
2025-08-19T15:53:01.5305451Z Using cached psycopg-3.2.9-py3-none-any.whl (202 kB)
2025-08-19T15:53:01.5319585Z Using cached pytest_asyncio-0.23.6-py3-none-any.whl (17 kB)
2025-08-19T15:53:01.5332602Z Using cached pytest_cov-6.2.1-py3-none-any.whl (24 kB)
2025-08-19T15:53:01.5345719Z Using cached pytest_postgresql-7.0.2-py3-none-any.whl (41 kB)
2025-08-19T15:53:01.5358694Z Using cached python_telegram_bot-22.3-py3-none-any.whl (717 kB)
2025-08-19T15:53:01.5376852Z Using cached requests-2.32.4-py3-none-any.whl (64 kB)
2025-08-19T15:53:01.5390085Z Using cached respx-0.22.0-py2.py3-none-any.whl (25 kB)
2025-08-19T15:53:01.5403361Z Using cached ruff-0.4.4-py3-none-manylinux_2_17_x86_64.manylinux2014_x86_64.whl (8.7 MB)
2025-08-19T15:53:01.5477191Z Using cached sqlalchemy-2.0.43-cp311-cp311-manylinux_2_17_x86_64.manylinux2014_x86_64.whl (3.3 MB)
2025-08-19T15:53:01.5513268Z Using cached structlog-24.1.0-py3-none-any.whl (65 kB)
2025-08-19T15:53:01.5526549Z Using cached testcontainers-4.10.0-py3-none-any.whl (107 kB)
2025-08-19T15:53:01.5599752Z Downloading types_requests-2.32.4.20250809-py3-none-any.whl (20 kB)
2025-08-19T15:53:01.5667593Z Using cached docspec_python-2.2.2-py3-none-any.whl (15 kB)
2025-08-19T15:53:01.5680463Z Using cached pydoc_markdown-4.8.2-py3-none-any.whl (67 kB)
2025-08-19T15:53:01.5693796Z Using cached docspec-2.2.1-py3-none-any.whl (9.8 kB)
2025-08-19T15:53:01.5706981Z Using cached psycopg_binary-3.2.9-cp311-cp311-manylinux_2_17_x86_64.manylinux2014_x86_64.whl (4.5 MB)
2025-08-19T15:53:01.5752680Z Using cached pydantic_core-2.33.2-cp311-cp311-manylinux_2_17_x86_64.manylinux2014_x86_64.whl (2.0 MB)
2025-08-19T15:53:01.5779887Z Using cached redis-6.4.0-py3-none-any.whl (279 kB)
2025-08-19T15:53:01.5794994Z Using cached minio-7.2.16-py3-none-any.whl (95 kB)
2025-08-19T15:53:01.5808933Z Using cached httpx-0.28.1-py3-none-any.whl (73 kB)
2025-08-19T15:53:01.5823296Z Using cached mypy-1.17.1-cp311-cp311-manylinux2014_x86_64.manylinux_2_17_x86_64.manylinux_2_28_x86_64.whl (12.6 MB)
2025-08-19T15:53:01.5925455Z Using cached numpy-1.26.4-cp311-cp311-manylinux_2_17_x86_64.manylinux2014_x86_64.whl (18.3 MB)
2025-08-19T15:53:01.6066865Z Using cached pandas-2.2.3-cp311-cp311-manylinux_2_17_x86_64.manylinux2014_x86_64.whl (13.1 MB)
2025-08-19T15:53:01.6174247Z Using cached pandera-0.19.3-py3-none-any.whl (251 kB)
2025-08-19T15:53:01.6189607Z Using cached billiard-4.2.1-py3-none-any.whl (86 kB)
2025-08-19T15:53:01.6204277Z Using cached charset_normalizer-3.4.3-cp311-cp311-manylinux2014_x86_64.manylinux_2_17_x86_64.manylinux_2_28_x86_64.whl (150 kB)
2025-08-19T15:53:01.6218509Z Using cached click-8.2.1-py3-none-any.whl (102 kB)
2025-08-19T15:53:01.6232662Z Using cached databind.core-4.5.2-py3-none-any.whl (1.5 kB)
2025-08-19T15:53:01.6246048Z Using cached databind-4.5.2-py3-none-any.whl (49 kB)
2025-08-19T15:53:01.6259617Z Using cached databind.json-4.5.2-py3-none-any.whl (1.5 kB)
2025-08-19T15:53:01.6273036Z Using cached Deprecated-1.2.18-py2.py3-none-any.whl (10.0 kB)
2025-08-19T15:53:01.6286484Z Using cached httpcore-1.0.9-py3-none-any.whl (78 kB)
2025-08-19T15:53:01.6300225Z Using cached idna-3.10-py3-none-any.whl (70 kB)
2025-08-19T15:53:01.6314000Z Using cached kombu-5.5.4-py3-none-any.whl (210 kB)
2025-08-19T15:53:01.6328470Z Using cached vine-5.1.0-py3-none-any.whl (9.6 kB)
2025-08-19T15:53:01.6341680Z Using cached amqp-5.3.1-py3-none-any.whl (50 kB)
2025-08-19T15:53:01.6355919Z Using cached multimethod-1.10-py3-none-any.whl (9.9 kB)
2025-08-19T15:53:01.6368942Z Using cached nr_date-2.1.0-py3-none-any.whl (10 kB)
2025-08-19T15:53:01.6382215Z Using cached nr_stream-1.1.5-py3-none-any.whl (10 kB)
2025-08-19T15:53:01.6395847Z Using cached nr.util-0.8.12-py3-none-any.whl (90 kB)
2025-08-19T15:53:01.6409545Z Using cached pytest-8.4.1-py3-none-any.whl (365 kB)
2025-08-19T15:53:01.6425787Z Using cached pluggy-1.6.0-py3-none-any.whl (20 kB)
2025-08-19T15:53:01.6439630Z Using cached PyYAML-6.0.2-cp311-cp311-manylinux_2_17_x86_64.manylinux2014_x86_64.whl (762 kB)
2025-08-19T15:53:01.6458461Z Using cached starlette-0.47.2-py3-none-any.whl (72 kB)
2025-08-19T15:53:01.6472004Z Using cached anyio-4.10.0-py3-none-any.whl (107 kB)
2025-08-19T15:53:01.6486749Z Using cached tomli-2.2.1-cp311-cp311-manylinux_2_17_x86_64.manylinux2014_x86_64.whl (236 kB)
2025-08-19T15:53:01.6501718Z Using cached tomli_w-1.2.0-py3-none-any.whl (6.7 kB)
2025-08-19T15:53:01.6515175Z Using cached typeapi-2.2.4-py3-none-any.whl (26 kB)
2025-08-19T15:53:01.6528684Z Using cached typing_extensions-4.14.1-py3-none-any.whl (43 kB)
2025-08-19T15:53:01.6542090Z Using cached urllib3-2.5.0-py3-none-any.whl (129 kB)
2025-08-19T15:53:01.6556893Z Using cached wrapt-1.17.3-cp311-cp311-manylinux1_x86_64.manylinux_2_28_x86_64.manylinux_2_5_x86_64.whl (82 kB)
2025-08-19T15:53:01.6570675Z Using cached boto3-1.40.12-py3-none-any.whl (140 kB)
2025-08-19T15:53:01.6585050Z Using cached botocore-1.40.12-py3-none-any.whl (14.0 MB)
2025-08-19T15:53:01.6697564Z Using cached jmespath-1.0.1-py3-none-any.whl (20 kB)
2025-08-19T15:53:01.6711160Z Using cached python_dateutil-2.9.0.post0-py2.py3-none-any.whl (229 kB)
2025-08-19T15:53:01.6726368Z Using cached s3transfer-0.13.1-py3-none-any.whl (85 kB)
2025-08-19T15:53:01.6740199Z Using cached itsdangerous-2.2.0-py3-none-any.whl (16 kB)
2025-08-19T15:53:01.6753911Z Using cached python_dotenv-1.1.1-py3-none-any.whl (20 kB)
2025-08-19T15:53:01.6767576Z Using cached python_multipart-0.0.20-py3-none-any.whl (24 kB)
2025-08-19T15:53:01.6781080Z Using cached annotated_types-0.7.0-py3-none-any.whl (13 kB)
2025-08-19T15:53:01.6794742Z Using cached certifi-2025.8.3-py3-none-any.whl (161 kB)
2025-08-19T15:53:01.6809168Z Using cached click_didyoumean-0.3.1-py3-none-any.whl (3.6 kB)
2025-08-19T15:53:01.6822549Z Using cached click_plugins-1.1.1.2-py2.py3-none-any.whl (11 kB)
2025-08-19T15:53:01.6835905Z Using cached click_repl-0.3.0-py3-none-any.whl (10 kB)
2025-08-19T15:53:01.6850559Z Using cached coverage-7.10.4-cp311-cp311-manylinux1_x86_64.manylinux_2_28_x86_64.manylinux_2_5_x86_64.whl (249 kB)
2025-08-19T15:53:01.6865246Z Using cached email_validator-2.2.0-py3-none-any.whl (33 kB)
2025-08-19T15:53:01.6878807Z Using cached dnspython-2.7.0-py3-none-any.whl (313 kB)
2025-08-19T15:53:01.6894299Z Using cached fastapi_cli-0.0.8-py3-none-any.whl (10 kB)
2025-08-19T15:53:01.6907671Z Using cached fastapi_cloud_cli-0.1.5-py3-none-any.whl (18 kB)
2025-08-19T15:53:01.6921415Z Using cached greenlet-3.2.4-cp311-cp311-manylinux_2_24_x86_64.manylinux_2_28_x86_64.whl (587 kB)
2025-08-19T15:53:01.6938887Z Using cached h11-0.16.0-py3-none-any.whl (37 kB)
2025-08-19T15:53:01.6952550Z Using cached iniconfig-2.1.0-py3-none-any.whl (6.0 kB)
2025-08-19T15:53:01.6966449Z Using cached MarkupSafe-3.0.2-cp311-cp311-manylinux_2_17_x86_64.manylinux2014_x86_64.whl (23 kB)
2025-08-19T15:53:01.6979924Z Using cached mirakuru-2.6.1-py3-none-any.whl (26 kB)
2025-08-19T15:53:01.6993544Z Using cached orjson-3.11.2-cp311-cp311-manylinux_2_17_x86_64.manylinux2014_x86_64.whl (121 kB)
2025-08-19T15:53:01.7007571Z Using cached packaging-25.0-py3-none-any.whl (66 kB)
2025-08-19T15:53:01.7021225Z Using cached pathspec-0.12.1-py3-none-any.whl (31 kB)
2025-08-19T15:53:01.7035001Z Using cached platformdirs-4.3.8-py3-none-any.whl (18 kB)
2025-08-19T15:53:01.7048287Z Using cached port_for-0.7.4-py3-none-any.whl (21 kB)
2025-08-19T15:53:01.7061672Z Using cached prompt_toolkit-3.0.51-py3-none-any.whl (387 kB)
2025-08-19T15:53:01.7078860Z Using cached psutil-7.0.0-cp36-abi3-manylinux_2_12_x86_64.manylinux2010_x86_64.manylinux_2_17_x86_64.manylinux2014_x86_64.whl (277 kB)
2025-08-19T15:53:01.7093936Z Using cached pydantic_extra_types-2.10.5-py3-none-any.whl (38 kB)
2025-08-19T15:53:01.7107443Z Using cached pydantic_settings-2.10.1-py3-none-any.whl (45 kB)
2025-08-19T15:53:01.7121026Z Using cached pygments-2.19.2-py3-none-any.whl (1.2 MB)
2025-08-19T15:53:01.7144089Z Using cached pytz-2025.2-py2.py3-none-any.whl (509 kB)
2025-08-19T15:53:01.7160716Z Using cached rich_toolkit-0.15.0-py3-none-any.whl (29 kB)
2025-08-19T15:53:01.7173939Z Using cached rich-14.1.0-py3-none-any.whl (243 kB)
2025-08-19T15:53:01.7188402Z Using cached markdown_it_py-4.0.0-py3-none-any.whl (87 kB)
2025-08-19T15:53:01.7201759Z Using cached mdurl-0.1.2-py3-none-any.whl (10.0 kB)
2025-08-19T15:53:01.7215381Z Using cached rignore-0.6.4-cp311-cp311-manylinux_2_17_x86_64.manylinux2014_x86_64.whl (950 kB)
2025-08-19T15:53:01.7235108Z Using cached sentry_sdk-2.35.0-py2.py3-none-any.whl (363 kB)
2025-08-19T15:53:01.7250285Z Using cached six-1.17.0-py2.py3-none-any.whl (11 kB)
2025-08-19T15:53:01.7263127Z Using cached sniffio-1.3.1-py3-none-any.whl (10 kB)
2025-08-19T15:53:01.7275935Z Using cached typer-0.16.1-py3-none-any.whl (46 kB)
2025-08-19T15:53:01.7288951Z Using cached shellingham-1.5.4-py2.py3-none-any.whl (9.8 kB)
2025-08-19T15:53:01.7301688Z Using cached typing_inspect-0.9.0-py3-none-any.whl (8.8 kB)
2025-08-19T15:53:01.7314888Z Using cached typing_inspection-0.4.1-py3-none-any.whl (14 kB)
2025-08-19T15:53:01.7327708Z Using cached tzdata-2025.2-py2.py3-none-any.whl (347 kB)
2025-08-19T15:53:01.7342927Z Using cached tzlocal-5.3.1-py3-none-any.whl (18 kB)
2025-08-19T15:53:01.7356075Z Using cached ujson-5.10.0-cp311-cp311-manylinux_2_17_x86_64.manylinux2014_x86_64.whl (53 kB)
2025-08-19T15:53:01.7368862Z Using cached uvicorn-0.35.0-py3-none-any.whl (66 kB)
2025-08-19T15:53:01.7382765Z Using cached httptools-0.6.4-cp311-cp311-manylinux_2_5_x86_64.manylinux1_x86_64.manylinux_2_17_x86_64.manylinux2014_x86_64.whl (459 kB)
2025-08-19T15:53:01.7398891Z Using cached uvloop-0.21.0-cp311-cp311-manylinux_2_17_x86_64.manylinux2014_x86_64.whl (4.0 MB)
2025-08-19T15:53:01.7440996Z Using cached watchfiles-1.1.0-cp311-cp311-manylinux_2_17_x86_64.manylinux2014_x86_64.whl (453 kB)
2025-08-19T15:53:01.7457390Z Using cached websockets-15.0.1-cp311-cp311-manylinux_2_5_x86_64.manylinux1_x86_64.manylinux_2_17_x86_64.manylinux2014_x86_64.whl (182 kB)
2025-08-19T15:53:01.7470869Z Using cached yapf-0.43.0-py3-none-any.whl (256 kB)
2025-08-19T15:53:01.7485508Z Using cached argon2_cffi-25.1.0-py3-none-any.whl (14 kB)
2025-08-19T15:53:01.7498854Z Using cached argon2_cffi_bindings-25.1.0-cp39-abi3-manylinux_2_26_x86_64.manylinux_2_28_x86_64.whl (87 kB)
2025-08-19T15:53:01.7512403Z Using cached cffi-1.17.1-cp311-cp311-manylinux_2_17_x86_64.manylinux2014_x86_64.whl (467 kB)
2025-08-19T15:53:01.7528572Z Using cached docker-7.1.0-py3-none-any.whl (147 kB)
2025-08-19T15:53:01.7542569Z Using cached et_xmlfile-2.0.0-py3-none-any.whl (18 kB)
2025-08-19T15:53:01.7555446Z Using cached mako-1.3.10-py3-none-any.whl (78 kB)
2025-08-19T15:53:01.7568666Z Using cached pycparser-2.22-py3-none-any.whl (117 kB)
2025-08-19T15:53:01.7582791Z Using cached pycryptodome-3.23.0-cp37-abi3-manylinux_2_17_x86_64.manylinux2014_x86_64.whl (2.3 MB)
2025-08-19T15:53:01.7611960Z Using cached typeguard-4.4.4-py3-none-any.whl (34 kB)
2025-08-19T15:53:01.7625262Z Using cached watchdog-6.0.0-py3-none-manylinux2014_x86_64.whl (79 kB)
2025-08-19T15:53:01.7638443Z Using cached wcwidth-0.2.13-py2.py3-none-any.whl (34 kB)
2025-08-19T15:53:02.1667352Z Installing collected packages: wcwidth, pytz, wrapt, websockets, watchdog, vine, uvloop, urllib3, ujson, tzlocal, tzdata, typing-extensions, tomli_w, tomli, structlog, sniffio, six, shellingham, ruff, rignore, redis, PyYAML, python-multipart, python-dotenv, pygments, pycryptodome, pycparser, psycopg2-binary, psycopg-binary, psutil, prompt-toolkit, port-for, pluggy, platformdirs, pathspec, packaging, orjson, numpy, nr-stream, nr-date, mypy-extensions, multimethod, mdurl, MarkupSafe, jmespath, itsdangerous, iniconfig, imapclient, idna, httptools, h11, greenlet, et-xmlfile, docstring-parser, dnspython, coverage, click, charset_normalizer, certifi, billiard, asyncpg, annotated-types, yapf, uvicorn, typing-inspection, typing-inspect, types-requests, typeguard, typeapi, sqlalchemy, sentry-sdk, requests, python-dateutil, pytest, pydantic-core, psycopg, openpyxl, mypy, mirakuru, markdown-it-py, Mako, Jinja2, httpcore, email-validator, Deprecated, click-repl, click-plugins, click-didyoumean, cffi, black, apscheduler, anyio, amqp, watchfiles, starlette, rich, pytest-postgresql, pytest-cov, pytest-asyncio, pydantic, pandas, nr-util, kombu, httpx, docker, databind, botocore, argon2-cffi-bindings, alembic, typer, testcontainers, s3transfer, rich-toolkit, respx, python-telegram-bot, pydantic-settings, pydantic-extra-types, pandera, fastapi, databind.json, databind.core, celery, asgi-correlation-id, argon2-cffi, minio, fastapi-limiter, fastapi-cloud-cli, fastapi-cli, docspec, boto3, docspec-python, pydoc-markdown
2025-08-19T15:53:18.7226243Z 
2025-08-19T15:53:18.7291471Z Successfully installed Deprecated-1.2.18 Jinja2-3.1.6 Mako-1.3.10 MarkupSafe-3.0.2 PyYAML-6.0.2 alembic-1.13.1 amqp-5.3.1 annotated-types-0.7.0 anyio-4.10.0 apscheduler-3.10.4 argon2-cffi-25.1.0 argon2-cffi-bindings-25.1.0 asgi-correlation-id-4.3.1 asyncpg-0.30.0 billiard-4.2.1 black-25.1.0 boto3-1.40.12 botocore-1.40.12 celery-5.5.3 certifi-2025.8.3 cffi-1.17.1 charset_normalizer-3.4.3 click-8.2.1 click-didyoumean-0.3.1 click-plugins-1.1.1.2 click-repl-0.3.0 coverage-7.10.4 databind-4.5.2 databind.core-4.5.2 databind.json-4.5.2 dnspython-2.7.0 docker-7.1.0 docspec-2.2.1 docspec-python-2.2.2 docstring-parser-0.11 email-validator-2.2.0 et-xmlfile-2.0.0 fastapi-0.116.1 fastapi-cli-0.0.8 fastapi-cloud-cli-0.1.5 fastapi-limiter-0.1.6 greenlet-3.2.4 h11-0.16.0 httpcore-1.0.9 httptools-0.6.4 httpx-0.28.1 idna-3.10 imapclient-3.0.1 iniconfig-2.1.0 itsdangerous-2.2.0 jmespath-1.0.1 kombu-5.5.4 markdown-it-py-4.0.0 mdurl-0.1.2 minio-7.2.16 mirakuru-2.6.1 multimethod-1.10 mypy-1.17.1 mypy-extensions-1.1.0 nr-date-2.1.0 nr-stream-1.1.5 nr-util-0.8.12 numpy-1.26.4 openpyxl-3.1.5 orjson-3.11.2 packaging-25.0 pandas-2.2.3 pandera-0.19.3 pathspec-0.12.1 platformdirs-4.3.8 pluggy-1.6.0 port-for-0.7.4 prompt-toolkit-3.0.51 psutil-7.0.0 psycopg-3.2.9 psycopg-binary-3.2.9 psycopg2-binary-2.9.10 pycparser-2.22 pycryptodome-3.23.0 pydantic-2.11.7 pydantic-core-2.33.2 pydantic-extra-types-2.10.5 pydantic-settings-2.10.1 pydoc-markdown-4.8.2 pygments-2.19.2 pytest-8.4.1 pytest-asyncio-0.23.6 pytest-cov-6.2.1 pytest-postgresql-7.0.2 python-dateutil-2.9.0.post0 python-dotenv-1.1.1 python-multipart-0.0.20 python-telegram-bot-22.3 pytz-2025.2 redis-6.4.0 requests-2.32.4 respx-0.22.0 rich-14.1.0 rich-toolkit-0.15.0 rignore-0.6.4 ruff-0.4.4 s3transfer-0.13.1 sentry-sdk-2.35.0 shellingham-1.5.4 six-1.17.0 sniffio-1.3.1 sqlalchemy-2.0.43 starlette-0.47.2 structlog-24.1.0 testcontainers-4.10.0 tomli-2.2.1 tomli_w-1.2.0 typeapi-2.2.4 typeguard-4.4.4 typer-0.16.1 types-requests-2.32.4.20250809 typing-extensions-4.14.1 typing-inspect-0.9.0 typing-inspection-0.4.1 tzdata-2025.2 tzlocal-5.3.1 ujson-5.10.0 urllib3-2.5.0 uvicorn-0.35.0 uvloop-0.21.0 vine-5.1.0 watchdog-6.0.0 watchfiles-1.1.0 wcwidth-0.2.13 websockets-15.0.1 wrapt-1.17.3 yapf-0.43.0
2025-08-19T15:53:20.5191577Z Collecting keepa==1.3.15
2025-08-19T15:53:20.5206478Z   Using cached keepa-1.3.15-py3-none-any.whl.metadata (11 kB)
2025-08-19T15:53:20.5499301Z Collecting minio==7.1.15
2025-08-19T15:53:20.5513951Z   Using cached minio-7.1.15-py3-none-any.whl.metadata (4.2 kB)
2025-08-19T15:53:20.5538462Z Requirement already satisfied: numpy>=1.9.3 in /opt/hostedtoolcache/Python/3.11.13/x64/lib/python3.11/site-packages (from keepa==1.3.15) (1.26.4)
2025-08-19T15:53:20.5543625Z Requirement already satisfied: requests>=2.2 in /opt/hostedtoolcache/Python/3.11.13/x64/lib/python3.11/site-packages (from keepa==1.3.15) (2.32.4)
2025-08-19T15:53:20.5873266Z Collecting tqdm (from keepa==1.3.15)
2025-08-19T15:53:20.5887976Z   Using cached tqdm-4.67.1-py3-none-any.whl.metadata (57 kB)
2025-08-19T15:53:21.0730366Z Collecting aiohttp (from keepa==1.3.15)
2025-08-19T15:53:21.0748059Z   Using cached aiohttp-3.12.15-cp311-cp311-manylinux_2_17_x86_64.manylinux2014_x86_64.whl.metadata (7.7 kB)
2025-08-19T15:53:21.0779152Z Requirement already satisfied: pandas<=3.0 in /opt/hostedtoolcache/Python/3.11.13/x64/lib/python3.11/site-packages (from keepa==1.3.15) (2.2.3)
2025-08-19T15:53:21.0783225Z Requirement already satisfied: pydantic in /opt/hostedtoolcache/Python/3.11.13/x64/lib/python3.11/site-packages (from keepa==1.3.15) (2.11.7)
2025-08-19T15:53:21.0790673Z Requirement already satisfied: certifi in /opt/hostedtoolcache/Python/3.11.13/x64/lib/python3.11/site-packages (from minio==7.1.15) (2025.8.3)
2025-08-19T15:53:21.0793943Z Requirement already satisfied: urllib3 in /opt/hostedtoolcache/Python/3.11.13/x64/lib/python3.11/site-packages (from minio==7.1.15) (2.5.0)
2025-08-19T15:53:21.0841114Z Requirement already satisfied: python-dateutil>=2.8.2 in /opt/hostedtoolcache/Python/3.11.13/x64/lib/python3.11/site-packages (from pandas<=3.0->keepa==1.3.15) (2.9.0.post0)
2025-08-19T15:53:21.0845705Z Requirement already satisfied: pytz>=2020.1 in /opt/hostedtoolcache/Python/3.11.13/x64/lib/python3.11/site-packages (from pandas<=3.0->keepa==1.3.15) (2025.2)
2025-08-19T15:53:21.0849914Z Requirement already satisfied: tzdata>=2022.7 in /opt/hostedtoolcache/Python/3.11.13/x64/lib/python3.11/site-packages (from pandas<=3.0->keepa==1.3.15) (2025.2)
2025-08-19T15:53:21.0962870Z Requirement already satisfied: six>=1.5 in /opt/hostedtoolcache/Python/3.11.13/x64/lib/python3.11/site-packages (from python-dateutil>=2.8.2->pandas<=3.0->keepa==1.3.15) (1.17.0)
2025-08-19T15:53:21.0979932Z Requirement already satisfied: charset_normalizer<4,>=2 in /opt/hostedtoolcache/Python/3.11.13/x64/lib/python3.11/site-packages (from requests>=2.2->keepa==1.3.15) (3.4.3)
2025-08-19T15:53:21.0984917Z Requirement already satisfied: idna<4,>=2.5 in /opt/hostedtoolcache/Python/3.11.13/x64/lib/python3.11/site-packages (from requests>=2.2->keepa==1.3.15) (3.10)
2025-08-19T15:53:21.1197199Z Collecting aiohappyeyeballs>=2.5.0 (from aiohttp->keepa==1.3.15)
2025-08-19T15:53:21.1210858Z   Using cached aiohappyeyeballs-2.6.1-py3-none-any.whl.metadata (5.9 kB)
2025-08-19T15:53:21.1328174Z Collecting aiosignal>=1.4.0 (from aiohttp->keepa==1.3.15)
2025-08-19T15:53:21.1341583Z   Using cached aiosignal-1.4.0-py3-none-any.whl.metadata (3.7 kB)
2025-08-19T15:53:21.1522709Z Collecting attrs>=17.3.0 (from aiohttp->keepa==1.3.15)
2025-08-19T15:53:21.1536453Z   Using cached attrs-25.3.0-py3-none-any.whl.metadata (10 kB)
2025-08-19T15:53:21.2284644Z Collecting frozenlist>=1.1.1 (from aiohttp->keepa==1.3.15)
2025-08-19T15:53:21.2313601Z   Using cached frozenlist-1.7.0-cp311-cp311-manylinux_2_5_x86_64.manylinux1_x86_64.manylinux_2_17_x86_64.manylinux2014_x86_64.whl.metadata (18 kB)
2025-08-19T15:53:21.4546352Z Collecting multidict<7.0,>=4.5 (from aiohttp->keepa==1.3.15)
2025-08-19T15:53:21.4562578Z   Using cached multidict-6.6.4-cp311-cp311-manylinux2014_x86_64.manylinux_2_17_x86_64.manylinux_2_28_x86_64.whl.metadata (5.3 kB)
2025-08-19T15:53:21.5000010Z Collecting propcache>=0.2.0 (from aiohttp->keepa==1.3.15)
2025-08-19T15:53:21.5013986Z   Using cached propcache-0.3.2-cp311-cp311-manylinux_2_17_x86_64.manylinux2014_x86_64.whl.metadata (12 kB)
2025-08-19T15:53:21.7572805Z Collecting yarl<2.0,>=1.17.0 (from aiohttp->keepa==1.3.15)
2025-08-19T15:53:21.7589242Z   Using cached yarl-1.20.1-cp311-cp311-manylinux_2_17_x86_64.manylinux2014_x86_64.whl.metadata (73 kB)
2025-08-19T15:53:21.7788398Z Requirement already satisfied: typing-extensions>=4.2 in /opt/hostedtoolcache/Python/3.11.13/x64/lib/python3.11/site-packages (from aiosignal>=1.4.0->aiohttp->keepa==1.3.15) (4.14.1)
2025-08-19T15:53:21.7832148Z Requirement already satisfied: annotated-types>=0.6.0 in /opt/hostedtoolcache/Python/3.11.13/x64/lib/python3.11/site-packages (from pydantic->keepa==1.3.15) (0.7.0)
2025-08-19T15:53:21.7837825Z Requirement already satisfied: pydantic-core==2.33.2 in /opt/hostedtoolcache/Python/3.11.13/x64/lib/python3.11/site-packages (from pydantic->keepa==1.3.15) (2.33.2)
2025-08-19T15:53:21.7843580Z Requirement already satisfied: typing-inspection>=0.4.0 in /opt/hostedtoolcache/Python/3.11.13/x64/lib/python3.11/site-packages (from pydantic->keepa==1.3.15) (0.4.1)
2025-08-19T15:53:21.7901421Z Using cached keepa-1.3.15-py3-none-any.whl (38 kB)
2025-08-19T15:53:21.7914973Z Using cached minio-7.1.15-py3-none-any.whl (77 kB)
2025-08-19T15:53:21.7928680Z Using cached aiohttp-3.12.15-cp311-cp311-manylinux_2_17_x86_64.manylinux2014_x86_64.whl (1.7 MB)
2025-08-19T15:53:21.7954634Z Using cached multidict-6.6.4-cp311-cp311-manylinux2014_x86_64.manylinux_2_17_x86_64.manylinux_2_28_x86_64.whl (246 kB)
2025-08-19T15:53:21.7969630Z Using cached yarl-1.20.1-cp311-cp311-manylinux_2_17_x86_64.manylinux2014_x86_64.whl (348 kB)
2025-08-19T15:53:21.7984871Z Using cached aiohappyeyeballs-2.6.1-py3-none-any.whl (15 kB)
2025-08-19T15:53:21.7997740Z Using cached aiosignal-1.4.0-py3-none-any.whl (7.5 kB)
2025-08-19T15:53:21.8010406Z Using cached attrs-25.3.0-py3-none-any.whl (63 kB)
2025-08-19T15:53:21.8024308Z Using cached frozenlist-1.7.0-cp311-cp311-manylinux_2_5_x86_64.manylinux1_x86_64.manylinux_2_17_x86_64.manylinux2014_x86_64.whl (235 kB)
2025-08-19T15:53:21.8038542Z Using cached propcache-0.3.2-cp311-cp311-manylinux_2_17_x86_64.manylinux2014_x86_64.whl (213 kB)
2025-08-19T15:53:21.8052585Z Using cached tqdm-4.67.1-py3-none-any.whl (78 kB)
2025-08-19T15:53:21.9545980Z Installing collected packages: tqdm, propcache, multidict, minio, frozenlist, attrs, aiohappyeyeballs, yarl, aiosignal, aiohttp, keepa
2025-08-19T15:53:22.0207781Z   Attempting uninstall: minio
2025-08-19T15:53:22.0238942Z     Found existing installation: minio 7.2.16
2025-08-19T15:53:22.0273033Z     Uninstalling minio-7.2.16:
2025-08-19T15:53:22.0282726Z       Successfully uninstalled minio-7.2.16
2025-08-19T15:53:22.3486460Z 
2025-08-19T15:53:22.3541967Z Successfully installed aiohappyeyeballs-2.6.1 aiohttp-3.12.15 aiosignal-1.4.0 attrs-25.3.0 frozenlist-1.7.0 keepa-1.3.15 minio-7.1.15 multidict-6.6.4 propcache-0.3.2 tqdm-4.67.1 yarl-1.20.1
2025-08-19T15:53:22.5148986Z ##[group]Run sudo apt-get update
2025-08-19T15:53:22.5150162Z [36;1msudo apt-get update[0m
2025-08-19T15:53:22.5150655Z [36;1msudo apt-get install -y postgresql[0m
2025-08-19T15:53:22.5151492Z [36;1mecho "/usr/lib/postgresql/$(pg_config --version | cut -d' ' -f2 | cut -d'.' -f1,2)/bin" >> $GITHUB_PATH[0m
2025-08-19T15:53:22.5210833Z shell: /usr/bin/bash -e {0}
2025-08-19T15:53:22.5211229Z env:
2025-08-19T15:53:22.5211531Z   PG_USER: postgres
2025-08-19T15:53:22.5211886Z   PG_PASSWORD: pass
2025-08-19T15:53:22.5212235Z   PG_DATABASE: awa
2025-08-19T15:53:22.5212822Z   PG_HOST: localhost
2025-08-19T15:53:22.5213166Z   PG_PORT: 5432
2025-08-19T15:53:22.5213886Z   PG_SYNC_DSN: ***localhost:5432/awa
2025-08-19T15:53:22.5214639Z   PG_ASYNC_DSN: ***localhost:5432/awa
2025-08-19T15:53:22.5215412Z   DATABASE_URL: ***localhost:5432/awa
2025-08-19T15:53:22.5215877Z   DATA_DIR: /tmp/awa-data
2025-08-19T15:53:22.5216262Z   ENABLE_LIVE: 0
2025-08-19T15:53:22.5216588Z   TESTING: 1
2025-08-19T15:53:22.5217075Z   pythonLocation: /opt/hostedtoolcache/Python/3.11.13/x64
2025-08-19T15:53:22.5217841Z   PKG_CONFIG_PATH: /opt/hostedtoolcache/Python/3.11.13/x64/lib/pkgconfig
2025-08-19T15:53:22.5218578Z   Python_ROOT_DIR: /opt/hostedtoolcache/Python/3.11.13/x64
2025-08-19T15:53:22.5219248Z   Python2_ROOT_DIR: /opt/hostedtoolcache/Python/3.11.13/x64
2025-08-19T15:53:22.5219909Z   Python3_ROOT_DIR: /opt/hostedtoolcache/Python/3.11.13/x64
2025-08-19T15:53:22.5220568Z   LD_LIBRARY_PATH: /opt/hostedtoolcache/Python/3.11.13/x64/lib
2025-08-19T15:53:22.5221106Z ##[endgroup]
2025-08-19T15:53:22.6022139Z Get:1 file:/etc/apt/apt-mirrors.txt Mirrorlist [144 B]
2025-08-19T15:53:22.6431290Z Hit:2 http://azure.archive.ubuntu.com/ubuntu noble InRelease
2025-08-19T15:53:22.6435278Z Hit:6 https://packages.microsoft.com/repos/azure-cli noble InRelease
2025-08-19T15:53:22.6436944Z Get:7 https://packages.microsoft.com/ubuntu/24.04/prod noble InRelease [3600 B]
2025-08-19T15:53:22.6453536Z Get:3 http://azure.archive.ubuntu.com/ubuntu noble-updates InRelease [126 kB]
2025-08-19T15:53:22.6508884Z Get:4 http://azure.archive.ubuntu.com/ubuntu noble-backports InRelease [126 kB]
2025-08-19T15:53:22.6535969Z Get:5 http://azure.archive.ubuntu.com/ubuntu noble-security InRelease [126 kB]
2025-08-19T15:53:22.8427423Z Get:8 https://packages.microsoft.com/ubuntu/24.04/prod noble/main arm64 Packages [33.1 kB]
2025-08-19T15:53:22.8570779Z Get:9 https://packages.microsoft.com/ubuntu/24.04/prod noble/main amd64 Packages [47.9 kB]
2025-08-19T15:53:22.8647453Z Get:10 http://azure.archive.ubuntu.com/ubuntu noble-updates/main amd64 Packages [1337 kB]
2025-08-19T15:53:22.8743044Z Get:11 http://azure.archive.ubuntu.com/ubuntu noble-updates/main Translation-en [267 kB]
2025-08-19T15:53:22.8761670Z Get:12 http://azure.archive.ubuntu.com/ubuntu noble-updates/main amd64 Components [175 kB]
2025-08-19T15:53:22.8790292Z Get:13 http://azure.archive.ubuntu.com/ubuntu noble-updates/universe amd64 Packages [1121 kB]
2025-08-19T15:53:22.8859271Z Get:14 http://azure.archive.ubuntu.com/ubuntu noble-updates/universe Translation-en [288 kB]
2025-08-19T15:53:22.8887761Z Get:15 http://azure.archive.ubuntu.com/ubuntu noble-updates/universe amd64 Components [377 kB]
2025-08-19T15:53:22.8920140Z Get:16 http://azure.archive.ubuntu.com/ubuntu noble-updates/restricted amd64 Packages [1700 kB]
2025-08-19T15:53:22.9012415Z Get:17 http://azure.archive.ubuntu.com/ubuntu noble-updates/restricted Translation-en [375 kB]
2025-08-19T15:53:22.9043332Z Get:18 http://azure.archive.ubuntu.com/ubuntu noble-updates/restricted amd64 Components [212 B]
2025-08-19T15:53:22.9056897Z Get:19 http://azure.archive.ubuntu.com/ubuntu noble-updates/multiverse amd64 Components [940 B]
2025-08-19T15:53:22.9692697Z Get:20 http://azure.archive.ubuntu.com/ubuntu noble-backports/main amd64 Components [7072 B]
2025-08-19T15:53:22.9708719Z Get:21 http://azure.archive.ubuntu.com/ubuntu noble-backports/universe amd64 Packages [30.2 kB]
2025-08-19T15:53:22.9719733Z Get:22 http://azure.archive.ubuntu.com/ubuntu noble-backports/universe Translation-en [17.4 kB]
2025-08-19T15:53:22.9729629Z Get:23 http://azure.archive.ubuntu.com/ubuntu noble-backports/universe amd64 Components [19.2 kB]
2025-08-19T15:53:22.9740978Z Get:24 http://azure.archive.ubuntu.com/ubuntu noble-backports/restricted amd64 Components [216 B]
2025-08-19T15:53:22.9752769Z Get:25 http://azure.archive.ubuntu.com/ubuntu noble-backports/multiverse amd64 Components [212 B]
2025-08-19T15:53:22.9762498Z Get:26 http://azure.archive.ubuntu.com/ubuntu noble-security/main amd64 Packages [1075 kB]
2025-08-19T15:53:22.9824110Z Get:27 http://azure.archive.ubuntu.com/ubuntu noble-security/main Translation-en [186 kB]
2025-08-19T15:53:22.9846575Z Get:28 http://azure.archive.ubuntu.com/ubuntu noble-security/main amd64 Components [21.6 kB]
2025-08-19T15:53:22.9858672Z Get:29 http://azure.archive.ubuntu.com/ubuntu noble-security/universe amd64 Packages [879 kB]
2025-08-19T15:53:22.9908574Z Get:30 http://azure.archive.ubuntu.com/ubuntu noble-security/universe Translation-en [195 kB]
2025-08-19T15:53:22.9933794Z Get:31 http://azure.archive.ubuntu.com/ubuntu noble-security/universe amd64 Components [52.2 kB]
2025-08-19T15:53:22.9947173Z Get:32 http://azure.archive.ubuntu.com/ubuntu noble-security/restricted amd64 Packages [1610 kB]
2025-08-19T15:53:23.0026854Z Get:33 http://azure.archive.ubuntu.com/ubuntu noble-security/restricted Translation-en [357 kB]
2025-08-19T15:53:23.0489557Z Get:34 http://azure.archive.ubuntu.com/ubuntu noble-security/restricted amd64 Components [212 B]
2025-08-19T15:53:23.0500333Z Get:35 http://azure.archive.ubuntu.com/ubuntu noble-security/multiverse amd64 Components [212 B]
2025-08-19T15:53:29.7614236Z Fetched 10.6 MB in 1s (7971 kB/s)
2025-08-19T15:53:30.4739240Z Reading package lists...
2025-08-19T15:53:30.5058717Z Reading package lists...
2025-08-19T15:53:30.6891368Z Building dependency tree...
2025-08-19T15:53:30.6898715Z Reading state information...
2025-08-19T15:53:30.8524144Z Suggested packages:
2025-08-19T15:53:30.8524512Z   postgresql-doc
2025-08-19T15:53:30.8662620Z The following NEW packages will be installed:
2025-08-19T15:53:30.8663152Z   postgresql
2025-08-19T15:53:30.8831063Z 0 upgraded, 1 newly installed, 0 to remove and 39 not upgraded.
2025-08-19T15:53:30.8831695Z Need to get 11.6 kB of archives.
2025-08-19T15:53:30.8832450Z After this operation, 17.4 kB of additional disk space will be used.
2025-08-19T15:53:30.8832883Z Get:1 file:/etc/apt/apt-mirrors.txt Mirrorlist [144 B]
2025-08-19T15:53:30.9184631Z Get:2 http://azure.archive.ubuntu.com/ubuntu noble-updates/main amd64 postgresql all 16+257build1.1 [11.6 kB]
2025-08-19T15:53:31.1688387Z Fetched 11.6 kB in 0s (253 kB/s)
2025-08-19T15:53:31.1887350Z Selecting previously unselected package postgresql.
2025-08-19T15:53:31.2070589Z (Reading database ... 
2025-08-19T15:53:31.2071128Z (Reading database ... 5%
2025-08-19T15:53:31.2071658Z (Reading database ... 10%
2025-08-19T15:53:31.2072051Z (Reading database ... 15%
2025-08-19T15:53:31.2072739Z (Reading database ... 20%
2025-08-19T15:53:31.2073250Z (Reading database ... 25%
2025-08-19T15:53:31.2073718Z (Reading database ... 30%
2025-08-19T15:53:31.2074156Z (Reading database ... 35%
2025-08-19T15:53:31.2074612Z (Reading database ... 40%
2025-08-19T15:53:31.2075058Z (Reading database ... 45%
2025-08-19T15:53:31.2075487Z (Reading database ... 50%
2025-08-19T15:53:31.2213935Z (Reading database ... 55%
2025-08-19T15:53:31.2349755Z (Reading database ... 60%
2025-08-19T15:53:31.2497208Z (Reading database ... 65%
2025-08-19T15:53:31.2663397Z (Reading database ... 70%
2025-08-19T15:53:31.2831533Z (Reading database ... 75%
2025-08-19T15:53:31.2982547Z (Reading database ... 80%
2025-08-19T15:53:31.3282691Z (Reading database ... 85%
2025-08-19T15:53:31.3701778Z (Reading database ... 90%
2025-08-19T15:53:31.3919805Z (Reading database ... 95%
2025-08-19T15:53:31.3920353Z (Reading database ... 100%
2025-08-19T15:53:31.3921017Z (Reading database ... 219881 files and directories currently installed.)
2025-08-19T15:53:31.3964482Z Preparing to unpack .../postgresql_16+257build1.1_all.deb ...
2025-08-19T15:53:31.3984503Z Unpacking postgresql (16+257build1.1) ...
2025-08-19T15:53:31.4357239Z Setting up postgresql (16+257build1.1) ...
2025-08-19T15:53:32.1079997Z 
2025-08-19T15:53:32.1080488Z Running kernel seems to be up-to-date.
2025-08-19T15:53:32.1080890Z 
2025-08-19T15:53:32.1081042Z Restarting services...
2025-08-19T15:53:32.1152693Z 
2025-08-19T15:53:32.1153133Z Service restarts being deferred:
2025-08-19T15:53:32.1154310Z  systemctl restart hosted-compute-agent.service
2025-08-19T15:53:32.1154673Z 
2025-08-19T15:53:32.1155028Z No containers need to be restarted.
2025-08-19T15:53:32.1155323Z 
2025-08-19T15:53:32.1155532Z No user sessions are running outdated binaries.
2025-08-19T15:53:32.1155861Z 
2025-08-19T15:53:32.1156162Z No VM guests are running outdated hypervisor (qemu) binaries on this host.
2025-08-19T15:53:33.0205962Z ##[group]Run pytest tests/db -q --cov=services --cov-append --cov-fail-under=0
2025-08-19T15:53:33.0206492Z [36;1mpytest tests/db -q --cov=services --cov-append --cov-fail-under=0[0m
2025-08-19T15:53:33.0247284Z shell: /usr/bin/bash -e {0}
2025-08-19T15:53:33.0247523Z env:
2025-08-19T15:53:33.0247711Z   PG_USER: postgres
2025-08-19T15:53:33.0247916Z   PG_PASSWORD: pass
2025-08-19T15:53:33.0248109Z   PG_DATABASE: awa
2025-08-19T15:53:33.0248301Z   PG_HOST: localhost
2025-08-19T15:53:33.0248490Z   PG_PORT: 5432
2025-08-19T15:53:33.0248959Z   PG_SYNC_DSN: ***localhost:5432/awa
2025-08-19T15:53:33.0249387Z   PG_ASYNC_DSN: ***localhost:5432/awa
2025-08-19T15:53:33.0249790Z   DATABASE_URL: ***localhost:5432/awa
2025-08-19T15:53:33.0250034Z   DATA_DIR: /tmp/awa-data
2025-08-19T15:53:33.0250254Z   ENABLE_LIVE: 0
2025-08-19T15:53:33.0250444Z   TESTING: 1
2025-08-19T15:53:33.0250695Z   pythonLocation: /opt/hostedtoolcache/Python/3.11.13/x64
2025-08-19T15:53:33.0251333Z   PKG_CONFIG_PATH: /opt/hostedtoolcache/Python/3.11.13/x64/lib/pkgconfig
2025-08-19T15:53:33.0251750Z   Python_ROOT_DIR: /opt/hostedtoolcache/Python/3.11.13/x64
2025-08-19T15:53:33.0252103Z   Python2_ROOT_DIR: /opt/hostedtoolcache/Python/3.11.13/x64
2025-08-19T15:53:33.0253205Z   Python3_ROOT_DIR: /opt/hostedtoolcache/Python/3.11.13/x64
2025-08-19T15:53:33.0253568Z   LD_LIBRARY_PATH: /opt/hostedtoolcache/Python/3.11.13/x64/lib
2025-08-19T15:53:33.0253871Z ##[endgroup]
2025-08-19T15:53:36.0987325Z /opt/hostedtoolcache/Python/3.11.13/x64/lib/python3.11/site-packages/coverage/report_core.py:118: CoverageWarning: Couldn't parse '/home/runner/work/AWA-App/AWA-App/C:\Users\Alexey\Documents\GitHub\AWA-App\services\__init__.py': No source for code: '/home/runner/work/AWA-App/AWA-App/C:\Users\Alexey\Documents\GitHub\AWA-App\services\__init__.py'. (couldnt-parse)
2025-08-19T15:53:36.0989502Z   coverage._warn(msg, slug="couldnt-parse")
2025-08-19T15:53:36.0991195Z /opt/hostedtoolcache/Python/3.11.13/x64/lib/python3.11/site-packages/coverage/report_core.py:118: CoverageWarning: Couldn't parse '/home/runner/work/AWA-App/AWA-App/C:\Users\Alexey\Documents\GitHub\AWA-App\services\alert_bot\__init__.py': No source for code: '/home/runner/work/AWA-App/AWA-App/C:\Users\Alexey\Documents\GitHub\AWA-App\services\alert_bot\__init__.py'. (couldnt-parse)
2025-08-19T15:53:36.0992964Z   coverage._warn(msg, slug="couldnt-parse")
2025-08-19T15:53:36.0994683Z /opt/hostedtoolcache/Python/3.11.13/x64/lib/python3.11/site-packages/coverage/report_core.py:118: CoverageWarning: Couldn't parse '/home/runner/work/AWA-App/AWA-App/C:\Users\Alexey\Documents\GitHub\AWA-App\services\alert_bot\alert_bot.py': No source for code: '/home/runner/work/AWA-App/AWA-App/C:\Users\Alexey\Documents\GitHub\AWA-App\services\alert_bot\alert_bot.py'. (couldnt-parse)
2025-08-19T15:53:36.0996586Z   coverage._warn(msg, slug="couldnt-parse")
2025-08-19T15:53:36.0998357Z /opt/hostedtoolcache/Python/3.11.13/x64/lib/python3.11/site-packages/coverage/report_core.py:118: CoverageWarning: Couldn't parse '/home/runner/work/AWA-App/AWA-App/C:\Users\Alexey\Documents\GitHub\AWA-App\services\alert_bot\rules\__init__.py': No source for code: '/home/runner/work/AWA-App/AWA-App/C:\Users\Alexey\Documents\GitHub\AWA-App\services\alert_bot\rules\__init__.py'. (couldnt-parse)
2025-08-19T15:53:36.0999845Z   coverage._warn(msg, slug="couldnt-parse")
2025-08-19T15:53:36.1001479Z /opt/hostedtoolcache/Python/3.11.13/x64/lib/python3.11/site-packages/coverage/report_core.py:118: CoverageWarning: Couldn't parse '/home/runner/work/AWA-App/AWA-App/C:\Users\Alexey\Documents\GitHub\AWA-App\services\api\__init__.py': No source for code: '/home/runner/work/AWA-App/AWA-App/C:\Users\Alexey\Documents\GitHub\AWA-App\services\api\__init__.py'. (couldnt-parse)
2025-08-19T15:53:36.1002913Z   coverage._warn(msg, slug="couldnt-parse")
2025-08-19T15:53:36.1004777Z /opt/hostedtoolcache/Python/3.11.13/x64/lib/python3.11/site-packages/coverage/report_core.py:118: CoverageWarning: Couldn't parse '/home/runner/work/AWA-App/AWA-App/C:\Users\Alexey\Documents\GitHub\AWA-App\services\api\config.py': No source for code: '/home/runner/work/AWA-App/AWA-App/C:\Users\Alexey\Documents\GitHub\AWA-App\services\api\config.py'. (couldnt-parse)
2025-08-19T15:53:36.1006103Z   coverage._warn(msg, slug="couldnt-parse")
2025-08-19T15:53:36.1007688Z /opt/hostedtoolcache/Python/3.11.13/x64/lib/python3.11/site-packages/coverage/report_core.py:118: CoverageWarning: Couldn't parse '/home/runner/work/AWA-App/AWA-App/C:\Users\Alexey\Documents\GitHub\AWA-App\services\api\db.py': No source for code: '/home/runner/work/AWA-App/AWA-App/C:\Users\Alexey\Documents\GitHub\AWA-App\services\api\db.py'. (couldnt-parse)
2025-08-19T15:53:36.1008968Z   coverage._warn(msg, slug="couldnt-parse")
2025-08-19T15:53:36.1010406Z /opt/hostedtoolcache/Python/3.11.13/x64/lib/python3.11/site-packages/coverage/report_core.py:118: CoverageWarning: Couldn't parse '/home/runner/work/AWA-App/AWA-App/C:\Users\Alexey\Documents\GitHub\AWA-App\services\api\main.py': No source for code: '/home/runner/work/AWA-App/AWA-App/C:\Users\Alexey\Documents\GitHub\AWA-App\services\api\main.py'. (couldnt-parse)
2025-08-19T15:53:36.1011897Z   coverage._warn(msg, slug="couldnt-parse")
2025-08-19T15:53:36.1013666Z /opt/hostedtoolcache/Python/3.11.13/x64/lib/python3.11/site-packages/coverage/report_core.py:118: CoverageWarning: Couldn't parse '/home/runner/work/AWA-App/AWA-App/C:\Users\Alexey\Documents\GitHub\AWA-App\services\api\models\__init__.py': No source for code: '/home/runner/work/AWA-App/AWA-App/C:\Users\Alexey\Documents\GitHub\AWA-App\services\api\models\__init__.py'. (couldnt-parse)
2025-08-19T15:53:36.1015142Z   coverage._warn(msg, slug="couldnt-parse")
2025-08-19T15:53:36.1016478Z /opt/hostedtoolcache/Python/3.11.13/x64/lib/python3.11/site-packages/coverage/report_core.py:118: CoverageWarning: Couldn't parse '/home/runner/work/AWA-App/AWA-App/C:\Users\Alexey\Documents\GitHub\AWA-App\services\api\models\fee.py': No source for code: '/home/runner/work/AWA-App/AWA-App/C:\Users\Alexey\Documents\GitHub\AWA-App\services\api\models\fee.py'. (couldnt-parse)
2025-08-19T15:53:36.1017964Z   coverage._warn(msg, slug="couldnt-parse")
2025-08-19T15:53:36.1019398Z /opt/hostedtoolcache/Python/3.11.13/x64/lib/python3.11/site-packages/coverage/report_core.py:118: CoverageWarning: Couldn't parse '/home/runner/work/AWA-App/AWA-App/C:\Users\Alexey\Documents\GitHub\AWA-App\services\api\roi_repository.py': No source for code: '/home/runner/work/AWA-App/AWA-App/C:\Users\Alexey\Documents\GitHub\AWA-App\services\api\roi_repository.py'. (couldnt-parse)
2025-08-19T15:53:36.1020874Z   coverage._warn(msg, slug="couldnt-parse")
2025-08-19T15:53:36.1022219Z /opt/hostedtoolcache/Python/3.11.13/x64/lib/python3.11/site-packages/coverage/report_core.py:118: CoverageWarning: Couldn't parse '/home/runner/work/AWA-App/AWA-App/C:\Users\Alexey\Documents\GitHub\AWA-App\services\api\routes\__init__.py': No source for code: '/home/runner/work/AWA-App/AWA-App/C:\Users\Alexey\Documents\GitHub\AWA-App\services\api\routes\__init__.py'. (couldnt-parse)
2025-08-19T15:53:36.1023966Z   coverage._warn(msg, slug="couldnt-parse")
2025-08-19T15:53:36.1025303Z /opt/hostedtoolcache/Python/3.11.13/x64/lib/python3.11/site-packages/coverage/report_core.py:118: CoverageWarning: Couldn't parse '/home/runner/work/AWA-App/AWA-App/C:\Users\Alexey\Documents\GitHub\AWA-App\services\api\routes\health.py': No source for code: '/home/runner/work/AWA-App/AWA-App/C:\Users\Alexey\Documents\GitHub\AWA-App\services\api\routes\health.py'. (couldnt-parse)
2025-08-19T15:53:36.1026773Z   coverage._warn(msg, slug="couldnt-parse")
2025-08-19T15:53:36.1028137Z /opt/hostedtoolcache/Python/3.11.13/x64/lib/python3.11/site-packages/coverage/report_core.py:118: CoverageWarning: Couldn't parse '/home/runner/work/AWA-App/AWA-App/C:\Users\Alexey\Documents\GitHub\AWA-App\services\api\routes\repository.py': No source for code: '/home/runner/work/AWA-App/AWA-App/C:\Users\Alexey\Documents\GitHub\AWA-App\services\api\routes\repository.py'. (couldnt-parse)
2025-08-19T15:53:36.1029936Z   coverage._warn(msg, slug="couldnt-parse")
2025-08-19T15:53:36.1031299Z /opt/hostedtoolcache/Python/3.11.13/x64/lib/python3.11/site-packages/coverage/report_core.py:118: CoverageWarning: Couldn't parse '/home/runner/work/AWA-App/AWA-App/C:\Users\Alexey\Documents\GitHub\AWA-App\services\api\routes\roi.py': No source for code: '/home/runner/work/AWA-App/AWA-App/C:\Users\Alexey\Documents\GitHub\AWA-App\services\api\routes\roi.py'. (couldnt-parse)
2025-08-19T15:53:36.1032966Z   coverage._warn(msg, slug="couldnt-parse")
2025-08-19T15:53:36.1034306Z /opt/hostedtoolcache/Python/3.11.13/x64/lib/python3.11/site-packages/coverage/report_core.py:118: CoverageWarning: Couldn't parse '/home/runner/work/AWA-App/AWA-App/C:\Users\Alexey\Documents\GitHub\AWA-App\services\api\routes\stats.py': No source for code: '/home/runner/work/AWA-App/AWA-App/C:\Users\Alexey\Documents\GitHub\AWA-App\services\api\routes\stats.py'. (couldnt-parse)
2025-08-19T15:53:36.1035927Z   coverage._warn(msg, slug="couldnt-parse")
2025-08-19T15:53:36.1037393Z /opt/hostedtoolcache/Python/3.11.13/x64/lib/python3.11/site-packages/coverage/report_core.py:118: CoverageWarning: Couldn't parse '/home/runner/work/AWA-App/AWA-App/C:\Users\Alexey\Documents\GitHub\AWA-App\services\common\__init__.py': No source for code: '/home/runner/work/AWA-App/AWA-App/C:\Users\Alexey\Documents\GitHub\AWA-App\services\common\__init__.py'. (couldnt-parse)
2025-08-19T15:53:36.1038877Z   coverage._warn(msg, slug="couldnt-parse")
2025-08-19T15:53:36.1040177Z /opt/hostedtoolcache/Python/3.11.13/x64/lib/python3.11/site-packages/coverage/report_core.py:118: CoverageWarning: Couldn't parse '/home/runner/work/AWA-App/AWA-App/C:\Users\Alexey\Documents\GitHub\AWA-App\services\common\base.py': No source for code: '/home/runner/work/AWA-App/AWA-App/C:\Users\Alexey\Documents\GitHub\AWA-App\services\common\base.py'. (couldnt-parse)
2025-08-19T15:53:36.1041760Z   coverage._warn(msg, slug="couldnt-parse")
2025-08-19T15:53:36.1043202Z /opt/hostedtoolcache/Python/3.11.13/x64/lib/python3.11/site-packages/coverage/report_core.py:118: CoverageWarning: Couldn't parse '/home/runner/work/AWA-App/AWA-App/C:\Users\Alexey\Documents\GitHub\AWA-App\services\common\config.py': No source for code: '/home/runner/work/AWA-App/AWA-App/C:\Users\Alexey\Documents\GitHub\AWA-App\services\common\config.py'. (couldnt-parse)
2025-08-19T15:53:36.1044671Z   coverage._warn(msg, slug="couldnt-parse")
2025-08-19T15:53:36.1045954Z /opt/hostedtoolcache/Python/3.11.13/x64/lib/python3.11/site-packages/coverage/report_core.py:118: CoverageWarning: Couldn't parse '/home/runner/work/AWA-App/AWA-App/C:\Users\Alexey\Documents\GitHub\AWA-App\services\common\db.py': No source for code: '/home/runner/work/AWA-App/AWA-App/C:\Users\Alexey\Documents\GitHub\AWA-App\services\common\db.py'. (couldnt-parse)
2025-08-19T15:53:36.1047526Z   coverage._warn(msg, slug="couldnt-parse")
2025-08-19T15:53:36.1048827Z /opt/hostedtoolcache/Python/3.11.13/x64/lib/python3.11/site-packages/coverage/report_core.py:118: CoverageWarning: Couldn't parse '/home/runner/work/AWA-App/AWA-App/C:\Users\Alexey\Documents\GitHub\AWA-App\services\common\db_url.py': No source for code: '/home/runner/work/AWA-App/AWA-App/C:\Users\Alexey\Documents\GitHub\AWA-App\services\common\db_url.py'. (couldnt-parse)
2025-08-19T15:53:36.1050274Z   coverage._warn(msg, slug="couldnt-parse")
2025-08-19T15:53:36.1051556Z /opt/hostedtoolcache/Python/3.11.13/x64/lib/python3.11/site-packages/coverage/report_core.py:118: CoverageWarning: Couldn't parse '/home/runner/work/AWA-App/AWA-App/C:\Users\Alexey\Documents\GitHub\AWA-App\services\common\dsn.py': No source for code: '/home/runner/work/AWA-App/AWA-App/C:\Users\Alexey\Documents\GitHub\AWA-App\services\common\dsn.py'. (couldnt-parse)
2025-08-19T15:53:36.1053293Z   coverage._warn(msg, slug="couldnt-parse")
2025-08-19T15:53:36.1054838Z /opt/hostedtoolcache/Python/3.11.13/x64/lib/python3.11/site-packages/coverage/report_core.py:118: CoverageWarning: Couldn't parse '/home/runner/work/AWA-App/AWA-App/C:\Users\Alexey\Documents\GitHub\AWA-App\services\common\keepa.py': No source for code: '/home/runner/work/AWA-App/AWA-App/C:\Users\Alexey\Documents\GitHub\AWA-App\services\common\keepa.py'. (couldnt-parse)
2025-08-19T15:53:36.1056174Z   coverage._warn(msg, slug="couldnt-parse")
2025-08-19T15:53:36.1057596Z /opt/hostedtoolcache/Python/3.11.13/x64/lib/python3.11/site-packages/coverage/report_core.py:118: CoverageWarning: Couldn't parse '/home/runner/work/AWA-App/AWA-App/C:\Users\Alexey\Documents\GitHub\AWA-App\services\common\llm.py': No source for code: '/home/runner/work/AWA-App/AWA-App/C:\Users\Alexey\Documents\GitHub\AWA-App\services\common\llm.py'. (couldnt-parse)
2025-08-19T15:53:36.1059033Z   coverage._warn(msg, slug="couldnt-parse")
2025-08-19T15:53:36.1060558Z /opt/hostedtoolcache/Python/3.11.13/x64/lib/python3.11/site-packages/coverage/report_core.py:118: CoverageWarning: Couldn't parse '/home/runner/work/AWA-App/AWA-App/C:\Users\Alexey\Documents\GitHub\AWA-App\services\common\models_vendor.py': No source for code: '/home/runner/work/AWA-App/AWA-App/C:\Users\Alexey\Documents\GitHub\AWA-App\services\common\models_vendor.py'. (couldnt-parse)
2025-08-19T15:53:36.1062064Z   coverage._warn(msg, slug="couldnt-parse")
2025-08-19T15:53:36.1063807Z /opt/hostedtoolcache/Python/3.11.13/x64/lib/python3.11/site-packages/coverage/report_core.py:118: CoverageWarning: Couldn't parse '/home/runner/work/AWA-App/AWA-App/C:\Users\Alexey\Documents\GitHub\AWA-App\services\common\settings.py': No source for code: '/home/runner/work/AWA-App/AWA-App/C:\Users\Alexey\Documents\GitHub\AWA-App\services\common\settings.py'. (couldnt-parse)
2025-08-19T15:53:36.1065154Z   coverage._warn(msg, slug="couldnt-parse")
2025-08-19T15:53:36.1066574Z /opt/hostedtoolcache/Python/3.11.13/x64/lib/python3.11/site-packages/coverage/report_core.py:118: CoverageWarning: Couldn't parse '/home/runner/work/AWA-App/AWA-App/C:\Users\Alexey\Documents\GitHub\AWA-App\services\db\__init__.py': No source for code: '/home/runner/work/AWA-App/AWA-App/C:\Users\Alexey\Documents\GitHub\AWA-App\services\db\__init__.py'. (couldnt-parse)
2025-08-19T15:53:36.1067872Z   coverage._warn(msg, slug="couldnt-parse")
2025-08-19T15:53:36.1069441Z /opt/hostedtoolcache/Python/3.11.13/x64/lib/python3.11/site-packages/coverage/report_core.py:118: CoverageWarning: Couldn't parse '/home/runner/work/AWA-App/AWA-App/C:\Users\Alexey\Documents\GitHub\AWA-App\services\db\utils\__init__.py': No source for code: '/home/runner/work/AWA-App/AWA-App/C:\Users\Alexey\Documents\GitHub\AWA-App\services\db\utils\__init__.py'. (couldnt-parse)
2025-08-19T15:53:36.1070768Z   coverage._warn(msg, slug="couldnt-parse")
2025-08-19T15:53:36.1072208Z /opt/hostedtoolcache/Python/3.11.13/x64/lib/python3.11/site-packages/coverage/report_core.py:118: CoverageWarning: Couldn't parse '/home/runner/work/AWA-App/AWA-App/C:\Users\Alexey\Documents\GitHub\AWA-App\services\db\utils\views.py': No source for code: '/home/runner/work/AWA-App/AWA-App/C:\Users\Alexey\Documents\GitHub\AWA-App\services\db\utils\views.py'. (couldnt-parse)
2025-08-19T15:53:36.1073710Z   coverage._warn(msg, slug="couldnt-parse")
2025-08-19T15:53:36.1075339Z /opt/hostedtoolcache/Python/3.11.13/x64/lib/python3.11/site-packages/coverage/report_core.py:118: CoverageWarning: Couldn't parse '/home/runner/work/AWA-App/AWA-App/C:\Users\Alexey\Documents\GitHub\AWA-App\services\emailer\__init__.py': No source for code: '/home/runner/work/AWA-App/AWA-App/C:\Users\Alexey\Documents\GitHub\AWA-App\services\emailer\__init__.py'. (couldnt-parse)
2025-08-19T15:53:36.1076660Z   coverage._warn(msg, slug="couldnt-parse")
2025-08-19T15:53:36.1078167Z /opt/hostedtoolcache/Python/3.11.13/x64/lib/python3.11/site-packages/coverage/report_core.py:118: CoverageWarning: Couldn't parse '/home/runner/work/AWA-App/AWA-App/C:\Users\Alexey\Documents\GitHub\AWA-App\services\emailer\generate_body.py': No source for code: '/home/runner/work/AWA-App/AWA-App/C:\Users\Alexey\Documents\GitHub\AWA-App\services\emailer\generate_body.py'. (couldnt-parse)
2025-08-19T15:53:36.1079520Z   coverage._warn(msg, slug="couldnt-parse")
2025-08-19T15:53:36.1081290Z /opt/hostedtoolcache/Python/3.11.13/x64/lib/python3.11/site-packages/coverage/report_core.py:118: CoverageWarning: Couldn't parse '/home/runner/work/AWA-App/AWA-App/C:\Users\Alexey\Documents\GitHub\AWA-App\services\etl\__init__.py': No source for code: '/home/runner/work/AWA-App/AWA-App/C:\Users\Alexey\Documents\GitHub\AWA-App\services\etl\__init__.py'. (couldnt-parse)
2025-08-19T15:53:36.1082743Z   coverage._warn(msg, slug="couldnt-parse")
2025-08-19T15:53:36.1084269Z /opt/hostedtoolcache/Python/3.11.13/x64/lib/python3.11/site-packages/coverage/report_core.py:118: CoverageWarning: Couldn't parse '/home/runner/work/AWA-App/AWA-App/C:\Users\Alexey\Documents\GitHub\AWA-App\services\etl\db.py': No source for code: '/home/runner/work/AWA-App/AWA-App/C:\Users\Alexey\Documents\GitHub\AWA-App\services\etl\db.py'. (couldnt-parse)
2025-08-19T15:53:36.1085532Z   coverage._warn(msg, slug="couldnt-parse")
2025-08-19T15:53:36.1087231Z /opt/hostedtoolcache/Python/3.11.13/x64/lib/python3.11/site-packages/coverage/report_core.py:118: CoverageWarning: Couldn't parse '/home/runner/work/AWA-App/AWA-App/C:\Users\Alexey\Documents\GitHub\AWA-App\services\etl\dialects\__init__.py': No source for code: '/home/runner/work/AWA-App/AWA-App/C:\Users\Alexey\Documents\GitHub\AWA-App\services\etl\dialects\__init__.py'. (couldnt-parse)
2025-08-19T15:53:36.1088832Z   coverage._warn(msg, slug="couldnt-parse")
2025-08-19T15:53:36.1090459Z /opt/hostedtoolcache/Python/3.11.13/x64/lib/python3.11/site-packages/coverage/report_core.py:118: CoverageWarning: Couldn't parse '/home/runner/work/AWA-App/AWA-App/C:\Users\Alexey\Documents\GitHub\AWA-App\services\etl\dialects\amazon_reimbursements.py': No source for code: '/home/runner/work/AWA-App/AWA-App/C:\Users\Alexey\Documents\GitHub\AWA-App\services\etl\dialects\amazon_reimbursements.py'. (couldnt-parse)
2025-08-19T15:53:36.1092142Z   coverage._warn(msg, slug="couldnt-parse")
2025-08-19T15:53:36.1093753Z /opt/hostedtoolcache/Python/3.11.13/x64/lib/python3.11/site-packages/coverage/report_core.py:118: CoverageWarning: Couldn't parse '/home/runner/work/AWA-App/AWA-App/C:\Users\Alexey\Documents\GitHub\AWA-App\services\etl\dialects\amazon_returns.py': No source for code: '/home/runner/work/AWA-App/AWA-App/C:\Users\Alexey\Documents\GitHub\AWA-App\services\etl\dialects\amazon_returns.py'. (couldnt-parse)
2025-08-19T15:53:36.1095657Z   coverage._warn(msg, slug="couldnt-parse")
2025-08-19T15:53:36.1097150Z /opt/hostedtoolcache/Python/3.11.13/x64/lib/python3.11/site-packages/coverage/report_core.py:118: CoverageWarning: Couldn't parse '/home/runner/work/AWA-App/AWA-App/C:\Users\Alexey\Documents\GitHub\AWA-App\services\etl\fba_fee_ingestor.py': No source for code: '/home/runner/work/AWA-App/AWA-App/C:\Users\Alexey\Documents\GitHub\AWA-App\services\etl\fba_fee_ingestor.py'. (couldnt-parse)
2025-08-19T15:53:36.1098767Z   coverage._warn(msg, slug="couldnt-parse")
2025-08-19T15:53:36.1100111Z /opt/hostedtoolcache/Python/3.11.13/x64/lib/python3.11/site-packages/coverage/report_core.py:118: CoverageWarning: Couldn't parse '/home/runner/work/AWA-App/AWA-App/C:\Users\Alexey\Documents\GitHub\AWA-App\services\etl\keepa_ingestor.py': No source for code: '/home/runner/work/AWA-App/AWA-App/C:\Users\Alexey\Documents\GitHub\AWA-App\services\etl\keepa_ingestor.py'. (couldnt-parse)
2025-08-19T15:53:36.1101718Z   coverage._warn(msg, slug="couldnt-parse")
2025-08-19T15:53:36.1103183Z /opt/hostedtoolcache/Python/3.11.13/x64/lib/python3.11/site-packages/coverage/report_core.py:118: CoverageWarning: Couldn't parse '/home/runner/work/AWA-App/AWA-App/C:\Users\Alexey\Documents\GitHub\AWA-App\services\etl\sp_fees_ingestor.py': No source for code: '/home/runner/work/AWA-App/AWA-App/C:\Users\Alexey\Documents\GitHub\AWA-App\services\etl\sp_fees_ingestor.py'. (couldnt-parse)
2025-08-19T15:53:36.1104881Z   coverage._warn(msg, slug="couldnt-parse")
2025-08-19T15:53:36.1106441Z /opt/hostedtoolcache/Python/3.11.13/x64/lib/python3.11/site-packages/coverage/report_core.py:118: CoverageWarning: Couldn't parse '/home/runner/work/AWA-App/AWA-App/C:\Users\Alexey\Documents\GitHub\AWA-App\services\fees_h10\__init__.py': No source for code: '/home/runner/work/AWA-App/AWA-App/C:\Users\Alexey\Documents\GitHub\AWA-App\services\fees_h10\__init__.py'. (couldnt-parse)
2025-08-19T15:53:36.1107920Z   coverage._warn(msg, slug="couldnt-parse")
2025-08-19T15:53:36.1109414Z /opt/hostedtoolcache/Python/3.11.13/x64/lib/python3.11/site-packages/coverage/report_core.py:118: CoverageWarning: Couldn't parse '/home/runner/work/AWA-App/AWA-App/C:\Users\Alexey\Documents\GitHub\AWA-App\services\fees_h10\client.py': No source for code: '/home/runner/work/AWA-App/AWA-App/C:\Users\Alexey\Documents\GitHub\AWA-App\services\fees_h10\client.py'. (couldnt-parse)
2025-08-19T15:53:36.1110783Z   coverage._warn(msg, slug="couldnt-parse")
2025-08-19T15:53:36.1112606Z /opt/hostedtoolcache/Python/3.11.13/x64/lib/python3.11/site-packages/coverage/report_core.py:118: CoverageWarning: Couldn't parse '/home/runner/work/AWA-App/AWA-App/C:\Users\Alexey\Documents\GitHub\AWA-App\services\fees_h10\repository.py': No source for code: '/home/runner/work/AWA-App/AWA-App/C:\Users\Alexey\Documents\GitHub\AWA-App\services\fees_h10\repository.py'. (couldnt-parse)
2025-08-19T15:53:36.1114156Z   coverage._warn(msg, slug="couldnt-parse")
2025-08-19T15:53:36.1115725Z /opt/hostedtoolcache/Python/3.11.13/x64/lib/python3.11/site-packages/coverage/report_core.py:118: CoverageWarning: Couldn't parse '/home/runner/work/AWA-App/AWA-App/C:\Users\Alexey\Documents\GitHub\AWA-App\services\fees_h10\worker.py': No source for code: '/home/runner/work/AWA-App/AWA-App/C:\Users\Alexey\Documents\GitHub\AWA-App\services\fees_h10\worker.py'. (couldnt-parse)
2025-08-19T15:53:36.1117036Z   coverage._warn(msg, slug="couldnt-parse")
2025-08-19T15:53:36.1118619Z /opt/hostedtoolcache/Python/3.11.13/x64/lib/python3.11/site-packages/coverage/report_core.py:118: CoverageWarning: Couldn't parse '/home/runner/work/AWA-App/AWA-App/C:\Users\Alexey\Documents\GitHub\AWA-App\services\ingest\__init__.py': No source for code: '/home/runner/work/AWA-App/AWA-App/C:\Users\Alexey\Documents\GitHub\AWA-App\services\ingest\__init__.py'. (couldnt-parse)
2025-08-19T15:53:36.1119936Z   coverage._warn(msg, slug="couldnt-parse")
2025-08-19T15:53:36.1121882Z /opt/hostedtoolcache/Python/3.11.13/x64/lib/python3.11/site-packages/coverage/report_core.py:118: CoverageWarning: Couldn't parse '/home/runner/work/AWA-App/AWA-App/C:\Users\Alexey\Documents\GitHub\AWA-App\services\ingest\email_watcher.py': No source for code: '/home/runner/work/AWA-App/AWA-App/C:\Users\Alexey\Documents\GitHub\AWA-App\services\ingest\email_watcher.py'. (couldnt-parse)
2025-08-19T15:53:36.1123394Z   coverage._warn(msg, slug="couldnt-parse")
2025-08-19T15:53:36.1125019Z /opt/hostedtoolcache/Python/3.11.13/x64/lib/python3.11/site-packages/coverage/report_core.py:118: CoverageWarning: Couldn't parse '/home/runner/work/AWA-App/AWA-App/C:\Users\Alexey\Documents\GitHub\AWA-App\services\ingest\ingest_router.py': No source for code: '/home/runner/work/AWA-App/AWA-App/C:\Users\Alexey\Documents\GitHub\AWA-App\services\ingest\ingest_router.py'. (couldnt-parse)
2025-08-19T15:53:36.1126397Z   coverage._warn(msg, slug="couldnt-parse")
2025-08-19T15:53:36.1128010Z /opt/hostedtoolcache/Python/3.11.13/x64/lib/python3.11/site-packages/coverage/report_core.py:118: CoverageWarning: Couldn't parse '/home/runner/work/AWA-App/AWA-App/C:\Users\Alexey\Documents\GitHub\AWA-App\services\ingest\upload_router.py': No source for code: '/home/runner/work/AWA-App/AWA-App/C:\Users\Alexey\Documents\GitHub\AWA-App\services\ingest\upload_router.py'. (couldnt-parse)
2025-08-19T15:53:36.1129431Z   coverage._warn(msg, slug="couldnt-parse")
2025-08-19T15:53:36.1130963Z /opt/hostedtoolcache/Python/3.11.13/x64/lib/python3.11/site-packages/coverage/report_core.py:118: CoverageWarning: Couldn't parse '/home/runner/work/AWA-App/AWA-App/C:\Users\Alexey\Documents\GitHub\AWA-App\services\llm_server\__init__.py': No source for code: '/home/runner/work/AWA-App/AWA-App/C:\Users\Alexey\Documents\GitHub\AWA-App\services\llm_server\__init__.py'. (couldnt-parse)
2025-08-19T15:53:36.1132754Z   coverage._warn(msg, slug="couldnt-parse")
2025-08-19T15:53:36.1134449Z /opt/hostedtoolcache/Python/3.11.13/x64/lib/python3.11/site-packages/coverage/report_core.py:118: CoverageWarning: Couldn't parse '/home/runner/work/AWA-App/AWA-App/C:\Users\Alexey\Documents\GitHub\AWA-App\services\llm_server\app.py': No source for code: '/home/runner/work/AWA-App/AWA-App/C:\Users\Alexey\Documents\GitHub\AWA-App\services\llm_server\app.py'. (couldnt-parse)
2025-08-19T15:53:36.1136019Z   coverage._warn(msg, slug="couldnt-parse")
2025-08-19T15:53:36.1137376Z /opt/hostedtoolcache/Python/3.11.13/x64/lib/python3.11/site-packages/coverage/report_core.py:118: CoverageWarning: Couldn't parse '/home/runner/work/AWA-App/AWA-App/C:\Users\Alexey\Documents\GitHub\AWA-App\services\logistics_etl\__init__.py': No source for code: '/home/runner/work/AWA-App/AWA-App/C:\Users\Alexey\Documents\GitHub\AWA-App\services\logistics_etl\__init__.py'. (couldnt-parse)
2025-08-19T15:53:36.1138963Z   coverage._warn(msg, slug="couldnt-parse")
2025-08-19T15:53:36.1140446Z /opt/hostedtoolcache/Python/3.11.13/x64/lib/python3.11/site-packages/coverage/report_core.py:118: CoverageWarning: Couldn't parse '/home/runner/work/AWA-App/AWA-App/C:\Users\Alexey\Documents\GitHub\AWA-App\services\logistics_etl\__main__.py': No source for code: '/home/runner/work/AWA-App/AWA-App/C:\Users\Alexey\Documents\GitHub\AWA-App\services\logistics_etl\__main__.py'. (couldnt-parse)
2025-08-19T15:53:36.1142063Z   coverage._warn(msg, slug="couldnt-parse")
2025-08-19T15:53:36.1143540Z /opt/hostedtoolcache/Python/3.11.13/x64/lib/python3.11/site-packages/coverage/report_core.py:118: CoverageWarning: Couldn't parse '/home/runner/work/AWA-App/AWA-App/C:\Users\Alexey\Documents\GitHub\AWA-App\services\logistics_etl\client.py': No source for code: '/home/runner/work/AWA-App/AWA-App/C:\Users\Alexey\Documents\GitHub\AWA-App\services\logistics_etl\client.py'. (couldnt-parse)
2025-08-19T15:53:36.1145583Z   coverage._warn(msg, slug="couldnt-parse")
2025-08-19T15:53:36.1147162Z /opt/hostedtoolcache/Python/3.11.13/x64/lib/python3.11/site-packages/coverage/report_core.py:118: CoverageWarning: Couldn't parse '/home/runner/work/AWA-App/AWA-App/C:\Users\Alexey\Documents\GitHub\AWA-App\services\logistics_etl\cron.py': No source for code: '/home/runner/work/AWA-App/AWA-App/C:\Users\Alexey\Documents\GitHub\AWA-App\services\logistics_etl\cron.py'. (couldnt-parse)
2025-08-19T15:53:36.1148523Z   coverage._warn(msg, slug="couldnt-parse")
2025-08-19T15:53:36.1150076Z /opt/hostedtoolcache/Python/3.11.13/x64/lib/python3.11/site-packages/coverage/report_core.py:118: CoverageWarning: Couldn't parse '/home/runner/work/AWA-App/AWA-App/C:\Users\Alexey\Documents\GitHub\AWA-App\services\logistics_etl\db.py': No source for code: '/home/runner/work/AWA-App/AWA-App/C:\Users\Alexey\Documents\GitHub\AWA-App\services\logistics_etl\db.py'. (couldnt-parse)
2025-08-19T15:53:36.1151403Z   coverage._warn(msg, slug="couldnt-parse")
2025-08-19T15:53:36.1153117Z /opt/hostedtoolcache/Python/3.11.13/x64/lib/python3.11/site-packages/coverage/report_core.py:118: CoverageWarning: Couldn't parse '/home/runner/work/AWA-App/AWA-App/C:\Users\Alexey\Documents\GitHub\AWA-App\services\logistics_etl\flow.py': No source for code: '/home/runner/work/AWA-App/AWA-App/C:\Users\Alexey\Documents\GitHub\AWA-App\services\logistics_etl\flow.py'. (couldnt-parse)
2025-08-19T15:53:36.1154466Z   coverage._warn(msg, slug="couldnt-parse")
2025-08-19T15:53:36.1156254Z /opt/hostedtoolcache/Python/3.11.13/x64/lib/python3.11/site-packages/coverage/report_core.py:118: CoverageWarning: Couldn't parse '/home/runner/work/AWA-App/AWA-App/C:\Users\Alexey\Documents\GitHub\AWA-App\services\logistics_etl\repository.py': No source for code: '/home/runner/work/AWA-App/AWA-App/C:\Users\Alexey\Documents\GitHub\AWA-App\services\logistics_etl\repository.py'. (couldnt-parse)
2025-08-19T15:53:36.1157656Z   coverage._warn(msg, slug="couldnt-parse")
2025-08-19T15:53:36.1159456Z /opt/hostedtoolcache/Python/3.11.13/x64/lib/python3.11/site-packages/coverage/report_core.py:118: CoverageWarning: Couldn't parse '/home/runner/work/AWA-App/AWA-App/C:\Users\Alexey\Documents\GitHub\AWA-App\services\price_importer\__init__.py': No source for code: '/home/runner/work/AWA-App/AWA-App/C:\Users\Alexey\Documents\GitHub\AWA-App\services\price_importer\__init__.py'. (couldnt-parse)
2025-08-19T15:53:36.1160960Z   coverage._warn(msg, slug="couldnt-parse")
2025-08-19T15:53:36.1162673Z /opt/hostedtoolcache/Python/3.11.13/x64/lib/python3.11/site-packages/coverage/report_core.py:118: CoverageWarning: Couldn't parse '/home/runner/work/AWA-App/AWA-App/C:\Users\Alexey\Documents\GitHub\AWA-App\services\price_importer\common\__init__.py': No source for code: '/home/runner/work/AWA-App/AWA-App/C:\Users\Alexey\Documents\GitHub\AWA-App\services\price_importer\common\__init__.py'. (couldnt-parse)
2025-08-19T15:53:36.1164215Z   coverage._warn(msg, slug="couldnt-parse")
2025-08-19T15:53:36.1165727Z /opt/hostedtoolcache/Python/3.11.13/x64/lib/python3.11/site-packages/coverage/report_core.py:118: CoverageWarning: Couldn't parse '/home/runner/work/AWA-App/AWA-App/C:\Users\Alexey\Documents\GitHub\AWA-App\services\price_importer\common\base.py': No source for code: '/home/runner/work/AWA-App/AWA-App/C:\Users\Alexey\Documents\GitHub\AWA-App\services\price_importer\common\base.py'. (couldnt-parse)
2025-08-19T15:53:36.1167516Z   coverage._warn(msg, slug="couldnt-parse")
2025-08-19T15:53:36.1168934Z /opt/hostedtoolcache/Python/3.11.13/x64/lib/python3.11/site-packages/coverage/report_core.py:118: CoverageWarning: Couldn't parse '/home/runner/work/AWA-App/AWA-App/C:\Users\Alexey\Documents\GitHub\AWA-App\services\price_importer\common\db_url.py': No source for code: '/home/runner/work/AWA-App/AWA-App/C:\Users\Alexey\Documents\GitHub\AWA-App\services\price_importer\common\db_url.py'. (couldnt-parse)
2025-08-19T15:53:36.1170748Z   coverage._warn(msg, slug="couldnt-parse")
2025-08-19T15:53:36.1172213Z /opt/hostedtoolcache/Python/3.11.13/x64/lib/python3.11/site-packages/coverage/report_core.py:118: CoverageWarning: Couldn't parse '/home/runner/work/AWA-App/AWA-App/C:\Users\Alexey\Documents\GitHub\AWA-App\services\price_importer\common\models_vendor.py': No source for code: '/home/runner/work/AWA-App/AWA-App/C:\Users\Alexey\Documents\GitHub\AWA-App\services\price_importer\common\models_vendor.py'. (couldnt-parse)
2025-08-19T15:53:36.1174059Z   coverage._warn(msg, slug="couldnt-parse")
2025-08-19T15:53:36.1175420Z /opt/hostedtoolcache/Python/3.11.13/x64/lib/python3.11/site-packages/coverage/report_core.py:118: CoverageWarning: Couldn't parse '/home/runner/work/AWA-App/AWA-App/C:\Users\Alexey\Documents\GitHub\AWA-App\services\price_importer\import.py': No source for code: '/home/runner/work/AWA-App/AWA-App/C:\Users\Alexey\Documents\GitHub\AWA-App\services\price_importer\import.py'. (couldnt-parse)
2025-08-19T15:53:36.1177035Z   coverage._warn(msg, slug="couldnt-parse")
2025-08-19T15:53:36.1178544Z /opt/hostedtoolcache/Python/3.11.13/x64/lib/python3.11/site-packages/coverage/report_core.py:118: CoverageWarning: Couldn't parse '/home/runner/work/AWA-App/AWA-App/C:\Users\Alexey\Documents\GitHub\AWA-App\services\price_importer\normaliser.py': No source for code: '/home/runner/work/AWA-App/AWA-App/C:\Users\Alexey\Documents\GitHub\AWA-App\services\price_importer\normaliser.py'. (couldnt-parse)
2025-08-19T15:53:36.1180059Z   coverage._warn(msg, slug="couldnt-parse")
2025-08-19T15:53:36.1181627Z /opt/hostedtoolcache/Python/3.11.13/x64/lib/python3.11/site-packages/coverage/report_core.py:118: CoverageWarning: Couldn't parse '/home/runner/work/AWA-App/AWA-App/C:\Users\Alexey\Documents\GitHub\AWA-App\services\price_importer\reader.py': No source for code: '/home/runner/work/AWA-App/AWA-App/C:\Users\Alexey\Documents\GitHub\AWA-App\services\price_importer\reader.py'. (couldnt-parse)
2025-08-19T15:53:36.1183101Z   coverage._warn(msg, slug="couldnt-parse")
2025-08-19T15:53:36.1185016Z /opt/hostedtoolcache/Python/3.11.13/x64/lib/python3.11/site-packages/coverage/report_core.py:118: CoverageWarning: Couldn't parse '/home/runner/work/AWA-App/AWA-App/C:\Users\Alexey\Documents\GitHub\AWA-App\services\price_importer\repository.py': No source for code: '/home/runner/work/AWA-App/AWA-App/C:\Users\Alexey\Documents\GitHub\AWA-App\services\price_importer\repository.py'. (couldnt-parse)
2025-08-19T15:53:36.1186496Z   coverage._warn(msg, slug="couldnt-parse")
2025-08-19T15:53:36.1188248Z /opt/hostedtoolcache/Python/3.11.13/x64/lib/python3.11/site-packages/coverage/report_core.py:118: CoverageWarning: Couldn't parse '/home/runner/work/AWA-App/AWA-App/C:\Users\Alexey\Documents\GitHub\AWA-App\services\price_importer\services_common\__init__.py': No source for code: '/home/runner/work/AWA-App/AWA-App/C:\Users\Alexey\Documents\GitHub\AWA-App\services\price_importer\services_common\__init__.py'. (couldnt-parse)
2025-08-19T15:53:36.1189726Z   coverage._warn(msg, slug="couldnt-parse")
2025-08-19T15:53:36.1191423Z /opt/hostedtoolcache/Python/3.11.13/x64/lib/python3.11/site-packages/coverage/report_core.py:118: CoverageWarning: Couldn't parse '/home/runner/work/AWA-App/AWA-App/C:\Users\Alexey\Documents\GitHub\AWA-App\services\price_importer\services_common\base.py': No source for code: '/home/runner/work/AWA-App/AWA-App/C:\Users\Alexey\Documents\GitHub\AWA-App\services\price_importer\services_common\base.py'. (couldnt-parse)
2025-08-19T15:53:36.1193950Z   coverage._warn(msg, slug="couldnt-parse")
2025-08-19T15:53:36.1195514Z /opt/hostedtoolcache/Python/3.11.13/x64/lib/python3.11/site-packages/coverage/report_core.py:118: CoverageWarning: Couldn't parse '/home/runner/work/AWA-App/AWA-App/C:\Users\Alexey\Documents\GitHub\AWA-App\services\price_importer\services_common\db.py': No source for code: '/home/runner/work/AWA-App/AWA-App/C:\Users\Alexey\Documents\GitHub\AWA-App\services\price_importer\services_common\db.py'. (couldnt-parse)
2025-08-19T15:53:36.1197437Z   coverage._warn(msg, slug="couldnt-parse")
2025-08-19T15:53:36.1199162Z /opt/hostedtoolcache/Python/3.11.13/x64/lib/python3.11/site-packages/coverage/report_core.py:118: CoverageWarning: Couldn't parse '/home/runner/work/AWA-App/AWA-App/C:\Users\Alexey\Documents\GitHub\AWA-App\services\price_importer\services_common\db_url.py': No source for code: '/home/runner/work/AWA-App/AWA-App/C:\Users\Alexey\Documents\GitHub\AWA-App\services\price_importer\services_common\db_url.py'. (couldnt-parse)
2025-08-19T15:53:36.1200812Z   coverage._warn(msg, slug="couldnt-parse")
2025-08-19T15:53:36.1203018Z /opt/hostedtoolcache/Python/3.11.13/x64/lib/python3.11/site-packages/coverage/report_core.py:118: CoverageWarning: Couldn't parse '/home/runner/work/AWA-App/AWA-App/C:\Users\Alexey\Documents\GitHub\AWA-App\services\price_importer\services_common\dsn.py': No source for code: '/home/runner/work/AWA-App/AWA-App/C:\Users\Alexey\Documents\GitHub\AWA-App\services\price_importer\services_common\dsn.py'. (couldnt-parse)
2025-08-19T15:53:36.1204608Z   coverage._warn(msg, slug="couldnt-parse")
2025-08-19T15:53:36.1206397Z /opt/hostedtoolcache/Python/3.11.13/x64/lib/python3.11/site-packages/coverage/report_core.py:118: CoverageWarning: Couldn't parse '/home/runner/work/AWA-App/AWA-App/C:\Users\Alexey\Documents\GitHub\AWA-App\services\price_importer\services_common\keepa.py': No source for code: '/home/runner/work/AWA-App/AWA-App/C:\Users\Alexey\Documents\GitHub\AWA-App\services\price_importer\services_common\keepa.py'. (couldnt-parse)
2025-08-19T15:53:36.1208322Z   coverage._warn(msg, slug="couldnt-parse")
2025-08-19T15:53:36.1209790Z /opt/hostedtoolcache/Python/3.11.13/x64/lib/python3.11/site-packages/coverage/report_core.py:118: CoverageWarning: Couldn't parse '/home/runner/work/AWA-App/AWA-App/C:\Users\Alexey\Documents\GitHub\AWA-App\services\price_importer\services_common\llm.py': No source for code: '/home/runner/work/AWA-App/AWA-App/C:\Users\Alexey\Documents\GitHub\AWA-App\services\price_importer\services_common\llm.py'. (couldnt-parse)
2025-08-19T15:53:36.1211683Z   coverage._warn(msg, slug="couldnt-parse")
2025-08-19T15:53:36.1213974Z /opt/hostedtoolcache/Python/3.11.13/x64/lib/python3.11/site-packages/coverage/report_core.py:118: CoverageWarning: Couldn't parse '/home/runner/work/AWA-App/AWA-App/C:\Users\Alexey\Documents\GitHub\AWA-App\services\price_importer\services_common\models_vendor.py': No source for code: '/home/runner/work/AWA-App/AWA-App/C:\Users\Alexey\Documents\GitHub\AWA-App\services\price_importer\services_common\models_vendor.py'. (couldnt-parse)
2025-08-19T15:53:36.1215707Z   coverage._warn(msg, slug="couldnt-parse")
2025-08-19T15:53:36.1217459Z /opt/hostedtoolcache/Python/3.11.13/x64/lib/python3.11/site-packages/coverage/report_core.py:118: CoverageWarning: Couldn't parse '/home/runner/work/AWA-App/AWA-App/C:\Users\Alexey\Documents\GitHub\AWA-App\services\price_importer\services_common\settings.py': No source for code: '/home/runner/work/AWA-App/AWA-App/C:\Users\Alexey\Documents\GitHub\AWA-App\services\price_importer\services_common\settings.py'. (couldnt-parse)
2025-08-19T15:53:36.1218949Z   coverage._warn(msg, slug="couldnt-parse")
2025-08-19T15:53:36.1220279Z /opt/hostedtoolcache/Python/3.11.13/x64/lib/python3.11/site-packages/coverage/report_core.py:118: CoverageWarning: Couldn't parse '/home/runner/work/AWA-App/AWA-App/C:\Users\Alexey\Documents\GitHub\AWA-App\services\repricer\__init__.py': No source for code: '/home/runner/work/AWA-App/AWA-App/C:\Users\Alexey\Documents\GitHub\AWA-App\services\repricer\__init__.py'. (couldnt-parse)
2025-08-19T15:53:36.1221729Z   coverage._warn(msg, slug="couldnt-parse")
2025-08-19T15:53:36.1223209Z /opt/hostedtoolcache/Python/3.11.13/x64/lib/python3.11/site-packages/coverage/report_core.py:118: CoverageWarning: Couldn't parse '/home/runner/work/AWA-App/AWA-App/C:\Users\Alexey\Documents\GitHub\AWA-App\services\repricer\app\__init__.py': No source for code: '/home/runner/work/AWA-App/AWA-App/C:\Users\Alexey\Documents\GitHub\AWA-App\services\repricer\app\__init__.py'. (couldnt-parse)
2025-08-19T15:53:36.1224549Z   coverage._warn(msg, slug="couldnt-parse")
2025-08-19T15:53:36.1225873Z /opt/hostedtoolcache/Python/3.11.13/x64/lib/python3.11/site-packages/coverage/report_core.py:118: CoverageWarning: Couldn't parse '/home/runner/work/AWA-App/AWA-App/C:\Users\Alexey\Documents\GitHub\AWA-App\services\repricer\app\deps.py': No source for code: '/home/runner/work/AWA-App/AWA-App/C:\Users\Alexey\Documents\GitHub\AWA-App\services\repricer\app\deps.py'. (couldnt-parse)
2025-08-19T15:53:36.1227199Z   coverage._warn(msg, slug="couldnt-parse")
2025-08-19T15:53:36.1228520Z /opt/hostedtoolcache/Python/3.11.13/x64/lib/python3.11/site-packages/coverage/report_core.py:118: CoverageWarning: Couldn't parse '/home/runner/work/AWA-App/AWA-App/C:\Users\Alexey\Documents\GitHub\AWA-App\services\repricer\app\logic.py': No source for code: '/home/runner/work/AWA-App/AWA-App/C:\Users\Alexey\Documents\GitHub\AWA-App\services\repricer\app\logic.py'. (couldnt-parse)
2025-08-19T15:53:36.1229847Z   coverage._warn(msg, slug="couldnt-parse")
2025-08-19T15:53:36.1231164Z /opt/hostedtoolcache/Python/3.11.13/x64/lib/python3.11/site-packages/coverage/report_core.py:118: CoverageWarning: Couldn't parse '/home/runner/work/AWA-App/AWA-App/C:\Users\Alexey\Documents\GitHub\AWA-App\services\repricer\app\main.py': No source for code: '/home/runner/work/AWA-App/AWA-App/C:\Users\Alexey\Documents\GitHub\AWA-App\services\repricer\app\main.py'. (couldnt-parse)
2025-08-19T15:53:36.1232571Z   coverage._warn(msg, slug="couldnt-parse")
2025-08-19T15:53:36.1233915Z /opt/hostedtoolcache/Python/3.11.13/x64/lib/python3.11/site-packages/coverage/report_core.py:118: CoverageWarning: Couldn't parse '/home/runner/work/AWA-App/AWA-App/C:\Users\Alexey\Documents\GitHub\AWA-App\services\repricer\app\schemas.py': No source for code: '/home/runner/work/AWA-App/AWA-App/C:\Users\Alexey\Documents\GitHub\AWA-App\services\repricer\app\schemas.py'. (couldnt-parse)
2025-08-19T15:53:36.1235252Z   coverage._warn(msg, slug="couldnt-parse")
2025-08-19T15:53:36.1236678Z /opt/hostedtoolcache/Python/3.11.13/x64/lib/python3.11/site-packages/coverage/report_core.py:118: CoverageWarning: Couldn't parse '/home/runner/work/AWA-App/AWA-App/C:\Users\Alexey\Documents\GitHub\AWA-App\services\returns_etl\loader.py': No source for code: '/home/runner/work/AWA-App/AWA-App/C:\Users\Alexey\Documents\GitHub\AWA-App\services\returns_etl\loader.py'. (couldnt-parse)
2025-08-19T15:53:36.1238013Z   coverage._warn(msg, slug="couldnt-parse")
2025-08-19T15:53:36.5317000Z ............                                                             [100%]
2025-08-19T15:53:36.5317764Z ================================ tests coverage ================================
2025-08-19T15:53:36.5318597Z _______________ coverage: platform linux, python 3.11.13-final-0 _______________
2025-08-19T15:53:36.5319166Z 
2025-08-19T15:53:36.5319388Z Coverage XML written to file coverage.xml
2025-08-19T15:53:36.7256450Z ##[group]Run actions/upload-artifact@v4
2025-08-19T15:53:36.7256741Z with:
2025-08-19T15:53:36.7256929Z   name: coverage.integration
2025-08-19T15:53:36.7257160Z   path: .coverage
2025-08-19T15:53:36.7257362Z   if-no-files-found: warn
2025-08-19T15:53:36.7257583Z   compression-level: 6
2025-08-19T15:53:36.7257780Z   overwrite: false
2025-08-19T15:53:36.7258151Z   include-hidden-files: false
2025-08-19T15:53:36.7258367Z env:
2025-08-19T15:53:36.7258538Z   PG_USER: postgres
2025-08-19T15:53:36.7258732Z   PG_PASSWORD: pass
2025-08-19T15:53:36.7258913Z   PG_DATABASE: awa
2025-08-19T15:53:36.7259099Z   PG_HOST: localhost
2025-08-19T15:53:36.7259288Z   PG_PORT: 5432
2025-08-19T15:53:36.7259735Z   PG_SYNC_DSN: ***localhost:5432/awa
2025-08-19T15:53:36.7260147Z   PG_ASYNC_DSN: ***localhost:5432/awa
2025-08-19T15:53:36.7260546Z   DATABASE_URL: ***localhost:5432/awa
2025-08-19T15:53:36.7260792Z   DATA_DIR: /tmp/awa-data
2025-08-19T15:53:36.7261004Z   ENABLE_LIVE: 0
2025-08-19T15:53:36.7261224Z   TESTING: 1
2025-08-19T15:53:36.7261474Z   pythonLocation: /opt/hostedtoolcache/Python/3.11.13/x64
2025-08-19T15:53:36.7261883Z   PKG_CONFIG_PATH: /opt/hostedtoolcache/Python/3.11.13/x64/lib/pkgconfig
2025-08-19T15:53:36.7262861Z   Python_ROOT_DIR: /opt/hostedtoolcache/Python/3.11.13/x64
2025-08-19T15:53:36.7263259Z   Python2_ROOT_DIR: /opt/hostedtoolcache/Python/3.11.13/x64
2025-08-19T15:53:36.7263639Z   Python3_ROOT_DIR: /opt/hostedtoolcache/Python/3.11.13/x64
2025-08-19T15:53:36.7263998Z   LD_LIBRARY_PATH: /opt/hostedtoolcache/Python/3.11.13/x64/lib
2025-08-19T15:53:36.7264301Z ##[endgroup]
2025-08-19T15:53:36.9481229Z ##[warning]No files were found with the provided path: .coverage. No artifacts will be uploaded.
2025-08-19T15:53:37.0095738Z Post job cleanup.
2025-08-19T15:53:37.1606758Z [command]/usr/bin/tar --posix -cf cache.tzst --exclude cache.tzst -P -C /home/runner/work/AWA-App/AWA-App --files-from manifest.txt --use-compress-program zstdmt
2025-08-19T15:53:38.7373359Z Sent 3108697 of 271544153 (1.1%), 3.0 MBs/sec
2025-08-19T15:53:39.1789138Z Sent 271544153 of 271544153 (100.0%), 179.6 MBs/sec
2025-08-19T15:53:39.3166017Z Cache saved with key: Linux-int-29fc3204f837bce43d81586a404709764a9accd1f738d0c33a52a32bf7a0c312
2025-08-19T15:53:39.3293135Z Post job cleanup.
2025-08-19T15:53:39.5042658Z [command]/usr/bin/tar --posix -cf cache.tzst --exclude cache.tzst -P -C /home/runner/work/AWA-App/AWA-App --files-from manifest.txt --use-compress-program zstdmt
2025-08-19T15:53:40.9732860Z Sent 271540921 of 271540921 (100.0%), 282.7 MBs/sec
2025-08-19T15:53:41.1007364Z Cache saved with the key: setup-python-Linux-x64-24.04-Ubuntu-python-3.11.13-pip-29fc3204f837bce43d81586a404709764a9accd1f738d0c33a52a32bf7a0c312
2025-08-19T15:53:41.1150416Z Post job cleanup.
2025-08-19T15:53:41.2110241Z [command]/usr/bin/git version
2025-08-19T15:53:41.2149096Z git version 2.50.1
2025-08-19T15:53:41.2201196Z Temporarily overriding HOME='/home/runner/work/_temp/719f5109-2eef-4ee6-b513-c8fe74965c07' before making global git config changes
2025-08-19T15:53:41.2202799Z Adding repository directory to the temporary git global config as a safe directory
2025-08-19T15:53:41.2207823Z [command]/usr/bin/git config --global --add safe.directory /home/runner/work/AWA-App/AWA-App
2025-08-19T15:53:41.2244054Z [command]/usr/bin/git config --local --name-only --get-regexp core\.sshCommand
2025-08-19T15:53:41.2276861Z [command]/usr/bin/git submodule foreach --recursive sh -c "git config --local --name-only --get-regexp 'core\.sshCommand' && git config --local --unset-all 'core.sshCommand' || :"
2025-08-19T15:53:41.2502584Z [command]/usr/bin/git config --local --name-only --get-regexp http\.https\:\/\/github\.com\/\.extraheader
2025-08-19T15:53:41.2523043Z http.https://github.com/.extraheader
2025-08-19T15:53:41.2536280Z [command]/usr/bin/git config --local --unset-all http.https://github.com/.extraheader
2025-08-19T15:53:41.2567294Z [command]/usr/bin/git submodule foreach --recursive sh -c "git config --local --name-only --get-regexp 'http\.https\:\/\/github\.com\/\.extraheader' && git config --local --unset-all 'http.https://github.com/.extraheader' || :"
2025-08-19T15:53:41.2878556Z Print service container logs: 7e7d638e684641bca9aca3e52c12f14c_postgres15_2268d6
2025-08-19T15:53:41.2883219Z ##[command]/usr/bin/docker logs --details ac282ee823e673b9cb19f091c1626298dec9297b495e7085d68b492fef911d5a
2025-08-19T15:53:41.3008570Z  The files belonging to this database system will be owned by user "postgres".
2025-08-19T15:53:41.3009385Z  This user must also own the server process.
2025-08-19T15:53:41.3009874Z  
2025-08-19T15:53:41.3010361Z  The database cluster will be initialized with locale "en_US.utf8".
2025-08-19T15:53:41.3011107Z  The default database encoding has accordingly been set to "UTF8".
2025-08-19T15:53:41.3011804Z  The default text search configuration will be set to "english".
2025-08-19T15:53:41.3012541Z  
2025-08-19T15:53:41.3012864Z  Data page checksums are disabled.
2025-08-19T15:53:41.3013275Z  
2025-08-19T15:53:41.3013758Z  fixing permissions on existing directory /var/lib/postgresql/data ... ok
2025-08-19T15:53:41.3014478Z  creating subdirectories ... ok
2025-08-19T15:53:41.3015007Z  selecting dynamic shared memory implementation ... posix
2025-08-19T15:53:41.3015584Z  selecting default max_connections ... 100
2025-08-19T15:53:41.3017582Z  initdb: warning: enabling "trust" authentication for local connections
2025-08-19T15:53:41.3018663Z  initdb: hint: You can change this by editing pg_hba.conf or using the option -A, or --auth-local and --auth-host, the next time you run initdb.
2025-08-19T15:53:41.3020098Z  2025-08-19 15:52:39.284 UTC [1] LOG:  starting PostgreSQL 15.14 (Debian 15.14-1.pgdg13+1) on x86_64-pc-linux-gnu, compiled by gcc (Debian 14.2.0-19) 14.2.0, 64-bit
2025-08-19T15:53:41.3021166Z  2025-08-19 15:52:39.284 UTC [1] LOG:  listening on IPv4 address "0.0.0.0", port 5432
2025-08-19T15:53:41.3021883Z  2025-08-19 15:52:39.284 UTC [1] LOG:  listening on IPv6 address "::", port 5432
2025-08-19T15:53:41.3022875Z  2025-08-19 15:52:39.285 UTC [1] LOG:  listening on Unix socket "/var/run/postgresql/.s.PGSQL.5432"
2025-08-19T15:53:41.3023760Z  2025-08-19 15:52:39.288 UTC [64] LOG:  database system was shut down at 2025-08-19 15:52:39 UTC
2025-08-19T15:53:41.3024549Z  2025-08-19 15:52:39.292 UTC [1] LOG:  database system is ready to accept connections
2025-08-19T15:53:41.3025109Z  selecting default shared_buffers ... 128MB
2025-08-19T15:53:41.3025550Z  selecting default time zone ... Etc/UTC
2025-08-19T15:53:41.3025975Z  creating configuration files ... ok
2025-08-19T15:53:41.3026390Z  running bootstrap script ... ok
2025-08-19T15:53:41.3026869Z  performing post-bootstrap initialization ... ok
2025-08-19T15:53:41.3027368Z  syncing data to disk ... ok
2025-08-19T15:53:41.3027747Z  
2025-08-19T15:53:41.3028018Z  
2025-08-19T15:53:41.3028382Z  Success. You can now start the database server using:
2025-08-19T15:53:41.3028846Z  
2025-08-19T15:53:41.3029228Z      pg_ctl -D /var/lib/postgresql/data -l logfile start
2025-08-19T15:53:41.3029907Z  
2025-08-19T15:53:41.3030852Z  waiting for server to start....2025-08-19 15:52:38.981 UTC [48] LOG:  starting PostgreSQL 15.14 (Debian 15.14-1.pgdg13+1) on x86_64-pc-linux-gnu, compiled by gcc (Debian 14.2.0-19) 14.2.0, 64-bit
2025-08-19T15:53:41.3032030Z  2025-08-19 15:52:38.982 UTC [48] LOG:  listening on Unix socket "/var/run/postgresql/.s.PGSQL.5432"
2025-08-19T15:53:41.3032813Z  2025-08-19 15:52:38.985 UTC [51] LOG:  database system was shut down at 2025-08-19 15:52:38 UTC
2025-08-19T15:53:41.3033289Z  2025-08-19 15:52:38.988 UTC [48] LOG:  database system is ready to accept connections
2025-08-19T15:53:41.3033633Z   done
2025-08-19T15:53:41.3033815Z  server started
2025-08-19T15:53:41.3034015Z  CREATE DATABASE
2025-08-19T15:53:41.3034207Z  
2025-08-19T15:53:41.3034374Z  
2025-08-19T15:53:41.3034701Z  /usr/local/bin/docker-entrypoint.sh: ignoring /docker-entrypoint-initdb.d/*
2025-08-19T15:53:41.3035086Z  
2025-08-19T15:53:41.3035330Z  2025-08-19 15:52:39.165 UTC [48] LOG:  received fast shutdown request
2025-08-19T15:53:41.3036105Z  waiting for server to shut down....2025-08-19 15:52:39.166 UTC [48] LOG:  aborting any active transactions
2025-08-19T15:53:41.3036748Z  2025-08-19 15:52:39.168 UTC [48] LOG:  background worker "logical replication launcher" (PID 54) exited with exit code 1
2025-08-19T15:53:41.3037247Z  2025-08-19 15:52:39.168 UTC [49] LOG:  shutting down
2025-08-19T15:53:41.3037759Z  2025-08-19 15:52:39.168 UTC [49] LOG:  checkpoint starting: shutdown immediate
2025-08-19T15:53:41.3038609Z  2025-08-19 15:52:39.185 UTC [49] LOG:  checkpoint complete: wrote 922 buffers (5.6%); 0 WAL file(s) added, 0 removed, 0 recycled; write=0.014 s, sync=0.002 s, total=0.018 s; sync files=301, longest=0.001 s, average=0.001 s; distance=4239 kB, estimate=4239 kB
2025-08-19T15:53:41.3039447Z  2025-08-19 15:52:39.191 UTC [48] LOG:  database system is shut down
2025-08-19T15:53:41.3039760Z   done
2025-08-19T15:53:41.3039938Z  server stopped
2025-08-19T15:53:41.3040124Z  
2025-08-19T15:53:41.3040359Z  PostgreSQL init process complete; ready for start up.
2025-08-19T15:53:41.3040653Z  
2025-08-19T15:53:41.3047112Z Stop and remove container: 7e7d638e684641bca9aca3e52c12f14c_postgres15_2268d6
2025-08-19T15:53:41.3052594Z ##[command]/usr/bin/docker rm --force ac282ee823e673b9cb19f091c1626298dec9297b495e7085d68b492fef911d5a
2025-08-19T15:53:42.3883138Z ac282ee823e673b9cb19f091c1626298dec9297b495e7085d68b492fef911d5a
2025-08-19T15:53:42.3909142Z Remove container network: github_network_963c00a8b4424519953ca1bab94b5459
2025-08-19T15:53:42.3913883Z ##[command]/usr/bin/docker network rm github_network_963c00a8b4424519953ca1bab94b5459
2025-08-19T15:53:42.5035630Z github_network_963c00a8b4424519953ca1bab94b5459
2025-08-19T15:53:42.5094398Z Cleaning up orphan processes
