2025-08-17T02:10:01.8602955Z Current runner version: '2.327.1'
2025-08-17T02:10:01.8636594Z ##[group]Runner Image Provisioner
2025-08-17T02:10:01.8637877Z Hosted Compute Agent
2025-08-17T02:10:01.8638679Z Version: 20250812.370
2025-08-17T02:10:01.8639884Z Commit: 4a2b2bf7520004e3e907c2150c8cabe342a3da32
2025-08-17T02:10:01.8641056Z Build Date: 2025-08-12T16:08:14Z
2025-08-17T02:10:01.8642071Z ##[endgroup]
2025-08-17T02:10:01.8642879Z ##[group]Operating System
2025-08-17T02:10:01.8643714Z Ubuntu
2025-08-17T02:10:01.8644526Z 24.04.2
2025-08-17T02:10:01.8645231Z LTS
2025-08-17T02:10:01.8645989Z ##[endgroup]
2025-08-17T02:10:01.8646832Z ##[group]Runner Image
2025-08-17T02:10:01.8647714Z Image: ubuntu-24.04
2025-08-17T02:10:01.8648522Z Version: 20250810.1.0
2025-08-17T02:10:01.8650432Z Included Software: https://github.com/actions/runner-images/blob/ubuntu24/20250810.1/images/ubuntu/Ubuntu2404-Readme.md
2025-08-17T02:10:01.8653050Z Image Release: https://github.com/actions/runner-images/releases/tag/ubuntu24%2F20250810.1
2025-08-17T02:10:01.8654813Z ##[endgroup]
2025-08-17T02:10:01.8659256Z ##[group]GITHUB_TOKEN Permissions
2025-08-17T02:10:01.8662255Z Actions: write
2025-08-17T02:10:01.8663093Z Attestations: write
2025-08-17T02:10:01.8664173Z Checks: write
2025-08-17T02:10:01.8665003Z Contents: write
2025-08-17T02:10:01.8665785Z Deployments: write
2025-08-17T02:10:01.8666649Z Discussions: write
2025-08-17T02:10:01.8667452Z Issues: write
2025-08-17T02:10:01.8668336Z Metadata: read
2025-08-17T02:10:01.8669178Z Models: read
2025-08-17T02:10:01.8670260Z Packages: write
2025-08-17T02:10:01.8671054Z Pages: write
2025-08-17T02:10:01.8672077Z PullRequests: write
2025-08-17T02:10:01.8672896Z RepositoryProjects: write
2025-08-17T02:10:01.8673874Z SecurityEvents: write
2025-08-17T02:10:01.8674958Z Statuses: write
2025-08-17T02:10:01.8675687Z ##[endgroup]
2025-08-17T02:10:01.8678529Z Secret source: Actions
2025-08-17T02:10:01.8679721Z Prepare workflow directory
2025-08-17T02:10:01.9301706Z Prepare all required actions
2025-08-17T02:10:01.9359316Z Getting action download info
2025-08-17T02:10:02.1826349Z Download action repository 'actions/checkout@v4' (SHA:08eba0b27e820071cde6df949e0beb9ba4906955)
2025-08-17T02:10:02.4569856Z Download action repository 'actions/setup-python@v5' (SHA:a26af69be951a213d495a4c3e4e4022e16d87065)
2025-08-17T02:10:02.7437897Z Download action repository 'actions/cache@v4' (SHA:0400d5f644dc74513175e3cd8d07132dd4860809)
2025-08-17T02:10:03.0590972Z Download action repository 'actions/upload-artifact@v4' (SHA:ea165f8d65b6e75b540449e92b4886f43607fa02)
2025-08-17T02:10:03.3762697Z Complete job name: integration-db
2025-08-17T02:10:03.4293412Z ##[group]Checking docker version
2025-08-17T02:10:03.4307393Z ##[command]/usr/bin/docker version --format '{{.Server.APIVersion}}'
2025-08-17T02:10:04.6195258Z '1.48'
2025-08-17T02:10:04.6207766Z Docker daemon API version: '1.48'
2025-08-17T02:10:04.6208256Z ##[command]/usr/bin/docker version --format '{{.Client.APIVersion}}'
2025-08-17T02:10:04.6466226Z '1.48'
2025-08-17T02:10:04.6479819Z Docker client API version: '1.48'
2025-08-17T02:10:04.6485348Z ##[endgroup]
2025-08-17T02:10:04.6487943Z ##[group]Clean up resources from previous jobs
2025-08-17T02:10:04.6493227Z ##[command]/usr/bin/docker ps --all --quiet --no-trunc --filter "label=e19870"
2025-08-17T02:10:04.6626933Z ##[command]/usr/bin/docker network prune --force --filter "label=e19870"
2025-08-17T02:10:04.6749324Z ##[endgroup]
2025-08-17T02:10:04.6749906Z ##[group]Create local container network
2025-08-17T02:10:04.6759438Z ##[command]/usr/bin/docker network create --label e19870 github_network_c4f24d6c3caf4e5893768071642c60ba
2025-08-17T02:10:04.7303030Z dbdbd18ae19364bfeede02f726f179b9cc118f6fca5552f1077f182505a0c442
2025-08-17T02:10:04.7324232Z ##[endgroup]
2025-08-17T02:10:04.7347591Z ##[group]Starting postgres service container
2025-08-17T02:10:04.7367226Z ##[command]/usr/bin/docker pull postgres:15
2025-08-17T02:10:05.0022364Z 15: Pulling from library/postgres
2025-08-17T02:10:05.0654086Z 396b1da7636e: Pulling fs layer
2025-08-17T02:10:05.0655164Z fca2566eba32: Pulling fs layer
2025-08-17T02:10:05.0655651Z 631fe8c6d606: Pulling fs layer
2025-08-17T02:10:05.0656104Z 77c7671c4414: Pulling fs layer
2025-08-17T02:10:05.0656536Z 2d9e29180a27: Pulling fs layer
2025-08-17T02:10:05.0656956Z c6bcc2c9a041: Pulling fs layer
2025-08-17T02:10:05.0657402Z ac4b721eb66f: Pulling fs layer
2025-08-17T02:10:05.0657767Z 606bd164980e: Pulling fs layer
2025-08-17T02:10:05.0658071Z f5dfd246bc6e: Pulling fs layer
2025-08-17T02:10:05.0658340Z ba7036bb0a60: Pulling fs layer
2025-08-17T02:10:05.0658612Z 799f859abbbd: Pulling fs layer
2025-08-17T02:10:05.0658998Z d903e777080c: Pulling fs layer
2025-08-17T02:10:05.0659451Z 04adcb462801: Pulling fs layer
2025-08-17T02:10:05.0660112Z 5c10925b29ff: Pulling fs layer
2025-08-17T02:10:05.0660568Z c6bcc2c9a041: Waiting
2025-08-17T02:10:05.0660814Z ac4b721eb66f: Waiting
2025-08-17T02:10:05.0661153Z d903e777080c: Waiting
2025-08-17T02:10:05.0661381Z f5dfd246bc6e: Waiting
2025-08-17T02:10:05.0661599Z 04adcb462801: Waiting
2025-08-17T02:10:05.0661844Z ba7036bb0a60: Waiting
2025-08-17T02:10:05.0662064Z 5c10925b29ff: Waiting
2025-08-17T02:10:05.0662266Z 799f859abbbd: Waiting
2025-08-17T02:10:05.0662440Z 77c7671c4414: Waiting
2025-08-17T02:10:05.0662622Z 2d9e29180a27: Waiting
2025-08-17T02:10:05.1644537Z fca2566eba32: Verifying Checksum
2025-08-17T02:10:05.1645100Z fca2566eba32: Download complete
2025-08-17T02:10:05.2378751Z 631fe8c6d606: Verifying Checksum
2025-08-17T02:10:05.2379519Z 631fe8c6d606: Download complete
2025-08-17T02:10:05.2683960Z 77c7671c4414: Verifying Checksum
2025-08-17T02:10:05.2684388Z 77c7671c4414: Download complete
2025-08-17T02:10:05.3783922Z 2d9e29180a27: Verifying Checksum
2025-08-17T02:10:05.3785282Z 2d9e29180a27: Download complete
2025-08-17T02:10:05.3954130Z c6bcc2c9a041: Verifying Checksum
2025-08-17T02:10:05.3954854Z c6bcc2c9a041: Download complete
2025-08-17T02:10:05.4353013Z 396b1da7636e: Verifying Checksum
2025-08-17T02:10:05.4353926Z 396b1da7636e: Download complete
2025-08-17T02:10:05.4581717Z ac4b721eb66f: Verifying Checksum
2025-08-17T02:10:05.4582577Z ac4b721eb66f: Download complete
2025-08-17T02:10:05.4958753Z 606bd164980e: Verifying Checksum
2025-08-17T02:10:05.4961713Z 606bd164980e: Download complete
2025-08-17T02:10:05.5527956Z ba7036bb0a60: Verifying Checksum
2025-08-17T02:10:05.5529047Z ba7036bb0a60: Download complete
2025-08-17T02:10:05.5820664Z 799f859abbbd: Verifying Checksum
2025-08-17T02:10:05.5823529Z 799f859abbbd: Download complete
2025-08-17T02:10:05.6355700Z d903e777080c: Verifying Checksum
2025-08-17T02:10:05.6356558Z d903e777080c: Download complete
2025-08-17T02:10:05.6643965Z 04adcb462801: Verifying Checksum
2025-08-17T02:10:05.6644791Z 04adcb462801: Download complete
2025-08-17T02:10:05.7246326Z 5c10925b29ff: Verifying Checksum
2025-08-17T02:10:05.7247265Z 5c10925b29ff: Download complete
2025-08-17T02:10:06.4350360Z 396b1da7636e: Pull complete
2025-08-17T02:10:06.6601269Z fca2566eba32: Pull complete
2025-08-17T02:10:06.8605227Z 631fe8c6d606: Pull complete
2025-08-17T02:10:06.9072760Z 77c7671c4414: Pull complete
2025-08-17T02:10:07.1646854Z f5dfd246bc6e: Verifying Checksum
2025-08-17T02:10:07.1647820Z f5dfd246bc6e: Download complete
2025-08-17T02:10:07.2313582Z 2d9e29180a27: Pull complete
2025-08-17T02:10:07.3250661Z c6bcc2c9a041: Pull complete
2025-08-17T02:10:07.3343266Z ac4b721eb66f: Pull complete
2025-08-17T02:10:07.3453769Z 606bd164980e: Pull complete
2025-08-17T02:10:10.5105141Z f5dfd246bc6e: Pull complete
2025-08-17T02:10:10.5272464Z ba7036bb0a60: Pull complete
2025-08-17T02:10:10.5376026Z 799f859abbbd: Pull complete
2025-08-17T02:10:10.5477782Z d903e777080c: Pull complete
2025-08-17T02:10:10.5592318Z 04adcb462801: Pull complete
2025-08-17T02:10:10.5691185Z 5c10925b29ff: Pull complete
2025-08-17T02:10:10.5744172Z Digest: sha256:bc51cf4f1fe02cce7ed2370b20128a9b00b4eb804573a77d2a0d877aaa9c82b1
2025-08-17T02:10:10.5758076Z Status: Downloaded newer image for postgres:15
2025-08-17T02:10:10.5766922Z docker.io/library/postgres:15
2025-08-17T02:10:10.5850408Z ##[command]/usr/bin/docker create --name e8122a7de385440c89f634c6dc8a8de8_postgres15_459c55 --label e19870 --network github_network_c4f24d6c3caf4e5893768071642c60ba --network-alias postgres -p 5432:5432 --health-cmd="pg_isready -U postgres -d awa" --health-interval=5s --health-timeout=5s --health-retries=10 -e "POSTGRES_USER=postgres" -e "POSTGRES_PASSWORD=pass" -e "POSTGRES_DB=awa" -e GITHUB_ACTIONS=true -e CI=true postgres:15
2025-08-17T02:10:10.6212503Z 0e9ca52829042d25f494b5eb88c3fef150e8dbeaa047df124d5683c2cf2b1dfe
2025-08-17T02:10:10.6235663Z ##[command]/usr/bin/docker start 0e9ca52829042d25f494b5eb88c3fef150e8dbeaa047df124d5683c2cf2b1dfe
2025-08-17T02:10:11.5925401Z 0e9ca52829042d25f494b5eb88c3fef150e8dbeaa047df124d5683c2cf2b1dfe
2025-08-17T02:10:11.5950047Z ##[command]/usr/bin/docker ps --all --filter id=0e9ca52829042d25f494b5eb88c3fef150e8dbeaa047df124d5683c2cf2b1dfe --filter status=running --no-trunc --format "{{.ID}} {{.Status}}"
2025-08-17T02:10:11.6082823Z 0e9ca52829042d25f494b5eb88c3fef150e8dbeaa047df124d5683c2cf2b1dfe Up Less than a second (health: starting)
2025-08-17T02:10:11.6105808Z ##[command]/usr/bin/docker port 0e9ca52829042d25f494b5eb88c3fef150e8dbeaa047df124d5683c2cf2b1dfe
2025-08-17T02:10:11.6234720Z 5432/tcp -> 0.0.0.0:5432
2025-08-17T02:10:11.6235383Z 5432/tcp -> [::]:5432
2025-08-17T02:10:11.6284650Z ##[endgroup]
2025-08-17T02:10:11.6294384Z ##[group]Waiting for all services to be ready
2025-08-17T02:10:11.6307951Z ##[command]/usr/bin/docker inspect --format="{{if .Config.Healthcheck}}{{print .State.Health.Status}}{{end}}" 0e9ca52829042d25f494b5eb88c3fef150e8dbeaa047df124d5683c2cf2b1dfe
2025-08-17T02:10:11.6442655Z starting
2025-08-17T02:10:11.6468114Z postgres service is starting, waiting 2 seconds before checking again.
2025-08-17T02:10:13.6467444Z ##[command]/usr/bin/docker inspect --format="{{if .Config.Healthcheck}}{{print .State.Health.Status}}{{end}}" 0e9ca52829042d25f494b5eb88c3fef150e8dbeaa047df124d5683c2cf2b1dfe
2025-08-17T02:10:13.6587833Z starting
2025-08-17T02:10:13.6602845Z postgres service is starting, waiting 4 seconds before checking again.
2025-08-17T02:10:17.8887624Z ##[command]/usr/bin/docker inspect --format="{{if .Config.Healthcheck}}{{print .State.Health.Status}}{{end}}" 0e9ca52829042d25f494b5eb88c3fef150e8dbeaa047df124d5683c2cf2b1dfe
2025-08-17T02:10:17.9007979Z healthy
2025-08-17T02:10:17.9025920Z postgres service is healthy.
2025-08-17T02:10:17.9026762Z ##[endgroup]
2025-08-17T02:10:17.9447196Z ##[group]Run actions/checkout@v4
2025-08-17T02:10:17.9447713Z with:
2025-08-17T02:10:17.9447893Z   fetch-depth: 0
2025-08-17T02:10:17.9448095Z   repository: AlexBomber12/AWA-App
2025-08-17T02:10:17.9448469Z   token: ***
2025-08-17T02:10:17.9448651Z   ssh-strict: true
2025-08-17T02:10:17.9448837Z   ssh-user: git
2025-08-17T02:10:17.9449027Z   persist-credentials: true
2025-08-17T02:10:17.9449232Z   clean: true
2025-08-17T02:10:17.9449417Z   sparse-checkout-cone-mode: true
2025-08-17T02:10:17.9449921Z   fetch-tags: false
2025-08-17T02:10:17.9450122Z   show-progress: true
2025-08-17T02:10:17.9450306Z   lfs: false
2025-08-17T02:10:17.9450486Z   submodules: false
2025-08-17T02:10:17.9450667Z   set-safe-directory: true
2025-08-17T02:10:17.9451139Z ##[endgroup]
2025-08-17T02:10:18.0517569Z Syncing repository: AlexBomber12/AWA-App
2025-08-17T02:10:18.0518904Z ##[group]Getting Git version info
2025-08-17T02:10:18.0519277Z Working directory is '/home/runner/work/AWA-App/AWA-App'
2025-08-17T02:10:18.0520008Z [command]/usr/bin/git version
2025-08-17T02:10:18.0565371Z git version 2.50.1
2025-08-17T02:10:18.0591175Z ##[endgroup]
2025-08-17T02:10:18.0604796Z Temporarily overriding HOME='/home/runner/work/_temp/23f0e6f4-eeb3-48ea-a1b2-e4f01b1941f4' before making global git config changes
2025-08-17T02:10:18.0605697Z Adding repository directory to the temporary git global config as a safe directory
2025-08-17T02:10:18.0610014Z [command]/usr/bin/git config --global --add safe.directory /home/runner/work/AWA-App/AWA-App
2025-08-17T02:10:18.0642787Z Deleting the contents of '/home/runner/work/AWA-App/AWA-App'
2025-08-17T02:10:18.0646302Z ##[group]Initializing the repository
2025-08-17T02:10:18.0650263Z [command]/usr/bin/git init /home/runner/work/AWA-App/AWA-App
2025-08-17T02:10:18.0707069Z hint: Using 'master' as the name for the initial branch. This default branch name
2025-08-17T02:10:18.0708094Z hint: is subject to change. To configure the initial branch name to use in all
2025-08-17T02:10:18.0709006Z hint: of your new repositories, which will suppress this warning, call:
2025-08-17T02:10:18.0709813Z hint:
2025-08-17T02:10:18.0710322Z hint: 	git config --global init.defaultBranch <name>
2025-08-17T02:10:18.0710896Z hint:
2025-08-17T02:10:18.0711406Z hint: Names commonly chosen instead of 'master' are 'main', 'trunk' and
2025-08-17T02:10:18.0712178Z hint: 'development'. The just-created branch can be renamed via this command:
2025-08-17T02:10:18.0712632Z hint:
2025-08-17T02:10:18.0712832Z hint: 	git branch -m <name>
2025-08-17T02:10:18.0713038Z hint:
2025-08-17T02:10:18.0713335Z hint: Disable this message with "git config set advice.defaultBranchName false"
2025-08-17T02:10:18.0713825Z Initialized empty Git repository in /home/runner/work/AWA-App/AWA-App/.git/
2025-08-17T02:10:18.0721468Z [command]/usr/bin/git remote add origin https://github.com/AlexBomber12/AWA-App
2025-08-17T02:10:18.0751053Z ##[endgroup]
2025-08-17T02:10:18.0751631Z ##[group]Disabling automatic garbage collection
2025-08-17T02:10:18.0756408Z [command]/usr/bin/git config --local gc.auto 0
2025-08-17T02:10:18.0783248Z ##[endgroup]
2025-08-17T02:10:18.0783770Z ##[group]Setting up auth
2025-08-17T02:10:18.0790106Z [command]/usr/bin/git config --local --name-only --get-regexp core\.sshCommand
2025-08-17T02:10:18.0818741Z [command]/usr/bin/git submodule foreach --recursive sh -c "git config --local --name-only --get-regexp 'core\.sshCommand' && git config --local --unset-all 'core.sshCommand' || :"
2025-08-17T02:10:18.1072256Z [command]/usr/bin/git config --local --name-only --get-regexp http\.https\:\/\/github\.com\/\.extraheader
2025-08-17T02:10:18.1101711Z [command]/usr/bin/git submodule foreach --recursive sh -c "git config --local --name-only --get-regexp 'http\.https\:\/\/github\.com\/\.extraheader' && git config --local --unset-all 'http.https://github.com/.extraheader' || :"
2025-08-17T02:10:18.1318326Z [command]/usr/bin/git config --local http.https://github.com/.extraheader AUTHORIZATION: basic ***
2025-08-17T02:10:18.1353734Z ##[endgroup]
2025-08-17T02:10:18.1354410Z ##[group]Fetching the repository
2025-08-17T02:10:18.1363213Z [command]/usr/bin/git -c protocol.version=2 fetch --prune --no-recurse-submodules origin +refs/heads/*:refs/remotes/origin/* +refs/tags/*:refs/tags/* +aed844b3745fef5316ad4f656e3be9e5631db87b:refs/remotes/pull/219/merge
2025-08-17T02:10:19.2739451Z From https://github.com/AlexBomber12/AWA-App
2025-08-17T02:10:19.2740626Z  * [new branch]      codex/check-ci-logs-for-errors-and-fix-them -> origin/codex/check-ci-logs-for-errors-and-fix-them
2025-08-17T02:10:19.2741956Z  * [new branch]      codex/check-logs-for-errors-and-fix-issues -> origin/codex/check-logs-for-errors-and-fix-issues
2025-08-17T02:10:19.2743170Z  * [new branch]      codex/fix-ci-workflows-based-on-log-analysis -> origin/codex/fix-ci-workflows-based-on-log-analysis
2025-08-17T02:10:19.2744532Z  * [new branch]      codex/fix-ci-workflows-based-on-logs     -> origin/codex/fix-ci-workflows-based-on-logs
2025-08-17T02:10:19.2746255Z  * [new branch]      codex/fix-ci-workflows-based-on-logs-sca1uo -> origin/codex/fix-ci-workflows-based-on-logs-sca1uo
2025-08-17T02:10:19.2748648Z  * [new branch]      codex/fix-ci-workflows-to-pass-tests     -> origin/codex/fix-ci-workflows-to-pass-tests
2025-08-17T02:10:19.2750979Z  * [new branch]      codex/fix-ci-workflows-until-all-pass    -> origin/codex/fix-ci-workflows-until-all-pass
2025-08-17T02:10:19.2753211Z  * [new branch]      codex/fix-ci-workflows-until-passing     -> origin/codex/fix-ci-workflows-until-passing
2025-08-17T02:10:19.2755537Z  * [new branch]      codex/implement-targeted-ci-fixes-until-green -> origin/codex/implement-targeted-ci-fixes-until-green
2025-08-17T02:10:19.2758092Z  * [new branch]      codex/implement-targeted-ci-fixes-until-green-g91k8p -> origin/codex/implement-targeted-ci-fixes-until-green-g91k8p
2025-08-17T02:10:19.2760373Z  * [new branch]      codex/replace-github-cli-with-python-rest-calls -> origin/codex/replace-github-cli-with-python-rest-calls
2025-08-17T02:10:19.2762466Z  * [new branch]      gh-pages                                 -> origin/gh-pages
2025-08-17T02:10:19.2764874Z  * [new branch]      main                                     -> origin/main
2025-08-17T02:10:19.2766322Z  * [new tag]         0.3.0                                    -> 0.3.0
2025-08-17T02:10:19.2770871Z  * [new ref]         aed844b3745fef5316ad4f656e3be9e5631db87b -> pull/219/merge
2025-08-17T02:10:19.2847499Z ##[endgroup]
2025-08-17T02:10:19.2847849Z ##[group]Determining the checkout info
2025-08-17T02:10:19.2848898Z ##[endgroup]
2025-08-17T02:10:19.2854870Z [command]/usr/bin/git sparse-checkout disable
2025-08-17T02:10:19.2891540Z [command]/usr/bin/git config --local --unset-all extensions.worktreeConfig
2025-08-17T02:10:19.2917441Z ##[group]Checking out the ref
2025-08-17T02:10:19.2921753Z [command]/usr/bin/git checkout --progress --force refs/remotes/pull/219/merge
2025-08-17T02:10:19.3322849Z Note: switching to 'refs/remotes/pull/219/merge'.
2025-08-17T02:10:19.3323223Z 
2025-08-17T02:10:19.3323556Z You are in 'detached HEAD' state. You can look around, make experimental
2025-08-17T02:10:19.3324069Z changes and commit them, and you can discard any commits you make in this
2025-08-17T02:10:19.3324555Z state without impacting any branches by switching back to a branch.
2025-08-17T02:10:19.3324850Z 
2025-08-17T02:10:19.3325033Z If you want to create a new branch to retain commits you create, you may
2025-08-17T02:10:19.3325475Z do so (now or later) by using -c with the switch command. Example:
2025-08-17T02:10:19.3325727Z 
2025-08-17T02:10:19.3325828Z   git switch -c <new-branch-name>
2025-08-17T02:10:19.3326068Z 
2025-08-17T02:10:19.3326180Z Or undo this operation with:
2025-08-17T02:10:19.3326337Z 
2025-08-17T02:10:19.3326418Z   git switch -
2025-08-17T02:10:19.3326540Z 
2025-08-17T02:10:19.3326747Z Turn off this advice by setting config variable advice.detachedHead to false
2025-08-17T02:10:19.3327053Z 
2025-08-17T02:10:19.3327630Z HEAD is now at aed844b Merge 2803949c460dbed276807d843ffc99f25db7f31e into 541c5365d442a572ab551db01523d3908e4fa547
2025-08-17T02:10:19.3335758Z ##[endgroup]
2025-08-17T02:10:19.3371149Z [command]/usr/bin/git log -1 --format=%H
2025-08-17T02:10:19.3393451Z aed844b3745fef5316ad4f656e3be9e5631db87b
2025-08-17T02:10:19.3562382Z ##[group]Run cat .env.ci >> "$GITHUB_ENV"
2025-08-17T02:10:19.3562716Z [36;1mcat .env.ci >> "$GITHUB_ENV"[0m
2025-08-17T02:10:19.3563421Z [36;1mecho "DATABASE_URL=***localhost:5432/awa" >> "$GITHUB_ENV"[0m
2025-08-17T02:10:19.3563768Z [36;1mecho "PG_HOST=localhost" >> "$GITHUB_ENV"[0m
2025-08-17T02:10:19.3564064Z [36;1mecho "PG_PORT=5432" >> "$GITHUB_ENV"[0m
2025-08-17T02:10:19.3564353Z [36;1mecho "PG_USER=postgres" >> "$GITHUB_ENV"[0m
2025-08-17T02:10:19.3564643Z [36;1mecho "PG_PASSWORD=pass" >> "$GITHUB_ENV"[0m
2025-08-17T02:10:19.3564921Z [36;1mecho "PG_DATABASE=awa" >> "$GITHUB_ENV"[0m
2025-08-17T02:10:19.3608757Z shell: /usr/bin/bash -e {0}
2025-08-17T02:10:19.3608995Z ##[endgroup]
2025-08-17T02:10:19.3779384Z ##[group]Run actions/setup-python@v5
2025-08-17T02:10:19.3779904Z with:
2025-08-17T02:10:19.3780083Z   python-version: 3.11
2025-08-17T02:10:19.3780271Z   cache: pip
2025-08-17T02:10:19.3780489Z   cache-dependency-path: requirements-dev.txt

2025-08-17T02:10:19.3780768Z   check-latest: false
2025-08-17T02:10:19.3781076Z   token: ***
2025-08-17T02:10:19.3781265Z   update-environment: true
2025-08-17T02:10:19.3781477Z   allow-prereleases: false
2025-08-17T02:10:19.3781676Z   freethreaded: false
2025-08-17T02:10:19.3781849Z env:
2025-08-17T02:10:19.3782008Z   PG_USER: postgres
2025-08-17T02:10:19.3782180Z   PG_PASSWORD: pass
2025-08-17T02:10:19.3782354Z   PG_DATABASE: awa
2025-08-17T02:10:19.3782721Z   PG_HOST: localhost
2025-08-17T02:10:19.3782894Z   PG_PORT: 5432
2025-08-17T02:10:19.3783282Z   PG_SYNC_DSN: ***localhost:5432/awa
2025-08-17T02:10:19.3783676Z   PG_ASYNC_DSN: ***localhost:5432/awa
2025-08-17T02:10:19.3784054Z   DATABASE_URL: ***localhost:5432/awa
2025-08-17T02:10:19.3784306Z   DATA_DIR: /tmp/awa-data
2025-08-17T02:10:19.3784493Z   ENABLE_LIVE: 0
2025-08-17T02:10:19.3784669Z   TESTING: 1
2025-08-17T02:10:19.3784832Z ##[endgroup]
2025-08-17T02:10:19.5432200Z ##[group]Installed versions
2025-08-17T02:10:19.6003904Z Successfully set up CPython (3.11.13)
2025-08-17T02:10:19.6004438Z ##[endgroup]
2025-08-17T02:10:19.6365294Z [command]/opt/hostedtoolcache/Python/3.11.13/x64/bin/pip cache dir
2025-08-17T02:10:21.2356068Z /home/runner/.cache/pip
2025-08-17T02:10:21.3743917Z Cache hit for: setup-python-Linux-x64-24.04-Ubuntu-python-3.11.13-pip-dee7c0c28332ec2ebb5d2650fb0d2cfddf025b3b0e96b0c826645ad2cb717961
2025-08-17T02:10:22.3904269Z Received 203535974 of 203535974 (100.0%), 202.2 MBs/sec
2025-08-17T02:10:22.3906968Z Cache Size: ~194 MB (203535974 B)
2025-08-17T02:10:22.4021249Z [command]/usr/bin/tar -xf /home/runner/work/_temp/8d848a5e-d897-45fc-a024-7f116c40a2ed/cache.tzst -P -C /home/runner/work/AWA-App/AWA-App --use-compress-program unzstd
2025-08-17T02:10:22.7397913Z Cache restored successfully
2025-08-17T02:10:22.7785948Z Cache restored from key: setup-python-Linux-x64-24.04-Ubuntu-python-3.11.13-pip-dee7c0c28332ec2ebb5d2650fb0d2cfddf025b3b0e96b0c826645ad2cb717961
2025-08-17T02:10:22.8475920Z ##[group]Run actions/cache@v4
2025-08-17T02:10:22.8476171Z with:
2025-08-17T02:10:22.8476391Z   path: ~/.cache/pip
.pytest_cache
~/.ruff_cache

2025-08-17T02:10:22.8476825Z   key: Linux-int-dee7c0c28332ec2ebb5d2650fb0d2cfddf025b3b0e96b0c826645ad2cb717961
2025-08-17T02:10:22.8477222Z   restore-keys: Linux-int-
2025-08-17T02:10:22.8477445Z   enableCrossOsArchive: false
2025-08-17T02:10:22.8477674Z   fail-on-cache-miss: false
2025-08-17T02:10:22.8477904Z   lookup-only: false
2025-08-17T02:10:22.8478108Z   save-always: false
2025-08-17T02:10:22.8478290Z env:
2025-08-17T02:10:22.8478450Z   PG_USER: postgres
2025-08-17T02:10:22.8478636Z   PG_PASSWORD: pass
2025-08-17T02:10:22.8478818Z   PG_DATABASE: awa
2025-08-17T02:10:22.8478998Z   PG_HOST: localhost
2025-08-17T02:10:22.8479173Z   PG_PORT: 5432
2025-08-17T02:10:22.8479840Z   PG_SYNC_DSN: ***localhost:5432/awa
2025-08-17T02:10:22.8480333Z   PG_ASYNC_DSN: ***localhost:5432/awa
2025-08-17T02:10:22.8480758Z   DATABASE_URL: ***localhost:5432/awa
2025-08-17T02:10:22.8480990Z   DATA_DIR: /tmp/awa-data
2025-08-17T02:10:22.8481191Z   ENABLE_LIVE: 0
2025-08-17T02:10:22.8481363Z   TESTING: 1
2025-08-17T02:10:22.8481599Z   pythonLocation: /opt/hostedtoolcache/Python/3.11.13/x64
2025-08-17T02:10:22.8482003Z   PKG_CONFIG_PATH: /opt/hostedtoolcache/Python/3.11.13/x64/lib/pkgconfig
2025-08-17T02:10:22.8482396Z   Python_ROOT_DIR: /opt/hostedtoolcache/Python/3.11.13/x64
2025-08-17T02:10:22.8482764Z   Python2_ROOT_DIR: /opt/hostedtoolcache/Python/3.11.13/x64
2025-08-17T02:10:22.8483120Z   Python3_ROOT_DIR: /opt/hostedtoolcache/Python/3.11.13/x64
2025-08-17T02:10:22.8483476Z   LD_LIBRARY_PATH: /opt/hostedtoolcache/Python/3.11.13/x64/lib
2025-08-17T02:10:22.8483776Z ##[endgroup]
2025-08-17T02:10:23.0515354Z Cache hit for: Linux-int-dee7c0c28332ec2ebb5d2650fb0d2cfddf025b3b0e96b0c826645ad2cb717961
2025-08-17T02:10:23.9165872Z Received 203537320 of 203537320 (100.0%), 233.0 MBs/sec
2025-08-17T02:10:23.9167761Z Cache Size: ~194 MB (203537320 B)
2025-08-17T02:10:23.9209065Z [command]/usr/bin/tar -xf /home/runner/work/_temp/e5a5370c-2779-4ce0-befc-fb187691b2e8/cache.tzst -P -C /home/runner/work/AWA-App/AWA-App --use-compress-program unzstd
2025-08-17T02:10:24.3114330Z Cache restored successfully
2025-08-17T02:10:24.3575397Z Cache restored from key: Linux-int-dee7c0c28332ec2ebb5d2650fb0d2cfddf025b3b0e96b0c826645ad2cb717961
2025-08-17T02:10:24.3689170Z ##[group]Run pip install -r requirements-dev.txt
2025-08-17T02:10:24.3689845Z [36;1mpip install -r requirements-dev.txt[0m
2025-08-17T02:10:24.3690372Z [36;1mpip install keepa==1.3.15 minio==7.1.15[0m
2025-08-17T02:10:24.3732226Z shell: /usr/bin/bash -e {0}
2025-08-17T02:10:24.3732467Z env:
2025-08-17T02:10:24.3732646Z   PG_USER: postgres
2025-08-17T02:10:24.3732849Z   PG_PASSWORD: pass
2025-08-17T02:10:24.3733045Z   PG_DATABASE: awa
2025-08-17T02:10:24.3733239Z   PG_HOST: localhost
2025-08-17T02:10:24.3733431Z   PG_PORT: 5432
2025-08-17T02:10:24.3733901Z   PG_SYNC_DSN: ***localhost:5432/awa
2025-08-17T02:10:24.3734307Z   PG_ASYNC_DSN: ***localhost:5432/awa
2025-08-17T02:10:24.3734699Z   DATABASE_URL: ***localhost:5432/awa
2025-08-17T02:10:24.3734937Z   DATA_DIR: /tmp/awa-data
2025-08-17T02:10:24.3735144Z   ENABLE_LIVE: 0
2025-08-17T02:10:24.3735317Z   TESTING: 1
2025-08-17T02:10:24.3735561Z   pythonLocation: /opt/hostedtoolcache/Python/3.11.13/x64
2025-08-17T02:10:24.3736000Z   PKG_CONFIG_PATH: /opt/hostedtoolcache/Python/3.11.13/x64/lib/pkgconfig
2025-08-17T02:10:24.3736391Z   Python_ROOT_DIR: /opt/hostedtoolcache/Python/3.11.13/x64
2025-08-17T02:10:24.3736745Z   Python2_ROOT_DIR: /opt/hostedtoolcache/Python/3.11.13/x64
2025-08-17T02:10:24.3737105Z   Python3_ROOT_DIR: /opt/hostedtoolcache/Python/3.11.13/x64
2025-08-17T02:10:24.3737462Z   LD_LIBRARY_PATH: /opt/hostedtoolcache/Python/3.11.13/x64/lib
2025-08-17T02:10:24.3737758Z ##[endgroup]
2025-08-17T02:10:25.8739365Z Collecting Jinja2==3.1.6 (from -r requirements-dev.txt (line 2))
2025-08-17T02:10:25.8755485Z   Using cached jinja2-3.1.6-py3-none-any.whl.metadata (2.9 kB)
2025-08-17T02:10:25.8991252Z Collecting alembic==1.13.1 (from -r requirements-dev.txt (line 3))
2025-08-17T02:10:25.9005618Z   Using cached alembic-1.13.1-py3-none-any.whl.metadata (7.4 kB)
2025-08-17T02:10:25.9192449Z Collecting apscheduler==3.10.4 (from -r requirements-dev.txt (line 4))
2025-08-17T02:10:25.9206607Z   Using cached APScheduler-3.10.4-py3-none-any.whl.metadata (5.7 kB)
2025-08-17T02:10:25.9718505Z Collecting asyncpg==0.30.0 (from -r requirements-dev.txt (line 5))
2025-08-17T02:10:25.9734848Z   Using cached asyncpg-0.30.0-cp311-cp311-manylinux_2_17_x86_64.manylinux2014_x86_64.whl.metadata (5.0 kB)
2025-08-17T02:10:26.0181758Z Collecting black==25.1.0 (from -r requirements-dev.txt (line 6))
2025-08-17T02:10:26.0195635Z   Using cached black-25.1.0-cp311-cp311-manylinux_2_17_x86_64.manylinux2014_x86_64.manylinux_2_28_x86_64.whl.metadata (81 kB)
2025-08-17T02:10:26.3552136Z Collecting boto3 (from -r requirements-dev.txt (line 7))
2025-08-17T02:10:26.4060965Z   Downloading boto3-1.40.11-py3-none-any.whl.metadata (6.7 kB)
2025-08-17T02:10:26.4401999Z Collecting celery==5.4.0 (from -r requirements-dev.txt (line 8))
2025-08-17T02:10:26.4415426Z   Using cached celery-5.4.0-py3-none-any.whl.metadata (21 kB)
2025-08-17T02:10:26.4983311Z Collecting fastapi==0.116.1 (from -r requirements-dev.txt (line 9))
2025-08-17T02:10:26.4997765Z   Using cached fastapi-0.116.1-py3-none-any.whl.metadata (28 kB)
2025-08-17T02:10:26.5357874Z Collecting httpx<0.29,>=0.27 (from -r requirements-dev.txt (line 11))
2025-08-17T02:10:26.5371436Z   Using cached httpx-0.28.1-py3-none-any.whl.metadata (7.1 kB)
2025-08-17T02:10:26.5523375Z Collecting imapclient==3.0.1 (from -r requirements-dev.txt (line 12))
2025-08-17T02:10:26.5536491Z   Using cached IMAPClient-3.0.1-py2.py3-none-any.whl.metadata (1.7 kB)
2025-08-17T02:10:26.5671311Z Collecting itsdangerous (from -r requirements-dev.txt (line 13))
2025-08-17T02:10:26.5684831Z   Using cached itsdangerous-2.2.0-py3-none-any.whl.metadata (1.9 kB)
2025-08-17T02:10:26.6831150Z Collecting mypy==1.* (from -r requirements-dev.txt (line 14))
2025-08-17T02:10:26.6846651Z   Using cached mypy-1.17.1-cp311-cp311-manylinux2014_x86_64.manylinux_2_17_x86_64.manylinux_2_28_x86_64.whl.metadata (2.2 kB)
2025-08-17T02:10:26.6978331Z Collecting mypy-extensions==1.1.0 (from -r requirements-dev.txt (line 15))
2025-08-17T02:10:26.6992307Z   Using cached mypy_extensions-1.1.0-py3-none-any.whl.metadata (1.1 kB)
2025-08-17T02:10:26.7160583Z Collecting openpyxl==3.1.5 (from -r requirements-dev.txt (line 16))
2025-08-17T02:10:26.7173785Z   Using cached openpyxl-3.1.5-py2.py3-none-any.whl.metadata (2.5 kB)
2025-08-17T02:10:26.8275281Z Collecting pandas==2.3.1 (from -r requirements-dev.txt (line 17))
2025-08-17T02:10:26.8291079Z   Using cached pandas-2.3.1-cp311-cp311-manylinux_2_17_x86_64.manylinux2014_x86_64.whl.metadata (91 kB)
2025-08-17T02:10:26.9197007Z Collecting psycopg2-binary==2.9.9 (from -r requirements-dev.txt (line 18))
2025-08-17T02:10:26.9211260Z   Using cached psycopg2_binary-2.9.9-cp311-cp311-manylinux_2_17_x86_64.manylinux2014_x86_64.whl.metadata (4.4 kB)
2025-08-17T02:10:26.9382319Z Collecting psycopg==3.2.9 (from psycopg[binary]==3.2.9->-r requirements-dev.txt (line 19))
2025-08-17T02:10:26.9395374Z   Using cached psycopg-3.2.9-py3-none-any.whl.metadata (4.5 kB)
2025-08-17T02:10:27.0452168Z Collecting pydantic==2.11.7 (from -r requirements-dev.txt (line 20))
2025-08-17T02:10:27.0466700Z   Using cached pydantic-2.11.7-py3-none-any.whl.metadata (67 kB)
2025-08-17T02:10:27.0504395Z Requirement already satisfied: setuptools in /opt/hostedtoolcache/Python/3.11.13/x64/lib/python3.11/site-packages (from -r requirements-dev.txt (line 21)) (65.5.0)
2025-08-17T02:10:27.0688542Z Collecting pytest-asyncio==0.23.6 (from -r requirements-dev.txt (line 22))
2025-08-17T02:10:27.0701773Z   Using cached pytest_asyncio-0.23.6-py3-none-any.whl.metadata (3.9 kB)
2025-08-17T02:10:27.0869118Z Collecting pytest-cov==6.2.1 (from -r requirements-dev.txt (line 23))
2025-08-17T02:10:27.0883464Z   Using cached pytest_cov-6.2.1-py3-none-any.whl.metadata (30 kB)
2025-08-17T02:10:27.1072253Z Collecting pytest-postgresql==7.0.2 (from -r requirements-dev.txt (line 24))
2025-08-17T02:10:27.1085211Z   Using cached pytest_postgresql-7.0.2-py3-none-any.whl.metadata (18 kB)
2025-08-17T02:10:27.1273129Z Collecting python-dotenv (from -r requirements-dev.txt (line 25))
2025-08-17T02:10:27.1286169Z   Using cached python_dotenv-1.1.1-py3-none-any.whl.metadata (24 kB)
2025-08-17T02:10:27.1469278Z Collecting python-multipart (from -r requirements-dev.txt (line 26))
2025-08-17T02:10:27.1482659Z   Using cached python_multipart-0.0.20-py3-none-any.whl.metadata (1.8 kB)
2025-08-17T02:10:27.1770889Z Collecting python-telegram-bot==22.2 (from -r requirements-dev.txt (line 27))
2025-08-17T02:10:27.1784039Z   Using cached python_telegram_bot-22.2-py3-none-any.whl.metadata (17 kB)
2025-08-17T02:10:27.2076600Z Collecting requests==2.32.4 (from -r requirements-dev.txt (line 28))
2025-08-17T02:10:27.2090410Z   Using cached requests-2.32.4-py3-none-any.whl.metadata (4.9 kB)
2025-08-17T02:10:27.2261548Z Collecting respx==0.22.0 (from -r requirements-dev.txt (line 29))
2025-08-17T02:10:27.2274789Z   Using cached respx-0.22.0-py2.py3-none-any.whl.metadata (4.1 kB)
2025-08-17T02:10:27.6146291Z Collecting ruff==0.4.4 (from -r requirements-dev.txt (line 30))
2025-08-17T02:10:27.6162243Z   Using cached ruff-0.4.4-py3-none-manylinux_2_17_x86_64.manylinux2014_x86_64.whl.metadata (23 kB)
2025-08-17T02:10:27.9142421Z Collecting sqlalchemy==2.0.29 (from -r requirements-dev.txt (line 31))
2025-08-17T02:10:27.9158000Z   Using cached SQLAlchemy-2.0.29-cp311-cp311-manylinux_2_17_x86_64.manylinux2014_x86_64.whl.metadata (9.6 kB)
2025-08-17T02:10:27.9395514Z Collecting testcontainers==4.10.0 (from testcontainers[postgres]==4.10.0->-r requirements-dev.txt (line 32))
2025-08-17T02:10:27.9409351Z   Using cached testcontainers-4.10.0-py3-none-any.whl.metadata (7.8 kB)
2025-08-17T02:10:27.9764852Z Collecting types-requests==2.32.0.20240602 (from -r requirements-dev.txt (line 33))
2025-08-17T02:10:27.9778822Z   Using cached types_requests-2.32.0.20240602-py3-none-any.whl.metadata (1.8 kB)
2025-08-17T02:10:27.9941254Z Collecting docspec-python==2.2.2 (from -r requirements-dev.txt (line 34))
2025-08-17T02:10:27.9954705Z   Using cached docspec_python-2.2.2-py3-none-any.whl.metadata (1.0 kB)
2025-08-17T02:10:28.0143658Z Collecting pydoc-markdown==4.8.2 (from -r requirements-dev.txt (line 35))
2025-08-17T02:10:28.0156968Z   Using cached pydoc_markdown-4.8.2-py3-none-any.whl.metadata (5.9 kB)
2025-08-17T02:10:28.0650185Z Collecting MarkupSafe>=2.0 (from Jinja2==3.1.6->-r requirements-dev.txt (line 2))
2025-08-17T02:10:28.0664562Z   Using cached MarkupSafe-3.0.2-cp311-cp311-manylinux_2_17_x86_64.manylinux2014_x86_64.whl.metadata (4.0 kB)
2025-08-17T02:10:28.0976582Z Collecting Mako (from alembic==1.13.1->-r requirements-dev.txt (line 3))
2025-08-17T02:10:28.0990513Z   Using cached mako-1.3.10-py3-none-any.whl.metadata (2.9 kB)
2025-08-17T02:10:28.1189020Z Collecting typing-extensions>=4 (from alembic==1.13.1->-r requirements-dev.txt (line 3))
2025-08-17T02:10:28.1202926Z   Using cached typing_extensions-4.14.1-py3-none-any.whl.metadata (3.0 kB)
2025-08-17T02:10:28.1359146Z Collecting six>=1.4.0 (from apscheduler==3.10.4->-r requirements-dev.txt (line 4))
2025-08-17T02:10:28.1373296Z   Using cached six-1.17.0-py2.py3-none-any.whl.metadata (1.7 kB)
2025-08-17T02:10:28.1721350Z Collecting pytz (from apscheduler==3.10.4->-r requirements-dev.txt (line 4))
2025-08-17T02:10:28.1735595Z   Using cached pytz-2025.2-py2.py3-none-any.whl.metadata (22 kB)
2025-08-17T02:10:28.1927527Z Collecting tzlocal!=3.*,>=2.0 (from apscheduler==3.10.4->-r requirements-dev.txt (line 4))
2025-08-17T02:10:28.1941072Z   Using cached tzlocal-5.3.1-py3-none-any.whl.metadata (7.6 kB)
2025-08-17T02:10:28.2152783Z Collecting click>=8.0.0 (from black==25.1.0->-r requirements-dev.txt (line 6))
2025-08-17T02:10:28.2166755Z   Using cached click-8.2.1-py3-none-any.whl.metadata (2.5 kB)
2025-08-17T02:10:28.2390009Z Collecting packaging>=22.0 (from black==25.1.0->-r requirements-dev.txt (line 6))
2025-08-17T02:10:28.2403176Z   Using cached packaging-25.0-py3-none-any.whl.metadata (3.3 kB)
2025-08-17T02:10:28.2542059Z Collecting pathspec>=0.9.0 (from black==25.1.0->-r requirements-dev.txt (line 6))
2025-08-17T02:10:28.2555336Z   Using cached pathspec-0.12.1-py3-none-any.whl.metadata (21 kB)
2025-08-17T02:10:28.2760869Z Collecting platformdirs>=2 (from black==25.1.0->-r requirements-dev.txt (line 6))
2025-08-17T02:10:28.2773679Z   Using cached platformdirs-4.3.8-py3-none-any.whl.metadata (12 kB)
2025-08-17T02:10:28.2993126Z Collecting billiard<5.0,>=4.2.0 (from celery==5.4.0->-r requirements-dev.txt (line 8))
2025-08-17T02:10:28.3006277Z   Using cached billiard-4.2.1-py3-none-any.whl.metadata (4.4 kB)
2025-08-17T02:10:28.3300703Z Collecting kombu<6.0,>=5.3.4 (from celery==5.4.0->-r requirements-dev.txt (line 8))
2025-08-17T02:10:28.3314149Z   Using cached kombu-5.5.4-py3-none-any.whl.metadata (3.5 kB)
2025-08-17T02:10:28.3497553Z Collecting vine<6.0,>=5.1.0 (from celery==5.4.0->-r requirements-dev.txt (line 8))
2025-08-17T02:10:28.3511294Z   Using cached vine-5.1.0-py3-none-any.whl.metadata (2.7 kB)
2025-08-17T02:10:28.3665742Z Collecting click-didyoumean>=0.3.0 (from celery==5.4.0->-r requirements-dev.txt (line 8))
2025-08-17T02:10:28.3680279Z   Using cached click_didyoumean-0.3.1-py3-none-any.whl.metadata (3.9 kB)
2025-08-17T02:10:28.3845769Z Collecting click-repl>=0.2.0 (from celery==5.4.0->-r requirements-dev.txt (line 8))
2025-08-17T02:10:28.3859336Z   Using cached click_repl-0.3.0-py3-none-any.whl.metadata (3.6 kB)
2025-08-17T02:10:28.4020377Z Collecting click-plugins>=1.1.1 (from celery==5.4.0->-r requirements-dev.txt (line 8))
2025-08-17T02:10:28.4034079Z   Using cached click_plugins-1.1.1.2-py2.py3-none-any.whl.metadata (6.5 kB)
2025-08-17T02:10:28.4323483Z Collecting tzdata>=2022.7 (from celery==5.4.0->-r requirements-dev.txt (line 8))
2025-08-17T02:10:28.4338212Z   Using cached tzdata-2025.2-py2.py3-none-any.whl.metadata (1.4 kB)
2025-08-17T02:10:28.4485337Z Collecting python-dateutil>=2.8.2 (from celery==5.4.0->-r requirements-dev.txt (line 8))
2025-08-17T02:10:28.4500115Z   Using cached python_dateutil-2.9.0.post0-py2.py3-none-any.whl.metadata (8.4 kB)
2025-08-17T02:10:28.4840733Z Collecting starlette<0.48.0,>=0.40.0 (from fastapi==0.116.1->-r requirements-dev.txt (line 9))
2025-08-17T02:10:28.4854713Z   Using cached starlette-0.47.2-py3-none-any.whl.metadata (6.2 kB)
2025-08-17T02:10:28.5315810Z Collecting annotated-types>=0.6.0 (from pydantic==2.11.7->-r requirements-dev.txt (line 20))
2025-08-17T02:10:28.5329048Z   Using cached annotated_types-0.7.0-py3-none-any.whl.metadata (15 kB)
2025-08-17T02:10:29.2692708Z Collecting pydantic-core==2.33.2 (from pydantic==2.11.7->-r requirements-dev.txt (line 20))
2025-08-17T02:10:29.2708937Z   Using cached pydantic_core-2.33.2-cp311-cp311-manylinux_2_17_x86_64.manylinux2014_x86_64.whl.metadata (6.8 kB)
2025-08-17T02:10:29.2868540Z Collecting typing-inspection>=0.4.0 (from pydantic==2.11.7->-r requirements-dev.txt (line 20))
2025-08-17T02:10:29.2882766Z   Using cached typing_inspection-0.4.1-py3-none-any.whl.metadata (2.6 kB)
2025-08-17T02:10:29.3018063Z Collecting et-xmlfile (from openpyxl==3.1.5->-r requirements-dev.txt (line 16))
2025-08-17T02:10:29.3031980Z   Using cached et_xmlfile-2.0.0-py3-none-any.whl.metadata (2.7 kB)
2025-08-17T02:10:29.4649095Z Collecting numpy>=1.23.2 (from pandas==2.3.1->-r requirements-dev.txt (line 17))
2025-08-17T02:10:29.4665276Z   Using cached numpy-2.3.2-cp311-cp311-manylinux_2_27_x86_64.manylinux_2_28_x86_64.whl.metadata (62 kB)
2025-08-17T02:10:29.5233948Z Collecting pytest<9,>=7.0.0 (from pytest-asyncio==0.23.6->-r requirements-dev.txt (line 22))
2025-08-17T02:10:29.5248688Z   Using cached pytest-8.4.1-py3-none-any.whl.metadata (7.7 kB)
2025-08-17T02:10:29.9170388Z Collecting coverage>=7.5 (from coverage[toml]>=7.5->pytest-cov==6.2.1->-r requirements-dev.txt (line 23))
2025-08-17T02:10:29.9249779Z   Downloading coverage-7.10.4-cp311-cp311-manylinux1_x86_64.manylinux_2_28_x86_64.manylinux_2_5_x86_64.whl.metadata (8.9 kB)
2025-08-17T02:10:29.9418647Z Collecting pluggy>=1.2 (from pytest-cov==6.2.1->-r requirements-dev.txt (line 23))
2025-08-17T02:10:29.9432927Z   Using cached pluggy-1.6.0-py3-none-any.whl.metadata (4.8 kB)
2025-08-17T02:10:29.9706354Z Collecting port-for>=0.7.3 (from pytest-postgresql==7.0.2->-r requirements-dev.txt (line 24))
2025-08-17T02:10:29.9720231Z   Using cached port_for-0.7.4-py3-none-any.whl.metadata (7.1 kB)
2025-08-17T02:10:29.9895654Z Collecting mirakuru>=2.6.0 (from pytest-postgresql==7.0.2->-r requirements-dev.txt (line 24))
2025-08-17T02:10:29.9908815Z   Using cached mirakuru-2.6.1-py3-none-any.whl.metadata (10 kB)
2025-08-17T02:10:30.0732028Z Collecting charset_normalizer<4,>=2 (from requests==2.32.4->-r requirements-dev.txt (line 28))
2025-08-17T02:10:30.0748056Z   Using cached charset_normalizer-3.4.3-cp311-cp311-manylinux2014_x86_64.manylinux_2_17_x86_64.manylinux_2_28_x86_64.whl.metadata (36 kB)
2025-08-17T02:10:30.0921552Z Collecting idna<4,>=2.5 (from requests==2.32.4->-r requirements-dev.txt (line 28))
2025-08-17T02:10:30.0935461Z   Using cached idna-3.10-py3-none-any.whl.metadata (10 kB)
2025-08-17T02:10:30.1213599Z Collecting urllib3<3,>=1.21.1 (from requests==2.32.4->-r requirements-dev.txt (line 28))
2025-08-17T02:10:30.1227403Z   Using cached urllib3-2.5.0-py3-none-any.whl.metadata (6.5 kB)
2025-08-17T02:10:30.1449973Z Collecting certifi>=2017.4.17 (from requests==2.32.4->-r requirements-dev.txt (line 28))
2025-08-17T02:10:30.1464129Z   Using cached certifi-2025.8.3-py3-none-any.whl.metadata (2.4 kB)
2025-08-17T02:10:30.2701861Z Collecting greenlet!=0.4.17 (from sqlalchemy==2.0.29->-r requirements-dev.txt (line 31))
2025-08-17T02:10:30.2716910Z   Using cached greenlet-3.2.4-cp311-cp311-manylinux_2_24_x86_64.manylinux_2_28_x86_64.whl.metadata (4.1 kB)
2025-08-17T02:10:30.2947743Z Collecting docker (from testcontainers==4.10.0->testcontainers[postgres]==4.10.0->-r requirements-dev.txt (line 32))
2025-08-17T02:10:30.2961808Z   Using cached docker-7.1.0-py3-none-any.whl.metadata (3.8 kB)
2025-08-17T02:10:30.3888270Z Collecting wrapt (from testcontainers==4.10.0->testcontainers[postgres]==4.10.0->-r requirements-dev.txt (line 32))
2025-08-17T02:10:30.3904638Z   Using cached wrapt-1.17.3-cp311-cp311-manylinux1_x86_64.manylinux_2_28_x86_64.manylinux_2_5_x86_64.whl.metadata (6.4 kB)
2025-08-17T02:10:30.4184650Z Collecting docspec==2.2.1 (from docspec-python==2.2.2->-r requirements-dev.txt (line 34))
2025-08-17T02:10:30.4198756Z   Using cached docspec-2.2.1-py3-none-any.whl.metadata (1.5 kB)
2025-08-17T02:10:30.4384754Z Collecting nr-util>=0.8.12 (from docspec-python==2.2.2->-r requirements-dev.txt (line 34))
2025-08-17T02:10:30.4397655Z   Using cached nr.util-0.8.12-py3-none-any.whl.metadata (813 bytes)
2025-08-17T02:10:30.4758979Z Collecting PyYAML<7.0,>=5.0 (from pydoc-markdown==4.8.2->-r requirements-dev.txt (line 35))
2025-08-17T02:10:30.4772957Z   Using cached PyYAML-6.0.2-cp311-cp311-manylinux_2_17_x86_64.manylinux2014_x86_64.whl.metadata (2.1 kB)
2025-08-17T02:10:30.5061382Z Collecting databind.core<5.0.0,>=4.4.0 (from pydoc-markdown==4.8.2->-r requirements-dev.txt (line 35))
2025-08-17T02:10:30.5074754Z   Using cached databind.core-4.5.2-py3-none-any.whl.metadata (1.1 kB)
2025-08-17T02:10:30.5318477Z Collecting databind.json<5.0.0,>=4.4.0 (from pydoc-markdown==4.8.2->-r requirements-dev.txt (line 35))
2025-08-17T02:10:30.5331958Z   Using cached databind.json-4.5.2-py3-none-any.whl.metadata (1.1 kB)
2025-08-17T02:10:30.5497267Z Collecting docstring-parser<0.12,>=0.11 (from pydoc-markdown==4.8.2->-r requirements-dev.txt (line 35))
2025-08-17T02:10:30.5498342Z   Using cached docstring_parser-0.11-py3-none-any.whl
2025-08-17T02:10:30.5943197Z Collecting tomli<3.0.0,>=2.0.0 (from pydoc-markdown==4.8.2->-r requirements-dev.txt (line 35))
2025-08-17T02:10:30.5957009Z   Using cached tomli-2.2.1-cp311-cp311-manylinux_2_17_x86_64.manylinux2014_x86_64.whl.metadata (11 kB)
2025-08-17T02:10:30.6091952Z Collecting tomli_w<2.0.0,>=1.0.0 (from pydoc-markdown==4.8.2->-r requirements-dev.txt (line 35))
2025-08-17T02:10:30.6105085Z   Using cached tomli_w-1.2.0-py3-none-any.whl.metadata (5.7 kB)
2025-08-17T02:10:30.6563174Z Collecting watchdog (from pydoc-markdown==4.8.2->-r requirements-dev.txt (line 35))
2025-08-17T02:10:30.6576286Z   Using cached watchdog-6.0.0-py3-none-manylinux2014_x86_64.whl.metadata (44 kB)
2025-08-17T02:10:30.6790458Z Collecting yapf>=0.30.0 (from pydoc-markdown==4.8.2->-r requirements-dev.txt (line 35))
2025-08-17T02:10:30.6803627Z   Using cached yapf-0.43.0-py3-none-any.whl.metadata (46 kB)
2025-08-17T02:10:30.7009743Z Collecting Deprecated<2.0.0,>=1.2.12 (from docspec==2.2.1->docspec-python==2.2.2->-r requirements-dev.txt (line 34))
2025-08-17T02:10:30.7022656Z   Using cached Deprecated-1.2.18-py2.py3-none-any.whl.metadata (5.7 kB)
2025-08-17T02:10:30.8517707Z Collecting psycopg-binary==3.2.9 (from psycopg[binary]==3.2.9->-r requirements-dev.txt (line 19))
2025-08-17T02:10:30.8533970Z   Using cached psycopg_binary-3.2.9-cp311-cp311-manylinux_2_17_x86_64.manylinux2014_x86_64.whl.metadata (2.9 kB)
2025-08-17T02:10:30.8843137Z Collecting anyio (from httpx<0.29,>=0.27->-r requirements-dev.txt (line 11))
2025-08-17T02:10:30.8856966Z   Using cached anyio-4.10.0-py3-none-any.whl.metadata (4.0 kB)
2025-08-17T02:10:30.9102108Z Collecting httpcore==1.* (from httpx<0.29,>=0.27->-r requirements-dev.txt (line 11))
2025-08-17T02:10:30.9115612Z   Using cached httpcore-1.0.9-py3-none-any.whl.metadata (21 kB)
2025-08-17T02:10:30.9440224Z Collecting databind<5.0.0,>=4.5.2 (from databind.core<5.0.0,>=4.4.0->pydoc-markdown==4.8.2->-r requirements-dev.txt (line 35))
2025-08-17T02:10:30.9453486Z   Using cached databind-4.5.2-py3-none-any.whl.metadata (4.3 kB)
2025-08-17T02:10:30.9601342Z Collecting nr-date<3.0.0,>=2.0.0 (from databind<5.0.0,>=4.5.2->databind.core<5.0.0,>=4.4.0->pydoc-markdown==4.8.2->-r requirements-dev.txt (line 35))
2025-08-17T02:10:30.9613722Z   Using cached nr_date-2.1.0-py3-none-any.whl.metadata (746 bytes)
2025-08-17T02:10:30.9763634Z Collecting nr-stream<2.0.0,>=1.0.0 (from databind<5.0.0,>=4.5.2->databind.core<5.0.0,>=4.4.0->pydoc-markdown==4.8.2->-r requirements-dev.txt (line 35))
2025-08-17T02:10:30.9776177Z   Using cached nr_stream-1.1.5-py3-none-any.whl.metadata (3.6 kB)
2025-08-17T02:10:30.9969481Z Collecting typeapi<3,>=2.0.1 (from databind<5.0.0,>=4.5.2->databind.core<5.0.0,>=4.4.0->pydoc-markdown==4.8.2->-r requirements-dev.txt (line 35))
2025-08-17T02:10:30.9982908Z   Using cached typeapi-2.2.4-py3-none-any.whl.metadata (1.5 kB)
2025-08-17T02:10:31.0256699Z Collecting h11>=0.16 (from httpcore==1.*->httpx<0.29,>=0.27->-r requirements-dev.txt (line 11))
2025-08-17T02:10:31.0269844Z   Using cached h11-0.16.0-py3-none-any.whl.metadata (8.3 kB)
2025-08-17T02:10:31.0502743Z Collecting amqp<6.0.0,>=5.1.1 (from kombu<6.0,>=5.3.4->celery==5.4.0->-r requirements-dev.txt (line 8))
2025-08-17T02:10:31.0516204Z   Using cached amqp-5.3.1-py3-none-any.whl.metadata (8.9 kB)
2025-08-17T02:10:31.0867183Z Collecting iniconfig>=1 (from pytest<9,>=7.0.0->pytest-asyncio==0.23.6->-r requirements-dev.txt (line 22))
2025-08-17T02:10:31.0880299Z   Using cached iniconfig-2.1.0-py3-none-any.whl.metadata (2.7 kB)
2025-08-17T02:10:31.1168127Z Collecting pygments>=2.7.2 (from pytest<9,>=7.0.0->pytest-asyncio==0.23.6->-r requirements-dev.txt (line 22))
2025-08-17T02:10:31.1181464Z   Using cached pygments-2.19.2-py3-none-any.whl.metadata (2.5 kB)
2025-08-17T02:10:31.1485654Z Collecting sniffio>=1.1 (from anyio->httpx<0.29,>=0.27->-r requirements-dev.txt (line 11))
2025-08-17T02:10:31.1498595Z   Using cached sniffio-1.3.1-py3-none-any.whl.metadata (3.9 kB)
2025-08-17T02:10:31.5659801Z Collecting botocore<1.41.0,>=1.40.11 (from boto3->-r requirements-dev.txt (line 7))
2025-08-17T02:10:31.5737822Z   Downloading botocore-1.40.11-py3-none-any.whl.metadata (5.7 kB)
2025-08-17T02:10:31.5905370Z Collecting jmespath<2.0.0,>=0.7.1 (from boto3->-r requirements-dev.txt (line 7))
2025-08-17T02:10:31.5918829Z   Using cached jmespath-1.0.1-py3-none-any.whl.metadata (7.6 kB)
2025-08-17T02:10:31.6101637Z Collecting s3transfer<0.14.0,>=0.13.0 (from boto3->-r requirements-dev.txt (line 7))
2025-08-17T02:10:31.6114761Z   Using cached s3transfer-0.13.1-py3-none-any.whl.metadata (1.7 kB)
2025-08-17T02:10:31.7421294Z Collecting fastapi-cli>=0.0.8 (from fastapi-cli[standard]>=0.0.8; extra == "all"->fastapi[all]->-r requirements-dev.txt (line 10))
2025-08-17T02:10:31.7434538Z   Using cached fastapi_cli-0.0.8-py3-none-any.whl.metadata (6.3 kB)
2025-08-17T02:10:31.8149915Z Collecting ujson!=4.0.2,!=4.1.0,!=4.2.0,!=4.3.0,!=5.0.0,!=5.1.0,>=4.0.1 (from fastapi[all]->-r requirements-dev.txt (line 10))
2025-08-17T02:10:31.8166743Z   Using cached ujson-5.10.0-cp311-cp311-manylinux_2_17_x86_64.manylinux2014_x86_64.whl.metadata (9.3 kB)
2025-08-17T02:10:32.0621082Z Collecting orjson>=3.2.1 (from fastapi[all]->-r requirements-dev.txt (line 10))
2025-08-17T02:10:32.0636960Z   Using cached orjson-3.11.2-cp311-cp311-manylinux_2_17_x86_64.manylinux2014_x86_64.whl.metadata (1.2 kB)
2025-08-17T02:10:32.0790180Z Collecting email-validator>=2.0.0 (from fastapi[all]->-r requirements-dev.txt (line 10))
2025-08-17T02:10:32.0803368Z   Using cached email_validator-2.2.0-py3-none-any.whl.metadata (25 kB)
2025-08-17T02:10:32.1104779Z Collecting uvicorn>=0.12.0 (from uvicorn[standard]>=0.12.0; extra == "all"->fastapi[all]->-r requirements-dev.txt (line 10))
2025-08-17T02:10:32.1117910Z   Using cached uvicorn-0.35.0-py3-none-any.whl.metadata (6.5 kB)
2025-08-17T02:10:32.1311691Z Collecting pydantic-settings>=2.0.0 (from fastapi[all]->-r requirements-dev.txt (line 10))
2025-08-17T02:10:32.1325005Z   Using cached pydantic_settings-2.10.1-py3-none-any.whl.metadata (3.4 kB)
2025-08-17T02:10:32.1477103Z Collecting pydantic-extra-types>=2.0.0 (from fastapi[all]->-r requirements-dev.txt (line 10))
2025-08-17T02:10:32.1496563Z   Using cached pydantic_extra_types-2.10.5-py3-none-any.whl.metadata (3.9 kB)
2025-08-17T02:10:32.2189251Z Collecting prompt-toolkit>=3.0.36 (from click-repl>=0.2.0->celery==5.4.0->-r requirements-dev.txt (line 8))
2025-08-17T02:10:32.2203012Z   Using cached prompt_toolkit-3.0.51-py3-none-any.whl.metadata (6.4 kB)
2025-08-17T02:10:32.2400460Z Collecting dnspython>=2.0.0 (from email-validator>=2.0.0->fastapi[all]->-r requirements-dev.txt (line 10))
2025-08-17T02:10:32.2414238Z   Using cached dnspython-2.7.0-py3-none-any.whl.metadata (5.8 kB)
2025-08-17T02:10:32.2711937Z Collecting typer>=0.15.1 (from fastapi-cli>=0.0.8->fastapi-cli[standard]>=0.0.8; extra == "all"->fastapi[all]->-r requirements-dev.txt (line 10))
2025-08-17T02:10:32.2725181Z   Using cached typer-0.16.0-py3-none-any.whl.metadata (15 kB)
2025-08-17T02:10:32.3001171Z Collecting rich-toolkit>=0.14.8 (from fastapi-cli>=0.0.8->fastapi-cli[standard]>=0.0.8; extra == "all"->fastapi[all]->-r requirements-dev.txt (line 10))
2025-08-17T02:10:32.3014719Z   Using cached rich_toolkit-0.15.0-py3-none-any.whl.metadata (1.0 kB)
2025-08-17T02:10:32.3156769Z Collecting fastapi-cloud-cli>=0.1.1 (from fastapi-cli[standard]>=0.0.8; extra == "all"->fastapi[all]->-r requirements-dev.txt (line 10))
2025-08-17T02:10:32.3170503Z   Using cached fastapi_cloud_cli-0.1.5-py3-none-any.whl.metadata (3.2 kB)
2025-08-17T02:10:32.3893748Z Collecting rignore>=0.5.1 (from fastapi-cloud-cli>=0.1.1->fastapi-cli[standard]>=0.0.8; extra == "all"->fastapi[all]->-r requirements-dev.txt (line 10))
2025-08-17T02:10:32.3908728Z   Using cached rignore-0.6.4-cp311-cp311-manylinux_2_17_x86_64.manylinux2014_x86_64.whl.metadata (3.8 kB)
2025-08-17T02:10:32.4766857Z Collecting sentry-sdk>=2.20.0 (from fastapi-cloud-cli>=0.1.1->fastapi-cli[standard]>=0.0.8; extra == "all"->fastapi[all]->-r requirements-dev.txt (line 10))
2025-08-17T02:10:32.4845686Z   Downloading sentry_sdk-2.35.0-py2.py3-none-any.whl.metadata (10 kB)
2025-08-17T02:10:32.5767908Z Collecting psutil>=4.0.0 (from mirakuru>=2.6.0->pytest-postgresql==7.0.2->-r requirements-dev.txt (line 24))
2025-08-17T02:10:32.5783566Z   Using cached psutil-7.0.0-cp36-abi3-manylinux_2_12_x86_64.manylinux2010_x86_64.manylinux_2_17_x86_64.manylinux2014_x86_64.whl.metadata (22 kB)
2025-08-17T02:10:32.6122550Z Collecting wcwidth (from prompt-toolkit>=3.0.36->click-repl>=0.2.0->celery==5.4.0->-r requirements-dev.txt (line 8))
2025-08-17T02:10:32.6136560Z   Using cached wcwidth-0.2.13-py2.py3-none-any.whl.metadata (14 kB)
2025-08-17T02:10:32.8306409Z Collecting rich>=13.7.1 (from rich-toolkit>=0.14.8->fastapi-cli>=0.0.8->fastapi-cli[standard]>=0.0.8; extra == "all"->fastapi[all]->-r requirements-dev.txt (line 10))
2025-08-17T02:10:32.8322011Z   Using cached rich-14.1.0-py3-none-any.whl.metadata (18 kB)
2025-08-17T02:10:32.8534733Z Collecting markdown-it-py>=2.2.0 (from rich>=13.7.1->rich-toolkit>=0.14.8->fastapi-cli>=0.0.8->fastapi-cli[standard]>=0.0.8; extra == "all"->fastapi[all]->-r requirements-dev.txt (line 10))
2025-08-17T02:10:32.8548469Z   Using cached markdown_it_py-4.0.0-py3-none-any.whl.metadata (7.3 kB)
2025-08-17T02:10:32.8783358Z Collecting mdurl~=0.1 (from markdown-it-py>=2.2.0->rich>=13.7.1->rich-toolkit>=0.14.8->fastapi-cli>=0.0.8->fastapi-cli[standard]>=0.0.8; extra == "all"->fastapi[all]->-r requirements-dev.txt (line 10))
2025-08-17T02:10:32.8796855Z   Using cached mdurl-0.1.2-py3-none-any.whl.metadata (1.6 kB)
2025-08-17T02:10:32.9269146Z Collecting shellingham>=1.3.0 (from typer>=0.15.1->fastapi-cli>=0.0.8->fastapi-cli[standard]>=0.0.8; extra == "all"->fastapi[all]->-r requirements-dev.txt (line 10))
2025-08-17T02:10:32.9283936Z   Using cached shellingham-1.5.4-py2.py3-none-any.whl.metadata (3.5 kB)
2025-08-17T02:10:32.9924586Z Collecting httptools>=0.6.3 (from uvicorn[standard]>=0.12.0; extra == "all"->fastapi[all]->-r requirements-dev.txt (line 10))
2025-08-17T02:10:32.9939816Z   Using cached httptools-0.6.4-cp311-cp311-manylinux_2_5_x86_64.manylinux1_x86_64.manylinux_2_17_x86_64.manylinux2014_x86_64.whl.metadata (3.6 kB)
2025-08-17T02:10:33.0370598Z Collecting uvloop>=0.15.1 (from uvicorn[standard]>=0.12.0; extra == "all"->fastapi[all]->-r requirements-dev.txt (line 10))
2025-08-17T02:10:33.0385052Z   Using cached uvloop-0.21.0-cp311-cp311-manylinux_2_17_x86_64.manylinux2014_x86_64.whl.metadata (4.9 kB)
2025-08-17T02:10:33.1084976Z Collecting watchfiles>=0.13 (from uvicorn[standard]>=0.12.0; extra == "all"->fastapi[all]->-r requirements-dev.txt (line 10))
2025-08-17T02:10:33.1099411Z   Using cached watchfiles-1.1.0-cp311-cp311-manylinux_2_17_x86_64.manylinux2014_x86_64.whl.metadata (4.9 kB)
2025-08-17T02:10:33.1950114Z Collecting websockets>=10.4 (from uvicorn[standard]>=0.12.0; extra == "all"->fastapi[all]->-r requirements-dev.txt (line 10))
2025-08-17T02:10:33.1964797Z   Using cached websockets-15.0.1-cp311-cp311-manylinux_2_5_x86_64.manylinux1_x86_64.manylinux_2_17_x86_64.manylinux2014_x86_64.whl.metadata (6.8 kB)
2025-08-17T02:10:33.2568724Z Using cached jinja2-3.1.6-py3-none-any.whl (134 kB)
2025-08-17T02:10:33.2583619Z Using cached alembic-1.13.1-py3-none-any.whl (233 kB)
2025-08-17T02:10:33.2598592Z Using cached APScheduler-3.10.4-py3-none-any.whl (59 kB)
2025-08-17T02:10:33.2613106Z Using cached asyncpg-0.30.0-cp311-cp311-manylinux_2_17_x86_64.manylinux2014_x86_64.whl (3.1 MB)
2025-08-17T02:10:33.2650008Z Using cached black-25.1.0-cp311-cp311-manylinux_2_17_x86_64.manylinux2014_x86_64.manylinux_2_28_x86_64.whl (1.7 MB)
2025-08-17T02:10:33.2676672Z Using cached celery-5.4.0-py3-none-any.whl (425 kB)
2025-08-17T02:10:33.2692888Z Using cached fastapi-0.116.1-py3-none-any.whl (95 kB)
2025-08-17T02:10:33.2706836Z Using cached pydantic-2.11.7-py3-none-any.whl (444 kB)
2025-08-17T02:10:33.2723389Z Using cached IMAPClient-3.0.1-py2.py3-none-any.whl (182 kB)
2025-08-17T02:10:33.2737932Z Using cached mypy_extensions-1.1.0-py3-none-any.whl (5.0 kB)
2025-08-17T02:10:33.2751396Z Using cached openpyxl-3.1.5-py2.py3-none-any.whl (250 kB)
2025-08-17T02:10:33.2766606Z Using cached pandas-2.3.1-cp311-cp311-manylinux_2_17_x86_64.manylinux2014_x86_64.whl (12.4 MB)
2025-08-17T02:10:33.2872354Z Using cached psycopg2_binary-2.9.9-cp311-cp311-manylinux_2_17_x86_64.manylinux2014_x86_64.whl (3.0 MB)
2025-08-17T02:10:33.2908609Z Using cached psycopg-3.2.9-py3-none-any.whl (202 kB)
2025-08-17T02:10:33.2923376Z Using cached pytest_asyncio-0.23.6-py3-none-any.whl (17 kB)
2025-08-17T02:10:33.2936806Z Using cached pytest_cov-6.2.1-py3-none-any.whl (24 kB)
2025-08-17T02:10:33.2950248Z Using cached pytest_postgresql-7.0.2-py3-none-any.whl (41 kB)
2025-08-17T02:10:33.2964322Z Using cached python_telegram_bot-22.2-py3-none-any.whl (708 kB)
2025-08-17T02:10:33.2982866Z Using cached requests-2.32.4-py3-none-any.whl (64 kB)
2025-08-17T02:10:33.2996522Z Using cached respx-0.22.0-py2.py3-none-any.whl (25 kB)
2025-08-17T02:10:33.3010398Z Using cached ruff-0.4.4-py3-none-manylinux_2_17_x86_64.manylinux2014_x86_64.whl (8.7 MB)
2025-08-17T02:10:33.3088649Z Using cached SQLAlchemy-2.0.29-cp311-cp311-manylinux_2_17_x86_64.manylinux2014_x86_64.whl (3.2 MB)
2025-08-17T02:10:33.3125419Z Using cached testcontainers-4.10.0-py3-none-any.whl (107 kB)
2025-08-17T02:10:33.3139391Z Using cached types_requests-2.32.0.20240602-py3-none-any.whl (15 kB)
2025-08-17T02:10:33.3153199Z Using cached docspec_python-2.2.2-py3-none-any.whl (15 kB)
2025-08-17T02:10:33.3166599Z Using cached pydoc_markdown-4.8.2-py3-none-any.whl (67 kB)
2025-08-17T02:10:33.3180273Z Using cached docspec-2.2.1-py3-none-any.whl (9.8 kB)
2025-08-17T02:10:33.3194010Z Using cached psycopg_binary-3.2.9-cp311-cp311-manylinux_2_17_x86_64.manylinux2014_x86_64.whl (4.5 MB)
2025-08-17T02:10:33.3241519Z Using cached pydantic_core-2.33.2-cp311-cp311-manylinux_2_17_x86_64.manylinux2014_x86_64.whl (2.0 MB)
2025-08-17T02:10:33.3269471Z Using cached httpx-0.28.1-py3-none-any.whl (73 kB)
2025-08-17T02:10:33.3283977Z Using cached mypy-1.17.1-cp311-cp311-manylinux2014_x86_64.manylinux_2_17_x86_64.manylinux_2_28_x86_64.whl (12.6 MB)
2025-08-17T02:10:33.3391273Z Using cached billiard-4.2.1-py3-none-any.whl (86 kB)
2025-08-17T02:10:33.3406328Z Using cached charset_normalizer-3.4.3-cp311-cp311-manylinux2014_x86_64.manylinux_2_17_x86_64.manylinux_2_28_x86_64.whl (150 kB)
2025-08-17T02:10:33.3420432Z Using cached click-8.2.1-py3-none-any.whl (102 kB)
2025-08-17T02:10:33.3434642Z Using cached databind.core-4.5.2-py3-none-any.whl (1.5 kB)
2025-08-17T02:10:33.3447910Z Using cached databind-4.5.2-py3-none-any.whl (49 kB)
2025-08-17T02:10:33.3461625Z Using cached databind.json-4.5.2-py3-none-any.whl (1.5 kB)
2025-08-17T02:10:33.3475015Z Using cached Deprecated-1.2.18-py2.py3-none-any.whl (10.0 kB)
2025-08-17T02:10:33.3488593Z Using cached httpcore-1.0.9-py3-none-any.whl (78 kB)
2025-08-17T02:10:33.3502649Z Using cached idna-3.10-py3-none-any.whl (70 kB)
2025-08-17T02:10:33.3516344Z Using cached kombu-5.5.4-py3-none-any.whl (210 kB)
2025-08-17T02:10:33.3531105Z Using cached vine-5.1.0-py3-none-any.whl (9.6 kB)
2025-08-17T02:10:33.3544324Z Using cached amqp-5.3.1-py3-none-any.whl (50 kB)
2025-08-17T02:10:33.3557798Z Using cached nr_date-2.1.0-py3-none-any.whl (10 kB)
2025-08-17T02:10:33.3571549Z Using cached nr_stream-1.1.5-py3-none-any.whl (10 kB)
2025-08-17T02:10:33.3585776Z Using cached nr.util-0.8.12-py3-none-any.whl (90 kB)
2025-08-17T02:10:33.3599930Z Using cached pytest-8.4.1-py3-none-any.whl (365 kB)
2025-08-17T02:10:33.3615926Z Using cached pluggy-1.6.0-py3-none-any.whl (20 kB)
2025-08-17T02:10:33.3630417Z Using cached PyYAML-6.0.2-cp311-cp311-manylinux_2_17_x86_64.manylinux2014_x86_64.whl (762 kB)
2025-08-17T02:10:33.3649105Z Using cached starlette-0.47.2-py3-none-any.whl (72 kB)
2025-08-17T02:10:33.3663260Z Using cached anyio-4.10.0-py3-none-any.whl (107 kB)
2025-08-17T02:10:33.3677458Z Using cached tomli-2.2.1-cp311-cp311-manylinux_2_17_x86_64.manylinux2014_x86_64.whl (236 kB)
2025-08-17T02:10:33.3692368Z Using cached tomli_w-1.2.0-py3-none-any.whl (6.7 kB)
2025-08-17T02:10:33.3705832Z Using cached typeapi-2.2.4-py3-none-any.whl (26 kB)
2025-08-17T02:10:33.3719229Z Using cached typing_extensions-4.14.1-py3-none-any.whl (43 kB)
2025-08-17T02:10:33.3733114Z Using cached urllib3-2.5.0-py3-none-any.whl (129 kB)
2025-08-17T02:10:33.3747704Z Using cached wrapt-1.17.3-cp311-cp311-manylinux1_x86_64.manylinux_2_28_x86_64.manylinux_2_5_x86_64.whl (82 kB)
2025-08-17T02:10:33.3825996Z Downloading boto3-1.40.11-py3-none-any.whl (140 kB)
2025-08-17T02:10:33.4053143Z Downloading botocore-1.40.11-py3-none-any.whl (14.0 MB)
2025-08-17T02:10:33.4820824Z    ━━━━━━━━━━━━━━━━━━━━━━━━━━━━━━━━━━━━━━━━ 14.0/14.0 MB 198.8 MB/s  0:00:00
2025-08-17T02:10:33.4836918Z Using cached jmespath-1.0.1-py3-none-any.whl (20 kB)
2025-08-17T02:10:33.4851473Z Using cached python_dateutil-2.9.0.post0-py2.py3-none-any.whl (229 kB)
2025-08-17T02:10:33.4866638Z Using cached s3transfer-0.13.1-py3-none-any.whl (85 kB)
2025-08-17T02:10:33.4881207Z Using cached itsdangerous-2.2.0-py3-none-any.whl (16 kB)
2025-08-17T02:10:33.4895021Z Using cached python_dotenv-1.1.1-py3-none-any.whl (20 kB)
2025-08-17T02:10:33.4908548Z Using cached python_multipart-0.0.20-py3-none-any.whl (24 kB)
2025-08-17T02:10:33.4922554Z Using cached annotated_types-0.7.0-py3-none-any.whl (13 kB)
2025-08-17T02:10:33.4936446Z Using cached certifi-2025.8.3-py3-none-any.whl (161 kB)
2025-08-17T02:10:33.4951220Z Using cached click_didyoumean-0.3.1-py3-none-any.whl (3.6 kB)
2025-08-17T02:10:33.4964682Z Using cached click_plugins-1.1.1.2-py2.py3-none-any.whl (11 kB)
2025-08-17T02:10:33.4978066Z Using cached click_repl-0.3.0-py3-none-any.whl (10 kB)
2025-08-17T02:10:33.5054269Z Downloading coverage-7.10.4-cp311-cp311-manylinux1_x86_64.manylinux_2_28_x86_64.manylinux_2_5_x86_64.whl (249 kB)
2025-08-17T02:10:33.5096746Z Using cached email_validator-2.2.0-py3-none-any.whl (33 kB)
2025-08-17T02:10:33.5110300Z Using cached dnspython-2.7.0-py3-none-any.whl (313 kB)
2025-08-17T02:10:33.5125777Z Using cached fastapi_cli-0.0.8-py3-none-any.whl (10 kB)
2025-08-17T02:10:33.5138963Z Using cached fastapi_cloud_cli-0.1.5-py3-none-any.whl (18 kB)
2025-08-17T02:10:33.5152717Z Using cached greenlet-3.2.4-cp311-cp311-manylinux_2_24_x86_64.manylinux_2_28_x86_64.whl (587 kB)
2025-08-17T02:10:33.5170063Z Using cached h11-0.16.0-py3-none-any.whl (37 kB)
2025-08-17T02:10:33.5184325Z Using cached iniconfig-2.1.0-py3-none-any.whl (6.0 kB)
2025-08-17T02:10:33.5197915Z Using cached MarkupSafe-3.0.2-cp311-cp311-manylinux_2_17_x86_64.manylinux2014_x86_64.whl (23 kB)
2025-08-17T02:10:33.5211327Z Using cached mirakuru-2.6.1-py3-none-any.whl (26 kB)
2025-08-17T02:10:33.5224700Z Using cached numpy-2.3.2-cp311-cp311-manylinux_2_27_x86_64.manylinux_2_28_x86_64.whl (16.9 MB)
2025-08-17T02:10:33.5363668Z Using cached orjson-3.11.2-cp311-cp311-manylinux_2_17_x86_64.manylinux2014_x86_64.whl (121 kB)
2025-08-17T02:10:33.5377103Z Using cached packaging-25.0-py3-none-any.whl (66 kB)
2025-08-17T02:10:33.5391147Z Using cached pathspec-0.12.1-py3-none-any.whl (31 kB)
2025-08-17T02:10:33.5404504Z Using cached platformdirs-4.3.8-py3-none-any.whl (18 kB)
2025-08-17T02:10:33.5417485Z Using cached port_for-0.7.4-py3-none-any.whl (21 kB)
2025-08-17T02:10:33.5430865Z Using cached prompt_toolkit-3.0.51-py3-none-any.whl (387 kB)
2025-08-17T02:10:33.5447071Z Using cached psutil-7.0.0-cp36-abi3-manylinux_2_12_x86_64.manylinux2010_x86_64.manylinux_2_17_x86_64.manylinux2014_x86_64.whl (277 kB)
2025-08-17T02:10:33.5462148Z Using cached pydantic_extra_types-2.10.5-py3-none-any.whl (38 kB)
2025-08-17T02:10:33.5475503Z Using cached pydantic_settings-2.10.1-py3-none-any.whl (45 kB)
2025-08-17T02:10:33.5488847Z Using cached pygments-2.19.2-py3-none-any.whl (1.2 MB)
2025-08-17T02:10:33.5511435Z Using cached pytz-2025.2-py2.py3-none-any.whl (509 kB)
2025-08-17T02:10:33.5528076Z Using cached rich_toolkit-0.15.0-py3-none-any.whl (29 kB)
2025-08-17T02:10:33.5541775Z Using cached rich-14.1.0-py3-none-any.whl (243 kB)
2025-08-17T02:10:33.5556371Z Using cached markdown_it_py-4.0.0-py3-none-any.whl (87 kB)
2025-08-17T02:10:33.5570084Z Using cached mdurl-0.1.2-py3-none-any.whl (10.0 kB)
2025-08-17T02:10:33.5583929Z Using cached rignore-0.6.4-cp311-cp311-manylinux_2_17_x86_64.manylinux2014_x86_64.whl (950 kB)
2025-08-17T02:10:33.5678144Z Downloading sentry_sdk-2.35.0-py2.py3-none-any.whl (363 kB)
2025-08-17T02:10:33.5727732Z Using cached six-1.17.0-py2.py3-none-any.whl (11 kB)
2025-08-17T02:10:33.5741265Z Using cached sniffio-1.3.1-py3-none-any.whl (10 kB)
2025-08-17T02:10:33.5754419Z Using cached typer-0.16.0-py3-none-any.whl (46 kB)
2025-08-17T02:10:33.5767696Z Using cached shellingham-1.5.4-py2.py3-none-any.whl (9.8 kB)
2025-08-17T02:10:33.5781296Z Using cached typing_inspection-0.4.1-py3-none-any.whl (14 kB)
2025-08-17T02:10:33.5794478Z Using cached tzdata-2025.2-py2.py3-none-any.whl (347 kB)
2025-08-17T02:10:33.5810571Z Using cached tzlocal-5.3.1-py3-none-any.whl (18 kB)
2025-08-17T02:10:33.5824078Z Using cached ujson-5.10.0-cp311-cp311-manylinux_2_17_x86_64.manylinux2014_x86_64.whl (53 kB)
2025-08-17T02:10:33.5837682Z Using cached uvicorn-0.35.0-py3-none-any.whl (66 kB)
2025-08-17T02:10:33.5851678Z Using cached httptools-0.6.4-cp311-cp311-manylinux_2_5_x86_64.manylinux1_x86_64.manylinux_2_17_x86_64.manylinux2014_x86_64.whl (459 kB)
2025-08-17T02:10:33.5868072Z Using cached uvloop-0.21.0-cp311-cp311-manylinux_2_17_x86_64.manylinux2014_x86_64.whl (4.0 MB)
2025-08-17T02:10:33.5911468Z Using cached watchfiles-1.1.0-cp311-cp311-manylinux_2_17_x86_64.manylinux2014_x86_64.whl (453 kB)
2025-08-17T02:10:33.5927887Z Using cached websockets-15.0.1-cp311-cp311-manylinux_2_5_x86_64.manylinux1_x86_64.manylinux_2_17_x86_64.manylinux2014_x86_64.whl (182 kB)
2025-08-17T02:10:33.5941860Z Using cached yapf-0.43.0-py3-none-any.whl (256 kB)
2025-08-17T02:10:33.5956623Z Using cached docker-7.1.0-py3-none-any.whl (147 kB)
2025-08-17T02:10:33.5971489Z Using cached et_xmlfile-2.0.0-py3-none-any.whl (18 kB)
2025-08-17T02:10:33.5984553Z Using cached mako-1.3.10-py3-none-any.whl (78 kB)
2025-08-17T02:10:33.5998373Z Using cached watchdog-6.0.0-py3-none-manylinux2014_x86_64.whl (79 kB)
2025-08-17T02:10:33.6011999Z Using cached wcwidth-0.2.13-py2.py3-none-any.whl (34 kB)
2025-08-17T02:10:33.9732194Z Installing collected packages: wcwidth, pytz, wrapt, websockets, watchdog, vine, uvloop, urllib3, ujson, tzlocal, tzdata, typing-extensions, tomli_w, tomli, sniffio, six, shellingham, ruff, rignore, PyYAML, python-multipart, python-dotenv, pygments, psycopg2-binary, psycopg-binary, psutil, prompt-toolkit, port-for, pluggy, platformdirs, pathspec, packaging, orjson, numpy, nr-stream, nr-date, mypy-extensions, mdurl, MarkupSafe, jmespath, itsdangerous, iniconfig, imapclient, idna, httptools, h11, greenlet, et-xmlfile, docstring-parser, dnspython, coverage, click, charset_normalizer, certifi, billiard, asyncpg, annotated-types, yapf, uvicorn, typing-inspection, types-requests, typeapi, sqlalchemy, sentry-sdk, requests, python-dateutil, pytest, pydantic-core, psycopg, openpyxl, mypy, mirakuru, markdown-it-py, Mako, Jinja2, httpcore, email-validator, Deprecated, click-repl, click-plugins, click-didyoumean, black, apscheduler, anyio, amqp, watchfiles, starlette, rich, pytest-postgresql, pytest-cov, pytest-asyncio, pydantic, pandas, nr-util, kombu, httpx, docker, databind, botocore, alembic, typer, testcontainers, s3transfer, rich-toolkit, respx, python-telegram-bot, pydantic-settings, pydantic-extra-types, fastapi, databind.json, databind.core, celery, fastapi-cloud-cli, fastapi-cli, docspec, boto3, docspec-python, pydoc-markdown
2025-08-17T02:10:49.1452347Z 
2025-08-17T02:10:49.1511491Z Successfully installed Deprecated-1.2.18 Jinja2-3.1.6 Mako-1.3.10 MarkupSafe-3.0.2 PyYAML-6.0.2 alembic-1.13.1 amqp-5.3.1 annotated-types-0.7.0 anyio-4.10.0 apscheduler-3.10.4 asyncpg-0.30.0 billiard-4.2.1 black-25.1.0 boto3-1.40.11 botocore-1.40.11 celery-5.4.0 certifi-2025.8.3 charset_normalizer-3.4.3 click-8.2.1 click-didyoumean-0.3.1 click-plugins-1.1.1.2 click-repl-0.3.0 coverage-7.10.4 databind-4.5.2 databind.core-4.5.2 databind.json-4.5.2 dnspython-2.7.0 docker-7.1.0 docspec-2.2.1 docspec-python-2.2.2 docstring-parser-0.11 email-validator-2.2.0 et-xmlfile-2.0.0 fastapi-0.116.1 fastapi-cli-0.0.8 fastapi-cloud-cli-0.1.5 greenlet-3.2.4 h11-0.16.0 httpcore-1.0.9 httptools-0.6.4 httpx-0.28.1 idna-3.10 imapclient-3.0.1 iniconfig-2.1.0 itsdangerous-2.2.0 jmespath-1.0.1 kombu-5.5.4 markdown-it-py-4.0.0 mdurl-0.1.2 mirakuru-2.6.1 mypy-1.17.1 mypy-extensions-1.1.0 nr-date-2.1.0 nr-stream-1.1.5 nr-util-0.8.12 numpy-2.3.2 openpyxl-3.1.5 orjson-3.11.2 packaging-25.0 pandas-2.3.1 pathspec-0.12.1 platformdirs-4.3.8 pluggy-1.6.0 port-for-0.7.4 prompt-toolkit-3.0.51 psutil-7.0.0 psycopg-3.2.9 psycopg-binary-3.2.9 psycopg2-binary-2.9.9 pydantic-2.11.7 pydantic-core-2.33.2 pydantic-extra-types-2.10.5 pydantic-settings-2.10.1 pydoc-markdown-4.8.2 pygments-2.19.2 pytest-8.4.1 pytest-asyncio-0.23.6 pytest-cov-6.2.1 pytest-postgresql-7.0.2 python-dateutil-2.9.0.post0 python-dotenv-1.1.1 python-multipart-0.0.20 python-telegram-bot-22.2 pytz-2025.2 requests-2.32.4 respx-0.22.0 rich-14.1.0 rich-toolkit-0.15.0 rignore-0.6.4 ruff-0.4.4 s3transfer-0.13.1 sentry-sdk-2.35.0 shellingham-1.5.4 six-1.17.0 sniffio-1.3.1 sqlalchemy-2.0.29 starlette-0.47.2 testcontainers-4.10.0 tomli-2.2.1 tomli_w-1.2.0 typeapi-2.2.4 typer-0.16.0 types-requests-2.32.0.20240602 typing-extensions-4.14.1 typing-inspection-0.4.1 tzdata-2025.2 tzlocal-5.3.1 ujson-5.10.0 urllib3-2.5.0 uvicorn-0.35.0 uvloop-0.21.0 vine-5.1.0 watchdog-6.0.0 watchfiles-1.1.0 wcwidth-0.2.13 websockets-15.0.1 wrapt-1.17.3 yapf-0.43.0
2025-08-17T02:10:50.9203587Z Collecting keepa==1.3.15
2025-08-17T02:10:50.9218734Z   Using cached keepa-1.3.15-py3-none-any.whl.metadata (11 kB)
2025-08-17T02:10:50.9505311Z Collecting minio==7.1.15
2025-08-17T02:10:50.9520323Z   Using cached minio-7.1.15-py3-none-any.whl.metadata (4.2 kB)
2025-08-17T02:10:50.9545102Z Requirement already satisfied: numpy>=1.9.3 in /opt/hostedtoolcache/Python/3.11.13/x64/lib/python3.11/site-packages (from keepa==1.3.15) (2.3.2)
2025-08-17T02:10:50.9551064Z Requirement already satisfied: requests>=2.2 in /opt/hostedtoolcache/Python/3.11.13/x64/lib/python3.11/site-packages (from keepa==1.3.15) (2.32.4)
2025-08-17T02:10:50.9886766Z Collecting tqdm (from keepa==1.3.15)
2025-08-17T02:10:50.9901242Z   Using cached tqdm-4.67.1-py3-none-any.whl.metadata (57 kB)
2025-08-17T02:10:51.4661024Z Collecting aiohttp (from keepa==1.3.15)
2025-08-17T02:10:51.4677879Z   Using cached aiohttp-3.12.15-cp311-cp311-manylinux_2_17_x86_64.manylinux2014_x86_64.whl.metadata (7.7 kB)
2025-08-17T02:10:51.4708721Z Requirement already satisfied: pandas<=3.0 in /opt/hostedtoolcache/Python/3.11.13/x64/lib/python3.11/site-packages (from keepa==1.3.15) (2.3.1)
2025-08-17T02:10:51.4713324Z Requirement already satisfied: pydantic in /opt/hostedtoolcache/Python/3.11.13/x64/lib/python3.11/site-packages (from keepa==1.3.15) (2.11.7)
2025-08-17T02:10:51.4721683Z Requirement already satisfied: certifi in /opt/hostedtoolcache/Python/3.11.13/x64/lib/python3.11/site-packages (from minio==7.1.15) (2025.8.3)
2025-08-17T02:10:51.4725660Z Requirement already satisfied: urllib3 in /opt/hostedtoolcache/Python/3.11.13/x64/lib/python3.11/site-packages (from minio==7.1.15) (2.5.0)
2025-08-17T02:10:51.4774168Z Requirement already satisfied: python-dateutil>=2.8.2 in /opt/hostedtoolcache/Python/3.11.13/x64/lib/python3.11/site-packages (from pandas<=3.0->keepa==1.3.15) (2.9.0.post0)
2025-08-17T02:10:51.4778388Z Requirement already satisfied: pytz>=2020.1 in /opt/hostedtoolcache/Python/3.11.13/x64/lib/python3.11/site-packages (from pandas<=3.0->keepa==1.3.15) (2025.2)
2025-08-17T02:10:51.4783008Z Requirement already satisfied: tzdata>=2022.7 in /opt/hostedtoolcache/Python/3.11.13/x64/lib/python3.11/site-packages (from pandas<=3.0->keepa==1.3.15) (2025.2)
2025-08-17T02:10:51.4896813Z Requirement already satisfied: six>=1.5 in /opt/hostedtoolcache/Python/3.11.13/x64/lib/python3.11/site-packages (from python-dateutil>=2.8.2->pandas<=3.0->keepa==1.3.15) (1.17.0)
2025-08-17T02:10:51.4913484Z Requirement already satisfied: charset_normalizer<4,>=2 in /opt/hostedtoolcache/Python/3.11.13/x64/lib/python3.11/site-packages (from requests>=2.2->keepa==1.3.15) (3.4.3)
2025-08-17T02:10:51.4918230Z Requirement already satisfied: idna<4,>=2.5 in /opt/hostedtoolcache/Python/3.11.13/x64/lib/python3.11/site-packages (from requests>=2.2->keepa==1.3.15) (3.10)
2025-08-17T02:10:51.5137093Z Collecting aiohappyeyeballs>=2.5.0 (from aiohttp->keepa==1.3.15)
2025-08-17T02:10:51.5150529Z   Using cached aiohappyeyeballs-2.6.1-py3-none-any.whl.metadata (5.9 kB)
2025-08-17T02:10:51.5268262Z Collecting aiosignal>=1.4.0 (from aiohttp->keepa==1.3.15)
2025-08-17T02:10:51.5281424Z   Using cached aiosignal-1.4.0-py3-none-any.whl.metadata (3.7 kB)
2025-08-17T02:10:51.5449712Z Collecting attrs>=17.3.0 (from aiohttp->keepa==1.3.15)
2025-08-17T02:10:51.5463119Z   Using cached attrs-25.3.0-py3-none-any.whl.metadata (10 kB)
2025-08-17T02:10:51.6321790Z Collecting frozenlist>=1.1.1 (from aiohttp->keepa==1.3.15)
2025-08-17T02:10:51.6337957Z   Using cached frozenlist-1.7.0-cp311-cp311-manylinux_2_5_x86_64.manylinux1_x86_64.manylinux_2_17_x86_64.manylinux2014_x86_64.whl.metadata (18 kB)
2025-08-17T02:10:51.8498791Z Collecting multidict<7.0,>=4.5 (from aiohttp->keepa==1.3.15)
2025-08-17T02:10:51.8514324Z   Using cached multidict-6.6.4-cp311-cp311-manylinux2014_x86_64.manylinux_2_17_x86_64.manylinux_2_28_x86_64.whl.metadata (5.3 kB)
2025-08-17T02:10:51.8947263Z Collecting propcache>=0.2.0 (from aiohttp->keepa==1.3.15)
2025-08-17T02:10:51.8961669Z   Using cached propcache-0.3.2-cp311-cp311-manylinux_2_17_x86_64.manylinux2014_x86_64.whl.metadata (12 kB)
2025-08-17T02:10:52.1490000Z Collecting yarl<2.0,>=1.17.0 (from aiohttp->keepa==1.3.15)
2025-08-17T02:10:52.1505633Z   Using cached yarl-1.20.1-cp311-cp311-manylinux_2_17_x86_64.manylinux2014_x86_64.whl.metadata (73 kB)
2025-08-17T02:10:52.1731581Z Requirement already satisfied: typing-extensions>=4.2 in /opt/hostedtoolcache/Python/3.11.13/x64/lib/python3.11/site-packages (from aiosignal>=1.4.0->aiohttp->keepa==1.3.15) (4.14.1)
2025-08-17T02:10:52.1777774Z Requirement already satisfied: annotated-types>=0.6.0 in /opt/hostedtoolcache/Python/3.11.13/x64/lib/python3.11/site-packages (from pydantic->keepa==1.3.15) (0.7.0)
2025-08-17T02:10:52.1782607Z Requirement already satisfied: pydantic-core==2.33.2 in /opt/hostedtoolcache/Python/3.11.13/x64/lib/python3.11/site-packages (from pydantic->keepa==1.3.15) (2.33.2)
2025-08-17T02:10:52.1788529Z Requirement already satisfied: typing-inspection>=0.4.0 in /opt/hostedtoolcache/Python/3.11.13/x64/lib/python3.11/site-packages (from pydantic->keepa==1.3.15) (0.4.1)
2025-08-17T02:10:52.1848020Z Using cached keepa-1.3.15-py3-none-any.whl (38 kB)
2025-08-17T02:10:52.1861562Z Using cached minio-7.1.15-py3-none-any.whl (77 kB)
2025-08-17T02:10:52.1875425Z Using cached aiohttp-3.12.15-cp311-cp311-manylinux_2_17_x86_64.manylinux2014_x86_64.whl (1.7 MB)
2025-08-17T02:10:52.1900880Z Using cached multidict-6.6.4-cp311-cp311-manylinux2014_x86_64.manylinux_2_17_x86_64.manylinux_2_28_x86_64.whl (246 kB)
2025-08-17T02:10:52.1915295Z Using cached yarl-1.20.1-cp311-cp311-manylinux_2_17_x86_64.manylinux2014_x86_64.whl (348 kB)
2025-08-17T02:10:52.1930991Z Using cached aiohappyeyeballs-2.6.1-py3-none-any.whl (15 kB)
2025-08-17T02:10:52.1943988Z Using cached aiosignal-1.4.0-py3-none-any.whl (7.5 kB)
2025-08-17T02:10:52.1956875Z Using cached attrs-25.3.0-py3-none-any.whl (63 kB)
2025-08-17T02:10:52.1970390Z Using cached frozenlist-1.7.0-cp311-cp311-manylinux_2_5_x86_64.manylinux1_x86_64.manylinux_2_17_x86_64.manylinux2014_x86_64.whl (235 kB)
2025-08-17T02:10:52.1984704Z Using cached propcache-0.3.2-cp311-cp311-manylinux_2_17_x86_64.manylinux2014_x86_64.whl (213 kB)
2025-08-17T02:10:52.1998516Z Using cached tqdm-4.67.1-py3-none-any.whl (78 kB)
2025-08-17T02:10:52.3394799Z Installing collected packages: tqdm, propcache, multidict, minio, frozenlist, attrs, aiohappyeyeballs, yarl, aiosignal, aiohttp, keepa
2025-08-17T02:10:52.7233578Z 
2025-08-17T02:10:52.7286640Z Successfully installed aiohappyeyeballs-2.6.1 aiohttp-3.12.15 aiosignal-1.4.0 attrs-25.3.0 frozenlist-1.7.0 keepa-1.3.15 minio-7.1.15 multidict-6.6.4 propcache-0.3.2 tqdm-4.67.1 yarl-1.20.1
2025-08-17T02:10:52.8963004Z ##[group]Run sudo apt-get update
2025-08-17T02:10:52.8963315Z [36;1msudo apt-get update[0m
2025-08-17T02:10:52.8963587Z [36;1msudo apt-get install -y postgresql[0m
2025-08-17T02:10:52.8964063Z [36;1mecho "/usr/lib/postgresql/$(pg_config --version | cut -d' ' -f2 | cut -d'.' -f1,2)/bin" >> $GITHUB_PATH[0m
2025-08-17T02:10:52.9004656Z shell: /usr/bin/bash -e {0}
2025-08-17T02:10:52.9004889Z env:
2025-08-17T02:10:52.9005063Z   PG_USER: postgres
2025-08-17T02:10:52.9005270Z   PG_PASSWORD: pass
2025-08-17T02:10:52.9005463Z   PG_DATABASE: awa
2025-08-17T02:10:52.9005652Z   PG_HOST: localhost
2025-08-17T02:10:52.9005853Z   PG_PORT: 5432
2025-08-17T02:10:52.9006500Z   PG_SYNC_DSN: ***localhost:5432/awa
2025-08-17T02:10:52.9006926Z   PG_ASYNC_DSN: ***localhost:5432/awa
2025-08-17T02:10:52.9007323Z   DATABASE_URL: ***localhost:5432/awa
2025-08-17T02:10:52.9007577Z   DATA_DIR: /tmp/awa-data
2025-08-17T02:10:52.9007782Z   ENABLE_LIVE: 0
2025-08-17T02:10:52.9007956Z   TESTING: 1
2025-08-17T02:10:52.9008225Z   pythonLocation: /opt/hostedtoolcache/Python/3.11.13/x64
2025-08-17T02:10:52.9008627Z   PKG_CONFIG_PATH: /opt/hostedtoolcache/Python/3.11.13/x64/lib/pkgconfig
2025-08-17T02:10:52.9009011Z   Python_ROOT_DIR: /opt/hostedtoolcache/Python/3.11.13/x64
2025-08-17T02:10:52.9009390Z   Python2_ROOT_DIR: /opt/hostedtoolcache/Python/3.11.13/x64
2025-08-17T02:10:52.9010001Z   Python3_ROOT_DIR: /opt/hostedtoolcache/Python/3.11.13/x64
2025-08-17T02:10:52.9010479Z   LD_LIBRARY_PATH: /opt/hostedtoolcache/Python/3.11.13/x64/lib
2025-08-17T02:10:52.9010783Z ##[endgroup]
2025-08-17T02:10:53.0171458Z Get:1 file:/etc/apt/apt-mirrors.txt Mirrorlist [144 B]
2025-08-17T02:10:53.0695016Z Hit:2 http://azure.archive.ubuntu.com/ubuntu noble InRelease
2025-08-17T02:10:53.0700519Z Hit:6 https://packages.microsoft.com/repos/azure-cli noble InRelease
2025-08-17T02:10:53.0712584Z Get:7 https://packages.microsoft.com/ubuntu/24.04/prod noble InRelease [3600 B]
2025-08-17T02:10:53.0741910Z Get:3 http://azure.archive.ubuntu.com/ubuntu noble-updates InRelease [126 kB]
2025-08-17T02:10:53.0800553Z Get:4 http://azure.archive.ubuntu.com/ubuntu noble-backports InRelease [126 kB]
2025-08-17T02:10:53.0868062Z Get:5 http://azure.archive.ubuntu.com/ubuntu noble-security InRelease [126 kB]
2025-08-17T02:10:53.2813522Z Get:8 https://packages.microsoft.com/ubuntu/24.04/prod noble/main amd64 Packages [47.9 kB]
2025-08-17T02:10:53.2903606Z Get:9 https://packages.microsoft.com/ubuntu/24.04/prod noble/main arm64 Packages [33.0 kB]
2025-08-17T02:10:53.3287888Z Get:10 http://azure.archive.ubuntu.com/ubuntu noble-updates/main amd64 Packages [1325 kB]
2025-08-17T02:10:53.3511931Z Get:11 http://azure.archive.ubuntu.com/ubuntu noble-updates/main Translation-en [265 kB]
2025-08-17T02:10:53.3536015Z Get:12 http://azure.archive.ubuntu.com/ubuntu noble-updates/main amd64 Components [175 kB]
2025-08-17T02:10:53.3555977Z Get:13 http://azure.archive.ubuntu.com/ubuntu noble-updates/universe amd64 Packages [1120 kB]
2025-08-17T02:10:53.3631145Z Get:14 http://azure.archive.ubuntu.com/ubuntu noble-updates/universe Translation-en [287 kB]
2025-08-17T02:10:53.3658969Z Get:15 http://azure.archive.ubuntu.com/ubuntu noble-updates/universe amd64 Components [377 kB]
2025-08-17T02:10:53.3693841Z Get:16 http://azure.archive.ubuntu.com/ubuntu noble-updates/restricted amd64 Packages [1672 kB]
2025-08-17T02:10:53.3797636Z Get:17 http://azure.archive.ubuntu.com/ubuntu noble-updates/restricted Translation-en [367 kB]
2025-08-17T02:10:53.3826553Z Get:18 http://azure.archive.ubuntu.com/ubuntu noble-updates/restricted amd64 Components [212 B]
2025-08-17T02:10:53.3836237Z Get:19 http://azure.archive.ubuntu.com/ubuntu noble-updates/multiverse amd64 Components [940 B]
2025-08-17T02:10:53.4314675Z Get:20 http://azure.archive.ubuntu.com/ubuntu noble-backports/main amd64 Components [7084 B]
2025-08-17T02:10:53.4316400Z Get:21 http://azure.archive.ubuntu.com/ubuntu noble-backports/universe amd64 Packages [30.2 kB]
2025-08-17T02:10:53.4322956Z Get:22 http://azure.archive.ubuntu.com/ubuntu noble-backports/universe Translation-en [17.4 kB]
2025-08-17T02:10:53.4324117Z Get:23 http://azure.archive.ubuntu.com/ubuntu noble-backports/universe amd64 Components [19.2 kB]
2025-08-17T02:10:53.4332275Z Get:24 http://azure.archive.ubuntu.com/ubuntu noble-backports/restricted amd64 Components [216 B]
2025-08-17T02:10:53.4337590Z Get:25 http://azure.archive.ubuntu.com/ubuntu noble-backports/multiverse amd64 Components [212 B]
2025-08-17T02:10:53.4354517Z Get:26 http://azure.archive.ubuntu.com/ubuntu noble-security/main amd64 Packages [1060 kB]
2025-08-17T02:10:53.4412963Z Get:27 http://azure.archive.ubuntu.com/ubuntu noble-security/main Translation-en [184 kB]
2025-08-17T02:10:53.4434557Z Get:28 http://azure.archive.ubuntu.com/ubuntu noble-security/main amd64 Components [21.6 kB]
2025-08-17T02:10:53.4448675Z Get:29 http://azure.archive.ubuntu.com/ubuntu noble-security/universe amd64 Packages [879 kB]
2025-08-17T02:10:53.4509504Z Get:30 http://azure.archive.ubuntu.com/ubuntu noble-security/universe Translation-en [194 kB]
2025-08-17T02:10:53.4535173Z Get:31 http://azure.archive.ubuntu.com/ubuntu noble-security/universe amd64 Components [52.3 kB]
2025-08-17T02:10:53.4579483Z Get:32 http://azure.archive.ubuntu.com/ubuntu noble-security/restricted amd64 Packages [1572 kB]
2025-08-17T02:10:53.4671434Z Get:33 http://azure.archive.ubuntu.com/ubuntu noble-security/restricted Translation-en [346 kB]
2025-08-17T02:10:53.5155038Z Get:34 http://azure.archive.ubuntu.com/ubuntu noble-security/restricted amd64 Components [212 B]
2025-08-17T02:10:53.5165767Z Get:35 http://azure.archive.ubuntu.com/ubuntu noble-security/multiverse amd64 Components [208 B]
2025-08-17T02:11:00.2704363Z Fetched 10.4 MB in 1s (7581 kB/s)
2025-08-17T02:11:00.9575462Z Reading package lists...
2025-08-17T02:11:00.9893542Z Reading package lists...
2025-08-17T02:11:01.1482496Z Building dependency tree...
2025-08-17T02:11:01.1490568Z Reading state information...
2025-08-17T02:11:01.2889943Z Suggested packages:
2025-08-17T02:11:01.2892372Z   postgresql-doc
2025-08-17T02:11:01.3172802Z The following NEW packages will be installed:
2025-08-17T02:11:01.3173393Z   postgresql
2025-08-17T02:11:01.3340008Z 0 upgraded, 1 newly installed, 0 to remove and 36 not upgraded.
2025-08-17T02:11:01.3340670Z Need to get 11.6 kB of archives.
2025-08-17T02:11:01.3341260Z After this operation, 17.4 kB of additional disk space will be used.
2025-08-17T02:11:01.3341951Z Get:1 file:/etc/apt/apt-mirrors.txt Mirrorlist [144 B]
2025-08-17T02:11:01.3657178Z Get:2 http://azure.archive.ubuntu.com/ubuntu noble-updates/main amd64 postgresql all 16+257build1.1 [11.6 kB]
2025-08-17T02:11:01.6271504Z Fetched 11.6 kB in 0s (274 kB/s)
2025-08-17T02:11:01.6579676Z Selecting previously unselected package postgresql.
2025-08-17T02:11:01.7163960Z (Reading database ... 
2025-08-17T02:11:01.7164391Z (Reading database ... 5%
2025-08-17T02:11:01.7164798Z (Reading database ... 10%
2025-08-17T02:11:01.7165492Z (Reading database ... 15%
2025-08-17T02:11:01.7165877Z (Reading database ... 20%
2025-08-17T02:11:01.7166703Z (Reading database ... 25%
2025-08-17T02:11:01.7167103Z (Reading database ... 30%
2025-08-17T02:11:01.7167484Z (Reading database ... 35%
2025-08-17T02:11:01.7167872Z (Reading database ... 40%
2025-08-17T02:11:01.7168180Z (Reading database ... 45%
2025-08-17T02:11:01.7168569Z (Reading database ... 50%
2025-08-17T02:11:01.8350413Z (Reading database ... 55%
2025-08-17T02:11:01.9880883Z (Reading database ... 60%
2025-08-17T02:11:02.2239924Z (Reading database ... 65%
2025-08-17T02:11:02.4442508Z (Reading database ... 70%
2025-08-17T02:11:02.5326959Z (Reading database ... 75%
2025-08-17T02:11:03.0714526Z (Reading database ... 80%
2025-08-17T02:11:03.7486028Z (Reading database ... 85%
2025-08-17T02:11:04.4366769Z (Reading database ... 90%
2025-08-17T02:11:05.1018634Z (Reading database ... 95%
2025-08-17T02:11:05.1019221Z (Reading database ... 100%
2025-08-17T02:11:05.1020094Z (Reading database ... 219881 files and directories currently installed.)
2025-08-17T02:11:05.1065463Z Preparing to unpack .../postgresql_16+257build1.1_all.deb ...
2025-08-17T02:11:05.1087786Z Unpacking postgresql (16+257build1.1) ...
2025-08-17T02:11:05.1560203Z Setting up postgresql (16+257build1.1) ...
2025-08-17T02:11:06.1986531Z 
2025-08-17T02:11:06.1986996Z Running kernel seems to be up-to-date.
2025-08-17T02:11:06.1987310Z 
2025-08-17T02:11:06.1987426Z Restarting services...
2025-08-17T02:11:06.2057060Z 
2025-08-17T02:11:06.2057355Z Service restarts being deferred:
2025-08-17T02:11:06.2058611Z  systemctl restart hosted-compute-agent.service
2025-08-17T02:11:06.2059003Z 
2025-08-17T02:11:06.2059210Z No containers need to be restarted.
2025-08-17T02:11:06.2059515Z 
2025-08-17T02:11:06.2059913Z No user sessions are running outdated binaries.
2025-08-17T02:11:06.2060244Z 
2025-08-17T02:11:06.2060557Z No VM guests are running outdated hypervisor (qemu) binaries on this host.
2025-08-17T02:11:07.0563025Z ##[group]Run pytest tests/db -q --cov=services --cov-append --cov-fail-under=0
2025-08-17T02:11:07.0563567Z [36;1mpytest tests/db -q --cov=services --cov-append --cov-fail-under=0[0m
2025-08-17T02:11:07.0603963Z shell: /usr/bin/bash -e {0}
2025-08-17T02:11:07.0604204Z env:
2025-08-17T02:11:07.0604380Z   PG_USER: postgres
2025-08-17T02:11:07.0604583Z   PG_PASSWORD: pass
2025-08-17T02:11:07.0604775Z   PG_DATABASE: awa
2025-08-17T02:11:07.0604958Z   PG_HOST: localhost
2025-08-17T02:11:07.0605154Z   PG_PORT: 5432
2025-08-17T02:11:07.0605681Z   PG_SYNC_DSN: ***localhost:5432/awa
2025-08-17T02:11:07.0606109Z   PG_ASYNC_DSN: ***localhost:5432/awa
2025-08-17T02:11:07.0606509Z   DATABASE_URL: ***localhost:5432/awa
2025-08-17T02:11:07.0606766Z   DATA_DIR: /tmp/awa-data
2025-08-17T02:11:07.0606981Z   ENABLE_LIVE: 0
2025-08-17T02:11:07.0607170Z   TESTING: 1
2025-08-17T02:11:07.0607423Z   pythonLocation: /opt/hostedtoolcache/Python/3.11.13/x64
2025-08-17T02:11:07.0607862Z   PKG_CONFIG_PATH: /opt/hostedtoolcache/Python/3.11.13/x64/lib/pkgconfig
2025-08-17T02:11:07.0608279Z   Python_ROOT_DIR: /opt/hostedtoolcache/Python/3.11.13/x64
2025-08-17T02:11:07.0608638Z   Python2_ROOT_DIR: /opt/hostedtoolcache/Python/3.11.13/x64
2025-08-17T02:11:07.0608993Z   Python3_ROOT_DIR: /opt/hostedtoolcache/Python/3.11.13/x64
2025-08-17T02:11:07.0609358Z   LD_LIBRARY_PATH: /opt/hostedtoolcache/Python/3.11.13/x64/lib
2025-08-17T02:11:07.0609870Z ##[endgroup]
2025-08-17T02:11:09.7247238Z /opt/hostedtoolcache/Python/3.11.13/x64/lib/python3.11/site-packages/coverage/report_core.py:118: CoverageWarning: Couldn't parse '/home/runner/work/AWA-App/AWA-App/C:\Users\Alexey\Documents\GitHub\AWA-App\services\__init__.py': No source for code: '/home/runner/work/AWA-App/AWA-App/C:\Users\Alexey\Documents\GitHub\AWA-App\services\__init__.py'. (couldnt-parse)
2025-08-17T02:11:09.7249502Z   coverage._warn(msg, slug="couldnt-parse")
2025-08-17T02:11:09.7251954Z /opt/hostedtoolcache/Python/3.11.13/x64/lib/python3.11/site-packages/coverage/report_core.py:118: CoverageWarning: Couldn't parse '/home/runner/work/AWA-App/AWA-App/C:\Users\Alexey\Documents\GitHub\AWA-App\services\alert_bot\__init__.py': No source for code: '/home/runner/work/AWA-App/AWA-App/C:\Users\Alexey\Documents\GitHub\AWA-App\services\alert_bot\__init__.py'. (couldnt-parse)
2025-08-17T02:11:09.7254083Z   coverage._warn(msg, slug="couldnt-parse")
2025-08-17T02:11:09.7256052Z /opt/hostedtoolcache/Python/3.11.13/x64/lib/python3.11/site-packages/coverage/report_core.py:118: CoverageWarning: Couldn't parse '/home/runner/work/AWA-App/AWA-App/C:\Users\Alexey\Documents\GitHub\AWA-App\services\alert_bot\alert_bot.py': No source for code: '/home/runner/work/AWA-App/AWA-App/C:\Users\Alexey\Documents\GitHub\AWA-App\services\alert_bot\alert_bot.py'. (couldnt-parse)
2025-08-17T02:11:09.7257877Z   coverage._warn(msg, slug="couldnt-parse")
2025-08-17T02:11:09.7259931Z /opt/hostedtoolcache/Python/3.11.13/x64/lib/python3.11/site-packages/coverage/report_core.py:118: CoverageWarning: Couldn't parse '/home/runner/work/AWA-App/AWA-App/C:\Users\Alexey\Documents\GitHub\AWA-App\services\alert_bot\rules\__init__.py': No source for code: '/home/runner/work/AWA-App/AWA-App/C:\Users\Alexey\Documents\GitHub\AWA-App\services\alert_bot\rules\__init__.py'. (couldnt-parse)
2025-08-17T02:11:09.7261802Z   coverage._warn(msg, slug="couldnt-parse")
2025-08-17T02:11:09.7263362Z /opt/hostedtoolcache/Python/3.11.13/x64/lib/python3.11/site-packages/coverage/report_core.py:118: CoverageWarning: Couldn't parse '/home/runner/work/AWA-App/AWA-App/C:\Users\Alexey\Documents\GitHub\AWA-App\services\api\__init__.py': No source for code: '/home/runner/work/AWA-App/AWA-App/C:\Users\Alexey\Documents\GitHub\AWA-App\services\api\__init__.py'. (couldnt-parse)
2025-08-17T02:11:09.7264649Z   coverage._warn(msg, slug="couldnt-parse")
2025-08-17T02:11:09.7266403Z /opt/hostedtoolcache/Python/3.11.13/x64/lib/python3.11/site-packages/coverage/report_core.py:118: CoverageWarning: Couldn't parse '/home/runner/work/AWA-App/AWA-App/C:\Users\Alexey\Documents\GitHub\AWA-App\services\api\config.py': No source for code: '/home/runner/work/AWA-App/AWA-App/C:\Users\Alexey\Documents\GitHub\AWA-App\services\api\config.py'. (couldnt-parse)
2025-08-17T02:11:09.7267712Z   coverage._warn(msg, slug="couldnt-parse")
2025-08-17T02:11:09.7269333Z /opt/hostedtoolcache/Python/3.11.13/x64/lib/python3.11/site-packages/coverage/report_core.py:118: CoverageWarning: Couldn't parse '/home/runner/work/AWA-App/AWA-App/C:\Users\Alexey\Documents\GitHub\AWA-App\services\api\db.py': No source for code: '/home/runner/work/AWA-App/AWA-App/C:\Users\Alexey\Documents\GitHub\AWA-App\services\api\db.py'. (couldnt-parse)
2025-08-17T02:11:09.7270898Z   coverage._warn(msg, slug="couldnt-parse")
2025-08-17T02:11:09.7272202Z /opt/hostedtoolcache/Python/3.11.13/x64/lib/python3.11/site-packages/coverage/report_core.py:118: CoverageWarning: Couldn't parse '/home/runner/work/AWA-App/AWA-App/C:\Users\Alexey\Documents\GitHub\AWA-App\services\api\main.py': No source for code: '/home/runner/work/AWA-App/AWA-App/C:\Users\Alexey\Documents\GitHub\AWA-App\services\api\main.py'. (couldnt-parse)
2025-08-17T02:11:09.7273632Z   coverage._warn(msg, slug="couldnt-parse")
2025-08-17T02:11:09.7274947Z /opt/hostedtoolcache/Python/3.11.13/x64/lib/python3.11/site-packages/coverage/report_core.py:118: CoverageWarning: Couldn't parse '/home/runner/work/AWA-App/AWA-App/C:\Users\Alexey\Documents\GitHub\AWA-App\services\api\models\__init__.py': No source for code: '/home/runner/work/AWA-App/AWA-App/C:\Users\Alexey\Documents\GitHub\AWA-App\services\api\models\__init__.py'. (couldnt-parse)
2025-08-17T02:11:09.7276713Z   coverage._warn(msg, slug="couldnt-parse")
2025-08-17T02:11:09.7278014Z /opt/hostedtoolcache/Python/3.11.13/x64/lib/python3.11/site-packages/coverage/report_core.py:118: CoverageWarning: Couldn't parse '/home/runner/work/AWA-App/AWA-App/C:\Users\Alexey\Documents\GitHub\AWA-App\services\api\models\fee.py': No source for code: '/home/runner/work/AWA-App/AWA-App/C:\Users\Alexey\Documents\GitHub\AWA-App\services\api\models\fee.py'. (couldnt-parse)
2025-08-17T02:11:09.7280046Z   coverage._warn(msg, slug="couldnt-parse")
2025-08-17T02:11:09.7281635Z /opt/hostedtoolcache/Python/3.11.13/x64/lib/python3.11/site-packages/coverage/report_core.py:118: CoverageWarning: Couldn't parse '/home/runner/work/AWA-App/AWA-App/C:\Users\Alexey\Documents\GitHub\AWA-App\services\api\roi_repository.py': No source for code: '/home/runner/work/AWA-App/AWA-App/C:\Users\Alexey\Documents\GitHub\AWA-App\services\api\roi_repository.py'. (couldnt-parse)
2025-08-17T02:11:09.7283155Z   coverage._warn(msg, slug="couldnt-parse")
2025-08-17T02:11:09.7284796Z /opt/hostedtoolcache/Python/3.11.13/x64/lib/python3.11/site-packages/coverage/report_core.py:118: CoverageWarning: Couldn't parse '/home/runner/work/AWA-App/AWA-App/C:\Users\Alexey\Documents\GitHub\AWA-App\services\api\routes\__init__.py': No source for code: '/home/runner/work/AWA-App/AWA-App/C:\Users\Alexey\Documents\GitHub\AWA-App\services\api\routes\__init__.py'. (couldnt-parse)
2025-08-17T02:11:09.7287079Z   coverage._warn(msg, slug="couldnt-parse")
2025-08-17T02:11:09.7289425Z /opt/hostedtoolcache/Python/3.11.13/x64/lib/python3.11/site-packages/coverage/report_core.py:118: CoverageWarning: Couldn't parse '/home/runner/work/AWA-App/AWA-App/C:\Users\Alexey\Documents\GitHub\AWA-App\services\api\routes\health.py': No source for code: '/home/runner/work/AWA-App/AWA-App/C:\Users\Alexey\Documents\GitHub\AWA-App\services\api\routes\health.py'. (couldnt-parse)
2025-08-17T02:11:09.7291967Z   coverage._warn(msg, slug="couldnt-parse")
2025-08-17T02:11:09.7294309Z /opt/hostedtoolcache/Python/3.11.13/x64/lib/python3.11/site-packages/coverage/report_core.py:118: CoverageWarning: Couldn't parse '/home/runner/work/AWA-App/AWA-App/C:\Users\Alexey\Documents\GitHub\AWA-App\services\api\routes\repository.py': No source for code: '/home/runner/work/AWA-App/AWA-App/C:\Users\Alexey\Documents\GitHub\AWA-App\services\api\routes\repository.py'. (couldnt-parse)
2025-08-17T02:11:09.7296184Z   coverage._warn(msg, slug="couldnt-parse")
2025-08-17T02:11:09.7297913Z /opt/hostedtoolcache/Python/3.11.13/x64/lib/python3.11/site-packages/coverage/report_core.py:118: CoverageWarning: Couldn't parse '/home/runner/work/AWA-App/AWA-App/C:\Users\Alexey\Documents\GitHub\AWA-App\services\api\routes\roi.py': No source for code: '/home/runner/work/AWA-App/AWA-App/C:\Users\Alexey\Documents\GitHub\AWA-App\services\api\routes\roi.py'. (couldnt-parse)
2025-08-17T02:11:09.7299221Z   coverage._warn(msg, slug="couldnt-parse")
2025-08-17T02:11:09.7300910Z /opt/hostedtoolcache/Python/3.11.13/x64/lib/python3.11/site-packages/coverage/report_core.py:118: CoverageWarning: Couldn't parse '/home/runner/work/AWA-App/AWA-App/C:\Users\Alexey\Documents\GitHub\AWA-App\services\api\routes\stats.py': No source for code: '/home/runner/work/AWA-App/AWA-App/C:\Users\Alexey\Documents\GitHub\AWA-App\services\api\routes\stats.py'. (couldnt-parse)
2025-08-17T02:11:09.7302353Z   coverage._warn(msg, slug="couldnt-parse")
2025-08-17T02:11:09.7303851Z /opt/hostedtoolcache/Python/3.11.13/x64/lib/python3.11/site-packages/coverage/report_core.py:118: CoverageWarning: Couldn't parse '/home/runner/work/AWA-App/AWA-App/C:\Users\Alexey\Documents\GitHub\AWA-App\services\common\__init__.py': No source for code: '/home/runner/work/AWA-App/AWA-App/C:\Users\Alexey\Documents\GitHub\AWA-App\services\common\__init__.py'. (couldnt-parse)
2025-08-17T02:11:09.7305685Z   coverage._warn(msg, slug="couldnt-parse")
2025-08-17T02:11:09.7307208Z /opt/hostedtoolcache/Python/3.11.13/x64/lib/python3.11/site-packages/coverage/report_core.py:118: CoverageWarning: Couldn't parse '/home/runner/work/AWA-App/AWA-App/C:\Users\Alexey\Documents\GitHub\AWA-App\services\common\base.py': No source for code: '/home/runner/work/AWA-App/AWA-App/C:\Users\Alexey\Documents\GitHub\AWA-App\services\common\base.py'. (couldnt-parse)
2025-08-17T02:11:09.7309449Z   coverage._warn(msg, slug="couldnt-parse")
2025-08-17T02:11:09.7311877Z /opt/hostedtoolcache/Python/3.11.13/x64/lib/python3.11/site-packages/coverage/report_core.py:118: CoverageWarning: Couldn't parse '/home/runner/work/AWA-App/AWA-App/C:\Users\Alexey\Documents\GitHub\AWA-App\services\common\config.py': No source for code: '/home/runner/work/AWA-App/AWA-App/C:\Users\Alexey\Documents\GitHub\AWA-App\services\common\config.py'. (couldnt-parse)
2025-08-17T02:11:09.7314381Z   coverage._warn(msg, slug="couldnt-parse")
2025-08-17T02:11:09.7316601Z /opt/hostedtoolcache/Python/3.11.13/x64/lib/python3.11/site-packages/coverage/report_core.py:118: CoverageWarning: Couldn't parse '/home/runner/work/AWA-App/AWA-App/C:\Users\Alexey\Documents\GitHub\AWA-App\services\common\db.py': No source for code: '/home/runner/work/AWA-App/AWA-App/C:\Users\Alexey\Documents\GitHub\AWA-App\services\common\db.py'. (couldnt-parse)
2025-08-17T02:11:09.7318810Z   coverage._warn(msg, slug="couldnt-parse")
2025-08-17T02:11:09.7321160Z /opt/hostedtoolcache/Python/3.11.13/x64/lib/python3.11/site-packages/coverage/report_core.py:118: CoverageWarning: Couldn't parse '/home/runner/work/AWA-App/AWA-App/C:\Users\Alexey\Documents\GitHub\AWA-App\services\common\db_url.py': No source for code: '/home/runner/work/AWA-App/AWA-App/C:\Users\Alexey\Documents\GitHub\AWA-App\services\common\db_url.py'. (couldnt-parse)
2025-08-17T02:11:09.7322443Z   coverage._warn(msg, slug="couldnt-parse")
2025-08-17T02:11:09.7324659Z /opt/hostedtoolcache/Python/3.11.13/x64/lib/python3.11/site-packages/coverage/report_core.py:118: CoverageWarning: Couldn't parse '/home/runner/work/AWA-App/AWA-App/C:\Users\Alexey\Documents\GitHub\AWA-App\services\common\dsn.py': No source for code: '/home/runner/work/AWA-App/AWA-App/C:\Users\Alexey\Documents\GitHub\AWA-App\services\common\dsn.py'. (couldnt-parse)
2025-08-17T02:11:09.7326906Z   coverage._warn(msg, slug="couldnt-parse")
2025-08-17T02:11:09.7329322Z /opt/hostedtoolcache/Python/3.11.13/x64/lib/python3.11/site-packages/coverage/report_core.py:118: CoverageWarning: Couldn't parse '/home/runner/work/AWA-App/AWA-App/C:\Users\Alexey\Documents\GitHub\AWA-App\services\common\keepa.py': No source for code: '/home/runner/work/AWA-App/AWA-App/C:\Users\Alexey\Documents\GitHub\AWA-App\services\common\keepa.py'. (couldnt-parse)
2025-08-17T02:11:09.7331714Z   coverage._warn(msg, slug="couldnt-parse")
2025-08-17T02:11:09.7332978Z /opt/hostedtoolcache/Python/3.11.13/x64/lib/python3.11/site-packages/coverage/report_core.py:118: CoverageWarning: Couldn't parse '/home/runner/work/AWA-App/AWA-App/C:\Users\Alexey\Documents\GitHub\AWA-App\services\common\llm.py': No source for code: '/home/runner/work/AWA-App/AWA-App/C:\Users\Alexey\Documents\GitHub\AWA-App\services\common\llm.py'. (couldnt-parse)
2025-08-17T02:11:09.7334733Z   coverage._warn(msg, slug="couldnt-parse")
2025-08-17T02:11:09.7336203Z /opt/hostedtoolcache/Python/3.11.13/x64/lib/python3.11/site-packages/coverage/report_core.py:118: CoverageWarning: Couldn't parse '/home/runner/work/AWA-App/AWA-App/C:\Users\Alexey\Documents\GitHub\AWA-App\services\common\models_vendor.py': No source for code: '/home/runner/work/AWA-App/AWA-App/C:\Users\Alexey\Documents\GitHub\AWA-App\services\common\models_vendor.py'. (couldnt-parse)
2025-08-17T02:11:09.7337864Z   coverage._warn(msg, slug="couldnt-parse")
2025-08-17T02:11:09.7339718Z /opt/hostedtoolcache/Python/3.11.13/x64/lib/python3.11/site-packages/coverage/report_core.py:118: CoverageWarning: Couldn't parse '/home/runner/work/AWA-App/AWA-App/C:\Users\Alexey\Documents\GitHub\AWA-App\services\common\settings.py': No source for code: '/home/runner/work/AWA-App/AWA-App/C:\Users\Alexey\Documents\GitHub\AWA-App\services\common\settings.py'. (couldnt-parse)
2025-08-17T02:11:09.7341112Z   coverage._warn(msg, slug="couldnt-parse")
2025-08-17T02:11:09.7342937Z /opt/hostedtoolcache/Python/3.11.13/x64/lib/python3.11/site-packages/coverage/report_core.py:118: CoverageWarning: Couldn't parse '/home/runner/work/AWA-App/AWA-App/C:\Users\Alexey\Documents\GitHub\AWA-App\services\db\__init__.py': No source for code: '/home/runner/work/AWA-App/AWA-App/C:\Users\Alexey\Documents\GitHub\AWA-App\services\db\__init__.py'. (couldnt-parse)
2025-08-17T02:11:09.7344243Z   coverage._warn(msg, slug="couldnt-parse")
2025-08-17T02:11:09.7346187Z /opt/hostedtoolcache/Python/3.11.13/x64/lib/python3.11/site-packages/coverage/report_core.py:118: CoverageWarning: Couldn't parse '/home/runner/work/AWA-App/AWA-App/C:\Users\Alexey\Documents\GitHub\AWA-App\services\db\utils\__init__.py': No source for code: '/home/runner/work/AWA-App/AWA-App/C:\Users\Alexey\Documents\GitHub\AWA-App\services\db\utils\__init__.py'. (couldnt-parse)
2025-08-17T02:11:09.7347816Z   coverage._warn(msg, slug="couldnt-parse")
2025-08-17T02:11:09.7349253Z /opt/hostedtoolcache/Python/3.11.13/x64/lib/python3.11/site-packages/coverage/report_core.py:118: CoverageWarning: Couldn't parse '/home/runner/work/AWA-App/AWA-App/C:\Users\Alexey\Documents\GitHub\AWA-App\services\db\utils\views.py': No source for code: '/home/runner/work/AWA-App/AWA-App/C:\Users\Alexey\Documents\GitHub\AWA-App\services\db\utils\views.py'. (couldnt-parse)
2025-08-17T02:11:09.7351219Z   coverage._warn(msg, slug="couldnt-parse")
2025-08-17T02:11:09.7352529Z /opt/hostedtoolcache/Python/3.11.13/x64/lib/python3.11/site-packages/coverage/report_core.py:118: CoverageWarning: Couldn't parse '/home/runner/work/AWA-App/AWA-App/C:\Users\Alexey\Documents\GitHub\AWA-App\services\emailer\__init__.py': No source for code: '/home/runner/work/AWA-App/AWA-App/C:\Users\Alexey\Documents\GitHub\AWA-App\services\emailer\__init__.py'. (couldnt-parse)
2025-08-17T02:11:09.7354318Z   coverage._warn(msg, slug="couldnt-parse")
2025-08-17T02:11:09.7355835Z /opt/hostedtoolcache/Python/3.11.13/x64/lib/python3.11/site-packages/coverage/report_core.py:118: CoverageWarning: Couldn't parse '/home/runner/work/AWA-App/AWA-App/C:\Users\Alexey\Documents\GitHub\AWA-App\services\emailer\generate_body.py': No source for code: '/home/runner/work/AWA-App/AWA-App/C:\Users\Alexey\Documents\GitHub\AWA-App\services\emailer\generate_body.py'. (couldnt-parse)
2025-08-17T02:11:09.7357470Z   coverage._warn(msg, slug="couldnt-parse")
2025-08-17T02:11:09.7359310Z /opt/hostedtoolcache/Python/3.11.13/x64/lib/python3.11/site-packages/coverage/report_core.py:118: CoverageWarning: Couldn't parse '/home/runner/work/AWA-App/AWA-App/C:\Users\Alexey\Documents\GitHub\AWA-App\services\etl\__init__.py': No source for code: '/home/runner/work/AWA-App/AWA-App/C:\Users\Alexey\Documents\GitHub\AWA-App\services\etl\__init__.py'. (couldnt-parse)
2025-08-17T02:11:09.7360857Z   coverage._warn(msg, slug="couldnt-parse")
2025-08-17T02:11:09.7362603Z /opt/hostedtoolcache/Python/3.11.13/x64/lib/python3.11/site-packages/coverage/report_core.py:118: CoverageWarning: Couldn't parse '/home/runner/work/AWA-App/AWA-App/C:\Users\Alexey\Documents\GitHub\AWA-App\services\etl\db.py': No source for code: '/home/runner/work/AWA-App/AWA-App/C:\Users\Alexey\Documents\GitHub\AWA-App\services\etl\db.py'. (couldnt-parse)
2025-08-17T02:11:09.7363961Z   coverage._warn(msg, slug="couldnt-parse")
2025-08-17T02:11:09.7365644Z /opt/hostedtoolcache/Python/3.11.13/x64/lib/python3.11/site-packages/coverage/report_core.py:118: CoverageWarning: Couldn't parse '/home/runner/work/AWA-App/AWA-App/C:\Users\Alexey\Documents\GitHub\AWA-App\services\etl\dialects\__init__.py': No source for code: '/home/runner/work/AWA-App/AWA-App/C:\Users\Alexey\Documents\GitHub\AWA-App\services\etl\dialects\__init__.py'. (couldnt-parse)
2025-08-17T02:11:09.7367431Z   coverage._warn(msg, slug="couldnt-parse")
2025-08-17T02:11:09.7368862Z /opt/hostedtoolcache/Python/3.11.13/x64/lib/python3.11/site-packages/coverage/report_core.py:118: CoverageWarning: Couldn't parse '/home/runner/work/AWA-App/AWA-App/C:\Users\Alexey\Documents\GitHub\AWA-App\services\etl\dialects\amazon_reimbursements.py': No source for code: '/home/runner/work/AWA-App/AWA-App/C:\Users\Alexey\Documents\GitHub\AWA-App\services\etl\dialects\amazon_reimbursements.py'. (couldnt-parse)
2025-08-17T02:11:09.7370914Z   coverage._warn(msg, slug="couldnt-parse")
2025-08-17T02:11:09.7372530Z /opt/hostedtoolcache/Python/3.11.13/x64/lib/python3.11/site-packages/coverage/report_core.py:118: CoverageWarning: Couldn't parse '/home/runner/work/AWA-App/AWA-App/C:\Users\Alexey\Documents\GitHub\AWA-App\services\etl\dialects\amazon_returns.py': No source for code: '/home/runner/work/AWA-App/AWA-App/C:\Users\Alexey\Documents\GitHub\AWA-App\services\etl\dialects\amazon_returns.py'. (couldnt-parse)
2025-08-17T02:11:09.7374269Z   coverage._warn(msg, slug="couldnt-parse")
2025-08-17T02:11:09.7376087Z /opt/hostedtoolcache/Python/3.11.13/x64/lib/python3.11/site-packages/coverage/report_core.py:118: CoverageWarning: Couldn't parse '/home/runner/work/AWA-App/AWA-App/C:\Users\Alexey\Documents\GitHub\AWA-App\services\etl\fba_fee_ingestor.py': No source for code: '/home/runner/work/AWA-App/AWA-App/C:\Users\Alexey\Documents\GitHub\AWA-App\services\etl\fba_fee_ingestor.py'. (couldnt-parse)
2025-08-17T02:11:09.7377414Z   coverage._warn(msg, slug="couldnt-parse")
2025-08-17T02:11:09.7379213Z /opt/hostedtoolcache/Python/3.11.13/x64/lib/python3.11/site-packages/coverage/report_core.py:118: CoverageWarning: Couldn't parse '/home/runner/work/AWA-App/AWA-App/C:\Users\Alexey\Documents\GitHub\AWA-App\services\etl\keepa_ingestor.py': No source for code: '/home/runner/work/AWA-App/AWA-App/C:\Users\Alexey\Documents\GitHub\AWA-App\services\etl\keepa_ingestor.py'. (couldnt-parse)
2025-08-17T02:11:09.7380999Z   coverage._warn(msg, slug="couldnt-parse")
2025-08-17T02:11:09.7382520Z /opt/hostedtoolcache/Python/3.11.13/x64/lib/python3.11/site-packages/coverage/report_core.py:118: CoverageWarning: Couldn't parse '/home/runner/work/AWA-App/AWA-App/C:\Users\Alexey\Documents\GitHub\AWA-App\services\etl\sp_fees_ingestor.py': No source for code: '/home/runner/work/AWA-App/AWA-App/C:\Users\Alexey\Documents\GitHub\AWA-App\services\etl\sp_fees_ingestor.py'. (couldnt-parse)
2025-08-17T02:11:09.7384306Z   coverage._warn(msg, slug="couldnt-parse")
2025-08-17T02:11:09.7385757Z /opt/hostedtoolcache/Python/3.11.13/x64/lib/python3.11/site-packages/coverage/report_core.py:118: CoverageWarning: Couldn't parse '/home/runner/work/AWA-App/AWA-App/C:\Users\Alexey\Documents\GitHub\AWA-App\services\fees_h10\__init__.py': No source for code: '/home/runner/work/AWA-App/AWA-App/C:\Users\Alexey\Documents\GitHub\AWA-App\services\fees_h10\__init__.py'. (couldnt-parse)
2025-08-17T02:11:09.7387585Z   coverage._warn(msg, slug="couldnt-parse")
2025-08-17T02:11:09.7389192Z /opt/hostedtoolcache/Python/3.11.13/x64/lib/python3.11/site-packages/coverage/report_core.py:118: CoverageWarning: Couldn't parse '/home/runner/work/AWA-App/AWA-App/C:\Users\Alexey\Documents\GitHub\AWA-App\services\fees_h10\client.py': No source for code: '/home/runner/work/AWA-App/AWA-App/C:\Users\Alexey\Documents\GitHub\AWA-App\services\fees_h10\client.py'. (couldnt-parse)
2025-08-17T02:11:09.7390862Z   coverage._warn(msg, slug="couldnt-parse")
2025-08-17T02:11:09.7392644Z /opt/hostedtoolcache/Python/3.11.13/x64/lib/python3.11/site-packages/coverage/report_core.py:118: CoverageWarning: Couldn't parse '/home/runner/work/AWA-App/AWA-App/C:\Users\Alexey\Documents\GitHub\AWA-App\services\fees_h10\repository.py': No source for code: '/home/runner/work/AWA-App/AWA-App/C:\Users\Alexey\Documents\GitHub\AWA-App\services\fees_h10\repository.py'. (couldnt-parse)
2025-08-17T02:11:09.7393970Z   coverage._warn(msg, slug="couldnt-parse")
2025-08-17T02:11:09.7395738Z /opt/hostedtoolcache/Python/3.11.13/x64/lib/python3.11/site-packages/coverage/report_core.py:118: CoverageWarning: Couldn't parse '/home/runner/work/AWA-App/AWA-App/C:\Users\Alexey\Documents\GitHub\AWA-App\services\fees_h10\worker.py': No source for code: '/home/runner/work/AWA-App/AWA-App/C:\Users\Alexey\Documents\GitHub\AWA-App\services\fees_h10\worker.py'. (couldnt-parse)
2025-08-17T02:11:09.7397291Z   coverage._warn(msg, slug="couldnt-parse")
2025-08-17T02:11:09.7398808Z /opt/hostedtoolcache/Python/3.11.13/x64/lib/python3.11/site-packages/coverage/report_core.py:118: CoverageWarning: Couldn't parse '/home/runner/work/AWA-App/AWA-App/C:\Users\Alexey\Documents\GitHub\AWA-App\services\ingest\__init__.py': No source for code: '/home/runner/work/AWA-App/AWA-App/C:\Users\Alexey\Documents\GitHub\AWA-App\services\ingest\__init__.py'. (couldnt-parse)
2025-08-17T02:11:09.7400873Z   coverage._warn(msg, slug="couldnt-parse")
2025-08-17T02:11:09.7402210Z /opt/hostedtoolcache/Python/3.11.13/x64/lib/python3.11/site-packages/coverage/report_core.py:118: CoverageWarning: Couldn't parse '/home/runner/work/AWA-App/AWA-App/C:\Users\Alexey\Documents\GitHub\AWA-App\services\ingest\email_watcher.py': No source for code: '/home/runner/work/AWA-App/AWA-App/C:\Users\Alexey\Documents\GitHub\AWA-App\services\ingest\email_watcher.py'. (couldnt-parse)
2025-08-17T02:11:09.7404029Z   coverage._warn(msg, slug="couldnt-parse")
2025-08-17T02:11:09.7405577Z /opt/hostedtoolcache/Python/3.11.13/x64/lib/python3.11/site-packages/coverage/report_core.py:118: CoverageWarning: Couldn't parse '/home/runner/work/AWA-App/AWA-App/C:\Users\Alexey\Documents\GitHub\AWA-App\services\ingest\ingest_router.py': No source for code: '/home/runner/work/AWA-App/AWA-App/C:\Users\Alexey\Documents\GitHub\AWA-App\services\ingest\ingest_router.py'. (couldnt-parse)
2025-08-17T02:11:09.7407155Z   coverage._warn(msg, slug="couldnt-parse")
2025-08-17T02:11:09.7408946Z /opt/hostedtoolcache/Python/3.11.13/x64/lib/python3.11/site-packages/coverage/report_core.py:118: CoverageWarning: Couldn't parse '/home/runner/work/AWA-App/AWA-App/C:\Users\Alexey\Documents\GitHub\AWA-App\services\ingest\upload_router.py': No source for code: '/home/runner/work/AWA-App/AWA-App/C:\Users\Alexey\Documents\GitHub\AWA-App\services\ingest\upload_router.py'. (couldnt-parse)
2025-08-17T02:11:09.7410518Z   coverage._warn(msg, slug="couldnt-parse")
2025-08-17T02:11:09.7412313Z /opt/hostedtoolcache/Python/3.11.13/x64/lib/python3.11/site-packages/coverage/report_core.py:118: CoverageWarning: Couldn't parse '/home/runner/work/AWA-App/AWA-App/C:\Users\Alexey\Documents\GitHub\AWA-App\services\llm_server\__init__.py': No source for code: '/home/runner/work/AWA-App/AWA-App/C:\Users\Alexey\Documents\GitHub\AWA-App\services\llm_server\__init__.py'. (couldnt-parse)
2025-08-17T02:11:09.7413923Z   coverage._warn(msg, slug="couldnt-parse")
2025-08-17T02:11:09.7415479Z /opt/hostedtoolcache/Python/3.11.13/x64/lib/python3.11/site-packages/coverage/report_core.py:118: CoverageWarning: Couldn't parse '/home/runner/work/AWA-App/AWA-App/C:\Users\Alexey\Documents\GitHub\AWA-App\services\llm_server\app.py': No source for code: '/home/runner/work/AWA-App/AWA-App/C:\Users\Alexey\Documents\GitHub\AWA-App\services\llm_server\app.py'. (couldnt-parse)
2025-08-17T02:11:09.7417233Z   coverage._warn(msg, slug="couldnt-parse")
2025-08-17T02:11:09.7418586Z /opt/hostedtoolcache/Python/3.11.13/x64/lib/python3.11/site-packages/coverage/report_core.py:118: CoverageWarning: Couldn't parse '/home/runner/work/AWA-App/AWA-App/C:\Users\Alexey\Documents\GitHub\AWA-App\services\logistics_etl\__init__.py': No source for code: '/home/runner/work/AWA-App/AWA-App/C:\Users\Alexey\Documents\GitHub\AWA-App\services\logistics_etl\__init__.py'. (couldnt-parse)
2025-08-17T02:11:09.7420627Z   coverage._warn(msg, slug="couldnt-parse")
2025-08-17T02:11:09.7422136Z /opt/hostedtoolcache/Python/3.11.13/x64/lib/python3.11/site-packages/coverage/report_core.py:118: CoverageWarning: Couldn't parse '/home/runner/work/AWA-App/AWA-App/C:\Users\Alexey\Documents\GitHub\AWA-App\services\logistics_etl\__main__.py': No source for code: '/home/runner/work/AWA-App/AWA-App/C:\Users\Alexey\Documents\GitHub\AWA-App\services\logistics_etl\__main__.py'. (couldnt-parse)
2025-08-17T02:11:09.7423787Z   coverage._warn(msg, slug="couldnt-parse")
2025-08-17T02:11:09.7425568Z /opt/hostedtoolcache/Python/3.11.13/x64/lib/python3.11/site-packages/coverage/report_core.py:118: CoverageWarning: Couldn't parse '/home/runner/work/AWA-App/AWA-App/C:\Users\Alexey\Documents\GitHub\AWA-App\services\logistics_etl\client.py': No source for code: '/home/runner/work/AWA-App/AWA-App/C:\Users\Alexey\Documents\GitHub\AWA-App\services\logistics_etl\client.py'. (couldnt-parse)
2025-08-17T02:11:09.7426900Z   coverage._warn(msg, slug="couldnt-parse")
2025-08-17T02:11:09.7428676Z /opt/hostedtoolcache/Python/3.11.13/x64/lib/python3.11/site-packages/coverage/report_core.py:118: CoverageWarning: Couldn't parse '/home/runner/work/AWA-App/AWA-App/C:\Users\Alexey\Documents\GitHub\AWA-App\services\logistics_etl\cron.py': No source for code: '/home/runner/work/AWA-App/AWA-App/C:\Users\Alexey\Documents\GitHub\AWA-App\services\logistics_etl\cron.py'. (couldnt-parse)
2025-08-17T02:11:09.7430577Z   coverage._warn(msg, slug="couldnt-parse")
2025-08-17T02:11:09.7432091Z /opt/hostedtoolcache/Python/3.11.13/x64/lib/python3.11/site-packages/coverage/report_core.py:118: CoverageWarning: Couldn't parse '/home/runner/work/AWA-App/AWA-App/C:\Users\Alexey\Documents\GitHub\AWA-App\services\logistics_etl\db.py': No source for code: '/home/runner/work/AWA-App/AWA-App/C:\Users\Alexey\Documents\GitHub\AWA-App\services\logistics_etl\db.py'. (couldnt-parse)
2025-08-17T02:11:09.7433854Z   coverage._warn(msg, slug="couldnt-parse")
2025-08-17T02:11:09.7435169Z /opt/hostedtoolcache/Python/3.11.13/x64/lib/python3.11/site-packages/coverage/report_core.py:118: CoverageWarning: Couldn't parse '/home/runner/work/AWA-App/AWA-App/C:\Users\Alexey\Documents\GitHub\AWA-App\services\logistics_etl\flow.py': No source for code: '/home/runner/work/AWA-App/AWA-App/C:\Users\Alexey\Documents\GitHub\AWA-App\services\logistics_etl\flow.py'. (couldnt-parse)
2025-08-17T02:11:09.7436973Z   coverage._warn(msg, slug="couldnt-parse")
2025-08-17T02:11:09.7438554Z /opt/hostedtoolcache/Python/3.11.13/x64/lib/python3.11/site-packages/coverage/report_core.py:118: CoverageWarning: Couldn't parse '/home/runner/work/AWA-App/AWA-App/C:\Users\Alexey\Documents\GitHub\AWA-App\services\logistics_etl\repository.py': No source for code: '/home/runner/work/AWA-App/AWA-App/C:\Users\Alexey\Documents\GitHub\AWA-App\services\logistics_etl\repository.py'. (couldnt-parse)
2025-08-17T02:11:09.7440351Z   coverage._warn(msg, slug="couldnt-parse")
2025-08-17T02:11:09.7442324Z /opt/hostedtoolcache/Python/3.11.13/x64/lib/python3.11/site-packages/coverage/report_core.py:118: CoverageWarning: Couldn't parse '/home/runner/work/AWA-App/AWA-App/C:\Users\Alexey\Documents\GitHub\AWA-App\services\price_importer\__init__.py': No source for code: '/home/runner/work/AWA-App/AWA-App/C:\Users\Alexey\Documents\GitHub\AWA-App\services\price_importer\__init__.py'. (couldnt-parse)
2025-08-17T02:11:09.7443817Z   coverage._warn(msg, slug="couldnt-parse")
2025-08-17T02:11:09.7445586Z /opt/hostedtoolcache/Python/3.11.13/x64/lib/python3.11/site-packages/coverage/report_core.py:118: CoverageWarning: Couldn't parse '/home/runner/work/AWA-App/AWA-App/C:\Users\Alexey\Documents\GitHub\AWA-App\services\price_importer\common\__init__.py': No source for code: '/home/runner/work/AWA-App/AWA-App/C:\Users\Alexey\Documents\GitHub\AWA-App\services\price_importer\common\__init__.py'. (couldnt-parse)
2025-08-17T02:11:09.7447437Z   coverage._warn(msg, slug="couldnt-parse")
2025-08-17T02:11:09.7448814Z /opt/hostedtoolcache/Python/3.11.13/x64/lib/python3.11/site-packages/coverage/report_core.py:118: CoverageWarning: Couldn't parse '/home/runner/work/AWA-App/AWA-App/C:\Users\Alexey\Documents\GitHub\AWA-App\services\price_importer\common\base.py': No source for code: '/home/runner/work/AWA-App/AWA-App/C:\Users\Alexey\Documents\GitHub\AWA-App\services\price_importer\common\base.py'. (couldnt-parse)
2025-08-17T02:11:09.7450831Z   coverage._warn(msg, slug="couldnt-parse")
2025-08-17T02:11:09.7452437Z /opt/hostedtoolcache/Python/3.11.13/x64/lib/python3.11/site-packages/coverage/report_core.py:118: CoverageWarning: Couldn't parse '/home/runner/work/AWA-App/AWA-App/C:\Users\Alexey\Documents\GitHub\AWA-App\services\price_importer\common\db_url.py': No source for code: '/home/runner/work/AWA-App/AWA-App/C:\Users\Alexey\Documents\GitHub\AWA-App\services\price_importer\common\db_url.py'. (couldnt-parse)
2025-08-17T02:11:09.7454061Z   coverage._warn(msg, slug="couldnt-parse")
2025-08-17T02:11:09.7456053Z /opt/hostedtoolcache/Python/3.11.13/x64/lib/python3.11/site-packages/coverage/report_core.py:118: CoverageWarning: Couldn't parse '/home/runner/work/AWA-App/AWA-App/C:\Users\Alexey\Documents\GitHub\AWA-App\services\price_importer\common\models_vendor.py': No source for code: '/home/runner/work/AWA-App/AWA-App/C:\Users\Alexey\Documents\GitHub\AWA-App\services\price_importer\common\models_vendor.py'. (couldnt-parse)
2025-08-17T02:11:09.7457860Z   coverage._warn(msg, slug="couldnt-parse")
2025-08-17T02:11:09.7459453Z /opt/hostedtoolcache/Python/3.11.13/x64/lib/python3.11/site-packages/coverage/report_core.py:118: CoverageWarning: Couldn't parse '/home/runner/work/AWA-App/AWA-App/C:\Users\Alexey\Documents\GitHub\AWA-App\services\price_importer\import.py': No source for code: '/home/runner/work/AWA-App/AWA-App/C:\Users\Alexey\Documents\GitHub\AWA-App\services\price_importer\import.py'. (couldnt-parse)
2025-08-17T02:11:09.7461463Z   coverage._warn(msg, slug="couldnt-parse")
2025-08-17T02:11:09.7462832Z /opt/hostedtoolcache/Python/3.11.13/x64/lib/python3.11/site-packages/coverage/report_core.py:118: CoverageWarning: Couldn't parse '/home/runner/work/AWA-App/AWA-App/C:\Users\Alexey\Documents\GitHub\AWA-App\services\price_importer\normaliser.py': No source for code: '/home/runner/work/AWA-App/AWA-App/C:\Users\Alexey\Documents\GitHub\AWA-App\services\price_importer\normaliser.py'. (couldnt-parse)
2025-08-17T02:11:09.7464690Z   coverage._warn(msg, slug="couldnt-parse")
2025-08-17T02:11:09.7466381Z /opt/hostedtoolcache/Python/3.11.13/x64/lib/python3.11/site-packages/coverage/report_core.py:118: CoverageWarning: Couldn't parse '/home/runner/work/AWA-App/AWA-App/C:\Users\Alexey\Documents\GitHub\AWA-App\services\price_importer\reader.py': No source for code: '/home/runner/work/AWA-App/AWA-App/C:\Users\Alexey\Documents\GitHub\AWA-App\services\price_importer\reader.py'. (couldnt-parse)
2025-08-17T02:11:09.7467823Z   coverage._warn(msg, slug="couldnt-parse")
2025-08-17T02:11:09.7469999Z /opt/hostedtoolcache/Python/3.11.13/x64/lib/python3.11/site-packages/coverage/report_core.py:118: CoverageWarning: Couldn't parse '/home/runner/work/AWA-App/AWA-App/C:\Users\Alexey\Documents\GitHub\AWA-App\services\price_importer\repository.py': No source for code: '/home/runner/work/AWA-App/AWA-App/C:\Users\Alexey\Documents\GitHub\AWA-App\services\price_importer\repository.py'. (couldnt-parse)
2025-08-17T02:11:09.7471670Z   coverage._warn(msg, slug="couldnt-parse")
2025-08-17T02:11:09.7473356Z /opt/hostedtoolcache/Python/3.11.13/x64/lib/python3.11/site-packages/coverage/report_core.py:118: CoverageWarning: Couldn't parse '/home/runner/work/AWA-App/AWA-App/C:\Users\Alexey\Documents\GitHub\AWA-App\services\price_importer\services_common\__init__.py': No source for code: '/home/runner/work/AWA-App/AWA-App/C:\Users\Alexey\Documents\GitHub\AWA-App\services\price_importer\services_common\__init__.py'. (couldnt-parse)
2025-08-17T02:11:09.7475266Z   coverage._warn(msg, slug="couldnt-parse")
2025-08-17T02:11:09.7476709Z /opt/hostedtoolcache/Python/3.11.13/x64/lib/python3.11/site-packages/coverage/report_core.py:118: CoverageWarning: Couldn't parse '/home/runner/work/AWA-App/AWA-App/C:\Users\Alexey\Documents\GitHub\AWA-App\services\price_importer\services_common\base.py': No source for code: '/home/runner/work/AWA-App/AWA-App/C:\Users\Alexey\Documents\GitHub\AWA-App\services\price_importer\services_common\base.py'. (couldnt-parse)
2025-08-17T02:11:09.7478137Z   coverage._warn(msg, slug="couldnt-parse")
2025-08-17T02:11:09.7479642Z /opt/hostedtoolcache/Python/3.11.13/x64/lib/python3.11/site-packages/coverage/report_core.py:118: CoverageWarning: Couldn't parse '/home/runner/work/AWA-App/AWA-App/C:\Users\Alexey\Documents\GitHub\AWA-App\services\price_importer\services_common\db.py': No source for code: '/home/runner/work/AWA-App/AWA-App/C:\Users\Alexey\Documents\GitHub\AWA-App\services\price_importer\services_common\db.py'. (couldnt-parse)
2025-08-17T02:11:09.7482230Z   coverage._warn(msg, slug="couldnt-parse")
2025-08-17T02:11:09.7483732Z /opt/hostedtoolcache/Python/3.11.13/x64/lib/python3.11/site-packages/coverage/report_core.py:118: CoverageWarning: Couldn't parse '/home/runner/work/AWA-App/AWA-App/C:\Users\Alexey\Documents\GitHub\AWA-App\services\price_importer\services_common\db_url.py': No source for code: '/home/runner/work/AWA-App/AWA-App/C:\Users\Alexey\Documents\GitHub\AWA-App\services\price_importer\services_common\db_url.py'. (couldnt-parse)
2025-08-17T02:11:09.7485362Z   coverage._warn(msg, slug="couldnt-parse")
2025-08-17T02:11:09.7486779Z /opt/hostedtoolcache/Python/3.11.13/x64/lib/python3.11/site-packages/coverage/report_core.py:118: CoverageWarning: Couldn't parse '/home/runner/work/AWA-App/AWA-App/C:\Users\Alexey\Documents\GitHub\AWA-App\services\price_importer\services_common\dsn.py': No source for code: '/home/runner/work/AWA-App/AWA-App/C:\Users\Alexey\Documents\GitHub\AWA-App\services\price_importer\services_common\dsn.py'. (couldnt-parse)
2025-08-17T02:11:09.7488200Z   coverage._warn(msg, slug="couldnt-parse")
2025-08-17T02:11:09.7489909Z /opt/hostedtoolcache/Python/3.11.13/x64/lib/python3.11/site-packages/coverage/report_core.py:118: CoverageWarning: Couldn't parse '/home/runner/work/AWA-App/AWA-App/C:\Users\Alexey\Documents\GitHub\AWA-App\services\price_importer\services_common\keepa.py': No source for code: '/home/runner/work/AWA-App/AWA-App/C:\Users\Alexey\Documents\GitHub\AWA-App\services\price_importer\services_common\keepa.py'. (couldnt-parse)
2025-08-17T02:11:09.7491425Z   coverage._warn(msg, slug="couldnt-parse")
2025-08-17T02:11:09.7492835Z /opt/hostedtoolcache/Python/3.11.13/x64/lib/python3.11/site-packages/coverage/report_core.py:118: CoverageWarning: Couldn't parse '/home/runner/work/AWA-App/AWA-App/C:\Users\Alexey\Documents\GitHub\AWA-App\services\price_importer\services_common\llm.py': No source for code: '/home/runner/work/AWA-App/AWA-App/C:\Users\Alexey\Documents\GitHub\AWA-App\services\price_importer\services_common\llm.py'. (couldnt-parse)
2025-08-17T02:11:09.7494257Z   coverage._warn(msg, slug="couldnt-parse")
2025-08-17T02:11:09.7495875Z /opt/hostedtoolcache/Python/3.11.13/x64/lib/python3.11/site-packages/coverage/report_core.py:118: CoverageWarning: Couldn't parse '/home/runner/work/AWA-App/AWA-App/C:\Users\Alexey\Documents\GitHub\AWA-App\services\price_importer\services_common\models_vendor.py': No source for code: '/home/runner/work/AWA-App/AWA-App/C:\Users\Alexey\Documents\GitHub\AWA-App\services\price_importer\services_common\models_vendor.py'. (couldnt-parse)
2025-08-17T02:11:09.7497431Z   coverage._warn(msg, slug="couldnt-parse")
2025-08-17T02:11:09.7498903Z /opt/hostedtoolcache/Python/3.11.13/x64/lib/python3.11/site-packages/coverage/report_core.py:118: CoverageWarning: Couldn't parse '/home/runner/work/AWA-App/AWA-App/C:\Users\Alexey\Documents\GitHub\AWA-App\services\price_importer\services_common\settings.py': No source for code: '/home/runner/work/AWA-App/AWA-App/C:\Users\Alexey\Documents\GitHub\AWA-App\services\price_importer\services_common\settings.py'. (couldnt-parse)
2025-08-17T02:11:09.7500465Z   coverage._warn(msg, slug="couldnt-parse")
2025-08-17T02:11:09.7501777Z /opt/hostedtoolcache/Python/3.11.13/x64/lib/python3.11/site-packages/coverage/report_core.py:118: CoverageWarning: Couldn't parse '/home/runner/work/AWA-App/AWA-App/C:\Users\Alexey\Documents\GitHub\AWA-App\services\repricer\__init__.py': No source for code: '/home/runner/work/AWA-App/AWA-App/C:\Users\Alexey\Documents\GitHub\AWA-App\services\repricer\__init__.py'. (couldnt-parse)
2025-08-17T02:11:09.7503083Z   coverage._warn(msg, slug="couldnt-parse")
2025-08-17T02:11:09.7504410Z /opt/hostedtoolcache/Python/3.11.13/x64/lib/python3.11/site-packages/coverage/report_core.py:118: CoverageWarning: Couldn't parse '/home/runner/work/AWA-App/AWA-App/C:\Users\Alexey\Documents\GitHub\AWA-App\services\repricer\app\__init__.py': No source for code: '/home/runner/work/AWA-App/AWA-App/C:\Users\Alexey\Documents\GitHub\AWA-App\services\repricer\app\__init__.py'. (couldnt-parse)
2025-08-17T02:11:09.7505728Z   coverage._warn(msg, slug="couldnt-parse")
2025-08-17T02:11:09.7507040Z /opt/hostedtoolcache/Python/3.11.13/x64/lib/python3.11/site-packages/coverage/report_core.py:118: CoverageWarning: Couldn't parse '/home/runner/work/AWA-App/AWA-App/C:\Users\Alexey\Documents\GitHub\AWA-App\services\repricer\app\deps.py': No source for code: '/home/runner/work/AWA-App/AWA-App/C:\Users\Alexey\Documents\GitHub\AWA-App\services\repricer\app\deps.py'. (couldnt-parse)
2025-08-17T02:11:09.7508476Z   coverage._warn(msg, slug="couldnt-parse")
2025-08-17T02:11:09.7510001Z /opt/hostedtoolcache/Python/3.11.13/x64/lib/python3.11/site-packages/coverage/report_core.py:118: CoverageWarning: Couldn't parse '/home/runner/work/AWA-App/AWA-App/C:\Users\Alexey\Documents\GitHub\AWA-App\services\repricer\app\logic.py': No source for code: '/home/runner/work/AWA-App/AWA-App/C:\Users\Alexey\Documents\GitHub\AWA-App\services\repricer\app\logic.py'. (couldnt-parse)
2025-08-17T02:11:09.7511326Z   coverage._warn(msg, slug="couldnt-parse")
2025-08-17T02:11:09.7512656Z /opt/hostedtoolcache/Python/3.11.13/x64/lib/python3.11/site-packages/coverage/report_core.py:118: CoverageWarning: Couldn't parse '/home/runner/work/AWA-App/AWA-App/C:\Users\Alexey\Documents\GitHub\AWA-App\services\repricer\app\main.py': No source for code: '/home/runner/work/AWA-App/AWA-App/C:\Users\Alexey\Documents\GitHub\AWA-App\services\repricer\app\main.py'. (couldnt-parse)
2025-08-17T02:11:09.7513964Z   coverage._warn(msg, slug="couldnt-parse")
2025-08-17T02:11:09.7515293Z /opt/hostedtoolcache/Python/3.11.13/x64/lib/python3.11/site-packages/coverage/report_core.py:118: CoverageWarning: Couldn't parse '/home/runner/work/AWA-App/AWA-App/C:\Users\Alexey\Documents\GitHub\AWA-App\services\repricer\app\schemas.py': No source for code: '/home/runner/work/AWA-App/AWA-App/C:\Users\Alexey\Documents\GitHub\AWA-App\services\repricer\app\schemas.py'. (couldnt-parse)
2025-08-17T02:11:09.7516624Z   coverage._warn(msg, slug="couldnt-parse")
2025-08-17T02:11:09.7518057Z /opt/hostedtoolcache/Python/3.11.13/x64/lib/python3.11/site-packages/coverage/report_core.py:118: CoverageWarning: Couldn't parse '/home/runner/work/AWA-App/AWA-App/C:\Users\Alexey\Documents\GitHub\AWA-App\services\returns_etl\loader.py': No source for code: '/home/runner/work/AWA-App/AWA-App/C:\Users\Alexey\Documents\GitHub\AWA-App\services\returns_etl\loader.py'. (couldnt-parse)
2025-08-17T02:11:09.7519379Z   coverage._warn(msg, slug="couldnt-parse")
2025-08-17T02:11:10.0321064Z ............                                                             [100%]
2025-08-17T02:11:10.0321874Z ================================ tests coverage ================================
2025-08-17T02:11:10.0322763Z _______________ coverage: platform linux, python 3.11.13-final-0 _______________
2025-08-17T02:11:10.0323383Z 
2025-08-17T02:11:10.0323618Z Coverage XML written to file coverage.xml
2025-08-17T02:11:10.1750069Z ##[group]Run actions/upload-artifact@v4
2025-08-17T02:11:10.1750558Z with:
2025-08-17T02:11:10.1750881Z   name: coverage.integration
2025-08-17T02:11:10.1751275Z   path: .coverage
2025-08-17T02:11:10.1751630Z   if-no-files-found: warn
2025-08-17T02:11:10.1752019Z   compression-level: 6
2025-08-17T02:11:10.1752396Z   overwrite: false
2025-08-17T02:11:10.1752751Z   include-hidden-files: false
2025-08-17T02:11:10.1753158Z env:
2025-08-17T02:11:10.1753447Z   PG_USER: postgres
2025-08-17T02:11:10.1753797Z   PG_PASSWORD: pass
2025-08-17T02:11:10.1754131Z   PG_DATABASE: awa
2025-08-17T02:11:10.1754482Z   PG_HOST: localhost
2025-08-17T02:11:10.1754828Z   PG_PORT: 5432
2025-08-17T02:11:10.1755560Z   PG_SYNC_DSN: ***localhost:5432/awa
2025-08-17T02:11:10.1756319Z   PG_ASYNC_DSN: ***localhost:5432/awa
2025-08-17T02:11:10.1757062Z   DATABASE_URL: ***localhost:5432/awa
2025-08-17T02:11:10.1757517Z   DATA_DIR: /tmp/awa-data
2025-08-17T02:11:10.1757888Z   ENABLE_LIVE: 0
2025-08-17T02:11:10.1758259Z   TESTING: 1
2025-08-17T02:11:10.1758702Z   pythonLocation: /opt/hostedtoolcache/Python/3.11.13/x64
2025-08-17T02:11:10.1759522Z   PKG_CONFIG_PATH: /opt/hostedtoolcache/Python/3.11.13/x64/lib/pkgconfig
2025-08-17T02:11:10.1760495Z   Python_ROOT_DIR: /opt/hostedtoolcache/Python/3.11.13/x64
2025-08-17T02:11:10.1761204Z   Python2_ROOT_DIR: /opt/hostedtoolcache/Python/3.11.13/x64
2025-08-17T02:11:10.1761871Z   Python3_ROOT_DIR: /opt/hostedtoolcache/Python/3.11.13/x64
2025-08-17T02:11:10.1762817Z   LD_LIBRARY_PATH: /opt/hostedtoolcache/Python/3.11.13/x64/lib
2025-08-17T02:11:10.1763357Z ##[endgroup]
2025-08-17T02:11:10.3938721Z ##[warning]No files were found with the provided path: .coverage. No artifacts will be uploaded.
2025-08-17T02:11:10.4550319Z Post job cleanup.
2025-08-17T02:11:10.5831913Z Cache hit occurred on the primary key Linux-int-dee7c0c28332ec2ebb5d2650fb0d2cfddf025b3b0e96b0c826645ad2cb717961, not saving cache.
2025-08-17T02:11:10.5916604Z Post job cleanup.
2025-08-17T02:11:10.7461710Z Cache hit occurred on the primary key setup-python-Linux-x64-24.04-Ubuntu-python-3.11.13-pip-dee7c0c28332ec2ebb5d2650fb0d2cfddf025b3b0e96b0c826645ad2cb717961, not saving cache.
2025-08-17T02:11:10.7560103Z Post job cleanup.
2025-08-17T02:11:10.8542197Z [command]/usr/bin/git version
2025-08-17T02:11:10.8577908Z git version 2.50.1
2025-08-17T02:11:10.8627341Z Temporarily overriding HOME='/home/runner/work/_temp/f4042883-75ff-4bf5-9635-a5f068e05cd1' before making global git config changes
2025-08-17T02:11:10.8628712Z Adding repository directory to the temporary git global config as a safe directory
2025-08-17T02:11:10.8633672Z [command]/usr/bin/git config --global --add safe.directory /home/runner/work/AWA-App/AWA-App
2025-08-17T02:11:10.8667384Z [command]/usr/bin/git config --local --name-only --get-regexp core\.sshCommand
2025-08-17T02:11:10.8700307Z [command]/usr/bin/git submodule foreach --recursive sh -c "git config --local --name-only --get-regexp 'core\.sshCommand' && git config --local --unset-all 'core.sshCommand' || :"
2025-08-17T02:11:10.8927106Z [command]/usr/bin/git config --local --name-only --get-regexp http\.https\:\/\/github\.com\/\.extraheader
2025-08-17T02:11:10.8947037Z http.https://github.com/.extraheader
2025-08-17T02:11:10.8960712Z [command]/usr/bin/git config --local --unset-all http.https://github.com/.extraheader
2025-08-17T02:11:10.8990667Z [command]/usr/bin/git submodule foreach --recursive sh -c "git config --local --name-only --get-regexp 'http\.https\:\/\/github\.com\/\.extraheader' && git config --local --unset-all 'http.https://github.com/.extraheader' || :"
2025-08-17T02:11:10.9295896Z Print service container logs: e8122a7de385440c89f634c6dc8a8de8_postgres15_459c55
2025-08-17T02:11:10.9300659Z ##[command]/usr/bin/docker logs --details 0e9ca52829042d25f494b5eb88c3fef150e8dbeaa047df124d5683c2cf2b1dfe
2025-08-17T02:11:10.9420484Z  The files belonging to this database system will be owned by user "postgres".
2025-08-17T02:11:10.9421205Z  This user must also own the server process.
2025-08-17T02:11:10.9421624Z  
2025-08-17T02:11:10.9422052Z  The database cluster will be initialized with locale "en_US.utf8".
2025-08-17T02:11:10.9422758Z  The default database encoding has accordingly been set to "UTF8".
2025-08-17T02:11:10.9423428Z  The default text search configuration will be set to "english".
2025-08-17T02:11:10.9423942Z  
2025-08-17T02:11:10.9424232Z  Data page checksums are disabled.
2025-08-17T02:11:10.9424635Z  
2025-08-17T02:11:10.9425104Z  fixing permissions on existing directory /var/lib/postgresql/data ... ok
2025-08-17T02:11:10.9425754Z  creating subdirectories ... ok
2025-08-17T02:11:10.9426252Z  selecting dynamic shared memory implementation ... posix
2025-08-17T02:11:10.9426801Z  selecting default max_connections ... 100
2025-08-17T02:11:10.9427272Z  selecting default shared_buffers ... 128MB
2025-08-17T02:11:10.9427743Z  selecting default time zone ... Etc/UTC
2025-08-17T02:11:10.9428228Z  creating configuration files ... ok
2025-08-17T02:11:10.9428668Z  running bootstrap script ... ok
2025-08-17T02:11:10.9429140Z  performing post-bootstrap initialization ... ok
2025-08-17T02:11:10.9429789Z  syncing data to disk ... ok
2025-08-17T02:11:10.9430137Z  
2025-08-17T02:11:10.9430381Z  
2025-08-17T02:11:10.9430727Z  Success. You can now start the database server using:
2025-08-17T02:11:10.9431188Z  
2025-08-17T02:11:10.9432356Z  initdb: warning: enabling "trust" authentication for local connections
2025-08-17T02:11:10.9433717Z  initdb: hint: You can change this by editing pg_hba.conf or using the option -A, or --auth-local and --auth-host, the next time you run initdb.
2025-08-17T02:11:10.9435109Z  2025-08-17 02:10:12.509 UTC [1] LOG:  starting PostgreSQL 15.14 (Debian 15.14-1.pgdg13+1) on x86_64-pc-linux-gnu, compiled by gcc (Debian 14.2.0-19) 14.2.0, 64-bit
2025-08-17T02:11:10.9436172Z  2025-08-17 02:10:12.510 UTC [1] LOG:  listening on IPv4 address "0.0.0.0", port 5432
2025-08-17T02:11:10.9436870Z  2025-08-17 02:10:12.510 UTC [1] LOG:  listening on IPv6 address "::", port 5432
2025-08-17T02:11:10.9437638Z  2025-08-17 02:10:12.511 UTC [1] LOG:  listening on Unix socket "/var/run/postgresql/.s.PGSQL.5432"
2025-08-17T02:11:10.9438478Z  2025-08-17 02:10:12.513 UTC [64] LOG:  database system was shut down at 2025-08-17 02:10:12 UTC
2025-08-17T02:11:10.9439252Z  2025-08-17 02:10:12.517 UTC [1] LOG:  database system is ready to accept connections
2025-08-17T02:11:10.9440123Z      pg_ctl -D /var/lib/postgresql/data -l logfile start
2025-08-17T02:11:10.9440598Z  
2025-08-17T02:11:10.9441541Z  waiting for server to start....2025-08-17 02:10:12.205 UTC [48] LOG:  starting PostgreSQL 15.14 (Debian 15.14-1.pgdg13+1) on x86_64-pc-linux-gnu, compiled by gcc (Debian 14.2.0-19) 14.2.0, 64-bit
2025-08-17T02:11:10.9442777Z  2025-08-17 02:10:12.206 UTC [48] LOG:  listening on Unix socket "/var/run/postgresql/.s.PGSQL.5432"
2025-08-17T02:11:10.9443523Z  2025-08-17 02:10:12.210 UTC [51] LOG:  database system was shut down at 2025-08-17 02:10:12 UTC
2025-08-17T02:11:10.9444216Z  2025-08-17 02:10:12.213 UTC [48] LOG:  database system is ready to accept connections
2025-08-17T02:11:10.9444773Z   done
2025-08-17T02:11:10.9445040Z  server started
2025-08-17T02:11:10.9445350Z  CREATE DATABASE
2025-08-17T02:11:10.9445830Z  
2025-08-17T02:11:10.9446084Z  
2025-08-17T02:11:10.9446857Z  /usr/local/bin/docker-entrypoint.sh: ignoring /docker-entrypoint-initdb.d/*
2025-08-17T02:11:10.9447246Z  
2025-08-17T02:11:10.9447487Z  2025-08-17 02:10:12.390 UTC [48] LOG:  received fast shutdown request
2025-08-17T02:11:10.9448192Z  waiting for server to shut down....2025-08-17 02:10:12.391 UTC [48] LOG:  aborting any active transactions
2025-08-17T02:11:10.9448831Z  2025-08-17 02:10:12.393 UTC [48] LOG:  background worker "logical replication launcher" (PID 54) exited with exit code 1
2025-08-17T02:11:10.9449318Z  2025-08-17 02:10:12.393 UTC [49] LOG:  shutting down
2025-08-17T02:11:10.9449827Z  2025-08-17 02:10:12.393 UTC [49] LOG:  checkpoint starting: shutdown immediate
2025-08-17T02:11:10.9450682Z  2025-08-17 02:10:12.409 UTC [49] LOG:  checkpoint complete: wrote 922 buffers (5.6%); 0 WAL file(s) added, 0 removed, 0 recycled; write=0.013 s, sync=0.002 s, total=0.017 s; sync files=301, longest=0.001 s, average=0.001 s; distance=4239 kB, estimate=4239 kB
2025-08-17T02:11:10.9451496Z  2025-08-17 02:10:12.416 UTC [48] LOG:  database system is shut down
2025-08-17T02:11:10.9451787Z   done
2025-08-17T02:11:10.9451960Z  server stopped
2025-08-17T02:11:10.9452147Z  
2025-08-17T02:11:10.9452371Z  PostgreSQL init process complete; ready for start up.
2025-08-17T02:11:10.9452649Z  
2025-08-17T02:11:10.9458108Z Stop and remove container: e8122a7de385440c89f634c6dc8a8de8_postgres15_459c55
2025-08-17T02:11:10.9462905Z ##[command]/usr/bin/docker rm --force 0e9ca52829042d25f494b5eb88c3fef150e8dbeaa047df124d5683c2cf2b1dfe
2025-08-17T02:11:12.0119199Z 0e9ca52829042d25f494b5eb88c3fef150e8dbeaa047df124d5683c2cf2b1dfe
2025-08-17T02:11:12.0146952Z Remove container network: github_network_c4f24d6c3caf4e5893768071642c60ba
2025-08-17T02:11:12.0151357Z ##[command]/usr/bin/docker network rm github_network_c4f24d6c3caf4e5893768071642c60ba
2025-08-17T02:11:12.1355595Z github_network_c4f24d6c3caf4e5893768071642c60ba
2025-08-17T02:11:12.1415989Z Cleaning up orphan processes
