2025-08-25T15:37:11.6327237Z Current runner version: '2.328.0'
2025-08-25T15:37:11.6349823Z ##[group]Runner Image Provisioner
2025-08-25T15:37:11.6350565Z Hosted Compute Agent
2025-08-25T15:37:11.6351189Z Version: 20250821.380
2025-08-25T15:37:11.6351768Z Commit: 438d12cb4fe092871db9867344e3bc0bc5319035
2025-08-25T15:37:11.6352498Z Build Date: 2025-08-21T20:49:43Z
2025-08-25T15:37:11.6353133Z ##[endgroup]
2025-08-25T15:37:11.6353633Z ##[group]Operating System
2025-08-25T15:37:11.6354229Z Ubuntu
2025-08-25T15:37:11.6354647Z 24.04.2
2025-08-25T15:37:11.6355176Z LTS
2025-08-25T15:37:11.6355629Z ##[endgroup]
2025-08-25T15:37:11.6356101Z ##[group]Runner Image
2025-08-25T15:37:11.6356671Z Image: ubuntu-24.04
2025-08-25T15:37:11.6357178Z Version: 20250818.1.0
2025-08-25T15:37:11.6358146Z Included Software: https://github.com/actions/runner-images/blob/ubuntu24/20250818.1/images/ubuntu/Ubuntu2404-Readme.md
2025-08-25T15:37:11.6359922Z Image Release: https://github.com/actions/runner-images/releases/tag/ubuntu24%2F20250818.1
2025-08-25T15:37:11.6360847Z ##[endgroup]
2025-08-25T15:37:11.6363241Z ##[group]GITHUB_TOKEN Permissions
2025-08-25T15:37:11.6365089Z Actions: write
2025-08-25T15:37:11.6365726Z Attestations: write
2025-08-25T15:37:11.6366252Z Checks: write
2025-08-25T15:37:11.6366738Z Contents: write
2025-08-25T15:37:11.6367251Z Deployments: write
2025-08-25T15:37:11.6367770Z Discussions: write
2025-08-25T15:37:11.6368273Z Issues: write
2025-08-25T15:37:11.6368968Z Metadata: read
2025-08-25T15:37:11.6369572Z Models: read
2025-08-25T15:37:11.6370025Z Packages: write
2025-08-25T15:37:11.6370559Z Pages: write
2025-08-25T15:37:11.6371039Z PullRequests: write
2025-08-25T15:37:11.6371638Z RepositoryProjects: write
2025-08-25T15:37:11.6372154Z SecurityEvents: write
2025-08-25T15:37:11.6372869Z Statuses: write
2025-08-25T15:37:11.6373379Z ##[endgroup]
2025-08-25T15:37:11.6375288Z Secret source: Actions
2025-08-25T15:37:11.6376096Z Prepare workflow directory
2025-08-25T15:37:11.6789082Z Prepare all required actions
2025-08-25T15:37:11.6843030Z Getting action download info
2025-08-25T15:37:12.1346191Z Download action repository 'actions/checkout@v5' (SHA:08c6903cd8c0fde910a37f88322edcfb5dd907a8)
2025-08-25T15:37:12.2186563Z Download action repository 'actions/setup-python@v5' (SHA:a26af69be951a213d495a4c3e4e4022e16d87065)
2025-08-25T15:37:12.3116171Z Download action repository 'actions/cache@v4' (SHA:0400d5f644dc74513175e3cd8d07132dd4860809)
2025-08-25T15:37:12.4082373Z Download action repository 'actions/upload-artifact@v4' (SHA:ea165f8d65b6e75b540449e92b4886f43607fa02)
2025-08-25T15:37:12.6262123Z Complete job name: integration-db
2025-08-25T15:37:12.6746796Z ##[group]Checking docker version
2025-08-25T15:37:12.6759924Z ##[command]/usr/bin/docker version --format '{{.Server.APIVersion}}'
2025-08-25T15:37:12.7610660Z '1.48'
2025-08-25T15:37:12.7623881Z Docker daemon API version: '1.48'
2025-08-25T15:37:12.7624663Z ##[command]/usr/bin/docker version --format '{{.Client.APIVersion}}'
2025-08-25T15:37:12.7774924Z '1.48'
2025-08-25T15:37:12.7788301Z Docker client API version: '1.48'
2025-08-25T15:37:12.7793979Z ##[endgroup]
2025-08-25T15:37:12.7796984Z ##[group]Clean up resources from previous jobs
2025-08-25T15:37:12.7802778Z ##[command]/usr/bin/docker ps --all --quiet --no-trunc --filter "label=9b23c8"
2025-08-25T15:37:12.7946664Z ##[command]/usr/bin/docker network prune --force --filter "label=9b23c8"
2025-08-25T15:37:12.8072824Z ##[endgroup]
2025-08-25T15:37:12.8073344Z ##[group]Create local container network
2025-08-25T15:37:12.8083417Z ##[command]/usr/bin/docker network create --label 9b23c8 github_network_31ae0e38bb68490e8a928710af00be69
2025-08-25T15:37:12.8556468Z 08efda5d9425335b7b7da6674105cacc5370af51c989b583945b94851594d138
2025-08-25T15:37:12.8574367Z ##[endgroup]
2025-08-25T15:37:12.8598099Z ##[group]Starting postgres service container
2025-08-25T15:37:12.8617157Z ##[command]/usr/bin/docker pull postgres:15
2025-08-25T15:37:13.9106791Z 15: Pulling from library/postgres
2025-08-25T15:37:14.1793392Z 396b1da7636e: Pulling fs layer
2025-08-25T15:37:14.1794591Z fca2566eba32: Pulling fs layer
2025-08-25T15:37:14.1795206Z 631fe8c6d606: Pulling fs layer
2025-08-25T15:37:14.1795787Z 77c7671c4414: Pulling fs layer
2025-08-25T15:37:14.1796307Z 2d9e29180a27: Pulling fs layer
2025-08-25T15:37:14.1796854Z c6bcc2c9a041: Pulling fs layer
2025-08-25T15:37:14.1797363Z ac4b721eb66f: Pulling fs layer
2025-08-25T15:37:14.1797881Z 606bd164980e: Pulling fs layer
2025-08-25T15:37:14.1798386Z f5dfd246bc6e: Pulling fs layer
2025-08-25T15:37:14.1799136Z ba7036bb0a60: Pulling fs layer
2025-08-25T15:37:14.1799706Z 799f859abbbd: Pulling fs layer
2025-08-25T15:37:14.1800251Z d903e777080c: Pulling fs layer
2025-08-25T15:37:14.1800748Z 04adcb462801: Pulling fs layer
2025-08-25T15:37:14.1801184Z 5c10925b29ff: Pulling fs layer
2025-08-25T15:37:14.1801647Z 606bd164980e: Waiting
2025-08-25T15:37:14.1801960Z 799f859abbbd: Waiting
2025-08-25T15:37:14.1802258Z f5dfd246bc6e: Waiting
2025-08-25T15:37:14.1802559Z d903e777080c: Waiting
2025-08-25T15:37:14.1802847Z ba7036bb0a60: Waiting
2025-08-25T15:37:14.1803139Z 04adcb462801: Waiting
2025-08-25T15:37:14.1803431Z 5c10925b29ff: Waiting
2025-08-25T15:37:14.1803707Z 2d9e29180a27: Waiting
2025-08-25T15:37:14.1804014Z 77c7671c4414: Waiting
2025-08-25T15:37:14.1804300Z c6bcc2c9a041: Waiting
2025-08-25T15:37:14.1804585Z ac4b721eb66f: Waiting
2025-08-25T15:37:14.4800108Z fca2566eba32: Verifying Checksum
2025-08-25T15:37:14.5640639Z fca2566eba32: Download complete
2025-08-25T15:37:14.5641260Z 631fe8c6d606: Verifying Checksum
2025-08-25T15:37:14.5641876Z 631fe8c6d606: Download complete
2025-08-25T15:37:14.8031396Z 77c7671c4414: Verifying Checksum
2025-08-25T15:37:14.8032011Z 77c7671c4414: Download complete
2025-08-25T15:37:14.9115743Z 396b1da7636e: Verifying Checksum
2025-08-25T15:37:14.9119879Z 396b1da7636e: Download complete
2025-08-25T15:37:14.9207090Z 2d9e29180a27: Verifying Checksum
2025-08-25T15:37:14.9207685Z 2d9e29180a27: Download complete
2025-08-25T15:37:15.0963257Z c6bcc2c9a041: Verifying Checksum
2025-08-25T15:37:15.0963788Z c6bcc2c9a041: Download complete
2025-08-25T15:37:15.1839607Z 606bd164980e: Verifying Checksum
2025-08-25T15:37:15.1840481Z 606bd164980e: Download complete
2025-08-25T15:37:15.2293394Z ac4b721eb66f: Verifying Checksum
2025-08-25T15:37:15.2294185Z ac4b721eb66f: Download complete
2025-08-25T15:37:15.4711013Z ba7036bb0a60: Verifying Checksum
2025-08-25T15:37:15.4713562Z ba7036bb0a60: Download complete
2025-08-25T15:37:15.5539094Z 799f859abbbd: Download complete
2025-08-25T15:37:15.8319132Z 04adcb462801: Download complete
2025-08-25T15:37:15.8681651Z 396b1da7636e: Pull complete
2025-08-25T15:37:15.8852899Z d903e777080c: Verifying Checksum
2025-08-25T15:37:15.8853377Z d903e777080c: Download complete
2025-08-25T15:37:16.0193885Z fca2566eba32: Pull complete
2025-08-25T15:37:16.1004313Z 5c10925b29ff: Verifying Checksum
2025-08-25T15:37:16.1004839Z 5c10925b29ff: Download complete
2025-08-25T15:37:16.2095335Z 631fe8c6d606: Pull complete
2025-08-25T15:37:16.2584784Z 77c7671c4414: Pull complete
2025-08-25T15:37:16.5658651Z 2d9e29180a27: Pull complete
2025-08-25T15:37:16.6795479Z c6bcc2c9a041: Pull complete
2025-08-25T15:37:16.6917119Z ac4b721eb66f: Pull complete
2025-08-25T15:37:16.7061094Z 606bd164980e: Pull complete
2025-08-25T15:37:16.9915925Z f5dfd246bc6e: Verifying Checksum
2025-08-25T15:37:16.9916432Z f5dfd246bc6e: Download complete
2025-08-25T15:37:19.9183389Z f5dfd246bc6e: Pull complete
2025-08-25T15:37:19.9349443Z ba7036bb0a60: Pull complete
2025-08-25T15:37:19.9505389Z 799f859abbbd: Pull complete
2025-08-25T15:37:19.9623964Z d903e777080c: Pull complete
2025-08-25T15:37:19.9863279Z 04adcb462801: Pull complete
2025-08-25T15:37:19.9994564Z 5c10925b29ff: Pull complete
2025-08-25T15:37:20.0044538Z Digest: sha256:bc51cf4f1fe02cce7ed2370b20128a9b00b4eb804573a77d2a0d877aaa9c82b1
2025-08-25T15:37:20.0064174Z Status: Downloaded newer image for postgres:15
2025-08-25T15:37:20.0076419Z docker.io/library/postgres:15
2025-08-25T15:37:20.0134967Z ##[command]/usr/bin/docker create --name d2916f660d9e412da67d4fde31ff0fd9_postgres15_d23d0e --label 9b23c8 --network github_network_31ae0e38bb68490e8a928710af00be69 --network-alias postgres -p 5432:5432 --health-cmd="pg_isready -U postgres -d awa" --health-interval=5s --health-timeout=5s --health-retries=10 -e "POSTGRES_USER=postgres" -e "POSTGRES_PASSWORD=pass" -e "POSTGRES_DB=awa" -e GITHUB_ACTIONS=true -e CI=true postgres:15
2025-08-25T15:37:20.0409341Z 89afedb23f9589bf4d006a95d610671eea49f911c5a7651ca4e738a8f7bbd26b
2025-08-25T15:37:20.0431010Z ##[command]/usr/bin/docker start 89afedb23f9589bf4d006a95d610671eea49f911c5a7651ca4e738a8f7bbd26b
2025-08-25T15:37:20.3278408Z 89afedb23f9589bf4d006a95d610671eea49f911c5a7651ca4e738a8f7bbd26b
2025-08-25T15:37:20.3304468Z ##[command]/usr/bin/docker ps --all --filter id=89afedb23f9589bf4d006a95d610671eea49f911c5a7651ca4e738a8f7bbd26b --filter status=running --no-trunc --format "{{.ID}} {{.Status}}"
2025-08-25T15:37:20.3434524Z 89afedb23f9589bf4d006a95d610671eea49f911c5a7651ca4e738a8f7bbd26b Up Less than a second (health: starting)
2025-08-25T15:37:20.3455650Z ##[command]/usr/bin/docker port 89afedb23f9589bf4d006a95d610671eea49f911c5a7651ca4e738a8f7bbd26b
2025-08-25T15:37:20.3594703Z 5432/tcp -> 0.0.0.0:5432
2025-08-25T15:37:20.3597563Z 5432/tcp -> [::]:5432
2025-08-25T15:37:20.3638207Z ##[endgroup]
2025-08-25T15:37:20.3646639Z ##[group]Waiting for all services to be ready
2025-08-25T15:37:20.3660433Z ##[command]/usr/bin/docker inspect --format="{{if .Config.Healthcheck}}{{print .State.Health.Status}}{{end}}" 89afedb23f9589bf4d006a95d610671eea49f911c5a7651ca4e738a8f7bbd26b
2025-08-25T15:37:20.3791333Z starting
2025-08-25T15:37:20.3812222Z postgres service is starting, waiting 2 seconds before checking again.
2025-08-25T15:37:22.3810950Z ##[command]/usr/bin/docker inspect --format="{{if .Config.Healthcheck}}{{print .State.Health.Status}}{{end}}" 89afedb23f9589bf4d006a95d610671eea49f911c5a7651ca4e738a8f7bbd26b
2025-08-25T15:37:22.3927190Z starting
2025-08-25T15:37:22.3940698Z postgres service is starting, waiting 3 seconds before checking again.
2025-08-25T15:37:26.3519521Z ##[command]/usr/bin/docker inspect --format="{{if .Config.Healthcheck}}{{print .State.Health.Status}}{{end}}" 89afedb23f9589bf4d006a95d610671eea49f911c5a7651ca4e738a8f7bbd26b
2025-08-25T15:37:26.3638705Z healthy
2025-08-25T15:37:26.3655285Z postgres service is healthy.
2025-08-25T15:37:26.3655996Z ##[endgroup]
2025-08-25T15:37:26.3965221Z ##[group]Run actions/checkout@v5
2025-08-25T15:37:26.3965743Z with:
2025-08-25T15:37:26.3965916Z   fetch-depth: 0
2025-08-25T15:37:26.3966126Z   repository: AlexBomber12/AWA-App
2025-08-25T15:37:26.3966491Z   token: ***
2025-08-25T15:37:26.3966678Z   ssh-strict: true
2025-08-25T15:37:26.3966864Z   ssh-user: git
2025-08-25T15:37:26.3967052Z   persist-credentials: true
2025-08-25T15:37:26.3967265Z   clean: true
2025-08-25T15:37:26.3967451Z   sparse-checkout-cone-mode: true
2025-08-25T15:37:26.3967680Z   fetch-tags: false
2025-08-25T15:37:26.3967859Z   show-progress: true
2025-08-25T15:37:26.3968039Z   lfs: false
2025-08-25T15:37:26.3968205Z   submodules: false
2025-08-25T15:37:26.3968394Z   set-safe-directory: true
2025-08-25T15:37:26.3969126Z ##[endgroup]
2025-08-25T15:37:26.4919266Z Syncing repository: AlexBomber12/AWA-App
2025-08-25T15:37:26.4921152Z ##[group]Getting Git version info
2025-08-25T15:37:26.4921721Z Working directory is '/home/runner/work/AWA-App/AWA-App'
2025-08-25T15:37:26.4922691Z [command]/usr/bin/git version
2025-08-25T15:37:26.4981264Z git version 2.51.0
2025-08-25T15:37:26.5001146Z ##[endgroup]
2025-08-25T15:37:26.5014156Z Temporarily overriding HOME='/home/runner/work/_temp/96326444-e383-472d-95fe-d7051582157b' before making global git config changes
2025-08-25T15:37:26.5015172Z Adding repository directory to the temporary git global config as a safe directory
2025-08-25T15:37:26.5019943Z [command]/usr/bin/git config --global --add safe.directory /home/runner/work/AWA-App/AWA-App
2025-08-25T15:37:26.5056178Z Deleting the contents of '/home/runner/work/AWA-App/AWA-App'
2025-08-25T15:37:26.5059822Z ##[group]Initializing the repository
2025-08-25T15:37:26.5064034Z [command]/usr/bin/git init /home/runner/work/AWA-App/AWA-App
2025-08-25T15:37:26.5147901Z hint: Using 'master' as the name for the initial branch. This default branch name
2025-08-25T15:37:26.5148871Z hint: is subject to change. To configure the initial branch name to use in all
2025-08-25T15:37:26.5149532Z hint: of your new repositories, which will suppress this warning, call:
2025-08-25T15:37:26.5150118Z hint:
2025-08-25T15:37:26.5150523Z hint: 	git config --global init.defaultBranch <name>
2025-08-25T15:37:26.5150974Z hint:
2025-08-25T15:37:26.5151416Z hint: Names commonly chosen instead of 'master' are 'main', 'trunk' and
2025-08-25T15:37:26.5152198Z hint: 'development'. The just-created branch can be renamed via this command:
2025-08-25T15:37:26.5152828Z hint:
2025-08-25T15:37:26.5153020Z hint: 	git branch -m <name>
2025-08-25T15:37:26.5153237Z hint:
2025-08-25T15:37:26.5153530Z hint: Disable this message with "git config set advice.defaultBranchName false"
2025-08-25T15:37:26.5154367Z Initialized empty Git repository in /home/runner/work/AWA-App/AWA-App/.git/
2025-08-25T15:37:26.5163226Z [command]/usr/bin/git remote add origin https://github.com/AlexBomber12/AWA-App
2025-08-25T15:37:26.5197443Z ##[endgroup]
2025-08-25T15:37:26.5198022Z ##[group]Disabling automatic garbage collection
2025-08-25T15:37:26.5202499Z [command]/usr/bin/git config --local gc.auto 0
2025-08-25T15:37:26.5229468Z ##[endgroup]
2025-08-25T15:37:26.5230035Z ##[group]Setting up auth
2025-08-25T15:37:26.5236709Z [command]/usr/bin/git config --local --name-only --get-regexp core\.sshCommand
2025-08-25T15:37:26.5266477Z [command]/usr/bin/git submodule foreach --recursive sh -c "git config --local --name-only --get-regexp 'core\.sshCommand' && git config --local --unset-all 'core.sshCommand' || :"
2025-08-25T15:37:26.5578295Z [command]/usr/bin/git config --local --name-only --get-regexp http\.https\:\/\/github\.com\/\.extraheader
2025-08-25T15:37:26.5608031Z [command]/usr/bin/git submodule foreach --recursive sh -c "git config --local --name-only --get-regexp 'http\.https\:\/\/github\.com\/\.extraheader' && git config --local --unset-all 'http.https://github.com/.extraheader' || :"
2025-08-25T15:37:26.5826235Z [command]/usr/bin/git config --local http.https://github.com/.extraheader AUTHORIZATION: basic ***
2025-08-25T15:37:26.5858954Z ##[endgroup]
2025-08-25T15:37:26.5859422Z ##[group]Fetching the repository
2025-08-25T15:37:26.5869116Z [command]/usr/bin/git -c protocol.version=2 fetch --prune --no-recurse-submodules origin +refs/heads/*:refs/remotes/origin/* +refs/tags/*:refs/tags/* +5e121e581a63b7da8d3f6e175eee878fca11b0fa:refs/remotes/pull/368/merge
2025-08-25T15:37:30.7812501Z From https://github.com/AlexBomber12/AWA-App
2025-08-25T15:37:30.7813603Z  * [new branch]        codex/enable-ci-log-persistence          -> origin/codex/enable-ci-log-persistence
2025-08-25T15:37:30.7815015Z  * [new branch]        codex/fix-indentation-in-collect-logs-workflow -> origin/codex/fix-indentation-in-collect-logs-workflow
2025-08-25T15:37:30.7816231Z  * [new branch]        codex/fix-the-error                      -> origin/codex/fix-the-error
2025-08-25T15:37:30.7817352Z  * [new branch]        codex/fix-the-error-03gdwk               -> origin/codex/fix-the-error-03gdwk
2025-08-25T15:37:30.7818381Z  * [new branch]        codex/fix-the-error-5nznl4               -> origin/codex/fix-the-error-5nznl4
2025-08-25T15:37:30.7819484Z  * [new branch]        main                                     -> origin/main
2025-08-25T15:37:30.7820132Z  * [new tag]           0.3.0                                    -> 0.3.0
2025-08-25T15:37:30.7820792Z  * [new ref]           5e121e581a63b7da8d3f6e175eee878fca11b0fa -> pull/368/merge
2025-08-25T15:37:30.7856214Z ##[endgroup]
2025-08-25T15:37:30.7856764Z ##[group]Determining the checkout info
2025-08-25T15:37:30.7857516Z ##[endgroup]
2025-08-25T15:37:30.7862816Z [command]/usr/bin/git sparse-checkout disable
2025-08-25T15:37:30.7904187Z [command]/usr/bin/git config --local --unset-all extensions.worktreeConfig
2025-08-25T15:37:30.7930083Z ##[group]Checking out the ref
2025-08-25T15:37:30.7933674Z [command]/usr/bin/git checkout --progress --force refs/remotes/pull/368/merge
2025-08-25T15:37:30.8170470Z Note: switching to 'refs/remotes/pull/368/merge'.
2025-08-25T15:37:30.8171064Z 
2025-08-25T15:37:30.8171411Z You are in 'detached HEAD' state. You can look around, make experimental
2025-08-25T15:37:30.8171998Z changes and commit them, and you can discard any commits you make in this
2025-08-25T15:37:30.8172516Z state without impacting any branches by switching back to a branch.
2025-08-25T15:37:30.8172822Z 
2025-08-25T15:37:30.8173024Z If you want to create a new branch to retain commits you create, you may
2025-08-25T15:37:30.8173584Z do so (now or later) by using -c with the switch command. Example:
2025-08-25T15:37:30.8173860Z 
2025-08-25T15:37:30.8173965Z   git switch -c <new-branch-name>
2025-08-25T15:37:30.8174150Z 
2025-08-25T15:37:30.8174249Z Or undo this operation with:
2025-08-25T15:37:30.8174424Z 
2025-08-25T15:37:30.8174508Z   git switch -
2025-08-25T15:37:30.8174644Z 
2025-08-25T15:37:30.8174875Z Turn off this advice by setting config variable advice.detachedHead to false
2025-08-25T15:37:30.8175202Z 
2025-08-25T15:37:30.8175592Z HEAD is now at 5e121e58 Merge d606c92da01b9f26b423db0fc4c8ba88c3101e2e into 1ba40a1fac019c0636d1813f4b02d6d07687aeb6
2025-08-25T15:37:30.8181902Z ##[endgroup]
2025-08-25T15:37:30.8219075Z [command]/usr/bin/git log -1 --format=%H
2025-08-25T15:37:30.8241951Z 5e121e581a63b7da8d3f6e175eee878fca11b0fa
2025-08-25T15:37:30.8405641Z ##[group]Run cat .env.ci >> "$GITHUB_ENV"
2025-08-25T15:37:30.8405991Z [36;1mcat .env.ci >> "$GITHUB_ENV"[0m
2025-08-25T15:37:30.8406679Z [36;1mecho "DATABASE_URL=***localhost:5432/awa" >> "$GITHUB_ENV"[0m
2025-08-25T15:37:30.8407040Z [36;1mecho "PG_HOST=localhost" >> "$GITHUB_ENV"[0m
2025-08-25T15:37:30.8407327Z [36;1mecho "PG_PORT=5432" >> "$GITHUB_ENV"[0m
2025-08-25T15:37:30.8407615Z [36;1mecho "PG_USER=postgres" >> "$GITHUB_ENV"[0m
2025-08-25T15:37:30.8407923Z [36;1mecho "PG_PASSWORD=pass" >> "$GITHUB_ENV"[0m
2025-08-25T15:37:30.8408223Z [36;1mecho "PG_DATABASE=awa" >> "$GITHUB_ENV"[0m
2025-08-25T15:37:30.8408759Z [36;1mecho "TESTING=1" >> "$GITHUB_ENV"[0m
2025-08-25T15:37:30.8453665Z shell: /usr/bin/bash -e {0}
2025-08-25T15:37:30.8453913Z ##[endgroup]
2025-08-25T15:37:30.8628159Z ##[group]Run actions/setup-python@v5
2025-08-25T15:37:30.8628688Z with:
2025-08-25T15:37:30.8628888Z   python-version: 3.11
2025-08-25T15:37:30.8629095Z   cache: pip
2025-08-25T15:37:30.8629321Z   cache-dependency-path: requirements-dev.txt

2025-08-25T15:37:30.8629601Z   check-latest: false
2025-08-25T15:37:30.8629919Z   token: ***
2025-08-25T15:37:30.8630108Z   update-environment: true
2025-08-25T15:37:30.8630352Z   allow-prereleases: false
2025-08-25T15:37:30.8630559Z   freethreaded: false
2025-08-25T15:37:30.8630745Z env:
2025-08-25T15:37:30.8630904Z   PG_USER: postgres
2025-08-25T15:37:30.8631083Z   PG_PASSWORD: pass
2025-08-25T15:37:30.8631263Z   PG_DATABASE: awa
2025-08-25T15:37:30.8631446Z   PG_HOST: localhost
2025-08-25T15:37:30.8631629Z   PG_PORT: 5432
2025-08-25T15:37:30.8632008Z   PG_SYNC_DSN: ***localhost:5432/awa
2025-08-25T15:37:30.8632397Z   PG_ASYNC_DSN: ***localhost:5432/awa
2025-08-25T15:37:30.8632771Z   DATABASE_URL: ***localhost:5432/awa
2025-08-25T15:37:30.8633026Z   DATA_DIR: /tmp/awa-data
2025-08-25T15:37:30.8633221Z   ENABLE_LIVE: 0
2025-08-25T15:37:30.8633393Z   TESTING: 1
2025-08-25T15:37:30.8633550Z ##[endgroup]
2025-08-25T15:37:31.0260540Z ##[group]Installed versions
2025-08-25T15:37:31.0359534Z Successfully set up CPython (3.11.13)
2025-08-25T15:37:31.0360305Z ##[endgroup]
2025-08-25T15:37:31.0637437Z [command]/opt/hostedtoolcache/Python/3.11.13/x64/bin/pip cache dir
2025-08-25T15:37:31.3556311Z /home/runner/.cache/pip
2025-08-25T15:37:31.7134833Z Cache hit for: setup-python-Linux-x64-24.04-Ubuntu-python-3.11.13-pip-cc13ccef493b9f3a93ad5651164d9fb09282c1111f6f72ce20e0657de16de6b4
2025-08-25T15:37:33.0282967Z Received 0 of 309815432 (0.0%), 0.0 MBs/sec
2025-08-25T15:37:34.0289556Z Received 125829120 of 309815432 (40.6%), 60.0 MBs/sec
2025-08-25T15:37:35.0296078Z Received 226492416 of 309815432 (73.1%), 72.0 MBs/sec
2025-08-25T15:37:36.0046041Z Received 309815432 of 309815432 (100.0%), 74.3 MBs/sec
2025-08-25T15:37:36.0048785Z Cache Size: ~295 MB (309815432 B)
2025-08-25T15:37:36.0163273Z [command]/usr/bin/tar -xf /home/runner/work/_temp/eeb1bf1c-87b0-4941-977b-4d2b4f676eb8/cache.tzst -P -C /home/runner/work/AWA-App/AWA-App --use-compress-program unzstd
2025-08-25T15:37:36.5338093Z Cache restored successfully
2025-08-25T15:37:36.5921885Z Cache restored from key: setup-python-Linux-x64-24.04-Ubuntu-python-3.11.13-pip-cc13ccef493b9f3a93ad5651164d9fb09282c1111f6f72ce20e0657de16de6b4
2025-08-25T15:37:36.6614709Z ##[group]Run actions/cache@v4
2025-08-25T15:37:36.6614982Z with:
2025-08-25T15:37:36.6615298Z   path: ~/.cache/pip
.pytest_cache
~/.ruff_cache

2025-08-25T15:37:36.6615914Z   key: Linux-int-cc13ccef493b9f3a93ad5651164d9fb09282c1111f6f72ce20e0657de16de6b4
2025-08-25T15:37:36.6616372Z   restore-keys: Linux-int-
2025-08-25T15:37:36.6616615Z   enableCrossOsArchive: false
2025-08-25T15:37:36.6616838Z   fail-on-cache-miss: false
2025-08-25T15:37:36.6617053Z   lookup-only: false
2025-08-25T15:37:36.6617244Z   save-always: false
2025-08-25T15:37:36.6617418Z env:
2025-08-25T15:37:36.6617786Z   PG_USER: postgres
2025-08-25T15:37:36.6617978Z   PG_PASSWORD: pass
2025-08-25T15:37:36.6618165Z   PG_DATABASE: awa
2025-08-25T15:37:36.6618351Z   PG_HOST: localhost
2025-08-25T15:37:36.6618789Z   PG_PORT: 5432
2025-08-25T15:37:36.6619304Z   PG_SYNC_DSN: ***localhost:5432/awa
2025-08-25T15:37:36.6619768Z   PG_ASYNC_DSN: ***localhost:5432/awa
2025-08-25T15:37:36.6620194Z   DATABASE_URL: ***localhost:5432/awa
2025-08-25T15:37:36.6620431Z   DATA_DIR: /tmp/awa-data
2025-08-25T15:37:36.6620641Z   ENABLE_LIVE: 0
2025-08-25T15:37:36.6620820Z   TESTING: 1
2025-08-25T15:37:36.6621056Z   pythonLocation: /opt/hostedtoolcache/Python/3.11.13/x64
2025-08-25T15:37:36.6621468Z   PKG_CONFIG_PATH: /opt/hostedtoolcache/Python/3.11.13/x64/lib/pkgconfig
2025-08-25T15:37:36.6621872Z   Python_ROOT_DIR: /opt/hostedtoolcache/Python/3.11.13/x64
2025-08-25T15:37:36.6622225Z   Python2_ROOT_DIR: /opt/hostedtoolcache/Python/3.11.13/x64
2025-08-25T15:37:36.6622573Z   Python3_ROOT_DIR: /opt/hostedtoolcache/Python/3.11.13/x64
2025-08-25T15:37:36.6622927Z   LD_LIBRARY_PATH: /opt/hostedtoolcache/Python/3.11.13/x64/lib
2025-08-25T15:37:36.6623233Z ##[endgroup]
2025-08-25T15:37:37.0793626Z Cache hit for: Linux-int-cc13ccef493b9f3a93ad5651164d9fb09282c1111f6f72ce20e0657de16de6b4
2025-08-25T15:37:38.3988173Z Received 4194304 of 309817358 (1.4%), 4.0 MBs/sec
2025-08-25T15:37:39.3993688Z Received 109051904 of 309817358 (35.2%), 52.0 MBs/sec
2025-08-25T15:37:40.4041116Z Received 209715200 of 309817358 (67.7%), 66.6 MBs/sec
2025-08-25T15:37:41.4003880Z Received 305623054 of 309817358 (98.6%), 72.8 MBs/sec
2025-08-25T15:37:41.5742807Z Received 309817358 of 309817358 (100.0%), 70.8 MBs/sec
2025-08-25T15:37:41.5745251Z Cache Size: ~295 MB (309817358 B)
2025-08-25T15:37:41.5804446Z [command]/usr/bin/tar -xf /home/runner/work/_temp/866b176a-5705-49ae-8e1b-5ba3d4ebea0c/cache.tzst -P -C /home/runner/work/AWA-App/AWA-App --use-compress-program unzstd
2025-08-25T15:37:42.1335383Z Cache restored successfully
2025-08-25T15:37:42.1992719Z Cache restored from key: Linux-int-cc13ccef493b9f3a93ad5651164d9fb09282c1111f6f72ce20e0657de16de6b4
2025-08-25T15:37:42.2108273Z ##[group]Run pip install --break-system-packages -r requirements-dev.txt
2025-08-25T15:37:42.2109213Z [36;1mpip install --break-system-packages -r requirements-dev.txt[0m
2025-08-25T15:37:42.2109953Z [36;1mpip install --break-system-packages keepa==1.3.15 minio==7.1.15[0m
2025-08-25T15:37:42.2151453Z shell: /usr/bin/bash -e {0}
2025-08-25T15:37:42.2151689Z env:
2025-08-25T15:37:42.2151869Z   PG_USER: postgres
2025-08-25T15:37:42.2152083Z   PG_PASSWORD: pass
2025-08-25T15:37:42.2152282Z   PG_DATABASE: awa
2025-08-25T15:37:42.2152481Z   PG_HOST: localhost
2025-08-25T15:37:42.2152676Z   PG_PORT: 5432
2025-08-25T15:37:42.2153311Z   PG_SYNC_DSN: ***localhost:5432/awa
2025-08-25T15:37:42.2153742Z   PG_ASYNC_DSN: ***localhost:5432/awa
2025-08-25T15:37:42.2154142Z   DATABASE_URL: ***localhost:5432/awa
2025-08-25T15:37:42.2154382Z   DATA_DIR: /tmp/awa-data
2025-08-25T15:37:42.2154594Z   ENABLE_LIVE: 0
2025-08-25T15:37:42.2154773Z   TESTING: 1
2025-08-25T15:37:42.2155047Z   pythonLocation: /opt/hostedtoolcache/Python/3.11.13/x64
2025-08-25T15:37:42.2155455Z   PKG_CONFIG_PATH: /opt/hostedtoolcache/Python/3.11.13/x64/lib/pkgconfig
2025-08-25T15:37:42.2155848Z   Python_ROOT_DIR: /opt/hostedtoolcache/Python/3.11.13/x64
2025-08-25T15:37:42.2156206Z   Python2_ROOT_DIR: /opt/hostedtoolcache/Python/3.11.13/x64
2025-08-25T15:37:42.2156560Z   Python3_ROOT_DIR: /opt/hostedtoolcache/Python/3.11.13/x64
2025-08-25T15:37:42.2156919Z   LD_LIBRARY_PATH: /opt/hostedtoolcache/Python/3.11.13/x64/lib
2025-08-25T15:37:42.2157218Z ##[endgroup]
2025-08-25T15:37:42.8139879Z Collecting Jinja2==3.1.6 (from -r requirements-dev.txt (line 2))
2025-08-25T15:37:42.8155911Z   Using cached jinja2-3.1.6-py3-none-any.whl.metadata (2.9 kB)
2025-08-25T15:37:42.8348261Z Collecting alembic==1.16.4 (from -r requirements-dev.txt (line 3))
2025-08-25T15:37:42.8362899Z   Using cached alembic-1.16.4-py3-none-any.whl.metadata (7.3 kB)
2025-08-25T15:37:42.8498684Z Collecting apscheduler==3.10.4 (from -r requirements-dev.txt (line 4))
2025-08-25T15:37:42.8512336Z   Using cached APScheduler-3.10.4-py3-none-any.whl.metadata (5.7 kB)
2025-08-25T15:37:42.8653753Z Collecting asgi-correlation-id==4.3.1 (from -r requirements-dev.txt (line 5))
2025-08-25T15:37:42.8668147Z   Using cached asgi_correlation_id-4.3.1-py3-none-any.whl.metadata (28 kB)
2025-08-25T15:37:42.9124006Z Collecting asyncpg==0.30.0 (from -r requirements-dev.txt (line 6))
2025-08-25T15:37:42.9137800Z   Using cached asyncpg-0.30.0-cp311-cp311-manylinux_2_17_x86_64.manylinux2014_x86_64.whl.metadata (5.0 kB)
2025-08-25T15:37:42.9541209Z Collecting black==25.1.0 (from -r requirements-dev.txt (line 7))
2025-08-25T15:37:42.9555193Z   Using cached black-25.1.0-cp311-cp311-manylinux_2_17_x86_64.manylinux2014_x86_64.manylinux_2_28_x86_64.whl.metadata (81 kB)
2025-08-25T15:37:43.2703231Z Collecting boto3 (from -r requirements-dev.txt (line 8))
2025-08-25T15:37:43.3151164Z   Downloading boto3-1.40.16-py3-none-any.whl.metadata (6.7 kB)
2025-08-25T15:37:43.3431094Z Collecting redis==6.* (from -r requirements-dev.txt (line 9))
2025-08-25T15:37:43.3444867Z   Using cached redis-6.4.0-py3-none-any.whl.metadata (10 kB)
2025-08-25T15:37:43.3721269Z Collecting minio==7.* (from -r requirements-dev.txt (line 10))
2025-08-25T15:37:43.3734205Z   Using cached minio-7.2.16-py3-none-any.whl.metadata (6.5 kB)
2025-08-25T15:37:43.3868389Z Collecting vulture==2.10 (from -r requirements-dev.txt (line 11))
2025-08-25T15:37:43.3881533Z   Using cached vulture-2.10-py2.py3-none-any.whl.metadata (23 kB)
2025-08-25T15:37:43.4161772Z Collecting celery==5.5.3 (from -r requirements-dev.txt (line 12))
2025-08-25T15:37:43.4174905Z   Using cached celery-5.5.3-py3-none-any.whl.metadata (22 kB)
2025-08-25T15:37:43.4686903Z Collecting fastapi==0.116.1 (from -r requirements-dev.txt (line 13))
2025-08-25T15:37:43.4700133Z   Using cached fastapi-0.116.1-py3-none-any.whl.metadata (28 kB)
2025-08-25T15:37:43.4832319Z Collecting fastapi-limiter==0.1.6 (from -r requirements-dev.txt (line 15))
2025-08-25T15:37:43.4845318Z   Using cached fastapi_limiter-0.1.6-py3-none-any.whl.metadata (5.3 kB)
2025-08-25T15:37:43.5007531Z Collecting httpx<0.29,>=0.27 (from -r requirements-dev.txt (line 16))
2025-08-25T15:37:43.5020719Z   Using cached httpx-0.28.1-py3-none-any.whl.metadata (7.1 kB)
2025-08-25T15:37:43.5127579Z Collecting imapclient==3.0.1 (from -r requirements-dev.txt (line 17))
2025-08-25T15:37:43.5140676Z   Using cached IMAPClient-3.0.1-py2.py3-none-any.whl.metadata (1.7 kB)
2025-08-25T15:37:43.5220805Z Collecting itsdangerous (from -r requirements-dev.txt (line 18))
2025-08-25T15:37:43.5233722Z   Using cached itsdangerous-2.2.0-py3-none-any.whl.metadata (1.9 kB)
2025-08-25T15:37:43.6277890Z Collecting mypy==1.* (from -r requirements-dev.txt (line 19))
2025-08-25T15:37:43.6293190Z   Using cached mypy-1.17.1-cp311-cp311-manylinux2014_x86_64.manylinux_2_17_x86_64.manylinux_2_28_x86_64.whl.metadata (2.2 kB)
2025-08-25T15:37:43.6373560Z Collecting mypy-extensions==1.1.0 (from -r requirements-dev.txt (line 20))
2025-08-25T15:37:43.6386469Z   Using cached mypy_extensions-1.1.0-py3-none-any.whl.metadata (1.1 kB)
2025-08-25T15:37:43.7933863Z Collecting numpy<2 (from -r requirements-dev.txt (line 21))
2025-08-25T15:37:43.7949348Z   Using cached numpy-1.26.4-cp311-cp311-manylinux_2_17_x86_64.manylinux2014_x86_64.whl.metadata (61 kB)
2025-08-25T15:37:43.8168965Z Collecting openpyxl==3.1.5 (from -r requirements-dev.txt (line 22))
2025-08-25T15:37:43.8182173Z   Using cached openpyxl-3.1.5-py2.py3-none-any.whl.metadata (2.5 kB)
2025-08-25T15:37:43.9272656Z Collecting pandas==2.2.* (from -r requirements-dev.txt (line 23))
2025-08-25T15:37:43.9291639Z   Using cached pandas-2.2.3-cp311-cp311-manylinux_2_17_x86_64.manylinux2014_x86_64.whl.metadata (89 kB)
2025-08-25T15:37:44.0149188Z Collecting psycopg2-binary==2.9.10 (from -r requirements-dev.txt (line 24))
2025-08-25T15:37:44.0163853Z   Using cached psycopg2_binary-2.9.10-cp311-cp311-manylinux_2_17_x86_64.manylinux2014_x86_64.whl.metadata (4.9 kB)
2025-08-25T15:37:44.0298108Z Collecting psycopg==3.2.9 (from psycopg[binary]==3.2.9->-r requirements-dev.txt (line 25))
2025-08-25T15:37:44.0576282Z   Using cached psycopg-3.2.9-py3-none-any.whl.metadata (4.5 kB)
2025-08-25T15:37:44.1576053Z Collecting pydantic==2.11.7 (from -r requirements-dev.txt (line 26))
2025-08-25T15:37:44.1590689Z   Using cached pydantic-2.11.7-py3-none-any.whl.metadata (67 kB)
2025-08-25T15:37:44.1629103Z Requirement already satisfied: setuptools in /opt/hostedtoolcache/Python/3.11.13/x64/lib/python3.11/site-packages (from -r requirements-dev.txt (line 27)) (65.5.0)
2025-08-25T15:37:44.1775245Z Collecting pytest-asyncio==1.1.0 (from -r requirements-dev.txt (line 28))
2025-08-25T15:37:44.1788104Z   Using cached pytest_asyncio-1.1.0-py3-none-any.whl.metadata (4.1 kB)
2025-08-25T15:37:44.1909597Z Collecting pytest-cov==6.2.1 (from -r requirements-dev.txt (line 29))
2025-08-25T15:37:44.1922505Z   Using cached pytest_cov-6.2.1-py3-none-any.whl.metadata (30 kB)
2025-08-25T15:37:44.2061799Z Collecting pytest-postgresql==7.0.2 (from -r requirements-dev.txt (line 30))
2025-08-25T15:37:44.2074607Z   Using cached pytest_postgresql-7.0.2-py3-none-any.whl.metadata (18 kB)
2025-08-25T15:37:44.2219661Z Collecting python-dotenv (from -r requirements-dev.txt (line 31))
2025-08-25T15:37:44.2232681Z   Using cached python_dotenv-1.1.1-py3-none-any.whl.metadata (24 kB)
2025-08-25T15:37:44.2332326Z Collecting python-multipart (from -r requirements-dev.txt (line 32))
2025-08-25T15:37:44.2345464Z   Using cached python_multipart-0.0.20-py3-none-any.whl.metadata (1.8 kB)
2025-08-25T15:37:44.2611806Z Collecting python-telegram-bot==22.3 (from -r requirements-dev.txt (line 33))
2025-08-25T15:37:44.2624730Z   Using cached python_telegram_bot-22.3-py3-none-any.whl.metadata (17 kB)
2025-08-25T15:37:44.2869131Z Collecting requests==2.32.4 (from -r requirements-dev.txt (line 34))
2025-08-25T15:37:44.2884036Z   Using cached requests-2.32.4-py3-none-any.whl.metadata (4.9 kB)
2025-08-25T15:37:44.3020624Z Collecting respx==0.22.0 (from -r requirements-dev.txt (line 35))
2025-08-25T15:37:44.3033764Z   Using cached respx-0.22.0-py2.py3-none-any.whl.metadata (4.1 kB)
2025-08-25T15:37:44.6585231Z Collecting ruff==0.9.9 (from -r requirements-dev.txt (line 36))
2025-08-25T15:37:44.6600306Z   Using cached ruff-0.9.9-py3-none-manylinux_2_17_x86_64.manylinux2014_x86_64.whl.metadata (25 kB)
2025-08-25T15:37:44.8989223Z Collecting sqlalchemy==2.0.43 (from -r requirements-dev.txt (line 37))
2025-08-25T15:37:44.9008802Z   Using cached sqlalchemy-2.0.43-cp311-cp311-manylinux_2_17_x86_64.manylinux2014_x86_64.whl.metadata (9.6 kB)
2025-08-25T15:37:44.9201286Z Collecting structlog==24.1.0 (from -r requirements-dev.txt (line 38))
2025-08-25T15:37:44.9214136Z   Using cached structlog-24.1.0-py3-none-any.whl.metadata (6.9 kB)
2025-08-25T15:37:44.9354945Z Collecting testcontainers==4.12.0 (from testcontainers[postgres]==4.12.0->-r requirements-dev.txt (line 39))
2025-08-25T15:37:44.9367682Z   Using cached testcontainers-4.12.0-py3-none-any.whl.metadata (8.3 kB)
2025-08-25T15:37:44.9729639Z Collecting types-requests==2.32.4.20250809 (from -r requirements-dev.txt (line 40))
2025-08-25T15:37:44.9742529Z   Using cached types_requests-2.32.4.20250809-py3-none-any.whl.metadata (2.0 kB)
2025-08-25T15:37:44.9840724Z Collecting docspec-python==2.2.2 (from -r requirements-dev.txt (line 41))
2025-08-25T15:37:44.9853454Z   Using cached docspec_python-2.2.2-py3-none-any.whl.metadata (1.0 kB)
2025-08-25T15:37:44.9998631Z Collecting pydoc-markdown==4.8.2 (from -r requirements-dev.txt (line 42))
2025-08-25T15:37:45.0011619Z   Using cached pydoc_markdown-4.8.2-py3-none-any.whl.metadata (5.9 kB)
2025-08-25T15:37:45.0299592Z Collecting pandera==0.19.* (from -r requirements-dev.txt (line 43))
2025-08-25T15:37:45.0312744Z   Using cached pandera-0.19.3-py3-none-any.whl.metadata (15 kB)
2025-08-25T15:37:45.1307209Z Collecting MarkupSafe>=2.0 (from Jinja2==3.1.6->-r requirements-dev.txt (line 2))
2025-08-25T15:37:45.1324381Z   Using cached MarkupSafe-3.0.2-cp311-cp311-manylinux_2_17_x86_64.manylinux2014_x86_64.whl.metadata (4.0 kB)
2025-08-25T15:37:45.1556586Z Collecting Mako (from alembic==1.16.4->-r requirements-dev.txt (line 3))
2025-08-25T15:37:45.1570112Z   Using cached mako-1.3.10-py3-none-any.whl.metadata (2.9 kB)
2025-08-25T15:37:45.1723475Z Collecting typing-extensions>=4.12 (from alembic==1.16.4->-r requirements-dev.txt (line 3))
2025-08-25T15:37:45.1759392Z   Downloading typing_extensions-4.15.0-py3-none-any.whl.metadata (3.3 kB)
2025-08-25T15:37:45.1895388Z Collecting six>=1.4.0 (from apscheduler==3.10.4->-r requirements-dev.txt (line 4))
2025-08-25T15:37:45.1909043Z   Using cached six-1.17.0-py2.py3-none-any.whl.metadata (1.7 kB)
2025-08-25T15:37:45.2211002Z Collecting pytz (from apscheduler==3.10.4->-r requirements-dev.txt (line 4))
2025-08-25T15:37:45.2224920Z   Using cached pytz-2025.2-py2.py3-none-any.whl.metadata (22 kB)
2025-08-25T15:37:45.2369401Z Collecting tzlocal!=3.*,>=2.0 (from apscheduler==3.10.4->-r requirements-dev.txt (line 4))
2025-08-25T15:37:45.2383512Z   Using cached tzlocal-5.3.1-py3-none-any.whl.metadata (7.6 kB)
2025-08-25T15:37:45.2680238Z Collecting starlette>=0.18 (from asgi-correlation-id==4.3.1->-r requirements-dev.txt (line 5))
2025-08-25T15:37:45.2757183Z   Downloading starlette-0.47.3-py3-none-any.whl.metadata (6.2 kB)
2025-08-25T15:37:45.2947412Z Collecting click>=8.0.0 (from black==25.1.0->-r requirements-dev.txt (line 7))
2025-08-25T15:37:45.2960828Z   Using cached click-8.2.1-py3-none-any.whl.metadata (2.5 kB)
2025-08-25T15:37:45.3152958Z Collecting packaging>=22.0 (from black==25.1.0->-r requirements-dev.txt (line 7))
2025-08-25T15:37:45.3165860Z   Using cached packaging-25.0-py3-none-any.whl.metadata (3.3 kB)
2025-08-25T15:37:45.3256724Z Collecting pathspec>=0.9.0 (from black==25.1.0->-r requirements-dev.txt (line 7))
2025-08-25T15:37:45.3269915Z   Using cached pathspec-0.12.1-py3-none-any.whl.metadata (21 kB)
2025-08-25T15:37:45.3432022Z Collecting platformdirs>=2 (from black==25.1.0->-r requirements-dev.txt (line 7))
2025-08-25T15:37:45.3445858Z   Using cached platformdirs-4.3.8-py3-none-any.whl.metadata (12 kB)
2025-08-25T15:37:45.3547368Z Collecting toml (from vulture==2.10->-r requirements-dev.txt (line 11))
2025-08-25T15:37:45.3561048Z   Using cached toml-0.10.2-py2.py3-none-any.whl.metadata (7.1 kB)
2025-08-25T15:37:45.3718785Z Collecting billiard<5.0,>=4.2.1 (from celery==5.5.3->-r requirements-dev.txt (line 12))
2025-08-25T15:37:45.3732264Z   Using cached billiard-4.2.1-py3-none-any.whl.metadata (4.4 kB)
2025-08-25T15:37:45.3974137Z Collecting kombu<5.6,>=5.5.2 (from celery==5.5.3->-r requirements-dev.txt (line 12))
2025-08-25T15:37:45.3987564Z   Using cached kombu-5.5.4-py3-none-any.whl.metadata (3.5 kB)
2025-08-25T15:37:45.4131852Z Collecting vine<6.0,>=5.1.0 (from celery==5.5.3->-r requirements-dev.txt (line 12))
2025-08-25T15:37:45.4145071Z   Using cached vine-5.1.0-py3-none-any.whl.metadata (2.7 kB)
2025-08-25T15:37:45.4270876Z Collecting click-didyoumean>=0.3.0 (from celery==5.5.3->-r requirements-dev.txt (line 12))
2025-08-25T15:37:45.4284277Z   Using cached click_didyoumean-0.3.1-py3-none-any.whl.metadata (3.9 kB)
2025-08-25T15:37:45.4375581Z Collecting click-repl>=0.2.0 (from celery==5.5.3->-r requirements-dev.txt (line 12))
2025-08-25T15:37:45.4389392Z   Using cached click_repl-0.3.0-py3-none-any.whl.metadata (3.6 kB)
2025-08-25T15:37:45.4482352Z Collecting click-plugins>=1.1.1 (from celery==5.5.3->-r requirements-dev.txt (line 12))
2025-08-25T15:37:45.4495718Z   Using cached click_plugins-1.1.1.2-py2.py3-none-any.whl.metadata (6.5 kB)
2025-08-25T15:37:45.4594661Z Collecting python-dateutil>=2.8.2 (from celery==5.5.3->-r requirements-dev.txt (line 12))
2025-08-25T15:37:45.4608251Z   Using cached python_dateutil-2.9.0.post0-py2.py3-none-any.whl.metadata (8.4 kB)
2025-08-25T15:37:45.5095492Z Collecting annotated-types>=0.6.0 (from pydantic==2.11.7->-r requirements-dev.txt (line 26))
2025-08-25T15:37:45.5109126Z   Using cached annotated_types-0.7.0-py3-none-any.whl.metadata (15 kB)
2025-08-25T15:37:46.1813870Z Collecting pydantic-core==2.33.2 (from pydantic==2.11.7->-r requirements-dev.txt (line 26))
2025-08-25T15:37:46.1829581Z   Using cached pydantic_core-2.33.2-cp311-cp311-manylinux_2_17_x86_64.manylinux2014_x86_64.whl.metadata (6.8 kB)
2025-08-25T15:37:46.1946774Z Collecting typing-inspection>=0.4.0 (from pydantic==2.11.7->-r requirements-dev.txt (line 26))
2025-08-25T15:37:46.1960158Z   Using cached typing_inspection-0.4.1-py3-none-any.whl.metadata (2.6 kB)
2025-08-25T15:37:46.2194235Z Collecting et-xmlfile (from openpyxl==3.1.5->-r requirements-dev.txt (line 22))
2025-08-25T15:37:46.2207212Z   Using cached et_xmlfile-2.0.0-py3-none-any.whl.metadata (2.7 kB)
2025-08-25T15:37:46.2593801Z Collecting pytest<9,>=8.2 (from pytest-asyncio==1.1.0->-r requirements-dev.txt (line 28))
2025-08-25T15:37:46.2607010Z   Using cached pytest-8.4.1-py3-none-any.whl.metadata (7.7 kB)
2025-08-25T15:37:46.6547160Z Collecting coverage>=7.5 (from coverage[toml]>=7.5->pytest-cov==6.2.1->-r requirements-dev.txt (line 29))
2025-08-25T15:37:46.6595425Z   Downloading coverage-7.10.5-cp311-cp311-manylinux1_x86_64.manylinux_2_28_x86_64.manylinux_2_5_x86_64.whl.metadata (8.9 kB)
2025-08-25T15:37:46.6721276Z Collecting pluggy>=1.2 (from pytest-cov==6.2.1->-r requirements-dev.txt (line 29))
2025-08-25T15:37:46.6734575Z   Using cached pluggy-1.6.0-py3-none-any.whl.metadata (4.8 kB)
2025-08-25T15:37:46.6969570Z Collecting port-for>=0.7.3 (from pytest-postgresql==7.0.2->-r requirements-dev.txt (line 30))
2025-08-25T15:37:46.6982714Z   Using cached port_for-0.7.4-py3-none-any.whl.metadata (7.1 kB)
2025-08-25T15:37:46.7104635Z Collecting mirakuru>=2.6.0 (from pytest-postgresql==7.0.2->-r requirements-dev.txt (line 30))
2025-08-25T15:37:46.7117356Z   Using cached mirakuru-2.6.1-py3-none-any.whl.metadata (10 kB)
2025-08-25T15:37:46.7867538Z Collecting charset_normalizer<4,>=2 (from requests==2.32.4->-r requirements-dev.txt (line 34))
2025-08-25T15:37:46.7881746Z   Using cached charset_normalizer-3.4.3-cp311-cp311-manylinux2014_x86_64.manylinux_2_17_x86_64.manylinux_2_28_x86_64.whl.metadata (36 kB)
2025-08-25T15:37:46.8007698Z Collecting idna<4,>=2.5 (from requests==2.32.4->-r requirements-dev.txt (line 34))
2025-08-25T15:37:46.8020761Z   Using cached idna-3.10-py3-none-any.whl.metadata (10 kB)
2025-08-25T15:37:46.8262177Z Collecting urllib3<3,>=1.21.1 (from requests==2.32.4->-r requirements-dev.txt (line 34))
2025-08-25T15:37:46.8275452Z   Using cached urllib3-2.5.0-py3-none-any.whl.metadata (6.5 kB)
2025-08-25T15:37:46.8449872Z Collecting certifi>=2017.4.17 (from requests==2.32.4->-r requirements-dev.txt (line 34))
2025-08-25T15:37:46.8462843Z   Using cached certifi-2025.8.3-py3-none-any.whl.metadata (2.4 kB)
2025-08-25T15:37:46.9631511Z Collecting greenlet>=1 (from sqlalchemy==2.0.43->-r requirements-dev.txt (line 37))
2025-08-25T15:37:46.9645536Z   Using cached greenlet-3.2.4-cp311-cp311-manylinux_2_24_x86_64.manylinux_2_28_x86_64.whl.metadata (4.1 kB)
2025-08-25T15:37:46.9842400Z Collecting docker (from testcontainers==4.12.0->testcontainers[postgres]==4.12.0->-r requirements-dev.txt (line 39))
2025-08-25T15:37:46.9855177Z   Using cached docker-7.1.0-py3-none-any.whl.metadata (3.8 kB)
2025-08-25T15:37:47.0754224Z Collecting wrapt (from testcontainers==4.12.0->testcontainers[postgres]==4.12.0->-r requirements-dev.txt (line 39))
2025-08-25T15:37:47.0769350Z   Using cached wrapt-1.17.3-cp311-cp311-manylinux1_x86_64.manylinux_2_28_x86_64.manylinux_2_5_x86_64.whl.metadata (6.4 kB)
2025-08-25T15:37:47.0980205Z Collecting docspec==2.2.1 (from docspec-python==2.2.2->-r requirements-dev.txt (line 41))
2025-08-25T15:37:47.0993748Z   Using cached docspec-2.2.1-py3-none-any.whl.metadata (1.5 kB)
2025-08-25T15:37:47.1125090Z Collecting nr-util>=0.8.12 (from docspec-python==2.2.2->-r requirements-dev.txt (line 41))
2025-08-25T15:37:47.1138419Z   Using cached nr.util-0.8.12-py3-none-any.whl.metadata (813 bytes)
2025-08-25T15:37:47.1447299Z Collecting PyYAML<7.0,>=5.0 (from pydoc-markdown==4.8.2->-r requirements-dev.txt (line 42))
2025-08-25T15:37:47.1461443Z   Using cached PyYAML-6.0.2-cp311-cp311-manylinux_2_17_x86_64.manylinux2014_x86_64.whl.metadata (2.1 kB)
2025-08-25T15:37:47.1710101Z Collecting databind.core<5.0.0,>=4.4.0 (from pydoc-markdown==4.8.2->-r requirements-dev.txt (line 42))
2025-08-25T15:37:47.1723766Z   Using cached databind.core-4.5.2-py3-none-any.whl.metadata (1.1 kB)
2025-08-25T15:37:47.1905439Z Collecting databind.json<5.0.0,>=4.4.0 (from pydoc-markdown==4.8.2->-r requirements-dev.txt (line 42))
2025-08-25T15:37:47.1918959Z   Using cached databind.json-4.5.2-py3-none-any.whl.metadata (1.1 kB)
2025-08-25T15:37:47.2029024Z Collecting docstring-parser<0.12,>=0.11 (from pydoc-markdown==4.8.2->-r requirements-dev.txt (line 42))
2025-08-25T15:37:47.2030134Z   Using cached docstring_parser-0.11-py3-none-any.whl
2025-08-25T15:37:47.2306524Z Collecting tomli<3.0.0,>=2.0.0 (from pydoc-markdown==4.8.2->-r requirements-dev.txt (line 42))
2025-08-25T15:37:47.2320713Z   Using cached tomli-2.2.1-cp311-cp311-manylinux_2_17_x86_64.manylinux2014_x86_64.whl.metadata (11 kB)
2025-08-25T15:37:47.2401417Z Collecting tomli_w<2.0.0,>=1.0.0 (from pydoc-markdown==4.8.2->-r requirements-dev.txt (line 42))
2025-08-25T15:37:47.2414693Z   Using cached tomli_w-1.2.0-py3-none-any.whl.metadata (5.7 kB)
2025-08-25T15:37:47.2825473Z Collecting watchdog (from pydoc-markdown==4.8.2->-r requirements-dev.txt (line 42))
2025-08-25T15:37:47.2839296Z   Using cached watchdog-6.0.0-py3-none-manylinux2014_x86_64.whl.metadata (44 kB)
2025-08-25T15:37:47.3009472Z Collecting yapf>=0.30.0 (from pydoc-markdown==4.8.2->-r requirements-dev.txt (line 42))
2025-08-25T15:37:47.3022765Z   Using cached yapf-0.43.0-py3-none-any.whl.metadata (46 kB)
2025-08-25T15:37:47.3204847Z Collecting Deprecated<2.0.0,>=1.2.12 (from docspec==2.2.1->docspec-python==2.2.2->-r requirements-dev.txt (line 41))
2025-08-25T15:37:47.3218207Z   Using cached Deprecated-1.2.18-py2.py3-none-any.whl.metadata (5.7 kB)
2025-08-25T15:37:47.4640098Z Collecting psycopg-binary==3.2.9 (from psycopg[binary]==3.2.9->-r requirements-dev.txt (line 25))
2025-08-25T15:37:47.4655648Z   Using cached psycopg_binary-3.2.9-cp311-cp311-manylinux_2_17_x86_64.manylinux2014_x86_64.whl.metadata (2.9 kB)
2025-08-25T15:37:47.4953361Z Collecting argon2-cffi (from minio==7.*->-r requirements-dev.txt (line 10))
2025-08-25T15:37:47.4966801Z   Using cached argon2_cffi-25.1.0-py3-none-any.whl.metadata (4.1 kB)
2025-08-25T15:37:47.5709036Z Collecting pycryptodome (from minio==7.*->-r requirements-dev.txt (line 10))
2025-08-25T15:37:47.5723466Z   Using cached pycryptodome-3.23.0-cp37-abi3-manylinux_2_17_x86_64.manylinux2014_x86_64.whl.metadata (3.4 kB)
2025-08-25T15:37:47.5891345Z Collecting anyio (from httpx<0.29,>=0.27->-r requirements-dev.txt (line 16))
2025-08-25T15:37:47.5904755Z   Using cached anyio-4.10.0-py3-none-any.whl.metadata (4.0 kB)
2025-08-25T15:37:47.6062124Z Collecting httpcore==1.* (from httpx<0.29,>=0.27->-r requirements-dev.txt (line 16))
2025-08-25T15:37:47.6075883Z   Using cached httpcore-1.0.9-py3-none-any.whl.metadata (21 kB)
2025-08-25T15:37:47.6365922Z Collecting tzdata>=2022.7 (from pandas==2.2.*->-r requirements-dev.txt (line 23))
2025-08-25T15:37:47.6379179Z   Using cached tzdata-2025.2-py2.py3-none-any.whl.metadata (1.4 kB)
2025-08-25T15:37:47.6513381Z Collecting multimethod<=1.10.0 (from pandera==0.19.*->-r requirements-dev.txt (line 43))
2025-08-25T15:37:47.6526675Z   Using cached multimethod-1.10-py3-none-any.whl.metadata (8.2 kB)
2025-08-25T15:37:47.7779452Z Collecting typeguard (from pandera==0.19.*->-r requirements-dev.txt (line 43))
2025-08-25T15:37:47.7793794Z   Using cached typeguard-4.4.4-py3-none-any.whl.metadata (3.3 kB)
2025-08-25T15:37:47.7880112Z Collecting typing-inspect>=0.6.0 (from pandera==0.19.*->-r requirements-dev.txt (line 43))
2025-08-25T15:37:47.7892999Z   Using cached typing_inspect-0.9.0-py3-none-any.whl.metadata (1.5 kB)
2025-08-25T15:37:47.8140082Z Collecting databind<5.0.0,>=4.5.2 (from databind.core<5.0.0,>=4.4.0->pydoc-markdown==4.8.2->-r requirements-dev.txt (line 42))
2025-08-25T15:37:47.8152687Z   Using cached databind-4.5.2-py3-none-any.whl.metadata (4.3 kB)
2025-08-25T15:37:47.8249158Z Collecting nr-date<3.0.0,>=2.0.0 (from databind<5.0.0,>=4.5.2->databind.core<5.0.0,>=4.4.0->pydoc-markdown==4.8.2->-r requirements-dev.txt (line 42))
2025-08-25T15:37:47.8261432Z   Using cached nr_date-2.1.0-py3-none-any.whl.metadata (746 bytes)
2025-08-25T15:37:47.8441919Z Collecting nr-stream<2.0.0,>=1.0.0 (from databind<5.0.0,>=4.5.2->databind.core<5.0.0,>=4.4.0->pydoc-markdown==4.8.2->-r requirements-dev.txt (line 42))
2025-08-25T15:37:47.8454698Z   Using cached nr_stream-1.1.5-py3-none-any.whl.metadata (3.6 kB)
2025-08-25T15:37:47.8602653Z Collecting typeapi<3,>=2.0.1 (from databind<5.0.0,>=4.5.2->databind.core<5.0.0,>=4.4.0->pydoc-markdown==4.8.2->-r requirements-dev.txt (line 42))
2025-08-25T15:37:47.8615392Z   Using cached typeapi-2.2.4-py3-none-any.whl.metadata (1.5 kB)
2025-08-25T15:37:47.8854177Z Collecting h11>=0.16 (from httpcore==1.*->httpx<0.29,>=0.27->-r requirements-dev.txt (line 16))
2025-08-25T15:37:47.8867413Z   Using cached h11-0.16.0-py3-none-any.whl.metadata (8.3 kB)
2025-08-25T15:37:47.9065774Z Collecting amqp<6.0.0,>=5.1.1 (from kombu<5.6,>=5.5.2->celery==5.5.3->-r requirements-dev.txt (line 12))
2025-08-25T15:37:47.9078875Z   Using cached amqp-5.3.1-py3-none-any.whl.metadata (8.9 kB)
2025-08-25T15:37:47.9418284Z Collecting iniconfig>=1 (from pytest<9,>=8.2->pytest-asyncio==1.1.0->-r requirements-dev.txt (line 28))
2025-08-25T15:37:47.9431475Z   Using cached iniconfig-2.1.0-py3-none-any.whl.metadata (2.7 kB)
2025-08-25T15:37:47.9606740Z Collecting pygments>=2.7.2 (from pytest<9,>=8.2->pytest-asyncio==1.1.0->-r requirements-dev.txt (line 28))
2025-08-25T15:37:47.9620066Z   Using cached pygments-2.19.2-py3-none-any.whl.metadata (2.5 kB)
2025-08-25T15:37:47.9907548Z Collecting sniffio>=1.1 (from anyio->httpx<0.29,>=0.27->-r requirements-dev.txt (line 16))
2025-08-25T15:37:47.9920847Z   Using cached sniffio-1.3.1-py3-none-any.whl.metadata (3.9 kB)
2025-08-25T15:37:48.3625385Z Collecting botocore<1.41.0,>=1.40.16 (from boto3->-r requirements-dev.txt (line 8))
2025-08-25T15:37:48.3666795Z   Downloading botocore-1.40.16-py3-none-any.whl.metadata (5.7 kB)
2025-08-25T15:37:48.3791909Z Collecting jmespath<2.0.0,>=0.7.1 (from boto3->-r requirements-dev.txt (line 8))
2025-08-25T15:37:48.3805499Z   Using cached jmespath-1.0.1-py3-none-any.whl.metadata (7.6 kB)
2025-08-25T15:37:48.3946386Z Collecting s3transfer<0.14.0,>=0.13.0 (from boto3->-r requirements-dev.txt (line 8))
2025-08-25T15:37:48.3960189Z   Using cached s3transfer-0.13.1-py3-none-any.whl.metadata (1.7 kB)
2025-08-25T15:37:48.5853080Z Collecting fastapi-cli>=0.0.8 (from fastapi-cli[standard]>=0.0.8; extra == "all"->fastapi[all]->-r requirements-dev.txt (line 14))
2025-08-25T15:37:48.5866007Z   Using cached fastapi_cli-0.0.8-py3-none-any.whl.metadata (6.3 kB)
2025-08-25T15:37:48.6544139Z Collecting ujson!=4.0.2,!=4.1.0,!=4.2.0,!=4.3.0,!=5.0.0,!=5.1.0,>=4.0.1 (from fastapi[all]->-r requirements-dev.txt (line 14))
2025-08-25T15:37:48.6558087Z   Using cached ujson-5.11.0-cp311-cp311-manylinux_2_24_x86_64.manylinux_2_28_x86_64.whl.metadata (9.4 kB)
2025-08-25T15:37:48.8750228Z Collecting orjson>=3.2.1 (from fastapi[all]->-r requirements-dev.txt (line 14))
2025-08-25T15:37:48.8764899Z   Using cached orjson-3.11.2-cp311-cp311-manylinux_2_17_x86_64.manylinux2014_x86_64.whl.metadata (1.2 kB)
2025-08-25T15:37:48.8885097Z Collecting email-validator>=2.0.0 (from fastapi[all]->-r requirements-dev.txt (line 14))
2025-08-25T15:37:48.8897849Z   Using cached email_validator-2.2.0-py3-none-any.whl.metadata (25 kB)
2025-08-25T15:37:48.9161029Z Collecting uvicorn>=0.12.0 (from uvicorn[standard]>=0.12.0; extra == "all"->fastapi[all]->-r requirements-dev.txt (line 14))
2025-08-25T15:37:48.9173840Z   Using cached uvicorn-0.35.0-py3-none-any.whl.metadata (6.5 kB)
2025-08-25T15:37:48.9318938Z Collecting pydantic-settings>=2.0.0 (from fastapi[all]->-r requirements-dev.txt (line 14))
2025-08-25T15:37:48.9331761Z   Using cached pydantic_settings-2.10.1-py3-none-any.whl.metadata (3.4 kB)
2025-08-25T15:37:48.9446941Z Collecting pydantic-extra-types>=2.0.0 (from fastapi[all]->-r requirements-dev.txt (line 14))
2025-08-25T15:37:48.9460845Z   Using cached pydantic_extra_types-2.10.5-py3-none-any.whl.metadata (3.9 kB)
2025-08-25T15:37:49.0092011Z Collecting prompt-toolkit>=3.0.36 (from click-repl>=0.2.0->celery==5.5.3->-r requirements-dev.txt (line 12))
2025-08-25T15:37:49.0104882Z   Using cached prompt_toolkit-3.0.51-py3-none-any.whl.metadata (6.4 kB)
2025-08-25T15:37:49.0264805Z Collecting dnspython>=2.0.0 (from email-validator>=2.0.0->fastapi[all]->-r requirements-dev.txt (line 14))
2025-08-25T15:37:49.0277737Z   Using cached dnspython-2.7.0-py3-none-any.whl.metadata (5.8 kB)
2025-08-25T15:37:49.0525611Z Collecting typer>=0.15.1 (from fastapi-cli>=0.0.8->fastapi-cli[standard]>=0.0.8; extra == "all"->fastapi[all]->-r requirements-dev.txt (line 14))
2025-08-25T15:37:49.0538335Z   Using cached typer-0.16.1-py3-none-any.whl.metadata (15 kB)
2025-08-25T15:37:49.0765111Z Collecting rich-toolkit>=0.14.8 (from fastapi-cli>=0.0.8->fastapi-cli[standard]>=0.0.8; extra == "all"->fastapi[all]->-r requirements-dev.txt (line 14))
2025-08-25T15:37:49.0777726Z   Using cached rich_toolkit-0.15.0-py3-none-any.whl.metadata (1.0 kB)
2025-08-25T15:37:49.0871571Z Collecting fastapi-cloud-cli>=0.1.1 (from fastapi-cli[standard]>=0.0.8; extra == "all"->fastapi[all]->-r requirements-dev.txt (line 14))
2025-08-25T15:37:49.0884335Z   Using cached fastapi_cloud_cli-0.1.5-py3-none-any.whl.metadata (3.2 kB)
2025-08-25T15:37:49.1549586Z Collecting rignore>=0.5.1 (from fastapi-cloud-cli>=0.1.1->fastapi-cli[standard]>=0.0.8; extra == "all"->fastapi[all]->-r requirements-dev.txt (line 14))
2025-08-25T15:37:49.1562958Z   Using cached rignore-0.6.4-cp311-cp311-manylinux_2_17_x86_64.manylinux2014_x86_64.whl.metadata (3.8 kB)
2025-08-25T15:37:49.2286432Z Collecting sentry-sdk>=2.20.0 (from fastapi-cloud-cli>=0.1.1->fastapi-cli[standard]>=0.0.8; extra == "all"->fastapi[all]->-r requirements-dev.txt (line 14))
2025-08-25T15:37:49.2299856Z   Using cached sentry_sdk-2.35.0-py2.py3-none-any.whl.metadata (10 kB)
2025-08-25T15:37:49.4232850Z Collecting psutil>=4.0.0 (from mirakuru>=2.6.0->pytest-postgresql==7.0.2->-r requirements-dev.txt (line 30))
2025-08-25T15:37:49.4247083Z   Using cached psutil-7.0.0-cp36-abi3-manylinux_2_12_x86_64.manylinux2010_x86_64.manylinux_2_17_x86_64.manylinux2014_x86_64.whl.metadata (22 kB)
2025-08-25T15:37:49.4532725Z Collecting wcwidth (from prompt-toolkit>=3.0.36->click-repl>=0.2.0->celery==5.5.3->-r requirements-dev.txt (line 12))
2025-08-25T15:37:49.4545879Z   Using cached wcwidth-0.2.13-py2.py3-none-any.whl.metadata (14 kB)
2025-08-25T15:37:49.5643013Z Collecting rich>=13.7.1 (from rich-toolkit>=0.14.8->fastapi-cli>=0.0.8->fastapi-cli[standard]>=0.0.8; extra == "all"->fastapi[all]->-r requirements-dev.txt (line 14))
2025-08-25T15:37:49.5655815Z   Using cached rich-14.1.0-py3-none-any.whl.metadata (18 kB)
2025-08-25T15:37:49.5816027Z Collecting markdown-it-py>=2.2.0 (from rich>=13.7.1->rich-toolkit>=0.14.8->fastapi-cli>=0.0.8->fastapi-cli[standard]>=0.0.8; extra == "all"->fastapi[all]->-r requirements-dev.txt (line 14))
2025-08-25T15:37:49.5829077Z   Using cached markdown_it_py-4.0.0-py3-none-any.whl.metadata (7.3 kB)
2025-08-25T15:37:49.6000055Z Collecting mdurl~=0.1 (from markdown-it-py>=2.2.0->rich>=13.7.1->rich-toolkit>=0.14.8->fastapi-cli>=0.0.8->fastapi-cli[standard]>=0.0.8; extra == "all"->fastapi[all]->-r requirements-dev.txt (line 14))
2025-08-25T15:37:49.6012498Z   Using cached mdurl-0.1.2-py3-none-any.whl.metadata (1.6 kB)
2025-08-25T15:37:49.6590117Z Collecting shellingham>=1.3.0 (from typer>=0.15.1->fastapi-cli>=0.0.8->fastapi-cli[standard]>=0.0.8; extra == "all"->fastapi[all]->-r requirements-dev.txt (line 14))
2025-08-25T15:37:49.6602754Z   Using cached shellingham-1.5.4-py2.py3-none-any.whl.metadata (3.5 kB)
2025-08-25T15:37:49.7259431Z Collecting httptools>=0.6.3 (from uvicorn[standard]>=0.12.0; extra == "all"->fastapi[all]->-r requirements-dev.txt (line 14))
2025-08-25T15:37:49.7272989Z   Using cached httptools-0.6.4-cp311-cp311-manylinux_2_5_x86_64.manylinux1_x86_64.manylinux_2_17_x86_64.manylinux2014_x86_64.whl.metadata (3.6 kB)
2025-08-25T15:37:49.7659812Z Collecting uvloop>=0.15.1 (from uvicorn[standard]>=0.12.0; extra == "all"->fastapi[all]->-r requirements-dev.txt (line 14))
2025-08-25T15:37:49.7673539Z   Using cached uvloop-0.21.0-cp311-cp311-manylinux_2_17_x86_64.manylinux2014_x86_64.whl.metadata (4.9 kB)
2025-08-25T15:37:49.8317491Z Collecting watchfiles>=0.13 (from uvicorn[standard]>=0.12.0; extra == "all"->fastapi[all]->-r requirements-dev.txt (line 14))
2025-08-25T15:37:49.8332342Z   Using cached watchfiles-1.1.0-cp311-cp311-manylinux_2_17_x86_64.manylinux2014_x86_64.whl.metadata (4.9 kB)
2025-08-25T15:37:49.9122397Z Collecting websockets>=10.4 (from uvicorn[standard]>=0.12.0; extra == "all"->fastapi[all]->-r requirements-dev.txt (line 14))
2025-08-25T15:37:49.9136678Z   Using cached websockets-15.0.1-cp311-cp311-manylinux_2_5_x86_64.manylinux1_x86_64.manylinux_2_17_x86_64.manylinux2014_x86_64.whl.metadata (6.8 kB)
2025-08-25T15:37:49.9526577Z Collecting argon2-cffi-bindings (from argon2-cffi->minio==7.*->-r requirements-dev.txt (line 10))
2025-08-25T15:37:49.9540711Z   Using cached argon2_cffi_bindings-25.1.0-cp39-abi3-manylinux_2_26_x86_64.manylinux_2_28_x86_64.whl.metadata (7.4 kB)
2025-08-25T15:37:50.0466301Z Collecting cffi>=1.0.1 (from argon2-cffi-bindings->argon2-cffi->minio==7.*->-r requirements-dev.txt (line 10))
2025-08-25T15:37:50.0481430Z   Using cached cffi-1.17.1-cp311-cp311-manylinux_2_17_x86_64.manylinux2014_x86_64.whl.metadata (1.5 kB)
2025-08-25T15:37:50.0593827Z Collecting pycparser (from cffi>=1.0.1->argon2-cffi-bindings->argon2-cffi->minio==7.*->-r requirements-dev.txt (line 10))
2025-08-25T15:37:50.0607738Z   Using cached pycparser-2.22-py3-none-any.whl.metadata (943 bytes)
2025-08-25T15:37:50.1183470Z Using cached jinja2-3.1.6-py3-none-any.whl (134 kB)
2025-08-25T15:37:50.1197941Z Using cached alembic-1.16.4-py3-none-any.whl (247 kB)
2025-08-25T15:37:50.1212769Z Using cached APScheduler-3.10.4-py3-none-any.whl (59 kB)
2025-08-25T15:37:50.1226429Z Using cached asgi_correlation_id-4.3.1-py3-none-any.whl (15 kB)
2025-08-25T15:37:50.1240058Z Using cached asyncpg-0.30.0-cp311-cp311-manylinux_2_17_x86_64.manylinux2014_x86_64.whl (3.1 MB)
2025-08-25T15:37:50.1276167Z Using cached black-25.1.0-cp311-cp311-manylinux_2_17_x86_64.manylinux2014_x86_64.manylinux_2_28_x86_64.whl (1.7 MB)
2025-08-25T15:37:50.1301555Z Using cached vulture-2.10-py2.py3-none-any.whl (27 kB)
2025-08-25T15:37:50.1314689Z Using cached celery-5.5.3-py3-none-any.whl (438 kB)
2025-08-25T15:37:50.1331023Z Using cached fastapi-0.116.1-py3-none-any.whl (95 kB)
2025-08-25T15:37:50.1344695Z Using cached pydantic-2.11.7-py3-none-any.whl (444 kB)
2025-08-25T15:37:50.1361121Z Using cached fastapi_limiter-0.1.6-py3-none-any.whl (15 kB)
2025-08-25T15:37:50.1374206Z Using cached IMAPClient-3.0.1-py2.py3-none-any.whl (182 kB)
2025-08-25T15:37:50.1388728Z Using cached mypy_extensions-1.1.0-py3-none-any.whl (5.0 kB)
2025-08-25T15:37:50.1402155Z Using cached openpyxl-3.1.5-py2.py3-none-any.whl (250 kB)
2025-08-25T15:37:50.1417304Z Using cached psycopg2_binary-2.9.10-cp311-cp311-manylinux_2_17_x86_64.manylinux2014_x86_64.whl (3.0 MB)
2025-08-25T15:37:50.1453296Z Using cached psycopg-3.2.9-py3-none-any.whl (202 kB)
2025-08-25T15:37:50.1467625Z Using cached pytest_asyncio-1.1.0-py3-none-any.whl (15 kB)
2025-08-25T15:37:50.1481045Z Using cached pytest_cov-6.2.1-py3-none-any.whl (24 kB)
2025-08-25T15:37:50.1494073Z Using cached pytest_postgresql-7.0.2-py3-none-any.whl (41 kB)
2025-08-25T15:37:50.1507455Z Using cached python_telegram_bot-22.3-py3-none-any.whl (717 kB)
2025-08-25T15:37:50.1527217Z Using cached requests-2.32.4-py3-none-any.whl (64 kB)
2025-08-25T15:37:50.1540568Z Using cached respx-0.22.0-py2.py3-none-any.whl (25 kB)
2025-08-25T15:37:50.1553522Z Using cached ruff-0.9.9-py3-none-manylinux_2_17_x86_64.manylinux2014_x86_64.whl (11.2 MB)
2025-08-25T15:37:50.1649051Z Using cached sqlalchemy-2.0.43-cp311-cp311-manylinux_2_17_x86_64.manylinux2014_x86_64.whl (3.3 MB)
2025-08-25T15:37:50.1685189Z Using cached structlog-24.1.0-py3-none-any.whl (65 kB)
2025-08-25T15:37:50.1698127Z Using cached testcontainers-4.12.0-py3-none-any.whl (111 kB)
2025-08-25T15:37:50.1711938Z Using cached types_requests-2.32.4.20250809-py3-none-any.whl (20 kB)
2025-08-25T15:37:50.1724667Z Using cached docspec_python-2.2.2-py3-none-any.whl (15 kB)
2025-08-25T15:37:50.1737194Z Using cached pydoc_markdown-4.8.2-py3-none-any.whl (67 kB)
2025-08-25T15:37:50.1750246Z Using cached docspec-2.2.1-py3-none-any.whl (9.8 kB)
2025-08-25T15:37:50.1763593Z Using cached psycopg_binary-3.2.9-cp311-cp311-manylinux_2_17_x86_64.manylinux2014_x86_64.whl (4.5 MB)
2025-08-25T15:37:50.1809598Z Using cached pydantic_core-2.33.2-cp311-cp311-manylinux_2_17_x86_64.manylinux2014_x86_64.whl (2.0 MB)
2025-08-25T15:37:50.1837043Z Using cached redis-6.4.0-py3-none-any.whl (279 kB)
2025-08-25T15:37:50.1851854Z Using cached minio-7.2.16-py3-none-any.whl (95 kB)
2025-08-25T15:37:50.1865135Z Using cached httpx-0.28.1-py3-none-any.whl (73 kB)
2025-08-25T15:37:50.1878980Z Using cached mypy-1.17.1-cp311-cp311-manylinux2014_x86_64.manylinux_2_17_x86_64.manylinux_2_28_x86_64.whl (12.6 MB)
2025-08-25T15:37:50.1983357Z Using cached numpy-1.26.4-cp311-cp311-manylinux_2_17_x86_64.manylinux2014_x86_64.whl (18.3 MB)
2025-08-25T15:37:50.2124508Z Using cached pandas-2.2.3-cp311-cp311-manylinux_2_17_x86_64.manylinux2014_x86_64.whl (13.1 MB)
2025-08-25T15:37:50.2228353Z Using cached pandera-0.19.3-py3-none-any.whl (251 kB)
2025-08-25T15:37:50.2242909Z Using cached billiard-4.2.1-py3-none-any.whl (86 kB)
2025-08-25T15:37:50.2256912Z Using cached charset_normalizer-3.4.3-cp311-cp311-manylinux2014_x86_64.manylinux_2_17_x86_64.manylinux_2_28_x86_64.whl (150 kB)
2025-08-25T15:37:50.2270303Z Using cached click-8.2.1-py3-none-any.whl (102 kB)
2025-08-25T15:37:50.2283500Z Using cached databind.core-4.5.2-py3-none-any.whl (1.5 kB)
2025-08-25T15:37:50.2296192Z Using cached databind-4.5.2-py3-none-any.whl (49 kB)
2025-08-25T15:37:50.2309226Z Using cached databind.json-4.5.2-py3-none-any.whl (1.5 kB)
2025-08-25T15:37:50.2322286Z Using cached Deprecated-1.2.18-py2.py3-none-any.whl (10.0 kB)
2025-08-25T15:37:50.2334798Z Using cached httpcore-1.0.9-py3-none-any.whl (78 kB)
2025-08-25T15:37:50.2347931Z Using cached idna-3.10-py3-none-any.whl (70 kB)
2025-08-25T15:37:50.2361166Z Using cached kombu-5.5.4-py3-none-any.whl (210 kB)
2025-08-25T15:37:50.2375094Z Using cached vine-5.1.0-py3-none-any.whl (9.6 kB)
2025-08-25T15:37:50.2387713Z Using cached amqp-5.3.1-py3-none-any.whl (50 kB)
2025-08-25T15:37:50.2400904Z Using cached multimethod-1.10-py3-none-any.whl (9.9 kB)
2025-08-25T15:37:50.2413352Z Using cached nr_date-2.1.0-py3-none-any.whl (10 kB)
2025-08-25T15:37:50.2426220Z Using cached nr_stream-1.1.5-py3-none-any.whl (10 kB)
2025-08-25T15:37:50.2438814Z Using cached nr.util-0.8.12-py3-none-any.whl (90 kB)
2025-08-25T15:37:50.2452236Z Using cached pytest-8.4.1-py3-none-any.whl (365 kB)
2025-08-25T15:37:50.2467406Z Using cached pluggy-1.6.0-py3-none-any.whl (20 kB)
2025-08-25T15:37:50.2480909Z Using cached PyYAML-6.0.2-cp311-cp311-manylinux_2_17_x86_64.manylinux2014_x86_64.whl (762 kB)
2025-08-25T15:37:50.2522816Z Downloading starlette-0.47.3-py3-none-any.whl (72 kB)
2025-08-25T15:37:50.2642927Z Using cached anyio-4.10.0-py3-none-any.whl (107 kB)
2025-08-25T15:37:50.2657089Z Using cached tomli-2.2.1-cp311-cp311-manylinux_2_17_x86_64.manylinux2014_x86_64.whl (236 kB)
2025-08-25T15:37:50.2671634Z Using cached tomli_w-1.2.0-py3-none-any.whl (6.7 kB)
2025-08-25T15:37:50.2684273Z Using cached typeapi-2.2.4-py3-none-any.whl (26 kB)
2025-08-25T15:37:50.2722336Z Downloading typing_extensions-4.15.0-py3-none-any.whl (44 kB)
2025-08-25T15:37:50.2765113Z Using cached urllib3-2.5.0-py3-none-any.whl (129 kB)
2025-08-25T15:37:50.2779532Z Using cached wrapt-1.17.3-cp311-cp311-manylinux1_x86_64.manylinux_2_28_x86_64.manylinux_2_5_x86_64.whl (82 kB)
2025-08-25T15:37:50.2816012Z Downloading boto3-1.40.16-py3-none-any.whl (140 kB)
2025-08-25T15:37:50.2895123Z Downloading botocore-1.40.16-py3-none-any.whl (14.0 MB)
2025-08-25T15:37:50.4275608Z    ━━━━━━━━━━━━━━━━━━━━━━━━━━━━━━━━━━━━━━━━ 14.0/14.0 MB 103.0 MB/s  0:00:00
2025-08-25T15:37:50.4291360Z Using cached jmespath-1.0.1-py3-none-any.whl (20 kB)
2025-08-25T15:37:50.4305093Z Using cached python_dateutil-2.9.0.post0-py2.py3-none-any.whl (229 kB)
2025-08-25T15:37:50.4320368Z Using cached s3transfer-0.13.1-py3-none-any.whl (85 kB)
2025-08-25T15:37:50.4334319Z Using cached itsdangerous-2.2.0-py3-none-any.whl (16 kB)
2025-08-25T15:37:50.4347833Z Using cached python_dotenv-1.1.1-py3-none-any.whl (20 kB)
2025-08-25T15:37:50.4361700Z Using cached python_multipart-0.0.20-py3-none-any.whl (24 kB)
2025-08-25T15:37:50.4375132Z Using cached annotated_types-0.7.0-py3-none-any.whl (13 kB)
2025-08-25T15:37:50.4388845Z Using cached certifi-2025.8.3-py3-none-any.whl (161 kB)
2025-08-25T15:37:50.4403456Z Using cached click_didyoumean-0.3.1-py3-none-any.whl (3.6 kB)
2025-08-25T15:37:50.4416996Z Using cached click_plugins-1.1.1.2-py2.py3-none-any.whl (11 kB)
2025-08-25T15:37:50.4431164Z Using cached click_repl-0.3.0-py3-none-any.whl (10 kB)
2025-08-25T15:37:50.4482299Z Downloading coverage-7.10.5-cp311-cp311-manylinux1_x86_64.manylinux_2_28_x86_64.manylinux_2_5_x86_64.whl (249 kB)
2025-08-25T15:37:50.4532705Z Using cached email_validator-2.2.0-py3-none-any.whl (33 kB)
2025-08-25T15:37:50.4546251Z Using cached dnspython-2.7.0-py3-none-any.whl (313 kB)
2025-08-25T15:37:50.4561758Z Using cached fastapi_cli-0.0.8-py3-none-any.whl (10 kB)
2025-08-25T15:37:50.4575255Z Using cached fastapi_cloud_cli-0.1.5-py3-none-any.whl (18 kB)
2025-08-25T15:37:50.4589369Z Using cached greenlet-3.2.4-cp311-cp311-manylinux_2_24_x86_64.manylinux_2_28_x86_64.whl (587 kB)
2025-08-25T15:37:50.4606766Z Using cached h11-0.16.0-py3-none-any.whl (37 kB)
2025-08-25T15:37:50.4620481Z Using cached iniconfig-2.1.0-py3-none-any.whl (6.0 kB)
2025-08-25T15:37:50.4634131Z Using cached MarkupSafe-3.0.2-cp311-cp311-manylinux_2_17_x86_64.manylinux2014_x86_64.whl (23 kB)
2025-08-25T15:37:50.4647560Z Using cached mirakuru-2.6.1-py3-none-any.whl (26 kB)
2025-08-25T15:37:50.4661934Z Using cached orjson-3.11.2-cp311-cp311-manylinux_2_17_x86_64.manylinux2014_x86_64.whl (121 kB)
2025-08-25T15:37:50.4675762Z Using cached packaging-25.0-py3-none-any.whl (66 kB)
2025-08-25T15:37:50.4689749Z Using cached pathspec-0.12.1-py3-none-any.whl (31 kB)
2025-08-25T15:37:50.4703197Z Using cached platformdirs-4.3.8-py3-none-any.whl (18 kB)
2025-08-25T15:37:50.4716493Z Using cached port_for-0.7.4-py3-none-any.whl (21 kB)
2025-08-25T15:37:50.4730035Z Using cached prompt_toolkit-3.0.51-py3-none-any.whl (387 kB)
2025-08-25T15:37:50.4746903Z Using cached psutil-7.0.0-cp36-abi3-manylinux_2_12_x86_64.manylinux2010_x86_64.manylinux_2_17_x86_64.manylinux2014_x86_64.whl (277 kB)
2025-08-25T15:37:50.4762385Z Using cached pydantic_extra_types-2.10.5-py3-none-any.whl (38 kB)
2025-08-25T15:37:50.4775968Z Using cached pydantic_settings-2.10.1-py3-none-any.whl (45 kB)
2025-08-25T15:37:50.4789618Z Using cached pygments-2.19.2-py3-none-any.whl (1.2 MB)
2025-08-25T15:37:50.4811803Z Using cached pytz-2025.2-py2.py3-none-any.whl (509 kB)
2025-08-25T15:37:50.4828754Z Using cached rich_toolkit-0.15.0-py3-none-any.whl (29 kB)
2025-08-25T15:37:50.4842408Z Using cached rich-14.1.0-py3-none-any.whl (243 kB)
2025-08-25T15:37:50.4857256Z Using cached markdown_it_py-4.0.0-py3-none-any.whl (87 kB)
2025-08-25T15:37:50.4871390Z Using cached mdurl-0.1.2-py3-none-any.whl (10.0 kB)
2025-08-25T15:37:50.4885076Z Using cached rignore-0.6.4-cp311-cp311-manylinux_2_17_x86_64.manylinux2014_x86_64.whl (950 kB)
2025-08-25T15:37:50.4905327Z Using cached sentry_sdk-2.35.0-py2.py3-none-any.whl (363 kB)
2025-08-25T15:37:50.4921271Z Using cached six-1.17.0-py2.py3-none-any.whl (11 kB)
2025-08-25T15:37:50.4934584Z Using cached sniffio-1.3.1-py3-none-any.whl (10 kB)
2025-08-25T15:37:50.4947865Z Using cached typer-0.16.1-py3-none-any.whl (46 kB)
2025-08-25T15:37:50.4961524Z Using cached shellingham-1.5.4-py2.py3-none-any.whl (9.8 kB)
2025-08-25T15:37:50.4974639Z Using cached typing_inspect-0.9.0-py3-none-any.whl (8.8 kB)
2025-08-25T15:37:50.4988094Z Using cached typing_inspection-0.4.1-py3-none-any.whl (14 kB)
2025-08-25T15:37:50.5001641Z Using cached tzdata-2025.2-py2.py3-none-any.whl (347 kB)
2025-08-25T15:37:50.5017413Z Using cached tzlocal-5.3.1-py3-none-any.whl (18 kB)
2025-08-25T15:37:50.5031339Z Using cached ujson-5.11.0-cp311-cp311-manylinux_2_24_x86_64.manylinux_2_28_x86_64.whl (57 kB)
2025-08-25T15:37:50.5045035Z Using cached uvicorn-0.35.0-py3-none-any.whl (66 kB)
2025-08-25T15:37:50.5059466Z Using cached httptools-0.6.4-cp311-cp311-manylinux_2_5_x86_64.manylinux1_x86_64.manylinux_2_17_x86_64.manylinux2014_x86_64.whl (459 kB)
2025-08-25T15:37:50.5076068Z Using cached uvloop-0.21.0-cp311-cp311-manylinux_2_17_x86_64.manylinux2014_x86_64.whl (4.0 MB)
2025-08-25T15:37:50.5119274Z Using cached watchfiles-1.1.0-cp311-cp311-manylinux_2_17_x86_64.manylinux2014_x86_64.whl (453 kB)
2025-08-25T15:37:50.5136265Z Using cached websockets-15.0.1-cp311-cp311-manylinux_2_5_x86_64.manylinux1_x86_64.manylinux_2_17_x86_64.manylinux2014_x86_64.whl (182 kB)
2025-08-25T15:37:50.5150610Z Using cached yapf-0.43.0-py3-none-any.whl (256 kB)
2025-08-25T15:37:50.5165521Z Using cached argon2_cffi-25.1.0-py3-none-any.whl (14 kB)
2025-08-25T15:37:50.5179361Z Using cached argon2_cffi_bindings-25.1.0-cp39-abi3-manylinux_2_26_x86_64.manylinux_2_28_x86_64.whl (87 kB)
2025-08-25T15:37:50.5194567Z Using cached cffi-1.17.1-cp311-cp311-manylinux_2_17_x86_64.manylinux2014_x86_64.whl (467 kB)
2025-08-25T15:37:50.5211283Z Using cached docker-7.1.0-py3-none-any.whl (147 kB)
2025-08-25T15:37:50.5225451Z Using cached et_xmlfile-2.0.0-py3-none-any.whl (18 kB)
2025-08-25T15:37:50.5238980Z Using cached mako-1.3.10-py3-none-any.whl (78 kB)
2025-08-25T15:37:50.5253003Z Using cached pycparser-2.22-py3-none-any.whl (117 kB)
2025-08-25T15:37:50.5267482Z Using cached pycryptodome-3.23.0-cp37-abi3-manylinux_2_17_x86_64.manylinux2014_x86_64.whl (2.3 MB)
2025-08-25T15:37:50.5297440Z Using cached toml-0.10.2-py2.py3-none-any.whl (16 kB)
2025-08-25T15:37:50.5311233Z Using cached typeguard-4.4.4-py3-none-any.whl (34 kB)
2025-08-25T15:37:50.5324802Z Using cached watchdog-6.0.0-py3-none-manylinux2014_x86_64.whl (79 kB)
2025-08-25T15:37:50.5338671Z Using cached wcwidth-0.2.13-py2.py3-none-any.whl (34 kB)
2025-08-25T15:37:50.9553156Z Installing collected packages: wcwidth, pytz, wrapt, websockets, watchdog, vine, uvloop, urllib3, ujson, tzlocal, tzdata, typing-extensions, tomli_w, tomli, toml, structlog, sniffio, six, shellingham, ruff, rignore, redis, PyYAML, python-multipart, python-dotenv, pygments, pycryptodome, pycparser, psycopg2-binary, psycopg-binary, psutil, prompt-toolkit, port-for, pluggy, platformdirs, pathspec, packaging, orjson, numpy, nr-stream, nr-date, mypy-extensions, multimethod, mdurl, MarkupSafe, jmespath, itsdangerous, iniconfig, imapclient, idna, httptools, h11, greenlet, et-xmlfile, docstring-parser, dnspython, coverage, click, charset_normalizer, certifi, billiard, asyncpg, annotated-types, yapf, vulture, uvicorn, typing-inspection, typing-inspect, types-requests, typeguard, typeapi, sqlalchemy, sentry-sdk, requests, python-dateutil, pytest, pydantic-core, psycopg, openpyxl, mypy, mirakuru, markdown-it-py, Mako, Jinja2, httpcore, email-validator, Deprecated, click-repl, click-plugins, click-didyoumean, cffi, black, apscheduler, anyio, amqp, watchfiles, starlette, rich, pytest-postgresql, pytest-cov, pytest-asyncio, pydantic, pandas, nr-util, kombu, httpx, docker, databind, botocore, argon2-cffi-bindings, alembic, typer, testcontainers, s3transfer, rich-toolkit, respx, python-telegram-bot, pydantic-settings, pydantic-extra-types, pandera, fastapi, databind.json, databind.core, celery, asgi-correlation-id, argon2-cffi, minio, fastapi-limiter, fastapi-cloud-cli, fastapi-cli, docspec, boto3, docspec-python, pydoc-markdown
2025-08-25T15:38:07.6808321Z 
2025-08-25T15:38:07.6874496Z Successfully installed Deprecated-1.2.18 Jinja2-3.1.6 Mako-1.3.10 MarkupSafe-3.0.2 PyYAML-6.0.2 alembic-1.16.4 amqp-5.3.1 annotated-types-0.7.0 anyio-4.10.0 apscheduler-3.10.4 argon2-cffi-25.1.0 argon2-cffi-bindings-25.1.0 asgi-correlation-id-4.3.1 asyncpg-0.30.0 billiard-4.2.1 black-25.1.0 boto3-1.40.16 botocore-1.40.16 celery-5.5.3 certifi-2025.8.3 cffi-1.17.1 charset_normalizer-3.4.3 click-8.2.1 click-didyoumean-0.3.1 click-plugins-1.1.1.2 click-repl-0.3.0 coverage-7.10.5 databind-4.5.2 databind.core-4.5.2 databind.json-4.5.2 dnspython-2.7.0 docker-7.1.0 docspec-2.2.1 docspec-python-2.2.2 docstring-parser-0.11 email-validator-2.2.0 et-xmlfile-2.0.0 fastapi-0.116.1 fastapi-cli-0.0.8 fastapi-cloud-cli-0.1.5 fastapi-limiter-0.1.6 greenlet-3.2.4 h11-0.16.0 httpcore-1.0.9 httptools-0.6.4 httpx-0.28.1 idna-3.10 imapclient-3.0.1 iniconfig-2.1.0 itsdangerous-2.2.0 jmespath-1.0.1 kombu-5.5.4 markdown-it-py-4.0.0 mdurl-0.1.2 minio-7.2.16 mirakuru-2.6.1 multimethod-1.10 mypy-1.17.1 mypy-extensions-1.1.0 nr-date-2.1.0 nr-stream-1.1.5 nr-util-0.8.12 numpy-1.26.4 openpyxl-3.1.5 orjson-3.11.2 packaging-25.0 pandas-2.2.3 pandera-0.19.3 pathspec-0.12.1 platformdirs-4.3.8 pluggy-1.6.0 port-for-0.7.4 prompt-toolkit-3.0.51 psutil-7.0.0 psycopg-3.2.9 psycopg-binary-3.2.9 psycopg2-binary-2.9.10 pycparser-2.22 pycryptodome-3.23.0 pydantic-2.11.7 pydantic-core-2.33.2 pydantic-extra-types-2.10.5 pydantic-settings-2.10.1 pydoc-markdown-4.8.2 pygments-2.19.2 pytest-8.4.1 pytest-asyncio-1.1.0 pytest-cov-6.2.1 pytest-postgresql-7.0.2 python-dateutil-2.9.0.post0 python-dotenv-1.1.1 python-multipart-0.0.20 python-telegram-bot-22.3 pytz-2025.2 redis-6.4.0 requests-2.32.4 respx-0.22.0 rich-14.1.0 rich-toolkit-0.15.0 rignore-0.6.4 ruff-0.9.9 s3transfer-0.13.1 sentry-sdk-2.35.0 shellingham-1.5.4 six-1.17.0 sniffio-1.3.1 sqlalchemy-2.0.43 starlette-0.47.3 structlog-24.1.0 testcontainers-4.12.0 toml-0.10.2 tomli-2.2.1 tomli_w-1.2.0 typeapi-2.2.4 typeguard-4.4.4 typer-0.16.1 types-requests-2.32.4.20250809 typing-extensions-4.15.0 typing-inspect-0.9.0 typing-inspection-0.4.1 tzdata-2025.2 tzlocal-5.3.1 ujson-5.11.0 urllib3-2.5.0 uvicorn-0.35.0 uvloop-0.21.0 vine-5.1.0 vulture-2.10 watchdog-6.0.0 watchfiles-1.1.0 wcwidth-0.2.13 websockets-15.0.1 wrapt-1.17.3 yapf-0.43.0
2025-08-25T15:38:08.9465369Z Collecting keepa==1.3.15
2025-08-25T15:38:08.9480917Z   Using cached keepa-1.3.15-py3-none-any.whl.metadata (11 kB)
2025-08-25T15:38:08.9743134Z Collecting minio==7.1.15
2025-08-25T15:38:08.9757516Z   Using cached minio-7.1.15-py3-none-any.whl.metadata (4.2 kB)
2025-08-25T15:38:08.9782770Z Requirement already satisfied: numpy>=1.9.3 in /opt/hostedtoolcache/Python/3.11.13/x64/lib/python3.11/site-packages (from keepa==1.3.15) (1.26.4)
2025-08-25T15:38:08.9787920Z Requirement already satisfied: requests>=2.2 in /opt/hostedtoolcache/Python/3.11.13/x64/lib/python3.11/site-packages (from keepa==1.3.15) (2.32.4)
2025-08-25T15:38:09.0082105Z Collecting tqdm (from keepa==1.3.15)
2025-08-25T15:38:09.0096148Z   Using cached tqdm-4.67.1-py3-none-any.whl.metadata (57 kB)
2025-08-25T15:38:09.4807632Z Collecting aiohttp (from keepa==1.3.15)
2025-08-25T15:38:09.4825014Z   Using cached aiohttp-3.12.15-cp311-cp311-manylinux_2_17_x86_64.manylinux2014_x86_64.whl.metadata (7.7 kB)
2025-08-25T15:38:09.4855445Z Requirement already satisfied: pandas<=3.0 in /opt/hostedtoolcache/Python/3.11.13/x64/lib/python3.11/site-packages (from keepa==1.3.15) (2.2.3)
2025-08-25T15:38:09.4860324Z Requirement already satisfied: pydantic in /opt/hostedtoolcache/Python/3.11.13/x64/lib/python3.11/site-packages (from keepa==1.3.15) (2.11.7)
2025-08-25T15:38:09.4867895Z Requirement already satisfied: certifi in /opt/hostedtoolcache/Python/3.11.13/x64/lib/python3.11/site-packages (from minio==7.1.15) (2025.8.3)
2025-08-25T15:38:09.4871942Z Requirement already satisfied: urllib3 in /opt/hostedtoolcache/Python/3.11.13/x64/lib/python3.11/site-packages (from minio==7.1.15) (2.5.0)
2025-08-25T15:38:09.4919200Z Requirement already satisfied: python-dateutil>=2.8.2 in /opt/hostedtoolcache/Python/3.11.13/x64/lib/python3.11/site-packages (from pandas<=3.0->keepa==1.3.15) (2.9.0.post0)
2025-08-25T15:38:09.4924493Z Requirement already satisfied: pytz>=2020.1 in /opt/hostedtoolcache/Python/3.11.13/x64/lib/python3.11/site-packages (from pandas<=3.0->keepa==1.3.15) (2025.2)
2025-08-25T15:38:09.4929741Z Requirement already satisfied: tzdata>=2022.7 in /opt/hostedtoolcache/Python/3.11.13/x64/lib/python3.11/site-packages (from pandas<=3.0->keepa==1.3.15) (2025.2)
2025-08-25T15:38:09.5042690Z Requirement already satisfied: six>=1.5 in /opt/hostedtoolcache/Python/3.11.13/x64/lib/python3.11/site-packages (from python-dateutil>=2.8.2->pandas<=3.0->keepa==1.3.15) (1.17.0)
2025-08-25T15:38:09.5060525Z Requirement already satisfied: charset_normalizer<4,>=2 in /opt/hostedtoolcache/Python/3.11.13/x64/lib/python3.11/site-packages (from requests>=2.2->keepa==1.3.15) (3.4.3)
2025-08-25T15:38:09.5066090Z Requirement already satisfied: idna<4,>=2.5 in /opt/hostedtoolcache/Python/3.11.13/x64/lib/python3.11/site-packages (from requests>=2.2->keepa==1.3.15) (3.10)
2025-08-25T15:38:09.5237057Z Collecting aiohappyeyeballs>=2.5.0 (from aiohttp->keepa==1.3.15)
2025-08-25T15:38:09.5251486Z   Using cached aiohappyeyeballs-2.6.1-py3-none-any.whl.metadata (5.9 kB)
2025-08-25T15:38:09.5332076Z Collecting aiosignal>=1.4.0 (from aiohttp->keepa==1.3.15)
2025-08-25T15:38:09.5345694Z   Using cached aiosignal-1.4.0-py3-none-any.whl.metadata (3.7 kB)
2025-08-25T15:38:09.5473223Z Collecting attrs>=17.3.0 (from aiohttp->keepa==1.3.15)
2025-08-25T15:38:09.5486880Z   Using cached attrs-25.3.0-py3-none-any.whl.metadata (10 kB)
2025-08-25T15:38:09.6105894Z Collecting frozenlist>=1.1.1 (from aiohttp->keepa==1.3.15)
2025-08-25T15:38:09.6121254Z   Using cached frozenlist-1.7.0-cp311-cp311-manylinux_2_5_x86_64.manylinux1_x86_64.manylinux_2_17_x86_64.manylinux2014_x86_64.whl.metadata (18 kB)
2025-08-25T15:38:09.8182036Z Collecting multidict<7.0,>=4.5 (from aiohttp->keepa==1.3.15)
2025-08-25T15:38:09.8197922Z   Using cached multidict-6.6.4-cp311-cp311-manylinux2014_x86_64.manylinux_2_17_x86_64.manylinux_2_28_x86_64.whl.metadata (5.3 kB)
2025-08-25T15:38:09.8582826Z Collecting propcache>=0.2.0 (from aiohttp->keepa==1.3.15)
2025-08-25T15:38:09.8597043Z   Using cached propcache-0.3.2-cp311-cp311-manylinux_2_17_x86_64.manylinux2014_x86_64.whl.metadata (12 kB)
2025-08-25T15:38:10.1017681Z Collecting yarl<2.0,>=1.17.0 (from aiohttp->keepa==1.3.15)
2025-08-25T15:38:10.1033512Z   Using cached yarl-1.20.1-cp311-cp311-manylinux_2_17_x86_64.manylinux2014_x86_64.whl.metadata (73 kB)
2025-08-25T15:38:10.1232504Z Requirement already satisfied: typing-extensions>=4.2 in /opt/hostedtoolcache/Python/3.11.13/x64/lib/python3.11/site-packages (from aiosignal>=1.4.0->aiohttp->keepa==1.3.15) (4.15.0)
2025-08-25T15:38:10.1277055Z Requirement already satisfied: annotated-types>=0.6.0 in /opt/hostedtoolcache/Python/3.11.13/x64/lib/python3.11/site-packages (from pydantic->keepa==1.3.15) (0.7.0)
2025-08-25T15:38:10.1282028Z Requirement already satisfied: pydantic-core==2.33.2 in /opt/hostedtoolcache/Python/3.11.13/x64/lib/python3.11/site-packages (from pydantic->keepa==1.3.15) (2.33.2)
2025-08-25T15:38:10.1288205Z Requirement already satisfied: typing-inspection>=0.4.0 in /opt/hostedtoolcache/Python/3.11.13/x64/lib/python3.11/site-packages (from pydantic->keepa==1.3.15) (0.4.1)
2025-08-25T15:38:10.1346976Z Using cached keepa-1.3.15-py3-none-any.whl (38 kB)
2025-08-25T15:38:10.1360350Z Using cached minio-7.1.15-py3-none-any.whl (77 kB)
2025-08-25T15:38:10.1373904Z Using cached aiohttp-3.12.15-cp311-cp311-manylinux_2_17_x86_64.manylinux2014_x86_64.whl (1.7 MB)
2025-08-25T15:38:10.1399907Z Using cached multidict-6.6.4-cp311-cp311-manylinux2014_x86_64.manylinux_2_17_x86_64.manylinux_2_28_x86_64.whl (246 kB)
2025-08-25T15:38:10.1414219Z Using cached yarl-1.20.1-cp311-cp311-manylinux_2_17_x86_64.manylinux2014_x86_64.whl (348 kB)
2025-08-25T15:38:10.1429573Z Using cached aiohappyeyeballs-2.6.1-py3-none-any.whl (15 kB)
2025-08-25T15:38:10.1442606Z Using cached aiosignal-1.4.0-py3-none-any.whl (7.5 kB)
2025-08-25T15:38:10.1455335Z Using cached attrs-25.3.0-py3-none-any.whl (63 kB)
2025-08-25T15:38:10.1469136Z Using cached frozenlist-1.7.0-cp311-cp311-manylinux_2_5_x86_64.manylinux1_x86_64.manylinux_2_17_x86_64.manylinux2014_x86_64.whl (235 kB)
2025-08-25T15:38:10.1483219Z Using cached propcache-0.3.2-cp311-cp311-manylinux_2_17_x86_64.manylinux2014_x86_64.whl (213 kB)
2025-08-25T15:38:10.1496939Z Using cached tqdm-4.67.1-py3-none-any.whl (78 kB)
2025-08-25T15:38:10.2992403Z Installing collected packages: tqdm, propcache, multidict, minio, frozenlist, attrs, aiohappyeyeballs, yarl, aiosignal, aiohttp, keepa
2025-08-25T15:38:10.3667831Z   Attempting uninstall: minio
2025-08-25T15:38:10.3700245Z     Found existing installation: minio 7.2.16
2025-08-25T15:38:10.3733729Z     Uninstalling minio-7.2.16:
2025-08-25T15:38:10.3743542Z       Successfully uninstalled minio-7.2.16
2025-08-25T15:38:10.6926592Z 
2025-08-25T15:38:10.6982510Z Successfully installed aiohappyeyeballs-2.6.1 aiohttp-3.12.15 aiosignal-1.4.0 attrs-25.3.0 frozenlist-1.7.0 keepa-1.3.15 minio-7.1.15 multidict-6.6.4 propcache-0.3.2 tqdm-4.67.1 yarl-1.20.1
2025-08-25T15:38:10.8511161Z ##[group]Run sudo apt-get update
2025-08-25T15:38:10.8511490Z [36;1msudo apt-get update[0m
2025-08-25T15:38:10.8511759Z [36;1msudo apt-get install -y postgresql[0m
2025-08-25T15:38:10.8512257Z [36;1mecho "/usr/lib/postgresql/$(pg_config --version | cut -d' ' -f2 | cut -d'.' -f1,2)/bin" >> $GITHUB_PATH[0m
2025-08-25T15:38:10.8552604Z shell: /usr/bin/bash -e {0}
2025-08-25T15:38:10.8552848Z env:
2025-08-25T15:38:10.8553032Z   PG_USER: postgres
2025-08-25T15:38:10.8553237Z   PG_PASSWORD: pass
2025-08-25T15:38:10.8553425Z   PG_DATABASE: awa
2025-08-25T15:38:10.8553617Z   PG_HOST: localhost
2025-08-25T15:38:10.8553816Z   PG_PORT: 5432
2025-08-25T15:38:10.8554421Z   PG_SYNC_DSN: ***localhost:5432/awa
2025-08-25T15:38:10.8554853Z   PG_ASYNC_DSN: ***localhost:5432/awa
2025-08-25T15:38:10.8555299Z   DATABASE_URL: ***localhost:5432/awa
2025-08-25T15:38:10.8555544Z   DATA_DIR: /tmp/awa-data
2025-08-25T15:38:10.8555781Z   ENABLE_LIVE: 0
2025-08-25T15:38:10.8555965Z   TESTING: 1
2025-08-25T15:38:10.8556237Z   pythonLocation: /opt/hostedtoolcache/Python/3.11.13/x64
2025-08-25T15:38:10.8556640Z   PKG_CONFIG_PATH: /opt/hostedtoolcache/Python/3.11.13/x64/lib/pkgconfig
2025-08-25T15:38:10.8557033Z   Python_ROOT_DIR: /opt/hostedtoolcache/Python/3.11.13/x64
2025-08-25T15:38:10.8557395Z   Python2_ROOT_DIR: /opt/hostedtoolcache/Python/3.11.13/x64
2025-08-25T15:38:10.8557754Z   Python3_ROOT_DIR: /opt/hostedtoolcache/Python/3.11.13/x64
2025-08-25T15:38:10.8558116Z   LD_LIBRARY_PATH: /opt/hostedtoolcache/Python/3.11.13/x64/lib
2025-08-25T15:38:10.8558417Z ##[endgroup]
2025-08-25T15:38:10.9271074Z Get:1 file:/etc/apt/apt-mirrors.txt Mirrorlist [144 B]
2025-08-25T15:38:10.9561450Z Hit:2 http://azure.archive.ubuntu.com/ubuntu noble InRelease
2025-08-25T15:38:10.9577897Z Get:3 http://azure.archive.ubuntu.com/ubuntu noble-updates InRelease [126 kB]
2025-08-25T15:38:10.9652617Z Hit:6 https://packages.microsoft.com/repos/azure-cli noble InRelease
2025-08-25T15:38:10.9715185Z Get:4 http://azure.archive.ubuntu.com/ubuntu noble-backports InRelease [126 kB]
2025-08-25T15:38:10.9746394Z Get:7 https://packages.microsoft.com/ubuntu/24.04/prod noble InRelease [3600 B]
2025-08-25T15:38:10.9760762Z Get:5 http://azure.archive.ubuntu.com/ubuntu noble-security InRelease [126 kB]
2025-08-25T15:38:11.1362646Z Get:8 http://azure.archive.ubuntu.com/ubuntu noble-updates/main amd64 Packages [1352 kB]
2025-08-25T15:38:11.1579092Z Get:9 http://azure.archive.ubuntu.com/ubuntu noble-updates/main Translation-en [269 kB]
2025-08-25T15:38:11.1611561Z Get:10 http://azure.archive.ubuntu.com/ubuntu noble-updates/main amd64 Components [174 kB]
2025-08-25T15:38:11.1652164Z Get:11 http://azure.archive.ubuntu.com/ubuntu noble-updates/universe amd64 Packages [1123 kB]
2025-08-25T15:38:11.1743083Z Get:12 http://azure.archive.ubuntu.com/ubuntu noble-updates/universe Translation-en [288 kB]
2025-08-25T15:38:11.1780516Z Get:13 http://azure.archive.ubuntu.com/ubuntu noble-updates/universe amd64 Components [377 kB]
2025-08-25T15:38:11.1823796Z Get:14 http://azure.archive.ubuntu.com/ubuntu noble-updates/restricted amd64 Packages [1731 kB]
2025-08-25T15:38:11.1939511Z Get:15 http://azure.archive.ubuntu.com/ubuntu noble-updates/restricted Translation-en [384 kB]
2025-08-25T15:38:11.1975920Z Get:16 http://azure.archive.ubuntu.com/ubuntu noble-updates/restricted amd64 Components [212 B]
2025-08-25T15:38:11.1988385Z Get:17 http://azure.archive.ubuntu.com/ubuntu noble-updates/multiverse amd64 Components [940 B]
2025-08-25T15:38:11.2400057Z Get:22 https://packages.microsoft.com/ubuntu/24.04/prod noble/main arm64 Packages [33.3 kB]
2025-08-25T15:38:11.2412672Z Get:18 http://azure.archive.ubuntu.com/ubuntu noble-backports/main amd64 Components [7084 B]
2025-08-25T15:38:11.2426303Z Get:19 http://azure.archive.ubuntu.com/ubuntu noble-backports/universe amd64 Components [19.1 kB]
2025-08-25T15:38:11.2437378Z Get:20 http://azure.archive.ubuntu.com/ubuntu noble-backports/restricted amd64 Components [216 B]
2025-08-25T15:38:11.2450914Z Get:21 http://azure.archive.ubuntu.com/ubuntu noble-backports/multiverse amd64 Components [212 B]
2025-08-25T15:38:11.2454925Z Get:23 https://packages.microsoft.com/ubuntu/24.04/prod noble/main amd64 Packages [49.2 kB]
2025-08-25T15:38:11.2522332Z Get:24 https://packages.microsoft.com/ubuntu/24.04/prod noble/main armhf Packages [9870 B]
2025-08-25T15:38:11.2893741Z Get:25 http://azure.archive.ubuntu.com/ubuntu noble-security/main amd64 Packages [1083 kB]
2025-08-25T15:38:11.2972101Z Get:26 http://azure.archive.ubuntu.com/ubuntu noble-security/main Translation-en [187 kB]
2025-08-25T15:38:11.3006075Z Get:27 http://azure.archive.ubuntu.com/ubuntu noble-security/main amd64 Components [21.5 kB]
2025-08-25T15:38:11.3019692Z Get:28 http://azure.archive.ubuntu.com/ubuntu noble-security/universe amd64 Packages [881 kB]
2025-08-25T15:38:11.3082791Z Get:29 http://azure.archive.ubuntu.com/ubuntu noble-security/universe Translation-en [195 kB]
2025-08-25T15:38:11.3110864Z Get:30 http://azure.archive.ubuntu.com/ubuntu noble-security/universe amd64 Components [52.2 kB]
2025-08-25T15:38:11.3126362Z Get:31 http://azure.archive.ubuntu.com/ubuntu noble-security/restricted amd64 Packages [1631 kB]
2025-08-25T15:38:11.3233021Z Get:32 http://azure.archive.ubuntu.com/ubuntu noble-security/restricted Translation-en [361 kB]
2025-08-25T15:38:11.3269312Z Get:33 http://azure.archive.ubuntu.com/ubuntu noble-security/restricted amd64 Components [212 B]
2025-08-25T15:38:11.3281343Z Get:34 http://azure.archive.ubuntu.com/ubuntu noble-security/multiverse amd64 Components [212 B]
2025-08-25T15:38:18.0008692Z Fetched 10.6 MB in 1s (8238 kB/s)
2025-08-25T15:38:18.6757699Z Reading package lists...
2025-08-25T15:38:18.7071532Z Reading package lists...
2025-08-25T15:38:18.8639955Z Building dependency tree...
2025-08-25T15:38:18.8647507Z Reading state information...
2025-08-25T15:38:19.0127851Z Suggested packages:
2025-08-25T15:38:19.0128130Z   postgresql-doc
2025-08-25T15:38:19.0269546Z The following NEW packages will be installed:
2025-08-25T15:38:19.0270111Z   postgresql
2025-08-25T15:38:19.0434151Z 0 upgraded, 1 newly installed, 0 to remove and 25 not upgraded.
2025-08-25T15:38:19.0434776Z Need to get 11.6 kB of archives.
2025-08-25T15:38:19.0435348Z After this operation, 17.4 kB of additional disk space will be used.
2025-08-25T15:38:19.0436027Z Get:1 file:/etc/apt/apt-mirrors.txt Mirrorlist [144 B]
2025-08-25T15:38:19.1428225Z Get:2 http://azure.archive.ubuntu.com/ubuntu noble-updates/main amd64 postgresql all 16+257build1.1 [11.6 kB]
2025-08-25T15:38:19.3913437Z Fetched 11.6 kB in 0s (106 kB/s)
2025-08-25T15:38:19.4129564Z Selecting previously unselected package postgresql.
2025-08-25T15:38:19.4378158Z (Reading database ... 
2025-08-25T15:38:19.4389446Z (Reading database ... 5%
2025-08-25T15:38:19.4390003Z (Reading database ... 10%
2025-08-25T15:38:19.4390435Z (Reading database ... 15%
2025-08-25T15:38:19.4390814Z (Reading database ... 20%
2025-08-25T15:38:19.4391184Z (Reading database ... 25%
2025-08-25T15:38:19.4391462Z (Reading database ... 30%
2025-08-25T15:38:19.4391702Z (Reading database ... 35%
2025-08-25T15:38:19.4391911Z (Reading database ... 40%
2025-08-25T15:38:19.4392117Z (Reading database ... 45%
2025-08-25T15:38:19.4392320Z (Reading database ... 50%
2025-08-25T15:38:19.4520676Z (Reading database ... 55%
2025-08-25T15:38:19.4966239Z (Reading database ... 60%
2025-08-25T15:38:19.5223817Z (Reading database ... 65%
2025-08-25T15:38:19.5501317Z (Reading database ... 70%
2025-08-25T15:38:19.5725641Z (Reading database ... 75%
2025-08-25T15:38:19.6046623Z (Reading database ... 80%
2025-08-25T15:38:19.6610421Z (Reading database ... 85%
2025-08-25T15:38:19.7042988Z (Reading database ... 90%
2025-08-25T15:38:19.7640089Z (Reading database ... 95%
2025-08-25T15:38:19.7640563Z (Reading database ... 100%
2025-08-25T15:38:19.7640986Z (Reading database ... 219830 files and directories currently installed.)
2025-08-25T15:38:19.7681445Z Preparing to unpack .../postgresql_16+257build1.1_all.deb ...
2025-08-25T15:38:19.7704177Z Unpacking postgresql (16+257build1.1) ...
2025-08-25T15:38:19.8077663Z Setting up postgresql (16+257build1.1) ...
2025-08-25T15:38:20.4269760Z 
2025-08-25T15:38:20.4270276Z Running kernel seems to be up-to-date.
2025-08-25T15:38:20.4270658Z 
2025-08-25T15:38:20.4270814Z Restarting services...
2025-08-25T15:38:20.4337567Z 
2025-08-25T15:38:20.4337921Z Service restarts being deferred:
2025-08-25T15:38:20.4339620Z  systemctl restart hosted-compute-agent.service
2025-08-25T15:38:20.4340010Z 
2025-08-25T15:38:20.4340171Z No containers need to be restarted.
2025-08-25T15:38:20.4340464Z 
2025-08-25T15:38:20.4340656Z No user sessions are running outdated binaries.
2025-08-25T15:38:20.4340989Z 
2025-08-25T15:38:20.4341282Z No VM guests are running outdated hypervisor (qemu) binaries on this host.
2025-08-25T15:38:21.2535211Z ##[group]Run pytest tests/migrations/test_migration_roundtrip.py -q -m integration --cov=services --cov-append --cov-fail-under=0 -o addopts=''
2025-08-25T15:38:21.2536221Z [36;1mpytest tests/migrations/test_migration_roundtrip.py -q -m integration --cov=services --cov-append --cov-fail-under=0 -o addopts=''[0m
2025-08-25T15:38:21.2576396Z shell: /usr/bin/bash -e {0}
2025-08-25T15:38:21.2576636Z env:
2025-08-25T15:38:21.2576817Z   PG_USER: postgres
2025-08-25T15:38:21.2577030Z   PG_PASSWORD: pass
2025-08-25T15:38:21.2577226Z   PG_DATABASE: awa
2025-08-25T15:38:21.2577412Z   PG_HOST: localhost
2025-08-25T15:38:21.2577626Z   PG_PORT: 5432
2025-08-25T15:38:21.2578196Z   PG_SYNC_DSN: ***localhost:5432/awa
2025-08-25T15:38:21.2578888Z   PG_ASYNC_DSN: ***localhost:5432/awa
2025-08-25T15:38:21.2579305Z   DATABASE_URL: ***localhost:5432/awa
2025-08-25T15:38:21.2579564Z   DATA_DIR: /tmp/awa-data
2025-08-25T15:38:21.2579782Z   ENABLE_LIVE: 0
2025-08-25T15:38:21.2579969Z   TESTING: 1
2025-08-25T15:38:21.2580281Z   pythonLocation: /opt/hostedtoolcache/Python/3.11.13/x64
2025-08-25T15:38:21.2580890Z   PKG_CONFIG_PATH: /opt/hostedtoolcache/Python/3.11.13/x64/lib/pkgconfig
2025-08-25T15:38:21.2581302Z   Python_ROOT_DIR: /opt/hostedtoolcache/Python/3.11.13/x64
2025-08-25T15:38:21.2581720Z   Python2_ROOT_DIR: /opt/hostedtoolcache/Python/3.11.13/x64
2025-08-25T15:38:21.2582114Z   Python3_ROOT_DIR: /opt/hostedtoolcache/Python/3.11.13/x64
2025-08-25T15:38:21.2582484Z   LD_LIBRARY_PATH: /opt/hostedtoolcache/Python/3.11.13/x64/lib
2025-08-25T15:38:21.2582788Z ##[endgroup]
2025-08-25T15:38:23.0363451Z s                                                                        [100%]
2025-08-25T15:38:23.0364107Z ================================ tests coverage ================================
2025-08-25T15:38:23.0364788Z _______________ coverage: platform linux, python 3.11.13-final-0 _______________
2025-08-25T15:38:23.0365279Z 
2025-08-25T15:38:23.0365508Z Name                                                       Stmts   Miss  Cover
2025-08-25T15:38:23.0366043Z ------------------------------------------------------------------------------
2025-08-25T15:38:23.0366612Z services/__init__.py                                           0      0   100%
2025-08-25T15:38:23.0367232Z services/alert_bot/__init__.py                                 0      0   100%
2025-08-25T15:38:23.0367904Z services/alert_bot/alert_bot.py                               22     22     0%
2025-08-25T15:38:23.0368884Z services/alert_bot/rules/__init__.py                          63     63     0%
2025-08-25T15:38:23.0369546Z services/api/__init__.py                                       0      0   100%
2025-08-25T15:38:23.0370178Z services/api/config.py                                        24     24     0%
2025-08-25T15:38:23.0370783Z services/api/db.py                                            16     16     0%
2025-08-25T15:38:23.0371365Z services/api/errors.py                                        39     39     0%
2025-08-25T15:38:23.0372013Z services/api/logging_config.py                                15     15     0%
2025-08-25T15:38:23.0372664Z services/api/main.py                                         143    143     0%
2025-08-25T15:38:23.0373298Z services/api/models/__init__.py                                0      0   100%
2025-08-25T15:38:23.0373936Z services/api/models/fee.py                                    11     11     0%
2025-08-25T15:38:23.0374600Z services/api/roi_repository.py                                21     21     0%
2025-08-25T15:38:23.0375267Z services/api/routes/__init__.py                                0      0   100%
2025-08-25T15:38:23.0375988Z services/api/routes/health.py                                 19     19     0%
2025-08-25T15:38:23.0376709Z services/api/routes/repository.py                             16     16     0%
2025-08-25T15:38:23.0377392Z services/api/routes/roi.py                                    77     77     0%
2025-08-25T15:38:23.0378370Z services/api/routes/score.py                                  56     56     0%
2025-08-25T15:38:23.0379225Z services/api/routes/stats.py                                  49     49     0%
2025-08-25T15:38:23.0379878Z services/api/security.py                                      10     10     0%
2025-08-25T15:38:23.0380525Z services/api/sentry_config.py                                 65     65     0%
2025-08-25T15:38:23.0381154Z services/common/__init__.py                                    4      0   100%
2025-08-25T15:38:23.0381778Z services/common/base.py                                        3      0   100%
2025-08-25T15:38:23.0382411Z services/common/config.py                                      4      4     0%
2025-08-25T15:38:23.0383029Z services/common/db.py                                         34     34     0%
2025-08-25T15:38:23.0383640Z services/common/db_url.py                                      4      4     0%
2025-08-25T15:38:23.0384244Z services/common/dsn.py                                        49     37    24%
2025-08-25T15:38:23.0384873Z services/common/keepa.py                                       7      4    43%
2025-08-25T15:38:23.0385710Z services/common/llm.py                                        65     65     0%
2025-08-25T15:38:23.0386339Z services/common/models_vendor.py                              24      0   100%
2025-08-25T15:38:23.0387007Z services/common/settings.py                                   20     20     0%
2025-08-25T15:38:23.0387628Z services/db/__init__.py                                        0      0   100%
2025-08-25T15:38:23.0388229Z services/db/utils/__init__.py                                  0      0   100%
2025-08-25T15:38:23.0389012Z services/db/utils/views.py                                     5      5     0%
2025-08-25T15:38:23.0389665Z services/emailer/__init__.py                                   4      4     0%
2025-08-25T15:38:23.0390304Z services/emailer/generate_body.py                              3      3     0%
2025-08-25T15:38:23.0390946Z services/etl/__init__.py                                       9      9     0%
2025-08-25T15:38:23.0391561Z services/etl/db.py                                             2      2     0%
2025-08-25T15:38:23.0392195Z services/etl/dialects/__init__.py                              9      9     0%
2025-08-25T15:38:23.0392887Z services/etl/dialects/amazon_ads_sp_cost.py                   31     31     0%
2025-08-25T15:38:23.0393617Z services/etl/dialects/amazon_fee_preview.py                   30     30     0%
2025-08-25T15:38:23.0394366Z services/etl/dialects/amazon_inventory_ledger.py              28     28     0%
2025-08-25T15:38:23.0395186Z services/etl/dialects/amazon_reimbursements.py                16     16     0%
2025-08-25T15:38:23.0395965Z services/etl/dialects/amazon_returns.py                       16     16     0%
2025-08-25T15:38:23.0396709Z services/etl/dialects/amazon_settlements.py                   27     27     0%
2025-08-25T15:38:23.0397424Z services/etl/dialects/schemas.py                              25     25     0%
2025-08-25T15:38:23.0398174Z services/etl/dialects/test_generic.py                         15     15     0%
2025-08-25T15:38:23.0399016Z services/etl/fba_fee_ingestor.py                              33     33     0%
2025-08-25T15:38:23.0399692Z services/etl/healthcheck.py                                   42     42     0%
2025-08-25T15:38:23.0400381Z services/etl/keepa_ingestor.py                                47     47     0%
2025-08-25T15:38:23.0401059Z services/etl/sp_fees_ingestor.py                              39     39     0%
2025-08-25T15:38:23.0401710Z services/fees_h10/__init__.py                                  0      0   100%
2025-08-25T15:38:23.0402338Z services/fees_h10/client.py                                   12     12     0%
2025-08-25T15:38:23.0402999Z services/fees_h10/repository.py                               39     39     0%
2025-08-25T15:38:23.0403691Z services/fees_h10/worker.py                                   47     47     0%
2025-08-25T15:38:23.0404512Z services/ingest/__init__.py                                    0      0   100%
2025-08-25T15:38:23.0405166Z services/ingest/celery_app.py                                 32     32     0%
2025-08-25T15:38:23.0405844Z services/ingest/copy_loader.py                                57     57     0%
2025-08-25T15:38:23.0406536Z services/ingest/email_watcher.py                              50     50     0%
2025-08-25T15:38:23.0407240Z services/ingest/healthcheck.py                                50     50     0%
2025-08-25T15:38:23.0407951Z services/ingest/ingest_router.py                               8      8     0%
2025-08-25T15:38:23.0408845Z services/ingest/maintenance.py                                31     31     0%
2025-08-25T15:38:23.0409534Z services/ingest/tasks.py                                      56     56     0%
2025-08-25T15:38:23.0410187Z services/ingest/upload_router.py                              22     22     0%
2025-08-25T15:38:23.0410862Z services/llm_server/__init__.py                                0      0   100%
2025-08-25T15:38:23.0411515Z services/llm_server/app.py                                    22     22     0%
2025-08-25T15:38:23.0412323Z services/logistics_etl/__init__.py                             0      0   100%
2025-08-25T15:38:23.0412999Z services/logistics_etl/__main__.py                             7      7     0%
2025-08-25T15:38:23.0413680Z services/logistics_etl/client.py                              20     20     0%
2025-08-25T15:38:23.0414355Z services/logistics_etl/cron.py                                11     11     0%
2025-08-25T15:38:23.0415010Z services/logistics_etl/db.py                                  13     13     0%
2025-08-25T15:38:23.0415671Z services/logistics_etl/dsn.py                                 33     33     0%
2025-08-25T15:38:23.0416337Z services/logistics_etl/flow.py                                14     14     0%
2025-08-25T15:38:23.0417049Z services/logistics_etl/repository.py                          50     50     0%
2025-08-25T15:38:23.0417777Z services/price_importer/__init__.py                            1      1     0%
2025-08-25T15:38:23.0418649Z services/price_importer/common/__init__.py                     2      2     0%
2025-08-25T15:38:23.0419376Z services/price_importer/common/base.py                         2      2     0%
2025-08-25T15:38:23.0420123Z services/price_importer/common/db_url.py                       6      6     0%
2025-08-25T15:38:23.0420872Z services/price_importer/common/models_vendor.py               22     22     0%
2025-08-25T15:38:23.0421593Z services/price_importer/import.py                             21     21     0%
2025-08-25T15:38:23.0422299Z services/price_importer/normaliser.py                         20     20     0%
2025-08-25T15:38:23.0423020Z services/price_importer/reader.py                             30     30     0%
2025-08-25T15:38:23.0423732Z services/price_importer/repository.py                         38     38     0%
2025-08-25T15:38:23.0424459Z services/price_importer/services_common/__init__.py            4      4     0%
2025-08-25T15:38:23.0425198Z services/price_importer/services_common/base.py                3      3     0%
2025-08-25T15:38:23.0425921Z services/price_importer/services_common/db.py                 34     34     0%
2025-08-25T15:38:23.0426651Z services/price_importer/services_common/db_url.py              4      4     0%
2025-08-25T15:38:23.0427373Z services/price_importer/services_common/dsn.py                27     27     0%
2025-08-25T15:38:23.0428089Z services/price_importer/services_common/keepa.py               7      7     0%
2025-08-25T15:38:23.0428951Z services/price_importer/services_common/llm.py                36     36     0%
2025-08-25T15:38:23.0429701Z services/price_importer/services_common/models_vendor.py      22     22     0%
2025-08-25T15:38:23.0430431Z services/price_importer/services_common/settings.py           19     19     0%
2025-08-25T15:38:23.0431137Z services/repricer/__init__.py                                  0      0   100%
2025-08-25T15:38:23.0431982Z services/repricer/app/__init__.py                              0      0   100%
2025-08-25T15:38:23.0432655Z services/repricer/app/deps.py                                  0      0   100%
2025-08-25T15:38:23.0433310Z services/repricer/app/logic.py                                 5      5     0%
2025-08-25T15:38:23.0433967Z services/repricer/app/main.py                                 20     20     0%
2025-08-25T15:38:23.0434626Z services/repricer/app/schemas.py                              10     10     0%
2025-08-25T15:38:23.0435215Z ------------------------------------------------------------------------------
2025-08-25T15:38:23.0435725Z TOTAL                                                       2148   2102     2%
2025-08-25T15:38:23.1552515Z 1 skipped in 0.40s
2025-08-25T15:38:23.2861250Z ##[group]Run actions/upload-artifact@v4
2025-08-25T15:38:23.2861545Z with:
2025-08-25T15:38:23.2861744Z   name: coverage.integration
2025-08-25T15:38:23.2861974Z   path: .coverage
2025-08-25T15:38:23.2862170Z   if-no-files-found: warn
2025-08-25T15:38:23.2862385Z   compression-level: 6
2025-08-25T15:38:23.2862774Z   overwrite: false
2025-08-25T15:38:23.2862975Z   include-hidden-files: false
2025-08-25T15:38:23.2863191Z env:
2025-08-25T15:38:23.2863363Z   PG_USER: postgres
2025-08-25T15:38:23.2863549Z   PG_PASSWORD: pass
2025-08-25T15:38:23.2863736Z   PG_DATABASE: awa
2025-08-25T15:38:23.2863922Z   PG_HOST: localhost
2025-08-25T15:38:23.2864109Z   PG_PORT: 5432
2025-08-25T15:38:23.2864559Z   PG_SYNC_DSN: ***localhost:5432/awa
2025-08-25T15:38:23.2864971Z   PG_ASYNC_DSN: ***localhost:5432/awa
2025-08-25T15:38:23.2865367Z   DATABASE_URL: ***localhost:5432/awa
2025-08-25T15:38:23.2865619Z   DATA_DIR: /tmp/awa-data
2025-08-25T15:38:23.2865830Z   ENABLE_LIVE: 0
2025-08-25T15:38:23.2866044Z   TESTING: 1
2025-08-25T15:38:23.2866293Z   pythonLocation: /opt/hostedtoolcache/Python/3.11.13/x64
2025-08-25T15:38:23.2866701Z   PKG_CONFIG_PATH: /opt/hostedtoolcache/Python/3.11.13/x64/lib/pkgconfig
2025-08-25T15:38:23.2867096Z   Python_ROOT_DIR: /opt/hostedtoolcache/Python/3.11.13/x64
2025-08-25T15:38:23.2867493Z   Python2_ROOT_DIR: /opt/hostedtoolcache/Python/3.11.13/x64
2025-08-25T15:38:23.2867856Z   Python3_ROOT_DIR: /opt/hostedtoolcache/Python/3.11.13/x64
2025-08-25T15:38:23.2868215Z   LD_LIBRARY_PATH: /opt/hostedtoolcache/Python/3.11.13/x64/lib
2025-08-25T15:38:23.2868703Z ##[endgroup]
2025-08-25T15:38:23.5069762Z ##[warning]No files were found with the provided path: .coverage. No artifacts will be uploaded.
2025-08-25T15:38:23.5677726Z Post job cleanup.
2025-08-25T15:38:23.6934019Z Cache hit occurred on the primary key Linux-int-cc13ccef493b9f3a93ad5651164d9fb09282c1111f6f72ce20e0657de16de6b4, not saving cache.
2025-08-25T15:38:23.7011950Z Post job cleanup.
2025-08-25T15:38:23.8517276Z Cache hit occurred on the primary key setup-python-Linux-x64-24.04-Ubuntu-python-3.11.13-pip-cc13ccef493b9f3a93ad5651164d9fb09282c1111f6f72ce20e0657de16de6b4, not saving cache.
2025-08-25T15:38:23.8625930Z Post job cleanup.
2025-08-25T15:38:23.9409200Z [command]/usr/bin/git version
2025-08-25T15:38:23.9443915Z git version 2.51.0
2025-08-25T15:38:23.9480281Z Temporarily overriding HOME='/home/runner/work/_temp/f329575f-1786-41dd-9f1e-3bc239abfd53' before making global git config changes
2025-08-25T15:38:23.9481391Z Adding repository directory to the temporary git global config as a safe directory
2025-08-25T15:38:23.9485998Z [command]/usr/bin/git config --global --add safe.directory /home/runner/work/AWA-App/AWA-App
2025-08-25T15:38:23.9521458Z [command]/usr/bin/git config --local --name-only --get-regexp core\.sshCommand
2025-08-25T15:38:23.9611226Z [command]/usr/bin/git submodule foreach --recursive sh -c "git config --local --name-only --get-regexp 'core\.sshCommand' && git config --local --unset-all 'core.sshCommand' || :"
2025-08-25T15:38:23.9786002Z [command]/usr/bin/git config --local --name-only --get-regexp http\.https\:\/\/github\.com\/\.extraheader
2025-08-25T15:38:23.9808161Z http.https://github.com/.extraheader
2025-08-25T15:38:23.9818317Z [command]/usr/bin/git config --local --unset-all http.https://github.com/.extraheader
2025-08-25T15:38:23.9849811Z [command]/usr/bin/git submodule foreach --recursive sh -c "git config --local --name-only --get-regexp 'http\.https\:\/\/github\.com\/\.extraheader' && git config --local --unset-all 'http.https://github.com/.extraheader' || :"
2025-08-25T15:38:24.0156835Z Print service container logs: d2916f660d9e412da67d4fde31ff0fd9_postgres15_d23d0e
2025-08-25T15:38:24.0161710Z ##[command]/usr/bin/docker logs --details 89afedb23f9589bf4d006a95d610671eea49f911c5a7651ca4e738a8f7bbd26b
2025-08-25T15:38:24.0278862Z  The files belonging to this database system will be owned by user "postgres".
2025-08-25T15:38:24.0281181Z  initdb: warning: enabling "trust" authentication for local connections
2025-08-25T15:38:24.0282311Z  initdb: hint: You can change this by editing pg_hba.conf or using the option -A, or --auth-local and --auth-host, the next time you run initdb.
2025-08-25T15:38:24.0283754Z  2025-08-25 15:37:21.257 UTC [1] LOG:  starting PostgreSQL 15.14 (Debian 15.14-1.pgdg13+1) on x86_64-pc-linux-gnu, compiled by gcc (Debian 14.2.0-19) 14.2.0, 64-bit
2025-08-25T15:38:24.0285179Z  2025-08-25 15:37:21.257 UTC [1] LOG:  listening on IPv4 address "0.0.0.0", port 5432
2025-08-25T15:38:24.0285982Z  2025-08-25 15:37:21.257 UTC [1] LOG:  listening on IPv6 address "::", port 5432
2025-08-25T15:38:24.0286771Z  2025-08-25 15:37:21.258 UTC [1] LOG:  listening on Unix socket "/var/run/postgresql/.s.PGSQL.5432"
2025-08-25T15:38:24.0287622Z  2025-08-25 15:37:21.262 UTC [64] LOG:  database system was shut down at 2025-08-25 15:37:21 UTC
2025-08-25T15:38:24.0288348Z  2025-08-25 15:37:21.265 UTC [1] LOG:  database system is ready to accept connections
2025-08-25T15:38:24.0289136Z  This user must also own the server process.
2025-08-25T15:38:24.0289594Z  
2025-08-25T15:38:24.0290024Z  The database cluster will be initialized with locale "en_US.utf8".
2025-08-25T15:38:24.0290725Z  The default database encoding has accordingly been set to "UTF8".
2025-08-25T15:38:24.0291403Z  The default text search configuration will be set to "english".
2025-08-25T15:38:24.0291928Z  
2025-08-25T15:38:24.0292222Z  Data page checksums are disabled.
2025-08-25T15:38:24.0292610Z  
2025-08-25T15:38:24.0293079Z  fixing permissions on existing directory /var/lib/postgresql/data ... ok
2025-08-25T15:38:24.0293713Z  creating subdirectories ... ok
2025-08-25T15:38:24.0294202Z  selecting dynamic shared memory implementation ... posix
2025-08-25T15:38:24.0294751Z  selecting default max_connections ... 100
2025-08-25T15:38:24.0295223Z  selecting default shared_buffers ... 128MB
2025-08-25T15:38:24.0295674Z  selecting default time zone ... Etc/UTC
2025-08-25T15:38:24.0296123Z  creating configuration files ... ok
2025-08-25T15:38:24.0296755Z  running bootstrap script ... ok
2025-08-25T15:38:24.0297220Z  performing post-bootstrap initialization ... ok
2025-08-25T15:38:24.0297700Z  syncing data to disk ... ok
2025-08-25T15:38:24.0297994Z  
2025-08-25T15:38:24.0298146Z  
2025-08-25T15:38:24.0298371Z  Success. You can now start the database server using:
2025-08-25T15:38:24.0298921Z  
2025-08-25T15:38:24.0299155Z      pg_ctl -D /var/lib/postgresql/data -l logfile start
2025-08-25T15:38:24.0299435Z  
2025-08-25T15:38:24.0300003Z  waiting for server to start....2025-08-25 15:37:20.951 UTC [48] LOG:  starting PostgreSQL 15.14 (Debian 15.14-1.pgdg13+1) on x86_64-pc-linux-gnu, compiled by gcc (Debian 14.2.0-19) 14.2.0, 64-bit
2025-08-25T15:38:24.0300778Z  2025-08-25 15:37:20.952 UTC [48] LOG:  listening on Unix socket "/var/run/postgresql/.s.PGSQL.5432"
2025-08-25T15:38:24.0301302Z  2025-08-25 15:37:20.955 UTC [51] LOG:  database system was shut down at 2025-08-25 15:37:20 UTC
2025-08-25T15:38:24.0301771Z  2025-08-25 15:37:20.959 UTC [48] LOG:  database system is ready to accept connections
2025-08-25T15:38:24.0302101Z   done
2025-08-25T15:38:24.0302269Z  server started
2025-08-25T15:38:24.0302452Z  CREATE DATABASE
2025-08-25T15:38:24.0302629Z  
2025-08-25T15:38:24.0302781Z  
2025-08-25T15:38:24.0303090Z  /usr/local/bin/docker-entrypoint.sh: ignoring /docker-entrypoint-initdb.d/*
2025-08-25T15:38:24.0303467Z  
2025-08-25T15:38:24.0303702Z  2025-08-25 15:37:21.137 UTC [48] LOG:  received fast shutdown request
2025-08-25T15:38:24.0304388Z  waiting for server to shut down....2025-08-25 15:37:21.138 UTC [48] LOG:  aborting any active transactions
2025-08-25T15:38:24.0305028Z  2025-08-25 15:37:21.141 UTC [48] LOG:  background worker "logical replication launcher" (PID 54) exited with exit code 1
2025-08-25T15:38:24.0305510Z  2025-08-25 15:37:21.141 UTC [49] LOG:  shutting down
2025-08-25T15:38:24.0305863Z  2025-08-25 15:37:21.141 UTC [49] LOG:  checkpoint starting: shutdown immediate
2025-08-25T15:38:24.0306716Z  2025-08-25 15:37:21.158 UTC [49] LOG:  checkpoint complete: wrote 922 buffers (5.6%); 0 WAL file(s) added, 0 removed, 0 recycled; write=0.013 s, sync=0.003 s, total=0.018 s; sync files=301, longest=0.001 s, average=0.001 s; distance=4239 kB, estimate=4239 kB
2025-08-25T15:38:24.0307545Z  2025-08-25 15:37:21.164 UTC [48] LOG:  database system is shut down
2025-08-25T15:38:24.0307964Z   done
2025-08-25T15:38:24.0308132Z  server stopped
2025-08-25T15:38:24.0308303Z  
2025-08-25T15:38:24.0308699Z  PostgreSQL init process complete; ready for start up.
2025-08-25T15:38:24.0308983Z  
2025-08-25T15:38:24.0314423Z Stop and remove container: d2916f660d9e412da67d4fde31ff0fd9_postgres15_d23d0e
2025-08-25T15:38:24.0318984Z ##[command]/usr/bin/docker rm --force 89afedb23f9589bf4d006a95d610671eea49f911c5a7651ca4e738a8f7bbd26b
2025-08-25T15:38:24.9721535Z 89afedb23f9589bf4d006a95d610671eea49f911c5a7651ca4e738a8f7bbd26b
2025-08-25T15:38:24.9749205Z Remove container network: github_network_31ae0e38bb68490e8a928710af00be69
2025-08-25T15:38:24.9753687Z ##[command]/usr/bin/docker network rm github_network_31ae0e38bb68490e8a928710af00be69
2025-08-25T15:38:25.0803565Z github_network_31ae0e38bb68490e8a928710af00be69
2025-08-25T15:38:25.0858088Z Cleaning up orphan processes
