2025-08-20T21:23:53.5960413Z Current runner version: '2.328.0'
2025-08-20T21:23:53.5983946Z ##[group]Runner Image Provisioner
2025-08-20T21:23:53.5984744Z Hosted Compute Agent
2025-08-20T21:23:53.5985362Z Version: 20250818.377
2025-08-20T21:23:53.5985964Z Commit: 3c593e9f75fe0b87e893bca80d6e12ba089c61fc
2025-08-20T21:23:53.5986641Z Build Date: 2025-08-18T14:52:18Z
2025-08-20T21:23:53.5987266Z ##[endgroup]
2025-08-20T21:23:53.5987830Z ##[group]Operating System
2025-08-20T21:23:53.5988357Z Ubuntu
2025-08-20T21:23:53.5988883Z 24.04.2
2025-08-20T21:23:53.5989315Z LTS
2025-08-20T21:23:53.5989763Z ##[endgroup]
2025-08-20T21:23:53.5990246Z ##[group]Runner Image
2025-08-20T21:23:53.5990841Z Image: ubuntu-24.04
2025-08-20T21:23:53.5991314Z Version: 20250818.1.0
2025-08-20T21:23:53.5992361Z Included Software: https://github.com/actions/runner-images/blob/ubuntu24/20250818.1/images/ubuntu/Ubuntu2404-Readme.md
2025-08-20T21:23:53.5994110Z Image Release: https://github.com/actions/runner-images/releases/tag/ubuntu24%2F20250818.1
2025-08-20T21:23:53.5995551Z ##[endgroup]
2025-08-20T21:23:53.5997975Z ##[group]GITHUB_TOKEN Permissions
2025-08-20T21:23:53.6000251Z Actions: write
2025-08-20T21:23:53.6000792Z Attestations: write
2025-08-20T21:23:53.6001305Z Checks: write
2025-08-20T21:23:53.6001743Z Contents: write
2025-08-20T21:23:53.6002336Z Deployments: write
2025-08-20T21:23:53.6003062Z Discussions: write
2025-08-20T21:23:53.6003518Z Issues: write
2025-08-20T21:23:53.6004081Z Metadata: read
2025-08-20T21:23:53.6004532Z Models: read
2025-08-20T21:23:53.6005011Z Packages: write
2025-08-20T21:23:53.6005561Z Pages: write
2025-08-20T21:23:53.6006058Z PullRequests: write
2025-08-20T21:23:53.6006587Z RepositoryProjects: write
2025-08-20T21:23:53.6007198Z SecurityEvents: write
2025-08-20T21:23:53.6007828Z Statuses: write
2025-08-20T21:23:53.6008293Z ##[endgroup]
2025-08-20T21:23:53.6010427Z Secret source: Actions
2025-08-20T21:23:53.6011341Z Prepare workflow directory
2025-08-20T21:23:53.6430749Z Prepare all required actions
2025-08-20T21:23:53.6469467Z Getting action download info
2025-08-20T21:23:54.1261917Z Download action repository 'actions/checkout@v5' (SHA:08c6903cd8c0fde910a37f88322edcfb5dd907a8)
2025-08-20T21:23:54.4883619Z Download action repository 'actions/setup-python@v5' (SHA:a26af69be951a213d495a4c3e4e4022e16d87065)
2025-08-20T21:23:54.6474487Z Download action repository 'actions/cache@v4' (SHA:0400d5f644dc74513175e3cd8d07132dd4860809)
2025-08-20T21:23:54.8591920Z Download action repository 'actions/upload-artifact@v4' (SHA:ea165f8d65b6e75b540449e92b4886f43607fa02)
2025-08-20T21:23:55.1609685Z Complete job name: integration-db
2025-08-20T21:23:55.2137814Z ##[group]Checking docker version
2025-08-20T21:23:55.2151177Z ##[command]/usr/bin/docker version --format '{{.Server.APIVersion}}'
2025-08-20T21:23:56.1503745Z '1.48'
2025-08-20T21:23:56.1515938Z Docker daemon API version: '1.48'
2025-08-20T21:23:56.1516667Z ##[command]/usr/bin/docker version --format '{{.Client.APIVersion}}'
2025-08-20T21:23:56.1675480Z '1.48'
2025-08-20T21:23:56.1688637Z Docker client API version: '1.48'
2025-08-20T21:23:56.1694770Z ##[endgroup]
2025-08-20T21:23:56.1698165Z ##[group]Clean up resources from previous jobs
2025-08-20T21:23:56.1703702Z ##[command]/usr/bin/docker ps --all --quiet --no-trunc --filter "label=591b49"
2025-08-20T21:23:56.1924993Z ##[command]/usr/bin/docker network prune --force --filter "label=591b49"
2025-08-20T21:23:56.2056681Z ##[endgroup]
2025-08-20T21:23:56.2057425Z ##[group]Create local container network
2025-08-20T21:23:56.2067557Z ##[command]/usr/bin/docker network create --label 591b49 github_network_acb64b776cb8454f9b84eb98b3f3cf09
2025-08-20T21:23:56.2599700Z aaebaced113583ccfa5e757d23b28f3a8c2bf86d3a0848c21468a342e8c816d9
2025-08-20T21:23:56.2617353Z ##[endgroup]
2025-08-20T21:23:56.2642170Z ##[group]Starting postgres service container
2025-08-20T21:23:56.2661685Z ##[command]/usr/bin/docker pull postgres:15
2025-08-20T21:23:57.3097890Z 15: Pulling from library/postgres
2025-08-20T21:23:57.5802933Z 396b1da7636e: Pulling fs layer
2025-08-20T21:23:57.5804083Z fca2566eba32: Pulling fs layer
2025-08-20T21:23:57.5804540Z 631fe8c6d606: Pulling fs layer
2025-08-20T21:23:57.5804933Z 77c7671c4414: Pulling fs layer
2025-08-20T21:23:57.5805326Z 2d9e29180a27: Pulling fs layer
2025-08-20T21:23:57.5805710Z c6bcc2c9a041: Pulling fs layer
2025-08-20T21:23:57.5805992Z ac4b721eb66f: Pulling fs layer
2025-08-20T21:23:57.5806253Z 606bd164980e: Pulling fs layer
2025-08-20T21:23:57.5806526Z f5dfd246bc6e: Pulling fs layer
2025-08-20T21:23:57.5806809Z ba7036bb0a60: Pulling fs layer
2025-08-20T21:23:57.5807057Z 799f859abbbd: Pulling fs layer
2025-08-20T21:23:57.5807321Z d903e777080c: Pulling fs layer
2025-08-20T21:23:57.5807574Z 04adcb462801: Pulling fs layer
2025-08-20T21:23:57.5807829Z 5c10925b29ff: Pulling fs layer
2025-08-20T21:23:57.5808098Z 77c7671c4414: Waiting
2025-08-20T21:23:57.5808321Z 2d9e29180a27: Waiting
2025-08-20T21:23:57.5808533Z f5dfd246bc6e: Waiting
2025-08-20T21:23:57.5808754Z c6bcc2c9a041: Waiting
2025-08-20T21:23:57.5808966Z ba7036bb0a60: Waiting
2025-08-20T21:23:57.5809180Z ac4b721eb66f: Waiting
2025-08-20T21:23:57.5809390Z 606bd164980e: Waiting
2025-08-20T21:23:57.5809594Z 799f859abbbd: Waiting
2025-08-20T21:23:57.5809801Z d903e777080c: Waiting
2025-08-20T21:23:57.5810002Z 04adcb462801: Waiting
2025-08-20T21:23:57.5810211Z 5c10925b29ff: Waiting
2025-08-20T21:23:57.8514048Z fca2566eba32: Download complete
2025-08-20T21:23:57.9013369Z 631fe8c6d606: Verifying Checksum
2025-08-20T21:23:57.9014387Z 631fe8c6d606: Download complete
2025-08-20T21:23:58.1335191Z 77c7671c4414: Verifying Checksum
2025-08-20T21:23:58.1336226Z 77c7671c4414: Download complete
2025-08-20T21:23:58.1937939Z 396b1da7636e: Verifying Checksum
2025-08-20T21:23:58.1938614Z 396b1da7636e: Download complete
2025-08-20T21:23:58.4525007Z c6bcc2c9a041: Verifying Checksum
2025-08-20T21:23:58.4525562Z c6bcc2c9a041: Download complete
2025-08-20T21:23:58.4559122Z ac4b721eb66f: Verifying Checksum
2025-08-20T21:23:58.4559678Z ac4b721eb66f: Download complete
2025-08-20T21:23:58.4700902Z 2d9e29180a27: Verifying Checksum
2025-08-20T21:23:58.4702177Z 2d9e29180a27: Download complete
2025-08-20T21:23:58.7326555Z ba7036bb0a60: Verifying Checksum
2025-08-20T21:23:58.7327054Z ba7036bb0a60: Download complete
2025-08-20T21:23:58.7729748Z 606bd164980e: Verifying Checksum
2025-08-20T21:23:58.7737227Z 606bd164980e: Download complete
2025-08-20T21:23:58.9944245Z 799f859abbbd: Verifying Checksum
2025-08-20T21:23:58.9947962Z 799f859abbbd: Download complete
2025-08-20T21:23:59.0420664Z d903e777080c: Verifying Checksum
2025-08-20T21:23:59.0421187Z d903e777080c: Download complete
2025-08-20T21:23:59.1721774Z 396b1da7636e: Pull complete
2025-08-20T21:23:59.2837356Z 04adcb462801: Verifying Checksum
2025-08-20T21:23:59.2837908Z 04adcb462801: Download complete
2025-08-20T21:23:59.3100353Z fca2566eba32: Pull complete
2025-08-20T21:23:59.3328061Z 5c10925b29ff: Download complete
2025-08-20T21:23:59.5172417Z 631fe8c6d606: Pull complete
2025-08-20T21:23:59.5709618Z 77c7671c4414: Pull complete
2025-08-20T21:23:59.9112028Z 2d9e29180a27: Pull complete
2025-08-20T21:23:59.9978756Z c6bcc2c9a041: Pull complete
2025-08-20T21:24:00.0174751Z ac4b721eb66f: Pull complete
2025-08-20T21:24:00.0301873Z 606bd164980e: Pull complete
2025-08-20T21:24:00.1227554Z f5dfd246bc6e: Verifying Checksum
2025-08-20T21:24:03.0505979Z f5dfd246bc6e: Download complete
2025-08-20T21:24:03.0506421Z f5dfd246bc6e: Pull complete
2025-08-20T21:24:03.0755952Z ba7036bb0a60: Pull complete
2025-08-20T21:24:03.0904384Z 799f859abbbd: Pull complete
2025-08-20T21:24:03.1036178Z d903e777080c: Pull complete
2025-08-20T21:24:03.1176759Z 04adcb462801: Pull complete
2025-08-20T21:24:03.1294681Z 5c10925b29ff: Pull complete
2025-08-20T21:24:03.1363222Z Digest: sha256:bc51cf4f1fe02cce7ed2370b20128a9b00b4eb804573a77d2a0d877aaa9c82b1
2025-08-20T21:24:03.1379044Z Status: Downloaded newer image for postgres:15
2025-08-20T21:24:03.1390623Z docker.io/library/postgres:15
2025-08-20T21:24:03.1457451Z ##[command]/usr/bin/docker create --name be2c5fac0399400582130c9157f4591f_postgres15_612219 --label 591b49 --network github_network_acb64b776cb8454f9b84eb98b3f3cf09 --network-alias postgres -p 5432:5432 --health-cmd="pg_isready -U postgres -d awa" --health-interval=5s --health-timeout=5s --health-retries=10 -e "POSTGRES_USER=postgres" -e "POSTGRES_PASSWORD=pass" -e "POSTGRES_DB=awa" -e GITHUB_ACTIONS=true -e CI=true postgres:15
2025-08-20T21:24:03.1730951Z 72d470cf0f9f774235532dc31e6e5627c26e417797169259e96ee898590a9d06
2025-08-20T21:24:03.1756196Z ##[command]/usr/bin/docker start 72d470cf0f9f774235532dc31e6e5627c26e417797169259e96ee898590a9d06
2025-08-20T21:24:03.9049196Z 72d470cf0f9f774235532dc31e6e5627c26e417797169259e96ee898590a9d06
2025-08-20T21:24:03.9072833Z ##[command]/usr/bin/docker ps --all --filter id=72d470cf0f9f774235532dc31e6e5627c26e417797169259e96ee898590a9d06 --filter status=running --no-trunc --format "{{.ID}} {{.Status}}"
2025-08-20T21:24:03.9213271Z 72d470cf0f9f774235532dc31e6e5627c26e417797169259e96ee898590a9d06 Up Less than a second (health: starting)
2025-08-20T21:24:03.9233693Z ##[command]/usr/bin/docker port 72d470cf0f9f774235532dc31e6e5627c26e417797169259e96ee898590a9d06
2025-08-20T21:24:03.9365482Z 5432/tcp -> 0.0.0.0:5432
2025-08-20T21:24:03.9366115Z 5432/tcp -> [::]:5432
2025-08-20T21:24:03.9419528Z ##[endgroup]
2025-08-20T21:24:03.9428251Z ##[group]Waiting for all services to be ready
2025-08-20T21:24:03.9442129Z ##[command]/usr/bin/docker inspect --format="{{if .Config.Healthcheck}}{{print .State.Health.Status}}{{end}}" 72d470cf0f9f774235532dc31e6e5627c26e417797169259e96ee898590a9d06
2025-08-20T21:24:03.9581425Z starting
2025-08-20T21:24:03.9607548Z postgres service is starting, waiting 2 seconds before checking again.
2025-08-20T21:24:05.9607379Z ##[command]/usr/bin/docker inspect --format="{{if .Config.Healthcheck}}{{print .State.Health.Status}}{{end}}" 72d470cf0f9f774235532dc31e6e5627c26e417797169259e96ee898590a9d06
2025-08-20T21:24:05.9734225Z starting
2025-08-20T21:24:05.9748599Z postgres service is starting, waiting 3 seconds before checking again.
2025-08-20T21:24:09.6048395Z ##[command]/usr/bin/docker inspect --format="{{if .Config.Healthcheck}}{{print .State.Health.Status}}{{end}}" 72d470cf0f9f774235532dc31e6e5627c26e417797169259e96ee898590a9d06
2025-08-20T21:24:09.6168517Z healthy
2025-08-20T21:24:09.6185817Z postgres service is healthy.
2025-08-20T21:24:09.6186602Z ##[endgroup]
2025-08-20T21:24:09.6429606Z ##[group]Run actions/checkout@v5
2025-08-20T21:24:09.6430147Z with:
2025-08-20T21:24:09.6430326Z   fetch-depth: 0
2025-08-20T21:24:09.6430534Z   repository: AlexBomber12/AWA-App
2025-08-20T21:24:09.6430950Z   token: ***
2025-08-20T21:24:09.6431133Z   ssh-strict: true
2025-08-20T21:24:09.6431322Z   ssh-user: git
2025-08-20T21:24:09.6431508Z   persist-credentials: true
2025-08-20T21:24:09.6431725Z   clean: true
2025-08-20T21:24:09.6431916Z   sparse-checkout-cone-mode: true
2025-08-20T21:24:09.6432141Z   fetch-tags: false
2025-08-20T21:24:09.6432330Z   show-progress: true
2025-08-20T21:24:09.6432741Z   lfs: false
2025-08-20T21:24:09.6432924Z   submodules: false
2025-08-20T21:24:09.6433122Z   set-safe-directory: true
2025-08-20T21:24:09.6433615Z ##[endgroup]
2025-08-20T21:24:09.7416828Z Syncing repository: AlexBomber12/AWA-App
2025-08-20T21:24:09.7418210Z ##[group]Getting Git version info
2025-08-20T21:24:09.7418599Z Working directory is '/home/runner/work/AWA-App/AWA-App'
2025-08-20T21:24:09.7419231Z [command]/usr/bin/git version
2025-08-20T21:24:09.8241778Z git version 2.51.0
2025-08-20T21:24:09.8265868Z ##[endgroup]
2025-08-20T21:24:09.8281020Z Temporarily overriding HOME='/home/runner/work/_temp/eaa359a2-2677-45e3-8e3a-710d525361ed' before making global git config changes
2025-08-20T21:24:09.8282112Z Adding repository directory to the temporary git global config as a safe directory
2025-08-20T21:24:09.8286741Z [command]/usr/bin/git config --global --add safe.directory /home/runner/work/AWA-App/AWA-App
2025-08-20T21:24:09.8362695Z Deleting the contents of '/home/runner/work/AWA-App/AWA-App'
2025-08-20T21:24:09.8366546Z ##[group]Initializing the repository
2025-08-20T21:24:09.8371660Z [command]/usr/bin/git init /home/runner/work/AWA-App/AWA-App
2025-08-20T21:24:09.9230982Z hint: Using 'master' as the name for the initial branch. This default branch name
2025-08-20T21:24:09.9232343Z hint: is subject to change. To configure the initial branch name to use in all
2025-08-20T21:24:09.9233546Z hint: of your new repositories, which will suppress this warning, call:
2025-08-20T21:24:09.9234103Z hint:
2025-08-20T21:24:09.9234528Z hint: 	git config --global init.defaultBranch <name>
2025-08-20T21:24:09.9235016Z hint:
2025-08-20T21:24:09.9235480Z hint: Names commonly chosen instead of 'master' are 'main', 'trunk' and
2025-08-20T21:24:09.9236256Z hint: 'development'. The just-created branch can be renamed via this command:
2025-08-20T21:24:09.9236847Z hint:
2025-08-20T21:24:09.9237173Z hint: 	git branch -m <name>
2025-08-20T21:24:09.9237551Z hint:
2025-08-20T21:24:09.9238075Z hint: Disable this message with "git config set advice.defaultBranchName false"
2025-08-20T21:24:09.9266931Z Initialized empty Git repository in /home/runner/work/AWA-App/AWA-App/.git/
2025-08-20T21:24:09.9279884Z [command]/usr/bin/git remote add origin https://github.com/AlexBomber12/AWA-App
2025-08-20T21:24:09.9396179Z ##[endgroup]
2025-08-20T21:24:09.9396746Z ##[group]Disabling automatic garbage collection
2025-08-20T21:24:09.9400647Z [command]/usr/bin/git config --local gc.auto 0
2025-08-20T21:24:09.9431523Z ##[endgroup]
2025-08-20T21:24:09.9432159Z ##[group]Setting up auth
2025-08-20T21:24:09.9440018Z [command]/usr/bin/git config --local --name-only --get-regexp core\.sshCommand
2025-08-20T21:24:09.9471047Z [command]/usr/bin/git submodule foreach --recursive sh -c "git config --local --name-only --get-regexp 'core\.sshCommand' && git config --local --unset-all 'core.sshCommand' || :"
2025-08-20T21:24:10.1038103Z [command]/usr/bin/git config --local --name-only --get-regexp http\.https\:\/\/github\.com\/\.extraheader
2025-08-20T21:24:10.1069057Z [command]/usr/bin/git submodule foreach --recursive sh -c "git config --local --name-only --get-regexp 'http\.https\:\/\/github\.com\/\.extraheader' && git config --local --unset-all 'http.https://github.com/.extraheader' || :"
2025-08-20T21:24:10.1294392Z [command]/usr/bin/git config --local http.https://github.com/.extraheader AUTHORIZATION: basic ***
2025-08-20T21:24:10.1333917Z ##[endgroup]
2025-08-20T21:24:10.1334631Z ##[group]Fetching the repository
2025-08-20T21:24:10.1344208Z [command]/usr/bin/git -c protocol.version=2 fetch --prune --no-recurse-submodules origin +refs/heads/*:refs/remotes/origin/* +refs/tags/*:refs/tags/*
2025-08-20T21:24:12.9213622Z From https://github.com/AlexBomber12/AWA-App
2025-08-20T21:24:12.9214651Z  * [new branch]        codex/analyze-ci-logs-and-fix-failures -> origin/codex/analyze-ci-logs-and-fix-failures
2025-08-20T21:24:12.9215608Z  * [new branch]        codex/analyze-ci-logs-and-implement-fixes -> origin/codex/analyze-ci-logs-and-implement-fixes
2025-08-20T21:24:12.9216399Z  * [new branch]        codex/analyze-ci-logs-and-implement-fixes-sq2vte -> origin/codex/analyze-ci-logs-and-implement-fixes-sq2vte
2025-08-20T21:24:12.9217242Z  * [new branch]        codex/analyze-ci-logs-and-implement-fixes-uwhjgc -> origin/codex/analyze-ci-logs-and-implement-fixes-uwhjgc
2025-08-20T21:24:12.9218110Z  * [new branch]        codex/create-branch-and-enforce-coverage-requirements -> origin/codex/create-branch-and-enforce-coverage-requirements
2025-08-20T21:24:12.9218937Z  * [new branch]        codex/fix-ci-workflows-to-pass-all-tests -> origin/codex/fix-ci-workflows-to-pass-all-tests
2025-08-20T21:24:12.9219699Z  * [new branch]        codex/fix-mypy-errors-and-unify-dsn-variables -> origin/codex/fix-mypy-errors-and-unify-dsn-variables
2025-08-20T21:24:12.9220514Z  * [new branch]        codex/implement-targeted-fixes-for-ci-workflows -> origin/codex/implement-targeted-fixes-for-ci-workflows
2025-08-20T21:24:12.9221289Z  * [new branch]        codex/improve-ci/cd-pipeline-and-testing -> origin/codex/improve-ci/cd-pipeline-and-testing
2025-08-20T21:24:12.9221987Z  * [new branch]        codex/improve-docker-and-compose-setup -> origin/codex/improve-docker-and-compose-setup
2025-08-20T21:24:12.9223372Z  * [new branch]        codex/update-documentation-and-dependency-management -> origin/codex/update-documentation-and-dependency-management
2025-08-20T21:24:12.9224405Z  * [new branch]        codex/update-documentation-and-dependency-management-nz2amg -> origin/codex/update-documentation-and-dependency-management-nz2amg
2025-08-20T21:24:12.9225436Z  * [new branch]        dependabot/github_actions/main/actions/download-artifact-5 -> origin/dependabot/github_actions/main/actions/download-artifact-5
2025-08-20T21:24:12.9226097Z  * [new branch]        gh-pages   -> origin/gh-pages
2025-08-20T21:24:12.9226420Z  * [new branch]        main       -> origin/main
2025-08-20T21:24:12.9226698Z  * [new tag]           0.3.0      -> 0.3.0
2025-08-20T21:24:12.9319747Z [command]/usr/bin/git branch --list --remote origin/main
2025-08-20T21:24:12.9346453Z   origin/main
2025-08-20T21:24:12.9355645Z [command]/usr/bin/git rev-parse refs/remotes/origin/main
2025-08-20T21:24:12.9377047Z dee766bc6f03385e4cf133fd47bafdf97d9fe563
2025-08-20T21:24:12.9387578Z [command]/usr/bin/git -c protocol.version=2 fetch --no-tags --prune --no-recurse-submodules origin +d4f97ab7ada202212005496c386544e81850142f:refs/remotes/origin/main
2025-08-20T21:24:12.9475308Z From https://github.com/AlexBomber12/AWA-App
2025-08-20T21:24:12.9476420Z  + dee766bc...d4f97ab7 d4f97ab7ada202212005496c386544e81850142f -> origin/main  (forced update)
2025-08-20T21:24:12.9504012Z ##[endgroup]
2025-08-20T21:24:12.9504577Z ##[group]Determining the checkout info
2025-08-20T21:24:12.9505187Z ##[endgroup]
2025-08-20T21:24:12.9509588Z [command]/usr/bin/git sparse-checkout disable
2025-08-20T21:24:12.9583282Z [command]/usr/bin/git config --local --unset-all extensions.worktreeConfig
2025-08-20T21:24:12.9610259Z ##[group]Checking out the ref
2025-08-20T21:24:12.9615930Z [command]/usr/bin/git checkout --progress --force -B main refs/remotes/origin/main
2025-08-20T21:24:13.0001093Z Switched to a new branch 'main'
2025-08-20T21:24:13.0004111Z branch 'main' set up to track 'origin/main'.
2025-08-20T21:24:13.0013715Z ##[endgroup]
2025-08-20T21:24:13.0066080Z [command]/usr/bin/git log -1 --format=%H
2025-08-20T21:24:13.0090717Z d4f97ab7ada202212005496c386544e81850142f
2025-08-20T21:24:13.0255712Z ##[group]Run cat .env.ci >> "$GITHUB_ENV"
2025-08-20T21:24:13.0256062Z [36;1mcat .env.ci >> "$GITHUB_ENV"[0m
2025-08-20T21:24:13.0256743Z [36;1mecho "DATABASE_URL=***localhost:5432/awa" >> "$GITHUB_ENV"[0m
2025-08-20T21:24:13.0257118Z [36;1mecho "PG_HOST=localhost" >> "$GITHUB_ENV"[0m
2025-08-20T21:24:13.0257419Z [36;1mecho "PG_PORT=5432" >> "$GITHUB_ENV"[0m
2025-08-20T21:24:13.0257706Z [36;1mecho "PG_USER=postgres" >> "$GITHUB_ENV"[0m
2025-08-20T21:24:13.0258006Z [36;1mecho "PG_PASSWORD=pass" >> "$GITHUB_ENV"[0m
2025-08-20T21:24:13.0258286Z [36;1mecho "PG_DATABASE=awa" >> "$GITHUB_ENV"[0m
2025-08-20T21:24:13.0258564Z [36;1mecho "TESTING=1" >> "$GITHUB_ENV"[0m
2025-08-20T21:24:13.0303121Z shell: /usr/bin/bash -e {0}
2025-08-20T21:24:13.0303359Z ##[endgroup]
2025-08-20T21:24:13.0487733Z ##[group]Run actions/setup-python@v5
2025-08-20T21:24:13.0488020Z with:
2025-08-20T21:24:13.0488200Z   python-version: 3.11
2025-08-20T21:24:13.0488391Z   cache: pip
2025-08-20T21:24:13.0488614Z   cache-dependency-path: requirements-dev.txt

2025-08-20T21:24:13.0488883Z   check-latest: false
2025-08-20T21:24:13.0489190Z   token: ***
2025-08-20T21:24:13.0489372Z   update-environment: true
2025-08-20T21:24:13.0489595Z   allow-prereleases: false
2025-08-20T21:24:13.0489794Z   freethreaded: false
2025-08-20T21:24:13.0489975Z env:
2025-08-20T21:24:13.0490134Z   PG_USER: postgres
2025-08-20T21:24:13.0490311Z   PG_PASSWORD: pass
2025-08-20T21:24:13.0490492Z   PG_DATABASE: awa
2025-08-20T21:24:13.0490664Z   PG_HOST: localhost
2025-08-20T21:24:13.0490849Z   PG_PORT: 5432
2025-08-20T21:24:13.0491237Z   PG_SYNC_DSN: ***localhost:5432/awa
2025-08-20T21:24:13.0491640Z   PG_ASYNC_DSN: ***localhost:5432/awa
2025-08-20T21:24:13.0492254Z   DATABASE_URL: ***localhost:5432/awa
2025-08-20T21:24:13.0492793Z   DATA_DIR: /tmp/awa-data
2025-08-20T21:24:13.0493086Z   ENABLE_LIVE: 0
2025-08-20T21:24:13.0493261Z   TESTING: 1
2025-08-20T21:24:13.0493422Z ##[endgroup]
2025-08-20T21:24:13.2225799Z ##[group]Installed versions
2025-08-20T21:24:13.2743200Z Successfully set up CPython (3.11.13)
2025-08-20T21:24:13.2744103Z ##[endgroup]
2025-08-20T21:24:13.3129416Z [command]/opt/hostedtoolcache/Python/3.11.13/x64/bin/pip cache dir
2025-08-20T21:24:14.5712065Z /home/runner/.cache/pip
2025-08-20T21:24:14.8979187Z Cache hit for: setup-python-Linux-x64-24.04-Ubuntu-python-3.11.13-pip-cc13ccef493b9f3a93ad5651164d9fb09282c1111f6f72ce20e0657de16de6b4
2025-08-20T21:24:16.2293165Z Received 4194304 of 309813321 (1.4%), 4.0 MBs/sec
2025-08-20T21:24:17.2359543Z Received 121634816 of 309813321 (39.3%), 58.0 MBs/sec
2025-08-20T21:24:18.2316055Z Received 226492416 of 309813321 (73.1%), 72.0 MBs/sec
2025-08-20T21:24:19.2317391Z Received 268435456 of 309813321 (86.6%), 64.0 MBs/sec
2025-08-20T21:24:20.2316863Z Received 305619017 of 309813321 (98.6%), 58.3 MBs/sec
2025-08-20T21:24:20.3042444Z Received 309813321 of 309813321 (100.0%), 58.2 MBs/sec
2025-08-20T21:24:20.3045184Z Cache Size: ~295 MB (309813321 B)
2025-08-20T21:24:20.3104744Z [command]/usr/bin/tar -xf /home/runner/work/_temp/ebd37f50-75d9-44fe-941e-14ece8d927b6/cache.tzst -P -C /home/runner/work/AWA-App/AWA-App --use-compress-program unzstd
2025-08-20T21:24:20.8353517Z Cache restored successfully
2025-08-20T21:24:20.8939140Z Cache restored from key: setup-python-Linux-x64-24.04-Ubuntu-python-3.11.13-pip-f6dd2a2b215accb386a5a592eeb27869c0e962047ba30eb95d94e7f47bb653d6
2025-08-20T21:24:20.9632406Z ##[group]Run actions/cache@v4
2025-08-20T21:24:20.9632911Z with:
2025-08-20T21:24:20.9633153Z   path: ~/.cache/pip
.pytest_cache
~/.ruff_cache

2025-08-20T21:24:20.9633600Z   key: Linux-int-cc13ccef493b9f3a93ad5651164d9fb09282c1111f6f72ce20e0657de16de6b4
2025-08-20T21:24:20.9634007Z   restore-keys: Linux-int-
2025-08-20T21:24:20.9634261Z   enableCrossOsArchive: false
2025-08-20T21:24:20.9634497Z   fail-on-cache-miss: false
2025-08-20T21:24:20.9634712Z   lookup-only: false
2025-08-20T21:24:20.9634912Z   save-always: false
2025-08-20T21:24:20.9635092Z env:
2025-08-20T21:24:20.9635255Z   PG_USER: postgres
2025-08-20T21:24:20.9635446Z   PG_PASSWORD: pass
2025-08-20T21:24:20.9635639Z   PG_DATABASE: awa
2025-08-20T21:24:20.9635830Z   PG_HOST: localhost
2025-08-20T21:24:20.9636018Z   PG_PORT: 5432
2025-08-20T21:24:20.9636513Z   PG_SYNC_DSN: ***localhost:5432/awa
2025-08-20T21:24:20.9636979Z   PG_ASYNC_DSN: ***localhost:5432/awa
2025-08-20T21:24:20.9637412Z   DATABASE_URL: ***localhost:5432/awa
2025-08-20T21:24:20.9637650Z   DATA_DIR: /tmp/awa-data
2025-08-20T21:24:20.9637860Z   ENABLE_LIVE: 0
2025-08-20T21:24:20.9638045Z   TESTING: 1
2025-08-20T21:24:20.9638291Z   pythonLocation: /opt/hostedtoolcache/Python/3.11.13/x64
2025-08-20T21:24:20.9638701Z   PKG_CONFIG_PATH: /opt/hostedtoolcache/Python/3.11.13/x64/lib/pkgconfig
2025-08-20T21:24:20.9639111Z   Python_ROOT_DIR: /opt/hostedtoolcache/Python/3.11.13/x64
2025-08-20T21:24:20.9639470Z   Python2_ROOT_DIR: /opt/hostedtoolcache/Python/3.11.13/x64
2025-08-20T21:24:20.9639829Z   Python3_ROOT_DIR: /opt/hostedtoolcache/Python/3.11.13/x64
2025-08-20T21:24:20.9640193Z   LD_LIBRARY_PATH: /opt/hostedtoolcache/Python/3.11.13/x64/lib
2025-08-20T21:24:20.9640505Z ##[endgroup]
2025-08-20T21:24:21.3908288Z Cache hit for restore-key: Linux-int-f6dd2a2b215accb386a5a592eeb27869c0e962047ba30eb95d94e7f47bb653d6
2025-08-20T21:24:22.7166049Z Received 0 of 309816502 (0.0%), 0.0 MBs/sec
2025-08-20T21:24:23.7176578Z Received 130023424 of 309816502 (42.0%), 61.9 MBs/sec
2025-08-20T21:24:24.7178938Z Received 255852544 of 309816502 (82.6%), 81.3 MBs/sec
2025-08-20T21:24:25.7181711Z Received 297795584 of 309816502 (96.1%), 70.9 MBs/sec
2025-08-20T21:24:26.5587178Z Received 309816502 of 309816502 (100.0%), 61.0 MBs/sec
2025-08-20T21:24:26.5589643Z Cache Size: ~295 MB (309816502 B)
2025-08-20T21:24:26.5652373Z [command]/usr/bin/tar -xf /home/runner/work/_temp/23a70248-048f-4266-8201-b86e6ff98b06/cache.tzst -P -C /home/runner/work/AWA-App/AWA-App --use-compress-program unzstd
2025-08-20T21:24:27.1046436Z Cache restored successfully
2025-08-20T21:24:27.1710652Z Cache restored from key: Linux-int-f6dd2a2b215accb386a5a592eeb27869c0e962047ba30eb95d94e7f47bb653d6
2025-08-20T21:24:27.1834953Z ##[group]Run pip install --break-system-packages -r requirements-dev.txt
2025-08-20T21:24:27.1835874Z [36;1mpip install --break-system-packages -r requirements-dev.txt[0m
2025-08-20T21:24:27.1836647Z [36;1mpip install --break-system-packages keepa==1.3.15 minio==7.1.15[0m
2025-08-20T21:24:27.1897718Z shell: /usr/bin/bash -e {0}
2025-08-20T21:24:27.1898114Z env:
2025-08-20T21:24:27.1898422Z   PG_USER: postgres
2025-08-20T21:24:27.1898777Z   PG_PASSWORD: pass
2025-08-20T21:24:27.1899119Z   PG_DATABASE: awa
2025-08-20T21:24:27.1899440Z   PG_HOST: localhost
2025-08-20T21:24:27.1899759Z   PG_PORT: 5432
2025-08-20T21:24:27.1900492Z   PG_SYNC_DSN: ***localhost:5432/awa
2025-08-20T21:24:27.1901173Z   PG_ASYNC_DSN: ***localhost:5432/awa
2025-08-20T21:24:27.1901882Z   DATABASE_URL: ***localhost:5432/awa
2025-08-20T21:24:27.1902304Z   DATA_DIR: /tmp/awa-data
2025-08-20T21:24:27.1902863Z   ENABLE_LIVE: 0
2025-08-20T21:24:27.1903179Z   TESTING: 1
2025-08-20T21:24:27.1903632Z   pythonLocation: /opt/hostedtoolcache/Python/3.11.13/x64
2025-08-20T21:24:27.1904349Z   PKG_CONFIG_PATH: /opt/hostedtoolcache/Python/3.11.13/x64/lib/pkgconfig
2025-08-20T21:24:27.1905035Z   Python_ROOT_DIR: /opt/hostedtoolcache/Python/3.11.13/x64
2025-08-20T21:24:27.1905670Z   Python2_ROOT_DIR: /opt/hostedtoolcache/Python/3.11.13/x64
2025-08-20T21:24:27.1906298Z   Python3_ROOT_DIR: /opt/hostedtoolcache/Python/3.11.13/x64
2025-08-20T21:24:27.1906930Z   LD_LIBRARY_PATH: /opt/hostedtoolcache/Python/3.11.13/x64/lib
2025-08-20T21:24:27.1907448Z ##[endgroup]
2025-08-20T21:24:28.3594460Z Collecting Jinja2==3.1.6 (from -r requirements-dev.txt (line 2))
2025-08-20T21:24:28.3610695Z   Using cached jinja2-3.1.6-py3-none-any.whl.metadata (2.9 kB)
2025-08-20T21:24:28.3803244Z Collecting alembic==1.16.4 (from -r requirements-dev.txt (line 3))
2025-08-20T21:24:28.3818224Z   Using cached alembic-1.16.4-py3-none-any.whl.metadata (7.3 kB)
2025-08-20T21:24:28.3957287Z Collecting apscheduler==3.10.4 (from -r requirements-dev.txt (line 4))
2025-08-20T21:24:28.3971837Z   Using cached APScheduler-3.10.4-py3-none-any.whl.metadata (5.7 kB)
2025-08-20T21:24:28.4101708Z Collecting asgi-correlation-id==4.3.1 (from -r requirements-dev.txt (line 5))
2025-08-20T21:24:28.4117059Z   Using cached asgi_correlation_id-4.3.1-py3-none-any.whl.metadata (28 kB)
2025-08-20T21:24:28.4596787Z Collecting asyncpg==0.30.0 (from -r requirements-dev.txt (line 6))
2025-08-20T21:24:28.4611686Z   Using cached asyncpg-0.30.0-cp311-cp311-manylinux_2_17_x86_64.manylinux2014_x86_64.whl.metadata (5.0 kB)
2025-08-20T21:24:28.5021811Z Collecting black==25.1.0 (from -r requirements-dev.txt (line 7))
2025-08-20T21:24:28.5036750Z   Using cached black-25.1.0-cp311-cp311-manylinux_2_17_x86_64.manylinux2014_x86_64.manylinux_2_28_x86_64.whl.metadata (81 kB)
2025-08-20T21:24:28.8027917Z Collecting boto3 (from -r requirements-dev.txt (line 8))
2025-08-20T21:24:28.8044022Z   Using cached boto3-1.40.14-py3-none-any.whl.metadata (6.7 kB)
2025-08-20T21:24:28.8297047Z Collecting redis==6.* (from -r requirements-dev.txt (line 9))
2025-08-20T21:24:28.8311223Z   Using cached redis-6.4.0-py3-none-any.whl.metadata (10 kB)
2025-08-20T21:24:28.8581760Z Collecting minio==7.* (from -r requirements-dev.txt (line 10))
2025-08-20T21:24:28.8595490Z   Using cached minio-7.2.16-py3-none-any.whl.metadata (6.5 kB)
2025-08-20T21:24:28.8724371Z Collecting vulture==2.10 (from -r requirements-dev.txt (line 11))
2025-08-20T21:24:28.8737644Z   Using cached vulture-2.10-py2.py3-none-any.whl.metadata (23 kB)
2025-08-20T21:24:28.9208711Z Collecting celery==5.5.3 (from -r requirements-dev.txt (line 12))
2025-08-20T21:24:28.9222301Z   Using cached celery-5.5.3-py3-none-any.whl.metadata (22 kB)
2025-08-20T21:24:28.9731138Z Collecting fastapi==0.116.1 (from -r requirements-dev.txt (line 13))
2025-08-20T21:24:28.9745151Z   Using cached fastapi-0.116.1-py3-none-any.whl.metadata (28 kB)
2025-08-20T21:24:28.9862335Z Collecting fastapi-limiter==0.1.6 (from -r requirements-dev.txt (line 15))
2025-08-20T21:24:28.9876708Z   Using cached fastapi_limiter-0.1.6-py3-none-any.whl.metadata (5.3 kB)
2025-08-20T21:24:29.0041603Z Collecting httpx<0.29,>=0.27 (from -r requirements-dev.txt (line 16))
2025-08-20T21:24:29.0055193Z   Using cached httpx-0.28.1-py3-none-any.whl.metadata (7.1 kB)
2025-08-20T21:24:29.0194734Z Collecting imapclient==3.0.1 (from -r requirements-dev.txt (line 17))
2025-08-20T21:24:29.0208171Z   Using cached IMAPClient-3.0.1-py2.py3-none-any.whl.metadata (1.7 kB)
2025-08-20T21:24:29.0287771Z Collecting itsdangerous (from -r requirements-dev.txt (line 18))
2025-08-20T21:24:29.0301421Z   Using cached itsdangerous-2.2.0-py3-none-any.whl.metadata (1.9 kB)
2025-08-20T21:24:29.1346640Z Collecting mypy==1.* (from -r requirements-dev.txt (line 19))
2025-08-20T21:24:29.1362364Z   Using cached mypy-1.17.1-cp311-cp311-manylinux2014_x86_64.manylinux_2_17_x86_64.manylinux_2_28_x86_64.whl.metadata (2.2 kB)
2025-08-20T21:24:29.1446341Z Collecting mypy-extensions==1.1.0 (from -r requirements-dev.txt (line 20))
2025-08-20T21:24:29.1459799Z   Using cached mypy_extensions-1.1.0-py3-none-any.whl.metadata (1.1 kB)
2025-08-20T21:24:29.3226292Z Collecting numpy<2 (from -r requirements-dev.txt (line 21))
2025-08-20T21:24:29.3242072Z   Using cached numpy-1.26.4-cp311-cp311-manylinux_2_17_x86_64.manylinux2014_x86_64.whl.metadata (61 kB)
2025-08-20T21:24:29.3457439Z Collecting openpyxl==3.1.5 (from -r requirements-dev.txt (line 22))
2025-08-20T21:24:29.3471099Z   Using cached openpyxl-3.1.5-py2.py3-none-any.whl.metadata (2.5 kB)
2025-08-20T21:24:29.4430409Z Collecting pandas==2.2.* (from -r requirements-dev.txt (line 23))
2025-08-20T21:24:29.4446130Z   Using cached pandas-2.2.3-cp311-cp311-manylinux_2_17_x86_64.manylinux2014_x86_64.whl.metadata (89 kB)
2025-08-20T21:24:29.5273490Z Collecting psycopg2-binary==2.9.10 (from -r requirements-dev.txt (line 24))
2025-08-20T21:24:29.5288185Z   Using cached psycopg2_binary-2.9.10-cp311-cp311-manylinux_2_17_x86_64.manylinux2014_x86_64.whl.metadata (4.9 kB)
2025-08-20T21:24:29.5420089Z Collecting psycopg==3.2.9 (from psycopg[binary]==3.2.9->-r requirements-dev.txt (line 25))
2025-08-20T21:24:29.5666785Z   Using cached psycopg-3.2.9-py3-none-any.whl.metadata (4.5 kB)
2025-08-20T21:24:29.6657973Z Collecting pydantic==2.11.7 (from -r requirements-dev.txt (line 26))
2025-08-20T21:24:29.6671754Z   Using cached pydantic-2.11.7-py3-none-any.whl.metadata (67 kB)
2025-08-20T21:24:29.6708168Z Requirement already satisfied: setuptools in /opt/hostedtoolcache/Python/3.11.13/x64/lib/python3.11/site-packages (from -r requirements-dev.txt (line 27)) (65.5.0)
2025-08-20T21:24:29.6851124Z Collecting pytest-asyncio==1.1.0 (from -r requirements-dev.txt (line 28))
2025-08-20T21:24:29.6864203Z   Using cached pytest_asyncio-1.1.0-py3-none-any.whl.metadata (4.1 kB)
2025-08-20T21:24:29.6986180Z Collecting pytest-cov==6.2.1 (from -r requirements-dev.txt (line 29))
2025-08-20T21:24:29.6999315Z   Using cached pytest_cov-6.2.1-py3-none-any.whl.metadata (30 kB)
2025-08-20T21:24:29.7127971Z Collecting pytest-postgresql==7.0.2 (from -r requirements-dev.txt (line 30))
2025-08-20T21:24:29.7140740Z   Using cached pytest_postgresql-7.0.2-py3-none-any.whl.metadata (18 kB)
2025-08-20T21:24:29.7285728Z Collecting python-dotenv (from -r requirements-dev.txt (line 31))
2025-08-20T21:24:29.7298690Z   Using cached python_dotenv-1.1.1-py3-none-any.whl.metadata (24 kB)
2025-08-20T21:24:29.7412446Z Collecting python-multipart (from -r requirements-dev.txt (line 32))
2025-08-20T21:24:29.7425759Z   Using cached python_multipart-0.0.20-py3-none-any.whl.metadata (1.8 kB)
2025-08-20T21:24:29.7687886Z Collecting python-telegram-bot==22.3 (from -r requirements-dev.txt (line 33))
2025-08-20T21:24:29.7700930Z   Using cached python_telegram_bot-22.3-py3-none-any.whl.metadata (17 kB)
2025-08-20T21:24:29.7960825Z Collecting requests==2.32.4 (from -r requirements-dev.txt (line 34))
2025-08-20T21:24:29.7974502Z   Using cached requests-2.32.4-py3-none-any.whl.metadata (4.9 kB)
2025-08-20T21:24:29.8113210Z Collecting respx==0.22.0 (from -r requirements-dev.txt (line 35))
2025-08-20T21:24:29.8126766Z   Using cached respx-0.22.0-py2.py3-none-any.whl.metadata (4.1 kB)
2025-08-20T21:24:30.1521683Z Collecting ruff==0.9.9 (from -r requirements-dev.txt (line 36))
2025-08-20T21:24:30.1553360Z   Using cached ruff-0.9.9-py3-none-manylinux_2_17_x86_64.manylinux2014_x86_64.whl.metadata (25 kB)
2025-08-20T21:24:30.3932003Z Collecting sqlalchemy==2.0.43 (from -r requirements-dev.txt (line 37))
2025-08-20T21:24:30.3951412Z   Using cached sqlalchemy-2.0.43-cp311-cp311-manylinux_2_17_x86_64.manylinux2014_x86_64.whl.metadata (9.6 kB)
2025-08-20T21:24:30.4135839Z Collecting structlog==24.1.0 (from -r requirements-dev.txt (line 38))
2025-08-20T21:24:30.4155744Z   Using cached structlog-24.1.0-py3-none-any.whl.metadata (6.9 kB)
2025-08-20T21:24:30.4303311Z Collecting testcontainers==4.12.0 (from testcontainers[postgres]==4.12.0->-r requirements-dev.txt (line 39))
2025-08-20T21:24:30.4316547Z   Using cached testcontainers-4.12.0-py3-none-any.whl.metadata (8.3 kB)
2025-08-20T21:24:30.4660330Z Collecting types-requests==2.32.4.20250809 (from -r requirements-dev.txt (line 40))
2025-08-20T21:24:30.4673531Z   Using cached types_requests-2.32.4.20250809-py3-none-any.whl.metadata (2.0 kB)
2025-08-20T21:24:30.4827895Z Collecting docspec-python==2.2.2 (from -r requirements-dev.txt (line 41))
2025-08-20T21:24:30.4840999Z   Using cached docspec_python-2.2.2-py3-none-any.whl.metadata (1.0 kB)
2025-08-20T21:24:30.4981733Z Collecting pydoc-markdown==4.8.2 (from -r requirements-dev.txt (line 42))
2025-08-20T21:24:30.4995049Z   Using cached pydoc_markdown-4.8.2-py3-none-any.whl.metadata (5.9 kB)
2025-08-20T21:24:30.5250802Z Collecting pandera==0.19.* (from -r requirements-dev.txt (line 43))
2025-08-20T21:24:30.5264121Z   Using cached pandera-0.19.3-py3-none-any.whl.metadata (15 kB)
2025-08-20T21:24:30.6260192Z Collecting MarkupSafe>=2.0 (from Jinja2==3.1.6->-r requirements-dev.txt (line 2))
2025-08-20T21:24:30.6275322Z   Using cached MarkupSafe-3.0.2-cp311-cp311-manylinux_2_17_x86_64.manylinux2014_x86_64.whl.metadata (4.0 kB)
2025-08-20T21:24:30.6490757Z Collecting Mako (from alembic==1.16.4->-r requirements-dev.txt (line 3))
2025-08-20T21:24:30.6503902Z   Using cached mako-1.3.10-py3-none-any.whl.metadata (2.9 kB)
2025-08-20T21:24:30.6639053Z Collecting typing-extensions>=4.12 (from alembic==1.16.4->-r requirements-dev.txt (line 3))
2025-08-20T21:24:30.6652023Z   Using cached typing_extensions-4.14.1-py3-none-any.whl.metadata (3.0 kB)
2025-08-20T21:24:30.6763067Z Collecting six>=1.4.0 (from apscheduler==3.10.4->-r requirements-dev.txt (line 4))
2025-08-20T21:24:30.6776123Z   Using cached six-1.17.0-py2.py3-none-any.whl.metadata (1.7 kB)
2025-08-20T21:24:30.7077355Z Collecting pytz (from apscheduler==3.10.4->-r requirements-dev.txt (line 4))
2025-08-20T21:24:30.7091492Z   Using cached pytz-2025.2-py2.py3-none-any.whl.metadata (22 kB)
2025-08-20T21:24:30.7231867Z Collecting tzlocal!=3.*,>=2.0 (from apscheduler==3.10.4->-r requirements-dev.txt (line 4))
2025-08-20T21:24:30.7245379Z   Using cached tzlocal-5.3.1-py3-none-any.whl.metadata (7.6 kB)
2025-08-20T21:24:30.7509202Z Collecting starlette>=0.18 (from asgi-correlation-id==4.3.1->-r requirements-dev.txt (line 5))
2025-08-20T21:24:30.7522452Z   Using cached starlette-0.47.2-py3-none-any.whl.metadata (6.2 kB)
2025-08-20T21:24:30.7685897Z Collecting click>=8.0.0 (from black==25.1.0->-r requirements-dev.txt (line 7))
2025-08-20T21:24:30.7699435Z   Using cached click-8.2.1-py3-none-any.whl.metadata (2.5 kB)
2025-08-20T21:24:30.7844949Z Collecting packaging>=22.0 (from black==25.1.0->-r requirements-dev.txt (line 7))
2025-08-20T21:24:30.7858932Z   Using cached packaging-25.0-py3-none-any.whl.metadata (3.3 kB)
2025-08-20T21:24:30.7962736Z Collecting pathspec>=0.9.0 (from black==25.1.0->-r requirements-dev.txt (line 7))
2025-08-20T21:24:30.7976441Z   Using cached pathspec-0.12.1-py3-none-any.whl.metadata (21 kB)
2025-08-20T21:24:30.8137052Z Collecting platformdirs>=2 (from black==25.1.0->-r requirements-dev.txt (line 7))
2025-08-20T21:24:30.8150739Z   Using cached platformdirs-4.3.8-py3-none-any.whl.metadata (12 kB)
2025-08-20T21:24:30.8245662Z Collecting toml (from vulture==2.10->-r requirements-dev.txt (line 11))
2025-08-20T21:24:30.8259210Z   Using cached toml-0.10.2-py2.py3-none-any.whl.metadata (7.1 kB)
2025-08-20T21:24:30.8411073Z Collecting billiard<5.0,>=4.2.1 (from celery==5.5.3->-r requirements-dev.txt (line 12))
2025-08-20T21:24:30.8424952Z   Using cached billiard-4.2.1-py3-none-any.whl.metadata (4.4 kB)
2025-08-20T21:24:30.8650379Z Collecting kombu<5.6,>=5.5.2 (from celery==5.5.3->-r requirements-dev.txt (line 12))
2025-08-20T21:24:30.8663803Z   Using cached kombu-5.5.4-py3-none-any.whl.metadata (3.5 kB)
2025-08-20T21:24:30.9365673Z Collecting vine<6.0,>=5.1.0 (from celery==5.5.3->-r requirements-dev.txt (line 12))
2025-08-20T21:24:30.9379211Z   Using cached vine-5.1.0-py3-none-any.whl.metadata (2.7 kB)
2025-08-20T21:24:30.9493613Z Collecting click-didyoumean>=0.3.0 (from celery==5.5.3->-r requirements-dev.txt (line 12))
2025-08-20T21:24:30.9507477Z   Using cached click_didyoumean-0.3.1-py3-none-any.whl.metadata (3.9 kB)
2025-08-20T21:24:30.9604479Z Collecting click-repl>=0.2.0 (from celery==5.5.3->-r requirements-dev.txt (line 12))
2025-08-20T21:24:30.9617774Z   Using cached click_repl-0.3.0-py3-none-any.whl.metadata (3.6 kB)
2025-08-20T21:24:31.0082085Z Collecting click-plugins>=1.1.1 (from celery==5.5.3->-r requirements-dev.txt (line 12))
2025-08-20T21:24:31.0096067Z   Using cached click_plugins-1.1.1.2-py2.py3-none-any.whl.metadata (6.5 kB)
2025-08-20T21:24:31.0194827Z Collecting python-dateutil>=2.8.2 (from celery==5.5.3->-r requirements-dev.txt (line 12))
2025-08-20T21:24:31.0208315Z   Using cached python_dateutil-2.9.0.post0-py2.py3-none-any.whl.metadata (8.4 kB)
2025-08-20T21:24:31.0490622Z Collecting annotated-types>=0.6.0 (from pydantic==2.11.7->-r requirements-dev.txt (line 26))
2025-08-20T21:24:31.0504214Z   Using cached annotated_types-0.7.0-py3-none-any.whl.metadata (15 kB)
2025-08-20T21:24:31.6886178Z Collecting pydantic-core==2.33.2 (from pydantic==2.11.7->-r requirements-dev.txt (line 26))
2025-08-20T21:24:31.6901839Z   Using cached pydantic_core-2.33.2-cp311-cp311-manylinux_2_17_x86_64.manylinux2014_x86_64.whl.metadata (6.8 kB)
2025-08-20T21:24:31.7008280Z Collecting typing-inspection>=0.4.0 (from pydantic==2.11.7->-r requirements-dev.txt (line 26))
2025-08-20T21:24:31.7022703Z   Using cached typing_inspection-0.4.1-py3-none-any.whl.metadata (2.6 kB)
2025-08-20T21:24:31.7223290Z Collecting et-xmlfile (from openpyxl==3.1.5->-r requirements-dev.txt (line 22))
2025-08-20T21:24:31.7237300Z   Using cached et_xmlfile-2.0.0-py3-none-any.whl.metadata (2.7 kB)
2025-08-20T21:24:31.7608205Z Collecting pytest<9,>=8.2 (from pytest-asyncio==1.1.0->-r requirements-dev.txt (line 28))
2025-08-20T21:24:31.7621815Z   Using cached pytest-8.4.1-py3-none-any.whl.metadata (7.7 kB)
2025-08-20T21:24:32.0673722Z Collecting coverage>=7.5 (from coverage[toml]>=7.5->pytest-cov==6.2.1->-r requirements-dev.txt (line 29))
2025-08-20T21:24:32.0689649Z   Using cached coverage-7.10.4-cp311-cp311-manylinux1_x86_64.manylinux_2_28_x86_64.manylinux_2_5_x86_64.whl.metadata (8.9 kB)
2025-08-20T21:24:32.1536860Z Collecting pluggy>=1.2 (from pytest-cov==6.2.1->-r requirements-dev.txt (line 29))
2025-08-20T21:24:32.1552325Z   Using cached pluggy-1.6.0-py3-none-any.whl.metadata (4.8 kB)
2025-08-20T21:24:32.1757711Z Collecting port-for>=0.7.3 (from pytest-postgresql==7.0.2->-r requirements-dev.txt (line 30))
2025-08-20T21:24:32.1770419Z   Using cached port_for-0.7.4-py3-none-any.whl.metadata (7.1 kB)
2025-08-20T21:24:32.1887402Z Collecting mirakuru>=2.6.0 (from pytest-postgresql==7.0.2->-r requirements-dev.txt (line 30))
2025-08-20T21:24:32.1900456Z   Using cached mirakuru-2.6.1-py3-none-any.whl.metadata (10 kB)
2025-08-20T21:24:32.2723921Z Collecting charset_normalizer<4,>=2 (from requests==2.32.4->-r requirements-dev.txt (line 34))
2025-08-20T21:24:32.2737943Z   Using cached charset_normalizer-3.4.3-cp311-cp311-manylinux2014_x86_64.manylinux_2_17_x86_64.manylinux_2_28_x86_64.whl.metadata (36 kB)
2025-08-20T21:24:32.2867025Z Collecting idna<4,>=2.5 (from requests==2.32.4->-r requirements-dev.txt (line 34))
2025-08-20T21:24:32.2879372Z   Using cached idna-3.10-py3-none-any.whl.metadata (10 kB)
2025-08-20T21:24:32.3122918Z Collecting urllib3<3,>=1.21.1 (from requests==2.32.4->-r requirements-dev.txt (line 34))
2025-08-20T21:24:32.3135663Z   Using cached urllib3-2.5.0-py3-none-any.whl.metadata (6.5 kB)
2025-08-20T21:24:32.3365932Z Collecting certifi>=2017.4.17 (from requests==2.32.4->-r requirements-dev.txt (line 34))
2025-08-20T21:24:32.3378819Z   Using cached certifi-2025.8.3-py3-none-any.whl.metadata (2.4 kB)
2025-08-20T21:24:32.4543911Z Collecting greenlet>=1 (from sqlalchemy==2.0.43->-r requirements-dev.txt (line 37))
2025-08-20T21:24:32.4559079Z   Using cached greenlet-3.2.4-cp311-cp311-manylinux_2_24_x86_64.manylinux_2_28_x86_64.whl.metadata (4.1 kB)
2025-08-20T21:24:32.4755218Z Collecting docker (from testcontainers==4.12.0->testcontainers[postgres]==4.12.0->-r requirements-dev.txt (line 39))
2025-08-20T21:24:32.4768191Z   Using cached docker-7.1.0-py3-none-any.whl.metadata (3.8 kB)
2025-08-20T21:24:32.5670017Z Collecting wrapt (from testcontainers==4.12.0->testcontainers[postgres]==4.12.0->-r requirements-dev.txt (line 39))
2025-08-20T21:24:32.5684283Z   Using cached wrapt-1.17.3-cp311-cp311-manylinux1_x86_64.manylinux_2_28_x86_64.manylinux_2_5_x86_64.whl.metadata (6.4 kB)
2025-08-20T21:24:32.5931090Z Collecting docspec==2.2.1 (from docspec-python==2.2.2->-r requirements-dev.txt (line 41))
2025-08-20T21:24:32.5944380Z   Using cached docspec-2.2.1-py3-none-any.whl.metadata (1.5 kB)
2025-08-20T21:24:32.6084074Z Collecting nr-util>=0.8.12 (from docspec-python==2.2.2->-r requirements-dev.txt (line 41))
2025-08-20T21:24:32.6097075Z   Using cached nr.util-0.8.12-py3-none-any.whl.metadata (813 bytes)
2025-08-20T21:24:32.6399848Z Collecting PyYAML<7.0,>=5.0 (from pydoc-markdown==4.8.2->-r requirements-dev.txt (line 42))
2025-08-20T21:24:32.6413415Z   Using cached PyYAML-6.0.2-cp311-cp311-manylinux_2_17_x86_64.manylinux2014_x86_64.whl.metadata (2.1 kB)
2025-08-20T21:24:32.6639725Z Collecting databind.core<5.0.0,>=4.4.0 (from pydoc-markdown==4.8.2->-r requirements-dev.txt (line 42))
2025-08-20T21:24:32.6652825Z   Using cached databind.core-4.5.2-py3-none-any.whl.metadata (1.1 kB)
2025-08-20T21:24:32.7484854Z Collecting databind.json<5.0.0,>=4.4.0 (from pydoc-markdown==4.8.2->-r requirements-dev.txt (line 42))
2025-08-20T21:24:32.7497923Z   Using cached databind.json-4.5.2-py3-none-any.whl.metadata (1.1 kB)
2025-08-20T21:24:32.7613073Z Collecting docstring-parser<0.12,>=0.11 (from pydoc-markdown==4.8.2->-r requirements-dev.txt (line 42))
2025-08-20T21:24:32.7614096Z   Using cached docstring_parser-0.11-py3-none-any.whl
2025-08-20T21:24:32.7958844Z Collecting tomli<3.0.0,>=2.0.0 (from pydoc-markdown==4.8.2->-r requirements-dev.txt (line 42))
2025-08-20T21:24:32.7973045Z   Using cached tomli-2.2.1-cp311-cp311-manylinux_2_17_x86_64.manylinux2014_x86_64.whl.metadata (11 kB)
2025-08-20T21:24:32.8138694Z Collecting tomli_w<2.0.0,>=1.0.0 (from pydoc-markdown==4.8.2->-r requirements-dev.txt (line 42))
2025-08-20T21:24:32.8152178Z   Using cached tomli_w-1.2.0-py3-none-any.whl.metadata (5.7 kB)
2025-08-20T21:24:32.8566468Z Collecting watchdog (from pydoc-markdown==4.8.2->-r requirements-dev.txt (line 42))
2025-08-20T21:24:32.8580264Z   Using cached watchdog-6.0.0-py3-none-manylinux2014_x86_64.whl.metadata (44 kB)
2025-08-20T21:24:32.8746833Z Collecting yapf>=0.30.0 (from pydoc-markdown==4.8.2->-r requirements-dev.txt (line 42))
2025-08-20T21:24:32.8760192Z   Using cached yapf-0.43.0-py3-none-any.whl.metadata (46 kB)
2025-08-20T21:24:32.8923037Z Collecting Deprecated<2.0.0,>=1.2.12 (from docspec==2.2.1->docspec-python==2.2.2->-r requirements-dev.txt (line 41))
2025-08-20T21:24:32.8936622Z   Using cached Deprecated-1.2.18-py2.py3-none-any.whl.metadata (5.7 kB)
2025-08-20T21:24:33.0316508Z Collecting psycopg-binary==3.2.9 (from psycopg[binary]==3.2.9->-r requirements-dev.txt (line 25))
2025-08-20T21:24:33.0331461Z   Using cached psycopg_binary-3.2.9-cp311-cp311-manylinux_2_17_x86_64.manylinux2014_x86_64.whl.metadata (2.9 kB)
2025-08-20T21:24:33.0612711Z Collecting argon2-cffi (from minio==7.*->-r requirements-dev.txt (line 10))
2025-08-20T21:24:33.0626815Z   Using cached argon2_cffi-25.1.0-py3-none-any.whl.metadata (4.1 kB)
2025-08-20T21:24:33.1357155Z Collecting pycryptodome (from minio==7.*->-r requirements-dev.txt (line 10))
2025-08-20T21:24:33.1372123Z   Using cached pycryptodome-3.23.0-cp37-abi3-manylinux_2_17_x86_64.manylinux2014_x86_64.whl.metadata (3.4 kB)
2025-08-20T21:24:33.1540204Z Collecting anyio (from httpx<0.29,>=0.27->-r requirements-dev.txt (line 16))
2025-08-20T21:24:33.1552958Z   Using cached anyio-4.10.0-py3-none-any.whl.metadata (4.0 kB)
2025-08-20T21:24:33.2275242Z Collecting httpcore==1.* (from httpx<0.29,>=0.27->-r requirements-dev.txt (line 16))
2025-08-20T21:24:33.2288934Z   Using cached httpcore-1.0.9-py3-none-any.whl.metadata (21 kB)
2025-08-20T21:24:33.2630992Z Collecting tzdata>=2022.7 (from pandas==2.2.*->-r requirements-dev.txt (line 23))
2025-08-20T21:24:33.2644828Z   Using cached tzdata-2025.2-py2.py3-none-any.whl.metadata (1.4 kB)
2025-08-20T21:24:33.2813783Z Collecting multimethod<=1.10.0 (from pandera==0.19.*->-r requirements-dev.txt (line 43))
2025-08-20T21:24:33.2826808Z   Using cached multimethod-1.10-py3-none-any.whl.metadata (8.2 kB)
2025-08-20T21:24:33.4166795Z Collecting typeguard (from pandera==0.19.*->-r requirements-dev.txt (line 43))
2025-08-20T21:24:33.4181096Z   Using cached typeguard-4.4.4-py3-none-any.whl.metadata (3.3 kB)
2025-08-20T21:24:33.4267016Z Collecting typing-inspect>=0.6.0 (from pandera==0.19.*->-r requirements-dev.txt (line 43))
2025-08-20T21:24:33.4280213Z   Using cached typing_inspect-0.9.0-py3-none-any.whl.metadata (1.5 kB)
2025-08-20T21:24:33.4548488Z Collecting databind<5.0.0,>=4.5.2 (from databind.core<5.0.0,>=4.4.0->pydoc-markdown==4.8.2->-r requirements-dev.txt (line 42))
2025-08-20T21:24:33.4561804Z   Using cached databind-4.5.2-py3-none-any.whl.metadata (4.3 kB)
2025-08-20T21:24:33.4671433Z Collecting nr-date<3.0.0,>=2.0.0 (from databind<5.0.0,>=4.5.2->databind.core<5.0.0,>=4.4.0->pydoc-markdown==4.8.2->-r requirements-dev.txt (line 42))
2025-08-20T21:24:33.4684388Z   Using cached nr_date-2.1.0-py3-none-any.whl.metadata (746 bytes)
2025-08-20T21:24:33.4786256Z Collecting nr-stream<2.0.0,>=1.0.0 (from databind<5.0.0,>=4.5.2->databind.core<5.0.0,>=4.4.0->pydoc-markdown==4.8.2->-r requirements-dev.txt (line 42))
2025-08-20T21:24:33.4799213Z   Using cached nr_stream-1.1.5-py3-none-any.whl.metadata (3.6 kB)
2025-08-20T21:24:33.4943337Z Collecting typeapi<3,>=2.0.1 (from databind<5.0.0,>=4.5.2->databind.core<5.0.0,>=4.4.0->pydoc-markdown==4.8.2->-r requirements-dev.txt (line 42))
2025-08-20T21:24:33.4956304Z   Using cached typeapi-2.2.4-py3-none-any.whl.metadata (1.5 kB)
2025-08-20T21:24:33.5189894Z Collecting h11>=0.16 (from httpcore==1.*->httpx<0.29,>=0.27->-r requirements-dev.txt (line 16))
2025-08-20T21:24:33.5202904Z   Using cached h11-0.16.0-py3-none-any.whl.metadata (8.3 kB)
2025-08-20T21:24:33.5402651Z Collecting amqp<6.0.0,>=5.1.1 (from kombu<5.6,>=5.5.2->celery==5.5.3->-r requirements-dev.txt (line 12))
2025-08-20T21:24:33.5415667Z   Using cached amqp-5.3.1-py3-none-any.whl.metadata (8.9 kB)
2025-08-20T21:24:33.5733251Z Collecting iniconfig>=1 (from pytest<9,>=8.2->pytest-asyncio==1.1.0->-r requirements-dev.txt (line 28))
2025-08-20T21:24:33.5746071Z   Using cached iniconfig-2.1.0-py3-none-any.whl.metadata (2.7 kB)
2025-08-20T21:24:33.5922314Z Collecting pygments>=2.7.2 (from pytest<9,>=8.2->pytest-asyncio==1.1.0->-r requirements-dev.txt (line 28))
2025-08-20T21:24:33.5936302Z   Using cached pygments-2.19.2-py3-none-any.whl.metadata (2.5 kB)
2025-08-20T21:24:33.6234510Z Collecting sniffio>=1.1 (from anyio->httpx<0.29,>=0.27->-r requirements-dev.txt (line 16))
2025-08-20T21:24:33.6248000Z   Using cached sniffio-1.3.1-py3-none-any.whl.metadata (3.9 kB)
2025-08-20T21:24:33.9228527Z Collecting botocore<1.41.0,>=1.40.14 (from boto3->-r requirements-dev.txt (line 8))
2025-08-20T21:24:33.9244372Z   Using cached botocore-1.40.14-py3-none-any.whl.metadata (5.7 kB)
2025-08-20T21:24:33.9349007Z Collecting jmespath<2.0.0,>=0.7.1 (from boto3->-r requirements-dev.txt (line 8))
2025-08-20T21:24:33.9362838Z   Using cached jmespath-1.0.1-py3-none-any.whl.metadata (7.6 kB)
2025-08-20T21:24:33.9492735Z Collecting s3transfer<0.14.0,>=0.13.0 (from boto3->-r requirements-dev.txt (line 8))
2025-08-20T21:24:33.9506417Z   Using cached s3transfer-0.13.1-py3-none-any.whl.metadata (1.7 kB)
2025-08-20T21:24:34.1334137Z Collecting fastapi-cli>=0.0.8 (from fastapi-cli[standard]>=0.0.8; extra == "all"->fastapi[all]->-r requirements-dev.txt (line 14))
2025-08-20T21:24:34.1347336Z   Using cached fastapi_cli-0.0.8-py3-none-any.whl.metadata (6.3 kB)
2025-08-20T21:24:34.2016842Z Collecting ujson!=4.0.2,!=4.1.0,!=4.2.0,!=4.3.0,!=5.0.0,!=5.1.0,>=4.0.1 (from fastapi[all]->-r requirements-dev.txt (line 14))
2025-08-20T21:24:34.2031711Z   Using cached ujson-5.11.0-cp311-cp311-manylinux_2_24_x86_64.manylinux_2_28_x86_64.whl.metadata (9.4 kB)
2025-08-20T21:24:34.4317299Z Collecting orjson>=3.2.1 (from fastapi[all]->-r requirements-dev.txt (line 14))
2025-08-20T21:24:34.4333065Z   Using cached orjson-3.11.2-cp311-cp311-manylinux_2_17_x86_64.manylinux2014_x86_64.whl.metadata (1.2 kB)
2025-08-20T21:24:34.4434500Z Collecting email-validator>=2.0.0 (from fastapi[all]->-r requirements-dev.txt (line 14))
2025-08-20T21:24:34.4448114Z   Using cached email_validator-2.2.0-py3-none-any.whl.metadata (25 kB)
2025-08-20T21:24:34.4694122Z Collecting uvicorn>=0.12.0 (from uvicorn[standard]>=0.12.0; extra == "all"->fastapi[all]->-r requirements-dev.txt (line 14))
2025-08-20T21:24:34.4707687Z   Using cached uvicorn-0.35.0-py3-none-any.whl.metadata (6.5 kB)
2025-08-20T21:24:34.4844372Z Collecting pydantic-settings>=2.0.0 (from fastapi[all]->-r requirements-dev.txt (line 14))
2025-08-20T21:24:34.4858686Z   Using cached pydantic_settings-2.10.1-py3-none-any.whl.metadata (3.4 kB)
2025-08-20T21:24:34.4978016Z Collecting pydantic-extra-types>=2.0.0 (from fastapi[all]->-r requirements-dev.txt (line 14))
2025-08-20T21:24:34.4992394Z   Using cached pydantic_extra_types-2.10.5-py3-none-any.whl.metadata (3.9 kB)
2025-08-20T21:24:34.5653726Z Collecting prompt-toolkit>=3.0.36 (from click-repl>=0.2.0->celery==5.5.3->-r requirements-dev.txt (line 12))
2025-08-20T21:24:34.5667882Z   Using cached prompt_toolkit-3.0.51-py3-none-any.whl.metadata (6.4 kB)
2025-08-20T21:24:34.5827480Z Collecting dnspython>=2.0.0 (from email-validator>=2.0.0->fastapi[all]->-r requirements-dev.txt (line 14))
2025-08-20T21:24:34.5841279Z   Using cached dnspython-2.7.0-py3-none-any.whl.metadata (5.8 kB)
2025-08-20T21:24:34.6085090Z Collecting typer>=0.15.1 (from fastapi-cli>=0.0.8->fastapi-cli[standard]>=0.0.8; extra == "all"->fastapi[all]->-r requirements-dev.txt (line 14))
2025-08-20T21:24:34.6098414Z   Using cached typer-0.16.1-py3-none-any.whl.metadata (15 kB)
2025-08-20T21:24:34.6322757Z Collecting rich-toolkit>=0.14.8 (from fastapi-cli>=0.0.8->fastapi-cli[standard]>=0.0.8; extra == "all"->fastapi[all]->-r requirements-dev.txt (line 14))
2025-08-20T21:24:34.6336134Z   Using cached rich_toolkit-0.15.0-py3-none-any.whl.metadata (1.0 kB)
2025-08-20T21:24:34.6429801Z Collecting fastapi-cloud-cli>=0.1.1 (from fastapi-cli[standard]>=0.0.8; extra == "all"->fastapi[all]->-r requirements-dev.txt (line 14))
2025-08-20T21:24:34.6443220Z   Using cached fastapi_cloud_cli-0.1.5-py3-none-any.whl.metadata (3.2 kB)
2025-08-20T21:24:34.7135806Z Collecting rignore>=0.5.1 (from fastapi-cloud-cli>=0.1.1->fastapi-cli[standard]>=0.0.8; extra == "all"->fastapi[all]->-r requirements-dev.txt (line 14))
2025-08-20T21:24:34.7150172Z   Using cached rignore-0.6.4-cp311-cp311-manylinux_2_17_x86_64.manylinux2014_x86_64.whl.metadata (3.8 kB)
2025-08-20T21:24:34.7691697Z Collecting sentry-sdk>=2.20.0 (from fastapi-cloud-cli>=0.1.1->fastapi-cli[standard]>=0.0.8; extra == "all"->fastapi[all]->-r requirements-dev.txt (line 14))
2025-08-20T21:24:34.7706141Z   Using cached sentry_sdk-2.35.0-py2.py3-none-any.whl.metadata (10 kB)
2025-08-20T21:24:34.9757294Z Collecting psutil>=4.0.0 (from mirakuru>=2.6.0->pytest-postgresql==7.0.2->-r requirements-dev.txt (line 30))
2025-08-20T21:24:34.9772062Z   Using cached psutil-7.0.0-cp36-abi3-manylinux_2_12_x86_64.manylinux2010_x86_64.manylinux_2_17_x86_64.manylinux2014_x86_64.whl.metadata (22 kB)
2025-08-20T21:24:35.0057801Z Collecting wcwidth (from prompt-toolkit>=3.0.36->click-repl>=0.2.0->celery==5.5.3->-r requirements-dev.txt (line 12))
2025-08-20T21:24:35.0071329Z   Using cached wcwidth-0.2.13-py2.py3-none-any.whl.metadata (14 kB)
2025-08-20T21:24:35.0811041Z Collecting rich>=13.7.1 (from rich-toolkit>=0.14.8->fastapi-cli>=0.0.8->fastapi-cli[standard]>=0.0.8; extra == "all"->fastapi[all]->-r requirements-dev.txt (line 14))
2025-08-20T21:24:35.0825853Z   Using cached rich-14.1.0-py3-none-any.whl.metadata (18 kB)
2025-08-20T21:24:35.0990010Z Collecting markdown-it-py>=2.2.0 (from rich>=13.7.1->rich-toolkit>=0.14.8->fastapi-cli>=0.0.8->fastapi-cli[standard]>=0.0.8; extra == "all"->fastapi[all]->-r requirements-dev.txt (line 14))
2025-08-20T21:24:35.1003423Z   Using cached markdown_it_py-4.0.0-py3-none-any.whl.metadata (7.3 kB)
2025-08-20T21:24:35.1181714Z Collecting mdurl~=0.1 (from markdown-it-py>=2.2.0->rich>=13.7.1->rich-toolkit>=0.14.8->fastapi-cli>=0.0.8->fastapi-cli[standard]>=0.0.8; extra == "all"->fastapi[all]->-r requirements-dev.txt (line 14))
2025-08-20T21:24:35.1195122Z   Using cached mdurl-0.1.2-py3-none-any.whl.metadata (1.6 kB)
2025-08-20T21:24:35.1631935Z Collecting shellingham>=1.3.0 (from typer>=0.15.1->fastapi-cli>=0.0.8->fastapi-cli[standard]>=0.0.8; extra == "all"->fastapi[all]->-r requirements-dev.txt (line 14))
2025-08-20T21:24:35.1645956Z   Using cached shellingham-1.5.4-py2.py3-none-any.whl.metadata (3.5 kB)
2025-08-20T21:24:35.2345529Z Collecting httptools>=0.6.3 (from uvicorn[standard]>=0.12.0; extra == "all"->fastapi[all]->-r requirements-dev.txt (line 14))
2025-08-20T21:24:35.2360077Z   Using cached httptools-0.6.4-cp311-cp311-manylinux_2_5_x86_64.manylinux1_x86_64.manylinux_2_17_x86_64.manylinux2014_x86_64.whl.metadata (3.6 kB)
2025-08-20T21:24:35.2733886Z Collecting uvloop>=0.15.1 (from uvicorn[standard]>=0.12.0; extra == "all"->fastapi[all]->-r requirements-dev.txt (line 14))
2025-08-20T21:24:35.2748059Z   Using cached uvloop-0.21.0-cp311-cp311-manylinux_2_17_x86_64.manylinux2014_x86_64.whl.metadata (4.9 kB)
2025-08-20T21:24:35.3389095Z Collecting watchfiles>=0.13 (from uvicorn[standard]>=0.12.0; extra == "all"->fastapi[all]->-r requirements-dev.txt (line 14))
2025-08-20T21:24:35.3404100Z   Using cached watchfiles-1.1.0-cp311-cp311-manylinux_2_17_x86_64.manylinux2014_x86_64.whl.metadata (4.9 kB)
2025-08-20T21:24:35.4196237Z Collecting websockets>=10.4 (from uvicorn[standard]>=0.12.0; extra == "all"->fastapi[all]->-r requirements-dev.txt (line 14))
2025-08-20T21:24:35.4211388Z   Using cached websockets-15.0.1-cp311-cp311-manylinux_2_5_x86_64.manylinux1_x86_64.manylinux_2_17_x86_64.manylinux2014_x86_64.whl.metadata (6.8 kB)
2025-08-20T21:24:35.4613554Z Collecting argon2-cffi-bindings (from argon2-cffi->minio==7.*->-r requirements-dev.txt (line 10))
2025-08-20T21:24:35.4627790Z   Using cached argon2_cffi_bindings-25.1.0-cp39-abi3-manylinux_2_26_x86_64.manylinux_2_28_x86_64.whl.metadata (7.4 kB)
2025-08-20T21:24:35.5583956Z Collecting cffi>=1.0.1 (from argon2-cffi-bindings->argon2-cffi->minio==7.*->-r requirements-dev.txt (line 10))
2025-08-20T21:24:35.5598985Z   Using cached cffi-1.17.1-cp311-cp311-manylinux_2_17_x86_64.manylinux2014_x86_64.whl.metadata (1.5 kB)
2025-08-20T21:24:35.5715589Z Collecting pycparser (from cffi>=1.0.1->argon2-cffi-bindings->argon2-cffi->minio==7.*->-r requirements-dev.txt (line 10))
2025-08-20T21:24:35.5729879Z   Using cached pycparser-2.22-py3-none-any.whl.metadata (943 bytes)
2025-08-20T21:24:35.6302317Z Using cached jinja2-3.1.6-py3-none-any.whl (134 kB)
2025-08-20T21:24:35.6316905Z Using cached alembic-1.16.4-py3-none-any.whl (247 kB)
2025-08-20T21:24:35.6331776Z Using cached APScheduler-3.10.4-py3-none-any.whl (59 kB)
2025-08-20T21:24:35.6346047Z Using cached asgi_correlation_id-4.3.1-py3-none-any.whl (15 kB)
2025-08-20T21:24:35.6359759Z Using cached asyncpg-0.30.0-cp311-cp311-manylinux_2_17_x86_64.manylinux2014_x86_64.whl (3.1 MB)
2025-08-20T21:24:35.6396203Z Using cached black-25.1.0-cp311-cp311-manylinux_2_17_x86_64.manylinux2014_x86_64.manylinux_2_28_x86_64.whl (1.7 MB)
2025-08-20T21:24:35.6422078Z Using cached vulture-2.10-py2.py3-none-any.whl (27 kB)
2025-08-20T21:24:35.6435612Z Using cached celery-5.5.3-py3-none-any.whl (438 kB)
2025-08-20T21:24:35.6451822Z Using cached fastapi-0.116.1-py3-none-any.whl (95 kB)
2025-08-20T21:24:35.6465675Z Using cached pydantic-2.11.7-py3-none-any.whl (444 kB)
2025-08-20T21:24:35.6481792Z Using cached fastapi_limiter-0.1.6-py3-none-any.whl (15 kB)
2025-08-20T21:24:35.6495224Z Using cached IMAPClient-3.0.1-py2.py3-none-any.whl (182 kB)
2025-08-20T21:24:35.6509541Z Using cached mypy_extensions-1.1.0-py3-none-any.whl (5.0 kB)
2025-08-20T21:24:35.6522780Z Using cached openpyxl-3.1.5-py2.py3-none-any.whl (250 kB)
2025-08-20T21:24:35.6538241Z Using cached psycopg2_binary-2.9.10-cp311-cp311-manylinux_2_17_x86_64.manylinux2014_x86_64.whl (3.0 MB)
2025-08-20T21:24:35.6573045Z Using cached psycopg-3.2.9-py3-none-any.whl (202 kB)
2025-08-20T21:24:35.6587672Z Using cached pytest_asyncio-1.1.0-py3-none-any.whl (15 kB)
2025-08-20T21:24:35.6600993Z Using cached pytest_cov-6.2.1-py3-none-any.whl (24 kB)
2025-08-20T21:24:35.6614329Z Using cached pytest_postgresql-7.0.2-py3-none-any.whl (41 kB)
2025-08-20T21:24:35.6627593Z Using cached python_telegram_bot-22.3-py3-none-any.whl (717 kB)
2025-08-20T21:24:35.6645846Z Using cached requests-2.32.4-py3-none-any.whl (64 kB)
2025-08-20T21:24:35.6659539Z Using cached respx-0.22.0-py2.py3-none-any.whl (25 kB)
2025-08-20T21:24:35.6673813Z Using cached ruff-0.9.9-py3-none-manylinux_2_17_x86_64.manylinux2014_x86_64.whl (11.2 MB)
2025-08-20T21:24:35.6766211Z Using cached sqlalchemy-2.0.43-cp311-cp311-manylinux_2_17_x86_64.manylinux2014_x86_64.whl (3.3 MB)
2025-08-20T21:24:35.6802890Z Using cached structlog-24.1.0-py3-none-any.whl (65 kB)
2025-08-20T21:24:35.6816588Z Using cached testcontainers-4.12.0-py3-none-any.whl (111 kB)
2025-08-20T21:24:35.6832372Z Using cached types_requests-2.32.4.20250809-py3-none-any.whl (20 kB)
2025-08-20T21:24:35.6845947Z Using cached docspec_python-2.2.2-py3-none-any.whl (15 kB)
2025-08-20T21:24:35.6859267Z Using cached pydoc_markdown-4.8.2-py3-none-any.whl (67 kB)
2025-08-20T21:24:35.6873080Z Using cached docspec-2.2.1-py3-none-any.whl (9.8 kB)
2025-08-20T21:24:35.6886987Z Using cached psycopg_binary-3.2.9-cp311-cp311-manylinux_2_17_x86_64.manylinux2014_x86_64.whl (4.5 MB)
2025-08-20T21:24:35.6935556Z Using cached pydantic_core-2.33.2-cp311-cp311-manylinux_2_17_x86_64.manylinux2014_x86_64.whl (2.0 MB)
2025-08-20T21:24:35.6963120Z Using cached redis-6.4.0-py3-none-any.whl (279 kB)
2025-08-20T21:24:35.6978625Z Using cached minio-7.2.16-py3-none-any.whl (95 kB)
2025-08-20T21:24:35.6992846Z Using cached httpx-0.28.1-py3-none-any.whl (73 kB)
2025-08-20T21:24:35.7007154Z Using cached mypy-1.17.1-cp311-cp311-manylinux2014_x86_64.manylinux_2_17_x86_64.manylinux_2_28_x86_64.whl (12.6 MB)
2025-08-20T21:24:35.7110384Z Using cached numpy-1.26.4-cp311-cp311-manylinux_2_17_x86_64.manylinux2014_x86_64.whl (18.3 MB)
2025-08-20T21:24:35.7256101Z Using cached pandas-2.2.3-cp311-cp311-manylinux_2_17_x86_64.manylinux2014_x86_64.whl (13.1 MB)
2025-08-20T21:24:35.7364365Z Using cached pandera-0.19.3-py3-none-any.whl (251 kB)
2025-08-20T21:24:35.7379291Z Using cached billiard-4.2.1-py3-none-any.whl (86 kB)
2025-08-20T21:24:35.7393869Z Using cached charset_normalizer-3.4.3-cp311-cp311-manylinux2014_x86_64.manylinux_2_17_x86_64.manylinux_2_28_x86_64.whl (150 kB)
2025-08-20T21:24:35.7408356Z Using cached click-8.2.1-py3-none-any.whl (102 kB)
2025-08-20T21:24:35.7422673Z Using cached databind.core-4.5.2-py3-none-any.whl (1.5 kB)
2025-08-20T21:24:35.7435958Z Using cached databind-4.5.2-py3-none-any.whl (49 kB)
2025-08-20T21:24:35.7449439Z Using cached databind.json-4.5.2-py3-none-any.whl (1.5 kB)
2025-08-20T21:24:35.7463192Z Using cached Deprecated-1.2.18-py2.py3-none-any.whl (10.0 kB)
2025-08-20T21:24:35.7476433Z Using cached httpcore-1.0.9-py3-none-any.whl (78 kB)
2025-08-20T21:24:35.7490074Z Using cached idna-3.10-py3-none-any.whl (70 kB)
2025-08-20T21:24:35.7503875Z Using cached kombu-5.5.4-py3-none-any.whl (210 kB)
2025-08-20T21:24:35.7518293Z Using cached vine-5.1.0-py3-none-any.whl (9.6 kB)
2025-08-20T21:24:35.7531671Z Using cached amqp-5.3.1-py3-none-any.whl (50 kB)
2025-08-20T21:24:35.7545510Z Using cached multimethod-1.10-py3-none-any.whl (9.9 kB)
2025-08-20T21:24:35.7558761Z Using cached nr_date-2.1.0-py3-none-any.whl (10 kB)
2025-08-20T21:24:35.7572092Z Using cached nr_stream-1.1.5-py3-none-any.whl (10 kB)
2025-08-20T21:24:35.7585782Z Using cached nr.util-0.8.12-py3-none-any.whl (90 kB)
2025-08-20T21:24:35.7599758Z Using cached pytest-8.4.1-py3-none-any.whl (365 kB)
2025-08-20T21:24:35.7615809Z Using cached pluggy-1.6.0-py3-none-any.whl (20 kB)
2025-08-20T21:24:35.7629780Z Using cached PyYAML-6.0.2-cp311-cp311-manylinux_2_17_x86_64.manylinux2014_x86_64.whl (762 kB)
2025-08-20T21:24:35.7648433Z Using cached starlette-0.47.2-py3-none-any.whl (72 kB)
2025-08-20T21:24:35.7662072Z Using cached anyio-4.10.0-py3-none-any.whl (107 kB)
2025-08-20T21:24:35.7676952Z Using cached tomli-2.2.1-cp311-cp311-manylinux_2_17_x86_64.manylinux2014_x86_64.whl (236 kB)
2025-08-20T21:24:35.7691615Z Using cached tomli_w-1.2.0-py3-none-any.whl (6.7 kB)
2025-08-20T21:24:35.7705262Z Using cached typeapi-2.2.4-py3-none-any.whl (26 kB)
2025-08-20T21:24:35.7719267Z Using cached typing_extensions-4.14.1-py3-none-any.whl (43 kB)
2025-08-20T21:24:35.7732995Z Using cached urllib3-2.5.0-py3-none-any.whl (129 kB)
2025-08-20T21:24:35.7747843Z Using cached wrapt-1.17.3-cp311-cp311-manylinux1_x86_64.manylinux_2_28_x86_64.manylinux_2_5_x86_64.whl (82 kB)
2025-08-20T21:24:35.7761612Z Using cached boto3-1.40.14-py3-none-any.whl (140 kB)
2025-08-20T21:24:35.7776203Z Using cached botocore-1.40.14-py3-none-any.whl (14.0 MB)
2025-08-20T21:24:35.7893379Z Using cached jmespath-1.0.1-py3-none-any.whl (20 kB)
2025-08-20T21:24:35.7907059Z Using cached python_dateutil-2.9.0.post0-py2.py3-none-any.whl (229 kB)
2025-08-20T21:24:35.7922870Z Using cached s3transfer-0.13.1-py3-none-any.whl (85 kB)
2025-08-20T21:24:35.7937410Z Using cached itsdangerous-2.2.0-py3-none-any.whl (16 kB)
2025-08-20T21:24:35.7950869Z Using cached python_dotenv-1.1.1-py3-none-any.whl (20 kB)
2025-08-20T21:24:35.7964613Z Using cached python_multipart-0.0.20-py3-none-any.whl (24 kB)
2025-08-20T21:24:35.7978132Z Using cached annotated_types-0.7.0-py3-none-any.whl (13 kB)
2025-08-20T21:24:35.7991813Z Using cached certifi-2025.8.3-py3-none-any.whl (161 kB)
2025-08-20T21:24:35.8006548Z Using cached click_didyoumean-0.3.1-py3-none-any.whl (3.6 kB)
2025-08-20T21:24:35.8019988Z Using cached click_plugins-1.1.1.2-py2.py3-none-any.whl (11 kB)
2025-08-20T21:24:35.8034127Z Using cached click_repl-0.3.0-py3-none-any.whl (10 kB)
2025-08-20T21:24:35.8048132Z Using cached coverage-7.10.4-cp311-cp311-manylinux1_x86_64.manylinux_2_28_x86_64.manylinux_2_5_x86_64.whl (249 kB)
2025-08-20T21:24:35.8063125Z Using cached email_validator-2.2.0-py3-none-any.whl (33 kB)
2025-08-20T21:24:35.8076857Z Using cached dnspython-2.7.0-py3-none-any.whl (313 kB)
2025-08-20T21:24:35.8092374Z Using cached fastapi_cli-0.0.8-py3-none-any.whl (10 kB)
2025-08-20T21:24:35.8106150Z Using cached fastapi_cloud_cli-0.1.5-py3-none-any.whl (18 kB)
2025-08-20T21:24:35.8120093Z Using cached greenlet-3.2.4-cp311-cp311-manylinux_2_24_x86_64.manylinux_2_28_x86_64.whl (587 kB)
2025-08-20T21:24:35.8137670Z Using cached h11-0.16.0-py3-none-any.whl (37 kB)
2025-08-20T21:24:35.8151240Z Using cached iniconfig-2.1.0-py3-none-any.whl (6.0 kB)
2025-08-20T21:24:35.8165560Z Using cached MarkupSafe-3.0.2-cp311-cp311-manylinux_2_17_x86_64.manylinux2014_x86_64.whl (23 kB)
2025-08-20T21:24:35.8179142Z Using cached mirakuru-2.6.1-py3-none-any.whl (26 kB)
2025-08-20T21:24:35.8193059Z Using cached orjson-3.11.2-cp311-cp311-manylinux_2_17_x86_64.manylinux2014_x86_64.whl (121 kB)
2025-08-20T21:24:35.8207313Z Using cached packaging-25.0-py3-none-any.whl (66 kB)
2025-08-20T21:24:35.8220863Z Using cached pathspec-0.12.1-py3-none-any.whl (31 kB)
2025-08-20T21:24:35.8235376Z Using cached platformdirs-4.3.8-py3-none-any.whl (18 kB)
2025-08-20T21:24:35.8248773Z Using cached port_for-0.7.4-py3-none-any.whl (21 kB)
2025-08-20T21:24:35.8262250Z Using cached prompt_toolkit-3.0.51-py3-none-any.whl (387 kB)
2025-08-20T21:24:35.8279336Z Using cached psutil-7.0.0-cp36-abi3-manylinux_2_12_x86_64.manylinux2010_x86_64.manylinux_2_17_x86_64.manylinux2014_x86_64.whl (277 kB)
2025-08-20T21:24:35.8294774Z Using cached pydantic_extra_types-2.10.5-py3-none-any.whl (38 kB)
2025-08-20T21:24:35.8308478Z Using cached pydantic_settings-2.10.1-py3-none-any.whl (45 kB)
2025-08-20T21:24:35.8322257Z Using cached pygments-2.19.2-py3-none-any.whl (1.2 MB)
2025-08-20T21:24:35.8344786Z Using cached pytz-2025.2-py2.py3-none-any.whl (509 kB)
2025-08-20T21:24:35.8361711Z Using cached rich_toolkit-0.15.0-py3-none-any.whl (29 kB)
2025-08-20T21:24:35.8375627Z Using cached rich-14.1.0-py3-none-any.whl (243 kB)
2025-08-20T21:24:35.8390608Z Using cached markdown_it_py-4.0.0-py3-none-any.whl (87 kB)
2025-08-20T21:24:35.8404527Z Using cached mdurl-0.1.2-py3-none-any.whl (10.0 kB)
2025-08-20T21:24:35.8418311Z Using cached rignore-0.6.4-cp311-cp311-manylinux_2_17_x86_64.manylinux2014_x86_64.whl (950 kB)
2025-08-20T21:24:35.8439342Z Using cached sentry_sdk-2.35.0-py2.py3-none-any.whl (363 kB)
2025-08-20T21:24:35.8455457Z Using cached six-1.17.0-py2.py3-none-any.whl (11 kB)
2025-08-20T21:24:35.8468895Z Using cached sniffio-1.3.1-py3-none-any.whl (10 kB)
2025-08-20T21:24:35.8481961Z Using cached typer-0.16.1-py3-none-any.whl (46 kB)
2025-08-20T21:24:35.8496202Z Using cached shellingham-1.5.4-py2.py3-none-any.whl (9.8 kB)
2025-08-20T21:24:35.8509520Z Using cached typing_inspect-0.9.0-py3-none-any.whl (8.8 kB)
2025-08-20T21:24:35.8523168Z Using cached typing_inspection-0.4.1-py3-none-any.whl (14 kB)
2025-08-20T21:24:35.8536885Z Using cached tzdata-2025.2-py2.py3-none-any.whl (347 kB)
2025-08-20T21:24:35.8552771Z Using cached tzlocal-5.3.1-py3-none-any.whl (18 kB)
2025-08-20T21:24:35.8566652Z Using cached ujson-5.11.0-cp311-cp311-manylinux_2_24_x86_64.manylinux_2_28_x86_64.whl (57 kB)
2025-08-20T21:24:35.8580106Z Using cached uvicorn-0.35.0-py3-none-any.whl (66 kB)
2025-08-20T21:24:35.8594508Z Using cached httptools-0.6.4-cp311-cp311-manylinux_2_5_x86_64.manylinux1_x86_64.manylinux_2_17_x86_64.manylinux2014_x86_64.whl (459 kB)
2025-08-20T21:24:35.8611176Z Using cached uvloop-0.21.0-cp311-cp311-manylinux_2_17_x86_64.manylinux2014_x86_64.whl (4.0 MB)
2025-08-20T21:24:35.8654714Z Using cached watchfiles-1.1.0-cp311-cp311-manylinux_2_17_x86_64.manylinux2014_x86_64.whl (453 kB)
2025-08-20T21:24:35.8671730Z Using cached websockets-15.0.1-cp311-cp311-manylinux_2_5_x86_64.manylinux1_x86_64.manylinux_2_17_x86_64.manylinux2014_x86_64.whl (182 kB)
2025-08-20T21:24:35.8686176Z Using cached yapf-0.43.0-py3-none-any.whl (256 kB)
2025-08-20T21:24:35.8701161Z Using cached argon2_cffi-25.1.0-py3-none-any.whl (14 kB)
2025-08-20T21:24:35.8715307Z Using cached argon2_cffi_bindings-25.1.0-cp39-abi3-manylinux_2_26_x86_64.manylinux_2_28_x86_64.whl (87 kB)
2025-08-20T21:24:35.8729355Z Using cached cffi-1.17.1-cp311-cp311-manylinux_2_17_x86_64.manylinux2014_x86_64.whl (467 kB)
2025-08-20T21:24:35.8746146Z Using cached docker-7.1.0-py3-none-any.whl (147 kB)
2025-08-20T21:24:35.8760868Z Using cached et_xmlfile-2.0.0-py3-none-any.whl (18 kB)
2025-08-20T21:24:35.8774445Z Using cached mako-1.3.10-py3-none-any.whl (78 kB)
2025-08-20T21:24:35.8788210Z Using cached pycparser-2.22-py3-none-any.whl (117 kB)
2025-08-20T21:24:35.8802809Z Using cached pycryptodome-3.23.0-cp37-abi3-manylinux_2_17_x86_64.manylinux2014_x86_64.whl (2.3 MB)
2025-08-20T21:24:35.8834044Z Using cached toml-0.10.2-py2.py3-none-any.whl (16 kB)
2025-08-20T21:24:35.8847281Z Using cached typeguard-4.4.4-py3-none-any.whl (34 kB)
2025-08-20T21:24:35.8861220Z Using cached watchdog-6.0.0-py3-none-manylinux2014_x86_64.whl (79 kB)
2025-08-20T21:24:35.8875356Z Using cached wcwidth-0.2.13-py2.py3-none-any.whl (34 kB)
2025-08-20T21:24:36.3057413Z Installing collected packages: wcwidth, pytz, wrapt, websockets, watchdog, vine, uvloop, urllib3, ujson, tzlocal, tzdata, typing-extensions, tomli_w, tomli, toml, structlog, sniffio, six, shellingham, ruff, rignore, redis, PyYAML, python-multipart, python-dotenv, pygments, pycryptodome, pycparser, psycopg2-binary, psycopg-binary, psutil, prompt-toolkit, port-for, pluggy, platformdirs, pathspec, packaging, orjson, numpy, nr-stream, nr-date, mypy-extensions, multimethod, mdurl, MarkupSafe, jmespath, itsdangerous, iniconfig, imapclient, idna, httptools, h11, greenlet, et-xmlfile, docstring-parser, dnspython, coverage, click, charset_normalizer, certifi, billiard, asyncpg, annotated-types, yapf, vulture, uvicorn, typing-inspection, typing-inspect, types-requests, typeguard, typeapi, sqlalchemy, sentry-sdk, requests, python-dateutil, pytest, pydantic-core, psycopg, openpyxl, mypy, mirakuru, markdown-it-py, Mako, Jinja2, httpcore, email-validator, Deprecated, click-repl, click-plugins, click-didyoumean, cffi, black, apscheduler, anyio, amqp, watchfiles, starlette, rich, pytest-postgresql, pytest-cov, pytest-asyncio, pydantic, pandas, nr-util, kombu, httpx, docker, databind, botocore, argon2-cffi-bindings, alembic, typer, testcontainers, s3transfer, rich-toolkit, respx, python-telegram-bot, pydantic-settings, pydantic-extra-types, pandera, fastapi, databind.json, databind.core, celery, asgi-correlation-id, argon2-cffi, minio, fastapi-limiter, fastapi-cloud-cli, fastapi-cli, docspec, boto3, docspec-python, pydoc-markdown
2025-08-20T21:24:54.3050075Z 
2025-08-20T21:24:54.3118081Z Successfully installed Deprecated-1.2.18 Jinja2-3.1.6 Mako-1.3.10 MarkupSafe-3.0.2 PyYAML-6.0.2 alembic-1.16.4 amqp-5.3.1 annotated-types-0.7.0 anyio-4.10.0 apscheduler-3.10.4 argon2-cffi-25.1.0 argon2-cffi-bindings-25.1.0 asgi-correlation-id-4.3.1 asyncpg-0.30.0 billiard-4.2.1 black-25.1.0 boto3-1.40.14 botocore-1.40.14 celery-5.5.3 certifi-2025.8.3 cffi-1.17.1 charset_normalizer-3.4.3 click-8.2.1 click-didyoumean-0.3.1 click-plugins-1.1.1.2 click-repl-0.3.0 coverage-7.10.4 databind-4.5.2 databind.core-4.5.2 databind.json-4.5.2 dnspython-2.7.0 docker-7.1.0 docspec-2.2.1 docspec-python-2.2.2 docstring-parser-0.11 email-validator-2.2.0 et-xmlfile-2.0.0 fastapi-0.116.1 fastapi-cli-0.0.8 fastapi-cloud-cli-0.1.5 fastapi-limiter-0.1.6 greenlet-3.2.4 h11-0.16.0 httpcore-1.0.9 httptools-0.6.4 httpx-0.28.1 idna-3.10 imapclient-3.0.1 iniconfig-2.1.0 itsdangerous-2.2.0 jmespath-1.0.1 kombu-5.5.4 markdown-it-py-4.0.0 mdurl-0.1.2 minio-7.2.16 mirakuru-2.6.1 multimethod-1.10 mypy-1.17.1 mypy-extensions-1.1.0 nr-date-2.1.0 nr-stream-1.1.5 nr-util-0.8.12 numpy-1.26.4 openpyxl-3.1.5 orjson-3.11.2 packaging-25.0 pandas-2.2.3 pandera-0.19.3 pathspec-0.12.1 platformdirs-4.3.8 pluggy-1.6.0 port-for-0.7.4 prompt-toolkit-3.0.51 psutil-7.0.0 psycopg-3.2.9 psycopg-binary-3.2.9 psycopg2-binary-2.9.10 pycparser-2.22 pycryptodome-3.23.0 pydantic-2.11.7 pydantic-core-2.33.2 pydantic-extra-types-2.10.5 pydantic-settings-2.10.1 pydoc-markdown-4.8.2 pygments-2.19.2 pytest-8.4.1 pytest-asyncio-1.1.0 pytest-cov-6.2.1 pytest-postgresql-7.0.2 python-dateutil-2.9.0.post0 python-dotenv-1.1.1 python-multipart-0.0.20 python-telegram-bot-22.3 pytz-2025.2 redis-6.4.0 requests-2.32.4 respx-0.22.0 rich-14.1.0 rich-toolkit-0.15.0 rignore-0.6.4 ruff-0.9.9 s3transfer-0.13.1 sentry-sdk-2.35.0 shellingham-1.5.4 six-1.17.0 sniffio-1.3.1 sqlalchemy-2.0.43 starlette-0.47.2 structlog-24.1.0 testcontainers-4.12.0 toml-0.10.2 tomli-2.2.1 tomli_w-1.2.0 typeapi-2.2.4 typeguard-4.4.4 typer-0.16.1 types-requests-2.32.4.20250809 typing-extensions-4.14.1 typing-inspect-0.9.0 typing-inspection-0.4.1 tzdata-2025.2 tzlocal-5.3.1 ujson-5.11.0 urllib3-2.5.0 uvicorn-0.35.0 uvloop-0.21.0 vine-5.1.0 vulture-2.10 watchdog-6.0.0 watchfiles-1.1.0 wcwidth-0.2.13 websockets-15.0.1 wrapt-1.17.3 yapf-0.43.0
2025-08-20T21:24:56.1825973Z Collecting keepa==1.3.15
2025-08-20T21:24:56.1841729Z   Using cached keepa-1.3.15-py3-none-any.whl.metadata (11 kB)
2025-08-20T21:24:56.2120898Z Collecting minio==7.1.15
2025-08-20T21:24:56.2136964Z   Using cached minio-7.1.15-py3-none-any.whl.metadata (4.2 kB)
2025-08-20T21:24:56.2164200Z Requirement already satisfied: numpy>=1.9.3 in /opt/hostedtoolcache/Python/3.11.13/x64/lib/python3.11/site-packages (from keepa==1.3.15) (1.26.4)
2025-08-20T21:24:56.2169323Z Requirement already satisfied: requests>=2.2 in /opt/hostedtoolcache/Python/3.11.13/x64/lib/python3.11/site-packages (from keepa==1.3.15) (2.32.4)
2025-08-20T21:24:56.2466564Z Collecting tqdm (from keepa==1.3.15)
2025-08-20T21:24:56.2483276Z   Using cached tqdm-4.67.1-py3-none-any.whl.metadata (57 kB)
2025-08-20T21:24:56.7322001Z Collecting aiohttp (from keepa==1.3.15)
2025-08-20T21:24:56.7339177Z   Using cached aiohttp-3.12.15-cp311-cp311-manylinux_2_17_x86_64.manylinux2014_x86_64.whl.metadata (7.7 kB)
2025-08-20T21:24:56.7370416Z Requirement already satisfied: pandas<=3.0 in /opt/hostedtoolcache/Python/3.11.13/x64/lib/python3.11/site-packages (from keepa==1.3.15) (2.2.3)
2025-08-20T21:24:56.7375424Z Requirement already satisfied: pydantic in /opt/hostedtoolcache/Python/3.11.13/x64/lib/python3.11/site-packages (from keepa==1.3.15) (2.11.7)
2025-08-20T21:24:56.7383482Z Requirement already satisfied: certifi in /opt/hostedtoolcache/Python/3.11.13/x64/lib/python3.11/site-packages (from minio==7.1.15) (2025.8.3)
2025-08-20T21:24:56.7387163Z Requirement already satisfied: urllib3 in /opt/hostedtoolcache/Python/3.11.13/x64/lib/python3.11/site-packages (from minio==7.1.15) (2.5.0)
2025-08-20T21:24:56.7434896Z Requirement already satisfied: python-dateutil>=2.8.2 in /opt/hostedtoolcache/Python/3.11.13/x64/lib/python3.11/site-packages (from pandas<=3.0->keepa==1.3.15) (2.9.0.post0)
2025-08-20T21:24:56.7440056Z Requirement already satisfied: pytz>=2020.1 in /opt/hostedtoolcache/Python/3.11.13/x64/lib/python3.11/site-packages (from pandas<=3.0->keepa==1.3.15) (2025.2)
2025-08-20T21:24:56.7445511Z Requirement already satisfied: tzdata>=2022.7 in /opt/hostedtoolcache/Python/3.11.13/x64/lib/python3.11/site-packages (from pandas<=3.0->keepa==1.3.15) (2025.2)
2025-08-20T21:24:56.7558933Z Requirement already satisfied: six>=1.5 in /opt/hostedtoolcache/Python/3.11.13/x64/lib/python3.11/site-packages (from python-dateutil>=2.8.2->pandas<=3.0->keepa==1.3.15) (1.17.0)
2025-08-20T21:24:56.7576658Z Requirement already satisfied: charset_normalizer<4,>=2 in /opt/hostedtoolcache/Python/3.11.13/x64/lib/python3.11/site-packages (from requests>=2.2->keepa==1.3.15) (3.4.3)
2025-08-20T21:24:56.7582344Z Requirement already satisfied: idna<4,>=2.5 in /opt/hostedtoolcache/Python/3.11.13/x64/lib/python3.11/site-packages (from requests>=2.2->keepa==1.3.15) (3.10)
2025-08-20T21:24:56.7780045Z Collecting aiohappyeyeballs>=2.5.0 (from aiohttp->keepa==1.3.15)
2025-08-20T21:24:56.7794607Z   Using cached aiohappyeyeballs-2.6.1-py3-none-any.whl.metadata (5.9 kB)
2025-08-20T21:24:56.7882280Z Collecting aiosignal>=1.4.0 (from aiohttp->keepa==1.3.15)
2025-08-20T21:24:56.7896587Z   Using cached aiosignal-1.4.0-py3-none-any.whl.metadata (3.7 kB)
2025-08-20T21:24:56.8030981Z Collecting attrs>=17.3.0 (from aiohttp->keepa==1.3.15)
2025-08-20T21:24:56.8045327Z   Using cached attrs-25.3.0-py3-none-any.whl.metadata (10 kB)
2025-08-20T21:24:56.8708874Z Collecting frozenlist>=1.1.1 (from aiohttp->keepa==1.3.15)
2025-08-20T21:24:56.8725594Z   Using cached frozenlist-1.7.0-cp311-cp311-manylinux_2_5_x86_64.manylinux1_x86_64.manylinux_2_17_x86_64.manylinux2014_x86_64.whl.metadata (18 kB)
2025-08-20T21:24:57.0847214Z Collecting multidict<7.0,>=4.5 (from aiohttp->keepa==1.3.15)
2025-08-20T21:24:57.0863426Z   Using cached multidict-6.6.4-cp311-cp311-manylinux2014_x86_64.manylinux_2_17_x86_64.manylinux_2_28_x86_64.whl.metadata (5.3 kB)
2025-08-20T21:24:57.1310677Z Collecting propcache>=0.2.0 (from aiohttp->keepa==1.3.15)
2025-08-20T21:24:57.1326166Z   Using cached propcache-0.3.2-cp311-cp311-manylinux_2_17_x86_64.manylinux2014_x86_64.whl.metadata (12 kB)
2025-08-20T21:24:57.3928938Z Collecting yarl<2.0,>=1.17.0 (from aiohttp->keepa==1.3.15)
2025-08-20T21:24:57.3945438Z   Using cached yarl-1.20.1-cp311-cp311-manylinux_2_17_x86_64.manylinux2014_x86_64.whl.metadata (73 kB)
2025-08-20T21:24:57.4150723Z Requirement already satisfied: typing-extensions>=4.2 in /opt/hostedtoolcache/Python/3.11.13/x64/lib/python3.11/site-packages (from aiosignal>=1.4.0->aiohttp->keepa==1.3.15) (4.14.1)
2025-08-20T21:24:57.4196701Z Requirement already satisfied: annotated-types>=0.6.0 in /opt/hostedtoolcache/Python/3.11.13/x64/lib/python3.11/site-packages (from pydantic->keepa==1.3.15) (0.7.0)
2025-08-20T21:24:57.4201798Z Requirement already satisfied: pydantic-core==2.33.2 in /opt/hostedtoolcache/Python/3.11.13/x64/lib/python3.11/site-packages (from pydantic->keepa==1.3.15) (2.33.2)
2025-08-20T21:24:57.4208846Z Requirement already satisfied: typing-inspection>=0.4.0 in /opt/hostedtoolcache/Python/3.11.13/x64/lib/python3.11/site-packages (from pydantic->keepa==1.3.15) (0.4.1)
2025-08-20T21:24:57.4268750Z Using cached keepa-1.3.15-py3-none-any.whl (38 kB)
2025-08-20T21:24:57.4282308Z Using cached minio-7.1.15-py3-none-any.whl (77 kB)
2025-08-20T21:24:57.4296520Z Using cached aiohttp-3.12.15-cp311-cp311-manylinux_2_17_x86_64.manylinux2014_x86_64.whl (1.7 MB)
2025-08-20T21:24:57.4323528Z Using cached multidict-6.6.4-cp311-cp311-manylinux2014_x86_64.manylinux_2_17_x86_64.manylinux_2_28_x86_64.whl (246 kB)
2025-08-20T21:24:57.4338271Z Using cached yarl-1.20.1-cp311-cp311-manylinux_2_17_x86_64.manylinux2014_x86_64.whl (348 kB)
2025-08-20T21:24:57.4353985Z Using cached aiohappyeyeballs-2.6.1-py3-none-any.whl (15 kB)
2025-08-20T21:24:57.4367064Z Using cached aiosignal-1.4.0-py3-none-any.whl (7.5 kB)
2025-08-20T21:24:57.4380145Z Using cached attrs-25.3.0-py3-none-any.whl (63 kB)
2025-08-20T21:24:57.4394094Z Using cached frozenlist-1.7.0-cp311-cp311-manylinux_2_5_x86_64.manylinux1_x86_64.manylinux_2_17_x86_64.manylinux2014_x86_64.whl (235 kB)
2025-08-20T21:24:57.4408538Z Using cached propcache-0.3.2-cp311-cp311-manylinux_2_17_x86_64.manylinux2014_x86_64.whl (213 kB)
2025-08-20T21:24:57.4422741Z Using cached tqdm-4.67.1-py3-none-any.whl (78 kB)
2025-08-20T21:24:57.5950945Z Installing collected packages: tqdm, propcache, multidict, minio, frozenlist, attrs, aiohappyeyeballs, yarl, aiosignal, aiohttp, keepa
2025-08-20T21:24:57.6643572Z   Attempting uninstall: minio
2025-08-20T21:24:57.6674922Z     Found existing installation: minio 7.2.16
2025-08-20T21:24:57.6708387Z     Uninstalling minio-7.2.16:
2025-08-20T21:24:57.6718060Z       Successfully uninstalled minio-7.2.16
2025-08-20T21:24:57.9999617Z 
2025-08-20T21:24:58.0057377Z Successfully installed aiohappyeyeballs-2.6.1 aiohttp-3.12.15 aiosignal-1.4.0 attrs-25.3.0 frozenlist-1.7.0 keepa-1.3.15 minio-7.1.15 multidict-6.6.4 propcache-0.3.2 tqdm-4.67.1 yarl-1.20.1
2025-08-20T21:24:58.2418689Z ##[group]Run sudo apt-get update
2025-08-20T21:24:58.2419015Z [36;1msudo apt-get update[0m
2025-08-20T21:24:58.2419279Z [36;1msudo apt-get install -y postgresql[0m
2025-08-20T21:24:58.2419773Z [36;1mecho "/usr/lib/postgresql/$(pg_config --version | cut -d' ' -f2 | cut -d'.' -f1,2)/bin" >> $GITHUB_PATH[0m
2025-08-20T21:24:58.2460986Z shell: /usr/bin/bash -e {0}
2025-08-20T21:24:58.2461225Z env:
2025-08-20T21:24:58.2461405Z   PG_USER: postgres
2025-08-20T21:24:58.2461604Z   PG_PASSWORD: pass
2025-08-20T21:24:58.2461799Z   PG_DATABASE: awa
2025-08-20T21:24:58.2461993Z   PG_HOST: localhost
2025-08-20T21:24:58.2462186Z   PG_PORT: 5432
2025-08-20T21:24:58.2462969Z   PG_SYNC_DSN: ***localhost:5432/awa
2025-08-20T21:24:58.2463450Z   PG_ASYNC_DSN: ***localhost:5432/awa
2025-08-20T21:24:58.2463871Z   DATABASE_URL: ***localhost:5432/awa
2025-08-20T21:24:58.2464348Z   DATA_DIR: /tmp/awa-data
2025-08-20T21:24:58.2464569Z   ENABLE_LIVE: 0
2025-08-20T21:24:58.2464753Z   TESTING: 1
2025-08-20T21:24:58.2465028Z   pythonLocation: /opt/hostedtoolcache/Python/3.11.13/x64
2025-08-20T21:24:58.2465471Z   PKG_CONFIG_PATH: /opt/hostedtoolcache/Python/3.11.13/x64/lib/pkgconfig
2025-08-20T21:24:58.2465879Z   Python_ROOT_DIR: /opt/hostedtoolcache/Python/3.11.13/x64
2025-08-20T21:24:58.2466254Z   Python2_ROOT_DIR: /opt/hostedtoolcache/Python/3.11.13/x64
2025-08-20T21:24:58.2466621Z   Python3_ROOT_DIR: /opt/hostedtoolcache/Python/3.11.13/x64
2025-08-20T21:24:58.2466997Z   LD_LIBRARY_PATH: /opt/hostedtoolcache/Python/3.11.13/x64/lib
2025-08-20T21:24:58.2467301Z ##[endgroup]
2025-08-20T21:24:58.3964117Z Get:1 file:/etc/apt/apt-mirrors.txt Mirrorlist [144 B]
2025-08-20T21:24:58.4238580Z Hit:6 https://packages.microsoft.com/repos/azure-cli noble InRelease
2025-08-20T21:24:58.4242027Z Hit:2 http://azure.archive.ubuntu.com/ubuntu noble InRelease
2025-08-20T21:24:58.4249848Z Get:7 https://packages.microsoft.com/ubuntu/24.04/prod noble InRelease [3600 B]
2025-08-20T21:24:58.4301158Z Get:3 http://azure.archive.ubuntu.com/ubuntu noble-updates InRelease [126 kB]
2025-08-20T21:24:58.4368438Z Get:4 http://azure.archive.ubuntu.com/ubuntu noble-backports InRelease [126 kB]
2025-08-20T21:24:58.4447712Z Get:5 http://azure.archive.ubuntu.com/ubuntu noble-security InRelease [126 kB]
2025-08-20T21:24:58.6476246Z Get:8 https://packages.microsoft.com/ubuntu/24.04/prod noble/main amd64 Packages [48.0 kB]
2025-08-20T21:24:58.6634196Z Get:9 https://packages.microsoft.com/ubuntu/24.04/prod noble/main armhf Packages [9870 B]
2025-08-20T21:24:58.6664758Z Get:10 https://packages.microsoft.com/ubuntu/24.04/prod noble/main arm64 Packages [33.2 kB]
2025-08-20T21:24:58.7004329Z Get:11 http://azure.archive.ubuntu.com/ubuntu noble-updates/main amd64 Packages [1349 kB]
2025-08-20T21:24:58.7095153Z Get:12 http://azure.archive.ubuntu.com/ubuntu noble-updates/main Translation-en [268 kB]
2025-08-20T21:24:58.7121836Z Get:13 http://azure.archive.ubuntu.com/ubuntu noble-updates/main amd64 Components [175 kB]
2025-08-20T21:24:58.7133328Z Get:14 http://azure.archive.ubuntu.com/ubuntu noble-updates/universe amd64 Packages [1124 kB]
2025-08-20T21:24:58.7210753Z Get:15 http://azure.archive.ubuntu.com/ubuntu noble-updates/universe Translation-en [288 kB]
2025-08-20T21:24:58.7232843Z Get:16 http://azure.archive.ubuntu.com/ubuntu noble-updates/universe amd64 Components [377 kB]
2025-08-20T21:24:58.7257719Z Get:17 http://azure.archive.ubuntu.com/ubuntu noble-updates/restricted amd64 Packages [1728 kB]
2025-08-20T21:24:58.7358375Z Get:18 http://azure.archive.ubuntu.com/ubuntu noble-updates/restricted Translation-en [382 kB]
2025-08-20T21:24:58.7375110Z Get:19 http://azure.archive.ubuntu.com/ubuntu noble-updates/restricted amd64 Components [212 B]
2025-08-20T21:24:58.7384392Z Get:20 http://azure.archive.ubuntu.com/ubuntu noble-updates/multiverse amd64 Components [940 B]
2025-08-20T21:24:58.8052371Z Get:21 http://azure.archive.ubuntu.com/ubuntu noble-backports/main amd64 Components [7060 B]
2025-08-20T21:24:58.8065596Z Get:22 http://azure.archive.ubuntu.com/ubuntu noble-backports/universe amd64 Components [19.2 kB]
2025-08-20T21:24:58.8075995Z Get:23 http://azure.archive.ubuntu.com/ubuntu noble-backports/restricted amd64 Components [216 B]
2025-08-20T21:24:58.8083815Z Get:24 http://azure.archive.ubuntu.com/ubuntu noble-backports/multiverse amd64 Components [212 B]
2025-08-20T21:24:58.8254401Z Get:25 http://azure.archive.ubuntu.com/ubuntu noble-security/main amd64 Packages [1081 kB]
2025-08-20T21:24:58.8319211Z Get:26 http://azure.archive.ubuntu.com/ubuntu noble-security/main Translation-en [187 kB]
2025-08-20T21:24:58.8339134Z Get:27 http://azure.archive.ubuntu.com/ubuntu noble-security/main amd64 Components [21.6 kB]
2025-08-20T21:24:58.8348187Z Get:28 http://azure.archive.ubuntu.com/ubuntu noble-security/universe amd64 Packages [881 kB]
2025-08-20T21:24:58.8400454Z Get:29 http://azure.archive.ubuntu.com/ubuntu noble-security/universe Translation-en [195 kB]
2025-08-20T21:24:58.8419973Z Get:30 http://azure.archive.ubuntu.com/ubuntu noble-security/universe amd64 Components [52.2 kB]
2025-08-20T21:24:58.8434603Z Get:31 http://azure.archive.ubuntu.com/ubuntu noble-security/restricted amd64 Packages [1625 kB]
2025-08-20T21:24:58.8516849Z Get:32 http://azure.archive.ubuntu.com/ubuntu noble-security/restricted Translation-en [359 kB]
2025-08-20T21:24:58.8539769Z Get:33 http://azure.archive.ubuntu.com/ubuntu noble-security/restricted amd64 Components [212 B]
2025-08-20T21:24:58.8549632Z Get:34 http://azure.archive.ubuntu.com/ubuntu noble-security/multiverse amd64 Components [208 B]
2025-08-20T21:25:05.8015085Z Fetched 10.6 MB in 1s (7610 kB/s)
2025-08-20T21:25:06.4743497Z Reading package lists...
2025-08-20T21:25:06.5057697Z Reading package lists...
2025-08-20T21:25:06.6558609Z Building dependency tree...
2025-08-20T21:25:06.6566156Z Reading state information...
2025-08-20T21:25:06.7931563Z Suggested packages:
2025-08-20T21:25:06.7931935Z   postgresql-doc
2025-08-20T21:25:06.8423291Z The following NEW packages will be installed:
2025-08-20T21:25:06.8423750Z   postgresql
2025-08-20T21:25:06.8589743Z 0 upgraded, 1 newly installed, 0 to remove and 21 not upgraded.
2025-08-20T21:25:06.8590188Z Need to get 11.6 kB of archives.
2025-08-20T21:25:06.8590687Z After this operation, 17.4 kB of additional disk space will be used.
2025-08-20T21:25:06.8591330Z Get:1 file:/etc/apt/apt-mirrors.txt Mirrorlist [144 B]
2025-08-20T21:25:06.9808172Z Get:2 http://azure.archive.ubuntu.com/ubuntu noble-updates/main amd64 postgresql all 16+257build1.1 [11.6 kB]
2025-08-20T21:25:07.2320776Z Fetched 11.6 kB in 0s (87.7 kB/s)
2025-08-20T21:25:07.2851071Z Selecting previously unselected package postgresql.
2025-08-20T21:25:07.3426620Z (Reading database ... 
2025-08-20T21:25:07.3427059Z (Reading database ... 5%
2025-08-20T21:25:07.3427440Z (Reading database ... 10%
2025-08-20T21:25:07.3427706Z (Reading database ... 15%
2025-08-20T21:25:07.3427948Z (Reading database ... 20%
2025-08-20T21:25:07.3428213Z (Reading database ... 25%
2025-08-20T21:25:07.3428453Z (Reading database ... 30%
2025-08-20T21:25:07.3428706Z (Reading database ... 35%
2025-08-20T21:25:07.3428955Z (Reading database ... 40%
2025-08-20T21:25:07.3429189Z (Reading database ... 45%
2025-08-20T21:25:07.3429429Z (Reading database ... 50%
2025-08-20T21:25:07.4663952Z (Reading database ... 55%
2025-08-20T21:25:07.8754510Z (Reading database ... 60%
2025-08-20T21:25:08.4599710Z (Reading database ... 65%
2025-08-20T21:25:08.7526517Z (Reading database ... 70%
2025-08-20T21:25:09.2487972Z (Reading database ... 75%
2025-08-20T21:25:09.7597010Z (Reading database ... 80%
2025-08-20T21:25:10.6963598Z (Reading database ... 85%
2025-08-20T21:25:12.9494320Z (Reading database ... 90%
2025-08-20T21:25:14.4802198Z (Reading database ... 95%
2025-08-20T21:25:14.4803079Z (Reading database ... 100%
2025-08-20T21:25:14.4803795Z (Reading database ... 219830 files and directories currently installed.)
2025-08-20T21:25:14.4851089Z Preparing to unpack .../postgresql_16+257build1.1_all.deb ...
2025-08-20T21:25:14.4882830Z Unpacking postgresql (16+257build1.1) ...
2025-08-20T21:25:14.5266803Z Setting up postgresql (16+257build1.1) ...
2025-08-20T21:25:15.6859204Z 
2025-08-20T21:25:15.6859707Z Running kernel seems to be up-to-date.
2025-08-20T21:25:15.6860169Z 
2025-08-20T21:25:15.6860358Z Restarting services...
2025-08-20T21:25:15.6935686Z 
2025-08-20T21:25:15.6936140Z Service restarts being deferred:
2025-08-20T21:25:15.6938702Z  systemctl restart hosted-compute-agent.service
2025-08-20T21:25:15.6939066Z 
2025-08-20T21:25:15.6939385Z No containers need to be restarted.
2025-08-20T21:25:15.6939677Z 
2025-08-20T21:25:15.6939870Z No user sessions are running outdated binaries.
2025-08-20T21:25:15.6940196Z 
2025-08-20T21:25:15.6940512Z No VM guests are running outdated hypervisor (qemu) binaries on this host.
2025-08-20T21:25:16.5529851Z ##[group]Run pytest tests/migrations/test_migration_roundtrip.py -q -m integration --cov=services --cov-append --cov-fail-under=0 -o addopts=''
2025-08-20T21:25:16.5531012Z [36;1mpytest tests/migrations/test_migration_roundtrip.py -q -m integration --cov=services --cov-append --cov-fail-under=0 -o addopts=''[0m
2025-08-20T21:25:16.5571325Z shell: /usr/bin/bash -e {0}
2025-08-20T21:25:16.5571568Z env:
2025-08-20T21:25:16.5571753Z   PG_USER: postgres
2025-08-20T21:25:16.5571973Z   PG_PASSWORD: pass
2025-08-20T21:25:16.5572174Z   PG_DATABASE: awa
2025-08-20T21:25:16.5572376Z   PG_HOST: localhost
2025-08-20T21:25:16.5572802Z   PG_PORT: 5432
2025-08-20T21:25:16.5573325Z   PG_SYNC_DSN: ***localhost:5432/awa
2025-08-20T21:25:16.5573758Z   PG_ASYNC_DSN: ***localhost:5432/awa
2025-08-20T21:25:16.5574160Z   DATABASE_URL: ***localhost:5432/awa
2025-08-20T21:25:16.5574415Z   DATA_DIR: /tmp/awa-data
2025-08-20T21:25:16.5574640Z   ENABLE_LIVE: 0
2025-08-20T21:25:16.5574833Z   TESTING: 1
2025-08-20T21:25:16.5575118Z   pythonLocation: /opt/hostedtoolcache/Python/3.11.13/x64
2025-08-20T21:25:16.5575532Z   PKG_CONFIG_PATH: /opt/hostedtoolcache/Python/3.11.13/x64/lib/pkgconfig
2025-08-20T21:25:16.5575945Z   Python_ROOT_DIR: /opt/hostedtoolcache/Python/3.11.13/x64
2025-08-20T21:25:16.5576311Z   Python2_ROOT_DIR: /opt/hostedtoolcache/Python/3.11.13/x64
2025-08-20T21:25:16.5576679Z   Python3_ROOT_DIR: /opt/hostedtoolcache/Python/3.11.13/x64
2025-08-20T21:25:16.5577057Z   LD_LIBRARY_PATH: /opt/hostedtoolcache/Python/3.11.13/x64/lib
2025-08-20T21:25:16.5577372Z ##[endgroup]
2025-08-20T21:25:18.8415236Z s                                                                        [100%]
2025-08-20T21:25:18.8416002Z ================================ tests coverage ================================
2025-08-20T21:25:18.8416691Z _______________ coverage: platform linux, python 3.11.13-final-0 _______________
2025-08-20T21:25:18.8417317Z 
2025-08-20T21:25:18.8417587Z Name                                                       Stmts   Miss  Cover
2025-08-20T21:25:18.8418371Z ------------------------------------------------------------------------------
2025-08-20T21:25:18.8419270Z services/__init__.py                                           0      0   100%
2025-08-20T21:25:18.8420165Z services/alert_bot/__init__.py                                 0      0   100%
2025-08-20T21:25:18.8421146Z services/alert_bot/alert_bot.py                               22     22     0%
2025-08-20T21:25:18.8422145Z services/alert_bot/rules/__init__.py                          63     63     0%
2025-08-20T21:25:18.8423350Z services/api/__init__.py                                       0      0   100%
2025-08-20T21:25:18.8423935Z services/api/config.py                                        24     24     0%
2025-08-20T21:25:18.8424497Z services/api/db.py                                            16     16     0%
2025-08-20T21:25:18.8425056Z services/api/errors.py                                        39     39     0%
2025-08-20T21:25:18.8425693Z services/api/logging_config.py                                15     15     0%
2025-08-20T21:25:18.8426169Z services/api/main.py                                         112    112     0%
2025-08-20T21:25:18.8426583Z services/api/models/__init__.py                                0      0   100%
2025-08-20T21:25:18.8426993Z services/api/models/fee.py                                    11     11     0%
2025-08-20T21:25:18.8427403Z services/api/roi_repository.py                                21     21     0%
2025-08-20T21:25:18.8427822Z services/api/routes/__init__.py                                0      0   100%
2025-08-20T21:25:18.8428241Z services/api/routes/health.py                                 19     19     0%
2025-08-20T21:25:18.8428675Z services/api/routes/repository.py                             16     16     0%
2025-08-20T21:25:18.8429097Z services/api/routes/roi.py                                    77     77     0%
2025-08-20T21:25:18.8429831Z services/api/routes/score.py                                  56     56     0%
2025-08-20T21:25:18.8430251Z services/api/routes/stats.py                                  49     49     0%
2025-08-20T21:25:18.8430796Z services/api/security.py                                      10     10     0%
2025-08-20T21:25:18.8431202Z services/api/sentry_config.py                                 65     65     0%
2025-08-20T21:25:18.8431601Z services/common/__init__.py                                    4      0   100%
2025-08-20T21:25:18.8431987Z services/common/base.py                                        3      0   100%
2025-08-20T21:25:18.8432379Z services/common/config.py                                      4      4     0%
2025-08-20T21:25:18.8433048Z services/common/db.py                                         34     34     0%
2025-08-20T21:25:18.8433424Z services/common/db_url.py                                      4      4     0%
2025-08-20T21:25:18.8433803Z services/common/dsn.py                                        31     25    19%
2025-08-20T21:25:18.8434190Z services/common/keepa.py                                       7      4    43%
2025-08-20T21:25:18.8434577Z services/common/llm.py                                        65     65     0%
2025-08-20T21:25:18.8434981Z services/common/models_vendor.py                              24      0   100%
2025-08-20T21:25:18.8435404Z services/common/settings.py                                   20     20     0%
2025-08-20T21:25:18.8435797Z services/db/__init__.py                                        0      0   100%
2025-08-20T21:25:18.8436172Z services/db/utils/__init__.py                                  0      0   100%
2025-08-20T21:25:18.8436565Z services/db/utils/views.py                                     5      5     0%
2025-08-20T21:25:18.8436964Z services/emailer/__init__.py                                   4      4     0%
2025-08-20T21:25:18.8437392Z services/emailer/generate_body.py                              3      3     0%
2025-08-20T21:25:18.8437800Z services/etl/__init__.py                                       9      9     0%
2025-08-20T21:25:18.8438164Z services/etl/db.py                                             2      2     0%
2025-08-20T21:25:18.8438550Z services/etl/dialects/__init__.py                              9      9     0%
2025-08-20T21:25:18.8438985Z services/etl/dialects/amazon_ads_sp_cost.py                   31     31     0%
2025-08-20T21:25:18.8439439Z services/etl/dialects/amazon_fee_preview.py                   30     30     0%
2025-08-20T21:25:18.8439896Z services/etl/dialects/amazon_inventory_ledger.py              28     28     0%
2025-08-20T21:25:18.8440361Z services/etl/dialects/amazon_reimbursements.py                16     16     0%
2025-08-20T21:25:18.8440822Z services/etl/dialects/amazon_returns.py                       16     16     0%
2025-08-20T21:25:18.8441283Z services/etl/dialects/amazon_settlements.py                   27     27     0%
2025-08-20T21:25:18.8441734Z services/etl/dialects/schemas.py                              25     25     0%
2025-08-20T21:25:18.8442176Z services/etl/dialects/test_generic.py                         15     15     0%
2025-08-20T21:25:18.8442783Z services/etl/fba_fee_ingestor.py                              33     33     0%
2025-08-20T21:25:18.8443227Z services/etl/keepa_ingestor.py                                47     47     0%
2025-08-20T21:25:18.8443645Z services/etl/sp_fees_ingestor.py                              39     39     0%
2025-08-20T21:25:18.8444050Z services/fees_h10/__init__.py                                  0      0   100%
2025-08-20T21:25:18.8444439Z services/fees_h10/client.py                                   12     12     0%
2025-08-20T21:25:18.8444848Z services/fees_h10/repository.py                               39     39     0%
2025-08-20T21:25:18.8445253Z services/fees_h10/worker.py                                   47     47     0%
2025-08-20T21:25:18.8445650Z services/ingest/__init__.py                                    0      0   100%
2025-08-20T21:25:18.8446188Z services/ingest/celery_app.py                                 22     22     0%
2025-08-20T21:25:18.8446602Z services/ingest/copy_loader.py                                57     57     0%
2025-08-20T21:25:18.8447126Z services/ingest/email_watcher.py                              50     50     0%
2025-08-20T21:25:18.8447552Z services/ingest/ingest_router.py                               8      8     0%
2025-08-20T21:25:18.8447980Z services/ingest/maintenance.py                                31     31     0%
2025-08-20T21:25:18.8448389Z services/ingest/tasks.py                                      56     56     0%
2025-08-20T21:25:18.8448797Z services/ingest/upload_router.py                              22     22     0%
2025-08-20T21:25:18.8449208Z services/llm_server/__init__.py                                0      0   100%
2025-08-20T21:25:18.8449602Z services/llm_server/app.py                                    22     22     0%
2025-08-20T21:25:18.8449998Z services/logistics_etl/__init__.py                             0      0   100%
2025-08-20T21:25:18.8450421Z services/logistics_etl/__main__.py                             7      7     0%
2025-08-20T21:25:18.8450843Z services/logistics_etl/client.py                              20     20     0%
2025-08-20T21:25:18.8451273Z services/logistics_etl/cron.py                                11     11     0%
2025-08-20T21:25:18.8451683Z services/logistics_etl/db.py                                  13     13     0%
2025-08-20T21:25:18.8452087Z services/logistics_etl/dsn.py                                 33     33     0%
2025-08-20T21:25:18.8452658Z services/logistics_etl/flow.py                                14     14     0%
2025-08-20T21:25:18.8453178Z services/logistics_etl/repository.py                          50     50     0%
2025-08-20T21:25:18.8453614Z services/price_importer/__init__.py                            1      1     0%
2025-08-20T21:25:18.8454046Z services/price_importer/common/__init__.py                     2      2     0%
2025-08-20T21:25:18.8454495Z services/price_importer/common/base.py                         2      2     0%
2025-08-20T21:25:18.8454941Z services/price_importer/common/db_url.py                       6      6     0%
2025-08-20T21:25:18.8455397Z services/price_importer/common/models_vendor.py               22     22     0%
2025-08-20T21:25:18.8455839Z services/price_importer/import.py                             21     21     0%
2025-08-20T21:25:18.8456268Z services/price_importer/normaliser.py                         20     20     0%
2025-08-20T21:25:18.8456705Z services/price_importer/reader.py                             30     30     0%
2025-08-20T21:25:18.8457138Z services/price_importer/repository.py                         38     38     0%
2025-08-20T21:25:18.8457590Z services/price_importer/services_common/__init__.py            4      4     0%
2025-08-20T21:25:18.8458044Z services/price_importer/services_common/base.py                3      3     0%
2025-08-20T21:25:18.8458498Z services/price_importer/services_common/db.py                 34     34     0%
2025-08-20T21:25:18.8458954Z services/price_importer/services_common/db_url.py              4      4     0%
2025-08-20T21:25:18.8459407Z services/price_importer/services_common/dsn.py                27     27     0%
2025-08-20T21:25:18.8459860Z services/price_importer/services_common/keepa.py               7      7     0%
2025-08-20T21:25:18.8460314Z services/price_importer/services_common/llm.py                36     36     0%
2025-08-20T21:25:18.8460773Z services/price_importer/services_common/models_vendor.py      22     22     0%
2025-08-20T21:25:18.8461235Z services/price_importer/services_common/settings.py           19     19     0%
2025-08-20T21:25:18.8461665Z services/repricer/__init__.py                                  0      0   100%
2025-08-20T21:25:18.8462071Z services/repricer/app/__init__.py                              0      0   100%
2025-08-20T21:25:18.8462678Z services/repricer/app/deps.py                                  0      0   100%
2025-08-20T21:25:18.8463301Z services/repricer/app/logic.py                                 5      5     0%
2025-08-20T21:25:18.8463745Z services/repricer/app/main.py                                 20     20     0%
2025-08-20T21:25:18.8464280Z services/repricer/app/schemas.py                              10     10     0%
2025-08-20T21:25:18.8464671Z ------------------------------------------------------------------------------
2025-08-20T21:25:18.8464991Z TOTAL                                                       1997   1957     2%
2025-08-20T21:25:18.8465256Z 1 skipped in 0.45s
2025-08-20T21:25:18.9762662Z ##[group]Run actions/upload-artifact@v4
2025-08-20T21:25:18.9763153Z with:
2025-08-20T21:25:18.9763487Z   name: coverage.integration
2025-08-20T21:25:18.9763879Z   path: .coverage
2025-08-20T21:25:18.9764224Z   if-no-files-found: warn
2025-08-20T21:25:18.9764622Z   compression-level: 6
2025-08-20T21:25:18.9764988Z   overwrite: false
2025-08-20T21:25:18.9765344Z   include-hidden-files: false
2025-08-20T21:25:18.9765729Z env:
2025-08-20T21:25:18.9766038Z   PG_USER: postgres
2025-08-20T21:25:18.9766399Z   PG_PASSWORD: pass
2025-08-20T21:25:18.9766737Z   PG_DATABASE: awa
2025-08-20T21:25:18.9767066Z   PG_HOST: localhost
2025-08-20T21:25:18.9767434Z   PG_PORT: 5432
2025-08-20T21:25:18.9768158Z   PG_SYNC_DSN: ***localhost:5432/awa
2025-08-20T21:25:18.9768893Z   PG_ASYNC_DSN: ***localhost:5432/awa
2025-08-20T21:25:18.9769680Z   DATABASE_URL: ***localhost:5432/awa
2025-08-20T21:25:18.9770194Z   DATA_DIR: /tmp/awa-data
2025-08-20T21:25:18.9770571Z   ENABLE_LIVE: 0
2025-08-20T21:25:18.9770939Z   TESTING: 1
2025-08-20T21:25:18.9771375Z   pythonLocation: /opt/hostedtoolcache/Python/3.11.13/x64
2025-08-20T21:25:18.9772154Z   PKG_CONFIG_PATH: /opt/hostedtoolcache/Python/3.11.13/x64/lib/pkgconfig
2025-08-20T21:25:18.9773105Z   Python_ROOT_DIR: /opt/hostedtoolcache/Python/3.11.13/x64
2025-08-20T21:25:18.9773763Z   Python2_ROOT_DIR: /opt/hostedtoolcache/Python/3.11.13/x64
2025-08-20T21:25:18.9774472Z   Python3_ROOT_DIR: /opt/hostedtoolcache/Python/3.11.13/x64
2025-08-20T21:25:18.9775143Z   LD_LIBRARY_PATH: /opt/hostedtoolcache/Python/3.11.13/x64/lib
2025-08-20T21:25:18.9775692Z ##[endgroup]
2025-08-20T21:25:19.1934412Z ##[warning]No files were found with the provided path: .coverage. No artifacts will be uploaded.
2025-08-20T21:25:19.2534336Z Post job cleanup.
2025-08-20T21:25:19.4028019Z [command]/usr/bin/tar --posix -cf cache.tzst --exclude cache.tzst -P -C /home/runner/work/AWA-App/AWA-App --files-from manifest.txt --use-compress-program zstdmt
2025-08-20T21:25:20.2282796Z Failed to save: Unable to reserve cache with key Linux-int-cc13ccef493b9f3a93ad5651164d9fb09282c1111f6f72ce20e0657de16de6b4, another job may be creating this cache.
2025-08-20T21:25:20.2967789Z Post job cleanup.
2025-08-20T21:25:20.4688800Z [command]/usr/bin/tar --posix -cf cache.tzst --exclude cache.tzst -P -C /home/runner/work/AWA-App/AWA-App --files-from manifest.txt --use-compress-program zstdmt
2025-08-20T21:25:21.3196066Z Failed to save: Unable to reserve cache with key setup-python-Linux-x64-24.04-Ubuntu-python-3.11.13-pip-cc13ccef493b9f3a93ad5651164d9fb09282c1111f6f72ce20e0657de16de6b4, another job may be creating this cache.
2025-08-20T21:25:21.3890070Z Post job cleanup.
2025-08-20T21:25:21.4667490Z [command]/usr/bin/git version
2025-08-20T21:25:21.4704859Z git version 2.51.0
2025-08-20T21:25:21.4742966Z Temporarily overriding HOME='/home/runner/work/_temp/c312b6b5-b61a-4985-aa56-8c49a7188620' before making global git config changes
2025-08-20T21:25:21.4744262Z Adding repository directory to the temporary git global config as a safe directory
2025-08-20T21:25:21.4748986Z [command]/usr/bin/git config --global --add safe.directory /home/runner/work/AWA-App/AWA-App
2025-08-20T21:25:21.4787604Z [command]/usr/bin/git config --local --name-only --get-regexp core\.sshCommand
2025-08-20T21:25:21.4821375Z [command]/usr/bin/git submodule foreach --recursive sh -c "git config --local --name-only --get-regexp 'core\.sshCommand' && git config --local --unset-all 'core.sshCommand' || :"
2025-08-20T21:25:21.5053261Z [command]/usr/bin/git config --local --name-only --get-regexp http\.https\:\/\/github\.com\/\.extraheader
2025-08-20T21:25:21.5078229Z http.https://github.com/.extraheader
2025-08-20T21:25:21.5089128Z [command]/usr/bin/git config --local --unset-all http.https://github.com/.extraheader
2025-08-20T21:25:21.5122370Z [command]/usr/bin/git submodule foreach --recursive sh -c "git config --local --name-only --get-regexp 'http\.https\:\/\/github\.com\/\.extraheader' && git config --local --unset-all 'http.https://github.com/.extraheader' || :"
2025-08-20T21:25:21.5441413Z Print service container logs: be2c5fac0399400582130c9157f4591f_postgres15_612219
2025-08-20T21:25:21.5446860Z ##[command]/usr/bin/docker logs --details 72d470cf0f9f774235532dc31e6e5627c26e417797169259e96ee898590a9d06
2025-08-20T21:25:21.5655738Z  The files belonging to this database system will be owned by user "postgres".
2025-08-20T21:25:21.5656452Z  This user must also own the server process.
2025-08-20T21:25:21.5657268Z  
2025-08-20T21:25:21.5657661Z  The database cluster will be initialized with locale "en_US.utf8".
2025-08-20T21:25:21.5658108Z  The default database encoding has accordingly been set to "UTF8".
2025-08-20T21:25:21.5658549Z  The default text search configuration will be set to "english".
2025-08-20T21:25:21.5658852Z  
2025-08-20T21:25:21.5659029Z  Data page checksums are disabled.
2025-08-20T21:25:21.5660438Z  initdb: warning: enabling "trust" authentication for local connections
2025-08-20T21:25:21.5661123Z  initdb: hint: You can change this by editing pg_hba.conf or using the option -A, or --auth-local and --auth-host, the next time you run initdb.
2025-08-20T21:25:21.5661947Z  2025-08-20 21:24:04.846 UTC [1] LOG:  starting PostgreSQL 15.14 (Debian 15.14-1.pgdg13+1) on x86_64-pc-linux-gnu, compiled by gcc (Debian 14.2.0-19) 14.2.0, 64-bit
2025-08-20T21:25:21.5662863Z  2025-08-20 21:24:04.846 UTC [1] LOG:  listening on IPv4 address "0.0.0.0", port 5432
2025-08-20T21:25:21.5663309Z  2025-08-20 21:24:04.846 UTC [1] LOG:  listening on IPv6 address "::", port 5432
2025-08-20T21:25:21.5663768Z  2025-08-20 21:24:04.848 UTC [1] LOG:  listening on Unix socket "/var/run/postgresql/.s.PGSQL.5432"
2025-08-20T21:25:21.5664272Z  2025-08-20 21:24:04.851 UTC [64] LOG:  database system was shut down at 2025-08-20 21:24:04 UTC
2025-08-20T21:25:21.5664713Z  2025-08-20 21:24:04.855 UTC [1] LOG:  database system is ready to accept connections
2025-08-20T21:25:21.5665027Z  
2025-08-20T21:25:21.5665306Z  fixing permissions on existing directory /var/lib/postgresql/data ... ok
2025-08-20T21:25:21.5665670Z  creating subdirectories ... ok
2025-08-20T21:25:21.5665971Z  selecting dynamic shared memory implementation ... posix
2025-08-20T21:25:21.5666296Z  selecting default max_connections ... 100
2025-08-20T21:25:21.5666564Z  selecting default shared_buffers ... 128MB
2025-08-20T21:25:21.5666828Z  selecting default time zone ... Etc/UTC
2025-08-20T21:25:21.5667085Z  creating configuration files ... ok
2025-08-20T21:25:21.5667333Z  running bootstrap script ... ok
2025-08-20T21:25:21.5667609Z  performing post-bootstrap initialization ... ok
2025-08-20T21:25:21.5667890Z  syncing data to disk ... ok
2025-08-20T21:25:21.5668104Z  
2025-08-20T21:25:21.5668254Z  
2025-08-20T21:25:21.5668754Z  Success. You can now start the database server using:
2025-08-20T21:25:21.5669234Z  
2025-08-20T21:25:21.5669585Z      pg_ctl -D /var/lib/postgresql/data -l logfile start
2025-08-20T21:25:21.5670037Z  
2025-08-20T21:25:21.5670697Z  waiting for server to start....2025-08-20 21:24:04.535 UTC [48] LOG:  starting PostgreSQL 15.14 (Debian 15.14-1.pgdg13+1) on x86_64-pc-linux-gnu, compiled by gcc (Debian 14.2.0-19) 14.2.0, 64-bit
2025-08-20T21:25:21.5671439Z  2025-08-20 21:24:04.536 UTC [48] LOG:  listening on Unix socket "/var/run/postgresql/.s.PGSQL.5432"
2025-08-20T21:25:21.5671929Z  2025-08-20 21:24:04.539 UTC [51] LOG:  database system was shut down at 2025-08-20 21:24:04 UTC
2025-08-20T21:25:21.5672370Z  2025-08-20 21:24:04.543 UTC [48] LOG:  database system is ready to accept connections
2025-08-20T21:25:21.5672808Z   done
2025-08-20T21:25:21.5672971Z  server started
2025-08-20T21:25:21.5673149Z  CREATE DATABASE
2025-08-20T21:25:21.5673320Z  
2025-08-20T21:25:21.5673680Z  
2025-08-20T21:25:21.5673976Z  /usr/local/bin/docker-entrypoint.sh: ignoring /docker-entrypoint-initdb.d/*
2025-08-20T21:25:21.5674334Z  
2025-08-20T21:25:21.5674555Z  2025-08-20 21:24:04.724 UTC [48] LOG:  received fast shutdown request
2025-08-20T21:25:21.5675197Z  waiting for server to shut down....2025-08-20 21:24:04.724 UTC [48] LOG:  aborting any active transactions
2025-08-20T21:25:21.5675805Z  2025-08-20 21:24:04.726 UTC [48] LOG:  background worker "logical replication launcher" (PID 54) exited with exit code 1
2025-08-20T21:25:21.5676270Z  2025-08-20 21:24:04.726 UTC [49] LOG:  shutting down
2025-08-20T21:25:21.5676615Z  2025-08-20 21:24:04.727 UTC [49] LOG:  checkpoint starting: shutdown immediate
2025-08-20T21:25:21.5677446Z  2025-08-20 21:24:04.745 UTC [49] LOG:  checkpoint complete: wrote 922 buffers (5.6%); 0 WAL file(s) added, 0 removed, 0 recycled; write=0.014 s, sync=0.003 s, total=0.019 s; sync files=301, longest=0.001 s, average=0.001 s; distance=4239 kB, estimate=4239 kB
2025-08-20T21:25:21.5678347Z  2025-08-20 21:24:04.751 UTC [48] LOG:  database system is shut down
2025-08-20T21:25:21.5678737Z   done
2025-08-20T21:25:21.5679070Z  server stopped
2025-08-20T21:25:21.5679432Z  
2025-08-20T21:25:21.5679754Z  PostgreSQL init process complete; ready for start up.
2025-08-20T21:25:21.5680116Z  
2025-08-20T21:25:21.5686414Z Stop and remove container: be2c5fac0399400582130c9157f4591f_postgres15_612219
2025-08-20T21:25:21.5691164Z ##[command]/usr/bin/docker rm --force 72d470cf0f9f774235532dc31e6e5627c26e417797169259e96ee898590a9d06
2025-08-20T21:25:22.1016844Z 72d470cf0f9f774235532dc31e6e5627c26e417797169259e96ee898590a9d06
2025-08-20T21:25:22.1049450Z Remove container network: github_network_acb64b776cb8454f9b84eb98b3f3cf09
2025-08-20T21:25:22.1055064Z ##[command]/usr/bin/docker network rm github_network_acb64b776cb8454f9b84eb98b3f3cf09
2025-08-20T21:25:22.2371033Z github_network_acb64b776cb8454f9b84eb98b3f3cf09
2025-08-20T21:25:22.2429433Z Cleaning up orphan processes
