2025-08-26T09:24:25.6996009Z Current runner version: '2.328.0'
2025-08-26T09:24:25.7018811Z ##[group]Runner Image Provisioner
2025-08-26T09:24:25.7019733Z Hosted Compute Agent
2025-08-26T09:24:25.7020260Z Version: 20250818.377
2025-08-26T09:24:25.7020862Z Commit: 3c593e9f75fe0b87e893bca80d6e12ba089c61fc
2025-08-26T09:24:25.7021554Z Build Date: 2025-08-18T14:52:18Z
2025-08-26T09:24:25.7022170Z ##[endgroup]
2025-08-26T09:24:25.7022694Z ##[group]Operating System
2025-08-26T09:24:25.7023284Z Ubuntu
2025-08-26T09:24:25.7023740Z 24.04.2
2025-08-26T09:24:25.7024201Z LTS
2025-08-26T09:24:25.7024608Z ##[endgroup]
2025-08-26T09:24:25.7025156Z ##[group]Runner Image
2025-08-26T09:24:25.7025724Z Image: ubuntu-24.04
2025-08-26T09:24:25.7026179Z Version: 20250818.1.0
2025-08-26T09:24:25.7027231Z Included Software: https://github.com/actions/runner-images/blob/ubuntu24/20250818.1/images/ubuntu/Ubuntu2404-Readme.md
2025-08-26T09:24:25.7029020Z Image Release: https://github.com/actions/runner-images/releases/tag/ubuntu24%2F20250818.1
2025-08-26T09:24:25.7030076Z ##[endgroup]
2025-08-26T09:24:25.7032370Z ##[group]GITHUB_TOKEN Permissions
2025-08-26T09:24:25.7034609Z Actions: read
2025-08-26T09:24:25.7035166Z Attestations: read
2025-08-26T09:24:25.7035686Z Checks: read
2025-08-26T09:24:25.7036157Z Contents: read
2025-08-26T09:24:25.7036657Z Deployments: read
2025-08-26T09:24:25.7037152Z Discussions: read
2025-08-26T09:24:25.7037776Z Issues: read
2025-08-26T09:24:25.7038223Z Metadata: read
2025-08-26T09:24:25.7038844Z Models: read
2025-08-26T09:24:25.7039369Z Packages: read
2025-08-26T09:24:25.7039878Z Pages: read
2025-08-26T09:24:25.7040327Z PullRequests: read
2025-08-26T09:24:25.7040938Z RepositoryProjects: read
2025-08-26T09:24:25.7041494Z SecurityEvents: read
2025-08-26T09:24:25.7042072Z Statuses: read
2025-08-26T09:24:25.7042621Z ##[endgroup]
2025-08-26T09:24:25.7044819Z Secret source: Dependabot
2025-08-26T09:24:25.7045854Z Prepare workflow directory
2025-08-26T09:24:25.7483219Z Prepare all required actions
2025-08-26T09:24:25.7520706Z Getting action download info
2025-08-26T09:24:26.1145339Z Download action repository 'actions/checkout@v5' (SHA:08c6903cd8c0fde910a37f88322edcfb5dd907a8)
2025-08-26T09:24:26.1981060Z Download action repository 'actions/setup-python@v5' (SHA:a26af69be951a213d495a4c3e4e4022e16d87065)
2025-08-26T09:24:26.2863388Z Download action repository 'actions/cache@v4' (SHA:0400d5f644dc74513175e3cd8d07132dd4860809)
2025-08-26T09:24:26.4847158Z Download action repository 'actions/upload-artifact@v4' (SHA:ea165f8d65b6e75b540449e92b4886f43607fa02)
2025-08-26T09:24:26.7020106Z Complete job name: integration-db
2025-08-26T09:24:26.7538987Z ##[group]Checking docker version
2025-08-26T09:24:26.7552290Z ##[command]/usr/bin/docker version --format '{{.Server.APIVersion}}'
2025-08-26T09:24:26.8267226Z '1.48'
2025-08-26T09:24:26.8283454Z Docker daemon API version: '1.48'
2025-08-26T09:24:26.8284878Z ##[command]/usr/bin/docker version --format '{{.Client.APIVersion}}'
2025-08-26T09:24:26.8440870Z '1.48'
2025-08-26T09:24:26.8454221Z Docker client API version: '1.48'
2025-08-26T09:24:26.8459748Z ##[endgroup]
2025-08-26T09:24:26.8462922Z ##[group]Clean up resources from previous jobs
2025-08-26T09:24:26.8468966Z ##[command]/usr/bin/docker ps --all --quiet --no-trunc --filter "label=62342a"
2025-08-26T09:24:26.8608473Z ##[command]/usr/bin/docker network prune --force --filter "label=62342a"
2025-08-26T09:24:26.8732994Z ##[endgroup]
2025-08-26T09:24:26.8733820Z ##[group]Create local container network
2025-08-26T09:24:26.8744912Z ##[command]/usr/bin/docker network create --label 62342a github_network_3bbdc4d6b7824c1d8ff4e61d6d0b4b44
2025-08-26T09:24:26.9236136Z b5730cb0ffc82e0ce058b38b79996851d8e291ce32ba07c90c55f253bcb79e73
2025-08-26T09:24:26.9253633Z ##[endgroup]
2025-08-26T09:24:26.9278370Z ##[group]Starting postgres service container
2025-08-26T09:24:26.9298391Z ##[command]/usr/bin/docker pull postgres:15
2025-08-26T09:24:27.5205859Z 15: Pulling from library/postgres
2025-08-26T09:24:27.6585626Z 396b1da7636e: Pulling fs layer
2025-08-26T09:24:27.6588062Z fca2566eba32: Pulling fs layer
2025-08-26T09:24:27.6589289Z 631fe8c6d606: Pulling fs layer
2025-08-26T09:24:27.6589805Z 77c7671c4414: Pulling fs layer
2025-08-26T09:24:27.6590287Z 2d9e29180a27: Pulling fs layer
2025-08-26T09:24:27.6590772Z c6bcc2c9a041: Pulling fs layer
2025-08-26T09:24:27.6591290Z ac4b721eb66f: Pulling fs layer
2025-08-26T09:24:27.6591756Z 606bd164980e: Pulling fs layer
2025-08-26T09:24:27.6592223Z f5dfd246bc6e: Pulling fs layer
2025-08-26T09:24:27.6592697Z ba7036bb0a60: Pulling fs layer
2025-08-26T09:24:27.6593147Z 799f859abbbd: Pulling fs layer
2025-08-26T09:24:27.6593631Z d903e777080c: Pulling fs layer
2025-08-26T09:24:27.6594093Z 04adcb462801: Pulling fs layer
2025-08-26T09:24:27.6594566Z 5c10925b29ff: Pulling fs layer
2025-08-26T09:24:27.6595044Z ac4b721eb66f: Waiting
2025-08-26T09:24:27.6595469Z 606bd164980e: Waiting
2025-08-26T09:24:27.6595880Z f5dfd246bc6e: Waiting
2025-08-26T09:24:27.6596300Z ba7036bb0a60: Waiting
2025-08-26T09:24:27.6596704Z 799f859abbbd: Waiting
2025-08-26T09:24:27.6597072Z d903e777080c: Waiting
2025-08-26T09:24:27.6597479Z 04adcb462801: Waiting
2025-08-26T09:24:27.6597904Z 5c10925b29ff: Waiting
2025-08-26T09:24:27.6598307Z 77c7671c4414: Waiting
2025-08-26T09:24:27.6598945Z 2d9e29180a27: Waiting
2025-08-26T09:24:27.6599364Z c6bcc2c9a041: Waiting
2025-08-26T09:24:27.7957615Z fca2566eba32: Verifying Checksum
2025-08-26T09:24:27.7958750Z fca2566eba32: Download complete
2025-08-26T09:24:27.8171649Z 631fe8c6d606: Verifying Checksum
2025-08-26T09:24:27.8172714Z 631fe8c6d606: Download complete
2025-08-26T09:24:27.8895838Z 396b1da7636e: Verifying Checksum
2025-08-26T09:24:27.8896701Z 396b1da7636e: Download complete
2025-08-26T09:24:27.9289005Z 77c7671c4414: Verifying Checksum
2025-08-26T09:24:27.9289868Z 77c7671c4414: Download complete
2025-08-26T09:24:27.9742600Z 2d9e29180a27: Verifying Checksum
2025-08-26T09:24:27.9744557Z 2d9e29180a27: Download complete
2025-08-26T09:24:28.0165802Z c6bcc2c9a041: Verifying Checksum
2025-08-26T09:24:28.0166697Z c6bcc2c9a041: Download complete
2025-08-26T09:24:28.0560787Z ac4b721eb66f: Download complete
2025-08-26T09:24:28.1203373Z 606bd164980e: Verifying Checksum
2025-08-26T09:24:28.1204266Z 606bd164980e: Download complete
2025-08-26T09:24:28.1823526Z ba7036bb0a60: Verifying Checksum
2025-08-26T09:24:28.1825838Z ba7036bb0a60: Download complete
2025-08-26T09:24:28.2587598Z 799f859abbbd: Verifying Checksum
2025-08-26T09:24:28.3198822Z 799f859abbbd: Download complete
2025-08-26T09:24:28.3199710Z d903e777080c: Verifying Checksum
2025-08-26T09:24:28.3200488Z d903e777080c: Download complete
2025-08-26T09:24:28.3961042Z 04adcb462801: Verifying Checksum
2025-08-26T09:24:28.3962872Z 04adcb462801: Download complete
2025-08-26T09:24:28.4453150Z 5c10925b29ff: Verifying Checksum
2025-08-26T09:24:28.4454009Z 5c10925b29ff: Download complete
2025-08-26T09:24:28.5782272Z f5dfd246bc6e: Verifying Checksum
2025-08-26T09:24:28.5782820Z f5dfd246bc6e: Download complete
2025-08-26T09:24:29.1617519Z 396b1da7636e: Pull complete
2025-08-26T09:24:30.1206409Z fca2566eba32: Pull complete
2025-08-26T09:24:30.2881928Z 631fe8c6d606: Pull complete
2025-08-26T09:24:30.3348039Z 77c7671c4414: Pull complete
2025-08-26T09:24:30.6443120Z 2d9e29180a27: Pull complete
2025-08-26T09:24:30.7233679Z c6bcc2c9a041: Pull complete
2025-08-26T09:24:30.7336124Z ac4b721eb66f: Pull complete
2025-08-26T09:24:30.7436839Z 606bd164980e: Pull complete
2025-08-26T09:24:33.6526513Z f5dfd246bc6e: Pull complete
2025-08-26T09:24:33.6691306Z ba7036bb0a60: Pull complete
2025-08-26T09:24:33.6797890Z 799f859abbbd: Pull complete
2025-08-26T09:24:33.6900047Z d903e777080c: Pull complete
2025-08-26T09:24:33.7023330Z 04adcb462801: Pull complete
2025-08-26T09:24:33.7125700Z 5c10925b29ff: Pull complete
2025-08-26T09:24:33.7166268Z Digest: sha256:bc51cf4f1fe02cce7ed2370b20128a9b00b4eb804573a77d2a0d877aaa9c82b1
2025-08-26T09:24:33.7178456Z Status: Downloaded newer image for postgres:15
2025-08-26T09:24:33.7187912Z docker.io/library/postgres:15
2025-08-26T09:24:33.7245760Z ##[command]/usr/bin/docker create --name 65550a2a08004913baff9ec55e97a384_postgres15_5c2b73 --label 62342a --network github_network_3bbdc4d6b7824c1d8ff4e61d6d0b4b44 --network-alias postgres -p 5432:5432 --health-cmd="pg_isready -U postgres -d awa" --health-interval=5s --health-timeout=5s --health-retries=10 -e "POSTGRES_USER=postgres" -e "POSTGRES_PASSWORD=pass" -e "POSTGRES_DB=awa" -e GITHUB_ACTIONS=true -e CI=true postgres:15
2025-08-26T09:24:33.7501649Z 5842f5875028415f4db133c39946a8bc677f4b81e251f903ca88d5506732d8a4
2025-08-26T09:24:33.7522903Z ##[command]/usr/bin/docker start 5842f5875028415f4db133c39946a8bc677f4b81e251f903ca88d5506732d8a4
2025-08-26T09:24:33.9431752Z 5842f5875028415f4db133c39946a8bc677f4b81e251f903ca88d5506732d8a4
2025-08-26T09:24:33.9455678Z ##[command]/usr/bin/docker ps --all --filter id=5842f5875028415f4db133c39946a8bc677f4b81e251f903ca88d5506732d8a4 --filter status=running --no-trunc --format "{{.ID}} {{.Status}}"
2025-08-26T09:24:33.9582541Z 5842f5875028415f4db133c39946a8bc677f4b81e251f903ca88d5506732d8a4 Up Less than a second (health: starting)
2025-08-26T09:24:33.9608226Z ##[command]/usr/bin/docker port 5842f5875028415f4db133c39946a8bc677f4b81e251f903ca88d5506732d8a4
2025-08-26T09:24:33.9737455Z 5432/tcp -> 0.0.0.0:5432
2025-08-26T09:24:33.9738116Z 5432/tcp -> [::]:5432
2025-08-26T09:24:33.9783018Z ##[endgroup]
2025-08-26T09:24:33.9791237Z ##[group]Waiting for all services to be ready
2025-08-26T09:24:33.9804148Z ##[command]/usr/bin/docker inspect --format="{{if .Config.Healthcheck}}{{print .State.Health.Status}}{{end}}" 5842f5875028415f4db133c39946a8bc677f4b81e251f903ca88d5506732d8a4
2025-08-26T09:24:33.9930881Z starting
2025-08-26T09:24:33.9951867Z postgres service is starting, waiting 2 seconds before checking again.
2025-08-26T09:24:35.9958183Z ##[command]/usr/bin/docker inspect --format="{{if .Config.Healthcheck}}{{print .State.Health.Status}}{{end}}" 5842f5875028415f4db133c39946a8bc677f4b81e251f903ca88d5506732d8a4
2025-08-26T09:24:36.0078168Z starting
2025-08-26T09:24:36.0092123Z postgres service is starting, waiting 4 seconds before checking again.
2025-08-26T09:24:40.0151300Z ##[command]/usr/bin/docker inspect --format="{{if .Config.Healthcheck}}{{print .State.Health.Status}}{{end}}" 5842f5875028415f4db133c39946a8bc677f4b81e251f903ca88d5506732d8a4
2025-08-26T09:24:40.0266651Z healthy
2025-08-26T09:24:40.0282972Z postgres service is healthy.
2025-08-26T09:24:40.0283716Z ##[endgroup]
2025-08-26T09:24:40.0597125Z ##[group]Run actions/checkout@v5
2025-08-26T09:24:40.0597654Z with:
2025-08-26T09:24:40.0597829Z   fetch-depth: 0
2025-08-26T09:24:40.0598042Z   repository: AlexBomber12/AWA-App
2025-08-26T09:24:40.0598422Z   token: ***
2025-08-26T09:24:40.0598875Z   ssh-strict: true
2025-08-26T09:24:40.0599057Z   ssh-user: git
2025-08-26T09:24:40.0599247Z   persist-credentials: true
2025-08-26T09:24:40.0599459Z   clean: true
2025-08-26T09:24:40.0599643Z   sparse-checkout-cone-mode: true
2025-08-26T09:24:40.0599871Z   fetch-tags: false
2025-08-26T09:24:40.0600046Z   show-progress: true
2025-08-26T09:24:40.0600230Z   lfs: false
2025-08-26T09:24:40.0600396Z   submodules: false
2025-08-26T09:24:40.0600575Z   set-safe-directory: true
2025-08-26T09:24:40.0601040Z ##[endgroup]
2025-08-26T09:24:40.1558321Z Syncing repository: AlexBomber12/AWA-App
2025-08-26T09:24:40.1560202Z ##[group]Getting Git version info
2025-08-26T09:24:40.1560564Z Working directory is '/home/runner/work/AWA-App/AWA-App'
2025-08-26T09:24:40.1561117Z [command]/usr/bin/git version
2025-08-26T09:24:40.1615788Z git version 2.51.0
2025-08-26T09:24:40.1636044Z ##[endgroup]
2025-08-26T09:24:40.1649151Z Temporarily overriding HOME='/home/runner/work/_temp/c1ce0bf2-a637-44dd-8638-676ce173cfef' before making global git config changes
2025-08-26T09:24:40.1649933Z Adding repository directory to the temporary git global config as a safe directory
2025-08-26T09:24:40.1655057Z [command]/usr/bin/git config --global --add safe.directory /home/runner/work/AWA-App/AWA-App
2025-08-26T09:24:40.1703062Z Deleting the contents of '/home/runner/work/AWA-App/AWA-App'
2025-08-26T09:24:40.1706534Z ##[group]Initializing the repository
2025-08-26T09:24:40.1711132Z [command]/usr/bin/git init /home/runner/work/AWA-App/AWA-App
2025-08-26T09:24:40.1779137Z hint: Using 'master' as the name for the initial branch. This default branch name
2025-08-26T09:24:40.1779829Z hint: is subject to change. To configure the initial branch name to use in all
2025-08-26T09:24:40.1780551Z hint: of your new repositories, which will suppress this warning, call:
2025-08-26T09:24:40.1781108Z hint:
2025-08-26T09:24:40.1781516Z hint: 	git config --global init.defaultBranch <name>
2025-08-26T09:24:40.1782014Z hint:
2025-08-26T09:24:40.1782501Z hint: Names commonly chosen instead of 'master' are 'main', 'trunk' and
2025-08-26T09:24:40.1783275Z hint: 'development'. The just-created branch can be renamed via this command:
2025-08-26T09:24:40.1783849Z hint:
2025-08-26T09:24:40.1784130Z hint: 	git branch -m <name>
2025-08-26T09:24:40.1784468Z hint:
2025-08-26T09:24:40.1784949Z hint: Disable this message with "git config set advice.defaultBranchName false"
2025-08-26T09:24:40.1785809Z Initialized empty Git repository in /home/runner/work/AWA-App/AWA-App/.git/
2025-08-26T09:24:40.1794912Z [command]/usr/bin/git remote add origin https://github.com/AlexBomber12/AWA-App
2025-08-26T09:24:40.1831118Z ##[endgroup]
2025-08-26T09:24:40.1831537Z ##[group]Disabling automatic garbage collection
2025-08-26T09:24:40.1834834Z [command]/usr/bin/git config --local gc.auto 0
2025-08-26T09:24:40.1861789Z ##[endgroup]
2025-08-26T09:24:40.1862269Z ##[group]Setting up auth
2025-08-26T09:24:40.1868206Z [command]/usr/bin/git config --local --name-only --get-regexp core\.sshCommand
2025-08-26T09:24:40.1899497Z [command]/usr/bin/git submodule foreach --recursive sh -c "git config --local --name-only --get-regexp 'core\.sshCommand' && git config --local --unset-all 'core.sshCommand' || :"
2025-08-26T09:24:40.2200678Z [command]/usr/bin/git config --local --name-only --get-regexp http\.https\:\/\/github\.com\/\.extraheader
2025-08-26T09:24:40.2230173Z [command]/usr/bin/git submodule foreach --recursive sh -c "git config --local --name-only --get-regexp 'http\.https\:\/\/github\.com\/\.extraheader' && git config --local --unset-all 'http.https://github.com/.extraheader' || :"
2025-08-26T09:24:40.2450579Z [command]/usr/bin/git config --local http.https://github.com/.extraheader AUTHORIZATION: basic ***
2025-08-26T09:24:40.2487350Z ##[endgroup]
2025-08-26T09:24:40.2488042Z ##[group]Fetching the repository
2025-08-26T09:24:40.2498935Z [command]/usr/bin/git -c protocol.version=2 fetch --prune --no-recurse-submodules origin +refs/heads/*:refs/remotes/origin/* +refs/tags/*:refs/tags/* +69319a8d6a834c9f3fe4e74ecf71a1e076f8cc3e:refs/remotes/pull/373/merge
2025-08-26T09:24:43.6434357Z From https://github.com/AlexBomber12/AWA-App
2025-08-26T09:24:43.6435301Z  * [new branch]        codex/enable-ci-log-persistence          -> origin/codex/enable-ci-log-persistence
2025-08-26T09:24:43.6436091Z  * [new branch]        codex/fix-indentation-in-collect-logs-workflow -> origin/codex/fix-indentation-in-collect-logs-workflow
2025-08-26T09:24:43.6436786Z  * [new branch]        codex/fix-the-error                      -> origin/codex/fix-the-error
2025-08-26T09:24:43.6437336Z  * [new branch]        codex/fix-the-error-03gdwk               -> origin/codex/fix-the-error-03gdwk
2025-08-26T09:24:43.6437850Z  * [new branch]        codex/fix-the-error-5nznl4               -> origin/codex/fix-the-error-5nznl4
2025-08-26T09:24:43.6438350Z  * [new branch]        codex/fix-the-error-s9ky5y               -> origin/codex/fix-the-error-s9ky5y
2025-08-26T09:24:43.6439353Z  * [new branch]        codex/update-collect-logs.yml-for-log-persistence -> origin/codex/update-collect-logs.yml-for-log-persistence
2025-08-26T09:24:43.6440066Z  * [new branch]        dependabot/pip/main/boto3-1.40.17        -> origin/dependabot/pip/main/boto3-1.40.17
2025-08-26T09:24:43.6440676Z  * [new branch]        dependabot/pip/main/sentencepiece-0.2.1  -> origin/dependabot/pip/main/sentencepiece-0.2.1
2025-08-26T09:24:43.6441173Z  * [new branch]        main                                     -> origin/main
2025-08-26T09:24:43.6441863Z  * [new tag]           0.3.0                                    -> 0.3.0
2025-08-26T09:24:43.6442223Z  * [new ref]           69319a8d6a834c9f3fe4e74ecf71a1e076f8cc3e -> pull/373/merge
2025-08-26T09:24:43.6486632Z ##[endgroup]
2025-08-26T09:24:43.6487273Z ##[group]Determining the checkout info
2025-08-26T09:24:43.6488043Z ##[endgroup]
2025-08-26T09:24:43.6493534Z [command]/usr/bin/git sparse-checkout disable
2025-08-26T09:24:43.6534552Z [command]/usr/bin/git config --local --unset-all extensions.worktreeConfig
2025-08-26T09:24:43.6560591Z ##[group]Checking out the ref
2025-08-26T09:24:43.6564904Z [command]/usr/bin/git checkout --progress --force refs/remotes/pull/373/merge
2025-08-26T09:24:43.6877320Z Note: switching to 'refs/remotes/pull/373/merge'.
2025-08-26T09:24:43.6877690Z 
2025-08-26T09:24:43.6877986Z You are in 'detached HEAD' state. You can look around, make experimental
2025-08-26T09:24:43.6879016Z changes and commit them, and you can discard any commits you make in this
2025-08-26T09:24:43.6879489Z state without impacting any branches by switching back to a branch.
2025-08-26T09:24:43.6879746Z 
2025-08-26T09:24:43.6879907Z If you want to create a new branch to retain commits you create, you may
2025-08-26T09:24:43.6880301Z do so (now or later) by using -c with the switch command. Example:
2025-08-26T09:24:43.6880518Z 
2025-08-26T09:24:43.6880610Z   git switch -c <new-branch-name>
2025-08-26T09:24:43.6880763Z 
2025-08-26T09:24:43.6880848Z Or undo this operation with:
2025-08-26T09:24:43.6880986Z 
2025-08-26T09:24:43.6881124Z   git switch -
2025-08-26T09:24:43.6881236Z 
2025-08-26T09:24:43.6881424Z Turn off this advice by setting config variable advice.detachedHead to false
2025-08-26T09:24:43.6881692Z 
2025-08-26T09:24:43.6881995Z HEAD is now at 69319a8d Merge 3911a65ce139479143b052d4823e0845aa330113 into 038018822fcd7a1bc2e70a1344c6df099a60c2cf
2025-08-26T09:24:43.6890926Z ##[endgroup]
2025-08-26T09:24:43.6927796Z [command]/usr/bin/git log -1 --format=%H
2025-08-26T09:24:43.6950622Z 69319a8d6a834c9f3fe4e74ecf71a1e076f8cc3e
2025-08-26T09:24:43.7114497Z ##[group]Run cat .env.ci >> "$GITHUB_ENV"
2025-08-26T09:24:43.7114842Z [36;1mcat .env.ci >> "$GITHUB_ENV"[0m
2025-08-26T09:24:43.7115568Z [36;1mecho "DATABASE_URL=***localhost:5432/awa" >> "$GITHUB_ENV"[0m
2025-08-26T09:24:43.7115916Z [36;1mecho "PG_HOST=localhost" >> "$GITHUB_ENV"[0m
2025-08-26T09:24:43.7116213Z [36;1mecho "PG_PORT=5432" >> "$GITHUB_ENV"[0m
2025-08-26T09:24:43.7116502Z [36;1mecho "PG_USER=postgres" >> "$GITHUB_ENV"[0m
2025-08-26T09:24:43.7116782Z [36;1mecho "PG_PASSWORD=pass" >> "$GITHUB_ENV"[0m
2025-08-26T09:24:43.7117054Z [36;1mecho "PG_DATABASE=awa" >> "$GITHUB_ENV"[0m
2025-08-26T09:24:43.7117311Z [36;1mecho "TESTING=1" >> "$GITHUB_ENV"[0m
2025-08-26T09:24:43.7161262Z shell: /usr/bin/bash -e {0}
2025-08-26T09:24:43.7161500Z ##[endgroup]
2025-08-26T09:24:43.7335149Z ##[group]Run actions/setup-python@v5
2025-08-26T09:24:43.7335420Z with:
2025-08-26T09:24:43.7335622Z   python-version: 3.11
2025-08-26T09:24:43.7335815Z   cache: pip
2025-08-26T09:24:43.7336029Z   cache-dependency-path: requirements-dev.txt

2025-08-26T09:24:43.7336302Z   check-latest: false
2025-08-26T09:24:43.7336612Z   token: ***
2025-08-26T09:24:43.7336800Z   update-environment: true
2025-08-26T09:24:43.7337008Z   allow-prereleases: false
2025-08-26T09:24:43.7337208Z   freethreaded: false
2025-08-26T09:24:43.7337387Z env:
2025-08-26T09:24:43.7337545Z   PG_USER: postgres
2025-08-26T09:24:43.7337722Z   PG_PASSWORD: pass
2025-08-26T09:24:43.7337899Z   PG_DATABASE: awa
2025-08-26T09:24:43.7338072Z   PG_HOST: localhost
2025-08-26T09:24:43.7338246Z   PG_PORT: 5432
2025-08-26T09:24:43.7338922Z   PG_SYNC_DSN: ***localhost:5432/awa
2025-08-26T09:24:43.7339325Z   PG_ASYNC_DSN: ***localhost:5432/awa
2025-08-26T09:24:43.7339745Z   DATABASE_URL: ***localhost:5432/awa
2025-08-26T09:24:43.7339998Z   DATA_DIR: /tmp/awa-data
2025-08-26T09:24:43.7340189Z   ENABLE_LIVE: 0
2025-08-26T09:24:43.7340547Z   TESTING: 1
2025-08-26T09:24:43.7340702Z ##[endgroup]
2025-08-26T09:24:43.8959979Z ##[group]Installed versions
2025-08-26T09:24:43.9054299Z Successfully set up CPython (3.11.13)
2025-08-26T09:24:43.9055087Z ##[endgroup]
2025-08-26T09:24:43.9394367Z [command]/opt/hostedtoolcache/Python/3.11.13/x64/bin/pip cache dir
2025-08-26T09:24:44.6751451Z /home/runner/.cache/pip
2025-08-26T09:24:44.8162372Z Cache hit for: setup-python-Linux-x64-24.04-Ubuntu-python-3.11.13-pip-cc13ccef493b9f3a93ad5651164d9fb09282c1111f6f72ce20e0657de16de6b4
2025-08-26T09:24:45.9617815Z Received 100663296 of 309815432 (32.5%), 95.9 MBs/sec
2025-08-26T09:24:46.9611594Z Received 268435456 of 309815432 (86.6%), 127.9 MBs/sec
2025-08-26T09:24:47.2481741Z Received 309815432 of 309815432 (100.0%), 129.0 MBs/sec
2025-08-26T09:24:47.2484321Z Cache Size: ~295 MB (309815432 B)
2025-08-26T09:24:47.2521234Z [command]/usr/bin/tar -xf /home/runner/work/_temp/df6139ba-042b-4c99-bf48-ea0bf7f222b3/cache.tzst -P -C /home/runner/work/AWA-App/AWA-App --use-compress-program unzstd
2025-08-26T09:24:47.7399477Z Cache restored successfully
2025-08-26T09:24:47.7981798Z Cache restored from key: setup-python-Linux-x64-24.04-Ubuntu-python-3.11.13-pip-cc13ccef493b9f3a93ad5651164d9fb09282c1111f6f72ce20e0657de16de6b4
2025-08-26T09:24:47.8697463Z ##[group]Run actions/cache@v4
2025-08-26T09:24:47.8697719Z with:
2025-08-26T09:24:47.8697946Z   path: ~/.cache/pip
.pytest_cache
~/.ruff_cache

2025-08-26T09:24:47.8698389Z   key: Linux-int-cc13ccef493b9f3a93ad5651164d9fb09282c1111f6f72ce20e0657de16de6b4
2025-08-26T09:24:47.8699044Z   restore-keys: Linux-int-
2025-08-26T09:24:47.8699275Z   enableCrossOsArchive: false
2025-08-26T09:24:47.8699505Z   fail-on-cache-miss: false
2025-08-26T09:24:47.8699713Z   lookup-only: false
2025-08-26T09:24:47.8699913Z   save-always: false
2025-08-26T09:24:47.8700098Z env:
2025-08-26T09:24:47.8700259Z   PG_USER: postgres
2025-08-26T09:24:47.8700449Z   PG_PASSWORD: pass
2025-08-26T09:24:47.8700639Z   PG_DATABASE: awa
2025-08-26T09:24:47.8700825Z   PG_HOST: localhost
2025-08-26T09:24:47.8701028Z   PG_PORT: 5432
2025-08-26T09:24:47.8701677Z   PG_SYNC_DSN: ***localhost:5432/awa
2025-08-26T09:24:47.8702135Z   PG_ASYNC_DSN: ***localhost:5432/awa
2025-08-26T09:24:47.8702561Z   DATABASE_URL: ***localhost:5432/awa
2025-08-26T09:24:47.8702793Z   DATA_DIR: /tmp/awa-data
2025-08-26T09:24:47.8703000Z   ENABLE_LIVE: 0
2025-08-26T09:24:47.8703178Z   TESTING: 1
2025-08-26T09:24:47.8703417Z   pythonLocation: /opt/hostedtoolcache/Python/3.11.13/x64
2025-08-26T09:24:47.8703855Z   PKG_CONFIG_PATH: /opt/hostedtoolcache/Python/3.11.13/x64/lib/pkgconfig
2025-08-26T09:24:47.8704243Z   Python_ROOT_DIR: /opt/hostedtoolcache/Python/3.11.13/x64
2025-08-26T09:24:47.8704595Z   Python2_ROOT_DIR: /opt/hostedtoolcache/Python/3.11.13/x64
2025-08-26T09:24:47.8704943Z   Python3_ROOT_DIR: /opt/hostedtoolcache/Python/3.11.13/x64
2025-08-26T09:24:47.8705293Z   LD_LIBRARY_PATH: /opt/hostedtoolcache/Python/3.11.13/x64/lib
2025-08-26T09:24:47.8705591Z ##[endgroup]
2025-08-26T09:24:48.1324157Z Cache hit for: Linux-int-cc13ccef493b9f3a93ad5651164d9fb09282c1111f6f72ce20e0657de16de6b4
2025-08-26T09:24:49.3052324Z Received 113246208 of 309817358 (36.6%), 107.9 MBs/sec
2025-08-26T09:24:50.3064008Z Received 268435456 of 309817358 (86.6%), 127.8 MBs/sec
2025-08-26T09:24:50.5491424Z Received 309817358 of 309817358 (100.0%), 131.6 MBs/sec
2025-08-26T09:24:50.5493641Z Cache Size: ~295 MB (309817358 B)
2025-08-26T09:24:50.5532470Z [command]/usr/bin/tar -xf /home/runner/work/_temp/089d69ef-6a10-4cd7-acb4-35b7235e2331/cache.tzst -P -C /home/runner/work/AWA-App/AWA-App --use-compress-program unzstd
2025-08-26T09:24:51.1173577Z Cache restored successfully
2025-08-26T09:24:51.1834581Z Cache restored from key: Linux-int-cc13ccef493b9f3a93ad5651164d9fb09282c1111f6f72ce20e0657de16de6b4
2025-08-26T09:24:51.1981101Z ##[group]Run pip install --break-system-packages -r requirements-dev.txt
2025-08-26T09:24:51.1982098Z [36;1mpip install --break-system-packages -r requirements-dev.txt[0m
2025-08-26T09:24:51.1982882Z [36;1mpip install --break-system-packages keepa==1.3.15 minio==7.1.15[0m
2025-08-26T09:24:51.2043897Z shell: /usr/bin/bash -e {0}
2025-08-26T09:24:51.2044315Z env:
2025-08-26T09:24:51.2044638Z   PG_USER: postgres
2025-08-26T09:24:51.2045020Z   PG_PASSWORD: pass
2025-08-26T09:24:51.2045379Z   PG_DATABASE: awa
2025-08-26T09:24:51.2045735Z   PG_HOST: localhost
2025-08-26T09:24:51.2046078Z   PG_PORT: 5432
2025-08-26T09:24:51.2046822Z   PG_SYNC_DSN: ***localhost:5432/awa
2025-08-26T09:24:51.2047603Z   PG_ASYNC_DSN: ***localhost:5432/awa
2025-08-26T09:24:51.2048353Z   DATABASE_URL: ***localhost:5432/awa
2025-08-26T09:24:51.2049162Z   DATA_DIR: /tmp/awa-data
2025-08-26T09:24:51.2049561Z   ENABLE_LIVE: 0
2025-08-26T09:24:51.2074548Z   TESTING: 1
2025-08-26T09:24:51.2075112Z   pythonLocation: /opt/hostedtoolcache/Python/3.11.13/x64
2025-08-26T09:24:51.2075863Z   PKG_CONFIG_PATH: /opt/hostedtoolcache/Python/3.11.13/x64/lib/pkgconfig
2025-08-26T09:24:51.2076603Z   Python_ROOT_DIR: /opt/hostedtoolcache/Python/3.11.13/x64
2025-08-26T09:24:51.2077268Z   Python2_ROOT_DIR: /opt/hostedtoolcache/Python/3.11.13/x64
2025-08-26T09:24:51.2077926Z   Python3_ROOT_DIR: /opt/hostedtoolcache/Python/3.11.13/x64
2025-08-26T09:24:51.2078768Z   LD_LIBRARY_PATH: /opt/hostedtoolcache/Python/3.11.13/x64/lib
2025-08-26T09:24:51.2079325Z ##[endgroup]
2025-08-26T09:24:52.3316063Z Collecting Jinja2==3.1.6 (from -r requirements-dev.txt (line 2))
2025-08-26T09:24:52.3341695Z   Using cached jinja2-3.1.6-py3-none-any.whl.metadata (2.9 kB)
2025-08-26T09:24:52.3560919Z Collecting alembic==1.16.4 (from -r requirements-dev.txt (line 3))
2025-08-26T09:24:52.3575811Z   Using cached alembic-1.16.4-py3-none-any.whl.metadata (7.3 kB)
2025-08-26T09:24:52.3735524Z Collecting apscheduler==3.10.4 (from -r requirements-dev.txt (line 4))
2025-08-26T09:24:52.3749854Z   Using cached APScheduler-3.10.4-py3-none-any.whl.metadata (5.7 kB)
2025-08-26T09:24:52.3899406Z Collecting asgi-correlation-id==4.3.1 (from -r requirements-dev.txt (line 5))
2025-08-26T09:24:52.3914309Z   Using cached asgi_correlation_id-4.3.1-py3-none-any.whl.metadata (28 kB)
2025-08-26T09:24:52.4388436Z Collecting asyncpg==0.30.0 (from -r requirements-dev.txt (line 6))
2025-08-26T09:24:52.4402988Z   Using cached asyncpg-0.30.0-cp311-cp311-manylinux_2_17_x86_64.manylinux2014_x86_64.whl.metadata (5.0 kB)
2025-08-26T09:24:52.4813663Z Collecting black==25.1.0 (from -r requirements-dev.txt (line 7))
2025-08-26T09:24:52.4827682Z   Using cached black-25.1.0-cp311-cp311-manylinux_2_17_x86_64.manylinux2014_x86_64.manylinux_2_28_x86_64.whl.metadata (81 kB)
2025-08-26T09:24:52.7853579Z Collecting boto3 (from -r requirements-dev.txt (line 8))
2025-08-26T09:24:52.8183909Z   Downloading boto3-1.40.17-py3-none-any.whl.metadata (6.7 kB)
2025-08-26T09:24:52.8453777Z Collecting redis==6.* (from -r requirements-dev.txt (line 9))
2025-08-26T09:24:52.8467393Z   Using cached redis-6.4.0-py3-none-any.whl.metadata (10 kB)
2025-08-26T09:24:52.8753475Z Collecting minio==7.* (from -r requirements-dev.txt (line 10))
2025-08-26T09:24:52.8766916Z   Using cached minio-7.2.16-py3-none-any.whl.metadata (6.5 kB)
2025-08-26T09:24:52.8892623Z Collecting vulture==2.10 (from -r requirements-dev.txt (line 11))
2025-08-26T09:24:52.8905897Z   Using cached vulture-2.10-py2.py3-none-any.whl.metadata (23 kB)
2025-08-26T09:24:52.9204230Z Collecting celery==5.5.3 (from -r requirements-dev.txt (line 12))
2025-08-26T09:24:52.9217295Z   Using cached celery-5.5.3-py3-none-any.whl.metadata (22 kB)
2025-08-26T09:24:52.9734526Z Collecting fastapi==0.116.1 (from -r requirements-dev.txt (line 13))
2025-08-26T09:24:52.9747865Z   Using cached fastapi-0.116.1-py3-none-any.whl.metadata (28 kB)
2025-08-26T09:24:52.9884074Z Collecting fastapi-limiter==0.1.6 (from -r requirements-dev.txt (line 15))
2025-08-26T09:24:52.9897711Z   Using cached fastapi_limiter-0.1.6-py3-none-any.whl.metadata (5.3 kB)
2025-08-26T09:24:53.0051175Z Collecting httpx<0.29,>=0.27 (from -r requirements-dev.txt (line 16))
2025-08-26T09:24:53.0064801Z   Using cached httpx-0.28.1-py3-none-any.whl.metadata (7.1 kB)
2025-08-26T09:24:53.0179280Z Collecting imapclient==3.0.1 (from -r requirements-dev.txt (line 17))
2025-08-26T09:24:53.0192889Z   Using cached IMAPClient-3.0.1-py2.py3-none-any.whl.metadata (1.7 kB)
2025-08-26T09:24:53.0294899Z Collecting itsdangerous (from -r requirements-dev.txt (line 18))
2025-08-26T09:24:53.0307821Z   Using cached itsdangerous-2.2.0-py3-none-any.whl.metadata (1.9 kB)
2025-08-26T09:24:53.1362620Z Collecting mypy==1.* (from -r requirements-dev.txt (line 19))
2025-08-26T09:24:53.1377629Z   Using cached mypy-1.17.1-cp311-cp311-manylinux2014_x86_64.manylinux_2_17_x86_64.manylinux_2_28_x86_64.whl.metadata (2.2 kB)
2025-08-26T09:24:53.1466115Z Collecting mypy-extensions==1.1.0 (from -r requirements-dev.txt (line 20))
2025-08-26T09:24:53.1479565Z   Using cached mypy_extensions-1.1.0-py3-none-any.whl.metadata (1.1 kB)
2025-08-26T09:24:53.2999526Z Collecting numpy<2 (from -r requirements-dev.txt (line 21))
2025-08-26T09:24:53.3014185Z   Using cached numpy-1.26.4-cp311-cp311-manylinux_2_17_x86_64.manylinux2014_x86_64.whl.metadata (61 kB)
2025-08-26T09:24:53.3236140Z Collecting openpyxl==3.1.5 (from -r requirements-dev.txt (line 22))
2025-08-26T09:24:53.3250128Z   Using cached openpyxl-3.1.5-py2.py3-none-any.whl.metadata (2.5 kB)
2025-08-26T09:24:53.4314989Z Collecting pandas==2.2.* (from -r requirements-dev.txt (line 23))
2025-08-26T09:24:53.4329187Z   Using cached pandas-2.2.3-cp311-cp311-manylinux_2_17_x86_64.manylinux2014_x86_64.whl.metadata (89 kB)
2025-08-26T09:24:53.5157798Z Collecting psycopg2-binary==2.9.10 (from -r requirements-dev.txt (line 24))
2025-08-26T09:24:53.5172025Z   Using cached psycopg2_binary-2.9.10-cp311-cp311-manylinux_2_17_x86_64.manylinux2014_x86_64.whl.metadata (4.9 kB)
2025-08-26T09:24:53.5305326Z Collecting psycopg==3.2.9 (from psycopg[binary]==3.2.9->-r requirements-dev.txt (line 25))
2025-08-26T09:24:53.5549298Z   Using cached psycopg-3.2.9-py3-none-any.whl.metadata (4.5 kB)
2025-08-26T09:24:53.6551116Z Collecting pydantic==2.11.7 (from -r requirements-dev.txt (line 26))
2025-08-26T09:24:53.6565085Z   Using cached pydantic-2.11.7-py3-none-any.whl.metadata (67 kB)
2025-08-26T09:24:53.6601327Z Requirement already satisfied: setuptools in /opt/hostedtoolcache/Python/3.11.13/x64/lib/python3.11/site-packages (from -r requirements-dev.txt (line 27)) (65.5.0)
2025-08-26T09:24:53.6745179Z Collecting pytest-asyncio==1.1.0 (from -r requirements-dev.txt (line 28))
2025-08-26T09:24:53.6759157Z   Using cached pytest_asyncio-1.1.0-py3-none-any.whl.metadata (4.1 kB)
2025-08-26T09:24:53.6881700Z Collecting pytest-cov==6.2.1 (from -r requirements-dev.txt (line 29))
2025-08-26T09:24:53.6895277Z   Using cached pytest_cov-6.2.1-py3-none-any.whl.metadata (30 kB)
2025-08-26T09:24:53.7038902Z Collecting pytest-postgresql==7.0.2 (from -r requirements-dev.txt (line 30))
2025-08-26T09:24:53.7052399Z   Using cached pytest_postgresql-7.0.2-py3-none-any.whl.metadata (18 kB)
2025-08-26T09:24:53.7201853Z Collecting python-dotenv (from -r requirements-dev.txt (line 31))
2025-08-26T09:24:53.7215354Z   Using cached python_dotenv-1.1.1-py3-none-any.whl.metadata (24 kB)
2025-08-26T09:24:53.7334476Z Collecting python-multipart (from -r requirements-dev.txt (line 32))
2025-08-26T09:24:53.7347915Z   Using cached python_multipart-0.0.20-py3-none-any.whl.metadata (1.8 kB)
2025-08-26T09:24:53.7607998Z Collecting python-telegram-bot==22.3 (from -r requirements-dev.txt (line 33))
2025-08-26T09:24:53.7621864Z   Using cached python_telegram_bot-22.3-py3-none-any.whl.metadata (17 kB)
2025-08-26T09:24:53.7871081Z Collecting requests==2.32.4 (from -r requirements-dev.txt (line 34))
2025-08-26T09:24:53.7885007Z   Using cached requests-2.32.4-py3-none-any.whl.metadata (4.9 kB)
2025-08-26T09:24:53.8031451Z Collecting respx==0.22.0 (from -r requirements-dev.txt (line 35))
2025-08-26T09:24:53.8044976Z   Using cached respx-0.22.0-py2.py3-none-any.whl.metadata (4.1 kB)
2025-08-26T09:24:54.1556864Z Collecting ruff==0.9.9 (from -r requirements-dev.txt (line 36))
2025-08-26T09:24:54.1571998Z   Using cached ruff-0.9.9-py3-none-manylinux_2_17_x86_64.manylinux2014_x86_64.whl.metadata (25 kB)
2025-08-26T09:24:54.4138113Z Collecting sqlalchemy==2.0.43 (from -r requirements-dev.txt (line 37))
2025-08-26T09:24:54.4158170Z   Using cached sqlalchemy-2.0.43-cp311-cp311-manylinux_2_17_x86_64.manylinux2014_x86_64.whl.metadata (9.6 kB)
2025-08-26T09:24:54.4348273Z Collecting structlog==24.1.0 (from -r requirements-dev.txt (line 38))
2025-08-26T09:24:54.4361944Z   Using cached structlog-24.1.0-py3-none-any.whl.metadata (6.9 kB)
2025-08-26T09:24:54.4514872Z Collecting testcontainers==4.12.0 (from testcontainers[postgres]==4.12.0->-r requirements-dev.txt (line 39))
2025-08-26T09:24:54.4528233Z   Using cached testcontainers-4.12.0-py3-none-any.whl.metadata (8.3 kB)
2025-08-26T09:24:54.4872324Z Collecting types-requests==2.32.4.20250809 (from -r requirements-dev.txt (line 40))
2025-08-26T09:24:54.4886500Z   Using cached types_requests-2.32.4.20250809-py3-none-any.whl.metadata (2.0 kB)
2025-08-26T09:24:54.5059037Z Collecting docspec-python==2.2.2 (from -r requirements-dev.txt (line 41))
2025-08-26T09:24:54.5072522Z   Using cached docspec_python-2.2.2-py3-none-any.whl.metadata (1.0 kB)
2025-08-26T09:24:54.5219043Z Collecting pydoc-markdown==4.8.2 (from -r requirements-dev.txt (line 42))
2025-08-26T09:24:54.5232491Z   Using cached pydoc_markdown-4.8.2-py3-none-any.whl.metadata (5.9 kB)
2025-08-26T09:24:54.5482410Z Collecting pandera==0.19.* (from -r requirements-dev.txt (line 43))
2025-08-26T09:24:54.5495689Z   Using cached pandera-0.19.3-py3-none-any.whl.metadata (15 kB)
2025-08-26T09:24:54.6429768Z Collecting MarkupSafe>=2.0 (from Jinja2==3.1.6->-r requirements-dev.txt (line 2))
2025-08-26T09:24:54.6445330Z   Using cached MarkupSafe-3.0.2-cp311-cp311-manylinux_2_17_x86_64.manylinux2014_x86_64.whl.metadata (4.0 kB)
2025-08-26T09:24:54.6682517Z Collecting Mako (from alembic==1.16.4->-r requirements-dev.txt (line 3))
2025-08-26T09:24:54.6695954Z   Using cached mako-1.3.10-py3-none-any.whl.metadata (2.9 kB)
2025-08-26T09:24:54.6847938Z Collecting typing-extensions>=4.12 (from alembic==1.16.4->-r requirements-dev.txt (line 3))
2025-08-26T09:24:54.6886904Z   Downloading typing_extensions-4.15.0-py3-none-any.whl.metadata (3.3 kB)
2025-08-26T09:24:54.7015807Z Collecting six>=1.4.0 (from apscheduler==3.10.4->-r requirements-dev.txt (line 4))
2025-08-26T09:24:54.7029001Z   Using cached six-1.17.0-py2.py3-none-any.whl.metadata (1.7 kB)
2025-08-26T09:24:54.7329116Z Collecting pytz (from apscheduler==3.10.4->-r requirements-dev.txt (line 4))
2025-08-26T09:24:54.7342784Z   Using cached pytz-2025.2-py2.py3-none-any.whl.metadata (22 kB)
2025-08-26T09:24:54.7496484Z Collecting tzlocal!=3.*,>=2.0 (from apscheduler==3.10.4->-r requirements-dev.txt (line 4))
2025-08-26T09:24:54.7509602Z   Using cached tzlocal-5.3.1-py3-none-any.whl.metadata (7.6 kB)
2025-08-26T09:24:54.7780873Z Collecting starlette>=0.18 (from asgi-correlation-id==4.3.1->-r requirements-dev.txt (line 5))
2025-08-26T09:24:54.7812892Z   Downloading starlette-0.47.3-py3-none-any.whl.metadata (6.2 kB)
2025-08-26T09:24:54.8028259Z Collecting click>=8.0.0 (from black==25.1.0->-r requirements-dev.txt (line 7))
2025-08-26T09:24:54.8041894Z   Using cached click-8.2.1-py3-none-any.whl.metadata (2.5 kB)
2025-08-26T09:24:54.8173723Z Collecting packaging>=22.0 (from black==25.1.0->-r requirements-dev.txt (line 7))
2025-08-26T09:24:54.8187200Z   Using cached packaging-25.0-py3-none-any.whl.metadata (3.3 kB)
2025-08-26T09:24:54.8280271Z Collecting pathspec>=0.9.0 (from black==25.1.0->-r requirements-dev.txt (line 7))
2025-08-26T09:24:54.8293548Z   Using cached pathspec-0.12.1-py3-none-any.whl.metadata (21 kB)
2025-08-26T09:24:54.8454235Z Collecting platformdirs>=2 (from black==25.1.0->-r requirements-dev.txt (line 7))
2025-08-26T09:24:54.8468072Z   Using cached platformdirs-4.3.8-py3-none-any.whl.metadata (12 kB)
2025-08-26T09:24:54.8569324Z Collecting toml (from vulture==2.10->-r requirements-dev.txt (line 11))
2025-08-26T09:24:54.8582575Z   Using cached toml-0.10.2-py2.py3-none-any.whl.metadata (7.1 kB)
2025-08-26T09:24:54.8756193Z Collecting billiard<5.0,>=4.2.1 (from celery==5.5.3->-r requirements-dev.txt (line 12))
2025-08-26T09:24:54.8769745Z   Using cached billiard-4.2.1-py3-none-any.whl.metadata (4.4 kB)
2025-08-26T09:24:54.9048274Z Collecting kombu<5.6,>=5.5.2 (from celery==5.5.3->-r requirements-dev.txt (line 12))
2025-08-26T09:24:54.9061843Z   Using cached kombu-5.5.4-py3-none-any.whl.metadata (3.5 kB)
2025-08-26T09:24:54.9194778Z Collecting vine<6.0,>=5.1.0 (from celery==5.5.3->-r requirements-dev.txt (line 12))
2025-08-26T09:24:54.9207873Z   Using cached vine-5.1.0-py3-none-any.whl.metadata (2.7 kB)
2025-08-26T09:24:54.9322039Z Collecting click-didyoumean>=0.3.0 (from celery==5.5.3->-r requirements-dev.txt (line 12))
2025-08-26T09:24:54.9339580Z   Using cached click_didyoumean-0.3.1-py3-none-any.whl.metadata (3.9 kB)
2025-08-26T09:24:54.9425498Z Collecting click-repl>=0.2.0 (from celery==5.5.3->-r requirements-dev.txt (line 12))
2025-08-26T09:24:54.9438962Z   Using cached click_repl-0.3.0-py3-none-any.whl.metadata (3.6 kB)
2025-08-26T09:24:54.9522142Z Collecting click-plugins>=1.1.1 (from celery==5.5.3->-r requirements-dev.txt (line 12))
2025-08-26T09:24:54.9535543Z   Using cached click_plugins-1.1.1.2-py2.py3-none-any.whl.metadata (6.5 kB)
2025-08-26T09:24:54.9641039Z Collecting python-dateutil>=2.8.2 (from celery==5.5.3->-r requirements-dev.txt (line 12))
2025-08-26T09:24:54.9654570Z   Using cached python_dateutil-2.9.0.post0-py2.py3-none-any.whl.metadata (8.4 kB)
2025-08-26T09:24:54.9994827Z Collecting annotated-types>=0.6.0 (from pydantic==2.11.7->-r requirements-dev.txt (line 26))
2025-08-26T09:24:55.0008270Z   Using cached annotated_types-0.7.0-py3-none-any.whl.metadata (15 kB)
2025-08-26T09:24:55.6409544Z Collecting pydantic-core==2.33.2 (from pydantic==2.11.7->-r requirements-dev.txt (line 26))
2025-08-26T09:24:55.6425746Z   Using cached pydantic_core-2.33.2-cp311-cp311-manylinux_2_17_x86_64.manylinux2014_x86_64.whl.metadata (6.8 kB)
2025-08-26T09:24:55.6558797Z Collecting typing-inspection>=0.4.0 (from pydantic==2.11.7->-r requirements-dev.txt (line 26))
2025-08-26T09:24:55.6571971Z   Using cached typing_inspection-0.4.1-py3-none-any.whl.metadata (2.6 kB)
2025-08-26T09:24:55.6780590Z Collecting et-xmlfile (from openpyxl==3.1.5->-r requirements-dev.txt (line 22))
2025-08-26T09:24:55.6793574Z   Using cached et_xmlfile-2.0.0-py3-none-any.whl.metadata (2.7 kB)
2025-08-26T09:24:55.7140682Z Collecting pytest<9,>=8.2 (from pytest-asyncio==1.1.0->-r requirements-dev.txt (line 28))
2025-08-26T09:24:55.7153333Z   Using cached pytest-8.4.1-py3-none-any.whl.metadata (7.7 kB)
2025-08-26T09:24:56.0994928Z Collecting coverage>=7.5 (from coverage[toml]>=7.5->pytest-cov==6.2.1->-r requirements-dev.txt (line 29))
2025-08-26T09:24:56.1035883Z   Downloading coverage-7.10.5-cp311-cp311-manylinux1_x86_64.manylinux_2_28_x86_64.manylinux_2_5_x86_64.whl.metadata (8.9 kB)
2025-08-26T09:24:56.1164293Z Collecting pluggy>=1.2 (from pytest-cov==6.2.1->-r requirements-dev.txt (line 29))
2025-08-26T09:24:56.1177642Z   Using cached pluggy-1.6.0-py3-none-any.whl.metadata (4.8 kB)
2025-08-26T09:24:56.1382866Z Collecting port-for>=0.7.3 (from pytest-postgresql==7.0.2->-r requirements-dev.txt (line 30))
2025-08-26T09:24:56.1395869Z   Using cached port_for-0.7.4-py3-none-any.whl.metadata (7.1 kB)
2025-08-26T09:24:56.1519916Z Collecting mirakuru>=2.6.0 (from pytest-postgresql==7.0.2->-r requirements-dev.txt (line 30))
2025-08-26T09:24:56.1532852Z   Using cached mirakuru-2.6.1-py3-none-any.whl.metadata (10 kB)
2025-08-26T09:24:56.2317819Z Collecting charset_normalizer<4,>=2 (from requests==2.32.4->-r requirements-dev.txt (line 34))
2025-08-26T09:24:56.2331790Z   Using cached charset_normalizer-3.4.3-cp311-cp311-manylinux2014_x86_64.manylinux_2_17_x86_64.manylinux_2_28_x86_64.whl.metadata (36 kB)
2025-08-26T09:24:56.2461852Z Collecting idna<4,>=2.5 (from requests==2.32.4->-r requirements-dev.txt (line 34))
2025-08-26T09:24:56.2474553Z   Using cached idna-3.10-py3-none-any.whl.metadata (10 kB)
2025-08-26T09:24:56.2719694Z Collecting urllib3<3,>=1.21.1 (from requests==2.32.4->-r requirements-dev.txt (line 34))
2025-08-26T09:24:56.2733071Z   Using cached urllib3-2.5.0-py3-none-any.whl.metadata (6.5 kB)
2025-08-26T09:24:56.2910392Z Collecting certifi>=2017.4.17 (from requests==2.32.4->-r requirements-dev.txt (line 34))
2025-08-26T09:24:56.2923571Z   Using cached certifi-2025.8.3-py3-none-any.whl.metadata (2.4 kB)
2025-08-26T09:24:56.4094892Z Collecting greenlet>=1 (from sqlalchemy==2.0.43->-r requirements-dev.txt (line 37))
2025-08-26T09:24:56.4109303Z   Using cached greenlet-3.2.4-cp311-cp311-manylinux_2_24_x86_64.manylinux_2_28_x86_64.whl.metadata (4.1 kB)
2025-08-26T09:24:56.4306964Z Collecting docker (from testcontainers==4.12.0->testcontainers[postgres]==4.12.0->-r requirements-dev.txt (line 39))
2025-08-26T09:24:56.4320985Z   Using cached docker-7.1.0-py3-none-any.whl.metadata (3.8 kB)
2025-08-26T09:24:56.5214596Z Collecting wrapt (from testcontainers==4.12.0->testcontainers[postgres]==4.12.0->-r requirements-dev.txt (line 39))
2025-08-26T09:24:56.5228452Z   Using cached wrapt-1.17.3-cp311-cp311-manylinux1_x86_64.manylinux_2_28_x86_64.manylinux_2_5_x86_64.whl.metadata (6.4 kB)
2025-08-26T09:24:56.5500476Z Collecting docspec==2.2.1 (from docspec-python==2.2.2->-r requirements-dev.txt (line 41))
2025-08-26T09:24:56.5514262Z   Using cached docspec-2.2.1-py3-none-any.whl.metadata (1.5 kB)
2025-08-26T09:24:56.5643143Z Collecting nr-util>=0.8.12 (from docspec-python==2.2.2->-r requirements-dev.txt (line 41))
2025-08-26T09:24:56.5656349Z   Using cached nr.util-0.8.12-py3-none-any.whl.metadata (813 bytes)
2025-08-26T09:24:56.5962500Z Collecting PyYAML<7.0,>=5.0 (from pydoc-markdown==4.8.2->-r requirements-dev.txt (line 42))
2025-08-26T09:24:56.5976367Z   Using cached PyYAML-6.0.2-cp311-cp311-manylinux_2_17_x86_64.manylinux2014_x86_64.whl.metadata (2.1 kB)
2025-08-26T09:24:56.6222961Z Collecting databind.core<5.0.0,>=4.4.0 (from pydoc-markdown==4.8.2->-r requirements-dev.txt (line 42))
2025-08-26T09:24:56.6236547Z   Using cached databind.core-4.5.2-py3-none-any.whl.metadata (1.1 kB)
2025-08-26T09:24:56.6411604Z Collecting databind.json<5.0.0,>=4.4.0 (from pydoc-markdown==4.8.2->-r requirements-dev.txt (line 42))
2025-08-26T09:24:56.6424919Z   Using cached databind.json-4.5.2-py3-none-any.whl.metadata (1.1 kB)
2025-08-26T09:24:56.6555222Z Collecting docstring-parser<0.12,>=0.11 (from pydoc-markdown==4.8.2->-r requirements-dev.txt (line 42))
2025-08-26T09:24:56.6556395Z   Using cached docstring_parser-0.11-py3-none-any.whl
2025-08-26T09:24:56.6871713Z Collecting tomli<3.0.0,>=2.0.0 (from pydoc-markdown==4.8.2->-r requirements-dev.txt (line 42))
2025-08-26T09:24:56.6885178Z   Using cached tomli-2.2.1-cp311-cp311-manylinux_2_17_x86_64.manylinux2014_x86_64.whl.metadata (11 kB)
2025-08-26T09:24:56.6976643Z Collecting tomli_w<2.0.0,>=1.0.0 (from pydoc-markdown==4.8.2->-r requirements-dev.txt (line 42))
2025-08-26T09:24:56.6989701Z   Using cached tomli_w-1.2.0-py3-none-any.whl.metadata (5.7 kB)
2025-08-26T09:24:56.7402228Z Collecting watchdog (from pydoc-markdown==4.8.2->-r requirements-dev.txt (line 42))
2025-08-26T09:24:56.7414887Z   Using cached watchdog-6.0.0-py3-none-manylinux2014_x86_64.whl.metadata (44 kB)
2025-08-26T09:24:56.7604428Z Collecting yapf>=0.30.0 (from pydoc-markdown==4.8.2->-r requirements-dev.txt (line 42))
2025-08-26T09:24:56.7617169Z   Using cached yapf-0.43.0-py3-none-any.whl.metadata (46 kB)
2025-08-26T09:24:56.7782236Z Collecting Deprecated<2.0.0,>=1.2.12 (from docspec==2.2.1->docspec-python==2.2.2->-r requirements-dev.txt (line 41))
2025-08-26T09:24:56.7795194Z   Using cached Deprecated-1.2.18-py2.py3-none-any.whl.metadata (5.7 kB)
2025-08-26T09:24:56.9210119Z Collecting psycopg-binary==3.2.9 (from psycopg[binary]==3.2.9->-r requirements-dev.txt (line 25))
2025-08-26T09:24:56.9223622Z   Using cached psycopg_binary-3.2.9-cp311-cp311-manylinux_2_17_x86_64.manylinux2014_x86_64.whl.metadata (2.9 kB)
2025-08-26T09:24:56.9519353Z Collecting argon2-cffi (from minio==7.*->-r requirements-dev.txt (line 10))
2025-08-26T09:24:56.9532414Z   Using cached argon2_cffi-25.1.0-py3-none-any.whl.metadata (4.1 kB)
2025-08-26T09:24:57.0270146Z Collecting pycryptodome (from minio==7.*->-r requirements-dev.txt (line 10))
2025-08-26T09:24:57.0283670Z   Using cached pycryptodome-3.23.0-cp37-abi3-manylinux_2_17_x86_64.manylinux2014_x86_64.whl.metadata (3.4 kB)
2025-08-26T09:24:57.0449389Z Collecting anyio (from httpx<0.29,>=0.27->-r requirements-dev.txt (line 16))
2025-08-26T09:24:57.0462557Z   Using cached anyio-4.10.0-py3-none-any.whl.metadata (4.0 kB)
2025-08-26T09:24:57.0624137Z Collecting httpcore==1.* (from httpx<0.29,>=0.27->-r requirements-dev.txt (line 16))
2025-08-26T09:24:57.0636921Z   Using cached httpcore-1.0.9-py3-none-any.whl.metadata (21 kB)
2025-08-26T09:24:57.0942891Z Collecting tzdata>=2022.7 (from pandas==2.2.*->-r requirements-dev.txt (line 23))
2025-08-26T09:24:57.0955513Z   Using cached tzdata-2025.2-py2.py3-none-any.whl.metadata (1.4 kB)
2025-08-26T09:24:57.1091571Z Collecting multimethod<=1.10.0 (from pandera==0.19.*->-r requirements-dev.txt (line 43))
2025-08-26T09:24:57.1104311Z   Using cached multimethod-1.10-py3-none-any.whl.metadata (8.2 kB)
2025-08-26T09:24:57.2387365Z Collecting typeguard (from pandera==0.19.*->-r requirements-dev.txt (line 43))
2025-08-26T09:24:57.2402798Z   Using cached typeguard-4.4.4-py3-none-any.whl.metadata (3.3 kB)
2025-08-26T09:24:57.2493387Z Collecting typing-inspect>=0.6.0 (from pandera==0.19.*->-r requirements-dev.txt (line 43))
2025-08-26T09:24:57.2506740Z   Using cached typing_inspect-0.9.0-py3-none-any.whl.metadata (1.5 kB)
2025-08-26T09:24:57.2763523Z Collecting databind<5.0.0,>=4.5.2 (from databind.core<5.0.0,>=4.4.0->pydoc-markdown==4.8.2->-r requirements-dev.txt (line 42))
2025-08-26T09:24:57.2776394Z   Using cached databind-4.5.2-py3-none-any.whl.metadata (4.3 kB)
2025-08-26T09:24:57.2880889Z Collecting nr-date<3.0.0,>=2.0.0 (from databind<5.0.0,>=4.5.2->databind.core<5.0.0,>=4.4.0->pydoc-markdown==4.8.2->-r requirements-dev.txt (line 42))
2025-08-26T09:24:57.2893746Z   Using cached nr_date-2.1.0-py3-none-any.whl.metadata (746 bytes)
2025-08-26T09:24:57.2999319Z Collecting nr-stream<2.0.0,>=1.0.0 (from databind<5.0.0,>=4.5.2->databind.core<5.0.0,>=4.4.0->pydoc-markdown==4.8.2->-r requirements-dev.txt (line 42))
2025-08-26T09:24:57.3012439Z   Using cached nr_stream-1.1.5-py3-none-any.whl.metadata (3.6 kB)
2025-08-26T09:24:57.3172062Z Collecting typeapi<3,>=2.0.1 (from databind<5.0.0,>=4.5.2->databind.core<5.0.0,>=4.4.0->pydoc-markdown==4.8.2->-r requirements-dev.txt (line 42))
2025-08-26T09:24:57.3186149Z   Using cached typeapi-2.2.4-py3-none-any.whl.metadata (1.5 kB)
2025-08-26T09:24:57.3420535Z Collecting h11>=0.16 (from httpcore==1.*->httpx<0.29,>=0.27->-r requirements-dev.txt (line 16))
2025-08-26T09:24:57.3433894Z   Using cached h11-0.16.0-py3-none-any.whl.metadata (8.3 kB)
2025-08-26T09:24:57.3623346Z Collecting amqp<6.0.0,>=5.1.1 (from kombu<5.6,>=5.5.2->celery==5.5.3->-r requirements-dev.txt (line 12))
2025-08-26T09:24:57.3636744Z   Using cached amqp-5.3.1-py3-none-any.whl.metadata (8.9 kB)
2025-08-26T09:24:57.3965709Z Collecting iniconfig>=1 (from pytest<9,>=8.2->pytest-asyncio==1.1.0->-r requirements-dev.txt (line 28))
2025-08-26T09:24:57.3979245Z   Using cached iniconfig-2.1.0-py3-none-any.whl.metadata (2.7 kB)
2025-08-26T09:24:57.4167087Z Collecting pygments>=2.7.2 (from pytest<9,>=8.2->pytest-asyncio==1.1.0->-r requirements-dev.txt (line 28))
2025-08-26T09:24:57.4180676Z   Using cached pygments-2.19.2-py3-none-any.whl.metadata (2.5 kB)
2025-08-26T09:24:57.4462714Z Collecting sniffio>=1.1 (from anyio->httpx<0.29,>=0.27->-r requirements-dev.txt (line 16))
2025-08-26T09:24:57.4476250Z   Using cached sniffio-1.3.1-py3-none-any.whl.metadata (3.9 kB)
2025-08-26T09:24:57.8106352Z Collecting botocore<1.41.0,>=1.40.17 (from boto3->-r requirements-dev.txt (line 8))
2025-08-26T09:24:57.8142634Z   Downloading botocore-1.40.17-py3-none-any.whl.metadata (5.7 kB)
2025-08-26T09:24:57.8276332Z Collecting jmespath<2.0.0,>=0.7.1 (from boto3->-r requirements-dev.txt (line 8))
2025-08-26T09:24:57.8289488Z   Using cached jmespath-1.0.1-py3-none-any.whl.metadata (7.6 kB)
2025-08-26T09:24:57.8537775Z Collecting s3transfer<0.14.0,>=0.13.0 (from boto3->-r requirements-dev.txt (line 8))
2025-08-26T09:24:57.8551047Z   Using cached s3transfer-0.13.1-py3-none-any.whl.metadata (1.7 kB)
2025-08-26T09:24:57.9827333Z Collecting fastapi-cli>=0.0.8 (from fastapi-cli[standard]>=0.0.8; extra == "all"->fastapi[all]->-r requirements-dev.txt (line 14))
2025-08-26T09:24:57.9840584Z   Using cached fastapi_cli-0.0.8-py3-none-any.whl.metadata (6.3 kB)
2025-08-26T09:24:58.0519961Z Collecting ujson!=4.0.2,!=4.1.0,!=4.2.0,!=4.3.0,!=5.0.0,!=5.1.0,>=4.0.1 (from fastapi[all]->-r requirements-dev.txt (line 14))
2025-08-26T09:24:58.0533362Z   Using cached ujson-5.11.0-cp311-cp311-manylinux_2_24_x86_64.manylinux_2_28_x86_64.whl.metadata (9.4 kB)
2025-08-26T09:24:58.2679727Z Collecting orjson>=3.2.1 (from fastapi[all]->-r requirements-dev.txt (line 14))
2025-08-26T09:24:58.2694864Z   Using cached orjson-3.11.2-cp311-cp311-manylinux_2_17_x86_64.manylinux2014_x86_64.whl.metadata (1.2 kB)
2025-08-26T09:24:58.2813957Z Collecting email-validator>=2.0.0 (from fastapi[all]->-r requirements-dev.txt (line 14))
2025-08-26T09:24:58.2826427Z   Using cached email_validator-2.2.0-py3-none-any.whl.metadata (25 kB)
2025-08-26T09:24:58.3073640Z Collecting uvicorn>=0.12.0 (from uvicorn[standard]>=0.12.0; extra == "all"->fastapi[all]->-r requirements-dev.txt (line 14))
2025-08-26T09:24:58.3086273Z   Using cached uvicorn-0.35.0-py3-none-any.whl.metadata (6.5 kB)
2025-08-26T09:24:58.3232721Z Collecting pydantic-settings>=2.0.0 (from fastapi[all]->-r requirements-dev.txt (line 14))
2025-08-26T09:24:58.3245511Z   Using cached pydantic_settings-2.10.1-py3-none-any.whl.metadata (3.4 kB)
2025-08-26T09:24:58.3367987Z Collecting pydantic-extra-types>=2.0.0 (from fastapi[all]->-r requirements-dev.txt (line 14))
2025-08-26T09:24:58.3381608Z   Using cached pydantic_extra_types-2.10.5-py3-none-any.whl.metadata (3.9 kB)
2025-08-26T09:24:58.4096112Z Collecting prompt-toolkit>=3.0.36 (from click-repl>=0.2.0->celery==5.5.3->-r requirements-dev.txt (line 12))
2025-08-26T09:24:58.4109348Z   Using cached prompt_toolkit-3.0.51-py3-none-any.whl.metadata (6.4 kB)
2025-08-26T09:24:58.4282146Z Collecting dnspython>=2.0.0 (from email-validator>=2.0.0->fastapi[all]->-r requirements-dev.txt (line 14))
2025-08-26T09:24:58.4295361Z   Using cached dnspython-2.7.0-py3-none-any.whl.metadata (5.8 kB)
2025-08-26T09:24:58.4577726Z Collecting typer>=0.15.1 (from fastapi-cli>=0.0.8->fastapi-cli[standard]>=0.0.8; extra == "all"->fastapi[all]->-r requirements-dev.txt (line 14))
2025-08-26T09:24:58.4591045Z   Using cached typer-0.16.1-py3-none-any.whl.metadata (15 kB)
2025-08-26T09:24:58.4830914Z Collecting rich-toolkit>=0.14.8 (from fastapi-cli>=0.0.8->fastapi-cli[standard]>=0.0.8; extra == "all"->fastapi[all]->-r requirements-dev.txt (line 14))
2025-08-26T09:24:58.4843915Z   Using cached rich_toolkit-0.15.0-py3-none-any.whl.metadata (1.0 kB)
2025-08-26T09:24:58.4946667Z Collecting fastapi-cloud-cli>=0.1.1 (from fastapi-cli[standard]>=0.0.8; extra == "all"->fastapi[all]->-r requirements-dev.txt (line 14))
2025-08-26T09:24:58.4960354Z   Using cached fastapi_cloud_cli-0.1.5-py3-none-any.whl.metadata (3.2 kB)
2025-08-26T09:24:58.5625813Z Collecting rignore>=0.5.1 (from fastapi-cloud-cli>=0.1.1->fastapi-cli[standard]>=0.0.8; extra == "all"->fastapi[all]->-r requirements-dev.txt (line 14))
2025-08-26T09:24:58.5639437Z   Using cached rignore-0.6.4-cp311-cp311-manylinux_2_17_x86_64.manylinux2014_x86_64.whl.metadata (3.8 kB)
2025-08-26T09:24:58.6236957Z Collecting sentry-sdk>=2.20.0 (from fastapi-cloud-cli>=0.1.1->fastapi-cli[standard]>=0.0.8; extra == "all"->fastapi[all]->-r requirements-dev.txt (line 14))
2025-08-26T09:24:58.6274204Z   Downloading sentry_sdk-2.35.1-py2.py3-none-any.whl.metadata (10 kB)
2025-08-26T09:24:58.8240073Z Collecting psutil>=4.0.0 (from mirakuru>=2.6.0->pytest-postgresql==7.0.2->-r requirements-dev.txt (line 30))
2025-08-26T09:24:58.8255295Z   Using cached psutil-7.0.0-cp36-abi3-manylinux_2_12_x86_64.manylinux2010_x86_64.manylinux_2_17_x86_64.manylinux2014_x86_64.whl.metadata (22 kB)
2025-08-26T09:24:58.8543767Z Collecting wcwidth (from prompt-toolkit>=3.0.36->click-repl>=0.2.0->celery==5.5.3->-r requirements-dev.txt (line 12))
2025-08-26T09:24:58.8557075Z   Using cached wcwidth-0.2.13-py2.py3-none-any.whl.metadata (14 kB)
2025-08-26T09:24:58.9293248Z Collecting rich>=13.7.1 (from rich-toolkit>=0.14.8->fastapi-cli>=0.0.8->fastapi-cli[standard]>=0.0.8; extra == "all"->fastapi[all]->-r requirements-dev.txt (line 14))
2025-08-26T09:24:58.9305944Z   Using cached rich-14.1.0-py3-none-any.whl.metadata (18 kB)
2025-08-26T09:24:58.9469832Z Collecting markdown-it-py>=2.2.0 (from rich>=13.7.1->rich-toolkit>=0.14.8->fastapi-cli>=0.0.8->fastapi-cli[standard]>=0.0.8; extra == "all"->fastapi[all]->-r requirements-dev.txt (line 14))
2025-08-26T09:24:58.9482714Z   Using cached markdown_it_py-4.0.0-py3-none-any.whl.metadata (7.3 kB)
2025-08-26T09:24:58.9659010Z Collecting mdurl~=0.1 (from markdown-it-py>=2.2.0->rich>=13.7.1->rich-toolkit>=0.14.8->fastapi-cli>=0.0.8->fastapi-cli[standard]>=0.0.8; extra == "all"->fastapi[all]->-r requirements-dev.txt (line 14))
2025-08-26T09:24:58.9671246Z   Using cached mdurl-0.1.2-py3-none-any.whl.metadata (1.6 kB)
2025-08-26T09:24:59.0113409Z Collecting shellingham>=1.3.0 (from typer>=0.15.1->fastapi-cli>=0.0.8->fastapi-cli[standard]>=0.0.8; extra == "all"->fastapi[all]->-r requirements-dev.txt (line 14))
2025-08-26T09:24:59.0126165Z   Using cached shellingham-1.5.4-py2.py3-none-any.whl.metadata (3.5 kB)
2025-08-26T09:24:59.0756206Z Collecting httptools>=0.6.3 (from uvicorn[standard]>=0.12.0; extra == "all"->fastapi[all]->-r requirements-dev.txt (line 14))
2025-08-26T09:24:59.0769692Z   Using cached httptools-0.6.4-cp311-cp311-manylinux_2_5_x86_64.manylinux1_x86_64.manylinux_2_17_x86_64.manylinux2014_x86_64.whl.metadata (3.6 kB)
2025-08-26T09:24:59.1151660Z Collecting uvloop>=0.15.1 (from uvicorn[standard]>=0.12.0; extra == "all"->fastapi[all]->-r requirements-dev.txt (line 14))
2025-08-26T09:24:59.1164976Z   Using cached uvloop-0.21.0-cp311-cp311-manylinux_2_17_x86_64.manylinux2014_x86_64.whl.metadata (4.9 kB)
2025-08-26T09:24:59.1820981Z Collecting watchfiles>=0.13 (from uvicorn[standard]>=0.12.0; extra == "all"->fastapi[all]->-r requirements-dev.txt (line 14))
2025-08-26T09:24:59.1834255Z   Using cached watchfiles-1.1.0-cp311-cp311-manylinux_2_17_x86_64.manylinux2014_x86_64.whl.metadata (4.9 kB)
2025-08-26T09:24:59.2766425Z Collecting websockets>=10.4 (from uvicorn[standard]>=0.12.0; extra == "all"->fastapi[all]->-r requirements-dev.txt (line 14))
2025-08-26T09:24:59.2787772Z   Using cached websockets-15.0.1-cp311-cp311-manylinux_2_5_x86_64.manylinux1_x86_64.manylinux_2_17_x86_64.manylinux2014_x86_64.whl.metadata (6.8 kB)
2025-08-26T09:24:59.3354262Z Collecting argon2-cffi-bindings (from argon2-cffi->minio==7.*->-r requirements-dev.txt (line 10))
2025-08-26T09:24:59.3367308Z   Using cached argon2_cffi_bindings-25.1.0-cp39-abi3-manylinux_2_26_x86_64.manylinux_2_28_x86_64.whl.metadata (7.4 kB)
2025-08-26T09:24:59.4301941Z Collecting cffi>=1.0.1 (from argon2-cffi-bindings->argon2-cffi->minio==7.*->-r requirements-dev.txt (line 10))
2025-08-26T09:24:59.4315131Z   Using cached cffi-1.17.1-cp311-cp311-manylinux_2_17_x86_64.manylinux2014_x86_64.whl.metadata (1.5 kB)
2025-08-26T09:24:59.4420240Z Collecting pycparser (from cffi>=1.0.1->argon2-cffi-bindings->argon2-cffi->minio==7.*->-r requirements-dev.txt (line 10))
2025-08-26T09:24:59.4433705Z   Using cached pycparser-2.22-py3-none-any.whl.metadata (943 bytes)
2025-08-26T09:24:59.5005470Z Using cached jinja2-3.1.6-py3-none-any.whl (134 kB)
2025-08-26T09:24:59.5019600Z Using cached alembic-1.16.4-py3-none-any.whl (247 kB)
2025-08-26T09:24:59.5034040Z Using cached APScheduler-3.10.4-py3-none-any.whl (59 kB)
2025-08-26T09:24:59.5047401Z Using cached asgi_correlation_id-4.3.1-py3-none-any.whl (15 kB)
2025-08-26T09:24:59.5060374Z Using cached asyncpg-0.30.0-cp311-cp311-manylinux_2_17_x86_64.manylinux2014_x86_64.whl (3.1 MB)
2025-08-26T09:24:59.5096096Z Using cached black-25.1.0-cp311-cp311-manylinux_2_17_x86_64.manylinux2014_x86_64.manylinux_2_28_x86_64.whl (1.7 MB)
2025-08-26T09:24:59.5121261Z Using cached vulture-2.10-py2.py3-none-any.whl (27 kB)
2025-08-26T09:24:59.5133954Z Using cached celery-5.5.3-py3-none-any.whl (438 kB)
2025-08-26T09:24:59.5149797Z Using cached fastapi-0.116.1-py3-none-any.whl (95 kB)
2025-08-26T09:24:59.5163171Z Using cached pydantic-2.11.7-py3-none-any.whl (444 kB)
2025-08-26T09:24:59.5178992Z Using cached fastapi_limiter-0.1.6-py3-none-any.whl (15 kB)
2025-08-26T09:24:59.5191886Z Using cached IMAPClient-3.0.1-py2.py3-none-any.whl (182 kB)
2025-08-26T09:24:59.5205664Z Using cached mypy_extensions-1.1.0-py3-none-any.whl (5.0 kB)
2025-08-26T09:24:59.5218278Z Using cached openpyxl-3.1.5-py2.py3-none-any.whl (250 kB)
2025-08-26T09:24:59.5233288Z Using cached psycopg2_binary-2.9.10-cp311-cp311-manylinux_2_17_x86_64.manylinux2014_x86_64.whl (3.0 MB)
2025-08-26T09:24:59.5268030Z Using cached psycopg-3.2.9-py3-none-any.whl (202 kB)
2025-08-26T09:24:59.5282245Z Using cached pytest_asyncio-1.1.0-py3-none-any.whl (15 kB)
2025-08-26T09:24:59.5294814Z Using cached pytest_cov-6.2.1-py3-none-any.whl (24 kB)
2025-08-26T09:24:59.5307633Z Using cached pytest_postgresql-7.0.2-py3-none-any.whl (41 kB)
2025-08-26T09:24:59.5320882Z Using cached python_telegram_bot-22.3-py3-none-any.whl (717 kB)
2025-08-26T09:24:59.5338777Z Using cached requests-2.32.4-py3-none-any.whl (64 kB)
2025-08-26T09:24:59.5352211Z Using cached respx-0.22.0-py2.py3-none-any.whl (25 kB)
2025-08-26T09:24:59.5365444Z Using cached ruff-0.9.9-py3-none-manylinux_2_17_x86_64.manylinux2014_x86_64.whl (11.2 MB)
2025-08-26T09:24:59.5458494Z Using cached sqlalchemy-2.0.43-cp311-cp311-manylinux_2_17_x86_64.manylinux2014_x86_64.whl (3.3 MB)
2025-08-26T09:24:59.5495578Z Using cached structlog-24.1.0-py3-none-any.whl (65 kB)
2025-08-26T09:24:59.5508802Z Using cached testcontainers-4.12.0-py3-none-any.whl (111 kB)
2025-08-26T09:24:59.5522484Z Using cached types_requests-2.32.4.20250809-py3-none-any.whl (20 kB)
2025-08-26T09:24:59.5535435Z Using cached docspec_python-2.2.2-py3-none-any.whl (15 kB)
2025-08-26T09:24:59.5548090Z Using cached pydoc_markdown-4.8.2-py3-none-any.whl (67 kB)
2025-08-26T09:24:59.5561407Z Using cached docspec-2.2.1-py3-none-any.whl (9.8 kB)
2025-08-26T09:24:59.5574449Z Using cached psycopg_binary-3.2.9-cp311-cp311-manylinux_2_17_x86_64.manylinux2014_x86_64.whl (4.5 MB)
2025-08-26T09:24:59.5619029Z Using cached pydantic_core-2.33.2-cp311-cp311-manylinux_2_17_x86_64.manylinux2014_x86_64.whl (2.0 MB)
2025-08-26T09:24:59.5646920Z Using cached redis-6.4.0-py3-none-any.whl (279 kB)
2025-08-26T09:24:59.5662405Z Using cached minio-7.2.16-py3-none-any.whl (95 kB)
2025-08-26T09:24:59.5676751Z Using cached httpx-0.28.1-py3-none-any.whl (73 kB)
2025-08-26T09:24:59.5690434Z Using cached mypy-1.17.1-cp311-cp311-manylinux2014_x86_64.manylinux_2_17_x86_64.manylinux_2_28_x86_64.whl (12.6 MB)
2025-08-26T09:24:59.5789690Z Using cached numpy-1.26.4-cp311-cp311-manylinux_2_17_x86_64.manylinux2014_x86_64.whl (18.3 MB)
2025-08-26T09:24:59.5935174Z Using cached pandas-2.2.3-cp311-cp311-manylinux_2_17_x86_64.manylinux2014_x86_64.whl (13.1 MB)
2025-08-26T09:24:59.6040622Z Using cached pandera-0.19.3-py3-none-any.whl (251 kB)
2025-08-26T09:24:59.6054937Z Using cached billiard-4.2.1-py3-none-any.whl (86 kB)
2025-08-26T09:24:59.6068974Z Using cached charset_normalizer-3.4.3-cp311-cp311-manylinux2014_x86_64.manylinux_2_17_x86_64.manylinux_2_28_x86_64.whl (150 kB)
2025-08-26T09:24:59.6082681Z Using cached click-8.2.1-py3-none-any.whl (102 kB)
2025-08-26T09:24:59.6096331Z Using cached databind.core-4.5.2-py3-none-any.whl (1.5 kB)
2025-08-26T09:24:59.6109146Z Using cached databind-4.5.2-py3-none-any.whl (49 kB)
2025-08-26T09:24:59.6122507Z Using cached databind.json-4.5.2-py3-none-any.whl (1.5 kB)
2025-08-26T09:24:59.6135609Z Using cached Deprecated-1.2.18-py2.py3-none-any.whl (10.0 kB)
2025-08-26T09:24:59.6148071Z Using cached httpcore-1.0.9-py3-none-any.whl (78 kB)
2025-08-26T09:24:59.6161627Z Using cached idna-3.10-py3-none-any.whl (70 kB)
2025-08-26T09:24:59.6174701Z Using cached kombu-5.5.4-py3-none-any.whl (210 kB)
2025-08-26T09:24:59.6188792Z Using cached vine-5.1.0-py3-none-any.whl (9.6 kB)
2025-08-26T09:24:59.6201770Z Using cached amqp-5.3.1-py3-none-any.whl (50 kB)
2025-08-26T09:24:59.6214674Z Using cached multimethod-1.10-py3-none-any.whl (9.9 kB)
2025-08-26T09:24:59.6227397Z Using cached nr_date-2.1.0-py3-none-any.whl (10 kB)
2025-08-26T09:24:59.6240469Z Using cached nr_stream-1.1.5-py3-none-any.whl (10 kB)
2025-08-26T09:24:59.6253261Z Using cached nr.util-0.8.12-py3-none-any.whl (90 kB)
2025-08-26T09:24:59.6266760Z Using cached pytest-8.4.1-py3-none-any.whl (365 kB)
2025-08-26T09:24:59.6282166Z Using cached pluggy-1.6.0-py3-none-any.whl (20 kB)
2025-08-26T09:24:59.6295375Z Using cached PyYAML-6.0.2-cp311-cp311-manylinux_2_17_x86_64.manylinux2014_x86_64.whl (762 kB)
2025-08-26T09:24:59.6363918Z Downloading starlette-0.47.3-py3-none-any.whl (72 kB)
2025-08-26T09:24:59.6431979Z Using cached anyio-4.10.0-py3-none-any.whl (107 kB)
2025-08-26T09:24:59.6445781Z Using cached tomli-2.2.1-cp311-cp311-manylinux_2_17_x86_64.manylinux2014_x86_64.whl (236 kB)
2025-08-26T09:24:59.6460220Z Using cached tomli_w-1.2.0-py3-none-any.whl (6.7 kB)
2025-08-26T09:24:59.6472879Z Using cached typeapi-2.2.4-py3-none-any.whl (26 kB)
2025-08-26T09:24:59.6505630Z Downloading typing_extensions-4.15.0-py3-none-any.whl (44 kB)
2025-08-26T09:24:59.6545318Z Using cached urllib3-2.5.0-py3-none-any.whl (129 kB)
2025-08-26T09:24:59.6559565Z Using cached wrapt-1.17.3-cp311-cp311-manylinux1_x86_64.manylinux_2_28_x86_64.manylinux_2_5_x86_64.whl (82 kB)
2025-08-26T09:24:59.6594296Z Downloading boto3-1.40.17-py3-none-any.whl (140 kB)
2025-08-26T09:24:59.6671174Z Downloading botocore-1.40.17-py3-none-any.whl (14.0 MB)
2025-08-26T09:24:59.7637874Z    ━━━━━━━━━━━━━━━━━━━━━━━━━━━━━━━━━━━━━━━━ 14.0/14.0 MB 150.3 MB/s  0:00:00
2025-08-26T09:24:59.7653319Z Using cached jmespath-1.0.1-py3-none-any.whl (20 kB)
2025-08-26T09:24:59.7667032Z Using cached python_dateutil-2.9.0.post0-py2.py3-none-any.whl (229 kB)
2025-08-26T09:24:59.7681899Z Using cached s3transfer-0.13.1-py3-none-any.whl (85 kB)
2025-08-26T09:24:59.7695311Z Using cached itsdangerous-2.2.0-py3-none-any.whl (16 kB)
2025-08-26T09:24:59.7708722Z Using cached python_dotenv-1.1.1-py3-none-any.whl (20 kB)
2025-08-26T09:24:59.7722069Z Using cached python_multipart-0.0.20-py3-none-any.whl (24 kB)
2025-08-26T09:24:59.7735017Z Using cached annotated_types-0.7.0-py3-none-any.whl (13 kB)
2025-08-26T09:24:59.7748050Z Using cached certifi-2025.8.3-py3-none-any.whl (161 kB)
2025-08-26T09:24:59.7762977Z Using cached click_didyoumean-0.3.1-py3-none-any.whl (3.6 kB)
2025-08-26T09:24:59.7775925Z Using cached click_plugins-1.1.1.2-py2.py3-none-any.whl (11 kB)
2025-08-26T09:24:59.7789206Z Using cached click_repl-0.3.0-py3-none-any.whl (10 kB)
2025-08-26T09:24:59.7825611Z Downloading coverage-7.10.5-cp311-cp311-manylinux1_x86_64.manylinux_2_28_x86_64.manylinux_2_5_x86_64.whl (249 kB)
2025-08-26T09:24:59.7864790Z Using cached email_validator-2.2.0-py3-none-any.whl (33 kB)
2025-08-26T09:24:59.7877854Z Using cached dnspython-2.7.0-py3-none-any.whl (313 kB)
2025-08-26T09:24:59.7893239Z Using cached fastapi_cli-0.0.8-py3-none-any.whl (10 kB)
2025-08-26T09:24:59.7906038Z Using cached fastapi_cloud_cli-0.1.5-py3-none-any.whl (18 kB)
2025-08-26T09:24:59.7919485Z Using cached greenlet-3.2.4-cp311-cp311-manylinux_2_24_x86_64.manylinux_2_28_x86_64.whl (587 kB)
2025-08-26T09:24:59.7936330Z Using cached h11-0.16.0-py3-none-any.whl (37 kB)
2025-08-26T09:24:59.7949639Z Using cached iniconfig-2.1.0-py3-none-any.whl (6.0 kB)
2025-08-26T09:24:59.7962924Z Using cached MarkupSafe-3.0.2-cp311-cp311-manylinux_2_17_x86_64.manylinux2014_x86_64.whl (23 kB)
2025-08-26T09:24:59.7975800Z Using cached mirakuru-2.6.1-py3-none-any.whl (26 kB)
2025-08-26T09:24:59.7989602Z Using cached orjson-3.11.2-cp311-cp311-manylinux_2_17_x86_64.manylinux2014_x86_64.whl (121 kB)
2025-08-26T09:24:59.8002719Z Using cached packaging-25.0-py3-none-any.whl (66 kB)
2025-08-26T09:24:59.8015841Z Using cached pathspec-0.12.1-py3-none-any.whl (31 kB)
2025-08-26T09:24:59.8029102Z Using cached platformdirs-4.3.8-py3-none-any.whl (18 kB)
2025-08-26T09:24:59.8042360Z Using cached port_for-0.7.4-py3-none-any.whl (21 kB)
2025-08-26T09:24:59.8055283Z Using cached prompt_toolkit-3.0.51-py3-none-any.whl (387 kB)
2025-08-26T09:24:59.8071645Z Using cached psutil-7.0.0-cp36-abi3-manylinux_2_12_x86_64.manylinux2010_x86_64.manylinux_2_17_x86_64.manylinux2014_x86_64.whl (277 kB)
2025-08-26T09:24:59.8086030Z Using cached pydantic_extra_types-2.10.5-py3-none-any.whl (38 kB)
2025-08-26T09:24:59.8099246Z Using cached pydantic_settings-2.10.1-py3-none-any.whl (45 kB)
2025-08-26T09:24:59.8112453Z Using cached pygments-2.19.2-py3-none-any.whl (1.2 MB)
2025-08-26T09:24:59.8134093Z Using cached pytz-2025.2-py2.py3-none-any.whl (509 kB)
2025-08-26T09:24:59.8150615Z Using cached rich_toolkit-0.15.0-py3-none-any.whl (29 kB)
2025-08-26T09:24:59.8163456Z Using cached rich-14.1.0-py3-none-any.whl (243 kB)
2025-08-26T09:24:59.8177891Z Using cached markdown_it_py-4.0.0-py3-none-any.whl (87 kB)
2025-08-26T09:24:59.8191574Z Using cached mdurl-0.1.2-py3-none-any.whl (10.0 kB)
2025-08-26T09:24:59.8204605Z Using cached rignore-0.6.4-cp311-cp311-manylinux_2_17_x86_64.manylinux2014_x86_64.whl (950 kB)
2025-08-26T09:24:59.8264681Z Downloading sentry_sdk-2.35.1-py2.py3-none-any.whl (363 kB)
2025-08-26T09:24:59.8309801Z Using cached six-1.17.0-py2.py3-none-any.whl (11 kB)
2025-08-26T09:24:59.8322688Z Using cached sniffio-1.3.1-py3-none-any.whl (10 kB)
2025-08-26T09:24:59.8335468Z Using cached typer-0.16.1-py3-none-any.whl (46 kB)
2025-08-26T09:24:59.8348430Z Using cached shellingham-1.5.4-py2.py3-none-any.whl (9.8 kB)
2025-08-26T09:24:59.8361329Z Using cached typing_inspect-0.9.0-py3-none-any.whl (8.8 kB)
2025-08-26T09:24:59.8374419Z Using cached typing_inspection-0.4.1-py3-none-any.whl (14 kB)
2025-08-26T09:24:59.8387434Z Using cached tzdata-2025.2-py2.py3-none-any.whl (347 kB)
2025-08-26T09:24:59.8402749Z Using cached tzlocal-5.3.1-py3-none-any.whl (18 kB)
2025-08-26T09:24:59.8415812Z Using cached ujson-5.11.0-cp311-cp311-manylinux_2_24_x86_64.manylinux_2_28_x86_64.whl (57 kB)
2025-08-26T09:24:59.8428472Z Using cached uvicorn-0.35.0-py3-none-any.whl (66 kB)
2025-08-26T09:24:59.8442571Z Using cached httptools-0.6.4-cp311-cp311-manylinux_2_5_x86_64.manylinux1_x86_64.manylinux_2_17_x86_64.manylinux2014_x86_64.whl (459 kB)
2025-08-26T09:24:59.8458784Z Using cached uvloop-0.21.0-cp311-cp311-manylinux_2_17_x86_64.manylinux2014_x86_64.whl (4.0 MB)
2025-08-26T09:24:59.8501072Z Using cached watchfiles-1.1.0-cp311-cp311-manylinux_2_17_x86_64.manylinux2014_x86_64.whl (453 kB)
2025-08-26T09:24:59.8517333Z Using cached websockets-15.0.1-cp311-cp311-manylinux_2_5_x86_64.manylinux1_x86_64.manylinux_2_17_x86_64.manylinux2014_x86_64.whl (182 kB)
2025-08-26T09:24:59.8531048Z Using cached yapf-0.43.0-py3-none-any.whl (256 kB)
2025-08-26T09:24:59.8545625Z Using cached argon2_cffi-25.1.0-py3-none-any.whl (14 kB)
2025-08-26T09:24:59.8559019Z Using cached argon2_cffi_bindings-25.1.0-cp39-abi3-manylinux_2_26_x86_64.manylinux_2_28_x86_64.whl (87 kB)
2025-08-26T09:24:59.8572599Z Using cached cffi-1.17.1-cp311-cp311-manylinux_2_17_x86_64.manylinux2014_x86_64.whl (467 kB)
2025-08-26T09:24:59.8588736Z Using cached docker-7.1.0-py3-none-any.whl (147 kB)
2025-08-26T09:24:59.8602623Z Using cached et_xmlfile-2.0.0-py3-none-any.whl (18 kB)
2025-08-26T09:24:59.8615714Z Using cached mako-1.3.10-py3-none-any.whl (78 kB)
2025-08-26T09:24:59.8629231Z Using cached pycparser-2.22-py3-none-any.whl (117 kB)
2025-08-26T09:24:59.8643552Z Using cached pycryptodome-3.23.0-cp37-abi3-manylinux_2_17_x86_64.manylinux2014_x86_64.whl (2.3 MB)
2025-08-26T09:24:59.8672992Z Using cached toml-0.10.2-py2.py3-none-any.whl (16 kB)
2025-08-26T09:24:59.8686057Z Using cached typeguard-4.4.4-py3-none-any.whl (34 kB)
2025-08-26T09:24:59.8699082Z Using cached watchdog-6.0.0-py3-none-manylinux2014_x86_64.whl (79 kB)
2025-08-26T09:24:59.8712743Z Using cached wcwidth-0.2.13-py2.py3-none-any.whl (34 kB)
2025-08-26T09:25:00.2829892Z Installing collected packages: wcwidth, pytz, wrapt, websockets, watchdog, vine, uvloop, urllib3, ujson, tzlocal, tzdata, typing-extensions, tomli_w, tomli, toml, structlog, sniffio, six, shellingham, ruff, rignore, redis, PyYAML, python-multipart, python-dotenv, pygments, pycryptodome, pycparser, psycopg2-binary, psycopg-binary, psutil, prompt-toolkit, port-for, pluggy, platformdirs, pathspec, packaging, orjson, numpy, nr-stream, nr-date, mypy-extensions, multimethod, mdurl, MarkupSafe, jmespath, itsdangerous, iniconfig, imapclient, idna, httptools, h11, greenlet, et-xmlfile, docstring-parser, dnspython, coverage, click, charset_normalizer, certifi, billiard, asyncpg, annotated-types, yapf, vulture, uvicorn, typing-inspection, typing-inspect, types-requests, typeguard, typeapi, sqlalchemy, sentry-sdk, requests, python-dateutil, pytest, pydantic-core, psycopg, openpyxl, mypy, mirakuru, markdown-it-py, Mako, Jinja2, httpcore, email-validator, Deprecated, click-repl, click-plugins, click-didyoumean, cffi, black, apscheduler, anyio, amqp, watchfiles, starlette, rich, pytest-postgresql, pytest-cov, pytest-asyncio, pydantic, pandas, nr-util, kombu, httpx, docker, databind, botocore, argon2-cffi-bindings, alembic, typer, testcontainers, s3transfer, rich-toolkit, respx, python-telegram-bot, pydantic-settings, pydantic-extra-types, pandera, fastapi, databind.json, databind.core, celery, asgi-correlation-id, argon2-cffi, minio, fastapi-limiter, fastapi-cloud-cli, fastapi-cli, docspec, boto3, docspec-python, pydoc-markdown
2025-08-26T09:25:16.4878343Z 
2025-08-26T09:25:16.4945215Z Successfully installed Deprecated-1.2.18 Jinja2-3.1.6 Mako-1.3.10 MarkupSafe-3.0.2 PyYAML-6.0.2 alembic-1.16.4 amqp-5.3.1 annotated-types-0.7.0 anyio-4.10.0 apscheduler-3.10.4 argon2-cffi-25.1.0 argon2-cffi-bindings-25.1.0 asgi-correlation-id-4.3.1 asyncpg-0.30.0 billiard-4.2.1 black-25.1.0 boto3-1.40.17 botocore-1.40.17 celery-5.5.3 certifi-2025.8.3 cffi-1.17.1 charset_normalizer-3.4.3 click-8.2.1 click-didyoumean-0.3.1 click-plugins-1.1.1.2 click-repl-0.3.0 coverage-7.10.5 databind-4.5.2 databind.core-4.5.2 databind.json-4.5.2 dnspython-2.7.0 docker-7.1.0 docspec-2.2.1 docspec-python-2.2.2 docstring-parser-0.11 email-validator-2.2.0 et-xmlfile-2.0.0 fastapi-0.116.1 fastapi-cli-0.0.8 fastapi-cloud-cli-0.1.5 fastapi-limiter-0.1.6 greenlet-3.2.4 h11-0.16.0 httpcore-1.0.9 httptools-0.6.4 httpx-0.28.1 idna-3.10 imapclient-3.0.1 iniconfig-2.1.0 itsdangerous-2.2.0 jmespath-1.0.1 kombu-5.5.4 markdown-it-py-4.0.0 mdurl-0.1.2 minio-7.2.16 mirakuru-2.6.1 multimethod-1.10 mypy-1.17.1 mypy-extensions-1.1.0 nr-date-2.1.0 nr-stream-1.1.5 nr-util-0.8.12 numpy-1.26.4 openpyxl-3.1.5 orjson-3.11.2 packaging-25.0 pandas-2.2.3 pandera-0.19.3 pathspec-0.12.1 platformdirs-4.3.8 pluggy-1.6.0 port-for-0.7.4 prompt-toolkit-3.0.51 psutil-7.0.0 psycopg-3.2.9 psycopg-binary-3.2.9 psycopg2-binary-2.9.10 pycparser-2.22 pycryptodome-3.23.0 pydantic-2.11.7 pydantic-core-2.33.2 pydantic-extra-types-2.10.5 pydantic-settings-2.10.1 pydoc-markdown-4.8.2 pygments-2.19.2 pytest-8.4.1 pytest-asyncio-1.1.0 pytest-cov-6.2.1 pytest-postgresql-7.0.2 python-dateutil-2.9.0.post0 python-dotenv-1.1.1 python-multipart-0.0.20 python-telegram-bot-22.3 pytz-2025.2 redis-6.4.0 requests-2.32.4 respx-0.22.0 rich-14.1.0 rich-toolkit-0.15.0 rignore-0.6.4 ruff-0.9.9 s3transfer-0.13.1 sentry-sdk-2.35.1 shellingham-1.5.4 six-1.17.0 sniffio-1.3.1 sqlalchemy-2.0.43 starlette-0.47.3 structlog-24.1.0 testcontainers-4.12.0 toml-0.10.2 tomli-2.2.1 tomli_w-1.2.0 typeapi-2.2.4 typeguard-4.4.4 typer-0.16.1 types-requests-2.32.4.20250809 typing-extensions-4.15.0 typing-inspect-0.9.0 typing-inspection-0.4.1 tzdata-2025.2 tzlocal-5.3.1 ujson-5.11.0 urllib3-2.5.0 uvicorn-0.35.0 uvloop-0.21.0 vine-5.1.0 vulture-2.10 watchdog-6.0.0 watchfiles-1.1.0 wcwidth-0.2.13 websockets-15.0.1 wrapt-1.17.3 yapf-0.43.0
2025-08-26T09:25:17.7146859Z Collecting keepa==1.3.15
2025-08-26T09:25:17.7162332Z   Using cached keepa-1.3.15-py3-none-any.whl.metadata (11 kB)
2025-08-26T09:25:17.7425080Z Collecting minio==7.1.15
2025-08-26T09:25:17.7439863Z   Using cached minio-7.1.15-py3-none-any.whl.metadata (4.2 kB)
2025-08-26T09:25:17.7464508Z Requirement already satisfied: numpy>=1.9.3 in /opt/hostedtoolcache/Python/3.11.13/x64/lib/python3.11/site-packages (from keepa==1.3.15) (1.26.4)
2025-08-26T09:25:17.7469891Z Requirement already satisfied: requests>=2.2 in /opt/hostedtoolcache/Python/3.11.13/x64/lib/python3.11/site-packages (from keepa==1.3.15) (2.32.4)
2025-08-26T09:25:17.7762083Z Collecting tqdm (from keepa==1.3.15)
2025-08-26T09:25:17.7776088Z   Using cached tqdm-4.67.1-py3-none-any.whl.metadata (57 kB)
2025-08-26T09:25:18.2493144Z Collecting aiohttp (from keepa==1.3.15)
2025-08-26T09:25:18.2511410Z   Using cached aiohttp-3.12.15-cp311-cp311-manylinux_2_17_x86_64.manylinux2014_x86_64.whl.metadata (7.7 kB)
2025-08-26T09:25:18.2541509Z Requirement already satisfied: pandas<=3.0 in /opt/hostedtoolcache/Python/3.11.13/x64/lib/python3.11/site-packages (from keepa==1.3.15) (2.2.3)
2025-08-26T09:25:18.2545388Z Requirement already satisfied: pydantic in /opt/hostedtoolcache/Python/3.11.13/x64/lib/python3.11/site-packages (from keepa==1.3.15) (2.11.7)
2025-08-26T09:25:18.2552628Z Requirement already satisfied: certifi in /opt/hostedtoolcache/Python/3.11.13/x64/lib/python3.11/site-packages (from minio==7.1.15) (2025.8.3)
2025-08-26T09:25:18.2555952Z Requirement already satisfied: urllib3 in /opt/hostedtoolcache/Python/3.11.13/x64/lib/python3.11/site-packages (from minio==7.1.15) (2.5.0)
2025-08-26T09:25:18.2602870Z Requirement already satisfied: python-dateutil>=2.8.2 in /opt/hostedtoolcache/Python/3.11.13/x64/lib/python3.11/site-packages (from pandas<=3.0->keepa==1.3.15) (2.9.0.post0)
2025-08-26T09:25:18.2607485Z Requirement already satisfied: pytz>=2020.1 in /opt/hostedtoolcache/Python/3.11.13/x64/lib/python3.11/site-packages (from pandas<=3.0->keepa==1.3.15) (2025.2)
2025-08-26T09:25:18.2612489Z Requirement already satisfied: tzdata>=2022.7 in /opt/hostedtoolcache/Python/3.11.13/x64/lib/python3.11/site-packages (from pandas<=3.0->keepa==1.3.15) (2025.2)
2025-08-26T09:25:18.2723890Z Requirement already satisfied: six>=1.5 in /opt/hostedtoolcache/Python/3.11.13/x64/lib/python3.11/site-packages (from python-dateutil>=2.8.2->pandas<=3.0->keepa==1.3.15) (1.17.0)
2025-08-26T09:25:18.2740726Z Requirement already satisfied: charset_normalizer<4,>=2 in /opt/hostedtoolcache/Python/3.11.13/x64/lib/python3.11/site-packages (from requests>=2.2->keepa==1.3.15) (3.4.3)
2025-08-26T09:25:18.2745675Z Requirement already satisfied: idna<4,>=2.5 in /opt/hostedtoolcache/Python/3.11.13/x64/lib/python3.11/site-packages (from requests>=2.2->keepa==1.3.15) (3.10)
2025-08-26T09:25:18.2920362Z Collecting aiohappyeyeballs>=2.5.0 (from aiohttp->keepa==1.3.15)
2025-08-26T09:25:18.2933440Z   Using cached aiohappyeyeballs-2.6.1-py3-none-any.whl.metadata (5.9 kB)
2025-08-26T09:25:18.3025247Z Collecting aiosignal>=1.4.0 (from aiohttp->keepa==1.3.15)
2025-08-26T09:25:18.3038344Z   Using cached aiosignal-1.4.0-py3-none-any.whl.metadata (3.7 kB)
2025-08-26T09:25:18.3170040Z Collecting attrs>=17.3.0 (from aiohttp->keepa==1.3.15)
2025-08-26T09:25:18.3183465Z   Using cached attrs-25.3.0-py3-none-any.whl.metadata (10 kB)
2025-08-26T09:25:18.3806014Z Collecting frozenlist>=1.1.1 (from aiohttp->keepa==1.3.15)
2025-08-26T09:25:18.3820380Z   Using cached frozenlist-1.7.0-cp311-cp311-manylinux_2_5_x86_64.manylinux1_x86_64.manylinux_2_17_x86_64.manylinux2014_x86_64.whl.metadata (18 kB)
2025-08-26T09:25:18.5918350Z Collecting multidict<7.0,>=4.5 (from aiohttp->keepa==1.3.15)
2025-08-26T09:25:18.5934210Z   Using cached multidict-6.6.4-cp311-cp311-manylinux2014_x86_64.manylinux_2_17_x86_64.manylinux_2_28_x86_64.whl.metadata (5.3 kB)
2025-08-26T09:25:18.6327266Z Collecting propcache>=0.2.0 (from aiohttp->keepa==1.3.15)
2025-08-26T09:25:18.6341797Z   Using cached propcache-0.3.2-cp311-cp311-manylinux_2_17_x86_64.manylinux2014_x86_64.whl.metadata (12 kB)
2025-08-26T09:25:18.8809439Z Collecting yarl<2.0,>=1.17.0 (from aiohttp->keepa==1.3.15)
2025-08-26T09:25:18.8824959Z   Using cached yarl-1.20.1-cp311-cp311-manylinux_2_17_x86_64.manylinux2014_x86_64.whl.metadata (73 kB)
2025-08-26T09:25:18.9022619Z Requirement already satisfied: typing-extensions>=4.2 in /opt/hostedtoolcache/Python/3.11.13/x64/lib/python3.11/site-packages (from aiosignal>=1.4.0->aiohttp->keepa==1.3.15) (4.15.0)
2025-08-26T09:25:18.9066888Z Requirement already satisfied: annotated-types>=0.6.0 in /opt/hostedtoolcache/Python/3.11.13/x64/lib/python3.11/site-packages (from pydantic->keepa==1.3.15) (0.7.0)
2025-08-26T09:25:18.9072983Z Requirement already satisfied: pydantic-core==2.33.2 in /opt/hostedtoolcache/Python/3.11.13/x64/lib/python3.11/site-packages (from pydantic->keepa==1.3.15) (2.33.2)
2025-08-26T09:25:18.9080132Z Requirement already satisfied: typing-inspection>=0.4.0 in /opt/hostedtoolcache/Python/3.11.13/x64/lib/python3.11/site-packages (from pydantic->keepa==1.3.15) (0.4.1)
2025-08-26T09:25:18.9137118Z Using cached keepa-1.3.15-py3-none-any.whl (38 kB)
2025-08-26T09:25:18.9150344Z Using cached minio-7.1.15-py3-none-any.whl (77 kB)
2025-08-26T09:25:18.9164535Z Using cached aiohttp-3.12.15-cp311-cp311-manylinux_2_17_x86_64.manylinux2014_x86_64.whl (1.7 MB)
2025-08-26T09:25:18.9190800Z Using cached multidict-6.6.4-cp311-cp311-manylinux2014_x86_64.manylinux_2_17_x86_64.manylinux_2_28_x86_64.whl (246 kB)
2025-08-26T09:25:18.9205415Z Using cached yarl-1.20.1-cp311-cp311-manylinux_2_17_x86_64.manylinux2014_x86_64.whl (348 kB)
2025-08-26T09:25:18.9221023Z Using cached aiohappyeyeballs-2.6.1-py3-none-any.whl (15 kB)
2025-08-26T09:25:18.9234139Z Using cached aiosignal-1.4.0-py3-none-any.whl (7.5 kB)
2025-08-26T09:25:18.9247146Z Using cached attrs-25.3.0-py3-none-any.whl (63 kB)
2025-08-26T09:25:18.9261309Z Using cached frozenlist-1.7.0-cp311-cp311-manylinux_2_5_x86_64.manylinux1_x86_64.manylinux_2_17_x86_64.manylinux2014_x86_64.whl (235 kB)
2025-08-26T09:25:18.9276157Z Using cached propcache-0.3.2-cp311-cp311-manylinux_2_17_x86_64.manylinux2014_x86_64.whl (213 kB)
2025-08-26T09:25:18.9290262Z Using cached tqdm-4.67.1-py3-none-any.whl (78 kB)
2025-08-26T09:25:19.0783882Z Installing collected packages: tqdm, propcache, multidict, minio, frozenlist, attrs, aiohappyeyeballs, yarl, aiosignal, aiohttp, keepa
2025-08-26T09:25:19.1439757Z   Attempting uninstall: minio
2025-08-26T09:25:19.1471110Z     Found existing installation: minio 7.2.16
2025-08-26T09:25:19.1504886Z     Uninstalling minio-7.2.16:
2025-08-26T09:25:19.1514923Z       Successfully uninstalled minio-7.2.16
2025-08-26T09:25:19.4716353Z 
2025-08-26T09:25:19.4771296Z Successfully installed aiohappyeyeballs-2.6.1 aiohttp-3.12.15 aiosignal-1.4.0 attrs-25.3.0 frozenlist-1.7.0 keepa-1.3.15 minio-7.1.15 multidict-6.6.4 propcache-0.3.2 tqdm-4.67.1 yarl-1.20.1
2025-08-26T09:25:19.6576107Z ##[group]Run sudo apt-get update
2025-08-26T09:25:19.6576425Z [36;1msudo apt-get update[0m
2025-08-26T09:25:19.6576690Z [36;1msudo apt-get install -y postgresql[0m
2025-08-26T09:25:19.6577206Z [36;1mecho "/usr/lib/postgresql/$(pg_config --version | cut -d' ' -f2 | cut -d'.' -f1,2)/bin" >> $GITHUB_PATH[0m
2025-08-26T09:25:19.6617119Z shell: /usr/bin/bash -e {0}
2025-08-26T09:25:19.6617372Z env:
2025-08-26T09:25:19.6617551Z   PG_USER: postgres
2025-08-26T09:25:19.6617751Z   PG_PASSWORD: pass
2025-08-26T09:25:19.6617939Z   PG_DATABASE: awa
2025-08-26T09:25:19.6618126Z   PG_HOST: localhost
2025-08-26T09:25:19.6618316Z   PG_PORT: 5432
2025-08-26T09:25:19.6618890Z   PG_SYNC_DSN: ***localhost:5432/awa
2025-08-26T09:25:19.6619306Z   PG_ASYNC_DSN: ***localhost:5432/awa
2025-08-26T09:25:19.6619697Z   DATABASE_URL: ***localhost:5432/awa
2025-08-26T09:25:19.6619947Z   DATA_DIR: /tmp/awa-data
2025-08-26T09:25:19.6620154Z   ENABLE_LIVE: 0
2025-08-26T09:25:19.6620333Z   TESTING: 1
2025-08-26T09:25:19.6620601Z   pythonLocation: /opt/hostedtoolcache/Python/3.11.13/x64
2025-08-26T09:25:19.6621002Z   PKG_CONFIG_PATH: /opt/hostedtoolcache/Python/3.11.13/x64/lib/pkgconfig
2025-08-26T09:25:19.6621392Z   Python_ROOT_DIR: /opt/hostedtoolcache/Python/3.11.13/x64
2025-08-26T09:25:19.6621754Z   Python2_ROOT_DIR: /opt/hostedtoolcache/Python/3.11.13/x64
2025-08-26T09:25:19.6622295Z   Python3_ROOT_DIR: /opt/hostedtoolcache/Python/3.11.13/x64
2025-08-26T09:25:19.6622652Z   LD_LIBRARY_PATH: /opt/hostedtoolcache/Python/3.11.13/x64/lib
2025-08-26T09:25:19.6622947Z ##[endgroup]
2025-08-26T09:25:19.7427868Z Get:1 file:/etc/apt/apt-mirrors.txt Mirrorlist [144 B]
2025-08-26T09:25:19.7676464Z Hit:2 http://azure.archive.ubuntu.com/ubuntu noble InRelease
2025-08-26T09:25:19.7687442Z Get:3 http://azure.archive.ubuntu.com/ubuntu noble-updates InRelease [126 kB]
2025-08-26T09:25:19.7723161Z Get:4 http://azure.archive.ubuntu.com/ubuntu noble-backports InRelease [126 kB]
2025-08-26T09:25:19.7750852Z Get:5 http://azure.archive.ubuntu.com/ubuntu noble-security InRelease [126 kB]
2025-08-26T09:25:19.7767812Z Hit:6 https://packages.microsoft.com/repos/azure-cli noble InRelease
2025-08-26T09:25:19.7893644Z Get:7 https://packages.microsoft.com/ubuntu/24.04/prod noble InRelease [3600 B]
2025-08-26T09:25:19.8792646Z Get:8 http://azure.archive.ubuntu.com/ubuntu noble-updates/main amd64 Packages [1352 kB]
2025-08-26T09:25:19.8957774Z Get:9 http://azure.archive.ubuntu.com/ubuntu noble-updates/main Translation-en [269 kB]
2025-08-26T09:25:19.8983237Z Get:10 http://azure.archive.ubuntu.com/ubuntu noble-updates/main amd64 Components [175 kB]
2025-08-26T09:25:19.9030221Z Get:11 http://azure.archive.ubuntu.com/ubuntu noble-updates/universe amd64 Packages [1124 kB]
2025-08-26T09:25:19.9097319Z Get:12 http://azure.archive.ubuntu.com/ubuntu noble-updates/universe Translation-en [288 kB]
2025-08-26T09:25:19.9128447Z Get:13 http://azure.archive.ubuntu.com/ubuntu noble-updates/universe amd64 Components [377 kB]
2025-08-26T09:25:19.9161717Z Get:14 http://azure.archive.ubuntu.com/ubuntu noble-updates/restricted amd64 Packages [1731 kB]
2025-08-26T09:25:19.9263883Z Get:15 http://azure.archive.ubuntu.com/ubuntu noble-updates/restricted Translation-en [384 kB]
2025-08-26T09:25:19.9287229Z Get:16 http://azure.archive.ubuntu.com/ubuntu noble-updates/restricted amd64 Components [212 B]
2025-08-26T09:25:19.9298845Z Get:17 http://azure.archive.ubuntu.com/ubuntu noble-updates/multiverse amd64 Components [940 B]
2025-08-26T09:25:19.9841380Z Get:18 http://azure.archive.ubuntu.com/ubuntu noble-backports/main amd64 Components [7088 B]
2025-08-26T09:25:19.9910505Z Get:19 http://azure.archive.ubuntu.com/ubuntu noble-backports/universe amd64 Components [19.2 kB]
2025-08-26T09:25:19.9914850Z Get:20 http://azure.archive.ubuntu.com/ubuntu noble-backports/restricted amd64 Components [216 B]
2025-08-26T09:25:19.9916500Z Get:21 http://azure.archive.ubuntu.com/ubuntu noble-backports/multiverse amd64 Components [212 B]
2025-08-26T09:25:19.9931502Z Get:22 http://azure.archive.ubuntu.com/ubuntu noble-security/main amd64 Packages [1083 kB]
2025-08-26T09:25:20.0006042Z Get:23 http://azure.archive.ubuntu.com/ubuntu noble-security/main Translation-en [187 kB]
2025-08-26T09:25:20.0025157Z Get:24 http://azure.archive.ubuntu.com/ubuntu noble-security/main amd64 Components [21.5 kB]
2025-08-26T09:25:20.0040918Z Get:25 http://azure.archive.ubuntu.com/ubuntu noble-security/universe amd64 Packages [881 kB]
2025-08-26T09:25:20.0093933Z Get:26 http://azure.archive.ubuntu.com/ubuntu noble-security/universe Translation-en [195 kB]
2025-08-26T09:25:20.0124692Z Get:27 http://azure.archive.ubuntu.com/ubuntu noble-security/universe amd64 Components [52.3 kB]
2025-08-26T09:25:20.0133508Z Get:28 http://azure.archive.ubuntu.com/ubuntu noble-security/restricted amd64 Packages [1631 kB]
2025-08-26T09:25:20.0227695Z Get:29 http://azure.archive.ubuntu.com/ubuntu noble-security/restricted Translation-en [361 kB]
2025-08-26T09:25:20.0258113Z Get:30 http://azure.archive.ubuntu.com/ubuntu noble-security/restricted amd64 Components [212 B]
2025-08-26T09:25:20.0270760Z Get:31 http://azure.archive.ubuntu.com/ubuntu noble-security/multiverse amd64 Components [208 B]
2025-08-26T09:25:20.1236028Z Get:32 https://packages.microsoft.com/ubuntu/24.04/prod noble/main amd64 Packages [49.3 kB]
2025-08-26T09:25:20.1489698Z Get:33 https://packages.microsoft.com/ubuntu/24.04/prod noble/main arm64 Packages [33.3 kB]
2025-08-26T09:25:20.1639617Z Get:34 https://packages.microsoft.com/ubuntu/24.04/prod noble/main armhf Packages [9870 B]
2025-08-26T09:25:27.2506211Z Fetched 10.6 MB in 1s (8743 kB/s)
2025-08-26T09:25:27.9249577Z Reading package lists...
2025-08-26T09:25:27.9566017Z Reading package lists...
2025-08-26T09:25:28.1026803Z Building dependency tree...
2025-08-26T09:25:28.1034323Z Reading state information...
2025-08-26T09:25:28.2517568Z Suggested packages:
2025-08-26T09:25:28.2517845Z   postgresql-doc
2025-08-26T09:25:28.2736602Z The following NEW packages will be installed:
2025-08-26T09:25:28.2737517Z   postgresql
2025-08-26T09:25:28.2935573Z 0 upgraded, 1 newly installed, 0 to remove and 27 not upgraded.
2025-08-26T09:25:28.2936193Z Need to get 11.6 kB of archives.
2025-08-26T09:25:28.2936539Z After this operation, 17.4 kB of additional disk space will be used.
2025-08-26T09:25:28.2937204Z Get:1 file:/etc/apt/apt-mirrors.txt Mirrorlist [144 B]
2025-08-26T09:25:28.3923383Z Get:2 http://azure.archive.ubuntu.com/ubuntu noble-updates/main amd64 postgresql all 16+257build1.1 [11.6 kB]
2025-08-26T09:25:28.6366014Z Fetched 11.6 kB in 0s (105 kB/s)
2025-08-26T09:25:28.6590281Z Selecting previously unselected package postgresql.
2025-08-26T09:25:28.6781782Z (Reading database ... 
2025-08-26T09:25:28.6782074Z (Reading database ... 5%
2025-08-26T09:25:28.6782306Z (Reading database ... 10%
2025-08-26T09:25:28.6782538Z (Reading database ... 15%
2025-08-26T09:25:28.6782746Z (Reading database ... 20%
2025-08-26T09:25:28.6782962Z (Reading database ... 25%
2025-08-26T09:25:28.6783156Z (Reading database ... 30%
2025-08-26T09:25:28.6783387Z (Reading database ... 35%
2025-08-26T09:25:28.6783589Z (Reading database ... 40%
2025-08-26T09:25:28.6783805Z (Reading database ... 45%
2025-08-26T09:25:28.6784009Z (Reading database ... 50%
2025-08-26T09:25:28.6898141Z (Reading database ... 55%
2025-08-26T09:25:28.7146488Z (Reading database ... 60%
2025-08-26T09:25:28.7313084Z (Reading database ... 65%
2025-08-26T09:25:28.7479063Z (Reading database ... 70%
2025-08-26T09:25:28.7647662Z (Reading database ... 75%
2025-08-26T09:25:28.7881192Z (Reading database ... 80%
2025-08-26T09:25:28.8273121Z (Reading database ... 85%
2025-08-26T09:25:28.8694820Z (Reading database ... 90%
2025-08-26T09:25:28.9176426Z (Reading database ... 95%
2025-08-26T09:25:28.9176852Z (Reading database ... 100%
2025-08-26T09:25:28.9177376Z (Reading database ... 219830 files and directories currently installed.)
2025-08-26T09:25:28.9216210Z Preparing to unpack .../postgresql_16+257build1.1_all.deb ...
2025-08-26T09:25:28.9236721Z Unpacking postgresql (16+257build1.1) ...
2025-08-26T09:25:28.9589813Z Setting up postgresql (16+257build1.1) ...
2025-08-26T09:25:29.5548787Z 
2025-08-26T09:25:29.5549299Z Running kernel seems to be up-to-date.
2025-08-26T09:25:29.5549767Z 
2025-08-26T09:25:29.5549932Z Restarting services...
2025-08-26T09:25:29.5618086Z 
2025-08-26T09:25:29.5618399Z Service restarts being deferred:
2025-08-26T09:25:29.5619855Z  systemctl restart hosted-compute-agent.service
2025-08-26T09:25:29.5620256Z 
2025-08-26T09:25:29.5620425Z No containers need to be restarted.
2025-08-26T09:25:29.5620703Z 
2025-08-26T09:25:29.5621000Z No user sessions are running outdated binaries.
2025-08-26T09:25:29.5621319Z 
2025-08-26T09:25:29.5621592Z No VM guests are running outdated hypervisor (qemu) binaries on this host.
2025-08-26T09:25:30.3799230Z ##[group]Run pytest tests/migrations/test_migration_roundtrip.py -q -m integration --cov=services --cov-append --cov-fail-under=0 -o addopts=''
2025-08-26T09:25:30.3800197Z [36;1mpytest tests/migrations/test_migration_roundtrip.py -q -m integration --cov=services --cov-append --cov-fail-under=0 -o addopts=''[0m
2025-08-26T09:25:30.3840382Z shell: /usr/bin/bash -e {0}
2025-08-26T09:25:30.3840611Z env:
2025-08-26T09:25:30.3840783Z   PG_USER: postgres
2025-08-26T09:25:30.3840982Z   PG_PASSWORD: pass
2025-08-26T09:25:30.3841171Z   PG_DATABASE: awa
2025-08-26T09:25:30.3841360Z   PG_HOST: localhost
2025-08-26T09:25:30.3841548Z   PG_PORT: 5432
2025-08-26T09:25:30.3842179Z   PG_SYNC_DSN: ***localhost:5432/awa
2025-08-26T09:25:30.3842584Z   PG_ASYNC_DSN: ***localhost:5432/awa
2025-08-26T09:25:30.3842975Z   DATABASE_URL: ***localhost:5432/awa
2025-08-26T09:25:30.3843206Z   DATA_DIR: /tmp/awa-data
2025-08-26T09:25:30.3843414Z   ENABLE_LIVE: 0
2025-08-26T09:25:30.3843591Z   TESTING: 1
2025-08-26T09:25:30.3843859Z   pythonLocation: /opt/hostedtoolcache/Python/3.11.13/x64
2025-08-26T09:25:30.3844255Z   PKG_CONFIG_PATH: /opt/hostedtoolcache/Python/3.11.13/x64/lib/pkgconfig
2025-08-26T09:25:30.3844635Z   Python_ROOT_DIR: /opt/hostedtoolcache/Python/3.11.13/x64
2025-08-26T09:25:30.3844983Z   Python2_ROOT_DIR: /opt/hostedtoolcache/Python/3.11.13/x64
2025-08-26T09:25:30.3845330Z   Python3_ROOT_DIR: /opt/hostedtoolcache/Python/3.11.13/x64
2025-08-26T09:25:30.3845683Z   LD_LIBRARY_PATH: /opt/hostedtoolcache/Python/3.11.13/x64/lib
2025-08-26T09:25:30.3845974Z ##[endgroup]
2025-08-26T09:25:31.9540144Z s                                                                        [100%]
2025-08-26T09:25:31.9540876Z ================================ tests coverage ================================
2025-08-26T09:25:31.9541550Z _______________ coverage: platform linux, python 3.11.13-final-0 _______________
2025-08-26T09:25:31.9541980Z 
2025-08-26T09:25:31.9542177Z Name                                                       Stmts   Miss  Cover
2025-08-26T09:25:31.9542717Z ------------------------------------------------------------------------------
2025-08-26T09:25:31.9543295Z services/__init__.py                                           0      0   100%
2025-08-26T09:25:31.9543917Z services/alert_bot/__init__.py                                 0      0   100%
2025-08-26T09:25:31.9544595Z services/alert_bot/alert_bot.py                               22     22     0%
2025-08-26T09:25:31.9545276Z services/alert_bot/rules/__init__.py                          63     63     0%
2025-08-26T09:25:31.9545902Z services/api/__init__.py                                       0      0   100%
2025-08-26T09:25:31.9546528Z services/api/config.py                                        24     24     0%
2025-08-26T09:25:31.9547097Z services/api/db.py                                            16     16     0%
2025-08-26T09:25:31.9547690Z services/api/errors.py                                        39     39     0%
2025-08-26T09:25:31.9548329Z services/api/logging_config.py                                15     15     0%
2025-08-26T09:25:31.9549220Z services/api/main.py                                         143    143     0%
2025-08-26T09:25:31.9549833Z services/api/models/__init__.py                                0      0   100%
2025-08-26T09:25:31.9550462Z services/api/models/fee.py                                    11     11     0%
2025-08-26T09:25:31.9551120Z services/api/roi_repository.py                                21     21     0%
2025-08-26T09:25:31.9551772Z services/api/routes/__init__.py                                0      0   100%
2025-08-26T09:25:31.9552434Z services/api/routes/health.py                                 19     19     0%
2025-08-26T09:25:31.9553137Z services/api/routes/repository.py                             16     16     0%
2025-08-26T09:25:31.9553827Z services/api/routes/roi.py                                    77     77     0%
2025-08-26T09:25:31.9554779Z services/api/routes/score.py                                  56     56     0%
2025-08-26T09:25:31.9555473Z services/api/routes/stats.py                                  49     49     0%
2025-08-26T09:25:31.9556123Z services/api/security.py                                      10     10     0%
2025-08-26T09:25:31.9556752Z services/api/sentry_config.py                                 65     65     0%
2025-08-26T09:25:31.9557386Z services/common/__init__.py                                    4      0   100%
2025-08-26T09:25:31.9558002Z services/common/base.py                                        3      0   100%
2025-08-26T09:25:31.9558797Z services/common/config.py                                      4      4     0%
2025-08-26T09:25:31.9559625Z services/common/db.py                                         34     34     0%
2025-08-26T09:25:31.9560209Z services/common/db_url.py                                      4      4     0%
2025-08-26T09:25:31.9560796Z services/common/dsn.py                                        49     37    24%
2025-08-26T09:25:31.9561409Z services/common/keepa.py                                       7      4    43%
2025-08-26T09:25:31.9562015Z services/common/llm.py                                        65     65     0%
2025-08-26T09:25:31.9562640Z services/common/models_vendor.py                              24      0   100%
2025-08-26T09:25:31.9563311Z services/common/settings.py                                   20     20     0%
2025-08-26T09:25:31.9563933Z services/db/__init__.py                                        0      0   100%
2025-08-26T09:25:31.9564537Z services/db/utils/__init__.py                                  0      0   100%
2025-08-26T09:25:31.9565150Z services/db/utils/views.py                                     5      5     0%
2025-08-26T09:25:31.9565798Z services/emailer/__init__.py                                   4      4     0%
2025-08-26T09:25:31.9566472Z services/emailer/generate_body.py                              3      3     0%
2025-08-26T09:25:31.9567271Z services/etl/__init__.py                                       9      9     0%
2025-08-26T09:25:31.9567839Z services/etl/db.py                                             2      2     0%
2025-08-26T09:25:31.9568439Z services/etl/dialects/__init__.py                              9      9     0%
2025-08-26T09:25:31.9569364Z services/etl/dialects/amazon_ads_sp_cost.py                   31     31     0%
2025-08-26T09:25:31.9570108Z services/etl/dialects/amazon_fee_preview.py                   30     30     0%
2025-08-26T09:25:31.9570914Z services/etl/dialects/amazon_inventory_ledger.py              28     28     0%
2025-08-26T09:25:31.9571662Z services/etl/dialects/amazon_reimbursements.py                16     16     0%
2025-08-26T09:25:31.9572425Z services/etl/dialects/amazon_returns.py                       16     16     0%
2025-08-26T09:25:31.9573157Z services/etl/dialects/amazon_settlements.py                   27     27     0%
2025-08-26T09:25:31.9573890Z services/etl/dialects/schemas.py                              25     25     0%
2025-08-26T09:25:31.9574606Z services/etl/dialects/test_generic.py                         15     15     0%
2025-08-26T09:25:31.9575312Z services/etl/fba_fee_ingestor.py                              33     33     0%
2025-08-26T09:25:31.9575985Z services/etl/healthcheck.py                                   42     42     0%
2025-08-26T09:25:31.9576655Z services/etl/keepa_ingestor.py                                47     47     0%
2025-08-26T09:25:31.9577331Z services/etl/sp_fees_ingestor.py                              39     39     0%
2025-08-26T09:25:31.9577965Z services/fees_h10/__init__.py                                  0      0   100%
2025-08-26T09:25:31.9578727Z services/fees_h10/client.py                                   12     12     0%
2025-08-26T09:25:31.9579387Z services/fees_h10/repository.py                               39     39     0%
2025-08-26T09:25:31.9580032Z services/fees_h10/worker.py                                   47     47     0%
2025-08-26T09:25:31.9580866Z services/ingest/__init__.py                                    0      0   100%
2025-08-26T09:25:31.9581527Z services/ingest/celery_app.py                                 32     32     0%
2025-08-26T09:25:31.9582185Z services/ingest/copy_loader.py                                57     57     0%
2025-08-26T09:25:31.9582858Z services/ingest/email_watcher.py                              50     50     0%
2025-08-26T09:25:31.9583551Z services/ingest/healthcheck.py                                50     50     0%
2025-08-26T09:25:31.9584237Z services/ingest/ingest_router.py                               8      8     0%
2025-08-26T09:25:31.9584925Z services/ingest/maintenance.py                                31     31     0%
2025-08-26T09:25:31.9585768Z services/ingest/tasks.py                                      56     56     0%
2025-08-26T09:25:31.9586425Z services/ingest/upload_router.py                              22     22     0%
2025-08-26T09:25:31.9587088Z services/llm_server/__init__.py                                0      0   100%
2025-08-26T09:25:31.9587711Z services/llm_server/app.py                                    22     22     0%
2025-08-26T09:25:31.9588353Z services/logistics_etl/__init__.py                             0      0   100%
2025-08-26T09:25:31.9589163Z services/logistics_etl/__main__.py                             7      7     0%
2025-08-26T09:25:31.9589828Z services/logistics_etl/client.py                              20     20     0%
2025-08-26T09:25:31.9590497Z services/logistics_etl/cron.py                                11     11     0%
2025-08-26T09:25:31.9591172Z services/logistics_etl/db.py                                  13     13     0%
2025-08-26T09:25:31.9591846Z services/logistics_etl/dsn.py                                 33     33     0%
2025-08-26T09:25:31.9592521Z services/logistics_etl/flow.py                                14     14     0%
2025-08-26T09:25:31.9593231Z services/logistics_etl/repository.py                          50     50     0%
2025-08-26T09:25:31.9593943Z services/price_importer/__init__.py                            1      1     0%
2025-08-26T09:25:31.9594657Z services/price_importer/common/__init__.py                     2      2     0%
2025-08-26T09:25:31.9595378Z services/price_importer/common/base.py                         2      2     0%
2025-08-26T09:25:31.9596106Z services/price_importer/common/db_url.py                       6      6     0%
2025-08-26T09:25:31.9596843Z services/price_importer/common/models_vendor.py               22     22     0%
2025-08-26T09:25:31.9597527Z services/price_importer/import.py                             21     21     0%
2025-08-26T09:25:31.9598239Z services/price_importer/normaliser.py                         20     20     0%
2025-08-26T09:25:31.9599101Z services/price_importer/reader.py                             30     30     0%
2025-08-26T09:25:31.9599799Z services/price_importer/repository.py                         38     38     0%
2025-08-26T09:25:31.9600499Z services/price_importer/services_common/__init__.py            4      4     0%
2025-08-26T09:25:31.9601223Z services/price_importer/services_common/base.py                3      3     0%
2025-08-26T09:25:31.9601936Z services/price_importer/services_common/db.py                 34     34     0%
2025-08-26T09:25:31.9602644Z services/price_importer/services_common/db_url.py              4      4     0%
2025-08-26T09:25:31.9603373Z services/price_importer/services_common/dsn.py                27     27     0%
2025-08-26T09:25:31.9604086Z services/price_importer/services_common/keepa.py               7      7     0%
2025-08-26T09:25:31.9604789Z services/price_importer/services_common/llm.py                36     36     0%
2025-08-26T09:25:31.9605502Z services/price_importer/services_common/models_vendor.py      22     22     0%
2025-08-26T09:25:31.9606240Z services/price_importer/services_common/settings.py           19     19     0%
2025-08-26T09:25:31.9606897Z services/repricer/__init__.py                                  0      0   100%
2025-08-26T09:25:31.9607717Z services/repricer/app/__init__.py                              0      0   100%
2025-08-26T09:25:31.9608391Z services/repricer/app/deps.py                                  0      0   100%
2025-08-26T09:25:31.9609206Z services/repricer/app/logic.py                                 5      5     0%
2025-08-26T09:25:31.9609851Z services/repricer/app/main.py                                 20     20     0%
2025-08-26T09:25:31.9610519Z services/repricer/app/schemas.py                              10     10     0%
2025-08-26T09:25:31.9611109Z ------------------------------------------------------------------------------
2025-08-26T09:25:31.9611590Z TOTAL                                                       2148   2102     2%
2025-08-26T09:25:32.0731133Z 1 skipped in 0.41s
2025-08-26T09:25:32.2032801Z ##[group]Run actions/upload-artifact@v4
2025-08-26T09:25:32.2033083Z with:
2025-08-26T09:25:32.2033276Z   name: coverage.integration
2025-08-26T09:25:32.2033494Z   path: .coverage
2025-08-26T09:25:32.2033700Z   if-no-files-found: warn
2025-08-26T09:25:32.2033913Z   compression-level: 6
2025-08-26T09:25:32.2034109Z   overwrite: false
2025-08-26T09:25:32.2034304Z   include-hidden-files: false
2025-08-26T09:25:32.2034516Z env:
2025-08-26T09:25:32.2034674Z   PG_USER: postgres
2025-08-26T09:25:32.2034864Z   PG_PASSWORD: pass
2025-08-26T09:25:32.2035047Z   PG_DATABASE: awa
2025-08-26T09:25:32.2035228Z   PG_HOST: localhost
2025-08-26T09:25:32.2035414Z   PG_PORT: 5432
2025-08-26T09:25:32.2035847Z   PG_SYNC_DSN: ***localhost:5432/awa
2025-08-26T09:25:32.2036276Z   PG_ASYNC_DSN: ***localhost:5432/awa
2025-08-26T09:25:32.2036671Z   DATABASE_URL: ***localhost:5432/awa
2025-08-26T09:25:32.2036906Z   DATA_DIR: /tmp/awa-data
2025-08-26T09:25:32.2037127Z   ENABLE_LIVE: 0
2025-08-26T09:25:32.2037331Z   TESTING: 1
2025-08-26T09:25:32.2037572Z   pythonLocation: /opt/hostedtoolcache/Python/3.11.13/x64
2025-08-26T09:25:32.2037959Z   PKG_CONFIG_PATH: /opt/hostedtoolcache/Python/3.11.13/x64/lib/pkgconfig
2025-08-26T09:25:32.2038338Z   Python_ROOT_DIR: /opt/hostedtoolcache/Python/3.11.13/x64
2025-08-26T09:25:32.2039045Z   Python2_ROOT_DIR: /opt/hostedtoolcache/Python/3.11.13/x64
2025-08-26T09:25:32.2039411Z   Python3_ROOT_DIR: /opt/hostedtoolcache/Python/3.11.13/x64
2025-08-26T09:25:32.2039753Z   LD_LIBRARY_PATH: /opt/hostedtoolcache/Python/3.11.13/x64/lib
2025-08-26T09:25:32.2040049Z ##[endgroup]
2025-08-26T09:25:32.4138012Z ##[warning]No files were found with the provided path: .coverage. No artifacts will be uploaded.
2025-08-26T09:25:32.4722061Z Post job cleanup.
2025-08-26T09:25:32.5976540Z Cache hit occurred on the primary key Linux-int-cc13ccef493b9f3a93ad5651164d9fb09282c1111f6f72ce20e0657de16de6b4, not saving cache.
2025-08-26T09:25:32.6061357Z Post job cleanup.
2025-08-26T09:25:32.7578255Z Cache hit occurred on the primary key setup-python-Linux-x64-24.04-Ubuntu-python-3.11.13-pip-cc13ccef493b9f3a93ad5651164d9fb09282c1111f6f72ce20e0657de16de6b4, not saving cache.
2025-08-26T09:25:32.7672767Z Post job cleanup.
2025-08-26T09:25:32.8440201Z [command]/usr/bin/git version
2025-08-26T09:25:32.8474554Z git version 2.51.0
2025-08-26T09:25:32.8543777Z Temporarily overriding HOME='/home/runner/work/_temp/cfee759a-d458-40c7-80b1-2d8307ec43e6' before making global git config changes
2025-08-26T09:25:32.8544726Z Adding repository directory to the temporary git global config as a safe directory
2025-08-26T09:25:32.8549726Z [command]/usr/bin/git config --global --add safe.directory /home/runner/work/AWA-App/AWA-App
2025-08-26T09:25:32.8585149Z [command]/usr/bin/git config --local --name-only --get-regexp core\.sshCommand
2025-08-26T09:25:32.8617856Z [command]/usr/bin/git submodule foreach --recursive sh -c "git config --local --name-only --get-regexp 'core\.sshCommand' && git config --local --unset-all 'core.sshCommand' || :"
2025-08-26T09:25:32.8839200Z [command]/usr/bin/git config --local --name-only --get-regexp http\.https\:\/\/github\.com\/\.extraheader
2025-08-26T09:25:32.8861013Z http.https://github.com/.extraheader
2025-08-26T09:25:32.8870740Z [command]/usr/bin/git config --local --unset-all http.https://github.com/.extraheader
2025-08-26T09:25:32.8902114Z [command]/usr/bin/git submodule foreach --recursive sh -c "git config --local --name-only --get-regexp 'http\.https\:\/\/github\.com\/\.extraheader' && git config --local --unset-all 'http.https://github.com/.extraheader' || :"
2025-08-26T09:25:32.9210975Z Print service container logs: 65550a2a08004913baff9ec55e97a384_postgres15_5c2b73
2025-08-26T09:25:32.9215233Z ##[command]/usr/bin/docker logs --details 5842f5875028415f4db133c39946a8bc677f4b81e251f903ca88d5506732d8a4
2025-08-26T09:25:32.9331614Z  The files belonging to this database system will be owned by user "postgres".
2025-08-26T09:25:32.9333468Z  initdb: warning: enabling "trust" authentication for local connections
2025-08-26T09:25:32.9334155Z  initdb: hint: You can change this by editing pg_hba.conf or using the option -A, or --auth-local and --auth-host, the next time you run initdb.
2025-08-26T09:25:32.9335006Z  2025-08-26 09:24:34.860 UTC [1] LOG:  starting PostgreSQL 15.14 (Debian 15.14-1.pgdg13+1) on x86_64-pc-linux-gnu, compiled by gcc (Debian 14.2.0-19) 14.2.0, 64-bit
2025-08-26T09:25:32.9335653Z  2025-08-26 09:24:34.860 UTC [1] LOG:  listening on IPv4 address "0.0.0.0", port 5432
2025-08-26T09:25:32.9336115Z  2025-08-26 09:24:34.860 UTC [1] LOG:  listening on IPv6 address "::", port 5432
2025-08-26T09:25:32.9336584Z  2025-08-26 09:24:34.862 UTC [1] LOG:  listening on Unix socket "/var/run/postgresql/.s.PGSQL.5432"
2025-08-26T09:25:32.9337091Z  2025-08-26 09:24:34.864 UTC [64] LOG:  database system was shut down at 2025-08-26 09:24:34 UTC
2025-08-26T09:25:32.9337546Z  2025-08-26 09:24:34.868 UTC [1] LOG:  database system is ready to accept connections
2025-08-26T09:25:32.9337912Z  This user must also own the server process.
2025-08-26T09:25:32.9338166Z  
2025-08-26T09:25:32.9338424Z  The database cluster will be initialized with locale "en_US.utf8".
2025-08-26T09:25:32.9339073Z  The default database encoding has accordingly been set to "UTF8".
2025-08-26T09:25:32.9339466Z  The default text search configuration will be set to "english".
2025-08-26T09:25:32.9339757Z  
2025-08-26T09:25:32.9339934Z  Data page checksums are disabled.
2025-08-26T09:25:32.9340157Z  
2025-08-26T09:25:32.9340427Z  fixing permissions on existing directory /var/lib/postgresql/data ... ok
2025-08-26T09:25:32.9340793Z  creating subdirectories ... ok
2025-08-26T09:25:32.9341088Z  selecting dynamic shared memory implementation ... posix
2025-08-26T09:25:32.9341407Z  selecting default max_connections ... 100
2025-08-26T09:25:32.9341677Z  selecting default shared_buffers ... 128MB
2025-08-26T09:25:32.9341940Z  selecting default time zone ... Etc/UTC
2025-08-26T09:25:32.9342202Z  creating configuration files ... ok
2025-08-26T09:25:32.9342453Z  running bootstrap script ... ok
2025-08-26T09:25:32.9342726Z  performing post-bootstrap initialization ... ok
2025-08-26T09:25:32.9343035Z  syncing data to disk ... ok
2025-08-26T09:25:32.9343541Z  
2025-08-26T09:25:32.9343807Z  
2025-08-26T09:25:32.9344157Z  Success. You can now start the database server using:
2025-08-26T09:25:32.9344619Z  
2025-08-26T09:25:32.9344952Z      pg_ctl -D /var/lib/postgresql/data -l logfile start
2025-08-26T09:25:32.9345225Z  
2025-08-26T09:25:32.9345771Z  waiting for server to start....2025-08-26 09:24:34.556 UTC [48] LOG:  starting PostgreSQL 15.14 (Debian 15.14-1.pgdg13+1) on x86_64-pc-linux-gnu, compiled by gcc (Debian 14.2.0-19) 14.2.0, 64-bit
2025-08-26T09:25:32.9346519Z  2025-08-26 09:24:34.557 UTC [48] LOG:  listening on Unix socket "/var/run/postgresql/.s.PGSQL.5432"
2025-08-26T09:25:32.9347005Z  2025-08-26 09:24:34.560 UTC [51] LOG:  database system was shut down at 2025-08-26 09:24:34 UTC
2025-08-26T09:25:32.9347471Z  2025-08-26 09:24:34.564 UTC [48] LOG:  database system is ready to accept connections
2025-08-26T09:25:32.9347791Z   done
2025-08-26T09:25:32.9347949Z  server started
2025-08-26T09:25:32.9348130Z  CREATE DATABASE
2025-08-26T09:25:32.9348301Z  
2025-08-26T09:25:32.9348448Z  
2025-08-26T09:25:32.9348936Z  /usr/local/bin/docker-entrypoint.sh: ignoring /docker-entrypoint-initdb.d/*
2025-08-26T09:25:32.9349299Z  
2025-08-26T09:25:32.9349522Z  2025-08-26 09:24:34.741 UTC [48] LOG:  received fast shutdown request
2025-08-26T09:25:32.9350196Z  waiting for server to shut down....2025-08-26 09:24:34.742 UTC [48] LOG:  aborting any active transactions
2025-08-26T09:25:32.9350806Z  2025-08-26 09:24:34.744 UTC [48] LOG:  background worker "logical replication launcher" (PID 54) exited with exit code 1
2025-08-26T09:25:32.9351268Z  2025-08-26 09:24:34.744 UTC [49] LOG:  shutting down
2025-08-26T09:25:32.9351605Z  2025-08-26 09:24:34.744 UTC [49] LOG:  checkpoint starting: shutdown immediate
2025-08-26T09:25:32.9352541Z  2025-08-26 09:24:34.761 UTC [49] LOG:  checkpoint complete: wrote 922 buffers (5.6%); 0 WAL file(s) added, 0 removed, 0 recycled; write=0.014 s, sync=0.002 s, total=0.017 s; sync files=301, longest=0.001 s, average=0.001 s; distance=4239 kB, estimate=4239 kB
2025-08-26T09:25:32.9353335Z  2025-08-26 09:24:34.767 UTC [48] LOG:  database system is shut down
2025-08-26T09:25:32.9353620Z   done
2025-08-26T09:25:32.9353782Z  server stopped
2025-08-26T09:25:32.9353958Z  
2025-08-26T09:25:32.9354197Z  PostgreSQL init process complete; ready for start up.
2025-08-26T09:25:32.9354470Z  
2025-08-26T09:25:32.9359963Z Stop and remove container: 65550a2a08004913baff9ec55e97a384_postgres15_5c2b73
2025-08-26T09:25:32.9364164Z ##[command]/usr/bin/docker rm --force 5842f5875028415f4db133c39946a8bc677f4b81e251f903ca88d5506732d8a4
2025-08-26T09:25:34.4123048Z 5842f5875028415f4db133c39946a8bc677f4b81e251f903ca88d5506732d8a4
2025-08-26T09:25:34.4152862Z Remove container network: github_network_3bbdc4d6b7824c1d8ff4e61d6d0b4b44
2025-08-26T09:25:34.4157614Z ##[command]/usr/bin/docker network rm github_network_3bbdc4d6b7824c1d8ff4e61d6d0b4b44
2025-08-26T09:25:34.5475351Z github_network_3bbdc4d6b7824c1d8ff4e61d6d0b4b44
2025-08-26T09:25:34.5537131Z Cleaning up orphan processes
