2025-08-17T13:19:20.6020162Z Current runner version: '2.327.1'
2025-08-17T13:19:20.6043785Z ##[group]Runner Image Provisioner
2025-08-17T13:19:20.6044603Z Hosted Compute Agent
2025-08-17T13:19:20.6045170Z Version: 20250812.370
2025-08-17T13:19:20.6045729Z Commit: 4a2b2bf7520004e3e907c2150c8cabe342a3da32
2025-08-17T13:19:20.6046462Z Build Date: 2025-08-12T16:08:14Z
2025-08-17T13:19:20.6047593Z ##[endgroup]
2025-08-17T13:19:20.6048585Z ##[group]Operating System
2025-08-17T13:19:20.6049421Z Ubuntu
2025-08-17T13:19:20.6049899Z 24.04.2
2025-08-17T13:19:20.6050362Z LTS
2025-08-17T13:19:20.6051184Z ##[endgroup]
2025-08-17T13:19:20.6052042Z ##[group]Runner Image
2025-08-17T13:19:20.6052586Z Image: ubuntu-24.04
2025-08-17T13:19:20.6053072Z Version: 20250810.1.0
2025-08-17T13:19:20.6054154Z Included Software: https://github.com/actions/runner-images/blob/ubuntu24/20250810.1/images/ubuntu/Ubuntu2404-Readme.md
2025-08-17T13:19:20.6055761Z Image Release: https://github.com/actions/runner-images/releases/tag/ubuntu24%2F20250810.1
2025-08-17T13:19:20.6056781Z ##[endgroup]
2025-08-17T13:19:20.6059186Z ##[group]GITHUB_TOKEN Permissions
2025-08-17T13:19:20.6061625Z Actions: write
2025-08-17T13:19:20.6062343Z Attestations: write
2025-08-17T13:19:20.6062821Z Checks: write
2025-08-17T13:19:20.6063393Z Contents: write
2025-08-17T13:19:20.6063851Z Deployments: write
2025-08-17T13:19:20.6064350Z Discussions: write
2025-08-17T13:19:20.6064875Z Issues: write
2025-08-17T13:19:20.6065387Z Metadata: read
2025-08-17T13:19:20.6065866Z Models: read
2025-08-17T13:19:20.6066338Z Packages: write
2025-08-17T13:19:20.6066848Z Pages: write
2025-08-17T13:19:20.6067301Z PullRequests: write
2025-08-17T13:19:20.6067890Z RepositoryProjects: write
2025-08-17T13:19:20.6068422Z SecurityEvents: write
2025-08-17T13:19:20.6069031Z Statuses: write
2025-08-17T13:19:20.6069561Z ##[endgroup]
2025-08-17T13:19:20.6071554Z Secret source: Actions
2025-08-17T13:19:20.6072751Z Prepare workflow directory
2025-08-17T13:19:20.6500125Z Prepare all required actions
2025-08-17T13:19:20.6538234Z Getting action download info
2025-08-17T13:19:21.5894376Z Download action repository 'actions/checkout@v4' (SHA:08eba0b27e820071cde6df949e0beb9ba4906955)
2025-08-17T13:19:22.1239949Z Download action repository 'actions/setup-python@v5' (SHA:a26af69be951a213d495a4c3e4e4022e16d87065)
2025-08-17T13:19:22.3889718Z Download action repository 'actions/cache@v4' (SHA:0400d5f644dc74513175e3cd8d07132dd4860809)
2025-08-17T13:19:22.6858176Z Download action repository 'actions/upload-artifact@v4' (SHA:ea165f8d65b6e75b540449e92b4886f43607fa02)
2025-08-17T13:19:22.8916922Z Complete job name: integration-db
2025-08-17T13:19:22.9376094Z ##[group]Checking docker version
2025-08-17T13:19:22.9388302Z ##[command]/usr/bin/docker version --format '{{.Server.APIVersion}}'
2025-08-17T13:19:23.0048345Z '1.48'
2025-08-17T13:19:23.0060822Z Docker daemon API version: '1.48'
2025-08-17T13:19:23.0061300Z ##[command]/usr/bin/docker version --format '{{.Client.APIVersion}}'
2025-08-17T13:19:23.0210980Z '1.48'
2025-08-17T13:19:23.0224935Z Docker client API version: '1.48'
2025-08-17T13:19:23.0230551Z ##[endgroup]
2025-08-17T13:19:23.0233519Z ##[group]Clean up resources from previous jobs
2025-08-17T13:19:23.0238265Z ##[command]/usr/bin/docker ps --all --quiet --no-trunc --filter "label=b437a0"
2025-08-17T13:19:23.0368883Z ##[command]/usr/bin/docker network prune --force --filter "label=b437a0"
2025-08-17T13:19:23.0491915Z ##[endgroup]
2025-08-17T13:19:23.0492254Z ##[group]Create local container network
2025-08-17T13:19:23.0501966Z ##[command]/usr/bin/docker network create --label b437a0 github_network_fd8a068857074f1fa50d7d077ba4864f
2025-08-17T13:19:23.0984311Z efb6afdd2f12e2cf93cc5f4285f2dfaf148a52cdc128eb83687a1171f6d79c08
2025-08-17T13:19:23.1002305Z ##[endgroup]
2025-08-17T13:19:23.1025116Z ##[group]Starting postgres service container
2025-08-17T13:19:23.1044275Z ##[command]/usr/bin/docker pull postgres:15
2025-08-17T13:19:23.4595023Z 15: Pulling from library/postgres
2025-08-17T13:19:23.5230734Z 396b1da7636e: Pulling fs layer
2025-08-17T13:19:23.5231935Z fca2566eba32: Pulling fs layer
2025-08-17T13:19:23.5232318Z 631fe8c6d606: Pulling fs layer
2025-08-17T13:19:23.5232595Z 77c7671c4414: Pulling fs layer
2025-08-17T13:19:23.5233047Z 2d9e29180a27: Pulling fs layer
2025-08-17T13:19:23.5233544Z c6bcc2c9a041: Pulling fs layer
2025-08-17T13:19:23.5234035Z ac4b721eb66f: Pulling fs layer
2025-08-17T13:19:23.5234300Z 606bd164980e: Pulling fs layer
2025-08-17T13:19:23.5234563Z f5dfd246bc6e: Pulling fs layer
2025-08-17T13:19:23.5234929Z ba7036bb0a60: Pulling fs layer
2025-08-17T13:19:23.5235192Z 799f859abbbd: Pulling fs layer
2025-08-17T13:19:23.5235470Z d903e777080c: Pulling fs layer
2025-08-17T13:19:23.5235717Z 04adcb462801: Pulling fs layer
2025-08-17T13:19:23.5235964Z 5c10925b29ff: Pulling fs layer
2025-08-17T13:19:23.5236256Z ac4b721eb66f: Waiting
2025-08-17T13:19:23.5236484Z 606bd164980e: Waiting
2025-08-17T13:19:23.5236712Z f5dfd246bc6e: Waiting
2025-08-17T13:19:23.5236931Z 77c7671c4414: Waiting
2025-08-17T13:19:23.5237155Z 799f859abbbd: Waiting
2025-08-17T13:19:23.5237377Z d903e777080c: Waiting
2025-08-17T13:19:23.5237597Z 04adcb462801: Waiting
2025-08-17T13:19:23.5237813Z 5c10925b29ff: Waiting
2025-08-17T13:19:23.5238030Z c6bcc2c9a041: Waiting
2025-08-17T13:19:23.5238244Z ba7036bb0a60: Waiting
2025-08-17T13:19:23.5238453Z 2d9e29180a27: Waiting
2025-08-17T13:19:23.6237507Z fca2566eba32: Download complete
2025-08-17T13:19:23.6851516Z 631fe8c6d606: Verifying Checksum
2025-08-17T13:19:23.6852316Z 631fe8c6d606: Download complete
2025-08-17T13:19:23.7580257Z 77c7671c4414: Verifying Checksum
2025-08-17T13:19:23.7580832Z 77c7671c4414: Download complete
2025-08-17T13:19:23.8079399Z 396b1da7636e: Verifying Checksum
2025-08-17T13:19:23.8079969Z 396b1da7636e: Download complete
2025-08-17T13:19:23.8262158Z 2d9e29180a27: Verifying Checksum
2025-08-17T13:19:23.8263293Z 2d9e29180a27: Download complete
2025-08-17T13:19:23.8660554Z c6bcc2c9a041: Verifying Checksum
2025-08-17T13:19:23.8661082Z c6bcc2c9a041: Download complete
2025-08-17T13:19:23.8839540Z ac4b721eb66f: Verifying Checksum
2025-08-17T13:19:23.8841137Z ac4b721eb66f: Download complete
2025-08-17T13:19:23.9169041Z 606bd164980e: Verifying Checksum
2025-08-17T13:19:23.9169641Z 606bd164980e: Download complete
2025-08-17T13:19:23.9735728Z ba7036bb0a60: Verifying Checksum
2025-08-17T13:19:23.9738589Z ba7036bb0a60: Download complete
2025-08-17T13:19:24.0159025Z 799f859abbbd: Verifying Checksum
2025-08-17T13:19:24.0159586Z 799f859abbbd: Download complete
2025-08-17T13:19:24.0547285Z d903e777080c: Verifying Checksum
2025-08-17T13:19:24.0565070Z d903e777080c: Download complete
2025-08-17T13:19:24.1055383Z 04adcb462801: Verifying Checksum
2025-08-17T13:19:24.1057799Z 04adcb462801: Download complete
2025-08-17T13:19:24.1325225Z 5c10925b29ff: Download complete
2025-08-17T13:19:24.8652943Z 396b1da7636e: Pull complete
2025-08-17T13:19:25.0733829Z f5dfd246bc6e: Verifying Checksum
2025-08-17T13:19:25.0734190Z f5dfd246bc6e: Download complete
2025-08-17T13:19:25.1283409Z fca2566eba32: Pull complete
2025-08-17T13:19:25.3135603Z 631fe8c6d606: Pull complete
2025-08-17T13:19:25.3672955Z 77c7671c4414: Pull complete
2025-08-17T13:19:25.6729885Z 2d9e29180a27: Pull complete
2025-08-17T13:19:25.7893023Z c6bcc2c9a041: Pull complete
2025-08-17T13:19:25.8045398Z ac4b721eb66f: Pull complete
2025-08-17T13:19:25.8213417Z 606bd164980e: Pull complete
2025-08-17T13:19:28.7744290Z f5dfd246bc6e: Pull complete
2025-08-17T13:19:28.7950407Z ba7036bb0a60: Pull complete
2025-08-17T13:19:28.8063718Z 799f859abbbd: Pull complete
2025-08-17T13:19:28.8189886Z d903e777080c: Pull complete
2025-08-17T13:19:28.8304478Z 04adcb462801: Pull complete
2025-08-17T13:19:28.8524683Z 5c10925b29ff: Pull complete
2025-08-17T13:19:28.8582070Z Digest: sha256:bc51cf4f1fe02cce7ed2370b20128a9b00b4eb804573a77d2a0d877aaa9c82b1
2025-08-17T13:19:28.8617324Z Status: Downloaded newer image for postgres:15
2025-08-17T13:19:28.8627583Z docker.io/library/postgres:15
2025-08-17T13:19:28.8686721Z ##[command]/usr/bin/docker create --name 385a4da4a8c44e5292834fb71fd2a460_postgres15_f64aac --label b437a0 --network github_network_fd8a068857074f1fa50d7d077ba4864f --network-alias postgres -p 5432:5432 --health-cmd="pg_isready -U postgres -d awa" --health-interval=5s --health-timeout=5s --health-retries=10 -e "POSTGRES_USER=postgres" -e "POSTGRES_PASSWORD=pass" -e "POSTGRES_DB=awa" -e GITHUB_ACTIONS=true -e CI=true postgres:15
2025-08-17T13:19:28.8980637Z 92e2a979d23958bfbaa84d1e3f0c901b84a5c03b95c135ad47aa28f5b3eae6d4
2025-08-17T13:19:28.9002219Z ##[command]/usr/bin/docker start 92e2a979d23958bfbaa84d1e3f0c901b84a5c03b95c135ad47aa28f5b3eae6d4
2025-08-17T13:19:29.1932970Z 92e2a979d23958bfbaa84d1e3f0c901b84a5c03b95c135ad47aa28f5b3eae6d4
2025-08-17T13:19:29.1952544Z ##[command]/usr/bin/docker ps --all --filter id=92e2a979d23958bfbaa84d1e3f0c901b84a5c03b95c135ad47aa28f5b3eae6d4 --filter status=running --no-trunc --format "{{.ID}} {{.Status}}"
2025-08-17T13:19:29.2069526Z 92e2a979d23958bfbaa84d1e3f0c901b84a5c03b95c135ad47aa28f5b3eae6d4 Up Less than a second (health: starting)
2025-08-17T13:19:29.2088487Z ##[command]/usr/bin/docker port 92e2a979d23958bfbaa84d1e3f0c901b84a5c03b95c135ad47aa28f5b3eae6d4
2025-08-17T13:19:29.2214262Z 5432/tcp -> 0.0.0.0:5432
2025-08-17T13:19:29.2214784Z 5432/tcp -> [::]:5432
2025-08-17T13:19:29.2268217Z ##[endgroup]
2025-08-17T13:19:29.2279280Z ##[group]Waiting for all services to be ready
2025-08-17T13:19:29.2295926Z ##[command]/usr/bin/docker inspect --format="{{if .Config.Healthcheck}}{{print .State.Health.Status}}{{end}}" 92e2a979d23958bfbaa84d1e3f0c901b84a5c03b95c135ad47aa28f5b3eae6d4
2025-08-17T13:19:29.2427884Z starting
2025-08-17T13:19:29.2451132Z postgres service is starting, waiting 2 seconds before checking again.
2025-08-17T13:19:31.2448791Z ##[command]/usr/bin/docker inspect --format="{{if .Config.Healthcheck}}{{print .State.Health.Status}}{{end}}" 92e2a979d23958bfbaa84d1e3f0c901b84a5c03b95c135ad47aa28f5b3eae6d4
2025-08-17T13:19:31.2570158Z starting
2025-08-17T13:19:31.2583822Z postgres service is starting, waiting 4 seconds before checking again.
2025-08-17T13:19:35.2714890Z ##[command]/usr/bin/docker inspect --format="{{if .Config.Healthcheck}}{{print .State.Health.Status}}{{end}}" 92e2a979d23958bfbaa84d1e3f0c901b84a5c03b95c135ad47aa28f5b3eae6d4
2025-08-17T13:19:35.2831425Z healthy
2025-08-17T13:19:35.2848759Z postgres service is healthy.
2025-08-17T13:19:35.2849547Z ##[endgroup]
2025-08-17T13:19:35.3096832Z ##[group]Run actions/checkout@v4
2025-08-17T13:19:35.3097347Z with:
2025-08-17T13:19:35.3097523Z   fetch-depth: 0
2025-08-17T13:19:35.3097725Z   repository: AlexBomber12/AWA-App
2025-08-17T13:19:35.3098090Z   token: ***
2025-08-17T13:19:35.3098263Z   ssh-strict: true
2025-08-17T13:19:35.3098441Z   ssh-user: git
2025-08-17T13:19:35.3098621Z   persist-credentials: true
2025-08-17T13:19:35.3098829Z   clean: true
2025-08-17T13:19:35.3099012Z   sparse-checkout-cone-mode: true
2025-08-17T13:19:35.3099231Z   fetch-tags: false
2025-08-17T13:19:35.3099410Z   show-progress: true
2025-08-17T13:19:35.3099583Z   lfs: false
2025-08-17T13:19:35.3099746Z   submodules: false
2025-08-17T13:19:35.3099944Z   set-safe-directory: true
2025-08-17T13:19:35.3100329Z ##[endgroup]
2025-08-17T13:19:35.4194379Z Syncing repository: AlexBomber12/AWA-App
2025-08-17T13:19:35.4195585Z ##[group]Getting Git version info
2025-08-17T13:19:35.4195924Z Working directory is '/home/runner/work/AWA-App/AWA-App'
2025-08-17T13:19:35.4196487Z [command]/usr/bin/git version
2025-08-17T13:19:35.4255124Z git version 2.50.1
2025-08-17T13:19:35.4280997Z ##[endgroup]
2025-08-17T13:19:35.4294751Z Temporarily overriding HOME='/home/runner/work/_temp/56291854-9c35-40bf-b17d-f61c75e014a5' before making global git config changes
2025-08-17T13:19:35.4295485Z Adding repository directory to the temporary git global config as a safe directory
2025-08-17T13:19:35.4306519Z [command]/usr/bin/git config --global --add safe.directory /home/runner/work/AWA-App/AWA-App
2025-08-17T13:19:35.4338638Z Deleting the contents of '/home/runner/work/AWA-App/AWA-App'
2025-08-17T13:19:35.4342162Z ##[group]Initializing the repository
2025-08-17T13:19:35.4346060Z [command]/usr/bin/git init /home/runner/work/AWA-App/AWA-App
2025-08-17T13:19:35.4447010Z hint: Using 'master' as the name for the initial branch. This default branch name
2025-08-17T13:19:35.4447836Z hint: is subject to change. To configure the initial branch name to use in all
2025-08-17T13:19:35.4448445Z hint: of your new repositories, which will suppress this warning, call:
2025-08-17T13:19:35.4448795Z hint:
2025-08-17T13:19:35.4449069Z hint: 	git config --global init.defaultBranch <name>
2025-08-17T13:19:35.4449362Z hint:
2025-08-17T13:19:35.4449646Z hint: Names commonly chosen instead of 'master' are 'main', 'trunk' and
2025-08-17T13:19:35.4450127Z hint: 'development'. The just-created branch can be renamed via this command:
2025-08-17T13:19:35.4450482Z hint:
2025-08-17T13:19:35.4450656Z hint: 	git branch -m <name>
2025-08-17T13:19:35.4450866Z hint:
2025-08-17T13:19:35.4451169Z hint: Disable this message with "git config set advice.defaultBranchName false"
2025-08-17T13:19:35.4452185Z Initialized empty Git repository in /home/runner/work/AWA-App/AWA-App/.git/
2025-08-17T13:19:35.4463461Z [command]/usr/bin/git remote add origin https://github.com/AlexBomber12/AWA-App
2025-08-17T13:19:35.4496446Z ##[endgroup]
2025-08-17T13:19:35.4497057Z ##[group]Disabling automatic garbage collection
2025-08-17T13:19:35.4501296Z [command]/usr/bin/git config --local gc.auto 0
2025-08-17T13:19:35.4528870Z ##[endgroup]
2025-08-17T13:19:35.4529478Z ##[group]Setting up auth
2025-08-17T13:19:35.4536263Z [command]/usr/bin/git config --local --name-only --get-regexp core\.sshCommand
2025-08-17T13:19:35.4565584Z [command]/usr/bin/git submodule foreach --recursive sh -c "git config --local --name-only --get-regexp 'core\.sshCommand' && git config --local --unset-all 'core.sshCommand' || :"
2025-08-17T13:19:35.4877982Z [command]/usr/bin/git config --local --name-only --get-regexp http\.https\:\/\/github\.com\/\.extraheader
2025-08-17T13:19:35.4906545Z [command]/usr/bin/git submodule foreach --recursive sh -c "git config --local --name-only --get-regexp 'http\.https\:\/\/github\.com\/\.extraheader' && git config --local --unset-all 'http.https://github.com/.extraheader' || :"
2025-08-17T13:19:35.5122642Z [command]/usr/bin/git config --local http.https://github.com/.extraheader AUTHORIZATION: basic ***
2025-08-17T13:19:35.5156285Z ##[endgroup]
2025-08-17T13:19:35.5156853Z ##[group]Fetching the repository
2025-08-17T13:19:35.5172760Z [command]/usr/bin/git -c protocol.version=2 fetch --prune --no-recurse-submodules origin +refs/heads/*:refs/remotes/origin/* +refs/tags/*:refs/tags/*
2025-08-17T13:19:36.3363234Z From https://github.com/AlexBomber12/AWA-App
2025-08-17T13:19:36.3364218Z  * [new branch]      codex/check-ci-logs-for-errors-and-fix-them -> origin/codex/check-ci-logs-for-errors-and-fix-them
2025-08-17T13:19:36.3365460Z  * [new branch]      codex/check-logs-for-errors-and-fix-issues -> origin/codex/check-logs-for-errors-and-fix-issues
2025-08-17T13:19:36.3366670Z  * [new branch]      codex/fix-ci-workflows-based-on-log-analysis -> origin/codex/fix-ci-workflows-based-on-log-analysis
2025-08-17T13:19:36.3368104Z  * [new branch]      codex/fix-ci-workflows-based-on-log-analysis-pjtlxf -> origin/codex/fix-ci-workflows-based-on-log-analysis-pjtlxf
2025-08-17T13:19:36.3370063Z  * [new branch]      codex/fix-ci-workflows-based-on-logs -> origin/codex/fix-ci-workflows-based-on-logs
2025-08-17T13:19:36.3372799Z  * [new branch]      codex/fix-ci-workflows-based-on-logs-1f0zib -> origin/codex/fix-ci-workflows-based-on-logs-1f0zib
2025-08-17T13:19:36.3374233Z  * [new branch]      codex/fix-ci-workflows-based-on-logs-analysis -> origin/codex/fix-ci-workflows-based-on-logs-analysis
2025-08-17T13:19:36.3376472Z  * [new branch]      codex/fix-ci-workflows-based-on-logs-sca1uo -> origin/codex/fix-ci-workflows-based-on-logs-sca1uo
2025-08-17T13:19:36.3378716Z  * [new branch]      codex/fix-ci-workflows-to-pass-tests -> origin/codex/fix-ci-workflows-to-pass-tests
2025-08-17T13:19:36.3381025Z  * [new branch]      codex/fix-ci-workflows-until-all-pass -> origin/codex/fix-ci-workflows-until-all-pass
2025-08-17T13:19:36.3383091Z  * [new branch]      codex/fix-ci-workflows-until-all-pass-366nbs -> origin/codex/fix-ci-workflows-until-all-pass-366nbs
2025-08-17T13:19:36.3385181Z  * [new branch]      codex/fix-ci-workflows-until-passing -> origin/codex/fix-ci-workflows-until-passing
2025-08-17T13:19:36.3387275Z  * [new branch]      codex/implement-targeted-ci-fixes-until-green -> origin/codex/implement-targeted-ci-fixes-until-green
2025-08-17T13:19:36.3389456Z  * [new branch]      codex/implement-targeted-ci-fixes-until-green-g91k8p -> origin/codex/implement-targeted-ci-fixes-until-green-g91k8p
2025-08-17T13:19:36.3391625Z  * [new branch]      codex/implement-targeted-fixes-to-pass-ci -> origin/codex/implement-targeted-fixes-to-pass-ci
2025-08-17T13:19:36.3394084Z  * [new branch]      codex/replace-github-cli-with-python-rest-calls -> origin/codex/replace-github-cli-with-python-rest-calls
2025-08-17T13:19:36.3395408Z  * [new branch]      gh-pages   -> origin/gh-pages
2025-08-17T13:19:36.3397691Z  * [new branch]      main       -> origin/main
2025-08-17T13:19:36.3399081Z  * [new tag]         0.3.0      -> 0.3.0
2025-08-17T13:19:36.3440806Z [command]/usr/bin/git branch --list --remote origin/main
2025-08-17T13:19:36.3466706Z   origin/main
2025-08-17T13:19:36.3476332Z [command]/usr/bin/git rev-parse refs/remotes/origin/main
2025-08-17T13:19:36.3497218Z d6c7f6e809ed1b7ad5b4a7d389810b943a294870
2025-08-17T13:19:36.3502683Z ##[endgroup]
2025-08-17T13:19:36.3503223Z ##[group]Determining the checkout info
2025-08-17T13:19:36.3509385Z ##[endgroup]
2025-08-17T13:19:36.3509744Z [command]/usr/bin/git sparse-checkout disable
2025-08-17T13:19:36.3550798Z [command]/usr/bin/git config --local --unset-all extensions.worktreeConfig
2025-08-17T13:19:36.3575907Z ##[group]Checking out the ref
2025-08-17T13:19:36.3580106Z [command]/usr/bin/git checkout --progress --force -B main refs/remotes/origin/main
2025-08-17T13:19:36.4020559Z Switched to a new branch 'main'
2025-08-17T13:19:36.4023464Z branch 'main' set up to track 'origin/main'.
2025-08-17T13:19:36.4035410Z ##[endgroup]
2025-08-17T13:19:36.4074107Z [command]/usr/bin/git log -1 --format=%H
2025-08-17T13:19:36.4097633Z d6c7f6e809ed1b7ad5b4a7d389810b943a294870
2025-08-17T13:19:36.4257510Z ##[group]Run cat .env.ci >> "$GITHUB_ENV"
2025-08-17T13:19:36.4257862Z [36;1mcat .env.ci >> "$GITHUB_ENV"[0m
2025-08-17T13:19:36.4258552Z [36;1mecho "DATABASE_URL=***localhost:5432/awa" >> "$GITHUB_ENV"[0m
2025-08-17T13:19:36.4258908Z [36;1mecho "PG_HOST=localhost" >> "$GITHUB_ENV"[0m
2025-08-17T13:19:36.4259188Z [36;1mecho "PG_PORT=5432" >> "$GITHUB_ENV"[0m
2025-08-17T13:19:36.4259476Z [36;1mecho "PG_USER=postgres" >> "$GITHUB_ENV"[0m
2025-08-17T13:19:36.4259754Z [36;1mecho "PG_PASSWORD=pass" >> "$GITHUB_ENV"[0m
2025-08-17T13:19:36.4260023Z [36;1mecho "PG_DATABASE=awa" >> "$GITHUB_ENV"[0m
2025-08-17T13:19:36.4303657Z shell: /usr/bin/bash -e {0}
2025-08-17T13:19:36.4303897Z ##[endgroup]
2025-08-17T13:19:36.4471559Z ##[group]Run actions/setup-python@v5
2025-08-17T13:19:36.4472095Z with:
2025-08-17T13:19:36.4472285Z   python-version: 3.11
2025-08-17T13:19:36.4472484Z   cache: pip
2025-08-17T13:19:36.4472693Z   cache-dependency-path: requirements-dev.txt

2025-08-17T13:19:36.4472970Z   check-latest: false
2025-08-17T13:19:36.4473272Z   token: ***
2025-08-17T13:19:36.4473463Z   update-environment: true
2025-08-17T13:19:36.4473685Z   allow-prereleases: false
2025-08-17T13:19:36.4473888Z   freethreaded: false
2025-08-17T13:19:36.4474075Z env:
2025-08-17T13:19:36.4474236Z   PG_USER: postgres
2025-08-17T13:19:36.4474426Z   PG_PASSWORD: pass
2025-08-17T13:19:36.4474602Z   PG_DATABASE: awa
2025-08-17T13:19:36.4474780Z   PG_HOST: localhost
2025-08-17T13:19:36.4474956Z   PG_PORT: 5432
2025-08-17T13:19:36.4475348Z   PG_SYNC_DSN: ***localhost:5432/awa
2025-08-17T13:19:36.4475735Z   PG_ASYNC_DSN: ***localhost:5432/awa
2025-08-17T13:19:36.4476169Z   DATABASE_URL: ***localhost:5432/awa
2025-08-17T13:19:36.4476453Z   DATA_DIR: /tmp/awa-data
2025-08-17T13:19:36.4476653Z   ENABLE_LIVE: 0
2025-08-17T13:19:36.4477014Z   TESTING: 1
2025-08-17T13:19:36.4477178Z ##[endgroup]
2025-08-17T13:19:36.6105387Z ##[group]Installed versions
2025-08-17T13:19:36.6228645Z Successfully set up CPython (3.11.13)
2025-08-17T13:19:36.6229426Z ##[endgroup]
2025-08-17T13:19:36.6515019Z [command]/opt/hostedtoolcache/Python/3.11.13/x64/bin/pip cache dir
2025-08-17T13:19:37.7860860Z /home/runner/.cache/pip
2025-08-17T13:19:37.9109372Z Cache hit for: setup-python-Linux-x64-24.04-Ubuntu-python-3.11.13-pip-dee7c0c28332ec2ebb5d2650fb0d2cfddf025b3b0e96b0c826645ad2cb717961
2025-08-17T13:19:38.9693743Z Received 203535974 of 203535974 (100.0%), 194.3 MBs/sec
2025-08-17T13:19:38.9695858Z Cache Size: ~194 MB (203535974 B)
2025-08-17T13:19:38.9737307Z [command]/usr/bin/tar -xf /home/runner/work/_temp/d287c574-3b40-4352-a292-16434fb859db/cache.tzst -P -C /home/runner/work/AWA-App/AWA-App --use-compress-program unzstd
2025-08-17T13:19:39.3650256Z Cache restored successfully
2025-08-17T13:19:39.4033558Z Cache restored from key: setup-python-Linux-x64-24.04-Ubuntu-python-3.11.13-pip-dee7c0c28332ec2ebb5d2650fb0d2cfddf025b3b0e96b0c826645ad2cb717961
2025-08-17T13:19:39.4718601Z ##[group]Run actions/cache@v4
2025-08-17T13:19:39.4718859Z with:
2025-08-17T13:19:39.4719073Z   path: ~/.cache/pip
.pytest_cache
~/.ruff_cache

2025-08-17T13:19:39.4719502Z   key: Linux-int-dee7c0c28332ec2ebb5d2650fb0d2cfddf025b3b0e96b0c826645ad2cb717961
2025-08-17T13:19:39.4719911Z   restore-keys: Linux-int-
2025-08-17T13:19:39.4720132Z   enableCrossOsArchive: false
2025-08-17T13:19:39.4720370Z   fail-on-cache-miss: false
2025-08-17T13:19:39.4720582Z   lookup-only: false
2025-08-17T13:19:39.4720772Z   save-always: false
2025-08-17T13:19:39.4720951Z env:
2025-08-17T13:19:39.4721117Z   PG_USER: postgres
2025-08-17T13:19:39.4721305Z   PG_PASSWORD: pass
2025-08-17T13:19:39.4721488Z   PG_DATABASE: awa
2025-08-17T13:19:39.4721675Z   PG_HOST: localhost
2025-08-17T13:19:39.4722128Z   PG_PORT: 5432
2025-08-17T13:19:39.4722744Z   PG_SYNC_DSN: ***localhost:5432/awa
2025-08-17T13:19:39.4723239Z   PG_ASYNC_DSN: ***localhost:5432/awa
2025-08-17T13:19:39.4723670Z   DATABASE_URL: ***localhost:5432/awa
2025-08-17T13:19:39.4723902Z   DATA_DIR: /tmp/awa-data
2025-08-17T13:19:39.4724103Z   ENABLE_LIVE: 0
2025-08-17T13:19:39.4724277Z   TESTING: 1
2025-08-17T13:19:39.4724517Z   pythonLocation: /opt/hostedtoolcache/Python/3.11.13/x64
2025-08-17T13:19:39.4724917Z   PKG_CONFIG_PATH: /opt/hostedtoolcache/Python/3.11.13/x64/lib/pkgconfig
2025-08-17T13:19:39.4725309Z   Python_ROOT_DIR: /opt/hostedtoolcache/Python/3.11.13/x64
2025-08-17T13:19:39.4725661Z   Python2_ROOT_DIR: /opt/hostedtoolcache/Python/3.11.13/x64
2025-08-17T13:19:39.4726011Z   Python3_ROOT_DIR: /opt/hostedtoolcache/Python/3.11.13/x64
2025-08-17T13:19:39.4726370Z   LD_LIBRARY_PATH: /opt/hostedtoolcache/Python/3.11.13/x64/lib
2025-08-17T13:19:39.4726677Z ##[endgroup]
2025-08-17T13:19:39.6813768Z Cache hit for: Linux-int-dee7c0c28332ec2ebb5d2650fb0d2cfddf025b3b0e96b0c826645ad2cb717961
2025-08-17T13:19:40.5817208Z Received 203537320 of 203537320 (100.0%), 223.6 MBs/sec
2025-08-17T13:19:40.5818375Z Cache Size: ~194 MB (203537320 B)
2025-08-17T13:19:40.5849235Z [command]/usr/bin/tar -xf /home/runner/work/_temp/d1802c16-303c-42e7-a812-368b6f70a5e0/cache.tzst -P -C /home/runner/work/AWA-App/AWA-App --use-compress-program unzstd
2025-08-17T13:19:40.9446731Z Cache restored successfully
2025-08-17T13:19:40.9910037Z Cache restored from key: Linux-int-dee7c0c28332ec2ebb5d2650fb0d2cfddf025b3b0e96b0c826645ad2cb717961
2025-08-17T13:19:41.0022336Z ##[group]Run pip install -r requirements-dev.txt
2025-08-17T13:19:41.0022760Z [36;1mpip install -r requirements-dev.txt[0m
2025-08-17T13:19:41.0023081Z [36;1mpip install keepa==1.3.15 minio==7.1.15[0m
2025-08-17T13:19:41.0064140Z shell: /usr/bin/bash -e {0}
2025-08-17T13:19:41.0064380Z env:
2025-08-17T13:19:41.0064563Z   PG_USER: postgres
2025-08-17T13:19:41.0064768Z   PG_PASSWORD: pass
2025-08-17T13:19:41.0064962Z   PG_DATABASE: awa
2025-08-17T13:19:41.0065152Z   PG_HOST: localhost
2025-08-17T13:19:41.0065519Z   PG_PORT: 5432
2025-08-17T13:19:41.0065969Z   PG_SYNC_DSN: ***localhost:5432/awa
2025-08-17T13:19:41.0066391Z   PG_ASYNC_DSN: ***localhost:5432/awa
2025-08-17T13:19:41.0066789Z   DATABASE_URL: ***localhost:5432/awa
2025-08-17T13:19:41.0067040Z   DATA_DIR: /tmp/awa-data
2025-08-17T13:19:41.0067257Z   ENABLE_LIVE: 0
2025-08-17T13:19:41.0067442Z   TESTING: 1
2025-08-17T13:19:41.0067685Z   pythonLocation: /opt/hostedtoolcache/Python/3.11.13/x64
2025-08-17T13:19:41.0068139Z   PKG_CONFIG_PATH: /opt/hostedtoolcache/Python/3.11.13/x64/lib/pkgconfig
2025-08-17T13:19:41.0068541Z   Python_ROOT_DIR: /opt/hostedtoolcache/Python/3.11.13/x64
2025-08-17T13:19:41.0068894Z   Python2_ROOT_DIR: /opt/hostedtoolcache/Python/3.11.13/x64
2025-08-17T13:19:41.0069268Z   Python3_ROOT_DIR: /opt/hostedtoolcache/Python/3.11.13/x64
2025-08-17T13:19:41.0069633Z   LD_LIBRARY_PATH: /opt/hostedtoolcache/Python/3.11.13/x64/lib
2025-08-17T13:19:41.0069935Z ##[endgroup]
2025-08-17T13:19:42.0121363Z Collecting Jinja2==3.1.6 (from -r requirements-dev.txt (line 2))
2025-08-17T13:19:42.0136538Z   Using cached jinja2-3.1.6-py3-none-any.whl.metadata (2.9 kB)
2025-08-17T13:19:42.0402136Z Collecting alembic==1.13.1 (from -r requirements-dev.txt (line 3))
2025-08-17T13:19:42.0416332Z   Using cached alembic-1.13.1-py3-none-any.whl.metadata (7.4 kB)
2025-08-17T13:19:42.0600891Z Collecting apscheduler==3.10.4 (from -r requirements-dev.txt (line 4))
2025-08-17T13:19:42.0615107Z   Using cached APScheduler-3.10.4-py3-none-any.whl.metadata (5.7 kB)
2025-08-17T13:19:42.1151573Z Collecting asyncpg==0.30.0 (from -r requirements-dev.txt (line 5))
2025-08-17T13:19:42.1166962Z   Using cached asyncpg-0.30.0-cp311-cp311-manylinux_2_17_x86_64.manylinux2014_x86_64.whl.metadata (5.0 kB)
2025-08-17T13:19:42.1610683Z Collecting black==25.1.0 (from -r requirements-dev.txt (line 6))
2025-08-17T13:19:42.1624755Z   Using cached black-25.1.0-cp311-cp311-manylinux_2_17_x86_64.manylinux2014_x86_64.manylinux_2_28_x86_64.whl.metadata (81 kB)
2025-08-17T13:19:42.4965701Z Collecting boto3 (from -r requirements-dev.txt (line 7))
2025-08-17T13:19:42.5556851Z   Downloading boto3-1.40.11-py3-none-any.whl.metadata (6.7 kB)
2025-08-17T13:19:42.5907589Z Collecting celery==5.4.0 (from -r requirements-dev.txt (line 8))
2025-08-17T13:19:42.5921995Z   Using cached celery-5.4.0-py3-none-any.whl.metadata (21 kB)
2025-08-17T13:19:42.6486631Z Collecting fastapi==0.116.1 (from -r requirements-dev.txt (line 9))
2025-08-17T13:19:42.6501537Z   Using cached fastapi-0.116.1-py3-none-any.whl.metadata (28 kB)
2025-08-17T13:19:42.6749987Z Collecting httpx<0.29,>=0.27 (from -r requirements-dev.txt (line 11))
2025-08-17T13:19:42.6763926Z   Using cached httpx-0.28.1-py3-none-any.whl.metadata (7.1 kB)
2025-08-17T13:19:42.6908579Z Collecting imapclient==3.0.1 (from -r requirements-dev.txt (line 12))
2025-08-17T13:19:42.6922539Z   Using cached IMAPClient-3.0.1-py2.py3-none-any.whl.metadata (1.7 kB)
2025-08-17T13:19:42.7056639Z Collecting itsdangerous (from -r requirements-dev.txt (line 13))
2025-08-17T13:19:42.7070171Z   Using cached itsdangerous-2.2.0-py3-none-any.whl.metadata (1.9 kB)
2025-08-17T13:19:42.8199557Z Collecting mypy==1.* (from -r requirements-dev.txt (line 14))
2025-08-17T13:19:42.8215718Z   Using cached mypy-1.17.1-cp311-cp311-manylinux2014_x86_64.manylinux_2_17_x86_64.manylinux_2_28_x86_64.whl.metadata (2.2 kB)
2025-08-17T13:19:42.8349768Z Collecting mypy-extensions==1.1.0 (from -r requirements-dev.txt (line 15))
2025-08-17T13:19:42.8364141Z   Using cached mypy_extensions-1.1.0-py3-none-any.whl.metadata (1.1 kB)
2025-08-17T13:19:42.8548028Z Collecting openpyxl==3.1.5 (from -r requirements-dev.txt (line 16))
2025-08-17T13:19:42.8562016Z   Using cached openpyxl-3.1.5-py2.py3-none-any.whl.metadata (2.5 kB)
2025-08-17T13:19:42.9585379Z Collecting pandas==2.3.1 (from -r requirements-dev.txt (line 17))
2025-08-17T13:19:42.9600968Z   Using cached pandas-2.3.1-cp311-cp311-manylinux_2_17_x86_64.manylinux2014_x86_64.whl.metadata (91 kB)
2025-08-17T13:19:43.0492410Z Collecting psycopg2-binary==2.9.9 (from -r requirements-dev.txt (line 18))
2025-08-17T13:19:43.0506195Z   Using cached psycopg2_binary-2.9.9-cp311-cp311-manylinux_2_17_x86_64.manylinux2014_x86_64.whl.metadata (4.4 kB)
2025-08-17T13:19:43.0679054Z Collecting psycopg==3.2.9 (from psycopg[binary]==3.2.9->-r requirements-dev.txt (line 19))
2025-08-17T13:19:43.0692603Z   Using cached psycopg-3.2.9-py3-none-any.whl.metadata (4.5 kB)
2025-08-17T13:19:43.1737909Z Collecting pydantic==2.11.7 (from -r requirements-dev.txt (line 20))
2025-08-17T13:19:43.1751509Z   Using cached pydantic-2.11.7-py3-none-any.whl.metadata (67 kB)
2025-08-17T13:19:43.1788173Z Requirement already satisfied: setuptools in /opt/hostedtoolcache/Python/3.11.13/x64/lib/python3.11/site-packages (from -r requirements-dev.txt (line 21)) (65.5.0)
2025-08-17T13:19:43.1985387Z Collecting pytest-asyncio==0.23.6 (from -r requirements-dev.txt (line 22))
2025-08-17T13:19:43.1998345Z   Using cached pytest_asyncio-0.23.6-py3-none-any.whl.metadata (3.9 kB)
2025-08-17T13:19:43.2166905Z Collecting pytest-cov==6.2.1 (from -r requirements-dev.txt (line 23))
2025-08-17T13:19:43.2180627Z   Using cached pytest_cov-6.2.1-py3-none-any.whl.metadata (30 kB)
2025-08-17T13:19:43.2363838Z Collecting pytest-postgresql==7.0.2 (from -r requirements-dev.txt (line 24))
2025-08-17T13:19:43.2376760Z   Using cached pytest_postgresql-7.0.2-py3-none-any.whl.metadata (18 kB)
2025-08-17T13:19:43.2569309Z Collecting python-dotenv (from -r requirements-dev.txt (line 25))
2025-08-17T13:19:43.2582390Z   Using cached python_dotenv-1.1.1-py3-none-any.whl.metadata (24 kB)
2025-08-17T13:19:43.2726964Z Collecting python-multipart (from -r requirements-dev.txt (line 26))
2025-08-17T13:19:43.2740138Z   Using cached python_multipart-0.0.20-py3-none-any.whl.metadata (1.8 kB)
2025-08-17T13:19:43.3036395Z Collecting python-telegram-bot==22.2 (from -r requirements-dev.txt (line 27))
2025-08-17T13:19:43.3049375Z   Using cached python_telegram_bot-22.2-py3-none-any.whl.metadata (17 kB)
2025-08-17T13:19:43.3342411Z Collecting requests==2.32.4 (from -r requirements-dev.txt (line 28))
2025-08-17T13:19:43.3356431Z   Using cached requests-2.32.4-py3-none-any.whl.metadata (4.9 kB)
2025-08-17T13:19:43.3540827Z Collecting respx==0.22.0 (from -r requirements-dev.txt (line 29))
2025-08-17T13:19:43.3554132Z   Using cached respx-0.22.0-py2.py3-none-any.whl.metadata (4.1 kB)
2025-08-17T13:19:43.7283032Z Collecting ruff==0.4.4 (from -r requirements-dev.txt (line 30))
2025-08-17T13:19:43.7299049Z   Using cached ruff-0.4.4-py3-none-manylinux_2_17_x86_64.manylinux2014_x86_64.whl.metadata (23 kB)
2025-08-17T13:19:44.0310920Z Collecting sqlalchemy==2.0.29 (from -r requirements-dev.txt (line 31))
2025-08-17T13:19:44.0326428Z   Using cached SQLAlchemy-2.0.29-cp311-cp311-manylinux_2_17_x86_64.manylinux2014_x86_64.whl.metadata (9.6 kB)
2025-08-17T13:19:44.0577350Z Collecting testcontainers==4.10.0 (from testcontainers[postgres]==4.10.0->-r requirements-dev.txt (line 32))
2025-08-17T13:19:44.0590398Z   Using cached testcontainers-4.10.0-py3-none-any.whl.metadata (7.8 kB)
2025-08-17T13:19:44.0956083Z Collecting types-requests==2.32.0.20240602 (from -r requirements-dev.txt (line 33))
2025-08-17T13:19:44.0969220Z   Using cached types_requests-2.32.0.20240602-py3-none-any.whl.metadata (1.8 kB)
2025-08-17T13:19:44.1117417Z Collecting docspec-python==2.2.2 (from -r requirements-dev.txt (line 34))
2025-08-17T13:19:44.1130834Z   Using cached docspec_python-2.2.2-py3-none-any.whl.metadata (1.0 kB)
2025-08-17T13:19:44.1321543Z Collecting pydoc-markdown==4.8.2 (from -r requirements-dev.txt (line 35))
2025-08-17T13:19:44.1334594Z   Using cached pydoc_markdown-4.8.2-py3-none-any.whl.metadata (5.9 kB)
2025-08-17T13:19:44.1833379Z Collecting MarkupSafe>=2.0 (from Jinja2==3.1.6->-r requirements-dev.txt (line 2))
2025-08-17T13:19:44.1847372Z   Using cached MarkupSafe-3.0.2-cp311-cp311-manylinux_2_17_x86_64.manylinux2014_x86_64.whl.metadata (4.0 kB)
2025-08-17T13:19:44.2119072Z Collecting Mako (from alembic==1.13.1->-r requirements-dev.txt (line 3))
2025-08-17T13:19:44.2141848Z   Using cached mako-1.3.10-py3-none-any.whl.metadata (2.9 kB)
2025-08-17T13:19:44.2329772Z Collecting typing-extensions>=4 (from alembic==1.13.1->-r requirements-dev.txt (line 3))
2025-08-17T13:19:44.2342991Z   Using cached typing_extensions-4.14.1-py3-none-any.whl.metadata (3.0 kB)
2025-08-17T13:19:44.2509385Z Collecting six>=1.4.0 (from apscheduler==3.10.4->-r requirements-dev.txt (line 4))
2025-08-17T13:19:44.2522207Z   Using cached six-1.17.0-py2.py3-none-any.whl.metadata (1.7 kB)
2025-08-17T13:19:44.2896176Z Collecting pytz (from apscheduler==3.10.4->-r requirements-dev.txt (line 4))
2025-08-17T13:19:44.2909735Z   Using cached pytz-2025.2-py2.py3-none-any.whl.metadata (22 kB)
2025-08-17T13:19:44.3104437Z Collecting tzlocal!=3.*,>=2.0 (from apscheduler==3.10.4->-r requirements-dev.txt (line 4))
2025-08-17T13:19:44.3117366Z   Using cached tzlocal-5.3.1-py3-none-any.whl.metadata (7.6 kB)
2025-08-17T13:19:44.3327134Z Collecting click>=8.0.0 (from black==25.1.0->-r requirements-dev.txt (line 6))
2025-08-17T13:19:44.3340160Z   Using cached click-8.2.1-py3-none-any.whl.metadata (2.5 kB)
2025-08-17T13:19:44.3520785Z Collecting packaging>=22.0 (from black==25.1.0->-r requirements-dev.txt (line 6))
2025-08-17T13:19:44.3533830Z   Using cached packaging-25.0-py3-none-any.whl.metadata (3.3 kB)
2025-08-17T13:19:44.3698308Z Collecting pathspec>=0.9.0 (from black==25.1.0->-r requirements-dev.txt (line 6))
2025-08-17T13:19:44.3713175Z   Using cached pathspec-0.12.1-py3-none-any.whl.metadata (21 kB)
2025-08-17T13:19:44.3929640Z Collecting platformdirs>=2 (from black==25.1.0->-r requirements-dev.txt (line 6))
2025-08-17T13:19:44.3943499Z   Using cached platformdirs-4.3.8-py3-none-any.whl.metadata (12 kB)
2025-08-17T13:19:44.4180108Z Collecting billiard<5.0,>=4.2.0 (from celery==5.4.0->-r requirements-dev.txt (line 8))
2025-08-17T13:19:44.4193796Z   Using cached billiard-4.2.1-py3-none-any.whl.metadata (4.4 kB)
2025-08-17T13:19:44.4522607Z Collecting kombu<6.0,>=5.3.4 (from celery==5.4.0->-r requirements-dev.txt (line 8))
2025-08-17T13:19:44.4536504Z   Using cached kombu-5.5.4-py3-none-any.whl.metadata (3.5 kB)
2025-08-17T13:19:44.4715406Z Collecting vine<6.0,>=5.1.0 (from celery==5.4.0->-r requirements-dev.txt (line 8))
2025-08-17T13:19:44.4728736Z   Using cached vine-5.1.0-py3-none-any.whl.metadata (2.7 kB)
2025-08-17T13:19:44.4912562Z Collecting click-didyoumean>=0.3.0 (from celery==5.4.0->-r requirements-dev.txt (line 8))
2025-08-17T13:19:44.4926144Z   Using cached click_didyoumean-0.3.1-py3-none-any.whl.metadata (3.9 kB)
2025-08-17T13:19:44.5047031Z Collecting click-repl>=0.2.0 (from celery==5.4.0->-r requirements-dev.txt (line 8))
2025-08-17T13:19:44.5060768Z   Using cached click_repl-0.3.0-py3-none-any.whl.metadata (3.6 kB)
2025-08-17T13:19:44.5188439Z Collecting click-plugins>=1.1.1 (from celery==5.4.0->-r requirements-dev.txt (line 8))
2025-08-17T13:19:44.5201366Z   Using cached click_plugins-1.1.1.2-py2.py3-none-any.whl.metadata (6.5 kB)
2025-08-17T13:19:44.5359143Z Collecting tzdata>=2022.7 (from celery==5.4.0->-r requirements-dev.txt (line 8))
2025-08-17T13:19:44.5372676Z   Using cached tzdata-2025.2-py2.py3-none-any.whl.metadata (1.4 kB)
2025-08-17T13:19:44.5517157Z Collecting python-dateutil>=2.8.2 (from celery==5.4.0->-r requirements-dev.txt (line 8))
2025-08-17T13:19:44.5530741Z   Using cached python_dateutil-2.9.0.post0-py2.py3-none-any.whl.metadata (8.4 kB)
2025-08-17T13:19:44.5829311Z Collecting starlette<0.48.0,>=0.40.0 (from fastapi==0.116.1->-r requirements-dev.txt (line 9))
2025-08-17T13:19:44.5843497Z   Using cached starlette-0.47.2-py3-none-any.whl.metadata (6.2 kB)
2025-08-17T13:19:44.6374461Z Collecting annotated-types>=0.6.0 (from pydantic==2.11.7->-r requirements-dev.txt (line 20))
2025-08-17T13:19:44.6387840Z   Using cached annotated_types-0.7.0-py3-none-any.whl.metadata (15 kB)
2025-08-17T13:19:45.3586876Z Collecting pydantic-core==2.33.2 (from pydantic==2.11.7->-r requirements-dev.txt (line 20))
2025-08-17T13:19:45.3602612Z   Using cached pydantic_core-2.33.2-cp311-cp311-manylinux_2_17_x86_64.manylinux2014_x86_64.whl.metadata (6.8 kB)
2025-08-17T13:19:45.3767604Z Collecting typing-inspection>=0.4.0 (from pydantic==2.11.7->-r requirements-dev.txt (line 20))
2025-08-17T13:19:45.3781130Z   Using cached typing_inspection-0.4.1-py3-none-any.whl.metadata (2.6 kB)
2025-08-17T13:19:45.3925411Z Collecting et-xmlfile (from openpyxl==3.1.5->-r requirements-dev.txt (line 16))
2025-08-17T13:19:45.3938821Z   Using cached et_xmlfile-2.0.0-py3-none-any.whl.metadata (2.7 kB)
2025-08-17T13:19:45.5583652Z Collecting numpy>=1.23.2 (from pandas==2.3.1->-r requirements-dev.txt (line 17))
2025-08-17T13:19:45.5599390Z   Using cached numpy-2.3.2-cp311-cp311-manylinux_2_27_x86_64.manylinux_2_28_x86_64.whl.metadata (62 kB)
2025-08-17T13:19:45.6172566Z Collecting pytest<9,>=7.0.0 (from pytest-asyncio==0.23.6->-r requirements-dev.txt (line 22))
2025-08-17T13:19:45.6187260Z   Using cached pytest-8.4.1-py3-none-any.whl.metadata (7.7 kB)
2025-08-17T13:19:45.9378789Z Collecting coverage>=7.5 (from coverage[toml]>=7.5->pytest-cov==6.2.1->-r requirements-dev.txt (line 23))
2025-08-17T13:19:45.9456681Z   Downloading coverage-7.10.4-cp311-cp311-manylinux1_x86_64.manylinux_2_28_x86_64.manylinux_2_5_x86_64.whl.metadata (8.9 kB)
2025-08-17T13:19:45.9638068Z Collecting pluggy>=1.2 (from pytest-cov==6.2.1->-r requirements-dev.txt (line 23))
2025-08-17T13:19:45.9651653Z   Using cached pluggy-1.6.0-py3-none-any.whl.metadata (4.8 kB)
2025-08-17T13:19:45.9909553Z Collecting port-for>=0.7.3 (from pytest-postgresql==7.0.2->-r requirements-dev.txt (line 24))
2025-08-17T13:19:45.9923196Z   Using cached port_for-0.7.4-py3-none-any.whl.metadata (7.1 kB)
2025-08-17T13:19:46.0090616Z Collecting mirakuru>=2.6.0 (from pytest-postgresql==7.0.2->-r requirements-dev.txt (line 24))
2025-08-17T13:19:46.0104081Z   Using cached mirakuru-2.6.1-py3-none-any.whl.metadata (10 kB)
2025-08-17T13:19:46.1676115Z Collecting charset_normalizer<4,>=2 (from requests==2.32.4->-r requirements-dev.txt (line 28))
2025-08-17T13:19:46.1692015Z   Using cached charset_normalizer-3.4.3-cp311-cp311-manylinux2014_x86_64.manylinux_2_17_x86_64.manylinux_2_28_x86_64.whl.metadata (36 kB)
2025-08-17T13:19:46.1870299Z Collecting idna<4,>=2.5 (from requests==2.32.4->-r requirements-dev.txt (line 28))
2025-08-17T13:19:46.1884165Z   Using cached idna-3.10-py3-none-any.whl.metadata (10 kB)
2025-08-17T13:19:46.2185539Z Collecting urllib3<3,>=1.21.1 (from requests==2.32.4->-r requirements-dev.txt (line 28))
2025-08-17T13:19:46.2199102Z   Using cached urllib3-2.5.0-py3-none-any.whl.metadata (6.5 kB)
2025-08-17T13:19:46.2418501Z Collecting certifi>=2017.4.17 (from requests==2.32.4->-r requirements-dev.txt (line 28))
2025-08-17T13:19:46.2432018Z   Using cached certifi-2025.8.3-py3-none-any.whl.metadata (2.4 kB)
2025-08-17T13:19:46.3666666Z Collecting greenlet!=0.4.17 (from sqlalchemy==2.0.29->-r requirements-dev.txt (line 31))
2025-08-17T13:19:46.3682216Z   Using cached greenlet-3.2.4-cp311-cp311-manylinux_2_24_x86_64.manylinux_2_28_x86_64.whl.metadata (4.1 kB)
2025-08-17T13:19:46.4101409Z Collecting docker (from testcontainers==4.10.0->testcontainers[postgres]==4.10.0->-r requirements-dev.txt (line 32))
2025-08-17T13:19:46.4114462Z   Using cached docker-7.1.0-py3-none-any.whl.metadata (3.8 kB)
2025-08-17T13:19:46.5026407Z Collecting wrapt (from testcontainers==4.10.0->testcontainers[postgres]==4.10.0->-r requirements-dev.txt (line 32))
2025-08-17T13:19:46.5040180Z   Using cached wrapt-1.17.3-cp311-cp311-manylinux1_x86_64.manylinux_2_28_x86_64.manylinux_2_5_x86_64.whl.metadata (6.4 kB)
2025-08-17T13:19:46.5318850Z Collecting docspec==2.2.1 (from docspec-python==2.2.2->-r requirements-dev.txt (line 34))
2025-08-17T13:19:46.5334482Z   Using cached docspec-2.2.1-py3-none-any.whl.metadata (1.5 kB)
2025-08-17T13:19:46.5589041Z Collecting nr-util>=0.8.12 (from docspec-python==2.2.2->-r requirements-dev.txt (line 34))
2025-08-17T13:19:46.5607109Z   Using cached nr.util-0.8.12-py3-none-any.whl.metadata (813 bytes)
2025-08-17T13:19:46.5972268Z Collecting PyYAML<7.0,>=5.0 (from pydoc-markdown==4.8.2->-r requirements-dev.txt (line 35))
2025-08-17T13:19:46.5985799Z   Using cached PyYAML-6.0.2-cp311-cp311-manylinux_2_17_x86_64.manylinux2014_x86_64.whl.metadata (2.1 kB)
2025-08-17T13:19:46.6258620Z Collecting databind.core<5.0.0,>=4.4.0 (from pydoc-markdown==4.8.2->-r requirements-dev.txt (line 35))
2025-08-17T13:19:46.6271538Z   Using cached databind.core-4.5.2-py3-none-any.whl.metadata (1.1 kB)
2025-08-17T13:19:46.6503760Z Collecting databind.json<5.0.0,>=4.4.0 (from pydoc-markdown==4.8.2->-r requirements-dev.txt (line 35))
2025-08-17T13:19:46.6516821Z   Using cached databind.json-4.5.2-py3-none-any.whl.metadata (1.1 kB)
2025-08-17T13:19:46.6678046Z Collecting docstring-parser<0.12,>=0.11 (from pydoc-markdown==4.8.2->-r requirements-dev.txt (line 35))
2025-08-17T13:19:46.6679369Z   Using cached docstring_parser-0.11-py3-none-any.whl
2025-08-17T13:19:46.7046073Z Collecting tomli<3.0.0,>=2.0.0 (from pydoc-markdown==4.8.2->-r requirements-dev.txt (line 35))
2025-08-17T13:19:46.7059480Z   Using cached tomli-2.2.1-cp311-cp311-manylinux_2_17_x86_64.manylinux2014_x86_64.whl.metadata (11 kB)
2025-08-17T13:19:46.7185603Z Collecting tomli_w<2.0.0,>=1.0.0 (from pydoc-markdown==4.8.2->-r requirements-dev.txt (line 35))
2025-08-17T13:19:46.7198485Z   Using cached tomli_w-1.2.0-py3-none-any.whl.metadata (5.7 kB)
2025-08-17T13:19:46.7679940Z Collecting watchdog (from pydoc-markdown==4.8.2->-r requirements-dev.txt (line 35))
2025-08-17T13:19:46.7693467Z   Using cached watchdog-6.0.0-py3-none-manylinux2014_x86_64.whl.metadata (44 kB)
2025-08-17T13:19:46.7916680Z Collecting yapf>=0.30.0 (from pydoc-markdown==4.8.2->-r requirements-dev.txt (line 35))
2025-08-17T13:19:46.7929854Z   Using cached yapf-0.43.0-py3-none-any.whl.metadata (46 kB)
2025-08-17T13:19:46.8142416Z Collecting Deprecated<2.0.0,>=1.2.12 (from docspec==2.2.1->docspec-python==2.2.2->-r requirements-dev.txt (line 34))
2025-08-17T13:19:46.8155498Z   Using cached Deprecated-1.2.18-py2.py3-none-any.whl.metadata (5.7 kB)
2025-08-17T13:19:46.9624760Z Collecting psycopg-binary==3.2.9 (from psycopg[binary]==3.2.9->-r requirements-dev.txt (line 19))
2025-08-17T13:19:46.9639700Z   Using cached psycopg_binary-3.2.9-cp311-cp311-manylinux_2_17_x86_64.manylinux2014_x86_64.whl.metadata (2.9 kB)
2025-08-17T13:19:46.9960498Z Collecting anyio (from httpx<0.29,>=0.27->-r requirements-dev.txt (line 11))
2025-08-17T13:19:46.9974295Z   Using cached anyio-4.10.0-py3-none-any.whl.metadata (4.0 kB)
2025-08-17T13:19:47.0183842Z Collecting httpcore==1.* (from httpx<0.29,>=0.27->-r requirements-dev.txt (line 11))
2025-08-17T13:19:47.0196892Z   Using cached httpcore-1.0.9-py3-none-any.whl.metadata (21 kB)
2025-08-17T13:19:47.0488352Z Collecting databind<5.0.0,>=4.5.2 (from databind.core<5.0.0,>=4.4.0->pydoc-markdown==4.8.2->-r requirements-dev.txt (line 35))
2025-08-17T13:19:47.0501359Z   Using cached databind-4.5.2-py3-none-any.whl.metadata (4.3 kB)
2025-08-17T13:19:47.0681426Z Collecting nr-date<3.0.0,>=2.0.0 (from databind<5.0.0,>=4.5.2->databind.core<5.0.0,>=4.4.0->pydoc-markdown==4.8.2->-r requirements-dev.txt (line 35))
2025-08-17T13:19:47.0694573Z   Using cached nr_date-2.1.0-py3-none-any.whl.metadata (746 bytes)
2025-08-17T13:19:47.0868870Z Collecting nr-stream<2.0.0,>=1.0.0 (from databind<5.0.0,>=4.5.2->databind.core<5.0.0,>=4.4.0->pydoc-markdown==4.8.2->-r requirements-dev.txt (line 35))
2025-08-17T13:19:47.0881901Z   Using cached nr_stream-1.1.5-py3-none-any.whl.metadata (3.6 kB)
2025-08-17T13:19:47.1070267Z Collecting typeapi<3,>=2.0.1 (from databind<5.0.0,>=4.5.2->databind.core<5.0.0,>=4.4.0->pydoc-markdown==4.8.2->-r requirements-dev.txt (line 35))
2025-08-17T13:19:47.1083029Z   Using cached typeapi-2.2.4-py3-none-any.whl.metadata (1.5 kB)
2025-08-17T13:19:47.1369041Z Collecting h11>=0.16 (from httpcore==1.*->httpx<0.29,>=0.27->-r requirements-dev.txt (line 11))
2025-08-17T13:19:47.1382107Z   Using cached h11-0.16.0-py3-none-any.whl.metadata (8.3 kB)
2025-08-17T13:19:47.1607400Z Collecting amqp<6.0.0,>=5.1.1 (from kombu<6.0,>=5.3.4->celery==5.4.0->-r requirements-dev.txt (line 8))
2025-08-17T13:19:47.1621008Z   Using cached amqp-5.3.1-py3-none-any.whl.metadata (8.9 kB)
2025-08-17T13:19:47.1975366Z Collecting iniconfig>=1 (from pytest<9,>=7.0.0->pytest-asyncio==0.23.6->-r requirements-dev.txt (line 22))
2025-08-17T13:19:47.1989366Z   Using cached iniconfig-2.1.0-py3-none-any.whl.metadata (2.7 kB)
2025-08-17T13:19:47.2246602Z Collecting pygments>=2.7.2 (from pytest<9,>=7.0.0->pytest-asyncio==0.23.6->-r requirements-dev.txt (line 22))
2025-08-17T13:19:47.2259259Z   Using cached pygments-2.19.2-py3-none-any.whl.metadata (2.5 kB)
2025-08-17T13:19:47.2600586Z Collecting sniffio>=1.1 (from anyio->httpx<0.29,>=0.27->-r requirements-dev.txt (line 11))
2025-08-17T13:19:47.2613450Z   Using cached sniffio-1.3.1-py3-none-any.whl.metadata (3.9 kB)
2025-08-17T13:19:47.6727719Z Collecting botocore<1.41.0,>=1.40.11 (from boto3->-r requirements-dev.txt (line 7))
2025-08-17T13:19:47.6808075Z   Downloading botocore-1.40.11-py3-none-any.whl.metadata (5.7 kB)
2025-08-17T13:19:47.6988259Z Collecting jmespath<2.0.0,>=0.7.1 (from boto3->-r requirements-dev.txt (line 7))
2025-08-17T13:19:47.7001594Z   Using cached jmespath-1.0.1-py3-none-any.whl.metadata (7.6 kB)
2025-08-17T13:19:47.7192997Z Collecting s3transfer<0.14.0,>=0.13.0 (from boto3->-r requirements-dev.txt (line 7))
2025-08-17T13:19:47.7206025Z   Using cached s3transfer-0.13.1-py3-none-any.whl.metadata (1.7 kB)
2025-08-17T13:19:47.9014613Z Collecting fastapi-cli>=0.0.8 (from fastapi-cli[standard]>=0.0.8; extra == "all"->fastapi[all]->-r requirements-dev.txt (line 10))
2025-08-17T13:19:47.9027918Z   Using cached fastapi_cli-0.0.8-py3-none-any.whl.metadata (6.3 kB)
2025-08-17T13:19:47.9729132Z Collecting ujson!=4.0.2,!=4.1.0,!=4.2.0,!=4.3.0,!=5.0.0,!=5.1.0,>=4.0.1 (from fastapi[all]->-r requirements-dev.txt (line 10))
2025-08-17T13:19:47.9745281Z   Using cached ujson-5.10.0-cp311-cp311-manylinux_2_17_x86_64.manylinux2014_x86_64.whl.metadata (9.3 kB)
2025-08-17T13:19:48.1994951Z Collecting orjson>=3.2.1 (from fastapi[all]->-r requirements-dev.txt (line 10))
2025-08-17T13:19:48.2010004Z   Using cached orjson-3.11.2-cp311-cp311-manylinux_2_17_x86_64.manylinux2014_x86_64.whl.metadata (1.2 kB)
2025-08-17T13:19:48.2164308Z Collecting email-validator>=2.0.0 (from fastapi[all]->-r requirements-dev.txt (line 10))
2025-08-17T13:19:48.2177156Z   Using cached email_validator-2.2.0-py3-none-any.whl.metadata (25 kB)
2025-08-17T13:19:48.2478650Z Collecting uvicorn>=0.12.0 (from uvicorn[standard]>=0.12.0; extra == "all"->fastapi[all]->-r requirements-dev.txt (line 10))
2025-08-17T13:19:48.2491527Z   Using cached uvicorn-0.35.0-py3-none-any.whl.metadata (6.5 kB)
2025-08-17T13:19:48.2672691Z Collecting pydantic-settings>=2.0.0 (from fastapi[all]->-r requirements-dev.txt (line 10))
2025-08-17T13:19:48.2685785Z   Using cached pydantic_settings-2.10.1-py3-none-any.whl.metadata (3.4 kB)
2025-08-17T13:19:48.2922977Z Collecting pydantic-extra-types>=2.0.0 (from fastapi[all]->-r requirements-dev.txt (line 10))
2025-08-17T13:19:48.2936646Z   Using cached pydantic_extra_types-2.10.5-py3-none-any.whl.metadata (3.9 kB)
2025-08-17T13:19:48.3568412Z Collecting prompt-toolkit>=3.0.36 (from click-repl>=0.2.0->celery==5.4.0->-r requirements-dev.txt (line 8))
2025-08-17T13:19:48.3581519Z   Using cached prompt_toolkit-3.0.51-py3-none-any.whl.metadata (6.4 kB)
2025-08-17T13:19:48.3779549Z Collecting dnspython>=2.0.0 (from email-validator>=2.0.0->fastapi[all]->-r requirements-dev.txt (line 10))
2025-08-17T13:19:48.3792622Z   Using cached dnspython-2.7.0-py3-none-any.whl.metadata (5.8 kB)
2025-08-17T13:19:48.4087195Z Collecting typer>=0.15.1 (from fastapi-cli>=0.0.8->fastapi-cli[standard]>=0.0.8; extra == "all"->fastapi[all]->-r requirements-dev.txt (line 10))
2025-08-17T13:19:48.4099457Z   Using cached typer-0.16.0-py3-none-any.whl.metadata (15 kB)
2025-08-17T13:19:48.4380945Z Collecting rich-toolkit>=0.14.8 (from fastapi-cli>=0.0.8->fastapi-cli[standard]>=0.0.8; extra == "all"->fastapi[all]->-r requirements-dev.txt (line 10))
2025-08-17T13:19:48.4393566Z   Using cached rich_toolkit-0.15.0-py3-none-any.whl.metadata (1.0 kB)
2025-08-17T13:19:48.4557538Z Collecting fastapi-cloud-cli>=0.1.1 (from fastapi-cli[standard]>=0.0.8; extra == "all"->fastapi[all]->-r requirements-dev.txt (line 10))
2025-08-17T13:19:48.4570150Z   Using cached fastapi_cloud_cli-0.1.5-py3-none-any.whl.metadata (3.2 kB)
2025-08-17T13:19:48.5288919Z Collecting rignore>=0.5.1 (from fastapi-cloud-cli>=0.1.1->fastapi-cli[standard]>=0.0.8; extra == "all"->fastapi[all]->-r requirements-dev.txt (line 10))
2025-08-17T13:19:48.5302693Z   Using cached rignore-0.6.4-cp311-cp311-manylinux_2_17_x86_64.manylinux2014_x86_64.whl.metadata (3.8 kB)
2025-08-17T13:19:48.6259767Z Collecting sentry-sdk>=2.20.0 (from fastapi-cloud-cli>=0.1.1->fastapi-cli[standard]>=0.0.8; extra == "all"->fastapi[all]->-r requirements-dev.txt (line 10))
2025-08-17T13:19:48.6336020Z   Downloading sentry_sdk-2.35.0-py2.py3-none-any.whl.metadata (10 kB)
2025-08-17T13:19:48.7242687Z Collecting psutil>=4.0.0 (from mirakuru>=2.6.0->pytest-postgresql==7.0.2->-r requirements-dev.txt (line 24))
2025-08-17T13:19:48.7256693Z   Using cached psutil-7.0.0-cp36-abi3-manylinux_2_12_x86_64.manylinux2010_x86_64.manylinux_2_17_x86_64.manylinux2014_x86_64.whl.metadata (22 kB)
2025-08-17T13:19:48.7611287Z Collecting wcwidth (from prompt-toolkit>=3.0.36->click-repl>=0.2.0->celery==5.4.0->-r requirements-dev.txt (line 8))
2025-08-17T13:19:48.7624212Z   Using cached wcwidth-0.2.13-py2.py3-none-any.whl.metadata (14 kB)
2025-08-17T13:19:48.8933074Z Collecting rich>=13.7.1 (from rich-toolkit>=0.14.8->fastapi-cli>=0.0.8->fastapi-cli[standard]>=0.0.8; extra == "all"->fastapi[all]->-r requirements-dev.txt (line 10))
2025-08-17T13:19:48.8946384Z   Using cached rich-14.1.0-py3-none-any.whl.metadata (18 kB)
2025-08-17T13:19:48.9162216Z Collecting markdown-it-py>=2.2.0 (from rich>=13.7.1->rich-toolkit>=0.14.8->fastapi-cli>=0.0.8->fastapi-cli[standard]>=0.0.8; extra == "all"->fastapi[all]->-r requirements-dev.txt (line 10))
2025-08-17T13:19:48.9174843Z   Using cached markdown_it_py-4.0.0-py3-none-any.whl.metadata (7.3 kB)
2025-08-17T13:19:49.0589160Z Collecting mdurl~=0.1 (from markdown-it-py>=2.2.0->rich>=13.7.1->rich-toolkit>=0.14.8->fastapi-cli>=0.0.8->fastapi-cli[standard]>=0.0.8; extra == "all"->fastapi[all]->-r requirements-dev.txt (line 10))
2025-08-17T13:19:49.0602593Z   Using cached mdurl-0.1.2-py3-none-any.whl.metadata (1.6 kB)
2025-08-17T13:19:49.1078524Z Collecting shellingham>=1.3.0 (from typer>=0.15.1->fastapi-cli>=0.0.8->fastapi-cli[standard]>=0.0.8; extra == "all"->fastapi[all]->-r requirements-dev.txt (line 10))
2025-08-17T13:19:49.1092462Z   Using cached shellingham-1.5.4-py2.py3-none-any.whl.metadata (3.5 kB)
2025-08-17T13:19:49.1765449Z Collecting httptools>=0.6.3 (from uvicorn[standard]>=0.12.0; extra == "all"->fastapi[all]->-r requirements-dev.txt (line 10))
2025-08-17T13:19:49.1779332Z   Using cached httptools-0.6.4-cp311-cp311-manylinux_2_5_x86_64.manylinux1_x86_64.manylinux_2_17_x86_64.manylinux2014_x86_64.whl.metadata (3.6 kB)
2025-08-17T13:19:49.2212472Z Collecting uvloop>=0.15.1 (from uvicorn[standard]>=0.12.0; extra == "all"->fastapi[all]->-r requirements-dev.txt (line 10))
2025-08-17T13:19:49.2225873Z   Using cached uvloop-0.21.0-cp311-cp311-manylinux_2_17_x86_64.manylinux2014_x86_64.whl.metadata (4.9 kB)
2025-08-17T13:19:49.2919252Z Collecting watchfiles>=0.13 (from uvicorn[standard]>=0.12.0; extra == "all"->fastapi[all]->-r requirements-dev.txt (line 10))
2025-08-17T13:19:49.2932830Z   Using cached watchfiles-1.1.0-cp311-cp311-manylinux_2_17_x86_64.manylinux2014_x86_64.whl.metadata (4.9 kB)
2025-08-17T13:19:49.3784427Z Collecting websockets>=10.4 (from uvicorn[standard]>=0.12.0; extra == "all"->fastapi[all]->-r requirements-dev.txt (line 10))
2025-08-17T13:19:49.3799404Z   Using cached websockets-15.0.1-cp311-cp311-manylinux_2_5_x86_64.manylinux1_x86_64.manylinux_2_17_x86_64.manylinux2014_x86_64.whl.metadata (6.8 kB)
2025-08-17T13:19:49.4440045Z Using cached jinja2-3.1.6-py3-none-any.whl (134 kB)
2025-08-17T13:19:49.4454228Z Using cached alembic-1.13.1-py3-none-any.whl (233 kB)
2025-08-17T13:19:49.4469150Z Using cached APScheduler-3.10.4-py3-none-any.whl (59 kB)
2025-08-17T13:19:49.4483037Z Using cached asyncpg-0.30.0-cp311-cp311-manylinux_2_17_x86_64.manylinux2014_x86_64.whl (3.1 MB)
2025-08-17T13:19:49.4520415Z Using cached black-25.1.0-cp311-cp311-manylinux_2_17_x86_64.manylinux2014_x86_64.manylinux_2_28_x86_64.whl (1.7 MB)
2025-08-17T13:19:49.4547305Z Using cached celery-5.4.0-py3-none-any.whl (425 kB)
2025-08-17T13:19:49.4563990Z Using cached fastapi-0.116.1-py3-none-any.whl (95 kB)
2025-08-17T13:19:49.4577641Z Using cached pydantic-2.11.7-py3-none-any.whl (444 kB)
2025-08-17T13:19:49.4593771Z Using cached IMAPClient-3.0.1-py2.py3-none-any.whl (182 kB)
2025-08-17T13:19:49.4608301Z Using cached mypy_extensions-1.1.0-py3-none-any.whl (5.0 kB)
2025-08-17T13:19:49.4621128Z Using cached openpyxl-3.1.5-py2.py3-none-any.whl (250 kB)
2025-08-17T13:19:49.4637371Z Using cached pandas-2.3.1-cp311-cp311-manylinux_2_17_x86_64.manylinux2014_x86_64.whl (12.4 MB)
2025-08-17T13:19:49.4745817Z Using cached psycopg2_binary-2.9.9-cp311-cp311-manylinux_2_17_x86_64.manylinux2014_x86_64.whl (3.0 MB)
2025-08-17T13:19:49.4781453Z Using cached psycopg-3.2.9-py3-none-any.whl (202 kB)
2025-08-17T13:19:49.4796159Z Using cached pytest_asyncio-0.23.6-py3-none-any.whl (17 kB)
2025-08-17T13:19:49.4809184Z Using cached pytest_cov-6.2.1-py3-none-any.whl (24 kB)
2025-08-17T13:19:49.4822814Z Using cached pytest_postgresql-7.0.2-py3-none-any.whl (41 kB)
2025-08-17T13:19:49.4836248Z Using cached python_telegram_bot-22.2-py3-none-any.whl (708 kB)
2025-08-17T13:19:49.4854612Z Using cached requests-2.32.4-py3-none-any.whl (64 kB)
2025-08-17T13:19:49.4868153Z Using cached respx-0.22.0-py2.py3-none-any.whl (25 kB)
2025-08-17T13:19:49.4881994Z Using cached ruff-0.4.4-py3-none-manylinux_2_17_x86_64.manylinux2014_x86_64.whl (8.7 MB)
2025-08-17T13:19:49.4969365Z Using cached SQLAlchemy-2.0.29-cp311-cp311-manylinux_2_17_x86_64.manylinux2014_x86_64.whl (3.2 MB)
2025-08-17T13:19:49.5005769Z Using cached testcontainers-4.10.0-py3-none-any.whl (107 kB)
2025-08-17T13:19:49.5019568Z Using cached types_requests-2.32.0.20240602-py3-none-any.whl (15 kB)
2025-08-17T13:19:49.5032615Z Using cached docspec_python-2.2.2-py3-none-any.whl (15 kB)
2025-08-17T13:19:49.5045444Z Using cached pydoc_markdown-4.8.2-py3-none-any.whl (67 kB)
2025-08-17T13:19:49.5058725Z Using cached docspec-2.2.1-py3-none-any.whl (9.8 kB)
2025-08-17T13:19:49.5071991Z Using cached psycopg_binary-3.2.9-cp311-cp311-manylinux_2_17_x86_64.manylinux2014_x86_64.whl (4.5 MB)
2025-08-17T13:19:49.5117125Z Using cached pydantic_core-2.33.2-cp311-cp311-manylinux_2_17_x86_64.manylinux2014_x86_64.whl (2.0 MB)
2025-08-17T13:19:49.5144142Z Using cached httpx-0.28.1-py3-none-any.whl (73 kB)
2025-08-17T13:19:49.5157893Z Using cached mypy-1.17.1-cp311-cp311-manylinux2014_x86_64.manylinux_2_17_x86_64.manylinux_2_28_x86_64.whl (12.6 MB)
2025-08-17T13:19:49.5259096Z Using cached billiard-4.2.1-py3-none-any.whl (86 kB)
2025-08-17T13:19:49.5273115Z Using cached charset_normalizer-3.4.3-cp311-cp311-manylinux2014_x86_64.manylinux_2_17_x86_64.manylinux_2_28_x86_64.whl (150 kB)
2025-08-17T13:19:49.5286353Z Using cached click-8.2.1-py3-none-any.whl (102 kB)
2025-08-17T13:19:49.5299744Z Using cached databind.core-4.5.2-py3-none-any.whl (1.5 kB)
2025-08-17T13:19:49.5312611Z Using cached databind-4.5.2-py3-none-any.whl (49 kB)
2025-08-17T13:19:49.5325729Z Using cached databind.json-4.5.2-py3-none-any.whl (1.5 kB)
2025-08-17T13:19:49.5338460Z Using cached Deprecated-1.2.18-py2.py3-none-any.whl (10.0 kB)
2025-08-17T13:19:49.5351355Z Using cached httpcore-1.0.9-py3-none-any.whl (78 kB)
2025-08-17T13:19:49.5364663Z Using cached idna-3.10-py3-none-any.whl (70 kB)
2025-08-17T13:19:49.5377669Z Using cached kombu-5.5.4-py3-none-any.whl (210 kB)
2025-08-17T13:19:49.5392386Z Using cached vine-5.1.0-py3-none-any.whl (9.6 kB)
2025-08-17T13:19:49.5405160Z Using cached amqp-5.3.1-py3-none-any.whl (50 kB)
2025-08-17T13:19:49.5418210Z Using cached nr_date-2.1.0-py3-none-any.whl (10 kB)
2025-08-17T13:19:49.5430932Z Using cached nr_stream-1.1.5-py3-none-any.whl (10 kB)
2025-08-17T13:19:49.5443966Z Using cached nr.util-0.8.12-py3-none-any.whl (90 kB)
2025-08-17T13:19:49.5457345Z Using cached pytest-8.4.1-py3-none-any.whl (365 kB)
2025-08-17T13:19:49.5472959Z Using cached pluggy-1.6.0-py3-none-any.whl (20 kB)
2025-08-17T13:19:49.5486100Z Using cached PyYAML-6.0.2-cp311-cp311-manylinux_2_17_x86_64.manylinux2014_x86_64.whl (762 kB)
2025-08-17T13:19:49.5504048Z Using cached starlette-0.47.2-py3-none-any.whl (72 kB)
2025-08-17T13:19:49.5517249Z Using cached anyio-4.10.0-py3-none-any.whl (107 kB)
2025-08-17T13:19:49.5531112Z Using cached tomli-2.2.1-cp311-cp311-manylinux_2_17_x86_64.manylinux2014_x86_64.whl (236 kB)
2025-08-17T13:19:49.5545156Z Using cached tomli_w-1.2.0-py3-none-any.whl (6.7 kB)
2025-08-17T13:19:49.5557850Z Using cached typeapi-2.2.4-py3-none-any.whl (26 kB)
2025-08-17T13:19:49.5570849Z Using cached typing_extensions-4.14.1-py3-none-any.whl (43 kB)
2025-08-17T13:19:49.5583962Z Using cached urllib3-2.5.0-py3-none-any.whl (129 kB)
2025-08-17T13:19:49.5597801Z Using cached wrapt-1.17.3-cp311-cp311-manylinux1_x86_64.manylinux_2_28_x86_64.manylinux_2_5_x86_64.whl (82 kB)
2025-08-17T13:19:49.5676631Z Downloading boto3-1.40.11-py3-none-any.whl (140 kB)
2025-08-17T13:19:49.5967810Z Downloading botocore-1.40.11-py3-none-any.whl (14.0 MB)
2025-08-17T13:19:49.6965401Z    ━━━━━━━━━━━━━━━━━━━━━━━━━━━━━━━━━━━━━━━━ 14.0/14.0 MB 149.4 MB/s  0:00:00
2025-08-17T13:19:49.6980046Z Using cached jmespath-1.0.1-py3-none-any.whl (20 kB)
2025-08-17T13:19:49.6993769Z Using cached python_dateutil-2.9.0.post0-py2.py3-none-any.whl (229 kB)
2025-08-17T13:19:49.7008280Z Using cached s3transfer-0.13.1-py3-none-any.whl (85 kB)
2025-08-17T13:19:49.7022162Z Using cached itsdangerous-2.2.0-py3-none-any.whl (16 kB)
2025-08-17T13:19:49.7035373Z Using cached python_dotenv-1.1.1-py3-none-any.whl (20 kB)
2025-08-17T13:19:49.7048516Z Using cached python_multipart-0.0.20-py3-none-any.whl (24 kB)
2025-08-17T13:19:49.7062119Z Using cached annotated_types-0.7.0-py3-none-any.whl (13 kB)
2025-08-17T13:19:49.7075384Z Using cached certifi-2025.8.3-py3-none-any.whl (161 kB)
2025-08-17T13:19:49.7089611Z Using cached click_didyoumean-0.3.1-py3-none-any.whl (3.6 kB)
2025-08-17T13:19:49.7102672Z Using cached click_plugins-1.1.1.2-py2.py3-none-any.whl (11 kB)
2025-08-17T13:19:49.7115552Z Using cached click_repl-0.3.0-py3-none-any.whl (10 kB)
2025-08-17T13:19:49.7205765Z Downloading coverage-7.10.4-cp311-cp311-manylinux1_x86_64.manylinux_2_28_x86_64.manylinux_2_5_x86_64.whl (249 kB)
2025-08-17T13:19:49.7275747Z Using cached email_validator-2.2.0-py3-none-any.whl (33 kB)
2025-08-17T13:19:49.7288797Z Using cached dnspython-2.7.0-py3-none-any.whl (313 kB)
2025-08-17T13:19:49.7304766Z Using cached fastapi_cli-0.0.8-py3-none-any.whl (10 kB)
2025-08-17T13:19:49.7317601Z Using cached fastapi_cloud_cli-0.1.5-py3-none-any.whl (18 kB)
2025-08-17T13:19:49.7330919Z Using cached greenlet-3.2.4-cp311-cp311-manylinux_2_24_x86_64.manylinux_2_28_x86_64.whl (587 kB)
2025-08-17T13:19:49.7347967Z Using cached h11-0.16.0-py3-none-any.whl (37 kB)
2025-08-17T13:19:49.7361859Z Using cached iniconfig-2.1.0-py3-none-any.whl (6.0 kB)
2025-08-17T13:19:49.7375423Z Using cached MarkupSafe-3.0.2-cp311-cp311-manylinux_2_17_x86_64.manylinux2014_x86_64.whl (23 kB)
2025-08-17T13:19:49.7388208Z Using cached mirakuru-2.6.1-py3-none-any.whl (26 kB)
2025-08-17T13:19:49.7401351Z Using cached numpy-2.3.2-cp311-cp311-manylinux_2_27_x86_64.manylinux_2_28_x86_64.whl (16.9 MB)
2025-08-17T13:19:49.7534679Z Using cached orjson-3.11.2-cp311-cp311-manylinux_2_17_x86_64.manylinux2014_x86_64.whl (121 kB)
2025-08-17T13:19:49.7548093Z Using cached packaging-25.0-py3-none-any.whl (66 kB)
2025-08-17T13:19:49.7561505Z Using cached pathspec-0.12.1-py3-none-any.whl (31 kB)
2025-08-17T13:19:49.7574906Z Using cached platformdirs-4.3.8-py3-none-any.whl (18 kB)
2025-08-17T13:19:49.7587649Z Using cached port_for-0.7.4-py3-none-any.whl (21 kB)
2025-08-17T13:19:49.7600712Z Using cached prompt_toolkit-3.0.51-py3-none-any.whl (387 kB)
2025-08-17T13:19:49.7617371Z Using cached psutil-7.0.0-cp36-abi3-manylinux_2_12_x86_64.manylinux2010_x86_64.manylinux_2_17_x86_64.manylinux2014_x86_64.whl (277 kB)
2025-08-17T13:19:49.7631869Z Using cached pydantic_extra_types-2.10.5-py3-none-any.whl (38 kB)
2025-08-17T13:19:49.7645128Z Using cached pydantic_settings-2.10.1-py3-none-any.whl (45 kB)
2025-08-17T13:19:49.7658322Z Using cached pygments-2.19.2-py3-none-any.whl (1.2 MB)
2025-08-17T13:19:49.7680074Z Using cached pytz-2025.2-py2.py3-none-any.whl (509 kB)
2025-08-17T13:19:49.7696394Z Using cached rich_toolkit-0.15.0-py3-none-any.whl (29 kB)
2025-08-17T13:19:49.7709482Z Using cached rich-14.1.0-py3-none-any.whl (243 kB)
2025-08-17T13:19:49.7724181Z Using cached markdown_it_py-4.0.0-py3-none-any.whl (87 kB)
2025-08-17T13:19:49.7737551Z Using cached mdurl-0.1.2-py3-none-any.whl (10.0 kB)
2025-08-17T13:19:49.7750691Z Using cached rignore-0.6.4-cp311-cp311-manylinux_2_17_x86_64.manylinux2014_x86_64.whl (950 kB)
2025-08-17T13:19:49.7831518Z Downloading sentry_sdk-2.35.0-py2.py3-none-any.whl (363 kB)
2025-08-17T13:19:49.7880800Z Using cached six-1.17.0-py2.py3-none-any.whl (11 kB)
2025-08-17T13:19:49.7894075Z Using cached sniffio-1.3.1-py3-none-any.whl (10 kB)
2025-08-17T13:19:49.7907210Z Using cached typer-0.16.0-py3-none-any.whl (46 kB)
2025-08-17T13:19:49.7920110Z Using cached shellingham-1.5.4-py2.py3-none-any.whl (9.8 kB)
2025-08-17T13:19:49.7933130Z Using cached typing_inspection-0.4.1-py3-none-any.whl (14 kB)
2025-08-17T13:19:49.7945958Z Using cached tzdata-2025.2-py2.py3-none-any.whl (347 kB)
2025-08-17T13:19:49.7961174Z Using cached tzlocal-5.3.1-py3-none-any.whl (18 kB)
2025-08-17T13:19:49.7974814Z Using cached ujson-5.10.0-cp311-cp311-manylinux_2_17_x86_64.manylinux2014_x86_64.whl (53 kB)
2025-08-17T13:19:49.7987815Z Using cached uvicorn-0.35.0-py3-none-any.whl (66 kB)
2025-08-17T13:19:49.8001958Z Using cached httptools-0.6.4-cp311-cp311-manylinux_2_5_x86_64.manylinux1_x86_64.manylinux_2_17_x86_64.manylinux2014_x86_64.whl (459 kB)
2025-08-17T13:19:49.8018422Z Using cached uvloop-0.21.0-cp311-cp311-manylinux_2_17_x86_64.manylinux2014_x86_64.whl (4.0 MB)
2025-08-17T13:19:49.8061470Z Using cached watchfiles-1.1.0-cp311-cp311-manylinux_2_17_x86_64.manylinux2014_x86_64.whl (453 kB)
2025-08-17T13:19:49.8078056Z Using cached websockets-15.0.1-cp311-cp311-manylinux_2_5_x86_64.manylinux1_x86_64.manylinux_2_17_x86_64.manylinux2014_x86_64.whl (182 kB)
2025-08-17T13:19:49.8091478Z Using cached yapf-0.43.0-py3-none-any.whl (256 kB)
2025-08-17T13:19:49.8106368Z Using cached docker-7.1.0-py3-none-any.whl (147 kB)
2025-08-17T13:19:49.8120026Z Using cached et_xmlfile-2.0.0-py3-none-any.whl (18 kB)
2025-08-17T13:19:49.8133204Z Using cached mako-1.3.10-py3-none-any.whl (78 kB)
2025-08-17T13:19:49.8147142Z Using cached watchdog-6.0.0-py3-none-manylinux2014_x86_64.whl (79 kB)
2025-08-17T13:19:49.8160833Z Using cached wcwidth-0.2.13-py2.py3-none-any.whl (34 kB)
2025-08-17T13:19:50.1857660Z Installing collected packages: wcwidth, pytz, wrapt, websockets, watchdog, vine, uvloop, urllib3, ujson, tzlocal, tzdata, typing-extensions, tomli_w, tomli, sniffio, six, shellingham, ruff, rignore, PyYAML, python-multipart, python-dotenv, pygments, psycopg2-binary, psycopg-binary, psutil, prompt-toolkit, port-for, pluggy, platformdirs, pathspec, packaging, orjson, numpy, nr-stream, nr-date, mypy-extensions, mdurl, MarkupSafe, jmespath, itsdangerous, iniconfig, imapclient, idna, httptools, h11, greenlet, et-xmlfile, docstring-parser, dnspython, coverage, click, charset_normalizer, certifi, billiard, asyncpg, annotated-types, yapf, uvicorn, typing-inspection, types-requests, typeapi, sqlalchemy, sentry-sdk, requests, python-dateutil, pytest, pydantic-core, psycopg, openpyxl, mypy, mirakuru, markdown-it-py, Mako, Jinja2, httpcore, email-validator, Deprecated, click-repl, click-plugins, click-didyoumean, black, apscheduler, anyio, amqp, watchfiles, starlette, rich, pytest-postgresql, pytest-cov, pytest-asyncio, pydantic, pandas, nr-util, kombu, httpx, docker, databind, botocore, alembic, typer, testcontainers, s3transfer, rich-toolkit, respx, python-telegram-bot, pydantic-settings, pydantic-extra-types, fastapi, databind.json, databind.core, celery, fastapi-cloud-cli, fastapi-cli, docspec, boto3, docspec-python, pydoc-markdown
2025-08-17T13:20:05.3994152Z 
2025-08-17T13:20:05.4053359Z Successfully installed Deprecated-1.2.18 Jinja2-3.1.6 Mako-1.3.10 MarkupSafe-3.0.2 PyYAML-6.0.2 alembic-1.13.1 amqp-5.3.1 annotated-types-0.7.0 anyio-4.10.0 apscheduler-3.10.4 asyncpg-0.30.0 billiard-4.2.1 black-25.1.0 boto3-1.40.11 botocore-1.40.11 celery-5.4.0 certifi-2025.8.3 charset_normalizer-3.4.3 click-8.2.1 click-didyoumean-0.3.1 click-plugins-1.1.1.2 click-repl-0.3.0 coverage-7.10.4 databind-4.5.2 databind.core-4.5.2 databind.json-4.5.2 dnspython-2.7.0 docker-7.1.0 docspec-2.2.1 docspec-python-2.2.2 docstring-parser-0.11 email-validator-2.2.0 et-xmlfile-2.0.0 fastapi-0.116.1 fastapi-cli-0.0.8 fastapi-cloud-cli-0.1.5 greenlet-3.2.4 h11-0.16.0 httpcore-1.0.9 httptools-0.6.4 httpx-0.28.1 idna-3.10 imapclient-3.0.1 iniconfig-2.1.0 itsdangerous-2.2.0 jmespath-1.0.1 kombu-5.5.4 markdown-it-py-4.0.0 mdurl-0.1.2 mirakuru-2.6.1 mypy-1.17.1 mypy-extensions-1.1.0 nr-date-2.1.0 nr-stream-1.1.5 nr-util-0.8.12 numpy-2.3.2 openpyxl-3.1.5 orjson-3.11.2 packaging-25.0 pandas-2.3.1 pathspec-0.12.1 platformdirs-4.3.8 pluggy-1.6.0 port-for-0.7.4 prompt-toolkit-3.0.51 psutil-7.0.0 psycopg-3.2.9 psycopg-binary-3.2.9 psycopg2-binary-2.9.9 pydantic-2.11.7 pydantic-core-2.33.2 pydantic-extra-types-2.10.5 pydantic-settings-2.10.1 pydoc-markdown-4.8.2 pygments-2.19.2 pytest-8.4.1 pytest-asyncio-0.23.6 pytest-cov-6.2.1 pytest-postgresql-7.0.2 python-dateutil-2.9.0.post0 python-dotenv-1.1.1 python-multipart-0.0.20 python-telegram-bot-22.2 pytz-2025.2 requests-2.32.4 respx-0.22.0 rich-14.1.0 rich-toolkit-0.15.0 rignore-0.6.4 ruff-0.4.4 s3transfer-0.13.1 sentry-sdk-2.35.0 shellingham-1.5.4 six-1.17.0 sniffio-1.3.1 sqlalchemy-2.0.29 starlette-0.47.2 testcontainers-4.10.0 tomli-2.2.1 tomli_w-1.2.0 typeapi-2.2.4 typer-0.16.0 types-requests-2.32.0.20240602 typing-extensions-4.14.1 typing-inspection-0.4.1 tzdata-2025.2 tzlocal-5.3.1 ujson-5.10.0 urllib3-2.5.0 uvicorn-0.35.0 uvloop-0.21.0 vine-5.1.0 watchdog-6.0.0 watchfiles-1.1.0 wcwidth-0.2.13 websockets-15.0.1 wrapt-1.17.3 yapf-0.43.0
2025-08-17T13:20:06.7355475Z Collecting keepa==1.3.15
2025-08-17T13:20:06.7370207Z   Using cached keepa-1.3.15-py3-none-any.whl.metadata (11 kB)
2025-08-17T13:20:06.7662177Z Collecting minio==7.1.15
2025-08-17T13:20:06.7676333Z   Using cached minio-7.1.15-py3-none-any.whl.metadata (4.2 kB)
2025-08-17T13:20:06.7700413Z Requirement already satisfied: numpy>=1.9.3 in /opt/hostedtoolcache/Python/3.11.13/x64/lib/python3.11/site-packages (from keepa==1.3.15) (2.3.2)
2025-08-17T13:20:06.7705762Z Requirement already satisfied: requests>=2.2 in /opt/hostedtoolcache/Python/3.11.13/x64/lib/python3.11/site-packages (from keepa==1.3.15) (2.32.4)
2025-08-17T13:20:06.8044794Z Collecting tqdm (from keepa==1.3.15)
2025-08-17T13:20:06.8058994Z   Using cached tqdm-4.67.1-py3-none-any.whl.metadata (57 kB)
2025-08-17T13:20:07.2809572Z Collecting aiohttp (from keepa==1.3.15)
2025-08-17T13:20:07.2826239Z   Using cached aiohttp-3.12.15-cp311-cp311-manylinux_2_17_x86_64.manylinux2014_x86_64.whl.metadata (7.7 kB)
2025-08-17T13:20:07.2856575Z Requirement already satisfied: pandas<=3.0 in /opt/hostedtoolcache/Python/3.11.13/x64/lib/python3.11/site-packages (from keepa==1.3.15) (2.3.1)
2025-08-17T13:20:07.2861227Z Requirement already satisfied: pydantic in /opt/hostedtoolcache/Python/3.11.13/x64/lib/python3.11/site-packages (from keepa==1.3.15) (2.11.7)
2025-08-17T13:20:07.2869615Z Requirement already satisfied: certifi in /opt/hostedtoolcache/Python/3.11.13/x64/lib/python3.11/site-packages (from minio==7.1.15) (2025.8.3)
2025-08-17T13:20:07.2873055Z Requirement already satisfied: urllib3 in /opt/hostedtoolcache/Python/3.11.13/x64/lib/python3.11/site-packages (from minio==7.1.15) (2.5.0)
2025-08-17T13:20:07.2922352Z Requirement already satisfied: python-dateutil>=2.8.2 in /opt/hostedtoolcache/Python/3.11.13/x64/lib/python3.11/site-packages (from pandas<=3.0->keepa==1.3.15) (2.9.0.post0)
2025-08-17T13:20:07.2927748Z Requirement already satisfied: pytz>=2020.1 in /opt/hostedtoolcache/Python/3.11.13/x64/lib/python3.11/site-packages (from pandas<=3.0->keepa==1.3.15) (2025.2)
2025-08-17T13:20:07.2932946Z Requirement already satisfied: tzdata>=2022.7 in /opt/hostedtoolcache/Python/3.11.13/x64/lib/python3.11/site-packages (from pandas<=3.0->keepa==1.3.15) (2025.2)
2025-08-17T13:20:07.3046205Z Requirement already satisfied: six>=1.5 in /opt/hostedtoolcache/Python/3.11.13/x64/lib/python3.11/site-packages (from python-dateutil>=2.8.2->pandas<=3.0->keepa==1.3.15) (1.17.0)
2025-08-17T13:20:07.3064064Z Requirement already satisfied: charset_normalizer<4,>=2 in /opt/hostedtoolcache/Python/3.11.13/x64/lib/python3.11/site-packages (from requests>=2.2->keepa==1.3.15) (3.4.3)
2025-08-17T13:20:07.3069649Z Requirement already satisfied: idna<4,>=2.5 in /opt/hostedtoolcache/Python/3.11.13/x64/lib/python3.11/site-packages (from requests>=2.2->keepa==1.3.15) (3.10)
2025-08-17T13:20:07.3301480Z Collecting aiohappyeyeballs>=2.5.0 (from aiohttp->keepa==1.3.15)
2025-08-17T13:20:07.3316090Z   Using cached aiohappyeyeballs-2.6.1-py3-none-any.whl.metadata (5.9 kB)
2025-08-17T13:20:07.3455246Z Collecting aiosignal>=1.4.0 (from aiohttp->keepa==1.3.15)
2025-08-17T13:20:07.3468678Z   Using cached aiosignal-1.4.0-py3-none-any.whl.metadata (3.7 kB)
2025-08-17T13:20:07.3653758Z Collecting attrs>=17.3.0 (from aiohttp->keepa==1.3.15)
2025-08-17T13:20:07.3674565Z   Using cached attrs-25.3.0-py3-none-any.whl.metadata (10 kB)
2025-08-17T13:20:07.4568096Z Collecting frozenlist>=1.1.1 (from aiohttp->keepa==1.3.15)
2025-08-17T13:20:07.4584416Z   Using cached frozenlist-1.7.0-cp311-cp311-manylinux_2_5_x86_64.manylinux1_x86_64.manylinux_2_17_x86_64.manylinux2014_x86_64.whl.metadata (18 kB)
2025-08-17T13:20:07.6763657Z Collecting multidict<7.0,>=4.5 (from aiohttp->keepa==1.3.15)
2025-08-17T13:20:07.6779023Z   Using cached multidict-6.6.4-cp311-cp311-manylinux2014_x86_64.manylinux_2_17_x86_64.manylinux_2_28_x86_64.whl.metadata (5.3 kB)
2025-08-17T13:20:07.7205016Z Collecting propcache>=0.2.0 (from aiohttp->keepa==1.3.15)
2025-08-17T13:20:07.7218624Z   Using cached propcache-0.3.2-cp311-cp311-manylinux_2_17_x86_64.manylinux2014_x86_64.whl.metadata (12 kB)
2025-08-17T13:20:07.9701498Z Collecting yarl<2.0,>=1.17.0 (from aiohttp->keepa==1.3.15)
2025-08-17T13:20:07.9716504Z   Using cached yarl-1.20.1-cp311-cp311-manylinux_2_17_x86_64.manylinux2014_x86_64.whl.metadata (73 kB)
2025-08-17T13:20:07.9908091Z Requirement already satisfied: typing-extensions>=4.2 in /opt/hostedtoolcache/Python/3.11.13/x64/lib/python3.11/site-packages (from aiosignal>=1.4.0->aiohttp->keepa==1.3.15) (4.14.1)
2025-08-17T13:20:07.9951325Z Requirement already satisfied: annotated-types>=0.6.0 in /opt/hostedtoolcache/Python/3.11.13/x64/lib/python3.11/site-packages (from pydantic->keepa==1.3.15) (0.7.0)
2025-08-17T13:20:07.9956102Z Requirement already satisfied: pydantic-core==2.33.2 in /opt/hostedtoolcache/Python/3.11.13/x64/lib/python3.11/site-packages (from pydantic->keepa==1.3.15) (2.33.2)
2025-08-17T13:20:07.9962370Z Requirement already satisfied: typing-inspection>=0.4.0 in /opt/hostedtoolcache/Python/3.11.13/x64/lib/python3.11/site-packages (from pydantic->keepa==1.3.15) (0.4.1)
2025-08-17T13:20:08.0018836Z Using cached keepa-1.3.15-py3-none-any.whl (38 kB)
2025-08-17T13:20:08.0032044Z Using cached minio-7.1.15-py3-none-any.whl (77 kB)
2025-08-17T13:20:08.0045437Z Using cached aiohttp-3.12.15-cp311-cp311-manylinux_2_17_x86_64.manylinux2014_x86_64.whl (1.7 MB)
2025-08-17T13:20:08.0070551Z Using cached multidict-6.6.4-cp311-cp311-manylinux2014_x86_64.manylinux_2_17_x86_64.manylinux_2_28_x86_64.whl (246 kB)
2025-08-17T13:20:08.0084962Z Using cached yarl-1.20.1-cp311-cp311-manylinux_2_17_x86_64.manylinux2014_x86_64.whl (348 kB)
2025-08-17T13:20:08.0099976Z Using cached aiohappyeyeballs-2.6.1-py3-none-any.whl (15 kB)
2025-08-17T13:20:08.0112893Z Using cached aiosignal-1.4.0-py3-none-any.whl (7.5 kB)
2025-08-17T13:20:08.0125638Z Using cached attrs-25.3.0-py3-none-any.whl (63 kB)
2025-08-17T13:20:08.0139119Z Using cached frozenlist-1.7.0-cp311-cp311-manylinux_2_5_x86_64.manylinux1_x86_64.manylinux_2_17_x86_64.manylinux2014_x86_64.whl (235 kB)
2025-08-17T13:20:08.0153431Z Using cached propcache-0.3.2-cp311-cp311-manylinux_2_17_x86_64.manylinux2014_x86_64.whl (213 kB)
2025-08-17T13:20:08.0167299Z Using cached tqdm-4.67.1-py3-none-any.whl (78 kB)
2025-08-17T13:20:08.1574287Z Installing collected packages: tqdm, propcache, multidict, minio, frozenlist, attrs, aiohappyeyeballs, yarl, aiosignal, aiohttp, keepa
2025-08-17T13:20:08.5501385Z 
2025-08-17T13:20:08.5553068Z Successfully installed aiohappyeyeballs-2.6.1 aiohttp-3.12.15 aiosignal-1.4.0 attrs-25.3.0 frozenlist-1.7.0 keepa-1.3.15 minio-7.1.15 multidict-6.6.4 propcache-0.3.2 tqdm-4.67.1 yarl-1.20.1
2025-08-17T13:20:08.7165283Z ##[group]Run sudo apt-get update
2025-08-17T13:20:08.7165611Z [36;1msudo apt-get update[0m
2025-08-17T13:20:08.7165888Z [36;1msudo apt-get install -y postgresql[0m
2025-08-17T13:20:08.7166370Z [36;1mecho "/usr/lib/postgresql/$(pg_config --version | cut -d' ' -f2 | cut -d'.' -f1,2)/bin" >> $GITHUB_PATH[0m
2025-08-17T13:20:08.7206556Z shell: /usr/bin/bash -e {0}
2025-08-17T13:20:08.7206797Z env:
2025-08-17T13:20:08.7206973Z   PG_USER: postgres
2025-08-17T13:20:08.7207174Z   PG_PASSWORD: pass
2025-08-17T13:20:08.7207370Z   PG_DATABASE: awa
2025-08-17T13:20:08.7207569Z   PG_HOST: localhost
2025-08-17T13:20:08.7207764Z   PG_PORT: 5432
2025-08-17T13:20:08.7208213Z   PG_SYNC_DSN: ***localhost:5432/awa
2025-08-17T13:20:08.7208618Z   PG_ASYNC_DSN: ***localhost:5432/awa
2025-08-17T13:20:08.7209011Z   DATABASE_URL: ***localhost:5432/awa
2025-08-17T13:20:08.7209253Z   DATA_DIR: /tmp/awa-data
2025-08-17T13:20:08.7209459Z   ENABLE_LIVE: 0
2025-08-17T13:20:08.7209637Z   TESTING: 1
2025-08-17T13:20:08.7209908Z   pythonLocation: /opt/hostedtoolcache/Python/3.11.13/x64
2025-08-17T13:20:08.7210308Z   PKG_CONFIG_PATH: /opt/hostedtoolcache/Python/3.11.13/x64/lib/pkgconfig
2025-08-17T13:20:08.7210713Z   Python_ROOT_DIR: /opt/hostedtoolcache/Python/3.11.13/x64
2025-08-17T13:20:08.7211070Z   Python2_ROOT_DIR: /opt/hostedtoolcache/Python/3.11.13/x64
2025-08-17T13:20:08.7211423Z   Python3_ROOT_DIR: /opt/hostedtoolcache/Python/3.11.13/x64
2025-08-17T13:20:08.7211908Z   LD_LIBRARY_PATH: /opt/hostedtoolcache/Python/3.11.13/x64/lib
2025-08-17T13:20:08.7212207Z ##[endgroup]
2025-08-17T13:20:08.8102443Z Get:1 file:/etc/apt/apt-mirrors.txt Mirrorlist [144 B]
2025-08-17T13:20:08.8532647Z Hit:6 https://packages.microsoft.com/repos/azure-cli noble InRelease
2025-08-17T13:20:08.8535677Z Hit:2 http://azure.archive.ubuntu.com/ubuntu noble InRelease
2025-08-17T13:20:08.8548134Z Get:7 https://packages.microsoft.com/ubuntu/24.04/prod noble InRelease [3600 B]
2025-08-17T13:20:08.8564441Z Get:3 http://azure.archive.ubuntu.com/ubuntu noble-updates InRelease [126 kB]
2025-08-17T13:20:08.8617622Z Get:4 http://azure.archive.ubuntu.com/ubuntu noble-backports InRelease [126 kB]
2025-08-17T13:20:08.8634543Z Get:5 http://azure.archive.ubuntu.com/ubuntu noble-security InRelease [126 kB]
2025-08-17T13:20:09.0286907Z Get:8 https://packages.microsoft.com/ubuntu/24.04/prod noble/main amd64 Packages [47.9 kB]
2025-08-17T13:20:09.0532723Z Get:9 https://packages.microsoft.com/ubuntu/24.04/prod noble/main arm64 Packages [33.0 kB]
2025-08-17T13:20:09.0766002Z Get:10 http://azure.archive.ubuntu.com/ubuntu noble-updates/main amd64 Packages [1325 kB]
2025-08-17T13:20:09.0841376Z Get:11 http://azure.archive.ubuntu.com/ubuntu noble-updates/main Translation-en [265 kB]
2025-08-17T13:20:09.0870591Z Get:12 http://azure.archive.ubuntu.com/ubuntu noble-updates/main amd64 Components [175 kB]
2025-08-17T13:20:09.0892835Z Get:13 http://azure.archive.ubuntu.com/ubuntu noble-updates/universe amd64 Packages [1120 kB]
2025-08-17T13:20:09.0964832Z Get:14 http://azure.archive.ubuntu.com/ubuntu noble-updates/universe Translation-en [287 kB]
2025-08-17T13:20:09.0988535Z Get:15 http://azure.archive.ubuntu.com/ubuntu noble-updates/universe amd64 Components [377 kB]
2025-08-17T13:20:09.1021023Z Get:16 http://azure.archive.ubuntu.com/ubuntu noble-updates/restricted amd64 Packages [1672 kB]
2025-08-17T13:20:09.1113407Z Get:17 http://azure.archive.ubuntu.com/ubuntu noble-updates/restricted Translation-en [367 kB]
2025-08-17T13:20:09.1139125Z Get:18 http://azure.archive.ubuntu.com/ubuntu noble-updates/restricted amd64 Components [212 B]
2025-08-17T13:20:09.1151503Z Get:19 http://azure.archive.ubuntu.com/ubuntu noble-updates/multiverse amd64 Components [940 B]
2025-08-17T13:20:09.1721041Z Get:20 http://azure.archive.ubuntu.com/ubuntu noble-backports/main amd64 Components [7104 B]
2025-08-17T13:20:09.1738123Z Get:21 http://azure.archive.ubuntu.com/ubuntu noble-backports/universe amd64 Packages [30.2 kB]
2025-08-17T13:20:09.1752358Z Get:22 http://azure.archive.ubuntu.com/ubuntu noble-backports/universe Translation-en [17.4 kB]
2025-08-17T13:20:09.1760953Z Get:23 http://azure.archive.ubuntu.com/ubuntu noble-backports/universe amd64 Components [19.2 kB]
2025-08-17T13:20:09.1800351Z Get:24 http://azure.archive.ubuntu.com/ubuntu noble-backports/restricted amd64 Components [216 B]
2025-08-17T13:20:09.1802055Z Get:25 http://azure.archive.ubuntu.com/ubuntu noble-backports/multiverse amd64 Components [212 B]
2025-08-17T13:20:09.1817594Z Get:26 http://azure.archive.ubuntu.com/ubuntu noble-security/main amd64 Packages [1060 kB]
2025-08-17T13:20:09.1881951Z Get:27 http://azure.archive.ubuntu.com/ubuntu noble-security/main Translation-en [184 kB]
2025-08-17T13:20:09.1903653Z Get:28 http://azure.archive.ubuntu.com/ubuntu noble-security/main amd64 Components [21.6 kB]
2025-08-17T13:20:09.1914407Z Get:29 http://azure.archive.ubuntu.com/ubuntu noble-security/universe amd64 Packages [879 kB]
2025-08-17T13:20:09.1966793Z Get:30 http://azure.archive.ubuntu.com/ubuntu noble-security/universe Translation-en [194 kB]
2025-08-17T13:20:09.1988136Z Get:31 http://azure.archive.ubuntu.com/ubuntu noble-security/universe amd64 Components [52.2 kB]
2025-08-17T13:20:09.2007546Z Get:32 http://azure.archive.ubuntu.com/ubuntu noble-security/restricted amd64 Packages [1572 kB]
2025-08-17T13:20:09.2143351Z Get:33 http://azure.archive.ubuntu.com/ubuntu noble-security/restricted Translation-en [346 kB]
2025-08-17T13:20:09.2598766Z Get:34 http://azure.archive.ubuntu.com/ubuntu noble-security/restricted amd64 Components [212 B]
2025-08-17T13:20:09.2609022Z Get:35 http://azure.archive.ubuntu.com/ubuntu noble-security/multiverse amd64 Components [212 B]
2025-08-17T13:20:16.0387336Z Fetched 10.4 MB in 1s (7896 kB/s)
2025-08-17T13:20:16.7302902Z Reading package lists...
2025-08-17T13:20:16.7618381Z Reading package lists...
2025-08-17T13:20:16.9240079Z Building dependency tree...
2025-08-17T13:20:16.9247662Z Reading state information...
2025-08-17T13:20:17.0745940Z Suggested packages:
2025-08-17T13:20:17.0746387Z   postgresql-doc
2025-08-17T13:20:17.0905489Z The following NEW packages will be installed:
2025-08-17T13:20:17.0906154Z   postgresql
2025-08-17T13:20:17.1073736Z 0 upgraded, 1 newly installed, 0 to remove and 36 not upgraded.
2025-08-17T13:20:17.1074332Z Need to get 11.6 kB of archives.
2025-08-17T13:20:17.1074719Z After this operation, 17.4 kB of additional disk space will be used.
2025-08-17T13:20:17.1075113Z Get:1 file:/etc/apt/apt-mirrors.txt Mirrorlist [144 B]
2025-08-17T13:20:17.1497286Z Get:2 http://azure.archive.ubuntu.com/ubuntu noble-updates/main amd64 postgresql all 16+257build1.1 [11.6 kB]
2025-08-17T13:20:17.4054427Z Fetched 11.6 kB in 0s (220 kB/s)
2025-08-17T13:20:17.4304159Z Selecting previously unselected package postgresql.
2025-08-17T13:20:17.4538156Z (Reading database ... 
2025-08-17T13:20:17.4538441Z (Reading database ... 5%
2025-08-17T13:20:17.4538827Z (Reading database ... 10%
2025-08-17T13:20:17.4539175Z (Reading database ... 15%
2025-08-17T13:20:17.4539493Z (Reading database ... 20%
2025-08-17T13:20:17.4539857Z (Reading database ... 25%
2025-08-17T13:20:17.4540207Z (Reading database ... 30%
2025-08-17T13:20:17.4540565Z (Reading database ... 35%
2025-08-17T13:20:17.4540897Z (Reading database ... 40%
2025-08-17T13:20:17.4541199Z (Reading database ... 45%
2025-08-17T13:20:17.4542014Z (Reading database ... 50%
2025-08-17T13:20:17.4775254Z (Reading database ... 55%
2025-08-17T13:20:17.5062690Z (Reading database ... 60%
2025-08-17T13:20:17.5363198Z (Reading database ... 65%
2025-08-17T13:20:17.5647953Z (Reading database ... 70%
2025-08-17T13:20:17.5900010Z (Reading database ... 75%
2025-08-17T13:20:17.6245758Z (Reading database ... 80%
2025-08-17T13:20:17.6913799Z (Reading database ... 85%
2025-08-17T13:20:17.7713884Z (Reading database ... 90%
2025-08-17T13:20:17.8333308Z (Reading database ... 95%
2025-08-17T13:20:17.8333786Z (Reading database ... 100%
2025-08-17T13:20:17.8334372Z (Reading database ... 219881 files and directories currently installed.)
2025-08-17T13:20:17.8376979Z Preparing to unpack .../postgresql_16+257build1.1_all.deb ...
2025-08-17T13:20:17.8400653Z Unpacking postgresql (16+257build1.1) ...
2025-08-17T13:20:17.8803943Z Setting up postgresql (16+257build1.1) ...
2025-08-17T13:20:18.5386748Z 
2025-08-17T13:20:18.5387268Z Running kernel seems to be up-to-date.
2025-08-17T13:20:18.5387774Z 
2025-08-17T13:20:18.5387974Z Restarting services...
2025-08-17T13:20:18.5458121Z 
2025-08-17T13:20:18.5458432Z Service restarts being deferred:
2025-08-17T13:20:18.5460420Z  systemctl restart hosted-compute-agent.service
2025-08-17T13:20:18.5460836Z 
2025-08-17T13:20:18.5461011Z No containers need to be restarted.
2025-08-17T13:20:18.5461318Z 
2025-08-17T13:20:18.5461508Z No user sessions are running outdated binaries.
2025-08-17T13:20:18.5463412Z 
2025-08-17T13:20:18.5463873Z No VM guests are running outdated hypervisor (qemu) binaries on this host.
2025-08-17T13:20:19.3715361Z ##[group]Run pytest tests/db -q --cov=services --cov-append --cov-fail-under=0
2025-08-17T13:20:19.3715895Z [36;1mpytest tests/db -q --cov=services --cov-append --cov-fail-under=0[0m
2025-08-17T13:20:19.3756109Z shell: /usr/bin/bash -e {0}
2025-08-17T13:20:19.3756345Z env:
2025-08-17T13:20:19.3756519Z   PG_USER: postgres
2025-08-17T13:20:19.3756720Z   PG_PASSWORD: pass
2025-08-17T13:20:19.3756922Z   PG_DATABASE: awa
2025-08-17T13:20:19.3757110Z   PG_HOST: localhost
2025-08-17T13:20:19.3757306Z   PG_PORT: 5432
2025-08-17T13:20:19.3757761Z   PG_SYNC_DSN: ***localhost:5432/awa
2025-08-17T13:20:19.3758162Z   PG_ASYNC_DSN: ***localhost:5432/awa
2025-08-17T13:20:19.3758548Z   DATABASE_URL: ***localhost:5432/awa
2025-08-17T13:20:19.3758785Z   DATA_DIR: /tmp/awa-data
2025-08-17T13:20:19.3758987Z   ENABLE_LIVE: 0
2025-08-17T13:20:19.3759165Z   TESTING: 1
2025-08-17T13:20:19.3759407Z   pythonLocation: /opt/hostedtoolcache/Python/3.11.13/x64
2025-08-17T13:20:19.3759834Z   PKG_CONFIG_PATH: /opt/hostedtoolcache/Python/3.11.13/x64/lib/pkgconfig
2025-08-17T13:20:19.3760235Z   Python_ROOT_DIR: /opt/hostedtoolcache/Python/3.11.13/x64
2025-08-17T13:20:19.3760596Z   Python2_ROOT_DIR: /opt/hostedtoolcache/Python/3.11.13/x64
2025-08-17T13:20:19.3760951Z   Python3_ROOT_DIR: /opt/hostedtoolcache/Python/3.11.13/x64
2025-08-17T13:20:19.3761306Z   LD_LIBRARY_PATH: /opt/hostedtoolcache/Python/3.11.13/x64/lib
2025-08-17T13:20:19.3761606Z ##[endgroup]
2025-08-17T13:20:21.9770478Z /opt/hostedtoolcache/Python/3.11.13/x64/lib/python3.11/site-packages/coverage/report_core.py:118: CoverageWarning: Couldn't parse '/home/runner/work/AWA-App/AWA-App/C:\Users\Alexey\Documents\GitHub\AWA-App\services\__init__.py': No source for code: '/home/runner/work/AWA-App/AWA-App/C:\Users\Alexey\Documents\GitHub\AWA-App\services\__init__.py'. (couldnt-parse)
2025-08-17T13:20:21.9773114Z   coverage._warn(msg, slug="couldnt-parse")
2025-08-17T13:20:21.9775213Z /opt/hostedtoolcache/Python/3.11.13/x64/lib/python3.11/site-packages/coverage/report_core.py:118: CoverageWarning: Couldn't parse '/home/runner/work/AWA-App/AWA-App/C:\Users\Alexey\Documents\GitHub\AWA-App\services\alert_bot\__init__.py': No source for code: '/home/runner/work/AWA-App/AWA-App/C:\Users\Alexey\Documents\GitHub\AWA-App\services\alert_bot\__init__.py'. (couldnt-parse)
2025-08-17T13:20:21.9777454Z   coverage._warn(msg, slug="couldnt-parse")
2025-08-17T13:20:21.9779642Z /opt/hostedtoolcache/Python/3.11.13/x64/lib/python3.11/site-packages/coverage/report_core.py:118: CoverageWarning: Couldn't parse '/home/runner/work/AWA-App/AWA-App/C:\Users\Alexey\Documents\GitHub\AWA-App\services\alert_bot\alert_bot.py': No source for code: '/home/runner/work/AWA-App/AWA-App/C:\Users\Alexey\Documents\GitHub\AWA-App\services\alert_bot\alert_bot.py'. (couldnt-parse)
2025-08-17T13:20:21.9781413Z   coverage._warn(msg, slug="couldnt-parse")
2025-08-17T13:20:21.9783572Z /opt/hostedtoolcache/Python/3.11.13/x64/lib/python3.11/site-packages/coverage/report_core.py:118: CoverageWarning: Couldn't parse '/home/runner/work/AWA-App/AWA-App/C:\Users\Alexey\Documents\GitHub\AWA-App\services\alert_bot\rules\__init__.py': No source for code: '/home/runner/work/AWA-App/AWA-App/C:\Users\Alexey\Documents\GitHub\AWA-App\services\alert_bot\rules\__init__.py'. (couldnt-parse)
2025-08-17T13:20:21.9785556Z   coverage._warn(msg, slug="couldnt-parse")
2025-08-17T13:20:21.9787039Z /opt/hostedtoolcache/Python/3.11.13/x64/lib/python3.11/site-packages/coverage/report_core.py:118: CoverageWarning: Couldn't parse '/home/runner/work/AWA-App/AWA-App/C:\Users\Alexey\Documents\GitHub\AWA-App\services\api\__init__.py': No source for code: '/home/runner/work/AWA-App/AWA-App/C:\Users\Alexey\Documents\GitHub\AWA-App\services\api\__init__.py'. (couldnt-parse)
2025-08-17T13:20:21.9788938Z   coverage._warn(msg, slug="couldnt-parse")
2025-08-17T13:20:21.9790587Z /opt/hostedtoolcache/Python/3.11.13/x64/lib/python3.11/site-packages/coverage/report_core.py:118: CoverageWarning: Couldn't parse '/home/runner/work/AWA-App/AWA-App/C:\Users\Alexey\Documents\GitHub\AWA-App\services\api\config.py': No source for code: '/home/runner/work/AWA-App/AWA-App/C:\Users\Alexey\Documents\GitHub\AWA-App\services\api\config.py'. (couldnt-parse)
2025-08-17T13:20:21.9792685Z   coverage._warn(msg, slug="couldnt-parse")
2025-08-17T13:20:21.9793943Z /opt/hostedtoolcache/Python/3.11.13/x64/lib/python3.11/site-packages/coverage/report_core.py:118: CoverageWarning: Couldn't parse '/home/runner/work/AWA-App/AWA-App/C:\Users\Alexey\Documents\GitHub\AWA-App\services\api\db.py': No source for code: '/home/runner/work/AWA-App/AWA-App/C:\Users\Alexey\Documents\GitHub\AWA-App\services\api\db.py'. (couldnt-parse)
2025-08-17T13:20:21.9796084Z   coverage._warn(msg, slug="couldnt-parse")
2025-08-17T13:20:21.9798189Z /opt/hostedtoolcache/Python/3.11.13/x64/lib/python3.11/site-packages/coverage/report_core.py:118: CoverageWarning: Couldn't parse '/home/runner/work/AWA-App/AWA-App/C:\Users\Alexey\Documents\GitHub\AWA-App\services\api\main.py': No source for code: '/home/runner/work/AWA-App/AWA-App/C:\Users\Alexey\Documents\GitHub\AWA-App\services\api\main.py'. (couldnt-parse)
2025-08-17T13:20:21.9800412Z   coverage._warn(msg, slug="couldnt-parse")
2025-08-17T13:20:21.9802720Z /opt/hostedtoolcache/Python/3.11.13/x64/lib/python3.11/site-packages/coverage/report_core.py:118: CoverageWarning: Couldn't parse '/home/runner/work/AWA-App/AWA-App/C:\Users\Alexey\Documents\GitHub\AWA-App\services\api\models\__init__.py': No source for code: '/home/runner/work/AWA-App/AWA-App/C:\Users\Alexey\Documents\GitHub\AWA-App\services\api\models\__init__.py'. (couldnt-parse)
2025-08-17T13:20:21.9805055Z   coverage._warn(msg, slug="couldnt-parse")
2025-08-17T13:20:21.9807324Z /opt/hostedtoolcache/Python/3.11.13/x64/lib/python3.11/site-packages/coverage/report_core.py:118: CoverageWarning: Couldn't parse '/home/runner/work/AWA-App/AWA-App/C:\Users\Alexey\Documents\GitHub\AWA-App\services\api\models\fee.py': No source for code: '/home/runner/work/AWA-App/AWA-App/C:\Users\Alexey\Documents\GitHub\AWA-App\services\api\models\fee.py'. (couldnt-parse)
2025-08-17T13:20:21.9809578Z   coverage._warn(msg, slug="couldnt-parse")
2025-08-17T13:20:21.9812045Z /opt/hostedtoolcache/Python/3.11.13/x64/lib/python3.11/site-packages/coverage/report_core.py:118: CoverageWarning: Couldn't parse '/home/runner/work/AWA-App/AWA-App/C:\Users\Alexey\Documents\GitHub\AWA-App\services\api\roi_repository.py': No source for code: '/home/runner/work/AWA-App/AWA-App/C:\Users\Alexey\Documents\GitHub\AWA-App\services\api\roi_repository.py'. (couldnt-parse)
2025-08-17T13:20:21.9814431Z   coverage._warn(msg, slug="couldnt-parse")
2025-08-17T13:20:21.9815760Z /opt/hostedtoolcache/Python/3.11.13/x64/lib/python3.11/site-packages/coverage/report_core.py:118: CoverageWarning: Couldn't parse '/home/runner/work/AWA-App/AWA-App/C:\Users\Alexey\Documents\GitHub\AWA-App\services\api\routes\__init__.py': No source for code: '/home/runner/work/AWA-App/AWA-App/C:\Users\Alexey\Documents\GitHub\AWA-App\services\api\routes\__init__.py'. (couldnt-parse)
2025-08-17T13:20:21.9817560Z   coverage._warn(msg, slug="couldnt-parse")
2025-08-17T13:20:21.9819010Z /opt/hostedtoolcache/Python/3.11.13/x64/lib/python3.11/site-packages/coverage/report_core.py:118: CoverageWarning: Couldn't parse '/home/runner/work/AWA-App/AWA-App/C:\Users\Alexey\Documents\GitHub\AWA-App\services\api\routes\health.py': No source for code: '/home/runner/work/AWA-App/AWA-App/C:\Users\Alexey\Documents\GitHub\AWA-App\services\api\routes\health.py'. (couldnt-parse)
2025-08-17T13:20:21.9820667Z   coverage._warn(msg, slug="couldnt-parse")
2025-08-17T13:20:21.9822561Z /opt/hostedtoolcache/Python/3.11.13/x64/lib/python3.11/site-packages/coverage/report_core.py:118: CoverageWarning: Couldn't parse '/home/runner/work/AWA-App/AWA-App/C:\Users\Alexey\Documents\GitHub\AWA-App\services\api\routes\repository.py': No source for code: '/home/runner/work/AWA-App/AWA-App/C:\Users\Alexey\Documents\GitHub\AWA-App\services\api\routes\repository.py'. (couldnt-parse)
2025-08-17T13:20:21.9825119Z   coverage._warn(msg, slug="couldnt-parse")
2025-08-17T13:20:21.9827392Z /opt/hostedtoolcache/Python/3.11.13/x64/lib/python3.11/site-packages/coverage/report_core.py:118: CoverageWarning: Couldn't parse '/home/runner/work/AWA-App/AWA-App/C:\Users\Alexey\Documents\GitHub\AWA-App\services\api\routes\roi.py': No source for code: '/home/runner/work/AWA-App/AWA-App/C:\Users\Alexey\Documents\GitHub\AWA-App\services\api\routes\roi.py'. (couldnt-parse)
2025-08-17T13:20:21.9829647Z   coverage._warn(msg, slug="couldnt-parse")
2025-08-17T13:20:21.9832210Z /opt/hostedtoolcache/Python/3.11.13/x64/lib/python3.11/site-packages/coverage/report_core.py:118: CoverageWarning: Couldn't parse '/home/runner/work/AWA-App/AWA-App/C:\Users\Alexey\Documents\GitHub\AWA-App\services\api\routes\stats.py': No source for code: '/home/runner/work/AWA-App/AWA-App/C:\Users\Alexey\Documents\GitHub\AWA-App\services\api\routes\stats.py'. (couldnt-parse)
2025-08-17T13:20:21.9844115Z   coverage._warn(msg, slug="couldnt-parse")
2025-08-17T13:20:21.9845886Z /opt/hostedtoolcache/Python/3.11.13/x64/lib/python3.11/site-packages/coverage/report_core.py:118: CoverageWarning: Couldn't parse '/home/runner/work/AWA-App/AWA-App/C:\Users\Alexey\Documents\GitHub\AWA-App\services\common\__init__.py': No source for code: '/home/runner/work/AWA-App/AWA-App/C:\Users\Alexey\Documents\GitHub\AWA-App\services\common\__init__.py'. (couldnt-parse)
2025-08-17T13:20:21.9847274Z   coverage._warn(msg, slug="couldnt-parse")
2025-08-17T13:20:21.9849096Z /opt/hostedtoolcache/Python/3.11.13/x64/lib/python3.11/site-packages/coverage/report_core.py:118: CoverageWarning: Couldn't parse '/home/runner/work/AWA-App/AWA-App/C:\Users\Alexey\Documents\GitHub\AWA-App\services\common\base.py': No source for code: '/home/runner/work/AWA-App/AWA-App/C:\Users\Alexey\Documents\GitHub\AWA-App\services\common\base.py'. (couldnt-parse)
2025-08-17T13:20:21.9850569Z   coverage._warn(msg, slug="couldnt-parse")
2025-08-17T13:20:21.9852520Z /opt/hostedtoolcache/Python/3.11.13/x64/lib/python3.11/site-packages/coverage/report_core.py:118: CoverageWarning: Couldn't parse '/home/runner/work/AWA-App/AWA-App/C:\Users\Alexey\Documents\GitHub\AWA-App\services\common\config.py': No source for code: '/home/runner/work/AWA-App/AWA-App/C:\Users\Alexey\Documents\GitHub\AWA-App\services\common\config.py'. (couldnt-parse)
2025-08-17T13:20:21.9853864Z   coverage._warn(msg, slug="couldnt-parse")
2025-08-17T13:20:21.9855630Z /opt/hostedtoolcache/Python/3.11.13/x64/lib/python3.11/site-packages/coverage/report_core.py:118: CoverageWarning: Couldn't parse '/home/runner/work/AWA-App/AWA-App/C:\Users\Alexey\Documents\GitHub\AWA-App\services\common\db.py': No source for code: '/home/runner/work/AWA-App/AWA-App/C:\Users\Alexey\Documents\GitHub\AWA-App\services\common\db.py'. (couldnt-parse)
2025-08-17T13:20:21.9857423Z   coverage._warn(msg, slug="couldnt-parse")
2025-08-17T13:20:21.9858869Z /opt/hostedtoolcache/Python/3.11.13/x64/lib/python3.11/site-packages/coverage/report_core.py:118: CoverageWarning: Couldn't parse '/home/runner/work/AWA-App/AWA-App/C:\Users\Alexey\Documents\GitHub\AWA-App\services\common\db_url.py': No source for code: '/home/runner/work/AWA-App/AWA-App/C:\Users\Alexey\Documents\GitHub\AWA-App\services\common\db_url.py'. (couldnt-parse)
2025-08-17T13:20:21.9860600Z   coverage._warn(msg, slug="couldnt-parse")
2025-08-17T13:20:21.9862178Z /opt/hostedtoolcache/Python/3.11.13/x64/lib/python3.11/site-packages/coverage/report_core.py:118: CoverageWarning: Couldn't parse '/home/runner/work/AWA-App/AWA-App/C:\Users\Alexey\Documents\GitHub\AWA-App\services\common\dsn.py': No source for code: '/home/runner/work/AWA-App/AWA-App/C:\Users\Alexey\Documents\GitHub\AWA-App\services\common\dsn.py'. (couldnt-parse)
2025-08-17T13:20:21.9863951Z   coverage._warn(msg, slug="couldnt-parse")
2025-08-17T13:20:21.9865491Z /opt/hostedtoolcache/Python/3.11.13/x64/lib/python3.11/site-packages/coverage/report_core.py:118: CoverageWarning: Couldn't parse '/home/runner/work/AWA-App/AWA-App/C:\Users\Alexey\Documents\GitHub\AWA-App\services\common\keepa.py': No source for code: '/home/runner/work/AWA-App/AWA-App/C:\Users\Alexey\Documents\GitHub\AWA-App\services\common\keepa.py'. (couldnt-parse)
2025-08-17T13:20:21.9867148Z   coverage._warn(msg, slug="couldnt-parse")
2025-08-17T13:20:21.9868858Z /opt/hostedtoolcache/Python/3.11.13/x64/lib/python3.11/site-packages/coverage/report_core.py:118: CoverageWarning: Couldn't parse '/home/runner/work/AWA-App/AWA-App/C:\Users\Alexey\Documents\GitHub\AWA-App\services\common\llm.py': No source for code: '/home/runner/work/AWA-App/AWA-App/C:\Users\Alexey\Documents\GitHub\AWA-App\services\common\llm.py'. (couldnt-parse)
2025-08-17T13:20:21.9870137Z   coverage._warn(msg, slug="couldnt-parse")
2025-08-17T13:20:21.9872164Z /opt/hostedtoolcache/Python/3.11.13/x64/lib/python3.11/site-packages/coverage/report_core.py:118: CoverageWarning: Couldn't parse '/home/runner/work/AWA-App/AWA-App/C:\Users\Alexey\Documents\GitHub\AWA-App\services\common\models_vendor.py': No source for code: '/home/runner/work/AWA-App/AWA-App/C:\Users\Alexey\Documents\GitHub\AWA-App\services\common\models_vendor.py'. (couldnt-parse)
2025-08-17T13:20:21.9873582Z   coverage._warn(msg, slug="couldnt-parse")
2025-08-17T13:20:21.9875915Z /opt/hostedtoolcache/Python/3.11.13/x64/lib/python3.11/site-packages/coverage/report_core.py:118: CoverageWarning: Couldn't parse '/home/runner/work/AWA-App/AWA-App/C:\Users\Alexey\Documents\GitHub\AWA-App\services\common\settings.py': No source for code: '/home/runner/work/AWA-App/AWA-App/C:\Users\Alexey\Documents\GitHub\AWA-App\services\common\settings.py'. (couldnt-parse)
2025-08-17T13:20:21.9878210Z   coverage._warn(msg, slug="couldnt-parse")
2025-08-17T13:20:21.9879513Z /opt/hostedtoolcache/Python/3.11.13/x64/lib/python3.11/site-packages/coverage/report_core.py:118: CoverageWarning: Couldn't parse '/home/runner/work/AWA-App/AWA-App/C:\Users\Alexey\Documents\GitHub\AWA-App\services\db\__init__.py': No source for code: '/home/runner/work/AWA-App/AWA-App/C:\Users\Alexey\Documents\GitHub\AWA-App\services\db\__init__.py'. (couldnt-parse)
2025-08-17T13:20:21.9881131Z   coverage._warn(msg, slug="couldnt-parse")
2025-08-17T13:20:21.9882635Z /opt/hostedtoolcache/Python/3.11.13/x64/lib/python3.11/site-packages/coverage/report_core.py:118: CoverageWarning: Couldn't parse '/home/runner/work/AWA-App/AWA-App/C:\Users\Alexey\Documents\GitHub\AWA-App\services\db\utils\__init__.py': No source for code: '/home/runner/work/AWA-App/AWA-App/C:\Users\Alexey\Documents\GitHub\AWA-App\services\db\utils\__init__.py'. (couldnt-parse)
2025-08-17T13:20:21.9884555Z   coverage._warn(msg, slug="couldnt-parse")
2025-08-17T13:20:21.9885870Z /opt/hostedtoolcache/Python/3.11.13/x64/lib/python3.11/site-packages/coverage/report_core.py:118: CoverageWarning: Couldn't parse '/home/runner/work/AWA-App/AWA-App/C:\Users\Alexey\Documents\GitHub\AWA-App\services\db\utils\views.py': No source for code: '/home/runner/work/AWA-App/AWA-App/C:\Users\Alexey\Documents\GitHub\AWA-App\services\db\utils\views.py'. (couldnt-parse)
2025-08-17T13:20:21.9887474Z   coverage._warn(msg, slug="couldnt-parse")
2025-08-17T13:20:21.9888791Z /opt/hostedtoolcache/Python/3.11.13/x64/lib/python3.11/site-packages/coverage/report_core.py:118: CoverageWarning: Couldn't parse '/home/runner/work/AWA-App/AWA-App/C:\Users\Alexey\Documents\GitHub\AWA-App\services\emailer\__init__.py': No source for code: '/home/runner/work/AWA-App/AWA-App/C:\Users\Alexey\Documents\GitHub\AWA-App\services\emailer\__init__.py'. (couldnt-parse)
2025-08-17T13:20:21.9890368Z   coverage._warn(msg, slug="couldnt-parse")
2025-08-17T13:20:21.9891940Z /opt/hostedtoolcache/Python/3.11.13/x64/lib/python3.11/site-packages/coverage/report_core.py:118: CoverageWarning: Couldn't parse '/home/runner/work/AWA-App/AWA-App/C:\Users\Alexey\Documents\GitHub\AWA-App\services\emailer\generate_body.py': No source for code: '/home/runner/work/AWA-App/AWA-App/C:\Users\Alexey\Documents\GitHub\AWA-App\services\emailer\generate_body.py'. (couldnt-parse)
2025-08-17T13:20:21.9893447Z   coverage._warn(msg, slug="couldnt-parse")
2025-08-17T13:20:21.9894997Z /opt/hostedtoolcache/Python/3.11.13/x64/lib/python3.11/site-packages/coverage/report_core.py:118: CoverageWarning: Couldn't parse '/home/runner/work/AWA-App/AWA-App/C:\Users\Alexey\Documents\GitHub\AWA-App\services\etl\__init__.py': No source for code: '/home/runner/work/AWA-App/AWA-App/C:\Users\Alexey\Documents\GitHub\AWA-App\services\etl\__init__.py'. (couldnt-parse)
2025-08-17T13:20:21.9896434Z   coverage._warn(msg, slug="couldnt-parse")
2025-08-17T13:20:21.9897898Z /opt/hostedtoolcache/Python/3.11.13/x64/lib/python3.11/site-packages/coverage/report_core.py:118: CoverageWarning: Couldn't parse '/home/runner/work/AWA-App/AWA-App/C:\Users\Alexey\Documents\GitHub\AWA-App\services\etl\db.py': No source for code: '/home/runner/work/AWA-App/AWA-App/C:\Users\Alexey\Documents\GitHub\AWA-App\services\etl\db.py'. (couldnt-parse)
2025-08-17T13:20:21.9899288Z   coverage._warn(msg, slug="couldnt-parse")
2025-08-17T13:20:21.9900909Z /opt/hostedtoolcache/Python/3.11.13/x64/lib/python3.11/site-packages/coverage/report_core.py:118: CoverageWarning: Couldn't parse '/home/runner/work/AWA-App/AWA-App/C:\Users\Alexey\Documents\GitHub\AWA-App\services\etl\dialects\__init__.py': No source for code: '/home/runner/work/AWA-App/AWA-App/C:\Users\Alexey\Documents\GitHub\AWA-App\services\etl\dialects\__init__.py'. (couldnt-parse)
2025-08-17T13:20:21.9902441Z   coverage._warn(msg, slug="couldnt-parse")
2025-08-17T13:20:21.9904132Z /opt/hostedtoolcache/Python/3.11.13/x64/lib/python3.11/site-packages/coverage/report_core.py:118: CoverageWarning: Couldn't parse '/home/runner/work/AWA-App/AWA-App/C:\Users\Alexey\Documents\GitHub\AWA-App\services\etl\dialects\amazon_reimbursements.py': No source for code: '/home/runner/work/AWA-App/AWA-App/C:\Users\Alexey\Documents\GitHub\AWA-App\services\etl\dialects\amazon_reimbursements.py'. (couldnt-parse)
2025-08-17T13:20:21.9905567Z   coverage._warn(msg, slug="couldnt-parse")
2025-08-17T13:20:21.9907289Z /opt/hostedtoolcache/Python/3.11.13/x64/lib/python3.11/site-packages/coverage/report_core.py:118: CoverageWarning: Couldn't parse '/home/runner/work/AWA-App/AWA-App/C:\Users\Alexey\Documents\GitHub\AWA-App\services\etl\dialects\amazon_returns.py': No source for code: '/home/runner/work/AWA-App/AWA-App/C:\Users\Alexey\Documents\GitHub\AWA-App\services\etl\dialects\amazon_returns.py'. (couldnt-parse)
2025-08-17T13:20:21.9908672Z   coverage._warn(msg, slug="couldnt-parse")
2025-08-17T13:20:21.9910113Z /opt/hostedtoolcache/Python/3.11.13/x64/lib/python3.11/site-packages/coverage/report_core.py:118: CoverageWarning: Couldn't parse '/home/runner/work/AWA-App/AWA-App/C:\Users\Alexey\Documents\GitHub\AWA-App\services\etl\fba_fee_ingestor.py': No source for code: '/home/runner/work/AWA-App/AWA-App/C:\Users\Alexey\Documents\GitHub\AWA-App\services\etl\fba_fee_ingestor.py'. (couldnt-parse)
2025-08-17T13:20:21.9911670Z   coverage._warn(msg, slug="couldnt-parse")
2025-08-17T13:20:21.9913387Z /opt/hostedtoolcache/Python/3.11.13/x64/lib/python3.11/site-packages/coverage/report_core.py:118: CoverageWarning: Couldn't parse '/home/runner/work/AWA-App/AWA-App/C:\Users\Alexey\Documents\GitHub\AWA-App\services\etl\keepa_ingestor.py': No source for code: '/home/runner/work/AWA-App/AWA-App/C:\Users\Alexey\Documents\GitHub\AWA-App\services\etl\keepa_ingestor.py'. (couldnt-parse)
2025-08-17T13:20:21.9914830Z   coverage._warn(msg, slug="couldnt-parse")
2025-08-17T13:20:21.9916352Z /opt/hostedtoolcache/Python/3.11.13/x64/lib/python3.11/site-packages/coverage/report_core.py:118: CoverageWarning: Couldn't parse '/home/runner/work/AWA-App/AWA-App/C:\Users\Alexey\Documents\GitHub\AWA-App\services\etl\sp_fees_ingestor.py': No source for code: '/home/runner/work/AWA-App/AWA-App/C:\Users\Alexey\Documents\GitHub\AWA-App\services\etl\sp_fees_ingestor.py'. (couldnt-parse)
2025-08-17T13:20:21.9917732Z   coverage._warn(msg, slug="couldnt-parse")
2025-08-17T13:20:21.9919521Z /opt/hostedtoolcache/Python/3.11.13/x64/lib/python3.11/site-packages/coverage/report_core.py:118: CoverageWarning: Couldn't parse '/home/runner/work/AWA-App/AWA-App/C:\Users\Alexey\Documents\GitHub\AWA-App\services\fees_h10\__init__.py': No source for code: '/home/runner/work/AWA-App/AWA-App/C:\Users\Alexey\Documents\GitHub\AWA-App\services\fees_h10\__init__.py'. (couldnt-parse)
2025-08-17T13:20:21.9921217Z   coverage._warn(msg, slug="couldnt-parse")
2025-08-17T13:20:21.9923865Z /opt/hostedtoolcache/Python/3.11.13/x64/lib/python3.11/site-packages/coverage/report_core.py:118: CoverageWarning: Couldn't parse '/home/runner/work/AWA-App/AWA-App/C:\Users\Alexey\Documents\GitHub\AWA-App\services\fees_h10\client.py': No source for code: '/home/runner/work/AWA-App/AWA-App/C:\Users\Alexey\Documents\GitHub\AWA-App\services\fees_h10\client.py'. (couldnt-parse)
2025-08-17T13:20:21.9926048Z   coverage._warn(msg, slug="couldnt-parse")
2025-08-17T13:20:21.9927420Z /opt/hostedtoolcache/Python/3.11.13/x64/lib/python3.11/site-packages/coverage/report_core.py:118: CoverageWarning: Couldn't parse '/home/runner/work/AWA-App/AWA-App/C:\Users\Alexey\Documents\GitHub\AWA-App\services\fees_h10\repository.py': No source for code: '/home/runner/work/AWA-App/AWA-App/C:\Users\Alexey\Documents\GitHub\AWA-App\services\fees_h10\repository.py'. (couldnt-parse)
2025-08-17T13:20:21.9929244Z   coverage._warn(msg, slug="couldnt-parse")
2025-08-17T13:20:21.9930681Z /opt/hostedtoolcache/Python/3.11.13/x64/lib/python3.11/site-packages/coverage/report_core.py:118: CoverageWarning: Couldn't parse '/home/runner/work/AWA-App/AWA-App/C:\Users\Alexey\Documents\GitHub\AWA-App\services\fees_h10\worker.py': No source for code: '/home/runner/work/AWA-App/AWA-App/C:\Users\Alexey\Documents\GitHub\AWA-App\services\fees_h10\worker.py'. (couldnt-parse)
2025-08-17T13:20:21.9932538Z   coverage._warn(msg, slug="couldnt-parse")
2025-08-17T13:20:21.9934267Z /opt/hostedtoolcache/Python/3.11.13/x64/lib/python3.11/site-packages/coverage/report_core.py:118: CoverageWarning: Couldn't parse '/home/runner/work/AWA-App/AWA-App/C:\Users\Alexey\Documents\GitHub\AWA-App\services\ingest\__init__.py': No source for code: '/home/runner/work/AWA-App/AWA-App/C:\Users\Alexey\Documents\GitHub\AWA-App\services\ingest\__init__.py'. (couldnt-parse)
2025-08-17T13:20:21.9935609Z   coverage._warn(msg, slug="couldnt-parse")
2025-08-17T13:20:21.9937406Z /opt/hostedtoolcache/Python/3.11.13/x64/lib/python3.11/site-packages/coverage/report_core.py:118: CoverageWarning: Couldn't parse '/home/runner/work/AWA-App/AWA-App/C:\Users\Alexey\Documents\GitHub\AWA-App\services\ingest\email_watcher.py': No source for code: '/home/runner/work/AWA-App/AWA-App/C:\Users\Alexey\Documents\GitHub\AWA-App\services\ingest\email_watcher.py'. (couldnt-parse)
2025-08-17T13:20:21.9939133Z   coverage._warn(msg, slug="couldnt-parse")
2025-08-17T13:20:21.9940748Z /opt/hostedtoolcache/Python/3.11.13/x64/lib/python3.11/site-packages/coverage/report_core.py:118: CoverageWarning: Couldn't parse '/home/runner/work/AWA-App/AWA-App/C:\Users\Alexey\Documents\GitHub\AWA-App\services\ingest\ingest_router.py': No source for code: '/home/runner/work/AWA-App/AWA-App/C:\Users\Alexey\Documents\GitHub\AWA-App\services\ingest\ingest_router.py'. (couldnt-parse)
2025-08-17T13:20:21.9942655Z   coverage._warn(msg, slug="couldnt-parse")
2025-08-17T13:20:21.9944012Z /opt/hostedtoolcache/Python/3.11.13/x64/lib/python3.11/site-packages/coverage/report_core.py:118: CoverageWarning: Couldn't parse '/home/runner/work/AWA-App/AWA-App/C:\Users\Alexey\Documents\GitHub\AWA-App\services\ingest\upload_router.py': No source for code: '/home/runner/work/AWA-App/AWA-App/C:\Users\Alexey\Documents\GitHub\AWA-App\services\ingest\upload_router.py'. (couldnt-parse)
2025-08-17T13:20:21.9945813Z   coverage._warn(msg, slug="couldnt-parse")
2025-08-17T13:20:21.9947164Z /opt/hostedtoolcache/Python/3.11.13/x64/lib/python3.11/site-packages/coverage/report_core.py:118: CoverageWarning: Couldn't parse '/home/runner/work/AWA-App/AWA-App/C:\Users\Alexey\Documents\GitHub\AWA-App\services\llm_server\__init__.py': No source for code: '/home/runner/work/AWA-App/AWA-App/C:\Users\Alexey\Documents\GitHub\AWA-App\services\llm_server\__init__.py'. (couldnt-parse)
2025-08-17T13:20:21.9949051Z   coverage._warn(msg, slug="couldnt-parse")
2025-08-17T13:20:21.9950787Z /opt/hostedtoolcache/Python/3.11.13/x64/lib/python3.11/site-packages/coverage/report_core.py:118: CoverageWarning: Couldn't parse '/home/runner/work/AWA-App/AWA-App/C:\Users\Alexey\Documents\GitHub\AWA-App\services\llm_server\app.py': No source for code: '/home/runner/work/AWA-App/AWA-App/C:\Users\Alexey\Documents\GitHub\AWA-App\services\llm_server\app.py'. (couldnt-parse)
2025-08-17T13:20:21.9952310Z   coverage._warn(msg, slug="couldnt-parse")
2025-08-17T13:20:21.9954119Z /opt/hostedtoolcache/Python/3.11.13/x64/lib/python3.11/site-packages/coverage/report_core.py:118: CoverageWarning: Couldn't parse '/home/runner/work/AWA-App/AWA-App/C:\Users\Alexey\Documents\GitHub\AWA-App\services\logistics_etl\__init__.py': No source for code: '/home/runner/work/AWA-App/AWA-App/C:\Users\Alexey\Documents\GitHub\AWA-App\services\logistics_etl\__init__.py'. (couldnt-parse)
2025-08-17T13:20:21.9955534Z   coverage._warn(msg, slug="couldnt-parse")
2025-08-17T13:20:21.9957252Z /opt/hostedtoolcache/Python/3.11.13/x64/lib/python3.11/site-packages/coverage/report_core.py:118: CoverageWarning: Couldn't parse '/home/runner/work/AWA-App/AWA-App/C:\Users\Alexey\Documents\GitHub\AWA-App\services\logistics_etl\__main__.py': No source for code: '/home/runner/work/AWA-App/AWA-App/C:\Users\Alexey\Documents\GitHub\AWA-App\services\logistics_etl\__main__.py'. (couldnt-parse)
2025-08-17T13:20:21.9958938Z   coverage._warn(msg, slug="couldnt-parse")
2025-08-17T13:20:21.9960360Z /opt/hostedtoolcache/Python/3.11.13/x64/lib/python3.11/site-packages/coverage/report_core.py:118: CoverageWarning: Couldn't parse '/home/runner/work/AWA-App/AWA-App/C:\Users\Alexey\Documents\GitHub\AWA-App\services\logistics_etl\client.py': No source for code: '/home/runner/work/AWA-App/AWA-App/C:\Users\Alexey\Documents\GitHub\AWA-App\services\logistics_etl\client.py'. (couldnt-parse)
2025-08-17T13:20:21.9962342Z   coverage._warn(msg, slug="couldnt-parse")
2025-08-17T13:20:21.9963672Z /opt/hostedtoolcache/Python/3.11.13/x64/lib/python3.11/site-packages/coverage/report_core.py:118: CoverageWarning: Couldn't parse '/home/runner/work/AWA-App/AWA-App/C:\Users\Alexey\Documents\GitHub\AWA-App\services\logistics_etl\cron.py': No source for code: '/home/runner/work/AWA-App/AWA-App/C:\Users\Alexey\Documents\GitHub\AWA-App\services\logistics_etl\cron.py'. (couldnt-parse)
2025-08-17T13:20:21.9965465Z   coverage._warn(msg, slug="couldnt-parse")
2025-08-17T13:20:21.9967190Z /opt/hostedtoolcache/Python/3.11.13/x64/lib/python3.11/site-packages/coverage/report_core.py:118: CoverageWarning: Couldn't parse '/home/runner/work/AWA-App/AWA-App/C:\Users\Alexey\Documents\GitHub\AWA-App\services\logistics_etl\db.py': No source for code: '/home/runner/work/AWA-App/AWA-App/C:\Users\Alexey\Documents\GitHub\AWA-App\services\logistics_etl\db.py'. (couldnt-parse)
2025-08-17T13:20:21.9968708Z   coverage._warn(msg, slug="couldnt-parse")
2025-08-17T13:20:21.9970469Z /opt/hostedtoolcache/Python/3.11.13/x64/lib/python3.11/site-packages/coverage/report_core.py:118: CoverageWarning: Couldn't parse '/home/runner/work/AWA-App/AWA-App/C:\Users\Alexey\Documents\GitHub\AWA-App\services\logistics_etl\flow.py': No source for code: '/home/runner/work/AWA-App/AWA-App/C:\Users\Alexey\Documents\GitHub\AWA-App\services\logistics_etl\flow.py'. (couldnt-parse)
2025-08-17T13:20:21.9971982Z   coverage._warn(msg, slug="couldnt-parse")
2025-08-17T13:20:21.9973834Z /opt/hostedtoolcache/Python/3.11.13/x64/lib/python3.11/site-packages/coverage/report_core.py:118: CoverageWarning: Couldn't parse '/home/runner/work/AWA-App/AWA-App/C:\Users\Alexey\Documents\GitHub\AWA-App\services\logistics_etl\repository.py': No source for code: '/home/runner/work/AWA-App/AWA-App/C:\Users\Alexey\Documents\GitHub\AWA-App\services\logistics_etl\repository.py'. (couldnt-parse)
2025-08-17T13:20:21.9975461Z   coverage._warn(msg, slug="couldnt-parse")
2025-08-17T13:20:21.9977160Z /opt/hostedtoolcache/Python/3.11.13/x64/lib/python3.11/site-packages/coverage/report_core.py:118: CoverageWarning: Couldn't parse '/home/runner/work/AWA-App/AWA-App/C:\Users\Alexey\Documents\GitHub\AWA-App\services\price_importer\__init__.py': No source for code: '/home/runner/work/AWA-App/AWA-App/C:\Users\Alexey\Documents\GitHub\AWA-App\services\price_importer\__init__.py'. (couldnt-parse)
2025-08-17T13:20:21.9978995Z   coverage._warn(msg, slug="couldnt-parse")
2025-08-17T13:20:21.9980453Z /opt/hostedtoolcache/Python/3.11.13/x64/lib/python3.11/site-packages/coverage/report_core.py:118: CoverageWarning: Couldn't parse '/home/runner/work/AWA-App/AWA-App/C:\Users\Alexey\Documents\GitHub\AWA-App\services\price_importer\common\__init__.py': No source for code: '/home/runner/work/AWA-App/AWA-App/C:\Users\Alexey\Documents\GitHub\AWA-App\services\price_importer\common\__init__.py'. (couldnt-parse)
2025-08-17T13:20:21.9982368Z   coverage._warn(msg, slug="couldnt-parse")
2025-08-17T13:20:21.9984142Z /opt/hostedtoolcache/Python/3.11.13/x64/lib/python3.11/site-packages/coverage/report_core.py:118: CoverageWarning: Couldn't parse '/home/runner/work/AWA-App/AWA-App/C:\Users\Alexey\Documents\GitHub\AWA-App\services\price_importer\common\base.py': No source for code: '/home/runner/work/AWA-App/AWA-App/C:\Users\Alexey\Documents\GitHub\AWA-App\services\price_importer\common\base.py'. (couldnt-parse)
2025-08-17T13:20:21.9985560Z   coverage._warn(msg, slug="couldnt-parse")
2025-08-17T13:20:21.9987398Z /opt/hostedtoolcache/Python/3.11.13/x64/lib/python3.11/site-packages/coverage/report_core.py:118: CoverageWarning: Couldn't parse '/home/runner/work/AWA-App/AWA-App/C:\Users\Alexey\Documents\GitHub\AWA-App\services\price_importer\common\db_url.py': No source for code: '/home/runner/work/AWA-App/AWA-App/C:\Users\Alexey\Documents\GitHub\AWA-App\services\price_importer\common\db_url.py'. (couldnt-parse)
2025-08-17T13:20:21.9988956Z   coverage._warn(msg, slug="couldnt-parse")
2025-08-17T13:20:21.9990657Z /opt/hostedtoolcache/Python/3.11.13/x64/lib/python3.11/site-packages/coverage/report_core.py:118: CoverageWarning: Couldn't parse '/home/runner/work/AWA-App/AWA-App/C:\Users\Alexey\Documents\GitHub\AWA-App\services\price_importer\common\models_vendor.py': No source for code: '/home/runner/work/AWA-App/AWA-App/C:\Users\Alexey\Documents\GitHub\AWA-App\services\price_importer\common\models_vendor.py'. (couldnt-parse)
2025-08-17T13:20:21.9992666Z   coverage._warn(msg, slug="couldnt-parse")
2025-08-17T13:20:21.9993998Z /opt/hostedtoolcache/Python/3.11.13/x64/lib/python3.11/site-packages/coverage/report_core.py:118: CoverageWarning: Couldn't parse '/home/runner/work/AWA-App/AWA-App/C:\Users\Alexey\Documents\GitHub\AWA-App\services\price_importer\import.py': No source for code: '/home/runner/work/AWA-App/AWA-App/C:\Users\Alexey\Documents\GitHub\AWA-App\services\price_importer\import.py'. (couldnt-parse)
2025-08-17T13:20:21.9996026Z   coverage._warn(msg, slug="couldnt-parse")
2025-08-17T13:20:21.9997773Z /opt/hostedtoolcache/Python/3.11.13/x64/lib/python3.11/site-packages/coverage/report_core.py:118: CoverageWarning: Couldn't parse '/home/runner/work/AWA-App/AWA-App/C:\Users\Alexey\Documents\GitHub\AWA-App\services\price_importer\normaliser.py': No source for code: '/home/runner/work/AWA-App/AWA-App/C:\Users\Alexey\Documents\GitHub\AWA-App\services\price_importer\normaliser.py'. (couldnt-parse)
2025-08-17T13:20:21.9999218Z   coverage._warn(msg, slug="couldnt-parse")
2025-08-17T13:20:22.0001021Z /opt/hostedtoolcache/Python/3.11.13/x64/lib/python3.11/site-packages/coverage/report_core.py:118: CoverageWarning: Couldn't parse '/home/runner/work/AWA-App/AWA-App/C:\Users\Alexey\Documents\GitHub\AWA-App\services\price_importer\reader.py': No source for code: '/home/runner/work/AWA-App/AWA-App/C:\Users\Alexey\Documents\GitHub\AWA-App\services\price_importer\reader.py'. (couldnt-parse)
2025-08-17T13:20:22.0002572Z   coverage._warn(msg, slug="couldnt-parse")
2025-08-17T13:20:22.0004084Z /opt/hostedtoolcache/Python/3.11.13/x64/lib/python3.11/site-packages/coverage/report_core.py:118: CoverageWarning: Couldn't parse '/home/runner/work/AWA-App/AWA-App/C:\Users\Alexey\Documents\GitHub\AWA-App\services\price_importer\repository.py': No source for code: '/home/runner/work/AWA-App/AWA-App/C:\Users\Alexey\Documents\GitHub\AWA-App\services\price_importer\repository.py'. (couldnt-parse)
2025-08-17T13:20:22.0005461Z   coverage._warn(msg, slug="couldnt-parse")
2025-08-17T13:20:22.0006930Z /opt/hostedtoolcache/Python/3.11.13/x64/lib/python3.11/site-packages/coverage/report_core.py:118: CoverageWarning: Couldn't parse '/home/runner/work/AWA-App/AWA-App/C:\Users\Alexey\Documents\GitHub\AWA-App\services\price_importer\services_common\__init__.py': No source for code: '/home/runner/work/AWA-App/AWA-App/C:\Users\Alexey\Documents\GitHub\AWA-App\services\price_importer\services_common\__init__.py'. (couldnt-parse)
2025-08-17T13:20:22.0008390Z   coverage._warn(msg, slug="couldnt-parse")
2025-08-17T13:20:22.0009842Z /opt/hostedtoolcache/Python/3.11.13/x64/lib/python3.11/site-packages/coverage/report_core.py:118: CoverageWarning: Couldn't parse '/home/runner/work/AWA-App/AWA-App/C:\Users\Alexey\Documents\GitHub\AWA-App\services\price_importer\services_common\base.py': No source for code: '/home/runner/work/AWA-App/AWA-App/C:\Users\Alexey\Documents\GitHub\AWA-App\services\price_importer\services_common\base.py'. (couldnt-parse)
2025-08-17T13:20:22.0011278Z   coverage._warn(msg, slug="couldnt-parse")
2025-08-17T13:20:22.0012895Z /opt/hostedtoolcache/Python/3.11.13/x64/lib/python3.11/site-packages/coverage/report_core.py:118: CoverageWarning: Couldn't parse '/home/runner/work/AWA-App/AWA-App/C:\Users\Alexey\Documents\GitHub\AWA-App\services\price_importer\services_common\db.py': No source for code: '/home/runner/work/AWA-App/AWA-App/C:\Users\Alexey\Documents\GitHub\AWA-App\services\price_importer\services_common\db.py'. (couldnt-parse)
2025-08-17T13:20:22.0014326Z   coverage._warn(msg, slug="couldnt-parse")
2025-08-17T13:20:22.0015763Z /opt/hostedtoolcache/Python/3.11.13/x64/lib/python3.11/site-packages/coverage/report_core.py:118: CoverageWarning: Couldn't parse '/home/runner/work/AWA-App/AWA-App/C:\Users\Alexey\Documents\GitHub\AWA-App\services\price_importer\services_common\db_url.py': No source for code: '/home/runner/work/AWA-App/AWA-App/C:\Users\Alexey\Documents\GitHub\AWA-App\services\price_importer\services_common\db_url.py'. (couldnt-parse)
2025-08-17T13:20:22.0017190Z   coverage._warn(msg, slug="couldnt-parse")
2025-08-17T13:20:22.0018603Z /opt/hostedtoolcache/Python/3.11.13/x64/lib/python3.11/site-packages/coverage/report_core.py:118: CoverageWarning: Couldn't parse '/home/runner/work/AWA-App/AWA-App/C:\Users\Alexey\Documents\GitHub\AWA-App\services\price_importer\services_common\dsn.py': No source for code: '/home/runner/work/AWA-App/AWA-App/C:\Users\Alexey\Documents\GitHub\AWA-App\services\price_importer\services_common\dsn.py'. (couldnt-parse)
2025-08-17T13:20:22.0020171Z   coverage._warn(msg, slug="couldnt-parse")
2025-08-17T13:20:22.0021615Z /opt/hostedtoolcache/Python/3.11.13/x64/lib/python3.11/site-packages/coverage/report_core.py:118: CoverageWarning: Couldn't parse '/home/runner/work/AWA-App/AWA-App/C:\Users\Alexey\Documents\GitHub\AWA-App\services\price_importer\services_common\keepa.py': No source for code: '/home/runner/work/AWA-App/AWA-App/C:\Users\Alexey\Documents\GitHub\AWA-App\services\price_importer\services_common\keepa.py'. (couldnt-parse)
2025-08-17T13:20:22.0023153Z   coverage._warn(msg, slug="couldnt-parse")
2025-08-17T13:20:22.0024556Z /opt/hostedtoolcache/Python/3.11.13/x64/lib/python3.11/site-packages/coverage/report_core.py:118: CoverageWarning: Couldn't parse '/home/runner/work/AWA-App/AWA-App/C:\Users\Alexey\Documents\GitHub\AWA-App\services\price_importer\services_common\llm.py': No source for code: '/home/runner/work/AWA-App/AWA-App/C:\Users\Alexey\Documents\GitHub\AWA-App\services\price_importer\services_common\llm.py'. (couldnt-parse)
2025-08-17T13:20:22.0025971Z   coverage._warn(msg, slug="couldnt-parse")
2025-08-17T13:20:22.0027557Z /opt/hostedtoolcache/Python/3.11.13/x64/lib/python3.11/site-packages/coverage/report_core.py:118: CoverageWarning: Couldn't parse '/home/runner/work/AWA-App/AWA-App/C:\Users\Alexey\Documents\GitHub\AWA-App\services\price_importer\services_common\models_vendor.py': No source for code: '/home/runner/work/AWA-App/AWA-App/C:\Users\Alexey\Documents\GitHub\AWA-App\services\price_importer\services_common\models_vendor.py'. (couldnt-parse)
2025-08-17T13:20:22.0029055Z   coverage._warn(msg, slug="couldnt-parse")
2025-08-17T13:20:22.0030497Z /opt/hostedtoolcache/Python/3.11.13/x64/lib/python3.11/site-packages/coverage/report_core.py:118: CoverageWarning: Couldn't parse '/home/runner/work/AWA-App/AWA-App/C:\Users\Alexey\Documents\GitHub\AWA-App\services\price_importer\services_common\settings.py': No source for code: '/home/runner/work/AWA-App/AWA-App/C:\Users\Alexey\Documents\GitHub\AWA-App\services\price_importer\services_common\settings.py'. (couldnt-parse)
2025-08-17T13:20:22.0032179Z   coverage._warn(msg, slug="couldnt-parse")
2025-08-17T13:20:22.0033482Z /opt/hostedtoolcache/Python/3.11.13/x64/lib/python3.11/site-packages/coverage/report_core.py:118: CoverageWarning: Couldn't parse '/home/runner/work/AWA-App/AWA-App/C:\Users\Alexey\Documents\GitHub\AWA-App\services\repricer\__init__.py': No source for code: '/home/runner/work/AWA-App/AWA-App/C:\Users\Alexey\Documents\GitHub\AWA-App\services\repricer\__init__.py'. (couldnt-parse)
2025-08-17T13:20:22.0034782Z   coverage._warn(msg, slug="couldnt-parse")
2025-08-17T13:20:22.0036110Z /opt/hostedtoolcache/Python/3.11.13/x64/lib/python3.11/site-packages/coverage/report_core.py:118: CoverageWarning: Couldn't parse '/home/runner/work/AWA-App/AWA-App/C:\Users\Alexey\Documents\GitHub\AWA-App\services\repricer\app\__init__.py': No source for code: '/home/runner/work/AWA-App/AWA-App/C:\Users\Alexey\Documents\GitHub\AWA-App\services\repricer\app\__init__.py'. (couldnt-parse)
2025-08-17T13:20:22.0037434Z   coverage._warn(msg, slug="couldnt-parse")
2025-08-17T13:20:22.0038731Z /opt/hostedtoolcache/Python/3.11.13/x64/lib/python3.11/site-packages/coverage/report_core.py:118: CoverageWarning: Couldn't parse '/home/runner/work/AWA-App/AWA-App/C:\Users\Alexey\Documents\GitHub\AWA-App\services\repricer\app\deps.py': No source for code: '/home/runner/work/AWA-App/AWA-App/C:\Users\Alexey\Documents\GitHub\AWA-App\services\repricer\app\deps.py'. (couldnt-parse)
2025-08-17T13:20:22.0040031Z   coverage._warn(msg, slug="couldnt-parse")
2025-08-17T13:20:22.0041334Z /opt/hostedtoolcache/Python/3.11.13/x64/lib/python3.11/site-packages/coverage/report_core.py:118: CoverageWarning: Couldn't parse '/home/runner/work/AWA-App/AWA-App/C:\Users\Alexey\Documents\GitHub\AWA-App\services\repricer\app\logic.py': No source for code: '/home/runner/work/AWA-App/AWA-App/C:\Users\Alexey\Documents\GitHub\AWA-App\services\repricer\app\logic.py'. (couldnt-parse)
2025-08-17T13:20:22.0042888Z   coverage._warn(msg, slug="couldnt-parse")
2025-08-17T13:20:22.0044228Z /opt/hostedtoolcache/Python/3.11.13/x64/lib/python3.11/site-packages/coverage/report_core.py:118: CoverageWarning: Couldn't parse '/home/runner/work/AWA-App/AWA-App/C:\Users\Alexey\Documents\GitHub\AWA-App\services\repricer\app\main.py': No source for code: '/home/runner/work/AWA-App/AWA-App/C:\Users\Alexey\Documents\GitHub\AWA-App\services\repricer\app\main.py'. (couldnt-parse)
2025-08-17T13:20:22.0045539Z   coverage._warn(msg, slug="couldnt-parse")
2025-08-17T13:20:22.0046849Z /opt/hostedtoolcache/Python/3.11.13/x64/lib/python3.11/site-packages/coverage/report_core.py:118: CoverageWarning: Couldn't parse '/home/runner/work/AWA-App/AWA-App/C:\Users\Alexey\Documents\GitHub\AWA-App\services\repricer\app\schemas.py': No source for code: '/home/runner/work/AWA-App/AWA-App/C:\Users\Alexey\Documents\GitHub\AWA-App\services\repricer\app\schemas.py'. (couldnt-parse)
2025-08-17T13:20:22.0048183Z   coverage._warn(msg, slug="couldnt-parse")
2025-08-17T13:20:22.0049594Z /opt/hostedtoolcache/Python/3.11.13/x64/lib/python3.11/site-packages/coverage/report_core.py:118: CoverageWarning: Couldn't parse '/home/runner/work/AWA-App/AWA-App/C:\Users\Alexey\Documents\GitHub\AWA-App\services\returns_etl\loader.py': No source for code: '/home/runner/work/AWA-App/AWA-App/C:\Users\Alexey\Documents\GitHub\AWA-App\services\returns_etl\loader.py'. (couldnt-parse)
2025-08-17T13:20:22.0050901Z   coverage._warn(msg, slug="couldnt-parse")
2025-08-17T13:20:22.3277847Z ............                                                             [100%]
2025-08-17T13:20:22.3278583Z ================================ tests coverage ================================
2025-08-17T13:20:22.3279450Z _______________ coverage: platform linux, python 3.11.13-final-0 _______________
2025-08-17T13:20:22.3279930Z 
2025-08-17T13:20:22.3280088Z Coverage XML written to file coverage.xml
2025-08-17T13:20:22.4706358Z ##[group]Run actions/upload-artifact@v4
2025-08-17T13:20:22.4706641Z with:
2025-08-17T13:20:22.4706827Z   name: coverage.integration
2025-08-17T13:20:22.4707055Z   path: .coverage
2025-08-17T13:20:22.4707258Z   if-no-files-found: warn
2025-08-17T13:20:22.4707476Z   compression-level: 6
2025-08-17T13:20:22.4707677Z   overwrite: false
2025-08-17T13:20:22.4707875Z   include-hidden-files: false
2025-08-17T13:20:22.4708096Z env:
2025-08-17T13:20:22.4708264Z   PG_USER: postgres
2025-08-17T13:20:22.4708456Z   PG_PASSWORD: pass
2025-08-17T13:20:22.4708644Z   PG_DATABASE: awa
2025-08-17T13:20:22.4708824Z   PG_HOST: localhost
2025-08-17T13:20:22.4709011Z   PG_PORT: 5432
2025-08-17T13:20:22.4709454Z   PG_SYNC_DSN: ***localhost:5432/awa
2025-08-17T13:20:22.4709857Z   PG_ASYNC_DSN: ***localhost:5432/awa
2025-08-17T13:20:22.4710258Z   DATABASE_URL: ***localhost:5432/awa
2025-08-17T13:20:22.4710500Z   DATA_DIR: /tmp/awa-data
2025-08-17T13:20:22.4710703Z   ENABLE_LIVE: 0
2025-08-17T13:20:22.4710909Z   TESTING: 1
2025-08-17T13:20:22.4711154Z   pythonLocation: /opt/hostedtoolcache/Python/3.11.13/x64
2025-08-17T13:20:22.4711572Z   PKG_CONFIG_PATH: /opt/hostedtoolcache/Python/3.11.13/x64/lib/pkgconfig
2025-08-17T13:20:22.4712146Z   Python_ROOT_DIR: /opt/hostedtoolcache/Python/3.11.13/x64
2025-08-17T13:20:22.4712502Z   Python2_ROOT_DIR: /opt/hostedtoolcache/Python/3.11.13/x64
2025-08-17T13:20:22.4712855Z   Python3_ROOT_DIR: /opt/hostedtoolcache/Python/3.11.13/x64
2025-08-17T13:20:22.4713208Z   LD_LIBRARY_PATH: /opt/hostedtoolcache/Python/3.11.13/x64/lib
2025-08-17T13:20:22.4713502Z ##[endgroup]
2025-08-17T13:20:22.6903485Z ##[warning]No files were found with the provided path: .coverage. No artifacts will be uploaded.
2025-08-17T13:20:22.7496298Z Post job cleanup.
2025-08-17T13:20:22.8749029Z Cache hit occurred on the primary key Linux-int-dee7c0c28332ec2ebb5d2650fb0d2cfddf025b3b0e96b0c826645ad2cb717961, not saving cache.
2025-08-17T13:20:22.8829448Z Post job cleanup.
2025-08-17T13:20:23.0433812Z Cache hit occurred on the primary key setup-python-Linux-x64-24.04-Ubuntu-python-3.11.13-pip-dee7c0c28332ec2ebb5d2650fb0d2cfddf025b3b0e96b0c826645ad2cb717961, not saving cache.
2025-08-17T13:20:23.0539249Z Post job cleanup.
2025-08-17T13:20:23.1473517Z [command]/usr/bin/git version
2025-08-17T13:20:23.1510254Z git version 2.50.1
2025-08-17T13:20:23.1553163Z Temporarily overriding HOME='/home/runner/work/_temp/796c25fa-c757-48f4-8647-e14c540247df' before making global git config changes
2025-08-17T13:20:23.1554497Z Adding repository directory to the temporary git global config as a safe directory
2025-08-17T13:20:23.1566163Z [command]/usr/bin/git config --global --add safe.directory /home/runner/work/AWA-App/AWA-App
2025-08-17T13:20:23.1600571Z [command]/usr/bin/git config --local --name-only --get-regexp core\.sshCommand
2025-08-17T13:20:23.1632940Z [command]/usr/bin/git submodule foreach --recursive sh -c "git config --local --name-only --get-regexp 'core\.sshCommand' && git config --local --unset-all 'core.sshCommand' || :"
2025-08-17T13:20:23.1857935Z [command]/usr/bin/git config --local --name-only --get-regexp http\.https\:\/\/github\.com\/\.extraheader
2025-08-17T13:20:23.1878314Z http.https://github.com/.extraheader
2025-08-17T13:20:23.1890178Z [command]/usr/bin/git config --local --unset-all http.https://github.com/.extraheader
2025-08-17T13:20:23.1919483Z [command]/usr/bin/git submodule foreach --recursive sh -c "git config --local --name-only --get-regexp 'http\.https\:\/\/github\.com\/\.extraheader' && git config --local --unset-all 'http.https://github.com/.extraheader' || :"
2025-08-17T13:20:23.2221020Z Print service container logs: 385a4da4a8c44e5292834fb71fd2a460_postgres15_f64aac
2025-08-17T13:20:23.2225951Z ##[command]/usr/bin/docker logs --details 92e2a979d23958bfbaa84d1e3f0c901b84a5c03b95c135ad47aa28f5b3eae6d4
2025-08-17T13:20:23.2349683Z  The files belonging to this database system will be owned by user "postgres".
2025-08-17T13:20:23.2350422Z  This user must also own the server process.
2025-08-17T13:20:23.2352010Z  initdb: warning: enabling "trust" authentication for local connections
2025-08-17T13:20:23.2352626Z  
2025-08-17T13:20:23.2353082Z  The database cluster will be initialized with locale "en_US.utf8".
2025-08-17T13:20:23.2353815Z  The default database encoding has accordingly been set to "UTF8".
2025-08-17T13:20:23.2354508Z  The default text search configuration will be set to "english".
2025-08-17T13:20:23.2355026Z  
2025-08-17T13:20:23.2355317Z  Data page checksums are disabled.
2025-08-17T13:20:23.2355698Z  
2025-08-17T13:20:23.2356563Z  initdb: hint: You can change this by editing pg_hba.conf or using the option -A, or --auth-local and --auth-host, the next time you run initdb.
2025-08-17T13:20:23.2357972Z  2025-08-17 13:19:30.124 UTC [1] LOG:  starting PostgreSQL 15.14 (Debian 15.14-1.pgdg13+1) on x86_64-pc-linux-gnu, compiled by gcc (Debian 14.2.0-19) 14.2.0, 64-bit
2025-08-17T13:20:23.2359053Z  2025-08-17 13:19:30.124 UTC [1] LOG:  listening on IPv4 address "0.0.0.0", port 5432
2025-08-17T13:20:23.2359753Z  2025-08-17 13:19:30.124 UTC [1] LOG:  listening on IPv6 address "::", port 5432
2025-08-17T13:20:23.2360532Z  2025-08-17 13:19:30.125 UTC [1] LOG:  listening on Unix socket "/var/run/postgresql/.s.PGSQL.5432"
2025-08-17T13:20:23.2361391Z  2025-08-17 13:19:30.128 UTC [64] LOG:  database system was shut down at 2025-08-17 13:19:30 UTC
2025-08-17T13:20:23.2362323Z  2025-08-17 13:19:30.132 UTC [1] LOG:  database system is ready to accept connections
2025-08-17T13:20:23.2363089Z  fixing permissions on existing directory /var/lib/postgresql/data ... ok
2025-08-17T13:20:23.2363721Z  creating subdirectories ... ok
2025-08-17T13:20:23.2364241Z  selecting dynamic shared memory implementation ... posix
2025-08-17T13:20:23.2364799Z  selecting default max_connections ... 100
2025-08-17T13:20:23.2365549Z  selecting default shared_buffers ... 128MB
2025-08-17T13:20:23.2366010Z  selecting default time zone ... Etc/UTC
2025-08-17T13:20:23.2366460Z  creating configuration files ... ok
2025-08-17T13:20:23.2366883Z  running bootstrap script ... ok
2025-08-17T13:20:23.2367367Z  performing post-bootstrap initialization ... ok
2025-08-17T13:20:23.2368005Z  syncing data to disk ... ok
2025-08-17T13:20:23.2368349Z  
2025-08-17T13:20:23.2368604Z  
2025-08-17T13:20:23.2368958Z  Success. You can now start the database server using:
2025-08-17T13:20:23.2369373Z  
2025-08-17T13:20:23.2369606Z      pg_ctl -D /var/lib/postgresql/data -l logfile start
2025-08-17T13:20:23.2369889Z  
2025-08-17T13:20:23.2370468Z  waiting for server to start....2025-08-17 13:19:29.821 UTC [48] LOG:  starting PostgreSQL 15.14 (Debian 15.14-1.pgdg13+1) on x86_64-pc-linux-gnu, compiled by gcc (Debian 14.2.0-19) 14.2.0, 64-bit
2025-08-17T13:20:23.2371236Z  2025-08-17 13:19:29.822 UTC [48] LOG:  listening on Unix socket "/var/run/postgresql/.s.PGSQL.5432"
2025-08-17T13:20:23.2371953Z  2025-08-17 13:19:29.827 UTC [51] LOG:  database system was shut down at 2025-08-17 13:19:29 UTC
2025-08-17T13:20:23.2372415Z  2025-08-17 13:19:29.831 UTC [48] LOG:  database system is ready to accept connections
2025-08-17T13:20:23.2372748Z   done
2025-08-17T13:20:23.2372907Z  server started
2025-08-17T13:20:23.2373090Z  CREATE DATABASE
2025-08-17T13:20:23.2373265Z  
2025-08-17T13:20:23.2373411Z  
2025-08-17T13:20:23.2373708Z  /usr/local/bin/docker-entrypoint.sh: ignoring /docker-entrypoint-initdb.d/*
2025-08-17T13:20:23.2374078Z  
2025-08-17T13:20:23.2374300Z  2025-08-17 13:19:30.005 UTC [48] LOG:  received fast shutdown request
2025-08-17T13:20:23.2374981Z  waiting for server to shut down....2025-08-17 13:19:30.005 UTC [48] LOG:  aborting any active transactions
2025-08-17T13:20:23.2375620Z  2025-08-17 13:19:30.007 UTC [48] LOG:  background worker "logical replication launcher" (PID 54) exited with exit code 1
2025-08-17T13:20:23.2376104Z  2025-08-17 13:19:30.007 UTC [49] LOG:  shutting down
2025-08-17T13:20:23.2376460Z  2025-08-17 13:19:30.008 UTC [49] LOG:  checkpoint starting: shutdown immediate
2025-08-17T13:20:23.2377329Z  2025-08-17 13:19:30.027 UTC [49] LOG:  checkpoint complete: wrote 922 buffers (5.6%); 0 WAL file(s) added, 0 removed, 0 recycled; write=0.014 s, sync=0.003 s, total=0.021 s; sync files=301, longest=0.001 s, average=0.001 s; distance=4239 kB, estimate=4239 kB
2025-08-17T13:20:23.2378146Z  2025-08-17 13:19:30.033 UTC [48] LOG:  database system is shut down
2025-08-17T13:20:23.2378442Z   done
2025-08-17T13:20:23.2378606Z  server stopped
2025-08-17T13:20:23.2378782Z  
2025-08-17T13:20:23.2379000Z  PostgreSQL init process complete; ready for start up.
2025-08-17T13:20:23.2379283Z  
2025-08-17T13:20:23.2385025Z Stop and remove container: 385a4da4a8c44e5292834fb71fd2a460_postgres15_f64aac
2025-08-17T13:20:23.2389530Z ##[command]/usr/bin/docker rm --force 92e2a979d23958bfbaa84d1e3f0c901b84a5c03b95c135ad47aa28f5b3eae6d4
2025-08-17T13:20:24.1728470Z 92e2a979d23958bfbaa84d1e3f0c901b84a5c03b95c135ad47aa28f5b3eae6d4
2025-08-17T13:20:24.1757366Z Remove container network: github_network_fd8a068857074f1fa50d7d077ba4864f
2025-08-17T13:20:24.1761600Z ##[command]/usr/bin/docker network rm github_network_fd8a068857074f1fa50d7d077ba4864f
2025-08-17T13:20:24.2808235Z github_network_fd8a068857074f1fa50d7d077ba4864f
2025-08-17T13:20:24.2863790Z Cleaning up orphan processes
