2025-08-21T08:51:53.9181744Z Current runner version: '2.328.0'
2025-08-21T08:51:53.9204398Z ##[group]Runner Image Provisioner
2025-08-21T08:51:53.9205196Z Hosted Compute Agent
2025-08-21T08:51:53.9205819Z Version: 20250818.377
2025-08-21T08:51:53.9206428Z Commit: 3c593e9f75fe0b87e893bca80d6e12ba089c61fc
2025-08-21T08:51:53.9207071Z Build Date: 2025-08-18T14:52:18Z
2025-08-21T08:51:53.9207705Z ##[endgroup]
2025-08-21T08:51:53.9208222Z ##[group]Operating System
2025-08-21T08:51:53.9208786Z Ubuntu
2025-08-21T08:51:53.9209307Z 24.04.2
2025-08-21T08:51:53.9209739Z LTS
2025-08-21T08:51:53.9210183Z ##[endgroup]
2025-08-21T08:51:53.9210669Z ##[group]Runner Image
2025-08-21T08:51:53.9211403Z Image: ubuntu-24.04
2025-08-21T08:51:53.9211899Z Version: 20250818.1.0
2025-08-21T08:51:53.9212944Z Included Software: https://github.com/actions/runner-images/blob/ubuntu24/20250818.1/images/ubuntu/Ubuntu2404-Readme.md
2025-08-21T08:51:53.9214434Z Image Release: https://github.com/actions/runner-images/releases/tag/ubuntu24%2F20250818.1
2025-08-21T08:51:53.9215840Z ##[endgroup]
2025-08-21T08:51:53.9218156Z ##[group]GITHUB_TOKEN Permissions
2025-08-21T08:51:53.9220447Z Actions: write
2025-08-21T08:51:53.9220995Z Attestations: write
2025-08-21T08:51:53.9221888Z Checks: write
2025-08-21T08:51:53.9222363Z Contents: write
2025-08-21T08:51:53.9222966Z Deployments: write
2025-08-21T08:51:53.9223443Z Discussions: write
2025-08-21T08:51:53.9223961Z Issues: write
2025-08-21T08:51:53.9224480Z Metadata: read
2025-08-21T08:51:53.9224954Z Models: read
2025-08-21T08:51:53.9225426Z Packages: write
2025-08-21T08:51:53.9225955Z Pages: write
2025-08-21T08:51:53.9226454Z PullRequests: write
2025-08-21T08:51:53.9226986Z RepositoryProjects: write
2025-08-21T08:51:53.9227600Z SecurityEvents: write
2025-08-21T08:51:53.9228194Z Statuses: write
2025-08-21T08:51:53.9228705Z ##[endgroup]
2025-08-21T08:51:53.9230762Z Secret source: Actions
2025-08-21T08:51:53.9231827Z Prepare workflow directory
2025-08-21T08:51:53.9668410Z Prepare all required actions
2025-08-21T08:51:53.9706796Z Getting action download info
2025-08-21T08:51:54.4234063Z Download action repository 'actions/checkout@v5' (SHA:08c6903cd8c0fde910a37f88322edcfb5dd907a8)
2025-08-21T08:51:54.5080307Z Download action repository 'actions/setup-python@v5' (SHA:a26af69be951a213d495a4c3e4e4022e16d87065)
2025-08-21T08:51:54.5957778Z Download action repository 'actions/cache@v4' (SHA:0400d5f644dc74513175e3cd8d07132dd4860809)
2025-08-21T08:51:54.7338476Z Download action repository 'actions/upload-artifact@v4' (SHA:ea165f8d65b6e75b540449e92b4886f43607fa02)
2025-08-21T08:51:54.9415468Z Complete job name: integration-db
2025-08-21T08:51:54.9902374Z ##[group]Checking docker version
2025-08-21T08:51:54.9915406Z ##[command]/usr/bin/docker version --format '{{.Server.APIVersion}}'
2025-08-21T08:51:55.0414623Z '1.48'
2025-08-21T08:51:55.0427049Z Docker daemon API version: '1.48'
2025-08-21T08:51:55.0427777Z ##[command]/usr/bin/docker version --format '{{.Client.APIVersion}}'
2025-08-21T08:51:55.0575894Z '1.48'
2025-08-21T08:51:55.0589267Z Docker client API version: '1.48'
2025-08-21T08:51:55.0594553Z ##[endgroup]
2025-08-21T08:51:55.0597341Z ##[group]Clean up resources from previous jobs
2025-08-21T08:51:55.0603380Z ##[command]/usr/bin/docker ps --all --quiet --no-trunc --filter "label=107b8f"
2025-08-21T08:51:55.0740096Z ##[command]/usr/bin/docker network prune --force --filter "label=107b8f"
2025-08-21T08:51:55.0861745Z ##[endgroup]
2025-08-21T08:51:55.0862235Z ##[group]Create local container network
2025-08-21T08:51:55.0872053Z ##[command]/usr/bin/docker network create --label 107b8f github_network_be2759cc0b9c4938b91674fa04d67cdc
2025-08-21T08:51:55.1363111Z 608034218d462d938f827d91787167b15a5f76a22f7af4b72bb133745809185d
2025-08-21T08:51:55.1381148Z ##[endgroup]
2025-08-21T08:51:55.1404475Z ##[group]Starting postgres service container
2025-08-21T08:51:55.1422745Z ##[command]/usr/bin/docker pull postgres:15
2025-08-21T08:51:57.0138249Z 15: Pulling from library/postgres
2025-08-21T08:51:57.2412717Z 396b1da7636e: Pulling fs layer
2025-08-21T08:51:57.2416224Z fca2566eba32: Pulling fs layer
2025-08-21T08:51:57.2416788Z 631fe8c6d606: Pulling fs layer
2025-08-21T08:51:57.2417288Z 77c7671c4414: Pulling fs layer
2025-08-21T08:51:57.2417725Z 2d9e29180a27: Pulling fs layer
2025-08-21T08:51:57.2418377Z c6bcc2c9a041: Pulling fs layer
2025-08-21T08:51:57.2418841Z ac4b721eb66f: Pulling fs layer
2025-08-21T08:51:57.2419265Z 606bd164980e: Pulling fs layer
2025-08-21T08:51:57.2419912Z f5dfd246bc6e: Pulling fs layer
2025-08-21T08:51:57.2420496Z ba7036bb0a60: Pulling fs layer
2025-08-21T08:51:57.2420913Z 799f859abbbd: Pulling fs layer
2025-08-21T08:51:57.2421566Z d903e777080c: Pulling fs layer
2025-08-21T08:51:57.2422013Z 04adcb462801: Pulling fs layer
2025-08-21T08:51:57.2422307Z 5c10925b29ff: Pulling fs layer
2025-08-21T08:51:57.2422583Z ba7036bb0a60: Waiting
2025-08-21T08:51:57.2422820Z c6bcc2c9a041: Waiting
2025-08-21T08:51:57.2423045Z 799f859abbbd: Waiting
2025-08-21T08:51:57.2423277Z ac4b721eb66f: Waiting
2025-08-21T08:51:57.2423493Z 606bd164980e: Waiting
2025-08-21T08:51:57.2423714Z f5dfd246bc6e: Waiting
2025-08-21T08:51:57.2423972Z 77c7671c4414: Waiting
2025-08-21T08:51:57.2424194Z d903e777080c: Waiting
2025-08-21T08:51:57.2424437Z 04adcb462801: Waiting
2025-08-21T08:51:57.2424662Z 5c10925b29ff: Waiting
2025-08-21T08:51:57.2424880Z 2d9e29180a27: Waiting
2025-08-21T08:51:57.5429638Z fca2566eba32: Verifying Checksum
2025-08-21T08:51:57.5430159Z fca2566eba32: Download complete
2025-08-21T08:51:57.7018614Z 631fe8c6d606: Verifying Checksum
2025-08-21T08:51:57.7019172Z 631fe8c6d606: Download complete
2025-08-21T08:51:57.8198943Z 396b1da7636e: Verifying Checksum
2025-08-21T08:51:57.8199512Z 396b1da7636e: Download complete
2025-08-21T08:51:57.9146570Z 77c7671c4414: Download complete
2025-08-21T08:51:58.1522613Z 2d9e29180a27: Verifying Checksum
2025-08-21T08:51:58.1524544Z 2d9e29180a27: Download complete
2025-08-21T08:51:58.1829486Z c6bcc2c9a041: Verifying Checksum
2025-08-21T08:51:58.1830801Z c6bcc2c9a041: Download complete
2025-08-21T08:51:58.2029989Z ac4b721eb66f: Verifying Checksum
2025-08-21T08:51:58.2033803Z ac4b721eb66f: Download complete
2025-08-21T08:51:58.4866897Z ba7036bb0a60: Verifying Checksum
2025-08-21T08:51:58.4867593Z ba7036bb0a60: Download complete
2025-08-21T08:51:58.5440199Z 606bd164980e: Verifying Checksum
2025-08-21T08:51:58.5440693Z 606bd164980e: Download complete
2025-08-21T08:51:58.7667219Z 799f859abbbd: Verifying Checksum
2025-08-21T08:51:58.7667728Z 799f859abbbd: Download complete
2025-08-21T08:51:58.7813192Z 396b1da7636e: Pull complete
2025-08-21T08:51:58.8416492Z d903e777080c: Verifying Checksum
2025-08-21T08:51:58.8417500Z d903e777080c: Download complete
2025-08-21T08:51:58.9287557Z fca2566eba32: Pull complete
2025-08-21T08:51:59.0911202Z 04adcb462801: Verifying Checksum
2025-08-21T08:51:59.0911882Z 04adcb462801: Download complete
2025-08-21T08:51:59.1376724Z 631fe8c6d606: Pull complete
2025-08-21T08:51:59.1460258Z 5c10925b29ff: Verifying Checksum
2025-08-21T08:51:59.1460793Z 5c10925b29ff: Download complete
2025-08-21T08:51:59.1871755Z 77c7671c4414: Pull complete
2025-08-21T08:51:59.4583372Z f5dfd246bc6e: Verifying Checksum
2025-08-21T08:51:59.4583926Z f5dfd246bc6e: Download complete
2025-08-21T08:51:59.5111929Z 2d9e29180a27: Pull complete
2025-08-21T08:51:59.5939499Z c6bcc2c9a041: Pull complete
2025-08-21T08:51:59.6033561Z ac4b721eb66f: Pull complete
2025-08-21T08:51:59.6171693Z 606bd164980e: Pull complete
2025-08-21T08:52:02.5370011Z f5dfd246bc6e: Pull complete
2025-08-21T08:52:02.5540256Z ba7036bb0a60: Pull complete
2025-08-21T08:52:02.5657150Z 799f859abbbd: Pull complete
2025-08-21T08:52:02.5775612Z d903e777080c: Pull complete
2025-08-21T08:52:02.5896138Z 04adcb462801: Pull complete
2025-08-21T08:52:02.6015170Z 5c10925b29ff: Pull complete
2025-08-21T08:52:02.6060157Z Digest: sha256:bc51cf4f1fe02cce7ed2370b20128a9b00b4eb804573a77d2a0d877aaa9c82b1
2025-08-21T08:52:02.6078461Z Status: Downloaded newer image for postgres:15
2025-08-21T08:52:02.6089520Z docker.io/library/postgres:15
2025-08-21T08:52:02.6149419Z ##[command]/usr/bin/docker create --name 6eec8dd3eacb4c19ba3a7bbf422f35bd_postgres15_44f216 --label 107b8f --network github_network_be2759cc0b9c4938b91674fa04d67cdc --network-alias postgres -p 5432:5432 --health-cmd="pg_isready -U postgres -d awa" --health-interval=5s --health-timeout=5s --health-retries=10 -e "POSTGRES_USER=postgres" -e "POSTGRES_PASSWORD=pass" -e "POSTGRES_DB=awa" -e GITHUB_ACTIONS=true -e CI=true postgres:15
2025-08-21T08:52:02.6415773Z 41784ea9110607a80654e8e5039a71ace0883ba0a47d4929a98eebef30746bbc
2025-08-21T08:52:02.6437020Z ##[command]/usr/bin/docker start 41784ea9110607a80654e8e5039a71ace0883ba0a47d4929a98eebef30746bbc
2025-08-21T08:52:02.9092955Z 41784ea9110607a80654e8e5039a71ace0883ba0a47d4929a98eebef30746bbc
2025-08-21T08:52:02.9115665Z ##[command]/usr/bin/docker ps --all --filter id=41784ea9110607a80654e8e5039a71ace0883ba0a47d4929a98eebef30746bbc --filter status=running --no-trunc --format "{{.ID}} {{.Status}}"
2025-08-21T08:52:02.9321757Z 41784ea9110607a80654e8e5039a71ace0883ba0a47d4929a98eebef30746bbc Up Less than a second (health: starting)
2025-08-21T08:52:02.9343641Z ##[command]/usr/bin/docker port 41784ea9110607a80654e8e5039a71ace0883ba0a47d4929a98eebef30746bbc
2025-08-21T08:52:02.9471514Z 5432/tcp -> 0.0.0.0:5432
2025-08-21T08:52:02.9471912Z 5432/tcp -> [::]:5432
2025-08-21T08:52:02.9522932Z ##[endgroup]
2025-08-21T08:52:02.9531113Z ##[group]Waiting for all services to be ready
2025-08-21T08:52:02.9544047Z ##[command]/usr/bin/docker inspect --format="{{if .Config.Healthcheck}}{{print .State.Health.Status}}{{end}}" 41784ea9110607a80654e8e5039a71ace0883ba0a47d4929a98eebef30746bbc
2025-08-21T08:52:02.9682622Z starting
2025-08-21T08:52:02.9733883Z postgres service is starting, waiting 2 seconds before checking again.
2025-08-21T08:52:04.9734308Z ##[command]/usr/bin/docker inspect --format="{{if .Config.Healthcheck}}{{print .State.Health.Status}}{{end}}" 41784ea9110607a80654e8e5039a71ace0883ba0a47d4929a98eebef30746bbc
2025-08-21T08:52:04.9847774Z starting
2025-08-21T08:52:04.9861819Z postgres service is starting, waiting 4 seconds before checking again.
2025-08-21T08:52:09.2549491Z ##[command]/usr/bin/docker inspect --format="{{if .Config.Healthcheck}}{{print .State.Health.Status}}{{end}}" 41784ea9110607a80654e8e5039a71ace0883ba0a47d4929a98eebef30746bbc
2025-08-21T08:52:09.2670153Z healthy
2025-08-21T08:52:09.2687933Z postgres service is healthy.
2025-08-21T08:52:09.2688525Z ##[endgroup]
2025-08-21T08:52:09.2927693Z ##[group]Run actions/checkout@v5
2025-08-21T08:52:09.2928211Z with:
2025-08-21T08:52:09.2928394Z   fetch-depth: 0
2025-08-21T08:52:09.2928610Z   repository: AlexBomber12/AWA-App
2025-08-21T08:52:09.2928972Z   token: ***
2025-08-21T08:52:09.2929158Z   ssh-strict: true
2025-08-21T08:52:09.2929336Z   ssh-user: git
2025-08-21T08:52:09.2929528Z   persist-credentials: true
2025-08-21T08:52:09.2929734Z   clean: true
2025-08-21T08:52:09.2929925Z   sparse-checkout-cone-mode: true
2025-08-21T08:52:09.2930151Z   fetch-tags: false
2025-08-21T08:52:09.2930335Z   show-progress: true
2025-08-21T08:52:09.2930522Z   lfs: false
2025-08-21T08:52:09.2930700Z   submodules: false
2025-08-21T08:52:09.2930889Z   set-safe-directory: true
2025-08-21T08:52:09.2931456Z ##[endgroup]
2025-08-21T08:52:09.3902406Z Syncing repository: AlexBomber12/AWA-App
2025-08-21T08:52:09.3903801Z ##[group]Getting Git version info
2025-08-21T08:52:09.3904294Z Working directory is '/home/runner/work/AWA-App/AWA-App'
2025-08-21T08:52:09.3904870Z [command]/usr/bin/git version
2025-08-21T08:52:09.3927518Z git version 2.51.0
2025-08-21T08:52:09.3947942Z ##[endgroup]
2025-08-21T08:52:09.3961925Z Temporarily overriding HOME='/home/runner/work/_temp/3cc2f56c-553f-4fe1-80bc-454744e6cec0' before making global git config changes
2025-08-21T08:52:09.3962655Z Adding repository directory to the temporary git global config as a safe directory
2025-08-21T08:52:09.3966898Z [command]/usr/bin/git config --global --add safe.directory /home/runner/work/AWA-App/AWA-App
2025-08-21T08:52:09.4002917Z Deleting the contents of '/home/runner/work/AWA-App/AWA-App'
2025-08-21T08:52:09.4006175Z ##[group]Initializing the repository
2025-08-21T08:52:09.4010979Z [command]/usr/bin/git init /home/runner/work/AWA-App/AWA-App
2025-08-21T08:52:09.4091016Z hint: Using 'master' as the name for the initial branch. This default branch name
2025-08-21T08:52:09.4092212Z hint: is subject to change. To configure the initial branch name to use in all
2025-08-21T08:52:09.4096126Z hint: of your new repositories, which will suppress this warning, call:
2025-08-21T08:52:09.4096737Z hint:
2025-08-21T08:52:09.4097173Z hint: 	git config --global init.defaultBranch <name>
2025-08-21T08:52:09.4097656Z hint:
2025-08-21T08:52:09.4098141Z hint: Names commonly chosen instead of 'master' are 'main', 'trunk' and
2025-08-21T08:52:09.4098924Z hint: 'development'. The just-created branch can be renamed via this command:
2025-08-21T08:52:09.4099517Z hint:
2025-08-21T08:52:09.4099772Z hint: 	git branch -m <name>
2025-08-21T08:52:09.4100064Z hint:
2025-08-21T08:52:09.4100603Z hint: Disable this message with "git config set advice.defaultBranchName false"
2025-08-21T08:52:09.4101650Z Initialized empty Git repository in /home/runner/work/AWA-App/AWA-App/.git/
2025-08-21T08:52:09.4105300Z [command]/usr/bin/git remote add origin https://github.com/AlexBomber12/AWA-App
2025-08-21T08:52:09.4136718Z ##[endgroup]
2025-08-21T08:52:09.4137278Z ##[group]Disabling automatic garbage collection
2025-08-21T08:52:09.4140219Z [command]/usr/bin/git config --local gc.auto 0
2025-08-21T08:52:09.4166540Z ##[endgroup]
2025-08-21T08:52:09.4166982Z ##[group]Setting up auth
2025-08-21T08:52:09.4173064Z [command]/usr/bin/git config --local --name-only --get-regexp core\.sshCommand
2025-08-21T08:52:09.4201942Z [command]/usr/bin/git submodule foreach --recursive sh -c "git config --local --name-only --get-regexp 'core\.sshCommand' && git config --local --unset-all 'core.sshCommand' || :"
2025-08-21T08:52:09.4504748Z [command]/usr/bin/git config --local --name-only --get-regexp http\.https\:\/\/github\.com\/\.extraheader
2025-08-21T08:52:09.4533078Z [command]/usr/bin/git submodule foreach --recursive sh -c "git config --local --name-only --get-regexp 'http\.https\:\/\/github\.com\/\.extraheader' && git config --local --unset-all 'http.https://github.com/.extraheader' || :"
2025-08-21T08:52:09.4752522Z [command]/usr/bin/git config --local http.https://github.com/.extraheader AUTHORIZATION: basic ***
2025-08-21T08:52:09.4786042Z ##[endgroup]
2025-08-21T08:52:09.4786626Z ##[group]Fetching the repository
2025-08-21T08:52:09.4795255Z [command]/usr/bin/git -c protocol.version=2 fetch --prune --no-recurse-submodules origin +refs/heads/*:refs/remotes/origin/* +refs/tags/*:refs/tags/*
2025-08-21T08:52:12.4547041Z From https://github.com/AlexBomber12/AWA-App
2025-08-21T08:52:12.4549117Z  * [new branch]        codex/analyze-ci-logs-and-implement-fixes -> origin/codex/analyze-ci-logs-and-implement-fixes
2025-08-21T08:52:12.4550632Z  * [new branch]        codex/fix-ci-workflows-until-green -> origin/codex/fix-ci-workflows-until-green
2025-08-21T08:52:12.4551925Z  * [new branch]        main       -> origin/main
2025-08-21T08:52:12.4552534Z  * [new tag]           0.3.0      -> 0.3.0
2025-08-21T08:52:12.4590654Z [command]/usr/bin/git branch --list --remote origin/main
2025-08-21T08:52:12.4613772Z   origin/main
2025-08-21T08:52:12.4622544Z [command]/usr/bin/git rev-parse refs/remotes/origin/main
2025-08-21T08:52:12.4642502Z d063a2087129fc115acdf4eff3987daddee1f553
2025-08-21T08:52:12.4646665Z ##[endgroup]
2025-08-21T08:52:12.4647128Z ##[group]Determining the checkout info
2025-08-21T08:52:12.4648004Z ##[endgroup]
2025-08-21T08:52:12.4652226Z [command]/usr/bin/git sparse-checkout disable
2025-08-21T08:52:12.4688931Z [command]/usr/bin/git config --local --unset-all extensions.worktreeConfig
2025-08-21T08:52:12.4714102Z ##[group]Checking out the ref
2025-08-21T08:52:12.4717799Z [command]/usr/bin/git checkout --progress --force -B main refs/remotes/origin/main
2025-08-21T08:52:12.5091563Z Switched to a new branch 'main'
2025-08-21T08:52:12.5093969Z branch 'main' set up to track 'origin/main'.
2025-08-21T08:52:12.5103882Z ##[endgroup]
2025-08-21T08:52:12.5142996Z [command]/usr/bin/git log -1 --format=%H
2025-08-21T08:52:12.5165557Z d063a2087129fc115acdf4eff3987daddee1f553
2025-08-21T08:52:12.5333968Z ##[group]Run cat .env.ci >> "$GITHUB_ENV"
2025-08-21T08:52:12.5334321Z [36;1mcat .env.ci >> "$GITHUB_ENV"[0m
2025-08-21T08:52:12.5335023Z [36;1mecho "DATABASE_URL=***localhost:5432/awa" >> "$GITHUB_ENV"[0m
2025-08-21T08:52:12.5335388Z [36;1mecho "PG_HOST=localhost" >> "$GITHUB_ENV"[0m
2025-08-21T08:52:12.5335688Z [36;1mecho "PG_PORT=5432" >> "$GITHUB_ENV"[0m
2025-08-21T08:52:12.5335964Z [36;1mecho "PG_USER=postgres" >> "$GITHUB_ENV"[0m
2025-08-21T08:52:12.5336251Z [36;1mecho "PG_PASSWORD=pass" >> "$GITHUB_ENV"[0m
2025-08-21T08:52:12.5336517Z [36;1mecho "PG_DATABASE=awa" >> "$GITHUB_ENV"[0m
2025-08-21T08:52:12.5336785Z [36;1mecho "TESTING=1" >> "$GITHUB_ENV"[0m
2025-08-21T08:52:12.5380072Z shell: /usr/bin/bash -e {0}
2025-08-21T08:52:12.5380307Z ##[endgroup]
2025-08-21T08:52:12.5556624Z ##[group]Run actions/setup-python@v5
2025-08-21T08:52:12.5556925Z with:
2025-08-21T08:52:12.5557107Z   python-version: 3.11
2025-08-21T08:52:12.5557302Z   cache: pip
2025-08-21T08:52:12.5557521Z   cache-dependency-path: requirements-dev.txt

2025-08-21T08:52:12.5557794Z   check-latest: false
2025-08-21T08:52:12.5558110Z   token: ***
2025-08-21T08:52:12.5558297Z   update-environment: true
2025-08-21T08:52:12.5558516Z   allow-prereleases: false
2025-08-21T08:52:12.5558714Z   freethreaded: false
2025-08-21T08:52:12.5558895Z env:
2025-08-21T08:52:12.5559056Z   PG_USER: postgres
2025-08-21T08:52:12.5559232Z   PG_PASSWORD: pass
2025-08-21T08:52:12.5559407Z   PG_DATABASE: awa
2025-08-21T08:52:12.5559573Z   PG_HOST: localhost
2025-08-21T08:52:12.5559749Z   PG_PORT: 5432
2025-08-21T08:52:12.5560119Z   PG_SYNC_DSN: ***localhost:5432/awa
2025-08-21T08:52:12.5560508Z   PG_ASYNC_DSN: ***localhost:5432/awa
2025-08-21T08:52:12.5560875Z   DATABASE_URL: ***localhost:5432/awa
2025-08-21T08:52:12.5561138Z   DATA_DIR: /tmp/awa-data
2025-08-21T08:52:12.5561584Z   ENABLE_LIVE: 0
2025-08-21T08:52:12.5561757Z   TESTING: 1
2025-08-21T08:52:12.5561912Z ##[endgroup]
2025-08-21T08:52:12.7253512Z ##[group]Installed versions
2025-08-21T08:52:12.7343275Z Successfully set up CPython (3.11.13)
2025-08-21T08:52:12.7343963Z ##[endgroup]
2025-08-21T08:52:12.7683148Z [command]/opt/hostedtoolcache/Python/3.11.13/x64/bin/pip cache dir
2025-08-21T08:52:13.3415904Z /home/runner/.cache/pip
2025-08-21T08:52:13.5960318Z Cache hit for: setup-python-Linux-x64-24.04-Ubuntu-python-3.11.13-pip-cc13ccef493b9f3a93ad5651164d9fb09282c1111f6f72ce20e0657de16de6b4
2025-08-21T08:52:14.8066313Z Received 33554432 of 309815432 (10.8%), 32.0 MBs/sec
2025-08-21T08:52:15.8068332Z Received 159383552 of 309815432 (51.4%), 76.0 MBs/sec
2025-08-21T08:52:16.8075512Z Received 297795584 of 309815432 (96.1%), 94.6 MBs/sec
2025-08-21T08:52:16.9376008Z Received 309815432 of 309815432 (100.0%), 94.4 MBs/sec
2025-08-21T08:52:16.9378146Z Cache Size: ~295 MB (309815432 B)
2025-08-21T08:52:16.9417071Z [command]/usr/bin/tar -xf /home/runner/work/_temp/1f91105c-0951-48a5-85fd-227c7508b2e2/cache.tzst -P -C /home/runner/work/AWA-App/AWA-App --use-compress-program unzstd
2025-08-21T08:52:17.4250986Z Cache restored successfully
2025-08-21T08:52:17.4846706Z Cache restored from key: setup-python-Linux-x64-24.04-Ubuntu-python-3.11.13-pip-cc13ccef493b9f3a93ad5651164d9fb09282c1111f6f72ce20e0657de16de6b4
2025-08-21T08:52:17.5578258Z ##[group]Run actions/cache@v4
2025-08-21T08:52:17.5578515Z with:
2025-08-21T08:52:17.5578743Z   path: ~/.cache/pip
.pytest_cache
~/.ruff_cache

2025-08-21T08:52:17.5579169Z   key: Linux-int-cc13ccef493b9f3a93ad5651164d9fb09282c1111f6f72ce20e0657de16de6b4
2025-08-21T08:52:17.5579562Z   restore-keys: Linux-int-
2025-08-21T08:52:17.5579788Z   enableCrossOsArchive: false
2025-08-21T08:52:17.5580017Z   fail-on-cache-miss: false
2025-08-21T08:52:17.5580223Z   lookup-only: false
2025-08-21T08:52:17.5580413Z   save-always: false
2025-08-21T08:52:17.5580591Z env:
2025-08-21T08:52:17.5580755Z   PG_USER: postgres
2025-08-21T08:52:17.5581118Z   PG_PASSWORD: pass
2025-08-21T08:52:17.5581554Z   PG_DATABASE: awa
2025-08-21T08:52:17.5581746Z   PG_HOST: localhost
2025-08-21T08:52:17.5581926Z   PG_PORT: 5432
2025-08-21T08:52:17.5582412Z   PG_SYNC_DSN: ***localhost:5432/awa
2025-08-21T08:52:17.5582853Z   PG_ASYNC_DSN: ***localhost:5432/awa
2025-08-21T08:52:17.5583283Z   DATABASE_URL: ***localhost:5432/awa
2025-08-21T08:52:17.5583516Z   DATA_DIR: /tmp/awa-data
2025-08-21T08:52:17.5583720Z   ENABLE_LIVE: 0
2025-08-21T08:52:17.5583897Z   TESTING: 1
2025-08-21T08:52:17.5584132Z   pythonLocation: /opt/hostedtoolcache/Python/3.11.13/x64
2025-08-21T08:52:17.5584536Z   PKG_CONFIG_PATH: /opt/hostedtoolcache/Python/3.11.13/x64/lib/pkgconfig
2025-08-21T08:52:17.5584930Z   Python_ROOT_DIR: /opt/hostedtoolcache/Python/3.11.13/x64
2025-08-21T08:52:17.5585278Z   Python2_ROOT_DIR: /opt/hostedtoolcache/Python/3.11.13/x64
2025-08-21T08:52:17.5585621Z   Python3_ROOT_DIR: /opt/hostedtoolcache/Python/3.11.13/x64
2025-08-21T08:52:17.5585987Z   LD_LIBRARY_PATH: /opt/hostedtoolcache/Python/3.11.13/x64/lib
2025-08-21T08:52:17.5586287Z ##[endgroup]
2025-08-21T08:52:17.9348177Z Cache hit for: Linux-int-cc13ccef493b9f3a93ad5651164d9fb09282c1111f6f72ce20e0657de16de6b4
2025-08-21T08:52:19.2080554Z Received 29360128 of 309817358 (9.5%), 28.0 MBs/sec
2025-08-21T08:52:20.2076532Z Received 159383552 of 309817358 (51.4%), 76.0 MBs/sec
2025-08-21T08:52:21.2080085Z Received 301989888 of 309817358 (97.5%), 96.0 MBs/sec
2025-08-21T08:52:22.2209929Z Received 309817358 of 309817358 (100.0%), 73.6 MBs/sec
2025-08-21T08:52:22.2212840Z Cache Size: ~295 MB (309817358 B)
2025-08-21T08:52:22.2318732Z [command]/usr/bin/tar -xf /home/runner/work/_temp/57ee74f1-58c5-46a8-98f6-3ef280ae5352/cache.tzst -P -C /home/runner/work/AWA-App/AWA-App --use-compress-program unzstd
2025-08-21T08:52:22.7423823Z Cache restored successfully
2025-08-21T08:52:22.8094009Z Cache restored from key: Linux-int-cc13ccef493b9f3a93ad5651164d9fb09282c1111f6f72ce20e0657de16de6b4
2025-08-21T08:52:22.8202919Z ##[group]Run pip install --break-system-packages -r requirements-dev.txt
2025-08-21T08:52:22.8203467Z [36;1mpip install --break-system-packages -r requirements-dev.txt[0m
2025-08-21T08:52:22.8203913Z [36;1mpip install --break-system-packages keepa==1.3.15 minio==7.1.15[0m
2025-08-21T08:52:22.8247473Z shell: /usr/bin/bash -e {0}
2025-08-21T08:52:22.8247714Z env:
2025-08-21T08:52:22.8247900Z   PG_USER: postgres
2025-08-21T08:52:22.8248102Z   PG_PASSWORD: pass
2025-08-21T08:52:22.8248295Z   PG_DATABASE: awa
2025-08-21T08:52:22.8248481Z   PG_HOST: localhost
2025-08-21T08:52:22.8248667Z   PG_PORT: 5432
2025-08-21T08:52:22.8249157Z   PG_SYNC_DSN: ***localhost:5432/awa
2025-08-21T08:52:22.8249558Z   PG_ASYNC_DSN: ***localhost:5432/awa
2025-08-21T08:52:22.8249935Z   DATABASE_URL: ***localhost:5432/awa
2025-08-21T08:52:22.8250177Z   DATA_DIR: /tmp/awa-data
2025-08-21T08:52:22.8250385Z   ENABLE_LIVE: 0
2025-08-21T08:52:22.8250565Z   TESTING: 1
2025-08-21T08:52:22.8250839Z   pythonLocation: /opt/hostedtoolcache/Python/3.11.13/x64
2025-08-21T08:52:22.8251408Z   PKG_CONFIG_PATH: /opt/hostedtoolcache/Python/3.11.13/x64/lib/pkgconfig
2025-08-21T08:52:22.8251798Z   Python_ROOT_DIR: /opt/hostedtoolcache/Python/3.11.13/x64
2025-08-21T08:52:22.8252147Z   Python2_ROOT_DIR: /opt/hostedtoolcache/Python/3.11.13/x64
2025-08-21T08:52:22.8252502Z   Python3_ROOT_DIR: /opt/hostedtoolcache/Python/3.11.13/x64
2025-08-21T08:52:22.8252863Z   LD_LIBRARY_PATH: /opt/hostedtoolcache/Python/3.11.13/x64/lib
2025-08-21T08:52:22.8253168Z ##[endgroup]
2025-08-21T08:52:24.0264207Z Collecting Jinja2==3.1.6 (from -r requirements-dev.txt (line 2))
2025-08-21T08:52:24.0279649Z   Using cached jinja2-3.1.6-py3-none-any.whl.metadata (2.9 kB)
2025-08-21T08:52:24.0574145Z Collecting alembic==1.16.4 (from -r requirements-dev.txt (line 3))
2025-08-21T08:52:24.0587980Z   Using cached alembic-1.16.4-py3-none-any.whl.metadata (7.3 kB)
2025-08-21T08:52:24.0828954Z Collecting apscheduler==3.10.4 (from -r requirements-dev.txt (line 4))
2025-08-21T08:52:24.0845766Z   Using cached APScheduler-3.10.4-py3-none-any.whl.metadata (5.7 kB)
2025-08-21T08:52:24.1090565Z Collecting asgi-correlation-id==4.3.1 (from -r requirements-dev.txt (line 5))
2025-08-21T08:52:24.1104649Z   Using cached asgi_correlation_id-4.3.1-py3-none-any.whl.metadata (28 kB)
2025-08-21T08:52:24.1653667Z Collecting asyncpg==0.30.0 (from -r requirements-dev.txt (line 6))
2025-08-21T08:52:24.1667584Z   Using cached asyncpg-0.30.0-cp311-cp311-manylinux_2_17_x86_64.manylinux2014_x86_64.whl.metadata (5.0 kB)
2025-08-21T08:52:24.2167744Z Collecting black==25.1.0 (from -r requirements-dev.txt (line 7))
2025-08-21T08:52:24.2182150Z   Using cached black-25.1.0-cp311-cp311-manylinux_2_17_x86_64.manylinux2014_x86_64.manylinux_2_28_x86_64.whl.metadata (81 kB)
2025-08-21T08:52:24.5267546Z Collecting boto3 (from -r requirements-dev.txt (line 8))
2025-08-21T08:52:24.5283109Z   Using cached boto3-1.40.14-py3-none-any.whl.metadata (6.7 kB)
2025-08-21T08:52:24.5640418Z Collecting redis==6.* (from -r requirements-dev.txt (line 9))
2025-08-21T08:52:24.5654543Z   Using cached redis-6.4.0-py3-none-any.whl.metadata (10 kB)
2025-08-21T08:52:24.6040178Z Collecting minio==7.* (from -r requirements-dev.txt (line 10))
2025-08-21T08:52:24.6053725Z   Using cached minio-7.2.16-py3-none-any.whl.metadata (6.5 kB)
2025-08-21T08:52:24.6294225Z Collecting vulture==2.10 (from -r requirements-dev.txt (line 11))
2025-08-21T08:52:24.6307191Z   Using cached vulture-2.10-py2.py3-none-any.whl.metadata (23 kB)
2025-08-21T08:52:24.6679348Z Collecting celery==5.5.3 (from -r requirements-dev.txt (line 12))
2025-08-21T08:52:24.6696207Z   Using cached celery-5.5.3-py3-none-any.whl.metadata (22 kB)
2025-08-21T08:52:24.7299126Z Collecting fastapi==0.116.1 (from -r requirements-dev.txt (line 13))
2025-08-21T08:52:24.7311864Z   Using cached fastapi-0.116.1-py3-none-any.whl.metadata (28 kB)
2025-08-21T08:52:24.8067802Z Collecting fastapi-limiter==0.1.6 (from -r requirements-dev.txt (line 15))
2025-08-21T08:52:24.8081711Z   Using cached fastapi_limiter-0.1.6-py3-none-any.whl.metadata (5.3 kB)
2025-08-21T08:52:24.8340963Z Collecting httpx<0.29,>=0.27 (from -r requirements-dev.txt (line 16))
2025-08-21T08:52:24.8354250Z   Using cached httpx-0.28.1-py3-none-any.whl.metadata (7.1 kB)
2025-08-21T08:52:24.8563116Z Collecting imapclient==3.0.1 (from -r requirements-dev.txt (line 17))
2025-08-21T08:52:24.8575693Z   Using cached IMAPClient-3.0.1-py2.py3-none-any.whl.metadata (1.7 kB)
2025-08-21T08:52:24.8755439Z Collecting itsdangerous (from -r requirements-dev.txt (line 18))
2025-08-21T08:52:24.8768315Z   Using cached itsdangerous-2.2.0-py3-none-any.whl.metadata (1.9 kB)
2025-08-21T08:52:24.9908277Z Collecting mypy==1.* (from -r requirements-dev.txt (line 19))
2025-08-21T08:52:24.9923314Z   Using cached mypy-1.17.1-cp311-cp311-manylinux2014_x86_64.manylinux_2_17_x86_64.manylinux_2_28_x86_64.whl.metadata (2.2 kB)
2025-08-21T08:52:25.0112105Z Collecting mypy-extensions==1.1.0 (from -r requirements-dev.txt (line 20))
2025-08-21T08:52:25.0125647Z   Using cached mypy_extensions-1.1.0-py3-none-any.whl.metadata (1.1 kB)
2025-08-21T08:52:25.1757008Z Collecting numpy<2 (from -r requirements-dev.txt (line 21))
2025-08-21T08:52:25.1772121Z   Using cached numpy-1.26.4-cp311-cp311-manylinux_2_17_x86_64.manylinux2014_x86_64.whl.metadata (61 kB)
2025-08-21T08:52:25.2090559Z Collecting openpyxl==3.1.5 (from -r requirements-dev.txt (line 22))
2025-08-21T08:52:25.2104763Z   Using cached openpyxl-3.1.5-py2.py3-none-any.whl.metadata (2.5 kB)
2025-08-21T08:52:25.3181447Z Collecting pandas==2.2.* (from -r requirements-dev.txt (line 23))
2025-08-21T08:52:25.3196391Z   Using cached pandas-2.2.3-cp311-cp311-manylinux_2_17_x86_64.manylinux2014_x86_64.whl.metadata (89 kB)
2025-08-21T08:52:25.4132816Z Collecting psycopg2-binary==2.9.10 (from -r requirements-dev.txt (line 24))
2025-08-21T08:52:25.4146818Z   Using cached psycopg2_binary-2.9.10-cp311-cp311-manylinux_2_17_x86_64.manylinux2014_x86_64.whl.metadata (4.9 kB)
2025-08-21T08:52:25.4379473Z Collecting psycopg==3.2.9 (from psycopg[binary]==3.2.9->-r requirements-dev.txt (line 25))
2025-08-21T08:52:25.4616540Z   Using cached psycopg-3.2.9-py3-none-any.whl.metadata (4.5 kB)
2025-08-21T08:52:25.5743422Z Collecting pydantic==2.11.7 (from -r requirements-dev.txt (line 26))
2025-08-21T08:52:25.5758540Z   Using cached pydantic-2.11.7-py3-none-any.whl.metadata (67 kB)
2025-08-21T08:52:25.5795918Z Requirement already satisfied: setuptools in /opt/hostedtoolcache/Python/3.11.13/x64/lib/python3.11/site-packages (from -r requirements-dev.txt (line 27)) (65.5.0)
2025-08-21T08:52:25.6039226Z Collecting pytest-asyncio==1.1.0 (from -r requirements-dev.txt (line 28))
2025-08-21T08:52:25.6053068Z   Using cached pytest_asyncio-1.1.0-py3-none-any.whl.metadata (4.1 kB)
2025-08-21T08:52:25.6280383Z Collecting pytest-cov==6.2.1 (from -r requirements-dev.txt (line 29))
2025-08-21T08:52:25.6294236Z   Using cached pytest_cov-6.2.1-py3-none-any.whl.metadata (30 kB)
2025-08-21T08:52:25.6529270Z Collecting pytest-postgresql==7.0.2 (from -r requirements-dev.txt (line 30))
2025-08-21T08:52:25.6542462Z   Using cached pytest_postgresql-7.0.2-py3-none-any.whl.metadata (18 kB)
2025-08-21T08:52:25.6786933Z Collecting python-dotenv (from -r requirements-dev.txt (line 31))
2025-08-21T08:52:25.6800329Z   Using cached python_dotenv-1.1.1-py3-none-any.whl.metadata (24 kB)
2025-08-21T08:52:25.7007195Z Collecting python-multipart (from -r requirements-dev.txt (line 32))
2025-08-21T08:52:25.7020663Z   Using cached python_multipart-0.0.20-py3-none-any.whl.metadata (1.8 kB)
2025-08-21T08:52:25.7373300Z Collecting python-telegram-bot==22.3 (from -r requirements-dev.txt (line 33))
2025-08-21T08:52:25.7386797Z   Using cached python_telegram_bot-22.3-py3-none-any.whl.metadata (17 kB)
2025-08-21T08:52:25.7736637Z Collecting requests==2.32.4 (from -r requirements-dev.txt (line 34))
2025-08-21T08:52:25.7752733Z   Using cached requests-2.32.4-py3-none-any.whl.metadata (4.9 kB)
2025-08-21T08:52:25.7986157Z Collecting respx==0.22.0 (from -r requirements-dev.txt (line 35))
2025-08-21T08:52:25.7999699Z   Using cached respx-0.22.0-py2.py3-none-any.whl.metadata (4.1 kB)
2025-08-21T08:52:26.1482762Z Collecting ruff==0.9.9 (from -r requirements-dev.txt (line 36))
2025-08-21T08:52:26.1497597Z   Using cached ruff-0.9.9-py3-none-manylinux_2_17_x86_64.manylinux2014_x86_64.whl.metadata (25 kB)
2025-08-21T08:52:26.4000182Z Collecting sqlalchemy==2.0.43 (from -r requirements-dev.txt (line 37))
2025-08-21T08:52:26.4019192Z   Using cached sqlalchemy-2.0.43-cp311-cp311-manylinux_2_17_x86_64.manylinux2014_x86_64.whl.metadata (9.6 kB)
2025-08-21T08:52:26.4308839Z Collecting structlog==24.1.0 (from -r requirements-dev.txt (line 38))
2025-08-21T08:52:26.4322177Z   Using cached structlog-24.1.0-py3-none-any.whl.metadata (6.9 kB)
2025-08-21T08:52:26.4570947Z Collecting testcontainers==4.12.0 (from testcontainers[postgres]==4.12.0->-r requirements-dev.txt (line 39))
2025-08-21T08:52:26.4583822Z   Using cached testcontainers-4.12.0-py3-none-any.whl.metadata (8.3 kB)
2025-08-21T08:52:26.5016416Z Collecting types-requests==2.32.4.20250809 (from -r requirements-dev.txt (line 40))
2025-08-21T08:52:26.5029467Z   Using cached types_requests-2.32.4.20250809-py3-none-any.whl.metadata (2.0 kB)
2025-08-21T08:52:26.5760603Z Collecting docspec-python==2.2.2 (from -r requirements-dev.txt (line 41))
2025-08-21T08:52:26.5774220Z   Using cached docspec_python-2.2.2-py3-none-any.whl.metadata (1.0 kB)
2025-08-21T08:52:26.6016437Z Collecting pydoc-markdown==4.8.2 (from -r requirements-dev.txt (line 42))
2025-08-21T08:52:26.6029439Z   Using cached pydoc_markdown-4.8.2-py3-none-any.whl.metadata (5.9 kB)
2025-08-21T08:52:26.6375022Z Collecting pandera==0.19.* (from -r requirements-dev.txt (line 43))
2025-08-21T08:52:26.6388178Z   Using cached pandera-0.19.3-py3-none-any.whl.metadata (15 kB)
2025-08-21T08:52:26.7448441Z Collecting MarkupSafe>=2.0 (from Jinja2==3.1.6->-r requirements-dev.txt (line 2))
2025-08-21T08:52:26.7463124Z   Using cached MarkupSafe-3.0.2-cp311-cp311-manylinux_2_17_x86_64.manylinux2014_x86_64.whl.metadata (4.0 kB)
2025-08-21T08:52:26.7823602Z Collecting Mako (from alembic==1.16.4->-r requirements-dev.txt (line 3))
2025-08-21T08:52:26.7837426Z   Using cached mako-1.3.10-py3-none-any.whl.metadata (2.9 kB)
2025-08-21T08:52:26.8074965Z Collecting typing-extensions>=4.12 (from alembic==1.16.4->-r requirements-dev.txt (line 3))
2025-08-21T08:52:26.8089112Z   Using cached typing_extensions-4.14.1-py3-none-any.whl.metadata (3.0 kB)
2025-08-21T08:52:26.8305535Z Collecting six>=1.4.0 (from apscheduler==3.10.4->-r requirements-dev.txt (line 4))
2025-08-21T08:52:26.8319004Z   Using cached six-1.17.0-py2.py3-none-any.whl.metadata (1.7 kB)
2025-08-21T08:52:26.8724678Z Collecting pytz (from apscheduler==3.10.4->-r requirements-dev.txt (line 4))
2025-08-21T08:52:26.8741701Z   Using cached pytz-2025.2-py2.py3-none-any.whl.metadata (22 kB)
2025-08-21T08:52:26.8985860Z Collecting tzlocal!=3.*,>=2.0 (from apscheduler==3.10.4->-r requirements-dev.txt (line 4))
2025-08-21T08:52:26.8999124Z   Using cached tzlocal-5.3.1-py3-none-any.whl.metadata (7.6 kB)
2025-08-21T08:52:26.9364666Z Collecting starlette>=0.18 (from asgi-correlation-id==4.3.1->-r requirements-dev.txt (line 5))
2025-08-21T08:52:26.9378179Z   Using cached starlette-0.47.2-py3-none-any.whl.metadata (6.2 kB)
2025-08-21T08:52:26.9652572Z Collecting click>=8.0.0 (from black==25.1.0->-r requirements-dev.txt (line 7))
2025-08-21T08:52:26.9666037Z   Using cached click-8.2.1-py3-none-any.whl.metadata (2.5 kB)
2025-08-21T08:52:26.9898265Z Collecting packaging>=22.0 (from black==25.1.0->-r requirements-dev.txt (line 7))
2025-08-21T08:52:26.9911756Z   Using cached packaging-25.0-py3-none-any.whl.metadata (3.3 kB)
2025-08-21T08:52:27.0110211Z Collecting pathspec>=0.9.0 (from black==25.1.0->-r requirements-dev.txt (line 7))
2025-08-21T08:52:27.0123878Z   Using cached pathspec-0.12.1-py3-none-any.whl.metadata (21 kB)
2025-08-21T08:52:27.0387804Z Collecting platformdirs>=2 (from black==25.1.0->-r requirements-dev.txt (line 7))
2025-08-21T08:52:27.0401471Z   Using cached platformdirs-4.3.8-py3-none-any.whl.metadata (12 kB)
2025-08-21T08:52:27.0616393Z Collecting toml (from vulture==2.10->-r requirements-dev.txt (line 11))
2025-08-21T08:52:27.0629394Z   Using cached toml-0.10.2-py2.py3-none-any.whl.metadata (7.1 kB)
2025-08-21T08:52:27.0890588Z Collecting billiard<5.0,>=4.2.1 (from celery==5.5.3->-r requirements-dev.txt (line 12))
2025-08-21T08:52:27.0903571Z   Using cached billiard-4.2.1-py3-none-any.whl.metadata (4.4 kB)
2025-08-21T08:52:27.1262027Z Collecting kombu<5.6,>=5.5.2 (from celery==5.5.3->-r requirements-dev.txt (line 12))
2025-08-21T08:52:27.1274782Z   Using cached kombu-5.5.4-py3-none-any.whl.metadata (3.5 kB)
2025-08-21T08:52:27.1505078Z Collecting vine<6.0,>=5.1.0 (from celery==5.5.3->-r requirements-dev.txt (line 12))
2025-08-21T08:52:27.1517652Z   Using cached vine-5.1.0-py3-none-any.whl.metadata (2.7 kB)
2025-08-21T08:52:27.1723501Z Collecting click-didyoumean>=0.3.0 (from celery==5.5.3->-r requirements-dev.txt (line 12))
2025-08-21T08:52:27.1741113Z   Using cached click_didyoumean-0.3.1-py3-none-any.whl.metadata (3.9 kB)
2025-08-21T08:52:27.1915175Z Collecting click-repl>=0.2.0 (from celery==5.5.3->-r requirements-dev.txt (line 12))
2025-08-21T08:52:27.1928127Z   Using cached click_repl-0.3.0-py3-none-any.whl.metadata (3.6 kB)
2025-08-21T08:52:27.2103036Z Collecting click-plugins>=1.1.1 (from celery==5.5.3->-r requirements-dev.txt (line 12))
2025-08-21T08:52:27.2116093Z   Using cached click_plugins-1.1.1.2-py2.py3-none-any.whl.metadata (6.5 kB)
2025-08-21T08:52:27.2318125Z Collecting python-dateutil>=2.8.2 (from celery==5.5.3->-r requirements-dev.txt (line 12))
2025-08-21T08:52:27.2331471Z   Using cached python_dateutil-2.9.0.post0-py2.py3-none-any.whl.metadata (8.4 kB)
2025-08-21T08:52:27.2784965Z Collecting annotated-types>=0.6.0 (from pydantic==2.11.7->-r requirements-dev.txt (line 26))
2025-08-21T08:52:27.2798244Z   Using cached annotated_types-0.7.0-py3-none-any.whl.metadata (15 kB)
2025-08-21T08:52:27.9284550Z Collecting pydantic-core==2.33.2 (from pydantic==2.11.7->-r requirements-dev.txt (line 26))
2025-08-21T08:52:27.9299520Z   Using cached pydantic_core-2.33.2-cp311-cp311-manylinux_2_17_x86_64.manylinux2014_x86_64.whl.metadata (6.8 kB)
2025-08-21T08:52:27.9509374Z Collecting typing-inspection>=0.4.0 (from pydantic==2.11.7->-r requirements-dev.txt (line 26))
2025-08-21T08:52:27.9522083Z   Using cached typing_inspection-0.4.1-py3-none-any.whl.metadata (2.6 kB)
2025-08-21T08:52:27.9840850Z Collecting et-xmlfile (from openpyxl==3.1.5->-r requirements-dev.txt (line 22))
2025-08-21T08:52:27.9853942Z   Using cached et_xmlfile-2.0.0-py3-none-any.whl.metadata (2.7 kB)
2025-08-21T08:52:28.0345404Z Collecting pytest<9,>=8.2 (from pytest-asyncio==1.1.0->-r requirements-dev.txt (line 28))
2025-08-21T08:52:28.0358662Z   Using cached pytest-8.4.1-py3-none-any.whl.metadata (7.7 kB)
2025-08-21T08:52:28.3575607Z Collecting coverage>=7.5 (from coverage[toml]>=7.5->pytest-cov==6.2.1->-r requirements-dev.txt (line 29))
2025-08-21T08:52:28.3590213Z   Using cached coverage-7.10.4-cp311-cp311-manylinux1_x86_64.manylinux_2_28_x86_64.manylinux_2_5_x86_64.whl.metadata (8.9 kB)
2025-08-21T08:52:28.4534088Z Collecting pluggy>=1.2 (from pytest-cov==6.2.1->-r requirements-dev.txt (line 29))
2025-08-21T08:52:28.4549230Z   Using cached pluggy-1.6.0-py3-none-any.whl.metadata (4.8 kB)
2025-08-21T08:52:28.4863917Z Collecting port-for>=0.7.3 (from pytest-postgresql==7.0.2->-r requirements-dev.txt (line 30))
2025-08-21T08:52:28.4876986Z   Using cached port_for-0.7.4-py3-none-any.whl.metadata (7.1 kB)
2025-08-21T08:52:28.5095107Z Collecting mirakuru>=2.6.0 (from pytest-postgresql==7.0.2->-r requirements-dev.txt (line 30))
2025-08-21T08:52:28.5108043Z   Using cached mirakuru-2.6.1-py3-none-any.whl.metadata (10 kB)
2025-08-21T08:52:28.5980424Z Collecting charset_normalizer<4,>=2 (from requests==2.32.4->-r requirements-dev.txt (line 34))
2025-08-21T08:52:28.5995031Z   Using cached charset_normalizer-3.4.3-cp311-cp311-manylinux2014_x86_64.manylinux_2_17_x86_64.manylinux_2_28_x86_64.whl.metadata (36 kB)
2025-08-21T08:52:28.6226975Z Collecting idna<4,>=2.5 (from requests==2.32.4->-r requirements-dev.txt (line 34))
2025-08-21T08:52:28.6240335Z   Using cached idna-3.10-py3-none-any.whl.metadata (10 kB)
2025-08-21T08:52:28.6583528Z Collecting urllib3<3,>=1.21.1 (from requests==2.32.4->-r requirements-dev.txt (line 34))
2025-08-21T08:52:28.6597071Z   Using cached urllib3-2.5.0-py3-none-any.whl.metadata (6.5 kB)
2025-08-21T08:52:28.6869039Z Collecting certifi>=2017.4.17 (from requests==2.32.4->-r requirements-dev.txt (line 34))
2025-08-21T08:52:28.6882792Z   Using cached certifi-2025.8.3-py3-none-any.whl.metadata (2.4 kB)
2025-08-21T08:52:28.8169610Z Collecting greenlet>=1 (from sqlalchemy==2.0.43->-r requirements-dev.txt (line 37))
2025-08-21T08:52:28.8183798Z   Using cached greenlet-3.2.4-cp311-cp311-manylinux_2_24_x86_64.manylinux_2_28_x86_64.whl.metadata (4.1 kB)
2025-08-21T08:52:28.8484646Z Collecting docker (from testcontainers==4.12.0->testcontainers[postgres]==4.12.0->-r requirements-dev.txt (line 39))
2025-08-21T08:52:28.8497287Z   Using cached docker-7.1.0-py3-none-any.whl.metadata (3.8 kB)
2025-08-21T08:52:28.9519807Z Collecting wrapt (from testcontainers==4.12.0->testcontainers[postgres]==4.12.0->-r requirements-dev.txt (line 39))
2025-08-21T08:52:28.9535198Z   Using cached wrapt-1.17.3-cp311-cp311-manylinux1_x86_64.manylinux_2_28_x86_64.manylinux_2_5_x86_64.whl.metadata (6.4 kB)
2025-08-21T08:52:28.9875688Z Collecting docspec==2.2.1 (from docspec-python==2.2.2->-r requirements-dev.txt (line 41))
2025-08-21T08:52:28.9888932Z   Using cached docspec-2.2.1-py3-none-any.whl.metadata (1.5 kB)
2025-08-21T08:52:29.0117265Z Collecting nr-util>=0.8.12 (from docspec-python==2.2.2->-r requirements-dev.txt (line 41))
2025-08-21T08:52:29.0130491Z   Using cached nr.util-0.8.12-py3-none-any.whl.metadata (813 bytes)
2025-08-21T08:52:29.0548900Z Collecting PyYAML<7.0,>=5.0 (from pydoc-markdown==4.8.2->-r requirements-dev.txt (line 42))
2025-08-21T08:52:29.0562978Z   Using cached PyYAML-6.0.2-cp311-cp311-manylinux_2_17_x86_64.manylinux2014_x86_64.whl.metadata (2.1 kB)
2025-08-21T08:52:29.0896519Z Collecting databind.core<5.0.0,>=4.4.0 (from pydoc-markdown==4.8.2->-r requirements-dev.txt (line 42))
2025-08-21T08:52:29.0909911Z   Using cached databind.core-4.5.2-py3-none-any.whl.metadata (1.1 kB)
2025-08-21T08:52:29.1182002Z Collecting databind.json<5.0.0,>=4.4.0 (from pydoc-markdown==4.8.2->-r requirements-dev.txt (line 42))
2025-08-21T08:52:29.1195757Z   Using cached databind.json-4.5.2-py3-none-any.whl.metadata (1.1 kB)
2025-08-21T08:52:29.1421481Z Collecting docstring-parser<0.12,>=0.11 (from pydoc-markdown==4.8.2->-r requirements-dev.txt (line 42))
2025-08-21T08:52:29.1422628Z   Using cached docstring_parser-0.11-py3-none-any.whl
2025-08-21T08:52:29.1865913Z Collecting tomli<3.0.0,>=2.0.0 (from pydoc-markdown==4.8.2->-r requirements-dev.txt (line 42))
2025-08-21T08:52:29.1879418Z   Using cached tomli-2.2.1-cp311-cp311-manylinux_2_17_x86_64.manylinux2014_x86_64.whl.metadata (11 kB)
2025-08-21T08:52:29.2069230Z Collecting tomli_w<2.0.0,>=1.0.0 (from pydoc-markdown==4.8.2->-r requirements-dev.txt (line 42))
2025-08-21T08:52:29.2082249Z   Using cached tomli_w-1.2.0-py3-none-any.whl.metadata (5.7 kB)
2025-08-21T08:52:29.2607243Z Collecting watchdog (from pydoc-markdown==4.8.2->-r requirements-dev.txt (line 42))
2025-08-21T08:52:29.2620561Z   Using cached watchdog-6.0.0-py3-none-manylinux2014_x86_64.whl.metadata (44 kB)
2025-08-21T08:52:29.2911643Z Collecting yapf>=0.30.0 (from pydoc-markdown==4.8.2->-r requirements-dev.txt (line 42))
2025-08-21T08:52:29.2925094Z   Using cached yapf-0.43.0-py3-none-any.whl.metadata (46 kB)
2025-08-21T08:52:29.3189463Z Collecting Deprecated<2.0.0,>=1.2.12 (from docspec==2.2.1->docspec-python==2.2.2->-r requirements-dev.txt (line 41))
2025-08-21T08:52:29.3203097Z   Using cached Deprecated-1.2.18-py2.py3-none-any.whl.metadata (5.7 kB)
2025-08-21T08:52:29.4700851Z Collecting psycopg-binary==3.2.9 (from psycopg[binary]==3.2.9->-r requirements-dev.txt (line 25))
2025-08-21T08:52:29.4716030Z   Using cached psycopg_binary-3.2.9-cp311-cp311-manylinux_2_17_x86_64.manylinux2014_x86_64.whl.metadata (2.9 kB)
2025-08-21T08:52:29.5123923Z Collecting argon2-cffi (from minio==7.*->-r requirements-dev.txt (line 10))
2025-08-21T08:52:29.5137295Z   Using cached argon2_cffi-25.1.0-py3-none-any.whl.metadata (4.1 kB)
2025-08-21T08:52:29.5964109Z Collecting pycryptodome (from minio==7.*->-r requirements-dev.txt (line 10))
2025-08-21T08:52:29.5978795Z   Using cached pycryptodome-3.23.0-cp37-abi3-manylinux_2_17_x86_64.manylinux2014_x86_64.whl.metadata (3.4 kB)
2025-08-21T08:52:29.6255686Z Collecting anyio (from httpx<0.29,>=0.27->-r requirements-dev.txt (line 16))
2025-08-21T08:52:29.6269235Z   Using cached anyio-4.10.0-py3-none-any.whl.metadata (4.0 kB)
2025-08-21T08:52:29.6532074Z Collecting httpcore==1.* (from httpx<0.29,>=0.27->-r requirements-dev.txt (line 16))
2025-08-21T08:52:29.6545965Z   Using cached httpcore-1.0.9-py3-none-any.whl.metadata (21 kB)
2025-08-21T08:52:29.6939784Z Collecting tzdata>=2022.7 (from pandas==2.2.*->-r requirements-dev.txt (line 23))
2025-08-21T08:52:29.6953628Z   Using cached tzdata-2025.2-py2.py3-none-any.whl.metadata (1.4 kB)
2025-08-21T08:52:29.7186902Z Collecting multimethod<=1.10.0 (from pandera==0.19.*->-r requirements-dev.txt (line 43))
2025-08-21T08:52:29.7200346Z   Using cached multimethod-1.10-py3-none-any.whl.metadata (8.2 kB)
2025-08-21T08:52:29.8529443Z Collecting typeguard (from pandera==0.19.*->-r requirements-dev.txt (line 43))
2025-08-21T08:52:29.8544913Z   Using cached typeguard-4.4.4-py3-none-any.whl.metadata (3.3 kB)
2025-08-21T08:52:29.8729897Z Collecting typing-inspect>=0.6.0 (from pandera==0.19.*->-r requirements-dev.txt (line 43))
2025-08-21T08:52:29.8744110Z   Using cached typing_inspect-0.9.0-py3-none-any.whl.metadata (1.5 kB)
2025-08-21T08:52:29.9086449Z Collecting databind<5.0.0,>=4.5.2 (from databind.core<5.0.0,>=4.4.0->pydoc-markdown==4.8.2->-r requirements-dev.txt (line 42))
2025-08-21T08:52:29.9099304Z   Using cached databind-4.5.2-py3-none-any.whl.metadata (4.3 kB)
2025-08-21T08:52:29.9293864Z Collecting nr-date<3.0.0,>=2.0.0 (from databind<5.0.0,>=4.5.2->databind.core<5.0.0,>=4.4.0->pydoc-markdown==4.8.2->-r requirements-dev.txt (line 42))
2025-08-21T08:52:29.9306665Z   Using cached nr_date-2.1.0-py3-none-any.whl.metadata (746 bytes)
2025-08-21T08:52:29.9506548Z Collecting nr-stream<2.0.0,>=1.0.0 (from databind<5.0.0,>=4.5.2->databind.core<5.0.0,>=4.4.0->pydoc-markdown==4.8.2->-r requirements-dev.txt (line 42))
2025-08-21T08:52:29.9519634Z   Using cached nr_stream-1.1.5-py3-none-any.whl.metadata (3.6 kB)
2025-08-21T08:52:29.9758865Z Collecting typeapi<3,>=2.0.1 (from databind<5.0.0,>=4.5.2->databind.core<5.0.0,>=4.4.0->pydoc-markdown==4.8.2->-r requirements-dev.txt (line 42))
2025-08-21T08:52:29.9772205Z   Using cached typeapi-2.2.4-py3-none-any.whl.metadata (1.5 kB)
2025-08-21T08:52:30.0133144Z Collecting h11>=0.16 (from httpcore==1.*->httpx<0.29,>=0.27->-r requirements-dev.txt (line 16))
2025-08-21T08:52:30.0146053Z   Using cached h11-0.16.0-py3-none-any.whl.metadata (8.3 kB)
2025-08-21T08:52:30.0437162Z Collecting amqp<6.0.0,>=5.1.1 (from kombu<5.6,>=5.5.2->celery==5.5.3->-r requirements-dev.txt (line 12))
2025-08-21T08:52:30.0450113Z   Using cached amqp-5.3.1-py3-none-any.whl.metadata (8.9 kB)
2025-08-21T08:52:30.0918239Z Collecting iniconfig>=1 (from pytest<9,>=8.2->pytest-asyncio==1.1.0->-r requirements-dev.txt (line 28))
2025-08-21T08:52:30.0931568Z   Using cached iniconfig-2.1.0-py3-none-any.whl.metadata (2.7 kB)
2025-08-21T08:52:30.1215381Z Collecting pygments>=2.7.2 (from pytest<9,>=8.2->pytest-asyncio==1.1.0->-r requirements-dev.txt (line 28))
2025-08-21T08:52:30.1228438Z   Using cached pygments-2.19.2-py3-none-any.whl.metadata (2.5 kB)
2025-08-21T08:52:30.1626291Z Collecting sniffio>=1.1 (from anyio->httpx<0.29,>=0.27->-r requirements-dev.txt (line 16))
2025-08-21T08:52:30.1639355Z   Using cached sniffio-1.3.1-py3-none-any.whl.metadata (3.9 kB)
2025-08-21T08:52:30.4728946Z Collecting botocore<1.41.0,>=1.40.14 (from boto3->-r requirements-dev.txt (line 8))
2025-08-21T08:52:30.4745057Z   Using cached botocore-1.40.14-py3-none-any.whl.metadata (5.7 kB)
2025-08-21T08:52:30.4958914Z Collecting jmespath<2.0.0,>=0.7.1 (from boto3->-r requirements-dev.txt (line 8))
2025-08-21T08:52:30.4972903Z   Using cached jmespath-1.0.1-py3-none-any.whl.metadata (7.6 kB)
2025-08-21T08:52:30.5208384Z Collecting s3transfer<0.14.0,>=0.13.0 (from boto3->-r requirements-dev.txt (line 8))
2025-08-21T08:52:30.5222251Z   Using cached s3transfer-0.13.1-py3-none-any.whl.metadata (1.7 kB)
2025-08-21T08:52:30.6559180Z Collecting fastapi-cli>=0.0.8 (from fastapi-cli[standard]>=0.0.8; extra == "all"->fastapi[all]->-r requirements-dev.txt (line 14))
2025-08-21T08:52:30.6572944Z   Using cached fastapi_cli-0.0.8-py3-none-any.whl.metadata (6.3 kB)
2025-08-21T08:52:30.7385562Z Collecting ujson!=4.0.2,!=4.1.0,!=4.2.0,!=4.3.0,!=5.0.0,!=5.1.0,>=4.0.1 (from fastapi[all]->-r requirements-dev.txt (line 14))
2025-08-21T08:52:30.7400095Z   Using cached ujson-5.11.0-cp311-cp311-manylinux_2_24_x86_64.manylinux_2_28_x86_64.whl.metadata (9.4 kB)
2025-08-21T08:52:30.9727714Z Collecting orjson>=3.2.1 (from fastapi[all]->-r requirements-dev.txt (line 14))
2025-08-21T08:52:30.9743199Z   Using cached orjson-3.11.2-cp311-cp311-manylinux_2_17_x86_64.manylinux2014_x86_64.whl.metadata (1.2 kB)
2025-08-21T08:52:30.9952478Z Collecting email-validator>=2.0.0 (from fastapi[all]->-r requirements-dev.txt (line 14))
2025-08-21T08:52:30.9966691Z   Using cached email_validator-2.2.0-py3-none-any.whl.metadata (25 kB)
2025-08-21T08:52:31.0318613Z Collecting uvicorn>=0.12.0 (from uvicorn[standard]>=0.12.0; extra == "all"->fastapi[all]->-r requirements-dev.txt (line 14))
2025-08-21T08:52:31.0332610Z   Using cached uvicorn-0.35.0-py3-none-any.whl.metadata (6.5 kB)
2025-08-21T08:52:31.0574325Z Collecting pydantic-settings>=2.0.0 (from fastapi[all]->-r requirements-dev.txt (line 14))
2025-08-21T08:52:31.0587756Z   Using cached pydantic_settings-2.10.1-py3-none-any.whl.metadata (3.4 kB)
2025-08-21T08:52:31.0799263Z Collecting pydantic-extra-types>=2.0.0 (from fastapi[all]->-r requirements-dev.txt (line 14))
2025-08-21T08:52:31.0817751Z   Using cached pydantic_extra_types-2.10.5-py3-none-any.whl.metadata (3.9 kB)
2025-08-21T08:52:31.1603256Z Collecting prompt-toolkit>=3.0.36 (from click-repl>=0.2.0->celery==5.5.3->-r requirements-dev.txt (line 12))
2025-08-21T08:52:31.1616699Z   Using cached prompt_toolkit-3.0.51-py3-none-any.whl.metadata (6.4 kB)
2025-08-21T08:52:31.1874880Z Collecting dnspython>=2.0.0 (from email-validator>=2.0.0->fastapi[all]->-r requirements-dev.txt (line 14))
2025-08-21T08:52:31.1888447Z   Using cached dnspython-2.7.0-py3-none-any.whl.metadata (5.8 kB)
2025-08-21T08:52:31.2237001Z Collecting typer>=0.15.1 (from fastapi-cli>=0.0.8->fastapi-cli[standard]>=0.0.8; extra == "all"->fastapi[all]->-r requirements-dev.txt (line 14))
2025-08-21T08:52:31.2250208Z   Using cached typer-0.16.1-py3-none-any.whl.metadata (15 kB)
2025-08-21T08:52:31.2577521Z Collecting rich-toolkit>=0.14.8 (from fastapi-cli>=0.0.8->fastapi-cli[standard]>=0.0.8; extra == "all"->fastapi[all]->-r requirements-dev.txt (line 14))
2025-08-21T08:52:31.2590756Z   Using cached rich_toolkit-0.15.0-py3-none-any.whl.metadata (1.0 kB)
2025-08-21T08:52:31.2787423Z Collecting fastapi-cloud-cli>=0.1.1 (from fastapi-cli[standard]>=0.0.8; extra == "all"->fastapi[all]->-r requirements-dev.txt (line 14))
2025-08-21T08:52:31.2800724Z   Using cached fastapi_cloud_cli-0.1.5-py3-none-any.whl.metadata (3.2 kB)
2025-08-21T08:52:31.3589701Z Collecting rignore>=0.5.1 (from fastapi-cloud-cli>=0.1.1->fastapi-cli[standard]>=0.0.8; extra == "all"->fastapi[all]->-r requirements-dev.txt (line 14))
2025-08-21T08:52:31.3604417Z   Using cached rignore-0.6.4-cp311-cp311-manylinux_2_17_x86_64.manylinux2014_x86_64.whl.metadata (3.8 kB)
2025-08-21T08:52:31.4296977Z Collecting sentry-sdk>=2.20.0 (from fastapi-cloud-cli>=0.1.1->fastapi-cli[standard]>=0.0.8; extra == "all"->fastapi[all]->-r requirements-dev.txt (line 14))
2025-08-21T08:52:31.4310409Z   Using cached sentry_sdk-2.35.0-py2.py3-none-any.whl.metadata (10 kB)
2025-08-21T08:52:31.6369867Z Collecting psutil>=4.0.0 (from mirakuru>=2.6.0->pytest-postgresql==7.0.2->-r requirements-dev.txt (line 30))
2025-08-21T08:52:31.6385900Z   Using cached psutil-7.0.0-cp36-abi3-manylinux_2_12_x86_64.manylinux2010_x86_64.manylinux_2_17_x86_64.manylinux2014_x86_64.whl.metadata (22 kB)
2025-08-21T08:52:31.6776082Z Collecting wcwidth (from prompt-toolkit>=3.0.36->click-repl>=0.2.0->celery==5.5.3->-r requirements-dev.txt (line 12))
2025-08-21T08:52:31.6789950Z   Using cached wcwidth-0.2.13-py2.py3-none-any.whl.metadata (14 kB)
2025-08-21T08:52:31.7730322Z Collecting rich>=13.7.1 (from rich-toolkit>=0.14.8->fastapi-cli>=0.0.8->fastapi-cli[standard]>=0.0.8; extra == "all"->fastapi[all]->-r requirements-dev.txt (line 14))
2025-08-21T08:52:31.7744217Z   Using cached rich-14.1.0-py3-none-any.whl.metadata (18 kB)
2025-08-21T08:52:31.8010706Z Collecting markdown-it-py>=2.2.0 (from rich>=13.7.1->rich-toolkit>=0.14.8->fastapi-cli>=0.0.8->fastapi-cli[standard]>=0.0.8; extra == "all"->fastapi[all]->-r requirements-dev.txt (line 14))
2025-08-21T08:52:31.8024850Z   Using cached markdown_it_py-4.0.0-py3-none-any.whl.metadata (7.3 kB)
2025-08-21T08:52:31.8323401Z Collecting mdurl~=0.1 (from markdown-it-py>=2.2.0->rich>=13.7.1->rich-toolkit>=0.14.8->fastapi-cli>=0.0.8->fastapi-cli[standard]>=0.0.8; extra == "all"->fastapi[all]->-r requirements-dev.txt (line 14))
2025-08-21T08:52:31.8336723Z   Using cached mdurl-0.1.2-py3-none-any.whl.metadata (1.6 kB)
2025-08-21T08:52:31.8907730Z Collecting shellingham>=1.3.0 (from typer>=0.15.1->fastapi-cli>=0.0.8->fastapi-cli[standard]>=0.0.8; extra == "all"->fastapi[all]->-r requirements-dev.txt (line 14))
2025-08-21T08:52:31.8922769Z   Using cached shellingham-1.5.4-py2.py3-none-any.whl.metadata (3.5 kB)
2025-08-21T08:52:31.9689569Z Collecting httptools>=0.6.3 (from uvicorn[standard]>=0.12.0; extra == "all"->fastapi[all]->-r requirements-dev.txt (line 14))
2025-08-21T08:52:31.9704173Z   Using cached httptools-0.6.4-cp311-cp311-manylinux_2_5_x86_64.manylinux1_x86_64.manylinux_2_17_x86_64.manylinux2014_x86_64.whl.metadata (3.6 kB)
2025-08-21T08:52:32.0187489Z Collecting uvloop>=0.15.1 (from uvicorn[standard]>=0.12.0; extra == "all"->fastapi[all]->-r requirements-dev.txt (line 14))
2025-08-21T08:52:32.0201790Z   Using cached uvloop-0.21.0-cp311-cp311-manylinux_2_17_x86_64.manylinux2014_x86_64.whl.metadata (4.9 kB)
2025-08-21T08:52:32.0952418Z Collecting watchfiles>=0.13 (from uvicorn[standard]>=0.12.0; extra == "all"->fastapi[all]->-r requirements-dev.txt (line 14))
2025-08-21T08:52:32.0966797Z   Using cached watchfiles-1.1.0-cp311-cp311-manylinux_2_17_x86_64.manylinux2014_x86_64.whl.metadata (4.9 kB)
2025-08-21T08:52:32.1854373Z Collecting websockets>=10.4 (from uvicorn[standard]>=0.12.0; extra == "all"->fastapi[all]->-r requirements-dev.txt (line 14))
2025-08-21T08:52:32.1868849Z   Using cached websockets-15.0.1-cp311-cp311-manylinux_2_5_x86_64.manylinux1_x86_64.manylinux_2_17_x86_64.manylinux2014_x86_64.whl.metadata (6.8 kB)
2025-08-21T08:52:32.2367304Z Collecting argon2-cffi-bindings (from argon2-cffi->minio==7.*->-r requirements-dev.txt (line 10))
2025-08-21T08:52:32.2381235Z   Using cached argon2_cffi_bindings-25.1.0-cp39-abi3-manylinux_2_26_x86_64.manylinux_2_28_x86_64.whl.metadata (7.4 kB)
2025-08-21T08:52:32.3439953Z Collecting cffi>=1.0.1 (from argon2-cffi-bindings->argon2-cffi->minio==7.*->-r requirements-dev.txt (line 10))
2025-08-21T08:52:32.3454579Z   Using cached cffi-1.17.1-cp311-cp311-manylinux_2_17_x86_64.manylinux2014_x86_64.whl.metadata (1.5 kB)
2025-08-21T08:52:32.3665017Z Collecting pycparser (from cffi>=1.0.1->argon2-cffi-bindings->argon2-cffi->minio==7.*->-r requirements-dev.txt (line 10))
2025-08-21T08:52:32.3679217Z   Using cached pycparser-2.22-py3-none-any.whl.metadata (943 bytes)
2025-08-21T08:52:32.4316671Z Using cached jinja2-3.1.6-py3-none-any.whl (134 kB)
2025-08-21T08:52:32.4331031Z Using cached alembic-1.16.4-py3-none-any.whl (247 kB)
2025-08-21T08:52:32.4346341Z Using cached APScheduler-3.10.4-py3-none-any.whl (59 kB)
2025-08-21T08:52:32.4360362Z Using cached asgi_correlation_id-4.3.1-py3-none-any.whl (15 kB)
2025-08-21T08:52:32.4374176Z Using cached asyncpg-0.30.0-cp311-cp311-manylinux_2_17_x86_64.manylinux2014_x86_64.whl (3.1 MB)
2025-08-21T08:52:32.4410434Z Using cached black-25.1.0-cp311-cp311-manylinux_2_17_x86_64.manylinux2014_x86_64.manylinux_2_28_x86_64.whl (1.7 MB)
2025-08-21T08:52:32.4437180Z Using cached vulture-2.10-py2.py3-none-any.whl (27 kB)
2025-08-21T08:52:32.4450460Z Using cached celery-5.5.3-py3-none-any.whl (438 kB)
2025-08-21T08:52:32.4467337Z Using cached fastapi-0.116.1-py3-none-any.whl (95 kB)
2025-08-21T08:52:32.4481092Z Using cached pydantic-2.11.7-py3-none-any.whl (444 kB)
2025-08-21T08:52:32.4497587Z Using cached fastapi_limiter-0.1.6-py3-none-any.whl (15 kB)
2025-08-21T08:52:32.4510690Z Using cached IMAPClient-3.0.1-py2.py3-none-any.whl (182 kB)
2025-08-21T08:52:32.4525353Z Using cached mypy_extensions-1.1.0-py3-none-any.whl (5.0 kB)
2025-08-21T08:52:32.4538363Z Using cached openpyxl-3.1.5-py2.py3-none-any.whl (250 kB)
2025-08-21T08:52:32.4553552Z Using cached psycopg2_binary-2.9.10-cp311-cp311-manylinux_2_17_x86_64.manylinux2014_x86_64.whl (3.0 MB)
2025-08-21T08:52:32.4588418Z Using cached psycopg-3.2.9-py3-none-any.whl (202 kB)
2025-08-21T08:52:32.4602989Z Using cached pytest_asyncio-1.1.0-py3-none-any.whl (15 kB)
2025-08-21T08:52:32.4616039Z Using cached pytest_cov-6.2.1-py3-none-any.whl (24 kB)
2025-08-21T08:52:32.4629305Z Using cached pytest_postgresql-7.0.2-py3-none-any.whl (41 kB)
2025-08-21T08:52:32.4642691Z Using cached python_telegram_bot-22.3-py3-none-any.whl (717 kB)
2025-08-21T08:52:32.4660902Z Using cached requests-2.32.4-py3-none-any.whl (64 kB)
2025-08-21T08:52:32.4674539Z Using cached respx-0.22.0-py2.py3-none-any.whl (25 kB)
2025-08-21T08:52:32.4688026Z Using cached ruff-0.9.9-py3-none-manylinux_2_17_x86_64.manylinux2014_x86_64.whl (11.2 MB)
2025-08-21T08:52:32.4781012Z Using cached sqlalchemy-2.0.43-cp311-cp311-manylinux_2_17_x86_64.manylinux2014_x86_64.whl (3.3 MB)
2025-08-21T08:52:32.4818429Z Using cached structlog-24.1.0-py3-none-any.whl (65 kB)
2025-08-21T08:52:32.4832240Z Using cached testcontainers-4.12.0-py3-none-any.whl (111 kB)
2025-08-21T08:52:32.4846312Z Using cached types_requests-2.32.4.20250809-py3-none-any.whl (20 kB)
2025-08-21T08:52:32.4859523Z Using cached docspec_python-2.2.2-py3-none-any.whl (15 kB)
2025-08-21T08:52:32.4872874Z Using cached pydoc_markdown-4.8.2-py3-none-any.whl (67 kB)
2025-08-21T08:52:32.4886197Z Using cached docspec-2.2.1-py3-none-any.whl (9.8 kB)
2025-08-21T08:52:32.4899824Z Using cached psycopg_binary-3.2.9-cp311-cp311-manylinux_2_17_x86_64.manylinux2014_x86_64.whl (4.5 MB)
2025-08-21T08:52:32.4944731Z Using cached pydantic_core-2.33.2-cp311-cp311-manylinux_2_17_x86_64.manylinux2014_x86_64.whl (2.0 MB)
2025-08-21T08:52:32.4971824Z Using cached redis-6.4.0-py3-none-any.whl (279 kB)
2025-08-21T08:52:32.4986986Z Using cached minio-7.2.16-py3-none-any.whl (95 kB)
2025-08-21T08:52:32.5000635Z Using cached httpx-0.28.1-py3-none-any.whl (73 kB)
2025-08-21T08:52:32.5014874Z Using cached mypy-1.17.1-cp311-cp311-manylinux2014_x86_64.manylinux_2_17_x86_64.manylinux_2_28_x86_64.whl (12.6 MB)
2025-08-21T08:52:32.5114891Z Using cached numpy-1.26.4-cp311-cp311-manylinux_2_17_x86_64.manylinux2014_x86_64.whl (18.3 MB)
2025-08-21T08:52:32.5257410Z Using cached pandas-2.2.3-cp311-cp311-manylinux_2_17_x86_64.manylinux2014_x86_64.whl (13.1 MB)
2025-08-21T08:52:32.5363398Z Using cached pandera-0.19.3-py3-none-any.whl (251 kB)
2025-08-21T08:52:32.5378120Z Using cached billiard-4.2.1-py3-none-any.whl (86 kB)
2025-08-21T08:52:32.5392313Z Using cached charset_normalizer-3.4.3-cp311-cp311-manylinux2014_x86_64.manylinux_2_17_x86_64.manylinux_2_28_x86_64.whl (150 kB)
2025-08-21T08:52:32.5406485Z Using cached click-8.2.1-py3-none-any.whl (102 kB)
2025-08-21T08:52:32.5420215Z Using cached databind.core-4.5.2-py3-none-any.whl (1.5 kB)
2025-08-21T08:52:32.5433572Z Using cached databind-4.5.2-py3-none-any.whl (49 kB)
2025-08-21T08:52:32.5446930Z Using cached databind.json-4.5.2-py3-none-any.whl (1.5 kB)
2025-08-21T08:52:32.5460338Z Using cached Deprecated-1.2.18-py2.py3-none-any.whl (10.0 kB)
2025-08-21T08:52:32.5473706Z Using cached httpcore-1.0.9-py3-none-any.whl (78 kB)
2025-08-21T08:52:32.5487108Z Using cached idna-3.10-py3-none-any.whl (70 kB)
2025-08-21T08:52:32.5500600Z Using cached kombu-5.5.4-py3-none-any.whl (210 kB)
2025-08-21T08:52:32.5515191Z Using cached vine-5.1.0-py3-none-any.whl (9.6 kB)
2025-08-21T08:52:32.5528308Z Using cached amqp-5.3.1-py3-none-any.whl (50 kB)
2025-08-21T08:52:32.5541731Z Using cached multimethod-1.10-py3-none-any.whl (9.9 kB)
2025-08-21T08:52:32.5554785Z Using cached nr_date-2.1.0-py3-none-any.whl (10 kB)
2025-08-21T08:52:32.5567858Z Using cached nr_stream-1.1.5-py3-none-any.whl (10 kB)
2025-08-21T08:52:32.5580960Z Using cached nr.util-0.8.12-py3-none-any.whl (90 kB)
2025-08-21T08:52:32.5594890Z Using cached pytest-8.4.1-py3-none-any.whl (365 kB)
2025-08-21T08:52:32.5610518Z Using cached pluggy-1.6.0-py3-none-any.whl (20 kB)
2025-08-21T08:52:32.5624494Z Using cached PyYAML-6.0.2-cp311-cp311-manylinux_2_17_x86_64.manylinux2014_x86_64.whl (762 kB)
2025-08-21T08:52:32.5642782Z Using cached starlette-0.47.2-py3-none-any.whl (72 kB)
2025-08-21T08:52:32.5656281Z Using cached anyio-4.10.0-py3-none-any.whl (107 kB)
2025-08-21T08:52:32.5670377Z Using cached tomli-2.2.1-cp311-cp311-manylinux_2_17_x86_64.manylinux2014_x86_64.whl (236 kB)
2025-08-21T08:52:32.5685115Z Using cached tomli_w-1.2.0-py3-none-any.whl (6.7 kB)
2025-08-21T08:52:32.5698235Z Using cached typeapi-2.2.4-py3-none-any.whl (26 kB)
2025-08-21T08:52:32.5711637Z Using cached typing_extensions-4.14.1-py3-none-any.whl (43 kB)
2025-08-21T08:52:32.5725209Z Using cached urllib3-2.5.0-py3-none-any.whl (129 kB)
2025-08-21T08:52:32.5739509Z Using cached wrapt-1.17.3-cp311-cp311-manylinux1_x86_64.manylinux_2_28_x86_64.manylinux_2_5_x86_64.whl (82 kB)
2025-08-21T08:52:32.5753046Z Using cached boto3-1.40.14-py3-none-any.whl (140 kB)
2025-08-21T08:52:32.5767203Z Using cached botocore-1.40.14-py3-none-any.whl (14.0 MB)
2025-08-21T08:52:32.5879858Z Using cached jmespath-1.0.1-py3-none-any.whl (20 kB)
2025-08-21T08:52:32.5893707Z Using cached python_dateutil-2.9.0.post0-py2.py3-none-any.whl (229 kB)
2025-08-21T08:52:32.5908315Z Using cached s3transfer-0.13.1-py3-none-any.whl (85 kB)
2025-08-21T08:52:32.5922065Z Using cached itsdangerous-2.2.0-py3-none-any.whl (16 kB)
2025-08-21T08:52:32.5935467Z Using cached python_dotenv-1.1.1-py3-none-any.whl (20 kB)
2025-08-21T08:52:32.5948899Z Using cached python_multipart-0.0.20-py3-none-any.whl (24 kB)
2025-08-21T08:52:32.5962144Z Using cached annotated_types-0.7.0-py3-none-any.whl (13 kB)
2025-08-21T08:52:32.5975557Z Using cached certifi-2025.8.3-py3-none-any.whl (161 kB)
2025-08-21T08:52:32.5989525Z Using cached click_didyoumean-0.3.1-py3-none-any.whl (3.6 kB)
2025-08-21T08:52:32.6002829Z Using cached click_plugins-1.1.1.2-py2.py3-none-any.whl (11 kB)
2025-08-21T08:52:32.6016455Z Using cached click_repl-0.3.0-py3-none-any.whl (10 kB)
2025-08-21T08:52:32.6030110Z Using cached coverage-7.10.4-cp311-cp311-manylinux1_x86_64.manylinux_2_28_x86_64.manylinux_2_5_x86_64.whl (249 kB)
2025-08-21T08:52:32.6044950Z Using cached email_validator-2.2.0-py3-none-any.whl (33 kB)
2025-08-21T08:52:32.6058141Z Using cached dnspython-2.7.0-py3-none-any.whl (313 kB)
2025-08-21T08:52:32.6073478Z Using cached fastapi_cli-0.0.8-py3-none-any.whl (10 kB)
2025-08-21T08:52:32.6086598Z Using cached fastapi_cloud_cli-0.1.5-py3-none-any.whl (18 kB)
2025-08-21T08:52:32.6100228Z Using cached greenlet-3.2.4-cp311-cp311-manylinux_2_24_x86_64.manylinux_2_28_x86_64.whl (587 kB)
2025-08-21T08:52:32.6117574Z Using cached h11-0.16.0-py3-none-any.whl (37 kB)
2025-08-21T08:52:32.6131035Z Using cached iniconfig-2.1.0-py3-none-any.whl (6.0 kB)
2025-08-21T08:52:32.6144996Z Using cached MarkupSafe-3.0.2-cp311-cp311-manylinux_2_17_x86_64.manylinux2014_x86_64.whl (23 kB)
2025-08-21T08:52:32.6158137Z Using cached mirakuru-2.6.1-py3-none-any.whl (26 kB)
2025-08-21T08:52:32.6171897Z Using cached orjson-3.11.2-cp311-cp311-manylinux_2_17_x86_64.manylinux2014_x86_64.whl (121 kB)
2025-08-21T08:52:32.6185925Z Using cached packaging-25.0-py3-none-any.whl (66 kB)
2025-08-21T08:52:32.6199229Z Using cached pathspec-0.12.1-py3-none-any.whl (31 kB)
2025-08-21T08:52:32.6212951Z Using cached platformdirs-4.3.8-py3-none-any.whl (18 kB)
2025-08-21T08:52:32.6225893Z Using cached port_for-0.7.4-py3-none-any.whl (21 kB)
2025-08-21T08:52:32.6239080Z Using cached prompt_toolkit-3.0.51-py3-none-any.whl (387 kB)
2025-08-21T08:52:32.6255649Z Using cached psutil-7.0.0-cp36-abi3-manylinux_2_12_x86_64.manylinux2010_x86_64.manylinux_2_17_x86_64.manylinux2014_x86_64.whl (277 kB)
2025-08-21T08:52:32.6270504Z Using cached pydantic_extra_types-2.10.5-py3-none-any.whl (38 kB)
2025-08-21T08:52:32.6284373Z Using cached pydantic_settings-2.10.1-py3-none-any.whl (45 kB)
2025-08-21T08:52:32.6297843Z Using cached pygments-2.19.2-py3-none-any.whl (1.2 MB)
2025-08-21T08:52:32.6319696Z Using cached pytz-2025.2-py2.py3-none-any.whl (509 kB)
2025-08-21T08:52:32.6336276Z Using cached rich_toolkit-0.15.0-py3-none-any.whl (29 kB)
2025-08-21T08:52:32.6349530Z Using cached rich-14.1.0-py3-none-any.whl (243 kB)
2025-08-21T08:52:32.6364407Z Using cached markdown_it_py-4.0.0-py3-none-any.whl (87 kB)
2025-08-21T08:52:32.6378036Z Using cached mdurl-0.1.2-py3-none-any.whl (10.0 kB)
2025-08-21T08:52:32.6391718Z Using cached rignore-0.6.4-cp311-cp311-manylinux_2_17_x86_64.manylinux2014_x86_64.whl (950 kB)
2025-08-21T08:52:32.6412103Z Using cached sentry_sdk-2.35.0-py2.py3-none-any.whl (363 kB)
2025-08-21T08:52:32.6427765Z Using cached six-1.17.0-py2.py3-none-any.whl (11 kB)
2025-08-21T08:52:32.6440887Z Using cached sniffio-1.3.1-py3-none-any.whl (10 kB)
2025-08-21T08:52:32.6454148Z Using cached typer-0.16.1-py3-none-any.whl (46 kB)
2025-08-21T08:52:32.6467463Z Using cached shellingham-1.5.4-py2.py3-none-any.whl (9.8 kB)
2025-08-21T08:52:32.6480550Z Using cached typing_inspect-0.9.0-py3-none-any.whl (8.8 kB)
2025-08-21T08:52:32.6494055Z Using cached typing_inspection-0.4.1-py3-none-any.whl (14 kB)
2025-08-21T08:52:32.6507731Z Using cached tzdata-2025.2-py2.py3-none-any.whl (347 kB)
2025-08-21T08:52:32.6523536Z Using cached tzlocal-5.3.1-py3-none-any.whl (18 kB)
2025-08-21T08:52:32.6536962Z Using cached ujson-5.11.0-cp311-cp311-manylinux_2_24_x86_64.manylinux_2_28_x86_64.whl (57 kB)
2025-08-21T08:52:32.6550193Z Using cached uvicorn-0.35.0-py3-none-any.whl (66 kB)
2025-08-21T08:52:32.6564630Z Using cached httptools-0.6.4-cp311-cp311-manylinux_2_5_x86_64.manylinux1_x86_64.manylinux_2_17_x86_64.manylinux2014_x86_64.whl (459 kB)
2025-08-21T08:52:32.6580581Z Using cached uvloop-0.21.0-cp311-cp311-manylinux_2_17_x86_64.manylinux2014_x86_64.whl (4.0 MB)
2025-08-21T08:52:32.6622032Z Using cached watchfiles-1.1.0-cp311-cp311-manylinux_2_17_x86_64.manylinux2014_x86_64.whl (453 kB)
2025-08-21T08:52:32.6637941Z Using cached websockets-15.0.1-cp311-cp311-manylinux_2_5_x86_64.manylinux1_x86_64.manylinux_2_17_x86_64.manylinux2014_x86_64.whl (182 kB)
2025-08-21T08:52:32.6651694Z Using cached yapf-0.43.0-py3-none-any.whl (256 kB)
2025-08-21T08:52:32.6666789Z Using cached argon2_cffi-25.1.0-py3-none-any.whl (14 kB)
2025-08-21T08:52:32.6680484Z Using cached argon2_cffi_bindings-25.1.0-cp39-abi3-manylinux_2_26_x86_64.manylinux_2_28_x86_64.whl (87 kB)
2025-08-21T08:52:32.6694259Z Using cached cffi-1.17.1-cp311-cp311-manylinux_2_17_x86_64.manylinux2014_x86_64.whl (467 kB)
2025-08-21T08:52:32.6710156Z Using cached docker-7.1.0-py3-none-any.whl (147 kB)
2025-08-21T08:52:32.6723922Z Using cached et_xmlfile-2.0.0-py3-none-any.whl (18 kB)
2025-08-21T08:52:32.6736622Z Using cached mako-1.3.10-py3-none-any.whl (78 kB)
2025-08-21T08:52:32.6749979Z Using cached pycparser-2.22-py3-none-any.whl (117 kB)
2025-08-21T08:52:32.6763853Z Using cached pycryptodome-3.23.0-cp37-abi3-manylinux_2_17_x86_64.manylinux2014_x86_64.whl (2.3 MB)
2025-08-21T08:52:32.6793351Z Using cached toml-0.10.2-py2.py3-none-any.whl (16 kB)
2025-08-21T08:52:32.6806203Z Using cached typeguard-4.4.4-py3-none-any.whl (34 kB)
2025-08-21T08:52:32.6819342Z Using cached watchdog-6.0.0-py3-none-manylinux2014_x86_64.whl (79 kB)
2025-08-21T08:52:32.6832456Z Using cached wcwidth-0.2.13-py2.py3-none-any.whl (34 kB)
2025-08-21T08:52:33.0973589Z Installing collected packages: wcwidth, pytz, wrapt, websockets, watchdog, vine, uvloop, urllib3, ujson, tzlocal, tzdata, typing-extensions, tomli_w, tomli, toml, structlog, sniffio, six, shellingham, ruff, rignore, redis, PyYAML, python-multipart, python-dotenv, pygments, pycryptodome, pycparser, psycopg2-binary, psycopg-binary, psutil, prompt-toolkit, port-for, pluggy, platformdirs, pathspec, packaging, orjson, numpy, nr-stream, nr-date, mypy-extensions, multimethod, mdurl, MarkupSafe, jmespath, itsdangerous, iniconfig, imapclient, idna, httptools, h11, greenlet, et-xmlfile, docstring-parser, dnspython, coverage, click, charset_normalizer, certifi, billiard, asyncpg, annotated-types, yapf, vulture, uvicorn, typing-inspection, typing-inspect, types-requests, typeguard, typeapi, sqlalchemy, sentry-sdk, requests, python-dateutil, pytest, pydantic-core, psycopg, openpyxl, mypy, mirakuru, markdown-it-py, Mako, Jinja2, httpcore, email-validator, Deprecated, click-repl, click-plugins, click-didyoumean, cffi, black, apscheduler, anyio, amqp, watchfiles, starlette, rich, pytest-postgresql, pytest-cov, pytest-asyncio, pydantic, pandas, nr-util, kombu, httpx, docker, databind, botocore, argon2-cffi-bindings, alembic, typer, testcontainers, s3transfer, rich-toolkit, respx, python-telegram-bot, pydantic-settings, pydantic-extra-types, pandera, fastapi, databind.json, databind.core, celery, asgi-correlation-id, argon2-cffi, minio, fastapi-limiter, fastapi-cloud-cli, fastapi-cli, docspec, boto3, docspec-python, pydoc-markdown
2025-08-21T08:52:49.8317095Z 
2025-08-21T08:52:49.8383787Z Successfully installed Deprecated-1.2.18 Jinja2-3.1.6 Mako-1.3.10 MarkupSafe-3.0.2 PyYAML-6.0.2 alembic-1.16.4 amqp-5.3.1 annotated-types-0.7.0 anyio-4.10.0 apscheduler-3.10.4 argon2-cffi-25.1.0 argon2-cffi-bindings-25.1.0 asgi-correlation-id-4.3.1 asyncpg-0.30.0 billiard-4.2.1 black-25.1.0 boto3-1.40.14 botocore-1.40.14 celery-5.5.3 certifi-2025.8.3 cffi-1.17.1 charset_normalizer-3.4.3 click-8.2.1 click-didyoumean-0.3.1 click-plugins-1.1.1.2 click-repl-0.3.0 coverage-7.10.4 databind-4.5.2 databind.core-4.5.2 databind.json-4.5.2 dnspython-2.7.0 docker-7.1.0 docspec-2.2.1 docspec-python-2.2.2 docstring-parser-0.11 email-validator-2.2.0 et-xmlfile-2.0.0 fastapi-0.116.1 fastapi-cli-0.0.8 fastapi-cloud-cli-0.1.5 fastapi-limiter-0.1.6 greenlet-3.2.4 h11-0.16.0 httpcore-1.0.9 httptools-0.6.4 httpx-0.28.1 idna-3.10 imapclient-3.0.1 iniconfig-2.1.0 itsdangerous-2.2.0 jmespath-1.0.1 kombu-5.5.4 markdown-it-py-4.0.0 mdurl-0.1.2 minio-7.2.16 mirakuru-2.6.1 multimethod-1.10 mypy-1.17.1 mypy-extensions-1.1.0 nr-date-2.1.0 nr-stream-1.1.5 nr-util-0.8.12 numpy-1.26.4 openpyxl-3.1.5 orjson-3.11.2 packaging-25.0 pandas-2.2.3 pandera-0.19.3 pathspec-0.12.1 platformdirs-4.3.8 pluggy-1.6.0 port-for-0.7.4 prompt-toolkit-3.0.51 psutil-7.0.0 psycopg-3.2.9 psycopg-binary-3.2.9 psycopg2-binary-2.9.10 pycparser-2.22 pycryptodome-3.23.0 pydantic-2.11.7 pydantic-core-2.33.2 pydantic-extra-types-2.10.5 pydantic-settings-2.10.1 pydoc-markdown-4.8.2 pygments-2.19.2 pytest-8.4.1 pytest-asyncio-1.1.0 pytest-cov-6.2.1 pytest-postgresql-7.0.2 python-dateutil-2.9.0.post0 python-dotenv-1.1.1 python-multipart-0.0.20 python-telegram-bot-22.3 pytz-2025.2 redis-6.4.0 requests-2.32.4 respx-0.22.0 rich-14.1.0 rich-toolkit-0.15.0 rignore-0.6.4 ruff-0.9.9 s3transfer-0.13.1 sentry-sdk-2.35.0 shellingham-1.5.4 six-1.17.0 sniffio-1.3.1 sqlalchemy-2.0.43 starlette-0.47.2 structlog-24.1.0 testcontainers-4.12.0 toml-0.10.2 tomli-2.2.1 tomli_w-1.2.0 typeapi-2.2.4 typeguard-4.4.4 typer-0.16.1 types-requests-2.32.4.20250809 typing-extensions-4.14.1 typing-inspect-0.9.0 typing-inspection-0.4.1 tzdata-2025.2 tzlocal-5.3.1 ujson-5.11.0 urllib3-2.5.0 uvicorn-0.35.0 uvloop-0.21.0 vine-5.1.0 vulture-2.10 watchdog-6.0.0 watchfiles-1.1.0 wcwidth-0.2.13 websockets-15.0.1 wrapt-1.17.3 yapf-0.43.0
2025-08-21T08:52:51.5703531Z Collecting keepa==1.3.15
2025-08-21T08:52:51.5718886Z   Using cached keepa-1.3.15-py3-none-any.whl.metadata (11 kB)
2025-08-21T08:52:51.6086054Z Collecting minio==7.1.15
2025-08-21T08:52:51.6100997Z   Using cached minio-7.1.15-py3-none-any.whl.metadata (4.2 kB)
2025-08-21T08:52:51.6126179Z Requirement already satisfied: numpy>=1.9.3 in /opt/hostedtoolcache/Python/3.11.13/x64/lib/python3.11/site-packages (from keepa==1.3.15) (1.26.4)
2025-08-21T08:52:51.6131192Z Requirement already satisfied: requests>=2.2 in /opt/hostedtoolcache/Python/3.11.13/x64/lib/python3.11/site-packages (from keepa==1.3.15) (2.32.4)
2025-08-21T08:52:51.6540076Z Collecting tqdm (from keepa==1.3.15)
2025-08-21T08:52:51.6554470Z   Using cached tqdm-4.67.1-py3-none-any.whl.metadata (57 kB)
2025-08-21T08:52:52.1369810Z Collecting aiohttp (from keepa==1.3.15)
2025-08-21T08:52:52.1387057Z   Using cached aiohttp-3.12.15-cp311-cp311-manylinux_2_17_x86_64.manylinux2014_x86_64.whl.metadata (7.7 kB)
2025-08-21T08:52:52.1417893Z Requirement already satisfied: pandas<=3.0 in /opt/hostedtoolcache/Python/3.11.13/x64/lib/python3.11/site-packages (from keepa==1.3.15) (2.2.3)
2025-08-21T08:52:52.1422437Z Requirement already satisfied: pydantic in /opt/hostedtoolcache/Python/3.11.13/x64/lib/python3.11/site-packages (from keepa==1.3.15) (2.11.7)
2025-08-21T08:52:52.1429508Z Requirement already satisfied: certifi in /opt/hostedtoolcache/Python/3.11.13/x64/lib/python3.11/site-packages (from minio==7.1.15) (2025.8.3)
2025-08-21T08:52:52.1432700Z Requirement already satisfied: urllib3 in /opt/hostedtoolcache/Python/3.11.13/x64/lib/python3.11/site-packages (from minio==7.1.15) (2.5.0)
2025-08-21T08:52:52.1479510Z Requirement already satisfied: python-dateutil>=2.8.2 in /opt/hostedtoolcache/Python/3.11.13/x64/lib/python3.11/site-packages (from pandas<=3.0->keepa==1.3.15) (2.9.0.post0)
2025-08-21T08:52:52.1484109Z Requirement already satisfied: pytz>=2020.1 in /opt/hostedtoolcache/Python/3.11.13/x64/lib/python3.11/site-packages (from pandas<=3.0->keepa==1.3.15) (2025.2)
2025-08-21T08:52:52.1488269Z Requirement already satisfied: tzdata>=2022.7 in /opt/hostedtoolcache/Python/3.11.13/x64/lib/python3.11/site-packages (from pandas<=3.0->keepa==1.3.15) (2025.2)
2025-08-21T08:52:52.1600565Z Requirement already satisfied: six>=1.5 in /opt/hostedtoolcache/Python/3.11.13/x64/lib/python3.11/site-packages (from python-dateutil>=2.8.2->pandas<=3.0->keepa==1.3.15) (1.17.0)
2025-08-21T08:52:52.1617681Z Requirement already satisfied: charset_normalizer<4,>=2 in /opt/hostedtoolcache/Python/3.11.13/x64/lib/python3.11/site-packages (from requests>=2.2->keepa==1.3.15) (3.4.3)
2025-08-21T08:52:52.1622386Z Requirement already satisfied: idna<4,>=2.5 in /opt/hostedtoolcache/Python/3.11.13/x64/lib/python3.11/site-packages (from requests>=2.2->keepa==1.3.15) (3.10)
2025-08-21T08:52:52.1906566Z Collecting aiohappyeyeballs>=2.5.0 (from aiohttp->keepa==1.3.15)
2025-08-21T08:52:52.1920064Z   Using cached aiohappyeyeballs-2.6.1-py3-none-any.whl.metadata (5.9 kB)
2025-08-21T08:52:52.2108781Z Collecting aiosignal>=1.4.0 (from aiohttp->keepa==1.3.15)
2025-08-21T08:52:52.2121985Z   Using cached aiosignal-1.4.0-py3-none-any.whl.metadata (3.7 kB)
2025-08-21T08:52:52.2361814Z Collecting attrs>=17.3.0 (from aiohttp->keepa==1.3.15)
2025-08-21T08:52:52.2374942Z   Using cached attrs-25.3.0-py3-none-any.whl.metadata (10 kB)
2025-08-21T08:52:52.3117157Z Collecting frozenlist>=1.1.1 (from aiohttp->keepa==1.3.15)
2025-08-21T08:52:52.3133214Z   Using cached frozenlist-1.7.0-cp311-cp311-manylinux_2_5_x86_64.manylinux1_x86_64.manylinux_2_17_x86_64.manylinux2014_x86_64.whl.metadata (18 kB)
2025-08-21T08:52:52.5331482Z Collecting multidict<7.0,>=4.5 (from aiohttp->keepa==1.3.15)
2025-08-21T08:52:52.5346979Z   Using cached multidict-6.6.4-cp311-cp311-manylinux2014_x86_64.manylinux_2_17_x86_64.manylinux_2_28_x86_64.whl.metadata (5.3 kB)
2025-08-21T08:52:52.5834444Z Collecting propcache>=0.2.0 (from aiohttp->keepa==1.3.15)
2025-08-21T08:52:52.5848458Z   Using cached propcache-0.3.2-cp311-cp311-manylinux_2_17_x86_64.manylinux2014_x86_64.whl.metadata (12 kB)
2025-08-21T08:52:52.8455295Z Collecting yarl<2.0,>=1.17.0 (from aiohttp->keepa==1.3.15)
2025-08-21T08:52:52.8470916Z   Using cached yarl-1.20.1-cp311-cp311-manylinux_2_17_x86_64.manylinux2014_x86_64.whl.metadata (73 kB)
2025-08-21T08:52:52.8667356Z Requirement already satisfied: typing-extensions>=4.2 in /opt/hostedtoolcache/Python/3.11.13/x64/lib/python3.11/site-packages (from aiosignal>=1.4.0->aiohttp->keepa==1.3.15) (4.14.1)
2025-08-21T08:52:52.8709645Z Requirement already satisfied: annotated-types>=0.6.0 in /opt/hostedtoolcache/Python/3.11.13/x64/lib/python3.11/site-packages (from pydantic->keepa==1.3.15) (0.7.0)
2025-08-21T08:52:52.8714429Z Requirement already satisfied: pydantic-core==2.33.2 in /opt/hostedtoolcache/Python/3.11.13/x64/lib/python3.11/site-packages (from pydantic->keepa==1.3.15) (2.33.2)
2025-08-21T08:52:52.8721005Z Requirement already satisfied: typing-inspection>=0.4.0 in /opt/hostedtoolcache/Python/3.11.13/x64/lib/python3.11/site-packages (from pydantic->keepa==1.3.15) (0.4.1)
2025-08-21T08:52:52.8779279Z Using cached keepa-1.3.15-py3-none-any.whl (38 kB)
2025-08-21T08:52:52.8792631Z Using cached minio-7.1.15-py3-none-any.whl (77 kB)
2025-08-21T08:52:52.8806381Z Using cached aiohttp-3.12.15-cp311-cp311-manylinux_2_17_x86_64.manylinux2014_x86_64.whl (1.7 MB)
2025-08-21T08:52:52.8832178Z Using cached multidict-6.6.4-cp311-cp311-manylinux2014_x86_64.manylinux_2_17_x86_64.manylinux_2_28_x86_64.whl (246 kB)
2025-08-21T08:52:52.8846487Z Using cached yarl-1.20.1-cp311-cp311-manylinux_2_17_x86_64.manylinux2014_x86_64.whl (348 kB)
2025-08-21T08:52:52.8861834Z Using cached aiohappyeyeballs-2.6.1-py3-none-any.whl (15 kB)
2025-08-21T08:52:52.8874740Z Using cached aiosignal-1.4.0-py3-none-any.whl (7.5 kB)
2025-08-21T08:52:52.8887372Z Using cached attrs-25.3.0-py3-none-any.whl (63 kB)
2025-08-21T08:52:52.8901633Z Using cached frozenlist-1.7.0-cp311-cp311-manylinux_2_5_x86_64.manylinux1_x86_64.manylinux_2_17_x86_64.manylinux2014_x86_64.whl (235 kB)
2025-08-21T08:52:52.8916169Z Using cached propcache-0.3.2-cp311-cp311-manylinux_2_17_x86_64.manylinux2014_x86_64.whl (213 kB)
2025-08-21T08:52:52.8930060Z Using cached tqdm-4.67.1-py3-none-any.whl (78 kB)
2025-08-21T08:52:53.0437975Z Installing collected packages: tqdm, propcache, multidict, minio, frozenlist, attrs, aiohappyeyeballs, yarl, aiosignal, aiohttp, keepa
2025-08-21T08:52:53.1105648Z   Attempting uninstall: minio
2025-08-21T08:52:53.1137667Z     Found existing installation: minio 7.2.16
2025-08-21T08:52:53.1171105Z     Uninstalling minio-7.2.16:
2025-08-21T08:52:53.1180725Z       Successfully uninstalled minio-7.2.16
2025-08-21T08:52:53.4388603Z 
2025-08-21T08:52:53.4443769Z Successfully installed aiohappyeyeballs-2.6.1 aiohttp-3.12.15 aiosignal-1.4.0 attrs-25.3.0 frozenlist-1.7.0 keepa-1.3.15 minio-7.1.15 multidict-6.6.4 propcache-0.3.2 tqdm-4.67.1 yarl-1.20.1
2025-08-21T08:52:53.6406107Z ##[group]Run sudo apt-get update
2025-08-21T08:52:53.6406429Z [36;1msudo apt-get update[0m
2025-08-21T08:52:53.6406698Z [36;1msudo apt-get install -y postgresql[0m
2025-08-21T08:52:53.6407197Z [36;1mecho "/usr/lib/postgresql/$(pg_config --version | cut -d' ' -f2 | cut -d'.' -f1,2)/bin" >> $GITHUB_PATH[0m
2025-08-21T08:52:53.6447351Z shell: /usr/bin/bash -e {0}
2025-08-21T08:52:53.6447623Z env:
2025-08-21T08:52:53.6447801Z   PG_USER: postgres
2025-08-21T08:52:53.6447999Z   PG_PASSWORD: pass
2025-08-21T08:52:53.6448197Z   PG_DATABASE: awa
2025-08-21T08:52:53.6448396Z   PG_HOST: localhost
2025-08-21T08:52:53.6448595Z   PG_PORT: 5432
2025-08-21T08:52:53.6449326Z   PG_SYNC_DSN: ***localhost:5432/awa
2025-08-21T08:52:53.6449817Z   PG_ASYNC_DSN: ***localhost:5432/awa
2025-08-21T08:52:53.6450208Z   DATABASE_URL: ***localhost:5432/awa
2025-08-21T08:52:53.6450450Z   DATA_DIR: /tmp/awa-data
2025-08-21T08:52:53.6450661Z   ENABLE_LIVE: 0
2025-08-21T08:52:53.6450842Z   TESTING: 1
2025-08-21T08:52:53.6451117Z   pythonLocation: /opt/hostedtoolcache/Python/3.11.13/x64
2025-08-21T08:52:53.6451674Z   PKG_CONFIG_PATH: /opt/hostedtoolcache/Python/3.11.13/x64/lib/pkgconfig
2025-08-21T08:52:53.6452080Z   Python_ROOT_DIR: /opt/hostedtoolcache/Python/3.11.13/x64
2025-08-21T08:52:53.6452460Z   Python2_ROOT_DIR: /opt/hostedtoolcache/Python/3.11.13/x64
2025-08-21T08:52:53.6452822Z   Python3_ROOT_DIR: /opt/hostedtoolcache/Python/3.11.13/x64
2025-08-21T08:52:53.6453178Z   LD_LIBRARY_PATH: /opt/hostedtoolcache/Python/3.11.13/x64/lib
2025-08-21T08:52:53.6453475Z ##[endgroup]
2025-08-21T08:52:53.7156958Z Get:1 file:/etc/apt/apt-mirrors.txt Mirrorlist [144 B]
2025-08-21T08:52:53.7575732Z Hit:2 http://azure.archive.ubuntu.com/ubuntu noble InRelease
2025-08-21T08:52:53.7592177Z Get:3 http://azure.archive.ubuntu.com/ubuntu noble-updates InRelease [126 kB]
2025-08-21T08:52:53.7651970Z Get:4 http://azure.archive.ubuntu.com/ubuntu noble-backports InRelease [126 kB]
2025-08-21T08:52:53.7676484Z Get:5 http://azure.archive.ubuntu.com/ubuntu noble-security InRelease [126 kB]
2025-08-21T08:52:53.8826521Z Hit:7 https://packages.microsoft.com/repos/azure-cli noble InRelease
2025-08-21T08:52:53.8840525Z Get:6 http://azure.archive.ubuntu.com/ubuntu noble-updates/main amd64 Packages [1350 kB]
2025-08-21T08:52:53.8986049Z Get:8 http://azure.archive.ubuntu.com/ubuntu noble-updates/main Translation-en [268 kB]
2025-08-21T08:52:53.9015864Z Get:9 http://azure.archive.ubuntu.com/ubuntu noble-updates/main amd64 Components [175 kB]
2025-08-21T08:52:53.9045178Z Get:10 http://azure.archive.ubuntu.com/ubuntu noble-updates/universe amd64 Packages [1124 kB]
2025-08-21T08:52:53.9124387Z Get:11 http://azure.archive.ubuntu.com/ubuntu noble-updates/universe Translation-en [288 kB]
2025-08-21T08:52:53.9145851Z Get:12 http://azure.archive.ubuntu.com/ubuntu noble-updates/universe amd64 Components [377 kB]
2025-08-21T08:52:53.9182160Z Get:13 http://azure.archive.ubuntu.com/ubuntu noble-updates/restricted amd64 Packages [1728 kB]
2025-08-21T08:52:53.9290270Z Get:14 http://azure.archive.ubuntu.com/ubuntu noble-updates/restricted Translation-en [382 kB]
2025-08-21T08:52:53.9321833Z Get:17 https://packages.microsoft.com/ubuntu/24.04/prod noble InRelease [3600 B]
2025-08-21T08:52:53.9328479Z Get:15 http://azure.archive.ubuntu.com/ubuntu noble-updates/restricted amd64 Components [212 B]
2025-08-21T08:52:53.9340897Z Get:16 http://azure.archive.ubuntu.com/ubuntu noble-updates/multiverse amd64 Components [940 B]
2025-08-21T08:52:53.9940824Z Get:18 http://azure.archive.ubuntu.com/ubuntu noble-backports/main amd64 Components [7076 B]
2025-08-21T08:52:53.9961516Z Get:19 http://azure.archive.ubuntu.com/ubuntu noble-backports/universe amd64 Components [19.2 kB]
2025-08-21T08:52:53.9974156Z Get:20 http://azure.archive.ubuntu.com/ubuntu noble-backports/restricted amd64 Components [216 B]
2025-08-21T08:52:54.0020351Z Get:21 http://azure.archive.ubuntu.com/ubuntu noble-backports/multiverse amd64 Components [212 B]
2025-08-21T08:52:54.0038643Z Get:22 http://azure.archive.ubuntu.com/ubuntu noble-security/main amd64 Packages [1083 kB]
2025-08-21T08:52:54.0117998Z Get:23 http://azure.archive.ubuntu.com/ubuntu noble-security/main Translation-en [187 kB]
2025-08-21T08:52:54.0136657Z Get:24 http://azure.archive.ubuntu.com/ubuntu noble-security/main amd64 Components [21.6 kB]
2025-08-21T08:52:54.0150332Z Get:25 http://azure.archive.ubuntu.com/ubuntu noble-security/universe amd64 Packages [881 kB]
2025-08-21T08:52:54.0208870Z Get:26 http://azure.archive.ubuntu.com/ubuntu noble-security/universe Translation-en [195 kB]
2025-08-21T08:52:54.0232204Z Get:27 http://azure.archive.ubuntu.com/ubuntu noble-security/universe amd64 Components [52.3 kB]
2025-08-21T08:52:54.0251042Z Get:28 http://azure.archive.ubuntu.com/ubuntu noble-security/restricted amd64 Packages [1631 kB]
2025-08-21T08:52:54.0335272Z Get:29 http://azure.archive.ubuntu.com/ubuntu noble-security/restricted Translation-en [361 kB]
2025-08-21T08:52:54.0364461Z Get:30 http://azure.archive.ubuntu.com/ubuntu noble-security/restricted amd64 Components [212 B]
2025-08-21T08:52:54.0375313Z Get:31 http://azure.archive.ubuntu.com/ubuntu noble-security/multiverse amd64 Components [208 B]
2025-08-21T08:52:54.1268048Z Get:32 https://packages.microsoft.com/ubuntu/24.04/prod noble/main arm64 Packages [33.2 kB]
2025-08-21T08:52:54.1677485Z Get:33 https://packages.microsoft.com/ubuntu/24.04/prod noble/main armhf Packages [9870 B]
2025-08-21T08:52:54.1932288Z Get:34 https://packages.microsoft.com/ubuntu/24.04/prod noble/main amd64 Packages [48.0 kB]
2025-08-21T08:52:57.9160683Z Fetched 10.6 MB in 1s (8555 kB/s)
2025-08-21T08:52:58.6129571Z Reading package lists...
2025-08-21T08:52:58.6475529Z Reading package lists...
2025-08-21T08:52:58.8175513Z Building dependency tree...
2025-08-21T08:52:58.8182871Z Reading state information...
2025-08-21T08:52:58.9768088Z Suggested packages:
2025-08-21T08:52:58.9768410Z   postgresql-doc
2025-08-21T08:52:58.9940372Z The following NEW packages will be installed:
2025-08-21T08:52:58.9940785Z   postgresql
2025-08-21T08:52:59.0108811Z 0 upgraded, 1 newly installed, 0 to remove and 21 not upgraded.
2025-08-21T08:52:59.0109456Z Need to get 11.6 kB of archives.
2025-08-21T08:52:59.0109975Z After this operation, 17.4 kB of additional disk space will be used.
2025-08-21T08:52:59.0110378Z Get:1 file:/etc/apt/apt-mirrors.txt Mirrorlist [144 B]
2025-08-21T08:52:59.1206025Z Get:2 http://azure.archive.ubuntu.com/ubuntu noble-updates/main amd64 postgresql all 16+257build1.1 [11.6 kB]
2025-08-21T08:52:59.3673474Z Fetched 11.6 kB in 0s (96.7 kB/s)
2025-08-21T08:52:59.3867810Z Selecting previously unselected package postgresql.
2025-08-21T08:52:59.4084092Z (Reading database ... 
2025-08-21T08:52:59.4084440Z (Reading database ... 5%
2025-08-21T08:52:59.4084680Z (Reading database ... 10%
2025-08-21T08:52:59.4084904Z (Reading database ... 15%
2025-08-21T08:52:59.4085128Z (Reading database ... 20%
2025-08-21T08:52:59.4085357Z (Reading database ... 25%
2025-08-21T08:52:59.4085568Z (Reading database ... 30%
2025-08-21T08:52:59.4085802Z (Reading database ... 35%
2025-08-21T08:52:59.4086013Z (Reading database ... 40%
2025-08-21T08:52:59.4086217Z (Reading database ... 45%
2025-08-21T08:52:59.4086424Z (Reading database ... 50%
2025-08-21T08:52:59.4153218Z (Reading database ... 55%
2025-08-21T08:52:59.4422076Z (Reading database ... 60%
2025-08-21T08:52:59.4578260Z (Reading database ... 65%
2025-08-21T08:52:59.4820488Z (Reading database ... 70%
2025-08-21T08:52:59.5043079Z (Reading database ... 75%
2025-08-21T08:52:59.5319828Z (Reading database ... 80%
2025-08-21T08:52:59.5708278Z (Reading database ... 85%
2025-08-21T08:52:59.6043549Z (Reading database ... 90%
2025-08-21T08:52:59.6488960Z (Reading database ... 95%
2025-08-21T08:52:59.6489248Z (Reading database ... 100%
2025-08-21T08:52:59.6489620Z (Reading database ... 219830 files and directories currently installed.)
2025-08-21T08:52:59.6532546Z Preparing to unpack .../postgresql_16+257build1.1_all.deb ...
2025-08-21T08:52:59.6553867Z Unpacking postgresql (16+257build1.1) ...
2025-08-21T08:52:59.6926728Z Setting up postgresql (16+257build1.1) ...
2025-08-21T08:53:00.3844105Z 
2025-08-21T08:53:00.3844499Z Running kernel seems to be up-to-date.
2025-08-21T08:53:00.3844760Z 
2025-08-21T08:53:00.3844862Z Restarting services...
2025-08-21T08:53:00.3912488Z 
2025-08-21T08:53:00.3912733Z Service restarts being deferred:
2025-08-21T08:53:00.3914577Z  systemctl restart hosted-compute-agent.service
2025-08-21T08:53:00.3914832Z 
2025-08-21T08:53:00.3915137Z No containers need to be restarted.
2025-08-21T08:53:00.3915412Z 
2025-08-21T08:53:00.3915553Z No user sessions are running outdated binaries.
2025-08-21T08:53:00.3915767Z 
2025-08-21T08:53:00.3915957Z No VM guests are running outdated hypervisor (qemu) binaries on this host.
2025-08-21T08:53:01.2224949Z ##[group]Run pytest tests/migrations/test_migration_roundtrip.py -q -m integration --cov=services --cov-append --cov-fail-under=0 -o addopts=''
2025-08-21T08:53:01.2225931Z [36;1mpytest tests/migrations/test_migration_roundtrip.py -q -m integration --cov=services --cov-append --cov-fail-under=0 -o addopts=''[0m
2025-08-21T08:53:01.2266208Z shell: /usr/bin/bash -e {0}
2025-08-21T08:53:01.2266449Z env:
2025-08-21T08:53:01.2266625Z   PG_USER: postgres
2025-08-21T08:53:01.2266831Z   PG_PASSWORD: pass
2025-08-21T08:53:01.2267038Z   PG_DATABASE: awa
2025-08-21T08:53:01.2267217Z   PG_HOST: localhost
2025-08-21T08:53:01.2267407Z   PG_PORT: 5432
2025-08-21T08:53:01.2267909Z   PG_SYNC_DSN: ***localhost:5432/awa
2025-08-21T08:53:01.2268325Z   PG_ASYNC_DSN: ***localhost:5432/awa
2025-08-21T08:53:01.2268705Z   DATABASE_URL: ***localhost:5432/awa
2025-08-21T08:53:01.2268957Z   DATA_DIR: /tmp/awa-data
2025-08-21T08:53:01.2269167Z   ENABLE_LIVE: 0
2025-08-21T08:53:01.2269350Z   TESTING: 1
2025-08-21T08:53:01.2269627Z   pythonLocation: /opt/hostedtoolcache/Python/3.11.13/x64
2025-08-21T08:53:01.2270028Z   PKG_CONFIG_PATH: /opt/hostedtoolcache/Python/3.11.13/x64/lib/pkgconfig
2025-08-21T08:53:01.2270421Z   Python_ROOT_DIR: /opt/hostedtoolcache/Python/3.11.13/x64
2025-08-21T08:53:01.2270775Z   Python2_ROOT_DIR: /opt/hostedtoolcache/Python/3.11.13/x64
2025-08-21T08:53:01.2271135Z   Python3_ROOT_DIR: /opt/hostedtoolcache/Python/3.11.13/x64
2025-08-21T08:53:01.2271763Z   LD_LIBRARY_PATH: /opt/hostedtoolcache/Python/3.11.13/x64/lib
2025-08-21T08:53:01.2272073Z ##[endgroup]
2025-08-21T08:53:03.0637721Z s                                                                        [100%]
2025-08-21T08:53:03.0638438Z ================================ tests coverage ================================
2025-08-21T08:53:03.0639236Z _______________ coverage: platform linux, python 3.11.13-final-0 _______________
2025-08-21T08:53:03.0639608Z 
2025-08-21T08:53:03.0639790Z Name                                                       Stmts   Miss  Cover
2025-08-21T08:53:03.0640226Z ------------------------------------------------------------------------------
2025-08-21T08:53:03.0640633Z services/__init__.py                                           0      0   100%
2025-08-21T08:53:03.0641063Z services/alert_bot/__init__.py                                 0      0   100%
2025-08-21T08:53:03.0641812Z services/alert_bot/alert_bot.py                               22     22     0%
2025-08-21T08:53:03.0642286Z services/alert_bot/rules/__init__.py                          63     63     0%
2025-08-21T08:53:03.0643196Z services/api/__init__.py                                       0      0   100%
2025-08-21T08:53:03.0643765Z services/api/config.py                                        24     24     0%
2025-08-21T08:53:03.0644180Z services/api/db.py                                            16     16     0%
2025-08-21T08:53:03.0644584Z services/api/errors.py                                        39     39     0%
2025-08-21T08:53:03.0645034Z services/api/logging_config.py                                15     15     0%
2025-08-21T08:53:03.0645467Z services/api/main.py                                         112    112     0%
2025-08-21T08:53:03.0645892Z services/api/models/__init__.py                                0      0   100%
2025-08-21T08:53:03.0646340Z services/api/models/fee.py                                    11     11     0%
2025-08-21T08:53:03.0646789Z services/api/roi_repository.py                                21     21     0%
2025-08-21T08:53:03.0647251Z services/api/routes/__init__.py                                0      0   100%
2025-08-21T08:53:03.0647707Z services/api/routes/health.py                                 19     19     0%
2025-08-21T08:53:03.0648182Z services/api/routes/repository.py                             16     16     0%
2025-08-21T08:53:03.0648645Z services/api/routes/roi.py                                    77     77     0%
2025-08-21T08:53:03.0649296Z services/api/routes/score.py                                  56     56     0%
2025-08-21T08:53:03.0649759Z services/api/routes/stats.py                                  49     49     0%
2025-08-21T08:53:03.0650213Z services/api/security.py                                      10     10     0%
2025-08-21T08:53:03.0650668Z services/api/sentry_config.py                                 65     65     0%
2025-08-21T08:53:03.0651109Z services/common/__init__.py                                    4      0   100%
2025-08-21T08:53:03.0651650Z services/common/base.py                                        3      0   100%
2025-08-21T08:53:03.0652063Z services/common/config.py                                      4      4     0%
2025-08-21T08:53:03.0652458Z services/common/db.py                                         34     34     0%
2025-08-21T08:53:03.0652847Z services/common/db_url.py                                      4      4     0%
2025-08-21T08:53:03.0653235Z services/common/dsn.py                                        31     25    19%
2025-08-21T08:53:03.0653641Z services/common/keepa.py                                       7      4    43%
2025-08-21T08:53:03.0654082Z services/common/llm.py                                        65     65     0%
2025-08-21T08:53:03.0654500Z services/common/models_vendor.py                              24      0   100%
2025-08-21T08:53:03.0654939Z services/common/settings.py                                   20     20     0%
2025-08-21T08:53:03.0655345Z services/db/__init__.py                                        0      0   100%
2025-08-21T08:53:03.0655744Z services/db/utils/__init__.py                                  0      0   100%
2025-08-21T08:53:03.0656158Z services/db/utils/views.py                                     5      5     0%
2025-08-21T08:53:03.0656581Z services/emailer/__init__.py                                   4      4     0%
2025-08-21T08:53:03.0657031Z services/emailer/generate_body.py                              3      3     0%
2025-08-21T08:53:03.0657451Z services/etl/__init__.py                                       9      9     0%
2025-08-21T08:53:03.0657825Z services/etl/db.py                                             2      2     0%
2025-08-21T08:53:03.0658219Z services/etl/dialects/__init__.py                              9      9     0%
2025-08-21T08:53:03.0658679Z services/etl/dialects/amazon_ads_sp_cost.py                   31     31     0%
2025-08-21T08:53:03.0659155Z services/etl/dialects/amazon_fee_preview.py                   30     30     0%
2025-08-21T08:53:03.0659627Z services/etl/dialects/amazon_inventory_ledger.py              28     28     0%
2025-08-21T08:53:03.0660236Z services/etl/dialects/amazon_reimbursements.py                16     16     0%
2025-08-21T08:53:03.0660708Z services/etl/dialects/amazon_returns.py                       16     16     0%
2025-08-21T08:53:03.0661181Z services/etl/dialects/amazon_settlements.py                   27     27     0%
2025-08-21T08:53:03.0661756Z services/etl/dialects/schemas.py                              25     25     0%
2025-08-21T08:53:03.0662244Z services/etl/dialects/test_generic.py                         15     15     0%
2025-08-21T08:53:03.0662694Z services/etl/fba_fee_ingestor.py                              33     33     0%
2025-08-21T08:53:03.0663123Z services/etl/healthcheck.py                                   27     27     0%
2025-08-21T08:53:03.0663566Z services/etl/keepa_ingestor.py                                47     47     0%
2025-08-21T08:53:03.0664010Z services/etl/sp_fees_ingestor.py                              39     39     0%
2025-08-21T08:53:03.0664436Z services/fees_h10/__init__.py                                  0      0   100%
2025-08-21T08:53:03.0664846Z services/fees_h10/client.py                                   12     12     0%
2025-08-21T08:53:03.0665274Z services/fees_h10/repository.py                               39     39     0%
2025-08-21T08:53:03.0665706Z services/fees_h10/worker.py                                   47     47     0%
2025-08-21T08:53:03.0666256Z services/ingest/__init__.py                                    0      0   100%
2025-08-21T08:53:03.0666689Z services/ingest/celery_app.py                                 22     22     0%
2025-08-21T08:53:03.0667127Z services/ingest/copy_loader.py                                57     57     0%
2025-08-21T08:53:03.0667566Z services/ingest/email_watcher.py                              50     50     0%
2025-08-21T08:53:03.0668020Z services/ingest/healthcheck.py                                42     42     0%
2025-08-21T08:53:03.0668467Z services/ingest/ingest_router.py                               8      8     0%
2025-08-21T08:53:03.0668923Z services/ingest/maintenance.py                                31     31     0%
2025-08-21T08:53:03.0669349Z services/ingest/tasks.py                                      56     56     0%
2025-08-21T08:53:03.0669775Z services/ingest/upload_router.py                              22     22     0%
2025-08-21T08:53:03.0670210Z services/llm_server/__init__.py                                0      0   100%
2025-08-21T08:53:03.0670624Z services/llm_server/app.py                                    22     22     0%
2025-08-21T08:53:03.0671045Z services/logistics_etl/__init__.py                             0      0   100%
2025-08-21T08:53:03.0671587Z services/logistics_etl/__main__.py                             7      7     0%
2025-08-21T08:53:03.0672029Z services/logistics_etl/client.py                              20     20     0%
2025-08-21T08:53:03.0672467Z services/logistics_etl/cron.py                                11     11     0%
2025-08-21T08:53:03.0672900Z services/logistics_etl/db.py                                  13     13     0%
2025-08-21T08:53:03.0673331Z services/logistics_etl/dsn.py                                 33     33     0%
2025-08-21T08:53:03.0673762Z services/logistics_etl/flow.py                                14     14     0%
2025-08-21T08:53:03.0674206Z services/logistics_etl/repository.py                          50     50     0%
2025-08-21T08:53:03.0674686Z services/price_importer/__init__.py                            1      1     0%
2025-08-21T08:53:03.0675148Z services/price_importer/common/__init__.py                     2      2     0%
2025-08-21T08:53:03.0675614Z services/price_importer/common/base.py                         2      2     0%
2025-08-21T08:53:03.0676083Z services/price_importer/common/db_url.py                       6      6     0%
2025-08-21T08:53:03.0676559Z services/price_importer/common/models_vendor.py               22     22     0%
2025-08-21T08:53:03.0677025Z services/price_importer/import.py                             21     21     0%
2025-08-21T08:53:03.0677603Z services/price_importer/normaliser.py                         20     20     0%
2025-08-21T08:53:03.0678060Z services/price_importer/reader.py                             30     30     0%
2025-08-21T08:53:03.0678522Z services/price_importer/repository.py                         38     38     0%
2025-08-21T08:53:03.0678995Z services/price_importer/services_common/__init__.py            4      4     0%
2025-08-21T08:53:03.0679473Z services/price_importer/services_common/base.py                3      3     0%
2025-08-21T08:53:03.0679943Z services/price_importer/services_common/db.py                 34     34     0%
2025-08-21T08:53:03.0680417Z services/price_importer/services_common/db_url.py              4      4     0%
2025-08-21T08:53:03.0680890Z services/price_importer/services_common/dsn.py                27     27     0%
2025-08-21T08:53:03.0681562Z services/price_importer/services_common/keepa.py               7      7     0%
2025-08-21T08:53:03.0682057Z services/price_importer/services_common/llm.py                36     36     0%
2025-08-21T08:53:03.0682546Z services/price_importer/services_common/models_vendor.py      22     22     0%
2025-08-21T08:53:03.0683027Z services/price_importer/services_common/settings.py           19     19     0%
2025-08-21T08:53:03.0683478Z services/repricer/__init__.py                                  0      0   100%
2025-08-21T08:53:03.0684024Z services/repricer/app/__init__.py                              0      0   100%
2025-08-21T08:53:03.0684467Z services/repricer/app/deps.py                                  0      0   100%
2025-08-21T08:53:03.0684901Z services/repricer/app/logic.py                                 5      5     0%
2025-08-21T08:53:03.0685336Z services/repricer/app/main.py                                 20     20     0%
2025-08-21T08:53:03.0685777Z services/repricer/app/schemas.py                              10     10     0%
2025-08-21T08:53:03.0686191Z ------------------------------------------------------------------------------
2025-08-21T08:53:03.0686529Z TOTAL                                                       2066   2026     2%
2025-08-21T08:53:03.1953693Z 1 skipped in 0.41s
2025-08-21T08:53:03.3346284Z ##[group]Run actions/upload-artifact@v4
2025-08-21T08:53:03.3346743Z with:
2025-08-21T08:53:03.3347058Z   name: coverage.integration
2025-08-21T08:53:03.3347451Z   path: .coverage
2025-08-21T08:53:03.3347787Z   if-no-files-found: warn
2025-08-21T08:53:03.3348160Z   compression-level: 6
2025-08-21T08:53:03.3348594Z   overwrite: false
2025-08-21T08:53:03.3349029Z   include-hidden-files: false
2025-08-21T08:53:03.3349787Z env:
2025-08-21T08:53:03.3350254Z   PG_USER: postgres
2025-08-21T08:53:03.3350740Z   PG_PASSWORD: pass
2025-08-21T08:53:03.3351622Z   PG_DATABASE: awa
2025-08-21T08:53:03.3352059Z   PG_HOST: localhost
2025-08-21T08:53:03.3352513Z   PG_PORT: 5432
2025-08-21T08:53:03.3353580Z   PG_SYNC_DSN: ***localhost:5432/awa
2025-08-21T08:53:03.3354528Z   PG_ASYNC_DSN: ***localhost:5432/awa
2025-08-21T08:53:03.3355669Z   DATABASE_URL: ***localhost:5432/awa
2025-08-21T08:53:03.3356261Z   DATA_DIR: /tmp/awa-data
2025-08-21T08:53:03.3356831Z   ENABLE_LIVE: 0
2025-08-21T08:53:03.3357443Z   TESTING: 1
2025-08-21T08:53:03.3358108Z   pythonLocation: /opt/hostedtoolcache/Python/3.11.13/x64
2025-08-21T08:53:03.3358953Z   PKG_CONFIG_PATH: /opt/hostedtoolcache/Python/3.11.13/x64/lib/pkgconfig
2025-08-21T08:53:03.3359847Z   Python_ROOT_DIR: /opt/hostedtoolcache/Python/3.11.13/x64
2025-08-21T08:53:03.3360846Z   Python2_ROOT_DIR: /opt/hostedtoolcache/Python/3.11.13/x64
2025-08-21T08:53:03.3361873Z   Python3_ROOT_DIR: /opt/hostedtoolcache/Python/3.11.13/x64
2025-08-21T08:53:03.3362635Z   LD_LIBRARY_PATH: /opt/hostedtoolcache/Python/3.11.13/x64/lib
2025-08-21T08:53:03.3363500Z ##[endgroup]
2025-08-21T08:53:03.5497411Z ##[warning]No files were found with the provided path: .coverage. No artifacts will be uploaded.
2025-08-21T08:53:03.6096331Z Post job cleanup.
2025-08-21T08:53:03.7404992Z Cache hit occurred on the primary key Linux-int-cc13ccef493b9f3a93ad5651164d9fb09282c1111f6f72ce20e0657de16de6b4, not saving cache.
2025-08-21T08:53:03.7505211Z Post job cleanup.
2025-08-21T08:53:03.9042866Z Cache hit occurred on the primary key setup-python-Linux-x64-24.04-Ubuntu-python-3.11.13-pip-cc13ccef493b9f3a93ad5651164d9fb09282c1111f6f72ce20e0657de16de6b4, not saving cache.
2025-08-21T08:53:03.9139417Z Post job cleanup.
2025-08-21T08:53:03.9894341Z [command]/usr/bin/git version
2025-08-21T08:53:03.9960382Z git version 2.51.0
2025-08-21T08:53:03.9997039Z Temporarily overriding HOME='/home/runner/work/_temp/6e9430ec-894e-48f2-a9bb-ff3de599b86d' before making global git config changes
2025-08-21T08:53:03.9997934Z Adding repository directory to the temporary git global config as a safe directory
2025-08-21T08:53:04.0002775Z [command]/usr/bin/git config --global --add safe.directory /home/runner/work/AWA-App/AWA-App
2025-08-21T08:53:04.0038573Z [command]/usr/bin/git config --local --name-only --get-regexp core\.sshCommand
2025-08-21T08:53:04.0070942Z [command]/usr/bin/git submodule foreach --recursive sh -c "git config --local --name-only --get-regexp 'core\.sshCommand' && git config --local --unset-all 'core.sshCommand' || :"
2025-08-21T08:53:04.0295987Z [command]/usr/bin/git config --local --name-only --get-regexp http\.https\:\/\/github\.com\/\.extraheader
2025-08-21T08:53:04.0317876Z http.https://github.com/.extraheader
2025-08-21T08:53:04.0328345Z [command]/usr/bin/git config --local --unset-all http.https://github.com/.extraheader
2025-08-21T08:53:04.0358915Z [command]/usr/bin/git submodule foreach --recursive sh -c "git config --local --name-only --get-regexp 'http\.https\:\/\/github\.com\/\.extraheader' && git config --local --unset-all 'http.https://github.com/.extraheader' || :"
2025-08-21T08:53:04.0670493Z Print service container logs: 6eec8dd3eacb4c19ba3a7bbf422f35bd_postgres15_44f216
2025-08-21T08:53:04.0676115Z ##[command]/usr/bin/docker logs --details 41784ea9110607a80654e8e5039a71ace0883ba0a47d4929a98eebef30746bbc
2025-08-21T08:53:04.0792753Z  The files belonging to this database system will be owned by user "postgres".
2025-08-21T08:53:04.0793579Z  This user must also own the server process.
2025-08-21T08:53:04.0794031Z  
2025-08-21T08:53:04.0794476Z  The database cluster will be initialized with locale "en_US.utf8".
2025-08-21T08:53:04.0795167Z  The default database encoding has accordingly been set to "UTF8".
2025-08-21T08:53:04.0795855Z  The default text search configuration will be set to "english".
2025-08-21T08:53:04.0796246Z  
2025-08-21T08:53:04.0796437Z  Data page checksums are disabled.
2025-08-21T08:53:04.0796683Z  
2025-08-21T08:53:04.0797697Z  initdb: warning: enabling "trust" authentication for local connections
2025-08-21T08:53:04.0798426Z  initdb: hint: You can change this by editing pg_hba.conf or using the option -A, or --auth-local and --auth-host, the next time you run initdb.
2025-08-21T08:53:04.0799280Z  2025-08-21 08:52:03.825 UTC [1] LOG:  starting PostgreSQL 15.14 (Debian 15.14-1.pgdg13+1) on x86_64-pc-linux-gnu, compiled by gcc (Debian 14.2.0-19) 14.2.0, 64-bit
2025-08-21T08:53:04.0799938Z  2025-08-21 08:52:03.825 UTC [1] LOG:  listening on IPv4 address "0.0.0.0", port 5432
2025-08-21T08:53:04.0800359Z  2025-08-21 08:52:03.825 UTC [1] LOG:  listening on IPv6 address "::", port 5432
2025-08-21T08:53:04.0800820Z  2025-08-21 08:52:03.827 UTC [1] LOG:  listening on Unix socket "/var/run/postgresql/.s.PGSQL.5432"
2025-08-21T08:53:04.0801554Z  2025-08-21 08:52:03.829 UTC [64] LOG:  database system was shut down at 2025-08-21 08:52:03 UTC
2025-08-21T08:53:04.0802007Z  2025-08-21 08:52:03.833 UTC [1] LOG:  database system is ready to accept connections
2025-08-21T08:53:04.0802448Z  fixing permissions on existing directory /var/lib/postgresql/data ... ok
2025-08-21T08:53:04.0802815Z  creating subdirectories ... ok
2025-08-21T08:53:04.0803110Z  selecting dynamic shared memory implementation ... posix
2025-08-21T08:53:04.0803439Z  selecting default max_connections ... 100
2025-08-21T08:53:04.0803949Z  selecting default shared_buffers ... 128MB
2025-08-21T08:53:04.0804215Z  selecting default time zone ... Etc/UTC
2025-08-21T08:53:04.0804474Z  creating configuration files ... ok
2025-08-21T08:53:04.0804724Z  running bootstrap script ... ok
2025-08-21T08:53:04.0805002Z  performing post-bootstrap initialization ... ok
2025-08-21T08:53:04.0805274Z  syncing data to disk ... ok
2025-08-21T08:53:04.0805482Z  
2025-08-21T08:53:04.0805670Z  
2025-08-21T08:53:04.0806174Z  Success. You can now start the database server using:
2025-08-21T08:53:04.0806642Z  
2025-08-21T08:53:04.0807038Z      pg_ctl -D /var/lib/postgresql/data -l logfile start
2025-08-21T08:53:04.0807493Z  
2025-08-21T08:53:04.0808126Z  waiting for server to start....2025-08-21 08:52:03.519 UTC [48] LOG:  starting PostgreSQL 15.14 (Debian 15.14-1.pgdg13+1) on x86_64-pc-linux-gnu, compiled by gcc (Debian 14.2.0-19) 14.2.0, 64-bit
2025-08-21T08:53:04.0808876Z  2025-08-21 08:52:03.520 UTC [48] LOG:  listening on Unix socket "/var/run/postgresql/.s.PGSQL.5432"
2025-08-21T08:53:04.0809371Z  2025-08-21 08:52:03.524 UTC [51] LOG:  database system was shut down at 2025-08-21 08:52:03 UTC
2025-08-21T08:53:04.0809817Z  2025-08-21 08:52:03.527 UTC [48] LOG:  database system is ready to accept connections
2025-08-21T08:53:04.0810135Z   done
2025-08-21T08:53:04.0810300Z  server started
2025-08-21T08:53:04.0810483Z  CREATE DATABASE
2025-08-21T08:53:04.0810657Z  
2025-08-21T08:53:04.0810807Z  
2025-08-21T08:53:04.0811104Z  /usr/local/bin/docker-entrypoint.sh: ignoring /docker-entrypoint-initdb.d/*
2025-08-21T08:53:04.0811652Z  
2025-08-21T08:53:04.0811881Z  2025-08-21 08:52:03.706 UTC [48] LOG:  received fast shutdown request
2025-08-21T08:53:04.0812543Z  waiting for server to shut down....2025-08-21 08:52:03.707 UTC [48] LOG:  aborting any active transactions
2025-08-21T08:53:04.0813142Z  2025-08-21 08:52:03.708 UTC [48] LOG:  background worker "logical replication launcher" (PID 54) exited with exit code 1
2025-08-21T08:53:04.0813607Z  2025-08-21 08:52:03.708 UTC [49] LOG:  shutting down
2025-08-21T08:53:04.0813959Z  2025-08-21 08:52:03.709 UTC [49] LOG:  checkpoint starting: shutdown immediate
2025-08-21T08:53:04.0814795Z  2025-08-21 08:52:03.727 UTC [49] LOG:  checkpoint complete: wrote 922 buffers (5.6%); 0 WAL file(s) added, 0 removed, 0 recycled; write=0.014 s, sync=0.003 s, total=0.020 s; sync files=301, longest=0.001 s, average=0.001 s; distance=4239 kB, estimate=4239 kB
2025-08-21T08:53:04.0815625Z  2025-08-21 08:52:03.734 UTC [48] LOG:  database system is shut down
2025-08-21T08:53:04.0815914Z   done
2025-08-21T08:53:04.0816078Z  server stopped
2025-08-21T08:53:04.0816254Z  
2025-08-21T08:53:04.0816468Z  PostgreSQL init process complete; ready for start up.
2025-08-21T08:53:04.0816743Z  
2025-08-21T08:53:04.0822495Z Stop and remove container: 6eec8dd3eacb4c19ba3a7bbf422f35bd_postgres15_44f216
2025-08-21T08:53:04.0826988Z ##[command]/usr/bin/docker rm --force 41784ea9110607a80654e8e5039a71ace0883ba0a47d4929a98eebef30746bbc
2025-08-21T08:53:05.2895928Z 41784ea9110607a80654e8e5039a71ace0883ba0a47d4929a98eebef30746bbc
2025-08-21T08:53:05.2921961Z Remove container network: github_network_be2759cc0b9c4938b91674fa04d67cdc
2025-08-21T08:53:05.2926202Z ##[command]/usr/bin/docker network rm github_network_be2759cc0b9c4938b91674fa04d67cdc
2025-08-21T08:53:05.4249701Z github_network_be2759cc0b9c4938b91674fa04d67cdc
2025-08-21T08:53:05.4317908Z Cleaning up orphan processes
