2025-08-16T22:26:07.5486291Z Current runner version: '2.327.1'
2025-08-16T22:26:07.5509524Z ##[group]Runner Image Provisioner
2025-08-16T22:26:07.5510401Z Hosted Compute Agent
2025-08-16T22:26:07.5510938Z Version: 20250812.370
2025-08-16T22:26:07.5511544Z Commit: 4a2b2bf7520004e3e907c2150c8cabe342a3da32
2025-08-16T22:26:07.5512199Z Build Date: 2025-08-12T16:08:14Z
2025-08-16T22:26:07.5512863Z ##[endgroup]
2025-08-16T22:26:07.5513344Z ##[group]Operating System
2025-08-16T22:26:07.5513978Z Ubuntu
2025-08-16T22:26:07.5514523Z 24.04.2
2025-08-16T22:26:07.5514962Z LTS
2025-08-16T22:26:07.5515438Z ##[endgroup]
2025-08-16T22:26:07.5515962Z ##[group]Runner Image
2025-08-16T22:26:07.5516507Z Image: ubuntu-24.04
2025-08-16T22:26:07.5516971Z Version: 20250810.1.0
2025-08-16T22:26:07.5518195Z Included Software: https://github.com/actions/runner-images/blob/ubuntu24/20250810.1/images/ubuntu/Ubuntu2404-Readme.md
2025-08-16T22:26:07.5519709Z Image Release: https://github.com/actions/runner-images/releases/tag/ubuntu24%2F20250810.1
2025-08-16T22:26:07.5520734Z ##[endgroup]
2025-08-16T22:26:07.5523036Z ##[group]GITHUB_TOKEN Permissions
2025-08-16T22:26:07.5525019Z Actions: write
2025-08-16T22:26:07.5525545Z Attestations: write
2025-08-16T22:26:07.5526098Z Checks: write
2025-08-16T22:26:07.5526596Z Contents: write
2025-08-16T22:26:07.5527115Z Deployments: write
2025-08-16T22:26:07.5527848Z Discussions: write
2025-08-16T22:26:07.5528406Z Issues: write
2025-08-16T22:26:07.5528878Z Metadata: read
2025-08-16T22:26:07.5529406Z Models: read
2025-08-16T22:26:07.5529934Z Packages: write
2025-08-16T22:26:07.5530422Z Pages: write
2025-08-16T22:26:07.5530919Z PullRequests: write
2025-08-16T22:26:07.5531395Z RepositoryProjects: write
2025-08-16T22:26:07.5532019Z SecurityEvents: write
2025-08-16T22:26:07.5532631Z Statuses: write
2025-08-16T22:26:07.5533125Z ##[endgroup]
2025-08-16T22:26:07.5535167Z Secret source: Actions
2025-08-16T22:26:07.5535847Z Prepare workflow directory
2025-08-16T22:26:07.5974208Z Prepare all required actions
2025-08-16T22:26:07.6029816Z Getting action download info
2025-08-16T22:26:08.0547737Z Download action repository 'actions/checkout@v4' (SHA:08eba0b27e820071cde6df949e0beb9ba4906955)
2025-08-16T22:26:08.5684603Z Download action repository 'actions/setup-python@v5' (SHA:a26af69be951a213d495a4c3e4e4022e16d87065)
2025-08-16T22:26:09.1218785Z Download action repository 'actions/cache@v4' (SHA:0400d5f644dc74513175e3cd8d07132dd4860809)
2025-08-16T22:26:09.7013931Z Download action repository 'actions/setup-node@v4' (SHA:49933ea5288caeca8642d1e84afbd3f7d6820020)
2025-08-16T22:26:09.7884829Z Download action repository 'codecov/codecov-action@v4' (SHA:b9fd7d16f6d7d1b5d2bec1a2887e65ceed900238)
2025-08-16T22:26:10.4175885Z Complete job name: test
2025-08-16T22:26:10.4656882Z ##[group]Checking docker version
2025-08-16T22:26:10.4669905Z ##[command]/usr/bin/docker version --format '{{.Server.APIVersion}}'
2025-08-16T22:26:10.5146841Z '1.48'
2025-08-16T22:26:10.5159414Z Docker daemon API version: '1.48'
2025-08-16T22:26:10.5159930Z ##[command]/usr/bin/docker version --format '{{.Client.APIVersion}}'
2025-08-16T22:26:10.5323280Z '1.48'
2025-08-16T22:26:10.5336904Z Docker client API version: '1.48'
2025-08-16T22:26:10.5341337Z ##[endgroup]
2025-08-16T22:26:10.5343950Z ##[group]Clean up resources from previous jobs
2025-08-16T22:26:10.5349275Z ##[command]/usr/bin/docker ps --all --quiet --no-trunc --filter "label=af18a0"
2025-08-16T22:26:10.5488250Z ##[command]/usr/bin/docker network prune --force --filter "label=af18a0"
2025-08-16T22:26:10.5616012Z ##[endgroup]
2025-08-16T22:26:10.5616329Z ##[group]Create local container network
2025-08-16T22:26:10.5625806Z ##[command]/usr/bin/docker network create --label af18a0 github_network_459549dec8ea4e1eb64541a2d0e9f0ad
2025-08-16T22:26:10.6123838Z 6bf78bcac3dc68d5a5da6f91142c1bd7b7630cc83755487202400b0cb4915fee
2025-08-16T22:26:10.6150060Z ##[endgroup]
2025-08-16T22:26:10.6183507Z ##[group]Starting postgres service container
2025-08-16T22:26:10.6211012Z ##[command]/usr/bin/docker pull postgres:15
2025-08-16T22:26:11.6185739Z 15: Pulling from library/postgres
2025-08-16T22:26:11.8980345Z 396b1da7636e: Pulling fs layer
2025-08-16T22:26:11.8980838Z fca2566eba32: Pulling fs layer
2025-08-16T22:26:11.8981232Z 631fe8c6d606: Pulling fs layer
2025-08-16T22:26:11.8981624Z 77c7671c4414: Pulling fs layer
2025-08-16T22:26:11.8982024Z 2d9e29180a27: Pulling fs layer
2025-08-16T22:26:11.8982435Z c6bcc2c9a041: Pulling fs layer
2025-08-16T22:26:11.8982749Z ac4b721eb66f: Pulling fs layer
2025-08-16T22:26:11.8983131Z 606bd164980e: Pulling fs layer
2025-08-16T22:26:11.8983519Z f5dfd246bc6e: Pulling fs layer
2025-08-16T22:26:11.8983890Z ba7036bb0a60: Pulling fs layer
2025-08-16T22:26:11.8984271Z 799f859abbbd: Pulling fs layer
2025-08-16T22:26:11.8984678Z d903e777080c: Pulling fs layer
2025-08-16T22:26:11.8985052Z 04adcb462801: Pulling fs layer
2025-08-16T22:26:11.8985510Z 5c10925b29ff: Pulling fs layer
2025-08-16T22:26:11.8985908Z 77c7671c4414: Waiting
2025-08-16T22:26:11.8986277Z 2d9e29180a27: Waiting
2025-08-16T22:26:11.8986592Z 04adcb462801: Waiting
2025-08-16T22:26:11.8986962Z 799f859abbbd: Waiting
2025-08-16T22:26:11.8987266Z d903e777080c: Waiting
2025-08-16T22:26:11.8987754Z c6bcc2c9a041: Waiting
2025-08-16T22:26:11.8988067Z 5c10925b29ff: Waiting
2025-08-16T22:26:11.8988454Z f5dfd246bc6e: Waiting
2025-08-16T22:26:11.8988751Z 606bd164980e: Waiting
2025-08-16T22:26:11.8989057Z ac4b721eb66f: Waiting
2025-08-16T22:26:12.1674308Z fca2566eba32: Verifying Checksum
2025-08-16T22:26:12.1674873Z fca2566eba32: Download complete
2025-08-16T22:26:12.2352528Z 631fe8c6d606: Verifying Checksum
2025-08-16T22:26:12.2356731Z 631fe8c6d606: Download complete
2025-08-16T22:26:12.4408604Z 396b1da7636e: Verifying Checksum
2025-08-16T22:26:12.4411132Z 396b1da7636e: Download complete
2025-08-16T22:26:12.4512235Z 77c7671c4414: Verifying Checksum
2025-08-16T22:26:12.4512865Z 77c7671c4414: Download complete
2025-08-16T22:26:12.6016409Z 2d9e29180a27: Verifying Checksum
2025-08-16T22:26:12.6016879Z 2d9e29180a27: Download complete
2025-08-16T22:26:12.7084399Z ac4b721eb66f: Verifying Checksum
2025-08-16T22:26:12.7084902Z ac4b721eb66f: Download complete
2025-08-16T22:26:12.7418935Z c6bcc2c9a041: Verifying Checksum
2025-08-16T22:26:12.7419396Z c6bcc2c9a041: Download complete
2025-08-16T22:26:12.8636614Z 606bd164980e: Verifying Checksum
2025-08-16T22:26:12.8637523Z 606bd164980e: Download complete
2025-08-16T22:26:13.0239914Z ba7036bb0a60: Verifying Checksum
2025-08-16T22:26:13.0240434Z ba7036bb0a60: Download complete
2025-08-16T22:26:13.1278425Z 799f859abbbd: Verifying Checksum
2025-08-16T22:26:13.1279041Z 799f859abbbd: Download complete
2025-08-16T22:26:13.2941841Z d903e777080c: Verifying Checksum
2025-08-16T22:26:13.2942367Z d903e777080c: Download complete
2025-08-16T22:26:13.4284997Z 396b1da7636e: Pull complete
2025-08-16T22:26:13.4748057Z 04adcb462801: Verifying Checksum
2025-08-16T22:26:13.4748510Z 04adcb462801: Download complete
2025-08-16T22:26:13.5816207Z 5c10925b29ff: Verifying Checksum
2025-08-16T22:26:13.5816902Z 5c10925b29ff: Download complete
2025-08-16T22:26:13.5951147Z fca2566eba32: Pull complete
2025-08-16T22:26:13.8122665Z 631fe8c6d606: Pull complete
2025-08-16T22:26:13.8288253Z f5dfd246bc6e: Verifying Checksum
2025-08-16T22:26:13.8288772Z f5dfd246bc6e: Download complete
2025-08-16T22:26:13.8613724Z 77c7671c4414: Pull complete
2025-08-16T22:26:14.1862611Z 2d9e29180a27: Pull complete
2025-08-16T22:26:14.2750990Z c6bcc2c9a041: Pull complete
2025-08-16T22:26:14.2849480Z ac4b721eb66f: Pull complete
2025-08-16T22:26:14.2953365Z 606bd164980e: Pull complete
2025-08-16T22:26:17.3949933Z f5dfd246bc6e: Pull complete
2025-08-16T22:26:17.4121532Z ba7036bb0a60: Pull complete
2025-08-16T22:26:17.4235529Z 799f859abbbd: Pull complete
2025-08-16T22:26:17.4336802Z d903e777080c: Pull complete
2025-08-16T22:26:17.4439712Z 04adcb462801: Pull complete
2025-08-16T22:26:17.4557948Z 5c10925b29ff: Pull complete
2025-08-16T22:26:17.4607053Z Digest: sha256:0de3e43bbb424d5fb7ca1889150f8e1b525d6c9fbaf9df6d853dcbc2ed5ffa1e
2025-08-16T22:26:17.4621905Z Status: Downloaded newer image for postgres:15
2025-08-16T22:26:17.4631389Z docker.io/library/postgres:15
2025-08-16T22:26:17.4692908Z ##[command]/usr/bin/docker create --name bc7c4f088142476a9408c3fa59e489a9_postgres15_218e54 --label af18a0 --network github_network_459549dec8ea4e1eb64541a2d0e9f0ad --network-alias postgres -p 5432:5432 --health-cmd="pg_isready -U postgres -d awa" --health-interval=5s --health-timeout=5s --health-retries=10 -e "POSTGRES_USER=postgres" -e "POSTGRES_PASSWORD=pass" -e "POSTGRES_DB=awa" -e GITHUB_ACTIONS=true -e CI=true postgres:15
2025-08-16T22:26:17.4946248Z 8d0647c01854f6c4750614400956de167c630b5744dc5fd2d57a442ee676d527
2025-08-16T22:26:17.4969249Z ##[command]/usr/bin/docker start 8d0647c01854f6c4750614400956de167c630b5744dc5fd2d57a442ee676d527
2025-08-16T22:26:17.7404396Z 8d0647c01854f6c4750614400956de167c630b5744dc5fd2d57a442ee676d527
2025-08-16T22:26:17.7456561Z ##[command]/usr/bin/docker ps --all --filter id=8d0647c01854f6c4750614400956de167c630b5744dc5fd2d57a442ee676d527 --filter status=running --no-trunc --format "{{.ID}} {{.Status}}"
2025-08-16T22:26:17.7586542Z 8d0647c01854f6c4750614400956de167c630b5744dc5fd2d57a442ee676d527 Up Less than a second (health: starting)
2025-08-16T22:26:17.7605653Z ##[command]/usr/bin/docker port 8d0647c01854f6c4750614400956de167c630b5744dc5fd2d57a442ee676d527
2025-08-16T22:26:17.7733367Z 5432/tcp -> 0.0.0.0:5432
2025-08-16T22:26:17.7735147Z 5432/tcp -> [::]:5432
2025-08-16T22:26:17.7780686Z ##[endgroup]
2025-08-16T22:26:17.7789946Z ##[group]Waiting for all services to be ready
2025-08-16T22:26:17.7805720Z ##[command]/usr/bin/docker inspect --format="{{if .Config.Healthcheck}}{{print .State.Health.Status}}{{end}}" 8d0647c01854f6c4750614400956de167c630b5744dc5fd2d57a442ee676d527
2025-08-16T22:26:17.7940703Z starting
2025-08-16T22:26:17.7969200Z postgres service is starting, waiting 2 seconds before checking again.
2025-08-16T22:26:19.7970589Z ##[command]/usr/bin/docker inspect --format="{{if .Config.Healthcheck}}{{print .State.Health.Status}}{{end}}" 8d0647c01854f6c4750614400956de167c630b5744dc5fd2d57a442ee676d527
2025-08-16T22:26:19.8089184Z starting
2025-08-16T22:26:19.8102451Z postgres service is starting, waiting 4 seconds before checking again.
2025-08-16T22:26:23.8574352Z ##[command]/usr/bin/docker inspect --format="{{if .Config.Healthcheck}}{{print .State.Health.Status}}{{end}}" 8d0647c01854f6c4750614400956de167c630b5744dc5fd2d57a442ee676d527
2025-08-16T22:26:23.8694560Z healthy
2025-08-16T22:26:23.8711455Z postgres service is healthy.
2025-08-16T22:26:23.8712257Z ##[endgroup]
2025-08-16T22:26:23.8951301Z ##[group]Run actions/checkout@v4
2025-08-16T22:26:23.8951808Z with:
2025-08-16T22:26:23.8951984Z   fetch-depth: 0
2025-08-16T22:26:23.8952185Z   repository: AlexBomber12/AWA-App
2025-08-16T22:26:23.8952548Z   token: ***
2025-08-16T22:26:23.8952734Z   ssh-strict: true
2025-08-16T22:26:23.8952911Z   ssh-user: git
2025-08-16T22:26:23.8953106Z   persist-credentials: true
2025-08-16T22:26:23.8953314Z   clean: true
2025-08-16T22:26:23.8953508Z   sparse-checkout-cone-mode: true
2025-08-16T22:26:23.8953746Z   fetch-tags: false
2025-08-16T22:26:23.8953928Z   show-progress: true
2025-08-16T22:26:23.8954105Z   lfs: false
2025-08-16T22:26:23.8954273Z   submodules: false
2025-08-16T22:26:23.8954457Z   set-safe-directory: true
2025-08-16T22:26:23.8954827Z ##[endgroup]
2025-08-16T22:26:23.9999108Z Syncing repository: AlexBomber12/AWA-App
2025-08-16T22:26:24.0000371Z ##[group]Getting Git version info
2025-08-16T22:26:24.0000730Z Working directory is '/home/runner/work/AWA-App/AWA-App'
2025-08-16T22:26:24.0001275Z [command]/usr/bin/git version
2025-08-16T22:26:24.0039788Z git version 2.50.1
2025-08-16T22:26:24.0064665Z ##[endgroup]
2025-08-16T22:26:24.0078784Z Temporarily overriding HOME='/home/runner/work/_temp/8e1494a4-974f-4121-9621-cf6489d92612' before making global git config changes
2025-08-16T22:26:24.0079644Z Adding repository directory to the temporary git global config as a safe directory
2025-08-16T22:26:24.0083522Z [command]/usr/bin/git config --global --add safe.directory /home/runner/work/AWA-App/AWA-App
2025-08-16T22:26:24.0116747Z Deleting the contents of '/home/runner/work/AWA-App/AWA-App'
2025-08-16T22:26:24.0120300Z ##[group]Initializing the repository
2025-08-16T22:26:24.0124189Z [command]/usr/bin/git init /home/runner/work/AWA-App/AWA-App
2025-08-16T22:26:24.0178100Z hint: Using 'master' as the name for the initial branch. This default branch name
2025-08-16T22:26:24.0178978Z hint: is subject to change. To configure the initial branch name to use in all
2025-08-16T22:26:24.0179852Z hint: of your new repositories, which will suppress this warning, call:
2025-08-16T22:26:24.0180383Z hint:
2025-08-16T22:26:24.0180659Z hint: 	git config --global init.defaultBranch <name>
2025-08-16T22:26:24.0180938Z hint:
2025-08-16T22:26:24.0181225Z hint: Names commonly chosen instead of 'master' are 'main', 'trunk' and
2025-08-16T22:26:24.0181805Z hint: 'development'. The just-created branch can be renamed via this command:
2025-08-16T22:26:24.0182484Z hint:
2025-08-16T22:26:24.0182818Z hint: 	git branch -m <name>
2025-08-16T22:26:24.0183211Z hint:
2025-08-16T22:26:24.0183770Z hint: Disable this message with "git config set advice.defaultBranchName false"
2025-08-16T22:26:24.0184703Z Initialized empty Git repository in /home/runner/work/AWA-App/AWA-App/.git/
2025-08-16T22:26:24.0193507Z [command]/usr/bin/git remote add origin https://github.com/AlexBomber12/AWA-App
2025-08-16T22:26:24.0224398Z ##[endgroup]
2025-08-16T22:26:24.0224996Z ##[group]Disabling automatic garbage collection
2025-08-16T22:26:24.0229566Z [command]/usr/bin/git config --local gc.auto 0
2025-08-16T22:26:24.0257304Z ##[endgroup]
2025-08-16T22:26:24.0258209Z ##[group]Setting up auth
2025-08-16T22:26:24.0265343Z [command]/usr/bin/git config --local --name-only --get-regexp core\.sshCommand
2025-08-16T22:26:24.0295030Z [command]/usr/bin/git submodule foreach --recursive sh -c "git config --local --name-only --get-regexp 'core\.sshCommand' && git config --local --unset-all 'core.sshCommand' || :"
2025-08-16T22:26:24.0548933Z [command]/usr/bin/git config --local --name-only --get-regexp http\.https\:\/\/github\.com\/\.extraheader
2025-08-16T22:26:24.0579023Z [command]/usr/bin/git submodule foreach --recursive sh -c "git config --local --name-only --get-regexp 'http\.https\:\/\/github\.com\/\.extraheader' && git config --local --unset-all 'http.https://github.com/.extraheader' || :"
2025-08-16T22:26:24.0798560Z [command]/usr/bin/git config --local http.https://github.com/.extraheader AUTHORIZATION: basic ***
2025-08-16T22:26:24.0833297Z ##[endgroup]
2025-08-16T22:26:24.0833741Z ##[group]Fetching the repository
2025-08-16T22:26:24.0842272Z [command]/usr/bin/git -c protocol.version=2 fetch --prune --no-recurse-submodules origin +refs/heads/*:refs/remotes/origin/* +refs/tags/*:refs/tags/* +031775af5612184e851a8fd608abf8d1be64ae37:refs/remotes/pull/213/merge
2025-08-16T22:26:24.8472659Z From https://github.com/AlexBomber12/AWA-App
2025-08-16T22:26:24.8473637Z  * [new branch]      codex/check-ci-logs-for-errors-and-fix-them -> origin/codex/check-ci-logs-for-errors-and-fix-them
2025-08-16T22:26:24.8474931Z  * [new branch]      codex/check-logs-for-errors-and-fix-issues -> origin/codex/check-logs-for-errors-and-fix-issues
2025-08-16T22:26:24.8476106Z  * [new branch]      codex/fix-ci-workflows-until-all-pass    -> origin/codex/fix-ci-workflows-until-all-pass
2025-08-16T22:26:24.8477622Z  * [new branch]      codex/implement-targeted-ci-fixes-until-green -> origin/codex/implement-targeted-ci-fixes-until-green
2025-08-16T22:26:24.8479787Z  * [new branch]      codex/replace-github-cli-with-python-rest-calls -> origin/codex/replace-github-cli-with-python-rest-calls
2025-08-16T22:26:24.8481860Z  * [new branch]      gh-pages                                 -> origin/gh-pages
2025-08-16T22:26:24.8483664Z  * [new branch]      main                                     -> origin/main
2025-08-16T22:26:24.8485216Z  * [new tag]         0.3.0                                    -> 0.3.0
2025-08-16T22:26:24.8489118Z  * [new ref]         031775af5612184e851a8fd608abf8d1be64ae37 -> pull/213/merge
2025-08-16T22:26:24.8520343Z ##[endgroup]
2025-08-16T22:26:24.8520963Z ##[group]Determining the checkout info
2025-08-16T22:26:24.8521737Z ##[endgroup]
2025-08-16T22:26:24.8526923Z [command]/usr/bin/git sparse-checkout disable
2025-08-16T22:26:24.8566075Z [command]/usr/bin/git config --local --unset-all extensions.worktreeConfig
2025-08-16T22:26:24.8593370Z ##[group]Checking out the ref
2025-08-16T22:26:24.8597107Z [command]/usr/bin/git checkout --progress --force refs/remotes/pull/213/merge
2025-08-16T22:26:24.8956322Z Note: switching to 'refs/remotes/pull/213/merge'.
2025-08-16T22:26:24.8956839Z 
2025-08-16T22:26:24.8957237Z You are in 'detached HEAD' state. You can look around, make experimental
2025-08-16T22:26:24.8958407Z changes and commit them, and you can discard any commits you make in this
2025-08-16T22:26:24.8959307Z state without impacting any branches by switching back to a branch.
2025-08-16T22:26:24.8959854Z 
2025-08-16T22:26:24.8960251Z If you want to create a new branch to retain commits you create, you may
2025-08-16T22:26:24.8960798Z do so (now or later) by using -c with the switch command. Example:
2025-08-16T22:26:24.8961080Z 
2025-08-16T22:26:24.8961204Z   git switch -c <new-branch-name>
2025-08-16T22:26:24.8961396Z 
2025-08-16T22:26:24.8961512Z Or undo this operation with:
2025-08-16T22:26:24.8961692Z 
2025-08-16T22:26:24.8961782Z   git switch -
2025-08-16T22:26:24.8961935Z 
2025-08-16T22:26:24.8962146Z Turn off this advice by setting config variable advice.detachedHead to false
2025-08-16T22:26:24.8962486Z 
2025-08-16T22:26:24.8962814Z HEAD is now at 031775a Merge e737a68d0df2b1ddd7abbfe48e6ae4df4d8298f7 into 66e291f197dd962dc599d2d7e3f59cfb1d56a9e7
2025-08-16T22:26:24.8968662Z ##[endgroup]
2025-08-16T22:26:24.9009554Z [command]/usr/bin/git log -1 --format=%H
2025-08-16T22:26:24.9031448Z 031775af5612184e851a8fd608abf8d1be64ae37
2025-08-16T22:26:24.9188095Z ##[group]Run cat .env.ci >> "$GITHUB_ENV"
2025-08-16T22:26:24.9188517Z [36;1mcat .env.ci >> "$GITHUB_ENV"[0m
2025-08-16T22:26:24.9189233Z [36;1mecho "DATABASE_URL=***localhost:5432/awa" >> "$GITHUB_ENV"[0m
2025-08-16T22:26:24.9189596Z [36;1mecho "PG_HOST=localhost" >> "$GITHUB_ENV"[0m
2025-08-16T22:26:24.9189884Z [36;1mecho "PG_PORT=5432" >> "$GITHUB_ENV"[0m
2025-08-16T22:26:24.9190161Z [36;1mecho "PG_USER=postgres" >> "$GITHUB_ENV"[0m
2025-08-16T22:26:24.9190437Z [36;1mecho "PG_PASSWORD=pass" >> "$GITHUB_ENV"[0m
2025-08-16T22:26:24.9190709Z [36;1mecho "PG_DATABASE=awa" >> "$GITHUB_ENV"[0m
2025-08-16T22:26:24.9233056Z shell: /usr/bin/bash -e {0}
2025-08-16T22:26:24.9233296Z ##[endgroup]
2025-08-16T22:26:24.9411377Z ##[group]Run actions/setup-python@v5
2025-08-16T22:26:24.9411638Z with:
2025-08-16T22:26:24.9411813Z   python-version: 3.12
2025-08-16T22:26:24.9412011Z   cache: pip
2025-08-16T22:26:24.9412788Z   cache-dependency-path: requirements-dev.txt
services/etl/requirements.txt
services/api/requirements.txt
services/repricer/requirements.txt
services/fees_h10/requirements.txt
services/alert_bot/requirements.txt

2025-08-16T22:26:24.9413625Z   check-latest: false
2025-08-16T22:26:24.9413932Z   token: ***
2025-08-16T22:26:24.9414124Z   update-environment: true
2025-08-16T22:26:24.9414342Z   allow-prereleases: false
2025-08-16T22:26:24.9414534Z   freethreaded: false
2025-08-16T22:26:24.9414712Z env:
2025-08-16T22:26:24.9414864Z   PG_USER: postgres
2025-08-16T22:26:24.9415050Z   PG_PASSWORD: pass
2025-08-16T22:26:24.9415223Z   PG_DATABASE: awa
2025-08-16T22:26:24.9415396Z   PG_HOST: localhost
2025-08-16T22:26:24.9415573Z   PG_PORT: 5432
2025-08-16T22:26:24.9416000Z   PG_SYNC_DSN: ***localhost:5432/awa
2025-08-16T22:26:24.9416423Z   PG_ASYNC_DSN: ***localhost:5432/awa
2025-08-16T22:26:24.9416804Z   DATABASE_URL: ***localhost:5432/awa
2025-08-16T22:26:24.9417039Z   DATA_DIR: /tmp/awa-data
2025-08-16T22:26:24.9417237Z   ENABLE_LIVE: 0
2025-08-16T22:26:24.9417598Z   TESTING: 1
2025-08-16T22:26:24.9417779Z ##[endgroup]
2025-08-16T22:26:25.1053841Z ##[group]Installed versions
2025-08-16T22:26:25.1127127Z Successfully set up CPython (3.12.11)
2025-08-16T22:26:25.1128212Z ##[endgroup]
2025-08-16T22:26:25.1486026Z [command]/opt/hostedtoolcache/Python/3.12.11/x64/bin/pip cache dir
2025-08-16T22:26:26.0960830Z /home/runner/.cache/pip
2025-08-16T22:26:26.4055794Z Cache hit for: setup-python-Linux-x64-24.04-Ubuntu-python-3.12.11-pip-be31af00322339d68f50246922f2db2622878991132419b45e9be30d325a52f1
2025-08-16T22:26:27.7228093Z Received 4194304 of 271702026 (1.5%), 4.0 MBs/sec
2025-08-16T22:26:28.7238477Z Received 109051904 of 271702026 (40.1%), 52.0 MBs/sec
2025-08-16T22:26:29.7242257Z Received 230686720 of 271702026 (84.9%), 73.3 MBs/sec
2025-08-16T22:26:30.2515050Z Received 271702026 of 271702026 (100.0%), 73.4 MBs/sec
2025-08-16T22:26:30.2516179Z Cache Size: ~259 MB (271702026 B)
2025-08-16T22:26:30.2575028Z [command]/usr/bin/tar -xf /home/runner/work/_temp/080eecf8-6f11-450c-9592-1c07da4c758b/cache.tzst -P -C /home/runner/work/AWA-App/AWA-App --use-compress-program unzstd
2025-08-16T22:26:30.7291342Z Cache restored successfully
2025-08-16T22:26:30.7808821Z Cache restored from key: setup-python-Linux-x64-24.04-Ubuntu-python-3.12.11-pip-be31af00322339d68f50246922f2db2622878991132419b45e9be30d325a52f1
2025-08-16T22:26:30.8483205Z ##[group]Run actions/cache@v4
2025-08-16T22:26:30.8483457Z with:
2025-08-16T22:26:30.8483668Z   path: ~/.cache/pip
.pytest_cache
~/.ruff_cache

2025-08-16T22:26:30.8484105Z   key: Linux-test-dee7c0c28332ec2ebb5d2650fb0d2cfddf025b3b0e96b0c826645ad2cb717961
2025-08-16T22:26:30.8484518Z   restore-keys: Linux-test-
2025-08-16T22:26:30.8484748Z   enableCrossOsArchive: false
2025-08-16T22:26:30.8484982Z   fail-on-cache-miss: false
2025-08-16T22:26:30.8485192Z   lookup-only: false
2025-08-16T22:26:30.8485383Z   save-always: false
2025-08-16T22:26:30.8485553Z env:
2025-08-16T22:26:30.8485715Z   PG_USER: postgres
2025-08-16T22:26:30.8485905Z   PG_PASSWORD: pass
2025-08-16T22:26:30.8486088Z   PG_DATABASE: awa
2025-08-16T22:26:30.8486277Z   PG_HOST: localhost
2025-08-16T22:26:30.8486461Z   PG_PORT: 5432
2025-08-16T22:26:30.8487088Z   PG_SYNC_DSN: ***localhost:5432/awa
2025-08-16T22:26:30.8488227Z   PG_ASYNC_DSN: ***localhost:5432/awa
2025-08-16T22:26:30.8488690Z   DATABASE_URL: ***localhost:5432/awa
2025-08-16T22:26:30.8488934Z   DATA_DIR: /tmp/awa-data
2025-08-16T22:26:30.8489143Z   ENABLE_LIVE: 0
2025-08-16T22:26:30.8489322Z   TESTING: 1
2025-08-16T22:26:30.8489562Z   pythonLocation: /opt/hostedtoolcache/Python/3.12.11/x64
2025-08-16T22:26:30.8489984Z   PKG_CONFIG_PATH: /opt/hostedtoolcache/Python/3.12.11/x64/lib/pkgconfig
2025-08-16T22:26:30.8490385Z   Python_ROOT_DIR: /opt/hostedtoolcache/Python/3.12.11/x64
2025-08-16T22:26:30.8490735Z   Python2_ROOT_DIR: /opt/hostedtoolcache/Python/3.12.11/x64
2025-08-16T22:26:30.8491080Z   Python3_ROOT_DIR: /opt/hostedtoolcache/Python/3.12.11/x64
2025-08-16T22:26:30.8491434Z   LD_LIBRARY_PATH: /opt/hostedtoolcache/Python/3.12.11/x64/lib
2025-08-16T22:26:30.8491748Z ##[endgroup]
2025-08-16T22:26:31.2411595Z Cache hit for: Linux-test-dee7c0c28332ec2ebb5d2650fb0d2cfddf025b3b0e96b0c826645ad2cb717961
2025-08-16T22:26:32.6006967Z Received 0 of 271707212 (0.0%), 0.0 MBs/sec
2025-08-16T22:26:33.6011208Z Received 121634816 of 271707212 (44.8%), 57.9 MBs/sec
2025-08-16T22:26:34.6027011Z Received 243269632 of 271707212 (89.5%), 77.2 MBs/sec
2025-08-16T22:26:34.9361566Z Received 271707212 of 271707212 (100.0%), 77.7 MBs/sec
2025-08-16T22:26:34.9363946Z Cache Size: ~259 MB (271707212 B)
2025-08-16T22:26:34.9459264Z [command]/usr/bin/tar -xf /home/runner/work/_temp/5beadae6-f9ad-42ca-a138-fb4c06d488ad/cache.tzst -P -C /home/runner/work/AWA-App/AWA-App --use-compress-program unzstd
2025-08-16T22:26:35.4291479Z Cache restored successfully
2025-08-16T22:26:35.4890618Z Cache restored from key: Linux-test-dee7c0c28332ec2ebb5d2650fb0d2cfddf025b3b0e96b0c826645ad2cb717961
2025-08-16T22:26:35.5005867Z ##[group]Run pip install -r services/etl/requirements.txt
2025-08-16T22:26:35.5006317Z [36;1mpip install -r services/etl/requirements.txt[0m
2025-08-16T22:26:35.5006659Z [36;1mpip install -r services/api/requirements.txt[0m
2025-08-16T22:26:35.5007223Z [36;1mpip install -r services/repricer/requirements.txt[0m
2025-08-16T22:26:35.5007906Z [36;1mpip install -r services/fees_h10/requirements.txt[0m
2025-08-16T22:26:35.5008278Z [36;1mpip install -r services/alert_bot/requirements.txt[0m
2025-08-16T22:26:35.5008608Z [36;1mpip install -r requirements-dev.txt[0m
2025-08-16T22:26:35.5008877Z [36;1mpip install asyncpg[0m
2025-08-16T22:26:35.5009106Z [36;1mpip install pytest[0m
2025-08-16T22:26:35.5009356Z [36;1mpip install keepa==1.3.15 minio==7.1.15[0m
2025-08-16T22:26:35.5050534Z shell: /usr/bin/bash -e {0}
2025-08-16T22:26:35.5050767Z env:
2025-08-16T22:26:35.5050946Z   PG_USER: postgres
2025-08-16T22:26:35.5051146Z   PG_PASSWORD: pass
2025-08-16T22:26:35.5051361Z   PG_DATABASE: awa
2025-08-16T22:26:35.5051552Z   PG_HOST: localhost
2025-08-16T22:26:35.5051733Z   PG_PORT: 5432
2025-08-16T22:26:35.5052165Z   PG_SYNC_DSN: ***localhost:5432/awa
2025-08-16T22:26:35.5052579Z   PG_ASYNC_DSN: ***localhost:5432/awa
2025-08-16T22:26:35.5052988Z   DATABASE_URL: ***localhost:5432/awa
2025-08-16T22:26:35.5053233Z   DATA_DIR: /tmp/awa-data
2025-08-16T22:26:35.5053443Z   ENABLE_LIVE: 0
2025-08-16T22:26:35.5053625Z   TESTING: 1
2025-08-16T22:26:35.5053871Z   pythonLocation: /opt/hostedtoolcache/Python/3.12.11/x64
2025-08-16T22:26:35.5054272Z   PKG_CONFIG_PATH: /opt/hostedtoolcache/Python/3.12.11/x64/lib/pkgconfig
2025-08-16T22:26:35.5054665Z   Python_ROOT_DIR: /opt/hostedtoolcache/Python/3.12.11/x64
2025-08-16T22:26:35.5055011Z   Python2_ROOT_DIR: /opt/hostedtoolcache/Python/3.12.11/x64
2025-08-16T22:26:35.5055362Z   Python3_ROOT_DIR: /opt/hostedtoolcache/Python/3.12.11/x64
2025-08-16T22:26:35.5055735Z   LD_LIBRARY_PATH: /opt/hostedtoolcache/Python/3.12.11/x64/lib
2025-08-16T22:26:35.5056036Z ##[endgroup]
2025-08-16T22:26:36.3649142Z Collecting keepa==1.3.14 (from -r services/etl/requirements.txt (line 1))
2025-08-16T22:26:36.3662555Z   Using cached keepa-1.3.14-py3-none-any.whl.metadata (10 kB)
2025-08-16T22:26:36.3953535Z Collecting minio==7.1.15 (from -r services/etl/requirements.txt (line 2))
2025-08-16T22:26:36.3964808Z   Using cached minio-7.1.15-py3-none-any.whl.metadata (4.2 kB)
2025-08-16T22:26:36.4468185Z Collecting python-amazon-sp-api==0.8.0 (from -r services/etl/requirements.txt (line 3))
2025-08-16T22:26:36.4481117Z   Using cached python_amazon_sp_api-0.8.0-py3-none-any.whl.metadata (3.2 kB)
2025-08-16T22:26:36.4605141Z Collecting pydantic-settings==2.2.1 (from -r services/etl/requirements.txt (line 4))
2025-08-16T22:26:36.4616636Z   Using cached pydantic_settings-2.2.1-py3-none-any.whl.metadata (3.1 kB)
2025-08-16T22:26:36.6370142Z Collecting numpy>=1.9.3 (from keepa==1.3.14->-r services/etl/requirements.txt (line 1))
2025-08-16T22:26:36.6383341Z   Using cached numpy-2.3.2-cp312-cp312-manylinux_2_27_x86_64.manylinux_2_28_x86_64.whl.metadata (62 kB)
2025-08-16T22:26:36.6754996Z Collecting requests>=2.2 (from keepa==1.3.14->-r services/etl/requirements.txt (line 1))
2025-08-16T22:26:36.6766845Z   Using cached requests-2.32.4-py3-none-any.whl.metadata (4.9 kB)
2025-08-16T22:26:36.7098418Z Collecting tqdm (from keepa==1.3.14->-r services/etl/requirements.txt (line 1))
2025-08-16T22:26:36.7110342Z   Using cached tqdm-4.67.1-py3-none-any.whl.metadata (57 kB)
2025-08-16T22:26:37.1796513Z Collecting aiohttp (from keepa==1.3.14->-r services/etl/requirements.txt (line 1))
2025-08-16T22:26:37.1810755Z   Using cached aiohttp-3.12.15-cp312-cp312-manylinux_2_17_x86_64.manylinux2014_x86_64.whl.metadata (7.7 kB)
2025-08-16T22:26:37.3044192Z Collecting pandas<=3.0 (from keepa==1.3.14->-r services/etl/requirements.txt (line 1))
2025-08-16T22:26:37.3057894Z   Using cached pandas-2.3.1-cp312-cp312-manylinux_2_17_x86_64.manylinux2014_x86_64.whl.metadata (91 kB)
2025-08-16T22:26:37.4404289Z Collecting pydantic (from keepa==1.3.14->-r services/etl/requirements.txt (line 1))
2025-08-16T22:26:37.4415738Z   Using cached pydantic-2.11.7-py3-none-any.whl.metadata (67 kB)
2025-08-16T22:26:37.4610523Z Collecting certifi (from minio==7.1.15->-r services/etl/requirements.txt (line 2))
2025-08-16T22:26:37.4623250Z   Using cached certifi-2025.8.3-py3-none-any.whl.metadata (2.4 kB)
2025-08-16T22:26:37.4835731Z Collecting urllib3 (from minio==7.1.15->-r services/etl/requirements.txt (line 2))
2025-08-16T22:26:37.4847862Z   Using cached urllib3-2.5.0-py3-none-any.whl.metadata (6.5 kB)
2025-08-16T22:26:37.4963423Z Collecting six<2,>=1.15 (from python-amazon-sp-api==0.8.0->-r services/etl/requirements.txt (line 3))
2025-08-16T22:26:37.4974903Z   Using cached six-1.17.0-py2.py3-none-any.whl.metadata (1.7 kB)
2025-08-16T22:26:37.8600085Z Collecting boto3<2,>=1.16.39 (from python-amazon-sp-api==0.8.0->-r services/etl/requirements.txt (line 3))
2025-08-16T22:26:37.8945847Z   Downloading boto3-1.40.11-py3-none-any.whl.metadata (6.7 kB)
2025-08-16T22:26:37.9121299Z Collecting cachetools~=4.2.0 (from python-amazon-sp-api==0.8.0->-r services/etl/requirements.txt (line 3))
2025-08-16T22:26:37.9132718Z   Using cached cachetools-4.2.4-py3-none-any.whl.metadata (4.8 kB)
2025-08-16T22:26:38.0422009Z Collecting pycryptodome (from python-amazon-sp-api==0.8.0->-r services/etl/requirements.txt (line 3))
2025-08-16T22:26:38.0435369Z   Using cached pycryptodome-3.23.0-cp37-abi3-manylinux_2_17_x86_64.manylinux2014_x86_64.whl.metadata (3.4 kB)
2025-08-16T22:26:38.0759171Z Collecting pytz (from python-amazon-sp-api==0.8.0->-r services/etl/requirements.txt (line 3))
2025-08-16T22:26:38.0771451Z   Using cached pytz-2025.2-py2.py3-none-any.whl.metadata (22 kB)
2025-08-16T22:26:38.0885927Z Collecting confuse~=1.4.0 (from python-amazon-sp-api==0.8.0->-r services/etl/requirements.txt (line 3))
2025-08-16T22:26:38.0897817Z   Using cached confuse-1.4.0-py2.py3-none-any.whl.metadata (3.8 kB)
2025-08-16T22:26:38.1130360Z Collecting python-dotenv>=0.21.0 (from pydantic-settings==2.2.1->-r services/etl/requirements.txt (line 4))
2025-08-16T22:26:38.1141836Z   Using cached python_dotenv-1.1.1-py3-none-any.whl.metadata (24 kB)
2025-08-16T22:26:38.4228429Z Collecting botocore<1.41.0,>=1.40.11 (from boto3<2,>=1.16.39->python-amazon-sp-api==0.8.0->-r services/etl/requirements.txt (line 3))
2025-08-16T22:26:38.4259593Z   Downloading botocore-1.40.11-py3-none-any.whl.metadata (5.7 kB)
2025-08-16T22:26:38.4385221Z Collecting jmespath<2.0.0,>=0.7.1 (from boto3<2,>=1.16.39->python-amazon-sp-api==0.8.0->-r services/etl/requirements.txt (line 3))
2025-08-16T22:26:38.4397137Z   Using cached jmespath-1.0.1-py3-none-any.whl.metadata (7.6 kB)
2025-08-16T22:26:38.4548394Z Collecting s3transfer<0.14.0,>=0.13.0 (from boto3<2,>=1.16.39->python-amazon-sp-api==0.8.0->-r services/etl/requirements.txt (line 3))
2025-08-16T22:26:38.4560042Z   Using cached s3transfer-0.13.1-py3-none-any.whl.metadata (1.7 kB)
2025-08-16T22:26:38.4686245Z Collecting python-dateutil<3.0.0,>=2.1 (from botocore<1.41.0,>=1.40.11->boto3<2,>=1.16.39->python-amazon-sp-api==0.8.0->-r services/etl/requirements.txt (line 3))
2025-08-16T22:26:38.4698126Z   Using cached python_dateutil-2.9.0.post0-py2.py3-none-any.whl.metadata (8.4 kB)
2025-08-16T22:26:38.5114801Z Collecting pyyaml (from confuse~=1.4.0->python-amazon-sp-api==0.8.0->-r services/etl/requirements.txt (line 3))
2025-08-16T22:26:38.5127701Z   Using cached PyYAML-6.0.2-cp312-cp312-manylinux_2_17_x86_64.manylinux2014_x86_64.whl.metadata (2.1 kB)
2025-08-16T22:26:38.5400056Z Collecting tzdata>=2022.7 (from pandas<=3.0->keepa==1.3.14->-r services/etl/requirements.txt (line 1))
2025-08-16T22:26:38.5411135Z   Using cached tzdata-2025.2-py2.py3-none-any.whl.metadata (1.4 kB)
2025-08-16T22:26:38.6577140Z Collecting annotated-types>=0.6.0 (from pydantic->keepa==1.3.14->-r services/etl/requirements.txt (line 1))
2025-08-16T22:26:38.6588319Z   Using cached annotated_types-0.7.0-py3-none-any.whl.metadata (15 kB)
2025-08-16T22:26:39.2997117Z Collecting pydantic-core==2.33.2 (from pydantic->keepa==1.3.14->-r services/etl/requirements.txt (line 1))
2025-08-16T22:26:39.3010850Z   Using cached pydantic_core-2.33.2-cp312-cp312-manylinux_2_17_x86_64.manylinux2014_x86_64.whl.metadata (6.8 kB)
2025-08-16T22:26:39.3150846Z Collecting typing-extensions>=4.12.2 (from pydantic->keepa==1.3.14->-r services/etl/requirements.txt (line 1))
2025-08-16T22:26:39.3162159Z   Using cached typing_extensions-4.14.1-py3-none-any.whl.metadata (3.0 kB)
2025-08-16T22:26:39.3231438Z Collecting typing-inspection>=0.4.0 (from pydantic->keepa==1.3.14->-r services/etl/requirements.txt (line 1))
2025-08-16T22:26:39.3242661Z   Using cached typing_inspection-0.4.1-py3-none-any.whl.metadata (2.6 kB)
2025-08-16T22:26:39.4060961Z Collecting charset_normalizer<4,>=2 (from requests>=2.2->keepa==1.3.14->-r services/etl/requirements.txt (line 1))
2025-08-16T22:26:39.4074704Z   Using cached charset_normalizer-3.4.3-cp312-cp312-manylinux2014_x86_64.manylinux_2_17_x86_64.manylinux_2_28_x86_64.whl.metadata (36 kB)
2025-08-16T22:26:39.4216817Z Collecting idna<4,>=2.5 (from requests>=2.2->keepa==1.3.14->-r services/etl/requirements.txt (line 1))
2025-08-16T22:26:39.4233667Z   Using cached idna-3.10-py3-none-any.whl.metadata (10 kB)
2025-08-16T22:26:39.4748530Z Collecting aiohappyeyeballs>=2.5.0 (from aiohttp->keepa==1.3.14->-r services/etl/requirements.txt (line 1))
2025-08-16T22:26:39.4759539Z   Using cached aiohappyeyeballs-2.6.1-py3-none-any.whl.metadata (5.9 kB)
2025-08-16T22:26:39.4836574Z Collecting aiosignal>=1.4.0 (from aiohttp->keepa==1.3.14->-r services/etl/requirements.txt (line 1))
2025-08-16T22:26:39.4848025Z   Using cached aiosignal-1.4.0-py3-none-any.whl.metadata (3.7 kB)
2025-08-16T22:26:39.4969829Z Collecting attrs>=17.3.0 (from aiohttp->keepa==1.3.14->-r services/etl/requirements.txt (line 1))
2025-08-16T22:26:39.4980592Z   Using cached attrs-25.3.0-py3-none-any.whl.metadata (10 kB)
2025-08-16T22:26:39.6210318Z Collecting frozenlist>=1.1.1 (from aiohttp->keepa==1.3.14->-r services/etl/requirements.txt (line 1))
2025-08-16T22:26:39.6224029Z   Using cached frozenlist-1.7.0-cp312-cp312-manylinux_2_5_x86_64.manylinux1_x86_64.manylinux_2_17_x86_64.manylinux2014_x86_64.whl.metadata (18 kB)
2025-08-16T22:26:39.8400221Z Collecting multidict<7.0,>=4.5 (from aiohttp->keepa==1.3.14->-r services/etl/requirements.txt (line 1))
2025-08-16T22:26:39.8414167Z   Using cached multidict-6.6.4-cp312-cp312-manylinux2014_x86_64.manylinux_2_17_x86_64.manylinux_2_28_x86_64.whl.metadata (5.3 kB)
2025-08-16T22:26:39.8812684Z Collecting propcache>=0.2.0 (from aiohttp->keepa==1.3.14->-r services/etl/requirements.txt (line 1))
2025-08-16T22:26:39.8824692Z   Using cached propcache-0.3.2-cp312-cp312-manylinux_2_17_x86_64.manylinux2014_x86_64.whl.metadata (12 kB)
2025-08-16T22:26:40.1089105Z Collecting yarl<2.0,>=1.17.0 (from aiohttp->keepa==1.3.14->-r services/etl/requirements.txt (line 1))
2025-08-16T22:26:40.1102866Z   Using cached yarl-1.20.1-cp312-cp312-manylinux_2_17_x86_64.manylinux2014_x86_64.whl.metadata (73 kB)
2025-08-16T22:26:40.1539568Z Using cached keepa-1.3.14-py3-none-any.whl (33 kB)
2025-08-16T22:26:40.1550946Z Using cached minio-7.1.15-py3-none-any.whl (77 kB)
2025-08-16T22:26:40.1563046Z Using cached python_amazon_sp_api-0.8.0-py3-none-any.whl (93 kB)
2025-08-16T22:26:40.1574521Z Using cached pydantic_settings-2.2.1-py3-none-any.whl (13 kB)
2025-08-16T22:26:40.1605564Z Downloading boto3-1.40.11-py3-none-any.whl (140 kB)
2025-08-16T22:26:40.1762386Z Downloading botocore-1.40.11-py3-none-any.whl (14.0 MB)
2025-08-16T22:26:40.2336754Z    ━━━━━━━━━━━━━━━━━━━━━━━━━━━━━━━━━━━━━━━━ 14.0/14.0 MB 253.7 MB/s  0:00:00
2025-08-16T22:26:40.2350826Z Using cached cachetools-4.2.4-py3-none-any.whl (10 kB)
2025-08-16T22:26:40.2361890Z Using cached confuse-1.4.0-py2.py3-none-any.whl (21 kB)
2025-08-16T22:26:40.2372967Z Using cached jmespath-1.0.1-py3-none-any.whl (20 kB)
2025-08-16T22:26:40.2384142Z Using cached pandas-2.3.1-cp312-cp312-manylinux_2_17_x86_64.manylinux2014_x86_64.whl (12.0 MB)
2025-08-16T22:26:40.2486753Z Using cached python_dateutil-2.9.0.post0-py2.py3-none-any.whl (229 kB)
2025-08-16T22:26:40.2498758Z Using cached s3transfer-0.13.1-py3-none-any.whl (85 kB)
2025-08-16T22:26:40.2510167Z Using cached six-1.17.0-py2.py3-none-any.whl (11 kB)
2025-08-16T22:26:40.2520893Z Using cached urllib3-2.5.0-py3-none-any.whl (129 kB)
2025-08-16T22:26:40.2532630Z Using cached numpy-2.3.2-cp312-cp312-manylinux_2_27_x86_64.manylinux_2_28_x86_64.whl (16.6 MB)
2025-08-16T22:26:40.2665382Z Using cached pydantic-2.11.7-py3-none-any.whl (444 kB)
2025-08-16T22:26:40.2679619Z Using cached pydantic_core-2.33.2-cp312-cp312-manylinux_2_17_x86_64.manylinux2014_x86_64.whl (2.0 MB)
2025-08-16T22:26:40.2705135Z Using cached annotated_types-0.7.0-py3-none-any.whl (13 kB)
2025-08-16T22:26:40.2715824Z Using cached python_dotenv-1.1.1-py3-none-any.whl (20 kB)
2025-08-16T22:26:40.2726555Z Using cached pytz-2025.2-py2.py3-none-any.whl (509 kB)
2025-08-16T22:26:40.2741126Z Using cached requests-2.32.4-py3-none-any.whl (64 kB)
2025-08-16T22:26:40.2752830Z Using cached charset_normalizer-3.4.3-cp312-cp312-manylinux2014_x86_64.manylinux_2_17_x86_64.manylinux_2_28_x86_64.whl (151 kB)
2025-08-16T22:26:40.2764147Z Using cached idna-3.10-py3-none-any.whl (70 kB)
2025-08-16T22:26:40.2775327Z Using cached certifi-2025.8.3-py3-none-any.whl (161 kB)
2025-08-16T22:26:40.2787063Z Using cached typing_extensions-4.14.1-py3-none-any.whl (43 kB)
2025-08-16T22:26:40.2797936Z Using cached typing_inspection-0.4.1-py3-none-any.whl (14 kB)
2025-08-16T22:26:40.2808888Z Using cached tzdata-2025.2-py2.py3-none-any.whl (347 kB)
2025-08-16T22:26:40.2822060Z Using cached aiohttp-3.12.15-cp312-cp312-manylinux_2_17_x86_64.manylinux2014_x86_64.whl (1.7 MB)
2025-08-16T22:26:40.2845403Z Using cached multidict-6.6.4-cp312-cp312-manylinux2014_x86_64.manylinux_2_17_x86_64.manylinux_2_28_x86_64.whl (256 kB)
2025-08-16T22:26:40.2857755Z Using cached yarl-1.20.1-cp312-cp312-manylinux_2_17_x86_64.manylinux2014_x86_64.whl (355 kB)
2025-08-16T22:26:40.2870851Z Using cached aiohappyeyeballs-2.6.1-py3-none-any.whl (15 kB)
2025-08-16T22:26:40.2881603Z Using cached aiosignal-1.4.0-py3-none-any.whl (7.5 kB)
2025-08-16T22:26:40.2892152Z Using cached attrs-25.3.0-py3-none-any.whl (63 kB)
2025-08-16T22:26:40.2903951Z Using cached frozenlist-1.7.0-cp312-cp312-manylinux_2_5_x86_64.manylinux1_x86_64.manylinux_2_17_x86_64.manylinux2014_x86_64.whl (241 kB)
2025-08-16T22:26:40.2916306Z Using cached propcache-0.3.2-cp312-cp312-manylinux_2_17_x86_64.manylinux2014_x86_64.whl (224 kB)
2025-08-16T22:26:40.2928717Z Using cached pycryptodome-3.23.0-cp37-abi3-manylinux_2_17_x86_64.manylinux2014_x86_64.whl (2.3 MB)
2025-08-16T22:26:40.2955763Z Using cached PyYAML-6.0.2-cp312-cp312-manylinux_2_17_x86_64.manylinux2014_x86_64.whl (767 kB)
2025-08-16T22:26:40.2972444Z Using cached tqdm-4.67.1-py3-none-any.whl (78 kB)
2025-08-16T22:26:40.4952439Z Installing collected packages: pytz, urllib3, tzdata, typing-extensions, tqdm, six, pyyaml, python-dotenv, pycryptodome, propcache, numpy, multidict, jmespath, idna, frozenlist, charset_normalizer, certifi, cachetools, attrs, annotated-types, aiohappyeyeballs, yarl, typing-inspection, requests, python-dateutil, pydantic-core, minio, confuse, aiosignal, pydantic, pandas, botocore, aiohttp, s3transfer, pydantic-settings, keepa, boto3, python-amazon-sp-api
2025-08-16T22:26:49.6660915Z 
2025-08-16T22:26:49.6701983Z Successfully installed aiohappyeyeballs-2.6.1 aiohttp-3.12.15 aiosignal-1.4.0 annotated-types-0.7.0 attrs-25.3.0 boto3-1.40.11 botocore-1.40.11 cachetools-4.2.4 certifi-2025.8.3 charset_normalizer-3.4.3 confuse-1.4.0 frozenlist-1.7.0 idna-3.10 jmespath-1.0.1 keepa-1.3.14 minio-7.1.15 multidict-6.6.4 numpy-2.3.2 pandas-2.3.1 propcache-0.3.2 pycryptodome-3.23.0 pydantic-2.11.7 pydantic-core-2.33.2 pydantic-settings-2.2.1 python-amazon-sp-api-0.8.0 python-dateutil-2.9.0.post0 python-dotenv-1.1.1 pytz-2025.2 pyyaml-6.0.2 requests-2.32.4 s3transfer-0.13.1 six-1.17.0 tqdm-4.67.1 typing-extensions-4.14.1 typing-inspection-0.4.1 tzdata-2025.2 urllib3-2.5.0 yarl-1.20.1
2025-08-16T22:26:50.5521266Z Collecting uvicorn==0.29.0 (from -r services/api/requirements.txt (line 1))
2025-08-16T22:26:50.5534920Z   Using cached uvicorn-0.29.0-py3-none-any.whl.metadata (6.3 kB)
2025-08-16T22:26:50.5572667Z Requirement already satisfied: pydantic-settings==2.2.1 in /opt/hostedtoolcache/Python/3.12.11/x64/lib/python3.12/site-packages (from -r services/api/requirements.txt (line 2)) (2.2.1)
2025-08-16T22:26:50.5935686Z Collecting fastapi==0.111.0 (from -r services/api/requirements.txt (line 3))
2025-08-16T22:26:50.5947637Z   Using cached fastapi-0.111.0-py3-none-any.whl.metadata (25 kB)
2025-08-16T22:26:50.8895556Z Collecting sqlalchemy==2.0.29 (from -r services/api/requirements.txt (line 4))
2025-08-16T22:26:50.8909956Z   Using cached SQLAlchemy-2.0.29-cp312-cp312-manylinux_2_17_x86_64.manylinux2014_x86_64.whl.metadata (9.6 kB)
2025-08-16T22:26:50.9175690Z Collecting alembic==1.13.1 (from -r services/api/requirements.txt (line 5))
2025-08-16T22:26:50.9187967Z   Using cached alembic-1.13.1-py3-none-any.whl.metadata (7.4 kB)
2025-08-16T22:26:50.9342276Z Collecting psycopg==3.2.9 (from psycopg[binary]==3.2.9->-r services/api/requirements.txt (line 6))
2025-08-16T22:26:50.9354367Z   Using cached psycopg-3.2.9-py3-none-any.whl.metadata (4.5 kB)
2025-08-16T22:26:50.9559250Z Collecting httpx==0.27.2 (from -r services/api/requirements.txt (line 7))
2025-08-16T22:26:50.9571329Z   Using cached httpx-0.27.2-py3-none-any.whl.metadata (7.1 kB)
2025-08-16T22:26:50.9966574Z Collecting asyncpg==0.29.0 (from -r services/api/requirements.txt (line 8))
2025-08-16T22:26:50.9978641Z   Using cached asyncpg-0.29.0-cp312-cp312-manylinux_2_17_x86_64.manylinux2014_x86_64.whl.metadata (4.4 kB)
2025-08-16T22:26:51.2622068Z Collecting boto3==1.34.162 (from -r services/api/requirements.txt (line 9))
2025-08-16T22:26:51.2635882Z   Using cached boto3-1.34.162-py3-none-any.whl.metadata (6.6 kB)
2025-08-16T22:26:51.2770916Z Collecting Jinja2==3.1.5 (from -r services/api/requirements.txt (line 10))
2025-08-16T22:26:51.2782734Z   Using cached jinja2-3.1.5-py3-none-any.whl.metadata (2.6 kB)
2025-08-16T22:26:51.2941256Z Collecting click>=7.0 (from uvicorn==0.29.0->-r services/api/requirements.txt (line 1))
2025-08-16T22:26:51.2952306Z   Using cached click-8.2.1-py3-none-any.whl.metadata (2.5 kB)
2025-08-16T22:26:51.3041893Z Collecting h11>=0.8 (from uvicorn==0.29.0->-r services/api/requirements.txt (line 1))
2025-08-16T22:26:51.3052764Z   Using cached h11-0.16.0-py3-none-any.whl.metadata (8.3 kB)
2025-08-16T22:26:51.3080442Z Requirement already satisfied: pydantic>=2.3.0 in /opt/hostedtoolcache/Python/3.12.11/x64/lib/python3.12/site-packages (from pydantic-settings==2.2.1->-r services/api/requirements.txt (line 2)) (2.11.7)
2025-08-16T22:26:51.3085717Z Requirement already satisfied: python-dotenv>=0.21.0 in /opt/hostedtoolcache/Python/3.12.11/x64/lib/python3.12/site-packages (from pydantic-settings==2.2.1->-r services/api/requirements.txt (line 2)) (1.1.1)
2025-08-16T22:26:51.3542929Z Collecting starlette<0.38.0,>=0.37.2 (from fastapi==0.111.0->-r services/api/requirements.txt (line 3))
2025-08-16T22:26:51.3555062Z   Using cached starlette-0.37.2-py3-none-any.whl.metadata (5.9 kB)
2025-08-16T22:26:51.3584957Z Requirement already satisfied: typing-extensions>=4.8.0 in /opt/hostedtoolcache/Python/3.12.11/x64/lib/python3.12/site-packages (from fastapi==0.111.0->-r services/api/requirements.txt (line 3)) (4.14.1)
2025-08-16T22:26:51.3661542Z Collecting fastapi-cli>=0.0.2 (from fastapi==0.111.0->-r services/api/requirements.txt (line 3))
2025-08-16T22:26:51.3672274Z   Using cached fastapi_cli-0.0.8-py3-none-any.whl.metadata (6.3 kB)
2025-08-16T22:26:51.3839809Z Collecting python-multipart>=0.0.7 (from fastapi==0.111.0->-r services/api/requirements.txt (line 3))
2025-08-16T22:26:51.3850607Z   Using cached python_multipart-0.0.20-py3-none-any.whl.metadata (1.8 kB)
2025-08-16T22:26:51.4409073Z Collecting ujson!=4.0.2,!=4.1.0,!=4.2.0,!=4.3.0,!=5.0.0,!=5.1.0,>=4.0.1 (from fastapi==0.111.0->-r services/api/requirements.txt (line 3))
2025-08-16T22:26:51.4422139Z   Using cached ujson-5.10.0-cp312-cp312-manylinux_2_17_x86_64.manylinux2014_x86_64.whl.metadata (9.3 kB)
2025-08-16T22:26:51.6732791Z Collecting orjson>=3.2.1 (from fastapi==0.111.0->-r services/api/requirements.txt (line 3))
2025-08-16T22:26:51.6746406Z   Using cached orjson-3.11.2-cp312-cp312-manylinux_2_17_x86_64.manylinux2014_x86_64.whl.metadata (1.2 kB)
2025-08-16T22:26:51.6869314Z Collecting email_validator>=2.0.0 (from fastapi==0.111.0->-r services/api/requirements.txt (line 3))
2025-08-16T22:26:51.6881147Z   Using cached email_validator-2.2.0-py3-none-any.whl.metadata (25 kB)
2025-08-16T22:26:51.8179234Z Collecting greenlet!=0.4.17 (from sqlalchemy==2.0.29->-r services/api/requirements.txt (line 4))
2025-08-16T22:26:51.8191878Z   Using cached greenlet-3.2.4-cp312-cp312-manylinux_2_24_x86_64.manylinux_2_28_x86_64.whl.metadata (4.1 kB)
2025-08-16T22:26:51.8425199Z Collecting Mako (from alembic==1.13.1->-r services/api/requirements.txt (line 5))
2025-08-16T22:26:51.8437008Z   Using cached mako-1.3.10-py3-none-any.whl.metadata (2.9 kB)
2025-08-16T22:26:51.8639487Z Collecting anyio (from httpx==0.27.2->-r services/api/requirements.txt (line 7))
2025-08-16T22:26:51.8651815Z   Using cached anyio-4.10.0-py3-none-any.whl.metadata (4.0 kB)
2025-08-16T22:26:51.8674964Z Requirement already satisfied: certifi in /opt/hostedtoolcache/Python/3.12.11/x64/lib/python3.12/site-packages (from httpx==0.27.2->-r services/api/requirements.txt (line 7)) (2025.8.3)
2025-08-16T22:26:51.8825606Z Collecting httpcore==1.* (from httpx==0.27.2->-r services/api/requirements.txt (line 7))
2025-08-16T22:26:51.8837184Z   Using cached httpcore-1.0.9-py3-none-any.whl.metadata (21 kB)
2025-08-16T22:26:51.8870977Z Requirement already satisfied: idna in /opt/hostedtoolcache/Python/3.12.11/x64/lib/python3.12/site-packages (from httpx==0.27.2->-r services/api/requirements.txt (line 7)) (3.10)
2025-08-16T22:26:51.8926472Z Collecting sniffio (from httpx==0.27.2->-r services/api/requirements.txt (line 7))
2025-08-16T22:26:51.8938136Z   Using cached sniffio-1.3.1-py3-none-any.whl.metadata (3.9 kB)
2025-08-16T22:26:52.2369115Z Collecting botocore<1.35.0,>=1.34.162 (from boto3==1.34.162->-r services/api/requirements.txt (line 9))
2025-08-16T22:26:52.2383043Z   Using cached botocore-1.34.162-py3-none-any.whl.metadata (5.7 kB)
2025-08-16T22:26:52.2411837Z Requirement already satisfied: jmespath<2.0.0,>=0.7.1 in /opt/hostedtoolcache/Python/3.12.11/x64/lib/python3.12/site-packages (from boto3==1.34.162->-r services/api/requirements.txt (line 9)) (1.0.1)
2025-08-16T22:26:52.2560808Z Collecting s3transfer<0.11.0,>=0.10.0 (from boto3==1.34.162->-r services/api/requirements.txt (line 9))
2025-08-16T22:26:52.2572899Z   Using cached s3transfer-0.10.4-py3-none-any.whl.metadata (1.7 kB)
2025-08-16T22:26:52.3038626Z Collecting MarkupSafe>=2.0 (from Jinja2==3.1.5->-r services/api/requirements.txt (line 10))
2025-08-16T22:26:52.3050944Z   Using cached MarkupSafe-3.0.2-cp312-cp312-manylinux_2_17_x86_64.manylinux2014_x86_64.whl.metadata (4.0 kB)
2025-08-16T22:26:52.4463079Z Collecting psycopg-binary==3.2.9 (from psycopg[binary]==3.2.9->-r services/api/requirements.txt (line 6))
2025-08-16T22:26:52.4476770Z   Using cached psycopg_binary-3.2.9-cp312-cp312-manylinux_2_17_x86_64.manylinux2014_x86_64.whl.metadata (2.9 kB)
2025-08-16T22:26:52.4518682Z Requirement already satisfied: python-dateutil<3.0.0,>=2.1 in /opt/hostedtoolcache/Python/3.12.11/x64/lib/python3.12/site-packages (from botocore<1.35.0,>=1.34.162->boto3==1.34.162->-r services/api/requirements.txt (line 9)) (2.9.0.post0)
2025-08-16T22:26:52.4529505Z Requirement already satisfied: urllib3!=2.2.0,<3,>=1.25.4 in /opt/hostedtoolcache/Python/3.12.11/x64/lib/python3.12/site-packages (from botocore<1.35.0,>=1.34.162->boto3==1.34.162->-r services/api/requirements.txt (line 9)) (2.5.0)
2025-08-16T22:26:52.4573815Z Requirement already satisfied: annotated-types>=0.6.0 in /opt/hostedtoolcache/Python/3.12.11/x64/lib/python3.12/site-packages (from pydantic>=2.3.0->pydantic-settings==2.2.1->-r services/api/requirements.txt (line 2)) (0.7.0)
2025-08-16T22:26:52.4581056Z Requirement already satisfied: pydantic-core==2.33.2 in /opt/hostedtoolcache/Python/3.12.11/x64/lib/python3.12/site-packages (from pydantic>=2.3.0->pydantic-settings==2.2.1->-r services/api/requirements.txt (line 2)) (2.33.2)
2025-08-16T22:26:52.4590448Z Requirement already satisfied: typing-inspection>=0.4.0 in /opt/hostedtoolcache/Python/3.12.11/x64/lib/python3.12/site-packages (from pydantic>=2.3.0->pydantic-settings==2.2.1->-r services/api/requirements.txt (line 2)) (0.4.1)
2025-08-16T22:26:52.4622395Z Requirement already satisfied: six>=1.5 in /opt/hostedtoolcache/Python/3.12.11/x64/lib/python3.12/site-packages (from python-dateutil<3.0.0,>=2.1->botocore<1.35.0,>=1.34.162->boto3==1.34.162->-r services/api/requirements.txt (line 9)) (1.17.0)
2025-08-16T22:26:52.6195043Z Collecting dnspython>=2.0.0 (from email_validator>=2.0.0->fastapi==0.111.0->-r services/api/requirements.txt (line 3))
2025-08-16T22:26:52.6206884Z   Using cached dnspython-2.7.0-py3-none-any.whl.metadata (5.8 kB)
2025-08-16T22:26:52.6418634Z Collecting typer>=0.15.1 (from fastapi-cli>=0.0.2->fastapi==0.111.0->-r services/api/requirements.txt (line 3))
2025-08-16T22:26:52.6430297Z   Using cached typer-0.16.0-py3-none-any.whl.metadata (15 kB)
2025-08-16T22:26:52.6680525Z Collecting rich-toolkit>=0.14.8 (from fastapi-cli>=0.0.2->fastapi==0.111.0->-r services/api/requirements.txt (line 3))
2025-08-16T22:26:52.6691985Z   Using cached rich_toolkit-0.15.0-py3-none-any.whl.metadata (1.0 kB)
2025-08-16T22:26:52.7145222Z Collecting rich>=13.7.1 (from rich-toolkit>=0.14.8->fastapi-cli>=0.0.2->fastapi==0.111.0->-r services/api/requirements.txt (line 3))
2025-08-16T22:26:52.7157024Z   Using cached rich-14.1.0-py3-none-any.whl.metadata (18 kB)
2025-08-16T22:26:52.7302173Z Collecting markdown-it-py>=2.2.0 (from rich>=13.7.1->rich-toolkit>=0.14.8->fastapi-cli>=0.0.2->fastapi==0.111.0->-r services/api/requirements.txt (line 3))
2025-08-16T22:26:52.7313489Z   Using cached markdown_it_py-4.0.0-py3-none-any.whl.metadata (7.3 kB)
2025-08-16T22:26:52.7522380Z Collecting pygments<3.0.0,>=2.13.0 (from rich>=13.7.1->rich-toolkit>=0.14.8->fastapi-cli>=0.0.2->fastapi==0.111.0->-r services/api/requirements.txt (line 3))
2025-08-16T22:26:52.7533749Z   Using cached pygments-2.19.2-py3-none-any.whl.metadata (2.5 kB)
2025-08-16T22:26:52.7628789Z Collecting mdurl~=0.1 (from markdown-it-py>=2.2.0->rich>=13.7.1->rich-toolkit>=0.14.8->fastapi-cli>=0.0.2->fastapi==0.111.0->-r services/api/requirements.txt (line 3))
2025-08-16T22:26:52.7640078Z   Using cached mdurl-0.1.2-py3-none-any.whl.metadata (1.6 kB)
2025-08-16T22:26:52.7825372Z Collecting shellingham>=1.3.0 (from typer>=0.15.1->fastapi-cli>=0.0.2->fastapi==0.111.0->-r services/api/requirements.txt (line 3))
2025-08-16T22:26:52.7836757Z   Using cached shellingham-1.5.4-py2.py3-none-any.whl.metadata (3.5 kB)
2025-08-16T22:26:52.8246070Z Collecting httptools>=0.5.0 (from uvicorn[standard]>=0.12.0->fastapi==0.111.0->-r services/api/requirements.txt (line 3))
2025-08-16T22:26:52.8257703Z   Using cached httptools-0.6.4-cp312-cp312-manylinux_2_5_x86_64.manylinux1_x86_64.manylinux_2_17_x86_64.manylinux2014_x86_64.whl.metadata (3.6 kB)
2025-08-16T22:26:52.8281330Z Requirement already satisfied: pyyaml>=5.1 in /opt/hostedtoolcache/Python/3.12.11/x64/lib/python3.12/site-packages (from uvicorn[standard]>=0.12.0->fastapi==0.111.0->-r services/api/requirements.txt (line 3)) (6.0.2)
2025-08-16T22:26:52.8638259Z Collecting uvloop!=0.15.0,!=0.15.1,>=0.14.0 (from uvicorn[standard]>=0.12.0->fastapi==0.111.0->-r services/api/requirements.txt (line 3))
2025-08-16T22:26:52.8650417Z   Using cached uvloop-0.21.0-cp312-cp312-manylinux_2_17_x86_64.manylinux2014_x86_64.whl.metadata (4.9 kB)
2025-08-16T22:26:52.9343611Z Collecting watchfiles>=0.13 (from uvicorn[standard]>=0.12.0->fastapi==0.111.0->-r services/api/requirements.txt (line 3))
2025-08-16T22:26:52.9355397Z   Using cached watchfiles-1.1.0-cp312-cp312-manylinux_2_17_x86_64.manylinux2014_x86_64.whl.metadata (4.9 kB)
2025-08-16T22:26:53.0672748Z Collecting websockets>=10.4 (from uvicorn[standard]>=0.12.0->fastapi==0.111.0->-r services/api/requirements.txt (line 3))
2025-08-16T22:26:53.0685950Z   Using cached websockets-15.0.1-cp312-cp312-manylinux_2_5_x86_64.manylinux1_x86_64.manylinux_2_17_x86_64.manylinux2014_x86_64.whl.metadata (6.8 kB)
2025-08-16T22:26:53.0905309Z Using cached uvicorn-0.29.0-py3-none-any.whl (60 kB)
2025-08-16T22:26:53.0916674Z Using cached fastapi-0.111.0-py3-none-any.whl (91 kB)
2025-08-16T22:26:53.0928989Z Using cached SQLAlchemy-2.0.29-cp312-cp312-manylinux_2_17_x86_64.manylinux2014_x86_64.whl (3.2 MB)
2025-08-16T22:26:53.0963157Z Using cached alembic-1.13.1-py3-none-any.whl (233 kB)
2025-08-16T22:26:53.0975147Z Using cached psycopg-3.2.9-py3-none-any.whl (202 kB)
2025-08-16T22:26:53.0986893Z Using cached httpx-0.27.2-py3-none-any.whl (76 kB)
2025-08-16T22:26:53.0998697Z Using cached asyncpg-0.29.0-cp312-cp312-manylinux_2_17_x86_64.manylinux2014_x86_64.whl (3.3 MB)
2025-08-16T22:26:53.1033175Z Using cached boto3-1.34.162-py3-none-any.whl (139 kB)
2025-08-16T22:26:53.1044723Z Using cached jinja2-3.1.5-py3-none-any.whl (134 kB)
2025-08-16T22:26:53.1056511Z Using cached psycopg_binary-3.2.9-cp312-cp312-manylinux_2_17_x86_64.manylinux2014_x86_64.whl (4.4 MB)
2025-08-16T22:26:53.1099179Z Using cached botocore-1.34.162-py3-none-any.whl (12.5 MB)
2025-08-16T22:26:53.1198888Z Using cached httpcore-1.0.9-py3-none-any.whl (78 kB)
2025-08-16T22:26:53.1209989Z Using cached s3transfer-0.10.4-py3-none-any.whl (83 kB)
2025-08-16T22:26:53.1221377Z Using cached starlette-0.37.2-py3-none-any.whl (71 kB)
2025-08-16T22:26:53.1232252Z Using cached anyio-4.10.0-py3-none-any.whl (107 kB)
2025-08-16T22:26:53.1243607Z Using cached click-8.2.1-py3-none-any.whl (102 kB)
2025-08-16T22:26:53.1254689Z Using cached email_validator-2.2.0-py3-none-any.whl (33 kB)
2025-08-16T22:26:53.1265288Z Using cached dnspython-2.7.0-py3-none-any.whl (313 kB)
2025-08-16T22:26:53.1277956Z Using cached fastapi_cli-0.0.8-py3-none-any.whl (10 kB)
2025-08-16T22:26:53.1289095Z Using cached greenlet-3.2.4-cp312-cp312-manylinux_2_24_x86_64.manylinux_2_28_x86_64.whl (607 kB)
2025-08-16T22:26:53.1303596Z Using cached h11-0.16.0-py3-none-any.whl (37 kB)
2025-08-16T22:26:53.1314698Z Using cached MarkupSafe-3.0.2-cp312-cp312-manylinux_2_17_x86_64.manylinux2014_x86_64.whl (23 kB)
2025-08-16T22:26:53.1325358Z Using cached orjson-3.11.2-cp312-cp312-manylinux_2_17_x86_64.manylinux2014_x86_64.whl (121 kB)
2025-08-16T22:26:53.1336359Z Using cached python_multipart-0.0.20-py3-none-any.whl (24 kB)
2025-08-16T22:26:53.1347079Z Using cached rich_toolkit-0.15.0-py3-none-any.whl (29 kB)
2025-08-16T22:26:53.1357932Z Using cached rich-14.1.0-py3-none-any.whl (243 kB)
2025-08-16T22:26:53.1370272Z Using cached pygments-2.19.2-py3-none-any.whl (1.2 MB)
2025-08-16T22:26:53.1389559Z Using cached markdown_it_py-4.0.0-py3-none-any.whl (87 kB)
2025-08-16T22:26:53.1400787Z Using cached mdurl-0.1.2-py3-none-any.whl (10.0 kB)
2025-08-16T22:26:53.1411631Z Using cached sniffio-1.3.1-py3-none-any.whl (10 kB)
2025-08-16T22:26:53.1422275Z Using cached typer-0.16.0-py3-none-any.whl (46 kB)
2025-08-16T22:26:53.1433026Z Using cached shellingham-1.5.4-py2.py3-none-any.whl (9.8 kB)
2025-08-16T22:26:53.1443872Z Using cached ujson-5.10.0-cp312-cp312-manylinux_2_17_x86_64.manylinux2014_x86_64.whl (53 kB)
2025-08-16T22:26:53.1455271Z Using cached httptools-0.6.4-cp312-cp312-manylinux_2_5_x86_64.manylinux1_x86_64.manylinux_2_17_x86_64.manylinux2014_x86_64.whl (510 kB)
2025-08-16T22:26:53.1469406Z Using cached uvloop-0.21.0-cp312-cp312-manylinux_2_17_x86_64.manylinux2014_x86_64.whl (4.7 MB)
2025-08-16T22:26:53.1514686Z Using cached watchfiles-1.1.0-cp312-cp312-manylinux_2_17_x86_64.manylinux2014_x86_64.whl (452 kB)
2025-08-16T22:26:53.1529173Z Using cached websockets-15.0.1-cp312-cp312-manylinux_2_5_x86_64.manylinux1_x86_64.manylinux_2_17_x86_64.manylinux2014_x86_64.whl (182 kB)
2025-08-16T22:26:53.1540459Z Using cached mako-1.3.10-py3-none-any.whl (78 kB)
2025-08-16T22:26:53.3341379Z Installing collected packages: websockets, uvloop, ujson, sniffio, shellingham, python-multipart, pygments, psycopg-binary, psycopg, orjson, mdurl, MarkupSafe, httptools, h11, greenlet, dnspython, click, asyncpg, uvicorn, sqlalchemy, markdown-it-py, Mako, Jinja2, httpcore, email_validator, botocore, anyio, watchfiles, starlette, s3transfer, rich, httpx, alembic, typer, rich-toolkit, boto3, fastapi-cli, fastapi
2025-08-16T22:26:56.3978321Z   Attempting uninstall: botocore
2025-08-16T22:26:56.4019481Z     Found existing installation: botocore 1.40.11
2025-08-16T22:26:56.4657571Z     Uninstalling botocore-1.40.11:
2025-08-16T22:26:56.4903754Z       Successfully uninstalled botocore-1.40.11
2025-08-16T22:26:57.2564613Z   Attempting uninstall: s3transfer
2025-08-16T22:26:57.2604015Z     Found existing installation: s3transfer 0.13.1
2025-08-16T22:26:57.2630940Z     Uninstalling s3transfer-0.13.1:
2025-08-16T22:26:57.2639794Z       Successfully uninstalled s3transfer-0.13.1
2025-08-16T22:26:57.7704344Z   Attempting uninstall: boto3
2025-08-16T22:26:57.7735283Z     Found existing installation: boto3 1.40.11
2025-08-16T22:26:57.7795469Z     Uninstalling boto3-1.40.11:
2025-08-16T22:26:57.7813960Z       Successfully uninstalled boto3-1.40.11
2025-08-16T22:26:57.9261193Z 
2025-08-16T22:26:57.9326180Z Successfully installed Jinja2-3.1.5 Mako-1.3.10 MarkupSafe-3.0.2 alembic-1.13.1 anyio-4.10.0 asyncpg-0.29.0 boto3-1.34.162 botocore-1.34.162 click-8.2.1 dnspython-2.7.0 email_validator-2.2.0 fastapi-0.111.0 fastapi-cli-0.0.8 greenlet-3.2.4 h11-0.16.0 httpcore-1.0.9 httptools-0.6.4 httpx-0.27.2 markdown-it-py-4.0.0 mdurl-0.1.2 orjson-3.11.2 psycopg-3.2.9 psycopg-binary-3.2.9 pygments-2.19.2 python-multipart-0.0.20 rich-14.1.0 rich-toolkit-0.15.0 s3transfer-0.10.4 shellingham-1.5.4 sniffio-1.3.1 sqlalchemy-2.0.29 starlette-0.37.2 typer-0.16.0 ujson-5.10.0 uvicorn-0.29.0 uvloop-0.21.0 watchfiles-1.1.0 websockets-15.0.1
2025-08-16T22:26:58.5611343Z Requirement already satisfied: uvicorn==0.29.0 in /opt/hostedtoolcache/Python/3.12.11/x64/lib/python3.12/site-packages (from -r services/repricer/requirements.txt (line 1)) (0.29.0)
2025-08-16T22:26:58.5615852Z Requirement already satisfied: pydantic-settings==2.2.1 in /opt/hostedtoolcache/Python/3.12.11/x64/lib/python3.12/site-packages (from -r services/repricer/requirements.txt (line 2)) (2.2.1)
2025-08-16T22:26:58.5620373Z Requirement already satisfied: python-amazon-sp-api==0.8.0 in /opt/hostedtoolcache/Python/3.12.11/x64/lib/python3.12/site-packages (from -r services/repricer/requirements.txt (line 3)) (0.8.0)
2025-08-16T22:26:58.5631890Z Requirement already satisfied: click>=7.0 in /opt/hostedtoolcache/Python/3.12.11/x64/lib/python3.12/site-packages (from uvicorn==0.29.0->-r services/repricer/requirements.txt (line 1)) (8.2.1)
2025-08-16T22:26:58.5637590Z Requirement already satisfied: h11>=0.8 in /opt/hostedtoolcache/Python/3.12.11/x64/lib/python3.12/site-packages (from uvicorn==0.29.0->-r services/repricer/requirements.txt (line 1)) (0.16.0)
2025-08-16T22:26:58.5660461Z Requirement already satisfied: pydantic>=2.3.0 in /opt/hostedtoolcache/Python/3.12.11/x64/lib/python3.12/site-packages (from pydantic-settings==2.2.1->-r services/repricer/requirements.txt (line 2)) (2.11.7)
2025-08-16T22:26:58.5665706Z Requirement already satisfied: python-dotenv>=0.21.0 in /opt/hostedtoolcache/Python/3.12.11/x64/lib/python3.12/site-packages (from pydantic-settings==2.2.1->-r services/repricer/requirements.txt (line 2)) (1.1.1)
2025-08-16T22:26:58.5676989Z Requirement already satisfied: requests in /opt/hostedtoolcache/Python/3.12.11/x64/lib/python3.12/site-packages (from python-amazon-sp-api==0.8.0->-r services/repricer/requirements.txt (line 3)) (2.32.4)
2025-08-16T22:26:58.5684834Z Requirement already satisfied: six<2,>=1.15 in /opt/hostedtoolcache/Python/3.12.11/x64/lib/python3.12/site-packages (from python-amazon-sp-api==0.8.0->-r services/repricer/requirements.txt (line 3)) (1.17.0)
2025-08-16T22:26:58.5691834Z Requirement already satisfied: boto3<2,>=1.16.39 in /opt/hostedtoolcache/Python/3.12.11/x64/lib/python3.12/site-packages (from python-amazon-sp-api==0.8.0->-r services/repricer/requirements.txt (line 3)) (1.34.162)
2025-08-16T22:26:58.5697984Z Requirement already satisfied: cachetools~=4.2.0 in /opt/hostedtoolcache/Python/3.12.11/x64/lib/python3.12/site-packages (from python-amazon-sp-api==0.8.0->-r services/repricer/requirements.txt (line 3)) (4.2.4)
2025-08-16T22:26:58.5702002Z Requirement already satisfied: pycryptodome in /opt/hostedtoolcache/Python/3.12.11/x64/lib/python3.12/site-packages (from python-amazon-sp-api==0.8.0->-r services/repricer/requirements.txt (line 3)) (3.23.0)
2025-08-16T22:26:58.5705759Z Requirement already satisfied: pytz in /opt/hostedtoolcache/Python/3.12.11/x64/lib/python3.12/site-packages (from python-amazon-sp-api==0.8.0->-r services/repricer/requirements.txt (line 3)) (2025.2)
2025-08-16T22:26:58.5712008Z Requirement already satisfied: confuse~=1.4.0 in /opt/hostedtoolcache/Python/3.12.11/x64/lib/python3.12/site-packages (from python-amazon-sp-api==0.8.0->-r services/repricer/requirements.txt (line 3)) (1.4.0)
2025-08-16T22:26:58.5724055Z Requirement already satisfied: botocore<1.35.0,>=1.34.162 in /opt/hostedtoolcache/Python/3.12.11/x64/lib/python3.12/site-packages (from boto3<2,>=1.16.39->python-amazon-sp-api==0.8.0->-r services/repricer/requirements.txt (line 3)) (1.34.162)
2025-08-16T22:26:58.5730855Z Requirement already satisfied: jmespath<2.0.0,>=0.7.1 in /opt/hostedtoolcache/Python/3.12.11/x64/lib/python3.12/site-packages (from boto3<2,>=1.16.39->python-amazon-sp-api==0.8.0->-r services/repricer/requirements.txt (line 3)) (1.0.1)
2025-08-16T22:26:58.5737752Z Requirement already satisfied: s3transfer<0.11.0,>=0.10.0 in /opt/hostedtoolcache/Python/3.12.11/x64/lib/python3.12/site-packages (from boto3<2,>=1.16.39->python-amazon-sp-api==0.8.0->-r services/repricer/requirements.txt (line 3)) (0.10.4)
2025-08-16T22:26:58.5753948Z Requirement already satisfied: python-dateutil<3.0.0,>=2.1 in /opt/hostedtoolcache/Python/3.12.11/x64/lib/python3.12/site-packages (from botocore<1.35.0,>=1.34.162->boto3<2,>=1.16.39->python-amazon-sp-api==0.8.0->-r services/repricer/requirements.txt (line 3)) (2.9.0.post0)
2025-08-16T22:26:58.5766894Z Requirement already satisfied: urllib3!=2.2.0,<3,>=1.25.4 in /opt/hostedtoolcache/Python/3.12.11/x64/lib/python3.12/site-packages (from botocore<1.35.0,>=1.34.162->boto3<2,>=1.16.39->python-amazon-sp-api==0.8.0->-r services/repricer/requirements.txt (line 3)) (2.5.0)
2025-08-16T22:26:58.5783995Z Requirement already satisfied: pyyaml in /opt/hostedtoolcache/Python/3.12.11/x64/lib/python3.12/site-packages (from confuse~=1.4.0->python-amazon-sp-api==0.8.0->-r services/repricer/requirements.txt (line 3)) (6.0.2)
2025-08-16T22:26:58.5865231Z Requirement already satisfied: annotated-types>=0.6.0 in /opt/hostedtoolcache/Python/3.12.11/x64/lib/python3.12/site-packages (from pydantic>=2.3.0->pydantic-settings==2.2.1->-r services/repricer/requirements.txt (line 2)) (0.7.0)
2025-08-16T22:26:58.5870804Z Requirement already satisfied: pydantic-core==2.33.2 in /opt/hostedtoolcache/Python/3.12.11/x64/lib/python3.12/site-packages (from pydantic>=2.3.0->pydantic-settings==2.2.1->-r services/repricer/requirements.txt (line 2)) (2.33.2)
2025-08-16T22:26:58.5875838Z Requirement already satisfied: typing-extensions>=4.12.2 in /opt/hostedtoolcache/Python/3.12.11/x64/lib/python3.12/site-packages (from pydantic>=2.3.0->pydantic-settings==2.2.1->-r services/repricer/requirements.txt (line 2)) (4.14.1)
2025-08-16T22:26:58.5881753Z Requirement already satisfied: typing-inspection>=0.4.0 in /opt/hostedtoolcache/Python/3.12.11/x64/lib/python3.12/site-packages (from pydantic>=2.3.0->pydantic-settings==2.2.1->-r services/repricer/requirements.txt (line 2)) (0.4.1)
2025-08-16T22:26:58.5964984Z Requirement already satisfied: charset_normalizer<4,>=2 in /opt/hostedtoolcache/Python/3.12.11/x64/lib/python3.12/site-packages (from requests->python-amazon-sp-api==0.8.0->-r services/repricer/requirements.txt (line 3)) (3.4.3)
2025-08-16T22:26:58.5971023Z Requirement already satisfied: idna<4,>=2.5 in /opt/hostedtoolcache/Python/3.12.11/x64/lib/python3.12/site-packages (from requests->python-amazon-sp-api==0.8.0->-r services/repricer/requirements.txt (line 3)) (3.10)
2025-08-16T22:26:58.5978874Z Requirement already satisfied: certifi>=2017.4.17 in /opt/hostedtoolcache/Python/3.12.11/x64/lib/python3.12/site-packages (from requests->python-amazon-sp-api==0.8.0->-r services/repricer/requirements.txt (line 3)) (2025.8.3)
2025-08-16T22:26:59.1865146Z Collecting celery==5.4.* (from celery[redis]==5.4.*->-r services/fees_h10/requirements.txt (line 1))
2025-08-16T22:26:59.1878041Z   Using cached celery-5.4.0-py3-none-any.whl.metadata (21 kB)
2025-08-16T22:26:59.2249206Z Collecting billiard<5.0,>=4.2.0 (from celery==5.4.*->celery[redis]==5.4.*->-r services/fees_h10/requirements.txt (line 1))
2025-08-16T22:26:59.2260274Z   Using cached billiard-4.2.1-py3-none-any.whl.metadata (4.4 kB)
2025-08-16T22:26:59.2557511Z Collecting kombu<6.0,>=5.3.4 (from celery==5.4.*->celery[redis]==5.4.*->-r services/fees_h10/requirements.txt (line 1))
2025-08-16T22:26:59.2568710Z   Using cached kombu-5.5.4-py3-none-any.whl.metadata (3.5 kB)
2025-08-16T22:26:59.3434438Z Collecting vine<6.0,>=5.1.0 (from celery==5.4.*->celery[redis]==5.4.*->-r services/fees_h10/requirements.txt (line 1))
2025-08-16T22:26:59.3445487Z   Using cached vine-5.1.0-py3-none-any.whl.metadata (2.7 kB)
2025-08-16T22:26:59.3463732Z Requirement already satisfied: click<9.0,>=8.1.2 in /opt/hostedtoolcache/Python/3.12.11/x64/lib/python3.12/site-packages (from celery==5.4.*->celery[redis]==5.4.*->-r services/fees_h10/requirements.txt (line 1)) (8.2.1)
2025-08-16T22:26:59.3533811Z Collecting click-didyoumean>=0.3.0 (from celery==5.4.*->celery[redis]==5.4.*->-r services/fees_h10/requirements.txt (line 1))
2025-08-16T22:26:59.3544745Z   Using cached click_didyoumean-0.3.1-py3-none-any.whl.metadata (3.9 kB)
2025-08-16T22:26:59.3634635Z Collecting click-repl>=0.2.0 (from celery==5.4.*->celery[redis]==5.4.*->-r services/fees_h10/requirements.txt (line 1))
2025-08-16T22:26:59.3645601Z   Using cached click_repl-0.3.0-py3-none-any.whl.metadata (3.6 kB)
2025-08-16T22:26:59.3746085Z Collecting click-plugins>=1.1.1 (from celery==5.4.*->celery[redis]==5.4.*->-r services/fees_h10/requirements.txt (line 1))
2025-08-16T22:26:59.3756942Z   Using cached click_plugins-1.1.1.2-py2.py3-none-any.whl.metadata (6.5 kB)
2025-08-16T22:26:59.3781961Z Requirement already satisfied: tzdata>=2022.7 in /opt/hostedtoolcache/Python/3.12.11/x64/lib/python3.12/site-packages (from celery==5.4.*->celery[redis]==5.4.*->-r services/fees_h10/requirements.txt (line 1)) (2025.2)
2025-08-16T22:26:59.3787547Z Requirement already satisfied: python-dateutil>=2.8.2 in /opt/hostedtoolcache/Python/3.12.11/x64/lib/python3.12/site-packages (from celery==5.4.*->celery[redis]==5.4.*->-r services/fees_h10/requirements.txt (line 1)) (2.9.0.post0)
2025-08-16T22:26:59.4059935Z Collecting redis!=4.5.5,<6.0.0,>=4.5.2 (from celery[redis]==5.4.*->-r services/fees_h10/requirements.txt (line 1))
2025-08-16T22:26:59.4070365Z   Using cached redis-5.3.1-py3-none-any.whl.metadata (9.2 kB)
2025-08-16T22:26:59.4230264Z Collecting amqp<6.0.0,>=5.1.1 (from kombu<6.0,>=5.3.4->celery==5.4.*->celery[redis]==5.4.*->-r services/fees_h10/requirements.txt (line 1))
2025-08-16T22:26:59.4241380Z   Using cached amqp-5.3.1-py3-none-any.whl.metadata (8.9 kB)
2025-08-16T22:26:59.4399243Z Collecting packaging (from kombu<6.0,>=5.3.4->celery==5.4.*->celery[redis]==5.4.*->-r services/fees_h10/requirements.txt (line 1))
2025-08-16T22:26:59.4410311Z   Using cached packaging-25.0-py3-none-any.whl.metadata (3.3 kB)
2025-08-16T22:26:59.4666548Z Collecting PyJWT>=2.9.0 (from redis!=4.5.5,<6.0.0,>=4.5.2->celery[redis]==5.4.*->-r services/fees_h10/requirements.txt (line 1))
2025-08-16T22:26:59.4677996Z   Using cached PyJWT-2.10.1-py3-none-any.whl.metadata (4.0 kB)
2025-08-16T22:26:59.4983954Z Collecting prompt-toolkit>=3.0.36 (from click-repl>=0.2.0->celery==5.4.*->celery[redis]==5.4.*->-r services/fees_h10/requirements.txt (line 1))
2025-08-16T22:26:59.4995274Z   Using cached prompt_toolkit-3.0.51-py3-none-any.whl.metadata (6.4 kB)
2025-08-16T22:26:59.5099529Z Collecting wcwidth (from prompt-toolkit>=3.0.36->click-repl>=0.2.0->celery==5.4.*->celery[redis]==5.4.*->-r services/fees_h10/requirements.txt (line 1))
2025-08-16T22:26:59.5109871Z   Using cached wcwidth-0.2.13-py2.py3-none-any.whl.metadata (14 kB)
2025-08-16T22:26:59.5150403Z Requirement already satisfied: six>=1.5 in /opt/hostedtoolcache/Python/3.12.11/x64/lib/python3.12/site-packages (from python-dateutil>=2.8.2->celery==5.4.*->celery[redis]==5.4.*->-r services/fees_h10/requirements.txt (line 1)) (1.17.0)
2025-08-16T22:26:59.5185969Z Using cached celery-5.4.0-py3-none-any.whl (425 kB)
2025-08-16T22:26:59.5200132Z Using cached billiard-4.2.1-py3-none-any.whl (86 kB)
2025-08-16T22:26:59.5211393Z Using cached kombu-5.5.4-py3-none-any.whl (210 kB)
2025-08-16T22:26:59.5223312Z Using cached vine-5.1.0-py3-none-any.whl (9.6 kB)
2025-08-16T22:26:59.5233796Z Using cached amqp-5.3.1-py3-none-any.whl (50 kB)
2025-08-16T22:26:59.5244971Z Using cached redis-5.3.1-py3-none-any.whl (272 kB)
2025-08-16T22:26:59.5257789Z Using cached click_didyoumean-0.3.1-py3-none-any.whl (3.6 kB)
2025-08-16T22:26:59.5267932Z Using cached click_plugins-1.1.1.2-py2.py3-none-any.whl (11 kB)
2025-08-16T22:26:59.5278535Z Using cached click_repl-0.3.0-py3-none-any.whl (10 kB)
2025-08-16T22:26:59.5289070Z Using cached prompt_toolkit-3.0.51-py3-none-any.whl (387 kB)
2025-08-16T22:26:59.5302598Z Using cached PyJWT-2.10.1-py3-none-any.whl (22 kB)
2025-08-16T22:26:59.5313257Z Using cached packaging-25.0-py3-none-any.whl (66 kB)
2025-08-16T22:26:59.5324333Z Using cached wcwidth-0.2.13-py2.py3-none-any.whl (34 kB)
2025-08-16T22:26:59.6513431Z Installing collected packages: wcwidth, vine, PyJWT, prompt-toolkit, packaging, click-plugins, click-didyoumean, billiard, redis, click-repl, amqp, kombu, celery
2025-08-16T22:27:00.8282494Z 
2025-08-16T22:27:00.8355137Z Successfully installed PyJWT-2.10.1 amqp-5.3.1 billiard-4.2.1 celery-5.4.0 click-didyoumean-0.3.1 click-plugins-1.1.1.2 click-repl-0.3.0 kombu-5.5.4 packaging-25.0 prompt-toolkit-3.0.51 redis-5.3.1 vine-5.1.0 wcwidth-0.2.13
2025-08-16T22:27:01.3329103Z Collecting python-telegram-bot==20.8 (from -r services/alert_bot/requirements.txt (line 1))
2025-08-16T22:27:01.3342056Z   Using cached python_telegram_bot-20.8-py3-none-any.whl.metadata (15 kB)
2025-08-16T22:27:01.3518703Z Collecting APScheduler==3.10.4 (from -r services/alert_bot/requirements.txt (line 2))
2025-08-16T22:27:01.3530423Z   Using cached APScheduler-3.10.4-py3-none-any.whl.metadata (5.7 kB)
2025-08-16T22:27:01.3573816Z Requirement already satisfied: asyncpg in /opt/hostedtoolcache/Python/3.12.11/x64/lib/python3.12/site-packages (from -r services/alert_bot/requirements.txt (line 3)) (0.29.0)
2025-08-16T22:27:01.3746304Z Collecting httpx~=0.26.0 (from python-telegram-bot==20.8->-r services/alert_bot/requirements.txt (line 1))
2025-08-16T22:27:01.3757986Z   Using cached httpx-0.26.0-py3-none-any.whl.metadata (7.6 kB)
2025-08-16T22:27:01.3797783Z Requirement already satisfied: six>=1.4.0 in /opt/hostedtoolcache/Python/3.12.11/x64/lib/python3.12/site-packages (from APScheduler==3.10.4->-r services/alert_bot/requirements.txt (line 2)) (1.17.0)
2025-08-16T22:27:01.3802237Z Requirement already satisfied: pytz in /opt/hostedtoolcache/Python/3.12.11/x64/lib/python3.12/site-packages (from APScheduler==3.10.4->-r services/alert_bot/requirements.txt (line 2)) (2025.2)
2025-08-16T22:27:01.3926141Z Collecting tzlocal!=3.*,>=2.0 (from APScheduler==3.10.4->-r services/alert_bot/requirements.txt (line 2))
2025-08-16T22:27:01.3937118Z   Using cached tzlocal-5.3.1-py3-none-any.whl.metadata (7.6 kB)
2025-08-16T22:27:01.3968598Z Requirement already satisfied: anyio in /opt/hostedtoolcache/Python/3.12.11/x64/lib/python3.12/site-packages (from httpx~=0.26.0->python-telegram-bot==20.8->-r services/alert_bot/requirements.txt (line 1)) (4.10.0)
2025-08-16T22:27:01.3972559Z Requirement already satisfied: certifi in /opt/hostedtoolcache/Python/3.12.11/x64/lib/python3.12/site-packages (from httpx~=0.26.0->python-telegram-bot==20.8->-r services/alert_bot/requirements.txt (line 1)) (2025.8.3)
2025-08-16T22:27:01.3976757Z Requirement already satisfied: httpcore==1.* in /opt/hostedtoolcache/Python/3.12.11/x64/lib/python3.12/site-packages (from httpx~=0.26.0->python-telegram-bot==20.8->-r services/alert_bot/requirements.txt (line 1)) (1.0.9)
2025-08-16T22:27:01.3980105Z Requirement already satisfied: idna in /opt/hostedtoolcache/Python/3.12.11/x64/lib/python3.12/site-packages (from httpx~=0.26.0->python-telegram-bot==20.8->-r services/alert_bot/requirements.txt (line 1)) (3.10)
2025-08-16T22:27:01.3983591Z Requirement already satisfied: sniffio in /opt/hostedtoolcache/Python/3.12.11/x64/lib/python3.12/site-packages (from httpx~=0.26.0->python-telegram-bot==20.8->-r services/alert_bot/requirements.txt (line 1)) (1.3.1)
2025-08-16T22:27:01.3998471Z Requirement already satisfied: h11>=0.16 in /opt/hostedtoolcache/Python/3.12.11/x64/lib/python3.12/site-packages (from httpcore==1.*->httpx~=0.26.0->python-telegram-bot==20.8->-r services/alert_bot/requirements.txt (line 1)) (0.16.0)
2025-08-16T22:27:01.4048387Z Requirement already satisfied: typing_extensions>=4.5 in /opt/hostedtoolcache/Python/3.12.11/x64/lib/python3.12/site-packages (from anyio->httpx~=0.26.0->python-telegram-bot==20.8->-r services/alert_bot/requirements.txt (line 1)) (4.14.1)
2025-08-16T22:27:01.4098916Z Using cached python_telegram_bot-20.8-py3-none-any.whl (604 kB)
2025-08-16T22:27:01.4115046Z Using cached APScheduler-3.10.4-py3-none-any.whl (59 kB)
2025-08-16T22:27:01.4125922Z Using cached httpx-0.26.0-py3-none-any.whl (75 kB)
2025-08-16T22:27:01.4136772Z Using cached tzlocal-5.3.1-py3-none-any.whl (18 kB)
2025-08-16T22:27:01.5398163Z Installing collected packages: tzlocal, httpx, APScheduler, python-telegram-bot
2025-08-16T22:27:01.5518985Z   Attempting uninstall: httpx
2025-08-16T22:27:01.5548372Z     Found existing installation: httpx 0.27.2
2025-08-16T22:27:01.5585606Z     Uninstalling httpx-0.27.2:
2025-08-16T22:27:01.5598796Z       Successfully uninstalled httpx-0.27.2
2025-08-16T22:27:01.9780761Z 
2025-08-16T22:27:01.9853741Z Successfully installed APScheduler-3.10.4 httpx-0.26.0 python-telegram-bot-20.8 tzlocal-5.3.1
2025-08-16T22:27:02.4844035Z Collecting Jinja2==3.1.6 (from -r requirements-dev.txt (line 2))
2025-08-16T22:27:02.4858697Z   Using cached jinja2-3.1.6-py3-none-any.whl.metadata (2.9 kB)
2025-08-16T22:27:02.4881868Z Requirement already satisfied: alembic==1.13.1 in /opt/hostedtoolcache/Python/3.12.11/x64/lib/python3.12/site-packages (from -r requirements-dev.txt (line 3)) (1.13.1)
2025-08-16T22:27:02.4887024Z Requirement already satisfied: apscheduler==3.10.4 in /opt/hostedtoolcache/Python/3.12.11/x64/lib/python3.12/site-packages (from -r requirements-dev.txt (line 4)) (3.10.4)
2025-08-16T22:27:02.5263551Z Collecting asyncpg==0.30.0 (from -r requirements-dev.txt (line 5))
2025-08-16T22:27:02.5277116Z   Using cached asyncpg-0.30.0-cp312-cp312-manylinux_2_17_x86_64.manylinux2014_x86_64.whl.metadata (5.0 kB)
2025-08-16T22:27:02.5724571Z Collecting black==25.1.0 (from -r requirements-dev.txt (line 6))
2025-08-16T22:27:02.5737912Z   Using cached black-25.1.0-cp312-cp312-manylinux_2_17_x86_64.manylinux2014_x86_64.manylinux_2_28_x86_64.whl.metadata (81 kB)
2025-08-16T22:27:02.5820033Z Requirement already satisfied: boto3 in /opt/hostedtoolcache/Python/3.12.11/x64/lib/python3.12/site-packages (from -r requirements-dev.txt (line 7)) (1.34.162)
2025-08-16T22:27:02.5824672Z Requirement already satisfied: celery==5.4.0 in /opt/hostedtoolcache/Python/3.12.11/x64/lib/python3.12/site-packages (from -r requirements-dev.txt (line 8)) (5.4.0)
2025-08-16T22:27:02.6324891Z Collecting fastapi==0.116.1 (from -r requirements-dev.txt (line 9))
2025-08-16T22:27:02.6337144Z   Using cached fastapi-0.116.1-py3-none-any.whl.metadata (28 kB)
2025-08-16T22:27:02.6573206Z Collecting httpx<0.29,>=0.27 (from -r requirements-dev.txt (line 11))
2025-08-16T22:27:02.6584709Z   Using cached httpx-0.28.1-py3-none-any.whl.metadata (7.1 kB)
2025-08-16T22:27:02.7308681Z Collecting imapclient==3.0.1 (from -r requirements-dev.txt (line 12))
2025-08-16T22:27:02.7321793Z   Using cached IMAPClient-3.0.1-py2.py3-none-any.whl.metadata (1.7 kB)
2025-08-16T22:27:02.7438082Z Collecting itsdangerous (from -r requirements-dev.txt (line 13))
2025-08-16T22:27:02.7450182Z   Using cached itsdangerous-2.2.0-py3-none-any.whl.metadata (1.9 kB)
2025-08-16T22:27:02.8433679Z Collecting mypy==1.* (from -r requirements-dev.txt (line 14))
2025-08-16T22:27:02.8448107Z   Using cached mypy-1.17.1-cp312-cp312-manylinux2014_x86_64.manylinux_2_17_x86_64.manylinux_2_28_x86_64.whl.metadata (2.2 kB)
2025-08-16T22:27:02.8549854Z Collecting mypy-extensions==1.1.0 (from -r requirements-dev.txt (line 15))
2025-08-16T22:27:02.8562306Z   Using cached mypy_extensions-1.1.0-py3-none-any.whl.metadata (1.1 kB)
2025-08-16T22:27:02.8699961Z Collecting openpyxl==3.1.5 (from -r requirements-dev.txt (line 16))
2025-08-16T22:27:02.8712091Z   Using cached openpyxl-3.1.5-py2.py3-none-any.whl.metadata (2.5 kB)
2025-08-16T22:27:02.8729628Z Requirement already satisfied: pandas==2.3.1 in /opt/hostedtoolcache/Python/3.12.11/x64/lib/python3.12/site-packages (from -r requirements-dev.txt (line 17)) (2.3.1)
2025-08-16T22:27:02.9335188Z Collecting psycopg2-binary==2.9.9 (from -r requirements-dev.txt (line 18))
2025-08-16T22:27:02.9348328Z   Using cached psycopg2_binary-2.9.9-cp312-cp312-manylinux_2_17_x86_64.manylinux2014_x86_64.whl.metadata (4.4 kB)
2025-08-16T22:27:02.9368834Z Requirement already satisfied: psycopg==3.2.9 in /opt/hostedtoolcache/Python/3.12.11/x64/lib/python3.12/site-packages (from psycopg[binary]==3.2.9->-r requirements-dev.txt (line 19)) (3.2.9)
2025-08-16T22:27:02.9374064Z Requirement already satisfied: pydantic==2.11.7 in /opt/hostedtoolcache/Python/3.12.11/x64/lib/python3.12/site-packages (from -r requirements-dev.txt (line 20)) (2.11.7)
2025-08-16T22:27:03.0526408Z Collecting setuptools (from -r requirements-dev.txt (line 21))
2025-08-16T22:27:03.0539477Z   Using cached setuptools-80.9.0-py3-none-any.whl.metadata (6.6 kB)
2025-08-16T22:27:03.0802715Z Collecting pytest-asyncio==0.23.6 (from -r requirements-dev.txt (line 22))
2025-08-16T22:27:03.0814638Z   Using cached pytest_asyncio-0.23.6-py3-none-any.whl.metadata (3.9 kB)
2025-08-16T22:27:03.0953811Z Collecting pytest-cov==6.2.1 (from -r requirements-dev.txt (line 23))
2025-08-16T22:27:03.0965518Z   Using cached pytest_cov-6.2.1-py3-none-any.whl.metadata (30 kB)
2025-08-16T22:27:03.1794976Z Collecting pytest-postgresql==7.0.2 (from -r requirements-dev.txt (line 24))
2025-08-16T22:27:03.1806618Z   Using cached pytest_postgresql-7.0.2-py3-none-any.whl.metadata (18 kB)
2025-08-16T22:27:03.1837590Z Requirement already satisfied: python-dotenv in /opt/hostedtoolcache/Python/3.12.11/x64/lib/python3.12/site-packages (from -r requirements-dev.txt (line 25)) (1.1.1)
2025-08-16T22:27:03.1841611Z Requirement already satisfied: python-multipart in /opt/hostedtoolcache/Python/3.12.11/x64/lib/python3.12/site-packages (from -r requirements-dev.txt (line 26)) (0.0.20)
2025-08-16T22:27:03.2184570Z Collecting python-telegram-bot==22.2 (from -r requirements-dev.txt (line 27))
2025-08-16T22:27:03.2196603Z   Using cached python_telegram_bot-22.2-py3-none-any.whl.metadata (17 kB)
2025-08-16T22:27:03.2259456Z Requirement already satisfied: requests==2.32.4 in /opt/hostedtoolcache/Python/3.12.11/x64/lib/python3.12/site-packages (from -r requirements-dev.txt (line 28)) (2.32.4)
2025-08-16T22:27:03.2383274Z Collecting respx==0.22.0 (from -r requirements-dev.txt (line 29))
2025-08-16T22:27:03.2394930Z   Using cached respx-0.22.0-py2.py3-none-any.whl.metadata (4.1 kB)
2025-08-16T22:27:03.6143019Z Collecting ruff==0.4.4 (from -r requirements-dev.txt (line 30))
2025-08-16T22:27:03.6156499Z   Using cached ruff-0.4.4-py3-none-manylinux_2_17_x86_64.manylinux2014_x86_64.whl.metadata (23 kB)
2025-08-16T22:27:03.6188642Z Requirement already satisfied: sqlalchemy==2.0.29 in /opt/hostedtoolcache/Python/3.12.11/x64/lib/python3.12/site-packages (from -r requirements-dev.txt (line 31)) (2.0.29)
2025-08-16T22:27:03.6328655Z Collecting testcontainers==4.10.0 (from testcontainers[postgres]==4.10.0->-r requirements-dev.txt (line 32))
2025-08-16T22:27:03.6341226Z   Using cached testcontainers-4.10.0-py3-none-any.whl.metadata (7.8 kB)
2025-08-16T22:27:03.6684803Z Collecting types-requests==2.32.0.20240602 (from -r requirements-dev.txt (line 33))
2025-08-16T22:27:03.6696563Z   Using cached types_requests-2.32.0.20240602-py3-none-any.whl.metadata (1.8 kB)
2025-08-16T22:27:03.7420305Z Collecting docspec-python==2.2.2 (from -r requirements-dev.txt (line 34))
2025-08-16T22:27:03.7432758Z   Using cached docspec_python-2.2.2-py3-none-any.whl.metadata (1.0 kB)
2025-08-16T22:27:03.8262291Z Collecting pydoc-markdown==4.8.2 (from -r requirements-dev.txt (line 35))
2025-08-16T22:27:03.8274391Z   Using cached pydoc_markdown-4.8.2-py3-none-any.whl.metadata (5.9 kB)
2025-08-16T22:27:03.8320783Z Requirement already satisfied: MarkupSafe>=2.0 in /opt/hostedtoolcache/Python/3.12.11/x64/lib/python3.12/site-packages (from Jinja2==3.1.6->-r requirements-dev.txt (line 2)) (3.0.2)
2025-08-16T22:27:03.8336849Z Requirement already satisfied: Mako in /opt/hostedtoolcache/Python/3.12.11/x64/lib/python3.12/site-packages (from alembic==1.13.1->-r requirements-dev.txt (line 3)) (1.3.10)
2025-08-16T22:27:03.8342863Z Requirement already satisfied: typing-extensions>=4 in /opt/hostedtoolcache/Python/3.12.11/x64/lib/python3.12/site-packages (from alembic==1.13.1->-r requirements-dev.txt (line 3)) (4.14.1)
2025-08-16T22:27:03.8360583Z Requirement already satisfied: six>=1.4.0 in /opt/hostedtoolcache/Python/3.12.11/x64/lib/python3.12/site-packages (from apscheduler==3.10.4->-r requirements-dev.txt (line 4)) (1.17.0)
2025-08-16T22:27:03.8364595Z Requirement already satisfied: pytz in /opt/hostedtoolcache/Python/3.12.11/x64/lib/python3.12/site-packages (from apscheduler==3.10.4->-r requirements-dev.txt (line 4)) (2025.2)
2025-08-16T22:27:03.8371525Z Requirement already satisfied: tzlocal!=3.*,>=2.0 in /opt/hostedtoolcache/Python/3.12.11/x64/lib/python3.12/site-packages (from apscheduler==3.10.4->-r requirements-dev.txt (line 4)) (5.3.1)
2025-08-16T22:27:03.8405356Z Requirement already satisfied: click>=8.0.0 in /opt/hostedtoolcache/Python/3.12.11/x64/lib/python3.12/site-packages (from black==25.1.0->-r requirements-dev.txt (line 6)) (8.2.1)
2025-08-16T22:27:03.8418220Z Requirement already satisfied: packaging>=22.0 in /opt/hostedtoolcache/Python/3.12.11/x64/lib/python3.12/site-packages (from black==25.1.0->-r requirements-dev.txt (line 6)) (25.0)
2025-08-16T22:27:03.8504479Z Collecting pathspec>=0.9.0 (from black==25.1.0->-r requirements-dev.txt (line 6))
2025-08-16T22:27:03.8516236Z   Using cached pathspec-0.12.1-py3-none-any.whl.metadata (21 kB)
2025-08-16T22:27:03.8684048Z Collecting platformdirs>=2 (from black==25.1.0->-r requirements-dev.txt (line 6))
2025-08-16T22:27:03.8695668Z   Using cached platformdirs-4.3.8-py3-none-any.whl.metadata (12 kB)
2025-08-16T22:27:03.8748050Z Requirement already satisfied: billiard<5.0,>=4.2.0 in /opt/hostedtoolcache/Python/3.12.11/x64/lib/python3.12/site-packages (from celery==5.4.0->-r requirements-dev.txt (line 8)) (4.2.1)
2025-08-16T22:27:03.8754667Z Requirement already satisfied: kombu<6.0,>=5.3.4 in /opt/hostedtoolcache/Python/3.12.11/x64/lib/python3.12/site-packages (from celery==5.4.0->-r requirements-dev.txt (line 8)) (5.5.4)
2025-08-16T22:27:03.8761401Z Requirement already satisfied: vine<6.0,>=5.1.0 in /opt/hostedtoolcache/Python/3.12.11/x64/lib/python3.12/site-packages (from celery==5.4.0->-r requirements-dev.txt (line 8)) (5.1.0)
2025-08-16T22:27:03.8770694Z Requirement already satisfied: click-didyoumean>=0.3.0 in /opt/hostedtoolcache/Python/3.12.11/x64/lib/python3.12/site-packages (from celery==5.4.0->-r requirements-dev.txt (line 8)) (0.3.1)
2025-08-16T22:27:03.8776299Z Requirement already satisfied: click-repl>=0.2.0 in /opt/hostedtoolcache/Python/3.12.11/x64/lib/python3.12/site-packages (from celery==5.4.0->-r requirements-dev.txt (line 8)) (0.3.0)
2025-08-16T22:27:03.8782474Z Requirement already satisfied: click-plugins>=1.1.1 in /opt/hostedtoolcache/Python/3.12.11/x64/lib/python3.12/site-packages (from celery==5.4.0->-r requirements-dev.txt (line 8)) (1.1.1.2)
2025-08-16T22:27:03.8788389Z Requirement already satisfied: tzdata>=2022.7 in /opt/hostedtoolcache/Python/3.12.11/x64/lib/python3.12/site-packages (from celery==5.4.0->-r requirements-dev.txt (line 8)) (2025.2)
2025-08-16T22:27:03.8794271Z Requirement already satisfied: python-dateutil>=2.8.2 in /opt/hostedtoolcache/Python/3.12.11/x64/lib/python3.12/site-packages (from celery==5.4.0->-r requirements-dev.txt (line 8)) (2.9.0.post0)
2025-08-16T22:27:03.9109422Z Collecting starlette<0.48.0,>=0.40.0 (from fastapi==0.116.1->-r requirements-dev.txt (line 9))
2025-08-16T22:27:03.9121148Z   Using cached starlette-0.47.2-py3-none-any.whl.metadata (6.2 kB)
2025-08-16T22:27:03.9168256Z Requirement already satisfied: annotated-types>=0.6.0 in /opt/hostedtoolcache/Python/3.12.11/x64/lib/python3.12/site-packages (from pydantic==2.11.7->-r requirements-dev.txt (line 20)) (0.7.0)
2025-08-16T22:27:03.9172923Z Requirement already satisfied: pydantic-core==2.33.2 in /opt/hostedtoolcache/Python/3.12.11/x64/lib/python3.12/site-packages (from pydantic==2.11.7->-r requirements-dev.txt (line 20)) (2.33.2)
2025-08-16T22:27:03.9180151Z Requirement already satisfied: typing-inspection>=0.4.0 in /opt/hostedtoolcache/Python/3.12.11/x64/lib/python3.12/site-packages (from pydantic==2.11.7->-r requirements-dev.txt (line 20)) (0.4.1)
2025-08-16T22:27:03.9261947Z Collecting et-xmlfile (from openpyxl==3.1.5->-r requirements-dev.txt (line 16))
2025-08-16T22:27:03.9273257Z   Using cached et_xmlfile-2.0.0-py3-none-any.whl.metadata (2.7 kB)
2025-08-16T22:27:03.9338837Z Requirement already satisfied: numpy>=1.26.0 in /opt/hostedtoolcache/Python/3.12.11/x64/lib/python3.12/site-packages (from pandas==2.3.1->-r requirements-dev.txt (line 17)) (2.3.2)
2025-08-16T22:27:03.9838428Z Collecting pytest<9,>=7.0.0 (from pytest-asyncio==0.23.6->-r requirements-dev.txt (line 22))
2025-08-16T22:27:03.9850230Z   Using cached pytest-8.4.1-py3-none-any.whl.metadata (7.7 kB)
2025-08-16T22:27:04.3003306Z Collecting coverage>=7.5 (from coverage[toml]>=7.5->pytest-cov==6.2.1->-r requirements-dev.txt (line 23))
2025-08-16T22:27:04.3016685Z   Using cached coverage-7.10.3-cp312-cp312-manylinux1_x86_64.manylinux_2_28_x86_64.manylinux_2_5_x86_64.whl.metadata (8.9 kB)
2025-08-16T22:27:04.3127287Z Collecting pluggy>=1.2 (from pytest-cov==6.2.1->-r requirements-dev.txt (line 23))
2025-08-16T22:27:04.3138962Z   Using cached pluggy-1.6.0-py3-none-any.whl.metadata (4.8 kB)
2025-08-16T22:27:04.3418155Z Collecting port-for>=0.7.3 (from pytest-postgresql==7.0.2->-r requirements-dev.txt (line 24))
2025-08-16T22:27:04.3429500Z   Using cached port_for-0.7.4-py3-none-any.whl.metadata (7.1 kB)
2025-08-16T22:27:04.4242440Z Collecting mirakuru>=2.6.0 (from pytest-postgresql==7.0.2->-r requirements-dev.txt (line 24))
2025-08-16T22:27:04.4253896Z   Using cached mirakuru-2.6.1-py3-none-any.whl.metadata (10 kB)
2025-08-16T22:27:04.4307848Z Requirement already satisfied: charset_normalizer<4,>=2 in /opt/hostedtoolcache/Python/3.12.11/x64/lib/python3.12/site-packages (from requests==2.32.4->-r requirements-dev.txt (line 28)) (3.4.3)
2025-08-16T22:27:04.4313156Z Requirement already satisfied: idna<4,>=2.5 in /opt/hostedtoolcache/Python/3.12.11/x64/lib/python3.12/site-packages (from requests==2.32.4->-r requirements-dev.txt (line 28)) (3.10)
2025-08-16T22:27:04.4318329Z Requirement already satisfied: urllib3<3,>=1.21.1 in /opt/hostedtoolcache/Python/3.12.11/x64/lib/python3.12/site-packages (from requests==2.32.4->-r requirements-dev.txt (line 28)) (2.5.0)
2025-08-16T22:27:04.4322934Z Requirement already satisfied: certifi>=2017.4.17 in /opt/hostedtoolcache/Python/3.12.11/x64/lib/python3.12/site-packages (from requests==2.32.4->-r requirements-dev.txt (line 28)) (2025.8.3)
2025-08-16T22:27:04.4438488Z Requirement already satisfied: greenlet!=0.4.17 in /opt/hostedtoolcache/Python/3.12.11/x64/lib/python3.12/site-packages (from sqlalchemy==2.0.29->-r requirements-dev.txt (line 31)) (3.2.4)
2025-08-16T22:27:04.4647097Z Collecting docker (from testcontainers==4.10.0->testcontainers[postgres]==4.10.0->-r requirements-dev.txt (line 32))
2025-08-16T22:27:04.4657921Z   Using cached docker-7.1.0-py3-none-any.whl.metadata (3.8 kB)
2025-08-16T22:27:04.5890253Z Collecting wrapt (from testcontainers==4.10.0->testcontainers[postgres]==4.10.0->-r requirements-dev.txt (line 32))
2025-08-16T22:27:04.5902752Z   Using cached wrapt-1.17.3-cp312-cp312-manylinux1_x86_64.manylinux_2_28_x86_64.manylinux_2_5_x86_64.whl.metadata (6.4 kB)
2025-08-16T22:27:04.6727734Z Collecting docspec==2.2.1 (from docspec-python==2.2.2->-r requirements-dev.txt (line 34))
2025-08-16T22:27:04.6738695Z   Using cached docspec-2.2.1-py3-none-any.whl.metadata (1.5 kB)
2025-08-16T22:27:04.7525437Z Collecting nr-util>=0.8.12 (from docspec-python==2.2.2->-r requirements-dev.txt (line 34))
2025-08-16T22:27:04.7536559Z   Using cached nr.util-0.8.12-py3-none-any.whl.metadata (813 bytes)
2025-08-16T22:27:04.7567111Z Requirement already satisfied: PyYAML<7.0,>=5.0 in /opt/hostedtoolcache/Python/3.12.11/x64/lib/python3.12/site-packages (from pydoc-markdown==4.8.2->-r requirements-dev.txt (line 35)) (6.0.2)
2025-08-16T22:27:04.8422456Z Collecting databind.core<5.0.0,>=4.4.0 (from pydoc-markdown==4.8.2->-r requirements-dev.txt (line 35))
2025-08-16T22:27:04.8433558Z   Using cached databind.core-4.5.2-py3-none-any.whl.metadata (1.1 kB)
2025-08-16T22:27:04.9626599Z Collecting databind.json<5.0.0,>=4.4.0 (from pydoc-markdown==4.8.2->-r requirements-dev.txt (line 35))
2025-08-16T22:27:04.9638172Z   Using cached databind.json-4.5.2-py3-none-any.whl.metadata (1.1 kB)
2025-08-16T22:27:04.9782558Z Collecting docstring-parser<0.12,>=0.11 (from pydoc-markdown==4.8.2->-r requirements-dev.txt (line 35))
2025-08-16T22:27:04.9783774Z   Using cached docstring_parser-0.11-py3-none-any.whl
2025-08-16T22:27:05.0000031Z Collecting tomli<3.0.0,>=2.0.0 (from pydoc-markdown==4.8.2->-r requirements-dev.txt (line 35))
2025-08-16T22:27:05.0011576Z   Using cached tomli-2.2.1-cp312-cp312-manylinux_2_17_x86_64.manylinux2014_x86_64.whl.metadata (11 kB)
2025-08-16T22:27:05.0114669Z Collecting tomli_w<2.0.0,>=1.0.0 (from pydoc-markdown==4.8.2->-r requirements-dev.txt (line 35))
2025-08-16T22:27:05.0125862Z   Using cached tomli_w-1.2.0-py3-none-any.whl.metadata (5.7 kB)
2025-08-16T22:27:05.0541957Z Collecting watchdog (from pydoc-markdown==4.8.2->-r requirements-dev.txt (line 35))
2025-08-16T22:27:05.0553273Z   Using cached watchdog-6.0.0-py3-none-manylinux2014_x86_64.whl.metadata (44 kB)
2025-08-16T22:27:05.0749270Z Collecting yapf>=0.30.0 (from pydoc-markdown==4.8.2->-r requirements-dev.txt (line 35))
2025-08-16T22:27:05.0760234Z   Using cached yapf-0.43.0-py3-none-any.whl.metadata (46 kB)
2025-08-16T22:27:05.0941127Z Collecting Deprecated<2.0.0,>=1.2.12 (from docspec==2.2.1->docspec-python==2.2.2->-r requirements-dev.txt (line 34))
2025-08-16T22:27:05.0952274Z   Using cached Deprecated-1.2.18-py2.py3-none-any.whl.metadata (5.7 kB)
2025-08-16T22:27:05.1093053Z Requirement already satisfied: psycopg-binary==3.2.9 in /opt/hostedtoolcache/Python/3.12.11/x64/lib/python3.12/site-packages (from psycopg[binary]==3.2.9->-r requirements-dev.txt (line 19)) (3.2.9)
2025-08-16T22:27:05.1161453Z Requirement already satisfied: anyio in /opt/hostedtoolcache/Python/3.12.11/x64/lib/python3.12/site-packages (from httpx<0.29,>=0.27->-r requirements-dev.txt (line 11)) (4.10.0)
2025-08-16T22:27:05.1168183Z Requirement already satisfied: httpcore==1.* in /opt/hostedtoolcache/Python/3.12.11/x64/lib/python3.12/site-packages (from httpx<0.29,>=0.27->-r requirements-dev.txt (line 11)) (1.0.9)
2025-08-16T22:27:05.2084321Z Collecting databind<5.0.0,>=4.5.2 (from databind.core<5.0.0,>=4.4.0->pydoc-markdown==4.8.2->-r requirements-dev.txt (line 35))
2025-08-16T22:27:05.2096366Z   Using cached databind-4.5.2-py3-none-any.whl.metadata (4.3 kB)
2025-08-16T22:27:05.2900063Z Collecting nr-date<3.0.0,>=2.0.0 (from databind<5.0.0,>=4.5.2->databind.core<5.0.0,>=4.4.0->pydoc-markdown==4.8.2->-r requirements-dev.txt (line 35))
2025-08-16T22:27:05.2912512Z   Using cached nr_date-2.1.0-py3-none-any.whl.metadata (746 bytes)
2025-08-16T22:27:05.3682421Z Collecting nr-stream<2.0.0,>=1.0.0 (from databind<5.0.0,>=4.5.2->databind.core<5.0.0,>=4.4.0->pydoc-markdown==4.8.2->-r requirements-dev.txt (line 35))
2025-08-16T22:27:05.3694432Z   Using cached nr_stream-1.1.5-py3-none-any.whl.metadata (3.6 kB)
2025-08-16T22:27:05.4459597Z Collecting typeapi<3,>=2.0.1 (from databind<5.0.0,>=4.5.2->databind.core<5.0.0,>=4.4.0->pydoc-markdown==4.8.2->-r requirements-dev.txt (line 35))
2025-08-16T22:27:05.4470849Z   Using cached typeapi-2.2.4-py3-none-any.whl.metadata (1.5 kB)
2025-08-16T22:27:05.4600929Z Requirement already satisfied: h11>=0.16 in /opt/hostedtoolcache/Python/3.12.11/x64/lib/python3.12/site-packages (from httpcore==1.*->httpx<0.29,>=0.27->-r requirements-dev.txt (line 11)) (0.16.0)
2025-08-16T22:27:05.4640559Z Requirement already satisfied: amqp<6.0.0,>=5.1.1 in /opt/hostedtoolcache/Python/3.12.11/x64/lib/python3.12/site-packages (from kombu<6.0,>=5.3.4->celery==5.4.0->-r requirements-dev.txt (line 8)) (5.3.1)
2025-08-16T22:27:05.4891098Z Collecting iniconfig>=1 (from pytest<9,>=7.0.0->pytest-asyncio==0.23.6->-r requirements-dev.txt (line 22))
2025-08-16T22:27:05.4902348Z   Using cached iniconfig-2.1.0-py3-none-any.whl.metadata (2.7 kB)
2025-08-16T22:27:05.4937917Z Requirement already satisfied: pygments>=2.7.2 in /opt/hostedtoolcache/Python/3.12.11/x64/lib/python3.12/site-packages (from pytest<9,>=7.0.0->pytest-asyncio==0.23.6->-r requirements-dev.txt (line 22)) (2.19.2)
2025-08-16T22:27:05.5021633Z Requirement already satisfied: sniffio>=1.1 in /opt/hostedtoolcache/Python/3.12.11/x64/lib/python3.12/site-packages (from anyio->httpx<0.29,>=0.27->-r requirements-dev.txt (line 11)) (1.3.1)
2025-08-16T22:27:05.5166451Z Requirement already satisfied: botocore<1.35.0,>=1.34.162 in /opt/hostedtoolcache/Python/3.12.11/x64/lib/python3.12/site-packages (from boto3->-r requirements-dev.txt (line 7)) (1.34.162)
2025-08-16T22:27:05.5173611Z Requirement already satisfied: jmespath<2.0.0,>=0.7.1 in /opt/hostedtoolcache/Python/3.12.11/x64/lib/python3.12/site-packages (from boto3->-r requirements-dev.txt (line 7)) (1.0.1)
2025-08-16T22:27:05.5180340Z Requirement already satisfied: s3transfer<0.11.0,>=0.10.0 in /opt/hostedtoolcache/Python/3.12.11/x64/lib/python3.12/site-packages (from boto3->-r requirements-dev.txt (line 7)) (0.10.4)
2025-08-16T22:27:05.5292835Z Requirement already satisfied: fastapi-cli>=0.0.8 in /opt/hostedtoolcache/Python/3.12.11/x64/lib/python3.12/site-packages (from fastapi-cli[standard]>=0.0.8; extra == "all"->fastapi[all]->-r requirements-dev.txt (line 10)) (0.0.8)
2025-08-16T22:27:05.5419725Z Requirement already satisfied: ujson!=4.0.2,!=4.1.0,!=4.2.0,!=4.3.0,!=5.0.0,!=5.1.0,>=4.0.1 in /opt/hostedtoolcache/Python/3.12.11/x64/lib/python3.12/site-packages (from fastapi[all]->-r requirements-dev.txt (line 10)) (5.10.0)
2025-08-16T22:27:05.5425818Z Requirement already satisfied: orjson>=3.2.1 in /opt/hostedtoolcache/Python/3.12.11/x64/lib/python3.12/site-packages (from fastapi[all]->-r requirements-dev.txt (line 10)) (3.11.2)
2025-08-16T22:27:05.5431917Z Requirement already satisfied: email-validator>=2.0.0 in /opt/hostedtoolcache/Python/3.12.11/x64/lib/python3.12/site-packages (from fastapi[all]->-r requirements-dev.txt (line 10)) (2.2.0)
2025-08-16T22:27:05.5439760Z Requirement already satisfied: uvicorn>=0.12.0 in /opt/hostedtoolcache/Python/3.12.11/x64/lib/python3.12/site-packages (from uvicorn[standard]>=0.12.0; extra == "all"->fastapi[all]->-r requirements-dev.txt (line 10)) (0.29.0)
2025-08-16T22:27:05.5448737Z Requirement already satisfied: pydantic-settings>=2.0.0 in /opt/hostedtoolcache/Python/3.12.11/x64/lib/python3.12/site-packages (from fastapi[all]->-r requirements-dev.txt (line 10)) (2.2.1)
2025-08-16T22:27:05.5562473Z Collecting pydantic-extra-types>=2.0.0 (from fastapi[all]->-r requirements-dev.txt (line 10))
2025-08-16T22:27:05.5574493Z   Using cached pydantic_extra_types-2.10.5-py3-none-any.whl.metadata (3.9 kB)
2025-08-16T22:27:05.5806827Z Requirement already satisfied: prompt-toolkit>=3.0.36 in /opt/hostedtoolcache/Python/3.12.11/x64/lib/python3.12/site-packages (from click-repl>=0.2.0->celery==5.4.0->-r requirements-dev.txt (line 8)) (3.0.51)
2025-08-16T22:27:05.5874820Z Requirement already satisfied: dnspython>=2.0.0 in /opt/hostedtoolcache/Python/3.12.11/x64/lib/python3.12/site-packages (from email-validator>=2.0.0->fastapi[all]->-r requirements-dev.txt (line 10)) (2.7.0)
2025-08-16T22:27:05.5941083Z Requirement already satisfied: typer>=0.15.1 in /opt/hostedtoolcache/Python/3.12.11/x64/lib/python3.12/site-packages (from fastapi-cli>=0.0.8->fastapi-cli[standard]>=0.0.8; extra == "all"->fastapi[all]->-r requirements-dev.txt (line 10)) (0.16.0)
2025-08-16T22:27:05.5951263Z Requirement already satisfied: rich-toolkit>=0.14.8 in /opt/hostedtoolcache/Python/3.12.11/x64/lib/python3.12/site-packages (from fastapi-cli>=0.0.8->fastapi-cli[standard]>=0.0.8; extra == "all"->fastapi[all]->-r requirements-dev.txt (line 10)) (0.15.0)
2025-08-16T22:27:05.6064384Z Collecting fastapi-cloud-cli>=0.1.1 (from fastapi-cli[standard]>=0.0.8; extra == "all"->fastapi[all]->-r requirements-dev.txt (line 10))
2025-08-16T22:27:05.6075930Z   Using cached fastapi_cloud_cli-0.1.5-py3-none-any.whl.metadata (3.2 kB)
2025-08-16T22:27:05.6772874Z Collecting rignore>=0.5.1 (from fastapi-cloud-cli>=0.1.1->fastapi-cli[standard]>=0.0.8; extra == "all"->fastapi[all]->-r requirements-dev.txt (line 10))
2025-08-16T22:27:05.6784748Z   Using cached rignore-0.6.4-cp312-cp312-manylinux_2_17_x86_64.manylinux2014_x86_64.whl.metadata (3.8 kB)
2025-08-16T22:27:05.7335733Z Collecting sentry-sdk>=2.20.0 (from fastapi-cloud-cli>=0.1.1->fastapi-cli[standard]>=0.0.8; extra == "all"->fastapi[all]->-r requirements-dev.txt (line 10))
2025-08-16T22:27:05.7640331Z   Downloading sentry_sdk-2.35.0-py2.py3-none-any.whl.metadata (10 kB)
2025-08-16T22:27:05.8555489Z Collecting psutil>=4.0.0 (from mirakuru>=2.6.0->pytest-postgresql==7.0.2->-r requirements-dev.txt (line 24))
2025-08-16T22:27:05.8567994Z   Using cached psutil-7.0.0-cp36-abi3-manylinux_2_12_x86_64.manylinux2010_x86_64.manylinux_2_17_x86_64.manylinux2014_x86_64.whl.metadata (22 kB)
2025-08-16T22:27:05.8786193Z Requirement already satisfied: wcwidth in /opt/hostedtoolcache/Python/3.12.11/x64/lib/python3.12/site-packages (from prompt-toolkit>=3.0.36->click-repl>=0.2.0->celery==5.4.0->-r requirements-dev.txt (line 8)) (0.2.13)
2025-08-16T22:27:05.8974675Z Requirement already satisfied: rich>=13.7.1 in /opt/hostedtoolcache/Python/3.12.11/x64/lib/python3.12/site-packages (from rich-toolkit>=0.14.8->fastapi-cli>=0.0.8->fastapi-cli[standard]>=0.0.8; extra == "all"->fastapi[all]->-r requirements-dev.txt (line 10)) (14.1.0)
2025-08-16T22:27:05.9010700Z Requirement already satisfied: markdown-it-py>=2.2.0 in /opt/hostedtoolcache/Python/3.12.11/x64/lib/python3.12/site-packages (from rich>=13.7.1->rich-toolkit>=0.14.8->fastapi-cli>=0.0.8->fastapi-cli[standard]>=0.0.8; extra == "all"->fastapi[all]->-r requirements-dev.txt (line 10)) (4.0.0)
2025-08-16T22:27:05.9041609Z Requirement already satisfied: mdurl~=0.1 in /opt/hostedtoolcache/Python/3.12.11/x64/lib/python3.12/site-packages (from markdown-it-py>=2.2.0->rich>=13.7.1->rich-toolkit>=0.14.8->fastapi-cli>=0.0.8->fastapi-cli[standard]>=0.0.8; extra == "all"->fastapi[all]->-r requirements-dev.txt (line 10)) (0.1.2)
2025-08-16T22:27:05.9223559Z Requirement already satisfied: shellingham>=1.3.0 in /opt/hostedtoolcache/Python/3.12.11/x64/lib/python3.12/site-packages (from typer>=0.15.1->fastapi-cli>=0.0.8->fastapi-cli[standard]>=0.0.8; extra == "all"->fastapi[all]->-r requirements-dev.txt (line 10)) (1.5.4)
2025-08-16T22:27:05.9416054Z Requirement already satisfied: httptools>=0.5.0 in /opt/hostedtoolcache/Python/3.12.11/x64/lib/python3.12/site-packages (from uvicorn[standard]>=0.12.0; extra == "all"->fastapi[all]->-r requirements-dev.txt (line 10)) (0.6.4)
2025-08-16T22:27:05.9434842Z Requirement already satisfied: uvloop!=0.15.0,!=0.15.1,>=0.14.0 in /opt/hostedtoolcache/Python/3.12.11/x64/lib/python3.12/site-packages (from uvicorn[standard]>=0.12.0; extra == "all"->fastapi[all]->-r requirements-dev.txt (line 10)) (0.21.0)
2025-08-16T22:27:05.9443225Z Requirement already satisfied: watchfiles>=0.13 in /opt/hostedtoolcache/Python/3.12.11/x64/lib/python3.12/site-packages (from uvicorn[standard]>=0.12.0; extra == "all"->fastapi[all]->-r requirements-dev.txt (line 10)) (1.1.0)
2025-08-16T22:27:05.9451985Z Requirement already satisfied: websockets>=10.4 in /opt/hostedtoolcache/Python/3.12.11/x64/lib/python3.12/site-packages (from uvicorn[standard]>=0.12.0; extra == "all"->fastapi[all]->-r requirements-dev.txt (line 10)) (15.0.1)
2025-08-16T22:27:05.9851517Z Using cached jinja2-3.1.6-py3-none-any.whl (134 kB)
2025-08-16T22:27:05.9865088Z Using cached asyncpg-0.30.0-cp312-cp312-manylinux_2_17_x86_64.manylinux2014_x86_64.whl (3.6 MB)
2025-08-16T22:27:05.9904882Z Using cached black-25.1.0-cp312-cp312-manylinux_2_17_x86_64.manylinux2014_x86_64.manylinux_2_28_x86_64.whl (1.8 MB)
2025-08-16T22:27:05.9929261Z Using cached fastapi-0.116.1-py3-none-any.whl (95 kB)
2025-08-16T22:27:05.9941677Z Using cached IMAPClient-3.0.1-py2.py3-none-any.whl (182 kB)
2025-08-16T22:27:05.9954332Z Using cached mypy_extensions-1.1.0-py3-none-any.whl (5.0 kB)
2025-08-16T22:27:05.9965509Z Using cached openpyxl-3.1.5-py2.py3-none-any.whl (250 kB)
2025-08-16T22:27:05.9979558Z Using cached psycopg2_binary-2.9.9-cp312-cp312-manylinux_2_17_x86_64.manylinux2014_x86_64.whl (3.0 MB)
2025-08-16T22:27:06.0012351Z Using cached pytest_asyncio-0.23.6-py3-none-any.whl (17 kB)
2025-08-16T22:27:06.0023570Z Using cached pytest_cov-6.2.1-py3-none-any.whl (24 kB)
2025-08-16T22:27:06.0034862Z Using cached pytest_postgresql-7.0.2-py3-none-any.whl (41 kB)
2025-08-16T22:27:06.0046334Z Using cached python_telegram_bot-22.2-py3-none-any.whl (708 kB)
2025-08-16T22:27:06.0063041Z Using cached respx-0.22.0-py2.py3-none-any.whl (25 kB)
2025-08-16T22:27:06.0074695Z Using cached ruff-0.4.4-py3-none-manylinux_2_17_x86_64.manylinux2014_x86_64.whl (8.7 MB)
2025-08-16T22:27:06.0149961Z Using cached testcontainers-4.10.0-py3-none-any.whl (107 kB)
2025-08-16T22:27:06.0161991Z Using cached types_requests-2.32.0.20240602-py3-none-any.whl (15 kB)
2025-08-16T22:27:06.0173280Z Using cached docspec_python-2.2.2-py3-none-any.whl (15 kB)
2025-08-16T22:27:06.0184434Z Using cached pydoc_markdown-4.8.2-py3-none-any.whl (67 kB)
2025-08-16T22:27:06.0195913Z Using cached docspec-2.2.1-py3-none-any.whl (9.8 kB)
2025-08-16T22:27:06.0207000Z Using cached httpx-0.28.1-py3-none-any.whl (73 kB)
2025-08-16T22:27:06.0219231Z Using cached mypy-1.17.1-cp312-cp312-manylinux2014_x86_64.manylinux_2_17_x86_64.manylinux_2_28_x86_64.whl (12.7 MB)
2025-08-16T22:27:06.0323055Z Using cached databind.core-4.5.2-py3-none-any.whl (1.5 kB)
2025-08-16T22:27:06.0334062Z Using cached databind-4.5.2-py3-none-any.whl (49 kB)
2025-08-16T22:27:06.0345517Z Using cached databind.json-4.5.2-py3-none-any.whl (1.5 kB)
2025-08-16T22:27:06.0356818Z Using cached Deprecated-1.2.18-py2.py3-none-any.whl (10.0 kB)
2025-08-16T22:27:06.0367953Z Using cached nr_date-2.1.0-py3-none-any.whl (10 kB)
2025-08-16T22:27:06.0379236Z Using cached nr_stream-1.1.5-py3-none-any.whl (10 kB)
2025-08-16T22:27:06.0390761Z Using cached nr.util-0.8.12-py3-none-any.whl (90 kB)
2025-08-16T22:27:06.0402503Z Using cached pytest-8.4.1-py3-none-any.whl (365 kB)
2025-08-16T22:27:06.0416252Z Using cached pluggy-1.6.0-py3-none-any.whl (20 kB)
2025-08-16T22:27:06.0428007Z Using cached starlette-0.47.2-py3-none-any.whl (72 kB)
2025-08-16T22:27:06.0440225Z Using cached tomli-2.2.1-cp312-cp312-manylinux_2_17_x86_64.manylinux2014_x86_64.whl (242 kB)
2025-08-16T22:27:06.0453444Z Using cached tomli_w-1.2.0-py3-none-any.whl (6.7 kB)
2025-08-16T22:27:06.0464589Z Using cached typeapi-2.2.4-py3-none-any.whl (26 kB)
2025-08-16T22:27:06.0476253Z Using cached wrapt-1.17.3-cp312-cp312-manylinux1_x86_64.manylinux_2_28_x86_64.manylinux_2_5_x86_64.whl (88 kB)
2025-08-16T22:27:06.0488054Z Using cached itsdangerous-2.2.0-py3-none-any.whl (16 kB)
2025-08-16T22:27:06.0499429Z Using cached setuptools-80.9.0-py3-none-any.whl (1.2 MB)
2025-08-16T22:27:06.0519898Z Using cached coverage-7.10.3-cp312-cp312-manylinux1_x86_64.manylinux_2_28_x86_64.manylinux_2_5_x86_64.whl (250 kB)
2025-08-16T22:27:06.0532318Z Using cached fastapi_cloud_cli-0.1.5-py3-none-any.whl (18 kB)
2025-08-16T22:27:06.0543547Z Using cached iniconfig-2.1.0-py3-none-any.whl (6.0 kB)
2025-08-16T22:27:06.0554857Z Using cached mirakuru-2.6.1-py3-none-any.whl (26 kB)
2025-08-16T22:27:06.0566049Z Using cached pathspec-0.12.1-py3-none-any.whl (31 kB)
2025-08-16T22:27:06.0577504Z Using cached platformdirs-4.3.8-py3-none-any.whl (18 kB)
2025-08-16T22:27:06.0588588Z Using cached port_for-0.7.4-py3-none-any.whl (21 kB)
2025-08-16T22:27:06.0600646Z Using cached psutil-7.0.0-cp36-abi3-manylinux_2_12_x86_64.manylinux2010_x86_64.manylinux_2_17_x86_64.manylinux2014_x86_64.whl (277 kB)
2025-08-16T22:27:06.0613431Z Using cached pydantic_extra_types-2.10.5-py3-none-any.whl (38 kB)
2025-08-16T22:27:06.0625120Z Using cached rignore-0.6.4-cp312-cp312-manylinux_2_17_x86_64.manylinux2014_x86_64.whl (949 kB)
2025-08-16T22:27:06.0665824Z Downloading sentry_sdk-2.35.0-py2.py3-none-any.whl (363 kB)
2025-08-16T22:27:06.0898044Z Using cached yapf-0.43.0-py3-none-any.whl (256 kB)
2025-08-16T22:27:06.0911005Z Using cached docker-7.1.0-py3-none-any.whl (147 kB)
2025-08-16T22:27:06.0923453Z Using cached et_xmlfile-2.0.0-py3-none-any.whl (18 kB)
2025-08-16T22:27:06.0934806Z Using cached watchdog-6.0.0-py3-none-manylinux2014_x86_64.whl (79 kB)
2025-08-16T22:27:06.3241957Z Installing collected packages: wrapt, watchdog, types-requests, typeapi, tomli_w, tomli, setuptools, sentry-sdk, ruff, rignore, psycopg2-binary, psutil, port-for, pluggy, platformdirs, pathspec, nr-stream, nr-date, mypy-extensions, Jinja2, itsdangerous, iniconfig, imapclient, et-xmlfile, docstring-parser, coverage, asyncpg, yapf, starlette, pytest, openpyxl, mypy, mirakuru, httpx, docker, Deprecated, black, testcontainers, respx, python-telegram-bot, pytest-postgresql, pytest-cov, pytest-asyncio, pydantic-extra-types, nr-util, fastapi, databind, fastapi-cloud-cli, databind.json, databind.core, docspec, docspec-python, pydoc-markdown
2025-08-16T22:27:07.8668532Z   Attempting uninstall: Jinja2
2025-08-16T22:27:07.8717240Z     Found existing installation: Jinja2 3.1.5
2025-08-16T22:27:07.8752566Z     Uninstalling Jinja2-3.1.5:
2025-08-16T22:27:07.8761853Z       Successfully uninstalled Jinja2-3.1.5
2025-08-16T22:27:08.2209660Z   Attempting uninstall: asyncpg
2025-08-16T22:27:08.2266151Z     Found existing installation: asyncpg 0.29.0
2025-08-16T22:27:08.2316731Z     Uninstalling asyncpg-0.29.0:
2025-08-16T22:27:08.2331288Z       Successfully uninstalled asyncpg-0.29.0
2025-08-16T22:27:08.5230285Z   Attempting uninstall: starlette
2025-08-16T22:27:08.5281679Z     Found existing installation: starlette 0.37.2
2025-08-16T22:27:08.5325370Z     Uninstalling starlette-0.37.2:
2025-08-16T22:27:08.5336454Z       Successfully uninstalled starlette-0.37.2
2025-08-16T22:27:10.7439222Z   Attempting uninstall: httpx
2025-08-16T22:27:10.7488248Z     Found existing installation: httpx 0.26.0
2025-08-16T22:27:10.7525060Z     Uninstalling httpx-0.26.0:
2025-08-16T22:27:10.7539367Z       Successfully uninstalled httpx-0.26.0
2025-08-16T22:27:11.1500220Z   Attempting uninstall: python-telegram-bot
2025-08-16T22:27:11.1549756Z     Found existing installation: python-telegram-bot 20.8
2025-08-16T22:27:11.1707003Z     Uninstalling python-telegram-bot-20.8:
2025-08-16T22:27:11.1731203Z       Successfully uninstalled python-telegram-bot-20.8
2025-08-16T22:27:11.7100245Z   Attempting uninstall: fastapi
2025-08-16T22:27:11.7144519Z     Found existing installation: fastapi 0.111.0
2025-08-16T22:27:11.7198569Z     Uninstalling fastapi-0.111.0:
2025-08-16T22:27:11.7210967Z       Successfully uninstalled fastapi-0.111.0
2025-08-16T22:27:11.9285390Z 
2025-08-16T22:27:11.9410066Z Successfully installed Deprecated-1.2.18 Jinja2-3.1.6 asyncpg-0.30.0 black-25.1.0 coverage-7.10.3 databind-4.5.2 databind.core-4.5.2 databind.json-4.5.2 docker-7.1.0 docspec-2.2.1 docspec-python-2.2.2 docstring-parser-0.11 et-xmlfile-2.0.0 fastapi-0.116.1 fastapi-cloud-cli-0.1.5 httpx-0.28.1 imapclient-3.0.1 iniconfig-2.1.0 itsdangerous-2.2.0 mirakuru-2.6.1 mypy-1.17.1 mypy-extensions-1.1.0 nr-date-2.1.0 nr-stream-1.1.5 nr-util-0.8.12 openpyxl-3.1.5 pathspec-0.12.1 platformdirs-4.3.8 pluggy-1.6.0 port-for-0.7.4 psutil-7.0.0 psycopg2-binary-2.9.9 pydantic-extra-types-2.10.5 pydoc-markdown-4.8.2 pytest-8.4.1 pytest-asyncio-0.23.6 pytest-cov-6.2.1 pytest-postgresql-7.0.2 python-telegram-bot-22.2 respx-0.22.0 rignore-0.6.4 ruff-0.4.4 sentry-sdk-2.35.0 setuptools-80.9.0 starlette-0.47.2 testcontainers-4.10.0 tomli-2.2.1 tomli_w-1.2.0 typeapi-2.2.4 types-requests-2.32.0.20240602 watchdog-6.0.0 wrapt-1.17.3 yapf-0.43.0
2025-08-16T22:27:12.6025549Z Requirement already satisfied: asyncpg in /opt/hostedtoolcache/Python/3.12.11/x64/lib/python3.12/site-packages (0.30.0)
2025-08-16T22:27:13.2061808Z Requirement already satisfied: pytest in /opt/hostedtoolcache/Python/3.12.11/x64/lib/python3.12/site-packages (8.4.1)
2025-08-16T22:27:13.2076035Z Requirement already satisfied: iniconfig>=1 in /opt/hostedtoolcache/Python/3.12.11/x64/lib/python3.12/site-packages (from pytest) (2.1.0)
2025-08-16T22:27:13.2081467Z Requirement already satisfied: packaging>=20 in /opt/hostedtoolcache/Python/3.12.11/x64/lib/python3.12/site-packages (from pytest) (25.0)
2025-08-16T22:27:13.2087702Z Requirement already satisfied: pluggy<2,>=1.5 in /opt/hostedtoolcache/Python/3.12.11/x64/lib/python3.12/site-packages (from pytest) (1.6.0)
2025-08-16T22:27:13.2092707Z Requirement already satisfied: pygments>=2.7.2 in /opt/hostedtoolcache/Python/3.12.11/x64/lib/python3.12/site-packages (from pytest) (2.19.2)
2025-08-16T22:27:13.8700200Z Collecting keepa==1.3.15
2025-08-16T22:27:13.8713514Z   Using cached keepa-1.3.15-py3-none-any.whl.metadata (11 kB)
2025-08-16T22:27:13.8751933Z Requirement already satisfied: minio==7.1.15 in /opt/hostedtoolcache/Python/3.12.11/x64/lib/python3.12/site-packages (7.1.15)
2025-08-16T22:27:13.8760577Z Requirement already satisfied: numpy>=1.9.3 in /opt/hostedtoolcache/Python/3.12.11/x64/lib/python3.12/site-packages (from keepa==1.3.15) (2.3.2)
2025-08-16T22:27:13.8765347Z Requirement already satisfied: requests>=2.2 in /opt/hostedtoolcache/Python/3.12.11/x64/lib/python3.12/site-packages (from keepa==1.3.15) (2.32.4)
2025-08-16T22:27:13.8768874Z Requirement already satisfied: tqdm in /opt/hostedtoolcache/Python/3.12.11/x64/lib/python3.12/site-packages (from keepa==1.3.15) (4.67.1)
2025-08-16T22:27:13.8772182Z Requirement already satisfied: aiohttp in /opt/hostedtoolcache/Python/3.12.11/x64/lib/python3.12/site-packages (from keepa==1.3.15) (3.12.15)
2025-08-16T22:27:13.8777005Z Requirement already satisfied: pandas<=3.0 in /opt/hostedtoolcache/Python/3.12.11/x64/lib/python3.12/site-packages (from keepa==1.3.15) (2.3.1)
2025-08-16T22:27:13.8780754Z Requirement already satisfied: pydantic in /opt/hostedtoolcache/Python/3.12.11/x64/lib/python3.12/site-packages (from keepa==1.3.15) (2.11.7)
2025-08-16T22:27:13.8790768Z Requirement already satisfied: certifi in /opt/hostedtoolcache/Python/3.12.11/x64/lib/python3.12/site-packages (from minio==7.1.15) (2025.8.3)
2025-08-16T22:27:13.8794671Z Requirement already satisfied: urllib3 in /opt/hostedtoolcache/Python/3.12.11/x64/lib/python3.12/site-packages (from minio==7.1.15) (2.5.0)
2025-08-16T22:27:13.8849221Z Requirement already satisfied: python-dateutil>=2.8.2 in /opt/hostedtoolcache/Python/3.12.11/x64/lib/python3.12/site-packages (from pandas<=3.0->keepa==1.3.15) (2.9.0.post0)
2025-08-16T22:27:13.8853944Z Requirement already satisfied: pytz>=2020.1 in /opt/hostedtoolcache/Python/3.12.11/x64/lib/python3.12/site-packages (from pandas<=3.0->keepa==1.3.15) (2025.2)
2025-08-16T22:27:13.8858823Z Requirement already satisfied: tzdata>=2022.7 in /opt/hostedtoolcache/Python/3.12.11/x64/lib/python3.12/site-packages (from pandas<=3.0->keepa==1.3.15) (2025.2)
2025-08-16T22:27:13.8992321Z Requirement already satisfied: six>=1.5 in /opt/hostedtoolcache/Python/3.12.11/x64/lib/python3.12/site-packages (from python-dateutil>=2.8.2->pandas<=3.0->keepa==1.3.15) (1.17.0)
2025-08-16T22:27:13.9010979Z Requirement already satisfied: charset_normalizer<4,>=2 in /opt/hostedtoolcache/Python/3.12.11/x64/lib/python3.12/site-packages (from requests>=2.2->keepa==1.3.15) (3.4.3)
2025-08-16T22:27:13.9016479Z Requirement already satisfied: idna<4,>=2.5 in /opt/hostedtoolcache/Python/3.12.11/x64/lib/python3.12/site-packages (from requests>=2.2->keepa==1.3.15) (3.10)
2025-08-16T22:27:13.9085547Z Requirement already satisfied: aiohappyeyeballs>=2.5.0 in /opt/hostedtoolcache/Python/3.12.11/x64/lib/python3.12/site-packages (from aiohttp->keepa==1.3.15) (2.6.1)
2025-08-16T22:27:13.9090569Z Requirement already satisfied: aiosignal>=1.4.0 in /opt/hostedtoolcache/Python/3.12.11/x64/lib/python3.12/site-packages (from aiohttp->keepa==1.3.15) (1.4.0)
2025-08-16T22:27:13.9096895Z Requirement already satisfied: attrs>=17.3.0 in /opt/hostedtoolcache/Python/3.12.11/x64/lib/python3.12/site-packages (from aiohttp->keepa==1.3.15) (25.3.0)
2025-08-16T22:27:13.9102035Z Requirement already satisfied: frozenlist>=1.1.1 in /opt/hostedtoolcache/Python/3.12.11/x64/lib/python3.12/site-packages (from aiohttp->keepa==1.3.15) (1.7.0)
2025-08-16T22:27:13.9107254Z Requirement already satisfied: multidict<7.0,>=4.5 in /opt/hostedtoolcache/Python/3.12.11/x64/lib/python3.12/site-packages (from aiohttp->keepa==1.3.15) (6.6.4)
2025-08-16T22:27:13.9112316Z Requirement already satisfied: propcache>=0.2.0 in /opt/hostedtoolcache/Python/3.12.11/x64/lib/python3.12/site-packages (from aiohttp->keepa==1.3.15) (0.3.2)
2025-08-16T22:27:13.9118235Z Requirement already satisfied: yarl<2.0,>=1.17.0 in /opt/hostedtoolcache/Python/3.12.11/x64/lib/python3.12/site-packages (from aiohttp->keepa==1.3.15) (1.20.1)
2025-08-16T22:27:13.9177697Z Requirement already satisfied: typing-extensions>=4.2 in /opt/hostedtoolcache/Python/3.12.11/x64/lib/python3.12/site-packages (from aiosignal>=1.4.0->aiohttp->keepa==1.3.15) (4.14.1)
2025-08-16T22:27:13.9270593Z Requirement already satisfied: annotated-types>=0.6.0 in /opt/hostedtoolcache/Python/3.12.11/x64/lib/python3.12/site-packages (from pydantic->keepa==1.3.15) (0.7.0)
2025-08-16T22:27:13.9275578Z Requirement already satisfied: pydantic-core==2.33.2 in /opt/hostedtoolcache/Python/3.12.11/x64/lib/python3.12/site-packages (from pydantic->keepa==1.3.15) (2.33.2)
2025-08-16T22:27:13.9283591Z Requirement already satisfied: typing-inspection>=0.4.0 in /opt/hostedtoolcache/Python/3.12.11/x64/lib/python3.12/site-packages (from pydantic->keepa==1.3.15) (0.4.1)
2025-08-16T22:27:13.9362206Z Using cached keepa-1.3.15-py3-none-any.whl (38 kB)
2025-08-16T22:27:14.0961577Z Installing collected packages: keepa
2025-08-16T22:27:14.0962327Z   Attempting uninstall: keepa
2025-08-16T22:27:14.0994314Z     Found existing installation: keepa 1.3.14
2025-08-16T22:27:14.1016292Z     Uninstalling keepa-1.3.14:
2025-08-16T22:27:14.1025094Z       Successfully uninstalled keepa-1.3.14
2025-08-16T22:27:14.1444462Z Successfully installed keepa-1.3.15
2025-08-16T22:27:14.2035300Z ##[group]Run actions/setup-node@v4
2025-08-16T22:27:14.2035590Z with:
2025-08-16T22:27:14.2035774Z   node-version: 20.19.0
2025-08-16T22:27:14.2035987Z   always-auth: false
2025-08-16T22:27:14.2036188Z   check-latest: false
2025-08-16T22:27:14.2036480Z   token: ***
2025-08-16T22:27:14.2036660Z env:
2025-08-16T22:27:14.2036849Z   PG_USER: postgres
2025-08-16T22:27:14.2037051Z   PG_PASSWORD: pass
2025-08-16T22:27:14.2037243Z   PG_DATABASE: awa
2025-08-16T22:27:14.2037595Z   PG_HOST: localhost
2025-08-16T22:27:14.2037790Z   PG_PORT: 5432
2025-08-16T22:27:14.2038164Z   PG_SYNC_DSN: ***localhost:5432/awa
2025-08-16T22:27:14.2038569Z   PG_ASYNC_DSN: ***localhost:5432/awa
2025-08-16T22:27:14.2038993Z   DATABASE_URL: ***localhost:5432/awa
2025-08-16T22:27:14.2039240Z   DATA_DIR: /tmp/awa-data
2025-08-16T22:27:14.2039458Z   ENABLE_LIVE: 0
2025-08-16T22:27:14.2039643Z   TESTING: 1
2025-08-16T22:27:14.2039885Z   pythonLocation: /opt/hostedtoolcache/Python/3.12.11/x64
2025-08-16T22:27:14.2040310Z   PKG_CONFIG_PATH: /opt/hostedtoolcache/Python/3.12.11/x64/lib/pkgconfig
2025-08-16T22:27:14.2040703Z   Python_ROOT_DIR: /opt/hostedtoolcache/Python/3.12.11/x64
2025-08-16T22:27:14.2041059Z   Python2_ROOT_DIR: /opt/hostedtoolcache/Python/3.12.11/x64
2025-08-16T22:27:14.2041410Z   Python3_ROOT_DIR: /opt/hostedtoolcache/Python/3.12.11/x64
2025-08-16T22:27:14.2041950Z   LD_LIBRARY_PATH: /opt/hostedtoolcache/Python/3.12.11/x64/lib
2025-08-16T22:27:14.2042249Z ##[endgroup]
2025-08-16T22:27:14.4125087Z Attempting to download 20.19.0...
2025-08-16T22:27:15.1496661Z Acquiring 20.19.0 - x64 from https://github.com/actions/node-versions/releases/download/20.19.0-13838090974/node-20.19.0-linux-x64.tar.gz
2025-08-16T22:27:15.7305186Z Extracting ...
2025-08-16T22:27:15.7413502Z [command]/usr/bin/tar xz --strip 1 --warning=no-unknown-keyword --overwrite -C /home/runner/work/_temp/7929c183-8308-441a-b4bf-cdc6d2afe070 -f /home/runner/work/_temp/4a5f30c5-89f3-4c30-9d83-41625fdab006
2025-08-16T22:27:16.7255471Z Adding to the cache ...
2025-08-16T22:27:18.4095846Z ##[group]Environment details
2025-08-16T22:27:18.6272758Z node: v20.19.0
2025-08-16T22:27:18.6273048Z npm: 10.8.2
2025-08-16T22:27:18.6273268Z yarn: 1.22.22
2025-08-16T22:27:18.6273846Z ##[endgroup]
2025-08-16T22:27:18.6411231Z ##[group]Run npm ci
2025-08-16T22:27:18.6411465Z [36;1mnpm ci[0m
2025-08-16T22:27:18.6452558Z shell: /usr/bin/bash -e {0}
2025-08-16T22:27:18.6452796Z env:
2025-08-16T22:27:18.6452974Z   PG_USER: postgres
2025-08-16T22:27:18.6453185Z   PG_PASSWORD: pass
2025-08-16T22:27:18.6453369Z   PG_DATABASE: awa
2025-08-16T22:27:18.6453560Z   PG_HOST: localhost
2025-08-16T22:27:18.6453763Z   PG_PORT: 5432
2025-08-16T22:27:18.6454214Z   PG_SYNC_DSN: ***localhost:5432/awa
2025-08-16T22:27:18.6454633Z   PG_ASYNC_DSN: ***localhost:5432/awa
2025-08-16T22:27:18.6455024Z   DATABASE_URL: ***localhost:5432/awa
2025-08-16T22:27:18.6455264Z   DATA_DIR: /tmp/awa-data
2025-08-16T22:27:18.6455474Z   ENABLE_LIVE: 0
2025-08-16T22:27:18.6455656Z   TESTING: 1
2025-08-16T22:27:18.6455900Z   pythonLocation: /opt/hostedtoolcache/Python/3.12.11/x64
2025-08-16T22:27:18.6456302Z   PKG_CONFIG_PATH: /opt/hostedtoolcache/Python/3.12.11/x64/lib/pkgconfig
2025-08-16T22:27:18.6456737Z   Python_ROOT_DIR: /opt/hostedtoolcache/Python/3.12.11/x64
2025-08-16T22:27:18.6457098Z   Python2_ROOT_DIR: /opt/hostedtoolcache/Python/3.12.11/x64
2025-08-16T22:27:18.6457724Z   Python3_ROOT_DIR: /opt/hostedtoolcache/Python/3.12.11/x64
2025-08-16T22:27:18.6458098Z   LD_LIBRARY_PATH: /opt/hostedtoolcache/Python/3.12.11/x64/lib
2025-08-16T22:27:18.6458405Z ##[endgroup]
2025-08-16T22:27:21.3094687Z npm warn deprecated node-domexception@1.0.0: Use your platform's native DOMException instead
2025-08-16T22:27:24.6601846Z 
2025-08-16T22:27:24.6602626Z added 432 packages, and audited 433 packages in 6s
2025-08-16T22:27:24.6603083Z 
2025-08-16T22:27:24.6603348Z 112 packages are looking for funding
2025-08-16T22:27:24.6603820Z   run `npm fund` for details
2025-08-16T22:27:24.6622528Z 
2025-08-16T22:27:24.6622987Z 2 vulnerabilities (1 low, 1 critical)
2025-08-16T22:27:24.6623366Z 
2025-08-16T22:27:24.6623748Z To address all issues, run:
2025-08-16T22:27:24.6624196Z   npm audit fix
2025-08-16T22:27:24.6624429Z 
2025-08-16T22:27:24.6624674Z Run `npm audit` for details.
2025-08-16T22:27:24.6905060Z ##[group]Run npm run build --if-present
2025-08-16T22:27:24.6905427Z [36;1mnpm run build --if-present[0m
2025-08-16T22:27:24.6946902Z shell: /usr/bin/bash -e {0}
2025-08-16T22:27:24.6947136Z env:
2025-08-16T22:27:24.6947306Z   PG_USER: postgres
2025-08-16T22:27:24.6947727Z   PG_PASSWORD: pass
2025-08-16T22:27:24.6947946Z   PG_DATABASE: awa
2025-08-16T22:27:24.6948140Z   PG_HOST: localhost
2025-08-16T22:27:24.6948333Z   PG_PORT: 5432
2025-08-16T22:27:24.6948794Z   PG_SYNC_DSN: ***localhost:5432/awa
2025-08-16T22:27:24.6949221Z   PG_ASYNC_DSN: ***localhost:5432/awa
2025-08-16T22:27:24.6949601Z   DATABASE_URL: ***localhost:5432/awa
2025-08-16T22:27:24.6949847Z   DATA_DIR: /tmp/awa-data
2025-08-16T22:27:24.6950057Z   ENABLE_LIVE: 0
2025-08-16T22:27:24.6950231Z   TESTING: 1
2025-08-16T22:27:24.6950473Z   pythonLocation: /opt/hostedtoolcache/Python/3.12.11/x64
2025-08-16T22:27:24.6950875Z   PKG_CONFIG_PATH: /opt/hostedtoolcache/Python/3.12.11/x64/lib/pkgconfig
2025-08-16T22:27:24.6951294Z   Python_ROOT_DIR: /opt/hostedtoolcache/Python/3.12.11/x64
2025-08-16T22:27:24.6951862Z   Python2_ROOT_DIR: /opt/hostedtoolcache/Python/3.12.11/x64
2025-08-16T22:27:24.6952210Z   Python3_ROOT_DIR: /opt/hostedtoolcache/Python/3.12.11/x64
2025-08-16T22:27:24.6952582Z   LD_LIBRARY_PATH: /opt/hostedtoolcache/Python/3.12.11/x64/lib
2025-08-16T22:27:24.6952884Z ##[endgroup]
2025-08-16T22:27:24.8075660Z 
2025-08-16T22:27:24.8076234Z > web@0.0.0 build
2025-08-16T22:27:24.8076655Z > tsc -b && vite build
2025-08-16T22:27:24.8076836Z 
2025-08-16T22:27:27.2387680Z [36mvite v7.0.4 [32mbuilding for production...[36m[39m
2025-08-16T22:27:27.4164057Z transforming...
2025-08-16T22:27:30.5025540Z [32m✓[39m 687 modules transformed.
2025-08-16T22:27:30.8783470Z rendering chunks...
2025-08-16T22:27:30.8968795Z computing gzip size...
2025-08-16T22:27:30.9508004Z [2mdist/[22m[32mindex.html                 [39m[1m[2m  0.46 kB[22m[1m[22m[2m │ gzip:   0.30 kB[22m
2025-08-16T22:27:30.9509410Z [2mdist/[22m[2massets/[22m[35mindex-5IA1gRGW.css  [39m[1m[2m  0.84 kB[22m[1m[22m[2m │ gzip:   0.45 kB[22m
2025-08-16T22:27:30.9511045Z [2mdist/[22m[2massets/[22m[36mindex-CIqpArhq.js   [39m[1m[33m613.66 kB[39m[22m[2m │ gzip: 193.69 kB[22m
2025-08-16T22:27:30.9512281Z [33m
2025-08-16T22:27:30.9513409Z (!) Some chunks are larger than 500 kB after minification. Consider:
2025-08-16T22:27:30.9514301Z - Using dynamic import() to code-split the application
2025-08-16T22:27:30.9515730Z - Use build.rollupOptions.output.manualChunks to improve chunking: https://rollupjs.org/configuration-options/#output-manualchunks
2025-08-16T22:27:30.9517251Z - Adjust chunk size limit for this warning via build.chunkSizeWarningLimit.[39m
2025-08-16T22:27:30.9518257Z [32m✓ built in 3.69s[39m
2025-08-16T22:27:31.0320522Z ##[group]Run sudo apt-get update
2025-08-16T22:27:31.0320826Z [36;1msudo apt-get update[0m
2025-08-16T22:27:31.0321092Z [36;1msudo apt-get install -y postgresql[0m
2025-08-16T22:27:31.0321579Z [36;1mecho "/usr/lib/postgresql/$(pg_config --version | cut -d' ' -f2 | cut -d'.' -f1,2)/bin" >> $GITHUB_PATH[0m
2025-08-16T22:27:31.0363606Z shell: /usr/bin/bash -e {0}
2025-08-16T22:27:31.0363852Z env:
2025-08-16T22:27:31.0364027Z   PG_USER: postgres
2025-08-16T22:27:31.0364234Z   PG_PASSWORD: pass
2025-08-16T22:27:31.0364430Z   PG_DATABASE: awa
2025-08-16T22:27:31.0364619Z   PG_HOST: localhost
2025-08-16T22:27:31.0364819Z   PG_PORT: 5432
2025-08-16T22:27:31.0365259Z   PG_SYNC_DSN: ***localhost:5432/awa
2025-08-16T22:27:31.0365764Z   PG_ASYNC_DSN: ***localhost:5432/awa
2025-08-16T22:27:31.0366470Z   DATABASE_URL: ***localhost:5432/awa
2025-08-16T22:27:31.0366775Z   DATA_DIR: /tmp/awa-data
2025-08-16T22:27:31.0367160Z   ENABLE_LIVE: 0
2025-08-16T22:27:31.0367582Z   TESTING: 1
2025-08-16T22:27:31.0392477Z   pythonLocation: /opt/hostedtoolcache/Python/3.12.11/x64
2025-08-16T22:27:31.0393012Z   PKG_CONFIG_PATH: /opt/hostedtoolcache/Python/3.12.11/x64/lib/pkgconfig
2025-08-16T22:27:31.0393424Z   Python_ROOT_DIR: /opt/hostedtoolcache/Python/3.12.11/x64
2025-08-16T22:27:31.0393833Z   Python2_ROOT_DIR: /opt/hostedtoolcache/Python/3.12.11/x64
2025-08-16T22:27:31.0394228Z   Python3_ROOT_DIR: /opt/hostedtoolcache/Python/3.12.11/x64
2025-08-16T22:27:31.0394637Z   LD_LIBRARY_PATH: /opt/hostedtoolcache/Python/3.12.11/x64/lib
2025-08-16T22:27:31.0394936Z ##[endgroup]
2025-08-16T22:27:31.1060094Z Get:1 file:/etc/apt/apt-mirrors.txt Mirrorlist [144 B]
2025-08-16T22:27:31.1351330Z Hit:2 http://azure.archive.ubuntu.com/ubuntu noble InRelease
2025-08-16T22:27:31.1372000Z Get:3 http://azure.archive.ubuntu.com/ubuntu noble-updates InRelease [126 kB]
2025-08-16T22:27:31.1414095Z Get:4 http://azure.archive.ubuntu.com/ubuntu noble-backports InRelease [126 kB]
2025-08-16T22:27:31.1428137Z Get:5 http://azure.archive.ubuntu.com/ubuntu noble-security InRelease [126 kB]
2025-08-16T22:27:31.1592636Z Hit:6 https://packages.microsoft.com/repos/azure-cli noble InRelease
2025-08-16T22:27:31.1671239Z Get:7 https://packages.microsoft.com/ubuntu/24.04/prod noble InRelease [3600 B]
2025-08-16T22:27:31.2663821Z Get:8 http://azure.archive.ubuntu.com/ubuntu noble-updates/main amd64 Packages [1325 kB]
2025-08-16T22:27:31.2802785Z Get:9 http://azure.archive.ubuntu.com/ubuntu noble-updates/main Translation-en [265 kB]
2025-08-16T22:27:31.2825801Z Get:10 http://azure.archive.ubuntu.com/ubuntu noble-updates/main amd64 Components [175 kB]
2025-08-16T22:27:31.2847105Z Get:11 http://azure.archive.ubuntu.com/ubuntu noble-updates/universe amd64 Packages [1120 kB]
2025-08-16T22:27:31.2915551Z Get:12 http://azure.archive.ubuntu.com/ubuntu noble-updates/universe Translation-en [287 kB]
2025-08-16T22:27:31.2942694Z Get:13 http://azure.archive.ubuntu.com/ubuntu noble-updates/universe amd64 Components [377 kB]
2025-08-16T22:27:31.2973596Z Get:14 http://azure.archive.ubuntu.com/ubuntu noble-updates/restricted amd64 Packages [1672 kB]
2025-08-16T22:27:31.3081702Z Get:15 http://azure.archive.ubuntu.com/ubuntu noble-updates/restricted Translation-en [367 kB]
2025-08-16T22:27:31.3109745Z Get:16 http://azure.archive.ubuntu.com/ubuntu noble-updates/restricted amd64 Components [212 B]
2025-08-16T22:27:31.3116357Z Get:17 http://azure.archive.ubuntu.com/ubuntu noble-updates/multiverse amd64 Components [940 B]
2025-08-16T22:27:31.3688279Z Get:18 http://azure.archive.ubuntu.com/ubuntu noble-backports/main amd64 Components [7084 B]
2025-08-16T22:27:31.3704850Z Get:19 http://azure.archive.ubuntu.com/ubuntu noble-backports/universe amd64 Packages [30.2 kB]
2025-08-16T22:27:31.3720470Z Get:20 http://azure.archive.ubuntu.com/ubuntu noble-backports/universe Translation-en [17.4 kB]
2025-08-16T22:27:31.3734102Z Get:21 http://azure.archive.ubuntu.com/ubuntu noble-backports/universe amd64 Components [19.2 kB]
2025-08-16T22:27:31.3742781Z Get:22 http://azure.archive.ubuntu.com/ubuntu noble-backports/restricted amd64 Components [216 B]
2025-08-16T22:27:31.3757686Z Get:23 http://azure.archive.ubuntu.com/ubuntu noble-backports/multiverse amd64 Components [212 B]
2025-08-16T22:27:31.3845302Z Get:24 http://azure.archive.ubuntu.com/ubuntu noble-security/main amd64 Packages [1060 kB]
2025-08-16T22:27:31.3909955Z Get:25 http://azure.archive.ubuntu.com/ubuntu noble-security/main Translation-en [184 kB]
2025-08-16T22:27:31.3922150Z Get:26 http://azure.archive.ubuntu.com/ubuntu noble-security/main amd64 Components [21.6 kB]
2025-08-16T22:27:31.3941287Z Get:27 http://azure.archive.ubuntu.com/ubuntu noble-security/universe amd64 Packages [879 kB]
2025-08-16T22:27:31.3992288Z Get:28 http://azure.archive.ubuntu.com/ubuntu noble-security/universe Translation-en [194 kB]
2025-08-16T22:27:31.4014931Z Get:29 http://azure.archive.ubuntu.com/ubuntu noble-security/universe amd64 Components [52.3 kB]
2025-08-16T22:27:31.4030430Z Get:30 http://azure.archive.ubuntu.com/ubuntu noble-security/restricted amd64 Packages [1572 kB]
2025-08-16T22:27:31.4120106Z Get:31 http://azure.archive.ubuntu.com/ubuntu noble-security/restricted Translation-en [346 kB]
2025-08-16T22:27:31.4560769Z Get:32 http://azure.archive.ubuntu.com/ubuntu noble-security/restricted amd64 Components [212 B]
2025-08-16T22:27:31.4569977Z Get:33 http://azure.archive.ubuntu.com/ubuntu noble-security/multiverse amd64 Components [208 B]
2025-08-16T22:27:31.4832320Z Get:34 https://packages.microsoft.com/ubuntu/24.04/prod noble/main amd64 Packages [47.9 kB]
2025-08-16T22:27:31.4891129Z Get:35 https://packages.microsoft.com/ubuntu/24.04/prod noble/main arm64 Packages [33.0 kB]
2025-08-16T22:27:38.1529184Z Fetched 10.4 MB in 1s (8492 kB/s)
2025-08-16T22:27:38.8309631Z Reading package lists...
2025-08-16T22:27:38.8662360Z Reading package lists...
2025-08-16T22:27:39.0298996Z Building dependency tree...
2025-08-16T22:27:39.0306394Z Reading state information...
2025-08-16T22:27:39.1802113Z Suggested packages:
2025-08-16T22:27:39.1802623Z   postgresql-doc
2025-08-16T22:27:39.1948532Z The following NEW packages will be installed:
2025-08-16T22:27:39.1949141Z   postgresql
2025-08-16T22:27:39.2121729Z 0 upgraded, 1 newly installed, 0 to remove and 36 not upgraded.
2025-08-16T22:27:39.2122431Z Need to get 11.6 kB of archives.
2025-08-16T22:27:39.2122855Z After this operation, 17.4 kB of additional disk space will be used.
2025-08-16T22:27:39.2123666Z Get:1 file:/etc/apt/apt-mirrors.txt Mirrorlist [144 B]
2025-08-16T22:27:39.3080527Z Get:2 http://azure.archive.ubuntu.com/ubuntu noble-updates/main amd64 postgresql all 16+257build1.1 [11.6 kB]
2025-08-16T22:27:39.5780989Z Fetched 11.6 kB in 0s (100 kB/s)
2025-08-16T22:27:39.5966870Z Selecting previously unselected package postgresql.
2025-08-16T22:27:39.6143172Z (Reading database ... 
2025-08-16T22:27:39.6143813Z (Reading database ... 5%
2025-08-16T22:27:39.6144280Z (Reading database ... 10%
2025-08-16T22:27:39.6144843Z (Reading database ... 15%
2025-08-16T22:27:39.6145301Z (Reading database ... 20%
2025-08-16T22:27:39.6145933Z (Reading database ... 25%
2025-08-16T22:27:39.6146335Z (Reading database ... 30%
2025-08-16T22:27:39.6146729Z (Reading database ... 35%
2025-08-16T22:27:39.6147127Z (Reading database ... 40%
2025-08-16T22:27:39.6147674Z (Reading database ... 45%
2025-08-16T22:27:39.6147928Z (Reading database ... 50%
2025-08-16T22:27:39.6275610Z (Reading database ... 55%
2025-08-16T22:27:39.6369523Z (Reading database ... 60%
2025-08-16T22:27:39.6470638Z (Reading database ... 65%
2025-08-16T22:27:39.6606783Z (Reading database ... 70%
2025-08-16T22:27:39.6743237Z (Reading database ... 75%
2025-08-16T22:27:39.6870189Z (Reading database ... 80%
2025-08-16T22:27:39.7157800Z (Reading database ... 85%
2025-08-16T22:27:39.7561834Z (Reading database ... 90%
2025-08-16T22:27:39.7736636Z (Reading database ... 95%
2025-08-16T22:27:39.7737083Z (Reading database ... 100%
2025-08-16T22:27:39.7737970Z (Reading database ... 219881 files and directories currently installed.)
2025-08-16T22:27:39.7784739Z Preparing to unpack .../postgresql_16+257build1.1_all.deb ...
2025-08-16T22:27:39.7804926Z Unpacking postgresql (16+257build1.1) ...
2025-08-16T22:27:39.8168135Z Setting up postgresql (16+257build1.1) ...
2025-08-16T22:27:40.4216149Z 
2025-08-16T22:27:40.4216803Z Running kernel seems to be up-to-date.
2025-08-16T22:27:40.4217137Z 
2025-08-16T22:27:40.4217603Z Restarting services...
2025-08-16T22:27:40.4286704Z 
2025-08-16T22:27:40.4287226Z Service restarts being deferred:
2025-08-16T22:27:40.4289343Z  systemctl restart hosted-compute-agent.service
2025-08-16T22:27:40.4289749Z 
2025-08-16T22:27:40.4290001Z No containers need to be restarted.
2025-08-16T22:27:40.4290306Z 
2025-08-16T22:27:40.4290603Z No user sessions are running outdated binaries.
2025-08-16T22:27:40.4290952Z 
2025-08-16T22:27:40.4291238Z No VM guests are running outdated hypervisor (qemu) binaries on this host.
2025-08-16T22:27:41.3537674Z ##[group]Run for i in {1..30}; do pg_isready -h localhost -p 5432 -U postgres -d awa && break; sleep 1; done
2025-08-16T22:27:41.3538322Z [36;1mfor i in {1..30}; do pg_isready -h localhost -p 5432 -U postgres -d awa && break; sleep 1; done[0m
2025-08-16T22:27:41.3578847Z shell: /usr/bin/bash -e {0}
2025-08-16T22:27:41.3579071Z env:
2025-08-16T22:27:41.3579243Z   PG_USER: postgres
2025-08-16T22:27:41.3579442Z   PG_PASSWORD: pass
2025-08-16T22:27:41.3579641Z   PG_DATABASE: awa
2025-08-16T22:27:41.3579825Z   PG_HOST: localhost
2025-08-16T22:27:41.3580008Z   PG_PORT: 5432
2025-08-16T22:27:41.3580424Z   PG_SYNC_DSN: ***localhost:5432/awa
2025-08-16T22:27:41.3580824Z   PG_ASYNC_DSN: ***localhost:5432/awa
2025-08-16T22:27:41.3581213Z   DATABASE_URL: ***localhost:5432/awa
2025-08-16T22:27:41.3581443Z   DATA_DIR: /tmp/awa-data
2025-08-16T22:27:41.3581651Z   ENABLE_LIVE: 0
2025-08-16T22:27:41.3581829Z   TESTING: 1
2025-08-16T22:27:41.3582089Z   pythonLocation: /opt/hostedtoolcache/Python/3.12.11/x64
2025-08-16T22:27:41.3582482Z   PKG_CONFIG_PATH: /opt/hostedtoolcache/Python/3.12.11/x64/lib/pkgconfig
2025-08-16T22:27:41.3582874Z   Python_ROOT_DIR: /opt/hostedtoolcache/Python/3.12.11/x64
2025-08-16T22:27:41.3583223Z   Python2_ROOT_DIR: /opt/hostedtoolcache/Python/3.12.11/x64
2025-08-16T22:27:41.3583575Z   Python3_ROOT_DIR: /opt/hostedtoolcache/Python/3.12.11/x64
2025-08-16T22:27:41.3583926Z   LD_LIBRARY_PATH: /opt/hostedtoolcache/Python/3.12.11/x64/lib
2025-08-16T22:27:41.3584389Z ##[endgroup]
2025-08-16T22:27:41.3997996Z localhost:5432 - accepting connections
2025-08-16T22:27:41.4033633Z ##[group]Run alembic -c services/api/alembic.ini upgrade head
2025-08-16T22:27:41.4034071Z [36;1malembic -c services/api/alembic.ini upgrade head[0m
2025-08-16T22:27:41.4074087Z shell: /usr/bin/bash -e {0}
2025-08-16T22:27:41.4074323Z env:
2025-08-16T22:27:41.4074494Z   PG_USER: postgres
2025-08-16T22:27:41.4074695Z   PG_PASSWORD: pass
2025-08-16T22:27:41.4074883Z   PG_DATABASE: awa
2025-08-16T22:27:41.4075067Z   PG_HOST: localhost
2025-08-16T22:27:41.4075257Z   PG_PORT: 5432
2025-08-16T22:27:41.4075681Z   PG_SYNC_DSN: ***localhost:5432/awa
2025-08-16T22:27:41.4076093Z   PG_ASYNC_DSN: ***localhost:5432/awa
2025-08-16T22:27:41.4076510Z   DATABASE_URL: ***localhost:5432/awa
2025-08-16T22:27:41.4076751Z   DATA_DIR: /tmp/awa-data
2025-08-16T22:27:41.4076958Z   ENABLE_LIVE: 0
2025-08-16T22:27:41.4077138Z   TESTING: 1
2025-08-16T22:27:41.4077661Z   pythonLocation: /opt/hostedtoolcache/Python/3.12.11/x64
2025-08-16T22:27:41.4078181Z   PKG_CONFIG_PATH: /opt/hostedtoolcache/Python/3.12.11/x64/lib/pkgconfig
2025-08-16T22:27:41.4078577Z   Python_ROOT_DIR: /opt/hostedtoolcache/Python/3.12.11/x64
2025-08-16T22:27:41.4078922Z   Python2_ROOT_DIR: /opt/hostedtoolcache/Python/3.12.11/x64
2025-08-16T22:27:41.4079280Z   Python3_ROOT_DIR: /opt/hostedtoolcache/Python/3.12.11/x64
2025-08-16T22:27:41.4079637Z   LD_LIBRARY_PATH: /opt/hostedtoolcache/Python/3.12.11/x64/lib
2025-08-16T22:27:41.4079944Z   POSTGRES_USER: postgres
2025-08-16T22:27:41.4080163Z   POSTGRES_PASSWORD: pass
2025-08-16T22:27:41.4080363Z   POSTGRES_DB: awa
2025-08-16T22:27:41.4080550Z ##[endgroup]
2025-08-16T22:27:42.1657663Z INFO  [alembic.runtime.migration] Context impl PostgresqlImpl.
2025-08-16T22:27:42.1658644Z INFO  [alembic.runtime.migration] Will assume transactional DDL.
2025-08-16T22:27:42.1812806Z INFO  [alembic.runtime.migration] Running upgrade  -> 0001_baseline
2025-08-16T22:27:42.1959959Z INFO  [alembic.runtime.migration] Running upgrade 0001_baseline -> 0002_create_roi_view
2025-08-16T22:27:42.1985996Z INFO  [alembic.runtime.migration] Running upgrade 0002_create_roi_view -> 3e9d5c5aff2c
2025-08-16T22:27:42.2158533Z INFO  [alembic.runtime.migration] Running upgrade 3e9d5c5aff2c -> 0003_vendor_prices
2025-08-16T22:27:42.2302467Z INFO  [alembic.runtime.migration] Running upgrade 0003_vendor_prices -> 0004_fee_cron
2025-08-16T22:27:42.2376416Z INFO  [alembic.runtime.migration] Running upgrade 0004_fee_cron -> 0006_fix_roi_views
2025-08-16T22:27:42.2409342Z INFO  [alembic.runtime.migration] Running upgrade 0006_fix_roi_views -> 0020_unified_schema
2025-08-16T22:27:42.2519448Z INFO  [alembic.runtime.migration] Running upgrade 0020_unified_schema -> 0022_fix_roi_view
2025-08-16T22:27:42.2580753Z INFO  [alembic.runtime.migration] Running upgrade 0022_fix_roi_view -> 0023_add_storage_fee
2025-08-16T22:27:42.2617194Z INFO  [alembic.runtime.migration] Running upgrade 0023_add_storage_fee -> 0024_create_buybox
2025-08-16T22:27:42.3375416Z ##[group]Run pytest -q --cov=services
2025-08-16T22:27:42.3375849Z [36;1mpytest -q --cov=services[0m
2025-08-16T22:27:42.3416727Z shell: /usr/bin/bash -e {0}
2025-08-16T22:27:42.3417136Z env:
2025-08-16T22:27:42.3417722Z   PG_USER: postgres
2025-08-16T22:27:42.3418018Z   PG_PASSWORD: pass
2025-08-16T22:27:42.3418345Z   PG_DATABASE: awa
2025-08-16T22:27:42.3418628Z   PG_HOST: localhost
2025-08-16T22:27:42.3418897Z   PG_PORT: 5432
2025-08-16T22:27:42.3419557Z   PG_SYNC_DSN: ***localhost:5432/awa
2025-08-16T22:27:42.3420089Z   PG_ASYNC_DSN: ***localhost:5432/awa
2025-08-16T22:27:42.3420684Z   DATABASE_URL: ***localhost:5432/awa
2025-08-16T22:27:42.3421043Z   DATA_DIR: /home/runner/work/_temp/awa-data
2025-08-16T22:27:42.3421426Z   ENABLE_LIVE: 0
2025-08-16T22:27:42.3421759Z   TESTING: 1
2025-08-16T22:27:42.3422103Z   pythonLocation: /opt/hostedtoolcache/Python/3.12.11/x64
2025-08-16T22:27:42.3422647Z   PKG_CONFIG_PATH: /opt/hostedtoolcache/Python/3.12.11/x64/lib/pkgconfig
2025-08-16T22:27:42.3423389Z   Python_ROOT_DIR: /opt/hostedtoolcache/Python/3.12.11/x64
2025-08-16T22:27:42.3423859Z   Python2_ROOT_DIR: /opt/hostedtoolcache/Python/3.12.11/x64
2025-08-16T22:27:42.3424356Z   Python3_ROOT_DIR: /opt/hostedtoolcache/Python/3.12.11/x64
2025-08-16T22:27:42.3424805Z   LD_LIBRARY_PATH: /opt/hostedtoolcache/Python/3.12.11/x64/lib
2025-08-16T22:27:42.3425261Z   POSTGRES_USER: postgres
2025-08-16T22:27:42.3425574Z   POSTGRES_PASSWORD: pass
2025-08-16T22:27:42.3425834Z   POSTGRES_DB: awa
2025-08-16T22:27:42.3426201Z   LLM_PROVIDER: lan
2025-08-16T22:27:42.3426507Z   LLM_BASE_URL: http://localhost:8000
2025-08-16T22:27:42.3426830Z ##[endgroup]
2025-08-16T22:28:08.1844271Z .....s.................................................................. [ 58%]
2025-08-16T22:28:39.4184214Z ...................................................                      [100%]
2025-08-16T22:28:39.4185438Z =============================== warnings summary ===============================
2025-08-16T22:28:39.4186544Z services/alert_bot/tests/test_smoke.py:5
2025-08-16T22:28:39.4190222Z   /home/runner/work/AWA-App/AWA-App/services/alert_bot/tests/test_smoke.py:5: UserWarning: pkg_resources is deprecated as an API. See https://setuptools.pypa.io/en/latest/pkg_resources.html. The pkg_resources package is slated for removal as early as 2025-11-30. Refrain from using this package or pin to Setuptools<81.
2025-08-16T22:28:39.4192173Z     import pkg_resources  # noqa: F401
2025-08-16T22:28:39.4192424Z 
2025-08-16T22:28:39.4192762Z tests/test_api_fast.py::test_health_endpoint
2025-08-16T22:28:39.4194338Z   /home/runner/work/AWA-App/AWA-App/tests/test_api_fast.py:13: DeprecationWarning: datetime.datetime.utcnow() is deprecated and scheduled for removal in a future version. Use timezone-aware objects to represent datetimes in UTC: datetime.datetime.now(datetime.UTC).
2025-08-16T22:28:39.4195691Z     return datetime.datetime.utcnow()
2025-08-16T22:28:39.4195978Z 
2025-08-16T22:28:39.4196151Z tests/test_api_fast.py: 1 warning
2025-08-16T22:28:39.4196703Z tests/test_health.py: 5 warnings
2025-08-16T22:28:39.4197234Z tests/test_smoke.py: 5 warnings
2025-08-16T22:28:39.4197962Z services/api/tests/test_health.py: 1 warning
2025-08-16T22:28:39.4199536Z   /home/runner/work/AWA-App/AWA-App/services/api/routes/health.py:24: DeprecationWarning: datetime.datetime.utcnow() is deprecated and scheduled for removal in a future version. Use timezone-aware objects to represent datetimes in UTC: datetime.datetime.now(datetime.UTC).
2025-08-16T22:28:39.4201018Z     app_now = datetime.utcnow().replace(tzinfo=timezone.utc)
2025-08-16T22:28:39.4201312Z 
2025-08-16T22:28:39.4201612Z tests/test_health.py::test_health[0]
2025-08-16T22:28:39.4202106Z tests/test_health.py::test_health[1]
2025-08-16T22:28:39.4202514Z tests/test_health.py::test_health[2]
2025-08-16T22:28:39.4203020Z tests/test_health.py::test_health[3]
2025-08-16T22:28:39.4203363Z tests/test_health.py::test_health[4]
2025-08-16T22:28:39.4204826Z   /home/runner/work/AWA-App/AWA-App/tests/test_health.py:22: DeprecationWarning: datetime.datetime.utcnow() is deprecated and scheduled for removal in a future version. Use timezone-aware objects to represent datetimes in UTC: datetime.datetime.now(datetime.UTC).
2025-08-16T22:28:39.4206108Z     return datetime.datetime.utcnow()
2025-08-16T22:28:39.4206447Z 
2025-08-16T22:28:39.4206623Z tests/test_smoke.py::test_health[0]
2025-08-16T22:28:39.4207045Z tests/test_smoke.py::test_health[1]
2025-08-16T22:28:39.4207711Z tests/test_smoke.py::test_health[2]
2025-08-16T22:28:39.4208106Z tests/test_smoke.py::test_health[3]
2025-08-16T22:28:39.4208543Z tests/test_smoke.py::test_health[4]
2025-08-16T22:28:39.4209739Z   /home/runner/work/AWA-App/AWA-App/tests/test_smoke.py:32: DeprecationWarning: datetime.datetime.utcnow() is deprecated and scheduled for removal in a future version. Use timezone-aware objects to represent datetimes in UTC: datetime.datetime.now(datetime.UTC).
2025-08-16T22:28:39.4210795Z     return datetime.datetime.utcnow()
2025-08-16T22:28:39.4211099Z 
2025-08-16T22:28:39.4211533Z services/api/tests/test_health.py::test_health_route
2025-08-16T22:28:39.4212811Z   /home/runner/work/AWA-App/AWA-App/services/api/tests/test_health.py:14: DeprecationWarning: datetime.datetime.utcnow() is deprecated and scheduled for removal in a future version. Use timezone-aware objects to represent datetimes in UTC: datetime.datetime.now(datetime.UTC).
2025-08-16T22:28:39.4213966Z     return datetime.datetime.utcnow()
2025-08-16T22:28:39.4214254Z 
2025-08-16T22:28:39.4214556Z -- Docs: https://docs.pytest.org/en/stable/how-to/capture-warnings.html
2025-08-16T22:28:39.4215125Z ================================ tests coverage ================================
2025-08-16T22:28:39.4215732Z _______________ coverage: platform linux, python 3.12.11-final-0 _______________
2025-08-16T22:28:39.4216052Z 
2025-08-16T22:28:39.4216228Z Coverage XML written to file coverage.xml
2025-08-16T22:28:39.4216708Z Required test coverage of 45% reached. Total coverage: 58.64%
2025-08-16T22:28:39.7448050Z ##[group]Run echo "::group::postgres container logs"
2025-08-16T22:28:39.7448484Z [36;1mecho "::group::postgres container logs"[0m
2025-08-16T22:28:39.7449098Z [36;1mdocker logs 8d0647c01854f6c4750614400956de167c630b5744dc5fd2d57a442ee676d527 --tail 200[0m
2025-08-16T22:28:39.7449554Z [36;1mecho "::endgroup::"[0m
2025-08-16T22:28:39.7492209Z shell: /usr/bin/bash -e {0}
2025-08-16T22:28:39.7492447Z env:
2025-08-16T22:28:39.7492622Z   PG_USER: postgres
2025-08-16T22:28:39.7492826Z   PG_PASSWORD: pass
2025-08-16T22:28:39.7493009Z   PG_DATABASE: awa
2025-08-16T22:28:39.7493194Z   PG_HOST: localhost
2025-08-16T22:28:39.7493383Z   PG_PORT: 5432
2025-08-16T22:28:39.7493792Z   PG_SYNC_DSN: ***localhost:5432/awa
2025-08-16T22:28:39.7494201Z   PG_ASYNC_DSN: ***localhost:5432/awa
2025-08-16T22:28:39.7494577Z   DATABASE_URL: ***localhost:5432/awa
2025-08-16T22:28:39.7494816Z   DATA_DIR: /tmp/awa-data
2025-08-16T22:28:39.7495024Z   ENABLE_LIVE: 0
2025-08-16T22:28:39.7495226Z   TESTING: 1
2025-08-16T22:28:39.7495465Z   pythonLocation: /opt/hostedtoolcache/Python/3.12.11/x64
2025-08-16T22:28:39.7495866Z   PKG_CONFIG_PATH: /opt/hostedtoolcache/Python/3.12.11/x64/lib/pkgconfig
2025-08-16T22:28:39.7496256Z   Python_ROOT_DIR: /opt/hostedtoolcache/Python/3.12.11/x64
2025-08-16T22:28:39.7496621Z   Python2_ROOT_DIR: /opt/hostedtoolcache/Python/3.12.11/x64
2025-08-16T22:28:39.7496978Z   Python3_ROOT_DIR: /opt/hostedtoolcache/Python/3.12.11/x64
2025-08-16T22:28:39.7497527Z   LD_LIBRARY_PATH: /opt/hostedtoolcache/Python/3.12.11/x64/lib
2025-08-16T22:28:39.7498042Z ##[endgroup]
2025-08-16T22:28:39.7559063Z ##[group]postgres container logs
2025-08-16T22:28:39.7699939Z The files belonging to this database system will be owned by user "postgres".
2025-08-16T22:28:39.7701110Z initdb: warning: enabling "trust" authentication for local connections
2025-08-16T22:28:39.7702582Z initdb: hint: You can change this by editing pg_hba.conf or using the option -A, or --auth-local and --auth-host, the next time you run initdb.
2025-08-16T22:28:39.7703654Z This user must also own the server process.
2025-08-16T22:28:39.7704008Z 
2025-08-16T22:28:39.7704445Z The database cluster will be initialized with locale "en_US.utf8".
2025-08-16T22:28:39.7705364Z The default database encoding has accordingly been set to "UTF8".
2025-08-16T22:28:39.7706202Z The default text search configuration will be set to "english".
2025-08-16T22:28:39.7706623Z 
2025-08-16T22:28:39.7706867Z Data page checksums are disabled.
2025-08-16T22:28:39.7707146Z 
2025-08-16T22:28:39.7707814Z fixing permissions on existing directory /var/lib/postgresql/data ... ok
2025-08-16T22:28:39.7708523Z creating subdirectories ... ok
2025-08-16T22:28:39.7709111Z selecting dynamic shared memory implementation ... posix
2025-08-16T22:28:39.7709723Z selecting default max_connections ... 100
2025-08-16T22:28:39.7710296Z selecting default shared_buffers ... 128MB
2025-08-16T22:28:39.7710845Z selecting default time zone ... Etc/UTC
2025-08-16T22:28:39.7711369Z creating configuration files ... ok
2025-08-16T22:28:39.7712155Z running bootstrap script ... ok
2025-08-16T22:28:39.7712718Z performing post-bootstrap initialization ... ok
2025-08-16T22:28:39.7713241Z syncing data to disk ... ok
2025-08-16T22:28:39.7713495Z 
2025-08-16T22:28:39.7713506Z 
2025-08-16T22:28:39.7713847Z Success. You can now start the database server using:
2025-08-16T22:28:39.7714231Z 
2025-08-16T22:28:39.7714541Z     pg_ctl -D /var/lib/postgresql/data -l logfile start
2025-08-16T22:28:39.7714910Z 
2025-08-16T22:28:39.7716145Z waiting for server to start....2025-08-16 22:26:18.369 UTC [48] LOG:  starting PostgreSQL 15.14 (Debian 15.14-1.pgdg13+1) on x86_64-pc-linux-gnu, compiled by gcc (Debian 14.2.0-19) 14.2.0, 64-bit
2025-08-16T22:28:39.7717817Z 2025-08-16 22:26:18.369 UTC [48] LOG:  listening on Unix socket "/var/run/postgresql/.s.PGSQL.5432"
2025-08-16T22:28:39.7718871Z 2025-08-16 22:26:18.372 UTC [51] LOG:  database system was shut down at 2025-08-16 22:26:18 UTC
2025-08-16T22:28:39.7720146Z 2025-08-16 22:26:18.376 UTC [48] LOG:  database system is ready to accept connections
2025-08-16T22:28:39.7720757Z  done
2025-08-16T22:28:39.7721046Z server started
2025-08-16T22:28:39.7721578Z CREATE DATABASE
2025-08-16T22:28:39.7721771Z 
2025-08-16T22:28:39.7721780Z 
2025-08-16T22:28:39.7722295Z /usr/local/bin/docker-entrypoint.sh: ignoring /docker-entrypoint-initdb.d/*
2025-08-16T22:28:39.7722616Z 
2025-08-16T22:28:39.7722860Z 2025-08-16 22:26:18.554 UTC [48] LOG:  received fast shutdown request
2025-08-16T22:28:39.7723450Z waiting for server to shut down....2025-08-16 22:26:18.554 UTC [48] LOG:  aborting any active transactions
2025-08-16T22:28:39.7724203Z 2025-08-16 22:26:18.556 UTC [48] LOG:  background worker "logical replication launcher" (PID 54) exited with exit code 1
2025-08-16T22:28:39.7724747Z 2025-08-16 22:26:18.556 UTC [49] LOG:  shutting down
2025-08-16T22:28:39.7725196Z 2025-08-16 22:26:18.557 UTC [49] LOG:  checkpoint starting: shutdown immediate
2025-08-16T22:28:39.7726322Z 2025-08-16 22:26:18.572 UTC [49] LOG:  checkpoint complete: wrote 922 buffers (5.6%); 0 WAL file(s) added, 0 removed, 0 recycled; write=0.013 s, sync=0.002 s, total=0.017 s; sync files=301, longest=0.001 s, average=0.001 s; distance=4239 kB, estimate=4239 kB
2025-08-16T22:28:39.7727241Z 2025-08-16 22:26:18.578 UTC [48] LOG:  database system is shut down
2025-08-16T22:28:39.7727768Z  done
2025-08-16T22:28:39.7727953Z server stopped
2025-08-16T22:28:39.7728072Z 
2025-08-16T22:28:39.7728275Z PostgreSQL init process complete; ready for start up.
2025-08-16T22:28:39.7728499Z 
2025-08-16T22:28:39.7729088Z 2025-08-16 22:26:18.673 UTC [1] LOG:  starting PostgreSQL 15.14 (Debian 15.14-1.pgdg13+1) on x86_64-pc-linux-gnu, compiled by gcc (Debian 14.2.0-19) 14.2.0, 64-bit
2025-08-16T22:28:39.7729813Z 2025-08-16 22:26:18.673 UTC [1] LOG:  listening on IPv4 address "0.0.0.0", port 5432
2025-08-16T22:28:39.7730354Z 2025-08-16 22:26:18.673 UTC [1] LOG:  listening on IPv6 address "::", port 5432
2025-08-16T22:28:39.7730929Z 2025-08-16 22:26:18.676 UTC [1] LOG:  listening on Unix socket "/var/run/postgresql/.s.PGSQL.5432"
2025-08-16T22:28:39.7731538Z 2025-08-16 22:26:18.678 UTC [64] LOG:  database system was shut down at 2025-08-16 22:26:18 UTC
2025-08-16T22:28:39.7732083Z 2025-08-16 22:26:18.682 UTC [1] LOG:  database system is ready to accept connections
2025-08-16T22:28:39.7732630Z ##[endgroup]
2025-08-16T22:28:39.7782912Z Post job cleanup.
2025-08-16T22:28:39.9996832Z Post job cleanup.
2025-08-16T22:28:40.1304207Z Cache hit occurred on the primary key Linux-test-dee7c0c28332ec2ebb5d2650fb0d2cfddf025b3b0e96b0c826645ad2cb717961, not saving cache.
2025-08-16T22:28:40.1390544Z Post job cleanup.
2025-08-16T22:28:40.2874601Z Cache hit occurred on the primary key setup-python-Linux-x64-24.04-Ubuntu-python-3.12.11-pip-be31af00322339d68f50246922f2db2622878991132419b45e9be30d325a52f1, not saving cache.
2025-08-16T22:28:40.2973719Z Post job cleanup.
2025-08-16T22:28:40.3914144Z [command]/usr/bin/git version
2025-08-16T22:28:40.3950940Z git version 2.50.1
2025-08-16T22:28:40.4005273Z Temporarily overriding HOME='/home/runner/work/_temp/50de90c6-bf38-4d52-bb9e-96232a95a672' before making global git config changes
2025-08-16T22:28:40.4007149Z Adding repository directory to the temporary git global config as a safe directory
2025-08-16T22:28:40.4012329Z [command]/usr/bin/git config --global --add safe.directory /home/runner/work/AWA-App/AWA-App
2025-08-16T22:28:40.4048292Z [command]/usr/bin/git config --local --name-only --get-regexp core\.sshCommand
2025-08-16T22:28:40.4081970Z [command]/usr/bin/git submodule foreach --recursive sh -c "git config --local --name-only --get-regexp 'core\.sshCommand' && git config --local --unset-all 'core.sshCommand' || :"
2025-08-16T22:28:40.4304896Z [command]/usr/bin/git config --local --name-only --get-regexp http\.https\:\/\/github\.com\/\.extraheader
2025-08-16T22:28:40.4324854Z http.https://github.com/.extraheader
2025-08-16T22:28:40.4338378Z [command]/usr/bin/git config --local --unset-all http.https://github.com/.extraheader
2025-08-16T22:28:40.4369318Z [command]/usr/bin/git submodule foreach --recursive sh -c "git config --local --name-only --get-regexp 'http\.https\:\/\/github\.com\/\.extraheader' && git config --local --unset-all 'http.https://github.com/.extraheader' || :"
2025-08-16T22:28:40.4679953Z Print service container logs: bc7c4f088142476a9408c3fa59e489a9_postgres15_218e54
2025-08-16T22:28:40.4684727Z ##[command]/usr/bin/docker logs --details 8d0647c01854f6c4750614400956de167c630b5744dc5fd2d57a442ee676d527
2025-08-16T22:28:40.4806032Z  initdb: warning: enabling "trust" authentication for local connections
2025-08-16T22:28:40.4807147Z  initdb: hint: You can change this by editing pg_hba.conf or using the option -A, or --auth-local and --auth-host, the next time you run initdb.
2025-08-16T22:28:40.4808799Z  2025-08-16 22:26:18.673 UTC [1] LOG:  starting PostgreSQL 15.14 (Debian 15.14-1.pgdg13+1) on x86_64-pc-linux-gnu, compiled by gcc (Debian 14.2.0-19) 14.2.0, 64-bit
2025-08-16T22:28:40.4809607Z  The files belonging to this database system will be owned by user "postgres".
2025-08-16T22:28:40.4810196Z  2025-08-16 22:26:18.673 UTC [1] LOG:  listening on IPv4 address "0.0.0.0", port 5432
2025-08-16T22:28:40.4810875Z  2025-08-16 22:26:18.673 UTC [1] LOG:  listening on IPv6 address "::", port 5432
2025-08-16T22:28:40.4811552Z  2025-08-16 22:26:18.676 UTC [1] LOG:  listening on Unix socket "/var/run/postgresql/.s.PGSQL.5432"
2025-08-16T22:28:40.4812064Z  2025-08-16 22:26:18.678 UTC [64] LOG:  database system was shut down at 2025-08-16 22:26:18 UTC
2025-08-16T22:28:40.4812537Z  2025-08-16 22:26:18.682 UTC [1] LOG:  database system is ready to accept connections
2025-08-16T22:28:40.4812959Z  This user must also own the server process.
2025-08-16T22:28:40.4813336Z  
2025-08-16T22:28:40.4813731Z  The database cluster will be initialized with locale "en_US.utf8".
2025-08-16T22:28:40.4814262Z  The default database encoding has accordingly been set to "UTF8".
2025-08-16T22:28:40.4814792Z  The default text search configuration will be set to "english".
2025-08-16T22:28:40.4815239Z  
2025-08-16T22:28:40.4815579Z  Data page checksums are disabled.
2025-08-16T22:28:40.4815943Z  
2025-08-16T22:28:40.4816358Z  fixing permissions on existing directory /var/lib/postgresql/data ... ok
2025-08-16T22:28:40.4816892Z  creating subdirectories ... ok
2025-08-16T22:28:40.4817777Z  selecting dynamic shared memory implementation ... posix
2025-08-16T22:28:40.4818398Z  selecting default max_connections ... 100
2025-08-16T22:28:40.4818924Z  selecting default shared_buffers ... 128MB
2025-08-16T22:28:40.4819333Z  selecting default time zone ... Etc/UTC
2025-08-16T22:28:40.4819735Z  creating configuration files ... ok
2025-08-16T22:28:40.4820123Z  running bootstrap script ... ok
2025-08-16T22:28:40.4820545Z  performing post-bootstrap initialization ... ok
2025-08-16T22:28:40.4820969Z  syncing data to disk ... ok
2025-08-16T22:28:40.4821327Z  
2025-08-16T22:28:40.4821620Z  
2025-08-16T22:28:40.4821952Z  Success. You can now start the database server using:
2025-08-16T22:28:40.4822363Z  
2025-08-16T22:28:40.4822939Z      pg_ctl -D /var/lib/postgresql/data -l logfile start
2025-08-16T22:28:40.4823359Z  
2025-08-16T22:28:40.4824026Z  waiting for server to start....2025-08-16 22:26:18.369 UTC [48] LOG:  starting PostgreSQL 15.14 (Debian 15.14-1.pgdg13+1) on x86_64-pc-linux-gnu, compiled by gcc (Debian 14.2.0-19) 14.2.0, 64-bit
2025-08-16T22:28:40.4824874Z  2025-08-16 22:26:18.369 UTC [48] LOG:  listening on Unix socket "/var/run/postgresql/.s.PGSQL.5432"
2025-08-16T22:28:40.4825469Z  2025-08-16 22:26:18.372 UTC [51] LOG:  database system was shut down at 2025-08-16 22:26:18 UTC
2025-08-16T22:28:40.4826044Z  2025-08-16 22:26:18.376 UTC [48] LOG:  database system is ready to accept connections
2025-08-16T22:28:40.4826495Z   done
2025-08-16T22:28:40.4826808Z  server started
2025-08-16T22:28:40.4827138Z  CREATE DATABASE
2025-08-16T22:28:40.4827613Z  
2025-08-16T22:28:40.4827908Z  
2025-08-16T22:28:40.4828343Z  /usr/local/bin/docker-entrypoint.sh: ignoring /docker-entrypoint-initdb.d/*
2025-08-16T22:28:40.4828825Z  
2025-08-16T22:28:40.4829197Z  2025-08-16 22:26:18.554 UTC [48] LOG:  received fast shutdown request
2025-08-16T22:28:40.4829975Z  waiting for server to shut down....2025-08-16 22:26:18.554 UTC [48] LOG:  aborting any active transactions
2025-08-16T22:28:40.4830697Z  2025-08-16 22:26:18.556 UTC [48] LOG:  background worker "logical replication launcher" (PID 54) exited with exit code 1
2025-08-16T22:28:40.4831281Z  2025-08-16 22:26:18.556 UTC [49] LOG:  shutting down
2025-08-16T22:28:40.4831751Z  2025-08-16 22:26:18.557 UTC [49] LOG:  checkpoint starting: shutdown immediate
2025-08-16T22:28:40.4832682Z  2025-08-16 22:26:18.572 UTC [49] LOG:  checkpoint complete: wrote 922 buffers (5.6%); 0 WAL file(s) added, 0 removed, 0 recycled; write=0.013 s, sync=0.002 s, total=0.017 s; sync files=301, longest=0.001 s, average=0.001 s; distance=4239 kB, estimate=4239 kB
2025-08-16T22:28:40.4833698Z  2025-08-16 22:26:18.578 UTC [48] LOG:  database system is shut down
2025-08-16T22:28:40.4834153Z   done
2025-08-16T22:28:40.4834476Z  server stopped
2025-08-16T22:28:40.4834787Z  
2025-08-16T22:28:40.4835147Z  PostgreSQL init process complete; ready for start up.
2025-08-16T22:28:40.4835573Z  
2025-08-16T22:28:40.4842140Z Stop and remove container: bc7c4f088142476a9408c3fa59e489a9_postgres15_218e54
2025-08-16T22:28:40.4846599Z ##[command]/usr/bin/docker rm --force 8d0647c01854f6c4750614400956de167c630b5744dc5fd2d57a442ee676d527
2025-08-16T22:28:40.6152364Z 8d0647c01854f6c4750614400956de167c630b5744dc5fd2d57a442ee676d527
2025-08-16T22:28:40.6181998Z Remove container network: github_network_459549dec8ea4e1eb64541a2d0e9f0ad
2025-08-16T22:28:40.6186239Z ##[command]/usr/bin/docker network rm github_network_459549dec8ea4e1eb64541a2d0e9f0ad
2025-08-16T22:28:40.7684900Z github_network_459549dec8ea4e1eb64541a2d0e9f0ad
2025-08-16T22:28:40.7744708Z Cleaning up orphan processes
