2025-08-21T21:07:11.2815188Z Current runner version: '2.328.0'
2025-08-21T21:07:11.2841257Z ##[group]Runner Image Provisioner
2025-08-21T21:07:11.2842045Z Hosted Compute Agent
2025-08-21T21:07:11.2843033Z Version: 20250818.377
2025-08-21T21:07:11.2843617Z Commit: 3c593e9f75fe0b87e893bca80d6e12ba089c61fc
2025-08-21T21:07:11.2844302Z Build Date: 2025-08-18T14:52:18Z
2025-08-21T21:07:11.2844939Z ##[endgroup]
2025-08-21T21:07:11.2845463Z ##[group]Operating System
2025-08-21T21:07:11.2846020Z Ubuntu
2025-08-21T21:07:11.2846492Z 24.04.2
2025-08-21T21:07:11.2846970Z LTS
2025-08-21T21:07:11.2847387Z ##[endgroup]
2025-08-21T21:07:11.2847895Z ##[group]Runner Image
2025-08-21T21:07:11.2848447Z Image: ubuntu-24.04
2025-08-21T21:07:11.2848945Z Version: 20250818.1.0
2025-08-21T21:07:11.2849985Z Included Software: https://github.com/actions/runner-images/blob/ubuntu24/20250818.1/images/ubuntu/Ubuntu2404-Readme.md
2025-08-21T21:07:11.2851517Z Image Release: https://github.com/actions/runner-images/releases/tag/ubuntu24%2F20250818.1
2025-08-21T21:07:11.2852703Z ##[endgroup]
2025-08-21T21:07:11.2855173Z ##[group]GITHUB_TOKEN Permissions
2025-08-21T21:07:11.2857498Z Actions: write
2025-08-21T21:07:11.2858165Z Attestations: write
2025-08-21T21:07:11.2858657Z Checks: write
2025-08-21T21:07:11.2859132Z Contents: write
2025-08-21T21:07:11.2859662Z Deployments: write
2025-08-21T21:07:11.2860176Z Discussions: write
2025-08-21T21:07:11.2860694Z Issues: write
2025-08-21T21:07:11.2861201Z Metadata: read
2025-08-21T21:07:11.2861682Z Models: read
2025-08-21T21:07:11.2862130Z Packages: write
2025-08-21T21:07:11.2862885Z Pages: write
2025-08-21T21:07:11.2863355Z PullRequests: write
2025-08-21T21:07:11.2863959Z RepositoryProjects: write
2025-08-21T21:07:11.2864518Z SecurityEvents: write
2025-08-21T21:07:11.2865160Z Statuses: write
2025-08-21T21:07:11.2865654Z ##[endgroup]
2025-08-21T21:07:11.2868001Z Secret source: Actions
2025-08-21T21:07:11.2869020Z Prepare workflow directory
2025-08-21T21:07:11.3306704Z Prepare all required actions
2025-08-21T21:07:11.3346298Z Getting action download info
2025-08-21T21:07:11.8763573Z Download action repository 'actions/checkout@v5' (SHA:08c6903cd8c0fde910a37f88322edcfb5dd907a8)
2025-08-21T21:07:11.9657386Z Download action repository 'actions/setup-python@v5' (SHA:a26af69be951a213d495a4c3e4e4022e16d87065)
2025-08-21T21:07:12.0873626Z Download action repository 'actions/cache@v4' (SHA:0400d5f644dc74513175e3cd8d07132dd4860809)
2025-08-21T21:07:12.1863396Z Download action repository 'actions/setup-node@v4' (SHA:49933ea5288caeca8642d1e84afbd3f7d6820020)
2025-08-21T21:07:12.3343547Z Download action repository 'codecov/codecov-action@v5' (SHA:fdcc8476540edceab3de004e990f80d881c6cc00)
2025-08-21T21:07:12.8501754Z Getting action download info
2025-08-21T21:07:13.0101374Z Download action repository 'actions/github-script@60a0d83039c74a4aee543508d2ffcb1c3799cdea' (SHA:60a0d83039c74a4aee543508d2ffcb1c3799cdea)
2025-08-21T21:07:13.5204124Z Complete job name: test
2025-08-21T21:07:13.5806571Z ##[group]Checking docker version
2025-08-21T21:07:13.5820206Z ##[command]/usr/bin/docker version --format '{{.Server.APIVersion}}'
2025-08-21T21:07:13.6404777Z '1.48'
2025-08-21T21:07:13.6417412Z Docker daemon API version: '1.48'
2025-08-21T21:07:13.6418783Z ##[command]/usr/bin/docker version --format '{{.Client.APIVersion}}'
2025-08-21T21:07:13.6579995Z '1.48'
2025-08-21T21:07:13.6594602Z Docker client API version: '1.48'
2025-08-21T21:07:13.6601045Z ##[endgroup]
2025-08-21T21:07:13.6604750Z ##[group]Clean up resources from previous jobs
2025-08-21T21:07:13.6611227Z ##[command]/usr/bin/docker ps --all --quiet --no-trunc --filter "label=248a98"
2025-08-21T21:07:13.6759360Z ##[command]/usr/bin/docker network prune --force --filter "label=248a98"
2025-08-21T21:07:13.6890380Z ##[endgroup]
2025-08-21T21:07:13.6891227Z ##[group]Create local container network
2025-08-21T21:07:13.6902524Z ##[command]/usr/bin/docker network create --label 248a98 github_network_5ceb6f8f0afc4ab8ae0f880fd7ad0a6d
2025-08-21T21:07:13.7387761Z cc8bbfbab98cc9e3f5022cb5e7c9da1249f05e2dcf101dcb4012e00ea0cac6c8
2025-08-21T21:07:13.7405865Z ##[endgroup]
2025-08-21T21:07:13.7430798Z ##[group]Starting postgres service container
2025-08-21T21:07:13.7513018Z ##[command]/usr/bin/docker pull postgres:15
2025-08-21T21:07:14.8141204Z 15: Pulling from library/postgres
2025-08-21T21:07:15.0687756Z 396b1da7636e: Pulling fs layer
2025-08-21T21:07:15.0690264Z fca2566eba32: Pulling fs layer
2025-08-21T21:07:15.0691326Z 631fe8c6d606: Pulling fs layer
2025-08-21T21:07:15.0692423Z 77c7671c4414: Pulling fs layer
2025-08-21T21:07:15.0693320Z 2d9e29180a27: Pulling fs layer
2025-08-21T21:07:15.0694188Z c6bcc2c9a041: Pulling fs layer
2025-08-21T21:07:15.0695070Z ac4b721eb66f: Pulling fs layer
2025-08-21T21:07:15.0695941Z 606bd164980e: Pulling fs layer
2025-08-21T21:07:15.0696841Z f5dfd246bc6e: Pulling fs layer
2025-08-21T21:07:15.0697707Z ba7036bb0a60: Pulling fs layer
2025-08-21T21:07:15.0698594Z 799f859abbbd: Pulling fs layer
2025-08-21T21:07:15.0699565Z d903e777080c: Pulling fs layer
2025-08-21T21:07:15.0700449Z 04adcb462801: Pulling fs layer
2025-08-21T21:07:15.0701336Z 5c10925b29ff: Pulling fs layer
2025-08-21T21:07:15.0702161Z 2d9e29180a27: Waiting
2025-08-21T21:07:15.0703101Z c6bcc2c9a041: Waiting
2025-08-21T21:07:15.0703843Z ac4b721eb66f: Waiting
2025-08-21T21:07:15.0704584Z 606bd164980e: Waiting
2025-08-21T21:07:15.0705311Z f5dfd246bc6e: Waiting
2025-08-21T21:07:15.0706053Z ba7036bb0a60: Waiting
2025-08-21T21:07:15.0706795Z 799f859abbbd: Waiting
2025-08-21T21:07:15.0707545Z d903e777080c: Waiting
2025-08-21T21:07:15.0708272Z 04adcb462801: Waiting
2025-08-21T21:07:15.0709028Z 5c10925b29ff: Waiting
2025-08-21T21:07:15.0709753Z 77c7671c4414: Waiting
2025-08-21T21:07:15.3553703Z fca2566eba32: Verifying Checksum
2025-08-21T21:07:15.3555105Z fca2566eba32: Download complete
2025-08-21T21:07:15.4157562Z 631fe8c6d606: Download complete
2025-08-21T21:07:15.6373203Z 77c7671c4414: Verifying Checksum
2025-08-21T21:07:15.6373906Z 77c7671c4414: Download complete
2025-08-21T21:07:15.6751441Z 396b1da7636e: Verifying Checksum
2025-08-21T21:07:15.6752102Z 396b1da7636e: Download complete
2025-08-21T21:07:15.9489929Z c6bcc2c9a041: Verifying Checksum
2025-08-21T21:07:15.9490973Z c6bcc2c9a041: Download complete
2025-08-21T21:07:15.9506273Z ac4b721eb66f: Verifying Checksum
2025-08-21T21:07:15.9506792Z ac4b721eb66f: Download complete
2025-08-21T21:07:15.9810946Z 2d9e29180a27: Verifying Checksum
2025-08-21T21:07:15.9817225Z 2d9e29180a27: Download complete
2025-08-21T21:07:16.2030331Z 606bd164980e: Verifying Checksum
2025-08-21T21:07:16.2030928Z 606bd164980e: Download complete
2025-08-21T21:07:16.2427631Z ba7036bb0a60: Verifying Checksum
2025-08-21T21:07:16.2428262Z ba7036bb0a60: Download complete
2025-08-21T21:07:16.4873213Z 799f859abbbd: Download complete
2025-08-21T21:07:16.5080443Z d903e777080c: Verifying Checksum
2025-08-21T21:07:16.5081103Z d903e777080c: Download complete
2025-08-21T21:07:16.6755148Z 396b1da7636e: Pull complete
2025-08-21T21:07:16.7553060Z 5c10925b29ff: Download complete
2025-08-21T21:07:16.7681734Z 04adcb462801: Verifying Checksum
2025-08-21T21:07:16.7682136Z 04adcb462801: Download complete
2025-08-21T21:07:16.8189191Z fca2566eba32: Pull complete
2025-08-21T21:07:17.0004606Z 631fe8c6d606: Pull complete
2025-08-21T21:07:17.0481092Z 77c7671c4414: Pull complete
2025-08-21T21:07:17.3675291Z 2d9e29180a27: Pull complete
2025-08-21T21:07:17.4565935Z c6bcc2c9a041: Pull complete
2025-08-21T21:07:17.4673645Z ac4b721eb66f: Pull complete
2025-08-21T21:07:17.4825588Z 606bd164980e: Pull complete
2025-08-21T21:07:17.6545745Z f5dfd246bc6e: Verifying Checksum
2025-08-21T21:07:17.6546248Z f5dfd246bc6e: Download complete
2025-08-21T21:07:20.5643425Z f5dfd246bc6e: Pull complete
2025-08-21T21:07:20.5795431Z ba7036bb0a60: Pull complete
2025-08-21T21:07:20.5915078Z 799f859abbbd: Pull complete
2025-08-21T21:07:20.6022827Z d903e777080c: Pull complete
2025-08-21T21:07:20.6131372Z 04adcb462801: Pull complete
2025-08-21T21:07:20.6246782Z 5c10925b29ff: Pull complete
2025-08-21T21:07:20.6291496Z Digest: sha256:bc51cf4f1fe02cce7ed2370b20128a9b00b4eb804573a77d2a0d877aaa9c82b1
2025-08-21T21:07:20.6305909Z Status: Downloaded newer image for postgres:15
2025-08-21T21:07:20.6315312Z docker.io/library/postgres:15
2025-08-21T21:07:20.6377987Z ##[command]/usr/bin/docker create --name 456acbe532b94b3c95e32bec00108d35_postgres15_998834 --label 248a98 --network github_network_5ceb6f8f0afc4ab8ae0f880fd7ad0a6d --network-alias postgres -p 5432:5432 --health-cmd="pg_isready -U postgres -d awa" --health-interval=5s --health-timeout=5s --health-retries=10 -e "POSTGRES_USER=postgres" -e "POSTGRES_PASSWORD=pass" -e "POSTGRES_DB=awa" -e GITHUB_ACTIONS=true -e CI=true postgres:15
2025-08-21T21:07:20.6629841Z dc03c59144a97c470054969e5702674246f8b93c22c92a40efb4a5dcfd4a81fa
2025-08-21T21:07:20.6654899Z ##[command]/usr/bin/docker start dc03c59144a97c470054969e5702674246f8b93c22c92a40efb4a5dcfd4a81fa
2025-08-21T21:07:20.9750258Z dc03c59144a97c470054969e5702674246f8b93c22c92a40efb4a5dcfd4a81fa
2025-08-21T21:07:20.9767110Z ##[command]/usr/bin/docker ps --all --filter id=dc03c59144a97c470054969e5702674246f8b93c22c92a40efb4a5dcfd4a81fa --filter status=running --no-trunc --format "{{.ID}} {{.Status}}"
2025-08-21T21:07:20.9888301Z dc03c59144a97c470054969e5702674246f8b93c22c92a40efb4a5dcfd4a81fa Up Less than a second (health: starting)
2025-08-21T21:07:20.9910063Z ##[command]/usr/bin/docker port dc03c59144a97c470054969e5702674246f8b93c22c92a40efb4a5dcfd4a81fa
2025-08-21T21:07:21.0039106Z 5432/tcp -> 0.0.0.0:5432
2025-08-21T21:07:21.0039512Z 5432/tcp -> [::]:5432
2025-08-21T21:07:21.0100788Z ##[endgroup]
2025-08-21T21:07:21.0101684Z ##[group]Starting redis service container
2025-08-21T21:07:21.0103188Z ##[command]/usr/bin/docker pull redis:7-alpine
2025-08-21T21:07:21.9979274Z 7-alpine: Pulling from library/redis
2025-08-21T21:07:22.2368429Z 0368fd46e3c6: Pulling fs layer
2025-08-21T21:07:22.2368914Z 4c55286bbede: Pulling fs layer
2025-08-21T21:07:22.2369292Z 5e28347af205: Pulling fs layer
2025-08-21T21:07:22.2369684Z 311eca34042e: Pulling fs layer
2025-08-21T21:07:22.2370045Z e6fe6f07e192: Pulling fs layer
2025-08-21T21:07:22.2370474Z a2cadbfeca72: Pulling fs layer
2025-08-21T21:07:22.2370859Z 4f4fb700ef54: Pulling fs layer
2025-08-21T21:07:22.2371225Z a976ed7e7808: Pulling fs layer
2025-08-21T21:07:22.2371588Z 311eca34042e: Waiting
2025-08-21T21:07:22.2371902Z e6fe6f07e192: Waiting
2025-08-21T21:07:22.2372389Z a2cadbfeca72: Waiting
2025-08-21T21:07:22.2372711Z 4f4fb700ef54: Waiting
2025-08-21T21:07:22.2373152Z a976ed7e7808: Waiting
2025-08-21T21:07:22.5123921Z 4c55286bbede: Verifying Checksum
2025-08-21T21:07:22.5124554Z 4c55286bbede: Download complete
2025-08-21T21:07:22.5413839Z 5e28347af205: Verifying Checksum
2025-08-21T21:07:22.5414284Z 5e28347af205: Download complete
2025-08-21T21:07:22.5878894Z 0368fd46e3c6: Verifying Checksum
2025-08-21T21:07:22.5879354Z 0368fd46e3c6: Download complete
2025-08-21T21:07:22.6903792Z 0368fd46e3c6: Pull complete
2025-08-21T21:07:22.7103376Z 4c55286bbede: Pull complete
2025-08-21T21:07:22.8225011Z 311eca34042e: Verifying Checksum
2025-08-21T21:07:22.8225555Z 311eca34042e: Download complete
2025-08-21T21:07:22.8401401Z a2cadbfeca72: Verifying Checksum
2025-08-21T21:07:22.8402456Z a2cadbfeca72: Download complete
2025-08-21T21:07:22.8555601Z 5e28347af205: Pull complete
2025-08-21T21:07:22.8842833Z 311eca34042e: Pull complete
2025-08-21T21:07:22.9273956Z e6fe6f07e192: Verifying Checksum
2025-08-21T21:07:22.9274387Z e6fe6f07e192: Download complete
2025-08-21T21:07:23.0929722Z 4f4fb700ef54: Verifying Checksum
2025-08-21T21:07:23.0931501Z 4f4fb700ef54: Download complete
2025-08-21T21:07:23.1046014Z e6fe6f07e192: Pull complete
2025-08-21T21:07:23.1128772Z a2cadbfeca72: Pull complete
2025-08-21T21:07:23.1197860Z a976ed7e7808: Verifying Checksum
2025-08-21T21:07:23.1198296Z a976ed7e7808: Download complete
2025-08-21T21:07:23.1211149Z 4f4fb700ef54: Pull complete
2025-08-21T21:07:23.1309239Z a976ed7e7808: Pull complete
2025-08-21T21:07:23.1367815Z Digest: sha256:bb186d083732f669da90be8b0f975a37812b15e913465bb14d845db72a4e3e08
2025-08-21T21:07:23.1368578Z Status: Downloaded newer image for redis:7-alpine
2025-08-21T21:07:23.1377389Z docker.io/library/redis:7-alpine
2025-08-21T21:07:23.1394344Z ##[command]/usr/bin/docker create --name e12afcad90eb4c77b7304fb1cc9b4bea_redis7alpine_b83f4d --label 248a98 --network github_network_5ceb6f8f0afc4ab8ae0f880fd7ad0a6d --network-alias redis -p 6379:6379  -e GITHUB_ACTIONS=true -e CI=true redis:7-alpine
2025-08-21T21:07:23.1616326Z 8af8f7b09f4944e1d80d7f31cef6b59a23872fc0588c6983b9784aeca818765d
2025-08-21T21:07:23.1629645Z ##[command]/usr/bin/docker start 8af8f7b09f4944e1d80d7f31cef6b59a23872fc0588c6983b9784aeca818765d
2025-08-21T21:07:23.2935507Z 8af8f7b09f4944e1d80d7f31cef6b59a23872fc0588c6983b9784aeca818765d
2025-08-21T21:07:23.2950546Z ##[command]/usr/bin/docker ps --all --filter id=8af8f7b09f4944e1d80d7f31cef6b59a23872fc0588c6983b9784aeca818765d --filter status=running --no-trunc --format "{{.ID}} {{.Status}}"
2025-08-21T21:07:23.3072978Z 8af8f7b09f4944e1d80d7f31cef6b59a23872fc0588c6983b9784aeca818765d Up Less than a second
2025-08-21T21:07:23.3087316Z ##[command]/usr/bin/docker port 8af8f7b09f4944e1d80d7f31cef6b59a23872fc0588c6983b9784aeca818765d
2025-08-21T21:07:23.3204422Z 6379/tcp -> 0.0.0.0:6379
2025-08-21T21:07:23.3204828Z 6379/tcp -> [::]:6379
2025-08-21T21:07:23.3218525Z ##[endgroup]
2025-08-21T21:07:23.3230358Z ##[group]Waiting for all services to be ready
2025-08-21T21:07:23.3244063Z ##[command]/usr/bin/docker inspect --format="{{if .Config.Healthcheck}}{{print .State.Health.Status}}{{end}}" dc03c59144a97c470054969e5702674246f8b93c22c92a40efb4a5dcfd4a81fa
2025-08-21T21:07:23.3358100Z starting
2025-08-21T21:07:23.3379340Z postgres service is starting, waiting 2 seconds before checking again.
2025-08-21T21:07:25.3378567Z ##[command]/usr/bin/docker inspect --format="{{if .Config.Healthcheck}}{{print .State.Health.Status}}{{end}}" dc03c59144a97c470054969e5702674246f8b93c22c92a40efb4a5dcfd4a81fa
2025-08-21T21:07:25.3494062Z starting
2025-08-21T21:07:25.3507483Z postgres service is starting, waiting 4 seconds before checking again.
2025-08-21T21:07:29.7179587Z ##[command]/usr/bin/docker inspect --format="{{if .Config.Healthcheck}}{{print .State.Health.Status}}{{end}}" dc03c59144a97c470054969e5702674246f8b93c22c92a40efb4a5dcfd4a81fa
2025-08-21T21:07:29.7358356Z healthy
2025-08-21T21:07:29.7375602Z postgres service is healthy.
2025-08-21T21:07:29.7376406Z ##[command]/usr/bin/docker inspect --format="{{if .Config.Healthcheck}}{{print .State.Health.Status}}{{end}}" 8af8f7b09f4944e1d80d7f31cef6b59a23872fc0588c6983b9784aeca818765d
2025-08-21T21:07:29.7501379Z redis service is healthy.
2025-08-21T21:07:29.7501860Z ##[endgroup]
2025-08-21T21:07:29.7746823Z ##[group]Run actions/checkout@v5
2025-08-21T21:07:29.7747349Z with:
2025-08-21T21:07:29.7747523Z   fetch-depth: 0
2025-08-21T21:07:29.7747734Z   repository: AlexBomber12/AWA-App
2025-08-21T21:07:29.7748109Z   token: ***
2025-08-21T21:07:29.7748289Z   ssh-strict: true
2025-08-21T21:07:29.7748469Z   ssh-user: git
2025-08-21T21:07:29.7748649Z   persist-credentials: true
2025-08-21T21:07:29.7748857Z   clean: true
2025-08-21T21:07:29.7749056Z   sparse-checkout-cone-mode: true
2025-08-21T21:07:29.7749283Z   fetch-tags: false
2025-08-21T21:07:29.7749456Z   show-progress: true
2025-08-21T21:07:29.7749633Z   lfs: false
2025-08-21T21:07:29.7749782Z   submodules: false
2025-08-21T21:07:29.7749958Z   set-safe-directory: true
2025-08-21T21:07:29.7750328Z env:
2025-08-21T21:07:29.7750548Z   REDIS_URL: redis://localhost:6379/0
2025-08-21T21:07:29.7750797Z   RATE_LIMIT_DEFAULT: 100/minute
2025-08-21T21:07:29.7751010Z   TRUST_X_FORWARDED: 1
2025-08-21T21:07:29.7751200Z ##[endgroup]
2025-08-21T21:07:29.8648734Z Syncing repository: AlexBomber12/AWA-App
2025-08-21T21:07:29.8649979Z ##[group]Getting Git version info
2025-08-21T21:07:29.8650339Z Working directory is '/home/runner/work/AWA-App/AWA-App'
2025-08-21T21:07:29.8650831Z [command]/usr/bin/git version
2025-08-21T21:07:29.8674914Z git version 2.51.0
2025-08-21T21:07:29.8696152Z ##[endgroup]
2025-08-21T21:07:29.8709573Z Temporarily overriding HOME='/home/runner/work/_temp/039ec6bf-27c1-4583-b29c-0c03e00794f4' before making global git config changes
2025-08-21T21:07:29.8710663Z Adding repository directory to the temporary git global config as a safe directory
2025-08-21T21:07:29.8714318Z [command]/usr/bin/git config --global --add safe.directory /home/runner/work/AWA-App/AWA-App
2025-08-21T21:07:29.8748009Z Deleting the contents of '/home/runner/work/AWA-App/AWA-App'
2025-08-21T21:07:29.8751401Z ##[group]Initializing the repository
2025-08-21T21:07:29.8755986Z [command]/usr/bin/git init /home/runner/work/AWA-App/AWA-App
2025-08-21T21:07:29.8814913Z hint: Using 'master' as the name for the initial branch. This default branch name
2025-08-21T21:07:29.8815786Z hint: is subject to change. To configure the initial branch name to use in all
2025-08-21T21:07:29.8816627Z hint: of your new repositories, which will suppress this warning, call:
2025-08-21T21:07:29.8817194Z hint:
2025-08-21T21:07:29.8817615Z hint: 	git config --global init.defaultBranch <name>
2025-08-21T21:07:29.8818083Z hint:
2025-08-21T21:07:29.8818576Z hint: Names commonly chosen instead of 'master' are 'main', 'trunk' and
2025-08-21T21:07:29.8819182Z hint: 'development'. The just-created branch can be renamed via this command:
2025-08-21T21:07:29.8819525Z hint:
2025-08-21T21:07:29.8819722Z hint: 	git branch -m <name>
2025-08-21T21:07:29.8819928Z hint:
2025-08-21T21:07:29.8820218Z hint: Disable this message with "git config set advice.defaultBranchName false"
2025-08-21T21:07:29.8820695Z Initialized empty Git repository in /home/runner/work/AWA-App/AWA-App/.git/
2025-08-21T21:07:29.8828334Z [command]/usr/bin/git remote add origin https://github.com/AlexBomber12/AWA-App
2025-08-21T21:07:29.8861249Z ##[endgroup]
2025-08-21T21:07:29.8861720Z ##[group]Disabling automatic garbage collection
2025-08-21T21:07:29.8865347Z [command]/usr/bin/git config --local gc.auto 0
2025-08-21T21:07:29.8891584Z ##[endgroup]
2025-08-21T21:07:29.8892081Z ##[group]Setting up auth
2025-08-21T21:07:29.8898272Z [command]/usr/bin/git config --local --name-only --get-regexp core\.sshCommand
2025-08-21T21:07:29.8927066Z [command]/usr/bin/git submodule foreach --recursive sh -c "git config --local --name-only --get-regexp 'core\.sshCommand' && git config --local --unset-all 'core.sshCommand' || :"
2025-08-21T21:07:29.9192150Z [command]/usr/bin/git config --local --name-only --get-regexp http\.https\:\/\/github\.com\/\.extraheader
2025-08-21T21:07:29.9223556Z [command]/usr/bin/git submodule foreach --recursive sh -c "git config --local --name-only --get-regexp 'http\.https\:\/\/github\.com\/\.extraheader' && git config --local --unset-all 'http.https://github.com/.extraheader' || :"
2025-08-21T21:07:29.9447584Z [command]/usr/bin/git config --local http.https://github.com/.extraheader AUTHORIZATION: basic ***
2025-08-21T21:07:29.9483659Z ##[endgroup]
2025-08-21T21:07:29.9484234Z ##[group]Fetching the repository
2025-08-21T21:07:29.9492687Z [command]/usr/bin/git -c protocol.version=2 fetch --prune --no-recurse-submodules origin +refs/heads/*:refs/remotes/origin/* +refs/tags/*:refs/tags/*
2025-08-21T21:07:33.2347289Z From https://github.com/AlexBomber12/AWA-App
2025-08-21T21:07:33.2348501Z  * [new branch]        codex/analyze-ci-logs-and-implement-fixes -> origin/codex/analyze-ci-logs-and-implement-fixes
2025-08-21T21:07:33.2349940Z  * [new branch]        codex/analyze-ci-logs-for-workflow-failures -> origin/codex/analyze-ci-logs-for-workflow-failures
2025-08-21T21:07:33.2351117Z  * [new branch]        codex/fix-ci-workflow-failures -> origin/codex/fix-ci-workflow-failures
2025-08-21T21:07:33.2352527Z  * [new branch]        codex/fix-ci-workflows-based-on-latest-logs -> origin/codex/fix-ci-workflows-based-on-latest-logs
2025-08-21T21:07:33.2353809Z  * [new branch]        codex/fix-ci-workflows-based-on-logs -> origin/codex/fix-ci-workflows-based-on-logs
2025-08-21T21:07:33.2355021Z  * [new branch]        codex/fix-ci-workflows-to-pass-all-tests -> origin/codex/fix-ci-workflows-to-pass-all-tests
2025-08-21T21:07:33.2356241Z  * [new branch]        codex/fix-ci-workflows-until-all-pass -> origin/codex/fix-ci-workflows-until-all-pass
2025-08-21T21:07:33.2357771Z  * [new branch]        codex/fix-migrations-and-add-refund-views -> origin/codex/fix-migrations-and-add-refund-views
2025-08-21T21:07:33.2358995Z  * [new branch]        codex/implement-targeted-ci-log-fixes -> origin/codex/implement-targeted-ci-log-fixes
2025-08-21T21:07:33.2360312Z  * [new branch]        codex/implement-targeted-fixes-for-ci-stability -> origin/codex/implement-targeted-fixes-for-ci-stability
2025-08-21T21:07:33.2361987Z  * [new branch]        codex/implement-targeted-fixes-for-ci-stability-ymv2qg -> origin/codex/implement-targeted-fixes-for-ci-stability-ymv2qg
2025-08-21T21:07:33.2363950Z  * [new branch]        dtg4od-codex/implement-targeted-fixes-for-ci-stability -> origin/dtg4od-codex/implement-targeted-fixes-for-ci-stability
2025-08-21T21:07:33.2365061Z  * [new branch]        main       -> origin/main
2025-08-21T21:07:33.2365533Z  * [new tag]           0.3.0      -> 0.3.0
2025-08-21T21:07:33.2406197Z [command]/usr/bin/git branch --list --remote origin/main
2025-08-21T21:07:33.2430211Z   origin/main
2025-08-21T21:07:33.2438669Z [command]/usr/bin/git rev-parse refs/remotes/origin/main
2025-08-21T21:07:33.2458762Z 0a7eb5a44fd0234976db1e16049019f4c177cd92
2025-08-21T21:07:33.2463395Z ##[endgroup]
2025-08-21T21:07:33.2463921Z ##[group]Determining the checkout info
2025-08-21T21:07:33.2464683Z ##[endgroup]
2025-08-21T21:07:33.2468910Z [command]/usr/bin/git sparse-checkout disable
2025-08-21T21:07:33.2505586Z [command]/usr/bin/git config --local --unset-all extensions.worktreeConfig
2025-08-21T21:07:33.2532558Z ##[group]Checking out the ref
2025-08-21T21:07:33.2536306Z [command]/usr/bin/git checkout --progress --force -B main refs/remotes/origin/main
2025-08-21T21:07:33.2860438Z Switched to a new branch 'main'
2025-08-21T21:07:33.2862842Z branch 'main' set up to track 'origin/main'.
2025-08-21T21:07:33.2876559Z ##[endgroup]
2025-08-21T21:07:33.2910551Z [command]/usr/bin/git log -1 --format=%H
2025-08-21T21:07:33.2939558Z 0a7eb5a44fd0234976db1e16049019f4c177cd92
2025-08-21T21:07:33.3101835Z ##[group]Run cat .env.ci >> "$GITHUB_ENV"
2025-08-21T21:07:33.3102203Z [36;1mcat .env.ci >> "$GITHUB_ENV"[0m
2025-08-21T21:07:33.3103192Z [36;1mecho "DATABASE_URL=***localhost:5432/awa" >> "$GITHUB_ENV"[0m
2025-08-21T21:07:33.3103547Z [36;1mecho "PG_HOST=localhost" >> "$GITHUB_ENV"[0m
2025-08-21T21:07:33.3103850Z [36;1mecho "PG_PORT=5432" >> "$GITHUB_ENV"[0m
2025-08-21T21:07:33.3104153Z [36;1mecho "PG_USER=postgres" >> "$GITHUB_ENV"[0m
2025-08-21T21:07:33.3104434Z [36;1mecho "PG_PASSWORD=pass" >> "$GITHUB_ENV"[0m
2025-08-21T21:07:33.3104709Z [36;1mecho "PG_DATABASE=awa" >> "$GITHUB_ENV"[0m
2025-08-21T21:07:33.3104969Z [36;1mecho "TESTING=1" >> "$GITHUB_ENV"[0m
2025-08-21T21:07:33.3149248Z shell: /usr/bin/bash -e {0}
2025-08-21T21:07:33.3149485Z env:
2025-08-21T21:07:33.3149676Z   REDIS_URL: redis://localhost:6379/0
2025-08-21T21:07:33.3149942Z   RATE_LIMIT_DEFAULT: 100/minute
2025-08-21T21:07:33.3150155Z   TRUST_X_FORWARDED: 1
2025-08-21T21:07:33.3150397Z ##[endgroup]
2025-08-21T21:07:33.3329517Z ##[group]Run actions/setup-python@v5
2025-08-21T21:07:33.3329798Z with:
2025-08-21T21:07:33.3329971Z   python-version: 3.12
2025-08-21T21:07:33.3330167Z   cache: pip
2025-08-21T21:07:33.3330943Z   cache-dependency-path: requirements-dev.txt
services/etl/requirements.txt
services/api/requirements.txt
services/repricer/requirements.txt
services/fees_h10/requirements.txt
services/alert_bot/requirements.txt

2025-08-21T21:07:33.3331793Z   check-latest: false
2025-08-21T21:07:33.3332113Z   token: ***
2025-08-21T21:07:33.3332529Z   update-environment: true
2025-08-21T21:07:33.3332753Z   allow-prereleases: false
2025-08-21T21:07:33.3332945Z   freethreaded: false
2025-08-21T21:07:33.3333122Z env:
2025-08-21T21:07:33.3333308Z   REDIS_URL: redis://localhost:6379/0
2025-08-21T21:07:33.3333552Z   RATE_LIMIT_DEFAULT: 100/minute
2025-08-21T21:07:33.3333755Z   TRUST_X_FORWARDED: 1
2025-08-21T21:07:33.3333936Z   PG_USER: postgres
2025-08-21T21:07:33.3334313Z   PG_PASSWORD: pass
2025-08-21T21:07:33.3334514Z   PG_DATABASE: awa
2025-08-21T21:07:33.3334683Z   PG_HOST: localhost
2025-08-21T21:07:33.3334858Z   PG_PORT: 5432
2025-08-21T21:07:33.3335317Z   PG_SYNC_DSN: ***localhost:5432/awa
2025-08-21T21:07:33.3335711Z   PG_ASYNC_DSN: ***localhost:5432/awa
2025-08-21T21:07:33.3336083Z   DATABASE_URL: ***localhost:5432/awa
2025-08-21T21:07:33.3336313Z   DATA_DIR: /tmp/awa-data
2025-08-21T21:07:33.3336501Z   ENABLE_LIVE: 0
2025-08-21T21:07:33.3336661Z   TESTING: 1
2025-08-21T21:07:33.3336817Z ##[endgroup]
2025-08-21T21:07:33.4968386Z ##[group]Installed versions
2025-08-21T21:07:33.5740856Z Successfully set up CPython (3.12.11)
2025-08-21T21:07:33.5741641Z ##[endgroup]
2025-08-21T21:07:33.6198836Z [command]/opt/hostedtoolcache/Python/3.12.11/x64/bin/pip cache dir
2025-08-21T21:07:35.6658905Z /home/runner/.cache/pip
2025-08-21T21:07:35.9725352Z Cache hit for: setup-python-Linux-x64-24.04-Ubuntu-python-3.12.11-pip-811b81ed6ebfbfffa596cc763769fd73f8be2333e1ac798acb7aae17a56fccd5
2025-08-21T21:07:37.3272679Z Received 4194304 of 376041141 (1.1%), 4.0 MBs/sec
2025-08-21T21:07:38.3282602Z Received 125829120 of 376041141 (33.5%), 59.9 MBs/sec
2025-08-21T21:07:39.3289578Z Received 230686720 of 376041141 (61.3%), 73.3 MBs/sec
2025-08-21T21:07:40.3297934Z Received 348127232 of 376041141 (92.6%), 82.9 MBs/sec
2025-08-21T21:07:40.6226523Z Received 376041141 of 376041141 (100.0%), 83.5 MBs/sec
2025-08-21T21:07:40.6227797Z Cache Size: ~359 MB (376041141 B)
2025-08-21T21:07:40.6269031Z [command]/usr/bin/tar -xf /home/runner/work/_temp/a0b14114-482a-4463-909e-76f03ab4b08e/cache.tzst -P -C /home/runner/work/AWA-App/AWA-App --use-compress-program unzstd
2025-08-21T21:07:41.2061248Z Cache restored successfully
2025-08-21T21:07:41.2796693Z Cache restored from key: setup-python-Linux-x64-24.04-Ubuntu-python-3.12.11-pip-811b81ed6ebfbfffa596cc763769fd73f8be2333e1ac798acb7aae17a56fccd5
2025-08-21T21:07:41.3521682Z ##[group]Run actions/cache@v4
2025-08-21T21:07:41.3521929Z with:
2025-08-21T21:07:41.3522164Z   path: ~/.cache/pip
.pytest_cache
~/.ruff_cache

2025-08-21T21:07:41.3522981Z   key: Linux-test-cc13ccef493b9f3a93ad5651164d9fb09282c1111f6f72ce20e0657de16de6b4
2025-08-21T21:07:41.3523397Z   restore-keys: Linux-test-
2025-08-21T21:07:41.3523625Z   enableCrossOsArchive: false
2025-08-21T21:07:41.3523853Z   fail-on-cache-miss: false
2025-08-21T21:07:41.3524061Z   lookup-only: false
2025-08-21T21:07:41.3524249Z   save-always: false
2025-08-21T21:07:41.3524433Z env:
2025-08-21T21:07:41.3524630Z   REDIS_URL: redis://localhost:6379/0
2025-08-21T21:07:41.3524884Z   RATE_LIMIT_DEFAULT: 100/minute
2025-08-21T21:07:41.3525108Z   TRUST_X_FORWARDED: 1
2025-08-21T21:07:41.3525305Z   PG_USER: postgres
2025-08-21T21:07:41.3525487Z   PG_PASSWORD: pass
2025-08-21T21:07:41.3525669Z   PG_DATABASE: awa
2025-08-21T21:07:41.3525851Z   PG_HOST: localhost
2025-08-21T21:07:41.3526028Z   PG_PORT: 5432
2025-08-21T21:07:41.3526559Z   PG_SYNC_DSN: ***localhost:5432/awa
2025-08-21T21:07:41.3526995Z   PG_ASYNC_DSN: ***localhost:5432/awa
2025-08-21T21:07:41.3527375Z   DATABASE_URL: ***localhost:5432/awa
2025-08-21T21:07:41.3527610Z   DATA_DIR: /tmp/awa-data
2025-08-21T21:07:41.3527804Z   ENABLE_LIVE: 0
2025-08-21T21:07:41.3527978Z   TESTING: 1
2025-08-21T21:07:41.3528214Z   pythonLocation: /opt/hostedtoolcache/Python/3.12.11/x64
2025-08-21T21:07:41.3528610Z   PKG_CONFIG_PATH: /opt/hostedtoolcache/Python/3.12.11/x64/lib/pkgconfig
2025-08-21T21:07:41.3528998Z   Python_ROOT_DIR: /opt/hostedtoolcache/Python/3.12.11/x64
2025-08-21T21:07:41.3529358Z   Python2_ROOT_DIR: /opt/hostedtoolcache/Python/3.12.11/x64
2025-08-21T21:07:41.3529711Z   Python3_ROOT_DIR: /opt/hostedtoolcache/Python/3.12.11/x64
2025-08-21T21:07:41.3530055Z   LD_LIBRARY_PATH: /opt/hostedtoolcache/Python/3.12.11/x64/lib
2025-08-21T21:07:41.3530345Z ##[endgroup]
2025-08-21T21:07:41.7450540Z Cache hit for: Linux-test-cc13ccef493b9f3a93ad5651164d9fb09282c1111f6f72ce20e0657de16de6b4
2025-08-21T21:07:43.0644810Z Received 4194304 of 376058925 (1.1%), 4.0 MBs/sec
2025-08-21T21:07:44.0657458Z Received 125829120 of 376058925 (33.5%), 59.9 MBs/sec
2025-08-21T21:07:45.0666911Z Received 201326592 of 376058925 (53.5%), 63.9 MBs/sec
2025-08-21T21:07:46.0678192Z Received 264241152 of 376058925 (70.3%), 62.9 MBs/sec
2025-08-21T21:07:47.0671448Z Received 352321536 of 376058925 (93.7%), 67.2 MBs/sec
2025-08-21T21:07:47.8559488Z Received 376058925 of 376058925 (100.0%), 61.9 MBs/sec
2025-08-21T21:07:47.8562573Z Cache Size: ~359 MB (376058925 B)
2025-08-21T21:07:47.8605507Z [command]/usr/bin/tar -xf /home/runner/work/_temp/bc4befce-bad4-4248-8c12-5e8604c5a498/cache.tzst -P -C /home/runner/work/AWA-App/AWA-App --use-compress-program unzstd
2025-08-21T21:07:48.5319153Z Cache restored successfully
2025-08-21T21:07:48.6107204Z Cache restored from key: Linux-test-cc13ccef493b9f3a93ad5651164d9fb09282c1111f6f72ce20e0657de16de6b4
2025-08-21T21:07:48.6234516Z ##[group]Run pip install --break-system-packages -r services/etl/requirements.txt
2025-08-21T21:07:48.6235524Z [36;1mpip install --break-system-packages -r services/etl/requirements.txt[0m
2025-08-21T21:07:48.6236421Z [36;1mpip install --break-system-packages -r services/api/requirements.txt[0m
2025-08-21T21:07:48.6237337Z [36;1mpip install --break-system-packages -r services/repricer/requirements.txt[0m
2025-08-21T21:07:48.6238278Z [36;1mpip install --break-system-packages -r services/fees_h10/requirements.txt[0m
2025-08-21T21:07:48.6239253Z [36;1mpip install --break-system-packages -r services/alert_bot/requirements.txt[0m
2025-08-21T21:07:48.6240148Z [36;1mpip install --break-system-packages -r requirements-dev.txt[0m
2025-08-21T21:07:48.6240844Z [36;1mpip install --break-system-packages asyncpg[0m
2025-08-21T21:07:48.6241438Z [36;1mpip install --break-system-packages pytest[0m
2025-08-21T21:07:48.6242188Z [36;1mpip install --break-system-packages keepa==1.3.15 minio==7.1.15[0m
2025-08-21T21:07:48.6303111Z shell: /usr/bin/bash -e {0}
2025-08-21T21:07:48.6303506Z env:
2025-08-21T21:07:48.6303851Z   REDIS_URL: redis://localhost:6379/0
2025-08-21T21:07:48.6304331Z   RATE_LIMIT_DEFAULT: 100/minute
2025-08-21T21:07:48.6304744Z   TRUST_X_FORWARDED: 1
2025-08-21T21:07:48.6305090Z   PG_USER: postgres
2025-08-21T21:07:48.6305437Z   PG_PASSWORD: pass
2025-08-21T21:07:48.6305776Z   PG_DATABASE: awa
2025-08-21T21:07:48.6306161Z   PG_HOST: localhost
2025-08-21T21:07:48.6306512Z   PG_PORT: 5432
2025-08-21T21:07:48.6307250Z   PG_SYNC_DSN: ***localhost:5432/awa
2025-08-21T21:07:48.6308028Z   PG_ASYNC_DSN: ***localhost:5432/awa
2025-08-21T21:07:48.6308761Z   DATABASE_URL: ***localhost:5432/awa
2025-08-21T21:07:48.6309215Z   DATA_DIR: /tmp/awa-data
2025-08-21T21:07:48.6309585Z   ENABLE_LIVE: 0
2025-08-21T21:07:48.6309909Z   TESTING: 1
2025-08-21T21:07:48.6310313Z   pythonLocation: /opt/hostedtoolcache/Python/3.12.11/x64
2025-08-21T21:07:48.6311070Z   PKG_CONFIG_PATH: /opt/hostedtoolcache/Python/3.12.11/x64/lib/pkgconfig
2025-08-21T21:07:48.6311801Z   Python_ROOT_DIR: /opt/hostedtoolcache/Python/3.12.11/x64
2025-08-21T21:07:48.6312704Z   Python2_ROOT_DIR: /opt/hostedtoolcache/Python/3.12.11/x64
2025-08-21T21:07:48.6313390Z   Python3_ROOT_DIR: /opt/hostedtoolcache/Python/3.12.11/x64
2025-08-21T21:07:48.6314055Z   LD_LIBRARY_PATH: /opt/hostedtoolcache/Python/3.12.11/x64/lib
2025-08-21T21:07:48.6314588Z ##[endgroup]
2025-08-21T21:07:50.3448057Z Collecting keepa==1.3.14 (from -r services/etl/requirements.txt (line 1))
2025-08-21T21:07:50.3461210Z   Using cached keepa-1.3.14-py3-none-any.whl.metadata (10 kB)
2025-08-21T21:07:50.3742959Z Collecting minio==7.1.15 (from -r services/etl/requirements.txt (line 2))
2025-08-21T21:07:50.3754653Z   Using cached minio-7.1.15-py3-none-any.whl.metadata (4.2 kB)
2025-08-21T21:07:50.4081188Z Collecting celery==5.3.* (from -r services/etl/requirements.txt (line 3))
2025-08-21T21:07:50.4093102Z   Using cached celery-5.3.6-py3-none-any.whl.metadata (21 kB)
2025-08-21T21:07:50.4551706Z Collecting redis==5.* (from -r services/etl/requirements.txt (line 4))
2025-08-21T21:07:50.4563834Z   Using cached redis-5.3.1-py3-none-any.whl.metadata (9.2 kB)
2025-08-21T21:07:50.5091661Z Collecting python-amazon-sp-api==0.8.0 (from -r services/etl/requirements.txt (line 5))
2025-08-21T21:07:50.5104100Z   Using cached python_amazon_sp_api-0.8.0-py3-none-any.whl.metadata (3.2 kB)
2025-08-21T21:07:50.5332945Z Collecting pydantic-settings==2.2.1 (from -r services/etl/requirements.txt (line 6))
2025-08-21T21:07:50.5345186Z   Using cached pydantic_settings-2.2.1-py3-none-any.whl.metadata (3.1 kB)
2025-08-21T21:07:50.6970875Z Collecting numpy<2 (from -r services/etl/requirements.txt (line 7))
2025-08-21T21:07:50.6985350Z   Using cached numpy-1.26.4-cp312-cp312-manylinux_2_17_x86_64.manylinux2014_x86_64.whl.metadata (61 kB)
2025-08-21T21:07:50.8319580Z Collecting pandas==2.2.* (from -r services/etl/requirements.txt (line 8))
2025-08-21T21:07:50.8333399Z   Using cached pandas-2.2.3-cp312-cp312-manylinux_2_17_x86_64.manylinux2014_x86_64.whl.metadata (89 kB)
2025-08-21T21:07:50.8930496Z Collecting pandera==0.19.* (from -r services/etl/requirements.txt (line 9))
2025-08-21T21:07:50.8944108Z   Using cached pandera-0.19.3-py3-none-any.whl.metadata (15 kB)
2025-08-21T21:07:50.9155742Z Collecting openpyxl==3.1.* (from -r services/etl/requirements.txt (line 10))
2025-08-21T21:07:50.9167557Z   Using cached openpyxl-3.1.5-py2.py3-none-any.whl.metadata (2.5 kB)
2025-08-21T21:07:50.9300403Z Collecting psycopg==3.2.9 (from psycopg[binary]==3.2.9->-r services/etl/requirements.txt (line 11))
2025-08-21T21:07:50.9312009Z   Using cached psycopg-3.2.9-py3-none-any.whl.metadata (4.5 kB)
2025-08-21T21:07:50.9931728Z Collecting psycopg2-binary==2.9.* (from -r services/etl/requirements.txt (line 12))
2025-08-21T21:07:50.9945170Z   Using cached psycopg2_binary-2.9.10-cp312-cp312-manylinux_2_17_x86_64.manylinux2014_x86_64.whl.metadata (4.9 kB)
2025-08-21T21:07:51.0415822Z Collecting sentry-sdk==2.9.0 (from -r services/etl/requirements.txt (line 13))
2025-08-21T21:07:51.0428257Z   Using cached sentry_sdk-2.9.0-py2.py3-none-any.whl.metadata (14 kB)
2025-08-21T21:07:51.2243891Z Collecting requests>=2.2 (from keepa==1.3.14->-r services/etl/requirements.txt (line 1))
2025-08-21T21:07:51.2256404Z   Using cached requests-2.32.5-py3-none-any.whl.metadata (4.9 kB)
2025-08-21T21:07:51.2663749Z Collecting tqdm (from keepa==1.3.14->-r services/etl/requirements.txt (line 1))
2025-08-21T21:07:51.2675415Z   Using cached tqdm-4.67.1-py3-none-any.whl.metadata (57 kB)
2025-08-21T21:07:51.7607481Z Collecting aiohttp (from keepa==1.3.14->-r services/etl/requirements.txt (line 1))
2025-08-21T21:07:51.7620313Z   Using cached aiohttp-3.12.15-cp312-cp312-manylinux_2_17_x86_64.manylinux2014_x86_64.whl.metadata (7.7 kB)
2025-08-21T21:07:51.8742692Z Collecting pydantic (from keepa==1.3.14->-r services/etl/requirements.txt (line 1))
2025-08-21T21:07:51.8755545Z   Using cached pydantic-2.11.7-py3-none-any.whl.metadata (67 kB)
2025-08-21T21:07:51.8968006Z Collecting certifi (from minio==7.1.15->-r services/etl/requirements.txt (line 2))
2025-08-21T21:07:51.8979700Z   Using cached certifi-2025.8.3-py3-none-any.whl.metadata (2.4 kB)
2025-08-21T21:07:51.9199107Z Collecting urllib3 (from minio==7.1.15->-r services/etl/requirements.txt (line 2))
2025-08-21T21:07:51.9211024Z   Using cached urllib3-2.5.0-py3-none-any.whl.metadata (6.5 kB)
2025-08-21T21:07:51.9328072Z Collecting six<2,>=1.15 (from python-amazon-sp-api==0.8.0->-r services/etl/requirements.txt (line 5))
2025-08-21T21:07:51.9339436Z   Using cached six-1.17.0-py2.py3-none-any.whl.metadata (1.7 kB)
2025-08-21T21:07:52.3254533Z Collecting boto3<2,>=1.16.39 (from python-amazon-sp-api==0.8.0->-r services/etl/requirements.txt (line 5))
2025-08-21T21:07:52.3584541Z   Downloading boto3-1.40.15-py3-none-any.whl.metadata (6.7 kB)
2025-08-21T21:07:52.3767242Z Collecting cachetools~=4.2.0 (from python-amazon-sp-api==0.8.0->-r services/etl/requirements.txt (line 5))
2025-08-21T21:07:52.3778102Z   Using cached cachetools-4.2.4-py3-none-any.whl.metadata (4.8 kB)
2025-08-21T21:07:52.4548675Z Collecting pycryptodome (from python-amazon-sp-api==0.8.0->-r services/etl/requirements.txt (line 5))
2025-08-21T21:07:52.4563034Z   Using cached pycryptodome-3.23.0-cp37-abi3-manylinux_2_17_x86_64.manylinux2014_x86_64.whl.metadata (3.4 kB)
2025-08-21T21:07:52.4905432Z Collecting pytz (from python-amazon-sp-api==0.8.0->-r services/etl/requirements.txt (line 5))
2025-08-21T21:07:52.4918543Z   Using cached pytz-2025.2-py2.py3-none-any.whl.metadata (22 kB)
2025-08-21T21:07:52.5034525Z Collecting confuse~=1.4.0 (from python-amazon-sp-api==0.8.0->-r services/etl/requirements.txt (line 5))
2025-08-21T21:07:52.5046090Z   Using cached confuse-1.4.0-py2.py3-none-any.whl.metadata (3.8 kB)
2025-08-21T21:07:52.5291976Z Collecting python-dotenv>=0.21.0 (from pydantic-settings==2.2.1->-r services/etl/requirements.txt (line 6))
2025-08-21T21:07:52.5305557Z   Using cached python_dotenv-1.1.1-py3-none-any.whl.metadata (24 kB)
2025-08-21T21:07:52.5490817Z Collecting typing-extensions>=4.6 (from psycopg==3.2.9->psycopg[binary]==3.2.9->-r services/etl/requirements.txt (line 11))
2025-08-21T21:07:52.5503597Z   Using cached typing_extensions-4.14.1-py3-none-any.whl.metadata (3.0 kB)
2025-08-21T21:07:52.6981073Z Collecting psycopg-binary==3.2.9 (from psycopg[binary]==3.2.9->-r services/etl/requirements.txt (line 11))
2025-08-21T21:07:52.6994739Z   Using cached psycopg_binary-3.2.9-cp312-cp312-manylinux_2_17_x86_64.manylinux2014_x86_64.whl.metadata (2.9 kB)
2025-08-21T21:07:52.7179921Z Collecting billiard<5.0,>=4.2.0 (from celery==5.3.*->-r services/etl/requirements.txt (line 3))
2025-08-21T21:07:52.7192941Z   Using cached billiard-4.2.1-py3-none-any.whl.metadata (4.4 kB)
2025-08-21T21:07:52.7283175Z Collecting click-didyoumean>=0.3.0 (from celery==5.3.*->-r services/etl/requirements.txt (line 3))
2025-08-21T21:07:52.7294439Z   Using cached click_didyoumean-0.3.1-py3-none-any.whl.metadata (3.9 kB)
2025-08-21T21:07:52.7387678Z Collecting click-plugins>=1.1.1 (from celery==5.3.*->-r services/etl/requirements.txt (line 3))
2025-08-21T21:07:52.7398984Z   Using cached click_plugins-1.1.1.2-py2.py3-none-any.whl.metadata (6.5 kB)
2025-08-21T21:07:52.7493094Z Collecting click-repl>=0.2.0 (from celery==5.3.*->-r services/etl/requirements.txt (line 3))
2025-08-21T21:07:52.7504172Z   Using cached click_repl-0.3.0-py3-none-any.whl.metadata (3.6 kB)
2025-08-21T21:07:52.7683991Z Collecting click<9.0,>=8.1.2 (from celery==5.3.*->-r services/etl/requirements.txt (line 3))
2025-08-21T21:07:52.7695035Z   Using cached click-8.2.1-py3-none-any.whl.metadata (2.5 kB)
2025-08-21T21:07:52.7980897Z Collecting kombu<6.0,>=5.3.4 (from celery==5.3.*->-r services/etl/requirements.txt (line 3))
2025-08-21T21:07:52.7992538Z   Using cached kombu-5.5.4-py3-none-any.whl.metadata (3.5 kB)
2025-08-21T21:07:52.8151420Z Collecting python-dateutil>=2.8.2 (from celery==5.3.*->-r services/etl/requirements.txt (line 3))
2025-08-21T21:07:52.8162688Z   Using cached python_dateutil-2.9.0.post0-py2.py3-none-any.whl.metadata (8.4 kB)
2025-08-21T21:07:52.8274003Z Collecting tzdata>=2022.7 (from celery==5.3.*->-r services/etl/requirements.txt (line 3))
2025-08-21T21:07:52.8285205Z   Using cached tzdata-2025.2-py2.py3-none-any.whl.metadata (1.4 kB)
2025-08-21T21:07:52.8374921Z Collecting vine<6.0,>=5.1.0 (from celery==5.3.*->-r services/etl/requirements.txt (line 3))
2025-08-21T21:07:52.8385868Z   Using cached vine-5.1.0-py3-none-any.whl.metadata (2.7 kB)
2025-08-21T21:07:52.8533465Z Collecting PyJWT>=2.9.0 (from redis==5.*->-r services/etl/requirements.txt (line 4))
2025-08-21T21:07:52.8544624Z   Using cached PyJWT-2.10.1-py3-none-any.whl.metadata (4.0 kB)
2025-08-21T21:07:52.8854607Z Collecting multimethod<=1.10.0 (from pandera==0.19.*->-r services/etl/requirements.txt (line 9))
2025-08-21T21:07:52.8866353Z   Using cached multimethod-1.10-py3-none-any.whl.metadata (8.2 kB)
2025-08-21T21:07:52.9107335Z Collecting packaging>=20.0 (from pandera==0.19.*->-r services/etl/requirements.txt (line 9))
2025-08-21T21:07:52.9118065Z   Using cached packaging-25.0-py3-none-any.whl.metadata (3.3 kB)
2025-08-21T21:07:52.9371067Z Collecting typeguard (from pandera==0.19.*->-r services/etl/requirements.txt (line 9))
2025-08-21T21:07:52.9382535Z   Using cached typeguard-4.4.4-py3-none-any.whl.metadata (3.3 kB)
2025-08-21T21:07:52.9470281Z Collecting typing-inspect>=0.6.0 (from pandera==0.19.*->-r services/etl/requirements.txt (line 9))
2025-08-21T21:07:52.9481137Z   Using cached typing_inspect-0.9.0-py3-none-any.whl.metadata (1.5 kB)
2025-08-21T21:07:53.0436422Z Collecting wrapt (from pandera==0.19.*->-r services/etl/requirements.txt (line 9))
2025-08-21T21:07:53.0450067Z   Using cached wrapt-1.17.3-cp312-cp312-manylinux1_x86_64.manylinux_2_28_x86_64.manylinux_2_5_x86_64.whl.metadata (6.4 kB)
2025-08-21T21:07:53.0538048Z Collecting et-xmlfile (from openpyxl==3.1.*->-r services/etl/requirements.txt (line 10))
2025-08-21T21:07:53.0549579Z   Using cached et_xmlfile-2.0.0-py3-none-any.whl.metadata (2.7 kB)
2025-08-21T21:07:53.4265021Z Collecting botocore<1.41.0,>=1.40.15 (from boto3<2,>=1.16.39->python-amazon-sp-api==0.8.0->-r services/etl/requirements.txt (line 5))
2025-08-21T21:07:53.4298831Z   Downloading botocore-1.40.15-py3-none-any.whl.metadata (5.7 kB)
2025-08-21T21:07:53.4432422Z Collecting jmespath<2.0.0,>=0.7.1 (from boto3<2,>=1.16.39->python-amazon-sp-api==0.8.0->-r services/etl/requirements.txt (line 5))
2025-08-21T21:07:53.4444257Z   Using cached jmespath-1.0.1-py3-none-any.whl.metadata (7.6 kB)
2025-08-21T21:07:53.4587593Z Collecting s3transfer<0.14.0,>=0.13.0 (from boto3<2,>=1.16.39->python-amazon-sp-api==0.8.0->-r services/etl/requirements.txt (line 5))
2025-08-21T21:07:53.4599440Z   Using cached s3transfer-0.13.1-py3-none-any.whl.metadata (1.7 kB)
2025-08-21T21:07:53.5091529Z Collecting pyyaml (from confuse~=1.4.0->python-amazon-sp-api==0.8.0->-r services/etl/requirements.txt (line 5))
2025-08-21T21:07:53.5105140Z   Using cached PyYAML-6.0.2-cp312-cp312-manylinux_2_17_x86_64.manylinux2014_x86_64.whl.metadata (2.1 kB)
2025-08-21T21:07:53.5288699Z Collecting amqp<6.0.0,>=5.1.1 (from kombu<6.0,>=5.3.4->celery==5.3.*->-r services/etl/requirements.txt (line 3))
2025-08-21T21:07:53.5300682Z   Using cached amqp-5.3.1-py3-none-any.whl.metadata (8.9 kB)
2025-08-21T21:07:53.6939588Z Collecting prompt-toolkit>=3.0.36 (from click-repl>=0.2.0->celery==5.3.*->-r services/etl/requirements.txt (line 3))
2025-08-21T21:07:53.6953258Z   Using cached prompt_toolkit-3.0.51-py3-none-any.whl.metadata (6.4 kB)
2025-08-21T21:07:53.7088723Z Collecting wcwidth (from prompt-toolkit>=3.0.36->click-repl>=0.2.0->celery==5.3.*->-r services/etl/requirements.txt (line 3))
2025-08-21T21:07:53.7100134Z   Using cached wcwidth-0.2.13-py2.py3-none-any.whl.metadata (14 kB)
2025-08-21T21:07:53.7213342Z Collecting annotated-types>=0.6.0 (from pydantic->keepa==1.3.14->-r services/etl/requirements.txt (line 1))
2025-08-21T21:07:53.7225141Z   Using cached annotated_types-0.7.0-py3-none-any.whl.metadata (15 kB)
2025-08-21T21:07:54.3846533Z Collecting pydantic-core==2.33.2 (from pydantic->keepa==1.3.14->-r services/etl/requirements.txt (line 1))
2025-08-21T21:07:54.3861004Z   Using cached pydantic_core-2.33.2-cp312-cp312-manylinux_2_17_x86_64.manylinux2014_x86_64.whl.metadata (6.8 kB)
2025-08-21T21:07:54.3991018Z Collecting typing-inspection>=0.4.0 (from pydantic->keepa==1.3.14->-r services/etl/requirements.txt (line 1))
2025-08-21T21:07:54.4003203Z   Using cached typing_inspection-0.4.1-py3-none-any.whl.metadata (2.6 kB)
2025-08-21T21:07:54.4871407Z Collecting charset_normalizer<4,>=2 (from requests>=2.2->keepa==1.3.14->-r services/etl/requirements.txt (line 1))
2025-08-21T21:07:54.4886092Z   Using cached charset_normalizer-3.4.3-cp312-cp312-manylinux2014_x86_64.manylinux_2_17_x86_64.manylinux_2_28_x86_64.whl.metadata (36 kB)
2025-08-21T21:07:54.5031282Z Collecting idna<4,>=2.5 (from requests>=2.2->keepa==1.3.14->-r services/etl/requirements.txt (line 1))
2025-08-21T21:07:54.5044348Z   Using cached idna-3.10-py3-none-any.whl.metadata (10 kB)
2025-08-21T21:07:54.5412451Z Collecting mypy-extensions>=0.3.0 (from typing-inspect>=0.6.0->pandera==0.19.*->-r services/etl/requirements.txt (line 9))
2025-08-21T21:07:54.5424547Z   Using cached mypy_extensions-1.1.0-py3-none-any.whl.metadata (1.1 kB)
2025-08-21T21:07:54.5714674Z Collecting aiohappyeyeballs>=2.5.0 (from aiohttp->keepa==1.3.14->-r services/etl/requirements.txt (line 1))
2025-08-21T21:07:54.5727312Z   Using cached aiohappyeyeballs-2.6.1-py3-none-any.whl.metadata (5.9 kB)
2025-08-21T21:07:54.5809343Z Collecting aiosignal>=1.4.0 (from aiohttp->keepa==1.3.14->-r services/etl/requirements.txt (line 1))
2025-08-21T21:07:54.5821384Z   Using cached aiosignal-1.4.0-py3-none-any.whl.metadata (3.7 kB)
2025-08-21T21:07:54.5959578Z Collecting attrs>=17.3.0 (from aiohttp->keepa==1.3.14->-r services/etl/requirements.txt (line 1))
2025-08-21T21:07:54.5971457Z   Using cached attrs-25.3.0-py3-none-any.whl.metadata (10 kB)
2025-08-21T21:07:54.6632996Z Collecting frozenlist>=1.1.1 (from aiohttp->keepa==1.3.14->-r services/etl/requirements.txt (line 1))
2025-08-21T21:07:54.6646278Z   Using cached frozenlist-1.7.0-cp312-cp312-manylinux_2_5_x86_64.manylinux1_x86_64.manylinux_2_17_x86_64.manylinux2014_x86_64.whl.metadata (18 kB)
2025-08-21T21:07:54.9556259Z Collecting multidict<7.0,>=4.5 (from aiohttp->keepa==1.3.14->-r services/etl/requirements.txt (line 1))
2025-08-21T21:07:54.9570884Z   Using cached multidict-6.6.4-cp312-cp312-manylinux2014_x86_64.manylinux_2_17_x86_64.manylinux_2_28_x86_64.whl.metadata (5.3 kB)
2025-08-21T21:07:54.9975884Z Collecting propcache>=0.2.0 (from aiohttp->keepa==1.3.14->-r services/etl/requirements.txt (line 1))
2025-08-21T21:07:54.9990446Z   Using cached propcache-0.3.2-cp312-cp312-manylinux_2_17_x86_64.manylinux2014_x86_64.whl.metadata (12 kB)
2025-08-21T21:07:55.2322749Z Collecting yarl<2.0,>=1.17.0 (from aiohttp->keepa==1.3.14->-r services/etl/requirements.txt (line 1))
2025-08-21T21:07:55.2336141Z   Using cached yarl-1.20.1-cp312-cp312-manylinux_2_17_x86_64.manylinux2014_x86_64.whl.metadata (73 kB)
2025-08-21T21:07:55.2937472Z Using cached keepa-1.3.14-py3-none-any.whl (33 kB)
2025-08-21T21:07:55.2948566Z Using cached minio-7.1.15-py3-none-any.whl (77 kB)
2025-08-21T21:07:55.2959833Z Using cached python_amazon_sp_api-0.8.0-py3-none-any.whl (93 kB)
2025-08-21T21:07:55.2971152Z Using cached pydantic_settings-2.2.1-py3-none-any.whl (13 kB)
2025-08-21T21:07:55.2981536Z Using cached psycopg-3.2.9-py3-none-any.whl (202 kB)
2025-08-21T21:07:55.2994050Z Using cached sentry_sdk-2.9.0-py2.py3-none-any.whl (301 kB)
2025-08-21T21:07:55.3007334Z Using cached psycopg_binary-3.2.9-cp312-cp312-manylinux_2_17_x86_64.manylinux2014_x86_64.whl (4.4 MB)
2025-08-21T21:07:55.3050072Z Using cached celery-5.3.6-py3-none-any.whl (422 kB)
2025-08-21T21:07:55.3063786Z Using cached redis-5.3.1-py3-none-any.whl (272 kB)
2025-08-21T21:07:55.3076583Z Using cached numpy-1.26.4-cp312-cp312-manylinux_2_17_x86_64.manylinux2014_x86_64.whl (18.0 MB)
2025-08-21T21:07:55.3216331Z Using cached pandas-2.2.3-cp312-cp312-manylinux_2_17_x86_64.manylinux2014_x86_64.whl (12.7 MB)
2025-08-21T21:07:55.3318938Z Using cached pandera-0.19.3-py3-none-any.whl (251 kB)
2025-08-21T21:07:55.3331276Z Using cached openpyxl-3.1.5-py2.py3-none-any.whl (250 kB)
2025-08-21T21:07:55.3344551Z Using cached psycopg2_binary-2.9.10-cp312-cp312-manylinux_2_17_x86_64.manylinux2014_x86_64.whl (3.0 MB)
2025-08-21T21:07:55.3377210Z Using cached billiard-4.2.1-py3-none-any.whl (86 kB)
2025-08-21T21:07:55.3406281Z Downloading boto3-1.40.15-py3-none-any.whl (140 kB)
2025-08-21T21:07:55.3585316Z Downloading botocore-1.40.15-py3-none-any.whl (14.0 MB)
2025-08-21T21:07:55.4399425Z    ━━━━━━━━━━━━━━━━━━━━━━━━━━━━━━━━━━━━━━━━ 14.0/14.0 MB 182.1 MB/s  0:00:00
2025-08-21T21:07:55.4412786Z Using cached cachetools-4.2.4-py3-none-any.whl (10 kB)
2025-08-21T21:07:55.4424714Z Using cached click-8.2.1-py3-none-any.whl (102 kB)
2025-08-21T21:07:55.4436669Z Using cached confuse-1.4.0-py2.py3-none-any.whl (21 kB)
2025-08-21T21:07:55.4447977Z Using cached jmespath-1.0.1-py3-none-any.whl (20 kB)
2025-08-21T21:07:55.4459216Z Using cached kombu-5.5.4-py3-none-any.whl (210 kB)
2025-08-21T21:07:55.4471691Z Using cached vine-5.1.0-py3-none-any.whl (9.6 kB)
2025-08-21T21:07:55.4482877Z Using cached amqp-5.3.1-py3-none-any.whl (50 kB)
2025-08-21T21:07:55.4494380Z Using cached multimethod-1.10-py3-none-any.whl (9.9 kB)
2025-08-21T21:07:55.4505759Z Using cached python_dateutil-2.9.0.post0-py2.py3-none-any.whl (229 kB)
2025-08-21T21:07:55.4518516Z Using cached s3transfer-0.13.1-py3-none-any.whl (85 kB)
2025-08-21T21:07:55.4530193Z Using cached six-1.17.0-py2.py3-none-any.whl (11 kB)
2025-08-21T21:07:55.4541267Z Using cached urllib3-2.5.0-py3-none-any.whl (129 kB)
2025-08-21T21:07:55.4555064Z Using cached click_didyoumean-0.3.1-py3-none-any.whl (3.6 kB)
2025-08-21T21:07:55.4566346Z Using cached click_plugins-1.1.1.2-py2.py3-none-any.whl (11 kB)
2025-08-21T21:07:55.4577451Z Using cached click_repl-0.3.0-py3-none-any.whl (10 kB)
2025-08-21T21:07:55.4588545Z Using cached packaging-25.0-py3-none-any.whl (66 kB)
2025-08-21T21:07:55.4600332Z Using cached prompt_toolkit-3.0.51-py3-none-any.whl (387 kB)
2025-08-21T21:07:55.4614282Z Using cached pydantic-2.11.7-py3-none-any.whl (444 kB)
2025-08-21T21:07:55.4628830Z Using cached pydantic_core-2.33.2-cp312-cp312-manylinux_2_17_x86_64.manylinux2014_x86_64.whl (2.0 MB)
2025-08-21T21:07:55.4654206Z Using cached annotated_types-0.7.0-py3-none-any.whl (13 kB)
2025-08-21T21:07:55.4665438Z Using cached PyJWT-2.10.1-py3-none-any.whl (22 kB)
2025-08-21T21:07:55.4676635Z Using cached python_dotenv-1.1.1-py3-none-any.whl (20 kB)
2025-08-21T21:07:55.4687823Z Using cached pytz-2025.2-py2.py3-none-any.whl (509 kB)
2025-08-21T21:07:55.4702747Z Using cached requests-2.32.5-py3-none-any.whl (64 kB)
2025-08-21T21:07:55.4715134Z Using cached charset_normalizer-3.4.3-cp312-cp312-manylinux2014_x86_64.manylinux_2_17_x86_64.manylinux_2_28_x86_64.whl (151 kB)
2025-08-21T21:07:55.4727007Z Using cached idna-3.10-py3-none-any.whl (70 kB)
2025-08-21T21:07:55.4738530Z Using cached certifi-2025.8.3-py3-none-any.whl (161 kB)
2025-08-21T21:07:55.4750712Z Using cached typing_extensions-4.14.1-py3-none-any.whl (43 kB)
2025-08-21T21:07:55.4761845Z Using cached typing_inspect-0.9.0-py3-none-any.whl (8.8 kB)
2025-08-21T21:07:55.4773371Z Using cached mypy_extensions-1.1.0-py3-none-any.whl (5.0 kB)
2025-08-21T21:07:55.4784669Z Using cached typing_inspection-0.4.1-py3-none-any.whl (14 kB)
2025-08-21T21:07:55.4795947Z Using cached tzdata-2025.2-py2.py3-none-any.whl (347 kB)
2025-08-21T21:07:55.4809706Z Using cached aiohttp-3.12.15-cp312-cp312-manylinux_2_17_x86_64.manylinux2014_x86_64.whl (1.7 MB)
2025-08-21T21:07:55.4833543Z Using cached multidict-6.6.4-cp312-cp312-manylinux2014_x86_64.manylinux_2_17_x86_64.manylinux_2_28_x86_64.whl (256 kB)
2025-08-21T21:07:55.4846586Z Using cached yarl-1.20.1-cp312-cp312-manylinux_2_17_x86_64.manylinux2014_x86_64.whl (355 kB)
2025-08-21T21:07:55.4860092Z Using cached aiohappyeyeballs-2.6.1-py3-none-any.whl (15 kB)
2025-08-21T21:07:55.4871639Z Using cached aiosignal-1.4.0-py3-none-any.whl (7.5 kB)
2025-08-21T21:07:55.4882924Z Using cached attrs-25.3.0-py3-none-any.whl (63 kB)
2025-08-21T21:07:55.4895211Z Using cached frozenlist-1.7.0-cp312-cp312-manylinux_2_5_x86_64.manylinux1_x86_64.manylinux_2_17_x86_64.manylinux2014_x86_64.whl (241 kB)
2025-08-21T21:07:55.4908034Z Using cached propcache-0.3.2-cp312-cp312-manylinux_2_17_x86_64.manylinux2014_x86_64.whl (224 kB)
2025-08-21T21:07:55.4920449Z Using cached et_xmlfile-2.0.0-py3-none-any.whl (18 kB)
2025-08-21T21:07:55.4932191Z Using cached pycryptodome-3.23.0-cp37-abi3-manylinux_2_17_x86_64.manylinux2014_x86_64.whl (2.3 MB)
2025-08-21T21:07:55.4959749Z Using cached PyYAML-6.0.2-cp312-cp312-manylinux_2_17_x86_64.manylinux2014_x86_64.whl (767 kB)
2025-08-21T21:07:55.4976353Z Using cached tqdm-4.67.1-py3-none-any.whl (78 kB)
2025-08-21T21:07:55.4987927Z Using cached typeguard-4.4.4-py3-none-any.whl (34 kB)
2025-08-21T21:07:55.4999220Z Using cached wcwidth-0.2.13-py2.py3-none-any.whl (34 kB)
2025-08-21T21:07:55.5010870Z Using cached wrapt-1.17.3-cp312-cp312-manylinux1_x86_64.manylinux_2_28_x86_64.manylinux_2_5_x86_64.whl (88 kB)
2025-08-21T21:07:55.7723825Z Installing collected packages: wcwidth, pytz, wrapt, vine, urllib3, tzdata, typing-extensions, tqdm, six, pyyaml, python-dotenv, PyJWT, pycryptodome, psycopg2-binary, psycopg-binary, propcache, prompt-toolkit, packaging, numpy, mypy-extensions, multimethod, multidict, jmespath, idna, frozenlist, et-xmlfile, click, charset_normalizer, certifi, cachetools, billiard, attrs, annotated-types, aiohappyeyeballs, yarl, typing-inspection, typing-inspect, typeguard, sentry-sdk, requests, redis, python-dateutil, pydantic-core, psycopg, openpyxl, minio, confuse, click-repl, click-plugins, click-didyoumean, amqp, aiosignal, pydantic, pandas, kombu, botocore, aiohttp, s3transfer, pydantic-settings, pandera, keepa, celery, boto3, python-amazon-sp-api
2025-08-21T21:08:07.6580612Z 
2025-08-21T21:08:07.6643747Z Successfully installed PyJWT-2.10.1 aiohappyeyeballs-2.6.1 aiohttp-3.12.15 aiosignal-1.4.0 amqp-5.3.1 annotated-types-0.7.0 attrs-25.3.0 billiard-4.2.1 boto3-1.40.15 botocore-1.40.15 cachetools-4.2.4 celery-5.3.6 certifi-2025.8.3 charset_normalizer-3.4.3 click-8.2.1 click-didyoumean-0.3.1 click-plugins-1.1.1.2 click-repl-0.3.0 confuse-1.4.0 et-xmlfile-2.0.0 frozenlist-1.7.0 idna-3.10 jmespath-1.0.1 keepa-1.3.14 kombu-5.5.4 minio-7.1.15 multidict-6.6.4 multimethod-1.10 mypy-extensions-1.1.0 numpy-1.26.4 openpyxl-3.1.5 packaging-25.0 pandas-2.2.3 pandera-0.19.3 prompt-toolkit-3.0.51 propcache-0.3.2 psycopg-3.2.9 psycopg-binary-3.2.9 psycopg2-binary-2.9.10 pycryptodome-3.23.0 pydantic-2.11.7 pydantic-core-2.33.2 pydantic-settings-2.2.1 python-amazon-sp-api-0.8.0 python-dateutil-2.9.0.post0 python-dotenv-1.1.1 pytz-2025.2 pyyaml-6.0.2 redis-5.3.1 requests-2.32.5 s3transfer-0.13.1 sentry-sdk-2.9.0 six-1.17.0 tqdm-4.67.1 typeguard-4.4.4 typing-extensions-4.14.1 typing-inspect-0.9.0 typing-inspection-0.4.1 tzdata-2025.2 urllib3-2.5.0 vine-5.1.0 wcwidth-0.2.13 wrapt-1.17.3 yarl-1.20.1
2025-08-21T21:08:09.1243409Z Collecting uvicorn==0.29.0 (from -r services/api/requirements.txt (line 1))
2025-08-21T21:08:09.1256100Z   Using cached uvicorn-0.29.0-py3-none-any.whl.metadata (6.3 kB)
2025-08-21T21:08:09.1292876Z Requirement already satisfied: pydantic-settings==2.2.1 in /opt/hostedtoolcache/Python/3.12.11/x64/lib/python3.12/site-packages (from -r services/api/requirements.txt (line 2)) (2.2.1)
2025-08-21T21:08:09.1681742Z Collecting fastapi==0.111.0 (from -r services/api/requirements.txt (line 3))
2025-08-21T21:08:09.1693517Z   Using cached fastapi-0.111.0-py3-none-any.whl.metadata (25 kB)
2025-08-21T21:08:09.4420548Z Collecting sqlalchemy==2.0.29 (from -r services/api/requirements.txt (line 4))
2025-08-21T21:08:09.4433857Z   Using cached SQLAlchemy-2.0.29-cp312-cp312-manylinux_2_17_x86_64.manylinux2014_x86_64.whl.metadata (9.6 kB)
2025-08-21T21:08:09.4696495Z Collecting alembic==1.13.1 (from -r services/api/requirements.txt (line 5))
2025-08-21T21:08:09.4707570Z   Using cached alembic-1.13.1-py3-none-any.whl.metadata (7.4 kB)
2025-08-21T21:08:09.4732879Z Requirement already satisfied: psycopg==3.2.9 in /opt/hostedtoolcache/Python/3.12.11/x64/lib/python3.12/site-packages (from psycopg[binary]==3.2.9->-r services/api/requirements.txt (line 6)) (3.2.9)
2025-08-21T21:08:09.4875681Z Collecting httpx==0.27.2 (from -r services/api/requirements.txt (line 7))
2025-08-21T21:08:09.4886994Z   Using cached httpx-0.27.2-py3-none-any.whl.metadata (7.1 kB)
2025-08-21T21:08:09.5273336Z Collecting asyncpg==0.29.0 (from -r services/api/requirements.txt (line 8))
2025-08-21T21:08:09.5284881Z   Using cached asyncpg-0.29.0-cp312-cp312-manylinux_2_17_x86_64.manylinux2014_x86_64.whl.metadata (4.4 kB)
2025-08-21T21:08:09.7882463Z Collecting boto3==1.34.162 (from -r services/api/requirements.txt (line 9))
2025-08-21T21:08:09.7895074Z   Using cached boto3-1.34.162-py3-none-any.whl.metadata (6.6 kB)
2025-08-21T21:08:09.8035758Z Collecting Jinja2==3.1.5 (from -r services/api/requirements.txt (line 10))
2025-08-21T21:08:09.8046746Z   Using cached jinja2-3.1.5-py3-none-any.whl.metadata (2.6 kB)
2025-08-21T21:08:09.8065482Z Requirement already satisfied: celery==5.3.* in /opt/hostedtoolcache/Python/3.12.11/x64/lib/python3.12/site-packages (from -r services/api/requirements.txt (line 11)) (5.3.6)
2025-08-21T21:08:09.8183845Z Collecting structlog==24.1.0 (from -r services/api/requirements.txt (line 12))
2025-08-21T21:08:09.8194762Z   Using cached structlog-24.1.0-py3-none-any.whl.metadata (6.9 kB)
2025-08-21T21:08:09.8334239Z Collecting asgi-correlation-id==4.3.1 (from -r services/api/requirements.txt (line 13))
2025-08-21T21:08:09.8345222Z   Using cached asgi_correlation_id-4.3.1-py3-none-any.whl.metadata (28 kB)
2025-08-21T21:08:09.8445666Z Collecting fastapi-limiter==0.1.6 (from -r services/api/requirements.txt (line 14))
2025-08-21T21:08:09.8456477Z   Using cached fastapi_limiter-0.1.6-py3-none-any.whl.metadata (5.3 kB)
2025-08-21T21:08:09.8687847Z Collecting redis==5.0.8 (from -r services/api/requirements.txt (line 15))
2025-08-21T21:08:09.8698787Z   Using cached redis-5.0.8-py3-none-any.whl.metadata (9.2 kB)
2025-08-21T21:08:09.8729634Z Requirement already satisfied: sentry-sdk==2.9.0 in /opt/hostedtoolcache/Python/3.12.11/x64/lib/python3.12/site-packages (from sentry-sdk[celery,fastapi,sqlalchemy]==2.9.0->-r services/api/requirements.txt (line 16)) (2.9.0)
2025-08-21T21:08:09.8741963Z Requirement already satisfied: click>=7.0 in /opt/hostedtoolcache/Python/3.12.11/x64/lib/python3.12/site-packages (from uvicorn==0.29.0->-r services/api/requirements.txt (line 1)) (8.2.1)
2025-08-21T21:08:09.8987054Z Collecting h11>=0.8 (from uvicorn==0.29.0->-r services/api/requirements.txt (line 1))
2025-08-21T21:08:09.8998431Z   Using cached h11-0.16.0-py3-none-any.whl.metadata (8.3 kB)
2025-08-21T21:08:09.9027551Z Requirement already satisfied: pydantic>=2.3.0 in /opt/hostedtoolcache/Python/3.12.11/x64/lib/python3.12/site-packages (from pydantic-settings==2.2.1->-r services/api/requirements.txt (line 2)) (2.11.7)
2025-08-21T21:08:09.9032857Z Requirement already satisfied: python-dotenv>=0.21.0 in /opt/hostedtoolcache/Python/3.12.11/x64/lib/python3.12/site-packages (from pydantic-settings==2.2.1->-r services/api/requirements.txt (line 2)) (1.1.1)
2025-08-21T21:08:09.9285455Z Collecting starlette<0.38.0,>=0.37.2 (from fastapi==0.111.0->-r services/api/requirements.txt (line 3))
2025-08-21T21:08:09.9296321Z   Using cached starlette-0.37.2-py3-none-any.whl.metadata (5.9 kB)
2025-08-21T21:08:09.9325021Z Requirement already satisfied: typing-extensions>=4.8.0 in /opt/hostedtoolcache/Python/3.12.11/x64/lib/python3.12/site-packages (from fastapi==0.111.0->-r services/api/requirements.txt (line 3)) (4.14.1)
2025-08-21T21:08:09.9386536Z Collecting fastapi-cli>=0.0.2 (from fastapi==0.111.0->-r services/api/requirements.txt (line 3))
2025-08-21T21:08:09.9397318Z   Using cached fastapi_cli-0.0.8-py3-none-any.whl.metadata (6.3 kB)
2025-08-21T21:08:09.9571241Z Collecting python-multipart>=0.0.7 (from fastapi==0.111.0->-r services/api/requirements.txt (line 3))
2025-08-21T21:08:09.9582708Z   Using cached python_multipart-0.0.20-py3-none-any.whl.metadata (1.8 kB)
2025-08-21T21:08:10.0185647Z Collecting ujson!=4.0.2,!=4.1.0,!=4.2.0,!=4.3.0,!=5.0.0,!=5.1.0,>=4.0.1 (from fastapi==0.111.0->-r services/api/requirements.txt (line 3))
2025-08-21T21:08:10.0198831Z   Using cached ujson-5.11.0-cp312-cp312-manylinux_2_24_x86_64.manylinux_2_28_x86_64.whl.metadata (9.4 kB)
2025-08-21T21:08:10.2468760Z Collecting orjson>=3.2.1 (from fastapi==0.111.0->-r services/api/requirements.txt (line 3))
2025-08-21T21:08:10.2482474Z   Using cached orjson-3.11.2-cp312-cp312-manylinux_2_17_x86_64.manylinux2014_x86_64.whl.metadata (1.2 kB)
2025-08-21T21:08:10.2585594Z Collecting email_validator>=2.0.0 (from fastapi==0.111.0->-r services/api/requirements.txt (line 3))
2025-08-21T21:08:10.2596550Z   Using cached email_validator-2.2.0-py3-none-any.whl.metadata (25 kB)
2025-08-21T21:08:10.3851425Z Collecting greenlet!=0.4.17 (from sqlalchemy==2.0.29->-r services/api/requirements.txt (line 4))
2025-08-21T21:08:10.3865000Z   Using cached greenlet-3.2.4-cp312-cp312-manylinux_2_24_x86_64.manylinux_2_28_x86_64.whl.metadata (4.1 kB)
2025-08-21T21:08:10.4106406Z Collecting Mako (from alembic==1.13.1->-r services/api/requirements.txt (line 5))
2025-08-21T21:08:10.4117407Z   Using cached mako-1.3.10-py3-none-any.whl.metadata (2.9 kB)
2025-08-21T21:08:10.4334639Z Collecting anyio (from httpx==0.27.2->-r services/api/requirements.txt (line 7))
2025-08-21T21:08:10.4346070Z   Using cached anyio-4.10.0-py3-none-any.whl.metadata (4.0 kB)
2025-08-21T21:08:10.4368581Z Requirement already satisfied: certifi in /opt/hostedtoolcache/Python/3.12.11/x64/lib/python3.12/site-packages (from httpx==0.27.2->-r services/api/requirements.txt (line 7)) (2025.8.3)
2025-08-21T21:08:10.4518677Z Collecting httpcore==1.* (from httpx==0.27.2->-r services/api/requirements.txt (line 7))
2025-08-21T21:08:10.4529844Z   Using cached httpcore-1.0.9-py3-none-any.whl.metadata (21 kB)
2025-08-21T21:08:10.4563903Z Requirement already satisfied: idna in /opt/hostedtoolcache/Python/3.12.11/x64/lib/python3.12/site-packages (from httpx==0.27.2->-r services/api/requirements.txt (line 7)) (3.10)
2025-08-21T21:08:10.4618969Z Collecting sniffio (from httpx==0.27.2->-r services/api/requirements.txt (line 7))
2025-08-21T21:08:10.4630976Z   Using cached sniffio-1.3.1-py3-none-any.whl.metadata (3.9 kB)
2025-08-21T21:08:10.8061546Z Collecting botocore<1.35.0,>=1.34.162 (from boto3==1.34.162->-r services/api/requirements.txt (line 9))
2025-08-21T21:08:10.8074182Z   Using cached botocore-1.34.162-py3-none-any.whl.metadata (5.7 kB)
2025-08-21T21:08:10.8102090Z Requirement already satisfied: jmespath<2.0.0,>=0.7.1 in /opt/hostedtoolcache/Python/3.12.11/x64/lib/python3.12/site-packages (from boto3==1.34.162->-r services/api/requirements.txt (line 9)) (1.0.1)
2025-08-21T21:08:10.8245198Z Collecting s3transfer<0.11.0,>=0.10.0 (from boto3==1.34.162->-r services/api/requirements.txt (line 9))
2025-08-21T21:08:10.8256203Z   Using cached s3transfer-0.10.4-py3-none-any.whl.metadata (1.7 kB)
2025-08-21T21:08:10.8700222Z Collecting MarkupSafe>=2.0 (from Jinja2==3.1.5->-r services/api/requirements.txt (line 10))
2025-08-21T21:08:10.8712116Z   Using cached MarkupSafe-3.0.2-cp312-cp312-manylinux_2_17_x86_64.manylinux2014_x86_64.whl.metadata (4.0 kB)
2025-08-21T21:08:10.8937488Z Requirement already satisfied: urllib3>=1.26.11 in /opt/hostedtoolcache/Python/3.12.11/x64/lib/python3.12/site-packages (from sentry-sdk==2.9.0->sentry-sdk[celery,fastapi,sqlalchemy]==2.9.0->-r services/api/requirements.txt (line 16)) (2.5.0)
2025-08-21T21:08:10.9054057Z Requirement already satisfied: psycopg-binary==3.2.9 in /opt/hostedtoolcache/Python/3.12.11/x64/lib/python3.12/site-packages (from psycopg[binary]==3.2.9->-r services/api/requirements.txt (line 6)) (3.2.9)
2025-08-21T21:08:10.9320300Z Requirement already satisfied: billiard<5.0,>=4.2.0 in /opt/hostedtoolcache/Python/3.12.11/x64/lib/python3.12/site-packages (from celery==5.3.*->-r services/api/requirements.txt (line 11)) (4.2.1)
2025-08-21T21:08:10.9326277Z Requirement already satisfied: click-didyoumean>=0.3.0 in /opt/hostedtoolcache/Python/3.12.11/x64/lib/python3.12/site-packages (from celery==5.3.*->-r services/api/requirements.txt (line 11)) (0.3.1)
2025-08-21T21:08:10.9332056Z Requirement already satisfied: click-plugins>=1.1.1 in /opt/hostedtoolcache/Python/3.12.11/x64/lib/python3.12/site-packages (from celery==5.3.*->-r services/api/requirements.txt (line 11)) (1.1.1.2)
2025-08-21T21:08:10.9337978Z Requirement already satisfied: click-repl>=0.2.0 in /opt/hostedtoolcache/Python/3.12.11/x64/lib/python3.12/site-packages (from celery==5.3.*->-r services/api/requirements.txt (line 11)) (0.3.0)
2025-08-21T21:08:10.9347318Z Requirement already satisfied: kombu<6.0,>=5.3.4 in /opt/hostedtoolcache/Python/3.12.11/x64/lib/python3.12/site-packages (from celery==5.3.*->-r services/api/requirements.txt (line 11)) (5.5.4)
2025-08-21T21:08:10.9353068Z Requirement already satisfied: python-dateutil>=2.8.2 in /opt/hostedtoolcache/Python/3.12.11/x64/lib/python3.12/site-packages (from celery==5.3.*->-r services/api/requirements.txt (line 11)) (2.9.0.post0)
2025-08-21T21:08:10.9359189Z Requirement already satisfied: tzdata>=2022.7 in /opt/hostedtoolcache/Python/3.12.11/x64/lib/python3.12/site-packages (from celery==5.3.*->-r services/api/requirements.txt (line 11)) (2025.2)
2025-08-21T21:08:10.9365662Z Requirement already satisfied: vine<6.0,>=5.1.0 in /opt/hostedtoolcache/Python/3.12.11/x64/lib/python3.12/site-packages (from celery==5.3.*->-r services/api/requirements.txt (line 11)) (5.1.0)
2025-08-21T21:08:10.9499391Z Requirement already satisfied: amqp<6.0.0,>=5.1.1 in /opt/hostedtoolcache/Python/3.12.11/x64/lib/python3.12/site-packages (from kombu<6.0,>=5.3.4->celery==5.3.*->-r services/api/requirements.txt (line 11)) (5.3.1)
2025-08-21T21:08:10.9509681Z Requirement already satisfied: packaging in /opt/hostedtoolcache/Python/3.12.11/x64/lib/python3.12/site-packages (from kombu<6.0,>=5.3.4->celery==5.3.*->-r services/api/requirements.txt (line 11)) (25.0)
2025-08-21T21:08:10.9577165Z Requirement already satisfied: annotated-types>=0.6.0 in /opt/hostedtoolcache/Python/3.12.11/x64/lib/python3.12/site-packages (from pydantic>=2.3.0->pydantic-settings==2.2.1->-r services/api/requirements.txt (line 2)) (0.7.0)
2025-08-21T21:08:10.9581826Z Requirement already satisfied: pydantic-core==2.33.2 in /opt/hostedtoolcache/Python/3.12.11/x64/lib/python3.12/site-packages (from pydantic>=2.3.0->pydantic-settings==2.2.1->-r services/api/requirements.txt (line 2)) (2.33.2)
2025-08-21T21:08:10.9589828Z Requirement already satisfied: typing-inspection>=0.4.0 in /opt/hostedtoolcache/Python/3.12.11/x64/lib/python3.12/site-packages (from pydantic>=2.3.0->pydantic-settings==2.2.1->-r services/api/requirements.txt (line 2)) (0.4.1)
2025-08-21T21:08:10.9626273Z Requirement already satisfied: six>=1.5 in /opt/hostedtoolcache/Python/3.12.11/x64/lib/python3.12/site-packages (from python-dateutil>=2.8.2->celery==5.3.*->-r services/api/requirements.txt (line 11)) (1.17.0)
2025-08-21T21:08:11.0868761Z Requirement already satisfied: prompt-toolkit>=3.0.36 in /opt/hostedtoolcache/Python/3.12.11/x64/lib/python3.12/site-packages (from click-repl>=0.2.0->celery==5.3.*->-r services/api/requirements.txt (line 11)) (3.0.51)
2025-08-21T21:08:11.1004472Z Collecting dnspython>=2.0.0 (from email_validator>=2.0.0->fastapi==0.111.0->-r services/api/requirements.txt (line 3))
2025-08-21T21:08:11.1016134Z   Using cached dnspython-2.7.0-py3-none-any.whl.metadata (5.8 kB)
2025-08-21T21:08:11.1245034Z Collecting typer>=0.15.1 (from fastapi-cli>=0.0.2->fastapi==0.111.0->-r services/api/requirements.txt (line 3))
2025-08-21T21:08:11.1257125Z   Using cached typer-0.16.1-py3-none-any.whl.metadata (15 kB)
2025-08-21T21:08:11.1478305Z Collecting rich-toolkit>=0.14.8 (from fastapi-cli>=0.0.2->fastapi==0.111.0->-r services/api/requirements.txt (line 3))
2025-08-21T21:08:11.1489348Z   Using cached rich_toolkit-0.15.0-py3-none-any.whl.metadata (1.0 kB)
2025-08-21T21:08:11.1583227Z Requirement already satisfied: wcwidth in /opt/hostedtoolcache/Python/3.12.11/x64/lib/python3.12/site-packages (from prompt-toolkit>=3.0.36->click-repl>=0.2.0->celery==5.3.*->-r services/api/requirements.txt (line 11)) (0.2.13)
2025-08-21T21:08:11.1960345Z Collecting rich>=13.7.1 (from rich-toolkit>=0.14.8->fastapi-cli>=0.0.2->fastapi==0.111.0->-r services/api/requirements.txt (line 3))
2025-08-21T21:08:11.1971768Z   Using cached rich-14.1.0-py3-none-any.whl.metadata (18 kB)
2025-08-21T21:08:11.2126458Z Collecting markdown-it-py>=2.2.0 (from rich>=13.7.1->rich-toolkit>=0.14.8->fastapi-cli>=0.0.2->fastapi==0.111.0->-r services/api/requirements.txt (line 3))
2025-08-21T21:08:11.2137361Z   Using cached markdown_it_py-4.0.0-py3-none-any.whl.metadata (7.3 kB)
2025-08-21T21:08:11.2343403Z Collecting pygments<3.0.0,>=2.13.0 (from rich>=13.7.1->rich-toolkit>=0.14.8->fastapi-cli>=0.0.2->fastapi==0.111.0->-r services/api/requirements.txt (line 3))
2025-08-21T21:08:11.2354177Z   Using cached pygments-2.19.2-py3-none-any.whl.metadata (2.5 kB)
2025-08-21T21:08:11.2453896Z Collecting mdurl~=0.1 (from markdown-it-py>=2.2.0->rich>=13.7.1->rich-toolkit>=0.14.8->fastapi-cli>=0.0.2->fastapi==0.111.0->-r services/api/requirements.txt (line 3))
2025-08-21T21:08:11.2464615Z   Using cached mdurl-0.1.2-py3-none-any.whl.metadata (1.6 kB)
2025-08-21T21:08:11.2628979Z Collecting shellingham>=1.3.0 (from typer>=0.15.1->fastapi-cli>=0.0.2->fastapi==0.111.0->-r services/api/requirements.txt (line 3))
2025-08-21T21:08:11.2639783Z   Using cached shellingham-1.5.4-py2.py3-none-any.whl.metadata (3.5 kB)
2025-08-21T21:08:11.3156952Z Collecting httptools>=0.5.0 (from uvicorn[standard]>=0.12.0->fastapi==0.111.0->-r services/api/requirements.txt (line 3))
2025-08-21T21:08:11.3168817Z   Using cached httptools-0.6.4-cp312-cp312-manylinux_2_5_x86_64.manylinux1_x86_64.manylinux_2_17_x86_64.manylinux2014_x86_64.whl.metadata (3.6 kB)
2025-08-21T21:08:11.3195441Z Requirement already satisfied: pyyaml>=5.1 in /opt/hostedtoolcache/Python/3.12.11/x64/lib/python3.12/site-packages (from uvicorn[standard]>=0.12.0->fastapi==0.111.0->-r services/api/requirements.txt (line 3)) (6.0.2)
2025-08-21T21:08:11.3533036Z Collecting uvloop!=0.15.0,!=0.15.1,>=0.14.0 (from uvicorn[standard]>=0.12.0->fastapi==0.111.0->-r services/api/requirements.txt (line 3))
2025-08-21T21:08:11.3544374Z   Using cached uvloop-0.21.0-cp312-cp312-manylinux_2_17_x86_64.manylinux2014_x86_64.whl.metadata (4.9 kB)
2025-08-21T21:08:11.4225990Z Collecting watchfiles>=0.13 (from uvicorn[standard]>=0.12.0->fastapi==0.111.0->-r services/api/requirements.txt (line 3))
2025-08-21T21:08:11.4239277Z   Using cached watchfiles-1.1.0-cp312-cp312-manylinux_2_17_x86_64.manylinux2014_x86_64.whl.metadata (4.9 kB)
2025-08-21T21:08:11.5074944Z Collecting websockets>=10.4 (from uvicorn[standard]>=0.12.0->fastapi==0.111.0->-r services/api/requirements.txt (line 3))
2025-08-21T21:08:11.5088461Z   Using cached websockets-15.0.1-cp312-cp312-manylinux_2_5_x86_64.manylinux1_x86_64.manylinux_2_17_x86_64.manylinux2014_x86_64.whl.metadata (6.8 kB)
2025-08-21T21:08:11.5358671Z Using cached uvicorn-0.29.0-py3-none-any.whl (60 kB)
2025-08-21T21:08:11.5370288Z Using cached fastapi-0.111.0-py3-none-any.whl (91 kB)
2025-08-21T21:08:11.5382777Z Using cached SQLAlchemy-2.0.29-cp312-cp312-manylinux_2_17_x86_64.manylinux2014_x86_64.whl (3.2 MB)
2025-08-21T21:08:11.5416895Z Using cached alembic-1.13.1-py3-none-any.whl (233 kB)
2025-08-21T21:08:11.5429257Z Using cached httpx-0.27.2-py3-none-any.whl (76 kB)
2025-08-21T21:08:11.5440371Z Using cached asyncpg-0.29.0-cp312-cp312-manylinux_2_17_x86_64.manylinux2014_x86_64.whl (3.3 MB)
2025-08-21T21:08:11.5474413Z Using cached boto3-1.34.162-py3-none-any.whl (139 kB)
2025-08-21T21:08:11.5486035Z Using cached jinja2-3.1.5-py3-none-any.whl (134 kB)
2025-08-21T21:08:11.5497460Z Using cached structlog-24.1.0-py3-none-any.whl (65 kB)
2025-08-21T21:08:11.5508941Z Using cached asgi_correlation_id-4.3.1-py3-none-any.whl (15 kB)
2025-08-21T21:08:11.5519641Z Using cached fastapi_limiter-0.1.6-py3-none-any.whl (15 kB)
2025-08-21T21:08:11.5530234Z Using cached redis-5.0.8-py3-none-any.whl (255 kB)
2025-08-21T21:08:11.5542743Z Using cached botocore-1.34.162-py3-none-any.whl (12.5 MB)
2025-08-21T21:08:11.5642789Z Using cached httpcore-1.0.9-py3-none-any.whl (78 kB)
2025-08-21T21:08:11.5654122Z Using cached s3transfer-0.10.4-py3-none-any.whl (83 kB)
2025-08-21T21:08:11.5665420Z Using cached starlette-0.37.2-py3-none-any.whl (71 kB)
2025-08-21T21:08:11.5676573Z Using cached anyio-4.10.0-py3-none-any.whl (107 kB)
2025-08-21T21:08:11.5688477Z Using cached email_validator-2.2.0-py3-none-any.whl (33 kB)
2025-08-21T21:08:11.5699724Z Using cached dnspython-2.7.0-py3-none-any.whl (313 kB)
2025-08-21T21:08:11.5712966Z Using cached fastapi_cli-0.0.8-py3-none-any.whl (10 kB)
2025-08-21T21:08:11.5724530Z Using cached greenlet-3.2.4-cp312-cp312-manylinux_2_24_x86_64.manylinux_2_28_x86_64.whl (607 kB)
2025-08-21T21:08:11.5739790Z Using cached h11-0.16.0-py3-none-any.whl (37 kB)
2025-08-21T21:08:11.5751395Z Using cached MarkupSafe-3.0.2-cp312-cp312-manylinux_2_17_x86_64.manylinux2014_x86_64.whl (23 kB)
2025-08-21T21:08:11.5762033Z Using cached orjson-3.11.2-cp312-cp312-manylinux_2_17_x86_64.manylinux2014_x86_64.whl (121 kB)
2025-08-21T21:08:11.5774602Z Using cached python_multipart-0.0.20-py3-none-any.whl (24 kB)
2025-08-21T21:08:11.5785189Z Using cached rich_toolkit-0.15.0-py3-none-any.whl (29 kB)
2025-08-21T21:08:11.5795926Z Using cached rich-14.1.0-py3-none-any.whl (243 kB)
2025-08-21T21:08:11.5808126Z Using cached pygments-2.19.2-py3-none-any.whl (1.2 MB)
2025-08-21T21:08:11.5827449Z Using cached markdown_it_py-4.0.0-py3-none-any.whl (87 kB)
2025-08-21T21:08:11.5838491Z Using cached mdurl-0.1.2-py3-none-any.whl (10.0 kB)
2025-08-21T21:08:11.5849040Z Using cached sniffio-1.3.1-py3-none-any.whl (10 kB)
2025-08-21T21:08:11.5859566Z Using cached typer-0.16.1-py3-none-any.whl (46 kB)
2025-08-21T21:08:11.5870328Z Using cached shellingham-1.5.4-py2.py3-none-any.whl (9.8 kB)
2025-08-21T21:08:11.5881180Z Using cached ujson-5.11.0-cp312-cp312-manylinux_2_24_x86_64.manylinux_2_28_x86_64.whl (57 kB)
2025-08-21T21:08:11.5893155Z Using cached httptools-0.6.4-cp312-cp312-manylinux_2_5_x86_64.manylinux1_x86_64.manylinux_2_17_x86_64.manylinux2014_x86_64.whl (510 kB)
2025-08-21T21:08:11.5906975Z Using cached uvloop-0.21.0-cp312-cp312-manylinux_2_17_x86_64.manylinux2014_x86_64.whl (4.7 MB)
2025-08-21T21:08:11.5950010Z Using cached watchfiles-1.1.0-cp312-cp312-manylinux_2_17_x86_64.manylinux2014_x86_64.whl (452 kB)
2025-08-21T21:08:11.5964097Z Using cached websockets-15.0.1-cp312-cp312-manylinux_2_5_x86_64.manylinux1_x86_64.manylinux_2_17_x86_64.manylinux2014_x86_64.whl (182 kB)
2025-08-21T21:08:11.5975804Z Using cached mako-1.3.10-py3-none-any.whl (78 kB)
2025-08-21T21:08:11.8383255Z Installing collected packages: websockets, uvloop, ujson, structlog, sniffio, shellingham, redis, python-multipart, pygments, orjson, mdurl, MarkupSafe, httptools, h11, greenlet, dnspython, asyncpg, uvicorn, sqlalchemy, markdown-it-py, Mako, Jinja2, httpcore, email_validator, botocore, anyio, watchfiles, starlette, s3transfer, rich, httpx, alembic, typer, rich-toolkit, boto3, asgi-correlation-id, fastapi-cli, fastapi, fastapi-limiter
2025-08-21T21:08:12.0785353Z   Attempting uninstall: redis
2025-08-21T21:08:12.0816802Z     Found existing installation: redis 5.3.1
2025-08-21T21:08:12.0894792Z     Uninstalling redis-5.3.1:
2025-08-21T21:08:12.0911394Z       Successfully uninstalled redis-5.3.1
2025-08-21T21:08:14.9340959Z   Attempting uninstall: botocore
2025-08-21T21:08:14.9368599Z     Found existing installation: botocore 1.40.15
2025-08-21T21:08:14.9995413Z     Uninstalling botocore-1.40.15:
2025-08-21T21:08:15.0237569Z       Successfully uninstalled botocore-1.40.15
2025-08-21T21:08:15.8004465Z   Attempting uninstall: s3transfer
2025-08-21T21:08:15.8050974Z     Found existing installation: s3transfer 0.13.1
2025-08-21T21:08:15.8077940Z     Uninstalling s3transfer-0.13.1:
2025-08-21T21:08:15.8086704Z       Successfully uninstalled s3transfer-0.13.1
2025-08-21T21:08:16.3326231Z   Attempting uninstall: boto3
2025-08-21T21:08:16.3368025Z     Found existing installation: boto3 1.40.15
2025-08-21T21:08:16.3428561Z     Uninstalling boto3-1.40.15:
2025-08-21T21:08:16.3446963Z       Successfully uninstalled boto3-1.40.15
2025-08-21T21:08:16.5050440Z 
2025-08-21T21:08:16.5135710Z Successfully installed Jinja2-3.1.5 Mako-1.3.10 MarkupSafe-3.0.2 alembic-1.13.1 anyio-4.10.0 asgi-correlation-id-4.3.1 asyncpg-0.29.0 boto3-1.34.162 botocore-1.34.162 dnspython-2.7.0 email_validator-2.2.0 fastapi-0.111.0 fastapi-cli-0.0.8 fastapi-limiter-0.1.6 greenlet-3.2.4 h11-0.16.0 httpcore-1.0.9 httptools-0.6.4 httpx-0.27.2 markdown-it-py-4.0.0 mdurl-0.1.2 orjson-3.11.2 pygments-2.19.2 python-multipart-0.0.20 redis-5.0.8 rich-14.1.0 rich-toolkit-0.15.0 s3transfer-0.10.4 shellingham-1.5.4 sniffio-1.3.1 sqlalchemy-2.0.29 starlette-0.37.2 structlog-24.1.0 typer-0.16.1 ujson-5.11.0 uvicorn-0.29.0 uvloop-0.21.0 watchfiles-1.1.0 websockets-15.0.1
2025-08-21T21:08:17.6073417Z Requirement already satisfied: uvicorn==0.29.0 in /opt/hostedtoolcache/Python/3.12.11/x64/lib/python3.12/site-packages (from -r services/repricer/requirements.txt (line 1)) (0.29.0)
2025-08-21T21:08:17.6077529Z Requirement already satisfied: pydantic-settings==2.2.1 in /opt/hostedtoolcache/Python/3.12.11/x64/lib/python3.12/site-packages (from -r services/repricer/requirements.txt (line 2)) (2.2.1)
2025-08-21T21:08:17.6081755Z Requirement already satisfied: python-amazon-sp-api==0.8.0 in /opt/hostedtoolcache/Python/3.12.11/x64/lib/python3.12/site-packages (from -r services/repricer/requirements.txt (line 3)) (0.8.0)
2025-08-21T21:08:17.6085780Z Requirement already satisfied: fastapi==0.111.0 in /opt/hostedtoolcache/Python/3.12.11/x64/lib/python3.12/site-packages (from -r services/repricer/requirements.txt (line 4)) (0.111.0)
2025-08-21T21:08:17.6089806Z Requirement already satisfied: sqlalchemy==2.0.29 in /opt/hostedtoolcache/Python/3.12.11/x64/lib/python3.12/site-packages (from -r services/repricer/requirements.txt (line 5)) (2.0.29)
2025-08-21T21:08:17.6100762Z Requirement already satisfied: click>=7.0 in /opt/hostedtoolcache/Python/3.12.11/x64/lib/python3.12/site-packages (from uvicorn==0.29.0->-r services/repricer/requirements.txt (line 1)) (8.2.1)
2025-08-21T21:08:17.6106569Z Requirement already satisfied: h11>=0.8 in /opt/hostedtoolcache/Python/3.12.11/x64/lib/python3.12/site-packages (from uvicorn==0.29.0->-r services/repricer/requirements.txt (line 1)) (0.16.0)
2025-08-21T21:08:17.6129621Z Requirement already satisfied: pydantic>=2.3.0 in /opt/hostedtoolcache/Python/3.12.11/x64/lib/python3.12/site-packages (from pydantic-settings==2.2.1->-r services/repricer/requirements.txt (line 2)) (2.11.7)
2025-08-21T21:08:17.6135099Z Requirement already satisfied: python-dotenv>=0.21.0 in /opt/hostedtoolcache/Python/3.12.11/x64/lib/python3.12/site-packages (from pydantic-settings==2.2.1->-r services/repricer/requirements.txt (line 2)) (1.1.1)
2025-08-21T21:08:17.6146076Z Requirement already satisfied: requests in /opt/hostedtoolcache/Python/3.12.11/x64/lib/python3.12/site-packages (from python-amazon-sp-api==0.8.0->-r services/repricer/requirements.txt (line 3)) (2.32.5)
2025-08-21T21:08:17.6152986Z Requirement already satisfied: six<2,>=1.15 in /opt/hostedtoolcache/Python/3.12.11/x64/lib/python3.12/site-packages (from python-amazon-sp-api==0.8.0->-r services/repricer/requirements.txt (line 3)) (1.17.0)
2025-08-21T21:08:17.6161383Z Requirement already satisfied: boto3<2,>=1.16.39 in /opt/hostedtoolcache/Python/3.12.11/x64/lib/python3.12/site-packages (from python-amazon-sp-api==0.8.0->-r services/repricer/requirements.txt (line 3)) (1.34.162)
2025-08-21T21:08:17.6169509Z Requirement already satisfied: cachetools~=4.2.0 in /opt/hostedtoolcache/Python/3.12.11/x64/lib/python3.12/site-packages (from python-amazon-sp-api==0.8.0->-r services/repricer/requirements.txt (line 3)) (4.2.4)
2025-08-21T21:08:17.6174154Z Requirement already satisfied: pycryptodome in /opt/hostedtoolcache/Python/3.12.11/x64/lib/python3.12/site-packages (from python-amazon-sp-api==0.8.0->-r services/repricer/requirements.txt (line 3)) (3.23.0)
2025-08-21T21:08:17.6177788Z Requirement already satisfied: pytz in /opt/hostedtoolcache/Python/3.12.11/x64/lib/python3.12/site-packages (from python-amazon-sp-api==0.8.0->-r services/repricer/requirements.txt (line 3)) (2025.2)
2025-08-21T21:08:17.6183677Z Requirement already satisfied: confuse~=1.4.0 in /opt/hostedtoolcache/Python/3.12.11/x64/lib/python3.12/site-packages (from python-amazon-sp-api==0.8.0->-r services/repricer/requirements.txt (line 3)) (1.4.0)
2025-08-21T21:08:17.6198933Z Requirement already satisfied: starlette<0.38.0,>=0.37.2 in /opt/hostedtoolcache/Python/3.12.11/x64/lib/python3.12/site-packages (from fastapi==0.111.0->-r services/repricer/requirements.txt (line 4)) (0.37.2)
2025-08-21T21:08:17.6208508Z Requirement already satisfied: typing-extensions>=4.8.0 in /opt/hostedtoolcache/Python/3.12.11/x64/lib/python3.12/site-packages (from fastapi==0.111.0->-r services/repricer/requirements.txt (line 4)) (4.14.1)
2025-08-21T21:08:17.6213401Z Requirement already satisfied: fastapi-cli>=0.0.2 in /opt/hostedtoolcache/Python/3.12.11/x64/lib/python3.12/site-packages (from fastapi==0.111.0->-r services/repricer/requirements.txt (line 4)) (0.0.8)
2025-08-21T21:08:17.6218275Z Requirement already satisfied: httpx>=0.23.0 in /opt/hostedtoolcache/Python/3.12.11/x64/lib/python3.12/site-packages (from fastapi==0.111.0->-r services/repricer/requirements.txt (line 4)) (0.27.2)
2025-08-21T21:08:17.6223765Z Requirement already satisfied: jinja2>=2.11.2 in /opt/hostedtoolcache/Python/3.12.11/x64/lib/python3.12/site-packages (from fastapi==0.111.0->-r services/repricer/requirements.txt (line 4)) (3.1.5)
2025-08-21T21:08:17.6228446Z Requirement already satisfied: python-multipart>=0.0.7 in /opt/hostedtoolcache/Python/3.12.11/x64/lib/python3.12/site-packages (from fastapi==0.111.0->-r services/repricer/requirements.txt (line 4)) (0.0.20)
2025-08-21T21:08:17.6236468Z Requirement already satisfied: ujson!=4.0.2,!=4.1.0,!=4.2.0,!=4.3.0,!=5.0.0,!=5.1.0,>=4.0.1 in /opt/hostedtoolcache/Python/3.12.11/x64/lib/python3.12/site-packages (from fastapi==0.111.0->-r services/repricer/requirements.txt (line 4)) (5.11.0)
2025-08-21T21:08:17.6240869Z Requirement already satisfied: orjson>=3.2.1 in /opt/hostedtoolcache/Python/3.12.11/x64/lib/python3.12/site-packages (from fastapi==0.111.0->-r services/repricer/requirements.txt (line 4)) (3.11.2)
2025-08-21T21:08:17.6245805Z Requirement already satisfied: email_validator>=2.0.0 in /opt/hostedtoolcache/Python/3.12.11/x64/lib/python3.12/site-packages (from fastapi==0.111.0->-r services/repricer/requirements.txt (line 4)) (2.2.0)
2025-08-21T21:08:17.6292519Z Requirement already satisfied: greenlet!=0.4.17 in /opt/hostedtoolcache/Python/3.12.11/x64/lib/python3.12/site-packages (from sqlalchemy==2.0.29->-r services/repricer/requirements.txt (line 5)) (3.2.4)
2025-08-21T21:08:17.6336967Z Requirement already satisfied: botocore<1.35.0,>=1.34.162 in /opt/hostedtoolcache/Python/3.12.11/x64/lib/python3.12/site-packages (from boto3<2,>=1.16.39->python-amazon-sp-api==0.8.0->-r services/repricer/requirements.txt (line 3)) (1.34.162)
2025-08-21T21:08:17.6343319Z Requirement already satisfied: jmespath<2.0.0,>=0.7.1 in /opt/hostedtoolcache/Python/3.12.11/x64/lib/python3.12/site-packages (from boto3<2,>=1.16.39->python-amazon-sp-api==0.8.0->-r services/repricer/requirements.txt (line 3)) (1.0.1)
2025-08-21T21:08:17.6349795Z Requirement already satisfied: s3transfer<0.11.0,>=0.10.0 in /opt/hostedtoolcache/Python/3.12.11/x64/lib/python3.12/site-packages (from boto3<2,>=1.16.39->python-amazon-sp-api==0.8.0->-r services/repricer/requirements.txt (line 3)) (0.10.4)
2025-08-21T21:08:17.6366859Z Requirement already satisfied: python-dateutil<3.0.0,>=2.1 in /opt/hostedtoolcache/Python/3.12.11/x64/lib/python3.12/site-packages (from botocore<1.35.0,>=1.34.162->boto3<2,>=1.16.39->python-amazon-sp-api==0.8.0->-r services/repricer/requirements.txt (line 3)) (2.9.0.post0)
2025-08-21T21:08:17.6379397Z Requirement already satisfied: urllib3!=2.2.0,<3,>=1.25.4 in /opt/hostedtoolcache/Python/3.12.11/x64/lib/python3.12/site-packages (from botocore<1.35.0,>=1.34.162->boto3<2,>=1.16.39->python-amazon-sp-api==0.8.0->-r services/repricer/requirements.txt (line 3)) (2.5.0)
2025-08-21T21:08:17.6398149Z Requirement already satisfied: pyyaml in /opt/hostedtoolcache/Python/3.12.11/x64/lib/python3.12/site-packages (from confuse~=1.4.0->python-amazon-sp-api==0.8.0->-r services/repricer/requirements.txt (line 3)) (6.0.2)
2025-08-21T21:08:17.6431196Z Requirement already satisfied: annotated-types>=0.6.0 in /opt/hostedtoolcache/Python/3.12.11/x64/lib/python3.12/site-packages (from pydantic>=2.3.0->pydantic-settings==2.2.1->-r services/repricer/requirements.txt (line 2)) (0.7.0)
2025-08-21T21:08:17.6436440Z Requirement already satisfied: pydantic-core==2.33.2 in /opt/hostedtoolcache/Python/3.12.11/x64/lib/python3.12/site-packages (from pydantic>=2.3.0->pydantic-settings==2.2.1->-r services/repricer/requirements.txt (line 2)) (2.33.2)
2025-08-21T21:08:17.6443450Z Requirement already satisfied: typing-inspection>=0.4.0 in /opt/hostedtoolcache/Python/3.12.11/x64/lib/python3.12/site-packages (from pydantic>=2.3.0->pydantic-settings==2.2.1->-r services/repricer/requirements.txt (line 2)) (0.4.1)
2025-08-21T21:08:17.6504007Z Requirement already satisfied: anyio<5,>=3.4.0 in /opt/hostedtoolcache/Python/3.12.11/x64/lib/python3.12/site-packages (from starlette<0.38.0,>=0.37.2->fastapi==0.111.0->-r services/repricer/requirements.txt (line 4)) (4.10.0)
2025-08-21T21:08:17.6524009Z Requirement already satisfied: idna>=2.8 in /opt/hostedtoolcache/Python/3.12.11/x64/lib/python3.12/site-packages (from anyio<5,>=3.4.0->starlette<0.38.0,>=0.37.2->fastapi==0.111.0->-r services/repricer/requirements.txt (line 4)) (3.10)
2025-08-21T21:08:17.6529058Z Requirement already satisfied: sniffio>=1.1 in /opt/hostedtoolcache/Python/3.12.11/x64/lib/python3.12/site-packages (from anyio<5,>=3.4.0->starlette<0.38.0,>=0.37.2->fastapi==0.111.0->-r services/repricer/requirements.txt (line 4)) (1.3.1)
2025-08-21T21:08:17.6585717Z Requirement already satisfied: dnspython>=2.0.0 in /opt/hostedtoolcache/Python/3.12.11/x64/lib/python3.12/site-packages (from email_validator>=2.0.0->fastapi==0.111.0->-r services/repricer/requirements.txt (line 4)) (2.7.0)
2025-08-21T21:08:17.6634460Z Requirement already satisfied: typer>=0.15.1 in /opt/hostedtoolcache/Python/3.12.11/x64/lib/python3.12/site-packages (from fastapi-cli>=0.0.2->fastapi==0.111.0->-r services/repricer/requirements.txt (line 4)) (0.16.1)
2025-08-21T21:08:17.6644842Z Requirement already satisfied: rich-toolkit>=0.14.8 in /opt/hostedtoolcache/Python/3.12.11/x64/lib/python3.12/site-packages (from fastapi-cli>=0.0.2->fastapi==0.111.0->-r services/repricer/requirements.txt (line 4)) (0.15.0)
2025-08-21T21:08:17.6685642Z Requirement already satisfied: certifi in /opt/hostedtoolcache/Python/3.12.11/x64/lib/python3.12/site-packages (from httpx>=0.23.0->fastapi==0.111.0->-r services/repricer/requirements.txt (line 4)) (2025.8.3)
2025-08-21T21:08:17.6690693Z Requirement already satisfied: httpcore==1.* in /opt/hostedtoolcache/Python/3.12.11/x64/lib/python3.12/site-packages (from httpx>=0.23.0->fastapi==0.111.0->-r services/repricer/requirements.txt (line 4)) (1.0.9)
2025-08-21T21:08:17.6748187Z Requirement already satisfied: MarkupSafe>=2.0 in /opt/hostedtoolcache/Python/3.12.11/x64/lib/python3.12/site-packages (from jinja2>=2.11.2->fastapi==0.111.0->-r services/repricer/requirements.txt (line 4)) (3.0.2)
2025-08-21T21:08:17.6805804Z Requirement already satisfied: rich>=13.7.1 in /opt/hostedtoolcache/Python/3.12.11/x64/lib/python3.12/site-packages (from rich-toolkit>=0.14.8->fastapi-cli>=0.0.2->fastapi==0.111.0->-r services/repricer/requirements.txt (line 4)) (14.1.0)
2025-08-21T21:08:17.6828309Z Requirement already satisfied: markdown-it-py>=2.2.0 in /opt/hostedtoolcache/Python/3.12.11/x64/lib/python3.12/site-packages (from rich>=13.7.1->rich-toolkit>=0.14.8->fastapi-cli>=0.0.2->fastapi==0.111.0->-r services/repricer/requirements.txt (line 4)) (4.0.0)
2025-08-21T21:08:17.6835233Z Requirement already satisfied: pygments<3.0.0,>=2.13.0 in /opt/hostedtoolcache/Python/3.12.11/x64/lib/python3.12/site-packages (from rich>=13.7.1->rich-toolkit>=0.14.8->fastapi-cli>=0.0.2->fastapi==0.111.0->-r services/repricer/requirements.txt (line 4)) (2.19.2)
2025-08-21T21:08:17.6861856Z Requirement already satisfied: mdurl~=0.1 in /opt/hostedtoolcache/Python/3.12.11/x64/lib/python3.12/site-packages (from markdown-it-py>=2.2.0->rich>=13.7.1->rich-toolkit>=0.14.8->fastapi-cli>=0.0.2->fastapi==0.111.0->-r services/repricer/requirements.txt (line 4)) (0.1.2)
2025-08-21T21:08:17.6927415Z Requirement already satisfied: shellingham>=1.3.0 in /opt/hostedtoolcache/Python/3.12.11/x64/lib/python3.12/site-packages (from typer>=0.15.1->fastapi-cli>=0.0.2->fastapi==0.111.0->-r services/repricer/requirements.txt (line 4)) (1.5.4)
2025-08-21T21:08:17.6998888Z Requirement already satisfied: httptools>=0.5.0 in /opt/hostedtoolcache/Python/3.12.11/x64/lib/python3.12/site-packages (from uvicorn[standard]>=0.12.0->fastapi==0.111.0->-r services/repricer/requirements.txt (line 4)) (0.6.4)
2025-08-21T21:08:17.7015587Z Requirement already satisfied: uvloop!=0.15.0,!=0.15.1,>=0.14.0 in /opt/hostedtoolcache/Python/3.12.11/x64/lib/python3.12/site-packages (from uvicorn[standard]>=0.12.0->fastapi==0.111.0->-r services/repricer/requirements.txt (line 4)) (0.21.0)
2025-08-21T21:08:17.7023460Z Requirement already satisfied: watchfiles>=0.13 in /opt/hostedtoolcache/Python/3.12.11/x64/lib/python3.12/site-packages (from uvicorn[standard]>=0.12.0->fastapi==0.111.0->-r services/repricer/requirements.txt (line 4)) (1.1.0)
2025-08-21T21:08:17.7030660Z Requirement already satisfied: websockets>=10.4 in /opt/hostedtoolcache/Python/3.12.11/x64/lib/python3.12/site-packages (from uvicorn[standard]>=0.12.0->fastapi==0.111.0->-r services/repricer/requirements.txt (line 4)) (15.0.1)
2025-08-21T21:08:17.7163055Z Requirement already satisfied: charset_normalizer<4,>=2 in /opt/hostedtoolcache/Python/3.12.11/x64/lib/python3.12/site-packages (from requests->python-amazon-sp-api==0.8.0->-r services/repricer/requirements.txt (line 3)) (3.4.3)
2025-08-21T21:08:18.7817897Z Collecting celery==5.4.* (from celery[redis]==5.4.*->-r services/fees_h10/requirements.txt (line 1))
2025-08-21T21:08:18.7831389Z   Using cached celery-5.4.0-py3-none-any.whl.metadata (21 kB)
2025-08-21T21:08:18.8049253Z Requirement already satisfied: asyncpg in /opt/hostedtoolcache/Python/3.12.11/x64/lib/python3.12/site-packages (from -r services/fees_h10/requirements.txt (line 2)) (0.29.0)
2025-08-21T21:08:18.8053617Z Requirement already satisfied: httpx in /opt/hostedtoolcache/Python/3.12.11/x64/lib/python3.12/site-packages (from -r services/fees_h10/requirements.txt (line 3)) (0.27.2)
2025-08-21T21:08:18.8057942Z Requirement already satisfied: sqlalchemy in /opt/hostedtoolcache/Python/3.12.11/x64/lib/python3.12/site-packages (from -r services/fees_h10/requirements.txt (line 4)) (2.0.29)
2025-08-21T21:08:18.8071493Z Requirement already satisfied: billiard<5.0,>=4.2.0 in /opt/hostedtoolcache/Python/3.12.11/x64/lib/python3.12/site-packages (from celery==5.4.*->celery[redis]==5.4.*->-r services/fees_h10/requirements.txt (line 1)) (4.2.1)
2025-08-21T21:08:18.8078144Z Requirement already satisfied: kombu<6.0,>=5.3.4 in /opt/hostedtoolcache/Python/3.12.11/x64/lib/python3.12/site-packages (from celery==5.4.*->celery[redis]==5.4.*->-r services/fees_h10/requirements.txt (line 1)) (5.5.4)
2025-08-21T21:08:18.8084693Z Requirement already satisfied: vine<6.0,>=5.1.0 in /opt/hostedtoolcache/Python/3.12.11/x64/lib/python3.12/site-packages (from celery==5.4.*->celery[redis]==5.4.*->-r services/fees_h10/requirements.txt (line 1)) (5.1.0)
2025-08-21T21:08:18.8091135Z Requirement already satisfied: click<9.0,>=8.1.2 in /opt/hostedtoolcache/Python/3.12.11/x64/lib/python3.12/site-packages (from celery==5.4.*->celery[redis]==5.4.*->-r services/fees_h10/requirements.txt (line 1)) (8.2.1)
2025-08-21T21:08:18.8097210Z Requirement already satisfied: click-didyoumean>=0.3.0 in /opt/hostedtoolcache/Python/3.12.11/x64/lib/python3.12/site-packages (from celery==5.4.*->celery[redis]==5.4.*->-r services/fees_h10/requirements.txt (line 1)) (0.3.1)
2025-08-21T21:08:18.8103317Z Requirement already satisfied: click-repl>=0.2.0 in /opt/hostedtoolcache/Python/3.12.11/x64/lib/python3.12/site-packages (from celery==5.4.*->celery[redis]==5.4.*->-r services/fees_h10/requirements.txt (line 1)) (0.3.0)
2025-08-21T21:08:18.8109226Z Requirement already satisfied: click-plugins>=1.1.1 in /opt/hostedtoolcache/Python/3.12.11/x64/lib/python3.12/site-packages (from celery==5.4.*->celery[redis]==5.4.*->-r services/fees_h10/requirements.txt (line 1)) (1.1.1.2)
2025-08-21T21:08:18.8115162Z Requirement already satisfied: tzdata>=2022.7 in /opt/hostedtoolcache/Python/3.12.11/x64/lib/python3.12/site-packages (from celery==5.4.*->celery[redis]==5.4.*->-r services/fees_h10/requirements.txt (line 1)) (2025.2)
2025-08-21T21:08:18.8121808Z Requirement already satisfied: python-dateutil>=2.8.2 in /opt/hostedtoolcache/Python/3.12.11/x64/lib/python3.12/site-packages (from celery==5.4.*->celery[redis]==5.4.*->-r services/fees_h10/requirements.txt (line 1)) (2.9.0.post0)
2025-08-21T21:08:18.8163048Z Requirement already satisfied: redis!=4.5.5,<6.0.0,>=4.5.2 in /opt/hostedtoolcache/Python/3.12.11/x64/lib/python3.12/site-packages (from celery[redis]==5.4.*->-r services/fees_h10/requirements.txt (line 1)) (5.0.8)
2025-08-21T21:08:18.8185519Z Requirement already satisfied: amqp<6.0.0,>=5.1.1 in /opt/hostedtoolcache/Python/3.12.11/x64/lib/python3.12/site-packages (from kombu<6.0,>=5.3.4->celery==5.4.*->celery[redis]==5.4.*->-r services/fees_h10/requirements.txt (line 1)) (5.3.1)
2025-08-21T21:08:18.8197263Z Requirement already satisfied: packaging in /opt/hostedtoolcache/Python/3.12.11/x64/lib/python3.12/site-packages (from kombu<6.0,>=5.3.4->celery==5.4.*->celery[redis]==5.4.*->-r services/fees_h10/requirements.txt (line 1)) (25.0)
2025-08-21T21:08:18.8280801Z Requirement already satisfied: anyio in /opt/hostedtoolcache/Python/3.12.11/x64/lib/python3.12/site-packages (from httpx->-r services/fees_h10/requirements.txt (line 3)) (4.10.0)
2025-08-21T21:08:18.8285929Z Requirement already satisfied: certifi in /opt/hostedtoolcache/Python/3.12.11/x64/lib/python3.12/site-packages (from httpx->-r services/fees_h10/requirements.txt (line 3)) (2025.8.3)
2025-08-21T21:08:18.8291699Z Requirement already satisfied: httpcore==1.* in /opt/hostedtoolcache/Python/3.12.11/x64/lib/python3.12/site-packages (from httpx->-r services/fees_h10/requirements.txt (line 3)) (1.0.9)
2025-08-21T21:08:18.8296462Z Requirement already satisfied: idna in /opt/hostedtoolcache/Python/3.12.11/x64/lib/python3.12/site-packages (from httpx->-r services/fees_h10/requirements.txt (line 3)) (3.10)
2025-08-21T21:08:18.8301073Z Requirement already satisfied: sniffio in /opt/hostedtoolcache/Python/3.12.11/x64/lib/python3.12/site-packages (from httpx->-r services/fees_h10/requirements.txt (line 3)) (1.3.1)
2025-08-21T21:08:18.8326190Z Requirement already satisfied: h11>=0.16 in /opt/hostedtoolcache/Python/3.12.11/x64/lib/python3.12/site-packages (from httpcore==1.*->httpx->-r services/fees_h10/requirements.txt (line 3)) (0.16.0)
2025-08-21T21:08:18.8345682Z Requirement already satisfied: typing-extensions>=4.6.0 in /opt/hostedtoolcache/Python/3.12.11/x64/lib/python3.12/site-packages (from sqlalchemy->-r services/fees_h10/requirements.txt (line 4)) (4.14.1)
2025-08-21T21:08:18.8360216Z Requirement already satisfied: greenlet!=0.4.17 in /opt/hostedtoolcache/Python/3.12.11/x64/lib/python3.12/site-packages (from sqlalchemy->-r services/fees_h10/requirements.txt (line 4)) (3.2.4)
2025-08-21T21:08:18.8432120Z Requirement already satisfied: prompt-toolkit>=3.0.36 in /opt/hostedtoolcache/Python/3.12.11/x64/lib/python3.12/site-packages (from click-repl>=0.2.0->celery==5.4.*->celery[redis]==5.4.*->-r services/fees_h10/requirements.txt (line 1)) (3.0.51)
2025-08-21T21:08:18.8469597Z Requirement already satisfied: wcwidth in /opt/hostedtoolcache/Python/3.12.11/x64/lib/python3.12/site-packages (from prompt-toolkit>=3.0.36->click-repl>=0.2.0->celery==5.4.*->celery[redis]==5.4.*->-r services/fees_h10/requirements.txt (line 1)) (0.2.13)
2025-08-21T21:08:18.8485252Z Requirement already satisfied: six>=1.5 in /opt/hostedtoolcache/Python/3.12.11/x64/lib/python3.12/site-packages (from python-dateutil>=2.8.2->celery==5.4.*->celery[redis]==5.4.*->-r services/fees_h10/requirements.txt (line 1)) (1.17.0)
2025-08-21T21:08:18.8600617Z Using cached celery-5.4.0-py3-none-any.whl (425 kB)
2025-08-21T21:08:18.9914010Z Installing collected packages: celery
2025-08-21T21:08:18.9915665Z   Attempting uninstall: celery
2025-08-21T21:08:18.9961443Z     Found existing installation: celery 5.3.6
2025-08-21T21:08:19.0107881Z     Uninstalling celery-5.3.6:
2025-08-21T21:08:19.0136050Z       Successfully uninstalled celery-5.3.6
2025-08-21T21:08:19.3411368Z Successfully installed celery-5.4.0
2025-08-21T21:08:20.3120869Z Collecting python-telegram-bot==20.8 (from -r services/alert_bot/requirements.txt (line 1))
2025-08-21T21:08:20.3134517Z   Using cached python_telegram_bot-20.8-py3-none-any.whl.metadata (15 kB)
2025-08-21T21:08:20.3925400Z Collecting APScheduler==3.10.4 (from -r services/alert_bot/requirements.txt (line 2))
2025-08-21T21:08:20.3937229Z   Using cached APScheduler-3.10.4-py3-none-any.whl.metadata (5.7 kB)
2025-08-21T21:08:20.3981353Z Requirement already satisfied: asyncpg in /opt/hostedtoolcache/Python/3.12.11/x64/lib/python3.12/site-packages (from -r services/alert_bot/requirements.txt (line 3)) (0.29.0)
2025-08-21T21:08:20.4145344Z Collecting httpx~=0.26.0 (from python-telegram-bot==20.8->-r services/alert_bot/requirements.txt (line 1))
2025-08-21T21:08:20.4156732Z   Using cached httpx-0.26.0-py3-none-any.whl.metadata (7.6 kB)
2025-08-21T21:08:20.4196857Z Requirement already satisfied: six>=1.4.0 in /opt/hostedtoolcache/Python/3.12.11/x64/lib/python3.12/site-packages (from APScheduler==3.10.4->-r services/alert_bot/requirements.txt (line 2)) (1.17.0)
2025-08-21T21:08:20.4200532Z Requirement already satisfied: pytz in /opt/hostedtoolcache/Python/3.12.11/x64/lib/python3.12/site-packages (from APScheduler==3.10.4->-r services/alert_bot/requirements.txt (line 2)) (2025.2)
2025-08-21T21:08:20.4332602Z Collecting tzlocal!=3.*,>=2.0 (from APScheduler==3.10.4->-r services/alert_bot/requirements.txt (line 2))
2025-08-21T21:08:20.4343400Z   Using cached tzlocal-5.3.1-py3-none-any.whl.metadata (7.6 kB)
2025-08-21T21:08:20.4375047Z Requirement already satisfied: anyio in /opt/hostedtoolcache/Python/3.12.11/x64/lib/python3.12/site-packages (from httpx~=0.26.0->python-telegram-bot==20.8->-r services/alert_bot/requirements.txt (line 1)) (4.10.0)
2025-08-21T21:08:20.4378544Z Requirement already satisfied: certifi in /opt/hostedtoolcache/Python/3.12.11/x64/lib/python3.12/site-packages (from httpx~=0.26.0->python-telegram-bot==20.8->-r services/alert_bot/requirements.txt (line 1)) (2025.8.3)
2025-08-21T21:08:20.4384235Z Requirement already satisfied: httpcore==1.* in /opt/hostedtoolcache/Python/3.12.11/x64/lib/python3.12/site-packages (from httpx~=0.26.0->python-telegram-bot==20.8->-r services/alert_bot/requirements.txt (line 1)) (1.0.9)
2025-08-21T21:08:20.4389510Z Requirement already satisfied: idna in /opt/hostedtoolcache/Python/3.12.11/x64/lib/python3.12/site-packages (from httpx~=0.26.0->python-telegram-bot==20.8->-r services/alert_bot/requirements.txt (line 1)) (3.10)
2025-08-21T21:08:20.4392698Z Requirement already satisfied: sniffio in /opt/hostedtoolcache/Python/3.12.11/x64/lib/python3.12/site-packages (from httpx~=0.26.0->python-telegram-bot==20.8->-r services/alert_bot/requirements.txt (line 1)) (1.3.1)
2025-08-21T21:08:20.4409153Z Requirement already satisfied: h11>=0.16 in /opt/hostedtoolcache/Python/3.12.11/x64/lib/python3.12/site-packages (from httpcore==1.*->httpx~=0.26.0->python-telegram-bot==20.8->-r services/alert_bot/requirements.txt (line 1)) (0.16.0)
2025-08-21T21:08:20.4459712Z Requirement already satisfied: typing_extensions>=4.5 in /opt/hostedtoolcache/Python/3.12.11/x64/lib/python3.12/site-packages (from anyio->httpx~=0.26.0->python-telegram-bot==20.8->-r services/alert_bot/requirements.txt (line 1)) (4.14.1)
2025-08-21T21:08:20.4512468Z Using cached python_telegram_bot-20.8-py3-none-any.whl (604 kB)
2025-08-21T21:08:20.4529603Z Using cached APScheduler-3.10.4-py3-none-any.whl (59 kB)
2025-08-21T21:08:20.4540735Z Using cached httpx-0.26.0-py3-none-any.whl (75 kB)
2025-08-21T21:08:20.4551989Z Using cached tzlocal-5.3.1-py3-none-any.whl (18 kB)
2025-08-21T21:08:20.6027901Z Installing collected packages: tzlocal, httpx, APScheduler, python-telegram-bot
2025-08-21T21:08:20.6154075Z   Attempting uninstall: httpx
2025-08-21T21:08:20.6186115Z     Found existing installation: httpx 0.27.2
2025-08-21T21:08:20.6224563Z     Uninstalling httpx-0.27.2:
2025-08-21T21:08:20.6237790Z       Successfully uninstalled httpx-0.27.2
2025-08-21T21:08:21.0549950Z 
2025-08-21T21:08:21.0634256Z Successfully installed APScheduler-3.10.4 httpx-0.26.0 python-telegram-bot-20.8 tzlocal-5.3.1
2025-08-21T21:08:21.5634683Z Collecting Jinja2==3.1.6 (from -r requirements-dev.txt (line 2))
2025-08-21T21:08:21.5648297Z   Using cached jinja2-3.1.6-py3-none-any.whl.metadata (2.9 kB)
2025-08-21T21:08:21.5845937Z Collecting alembic==1.16.4 (from -r requirements-dev.txt (line 3))
2025-08-21T21:08:21.5857389Z   Using cached alembic-1.16.4-py3-none-any.whl.metadata (7.3 kB)
2025-08-21T21:08:21.5880173Z Requirement already satisfied: apscheduler==3.10.4 in /opt/hostedtoolcache/Python/3.12.11/x64/lib/python3.12/site-packages (from -r requirements-dev.txt (line 4)) (3.10.4)
2025-08-21T21:08:21.5884855Z Requirement already satisfied: asgi-correlation-id==4.3.1 in /opt/hostedtoolcache/Python/3.12.11/x64/lib/python3.12/site-packages (from -r requirements-dev.txt (line 5)) (4.3.1)
2025-08-21T21:08:21.6251771Z Collecting asyncpg==0.30.0 (from -r requirements-dev.txt (line 6))
2025-08-21T21:08:21.6265093Z   Using cached asyncpg-0.30.0-cp312-cp312-manylinux_2_17_x86_64.manylinux2014_x86_64.whl.metadata (5.0 kB)
2025-08-21T21:08:21.6688008Z Collecting black==25.1.0 (from -r requirements-dev.txt (line 7))
2025-08-21T21:08:21.6700669Z   Using cached black-25.1.0-cp312-cp312-manylinux_2_17_x86_64.manylinux2014_x86_64.manylinux_2_28_x86_64.whl.metadata (81 kB)
2025-08-21T21:08:21.6786855Z Requirement already satisfied: boto3 in /opt/hostedtoolcache/Python/3.12.11/x64/lib/python3.12/site-packages (from -r requirements-dev.txt (line 8)) (1.34.162)
2025-08-21T21:08:21.7127326Z Collecting redis==6.* (from -r requirements-dev.txt (line 9))
2025-08-21T21:08:21.7138964Z   Using cached redis-6.4.0-py3-none-any.whl.metadata (10 kB)
2025-08-21T21:08:21.7169859Z Requirement already satisfied: minio==7.* in /opt/hostedtoolcache/Python/3.12.11/x64/lib/python3.12/site-packages (from -r requirements-dev.txt (line 10)) (7.1.15)
2025-08-21T21:08:21.7284291Z Collecting vulture==2.10 (from -r requirements-dev.txt (line 11))
2025-08-21T21:08:21.7295098Z   Using cached vulture-2.10-py2.py3-none-any.whl.metadata (23 kB)
2025-08-21T21:08:21.7641348Z Collecting celery==5.5.3 (from -r requirements-dev.txt (line 12))
2025-08-21T21:08:21.7653622Z   Using cached celery-5.5.3-py3-none-any.whl.metadata (22 kB)
2025-08-21T21:08:21.8244976Z Collecting fastapi==0.116.1 (from -r requirements-dev.txt (line 13))
2025-08-21T21:08:21.8257653Z   Using cached fastapi-0.116.1-py3-none-any.whl.metadata (28 kB)
2025-08-21T21:08:21.8329651Z Requirement already satisfied: fastapi-limiter==0.1.6 in /opt/hostedtoolcache/Python/3.12.11/x64/lib/python3.12/site-packages (from -r requirements-dev.txt (line 15)) (0.1.6)
2025-08-21T21:08:21.8482413Z Collecting httpx<0.29,>=0.27 (from -r requirements-dev.txt (line 16))
2025-08-21T21:08:21.8494471Z   Using cached httpx-0.28.1-py3-none-any.whl.metadata (7.1 kB)
2025-08-21T21:08:21.8634435Z Collecting imapclient==3.0.1 (from -r requirements-dev.txt (line 17))
2025-08-21T21:08:21.8645760Z   Using cached IMAPClient-3.0.1-py2.py3-none-any.whl.metadata (1.7 kB)
2025-08-21T21:08:21.8732859Z Collecting itsdangerous (from -r requirements-dev.txt (line 18))
2025-08-21T21:08:21.8744047Z   Using cached itsdangerous-2.2.0-py3-none-any.whl.metadata (1.9 kB)
2025-08-21T21:08:21.9712414Z Collecting mypy==1.* (from -r requirements-dev.txt (line 19))
2025-08-21T21:08:21.9725927Z   Using cached mypy-1.17.1-cp312-cp312-manylinux2014_x86_64.manylinux_2_17_x86_64.manylinux_2_28_x86_64.whl.metadata (2.2 kB)
2025-08-21T21:08:21.9755579Z Requirement already satisfied: mypy-extensions==1.1.0 in /opt/hostedtoolcache/Python/3.12.11/x64/lib/python3.12/site-packages (from -r requirements-dev.txt (line 20)) (1.1.0)
2025-08-21T21:08:21.9759459Z Requirement already satisfied: numpy<2 in /opt/hostedtoolcache/Python/3.12.11/x64/lib/python3.12/site-packages (from -r requirements-dev.txt (line 21)) (1.26.4)
2025-08-21T21:08:21.9764054Z Requirement already satisfied: openpyxl==3.1.5 in /opt/hostedtoolcache/Python/3.12.11/x64/lib/python3.12/site-packages (from -r requirements-dev.txt (line 22)) (3.1.5)
2025-08-21T21:08:21.9768251Z Requirement already satisfied: pandas==2.2.* in /opt/hostedtoolcache/Python/3.12.11/x64/lib/python3.12/site-packages (from -r requirements-dev.txt (line 23)) (2.2.3)
2025-08-21T21:08:21.9772573Z Requirement already satisfied: psycopg2-binary==2.9.10 in /opt/hostedtoolcache/Python/3.12.11/x64/lib/python3.12/site-packages (from -r requirements-dev.txt (line 24)) (2.9.10)
2025-08-21T21:08:21.9777607Z Requirement already satisfied: psycopg==3.2.9 in /opt/hostedtoolcache/Python/3.12.11/x64/lib/python3.12/site-packages (from psycopg[binary]==3.2.9->-r requirements-dev.txt (line 25)) (3.2.9)
2025-08-21T21:08:21.9781628Z Requirement already satisfied: pydantic==2.11.7 in /opt/hostedtoolcache/Python/3.12.11/x64/lib/python3.12/site-packages (from -r requirements-dev.txt (line 26)) (2.11.7)
2025-08-21T21:08:22.0942682Z Collecting setuptools (from -r requirements-dev.txt (line 27))
2025-08-21T21:08:22.0955257Z   Using cached setuptools-80.9.0-py3-none-any.whl.metadata (6.6 kB)
2025-08-21T21:08:22.1196806Z Collecting pytest-asyncio==1.1.0 (from -r requirements-dev.txt (line 28))
2025-08-21T21:08:22.1211022Z   Using cached pytest_asyncio-1.1.0-py3-none-any.whl.metadata (4.1 kB)
2025-08-21T21:08:22.1362967Z Collecting pytest-cov==6.2.1 (from -r requirements-dev.txt (line 29))
2025-08-21T21:08:22.1374366Z   Using cached pytest_cov-6.2.1-py3-none-any.whl.metadata (30 kB)
2025-08-21T21:08:22.1538097Z Collecting pytest-postgresql==7.0.2 (from -r requirements-dev.txt (line 30))
2025-08-21T21:08:22.1549161Z   Using cached pytest_postgresql-7.0.2-py3-none-any.whl.metadata (18 kB)
2025-08-21T21:08:22.1579508Z Requirement already satisfied: python-dotenv in /opt/hostedtoolcache/Python/3.12.11/x64/lib/python3.12/site-packages (from -r requirements-dev.txt (line 31)) (1.1.1)
2025-08-21T21:08:22.1583000Z Requirement already satisfied: python-multipart in /opt/hostedtoolcache/Python/3.12.11/x64/lib/python3.12/site-packages (from -r requirements-dev.txt (line 32)) (0.0.20)
2025-08-21T21:08:22.1855567Z Collecting python-telegram-bot==22.3 (from -r requirements-dev.txt (line 33))
2025-08-21T21:08:22.1866859Z   Using cached python_telegram_bot-22.3-py3-none-any.whl.metadata (17 kB)
2025-08-21T21:08:22.2151749Z Collecting requests==2.32.4 (from -r requirements-dev.txt (line 34))
2025-08-21T21:08:22.2162654Z   Using cached requests-2.32.4-py3-none-any.whl.metadata (4.9 kB)
2025-08-21T21:08:22.2314160Z Collecting respx==0.22.0 (from -r requirements-dev.txt (line 35))
2025-08-21T21:08:22.2325194Z   Using cached respx-0.22.0-py2.py3-none-any.whl.metadata (4.1 kB)
2025-08-21T21:08:22.5930683Z Collecting ruff==0.9.9 (from -r requirements-dev.txt (line 36))
2025-08-21T21:08:22.5943979Z   Using cached ruff-0.9.9-py3-none-manylinux_2_17_x86_64.manylinux2014_x86_64.whl.metadata (25 kB)
2025-08-21T21:08:22.8445312Z Collecting sqlalchemy==2.0.43 (from -r requirements-dev.txt (line 37))
2025-08-21T21:08:22.8458793Z   Using cached sqlalchemy-2.0.43-cp312-cp312-manylinux_2_17_x86_64.manylinux2014_x86_64.whl.metadata (9.6 kB)
2025-08-21T21:08:22.8561442Z Requirement already satisfied: structlog==24.1.0 in /opt/hostedtoolcache/Python/3.12.11/x64/lib/python3.12/site-packages (from -r requirements-dev.txt (line 38)) (24.1.0)
2025-08-21T21:08:22.8700201Z Collecting testcontainers==4.12.0 (from testcontainers[postgres]==4.12.0->-r requirements-dev.txt (line 39))
2025-08-21T21:08:22.8712036Z   Using cached testcontainers-4.12.0-py3-none-any.whl.metadata (8.3 kB)
2025-08-21T21:08:22.9071957Z Collecting types-requests==2.32.4.20250809 (from -r requirements-dev.txt (line 40))
2025-08-21T21:08:22.9084028Z   Using cached types_requests-2.32.4.20250809-py3-none-any.whl.metadata (2.0 kB)
2025-08-21T21:08:22.9196094Z Collecting docspec-python==2.2.2 (from -r requirements-dev.txt (line 41))
2025-08-21T21:08:22.9207537Z   Using cached docspec_python-2.2.2-py3-none-any.whl.metadata (1.0 kB)
2025-08-21T21:08:22.9365884Z Collecting pydoc-markdown==4.8.2 (from -r requirements-dev.txt (line 42))
2025-08-21T21:08:22.9377164Z   Using cached pydoc_markdown-4.8.2-py3-none-any.whl.metadata (5.9 kB)
2025-08-21T21:08:22.9409118Z Requirement already satisfied: pandera==0.19.* in /opt/hostedtoolcache/Python/3.12.11/x64/lib/python3.12/site-packages (from -r requirements-dev.txt (line 43)) (0.19.3)
2025-08-21T21:08:22.9427547Z Requirement already satisfied: MarkupSafe>=2.0 in /opt/hostedtoolcache/Python/3.12.11/x64/lib/python3.12/site-packages (from Jinja2==3.1.6->-r requirements-dev.txt (line 2)) (3.0.2)
2025-08-21T21:08:22.9532142Z Requirement already satisfied: Mako in /opt/hostedtoolcache/Python/3.12.11/x64/lib/python3.12/site-packages (from alembic==1.16.4->-r requirements-dev.txt (line 3)) (1.3.10)
2025-08-21T21:08:22.9537108Z Requirement already satisfied: typing-extensions>=4.12 in /opt/hostedtoolcache/Python/3.12.11/x64/lib/python3.12/site-packages (from alembic==1.16.4->-r requirements-dev.txt (line 3)) (4.14.1)
2025-08-21T21:08:22.9552476Z Requirement already satisfied: six>=1.4.0 in /opt/hostedtoolcache/Python/3.12.11/x64/lib/python3.12/site-packages (from apscheduler==3.10.4->-r requirements-dev.txt (line 4)) (1.17.0)
2025-08-21T21:08:22.9557125Z Requirement already satisfied: pytz in /opt/hostedtoolcache/Python/3.12.11/x64/lib/python3.12/site-packages (from apscheduler==3.10.4->-r requirements-dev.txt (line 4)) (2025.2)
2025-08-21T21:08:22.9565176Z Requirement already satisfied: tzlocal!=3.*,>=2.0 in /opt/hostedtoolcache/Python/3.12.11/x64/lib/python3.12/site-packages (from apscheduler==3.10.4->-r requirements-dev.txt (line 4)) (5.3.1)
2025-08-21T21:08:22.9603095Z Requirement already satisfied: starlette>=0.18 in /opt/hostedtoolcache/Python/3.12.11/x64/lib/python3.12/site-packages (from asgi-correlation-id==4.3.1->-r requirements-dev.txt (line 5)) (0.37.2)
2025-08-21T21:08:22.9624356Z Requirement already satisfied: click>=8.0.0 in /opt/hostedtoolcache/Python/3.12.11/x64/lib/python3.12/site-packages (from black==25.1.0->-r requirements-dev.txt (line 7)) (8.2.1)
2025-08-21T21:08:22.9629969Z Requirement already satisfied: packaging>=22.0 in /opt/hostedtoolcache/Python/3.12.11/x64/lib/python3.12/site-packages (from black==25.1.0->-r requirements-dev.txt (line 7)) (25.0)
2025-08-21T21:08:22.9714223Z Collecting pathspec>=0.9.0 (from black==25.1.0->-r requirements-dev.txt (line 7))
2025-08-21T21:08:22.9725984Z   Using cached pathspec-0.12.1-py3-none-any.whl.metadata (21 kB)
2025-08-21T21:08:22.9889816Z Collecting platformdirs>=2 (from black==25.1.0->-r requirements-dev.txt (line 7))
2025-08-21T21:08:22.9901319Z   Using cached platformdirs-4.3.8-py3-none-any.whl.metadata (12 kB)
2025-08-21T21:08:23.0004992Z Collecting toml (from vulture==2.10->-r requirements-dev.txt (line 11))
2025-08-21T21:08:23.0016337Z   Using cached toml-0.10.2-py2.py3-none-any.whl.metadata (7.1 kB)
2025-08-21T21:08:23.0045319Z Requirement already satisfied: billiard<5.0,>=4.2.1 in /opt/hostedtoolcache/Python/3.12.11/x64/lib/python3.12/site-packages (from celery==5.5.3->-r requirements-dev.txt (line 12)) (4.2.1)
2025-08-21T21:08:23.0050335Z Requirement already satisfied: kombu<5.6,>=5.5.2 in /opt/hostedtoolcache/Python/3.12.11/x64/lib/python3.12/site-packages (from celery==5.5.3->-r requirements-dev.txt (line 12)) (5.5.4)
2025-08-21T21:08:23.0055560Z Requirement already satisfied: vine<6.0,>=5.1.0 in /opt/hostedtoolcache/Python/3.12.11/x64/lib/python3.12/site-packages (from celery==5.5.3->-r requirements-dev.txt (line 12)) (5.1.0)
2025-08-21T21:08:23.0061764Z Requirement already satisfied: click-didyoumean>=0.3.0 in /opt/hostedtoolcache/Python/3.12.11/x64/lib/python3.12/site-packages (from celery==5.5.3->-r requirements-dev.txt (line 12)) (0.3.1)
2025-08-21T21:08:23.0066755Z Requirement already satisfied: click-repl>=0.2.0 in /opt/hostedtoolcache/Python/3.12.11/x64/lib/python3.12/site-packages (from celery==5.5.3->-r requirements-dev.txt (line 12)) (0.3.0)
2025-08-21T21:08:23.0071544Z Requirement already satisfied: click-plugins>=1.1.1 in /opt/hostedtoolcache/Python/3.12.11/x64/lib/python3.12/site-packages (from celery==5.5.3->-r requirements-dev.txt (line 12)) (1.1.1.2)
2025-08-21T21:08:23.0077126Z Requirement already satisfied: python-dateutil>=2.8.2 in /opt/hostedtoolcache/Python/3.12.11/x64/lib/python3.12/site-packages (from celery==5.5.3->-r requirements-dev.txt (line 12)) (2.9.0.post0)
2025-08-21T21:08:23.0388211Z Collecting starlette>=0.18 (from asgi-correlation-id==4.3.1->-r requirements-dev.txt (line 5))
2025-08-21T21:08:23.0400014Z   Using cached starlette-0.47.2-py3-none-any.whl.metadata (6.2 kB)
2025-08-21T21:08:23.0446147Z Requirement already satisfied: annotated-types>=0.6.0 in /opt/hostedtoolcache/Python/3.12.11/x64/lib/python3.12/site-packages (from pydantic==2.11.7->-r requirements-dev.txt (line 26)) (0.7.0)
2025-08-21T21:08:23.0451790Z Requirement already satisfied: pydantic-core==2.33.2 in /opt/hostedtoolcache/Python/3.12.11/x64/lib/python3.12/site-packages (from pydantic==2.11.7->-r requirements-dev.txt (line 26)) (2.33.2)
2025-08-21T21:08:23.0459951Z Requirement already satisfied: typing-inspection>=0.4.0 in /opt/hostedtoolcache/Python/3.12.11/x64/lib/python3.12/site-packages (from pydantic==2.11.7->-r requirements-dev.txt (line 26)) (0.4.1)
2025-08-21T21:08:23.0635500Z Requirement already satisfied: et-xmlfile in /opt/hostedtoolcache/Python/3.12.11/x64/lib/python3.12/site-packages (from openpyxl==3.1.5->-r requirements-dev.txt (line 22)) (2.0.0)
2025-08-21T21:08:23.1030299Z Collecting pytest<9,>=8.2 (from pytest-asyncio==1.1.0->-r requirements-dev.txt (line 28))
2025-08-21T21:08:23.1042177Z   Using cached pytest-8.4.1-py3-none-any.whl.metadata (7.7 kB)
2025-08-21T21:08:23.4544189Z Collecting coverage>=7.5 (from coverage[toml]>=7.5->pytest-cov==6.2.1->-r requirements-dev.txt (line 29))
2025-08-21T21:08:23.4557145Z   Using cached coverage-7.10.4-cp312-cp312-manylinux1_x86_64.manylinux_2_28_x86_64.manylinux_2_5_x86_64.whl.metadata (8.9 kB)
2025-08-21T21:08:23.4672570Z Collecting pluggy>=1.2 (from pytest-cov==6.2.1->-r requirements-dev.txt (line 29))
2025-08-21T21:08:23.4683686Z   Using cached pluggy-1.6.0-py3-none-any.whl.metadata (4.8 kB)
2025-08-21T21:08:23.4958320Z Collecting port-for>=0.7.3 (from pytest-postgresql==7.0.2->-r requirements-dev.txt (line 30))
2025-08-21T21:08:23.4969239Z   Using cached port_for-0.7.4-py3-none-any.whl.metadata (7.1 kB)
2025-08-21T21:08:23.5111792Z Collecting mirakuru>=2.6.0 (from pytest-postgresql==7.0.2->-r requirements-dev.txt (line 30))
2025-08-21T21:08:23.5123415Z   Using cached mirakuru-2.6.1-py3-none-any.whl.metadata (10 kB)
2025-08-21T21:08:23.5176782Z Requirement already satisfied: charset_normalizer<4,>=2 in /opt/hostedtoolcache/Python/3.12.11/x64/lib/python3.12/site-packages (from requests==2.32.4->-r requirements-dev.txt (line 34)) (3.4.3)
2025-08-21T21:08:23.5180818Z Requirement already satisfied: idna<4,>=2.5 in /opt/hostedtoolcache/Python/3.12.11/x64/lib/python3.12/site-packages (from requests==2.32.4->-r requirements-dev.txt (line 34)) (3.10)
2025-08-21T21:08:23.5184979Z Requirement already satisfied: urllib3<3,>=1.21.1 in /opt/hostedtoolcache/Python/3.12.11/x64/lib/python3.12/site-packages (from requests==2.32.4->-r requirements-dev.txt (line 34)) (2.5.0)
2025-08-21T21:08:23.5188730Z Requirement already satisfied: certifi>=2017.4.17 in /opt/hostedtoolcache/Python/3.12.11/x64/lib/python3.12/site-packages (from requests==2.32.4->-r requirements-dev.txt (line 34)) (2025.8.3)
2025-08-21T21:08:23.5274707Z Requirement already satisfied: greenlet>=1 in /opt/hostedtoolcache/Python/3.12.11/x64/lib/python3.12/site-packages (from sqlalchemy==2.0.43->-r requirements-dev.txt (line 37)) (3.2.4)
2025-08-21T21:08:23.5487038Z Collecting docker (from testcontainers==4.12.0->testcontainers[postgres]==4.12.0->-r requirements-dev.txt (line 39))
2025-08-21T21:08:23.5498142Z   Using cached docker-7.1.0-py3-none-any.whl.metadata (3.8 kB)
2025-08-21T21:08:23.5538622Z Requirement already satisfied: wrapt in /opt/hostedtoolcache/Python/3.12.11/x64/lib/python3.12/site-packages (from testcontainers==4.12.0->testcontainers[postgres]==4.12.0->-r requirements-dev.txt (line 39)) (1.17.3)
2025-08-21T21:08:23.5680204Z Collecting docspec==2.2.1 (from docspec-python==2.2.2->-r requirements-dev.txt (line 41))
2025-08-21T21:08:23.5691062Z   Using cached docspec-2.2.1-py3-none-any.whl.metadata (1.5 kB)
2025-08-21T21:08:23.5828240Z Collecting nr-util>=0.8.12 (from docspec-python==2.2.2->-r requirements-dev.txt (line 41))
2025-08-21T21:08:23.5839157Z   Using cached nr.util-0.8.12-py3-none-any.whl.metadata (813 bytes)
2025-08-21T21:08:23.5876018Z Requirement already satisfied: PyYAML<7.0,>=5.0 in /opt/hostedtoolcache/Python/3.12.11/x64/lib/python3.12/site-packages (from pydoc-markdown==4.8.2->-r requirements-dev.txt (line 42)) (6.0.2)
2025-08-21T21:08:23.6078883Z Collecting databind.core<5.0.0,>=4.4.0 (from pydoc-markdown==4.8.2->-r requirements-dev.txt (line 42))
2025-08-21T21:08:23.6089885Z   Using cached databind.core-4.5.2-py3-none-any.whl.metadata (1.1 kB)
2025-08-21T21:08:23.6293261Z Collecting databind.json<5.0.0,>=4.4.0 (from pydoc-markdown==4.8.2->-r requirements-dev.txt (line 42))
2025-08-21T21:08:23.6304480Z   Using cached databind.json-4.5.2-py3-none-any.whl.metadata (1.1 kB)
2025-08-21T21:08:23.6444493Z Collecting docstring-parser<0.12,>=0.11 (from pydoc-markdown==4.8.2->-r requirements-dev.txt (line 42))
2025-08-21T21:08:23.6446009Z   Using cached docstring_parser-0.11-py3-none-any.whl
2025-08-21T21:08:23.6827877Z Collecting tomli<3.0.0,>=2.0.0 (from pydoc-markdown==4.8.2->-r requirements-dev.txt (line 42))
2025-08-21T21:08:23.6839400Z   Using cached tomli-2.2.1-cp312-cp312-manylinux_2_17_x86_64.manylinux2014_x86_64.whl.metadata (11 kB)
2025-08-21T21:08:23.6930979Z Collecting tomli_w<2.0.0,>=1.0.0 (from pydoc-markdown==4.8.2->-r requirements-dev.txt (line 42))
2025-08-21T21:08:23.6941862Z   Using cached tomli_w-1.2.0-py3-none-any.whl.metadata (5.7 kB)
2025-08-21T21:08:23.7384621Z Collecting watchdog (from pydoc-markdown==4.8.2->-r requirements-dev.txt (line 42))
2025-08-21T21:08:23.7396823Z   Using cached watchdog-6.0.0-py3-none-manylinux2014_x86_64.whl.metadata (44 kB)
2025-08-21T21:08:23.7593066Z Collecting yapf>=0.30.0 (from pydoc-markdown==4.8.2->-r requirements-dev.txt (line 42))
2025-08-21T21:08:23.7605866Z   Using cached yapf-0.43.0-py3-none-any.whl.metadata (46 kB)
2025-08-21T21:08:23.7780931Z Collecting Deprecated<2.0.0,>=1.2.12 (from docspec==2.2.1->docspec-python==2.2.2->-r requirements-dev.txt (line 41))
2025-08-21T21:08:23.7793159Z   Using cached Deprecated-1.2.18-py2.py3-none-any.whl.metadata (5.7 kB)
2025-08-21T21:08:23.7979771Z Requirement already satisfied: psycopg-binary==3.2.9 in /opt/hostedtoolcache/Python/3.12.11/x64/lib/python3.12/site-packages (from psycopg[binary]==3.2.9->-r requirements-dev.txt (line 25)) (3.2.9)
2025-08-21T21:08:23.8088687Z Requirement already satisfied: anyio in /opt/hostedtoolcache/Python/3.12.11/x64/lib/python3.12/site-packages (from httpx<0.29,>=0.27->-r requirements-dev.txt (line 16)) (4.10.0)
2025-08-21T21:08:23.8093982Z Requirement already satisfied: httpcore==1.* in /opt/hostedtoolcache/Python/3.12.11/x64/lib/python3.12/site-packages (from httpx<0.29,>=0.27->-r requirements-dev.txt (line 16)) (1.0.9)
2025-08-21T21:08:23.8213803Z Requirement already satisfied: tzdata>=2022.7 in /opt/hostedtoolcache/Python/3.12.11/x64/lib/python3.12/site-packages (from pandas==2.2.*->-r requirements-dev.txt (line 23)) (2025.2)
2025-08-21T21:08:23.8326507Z Requirement already satisfied: multimethod<=1.10.0 in /opt/hostedtoolcache/Python/3.12.11/x64/lib/python3.12/site-packages (from pandera==0.19.*->-r requirements-dev.txt (line 43)) (1.10)
2025-08-21T21:08:23.8340005Z Requirement already satisfied: typeguard in /opt/hostedtoolcache/Python/3.12.11/x64/lib/python3.12/site-packages (from pandera==0.19.*->-r requirements-dev.txt (line 43)) (4.4.4)
2025-08-21T21:08:23.8346624Z Requirement already satisfied: typing-inspect>=0.6.0 in /opt/hostedtoolcache/Python/3.12.11/x64/lib/python3.12/site-packages (from pandera==0.19.*->-r requirements-dev.txt (line 43)) (0.9.0)
2025-08-21T21:08:23.8605654Z Collecting databind<5.0.0,>=4.5.2 (from databind.core<5.0.0,>=4.4.0->pydoc-markdown==4.8.2->-r requirements-dev.txt (line 42))
2025-08-21T21:08:23.8618235Z   Using cached databind-4.5.2-py3-none-any.whl.metadata (4.3 kB)
2025-08-21T21:08:23.8732136Z Collecting nr-date<3.0.0,>=2.0.0 (from databind<5.0.0,>=4.5.2->databind.core<5.0.0,>=4.4.0->pydoc-markdown==4.8.2->-r requirements-dev.txt (line 42))
2025-08-21T21:08:23.8744148Z   Using cached nr_date-2.1.0-py3-none-any.whl.metadata (746 bytes)
2025-08-21T21:08:23.8855669Z Collecting nr-stream<2.0.0,>=1.0.0 (from databind<5.0.0,>=4.5.2->databind.core<5.0.0,>=4.4.0->pydoc-markdown==4.8.2->-r requirements-dev.txt (line 42))
2025-08-21T21:08:23.8866843Z   Using cached nr_stream-1.1.5-py3-none-any.whl.metadata (3.6 kB)
2025-08-21T21:08:23.9017305Z Collecting typeapi<3,>=2.0.1 (from databind<5.0.0,>=4.5.2->databind.core<5.0.0,>=4.4.0->pydoc-markdown==4.8.2->-r requirements-dev.txt (line 42))
2025-08-21T21:08:23.9028486Z   Using cached typeapi-2.2.4-py3-none-any.whl.metadata (1.5 kB)
2025-08-21T21:08:23.9130730Z Requirement already satisfied: h11>=0.16 in /opt/hostedtoolcache/Python/3.12.11/x64/lib/python3.12/site-packages (from httpcore==1.*->httpx<0.29,>=0.27->-r requirements-dev.txt (line 16)) (0.16.0)
2025-08-21T21:08:23.9173098Z Requirement already satisfied: amqp<6.0.0,>=5.1.1 in /opt/hostedtoolcache/Python/3.12.11/x64/lib/python3.12/site-packages (from kombu<5.6,>=5.5.2->celery==5.5.3->-r requirements-dev.txt (line 12)) (5.3.1)
2025-08-21T21:08:23.9427372Z Collecting iniconfig>=1 (from pytest<9,>=8.2->pytest-asyncio==1.1.0->-r requirements-dev.txt (line 28))
2025-08-21T21:08:23.9438399Z   Using cached iniconfig-2.1.0-py3-none-any.whl.metadata (2.7 kB)
2025-08-21T21:08:23.9475470Z Requirement already satisfied: pygments>=2.7.2 in /opt/hostedtoolcache/Python/3.12.11/x64/lib/python3.12/site-packages (from pytest<9,>=8.2->pytest-asyncio==1.1.0->-r requirements-dev.txt (line 28)) (2.19.2)
2025-08-21T21:08:23.9559757Z Requirement already satisfied: sniffio>=1.1 in /opt/hostedtoolcache/Python/3.12.11/x64/lib/python3.12/site-packages (from anyio->httpx<0.29,>=0.27->-r requirements-dev.txt (line 16)) (1.3.1)
2025-08-21T21:08:23.9713244Z Requirement already satisfied: botocore<1.35.0,>=1.34.162 in /opt/hostedtoolcache/Python/3.12.11/x64/lib/python3.12/site-packages (from boto3->-r requirements-dev.txt (line 8)) (1.34.162)
2025-08-21T21:08:23.9719961Z Requirement already satisfied: jmespath<2.0.0,>=0.7.1 in /opt/hostedtoolcache/Python/3.12.11/x64/lib/python3.12/site-packages (from boto3->-r requirements-dev.txt (line 8)) (1.0.1)
2025-08-21T21:08:23.9726841Z Requirement already satisfied: s3transfer<0.11.0,>=0.10.0 in /opt/hostedtoolcache/Python/3.12.11/x64/lib/python3.12/site-packages (from boto3->-r requirements-dev.txt (line 8)) (0.10.4)
2025-08-21T21:08:23.9846357Z Requirement already satisfied: fastapi-cli>=0.0.8 in /opt/hostedtoolcache/Python/3.12.11/x64/lib/python3.12/site-packages (from fastapi-cli[standard]>=0.0.8; extra == "all"->fastapi[all]->-r requirements-dev.txt (line 14)) (0.0.8)
2025-08-21T21:08:23.9944175Z Requirement already satisfied: ujson!=4.0.2,!=4.1.0,!=4.2.0,!=4.3.0,!=5.0.0,!=5.1.0,>=4.0.1 in /opt/hostedtoolcache/Python/3.12.11/x64/lib/python3.12/site-packages (from fastapi[all]->-r requirements-dev.txt (line 14)) (5.11.0)
2025-08-21T21:08:23.9950159Z Requirement already satisfied: orjson>=3.2.1 in /opt/hostedtoolcache/Python/3.12.11/x64/lib/python3.12/site-packages (from fastapi[all]->-r requirements-dev.txt (line 14)) (3.11.2)
2025-08-21T21:08:23.9956798Z Requirement already satisfied: email-validator>=2.0.0 in /opt/hostedtoolcache/Python/3.12.11/x64/lib/python3.12/site-packages (from fastapi[all]->-r requirements-dev.txt (line 14)) (2.2.0)
2025-08-21T21:08:23.9964393Z Requirement already satisfied: uvicorn>=0.12.0 in /opt/hostedtoolcache/Python/3.12.11/x64/lib/python3.12/site-packages (from uvicorn[standard]>=0.12.0; extra == "all"->fastapi[all]->-r requirements-dev.txt (line 14)) (0.29.0)
2025-08-21T21:08:23.9972121Z Requirement already satisfied: pydantic-settings>=2.0.0 in /opt/hostedtoolcache/Python/3.12.11/x64/lib/python3.12/site-packages (from fastapi[all]->-r requirements-dev.txt (line 14)) (2.2.1)
2025-08-21T21:08:24.0075513Z Collecting pydantic-extra-types>=2.0.0 (from fastapi[all]->-r requirements-dev.txt (line 14))
2025-08-21T21:08:24.0086714Z   Using cached pydantic_extra_types-2.10.5-py3-none-any.whl.metadata (3.9 kB)
2025-08-21T21:08:24.0333617Z Requirement already satisfied: prompt-toolkit>=3.0.36 in /opt/hostedtoolcache/Python/3.12.11/x64/lib/python3.12/site-packages (from click-repl>=0.2.0->celery==5.5.3->-r requirements-dev.txt (line 12)) (3.0.51)
2025-08-21T21:08:24.0405493Z Requirement already satisfied: dnspython>=2.0.0 in /opt/hostedtoolcache/Python/3.12.11/x64/lib/python3.12/site-packages (from email-validator>=2.0.0->fastapi[all]->-r requirements-dev.txt (line 14)) (2.7.0)
2025-08-21T21:08:24.0472435Z Requirement already satisfied: typer>=0.15.1 in /opt/hostedtoolcache/Python/3.12.11/x64/lib/python3.12/site-packages (from fastapi-cli>=0.0.8->fastapi-cli[standard]>=0.0.8; extra == "all"->fastapi[all]->-r requirements-dev.txt (line 14)) (0.16.1)
2025-08-21T21:08:24.0483261Z Requirement already satisfied: rich-toolkit>=0.14.8 in /opt/hostedtoolcache/Python/3.12.11/x64/lib/python3.12/site-packages (from fastapi-cli>=0.0.8->fastapi-cli[standard]>=0.0.8; extra == "all"->fastapi[all]->-r requirements-dev.txt (line 14)) (0.15.0)
2025-08-21T21:08:24.0588648Z Collecting fastapi-cloud-cli>=0.1.1 (from fastapi-cli[standard]>=0.0.8; extra == "all"->fastapi[all]->-r requirements-dev.txt (line 14))
2025-08-21T21:08:24.0599350Z   Using cached fastapi_cloud_cli-0.1.5-py3-none-any.whl.metadata (3.2 kB)
2025-08-21T21:08:24.1289046Z Collecting rignore>=0.5.1 (from fastapi-cloud-cli>=0.1.1->fastapi-cli[standard]>=0.0.8; extra == "all"->fastapi[all]->-r requirements-dev.txt (line 14))
2025-08-21T21:08:24.1301740Z   Using cached rignore-0.6.4-cp312-cp312-manylinux_2_17_x86_64.manylinux2014_x86_64.whl.metadata (3.8 kB)
2025-08-21T21:08:24.1795152Z Collecting sentry-sdk>=2.20.0 (from fastapi-cloud-cli>=0.1.1->fastapi-cli[standard]>=0.0.8; extra == "all"->fastapi[all]->-r requirements-dev.txt (line 14))
2025-08-21T21:08:24.1807421Z   Using cached sentry_sdk-2.35.0-py2.py3-none-any.whl.metadata (10 kB)
2025-08-21T21:08:24.3164627Z Collecting psutil>=4.0.0 (from mirakuru>=2.6.0->pytest-postgresql==7.0.2->-r requirements-dev.txt (line 30))
2025-08-21T21:08:24.3177758Z   Using cached psutil-7.0.0-cp36-abi3-manylinux_2_12_x86_64.manylinux2010_x86_64.manylinux_2_17_x86_64.manylinux2014_x86_64.whl.metadata (22 kB)
2025-08-21T21:08:24.3369452Z Requirement already satisfied: wcwidth in /opt/hostedtoolcache/Python/3.12.11/x64/lib/python3.12/site-packages (from prompt-toolkit>=3.0.36->click-repl>=0.2.0->celery==5.5.3->-r requirements-dev.txt (line 12)) (0.2.13)
2025-08-21T21:08:24.3565538Z Requirement already satisfied: rich>=13.7.1 in /opt/hostedtoolcache/Python/3.12.11/x64/lib/python3.12/site-packages (from rich-toolkit>=0.14.8->fastapi-cli>=0.0.8->fastapi-cli[standard]>=0.0.8; extra == "all"->fastapi[all]->-r requirements-dev.txt (line 14)) (14.1.0)
2025-08-21T21:08:24.3601244Z Requirement already satisfied: markdown-it-py>=2.2.0 in /opt/hostedtoolcache/Python/3.12.11/x64/lib/python3.12/site-packages (from rich>=13.7.1->rich-toolkit>=0.14.8->fastapi-cli>=0.0.8->fastapi-cli[standard]>=0.0.8; extra == "all"->fastapi[all]->-r requirements-dev.txt (line 14)) (4.0.0)
2025-08-21T21:08:24.3632866Z Requirement already satisfied: mdurl~=0.1 in /opt/hostedtoolcache/Python/3.12.11/x64/lib/python3.12/site-packages (from markdown-it-py>=2.2.0->rich>=13.7.1->rich-toolkit>=0.14.8->fastapi-cli>=0.0.8->fastapi-cli[standard]>=0.0.8; extra == "all"->fastapi[all]->-r requirements-dev.txt (line 14)) (0.1.2)
2025-08-21T21:08:24.3824204Z Requirement already satisfied: shellingham>=1.3.0 in /opt/hostedtoolcache/Python/3.12.11/x64/lib/python3.12/site-packages (from typer>=0.15.1->fastapi-cli>=0.0.8->fastapi-cli[standard]>=0.0.8; extra == "all"->fastapi[all]->-r requirements-dev.txt (line 14)) (1.5.4)
2025-08-21T21:08:24.4056957Z Requirement already satisfied: httptools>=0.5.0 in /opt/hostedtoolcache/Python/3.12.11/x64/lib/python3.12/site-packages (from uvicorn[standard]>=0.12.0; extra == "all"->fastapi[all]->-r requirements-dev.txt (line 14)) (0.6.4)
2025-08-21T21:08:24.4073694Z Requirement already satisfied: uvloop!=0.15.0,!=0.15.1,>=0.14.0 in /opt/hostedtoolcache/Python/3.12.11/x64/lib/python3.12/site-packages (from uvicorn[standard]>=0.12.0; extra == "all"->fastapi[all]->-r requirements-dev.txt (line 14)) (0.21.0)
2025-08-21T21:08:24.4081067Z Requirement already satisfied: watchfiles>=0.13 in /opt/hostedtoolcache/Python/3.12.11/x64/lib/python3.12/site-packages (from uvicorn[standard]>=0.12.0; extra == "all"->fastapi[all]->-r requirements-dev.txt (line 14)) (1.1.0)
2025-08-21T21:08:24.4088668Z Requirement already satisfied: websockets>=10.4 in /opt/hostedtoolcache/Python/3.12.11/x64/lib/python3.12/site-packages (from uvicorn[standard]>=0.12.0; extra == "all"->fastapi[all]->-r requirements-dev.txt (line 14)) (15.0.1)
2025-08-21T21:08:24.4631232Z Using cached jinja2-3.1.6-py3-none-any.whl (134 kB)
2025-08-21T21:08:24.4643708Z Using cached alembic-1.16.4-py3-none-any.whl (247 kB)
2025-08-21T21:08:24.4656413Z Using cached asyncpg-0.30.0-cp312-cp312-manylinux_2_17_x86_64.manylinux2014_x86_64.whl (3.6 MB)
2025-08-21T21:08:24.4693032Z Using cached black-25.1.0-cp312-cp312-manylinux_2_17_x86_64.manylinux2014_x86_64.manylinux_2_28_x86_64.whl (1.8 MB)
2025-08-21T21:08:24.4717467Z Using cached vulture-2.10-py2.py3-none-any.whl (27 kB)
2025-08-21T21:08:24.4728067Z Using cached celery-5.5.3-py3-none-any.whl (438 kB)
2025-08-21T21:08:24.4741746Z Using cached fastapi-0.116.1-py3-none-any.whl (95 kB)
2025-08-21T21:08:24.4752671Z Using cached IMAPClient-3.0.1-py2.py3-none-any.whl (182 kB)
2025-08-21T21:08:24.4764430Z Using cached pytest_asyncio-1.1.0-py3-none-any.whl (15 kB)
2025-08-21T21:08:24.4775267Z Using cached pytest_cov-6.2.1-py3-none-any.whl (24 kB)
2025-08-21T21:08:24.4786811Z Using cached pytest_postgresql-7.0.2-py3-none-any.whl (41 kB)
2025-08-21T21:08:24.4797514Z Using cached python_telegram_bot-22.3-py3-none-any.whl (717 kB)
2025-08-21T21:08:24.4813246Z Using cached requests-2.32.4-py3-none-any.whl (64 kB)
2025-08-21T21:08:24.4824025Z Using cached respx-0.22.0-py2.py3-none-any.whl (25 kB)
2025-08-21T21:08:24.4834847Z Using cached ruff-0.9.9-py3-none-manylinux_2_17_x86_64.manylinux2014_x86_64.whl (11.2 MB)
2025-08-21T21:08:24.4925405Z Using cached sqlalchemy-2.0.43-cp312-cp312-manylinux_2_17_x86_64.manylinux2014_x86_64.whl (3.3 MB)
2025-08-21T21:08:24.4959961Z Using cached testcontainers-4.12.0-py3-none-any.whl (111 kB)
2025-08-21T21:08:24.4971412Z Using cached types_requests-2.32.4.20250809-py3-none-any.whl (20 kB)
2025-08-21T21:08:24.4982416Z Using cached docspec_python-2.2.2-py3-none-any.whl (15 kB)
2025-08-21T21:08:24.4993233Z Using cached pydoc_markdown-4.8.2-py3-none-any.whl (67 kB)
2025-08-21T21:08:24.5004155Z Using cached docspec-2.2.1-py3-none-any.whl (9.8 kB)
2025-08-21T21:08:24.5014825Z Using cached redis-6.4.0-py3-none-any.whl (279 kB)
2025-08-21T21:08:24.5027518Z Using cached httpx-0.28.1-py3-none-any.whl (73 kB)
2025-08-21T21:08:24.5039041Z Using cached mypy-1.17.1-cp312-cp312-manylinux2014_x86_64.manylinux_2_17_x86_64.manylinux_2_28_x86_64.whl (12.7 MB)
2025-08-21T21:08:24.5139598Z Using cached databind.core-4.5.2-py3-none-any.whl (1.5 kB)
2025-08-21T21:08:24.5150119Z Using cached databind-4.5.2-py3-none-any.whl (49 kB)
2025-08-21T21:08:24.5161099Z Using cached databind.json-4.5.2-py3-none-any.whl (1.5 kB)
2025-08-21T21:08:24.5171706Z Using cached Deprecated-1.2.18-py2.py3-none-any.whl (10.0 kB)
2025-08-21T21:08:24.5182472Z Using cached nr_date-2.1.0-py3-none-any.whl (10 kB)
2025-08-21T21:08:24.5193344Z Using cached nr_stream-1.1.5-py3-none-any.whl (10 kB)
2025-08-21T21:08:24.5204014Z Using cached nr.util-0.8.12-py3-none-any.whl (90 kB)
2025-08-21T21:08:24.5215161Z Using cached pytest-8.4.1-py3-none-any.whl (365 kB)
2025-08-21T21:08:24.5228357Z Using cached pluggy-1.6.0-py3-none-any.whl (20 kB)
2025-08-21T21:08:24.5239114Z Using cached starlette-0.47.2-py3-none-any.whl (72 kB)
2025-08-21T21:08:24.5250342Z Using cached tomli-2.2.1-cp312-cp312-manylinux_2_17_x86_64.manylinux2014_x86_64.whl (242 kB)
2025-08-21T21:08:24.5264339Z Using cached tomli_w-1.2.0-py3-none-any.whl (6.7 kB)
2025-08-21T21:08:24.5274928Z Using cached typeapi-2.2.4-py3-none-any.whl (26 kB)
2025-08-21T21:08:24.5285743Z Using cached itsdangerous-2.2.0-py3-none-any.whl (16 kB)
2025-08-21T21:08:24.5296509Z Using cached setuptools-80.9.0-py3-none-any.whl (1.2 MB)
2025-08-21T21:08:24.5316827Z Using cached coverage-7.10.4-cp312-cp312-manylinux1_x86_64.manylinux_2_28_x86_64.manylinux_2_5_x86_64.whl (251 kB)
2025-08-21T21:08:24.5328673Z Using cached fastapi_cloud_cli-0.1.5-py3-none-any.whl (18 kB)
2025-08-21T21:08:24.5339284Z Using cached iniconfig-2.1.0-py3-none-any.whl (6.0 kB)
2025-08-21T21:08:24.5350025Z Using cached mirakuru-2.6.1-py3-none-any.whl (26 kB)
2025-08-21T21:08:24.5360708Z Using cached pathspec-0.12.1-py3-none-any.whl (31 kB)
2025-08-21T21:08:24.5371546Z Using cached platformdirs-4.3.8-py3-none-any.whl (18 kB)
2025-08-21T21:08:24.5382054Z Using cached port_for-0.7.4-py3-none-any.whl (21 kB)
2025-08-21T21:08:24.5393531Z Using cached psutil-7.0.0-cp36-abi3-manylinux_2_12_x86_64.manylinux2010_x86_64.manylinux_2_17_x86_64.manylinux2014_x86_64.whl (277 kB)
2025-08-21T21:08:24.5405905Z Using cached pydantic_extra_types-2.10.5-py3-none-any.whl (38 kB)
2025-08-21T21:08:24.5417068Z Using cached rignore-0.6.4-cp312-cp312-manylinux_2_17_x86_64.manylinux2014_x86_64.whl (949 kB)
2025-08-21T21:08:24.5435042Z Using cached sentry_sdk-2.35.0-py2.py3-none-any.whl (363 kB)
2025-08-21T21:08:24.5447926Z Using cached yapf-0.43.0-py3-none-any.whl (256 kB)
2025-08-21T21:08:24.5460141Z Using cached docker-7.1.0-py3-none-any.whl (147 kB)
2025-08-21T21:08:24.5471797Z Using cached toml-0.10.2-py2.py3-none-any.whl (16 kB)
2025-08-21T21:08:24.5482541Z Using cached watchdog-6.0.0-py3-none-manylinux2014_x86_64.whl (79 kB)
2025-08-21T21:08:24.8167512Z Installing collected packages: watchdog, types-requests, typeapi, tomli_w, tomli, toml, sqlalchemy, setuptools, sentry-sdk, ruff, rignore, requests, redis, psutil, port-for, pluggy, platformdirs, pathspec, nr-stream, nr-date, Jinja2, itsdangerous, iniconfig, imapclient, docstring-parser, Deprecated, coverage, asyncpg, yapf, vulture, starlette, pytest, nr-util, mypy, mirakuru, httpx, docker, databind, black, alembic, testcontainers, respx, python-telegram-bot, pytest-postgresql, pytest-cov, pytest-asyncio, pydantic-extra-types, fastapi, databind.json, databind.core, celery, fastapi-cloud-cli, docspec, docspec-python, pydoc-markdown
2025-08-21T21:08:24.9325185Z   Attempting uninstall: sqlalchemy
2025-08-21T21:08:24.9356595Z     Found existing installation: SQLAlchemy 2.0.29
2025-08-21T21:08:24.9568682Z     Uninstalling SQLAlchemy-2.0.29:
2025-08-21T21:08:24.9601275Z       Successfully uninstalled SQLAlchemy-2.0.29
2025-08-21T21:08:26.8770249Z   Attempting uninstall: sentry-sdk
2025-08-21T21:08:26.8803327Z     Found existing installation: sentry-sdk 2.9.0
2025-08-21T21:08:26.8929376Z     Uninstalling sentry-sdk-2.9.0:
2025-08-21T21:08:26.8953664Z       Successfully uninstalled sentry-sdk-2.9.0
2025-08-21T21:08:27.3028222Z   Attempting uninstall: requests
2025-08-21T21:08:27.3072583Z     Found existing installation: requests 2.32.5
2025-08-21T21:08:27.3101726Z     Uninstalling requests-2.32.5:
2025-08-21T21:08:27.3110286Z       Successfully uninstalled requests-2.32.5
2025-08-21T21:08:27.3487300Z   Attempting uninstall: redis
2025-08-21T21:08:27.3518509Z     Found existing installation: redis 5.0.8
2025-08-21T21:08:27.3589644Z     Uninstalling redis-5.0.8:
2025-08-21T21:08:27.3604988Z       Successfully uninstalled redis-5.0.8
2025-08-21T21:08:27.8214459Z   Attempting uninstall: Jinja2
2025-08-21T21:08:27.8264183Z     Found existing installation: Jinja2 3.1.5
2025-08-21T21:08:27.8297702Z     Uninstalling Jinja2-3.1.5:
2025-08-21T21:08:27.8307084Z       Successfully uninstalled Jinja2-3.1.5
2025-08-21T21:08:28.1725098Z   Attempting uninstall: asyncpg
2025-08-21T21:08:28.1780046Z     Found existing installation: asyncpg 0.29.0
2025-08-21T21:08:28.1827925Z     Uninstalling asyncpg-0.29.0:
2025-08-21T21:08:28.1841870Z       Successfully uninstalled asyncpg-0.29.0
2025-08-21T21:08:28.4775843Z   Attempting uninstall: starlette
2025-08-21T21:08:28.4827730Z     Found existing installation: starlette 0.37.2
2025-08-21T21:08:28.4869651Z     Uninstalling starlette-0.37.2:
2025-08-21T21:08:28.4880493Z       Successfully uninstalled starlette-0.37.2
2025-08-21T21:08:30.2851602Z   Attempting uninstall: httpx
2025-08-21T21:08:30.2903439Z     Found existing installation: httpx 0.26.0
2025-08-21T21:08:30.2939596Z     Uninstalling httpx-0.26.0:
2025-08-21T21:08:30.2952799Z       Successfully uninstalled httpx-0.26.0
2025-08-21T21:08:30.6327601Z   Attempting uninstall: alembic
2025-08-21T21:08:30.6362613Z     Found existing installation: alembic 1.13.1
2025-08-21T21:08:30.6438905Z     Uninstalling alembic-1.13.1:
2025-08-21T21:08:30.6460022Z       Successfully uninstalled alembic-1.13.1
2025-08-21T21:08:30.9640620Z   Attempting uninstall: python-telegram-bot
2025-08-21T21:08:30.9690117Z     Found existing installation: python-telegram-bot 20.8
2025-08-21T21:08:30.9846507Z     Uninstalling python-telegram-bot-20.8:
2025-08-21T21:08:30.9869223Z       Successfully uninstalled python-telegram-bot-20.8
2025-08-21T21:08:31.4376256Z   Attempting uninstall: fastapi
2025-08-21T21:08:31.4421519Z     Found existing installation: fastapi 0.111.0
2025-08-21T21:08:31.4474231Z     Uninstalling fastapi-0.111.0:
2025-08-21T21:08:31.4486303Z       Successfully uninstalled fastapi-0.111.0
2025-08-21T21:08:31.5351594Z   Attempting uninstall: celery
2025-08-21T21:08:31.5394250Z     Found existing installation: celery 5.4.0
2025-08-21T21:08:31.5539223Z     Uninstalling celery-5.4.0:
2025-08-21T21:08:31.5566716Z       Successfully uninstalled celery-5.4.0
2025-08-21T21:08:31.9828347Z 
2025-08-21T21:08:31.9948044Z Successfully installed Deprecated-1.2.18 Jinja2-3.1.6 alembic-1.16.4 asyncpg-0.30.0 black-25.1.0 celery-5.5.3 coverage-7.10.4 databind-4.5.2 databind.core-4.5.2 databind.json-4.5.2 docker-7.1.0 docspec-2.2.1 docspec-python-2.2.2 docstring-parser-0.11 fastapi-0.116.1 fastapi-cloud-cli-0.1.5 httpx-0.28.1 imapclient-3.0.1 iniconfig-2.1.0 itsdangerous-2.2.0 mirakuru-2.6.1 mypy-1.17.1 nr-date-2.1.0 nr-stream-1.1.5 nr-util-0.8.12 pathspec-0.12.1 platformdirs-4.3.8 pluggy-1.6.0 port-for-0.7.4 psutil-7.0.0 pydantic-extra-types-2.10.5 pydoc-markdown-4.8.2 pytest-8.4.1 pytest-asyncio-1.1.0 pytest-cov-6.2.1 pytest-postgresql-7.0.2 python-telegram-bot-22.3 redis-6.4.0 requests-2.32.4 respx-0.22.0 rignore-0.6.4 ruff-0.9.9 sentry-sdk-2.35.0 setuptools-80.9.0 sqlalchemy-2.0.43 starlette-0.47.2 testcontainers-4.12.0 toml-0.10.2 tomli-2.2.1 tomli_w-1.2.0 typeapi-2.2.4 types-requests-2.32.4.20250809 vulture-2.10 watchdog-6.0.0 yapf-0.43.0
2025-08-21T21:08:32.6740685Z Requirement already satisfied: asyncpg in /opt/hostedtoolcache/Python/3.12.11/x64/lib/python3.12/site-packages (0.30.0)
2025-08-21T21:08:33.2878444Z Requirement already satisfied: pytest in /opt/hostedtoolcache/Python/3.12.11/x64/lib/python3.12/site-packages (8.4.1)
2025-08-21T21:08:33.2893347Z Requirement already satisfied: iniconfig>=1 in /opt/hostedtoolcache/Python/3.12.11/x64/lib/python3.12/site-packages (from pytest) (2.1.0)
2025-08-21T21:08:33.2899849Z Requirement already satisfied: packaging>=20 in /opt/hostedtoolcache/Python/3.12.11/x64/lib/python3.12/site-packages (from pytest) (25.0)
2025-08-21T21:08:33.2906367Z Requirement already satisfied: pluggy<2,>=1.5 in /opt/hostedtoolcache/Python/3.12.11/x64/lib/python3.12/site-packages (from pytest) (1.6.0)
2025-08-21T21:08:33.2912000Z Requirement already satisfied: pygments>=2.7.2 in /opt/hostedtoolcache/Python/3.12.11/x64/lib/python3.12/site-packages (from pytest) (2.19.2)
2025-08-21T21:08:33.9487386Z Collecting keepa==1.3.15
2025-08-21T21:08:33.9500222Z   Using cached keepa-1.3.15-py3-none-any.whl.metadata (11 kB)
2025-08-21T21:08:33.9538481Z Requirement already satisfied: minio==7.1.15 in /opt/hostedtoolcache/Python/3.12.11/x64/lib/python3.12/site-packages (7.1.15)
2025-08-21T21:08:33.9547467Z Requirement already satisfied: numpy>=1.9.3 in /opt/hostedtoolcache/Python/3.12.11/x64/lib/python3.12/site-packages (from keepa==1.3.15) (1.26.4)
2025-08-21T21:08:33.9553362Z Requirement already satisfied: requests>=2.2 in /opt/hostedtoolcache/Python/3.12.11/x64/lib/python3.12/site-packages (from keepa==1.3.15) (2.32.4)
2025-08-21T21:08:33.9557482Z Requirement already satisfied: tqdm in /opt/hostedtoolcache/Python/3.12.11/x64/lib/python3.12/site-packages (from keepa==1.3.15) (4.67.1)
2025-08-21T21:08:33.9561512Z Requirement already satisfied: aiohttp in /opt/hostedtoolcache/Python/3.12.11/x64/lib/python3.12/site-packages (from keepa==1.3.15) (3.12.15)
2025-08-21T21:08:33.9567815Z Requirement already satisfied: pandas<=3.0 in /opt/hostedtoolcache/Python/3.12.11/x64/lib/python3.12/site-packages (from keepa==1.3.15) (2.2.3)
2025-08-21T21:08:33.9571792Z Requirement already satisfied: pydantic in /opt/hostedtoolcache/Python/3.12.11/x64/lib/python3.12/site-packages (from keepa==1.3.15) (2.11.7)
2025-08-21T21:08:33.9582712Z Requirement already satisfied: certifi in /opt/hostedtoolcache/Python/3.12.11/x64/lib/python3.12/site-packages (from minio==7.1.15) (2025.8.3)
2025-08-21T21:08:33.9587228Z Requirement already satisfied: urllib3 in /opt/hostedtoolcache/Python/3.12.11/x64/lib/python3.12/site-packages (from minio==7.1.15) (2.5.0)
2025-08-21T21:08:33.9642005Z Requirement already satisfied: python-dateutil>=2.8.2 in /opt/hostedtoolcache/Python/3.12.11/x64/lib/python3.12/site-packages (from pandas<=3.0->keepa==1.3.15) (2.9.0.post0)
2025-08-21T21:08:33.9647816Z Requirement already satisfied: pytz>=2020.1 in /opt/hostedtoolcache/Python/3.12.11/x64/lib/python3.12/site-packages (from pandas<=3.0->keepa==1.3.15) (2025.2)
2025-08-21T21:08:33.9653450Z Requirement already satisfied: tzdata>=2022.7 in /opt/hostedtoolcache/Python/3.12.11/x64/lib/python3.12/site-packages (from pandas<=3.0->keepa==1.3.15) (2025.2)
2025-08-21T21:08:33.9787150Z Requirement already satisfied: six>=1.5 in /opt/hostedtoolcache/Python/3.12.11/x64/lib/python3.12/site-packages (from python-dateutil>=2.8.2->pandas<=3.0->keepa==1.3.15) (1.17.0)
2025-08-21T21:08:33.9805918Z Requirement already satisfied: charset_normalizer<4,>=2 in /opt/hostedtoolcache/Python/3.12.11/x64/lib/python3.12/site-packages (from requests>=2.2->keepa==1.3.15) (3.4.3)
2025-08-21T21:08:33.9813482Z Requirement already satisfied: idna<4,>=2.5 in /opt/hostedtoolcache/Python/3.12.11/x64/lib/python3.12/site-packages (from requests>=2.2->keepa==1.3.15) (3.10)
2025-08-21T21:08:33.9883478Z Requirement already satisfied: aiohappyeyeballs>=2.5.0 in /opt/hostedtoolcache/Python/3.12.11/x64/lib/python3.12/site-packages (from aiohttp->keepa==1.3.15) (2.6.1)
2025-08-21T21:08:33.9889089Z Requirement already satisfied: aiosignal>=1.4.0 in /opt/hostedtoolcache/Python/3.12.11/x64/lib/python3.12/site-packages (from aiohttp->keepa==1.3.15) (1.4.0)
2025-08-21T21:08:33.9896874Z Requirement already satisfied: attrs>=17.3.0 in /opt/hostedtoolcache/Python/3.12.11/x64/lib/python3.12/site-packages (from aiohttp->keepa==1.3.15) (25.3.0)
2025-08-21T21:08:33.9902720Z Requirement already satisfied: frozenlist>=1.1.1 in /opt/hostedtoolcache/Python/3.12.11/x64/lib/python3.12/site-packages (from aiohttp->keepa==1.3.15) (1.7.0)
2025-08-21T21:08:33.9908823Z Requirement already satisfied: multidict<7.0,>=4.5 in /opt/hostedtoolcache/Python/3.12.11/x64/lib/python3.12/site-packages (from aiohttp->keepa==1.3.15) (6.6.4)
2025-08-21T21:08:33.9915249Z Requirement already satisfied: propcache>=0.2.0 in /opt/hostedtoolcache/Python/3.12.11/x64/lib/python3.12/site-packages (from aiohttp->keepa==1.3.15) (0.3.2)
2025-08-21T21:08:33.9921364Z Requirement already satisfied: yarl<2.0,>=1.17.0 in /opt/hostedtoolcache/Python/3.12.11/x64/lib/python3.12/site-packages (from aiohttp->keepa==1.3.15) (1.20.1)
2025-08-21T21:08:33.9981215Z Requirement already satisfied: typing-extensions>=4.2 in /opt/hostedtoolcache/Python/3.12.11/x64/lib/python3.12/site-packages (from aiosignal>=1.4.0->aiohttp->keepa==1.3.15) (4.14.1)
2025-08-21T21:08:34.0075506Z Requirement already satisfied: annotated-types>=0.6.0 in /opt/hostedtoolcache/Python/3.12.11/x64/lib/python3.12/site-packages (from pydantic->keepa==1.3.15) (0.7.0)
2025-08-21T21:08:34.0081209Z Requirement already satisfied: pydantic-core==2.33.2 in /opt/hostedtoolcache/Python/3.12.11/x64/lib/python3.12/site-packages (from pydantic->keepa==1.3.15) (2.33.2)
2025-08-21T21:08:34.0089753Z Requirement already satisfied: typing-inspection>=0.4.0 in /opt/hostedtoolcache/Python/3.12.11/x64/lib/python3.12/site-packages (from pydantic->keepa==1.3.15) (0.4.1)
2025-08-21T21:08:34.0168984Z Using cached keepa-1.3.15-py3-none-any.whl (38 kB)
2025-08-21T21:08:34.1829917Z Installing collected packages: keepa
2025-08-21T21:08:34.1830586Z   Attempting uninstall: keepa
2025-08-21T21:08:34.1863604Z     Found existing installation: keepa 1.3.14
2025-08-21T21:08:34.1886007Z     Uninstalling keepa-1.3.14:
2025-08-21T21:08:34.1894257Z       Successfully uninstalled keepa-1.3.14
2025-08-21T21:08:34.2321816Z Successfully installed keepa-1.3.15
2025-08-21T21:08:34.2858249Z ##[group]Run actions/setup-node@v4
2025-08-21T21:08:34.2858507Z with:
2025-08-21T21:08:34.2858688Z   node-version: 20.19.0
2025-08-21T21:08:34.2858890Z   always-auth: false
2025-08-21T21:08:34.2859085Z   check-latest: false
2025-08-21T21:08:34.2859391Z   token: ***
2025-08-21T21:08:34.2859567Z env:
2025-08-21T21:08:34.2859754Z   REDIS_URL: redis://localhost:6379/0
2025-08-21T21:08:34.2860024Z   RATE_LIMIT_DEFAULT: 100/minute
2025-08-21T21:08:34.2860253Z   TRUST_X_FORWARDED: 1
2025-08-21T21:08:34.2860508Z   PG_USER: postgres
2025-08-21T21:08:34.2860808Z   PG_PASSWORD: pass
2025-08-21T21:08:34.2875049Z   PG_DATABASE: awa
2025-08-21T21:08:34.2875382Z   PG_HOST: localhost
2025-08-21T21:08:34.2875631Z   PG_PORT: 5432
2025-08-21T21:08:34.2876053Z   PG_SYNC_DSN: ***localhost:5432/awa
2025-08-21T21:08:34.2876465Z   PG_ASYNC_DSN: ***localhost:5432/awa
2025-08-21T21:08:34.2876859Z   DATABASE_URL: ***localhost:5432/awa
2025-08-21T21:08:34.2877111Z   DATA_DIR: /tmp/awa-data
2025-08-21T21:08:34.2877365Z   ENABLE_LIVE: 0
2025-08-21T21:08:34.2877547Z   TESTING: 1
2025-08-21T21:08:34.2877780Z   pythonLocation: /opt/hostedtoolcache/Python/3.12.11/x64
2025-08-21T21:08:34.2878181Z   PKG_CONFIG_PATH: /opt/hostedtoolcache/Python/3.12.11/x64/lib/pkgconfig
2025-08-21T21:08:34.2878570Z   Python_ROOT_DIR: /opt/hostedtoolcache/Python/3.12.11/x64
2025-08-21T21:08:34.2878917Z   Python2_ROOT_DIR: /opt/hostedtoolcache/Python/3.12.11/x64
2025-08-21T21:08:34.2879266Z   Python3_ROOT_DIR: /opt/hostedtoolcache/Python/3.12.11/x64
2025-08-21T21:08:34.2879618Z   LD_LIBRARY_PATH: /opt/hostedtoolcache/Python/3.12.11/x64/lib
2025-08-21T21:08:34.2879917Z ##[endgroup]
2025-08-21T21:08:34.4671746Z Attempting to download 20.19.0...
2025-08-21T21:08:35.1089685Z Acquiring 20.19.0 - x64 from https://github.com/actions/node-versions/releases/download/20.19.0-13838090974/node-20.19.0-linux-x64.tar.gz
2025-08-21T21:08:35.5869660Z Extracting ...
2025-08-21T21:08:35.5970537Z [command]/usr/bin/tar xz --strip 1 --warning=no-unknown-keyword --overwrite -C /home/runner/work/_temp/9f3c34c2-db01-4adb-8547-42c8d3c788e2 -f /home/runner/work/_temp/f93ccab1-b7fc-4774-ba31-3a23b4cdd7fb
2025-08-21T21:08:36.6104013Z Adding to the cache ...
2025-08-21T21:08:38.2152136Z ##[group]Environment details
2025-08-21T21:08:38.4404922Z node: v20.19.0
2025-08-21T21:08:38.4405303Z npm: 10.8.2
2025-08-21T21:08:38.4405485Z yarn: 1.22.22
2025-08-21T21:08:38.4406125Z ##[endgroup]
2025-08-21T21:08:38.4535833Z ##[group]Run npm ci
2025-08-21T21:08:38.4536066Z [36;1mnpm ci[0m
2025-08-21T21:08:38.4576960Z shell: /usr/bin/bash -e {0}
2025-08-21T21:08:38.4577211Z env:
2025-08-21T21:08:38.4577416Z   REDIS_URL: redis://localhost:6379/0
2025-08-21T21:08:38.4577680Z   RATE_LIMIT_DEFAULT: 100/minute
2025-08-21T21:08:38.4577912Z   TRUST_X_FORWARDED: 1
2025-08-21T21:08:38.4578125Z   PG_USER: postgres
2025-08-21T21:08:38.4578319Z   PG_PASSWORD: pass
2025-08-21T21:08:38.4578499Z   PG_DATABASE: awa
2025-08-21T21:08:38.4578678Z   PG_HOST: localhost
2025-08-21T21:08:38.4578865Z   PG_PORT: 5432
2025-08-21T21:08:38.4579337Z   PG_SYNC_DSN: ***localhost:5432/awa
2025-08-21T21:08:38.4579745Z   PG_ASYNC_DSN: ***localhost:5432/awa
2025-08-21T21:08:38.4580129Z   DATABASE_URL: ***localhost:5432/awa
2025-08-21T21:08:38.4580365Z   DATA_DIR: /tmp/awa-data
2025-08-21T21:08:38.4580566Z   ENABLE_LIVE: 0
2025-08-21T21:08:38.4580743Z   TESTING: 1
2025-08-21T21:08:38.4581016Z   pythonLocation: /opt/hostedtoolcache/Python/3.12.11/x64
2025-08-21T21:08:38.4581433Z   PKG_CONFIG_PATH: /opt/hostedtoolcache/Python/3.12.11/x64/lib/pkgconfig
2025-08-21T21:08:38.4581815Z   Python_ROOT_DIR: /opt/hostedtoolcache/Python/3.12.11/x64
2025-08-21T21:08:38.4582551Z   Python2_ROOT_DIR: /opt/hostedtoolcache/Python/3.12.11/x64
2025-08-21T21:08:38.4582916Z   Python3_ROOT_DIR: /opt/hostedtoolcache/Python/3.12.11/x64
2025-08-21T21:08:38.4583270Z   LD_LIBRARY_PATH: /opt/hostedtoolcache/Python/3.12.11/x64/lib
2025-08-21T21:08:38.4583567Z ##[endgroup]
2025-08-21T21:08:40.9859360Z npm warn deprecated node-domexception@1.0.0: Use your platform's native DOMException instead
2025-08-21T21:08:44.3993659Z 
2025-08-21T21:08:44.3994337Z added 432 packages, and audited 433 packages in 6s
2025-08-21T21:08:44.3994782Z 
2025-08-21T21:08:44.3995042Z 112 packages are looking for funding
2025-08-21T21:08:44.3995504Z   run `npm fund` for details
2025-08-21T21:08:44.4015258Z 
2025-08-21T21:08:44.4015643Z 2 vulnerabilities (1 low, 1 critical)
2025-08-21T21:08:44.4018360Z 
2025-08-21T21:08:44.4019163Z To address all issues, run:
2025-08-21T21:08:44.4019630Z   npm audit fix
2025-08-21T21:08:44.4019843Z 
2025-08-21T21:08:44.4020082Z Run `npm audit` for details.
2025-08-21T21:08:44.4292840Z ##[group]Run npm run build --if-present
2025-08-21T21:08:44.4293340Z [36;1mnpm run build --if-present[0m
2025-08-21T21:08:44.4334586Z shell: /usr/bin/bash -e {0}
2025-08-21T21:08:44.4334821Z env:
2025-08-21T21:08:44.4335030Z   REDIS_URL: redis://localhost:6379/0
2025-08-21T21:08:44.4335299Z   RATE_LIMIT_DEFAULT: 100/minute
2025-08-21T21:08:44.4335531Z   TRUST_X_FORWARDED: 1
2025-08-21T21:08:44.4335726Z   PG_USER: postgres
2025-08-21T21:08:44.4335917Z   PG_PASSWORD: pass
2025-08-21T21:08:44.4336099Z   PG_DATABASE: awa
2025-08-21T21:08:44.4336280Z   PG_HOST: localhost
2025-08-21T21:08:44.4336465Z   PG_PORT: 5432
2025-08-21T21:08:44.4336892Z   PG_SYNC_DSN: ***localhost:5432/awa
2025-08-21T21:08:44.4337317Z   PG_ASYNC_DSN: ***localhost:5432/awa
2025-08-21T21:08:44.4337722Z   DATABASE_URL: ***localhost:5432/awa
2025-08-21T21:08:44.4337965Z   DATA_DIR: /tmp/awa-data
2025-08-21T21:08:44.4338171Z   ENABLE_LIVE: 0
2025-08-21T21:08:44.4338357Z   TESTING: 1
2025-08-21T21:08:44.4338626Z   pythonLocation: /opt/hostedtoolcache/Python/3.12.11/x64
2025-08-21T21:08:44.4339034Z   PKG_CONFIG_PATH: /opt/hostedtoolcache/Python/3.12.11/x64/lib/pkgconfig
2025-08-21T21:08:44.4339418Z   Python_ROOT_DIR: /opt/hostedtoolcache/Python/3.12.11/x64
2025-08-21T21:08:44.4339768Z   Python2_ROOT_DIR: /opt/hostedtoolcache/Python/3.12.11/x64
2025-08-21T21:08:44.4340122Z   Python3_ROOT_DIR: /opt/hostedtoolcache/Python/3.12.11/x64
2025-08-21T21:08:44.4340474Z   LD_LIBRARY_PATH: /opt/hostedtoolcache/Python/3.12.11/x64/lib
2025-08-21T21:08:44.4340769Z ##[endgroup]
2025-08-21T21:08:44.5439613Z 
2025-08-21T21:08:44.5440029Z > web@0.0.0 build
2025-08-21T21:08:44.5440330Z > tsc -b && vite build
2025-08-21T21:08:44.5440491Z 
2025-08-21T21:08:47.1634175Z [36mvite v7.0.4 [32mbuilding for production...[36m[39m
2025-08-21T21:08:47.3635928Z transforming...
2025-08-21T21:08:50.6985729Z [32m✓[39m 687 modules transformed.
2025-08-21T21:08:51.0721063Z rendering chunks...
2025-08-21T21:08:51.0803861Z computing gzip size...
2025-08-21T21:08:51.0982090Z [2mdist/[22m[32mindex.html                 [39m[1m[2m  0.46 kB[22m[1m[22m[2m │ gzip:   0.30 kB[22m
2025-08-21T21:08:51.0984084Z [2mdist/[22m[2massets/[22m[35mindex-5IA1gRGW.css  [39m[1m[2m  0.84 kB[22m[1m[22m[2m │ gzip:   0.45 kB[22m
2025-08-21T21:08:51.0985092Z [33m
2025-08-21T21:08:51.0985783Z (!) Some chunks are larger than 500 kB after minification. Consider:
2025-08-21T21:08:51.0986693Z - Using dynamic import() to code-split the application
2025-08-21T21:08:51.0988215Z - Use build.rollupOptions.output.manualChunks to improve chunking: https://rollupjs.org/configuration-options/#output-manualchunks
2025-08-21T21:08:51.0989752Z - Adjust chunk size limit for this warning via build.chunkSizeWarningLimit.[39m
2025-08-21T21:08:51.0990669Z [2mdist/[22m[2massets/[22m[36mindex-CIqpArhq.js   [39m[1m[33m613.66 kB[39m[22m[2m │ gzip: 193.69 kB[22m
2025-08-21T21:08:51.0991264Z [32m✓ built in 3.91s[39m
2025-08-21T21:08:51.1449162Z ##[group]Run sudo apt-get update
2025-08-21T21:08:51.1449474Z [36;1msudo apt-get update[0m
2025-08-21T21:08:51.1449737Z [36;1msudo apt-get install -y postgresql[0m
2025-08-21T21:08:51.1450220Z [36;1mecho "/usr/lib/postgresql/$(pg_config --version | cut -d' ' -f2 | cut -d'.' -f1,2)/bin" >> $GITHUB_PATH[0m
2025-08-21T21:08:51.1491106Z shell: /usr/bin/bash -e {0}
2025-08-21T21:08:51.1491338Z env:
2025-08-21T21:08:51.1491550Z   REDIS_URL: redis://localhost:6379/0
2025-08-21T21:08:51.1491822Z   RATE_LIMIT_DEFAULT: 100/minute
2025-08-21T21:08:51.1492056Z   TRUST_X_FORWARDED: 1
2025-08-21T21:08:51.1492457Z   PG_USER: postgres
2025-08-21T21:08:51.1492655Z   PG_PASSWORD: pass
2025-08-21T21:08:51.1492843Z   PG_DATABASE: awa
2025-08-21T21:08:51.1493031Z   PG_HOST: localhost
2025-08-21T21:08:51.1493220Z   PG_PORT: 5432
2025-08-21T21:08:51.1493652Z   PG_SYNC_DSN: ***localhost:5432/awa
2025-08-21T21:08:51.1494080Z   PG_ASYNC_DSN: ***localhost:5432/awa
2025-08-21T21:08:51.1494506Z   DATABASE_URL: ***localhost:5432/awa
2025-08-21T21:08:51.1494761Z   DATA_DIR: /tmp/awa-data
2025-08-21T21:08:51.1494964Z   ENABLE_LIVE: 0
2025-08-21T21:08:51.1495142Z   TESTING: 1
2025-08-21T21:08:51.1495384Z   pythonLocation: /opt/hostedtoolcache/Python/3.12.11/x64
2025-08-21T21:08:51.1495787Z   PKG_CONFIG_PATH: /opt/hostedtoolcache/Python/3.12.11/x64/lib/pkgconfig
2025-08-21T21:08:51.1496180Z   Python_ROOT_DIR: /opt/hostedtoolcache/Python/3.12.11/x64
2025-08-21T21:08:51.1496535Z   Python2_ROOT_DIR: /opt/hostedtoolcache/Python/3.12.11/x64
2025-08-21T21:08:51.1496886Z   Python3_ROOT_DIR: /opt/hostedtoolcache/Python/3.12.11/x64
2025-08-21T21:08:51.1497476Z   LD_LIBRARY_PATH: /opt/hostedtoolcache/Python/3.12.11/x64/lib
2025-08-21T21:08:51.1497912Z ##[endgroup]
2025-08-21T21:08:51.2187675Z Get:1 file:/etc/apt/apt-mirrors.txt Mirrorlist [144 B]
2025-08-21T21:08:51.2482914Z Hit:2 http://azure.archive.ubuntu.com/ubuntu noble InRelease
2025-08-21T21:08:51.2507611Z Get:3 http://azure.archive.ubuntu.com/ubuntu noble-updates InRelease [126 kB]
2025-08-21T21:08:51.2521654Z Hit:6 https://packages.microsoft.com/repos/azure-cli noble InRelease
2025-08-21T21:08:51.2568380Z Get:7 https://packages.microsoft.com/ubuntu/24.04/prod noble InRelease [3600 B]
2025-08-21T21:08:51.2570597Z Get:4 http://azure.archive.ubuntu.com/ubuntu noble-backports InRelease [126 kB]
2025-08-21T21:08:51.2590325Z Get:5 http://azure.archive.ubuntu.com/ubuntu noble-security InRelease [126 kB]
2025-08-21T21:08:51.4163389Z Get:8 http://azure.archive.ubuntu.com/ubuntu noble-updates/main amd64 Packages [1350 kB]
2025-08-21T21:08:51.4321852Z Get:9 http://azure.archive.ubuntu.com/ubuntu noble-updates/main Translation-en [269 kB]
2025-08-21T21:08:51.4331828Z Get:10 http://azure.archive.ubuntu.com/ubuntu noble-updates/main amd64 Components [175 kB]
2025-08-21T21:08:51.4366743Z Get:11 http://azure.archive.ubuntu.com/ubuntu noble-updates/universe amd64 Packages [1123 kB]
2025-08-21T21:08:51.4443662Z Get:12 http://azure.archive.ubuntu.com/ubuntu noble-updates/universe Translation-en [288 kB]
2025-08-21T21:08:51.4469013Z Get:13 http://azure.archive.ubuntu.com/ubuntu noble-updates/universe amd64 Components [377 kB]
2025-08-21T21:08:51.4522938Z Get:14 http://azure.archive.ubuntu.com/ubuntu noble-updates/restricted amd64 Packages [1723 kB]
2025-08-21T21:08:51.4620446Z Get:15 http://azure.archive.ubuntu.com/ubuntu noble-updates/restricted Translation-en [383 kB]
2025-08-21T21:08:51.4670519Z Get:16 http://azure.archive.ubuntu.com/ubuntu noble-updates/restricted amd64 Components [212 B]
2025-08-21T21:08:51.4680403Z Get:17 http://azure.archive.ubuntu.com/ubuntu noble-updates/multiverse amd64 Components [940 B]
2025-08-21T21:08:51.5257425Z Get:18 http://azure.archive.ubuntu.com/ubuntu noble-backports/main amd64 Components [7080 B]
2025-08-21T21:08:51.5275660Z Get:19 http://azure.archive.ubuntu.com/ubuntu noble-backports/universe amd64 Components [19.2 kB]
2025-08-21T21:08:51.5291228Z Get:20 http://azure.archive.ubuntu.com/ubuntu noble-backports/restricted amd64 Components [216 B]
2025-08-21T21:08:51.5306201Z Get:21 http://azure.archive.ubuntu.com/ubuntu noble-backports/multiverse amd64 Components [212 B]
2025-08-21T21:08:51.5737207Z Get:22 http://azure.archive.ubuntu.com/ubuntu noble-security/main amd64 Packages [1083 kB]
2025-08-21T21:08:51.5805887Z Get:23 http://azure.archive.ubuntu.com/ubuntu noble-security/main Translation-en [187 kB]
2025-08-21T21:08:51.5830114Z Get:24 http://azure.archive.ubuntu.com/ubuntu noble-security/main amd64 Components [21.6 kB]
2025-08-21T21:08:51.5845510Z Get:25 http://azure.archive.ubuntu.com/ubuntu noble-security/universe amd64 Packages [881 kB]
2025-08-21T21:08:51.5894991Z Get:26 http://azure.archive.ubuntu.com/ubuntu noble-security/universe Translation-en [195 kB]
2025-08-21T21:08:51.5918627Z Get:27 http://azure.archive.ubuntu.com/ubuntu noble-security/universe amd64 Components [52.2 kB]
2025-08-21T21:08:51.5933286Z Get:28 http://azure.archive.ubuntu.com/ubuntu noble-security/restricted amd64 Packages [1631 kB]
2025-08-21T21:08:51.6017383Z Get:29 http://azure.archive.ubuntu.com/ubuntu noble-security/restricted Translation-en [361 kB]
2025-08-21T21:08:51.6047904Z Get:30 http://azure.archive.ubuntu.com/ubuntu noble-security/restricted amd64 Components [212 B]
2025-08-21T21:08:51.6059593Z Get:31 http://azure.archive.ubuntu.com/ubuntu noble-security/multiverse amd64 Components [212 B]
2025-08-21T21:08:51.7515370Z Get:32 https://packages.microsoft.com/ubuntu/24.04/prod noble/main arm64 Packages [33.2 kB]
2025-08-21T21:08:51.8180037Z Get:33 https://packages.microsoft.com/ubuntu/24.04/prod noble/main armhf Packages [9870 B]
2025-08-21T21:08:51.8325204Z Get:34 https://packages.microsoft.com/ubuntu/24.04/prod noble/main amd64 Packages [48.6 kB]
2025-08-21T21:08:58.3059640Z Fetched 10.6 MB in 1s (8280 kB/s)
2025-08-21T21:08:59.0029885Z Reading package lists...
2025-08-21T21:08:59.0346307Z Reading package lists...
2025-08-21T21:08:59.2066246Z Building dependency tree...
2025-08-21T21:08:59.2073939Z Reading state information...
2025-08-21T21:08:59.3630852Z Suggested packages:
2025-08-21T21:08:59.3631219Z   postgresql-doc
2025-08-21T21:08:59.3772782Z The following NEW packages will be installed:
2025-08-21T21:08:59.3773280Z   postgresql
2025-08-21T21:08:59.3939506Z 0 upgraded, 1 newly installed, 0 to remove and 17 not upgraded.
2025-08-21T21:08:59.3940211Z Need to get 11.6 kB of archives.
2025-08-21T21:08:59.3940875Z After this operation, 17.4 kB of additional disk space will be used.
2025-08-21T21:08:59.3941357Z Get:1 file:/etc/apt/apt-mirrors.txt Mirrorlist [144 B]
2025-08-21T21:08:59.4891239Z Get:2 http://azure.archive.ubuntu.com/ubuntu noble-updates/main amd64 postgresql all 16+257build1.1 [11.6 kB]
2025-08-21T21:08:59.7433645Z Fetched 11.6 kB in 0s (110 kB/s)
2025-08-21T21:08:59.7627720Z Selecting previously unselected package postgresql.
2025-08-21T21:08:59.7811071Z (Reading database ... 
2025-08-21T21:08:59.7811542Z (Reading database ... 5%
2025-08-21T21:08:59.7812114Z (Reading database ... 10%
2025-08-21T21:08:59.7812744Z (Reading database ... 15%
2025-08-21T21:08:59.7813172Z (Reading database ... 20%
2025-08-21T21:08:59.7813414Z (Reading database ... 25%
2025-08-21T21:08:59.7813646Z (Reading database ... 30%
2025-08-21T21:08:59.7813879Z (Reading database ... 35%
2025-08-21T21:08:59.7814107Z (Reading database ... 40%
2025-08-21T21:08:59.7814347Z (Reading database ... 45%
2025-08-21T21:08:59.7814572Z (Reading database ... 50%
2025-08-21T21:08:59.7872802Z (Reading database ... 55%
2025-08-21T21:08:59.8115090Z (Reading database ... 60%
2025-08-21T21:08:59.8257048Z (Reading database ... 65%
2025-08-21T21:08:59.8412330Z (Reading database ... 70%
2025-08-21T21:08:59.8565073Z (Reading database ... 75%
2025-08-21T21:08:59.8743624Z (Reading database ... 80%
2025-08-21T21:08:59.9030131Z (Reading database ... 85%
2025-08-21T21:08:59.9287393Z (Reading database ... 90%
2025-08-21T21:08:59.9698268Z (Reading database ... 95%
2025-08-21T21:08:59.9698811Z (Reading database ... 100%
2025-08-21T21:08:59.9699464Z (Reading database ... 219830 files and directories currently installed.)
2025-08-21T21:08:59.9740844Z Preparing to unpack .../postgresql_16+257build1.1_all.deb ...
2025-08-21T21:08:59.9761680Z Unpacking postgresql (16+257build1.1) ...
2025-08-21T21:09:00.0129700Z Setting up postgresql (16+257build1.1) ...
2025-08-21T21:09:01.2519117Z 
2025-08-21T21:09:01.2519778Z Running kernel seems to be up-to-date.
2025-08-21T21:09:01.2520214Z 
2025-08-21T21:09:01.2520356Z Restarting services...
2025-08-21T21:09:01.2590106Z 
2025-08-21T21:09:01.2590631Z Service restarts being deferred:
2025-08-21T21:09:01.2592386Z  systemctl restart hosted-compute-agent.service
2025-08-21T21:09:01.2593107Z 
2025-08-21T21:09:01.2593370Z No containers need to be restarted.
2025-08-21T21:09:01.2593662Z 
2025-08-21T21:09:01.2593963Z No user sessions are running outdated binaries.
2025-08-21T21:09:01.2594299Z 
2025-08-21T21:09:01.2594773Z No VM guests are running outdated hypervisor (qemu) binaries on this host.
2025-08-21T21:09:02.1687658Z ##[group]Run for i in {1..30}; do pg_isready -h localhost -p 5432 -U postgres -d awa && break; sleep 1; done
2025-08-21T21:09:02.1688317Z [36;1mfor i in {1..30}; do pg_isready -h localhost -p 5432 -U postgres -d awa && break; sleep 1; done[0m
2025-08-21T21:09:02.1728673Z shell: /usr/bin/bash -e {0}
2025-08-21T21:09:02.1728907Z env:
2025-08-21T21:09:02.1729244Z   REDIS_URL: redis://localhost:6379/0
2025-08-21T21:09:02.1729529Z   RATE_LIMIT_DEFAULT: 100/minute
2025-08-21T21:09:02.1729766Z   TRUST_X_FORWARDED: 1
2025-08-21T21:09:02.1729969Z   PG_USER: postgres
2025-08-21T21:09:02.1730160Z   PG_PASSWORD: pass
2025-08-21T21:09:02.1730349Z   PG_DATABASE: awa
2025-08-21T21:09:02.1730534Z   PG_HOST: localhost
2025-08-21T21:09:02.1730726Z   PG_PORT: 5432
2025-08-21T21:09:02.1731164Z   PG_SYNC_DSN: ***localhost:5432/awa
2025-08-21T21:09:02.1731578Z   PG_ASYNC_DSN: ***localhost:5432/awa
2025-08-21T21:09:02.1731987Z   DATABASE_URL: ***localhost:5432/awa
2025-08-21T21:09:02.1732461Z   DATA_DIR: /tmp/awa-data
2025-08-21T21:09:02.1732679Z   ENABLE_LIVE: 0
2025-08-21T21:09:02.1732860Z   TESTING: 1
2025-08-21T21:09:02.1733119Z   pythonLocation: /opt/hostedtoolcache/Python/3.12.11/x64
2025-08-21T21:09:02.1733541Z   PKG_CONFIG_PATH: /opt/hostedtoolcache/Python/3.12.11/x64/lib/pkgconfig
2025-08-21T21:09:02.1733950Z   Python_ROOT_DIR: /opt/hostedtoolcache/Python/3.12.11/x64
2025-08-21T21:09:02.1734332Z   Python2_ROOT_DIR: /opt/hostedtoolcache/Python/3.12.11/x64
2025-08-21T21:09:02.1734702Z   Python3_ROOT_DIR: /opt/hostedtoolcache/Python/3.12.11/x64
2025-08-21T21:09:02.1735075Z   LD_LIBRARY_PATH: /opt/hostedtoolcache/Python/3.12.11/x64/lib
2025-08-21T21:09:02.1735385Z ##[endgroup]
2025-08-21T21:09:02.2514360Z localhost:5432 - accepting connections
2025-08-21T21:09:02.2546297Z ##[group]Run alembic -c services/api/alembic.ini upgrade head
2025-08-21T21:09:02.2546744Z [36;1malembic -c services/api/alembic.ini upgrade head[0m
2025-08-21T21:09:02.2586772Z shell: /usr/bin/bash -e {0}
2025-08-21T21:09:02.2587009Z env:
2025-08-21T21:09:02.2587219Z   REDIS_URL: redis://localhost:6379/0
2025-08-21T21:09:02.2587509Z   RATE_LIMIT_DEFAULT: 100/minute
2025-08-21T21:09:02.2587762Z   TRUST_X_FORWARDED: 1
2025-08-21T21:09:02.2587970Z   PG_USER: postgres
2025-08-21T21:09:02.2588167Z   PG_PASSWORD: pass
2025-08-21T21:09:02.2588352Z   PG_DATABASE: awa
2025-08-21T21:09:02.2588531Z   PG_HOST: localhost
2025-08-21T21:09:02.2588725Z   PG_PORT: 5432
2025-08-21T21:09:02.2589174Z   PG_SYNC_DSN: ***localhost:5432/awa
2025-08-21T21:09:02.2589597Z   PG_ASYNC_DSN: ***localhost:5432/awa
2025-08-21T21:09:02.2590010Z   DATABASE_URL: ***localhost:5432/awa
2025-08-21T21:09:02.2590258Z   DATA_DIR: /tmp/awa-data
2025-08-21T21:09:02.2590475Z   ENABLE_LIVE: 0
2025-08-21T21:09:02.2590690Z   TESTING: 1
2025-08-21T21:09:02.2590942Z   pythonLocation: /opt/hostedtoolcache/Python/3.12.11/x64
2025-08-21T21:09:02.2591366Z   PKG_CONFIG_PATH: /opt/hostedtoolcache/Python/3.12.11/x64/lib/pkgconfig
2025-08-21T21:09:02.2591780Z   Python_ROOT_DIR: /opt/hostedtoolcache/Python/3.12.11/x64
2025-08-21T21:09:02.2592150Z   Python2_ROOT_DIR: /opt/hostedtoolcache/Python/3.12.11/x64
2025-08-21T21:09:02.2592894Z   Python3_ROOT_DIR: /opt/hostedtoolcache/Python/3.12.11/x64
2025-08-21T21:09:02.2593280Z   LD_LIBRARY_PATH: /opt/hostedtoolcache/Python/3.12.11/x64/lib
2025-08-21T21:09:02.2593601Z   POSTGRES_USER: postgres
2025-08-21T21:09:02.2593819Z   POSTGRES_PASSWORD: pass
2025-08-21T21:09:02.2594026Z   POSTGRES_DB: awa
2025-08-21T21:09:02.2594216Z ##[endgroup]
2025-08-21T21:09:03.2576725Z INFO  [alembic.runtime.migration] Context impl PostgresqlImpl.
2025-08-21T21:09:03.2577296Z INFO  [alembic.runtime.migration] Will assume transactional DDL.
2025-08-21T21:09:03.2798176Z INFO  [alembic.runtime.migration] Running upgrade  -> 0001_baseline
2025-08-21T21:09:03.2943282Z INFO  [alembic.runtime.migration] Running upgrade 0001_baseline -> 0002_create_roi_view
2025-08-21T21:09:03.2969753Z INFO  [alembic.runtime.migration] Running upgrade 0002_create_roi_view -> 3e9d5c5aff2c
2025-08-21T21:09:03.3134922Z INFO  [alembic.runtime.migration] Running upgrade 3e9d5c5aff2c -> 0003_vendor_prices
2025-08-21T21:09:03.3279483Z INFO  [alembic.runtime.migration] Running upgrade 0003_vendor_prices -> 0004_fee_cron
2025-08-21T21:09:03.3350257Z INFO  [alembic.runtime.migration] Running upgrade 0004_fee_cron -> 0006_fix_roi_views
2025-08-21T21:09:03.3384304Z INFO  [alembic.runtime.migration] Running upgrade 0006_fix_roi_views -> 0020_unified_schema
2025-08-21T21:09:03.3493027Z INFO  [alembic.runtime.migration] Running upgrade 0020_unified_schema -> 0022_fix_roi_view
2025-08-21T21:09:03.3569613Z INFO  [alembic.runtime.migration] Running upgrade 0022_fix_roi_view -> 0023_add_storage_fee
2025-08-21T21:09:03.3606040Z INFO  [alembic.runtime.migration] Running upgrade 0023_add_storage_fee -> 0024_create_buybox
2025-08-21T21:09:03.3633432Z INFO  [alembic.runtime.migration] Running upgrade 0024_create_buybox -> 0025_pr4_indexes_loadlog
2025-08-21T21:09:03.3843200Z INFO  [alembic.runtime.migration] Running upgrade 0025_pr4_indexes_loadlog -> 0026_fix_refund_views
2025-08-21T21:09:03.3901605Z INFO  [alembic.runtime.migration] Running upgrade 0025_pr4_indexes_loadlog -> 0026_amazon_new_reports
2025-08-21T21:09:03.4094818Z INFO  [alembic.runtime.migration] Running upgrade 0026_amazon_new_reports, 0026_fix_refund_views -> 0027_merge_reports_and_refund_heads
2025-08-21T21:09:03.4160371Z Traceback (most recent call last):
2025-08-21T21:09:03.4161610Z   File "/opt/hostedtoolcache/Python/3.12.11/x64/lib/python3.12/site-packages/sqlalchemy/engine/base.py", line 1967, in _exec_single_context
2025-08-21T21:09:03.4165422Z     self.dialect.do_execute(
2025-08-21T21:09:03.4167217Z   File "/opt/hostedtoolcache/Python/3.12.11/x64/lib/python3.12/site-packages/sqlalchemy/engine/default.py", line 951, in do_execute
2025-08-21T21:09:03.4168464Z     cursor.execute(statement, parameters)
2025-08-21T21:09:03.4169592Z   File "/opt/hostedtoolcache/Python/3.12.11/x64/lib/python3.12/site-packages/psycopg/cursor.py", line 97, in execute
2025-08-21T21:09:03.4170677Z     raise ex.with_traceback(None)
2025-08-21T21:09:03.4171660Z psycopg.errors.StringDataRightTruncation: value too long for type character varying(32)
2025-08-21T21:09:03.4172544Z 
2025-08-21T21:09:03.4173027Z The above exception was the direct cause of the following exception:
2025-08-21T21:09:03.4173519Z 
2025-08-21T21:09:03.4173792Z Traceback (most recent call last):
2025-08-21T21:09:03.4174620Z   File "/opt/hostedtoolcache/Python/3.12.11/x64/bin/alembic", line 7, in <module>
2025-08-21T21:09:03.4175308Z     sys.exit(main())
2025-08-21T21:09:03.4176059Z              ^^^^^^
2025-08-21T21:09:03.4177039Z   File "/opt/hostedtoolcache/Python/3.12.11/x64/lib/python3.12/site-packages/alembic/config.py", line 1016, in main
2025-08-21T21:09:03.4178091Z     CommandLine(prog=prog).main(argv=argv)
2025-08-21T21:09:03.4179198Z   File "/opt/hostedtoolcache/Python/3.12.11/x64/lib/python3.12/site-packages/alembic/config.py", line 1006, in main
2025-08-21T21:09:03.4180912Z     self.run_cmd(cfg, options)
2025-08-21T21:09:03.4181979Z   File "/opt/hostedtoolcache/Python/3.12.11/x64/lib/python3.12/site-packages/alembic/config.py", line 940, in run_cmd
2025-08-21T21:09:03.4183430Z     fn(
2025-08-21T21:09:03.4184414Z   File "/opt/hostedtoolcache/Python/3.12.11/x64/lib/python3.12/site-packages/alembic/command.py", line 483, in upgrade
2025-08-21T21:09:03.4185389Z     script.run_env()
2025-08-21T21:09:03.4186453Z   File "/opt/hostedtoolcache/Python/3.12.11/x64/lib/python3.12/site-packages/alembic/script/base.py", line 549, in run_env
2025-08-21T21:09:03.4187551Z     util.load_python_file(self.dir, "env.py")
2025-08-21T21:09:03.4189897Z   File "/opt/hostedtoolcache/Python/3.12.11/x64/lib/python3.12/site-packages/alembic/util/pyfiles.py", line 116, in load_python_file
2025-08-21T21:09:03.4191079Z     module = load_module_py(module_id, path)
2025-08-21T21:09:03.4191618Z              ^^^^^^^^^^^^^^^^^^^^^^^^^^^^^^^
2025-08-21T21:09:03.4192977Z   File "/opt/hostedtoolcache/Python/3.12.11/x64/lib/python3.12/site-packages/alembic/util/pyfiles.py", line 136, in load_module_py
2025-08-21T21:09:03.4194149Z     spec.loader.exec_module(module)  # type: ignore
2025-08-21T21:09:03.4194713Z     ^^^^^^^^^^^^^^^^^^^^^^^^^^^^^^^
2025-08-21T21:09:03.4195437Z   File "<frozen importlib._bootstrap_external>", line 999, in exec_module
2025-08-21T21:09:03.4196434Z   File "<frozen importlib._bootstrap>", line 488, in _call_with_frames_removed
2025-08-21T21:09:03.4197534Z   File "/home/runner/work/AWA-App/AWA-App/services/api/migrations/env.py", line 55, in <module>
2025-08-21T21:09:03.4198345Z     run_migrations_online()
2025-08-21T21:09:03.4199336Z   File "/home/runner/work/AWA-App/AWA-App/services/api/migrations/env.py", line 51, in run_migrations_online
2025-08-21T21:09:03.4200265Z     context.run_migrations()
2025-08-21T21:09:03.4200807Z   File "<string>", line 8, in run_migrations
2025-08-21T21:09:03.4202052Z   File "/opt/hostedtoolcache/Python/3.12.11/x64/lib/python3.12/site-packages/alembic/runtime/environment.py", line 946, in run_migrations
2025-08-21T21:09:03.4203369Z     self.get_context().run_migrations(**kw)
2025-08-21T21:09:03.4204602Z   File "/opt/hostedtoolcache/Python/3.12.11/x64/lib/python3.12/site-packages/alembic/runtime/migration.py", line 634, in run_migrations
2025-08-21T21:09:03.4205764Z     head_maintainer.update_to_step(step)
2025-08-21T21:09:03.4206996Z   File "/opt/hostedtoolcache/Python/3.12.11/x64/lib/python3.12/site-packages/alembic/runtime/migration.py", line 847, in update_to_step
2025-08-21T21:09:03.4208192Z     self._update_version(update_from_rev, update_to_rev)
2025-08-21T21:09:03.4209505Z   File "/opt/hostedtoolcache/Python/3.12.11/x64/lib/python3.12/site-packages/alembic/runtime/migration.py", line 801, in _update_version
2025-08-21T21:09:03.4210871Z     ret = self.context.impl._exec(
2025-08-21T21:09:03.4211370Z           ^^^^^^^^^^^^^^^^^^^^^^^^
2025-08-21T21:09:03.4212576Z   File "/opt/hostedtoolcache/Python/3.12.11/x64/lib/python3.12/site-packages/alembic/ddl/impl.py", line 246, in _exec
2025-08-21T21:09:03.4213568Z     return conn.execute(construct, params)
2025-08-21T21:09:03.4214093Z            ^^^^^^^^^^^^^^^^^^^^^^^^^^^^^^^
2025-08-21T21:09:03.4215234Z   File "/opt/hostedtoolcache/Python/3.12.11/x64/lib/python3.12/site-packages/sqlalchemy/engine/base.py", line 1419, in execute
2025-08-21T21:09:03.4216187Z     return meth(
2025-08-21T21:09:03.4216505Z            ^^^^^
2025-08-21T21:09:03.4217649Z   File "/opt/hostedtoolcache/Python/3.12.11/x64/lib/python3.12/site-packages/sqlalchemy/sql/elements.py", line 526, in _execute_on_connection
2025-08-21T21:09:03.4218828Z     return connection._execute_clauseelement(
2025-08-21T21:09:03.4219377Z            ^^^^^^^^^^^^^^^^^^^^^^^^^^^^^^^^^^
2025-08-21T21:09:03.4220632Z   File "/opt/hostedtoolcache/Python/3.12.11/x64/lib/python3.12/site-packages/sqlalchemy/engine/base.py", line 1641, in _execute_clauseelement
2025-08-21T21:09:03.4221755Z     ret = self._execute_context(
2025-08-21T21:09:03.4222198Z           ^^^^^^^^^^^^^^^^^^^^^^
2025-08-21T21:09:03.4223519Z   File "/opt/hostedtoolcache/Python/3.12.11/x64/lib/python3.12/site-packages/sqlalchemy/engine/base.py", line 1846, in _execute_context
2025-08-21T21:09:03.4224913Z     return self._exec_single_context(
2025-08-21T21:09:03.4225429Z            ^^^^^^^^^^^^^^^^^^^^^^^^^^
2025-08-21T21:09:03.4226632Z   File "/opt/hostedtoolcache/Python/3.12.11/x64/lib/python3.12/site-packages/sqlalchemy/engine/base.py", line 1986, in _exec_single_context
2025-08-21T21:09:03.4227789Z     self._handle_dbapi_exception(
2025-08-21T21:09:03.4229029Z   File "/opt/hostedtoolcache/Python/3.12.11/x64/lib/python3.12/site-packages/sqlalchemy/engine/base.py", line 2355, in _handle_dbapi_exception
2025-08-21T21:09:03.4230415Z     raise sqlalchemy_exception.with_traceback(exc_info[2]) from e
2025-08-21T21:09:03.4231797Z   File "/opt/hostedtoolcache/Python/3.12.11/x64/lib/python3.12/site-packages/sqlalchemy/engine/base.py", line 1967, in _exec_single_context
2025-08-21T21:09:03.4233078Z     self.dialect.do_execute(
2025-08-21T21:09:03.4234213Z   File "/opt/hostedtoolcache/Python/3.12.11/x64/lib/python3.12/site-packages/sqlalchemy/engine/default.py", line 951, in do_execute
2025-08-21T21:09:03.4235289Z     cursor.execute(statement, parameters)
2025-08-21T21:09:03.4236226Z   File "/opt/hostedtoolcache/Python/3.12.11/x64/lib/python3.12/site-packages/psycopg/cursor.py", line 97, in execute
2025-08-21T21:09:03.4237071Z     raise ex.with_traceback(None)
2025-08-21T21:09:03.4238125Z sqlalchemy.exc.DataError: (psycopg.errors.StringDataRightTruncation) value too long for type character varying(32)
2025-08-21T21:09:03.4239735Z [SQL: UPDATE alembic_version SET version_num='0027_merge_reports_and_refund_heads' WHERE alembic_version.version_num = '0026_fix_refund_views']
2025-08-21T21:09:03.4240848Z (Background on this error at: https://sqlalche.me/e/20/9h9h)
2025-08-21T21:09:03.5000389Z ##[error]Process completed with exit code 1.
2025-08-21T21:09:03.5052712Z ##[group]Run echo "::group::postgres container logs"
2025-08-21T21:09:03.5053232Z [36;1mecho "::group::postgres container logs"[0m
2025-08-21T21:09:03.5053854Z [36;1mdocker logs dc03c59144a97c470054969e5702674246f8b93c22c92a40efb4a5dcfd4a81fa --tail 200[0m
2025-08-21T21:09:03.5054460Z [36;1mecho "::endgroup::"[0m
2025-08-21T21:09:03.5094910Z shell: /usr/bin/bash -e {0}
2025-08-21T21:09:03.5095242Z env:
2025-08-21T21:09:03.5095507Z   REDIS_URL: redis://localhost:6379/0
2025-08-21T21:09:03.5095995Z   RATE_LIMIT_DEFAULT: 100/minute
2025-08-21T21:09:03.5096316Z   TRUST_X_FORWARDED: 1
2025-08-21T21:09:03.5096639Z   PG_USER: postgres
2025-08-21T21:09:03.5096944Z   PG_PASSWORD: pass
2025-08-21T21:09:03.5097221Z   PG_DATABASE: awa
2025-08-21T21:09:03.5097502Z   PG_HOST: localhost
2025-08-21T21:09:03.5097843Z   PG_PORT: 5432
2025-08-21T21:09:03.5098375Z   PG_SYNC_DSN: ***localhost:5432/awa
2025-08-21T21:09:03.5098975Z   PG_ASYNC_DSN: ***localhost:5432/awa
2025-08-21T21:09:03.5099597Z   DATABASE_URL: ***localhost:5432/awa
2025-08-21T21:09:03.5099968Z   DATA_DIR: /tmp/awa-data
2025-08-21T21:09:03.5100268Z   ENABLE_LIVE: 0
2025-08-21T21:09:03.5100583Z   TESTING: 1
2025-08-21T21:09:03.5100929Z   pythonLocation: /opt/hostedtoolcache/Python/3.12.11/x64
2025-08-21T21:09:03.5101431Z   PKG_CONFIG_PATH: /opt/hostedtoolcache/Python/3.12.11/x64/lib/pkgconfig
2025-08-21T21:09:03.5101981Z   Python_ROOT_DIR: /opt/hostedtoolcache/Python/3.12.11/x64
2025-08-21T21:09:03.5102635Z   Python2_ROOT_DIR: /opt/hostedtoolcache/Python/3.12.11/x64
2025-08-21T21:09:03.5103087Z   Python3_ROOT_DIR: /opt/hostedtoolcache/Python/3.12.11/x64
2025-08-21T21:09:03.5103613Z   LD_LIBRARY_PATH: /opt/hostedtoolcache/Python/3.12.11/x64/lib
2025-08-21T21:09:03.5104002Z ##[endgroup]
2025-08-21T21:09:03.5165487Z ##[group]postgres container logs
2025-08-21T21:09:03.5282910Z initdb: warning: enabling "trust" authentication for local connections
2025-08-21T21:09:03.5284673Z The files belonging to this database system will be owned by user "postgres".
2025-08-21T21:09:03.5286081Z initdb: hint: You can change this by editing pg_hba.conf or using the option -A, or --auth-local and --auth-host, the next time you run initdb.
2025-08-21T21:09:03.5287320Z 2025-08-21 21:07:21.907 UTC [1] LOG:  starting PostgreSQL 15.14 (Debian 15.14-1.pgdg13+1) on x86_64-pc-linux-gnu, compiled by gcc (Debian 14.2.0-19) 14.2.0, 64-bit
2025-08-21T21:09:03.5288435Z 2025-08-21 21:07:21.907 UTC [1] LOG:  listening on IPv4 address "0.0.0.0", port 5432
2025-08-21T21:09:03.5289057Z 2025-08-21 21:07:21.907 UTC [1] LOG:  listening on IPv6 address "::", port 5432
2025-08-21T21:09:03.5289812Z 2025-08-21 21:07:21.908 UTC [1] LOG:  listening on Unix socket "/var/run/postgresql/.s.PGSQL.5432"
2025-08-21T21:09:03.5290491Z 2025-08-21 21:07:21.911 UTC [64] LOG:  database system was shut down at 2025-08-21 21:07:21 UTC
2025-08-21T21:09:03.5291119Z 2025-08-21 21:07:21.915 UTC [1] LOG:  database system is ready to accept connections
2025-08-21T21:09:03.5291827Z 2025-08-21 21:09:03.410 UTC [233] ERROR:  value too long for type character varying(32)
2025-08-21T21:09:03.5293132Z 2025-08-21 21:09:03.410 UTC [233] STATEMENT:  UPDATE alembic_version SET version_num='0027_merge_reports_and_refund_heads' WHERE alembic_version.version_num = '0026_fix_refund_views'
2025-08-21T21:09:03.5294094Z This user must also own the server process.
2025-08-21T21:09:03.5294323Z 
2025-08-21T21:09:03.5294659Z The database cluster will be initialized with locale "en_US.utf8".
2025-08-21T21:09:03.5295223Z The default database encoding has accordingly been set to "UTF8".
2025-08-21T21:09:03.5296114Z The default text search configuration will be set to "english".
2025-08-21T21:09:03.5296714Z 
2025-08-21T21:09:03.5297000Z Data page checksums are disabled.
2025-08-21T21:09:03.5297395Z 
2025-08-21T21:09:03.5297917Z fixing permissions on existing directory /var/lib/postgresql/data ... ok
2025-08-21T21:09:03.5298900Z creating subdirectories ... ok
2025-08-21T21:09:03.5299998Z selecting dynamic shared memory implementation ... posix
2025-08-21T21:09:03.5300894Z selecting default max_connections ... 100
2025-08-21T21:09:03.5301374Z selecting default shared_buffers ... 128MB
2025-08-21T21:09:03.5301909Z selecting default time zone ... Etc/UTC
2025-08-21T21:09:03.5302516Z creating configuration files ... ok
2025-08-21T21:09:03.5302993Z running bootstrap script ... ok
2025-08-21T21:09:03.5303462Z performing post-bootstrap initialization ... ok
2025-08-21T21:09:03.5303913Z syncing data to disk ... ok
2025-08-21T21:09:03.5304075Z 
2025-08-21T21:09:03.5304082Z 
2025-08-21T21:09:03.5304432Z Success. You can now start the database server using:
2025-08-21T21:09:03.5304680Z 
2025-08-21T21:09:03.5304919Z     pg_ctl -D /var/lib/postgresql/data -l logfile start
2025-08-21T21:09:03.5305161Z 
2025-08-21T21:09:03.5305974Z waiting for server to start....2025-08-21 21:07:21.598 UTC [48] LOG:  starting PostgreSQL 15.14 (Debian 15.14-1.pgdg13+1) on x86_64-pc-linux-gnu, compiled by gcc (Debian 14.2.0-19) 14.2.0, 64-bit
2025-08-21T21:09:03.5307058Z 2025-08-21 21:07:21.599 UTC [48] LOG:  listening on Unix socket "/var/run/postgresql/.s.PGSQL.5432"
2025-08-21T21:09:03.5307840Z 2025-08-21 21:07:21.602 UTC [51] LOG:  database system was shut down at 2025-08-21 21:07:21 UTC
2025-08-21T21:09:03.5308561Z 2025-08-21 21:07:21.606 UTC [48] LOG:  database system is ready to accept connections
2025-08-21T21:09:03.5309012Z  done
2025-08-21T21:09:03.5309241Z server started
2025-08-21T21:09:03.5309554Z CREATE DATABASE
2025-08-21T21:09:03.5309751Z 
2025-08-21T21:09:03.5309758Z 
2025-08-21T21:09:03.5310151Z /usr/local/bin/docker-entrypoint.sh: ignoring /docker-entrypoint-initdb.d/*
2025-08-21T21:09:03.5310522Z 
2025-08-21T21:09:03.5310803Z 2025-08-21 21:07:21.787 UTC [48] LOG:  received fast shutdown request
2025-08-21T21:09:03.5311561Z waiting for server to shut down....2025-08-21 21:07:21.788 UTC [48] LOG:  aborting any active transactions
2025-08-21T21:09:03.5312610Z 2025-08-21 21:07:21.790 UTC [48] LOG:  background worker "logical replication launcher" (PID 54) exited with exit code 1
2025-08-21T21:09:03.5313262Z 2025-08-21 21:07:21.790 UTC [49] LOG:  shutting down
2025-08-21T21:09:03.5313941Z 2025-08-21 21:07:21.790 UTC [49] LOG:  checkpoint starting: shutdown immediate
2025-08-21T21:09:03.5315230Z 2025-08-21 21:07:21.808 UTC [49] LOG:  checkpoint complete: wrote 922 buffers (5.6%); 0 WAL file(s) added, 0 removed, 0 recycled; write=0.014 s, sync=0.003 s, total=0.019 s; sync files=301, longest=0.001 s, average=0.001 s; distance=4239 kB, estimate=4239 kB
2025-08-21T21:09:03.5316468Z 2025-08-21 21:07:21.814 UTC [48] LOG:  database system is shut down
2025-08-21T21:09:03.5316885Z  done
2025-08-21T21:09:03.5317149Z server stopped
2025-08-21T21:09:03.5317361Z 
2025-08-21T21:09:03.5317654Z PostgreSQL init process complete; ready for start up.
2025-08-21T21:09:03.5317942Z 
2025-08-21T21:09:03.5318276Z ##[endgroup]
2025-08-21T21:09:03.5377579Z Post job cleanup.
2025-08-21T21:09:03.6148036Z [command]/usr/bin/git version
2025-08-21T21:09:03.6184588Z git version 2.51.0
2025-08-21T21:09:03.6221109Z Temporarily overriding HOME='/home/runner/work/_temp/9dccd600-3a8f-4318-8b84-c38591c43d63' before making global git config changes
2025-08-21T21:09:03.6221993Z Adding repository directory to the temporary git global config as a safe directory
2025-08-21T21:09:03.6226767Z [command]/usr/bin/git config --global --add safe.directory /home/runner/work/AWA-App/AWA-App
2025-08-21T21:09:03.6262733Z [command]/usr/bin/git config --local --name-only --get-regexp core\.sshCommand
2025-08-21T21:09:03.6295466Z [command]/usr/bin/git submodule foreach --recursive sh -c "git config --local --name-only --get-regexp 'core\.sshCommand' && git config --local --unset-all 'core.sshCommand' || :"
2025-08-21T21:09:03.6521729Z [command]/usr/bin/git config --local --name-only --get-regexp http\.https\:\/\/github\.com\/\.extraheader
2025-08-21T21:09:03.6544461Z http.https://github.com/.extraheader
2025-08-21T21:09:03.6555056Z [command]/usr/bin/git config --local --unset-all http.https://github.com/.extraheader
2025-08-21T21:09:03.6586695Z [command]/usr/bin/git submodule foreach --recursive sh -c "git config --local --name-only --get-regexp 'http\.https\:\/\/github\.com\/\.extraheader' && git config --local --unset-all 'http.https://github.com/.extraheader' || :"
2025-08-21T21:09:03.6900890Z Print service container logs: 456acbe532b94b3c95e32bec00108d35_postgres15_998834
2025-08-21T21:09:03.6905653Z ##[command]/usr/bin/docker logs --details dc03c59144a97c470054969e5702674246f8b93c22c92a40efb4a5dcfd4a81fa
2025-08-21T21:09:03.7025035Z  initdb: warning: enabling "trust" authentication for local connections
2025-08-21T21:09:03.7025891Z  The files belonging to this database system will be owned by user "postgres".
2025-08-21T21:09:03.7026557Z  This user must also own the server process.
2025-08-21T21:09:03.7026985Z  
2025-08-21T21:09:03.7027797Z  initdb: hint: You can change this by editing pg_hba.conf or using the option -A, or --auth-local and --auth-host, the next time you run initdb.
2025-08-21T21:09:03.7029241Z  2025-08-21 21:07:21.907 UTC [1] LOG:  starting PostgreSQL 15.14 (Debian 15.14-1.pgdg13+1) on x86_64-pc-linux-gnu, compiled by gcc (Debian 14.2.0-19) 14.2.0, 64-bit
2025-08-21T21:09:03.7030378Z  2025-08-21 21:07:21.907 UTC [1] LOG:  listening on IPv4 address "0.0.0.0", port 5432
2025-08-21T21:09:03.7031071Z  2025-08-21 21:07:21.907 UTC [1] LOG:  listening on IPv6 address "::", port 5432
2025-08-21T21:09:03.7031851Z  2025-08-21 21:07:21.908 UTC [1] LOG:  listening on Unix socket "/var/run/postgresql/.s.PGSQL.5432"
2025-08-21T21:09:03.7032917Z  2025-08-21 21:07:21.911 UTC [64] LOG:  database system was shut down at 2025-08-21 21:07:21 UTC
2025-08-21T21:09:03.7033682Z  2025-08-21 21:07:21.915 UTC [1] LOG:  database system is ready to accept connections
2025-08-21T21:09:03.7034441Z  2025-08-21 21:09:03.410 UTC [233] ERROR:  value too long for type character varying(32)
2025-08-21T21:09:03.7035719Z  2025-08-21 21:09:03.410 UTC [233] STATEMENT:  UPDATE alembic_version SET version_num='0027_merge_reports_and_refund_heads' WHERE alembic_version.version_num = '0026_fix_refund_views'
2025-08-21T21:09:03.7036983Z  The database cluster will be initialized with locale "en_US.utf8".
2025-08-21T21:09:03.7037692Z  The default database encoding has accordingly been set to "UTF8".
2025-08-21T21:09:03.7038711Z  The default text search configuration will be set to "english".
2025-08-21T21:09:03.7039399Z  
2025-08-21T21:09:03.7039684Z  Data page checksums are disabled.
2025-08-21T21:09:03.7040078Z  
2025-08-21T21:09:03.7040546Z  fixing permissions on existing directory /var/lib/postgresql/data ... ok
2025-08-21T21:09:03.7040931Z  creating subdirectories ... ok
2025-08-21T21:09:03.7041237Z  selecting dynamic shared memory implementation ... posix
2025-08-21T21:09:03.7041559Z  selecting default max_connections ... 100
2025-08-21T21:09:03.7041832Z  selecting default shared_buffers ... 128MB
2025-08-21T21:09:03.7042093Z  selecting default time zone ... Etc/UTC
2025-08-21T21:09:03.7042549Z  creating configuration files ... ok
2025-08-21T21:09:03.7042802Z  running bootstrap script ... ok
2025-08-21T21:09:03.7043073Z  performing post-bootstrap initialization ... ok
2025-08-21T21:09:03.7043351Z  syncing data to disk ... ok
2025-08-21T21:09:03.7043565Z  
2025-08-21T21:09:03.7043712Z  
2025-08-21T21:09:03.7043932Z  Success. You can now start the database server using:
2025-08-21T21:09:03.7044202Z  
2025-08-21T21:09:03.7044417Z      pg_ctl -D /var/lib/postgresql/data -l logfile start
2025-08-21T21:09:03.7044688Z  
2025-08-21T21:09:03.7045235Z  waiting for server to start....2025-08-21 21:07:21.598 UTC [48] LOG:  starting PostgreSQL 15.14 (Debian 15.14-1.pgdg13+1) on x86_64-pc-linux-gnu, compiled by gcc (Debian 14.2.0-19) 14.2.0, 64-bit
2025-08-21T21:09:03.7046017Z  2025-08-21 21:07:21.599 UTC [48] LOG:  listening on Unix socket "/var/run/postgresql/.s.PGSQL.5432"
2025-08-21T21:09:03.7046505Z  2025-08-21 21:07:21.602 UTC [51] LOG:  database system was shut down at 2025-08-21 21:07:21 UTC
2025-08-21T21:09:03.7046943Z  2025-08-21 21:07:21.606 UTC [48] LOG:  database system is ready to accept connections
2025-08-21T21:09:03.7047257Z   done
2025-08-21T21:09:03.7047435Z  server started
2025-08-21T21:09:03.7047620Z  CREATE DATABASE
2025-08-21T21:09:03.7047792Z  
2025-08-21T21:09:03.7047938Z  
2025-08-21T21:09:03.7048484Z  /usr/local/bin/docker-entrypoint.sh: ignoring /docker-entrypoint-initdb.d/*
2025-08-21T21:09:03.7048850Z  
2025-08-21T21:09:03.7049067Z  2025-08-21 21:07:21.787 UTC [48] LOG:  received fast shutdown request
2025-08-21T21:09:03.7049519Z  waiting for server to shut down....2025-08-21 21:07:21.788 UTC [48] LOG:  aborting any active transactions
2025-08-21T21:09:03.7050132Z  2025-08-21 21:07:21.790 UTC [48] LOG:  background worker "logical replication launcher" (PID 54) exited with exit code 1
2025-08-21T21:09:03.7050619Z  2025-08-21 21:07:21.790 UTC [49] LOG:  shutting down
2025-08-21T21:09:03.7050965Z  2025-08-21 21:07:21.790 UTC [49] LOG:  checkpoint starting: shutdown immediate
2025-08-21T21:09:03.7051773Z  2025-08-21 21:07:21.808 UTC [49] LOG:  checkpoint complete: wrote 922 buffers (5.6%); 0 WAL file(s) added, 0 removed, 0 recycled; write=0.014 s, sync=0.003 s, total=0.019 s; sync files=301, longest=0.001 s, average=0.001 s; distance=4239 kB, estimate=4239 kB
2025-08-21T21:09:03.7052743Z  2025-08-21 21:07:21.814 UTC [48] LOG:  database system is shut down
2025-08-21T21:09:03.7053037Z   done
2025-08-21T21:09:03.7053203Z  server stopped
2025-08-21T21:09:03.7053379Z  
2025-08-21T21:09:03.7053589Z  PostgreSQL init process complete; ready for start up.
2025-08-21T21:09:03.7053860Z  
2025-08-21T21:09:03.7059407Z Stop and remove container: 456acbe532b94b3c95e32bec00108d35_postgres15_998834
2025-08-21T21:09:03.7064304Z ##[command]/usr/bin/docker rm --force dc03c59144a97c470054969e5702674246f8b93c22c92a40efb4a5dcfd4a81fa
2025-08-21T21:09:05.3872661Z dc03c59144a97c470054969e5702674246f8b93c22c92a40efb4a5dcfd4a81fa
2025-08-21T21:09:05.3892658Z Print service container logs: e12afcad90eb4c77b7304fb1cc9b4bea_redis7alpine_b83f4d
2025-08-21T21:09:05.3893876Z ##[command]/usr/bin/docker logs --details 8af8f7b09f4944e1d80d7f31cef6b59a23872fc0588c6983b9784aeca818765d
2025-08-21T21:09:05.4010317Z  1:C 21 Aug 2025 21:07:23.300 # WARNING Memory overcommit must be enabled! Without it, a background save or replication may fail under low memory condition. Being disabled, it can also cause failures without low memory condition, see https://github.com/jemalloc/jemalloc/issues/1328. To fix this issue add 'vm.overcommit_memory = 1' to /etc/sysctl.conf and then reboot or run the command 'sysctl vm.overcommit_memory=1' for this to take effect.
2025-08-21T21:09:05.4012145Z  1:C 21 Aug 2025 21:07:23.300 * oO0OoO0OoO0Oo Redis is starting oO0OoO0OoO0Oo
2025-08-21T21:09:05.4012883Z  1:C 21 Aug 2025 21:07:23.300 * Redis version=7.4.5, bits=64, commit=00000000, modified=0, pid=1, just started
2025-08-21T21:09:05.4013586Z  1:C 21 Aug 2025 21:07:23.300 # Warning: no config file specified, using the default config. In order to specify a config file use redis-server /path/to/redis.conf
2025-08-21T21:09:05.4014185Z  1:M 21 Aug 2025 21:07:23.300 * monotonic clock: POSIX clock_gettime
2025-08-21T21:09:05.4014535Z  1:M 21 Aug 2025 21:07:23.301 * Running mode=standalone, port=6379.
2025-08-21T21:09:05.4014854Z  1:M 21 Aug 2025 21:07:23.301 * Server initialized
2025-08-21T21:09:05.4015174Z  1:M 21 Aug 2025 21:07:23.301 * Ready to accept connections tcp
2025-08-21T21:09:05.4021811Z Stop and remove container: e12afcad90eb4c77b7304fb1cc9b4bea_redis7alpine_b83f4d
2025-08-21T21:09:05.4022851Z ##[command]/usr/bin/docker rm --force 8af8f7b09f4944e1d80d7f31cef6b59a23872fc0588c6983b9784aeca818765d
2025-08-21T21:09:05.5175952Z 8af8f7b09f4944e1d80d7f31cef6b59a23872fc0588c6983b9784aeca818765d
2025-08-21T21:09:05.5199974Z Remove container network: github_network_5ceb6f8f0afc4ab8ae0f880fd7ad0a6d
2025-08-21T21:09:05.5204764Z ##[command]/usr/bin/docker network rm github_network_5ceb6f8f0afc4ab8ae0f880fd7ad0a6d
2025-08-21T21:09:05.6446640Z github_network_5ceb6f8f0afc4ab8ae0f880fd7ad0a6d
2025-08-21T21:09:05.6502774Z Cleaning up orphan processes
