2025-08-23T22:10:31.1712046Z Current runner version: '2.328.0'
2025-08-23T22:10:31.1745004Z ##[group]Runner Image Provisioner
2025-08-23T22:10:31.1746230Z Hosted Compute Agent
2025-08-23T22:10:31.1747025Z Version: 20250818.377
2025-08-23T22:10:31.1748426Z Commit: 3c593e9f75fe0b87e893bca80d6e12ba089c61fc
2025-08-23T22:10:31.1749473Z Build Date: 2025-08-18T14:52:18Z
2025-08-23T22:10:31.1750365Z ##[endgroup]
2025-08-23T22:10:31.1751206Z ##[group]Operating System
2025-08-23T22:10:31.1752078Z Ubuntu
2025-08-23T22:10:31.1752735Z 24.04.2
2025-08-23T22:10:31.1753550Z LTS
2025-08-23T22:10:31.1754309Z ##[endgroup]
2025-08-23T22:10:31.1755021Z ##[group]Runner Image
2025-08-23T22:10:31.1756101Z Image: ubuntu-24.04
2025-08-23T22:10:31.1756847Z Version: 20250818.1.0
2025-08-23T22:10:31.1758764Z Included Software: https://github.com/actions/runner-images/blob/ubuntu24/20250818.1/images/ubuntu/Ubuntu2404-Readme.md
2025-08-23T22:10:31.1761379Z Image Release: https://github.com/actions/runner-images/releases/tag/ubuntu24%2F20250818.1
2025-08-23T22:10:31.1763084Z ##[endgroup]
2025-08-23T22:10:31.1767118Z ##[group]GITHUB_TOKEN Permissions
2025-08-23T22:10:31.1770040Z Actions: write
2025-08-23T22:10:31.1770870Z Attestations: write
2025-08-23T22:10:31.1771690Z Checks: write
2025-08-23T22:10:31.1772532Z Contents: write
2025-08-23T22:10:31.1773394Z Deployments: write
2025-08-23T22:10:31.1774206Z Discussions: write
2025-08-23T22:10:31.1775062Z Issues: write
2025-08-23T22:10:31.1775779Z Metadata: read
2025-08-23T22:10:31.1776534Z Models: read
2025-08-23T22:10:31.1777455Z Packages: write
2025-08-23T22:10:31.1778553Z Pages: write
2025-08-23T22:10:31.1779318Z PullRequests: write
2025-08-23T22:10:31.1780197Z RepositoryProjects: write
2025-08-23T22:10:31.1781157Z SecurityEvents: write
2025-08-23T22:10:31.1782158Z Statuses: write
2025-08-23T22:10:31.1783111Z ##[endgroup]
2025-08-23T22:10:31.1786490Z Secret source: Actions
2025-08-23T22:10:31.1788392Z Prepare workflow directory
2025-08-23T22:10:31.2400395Z Prepare all required actions
2025-08-23T22:10:31.2455838Z Getting action download info
2025-08-23T22:10:31.6024127Z Download action repository 'actions/checkout@v5' (SHA:08c6903cd8c0fde910a37f88322edcfb5dd907a8)
2025-08-23T22:10:31.8760877Z Download action repository 'actions/setup-python@v5' (SHA:a26af69be951a213d495a4c3e4e4022e16d87065)
2025-08-23T22:10:31.9515631Z Download action repository 'actions/cache@v4' (SHA:0400d5f644dc74513175e3cd8d07132dd4860809)
2025-08-23T22:10:32.1929309Z Download action repository 'actions/setup-node@v4' (SHA:49933ea5288caeca8642d1e84afbd3f7d6820020)
2025-08-23T22:10:32.3309266Z Download action repository 'codecov/codecov-action@v5' (SHA:fdcc8476540edceab3de004e990f80d881c6cc00)
2025-08-23T22:10:32.5965302Z Getting action download info
2025-08-23T22:10:32.6840449Z Download action repository 'actions/github-script@60a0d83039c74a4aee543508d2ffcb1c3799cdea' (SHA:60a0d83039c74a4aee543508d2ffcb1c3799cdea)
2025-08-23T22:10:33.1160585Z Complete job name: test
2025-08-23T22:10:33.1820616Z ##[group]Checking docker version
2025-08-23T22:10:33.1837186Z ##[command]/usr/bin/docker version --format '{{.Server.APIVersion}}'
2025-08-23T22:10:34.6202245Z '1.48'
2025-08-23T22:10:34.6215552Z Docker daemon API version: '1.48'
2025-08-23T22:10:34.6216036Z ##[command]/usr/bin/docker version --format '{{.Client.APIVersion}}'
2025-08-23T22:10:34.6376272Z '1.48'
2025-08-23T22:10:34.6390640Z Docker client API version: '1.48'
2025-08-23T22:10:34.6396258Z ##[endgroup]
2025-08-23T22:10:34.6399278Z ##[group]Clean up resources from previous jobs
2025-08-23T22:10:34.6405116Z ##[command]/usr/bin/docker ps --all --quiet --no-trunc --filter "label=62b564"
2025-08-23T22:10:34.6612742Z ##[command]/usr/bin/docker network prune --force --filter "label=62b564"
2025-08-23T22:10:34.6791797Z ##[endgroup]
2025-08-23T22:10:34.6792128Z ##[group]Create local container network
2025-08-23T22:10:34.6801546Z ##[command]/usr/bin/docker network create --label 62b564 github_network_e9ff799ad4924796909d8b5047cce7ee
2025-08-23T22:10:34.7301843Z c63a4223afaebebb70b3fcab65e16a79d2e266b18724de974890fdd4b8f863a4
2025-08-23T22:10:34.7321183Z ##[endgroup]
2025-08-23T22:10:34.7344117Z ##[group]Starting postgres service container
2025-08-23T22:10:34.7363094Z ##[command]/usr/bin/docker pull postgres:15
2025-08-23T22:10:35.0041858Z 15: Pulling from library/postgres
2025-08-23T22:10:35.0670853Z 396b1da7636e: Pulling fs layer
2025-08-23T22:10:35.0671493Z fca2566eba32: Pulling fs layer
2025-08-23T22:10:35.0671895Z 631fe8c6d606: Pulling fs layer
2025-08-23T22:10:35.0672331Z 77c7671c4414: Pulling fs layer
2025-08-23T22:10:35.0672700Z 2d9e29180a27: Pulling fs layer
2025-08-23T22:10:35.0673065Z c6bcc2c9a041: Pulling fs layer
2025-08-23T22:10:35.0673440Z ac4b721eb66f: Pulling fs layer
2025-08-23T22:10:35.0673794Z 606bd164980e: Pulling fs layer
2025-08-23T22:10:35.0674177Z f5dfd246bc6e: Pulling fs layer
2025-08-23T22:10:35.0674551Z ba7036bb0a60: Pulling fs layer
2025-08-23T22:10:35.0674932Z 799f859abbbd: Pulling fs layer
2025-08-23T22:10:35.0675326Z d903e777080c: Pulling fs layer
2025-08-23T22:10:35.0675689Z 04adcb462801: Pulling fs layer
2025-08-23T22:10:35.0676049Z 5c10925b29ff: Pulling fs layer
2025-08-23T22:10:35.0676336Z 2d9e29180a27: Waiting
2025-08-23T22:10:35.0676630Z c6bcc2c9a041: Waiting
2025-08-23T22:10:35.0676831Z ac4b721eb66f: Waiting
2025-08-23T22:10:35.0677071Z d903e777080c: Waiting
2025-08-23T22:10:35.0677248Z 606bd164980e: Waiting
2025-08-23T22:10:35.0677422Z 04adcb462801: Waiting
2025-08-23T22:10:35.0677589Z 5c10925b29ff: Waiting
2025-08-23T22:10:35.0678046Z 77c7671c4414: Waiting
2025-08-23T22:10:35.0678217Z 799f859abbbd: Waiting
2025-08-23T22:10:35.0678406Z ba7036bb0a60: Waiting
2025-08-23T22:10:35.0678588Z f5dfd246bc6e: Waiting
2025-08-23T22:10:35.2549901Z fca2566eba32: Verifying Checksum
2025-08-23T22:10:35.2550582Z fca2566eba32: Download complete
2025-08-23T22:10:35.3514205Z 631fe8c6d606: Verifying Checksum
2025-08-23T22:10:35.3514739Z 631fe8c6d606: Download complete
2025-08-23T22:10:35.4165464Z 77c7671c4414: Verifying Checksum
2025-08-23T22:10:35.4166093Z 77c7671c4414: Download complete
2025-08-23T22:10:35.5814276Z c6bcc2c9a041: Verifying Checksum
2025-08-23T22:10:35.5814778Z c6bcc2c9a041: Download complete
2025-08-23T22:10:35.6114312Z 2d9e29180a27: Download complete
2025-08-23T22:10:35.6981569Z ac4b721eb66f: Verifying Checksum
2025-08-23T22:10:35.6982248Z ac4b721eb66f: Download complete
2025-08-23T22:10:35.7494441Z 606bd164980e: Verifying Checksum
2025-08-23T22:10:35.7495022Z 606bd164980e: Download complete
2025-08-23T22:10:35.8658402Z ba7036bb0a60: Download complete
2025-08-23T22:10:35.9760173Z 799f859abbbd: Verifying Checksum
2025-08-23T22:10:35.9760793Z 799f859abbbd: Download complete
2025-08-23T22:10:36.0759042Z d903e777080c: Verifying Checksum
2025-08-23T22:10:36.0759656Z d903e777080c: Download complete
2025-08-23T22:10:36.0886923Z 396b1da7636e: Verifying Checksum
2025-08-23T22:10:36.0887562Z 396b1da7636e: Download complete
2025-08-23T22:10:36.2110020Z 04adcb462801: Verifying Checksum
2025-08-23T22:10:36.2299895Z 04adcb462801: Download complete
2025-08-23T22:10:36.2300422Z 5c10925b29ff: Verifying Checksum
2025-08-23T22:10:36.2300803Z 5c10925b29ff: Download complete
2025-08-23T22:10:37.0509029Z 396b1da7636e: Pull complete
2025-08-23T22:10:37.7081060Z f5dfd246bc6e: Verifying Checksum
2025-08-23T22:10:37.7081559Z f5dfd246bc6e: Download complete
2025-08-23T22:10:38.0264358Z fca2566eba32: Pull complete
2025-08-23T22:10:38.1991552Z 631fe8c6d606: Pull complete
2025-08-23T22:10:38.2501562Z 77c7671c4414: Pull complete
2025-08-23T22:10:38.5553913Z 2d9e29180a27: Pull complete
2025-08-23T22:10:38.6402383Z c6bcc2c9a041: Pull complete
2025-08-23T22:10:38.6524374Z ac4b721eb66f: Pull complete
2025-08-23T22:10:38.6665829Z 606bd164980e: Pull complete
2025-08-23T22:10:41.5886105Z f5dfd246bc6e: Pull complete
2025-08-23T22:10:41.6069133Z ba7036bb0a60: Pull complete
2025-08-23T22:10:41.6189740Z 799f859abbbd: Pull complete
2025-08-23T22:10:41.6303846Z d903e777080c: Pull complete
2025-08-23T22:10:41.6444734Z 04adcb462801: Pull complete
2025-08-23T22:10:41.6556049Z 5c10925b29ff: Pull complete
2025-08-23T22:10:41.6598055Z Digest: sha256:bc51cf4f1fe02cce7ed2370b20128a9b00b4eb804573a77d2a0d877aaa9c82b1
2025-08-23T22:10:41.6613736Z Status: Downloaded newer image for postgres:15
2025-08-23T22:10:41.6623440Z docker.io/library/postgres:15
2025-08-23T22:10:41.6686398Z ##[command]/usr/bin/docker create --name 2e08541b8b1e4d61810d97dd4e150aaf_postgres15_e33cca --label 62b564 --network github_network_e9ff799ad4924796909d8b5047cce7ee --network-alias postgres -p 5432:5432 --health-cmd="pg_isready -U postgres -d awa" --health-interval=5s --health-timeout=5s --health-retries=10 -e "POSTGRES_USER=postgres" -e "POSTGRES_PASSWORD=pass" -e "POSTGRES_DB=awa" -e GITHUB_ACTIONS=true -e CI=true postgres:15
2025-08-23T22:10:41.7032208Z 4a23e52b1abf872b067c26112f2bfd552fa65d662735e563bae13776311ad5ac
2025-08-23T22:10:41.7056714Z ##[command]/usr/bin/docker start 4a23e52b1abf872b067c26112f2bfd552fa65d662735e563bae13776311ad5ac
2025-08-23T22:10:42.8219687Z 4a23e52b1abf872b067c26112f2bfd552fa65d662735e563bae13776311ad5ac
2025-08-23T22:10:42.8242989Z ##[command]/usr/bin/docker ps --all --filter id=4a23e52b1abf872b067c26112f2bfd552fa65d662735e563bae13776311ad5ac --filter status=running --no-trunc --format "{{.ID}} {{.Status}}"
2025-08-23T22:10:42.8371594Z 4a23e52b1abf872b067c26112f2bfd552fa65d662735e563bae13776311ad5ac Up 1 second (health: starting)
2025-08-23T22:10:42.8394609Z ##[command]/usr/bin/docker port 4a23e52b1abf872b067c26112f2bfd552fa65d662735e563bae13776311ad5ac
2025-08-23T22:10:42.8516564Z 5432/tcp -> 0.0.0.0:5432
2025-08-23T22:10:42.8516990Z 5432/tcp -> [::]:5432
2025-08-23T22:10:42.8566763Z ##[endgroup]
2025-08-23T22:10:42.8568107Z ##[group]Starting redis service container
2025-08-23T22:10:42.8569315Z ##[command]/usr/bin/docker pull redis:7-alpine
2025-08-23T22:10:43.0170864Z 7-alpine: Pulling from library/redis
2025-08-23T22:10:43.0695405Z 0368fd46e3c6: Pulling fs layer
2025-08-23T22:10:43.0696156Z 4c55286bbede: Pulling fs layer
2025-08-23T22:10:43.0696551Z 5e28347af205: Pulling fs layer
2025-08-23T22:10:43.0696915Z 311eca34042e: Pulling fs layer
2025-08-23T22:10:43.0697312Z e6fe6f07e192: Pulling fs layer
2025-08-23T22:10:43.0697903Z a2cadbfeca72: Pulling fs layer
2025-08-23T22:10:43.0698305Z 4f4fb700ef54: Pulling fs layer
2025-08-23T22:10:43.0698674Z a976ed7e7808: Pulling fs layer
2025-08-23T22:10:43.0699035Z 4f4fb700ef54: Waiting
2025-08-23T22:10:43.0699363Z 311eca34042e: Waiting
2025-08-23T22:10:43.0699686Z e6fe6f07e192: Waiting
2025-08-23T22:10:43.0700016Z a2cadbfeca72: Waiting
2025-08-23T22:10:43.0700308Z a976ed7e7808: Waiting
2025-08-23T22:10:43.2352039Z 5e28347af205: Verifying Checksum
2025-08-23T22:10:43.2352990Z 5e28347af205: Download complete
2025-08-23T22:10:43.2604531Z 4c55286bbede: Verifying Checksum
2025-08-23T22:10:43.2605052Z 4c55286bbede: Download complete
2025-08-23T22:10:43.4047372Z 311eca34042e: Verifying Checksum
2025-08-23T22:10:43.4056340Z 311eca34042e: Download complete
2025-08-23T22:10:43.4170307Z 0368fd46e3c6: Verifying Checksum
2025-08-23T22:10:43.4171326Z 0368fd46e3c6: Download complete
2025-08-23T22:10:43.5157180Z a2cadbfeca72: Verifying Checksum
2025-08-23T22:10:43.5157828Z a2cadbfeca72: Download complete
2025-08-23T22:10:43.5238870Z 4f4fb700ef54: Verifying Checksum
2025-08-23T22:10:43.5239560Z 4f4fb700ef54: Download complete
2025-08-23T22:10:43.5515053Z 0368fd46e3c6: Pull complete
2025-08-23T22:10:43.5732884Z 4c55286bbede: Pull complete
2025-08-23T22:10:43.6881878Z a976ed7e7808: Verifying Checksum
2025-08-23T22:10:43.6882224Z a976ed7e7808: Download complete
2025-08-23T22:10:43.6915629Z e6fe6f07e192: Verifying Checksum
2025-08-23T22:10:43.6915941Z e6fe6f07e192: Download complete
2025-08-23T22:10:43.7787484Z 5e28347af205: Pull complete
2025-08-23T22:10:43.8084399Z 311eca34042e: Pull complete
2025-08-23T22:10:43.9913664Z e6fe6f07e192: Pull complete
2025-08-23T22:10:44.0003632Z a2cadbfeca72: Pull complete
2025-08-23T22:10:44.0087758Z 4f4fb700ef54: Pull complete
2025-08-23T22:10:44.0184639Z a976ed7e7808: Pull complete
2025-08-23T22:10:44.0220486Z Digest: sha256:bb186d083732f669da90be8b0f975a37812b15e913465bb14d845db72a4e3e08
2025-08-23T22:10:44.0230768Z Status: Downloaded newer image for redis:7-alpine
2025-08-23T22:10:44.0238500Z docker.io/library/redis:7-alpine
2025-08-23T22:10:44.0255868Z ##[command]/usr/bin/docker create --name a3b95fa6be0a44b69d261008550b4b30_redis7alpine_e2ea59 --label 62b564 --network github_network_e9ff799ad4924796909d8b5047cce7ee --network-alias redis -p 6379:6379  -e GITHUB_ACTIONS=true -e CI=true redis:7-alpine
2025-08-23T22:10:44.0486217Z 98aae43f02a8a3ada3577dee76f1030b87df3d1882e27d40e45202531117220c
2025-08-23T22:10:44.0501563Z ##[command]/usr/bin/docker start 98aae43f02a8a3ada3577dee76f1030b87df3d1882e27d40e45202531117220c
2025-08-23T22:10:44.1859665Z 98aae43f02a8a3ada3577dee76f1030b87df3d1882e27d40e45202531117220c
2025-08-23T22:10:44.1876217Z ##[command]/usr/bin/docker ps --all --filter id=98aae43f02a8a3ada3577dee76f1030b87df3d1882e27d40e45202531117220c --filter status=running --no-trunc --format "{{.ID}} {{.Status}}"
2025-08-23T22:10:44.2004133Z 98aae43f02a8a3ada3577dee76f1030b87df3d1882e27d40e45202531117220c Up Less than a second
2025-08-23T22:10:44.2019480Z ##[command]/usr/bin/docker port 98aae43f02a8a3ada3577dee76f1030b87df3d1882e27d40e45202531117220c
2025-08-23T22:10:44.2132094Z 6379/tcp -> 0.0.0.0:6379
2025-08-23T22:10:44.2132491Z 6379/tcp -> [::]:6379
2025-08-23T22:10:44.2146640Z ##[endgroup]
2025-08-23T22:10:44.2158208Z ##[group]Waiting for all services to be ready
2025-08-23T22:10:44.2171636Z ##[command]/usr/bin/docker inspect --format="{{if .Config.Healthcheck}}{{print .State.Health.Status}}{{end}}" 4a23e52b1abf872b067c26112f2bfd552fa65d662735e563bae13776311ad5ac
2025-08-23T22:10:44.2288620Z starting
2025-08-23T22:10:44.2310654Z postgres service is starting, waiting 2 seconds before checking again.
2025-08-23T22:10:46.2310119Z ##[command]/usr/bin/docker inspect --format="{{if .Config.Healthcheck}}{{print .State.Health.Status}}{{end}}" 4a23e52b1abf872b067c26112f2bfd552fa65d662735e563bae13776311ad5ac
2025-08-23T22:10:46.2429713Z starting
2025-08-23T22:10:46.2443774Z postgres service is starting, waiting 4 seconds before checking again.
2025-08-23T22:10:50.3185880Z ##[command]/usr/bin/docker inspect --format="{{if .Config.Healthcheck}}{{print .State.Health.Status}}{{end}}" 4a23e52b1abf872b067c26112f2bfd552fa65d662735e563bae13776311ad5ac
2025-08-23T22:10:50.3306973Z healthy
2025-08-23T22:10:50.3323538Z postgres service is healthy.
2025-08-23T22:10:50.3324283Z ##[command]/usr/bin/docker inspect --format="{{if .Config.Healthcheck}}{{print .State.Health.Status}}{{end}}" 98aae43f02a8a3ada3577dee76f1030b87df3d1882e27d40e45202531117220c
2025-08-23T22:10:50.3445560Z redis service is healthy.
2025-08-23T22:10:50.3446147Z ##[endgroup]
2025-08-23T22:10:50.3691644Z ##[group]Run actions/checkout@v5
2025-08-23T22:10:50.3692167Z with:
2025-08-23T22:10:50.3692353Z   fetch-depth: 0
2025-08-23T22:10:50.3692560Z   repository: AlexBomber12/AWA-App
2025-08-23T22:10:50.3692925Z   token: ***
2025-08-23T22:10:50.3693105Z   ssh-strict: true
2025-08-23T22:10:50.3693287Z   ssh-user: git
2025-08-23T22:10:50.3693468Z   persist-credentials: true
2025-08-23T22:10:50.3693696Z   clean: true
2025-08-23T22:10:50.3693884Z   sparse-checkout-cone-mode: true
2025-08-23T22:10:50.3694106Z   fetch-tags: false
2025-08-23T22:10:50.3694291Z   show-progress: true
2025-08-23T22:10:50.3694466Z   lfs: false
2025-08-23T22:10:50.3694627Z   submodules: false
2025-08-23T22:10:50.3694804Z   set-safe-directory: true
2025-08-23T22:10:50.3695180Z env:
2025-08-23T22:10:50.3695394Z   REDIS_URL: redis://localhost:6379/0
2025-08-23T22:10:50.3695670Z   RATE_LIMIT_DEFAULT: 100/minute
2025-08-23T22:10:50.3695884Z   TRUST_X_FORWARDED: 1
2025-08-23T22:10:50.3696074Z ##[endgroup]
2025-08-23T22:10:50.4586679Z Syncing repository: AlexBomber12/AWA-App
2025-08-23T22:10:50.4588228Z ##[group]Getting Git version info
2025-08-23T22:10:50.4588588Z Working directory is '/home/runner/work/AWA-App/AWA-App'
2025-08-23T22:10:50.4589090Z [command]/usr/bin/git version
2025-08-23T22:10:50.4620769Z git version 2.51.0
2025-08-23T22:10:50.4640092Z ##[endgroup]
2025-08-23T22:10:50.4653906Z Temporarily overriding HOME='/home/runner/work/_temp/25a7edfe-358e-4365-9928-b098f20ba528' before making global git config changes
2025-08-23T22:10:50.4655098Z Adding repository directory to the temporary git global config as a safe directory
2025-08-23T22:10:50.4659919Z [command]/usr/bin/git config --global --add safe.directory /home/runner/work/AWA-App/AWA-App
2025-08-23T22:10:50.4693315Z Deleting the contents of '/home/runner/work/AWA-App/AWA-App'
2025-08-23T22:10:50.4696816Z ##[group]Initializing the repository
2025-08-23T22:10:50.4701546Z [command]/usr/bin/git init /home/runner/work/AWA-App/AWA-App
2025-08-23T22:10:50.4765073Z hint: Using 'master' as the name for the initial branch. This default branch name
2025-08-23T22:10:50.4765918Z hint: is subject to change. To configure the initial branch name to use in all
2025-08-23T22:10:50.4766463Z hint: of your new repositories, which will suppress this warning, call:
2025-08-23T22:10:50.4766778Z hint:
2025-08-23T22:10:50.4767024Z hint: 	git config --global init.defaultBranch <name>
2025-08-23T22:10:50.4767304Z hint:
2025-08-23T22:10:50.4767575Z hint: Names commonly chosen instead of 'master' are 'main', 'trunk' and
2025-08-23T22:10:50.4768261Z hint: 'development'. The just-created branch can be renamed via this command:
2025-08-23T22:10:50.4768592Z hint:
2025-08-23T22:10:50.4768767Z hint: 	git branch -m <name>
2025-08-23T22:10:50.4768961Z hint:
2025-08-23T22:10:50.4769245Z hint: Disable this message with "git config set advice.defaultBranchName false"
2025-08-23T22:10:50.4822573Z Initialized empty Git repository in /home/runner/work/AWA-App/AWA-App/.git/
2025-08-23T22:10:50.4834729Z [command]/usr/bin/git remote add origin https://github.com/AlexBomber12/AWA-App
2025-08-23T22:10:50.4867455Z ##[endgroup]
2025-08-23T22:10:50.4868228Z ##[group]Disabling automatic garbage collection
2025-08-23T22:10:50.4872173Z [command]/usr/bin/git config --local gc.auto 0
2025-08-23T22:10:50.4899625Z ##[endgroup]
2025-08-23T22:10:50.4900200Z ##[group]Setting up auth
2025-08-23T22:10:50.4906912Z [command]/usr/bin/git config --local --name-only --get-regexp core\.sshCommand
2025-08-23T22:10:50.4936445Z [command]/usr/bin/git submodule foreach --recursive sh -c "git config --local --name-only --get-regexp 'core\.sshCommand' && git config --local --unset-all 'core.sshCommand' || :"
2025-08-23T22:10:50.5213548Z [command]/usr/bin/git config --local --name-only --get-regexp http\.https\:\/\/github\.com\/\.extraheader
2025-08-23T22:10:50.5242774Z [command]/usr/bin/git submodule foreach --recursive sh -c "git config --local --name-only --get-regexp 'http\.https\:\/\/github\.com\/\.extraheader' && git config --local --unset-all 'http.https://github.com/.extraheader' || :"
2025-08-23T22:10:50.5458986Z [command]/usr/bin/git config --local http.https://github.com/.extraheader AUTHORIZATION: basic ***
2025-08-23T22:10:50.5493692Z ##[endgroup]
2025-08-23T22:10:50.5494201Z ##[group]Fetching the repository
2025-08-23T22:10:50.5503396Z [command]/usr/bin/git -c protocol.version=2 fetch --prune --no-recurse-submodules origin +refs/heads/*:refs/remotes/origin/* +refs/tags/*:refs/tags/* +2d81c44daba18e3ed57a22eb8d1d39f21f4c9d54:refs/remotes/pull/356/merge
2025-08-23T22:10:53.5937443Z From https://github.com/AlexBomber12/AWA-App
2025-08-23T22:10:53.5938503Z  * [new branch]        codex/analyze-ci-logs-and-fix-failures   -> origin/codex/analyze-ci-logs-and-fix-failures
2025-08-23T22:10:53.5939613Z  * [new branch]        codex/fix-ci-workflows-to-pass-all-tests -> origin/codex/fix-ci-workflows-to-pass-all-tests
2025-08-23T22:10:53.5940745Z  * [new branch]        codex/fix-ci-workflows-to-pass-tests     -> origin/codex/fix-ci-workflows-to-pass-tests
2025-08-23T22:10:53.5941723Z  * [new branch]        codex/fix-ci-workflows-until-green       -> origin/codex/fix-ci-workflows-until-green
2025-08-23T22:10:53.5942349Z  * [new branch]        codex/implement-targeted-ci-fixes        -> origin/codex/implement-targeted-ci-fixes
2025-08-23T22:10:53.5943030Z  * [new branch]        codex/implement-targeted-ci-fixes-for-success -> origin/codex/implement-targeted-ci-fixes-for-success
2025-08-23T22:10:53.5943821Z  * [new branch]        main                                     -> origin/main
2025-08-23T22:10:53.5944161Z  * [new tag]           0.3.0                                    -> 0.3.0
2025-08-23T22:10:53.5944528Z  * [new ref]           2d81c44daba18e3ed57a22eb8d1d39f21f4c9d54 -> pull/356/merge
2025-08-23T22:10:53.5984426Z ##[endgroup]
2025-08-23T22:10:53.5985213Z ##[group]Determining the checkout info
2025-08-23T22:10:53.5986068Z ##[endgroup]
2025-08-23T22:10:53.5993020Z [command]/usr/bin/git sparse-checkout disable
2025-08-23T22:10:53.6032044Z [command]/usr/bin/git config --local --unset-all extensions.worktreeConfig
2025-08-23T22:10:53.6058002Z ##[group]Checking out the ref
2025-08-23T22:10:53.6062405Z [command]/usr/bin/git checkout --progress --force refs/remotes/pull/356/merge
2025-08-23T22:10:53.6395639Z Note: switching to 'refs/remotes/pull/356/merge'.
2025-08-23T22:10:53.6396046Z 
2025-08-23T22:10:53.6396375Z You are in 'detached HEAD' state. You can look around, make experimental
2025-08-23T22:10:53.6397122Z changes and commit them, and you can discard any commits you make in this
2025-08-23T22:10:53.6398044Z state without impacting any branches by switching back to a branch.
2025-08-23T22:10:53.6398456Z 
2025-08-23T22:10:53.6398836Z If you want to create a new branch to retain commits you create, you may
2025-08-23T22:10:53.6399486Z do so (now or later) by using -c with the switch command. Example:
2025-08-23T22:10:53.6399853Z 
2025-08-23T22:10:53.6400012Z   git switch -c <new-branch-name>
2025-08-23T22:10:53.6400263Z 
2025-08-23T22:10:53.6400419Z Or undo this operation with:
2025-08-23T22:10:53.6400656Z 
2025-08-23T22:10:53.6400781Z   git switch -
2025-08-23T22:10:53.6400956Z 
2025-08-23T22:10:53.6401290Z Turn off this advice by setting config variable advice.detachedHead to false
2025-08-23T22:10:53.6401782Z 
2025-08-23T22:10:53.6402321Z HEAD is now at 2d81c44d Merge 6d9069f2c41f5ca613f1566fabaf7787c7a1cc4f into 3462b2566f5bee4cea52f6dec64789b7e07c2d0e
2025-08-23T22:10:53.6410391Z ##[endgroup]
2025-08-23T22:10:53.6452175Z [command]/usr/bin/git log -1 --format=%H
2025-08-23T22:10:53.6475430Z 2d81c44daba18e3ed57a22eb8d1d39f21f4c9d54
2025-08-23T22:10:53.6666934Z ##[group]Run cat .env.ci >> "$GITHUB_ENV"
2025-08-23T22:10:53.6667274Z [36;1mcat .env.ci >> "$GITHUB_ENV"[0m
2025-08-23T22:10:53.6668095Z [36;1mecho "DATABASE_URL=***localhost:5432/awa" >> "$GITHUB_ENV"[0m
2025-08-23T22:10:53.6668444Z [36;1mecho "PG_HOST=localhost" >> "$GITHUB_ENV"[0m
2025-08-23T22:10:53.6668727Z [36;1mecho "PG_PORT=5432" >> "$GITHUB_ENV"[0m
2025-08-23T22:10:53.6668999Z [36;1mecho "PG_USER=postgres" >> "$GITHUB_ENV"[0m
2025-08-23T22:10:53.6669272Z [36;1mecho "PG_PASSWORD=pass" >> "$GITHUB_ENV"[0m
2025-08-23T22:10:53.6669547Z [36;1mecho "PG_DATABASE=awa" >> "$GITHUB_ENV"[0m
2025-08-23T22:10:53.6669813Z [36;1mecho "TESTING=1" >> "$GITHUB_ENV"[0m
2025-08-23T22:10:53.6713823Z shell: /usr/bin/bash -e {0}
2025-08-23T22:10:53.6714051Z env:
2025-08-23T22:10:53.6714258Z   REDIS_URL: redis://localhost:6379/0
2025-08-23T22:10:53.6714512Z   RATE_LIMIT_DEFAULT: 100/minute
2025-08-23T22:10:53.6714733Z   TRUST_X_FORWARDED: 1
2025-08-23T22:10:53.6714936Z ##[endgroup]
2025-08-23T22:10:53.6871427Z ##[group]Run actions/setup-python@v5
2025-08-23T22:10:53.6871712Z with:
2025-08-23T22:10:53.6871887Z   python-version: 3.12
2025-08-23T22:10:53.6872085Z   cache: pip
2025-08-23T22:10:53.6872856Z   cache-dependency-path: requirements-dev.txt
services/etl/requirements.txt
services/api/requirements.txt
services/repricer/requirements.txt
services/fees_h10/requirements.txt
services/alert_bot/requirements.txt

2025-08-23T22:10:53.6873680Z   check-latest: false
2025-08-23T22:10:53.6874038Z   token: ***
2025-08-23T22:10:53.6874225Z   update-environment: true
2025-08-23T22:10:53.6874443Z   allow-prereleases: false
2025-08-23T22:10:53.6874640Z   freethreaded: false
2025-08-23T22:10:53.6874830Z env:
2025-08-23T22:10:53.6875010Z   REDIS_URL: redis://localhost:6379/0
2025-08-23T22:10:53.6875457Z   RATE_LIMIT_DEFAULT: 100/minute
2025-08-23T22:10:53.6875676Z   TRUST_X_FORWARDED: 1
2025-08-23T22:10:53.6875862Z   PG_USER: postgres
2025-08-23T22:10:53.6876042Z   PG_PASSWORD: pass
2025-08-23T22:10:53.6876240Z   PG_DATABASE: awa
2025-08-23T22:10:53.6876412Z   PG_HOST: localhost
2025-08-23T22:10:53.6876590Z   PG_PORT: 5432
2025-08-23T22:10:53.6876959Z   PG_SYNC_DSN: ***localhost:5432/awa
2025-08-23T22:10:53.6877349Z   PG_ASYNC_DSN: ***localhost:5432/awa
2025-08-23T22:10:53.6877976Z   DATABASE_URL: ***localhost:5432/awa
2025-08-23T22:10:53.6878207Z   DATA_DIR: /tmp/awa-data
2025-08-23T22:10:53.6878391Z   ENABLE_LIVE: 0
2025-08-23T22:10:53.6878554Z   TESTING: 1
2025-08-23T22:10:53.6878708Z ##[endgroup]
2025-08-23T22:10:53.8507295Z ##[group]Installed versions
2025-08-23T22:10:53.8621761Z Successfully set up CPython (3.12.11)
2025-08-23T22:10:53.8622267Z ##[endgroup]
2025-08-23T22:10:53.8977004Z [command]/opt/hostedtoolcache/Python/3.12.11/x64/bin/pip cache dir
2025-08-23T22:10:57.2477150Z /home/runner/.cache/pip
2025-08-23T22:10:57.3955610Z Cache hit for: setup-python-Linux-x64-24.04-Ubuntu-python-3.12.11-pip-b5b6d1c49e5c2b3f48d0c0d757e5ca86260a9628cadb47cfb996cbe1a8fdf115
2025-08-23T22:10:58.4421160Z Received 243269632 of 389895199 (62.4%), 231.5 MBs/sec
2025-08-23T22:10:59.0216245Z Received 389895199 of 389895199 (100.0%), 235.0 MBs/sec
2025-08-23T22:10:59.0218257Z Cache Size: ~372 MB (389895199 B)
2025-08-23T22:10:59.0278879Z [command]/usr/bin/tar -xf /home/runner/work/_temp/616a379b-98e5-4cc8-96a4-bf267478b18f/cache.tzst -P -C /home/runner/work/AWA-App/AWA-App --use-compress-program unzstd
2025-08-23T22:10:59.6850270Z Cache restored successfully
2025-08-23T22:10:59.7585307Z Cache restored from key: setup-python-Linux-x64-24.04-Ubuntu-python-3.12.11-pip-b5b6d1c49e5c2b3f48d0c0d757e5ca86260a9628cadb47cfb996cbe1a8fdf115
2025-08-23T22:10:59.8267770Z ##[group]Run actions/cache@v4
2025-08-23T22:10:59.8268070Z with:
2025-08-23T22:10:59.8268312Z   path: ~/.cache/pip
.pytest_cache
~/.ruff_cache

2025-08-23T22:10:59.8268806Z   key: Linux-test-cc13ccef493b9f3a93ad5651164d9fb09282c1111f6f72ce20e0657de16de6b4
2025-08-23T22:10:59.8269247Z   restore-keys: Linux-test-
2025-08-23T22:10:59.8269489Z   enableCrossOsArchive: false
2025-08-23T22:10:59.8269737Z   fail-on-cache-miss: false
2025-08-23T22:10:59.8269968Z   lookup-only: false
2025-08-23T22:10:59.8270170Z   save-always: false
2025-08-23T22:10:59.8270369Z env:
2025-08-23T22:10:59.8270585Z   REDIS_URL: redis://localhost:6379/0
2025-08-23T22:10:59.8270862Z   RATE_LIMIT_DEFAULT: 100/minute
2025-08-23T22:10:59.8271105Z   TRUST_X_FORWARDED: 1
2025-08-23T22:10:59.8271319Z   PG_USER: postgres
2025-08-23T22:10:59.8271519Z   PG_PASSWORD: pass
2025-08-23T22:10:59.8271722Z   PG_DATABASE: awa
2025-08-23T22:10:59.8271928Z   PG_HOST: localhost
2025-08-23T22:10:59.8272124Z   PG_PORT: 5432
2025-08-23T22:10:59.8272873Z   PG_SYNC_DSN: ***localhost:5432/awa
2025-08-23T22:10:59.8273365Z   PG_ASYNC_DSN: ***localhost:5432/awa
2025-08-23T22:10:59.8273798Z   DATABASE_URL: ***localhost:5432/awa
2025-08-23T22:10:59.8274069Z   DATA_DIR: /tmp/awa-data
2025-08-23T22:10:59.8274290Z   ENABLE_LIVE: 0
2025-08-23T22:10:59.8274485Z   TESTING: 1
2025-08-23T22:10:59.8274745Z   pythonLocation: /opt/hostedtoolcache/Python/3.12.11/x64
2025-08-23T22:10:59.8275182Z   PKG_CONFIG_PATH: /opt/hostedtoolcache/Python/3.12.11/x64/lib/pkgconfig
2025-08-23T22:10:59.8275615Z   Python_ROOT_DIR: /opt/hostedtoolcache/Python/3.12.11/x64
2025-08-23T22:10:59.8276022Z   Python2_ROOT_DIR: /opt/hostedtoolcache/Python/3.12.11/x64
2025-08-23T22:10:59.8276407Z   Python3_ROOT_DIR: /opt/hostedtoolcache/Python/3.12.11/x64
2025-08-23T22:10:59.8276793Z   LD_LIBRARY_PATH: /opt/hostedtoolcache/Python/3.12.11/x64/lib
2025-08-23T22:10:59.8277120Z ##[endgroup]
2025-08-23T22:11:00.0204309Z Cache hit for: Linux-test-cc13ccef493b9f3a93ad5651164d9fb09282c1111f6f72ce20e0657de16de6b4
2025-08-23T22:11:01.0999181Z Received 222298112 of 376058925 (59.1%), 210.3 MBs/sec
2025-08-23T22:11:01.7841354Z Received 376058925 of 376058925 (100.0%), 211.8 MBs/sec
2025-08-23T22:11:01.7844108Z Cache Size: ~359 MB (376058925 B)
2025-08-23T22:11:01.7908065Z [command]/usr/bin/tar -xf /home/runner/work/_temp/596020f1-3cf5-4fe7-8165-450eaa821da6/cache.tzst -P -C /home/runner/work/AWA-App/AWA-App --use-compress-program unzstd
2025-08-23T22:11:02.4178001Z Cache restored successfully
2025-08-23T22:11:02.4967037Z Cache restored from key: Linux-test-cc13ccef493b9f3a93ad5651164d9fb09282c1111f6f72ce20e0657de16de6b4
2025-08-23T22:11:02.5089757Z ##[group]Run pip install --break-system-packages -r services/etl/requirements.txt
2025-08-23T22:11:02.5090353Z [36;1mpip install --break-system-packages -r services/etl/requirements.txt[0m
2025-08-23T22:11:02.5090870Z [36;1mpip install --break-system-packages -r services/api/requirements.txt[0m
2025-08-23T22:11:02.5091364Z [36;1mpip install --break-system-packages -r services/repricer/requirements.txt[0m
2025-08-23T22:11:02.5091867Z [36;1mpip install --break-system-packages -r services/fees_h10/requirements.txt[0m
2025-08-23T22:11:02.5092374Z [36;1mpip install --break-system-packages -r services/alert_bot/requirements.txt[0m
2025-08-23T22:11:02.5092835Z [36;1mpip install --break-system-packages -r requirements-dev.txt[0m
2025-08-23T22:11:02.5093214Z [36;1mpip install --break-system-packages asyncpg[0m
2025-08-23T22:11:02.5093537Z [36;1mpip install --break-system-packages pytest[0m
2025-08-23T22:11:02.5093939Z [36;1mpip install --break-system-packages keepa==1.3.15 minio==7.1.15[0m
2025-08-23T22:11:02.5136080Z shell: /usr/bin/bash -e {0}
2025-08-23T22:11:02.5136320Z env:
2025-08-23T22:11:02.5136598Z   REDIS_URL: redis://localhost:6379/0
2025-08-23T22:11:02.5136886Z   RATE_LIMIT_DEFAULT: 100/minute
2025-08-23T22:11:02.5137129Z   TRUST_X_FORWARDED: 1
2025-08-23T22:11:02.5137330Z   PG_USER: postgres
2025-08-23T22:11:02.5137532Z   PG_PASSWORD: pass
2025-08-23T22:11:02.5137829Z   PG_DATABASE: awa
2025-08-23T22:11:02.5138018Z   PG_HOST: localhost
2025-08-23T22:11:02.5138212Z   PG_PORT: 5432
2025-08-23T22:11:02.5138650Z   PG_SYNC_DSN: ***localhost:5432/awa
2025-08-23T22:11:02.5139087Z   PG_ASYNC_DSN: ***localhost:5432/awa
2025-08-23T22:11:02.5139486Z   DATABASE_URL: ***localhost:5432/awa
2025-08-23T22:11:02.5139732Z   DATA_DIR: /tmp/awa-data
2025-08-23T22:11:02.5139940Z   ENABLE_LIVE: 0
2025-08-23T22:11:02.5140117Z   TESTING: 1
2025-08-23T22:11:02.5140362Z   pythonLocation: /opt/hostedtoolcache/Python/3.12.11/x64
2025-08-23T22:11:02.5140772Z   PKG_CONFIG_PATH: /opt/hostedtoolcache/Python/3.12.11/x64/lib/pkgconfig
2025-08-23T22:11:02.5141192Z   Python_ROOT_DIR: /opt/hostedtoolcache/Python/3.12.11/x64
2025-08-23T22:11:02.5141549Z   Python2_ROOT_DIR: /opt/hostedtoolcache/Python/3.12.11/x64
2025-08-23T22:11:02.5141905Z   Python3_ROOT_DIR: /opt/hostedtoolcache/Python/3.12.11/x64
2025-08-23T22:11:02.5142264Z   LD_LIBRARY_PATH: /opt/hostedtoolcache/Python/3.12.11/x64/lib
2025-08-23T22:11:02.5142556Z ##[endgroup]
2025-08-23T22:11:04.0992668Z Collecting keepa==1.3.14 (from -r services/etl/requirements.txt (line 1))
2025-08-23T22:11:04.1005497Z   Using cached keepa-1.3.14-py3-none-any.whl.metadata (10 kB)
2025-08-23T22:11:04.2222406Z Collecting minio==7.1.15 (from -r services/etl/requirements.txt (line 2))
2025-08-23T22:11:04.2234002Z   Using cached minio-7.1.15-py3-none-any.whl.metadata (4.2 kB)
2025-08-23T22:11:04.2562656Z Collecting celery==5.3.* (from -r services/etl/requirements.txt (line 3))
2025-08-23T22:11:04.2574070Z   Using cached celery-5.3.6-py3-none-any.whl.metadata (21 kB)
2025-08-23T22:11:04.3118466Z Collecting redis==5.* (from -r services/etl/requirements.txt (line 4))
2025-08-23T22:11:04.3129845Z   Using cached redis-5.3.1-py3-none-any.whl.metadata (9.2 kB)
2025-08-23T22:11:04.3633866Z Collecting python-amazon-sp-api==0.8.0 (from -r services/etl/requirements.txt (line 5))
2025-08-23T22:11:04.3645555Z   Using cached python_amazon_sp_api-0.8.0-py3-none-any.whl.metadata (3.2 kB)
2025-08-23T22:11:04.3865256Z Collecting pydantic-settings==2.2.1 (from -r services/etl/requirements.txt (line 6))
2025-08-23T22:11:04.3877138Z   Using cached pydantic_settings-2.2.1-py3-none-any.whl.metadata (3.1 kB)
2025-08-23T22:11:04.5531100Z Collecting numpy<2 (from -r services/etl/requirements.txt (line 7))
2025-08-23T22:11:04.5544788Z   Using cached numpy-1.26.4-cp312-cp312-manylinux_2_17_x86_64.manylinux2014_x86_64.whl.metadata (61 kB)
2025-08-23T22:11:04.6866660Z Collecting pandas==2.2.* (from -r services/etl/requirements.txt (line 8))
2025-08-23T22:11:04.6880345Z   Using cached pandas-2.2.3-cp312-cp312-manylinux_2_17_x86_64.manylinux2014_x86_64.whl.metadata (89 kB)
2025-08-23T22:11:04.7465420Z Collecting pandera==0.19.* (from -r services/etl/requirements.txt (line 9))
2025-08-23T22:11:04.7476391Z   Using cached pandera-0.19.3-py3-none-any.whl.metadata (15 kB)
2025-08-23T22:11:04.7689524Z Collecting openpyxl==3.1.* (from -r services/etl/requirements.txt (line 10))
2025-08-23T22:11:04.7700652Z   Using cached openpyxl-3.1.5-py2.py3-none-any.whl.metadata (2.5 kB)
2025-08-23T22:11:04.7834304Z Collecting psycopg==3.2.9 (from psycopg[binary]==3.2.9->-r services/etl/requirements.txt (line 11))
2025-08-23T22:11:04.7850017Z   Using cached psycopg-3.2.9-py3-none-any.whl.metadata (4.5 kB)
2025-08-23T22:11:04.8444882Z Collecting psycopg2-binary==2.9.* (from -r services/etl/requirements.txt (line 12))
2025-08-23T22:11:04.8456297Z   Using cached psycopg2_binary-2.9.10-cp312-cp312-manylinux_2_17_x86_64.manylinux2014_x86_64.whl.metadata (4.9 kB)
2025-08-23T22:11:04.8915029Z Collecting sentry-sdk==2.9.0 (from -r services/etl/requirements.txt (line 13))
2025-08-23T22:11:04.8925986Z   Using cached sentry_sdk-2.9.0-py2.py3-none-any.whl.metadata (14 kB)
2025-08-23T22:11:04.9582090Z Collecting requests>=2.2 (from keepa==1.3.14->-r services/etl/requirements.txt (line 1))
2025-08-23T22:11:04.9594104Z   Using cached requests-2.32.5-py3-none-any.whl.metadata (4.9 kB)
2025-08-23T22:11:04.9919365Z Collecting tqdm (from keepa==1.3.14->-r services/etl/requirements.txt (line 1))
2025-08-23T22:11:04.9930920Z   Using cached tqdm-4.67.1-py3-none-any.whl.metadata (57 kB)
2025-08-23T22:11:05.4785476Z Collecting aiohttp (from keepa==1.3.14->-r services/etl/requirements.txt (line 1))
2025-08-23T22:11:05.4798585Z   Using cached aiohttp-3.12.15-cp312-cp312-manylinux_2_17_x86_64.manylinux2014_x86_64.whl.metadata (7.7 kB)
2025-08-23T22:11:05.5949510Z Collecting pydantic (from keepa==1.3.14->-r services/etl/requirements.txt (line 1))
2025-08-23T22:11:05.5962411Z   Using cached pydantic-2.11.7-py3-none-any.whl.metadata (67 kB)
2025-08-23T22:11:05.6163858Z Collecting certifi (from minio==7.1.15->-r services/etl/requirements.txt (line 2))
2025-08-23T22:11:05.6175177Z   Using cached certifi-2025.8.3-py3-none-any.whl.metadata (2.4 kB)
2025-08-23T22:11:05.6392463Z Collecting urllib3 (from minio==7.1.15->-r services/etl/requirements.txt (line 2))
2025-08-23T22:11:05.6403491Z   Using cached urllib3-2.5.0-py3-none-any.whl.metadata (6.5 kB)
2025-08-23T22:11:05.6529633Z Collecting six<2,>=1.15 (from python-amazon-sp-api==0.8.0->-r services/etl/requirements.txt (line 5))
2025-08-23T22:11:05.6540445Z   Using cached six-1.17.0-py2.py3-none-any.whl.metadata (1.7 kB)
2025-08-23T22:11:06.0402898Z Collecting boto3<2,>=1.16.39 (from python-amazon-sp-api==0.8.0->-r services/etl/requirements.txt (line 5))
2025-08-23T22:11:06.0415357Z   Using cached boto3-1.40.16-py3-none-any.whl.metadata (6.7 kB)
2025-08-23T22:11:06.0583880Z Collecting cachetools~=4.2.0 (from python-amazon-sp-api==0.8.0->-r services/etl/requirements.txt (line 5))
2025-08-23T22:11:06.0594889Z   Using cached cachetools-4.2.4-py3-none-any.whl.metadata (4.8 kB)
2025-08-23T22:11:06.1366938Z Collecting pycryptodome (from python-amazon-sp-api==0.8.0->-r services/etl/requirements.txt (line 5))
2025-08-23T22:11:06.1380693Z   Using cached pycryptodome-3.23.0-cp37-abi3-manylinux_2_17_x86_64.manylinux2014_x86_64.whl.metadata (3.4 kB)
2025-08-23T22:11:06.1709060Z Collecting pytz (from python-amazon-sp-api==0.8.0->-r services/etl/requirements.txt (line 5))
2025-08-23T22:11:06.1721528Z   Using cached pytz-2025.2-py2.py3-none-any.whl.metadata (22 kB)
2025-08-23T22:11:06.1821442Z Collecting confuse~=1.4.0 (from python-amazon-sp-api==0.8.0->-r services/etl/requirements.txt (line 5))
2025-08-23T22:11:06.1833159Z   Using cached confuse-1.4.0-py2.py3-none-any.whl.metadata (3.8 kB)
2025-08-23T22:11:06.2075891Z Collecting python-dotenv>=0.21.0 (from pydantic-settings==2.2.1->-r services/etl/requirements.txt (line 6))
2025-08-23T22:11:06.2087335Z   Using cached python_dotenv-1.1.1-py3-none-any.whl.metadata (24 kB)
2025-08-23T22:11:06.2257384Z Collecting typing-extensions>=4.6 (from psycopg==3.2.9->psycopg[binary]==3.2.9->-r services/etl/requirements.txt (line 11))
2025-08-23T22:11:06.2269075Z   Using cached typing_extensions-4.14.1-py3-none-any.whl.metadata (3.0 kB)
2025-08-23T22:11:06.3723992Z Collecting psycopg-binary==3.2.9 (from psycopg[binary]==3.2.9->-r services/etl/requirements.txt (line 11))
2025-08-23T22:11:06.3737242Z   Using cached psycopg_binary-3.2.9-cp312-cp312-manylinux_2_17_x86_64.manylinux2014_x86_64.whl.metadata (2.9 kB)
2025-08-23T22:11:06.3918917Z Collecting billiard<5.0,>=4.2.0 (from celery==5.3.*->-r services/etl/requirements.txt (line 3))
2025-08-23T22:11:06.3930752Z   Using cached billiard-4.2.1-py3-none-any.whl.metadata (4.4 kB)
2025-08-23T22:11:06.4012274Z Collecting click-didyoumean>=0.3.0 (from celery==5.3.*->-r services/etl/requirements.txt (line 3))
2025-08-23T22:11:06.4023367Z   Using cached click_didyoumean-0.3.1-py3-none-any.whl.metadata (3.9 kB)
2025-08-23T22:11:06.4106380Z Collecting click-plugins>=1.1.1 (from celery==5.3.*->-r services/etl/requirements.txt (line 3))
2025-08-23T22:11:06.4117944Z   Using cached click_plugins-1.1.1.2-py2.py3-none-any.whl.metadata (6.5 kB)
2025-08-23T22:11:06.4200007Z Collecting click-repl>=0.2.0 (from celery==5.3.*->-r services/etl/requirements.txt (line 3))
2025-08-23T22:11:06.4211129Z   Using cached click_repl-0.3.0-py3-none-any.whl.metadata (3.6 kB)
2025-08-23T22:11:06.4382190Z Collecting click<9.0,>=8.1.2 (from celery==5.3.*->-r services/etl/requirements.txt (line 3))
2025-08-23T22:11:06.4393876Z   Using cached click-8.2.1-py3-none-any.whl.metadata (2.5 kB)
2025-08-23T22:11:06.4679799Z Collecting kombu<6.0,>=5.3.4 (from celery==5.3.*->-r services/etl/requirements.txt (line 3))
2025-08-23T22:11:06.4691541Z   Using cached kombu-5.5.4-py3-none-any.whl.metadata (3.5 kB)
2025-08-23T22:11:06.4853579Z Collecting python-dateutil>=2.8.2 (from celery==5.3.*->-r services/etl/requirements.txt (line 3))
2025-08-23T22:11:06.4865198Z   Using cached python_dateutil-2.9.0.post0-py2.py3-none-any.whl.metadata (8.4 kB)
2025-08-23T22:11:06.4980488Z Collecting tzdata>=2022.7 (from celery==5.3.*->-r services/etl/requirements.txt (line 3))
2025-08-23T22:11:06.4992025Z   Using cached tzdata-2025.2-py2.py3-none-any.whl.metadata (1.4 kB)
2025-08-23T22:11:06.5080861Z Collecting vine<6.0,>=5.1.0 (from celery==5.3.*->-r services/etl/requirements.txt (line 3))
2025-08-23T22:11:06.5092062Z   Using cached vine-5.1.0-py3-none-any.whl.metadata (2.7 kB)
2025-08-23T22:11:06.5244408Z Collecting PyJWT>=2.9.0 (from redis==5.*->-r services/etl/requirements.txt (line 4))
2025-08-23T22:11:06.5255944Z   Using cached PyJWT-2.10.1-py3-none-any.whl.metadata (4.0 kB)
2025-08-23T22:11:06.5532954Z Collecting multimethod<=1.10.0 (from pandera==0.19.*->-r services/etl/requirements.txt (line 9))
2025-08-23T22:11:06.5545082Z   Using cached multimethod-1.10-py3-none-any.whl.metadata (8.2 kB)
2025-08-23T22:11:06.5750540Z Collecting packaging>=20.0 (from pandera==0.19.*->-r services/etl/requirements.txt (line 9))
2025-08-23T22:11:06.5762129Z   Using cached packaging-25.0-py3-none-any.whl.metadata (3.3 kB)
2025-08-23T22:11:06.6016019Z Collecting typeguard (from pandera==0.19.*->-r services/etl/requirements.txt (line 9))
2025-08-23T22:11:06.6027945Z   Using cached typeguard-4.4.4-py3-none-any.whl.metadata (3.3 kB)
2025-08-23T22:11:06.6116158Z Collecting typing-inspect>=0.6.0 (from pandera==0.19.*->-r services/etl/requirements.txt (line 9))
2025-08-23T22:11:06.6127496Z   Using cached typing_inspect-0.9.0-py3-none-any.whl.metadata (1.5 kB)
2025-08-23T22:11:06.7099158Z Collecting wrapt (from pandera==0.19.*->-r services/etl/requirements.txt (line 9))
2025-08-23T22:11:06.7112850Z   Using cached wrapt-1.17.3-cp312-cp312-manylinux1_x86_64.manylinux_2_28_x86_64.manylinux_2_5_x86_64.whl.metadata (6.4 kB)
2025-08-23T22:11:06.7201443Z Collecting et-xmlfile (from openpyxl==3.1.*->-r services/etl/requirements.txt (line 10))
2025-08-23T22:11:06.7212393Z   Using cached et_xmlfile-2.0.0-py3-none-any.whl.metadata (2.7 kB)
2025-08-23T22:11:07.0902139Z Collecting botocore<1.41.0,>=1.40.16 (from boto3<2,>=1.16.39->python-amazon-sp-api==0.8.0->-r services/etl/requirements.txt (line 5))
2025-08-23T22:11:07.0915738Z   Using cached botocore-1.40.16-py3-none-any.whl.metadata (5.7 kB)
2025-08-23T22:11:07.1038463Z Collecting jmespath<2.0.0,>=0.7.1 (from boto3<2,>=1.16.39->python-amazon-sp-api==0.8.0->-r services/etl/requirements.txt (line 5))
2025-08-23T22:11:07.1049788Z   Using cached jmespath-1.0.1-py3-none-any.whl.metadata (7.6 kB)
2025-08-23T22:11:07.1209005Z Collecting s3transfer<0.14.0,>=0.13.0 (from boto3<2,>=1.16.39->python-amazon-sp-api==0.8.0->-r services/etl/requirements.txt (line 5))
2025-08-23T22:11:07.1220010Z   Using cached s3transfer-0.13.1-py3-none-any.whl.metadata (1.7 kB)
2025-08-23T22:11:07.1697336Z Collecting pyyaml (from confuse~=1.4.0->python-amazon-sp-api==0.8.0->-r services/etl/requirements.txt (line 5))
2025-08-23T22:11:07.1709854Z   Using cached PyYAML-6.0.2-cp312-cp312-manylinux_2_17_x86_64.manylinux2014_x86_64.whl.metadata (2.1 kB)
2025-08-23T22:11:07.1910084Z Collecting amqp<6.0.0,>=5.1.1 (from kombu<6.0,>=5.3.4->celery==5.3.*->-r services/etl/requirements.txt (line 3))
2025-08-23T22:11:07.1921703Z   Using cached amqp-5.3.1-py3-none-any.whl.metadata (8.9 kB)
2025-08-23T22:11:07.3528056Z Collecting prompt-toolkit>=3.0.36 (from click-repl>=0.2.0->celery==5.3.*->-r services/etl/requirements.txt (line 3))
2025-08-23T22:11:07.3540019Z   Using cached prompt_toolkit-3.0.51-py3-none-any.whl.metadata (6.4 kB)
2025-08-23T22:11:07.3673870Z Collecting wcwidth (from prompt-toolkit>=3.0.36->click-repl>=0.2.0->celery==5.3.*->-r services/etl/requirements.txt (line 3))
2025-08-23T22:11:07.3685376Z   Using cached wcwidth-0.2.13-py2.py3-none-any.whl.metadata (14 kB)
2025-08-23T22:11:07.3792318Z Collecting annotated-types>=0.6.0 (from pydantic->keepa==1.3.14->-r services/etl/requirements.txt (line 1))
2025-08-23T22:11:07.3803676Z   Using cached annotated_types-0.7.0-py3-none-any.whl.metadata (15 kB)
2025-08-23T22:11:08.0386718Z Collecting pydantic-core==2.33.2 (from pydantic->keepa==1.3.14->-r services/etl/requirements.txt (line 1))
2025-08-23T22:11:08.0401718Z   Using cached pydantic_core-2.33.2-cp312-cp312-manylinux_2_17_x86_64.manylinux2014_x86_64.whl.metadata (6.8 kB)
2025-08-23T22:11:08.0518784Z Collecting typing-inspection>=0.4.0 (from pydantic->keepa==1.3.14->-r services/etl/requirements.txt (line 1))
2025-08-23T22:11:08.0531462Z   Using cached typing_inspection-0.4.1-py3-none-any.whl.metadata (2.6 kB)
2025-08-23T22:11:08.1410306Z Collecting charset_normalizer<4,>=2 (from requests>=2.2->keepa==1.3.14->-r services/etl/requirements.txt (line 1))
2025-08-23T22:11:08.1425707Z   Using cached charset_normalizer-3.4.3-cp312-cp312-manylinux2014_x86_64.manylinux_2_17_x86_64.manylinux_2_28_x86_64.whl.metadata (36 kB)
2025-08-23T22:11:08.1572694Z Collecting idna<4,>=2.5 (from requests>=2.2->keepa==1.3.14->-r services/etl/requirements.txt (line 1))
2025-08-23T22:11:08.1585441Z   Using cached idna-3.10-py3-none-any.whl.metadata (10 kB)
2025-08-23T22:11:08.1981533Z Collecting mypy-extensions>=0.3.0 (from typing-inspect>=0.6.0->pandera==0.19.*->-r services/etl/requirements.txt (line 9))
2025-08-23T22:11:08.1995987Z   Using cached mypy_extensions-1.1.0-py3-none-any.whl.metadata (1.1 kB)
2025-08-23T22:11:08.2317530Z Collecting aiohappyeyeballs>=2.5.0 (from aiohttp->keepa==1.3.14->-r services/etl/requirements.txt (line 1))
2025-08-23T22:11:08.2329695Z   Using cached aiohappyeyeballs-2.6.1-py3-none-any.whl.metadata (5.9 kB)
2025-08-23T22:11:08.2412949Z Collecting aiosignal>=1.4.0 (from aiohttp->keepa==1.3.14->-r services/etl/requirements.txt (line 1))
2025-08-23T22:11:08.2424944Z   Using cached aiosignal-1.4.0-py3-none-any.whl.metadata (3.7 kB)
2025-08-23T22:11:08.2560899Z Collecting attrs>=17.3.0 (from aiohttp->keepa==1.3.14->-r services/etl/requirements.txt (line 1))
2025-08-23T22:11:08.2573047Z   Using cached attrs-25.3.0-py3-none-any.whl.metadata (10 kB)
2025-08-23T22:11:08.3226220Z Collecting frozenlist>=1.1.1 (from aiohttp->keepa==1.3.14->-r services/etl/requirements.txt (line 1))
2025-08-23T22:11:08.3240315Z   Using cached frozenlist-1.7.0-cp312-cp312-manylinux_2_5_x86_64.manylinux1_x86_64.manylinux_2_17_x86_64.manylinux2014_x86_64.whl.metadata (18 kB)
2025-08-23T22:11:08.6246978Z Collecting multidict<7.0,>=4.5 (from aiohttp->keepa==1.3.14->-r services/etl/requirements.txt (line 1))
2025-08-23T22:11:08.6261141Z   Using cached multidict-6.6.4-cp312-cp312-manylinux2014_x86_64.manylinux_2_17_x86_64.manylinux_2_28_x86_64.whl.metadata (5.3 kB)
2025-08-23T22:11:08.6759384Z Collecting propcache>=0.2.0 (from aiohttp->keepa==1.3.14->-r services/etl/requirements.txt (line 1))
2025-08-23T22:11:08.6773202Z   Using cached propcache-0.3.2-cp312-cp312-manylinux_2_17_x86_64.manylinux2014_x86_64.whl.metadata (12 kB)
2025-08-23T22:11:08.9113065Z Collecting yarl<2.0,>=1.17.0 (from aiohttp->keepa==1.3.14->-r services/etl/requirements.txt (line 1))
2025-08-23T22:11:08.9126646Z   Using cached yarl-1.20.1-cp312-cp312-manylinux_2_17_x86_64.manylinux2014_x86_64.whl.metadata (73 kB)
2025-08-23T22:11:08.9755076Z Using cached keepa-1.3.14-py3-none-any.whl (33 kB)
2025-08-23T22:11:08.9765686Z Using cached minio-7.1.15-py3-none-any.whl (77 kB)
2025-08-23T22:11:08.9777814Z Using cached python_amazon_sp_api-0.8.0-py3-none-any.whl (93 kB)
2025-08-23T22:11:08.9789522Z Using cached pydantic_settings-2.2.1-py3-none-any.whl (13 kB)
2025-08-23T22:11:08.9800788Z Using cached psycopg-3.2.9-py3-none-any.whl (202 kB)
2025-08-23T22:11:08.9813193Z Using cached sentry_sdk-2.9.0-py2.py3-none-any.whl (301 kB)
2025-08-23T22:11:08.9826636Z Using cached psycopg_binary-3.2.9-cp312-cp312-manylinux_2_17_x86_64.manylinux2014_x86_64.whl (4.4 MB)
2025-08-23T22:11:08.9871348Z Using cached celery-5.3.6-py3-none-any.whl (422 kB)
2025-08-23T22:11:08.9885374Z Using cached redis-5.3.1-py3-none-any.whl (272 kB)
2025-08-23T22:11:08.9898904Z Using cached numpy-1.26.4-cp312-cp312-manylinux_2_17_x86_64.manylinux2014_x86_64.whl (18.0 MB)
2025-08-23T22:11:09.0048443Z Using cached pandas-2.2.3-cp312-cp312-manylinux_2_17_x86_64.manylinux2014_x86_64.whl (12.7 MB)
2025-08-23T22:11:09.0153537Z Using cached pandera-0.19.3-py3-none-any.whl (251 kB)
2025-08-23T22:11:09.0166187Z Using cached openpyxl-3.1.5-py2.py3-none-any.whl (250 kB)
2025-08-23T22:11:09.0179234Z Using cached psycopg2_binary-2.9.10-cp312-cp312-manylinux_2_17_x86_64.manylinux2014_x86_64.whl (3.0 MB)
2025-08-23T22:11:09.0212314Z Using cached billiard-4.2.1-py3-none-any.whl (86 kB)
2025-08-23T22:11:09.0224123Z Using cached boto3-1.40.16-py3-none-any.whl (140 kB)
2025-08-23T22:11:09.0236000Z Using cached botocore-1.40.16-py3-none-any.whl (14.0 MB)
2025-08-23T22:11:09.0349543Z Using cached cachetools-4.2.4-py3-none-any.whl (10 kB)
2025-08-23T22:11:09.0360654Z Using cached click-8.2.1-py3-none-any.whl (102 kB)
2025-08-23T22:11:09.0372311Z Using cached confuse-1.4.0-py2.py3-none-any.whl (21 kB)
2025-08-23T22:11:09.0383393Z Using cached jmespath-1.0.1-py3-none-any.whl (20 kB)
2025-08-23T22:11:09.0394278Z Using cached kombu-5.5.4-py3-none-any.whl (210 kB)
2025-08-23T22:11:09.0406497Z Using cached vine-5.1.0-py3-none-any.whl (9.6 kB)
2025-08-23T22:11:09.0418386Z Using cached amqp-5.3.1-py3-none-any.whl (50 kB)
2025-08-23T22:11:09.0429359Z Using cached multimethod-1.10-py3-none-any.whl (9.9 kB)
2025-08-23T22:11:09.0440133Z Using cached python_dateutil-2.9.0.post0-py2.py3-none-any.whl (229 kB)
2025-08-23T22:11:09.0452210Z Using cached s3transfer-0.13.1-py3-none-any.whl (85 kB)
2025-08-23T22:11:09.0463267Z Using cached six-1.17.0-py2.py3-none-any.whl (11 kB)
2025-08-23T22:11:09.0473936Z Using cached urllib3-2.5.0-py3-none-any.whl (129 kB)
2025-08-23T22:11:09.0485295Z Using cached click_didyoumean-0.3.1-py3-none-any.whl (3.6 kB)
2025-08-23T22:11:09.0495665Z Using cached click_plugins-1.1.1.2-py2.py3-none-any.whl (11 kB)
2025-08-23T22:11:09.0506084Z Using cached click_repl-0.3.0-py3-none-any.whl (10 kB)
2025-08-23T22:11:09.0516724Z Using cached packaging-25.0-py3-none-any.whl (66 kB)
2025-08-23T22:11:09.0528044Z Using cached prompt_toolkit-3.0.51-py3-none-any.whl (387 kB)
2025-08-23T22:11:09.0541858Z Using cached pydantic-2.11.7-py3-none-any.whl (444 kB)
2025-08-23T22:11:09.0555893Z Using cached pydantic_core-2.33.2-cp312-cp312-manylinux_2_17_x86_64.manylinux2014_x86_64.whl (2.0 MB)
2025-08-23T22:11:09.0581498Z Using cached annotated_types-0.7.0-py3-none-any.whl (13 kB)
2025-08-23T22:11:09.0591952Z Using cached PyJWT-2.10.1-py3-none-any.whl (22 kB)
2025-08-23T22:11:09.0602563Z Using cached python_dotenv-1.1.1-py3-none-any.whl (20 kB)
2025-08-23T22:11:09.0613227Z Using cached pytz-2025.2-py2.py3-none-any.whl (509 kB)
2025-08-23T22:11:09.0627219Z Using cached requests-2.32.5-py3-none-any.whl (64 kB)
2025-08-23T22:11:09.0638771Z Using cached charset_normalizer-3.4.3-cp312-cp312-manylinux2014_x86_64.manylinux_2_17_x86_64.manylinux_2_28_x86_64.whl (151 kB)
2025-08-23T22:11:09.0650314Z Using cached idna-3.10-py3-none-any.whl (70 kB)
2025-08-23T22:11:09.0661316Z Using cached certifi-2025.8.3-py3-none-any.whl (161 kB)
2025-08-23T22:11:09.0673533Z Using cached typing_extensions-4.14.1-py3-none-any.whl (43 kB)
2025-08-23T22:11:09.0684335Z Using cached typing_inspect-0.9.0-py3-none-any.whl (8.8 kB)
2025-08-23T22:11:09.0694811Z Using cached mypy_extensions-1.1.0-py3-none-any.whl (5.0 kB)
2025-08-23T22:11:09.0705267Z Using cached typing_inspection-0.4.1-py3-none-any.whl (14 kB)
2025-08-23T22:11:09.0772477Z Using cached tzdata-2025.2-py2.py3-none-any.whl (347 kB)
2025-08-23T22:11:09.0773567Z Using cached aiohttp-3.12.15-cp312-cp312-manylinux_2_17_x86_64.manylinux2014_x86_64.whl (1.7 MB)
2025-08-23T22:11:09.0774802Z Using cached multidict-6.6.4-cp312-cp312-manylinux2014_x86_64.manylinux_2_17_x86_64.manylinux_2_28_x86_64.whl (256 kB)
2025-08-23T22:11:09.0775891Z Using cached yarl-1.20.1-cp312-cp312-manylinux_2_17_x86_64.manylinux2014_x86_64.whl (355 kB)
2025-08-23T22:11:09.0779142Z Using cached aiohappyeyeballs-2.6.1-py3-none-any.whl (15 kB)
2025-08-23T22:11:09.0789635Z Using cached aiosignal-1.4.0-py3-none-any.whl (7.5 kB)
2025-08-23T22:11:09.0800235Z Using cached attrs-25.3.0-py3-none-any.whl (63 kB)
2025-08-23T22:11:09.0811731Z Using cached frozenlist-1.7.0-cp312-cp312-manylinux_2_5_x86_64.manylinux1_x86_64.manylinux_2_17_x86_64.manylinux2014_x86_64.whl (241 kB)
2025-08-23T22:11:09.0823766Z Using cached propcache-0.3.2-cp312-cp312-manylinux_2_17_x86_64.manylinux2014_x86_64.whl (224 kB)
2025-08-23T22:11:09.0836426Z Using cached et_xmlfile-2.0.0-py3-none-any.whl (18 kB)
2025-08-23T22:11:09.0847483Z Using cached pycryptodome-3.23.0-cp37-abi3-manylinux_2_17_x86_64.manylinux2014_x86_64.whl (2.3 MB)
2025-08-23T22:11:09.0876018Z Using cached PyYAML-6.0.2-cp312-cp312-manylinux_2_17_x86_64.manylinux2014_x86_64.whl (767 kB)
2025-08-23T22:11:09.0892102Z Using cached tqdm-4.67.1-py3-none-any.whl (78 kB)
2025-08-23T22:11:09.0903161Z Using cached typeguard-4.4.4-py3-none-any.whl (34 kB)
2025-08-23T22:11:09.0913816Z Using cached wcwidth-0.2.13-py2.py3-none-any.whl (34 kB)
2025-08-23T22:11:09.0924802Z Using cached wrapt-1.17.3-cp312-cp312-manylinux1_x86_64.manylinux_2_28_x86_64.manylinux_2_5_x86_64.whl (88 kB)
2025-08-23T22:11:09.3662917Z Installing collected packages: wcwidth, pytz, wrapt, vine, urllib3, tzdata, typing-extensions, tqdm, six, pyyaml, python-dotenv, PyJWT, pycryptodome, psycopg2-binary, psycopg-binary, propcache, prompt-toolkit, packaging, numpy, mypy-extensions, multimethod, multidict, jmespath, idna, frozenlist, et-xmlfile, click, charset_normalizer, certifi, cachetools, billiard, attrs, annotated-types, aiohappyeyeballs, yarl, typing-inspection, typing-inspect, typeguard, sentry-sdk, requests, redis, python-dateutil, pydantic-core, psycopg, openpyxl, minio, confuse, click-repl, click-plugins, click-didyoumean, amqp, aiosignal, pydantic, pandas, kombu, botocore, aiohttp, s3transfer, pydantic-settings, pandera, keepa, celery, boto3, python-amazon-sp-api
2025-08-23T22:11:21.5923307Z 
2025-08-23T22:11:21.5986042Z Successfully installed PyJWT-2.10.1 aiohappyeyeballs-2.6.1 aiohttp-3.12.15 aiosignal-1.4.0 amqp-5.3.1 annotated-types-0.7.0 attrs-25.3.0 billiard-4.2.1 boto3-1.40.16 botocore-1.40.16 cachetools-4.2.4 celery-5.3.6 certifi-2025.8.3 charset_normalizer-3.4.3 click-8.2.1 click-didyoumean-0.3.1 click-plugins-1.1.1.2 click-repl-0.3.0 confuse-1.4.0 et-xmlfile-2.0.0 frozenlist-1.7.0 idna-3.10 jmespath-1.0.1 keepa-1.3.14 kombu-5.5.4 minio-7.1.15 multidict-6.6.4 multimethod-1.10 mypy-extensions-1.1.0 numpy-1.26.4 openpyxl-3.1.5 packaging-25.0 pandas-2.2.3 pandera-0.19.3 prompt-toolkit-3.0.51 propcache-0.3.2 psycopg-3.2.9 psycopg-binary-3.2.9 psycopg2-binary-2.9.10 pycryptodome-3.23.0 pydantic-2.11.7 pydantic-core-2.33.2 pydantic-settings-2.2.1 python-amazon-sp-api-0.8.0 python-dateutil-2.9.0.post0 python-dotenv-1.1.1 pytz-2025.2 pyyaml-6.0.2 redis-5.3.1 requests-2.32.5 s3transfer-0.13.1 sentry-sdk-2.9.0 six-1.17.0 tqdm-4.67.1 typeguard-4.4.4 typing-extensions-4.14.1 typing-inspect-0.9.0 typing-inspection-0.4.1 tzdata-2025.2 urllib3-2.5.0 vine-5.1.0 wcwidth-0.2.13 wrapt-1.17.3 yarl-1.20.1
2025-08-23T22:11:22.5959724Z Collecting uvicorn==0.29.0 (from -r services/api/requirements.txt (line 1))
2025-08-23T22:11:22.5972173Z   Using cached uvicorn-0.29.0-py3-none-any.whl.metadata (6.3 kB)
2025-08-23T22:11:22.6008078Z Requirement already satisfied: pydantic-settings==2.2.1 in /opt/hostedtoolcache/Python/3.12.11/x64/lib/python3.12/site-packages (from -r services/api/requirements.txt (line 2)) (2.2.1)
2025-08-23T22:11:22.6376072Z Collecting fastapi==0.111.0 (from -r services/api/requirements.txt (line 3))
2025-08-23T22:11:22.6387562Z   Using cached fastapi-0.111.0-py3-none-any.whl.metadata (25 kB)
2025-08-23T22:11:22.9078725Z Collecting sqlalchemy==2.0.29 (from -r services/api/requirements.txt (line 4))
2025-08-23T22:11:22.9092277Z   Using cached SQLAlchemy-2.0.29-cp312-cp312-manylinux_2_17_x86_64.manylinux2014_x86_64.whl.metadata (9.6 kB)
2025-08-23T22:11:22.9359013Z Collecting alembic==1.13.1 (from -r services/api/requirements.txt (line 5))
2025-08-23T22:11:22.9370246Z   Using cached alembic-1.13.1-py3-none-any.whl.metadata (7.4 kB)
2025-08-23T22:11:22.9395277Z Requirement already satisfied: psycopg==3.2.9 in /opt/hostedtoolcache/Python/3.12.11/x64/lib/python3.12/site-packages (from psycopg[binary]==3.2.9->-r services/api/requirements.txt (line 6)) (3.2.9)
2025-08-23T22:11:22.9542402Z Collecting httpx==0.27.2 (from -r services/api/requirements.txt (line 7))
2025-08-23T22:11:22.9554416Z   Using cached httpx-0.27.2-py3-none-any.whl.metadata (7.1 kB)
2025-08-23T22:11:22.9938353Z Collecting asyncpg==0.29.0 (from -r services/api/requirements.txt (line 8))
2025-08-23T22:11:22.9951470Z   Using cached asyncpg-0.29.0-cp312-cp312-manylinux_2_17_x86_64.manylinux2014_x86_64.whl.metadata (4.4 kB)
2025-08-23T22:11:23.2567516Z Collecting boto3==1.34.162 (from -r services/api/requirements.txt (line 9))
2025-08-23T22:11:23.2581011Z   Using cached boto3-1.34.162-py3-none-any.whl.metadata (6.6 kB)
2025-08-23T22:11:23.2720419Z Collecting Jinja2==3.1.5 (from -r services/api/requirements.txt (line 10))
2025-08-23T22:11:23.2731525Z   Using cached jinja2-3.1.5-py3-none-any.whl.metadata (2.6 kB)
2025-08-23T22:11:23.2750456Z Requirement already satisfied: celery==5.3.* in /opt/hostedtoolcache/Python/3.12.11/x64/lib/python3.12/site-packages (from -r services/api/requirements.txt (line 11)) (5.3.6)
2025-08-23T22:11:23.2862508Z Collecting structlog==24.1.0 (from -r services/api/requirements.txt (line 12))
2025-08-23T22:11:23.2873692Z   Using cached structlog-24.1.0-py3-none-any.whl.metadata (6.9 kB)
2025-08-23T22:11:23.3022541Z Collecting asgi-correlation-id==4.3.1 (from -r services/api/requirements.txt (line 13))
2025-08-23T22:11:23.3034201Z   Using cached asgi_correlation_id-4.3.1-py3-none-any.whl.metadata (28 kB)
2025-08-23T22:11:23.3145390Z Collecting fastapi-limiter==0.1.6 (from -r services/api/requirements.txt (line 14))
2025-08-23T22:11:23.3156836Z   Using cached fastapi_limiter-0.1.6-py3-none-any.whl.metadata (5.3 kB)
2025-08-23T22:11:23.3391968Z Collecting redis==5.0.8 (from -r services/api/requirements.txt (line 15))
2025-08-23T22:11:23.3403368Z   Using cached redis-5.0.8-py3-none-any.whl.metadata (9.2 kB)
2025-08-23T22:11:23.3434795Z Requirement already satisfied: sentry-sdk==2.9.0 in /opt/hostedtoolcache/Python/3.12.11/x64/lib/python3.12/site-packages (from sentry-sdk[celery,fastapi,sqlalchemy]==2.9.0->-r services/api/requirements.txt (line 16)) (2.9.0)
2025-08-23T22:11:23.3523624Z Collecting imapclient==3.0.1 (from -r services/api/requirements.txt (line 17))
2025-08-23T22:11:23.3714453Z   Using cached IMAPClient-3.0.1-py2.py3-none-any.whl.metadata (1.7 kB)
2025-08-23T22:11:23.3741312Z Requirement already satisfied: click>=7.0 in /opt/hostedtoolcache/Python/3.12.11/x64/lib/python3.12/site-packages (from uvicorn==0.29.0->-r services/api/requirements.txt (line 1)) (8.2.1)
2025-08-23T22:11:23.3843401Z Collecting h11>=0.8 (from uvicorn==0.29.0->-r services/api/requirements.txt (line 1))
2025-08-23T22:11:23.3855592Z   Using cached h11-0.16.0-py3-none-any.whl.metadata (8.3 kB)
2025-08-23T22:11:23.3891672Z Requirement already satisfied: pydantic>=2.3.0 in /opt/hostedtoolcache/Python/3.12.11/x64/lib/python3.12/site-packages (from pydantic-settings==2.2.1->-r services/api/requirements.txt (line 2)) (2.11.7)
2025-08-23T22:11:23.3899366Z Requirement already satisfied: python-dotenv>=0.21.0 in /opt/hostedtoolcache/Python/3.12.11/x64/lib/python3.12/site-packages (from pydantic-settings==2.2.1->-r services/api/requirements.txt (line 2)) (1.1.1)
2025-08-23T22:11:23.4155528Z Collecting starlette<0.38.0,>=0.37.2 (from fastapi==0.111.0->-r services/api/requirements.txt (line 3))
2025-08-23T22:11:23.4168738Z   Using cached starlette-0.37.2-py3-none-any.whl.metadata (5.9 kB)
2025-08-23T22:11:23.4203925Z Requirement already satisfied: typing-extensions>=4.8.0 in /opt/hostedtoolcache/Python/3.12.11/x64/lib/python3.12/site-packages (from fastapi==0.111.0->-r services/api/requirements.txt (line 3)) (4.14.1)
2025-08-23T22:11:23.4275850Z Collecting fastapi-cli>=0.0.2 (from fastapi==0.111.0->-r services/api/requirements.txt (line 3))
2025-08-23T22:11:23.4287171Z   Using cached fastapi_cli-0.0.8-py3-none-any.whl.metadata (6.3 kB)
2025-08-23T22:11:23.4456791Z Collecting python-multipart>=0.0.7 (from fastapi==0.111.0->-r services/api/requirements.txt (line 3))
2025-08-23T22:11:23.4473095Z   Using cached python_multipart-0.0.20-py3-none-any.whl.metadata (1.8 kB)
2025-08-23T22:11:23.5060632Z Collecting ujson!=4.0.2,!=4.1.0,!=4.2.0,!=4.3.0,!=5.0.0,!=5.1.0,>=4.0.1 (from fastapi==0.111.0->-r services/api/requirements.txt (line 3))
2025-08-23T22:11:23.5072170Z   Using cached ujson-5.11.0-cp312-cp312-manylinux_2_24_x86_64.manylinux_2_28_x86_64.whl.metadata (9.4 kB)
2025-08-23T22:11:23.7357973Z Collecting orjson>=3.2.1 (from fastapi==0.111.0->-r services/api/requirements.txt (line 3))
2025-08-23T22:11:23.7371334Z   Using cached orjson-3.11.2-cp312-cp312-manylinux_2_17_x86_64.manylinux2014_x86_64.whl.metadata (1.2 kB)
2025-08-23T22:11:23.7504628Z Collecting email_validator>=2.0.0 (from fastapi==0.111.0->-r services/api/requirements.txt (line 3))
2025-08-23T22:11:23.7515931Z   Using cached email_validator-2.2.0-py3-none-any.whl.metadata (25 kB)
2025-08-23T22:11:23.8769361Z Collecting greenlet!=0.4.17 (from sqlalchemy==2.0.29->-r services/api/requirements.txt (line 4))
2025-08-23T22:11:23.8781762Z   Using cached greenlet-3.2.4-cp312-cp312-manylinux_2_24_x86_64.manylinux_2_28_x86_64.whl.metadata (4.1 kB)
2025-08-23T22:11:23.9021312Z Collecting Mako (from alembic==1.13.1->-r services/api/requirements.txt (line 5))
2025-08-23T22:11:23.9032113Z   Using cached mako-1.3.10-py3-none-any.whl.metadata (2.9 kB)
2025-08-23T22:11:23.9272367Z Collecting anyio (from httpx==0.27.2->-r services/api/requirements.txt (line 7))
2025-08-23T22:11:23.9283266Z   Using cached anyio-4.10.0-py3-none-any.whl.metadata (4.0 kB)
2025-08-23T22:11:23.9305262Z Requirement already satisfied: certifi in /opt/hostedtoolcache/Python/3.12.11/x64/lib/python3.12/site-packages (from httpx==0.27.2->-r services/api/requirements.txt (line 7)) (2025.8.3)
2025-08-23T22:11:23.9462186Z Collecting httpcore==1.* (from httpx==0.27.2->-r services/api/requirements.txt (line 7))
2025-08-23T22:11:23.9473120Z   Using cached httpcore-1.0.9-py3-none-any.whl.metadata (21 kB)
2025-08-23T22:11:23.9506215Z Requirement already satisfied: idna in /opt/hostedtoolcache/Python/3.12.11/x64/lib/python3.12/site-packages (from httpx==0.27.2->-r services/api/requirements.txt (line 7)) (3.10)
2025-08-23T22:11:23.9572650Z Collecting sniffio (from httpx==0.27.2->-r services/api/requirements.txt (line 7))
2025-08-23T22:11:23.9584328Z   Using cached sniffio-1.3.1-py3-none-any.whl.metadata (3.9 kB)
2025-08-23T22:11:24.3001032Z Collecting botocore<1.35.0,>=1.34.162 (from boto3==1.34.162->-r services/api/requirements.txt (line 9))
2025-08-23T22:11:24.3014358Z   Using cached botocore-1.34.162-py3-none-any.whl.metadata (5.7 kB)
2025-08-23T22:11:24.3041823Z Requirement already satisfied: jmespath<2.0.0,>=0.7.1 in /opt/hostedtoolcache/Python/3.12.11/x64/lib/python3.12/site-packages (from boto3==1.34.162->-r services/api/requirements.txt (line 9)) (1.0.1)
2025-08-23T22:11:24.3184553Z Collecting s3transfer<0.11.0,>=0.10.0 (from boto3==1.34.162->-r services/api/requirements.txt (line 9))
2025-08-23T22:11:24.3196143Z   Using cached s3transfer-0.10.4-py3-none-any.whl.metadata (1.7 kB)
2025-08-23T22:11:24.3662012Z Collecting MarkupSafe>=2.0 (from Jinja2==3.1.5->-r services/api/requirements.txt (line 10))
2025-08-23T22:11:24.3675291Z   Using cached MarkupSafe-3.0.2-cp312-cp312-manylinux_2_17_x86_64.manylinux2014_x86_64.whl.metadata (4.0 kB)
2025-08-23T22:11:24.3945028Z Requirement already satisfied: urllib3>=1.26.11 in /opt/hostedtoolcache/Python/3.12.11/x64/lib/python3.12/site-packages (from sentry-sdk==2.9.0->sentry-sdk[celery,fastapi,sqlalchemy]==2.9.0->-r services/api/requirements.txt (line 16)) (2.5.0)
2025-08-23T22:11:24.4070100Z Requirement already satisfied: psycopg-binary==3.2.9 in /opt/hostedtoolcache/Python/3.12.11/x64/lib/python3.12/site-packages (from psycopg[binary]==3.2.9->-r services/api/requirements.txt (line 6)) (3.2.9)
2025-08-23T22:11:24.4336709Z Requirement already satisfied: billiard<5.0,>=4.2.0 in /opt/hostedtoolcache/Python/3.12.11/x64/lib/python3.12/site-packages (from celery==5.3.*->-r services/api/requirements.txt (line 11)) (4.2.1)
2025-08-23T22:11:24.4344395Z Requirement already satisfied: click-didyoumean>=0.3.0 in /opt/hostedtoolcache/Python/3.12.11/x64/lib/python3.12/site-packages (from celery==5.3.*->-r services/api/requirements.txt (line 11)) (0.3.1)
2025-08-23T22:11:24.4351316Z Requirement already satisfied: click-plugins>=1.1.1 in /opt/hostedtoolcache/Python/3.12.11/x64/lib/python3.12/site-packages (from celery==5.3.*->-r services/api/requirements.txt (line 11)) (1.1.1.2)
2025-08-23T22:11:24.4358049Z Requirement already satisfied: click-repl>=0.2.0 in /opt/hostedtoolcache/Python/3.12.11/x64/lib/python3.12/site-packages (from celery==5.3.*->-r services/api/requirements.txt (line 11)) (0.3.0)
2025-08-23T22:11:24.4368286Z Requirement already satisfied: kombu<6.0,>=5.3.4 in /opt/hostedtoolcache/Python/3.12.11/x64/lib/python3.12/site-packages (from celery==5.3.*->-r services/api/requirements.txt (line 11)) (5.5.4)
2025-08-23T22:11:24.4374957Z Requirement already satisfied: python-dateutil>=2.8.2 in /opt/hostedtoolcache/Python/3.12.11/x64/lib/python3.12/site-packages (from celery==5.3.*->-r services/api/requirements.txt (line 11)) (2.9.0.post0)
2025-08-23T22:11:24.4381550Z Requirement already satisfied: tzdata>=2022.7 in /opt/hostedtoolcache/Python/3.12.11/x64/lib/python3.12/site-packages (from celery==5.3.*->-r services/api/requirements.txt (line 11)) (2025.2)
2025-08-23T22:11:24.4388853Z Requirement already satisfied: vine<6.0,>=5.1.0 in /opt/hostedtoolcache/Python/3.12.11/x64/lib/python3.12/site-packages (from celery==5.3.*->-r services/api/requirements.txt (line 11)) (5.1.0)
2025-08-23T22:11:24.4523501Z Requirement already satisfied: amqp<6.0.0,>=5.1.1 in /opt/hostedtoolcache/Python/3.12.11/x64/lib/python3.12/site-packages (from kombu<6.0,>=5.3.4->celery==5.3.*->-r services/api/requirements.txt (line 11)) (5.3.1)
2025-08-23T22:11:24.4534766Z Requirement already satisfied: packaging in /opt/hostedtoolcache/Python/3.12.11/x64/lib/python3.12/site-packages (from kombu<6.0,>=5.3.4->celery==5.3.*->-r services/api/requirements.txt (line 11)) (25.0)
2025-08-23T22:11:24.4601997Z Requirement already satisfied: annotated-types>=0.6.0 in /opt/hostedtoolcache/Python/3.12.11/x64/lib/python3.12/site-packages (from pydantic>=2.3.0->pydantic-settings==2.2.1->-r services/api/requirements.txt (line 2)) (0.7.0)
2025-08-23T22:11:24.4607055Z Requirement already satisfied: pydantic-core==2.33.2 in /opt/hostedtoolcache/Python/3.12.11/x64/lib/python3.12/site-packages (from pydantic>=2.3.0->pydantic-settings==2.2.1->-r services/api/requirements.txt (line 2)) (2.33.2)
2025-08-23T22:11:24.4615967Z Requirement already satisfied: typing-inspection>=0.4.0 in /opt/hostedtoolcache/Python/3.12.11/x64/lib/python3.12/site-packages (from pydantic>=2.3.0->pydantic-settings==2.2.1->-r services/api/requirements.txt (line 2)) (0.4.1)
2025-08-23T22:11:24.4651321Z Requirement already satisfied: six>=1.5 in /opt/hostedtoolcache/Python/3.12.11/x64/lib/python3.12/site-packages (from python-dateutil>=2.8.2->celery==5.3.*->-r services/api/requirements.txt (line 11)) (1.17.0)
2025-08-23T22:11:24.6075839Z Requirement already satisfied: prompt-toolkit>=3.0.36 in /opt/hostedtoolcache/Python/3.12.11/x64/lib/python3.12/site-packages (from click-repl>=0.2.0->celery==5.3.*->-r services/api/requirements.txt (line 11)) (3.0.51)
2025-08-23T22:11:24.6187821Z Collecting dnspython>=2.0.0 (from email_validator>=2.0.0->fastapi==0.111.0->-r services/api/requirements.txt (line 3))
2025-08-23T22:11:24.6199298Z   Using cached dnspython-2.7.0-py3-none-any.whl.metadata (5.8 kB)
2025-08-23T22:11:24.6396956Z Collecting typer>=0.15.1 (from fastapi-cli>=0.0.2->fastapi==0.111.0->-r services/api/requirements.txt (line 3))
2025-08-23T22:11:24.6408805Z   Using cached typer-0.16.1-py3-none-any.whl.metadata (15 kB)
2025-08-23T22:11:24.6650694Z Collecting rich-toolkit>=0.14.8 (from fastapi-cli>=0.0.2->fastapi==0.111.0->-r services/api/requirements.txt (line 3))
2025-08-23T22:11:24.6661299Z   Using cached rich_toolkit-0.15.0-py3-none-any.whl.metadata (1.0 kB)
2025-08-23T22:11:24.6755428Z Requirement already satisfied: wcwidth in /opt/hostedtoolcache/Python/3.12.11/x64/lib/python3.12/site-packages (from prompt-toolkit>=3.0.36->click-repl>=0.2.0->celery==5.3.*->-r services/api/requirements.txt (line 11)) (0.2.13)
2025-08-23T22:11:24.7137363Z Collecting rich>=13.7.1 (from rich-toolkit>=0.14.8->fastapi-cli>=0.0.2->fastapi==0.111.0->-r services/api/requirements.txt (line 3))
2025-08-23T22:11:24.7148812Z   Using cached rich-14.1.0-py3-none-any.whl.metadata (18 kB)
2025-08-23T22:11:24.7307543Z Collecting markdown-it-py>=2.2.0 (from rich>=13.7.1->rich-toolkit>=0.14.8->fastapi-cli>=0.0.2->fastapi==0.111.0->-r services/api/requirements.txt (line 3))
2025-08-23T22:11:24.7318844Z   Using cached markdown_it_py-4.0.0-py3-none-any.whl.metadata (7.3 kB)
2025-08-23T22:11:24.7527585Z Collecting pygments<3.0.0,>=2.13.0 (from rich>=13.7.1->rich-toolkit>=0.14.8->fastapi-cli>=0.0.2->fastapi==0.111.0->-r services/api/requirements.txt (line 3))
2025-08-23T22:11:24.7539172Z   Using cached pygments-2.19.2-py3-none-any.whl.metadata (2.5 kB)
2025-08-23T22:11:24.7655421Z Collecting mdurl~=0.1 (from markdown-it-py>=2.2.0->rich>=13.7.1->rich-toolkit>=0.14.8->fastapi-cli>=0.0.2->fastapi==0.111.0->-r services/api/requirements.txt (line 3))
2025-08-23T22:11:24.7666172Z   Using cached mdurl-0.1.2-py3-none-any.whl.metadata (1.6 kB)
2025-08-23T22:11:24.7837792Z Collecting shellingham>=1.3.0 (from typer>=0.15.1->fastapi-cli>=0.0.2->fastapi==0.111.0->-r services/api/requirements.txt (line 3))
2025-08-23T22:11:24.7848978Z   Using cached shellingham-1.5.4-py2.py3-none-any.whl.metadata (3.5 kB)
2025-08-23T22:11:24.8297222Z Collecting httptools>=0.5.0 (from uvicorn[standard]>=0.12.0->fastapi==0.111.0->-r services/api/requirements.txt (line 3))
2025-08-23T22:11:24.8308820Z   Using cached httptools-0.6.4-cp312-cp312-manylinux_2_5_x86_64.manylinux1_x86_64.manylinux_2_17_x86_64.manylinux2014_x86_64.whl.metadata (3.6 kB)
2025-08-23T22:11:24.8338907Z Requirement already satisfied: pyyaml>=5.1 in /opt/hostedtoolcache/Python/3.12.11/x64/lib/python3.12/site-packages (from uvicorn[standard]>=0.12.0->fastapi==0.111.0->-r services/api/requirements.txt (line 3)) (6.0.2)
2025-08-23T22:11:24.8683478Z Collecting uvloop!=0.15.0,!=0.15.1,>=0.14.0 (from uvicorn[standard]>=0.12.0->fastapi==0.111.0->-r services/api/requirements.txt (line 3))
2025-08-23T22:11:24.8695005Z   Using cached uvloop-0.21.0-cp312-cp312-manylinux_2_17_x86_64.manylinux2014_x86_64.whl.metadata (4.9 kB)
2025-08-23T22:11:24.9389147Z Collecting watchfiles>=0.13 (from uvicorn[standard]>=0.12.0->fastapi==0.111.0->-r services/api/requirements.txt (line 3))
2025-08-23T22:11:24.9401841Z   Using cached watchfiles-1.1.0-cp312-cp312-manylinux_2_17_x86_64.manylinux2014_x86_64.whl.metadata (4.9 kB)
2025-08-23T22:11:25.0242150Z Collecting websockets>=10.4 (from uvicorn[standard]>=0.12.0->fastapi==0.111.0->-r services/api/requirements.txt (line 3))
2025-08-23T22:11:25.0254448Z   Using cached websockets-15.0.1-cp312-cp312-manylinux_2_5_x86_64.manylinux1_x86_64.manylinux_2_17_x86_64.manylinux2014_x86_64.whl.metadata (6.8 kB)
2025-08-23T22:11:25.0961802Z Using cached uvicorn-0.29.0-py3-none-any.whl (60 kB)
2025-08-23T22:11:25.0972434Z Using cached fastapi-0.111.0-py3-none-any.whl (91 kB)
2025-08-23T22:11:25.0984084Z Using cached SQLAlchemy-2.0.29-cp312-cp312-manylinux_2_17_x86_64.manylinux2014_x86_64.whl (3.2 MB)
2025-08-23T22:11:25.1019317Z Using cached alembic-1.13.1-py3-none-any.whl (233 kB)
2025-08-23T22:11:25.1031393Z Using cached httpx-0.27.2-py3-none-any.whl (76 kB)
2025-08-23T22:11:25.1043118Z Using cached asyncpg-0.29.0-cp312-cp312-manylinux_2_17_x86_64.manylinux2014_x86_64.whl (3.3 MB)
2025-08-23T22:11:25.1078664Z Using cached boto3-1.34.162-py3-none-any.whl (139 kB)
2025-08-23T22:11:25.1090104Z Using cached jinja2-3.1.5-py3-none-any.whl (134 kB)
2025-08-23T22:11:25.1104641Z Using cached structlog-24.1.0-py3-none-any.whl (65 kB)
2025-08-23T22:11:25.1112761Z Using cached asgi_correlation_id-4.3.1-py3-none-any.whl (15 kB)
2025-08-23T22:11:25.1123340Z Using cached fastapi_limiter-0.1.6-py3-none-any.whl (15 kB)
2025-08-23T22:11:25.1135698Z Using cached redis-5.0.8-py3-none-any.whl (255 kB)
2025-08-23T22:11:25.1148670Z Using cached IMAPClient-3.0.1-py2.py3-none-any.whl (182 kB)
2025-08-23T22:11:25.1160938Z Using cached botocore-1.34.162-py3-none-any.whl (12.5 MB)
2025-08-23T22:11:25.1264754Z Using cached httpcore-1.0.9-py3-none-any.whl (78 kB)
2025-08-23T22:11:25.1276305Z Using cached s3transfer-0.10.4-py3-none-any.whl (83 kB)
2025-08-23T22:11:25.1287819Z Using cached starlette-0.37.2-py3-none-any.whl (71 kB)
2025-08-23T22:11:25.1299772Z Using cached anyio-4.10.0-py3-none-any.whl (107 kB)
2025-08-23T22:11:25.1311616Z Using cached email_validator-2.2.0-py3-none-any.whl (33 kB)
2025-08-23T22:11:25.1322707Z Using cached dnspython-2.7.0-py3-none-any.whl (313 kB)
2025-08-23T22:11:25.1335659Z Using cached fastapi_cli-0.0.8-py3-none-any.whl (10 kB)
2025-08-23T22:11:25.1347137Z Using cached greenlet-3.2.4-cp312-cp312-manylinux_2_24_x86_64.manylinux_2_28_x86_64.whl (607 kB)
2025-08-23T22:11:25.1362626Z Using cached h11-0.16.0-py3-none-any.whl (37 kB)
2025-08-23T22:11:25.1374386Z Using cached MarkupSafe-3.0.2-cp312-cp312-manylinux_2_17_x86_64.manylinux2014_x86_64.whl (23 kB)
2025-08-23T22:11:25.1385720Z Using cached orjson-3.11.2-cp312-cp312-manylinux_2_17_x86_64.manylinux2014_x86_64.whl (121 kB)
2025-08-23T22:11:25.1397350Z Using cached python_multipart-0.0.20-py3-none-any.whl (24 kB)
2025-08-23T22:11:25.1407769Z Using cached rich_toolkit-0.15.0-py3-none-any.whl (29 kB)
2025-08-23T22:11:25.1419457Z Using cached rich-14.1.0-py3-none-any.whl (243 kB)
2025-08-23T22:11:25.1431832Z Using cached pygments-2.19.2-py3-none-any.whl (1.2 MB)
2025-08-23T22:11:25.1451850Z Using cached markdown_it_py-4.0.0-py3-none-any.whl (87 kB)
2025-08-23T22:11:25.1463098Z Using cached mdurl-0.1.2-py3-none-any.whl (10.0 kB)
2025-08-23T22:11:25.1473890Z Using cached sniffio-1.3.1-py3-none-any.whl (10 kB)
2025-08-23T22:11:25.1484511Z Using cached typer-0.16.1-py3-none-any.whl (46 kB)
2025-08-23T22:11:25.1495487Z Using cached shellingham-1.5.4-py2.py3-none-any.whl (9.8 kB)
2025-08-23T22:11:25.1506031Z Using cached ujson-5.11.0-cp312-cp312-manylinux_2_24_x86_64.manylinux_2_28_x86_64.whl (57 kB)
2025-08-23T22:11:25.1517387Z Using cached httptools-0.6.4-cp312-cp312-manylinux_2_5_x86_64.manylinux1_x86_64.manylinux_2_17_x86_64.manylinux2014_x86_64.whl (510 kB)
2025-08-23T22:11:25.1531992Z Using cached uvloop-0.21.0-cp312-cp312-manylinux_2_17_x86_64.manylinux2014_x86_64.whl (4.7 MB)
2025-08-23T22:11:25.1576466Z Using cached watchfiles-1.1.0-cp312-cp312-manylinux_2_17_x86_64.manylinux2014_x86_64.whl (452 kB)
2025-08-23T22:11:25.1590931Z Using cached websockets-15.0.1-cp312-cp312-manylinux_2_5_x86_64.manylinux1_x86_64.manylinux_2_17_x86_64.manylinux2014_x86_64.whl (182 kB)
2025-08-23T22:11:25.1602564Z Using cached mako-1.3.10-py3-none-any.whl (78 kB)
2025-08-23T22:11:25.3559192Z Installing collected packages: websockets, uvloop, ujson, structlog, sniffio, shellingham, redis, python-multipart, pygments, orjson, mdurl, MarkupSafe, imapclient, httptools, h11, greenlet, dnspython, asyncpg, uvicorn, sqlalchemy, markdown-it-py, Mako, Jinja2, httpcore, email_validator, botocore, anyio, watchfiles, starlette, s3transfer, rich, httpx, alembic, typer, rich-toolkit, boto3, asgi-correlation-id, fastapi-cli, fastapi, fastapi-limiter
2025-08-23T22:11:25.5944094Z   Attempting uninstall: redis
2025-08-23T22:11:25.5975548Z     Found existing installation: redis 5.3.1
2025-08-23T22:11:25.6053932Z     Uninstalling redis-5.3.1:
2025-08-23T22:11:25.6070574Z       Successfully uninstalled redis-5.3.1
2025-08-23T22:11:28.5056680Z   Attempting uninstall: botocore
2025-08-23T22:11:28.5089207Z     Found existing installation: botocore 1.40.16
2025-08-23T22:11:28.5738223Z     Uninstalling botocore-1.40.16:
2025-08-23T22:11:28.5981622Z       Successfully uninstalled botocore-1.40.16
2025-08-23T22:11:29.3656129Z   Attempting uninstall: s3transfer
2025-08-23T22:11:29.3701655Z     Found existing installation: s3transfer 0.13.1
2025-08-23T22:11:29.3728083Z     Uninstalling s3transfer-0.13.1:
2025-08-23T22:11:29.3736535Z       Successfully uninstalled s3transfer-0.13.1
2025-08-23T22:11:29.8885656Z   Attempting uninstall: boto3
2025-08-23T22:11:29.8916574Z     Found existing installation: boto3 1.40.16
2025-08-23T22:11:29.8978077Z     Uninstalling boto3-1.40.16:
2025-08-23T22:11:29.8996576Z       Successfully uninstalled boto3-1.40.16
2025-08-23T22:11:30.0638336Z 
2025-08-23T22:11:30.0724685Z Successfully installed Jinja2-3.1.5 Mako-1.3.10 MarkupSafe-3.0.2 alembic-1.13.1 anyio-4.10.0 asgi-correlation-id-4.3.1 asyncpg-0.29.0 boto3-1.34.162 botocore-1.34.162 dnspython-2.7.0 email_validator-2.2.0 fastapi-0.111.0 fastapi-cli-0.0.8 fastapi-limiter-0.1.6 greenlet-3.2.4 h11-0.16.0 httpcore-1.0.9 httptools-0.6.4 httpx-0.27.2 imapclient-3.0.1 markdown-it-py-4.0.0 mdurl-0.1.2 orjson-3.11.2 pygments-2.19.2 python-multipart-0.0.20 redis-5.0.8 rich-14.1.0 rich-toolkit-0.15.0 s3transfer-0.10.4 shellingham-1.5.4 sniffio-1.3.1 sqlalchemy-2.0.29 starlette-0.37.2 structlog-24.1.0 typer-0.16.1 ujson-5.11.0 uvicorn-0.29.0 uvloop-0.21.0 watchfiles-1.1.0 websockets-15.0.1
2025-08-23T22:11:30.6732217Z Requirement already satisfied: uvicorn==0.29.0 in /opt/hostedtoolcache/Python/3.12.11/x64/lib/python3.12/site-packages (from -r services/repricer/requirements.txt (line 1)) (0.29.0)
2025-08-23T22:11:30.6736334Z Requirement already satisfied: pydantic-settings==2.2.1 in /opt/hostedtoolcache/Python/3.12.11/x64/lib/python3.12/site-packages (from -r services/repricer/requirements.txt (line 2)) (2.2.1)
2025-08-23T22:11:30.6740675Z Requirement already satisfied: python-amazon-sp-api==0.8.0 in /opt/hostedtoolcache/Python/3.12.11/x64/lib/python3.12/site-packages (from -r services/repricer/requirements.txt (line 3)) (0.8.0)
2025-08-23T22:11:30.6744753Z Requirement already satisfied: fastapi==0.111.0 in /opt/hostedtoolcache/Python/3.12.11/x64/lib/python3.12/site-packages (from -r services/repricer/requirements.txt (line 4)) (0.111.0)
2025-08-23T22:11:30.6749431Z Requirement already satisfied: sqlalchemy==2.0.29 in /opt/hostedtoolcache/Python/3.12.11/x64/lib/python3.12/site-packages (from -r services/repricer/requirements.txt (line 5)) (2.0.29)
2025-08-23T22:11:30.6760436Z Requirement already satisfied: click>=7.0 in /opt/hostedtoolcache/Python/3.12.11/x64/lib/python3.12/site-packages (from uvicorn==0.29.0->-r services/repricer/requirements.txt (line 1)) (8.2.1)
2025-08-23T22:11:30.6766126Z Requirement already satisfied: h11>=0.8 in /opt/hostedtoolcache/Python/3.12.11/x64/lib/python3.12/site-packages (from uvicorn==0.29.0->-r services/repricer/requirements.txt (line 1)) (0.16.0)
2025-08-23T22:11:30.6788656Z Requirement already satisfied: pydantic>=2.3.0 in /opt/hostedtoolcache/Python/3.12.11/x64/lib/python3.12/site-packages (from pydantic-settings==2.2.1->-r services/repricer/requirements.txt (line 2)) (2.11.7)
2025-08-23T22:11:30.6794028Z Requirement already satisfied: python-dotenv>=0.21.0 in /opt/hostedtoolcache/Python/3.12.11/x64/lib/python3.12/site-packages (from pydantic-settings==2.2.1->-r services/repricer/requirements.txt (line 2)) (1.1.1)
2025-08-23T22:11:30.6805172Z Requirement already satisfied: requests in /opt/hostedtoolcache/Python/3.12.11/x64/lib/python3.12/site-packages (from python-amazon-sp-api==0.8.0->-r services/repricer/requirements.txt (line 3)) (2.32.5)
2025-08-23T22:11:30.6812049Z Requirement already satisfied: six<2,>=1.15 in /opt/hostedtoolcache/Python/3.12.11/x64/lib/python3.12/site-packages (from python-amazon-sp-api==0.8.0->-r services/repricer/requirements.txt (line 3)) (1.17.0)
2025-08-23T22:11:30.6819451Z Requirement already satisfied: boto3<2,>=1.16.39 in /opt/hostedtoolcache/Python/3.12.11/x64/lib/python3.12/site-packages (from python-amazon-sp-api==0.8.0->-r services/repricer/requirements.txt (line 3)) (1.34.162)
2025-08-23T22:11:30.6825597Z Requirement already satisfied: cachetools~=4.2.0 in /opt/hostedtoolcache/Python/3.12.11/x64/lib/python3.12/site-packages (from python-amazon-sp-api==0.8.0->-r services/repricer/requirements.txt (line 3)) (4.2.4)
2025-08-23T22:11:30.6829652Z Requirement already satisfied: pycryptodome in /opt/hostedtoolcache/Python/3.12.11/x64/lib/python3.12/site-packages (from python-amazon-sp-api==0.8.0->-r services/repricer/requirements.txt (line 3)) (3.23.0)
2025-08-23T22:11:30.6833615Z Requirement already satisfied: pytz in /opt/hostedtoolcache/Python/3.12.11/x64/lib/python3.12/site-packages (from python-amazon-sp-api==0.8.0->-r services/repricer/requirements.txt (line 3)) (2025.2)
2025-08-23T22:11:30.6839797Z Requirement already satisfied: confuse~=1.4.0 in /opt/hostedtoolcache/Python/3.12.11/x64/lib/python3.12/site-packages (from python-amazon-sp-api==0.8.0->-r services/repricer/requirements.txt (line 3)) (1.4.0)
2025-08-23T22:11:30.6854991Z Requirement already satisfied: starlette<0.38.0,>=0.37.2 in /opt/hostedtoolcache/Python/3.12.11/x64/lib/python3.12/site-packages (from fastapi==0.111.0->-r services/repricer/requirements.txt (line 4)) (0.37.2)
2025-08-23T22:11:30.6864791Z Requirement already satisfied: typing-extensions>=4.8.0 in /opt/hostedtoolcache/Python/3.12.11/x64/lib/python3.12/site-packages (from fastapi==0.111.0->-r services/repricer/requirements.txt (line 4)) (4.14.1)
2025-08-23T22:11:30.6869890Z Requirement already satisfied: fastapi-cli>=0.0.2 in /opt/hostedtoolcache/Python/3.12.11/x64/lib/python3.12/site-packages (from fastapi==0.111.0->-r services/repricer/requirements.txt (line 4)) (0.0.8)
2025-08-23T22:11:30.6874717Z Requirement already satisfied: httpx>=0.23.0 in /opt/hostedtoolcache/Python/3.12.11/x64/lib/python3.12/site-packages (from fastapi==0.111.0->-r services/repricer/requirements.txt (line 4)) (0.27.2)
2025-08-23T22:11:30.6880292Z Requirement already satisfied: jinja2>=2.11.2 in /opt/hostedtoolcache/Python/3.12.11/x64/lib/python3.12/site-packages (from fastapi==0.111.0->-r services/repricer/requirements.txt (line 4)) (3.1.5)
2025-08-23T22:11:30.6885180Z Requirement already satisfied: python-multipart>=0.0.7 in /opt/hostedtoolcache/Python/3.12.11/x64/lib/python3.12/site-packages (from fastapi==0.111.0->-r services/repricer/requirements.txt (line 4)) (0.0.20)
2025-08-23T22:11:30.6893134Z Requirement already satisfied: ujson!=4.0.2,!=4.1.0,!=4.2.0,!=4.3.0,!=5.0.0,!=5.1.0,>=4.0.1 in /opt/hostedtoolcache/Python/3.12.11/x64/lib/python3.12/site-packages (from fastapi==0.111.0->-r services/repricer/requirements.txt (line 4)) (5.11.0)
2025-08-23T22:11:30.6898100Z Requirement already satisfied: orjson>=3.2.1 in /opt/hostedtoolcache/Python/3.12.11/x64/lib/python3.12/site-packages (from fastapi==0.111.0->-r services/repricer/requirements.txt (line 4)) (3.11.2)
2025-08-23T22:11:30.6902934Z Requirement already satisfied: email_validator>=2.0.0 in /opt/hostedtoolcache/Python/3.12.11/x64/lib/python3.12/site-packages (from fastapi==0.111.0->-r services/repricer/requirements.txt (line 4)) (2.2.0)
2025-08-23T22:11:30.6949541Z Requirement already satisfied: greenlet!=0.4.17 in /opt/hostedtoolcache/Python/3.12.11/x64/lib/python3.12/site-packages (from sqlalchemy==2.0.29->-r services/repricer/requirements.txt (line 5)) (3.2.4)
2025-08-23T22:11:30.6993515Z Requirement already satisfied: botocore<1.35.0,>=1.34.162 in /opt/hostedtoolcache/Python/3.12.11/x64/lib/python3.12/site-packages (from boto3<2,>=1.16.39->python-amazon-sp-api==0.8.0->-r services/repricer/requirements.txt (line 3)) (1.34.162)
2025-08-23T22:11:30.7000054Z Requirement already satisfied: jmespath<2.0.0,>=0.7.1 in /opt/hostedtoolcache/Python/3.12.11/x64/lib/python3.12/site-packages (from boto3<2,>=1.16.39->python-amazon-sp-api==0.8.0->-r services/repricer/requirements.txt (line 3)) (1.0.1)
2025-08-23T22:11:30.7006601Z Requirement already satisfied: s3transfer<0.11.0,>=0.10.0 in /opt/hostedtoolcache/Python/3.12.11/x64/lib/python3.12/site-packages (from boto3<2,>=1.16.39->python-amazon-sp-api==0.8.0->-r services/repricer/requirements.txt (line 3)) (0.10.4)
2025-08-23T22:11:30.7024036Z Requirement already satisfied: python-dateutil<3.0.0,>=2.1 in /opt/hostedtoolcache/Python/3.12.11/x64/lib/python3.12/site-packages (from botocore<1.35.0,>=1.34.162->boto3<2,>=1.16.39->python-amazon-sp-api==0.8.0->-r services/repricer/requirements.txt (line 3)) (2.9.0.post0)
2025-08-23T22:11:30.7036680Z Requirement already satisfied: urllib3!=2.2.0,<3,>=1.25.4 in /opt/hostedtoolcache/Python/3.12.11/x64/lib/python3.12/site-packages (from botocore<1.35.0,>=1.34.162->boto3<2,>=1.16.39->python-amazon-sp-api==0.8.0->-r services/repricer/requirements.txt (line 3)) (2.5.0)
2025-08-23T22:11:30.7055842Z Requirement already satisfied: pyyaml in /opt/hostedtoolcache/Python/3.12.11/x64/lib/python3.12/site-packages (from confuse~=1.4.0->python-amazon-sp-api==0.8.0->-r services/repricer/requirements.txt (line 3)) (6.0.2)
2025-08-23T22:11:30.7088390Z Requirement already satisfied: annotated-types>=0.6.0 in /opt/hostedtoolcache/Python/3.12.11/x64/lib/python3.12/site-packages (from pydantic>=2.3.0->pydantic-settings==2.2.1->-r services/repricer/requirements.txt (line 2)) (0.7.0)
2025-08-23T22:11:30.7094216Z Requirement already satisfied: pydantic-core==2.33.2 in /opt/hostedtoolcache/Python/3.12.11/x64/lib/python3.12/site-packages (from pydantic>=2.3.0->pydantic-settings==2.2.1->-r services/repricer/requirements.txt (line 2)) (2.33.2)
2025-08-23T22:11:30.7101456Z Requirement already satisfied: typing-inspection>=0.4.0 in /opt/hostedtoolcache/Python/3.12.11/x64/lib/python3.12/site-packages (from pydantic>=2.3.0->pydantic-settings==2.2.1->-r services/repricer/requirements.txt (line 2)) (0.4.1)
2025-08-23T22:11:30.7162901Z Requirement already satisfied: anyio<5,>=3.4.0 in /opt/hostedtoolcache/Python/3.12.11/x64/lib/python3.12/site-packages (from starlette<0.38.0,>=0.37.2->fastapi==0.111.0->-r services/repricer/requirements.txt (line 4)) (4.10.0)
2025-08-23T22:11:30.7183175Z Requirement already satisfied: idna>=2.8 in /opt/hostedtoolcache/Python/3.12.11/x64/lib/python3.12/site-packages (from anyio<5,>=3.4.0->starlette<0.38.0,>=0.37.2->fastapi==0.111.0->-r services/repricer/requirements.txt (line 4)) (3.10)
2025-08-23T22:11:30.7188623Z Requirement already satisfied: sniffio>=1.1 in /opt/hostedtoolcache/Python/3.12.11/x64/lib/python3.12/site-packages (from anyio<5,>=3.4.0->starlette<0.38.0,>=0.37.2->fastapi==0.111.0->-r services/repricer/requirements.txt (line 4)) (1.3.1)
2025-08-23T22:11:30.7244424Z Requirement already satisfied: dnspython>=2.0.0 in /opt/hostedtoolcache/Python/3.12.11/x64/lib/python3.12/site-packages (from email_validator>=2.0.0->fastapi==0.111.0->-r services/repricer/requirements.txt (line 4)) (2.7.0)
2025-08-23T22:11:30.7295991Z Requirement already satisfied: typer>=0.15.1 in /opt/hostedtoolcache/Python/3.12.11/x64/lib/python3.12/site-packages (from fastapi-cli>=0.0.2->fastapi==0.111.0->-r services/repricer/requirements.txt (line 4)) (0.16.1)
2025-08-23T22:11:30.7309595Z Requirement already satisfied: rich-toolkit>=0.14.8 in /opt/hostedtoolcache/Python/3.12.11/x64/lib/python3.12/site-packages (from fastapi-cli>=0.0.2->fastapi==0.111.0->-r services/repricer/requirements.txt (line 4)) (0.15.0)
2025-08-23T22:11:30.7350786Z Requirement already satisfied: certifi in /opt/hostedtoolcache/Python/3.12.11/x64/lib/python3.12/site-packages (from httpx>=0.23.0->fastapi==0.111.0->-r services/repricer/requirements.txt (line 4)) (2025.8.3)
2025-08-23T22:11:30.7355891Z Requirement already satisfied: httpcore==1.* in /opt/hostedtoolcache/Python/3.12.11/x64/lib/python3.12/site-packages (from httpx>=0.23.0->fastapi==0.111.0->-r services/repricer/requirements.txt (line 4)) (1.0.9)
2025-08-23T22:11:30.7415521Z Requirement already satisfied: MarkupSafe>=2.0 in /opt/hostedtoolcache/Python/3.12.11/x64/lib/python3.12/site-packages (from jinja2>=2.11.2->fastapi==0.111.0->-r services/repricer/requirements.txt (line 4)) (3.0.2)
2025-08-23T22:11:30.7473697Z Requirement already satisfied: rich>=13.7.1 in /opt/hostedtoolcache/Python/3.12.11/x64/lib/python3.12/site-packages (from rich-toolkit>=0.14.8->fastapi-cli>=0.0.2->fastapi==0.111.0->-r services/repricer/requirements.txt (line 4)) (14.1.0)
2025-08-23T22:11:30.7496346Z Requirement already satisfied: markdown-it-py>=2.2.0 in /opt/hostedtoolcache/Python/3.12.11/x64/lib/python3.12/site-packages (from rich>=13.7.1->rich-toolkit>=0.14.8->fastapi-cli>=0.0.2->fastapi==0.111.0->-r services/repricer/requirements.txt (line 4)) (4.0.0)
2025-08-23T22:11:30.7503319Z Requirement already satisfied: pygments<3.0.0,>=2.13.0 in /opt/hostedtoolcache/Python/3.12.11/x64/lib/python3.12/site-packages (from rich>=13.7.1->rich-toolkit>=0.14.8->fastapi-cli>=0.0.2->fastapi==0.111.0->-r services/repricer/requirements.txt (line 4)) (2.19.2)
2025-08-23T22:11:30.7530301Z Requirement already satisfied: mdurl~=0.1 in /opt/hostedtoolcache/Python/3.12.11/x64/lib/python3.12/site-packages (from markdown-it-py>=2.2.0->rich>=13.7.1->rich-toolkit>=0.14.8->fastapi-cli>=0.0.2->fastapi==0.111.0->-r services/repricer/requirements.txt (line 4)) (0.1.2)
2025-08-23T22:11:30.7595514Z Requirement already satisfied: shellingham>=1.3.0 in /opt/hostedtoolcache/Python/3.12.11/x64/lib/python3.12/site-packages (from typer>=0.15.1->fastapi-cli>=0.0.2->fastapi==0.111.0->-r services/repricer/requirements.txt (line 4)) (1.5.4)
2025-08-23T22:11:30.7666011Z Requirement already satisfied: httptools>=0.5.0 in /opt/hostedtoolcache/Python/3.12.11/x64/lib/python3.12/site-packages (from uvicorn[standard]>=0.12.0->fastapi==0.111.0->-r services/repricer/requirements.txt (line 4)) (0.6.4)
2025-08-23T22:11:30.7681960Z Requirement already satisfied: uvloop!=0.15.0,!=0.15.1,>=0.14.0 in /opt/hostedtoolcache/Python/3.12.11/x64/lib/python3.12/site-packages (from uvicorn[standard]>=0.12.0->fastapi==0.111.0->-r services/repricer/requirements.txt (line 4)) (0.21.0)
2025-08-23T22:11:30.7689925Z Requirement already satisfied: watchfiles>=0.13 in /opt/hostedtoolcache/Python/3.12.11/x64/lib/python3.12/site-packages (from uvicorn[standard]>=0.12.0->fastapi==0.111.0->-r services/repricer/requirements.txt (line 4)) (1.1.0)
2025-08-23T22:11:30.7697065Z Requirement already satisfied: websockets>=10.4 in /opt/hostedtoolcache/Python/3.12.11/x64/lib/python3.12/site-packages (from uvicorn[standard]>=0.12.0->fastapi==0.111.0->-r services/repricer/requirements.txt (line 4)) (15.0.1)
2025-08-23T22:11:30.7826187Z Requirement already satisfied: charset_normalizer<4,>=2 in /opt/hostedtoolcache/Python/3.12.11/x64/lib/python3.12/site-packages (from requests->python-amazon-sp-api==0.8.0->-r services/repricer/requirements.txt (line 3)) (3.4.3)
2025-08-23T22:11:31.3885608Z Collecting celery==5.4.* (from celery[redis]==5.4.*->-r services/fees_h10/requirements.txt (line 1))
2025-08-23T22:11:31.3899667Z   Using cached celery-5.4.0-py3-none-any.whl.metadata (21 kB)
2025-08-23T22:11:31.4108812Z Requirement already satisfied: asyncpg in /opt/hostedtoolcache/Python/3.12.11/x64/lib/python3.12/site-packages (from -r services/fees_h10/requirements.txt (line 2)) (0.29.0)
2025-08-23T22:11:31.4113066Z Requirement already satisfied: httpx in /opt/hostedtoolcache/Python/3.12.11/x64/lib/python3.12/site-packages (from -r services/fees_h10/requirements.txt (line 3)) (0.27.2)
2025-08-23T22:11:31.4117227Z Requirement already satisfied: sqlalchemy in /opt/hostedtoolcache/Python/3.12.11/x64/lib/python3.12/site-packages (from -r services/fees_h10/requirements.txt (line 4)) (2.0.29)
2025-08-23T22:11:31.4130857Z Requirement already satisfied: billiard<5.0,>=4.2.0 in /opt/hostedtoolcache/Python/3.12.11/x64/lib/python3.12/site-packages (from celery==5.4.*->celery[redis]==5.4.*->-r services/fees_h10/requirements.txt (line 1)) (4.2.1)
2025-08-23T22:11:31.4137343Z Requirement already satisfied: kombu<6.0,>=5.3.4 in /opt/hostedtoolcache/Python/3.12.11/x64/lib/python3.12/site-packages (from celery==5.4.*->celery[redis]==5.4.*->-r services/fees_h10/requirements.txt (line 1)) (5.5.4)
2025-08-23T22:11:31.4143832Z Requirement already satisfied: vine<6.0,>=5.1.0 in /opt/hostedtoolcache/Python/3.12.11/x64/lib/python3.12/site-packages (from celery==5.4.*->celery[redis]==5.4.*->-r services/fees_h10/requirements.txt (line 1)) (5.1.0)
2025-08-23T22:11:31.4150471Z Requirement already satisfied: click<9.0,>=8.1.2 in /opt/hostedtoolcache/Python/3.12.11/x64/lib/python3.12/site-packages (from celery==5.4.*->celery[redis]==5.4.*->-r services/fees_h10/requirements.txt (line 1)) (8.2.1)
2025-08-23T22:11:31.4156342Z Requirement already satisfied: click-didyoumean>=0.3.0 in /opt/hostedtoolcache/Python/3.12.11/x64/lib/python3.12/site-packages (from celery==5.4.*->celery[redis]==5.4.*->-r services/fees_h10/requirements.txt (line 1)) (0.3.1)
2025-08-23T22:11:31.4161756Z Requirement already satisfied: click-repl>=0.2.0 in /opt/hostedtoolcache/Python/3.12.11/x64/lib/python3.12/site-packages (from celery==5.4.*->celery[redis]==5.4.*->-r services/fees_h10/requirements.txt (line 1)) (0.3.0)
2025-08-23T22:11:31.4166849Z Requirement already satisfied: click-plugins>=1.1.1 in /opt/hostedtoolcache/Python/3.12.11/x64/lib/python3.12/site-packages (from celery==5.4.*->celery[redis]==5.4.*->-r services/fees_h10/requirements.txt (line 1)) (1.1.1.2)
2025-08-23T22:11:31.4172060Z Requirement already satisfied: tzdata>=2022.7 in /opt/hostedtoolcache/Python/3.12.11/x64/lib/python3.12/site-packages (from celery==5.4.*->celery[redis]==5.4.*->-r services/fees_h10/requirements.txt (line 1)) (2025.2)
2025-08-23T22:11:31.4177241Z Requirement already satisfied: python-dateutil>=2.8.2 in /opt/hostedtoolcache/Python/3.12.11/x64/lib/python3.12/site-packages (from celery==5.4.*->celery[redis]==5.4.*->-r services/fees_h10/requirements.txt (line 1)) (2.9.0.post0)
2025-08-23T22:11:31.4216721Z Requirement already satisfied: redis!=4.5.5,<6.0.0,>=4.5.2 in /opt/hostedtoolcache/Python/3.12.11/x64/lib/python3.12/site-packages (from celery[redis]==5.4.*->-r services/fees_h10/requirements.txt (line 1)) (5.0.8)
2025-08-23T22:11:31.4238159Z Requirement already satisfied: amqp<6.0.0,>=5.1.1 in /opt/hostedtoolcache/Python/3.12.11/x64/lib/python3.12/site-packages (from kombu<6.0,>=5.3.4->celery==5.4.*->celery[redis]==5.4.*->-r services/fees_h10/requirements.txt (line 1)) (5.3.1)
2025-08-23T22:11:31.4248739Z Requirement already satisfied: packaging in /opt/hostedtoolcache/Python/3.12.11/x64/lib/python3.12/site-packages (from kombu<6.0,>=5.3.4->celery==5.4.*->celery[redis]==5.4.*->-r services/fees_h10/requirements.txt (line 1)) (25.0)
2025-08-23T22:11:31.4331789Z Requirement already satisfied: anyio in /opt/hostedtoolcache/Python/3.12.11/x64/lib/python3.12/site-packages (from httpx->-r services/fees_h10/requirements.txt (line 3)) (4.10.0)
2025-08-23T22:11:31.4335639Z Requirement already satisfied: certifi in /opt/hostedtoolcache/Python/3.12.11/x64/lib/python3.12/site-packages (from httpx->-r services/fees_h10/requirements.txt (line 3)) (2025.8.3)
2025-08-23T22:11:31.4340862Z Requirement already satisfied: httpcore==1.* in /opt/hostedtoolcache/Python/3.12.11/x64/lib/python3.12/site-packages (from httpx->-r services/fees_h10/requirements.txt (line 3)) (1.0.9)
2025-08-23T22:11:31.4344587Z Requirement already satisfied: idna in /opt/hostedtoolcache/Python/3.12.11/x64/lib/python3.12/site-packages (from httpx->-r services/fees_h10/requirements.txt (line 3)) (3.10)
2025-08-23T22:11:31.4348424Z Requirement already satisfied: sniffio in /opt/hostedtoolcache/Python/3.12.11/x64/lib/python3.12/site-packages (from httpx->-r services/fees_h10/requirements.txt (line 3)) (1.3.1)
2025-08-23T22:11:31.4372237Z Requirement already satisfied: h11>=0.16 in /opt/hostedtoolcache/Python/3.12.11/x64/lib/python3.12/site-packages (from httpcore==1.*->httpx->-r services/fees_h10/requirements.txt (line 3)) (0.16.0)
2025-08-23T22:11:31.4390730Z Requirement already satisfied: typing-extensions>=4.6.0 in /opt/hostedtoolcache/Python/3.12.11/x64/lib/python3.12/site-packages (from sqlalchemy->-r services/fees_h10/requirements.txt (line 4)) (4.14.1)
2025-08-23T22:11:31.4404318Z Requirement already satisfied: greenlet!=0.4.17 in /opt/hostedtoolcache/Python/3.12.11/x64/lib/python3.12/site-packages (from sqlalchemy->-r services/fees_h10/requirements.txt (line 4)) (3.2.4)
2025-08-23T22:11:31.4474520Z Requirement already satisfied: prompt-toolkit>=3.0.36 in /opt/hostedtoolcache/Python/3.12.11/x64/lib/python3.12/site-packages (from click-repl>=0.2.0->celery==5.4.*->celery[redis]==5.4.*->-r services/fees_h10/requirements.txt (line 1)) (3.0.51)
2025-08-23T22:11:31.4510602Z Requirement already satisfied: wcwidth in /opt/hostedtoolcache/Python/3.12.11/x64/lib/python3.12/site-packages (from prompt-toolkit>=3.0.36->click-repl>=0.2.0->celery==5.4.*->celery[redis]==5.4.*->-r services/fees_h10/requirements.txt (line 1)) (0.2.13)
2025-08-23T22:11:31.4524296Z Requirement already satisfied: six>=1.5 in /opt/hostedtoolcache/Python/3.12.11/x64/lib/python3.12/site-packages (from python-dateutil>=2.8.2->celery==5.4.*->celery[redis]==5.4.*->-r services/fees_h10/requirements.txt (line 1)) (1.17.0)
2025-08-23T22:11:31.4637821Z Using cached celery-5.4.0-py3-none-any.whl (425 kB)
2025-08-23T22:11:31.5954076Z Installing collected packages: celery
2025-08-23T22:11:31.5954766Z   Attempting uninstall: celery
2025-08-23T22:11:31.6001736Z     Found existing installation: celery 5.3.6
2025-08-23T22:11:31.6148182Z     Uninstalling celery-5.3.6:
2025-08-23T22:11:31.6176603Z       Successfully uninstalled celery-5.3.6
2025-08-23T22:11:31.9458265Z Successfully installed celery-5.4.0
2025-08-23T22:11:32.4490761Z Collecting python-telegram-bot==20.8 (from -r services/alert_bot/requirements.txt (line 1))
2025-08-23T22:11:32.4503131Z   Using cached python_telegram_bot-20.8-py3-none-any.whl.metadata (15 kB)
2025-08-23T22:11:32.4686612Z Collecting APScheduler==3.10.4 (from -r services/alert_bot/requirements.txt (line 2))
2025-08-23T22:11:32.4697932Z   Using cached APScheduler-3.10.4-py3-none-any.whl.metadata (5.7 kB)
2025-08-23T22:11:32.4741040Z Requirement already satisfied: asyncpg in /opt/hostedtoolcache/Python/3.12.11/x64/lib/python3.12/site-packages (from -r services/alert_bot/requirements.txt (line 3)) (0.29.0)
2025-08-23T22:11:32.4907839Z Collecting httpx~=0.26.0 (from python-telegram-bot==20.8->-r services/alert_bot/requirements.txt (line 1))
2025-08-23T22:11:32.4919218Z   Using cached httpx-0.26.0-py3-none-any.whl.metadata (7.6 kB)
2025-08-23T22:11:32.4958685Z Requirement already satisfied: six>=1.4.0 in /opt/hostedtoolcache/Python/3.12.11/x64/lib/python3.12/site-packages (from APScheduler==3.10.4->-r services/alert_bot/requirements.txt (line 2)) (1.17.0)
2025-08-23T22:11:32.4962589Z Requirement already satisfied: pytz in /opt/hostedtoolcache/Python/3.12.11/x64/lib/python3.12/site-packages (from APScheduler==3.10.4->-r services/alert_bot/requirements.txt (line 2)) (2025.2)
2025-08-23T22:11:32.5091673Z Collecting tzlocal!=3.*,>=2.0 (from APScheduler==3.10.4->-r services/alert_bot/requirements.txt (line 2))
2025-08-23T22:11:32.5102606Z   Using cached tzlocal-5.3.1-py3-none-any.whl.metadata (7.6 kB)
2025-08-23T22:11:32.5133524Z Requirement already satisfied: anyio in /opt/hostedtoolcache/Python/3.12.11/x64/lib/python3.12/site-packages (from httpx~=0.26.0->python-telegram-bot==20.8->-r services/alert_bot/requirements.txt (line 1)) (4.10.0)
2025-08-23T22:11:32.5137144Z Requirement already satisfied: certifi in /opt/hostedtoolcache/Python/3.12.11/x64/lib/python3.12/site-packages (from httpx~=0.26.0->python-telegram-bot==20.8->-r services/alert_bot/requirements.txt (line 1)) (2025.8.3)
2025-08-23T22:11:32.5142057Z Requirement already satisfied: httpcore==1.* in /opt/hostedtoolcache/Python/3.12.11/x64/lib/python3.12/site-packages (from httpx~=0.26.0->python-telegram-bot==20.8->-r services/alert_bot/requirements.txt (line 1)) (1.0.9)
2025-08-23T22:11:32.5145316Z Requirement already satisfied: idna in /opt/hostedtoolcache/Python/3.12.11/x64/lib/python3.12/site-packages (from httpx~=0.26.0->python-telegram-bot==20.8->-r services/alert_bot/requirements.txt (line 1)) (3.10)
2025-08-23T22:11:32.5148928Z Requirement already satisfied: sniffio in /opt/hostedtoolcache/Python/3.12.11/x64/lib/python3.12/site-packages (from httpx~=0.26.0->python-telegram-bot==20.8->-r services/alert_bot/requirements.txt (line 1)) (1.3.1)
2025-08-23T22:11:32.5163530Z Requirement already satisfied: h11>=0.16 in /opt/hostedtoolcache/Python/3.12.11/x64/lib/python3.12/site-packages (from httpcore==1.*->httpx~=0.26.0->python-telegram-bot==20.8->-r services/alert_bot/requirements.txt (line 1)) (0.16.0)
2025-08-23T22:11:32.5212284Z Requirement already satisfied: typing_extensions>=4.5 in /opt/hostedtoolcache/Python/3.12.11/x64/lib/python3.12/site-packages (from anyio->httpx~=0.26.0->python-telegram-bot==20.8->-r services/alert_bot/requirements.txt (line 1)) (4.14.1)
2025-08-23T22:11:32.5262331Z Using cached python_telegram_bot-20.8-py3-none-any.whl (604 kB)
2025-08-23T22:11:32.5279284Z Using cached APScheduler-3.10.4-py3-none-any.whl (59 kB)
2025-08-23T22:11:32.5290108Z Using cached httpx-0.26.0-py3-none-any.whl (75 kB)
2025-08-23T22:11:32.5301359Z Using cached tzlocal-5.3.1-py3-none-any.whl (18 kB)
2025-08-23T22:11:32.6769299Z Installing collected packages: tzlocal, httpx, APScheduler, python-telegram-bot
2025-08-23T22:11:32.6898560Z   Attempting uninstall: httpx
2025-08-23T22:11:32.6929985Z     Found existing installation: httpx 0.27.2
2025-08-23T22:11:32.6967417Z     Uninstalling httpx-0.27.2:
2025-08-23T22:11:32.6980748Z       Successfully uninstalled httpx-0.27.2
2025-08-23T22:11:33.1215551Z 
2025-08-23T22:11:33.1299385Z Successfully installed APScheduler-3.10.4 httpx-0.26.0 python-telegram-bot-20.8 tzlocal-5.3.1
2025-08-23T22:11:33.6278972Z Collecting Jinja2==3.1.6 (from -r requirements-dev.txt (line 2))
2025-08-23T22:11:33.6292814Z   Using cached jinja2-3.1.6-py3-none-any.whl.metadata (2.9 kB)
2025-08-23T22:11:33.6495167Z Collecting alembic==1.16.4 (from -r requirements-dev.txt (line 3))
2025-08-23T22:11:33.6507058Z   Using cached alembic-1.16.4-py3-none-any.whl.metadata (7.3 kB)
2025-08-23T22:11:33.6530268Z Requirement already satisfied: apscheduler==3.10.4 in /opt/hostedtoolcache/Python/3.12.11/x64/lib/python3.12/site-packages (from -r requirements-dev.txt (line 4)) (3.10.4)
2025-08-23T22:11:33.6535521Z Requirement already satisfied: asgi-correlation-id==4.3.1 in /opt/hostedtoolcache/Python/3.12.11/x64/lib/python3.12/site-packages (from -r requirements-dev.txt (line 5)) (4.3.1)
2025-08-23T22:11:33.6898117Z Collecting asyncpg==0.30.0 (from -r requirements-dev.txt (line 6))
2025-08-23T22:11:33.6910697Z   Using cached asyncpg-0.30.0-cp312-cp312-manylinux_2_17_x86_64.manylinux2014_x86_64.whl.metadata (5.0 kB)
2025-08-23T22:11:33.7330437Z Collecting black==25.1.0 (from -r requirements-dev.txt (line 7))
2025-08-23T22:11:33.7342260Z   Using cached black-25.1.0-cp312-cp312-manylinux_2_17_x86_64.manylinux2014_x86_64.manylinux_2_28_x86_64.whl.metadata (81 kB)
2025-08-23T22:11:33.7424487Z Requirement already satisfied: boto3 in /opt/hostedtoolcache/Python/3.12.11/x64/lib/python3.12/site-packages (from -r requirements-dev.txt (line 8)) (1.34.162)
2025-08-23T22:11:33.7783168Z Collecting redis==6.* (from -r requirements-dev.txt (line 9))
2025-08-23T22:11:33.7795244Z   Using cached redis-6.4.0-py3-none-any.whl.metadata (10 kB)
2025-08-23T22:11:33.7827026Z Requirement already satisfied: minio==7.* in /opt/hostedtoolcache/Python/3.12.11/x64/lib/python3.12/site-packages (from -r requirements-dev.txt (line 10)) (7.1.15)
2025-08-23T22:11:33.7955984Z Collecting vulture==2.10 (from -r requirements-dev.txt (line 11))
2025-08-23T22:11:33.7967934Z   Using cached vulture-2.10-py2.py3-none-any.whl.metadata (23 kB)
2025-08-23T22:11:33.8263937Z Collecting celery==5.5.3 (from -r requirements-dev.txt (line 12))
2025-08-23T22:11:33.8275458Z   Using cached celery-5.5.3-py3-none-any.whl.metadata (22 kB)
2025-08-23T22:11:33.8842274Z Collecting fastapi==0.116.1 (from -r requirements-dev.txt (line 13))
2025-08-23T22:11:33.8854220Z   Using cached fastapi-0.116.1-py3-none-any.whl.metadata (28 kB)
2025-08-23T22:11:33.8923509Z Requirement already satisfied: fastapi-limiter==0.1.6 in /opt/hostedtoolcache/Python/3.12.11/x64/lib/python3.12/site-packages (from -r requirements-dev.txt (line 15)) (0.1.6)
2025-08-23T22:11:33.9098464Z Collecting httpx<0.29,>=0.27 (from -r requirements-dev.txt (line 16))
2025-08-23T22:11:33.9110120Z   Using cached httpx-0.28.1-py3-none-any.whl.metadata (7.1 kB)
2025-08-23T22:11:33.9143796Z Requirement already satisfied: imapclient==3.0.1 in /opt/hostedtoolcache/Python/3.12.11/x64/lib/python3.12/site-packages (from -r requirements-dev.txt (line 17)) (3.0.1)
2025-08-23T22:11:33.9217190Z Collecting itsdangerous (from -r requirements-dev.txt (line 18))
2025-08-23T22:11:33.9228983Z   Using cached itsdangerous-2.2.0-py3-none-any.whl.metadata (1.9 kB)
2025-08-23T22:11:34.0219891Z Collecting mypy==1.* (from -r requirements-dev.txt (line 19))
2025-08-23T22:11:34.0233857Z   Using cached mypy-1.17.1-cp312-cp312-manylinux2014_x86_64.manylinux_2_17_x86_64.manylinux_2_28_x86_64.whl.metadata (2.2 kB)
2025-08-23T22:11:34.0263477Z Requirement already satisfied: mypy-extensions==1.1.0 in /opt/hostedtoolcache/Python/3.12.11/x64/lib/python3.12/site-packages (from -r requirements-dev.txt (line 20)) (1.1.0)
2025-08-23T22:11:34.0268413Z Requirement already satisfied: numpy<2 in /opt/hostedtoolcache/Python/3.12.11/x64/lib/python3.12/site-packages (from -r requirements-dev.txt (line 21)) (1.26.4)
2025-08-23T22:11:34.0273186Z Requirement already satisfied: openpyxl==3.1.5 in /opt/hostedtoolcache/Python/3.12.11/x64/lib/python3.12/site-packages (from -r requirements-dev.txt (line 22)) (3.1.5)
2025-08-23T22:11:34.0278265Z Requirement already satisfied: pandas==2.2.* in /opt/hostedtoolcache/Python/3.12.11/x64/lib/python3.12/site-packages (from -r requirements-dev.txt (line 23)) (2.2.3)
2025-08-23T22:11:34.0283026Z Requirement already satisfied: psycopg2-binary==2.9.10 in /opt/hostedtoolcache/Python/3.12.11/x64/lib/python3.12/site-packages (from -r requirements-dev.txt (line 24)) (2.9.10)
2025-08-23T22:11:34.0289021Z Requirement already satisfied: psycopg==3.2.9 in /opt/hostedtoolcache/Python/3.12.11/x64/lib/python3.12/site-packages (from psycopg[binary]==3.2.9->-r requirements-dev.txt (line 25)) (3.2.9)
2025-08-23T22:11:34.0293586Z Requirement already satisfied: pydantic==2.11.7 in /opt/hostedtoolcache/Python/3.12.11/x64/lib/python3.12/site-packages (from -r requirements-dev.txt (line 26)) (2.11.7)
2025-08-23T22:11:34.1484036Z Collecting setuptools (from -r requirements-dev.txt (line 27))
2025-08-23T22:11:34.1496965Z   Using cached setuptools-80.9.0-py3-none-any.whl.metadata (6.6 kB)
2025-08-23T22:11:34.1738730Z Collecting pytest-asyncio==1.1.0 (from -r requirements-dev.txt (line 28))
2025-08-23T22:11:34.1751619Z   Using cached pytest_asyncio-1.1.0-py3-none-any.whl.metadata (4.1 kB)
2025-08-23T22:11:34.1893368Z Collecting pytest-cov==6.2.1 (from -r requirements-dev.txt (line 29))
2025-08-23T22:11:34.1904976Z   Using cached pytest_cov-6.2.1-py3-none-any.whl.metadata (30 kB)
2025-08-23T22:11:34.2046099Z Collecting pytest-postgresql==7.0.2 (from -r requirements-dev.txt (line 30))
2025-08-23T22:11:34.2057398Z   Using cached pytest_postgresql-7.0.2-py3-none-any.whl.metadata (18 kB)
2025-08-23T22:11:34.2087586Z Requirement already satisfied: python-dotenv in /opt/hostedtoolcache/Python/3.12.11/x64/lib/python3.12/site-packages (from -r requirements-dev.txt (line 31)) (1.1.1)
2025-08-23T22:11:34.2091989Z Requirement already satisfied: python-multipart in /opt/hostedtoolcache/Python/3.12.11/x64/lib/python3.12/site-packages (from -r requirements-dev.txt (line 32)) (0.0.20)
2025-08-23T22:11:34.2346883Z Collecting python-telegram-bot==22.3 (from -r requirements-dev.txt (line 33))
2025-08-23T22:11:34.2358361Z   Using cached python_telegram_bot-22.3-py3-none-any.whl.metadata (17 kB)
2025-08-23T22:11:34.2628007Z Collecting requests==2.32.4 (from -r requirements-dev.txt (line 34))
2025-08-23T22:11:34.2639661Z   Using cached requests-2.32.4-py3-none-any.whl.metadata (4.9 kB)
2025-08-23T22:11:34.2790729Z Collecting respx==0.22.0 (from -r requirements-dev.txt (line 35))
2025-08-23T22:11:34.2802127Z   Using cached respx-0.22.0-py2.py3-none-any.whl.metadata (4.1 kB)
2025-08-23T22:11:34.6395586Z Collecting ruff==0.9.9 (from -r requirements-dev.txt (line 36))
2025-08-23T22:11:34.6409338Z   Using cached ruff-0.9.9-py3-none-manylinux_2_17_x86_64.manylinux2014_x86_64.whl.metadata (25 kB)
2025-08-23T22:11:34.8901879Z Collecting sqlalchemy==2.0.43 (from -r requirements-dev.txt (line 37))
2025-08-23T22:11:34.8915076Z   Using cached sqlalchemy-2.0.43-cp312-cp312-manylinux_2_17_x86_64.manylinux2014_x86_64.whl.metadata (9.6 kB)
2025-08-23T22:11:34.9010804Z Requirement already satisfied: structlog==24.1.0 in /opt/hostedtoolcache/Python/3.12.11/x64/lib/python3.12/site-packages (from -r requirements-dev.txt (line 38)) (24.1.0)
2025-08-23T22:11:34.9142620Z Collecting testcontainers==4.12.0 (from testcontainers[postgres]==4.12.0->-r requirements-dev.txt (line 39))
2025-08-23T22:11:34.9154047Z   Using cached testcontainers-4.12.0-py3-none-any.whl.metadata (8.3 kB)
2025-08-23T22:11:34.9515749Z Collecting types-requests==2.32.4.20250809 (from -r requirements-dev.txt (line 40))
2025-08-23T22:11:34.9528148Z   Using cached types_requests-2.32.4.20250809-py3-none-any.whl.metadata (2.0 kB)
2025-08-23T22:11:34.9669750Z Collecting docspec-python==2.2.2 (from -r requirements-dev.txt (line 41))
2025-08-23T22:11:34.9680888Z   Using cached docspec_python-2.2.2-py3-none-any.whl.metadata (1.0 kB)
2025-08-23T22:11:34.9833638Z Collecting pydoc-markdown==4.8.2 (from -r requirements-dev.txt (line 42))
2025-08-23T22:11:34.9845061Z   Using cached pydoc_markdown-4.8.2-py3-none-any.whl.metadata (5.9 kB)
2025-08-23T22:11:34.9876843Z Requirement already satisfied: pandera==0.19.* in /opt/hostedtoolcache/Python/3.12.11/x64/lib/python3.12/site-packages (from -r requirements-dev.txt (line 43)) (0.19.3)
2025-08-23T22:11:34.9894353Z Requirement already satisfied: MarkupSafe>=2.0 in /opt/hostedtoolcache/Python/3.12.11/x64/lib/python3.12/site-packages (from Jinja2==3.1.6->-r requirements-dev.txt (line 2)) (3.0.2)
2025-08-23T22:11:35.0036152Z Requirement already satisfied: Mako in /opt/hostedtoolcache/Python/3.12.11/x64/lib/python3.12/site-packages (from alembic==1.16.4->-r requirements-dev.txt (line 3)) (1.3.10)
2025-08-23T22:11:35.0040349Z Requirement already satisfied: typing-extensions>=4.12 in /opt/hostedtoolcache/Python/3.12.11/x64/lib/python3.12/site-packages (from alembic==1.16.4->-r requirements-dev.txt (line 3)) (4.14.1)
2025-08-23T22:11:35.0054565Z Requirement already satisfied: six>=1.4.0 in /opt/hostedtoolcache/Python/3.12.11/x64/lib/python3.12/site-packages (from apscheduler==3.10.4->-r requirements-dev.txt (line 4)) (1.17.0)
2025-08-23T22:11:35.0058639Z Requirement already satisfied: pytz in /opt/hostedtoolcache/Python/3.12.11/x64/lib/python3.12/site-packages (from apscheduler==3.10.4->-r requirements-dev.txt (line 4)) (2025.2)
2025-08-23T22:11:35.0064887Z Requirement already satisfied: tzlocal!=3.*,>=2.0 in /opt/hostedtoolcache/Python/3.12.11/x64/lib/python3.12/site-packages (from apscheduler==3.10.4->-r requirements-dev.txt (line 4)) (5.3.1)
2025-08-23T22:11:35.0097344Z Requirement already satisfied: starlette>=0.18 in /opt/hostedtoolcache/Python/3.12.11/x64/lib/python3.12/site-packages (from asgi-correlation-id==4.3.1->-r requirements-dev.txt (line 5)) (0.37.2)
2025-08-23T22:11:35.0118294Z Requirement already satisfied: click>=8.0.0 in /opt/hostedtoolcache/Python/3.12.11/x64/lib/python3.12/site-packages (from black==25.1.0->-r requirements-dev.txt (line 7)) (8.2.1)
2025-08-23T22:11:35.0123294Z Requirement already satisfied: packaging>=22.0 in /opt/hostedtoolcache/Python/3.12.11/x64/lib/python3.12/site-packages (from black==25.1.0->-r requirements-dev.txt (line 7)) (25.0)
2025-08-23T22:11:35.0217055Z Collecting pathspec>=0.9.0 (from black==25.1.0->-r requirements-dev.txt (line 7))
2025-08-23T22:11:35.0228154Z   Using cached pathspec-0.12.1-py3-none-any.whl.metadata (21 kB)
2025-08-23T22:11:35.0393930Z Collecting platformdirs>=2 (from black==25.1.0->-r requirements-dev.txt (line 7))
2025-08-23T22:11:35.0404912Z   Using cached platformdirs-4.3.8-py3-none-any.whl.metadata (12 kB)
2025-08-23T22:11:35.0508844Z Collecting toml (from vulture==2.10->-r requirements-dev.txt (line 11))
2025-08-23T22:11:35.0520600Z   Using cached toml-0.10.2-py2.py3-none-any.whl.metadata (7.1 kB)
2025-08-23T22:11:35.0549132Z Requirement already satisfied: billiard<5.0,>=4.2.1 in /opt/hostedtoolcache/Python/3.12.11/x64/lib/python3.12/site-packages (from celery==5.5.3->-r requirements-dev.txt (line 12)) (4.2.1)
2025-08-23T22:11:35.0554392Z Requirement already satisfied: kombu<5.6,>=5.5.2 in /opt/hostedtoolcache/Python/3.12.11/x64/lib/python3.12/site-packages (from celery==5.5.3->-r requirements-dev.txt (line 12)) (5.5.4)
2025-08-23T22:11:35.0559422Z Requirement already satisfied: vine<6.0,>=5.1.0 in /opt/hostedtoolcache/Python/3.12.11/x64/lib/python3.12/site-packages (from celery==5.5.3->-r requirements-dev.txt (line 12)) (5.1.0)
2025-08-23T22:11:35.0565478Z Requirement already satisfied: click-didyoumean>=0.3.0 in /opt/hostedtoolcache/Python/3.12.11/x64/lib/python3.12/site-packages (from celery==5.5.3->-r requirements-dev.txt (line 12)) (0.3.1)
2025-08-23T22:11:35.0570504Z Requirement already satisfied: click-repl>=0.2.0 in /opt/hostedtoolcache/Python/3.12.11/x64/lib/python3.12/site-packages (from celery==5.5.3->-r requirements-dev.txt (line 12)) (0.3.0)
2025-08-23T22:11:35.0575307Z Requirement already satisfied: click-plugins>=1.1.1 in /opt/hostedtoolcache/Python/3.12.11/x64/lib/python3.12/site-packages (from celery==5.5.3->-r requirements-dev.txt (line 12)) (1.1.1.2)
2025-08-23T22:11:35.0581056Z Requirement already satisfied: python-dateutil>=2.8.2 in /opt/hostedtoolcache/Python/3.12.11/x64/lib/python3.12/site-packages (from celery==5.5.3->-r requirements-dev.txt (line 12)) (2.9.0.post0)
2025-08-23T22:11:35.0887056Z Collecting starlette>=0.18 (from asgi-correlation-id==4.3.1->-r requirements-dev.txt (line 5))
2025-08-23T22:11:35.0898536Z   Using cached starlette-0.47.2-py3-none-any.whl.metadata (6.2 kB)
2025-08-23T22:11:35.0945615Z Requirement already satisfied: annotated-types>=0.6.0 in /opt/hostedtoolcache/Python/3.12.11/x64/lib/python3.12/site-packages (from pydantic==2.11.7->-r requirements-dev.txt (line 26)) (0.7.0)
2025-08-23T22:11:35.0951603Z Requirement already satisfied: pydantic-core==2.33.2 in /opt/hostedtoolcache/Python/3.12.11/x64/lib/python3.12/site-packages (from pydantic==2.11.7->-r requirements-dev.txt (line 26)) (2.33.2)
2025-08-23T22:11:35.0959963Z Requirement already satisfied: typing-inspection>=0.4.0 in /opt/hostedtoolcache/Python/3.12.11/x64/lib/python3.12/site-packages (from pydantic==2.11.7->-r requirements-dev.txt (line 26)) (0.4.1)
2025-08-23T22:11:35.1118446Z Requirement already satisfied: et-xmlfile in /opt/hostedtoolcache/Python/3.12.11/x64/lib/python3.12/site-packages (from openpyxl==3.1.5->-r requirements-dev.txt (line 22)) (2.0.0)
2025-08-23T22:11:35.1509745Z Collecting pytest<9,>=8.2 (from pytest-asyncio==1.1.0->-r requirements-dev.txt (line 28))
2025-08-23T22:11:35.1521243Z   Using cached pytest-8.4.1-py3-none-any.whl.metadata (7.7 kB)
2025-08-23T22:11:35.5121356Z Collecting coverage>=7.5 (from coverage[toml]>=7.5->pytest-cov==6.2.1->-r requirements-dev.txt (line 29))
2025-08-23T22:11:35.5134616Z   Using cached coverage-7.10.5-cp312-cp312-manylinux1_x86_64.manylinux_2_28_x86_64.manylinux_2_5_x86_64.whl.metadata (8.9 kB)
2025-08-23T22:11:35.5350465Z Collecting pluggy>=1.2 (from pytest-cov==6.2.1->-r requirements-dev.txt (line 29))
2025-08-23T22:11:35.5361935Z   Using cached pluggy-1.6.0-py3-none-any.whl.metadata (4.8 kB)
2025-08-23T22:11:35.5624952Z Collecting port-for>=0.7.3 (from pytest-postgresql==7.0.2->-r requirements-dev.txt (line 30))
2025-08-23T22:11:35.5636196Z   Using cached port_for-0.7.4-py3-none-any.whl.metadata (7.1 kB)
2025-08-23T22:11:35.5759388Z Collecting mirakuru>=2.6.0 (from pytest-postgresql==7.0.2->-r requirements-dev.txt (line 30))
2025-08-23T22:11:35.5770442Z   Using cached mirakuru-2.6.1-py3-none-any.whl.metadata (10 kB)
2025-08-23T22:11:35.5822798Z Requirement already satisfied: charset_normalizer<4,>=2 in /opt/hostedtoolcache/Python/3.12.11/x64/lib/python3.12/site-packages (from requests==2.32.4->-r requirements-dev.txt (line 34)) (3.4.3)
2025-08-23T22:11:35.5826798Z Requirement already satisfied: idna<4,>=2.5 in /opt/hostedtoolcache/Python/3.12.11/x64/lib/python3.12/site-packages (from requests==2.32.4->-r requirements-dev.txt (line 34)) (3.10)
2025-08-23T22:11:35.5831039Z Requirement already satisfied: urllib3<3,>=1.21.1 in /opt/hostedtoolcache/Python/3.12.11/x64/lib/python3.12/site-packages (from requests==2.32.4->-r requirements-dev.txt (line 34)) (2.5.0)
2025-08-23T22:11:35.5834830Z Requirement already satisfied: certifi>=2017.4.17 in /opt/hostedtoolcache/Python/3.12.11/x64/lib/python3.12/site-packages (from requests==2.32.4->-r requirements-dev.txt (line 34)) (2025.8.3)
2025-08-23T22:11:35.5933473Z Requirement already satisfied: greenlet>=1 in /opt/hostedtoolcache/Python/3.12.11/x64/lib/python3.12/site-packages (from sqlalchemy==2.0.43->-r requirements-dev.txt (line 37)) (3.2.4)
2025-08-23T22:11:35.6130394Z Collecting docker (from testcontainers==4.12.0->testcontainers[postgres]==4.12.0->-r requirements-dev.txt (line 39))
2025-08-23T22:11:35.6140893Z   Using cached docker-7.1.0-py3-none-any.whl.metadata (3.8 kB)
2025-08-23T22:11:35.6180540Z Requirement already satisfied: wrapt in /opt/hostedtoolcache/Python/3.12.11/x64/lib/python3.12/site-packages (from testcontainers==4.12.0->testcontainers[postgres]==4.12.0->-r requirements-dev.txt (line 39)) (1.17.3)
2025-08-23T22:11:35.6404049Z Collecting docspec==2.2.1 (from docspec-python==2.2.2->-r requirements-dev.txt (line 41))
2025-08-23T22:11:35.6415969Z   Using cached docspec-2.2.1-py3-none-any.whl.metadata (1.5 kB)
2025-08-23T22:11:35.6560450Z Collecting nr-util>=0.8.12 (from docspec-python==2.2.2->-r requirements-dev.txt (line 41))
2025-08-23T22:11:35.6571223Z   Using cached nr.util-0.8.12-py3-none-any.whl.metadata (813 bytes)
2025-08-23T22:11:35.6601773Z Requirement already satisfied: PyYAML<7.0,>=5.0 in /opt/hostedtoolcache/Python/3.12.11/x64/lib/python3.12/site-packages (from pydoc-markdown==4.8.2->-r requirements-dev.txt (line 42)) (6.0.2)
2025-08-23T22:11:35.6813005Z Collecting databind.core<5.0.0,>=4.4.0 (from pydoc-markdown==4.8.2->-r requirements-dev.txt (line 42))
2025-08-23T22:11:35.6823652Z   Using cached databind.core-4.5.2-py3-none-any.whl.metadata (1.1 kB)
2025-08-23T22:11:35.7024049Z Collecting databind.json<5.0.0,>=4.4.0 (from pydoc-markdown==4.8.2->-r requirements-dev.txt (line 42))
2025-08-23T22:11:35.7034920Z   Using cached databind.json-4.5.2-py3-none-any.whl.metadata (1.1 kB)
2025-08-23T22:11:35.7155723Z Collecting docstring-parser<0.12,>=0.11 (from pydoc-markdown==4.8.2->-r requirements-dev.txt (line 42))
2025-08-23T22:11:35.7157048Z   Using cached docstring_parser-0.11-py3-none-any.whl
2025-08-23T22:11:35.7448681Z Collecting tomli<3.0.0,>=2.0.0 (from pydoc-markdown==4.8.2->-r requirements-dev.txt (line 42))
2025-08-23T22:11:35.7459941Z   Using cached tomli-2.2.1-cp312-cp312-manylinux_2_17_x86_64.manylinux2014_x86_64.whl.metadata (11 kB)
2025-08-23T22:11:35.7546737Z Collecting tomli_w<2.0.0,>=1.0.0 (from pydoc-markdown==4.8.2->-r requirements-dev.txt (line 42))
2025-08-23T22:11:35.7557524Z   Using cached tomli_w-1.2.0-py3-none-any.whl.metadata (5.7 kB)
2025-08-23T22:11:35.7986792Z Collecting watchdog (from pydoc-markdown==4.8.2->-r requirements-dev.txt (line 42))
2025-08-23T22:11:35.7998317Z   Using cached watchdog-6.0.0-py3-none-manylinux2014_x86_64.whl.metadata (44 kB)
2025-08-23T22:11:35.8181210Z Collecting yapf>=0.30.0 (from pydoc-markdown==4.8.2->-r requirements-dev.txt (line 42))
2025-08-23T22:11:35.8191802Z   Using cached yapf-0.43.0-py3-none-any.whl.metadata (46 kB)
2025-08-23T22:11:35.8361392Z Collecting Deprecated<2.0.0,>=1.2.12 (from docspec==2.2.1->docspec-python==2.2.2->-r requirements-dev.txt (line 41))
2025-08-23T22:11:35.8372175Z   Using cached Deprecated-1.2.18-py2.py3-none-any.whl.metadata (5.7 kB)
2025-08-23T22:11:35.8546521Z Requirement already satisfied: psycopg-binary==3.2.9 in /opt/hostedtoolcache/Python/3.12.11/x64/lib/python3.12/site-packages (from psycopg[binary]==3.2.9->-r requirements-dev.txt (line 25)) (3.2.9)
2025-08-23T22:11:35.8644341Z Requirement already satisfied: anyio in /opt/hostedtoolcache/Python/3.12.11/x64/lib/python3.12/site-packages (from httpx<0.29,>=0.27->-r requirements-dev.txt (line 16)) (4.10.0)
2025-08-23T22:11:35.8650738Z Requirement already satisfied: httpcore==1.* in /opt/hostedtoolcache/Python/3.12.11/x64/lib/python3.12/site-packages (from httpx<0.29,>=0.27->-r requirements-dev.txt (line 16)) (1.0.9)
2025-08-23T22:11:35.8769008Z Requirement already satisfied: tzdata>=2022.7 in /opt/hostedtoolcache/Python/3.12.11/x64/lib/python3.12/site-packages (from pandas==2.2.*->-r requirements-dev.txt (line 23)) (2025.2)
2025-08-23T22:11:35.8875448Z Requirement already satisfied: multimethod<=1.10.0 in /opt/hostedtoolcache/Python/3.12.11/x64/lib/python3.12/site-packages (from pandera==0.19.*->-r requirements-dev.txt (line 43)) (1.10)
2025-08-23T22:11:35.8895323Z Requirement already satisfied: typeguard in /opt/hostedtoolcache/Python/3.12.11/x64/lib/python3.12/site-packages (from pandera==0.19.*->-r requirements-dev.txt (line 43)) (4.4.4)
2025-08-23T22:11:35.8901810Z Requirement already satisfied: typing-inspect>=0.6.0 in /opt/hostedtoolcache/Python/3.12.11/x64/lib/python3.12/site-packages (from pandera==0.19.*->-r requirements-dev.txt (line 43)) (0.9.0)
2025-08-23T22:11:35.9156942Z Collecting databind<5.0.0,>=4.5.2 (from databind.core<5.0.0,>=4.4.0->pydoc-markdown==4.8.2->-r requirements-dev.txt (line 42))
2025-08-23T22:11:35.9168380Z   Using cached databind-4.5.2-py3-none-any.whl.metadata (4.3 kB)
2025-08-23T22:11:35.9271494Z Collecting nr-date<3.0.0,>=2.0.0 (from databind<5.0.0,>=4.5.2->databind.core<5.0.0,>=4.4.0->pydoc-markdown==4.8.2->-r requirements-dev.txt (line 42))
2025-08-23T22:11:35.9282557Z   Using cached nr_date-2.1.0-py3-none-any.whl.metadata (746 bytes)
2025-08-23T22:11:35.9390675Z Collecting nr-stream<2.0.0,>=1.0.0 (from databind<5.0.0,>=4.5.2->databind.core<5.0.0,>=4.4.0->pydoc-markdown==4.8.2->-r requirements-dev.txt (line 42))
2025-08-23T22:11:35.9401933Z   Using cached nr_stream-1.1.5-py3-none-any.whl.metadata (3.6 kB)
2025-08-23T22:11:35.9548718Z Collecting typeapi<3,>=2.0.1 (from databind<5.0.0,>=4.5.2->databind.core<5.0.0,>=4.4.0->pydoc-markdown==4.8.2->-r requirements-dev.txt (line 42))
2025-08-23T22:11:35.9560195Z   Using cached typeapi-2.2.4-py3-none-any.whl.metadata (1.5 kB)
2025-08-23T22:11:35.9656090Z Requirement already satisfied: h11>=0.16 in /opt/hostedtoolcache/Python/3.12.11/x64/lib/python3.12/site-packages (from httpcore==1.*->httpx<0.29,>=0.27->-r requirements-dev.txt (line 16)) (0.16.0)
2025-08-23T22:11:35.9698392Z Requirement already satisfied: amqp<6.0.0,>=5.1.1 in /opt/hostedtoolcache/Python/3.12.11/x64/lib/python3.12/site-packages (from kombu<5.6,>=5.5.2->celery==5.5.3->-r requirements-dev.txt (line 12)) (5.3.1)
2025-08-23T22:11:35.9962648Z Collecting iniconfig>=1 (from pytest<9,>=8.2->pytest-asyncio==1.1.0->-r requirements-dev.txt (line 28))
2025-08-23T22:11:35.9974024Z   Using cached iniconfig-2.1.0-py3-none-any.whl.metadata (2.7 kB)
2025-08-23T22:11:36.0011367Z Requirement already satisfied: pygments>=2.7.2 in /opt/hostedtoolcache/Python/3.12.11/x64/lib/python3.12/site-packages (from pytest<9,>=8.2->pytest-asyncio==1.1.0->-r requirements-dev.txt (line 28)) (2.19.2)
2025-08-23T22:11:36.0095456Z Requirement already satisfied: sniffio>=1.1 in /opt/hostedtoolcache/Python/3.12.11/x64/lib/python3.12/site-packages (from anyio->httpx<0.29,>=0.27->-r requirements-dev.txt (line 16)) (1.3.1)
2025-08-23T22:11:36.0243389Z Requirement already satisfied: botocore<1.35.0,>=1.34.162 in /opt/hostedtoolcache/Python/3.12.11/x64/lib/python3.12/site-packages (from boto3->-r requirements-dev.txt (line 8)) (1.34.162)
2025-08-23T22:11:36.0250581Z Requirement already satisfied: jmespath<2.0.0,>=0.7.1 in /opt/hostedtoolcache/Python/3.12.11/x64/lib/python3.12/site-packages (from boto3->-r requirements-dev.txt (line 8)) (1.0.1)
2025-08-23T22:11:36.0257971Z Requirement already satisfied: s3transfer<0.11.0,>=0.10.0 in /opt/hostedtoolcache/Python/3.12.11/x64/lib/python3.12/site-packages (from boto3->-r requirements-dev.txt (line 8)) (0.10.4)
2025-08-23T22:11:36.0382491Z Requirement already satisfied: fastapi-cli>=0.0.8 in /opt/hostedtoolcache/Python/3.12.11/x64/lib/python3.12/site-packages (from fastapi-cli[standard]>=0.0.8; extra == "all"->fastapi[all]->-r requirements-dev.txt (line 14)) (0.0.8)
2025-08-23T22:11:36.0508494Z Requirement already satisfied: ujson!=4.0.2,!=4.1.0,!=4.2.0,!=4.3.0,!=5.0.0,!=5.1.0,>=4.0.1 in /opt/hostedtoolcache/Python/3.12.11/x64/lib/python3.12/site-packages (from fastapi[all]->-r requirements-dev.txt (line 14)) (5.11.0)
2025-08-23T22:11:36.0515006Z Requirement already satisfied: orjson>=3.2.1 in /opt/hostedtoolcache/Python/3.12.11/x64/lib/python3.12/site-packages (from fastapi[all]->-r requirements-dev.txt (line 14)) (3.11.2)
2025-08-23T22:11:36.0521974Z Requirement already satisfied: email-validator>=2.0.0 in /opt/hostedtoolcache/Python/3.12.11/x64/lib/python3.12/site-packages (from fastapi[all]->-r requirements-dev.txt (line 14)) (2.2.0)
2025-08-23T22:11:36.0530397Z Requirement already satisfied: uvicorn>=0.12.0 in /opt/hostedtoolcache/Python/3.12.11/x64/lib/python3.12/site-packages (from uvicorn[standard]>=0.12.0; extra == "all"->fastapi[all]->-r requirements-dev.txt (line 14)) (0.29.0)
2025-08-23T22:11:36.0539001Z Requirement already satisfied: pydantic-settings>=2.0.0 in /opt/hostedtoolcache/Python/3.12.11/x64/lib/python3.12/site-packages (from fastapi[all]->-r requirements-dev.txt (line 14)) (2.2.1)
2025-08-23T22:11:36.0682484Z Collecting pydantic-extra-types>=2.0.0 (from fastapi[all]->-r requirements-dev.txt (line 14))
2025-08-23T22:11:36.0694164Z   Using cached pydantic_extra_types-2.10.5-py3-none-any.whl.metadata (3.9 kB)
2025-08-23T22:11:36.0939114Z Requirement already satisfied: prompt-toolkit>=3.0.36 in /opt/hostedtoolcache/Python/3.12.11/x64/lib/python3.12/site-packages (from click-repl>=0.2.0->celery==5.5.3->-r requirements-dev.txt (line 12)) (3.0.51)
2025-08-23T22:11:36.1012237Z Requirement already satisfied: dnspython>=2.0.0 in /opt/hostedtoolcache/Python/3.12.11/x64/lib/python3.12/site-packages (from email-validator>=2.0.0->fastapi[all]->-r requirements-dev.txt (line 14)) (2.7.0)
2025-08-23T22:11:36.1080347Z Requirement already satisfied: typer>=0.15.1 in /opt/hostedtoolcache/Python/3.12.11/x64/lib/python3.12/site-packages (from fastapi-cli>=0.0.8->fastapi-cli[standard]>=0.0.8; extra == "all"->fastapi[all]->-r requirements-dev.txt (line 14)) (0.16.1)
2025-08-23T22:11:36.1092903Z Requirement already satisfied: rich-toolkit>=0.14.8 in /opt/hostedtoolcache/Python/3.12.11/x64/lib/python3.12/site-packages (from fastapi-cli>=0.0.8->fastapi-cli[standard]>=0.0.8; extra == "all"->fastapi[all]->-r requirements-dev.txt (line 14)) (0.15.0)
2025-08-23T22:11:36.1186096Z Collecting fastapi-cloud-cli>=0.1.1 (from fastapi-cli[standard]>=0.0.8; extra == "all"->fastapi[all]->-r requirements-dev.txt (line 14))
2025-08-23T22:11:36.1197549Z   Using cached fastapi_cloud_cli-0.1.5-py3-none-any.whl.metadata (3.2 kB)
2025-08-23T22:11:36.1934459Z Collecting rignore>=0.5.1 (from fastapi-cloud-cli>=0.1.1->fastapi-cli[standard]>=0.0.8; extra == "all"->fastapi[all]->-r requirements-dev.txt (line 14))
2025-08-23T22:11:36.1946060Z   Using cached rignore-0.6.4-cp312-cp312-manylinux_2_17_x86_64.manylinux2014_x86_64.whl.metadata (3.8 kB)
2025-08-23T22:11:36.2434730Z Collecting sentry-sdk>=2.20.0 (from fastapi-cloud-cli>=0.1.1->fastapi-cli[standard]>=0.0.8; extra == "all"->fastapi[all]->-r requirements-dev.txt (line 14))
2025-08-23T22:11:36.2445998Z   Using cached sentry_sdk-2.35.0-py2.py3-none-any.whl.metadata (10 kB)
2025-08-23T22:11:36.3869182Z Collecting psutil>=4.0.0 (from mirakuru>=2.6.0->pytest-postgresql==7.0.2->-r requirements-dev.txt (line 30))
2025-08-23T22:11:36.3882791Z   Using cached psutil-7.0.0-cp36-abi3-manylinux_2_12_x86_64.manylinux2010_x86_64.manylinux_2_17_x86_64.manylinux2014_x86_64.whl.metadata (22 kB)
2025-08-23T22:11:36.4076046Z Requirement already satisfied: wcwidth in /opt/hostedtoolcache/Python/3.12.11/x64/lib/python3.12/site-packages (from prompt-toolkit>=3.0.36->click-repl>=0.2.0->celery==5.5.3->-r requirements-dev.txt (line 12)) (0.2.13)
2025-08-23T22:11:36.4274782Z Requirement already satisfied: rich>=13.7.1 in /opt/hostedtoolcache/Python/3.12.11/x64/lib/python3.12/site-packages (from rich-toolkit>=0.14.8->fastapi-cli>=0.0.8->fastapi-cli[standard]>=0.0.8; extra == "all"->fastapi[all]->-r requirements-dev.txt (line 14)) (14.1.0)
2025-08-23T22:11:36.4311318Z Requirement already satisfied: markdown-it-py>=2.2.0 in /opt/hostedtoolcache/Python/3.12.11/x64/lib/python3.12/site-packages (from rich>=13.7.1->rich-toolkit>=0.14.8->fastapi-cli>=0.0.8->fastapi-cli[standard]>=0.0.8; extra == "all"->fastapi[all]->-r requirements-dev.txt (line 14)) (4.0.0)
2025-08-23T22:11:36.4342795Z Requirement already satisfied: mdurl~=0.1 in /opt/hostedtoolcache/Python/3.12.11/x64/lib/python3.12/site-packages (from markdown-it-py>=2.2.0->rich>=13.7.1->rich-toolkit>=0.14.8->fastapi-cli>=0.0.8->fastapi-cli[standard]>=0.0.8; extra == "all"->fastapi[all]->-r requirements-dev.txt (line 14)) (0.1.2)
2025-08-23T22:11:36.4538288Z Requirement already satisfied: shellingham>=1.3.0 in /opt/hostedtoolcache/Python/3.12.11/x64/lib/python3.12/site-packages (from typer>=0.15.1->fastapi-cli>=0.0.8->fastapi-cli[standard]>=0.0.8; extra == "all"->fastapi[all]->-r requirements-dev.txt (line 14)) (1.5.4)
2025-08-23T22:11:36.4772451Z Requirement already satisfied: httptools>=0.5.0 in /opt/hostedtoolcache/Python/3.12.11/x64/lib/python3.12/site-packages (from uvicorn[standard]>=0.12.0; extra == "all"->fastapi[all]->-r requirements-dev.txt (line 14)) (0.6.4)
2025-08-23T22:11:36.4789701Z Requirement already satisfied: uvloop!=0.15.0,!=0.15.1,>=0.14.0 in /opt/hostedtoolcache/Python/3.12.11/x64/lib/python3.12/site-packages (from uvicorn[standard]>=0.12.0; extra == "all"->fastapi[all]->-r requirements-dev.txt (line 14)) (0.21.0)
2025-08-23T22:11:36.4796969Z Requirement already satisfied: watchfiles>=0.13 in /opt/hostedtoolcache/Python/3.12.11/x64/lib/python3.12/site-packages (from uvicorn[standard]>=0.12.0; extra == "all"->fastapi[all]->-r requirements-dev.txt (line 14)) (1.1.0)
2025-08-23T22:11:36.4804449Z Requirement already satisfied: websockets>=10.4 in /opt/hostedtoolcache/Python/3.12.11/x64/lib/python3.12/site-packages (from uvicorn[standard]>=0.12.0; extra == "all"->fastapi[all]->-r requirements-dev.txt (line 14)) (15.0.1)
2025-08-23T22:11:36.5361694Z Using cached jinja2-3.1.6-py3-none-any.whl (134 kB)
2025-08-23T22:11:36.5374090Z Using cached alembic-1.16.4-py3-none-any.whl (247 kB)
2025-08-23T22:11:36.5388285Z Using cached asyncpg-0.30.0-cp312-cp312-manylinux_2_17_x86_64.manylinux2014_x86_64.whl (3.6 MB)
2025-08-23T22:11:36.5426952Z Using cached black-25.1.0-cp312-cp312-manylinux_2_17_x86_64.manylinux2014_x86_64.manylinux_2_28_x86_64.whl (1.8 MB)
2025-08-23T22:11:36.5451298Z Using cached vulture-2.10-py2.py3-none-any.whl (27 kB)
2025-08-23T22:11:36.5462124Z Using cached celery-5.5.3-py3-none-any.whl (438 kB)
2025-08-23T22:11:36.5475769Z Using cached fastapi-0.116.1-py3-none-any.whl (95 kB)
2025-08-23T22:11:36.5487054Z Using cached pytest_asyncio-1.1.0-py3-none-any.whl (15 kB)
2025-08-23T22:11:36.5497545Z Using cached pytest_cov-6.2.1-py3-none-any.whl (24 kB)
2025-08-23T22:11:36.5508226Z Using cached pytest_postgresql-7.0.2-py3-none-any.whl (41 kB)
2025-08-23T22:11:36.5519180Z Using cached python_telegram_bot-22.3-py3-none-any.whl (717 kB)
2025-08-23T22:11:36.5534996Z Using cached requests-2.32.4-py3-none-any.whl (64 kB)
2025-08-23T22:11:36.5546139Z Using cached respx-0.22.0-py2.py3-none-any.whl (25 kB)
2025-08-23T22:11:36.5557066Z Using cached ruff-0.9.9-py3-none-manylinux_2_17_x86_64.manylinux2014_x86_64.whl (11.2 MB)
2025-08-23T22:11:36.5653713Z Using cached sqlalchemy-2.0.43-cp312-cp312-manylinux_2_17_x86_64.manylinux2014_x86_64.whl (3.3 MB)
2025-08-23T22:11:36.5688815Z Using cached testcontainers-4.12.0-py3-none-any.whl (111 kB)
2025-08-23T22:11:36.5700507Z Using cached types_requests-2.32.4.20250809-py3-none-any.whl (20 kB)
2025-08-23T22:11:36.5711470Z Using cached docspec_python-2.2.2-py3-none-any.whl (15 kB)
2025-08-23T22:11:36.5722204Z Using cached pydoc_markdown-4.8.2-py3-none-any.whl (67 kB)
2025-08-23T22:11:36.5733193Z Using cached docspec-2.2.1-py3-none-any.whl (9.8 kB)
2025-08-23T22:11:36.5743828Z Using cached redis-6.4.0-py3-none-any.whl (279 kB)
2025-08-23T22:11:36.5756632Z Using cached httpx-0.28.1-py3-none-any.whl (73 kB)
2025-08-23T22:11:36.5768286Z Using cached mypy-1.17.1-cp312-cp312-manylinux2014_x86_64.manylinux_2_17_x86_64.manylinux_2_28_x86_64.whl (12.7 MB)
2025-08-23T22:11:36.5874051Z Using cached databind.core-4.5.2-py3-none-any.whl (1.5 kB)
2025-08-23T22:11:36.5884620Z Using cached databind-4.5.2-py3-none-any.whl (49 kB)
2025-08-23T22:11:36.5895571Z Using cached databind.json-4.5.2-py3-none-any.whl (1.5 kB)
2025-08-23T22:11:36.5906304Z Using cached Deprecated-1.2.18-py2.py3-none-any.whl (10.0 kB)
2025-08-23T22:11:36.5916913Z Using cached nr_date-2.1.0-py3-none-any.whl (10 kB)
2025-08-23T22:11:36.5927823Z Using cached nr_stream-1.1.5-py3-none-any.whl (10 kB)
2025-08-23T22:11:36.5938849Z Using cached nr.util-0.8.12-py3-none-any.whl (90 kB)
2025-08-23T22:11:36.5950088Z Using cached pytest-8.4.1-py3-none-any.whl (365 kB)
2025-08-23T22:11:36.5963479Z Using cached pluggy-1.6.0-py3-none-any.whl (20 kB)
2025-08-23T22:11:36.5974486Z Using cached starlette-0.47.2-py3-none-any.whl (72 kB)
2025-08-23T22:11:36.5985909Z Using cached tomli-2.2.1-cp312-cp312-manylinux_2_17_x86_64.manylinux2014_x86_64.whl (242 kB)
2025-08-23T22:11:36.5998318Z Using cached tomli_w-1.2.0-py3-none-any.whl (6.7 kB)
2025-08-23T22:11:36.6009003Z Using cached typeapi-2.2.4-py3-none-any.whl (26 kB)
2025-08-23T22:11:36.6019930Z Using cached itsdangerous-2.2.0-py3-none-any.whl (16 kB)
2025-08-23T22:11:36.6031022Z Using cached setuptools-80.9.0-py3-none-any.whl (1.2 MB)
2025-08-23T22:11:36.6051091Z Using cached coverage-7.10.5-cp312-cp312-manylinux1_x86_64.manylinux_2_28_x86_64.manylinux_2_5_x86_64.whl (251 kB)
2025-08-23T22:11:36.6063102Z Using cached fastapi_cloud_cli-0.1.5-py3-none-any.whl (18 kB)
2025-08-23T22:11:36.6073909Z Using cached iniconfig-2.1.0-py3-none-any.whl (6.0 kB)
2025-08-23T22:11:36.6084581Z Using cached mirakuru-2.6.1-py3-none-any.whl (26 kB)
2025-08-23T22:11:36.6095576Z Using cached pathspec-0.12.1-py3-none-any.whl (31 kB)
2025-08-23T22:11:36.6106390Z Using cached platformdirs-4.3.8-py3-none-any.whl (18 kB)
2025-08-23T22:11:36.6116977Z Using cached port_for-0.7.4-py3-none-any.whl (21 kB)
2025-08-23T22:11:36.6128620Z Using cached psutil-7.0.0-cp36-abi3-manylinux_2_12_x86_64.manylinux2010_x86_64.manylinux_2_17_x86_64.manylinux2014_x86_64.whl (277 kB)
2025-08-23T22:11:36.6141334Z Using cached pydantic_extra_types-2.10.5-py3-none-any.whl (38 kB)
2025-08-23T22:11:36.6152331Z Using cached rignore-0.6.4-cp312-cp312-manylinux_2_17_x86_64.manylinux2014_x86_64.whl (949 kB)
2025-08-23T22:11:36.6170278Z Using cached sentry_sdk-2.35.0-py2.py3-none-any.whl (363 kB)
2025-08-23T22:11:36.6183545Z Using cached yapf-0.43.0-py3-none-any.whl (256 kB)
2025-08-23T22:11:36.6196032Z Using cached docker-7.1.0-py3-none-any.whl (147 kB)
2025-08-23T22:11:36.6207876Z Using cached toml-0.10.2-py2.py3-none-any.whl (16 kB)
2025-08-23T22:11:36.6218911Z Using cached watchdog-6.0.0-py3-none-manylinux2014_x86_64.whl (79 kB)
2025-08-23T22:11:36.8899360Z Installing collected packages: watchdog, types-requests, typeapi, tomli_w, tomli, toml, sqlalchemy, setuptools, sentry-sdk, ruff, rignore, requests, redis, psutil, port-for, pluggy, platformdirs, pathspec, nr-stream, nr-date, Jinja2, itsdangerous, iniconfig, docstring-parser, Deprecated, coverage, asyncpg, yapf, vulture, starlette, pytest, nr-util, mypy, mirakuru, httpx, docker, databind, black, alembic, testcontainers, respx, python-telegram-bot, pytest-postgresql, pytest-cov, pytest-asyncio, pydantic-extra-types, fastapi, databind.json, databind.core, celery, fastapi-cloud-cli, docspec, docspec-python, pydoc-markdown
2025-08-23T22:11:37.0068938Z   Attempting uninstall: sqlalchemy
2025-08-23T22:11:37.0100686Z     Found existing installation: SQLAlchemy 2.0.29
2025-08-23T22:11:37.0314405Z     Uninstalling SQLAlchemy-2.0.29:
2025-08-23T22:11:37.0347231Z       Successfully uninstalled SQLAlchemy-2.0.29
2025-08-23T22:11:38.9470573Z   Attempting uninstall: sentry-sdk
2025-08-23T22:11:38.9501960Z     Found existing installation: sentry-sdk 2.9.0
2025-08-23T22:11:38.9626026Z     Uninstalling sentry-sdk-2.9.0:
2025-08-23T22:11:38.9647408Z       Successfully uninstalled sentry-sdk-2.9.0
2025-08-23T22:11:39.3758131Z   Attempting uninstall: requests
2025-08-23T22:11:39.3802276Z     Found existing installation: requests 2.32.5
2025-08-23T22:11:39.3833349Z     Uninstalling requests-2.32.5:
2025-08-23T22:11:39.3842061Z       Successfully uninstalled requests-2.32.5
2025-08-23T22:11:39.4225091Z   Attempting uninstall: redis
2025-08-23T22:11:39.4258133Z     Found existing installation: redis 5.0.8
2025-08-23T22:11:39.4329561Z     Uninstalling redis-5.0.8:
2025-08-23T22:11:39.4344070Z       Successfully uninstalled redis-5.0.8
2025-08-23T22:11:39.9049127Z   Attempting uninstall: Jinja2
2025-08-23T22:11:39.9098353Z     Found existing installation: Jinja2 3.1.5
2025-08-23T22:11:39.9131293Z     Uninstalling Jinja2-3.1.5:
2025-08-23T22:11:39.9140139Z       Successfully uninstalled Jinja2-3.1.5
2025-08-23T22:11:40.1819252Z   Attempting uninstall: asyncpg
2025-08-23T22:11:40.1874450Z     Found existing installation: asyncpg 0.29.0
2025-08-23T22:11:40.1921953Z     Uninstalling asyncpg-0.29.0:
2025-08-23T22:11:40.1934872Z       Successfully uninstalled asyncpg-0.29.0
2025-08-23T22:11:40.4948835Z   Attempting uninstall: starlette
2025-08-23T22:11:40.5000331Z     Found existing installation: starlette 0.37.2
2025-08-23T22:11:40.5044272Z     Uninstalling starlette-0.37.2:
2025-08-23T22:11:40.5054271Z       Successfully uninstalled starlette-0.37.2
2025-08-23T22:11:42.2940608Z   Attempting uninstall: httpx
2025-08-23T22:11:42.2992638Z     Found existing installation: httpx 0.26.0
2025-08-23T22:11:42.3028262Z     Uninstalling httpx-0.26.0:
2025-08-23T22:11:42.3040930Z       Successfully uninstalled httpx-0.26.0
2025-08-23T22:11:42.6420290Z   Attempting uninstall: alembic
2025-08-23T22:11:42.6454582Z     Found existing installation: alembic 1.13.1
2025-08-23T22:11:42.6531878Z     Uninstalling alembic-1.13.1:
2025-08-23T22:11:42.6552077Z       Successfully uninstalled alembic-1.13.1
2025-08-23T22:11:42.9278004Z   Attempting uninstall: python-telegram-bot
2025-08-23T22:11:42.9325232Z     Found existing installation: python-telegram-bot 20.8
2025-08-23T22:11:42.9480647Z     Uninstalling python-telegram-bot-20.8:
2025-08-23T22:11:42.9503602Z       Successfully uninstalled python-telegram-bot-20.8
2025-08-23T22:11:43.4041690Z   Attempting uninstall: fastapi
2025-08-23T22:11:43.4089140Z     Found existing installation: fastapi 0.111.0
2025-08-23T22:11:43.4140655Z     Uninstalling fastapi-0.111.0:
2025-08-23T22:11:43.4152533Z       Successfully uninstalled fastapi-0.111.0
2025-08-23T22:11:43.5035146Z   Attempting uninstall: celery
2025-08-23T22:11:43.5080872Z     Found existing installation: celery 5.4.0
2025-08-23T22:11:43.5225736Z     Uninstalling celery-5.4.0:
2025-08-23T22:11:43.5253322Z       Successfully uninstalled celery-5.4.0
2025-08-23T22:11:43.9503186Z 
2025-08-23T22:11:43.9621857Z Successfully installed Deprecated-1.2.18 Jinja2-3.1.6 alembic-1.16.4 asyncpg-0.30.0 black-25.1.0 celery-5.5.3 coverage-7.10.5 databind-4.5.2 databind.core-4.5.2 databind.json-4.5.2 docker-7.1.0 docspec-2.2.1 docspec-python-2.2.2 docstring-parser-0.11 fastapi-0.116.1 fastapi-cloud-cli-0.1.5 httpx-0.28.1 iniconfig-2.1.0 itsdangerous-2.2.0 mirakuru-2.6.1 mypy-1.17.1 nr-date-2.1.0 nr-stream-1.1.5 nr-util-0.8.12 pathspec-0.12.1 platformdirs-4.3.8 pluggy-1.6.0 port-for-0.7.4 psutil-7.0.0 pydantic-extra-types-2.10.5 pydoc-markdown-4.8.2 pytest-8.4.1 pytest-asyncio-1.1.0 pytest-cov-6.2.1 pytest-postgresql-7.0.2 python-telegram-bot-22.3 redis-6.4.0 requests-2.32.4 respx-0.22.0 rignore-0.6.4 ruff-0.9.9 sentry-sdk-2.35.0 setuptools-80.9.0 sqlalchemy-2.0.43 starlette-0.47.2 testcontainers-4.12.0 toml-0.10.2 tomli-2.2.1 tomli_w-1.2.0 typeapi-2.2.4 types-requests-2.32.4.20250809 vulture-2.10 watchdog-6.0.0 yapf-0.43.0
2025-08-23T22:11:44.6901774Z Requirement already satisfied: asyncpg in /opt/hostedtoolcache/Python/3.12.11/x64/lib/python3.12/site-packages (0.30.0)
2025-08-23T22:11:45.3004088Z Requirement already satisfied: pytest in /opt/hostedtoolcache/Python/3.12.11/x64/lib/python3.12/site-packages (8.4.1)
2025-08-23T22:11:45.3018406Z Requirement already satisfied: iniconfig>=1 in /opt/hostedtoolcache/Python/3.12.11/x64/lib/python3.12/site-packages (from pytest) (2.1.0)
2025-08-23T22:11:45.3024327Z Requirement already satisfied: packaging>=20 in /opt/hostedtoolcache/Python/3.12.11/x64/lib/python3.12/site-packages (from pytest) (25.0)
2025-08-23T22:11:45.3030082Z Requirement already satisfied: pluggy<2,>=1.5 in /opt/hostedtoolcache/Python/3.12.11/x64/lib/python3.12/site-packages (from pytest) (1.6.0)
2025-08-23T22:11:45.3035178Z Requirement already satisfied: pygments>=2.7.2 in /opt/hostedtoolcache/Python/3.12.11/x64/lib/python3.12/site-packages (from pytest) (2.19.2)
2025-08-23T22:11:45.9646723Z Collecting keepa==1.3.15
2025-08-23T22:11:45.9660476Z   Using cached keepa-1.3.15-py3-none-any.whl.metadata (11 kB)
2025-08-23T22:11:45.9699152Z Requirement already satisfied: minio==7.1.15 in /opt/hostedtoolcache/Python/3.12.11/x64/lib/python3.12/site-packages (7.1.15)
2025-08-23T22:11:45.9708344Z Requirement already satisfied: numpy>=1.9.3 in /opt/hostedtoolcache/Python/3.12.11/x64/lib/python3.12/site-packages (from keepa==1.3.15) (1.26.4)
2025-08-23T22:11:45.9714158Z Requirement already satisfied: requests>=2.2 in /opt/hostedtoolcache/Python/3.12.11/x64/lib/python3.12/site-packages (from keepa==1.3.15) (2.32.4)
2025-08-23T22:11:45.9718384Z Requirement already satisfied: tqdm in /opt/hostedtoolcache/Python/3.12.11/x64/lib/python3.12/site-packages (from keepa==1.3.15) (4.67.1)
2025-08-23T22:11:45.9722546Z Requirement already satisfied: aiohttp in /opt/hostedtoolcache/Python/3.12.11/x64/lib/python3.12/site-packages (from keepa==1.3.15) (3.12.15)
2025-08-23T22:11:45.9728381Z Requirement already satisfied: pandas<=3.0 in /opt/hostedtoolcache/Python/3.12.11/x64/lib/python3.12/site-packages (from keepa==1.3.15) (2.2.3)
2025-08-23T22:11:45.9732350Z Requirement already satisfied: pydantic in /opt/hostedtoolcache/Python/3.12.11/x64/lib/python3.12/site-packages (from keepa==1.3.15) (2.11.7)
2025-08-23T22:11:45.9743549Z Requirement already satisfied: certifi in /opt/hostedtoolcache/Python/3.12.11/x64/lib/python3.12/site-packages (from minio==7.1.15) (2025.8.3)
2025-08-23T22:11:45.9748462Z Requirement already satisfied: urllib3 in /opt/hostedtoolcache/Python/3.12.11/x64/lib/python3.12/site-packages (from minio==7.1.15) (2.5.0)
2025-08-23T22:11:45.9803142Z Requirement already satisfied: python-dateutil>=2.8.2 in /opt/hostedtoolcache/Python/3.12.11/x64/lib/python3.12/site-packages (from pandas<=3.0->keepa==1.3.15) (2.9.0.post0)
2025-08-23T22:11:45.9808916Z Requirement already satisfied: pytz>=2020.1 in /opt/hostedtoolcache/Python/3.12.11/x64/lib/python3.12/site-packages (from pandas<=3.0->keepa==1.3.15) (2025.2)
2025-08-23T22:11:45.9814791Z Requirement already satisfied: tzdata>=2022.7 in /opt/hostedtoolcache/Python/3.12.11/x64/lib/python3.12/site-packages (from pandas<=3.0->keepa==1.3.15) (2025.2)
2025-08-23T22:11:45.9949624Z Requirement already satisfied: six>=1.5 in /opt/hostedtoolcache/Python/3.12.11/x64/lib/python3.12/site-packages (from python-dateutil>=2.8.2->pandas<=3.0->keepa==1.3.15) (1.17.0)
2025-08-23T22:11:45.9969858Z Requirement already satisfied: charset_normalizer<4,>=2 in /opt/hostedtoolcache/Python/3.12.11/x64/lib/python3.12/site-packages (from requests>=2.2->keepa==1.3.15) (3.4.3)
2025-08-23T22:11:45.9976077Z Requirement already satisfied: idna<4,>=2.5 in /opt/hostedtoolcache/Python/3.12.11/x64/lib/python3.12/site-packages (from requests>=2.2->keepa==1.3.15) (3.10)
2025-08-23T22:11:46.0046242Z Requirement already satisfied: aiohappyeyeballs>=2.5.0 in /opt/hostedtoolcache/Python/3.12.11/x64/lib/python3.12/site-packages (from aiohttp->keepa==1.3.15) (2.6.1)
2025-08-23T22:11:46.0052166Z Requirement already satisfied: aiosignal>=1.4.0 in /opt/hostedtoolcache/Python/3.12.11/x64/lib/python3.12/site-packages (from aiohttp->keepa==1.3.15) (1.4.0)
2025-08-23T22:11:46.0059917Z Requirement already satisfied: attrs>=17.3.0 in /opt/hostedtoolcache/Python/3.12.11/x64/lib/python3.12/site-packages (from aiohttp->keepa==1.3.15) (25.3.0)
2025-08-23T22:11:46.0065585Z Requirement already satisfied: frozenlist>=1.1.1 in /opt/hostedtoolcache/Python/3.12.11/x64/lib/python3.12/site-packages (from aiohttp->keepa==1.3.15) (1.7.0)
2025-08-23T22:11:46.0071891Z Requirement already satisfied: multidict<7.0,>=4.5 in /opt/hostedtoolcache/Python/3.12.11/x64/lib/python3.12/site-packages (from aiohttp->keepa==1.3.15) (6.6.4)
2025-08-23T22:11:46.0078338Z Requirement already satisfied: propcache>=0.2.0 in /opt/hostedtoolcache/Python/3.12.11/x64/lib/python3.12/site-packages (from aiohttp->keepa==1.3.15) (0.3.2)
2025-08-23T22:11:46.0084385Z Requirement already satisfied: yarl<2.0,>=1.17.0 in /opt/hostedtoolcache/Python/3.12.11/x64/lib/python3.12/site-packages (from aiohttp->keepa==1.3.15) (1.20.1)
2025-08-23T22:11:46.0158759Z Requirement already satisfied: typing-extensions>=4.2 in /opt/hostedtoolcache/Python/3.12.11/x64/lib/python3.12/site-packages (from aiosignal>=1.4.0->aiohttp->keepa==1.3.15) (4.14.1)
2025-08-23T22:11:46.0240396Z Requirement already satisfied: annotated-types>=0.6.0 in /opt/hostedtoolcache/Python/3.12.11/x64/lib/python3.12/site-packages (from pydantic->keepa==1.3.15) (0.7.0)
2025-08-23T22:11:46.0245481Z Requirement already satisfied: pydantic-core==2.33.2 in /opt/hostedtoolcache/Python/3.12.11/x64/lib/python3.12/site-packages (from pydantic->keepa==1.3.15) (2.33.2)
2025-08-23T22:11:46.0253223Z Requirement already satisfied: typing-inspection>=0.4.0 in /opt/hostedtoolcache/Python/3.12.11/x64/lib/python3.12/site-packages (from pydantic->keepa==1.3.15) (0.4.1)
2025-08-23T22:11:46.0332878Z Using cached keepa-1.3.15-py3-none-any.whl (38 kB)
2025-08-23T22:11:46.2028553Z Installing collected packages: keepa
2025-08-23T22:11:46.2029389Z   Attempting uninstall: keepa
2025-08-23T22:11:46.2062799Z     Found existing installation: keepa 1.3.14
2025-08-23T22:11:46.2085490Z     Uninstalling keepa-1.3.14:
2025-08-23T22:11:46.2094086Z       Successfully uninstalled keepa-1.3.14
2025-08-23T22:11:46.2523704Z Successfully installed keepa-1.3.15
2025-08-23T22:11:46.3086205Z ##[group]Run actions/setup-node@v4
2025-08-23T22:11:46.3086583Z with:
2025-08-23T22:11:46.3086776Z   node-version: 20.19.0
2025-08-23T22:11:46.3086985Z   always-auth: false
2025-08-23T22:11:46.3087191Z   check-latest: false
2025-08-23T22:11:46.3087491Z   token: ***
2025-08-23T22:11:46.3087925Z env:
2025-08-23T22:11:46.3088139Z   REDIS_URL: redis://localhost:6379/0
2025-08-23T22:11:46.3088411Z   RATE_LIMIT_DEFAULT: 100/minute
2025-08-23T22:11:46.3088640Z   TRUST_X_FORWARDED: 1
2025-08-23T22:11:46.3088852Z   PG_USER: postgres
2025-08-23T22:11:46.3089051Z   PG_PASSWORD: pass
2025-08-23T22:11:46.3089246Z   PG_DATABASE: awa
2025-08-23T22:11:46.3089439Z   PG_HOST: localhost
2025-08-23T22:11:46.3089630Z   PG_PORT: 5432
2025-08-23T22:11:46.3090010Z   PG_SYNC_DSN: ***localhost:5432/awa
2025-08-23T22:11:46.3090405Z   PG_ASYNC_DSN: ***localhost:5432/awa
2025-08-23T22:11:46.3090820Z   DATABASE_URL: ***localhost:5432/awa
2025-08-23T22:11:46.3091062Z   DATA_DIR: /tmp/awa-data
2025-08-23T22:11:46.3091293Z   ENABLE_LIVE: 0
2025-08-23T22:11:46.3091476Z   TESTING: 1
2025-08-23T22:11:46.3091712Z   pythonLocation: /opt/hostedtoolcache/Python/3.12.11/x64
2025-08-23T22:11:46.3092118Z   PKG_CONFIG_PATH: /opt/hostedtoolcache/Python/3.12.11/x64/lib/pkgconfig
2025-08-23T22:11:46.3092512Z   Python_ROOT_DIR: /opt/hostedtoolcache/Python/3.12.11/x64
2025-08-23T22:11:46.3092874Z   Python2_ROOT_DIR: /opt/hostedtoolcache/Python/3.12.11/x64
2025-08-23T22:11:46.3093234Z   Python3_ROOT_DIR: /opt/hostedtoolcache/Python/3.12.11/x64
2025-08-23T22:11:46.3093591Z   LD_LIBRARY_PATH: /opt/hostedtoolcache/Python/3.12.11/x64/lib
2025-08-23T22:11:46.3093896Z ##[endgroup]
2025-08-23T22:11:46.5395935Z Attempting to download 20.19.0...
2025-08-23T22:11:46.8351726Z Acquiring 20.19.0 - x64 from https://github.com/actions/node-versions/releases/download/20.19.0-13838090974/node-20.19.0-linux-x64.tar.gz
2025-08-23T22:11:47.2159411Z Extracting ...
2025-08-23T22:11:47.2265095Z [command]/usr/bin/tar xz --strip 1 --warning=no-unknown-keyword --overwrite -C /home/runner/work/_temp/1360598e-efa6-462f-b6c1-075e07fe7a54 -f /home/runner/work/_temp/fefd6621-3596-48ff-b781-954a02bd8c5e
2025-08-23T22:11:48.2600199Z Adding to the cache ...
2025-08-23T22:11:49.8342088Z ##[group]Environment details
2025-08-23T22:11:50.3272116Z node: v20.19.0
2025-08-23T22:11:50.3272504Z npm: 10.8.2
2025-08-23T22:11:50.3272810Z yarn: 1.22.22
2025-08-23T22:11:50.3273477Z ##[endgroup]
2025-08-23T22:11:50.3420509Z ##[group]Run npm ci
2025-08-23T22:11:50.3420751Z [36;1mnpm ci[0m
2025-08-23T22:11:50.3461371Z shell: /usr/bin/bash -e {0}
2025-08-23T22:11:50.3461608Z env:
2025-08-23T22:11:50.3461820Z   REDIS_URL: redis://localhost:6379/0
2025-08-23T22:11:50.3462094Z   RATE_LIMIT_DEFAULT: 100/minute
2025-08-23T22:11:50.3462327Z   TRUST_X_FORWARDED: 1
2025-08-23T22:11:50.3462525Z   PG_USER: postgres
2025-08-23T22:11:50.3462723Z   PG_PASSWORD: pass
2025-08-23T22:11:50.3462925Z   PG_DATABASE: awa
2025-08-23T22:11:50.3463120Z   PG_HOST: localhost
2025-08-23T22:11:50.3463313Z   PG_PORT: 5432
2025-08-23T22:11:50.3463730Z   PG_SYNC_DSN: ***localhost:5432/awa
2025-08-23T22:11:50.3464119Z   PG_ASYNC_DSN: ***localhost:5432/awa
2025-08-23T22:11:50.3464502Z   DATABASE_URL: ***localhost:5432/awa
2025-08-23T22:11:50.3464740Z   DATA_DIR: /tmp/awa-data
2025-08-23T22:11:50.3464950Z   ENABLE_LIVE: 0
2025-08-23T22:11:50.3465131Z   TESTING: 1
2025-08-23T22:11:50.3465406Z   pythonLocation: /opt/hostedtoolcache/Python/3.12.11/x64
2025-08-23T22:11:50.3465811Z   PKG_CONFIG_PATH: /opt/hostedtoolcache/Python/3.12.11/x64/lib/pkgconfig
2025-08-23T22:11:50.3466199Z   Python_ROOT_DIR: /opt/hostedtoolcache/Python/3.12.11/x64
2025-08-23T22:11:50.3466554Z   Python2_ROOT_DIR: /opt/hostedtoolcache/Python/3.12.11/x64
2025-08-23T22:11:50.3466913Z   Python3_ROOT_DIR: /opt/hostedtoolcache/Python/3.12.11/x64
2025-08-23T22:11:50.3467269Z   LD_LIBRARY_PATH: /opt/hostedtoolcache/Python/3.12.11/x64/lib
2025-08-23T22:11:50.3468022Z ##[endgroup]
2025-08-23T22:11:53.2250046Z npm warn deprecated node-domexception@1.0.0: Use your platform's native DOMException instead
2025-08-23T22:11:56.3172748Z 
2025-08-23T22:11:56.3173579Z added 432 packages, and audited 433 packages in 6s
2025-08-23T22:11:56.3174016Z 
2025-08-23T22:11:56.3174275Z 112 packages are looking for funding
2025-08-23T22:11:56.3174739Z   run `npm fund` for details
2025-08-23T22:11:56.3196547Z 
2025-08-23T22:11:56.3196866Z 2 vulnerabilities (1 low, 1 critical)
2025-08-23T22:11:56.3197179Z 
2025-08-23T22:11:56.3197481Z To address all issues, run:
2025-08-23T22:11:56.3198072Z   npm audit fix
2025-08-23T22:11:56.3198292Z 
2025-08-23T22:11:56.3198502Z Run `npm audit` for details.
2025-08-23T22:11:56.3487332Z ##[group]Run npm run build --if-present
2025-08-23T22:11:56.3487903Z [36;1mnpm run build --if-present[0m
2025-08-23T22:11:56.3530065Z shell: /usr/bin/bash -e {0}
2025-08-23T22:11:56.3530302Z env:
2025-08-23T22:11:56.3530506Z   REDIS_URL: redis://localhost:6379/0
2025-08-23T22:11:56.3530797Z   RATE_LIMIT_DEFAULT: 100/minute
2025-08-23T22:11:56.3531032Z   TRUST_X_FORWARDED: 1
2025-08-23T22:11:56.3531234Z   PG_USER: postgres
2025-08-23T22:11:56.3531431Z   PG_PASSWORD: pass
2025-08-23T22:11:56.3531617Z   PG_DATABASE: awa
2025-08-23T22:11:56.3531801Z   PG_HOST: localhost
2025-08-23T22:11:56.3531992Z   PG_PORT: 5432
2025-08-23T22:11:56.3532415Z   PG_SYNC_DSN: ***localhost:5432/awa
2025-08-23T22:11:56.3532820Z   PG_ASYNC_DSN: ***localhost:5432/awa
2025-08-23T22:11:56.3533195Z   DATABASE_URL: ***localhost:5432/awa
2025-08-23T22:11:56.3533434Z   DATA_DIR: /tmp/awa-data
2025-08-23T22:11:56.3533641Z   ENABLE_LIVE: 0
2025-08-23T22:11:56.3533822Z   TESTING: 1
2025-08-23T22:11:56.3534104Z   pythonLocation: /opt/hostedtoolcache/Python/3.12.11/x64
2025-08-23T22:11:56.3534505Z   PKG_CONFIG_PATH: /opt/hostedtoolcache/Python/3.12.11/x64/lib/pkgconfig
2025-08-23T22:11:56.3534886Z   Python_ROOT_DIR: /opt/hostedtoolcache/Python/3.12.11/x64
2025-08-23T22:11:56.3535241Z   Python2_ROOT_DIR: /opt/hostedtoolcache/Python/3.12.11/x64
2025-08-23T22:11:56.3535606Z   Python3_ROOT_DIR: /opt/hostedtoolcache/Python/3.12.11/x64
2025-08-23T22:11:56.3535974Z   LD_LIBRARY_PATH: /opt/hostedtoolcache/Python/3.12.11/x64/lib
2025-08-23T22:11:56.3536273Z ##[endgroup]
2025-08-23T22:11:56.4601187Z 
2025-08-23T22:11:56.4601671Z > web@0.0.0 build
2025-08-23T22:11:56.4602087Z > tsc -b && vite build
2025-08-23T22:11:56.4602265Z 
2025-08-23T22:11:58.9345283Z [36mvite v7.0.4 [32mbuilding for production...[36m[39m
2025-08-23T22:11:59.1467069Z transforming...
2025-08-23T22:12:02.4491218Z [32m✓[39m 687 modules transformed.
2025-08-23T22:12:02.8806642Z rendering chunks...
2025-08-23T22:12:02.8893984Z computing gzip size...
2025-08-23T22:12:02.9086749Z [2mdist/[22m[32mindex.html                 [39m[1m[2m  0.46 kB[22m[1m[22m[2m │ gzip:   0.30 kB[22m
2025-08-23T22:12:02.9088544Z [2mdist/[22m[2massets/[22m[35mindex-5IA1gRGW.css  [39m[1m[2m  0.84 kB[22m[1m[22m[2m │ gzip:   0.45 kB[22m
2025-08-23T22:12:02.9090127Z [2mdist/[22m[2massets/[22m[36mindex-CIqpArhq.js   [39m[1m[33m613.66 kB[39m[22m[2m │ gzip: 193.69 kB[22m
2025-08-23T22:12:02.9091042Z [33m
2025-08-23T22:12:02.9091718Z (!) Some chunks are larger than 500 kB after minification. Consider:
2025-08-23T22:12:02.9092554Z - Using dynamic import() to code-split the application
2025-08-23T22:12:02.9093915Z - Use build.rollupOptions.output.manualChunks to improve chunking: https://rollupjs.org/configuration-options/#output-manualchunks
2025-08-23T22:12:02.9094849Z - Adjust chunk size limit for this warning via build.chunkSizeWarningLimit.[39m
2025-08-23T22:12:02.9095331Z [32m✓ built in 3.94s[39m
2025-08-23T22:12:02.9545309Z ##[group]Run sudo apt-get update
2025-08-23T22:12:02.9545855Z [36;1msudo apt-get update[0m
2025-08-23T22:12:02.9546390Z [36;1msudo apt-get install -y postgresql[0m
2025-08-23T22:12:02.9546905Z [36;1mecho "/usr/lib/postgresql/$(pg_config --version | cut -d' ' -f2 | cut -d'.' -f1,2)/bin" >> $GITHUB_PATH[0m
2025-08-23T22:12:02.9588785Z shell: /usr/bin/bash -e {0}
2025-08-23T22:12:02.9589021Z env:
2025-08-23T22:12:02.9589225Z   REDIS_URL: redis://localhost:6379/0
2025-08-23T22:12:02.9589532Z   RATE_LIMIT_DEFAULT: 100/minute
2025-08-23T22:12:02.9589771Z   TRUST_X_FORWARDED: 1
2025-08-23T22:12:02.9589982Z   PG_USER: postgres
2025-08-23T22:12:02.9590179Z   PG_PASSWORD: pass
2025-08-23T22:12:02.9590371Z   PG_DATABASE: awa
2025-08-23T22:12:02.9590555Z   PG_HOST: localhost
2025-08-23T22:12:02.9590746Z   PG_PORT: 5432
2025-08-23T22:12:02.9591206Z   PG_SYNC_DSN: ***localhost:5432/awa
2025-08-23T22:12:02.9591702Z   PG_ASYNC_DSN: ***localhost:5432/awa
2025-08-23T22:12:02.9592115Z   DATABASE_URL: ***localhost:5432/awa
2025-08-23T22:12:02.9592359Z   DATA_DIR: /tmp/awa-data
2025-08-23T22:12:02.9592564Z   ENABLE_LIVE: 0
2025-08-23T22:12:02.9592748Z   TESTING: 1
2025-08-23T22:12:02.9592991Z   pythonLocation: /opt/hostedtoolcache/Python/3.12.11/x64
2025-08-23T22:12:02.9593390Z   PKG_CONFIG_PATH: /opt/hostedtoolcache/Python/3.12.11/x64/lib/pkgconfig
2025-08-23T22:12:02.9593792Z   Python_ROOT_DIR: /opt/hostedtoolcache/Python/3.12.11/x64
2025-08-23T22:12:02.9594144Z   Python2_ROOT_DIR: /opt/hostedtoolcache/Python/3.12.11/x64
2025-08-23T22:12:02.9594516Z   Python3_ROOT_DIR: /opt/hostedtoolcache/Python/3.12.11/x64
2025-08-23T22:12:02.9594862Z   LD_LIBRARY_PATH: /opt/hostedtoolcache/Python/3.12.11/x64/lib
2025-08-23T22:12:02.9595153Z ##[endgroup]
2025-08-23T22:12:03.0792445Z Get:1 file:/etc/apt/apt-mirrors.txt Mirrorlist [144 B]
2025-08-23T22:12:03.1156544Z Hit:6 https://packages.microsoft.com/repos/azure-cli noble InRelease
2025-08-23T22:12:03.1157861Z Get:7 https://packages.microsoft.com/ubuntu/24.04/prod noble InRelease [3600 B]
2025-08-23T22:12:03.1525137Z Hit:2 http://azure.archive.ubuntu.com/ubuntu noble InRelease
2025-08-23T22:12:03.1536295Z Get:3 http://azure.archive.ubuntu.com/ubuntu noble-updates InRelease [126 kB]
2025-08-23T22:12:03.1662860Z Get:4 http://azure.archive.ubuntu.com/ubuntu noble-backports InRelease [126 kB]
2025-08-23T22:12:03.1875614Z Get:5 http://azure.archive.ubuntu.com/ubuntu noble-security InRelease [126 kB]
2025-08-23T22:12:03.3035470Z Get:8 https://packages.microsoft.com/ubuntu/24.04/prod noble/main armhf Packages [9870 B]
2025-08-23T22:12:03.3142034Z Get:9 https://packages.microsoft.com/ubuntu/24.04/prod noble/main amd64 Packages [49.2 kB]
2025-08-23T22:12:03.3220885Z Get:10 https://packages.microsoft.com/ubuntu/24.04/prod noble/main arm64 Packages [33.3 kB]
2025-08-23T22:12:03.4241807Z Get:11 http://azure.archive.ubuntu.com/ubuntu noble-updates/main amd64 Packages [1352 kB]
2025-08-23T22:12:03.4320922Z Get:12 http://azure.archive.ubuntu.com/ubuntu noble-updates/main Translation-en [269 kB]
2025-08-23T22:12:03.4344913Z Get:13 http://azure.archive.ubuntu.com/ubuntu noble-updates/main amd64 Components [175 kB]
2025-08-23T22:12:03.4364614Z Get:14 http://azure.archive.ubuntu.com/ubuntu noble-updates/universe amd64 Packages [1123 kB]
2025-08-23T22:12:03.4431876Z Get:15 http://azure.archive.ubuntu.com/ubuntu noble-updates/universe Translation-en [288 kB]
2025-08-23T22:12:03.4481700Z Get:16 http://azure.archive.ubuntu.com/ubuntu noble-updates/universe amd64 Components [377 kB]
2025-08-23T22:12:03.4514573Z Get:17 http://azure.archive.ubuntu.com/ubuntu noble-updates/restricted amd64 Packages [1731 kB]
2025-08-23T22:12:03.4620161Z Get:18 http://azure.archive.ubuntu.com/ubuntu noble-updates/restricted Translation-en [384 kB]
2025-08-23T22:12:03.4650567Z Get:19 http://azure.archive.ubuntu.com/ubuntu noble-updates/restricted amd64 Components [212 B]
2025-08-23T22:12:03.4660311Z Get:20 http://azure.archive.ubuntu.com/ubuntu noble-updates/multiverse amd64 Components [940 B]
2025-08-23T22:12:03.5289430Z Get:21 http://azure.archive.ubuntu.com/ubuntu noble-backports/main amd64 Components [7068 B]
2025-08-23T22:12:03.5314085Z Get:22 http://azure.archive.ubuntu.com/ubuntu noble-backports/universe amd64 Components [19.2 kB]
2025-08-23T22:12:03.5325276Z Get:23 http://azure.archive.ubuntu.com/ubuntu noble-backports/restricted amd64 Components [216 B]
2025-08-23T22:12:03.5333954Z Get:24 http://azure.archive.ubuntu.com/ubuntu noble-backports/multiverse amd64 Components [212 B]
2025-08-23T22:12:03.5343430Z Get:25 http://azure.archive.ubuntu.com/ubuntu noble-security/main amd64 Packages [1083 kB]
2025-08-23T22:12:03.5407018Z Get:26 http://azure.archive.ubuntu.com/ubuntu noble-security/main Translation-en [187 kB]
2025-08-23T22:12:03.5426396Z Get:27 http://azure.archive.ubuntu.com/ubuntu noble-security/main amd64 Components [21.6 kB]
2025-08-23T22:12:03.5436165Z Get:28 http://azure.archive.ubuntu.com/ubuntu noble-security/universe amd64 Packages [881 kB]
2025-08-23T22:12:03.5487397Z Get:29 http://azure.archive.ubuntu.com/ubuntu noble-security/universe Translation-en [195 kB]
2025-08-23T22:12:03.5508533Z Get:30 http://azure.archive.ubuntu.com/ubuntu noble-security/universe amd64 Components [52.3 kB]
2025-08-23T22:12:03.5519454Z Get:31 http://azure.archive.ubuntu.com/ubuntu noble-security/restricted amd64 Packages [1631 kB]
2025-08-23T22:12:03.5624831Z Get:32 http://azure.archive.ubuntu.com/ubuntu noble-security/restricted Translation-en [361 kB]
2025-08-23T22:12:03.5659120Z Get:33 http://azure.archive.ubuntu.com/ubuntu noble-security/restricted amd64 Components [212 B]
2025-08-23T22:12:03.5672968Z Get:34 http://azure.archive.ubuntu.com/ubuntu noble-security/multiverse amd64 Components [212 B]
2025-08-23T22:12:11.6148082Z Fetched 10.6 MB in 1s (7492 kB/s)
2025-08-23T22:12:12.3191494Z Reading package lists...
2025-08-23T22:12:12.3533955Z Reading package lists...
2025-08-23T22:12:12.5207502Z Building dependency tree...
2025-08-23T22:12:12.5214815Z Reading state information...
2025-08-23T22:12:12.6791907Z Suggested packages:
2025-08-23T22:12:12.6792438Z   postgresql-doc
2025-08-23T22:12:12.7086965Z The following NEW packages will be installed:
2025-08-23T22:12:12.7087499Z   postgresql
2025-08-23T22:12:12.7252264Z 0 upgraded, 1 newly installed, 0 to remove and 25 not upgraded.
2025-08-23T22:12:12.7252938Z Need to get 11.6 kB of archives.
2025-08-23T22:12:12.7253386Z After this operation, 17.4 kB of additional disk space will be used.
2025-08-23T22:12:12.7253847Z Get:1 file:/etc/apt/apt-mirrors.txt Mirrorlist [144 B]
2025-08-23T22:12:12.7716202Z Get:2 http://azure.archive.ubuntu.com/ubuntu noble-updates/main amd64 postgresql all 16+257build1.1 [11.6 kB]
2025-08-23T22:12:13.0267466Z Fetched 11.6 kB in 0s (205 kB/s)
2025-08-23T22:12:13.0608657Z Selecting previously unselected package postgresql.
2025-08-23T22:12:13.1310070Z (Reading database ... 
2025-08-23T22:12:13.1310533Z (Reading database ... 5%
2025-08-23T22:12:13.1310927Z (Reading database ... 10%
2025-08-23T22:12:13.1311305Z (Reading database ... 15%
2025-08-23T22:12:13.1311689Z (Reading database ... 20%
2025-08-23T22:12:13.1312041Z (Reading database ... 25%
2025-08-23T22:12:13.1312402Z (Reading database ... 30%
2025-08-23T22:12:13.1312760Z (Reading database ... 35%
2025-08-23T22:12:13.1313114Z (Reading database ... 40%
2025-08-23T22:12:13.1313468Z (Reading database ... 45%
2025-08-23T22:12:13.1313838Z (Reading database ... 50%
2025-08-23T22:12:13.2359496Z (Reading database ... 55%
2025-08-23T22:12:13.3863445Z (Reading database ... 60%
2025-08-23T22:12:13.6343930Z (Reading database ... 65%
2025-08-23T22:12:13.7798243Z (Reading database ... 70%
2025-08-23T22:12:14.0000149Z (Reading database ... 75%
2025-08-23T22:12:14.5546260Z (Reading database ... 80%
2025-08-23T22:12:16.1227509Z (Reading database ... 85%
2025-08-23T22:12:17.7845111Z (Reading database ... 90%
2025-08-23T22:12:19.2322867Z (Reading database ... 95%
2025-08-23T22:12:19.2323421Z (Reading database ... 100%
2025-08-23T22:12:19.2324190Z (Reading database ... 219830 files and directories currently installed.)
2025-08-23T22:12:19.2371938Z Preparing to unpack .../postgresql_16+257build1.1_all.deb ...
2025-08-23T22:12:19.2405231Z Unpacking postgresql (16+257build1.1) ...
2025-08-23T22:12:19.2805714Z Setting up postgresql (16+257build1.1) ...
2025-08-23T22:12:20.4597260Z 
2025-08-23T22:12:20.4598028Z Running kernel seems to be up-to-date.
2025-08-23T22:12:20.4598634Z 
2025-08-23T22:12:20.4598759Z Restarting services...
2025-08-23T22:12:20.4666164Z 
2025-08-23T22:12:20.4666550Z Service restarts being deferred:
2025-08-23T22:12:20.4670705Z  systemctl restart hosted-compute-agent.service
2025-08-23T22:12:20.4671078Z 
2025-08-23T22:12:20.4671332Z No containers need to be restarted.
2025-08-23T22:12:20.4671617Z 
2025-08-23T22:12:20.4671902Z No user sessions are running outdated binaries.
2025-08-23T22:12:20.4672239Z 
2025-08-23T22:12:20.4672697Z No VM guests are running outdated hypervisor (qemu) binaries on this host.
2025-08-23T22:12:21.3057584Z ##[group]Run for i in {1..30}; do pg_isready -h localhost -p 5432 -U postgres -d awa && break; sleep 1; done
2025-08-23T22:12:21.3058506Z [36;1mfor i in {1..30}; do pg_isready -h localhost -p 5432 -U postgres -d awa && break; sleep 1; done[0m
2025-08-23T22:12:21.3098980Z shell: /usr/bin/bash -e {0}
2025-08-23T22:12:21.3099216Z env:
2025-08-23T22:12:21.3099424Z   REDIS_URL: redis://localhost:6379/0
2025-08-23T22:12:21.3099700Z   RATE_LIMIT_DEFAULT: 100/minute
2025-08-23T22:12:21.3099927Z   TRUST_X_FORWARDED: 1
2025-08-23T22:12:21.3100131Z   PG_USER: postgres
2025-08-23T22:12:21.3100322Z   PG_PASSWORD: pass
2025-08-23T22:12:21.3100507Z   PG_DATABASE: awa
2025-08-23T22:12:21.3100684Z   PG_HOST: localhost
2025-08-23T22:12:21.3100875Z   PG_PORT: 5432
2025-08-23T22:12:21.3101292Z   PG_SYNC_DSN: ***localhost:5432/awa
2025-08-23T22:12:21.3101714Z   PG_ASYNC_DSN: ***localhost:5432/awa
2025-08-23T22:12:21.3102089Z   DATABASE_URL: ***localhost:5432/awa
2025-08-23T22:12:21.3102358Z   DATA_DIR: /tmp/awa-data
2025-08-23T22:12:21.3102566Z   ENABLE_LIVE: 0
2025-08-23T22:12:21.3102737Z   TESTING: 1
2025-08-23T22:12:21.3102985Z   pythonLocation: /opt/hostedtoolcache/Python/3.12.11/x64
2025-08-23T22:12:21.3103402Z   PKG_CONFIG_PATH: /opt/hostedtoolcache/Python/3.12.11/x64/lib/pkgconfig
2025-08-23T22:12:21.3103799Z   Python_ROOT_DIR: /opt/hostedtoolcache/Python/3.12.11/x64
2025-08-23T22:12:21.3104154Z   Python2_ROOT_DIR: /opt/hostedtoolcache/Python/3.12.11/x64
2025-08-23T22:12:21.3104530Z   Python3_ROOT_DIR: /opt/hostedtoolcache/Python/3.12.11/x64
2025-08-23T22:12:21.3104882Z   LD_LIBRARY_PATH: /opt/hostedtoolcache/Python/3.12.11/x64/lib
2025-08-23T22:12:21.3105171Z ##[endgroup]
2025-08-23T22:12:21.3971522Z localhost:5432 - accepting connections
2025-08-23T22:12:21.4006221Z ##[group]Run alembic -c services/api/alembic.ini upgrade head
2025-08-23T22:12:21.4006639Z [36;1malembic -c services/api/alembic.ini upgrade head[0m
2025-08-23T22:12:21.4048321Z shell: /usr/bin/bash -e {0}
2025-08-23T22:12:21.4048571Z env:
2025-08-23T22:12:21.4048783Z   REDIS_URL: redis://localhost:6379/0
2025-08-23T22:12:21.4049062Z   RATE_LIMIT_DEFAULT: 100/minute
2025-08-23T22:12:21.4049294Z   TRUST_X_FORWARDED: 1
2025-08-23T22:12:21.4049498Z   PG_USER: postgres
2025-08-23T22:12:21.4049691Z   PG_PASSWORD: pass
2025-08-23T22:12:21.4049873Z   PG_DATABASE: awa
2025-08-23T22:12:21.4050058Z   PG_HOST: localhost
2025-08-23T22:12:21.4050263Z   PG_PORT: 5432
2025-08-23T22:12:21.4050698Z   PG_SYNC_DSN: ***localhost:5432/awa
2025-08-23T22:12:21.4051094Z   PG_ASYNC_DSN: ***localhost:5432/awa
2025-08-23T22:12:21.4051469Z   DATABASE_URL: ***localhost:5432/awa
2025-08-23T22:12:21.4051704Z   DATA_DIR: /tmp/awa-data
2025-08-23T22:12:21.4051909Z   ENABLE_LIVE: 0
2025-08-23T22:12:21.4052108Z   TESTING: 1
2025-08-23T22:12:21.4052350Z   pythonLocation: /opt/hostedtoolcache/Python/3.12.11/x64
2025-08-23T22:12:21.4052752Z   PKG_CONFIG_PATH: /opt/hostedtoolcache/Python/3.12.11/x64/lib/pkgconfig
2025-08-23T22:12:21.4053136Z   Python_ROOT_DIR: /opt/hostedtoolcache/Python/3.12.11/x64
2025-08-23T22:12:21.4053492Z   Python2_ROOT_DIR: /opt/hostedtoolcache/Python/3.12.11/x64
2025-08-23T22:12:21.4053842Z   Python3_ROOT_DIR: /opt/hostedtoolcache/Python/3.12.11/x64
2025-08-23T22:12:21.4054233Z   LD_LIBRARY_PATH: /opt/hostedtoolcache/Python/3.12.11/x64/lib
2025-08-23T22:12:21.4054534Z   POSTGRES_USER: postgres
2025-08-23T22:12:21.4054745Z   POSTGRES_PASSWORD: pass
2025-08-23T22:12:21.4055130Z   POSTGRES_DB: awa
2025-08-23T22:12:21.4055313Z ##[endgroup]
2025-08-23T22:12:22.7008179Z INFO  [alembic.runtime.migration] Context impl PostgresqlImpl.
2025-08-23T22:12:22.7009115Z INFO  [alembic.runtime.migration] Will assume transactional DDL.
2025-08-23T22:12:22.7459431Z INFO  [alembic.runtime.migration] Running upgrade  -> 0001_baseline
2025-08-23T22:12:22.7602943Z INFO  [alembic.runtime.migration] Running upgrade 0001_baseline -> 0002_create_roi_view
2025-08-23T22:12:22.7628633Z INFO  [alembic.runtime.migration] Running upgrade 0002_create_roi_view -> 3e9d5c5aff2c
2025-08-23T22:12:22.7793729Z INFO  [alembic.runtime.migration] Running upgrade 3e9d5c5aff2c -> 0003_vendor_prices
2025-08-23T22:12:22.7932631Z INFO  [alembic.runtime.migration] Running upgrade 0003_vendor_prices -> 0004_fee_cron
2025-08-23T22:12:22.8002963Z INFO  [alembic.runtime.migration] Running upgrade 0004_fee_cron -> 0006_fix_roi_views
2025-08-23T22:12:22.8034783Z INFO  [alembic.runtime.migration] Running upgrade 0006_fix_roi_views -> 0020_unified_schema
2025-08-23T22:12:22.8142854Z INFO  [alembic.runtime.migration] Running upgrade 0020_unified_schema -> 0022_fix_roi_view
2025-08-23T22:12:22.8212869Z INFO  [alembic.runtime.migration] Running upgrade 0022_fix_roi_view -> 0023_add_storage_fee
2025-08-23T22:12:22.8249591Z INFO  [alembic.runtime.migration] Running upgrade 0023_add_storage_fee -> 0024_create_buybox
2025-08-23T22:12:22.8276269Z INFO  [alembic.runtime.migration] Running upgrade 0024_create_buybox -> 0025_pr4_indexes_loadlog
2025-08-23T22:12:22.8480847Z INFO  [alembic.runtime.migration] Running upgrade 0025_pr4_indexes_loadlog -> 0026_fix_refund_views
2025-08-23T22:12:22.8539627Z INFO  [alembic.runtime.migration] Running upgrade 0025_pr4_indexes_loadlog -> 0026_amazon_new_reports
2025-08-23T22:12:22.8725375Z INFO  [alembic.runtime.migration] Running upgrade 0026_amazon_new_reports, 0026_fix_refund_views -> 0027_merge_reports_refund_heads
2025-08-23T22:12:22.9583384Z ##[group]Run pytest -q --cov=services --cov-report=xml
2025-08-23T22:12:22.9583817Z [36;1mpytest -q --cov=services --cov-report=xml[0m
2025-08-23T22:12:22.9624896Z shell: /usr/bin/bash -e {0}
2025-08-23T22:12:22.9625130Z env:
2025-08-23T22:12:22.9625343Z   REDIS_URL: redis://localhost:6379/0
2025-08-23T22:12:22.9625617Z   RATE_LIMIT_DEFAULT: 100/minute
2025-08-23T22:12:22.9625850Z   TRUST_X_FORWARDED: 1
2025-08-23T22:12:22.9626047Z   PG_USER: postgres
2025-08-23T22:12:22.9626245Z   PG_PASSWORD: pass
2025-08-23T22:12:22.9626432Z   PG_DATABASE: awa
2025-08-23T22:12:22.9626626Z   PG_HOST: localhost
2025-08-23T22:12:22.9626818Z   PG_PORT: 5432
2025-08-23T22:12:22.9627244Z   PG_SYNC_DSN: ***localhost:5432/awa
2025-08-23T22:12:22.9627880Z   PG_ASYNC_DSN: ***localhost:5432/awa
2025-08-23T22:12:22.9628458Z   DATABASE_URL: ***localhost:5432/awa
2025-08-23T22:12:22.9628726Z   DATA_DIR: /home/runner/work/_temp/awa-data
2025-08-23T22:12:22.9628976Z   ENABLE_LIVE: 0
2025-08-23T22:12:22.9629179Z   TESTING: 1
2025-08-23T22:12:22.9629423Z   pythonLocation: /opt/hostedtoolcache/Python/3.12.11/x64
2025-08-23T22:12:22.9629821Z   PKG_CONFIG_PATH: /opt/hostedtoolcache/Python/3.12.11/x64/lib/pkgconfig
2025-08-23T22:12:22.9630212Z   Python_ROOT_DIR: /opt/hostedtoolcache/Python/3.12.11/x64
2025-08-23T22:12:22.9630558Z   Python2_ROOT_DIR: /opt/hostedtoolcache/Python/3.12.11/x64
2025-08-23T22:12:22.9630910Z   Python3_ROOT_DIR: /opt/hostedtoolcache/Python/3.12.11/x64
2025-08-23T22:12:22.9631264Z   LD_LIBRARY_PATH: /opt/hostedtoolcache/Python/3.12.11/x64/lib
2025-08-23T22:12:22.9631566Z   POSTGRES_USER: postgres
2025-08-23T22:12:22.9631786Z   POSTGRES_PASSWORD: pass
2025-08-23T22:12:22.9631982Z   POSTGRES_DB: awa
2025-08-23T22:12:22.9632167Z   LLM_PROVIDER: lan
2025-08-23T22:12:22.9632380Z   LLM_BASE_URL: http://localhost:8000
2025-08-23T22:12:22.9632632Z ##[endgroup]
2025-08-23T22:12:54.9821664Z ........s.............................sssssss........................... [ 41%]
2025-08-23T22:13:26.9024996Z ........................................................................ [ 83%]
2025-08-23T22:13:28.1560884Z .............................                                            [100%]
2025-08-23T22:13:28.1561818Z =============================== warnings summary ===============================
2025-08-23T22:13:28.1563236Z ../../../../../opt/hostedtoolcache/Python/3.12.11/x64/lib/python3.12/site-packages/pydantic/fields.py:1093
2025-08-23T22:13:28.1566218Z   /opt/hostedtoolcache/Python/3.12.11/x64/lib/python3.12/site-packages/pydantic/fields.py:1093: PydanticDeprecatedSince20: Using extra keyword arguments on `Field` is deprecated and will be removed. Use `json_schema_extra` instead. (Extra keys: 'strip_whitespace'). Deprecated in Pydantic V2.0 to be removed in V3.0. See Pydantic V2 Migration Guide at https://errors.pydantic.dev/2.11/migration/
2025-08-23T22:13:28.1568445Z Sentry is attempting to send 0 pending events
2025-08-23T22:13:28.1568839Z Waiting up to True seconds
2025-08-23T22:13:28.1569175Z Press Ctrl-C to quit
2025-08-23T22:13:28.1569430Z     warn(
2025-08-23T22:13:28.1569556Z 
2025-08-23T22:13:28.1569766Z services/alert_bot/tests/test_smoke.py:5
2025-08-23T22:13:28.1571460Z   /home/runner/work/AWA-App/AWA-App/services/alert_bot/tests/test_smoke.py:5: UserWarning: pkg_resources is deprecated as an API. See https://setuptools.pypa.io/en/latest/pkg_resources.html. The pkg_resources package is slated for removal as early as 2025-11-30. Refrain from using this package or pin to Setuptools<81.
2025-08-23T22:13:28.1572946Z     import pkg_resources  # noqa: F401
2025-08-23T22:13:28.1573168Z 
2025-08-23T22:13:28.1573343Z tests/api/test_ingest_endpoints.py: 12 warnings
2025-08-23T22:13:28.1573699Z tests/ingest/test_tasks_eager.py: 3 warnings
2025-08-23T22:13:28.1574006Z tests/test_api_fast.py: 1 warning
2025-08-23T22:13:28.1574298Z tests/test_health.py: 5 warnings
2025-08-23T22:13:28.1574582Z tests/test_smoke.py: 5 warnings
2025-08-23T22:13:28.1574889Z services/api/tests/test_cors.py: 1 warning
2025-08-23T22:13:28.1575593Z services/api/tests/test_errors_json.py: 2 warnings
2025-08-23T22:13:28.1575966Z services/api/tests/test_health.py: 1 warning
2025-08-23T22:13:28.1576332Z services/api/tests/test_rate_limit.py: 122 warnings
2025-08-23T22:13:28.1576716Z services/api/tests/test_roi_basic_auth.py: 4 warnings
2025-08-23T22:13:28.1577089Z services/api/tests/test_sentry_event.py: 1 warning
2025-08-23T22:13:28.1577472Z services/api/tests/test_stats_contracts.py: 3 warnings
2025-08-23T22:13:28.1578040Z services/api/tests/test_stats_future_contracts.py: 3 warnings
2025-08-23T22:13:28.1579585Z   /opt/hostedtoolcache/Python/3.12.11/x64/lib/python3.12/site-packages/asgi_correlation_id/extensions/sentry.py:27: DeprecationWarning: sentry_sdk.configure_scope is deprecated and will be removed in the next major version. Please consult our migration guide to learn how to migrate to the new API: https://docs.sentry.io/platforms/python/migration/1.x-to-2.x#scope-configuring
2025-08-23T22:13:28.1580889Z     with configure_scope() as scope:
2025-08-23T22:13:28.1581059Z 
2025-08-23T22:13:28.1581227Z tests/api/test_ingest_endpoints.py: 3 warnings
2025-08-23T22:13:28.1581549Z tests/test_api_fast.py: 1 warning
2025-08-23T22:13:28.1581825Z tests/test_health.py: 5 warnings
2025-08-23T22:13:28.1582092Z tests/test_smoke.py: 5 warnings
2025-08-23T22:13:28.1582382Z services/api/tests/test_cors.py: 3 warnings
2025-08-23T22:13:28.1582728Z services/api/tests/test_errors_json.py: 2 warnings
2025-08-23T22:13:28.1583075Z services/api/tests/test_health.py: 1 warning
2025-08-23T22:13:28.1583421Z services/api/tests/test_rate_limit.py: 2 warnings
2025-08-23T22:13:28.1583782Z services/api/tests/test_sentry_event.py: 1 warning
2025-08-23T22:13:28.1584165Z services/api/tests/test_stats_contracts.py: 3 warnings
2025-08-23T22:13:28.1584593Z services/api/tests/test_stats_future_contracts.py: 1 warning
2025-08-23T22:13:28.1585539Z   /opt/hostedtoolcache/Python/3.12.11/x64/lib/python3.12/site-packages/fastapi_limiter/__init__.py:89: DeprecationWarning: Call to deprecated close. (Use aclose() instead) -- Deprecated since version 5.0.1.
2025-08-23T22:13:28.1586474Z     await cls.redis.close()
2025-08-23T22:13:28.1586617Z 
2025-08-23T22:13:28.1586818Z tests/test_api_fast.py::test_health_endpoint
2025-08-23T22:13:28.1588027Z   /home/runner/work/AWA-App/AWA-App/tests/test_api_fast.py:13: DeprecationWarning: datetime.datetime.utcnow() is deprecated and scheduled for removal in a future version. Use timezone-aware objects to represent datetimes in UTC: datetime.datetime.now(datetime.UTC).
2025-08-23T22:13:28.1589024Z     return datetime.datetime.utcnow()
2025-08-23T22:13:28.1589202Z 
2025-08-23T22:13:28.1589337Z tests/test_api_fast.py: 1 warning
2025-08-23T22:13:28.1589621Z tests/test_health.py: 5 warnings
2025-08-23T22:13:28.1589895Z tests/test_smoke.py: 5 warnings
2025-08-23T22:13:28.1590183Z services/api/tests/test_cors.py: 1 warning
2025-08-23T22:13:28.1590504Z services/api/tests/test_health.py: 1 warning
2025-08-23T22:13:28.1590865Z services/api/tests/test_rate_limit.py: 102 warnings
2025-08-23T22:13:28.1592008Z   /home/runner/work/AWA-App/AWA-App/services/api/routes/health.py:24: DeprecationWarning: datetime.datetime.utcnow() is deprecated and scheduled for removal in a future version. Use timezone-aware objects to represent datetimes in UTC: datetime.datetime.now(datetime.UTC).
2025-08-23T22:13:28.1593078Z     app_now = datetime.utcnow().replace(tzinfo=timezone.utc)
2025-08-23T22:13:28.1593306Z 
2025-08-23T22:13:28.1593442Z tests/test_health.py::test_health[0]
2025-08-23T22:13:28.1593740Z tests/test_health.py::test_health[1]
2025-08-23T22:13:28.1594027Z tests/test_health.py::test_health[2]
2025-08-23T22:13:28.1594307Z tests/test_health.py::test_health[3]
2025-08-23T22:13:28.1594586Z tests/test_health.py::test_health[4]
2025-08-23T22:13:28.1595774Z   /home/runner/work/AWA-App/AWA-App/tests/test_health.py:22: DeprecationWarning: datetime.datetime.utcnow() is deprecated and scheduled for removal in a future version. Use timezone-aware objects to represent datetimes in UTC: datetime.datetime.now(datetime.UTC).
2025-08-23T22:13:28.1596753Z     return datetime.datetime.utcnow()
2025-08-23T22:13:28.1596933Z 
2025-08-23T22:13:28.1597063Z tests/test_smoke.py::test_health[0]
2025-08-23T22:13:28.1597350Z tests/test_smoke.py::test_health[1]
2025-08-23T22:13:28.1597730Z tests/test_smoke.py::test_health[2]
2025-08-23T22:13:28.1598169Z tests/test_smoke.py::test_health[3]
2025-08-23T22:13:28.1598458Z tests/test_smoke.py::test_health[4]
2025-08-23T22:13:28.1599499Z   /home/runner/work/AWA-App/AWA-App/tests/test_smoke.py:32: DeprecationWarning: datetime.datetime.utcnow() is deprecated and scheduled for removal in a future version. Use timezone-aware objects to represent datetimes in UTC: datetime.datetime.now(datetime.UTC).
2025-08-23T22:13:28.1600460Z     return datetime.datetime.utcnow()
2025-08-23T22:13:28.1600630Z 
2025-08-23T22:13:28.1600863Z services/api/tests/test_cors.py::test_cors_simple_get_allowed
2025-08-23T22:13:28.1602050Z   /home/runner/work/AWA-App/AWA-App/services/api/tests/test_cors.py:27: DeprecationWarning: datetime.datetime.utcnow() is deprecated and scheduled for removal in a future version. Use timezone-aware objects to represent datetimes in UTC: datetime.datetime.now(datetime.UTC).
2025-08-23T22:13:28.1603051Z     return datetime.datetime.utcnow()
2025-08-23T22:13:28.1603219Z 
2025-08-23T22:13:28.1603411Z services/api/tests/test_health.py::test_health_route
2025-08-23T22:13:28.1604557Z   /home/runner/work/AWA-App/AWA-App/services/api/tests/test_health.py:14: DeprecationWarning: datetime.datetime.utcnow() is deprecated and scheduled for removal in a future version. Use timezone-aware objects to represent datetimes in UTC: datetime.datetime.now(datetime.UTC).
2025-08-23T22:13:28.1605565Z     return datetime.datetime.utcnow()
2025-08-23T22:13:28.1605732Z 
2025-08-23T22:13:28.1605913Z services/api/tests/test_rate_limit.py: 102 warnings
2025-08-23T22:13:28.1607071Z   /home/runner/work/AWA-App/AWA-App/services/api/tests/test_rate_limit.py:33: DeprecationWarning: datetime.datetime.utcnow() is deprecated and scheduled for removal in a future version. Use timezone-aware objects to represent datetimes in UTC: datetime.datetime.now(datetime.UTC).
2025-08-23T22:13:28.1608452Z     return datetime.datetime.utcnow()
2025-08-23T22:13:28.1608627Z 
2025-08-23T22:13:28.1608956Z services/api/tests/test_sentry_event.py::test_unhandled_exception_is_captured_and_tagged
2025-08-23T22:13:28.1610428Z   /home/runner/work/AWA-App/AWA-App/services/api/tests/test_sentry_event.py:47: SentryHubDeprecationWarning: `sentry_sdk.Hub` is deprecated and will be removed in a future major release. Please consult our 1.x to 2.x migration guide for details on how to migrate `Hub` usage to the new API: https://docs.sentry.io/platforms/python/migration/1.x-to-2.x
2025-08-23T22:13:28.1611592Z     hub = sentry_sdk.Hub.current
2025-08-23T22:13:28.1611746Z 
2025-08-23T22:13:28.1612008Z -- Docs: https://docs.pytest.org/en/stable/how-to/capture-warnings.html
2025-08-23T22:13:28.1612479Z ================================ tests coverage ================================
2025-08-23T22:13:28.1612937Z _______________ coverage: platform linux, python 3.12.11-final-0 _______________
2025-08-23T22:13:28.1613199Z 
2025-08-23T22:13:28.1613347Z Coverage XML written to file coverage.xml
2025-08-23T22:13:28.5970191Z ##[group]Run echo "::group::postgres container logs"
2025-08-23T22:13:28.5970587Z [36;1mecho "::group::postgres container logs"[0m
2025-08-23T22:13:28.5971061Z [36;1mdocker logs 4a23e52b1abf872b067c26112f2bfd552fa65d662735e563bae13776311ad5ac --tail 200[0m
2025-08-23T22:13:28.5971504Z [36;1mecho "::endgroup::"[0m
2025-08-23T22:13:28.6011813Z shell: /usr/bin/bash -e {0}
2025-08-23T22:13:28.6012048Z env:
2025-08-23T22:13:28.6012258Z   REDIS_URL: redis://localhost:6379/0
2025-08-23T22:13:28.6012521Z   RATE_LIMIT_DEFAULT: 100/minute
2025-08-23T22:13:28.6012751Z   TRUST_X_FORWARDED: 1
2025-08-23T22:13:28.6012957Z   PG_USER: postgres
2025-08-23T22:13:28.6013154Z   PG_PASSWORD: pass
2025-08-23T22:13:28.6013345Z   PG_DATABASE: awa
2025-08-23T22:13:28.6013534Z   PG_HOST: localhost
2025-08-23T22:13:28.6013726Z   PG_PORT: 5432
2025-08-23T22:13:28.6014140Z   PG_SYNC_DSN: ***localhost:5432/awa
2025-08-23T22:13:28.6014533Z   PG_ASYNC_DSN: ***localhost:5432/awa
2025-08-23T22:13:28.6014925Z   DATABASE_URL: ***localhost:5432/awa
2025-08-23T22:13:28.6015162Z   DATA_DIR: /tmp/awa-data
2025-08-23T22:13:28.6015363Z   ENABLE_LIVE: 0
2025-08-23T22:13:28.6015540Z   TESTING: 1
2025-08-23T22:13:28.6015779Z   pythonLocation: /opt/hostedtoolcache/Python/3.12.11/x64
2025-08-23T22:13:28.6016173Z   PKG_CONFIG_PATH: /opt/hostedtoolcache/Python/3.12.11/x64/lib/pkgconfig
2025-08-23T22:13:28.6016556Z   Python_ROOT_DIR: /opt/hostedtoolcache/Python/3.12.11/x64
2025-08-23T22:13:28.6016902Z   Python2_ROOT_DIR: /opt/hostedtoolcache/Python/3.12.11/x64
2025-08-23T22:13:28.6017264Z   Python3_ROOT_DIR: /opt/hostedtoolcache/Python/3.12.11/x64
2025-08-23T22:13:28.6017761Z   LD_LIBRARY_PATH: /opt/hostedtoolcache/Python/3.12.11/x64/lib
2025-08-23T22:13:28.6018095Z ##[endgroup]
2025-08-23T22:13:28.6075590Z ##[group]postgres container logs
2025-08-23T22:13:28.6193839Z The files belonging to this database system will be owned by user "postgres".
2025-08-23T22:13:28.6194627Z This user must also own the server process.
2025-08-23T22:13:28.6194983Z 
2025-08-23T22:13:28.6195435Z The database cluster will be initialized with locale "en_US.utf8".
2025-08-23T22:13:28.6196273Z The default database encoding has accordingly been set to "UTF8".
2025-08-23T22:13:28.6196782Z The default text search configuration will be set to "english".
2025-08-23T22:13:28.6197038Z 
2025-08-23T22:13:28.6197182Z Data page checksums are disabled.
2025-08-23T22:13:28.6197357Z 
2025-08-23T22:13:28.6197824Z fixing permissions on existing directory /var/lib/postgresql/data ... ok
2025-08-23T22:13:28.6198281Z creating subdirectories ... ok
2025-08-23T22:13:28.6198648Z selecting dynamic shared memory implementation ... posix
2025-08-23T22:13:28.6199019Z selecting default max_connections ... 100
2025-08-23T22:13:28.6199538Z initdb: warning: enabling "trust" authentication for local connections
2025-08-23T22:13:28.6200625Z initdb: hint: You can change this by editing pg_hba.conf or using the option -A, or --auth-local and --auth-host, the next time you run initdb.
2025-08-23T22:13:28.6201635Z 2025-08-23 22:10:43.878 UTC [1] LOG:  starting PostgreSQL 15.14 (Debian 15.14-1.pgdg13+1) on x86_64-pc-linux-gnu, compiled by gcc (Debian 14.2.0-19) 14.2.0, 64-bit
2025-08-23T22:13:28.6202344Z 2025-08-23 22:10:43.878 UTC [1] LOG:  listening on IPv4 address "0.0.0.0", port 5432
2025-08-23T22:13:28.6202867Z 2025-08-23 22:10:43.878 UTC [1] LOG:  listening on IPv6 address "::", port 5432
2025-08-23T22:13:28.6203427Z 2025-08-23 22:10:43.879 UTC [1] LOG:  listening on Unix socket "/var/run/postgresql/.s.PGSQL.5432"
2025-08-23T22:13:28.6204023Z 2025-08-23 22:10:43.883 UTC [64] LOG:  database system was shut down at 2025-08-23 22:10:43 UTC
2025-08-23T22:13:28.6204562Z 2025-08-23 22:10:43.887 UTC [1] LOG:  database system is ready to accept connections
2025-08-23T22:13:28.6204977Z selecting default shared_buffers ... 128MB
2025-08-23T22:13:28.6205296Z selecting default time zone ... Etc/UTC
2025-08-23T22:13:28.6205604Z creating configuration files ... ok
2025-08-23T22:13:28.6206086Z running bootstrap script ... ok
2025-08-23T22:13:28.6206439Z performing post-bootstrap initialization ... ok
2025-08-23T22:13:28.6206854Z syncing data to disk ... ok
2025-08-23T22:13:28.6207111Z 
2025-08-23T22:13:28.6207122Z 
2025-08-23T22:13:28.6207448Z Success. You can now start the database server using:
2025-08-23T22:13:28.6207980Z 
2025-08-23T22:13:28.6208271Z     pg_ctl -D /var/lib/postgresql/data -l logfile start
2025-08-23T22:13:28.6208627Z 
2025-08-23T22:13:28.6209798Z waiting for server to start....2025-08-23 22:10:43.499 UTC [48] LOG:  starting PostgreSQL 15.14 (Debian 15.14-1.pgdg13+1) on x86_64-pc-linux-gnu, compiled by gcc (Debian 14.2.0-19) 14.2.0, 64-bit
2025-08-23T22:13:28.6211278Z 2025-08-23 22:10:43.502 UTC [48] LOG:  listening on Unix socket "/var/run/postgresql/.s.PGSQL.5432"
2025-08-23T22:13:28.6211952Z 2025-08-23 22:10:43.506 UTC [51] LOG:  database system was shut down at 2025-08-23 22:10:43 UTC
2025-08-23T22:13:28.6212516Z 2025-08-23 22:10:43.511 UTC [48] LOG:  database system is ready to accept connections
2025-08-23T22:13:28.6212852Z  done
2025-08-23T22:13:28.6213022Z server started
2025-08-23T22:13:28.6213206Z CREATE DATABASE
2025-08-23T22:13:28.6213317Z 
2025-08-23T22:13:28.6213323Z 
2025-08-23T22:13:28.6213628Z /usr/local/bin/docker-entrypoint.sh: ignoring /docker-entrypoint-initdb.d/*
2025-08-23T22:13:28.6213928Z 
2025-08-23T22:13:28.6214274Z waiting for server to shut down...2025-08-23 22:10:43.753 UTC [48] LOG:  received fast shutdown request
2025-08-23T22:13:28.6214823Z .2025-08-23 22:10:43.753 UTC [48] LOG:  aborting any active transactions
2025-08-23T22:13:28.6215454Z 2025-08-23 22:10:43.755 UTC [48] LOG:  background worker "logical replication launcher" (PID 54) exited with exit code 1
2025-08-23T22:13:28.6215975Z 2025-08-23 22:10:43.757 UTC [49] LOG:  shutting down
2025-08-23T22:13:28.6216411Z 2025-08-23 22:10:43.757 UTC [49] LOG:  checkpoint starting: shutdown immediate
2025-08-23T22:13:28.6217510Z 2025-08-23 22:10:43.782 UTC [49] LOG:  checkpoint complete: wrote 922 buffers (5.6%); 0 WAL file(s) added, 0 removed, 0 recycled; write=0.022 s, sync=0.002 s, total=0.026 s; sync files=301, longest=0.001 s, average=0.001 s; distance=4239 kB, estimate=4239 kB
2025-08-23T22:13:28.6218683Z 2025-08-23 22:10:43.790 UTC [48] LOG:  database system is shut down
2025-08-23T22:13:28.6218976Z  done
2025-08-23T22:13:28.6219144Z server stopped
2025-08-23T22:13:28.6219258Z 
2025-08-23T22:13:28.6219451Z PostgreSQL init process complete; ready for start up.
2025-08-23T22:13:28.6219666Z 
2025-08-23T22:13:28.6219931Z ##[endgroup]
2025-08-23T22:13:28.6257809Z Post job cleanup.
2025-08-23T22:13:28.8364140Z Post job cleanup.
2025-08-23T22:13:28.9624381Z Cache hit occurred on the primary key Linux-test-cc13ccef493b9f3a93ad5651164d9fb09282c1111f6f72ce20e0657de16de6b4, not saving cache.
2025-08-23T22:13:28.9729700Z Post job cleanup.
2025-08-23T22:13:29.1201533Z Cache hit occurred on the primary key setup-python-Linux-x64-24.04-Ubuntu-python-3.12.11-pip-b5b6d1c49e5c2b3f48d0c0d757e5ca86260a9628cadb47cfb996cbe1a8fdf115, not saving cache.
2025-08-23T22:13:29.1300401Z Post job cleanup.
2025-08-23T22:13:29.2103265Z [command]/usr/bin/git version
2025-08-23T22:13:29.2138416Z git version 2.51.0
2025-08-23T22:13:29.2174451Z Temporarily overriding HOME='/home/runner/work/_temp/7ff91a4a-695f-4fcd-a5cb-c9231e3b8574' before making global git config changes
2025-08-23T22:13:29.2176005Z Adding repository directory to the temporary git global config as a safe directory
2025-08-23T22:13:29.2180485Z [command]/usr/bin/git config --global --add safe.directory /home/runner/work/AWA-App/AWA-App
2025-08-23T22:13:29.2214576Z [command]/usr/bin/git config --local --name-only --get-regexp core\.sshCommand
2025-08-23T22:13:29.2247358Z [command]/usr/bin/git submodule foreach --recursive sh -c "git config --local --name-only --get-regexp 'core\.sshCommand' && git config --local --unset-all 'core.sshCommand' || :"
2025-08-23T22:13:29.2491531Z [command]/usr/bin/git config --local --name-only --get-regexp http\.https\:\/\/github\.com\/\.extraheader
2025-08-23T22:13:29.2512962Z http.https://github.com/.extraheader
2025-08-23T22:13:29.2522520Z [command]/usr/bin/git config --local --unset-all http.https://github.com/.extraheader
2025-08-23T22:13:29.2553791Z [command]/usr/bin/git submodule foreach --recursive sh -c "git config --local --name-only --get-regexp 'http\.https\:\/\/github\.com\/\.extraheader' && git config --local --unset-all 'http.https://github.com/.extraheader' || :"
2025-08-23T22:13:29.2871838Z Print service container logs: 2e08541b8b1e4d61810d97dd4e150aaf_postgres15_e33cca
2025-08-23T22:13:29.2876621Z ##[command]/usr/bin/docker logs --details 4a23e52b1abf872b067c26112f2bfd552fa65d662735e563bae13776311ad5ac
2025-08-23T22:13:29.2995369Z  The files belonging to this database system will be owned by user "postgres".
2025-08-23T22:13:29.2996966Z  initdb: warning: enabling "trust" authentication for local connections
2025-08-23T22:13:29.2997794Z  This user must also own the server process.
2025-08-23T22:13:29.2998223Z  
2025-08-23T22:13:29.2998659Z  The database cluster will be initialized with locale "en_US.utf8".
2025-08-23T22:13:29.2999337Z  The default database encoding has accordingly been set to "UTF8".
2025-08-23T22:13:29.2999987Z  The default text search configuration will be set to "english".
2025-08-23T22:13:29.3000479Z  
2025-08-23T22:13:29.3000781Z  Data page checksums are disabled.
2025-08-23T22:13:29.3001163Z  
2025-08-23T22:13:29.3001649Z  fixing permissions on existing directory /var/lib/postgresql/data ... ok
2025-08-23T22:13:29.3002253Z  creating subdirectories ... ok
2025-08-23T22:13:29.3002730Z  selecting dynamic shared memory implementation ... posix
2025-08-23T22:13:29.3003259Z  selecting default max_connections ... 100
2025-08-23T22:13:29.3003707Z  selecting default shared_buffers ... 128MB
2025-08-23T22:13:29.3004164Z  selecting default time zone ... Etc/UTC
2025-08-23T22:13:29.3004487Z  creating configuration files ... ok
2025-08-23T22:13:29.3004749Z  running bootstrap script ... ok
2025-08-23T22:13:29.3005035Z  performing post-bootstrap initialization ... ok
2025-08-23T22:13:29.3005624Z  initdb: hint: You can change this by editing pg_hba.conf or using the option -A, or --auth-local and --auth-host, the next time you run initdb.
2025-08-23T22:13:29.3006415Z  2025-08-23 22:10:43.878 UTC [1] LOG:  starting PostgreSQL 15.14 (Debian 15.14-1.pgdg13+1) on x86_64-pc-linux-gnu, compiled by gcc (Debian 14.2.0-19) 14.2.0, 64-bit
2025-08-23T22:13:29.3007033Z  2025-08-23 22:10:43.878 UTC [1] LOG:  listening on IPv4 address "0.0.0.0", port 5432
2025-08-23T22:13:29.3007438Z  2025-08-23 22:10:43.878 UTC [1] LOG:  listening on IPv6 address "::", port 5432
2025-08-23T22:13:29.3008119Z  2025-08-23 22:10:43.879 UTC [1] LOG:  listening on Unix socket "/var/run/postgresql/.s.PGSQL.5432"
2025-08-23T22:13:29.3008609Z  2025-08-23 22:10:43.883 UTC [64] LOG:  database system was shut down at 2025-08-23 22:10:43 UTC
2025-08-23T22:13:29.3009285Z  2025-08-23 22:10:43.887 UTC [1] LOG:  database system is ready to accept connections
2025-08-23T22:13:29.3009620Z  syncing data to disk ... ok
2025-08-23T22:13:29.3009830Z  
2025-08-23T22:13:29.3009974Z  
2025-08-23T22:13:29.3010199Z  Success. You can now start the database server using:
2025-08-23T22:13:29.3010464Z  
2025-08-23T22:13:29.3010679Z      pg_ctl -D /var/lib/postgresql/data -l logfile start
2025-08-23T22:13:29.3010938Z  
2025-08-23T22:13:29.3011468Z  waiting for server to start....2025-08-23 22:10:43.499 UTC [48] LOG:  starting PostgreSQL 15.14 (Debian 15.14-1.pgdg13+1) on x86_64-pc-linux-gnu, compiled by gcc (Debian 14.2.0-19) 14.2.0, 64-bit
2025-08-23T22:13:29.3012357Z  2025-08-23 22:10:43.502 UTC [48] LOG:  listening on Unix socket "/var/run/postgresql/.s.PGSQL.5432"
2025-08-23T22:13:29.3013187Z  2025-08-23 22:10:43.506 UTC [51] LOG:  database system was shut down at 2025-08-23 22:10:43 UTC
2025-08-23T22:13:29.3013842Z  2025-08-23 22:10:43.511 UTC [48] LOG:  database system is ready to accept connections
2025-08-23T22:13:29.3014389Z   done
2025-08-23T22:13:29.3014661Z  server started
2025-08-23T22:13:29.3015124Z  CREATE DATABASE
2025-08-23T22:13:29.3015426Z  
2025-08-23T22:13:29.3015689Z  
2025-08-23T22:13:29.3016183Z  /usr/local/bin/docker-entrypoint.sh: ignoring /docker-entrypoint-initdb.d/*
2025-08-23T22:13:29.3016741Z  
2025-08-23T22:13:29.3017258Z  waiting for server to shut down...2025-08-23 22:10:43.753 UTC [48] LOG:  received fast shutdown request
2025-08-23T22:13:29.3018507Z  .2025-08-23 22:10:43.753 UTC [48] LOG:  aborting any active transactions
2025-08-23T22:13:29.3019132Z  2025-08-23 22:10:43.755 UTC [48] LOG:  background worker "logical replication launcher" (PID 54) exited with exit code 1
2025-08-23T22:13:29.3019601Z  2025-08-23 22:10:43.757 UTC [49] LOG:  shutting down
2025-08-23T22:13:29.3019942Z  2025-08-23 22:10:43.757 UTC [49] LOG:  checkpoint starting: shutdown immediate
2025-08-23T22:13:29.3020759Z  2025-08-23 22:10:43.782 UTC [49] LOG:  checkpoint complete: wrote 922 buffers (5.6%); 0 WAL file(s) added, 0 removed, 0 recycled; write=0.022 s, sync=0.002 s, total=0.026 s; sync files=301, longest=0.001 s, average=0.001 s; distance=4239 kB, estimate=4239 kB
2025-08-23T22:13:29.3021545Z  2025-08-23 22:10:43.790 UTC [48] LOG:  database system is shut down
2025-08-23T22:13:29.3021826Z   done
2025-08-23T22:13:29.3021992Z  server stopped
2025-08-23T22:13:29.3022167Z  
2025-08-23T22:13:29.3022379Z  PostgreSQL init process complete; ready for start up.
2025-08-23T22:13:29.3022654Z  
2025-08-23T22:13:29.3028282Z Stop and remove container: 2e08541b8b1e4d61810d97dd4e150aaf_postgres15_e33cca
2025-08-23T22:13:29.3032844Z ##[command]/usr/bin/docker rm --force 4a23e52b1abf872b067c26112f2bfd552fa65d662735e563bae13776311ad5ac
2025-08-23T22:13:29.4262190Z 4a23e52b1abf872b067c26112f2bfd552fa65d662735e563bae13776311ad5ac
2025-08-23T22:13:29.4284998Z Print service container logs: a3b95fa6be0a44b69d261008550b4b30_redis7alpine_e2ea59
2025-08-23T22:13:29.4286102Z ##[command]/usr/bin/docker logs --details 98aae43f02a8a3ada3577dee76f1030b87df3d1882e27d40e45202531117220c
2025-08-23T22:13:29.4403718Z  1:C 23 Aug 2025 22:10:44.193 # WARNING Memory overcommit must be enabled! Without it, a background save or replication may fail under low memory condition. Being disabled, it can also cause failures without low memory condition, see https://github.com/jemalloc/jemalloc/issues/1328. To fix this issue add 'vm.overcommit_memory = 1' to /etc/sysctl.conf and then reboot or run the command 'sysctl vm.overcommit_memory=1' for this to take effect.
2025-08-23T22:13:29.4406206Z  1:C 23 Aug 2025 22:10:44.193 * oO0OoO0OoO0Oo Redis is starting oO0OoO0OoO0Oo
2025-08-23T22:13:29.4406975Z  1:C 23 Aug 2025 22:10:44.193 * Redis version=7.4.5, bits=64, commit=00000000, modified=0, pid=1, just started
2025-08-23T22:13:29.4408328Z  1:C 23 Aug 2025 22:10:44.193 # Warning: no config file specified, using the default config. In order to specify a config file use redis-server /path/to/redis.conf
2025-08-23T22:13:29.4409613Z  1:M 23 Aug 2025 22:10:44.193 * monotonic clock: POSIX clock_gettime
2025-08-23T22:13:29.4410202Z  1:M 23 Aug 2025 22:10:44.194 * Running mode=standalone, port=6379.
2025-08-23T22:13:29.4410730Z  1:M 23 Aug 2025 22:10:44.194 * Server initialized
2025-08-23T22:13:29.4411255Z  1:M 23 Aug 2025 22:10:44.194 * Ready to accept connections tcp
2025-08-23T22:13:29.4419469Z Stop and remove container: a3b95fa6be0a44b69d261008550b4b30_redis7alpine_e2ea59
2025-08-23T22:13:29.4420211Z ##[command]/usr/bin/docker rm --force 98aae43f02a8a3ada3577dee76f1030b87df3d1882e27d40e45202531117220c
2025-08-23T22:13:29.5486705Z 98aae43f02a8a3ada3577dee76f1030b87df3d1882e27d40e45202531117220c
2025-08-23T22:13:29.5511333Z Remove container network: github_network_e9ff799ad4924796909d8b5047cce7ee
2025-08-23T22:13:29.5515475Z ##[command]/usr/bin/docker network rm github_network_e9ff799ad4924796909d8b5047cce7ee
2025-08-23T22:13:29.7054940Z github_network_e9ff799ad4924796909d8b5047cce7ee
2025-08-23T22:13:29.7115028Z Cleaning up orphan processes
