2025-08-16T23:25:22.1550178Z Current runner version: '2.327.1'
2025-08-16T23:25:22.1581156Z ##[group]Runner Image Provisioner
2025-08-16T23:25:22.1581939Z Hosted Compute Agent
2025-08-16T23:25:22.1582470Z Version: 20250812.370
2025-08-16T23:25:22.1583221Z Commit: 4a2b2bf7520004e3e907c2150c8cabe342a3da32
2025-08-16T23:25:22.1583907Z Build Date: 2025-08-12T16:08:14Z
2025-08-16T23:25:22.1584494Z ##[endgroup]
2025-08-16T23:25:22.1585062Z ##[group]Operating System
2025-08-16T23:25:22.1585629Z Ubuntu
2025-08-16T23:25:22.1586074Z 24.04.2
2025-08-16T23:25:22.1586602Z LTS
2025-08-16T23:25:22.1587063Z ##[endgroup]
2025-08-16T23:25:22.1587558Z ##[group]Runner Image
2025-08-16T23:25:22.1588426Z Image: ubuntu-24.04
2025-08-16T23:25:22.1588936Z Version: 20250810.1.0
2025-08-16T23:25:22.1589934Z Included Software: https://github.com/actions/runner-images/blob/ubuntu24/20250810.1/images/ubuntu/Ubuntu2404-Readme.md
2025-08-16T23:25:22.1591491Z Image Release: https://github.com/actions/runner-images/releases/tag/ubuntu24%2F20250810.1
2025-08-16T23:25:22.1592483Z ##[endgroup]
2025-08-16T23:25:22.1594922Z ##[group]GITHUB_TOKEN Permissions
2025-08-16T23:25:22.1596862Z Actions: write
2025-08-16T23:25:22.1597479Z Attestations: write
2025-08-16T23:25:22.1598046Z Checks: write
2025-08-16T23:25:22.1598758Z Contents: write
2025-08-16T23:25:22.1599311Z Deployments: write
2025-08-16T23:25:22.1599799Z Discussions: write
2025-08-16T23:25:22.1600286Z Issues: write
2025-08-16T23:25:22.1600714Z Metadata: read
2025-08-16T23:25:22.1601289Z Models: read
2025-08-16T23:25:22.1601744Z Packages: write
2025-08-16T23:25:22.1602232Z Pages: write
2025-08-16T23:25:22.1602789Z PullRequests: write
2025-08-16T23:25:22.1603289Z RepositoryProjects: write
2025-08-16T23:25:22.1603831Z SecurityEvents: write
2025-08-16T23:25:22.1604539Z Statuses: write
2025-08-16T23:25:22.1605393Z ##[endgroup]
2025-08-16T23:25:22.1608822Z Secret source: Actions
2025-08-16T23:25:22.1609963Z Prepare workflow directory
2025-08-16T23:25:22.2210809Z Prepare all required actions
2025-08-16T23:25:22.2266816Z Getting action download info
2025-08-16T23:25:22.5587214Z Download action repository 'actions/checkout@v4' (SHA:08eba0b27e820071cde6df949e0beb9ba4906955)
2025-08-16T23:25:22.8089616Z Download action repository 'actions/setup-python@v5' (SHA:a26af69be951a213d495a4c3e4e4022e16d87065)
2025-08-16T23:25:23.0921606Z Download action repository 'actions/cache@v4' (SHA:0400d5f644dc74513175e3cd8d07132dd4860809)
2025-08-16T23:25:23.3740836Z Download action repository 'actions/setup-node@v4' (SHA:49933ea5288caeca8642d1e84afbd3f7d6820020)
2025-08-16T23:25:23.6073424Z Download action repository 'codecov/codecov-action@v4' (SHA:b9fd7d16f6d7d1b5d2bec1a2887e65ceed900238)
2025-08-16T23:25:24.0976978Z Complete job name: test
2025-08-16T23:25:24.1575756Z ##[group]Checking docker version
2025-08-16T23:25:24.1589800Z ##[command]/usr/bin/docker version --format '{{.Server.APIVersion}}'
2025-08-16T23:25:24.2237812Z '1.48'
2025-08-16T23:25:24.2250812Z Docker daemon API version: '1.48'
2025-08-16T23:25:24.2252214Z ##[command]/usr/bin/docker version --format '{{.Client.APIVersion}}'
2025-08-16T23:25:24.2411068Z '1.48'
2025-08-16T23:25:24.2425327Z Docker client API version: '1.48'
2025-08-16T23:25:24.2431591Z ##[endgroup]
2025-08-16T23:25:24.2434761Z ##[group]Clean up resources from previous jobs
2025-08-16T23:25:24.2441972Z ##[command]/usr/bin/docker ps --all --quiet --no-trunc --filter "label=b72cb2"
2025-08-16T23:25:24.2591580Z ##[command]/usr/bin/docker network prune --force --filter "label=b72cb2"
2025-08-16T23:25:24.2728085Z ##[endgroup]
2025-08-16T23:25:24.2729239Z ##[group]Create local container network
2025-08-16T23:25:24.2740417Z ##[command]/usr/bin/docker network create --label b72cb2 github_network_af19004734da426c94550341eac5b6da
2025-08-16T23:25:24.3265770Z a8363c3d6c7a61e98adf7db80b27f2c0e8770a3a7c0c4710d7f95c9fb14458fe
2025-08-16T23:25:24.3284952Z ##[endgroup]
2025-08-16T23:25:24.3312379Z ##[group]Starting postgres service container
2025-08-16T23:25:24.3332561Z ##[command]/usr/bin/docker pull postgres:15
2025-08-16T23:25:24.6785628Z 15: Pulling from library/postgres
2025-08-16T23:25:24.7915593Z 396b1da7636e: Pulling fs layer
2025-08-16T23:25:24.7917358Z fca2566eba32: Pulling fs layer
2025-08-16T23:25:24.7919211Z 631fe8c6d606: Pulling fs layer
2025-08-16T23:25:24.7920734Z 77c7671c4414: Pulling fs layer
2025-08-16T23:25:24.7922878Z 2d9e29180a27: Pulling fs layer
2025-08-16T23:25:24.7924064Z c6bcc2c9a041: Pulling fs layer
2025-08-16T23:25:24.7925120Z ac4b721eb66f: Pulling fs layer
2025-08-16T23:25:24.7926168Z 606bd164980e: Pulling fs layer
2025-08-16T23:25:24.7927226Z f5dfd246bc6e: Pulling fs layer
2025-08-16T23:25:24.7928431Z ba7036bb0a60: Pulling fs layer
2025-08-16T23:25:24.7929512Z 799f859abbbd: Pulling fs layer
2025-08-16T23:25:24.7930597Z d903e777080c: Pulling fs layer
2025-08-16T23:25:24.7931642Z 04adcb462801: Pulling fs layer
2025-08-16T23:25:24.7932673Z 5c10925b29ff: Pulling fs layer
2025-08-16T23:25:24.7933703Z 77c7671c4414: Waiting
2025-08-16T23:25:24.7934618Z 2d9e29180a27: Waiting
2025-08-16T23:25:24.7935531Z c6bcc2c9a041: Waiting
2025-08-16T23:25:24.7936462Z ac4b721eb66f: Waiting
2025-08-16T23:25:24.7937383Z f5dfd246bc6e: Waiting
2025-08-16T23:25:24.7938456Z ba7036bb0a60: Waiting
2025-08-16T23:25:24.7939384Z 04adcb462801: Waiting
2025-08-16T23:25:24.7940301Z d903e777080c: Waiting
2025-08-16T23:25:24.7941199Z 799f859abbbd: Waiting
2025-08-16T23:25:24.7942108Z 606bd164980e: Waiting
2025-08-16T23:25:24.7943066Z 5c10925b29ff: Waiting
2025-08-16T23:25:24.9394438Z fca2566eba32: Verifying Checksum
2025-08-16T23:25:24.9396303Z fca2566eba32: Download complete
2025-08-16T23:25:24.9941934Z 631fe8c6d606: Verifying Checksum
2025-08-16T23:25:24.9945421Z 631fe8c6d606: Download complete
2025-08-16T23:25:25.0583564Z 77c7671c4414: Verifying Checksum
2025-08-16T23:25:25.0585465Z 77c7671c4414: Download complete
2025-08-16T23:25:25.1526392Z 2d9e29180a27: Verifying Checksum
2025-08-16T23:25:25.1528049Z 2d9e29180a27: Download complete
2025-08-16T23:25:25.1656801Z c6bcc2c9a041: Verifying Checksum
2025-08-16T23:25:25.1659503Z c6bcc2c9a041: Download complete
2025-08-16T23:25:25.2461754Z ac4b721eb66f: Download complete
2025-08-16T23:25:25.2589405Z 396b1da7636e: Verifying Checksum
2025-08-16T23:25:25.2591236Z 396b1da7636e: Download complete
2025-08-16T23:25:25.2671806Z 606bd164980e: Verifying Checksum
2025-08-16T23:25:25.2673539Z 606bd164980e: Download complete
2025-08-16T23:25:25.3447736Z ba7036bb0a60: Verifying Checksum
2025-08-16T23:25:25.3523028Z ba7036bb0a60: Download complete
2025-08-16T23:25:25.3524517Z 799f859abbbd: Verifying Checksum
2025-08-16T23:25:25.3528491Z 799f859abbbd: Download complete
2025-08-16T23:25:25.4217316Z d903e777080c: Download complete
2025-08-16T23:25:25.4365245Z 04adcb462801: Verifying Checksum
2025-08-16T23:25:25.4369443Z 04adcb462801: Download complete
2025-08-16T23:25:25.5041985Z 5c10925b29ff: Verifying Checksum
2025-08-16T23:25:25.5043687Z 5c10925b29ff: Download complete
2025-08-16T23:25:26.3507471Z 396b1da7636e: Pull complete
2025-08-16T23:25:26.4197383Z f5dfd246bc6e: Verifying Checksum
2025-08-16T23:25:26.4197871Z f5dfd246bc6e: Download complete
2025-08-16T23:25:27.4360828Z fca2566eba32: Pull complete
2025-08-16T23:25:27.6112858Z 631fe8c6d606: Pull complete
2025-08-16T23:25:27.6565469Z 77c7671c4414: Pull complete
2025-08-16T23:25:27.9742356Z 2d9e29180a27: Pull complete
2025-08-16T23:25:28.0693667Z c6bcc2c9a041: Pull complete
2025-08-16T23:25:28.0796095Z ac4b721eb66f: Pull complete
2025-08-16T23:25:28.0904506Z 606bd164980e: Pull complete
2025-08-16T23:25:31.2979124Z f5dfd246bc6e: Pull complete
2025-08-16T23:25:31.3155692Z ba7036bb0a60: Pull complete
2025-08-16T23:25:31.3277352Z 799f859abbbd: Pull complete
2025-08-16T23:25:31.3409230Z d903e777080c: Pull complete
2025-08-16T23:25:31.3544722Z 04adcb462801: Pull complete
2025-08-16T23:25:31.3671927Z 5c10925b29ff: Pull complete
2025-08-16T23:25:31.3714948Z Digest: sha256:bc51cf4f1fe02cce7ed2370b20128a9b00b4eb804573a77d2a0d877aaa9c82b1
2025-08-16T23:25:31.3728479Z Status: Downloaded newer image for postgres:15
2025-08-16T23:25:31.3739272Z docker.io/library/postgres:15
2025-08-16T23:25:31.3799415Z ##[command]/usr/bin/docker create --name 7da3c80d213c424caa56cc7061c1ac9e_postgres15_45d1ac --label b72cb2 --network github_network_af19004734da426c94550341eac5b6da --network-alias postgres -p 5432:5432 --health-cmd="pg_isready -U postgres -d awa" --health-interval=5s --health-timeout=5s --health-retries=10 -e "POSTGRES_USER=postgres" -e "POSTGRES_PASSWORD=pass" -e "POSTGRES_DB=awa" -e GITHUB_ACTIONS=true -e CI=true postgres:15
2025-08-16T23:25:31.4078057Z f94f50611834e2f6d5380e17930a73e777091a32c868f855820f50162f6efef1
2025-08-16T23:25:31.4102496Z ##[command]/usr/bin/docker start f94f50611834e2f6d5380e17930a73e777091a32c868f855820f50162f6efef1
2025-08-16T23:25:31.6665598Z f94f50611834e2f6d5380e17930a73e777091a32c868f855820f50162f6efef1
2025-08-16T23:25:31.6700237Z ##[command]/usr/bin/docker ps --all --filter id=f94f50611834e2f6d5380e17930a73e777091a32c868f855820f50162f6efef1 --filter status=running --no-trunc --format "{{.ID}} {{.Status}}"
2025-08-16T23:25:31.6952234Z f94f50611834e2f6d5380e17930a73e777091a32c868f855820f50162f6efef1 Up Less than a second (health: starting)
2025-08-16T23:25:31.7000001Z ##[command]/usr/bin/docker port f94f50611834e2f6d5380e17930a73e777091a32c868f855820f50162f6efef1
2025-08-16T23:25:31.7183552Z 5432/tcp -> 0.0.0.0:5432
2025-08-16T23:25:31.7247098Z 5432/tcp -> [::]:5432
2025-08-16T23:25:31.7295805Z ##[endgroup]
2025-08-16T23:25:31.7308836Z ##[group]Waiting for all services to be ready
2025-08-16T23:25:31.7323066Z ##[command]/usr/bin/docker inspect --format="{{if .Config.Healthcheck}}{{print .State.Health.Status}}{{end}}" f94f50611834e2f6d5380e17930a73e777091a32c868f855820f50162f6efef1
2025-08-16T23:25:31.7458553Z starting
2025-08-16T23:25:31.7481203Z postgres service is starting, waiting 2 seconds before checking again.
2025-08-16T23:25:33.7482117Z ##[command]/usr/bin/docker inspect --format="{{if .Config.Healthcheck}}{{print .State.Health.Status}}{{end}}" f94f50611834e2f6d5380e17930a73e777091a32c868f855820f50162f6efef1
2025-08-16T23:25:33.7605536Z starting
2025-08-16T23:25:33.7620188Z postgres service is starting, waiting 4 seconds before checking again.
2025-08-16T23:25:38.1364029Z ##[command]/usr/bin/docker inspect --format="{{if .Config.Healthcheck}}{{print .State.Health.Status}}{{end}}" f94f50611834e2f6d5380e17930a73e777091a32c868f855820f50162f6efef1
2025-08-16T23:25:38.1481528Z healthy
2025-08-16T23:25:38.1503255Z postgres service is healthy.
2025-08-16T23:25:38.1503895Z ##[endgroup]
2025-08-16T23:25:38.1743580Z ##[group]Run actions/checkout@v4
2025-08-16T23:25:38.1744166Z with:
2025-08-16T23:25:38.1744342Z   fetch-depth: 0
2025-08-16T23:25:38.1744559Z   repository: AlexBomber12/AWA-App
2025-08-16T23:25:38.1744945Z   token: ***
2025-08-16T23:25:38.1745135Z   ssh-strict: true
2025-08-16T23:25:38.1745310Z   ssh-user: git
2025-08-16T23:25:38.1745503Z   persist-credentials: true
2025-08-16T23:25:38.1745717Z   clean: true
2025-08-16T23:25:38.1745907Z   sparse-checkout-cone-mode: true
2025-08-16T23:25:38.1746140Z   fetch-tags: false
2025-08-16T23:25:38.1746318Z   show-progress: true
2025-08-16T23:25:38.1746519Z   lfs: false
2025-08-16T23:25:38.1746676Z   submodules: false
2025-08-16T23:25:38.1746857Z   set-safe-directory: true
2025-08-16T23:25:38.1747235Z ##[endgroup]
2025-08-16T23:25:38.2814422Z Syncing repository: AlexBomber12/AWA-App
2025-08-16T23:25:38.2815687Z ##[group]Getting Git version info
2025-08-16T23:25:38.2816046Z Working directory is '/home/runner/work/AWA-App/AWA-App'
2025-08-16T23:25:38.2816629Z [command]/usr/bin/git version
2025-08-16T23:25:38.2873986Z git version 2.50.1
2025-08-16T23:25:38.2900404Z ##[endgroup]
2025-08-16T23:25:38.2920782Z Temporarily overriding HOME='/home/runner/work/_temp/2df53178-5eaf-4cc3-b55d-85049c64b839' before making global git config changes
2025-08-16T23:25:38.2921524Z Adding repository directory to the temporary git global config as a safe directory
2025-08-16T23:25:38.2925685Z [command]/usr/bin/git config --global --add safe.directory /home/runner/work/AWA-App/AWA-App
2025-08-16T23:25:38.2966133Z Deleting the contents of '/home/runner/work/AWA-App/AWA-App'
2025-08-16T23:25:38.2970070Z ##[group]Initializing the repository
2025-08-16T23:25:38.2974397Z [command]/usr/bin/git init /home/runner/work/AWA-App/AWA-App
2025-08-16T23:25:38.3073855Z hint: Using 'master' as the name for the initial branch. This default branch name
2025-08-16T23:25:38.3074733Z hint: is subject to change. To configure the initial branch name to use in all
2025-08-16T23:25:38.3075550Z hint: of your new repositories, which will suppress this warning, call:
2025-08-16T23:25:38.3076096Z hint:
2025-08-16T23:25:38.3076495Z hint: 	git config --global init.defaultBranch <name>
2025-08-16T23:25:38.3076954Z hint:
2025-08-16T23:25:38.3077420Z hint: Names commonly chosen instead of 'master' are 'main', 'trunk' and
2025-08-16T23:25:38.3078502Z hint: 'development'. The just-created branch can be renamed via this command:
2025-08-16T23:25:38.3079190Z hint:
2025-08-16T23:25:38.3079512Z hint: 	git branch -m <name>
2025-08-16T23:25:38.3079910Z hint:
2025-08-16T23:25:38.3080451Z hint: Disable this message with "git config set advice.defaultBranchName false"
2025-08-16T23:25:38.3081377Z Initialized empty Git repository in /home/runner/work/AWA-App/AWA-App/.git/
2025-08-16T23:25:38.3090816Z [command]/usr/bin/git remote add origin https://github.com/AlexBomber12/AWA-App
2025-08-16T23:25:38.3126553Z ##[endgroup]
2025-08-16T23:25:38.3127096Z ##[group]Disabling automatic garbage collection
2025-08-16T23:25:38.3131393Z [command]/usr/bin/git config --local gc.auto 0
2025-08-16T23:25:38.3159015Z ##[endgroup]
2025-08-16T23:25:38.3159526Z ##[group]Setting up auth
2025-08-16T23:25:38.3165980Z [command]/usr/bin/git config --local --name-only --get-regexp core\.sshCommand
2025-08-16T23:25:38.3195730Z [command]/usr/bin/git submodule foreach --recursive sh -c "git config --local --name-only --get-regexp 'core\.sshCommand' && git config --local --unset-all 'core.sshCommand' || :"
2025-08-16T23:25:38.3479859Z [command]/usr/bin/git config --local --name-only --get-regexp http\.https\:\/\/github\.com\/\.extraheader
2025-08-16T23:25:38.3509981Z [command]/usr/bin/git submodule foreach --recursive sh -c "git config --local --name-only --get-regexp 'http\.https\:\/\/github\.com\/\.extraheader' && git config --local --unset-all 'http.https://github.com/.extraheader' || :"
2025-08-16T23:25:38.3737824Z [command]/usr/bin/git config --local http.https://github.com/.extraheader AUTHORIZATION: basic ***
2025-08-16T23:25:38.3775029Z ##[endgroup]
2025-08-16T23:25:38.3775719Z ##[group]Fetching the repository
2025-08-16T23:25:38.3792979Z [command]/usr/bin/git -c protocol.version=2 fetch --prune --no-recurse-submodules origin +refs/heads/*:refs/remotes/origin/* +refs/tags/*:refs/tags/*
2025-08-16T23:25:39.1196332Z From https://github.com/AlexBomber12/AWA-App
2025-08-16T23:25:39.1197374Z  * [new branch]      codex/check-ci-logs-for-errors-and-fix-them -> origin/codex/check-ci-logs-for-errors-and-fix-them
2025-08-16T23:25:39.1199010Z  * [new branch]      codex/check-logs-for-errors-and-fix-issues -> origin/codex/check-logs-for-errors-and-fix-issues
2025-08-16T23:25:39.1202495Z  * [new branch]      codex/fix-ci-workflows-based-on-logs -> origin/codex/fix-ci-workflows-based-on-logs
2025-08-16T23:25:39.1203638Z  * [new branch]      codex/fix-ci-workflows-until-all-pass -> origin/codex/fix-ci-workflows-until-all-pass
2025-08-16T23:25:39.1204995Z  * [new branch]      codex/implement-targeted-ci-fixes-until-green -> origin/codex/implement-targeted-ci-fixes-until-green
2025-08-16T23:25:39.1206459Z  * [new branch]      codex/implement-targeted-ci-fixes-until-green-g91k8p -> origin/codex/implement-targeted-ci-fixes-until-green-g91k8p
2025-08-16T23:25:39.1207952Z  * [new branch]      codex/replace-github-cli-with-python-rest-calls -> origin/codex/replace-github-cli-with-python-rest-calls
2025-08-16T23:25:39.1209078Z  * [new branch]      gh-pages   -> origin/gh-pages
2025-08-16T23:25:39.1211450Z  * [new branch]      main       -> origin/main
2025-08-16T23:25:39.1213178Z  * [new tag]         0.3.0      -> 0.3.0
2025-08-16T23:25:39.1253352Z [command]/usr/bin/git branch --list --remote origin/main
2025-08-16T23:25:39.1276891Z   origin/main
2025-08-16T23:25:39.1286435Z [command]/usr/bin/git rev-parse refs/remotes/origin/main
2025-08-16T23:25:39.1306690Z ebf7ea3a13da3a8446b04233a9c909733b179124
2025-08-16T23:25:39.1312159Z ##[endgroup]
2025-08-16T23:25:39.1312557Z ##[group]Determining the checkout info
2025-08-16T23:25:39.1313486Z ##[endgroup]
2025-08-16T23:25:39.1317675Z [command]/usr/bin/git sparse-checkout disable
2025-08-16T23:25:39.1354664Z [command]/usr/bin/git config --local --unset-all extensions.worktreeConfig
2025-08-16T23:25:39.1379781Z ##[group]Checking out the ref
2025-08-16T23:25:39.1384629Z [command]/usr/bin/git checkout --progress --force -B main refs/remotes/origin/main
2025-08-16T23:25:39.1833835Z Switched to a new branch 'main'
2025-08-16T23:25:39.1836044Z branch 'main' set up to track 'origin/main'.
2025-08-16T23:25:39.1847633Z ##[endgroup]
2025-08-16T23:25:39.1890471Z [command]/usr/bin/git log -1 --format=%H
2025-08-16T23:25:39.1913446Z ebf7ea3a13da3a8446b04233a9c909733b179124
2025-08-16T23:25:39.2074286Z ##[group]Run cat .env.ci >> "$GITHUB_ENV"
2025-08-16T23:25:39.2074679Z [36;1mcat .env.ci >> "$GITHUB_ENV"[0m
2025-08-16T23:25:39.2075428Z [36;1mecho "DATABASE_URL=***localhost:5432/awa" >> "$GITHUB_ENV"[0m
2025-08-16T23:25:39.2075785Z [36;1mecho "PG_HOST=localhost" >> "$GITHUB_ENV"[0m
2025-08-16T23:25:39.2076081Z [36;1mecho "PG_PORT=5432" >> "$GITHUB_ENV"[0m
2025-08-16T23:25:39.2076357Z [36;1mecho "PG_USER=postgres" >> "$GITHUB_ENV"[0m
2025-08-16T23:25:39.2076633Z [36;1mecho "PG_PASSWORD=pass" >> "$GITHUB_ENV"[0m
2025-08-16T23:25:39.2076913Z [36;1mecho "PG_DATABASE=awa" >> "$GITHUB_ENV"[0m
2025-08-16T23:25:39.2121197Z shell: /usr/bin/bash -e {0}
2025-08-16T23:25:39.2121450Z ##[endgroup]
2025-08-16T23:25:39.2296528Z ##[group]Run actions/setup-python@v5
2025-08-16T23:25:39.2296799Z with:
2025-08-16T23:25:39.2296976Z   python-version: 3.12
2025-08-16T23:25:39.2297174Z   cache: pip
2025-08-16T23:25:39.2297960Z   cache-dependency-path: requirements-dev.txt
services/etl/requirements.txt
services/api/requirements.txt
services/repricer/requirements.txt
services/fees_h10/requirements.txt
services/alert_bot/requirements.txt

2025-08-16T23:25:39.2299205Z   check-latest: false
2025-08-16T23:25:39.2299531Z   token: ***
2025-08-16T23:25:39.2299719Z   update-environment: true
2025-08-16T23:25:39.2299936Z   allow-prereleases: false
2025-08-16T23:25:39.2300131Z   freethreaded: false
2025-08-16T23:25:39.2300313Z env:
2025-08-16T23:25:39.2300467Z   PG_USER: postgres
2025-08-16T23:25:39.2300651Z   PG_PASSWORD: pass
2025-08-16T23:25:39.2300820Z   PG_DATABASE: awa
2025-08-16T23:25:39.2300992Z   PG_HOST: localhost
2025-08-16T23:25:39.2301164Z   PG_PORT: 5432
2025-08-16T23:25:39.2301568Z   PG_SYNC_DSN: ***localhost:5432/awa
2025-08-16T23:25:39.2301988Z   PG_ASYNC_DSN: ***localhost:5432/awa
2025-08-16T23:25:39.2302365Z   DATABASE_URL: ***localhost:5432/awa
2025-08-16T23:25:39.2302595Z   DATA_DIR: /tmp/awa-data
2025-08-16T23:25:39.2302794Z   ENABLE_LIVE: 0
2025-08-16T23:25:39.2302968Z   TESTING: 1
2025-08-16T23:25:39.2303134Z ##[endgroup]
2025-08-16T23:25:39.3986085Z ##[group]Installed versions
2025-08-16T23:25:39.4072146Z Successfully set up CPython (3.12.11)
2025-08-16T23:25:39.4072937Z ##[endgroup]
2025-08-16T23:25:39.4484715Z [command]/opt/hostedtoolcache/Python/3.12.11/x64/bin/pip cache dir
2025-08-16T23:25:41.3421768Z /home/runner/.cache/pip
2025-08-16T23:25:41.4508321Z Cache hit for: setup-python-Linux-x64-24.04-Ubuntu-python-3.12.11-pip-be31af00322339d68f50246922f2db2622878991132419b45e9be30d325a52f1
2025-08-16T23:25:42.5136911Z Received 234881024 of 271702026 (86.4%), 222.7 MBs/sec
2025-08-16T23:25:42.7769069Z Received 271702026 of 271702026 (100.0%), 204.2 MBs/sec
2025-08-16T23:25:42.7769898Z Cache Size: ~259 MB (271702026 B)
2025-08-16T23:25:42.7810373Z [command]/usr/bin/tar -xf /home/runner/work/_temp/6a18ae14-d80d-467a-8541-aeb4d68b2914/cache.tzst -P -C /home/runner/work/AWA-App/AWA-App --use-compress-program unzstd
2025-08-16T23:25:43.2041805Z Cache restored successfully
2025-08-16T23:25:43.2572298Z Cache restored from key: setup-python-Linux-x64-24.04-Ubuntu-python-3.12.11-pip-be31af00322339d68f50246922f2db2622878991132419b45e9be30d325a52f1
2025-08-16T23:25:43.3296244Z ##[group]Run actions/cache@v4
2025-08-16T23:25:43.3296539Z with:
2025-08-16T23:25:43.3296760Z   path: ~/.cache/pip
.pytest_cache
~/.ruff_cache

2025-08-16T23:25:43.3297223Z   key: Linux-test-dee7c0c28332ec2ebb5d2650fb0d2cfddf025b3b0e96b0c826645ad2cb717961
2025-08-16T23:25:43.3297638Z   restore-keys: Linux-test-
2025-08-16T23:25:43.3297859Z   enableCrossOsArchive: false
2025-08-16T23:25:43.3298086Z   fail-on-cache-miss: false
2025-08-16T23:25:43.3298790Z   lookup-only: false
2025-08-16T23:25:43.3298995Z   save-always: false
2025-08-16T23:25:43.3299172Z env:
2025-08-16T23:25:43.3299340Z   PG_USER: postgres
2025-08-16T23:25:43.3299527Z   PG_PASSWORD: pass
2025-08-16T23:25:43.3299699Z   PG_DATABASE: awa
2025-08-16T23:25:43.3299876Z   PG_HOST: localhost
2025-08-16T23:25:43.3300060Z   PG_PORT: 5432
2025-08-16T23:25:43.3300756Z   PG_SYNC_DSN: ***localhost:5432/awa
2025-08-16T23:25:43.3301247Z   PG_ASYNC_DSN: ***localhost:5432/awa
2025-08-16T23:25:43.3301673Z   DATABASE_URL: ***localhost:5432/awa
2025-08-16T23:25:43.3301904Z   DATA_DIR: /tmp/awa-data
2025-08-16T23:25:43.3302107Z   ENABLE_LIVE: 0
2025-08-16T23:25:43.3302282Z   TESTING: 1
2025-08-16T23:25:43.3302518Z   pythonLocation: /opt/hostedtoolcache/Python/3.12.11/x64
2025-08-16T23:25:43.3302923Z   PKG_CONFIG_PATH: /opt/hostedtoolcache/Python/3.12.11/x64/lib/pkgconfig
2025-08-16T23:25:43.3303320Z   Python_ROOT_DIR: /opt/hostedtoolcache/Python/3.12.11/x64
2025-08-16T23:25:43.3303671Z   Python2_ROOT_DIR: /opt/hostedtoolcache/Python/3.12.11/x64
2025-08-16T23:25:43.3304011Z   Python3_ROOT_DIR: /opt/hostedtoolcache/Python/3.12.11/x64
2025-08-16T23:25:43.3304357Z   LD_LIBRARY_PATH: /opt/hostedtoolcache/Python/3.12.11/x64/lib
2025-08-16T23:25:43.3304656Z ##[endgroup]
2025-08-16T23:25:43.5461668Z Cache hit for: Linux-test-dee7c0c28332ec2ebb5d2650fb0d2cfddf025b3b0e96b0c826645ad2cb717961
2025-08-16T23:25:44.5997001Z Received 205520896 of 271707212 (75.6%), 193.1 MBs/sec
2025-08-16T23:25:44.9601362Z Received 271707212 of 271707212 (100.0%), 188.5 MBs/sec
2025-08-16T23:25:44.9603643Z Cache Size: ~259 MB (271707212 B)
2025-08-16T23:25:44.9644905Z [command]/usr/bin/tar -xf /home/runner/work/_temp/c4f3468c-9609-4e4b-acf4-1034ac3bc161/cache.tzst -P -C /home/runner/work/AWA-App/AWA-App --use-compress-program unzstd
2025-08-16T23:25:45.4403783Z Cache restored successfully
2025-08-16T23:25:45.4995254Z Cache restored from key: Linux-test-dee7c0c28332ec2ebb5d2650fb0d2cfddf025b3b0e96b0c826645ad2cb717961
2025-08-16T23:25:45.5178405Z ##[group]Run pip install -r services/etl/requirements.txt
2025-08-16T23:25:45.5179126Z [36;1mpip install -r services/etl/requirements.txt[0m
2025-08-16T23:25:45.5179717Z [36;1mpip install -r services/api/requirements.txt[0m
2025-08-16T23:25:45.5180385Z [36;1mpip install -r services/repricer/requirements.txt[0m
2025-08-16T23:25:45.5181045Z [36;1mpip install -r services/fees_h10/requirements.txt[0m
2025-08-16T23:25:45.5181703Z [36;1mpip install -r services/alert_bot/requirements.txt[0m
2025-08-16T23:25:45.5182306Z [36;1mpip install -r requirements-dev.txt[0m
2025-08-16T23:25:45.5182807Z [36;1mpip install asyncpg[0m
2025-08-16T23:25:45.5183220Z [36;1mpip install pytest[0m
2025-08-16T23:25:45.5183665Z [36;1mpip install keepa==1.3.15 minio==7.1.15[0m
2025-08-16T23:25:45.5243873Z shell: /usr/bin/bash -e {0}
2025-08-16T23:25:45.5244272Z env:
2025-08-16T23:25:45.5244566Z   PG_USER: postgres
2025-08-16T23:25:45.5244966Z   PG_PASSWORD: pass
2025-08-16T23:25:45.5245353Z   PG_DATABASE: awa
2025-08-16T23:25:45.5245700Z   PG_HOST: localhost
2025-08-16T23:25:45.5246053Z   PG_PORT: 5432
2025-08-16T23:25:45.5246813Z   PG_SYNC_DSN: ***localhost:5432/awa
2025-08-16T23:25:45.5247582Z   PG_ASYNC_DSN: ***localhost:5432/awa
2025-08-16T23:25:45.5248592Z   DATABASE_URL: ***localhost:5432/awa
2025-08-16T23:25:45.5249105Z   DATA_DIR: /tmp/awa-data
2025-08-16T23:25:45.5249762Z   ENABLE_LIVE: 0
2025-08-16T23:25:45.5250082Z   TESTING: 1
2025-08-16T23:25:45.5250517Z   pythonLocation: /opt/hostedtoolcache/Python/3.12.11/x64
2025-08-16T23:25:45.5251254Z   PKG_CONFIG_PATH: /opt/hostedtoolcache/Python/3.12.11/x64/lib/pkgconfig
2025-08-16T23:25:45.5251998Z   Python_ROOT_DIR: /opt/hostedtoolcache/Python/3.12.11/x64
2025-08-16T23:25:45.5252651Z   Python2_ROOT_DIR: /opt/hostedtoolcache/Python/3.12.11/x64
2025-08-16T23:25:45.5253283Z   Python3_ROOT_DIR: /opt/hostedtoolcache/Python/3.12.11/x64
2025-08-16T23:25:45.5253935Z   LD_LIBRARY_PATH: /opt/hostedtoolcache/Python/3.12.11/x64/lib
2025-08-16T23:25:45.5254482Z ##[endgroup]
2025-08-16T23:25:47.1862760Z Collecting keepa==1.3.14 (from -r services/etl/requirements.txt (line 1))
2025-08-16T23:25:47.1882391Z   Using cached keepa-1.3.14-py3-none-any.whl.metadata (10 kB)
2025-08-16T23:25:47.2185886Z Collecting minio==7.1.15 (from -r services/etl/requirements.txt (line 2))
2025-08-16T23:25:47.2199987Z   Using cached minio-7.1.15-py3-none-any.whl.metadata (4.2 kB)
2025-08-16T23:25:47.2755633Z Collecting python-amazon-sp-api==0.8.0 (from -r services/etl/requirements.txt (line 3))
2025-08-16T23:25:47.2768505Z   Using cached python_amazon_sp_api-0.8.0-py3-none-any.whl.metadata (3.2 kB)
2025-08-16T23:25:47.2939178Z Collecting pydantic-settings==2.2.1 (from -r services/etl/requirements.txt (line 4))
2025-08-16T23:25:47.2950632Z   Using cached pydantic_settings-2.2.1-py3-none-any.whl.metadata (3.1 kB)
2025-08-16T23:25:47.4784036Z Collecting numpy>=1.9.3 (from keepa==1.3.14->-r services/etl/requirements.txt (line 1))
2025-08-16T23:25:47.4801101Z   Using cached numpy-2.3.2-cp312-cp312-manylinux_2_27_x86_64.manylinux_2_28_x86_64.whl.metadata (62 kB)
2025-08-16T23:25:47.5235657Z Collecting requests>=2.2 (from keepa==1.3.14->-r services/etl/requirements.txt (line 1))
2025-08-16T23:25:47.5247544Z   Using cached requests-2.32.4-py3-none-any.whl.metadata (4.9 kB)
2025-08-16T23:25:47.5616453Z Collecting tqdm (from keepa==1.3.14->-r services/etl/requirements.txt (line 1))
2025-08-16T23:25:47.5627979Z   Using cached tqdm-4.67.1-py3-none-any.whl.metadata (57 kB)
2025-08-16T23:25:48.0371378Z Collecting aiohttp (from keepa==1.3.14->-r services/etl/requirements.txt (line 1))
2025-08-16T23:25:48.0384445Z   Using cached aiohttp-3.12.15-cp312-cp312-manylinux_2_17_x86_64.manylinux2014_x86_64.whl.metadata (7.7 kB)
2025-08-16T23:25:48.1738609Z Collecting pandas<=3.0 (from keepa==1.3.14->-r services/etl/requirements.txt (line 1))
2025-08-16T23:25:48.1755001Z   Using cached pandas-2.3.1-cp312-cp312-manylinux_2_17_x86_64.manylinux2014_x86_64.whl.metadata (91 kB)
2025-08-16T23:25:48.3213013Z Collecting pydantic (from keepa==1.3.14->-r services/etl/requirements.txt (line 1))
2025-08-16T23:25:48.3226222Z   Using cached pydantic-2.11.7-py3-none-any.whl.metadata (67 kB)
2025-08-16T23:25:48.3477146Z Collecting certifi (from minio==7.1.15->-r services/etl/requirements.txt (line 2))
2025-08-16T23:25:48.3489134Z   Using cached certifi-2025.8.3-py3-none-any.whl.metadata (2.4 kB)
2025-08-16T23:25:48.3753725Z Collecting urllib3 (from minio==7.1.15->-r services/etl/requirements.txt (line 2))
2025-08-16T23:25:48.3765443Z   Using cached urllib3-2.5.0-py3-none-any.whl.metadata (6.5 kB)
2025-08-16T23:25:48.3927300Z Collecting six<2,>=1.15 (from python-amazon-sp-api==0.8.0->-r services/etl/requirements.txt (line 3))
2025-08-16T23:25:48.3939219Z   Using cached six-1.17.0-py2.py3-none-any.whl.metadata (1.7 kB)
2025-08-16T23:25:48.7749218Z Collecting boto3<2,>=1.16.39 (from python-amazon-sp-api==0.8.0->-r services/etl/requirements.txt (line 3))
2025-08-16T23:25:48.8271849Z   Downloading boto3-1.40.11-py3-none-any.whl.metadata (6.7 kB)
2025-08-16T23:25:48.8514671Z Collecting cachetools~=4.2.0 (from python-amazon-sp-api==0.8.0->-r services/etl/requirements.txt (line 3))
2025-08-16T23:25:48.8527419Z   Using cached cachetools-4.2.4-py3-none-any.whl.metadata (4.8 kB)
2025-08-16T23:25:48.9718919Z Collecting pycryptodome (from python-amazon-sp-api==0.8.0->-r services/etl/requirements.txt (line 3))
2025-08-16T23:25:48.9732491Z   Using cached pycryptodome-3.23.0-cp37-abi3-manylinux_2_17_x86_64.manylinux2014_x86_64.whl.metadata (3.4 kB)
2025-08-16T23:25:49.0108679Z Collecting pytz (from python-amazon-sp-api==0.8.0->-r services/etl/requirements.txt (line 3))
2025-08-16T23:25:49.0121796Z   Using cached pytz-2025.2-py2.py3-none-any.whl.metadata (22 kB)
2025-08-16T23:25:49.0269095Z Collecting confuse~=1.4.0 (from python-amazon-sp-api==0.8.0->-r services/etl/requirements.txt (line 3))
2025-08-16T23:25:49.0280879Z   Using cached confuse-1.4.0-py2.py3-none-any.whl.metadata (3.8 kB)
2025-08-16T23:25:49.0571379Z Collecting python-dotenv>=0.21.0 (from pydantic-settings==2.2.1->-r services/etl/requirements.txt (line 4))
2025-08-16T23:25:49.0583704Z   Using cached python_dotenv-1.1.1-py3-none-any.whl.metadata (24 kB)
2025-08-16T23:25:49.3928589Z Collecting botocore<1.41.0,>=1.40.11 (from boto3<2,>=1.16.39->python-amazon-sp-api==0.8.0->-r services/etl/requirements.txt (line 3))
2025-08-16T23:25:49.4008540Z   Downloading botocore-1.40.11-py3-none-any.whl.metadata (5.7 kB)
2025-08-16T23:25:49.4205316Z Collecting jmespath<2.0.0,>=0.7.1 (from boto3<2,>=1.16.39->python-amazon-sp-api==0.8.0->-r services/etl/requirements.txt (line 3))
2025-08-16T23:25:49.4216716Z   Using cached jmespath-1.0.1-py3-none-any.whl.metadata (7.6 kB)
2025-08-16T23:25:49.4419348Z Collecting s3transfer<0.14.0,>=0.13.0 (from boto3<2,>=1.16.39->python-amazon-sp-api==0.8.0->-r services/etl/requirements.txt (line 3))
2025-08-16T23:25:49.4430577Z   Using cached s3transfer-0.13.1-py3-none-any.whl.metadata (1.7 kB)
2025-08-16T23:25:49.4608895Z Collecting python-dateutil<3.0.0,>=2.1 (from botocore<1.41.0,>=1.40.11->boto3<2,>=1.16.39->python-amazon-sp-api==0.8.0->-r services/etl/requirements.txt (line 3))
2025-08-16T23:25:49.4620090Z   Using cached python_dateutil-2.9.0.post0-py2.py3-none-any.whl.metadata (8.4 kB)
2025-08-16T23:25:49.5187083Z Collecting pyyaml (from confuse~=1.4.0->python-amazon-sp-api==0.8.0->-r services/etl/requirements.txt (line 3))
2025-08-16T23:25:49.5210999Z   Using cached PyYAML-6.0.2-cp312-cp312-manylinux_2_17_x86_64.manylinux2014_x86_64.whl.metadata (2.1 kB)
2025-08-16T23:25:49.5804757Z Collecting tzdata>=2022.7 (from pandas<=3.0->keepa==1.3.14->-r services/etl/requirements.txt (line 1))
2025-08-16T23:25:49.5825765Z   Using cached tzdata-2025.2-py2.py3-none-any.whl.metadata (1.4 kB)
2025-08-16T23:25:49.7387430Z Collecting annotated-types>=0.6.0 (from pydantic->keepa==1.3.14->-r services/etl/requirements.txt (line 1))
2025-08-16T23:25:49.7398338Z   Using cached annotated_types-0.7.0-py3-none-any.whl.metadata (15 kB)
2025-08-16T23:25:50.6451180Z Collecting pydantic-core==2.33.2 (from pydantic->keepa==1.3.14->-r services/etl/requirements.txt (line 1))
2025-08-16T23:25:50.6479048Z   Using cached pydantic_core-2.33.2-cp312-cp312-manylinux_2_17_x86_64.manylinux2014_x86_64.whl.metadata (6.8 kB)
2025-08-16T23:25:50.6822565Z Collecting typing-extensions>=4.12.2 (from pydantic->keepa==1.3.14->-r services/etl/requirements.txt (line 1))
2025-08-16T23:25:50.6848469Z   Using cached typing_extensions-4.14.1-py3-none-any.whl.metadata (3.0 kB)
2025-08-16T23:25:50.7086130Z Collecting typing-inspection>=0.4.0 (from pydantic->keepa==1.3.14->-r services/etl/requirements.txt (line 1))
2025-08-16T23:25:50.7111413Z   Using cached typing_inspection-0.4.1-py3-none-any.whl.metadata (2.6 kB)
2025-08-16T23:25:50.7998571Z Collecting charset_normalizer<4,>=2 (from requests>=2.2->keepa==1.3.14->-r services/etl/requirements.txt (line 1))
2025-08-16T23:25:50.8012832Z   Using cached charset_normalizer-3.4.3-cp312-cp312-manylinux2014_x86_64.manylinux_2_17_x86_64.manylinux_2_28_x86_64.whl.metadata (36 kB)
2025-08-16T23:25:50.8209212Z Collecting idna<4,>=2.5 (from requests>=2.2->keepa==1.3.14->-r services/etl/requirements.txt (line 1))
2025-08-16T23:25:50.8221470Z   Using cached idna-3.10-py3-none-any.whl.metadata (10 kB)
2025-08-16T23:25:50.8732689Z Collecting aiohappyeyeballs>=2.5.0 (from aiohttp->keepa==1.3.14->-r services/etl/requirements.txt (line 1))
2025-08-16T23:25:50.8745168Z   Using cached aiohappyeyeballs-2.6.1-py3-none-any.whl.metadata (5.9 kB)
2025-08-16T23:25:50.8874686Z Collecting aiosignal>=1.4.0 (from aiohttp->keepa==1.3.14->-r services/etl/requirements.txt (line 1))
2025-08-16T23:25:50.8886738Z   Using cached aiosignal-1.4.0-py3-none-any.whl.metadata (3.7 kB)
2025-08-16T23:25:50.9064582Z Collecting attrs>=17.3.0 (from aiohttp->keepa==1.3.14->-r services/etl/requirements.txt (line 1))
2025-08-16T23:25:50.9076360Z   Using cached attrs-25.3.0-py3-none-any.whl.metadata (10 kB)
2025-08-16T23:25:51.1388572Z Collecting frozenlist>=1.1.1 (from aiohttp->keepa==1.3.14->-r services/etl/requirements.txt (line 1))
2025-08-16T23:25:51.1402937Z   Using cached frozenlist-1.7.0-cp312-cp312-manylinux_2_5_x86_64.manylinux1_x86_64.manylinux_2_17_x86_64.manylinux2014_x86_64.whl.metadata (18 kB)
2025-08-16T23:25:51.3641823Z Collecting multidict<7.0,>=4.5 (from aiohttp->keepa==1.3.14->-r services/etl/requirements.txt (line 1))
2025-08-16T23:25:51.3655717Z   Using cached multidict-6.6.4-cp312-cp312-manylinux2014_x86_64.manylinux_2_17_x86_64.manylinux_2_28_x86_64.whl.metadata (5.3 kB)
2025-08-16T23:25:51.4103135Z Collecting propcache>=0.2.0 (from aiohttp->keepa==1.3.14->-r services/etl/requirements.txt (line 1))
2025-08-16T23:25:51.4116625Z   Using cached propcache-0.3.2-cp312-cp312-manylinux_2_17_x86_64.manylinux2014_x86_64.whl.metadata (12 kB)
2025-08-16T23:25:51.7292638Z Collecting yarl<2.0,>=1.17.0 (from aiohttp->keepa==1.3.14->-r services/etl/requirements.txt (line 1))
2025-08-16T23:25:51.7305959Z   Using cached yarl-1.20.1-cp312-cp312-manylinux_2_17_x86_64.manylinux2014_x86_64.whl.metadata (73 kB)
2025-08-16T23:25:51.7754358Z Using cached keepa-1.3.14-py3-none-any.whl (33 kB)
2025-08-16T23:25:51.7765168Z Using cached minio-7.1.15-py3-none-any.whl (77 kB)
2025-08-16T23:25:51.7776884Z Using cached python_amazon_sp_api-0.8.0-py3-none-any.whl (93 kB)
2025-08-16T23:25:51.7788750Z Using cached pydantic_settings-2.2.1-py3-none-any.whl (13 kB)
2025-08-16T23:25:51.7863797Z Downloading boto3-1.40.11-py3-none-any.whl (140 kB)
2025-08-16T23:25:51.8089955Z Downloading botocore-1.40.11-py3-none-any.whl (14.0 MB)
2025-08-16T23:25:52.0301699Z    ━━━━━━━━━━━━━━━━━━━━━━━━━━━━━━━━━━━━━━━━ 14.0/14.0 MB 64.8 MB/s  0:00:00
2025-08-16T23:25:52.0314536Z Using cached cachetools-4.2.4-py3-none-any.whl (10 kB)
2025-08-16T23:25:52.0325556Z Using cached confuse-1.4.0-py2.py3-none-any.whl (21 kB)
2025-08-16T23:25:52.0336457Z Using cached jmespath-1.0.1-py3-none-any.whl (20 kB)
2025-08-16T23:25:52.0347717Z Using cached pandas-2.3.1-cp312-cp312-manylinux_2_17_x86_64.manylinux2014_x86_64.whl (12.0 MB)
2025-08-16T23:25:52.0448897Z Using cached python_dateutil-2.9.0.post0-py2.py3-none-any.whl (229 kB)
2025-08-16T23:25:52.0464634Z Using cached s3transfer-0.13.1-py3-none-any.whl (85 kB)
2025-08-16T23:25:52.0482842Z Using cached six-1.17.0-py2.py3-none-any.whl (11 kB)
2025-08-16T23:25:52.0500738Z Using cached urllib3-2.5.0-py3-none-any.whl (129 kB)
2025-08-16T23:25:52.0520612Z Using cached numpy-2.3.2-cp312-cp312-manylinux_2_27_x86_64.manylinux_2_28_x86_64.whl (16.6 MB)
2025-08-16T23:25:52.0762355Z Using cached pydantic-2.11.7-py3-none-any.whl (444 kB)
2025-08-16T23:25:52.0788657Z Using cached pydantic_core-2.33.2-cp312-cp312-manylinux_2_17_x86_64.manylinux2014_x86_64.whl (2.0 MB)
2025-08-16T23:25:52.0837199Z Using cached annotated_types-0.7.0-py3-none-any.whl (13 kB)
2025-08-16T23:25:52.0857583Z Using cached python_dotenv-1.1.1-py3-none-any.whl (20 kB)
2025-08-16T23:25:52.0878085Z Using cached pytz-2025.2-py2.py3-none-any.whl (509 kB)
2025-08-16T23:25:52.0905662Z Using cached requests-2.32.4-py3-none-any.whl (64 kB)
2025-08-16T23:25:52.0928059Z Using cached charset_normalizer-3.4.3-cp312-cp312-manylinux2014_x86_64.manylinux_2_17_x86_64.manylinux_2_28_x86_64.whl (151 kB)
2025-08-16T23:25:52.0949150Z Using cached idna-3.10-py3-none-any.whl (70 kB)
2025-08-16T23:25:52.0969099Z Using cached certifi-2025.8.3-py3-none-any.whl (161 kB)
2025-08-16T23:25:52.0991152Z Using cached typing_extensions-4.14.1-py3-none-any.whl (43 kB)
2025-08-16T23:25:52.1011372Z Using cached typing_inspection-0.4.1-py3-none-any.whl (14 kB)
2025-08-16T23:25:52.1030674Z Using cached tzdata-2025.2-py2.py3-none-any.whl (347 kB)
2025-08-16T23:25:52.1057472Z Using cached aiohttp-3.12.15-cp312-cp312-manylinux_2_17_x86_64.manylinux2014_x86_64.whl (1.7 MB)
2025-08-16T23:25:52.1100951Z Using cached multidict-6.6.4-cp312-cp312-manylinux2014_x86_64.manylinux_2_17_x86_64.manylinux_2_28_x86_64.whl (256 kB)
2025-08-16T23:25:52.1123747Z Using cached yarl-1.20.1-cp312-cp312-manylinux_2_17_x86_64.manylinux2014_x86_64.whl (355 kB)
2025-08-16T23:25:52.1148886Z Using cached aiohappyeyeballs-2.6.1-py3-none-any.whl (15 kB)
2025-08-16T23:25:52.1169517Z Using cached aiosignal-1.4.0-py3-none-any.whl (7.5 kB)
2025-08-16T23:25:52.1189775Z Using cached attrs-25.3.0-py3-none-any.whl (63 kB)
2025-08-16T23:25:52.1212302Z Using cached frozenlist-1.7.0-cp312-cp312-manylinux_2_5_x86_64.manylinux1_x86_64.manylinux_2_17_x86_64.manylinux2014_x86_64.whl (241 kB)
2025-08-16T23:25:52.1235600Z Using cached propcache-0.3.2-cp312-cp312-manylinux_2_17_x86_64.manylinux2014_x86_64.whl (224 kB)
2025-08-16T23:25:52.1258054Z Using cached pycryptodome-3.23.0-cp37-abi3-manylinux_2_17_x86_64.manylinux2014_x86_64.whl (2.3 MB)
2025-08-16T23:25:52.1308999Z Using cached PyYAML-6.0.2-cp312-cp312-manylinux_2_17_x86_64.manylinux2014_x86_64.whl (767 kB)
2025-08-16T23:25:52.1338516Z Using cached tqdm-4.67.1-py3-none-any.whl (78 kB)
2025-08-16T23:25:52.3807623Z Installing collected packages: pytz, urllib3, tzdata, typing-extensions, tqdm, six, pyyaml, python-dotenv, pycryptodome, propcache, numpy, multidict, jmespath, idna, frozenlist, charset_normalizer, certifi, cachetools, attrs, annotated-types, aiohappyeyeballs, yarl, typing-inspection, requests, python-dateutil, pydantic-core, minio, confuse, aiosignal, pydantic, pandas, botocore, aiohttp, s3transfer, pydantic-settings, keepa, boto3, python-amazon-sp-api
2025-08-16T23:26:02.2629714Z 
2025-08-16T23:26:02.2671961Z Successfully installed aiohappyeyeballs-2.6.1 aiohttp-3.12.15 aiosignal-1.4.0 annotated-types-0.7.0 attrs-25.3.0 boto3-1.40.11 botocore-1.40.11 cachetools-4.2.4 certifi-2025.8.3 charset_normalizer-3.4.3 confuse-1.4.0 frozenlist-1.7.0 idna-3.10 jmespath-1.0.1 keepa-1.3.14 minio-7.1.15 multidict-6.6.4 numpy-2.3.2 pandas-2.3.1 propcache-0.3.2 pycryptodome-3.23.0 pydantic-2.11.7 pydantic-core-2.33.2 pydantic-settings-2.2.1 python-amazon-sp-api-0.8.0 python-dateutil-2.9.0.post0 python-dotenv-1.1.1 pytz-2025.2 pyyaml-6.0.2 requests-2.32.4 s3transfer-0.13.1 six-1.17.0 tqdm-4.67.1 typing-extensions-4.14.1 typing-inspection-0.4.1 tzdata-2025.2 urllib3-2.5.0 yarl-1.20.1
2025-08-16T23:26:03.7620597Z Collecting uvicorn==0.29.0 (from -r services/api/requirements.txt (line 1))
2025-08-16T23:26:03.7634154Z   Using cached uvicorn-0.29.0-py3-none-any.whl.metadata (6.3 kB)
2025-08-16T23:26:03.7671153Z Requirement already satisfied: pydantic-settings==2.2.1 in /opt/hostedtoolcache/Python/3.12.11/x64/lib/python3.12/site-packages (from -r services/api/requirements.txt (line 2)) (2.2.1)
2025-08-16T23:26:03.8106100Z Collecting fastapi==0.111.0 (from -r services/api/requirements.txt (line 3))
2025-08-16T23:26:03.8118623Z   Using cached fastapi-0.111.0-py3-none-any.whl.metadata (25 kB)
2025-08-16T23:26:04.1344635Z Collecting sqlalchemy==2.0.29 (from -r services/api/requirements.txt (line 4))
2025-08-16T23:26:04.1358778Z   Using cached SQLAlchemy-2.0.29-cp312-cp312-manylinux_2_17_x86_64.manylinux2014_x86_64.whl.metadata (9.6 kB)
2025-08-16T23:26:04.1670622Z Collecting alembic==1.13.1 (from -r services/api/requirements.txt (line 5))
2025-08-16T23:26:04.1682850Z   Using cached alembic-1.13.1-py3-none-any.whl.metadata (7.4 kB)
2025-08-16T23:26:04.1878049Z Collecting psycopg==3.2.9 (from psycopg[binary]==3.2.9->-r services/api/requirements.txt (line 6))
2025-08-16T23:26:04.1890272Z   Using cached psycopg-3.2.9-py3-none-any.whl.metadata (4.5 kB)
2025-08-16T23:26:04.2145631Z Collecting httpx==0.27.2 (from -r services/api/requirements.txt (line 7))
2025-08-16T23:26:04.2157919Z   Using cached httpx-0.27.2-py3-none-any.whl.metadata (7.1 kB)
2025-08-16T23:26:04.2595050Z Collecting asyncpg==0.29.0 (from -r services/api/requirements.txt (line 8))
2025-08-16T23:26:04.2607753Z   Using cached asyncpg-0.29.0-cp312-cp312-manylinux_2_17_x86_64.manylinux2014_x86_64.whl.metadata (4.4 kB)
2025-08-16T23:26:04.5316951Z Collecting boto3==1.34.162 (from -r services/api/requirements.txt (line 9))
2025-08-16T23:26:04.5330785Z   Using cached boto3-1.34.162-py3-none-any.whl.metadata (6.6 kB)
2025-08-16T23:26:04.5515133Z Collecting Jinja2==3.1.5 (from -r services/api/requirements.txt (line 10))
2025-08-16T23:26:04.5527029Z   Using cached jinja2-3.1.5-py3-none-any.whl.metadata (2.6 kB)
2025-08-16T23:26:04.5734128Z Collecting click>=7.0 (from uvicorn==0.29.0->-r services/api/requirements.txt (line 1))
2025-08-16T23:26:04.5746557Z   Using cached click-8.2.1-py3-none-any.whl.metadata (2.5 kB)
2025-08-16T23:26:04.5933715Z Collecting h11>=0.8 (from uvicorn==0.29.0->-r services/api/requirements.txt (line 1))
2025-08-16T23:26:04.5946418Z   Using cached h11-0.16.0-py3-none-any.whl.metadata (8.3 kB)
2025-08-16T23:26:04.5978023Z Requirement already satisfied: pydantic>=2.3.0 in /opt/hostedtoolcache/Python/3.12.11/x64/lib/python3.12/site-packages (from pydantic-settings==2.2.1->-r services/api/requirements.txt (line 2)) (2.11.7)
2025-08-16T23:26:04.5983776Z Requirement already satisfied: python-dotenv>=0.21.0 in /opt/hostedtoolcache/Python/3.12.11/x64/lib/python3.12/site-packages (from pydantic-settings==2.2.1->-r services/api/requirements.txt (line 2)) (1.1.1)
2025-08-16T23:26:04.6525641Z Collecting starlette<0.38.0,>=0.37.2 (from fastapi==0.111.0->-r services/api/requirements.txt (line 3))
2025-08-16T23:26:04.6539554Z   Using cached starlette-0.37.2-py3-none-any.whl.metadata (5.9 kB)
2025-08-16T23:26:04.6572233Z Requirement already satisfied: typing-extensions>=4.8.0 in /opt/hostedtoolcache/Python/3.12.11/x64/lib/python3.12/site-packages (from fastapi==0.111.0->-r services/api/requirements.txt (line 3)) (4.14.1)
2025-08-16T23:26:04.6686486Z Collecting fastapi-cli>=0.0.2 (from fastapi==0.111.0->-r services/api/requirements.txt (line 3))
2025-08-16T23:26:04.6698597Z   Using cached fastapi_cli-0.0.8-py3-none-any.whl.metadata (6.3 kB)
2025-08-16T23:26:04.6928638Z Collecting python-multipart>=0.0.7 (from fastapi==0.111.0->-r services/api/requirements.txt (line 3))
2025-08-16T23:26:04.6940905Z   Using cached python_multipart-0.0.20-py3-none-any.whl.metadata (1.8 kB)
2025-08-16T23:26:04.7529875Z Collecting ujson!=4.0.2,!=4.1.0,!=4.2.0,!=4.3.0,!=5.0.0,!=5.1.0,>=4.0.1 (from fastapi==0.111.0->-r services/api/requirements.txt (line 3))
2025-08-16T23:26:04.7544010Z   Using cached ujson-5.10.0-cp312-cp312-manylinux_2_17_x86_64.manylinux2014_x86_64.whl.metadata (9.3 kB)
2025-08-16T23:26:04.9915916Z Collecting orjson>=3.2.1 (from fastapi==0.111.0->-r services/api/requirements.txt (line 3))
2025-08-16T23:26:04.9930450Z   Using cached orjson-3.11.2-cp312-cp312-manylinux_2_17_x86_64.manylinux2014_x86_64.whl.metadata (1.2 kB)
2025-08-16T23:26:05.0083404Z Collecting email_validator>=2.0.0 (from fastapi==0.111.0->-r services/api/requirements.txt (line 3))
2025-08-16T23:26:05.0095279Z   Using cached email_validator-2.2.0-py3-none-any.whl.metadata (25 kB)
2025-08-16T23:26:05.1458798Z Collecting greenlet!=0.4.17 (from sqlalchemy==2.0.29->-r services/api/requirements.txt (line 4))
2025-08-16T23:26:05.1473390Z   Using cached greenlet-3.2.4-cp312-cp312-manylinux_2_24_x86_64.manylinux_2_28_x86_64.whl.metadata (4.1 kB)
2025-08-16T23:26:05.1810496Z Collecting Mako (from alembic==1.13.1->-r services/api/requirements.txt (line 5))
2025-08-16T23:26:05.1822366Z   Using cached mako-1.3.10-py3-none-any.whl.metadata (2.9 kB)
2025-08-16T23:26:05.2062341Z Collecting anyio (from httpx==0.27.2->-r services/api/requirements.txt (line 7))
2025-08-16T23:26:05.2074394Z   Using cached anyio-4.10.0-py3-none-any.whl.metadata (4.0 kB)
2025-08-16T23:26:05.2099242Z Requirement already satisfied: certifi in /opt/hostedtoolcache/Python/3.12.11/x64/lib/python3.12/site-packages (from httpx==0.27.2->-r services/api/requirements.txt (line 7)) (2025.8.3)
2025-08-16T23:26:05.2310169Z Collecting httpcore==1.* (from httpx==0.27.2->-r services/api/requirements.txt (line 7))
2025-08-16T23:26:05.2321896Z   Using cached httpcore-1.0.9-py3-none-any.whl.metadata (21 kB)
2025-08-16T23:26:05.2356369Z Requirement already satisfied: idna in /opt/hostedtoolcache/Python/3.12.11/x64/lib/python3.12/site-packages (from httpx==0.27.2->-r services/api/requirements.txt (line 7)) (3.10)
2025-08-16T23:26:05.2460843Z Collecting sniffio (from httpx==0.27.2->-r services/api/requirements.txt (line 7))
2025-08-16T23:26:05.2472413Z   Using cached sniffio-1.3.1-py3-none-any.whl.metadata (3.9 kB)
2025-08-16T23:26:05.6068944Z Collecting botocore<1.35.0,>=1.34.162 (from boto3==1.34.162->-r services/api/requirements.txt (line 9))
2025-08-16T23:26:05.6082476Z   Using cached botocore-1.34.162-py3-none-any.whl.metadata (5.7 kB)
2025-08-16T23:26:05.6110734Z Requirement already satisfied: jmespath<2.0.0,>=0.7.1 in /opt/hostedtoolcache/Python/3.12.11/x64/lib/python3.12/site-packages (from boto3==1.34.162->-r services/api/requirements.txt (line 9)) (1.0.1)
2025-08-16T23:26:05.6362411Z Collecting s3transfer<0.11.0,>=0.10.0 (from boto3==1.34.162->-r services/api/requirements.txt (line 9))
2025-08-16T23:26:05.6374898Z   Using cached s3transfer-0.10.4-py3-none-any.whl.metadata (1.7 kB)
2025-08-16T23:26:05.6897841Z Collecting MarkupSafe>=2.0 (from Jinja2==3.1.5->-r services/api/requirements.txt (line 10))
2025-08-16T23:26:05.6912648Z   Using cached MarkupSafe-3.0.2-cp312-cp312-manylinux_2_17_x86_64.manylinux2014_x86_64.whl.metadata (4.0 kB)
2025-08-16T23:26:05.8362559Z Collecting psycopg-binary==3.2.9 (from psycopg[binary]==3.2.9->-r services/api/requirements.txt (line 6))
2025-08-16T23:26:05.8376433Z   Using cached psycopg_binary-3.2.9-cp312-cp312-manylinux_2_17_x86_64.manylinux2014_x86_64.whl.metadata (2.9 kB)
2025-08-16T23:26:05.8417692Z Requirement already satisfied: python-dateutil<3.0.0,>=2.1 in /opt/hostedtoolcache/Python/3.12.11/x64/lib/python3.12/site-packages (from botocore<1.35.0,>=1.34.162->boto3==1.34.162->-r services/api/requirements.txt (line 9)) (2.9.0.post0)
2025-08-16T23:26:05.8428011Z Requirement already satisfied: urllib3!=2.2.0,<3,>=1.25.4 in /opt/hostedtoolcache/Python/3.12.11/x64/lib/python3.12/site-packages (from botocore<1.35.0,>=1.34.162->boto3==1.34.162->-r services/api/requirements.txt (line 9)) (2.5.0)
2025-08-16T23:26:05.8477270Z Requirement already satisfied: annotated-types>=0.6.0 in /opt/hostedtoolcache/Python/3.12.11/x64/lib/python3.12/site-packages (from pydantic>=2.3.0->pydantic-settings==2.2.1->-r services/api/requirements.txt (line 2)) (0.7.0)
2025-08-16T23:26:05.8483044Z Requirement already satisfied: pydantic-core==2.33.2 in /opt/hostedtoolcache/Python/3.12.11/x64/lib/python3.12/site-packages (from pydantic>=2.3.0->pydantic-settings==2.2.1->-r services/api/requirements.txt (line 2)) (2.33.2)
2025-08-16T23:26:05.8491673Z Requirement already satisfied: typing-inspection>=0.4.0 in /opt/hostedtoolcache/Python/3.12.11/x64/lib/python3.12/site-packages (from pydantic>=2.3.0->pydantic-settings==2.2.1->-r services/api/requirements.txt (line 2)) (0.4.1)
2025-08-16T23:26:05.8523271Z Requirement already satisfied: six>=1.5 in /opt/hostedtoolcache/Python/3.12.11/x64/lib/python3.12/site-packages (from python-dateutil<3.0.0,>=2.1->botocore<1.35.0,>=1.34.162->boto3==1.34.162->-r services/api/requirements.txt (line 9)) (1.17.0)
2025-08-16T23:26:06.0600718Z Collecting dnspython>=2.0.0 (from email_validator>=2.0.0->fastapi==0.111.0->-r services/api/requirements.txt (line 3))
2025-08-16T23:26:06.0611935Z   Using cached dnspython-2.7.0-py3-none-any.whl.metadata (5.8 kB)
2025-08-16T23:26:06.0855370Z Collecting typer>=0.15.1 (from fastapi-cli>=0.0.2->fastapi==0.111.0->-r services/api/requirements.txt (line 3))
2025-08-16T23:26:06.0866562Z   Using cached typer-0.16.0-py3-none-any.whl.metadata (15 kB)
2025-08-16T23:26:06.1163969Z Collecting rich-toolkit>=0.14.8 (from fastapi-cli>=0.0.2->fastapi==0.111.0->-r services/api/requirements.txt (line 3))
2025-08-16T23:26:06.1175319Z   Using cached rich_toolkit-0.15.0-py3-none-any.whl.metadata (1.0 kB)
2025-08-16T23:26:06.1699676Z Collecting rich>=13.7.1 (from rich-toolkit>=0.14.8->fastapi-cli>=0.0.2->fastapi==0.111.0->-r services/api/requirements.txt (line 3))
2025-08-16T23:26:06.1713243Z   Using cached rich-14.1.0-py3-none-any.whl.metadata (18 kB)
2025-08-16T23:26:06.1925288Z Collecting markdown-it-py>=2.2.0 (from rich>=13.7.1->rich-toolkit>=0.14.8->fastapi-cli>=0.0.2->fastapi==0.111.0->-r services/api/requirements.txt (line 3))
2025-08-16T23:26:06.1938412Z   Using cached markdown_it_py-4.0.0-py3-none-any.whl.metadata (7.3 kB)
2025-08-16T23:26:06.2202364Z Collecting pygments<3.0.0,>=2.13.0 (from rich>=13.7.1->rich-toolkit>=0.14.8->fastapi-cli>=0.0.2->fastapi==0.111.0->-r services/api/requirements.txt (line 3))
2025-08-16T23:26:06.2215149Z   Using cached pygments-2.19.2-py3-none-any.whl.metadata (2.5 kB)
2025-08-16T23:26:06.2364176Z Collecting mdurl~=0.1 (from markdown-it-py>=2.2.0->rich>=13.7.1->rich-toolkit>=0.14.8->fastapi-cli>=0.0.2->fastapi==0.111.0->-r services/api/requirements.txt (line 3))
2025-08-16T23:26:06.2377121Z   Using cached mdurl-0.1.2-py3-none-any.whl.metadata (1.6 kB)
2025-08-16T23:26:06.2616199Z Collecting shellingham>=1.3.0 (from typer>=0.15.1->fastapi-cli>=0.0.2->fastapi==0.111.0->-r services/api/requirements.txt (line 3))
2025-08-16T23:26:06.2628477Z   Using cached shellingham-1.5.4-py2.py3-none-any.whl.metadata (3.5 kB)
2025-08-16T23:26:06.3115587Z Collecting httptools>=0.5.0 (from uvicorn[standard]>=0.12.0->fastapi==0.111.0->-r services/api/requirements.txt (line 3))
2025-08-16T23:26:06.3128306Z   Using cached httptools-0.6.4-cp312-cp312-manylinux_2_5_x86_64.manylinux1_x86_64.manylinux_2_17_x86_64.manylinux2014_x86_64.whl.metadata (3.6 kB)
2025-08-16T23:26:06.3154149Z Requirement already satisfied: pyyaml>=5.1 in /opt/hostedtoolcache/Python/3.12.11/x64/lib/python3.12/site-packages (from uvicorn[standard]>=0.12.0->fastapi==0.111.0->-r services/api/requirements.txt (line 3)) (6.0.2)
2025-08-16T23:26:06.3555042Z Collecting uvloop!=0.15.0,!=0.15.1,>=0.14.0 (from uvicorn[standard]>=0.12.0->fastapi==0.111.0->-r services/api/requirements.txt (line 3))
2025-08-16T23:26:06.3567814Z   Using cached uvloop-0.21.0-cp312-cp312-manylinux_2_17_x86_64.manylinux2014_x86_64.whl.metadata (4.9 kB)
2025-08-16T23:26:06.4310049Z Collecting watchfiles>=0.13 (from uvicorn[standard]>=0.12.0->fastapi==0.111.0->-r services/api/requirements.txt (line 3))
2025-08-16T23:26:06.4323942Z   Using cached watchfiles-1.1.0-cp312-cp312-manylinux_2_17_x86_64.manylinux2014_x86_64.whl.metadata (4.9 kB)
2025-08-16T23:26:06.5708737Z Collecting websockets>=10.4 (from uvicorn[standard]>=0.12.0->fastapi==0.111.0->-r services/api/requirements.txt (line 3))
2025-08-16T23:26:06.5722458Z   Using cached websockets-15.0.1-cp312-cp312-manylinux_2_5_x86_64.manylinux1_x86_64.manylinux_2_17_x86_64.manylinux2014_x86_64.whl.metadata (6.8 kB)
2025-08-16T23:26:06.5960979Z Using cached uvicorn-0.29.0-py3-none-any.whl (60 kB)
2025-08-16T23:26:06.5973244Z Using cached fastapi-0.111.0-py3-none-any.whl (91 kB)
2025-08-16T23:26:06.5985994Z Using cached SQLAlchemy-2.0.29-cp312-cp312-manylinux_2_17_x86_64.manylinux2014_x86_64.whl (3.2 MB)
2025-08-16T23:26:06.6028465Z Using cached alembic-1.13.1-py3-none-any.whl (233 kB)
2025-08-16T23:26:06.6041246Z Using cached psycopg-3.2.9-py3-none-any.whl (202 kB)
2025-08-16T23:26:06.6054559Z Using cached httpx-0.27.2-py3-none-any.whl (76 kB)
2025-08-16T23:26:06.6071616Z Using cached asyncpg-0.29.0-cp312-cp312-manylinux_2_17_x86_64.manylinux2014_x86_64.whl (3.3 MB)
2025-08-16T23:26:06.6117782Z Using cached boto3-1.34.162-py3-none-any.whl (139 kB)
2025-08-16T23:26:06.6130112Z Using cached jinja2-3.1.5-py3-none-any.whl (134 kB)
2025-08-16T23:26:06.6142379Z Using cached psycopg_binary-3.2.9-cp312-cp312-manylinux_2_17_x86_64.manylinux2014_x86_64.whl (4.4 MB)
2025-08-16T23:26:06.6194405Z Using cached botocore-1.34.162-py3-none-any.whl (12.5 MB)
2025-08-16T23:26:06.6319924Z Using cached httpcore-1.0.9-py3-none-any.whl (78 kB)
2025-08-16T23:26:06.6331477Z Using cached s3transfer-0.10.4-py3-none-any.whl (83 kB)
2025-08-16T23:26:06.6342440Z Using cached starlette-0.37.2-py3-none-any.whl (71 kB)
2025-08-16T23:26:06.6353466Z Using cached anyio-4.10.0-py3-none-any.whl (107 kB)
2025-08-16T23:26:06.6365189Z Using cached click-8.2.1-py3-none-any.whl (102 kB)
2025-08-16T23:26:06.6376636Z Using cached email_validator-2.2.0-py3-none-any.whl (33 kB)
2025-08-16T23:26:06.6387502Z Using cached dnspython-2.7.0-py3-none-any.whl (313 kB)
2025-08-16T23:26:06.6400802Z Using cached fastapi_cli-0.0.8-py3-none-any.whl (10 kB)
2025-08-16T23:26:06.6411852Z Using cached greenlet-3.2.4-cp312-cp312-manylinux_2_24_x86_64.manylinux_2_28_x86_64.whl (607 kB)
2025-08-16T23:26:06.6427585Z Using cached h11-0.16.0-py3-none-any.whl (37 kB)
2025-08-16T23:26:06.6439645Z Using cached MarkupSafe-3.0.2-cp312-cp312-manylinux_2_17_x86_64.manylinux2014_x86_64.whl (23 kB)
2025-08-16T23:26:06.6450989Z Using cached orjson-3.11.2-cp312-cp312-manylinux_2_17_x86_64.manylinux2014_x86_64.whl (121 kB)
2025-08-16T23:26:06.6462739Z Using cached python_multipart-0.0.20-py3-none-any.whl (24 kB)
2025-08-16T23:26:06.6473961Z Using cached rich_toolkit-0.15.0-py3-none-any.whl (29 kB)
2025-08-16T23:26:06.6485091Z Using cached rich-14.1.0-py3-none-any.whl (243 kB)
2025-08-16T23:26:06.6497967Z Using cached pygments-2.19.2-py3-none-any.whl (1.2 MB)
2025-08-16T23:26:06.6520519Z Using cached markdown_it_py-4.0.0-py3-none-any.whl (87 kB)
2025-08-16T23:26:06.6532345Z Using cached mdurl-0.1.2-py3-none-any.whl (10.0 kB)
2025-08-16T23:26:06.6543902Z Using cached sniffio-1.3.1-py3-none-any.whl (10 kB)
2025-08-16T23:26:06.6555037Z Using cached typer-0.16.0-py3-none-any.whl (46 kB)
2025-08-16T23:26:06.6569842Z Using cached shellingham-1.5.4-py2.py3-none-any.whl (9.8 kB)
2025-08-16T23:26:06.6581529Z Using cached ujson-5.10.0-cp312-cp312-manylinux_2_17_x86_64.manylinux2014_x86_64.whl (53 kB)
2025-08-16T23:26:06.6593397Z Using cached httptools-0.6.4-cp312-cp312-manylinux_2_5_x86_64.manylinux1_x86_64.manylinux_2_17_x86_64.manylinux2014_x86_64.whl (510 kB)
2025-08-16T23:26:06.6609048Z Using cached uvloop-0.21.0-cp312-cp312-manylinux_2_17_x86_64.manylinux2014_x86_64.whl (4.7 MB)
2025-08-16T23:26:06.6662659Z Using cached watchfiles-1.1.0-cp312-cp312-manylinux_2_17_x86_64.manylinux2014_x86_64.whl (452 kB)
2025-08-16T23:26:06.6677760Z Using cached websockets-15.0.1-cp312-cp312-manylinux_2_5_x86_64.manylinux1_x86_64.manylinux_2_17_x86_64.manylinux2014_x86_64.whl (182 kB)
2025-08-16T23:26:06.6689906Z Using cached mako-1.3.10-py3-none-any.whl (78 kB)
2025-08-16T23:26:06.8469972Z Installing collected packages: websockets, uvloop, ujson, sniffio, shellingham, python-multipart, pygments, psycopg-binary, psycopg, orjson, mdurl, MarkupSafe, httptools, h11, greenlet, dnspython, click, asyncpg, uvicorn, sqlalchemy, markdown-it-py, Mako, Jinja2, httpcore, email_validator, botocore, anyio, watchfiles, starlette, s3transfer, rich, httpx, alembic, typer, rich-toolkit, boto3, fastapi-cli, fastapi
2025-08-16T23:26:10.0614233Z   Attempting uninstall: botocore
2025-08-16T23:26:10.0657846Z     Found existing installation: botocore 1.40.11
2025-08-16T23:26:10.1308360Z     Uninstalling botocore-1.40.11:
2025-08-16T23:26:10.1560384Z       Successfully uninstalled botocore-1.40.11
2025-08-16T23:26:10.9566765Z   Attempting uninstall: s3transfer
2025-08-16T23:26:10.9607511Z     Found existing installation: s3transfer 0.13.1
2025-08-16T23:26:10.9635392Z     Uninstalling s3transfer-0.13.1:
2025-08-16T23:26:10.9644543Z       Successfully uninstalled s3transfer-0.13.1
2025-08-16T23:26:11.5035253Z   Attempting uninstall: boto3
2025-08-16T23:26:11.5066968Z     Found existing installation: boto3 1.40.11
2025-08-16T23:26:11.5130251Z     Uninstalling boto3-1.40.11:
2025-08-16T23:26:11.5148912Z       Successfully uninstalled boto3-1.40.11
2025-08-16T23:26:11.6671559Z 
2025-08-16T23:26:11.6739509Z Successfully installed Jinja2-3.1.5 Mako-1.3.10 MarkupSafe-3.0.2 alembic-1.13.1 anyio-4.10.0 asyncpg-0.29.0 boto3-1.34.162 botocore-1.34.162 click-8.2.1 dnspython-2.7.0 email_validator-2.2.0 fastapi-0.111.0 fastapi-cli-0.0.8 greenlet-3.2.4 h11-0.16.0 httpcore-1.0.9 httptools-0.6.4 httpx-0.27.2 markdown-it-py-4.0.0 mdurl-0.1.2 orjson-3.11.2 psycopg-3.2.9 psycopg-binary-3.2.9 pygments-2.19.2 python-multipart-0.0.20 rich-14.1.0 rich-toolkit-0.15.0 s3transfer-0.10.4 shellingham-1.5.4 sniffio-1.3.1 sqlalchemy-2.0.29 starlette-0.37.2 typer-0.16.0 ujson-5.10.0 uvicorn-0.29.0 uvloop-0.21.0 watchfiles-1.1.0 websockets-15.0.1
2025-08-16T23:26:12.8268020Z Requirement already satisfied: uvicorn==0.29.0 in /opt/hostedtoolcache/Python/3.12.11/x64/lib/python3.12/site-packages (from -r services/repricer/requirements.txt (line 1)) (0.29.0)
2025-08-16T23:26:12.8272472Z Requirement already satisfied: pydantic-settings==2.2.1 in /opt/hostedtoolcache/Python/3.12.11/x64/lib/python3.12/site-packages (from -r services/repricer/requirements.txt (line 2)) (2.2.1)
2025-08-16T23:26:12.8277230Z Requirement already satisfied: python-amazon-sp-api==0.8.0 in /opt/hostedtoolcache/Python/3.12.11/x64/lib/python3.12/site-packages (from -r services/repricer/requirements.txt (line 3)) (0.8.0)
2025-08-16T23:26:12.8288697Z Requirement already satisfied: click>=7.0 in /opt/hostedtoolcache/Python/3.12.11/x64/lib/python3.12/site-packages (from uvicorn==0.29.0->-r services/repricer/requirements.txt (line 1)) (8.2.1)
2025-08-16T23:26:12.8294125Z Requirement already satisfied: h11>=0.8 in /opt/hostedtoolcache/Python/3.12.11/x64/lib/python3.12/site-packages (from uvicorn==0.29.0->-r services/repricer/requirements.txt (line 1)) (0.16.0)
2025-08-16T23:26:12.8316834Z Requirement already satisfied: pydantic>=2.3.0 in /opt/hostedtoolcache/Python/3.12.11/x64/lib/python3.12/site-packages (from pydantic-settings==2.2.1->-r services/repricer/requirements.txt (line 2)) (2.11.7)
2025-08-16T23:26:12.8322628Z Requirement already satisfied: python-dotenv>=0.21.0 in /opt/hostedtoolcache/Python/3.12.11/x64/lib/python3.12/site-packages (from pydantic-settings==2.2.1->-r services/repricer/requirements.txt (line 2)) (1.1.1)
2025-08-16T23:26:12.8333849Z Requirement already satisfied: requests in /opt/hostedtoolcache/Python/3.12.11/x64/lib/python3.12/site-packages (from python-amazon-sp-api==0.8.0->-r services/repricer/requirements.txt (line 3)) (2.32.4)
2025-08-16T23:26:12.8341552Z Requirement already satisfied: six<2,>=1.15 in /opt/hostedtoolcache/Python/3.12.11/x64/lib/python3.12/site-packages (from python-amazon-sp-api==0.8.0->-r services/repricer/requirements.txt (line 3)) (1.17.0)
2025-08-16T23:26:12.8348534Z Requirement already satisfied: boto3<2,>=1.16.39 in /opt/hostedtoolcache/Python/3.12.11/x64/lib/python3.12/site-packages (from python-amazon-sp-api==0.8.0->-r services/repricer/requirements.txt (line 3)) (1.34.162)
2025-08-16T23:26:12.8354558Z Requirement already satisfied: cachetools~=4.2.0 in /opt/hostedtoolcache/Python/3.12.11/x64/lib/python3.12/site-packages (from python-amazon-sp-api==0.8.0->-r services/repricer/requirements.txt (line 3)) (4.2.4)
2025-08-16T23:26:12.8358643Z Requirement already satisfied: pycryptodome in /opt/hostedtoolcache/Python/3.12.11/x64/lib/python3.12/site-packages (from python-amazon-sp-api==0.8.0->-r services/repricer/requirements.txt (line 3)) (3.23.0)
2025-08-16T23:26:12.8362518Z Requirement already satisfied: pytz in /opt/hostedtoolcache/Python/3.12.11/x64/lib/python3.12/site-packages (from python-amazon-sp-api==0.8.0->-r services/repricer/requirements.txt (line 3)) (2025.2)
2025-08-16T23:26:12.8368735Z Requirement already satisfied: confuse~=1.4.0 in /opt/hostedtoolcache/Python/3.12.11/x64/lib/python3.12/site-packages (from python-amazon-sp-api==0.8.0->-r services/repricer/requirements.txt (line 3)) (1.4.0)
2025-08-16T23:26:12.8380918Z Requirement already satisfied: botocore<1.35.0,>=1.34.162 in /opt/hostedtoolcache/Python/3.12.11/x64/lib/python3.12/site-packages (from boto3<2,>=1.16.39->python-amazon-sp-api==0.8.0->-r services/repricer/requirements.txt (line 3)) (1.34.162)
2025-08-16T23:26:12.8387574Z Requirement already satisfied: jmespath<2.0.0,>=0.7.1 in /opt/hostedtoolcache/Python/3.12.11/x64/lib/python3.12/site-packages (from boto3<2,>=1.16.39->python-amazon-sp-api==0.8.0->-r services/repricer/requirements.txt (line 3)) (1.0.1)
2025-08-16T23:26:12.8394455Z Requirement already satisfied: s3transfer<0.11.0,>=0.10.0 in /opt/hostedtoolcache/Python/3.12.11/x64/lib/python3.12/site-packages (from boto3<2,>=1.16.39->python-amazon-sp-api==0.8.0->-r services/repricer/requirements.txt (line 3)) (0.10.4)
2025-08-16T23:26:12.8410868Z Requirement already satisfied: python-dateutil<3.0.0,>=2.1 in /opt/hostedtoolcache/Python/3.12.11/x64/lib/python3.12/site-packages (from botocore<1.35.0,>=1.34.162->boto3<2,>=1.16.39->python-amazon-sp-api==0.8.0->-r services/repricer/requirements.txt (line 3)) (2.9.0.post0)
2025-08-16T23:26:12.8423836Z Requirement already satisfied: urllib3!=2.2.0,<3,>=1.25.4 in /opt/hostedtoolcache/Python/3.12.11/x64/lib/python3.12/site-packages (from botocore<1.35.0,>=1.34.162->boto3<2,>=1.16.39->python-amazon-sp-api==0.8.0->-r services/repricer/requirements.txt (line 3)) (2.5.0)
2025-08-16T23:26:12.8441400Z Requirement already satisfied: pyyaml in /opt/hostedtoolcache/Python/3.12.11/x64/lib/python3.12/site-packages (from confuse~=1.4.0->python-amazon-sp-api==0.8.0->-r services/repricer/requirements.txt (line 3)) (6.0.2)
2025-08-16T23:26:12.8523720Z Requirement already satisfied: annotated-types>=0.6.0 in /opt/hostedtoolcache/Python/3.12.11/x64/lib/python3.12/site-packages (from pydantic>=2.3.0->pydantic-settings==2.2.1->-r services/repricer/requirements.txt (line 2)) (0.7.0)
2025-08-16T23:26:12.8529161Z Requirement already satisfied: pydantic-core==2.33.2 in /opt/hostedtoolcache/Python/3.12.11/x64/lib/python3.12/site-packages (from pydantic>=2.3.0->pydantic-settings==2.2.1->-r services/repricer/requirements.txt (line 2)) (2.33.2)
2025-08-16T23:26:12.8534092Z Requirement already satisfied: typing-extensions>=4.12.2 in /opt/hostedtoolcache/Python/3.12.11/x64/lib/python3.12/site-packages (from pydantic>=2.3.0->pydantic-settings==2.2.1->-r services/repricer/requirements.txt (line 2)) (4.14.1)
2025-08-16T23:26:12.8540113Z Requirement already satisfied: typing-inspection>=0.4.0 in /opt/hostedtoolcache/Python/3.12.11/x64/lib/python3.12/site-packages (from pydantic>=2.3.0->pydantic-settings==2.2.1->-r services/repricer/requirements.txt (line 2)) (0.4.1)
2025-08-16T23:26:12.8624284Z Requirement already satisfied: charset_normalizer<4,>=2 in /opt/hostedtoolcache/Python/3.12.11/x64/lib/python3.12/site-packages (from requests->python-amazon-sp-api==0.8.0->-r services/repricer/requirements.txt (line 3)) (3.4.3)
2025-08-16T23:26:12.8631683Z Requirement already satisfied: idna<4,>=2.5 in /opt/hostedtoolcache/Python/3.12.11/x64/lib/python3.12/site-packages (from requests->python-amazon-sp-api==0.8.0->-r services/repricer/requirements.txt (line 3)) (3.10)
2025-08-16T23:26:12.8640852Z Requirement already satisfied: certifi>=2017.4.17 in /opt/hostedtoolcache/Python/3.12.11/x64/lib/python3.12/site-packages (from requests->python-amazon-sp-api==0.8.0->-r services/repricer/requirements.txt (line 3)) (2025.8.3)
2025-08-16T23:26:13.9371534Z Collecting celery==5.4.* (from celery[redis]==5.4.*->-r services/fees_h10/requirements.txt (line 1))
2025-08-16T23:26:13.9385395Z   Using cached celery-5.4.0-py3-none-any.whl.metadata (21 kB)
2025-08-16T23:26:13.9792325Z Collecting billiard<5.0,>=4.2.0 (from celery==5.4.*->celery[redis]==5.4.*->-r services/fees_h10/requirements.txt (line 1))
2025-08-16T23:26:13.9804778Z   Using cached billiard-4.2.1-py3-none-any.whl.metadata (4.4 kB)
2025-08-16T23:26:14.0159970Z Collecting kombu<6.0,>=5.3.4 (from celery==5.4.*->celery[redis]==5.4.*->-r services/fees_h10/requirements.txt (line 1))
2025-08-16T23:26:14.0172431Z   Using cached kombu-5.5.4-py3-none-any.whl.metadata (3.5 kB)
2025-08-16T23:26:14.0369303Z Collecting vine<6.0,>=5.1.0 (from celery==5.4.*->celery[redis]==5.4.*->-r services/fees_h10/requirements.txt (line 1))
2025-08-16T23:26:14.0380735Z   Using cached vine-5.1.0-py3-none-any.whl.metadata (2.7 kB)
2025-08-16T23:26:14.0399965Z Requirement already satisfied: click<9.0,>=8.1.2 in /opt/hostedtoolcache/Python/3.12.11/x64/lib/python3.12/site-packages (from celery==5.4.*->celery[redis]==5.4.*->-r services/fees_h10/requirements.txt (line 1)) (8.2.1)
2025-08-16T23:26:14.0520199Z Collecting click-didyoumean>=0.3.0 (from celery==5.4.*->celery[redis]==5.4.*->-r services/fees_h10/requirements.txt (line 1))
2025-08-16T23:26:14.0531193Z   Using cached click_didyoumean-0.3.1-py3-none-any.whl.metadata (3.9 kB)
2025-08-16T23:26:14.0668910Z Collecting click-repl>=0.2.0 (from celery==5.4.*->celery[redis]==5.4.*->-r services/fees_h10/requirements.txt (line 1))
2025-08-16T23:26:14.0679484Z   Using cached click_repl-0.3.0-py3-none-any.whl.metadata (3.6 kB)
2025-08-16T23:26:14.0819020Z Collecting click-plugins>=1.1.1 (from celery==5.4.*->celery[redis]==5.4.*->-r services/fees_h10/requirements.txt (line 1))
2025-08-16T23:26:14.0830144Z   Using cached click_plugins-1.1.1.2-py2.py3-none-any.whl.metadata (6.5 kB)
2025-08-16T23:26:14.0856705Z Requirement already satisfied: tzdata>=2022.7 in /opt/hostedtoolcache/Python/3.12.11/x64/lib/python3.12/site-packages (from celery==5.4.*->celery[redis]==5.4.*->-r services/fees_h10/requirements.txt (line 1)) (2025.2)
2025-08-16T23:26:14.0862434Z Requirement already satisfied: python-dateutil>=2.8.2 in /opt/hostedtoolcache/Python/3.12.11/x64/lib/python3.12/site-packages (from celery==5.4.*->celery[redis]==5.4.*->-r services/fees_h10/requirements.txt (line 1)) (2.9.0.post0)
2025-08-16T23:26:14.1237543Z Collecting redis!=4.5.5,<6.0.0,>=4.5.2 (from celery[redis]==5.4.*->-r services/fees_h10/requirements.txt (line 1))
2025-08-16T23:26:14.1250521Z   Using cached redis-5.3.1-py3-none-any.whl.metadata (9.2 kB)
2025-08-16T23:26:14.1509817Z Collecting amqp<6.0.0,>=5.1.1 (from kombu<6.0,>=5.3.4->celery==5.4.*->celery[redis]==5.4.*->-r services/fees_h10/requirements.txt (line 1))
2025-08-16T23:26:14.1521781Z   Using cached amqp-5.3.1-py3-none-any.whl.metadata (8.9 kB)
2025-08-16T23:26:14.1876263Z Collecting packaging (from kombu<6.0,>=5.3.4->celery==5.4.*->celery[redis]==5.4.*->-r services/fees_h10/requirements.txt (line 1))
2025-08-16T23:26:14.1888588Z   Using cached packaging-25.0-py3-none-any.whl.metadata (3.3 kB)
2025-08-16T23:26:14.2120999Z Collecting PyJWT>=2.9.0 (from redis!=4.5.5,<6.0.0,>=4.5.2->celery[redis]==5.4.*->-r services/fees_h10/requirements.txt (line 1))
2025-08-16T23:26:14.2132445Z   Using cached PyJWT-2.10.1-py3-none-any.whl.metadata (4.0 kB)
2025-08-16T23:26:14.2490852Z Collecting prompt-toolkit>=3.0.36 (from click-repl>=0.2.0->celery==5.4.*->celery[redis]==5.4.*->-r services/fees_h10/requirements.txt (line 1))
2025-08-16T23:26:14.2502896Z   Using cached prompt_toolkit-3.0.51-py3-none-any.whl.metadata (6.4 kB)
2025-08-16T23:26:14.2665423Z Collecting wcwidth (from prompt-toolkit>=3.0.36->click-repl>=0.2.0->celery==5.4.*->celery[redis]==5.4.*->-r services/fees_h10/requirements.txt (line 1))
2025-08-16T23:26:14.2676415Z   Using cached wcwidth-0.2.13-py2.py3-none-any.whl.metadata (14 kB)
2025-08-16T23:26:14.2718933Z Requirement already satisfied: six>=1.5 in /opt/hostedtoolcache/Python/3.12.11/x64/lib/python3.12/site-packages (from python-dateutil>=2.8.2->celery==5.4.*->celery[redis]==5.4.*->-r services/fees_h10/requirements.txt (line 1)) (1.17.0)
2025-08-16T23:26:14.2755561Z Using cached celery-5.4.0-py3-none-any.whl (425 kB)
2025-08-16T23:26:14.2770005Z Using cached billiard-4.2.1-py3-none-any.whl (86 kB)
2025-08-16T23:26:14.2782122Z Using cached kombu-5.5.4-py3-none-any.whl (210 kB)
2025-08-16T23:26:14.2794737Z Using cached vine-5.1.0-py3-none-any.whl (9.6 kB)
2025-08-16T23:26:14.2805620Z Using cached amqp-5.3.1-py3-none-any.whl (50 kB)
2025-08-16T23:26:14.2817096Z Using cached redis-5.3.1-py3-none-any.whl (272 kB)
2025-08-16T23:26:14.2830380Z Using cached click_didyoumean-0.3.1-py3-none-any.whl (3.6 kB)
2025-08-16T23:26:14.2841264Z Using cached click_plugins-1.1.1.2-py2.py3-none-any.whl (11 kB)
2025-08-16T23:26:14.2852033Z Using cached click_repl-0.3.0-py3-none-any.whl (10 kB)
2025-08-16T23:26:14.2863311Z Using cached prompt_toolkit-3.0.51-py3-none-any.whl (387 kB)
2025-08-16T23:26:14.2876930Z Using cached PyJWT-2.10.1-py3-none-any.whl (22 kB)
2025-08-16T23:26:14.2888425Z Using cached packaging-25.0-py3-none-any.whl (66 kB)
2025-08-16T23:26:14.2899856Z Using cached wcwidth-0.2.13-py2.py3-none-any.whl (34 kB)
2025-08-16T23:26:14.4106923Z Installing collected packages: wcwidth, vine, PyJWT, prompt-toolkit, packaging, click-plugins, click-didyoumean, billiard, redis, click-repl, amqp, kombu, celery
2025-08-16T23:26:15.6533873Z 
2025-08-16T23:26:15.6609269Z Successfully installed PyJWT-2.10.1 amqp-5.3.1 billiard-4.2.1 celery-5.4.0 click-didyoumean-0.3.1 click-plugins-1.1.1.2 click-repl-0.3.0 kombu-5.5.4 packaging-25.0 prompt-toolkit-3.0.51 redis-5.3.1 vine-5.1.0 wcwidth-0.2.13
2025-08-16T23:26:16.6498519Z Collecting python-telegram-bot==20.8 (from -r services/alert_bot/requirements.txt (line 1))
2025-08-16T23:26:16.6514071Z   Using cached python_telegram_bot-20.8-py3-none-any.whl.metadata (15 kB)
2025-08-16T23:26:16.6766483Z Collecting APScheduler==3.10.4 (from -r services/alert_bot/requirements.txt (line 2))
2025-08-16T23:26:16.6778830Z   Using cached APScheduler-3.10.4-py3-none-any.whl.metadata (5.7 kB)
2025-08-16T23:26:16.6823909Z Requirement already satisfied: asyncpg in /opt/hostedtoolcache/Python/3.12.11/x64/lib/python3.12/site-packages (from -r services/alert_bot/requirements.txt (line 3)) (0.29.0)
2025-08-16T23:26:16.7040683Z Collecting httpx~=0.26.0 (from python-telegram-bot==20.8->-r services/alert_bot/requirements.txt (line 1))
2025-08-16T23:26:16.7052907Z   Using cached httpx-0.26.0-py3-none-any.whl.metadata (7.6 kB)
2025-08-16T23:26:16.7093994Z Requirement already satisfied: six>=1.4.0 in /opt/hostedtoolcache/Python/3.12.11/x64/lib/python3.12/site-packages (from APScheduler==3.10.4->-r services/alert_bot/requirements.txt (line 2)) (1.17.0)
2025-08-16T23:26:16.7097907Z Requirement already satisfied: pytz in /opt/hostedtoolcache/Python/3.12.11/x64/lib/python3.12/site-packages (from APScheduler==3.10.4->-r services/alert_bot/requirements.txt (line 2)) (2025.2)
2025-08-16T23:26:16.7271068Z Collecting tzlocal!=3.*,>=2.0 (from APScheduler==3.10.4->-r services/alert_bot/requirements.txt (line 2))
2025-08-16T23:26:16.7282980Z   Using cached tzlocal-5.3.1-py3-none-any.whl.metadata (7.6 kB)
2025-08-16T23:26:16.7315151Z Requirement already satisfied: anyio in /opt/hostedtoolcache/Python/3.12.11/x64/lib/python3.12/site-packages (from httpx~=0.26.0->python-telegram-bot==20.8->-r services/alert_bot/requirements.txt (line 1)) (4.10.0)
2025-08-16T23:26:16.7319416Z Requirement already satisfied: certifi in /opt/hostedtoolcache/Python/3.12.11/x64/lib/python3.12/site-packages (from httpx~=0.26.0->python-telegram-bot==20.8->-r services/alert_bot/requirements.txt (line 1)) (2025.8.3)
2025-08-16T23:26:16.7323787Z Requirement already satisfied: httpcore==1.* in /opt/hostedtoolcache/Python/3.12.11/x64/lib/python3.12/site-packages (from httpx~=0.26.0->python-telegram-bot==20.8->-r services/alert_bot/requirements.txt (line 1)) (1.0.9)
2025-08-16T23:26:16.7327434Z Requirement already satisfied: idna in /opt/hostedtoolcache/Python/3.12.11/x64/lib/python3.12/site-packages (from httpx~=0.26.0->python-telegram-bot==20.8->-r services/alert_bot/requirements.txt (line 1)) (3.10)
2025-08-16T23:26:16.7331358Z Requirement already satisfied: sniffio in /opt/hostedtoolcache/Python/3.12.11/x64/lib/python3.12/site-packages (from httpx~=0.26.0->python-telegram-bot==20.8->-r services/alert_bot/requirements.txt (line 1)) (1.3.1)
2025-08-16T23:26:16.7346705Z Requirement already satisfied: h11>=0.16 in /opt/hostedtoolcache/Python/3.12.11/x64/lib/python3.12/site-packages (from httpcore==1.*->httpx~=0.26.0->python-telegram-bot==20.8->-r services/alert_bot/requirements.txt (line 1)) (0.16.0)
2025-08-16T23:26:16.7398450Z Requirement already satisfied: typing_extensions>=4.5 in /opt/hostedtoolcache/Python/3.12.11/x64/lib/python3.12/site-packages (from anyio->httpx~=0.26.0->python-telegram-bot==20.8->-r services/alert_bot/requirements.txt (line 1)) (4.14.1)
2025-08-16T23:26:16.7451420Z Using cached python_telegram_bot-20.8-py3-none-any.whl (604 kB)
2025-08-16T23:26:16.7468775Z Using cached APScheduler-3.10.4-py3-none-any.whl (59 kB)
2025-08-16T23:26:16.7480067Z Using cached httpx-0.26.0-py3-none-any.whl (75 kB)
2025-08-16T23:26:16.7491448Z Using cached tzlocal-5.3.1-py3-none-any.whl (18 kB)
2025-08-16T23:26:16.8805989Z Installing collected packages: tzlocal, httpx, APScheduler, python-telegram-bot
2025-08-16T23:26:16.8941000Z   Attempting uninstall: httpx
2025-08-16T23:26:16.8971453Z     Found existing installation: httpx 0.27.2
2025-08-16T23:26:16.9010580Z     Uninstalling httpx-0.27.2:
2025-08-16T23:26:16.9024404Z       Successfully uninstalled httpx-0.27.2
2025-08-16T23:26:17.3569184Z 
2025-08-16T23:26:17.3648749Z Successfully installed APScheduler-3.10.4 httpx-0.26.0 python-telegram-bot-20.8 tzlocal-5.3.1
2025-08-16T23:26:18.3465007Z Collecting Jinja2==3.1.6 (from -r requirements-dev.txt (line 2))
2025-08-16T23:26:18.3478402Z   Using cached jinja2-3.1.6-py3-none-any.whl.metadata (2.9 kB)
2025-08-16T23:26:18.3500570Z Requirement already satisfied: alembic==1.13.1 in /opt/hostedtoolcache/Python/3.12.11/x64/lib/python3.12/site-packages (from -r requirements-dev.txt (line 3)) (1.13.1)
2025-08-16T23:26:18.3505195Z Requirement already satisfied: apscheduler==3.10.4 in /opt/hostedtoolcache/Python/3.12.11/x64/lib/python3.12/site-packages (from -r requirements-dev.txt (line 4)) (3.10.4)
2025-08-16T23:26:18.3919952Z Collecting asyncpg==0.30.0 (from -r requirements-dev.txt (line 5))
2025-08-16T23:26:18.3932247Z   Using cached asyncpg-0.30.0-cp312-cp312-manylinux_2_17_x86_64.manylinux2014_x86_64.whl.metadata (5.0 kB)
2025-08-16T23:26:18.4427472Z Collecting black==25.1.0 (from -r requirements-dev.txt (line 6))
2025-08-16T23:26:18.4440443Z   Using cached black-25.1.0-cp312-cp312-manylinux_2_17_x86_64.manylinux2014_x86_64.manylinux_2_28_x86_64.whl.metadata (81 kB)
2025-08-16T23:26:18.4524001Z Requirement already satisfied: boto3 in /opt/hostedtoolcache/Python/3.12.11/x64/lib/python3.12/site-packages (from -r requirements-dev.txt (line 7)) (1.34.162)
2025-08-16T23:26:18.4528910Z Requirement already satisfied: celery==5.4.0 in /opt/hostedtoolcache/Python/3.12.11/x64/lib/python3.12/site-packages (from -r requirements-dev.txt (line 8)) (5.4.0)
2025-08-16T23:26:18.5058032Z Collecting fastapi==0.116.1 (from -r requirements-dev.txt (line 9))
2025-08-16T23:26:18.5070903Z   Using cached fastapi-0.116.1-py3-none-any.whl.metadata (28 kB)
2025-08-16T23:26:18.5348502Z Collecting httpx<0.29,>=0.27 (from -r requirements-dev.txt (line 11))
2025-08-16T23:26:18.5360143Z   Using cached httpx-0.28.1-py3-none-any.whl.metadata (7.1 kB)
2025-08-16T23:26:18.5520900Z Collecting imapclient==3.0.1 (from -r requirements-dev.txt (line 12))
2025-08-16T23:26:18.5532533Z   Using cached IMAPClient-3.0.1-py2.py3-none-any.whl.metadata (1.7 kB)
2025-08-16T23:26:18.5691736Z Collecting itsdangerous (from -r requirements-dev.txt (line 13))
2025-08-16T23:26:18.5702786Z   Using cached itsdangerous-2.2.0-py3-none-any.whl.metadata (1.9 kB)
2025-08-16T23:26:18.6725667Z Collecting mypy==1.* (from -r requirements-dev.txt (line 14))
2025-08-16T23:26:18.6739157Z   Using cached mypy-1.17.1-cp312-cp312-manylinux2014_x86_64.manylinux_2_17_x86_64.manylinux_2_28_x86_64.whl.metadata (2.2 kB)
2025-08-16T23:26:18.6872883Z Collecting mypy-extensions==1.1.0 (from -r requirements-dev.txt (line 15))
2025-08-16T23:26:18.6884265Z   Using cached mypy_extensions-1.1.0-py3-none-any.whl.metadata (1.1 kB)
2025-08-16T23:26:18.7067507Z Collecting openpyxl==3.1.5 (from -r requirements-dev.txt (line 16))
2025-08-16T23:26:18.7078914Z   Using cached openpyxl-3.1.5-py2.py3-none-any.whl.metadata (2.5 kB)
2025-08-16T23:26:18.7095866Z Requirement already satisfied: pandas==2.3.1 in /opt/hostedtoolcache/Python/3.12.11/x64/lib/python3.12/site-packages (from -r requirements-dev.txt (line 17)) (2.3.1)
2025-08-16T23:26:18.7699240Z Collecting psycopg2-binary==2.9.9 (from -r requirements-dev.txt (line 18))
2025-08-16T23:26:18.7711826Z   Using cached psycopg2_binary-2.9.9-cp312-cp312-manylinux_2_17_x86_64.manylinux2014_x86_64.whl.metadata (4.4 kB)
2025-08-16T23:26:18.7731817Z Requirement already satisfied: psycopg==3.2.9 in /opt/hostedtoolcache/Python/3.12.11/x64/lib/python3.12/site-packages (from psycopg[binary]==3.2.9->-r requirements-dev.txt (line 19)) (3.2.9)
2025-08-16T23:26:18.7735806Z Requirement already satisfied: pydantic==2.11.7 in /opt/hostedtoolcache/Python/3.12.11/x64/lib/python3.12/site-packages (from -r requirements-dev.txt (line 20)) (2.11.7)
2025-08-16T23:26:18.8951786Z Collecting setuptools (from -r requirements-dev.txt (line 21))
2025-08-16T23:26:18.8965586Z   Using cached setuptools-80.9.0-py3-none-any.whl.metadata (6.6 kB)
2025-08-16T23:26:18.9260336Z Collecting pytest-asyncio==0.23.6 (from -r requirements-dev.txt (line 22))
2025-08-16T23:26:18.9272572Z   Using cached pytest_asyncio-0.23.6-py3-none-any.whl.metadata (3.9 kB)
2025-08-16T23:26:18.9450434Z Collecting pytest-cov==6.2.1 (from -r requirements-dev.txt (line 23))
2025-08-16T23:26:18.9462557Z   Using cached pytest_cov-6.2.1-py3-none-any.whl.metadata (30 kB)
2025-08-16T23:26:18.9653741Z Collecting pytest-postgresql==7.0.2 (from -r requirements-dev.txt (line 24))
2025-08-16T23:26:18.9665547Z   Using cached pytest_postgresql-7.0.2-py3-none-any.whl.metadata (18 kB)
2025-08-16T23:26:18.9696596Z Requirement already satisfied: python-dotenv in /opt/hostedtoolcache/Python/3.12.11/x64/lib/python3.12/site-packages (from -r requirements-dev.txt (line 25)) (1.1.1)
2025-08-16T23:26:18.9700421Z Requirement already satisfied: python-multipart in /opt/hostedtoolcache/Python/3.12.11/x64/lib/python3.12/site-packages (from -r requirements-dev.txt (line 26)) (0.0.20)
2025-08-16T23:26:19.0003848Z Collecting python-telegram-bot==22.2 (from -r requirements-dev.txt (line 27))
2025-08-16T23:26:19.0016645Z   Using cached python_telegram_bot-22.2-py3-none-any.whl.metadata (17 kB)
2025-08-16T23:26:19.0081345Z Requirement already satisfied: requests==2.32.4 in /opt/hostedtoolcache/Python/3.12.11/x64/lib/python3.12/site-packages (from -r requirements-dev.txt (line 28)) (2.32.4)
2025-08-16T23:26:19.0246119Z Collecting respx==0.22.0 (from -r requirements-dev.txt (line 29))
2025-08-16T23:26:19.0258261Z   Using cached respx-0.22.0-py2.py3-none-any.whl.metadata (4.1 kB)
2025-08-16T23:26:19.4296012Z Collecting ruff==0.4.4 (from -r requirements-dev.txt (line 30))
2025-08-16T23:26:19.4310054Z   Using cached ruff-0.4.4-py3-none-manylinux_2_17_x86_64.manylinux2014_x86_64.whl.metadata (23 kB)
2025-08-16T23:26:19.4342661Z Requirement already satisfied: sqlalchemy==2.0.29 in /opt/hostedtoolcache/Python/3.12.11/x64/lib/python3.12/site-packages (from -r requirements-dev.txt (line 31)) (2.0.29)
2025-08-16T23:26:19.4519312Z Collecting testcontainers==4.10.0 (from testcontainers[postgres]==4.10.0->-r requirements-dev.txt (line 32))
2025-08-16T23:26:19.4530918Z   Using cached testcontainers-4.10.0-py3-none-any.whl.metadata (7.8 kB)
2025-08-16T23:26:19.4930489Z Collecting types-requests==2.32.0.20240602 (from -r requirements-dev.txt (line 33))
2025-08-16T23:26:19.4942644Z   Using cached types_requests-2.32.0.20240602-py3-none-any.whl.metadata (1.8 kB)
2025-08-16T23:26:19.5120674Z Collecting docspec-python==2.2.2 (from -r requirements-dev.txt (line 34))
2025-08-16T23:26:19.5132286Z   Using cached docspec_python-2.2.2-py3-none-any.whl.metadata (1.0 kB)
2025-08-16T23:26:19.5375212Z Collecting pydoc-markdown==4.8.2 (from -r requirements-dev.txt (line 35))
2025-08-16T23:26:19.5386839Z   Using cached pydoc_markdown-4.8.2-py3-none-any.whl.metadata (5.9 kB)
2025-08-16T23:26:19.5432532Z Requirement already satisfied: MarkupSafe>=2.0 in /opt/hostedtoolcache/Python/3.12.11/x64/lib/python3.12/site-packages (from Jinja2==3.1.6->-r requirements-dev.txt (line 2)) (3.0.2)
2025-08-16T23:26:19.5448793Z Requirement already satisfied: Mako in /opt/hostedtoolcache/Python/3.12.11/x64/lib/python3.12/site-packages (from alembic==1.13.1->-r requirements-dev.txt (line 3)) (1.3.10)
2025-08-16T23:26:19.5454476Z Requirement already satisfied: typing-extensions>=4 in /opt/hostedtoolcache/Python/3.12.11/x64/lib/python3.12/site-packages (from alembic==1.13.1->-r requirements-dev.txt (line 3)) (4.14.1)
2025-08-16T23:26:19.5471779Z Requirement already satisfied: six>=1.4.0 in /opt/hostedtoolcache/Python/3.12.11/x64/lib/python3.12/site-packages (from apscheduler==3.10.4->-r requirements-dev.txt (line 4)) (1.17.0)
2025-08-16T23:26:19.5475841Z Requirement already satisfied: pytz in /opt/hostedtoolcache/Python/3.12.11/x64/lib/python3.12/site-packages (from apscheduler==3.10.4->-r requirements-dev.txt (line 4)) (2025.2)
2025-08-16T23:26:19.5482653Z Requirement already satisfied: tzlocal!=3.*,>=2.0 in /opt/hostedtoolcache/Python/3.12.11/x64/lib/python3.12/site-packages (from apscheduler==3.10.4->-r requirements-dev.txt (line 4)) (5.3.1)
2025-08-16T23:26:19.5515874Z Requirement already satisfied: click>=8.0.0 in /opt/hostedtoolcache/Python/3.12.11/x64/lib/python3.12/site-packages (from black==25.1.0->-r requirements-dev.txt (line 6)) (8.2.1)
2025-08-16T23:26:19.5528734Z Requirement already satisfied: packaging>=22.0 in /opt/hostedtoolcache/Python/3.12.11/x64/lib/python3.12/site-packages (from black==25.1.0->-r requirements-dev.txt (line 6)) (25.0)
2025-08-16T23:26:19.5660833Z Collecting pathspec>=0.9.0 (from black==25.1.0->-r requirements-dev.txt (line 6))
2025-08-16T23:26:19.5672523Z   Using cached pathspec-0.12.1-py3-none-any.whl.metadata (21 kB)
2025-08-16T23:26:19.5891416Z Collecting platformdirs>=2 (from black==25.1.0->-r requirements-dev.txt (line 6))
2025-08-16T23:26:19.5903764Z   Using cached platformdirs-4.3.8-py3-none-any.whl.metadata (12 kB)
2025-08-16T23:26:19.5957455Z Requirement already satisfied: billiard<5.0,>=4.2.0 in /opt/hostedtoolcache/Python/3.12.11/x64/lib/python3.12/site-packages (from celery==5.4.0->-r requirements-dev.txt (line 8)) (4.2.1)
2025-08-16T23:26:19.5963752Z Requirement already satisfied: kombu<6.0,>=5.3.4 in /opt/hostedtoolcache/Python/3.12.11/x64/lib/python3.12/site-packages (from celery==5.4.0->-r requirements-dev.txt (line 8)) (5.5.4)
2025-08-16T23:26:19.5970252Z Requirement already satisfied: vine<6.0,>=5.1.0 in /opt/hostedtoolcache/Python/3.12.11/x64/lib/python3.12/site-packages (from celery==5.4.0->-r requirements-dev.txt (line 8)) (5.1.0)
2025-08-16T23:26:19.5979097Z Requirement already satisfied: click-didyoumean>=0.3.0 in /opt/hostedtoolcache/Python/3.12.11/x64/lib/python3.12/site-packages (from celery==5.4.0->-r requirements-dev.txt (line 8)) (0.3.1)
2025-08-16T23:26:19.5984919Z Requirement already satisfied: click-repl>=0.2.0 in /opt/hostedtoolcache/Python/3.12.11/x64/lib/python3.12/site-packages (from celery==5.4.0->-r requirements-dev.txt (line 8)) (0.3.0)
2025-08-16T23:26:19.5990982Z Requirement already satisfied: click-plugins>=1.1.1 in /opt/hostedtoolcache/Python/3.12.11/x64/lib/python3.12/site-packages (from celery==5.4.0->-r requirements-dev.txt (line 8)) (1.1.1.2)
2025-08-16T23:26:19.5996248Z Requirement already satisfied: tzdata>=2022.7 in /opt/hostedtoolcache/Python/3.12.11/x64/lib/python3.12/site-packages (from celery==5.4.0->-r requirements-dev.txt (line 8)) (2025.2)
2025-08-16T23:26:19.6002053Z Requirement already satisfied: python-dateutil>=2.8.2 in /opt/hostedtoolcache/Python/3.12.11/x64/lib/python3.12/site-packages (from celery==5.4.0->-r requirements-dev.txt (line 8)) (2.9.0.post0)
2025-08-16T23:26:19.6355246Z Collecting starlette<0.48.0,>=0.40.0 (from fastapi==0.116.1->-r requirements-dev.txt (line 9))
2025-08-16T23:26:19.6367494Z   Using cached starlette-0.47.2-py3-none-any.whl.metadata (6.2 kB)
2025-08-16T23:26:19.6417094Z Requirement already satisfied: annotated-types>=0.6.0 in /opt/hostedtoolcache/Python/3.12.11/x64/lib/python3.12/site-packages (from pydantic==2.11.7->-r requirements-dev.txt (line 20)) (0.7.0)
2025-08-16T23:26:19.6422629Z Requirement already satisfied: pydantic-core==2.33.2 in /opt/hostedtoolcache/Python/3.12.11/x64/lib/python3.12/site-packages (from pydantic==2.11.7->-r requirements-dev.txt (line 20)) (2.33.2)
2025-08-16T23:26:19.6429867Z Requirement already satisfied: typing-inspection>=0.4.0 in /opt/hostedtoolcache/Python/3.12.11/x64/lib/python3.12/site-packages (from pydantic==2.11.7->-r requirements-dev.txt (line 20)) (0.4.1)
2025-08-16T23:26:19.6566008Z Collecting et-xmlfile (from openpyxl==3.1.5->-r requirements-dev.txt (line 16))
2025-08-16T23:26:19.6578323Z   Using cached et_xmlfile-2.0.0-py3-none-any.whl.metadata (2.7 kB)
2025-08-16T23:26:19.6647810Z Requirement already satisfied: numpy>=1.26.0 in /opt/hostedtoolcache/Python/3.12.11/x64/lib/python3.12/site-packages (from pandas==2.3.1->-r requirements-dev.txt (line 17)) (2.3.2)
2025-08-16T23:26:19.7239769Z Collecting pytest<9,>=7.0.0 (from pytest-asyncio==0.23.6->-r requirements-dev.txt (line 22))
2025-08-16T23:26:19.7252946Z   Using cached pytest-8.4.1-py3-none-any.whl.metadata (7.7 kB)
2025-08-16T23:26:20.0421580Z Collecting coverage>=7.5 (from coverage[toml]>=7.5->pytest-cov==6.2.1->-r requirements-dev.txt (line 23))
2025-08-16T23:26:20.0435101Z   Using cached coverage-7.10.3-cp312-cp312-manylinux1_x86_64.manylinux_2_28_x86_64.manylinux_2_5_x86_64.whl.metadata (8.9 kB)
2025-08-16T23:26:20.0602391Z Collecting pluggy>=1.2 (from pytest-cov==6.2.1->-r requirements-dev.txt (line 23))
2025-08-16T23:26:20.0613783Z   Using cached pluggy-1.6.0-py3-none-any.whl.metadata (4.8 kB)
2025-08-16T23:26:20.0910854Z Collecting port-for>=0.7.3 (from pytest-postgresql==7.0.2->-r requirements-dev.txt (line 24))
2025-08-16T23:26:20.0922079Z   Using cached port_for-0.7.4-py3-none-any.whl.metadata (7.1 kB)
2025-08-16T23:26:20.1095665Z Collecting mirakuru>=2.6.0 (from pytest-postgresql==7.0.2->-r requirements-dev.txt (line 24))
2025-08-16T23:26:20.1106974Z   Using cached mirakuru-2.6.1-py3-none-any.whl.metadata (10 kB)
2025-08-16T23:26:20.1160830Z Requirement already satisfied: charset_normalizer<4,>=2 in /opt/hostedtoolcache/Python/3.12.11/x64/lib/python3.12/site-packages (from requests==2.32.4->-r requirements-dev.txt (line 28)) (3.4.3)
2025-08-16T23:26:20.1167562Z Requirement already satisfied: idna<4,>=2.5 in /opt/hostedtoolcache/Python/3.12.11/x64/lib/python3.12/site-packages (from requests==2.32.4->-r requirements-dev.txt (line 28)) (3.10)
2025-08-16T23:26:20.1173019Z Requirement already satisfied: urllib3<3,>=1.21.1 in /opt/hostedtoolcache/Python/3.12.11/x64/lib/python3.12/site-packages (from requests==2.32.4->-r requirements-dev.txt (line 28)) (2.5.0)
2025-08-16T23:26:20.1177728Z Requirement already satisfied: certifi>=2017.4.17 in /opt/hostedtoolcache/Python/3.12.11/x64/lib/python3.12/site-packages (from requests==2.32.4->-r requirements-dev.txt (line 28)) (2025.8.3)
2025-08-16T23:26:20.1277080Z Requirement already satisfied: greenlet!=0.4.17 in /opt/hostedtoolcache/Python/3.12.11/x64/lib/python3.12/site-packages (from sqlalchemy==2.0.29->-r requirements-dev.txt (line 31)) (3.2.4)
2025-08-16T23:26:20.1533956Z Collecting docker (from testcontainers==4.10.0->testcontainers[postgres]==4.10.0->-r requirements-dev.txt (line 32))
2025-08-16T23:26:20.1546232Z   Using cached docker-7.1.0-py3-none-any.whl.metadata (3.8 kB)
2025-08-16T23:26:20.2891199Z Collecting wrapt (from testcontainers==4.10.0->testcontainers[postgres]==4.10.0->-r requirements-dev.txt (line 32))
2025-08-16T23:26:20.2904828Z   Using cached wrapt-1.17.3-cp312-cp312-manylinux1_x86_64.manylinux_2_28_x86_64.manylinux_2_5_x86_64.whl.metadata (6.4 kB)
2025-08-16T23:26:20.3184382Z Collecting docspec==2.2.1 (from docspec-python==2.2.2->-r requirements-dev.txt (line 34))
2025-08-16T23:26:20.3196118Z   Using cached docspec-2.2.1-py3-none-any.whl.metadata (1.5 kB)
2025-08-16T23:26:20.3421972Z Collecting nr-util>=0.8.12 (from docspec-python==2.2.2->-r requirements-dev.txt (line 34))
2025-08-16T23:26:20.3433663Z   Using cached nr.util-0.8.12-py3-none-any.whl.metadata (813 bytes)
2025-08-16T23:26:20.3465264Z Requirement already satisfied: PyYAML<7.0,>=5.0 in /opt/hostedtoolcache/Python/3.12.11/x64/lib/python3.12/site-packages (from pydoc-markdown==4.8.2->-r requirements-dev.txt (line 35)) (6.0.2)
2025-08-16T23:26:20.3712794Z Collecting databind.core<5.0.0,>=4.4.0 (from pydoc-markdown==4.8.2->-r requirements-dev.txt (line 35))
2025-08-16T23:26:20.3724382Z   Using cached databind.core-4.5.2-py3-none-any.whl.metadata (1.1 kB)
2025-08-16T23:26:20.4008058Z Collecting databind.json<5.0.0,>=4.4.0 (from pydoc-markdown==4.8.2->-r requirements-dev.txt (line 35))
2025-08-16T23:26:20.4019972Z   Using cached databind.json-4.5.2-py3-none-any.whl.metadata (1.1 kB)
2025-08-16T23:26:20.4190422Z Collecting docstring-parser<0.12,>=0.11 (from pydoc-markdown==4.8.2->-r requirements-dev.txt (line 35))
2025-08-16T23:26:20.4191853Z   Using cached docstring_parser-0.11-py3-none-any.whl
2025-08-16T23:26:20.4484876Z Collecting tomli<3.0.0,>=2.0.0 (from pydoc-markdown==4.8.2->-r requirements-dev.txt (line 35))
2025-08-16T23:26:20.4497009Z   Using cached tomli-2.2.1-cp312-cp312-manylinux_2_17_x86_64.manylinux2014_x86_64.whl.metadata (11 kB)
2025-08-16T23:26:20.4629480Z Collecting tomli_w<2.0.0,>=1.0.0 (from pydoc-markdown==4.8.2->-r requirements-dev.txt (line 35))
2025-08-16T23:26:20.4640856Z   Using cached tomli_w-1.2.0-py3-none-any.whl.metadata (5.7 kB)
2025-08-16T23:26:20.5115256Z Collecting watchdog (from pydoc-markdown==4.8.2->-r requirements-dev.txt (line 35))
2025-08-16T23:26:20.5131066Z   Using cached watchdog-6.0.0-py3-none-manylinux2014_x86_64.whl.metadata (44 kB)
2025-08-16T23:26:20.5383732Z Collecting yapf>=0.30.0 (from pydoc-markdown==4.8.2->-r requirements-dev.txt (line 35))
2025-08-16T23:26:20.5395917Z   Using cached yapf-0.43.0-py3-none-any.whl.metadata (46 kB)
2025-08-16T23:26:20.5614556Z Collecting Deprecated<2.0.0,>=1.2.12 (from docspec==2.2.1->docspec-python==2.2.2->-r requirements-dev.txt (line 34))
2025-08-16T23:26:20.5626722Z   Using cached Deprecated-1.2.18-py2.py3-none-any.whl.metadata (5.7 kB)
2025-08-16T23:26:20.5806542Z Requirement already satisfied: psycopg-binary==3.2.9 in /opt/hostedtoolcache/Python/3.12.11/x64/lib/python3.12/site-packages (from psycopg[binary]==3.2.9->-r requirements-dev.txt (line 19)) (3.2.9)
2025-08-16T23:26:20.5878729Z Requirement already satisfied: anyio in /opt/hostedtoolcache/Python/3.12.11/x64/lib/python3.12/site-packages (from httpx<0.29,>=0.27->-r requirements-dev.txt (line 11)) (4.10.0)
2025-08-16T23:26:20.5886103Z Requirement already satisfied: httpcore==1.* in /opt/hostedtoolcache/Python/3.12.11/x64/lib/python3.12/site-packages (from httpx<0.29,>=0.27->-r requirements-dev.txt (line 11)) (1.0.9)
2025-08-16T23:26:20.6196350Z Collecting databind<5.0.0,>=4.5.2 (from databind.core<5.0.0,>=4.4.0->pydoc-markdown==4.8.2->-r requirements-dev.txt (line 35))
2025-08-16T23:26:20.6209236Z   Using cached databind-4.5.2-py3-none-any.whl.metadata (4.3 kB)
2025-08-16T23:26:20.6374662Z Collecting nr-date<3.0.0,>=2.0.0 (from databind<5.0.0,>=4.5.2->databind.core<5.0.0,>=4.4.0->pydoc-markdown==4.8.2->-r requirements-dev.txt (line 35))
2025-08-16T23:26:20.6386782Z   Using cached nr_date-2.1.0-py3-none-any.whl.metadata (746 bytes)
2025-08-16T23:26:20.6545904Z Collecting nr-stream<2.0.0,>=1.0.0 (from databind<5.0.0,>=4.5.2->databind.core<5.0.0,>=4.4.0->pydoc-markdown==4.8.2->-r requirements-dev.txt (line 35))
2025-08-16T23:26:20.6558408Z   Using cached nr_stream-1.1.5-py3-none-any.whl.metadata (3.6 kB)
2025-08-16T23:26:20.6752498Z Collecting typeapi<3,>=2.0.1 (from databind<5.0.0,>=4.5.2->databind.core<5.0.0,>=4.4.0->pydoc-markdown==4.8.2->-r requirements-dev.txt (line 35))
2025-08-16T23:26:20.6764846Z   Using cached typeapi-2.2.4-py3-none-any.whl.metadata (1.5 kB)
2025-08-16T23:26:20.6899193Z Requirement already satisfied: h11>=0.16 in /opt/hostedtoolcache/Python/3.12.11/x64/lib/python3.12/site-packages (from httpcore==1.*->httpx<0.29,>=0.27->-r requirements-dev.txt (line 11)) (0.16.0)
2025-08-16T23:26:20.6940695Z Requirement already satisfied: amqp<6.0.0,>=5.1.1 in /opt/hostedtoolcache/Python/3.12.11/x64/lib/python3.12/site-packages (from kombu<6.0,>=5.3.4->celery==5.4.0->-r requirements-dev.txt (line 8)) (5.3.1)
2025-08-16T23:26:20.7233344Z Collecting iniconfig>=1 (from pytest<9,>=7.0.0->pytest-asyncio==0.23.6->-r requirements-dev.txt (line 22))
2025-08-16T23:26:20.7245284Z   Using cached iniconfig-2.1.0-py3-none-any.whl.metadata (2.7 kB)
2025-08-16T23:26:20.7287877Z Requirement already satisfied: pygments>=2.7.2 in /opt/hostedtoolcache/Python/3.12.11/x64/lib/python3.12/site-packages (from pytest<9,>=7.0.0->pytest-asyncio==0.23.6->-r requirements-dev.txt (line 22)) (2.19.2)
2025-08-16T23:26:20.7368569Z Requirement already satisfied: sniffio>=1.1 in /opt/hostedtoolcache/Python/3.12.11/x64/lib/python3.12/site-packages (from anyio->httpx<0.29,>=0.27->-r requirements-dev.txt (line 11)) (1.3.1)
2025-08-16T23:26:20.7515572Z Requirement already satisfied: botocore<1.35.0,>=1.34.162 in /opt/hostedtoolcache/Python/3.12.11/x64/lib/python3.12/site-packages (from boto3->-r requirements-dev.txt (line 7)) (1.34.162)
2025-08-16T23:26:20.7522990Z Requirement already satisfied: jmespath<2.0.0,>=0.7.1 in /opt/hostedtoolcache/Python/3.12.11/x64/lib/python3.12/site-packages (from boto3->-r requirements-dev.txt (line 7)) (1.0.1)
2025-08-16T23:26:20.7530733Z Requirement already satisfied: s3transfer<0.11.0,>=0.10.0 in /opt/hostedtoolcache/Python/3.12.11/x64/lib/python3.12/site-packages (from boto3->-r requirements-dev.txt (line 7)) (0.10.4)
2025-08-16T23:26:20.7644375Z Requirement already satisfied: fastapi-cli>=0.0.8 in /opt/hostedtoolcache/Python/3.12.11/x64/lib/python3.12/site-packages (from fastapi-cli[standard]>=0.0.8; extra == "all"->fastapi[all]->-r requirements-dev.txt (line 10)) (0.0.8)
2025-08-16T23:26:20.7746451Z Requirement already satisfied: ujson!=4.0.2,!=4.1.0,!=4.2.0,!=4.3.0,!=5.0.0,!=5.1.0,>=4.0.1 in /opt/hostedtoolcache/Python/3.12.11/x64/lib/python3.12/site-packages (from fastapi[all]->-r requirements-dev.txt (line 10)) (5.10.0)
2025-08-16T23:26:20.7753292Z Requirement already satisfied: orjson>=3.2.1 in /opt/hostedtoolcache/Python/3.12.11/x64/lib/python3.12/site-packages (from fastapi[all]->-r requirements-dev.txt (line 10)) (3.11.2)
2025-08-16T23:26:20.7760455Z Requirement already satisfied: email-validator>=2.0.0 in /opt/hostedtoolcache/Python/3.12.11/x64/lib/python3.12/site-packages (from fastapi[all]->-r requirements-dev.txt (line 10)) (2.2.0)
2025-08-16T23:26:20.7769197Z Requirement already satisfied: uvicorn>=0.12.0 in /opt/hostedtoolcache/Python/3.12.11/x64/lib/python3.12/site-packages (from uvicorn[standard]>=0.12.0; extra == "all"->fastapi[all]->-r requirements-dev.txt (line 10)) (0.29.0)
2025-08-16T23:26:20.7778897Z Requirement already satisfied: pydantic-settings>=2.0.0 in /opt/hostedtoolcache/Python/3.12.11/x64/lib/python3.12/site-packages (from fastapi[all]->-r requirements-dev.txt (line 10)) (2.2.1)
2025-08-16T23:26:20.7925104Z Collecting pydantic-extra-types>=2.0.0 (from fastapi[all]->-r requirements-dev.txt (line 10))
2025-08-16T23:26:20.7937721Z   Using cached pydantic_extra_types-2.10.5-py3-none-any.whl.metadata (3.9 kB)
2025-08-16T23:26:20.8177425Z Requirement already satisfied: prompt-toolkit>=3.0.36 in /opt/hostedtoolcache/Python/3.12.11/x64/lib/python3.12/site-packages (from click-repl>=0.2.0->celery==5.4.0->-r requirements-dev.txt (line 8)) (3.0.51)
2025-08-16T23:26:20.8246570Z Requirement already satisfied: dnspython>=2.0.0 in /opt/hostedtoolcache/Python/3.12.11/x64/lib/python3.12/site-packages (from email-validator>=2.0.0->fastapi[all]->-r requirements-dev.txt (line 10)) (2.7.0)
2025-08-16T23:26:20.8313207Z Requirement already satisfied: typer>=0.15.1 in /opt/hostedtoolcache/Python/3.12.11/x64/lib/python3.12/site-packages (from fastapi-cli>=0.0.8->fastapi-cli[standard]>=0.0.8; extra == "all"->fastapi[all]->-r requirements-dev.txt (line 10)) (0.16.0)
2025-08-16T23:26:20.8323941Z Requirement already satisfied: rich-toolkit>=0.14.8 in /opt/hostedtoolcache/Python/3.12.11/x64/lib/python3.12/site-packages (from fastapi-cli>=0.0.8->fastapi-cli[standard]>=0.0.8; extra == "all"->fastapi[all]->-r requirements-dev.txt (line 10)) (0.15.0)
2025-08-16T23:26:20.8471875Z Collecting fastapi-cloud-cli>=0.1.1 (from fastapi-cli[standard]>=0.0.8; extra == "all"->fastapi[all]->-r requirements-dev.txt (line 10))
2025-08-16T23:26:20.8483585Z   Using cached fastapi_cloud_cli-0.1.5-py3-none-any.whl.metadata (3.2 kB)
2025-08-16T23:26:20.9225525Z Collecting rignore>=0.5.1 (from fastapi-cloud-cli>=0.1.1->fastapi-cli[standard]>=0.0.8; extra == "all"->fastapi[all]->-r requirements-dev.txt (line 10))
2025-08-16T23:26:20.9239283Z   Using cached rignore-0.6.4-cp312-cp312-manylinux_2_17_x86_64.manylinux2014_x86_64.whl.metadata (3.8 kB)
2025-08-16T23:26:20.9904980Z Collecting sentry-sdk>=2.20.0 (from fastapi-cloud-cli>=0.1.1->fastapi-cli[standard]>=0.0.8; extra == "all"->fastapi[all]->-r requirements-dev.txt (line 10))
2025-08-16T23:26:21.0432894Z   Downloading sentry_sdk-2.35.0-py2.py3-none-any.whl.metadata (10 kB)
2025-08-16T23:26:21.1416944Z Collecting psutil>=4.0.0 (from mirakuru>=2.6.0->pytest-postgresql==7.0.2->-r requirements-dev.txt (line 24))
2025-08-16T23:26:21.1431980Z   Using cached psutil-7.0.0-cp36-abi3-manylinux_2_12_x86_64.manylinux2010_x86_64.manylinux_2_17_x86_64.manylinux2014_x86_64.whl.metadata (22 kB)
2025-08-16T23:26:21.1661532Z Requirement already satisfied: wcwidth in /opt/hostedtoolcache/Python/3.12.11/x64/lib/python3.12/site-packages (from prompt-toolkit>=3.0.36->click-repl>=0.2.0->celery==5.4.0->-r requirements-dev.txt (line 8)) (0.2.13)
2025-08-16T23:26:21.1861208Z Requirement already satisfied: rich>=13.7.1 in /opt/hostedtoolcache/Python/3.12.11/x64/lib/python3.12/site-packages (from rich-toolkit>=0.14.8->fastapi-cli>=0.0.8->fastapi-cli[standard]>=0.0.8; extra == "all"->fastapi[all]->-r requirements-dev.txt (line 10)) (14.1.0)
2025-08-16T23:26:21.1897277Z Requirement already satisfied: markdown-it-py>=2.2.0 in /opt/hostedtoolcache/Python/3.12.11/x64/lib/python3.12/site-packages (from rich>=13.7.1->rich-toolkit>=0.14.8->fastapi-cli>=0.0.8->fastapi-cli[standard]>=0.0.8; extra == "all"->fastapi[all]->-r requirements-dev.txt (line 10)) (4.0.0)
2025-08-16T23:26:21.1929010Z Requirement already satisfied: mdurl~=0.1 in /opt/hostedtoolcache/Python/3.12.11/x64/lib/python3.12/site-packages (from markdown-it-py>=2.2.0->rich>=13.7.1->rich-toolkit>=0.14.8->fastapi-cli>=0.0.8->fastapi-cli[standard]>=0.0.8; extra == "all"->fastapi[all]->-r requirements-dev.txt (line 10)) (0.1.2)
2025-08-16T23:26:21.2111010Z Requirement already satisfied: shellingham>=1.3.0 in /opt/hostedtoolcache/Python/3.12.11/x64/lib/python3.12/site-packages (from typer>=0.15.1->fastapi-cli>=0.0.8->fastapi-cli[standard]>=0.0.8; extra == "all"->fastapi[all]->-r requirements-dev.txt (line 10)) (1.5.4)
2025-08-16T23:26:21.2305589Z Requirement already satisfied: httptools>=0.5.0 in /opt/hostedtoolcache/Python/3.12.11/x64/lib/python3.12/site-packages (from uvicorn[standard]>=0.12.0; extra == "all"->fastapi[all]->-r requirements-dev.txt (line 10)) (0.6.4)
2025-08-16T23:26:21.2323656Z Requirement already satisfied: uvloop!=0.15.0,!=0.15.1,>=0.14.0 in /opt/hostedtoolcache/Python/3.12.11/x64/lib/python3.12/site-packages (from uvicorn[standard]>=0.12.0; extra == "all"->fastapi[all]->-r requirements-dev.txt (line 10)) (0.21.0)
2025-08-16T23:26:21.2331751Z Requirement already satisfied: watchfiles>=0.13 in /opt/hostedtoolcache/Python/3.12.11/x64/lib/python3.12/site-packages (from uvicorn[standard]>=0.12.0; extra == "all"->fastapi[all]->-r requirements-dev.txt (line 10)) (1.1.0)
2025-08-16T23:26:21.2339595Z Requirement already satisfied: websockets>=10.4 in /opt/hostedtoolcache/Python/3.12.11/x64/lib/python3.12/site-packages (from uvicorn[standard]>=0.12.0; extra == "all"->fastapi[all]->-r requirements-dev.txt (line 10)) (15.0.1)
2025-08-16T23:26:21.2737410Z Using cached jinja2-3.1.6-py3-none-any.whl (134 kB)
2025-08-16T23:26:21.2749830Z Using cached asyncpg-0.30.0-cp312-cp312-manylinux_2_17_x86_64.manylinux2014_x86_64.whl (3.6 MB)
2025-08-16T23:26:21.2800650Z Using cached black-25.1.0-cp312-cp312-manylinux_2_17_x86_64.manylinux2014_x86_64.manylinux_2_28_x86_64.whl (1.8 MB)
2025-08-16T23:26:21.2815504Z Using cached fastapi-0.116.1-py3-none-any.whl (95 kB)
2025-08-16T23:26:21.2827927Z Using cached IMAPClient-3.0.1-py2.py3-none-any.whl (182 kB)
2025-08-16T23:26:21.2840394Z Using cached mypy_extensions-1.1.0-py3-none-any.whl (5.0 kB)
2025-08-16T23:26:21.2851689Z Using cached openpyxl-3.1.5-py2.py3-none-any.whl (250 kB)
2025-08-16T23:26:21.2864981Z Using cached psycopg2_binary-2.9.9-cp312-cp312-manylinux_2_17_x86_64.manylinux2014_x86_64.whl (3.0 MB)
2025-08-16T23:26:21.2898840Z Using cached pytest_asyncio-0.23.6-py3-none-any.whl (17 kB)
2025-08-16T23:26:21.2910152Z Using cached pytest_cov-6.2.1-py3-none-any.whl (24 kB)
2025-08-16T23:26:21.2921231Z Using cached pytest_postgresql-7.0.2-py3-none-any.whl (41 kB)
2025-08-16T23:26:21.2932626Z Using cached python_telegram_bot-22.2-py3-none-any.whl (708 kB)
2025-08-16T23:26:21.2948836Z Using cached respx-0.22.0-py2.py3-none-any.whl (25 kB)
2025-08-16T23:26:21.2960403Z Using cached ruff-0.4.4-py3-none-manylinux_2_17_x86_64.manylinux2014_x86_64.whl (8.7 MB)
2025-08-16T23:26:21.3035986Z Using cached testcontainers-4.10.0-py3-none-any.whl (107 kB)
2025-08-16T23:26:21.3047864Z Using cached types_requests-2.32.0.20240602-py3-none-any.whl (15 kB)
2025-08-16T23:26:21.3059262Z Using cached docspec_python-2.2.2-py3-none-any.whl (15 kB)
2025-08-16T23:26:21.3070263Z Using cached pydoc_markdown-4.8.2-py3-none-any.whl (67 kB)
2025-08-16T23:26:21.3081564Z Using cached docspec-2.2.1-py3-none-any.whl (9.8 kB)
2025-08-16T23:26:21.3092721Z Using cached httpx-0.28.1-py3-none-any.whl (73 kB)
2025-08-16T23:26:21.3104772Z Using cached mypy-1.17.1-cp312-cp312-manylinux2014_x86_64.manylinux_2_17_x86_64.manylinux_2_28_x86_64.whl (12.7 MB)
2025-08-16T23:26:21.3210557Z Using cached databind.core-4.5.2-py3-none-any.whl (1.5 kB)
2025-08-16T23:26:21.3221057Z Using cached databind-4.5.2-py3-none-any.whl (49 kB)
2025-08-16T23:26:21.3232037Z Using cached databind.json-4.5.2-py3-none-any.whl (1.5 kB)
2025-08-16T23:26:21.3242975Z Using cached Deprecated-1.2.18-py2.py3-none-any.whl (10.0 kB)
2025-08-16T23:26:21.3253451Z Using cached nr_date-2.1.0-py3-none-any.whl (10 kB)
2025-08-16T23:26:21.3264101Z Using cached nr_stream-1.1.5-py3-none-any.whl (10 kB)
2025-08-16T23:26:21.3274715Z Using cached nr.util-0.8.12-py3-none-any.whl (90 kB)
2025-08-16T23:26:21.3285990Z Using cached pytest-8.4.1-py3-none-any.whl (365 kB)
2025-08-16T23:26:21.3299511Z Using cached pluggy-1.6.0-py3-none-any.whl (20 kB)
2025-08-16T23:26:21.3310327Z Using cached starlette-0.47.2-py3-none-any.whl (72 kB)
2025-08-16T23:26:21.3321816Z Using cached tomli-2.2.1-cp312-cp312-manylinux_2_17_x86_64.manylinux2014_x86_64.whl (242 kB)
2025-08-16T23:26:21.3334102Z Using cached tomli_w-1.2.0-py3-none-any.whl (6.7 kB)
2025-08-16T23:26:21.3345038Z Using cached typeapi-2.2.4-py3-none-any.whl (26 kB)
2025-08-16T23:26:21.3356291Z Using cached wrapt-1.17.3-cp312-cp312-manylinux1_x86_64.manylinux_2_28_x86_64.manylinux_2_5_x86_64.whl (88 kB)
2025-08-16T23:26:21.3367386Z Using cached itsdangerous-2.2.0-py3-none-any.whl (16 kB)
2025-08-16T23:26:21.3378496Z Using cached setuptools-80.9.0-py3-none-any.whl (1.2 MB)
2025-08-16T23:26:21.3398872Z Using cached coverage-7.10.3-cp312-cp312-manylinux1_x86_64.manylinux_2_28_x86_64.manylinux_2_5_x86_64.whl (250 kB)
2025-08-16T23:26:21.3410699Z Using cached fastapi_cloud_cli-0.1.5-py3-none-any.whl (18 kB)
2025-08-16T23:26:21.3421435Z Using cached iniconfig-2.1.0-py3-none-any.whl (6.0 kB)
2025-08-16T23:26:21.3432155Z Using cached mirakuru-2.6.1-py3-none-any.whl (26 kB)
2025-08-16T23:26:21.3442869Z Using cached pathspec-0.12.1-py3-none-any.whl (31 kB)
2025-08-16T23:26:21.3453695Z Using cached platformdirs-4.3.8-py3-none-any.whl (18 kB)
2025-08-16T23:26:21.3464292Z Using cached port_for-0.7.4-py3-none-any.whl (21 kB)
2025-08-16T23:26:21.3475610Z Using cached psutil-7.0.0-cp36-abi3-manylinux_2_12_x86_64.manylinux2010_x86_64.manylinux_2_17_x86_64.manylinux2014_x86_64.whl (277 kB)
2025-08-16T23:26:21.3488030Z Using cached pydantic_extra_types-2.10.5-py3-none-any.whl (38 kB)
2025-08-16T23:26:21.3499529Z Using cached rignore-0.6.4-cp312-cp312-manylinux_2_17_x86_64.manylinux2014_x86_64.whl (949 kB)
2025-08-16T23:26:21.3581175Z Downloading sentry_sdk-2.35.0-py2.py3-none-any.whl (363 kB)
2025-08-16T23:26:21.3922755Z Using cached yapf-0.43.0-py3-none-any.whl (256 kB)
2025-08-16T23:26:21.3936176Z Using cached docker-7.1.0-py3-none-any.whl (147 kB)
2025-08-16T23:26:21.3948842Z Using cached et_xmlfile-2.0.0-py3-none-any.whl (18 kB)
2025-08-16T23:26:21.3960504Z Using cached watchdog-6.0.0-py3-none-manylinux2014_x86_64.whl (79 kB)
2025-08-16T23:26:21.6292451Z Installing collected packages: wrapt, watchdog, types-requests, typeapi, tomli_w, tomli, setuptools, sentry-sdk, ruff, rignore, psycopg2-binary, psutil, port-for, pluggy, platformdirs, pathspec, nr-stream, nr-date, mypy-extensions, Jinja2, itsdangerous, iniconfig, imapclient, et-xmlfile, docstring-parser, coverage, asyncpg, yapf, starlette, pytest, openpyxl, mypy, mirakuru, httpx, docker, Deprecated, black, testcontainers, respx, python-telegram-bot, pytest-postgresql, pytest-cov, pytest-asyncio, pydantic-extra-types, nr-util, fastapi, databind, fastapi-cloud-cli, databind.json, databind.core, docspec, docspec-python, pydoc-markdown
2025-08-16T23:26:23.2515914Z   Attempting uninstall: Jinja2
2025-08-16T23:26:23.2565783Z     Found existing installation: Jinja2 3.1.5
2025-08-16T23:26:23.2601512Z     Uninstalling Jinja2-3.1.5:
2025-08-16T23:26:23.2611210Z       Successfully uninstalled Jinja2-3.1.5
2025-08-16T23:26:23.6144209Z   Attempting uninstall: asyncpg
2025-08-16T23:26:23.6198372Z     Found existing installation: asyncpg 0.29.0
2025-08-16T23:26:23.6247387Z     Uninstalling asyncpg-0.29.0:
2025-08-16T23:26:23.6261087Z       Successfully uninstalled asyncpg-0.29.0
2025-08-16T23:26:23.9082114Z   Attempting uninstall: starlette
2025-08-16T23:26:23.9134572Z     Found existing installation: starlette 0.37.2
2025-08-16T23:26:23.9177330Z     Uninstalling starlette-0.37.2:
2025-08-16T23:26:23.9188296Z       Successfully uninstalled starlette-0.37.2
2025-08-16T23:26:25.9970146Z   Attempting uninstall: httpx
2025-08-16T23:26:26.0022951Z     Found existing installation: httpx 0.26.0
2025-08-16T23:26:26.0062196Z     Uninstalling httpx-0.26.0:
2025-08-16T23:26:26.0076086Z       Successfully uninstalled httpx-0.26.0
2025-08-16T23:26:26.4263712Z   Attempting uninstall: python-telegram-bot
2025-08-16T23:26:26.4312575Z     Found existing installation: python-telegram-bot 20.8
2025-08-16T23:26:26.4469592Z     Uninstalling python-telegram-bot-20.8:
2025-08-16T23:26:26.4494503Z       Successfully uninstalled python-telegram-bot-20.8
2025-08-16T23:26:27.0166271Z   Attempting uninstall: fastapi
2025-08-16T23:26:27.0212368Z     Found existing installation: fastapi 0.111.0
2025-08-16T23:26:27.0265906Z     Uninstalling fastapi-0.111.0:
2025-08-16T23:26:27.0278706Z       Successfully uninstalled fastapi-0.111.0
2025-08-16T23:26:27.2556819Z 
2025-08-16T23:26:27.2673874Z Successfully installed Deprecated-1.2.18 Jinja2-3.1.6 asyncpg-0.30.0 black-25.1.0 coverage-7.10.3 databind-4.5.2 databind.core-4.5.2 databind.json-4.5.2 docker-7.1.0 docspec-2.2.1 docspec-python-2.2.2 docstring-parser-0.11 et-xmlfile-2.0.0 fastapi-0.116.1 fastapi-cloud-cli-0.1.5 httpx-0.28.1 imapclient-3.0.1 iniconfig-2.1.0 itsdangerous-2.2.0 mirakuru-2.6.1 mypy-1.17.1 mypy-extensions-1.1.0 nr-date-2.1.0 nr-stream-1.1.5 nr-util-0.8.12 openpyxl-3.1.5 pathspec-0.12.1 platformdirs-4.3.8 pluggy-1.6.0 port-for-0.7.4 psutil-7.0.0 psycopg2-binary-2.9.9 pydantic-extra-types-2.10.5 pydoc-markdown-4.8.2 pytest-8.4.1 pytest-asyncio-0.23.6 pytest-cov-6.2.1 pytest-postgresql-7.0.2 python-telegram-bot-22.2 respx-0.22.0 rignore-0.6.4 ruff-0.4.4 sentry-sdk-2.35.0 setuptools-80.9.0 starlette-0.47.2 testcontainers-4.10.0 tomli-2.2.1 tomli_w-1.2.0 typeapi-2.2.4 types-requests-2.32.0.20240602 watchdog-6.0.0 wrapt-1.17.3 yapf-0.43.0
2025-08-16T23:26:28.3624698Z Requirement already satisfied: asyncpg in /opt/hostedtoolcache/Python/3.12.11/x64/lib/python3.12/site-packages (0.30.0)
2025-08-16T23:26:28.9897822Z Requirement already satisfied: pytest in /opt/hostedtoolcache/Python/3.12.11/x64/lib/python3.12/site-packages (8.4.1)
2025-08-16T23:26:28.9912785Z Requirement already satisfied: iniconfig>=1 in /opt/hostedtoolcache/Python/3.12.11/x64/lib/python3.12/site-packages (from pytest) (2.1.0)
2025-08-16T23:26:28.9918397Z Requirement already satisfied: packaging>=20 in /opt/hostedtoolcache/Python/3.12.11/x64/lib/python3.12/site-packages (from pytest) (25.0)
2025-08-16T23:26:28.9924930Z Requirement already satisfied: pluggy<2,>=1.5 in /opt/hostedtoolcache/Python/3.12.11/x64/lib/python3.12/site-packages (from pytest) (1.6.0)
2025-08-16T23:26:28.9930539Z Requirement already satisfied: pygments>=2.7.2 in /opt/hostedtoolcache/Python/3.12.11/x64/lib/python3.12/site-packages (from pytest) (2.19.2)
2025-08-16T23:26:29.6802796Z Collecting keepa==1.3.15
2025-08-16T23:26:29.6816681Z   Using cached keepa-1.3.15-py3-none-any.whl.metadata (11 kB)
2025-08-16T23:26:29.6856233Z Requirement already satisfied: minio==7.1.15 in /opt/hostedtoolcache/Python/3.12.11/x64/lib/python3.12/site-packages (7.1.15)
2025-08-16T23:26:29.6865662Z Requirement already satisfied: numpy>=1.9.3 in /opt/hostedtoolcache/Python/3.12.11/x64/lib/python3.12/site-packages (from keepa==1.3.15) (2.3.2)
2025-08-16T23:26:29.6871641Z Requirement already satisfied: requests>=2.2 in /opt/hostedtoolcache/Python/3.12.11/x64/lib/python3.12/site-packages (from keepa==1.3.15) (2.32.4)
2025-08-16T23:26:29.6875726Z Requirement already satisfied: tqdm in /opt/hostedtoolcache/Python/3.12.11/x64/lib/python3.12/site-packages (from keepa==1.3.15) (4.67.1)
2025-08-16T23:26:29.6879931Z Requirement already satisfied: aiohttp in /opt/hostedtoolcache/Python/3.12.11/x64/lib/python3.12/site-packages (from keepa==1.3.15) (3.12.15)
2025-08-16T23:26:29.6885601Z Requirement already satisfied: pandas<=3.0 in /opt/hostedtoolcache/Python/3.12.11/x64/lib/python3.12/site-packages (from keepa==1.3.15) (2.3.1)
2025-08-16T23:26:29.6889906Z Requirement already satisfied: pydantic in /opt/hostedtoolcache/Python/3.12.11/x64/lib/python3.12/site-packages (from keepa==1.3.15) (2.11.7)
2025-08-16T23:26:29.6900910Z Requirement already satisfied: certifi in /opt/hostedtoolcache/Python/3.12.11/x64/lib/python3.12/site-packages (from minio==7.1.15) (2025.8.3)
2025-08-16T23:26:29.6905484Z Requirement already satisfied: urllib3 in /opt/hostedtoolcache/Python/3.12.11/x64/lib/python3.12/site-packages (from minio==7.1.15) (2.5.0)
2025-08-16T23:26:29.6961153Z Requirement already satisfied: python-dateutil>=2.8.2 in /opt/hostedtoolcache/Python/3.12.11/x64/lib/python3.12/site-packages (from pandas<=3.0->keepa==1.3.15) (2.9.0.post0)
2025-08-16T23:26:29.6967017Z Requirement already satisfied: pytz>=2020.1 in /opt/hostedtoolcache/Python/3.12.11/x64/lib/python3.12/site-packages (from pandas<=3.0->keepa==1.3.15) (2025.2)
2025-08-16T23:26:29.6972945Z Requirement already satisfied: tzdata>=2022.7 in /opt/hostedtoolcache/Python/3.12.11/x64/lib/python3.12/site-packages (from pandas<=3.0->keepa==1.3.15) (2025.2)
2025-08-16T23:26:29.7108559Z Requirement already satisfied: six>=1.5 in /opt/hostedtoolcache/Python/3.12.11/x64/lib/python3.12/site-packages (from python-dateutil>=2.8.2->pandas<=3.0->keepa==1.3.15) (1.17.0)
2025-08-16T23:26:29.7130089Z Requirement already satisfied: charset_normalizer<4,>=2 in /opt/hostedtoolcache/Python/3.12.11/x64/lib/python3.12/site-packages (from requests>=2.2->keepa==1.3.15) (3.4.3)
2025-08-16T23:26:29.7136385Z Requirement already satisfied: idna<4,>=2.5 in /opt/hostedtoolcache/Python/3.12.11/x64/lib/python3.12/site-packages (from requests>=2.2->keepa==1.3.15) (3.10)
2025-08-16T23:26:29.7207414Z Requirement already satisfied: aiohappyeyeballs>=2.5.0 in /opt/hostedtoolcache/Python/3.12.11/x64/lib/python3.12/site-packages (from aiohttp->keepa==1.3.15) (2.6.1)
2025-08-16T23:26:29.7213670Z Requirement already satisfied: aiosignal>=1.4.0 in /opt/hostedtoolcache/Python/3.12.11/x64/lib/python3.12/site-packages (from aiohttp->keepa==1.3.15) (1.4.0)
2025-08-16T23:26:29.7221708Z Requirement already satisfied: attrs>=17.3.0 in /opt/hostedtoolcache/Python/3.12.11/x64/lib/python3.12/site-packages (from aiohttp->keepa==1.3.15) (25.3.0)
2025-08-16T23:26:29.7227477Z Requirement already satisfied: frozenlist>=1.1.1 in /opt/hostedtoolcache/Python/3.12.11/x64/lib/python3.12/site-packages (from aiohttp->keepa==1.3.15) (1.7.0)
2025-08-16T23:26:29.7233706Z Requirement already satisfied: multidict<7.0,>=4.5 in /opt/hostedtoolcache/Python/3.12.11/x64/lib/python3.12/site-packages (from aiohttp->keepa==1.3.15) (6.6.4)
2025-08-16T23:26:29.7239399Z Requirement already satisfied: propcache>=0.2.0 in /opt/hostedtoolcache/Python/3.12.11/x64/lib/python3.12/site-packages (from aiohttp->keepa==1.3.15) (0.3.2)
2025-08-16T23:26:29.7246901Z Requirement already satisfied: yarl<2.0,>=1.17.0 in /opt/hostedtoolcache/Python/3.12.11/x64/lib/python3.12/site-packages (from aiohttp->keepa==1.3.15) (1.20.1)
2025-08-16T23:26:29.7307968Z Requirement already satisfied: typing-extensions>=4.2 in /opt/hostedtoolcache/Python/3.12.11/x64/lib/python3.12/site-packages (from aiosignal>=1.4.0->aiohttp->keepa==1.3.15) (4.14.1)
2025-08-16T23:26:29.7403271Z Requirement already satisfied: annotated-types>=0.6.0 in /opt/hostedtoolcache/Python/3.12.11/x64/lib/python3.12/site-packages (from pydantic->keepa==1.3.15) (0.7.0)
2025-08-16T23:26:29.7409067Z Requirement already satisfied: pydantic-core==2.33.2 in /opt/hostedtoolcache/Python/3.12.11/x64/lib/python3.12/site-packages (from pydantic->keepa==1.3.15) (2.33.2)
2025-08-16T23:26:29.7416771Z Requirement already satisfied: typing-inspection>=0.4.0 in /opt/hostedtoolcache/Python/3.12.11/x64/lib/python3.12/site-packages (from pydantic->keepa==1.3.15) (0.4.1)
2025-08-16T23:26:29.7499792Z Using cached keepa-1.3.15-py3-none-any.whl (38 kB)
2025-08-16T23:26:29.9136446Z Installing collected packages: keepa
2025-08-16T23:26:29.9136987Z   Attempting uninstall: keepa
2025-08-16T23:26:29.9170700Z     Found existing installation: keepa 1.3.14
2025-08-16T23:26:29.9193708Z     Uninstalling keepa-1.3.14:
2025-08-16T23:26:29.9202838Z       Successfully uninstalled keepa-1.3.14
2025-08-16T23:26:29.9641970Z Successfully installed keepa-1.3.15
2025-08-16T23:26:30.0312679Z ##[group]Run actions/setup-node@v4
2025-08-16T23:26:30.0312950Z with:
2025-08-16T23:26:30.0313129Z   node-version: 20.19.0
2025-08-16T23:26:30.0313334Z   always-auth: false
2025-08-16T23:26:30.0313526Z   check-latest: false
2025-08-16T23:26:30.0313827Z   token: ***
2025-08-16T23:26:30.0314003Z env:
2025-08-16T23:26:30.0314175Z   PG_USER: postgres
2025-08-16T23:26:30.0314374Z   PG_PASSWORD: pass
2025-08-16T23:26:30.0314578Z   PG_DATABASE: awa
2025-08-16T23:26:30.0314760Z   PG_HOST: localhost
2025-08-16T23:26:30.0314954Z   PG_PORT: 5432
2025-08-16T23:26:30.0315320Z   PG_SYNC_DSN: ***localhost:5432/awa
2025-08-16T23:26:30.0315731Z   PG_ASYNC_DSN: ***localhost:5432/awa
2025-08-16T23:26:30.0316114Z   DATABASE_URL: ***localhost:5432/awa
2025-08-16T23:26:30.0316362Z   DATA_DIR: /tmp/awa-data
2025-08-16T23:26:30.0316566Z   ENABLE_LIVE: 0
2025-08-16T23:26:30.0316746Z   TESTING: 1
2025-08-16T23:26:30.0316988Z   pythonLocation: /opt/hostedtoolcache/Python/3.12.11/x64
2025-08-16T23:26:30.0317416Z   PKG_CONFIG_PATH: /opt/hostedtoolcache/Python/3.12.11/x64/lib/pkgconfig
2025-08-16T23:26:30.0317805Z   Python_ROOT_DIR: /opt/hostedtoolcache/Python/3.12.11/x64
2025-08-16T23:26:30.0318356Z   Python2_ROOT_DIR: /opt/hostedtoolcache/Python/3.12.11/x64
2025-08-16T23:26:30.0318768Z   Python3_ROOT_DIR: /opt/hostedtoolcache/Python/3.12.11/x64
2025-08-16T23:26:30.0319129Z   LD_LIBRARY_PATH: /opt/hostedtoolcache/Python/3.12.11/x64/lib
2025-08-16T23:26:30.0319432Z ##[endgroup]
2025-08-16T23:26:30.2526028Z Attempting to download 20.19.0...
2025-08-16T23:26:30.6388999Z Acquiring 20.19.0 - x64 from https://github.com/actions/node-versions/releases/download/20.19.0-13838090974/node-20.19.0-linux-x64.tar.gz
2025-08-16T23:26:31.0320569Z Extracting ...
2025-08-16T23:26:31.0425953Z [command]/usr/bin/tar xz --strip 1 --warning=no-unknown-keyword --overwrite -C /home/runner/work/_temp/7c0ba15f-8d0c-4d9e-83b6-53478d88580d -f /home/runner/work/_temp/885037b0-2b59-4e5f-af3c-3e6aa0988992
2025-08-16T23:26:32.0373729Z Adding to the cache ...
2025-08-16T23:26:33.7229021Z ##[group]Environment details
2025-08-16T23:26:34.0642597Z node: v20.19.0
2025-08-16T23:26:34.0643089Z npm: 10.8.2
2025-08-16T23:26:34.0643417Z yarn: 1.22.22
2025-08-16T23:26:34.0646277Z ##[endgroup]
2025-08-16T23:26:34.0789400Z ##[group]Run npm ci
2025-08-16T23:26:34.0789643Z [36;1mnpm ci[0m
2025-08-16T23:26:34.0830835Z shell: /usr/bin/bash -e {0}
2025-08-16T23:26:34.0831071Z env:
2025-08-16T23:26:34.0831435Z   PG_USER: postgres
2025-08-16T23:26:34.0831643Z   PG_PASSWORD: pass
2025-08-16T23:26:34.0831827Z   PG_DATABASE: awa
2025-08-16T23:26:34.0832017Z   PG_HOST: localhost
2025-08-16T23:26:34.0832212Z   PG_PORT: 5432
2025-08-16T23:26:34.0832664Z   PG_SYNC_DSN: ***localhost:5432/awa
2025-08-16T23:26:34.0833084Z   PG_ASYNC_DSN: ***localhost:5432/awa
2025-08-16T23:26:34.0833477Z   DATABASE_URL: ***localhost:5432/awa
2025-08-16T23:26:34.0833722Z   DATA_DIR: /tmp/awa-data
2025-08-16T23:26:34.0833935Z   ENABLE_LIVE: 0
2025-08-16T23:26:34.0834118Z   TESTING: 1
2025-08-16T23:26:34.0834367Z   pythonLocation: /opt/hostedtoolcache/Python/3.12.11/x64
2025-08-16T23:26:34.0834764Z   PKG_CONFIG_PATH: /opt/hostedtoolcache/Python/3.12.11/x64/lib/pkgconfig
2025-08-16T23:26:34.0835208Z   Python_ROOT_DIR: /opt/hostedtoolcache/Python/3.12.11/x64
2025-08-16T23:26:34.0835565Z   Python2_ROOT_DIR: /opt/hostedtoolcache/Python/3.12.11/x64
2025-08-16T23:26:34.0835917Z   Python3_ROOT_DIR: /opt/hostedtoolcache/Python/3.12.11/x64
2025-08-16T23:26:34.0836280Z   LD_LIBRARY_PATH: /opt/hostedtoolcache/Python/3.12.11/x64/lib
2025-08-16T23:26:34.0836579Z ##[endgroup]
2025-08-16T23:26:37.2361806Z npm warn deprecated node-domexception@1.0.0: Use your platform's native DOMException instead
2025-08-16T23:26:40.8821416Z 
2025-08-16T23:26:40.8822584Z added 432 packages, and audited 433 packages in 7s
2025-08-16T23:26:40.8823414Z 
2025-08-16T23:26:40.8823944Z 112 packages are looking for funding
2025-08-16T23:26:40.8824746Z   run `npm fund` for details
2025-08-16T23:26:40.8844568Z 
2025-08-16T23:26:40.8845198Z 2 vulnerabilities (1 low, 1 critical)
2025-08-16T23:26:40.8845862Z 
2025-08-16T23:26:40.8846486Z To address all issues, run:
2025-08-16T23:26:40.8847320Z   npm audit fix
2025-08-16T23:26:40.8855101Z 
2025-08-16T23:26:40.8855574Z Run `npm audit` for details.
2025-08-16T23:26:40.9185453Z ##[group]Run npm run build --if-present
2025-08-16T23:26:40.9185962Z [36;1mnpm run build --if-present[0m
2025-08-16T23:26:40.9239896Z shell: /usr/bin/bash -e {0}
2025-08-16T23:26:40.9240283Z env:
2025-08-16T23:26:40.9240563Z   PG_USER: postgres
2025-08-16T23:26:40.9240882Z   PG_PASSWORD: pass
2025-08-16T23:26:40.9241185Z   PG_DATABASE: awa
2025-08-16T23:26:40.9241491Z   PG_HOST: localhost
2025-08-16T23:26:40.9241806Z   PG_PORT: 5432
2025-08-16T23:26:40.9242486Z   PG_SYNC_DSN: ***localhost:5432/awa
2025-08-16T23:26:40.9243176Z   PG_ASYNC_DSN: ***localhost:5432/awa
2025-08-16T23:26:40.9243820Z   DATABASE_URL: ***localhost:5432/awa
2025-08-16T23:26:40.9244220Z   DATA_DIR: /tmp/awa-data
2025-08-16T23:26:40.9244562Z   ENABLE_LIVE: 0
2025-08-16T23:26:40.9244854Z   TESTING: 1
2025-08-16T23:26:40.9245247Z   pythonLocation: /opt/hostedtoolcache/Python/3.12.11/x64
2025-08-16T23:26:40.9245915Z   PKG_CONFIG_PATH: /opt/hostedtoolcache/Python/3.12.11/x64/lib/pkgconfig
2025-08-16T23:26:40.9246624Z   Python_ROOT_DIR: /opt/hostedtoolcache/Python/3.12.11/x64
2025-08-16T23:26:40.9247221Z   Python2_ROOT_DIR: /opt/hostedtoolcache/Python/3.12.11/x64
2025-08-16T23:26:40.9247814Z   Python3_ROOT_DIR: /opt/hostedtoolcache/Python/3.12.11/x64
2025-08-16T23:26:40.9248765Z   LD_LIBRARY_PATH: /opt/hostedtoolcache/Python/3.12.11/x64/lib
2025-08-16T23:26:40.9249267Z ##[endgroup]
2025-08-16T23:26:41.0416631Z 
2025-08-16T23:26:41.0417268Z > web@0.0.0 build
2025-08-16T23:26:41.0417889Z > tsc -b && vite build
2025-08-16T23:26:41.0418345Z 
2025-08-16T23:26:43.8139960Z [36mvite v7.0.4 [32mbuilding for production...[36m[39m
2025-08-16T23:26:44.0040550Z transforming...
2025-08-16T23:26:47.1573121Z [32m✓[39m 687 modules transformed.
2025-08-16T23:26:47.6121863Z rendering chunks...
2025-08-16T23:26:47.6210521Z computing gzip size...
2025-08-16T23:26:47.6392561Z [2mdist/[22m[32mindex.html                 [39m[1m[2m  0.46 kB[22m[1m[22m[2m │ gzip:   0.30 kB[22m
2025-08-16T23:26:47.6393944Z [2mdist/[22m[2massets/[22m[35mindex-5IA1gRGW.css  [39m[1m[2m  0.84 kB[22m[1m[22m[2m │ gzip:   0.45 kB[22m
2025-08-16T23:26:47.6395306Z [2mdist/[22m[2massets/[22m[36mindex-CIqpArhq.js   [39m[1m[33m613.66 kB[39m[22m[2m │ gzip: 193.69 kB[22m
2025-08-16T23:26:47.6396440Z [33m
2025-08-16T23:26:47.6396852Z (!) Some chunks are larger than 500 kB after minification. Consider:
2025-08-16T23:26:47.6397329Z - Using dynamic import() to code-split the application
2025-08-16T23:26:47.6398306Z - Use build.rollupOptions.output.manualChunks to improve chunking: https://rollupjs.org/configuration-options/#output-manualchunks
2025-08-16T23:26:47.6399383Z - Adjust chunk size limit for this warning via build.chunkSizeWarningLimit.[39m
2025-08-16T23:26:47.6400110Z [32m✓ built in 3.80s[39m
2025-08-16T23:26:47.6893630Z ##[group]Run sudo apt-get update
2025-08-16T23:26:47.6894146Z [36;1msudo apt-get update[0m
2025-08-16T23:26:47.6894622Z [36;1msudo apt-get install -y postgresql[0m
2025-08-16T23:26:47.6895458Z [36;1mecho "/usr/lib/postgresql/$(pg_config --version | cut -d' ' -f2 | cut -d'.' -f1,2)/bin" >> $GITHUB_PATH[0m
2025-08-16T23:26:47.6947384Z shell: /usr/bin/bash -e {0}
2025-08-16T23:26:47.6947644Z env:
2025-08-16T23:26:47.6947823Z   PG_USER: postgres
2025-08-16T23:26:47.6948023Z   PG_PASSWORD: pass
2025-08-16T23:26:47.6948430Z   PG_DATABASE: awa
2025-08-16T23:26:47.6948624Z   PG_HOST: localhost
2025-08-16T23:26:47.6948816Z   PG_PORT: 5432
2025-08-16T23:26:47.6949251Z   PG_SYNC_DSN: ***localhost:5432/awa
2025-08-16T23:26:47.6949757Z   PG_ASYNC_DSN: ***localhost:5432/awa
2025-08-16T23:26:47.6950487Z   DATABASE_URL: ***localhost:5432/awa
2025-08-16T23:26:47.6950947Z   DATA_DIR: /tmp/awa-data
2025-08-16T23:26:47.6951191Z   ENABLE_LIVE: 0
2025-08-16T23:26:47.6951379Z   TESTING: 1
2025-08-16T23:26:47.6951679Z   pythonLocation: /opt/hostedtoolcache/Python/3.12.11/x64
2025-08-16T23:26:47.6952106Z   PKG_CONFIG_PATH: /opt/hostedtoolcache/Python/3.12.11/x64/lib/pkgconfig
2025-08-16T23:26:47.6952491Z   Python_ROOT_DIR: /opt/hostedtoolcache/Python/3.12.11/x64
2025-08-16T23:26:47.6952843Z   Python2_ROOT_DIR: /opt/hostedtoolcache/Python/3.12.11/x64
2025-08-16T23:26:47.6953200Z   Python3_ROOT_DIR: /opt/hostedtoolcache/Python/3.12.11/x64
2025-08-16T23:26:47.6953562Z   LD_LIBRARY_PATH: /opt/hostedtoolcache/Python/3.12.11/x64/lib
2025-08-16T23:26:47.6953860Z ##[endgroup]
2025-08-16T23:26:47.7750494Z Get:1 file:/etc/apt/apt-mirrors.txt Mirrorlist [144 B]
2025-08-16T23:26:47.8243571Z Hit:2 http://azure.archive.ubuntu.com/ubuntu noble InRelease
2025-08-16T23:26:47.8289085Z Get:3 http://azure.archive.ubuntu.com/ubuntu noble-updates InRelease [126 kB]
2025-08-16T23:26:47.8323183Z Hit:6 https://packages.microsoft.com/repos/azure-cli noble InRelease
2025-08-16T23:26:47.8351606Z Get:7 https://packages.microsoft.com/ubuntu/24.04/prod noble InRelease [3600 B]
2025-08-16T23:26:47.8390187Z Get:4 http://azure.archive.ubuntu.com/ubuntu noble-backports InRelease [126 kB]
2025-08-16T23:26:47.8397014Z Get:5 http://azure.archive.ubuntu.com/ubuntu noble-security InRelease [126 kB]
2025-08-16T23:26:48.0065782Z Get:8 https://packages.microsoft.com/ubuntu/24.04/prod noble/main arm64 Packages [33.0 kB]
2025-08-16T23:26:48.0192018Z Get:9 https://packages.microsoft.com/ubuntu/24.04/prod noble/main amd64 Packages [47.9 kB]
2025-08-16T23:26:48.0573541Z Get:10 http://azure.archive.ubuntu.com/ubuntu noble-updates/main amd64 Packages [1325 kB]
2025-08-16T23:26:48.0654864Z Get:11 http://azure.archive.ubuntu.com/ubuntu noble-updates/main Translation-en [265 kB]
2025-08-16T23:26:48.0679041Z Get:12 http://azure.archive.ubuntu.com/ubuntu noble-updates/main amd64 Components [175 kB]
2025-08-16T23:26:48.0701469Z Get:13 http://azure.archive.ubuntu.com/ubuntu noble-updates/universe amd64 Packages [1120 kB]
2025-08-16T23:26:48.0772081Z Get:14 http://azure.archive.ubuntu.com/ubuntu noble-updates/universe Translation-en [287 kB]
2025-08-16T23:26:48.0802144Z Get:15 http://azure.archive.ubuntu.com/ubuntu noble-updates/universe amd64 Components [377 kB]
2025-08-16T23:26:48.0844387Z Get:16 http://azure.archive.ubuntu.com/ubuntu noble-updates/restricted amd64 Packages [1672 kB]
2025-08-16T23:26:48.1030540Z Get:17 http://azure.archive.ubuntu.com/ubuntu noble-updates/restricted Translation-en [367 kB]
2025-08-16T23:26:48.1079191Z Get:18 http://azure.archive.ubuntu.com/ubuntu noble-updates/restricted amd64 Components [212 B]
2025-08-16T23:26:48.1089162Z Get:19 http://azure.archive.ubuntu.com/ubuntu noble-updates/multiverse amd64 Components [940 B]
2025-08-16T23:26:48.1683746Z Get:20 http://azure.archive.ubuntu.com/ubuntu noble-backports/main amd64 Components [7084 B]
2025-08-16T23:26:48.1696713Z Get:21 http://azure.archive.ubuntu.com/ubuntu noble-backports/universe amd64 Packages [30.2 kB]
2025-08-16T23:26:48.1710800Z Get:22 http://azure.archive.ubuntu.com/ubuntu noble-backports/universe Translation-en [17.4 kB]
2025-08-16T23:26:48.1721486Z Get:23 http://azure.archive.ubuntu.com/ubuntu noble-backports/universe amd64 Components [19.2 kB]
2025-08-16T23:26:48.1732495Z Get:24 http://azure.archive.ubuntu.com/ubuntu noble-backports/restricted amd64 Components [216 B]
2025-08-16T23:26:48.1742966Z Get:25 http://azure.archive.ubuntu.com/ubuntu noble-backports/multiverse amd64 Components [212 B]
2025-08-16T23:26:48.1905373Z Get:26 http://azure.archive.ubuntu.com/ubuntu noble-security/main amd64 Packages [1060 kB]
2025-08-16T23:26:48.1968773Z Get:27 http://azure.archive.ubuntu.com/ubuntu noble-security/main Translation-en [184 kB]
2025-08-16T23:26:48.1991110Z Get:28 http://azure.archive.ubuntu.com/ubuntu noble-security/main amd64 Components [21.6 kB]
2025-08-16T23:26:48.2003754Z Get:29 http://azure.archive.ubuntu.com/ubuntu noble-security/universe amd64 Packages [879 kB]
2025-08-16T23:26:48.2064739Z Get:30 http://azure.archive.ubuntu.com/ubuntu noble-security/universe Translation-en [194 kB]
2025-08-16T23:26:48.2087126Z Get:31 http://azure.archive.ubuntu.com/ubuntu noble-security/universe amd64 Components [52.3 kB]
2025-08-16T23:26:48.2107099Z Get:32 http://azure.archive.ubuntu.com/ubuntu noble-security/restricted amd64 Packages [1572 kB]
2025-08-16T23:26:48.2197298Z Get:33 http://azure.archive.ubuntu.com/ubuntu noble-security/restricted Translation-en [346 kB]
2025-08-16T23:26:48.2643506Z Get:34 http://azure.archive.ubuntu.com/ubuntu noble-security/restricted amd64 Components [212 B]
2025-08-16T23:26:48.2655120Z Get:35 http://azure.archive.ubuntu.com/ubuntu noble-security/multiverse amd64 Components [208 B]
2025-08-16T23:26:55.3165273Z Fetched 10.4 MB in 1s (7790 kB/s)
2025-08-16T23:26:56.2029532Z Reading package lists...
2025-08-16T23:26:56.2560109Z Reading package lists...
2025-08-16T23:26:56.5036695Z Building dependency tree...
2025-08-16T23:26:56.5044262Z Reading state information...
2025-08-16T23:26:56.7630130Z Suggested packages:
2025-08-16T23:26:56.7630956Z   postgresql-doc
2025-08-16T23:26:56.7974808Z The following NEW packages will be installed:
2025-08-16T23:26:56.7976207Z   postgresql
2025-08-16T23:26:56.8190147Z 0 upgraded, 1 newly installed, 0 to remove and 36 not upgraded.
2025-08-16T23:26:56.8191058Z Need to get 11.6 kB of archives.
2025-08-16T23:26:56.8191606Z After this operation, 17.4 kB of additional disk space will be used.
2025-08-16T23:26:56.8192179Z Get:1 file:/etc/apt/apt-mirrors.txt Mirrorlist [144 B]
2025-08-16T23:26:56.8982248Z Get:2 http://azure.archive.ubuntu.com/ubuntu noble-updates/main amd64 postgresql all 16+257build1.1 [11.6 kB]
2025-08-16T23:26:57.1983552Z Fetched 11.6 kB in 0s (128 kB/s)
2025-08-16T23:26:57.2353956Z Selecting previously unselected package postgresql.
2025-08-16T23:26:57.2694840Z (Reading database ... 
2025-08-16T23:26:57.2695249Z (Reading database ... 5%
2025-08-16T23:26:57.2695518Z (Reading database ... 10%
2025-08-16T23:26:57.2696279Z (Reading database ... 15%
2025-08-16T23:26:57.2697150Z (Reading database ... 20%
2025-08-16T23:26:57.2697611Z (Reading database ... 25%
2025-08-16T23:26:57.2697876Z (Reading database ... 30%
2025-08-16T23:26:57.2699218Z (Reading database ... 35%
2025-08-16T23:26:57.2699689Z (Reading database ... 40%
2025-08-16T23:26:57.2700059Z (Reading database ... 45%
2025-08-16T23:26:57.2700295Z (Reading database ... 50%
2025-08-16T23:26:57.2951886Z (Reading database ... 55%
2025-08-16T23:26:57.3223908Z (Reading database ... 60%
2025-08-16T23:26:57.3534583Z (Reading database ... 65%
2025-08-16T23:26:57.3758695Z (Reading database ... 70%
2025-08-16T23:26:57.4030354Z (Reading database ... 75%
2025-08-16T23:26:57.4273500Z (Reading database ... 80%
2025-08-16T23:26:57.4671630Z (Reading database ... 85%
2025-08-16T23:26:57.5216687Z (Reading database ... 90%
2025-08-16T23:26:57.5509379Z (Reading database ... 95%
2025-08-16T23:26:57.5509766Z (Reading database ... 100%
2025-08-16T23:26:57.5510304Z (Reading database ... 219881 files and directories currently installed.)
2025-08-16T23:26:57.5553634Z Preparing to unpack .../postgresql_16+257build1.1_all.deb ...
2025-08-16T23:26:57.5579252Z Unpacking postgresql (16+257build1.1) ...
2025-08-16T23:26:57.5972454Z Setting up postgresql (16+257build1.1) ...
2025-08-16T23:26:58.2998938Z 
2025-08-16T23:26:58.3000104Z Running kernel seems to be up-to-date.
2025-08-16T23:26:58.3000820Z 
2025-08-16T23:26:58.3001019Z Restarting services...
2025-08-16T23:26:58.3106527Z 
2025-08-16T23:26:58.3107356Z Service restarts being deferred:
2025-08-16T23:26:58.3109647Z  systemctl restart hosted-compute-agent.service
2025-08-16T23:26:58.3110443Z 
2025-08-16T23:26:58.3111303Z No containers need to be restarted.
2025-08-16T23:26:58.3112180Z 
2025-08-16T23:26:58.3112899Z No user sessions are running outdated binaries.
2025-08-16T23:26:58.3113339Z 
2025-08-16T23:26:58.3114187Z No VM guests are running outdated hypervisor (qemu) binaries on this host.
2025-08-16T23:26:59.5638972Z ##[group]Run for i in {1..30}; do pg_isready -h localhost -p 5432 -U postgres -d awa && break; sleep 1; done
2025-08-16T23:26:59.5639778Z [36;1mfor i in {1..30}; do pg_isready -h localhost -p 5432 -U postgres -d awa && break; sleep 1; done[0m
2025-08-16T23:26:59.5680550Z shell: /usr/bin/bash -e {0}
2025-08-16T23:26:59.5680941Z env:
2025-08-16T23:26:59.5681248Z   PG_USER: postgres
2025-08-16T23:26:59.5681603Z   PG_PASSWORD: pass
2025-08-16T23:26:59.5681947Z   PG_DATABASE: awa
2025-08-16T23:26:59.5682281Z   PG_HOST: localhost
2025-08-16T23:26:59.5682649Z   PG_PORT: 5432
2025-08-16T23:26:59.5683365Z   PG_SYNC_DSN: ***localhost:5432/awa
2025-08-16T23:26:59.5684070Z   PG_ASYNC_DSN: ***localhost:5432/awa
2025-08-16T23:26:59.5684778Z   DATABASE_URL: ***localhost:5432/awa
2025-08-16T23:26:59.5685204Z   DATA_DIR: /tmp/awa-data
2025-08-16T23:26:59.5685560Z   ENABLE_LIVE: 0
2025-08-16T23:26:59.5685872Z   TESTING: 1
2025-08-16T23:26:59.5686343Z   pythonLocation: /opt/hostedtoolcache/Python/3.12.11/x64
2025-08-16T23:26:59.5687048Z   PKG_CONFIG_PATH: /opt/hostedtoolcache/Python/3.12.11/x64/lib/pkgconfig
2025-08-16T23:26:59.5687774Z   Python_ROOT_DIR: /opt/hostedtoolcache/Python/3.12.11/x64
2025-08-16T23:26:59.5688809Z   Python2_ROOT_DIR: /opt/hostedtoolcache/Python/3.12.11/x64
2025-08-16T23:26:59.5689469Z   Python3_ROOT_DIR: /opt/hostedtoolcache/Python/3.12.11/x64
2025-08-16T23:26:59.5690102Z   LD_LIBRARY_PATH: /opt/hostedtoolcache/Python/3.12.11/x64/lib
2025-08-16T23:26:59.5690633Z ##[endgroup]
2025-08-16T23:26:59.6628892Z localhost:5432 - accepting connections
2025-08-16T23:26:59.6664092Z ##[group]Run alembic -c services/api/alembic.ini upgrade head
2025-08-16T23:26:59.6664533Z [36;1malembic -c services/api/alembic.ini upgrade head[0m
2025-08-16T23:26:59.6705919Z shell: /usr/bin/bash -e {0}
2025-08-16T23:26:59.6706149Z env:
2025-08-16T23:26:59.6706339Z   PG_USER: postgres
2025-08-16T23:26:59.6706589Z   PG_PASSWORD: pass
2025-08-16T23:26:59.6706777Z   PG_DATABASE: awa
2025-08-16T23:26:59.6706966Z   PG_HOST: localhost
2025-08-16T23:26:59.6707157Z   PG_PORT: 5432
2025-08-16T23:26:59.6707594Z   PG_SYNC_DSN: ***localhost:5432/awa
2025-08-16T23:26:59.6708002Z   PG_ASYNC_DSN: ***localhost:5432/awa
2025-08-16T23:26:59.6708825Z   DATABASE_URL: ***localhost:5432/awa
2025-08-16T23:26:59.6709069Z   DATA_DIR: /tmp/awa-data
2025-08-16T23:26:59.6709277Z   ENABLE_LIVE: 0
2025-08-16T23:26:59.6709453Z   TESTING: 1
2025-08-16T23:26:59.6709694Z   pythonLocation: /opt/hostedtoolcache/Python/3.12.11/x64
2025-08-16T23:26:59.6710128Z   PKG_CONFIG_PATH: /opt/hostedtoolcache/Python/3.12.11/x64/lib/pkgconfig
2025-08-16T23:26:59.6710731Z   Python_ROOT_DIR: /opt/hostedtoolcache/Python/3.12.11/x64
2025-08-16T23:26:59.6711088Z   Python2_ROOT_DIR: /opt/hostedtoolcache/Python/3.12.11/x64
2025-08-16T23:26:59.6711444Z   Python3_ROOT_DIR: /opt/hostedtoolcache/Python/3.12.11/x64
2025-08-16T23:26:59.6711803Z   LD_LIBRARY_PATH: /opt/hostedtoolcache/Python/3.12.11/x64/lib
2025-08-16T23:26:59.6712106Z   POSTGRES_USER: postgres
2025-08-16T23:26:59.6712322Z   POSTGRES_PASSWORD: pass
2025-08-16T23:26:59.6712523Z   POSTGRES_DB: awa
2025-08-16T23:26:59.6712708Z ##[endgroup]
2025-08-16T23:27:01.0015893Z INFO  [alembic.runtime.migration] Context impl PostgresqlImpl.
2025-08-16T23:27:01.0016857Z INFO  [alembic.runtime.migration] Will assume transactional DDL.
2025-08-16T23:27:01.0192814Z INFO  [alembic.runtime.migration] Running upgrade  -> 0001_baseline
2025-08-16T23:27:01.0372127Z INFO  [alembic.runtime.migration] Running upgrade 0001_baseline -> 0002_create_roi_view
2025-08-16T23:27:01.0399636Z INFO  [alembic.runtime.migration] Running upgrade 0002_create_roi_view -> 3e9d5c5aff2c
2025-08-16T23:27:01.0576240Z INFO  [alembic.runtime.migration] Running upgrade 3e9d5c5aff2c -> 0003_vendor_prices
2025-08-16T23:27:01.0781486Z INFO  [alembic.runtime.migration] Running upgrade 0003_vendor_prices -> 0004_fee_cron
2025-08-16T23:27:01.0857147Z INFO  [alembic.runtime.migration] Running upgrade 0004_fee_cron -> 0006_fix_roi_views
2025-08-16T23:27:01.0889025Z INFO  [alembic.runtime.migration] Running upgrade 0006_fix_roi_views -> 0020_unified_schema
2025-08-16T23:27:01.1016094Z INFO  [alembic.runtime.migration] Running upgrade 0020_unified_schema -> 0022_fix_roi_view
2025-08-16T23:27:01.1092446Z INFO  [alembic.runtime.migration] Running upgrade 0022_fix_roi_view -> 0023_add_storage_fee
2025-08-16T23:27:01.1131367Z INFO  [alembic.runtime.migration] Running upgrade 0023_add_storage_fee -> 0024_create_buybox
2025-08-16T23:27:01.2021100Z ##[group]Run pytest -q --cov=services
2025-08-16T23:27:01.2021416Z [36;1mpytest -q --cov=services[0m
2025-08-16T23:27:01.2062095Z shell: /usr/bin/bash -e {0}
2025-08-16T23:27:01.2062322Z env:
2025-08-16T23:27:01.2062496Z   PG_USER: postgres
2025-08-16T23:27:01.2062687Z   PG_PASSWORD: pass
2025-08-16T23:27:01.2062870Z   PG_DATABASE: awa
2025-08-16T23:27:01.2063050Z   PG_HOST: localhost
2025-08-16T23:27:01.2063237Z   PG_PORT: 5432
2025-08-16T23:27:01.2063657Z   PG_SYNC_DSN: ***localhost:5432/awa
2025-08-16T23:27:01.2064048Z   PG_ASYNC_DSN: ***localhost:5432/awa
2025-08-16T23:27:01.2064474Z   DATABASE_URL: ***localhost:5432/awa
2025-08-16T23:27:01.2064745Z   DATA_DIR: /home/runner/work/_temp/awa-data
2025-08-16T23:27:01.2064992Z   ENABLE_LIVE: 0
2025-08-16T23:27:01.2065168Z   TESTING: 1
2025-08-16T23:27:01.2065402Z   pythonLocation: /opt/hostedtoolcache/Python/3.12.11/x64
2025-08-16T23:27:01.2065792Z   PKG_CONFIG_PATH: /opt/hostedtoolcache/Python/3.12.11/x64/lib/pkgconfig
2025-08-16T23:27:01.2066208Z   Python_ROOT_DIR: /opt/hostedtoolcache/Python/3.12.11/x64
2025-08-16T23:27:01.2066549Z   Python2_ROOT_DIR: /opt/hostedtoolcache/Python/3.12.11/x64
2025-08-16T23:27:01.2066906Z   Python3_ROOT_DIR: /opt/hostedtoolcache/Python/3.12.11/x64
2025-08-16T23:27:01.2067254Z   LD_LIBRARY_PATH: /opt/hostedtoolcache/Python/3.12.11/x64/lib
2025-08-16T23:27:01.2067572Z   POSTGRES_USER: postgres
2025-08-16T23:27:01.2067788Z   POSTGRES_PASSWORD: pass
2025-08-16T23:27:01.2067990Z   POSTGRES_DB: awa
2025-08-16T23:27:01.2068354Z   LLM_PROVIDER: lan
2025-08-16T23:27:01.2068570Z   LLM_BASE_URL: http://localhost:8000
2025-08-16T23:27:01.2068809Z ##[endgroup]
2025-08-16T23:27:27.1080768Z .....s.................................................................. [ 58%]
2025-08-16T23:27:58.4625732Z ...................................................                      [100%]
2025-08-16T23:27:58.4626574Z =============================== warnings summary ===============================
2025-08-16T23:27:58.4627359Z services/alert_bot/tests/test_smoke.py:5
2025-08-16T23:27:58.4630230Z   /home/runner/work/AWA-App/AWA-App/services/alert_bot/tests/test_smoke.py:5: UserWarning: pkg_resources is deprecated as an API. See https://setuptools.pypa.io/en/latest/pkg_resources.html. The pkg_resources package is slated for removal as early as 2025-11-30. Refrain from using this package or pin to Setuptools<81.
2025-08-16T23:27:58.4632374Z     import pkg_resources  # noqa: F401
2025-08-16T23:27:58.4632564Z 
2025-08-16T23:27:58.4632768Z tests/test_api_fast.py::test_health_endpoint
2025-08-16T23:27:58.4633921Z   /home/runner/work/AWA-App/AWA-App/tests/test_api_fast.py:13: DeprecationWarning: datetime.datetime.utcnow() is deprecated and scheduled for removal in a future version. Use timezone-aware objects to represent datetimes in UTC: datetime.datetime.now(datetime.UTC).
2025-08-16T23:27:58.4634978Z     return datetime.datetime.utcnow()
2025-08-16T23:27:58.4635170Z 
2025-08-16T23:27:58.4635306Z tests/test_api_fast.py: 1 warning
2025-08-16T23:27:58.4635627Z tests/test_health.py: 5 warnings
2025-08-16T23:27:58.4635910Z tests/test_smoke.py: 5 warnings
2025-08-16T23:27:58.4636223Z services/api/tests/test_health.py: 1 warning
2025-08-16T23:27:58.4637413Z   /home/runner/work/AWA-App/AWA-App/services/api/routes/health.py:24: DeprecationWarning: datetime.datetime.utcnow() is deprecated and scheduled for removal in a future version. Use timezone-aware objects to represent datetimes in UTC: datetime.datetime.now(datetime.UTC).
2025-08-16T23:27:58.4638740Z     app_now = datetime.utcnow().replace(tzinfo=timezone.utc)
2025-08-16T23:27:58.4638966Z 
2025-08-16T23:27:58.4639108Z tests/test_health.py::test_health[0]
2025-08-16T23:27:58.4639405Z tests/test_health.py::test_health[1]
2025-08-16T23:27:58.4639692Z tests/test_health.py::test_health[2]
2025-08-16T23:27:58.4639973Z tests/test_health.py::test_health[3]
2025-08-16T23:27:58.4640244Z tests/test_health.py::test_health[4]
2025-08-16T23:27:58.4641516Z   /home/runner/work/AWA-App/AWA-App/tests/test_health.py:22: DeprecationWarning: datetime.datetime.utcnow() is deprecated and scheduled for removal in a future version. Use timezone-aware objects to represent datetimes in UTC: datetime.datetime.now(datetime.UTC).
2025-08-16T23:27:58.4642543Z     return datetime.datetime.utcnow()
2025-08-16T23:27:58.4642723Z 
2025-08-16T23:27:58.4642864Z tests/test_smoke.py::test_health[0]
2025-08-16T23:27:58.4643152Z tests/test_smoke.py::test_health[1]
2025-08-16T23:27:58.4643427Z tests/test_smoke.py::test_health[2]
2025-08-16T23:27:58.4643700Z tests/test_smoke.py::test_health[3]
2025-08-16T23:27:58.4643972Z tests/test_smoke.py::test_health[4]
2025-08-16T23:27:58.4645075Z   /home/runner/work/AWA-App/AWA-App/tests/test_smoke.py:32: DeprecationWarning: datetime.datetime.utcnow() is deprecated and scheduled for removal in a future version. Use timezone-aware objects to represent datetimes in UTC: datetime.datetime.now(datetime.UTC).
2025-08-16T23:27:58.4646050Z     return datetime.datetime.utcnow()
2025-08-16T23:27:58.4646224Z 
2025-08-16T23:27:58.4646424Z services/api/tests/test_health.py::test_health_route
2025-08-16T23:27:58.4647599Z   /home/runner/work/AWA-App/AWA-App/services/api/tests/test_health.py:14: DeprecationWarning: datetime.datetime.utcnow() is deprecated and scheduled for removal in a future version. Use timezone-aware objects to represent datetimes in UTC: datetime.datetime.now(datetime.UTC).
2025-08-16T23:27:58.4648994Z     return datetime.datetime.utcnow()
2025-08-16T23:27:58.4649175Z 
2025-08-16T23:27:58.4649442Z -- Docs: https://docs.pytest.org/en/stable/how-to/capture-warnings.html
2025-08-16T23:27:58.4649910Z ================================ tests coverage ================================
2025-08-16T23:27:58.4650368Z _______________ coverage: platform linux, python 3.12.11-final-0 _______________
2025-08-16T23:27:58.4650626Z 
2025-08-16T23:27:58.4650772Z Coverage XML written to file coverage.xml
2025-08-16T23:27:58.4651167Z Required test coverage of 45% reached. Total coverage: 58.64%
2025-08-16T23:27:58.8833859Z ##[group]Run echo "::group::postgres container logs"
2025-08-16T23:27:58.8834270Z [36;1mecho "::group::postgres container logs"[0m
2025-08-16T23:27:58.8834924Z [36;1mdocker logs f94f50611834e2f6d5380e17930a73e777091a32c868f855820f50162f6efef1 --tail 200[0m
2025-08-16T23:27:58.8835358Z [36;1mecho "::endgroup::"[0m
2025-08-16T23:27:58.8876632Z shell: /usr/bin/bash -e {0}
2025-08-16T23:27:58.8876872Z env:
2025-08-16T23:27:58.8877049Z   PG_USER: postgres
2025-08-16T23:27:58.8877248Z   PG_PASSWORD: pass
2025-08-16T23:27:58.8877434Z   PG_DATABASE: awa
2025-08-16T23:27:58.8877616Z   PG_HOST: localhost
2025-08-16T23:27:58.8877803Z   PG_PORT: 5432
2025-08-16T23:27:58.8878447Z   PG_SYNC_DSN: ***localhost:5432/awa
2025-08-16T23:27:58.8878875Z   PG_ASYNC_DSN: ***localhost:5432/awa
2025-08-16T23:27:58.8879260Z   DATABASE_URL: ***localhost:5432/awa
2025-08-16T23:27:58.8879499Z   DATA_DIR: /tmp/awa-data
2025-08-16T23:27:58.8879702Z   ENABLE_LIVE: 0
2025-08-16T23:27:58.8879924Z   TESTING: 1
2025-08-16T23:27:58.8880166Z   pythonLocation: /opt/hostedtoolcache/Python/3.12.11/x64
2025-08-16T23:27:58.8880555Z   PKG_CONFIG_PATH: /opt/hostedtoolcache/Python/3.12.11/x64/lib/pkgconfig
2025-08-16T23:27:58.8880951Z   Python_ROOT_DIR: /opt/hostedtoolcache/Python/3.12.11/x64
2025-08-16T23:27:58.8881297Z   Python2_ROOT_DIR: /opt/hostedtoolcache/Python/3.12.11/x64
2025-08-16T23:27:58.8881645Z   Python3_ROOT_DIR: /opt/hostedtoolcache/Python/3.12.11/x64
2025-08-16T23:27:58.8881997Z   LD_LIBRARY_PATH: /opt/hostedtoolcache/Python/3.12.11/x64/lib
2025-08-16T23:27:58.8882290Z ##[endgroup]
2025-08-16T23:27:58.8948575Z ##[group]postgres container logs
2025-08-16T23:27:58.9080812Z initdb: warning: enabling "trust" authentication for local connections
2025-08-16T23:27:58.9081903Z The files belonging to this database system will be owned by user "postgres".
2025-08-16T23:27:58.9082697Z This user must also own the server process.
2025-08-16T23:27:58.9083045Z 
2025-08-16T23:27:58.9083508Z The database cluster will be initialized with locale "en_US.utf8".
2025-08-16T23:27:58.9084366Z The default database encoding has accordingly been set to "UTF8".
2025-08-16T23:27:58.9085202Z The default text search configuration will be set to "english".
2025-08-16T23:27:58.9085692Z 
2025-08-16T23:27:58.9085937Z Data page checksums are disabled.
2025-08-16T23:27:58.9086241Z 
2025-08-16T23:27:58.9086725Z fixing permissions on existing directory /var/lib/postgresql/data ... ok
2025-08-16T23:27:58.9087424Z creating subdirectories ... ok
2025-08-16T23:27:58.9088063Z selecting dynamic shared memory implementation ... posix
2025-08-16T23:27:58.9089031Z selecting default max_connections ... 100
2025-08-16T23:27:58.9089604Z selecting default shared_buffers ... 128MB
2025-08-16T23:27:58.9090157Z selecting default time zone ... Etc/UTC
2025-08-16T23:27:58.9090679Z creating configuration files ... ok
2025-08-16T23:27:58.9091186Z running bootstrap script ... ok
2025-08-16T23:27:58.9091750Z performing post-bootstrap initialization ... ok
2025-08-16T23:27:58.9092281Z syncing data to disk ... ok
2025-08-16T23:27:58.9092529Z 
2025-08-16T23:27:58.9092539Z 
2025-08-16T23:27:58.9092867Z Success. You can now start the database server using:
2025-08-16T23:27:58.9093230Z 
2025-08-16T23:27:58.9093481Z     pg_ctl -D /var/lib/postgresql/data -l logfile start
2025-08-16T23:27:58.9093810Z 
2025-08-16T23:27:58.9094957Z waiting for server to start....2025-08-16 23:25:32.383 UTC [48] LOG:  starting PostgreSQL 15.14 (Debian 15.14-1.pgdg13+1) on x86_64-pc-linux-gnu, compiled by gcc (Debian 14.2.0-19) 14.2.0, 64-bit
2025-08-16T23:27:58.9096445Z 2025-08-16 23:25:32.383 UTC [48] LOG:  listening on Unix socket "/var/run/postgresql/.s.PGSQL.5432"
2025-08-16T23:27:58.9097456Z 2025-08-16 23:25:32.386 UTC [51] LOG:  database system was shut down at 2025-08-16 23:25:32 UTC
2025-08-16T23:27:58.9098553Z 2025-08-16 23:25:32.390 UTC [48] LOG:  database system is ready to accept connections
2025-08-16T23:27:58.9099140Z  done
2025-08-16T23:27:58.9099430Z server started
2025-08-16T23:27:58.9101025Z initdb: hint: You can change this by editing pg_hba.conf or using the option -A, or --auth-local and --auth-host, the next time you run initdb.
2025-08-16T23:27:58.9102949Z 2025-08-16 23:25:32.692 UTC [1] LOG:  starting PostgreSQL 15.14 (Debian 15.14-1.pgdg13+1) on x86_64-pc-linux-gnu, compiled by gcc (Debian 14.2.0-19) 14.2.0, 64-bit
2025-08-16T23:27:58.9104171Z 2025-08-16 23:25:32.692 UTC [1] LOG:  listening on IPv4 address "0.0.0.0", port 5432
2025-08-16T23:27:58.9105084Z 2025-08-16 23:25:32.692 UTC [1] LOG:  listening on IPv6 address "::", port 5432
2025-08-16T23:27:58.9106067Z 2025-08-16 23:25:32.694 UTC [1] LOG:  listening on Unix socket "/var/run/postgresql/.s.PGSQL.5432"
2025-08-16T23:27:58.9107293Z 2025-08-16 23:25:32.697 UTC [64] LOG:  database system was shut down at 2025-08-16 23:25:32 UTC
2025-08-16T23:27:58.9108475Z 2025-08-16 23:25:32.701 UTC [1] LOG:  database system is ready to accept connections
2025-08-16T23:27:58.9109101Z CREATE DATABASE
2025-08-16T23:27:58.9109298Z 
2025-08-16T23:27:58.9109319Z 
2025-08-16T23:27:58.9109691Z /usr/local/bin/docker-entrypoint.sh: ignoring /docker-entrypoint-initdb.d/*
2025-08-16T23:27:58.9110028Z 
2025-08-16T23:27:58.9110281Z 2025-08-16 23:25:32.571 UTC [48] LOG:  received fast shutdown request
2025-08-16T23:27:58.9110875Z waiting for server to shut down....2025-08-16 23:25:32.573 UTC [48] LOG:  aborting any active transactions
2025-08-16T23:27:58.9111612Z 2025-08-16 23:25:32.575 UTC [48] LOG:  background worker "logical replication launcher" (PID 54) exited with exit code 1
2025-08-16T23:27:58.9112166Z 2025-08-16 23:25:32.575 UTC [49] LOG:  shutting down
2025-08-16T23:27:58.9112632Z 2025-08-16 23:25:32.576 UTC [49] LOG:  checkpoint starting: shutdown immediate
2025-08-16T23:27:58.9113746Z 2025-08-16 23:25:32.594 UTC [49] LOG:  checkpoint complete: wrote 922 buffers (5.6%); 0 WAL file(s) added, 0 removed, 0 recycled; write=0.015 s, sync=0.002 s, total=0.020 s; sync files=301, longest=0.001 s, average=0.001 s; distance=4239 kB, estimate=4239 kB
2025-08-16T23:27:58.9114758Z 2025-08-16 23:25:32.601 UTC [48] LOG:  database system is shut down
2025-08-16T23:27:58.9115095Z  done
2025-08-16T23:27:58.9115268Z server stopped
2025-08-16T23:27:58.9115391Z 
2025-08-16T23:27:58.9115588Z PostgreSQL init process complete; ready for start up.
2025-08-16T23:27:58.9115803Z 
2025-08-16T23:27:58.9116134Z ##[endgroup]
2025-08-16T23:27:58.9165380Z Post job cleanup.
2025-08-16T23:27:59.1326032Z Post job cleanup.
2025-08-16T23:27:59.2644362Z Cache hit occurred on the primary key Linux-test-dee7c0c28332ec2ebb5d2650fb0d2cfddf025b3b0e96b0c826645ad2cb717961, not saving cache.
2025-08-16T23:27:59.2731978Z Post job cleanup.
2025-08-16T23:27:59.4230047Z Cache hit occurred on the primary key setup-python-Linux-x64-24.04-Ubuntu-python-3.12.11-pip-be31af00322339d68f50246922f2db2622878991132419b45e9be30d325a52f1, not saving cache.
2025-08-16T23:27:59.4344173Z Post job cleanup.
2025-08-16T23:27:59.5302917Z [command]/usr/bin/git version
2025-08-16T23:27:59.5344471Z git version 2.50.1
2025-08-16T23:27:59.5390253Z Temporarily overriding HOME='/home/runner/work/_temp/18893f94-6df4-4f44-9128-13ed5ea3943b' before making global git config changes
2025-08-16T23:27:59.5391777Z Adding repository directory to the temporary git global config as a safe directory
2025-08-16T23:27:59.5405386Z [command]/usr/bin/git config --global --add safe.directory /home/runner/work/AWA-App/AWA-App
2025-08-16T23:27:59.5444997Z [command]/usr/bin/git config --local --name-only --get-regexp core\.sshCommand
2025-08-16T23:27:59.5481168Z [command]/usr/bin/git submodule foreach --recursive sh -c "git config --local --name-only --get-regexp 'core\.sshCommand' && git config --local --unset-all 'core.sshCommand' || :"
2025-08-16T23:27:59.5739677Z [command]/usr/bin/git config --local --name-only --get-regexp http\.https\:\/\/github\.com\/\.extraheader
2025-08-16T23:27:59.5764589Z http.https://github.com/.extraheader
2025-08-16T23:27:59.5777383Z [command]/usr/bin/git config --local --unset-all http.https://github.com/.extraheader
2025-08-16T23:27:59.5809438Z [command]/usr/bin/git submodule foreach --recursive sh -c "git config --local --name-only --get-regexp 'http\.https\:\/\/github\.com\/\.extraheader' && git config --local --unset-all 'http.https://github.com/.extraheader' || :"
2025-08-16T23:27:59.6125369Z Print service container logs: 7da3c80d213c424caa56cc7061c1ac9e_postgres15_45d1ac
2025-08-16T23:27:59.6130225Z ##[command]/usr/bin/docker logs --details f94f50611834e2f6d5380e17930a73e777091a32c868f855820f50162f6efef1
2025-08-16T23:27:59.6250017Z  The files belonging to this database system will be owned by user "postgres".
2025-08-16T23:27:59.6253299Z  initdb: warning: enabling "trust" authentication for local connections
2025-08-16T23:27:59.6254240Z  initdb: hint: You can change this by editing pg_hba.conf or using the option -A, or --auth-local and --auth-host, the next time you run initdb.
2025-08-16T23:27:59.6255082Z  2025-08-16 23:25:32.692 UTC [1] LOG:  starting PostgreSQL 15.14 (Debian 15.14-1.pgdg13+1) on x86_64-pc-linux-gnu, compiled by gcc (Debian 14.2.0-19) 14.2.0, 64-bit
2025-08-16T23:27:59.6255700Z  2025-08-16 23:25:32.692 UTC [1] LOG:  listening on IPv4 address "0.0.0.0", port 5432
2025-08-16T23:27:59.6256168Z  2025-08-16 23:25:32.692 UTC [1] LOG:  listening on IPv6 address "::", port 5432
2025-08-16T23:27:59.6256619Z  2025-08-16 23:25:32.694 UTC [1] LOG:  listening on Unix socket "/var/run/postgresql/.s.PGSQL.5432"
2025-08-16T23:27:59.6257106Z  2025-08-16 23:25:32.697 UTC [64] LOG:  database system was shut down at 2025-08-16 23:25:32 UTC
2025-08-16T23:27:59.6257548Z  2025-08-16 23:25:32.701 UTC [1] LOG:  database system is ready to accept connections
2025-08-16T23:27:59.6257918Z  This user must also own the server process.
2025-08-16T23:27:59.6258434Z  
2025-08-16T23:27:59.6258703Z  The database cluster will be initialized with locale "en_US.utf8".
2025-08-16T23:27:59.6259108Z  The default database encoding has accordingly been set to "UTF8".
2025-08-16T23:27:59.6259498Z  The default text search configuration will be set to "english".
2025-08-16T23:27:59.6259792Z  
2025-08-16T23:27:59.6259963Z  Data page checksums are disabled.
2025-08-16T23:27:59.6260184Z  
2025-08-16T23:27:59.6260464Z  fixing permissions on existing directory /var/lib/postgresql/data ... ok
2025-08-16T23:27:59.6260829Z  creating subdirectories ... ok
2025-08-16T23:27:59.6261123Z  selecting dynamic shared memory implementation ... posix
2025-08-16T23:27:59.6261440Z  selecting default max_connections ... 100
2025-08-16T23:27:59.6261707Z  selecting default shared_buffers ... 128MB
2025-08-16T23:27:59.6261966Z  selecting default time zone ... Etc/UTC
2025-08-16T23:27:59.6262220Z  creating configuration files ... ok
2025-08-16T23:27:59.6262468Z  running bootstrap script ... ok
2025-08-16T23:27:59.6262744Z  performing post-bootstrap initialization ... ok
2025-08-16T23:27:59.6263023Z  syncing data to disk ... ok
2025-08-16T23:27:59.6263228Z  
2025-08-16T23:27:59.6263373Z  
2025-08-16T23:27:59.6263579Z  Success. You can now start the database server using:
2025-08-16T23:27:59.6263842Z  
2025-08-16T23:27:59.6264049Z      pg_ctl -D /var/lib/postgresql/data -l logfile start
2025-08-16T23:27:59.6264331Z  
2025-08-16T23:27:59.6264924Z  waiting for server to start....2025-08-16 23:25:32.383 UTC [48] LOG:  starting PostgreSQL 15.14 (Debian 15.14-1.pgdg13+1) on x86_64-pc-linux-gnu, compiled by gcc (Debian 14.2.0-19) 14.2.0, 64-bit
2025-08-16T23:27:59.6266207Z  2025-08-16 23:25:32.383 UTC [48] LOG:  listening on Unix socket "/var/run/postgresql/.s.PGSQL.5432"
2025-08-16T23:27:59.6267049Z  2025-08-16 23:25:32.386 UTC [51] LOG:  database system was shut down at 2025-08-16 23:25:32 UTC
2025-08-16T23:27:59.6267518Z  2025-08-16 23:25:32.390 UTC [48] LOG:  database system is ready to accept connections
2025-08-16T23:27:59.6267842Z   done
2025-08-16T23:27:59.6268006Z  server started
2025-08-16T23:27:59.6268360Z  CREATE DATABASE
2025-08-16T23:27:59.6268613Z  
2025-08-16T23:27:59.6268758Z  
2025-08-16T23:27:59.6269057Z  /usr/local/bin/docker-entrypoint.sh: ignoring /docker-entrypoint-initdb.d/*
2025-08-16T23:27:59.6269425Z  
2025-08-16T23:27:59.6269653Z  2025-08-16 23:25:32.571 UTC [48] LOG:  received fast shutdown request
2025-08-16T23:27:59.6271148Z  waiting for server to shut down....2025-08-16 23:25:32.573 UTC [48] LOG:  aborting any active transactions
2025-08-16T23:27:59.6272217Z  2025-08-16 23:25:32.575 UTC [48] LOG:  background worker "logical replication launcher" (PID 54) exited with exit code 1
2025-08-16T23:27:59.6273032Z  2025-08-16 23:25:32.575 UTC [49] LOG:  shutting down
2025-08-16T23:27:59.6273494Z  2025-08-16 23:25:32.576 UTC [49] LOG:  checkpoint starting: shutdown immediate
2025-08-16T23:27:59.6274309Z  2025-08-16 23:25:32.594 UTC [49] LOG:  checkpoint complete: wrote 922 buffers (5.6%); 0 WAL file(s) added, 0 removed, 0 recycled; write=0.015 s, sync=0.002 s, total=0.020 s; sync files=301, longest=0.001 s, average=0.001 s; distance=4239 kB, estimate=4239 kB
2025-08-16T23:27:59.6275116Z  2025-08-16 23:25:32.601 UTC [48] LOG:  database system is shut down
2025-08-16T23:27:59.6275399Z   done
2025-08-16T23:27:59.6275659Z  server stopped
2025-08-16T23:27:59.6275937Z  
2025-08-16T23:27:59.6276289Z  PostgreSQL init process complete; ready for start up.
2025-08-16T23:27:59.6276672Z  
2025-08-16T23:27:59.6284105Z Stop and remove container: 7da3c80d213c424caa56cc7061c1ac9e_postgres15_45d1ac
2025-08-16T23:27:59.6290048Z ##[command]/usr/bin/docker rm --force f94f50611834e2f6d5380e17930a73e777091a32c868f855820f50162f6efef1
2025-08-16T23:27:59.7500667Z f94f50611834e2f6d5380e17930a73e777091a32c868f855820f50162f6efef1
2025-08-16T23:27:59.7530582Z Remove container network: github_network_af19004734da426c94550341eac5b6da
2025-08-16T23:27:59.7534913Z ##[command]/usr/bin/docker network rm github_network_af19004734da426c94550341eac5b6da
2025-08-16T23:27:59.8674740Z github_network_af19004734da426c94550341eac5b6da
2025-08-16T23:27:59.8733032Z Cleaning up orphan processes
