2025-08-22T20:44:06.7876418Z Current runner version: '2.328.0'
2025-08-22T20:44:06.7907688Z ##[group]Runner Image Provisioner
2025-08-22T20:44:06.7908999Z Hosted Compute Agent
2025-08-22T20:44:06.7909993Z Version: 20250821.380
2025-08-22T20:44:06.7911267Z Commit: 438d12cb4fe092871db9867344e3bc0bc5319035
2025-08-22T20:44:06.7912493Z Build Date: 2025-08-21T20:49:43Z
2025-08-22T20:44:06.7913450Z ##[endgroup]
2025-08-22T20:44:06.7914248Z ##[group]Operating System
2025-08-22T20:44:06.7915291Z Ubuntu
2025-08-22T20:44:06.7916108Z 24.04.2
2025-08-22T20:44:06.7916843Z LTS
2025-08-22T20:44:06.7917363Z ##[endgroup]
2025-08-22T20:44:06.7917980Z ##[group]Runner Image
2025-08-22T20:44:06.7918586Z Image: ubuntu-24.04
2025-08-22T20:44:06.7919036Z Version: 20250818.1.0
2025-08-22T20:44:06.7920103Z Included Software: https://github.com/actions/runner-images/blob/ubuntu24/20250818.1/images/ubuntu/Ubuntu2404-Readme.md
2025-08-22T20:44:06.7921975Z Image Release: https://github.com/actions/runner-images/releases/tag/ubuntu24%2F20250818.1
2025-08-22T20:44:06.7923003Z ##[endgroup]
2025-08-22T20:44:06.7925375Z ##[group]GITHUB_TOKEN Permissions
2025-08-22T20:44:06.7927624Z Actions: write
2025-08-22T20:44:06.7928172Z Attestations: write
2025-08-22T20:44:06.7928650Z Checks: write
2025-08-22T20:44:06.7929230Z Contents: write
2025-08-22T20:44:06.7929726Z Deployments: write
2025-08-22T20:44:06.7930195Z Discussions: write
2025-08-22T20:44:06.7930780Z Issues: write
2025-08-22T20:44:06.7931509Z Metadata: read
2025-08-22T20:44:06.7931989Z Models: read
2025-08-22T20:44:06.7932484Z Packages: write
2025-08-22T20:44:06.7933001Z Pages: write
2025-08-22T20:44:06.7933449Z PullRequests: write
2025-08-22T20:44:06.7934052Z RepositoryProjects: write
2025-08-22T20:44:06.7934622Z SecurityEvents: write
2025-08-22T20:44:06.7935205Z Statuses: write
2025-08-22T20:44:06.7935728Z ##[endgroup]
2025-08-22T20:44:06.7937738Z Secret source: Actions
2025-08-22T20:44:06.7938418Z Prepare workflow directory
2025-08-22T20:44:06.8536129Z Prepare all required actions
2025-08-22T20:44:06.8591111Z Getting action download info
2025-08-22T20:44:07.1630328Z Download action repository 'actions/checkout@v5' (SHA:08c6903cd8c0fde910a37f88322edcfb5dd907a8)
2025-08-22T20:44:07.2384423Z Download action repository 'actions/setup-python@v5' (SHA:a26af69be951a213d495a4c3e4e4022e16d87065)
2025-08-22T20:44:07.3577016Z Download action repository 'actions/cache@v4' (SHA:0400d5f644dc74513175e3cd8d07132dd4860809)
2025-08-22T20:44:07.4543396Z Download action repository 'actions/setup-node@v4' (SHA:49933ea5288caeca8642d1e84afbd3f7d6820020)
2025-08-22T20:44:07.5398088Z Download action repository 'codecov/codecov-action@v5' (SHA:fdcc8476540edceab3de004e990f80d881c6cc00)
2025-08-22T20:44:07.9186917Z Getting action download info
2025-08-22T20:44:08.0304297Z Download action repository 'actions/github-script@60a0d83039c74a4aee543508d2ffcb1c3799cdea' (SHA:60a0d83039c74a4aee543508d2ffcb1c3799cdea)
2025-08-22T20:44:08.3270604Z Complete job name: test
2025-08-22T20:44:08.3950100Z ##[group]Checking docker version
2025-08-22T20:44:08.3963595Z ##[command]/usr/bin/docker version --format '{{.Server.APIVersion}}'
2025-08-22T20:44:08.4808283Z '1.48'
2025-08-22T20:44:08.4822887Z Docker daemon API version: '1.48'
2025-08-22T20:44:08.4824300Z ##[command]/usr/bin/docker version --format '{{.Client.APIVersion}}'
2025-08-22T20:44:08.4987987Z '1.48'
2025-08-22T20:44:08.5002336Z Docker client API version: '1.48'
2025-08-22T20:44:08.5007706Z ##[endgroup]
2025-08-22T20:44:08.5011641Z ##[group]Clean up resources from previous jobs
2025-08-22T20:44:08.5017327Z ##[command]/usr/bin/docker ps --all --quiet --no-trunc --filter "label=f3d829"
2025-08-22T20:44:08.5161270Z ##[command]/usr/bin/docker network prune --force --filter "label=f3d829"
2025-08-22T20:44:08.5295703Z ##[endgroup]
2025-08-22T20:44:08.5296613Z ##[group]Create local container network
2025-08-22T20:44:08.5308145Z ##[command]/usr/bin/docker network create --label f3d829 github_network_78cf6d82d30f4f06b64f7caecceb2867
2025-08-22T20:44:08.5825822Z e9a0692a4eed01c4acc7097006f082ed7e669e96b8f96789bd8143ee83a05513
2025-08-22T20:44:08.5843830Z ##[endgroup]
2025-08-22T20:44:08.5869955Z ##[group]Starting postgres service container
2025-08-22T20:44:08.5890538Z ##[command]/usr/bin/docker pull postgres:15
2025-08-22T20:44:08.8252795Z 15: Pulling from library/postgres
2025-08-22T20:44:08.8853064Z 396b1da7636e: Pulling fs layer
2025-08-22T20:44:08.8855099Z fca2566eba32: Pulling fs layer
2025-08-22T20:44:08.8856854Z 631fe8c6d606: Pulling fs layer
2025-08-22T20:44:08.8858488Z 77c7671c4414: Pulling fs layer
2025-08-22T20:44:08.8859697Z 2d9e29180a27: Pulling fs layer
2025-08-22T20:44:08.8861196Z c6bcc2c9a041: Pulling fs layer
2025-08-22T20:44:08.8862440Z ac4b721eb66f: Pulling fs layer
2025-08-22T20:44:08.8863631Z 606bd164980e: Pulling fs layer
2025-08-22T20:44:08.8864841Z f5dfd246bc6e: Pulling fs layer
2025-08-22T20:44:08.8866036Z ba7036bb0a60: Pulling fs layer
2025-08-22T20:44:08.8867238Z 799f859abbbd: Pulling fs layer
2025-08-22T20:44:08.8868504Z d903e777080c: Pulling fs layer
2025-08-22T20:44:08.8869722Z 04adcb462801: Pulling fs layer
2025-08-22T20:44:08.8871099Z 5c10925b29ff: Pulling fs layer
2025-08-22T20:44:08.8872256Z 606bd164980e: Waiting
2025-08-22T20:44:08.8873323Z f5dfd246bc6e: Waiting
2025-08-22T20:44:08.8874415Z ba7036bb0a60: Waiting
2025-08-22T20:44:08.8875467Z 04adcb462801: Waiting
2025-08-22T20:44:08.8876567Z 799f859abbbd: Waiting
2025-08-22T20:44:08.8877630Z 5c10925b29ff: Waiting
2025-08-22T20:44:08.8878698Z d903e777080c: Waiting
2025-08-22T20:44:08.8879749Z 77c7671c4414: Waiting
2025-08-22T20:44:08.8880798Z 2d9e29180a27: Waiting
2025-08-22T20:44:08.8882110Z c6bcc2c9a041: Waiting
2025-08-22T20:44:08.8883173Z ac4b721eb66f: Waiting
2025-08-22T20:44:09.0201159Z fca2566eba32: Verifying Checksum
2025-08-22T20:44:09.0202920Z fca2566eba32: Download complete
2025-08-22T20:44:09.0495416Z 631fe8c6d606: Verifying Checksum
2025-08-22T20:44:09.0497334Z 631fe8c6d606: Download complete
2025-08-22T20:44:09.1793054Z 77c7671c4414: Verifying Checksum
2025-08-22T20:44:09.1795727Z 77c7671c4414: Download complete
2025-08-22T20:44:09.2975207Z 2d9e29180a27: Verifying Checksum
2025-08-22T20:44:09.2976936Z 2d9e29180a27: Download complete
2025-08-22T20:44:09.3775218Z 396b1da7636e: Download complete
2025-08-22T20:44:09.3843653Z ac4b721eb66f: Verifying Checksum
2025-08-22T20:44:09.3849334Z ac4b721eb66f: Download complete
2025-08-22T20:44:09.4349999Z c6bcc2c9a041: Verifying Checksum
2025-08-22T20:44:09.4352064Z c6bcc2c9a041: Download complete
2025-08-22T20:44:09.4474997Z 606bd164980e: Verifying Checksum
2025-08-22T20:44:09.4479110Z 606bd164980e: Download complete
2025-08-22T20:44:09.5158124Z ba7036bb0a60: Verifying Checksum
2025-08-22T20:44:09.5164128Z ba7036bb0a60: Download complete
2025-08-22T20:44:09.5434698Z 799f859abbbd: Verifying Checksum
2025-08-22T20:44:09.5438854Z 799f859abbbd: Download complete
2025-08-22T20:44:09.6101591Z d903e777080c: Verifying Checksum
2025-08-22T20:44:09.6103398Z d903e777080c: Download complete
2025-08-22T20:44:09.6179930Z 04adcb462801: Verifying Checksum
2025-08-22T20:44:09.6181927Z 04adcb462801: Download complete
2025-08-22T20:44:09.6870277Z 5c10925b29ff: Verifying Checksum
2025-08-22T20:44:09.6872426Z 5c10925b29ff: Download complete
2025-08-22T20:44:10.1293725Z f5dfd246bc6e: Verifying Checksum
2025-08-22T20:44:10.1295200Z f5dfd246bc6e: Download complete
2025-08-22T20:44:10.4564078Z 396b1da7636e: Pull complete
2025-08-22T20:44:10.7488211Z fca2566eba32: Pull complete
2025-08-22T20:44:10.9238748Z 631fe8c6d606: Pull complete
2025-08-22T20:44:10.9662333Z 77c7671c4414: Pull complete
2025-08-22T20:44:11.2691185Z 2d9e29180a27: Pull complete
2025-08-22T20:44:11.3579682Z c6bcc2c9a041: Pull complete
2025-08-22T20:44:11.3678623Z ac4b721eb66f: Pull complete
2025-08-22T20:44:11.3793934Z 606bd164980e: Pull complete
2025-08-22T20:44:14.2886556Z f5dfd246bc6e: Pull complete
2025-08-22T20:44:14.3046977Z ba7036bb0a60: Pull complete
2025-08-22T20:44:14.3185947Z 799f859abbbd: Pull complete
2025-08-22T20:44:14.3308577Z d903e777080c: Pull complete
2025-08-22T20:44:14.3452165Z 04adcb462801: Pull complete
2025-08-22T20:44:14.3571113Z 5c10925b29ff: Pull complete
2025-08-22T20:44:14.3614106Z Digest: sha256:bc51cf4f1fe02cce7ed2370b20128a9b00b4eb804573a77d2a0d877aaa9c82b1
2025-08-22T20:44:14.3627889Z Status: Downloaded newer image for postgres:15
2025-08-22T20:44:14.3639239Z docker.io/library/postgres:15
2025-08-22T20:44:14.3705042Z ##[command]/usr/bin/docker create --name 7b732b4374904622a6626b8eea12b49e_postgres15_9908f2 --label f3d829 --network github_network_78cf6d82d30f4f06b64f7caecceb2867 --network-alias postgres -p 5432:5432 --health-cmd="pg_isready -U postgres -d awa" --health-interval=5s --health-timeout=5s --health-retries=10 -e "POSTGRES_USER=postgres" -e "POSTGRES_PASSWORD=pass" -e "POSTGRES_DB=awa" -e GITHUB_ACTIONS=true -e CI=true postgres:15
2025-08-22T20:44:14.3983361Z 9c5fb27ab1709d0bc0091cb62fed24a6d22ce96d0a55a26bde6e251421f284ea
2025-08-22T20:44:14.4006867Z ##[command]/usr/bin/docker start 9c5fb27ab1709d0bc0091cb62fed24a6d22ce96d0a55a26bde6e251421f284ea
2025-08-22T20:44:14.6050581Z 9c5fb27ab1709d0bc0091cb62fed24a6d22ce96d0a55a26bde6e251421f284ea
2025-08-22T20:44:14.6070365Z ##[command]/usr/bin/docker ps --all --filter id=9c5fb27ab1709d0bc0091cb62fed24a6d22ce96d0a55a26bde6e251421f284ea --filter status=running --no-trunc --format "{{.ID}} {{.Status}}"
2025-08-22T20:44:14.6192790Z 9c5fb27ab1709d0bc0091cb62fed24a6d22ce96d0a55a26bde6e251421f284ea Up Less than a second (health: starting)
2025-08-22T20:44:14.6214268Z ##[command]/usr/bin/docker port 9c5fb27ab1709d0bc0091cb62fed24a6d22ce96d0a55a26bde6e251421f284ea
2025-08-22T20:44:14.6344301Z 5432/tcp -> 0.0.0.0:5432
2025-08-22T20:44:14.6344875Z 5432/tcp -> [::]:5432
2025-08-22T20:44:14.6394482Z ##[endgroup]
2025-08-22T20:44:14.6395360Z ##[group]Starting redis service container
2025-08-22T20:44:14.6396668Z ##[command]/usr/bin/docker pull redis:7-alpine
2025-08-22T20:44:14.8644038Z 7-alpine: Pulling from library/redis
2025-08-22T20:44:14.9444256Z 0368fd46e3c6: Pulling fs layer
2025-08-22T20:44:14.9449544Z 4c55286bbede: Pulling fs layer
2025-08-22T20:44:14.9449980Z 5e28347af205: Pulling fs layer
2025-08-22T20:44:14.9450388Z 311eca34042e: Pulling fs layer
2025-08-22T20:44:14.9450749Z e6fe6f07e192: Pulling fs layer
2025-08-22T20:44:14.9451333Z a2cadbfeca72: Pulling fs layer
2025-08-22T20:44:14.9451688Z 4f4fb700ef54: Pulling fs layer
2025-08-22T20:44:14.9452060Z a976ed7e7808: Pulling fs layer
2025-08-22T20:44:14.9452425Z a2cadbfeca72: Waiting
2025-08-22T20:44:14.9452738Z 4f4fb700ef54: Waiting
2025-08-22T20:44:14.9453035Z a976ed7e7808: Waiting
2025-08-22T20:44:14.9453321Z 311eca34042e: Waiting
2025-08-22T20:44:14.9453612Z e6fe6f07e192: Waiting
2025-08-22T20:44:15.0487979Z 4c55286bbede: Verifying Checksum
2025-08-22T20:44:15.0488470Z 4c55286bbede: Download complete
2025-08-22T20:44:15.0541143Z 5e28347af205: Verifying Checksum
2025-08-22T20:44:15.0541977Z 5e28347af205: Download complete
2025-08-22T20:44:15.1724676Z 311eca34042e: Verifying Checksum
2025-08-22T20:44:15.1725142Z 311eca34042e: Download complete
2025-08-22T20:44:15.2021556Z 0368fd46e3c6: Verifying Checksum
2025-08-22T20:44:15.2022286Z 0368fd46e3c6: Download complete
2025-08-22T20:44:15.2774263Z a2cadbfeca72: Download complete
2025-08-22T20:44:15.2908990Z 4f4fb700ef54: Verifying Checksum
2025-08-22T20:44:15.2909916Z 4f4fb700ef54: Download complete
2025-08-22T20:44:15.3405163Z 0368fd46e3c6: Pull complete
2025-08-22T20:44:15.3694399Z 4c55286bbede: Pull complete
2025-08-22T20:44:15.3941449Z a976ed7e7808: Verifying Checksum
2025-08-22T20:44:15.3941950Z a976ed7e7808: Download complete
2025-08-22T20:44:15.5411258Z 5e28347af205: Pull complete
2025-08-22T20:44:15.5711332Z 311eca34042e: Pull complete
2025-08-22T20:44:15.5781921Z e6fe6f07e192: Verifying Checksum
2025-08-22T20:44:15.5782372Z e6fe6f07e192: Download complete
2025-08-22T20:44:15.7607589Z e6fe6f07e192: Pull complete
2025-08-22T20:44:15.7746385Z a2cadbfeca72: Pull complete
2025-08-22T20:44:15.7840305Z 4f4fb700ef54: Pull complete
2025-08-22T20:44:15.7936123Z a976ed7e7808: Pull complete
2025-08-22T20:44:15.7972332Z Digest: sha256:bb186d083732f669da90be8b0f975a37812b15e913465bb14d845db72a4e3e08
2025-08-22T20:44:15.7984493Z Status: Downloaded newer image for redis:7-alpine
2025-08-22T20:44:15.7992605Z docker.io/library/redis:7-alpine
2025-08-22T20:44:15.8011124Z ##[command]/usr/bin/docker create --name 1df14753e2ca4faab1cd34fef4249992_redis7alpine_c87206 --label f3d829 --network github_network_78cf6d82d30f4f06b64f7caecceb2867 --network-alias redis -p 6379:6379  -e GITHUB_ACTIONS=true -e CI=true redis:7-alpine
2025-08-22T20:44:15.8247961Z 72582e34411e5950c7f3b9fc8b40d0046413a33935df65e7a013b24e7f10631a
2025-08-22T20:44:15.8261907Z ##[command]/usr/bin/docker start 72582e34411e5950c7f3b9fc8b40d0046413a33935df65e7a013b24e7f10631a
2025-08-22T20:44:15.9704870Z 72582e34411e5950c7f3b9fc8b40d0046413a33935df65e7a013b24e7f10631a
2025-08-22T20:44:15.9720615Z ##[command]/usr/bin/docker ps --all --filter id=72582e34411e5950c7f3b9fc8b40d0046413a33935df65e7a013b24e7f10631a --filter status=running --no-trunc --format "{{.ID}} {{.Status}}"
2025-08-22T20:44:15.9842955Z 72582e34411e5950c7f3b9fc8b40d0046413a33935df65e7a013b24e7f10631a Up Less than a second
2025-08-22T20:44:15.9856790Z ##[command]/usr/bin/docker port 72582e34411e5950c7f3b9fc8b40d0046413a33935df65e7a013b24e7f10631a
2025-08-22T20:44:15.9972653Z 6379/tcp -> 0.0.0.0:6379
2025-08-22T20:44:15.9973053Z 6379/tcp -> [::]:6379
2025-08-22T20:44:15.9986393Z ##[endgroup]
2025-08-22T20:44:15.9997415Z ##[group]Waiting for all services to be ready
2025-08-22T20:44:16.0010774Z ##[command]/usr/bin/docker inspect --format="{{if .Config.Healthcheck}}{{print .State.Health.Status}}{{end}}" 9c5fb27ab1709d0bc0091cb62fed24a6d22ce96d0a55a26bde6e251421f284ea
2025-08-22T20:44:16.0122027Z starting
2025-08-22T20:44:16.0142538Z postgres service is starting, waiting 2 seconds before checking again.
2025-08-22T20:44:18.0145381Z ##[command]/usr/bin/docker inspect --format="{{if .Config.Healthcheck}}{{print .State.Health.Status}}{{end}}" 9c5fb27ab1709d0bc0091cb62fed24a6d22ce96d0a55a26bde6e251421f284ea
2025-08-22T20:44:18.0266672Z starting
2025-08-22T20:44:18.0280076Z postgres service is starting, waiting 3 seconds before checking again.
2025-08-22T20:44:21.7131876Z ##[command]/usr/bin/docker inspect --format="{{if .Config.Healthcheck}}{{print .State.Health.Status}}{{end}}" 9c5fb27ab1709d0bc0091cb62fed24a6d22ce96d0a55a26bde6e251421f284ea
2025-08-22T20:44:21.7249853Z healthy
2025-08-22T20:44:21.7265555Z postgres service is healthy.
2025-08-22T20:44:21.7266304Z ##[command]/usr/bin/docker inspect --format="{{if .Config.Healthcheck}}{{print .State.Health.Status}}{{end}}" 72582e34411e5950c7f3b9fc8b40d0046413a33935df65e7a013b24e7f10631a
2025-08-22T20:44:21.7390557Z redis service is healthy.
2025-08-22T20:44:21.7391380Z ##[endgroup]
2025-08-22T20:44:21.7640594Z ##[group]Run actions/checkout@v5
2025-08-22T20:44:21.7641325Z with:
2025-08-22T20:44:21.7641512Z   fetch-depth: 0
2025-08-22T20:44:21.7641734Z   repository: AlexBomber12/AWA-App
2025-08-22T20:44:21.7642106Z   token: ***
2025-08-22T20:44:21.7642293Z   ssh-strict: true
2025-08-22T20:44:21.7642478Z   ssh-user: git
2025-08-22T20:44:21.7642665Z   persist-credentials: true
2025-08-22T20:44:21.7642895Z   clean: true
2025-08-22T20:44:21.7643080Z   sparse-checkout-cone-mode: true
2025-08-22T20:44:21.7643308Z   fetch-tags: false
2025-08-22T20:44:21.7643487Z   show-progress: true
2025-08-22T20:44:21.7643673Z   lfs: false
2025-08-22T20:44:21.7643832Z   submodules: false
2025-08-22T20:44:21.7644014Z   set-safe-directory: true
2025-08-22T20:44:21.7644385Z env:
2025-08-22T20:44:21.7644610Z   REDIS_URL: redis://localhost:6379/0
2025-08-22T20:44:21.7644871Z   RATE_LIMIT_DEFAULT: 100/minute
2025-08-22T20:44:21.7645081Z   TRUST_X_FORWARDED: 1
2025-08-22T20:44:21.7645267Z ##[endgroup]
2025-08-22T20:44:21.8546605Z Syncing repository: AlexBomber12/AWA-App
2025-08-22T20:44:21.8547839Z ##[group]Getting Git version info
2025-08-22T20:44:21.8548196Z Working directory is '/home/runner/work/AWA-App/AWA-App'
2025-08-22T20:44:21.8548723Z [command]/usr/bin/git version
2025-08-22T20:44:21.8627870Z git version 2.51.0
2025-08-22T20:44:21.8650142Z ##[endgroup]
2025-08-22T20:44:21.8663843Z Temporarily overriding HOME='/home/runner/work/_temp/469d396c-4078-4dd2-8a19-b5783d51d166' before making global git config changes
2025-08-22T20:44:21.8665326Z Adding repository directory to the temporary git global config as a safe directory
2025-08-22T20:44:21.8668196Z [command]/usr/bin/git config --global --add safe.directory /home/runner/work/AWA-App/AWA-App
2025-08-22T20:44:21.8706212Z Deleting the contents of '/home/runner/work/AWA-App/AWA-App'
2025-08-22T20:44:21.8709786Z ##[group]Initializing the repository
2025-08-22T20:44:21.8714609Z [command]/usr/bin/git init /home/runner/work/AWA-App/AWA-App
2025-08-22T20:44:21.8792189Z hint: Using 'master' as the name for the initial branch. This default branch name
2025-08-22T20:44:21.8792892Z hint: is subject to change. To configure the initial branch name to use in all
2025-08-22T20:44:21.8793362Z hint: of your new repositories, which will suppress this warning, call:
2025-08-22T20:44:21.8793690Z hint:
2025-08-22T20:44:21.8793959Z hint: 	git config --global init.defaultBranch <name>
2025-08-22T20:44:21.8794239Z hint:
2025-08-22T20:44:21.8794509Z hint: Names commonly chosen instead of 'master' are 'main', 'trunk' and
2025-08-22T20:44:21.8794943Z hint: 'development'. The just-created branch can be renamed via this command:
2025-08-22T20:44:21.8795274Z hint:
2025-08-22T20:44:21.8795445Z hint: 	git branch -m <name>
2025-08-22T20:44:21.8795646Z hint:
2025-08-22T20:44:21.8796102Z hint: Disable this message with "git config set advice.defaultBranchName false"
2025-08-22T20:44:21.8797045Z Initialized empty Git repository in /home/runner/work/AWA-App/AWA-App/.git/
2025-08-22T20:44:21.8807697Z [command]/usr/bin/git remote add origin https://github.com/AlexBomber12/AWA-App
2025-08-22T20:44:21.8843906Z ##[endgroup]
2025-08-22T20:44:21.8844380Z ##[group]Disabling automatic garbage collection
2025-08-22T20:44:21.8847460Z [command]/usr/bin/git config --local gc.auto 0
2025-08-22T20:44:21.8873222Z ##[endgroup]
2025-08-22T20:44:21.8873641Z ##[group]Setting up auth
2025-08-22T20:44:21.8879329Z [command]/usr/bin/git config --local --name-only --get-regexp core\.sshCommand
2025-08-22T20:44:21.8908440Z [command]/usr/bin/git submodule foreach --recursive sh -c "git config --local --name-only --get-regexp 'core\.sshCommand' && git config --local --unset-all 'core.sshCommand' || :"
2025-08-22T20:44:21.9228342Z [command]/usr/bin/git config --local --name-only --get-regexp http\.https\:\/\/github\.com\/\.extraheader
2025-08-22T20:44:21.9257676Z [command]/usr/bin/git submodule foreach --recursive sh -c "git config --local --name-only --get-regexp 'http\.https\:\/\/github\.com\/\.extraheader' && git config --local --unset-all 'http.https://github.com/.extraheader' || :"
2025-08-22T20:44:21.9478639Z [command]/usr/bin/git config --local http.https://github.com/.extraheader AUTHORIZATION: basic ***
2025-08-22T20:44:21.9513306Z ##[endgroup]
2025-08-22T20:44:21.9513885Z ##[group]Fetching the repository
2025-08-22T20:44:21.9523113Z [command]/usr/bin/git -c protocol.version=2 fetch --prune --no-recurse-submodules origin +refs/heads/*:refs/remotes/origin/* +refs/tags/*:refs/tags/* +0c43f66ec8ef712da3ca9d4492c82dcffcbf64a9:refs/remotes/pull/346/merge
2025-08-22T20:44:24.7956896Z From https://github.com/AlexBomber12/AWA-App
2025-08-22T20:44:24.7957646Z  * [new branch]        codex/analyze-ci-logs-and-fix-failures   -> origin/codex/analyze-ci-logs-and-fix-failures
2025-08-22T20:44:24.7958661Z  * [new branch]        codex/fix-ci-workflow-failures           -> origin/codex/fix-ci-workflow-failures
2025-08-22T20:44:24.7959785Z  * [new branch]        codex/implement-minimal-fixes-to-pass-ci-workflows -> origin/codex/implement-minimal-fixes-to-pass-ci-workflows
2025-08-22T20:44:24.7961252Z  * [new branch]        codex/implement-targeted-fixes-for-ci-workflows -> origin/codex/implement-targeted-fixes-for-ci-workflows
2025-08-22T20:44:24.7962166Z  * [new branch]        codex/implement-targeted-fixes-for-ci-workflows-ruxrnh -> origin/codex/implement-targeted-fixes-for-ci-workflows-ruxrnh
2025-08-22T20:44:24.7962836Z  * [new branch]        main                                     -> origin/main
2025-08-22T20:44:24.7963430Z  * [new tag]           0.3.0                                    -> 0.3.0
2025-08-22T20:44:24.7963810Z  * [new ref]           0c43f66ec8ef712da3ca9d4492c82dcffcbf64a9 -> pull/346/merge
2025-08-22T20:44:24.8004337Z ##[endgroup]
2025-08-22T20:44:24.8004901Z ##[group]Determining the checkout info
2025-08-22T20:44:24.8005818Z ##[endgroup]
2025-08-22T20:44:24.8011317Z [command]/usr/bin/git sparse-checkout disable
2025-08-22T20:44:24.8053962Z [command]/usr/bin/git config --local --unset-all extensions.worktreeConfig
2025-08-22T20:44:24.8080284Z ##[group]Checking out the ref
2025-08-22T20:44:24.8085125Z [command]/usr/bin/git checkout --progress --force refs/remotes/pull/346/merge
2025-08-22T20:44:24.8474275Z Note: switching to 'refs/remotes/pull/346/merge'.
2025-08-22T20:44:24.8474872Z 
2025-08-22T20:44:24.8475339Z You are in 'detached HEAD' state. You can look around, make experimental
2025-08-22T20:44:24.8475991Z changes and commit them, and you can discard any commits you make in this
2025-08-22T20:44:24.8476582Z state without impacting any branches by switching back to a branch.
2025-08-22T20:44:24.8476920Z 
2025-08-22T20:44:24.8477135Z If you want to create a new branch to retain commits you create, you may
2025-08-22T20:44:24.8477676Z do so (now or later) by using -c with the switch command. Example:
2025-08-22T20:44:24.8477973Z 
2025-08-22T20:44:24.8478092Z   git switch -c <new-branch-name>
2025-08-22T20:44:24.8478304Z 
2025-08-22T20:44:24.8478414Z Or undo this operation with:
2025-08-22T20:44:24.8478597Z 
2025-08-22T20:44:24.8478707Z   git switch -
2025-08-22T20:44:24.8478843Z 
2025-08-22T20:44:24.8479088Z Turn off this advice by setting config variable advice.detachedHead to false
2025-08-22T20:44:24.8479454Z 
2025-08-22T20:44:24.8479940Z HEAD is now at 0c43f66e Merge ea4d09275885e5fe306867489d6ee9f38b968caf into 9a784613b8c81df20485e5a366c33de0b218460f
2025-08-22T20:44:24.8487236Z ##[endgroup]
2025-08-22T20:44:24.8524142Z [command]/usr/bin/git log -1 --format=%H
2025-08-22T20:44:24.8546745Z 0c43f66ec8ef712da3ca9d4492c82dcffcbf64a9
2025-08-22T20:44:24.8742517Z ##[group]Run cat .env.ci >> "$GITHUB_ENV"
2025-08-22T20:44:24.8742864Z [36;1mcat .env.ci >> "$GITHUB_ENV"[0m
2025-08-22T20:44:24.8743602Z [36;1mecho "DATABASE_URL=***localhost:5432/awa" >> "$GITHUB_ENV"[0m
2025-08-22T20:44:24.8743964Z [36;1mecho "PG_HOST=localhost" >> "$GITHUB_ENV"[0m
2025-08-22T20:44:24.8744256Z [36;1mecho "PG_PORT=5432" >> "$GITHUB_ENV"[0m
2025-08-22T20:44:24.8744549Z [36;1mecho "PG_USER=postgres" >> "$GITHUB_ENV"[0m
2025-08-22T20:44:24.8744847Z [36;1mecho "PG_PASSWORD=pass" >> "$GITHUB_ENV"[0m
2025-08-22T20:44:24.8745139Z [36;1mecho "PG_DATABASE=awa" >> "$GITHUB_ENV"[0m
2025-08-22T20:44:24.8745405Z [36;1mecho "TESTING=1" >> "$GITHUB_ENV"[0m
2025-08-22T20:44:24.8788953Z shell: /usr/bin/bash -e {0}
2025-08-22T20:44:24.8789191Z env:
2025-08-22T20:44:24.8789389Z   REDIS_URL: redis://localhost:6379/0
2025-08-22T20:44:24.8789674Z   RATE_LIMIT_DEFAULT: 100/minute
2025-08-22T20:44:24.8789895Z   TRUST_X_FORWARDED: 1
2025-08-22T20:44:24.8790115Z ##[endgroup]
2025-08-22T20:44:24.8950833Z ##[group]Run actions/setup-python@v5
2025-08-22T20:44:24.8951388Z with:
2025-08-22T20:44:24.8951567Z   python-version: 3.12
2025-08-22T20:44:24.8951765Z   cache: pip
2025-08-22T20:44:24.8952559Z   cache-dependency-path: requirements-dev.txt
services/etl/requirements.txt
services/api/requirements.txt
services/repricer/requirements.txt
services/fees_h10/requirements.txt
services/alert_bot/requirements.txt

2025-08-22T20:44:24.8953390Z   check-latest: false
2025-08-22T20:44:24.8953752Z   token: ***
2025-08-22T20:44:24.8953932Z   update-environment: true
2025-08-22T20:44:24.8954152Z   allow-prereleases: false
2025-08-22T20:44:24.8954345Z   freethreaded: false
2025-08-22T20:44:24.8954521Z env:
2025-08-22T20:44:24.8954698Z   REDIS_URL: redis://localhost:6379/0
2025-08-22T20:44:24.8954942Z   RATE_LIMIT_DEFAULT: 100/minute
2025-08-22T20:44:24.8955148Z   TRUST_X_FORWARDED: 1
2025-08-22T20:44:24.8955528Z   PG_USER: postgres
2025-08-22T20:44:24.8955709Z   PG_PASSWORD: pass
2025-08-22T20:44:24.8955918Z   PG_DATABASE: awa
2025-08-22T20:44:24.8956089Z   PG_HOST: localhost
2025-08-22T20:44:24.8956269Z   PG_PORT: 5432
2025-08-22T20:44:24.8956654Z   PG_SYNC_DSN: ***localhost:5432/awa
2025-08-22T20:44:24.8957052Z   PG_ASYNC_DSN: ***localhost:5432/awa
2025-08-22T20:44:24.8957434Z   DATABASE_URL: ***localhost:5432/awa
2025-08-22T20:44:24.8957658Z   DATA_DIR: /tmp/awa-data
2025-08-22T20:44:24.8957843Z   ENABLE_LIVE: 0
2025-08-22T20:44:24.8958010Z   TESTING: 1
2025-08-22T20:44:24.8958166Z ##[endgroup]
2025-08-22T20:44:25.0608909Z ##[group]Installed versions
2025-08-22T20:44:25.0714702Z Successfully set up CPython (3.12.11)
2025-08-22T20:44:25.0715464Z ##[endgroup]
2025-08-22T20:44:25.1116837Z [command]/opt/hostedtoolcache/Python/3.12.11/x64/bin/pip cache dir
2025-08-22T20:44:26.4694931Z /home/runner/.cache/pip
2025-08-22T20:44:26.6120421Z Cache hit for: setup-python-Linux-x64-24.04-Ubuntu-python-3.12.11-pip-811b81ed6ebfbfffa596cc763769fd73f8be2333e1ac798acb7aae17a56fccd5
2025-08-22T20:44:27.6508047Z Received 222298112 of 376041141 (59.1%), 211.6 MBs/sec
2025-08-22T20:44:28.3994562Z Received 376041141 of 376041141 (100.0%), 204.8 MBs/sec
2025-08-22T20:44:28.3996545Z Cache Size: ~359 MB (376041141 B)
2025-08-22T20:44:28.4065867Z [command]/usr/bin/tar -xf /home/runner/work/_temp/8b396bb8-9dce-416b-a37c-fb615985ad6f/cache.tzst -P -C /home/runner/work/AWA-App/AWA-App --use-compress-program unzstd
2025-08-22T20:44:29.0093417Z Cache restored successfully
2025-08-22T20:44:29.0797855Z Cache restored from key: setup-python-Linux-x64-24.04-Ubuntu-python-3.12.11-pip-811b81ed6ebfbfffa596cc763769fd73f8be2333e1ac798acb7aae17a56fccd5
2025-08-22T20:44:29.1527782Z ##[group]Run actions/cache@v4
2025-08-22T20:44:29.1528058Z with:
2025-08-22T20:44:29.1528281Z   path: ~/.cache/pip
.pytest_cache
~/.ruff_cache

2025-08-22T20:44:29.1528717Z   key: Linux-test-cc13ccef493b9f3a93ad5651164d9fb09282c1111f6f72ce20e0657de16de6b4
2025-08-22T20:44:29.1529145Z   restore-keys: Linux-test-
2025-08-22T20:44:29.1529379Z   enableCrossOsArchive: false
2025-08-22T20:44:29.1529605Z   fail-on-cache-miss: false
2025-08-22T20:44:29.1529815Z   lookup-only: false
2025-08-22T20:44:29.1530006Z   save-always: false
2025-08-22T20:44:29.1530183Z env:
2025-08-22T20:44:29.1530379Z   REDIS_URL: redis://localhost:6379/0
2025-08-22T20:44:29.1530635Z   RATE_LIMIT_DEFAULT: 100/minute
2025-08-22T20:44:29.1530851Z   TRUST_X_FORWARDED: 1
2025-08-22T20:44:29.1531292Z   PG_USER: postgres
2025-08-22T20:44:29.1531487Z   PG_PASSWORD: pass
2025-08-22T20:44:29.1531676Z   PG_DATABASE: awa
2025-08-22T20:44:29.1531854Z   PG_HOST: localhost
2025-08-22T20:44:29.1532040Z   PG_PORT: 5432
2025-08-22T20:44:29.1532801Z   PG_SYNC_DSN: ***localhost:5432/awa
2025-08-22T20:44:29.1533277Z   PG_ASYNC_DSN: ***localhost:5432/awa
2025-08-22T20:44:29.1533663Z   DATABASE_URL: ***localhost:5432/awa
2025-08-22T20:44:29.1533894Z   DATA_DIR: /tmp/awa-data
2025-08-22T20:44:29.1534130Z   ENABLE_LIVE: 0
2025-08-22T20:44:29.1534315Z   TESTING: 1
2025-08-22T20:44:29.1534555Z   pythonLocation: /opt/hostedtoolcache/Python/3.12.11/x64
2025-08-22T20:44:29.1534965Z   PKG_CONFIG_PATH: /opt/hostedtoolcache/Python/3.12.11/x64/lib/pkgconfig
2025-08-22T20:44:29.1535359Z   Python_ROOT_DIR: /opt/hostedtoolcache/Python/3.12.11/x64
2025-08-22T20:44:29.1535712Z   Python2_ROOT_DIR: /opt/hostedtoolcache/Python/3.12.11/x64
2025-08-22T20:44:29.1536065Z   Python3_ROOT_DIR: /opt/hostedtoolcache/Python/3.12.11/x64
2025-08-22T20:44:29.1536420Z   LD_LIBRARY_PATH: /opt/hostedtoolcache/Python/3.12.11/x64/lib
2025-08-22T20:44:29.1536714Z ##[endgroup]
2025-08-22T20:44:29.3710000Z Cache hit for: Linux-test-cc13ccef493b9f3a93ad5651164d9fb09282c1111f6f72ce20e0657de16de6b4
2025-08-22T20:44:30.4074563Z Received 222298112 of 376058925 (59.1%), 211.8 MBs/sec
2025-08-22T20:44:31.0554150Z Received 376058925 of 376058925 (100.0%), 217.5 MBs/sec
2025-08-22T20:44:31.0556842Z Cache Size: ~359 MB (376058925 B)
2025-08-22T20:44:31.0623705Z [command]/usr/bin/tar -xf /home/runner/work/_temp/88169dda-0200-4d27-b621-27886c7e3938/cache.tzst -P -C /home/runner/work/AWA-App/AWA-App --use-compress-program unzstd
2025-08-22T20:44:31.7562776Z Cache restored successfully
2025-08-22T20:44:31.8494003Z Cache restored from key: Linux-test-cc13ccef493b9f3a93ad5651164d9fb09282c1111f6f72ce20e0657de16de6b4
2025-08-22T20:44:31.8658435Z ##[group]Run pip install --break-system-packages -r services/etl/requirements.txt
2025-08-22T20:44:31.8659056Z [36;1mpip install --break-system-packages -r services/etl/requirements.txt[0m
2025-08-22T20:44:31.8659561Z [36;1mpip install --break-system-packages -r services/api/requirements.txt[0m
2025-08-22T20:44:31.8660088Z [36;1mpip install --break-system-packages -r services/repricer/requirements.txt[0m
2025-08-22T20:44:31.8660614Z [36;1mpip install --break-system-packages -r services/fees_h10/requirements.txt[0m
2025-08-22T20:44:31.8661551Z [36;1mpip install --break-system-packages -r services/alert_bot/requirements.txt[0m
2025-08-22T20:44:31.8662065Z [36;1mpip install --break-system-packages -r requirements-dev.txt[0m
2025-08-22T20:44:31.8662443Z [36;1mpip install --break-system-packages asyncpg[0m
2025-08-22T20:44:31.8662769Z [36;1mpip install --break-system-packages pytest[0m
2025-08-22T20:44:31.8663172Z [36;1mpip install --break-system-packages keepa==1.3.15 minio==7.1.15[0m
2025-08-22T20:44:31.8705071Z shell: /usr/bin/bash -e {0}
2025-08-22T20:44:31.8705314Z env:
2025-08-22T20:44:31.8705523Z   REDIS_URL: redis://localhost:6379/0
2025-08-22T20:44:31.8705791Z   RATE_LIMIT_DEFAULT: 100/minute
2025-08-22T20:44:31.8706022Z   TRUST_X_FORWARDED: 1
2025-08-22T20:44:31.8706226Z   PG_USER: postgres
2025-08-22T20:44:31.8706428Z   PG_PASSWORD: pass
2025-08-22T20:44:31.8706616Z   PG_DATABASE: awa
2025-08-22T20:44:31.8706807Z   PG_HOST: localhost
2025-08-22T20:44:31.8707005Z   PG_PORT: 5432
2025-08-22T20:44:31.8707452Z   PG_SYNC_DSN: ***localhost:5432/awa
2025-08-22T20:44:31.8707882Z   PG_ASYNC_DSN: ***localhost:5432/awa
2025-08-22T20:44:31.8708290Z   DATABASE_URL: ***localhost:5432/awa
2025-08-22T20:44:31.8708540Z   DATA_DIR: /tmp/awa-data
2025-08-22T20:44:31.8708756Z   ENABLE_LIVE: 0
2025-08-22T20:44:31.8708938Z   TESTING: 1
2025-08-22T20:44:31.8709188Z   pythonLocation: /opt/hostedtoolcache/Python/3.12.11/x64
2025-08-22T20:44:31.8709601Z   PKG_CONFIG_PATH: /opt/hostedtoolcache/Python/3.12.11/x64/lib/pkgconfig
2025-08-22T20:44:31.8709996Z   Python_ROOT_DIR: /opt/hostedtoolcache/Python/3.12.11/x64
2025-08-22T20:44:31.8710349Z   Python2_ROOT_DIR: /opt/hostedtoolcache/Python/3.12.11/x64
2025-08-22T20:44:31.8710705Z   Python3_ROOT_DIR: /opt/hostedtoolcache/Python/3.12.11/x64
2025-08-22T20:44:31.8711341Z   LD_LIBRARY_PATH: /opt/hostedtoolcache/Python/3.12.11/x64/lib
2025-08-22T20:44:31.8711646Z ##[endgroup]
2025-08-22T20:44:33.1679479Z Collecting keepa==1.3.14 (from -r services/etl/requirements.txt (line 1))
2025-08-22T20:44:33.1692710Z   Using cached keepa-1.3.14-py3-none-any.whl.metadata (10 kB)
2025-08-22T20:44:33.1985093Z Collecting minio==7.1.15 (from -r services/etl/requirements.txt (line 2))
2025-08-22T20:44:33.1996844Z   Using cached minio-7.1.15-py3-none-any.whl.metadata (4.2 kB)
2025-08-22T20:44:33.2358722Z Collecting celery==5.3.* (from -r services/etl/requirements.txt (line 3))
2025-08-22T20:44:33.2370083Z   Using cached celery-5.3.6-py3-none-any.whl.metadata (21 kB)
2025-08-22T20:44:33.2866095Z Collecting redis==5.* (from -r services/etl/requirements.txt (line 4))
2025-08-22T20:44:33.2877945Z   Using cached redis-5.3.1-py3-none-any.whl.metadata (9.2 kB)
2025-08-22T20:44:33.3430356Z Collecting python-amazon-sp-api==0.8.0 (from -r services/etl/requirements.txt (line 5))
2025-08-22T20:44:33.3441899Z   Using cached python_amazon_sp_api-0.8.0-py3-none-any.whl.metadata (3.2 kB)
2025-08-22T20:44:33.3699487Z Collecting pydantic-settings==2.2.1 (from -r services/etl/requirements.txt (line 6))
2025-08-22T20:44:33.3711941Z   Using cached pydantic_settings-2.2.1-py3-none-any.whl.metadata (3.1 kB)
2025-08-22T20:44:33.5387900Z Collecting numpy<2 (from -r services/etl/requirements.txt (line 7))
2025-08-22T20:44:33.5401413Z   Using cached numpy-1.26.4-cp312-cp312-manylinux_2_17_x86_64.manylinux2014_x86_64.whl.metadata (61 kB)
2025-08-22T20:44:33.6830662Z Collecting pandas==2.2.* (from -r services/etl/requirements.txt (line 8))
2025-08-22T20:44:33.6844338Z   Using cached pandas-2.2.3-cp312-cp312-manylinux_2_17_x86_64.manylinux2014_x86_64.whl.metadata (89 kB)
2025-08-22T20:44:33.7470780Z Collecting pandera==0.19.* (from -r services/etl/requirements.txt (line 9))
2025-08-22T20:44:33.7482249Z   Using cached pandera-0.19.3-py3-none-any.whl.metadata (15 kB)
2025-08-22T20:44:33.7739722Z Collecting openpyxl==3.1.* (from -r services/etl/requirements.txt (line 10))
2025-08-22T20:44:33.7751455Z   Using cached openpyxl-3.1.5-py2.py3-none-any.whl.metadata (2.5 kB)
2025-08-22T20:44:33.7930240Z Collecting psycopg==3.2.9 (from psycopg[binary]==3.2.9->-r services/etl/requirements.txt (line 11))
2025-08-22T20:44:33.7941757Z   Using cached psycopg-3.2.9-py3-none-any.whl.metadata (4.5 kB)
2025-08-22T20:44:33.8598869Z Collecting psycopg2-binary==2.9.* (from -r services/etl/requirements.txt (line 12))
2025-08-22T20:44:33.8615938Z   Using cached psycopg2_binary-2.9.10-cp312-cp312-manylinux_2_17_x86_64.manylinux2014_x86_64.whl.metadata (4.9 kB)
2025-08-22T20:44:33.9121475Z Collecting sentry-sdk==2.9.0 (from -r services/etl/requirements.txt (line 13))
2025-08-22T20:44:33.9132503Z   Using cached sentry_sdk-2.9.0-py2.py3-none-any.whl.metadata (14 kB)
2025-08-22T20:44:33.9774372Z Collecting requests>=2.2 (from keepa==1.3.14->-r services/etl/requirements.txt (line 1))
2025-08-22T20:44:33.9785271Z   Using cached requests-2.32.5-py3-none-any.whl.metadata (4.9 kB)
2025-08-22T20:44:34.0149423Z Collecting tqdm (from keepa==1.3.14->-r services/etl/requirements.txt (line 1))
2025-08-22T20:44:34.0160674Z   Using cached tqdm-4.67.1-py3-none-any.whl.metadata (57 kB)
2025-08-22T20:44:34.5085497Z Collecting aiohttp (from keepa==1.3.14->-r services/etl/requirements.txt (line 1))
2025-08-22T20:44:34.5098594Z   Using cached aiohttp-3.12.15-cp312-cp312-manylinux_2_17_x86_64.manylinux2014_x86_64.whl.metadata (7.7 kB)
2025-08-22T20:44:34.6265395Z Collecting pydantic (from keepa==1.3.14->-r services/etl/requirements.txt (line 1))
2025-08-22T20:44:34.6278362Z   Using cached pydantic-2.11.7-py3-none-any.whl.metadata (67 kB)
2025-08-22T20:44:34.6515550Z Collecting certifi (from minio==7.1.15->-r services/etl/requirements.txt (line 2))
2025-08-22T20:44:34.6527181Z   Using cached certifi-2025.8.3-py3-none-any.whl.metadata (2.4 kB)
2025-08-22T20:44:34.6788435Z Collecting urllib3 (from minio==7.1.15->-r services/etl/requirements.txt (line 2))
2025-08-22T20:44:34.6799900Z   Using cached urllib3-2.5.0-py3-none-any.whl.metadata (6.5 kB)
2025-08-22T20:44:34.6957959Z Collecting six<2,>=1.15 (from python-amazon-sp-api==0.8.0->-r services/etl/requirements.txt (line 5))
2025-08-22T20:44:34.6969399Z   Using cached six-1.17.0-py2.py3-none-any.whl.metadata (1.7 kB)
2025-08-22T20:44:35.1405642Z Collecting boto3<2,>=1.16.39 (from python-amazon-sp-api==0.8.0->-r services/etl/requirements.txt (line 5))
2025-08-22T20:44:35.1898633Z   Downloading boto3-1.40.16-py3-none-any.whl.metadata (6.7 kB)
2025-08-22T20:44:35.2124903Z Collecting cachetools~=4.2.0 (from python-amazon-sp-api==0.8.0->-r services/etl/requirements.txt (line 5))
2025-08-22T20:44:35.2135846Z   Using cached cachetools-4.2.4-py3-none-any.whl.metadata (4.8 kB)
2025-08-22T20:44:35.2937841Z Collecting pycryptodome (from python-amazon-sp-api==0.8.0->-r services/etl/requirements.txt (line 5))
2025-08-22T20:44:35.2949507Z   Using cached pycryptodome-3.23.0-cp37-abi3-manylinux_2_17_x86_64.manylinux2014_x86_64.whl.metadata (3.4 kB)
2025-08-22T20:44:35.3321551Z Collecting pytz (from python-amazon-sp-api==0.8.0->-r services/etl/requirements.txt (line 5))
2025-08-22T20:44:35.3332253Z   Using cached pytz-2025.2-py2.py3-none-any.whl.metadata (22 kB)
2025-08-22T20:44:35.3472861Z Collecting confuse~=1.4.0 (from python-amazon-sp-api==0.8.0->-r services/etl/requirements.txt (line 5))
2025-08-22T20:44:35.3483837Z   Using cached confuse-1.4.0-py2.py3-none-any.whl.metadata (3.8 kB)
2025-08-22T20:44:35.3762634Z Collecting python-dotenv>=0.21.0 (from pydantic-settings==2.2.1->-r services/etl/requirements.txt (line 6))
2025-08-22T20:44:35.3773649Z   Using cached python_dotenv-1.1.1-py3-none-any.whl.metadata (24 kB)
2025-08-22T20:44:35.3983294Z Collecting typing-extensions>=4.6 (from psycopg==3.2.9->psycopg[binary]==3.2.9->-r services/etl/requirements.txt (line 11))
2025-08-22T20:44:35.3994104Z   Using cached typing_extensions-4.14.1-py3-none-any.whl.metadata (3.0 kB)
2025-08-22T20:44:35.5476696Z Collecting psycopg-binary==3.2.9 (from psycopg[binary]==3.2.9->-r services/etl/requirements.txt (line 11))
2025-08-22T20:44:35.5489566Z   Using cached psycopg_binary-3.2.9-cp312-cp312-manylinux_2_17_x86_64.manylinux2014_x86_64.whl.metadata (2.9 kB)
2025-08-22T20:44:35.5693956Z Collecting billiard<5.0,>=4.2.0 (from celery==5.3.*->-r services/etl/requirements.txt (line 3))
2025-08-22T20:44:35.5705147Z   Using cached billiard-4.2.1-py3-none-any.whl.metadata (4.4 kB)
2025-08-22T20:44:35.5821741Z Collecting click-didyoumean>=0.3.0 (from celery==5.3.*->-r services/etl/requirements.txt (line 3))
2025-08-22T20:44:35.5832567Z   Using cached click_didyoumean-0.3.1-py3-none-any.whl.metadata (3.9 kB)
2025-08-22T20:44:35.5948178Z Collecting click-plugins>=1.1.1 (from celery==5.3.*->-r services/etl/requirements.txt (line 3))
2025-08-22T20:44:35.5959847Z   Using cached click_plugins-1.1.1.2-py2.py3-none-any.whl.metadata (6.5 kB)
2025-08-22T20:44:35.6084858Z Collecting click-repl>=0.2.0 (from celery==5.3.*->-r services/etl/requirements.txt (line 3))
2025-08-22T20:44:35.6095629Z   Using cached click_repl-0.3.0-py3-none-any.whl.metadata (3.6 kB)
2025-08-22T20:44:35.6316031Z Collecting click<9.0,>=8.1.2 (from celery==5.3.*->-r services/etl/requirements.txt (line 3))
2025-08-22T20:44:35.6327759Z   Using cached click-8.2.1-py3-none-any.whl.metadata (2.5 kB)
2025-08-22T20:44:35.6657297Z Collecting kombu<6.0,>=5.3.4 (from celery==5.3.*->-r services/etl/requirements.txt (line 3))
2025-08-22T20:44:35.6668125Z   Using cached kombu-5.5.4-py3-none-any.whl.metadata (3.5 kB)
2025-08-22T20:44:35.6870171Z Collecting python-dateutil>=2.8.2 (from celery==5.3.*->-r services/etl/requirements.txt (line 3))
2025-08-22T20:44:35.6881358Z   Using cached python_dateutil-2.9.0.post0-py2.py3-none-any.whl.metadata (8.4 kB)
2025-08-22T20:44:35.7034955Z Collecting tzdata>=2022.7 (from celery==5.3.*->-r services/etl/requirements.txt (line 3))
2025-08-22T20:44:35.7045904Z   Using cached tzdata-2025.2-py2.py3-none-any.whl.metadata (1.4 kB)
2025-08-22T20:44:35.7193426Z Collecting vine<6.0,>=5.1.0 (from celery==5.3.*->-r services/etl/requirements.txt (line 3))
2025-08-22T20:44:35.7204093Z   Using cached vine-5.1.0-py3-none-any.whl.metadata (2.7 kB)
2025-08-22T20:44:35.7390344Z Collecting PyJWT>=2.9.0 (from redis==5.*->-r services/etl/requirements.txt (line 4))
2025-08-22T20:44:35.7401449Z   Using cached PyJWT-2.10.1-py3-none-any.whl.metadata (4.0 kB)
2025-08-22T20:44:35.7751201Z Collecting multimethod<=1.10.0 (from pandera==0.19.*->-r services/etl/requirements.txt (line 9))
2025-08-22T20:44:35.7763279Z   Using cached multimethod-1.10-py3-none-any.whl.metadata (8.2 kB)
2025-08-22T20:44:35.8088433Z Collecting packaging>=20.0 (from pandera==0.19.*->-r services/etl/requirements.txt (line 9))
2025-08-22T20:44:35.8099940Z   Using cached packaging-25.0-py3-none-any.whl.metadata (3.3 kB)
2025-08-22T20:44:35.8384439Z Collecting typeguard (from pandera==0.19.*->-r services/etl/requirements.txt (line 9))
2025-08-22T20:44:35.8395787Z   Using cached typeguard-4.4.4-py3-none-any.whl.metadata (3.3 kB)
2025-08-22T20:44:35.8526642Z Collecting typing-inspect>=0.6.0 (from pandera==0.19.*->-r services/etl/requirements.txt (line 9))
2025-08-22T20:44:35.8537933Z   Using cached typing_inspect-0.9.0-py3-none-any.whl.metadata (1.5 kB)
2025-08-22T20:44:35.9508200Z Collecting wrapt (from pandera==0.19.*->-r services/etl/requirements.txt (line 9))
2025-08-22T20:44:35.9521155Z   Using cached wrapt-1.17.3-cp312-cp312-manylinux1_x86_64.manylinux_2_28_x86_64.manylinux_2_5_x86_64.whl.metadata (6.4 kB)
2025-08-22T20:44:35.9642060Z Collecting et-xmlfile (from openpyxl==3.1.*->-r services/etl/requirements.txt (line 10))
2025-08-22T20:44:35.9653522Z   Using cached et_xmlfile-2.0.0-py3-none-any.whl.metadata (2.7 kB)
2025-08-22T20:44:36.3603125Z Collecting botocore<1.41.0,>=1.40.16 (from boto3<2,>=1.16.39->python-amazon-sp-api==0.8.0->-r services/etl/requirements.txt (line 5))
2025-08-22T20:44:36.3784592Z   Downloading botocore-1.40.16-py3-none-any.whl.metadata (5.7 kB)
2025-08-22T20:44:36.4011152Z Collecting jmespath<2.0.0,>=0.7.1 (from boto3<2,>=1.16.39->python-amazon-sp-api==0.8.0->-r services/etl/requirements.txt (line 5))
2025-08-22T20:44:36.4021900Z   Using cached jmespath-1.0.1-py3-none-any.whl.metadata (7.6 kB)
2025-08-22T20:44:36.4206151Z Collecting s3transfer<0.14.0,>=0.13.0 (from boto3<2,>=1.16.39->python-amazon-sp-api==0.8.0->-r services/etl/requirements.txt (line 5))
2025-08-22T20:44:36.4217001Z   Using cached s3transfer-0.13.1-py3-none-any.whl.metadata (1.7 kB)
2025-08-22T20:44:36.4789622Z Collecting pyyaml (from confuse~=1.4.0->python-amazon-sp-api==0.8.0->-r services/etl/requirements.txt (line 5))
2025-08-22T20:44:36.4801574Z   Using cached PyYAML-6.0.2-cp312-cp312-manylinux_2_17_x86_64.manylinux2014_x86_64.whl.metadata (2.1 kB)
2025-08-22T20:44:36.5021648Z Collecting amqp<6.0.0,>=5.1.1 (from kombu<6.0,>=5.3.4->celery==5.3.*->-r services/etl/requirements.txt (line 3))
2025-08-22T20:44:36.5032622Z   Using cached amqp-5.3.1-py3-none-any.whl.metadata (8.9 kB)
2025-08-22T20:44:36.6737105Z Collecting prompt-toolkit>=3.0.36 (from click-repl>=0.2.0->celery==5.3.*->-r services/etl/requirements.txt (line 3))
2025-08-22T20:44:36.6748905Z   Using cached prompt_toolkit-3.0.51-py3-none-any.whl.metadata (6.4 kB)
2025-08-22T20:44:36.6916445Z Collecting wcwidth (from prompt-toolkit>=3.0.36->click-repl>=0.2.0->celery==5.3.*->-r services/etl/requirements.txt (line 3))
2025-08-22T20:44:36.6927173Z   Using cached wcwidth-0.2.13-py2.py3-none-any.whl.metadata (14 kB)
2025-08-22T20:44:36.7066923Z Collecting annotated-types>=0.6.0 (from pydantic->keepa==1.3.14->-r services/etl/requirements.txt (line 1))
2025-08-22T20:44:36.7077962Z   Using cached annotated_types-0.7.0-py3-none-any.whl.metadata (15 kB)
2025-08-22T20:44:37.3737724Z Collecting pydantic-core==2.33.2 (from pydantic->keepa==1.3.14->-r services/etl/requirements.txt (line 1))
2025-08-22T20:44:37.3751547Z   Using cached pydantic_core-2.33.2-cp312-cp312-manylinux_2_17_x86_64.manylinux2014_x86_64.whl.metadata (6.8 kB)
2025-08-22T20:44:37.3909496Z Collecting typing-inspection>=0.4.0 (from pydantic->keepa==1.3.14->-r services/etl/requirements.txt (line 1))
2025-08-22T20:44:37.3921358Z   Using cached typing_inspection-0.4.1-py3-none-any.whl.metadata (2.6 kB)
2025-08-22T20:44:37.4816853Z Collecting charset_normalizer<4,>=2 (from requests>=2.2->keepa==1.3.14->-r services/etl/requirements.txt (line 1))
2025-08-22T20:44:37.4830347Z   Using cached charset_normalizer-3.4.3-cp312-cp312-manylinux2014_x86_64.manylinux_2_17_x86_64.manylinux_2_28_x86_64.whl.metadata (36 kB)
2025-08-22T20:44:37.5037745Z Collecting idna<4,>=2.5 (from requests>=2.2->keepa==1.3.14->-r services/etl/requirements.txt (line 1))
2025-08-22T20:44:37.5049292Z   Using cached idna-3.10-py3-none-any.whl.metadata (10 kB)
2025-08-22T20:44:37.5445103Z Collecting mypy-extensions>=0.3.0 (from typing-inspect>=0.6.0->pandera==0.19.*->-r services/etl/requirements.txt (line 9))
2025-08-22T20:44:37.5456022Z   Using cached mypy_extensions-1.1.0-py3-none-any.whl.metadata (1.1 kB)
2025-08-22T20:44:37.5783284Z Collecting aiohappyeyeballs>=2.5.0 (from aiohttp->keepa==1.3.14->-r services/etl/requirements.txt (line 1))
2025-08-22T20:44:37.5794200Z   Using cached aiohappyeyeballs-2.6.1-py3-none-any.whl.metadata (5.9 kB)
2025-08-22T20:44:37.5911371Z Collecting aiosignal>=1.4.0 (from aiohttp->keepa==1.3.14->-r services/etl/requirements.txt (line 1))
2025-08-22T20:44:37.5922342Z   Using cached aiosignal-1.4.0-py3-none-any.whl.metadata (3.7 kB)
2025-08-22T20:44:37.6086556Z Collecting attrs>=17.3.0 (from aiohttp->keepa==1.3.14->-r services/etl/requirements.txt (line 1))
2025-08-22T20:44:37.6097676Z   Using cached attrs-25.3.0-py3-none-any.whl.metadata (10 kB)
2025-08-22T20:44:37.6784262Z Collecting frozenlist>=1.1.1 (from aiohttp->keepa==1.3.14->-r services/etl/requirements.txt (line 1))
2025-08-22T20:44:37.6795992Z   Using cached frozenlist-1.7.0-cp312-cp312-manylinux_2_5_x86_64.manylinux1_x86_64.manylinux_2_17_x86_64.manylinux2014_x86_64.whl.metadata (18 kB)
2025-08-22T20:44:37.9797884Z Collecting multidict<7.0,>=4.5 (from aiohttp->keepa==1.3.14->-r services/etl/requirements.txt (line 1))
2025-08-22T20:44:37.9811391Z   Using cached multidict-6.6.4-cp312-cp312-manylinux2014_x86_64.manylinux_2_17_x86_64.manylinux_2_28_x86_64.whl.metadata (5.3 kB)
2025-08-22T20:44:38.0246772Z Collecting propcache>=0.2.0 (from aiohttp->keepa==1.3.14->-r services/etl/requirements.txt (line 1))
2025-08-22T20:44:38.0258220Z   Using cached propcache-0.3.2-cp312-cp312-manylinux_2_17_x86_64.manylinux2014_x86_64.whl.metadata (12 kB)
2025-08-22T20:44:38.2623721Z Collecting yarl<2.0,>=1.17.0 (from aiohttp->keepa==1.3.14->-r services/etl/requirements.txt (line 1))
2025-08-22T20:44:38.2636724Z   Using cached yarl-1.20.1-cp312-cp312-manylinux_2_17_x86_64.manylinux2014_x86_64.whl.metadata (73 kB)
2025-08-22T20:44:38.3225974Z Using cached keepa-1.3.14-py3-none-any.whl (33 kB)
2025-08-22T20:44:38.3236936Z Using cached minio-7.1.15-py3-none-any.whl (77 kB)
2025-08-22T20:44:38.3248321Z Using cached python_amazon_sp_api-0.8.0-py3-none-any.whl (93 kB)
2025-08-22T20:44:38.3260172Z Using cached pydantic_settings-2.2.1-py3-none-any.whl (13 kB)
2025-08-22T20:44:38.3271310Z Using cached psycopg-3.2.9-py3-none-any.whl (202 kB)
2025-08-22T20:44:38.3282927Z Using cached sentry_sdk-2.9.0-py2.py3-none-any.whl (301 kB)
2025-08-22T20:44:38.3296068Z Using cached psycopg_binary-3.2.9-cp312-cp312-manylinux_2_17_x86_64.manylinux2014_x86_64.whl (4.4 MB)
2025-08-22T20:44:38.3341098Z Using cached celery-5.3.6-py3-none-any.whl (422 kB)
2025-08-22T20:44:38.3354739Z Using cached redis-5.3.1-py3-none-any.whl (272 kB)
2025-08-22T20:44:38.3367621Z Using cached numpy-1.26.4-cp312-cp312-manylinux_2_17_x86_64.manylinux2014_x86_64.whl (18.0 MB)
2025-08-22T20:44:38.3511356Z Using cached pandas-2.2.3-cp312-cp312-manylinux_2_17_x86_64.manylinux2014_x86_64.whl (12.7 MB)
2025-08-22T20:44:38.3614127Z Using cached pandera-0.19.3-py3-none-any.whl (251 kB)
2025-08-22T20:44:38.3626761Z Using cached openpyxl-3.1.5-py2.py3-none-any.whl (250 kB)
2025-08-22T20:44:38.3639597Z Using cached psycopg2_binary-2.9.10-cp312-cp312-manylinux_2_17_x86_64.manylinux2014_x86_64.whl (3.0 MB)
2025-08-22T20:44:38.3672440Z Using cached billiard-4.2.1-py3-none-any.whl (86 kB)
2025-08-22T20:44:38.3755440Z Downloading boto3-1.40.16-py3-none-any.whl (140 kB)
2025-08-22T20:44:38.3980706Z Downloading botocore-1.40.16-py3-none-any.whl (14.0 MB)
2025-08-22T20:44:38.4703187Z    ━━━━━━━━━━━━━━━━━━━━━━━━━━━━━━━━━━━━━━━━ 14.0/14.0 MB 211.9 MB/s  0:00:00
2025-08-22T20:44:38.4715259Z Using cached cachetools-4.2.4-py3-none-any.whl (10 kB)
2025-08-22T20:44:38.4726306Z Using cached click-8.2.1-py3-none-any.whl (102 kB)
2025-08-22T20:44:38.4737871Z Using cached confuse-1.4.0-py2.py3-none-any.whl (21 kB)
2025-08-22T20:44:38.4748930Z Using cached jmespath-1.0.1-py3-none-any.whl (20 kB)
2025-08-22T20:44:38.4759853Z Using cached kombu-5.5.4-py3-none-any.whl (210 kB)
2025-08-22T20:44:38.4772058Z Using cached vine-5.1.0-py3-none-any.whl (9.6 kB)
2025-08-22T20:44:38.4782849Z Using cached amqp-5.3.1-py3-none-any.whl (50 kB)
2025-08-22T20:44:38.4793901Z Using cached multimethod-1.10-py3-none-any.whl (9.9 kB)
2025-08-22T20:44:38.4804859Z Using cached python_dateutil-2.9.0.post0-py2.py3-none-any.whl (229 kB)
2025-08-22T20:44:38.4817177Z Using cached s3transfer-0.13.1-py3-none-any.whl (85 kB)
2025-08-22T20:44:38.4828607Z Using cached six-1.17.0-py2.py3-none-any.whl (11 kB)
2025-08-22T20:44:38.4839431Z Using cached urllib3-2.5.0-py3-none-any.whl (129 kB)
2025-08-22T20:44:38.4851349Z Using cached click_didyoumean-0.3.1-py3-none-any.whl (3.6 kB)
2025-08-22T20:44:38.4862000Z Using cached click_plugins-1.1.1.2-py2.py3-none-any.whl (11 kB)
2025-08-22T20:44:38.4872582Z Using cached click_repl-0.3.0-py3-none-any.whl (10 kB)
2025-08-22T20:44:38.4883348Z Using cached packaging-25.0-py3-none-any.whl (66 kB)
2025-08-22T20:44:38.4894791Z Using cached prompt_toolkit-3.0.51-py3-none-any.whl (387 kB)
2025-08-22T20:44:38.4908193Z Using cached pydantic-2.11.7-py3-none-any.whl (444 kB)
2025-08-22T20:44:38.4922726Z Using cached pydantic_core-2.33.2-cp312-cp312-manylinux_2_17_x86_64.manylinux2014_x86_64.whl (2.0 MB)
2025-08-22T20:44:38.4948054Z Using cached annotated_types-0.7.0-py3-none-any.whl (13 kB)
2025-08-22T20:44:38.4958879Z Using cached PyJWT-2.10.1-py3-none-any.whl (22 kB)
2025-08-22T20:44:38.4969720Z Using cached python_dotenv-1.1.1-py3-none-any.whl (20 kB)
2025-08-22T20:44:38.4980633Z Using cached pytz-2025.2-py2.py3-none-any.whl (509 kB)
2025-08-22T20:44:38.4995299Z Using cached requests-2.32.5-py3-none-any.whl (64 kB)
2025-08-22T20:44:38.5007150Z Using cached charset_normalizer-3.4.3-cp312-cp312-manylinux2014_x86_64.manylinux_2_17_x86_64.manylinux_2_28_x86_64.whl (151 kB)
2025-08-22T20:44:38.5018486Z Using cached idna-3.10-py3-none-any.whl (70 kB)
2025-08-22T20:44:38.5029873Z Using cached certifi-2025.8.3-py3-none-any.whl (161 kB)
2025-08-22T20:44:38.5042183Z Using cached typing_extensions-4.14.1-py3-none-any.whl (43 kB)
2025-08-22T20:44:38.5053096Z Using cached typing_inspect-0.9.0-py3-none-any.whl (8.8 kB)
2025-08-22T20:44:38.5063960Z Using cached mypy_extensions-1.1.0-py3-none-any.whl (5.0 kB)
2025-08-22T20:44:38.5074677Z Using cached typing_inspection-0.4.1-py3-none-any.whl (14 kB)
2025-08-22T20:44:38.5101059Z Using cached tzdata-2025.2-py2.py3-none-any.whl (347 kB)
2025-08-22T20:44:38.5103535Z Using cached aiohttp-3.12.15-cp312-cp312-manylinux_2_17_x86_64.manylinux2014_x86_64.whl (1.7 MB)
2025-08-22T20:44:38.5124670Z Using cached multidict-6.6.4-cp312-cp312-manylinux2014_x86_64.manylinux_2_17_x86_64.manylinux_2_28_x86_64.whl (256 kB)
2025-08-22T20:44:38.5137952Z Using cached yarl-1.20.1-cp312-cp312-manylinux_2_17_x86_64.manylinux2014_x86_64.whl (355 kB)
2025-08-22T20:44:38.5151644Z Using cached aiohappyeyeballs-2.6.1-py3-none-any.whl (15 kB)
2025-08-22T20:44:38.5163013Z Using cached aiosignal-1.4.0-py3-none-any.whl (7.5 kB)
2025-08-22T20:44:38.5174323Z Using cached attrs-25.3.0-py3-none-any.whl (63 kB)
2025-08-22T20:44:38.5186457Z Using cached frozenlist-1.7.0-cp312-cp312-manylinux_2_5_x86_64.manylinux1_x86_64.manylinux_2_17_x86_64.manylinux2014_x86_64.whl (241 kB)
2025-08-22T20:44:38.5199302Z Using cached propcache-0.3.2-cp312-cp312-manylinux_2_17_x86_64.manylinux2014_x86_64.whl (224 kB)
2025-08-22T20:44:38.5211598Z Using cached et_xmlfile-2.0.0-py3-none-any.whl (18 kB)
2025-08-22T20:44:38.5223390Z Using cached pycryptodome-3.23.0-cp37-abi3-manylinux_2_17_x86_64.manylinux2014_x86_64.whl (2.3 MB)
2025-08-22T20:44:38.5251492Z Using cached PyYAML-6.0.2-cp312-cp312-manylinux_2_17_x86_64.manylinux2014_x86_64.whl (767 kB)
2025-08-22T20:44:38.5268847Z Using cached tqdm-4.67.1-py3-none-any.whl (78 kB)
2025-08-22T20:44:38.5280399Z Using cached typeguard-4.4.4-py3-none-any.whl (34 kB)
2025-08-22T20:44:38.5291701Z Using cached wcwidth-0.2.13-py2.py3-none-any.whl (34 kB)
2025-08-22T20:44:38.5303597Z Using cached wrapt-1.17.3-cp312-cp312-manylinux1_x86_64.manylinux_2_28_x86_64.manylinux_2_5_x86_64.whl (88 kB)
2025-08-22T20:44:38.8003018Z Installing collected packages: wcwidth, pytz, wrapt, vine, urllib3, tzdata, typing-extensions, tqdm, six, pyyaml, python-dotenv, PyJWT, pycryptodome, psycopg2-binary, psycopg-binary, propcache, prompt-toolkit, packaging, numpy, mypy-extensions, multimethod, multidict, jmespath, idna, frozenlist, et-xmlfile, click, charset_normalizer, certifi, cachetools, billiard, attrs, annotated-types, aiohappyeyeballs, yarl, typing-inspection, typing-inspect, typeguard, sentry-sdk, requests, redis, python-dateutil, pydantic-core, psycopg, openpyxl, minio, confuse, click-repl, click-plugins, click-didyoumean, amqp, aiosignal, pydantic, pandas, kombu, botocore, aiohttp, s3transfer, pydantic-settings, pandera, keepa, celery, boto3, python-amazon-sp-api
2025-08-22T20:44:50.0775573Z 
2025-08-22T20:44:50.0895597Z Successfully installed PyJWT-2.10.1 aiohappyeyeballs-2.6.1 aiohttp-3.12.15 aiosignal-1.4.0 amqp-5.3.1 annotated-types-0.7.0 attrs-25.3.0 billiard-4.2.1 boto3-1.40.16 botocore-1.40.16 cachetools-4.2.4 celery-5.3.6 certifi-2025.8.3 charset_normalizer-3.4.3 click-8.2.1 click-didyoumean-0.3.1 click-plugins-1.1.1.2 click-repl-0.3.0 confuse-1.4.0 et-xmlfile-2.0.0 frozenlist-1.7.0 idna-3.10 jmespath-1.0.1 keepa-1.3.14 kombu-5.5.4 minio-7.1.15 multidict-6.6.4 multimethod-1.10 mypy-extensions-1.1.0 numpy-1.26.4 openpyxl-3.1.5 packaging-25.0 pandas-2.2.3 pandera-0.19.3 prompt-toolkit-3.0.51 propcache-0.3.2 psycopg-3.2.9 psycopg-binary-3.2.9 psycopg2-binary-2.9.10 pycryptodome-3.23.0 pydantic-2.11.7 pydantic-core-2.33.2 pydantic-settings-2.2.1 python-amazon-sp-api-0.8.0 python-dateutil-2.9.0.post0 python-dotenv-1.1.1 pytz-2025.2 pyyaml-6.0.2 redis-5.3.1 requests-2.32.5 s3transfer-0.13.1 sentry-sdk-2.9.0 six-1.17.0 tqdm-4.67.1 typeguard-4.4.4 typing-extensions-4.14.1 typing-inspect-0.9.0 typing-inspection-0.4.1 tzdata-2025.2 urllib3-2.5.0 vine-5.1.0 wcwidth-0.2.13 wrapt-1.17.3 yarl-1.20.1
2025-08-22T20:44:51.2210195Z Collecting uvicorn==0.29.0 (from -r services/api/requirements.txt (line 1))
2025-08-22T20:44:51.2223389Z   Using cached uvicorn-0.29.0-py3-none-any.whl.metadata (6.3 kB)
2025-08-22T20:44:51.2259781Z Requirement already satisfied: pydantic-settings==2.2.1 in /opt/hostedtoolcache/Python/3.12.11/x64/lib/python3.12/site-packages (from -r services/api/requirements.txt (line 2)) (2.2.1)
2025-08-22T20:44:51.2669734Z Collecting fastapi==0.111.0 (from -r services/api/requirements.txt (line 3))
2025-08-22T20:44:51.2681216Z   Using cached fastapi-0.111.0-py3-none-any.whl.metadata (25 kB)
2025-08-22T20:44:51.5380365Z Collecting sqlalchemy==2.0.29 (from -r services/api/requirements.txt (line 4))
2025-08-22T20:44:51.5394253Z   Using cached SQLAlchemy-2.0.29-cp312-cp312-manylinux_2_17_x86_64.manylinux2014_x86_64.whl.metadata (9.6 kB)
2025-08-22T20:44:51.5692952Z Collecting alembic==1.13.1 (from -r services/api/requirements.txt (line 5))
2025-08-22T20:44:51.5703706Z   Using cached alembic-1.13.1-py3-none-any.whl.metadata (7.4 kB)
2025-08-22T20:44:51.5728188Z Requirement already satisfied: psycopg==3.2.9 in /opt/hostedtoolcache/Python/3.12.11/x64/lib/python3.12/site-packages (from psycopg[binary]==3.2.9->-r services/api/requirements.txt (line 6)) (3.2.9)
2025-08-22T20:44:51.5910361Z Collecting httpx==0.27.2 (from -r services/api/requirements.txt (line 7))
2025-08-22T20:44:51.5921954Z   Using cached httpx-0.27.2-py3-none-any.whl.metadata (7.1 kB)
2025-08-22T20:44:51.6336881Z Collecting asyncpg==0.29.0 (from -r services/api/requirements.txt (line 8))
2025-08-22T20:44:51.6348478Z   Using cached asyncpg-0.29.0-cp312-cp312-manylinux_2_17_x86_64.manylinux2014_x86_64.whl.metadata (4.4 kB)
2025-08-22T20:44:51.9002644Z Collecting boto3==1.34.162 (from -r services/api/requirements.txt (line 9))
2025-08-22T20:44:51.9016308Z   Using cached boto3-1.34.162-py3-none-any.whl.metadata (6.6 kB)
2025-08-22T20:44:51.9193734Z Collecting Jinja2==3.1.5 (from -r services/api/requirements.txt (line 10))
2025-08-22T20:44:51.9205946Z   Using cached jinja2-3.1.5-py3-none-any.whl.metadata (2.6 kB)
2025-08-22T20:44:51.9224472Z Requirement already satisfied: celery==5.3.* in /opt/hostedtoolcache/Python/3.12.11/x64/lib/python3.12/site-packages (from -r services/api/requirements.txt (line 11)) (5.3.6)
2025-08-22T20:44:51.9372818Z Collecting structlog==24.1.0 (from -r services/api/requirements.txt (line 12))
2025-08-22T20:44:51.9384196Z   Using cached structlog-24.1.0-py3-none-any.whl.metadata (6.9 kB)
2025-08-22T20:44:51.9563534Z Collecting asgi-correlation-id==4.3.1 (from -r services/api/requirements.txt (line 13))
2025-08-22T20:44:51.9575067Z   Using cached asgi_correlation_id-4.3.1-py3-none-any.whl.metadata (28 kB)
2025-08-22T20:44:51.9715295Z Collecting fastapi-limiter==0.1.6 (from -r services/api/requirements.txt (line 14))
2025-08-22T20:44:51.9726734Z   Using cached fastapi_limiter-0.1.6-py3-none-any.whl.metadata (5.3 kB)
2025-08-22T20:44:51.9998078Z Collecting redis==5.0.8 (from -r services/api/requirements.txt (line 15))
2025-08-22T20:44:52.0010026Z   Using cached redis-5.0.8-py3-none-any.whl.metadata (9.2 kB)
2025-08-22T20:44:52.0041644Z Requirement already satisfied: sentry-sdk==2.9.0 in /opt/hostedtoolcache/Python/3.12.11/x64/lib/python3.12/site-packages (from sentry-sdk[celery,fastapi,sqlalchemy]==2.9.0->-r services/api/requirements.txt (line 16)) (2.9.0)
2025-08-22T20:44:52.0055522Z Requirement already satisfied: click>=7.0 in /opt/hostedtoolcache/Python/3.12.11/x64/lib/python3.12/site-packages (from uvicorn==0.29.0->-r services/api/requirements.txt (line 1)) (8.2.1)
2025-08-22T20:44:52.0397086Z Collecting h11>=0.8 (from uvicorn==0.29.0->-r services/api/requirements.txt (line 1))
2025-08-22T20:44:52.0412999Z   Using cached h11-0.16.0-py3-none-any.whl.metadata (8.3 kB)
2025-08-22T20:44:52.0449582Z Requirement already satisfied: pydantic>=2.3.0 in /opt/hostedtoolcache/Python/3.12.11/x64/lib/python3.12/site-packages (from pydantic-settings==2.2.1->-r services/api/requirements.txt (line 2)) (2.11.7)
2025-08-22T20:44:52.0455773Z Requirement already satisfied: python-dotenv>=0.21.0 in /opt/hostedtoolcache/Python/3.12.11/x64/lib/python3.12/site-packages (from pydantic-settings==2.2.1->-r services/api/requirements.txt (line 2)) (1.1.1)
2025-08-22T20:44:52.0964547Z Collecting starlette<0.38.0,>=0.37.2 (from fastapi==0.111.0->-r services/api/requirements.txt (line 3))
2025-08-22T20:44:52.0976448Z   Using cached starlette-0.37.2-py3-none-any.whl.metadata (5.9 kB)
2025-08-22T20:44:52.1006338Z Requirement already satisfied: typing-extensions>=4.8.0 in /opt/hostedtoolcache/Python/3.12.11/x64/lib/python3.12/site-packages (from fastapi==0.111.0->-r services/api/requirements.txt (line 3)) (4.14.1)
2025-08-22T20:44:52.2211676Z Collecting fastapi-cli>=0.0.2 (from fastapi==0.111.0->-r services/api/requirements.txt (line 3))
2025-08-22T20:44:52.2223493Z   Using cached fastapi_cli-0.0.8-py3-none-any.whl.metadata (6.3 kB)
2025-08-22T20:44:52.2428083Z Collecting python-multipart>=0.0.7 (from fastapi==0.111.0->-r services/api/requirements.txt (line 3))
2025-08-22T20:44:52.2439487Z   Using cached python_multipart-0.0.20-py3-none-any.whl.metadata (1.8 kB)
2025-08-22T20:44:52.3050666Z Collecting ujson!=4.0.2,!=4.1.0,!=4.2.0,!=4.3.0,!=5.0.0,!=5.1.0,>=4.0.1 (from fastapi==0.111.0->-r services/api/requirements.txt (line 3))
2025-08-22T20:44:52.3062709Z   Using cached ujson-5.11.0-cp312-cp312-manylinux_2_24_x86_64.manylinux_2_28_x86_64.whl.metadata (9.4 kB)
2025-08-22T20:44:52.5364513Z Collecting orjson>=3.2.1 (from fastapi==0.111.0->-r services/api/requirements.txt (line 3))
2025-08-22T20:44:52.5378417Z   Using cached orjson-3.11.2-cp312-cp312-manylinux_2_17_x86_64.manylinux2014_x86_64.whl.metadata (1.2 kB)
2025-08-22T20:44:52.5524639Z Collecting email_validator>=2.0.0 (from fastapi==0.111.0->-r services/api/requirements.txt (line 3))
2025-08-22T20:44:52.5536120Z   Using cached email_validator-2.2.0-py3-none-any.whl.metadata (25 kB)
2025-08-22T20:44:52.6808774Z Collecting greenlet!=0.4.17 (from sqlalchemy==2.0.29->-r services/api/requirements.txt (line 4))
2025-08-22T20:44:52.6823018Z   Using cached greenlet-3.2.4-cp312-cp312-manylinux_2_24_x86_64.manylinux_2_28_x86_64.whl.metadata (4.1 kB)
2025-08-22T20:44:52.7145353Z Collecting Mako (from alembic==1.13.1->-r services/api/requirements.txt (line 5))
2025-08-22T20:44:52.7156938Z   Using cached mako-1.3.10-py3-none-any.whl.metadata (2.9 kB)
2025-08-22T20:44:52.7417907Z Collecting anyio (from httpx==0.27.2->-r services/api/requirements.txt (line 7))
2025-08-22T20:44:52.7429340Z   Using cached anyio-4.10.0-py3-none-any.whl.metadata (4.0 kB)
2025-08-22T20:44:52.7451705Z Requirement already satisfied: certifi in /opt/hostedtoolcache/Python/3.12.11/x64/lib/python3.12/site-packages (from httpx==0.27.2->-r services/api/requirements.txt (line 7)) (2025.8.3)
2025-08-22T20:44:52.7642507Z Collecting httpcore==1.* (from httpx==0.27.2->-r services/api/requirements.txt (line 7))
2025-08-22T20:44:52.7654038Z   Using cached httpcore-1.0.9-py3-none-any.whl.metadata (21 kB)
2025-08-22T20:44:52.7688289Z Requirement already satisfied: idna in /opt/hostedtoolcache/Python/3.12.11/x64/lib/python3.12/site-packages (from httpx==0.27.2->-r services/api/requirements.txt (line 7)) (3.10)
2025-08-22T20:44:52.7785985Z Collecting sniffio (from httpx==0.27.2->-r services/api/requirements.txt (line 7))
2025-08-22T20:44:52.7797623Z   Using cached sniffio-1.3.1-py3-none-any.whl.metadata (3.9 kB)
2025-08-22T20:44:53.1667331Z Collecting botocore<1.35.0,>=1.34.162 (from boto3==1.34.162->-r services/api/requirements.txt (line 9))
2025-08-22T20:44:53.1681250Z   Using cached botocore-1.34.162-py3-none-any.whl.metadata (5.7 kB)
2025-08-22T20:44:53.1709441Z Requirement already satisfied: jmespath<2.0.0,>=0.7.1 in /opt/hostedtoolcache/Python/3.12.11/x64/lib/python3.12/site-packages (from boto3==1.34.162->-r services/api/requirements.txt (line 9)) (1.0.1)
2025-08-22T20:44:53.1893677Z Collecting s3transfer<0.11.0,>=0.10.0 (from boto3==1.34.162->-r services/api/requirements.txt (line 9))
2025-08-22T20:44:53.1905007Z   Using cached s3transfer-0.10.4-py3-none-any.whl.metadata (1.7 kB)
2025-08-22T20:44:53.2396892Z Collecting MarkupSafe>=2.0 (from Jinja2==3.1.5->-r services/api/requirements.txt (line 10))
2025-08-22T20:44:53.2409084Z   Using cached MarkupSafe-3.0.2-cp312-cp312-manylinux_2_17_x86_64.manylinux2014_x86_64.whl.metadata (4.0 kB)
2025-08-22T20:44:53.2647985Z Requirement already satisfied: urllib3>=1.26.11 in /opt/hostedtoolcache/Python/3.12.11/x64/lib/python3.12/site-packages (from sentry-sdk==2.9.0->sentry-sdk[celery,fastapi,sqlalchemy]==2.9.0->-r services/api/requirements.txt (line 16)) (2.5.0)
2025-08-22T20:44:53.2762280Z Requirement already satisfied: psycopg-binary==3.2.9 in /opt/hostedtoolcache/Python/3.12.11/x64/lib/python3.12/site-packages (from psycopg[binary]==3.2.9->-r services/api/requirements.txt (line 6)) (3.2.9)
2025-08-22T20:44:53.3102269Z Requirement already satisfied: billiard<5.0,>=4.2.0 in /opt/hostedtoolcache/Python/3.12.11/x64/lib/python3.12/site-packages (from celery==5.3.*->-r services/api/requirements.txt (line 11)) (4.2.1)
2025-08-22T20:44:53.3108043Z Requirement already satisfied: click-didyoumean>=0.3.0 in /opt/hostedtoolcache/Python/3.12.11/x64/lib/python3.12/site-packages (from celery==5.3.*->-r services/api/requirements.txt (line 11)) (0.3.1)
2025-08-22T20:44:53.3114140Z Requirement already satisfied: click-plugins>=1.1.1 in /opt/hostedtoolcache/Python/3.12.11/x64/lib/python3.12/site-packages (from celery==5.3.*->-r services/api/requirements.txt (line 11)) (1.1.1.2)
2025-08-22T20:44:53.3119820Z Requirement already satisfied: click-repl>=0.2.0 in /opt/hostedtoolcache/Python/3.12.11/x64/lib/python3.12/site-packages (from celery==5.3.*->-r services/api/requirements.txt (line 11)) (0.3.0)
2025-08-22T20:44:53.3129034Z Requirement already satisfied: kombu<6.0,>=5.3.4 in /opt/hostedtoolcache/Python/3.12.11/x64/lib/python3.12/site-packages (from celery==5.3.*->-r services/api/requirements.txt (line 11)) (5.5.4)
2025-08-22T20:44:53.3134736Z Requirement already satisfied: python-dateutil>=2.8.2 in /opt/hostedtoolcache/Python/3.12.11/x64/lib/python3.12/site-packages (from celery==5.3.*->-r services/api/requirements.txt (line 11)) (2.9.0.post0)
2025-08-22T20:44:53.3140706Z Requirement already satisfied: tzdata>=2022.7 in /opt/hostedtoolcache/Python/3.12.11/x64/lib/python3.12/site-packages (from celery==5.3.*->-r services/api/requirements.txt (line 11)) (2025.2)
2025-08-22T20:44:53.3147213Z Requirement already satisfied: vine<6.0,>=5.1.0 in /opt/hostedtoolcache/Python/3.12.11/x64/lib/python3.12/site-packages (from celery==5.3.*->-r services/api/requirements.txt (line 11)) (5.1.0)
2025-08-22T20:44:53.3280203Z Requirement already satisfied: amqp<6.0.0,>=5.1.1 in /opt/hostedtoolcache/Python/3.12.11/x64/lib/python3.12/site-packages (from kombu<6.0,>=5.3.4->celery==5.3.*->-r services/api/requirements.txt (line 11)) (5.3.1)
2025-08-22T20:44:53.3290578Z Requirement already satisfied: packaging in /opt/hostedtoolcache/Python/3.12.11/x64/lib/python3.12/site-packages (from kombu<6.0,>=5.3.4->celery==5.3.*->-r services/api/requirements.txt (line 11)) (25.0)
2025-08-22T20:44:53.3357369Z Requirement already satisfied: annotated-types>=0.6.0 in /opt/hostedtoolcache/Python/3.12.11/x64/lib/python3.12/site-packages (from pydantic>=2.3.0->pydantic-settings==2.2.1->-r services/api/requirements.txt (line 2)) (0.7.0)
2025-08-22T20:44:53.3362381Z Requirement already satisfied: pydantic-core==2.33.2 in /opt/hostedtoolcache/Python/3.12.11/x64/lib/python3.12/site-packages (from pydantic>=2.3.0->pydantic-settings==2.2.1->-r services/api/requirements.txt (line 2)) (2.33.2)
2025-08-22T20:44:53.3370334Z Requirement already satisfied: typing-inspection>=0.4.0 in /opt/hostedtoolcache/Python/3.12.11/x64/lib/python3.12/site-packages (from pydantic>=2.3.0->pydantic-settings==2.2.1->-r services/api/requirements.txt (line 2)) (0.4.1)
2025-08-22T20:44:53.3405939Z Requirement already satisfied: six>=1.5 in /opt/hostedtoolcache/Python/3.12.11/x64/lib/python3.12/site-packages (from python-dateutil>=2.8.2->celery==5.3.*->-r services/api/requirements.txt (line 11)) (1.17.0)
2025-08-22T20:44:53.5075563Z Requirement already satisfied: prompt-toolkit>=3.0.36 in /opt/hostedtoolcache/Python/3.12.11/x64/lib/python3.12/site-packages (from click-repl>=0.2.0->celery==5.3.*->-r services/api/requirements.txt (line 11)) (3.0.51)
2025-08-22T20:44:53.5229936Z Collecting dnspython>=2.0.0 (from email_validator>=2.0.0->fastapi==0.111.0->-r services/api/requirements.txt (line 3))
2025-08-22T20:44:53.5241671Z   Using cached dnspython-2.7.0-py3-none-any.whl.metadata (5.8 kB)
2025-08-22T20:44:53.5488727Z Collecting typer>=0.15.1 (from fastapi-cli>=0.0.2->fastapi==0.111.0->-r services/api/requirements.txt (line 3))
2025-08-22T20:44:53.5502089Z   Using cached typer-0.16.1-py3-none-any.whl.metadata (15 kB)
2025-08-22T20:44:53.5766466Z Collecting rich-toolkit>=0.14.8 (from fastapi-cli>=0.0.2->fastapi==0.111.0->-r services/api/requirements.txt (line 3))
2025-08-22T20:44:53.5777660Z   Using cached rich_toolkit-0.15.0-py3-none-any.whl.metadata (1.0 kB)
2025-08-22T20:44:53.5874676Z Requirement already satisfied: wcwidth in /opt/hostedtoolcache/Python/3.12.11/x64/lib/python3.12/site-packages (from prompt-toolkit>=3.0.36->click-repl>=0.2.0->celery==5.3.*->-r services/api/requirements.txt (line 11)) (0.2.13)
2025-08-22T20:44:53.6287795Z Collecting rich>=13.7.1 (from rich-toolkit>=0.14.8->fastapi-cli>=0.0.2->fastapi==0.111.0->-r services/api/requirements.txt (line 3))
2025-08-22T20:44:53.6298794Z   Using cached rich-14.1.0-py3-none-any.whl.metadata (18 kB)
2025-08-22T20:44:53.6494480Z Collecting markdown-it-py>=2.2.0 (from rich>=13.7.1->rich-toolkit>=0.14.8->fastapi-cli>=0.0.2->fastapi==0.111.0->-r services/api/requirements.txt (line 3))
2025-08-22T20:44:53.6505214Z   Using cached markdown_it_py-4.0.0-py3-none-any.whl.metadata (7.3 kB)
2025-08-22T20:44:53.6761814Z Collecting pygments<3.0.0,>=2.13.0 (from rich>=13.7.1->rich-toolkit>=0.14.8->fastapi-cli>=0.0.2->fastapi==0.111.0->-r services/api/requirements.txt (line 3))
2025-08-22T20:44:53.6772531Z   Using cached pygments-2.19.2-py3-none-any.whl.metadata (2.5 kB)
2025-08-22T20:44:53.6914289Z Collecting mdurl~=0.1 (from markdown-it-py>=2.2.0->rich>=13.7.1->rich-toolkit>=0.14.8->fastapi-cli>=0.0.2->fastapi==0.111.0->-r services/api/requirements.txt (line 3))
2025-08-22T20:44:53.6924772Z   Using cached mdurl-0.1.2-py3-none-any.whl.metadata (1.6 kB)
2025-08-22T20:44:53.7130475Z Collecting shellingham>=1.3.0 (from typer>=0.15.1->fastapi-cli>=0.0.2->fastapi==0.111.0->-r services/api/requirements.txt (line 3))
2025-08-22T20:44:53.7141749Z   Using cached shellingham-1.5.4-py2.py3-none-any.whl.metadata (3.5 kB)
2025-08-22T20:44:53.7619638Z Collecting httptools>=0.5.0 (from uvicorn[standard]>=0.12.0->fastapi==0.111.0->-r services/api/requirements.txt (line 3))
2025-08-22T20:44:53.7631159Z   Using cached httptools-0.6.4-cp312-cp312-manylinux_2_5_x86_64.manylinux1_x86_64.manylinux_2_17_x86_64.manylinux2014_x86_64.whl.metadata (3.6 kB)
2025-08-22T20:44:53.7655669Z Requirement already satisfied: pyyaml>=5.1 in /opt/hostedtoolcache/Python/3.12.11/x64/lib/python3.12/site-packages (from uvicorn[standard]>=0.12.0->fastapi==0.111.0->-r services/api/requirements.txt (line 3)) (6.0.2)
2025-08-22T20:44:53.8049071Z Collecting uvloop!=0.15.0,!=0.15.1,>=0.14.0 (from uvicorn[standard]>=0.12.0->fastapi==0.111.0->-r services/api/requirements.txt (line 3))
2025-08-22T20:44:53.8060544Z   Using cached uvloop-0.21.0-cp312-cp312-manylinux_2_17_x86_64.manylinux2014_x86_64.whl.metadata (4.9 kB)
2025-08-22T20:44:53.8794706Z Collecting watchfiles>=0.13 (from uvicorn[standard]>=0.12.0->fastapi==0.111.0->-r services/api/requirements.txt (line 3))
2025-08-22T20:44:53.8806758Z   Using cached watchfiles-1.1.0-cp312-cp312-manylinux_2_17_x86_64.manylinux2014_x86_64.whl.metadata (4.9 kB)
2025-08-22T20:44:53.9674574Z Collecting websockets>=10.4 (from uvicorn[standard]>=0.12.0->fastapi==0.111.0->-r services/api/requirements.txt (line 3))
2025-08-22T20:44:53.9686966Z   Using cached websockets-15.0.1-cp312-cp312-manylinux_2_5_x86_64.manylinux1_x86_64.manylinux_2_17_x86_64.manylinux2014_x86_64.whl.metadata (6.8 kB)
2025-08-22T20:44:53.9962208Z Using cached uvicorn-0.29.0-py3-none-any.whl (60 kB)
2025-08-22T20:44:53.9973695Z Using cached fastapi-0.111.0-py3-none-any.whl (91 kB)
2025-08-22T20:44:53.9985780Z Using cached SQLAlchemy-2.0.29-cp312-cp312-manylinux_2_17_x86_64.manylinux2014_x86_64.whl (3.2 MB)
2025-08-22T20:44:54.0020799Z Using cached alembic-1.13.1-py3-none-any.whl (233 kB)
2025-08-22T20:44:54.0033328Z Using cached httpx-0.27.2-py3-none-any.whl (76 kB)
2025-08-22T20:44:54.0045008Z Using cached asyncpg-0.29.0-cp312-cp312-manylinux_2_17_x86_64.manylinux2014_x86_64.whl (3.3 MB)
2025-08-22T20:44:54.0080086Z Using cached boto3-1.34.162-py3-none-any.whl (139 kB)
2025-08-22T20:44:54.0091611Z Using cached jinja2-3.1.5-py3-none-any.whl (134 kB)
2025-08-22T20:44:54.0103110Z Using cached structlog-24.1.0-py3-none-any.whl (65 kB)
2025-08-22T20:44:54.0114266Z Using cached asgi_correlation_id-4.3.1-py3-none-any.whl (15 kB)
2025-08-22T20:44:54.0124842Z Using cached fastapi_limiter-0.1.6-py3-none-any.whl (15 kB)
2025-08-22T20:44:54.0135328Z Using cached redis-5.0.8-py3-none-any.whl (255 kB)
2025-08-22T20:44:54.0147653Z Using cached botocore-1.34.162-py3-none-any.whl (12.5 MB)
2025-08-22T20:44:54.0249779Z Using cached httpcore-1.0.9-py3-none-any.whl (78 kB)
2025-08-22T20:44:54.0261277Z Using cached s3transfer-0.10.4-py3-none-any.whl (83 kB)
2025-08-22T20:44:54.0272566Z Using cached starlette-0.37.2-py3-none-any.whl (71 kB)
2025-08-22T20:44:54.0283711Z Using cached anyio-4.10.0-py3-none-any.whl (107 kB)
2025-08-22T20:44:54.0295060Z Using cached email_validator-2.2.0-py3-none-any.whl (33 kB)
2025-08-22T20:44:54.0305978Z Using cached dnspython-2.7.0-py3-none-any.whl (313 kB)
2025-08-22T20:44:54.0318832Z Using cached fastapi_cli-0.0.8-py3-none-any.whl (10 kB)
2025-08-22T20:44:54.0330155Z Using cached greenlet-3.2.4-cp312-cp312-manylinux_2_24_x86_64.manylinux_2_28_x86_64.whl (607 kB)
2025-08-22T20:44:54.0345140Z Using cached h11-0.16.0-py3-none-any.whl (37 kB)
2025-08-22T20:44:54.0356429Z Using cached MarkupSafe-3.0.2-cp312-cp312-manylinux_2_17_x86_64.manylinux2014_x86_64.whl (23 kB)
2025-08-22T20:44:54.0367301Z Using cached orjson-3.11.2-cp312-cp312-manylinux_2_17_x86_64.manylinux2014_x86_64.whl (121 kB)
2025-08-22T20:44:54.0378563Z Using cached python_multipart-0.0.20-py3-none-any.whl (24 kB)
2025-08-22T20:44:54.0389019Z Using cached rich_toolkit-0.15.0-py3-none-any.whl (29 kB)
2025-08-22T20:44:54.0399598Z Using cached rich-14.1.0-py3-none-any.whl (243 kB)
2025-08-22T20:44:54.0411916Z Using cached pygments-2.19.2-py3-none-any.whl (1.2 MB)
2025-08-22T20:44:54.0432176Z Using cached markdown_it_py-4.0.0-py3-none-any.whl (87 kB)
2025-08-22T20:44:54.0443258Z Using cached mdurl-0.1.2-py3-none-any.whl (10.0 kB)
2025-08-22T20:44:54.0453809Z Using cached sniffio-1.3.1-py3-none-any.whl (10 kB)
2025-08-22T20:44:54.0464574Z Using cached typer-0.16.1-py3-none-any.whl (46 kB)
2025-08-22T20:44:54.0475374Z Using cached shellingham-1.5.4-py2.py3-none-any.whl (9.8 kB)
2025-08-22T20:44:54.0486034Z Using cached ujson-5.11.0-cp312-cp312-manylinux_2_24_x86_64.manylinux_2_28_x86_64.whl (57 kB)
2025-08-22T20:44:54.0497833Z Using cached httptools-0.6.4-cp312-cp312-manylinux_2_5_x86_64.manylinux1_x86_64.manylinux_2_17_x86_64.manylinux2014_x86_64.whl (510 kB)
2025-08-22T20:44:54.0511578Z Using cached uvloop-0.21.0-cp312-cp312-manylinux_2_17_x86_64.manylinux2014_x86_64.whl (4.7 MB)
2025-08-22T20:44:54.0556169Z Using cached watchfiles-1.1.0-cp312-cp312-manylinux_2_17_x86_64.manylinux2014_x86_64.whl (452 kB)
2025-08-22T20:44:54.0570512Z Using cached websockets-15.0.1-cp312-cp312-manylinux_2_5_x86_64.manylinux1_x86_64.manylinux_2_17_x86_64.manylinux2014_x86_64.whl (182 kB)
2025-08-22T20:44:54.0581835Z Using cached mako-1.3.10-py3-none-any.whl (78 kB)
2025-08-22T20:44:54.2959138Z Installing collected packages: websockets, uvloop, ujson, structlog, sniffio, shellingham, redis, python-multipart, pygments, orjson, mdurl, MarkupSafe, httptools, h11, greenlet, dnspython, asyncpg, uvicorn, sqlalchemy, markdown-it-py, Mako, Jinja2, httpcore, email_validator, botocore, anyio, watchfiles, starlette, s3transfer, rich, httpx, alembic, typer, rich-toolkit, boto3, asgi-correlation-id, fastapi-cli, fastapi, fastapi-limiter
2025-08-22T20:44:54.5387965Z   Attempting uninstall: redis
2025-08-22T20:44:54.5420044Z     Found existing installation: redis 5.3.1
2025-08-22T20:44:54.5499497Z     Uninstalling redis-5.3.1:
2025-08-22T20:44:54.5516176Z       Successfully uninstalled redis-5.3.1
2025-08-22T20:44:57.4767964Z   Attempting uninstall: botocore
2025-08-22T20:44:57.4817090Z     Found existing installation: botocore 1.40.16
2025-08-22T20:44:57.5550472Z     Uninstalling botocore-1.40.16:
2025-08-22T20:44:57.5796862Z       Successfully uninstalled botocore-1.40.16
2025-08-22T20:44:58.3578869Z   Attempting uninstall: s3transfer
2025-08-22T20:44:58.3624458Z     Found existing installation: s3transfer 0.13.1
2025-08-22T20:44:58.3651346Z     Uninstalling s3transfer-0.13.1:
2025-08-22T20:44:58.3659791Z       Successfully uninstalled s3transfer-0.13.1
2025-08-22T20:44:58.8724134Z   Attempting uninstall: boto3
2025-08-22T20:44:58.8754658Z     Found existing installation: boto3 1.40.16
2025-08-22T20:44:58.8818376Z     Uninstalling boto3-1.40.16:
2025-08-22T20:44:58.8836558Z       Successfully uninstalled boto3-1.40.16
2025-08-22T20:44:59.0434106Z 
2025-08-22T20:44:59.0519955Z Successfully installed Jinja2-3.1.5 Mako-1.3.10 MarkupSafe-3.0.2 alembic-1.13.1 anyio-4.10.0 asgi-correlation-id-4.3.1 asyncpg-0.29.0 boto3-1.34.162 botocore-1.34.162 dnspython-2.7.0 email_validator-2.2.0 fastapi-0.111.0 fastapi-cli-0.0.8 fastapi-limiter-0.1.6 greenlet-3.2.4 h11-0.16.0 httpcore-1.0.9 httptools-0.6.4 httpx-0.27.2 markdown-it-py-4.0.0 mdurl-0.1.2 orjson-3.11.2 pygments-2.19.2 python-multipart-0.0.20 redis-5.0.8 rich-14.1.0 rich-toolkit-0.15.0 s3transfer-0.10.4 shellingham-1.5.4 sniffio-1.3.1 sqlalchemy-2.0.29 starlette-0.37.2 structlog-24.1.0 typer-0.16.1 ujson-5.11.0 uvicorn-0.29.0 uvloop-0.21.0 watchfiles-1.1.0 websockets-15.0.1
2025-08-22T20:44:59.6799073Z Requirement already satisfied: uvicorn==0.29.0 in /opt/hostedtoolcache/Python/3.12.11/x64/lib/python3.12/site-packages (from -r services/repricer/requirements.txt (line 1)) (0.29.0)
2025-08-22T20:44:59.6803381Z Requirement already satisfied: pydantic-settings==2.2.1 in /opt/hostedtoolcache/Python/3.12.11/x64/lib/python3.12/site-packages (from -r services/repricer/requirements.txt (line 2)) (2.2.1)
2025-08-22T20:44:59.6807598Z Requirement already satisfied: python-amazon-sp-api==0.8.0 in /opt/hostedtoolcache/Python/3.12.11/x64/lib/python3.12/site-packages (from -r services/repricer/requirements.txt (line 3)) (0.8.0)
2025-08-22T20:44:59.6812009Z Requirement already satisfied: fastapi==0.111.0 in /opt/hostedtoolcache/Python/3.12.11/x64/lib/python3.12/site-packages (from -r services/repricer/requirements.txt (line 4)) (0.111.0)
2025-08-22T20:44:59.6816080Z Requirement already satisfied: sqlalchemy==2.0.29 in /opt/hostedtoolcache/Python/3.12.11/x64/lib/python3.12/site-packages (from -r services/repricer/requirements.txt (line 5)) (2.0.29)
2025-08-22T20:44:59.6827442Z Requirement already satisfied: click>=7.0 in /opt/hostedtoolcache/Python/3.12.11/x64/lib/python3.12/site-packages (from uvicorn==0.29.0->-r services/repricer/requirements.txt (line 1)) (8.2.1)
2025-08-22T20:44:59.6833179Z Requirement already satisfied: h11>=0.8 in /opt/hostedtoolcache/Python/3.12.11/x64/lib/python3.12/site-packages (from uvicorn==0.29.0->-r services/repricer/requirements.txt (line 1)) (0.16.0)
2025-08-22T20:44:59.6855905Z Requirement already satisfied: pydantic>=2.3.0 in /opt/hostedtoolcache/Python/3.12.11/x64/lib/python3.12/site-packages (from pydantic-settings==2.2.1->-r services/repricer/requirements.txt (line 2)) (2.11.7)
2025-08-22T20:44:59.6861329Z Requirement already satisfied: python-dotenv>=0.21.0 in /opt/hostedtoolcache/Python/3.12.11/x64/lib/python3.12/site-packages (from pydantic-settings==2.2.1->-r services/repricer/requirements.txt (line 2)) (1.1.1)
2025-08-22T20:44:59.6872454Z Requirement already satisfied: requests in /opt/hostedtoolcache/Python/3.12.11/x64/lib/python3.12/site-packages (from python-amazon-sp-api==0.8.0->-r services/repricer/requirements.txt (line 3)) (2.32.5)
2025-08-22T20:44:59.6879165Z Requirement already satisfied: six<2,>=1.15 in /opt/hostedtoolcache/Python/3.12.11/x64/lib/python3.12/site-packages (from python-amazon-sp-api==0.8.0->-r services/repricer/requirements.txt (line 3)) (1.17.0)
2025-08-22T20:44:59.6886608Z Requirement already satisfied: boto3<2,>=1.16.39 in /opt/hostedtoolcache/Python/3.12.11/x64/lib/python3.12/site-packages (from python-amazon-sp-api==0.8.0->-r services/repricer/requirements.txt (line 3)) (1.34.162)
2025-08-22T20:44:59.6893000Z Requirement already satisfied: cachetools~=4.2.0 in /opt/hostedtoolcache/Python/3.12.11/x64/lib/python3.12/site-packages (from python-amazon-sp-api==0.8.0->-r services/repricer/requirements.txt (line 3)) (4.2.4)
2025-08-22T20:44:59.6896943Z Requirement already satisfied: pycryptodome in /opt/hostedtoolcache/Python/3.12.11/x64/lib/python3.12/site-packages (from python-amazon-sp-api==0.8.0->-r services/repricer/requirements.txt (line 3)) (3.23.0)
2025-08-22T20:44:59.6900702Z Requirement already satisfied: pytz in /opt/hostedtoolcache/Python/3.12.11/x64/lib/python3.12/site-packages (from python-amazon-sp-api==0.8.0->-r services/repricer/requirements.txt (line 3)) (2025.2)
2025-08-22T20:44:59.6906850Z Requirement already satisfied: confuse~=1.4.0 in /opt/hostedtoolcache/Python/3.12.11/x64/lib/python3.12/site-packages (from python-amazon-sp-api==0.8.0->-r services/repricer/requirements.txt (line 3)) (1.4.0)
2025-08-22T20:44:59.6922520Z Requirement already satisfied: starlette<0.38.0,>=0.37.2 in /opt/hostedtoolcache/Python/3.12.11/x64/lib/python3.12/site-packages (from fastapi==0.111.0->-r services/repricer/requirements.txt (line 4)) (0.37.2)
2025-08-22T20:44:59.6932318Z Requirement already satisfied: typing-extensions>=4.8.0 in /opt/hostedtoolcache/Python/3.12.11/x64/lib/python3.12/site-packages (from fastapi==0.111.0->-r services/repricer/requirements.txt (line 4)) (4.14.1)
2025-08-22T20:44:59.6937294Z Requirement already satisfied: fastapi-cli>=0.0.2 in /opt/hostedtoolcache/Python/3.12.11/x64/lib/python3.12/site-packages (from fastapi==0.111.0->-r services/repricer/requirements.txt (line 4)) (0.0.8)
2025-08-22T20:44:59.6942116Z Requirement already satisfied: httpx>=0.23.0 in /opt/hostedtoolcache/Python/3.12.11/x64/lib/python3.12/site-packages (from fastapi==0.111.0->-r services/repricer/requirements.txt (line 4)) (0.27.2)
2025-08-22T20:44:59.6947618Z Requirement already satisfied: jinja2>=2.11.2 in /opt/hostedtoolcache/Python/3.12.11/x64/lib/python3.12/site-packages (from fastapi==0.111.0->-r services/repricer/requirements.txt (line 4)) (3.1.5)
2025-08-22T20:44:59.6952748Z Requirement already satisfied: python-multipart>=0.0.7 in /opt/hostedtoolcache/Python/3.12.11/x64/lib/python3.12/site-packages (from fastapi==0.111.0->-r services/repricer/requirements.txt (line 4)) (0.0.20)
2025-08-22T20:44:59.6960775Z Requirement already satisfied: ujson!=4.0.2,!=4.1.0,!=4.2.0,!=4.3.0,!=5.0.0,!=5.1.0,>=4.0.1 in /opt/hostedtoolcache/Python/3.12.11/x64/lib/python3.12/site-packages (from fastapi==0.111.0->-r services/repricer/requirements.txt (line 4)) (5.11.0)
2025-08-22T20:44:59.6965616Z Requirement already satisfied: orjson>=3.2.1 in /opt/hostedtoolcache/Python/3.12.11/x64/lib/python3.12/site-packages (from fastapi==0.111.0->-r services/repricer/requirements.txt (line 4)) (3.11.2)
2025-08-22T20:44:59.6970490Z Requirement already satisfied: email_validator>=2.0.0 in /opt/hostedtoolcache/Python/3.12.11/x64/lib/python3.12/site-packages (from fastapi==0.111.0->-r services/repricer/requirements.txt (line 4)) (2.2.0)
2025-08-22T20:44:59.7018231Z Requirement already satisfied: greenlet!=0.4.17 in /opt/hostedtoolcache/Python/3.12.11/x64/lib/python3.12/site-packages (from sqlalchemy==2.0.29->-r services/repricer/requirements.txt (line 5)) (3.2.4)
2025-08-22T20:44:59.7065843Z Requirement already satisfied: botocore<1.35.0,>=1.34.162 in /opt/hostedtoolcache/Python/3.12.11/x64/lib/python3.12/site-packages (from boto3<2,>=1.16.39->python-amazon-sp-api==0.8.0->-r services/repricer/requirements.txt (line 3)) (1.34.162)
2025-08-22T20:44:59.7072755Z Requirement already satisfied: jmespath<2.0.0,>=0.7.1 in /opt/hostedtoolcache/Python/3.12.11/x64/lib/python3.12/site-packages (from boto3<2,>=1.16.39->python-amazon-sp-api==0.8.0->-r services/repricer/requirements.txt (line 3)) (1.0.1)
2025-08-22T20:44:59.7079614Z Requirement already satisfied: s3transfer<0.11.0,>=0.10.0 in /opt/hostedtoolcache/Python/3.12.11/x64/lib/python3.12/site-packages (from boto3<2,>=1.16.39->python-amazon-sp-api==0.8.0->-r services/repricer/requirements.txt (line 3)) (0.10.4)
2025-08-22T20:44:59.7097208Z Requirement already satisfied: python-dateutil<3.0.0,>=2.1 in /opt/hostedtoolcache/Python/3.12.11/x64/lib/python3.12/site-packages (from botocore<1.35.0,>=1.34.162->boto3<2,>=1.16.39->python-amazon-sp-api==0.8.0->-r services/repricer/requirements.txt (line 3)) (2.9.0.post0)
2025-08-22T20:44:59.7110306Z Requirement already satisfied: urllib3!=2.2.0,<3,>=1.25.4 in /opt/hostedtoolcache/Python/3.12.11/x64/lib/python3.12/site-packages (from botocore<1.35.0,>=1.34.162->boto3<2,>=1.16.39->python-amazon-sp-api==0.8.0->-r services/repricer/requirements.txt (line 3)) (2.5.0)
2025-08-22T20:44:59.7129899Z Requirement already satisfied: pyyaml in /opt/hostedtoolcache/Python/3.12.11/x64/lib/python3.12/site-packages (from confuse~=1.4.0->python-amazon-sp-api==0.8.0->-r services/repricer/requirements.txt (line 3)) (6.0.2)
2025-08-22T20:44:59.7165582Z Requirement already satisfied: annotated-types>=0.6.0 in /opt/hostedtoolcache/Python/3.12.11/x64/lib/python3.12/site-packages (from pydantic>=2.3.0->pydantic-settings==2.2.1->-r services/repricer/requirements.txt (line 2)) (0.7.0)
2025-08-22T20:44:59.7171081Z Requirement already satisfied: pydantic-core==2.33.2 in /opt/hostedtoolcache/Python/3.12.11/x64/lib/python3.12/site-packages (from pydantic>=2.3.0->pydantic-settings==2.2.1->-r services/repricer/requirements.txt (line 2)) (2.33.2)
2025-08-22T20:44:59.7178325Z Requirement already satisfied: typing-inspection>=0.4.0 in /opt/hostedtoolcache/Python/3.12.11/x64/lib/python3.12/site-packages (from pydantic>=2.3.0->pydantic-settings==2.2.1->-r services/repricer/requirements.txt (line 2)) (0.4.1)
2025-08-22T20:44:59.7241342Z Requirement already satisfied: anyio<5,>=3.4.0 in /opt/hostedtoolcache/Python/3.12.11/x64/lib/python3.12/site-packages (from starlette<0.38.0,>=0.37.2->fastapi==0.111.0->-r services/repricer/requirements.txt (line 4)) (4.10.0)
2025-08-22T20:44:59.7262516Z Requirement already satisfied: idna>=2.8 in /opt/hostedtoolcache/Python/3.12.11/x64/lib/python3.12/site-packages (from anyio<5,>=3.4.0->starlette<0.38.0,>=0.37.2->fastapi==0.111.0->-r services/repricer/requirements.txt (line 4)) (3.10)
2025-08-22T20:44:59.7268540Z Requirement already satisfied: sniffio>=1.1 in /opt/hostedtoolcache/Python/3.12.11/x64/lib/python3.12/site-packages (from anyio<5,>=3.4.0->starlette<0.38.0,>=0.37.2->fastapi==0.111.0->-r services/repricer/requirements.txt (line 4)) (1.3.1)
2025-08-22T20:44:59.7327133Z Requirement already satisfied: dnspython>=2.0.0 in /opt/hostedtoolcache/Python/3.12.11/x64/lib/python3.12/site-packages (from email_validator>=2.0.0->fastapi==0.111.0->-r services/repricer/requirements.txt (line 4)) (2.7.0)
2025-08-22T20:44:59.7377130Z Requirement already satisfied: typer>=0.15.1 in /opt/hostedtoolcache/Python/3.12.11/x64/lib/python3.12/site-packages (from fastapi-cli>=0.0.2->fastapi==0.111.0->-r services/repricer/requirements.txt (line 4)) (0.16.1)
2025-08-22T20:44:59.7388916Z Requirement already satisfied: rich-toolkit>=0.14.8 in /opt/hostedtoolcache/Python/3.12.11/x64/lib/python3.12/site-packages (from fastapi-cli>=0.0.2->fastapi==0.111.0->-r services/repricer/requirements.txt (line 4)) (0.15.0)
2025-08-22T20:44:59.7431293Z Requirement already satisfied: certifi in /opt/hostedtoolcache/Python/3.12.11/x64/lib/python3.12/site-packages (from httpx>=0.23.0->fastapi==0.111.0->-r services/repricer/requirements.txt (line 4)) (2025.8.3)
2025-08-22T20:44:59.7437350Z Requirement already satisfied: httpcore==1.* in /opt/hostedtoolcache/Python/3.12.11/x64/lib/python3.12/site-packages (from httpx>=0.23.0->fastapi==0.111.0->-r services/repricer/requirements.txt (line 4)) (1.0.9)
2025-08-22T20:44:59.7496286Z Requirement already satisfied: MarkupSafe>=2.0 in /opt/hostedtoolcache/Python/3.12.11/x64/lib/python3.12/site-packages (from jinja2>=2.11.2->fastapi==0.111.0->-r services/repricer/requirements.txt (line 4)) (3.0.2)
2025-08-22T20:44:59.7555585Z Requirement already satisfied: rich>=13.7.1 in /opt/hostedtoolcache/Python/3.12.11/x64/lib/python3.12/site-packages (from rich-toolkit>=0.14.8->fastapi-cli>=0.0.2->fastapi==0.111.0->-r services/repricer/requirements.txt (line 4)) (14.1.0)
2025-08-22T20:44:59.7579813Z Requirement already satisfied: markdown-it-py>=2.2.0 in /opt/hostedtoolcache/Python/3.12.11/x64/lib/python3.12/site-packages (from rich>=13.7.1->rich-toolkit>=0.14.8->fastapi-cli>=0.0.2->fastapi==0.111.0->-r services/repricer/requirements.txt (line 4)) (4.0.0)
2025-08-22T20:44:59.7587245Z Requirement already satisfied: pygments<3.0.0,>=2.13.0 in /opt/hostedtoolcache/Python/3.12.11/x64/lib/python3.12/site-packages (from rich>=13.7.1->rich-toolkit>=0.14.8->fastapi-cli>=0.0.2->fastapi==0.111.0->-r services/repricer/requirements.txt (line 4)) (2.19.2)
2025-08-22T20:44:59.7614309Z Requirement already satisfied: mdurl~=0.1 in /opt/hostedtoolcache/Python/3.12.11/x64/lib/python3.12/site-packages (from markdown-it-py>=2.2.0->rich>=13.7.1->rich-toolkit>=0.14.8->fastapi-cli>=0.0.2->fastapi==0.111.0->-r services/repricer/requirements.txt (line 4)) (0.1.2)
2025-08-22T20:44:59.7680539Z Requirement already satisfied: shellingham>=1.3.0 in /opt/hostedtoolcache/Python/3.12.11/x64/lib/python3.12/site-packages (from typer>=0.15.1->fastapi-cli>=0.0.2->fastapi==0.111.0->-r services/repricer/requirements.txt (line 4)) (1.5.4)
2025-08-22T20:44:59.7754618Z Requirement already satisfied: httptools>=0.5.0 in /opt/hostedtoolcache/Python/3.12.11/x64/lib/python3.12/site-packages (from uvicorn[standard]>=0.12.0->fastapi==0.111.0->-r services/repricer/requirements.txt (line 4)) (0.6.4)
2025-08-22T20:44:59.7771987Z Requirement already satisfied: uvloop!=0.15.0,!=0.15.1,>=0.14.0 in /opt/hostedtoolcache/Python/3.12.11/x64/lib/python3.12/site-packages (from uvicorn[standard]>=0.12.0->fastapi==0.111.0->-r services/repricer/requirements.txt (line 4)) (0.21.0)
2025-08-22T20:44:59.7781135Z Requirement already satisfied: watchfiles>=0.13 in /opt/hostedtoolcache/Python/3.12.11/x64/lib/python3.12/site-packages (from uvicorn[standard]>=0.12.0->fastapi==0.111.0->-r services/repricer/requirements.txt (line 4)) (1.1.0)
2025-08-22T20:44:59.7789296Z Requirement already satisfied: websockets>=10.4 in /opt/hostedtoolcache/Python/3.12.11/x64/lib/python3.12/site-packages (from uvicorn[standard]>=0.12.0->fastapi==0.111.0->-r services/repricer/requirements.txt (line 4)) (15.0.1)
2025-08-22T20:44:59.7922367Z Requirement already satisfied: charset_normalizer<4,>=2 in /opt/hostedtoolcache/Python/3.12.11/x64/lib/python3.12/site-packages (from requests->python-amazon-sp-api==0.8.0->-r services/repricer/requirements.txt (line 3)) (3.4.3)
2025-08-22T20:45:00.4844028Z Collecting celery==5.4.* (from celery[redis]==5.4.*->-r services/fees_h10/requirements.txt (line 1))
2025-08-22T20:45:00.4858120Z   Using cached celery-5.4.0-py3-none-any.whl.metadata (21 kB)
2025-08-22T20:45:00.5069586Z Requirement already satisfied: asyncpg in /opt/hostedtoolcache/Python/3.12.11/x64/lib/python3.12/site-packages (from -r services/fees_h10/requirements.txt (line 2)) (0.29.0)
2025-08-22T20:45:00.5073455Z Requirement already satisfied: httpx in /opt/hostedtoolcache/Python/3.12.11/x64/lib/python3.12/site-packages (from -r services/fees_h10/requirements.txt (line 3)) (0.27.2)
2025-08-22T20:45:00.5076996Z Requirement already satisfied: sqlalchemy in /opt/hostedtoolcache/Python/3.12.11/x64/lib/python3.12/site-packages (from -r services/fees_h10/requirements.txt (line 4)) (2.0.29)
2025-08-22T20:45:00.5089641Z Requirement already satisfied: billiard<5.0,>=4.2.0 in /opt/hostedtoolcache/Python/3.12.11/x64/lib/python3.12/site-packages (from celery==5.4.*->celery[redis]==5.4.*->-r services/fees_h10/requirements.txt (line 1)) (4.2.1)
2025-08-22T20:45:00.5095483Z Requirement already satisfied: kombu<6.0,>=5.3.4 in /opt/hostedtoolcache/Python/3.12.11/x64/lib/python3.12/site-packages (from celery==5.4.*->celery[redis]==5.4.*->-r services/fees_h10/requirements.txt (line 1)) (5.5.4)
2025-08-22T20:45:00.5101049Z Requirement already satisfied: vine<6.0,>=5.1.0 in /opt/hostedtoolcache/Python/3.12.11/x64/lib/python3.12/site-packages (from celery==5.4.*->celery[redis]==5.4.*->-r services/fees_h10/requirements.txt (line 1)) (5.1.0)
2025-08-22T20:45:00.5107525Z Requirement already satisfied: click<9.0,>=8.1.2 in /opt/hostedtoolcache/Python/3.12.11/x64/lib/python3.12/site-packages (from celery==5.4.*->celery[redis]==5.4.*->-r services/fees_h10/requirements.txt (line 1)) (8.2.1)
2025-08-22T20:45:00.5113646Z Requirement already satisfied: click-didyoumean>=0.3.0 in /opt/hostedtoolcache/Python/3.12.11/x64/lib/python3.12/site-packages (from celery==5.4.*->celery[redis]==5.4.*->-r services/fees_h10/requirements.txt (line 1)) (0.3.1)
2025-08-22T20:45:00.5119508Z Requirement already satisfied: click-repl>=0.2.0 in /opt/hostedtoolcache/Python/3.12.11/x64/lib/python3.12/site-packages (from celery==5.4.*->celery[redis]==5.4.*->-r services/fees_h10/requirements.txt (line 1)) (0.3.0)
2025-08-22T20:45:00.5125640Z Requirement already satisfied: click-plugins>=1.1.1 in /opt/hostedtoolcache/Python/3.12.11/x64/lib/python3.12/site-packages (from celery==5.4.*->celery[redis]==5.4.*->-r services/fees_h10/requirements.txt (line 1)) (1.1.1.2)
2025-08-22T20:45:00.5131594Z Requirement already satisfied: tzdata>=2022.7 in /opt/hostedtoolcache/Python/3.12.11/x64/lib/python3.12/site-packages (from celery==5.4.*->celery[redis]==5.4.*->-r services/fees_h10/requirements.txt (line 1)) (2025.2)
2025-08-22T20:45:00.5137733Z Requirement already satisfied: python-dateutil>=2.8.2 in /opt/hostedtoolcache/Python/3.12.11/x64/lib/python3.12/site-packages (from celery==5.4.*->celery[redis]==5.4.*->-r services/fees_h10/requirements.txt (line 1)) (2.9.0.post0)
2025-08-22T20:45:00.5179464Z Requirement already satisfied: redis!=4.5.5,<6.0.0,>=4.5.2 in /opt/hostedtoolcache/Python/3.12.11/x64/lib/python3.12/site-packages (from celery[redis]==5.4.*->-r services/fees_h10/requirements.txt (line 1)) (5.0.8)
2025-08-22T20:45:00.5202561Z Requirement already satisfied: amqp<6.0.0,>=5.1.1 in /opt/hostedtoolcache/Python/3.12.11/x64/lib/python3.12/site-packages (from kombu<6.0,>=5.3.4->celery==5.4.*->celery[redis]==5.4.*->-r services/fees_h10/requirements.txt (line 1)) (5.3.1)
2025-08-22T20:45:00.5214500Z Requirement already satisfied: packaging in /opt/hostedtoolcache/Python/3.12.11/x64/lib/python3.12/site-packages (from kombu<6.0,>=5.3.4->celery==5.4.*->celery[redis]==5.4.*->-r services/fees_h10/requirements.txt (line 1)) (25.0)
2025-08-22T20:45:00.5298823Z Requirement already satisfied: anyio in /opt/hostedtoolcache/Python/3.12.11/x64/lib/python3.12/site-packages (from httpx->-r services/fees_h10/requirements.txt (line 3)) (4.10.0)
2025-08-22T20:45:00.5303988Z Requirement already satisfied: certifi in /opt/hostedtoolcache/Python/3.12.11/x64/lib/python3.12/site-packages (from httpx->-r services/fees_h10/requirements.txt (line 3)) (2025.8.3)
2025-08-22T20:45:00.5309619Z Requirement already satisfied: httpcore==1.* in /opt/hostedtoolcache/Python/3.12.11/x64/lib/python3.12/site-packages (from httpx->-r services/fees_h10/requirements.txt (line 3)) (1.0.9)
2025-08-22T20:45:00.5314567Z Requirement already satisfied: idna in /opt/hostedtoolcache/Python/3.12.11/x64/lib/python3.12/site-packages (from httpx->-r services/fees_h10/requirements.txt (line 3)) (3.10)
2025-08-22T20:45:00.5319171Z Requirement already satisfied: sniffio in /opt/hostedtoolcache/Python/3.12.11/x64/lib/python3.12/site-packages (from httpx->-r services/fees_h10/requirements.txt (line 3)) (1.3.1)
2025-08-22T20:45:00.5344802Z Requirement already satisfied: h11>=0.16 in /opt/hostedtoolcache/Python/3.12.11/x64/lib/python3.12/site-packages (from httpcore==1.*->httpx->-r services/fees_h10/requirements.txt (line 3)) (0.16.0)
2025-08-22T20:45:00.5364222Z Requirement already satisfied: typing-extensions>=4.6.0 in /opt/hostedtoolcache/Python/3.12.11/x64/lib/python3.12/site-packages (from sqlalchemy->-r services/fees_h10/requirements.txt (line 4)) (4.14.1)
2025-08-22T20:45:00.5378904Z Requirement already satisfied: greenlet!=0.4.17 in /opt/hostedtoolcache/Python/3.12.11/x64/lib/python3.12/site-packages (from sqlalchemy->-r services/fees_h10/requirements.txt (line 4)) (3.2.4)
2025-08-22T20:45:00.5450347Z Requirement already satisfied: prompt-toolkit>=3.0.36 in /opt/hostedtoolcache/Python/3.12.11/x64/lib/python3.12/site-packages (from click-repl>=0.2.0->celery==5.4.*->celery[redis]==5.4.*->-r services/fees_h10/requirements.txt (line 1)) (3.0.51)
2025-08-22T20:45:00.5487593Z Requirement already satisfied: wcwidth in /opt/hostedtoolcache/Python/3.12.11/x64/lib/python3.12/site-packages (from prompt-toolkit>=3.0.36->click-repl>=0.2.0->celery==5.4.*->celery[redis]==5.4.*->-r services/fees_h10/requirements.txt (line 1)) (0.2.13)
2025-08-22T20:45:00.5502786Z Requirement already satisfied: six>=1.5 in /opt/hostedtoolcache/Python/3.12.11/x64/lib/python3.12/site-packages (from python-dateutil>=2.8.2->celery==5.4.*->celery[redis]==5.4.*->-r services/fees_h10/requirements.txt (line 1)) (1.17.0)
2025-08-22T20:45:00.5620325Z Using cached celery-5.4.0-py3-none-any.whl (425 kB)
2025-08-22T20:45:00.6951547Z Installing collected packages: celery
2025-08-22T20:45:00.6953732Z   Attempting uninstall: celery
2025-08-22T20:45:00.6997985Z     Found existing installation: celery 5.3.6
2025-08-22T20:45:00.7145357Z     Uninstalling celery-5.3.6:
2025-08-22T20:45:00.7173438Z       Successfully uninstalled celery-5.3.6
2025-08-22T20:45:01.0399460Z Successfully installed celery-5.4.0
2025-08-22T20:45:01.5521693Z Collecting python-telegram-bot==20.8 (from -r services/alert_bot/requirements.txt (line 1))
2025-08-22T20:45:01.5535408Z   Using cached python_telegram_bot-20.8-py3-none-any.whl.metadata (15 kB)
2025-08-22T20:45:01.5763181Z Collecting APScheduler==3.10.4 (from -r services/alert_bot/requirements.txt (line 2))
2025-08-22T20:45:01.5774358Z   Using cached APScheduler-3.10.4-py3-none-any.whl.metadata (5.7 kB)
2025-08-22T20:45:01.5817845Z Requirement already satisfied: asyncpg in /opt/hostedtoolcache/Python/3.12.11/x64/lib/python3.12/site-packages (from -r services/alert_bot/requirements.txt (line 3)) (0.29.0)
2025-08-22T20:45:01.6036965Z Collecting httpx~=0.26.0 (from python-telegram-bot==20.8->-r services/alert_bot/requirements.txt (line 1))
2025-08-22T20:45:01.6047994Z   Using cached httpx-0.26.0-py3-none-any.whl.metadata (7.6 kB)
2025-08-22T20:45:01.6088359Z Requirement already satisfied: six>=1.4.0 in /opt/hostedtoolcache/Python/3.12.11/x64/lib/python3.12/site-packages (from APScheduler==3.10.4->-r services/alert_bot/requirements.txt (line 2)) (1.17.0)
2025-08-22T20:45:01.6092188Z Requirement already satisfied: pytz in /opt/hostedtoolcache/Python/3.12.11/x64/lib/python3.12/site-packages (from APScheduler==3.10.4->-r services/alert_bot/requirements.txt (line 2)) (2025.2)
2025-08-22T20:45:01.6270845Z Collecting tzlocal!=3.*,>=2.0 (from APScheduler==3.10.4->-r services/alert_bot/requirements.txt (line 2))
2025-08-22T20:45:01.6281855Z   Using cached tzlocal-5.3.1-py3-none-any.whl.metadata (7.6 kB)
2025-08-22T20:45:01.6314996Z Requirement already satisfied: anyio in /opt/hostedtoolcache/Python/3.12.11/x64/lib/python3.12/site-packages (from httpx~=0.26.0->python-telegram-bot==20.8->-r services/alert_bot/requirements.txt (line 1)) (4.10.0)
2025-08-22T20:45:01.6318739Z Requirement already satisfied: certifi in /opt/hostedtoolcache/Python/3.12.11/x64/lib/python3.12/site-packages (from httpx~=0.26.0->python-telegram-bot==20.8->-r services/alert_bot/requirements.txt (line 1)) (2025.8.3)
2025-08-22T20:45:01.6323574Z Requirement already satisfied: httpcore==1.* in /opt/hostedtoolcache/Python/3.12.11/x64/lib/python3.12/site-packages (from httpx~=0.26.0->python-telegram-bot==20.8->-r services/alert_bot/requirements.txt (line 1)) (1.0.9)
2025-08-22T20:45:01.6326828Z Requirement already satisfied: idna in /opt/hostedtoolcache/Python/3.12.11/x64/lib/python3.12/site-packages (from httpx~=0.26.0->python-telegram-bot==20.8->-r services/alert_bot/requirements.txt (line 1)) (3.10)
2025-08-22T20:45:01.6330269Z Requirement already satisfied: sniffio in /opt/hostedtoolcache/Python/3.12.11/x64/lib/python3.12/site-packages (from httpx~=0.26.0->python-telegram-bot==20.8->-r services/alert_bot/requirements.txt (line 1)) (1.3.1)
2025-08-22T20:45:01.6344965Z Requirement already satisfied: h11>=0.16 in /opt/hostedtoolcache/Python/3.12.11/x64/lib/python3.12/site-packages (from httpcore==1.*->httpx~=0.26.0->python-telegram-bot==20.8->-r services/alert_bot/requirements.txt (line 1)) (0.16.0)
2025-08-22T20:45:01.6395528Z Requirement already satisfied: typing_extensions>=4.5 in /opt/hostedtoolcache/Python/3.12.11/x64/lib/python3.12/site-packages (from anyio->httpx~=0.26.0->python-telegram-bot==20.8->-r services/alert_bot/requirements.txt (line 1)) (4.14.1)
2025-08-22T20:45:01.6446610Z Using cached python_telegram_bot-20.8-py3-none-any.whl (604 kB)
2025-08-22T20:45:01.6463160Z Using cached APScheduler-3.10.4-py3-none-any.whl (59 kB)
2025-08-22T20:45:01.6473889Z Using cached httpx-0.26.0-py3-none-any.whl (75 kB)
2025-08-22T20:45:01.6484904Z Using cached tzlocal-5.3.1-py3-none-any.whl (18 kB)
2025-08-22T20:45:01.7979215Z Installing collected packages: tzlocal, httpx, APScheduler, python-telegram-bot
2025-08-22T20:45:01.8105633Z   Attempting uninstall: httpx
2025-08-22T20:45:01.8137651Z     Found existing installation: httpx 0.27.2
2025-08-22T20:45:01.8175755Z     Uninstalling httpx-0.27.2:
2025-08-22T20:45:01.8188579Z       Successfully uninstalled httpx-0.27.2
2025-08-22T20:45:02.2360424Z 
2025-08-22T20:45:02.2445911Z Successfully installed APScheduler-3.10.4 httpx-0.26.0 python-telegram-bot-20.8 tzlocal-5.3.1
2025-08-22T20:45:02.7598408Z Collecting Jinja2==3.1.6 (from -r requirements-dev.txt (line 2))
2025-08-22T20:45:02.7611632Z   Using cached jinja2-3.1.6-py3-none-any.whl.metadata (2.9 kB)
2025-08-22T20:45:02.7856090Z Collecting alembic==1.16.4 (from -r requirements-dev.txt (line 3))
2025-08-22T20:45:02.7867716Z   Using cached alembic-1.16.4-py3-none-any.whl.metadata (7.3 kB)
2025-08-22T20:45:02.7890570Z Requirement already satisfied: apscheduler==3.10.4 in /opt/hostedtoolcache/Python/3.12.11/x64/lib/python3.12/site-packages (from -r requirements-dev.txt (line 4)) (3.10.4)
2025-08-22T20:45:02.7895286Z Requirement already satisfied: asgi-correlation-id==4.3.1 in /opt/hostedtoolcache/Python/3.12.11/x64/lib/python3.12/site-packages (from -r requirements-dev.txt (line 5)) (4.3.1)
2025-08-22T20:45:02.8308208Z Collecting asyncpg==0.30.0 (from -r requirements-dev.txt (line 6))
2025-08-22T20:45:02.8319771Z   Using cached asyncpg-0.30.0-cp312-cp312-manylinux_2_17_x86_64.manylinux2014_x86_64.whl.metadata (5.0 kB)
2025-08-22T20:45:02.8803379Z Collecting black==25.1.0 (from -r requirements-dev.txt (line 7))
2025-08-22T20:45:02.8815176Z   Using cached black-25.1.0-cp312-cp312-manylinux_2_17_x86_64.manylinux2014_x86_64.manylinux_2_28_x86_64.whl.metadata (81 kB)
2025-08-22T20:45:02.8899808Z Requirement already satisfied: boto3 in /opt/hostedtoolcache/Python/3.12.11/x64/lib/python3.12/site-packages (from -r requirements-dev.txt (line 8)) (1.34.162)
2025-08-22T20:45:02.9299557Z Collecting redis==6.* (from -r requirements-dev.txt (line 9))
2025-08-22T20:45:02.9311265Z   Using cached redis-6.4.0-py3-none-any.whl.metadata (10 kB)
2025-08-22T20:45:02.9342715Z Requirement already satisfied: minio==7.* in /opt/hostedtoolcache/Python/3.12.11/x64/lib/python3.12/site-packages (from -r requirements-dev.txt (line 10)) (7.1.15)
2025-08-22T20:45:02.9491852Z Collecting vulture==2.10 (from -r requirements-dev.txt (line 11))
2025-08-22T20:45:02.9503036Z   Using cached vulture-2.10-py2.py3-none-any.whl.metadata (23 kB)
2025-08-22T20:45:02.9848761Z Collecting celery==5.5.3 (from -r requirements-dev.txt (line 12))
2025-08-22T20:45:02.9859851Z   Using cached celery-5.5.3-py3-none-any.whl.metadata (22 kB)
2025-08-22T20:45:03.0481696Z Collecting fastapi==0.116.1 (from -r requirements-dev.txt (line 13))
2025-08-22T20:45:03.0492756Z   Using cached fastapi-0.116.1-py3-none-any.whl.metadata (28 kB)
2025-08-22T20:45:03.0563107Z Requirement already satisfied: fastapi-limiter==0.1.6 in /opt/hostedtoolcache/Python/3.12.11/x64/lib/python3.12/site-packages (from -r requirements-dev.txt (line 15)) (0.1.6)
2025-08-22T20:45:03.0772154Z Collecting httpx<0.29,>=0.27 (from -r requirements-dev.txt (line 16))
2025-08-22T20:45:03.0783393Z   Using cached httpx-0.28.1-py3-none-any.whl.metadata (7.1 kB)
2025-08-22T20:45:03.0982615Z Collecting imapclient==3.0.1 (from -r requirements-dev.txt (line 17))
2025-08-22T20:45:03.0993740Z   Using cached IMAPClient-3.0.1-py2.py3-none-any.whl.metadata (1.7 kB)
2025-08-22T20:45:03.1126094Z Collecting itsdangerous (from -r requirements-dev.txt (line 18))
2025-08-22T20:45:03.1137510Z   Using cached itsdangerous-2.2.0-py3-none-any.whl.metadata (1.9 kB)
2025-08-22T20:45:03.2178254Z Collecting mypy==1.* (from -r requirements-dev.txt (line 19))
2025-08-22T20:45:03.2191653Z   Using cached mypy-1.17.1-cp312-cp312-manylinux2014_x86_64.manylinux_2_17_x86_64.manylinux_2_28_x86_64.whl.metadata (2.2 kB)
2025-08-22T20:45:03.2220780Z Requirement already satisfied: mypy-extensions==1.1.0 in /opt/hostedtoolcache/Python/3.12.11/x64/lib/python3.12/site-packages (from -r requirements-dev.txt (line 20)) (1.1.0)
2025-08-22T20:45:03.2224661Z Requirement already satisfied: numpy<2 in /opt/hostedtoolcache/Python/3.12.11/x64/lib/python3.12/site-packages (from -r requirements-dev.txt (line 21)) (1.26.4)
2025-08-22T20:45:03.2228669Z Requirement already satisfied: openpyxl==3.1.5 in /opt/hostedtoolcache/Python/3.12.11/x64/lib/python3.12/site-packages (from -r requirements-dev.txt (line 22)) (3.1.5)
2025-08-22T20:45:03.2233132Z Requirement already satisfied: pandas==2.2.* in /opt/hostedtoolcache/Python/3.12.11/x64/lib/python3.12/site-packages (from -r requirements-dev.txt (line 23)) (2.2.3)
2025-08-22T20:45:03.2237758Z Requirement already satisfied: psycopg2-binary==2.9.10 in /opt/hostedtoolcache/Python/3.12.11/x64/lib/python3.12/site-packages (from -r requirements-dev.txt (line 24)) (2.9.10)
2025-08-22T20:45:03.2243151Z Requirement already satisfied: psycopg==3.2.9 in /opt/hostedtoolcache/Python/3.12.11/x64/lib/python3.12/site-packages (from psycopg[binary]==3.2.9->-r requirements-dev.txt (line 25)) (3.2.9)
2025-08-22T20:45:03.2247146Z Requirement already satisfied: pydantic==2.11.7 in /opt/hostedtoolcache/Python/3.12.11/x64/lib/python3.12/site-packages (from -r requirements-dev.txt (line 26)) (2.11.7)
2025-08-22T20:45:03.3472456Z Collecting setuptools (from -r requirements-dev.txt (line 27))
2025-08-22T20:45:03.3485070Z   Using cached setuptools-80.9.0-py3-none-any.whl.metadata (6.6 kB)
2025-08-22T20:45:03.3775159Z Collecting pytest-asyncio==1.1.0 (from -r requirements-dev.txt (line 28))
2025-08-22T20:45:03.3786972Z   Using cached pytest_asyncio-1.1.0-py3-none-any.whl.metadata (4.1 kB)
2025-08-22T20:45:03.3960407Z Collecting pytest-cov==6.2.1 (from -r requirements-dev.txt (line 29))
2025-08-22T20:45:03.3971687Z   Using cached pytest_cov-6.2.1-py3-none-any.whl.metadata (30 kB)
2025-08-22T20:45:03.4150293Z Collecting pytest-postgresql==7.0.2 (from -r requirements-dev.txt (line 30))
2025-08-22T20:45:03.4161395Z   Using cached pytest_postgresql-7.0.2-py3-none-any.whl.metadata (18 kB)
2025-08-22T20:45:03.4191245Z Requirement already satisfied: python-dotenv in /opt/hostedtoolcache/Python/3.12.11/x64/lib/python3.12/site-packages (from -r requirements-dev.txt (line 31)) (1.1.1)
2025-08-22T20:45:03.4194850Z Requirement already satisfied: python-multipart in /opt/hostedtoolcache/Python/3.12.11/x64/lib/python3.12/site-packages (from -r requirements-dev.txt (line 32)) (0.0.20)
2025-08-22T20:45:03.4535200Z Collecting python-telegram-bot==22.3 (from -r requirements-dev.txt (line 33))
2025-08-22T20:45:03.4546395Z   Using cached python_telegram_bot-22.3-py3-none-any.whl.metadata (17 kB)
2025-08-22T20:45:03.4860456Z Collecting requests==2.32.4 (from -r requirements-dev.txt (line 34))
2025-08-22T20:45:03.4871500Z   Using cached requests-2.32.4-py3-none-any.whl.metadata (4.9 kB)
2025-08-22T20:45:03.5061333Z Collecting respx==0.22.0 (from -r requirements-dev.txt (line 35))
2025-08-22T20:45:03.5072435Z   Using cached respx-0.22.0-py2.py3-none-any.whl.metadata (4.1 kB)
2025-08-22T20:45:03.8938375Z Collecting ruff==0.9.9 (from -r requirements-dev.txt (line 36))
2025-08-22T20:45:03.8952110Z   Using cached ruff-0.9.9-py3-none-manylinux_2_17_x86_64.manylinux2014_x86_64.whl.metadata (25 kB)
2025-08-22T20:45:04.1513130Z Collecting sqlalchemy==2.0.43 (from -r requirements-dev.txt (line 37))
2025-08-22T20:45:04.1527165Z   Using cached sqlalchemy-2.0.43-cp312-cp312-manylinux_2_17_x86_64.manylinux2014_x86_64.whl.metadata (9.6 kB)
2025-08-22T20:45:04.1629562Z Requirement already satisfied: structlog==24.1.0 in /opt/hostedtoolcache/Python/3.12.11/x64/lib/python3.12/site-packages (from -r requirements-dev.txt (line 38)) (24.1.0)
2025-08-22T20:45:04.1799595Z Collecting testcontainers==4.12.0 (from testcontainers[postgres]==4.12.0->-r requirements-dev.txt (line 39))
2025-08-22T20:45:04.1810331Z   Using cached testcontainers-4.12.0-py3-none-any.whl.metadata (8.3 kB)
2025-08-22T20:45:04.2231668Z Collecting types-requests==2.32.4.20250809 (from -r requirements-dev.txt (line 40))
2025-08-22T20:45:04.2242541Z   Using cached types_requests-2.32.4.20250809-py3-none-any.whl.metadata (2.0 kB)
2025-08-22T20:45:04.2430362Z Collecting docspec-python==2.2.2 (from -r requirements-dev.txt (line 41))
2025-08-22T20:45:04.2441399Z   Using cached docspec_python-2.2.2-py3-none-any.whl.metadata (1.0 kB)
2025-08-22T20:45:04.2643227Z Collecting pydoc-markdown==4.8.2 (from -r requirements-dev.txt (line 42))
2025-08-22T20:45:04.2654055Z   Using cached pydoc_markdown-4.8.2-py3-none-any.whl.metadata (5.9 kB)
2025-08-22T20:45:04.2685338Z Requirement already satisfied: pandera==0.19.* in /opt/hostedtoolcache/Python/3.12.11/x64/lib/python3.12/site-packages (from -r requirements-dev.txt (line 43)) (0.19.3)
2025-08-22T20:45:04.2702825Z Requirement already satisfied: MarkupSafe>=2.0 in /opt/hostedtoolcache/Python/3.12.11/x64/lib/python3.12/site-packages (from Jinja2==3.1.6->-r requirements-dev.txt (line 2)) (3.0.2)
2025-08-22T20:45:04.2840648Z Requirement already satisfied: Mako in /opt/hostedtoolcache/Python/3.12.11/x64/lib/python3.12/site-packages (from alembic==1.16.4->-r requirements-dev.txt (line 3)) (1.3.10)
2025-08-22T20:45:04.2844880Z Requirement already satisfied: typing-extensions>=4.12 in /opt/hostedtoolcache/Python/3.12.11/x64/lib/python3.12/site-packages (from alembic==1.16.4->-r requirements-dev.txt (line 3)) (4.14.1)
2025-08-22T20:45:04.2858900Z Requirement already satisfied: six>=1.4.0 in /opt/hostedtoolcache/Python/3.12.11/x64/lib/python3.12/site-packages (from apscheduler==3.10.4->-r requirements-dev.txt (line 4)) (1.17.0)
2025-08-22T20:45:04.2863075Z Requirement already satisfied: pytz in /opt/hostedtoolcache/Python/3.12.11/x64/lib/python3.12/site-packages (from apscheduler==3.10.4->-r requirements-dev.txt (line 4)) (2025.2)
2025-08-22T20:45:04.2869604Z Requirement already satisfied: tzlocal!=3.*,>=2.0 in /opt/hostedtoolcache/Python/3.12.11/x64/lib/python3.12/site-packages (from apscheduler==3.10.4->-r requirements-dev.txt (line 4)) (5.3.1)
2025-08-22T20:45:04.2907459Z Requirement already satisfied: starlette>=0.18 in /opt/hostedtoolcache/Python/3.12.11/x64/lib/python3.12/site-packages (from asgi-correlation-id==4.3.1->-r requirements-dev.txt (line 5)) (0.37.2)
2025-08-22T20:45:04.2927566Z Requirement already satisfied: click>=8.0.0 in /opt/hostedtoolcache/Python/3.12.11/x64/lib/python3.12/site-packages (from black==25.1.0->-r requirements-dev.txt (line 7)) (8.2.1)
2025-08-22T20:45:04.2932681Z Requirement already satisfied: packaging>=22.0 in /opt/hostedtoolcache/Python/3.12.11/x64/lib/python3.12/site-packages (from black==25.1.0->-r requirements-dev.txt (line 7)) (25.0)
2025-08-22T20:45:04.3081616Z Collecting pathspec>=0.9.0 (from black==25.1.0->-r requirements-dev.txt (line 7))
2025-08-22T20:45:04.3093241Z   Using cached pathspec-0.12.1-py3-none-any.whl.metadata (21 kB)
2025-08-22T20:45:04.3344953Z Collecting platformdirs>=2 (from black==25.1.0->-r requirements-dev.txt (line 7))
2025-08-22T20:45:04.3356430Z   Using cached platformdirs-4.3.8-py3-none-any.whl.metadata (12 kB)
2025-08-22T20:45:04.3511782Z Collecting toml (from vulture==2.10->-r requirements-dev.txt (line 11))
2025-08-22T20:45:04.3523040Z   Using cached toml-0.10.2-py2.py3-none-any.whl.metadata (7.1 kB)
2025-08-22T20:45:04.3553117Z Requirement already satisfied: billiard<5.0,>=4.2.1 in /opt/hostedtoolcache/Python/3.12.11/x64/lib/python3.12/site-packages (from celery==5.5.3->-r requirements-dev.txt (line 12)) (4.2.1)
2025-08-22T20:45:04.3557521Z Requirement already satisfied: kombu<5.6,>=5.5.2 in /opt/hostedtoolcache/Python/3.12.11/x64/lib/python3.12/site-packages (from celery==5.5.3->-r requirements-dev.txt (line 12)) (5.5.4)
2025-08-22T20:45:04.3562229Z Requirement already satisfied: vine<6.0,>=5.1.0 in /opt/hostedtoolcache/Python/3.12.11/x64/lib/python3.12/site-packages (from celery==5.5.3->-r requirements-dev.txt (line 12)) (5.1.0)
2025-08-22T20:45:04.3567432Z Requirement already satisfied: click-didyoumean>=0.3.0 in /opt/hostedtoolcache/Python/3.12.11/x64/lib/python3.12/site-packages (from celery==5.5.3->-r requirements-dev.txt (line 12)) (0.3.1)
2025-08-22T20:45:04.3571702Z Requirement already satisfied: click-repl>=0.2.0 in /opt/hostedtoolcache/Python/3.12.11/x64/lib/python3.12/site-packages (from celery==5.5.3->-r requirements-dev.txt (line 12)) (0.3.0)
2025-08-22T20:45:04.3575778Z Requirement already satisfied: click-plugins>=1.1.1 in /opt/hostedtoolcache/Python/3.12.11/x64/lib/python3.12/site-packages (from celery==5.5.3->-r requirements-dev.txt (line 12)) (1.1.1.2)
2025-08-22T20:45:04.3580514Z Requirement already satisfied: python-dateutil>=2.8.2 in /opt/hostedtoolcache/Python/3.12.11/x64/lib/python3.12/site-packages (from celery==5.5.3->-r requirements-dev.txt (line 12)) (2.9.0.post0)
2025-08-22T20:45:04.3974669Z Collecting starlette>=0.18 (from asgi-correlation-id==4.3.1->-r requirements-dev.txt (line 5))
2025-08-22T20:45:04.3987020Z   Using cached starlette-0.47.2-py3-none-any.whl.metadata (6.2 kB)
2025-08-22T20:45:04.4035385Z Requirement already satisfied: annotated-types>=0.6.0 in /opt/hostedtoolcache/Python/3.12.11/x64/lib/python3.12/site-packages (from pydantic==2.11.7->-r requirements-dev.txt (line 26)) (0.7.0)
2025-08-22T20:45:04.4040590Z Requirement already satisfied: pydantic-core==2.33.2 in /opt/hostedtoolcache/Python/3.12.11/x64/lib/python3.12/site-packages (from pydantic==2.11.7->-r requirements-dev.txt (line 26)) (2.33.2)
2025-08-22T20:45:04.4047718Z Requirement already satisfied: typing-inspection>=0.4.0 in /opt/hostedtoolcache/Python/3.12.11/x64/lib/python3.12/site-packages (from pydantic==2.11.7->-r requirements-dev.txt (line 26)) (0.4.1)
2025-08-22T20:45:04.4224534Z Requirement already satisfied: et-xmlfile in /opt/hostedtoolcache/Python/3.12.11/x64/lib/python3.12/site-packages (from openpyxl==3.1.5->-r requirements-dev.txt (line 22)) (2.0.0)
2025-08-22T20:45:04.4656258Z Collecting pytest<9,>=8.2 (from pytest-asyncio==1.1.0->-r requirements-dev.txt (line 28))
2025-08-22T20:45:04.4668074Z   Using cached pytest-8.4.1-py3-none-any.whl.metadata (7.7 kB)
2025-08-22T20:45:04.8218037Z Collecting coverage>=7.5 (from coverage[toml]>=7.5->pytest-cov==6.2.1->-r requirements-dev.txt (line 29))
2025-08-22T20:45:04.8232294Z   Using cached coverage-7.10.4-cp312-cp312-manylinux1_x86_64.manylinux_2_28_x86_64.manylinux_2_5_x86_64.whl.metadata (8.9 kB)
2025-08-22T20:45:04.8413431Z Collecting pluggy>=1.2 (from pytest-cov==6.2.1->-r requirements-dev.txt (line 29))
2025-08-22T20:45:04.8425331Z   Using cached pluggy-1.6.0-py3-none-any.whl.metadata (4.8 kB)
2025-08-22T20:45:04.8690638Z Collecting port-for>=0.7.3 (from pytest-postgresql==7.0.2->-r requirements-dev.txt (line 30))
2025-08-22T20:45:04.8702197Z   Using cached port_for-0.7.4-py3-none-any.whl.metadata (7.1 kB)
2025-08-22T20:45:04.8918227Z Collecting mirakuru>=2.6.0 (from pytest-postgresql==7.0.2->-r requirements-dev.txt (line 30))
2025-08-22T20:45:04.8930009Z   Using cached mirakuru-2.6.1-py3-none-any.whl.metadata (10 kB)
2025-08-22T20:45:04.8983242Z Requirement already satisfied: charset_normalizer<4,>=2 in /opt/hostedtoolcache/Python/3.12.11/x64/lib/python3.12/site-packages (from requests==2.32.4->-r requirements-dev.txt (line 34)) (3.4.3)
2025-08-22T20:45:04.8988529Z Requirement already satisfied: idna<4,>=2.5 in /opt/hostedtoolcache/Python/3.12.11/x64/lib/python3.12/site-packages (from requests==2.32.4->-r requirements-dev.txt (line 34)) (3.10)
2025-08-22T20:45:04.8993506Z Requirement already satisfied: urllib3<3,>=1.21.1 in /opt/hostedtoolcache/Python/3.12.11/x64/lib/python3.12/site-packages (from requests==2.32.4->-r requirements-dev.txt (line 34)) (2.5.0)
2025-08-22T20:45:04.8998088Z Requirement already satisfied: certifi>=2017.4.17 in /opt/hostedtoolcache/Python/3.12.11/x64/lib/python3.12/site-packages (from requests==2.32.4->-r requirements-dev.txt (line 34)) (2025.8.3)
2025-08-22T20:45:04.9100326Z Requirement already satisfied: greenlet>=1 in /opt/hostedtoolcache/Python/3.12.11/x64/lib/python3.12/site-packages (from sqlalchemy==2.0.43->-r requirements-dev.txt (line 37)) (3.2.4)
2025-08-22T20:45:04.9365326Z Collecting docker (from testcontainers==4.12.0->testcontainers[postgres]==4.12.0->-r requirements-dev.txt (line 39))
2025-08-22T20:45:04.9376914Z   Using cached docker-7.1.0-py3-none-any.whl.metadata (3.8 kB)
2025-08-22T20:45:04.9417423Z Requirement already satisfied: wrapt in /opt/hostedtoolcache/Python/3.12.11/x64/lib/python3.12/site-packages (from testcontainers==4.12.0->testcontainers[postgres]==4.12.0->-r requirements-dev.txt (line 39)) (1.17.3)
2025-08-22T20:45:04.9601430Z Collecting docspec==2.2.1 (from docspec-python==2.2.2->-r requirements-dev.txt (line 41))
2025-08-22T20:45:04.9613635Z   Using cached docspec-2.2.1-py3-none-any.whl.metadata (1.5 kB)
2025-08-22T20:45:04.9804829Z Collecting nr-util>=0.8.12 (from docspec-python==2.2.2->-r requirements-dev.txt (line 41))
2025-08-22T20:45:04.9816203Z   Using cached nr.util-0.8.12-py3-none-any.whl.metadata (813 bytes)
2025-08-22T20:45:04.9848153Z Requirement already satisfied: PyYAML<7.0,>=5.0 in /opt/hostedtoolcache/Python/3.12.11/x64/lib/python3.12/site-packages (from pydoc-markdown==4.8.2->-r requirements-dev.txt (line 42)) (6.0.2)
2025-08-22T20:45:05.0119673Z Collecting databind.core<5.0.0,>=4.4.0 (from pydoc-markdown==4.8.2->-r requirements-dev.txt (line 42))
2025-08-22T20:45:05.0131365Z   Using cached databind.core-4.5.2-py3-none-any.whl.metadata (1.1 kB)
2025-08-22T20:45:05.0428002Z Collecting databind.json<5.0.0,>=4.4.0 (from pydoc-markdown==4.8.2->-r requirements-dev.txt (line 42))
2025-08-22T20:45:05.0439623Z   Using cached databind.json-4.5.2-py3-none-any.whl.metadata (1.1 kB)
2025-08-22T20:45:05.0631964Z Collecting docstring-parser<0.12,>=0.11 (from pydoc-markdown==4.8.2->-r requirements-dev.txt (line 42))
2025-08-22T20:45:05.0633261Z   Using cached docstring_parser-0.11-py3-none-any.whl
2025-08-22T20:45:05.0996690Z Collecting tomli<3.0.0,>=2.0.0 (from pydoc-markdown==4.8.2->-r requirements-dev.txt (line 42))
2025-08-22T20:45:05.1008335Z   Using cached tomli-2.2.1-cp312-cp312-manylinux_2_17_x86_64.manylinux2014_x86_64.whl.metadata (11 kB)
2025-08-22T20:45:05.1136133Z Collecting tomli_w<2.0.0,>=1.0.0 (from pydoc-markdown==4.8.2->-r requirements-dev.txt (line 42))
2025-08-22T20:45:05.1147465Z   Using cached tomli_w-1.2.0-py3-none-any.whl.metadata (5.7 kB)
2025-08-22T20:45:05.1677297Z Collecting watchdog (from pydoc-markdown==4.8.2->-r requirements-dev.txt (line 42))
2025-08-22T20:45:05.1689338Z   Using cached watchdog-6.0.0-py3-none-manylinux2014_x86_64.whl.metadata (44 kB)
2025-08-22T20:45:05.1933072Z Collecting yapf>=0.30.0 (from pydoc-markdown==4.8.2->-r requirements-dev.txt (line 42))
2025-08-22T20:45:05.1944422Z   Using cached yapf-0.43.0-py3-none-any.whl.metadata (46 kB)
2025-08-22T20:45:05.2185364Z Collecting Deprecated<2.0.0,>=1.2.12 (from docspec==2.2.1->docspec-python==2.2.2->-r requirements-dev.txt (line 41))
2025-08-22T20:45:05.2197093Z   Using cached Deprecated-1.2.18-py2.py3-none-any.whl.metadata (5.7 kB)
2025-08-22T20:45:05.2341466Z Requirement already satisfied: psycopg-binary==3.2.9 in /opt/hostedtoolcache/Python/3.12.11/x64/lib/python3.12/site-packages (from psycopg[binary]==3.2.9->-r requirements-dev.txt (line 25)) (3.2.9)
2025-08-22T20:45:05.2443014Z Requirement already satisfied: anyio in /opt/hostedtoolcache/Python/3.12.11/x64/lib/python3.12/site-packages (from httpx<0.29,>=0.27->-r requirements-dev.txt (line 16)) (4.10.0)
2025-08-22T20:45:05.2449220Z Requirement already satisfied: httpcore==1.* in /opt/hostedtoolcache/Python/3.12.11/x64/lib/python3.12/site-packages (from httpx<0.29,>=0.27->-r requirements-dev.txt (line 16)) (1.0.9)
2025-08-22T20:45:05.2570730Z Requirement already satisfied: tzdata>=2022.7 in /opt/hostedtoolcache/Python/3.12.11/x64/lib/python3.12/site-packages (from pandas==2.2.*->-r requirements-dev.txt (line 23)) (2025.2)
2025-08-22T20:45:05.2717536Z Requirement already satisfied: multimethod<=1.10.0 in /opt/hostedtoolcache/Python/3.12.11/x64/lib/python3.12/site-packages (from pandera==0.19.*->-r requirements-dev.txt (line 43)) (1.10)
2025-08-22T20:45:05.2730756Z Requirement already satisfied: typeguard in /opt/hostedtoolcache/Python/3.12.11/x64/lib/python3.12/site-packages (from pandera==0.19.*->-r requirements-dev.txt (line 43)) (4.4.4)
2025-08-22T20:45:05.2736980Z Requirement already satisfied: typing-inspect>=0.6.0 in /opt/hostedtoolcache/Python/3.12.11/x64/lib/python3.12/site-packages (from pandera==0.19.*->-r requirements-dev.txt (line 43)) (0.9.0)
2025-08-22T20:45:05.3157295Z Collecting databind<5.0.0,>=4.5.2 (from databind.core<5.0.0,>=4.4.0->pydoc-markdown==4.8.2->-r requirements-dev.txt (line 42))
2025-08-22T20:45:05.3168647Z   Using cached databind-4.5.2-py3-none-any.whl.metadata (4.3 kB)
2025-08-22T20:45:05.3395918Z Collecting nr-date<3.0.0,>=2.0.0 (from databind<5.0.0,>=4.5.2->databind.core<5.0.0,>=4.4.0->pydoc-markdown==4.8.2->-r requirements-dev.txt (line 42))
2025-08-22T20:45:05.3406916Z   Using cached nr_date-2.1.0-py3-none-any.whl.metadata (746 bytes)
2025-08-22T20:45:05.3577604Z Collecting nr-stream<2.0.0,>=1.0.0 (from databind<5.0.0,>=4.5.2->databind.core<5.0.0,>=4.4.0->pydoc-markdown==4.8.2->-r requirements-dev.txt (line 42))
2025-08-22T20:45:05.3589455Z   Using cached nr_stream-1.1.5-py3-none-any.whl.metadata (3.6 kB)
2025-08-22T20:45:05.3788610Z Collecting typeapi<3,>=2.0.1 (from databind<5.0.0,>=4.5.2->databind.core<5.0.0,>=4.4.0->pydoc-markdown==4.8.2->-r requirements-dev.txt (line 42))
2025-08-22T20:45:05.3800022Z   Using cached typeapi-2.2.4-py3-none-any.whl.metadata (1.5 kB)
2025-08-22T20:45:05.3899608Z Requirement already satisfied: h11>=0.16 in /opt/hostedtoolcache/Python/3.12.11/x64/lib/python3.12/site-packages (from httpcore==1.*->httpx<0.29,>=0.27->-r requirements-dev.txt (line 16)) (0.16.0)
2025-08-22T20:45:05.3943184Z Requirement already satisfied: amqp<6.0.0,>=5.1.1 in /opt/hostedtoolcache/Python/3.12.11/x64/lib/python3.12/site-packages (from kombu<5.6,>=5.5.2->celery==5.5.3->-r requirements-dev.txt (line 12)) (5.3.1)
2025-08-22T20:45:05.4315234Z Collecting iniconfig>=1 (from pytest<9,>=8.2->pytest-asyncio==1.1.0->-r requirements-dev.txt (line 28))
2025-08-22T20:45:05.4327002Z   Using cached iniconfig-2.1.0-py3-none-any.whl.metadata (2.7 kB)
2025-08-22T20:45:05.4366007Z Requirement already satisfied: pygments>=2.7.2 in /opt/hostedtoolcache/Python/3.12.11/x64/lib/python3.12/site-packages (from pytest<9,>=8.2->pytest-asyncio==1.1.0->-r requirements-dev.txt (line 28)) (2.19.2)
2025-08-22T20:45:05.4453687Z Requirement already satisfied: sniffio>=1.1 in /opt/hostedtoolcache/Python/3.12.11/x64/lib/python3.12/site-packages (from anyio->httpx<0.29,>=0.27->-r requirements-dev.txt (line 16)) (1.3.1)
2025-08-22T20:45:05.4602256Z Requirement already satisfied: botocore<1.35.0,>=1.34.162 in /opt/hostedtoolcache/Python/3.12.11/x64/lib/python3.12/site-packages (from boto3->-r requirements-dev.txt (line 8)) (1.34.162)
2025-08-22T20:45:05.4609757Z Requirement already satisfied: jmespath<2.0.0,>=0.7.1 in /opt/hostedtoolcache/Python/3.12.11/x64/lib/python3.12/site-packages (from boto3->-r requirements-dev.txt (line 8)) (1.0.1)
2025-08-22T20:45:05.4617475Z Requirement already satisfied: s3transfer<0.11.0,>=0.10.0 in /opt/hostedtoolcache/Python/3.12.11/x64/lib/python3.12/site-packages (from boto3->-r requirements-dev.txt (line 8)) (0.10.4)
2025-08-22T20:45:05.4737427Z Requirement already satisfied: fastapi-cli>=0.0.8 in /opt/hostedtoolcache/Python/3.12.11/x64/lib/python3.12/site-packages (from fastapi-cli[standard]>=0.0.8; extra == "all"->fastapi[all]->-r requirements-dev.txt (line 14)) (0.0.8)
2025-08-22T20:45:05.4851906Z Requirement already satisfied: ujson!=4.0.2,!=4.1.0,!=4.2.0,!=4.3.0,!=5.0.0,!=5.1.0,>=4.0.1 in /opt/hostedtoolcache/Python/3.12.11/x64/lib/python3.12/site-packages (from fastapi[all]->-r requirements-dev.txt (line 14)) (5.11.0)
2025-08-22T20:45:05.4858765Z Requirement already satisfied: orjson>=3.2.1 in /opt/hostedtoolcache/Python/3.12.11/x64/lib/python3.12/site-packages (from fastapi[all]->-r requirements-dev.txt (line 14)) (3.11.2)
2025-08-22T20:45:05.4865943Z Requirement already satisfied: email-validator>=2.0.0 in /opt/hostedtoolcache/Python/3.12.11/x64/lib/python3.12/site-packages (from fastapi[all]->-r requirements-dev.txt (line 14)) (2.2.0)
2025-08-22T20:45:05.4874562Z Requirement already satisfied: uvicorn>=0.12.0 in /opt/hostedtoolcache/Python/3.12.11/x64/lib/python3.12/site-packages (from uvicorn[standard]>=0.12.0; extra == "all"->fastapi[all]->-r requirements-dev.txt (line 14)) (0.29.0)
2025-08-22T20:45:05.4883486Z Requirement already satisfied: pydantic-settings>=2.0.0 in /opt/hostedtoolcache/Python/3.12.11/x64/lib/python3.12/site-packages (from fastapi[all]->-r requirements-dev.txt (line 14)) (2.2.1)
2025-08-22T20:45:05.5084814Z Collecting pydantic-extra-types>=2.0.0 (from fastapi[all]->-r requirements-dev.txt (line 14))
2025-08-22T20:45:05.5096765Z   Using cached pydantic_extra_types-2.10.5-py3-none-any.whl.metadata (3.9 kB)
2025-08-22T20:45:05.5343664Z Requirement already satisfied: prompt-toolkit>=3.0.36 in /opt/hostedtoolcache/Python/3.12.11/x64/lib/python3.12/site-packages (from click-repl>=0.2.0->celery==5.5.3->-r requirements-dev.txt (line 12)) (3.0.51)
2025-08-22T20:45:05.5418558Z Requirement already satisfied: dnspython>=2.0.0 in /opt/hostedtoolcache/Python/3.12.11/x64/lib/python3.12/site-packages (from email-validator>=2.0.0->fastapi[all]->-r requirements-dev.txt (line 14)) (2.7.0)
2025-08-22T20:45:05.5487896Z Requirement already satisfied: typer>=0.15.1 in /opt/hostedtoolcache/Python/3.12.11/x64/lib/python3.12/site-packages (from fastapi-cli>=0.0.8->fastapi-cli[standard]>=0.0.8; extra == "all"->fastapi[all]->-r requirements-dev.txt (line 14)) (0.16.1)
2025-08-22T20:45:05.5499884Z Requirement already satisfied: rich-toolkit>=0.14.8 in /opt/hostedtoolcache/Python/3.12.11/x64/lib/python3.12/site-packages (from fastapi-cli>=0.0.8->fastapi-cli[standard]>=0.0.8; extra == "all"->fastapi[all]->-r requirements-dev.txt (line 14)) (0.15.0)
2025-08-22T20:45:05.5637127Z Collecting fastapi-cloud-cli>=0.1.1 (from fastapi-cli[standard]>=0.0.8; extra == "all"->fastapi[all]->-r requirements-dev.txt (line 14))
2025-08-22T20:45:05.5647841Z   Using cached fastapi_cloud_cli-0.1.5-py3-none-any.whl.metadata (3.2 kB)
2025-08-22T20:45:05.6390512Z Collecting rignore>=0.5.1 (from fastapi-cloud-cli>=0.1.1->fastapi-cli[standard]>=0.0.8; extra == "all"->fastapi[all]->-r requirements-dev.txt (line 14))
2025-08-22T20:45:05.6404306Z   Using cached rignore-0.6.4-cp312-cp312-manylinux_2_17_x86_64.manylinux2014_x86_64.whl.metadata (3.8 kB)
2025-08-22T20:45:05.6934964Z Collecting sentry-sdk>=2.20.0 (from fastapi-cloud-cli>=0.1.1->fastapi-cli[standard]>=0.0.8; extra == "all"->fastapi[all]->-r requirements-dev.txt (line 14))
2025-08-22T20:45:05.6947414Z   Using cached sentry_sdk-2.35.0-py2.py3-none-any.whl.metadata (10 kB)
2025-08-22T20:45:05.8476252Z Collecting psutil>=4.0.0 (from mirakuru>=2.6.0->pytest-postgresql==7.0.2->-r requirements-dev.txt (line 30))
2025-08-22T20:45:05.8489512Z   Using cached psutil-7.0.0-cp36-abi3-manylinux_2_12_x86_64.manylinux2010_x86_64.manylinux_2_17_x86_64.manylinux2014_x86_64.whl.metadata (22 kB)
2025-08-22T20:45:05.8682793Z Requirement already satisfied: wcwidth in /opt/hostedtoolcache/Python/3.12.11/x64/lib/python3.12/site-packages (from prompt-toolkit>=3.0.36->click-repl>=0.2.0->celery==5.5.3->-r requirements-dev.txt (line 12)) (0.2.13)
2025-08-22T20:45:05.8883915Z Requirement already satisfied: rich>=13.7.1 in /opt/hostedtoolcache/Python/3.12.11/x64/lib/python3.12/site-packages (from rich-toolkit>=0.14.8->fastapi-cli>=0.0.8->fastapi-cli[standard]>=0.0.8; extra == "all"->fastapi[all]->-r requirements-dev.txt (line 14)) (14.1.0)
2025-08-22T20:45:05.8920045Z Requirement already satisfied: markdown-it-py>=2.2.0 in /opt/hostedtoolcache/Python/3.12.11/x64/lib/python3.12/site-packages (from rich>=13.7.1->rich-toolkit>=0.14.8->fastapi-cli>=0.0.8->fastapi-cli[standard]>=0.0.8; extra == "all"->fastapi[all]->-r requirements-dev.txt (line 14)) (4.0.0)
2025-08-22T20:45:05.8952360Z Requirement already satisfied: mdurl~=0.1 in /opt/hostedtoolcache/Python/3.12.11/x64/lib/python3.12/site-packages (from markdown-it-py>=2.2.0->rich>=13.7.1->rich-toolkit>=0.14.8->fastapi-cli>=0.0.8->fastapi-cli[standard]>=0.0.8; extra == "all"->fastapi[all]->-r requirements-dev.txt (line 14)) (0.1.2)
2025-08-22T20:45:05.9142965Z Requirement already satisfied: shellingham>=1.3.0 in /opt/hostedtoolcache/Python/3.12.11/x64/lib/python3.12/site-packages (from typer>=0.15.1->fastapi-cli>=0.0.8->fastapi-cli[standard]>=0.0.8; extra == "all"->fastapi[all]->-r requirements-dev.txt (line 14)) (1.5.4)
2025-08-22T20:45:05.9384816Z Requirement already satisfied: httptools>=0.5.0 in /opt/hostedtoolcache/Python/3.12.11/x64/lib/python3.12/site-packages (from uvicorn[standard]>=0.12.0; extra == "all"->fastapi[all]->-r requirements-dev.txt (line 14)) (0.6.4)
2025-08-22T20:45:05.9402631Z Requirement already satisfied: uvloop!=0.15.0,!=0.15.1,>=0.14.0 in /opt/hostedtoolcache/Python/3.12.11/x64/lib/python3.12/site-packages (from uvicorn[standard]>=0.12.0; extra == "all"->fastapi[all]->-r requirements-dev.txt (line 14)) (0.21.0)
2025-08-22T20:45:05.9410243Z Requirement already satisfied: watchfiles>=0.13 in /opt/hostedtoolcache/Python/3.12.11/x64/lib/python3.12/site-packages (from uvicorn[standard]>=0.12.0; extra == "all"->fastapi[all]->-r requirements-dev.txt (line 14)) (1.1.0)
2025-08-22T20:45:05.9417126Z Requirement already satisfied: websockets>=10.4 in /opt/hostedtoolcache/Python/3.12.11/x64/lib/python3.12/site-packages (from uvicorn[standard]>=0.12.0; extra == "all"->fastapi[all]->-r requirements-dev.txt (line 14)) (15.0.1)
2025-08-22T20:45:06.0004618Z Using cached jinja2-3.1.6-py3-none-any.whl (134 kB)
2025-08-22T20:45:06.0016336Z Using cached alembic-1.16.4-py3-none-any.whl (247 kB)
2025-08-22T20:45:06.0029500Z Using cached asyncpg-0.30.0-cp312-cp312-manylinux_2_17_x86_64.manylinux2014_x86_64.whl (3.6 MB)
2025-08-22T20:45:06.0067673Z Using cached black-25.1.0-cp312-cp312-manylinux_2_17_x86_64.manylinux2014_x86_64.manylinux_2_28_x86_64.whl (1.8 MB)
2025-08-22T20:45:06.0091538Z Using cached vulture-2.10-py2.py3-none-any.whl (27 kB)
2025-08-22T20:45:06.0102408Z Using cached celery-5.5.3-py3-none-any.whl (438 kB)
2025-08-22T20:45:06.0116522Z Using cached fastapi-0.116.1-py3-none-any.whl (95 kB)
2025-08-22T20:45:06.0127597Z Using cached IMAPClient-3.0.1-py2.py3-none-any.whl (182 kB)
2025-08-22T20:45:06.0139397Z Using cached pytest_asyncio-1.1.0-py3-none-any.whl (15 kB)
2025-08-22T20:45:06.0150121Z Using cached pytest_cov-6.2.1-py3-none-any.whl (24 kB)
2025-08-22T20:45:06.0161168Z Using cached pytest_postgresql-7.0.2-py3-none-any.whl (41 kB)
2025-08-22T20:45:06.0172203Z Using cached python_telegram_bot-22.3-py3-none-any.whl (717 kB)
2025-08-22T20:45:06.0188398Z Using cached requests-2.32.4-py3-none-any.whl (64 kB)
2025-08-22T20:45:06.0199439Z Using cached respx-0.22.0-py2.py3-none-any.whl (25 kB)
2025-08-22T20:45:06.0210570Z Using cached ruff-0.9.9-py3-none-manylinux_2_17_x86_64.manylinux2014_x86_64.whl (11.2 MB)
2025-08-22T20:45:06.0304529Z Using cached sqlalchemy-2.0.43-cp312-cp312-manylinux_2_17_x86_64.manylinux2014_x86_64.whl (3.3 MB)
2025-08-22T20:45:06.0339437Z Using cached testcontainers-4.12.0-py3-none-any.whl (111 kB)
2025-08-22T20:45:06.0351320Z Using cached types_requests-2.32.4.20250809-py3-none-any.whl (20 kB)
2025-08-22T20:45:06.0363082Z Using cached docspec_python-2.2.2-py3-none-any.whl (15 kB)
2025-08-22T20:45:06.0373780Z Using cached pydoc_markdown-4.8.2-py3-none-any.whl (67 kB)
2025-08-22T20:45:06.0384869Z Using cached docspec-2.2.1-py3-none-any.whl (9.8 kB)
2025-08-22T20:45:06.0396084Z Using cached redis-6.4.0-py3-none-any.whl (279 kB)
2025-08-22T20:45:06.0409022Z Using cached httpx-0.28.1-py3-none-any.whl (73 kB)
2025-08-22T20:45:06.0420655Z Using cached mypy-1.17.1-cp312-cp312-manylinux2014_x86_64.manylinux_2_17_x86_64.manylinux_2_28_x86_64.whl (12.7 MB)
2025-08-22T20:45:06.0524026Z Using cached databind.core-4.5.2-py3-none-any.whl (1.5 kB)
2025-08-22T20:45:06.0534524Z Using cached databind-4.5.2-py3-none-any.whl (49 kB)
2025-08-22T20:45:06.0545754Z Using cached databind.json-4.5.2-py3-none-any.whl (1.5 kB)
2025-08-22T20:45:06.0556502Z Using cached Deprecated-1.2.18-py2.py3-none-any.whl (10.0 kB)
2025-08-22T20:45:06.0567000Z Using cached nr_date-2.1.0-py3-none-any.whl (10 kB)
2025-08-22T20:45:06.0577740Z Using cached nr_stream-1.1.5-py3-none-any.whl (10 kB)
2025-08-22T20:45:06.0588478Z Using cached nr.util-0.8.12-py3-none-any.whl (90 kB)
2025-08-22T20:45:06.0599791Z Using cached pytest-8.4.1-py3-none-any.whl (365 kB)
2025-08-22T20:45:06.0613532Z Using cached pluggy-1.6.0-py3-none-any.whl (20 kB)
2025-08-22T20:45:06.0624378Z Using cached starlette-0.47.2-py3-none-any.whl (72 kB)
2025-08-22T20:45:06.0635753Z Using cached tomli-2.2.1-cp312-cp312-manylinux_2_17_x86_64.manylinux2014_x86_64.whl (242 kB)
2025-08-22T20:45:06.0647869Z Using cached tomli_w-1.2.0-py3-none-any.whl (6.7 kB)
2025-08-22T20:45:06.0658445Z Using cached typeapi-2.2.4-py3-none-any.whl (26 kB)
2025-08-22T20:45:06.0669405Z Using cached itsdangerous-2.2.0-py3-none-any.whl (16 kB)
2025-08-22T20:45:06.0680277Z Using cached setuptools-80.9.0-py3-none-any.whl (1.2 MB)
2025-08-22T20:45:06.0700378Z Using cached coverage-7.10.4-cp312-cp312-manylinux1_x86_64.manylinux_2_28_x86_64.manylinux_2_5_x86_64.whl (251 kB)
2025-08-22T20:45:06.0712712Z Using cached fastapi_cloud_cli-0.1.5-py3-none-any.whl (18 kB)
2025-08-22T20:45:06.0723535Z Using cached iniconfig-2.1.0-py3-none-any.whl (6.0 kB)
2025-08-22T20:45:06.0734230Z Using cached mirakuru-2.6.1-py3-none-any.whl (26 kB)
2025-08-22T20:45:06.0745249Z Using cached pathspec-0.12.1-py3-none-any.whl (31 kB)
2025-08-22T20:45:06.0756140Z Using cached platformdirs-4.3.8-py3-none-any.whl (18 kB)
2025-08-22T20:45:06.0766877Z Using cached port_for-0.7.4-py3-none-any.whl (21 kB)
2025-08-22T20:45:06.0778450Z Using cached psutil-7.0.0-cp36-abi3-manylinux_2_12_x86_64.manylinux2010_x86_64.manylinux_2_17_x86_64.manylinux2014_x86_64.whl (277 kB)
2025-08-22T20:45:06.0790584Z Using cached pydantic_extra_types-2.10.5-py3-none-any.whl (38 kB)
2025-08-22T20:45:06.0802042Z Using cached rignore-0.6.4-cp312-cp312-manylinux_2_17_x86_64.manylinux2014_x86_64.whl (949 kB)
2025-08-22T20:45:06.0820385Z Using cached sentry_sdk-2.35.0-py2.py3-none-any.whl (363 kB)
2025-08-22T20:45:06.0833919Z Using cached yapf-0.43.0-py3-none-any.whl (256 kB)
2025-08-22T20:45:06.0846367Z Using cached docker-7.1.0-py3-none-any.whl (147 kB)
2025-08-22T20:45:06.0857994Z Using cached toml-0.10.2-py2.py3-none-any.whl (16 kB)
2025-08-22T20:45:06.0868868Z Using cached watchdog-6.0.0-py3-none-manylinux2014_x86_64.whl (79 kB)
2025-08-22T20:45:06.3647552Z Installing collected packages: watchdog, types-requests, typeapi, tomli_w, tomli, toml, sqlalchemy, setuptools, sentry-sdk, ruff, rignore, requests, redis, psutil, port-for, pluggy, platformdirs, pathspec, nr-stream, nr-date, Jinja2, itsdangerous, iniconfig, imapclient, docstring-parser, Deprecated, coverage, asyncpg, yapf, vulture, starlette, pytest, nr-util, mypy, mirakuru, httpx, docker, databind, black, alembic, testcontainers, respx, python-telegram-bot, pytest-postgresql, pytest-cov, pytest-asyncio, pydantic-extra-types, fastapi, databind.json, databind.core, celery, fastapi-cloud-cli, docspec, docspec-python, pydoc-markdown
2025-08-22T20:45:06.4818831Z   Attempting uninstall: sqlalchemy
2025-08-22T20:45:06.4850721Z     Found existing installation: SQLAlchemy 2.0.29
2025-08-22T20:45:06.5065588Z     Uninstalling SQLAlchemy-2.0.29:
2025-08-22T20:45:06.5098763Z       Successfully uninstalled SQLAlchemy-2.0.29
2025-08-22T20:45:08.3935798Z   Attempting uninstall: sentry-sdk
2025-08-22T20:45:08.3969238Z     Found existing installation: sentry-sdk 2.9.0
2025-08-22T20:45:08.4097440Z     Uninstalling sentry-sdk-2.9.0:
2025-08-22T20:45:08.4119183Z       Successfully uninstalled sentry-sdk-2.9.0
2025-08-22T20:45:08.8198106Z   Attempting uninstall: requests
2025-08-22T20:45:08.8243086Z     Found existing installation: requests 2.32.5
2025-08-22T20:45:08.8272510Z     Uninstalling requests-2.32.5:
2025-08-22T20:45:08.8281296Z       Successfully uninstalled requests-2.32.5
2025-08-22T20:45:08.8664816Z   Attempting uninstall: redis
2025-08-22T20:45:08.8697045Z     Found existing installation: redis 5.0.8
2025-08-22T20:45:08.8769284Z     Uninstalling redis-5.0.8:
2025-08-22T20:45:08.8785187Z       Successfully uninstalled redis-5.0.8
2025-08-22T20:45:09.3340461Z   Attempting uninstall: Jinja2
2025-08-22T20:45:09.3391142Z     Found existing installation: Jinja2 3.1.5
2025-08-22T20:45:09.3424907Z     Uninstalling Jinja2-3.1.5:
2025-08-22T20:45:09.3434382Z       Successfully uninstalled Jinja2-3.1.5
2025-08-22T20:45:09.6786006Z   Attempting uninstall: asyncpg
2025-08-22T20:45:09.6841171Z     Found existing installation: asyncpg 0.29.0
2025-08-22T20:45:09.6889605Z     Uninstalling asyncpg-0.29.0:
2025-08-22T20:45:09.6903667Z       Successfully uninstalled asyncpg-0.29.0
2025-08-22T20:45:09.9836204Z   Attempting uninstall: starlette
2025-08-22T20:45:09.9887311Z     Found existing installation: starlette 0.37.2
2025-08-22T20:45:09.9928887Z     Uninstalling starlette-0.37.2:
2025-08-22T20:45:09.9939500Z       Successfully uninstalled starlette-0.37.2
2025-08-22T20:45:11.7807765Z   Attempting uninstall: httpx
2025-08-22T20:45:11.7859153Z     Found existing installation: httpx 0.26.0
2025-08-22T20:45:11.7895253Z     Uninstalling httpx-0.26.0:
2025-08-22T20:45:11.7907997Z       Successfully uninstalled httpx-0.26.0
2025-08-22T20:45:12.1227798Z   Attempting uninstall: alembic
2025-08-22T20:45:12.1263021Z     Found existing installation: alembic 1.13.1
2025-08-22T20:45:12.1338719Z     Uninstalling alembic-1.13.1:
2025-08-22T20:45:12.1358906Z       Successfully uninstalled alembic-1.13.1
2025-08-22T20:45:12.4034065Z   Attempting uninstall: python-telegram-bot
2025-08-22T20:45:12.4083082Z     Found existing installation: python-telegram-bot 20.8
2025-08-22T20:45:12.4237600Z     Uninstalling python-telegram-bot-20.8:
2025-08-22T20:45:12.4260522Z       Successfully uninstalled python-telegram-bot-20.8
2025-08-22T20:45:12.8747395Z   Attempting uninstall: fastapi
2025-08-22T20:45:12.8793407Z     Found existing installation: fastapi 0.111.0
2025-08-22T20:45:12.8845490Z     Uninstalling fastapi-0.111.0:
2025-08-22T20:45:12.8857191Z       Successfully uninstalled fastapi-0.111.0
2025-08-22T20:45:12.9706239Z   Attempting uninstall: celery
2025-08-22T20:45:12.9749215Z     Found existing installation: celery 5.4.0
2025-08-22T20:45:12.9895228Z     Uninstalling celery-5.4.0:
2025-08-22T20:45:12.9922659Z       Successfully uninstalled celery-5.4.0
2025-08-22T20:45:13.3953406Z 
2025-08-22T20:45:13.4074287Z Successfully installed Deprecated-1.2.18 Jinja2-3.1.6 alembic-1.16.4 asyncpg-0.30.0 black-25.1.0 celery-5.5.3 coverage-7.10.4 databind-4.5.2 databind.core-4.5.2 databind.json-4.5.2 docker-7.1.0 docspec-2.2.1 docspec-python-2.2.2 docstring-parser-0.11 fastapi-0.116.1 fastapi-cloud-cli-0.1.5 httpx-0.28.1 imapclient-3.0.1 iniconfig-2.1.0 itsdangerous-2.2.0 mirakuru-2.6.1 mypy-1.17.1 nr-date-2.1.0 nr-stream-1.1.5 nr-util-0.8.12 pathspec-0.12.1 platformdirs-4.3.8 pluggy-1.6.0 port-for-0.7.4 psutil-7.0.0 pydantic-extra-types-2.10.5 pydoc-markdown-4.8.2 pytest-8.4.1 pytest-asyncio-1.1.0 pytest-cov-6.2.1 pytest-postgresql-7.0.2 python-telegram-bot-22.3 redis-6.4.0 requests-2.32.4 respx-0.22.0 rignore-0.6.4 ruff-0.9.9 sentry-sdk-2.35.0 setuptools-80.9.0 sqlalchemy-2.0.43 starlette-0.47.2 testcontainers-4.12.0 toml-0.10.2 tomli-2.2.1 tomli_w-1.2.0 typeapi-2.2.4 types-requests-2.32.4.20250809 vulture-2.10 watchdog-6.0.0 yapf-0.43.0
2025-08-22T20:45:14.1392459Z Requirement already satisfied: asyncpg in /opt/hostedtoolcache/Python/3.12.11/x64/lib/python3.12/site-packages (0.30.0)
2025-08-22T20:45:14.7620384Z Requirement already satisfied: pytest in /opt/hostedtoolcache/Python/3.12.11/x64/lib/python3.12/site-packages (8.4.1)
2025-08-22T20:45:14.7635599Z Requirement already satisfied: iniconfig>=1 in /opt/hostedtoolcache/Python/3.12.11/x64/lib/python3.12/site-packages (from pytest) (2.1.0)
2025-08-22T20:45:14.7641834Z Requirement already satisfied: packaging>=20 in /opt/hostedtoolcache/Python/3.12.11/x64/lib/python3.12/site-packages (from pytest) (25.0)
2025-08-22T20:45:14.7647766Z Requirement already satisfied: pluggy<2,>=1.5 in /opt/hostedtoolcache/Python/3.12.11/x64/lib/python3.12/site-packages (from pytest) (1.6.0)
2025-08-22T20:45:14.7653086Z Requirement already satisfied: pygments>=2.7.2 in /opt/hostedtoolcache/Python/3.12.11/x64/lib/python3.12/site-packages (from pytest) (2.19.2)
2025-08-22T20:45:15.4808730Z Collecting keepa==1.3.15
2025-08-22T20:45:15.4823049Z   Using cached keepa-1.3.15-py3-none-any.whl.metadata (11 kB)
2025-08-22T20:45:15.4863136Z Requirement already satisfied: minio==7.1.15 in /opt/hostedtoolcache/Python/3.12.11/x64/lib/python3.12/site-packages (7.1.15)
2025-08-22T20:45:15.4871873Z Requirement already satisfied: numpy>=1.9.3 in /opt/hostedtoolcache/Python/3.12.11/x64/lib/python3.12/site-packages (from keepa==1.3.15) (1.26.4)
2025-08-22T20:45:15.4877244Z Requirement already satisfied: requests>=2.2 in /opt/hostedtoolcache/Python/3.12.11/x64/lib/python3.12/site-packages (from keepa==1.3.15) (2.32.4)
2025-08-22T20:45:15.4880824Z Requirement already satisfied: tqdm in /opt/hostedtoolcache/Python/3.12.11/x64/lib/python3.12/site-packages (from keepa==1.3.15) (4.67.1)
2025-08-22T20:45:15.4884459Z Requirement already satisfied: aiohttp in /opt/hostedtoolcache/Python/3.12.11/x64/lib/python3.12/site-packages (from keepa==1.3.15) (3.12.15)
2025-08-22T20:45:15.4889471Z Requirement already satisfied: pandas<=3.0 in /opt/hostedtoolcache/Python/3.12.11/x64/lib/python3.12/site-packages (from keepa==1.3.15) (2.2.3)
2025-08-22T20:45:15.4893426Z Requirement already satisfied: pydantic in /opt/hostedtoolcache/Python/3.12.11/x64/lib/python3.12/site-packages (from keepa==1.3.15) (2.11.7)
2025-08-22T20:45:15.4904054Z Requirement already satisfied: certifi in /opt/hostedtoolcache/Python/3.12.11/x64/lib/python3.12/site-packages (from minio==7.1.15) (2025.8.3)
2025-08-22T20:45:15.4908004Z Requirement already satisfied: urllib3 in /opt/hostedtoolcache/Python/3.12.11/x64/lib/python3.12/site-packages (from minio==7.1.15) (2.5.0)
2025-08-22T20:45:15.4963275Z Requirement already satisfied: python-dateutil>=2.8.2 in /opt/hostedtoolcache/Python/3.12.11/x64/lib/python3.12/site-packages (from pandas<=3.0->keepa==1.3.15) (2.9.0.post0)
2025-08-22T20:45:15.4968262Z Requirement already satisfied: pytz>=2020.1 in /opt/hostedtoolcache/Python/3.12.11/x64/lib/python3.12/site-packages (from pandas<=3.0->keepa==1.3.15) (2025.2)
2025-08-22T20:45:15.4973523Z Requirement already satisfied: tzdata>=2022.7 in /opt/hostedtoolcache/Python/3.12.11/x64/lib/python3.12/site-packages (from pandas<=3.0->keepa==1.3.15) (2025.2)
2025-08-22T20:45:15.5109234Z Requirement already satisfied: six>=1.5 in /opt/hostedtoolcache/Python/3.12.11/x64/lib/python3.12/site-packages (from python-dateutil>=2.8.2->pandas<=3.0->keepa==1.3.15) (1.17.0)
2025-08-22T20:45:15.5128539Z Requirement already satisfied: charset_normalizer<4,>=2 in /opt/hostedtoolcache/Python/3.12.11/x64/lib/python3.12/site-packages (from requests>=2.2->keepa==1.3.15) (3.4.3)
2025-08-22T20:45:15.5134457Z Requirement already satisfied: idna<4,>=2.5 in /opt/hostedtoolcache/Python/3.12.11/x64/lib/python3.12/site-packages (from requests>=2.2->keepa==1.3.15) (3.10)
2025-08-22T20:45:15.5205268Z Requirement already satisfied: aiohappyeyeballs>=2.5.0 in /opt/hostedtoolcache/Python/3.12.11/x64/lib/python3.12/site-packages (from aiohttp->keepa==1.3.15) (2.6.1)
2025-08-22T20:45:15.5210257Z Requirement already satisfied: aiosignal>=1.4.0 in /opt/hostedtoolcache/Python/3.12.11/x64/lib/python3.12/site-packages (from aiohttp->keepa==1.3.15) (1.4.0)
2025-08-22T20:45:15.5217260Z Requirement already satisfied: attrs>=17.3.0 in /opt/hostedtoolcache/Python/3.12.11/x64/lib/python3.12/site-packages (from aiohttp->keepa==1.3.15) (25.3.0)
2025-08-22T20:45:15.5237117Z Requirement already satisfied: frozenlist>=1.1.1 in /opt/hostedtoolcache/Python/3.12.11/x64/lib/python3.12/site-packages (from aiohttp->keepa==1.3.15) (1.7.0)
2025-08-22T20:45:15.5238982Z Requirement already satisfied: multidict<7.0,>=4.5 in /opt/hostedtoolcache/Python/3.12.11/x64/lib/python3.12/site-packages (from aiohttp->keepa==1.3.15) (6.6.4)
2025-08-22T20:45:15.5241115Z Requirement already satisfied: propcache>=0.2.0 in /opt/hostedtoolcache/Python/3.12.11/x64/lib/python3.12/site-packages (from aiohttp->keepa==1.3.15) (0.3.2)
2025-08-22T20:45:15.5242759Z Requirement already satisfied: yarl<2.0,>=1.17.0 in /opt/hostedtoolcache/Python/3.12.11/x64/lib/python3.12/site-packages (from aiohttp->keepa==1.3.15) (1.20.1)
2025-08-22T20:45:15.5301506Z Requirement already satisfied: typing-extensions>=4.2 in /opt/hostedtoolcache/Python/3.12.11/x64/lib/python3.12/site-packages (from aiosignal>=1.4.0->aiohttp->keepa==1.3.15) (4.14.1)
2025-08-22T20:45:15.5396779Z Requirement already satisfied: annotated-types>=0.6.0 in /opt/hostedtoolcache/Python/3.12.11/x64/lib/python3.12/site-packages (from pydantic->keepa==1.3.15) (0.7.0)
2025-08-22T20:45:15.5402343Z Requirement already satisfied: pydantic-core==2.33.2 in /opt/hostedtoolcache/Python/3.12.11/x64/lib/python3.12/site-packages (from pydantic->keepa==1.3.15) (2.33.2)
2025-08-22T20:45:15.5409981Z Requirement already satisfied: typing-inspection>=0.4.0 in /opt/hostedtoolcache/Python/3.12.11/x64/lib/python3.12/site-packages (from pydantic->keepa==1.3.15) (0.4.1)
2025-08-22T20:45:15.5492256Z Using cached keepa-1.3.15-py3-none-any.whl (38 kB)
2025-08-22T20:45:15.7189173Z Installing collected packages: keepa
2025-08-22T20:45:15.7189930Z   Attempting uninstall: keepa
2025-08-22T20:45:15.7225080Z     Found existing installation: keepa 1.3.14
2025-08-22T20:45:15.7247873Z     Uninstalling keepa-1.3.14:
2025-08-22T20:45:15.7256780Z       Successfully uninstalled keepa-1.3.14
2025-08-22T20:45:15.7684793Z Successfully installed keepa-1.3.15
2025-08-22T20:45:15.8320797Z ##[group]Run actions/setup-node@v4
2025-08-22T20:45:15.8321484Z with:
2025-08-22T20:45:15.8321674Z   node-version: 20.19.0
2025-08-22T20:45:15.8321877Z   always-auth: false
2025-08-22T20:45:15.8322081Z   check-latest: false
2025-08-22T20:45:15.8322376Z   token: ***
2025-08-22T20:45:15.8322560Z env:
2025-08-22T20:45:15.8322764Z   REDIS_URL: redis://localhost:6379/0
2025-08-22T20:45:15.8323033Z   RATE_LIMIT_DEFAULT: 100/minute
2025-08-22T20:45:15.8323262Z   TRUST_X_FORWARDED: 1
2025-08-22T20:45:15.8323470Z   PG_USER: postgres
2025-08-22T20:45:15.8323675Z   PG_PASSWORD: pass
2025-08-22T20:45:15.8323877Z   PG_DATABASE: awa
2025-08-22T20:45:15.8324100Z   PG_HOST: localhost
2025-08-22T20:45:15.8324299Z   PG_PORT: 5432
2025-08-22T20:45:15.8324681Z   PG_SYNC_DSN: ***localhost:5432/awa
2025-08-22T20:45:15.8325098Z   PG_ASYNC_DSN: ***localhost:5432/awa
2025-08-22T20:45:15.8325521Z   DATABASE_URL: ***localhost:5432/awa
2025-08-22T20:45:15.8325770Z   DATA_DIR: /tmp/awa-data
2025-08-22T20:45:15.8326010Z   ENABLE_LIVE: 0
2025-08-22T20:45:15.8326202Z   TESTING: 1
2025-08-22T20:45:15.8326455Z   pythonLocation: /opt/hostedtoolcache/Python/3.12.11/x64
2025-08-22T20:45:15.8326863Z   PKG_CONFIG_PATH: /opt/hostedtoolcache/Python/3.12.11/x64/lib/pkgconfig
2025-08-22T20:45:15.8327264Z   Python_ROOT_DIR: /opt/hostedtoolcache/Python/3.12.11/x64
2025-08-22T20:45:15.8327617Z   Python2_ROOT_DIR: /opt/hostedtoolcache/Python/3.12.11/x64
2025-08-22T20:45:15.8327972Z   Python3_ROOT_DIR: /opt/hostedtoolcache/Python/3.12.11/x64
2025-08-22T20:45:15.8328330Z   LD_LIBRARY_PATH: /opt/hostedtoolcache/Python/3.12.11/x64/lib
2025-08-22T20:45:15.8328620Z ##[endgroup]
2025-08-22T20:45:16.0058911Z Attempting to download 20.19.0...
2025-08-22T20:45:16.4285996Z Acquiring 20.19.0 - x64 from https://github.com/actions/node-versions/releases/download/20.19.0-13838090974/node-20.19.0-linux-x64.tar.gz
2025-08-22T20:45:16.8432696Z Extracting ...
2025-08-22T20:45:16.8545078Z [command]/usr/bin/tar xz --strip 1 --warning=no-unknown-keyword --overwrite -C /home/runner/work/_temp/60b28ff0-5604-44b0-bf51-cda5c8af6200 -f /home/runner/work/_temp/2e6e0477-11c0-4df1-ad60-50b2d64e3455
2025-08-22T20:45:17.8448285Z Adding to the cache ...
2025-08-22T20:45:19.4746758Z ##[group]Environment details
2025-08-22T20:45:19.7042564Z node: v20.19.0
2025-08-22T20:45:19.7042960Z npm: 10.8.2
2025-08-22T20:45:19.7043249Z yarn: 1.22.22
2025-08-22T20:45:19.7043920Z ##[endgroup]
2025-08-22T20:45:19.7193131Z ##[group]Run npm ci
2025-08-22T20:45:19.7193385Z [36;1mnpm ci[0m
2025-08-22T20:45:19.7234354Z shell: /usr/bin/bash -e {0}
2025-08-22T20:45:19.7234602Z env:
2025-08-22T20:45:19.7234810Z   REDIS_URL: redis://localhost:6379/0
2025-08-22T20:45:19.7235092Z   RATE_LIMIT_DEFAULT: 100/minute
2025-08-22T20:45:19.7235330Z   TRUST_X_FORWARDED: 1
2025-08-22T20:45:19.7235539Z   PG_USER: postgres
2025-08-22T20:45:19.7235749Z   PG_PASSWORD: pass
2025-08-22T20:45:19.7235946Z   PG_DATABASE: awa
2025-08-22T20:45:19.7236130Z   PG_HOST: localhost
2025-08-22T20:45:19.7236328Z   PG_PORT: 5432
2025-08-22T20:45:19.7236793Z   PG_SYNC_DSN: ***localhost:5432/awa
2025-08-22T20:45:19.7237217Z   PG_ASYNC_DSN: ***localhost:5432/awa
2025-08-22T20:45:19.7237607Z   DATABASE_URL: ***localhost:5432/awa
2025-08-22T20:45:19.7237859Z   DATA_DIR: /tmp/awa-data
2025-08-22T20:45:19.7238108Z   ENABLE_LIVE: 0
2025-08-22T20:45:19.7238297Z   TESTING: 1
2025-08-22T20:45:19.7238574Z   pythonLocation: /opt/hostedtoolcache/Python/3.12.11/x64
2025-08-22T20:45:19.7238989Z   PKG_CONFIG_PATH: /opt/hostedtoolcache/Python/3.12.11/x64/lib/pkgconfig
2025-08-22T20:45:19.7239390Z   Python_ROOT_DIR: /opt/hostedtoolcache/Python/3.12.11/x64
2025-08-22T20:45:19.7239751Z   Python2_ROOT_DIR: /opt/hostedtoolcache/Python/3.12.11/x64
2025-08-22T20:45:19.7240121Z   Python3_ROOT_DIR: /opt/hostedtoolcache/Python/3.12.11/x64
2025-08-22T20:45:19.7240487Z   LD_LIBRARY_PATH: /opt/hostedtoolcache/Python/3.12.11/x64/lib
2025-08-22T20:45:19.7240792Z ##[endgroup]
2025-08-22T20:45:22.3783868Z npm warn deprecated node-domexception@1.0.0: Use your platform's native DOMException instead
2025-08-22T20:45:25.8578685Z 
2025-08-22T20:45:25.8580111Z added 432 packages, and audited 433 packages in 6s
2025-08-22T20:45:25.8585548Z 
2025-08-22T20:45:25.8586152Z 112 packages are looking for funding
2025-08-22T20:45:25.8586873Z   run `npm fund` for details
2025-08-22T20:45:25.8602166Z 
2025-08-22T20:45:25.8602829Z 2 vulnerabilities (1 low, 1 critical)
2025-08-22T20:45:25.8603427Z 
2025-08-22T20:45:25.8603817Z To address all issues, run:
2025-08-22T20:45:25.8604922Z   npm audit fix
2025-08-22T20:45:25.8605129Z 
2025-08-22T20:45:25.8605316Z Run `npm audit` for details.
2025-08-22T20:45:25.8937358Z ##[group]Run npm run build --if-present
2025-08-22T20:45:25.8937885Z [36;1mnpm run build --if-present[0m
2025-08-22T20:45:25.8991998Z shell: /usr/bin/bash -e {0}
2025-08-22T20:45:25.8992378Z env:
2025-08-22T20:45:25.8992712Z   REDIS_URL: redis://localhost:6379/0
2025-08-22T20:45:25.8993165Z   RATE_LIMIT_DEFAULT: 100/minute
2025-08-22T20:45:25.8993552Z   TRUST_X_FORWARDED: 1
2025-08-22T20:45:25.8993881Z   PG_USER: postgres
2025-08-22T20:45:25.8994222Z   PG_PASSWORD: pass
2025-08-22T20:45:25.8994537Z   PG_DATABASE: awa
2025-08-22T20:45:25.8994853Z   PG_HOST: localhost
2025-08-22T20:45:25.8995171Z   PG_PORT: 5432
2025-08-22T20:45:25.8995853Z   PG_SYNC_DSN: ***localhost:5432/awa
2025-08-22T20:45:25.8996540Z   PG_ASYNC_DSN: ***localhost:5432/awa
2025-08-22T20:45:25.8997204Z   DATABASE_URL: ***localhost:5432/awa
2025-08-22T20:45:25.8997617Z   DATA_DIR: /tmp/awa-data
2025-08-22T20:45:25.8997961Z   ENABLE_LIVE: 0
2025-08-22T20:45:25.8998251Z   TESTING: 1
2025-08-22T20:45:25.8998691Z   pythonLocation: /opt/hostedtoolcache/Python/3.12.11/x64
2025-08-22T20:45:25.8999375Z   PKG_CONFIG_PATH: /opt/hostedtoolcache/Python/3.12.11/x64/lib/pkgconfig
2025-08-22T20:45:25.9000034Z   Python_ROOT_DIR: /opt/hostedtoolcache/Python/3.12.11/x64
2025-08-22T20:45:25.9000634Z   Python2_ROOT_DIR: /opt/hostedtoolcache/Python/3.12.11/x64
2025-08-22T20:45:25.9001465Z   Python3_ROOT_DIR: /opt/hostedtoolcache/Python/3.12.11/x64
2025-08-22T20:45:25.9002096Z   LD_LIBRARY_PATH: /opt/hostedtoolcache/Python/3.12.11/x64/lib
2025-08-22T20:45:25.9002604Z ##[endgroup]
2025-08-22T20:45:26.0161442Z 
2025-08-22T20:45:26.0162373Z > web@0.0.0 build
2025-08-22T20:45:26.0162816Z > tsc -b && vite build
2025-08-22T20:45:26.0163057Z 
2025-08-22T20:45:28.5968127Z [36mvite v7.0.4 [32mbuilding for production...[36m[39m
2025-08-22T20:45:28.7738170Z transforming...
2025-08-22T20:45:31.8494065Z [32m✓[39m 687 modules transformed.
2025-08-22T20:45:32.2984627Z rendering chunks...
2025-08-22T20:45:32.3073690Z computing gzip size...
2025-08-22T20:45:32.3258280Z [2mdist/[22m[32mindex.html                 [39m[1m[2m  0.46 kB[22m[1m[22m[2m │ gzip:   0.30 kB[22m
2025-08-22T20:45:32.3260140Z [2mdist/[22m[2massets/[22m[35mindex-5IA1gRGW.css  [39m[1m[2m  0.84 kB[22m[1m[22m[2m │ gzip:   0.45 kB[22m
2025-08-22T20:45:32.3262065Z [2mdist/[22m[2massets/[22m[36mindex-CIqpArhq.js   [39m[1m[33m613.66 kB[39m[22m[2m │ gzip: 193.69 kB[22m
2025-08-22T20:45:32.3263111Z [33m
2025-08-22T20:45:32.3263810Z (!) Some chunks are larger than 500 kB after minification. Consider:
2025-08-22T20:45:32.3264700Z - Using dynamic import() to code-split the application
2025-08-22T20:45:32.3265727Z - Use build.rollupOptions.output.manualChunks to improve chunking: https://rollupjs.org/configuration-options/#output-manualchunks
2025-08-22T20:45:32.3266702Z - Adjust chunk size limit for this warning via build.chunkSizeWarningLimit.[39m
2025-08-22T20:45:32.3267201Z [32m✓ built in 3.71s[39m
2025-08-22T20:45:32.3742193Z ##[group]Run sudo apt-get update
2025-08-22T20:45:32.3742512Z [36;1msudo apt-get update[0m
2025-08-22T20:45:32.3742775Z [36;1msudo apt-get install -y postgresql[0m
2025-08-22T20:45:32.3743279Z [36;1mecho "/usr/lib/postgresql/$(pg_config --version | cut -d' ' -f2 | cut -d'.' -f1,2)/bin" >> $GITHUB_PATH[0m
2025-08-22T20:45:32.3784384Z shell: /usr/bin/bash -e {0}
2025-08-22T20:45:32.3784626Z env:
2025-08-22T20:45:32.3784837Z   REDIS_URL: redis://localhost:6379/0
2025-08-22T20:45:32.3785304Z   RATE_LIMIT_DEFAULT: 100/minute
2025-08-22T20:45:32.3785549Z   TRUST_X_FORWARDED: 1
2025-08-22T20:45:32.3785758Z   PG_USER: postgres
2025-08-22T20:45:32.3785957Z   PG_PASSWORD: pass
2025-08-22T20:45:32.3786148Z   PG_DATABASE: awa
2025-08-22T20:45:32.3786339Z   PG_HOST: localhost
2025-08-22T20:45:32.3786529Z   PG_PORT: 5432
2025-08-22T20:45:32.3786975Z   PG_SYNC_DSN: ***localhost:5432/awa
2025-08-22T20:45:32.3787483Z   PG_ASYNC_DSN: ***localhost:5432/awa
2025-08-22T20:45:32.3787927Z   DATABASE_URL: ***localhost:5432/awa
2025-08-22T20:45:32.3788178Z   DATA_DIR: /tmp/awa-data
2025-08-22T20:45:32.3788397Z   ENABLE_LIVE: 0
2025-08-22T20:45:32.3788575Z   TESTING: 1
2025-08-22T20:45:32.3788824Z   pythonLocation: /opt/hostedtoolcache/Python/3.12.11/x64
2025-08-22T20:45:32.3789241Z   PKG_CONFIG_PATH: /opt/hostedtoolcache/Python/3.12.11/x64/lib/pkgconfig
2025-08-22T20:45:32.3789645Z   Python_ROOT_DIR: /opt/hostedtoolcache/Python/3.12.11/x64
2025-08-22T20:45:32.3790012Z   Python2_ROOT_DIR: /opt/hostedtoolcache/Python/3.12.11/x64
2025-08-22T20:45:32.3790384Z   Python3_ROOT_DIR: /opt/hostedtoolcache/Python/3.12.11/x64
2025-08-22T20:45:32.3790754Z   LD_LIBRARY_PATH: /opt/hostedtoolcache/Python/3.12.11/x64/lib
2025-08-22T20:45:32.3791259Z ##[endgroup]
2025-08-22T20:45:32.4508404Z Get:1 file:/etc/apt/apt-mirrors.txt Mirrorlist [144 B]
2025-08-22T20:45:32.5180029Z Hit:6 https://packages.microsoft.com/repos/azure-cli noble InRelease
2025-08-22T20:45:32.5181875Z Get:7 https://packages.microsoft.com/ubuntu/24.04/prod noble InRelease [3600 B]
2025-08-22T20:45:32.5536214Z Hit:2 http://azure.archive.ubuntu.com/ubuntu noble InRelease
2025-08-22T20:45:32.5546282Z Get:3 http://azure.archive.ubuntu.com/ubuntu noble-updates InRelease [126 kB]
2025-08-22T20:45:32.5578258Z Get:4 http://azure.archive.ubuntu.com/ubuntu noble-backports InRelease [126 kB]
2025-08-22T20:45:32.5599168Z Get:5 http://azure.archive.ubuntu.com/ubuntu noble-security InRelease [126 kB]
2025-08-22T20:45:32.6180419Z Get:8 https://packages.microsoft.com/ubuntu/24.04/prod noble/main armhf Packages [9870 B]
2025-08-22T20:45:32.6309948Z Get:9 https://packages.microsoft.com/ubuntu/24.04/prod noble/main amd64 Packages [48.9 kB]
2025-08-22T20:45:32.6346469Z Get:10 https://packages.microsoft.com/ubuntu/24.04/prod noble/main arm64 Packages [33.3 kB]
2025-08-22T20:45:32.7236452Z Get:11 http://azure.archive.ubuntu.com/ubuntu noble-updates/main amd64 Packages [1352 kB]
2025-08-22T20:45:32.7314551Z Get:12 http://azure.archive.ubuntu.com/ubuntu noble-updates/main Translation-en [269 kB]
2025-08-22T20:45:32.7340470Z Get:13 http://azure.archive.ubuntu.com/ubuntu noble-updates/main amd64 Components [175 kB]
2025-08-22T20:45:32.7362286Z Get:14 http://azure.archive.ubuntu.com/ubuntu noble-updates/universe amd64 Packages [1124 kB]
2025-08-22T20:45:32.7434611Z Get:15 http://azure.archive.ubuntu.com/ubuntu noble-updates/universe Translation-en [288 kB]
2025-08-22T20:45:32.7462229Z Get:16 http://azure.archive.ubuntu.com/ubuntu noble-updates/universe amd64 Components [377 kB]
2025-08-22T20:45:32.7493182Z Get:17 http://azure.archive.ubuntu.com/ubuntu noble-updates/restricted amd64 Packages [1731 kB]
2025-08-22T20:45:32.7596105Z Get:18 http://azure.archive.ubuntu.com/ubuntu noble-updates/restricted Translation-en [384 kB]
2025-08-22T20:45:32.7624284Z Get:19 http://azure.archive.ubuntu.com/ubuntu noble-updates/restricted amd64 Components [212 B]
2025-08-22T20:45:32.7633231Z Get:20 http://azure.archive.ubuntu.com/ubuntu noble-updates/multiverse amd64 Components [940 B]
2025-08-22T20:45:32.8243809Z Get:21 http://azure.archive.ubuntu.com/ubuntu noble-backports/main amd64 Components [7056 B]
2025-08-22T20:45:32.8256687Z Get:22 http://azure.archive.ubuntu.com/ubuntu noble-backports/universe amd64 Components [19.2 kB]
2025-08-22T20:45:32.8300649Z Get:23 http://azure.archive.ubuntu.com/ubuntu noble-backports/restricted amd64 Components [216 B]
2025-08-22T20:45:32.8302402Z Get:24 http://azure.archive.ubuntu.com/ubuntu noble-backports/multiverse amd64 Components [212 B]
2025-08-22T20:45:32.8315604Z Get:25 http://azure.archive.ubuntu.com/ubuntu noble-security/main amd64 Packages [1083 kB]
2025-08-22T20:45:32.8381874Z Get:26 http://azure.archive.ubuntu.com/ubuntu noble-security/main Translation-en [187 kB]
2025-08-22T20:45:32.8405600Z Get:27 http://azure.archive.ubuntu.com/ubuntu noble-security/main amd64 Components [21.6 kB]
2025-08-22T20:45:32.8414675Z Get:28 http://azure.archive.ubuntu.com/ubuntu noble-security/universe amd64 Packages [881 kB]
2025-08-22T20:45:32.8461732Z Get:29 http://azure.archive.ubuntu.com/ubuntu noble-security/universe Translation-en [195 kB]
2025-08-22T20:45:32.8482505Z Get:30 http://azure.archive.ubuntu.com/ubuntu noble-security/universe amd64 Components [52.2 kB]
2025-08-22T20:45:32.8494578Z Get:31 http://azure.archive.ubuntu.com/ubuntu noble-security/restricted amd64 Packages [1631 kB]
2025-08-22T20:45:32.8574794Z Get:32 http://azure.archive.ubuntu.com/ubuntu noble-security/restricted Translation-en [361 kB]
2025-08-22T20:45:32.8605645Z Get:33 http://azure.archive.ubuntu.com/ubuntu noble-security/restricted amd64 Components [212 B]
2025-08-22T20:45:32.8614036Z Get:34 http://azure.archive.ubuntu.com/ubuntu noble-security/multiverse amd64 Components [212 B]
2025-08-22T20:45:39.5975235Z Fetched 10.6 MB in 1s (7839 kB/s)
2025-08-22T20:45:40.2931621Z Reading package lists...
2025-08-22T20:45:40.3257187Z Reading package lists...
2025-08-22T20:45:40.4983440Z Building dependency tree...
2025-08-22T20:45:40.4990789Z Reading state information...
2025-08-22T20:45:40.6502522Z Suggested packages:
2025-08-22T20:45:40.6503219Z   postgresql-doc
2025-08-22T20:45:40.6689028Z The following NEW packages will be installed:
2025-08-22T20:45:40.6689389Z   postgresql
2025-08-22T20:45:40.6858713Z 0 upgraded, 1 newly installed, 0 to remove and 25 not upgraded.
2025-08-22T20:45:40.6859421Z Need to get 11.6 kB of archives.
2025-08-22T20:45:40.6860125Z After this operation, 17.4 kB of additional disk space will be used.
2025-08-22T20:45:40.6860608Z Get:1 file:/etc/apt/apt-mirrors.txt Mirrorlist [144 B]
2025-08-22T20:45:40.7197986Z Get:2 http://azure.archive.ubuntu.com/ubuntu noble-updates/main amd64 postgresql all 16+257build1.1 [11.6 kB]
2025-08-22T20:45:40.9905407Z Fetched 11.6 kB in 0s (262 kB/s)
2025-08-22T20:45:41.0125324Z Selecting previously unselected package postgresql.
2025-08-22T20:45:41.0341199Z (Reading database ... 
2025-08-22T20:45:41.0341824Z (Reading database ... 5%
2025-08-22T20:45:41.0342272Z (Reading database ... 10%
2025-08-22T20:45:41.0342594Z (Reading database ... 15%
2025-08-22T20:45:41.0342923Z (Reading database ... 20%
2025-08-22T20:45:41.0343216Z (Reading database ... 25%
2025-08-22T20:45:41.0343508Z (Reading database ... 30%
2025-08-22T20:45:41.0343789Z (Reading database ... 35%
2025-08-22T20:45:41.0344076Z (Reading database ... 40%
2025-08-22T20:45:41.0344365Z (Reading database ... 45%
2025-08-22T20:45:41.0344673Z (Reading database ... 50%
2025-08-22T20:45:41.0446872Z (Reading database ... 55%
2025-08-22T20:45:41.0741976Z (Reading database ... 60%
2025-08-22T20:45:41.0925474Z (Reading database ... 65%
2025-08-22T20:45:41.1183175Z (Reading database ... 70%
2025-08-22T20:45:41.1372408Z (Reading database ... 75%
2025-08-22T20:45:41.1629416Z (Reading database ... 80%
2025-08-22T20:45:41.2048930Z (Reading database ... 85%
2025-08-22T20:45:41.2457880Z (Reading database ... 90%
2025-08-22T20:45:41.3000533Z (Reading database ... 95%
2025-08-22T20:45:41.3001206Z (Reading database ... 100%
2025-08-22T20:45:41.3001789Z (Reading database ... 219830 files and directories currently installed.)
2025-08-22T20:45:41.3048263Z Preparing to unpack .../postgresql_16+257build1.1_all.deb ...
2025-08-22T20:45:41.3070840Z Unpacking postgresql (16+257build1.1) ...
2025-08-22T20:45:41.3457388Z Setting up postgresql (16+257build1.1) ...
2025-08-22T20:45:41.9637942Z 
2025-08-22T20:45:41.9638582Z Running kernel seems to be up-to-date.
2025-08-22T20:45:41.9638983Z 
2025-08-22T20:45:41.9639186Z Restarting services...
2025-08-22T20:45:41.9710392Z 
2025-08-22T20:45:41.9710748Z Service restarts being deferred:
2025-08-22T20:45:41.9712026Z  systemctl restart hosted-compute-agent.service
2025-08-22T20:45:41.9712448Z 
2025-08-22T20:45:41.9712765Z No containers need to be restarted.
2025-08-22T20:45:41.9713092Z 
2025-08-22T20:45:41.9713424Z No user sessions are running outdated binaries.
2025-08-22T20:45:41.9713775Z 
2025-08-22T20:45:41.9714301Z No VM guests are running outdated hypervisor (qemu) binaries on this host.
2025-08-22T20:45:42.8206491Z ##[group]Run for i in {1..30}; do pg_isready -h localhost -p 5432 -U postgres -d awa && break; sleep 1; done
2025-08-22T20:45:42.8207563Z [36;1mfor i in {1..30}; do pg_isready -h localhost -p 5432 -U postgres -d awa && break; sleep 1; done[0m
2025-08-22T20:45:42.8250533Z shell: /usr/bin/bash -e {0}
2025-08-22T20:45:42.8250771Z env:
2025-08-22T20:45:42.8251175Z   REDIS_URL: redis://localhost:6379/0
2025-08-22T20:45:42.8251451Z   RATE_LIMIT_DEFAULT: 100/minute
2025-08-22T20:45:42.8251676Z   TRUST_X_FORWARDED: 1
2025-08-22T20:45:42.8251871Z   PG_USER: postgres
2025-08-22T20:45:42.8252066Z   PG_PASSWORD: pass
2025-08-22T20:45:42.8252246Z   PG_DATABASE: awa
2025-08-22T20:45:42.8252428Z   PG_HOST: localhost
2025-08-22T20:45:42.8252607Z   PG_PORT: 5432
2025-08-22T20:45:42.8253040Z   PG_SYNC_DSN: ***localhost:5432/awa
2025-08-22T20:45:42.8253439Z   PG_ASYNC_DSN: ***localhost:5432/awa
2025-08-22T20:45:42.8253823Z   DATABASE_URL: ***localhost:5432/awa
2025-08-22T20:45:42.8254087Z   DATA_DIR: /tmp/awa-data
2025-08-22T20:45:42.8254298Z   ENABLE_LIVE: 0
2025-08-22T20:45:42.8254471Z   TESTING: 1
2025-08-22T20:45:42.8254704Z   pythonLocation: /opt/hostedtoolcache/Python/3.12.11/x64
2025-08-22T20:45:42.8255101Z   PKG_CONFIG_PATH: /opt/hostedtoolcache/Python/3.12.11/x64/lib/pkgconfig
2025-08-22T20:45:42.8255537Z   Python_ROOT_DIR: /opt/hostedtoolcache/Python/3.12.11/x64
2025-08-22T20:45:42.8255886Z   Python2_ROOT_DIR: /opt/hostedtoolcache/Python/3.12.11/x64
2025-08-22T20:45:42.8256237Z   Python3_ROOT_DIR: /opt/hostedtoolcache/Python/3.12.11/x64
2025-08-22T20:45:42.8256584Z   LD_LIBRARY_PATH: /opt/hostedtoolcache/Python/3.12.11/x64/lib
2025-08-22T20:45:42.8256886Z ##[endgroup]
2025-08-22T20:45:42.8653066Z localhost:5432 - accepting connections
2025-08-22T20:45:42.8685887Z ##[group]Run alembic -c services/api/alembic.ini upgrade head
2025-08-22T20:45:42.8686323Z [36;1malembic -c services/api/alembic.ini upgrade head[0m
2025-08-22T20:45:42.8724894Z shell: /usr/bin/bash -e {0}
2025-08-22T20:45:42.8725126Z env:
2025-08-22T20:45:42.8725331Z   REDIS_URL: redis://localhost:6379/0
2025-08-22T20:45:42.8725597Z   RATE_LIMIT_DEFAULT: 100/minute
2025-08-22T20:45:42.8725838Z   TRUST_X_FORWARDED: 1
2025-08-22T20:45:42.8726047Z   PG_USER: postgres
2025-08-22T20:45:42.8726245Z   PG_PASSWORD: pass
2025-08-22T20:45:42.8726437Z   PG_DATABASE: awa
2025-08-22T20:45:42.8726621Z   PG_HOST: localhost
2025-08-22T20:45:42.8726815Z   PG_PORT: 5432
2025-08-22T20:45:42.8727233Z   PG_SYNC_DSN: ***localhost:5432/awa
2025-08-22T20:45:42.8727654Z   PG_ASYNC_DSN: ***localhost:5432/awa
2025-08-22T20:45:42.8728039Z   DATABASE_URL: ***localhost:5432/awa
2025-08-22T20:45:42.8728293Z   DATA_DIR: /tmp/awa-data
2025-08-22T20:45:42.8728506Z   ENABLE_LIVE: 0
2025-08-22T20:45:42.8728712Z   TESTING: 1
2025-08-22T20:45:42.8728954Z   pythonLocation: /opt/hostedtoolcache/Python/3.12.11/x64
2025-08-22T20:45:42.8729360Z   PKG_CONFIG_PATH: /opt/hostedtoolcache/Python/3.12.11/x64/lib/pkgconfig
2025-08-22T20:45:42.8729758Z   Python_ROOT_DIR: /opt/hostedtoolcache/Python/3.12.11/x64
2025-08-22T20:45:42.8730113Z   Python2_ROOT_DIR: /opt/hostedtoolcache/Python/3.12.11/x64
2025-08-22T20:45:42.8730473Z   Python3_ROOT_DIR: /opt/hostedtoolcache/Python/3.12.11/x64
2025-08-22T20:45:42.8730836Z   LD_LIBRARY_PATH: /opt/hostedtoolcache/Python/3.12.11/x64/lib
2025-08-22T20:45:42.8731440Z   POSTGRES_USER: postgres
2025-08-22T20:45:42.8731664Z   POSTGRES_PASSWORD: pass
2025-08-22T20:45:42.8731872Z   POSTGRES_DB: awa
2025-08-22T20:45:42.8732063Z ##[endgroup]
2025-08-22T20:45:43.6554803Z INFO  [alembic.runtime.migration] Context impl PostgresqlImpl.
2025-08-22T20:45:43.6556301Z INFO  [alembic.runtime.migration] Will assume transactional DDL.
2025-08-22T20:45:43.6769491Z INFO  [alembic.runtime.migration] Running upgrade  -> 0001_baseline
2025-08-22T20:45:43.6922019Z INFO  [alembic.runtime.migration] Running upgrade 0001_baseline -> 0002_create_roi_view
2025-08-22T20:45:43.6948591Z INFO  [alembic.runtime.migration] Running upgrade 0002_create_roi_view -> 3e9d5c5aff2c
2025-08-22T20:45:43.7118466Z INFO  [alembic.runtime.migration] Running upgrade 3e9d5c5aff2c -> 0003_vendor_prices
2025-08-22T20:45:43.7277185Z INFO  [alembic.runtime.migration] Running upgrade 0003_vendor_prices -> 0004_fee_cron
2025-08-22T20:45:43.7369148Z INFO  [alembic.runtime.migration] Running upgrade 0004_fee_cron -> 0006_fix_roi_views
2025-08-22T20:45:43.7418159Z INFO  [alembic.runtime.migration] Running upgrade 0006_fix_roi_views -> 0020_unified_schema
2025-08-22T20:45:43.7625615Z INFO  [alembic.runtime.migration] Running upgrade 0020_unified_schema -> 0022_fix_roi_view
2025-08-22T20:45:43.7808709Z INFO  [alembic.runtime.migration] Running upgrade 0022_fix_roi_view -> 0023_add_storage_fee
2025-08-22T20:45:43.7867287Z INFO  [alembic.runtime.migration] Running upgrade 0023_add_storage_fee -> 0024_create_buybox
2025-08-22T20:45:43.7904911Z INFO  [alembic.runtime.migration] Running upgrade 0024_create_buybox -> 0025_pr4_indexes_loadlog
2025-08-22T20:45:43.8208000Z INFO  [alembic.runtime.migration] Running upgrade 0025_pr4_indexes_loadlog -> 0026_fix_refund_views
2025-08-22T20:45:43.8275646Z INFO  [alembic.runtime.migration] Running upgrade 0025_pr4_indexes_loadlog -> 0026_amazon_new_reports
2025-08-22T20:45:43.8507280Z INFO  [alembic.runtime.migration] Running upgrade 0026_amazon_new_reports, 0026_fix_refund_views -> 0027_merge_reports_refund_heads
2025-08-22T20:45:43.9284475Z ##[group]Run pytest -q --cov=services --cov-report=xml
2025-08-22T20:45:43.9285187Z [36;1mpytest -q --cov=services --cov-report=xml[0m
2025-08-22T20:45:43.9336941Z shell: /usr/bin/bash -e {0}
2025-08-22T20:45:43.9337191Z env:
2025-08-22T20:45:43.9337423Z   REDIS_URL: redis://localhost:6379/0
2025-08-22T20:45:43.9337699Z   RATE_LIMIT_DEFAULT: 100/minute
2025-08-22T20:45:43.9337929Z   TRUST_X_FORWARDED: 1
2025-08-22T20:45:43.9338179Z   PG_USER: postgres
2025-08-22T20:45:43.9338382Z   PG_PASSWORD: pass
2025-08-22T20:45:43.9338578Z   PG_DATABASE: awa
2025-08-22T20:45:43.9338766Z   PG_HOST: localhost
2025-08-22T20:45:43.9338955Z   PG_PORT: 5432
2025-08-22T20:45:43.9339389Z   PG_SYNC_DSN: ***localhost:5432/awa
2025-08-22T20:45:43.9339805Z   PG_ASYNC_DSN: ***localhost:5432/awa
2025-08-22T20:45:43.9340354Z   DATABASE_URL: ***localhost:5432/awa
2025-08-22T20:45:43.9340823Z   DATA_DIR: /home/runner/work/_temp/awa-data
2025-08-22T20:45:43.9341486Z   ENABLE_LIVE: 0
2025-08-22T20:45:43.9341848Z   TESTING: 1
2025-08-22T20:45:43.9342303Z   pythonLocation: /opt/hostedtoolcache/Python/3.12.11/x64
2025-08-22T20:45:43.9343048Z   PKG_CONFIG_PATH: /opt/hostedtoolcache/Python/3.12.11/x64/lib/pkgconfig
2025-08-22T20:45:43.9343803Z   Python_ROOT_DIR: /opt/hostedtoolcache/Python/3.12.11/x64
2025-08-22T20:45:43.9344468Z   Python2_ROOT_DIR: /opt/hostedtoolcache/Python/3.12.11/x64
2025-08-22T20:45:43.9345127Z   Python3_ROOT_DIR: /opt/hostedtoolcache/Python/3.12.11/x64
2025-08-22T20:45:43.9345802Z   LD_LIBRARY_PATH: /opt/hostedtoolcache/Python/3.12.11/x64/lib
2025-08-22T20:45:43.9346369Z   POSTGRES_USER: postgres
2025-08-22T20:45:43.9346777Z   POSTGRES_PASSWORD: pass
2025-08-22T20:45:43.9347145Z   POSTGRES_DB: awa
2025-08-22T20:45:43.9347492Z   LLM_PROVIDER: lan
2025-08-22T20:45:43.9347874Z   LLM_BASE_URL: http://localhost:8000
2025-08-22T20:45:43.9348326Z ##[endgroup]
2025-08-22T20:46:15.1537545Z ........s.............................sssssss........................... [ 41%]
2025-08-22T20:46:47.1205683Z ........................................................................ [ 83%]
2025-08-22T20:46:48.4057302Z .............................                                            [100%]
2025-08-22T20:46:48.4058288Z =============================== warnings summary ===============================
2025-08-22T20:46:48.4060425Z ../../../../../opt/hostedtoolcache/Python/3.12.11/x64/lib/python3.12/site-packages/pydantic/fields.py:1093
2025-08-22T20:46:48.4064669Z   /opt/hostedtoolcache/Python/3.12.11/x64/lib/python3.12/site-packages/pydantic/fields.py:1093: PydanticDeprecatedSince20: Using extra keyword arguments on `Field` is deprecated and will be removed. Use `json_schema_extra` instead. (Extra keys: 'strip_whitespace'). Deprecated in Pydantic V2.0 to be removed in V3.0. See Pydantic V2 Migration Guide at https://errors.pydantic.dev/2.11/migration/
2025-08-22T20:46:48.4067990Z Sentry is attempting to send 0 pending events
2025-08-22T20:46:48.4068379Z Waiting up to True seconds
2025-08-22T20:46:48.4068685Z Press Ctrl-C to quit
2025-08-22T20:46:48.4068925Z     warn(
2025-08-22T20:46:48.4069043Z 
2025-08-22T20:46:48.4069229Z services/alert_bot/tests/test_smoke.py:5
2025-08-22T20:46:48.4071036Z   /home/runner/work/AWA-App/AWA-App/services/alert_bot/tests/test_smoke.py:5: UserWarning: pkg_resources is deprecated as an API. See https://setuptools.pypa.io/en/latest/pkg_resources.html. The pkg_resources package is slated for removal as early as 2025-11-30. Refrain from using this package or pin to Setuptools<81.
2025-08-22T20:46:48.4072515Z     import pkg_resources  # noqa: F401
2025-08-22T20:46:48.4072725Z 
2025-08-22T20:46:48.4072932Z tests/api/test_ingest_endpoints.py: 12 warnings
2025-08-22T20:46:48.4073357Z tests/ingest/test_tasks_eager.py: 3 warnings
2025-08-22T20:46:48.4073735Z tests/test_api_fast.py: 1 warning
2025-08-22T20:46:48.4074074Z tests/test_health.py: 5 warnings
2025-08-22T20:46:48.4074406Z tests/test_smoke.py: 5 warnings
2025-08-22T20:46:48.4074760Z services/api/tests/test_cors.py: 1 warning
2025-08-22T20:46:48.4075434Z services/api/tests/test_errors_json.py: 2 warnings
2025-08-22T20:46:48.4075891Z services/api/tests/test_health.py: 1 warning
2025-08-22T20:46:48.4076341Z services/api/tests/test_rate_limit.py: 122 warnings
2025-08-22T20:46:48.4076823Z services/api/tests/test_roi_basic_auth.py: 4 warnings
2025-08-22T20:46:48.4077299Z services/api/tests/test_sentry_event.py: 1 warning
2025-08-22T20:46:48.4077797Z services/api/tests/test_stats_contracts.py: 3 warnings
2025-08-22T20:46:48.4078348Z services/api/tests/test_stats_future_contracts.py: 3 warnings
2025-08-22T20:46:48.4079982Z   /opt/hostedtoolcache/Python/3.12.11/x64/lib/python3.12/site-packages/asgi_correlation_id/extensions/sentry.py:27: DeprecationWarning: sentry_sdk.configure_scope is deprecated and will be removed in the next major version. Please consult our migration guide to learn how to migrate to the new API: https://docs.sentry.io/platforms/python/migration/1.x-to-2.x#scope-configuring
2025-08-22T20:46:48.4081638Z     with configure_scope() as scope:
2025-08-22T20:46:48.4081817Z 
2025-08-22T20:46:48.4081993Z tests/api/test_ingest_endpoints.py: 3 warnings
2025-08-22T20:46:48.4082324Z tests/test_api_fast.py: 1 warning
2025-08-22T20:46:48.4082610Z tests/test_health.py: 5 warnings
2025-08-22T20:46:48.4082881Z tests/test_smoke.py: 5 warnings
2025-08-22T20:46:48.4083207Z services/api/tests/test_cors.py: 3 warnings
2025-08-22T20:46:48.4083564Z services/api/tests/test_errors_json.py: 2 warnings
2025-08-22T20:46:48.4083918Z services/api/tests/test_health.py: 1 warning
2025-08-22T20:46:48.4084265Z services/api/tests/test_rate_limit.py: 2 warnings
2025-08-22T20:46:48.4084629Z services/api/tests/test_sentry_event.py: 1 warning
2025-08-22T20:46:48.4085019Z services/api/tests/test_stats_contracts.py: 3 warnings
2025-08-22T20:46:48.4085446Z services/api/tests/test_stats_future_contracts.py: 1 warning
2025-08-22T20:46:48.4086420Z   /opt/hostedtoolcache/Python/3.12.11/x64/lib/python3.12/site-packages/fastapi_limiter/__init__.py:89: DeprecationWarning: Call to deprecated close. (Use aclose() instead) -- Deprecated since version 5.0.1.
2025-08-22T20:46:48.4087210Z     await cls.redis.close()
2025-08-22T20:46:48.4087361Z 
2025-08-22T20:46:48.4087556Z tests/test_api_fast.py::test_health_endpoint
2025-08-22T20:46:48.4088687Z   /home/runner/work/AWA-App/AWA-App/tests/test_api_fast.py:13: DeprecationWarning: datetime.datetime.utcnow() is deprecated and scheduled for removal in a future version. Use timezone-aware objects to represent datetimes in UTC: datetime.datetime.now(datetime.UTC).
2025-08-22T20:46:48.4089853Z     return datetime.datetime.utcnow()
2025-08-22T20:46:48.4090035Z 
2025-08-22T20:46:48.4090165Z tests/test_api_fast.py: 1 warning
2025-08-22T20:46:48.4090448Z tests/test_health.py: 5 warnings
2025-08-22T20:46:48.4090721Z tests/test_smoke.py: 5 warnings
2025-08-22T20:46:48.4091223Z services/api/tests/test_cors.py: 1 warning
2025-08-22T20:46:48.4091557Z services/api/tests/test_health.py: 1 warning
2025-08-22T20:46:48.4091920Z services/api/tests/test_rate_limit.py: 102 warnings
2025-08-22T20:46:48.4093101Z   /home/runner/work/AWA-App/AWA-App/services/api/routes/health.py:24: DeprecationWarning: datetime.datetime.utcnow() is deprecated and scheduled for removal in a future version. Use timezone-aware objects to represent datetimes in UTC: datetime.datetime.now(datetime.UTC).
2025-08-22T20:46:48.4094204Z     app_now = datetime.utcnow().replace(tzinfo=timezone.utc)
2025-08-22T20:46:48.4094433Z 
2025-08-22T20:46:48.4094571Z tests/test_health.py::test_health[0]
2025-08-22T20:46:48.4094871Z tests/test_health.py::test_health[1]
2025-08-22T20:46:48.4095160Z tests/test_health.py::test_health[2]
2025-08-22T20:46:48.4095447Z tests/test_health.py::test_health[3]
2025-08-22T20:46:48.4095730Z tests/test_health.py::test_health[4]
2025-08-22T20:46:48.4096960Z   /home/runner/work/AWA-App/AWA-App/tests/test_health.py:22: DeprecationWarning: datetime.datetime.utcnow() is deprecated and scheduled for removal in a future version. Use timezone-aware objects to represent datetimes in UTC: datetime.datetime.now(datetime.UTC).
2025-08-22T20:46:48.4098009Z     return datetime.datetime.utcnow()
2025-08-22T20:46:48.4098184Z 
2025-08-22T20:46:48.4098325Z tests/test_smoke.py::test_health[0]
2025-08-22T20:46:48.4098618Z tests/test_smoke.py::test_health[1]
2025-08-22T20:46:48.4098907Z tests/test_smoke.py::test_health[2]
2025-08-22T20:46:48.4099192Z tests/test_smoke.py::test_health[3]
2025-08-22T20:46:48.4099484Z tests/test_smoke.py::test_health[4]
2025-08-22T20:46:48.4100580Z   /home/runner/work/AWA-App/AWA-App/tests/test_smoke.py:32: DeprecationWarning: datetime.datetime.utcnow() is deprecated and scheduled for removal in a future version. Use timezone-aware objects to represent datetimes in UTC: datetime.datetime.now(datetime.UTC).
2025-08-22T20:46:48.4101851Z     return datetime.datetime.utcnow()
2025-08-22T20:46:48.4102034Z 
2025-08-22T20:46:48.4102263Z services/api/tests/test_cors.py::test_cors_simple_get_allowed
2025-08-22T20:46:48.4103575Z   /home/runner/work/AWA-App/AWA-App/services/api/tests/test_cors.py:27: DeprecationWarning: datetime.datetime.utcnow() is deprecated and scheduled for removal in a future version. Use timezone-aware objects to represent datetimes in UTC: datetime.datetime.now(datetime.UTC).
2025-08-22T20:46:48.4104658Z     return datetime.datetime.utcnow()
2025-08-22T20:46:48.4104839Z 
2025-08-22T20:46:48.4105035Z services/api/tests/test_health.py::test_health_route
2025-08-22T20:46:48.4106228Z   /home/runner/work/AWA-App/AWA-App/services/api/tests/test_health.py:14: DeprecationWarning: datetime.datetime.utcnow() is deprecated and scheduled for removal in a future version. Use timezone-aware objects to represent datetimes in UTC: datetime.datetime.now(datetime.UTC).
2025-08-22T20:46:48.4107274Z     return datetime.datetime.utcnow()
2025-08-22T20:46:48.4107447Z 
2025-08-22T20:46:48.4107632Z services/api/tests/test_rate_limit.py: 102 warnings
2025-08-22T20:46:48.4108829Z   /home/runner/work/AWA-App/AWA-App/services/api/tests/test_rate_limit.py:33: DeprecationWarning: datetime.datetime.utcnow() is deprecated and scheduled for removal in a future version. Use timezone-aware objects to represent datetimes in UTC: datetime.datetime.now(datetime.UTC).
2025-08-22T20:46:48.4109884Z     return datetime.datetime.utcnow()
2025-08-22T20:46:48.4110055Z 
2025-08-22T20:46:48.4110542Z services/api/tests/test_sentry_event.py::test_unhandled_exception_is_captured_and_tagged
2025-08-22T20:46:48.4112320Z   /home/runner/work/AWA-App/AWA-App/services/api/tests/test_sentry_event.py:47: SentryHubDeprecationWarning: `sentry_sdk.Hub` is deprecated and will be removed in a future major release. Please consult our 1.x to 2.x migration guide for details on how to migrate `Hub` usage to the new API: https://docs.sentry.io/platforms/python/migration/1.x-to-2.x
2025-08-22T20:46:48.4113541Z     hub = sentry_sdk.Hub.current
2025-08-22T20:46:48.4113699Z 
2025-08-22T20:46:48.4113970Z -- Docs: https://docs.pytest.org/en/stable/how-to/capture-warnings.html
2025-08-22T20:46:48.4114453Z ================================ tests coverage ================================
2025-08-22T20:46:48.4114919Z _______________ coverage: platform linux, python 3.12.11-final-0 _______________
2025-08-22T20:46:48.4115183Z 
2025-08-22T20:46:48.4115334Z Coverage XML written to file coverage.xml
2025-08-22T20:46:48.8887694Z ##[group]Run echo "::group::postgres container logs"
2025-08-22T20:46:48.8888083Z [36;1mecho "::group::postgres container logs"[0m
2025-08-22T20:46:48.8888575Z [36;1mdocker logs 9c5fb27ab1709d0bc0091cb62fed24a6d22ce96d0a55a26bde6e251421f284ea --tail 200[0m
2025-08-22T20:46:48.8889036Z [36;1mecho "::endgroup::"[0m
2025-08-22T20:46:48.8929580Z shell: /usr/bin/bash -e {0}
2025-08-22T20:46:48.8929812Z env:
2025-08-22T20:46:48.8930023Z   REDIS_URL: redis://localhost:6379/0
2025-08-22T20:46:48.8930290Z   RATE_LIMIT_DEFAULT: 100/minute
2025-08-22T20:46:48.8930529Z   TRUST_X_FORWARDED: 1
2025-08-22T20:46:48.8930731Z   PG_USER: postgres
2025-08-22T20:46:48.8931178Z   PG_PASSWORD: pass
2025-08-22T20:46:48.8931381Z   PG_DATABASE: awa
2025-08-22T20:46:48.8931563Z   PG_HOST: localhost
2025-08-22T20:46:48.8931751Z   PG_PORT: 5432
2025-08-22T20:46:48.8932149Z   PG_SYNC_DSN: ***localhost:5432/awa
2025-08-22T20:46:48.8932552Z   PG_ASYNC_DSN: ***localhost:5432/awa
2025-08-22T20:46:48.8932963Z   DATABASE_URL: ***localhost:5432/awa
2025-08-22T20:46:48.8933220Z   DATA_DIR: /tmp/awa-data
2025-08-22T20:46:48.8933424Z   ENABLE_LIVE: 0
2025-08-22T20:46:48.8933616Z   TESTING: 1
2025-08-22T20:46:48.8933871Z   pythonLocation: /opt/hostedtoolcache/Python/3.12.11/x64
2025-08-22T20:46:48.8934278Z   PKG_CONFIG_PATH: /opt/hostedtoolcache/Python/3.12.11/x64/lib/pkgconfig
2025-08-22T20:46:48.8934673Z   Python_ROOT_DIR: /opt/hostedtoolcache/Python/3.12.11/x64
2025-08-22T20:46:48.8935025Z   Python2_ROOT_DIR: /opt/hostedtoolcache/Python/3.12.11/x64
2025-08-22T20:46:48.8935387Z   Python3_ROOT_DIR: /opt/hostedtoolcache/Python/3.12.11/x64
2025-08-22T20:46:48.8935739Z   LD_LIBRARY_PATH: /opt/hostedtoolcache/Python/3.12.11/x64/lib
2025-08-22T20:46:48.8936037Z ##[endgroup]
2025-08-22T20:46:48.8993771Z ##[group]postgres container logs
2025-08-22T20:46:48.9113666Z The files belonging to this database system will be owned by user "postgres".
2025-08-22T20:46:48.9114772Z initdb: warning: enabling "trust" authentication for local connections
2025-08-22T20:46:48.9115564Z This user must also own the server process.
2025-08-22T20:46:48.9116835Z initdb: hint: You can change this by editing pg_hba.conf or using the option -A, or --auth-local and --auth-host, the next time you run initdb.
2025-08-22T20:46:48.9118007Z 2025-08-22 20:44:15.640 UTC [1] LOG:  starting PostgreSQL 15.14 (Debian 15.14-1.pgdg13+1) on x86_64-pc-linux-gnu, compiled by gcc (Debian 14.2.0-19) 14.2.0, 64-bit
2025-08-22T20:46:48.9118737Z 2025-08-22 20:44:15.640 UTC [1] LOG:  listening on IPv4 address "0.0.0.0", port 5432
2025-08-22T20:46:48.9119266Z 2025-08-22 20:44:15.641 UTC [1] LOG:  listening on IPv6 address "::", port 5432
2025-08-22T20:46:48.9119841Z 2025-08-22 20:44:15.642 UTC [1] LOG:  listening on Unix socket "/var/run/postgresql/.s.PGSQL.5432"
2025-08-22T20:46:48.9120155Z 
2025-08-22T20:46:48.9120404Z The database cluster will be initialized with locale "en_US.utf8".
2025-08-22T20:46:48.9121079Z The default database encoding has accordingly been set to "UTF8".
2025-08-22T20:46:48.9121890Z The default text search configuration will be set to "english".
2025-08-22T20:46:48.9122141Z 
2025-08-22T20:46:48.9122286Z Data page checksums are disabled.
2025-08-22T20:46:48.9122448Z 
2025-08-22T20:46:48.9122720Z fixing permissions on existing directory /var/lib/postgresql/data ... ok
2025-08-22T20:46:48.9123137Z creating subdirectories ... ok
2025-08-22T20:46:48.9123503Z selecting dynamic shared memory implementation ... posix
2025-08-22T20:46:48.9123897Z selecting default max_connections ... 100
2025-08-22T20:46:48.9124216Z selecting default shared_buffers ... 128MB
2025-08-22T20:46:48.9124527Z selecting default time zone ... Etc/UTC
2025-08-22T20:46:48.9124822Z creating configuration files ... ok
2025-08-22T20:46:48.9125110Z running bootstrap script ... ok
2025-08-22T20:46:48.9125435Z performing post-bootstrap initialization ... ok
2025-08-22T20:46:48.9125738Z syncing data to disk ... ok
2025-08-22T20:46:48.9125882Z 
2025-08-22T20:46:48.9125888Z 
2025-08-22T20:46:48.9126270Z Success. You can now start the database server using:
2025-08-22T20:46:48.9126509Z 
2025-08-22T20:46:48.9126675Z     pg_ctl -D /var/lib/postgresql/data -l logfile start
2025-08-22T20:46:48.9126885Z 
2025-08-22T20:46:48.9127563Z waiting for server to start....2025-08-22 20:44:15.292 UTC [48] LOG:  starting PostgreSQL 15.14 (Debian 15.14-1.pgdg13+1) on x86_64-pc-linux-gnu, compiled by gcc (Debian 14.2.0-19) 14.2.0, 64-bit
2025-08-22T20:46:48.9129140Z 2025-08-22 20:44:15.293 UTC [48] LOG:  listening on Unix socket "/var/run/postgresql/.s.PGSQL.5432"
2025-08-22T20:46:48.9130230Z 2025-08-22 20:44:15.297 UTC [51] LOG:  database system was shut down at 2025-08-22 20:44:15 UTC
2025-08-22T20:46:48.9131393Z 2025-08-22 20:44:15.302 UTC [48] LOG:  database system is ready to accept connections
2025-08-22T20:46:48.9131997Z  done
2025-08-22T20:46:48.9132228Z server started
2025-08-22T20:46:48.9132422Z CREATE DATABASE
2025-08-22T20:46:48.9132537Z 
2025-08-22T20:46:48.9132544Z 
2025-08-22T20:46:48.9132866Z /usr/local/bin/docker-entrypoint.sh: ignoring /docker-entrypoint-initdb.d/*
2025-08-22T20:46:48.9133175Z 
2025-08-22T20:46:48.9133405Z 2025-08-22 20:44:15.516 UTC [48] LOG:  received fast shutdown request
2025-08-22T20:46:48.9133982Z waiting for server to shut down....2025-08-22 20:44:15.517 UTC [48] LOG:  aborting any active transactions
2025-08-22T20:46:48.9134706Z 2025-08-22 20:44:15.519 UTC [48] LOG:  background worker "logical replication launcher" (PID 54) exited with exit code 1
2025-08-22T20:46:48.9135235Z 2025-08-22 20:44:15.521 UTC [49] LOG:  shutting down
2025-08-22T20:46:48.9135677Z 2025-08-22 20:44:15.522 UTC [49] LOG:  checkpoint starting: shutdown immediate
2025-08-22T20:46:48.9136770Z 2025-08-22 20:44:15.556 UTC [49] LOG:  checkpoint complete: wrote 922 buffers (5.6%); 0 WAL file(s) added, 0 removed, 0 recycled; write=0.024 s, sync=0.003 s, total=0.036 s; sync files=301, longest=0.002 s, average=0.001 s; distance=4239 kB, estimate=4239 kB
2025-08-22T20:46:48.9137651Z 2025-08-22 20:44:15.565 UTC [48] LOG:  database system is shut down
2025-08-22T20:46:48.9137947Z  done
2025-08-22T20:46:48.9138120Z server stopped
2025-08-22T20:46:48.9138237Z 
2025-08-22T20:46:48.9138427Z PostgreSQL init process complete; ready for start up.
2025-08-22T20:46:48.9138647Z 
2025-08-22T20:46:48.9138955Z 2025-08-22 20:44:15.645 UTC [64] LOG:  database system was shut down at 2025-08-22 20:44:15 UTC
2025-08-22T20:46:48.9139496Z 2025-08-22 20:44:15.649 UTC [1] LOG:  database system is ready to accept connections
2025-08-22T20:46:48.9140030Z ##[endgroup]
2025-08-22T20:46:48.9178542Z Post job cleanup.
2025-08-22T20:46:49.1338514Z Post job cleanup.
2025-08-22T20:46:49.2685834Z Cache hit occurred on the primary key Linux-test-cc13ccef493b9f3a93ad5651164d9fb09282c1111f6f72ce20e0657de16de6b4, not saving cache.
2025-08-22T20:46:49.2796230Z Post job cleanup.
2025-08-22T20:46:49.4323812Z Cache hit occurred on the primary key setup-python-Linux-x64-24.04-Ubuntu-python-3.12.11-pip-811b81ed6ebfbfffa596cc763769fd73f8be2333e1ac798acb7aae17a56fccd5, not saving cache.
2025-08-22T20:46:49.4424303Z Post job cleanup.
2025-08-22T20:46:49.5225449Z [command]/usr/bin/git version
2025-08-22T20:46:49.5269451Z git version 2.51.0
2025-08-22T20:46:49.5309877Z Temporarily overriding HOME='/home/runner/work/_temp/aaf1548f-9ce2-4a05-9f8e-8f79feb0fd1d' before making global git config changes
2025-08-22T20:46:49.5311653Z Adding repository directory to the temporary git global config as a safe directory
2025-08-22T20:46:49.5316631Z [command]/usr/bin/git config --global --add safe.directory /home/runner/work/AWA-App/AWA-App
2025-08-22T20:46:49.5355315Z [command]/usr/bin/git config --local --name-only --get-regexp core\.sshCommand
2025-08-22T20:46:49.5391722Z [command]/usr/bin/git submodule foreach --recursive sh -c "git config --local --name-only --get-regexp 'core\.sshCommand' && git config --local --unset-all 'core.sshCommand' || :"
2025-08-22T20:46:49.5642115Z [command]/usr/bin/git config --local --name-only --get-regexp http\.https\:\/\/github\.com\/\.extraheader
2025-08-22T20:46:49.5664522Z http.https://github.com/.extraheader
2025-08-22T20:46:49.5676268Z [command]/usr/bin/git config --local --unset-all http.https://github.com/.extraheader
2025-08-22T20:46:49.5710020Z [command]/usr/bin/git submodule foreach --recursive sh -c "git config --local --name-only --get-regexp 'http\.https\:\/\/github\.com\/\.extraheader' && git config --local --unset-all 'http.https://github.com/.extraheader' || :"
2025-08-22T20:46:49.6039720Z Print service container logs: 7b732b4374904622a6626b8eea12b49e_postgres15_9908f2
2025-08-22T20:46:49.6045737Z ##[command]/usr/bin/docker logs --details 9c5fb27ab1709d0bc0091cb62fed24a6d22ce96d0a55a26bde6e251421f284ea
2025-08-22T20:46:49.6178696Z  The files belonging to this database system will be owned by user "postgres".
2025-08-22T20:46:49.6180773Z  initdb: warning: enabling "trust" authentication for local connections
2025-08-22T20:46:49.6182110Z  initdb: hint: You can change this by editing pg_hba.conf or using the option -A, or --auth-local and --auth-host, the next time you run initdb.
2025-08-22T20:46:49.6183388Z  2025-08-22 20:44:15.640 UTC [1] LOG:  starting PostgreSQL 15.14 (Debian 15.14-1.pgdg13+1) on x86_64-pc-linux-gnu, compiled by gcc (Debian 14.2.0-19) 14.2.0, 64-bit
2025-08-22T20:46:49.6184027Z  2025-08-22 20:44:15.640 UTC [1] LOG:  listening on IPv4 address "0.0.0.0", port 5432
2025-08-22T20:46:49.6184476Z  2025-08-22 20:44:15.641 UTC [1] LOG:  listening on IPv6 address "::", port 5432
2025-08-22T20:46:49.6184965Z  2025-08-22 20:44:15.642 UTC [1] LOG:  listening on Unix socket "/var/run/postgresql/.s.PGSQL.5432"
2025-08-22T20:46:49.6185492Z  2025-08-22 20:44:15.645 UTC [64] LOG:  database system was shut down at 2025-08-22 20:44:15 UTC
2025-08-22T20:46:49.6185942Z  2025-08-22 20:44:15.649 UTC [1] LOG:  database system is ready to accept connections
2025-08-22T20:46:49.6186303Z  This user must also own the server process.
2025-08-22T20:46:49.6186560Z  
2025-08-22T20:46:49.6186822Z  The database cluster will be initialized with locale "en_US.utf8".
2025-08-22T20:46:49.6187245Z  The default database encoding has accordingly been set to "UTF8".
2025-08-22T20:46:49.6187675Z  The default text search configuration will be set to "english".
2025-08-22T20:46:49.6187987Z  
2025-08-22T20:46:49.6188169Z  Data page checksums are disabled.
2025-08-22T20:46:49.6188395Z  
2025-08-22T20:46:49.6188673Z  fixing permissions on existing directory /var/lib/postgresql/data ... ok
2025-08-22T20:46:49.6189049Z  creating subdirectories ... ok
2025-08-22T20:46:49.6189354Z  selecting dynamic shared memory implementation ... posix
2025-08-22T20:46:49.6189675Z  selecting default max_connections ... 100
2025-08-22T20:46:49.6189950Z  selecting default shared_buffers ... 128MB
2025-08-22T20:46:49.6190211Z  selecting default time zone ... Etc/UTC
2025-08-22T20:46:49.6190477Z  creating configuration files ... ok
2025-08-22T20:46:49.6190730Z  running bootstrap script ... ok
2025-08-22T20:46:49.6191898Z  performing post-bootstrap initialization ... ok
2025-08-22T20:46:49.6192419Z  syncing data to disk ... ok
2025-08-22T20:46:49.6193056Z  
2025-08-22T20:46:49.6193320Z  
2025-08-22T20:46:49.6193679Z  Success. You can now start the database server using:
2025-08-22T20:46:49.6194113Z  
2025-08-22T20:46:49.6194336Z      pg_ctl -D /var/lib/postgresql/data -l logfile start
2025-08-22T20:46:49.6194617Z  
2025-08-22T20:46:49.6195176Z  waiting for server to start....2025-08-22 20:44:15.292 UTC [48] LOG:  starting PostgreSQL 15.14 (Debian 15.14-1.pgdg13+1) on x86_64-pc-linux-gnu, compiled by gcc (Debian 14.2.0-19) 14.2.0, 64-bit
2025-08-22T20:46:49.6195932Z  2025-08-22 20:44:15.293 UTC [48] LOG:  listening on Unix socket "/var/run/postgresql/.s.PGSQL.5432"
2025-08-22T20:46:49.6196426Z  2025-08-22 20:44:15.297 UTC [51] LOG:  database system was shut down at 2025-08-22 20:44:15 UTC
2025-08-22T20:46:49.6196876Z  2025-08-22 20:44:15.302 UTC [48] LOG:  database system is ready to accept connections
2025-08-22T20:46:49.6197198Z   done
2025-08-22T20:46:49.6197367Z  server started
2025-08-22T20:46:49.6197552Z  CREATE DATABASE
2025-08-22T20:46:49.6197737Z  
2025-08-22T20:46:49.6197887Z  
2025-08-22T20:46:49.6198184Z  /usr/local/bin/docker-entrypoint.sh: ignoring /docker-entrypoint-initdb.d/*
2025-08-22T20:46:49.6198548Z  
2025-08-22T20:46:49.6198779Z  2025-08-22 20:44:15.516 UTC [48] LOG:  received fast shutdown request
2025-08-22T20:46:49.6199450Z  waiting for server to shut down....2025-08-22 20:44:15.517 UTC [48] LOG:  aborting any active transactions
2025-08-22T20:46:49.6200076Z  2025-08-22 20:44:15.519 UTC [48] LOG:  background worker "logical replication launcher" (PID 54) exited with exit code 1
2025-08-22T20:46:49.6200547Z  2025-08-22 20:44:15.521 UTC [49] LOG:  shutting down
2025-08-22T20:46:49.6201089Z  2025-08-22 20:44:15.522 UTC [49] LOG:  checkpoint starting: shutdown immediate
2025-08-22T20:46:49.6201949Z  2025-08-22 20:44:15.556 UTC [49] LOG:  checkpoint complete: wrote 922 buffers (5.6%); 0 WAL file(s) added, 0 removed, 0 recycled; write=0.024 s, sync=0.003 s, total=0.036 s; sync files=301, longest=0.002 s, average=0.001 s; distance=4239 kB, estimate=4239 kB
2025-08-22T20:46:49.6202754Z  2025-08-22 20:44:15.565 UTC [48] LOG:  database system is shut down
2025-08-22T20:46:49.6203040Z   done
2025-08-22T20:46:49.6203207Z  server stopped
2025-08-22T20:46:49.6203384Z  
2025-08-22T20:46:49.6203597Z  PostgreSQL init process complete; ready for start up.
2025-08-22T20:46:49.6203873Z  
2025-08-22T20:46:49.6209004Z Stop and remove container: 7b732b4374904622a6626b8eea12b49e_postgres15_9908f2
2025-08-22T20:46:49.6214229Z ##[command]/usr/bin/docker rm --force 9c5fb27ab1709d0bc0091cb62fed24a6d22ce96d0a55a26bde6e251421f284ea
2025-08-22T20:46:49.7462993Z 9c5fb27ab1709d0bc0091cb62fed24a6d22ce96d0a55a26bde6e251421f284ea
2025-08-22T20:46:49.7483523Z Print service container logs: 1df14753e2ca4faab1cd34fef4249992_redis7alpine_c87206
2025-08-22T20:46:49.7484646Z ##[command]/usr/bin/docker logs --details 72582e34411e5950c7f3b9fc8b40d0046413a33935df65e7a013b24e7f10631a
2025-08-22T20:46:49.7610301Z  1:C 22 Aug 2025 20:44:15.979 # WARNING Memory overcommit must be enabled! Without it, a background save or replication may fail under low memory condition. Being disabled, it can also cause failures without low memory condition, see https://github.com/jemalloc/jemalloc/issues/1328. To fix this issue add 'vm.overcommit_memory = 1' to /etc/sysctl.conf and then reboot or run the command 'sysctl vm.overcommit_memory=1' for this to take effect.
2025-08-22T20:46:49.7613343Z  1:C 22 Aug 2025 20:44:15.979 * oO0OoO0OoO0Oo Redis is starting oO0OoO0OoO0Oo
2025-08-22T20:46:49.7614167Z  1:C 22 Aug 2025 20:44:15.979 * Redis version=7.4.5, bits=64, commit=00000000, modified=0, pid=1, just started
2025-08-22T20:46:49.7615388Z  1:C 22 Aug 2025 20:44:15.979 # Warning: no config file specified, using the default config. In order to specify a config file use redis-server /path/to/redis.conf
2025-08-22T20:46:49.7616418Z  1:M 22 Aug 2025 20:44:15.979 * monotonic clock: POSIX clock_gettime
2025-08-22T20:46:49.7616989Z  1:M 22 Aug 2025 20:44:15.979 * Running mode=standalone, port=6379.
2025-08-22T20:46:49.7617848Z  1:M 22 Aug 2025 20:44:15.980 * Server initialized
2025-08-22T20:46:49.7618371Z  1:M 22 Aug 2025 20:44:15.980 * Ready to accept connections tcp
2025-08-22T20:46:49.7627256Z Stop and remove container: 1df14753e2ca4faab1cd34fef4249992_redis7alpine_c87206
2025-08-22T20:46:49.7628065Z ##[command]/usr/bin/docker rm --force 72582e34411e5950c7f3b9fc8b40d0046413a33935df65e7a013b24e7f10631a
2025-08-22T20:46:49.8846488Z 72582e34411e5950c7f3b9fc8b40d0046413a33935df65e7a013b24e7f10631a
2025-08-22T20:46:49.8873211Z Remove container network: github_network_78cf6d82d30f4f06b64f7caecceb2867
2025-08-22T20:46:49.8877446Z ##[command]/usr/bin/docker network rm github_network_78cf6d82d30f4f06b64f7caecceb2867
2025-08-22T20:46:50.0240216Z github_network_78cf6d82d30f4f06b64f7caecceb2867
2025-08-22T20:46:50.0297707Z Cleaning up orphan processes
