2025-08-21T07:13:07.3350429Z Current runner version: '2.328.0'
2025-08-21T07:13:07.3375418Z ##[group]Runner Image Provisioner
2025-08-21T07:13:07.3376321Z Hosted Compute Agent
2025-08-21T07:13:07.3376856Z Version: 20250818.377
2025-08-21T07:13:07.3377463Z Commit: 3c593e9f75fe0b87e893bca80d6e12ba089c61fc
2025-08-21T07:13:07.3378208Z Build Date: 2025-08-18T14:52:18Z
2025-08-21T07:13:07.3378840Z ##[endgroup]
2025-08-21T07:13:07.3379403Z ##[group]Operating System
2025-08-21T07:13:07.3379970Z Ubuntu
2025-08-21T07:13:07.3380523Z 24.04.2
2025-08-21T07:13:07.3381000Z LTS
2025-08-21T07:13:07.3381520Z ##[endgroup]
2025-08-21T07:13:07.3382003Z ##[group]Runner Image
2025-08-21T07:13:07.3382592Z Image: ubuntu-24.04
2025-08-21T07:13:07.3383062Z Version: 20250818.1.0
2025-08-21T07:13:07.3384202Z Included Software: https://github.com/actions/runner-images/blob/ubuntu24/20250818.1/images/ubuntu/Ubuntu2404-Readme.md
2025-08-21T07:13:07.3385942Z Image Release: https://github.com/actions/runner-images/releases/tag/ubuntu24%2F20250818.1
2025-08-21T07:13:07.3387009Z ##[endgroup]
2025-08-21T07:13:07.3390618Z ##[group]GITHUB_TOKEN Permissions
2025-08-21T07:13:07.3393207Z Actions: write
2025-08-21T07:13:07.3393761Z Attestations: write
2025-08-21T07:13:07.3394442Z Checks: write
2025-08-21T07:13:07.3395269Z Contents: write
2025-08-21T07:13:07.3395822Z Deployments: write
2025-08-21T07:13:07.3396439Z Discussions: write
2025-08-21T07:13:07.3396972Z Issues: write
2025-08-21T07:13:07.3397463Z Metadata: read
2025-08-21T07:13:07.3397974Z Models: read
2025-08-21T07:13:07.3398493Z Packages: write
2025-08-21T07:13:07.3398971Z Pages: write
2025-08-21T07:13:07.3399498Z PullRequests: write
2025-08-21T07:13:07.3400059Z RepositoryProjects: write
2025-08-21T07:13:07.3400642Z SecurityEvents: write
2025-08-21T07:13:07.3401326Z Statuses: write
2025-08-21T07:13:07.3401863Z ##[endgroup]
2025-08-21T07:13:07.3404345Z Secret source: Actions
2025-08-21T07:13:07.3405322Z Prepare workflow directory
2025-08-21T07:13:07.3830444Z Prepare all required actions
2025-08-21T07:13:07.3867841Z Getting action download info
2025-08-21T07:13:07.7211436Z Download action repository 'actions/checkout@v5' (SHA:08c6903cd8c0fde910a37f88322edcfb5dd907a8)
2025-08-21T07:13:07.8028355Z Download action repository 'actions/setup-python@v5' (SHA:a26af69be951a213d495a4c3e4e4022e16d87065)
2025-08-21T07:13:07.9196379Z Download action repository 'actions/cache@v4' (SHA:0400d5f644dc74513175e3cd8d07132dd4860809)
2025-08-21T07:13:08.0153860Z Download action repository 'actions/setup-node@v4' (SHA:49933ea5288caeca8642d1e84afbd3f7d6820020)
2025-08-21T07:13:08.1015490Z Download action repository 'codecov/codecov-action@v5' (SHA:fdcc8476540edceab3de004e990f80d881c6cc00)
2025-08-21T07:13:08.4099478Z Getting action download info
2025-08-21T07:13:08.5150388Z Download action repository 'actions/github-script@60a0d83039c74a4aee543508d2ffcb1c3799cdea' (SHA:60a0d83039c74a4aee543508d2ffcb1c3799cdea)
2025-08-21T07:13:08.8072702Z Complete job name: test
2025-08-21T07:13:08.8650234Z ##[group]Checking docker version
2025-08-21T07:13:08.8664016Z ##[command]/usr/bin/docker version --format '{{.Server.APIVersion}}'
2025-08-21T07:13:08.9545089Z '1.48'
2025-08-21T07:13:08.9559724Z Docker daemon API version: '1.48'
2025-08-21T07:13:08.9561158Z ##[command]/usr/bin/docker version --format '{{.Client.APIVersion}}'
2025-08-21T07:13:08.9727632Z '1.48'
2025-08-21T07:13:08.9741926Z Docker client API version: '1.48'
2025-08-21T07:13:08.9748350Z ##[endgroup]
2025-08-21T07:13:08.9752131Z ##[group]Clean up resources from previous jobs
2025-08-21T07:13:08.9758263Z ##[command]/usr/bin/docker ps --all --quiet --no-trunc --filter "label=74693a"
2025-08-21T07:13:08.9898920Z ##[command]/usr/bin/docker network prune --force --filter "label=74693a"
2025-08-21T07:13:09.0040295Z ##[endgroup]
2025-08-21T07:13:09.0041171Z ##[group]Create local container network
2025-08-21T07:13:09.0053237Z ##[command]/usr/bin/docker network create --label 74693a github_network_91363a5e3f834230bb933e24cfab7b53
2025-08-21T07:13:09.0554224Z 0fc45c32ec4391d01852b243122369b5e81a8adbd1f8a7eaab938d4ad263af83
2025-08-21T07:13:09.0574965Z ##[endgroup]
2025-08-21T07:13:09.0601954Z ##[group]Starting postgres service container
2025-08-21T07:13:09.0622903Z ##[command]/usr/bin/docker pull postgres:15
2025-08-21T07:13:09.3450632Z 15: Pulling from library/postgres
2025-08-21T07:13:09.4083631Z 396b1da7636e: Pulling fs layer
2025-08-21T07:13:09.4085701Z fca2566eba32: Pulling fs layer
2025-08-21T07:13:09.4087189Z 631fe8c6d606: Pulling fs layer
2025-08-21T07:13:09.4088717Z 77c7671c4414: Pulling fs layer
2025-08-21T07:13:09.4089936Z 2d9e29180a27: Pulling fs layer
2025-08-21T07:13:09.4090867Z c6bcc2c9a041: Pulling fs layer
2025-08-21T07:13:09.4091764Z ac4b721eb66f: Pulling fs layer
2025-08-21T07:13:09.4092636Z 606bd164980e: Pulling fs layer
2025-08-21T07:13:09.4093513Z f5dfd246bc6e: Pulling fs layer
2025-08-21T07:13:09.4094385Z ba7036bb0a60: Pulling fs layer
2025-08-21T07:13:09.4095574Z 799f859abbbd: Pulling fs layer
2025-08-21T07:13:09.4096548Z d903e777080c: Pulling fs layer
2025-08-21T07:13:09.4097415Z 04adcb462801: Pulling fs layer
2025-08-21T07:13:09.4098294Z 5c10925b29ff: Pulling fs layer
2025-08-21T07:13:09.4099115Z 606bd164980e: Waiting
2025-08-21T07:13:09.4099851Z f5dfd246bc6e: Waiting
2025-08-21T07:13:09.4100594Z ba7036bb0a60: Waiting
2025-08-21T07:13:09.4101505Z 799f859abbbd: Waiting
2025-08-21T07:13:09.4102273Z d903e777080c: Waiting
2025-08-21T07:13:09.4103114Z 04adcb462801: Waiting
2025-08-21T07:13:09.4103884Z 5c10925b29ff: Waiting
2025-08-21T07:13:09.4104831Z 77c7671c4414: Waiting
2025-08-21T07:13:09.4105572Z 2d9e29180a27: Waiting
2025-08-21T07:13:09.4106320Z c6bcc2c9a041: Waiting
2025-08-21T07:13:09.4107103Z ac4b721eb66f: Waiting
2025-08-21T07:13:09.5073440Z fca2566eba32: Verifying Checksum
2025-08-21T07:13:09.5075378Z fca2566eba32: Download complete
2025-08-21T07:13:09.5626413Z 631fe8c6d606: Download complete
2025-08-21T07:13:09.6240495Z 77c7671c4414: Verifying Checksum
2025-08-21T07:13:09.6242171Z 77c7671c4414: Download complete
2025-08-21T07:13:09.6319404Z 396b1da7636e: Verifying Checksum
2025-08-21T07:13:09.6321033Z 396b1da7636e: Download complete
2025-08-21T07:13:09.6939178Z 2d9e29180a27: Verifying Checksum
2025-08-21T07:13:09.6940875Z 2d9e29180a27: Download complete
2025-08-21T07:13:09.7247550Z ac4b721eb66f: Verifying Checksum
2025-08-21T07:13:09.7249219Z ac4b721eb66f: Download complete
2025-08-21T07:13:09.7347528Z c6bcc2c9a041: Verifying Checksum
2025-08-21T07:13:09.7349607Z c6bcc2c9a041: Download complete
2025-08-21T07:13:09.7712535Z 606bd164980e: Verifying Checksum
2025-08-21T07:13:09.7717875Z 606bd164980e: Download complete
2025-08-21T07:13:09.8115012Z ba7036bb0a60: Verifying Checksum
2025-08-21T07:13:09.8120763Z ba7036bb0a60: Download complete
2025-08-21T07:13:09.8607159Z 799f859abbbd: Verifying Checksum
2025-08-21T07:13:09.8609614Z 799f859abbbd: Download complete
2025-08-21T07:13:09.8932150Z d903e777080c: Verifying Checksum
2025-08-21T07:13:09.8935414Z d903e777080c: Download complete
2025-08-21T07:13:09.9370401Z 04adcb462801: Verifying Checksum
2025-08-21T07:13:09.9372096Z 04adcb462801: Download complete
2025-08-21T07:13:09.9717612Z 5c10925b29ff: Download complete
2025-08-21T07:13:10.4620519Z f5dfd246bc6e: Verifying Checksum
2025-08-21T07:13:10.4622195Z f5dfd246bc6e: Download complete
2025-08-21T07:13:10.6888460Z 396b1da7636e: Pull complete
2025-08-21T07:13:10.9645647Z fca2566eba32: Pull complete
2025-08-21T07:13:11.1341604Z 631fe8c6d606: Pull complete
2025-08-21T07:13:11.1830002Z 77c7671c4414: Pull complete
2025-08-21T07:13:11.4851639Z 2d9e29180a27: Pull complete
2025-08-21T07:13:11.5741195Z c6bcc2c9a041: Pull complete
2025-08-21T07:13:11.5861184Z ac4b721eb66f: Pull complete
2025-08-21T07:13:11.5980924Z 606bd164980e: Pull complete
2025-08-21T07:13:14.4969965Z f5dfd246bc6e: Pull complete
2025-08-21T07:13:14.5137772Z ba7036bb0a60: Pull complete
2025-08-21T07:13:14.5285520Z 799f859abbbd: Pull complete
2025-08-21T07:13:14.5410123Z d903e777080c: Pull complete
2025-08-21T07:13:14.5530759Z 04adcb462801: Pull complete
2025-08-21T07:13:14.5641718Z 5c10925b29ff: Pull complete
2025-08-21T07:13:14.5693452Z Digest: sha256:bc51cf4f1fe02cce7ed2370b20128a9b00b4eb804573a77d2a0d877aaa9c82b1
2025-08-21T07:13:14.5717031Z Status: Downloaded newer image for postgres:15
2025-08-21T07:13:14.5728005Z docker.io/library/postgres:15
2025-08-21T07:13:14.5789024Z ##[command]/usr/bin/docker create --name e271c46287674260bdd229e0ecd20b28_postgres15_874083 --label 74693a --network github_network_91363a5e3f834230bb933e24cfab7b53 --network-alias postgres -p 5432:5432 --health-cmd="pg_isready -U postgres -d awa" --health-interval=5s --health-timeout=5s --health-retries=10 -e "POSTGRES_USER=postgres" -e "POSTGRES_PASSWORD=pass" -e "POSTGRES_DB=awa" -e GITHUB_ACTIONS=true -e CI=true postgres:15
2025-08-21T07:13:14.6104245Z fb49879e16fcc054ad8fa3dbf2ec6777675c5ed510f9412d5e2bfe62596501cc
2025-08-21T07:13:14.6127370Z ##[command]/usr/bin/docker start fb49879e16fcc054ad8fa3dbf2ec6777675c5ed510f9412d5e2bfe62596501cc
2025-08-21T07:13:14.8894528Z fb49879e16fcc054ad8fa3dbf2ec6777675c5ed510f9412d5e2bfe62596501cc
2025-08-21T07:13:14.8915639Z ##[command]/usr/bin/docker ps --all --filter id=fb49879e16fcc054ad8fa3dbf2ec6777675c5ed510f9412d5e2bfe62596501cc --filter status=running --no-trunc --format "{{.ID}} {{.Status}}"
2025-08-21T07:13:14.9043457Z fb49879e16fcc054ad8fa3dbf2ec6777675c5ed510f9412d5e2bfe62596501cc Up Less than a second (health: starting)
2025-08-21T07:13:14.9067782Z ##[command]/usr/bin/docker port fb49879e16fcc054ad8fa3dbf2ec6777675c5ed510f9412d5e2bfe62596501cc
2025-08-21T07:13:14.9207487Z 5432/tcp -> 0.0.0.0:5432
2025-08-21T07:13:14.9208441Z 5432/tcp -> [::]:5432
2025-08-21T07:13:14.9258718Z ##[endgroup]
2025-08-21T07:13:14.9259659Z ##[group]Starting redis service container
2025-08-21T07:13:14.9261002Z ##[command]/usr/bin/docker pull redis:7-alpine
2025-08-21T07:13:15.1459537Z 7-alpine: Pulling from library/redis
2025-08-21T07:13:15.2186403Z 0368fd46e3c6: Pulling fs layer
2025-08-21T07:13:15.2188030Z 4c55286bbede: Pulling fs layer
2025-08-21T07:13:15.2188500Z 5e28347af205: Pulling fs layer
2025-08-21T07:13:15.2188895Z 311eca34042e: Pulling fs layer
2025-08-21T07:13:15.2189294Z e6fe6f07e192: Pulling fs layer
2025-08-21T07:13:15.2189685Z a2cadbfeca72: Pulling fs layer
2025-08-21T07:13:15.2190077Z 4f4fb700ef54: Pulling fs layer
2025-08-21T07:13:15.2190479Z a976ed7e7808: Pulling fs layer
2025-08-21T07:13:15.2193338Z e6fe6f07e192: Waiting
2025-08-21T07:13:15.2193853Z a2cadbfeca72: Waiting
2025-08-21T07:13:15.2194209Z 4f4fb700ef54: Waiting
2025-08-21T07:13:15.2194532Z a976ed7e7808: Waiting
2025-08-21T07:13:15.2195225Z 311eca34042e: Waiting
2025-08-21T07:13:15.2991711Z 4c55286bbede: Verifying Checksum
2025-08-21T07:13:15.2992786Z 4c55286bbede: Download complete
2025-08-21T07:13:15.3186659Z 5e28347af205: Verifying Checksum
2025-08-21T07:13:15.3187095Z 5e28347af205: Download complete
2025-08-21T07:13:15.3214780Z 0368fd46e3c6: Download complete
2025-08-21T07:13:15.3917387Z 311eca34042e: Verifying Checksum
2025-08-21T07:13:15.3919816Z 311eca34042e: Download complete
2025-08-21T07:13:15.4126024Z a2cadbfeca72: Verifying Checksum
2025-08-21T07:13:15.4126501Z a2cadbfeca72: Download complete
2025-08-21T07:13:15.4617147Z 0368fd46e3c6: Pull complete
2025-08-21T07:13:15.4710679Z 4f4fb700ef54: Verifying Checksum
2025-08-21T07:13:15.4711213Z 4f4fb700ef54: Download complete
2025-08-21T07:13:15.4720701Z e6fe6f07e192: Verifying Checksum
2025-08-21T07:13:15.4721015Z e6fe6f07e192: Download complete
2025-08-21T07:13:15.5027670Z 4c55286bbede: Pull complete
2025-08-21T07:13:15.5142367Z a976ed7e7808: Verifying Checksum
2025-08-21T07:13:15.5143107Z a976ed7e7808: Download complete
2025-08-21T07:13:15.6567361Z 5e28347af205: Pull complete
2025-08-21T07:13:15.6831458Z 311eca34042e: Pull complete
2025-08-21T07:13:15.8809125Z e6fe6f07e192: Pull complete
2025-08-21T07:13:15.8907802Z a2cadbfeca72: Pull complete
2025-08-21T07:13:15.8994018Z 4f4fb700ef54: Pull complete
2025-08-21T07:13:15.9107152Z a976ed7e7808: Pull complete
2025-08-21T07:13:15.9151225Z Digest: sha256:bb186d083732f669da90be8b0f975a37812b15e913465bb14d845db72a4e3e08
2025-08-21T07:13:15.9166840Z Status: Downloaded newer image for redis:7-alpine
2025-08-21T07:13:15.9175018Z docker.io/library/redis:7-alpine
2025-08-21T07:13:15.9191774Z ##[command]/usr/bin/docker create --name f46af7f58aba4ed98b1f2d470fc32ddc_redis7alpine_ab9003 --label 74693a --network github_network_91363a5e3f834230bb933e24cfab7b53 --network-alias redis -p 6379:6379  -e GITHUB_ACTIONS=true -e CI=true redis:7-alpine
2025-08-21T07:13:15.9453141Z c73c1e2e66deaf40d895175835681fcacaa68d257195d5062e4af654ea83b759
2025-08-21T07:13:15.9476752Z ##[command]/usr/bin/docker start c73c1e2e66deaf40d895175835681fcacaa68d257195d5062e4af654ea83b759
2025-08-21T07:13:16.0826723Z c73c1e2e66deaf40d895175835681fcacaa68d257195d5062e4af654ea83b759
2025-08-21T07:13:16.0847223Z ##[command]/usr/bin/docker ps --all --filter id=c73c1e2e66deaf40d895175835681fcacaa68d257195d5062e4af654ea83b759 --filter status=running --no-trunc --format "{{.ID}} {{.Status}}"
2025-08-21T07:13:16.0980686Z c73c1e2e66deaf40d895175835681fcacaa68d257195d5062e4af654ea83b759 Up Less than a second
2025-08-21T07:13:16.0995144Z ##[command]/usr/bin/docker port c73c1e2e66deaf40d895175835681fcacaa68d257195d5062e4af654ea83b759
2025-08-21T07:13:16.1111646Z 6379/tcp -> 0.0.0.0:6379
2025-08-21T07:13:16.1112070Z 6379/tcp -> [::]:6379
2025-08-21T07:13:16.1126253Z ##[endgroup]
2025-08-21T07:13:16.1137037Z ##[group]Waiting for all services to be ready
2025-08-21T07:13:16.1150655Z ##[command]/usr/bin/docker inspect --format="{{if .Config.Healthcheck}}{{print .State.Health.Status}}{{end}}" fb49879e16fcc054ad8fa3dbf2ec6777675c5ed510f9412d5e2bfe62596501cc
2025-08-21T07:13:16.1262666Z starting
2025-08-21T07:13:16.1283001Z postgres service is starting, waiting 2 seconds before checking again.
2025-08-21T07:13:18.1280722Z ##[command]/usr/bin/docker inspect --format="{{if .Config.Healthcheck}}{{print .State.Health.Status}}{{end}}" fb49879e16fcc054ad8fa3dbf2ec6777675c5ed510f9412d5e2bfe62596501cc
2025-08-21T07:13:18.1397483Z starting
2025-08-21T07:13:18.1410881Z postgres service is starting, waiting 4 seconds before checking again.
2025-08-21T07:13:22.3422354Z ##[command]/usr/bin/docker inspect --format="{{if .Config.Healthcheck}}{{print .State.Health.Status}}{{end}}" fb49879e16fcc054ad8fa3dbf2ec6777675c5ed510f9412d5e2bfe62596501cc
2025-08-21T07:13:22.3548372Z healthy
2025-08-21T07:13:22.3565818Z postgres service is healthy.
2025-08-21T07:13:22.3566613Z ##[command]/usr/bin/docker inspect --format="{{if .Config.Healthcheck}}{{print .State.Health.Status}}{{end}}" c73c1e2e66deaf40d895175835681fcacaa68d257195d5062e4af654ea83b759
2025-08-21T07:13:22.3691427Z redis service is healthy.
2025-08-21T07:13:22.3692070Z ##[endgroup]
2025-08-21T07:13:22.3938926Z ##[group]Run actions/checkout@v5
2025-08-21T07:13:22.3939439Z with:
2025-08-21T07:13:22.3939624Z   fetch-depth: 0
2025-08-21T07:13:22.3939823Z   repository: AlexBomber12/AWA-App
2025-08-21T07:13:22.3940219Z   token: ***
2025-08-21T07:13:22.3940404Z   ssh-strict: true
2025-08-21T07:13:22.3940585Z   ssh-user: git
2025-08-21T07:13:22.3940768Z   persist-credentials: true
2025-08-21T07:13:22.3940979Z   clean: true
2025-08-21T07:13:22.3941186Z   sparse-checkout-cone-mode: true
2025-08-21T07:13:22.3941407Z   fetch-tags: false
2025-08-21T07:13:22.3941590Z   show-progress: true
2025-08-21T07:13:22.3941772Z   lfs: false
2025-08-21T07:13:22.3941937Z   submodules: false
2025-08-21T07:13:22.3942112Z   set-safe-directory: true
2025-08-21T07:13:22.3942485Z env:
2025-08-21T07:13:22.3942689Z   REDIS_URL: redis://localhost:6379/0
2025-08-21T07:13:22.3942961Z   RATE_LIMIT_DEFAULT: 100/minute
2025-08-21T07:13:22.3943170Z   TRUST_X_FORWARDED: 1
2025-08-21T07:13:22.3943354Z ##[endgroup]
2025-08-21T07:13:22.4910449Z Syncing repository: AlexBomber12/AWA-App
2025-08-21T07:13:22.4911685Z ##[group]Getting Git version info
2025-08-21T07:13:22.4912056Z Working directory is '/home/runner/work/AWA-App/AWA-App'
2025-08-21T07:13:22.4912564Z [command]/usr/bin/git version
2025-08-21T07:13:22.4925453Z git version 2.51.0
2025-08-21T07:13:22.4946024Z ##[endgroup]
2025-08-21T07:13:22.4961173Z Temporarily overriding HOME='/home/runner/work/_temp/0930bb75-9f4c-45df-817d-6c93ee3fca7d' before making global git config changes
2025-08-21T07:13:22.4962834Z Adding repository directory to the temporary git global config as a safe directory
2025-08-21T07:13:22.4966907Z [command]/usr/bin/git config --global --add safe.directory /home/runner/work/AWA-App/AWA-App
2025-08-21T07:13:22.5000168Z Deleting the contents of '/home/runner/work/AWA-App/AWA-App'
2025-08-21T07:13:22.5003758Z ##[group]Initializing the repository
2025-08-21T07:13:22.5008211Z [command]/usr/bin/git init /home/runner/work/AWA-App/AWA-App
2025-08-21T07:13:22.5070259Z hint: Using 'master' as the name for the initial branch. This default branch name
2025-08-21T07:13:22.5071161Z hint: is subject to change. To configure the initial branch name to use in all
2025-08-21T07:13:22.5071990Z hint: of your new repositories, which will suppress this warning, call:
2025-08-21T07:13:22.5072580Z hint:
2025-08-21T07:13:22.5073027Z hint: 	git config --global init.defaultBranch <name>
2025-08-21T07:13:22.5073529Z hint:
2025-08-21T07:13:22.5074025Z hint: Names commonly chosen instead of 'master' are 'main', 'trunk' and
2025-08-21T07:13:22.5075012Z hint: 'development'. The just-created branch can be renamed via this command:
2025-08-21T07:13:22.5075628Z hint:
2025-08-21T07:13:22.5075932Z hint: 	git branch -m <name>
2025-08-21T07:13:22.5076145Z hint:
2025-08-21T07:13:22.5076434Z hint: Disable this message with "git config set advice.defaultBranchName false"
2025-08-21T07:13:22.5076921Z Initialized empty Git repository in /home/runner/work/AWA-App/AWA-App/.git/
2025-08-21T07:13:22.5085482Z [command]/usr/bin/git remote add origin https://github.com/AlexBomber12/AWA-App
2025-08-21T07:13:22.5118428Z ##[endgroup]
2025-08-21T07:13:22.5119061Z ##[group]Disabling automatic garbage collection
2025-08-21T07:13:22.5122833Z [command]/usr/bin/git config --local gc.auto 0
2025-08-21T07:13:22.5149165Z ##[endgroup]
2025-08-21T07:13:22.5149688Z ##[group]Setting up auth
2025-08-21T07:13:22.5155484Z [command]/usr/bin/git config --local --name-only --get-regexp core\.sshCommand
2025-08-21T07:13:22.5185198Z [command]/usr/bin/git submodule foreach --recursive sh -c "git config --local --name-only --get-regexp 'core\.sshCommand' && git config --local --unset-all 'core.sshCommand' || :"
2025-08-21T07:13:22.5453494Z [command]/usr/bin/git config --local --name-only --get-regexp http\.https\:\/\/github\.com\/\.extraheader
2025-08-21T07:13:22.5483503Z [command]/usr/bin/git submodule foreach --recursive sh -c "git config --local --name-only --get-regexp 'http\.https\:\/\/github\.com\/\.extraheader' && git config --local --unset-all 'http.https://github.com/.extraheader' || :"
2025-08-21T07:13:22.5720346Z [command]/usr/bin/git config --local http.https://github.com/.extraheader AUTHORIZATION: basic ***
2025-08-21T07:13:22.5762705Z ##[endgroup]
2025-08-21T07:13:22.5763353Z ##[group]Fetching the repository
2025-08-21T07:13:22.5774449Z [command]/usr/bin/git -c protocol.version=2 fetch --prune --no-recurse-submodules origin +refs/heads/*:refs/remotes/origin/* +refs/tags/*:refs/tags/* +a9c2f1e6caec6fcda1b8426eff3caafcc4c8d6c8:refs/remotes/pull/325/merge
2025-08-21T07:13:25.6728696Z From https://github.com/AlexBomber12/AWA-App
2025-08-21T07:13:25.6729879Z  * [new branch]        codex/add-health-checks-for-non-http-services -> origin/codex/add-health-checks-for-non-http-services
2025-08-21T07:13:25.6730854Z  * [new branch]        codex/analyze-ci-logs-and-fix-failures   -> origin/codex/analyze-ci-logs-and-fix-failures
2025-08-21T07:13:25.6731615Z  * [new branch]        codex/analyze-ci-logs-and-implement-fixes -> origin/codex/analyze-ci-logs-and-implement-fixes
2025-08-21T07:13:25.6732395Z  * [new branch]        codex/analyze-ci-logs-and-implement-fixes-rkzdrf -> origin/codex/analyze-ci-logs-and-implement-fixes-rkzdrf
2025-08-21T07:13:25.6733209Z  * [new branch]        codex/analyze-ci-logs-and-implement-fixes-sq2vte -> origin/codex/analyze-ci-logs-and-implement-fixes-sq2vte
2025-08-21T07:13:25.6733998Z  * [new branch]        codex/analyze-ci-logs-and-implement-fixes-uwhjgc -> origin/codex/analyze-ci-logs-and-implement-fixes-uwhjgc
2025-08-21T07:13:25.6735426Z  * [new branch]        codex/create-branch-and-enforce-coverage-requirements -> origin/codex/create-branch-and-enforce-coverage-requirements
2025-08-21T07:13:25.6736265Z  * [new branch]        codex/fix-ci-workflows-based-on-log-analysis -> origin/codex/fix-ci-workflows-based-on-log-analysis
2025-08-21T07:13:25.6736929Z  * [new branch]        codex/fix-ci-workflows-to-pass           -> origin/codex/fix-ci-workflows-to-pass
2025-08-21T07:13:25.6737570Z  * [new branch]        codex/fix-ci-workflows-to-pass-all-tests -> origin/codex/fix-ci-workflows-to-pass-all-tests
2025-08-21T07:13:25.6738298Z  * [new branch]        codex/fix-mypy-errors-and-unify-dsn-variables -> origin/codex/fix-mypy-errors-and-unify-dsn-variables
2025-08-21T07:13:25.6739048Z  * [new branch]        codex/implement-ci-fix-based-on-log-analysis -> origin/codex/implement-ci-fix-based-on-log-analysis
2025-08-21T07:13:25.6739823Z  * [new branch]        codex/implement-targeted-fixes-for-ci-workflows -> origin/codex/implement-targeted-fixes-for-ci-workflows
2025-08-21T07:13:25.6740563Z  * [new branch]        codex/improve-ci/cd-pipeline-and-testing -> origin/codex/improve-ci/cd-pipeline-and-testing
2025-08-21T07:13:25.6741230Z  * [new branch]        codex/improve-docker-and-compose-setup   -> origin/codex/improve-docker-and-compose-setup
2025-08-21T07:13:25.6742015Z  * [new branch]        codex/update-documentation-and-dependency-management -> origin/codex/update-documentation-and-dependency-management
2025-08-21T07:13:25.6742976Z  * [new branch]        codex/update-documentation-and-dependency-management-nz2amg -> origin/codex/update-documentation-and-dependency-management-nz2amg
2025-08-21T07:13:25.6743693Z  * [new branch]        gh-pages                                 -> origin/gh-pages
2025-08-21T07:13:25.6744065Z  * [new branch]        main                                     -> origin/main
2025-08-21T07:13:25.6744410Z  * [new tag]           0.3.0                                    -> 0.3.0
2025-08-21T07:13:25.6744946Z  * [new ref]           a9c2f1e6caec6fcda1b8426eff3caafcc4c8d6c8 -> pull/325/merge
2025-08-21T07:13:25.6789415Z ##[endgroup]
2025-08-21T07:13:25.6789780Z ##[group]Determining the checkout info
2025-08-21T07:13:25.6790824Z ##[endgroup]
2025-08-21T07:13:25.6796206Z [command]/usr/bin/git sparse-checkout disable
2025-08-21T07:13:25.6835091Z [command]/usr/bin/git config --local --unset-all extensions.worktreeConfig
2025-08-21T07:13:25.6861569Z ##[group]Checking out the ref
2025-08-21T07:13:25.6866064Z [command]/usr/bin/git checkout --progress --force refs/remotes/pull/325/merge
2025-08-21T07:13:25.7245766Z Note: switching to 'refs/remotes/pull/325/merge'.
2025-08-21T07:13:25.7246155Z 
2025-08-21T07:13:25.7246481Z You are in 'detached HEAD' state. You can look around, make experimental
2025-08-21T07:13:25.7247265Z changes and commit them, and you can discard any commits you make in this
2025-08-21T07:13:25.7248116Z state without impacting any branches by switching back to a branch.
2025-08-21T07:13:25.7248591Z 
2025-08-21T07:13:25.7248877Z If you want to create a new branch to retain commits you create, you may
2025-08-21T07:13:25.7249577Z do so (now or later) by using -c with the switch command. Example:
2025-08-21T07:13:25.7249978Z 
2025-08-21T07:13:25.7250131Z   git switch -c <new-branch-name>
2025-08-21T07:13:25.7250402Z 
2025-08-21T07:13:25.7250554Z Or undo this operation with:
2025-08-21T07:13:25.7250803Z 
2025-08-21T07:13:25.7250921Z   git switch -
2025-08-21T07:13:25.7251106Z 
2025-08-21T07:13:25.7251448Z Turn off this advice by setting config variable advice.detachedHead to false
2025-08-21T07:13:25.7251929Z 
2025-08-21T07:13:25.7252490Z HEAD is now at a9c2f1e6 Merge 7fee38a0298347ab7320915dea61e49438b617ed into f578d4f09d179b3da5ce1b680c04b0fc0a1e6eb2
2025-08-21T07:13:25.7260831Z ##[endgroup]
2025-08-21T07:13:25.7301915Z [command]/usr/bin/git log -1 --format=%H
2025-08-21T07:13:25.7325213Z a9c2f1e6caec6fcda1b8426eff3caafcc4c8d6c8
2025-08-21T07:13:25.7522110Z ##[group]Run cat .env.ci >> "$GITHUB_ENV"
2025-08-21T07:13:25.7522461Z [36;1mcat .env.ci >> "$GITHUB_ENV"[0m
2025-08-21T07:13:25.7523159Z [36;1mecho "DATABASE_URL=***localhost:5432/awa" >> "$GITHUB_ENV"[0m
2025-08-21T07:13:25.7523515Z [36;1mecho "PG_HOST=localhost" >> "$GITHUB_ENV"[0m
2025-08-21T07:13:25.7523806Z [36;1mecho "PG_PORT=5432" >> "$GITHUB_ENV"[0m
2025-08-21T07:13:25.7524081Z [36;1mecho "PG_USER=postgres" >> "$GITHUB_ENV"[0m
2025-08-21T07:13:25.7524362Z [36;1mecho "PG_PASSWORD=pass" >> "$GITHUB_ENV"[0m
2025-08-21T07:13:25.7524782Z [36;1mecho "PG_DATABASE=awa" >> "$GITHUB_ENV"[0m
2025-08-21T07:13:25.7525057Z [36;1mecho "TESTING=1" >> "$GITHUB_ENV"[0m
2025-08-21T07:13:25.7569603Z shell: /usr/bin/bash -e {0}
2025-08-21T07:13:25.7569840Z env:
2025-08-21T07:13:25.7570049Z   REDIS_URL: redis://localhost:6379/0
2025-08-21T07:13:25.7570303Z   RATE_LIMIT_DEFAULT: 100/minute
2025-08-21T07:13:25.7570527Z   TRUST_X_FORWARDED: 1
2025-08-21T07:13:25.7570759Z ##[endgroup]
2025-08-21T07:13:25.7733608Z ##[group]Run actions/setup-python@v5
2025-08-21T07:13:25.7733891Z with:
2025-08-21T07:13:25.7734072Z   python-version: 3.12
2025-08-21T07:13:25.7734267Z   cache: pip
2025-08-21T07:13:25.7735314Z   cache-dependency-path: requirements-dev.txt
services/etl/requirements.txt
services/api/requirements.txt
services/repricer/requirements.txt
services/fees_h10/requirements.txt
services/alert_bot/requirements.txt

2025-08-21T07:13:25.7736173Z   check-latest: false
2025-08-21T07:13:25.7736534Z   token: ***
2025-08-21T07:13:25.7736727Z   update-environment: true
2025-08-21T07:13:25.7736946Z   allow-prereleases: false
2025-08-21T07:13:25.7737150Z   freethreaded: false
2025-08-21T07:13:25.7737334Z env:
2025-08-21T07:13:25.7737520Z   REDIS_URL: redis://localhost:6379/0
2025-08-21T07:13:25.7737766Z   RATE_LIMIT_DEFAULT: 100/minute
2025-08-21T07:13:25.7737983Z   TRUST_X_FORWARDED: 1
2025-08-21T07:13:25.7738169Z   PG_USER: postgres
2025-08-21T07:13:25.7738353Z   PG_PASSWORD: pass
2025-08-21T07:13:25.7738571Z   PG_DATABASE: awa
2025-08-21T07:13:25.7738755Z   PG_HOST: localhost
2025-08-21T07:13:25.7738935Z   PG_PORT: 5432
2025-08-21T07:13:25.7739318Z   PG_SYNC_DSN: ***localhost:5432/awa
2025-08-21T07:13:25.7739731Z   PG_ASYNC_DSN: ***localhost:5432/awa
2025-08-21T07:13:25.7740129Z   DATABASE_URL: ***localhost:5432/awa
2025-08-21T07:13:25.7740366Z   DATA_DIR: /tmp/awa-data
2025-08-21T07:13:25.7740557Z   ENABLE_LIVE: 0
2025-08-21T07:13:25.7740727Z   TESTING: 1
2025-08-21T07:13:25.7740883Z ##[endgroup]
2025-08-21T07:13:25.9422010Z ##[group]Installed versions
2025-08-21T07:13:25.9920239Z Successfully set up CPython (3.12.11)
2025-08-21T07:13:25.9920742Z ##[endgroup]
2025-08-21T07:13:26.0312256Z [command]/opt/hostedtoolcache/Python/3.12.11/x64/bin/pip cache dir
2025-08-21T07:13:27.8184185Z /home/runner/.cache/pip
2025-08-21T07:13:27.9205323Z Cache hit for: setup-python-Linux-x64-24.04-Ubuntu-python-3.12.11-pip-0329c9ccfd4f0973bd4f6b9c504597c603fcc08cd4b2c03b12352e92f714a83c
2025-08-21T07:13:28.9782210Z Received 188743680 of 376055454 (50.2%), 180.0 MBs/sec
2025-08-21T07:13:29.9780064Z Received 360710144 of 376055454 (95.9%), 172.0 MBs/sec
2025-08-21T07:13:30.1230329Z Received 376055454 of 376055454 (100.0%), 167.2 MBs/sec
2025-08-21T07:13:30.1232151Z Cache Size: ~359 MB (376055454 B)
2025-08-21T07:13:30.1293616Z [command]/usr/bin/tar -xf /home/runner/work/_temp/35eb6331-0a73-4d7d-ba76-825855a9886e/cache.tzst -P -C /home/runner/work/AWA-App/AWA-App --use-compress-program unzstd
2025-08-21T07:13:30.7013692Z Cache restored successfully
2025-08-21T07:13:30.7722454Z Cache restored from key: setup-python-Linux-x64-24.04-Ubuntu-python-3.12.11-pip-0329c9ccfd4f0973bd4f6b9c504597c603fcc08cd4b2c03b12352e92f714a83c
2025-08-21T07:13:30.8406304Z ##[group]Run actions/cache@v4
2025-08-21T07:13:30.8406556Z with:
2025-08-21T07:13:30.8406775Z   path: ~/.cache/pip
.pytest_cache
~/.ruff_cache

2025-08-21T07:13:30.8407221Z   key: Linux-test-cc13ccef493b9f3a93ad5651164d9fb09282c1111f6f72ce20e0657de16de6b4
2025-08-21T07:13:30.8407638Z   restore-keys: Linux-test-
2025-08-21T07:13:30.8408084Z   enableCrossOsArchive: false
2025-08-21T07:13:30.8408315Z   fail-on-cache-miss: false
2025-08-21T07:13:30.8408529Z   lookup-only: false
2025-08-21T07:13:30.8408719Z   save-always: false
2025-08-21T07:13:30.8408903Z env:
2025-08-21T07:13:30.8409110Z   REDIS_URL: redis://localhost:6379/0
2025-08-21T07:13:30.8409367Z   RATE_LIMIT_DEFAULT: 100/minute
2025-08-21T07:13:30.8409591Z   TRUST_X_FORWARDED: 1
2025-08-21T07:13:30.8409787Z   PG_USER: postgres
2025-08-21T07:13:30.8409969Z   PG_PASSWORD: pass
2025-08-21T07:13:30.8410153Z   PG_DATABASE: awa
2025-08-21T07:13:30.8410353Z   PG_HOST: localhost
2025-08-21T07:13:30.8410531Z   PG_PORT: 5432
2025-08-21T07:13:30.8411231Z   PG_SYNC_DSN: ***localhost:5432/awa
2025-08-21T07:13:30.8411686Z   PG_ASYNC_DSN: ***localhost:5432/awa
2025-08-21T07:13:30.8412080Z   DATABASE_URL: ***localhost:5432/awa
2025-08-21T07:13:30.8412321Z   DATA_DIR: /tmp/awa-data
2025-08-21T07:13:30.8412522Z   ENABLE_LIVE: 0
2025-08-21T07:13:30.8412696Z   TESTING: 1
2025-08-21T07:13:30.8412941Z   pythonLocation: /opt/hostedtoolcache/Python/3.12.11/x64
2025-08-21T07:13:30.8413343Z   PKG_CONFIG_PATH: /opt/hostedtoolcache/Python/3.12.11/x64/lib/pkgconfig
2025-08-21T07:13:30.8413733Z   Python_ROOT_DIR: /opt/hostedtoolcache/Python/3.12.11/x64
2025-08-21T07:13:30.8414095Z   Python2_ROOT_DIR: /opt/hostedtoolcache/Python/3.12.11/x64
2025-08-21T07:13:30.8414450Z   Python3_ROOT_DIR: /opt/hostedtoolcache/Python/3.12.11/x64
2025-08-21T07:13:30.8415198Z   LD_LIBRARY_PATH: /opt/hostedtoolcache/Python/3.12.11/x64/lib
2025-08-21T07:13:30.8415515Z ##[endgroup]
2025-08-21T07:13:31.0605828Z Cache hit for: Linux-test-cc13ccef493b9f3a93ad5651164d9fb09282c1111f6f72ce20e0657de16de6b4
2025-08-21T07:13:32.0910601Z Received 230686720 of 376058925 (61.3%), 219.8 MBs/sec
2025-08-21T07:13:32.6853451Z Received 376058925 of 376058925 (100.0%), 224.7 MBs/sec
2025-08-21T07:13:32.6855953Z Cache Size: ~359 MB (376058925 B)
2025-08-21T07:13:32.6898484Z [command]/usr/bin/tar -xf /home/runner/work/_temp/b3cbc7d2-df5e-43c5-9ed5-d88f9ae03c1c/cache.tzst -P -C /home/runner/work/AWA-App/AWA-App --use-compress-program unzstd
2025-08-21T07:13:33.3407682Z Cache restored successfully
2025-08-21T07:13:33.4240015Z Cache restored from key: Linux-test-cc13ccef493b9f3a93ad5651164d9fb09282c1111f6f72ce20e0657de16de6b4
2025-08-21T07:13:33.4376268Z ##[group]Run pip install --break-system-packages -r services/etl/requirements.txt
2025-08-21T07:13:33.4376924Z [36;1mpip install --break-system-packages -r services/etl/requirements.txt[0m
2025-08-21T07:13:33.4377423Z [36;1mpip install --break-system-packages -r services/api/requirements.txt[0m
2025-08-21T07:13:33.4377916Z [36;1mpip install --break-system-packages -r services/repricer/requirements.txt[0m
2025-08-21T07:13:33.4378460Z [36;1mpip install --break-system-packages -r services/fees_h10/requirements.txt[0m
2025-08-21T07:13:33.4378987Z [36;1mpip install --break-system-packages -r services/alert_bot/requirements.txt[0m
2025-08-21T07:13:33.4379467Z [36;1mpip install --break-system-packages -r requirements-dev.txt[0m
2025-08-21T07:13:33.4379865Z [36;1mpip install --break-system-packages asyncpg[0m
2025-08-21T07:13:33.4380200Z [36;1mpip install --break-system-packages pytest[0m
2025-08-21T07:13:33.4380613Z [36;1mpip install --break-system-packages keepa==1.3.15 minio==7.1.15[0m
2025-08-21T07:13:33.4422452Z shell: /usr/bin/bash -e {0}
2025-08-21T07:13:33.4422694Z env:
2025-08-21T07:13:33.4422910Z   REDIS_URL: redis://localhost:6379/0
2025-08-21T07:13:33.4423194Z   RATE_LIMIT_DEFAULT: 100/minute
2025-08-21T07:13:33.4423436Z   TRUST_X_FORWARDED: 1
2025-08-21T07:13:33.4423642Z   PG_USER: postgres
2025-08-21T07:13:33.4423843Z   PG_PASSWORD: pass
2025-08-21T07:13:33.4424040Z   PG_DATABASE: awa
2025-08-21T07:13:33.4424239Z   PG_HOST: localhost
2025-08-21T07:13:33.4424433Z   PG_PORT: 5432
2025-08-21T07:13:33.4425053Z   PG_SYNC_DSN: ***localhost:5432/awa
2025-08-21T07:13:33.4425512Z   PG_ASYNC_DSN: ***localhost:5432/awa
2025-08-21T07:13:33.4425907Z   DATABASE_URL: ***localhost:5432/awa
2025-08-21T07:13:33.4426353Z   DATA_DIR: /tmp/awa-data
2025-08-21T07:13:33.4426567Z   ENABLE_LIVE: 0
2025-08-21T07:13:33.4426744Z   TESTING: 1
2025-08-21T07:13:33.4426995Z   pythonLocation: /opt/hostedtoolcache/Python/3.12.11/x64
2025-08-21T07:13:33.4427412Z   PKG_CONFIG_PATH: /opt/hostedtoolcache/Python/3.12.11/x64/lib/pkgconfig
2025-08-21T07:13:33.4427814Z   Python_ROOT_DIR: /opt/hostedtoolcache/Python/3.12.11/x64
2025-08-21T07:13:33.4428172Z   Python2_ROOT_DIR: /opt/hostedtoolcache/Python/3.12.11/x64
2025-08-21T07:13:33.4428531Z   Python3_ROOT_DIR: /opt/hostedtoolcache/Python/3.12.11/x64
2025-08-21T07:13:33.4428893Z   LD_LIBRARY_PATH: /opt/hostedtoolcache/Python/3.12.11/x64/lib
2025-08-21T07:13:33.4429194Z ##[endgroup]
2025-08-21T07:13:34.9026985Z Collecting keepa==1.3.14 (from -r services/etl/requirements.txt (line 1))
2025-08-21T07:13:34.9040721Z   Using cached keepa-1.3.14-py3-none-any.whl.metadata (10 kB)
2025-08-21T07:13:34.9344269Z Collecting minio==7.1.15 (from -r services/etl/requirements.txt (line 2))
2025-08-21T07:13:34.9356657Z   Using cached minio-7.1.15-py3-none-any.whl.metadata (4.2 kB)
2025-08-21T07:13:34.9736220Z Collecting celery==5.3.* (from -r services/etl/requirements.txt (line 3))
2025-08-21T07:13:34.9749002Z   Using cached celery-5.3.6-py3-none-any.whl.metadata (21 kB)
2025-08-21T07:13:35.0280595Z Collecting redis==5.* (from -r services/etl/requirements.txt (line 4))
2025-08-21T07:13:35.0293063Z   Using cached redis-5.3.1-py3-none-any.whl.metadata (9.2 kB)
2025-08-21T07:13:35.0858867Z Collecting python-amazon-sp-api==0.8.0 (from -r services/etl/requirements.txt (line 5))
2025-08-21T07:13:35.0871684Z   Using cached python_amazon_sp_api-0.8.0-py3-none-any.whl.metadata (3.2 kB)
2025-08-21T07:13:35.1141969Z Collecting pydantic-settings==2.2.1 (from -r services/etl/requirements.txt (line 6))
2025-08-21T07:13:35.1154432Z   Using cached pydantic_settings-2.2.1-py3-none-any.whl.metadata (3.1 kB)
2025-08-21T07:13:35.3022867Z Collecting numpy<2 (from -r services/etl/requirements.txt (line 7))
2025-08-21T07:13:35.3037423Z   Using cached numpy-1.26.4-cp312-cp312-manylinux_2_17_x86_64.manylinux2014_x86_64.whl.metadata (61 kB)
2025-08-21T07:13:35.4212215Z Collecting pandas==2.2.* (from -r services/etl/requirements.txt (line 8))
2025-08-21T07:13:35.4225775Z   Using cached pandas-2.2.3-cp312-cp312-manylinux_2_17_x86_64.manylinux2014_x86_64.whl.metadata (89 kB)
2025-08-21T07:13:35.4871561Z Collecting pandera==0.19.* (from -r services/etl/requirements.txt (line 9))
2025-08-21T07:13:35.4885028Z   Using cached pandera-0.19.3-py3-none-any.whl.metadata (15 kB)
2025-08-21T07:13:35.5153495Z Collecting openpyxl==3.1.* (from -r services/etl/requirements.txt (line 10))
2025-08-21T07:13:35.5167116Z   Using cached openpyxl-3.1.5-py2.py3-none-any.whl.metadata (2.5 kB)
2025-08-21T07:13:35.5348426Z Collecting psycopg==3.2.9 (from psycopg[binary]==3.2.9->-r services/etl/requirements.txt (line 11))
2025-08-21T07:13:35.5360924Z   Using cached psycopg-3.2.9-py3-none-any.whl.metadata (4.5 kB)
2025-08-21T07:13:35.6023197Z Collecting psycopg2-binary==2.9.* (from -r services/etl/requirements.txt (line 12))
2025-08-21T07:13:35.6037227Z   Using cached psycopg2_binary-2.9.10-cp312-cp312-manylinux_2_17_x86_64.manylinux2014_x86_64.whl.metadata (4.9 kB)
2025-08-21T07:13:35.6436514Z Collecting requests>=2.2 (from keepa==1.3.14->-r services/etl/requirements.txt (line 1))
2025-08-21T07:13:35.6449431Z   Using cached requests-2.32.5-py3-none-any.whl.metadata (4.9 kB)
2025-08-21T07:13:35.6818061Z Collecting tqdm (from keepa==1.3.14->-r services/etl/requirements.txt (line 1))
2025-08-21T07:13:35.6830475Z   Using cached tqdm-4.67.1-py3-none-any.whl.metadata (57 kB)
2025-08-21T07:13:36.1766487Z Collecting aiohttp (from keepa==1.3.14->-r services/etl/requirements.txt (line 1))
2025-08-21T07:13:36.1780377Z   Using cached aiohttp-3.12.15-cp312-cp312-manylinux_2_17_x86_64.manylinux2014_x86_64.whl.metadata (7.7 kB)
2025-08-21T07:13:36.2953693Z Collecting pydantic (from keepa==1.3.14->-r services/etl/requirements.txt (line 1))
2025-08-21T07:13:36.2967663Z   Using cached pydantic-2.11.7-py3-none-any.whl.metadata (67 kB)
2025-08-21T07:13:36.3210450Z Collecting certifi (from minio==7.1.15->-r services/etl/requirements.txt (line 2))
2025-08-21T07:13:36.3221998Z   Using cached certifi-2025.8.3-py3-none-any.whl.metadata (2.4 kB)
2025-08-21T07:13:36.3485436Z Collecting urllib3 (from minio==7.1.15->-r services/etl/requirements.txt (line 2))
2025-08-21T07:13:36.3497515Z   Using cached urllib3-2.5.0-py3-none-any.whl.metadata (6.5 kB)
2025-08-21T07:13:36.3663504Z Collecting six<2,>=1.15 (from python-amazon-sp-api==0.8.0->-r services/etl/requirements.txt (line 5))
2025-08-21T07:13:36.3675171Z   Using cached six-1.17.0-py2.py3-none-any.whl.metadata (1.7 kB)
2025-08-21T07:13:36.7653755Z Collecting boto3<2,>=1.16.39 (from python-amazon-sp-api==0.8.0->-r services/etl/requirements.txt (line 5))
2025-08-21T07:13:36.7667235Z   Using cached boto3-1.40.14-py3-none-any.whl.metadata (6.7 kB)
2025-08-21T07:13:36.7875354Z Collecting cachetools~=4.2.0 (from python-amazon-sp-api==0.8.0->-r services/etl/requirements.txt (line 5))
2025-08-21T07:13:36.7886728Z   Using cached cachetools-4.2.4-py3-none-any.whl.metadata (4.8 kB)
2025-08-21T07:13:36.8693540Z Collecting pycryptodome (from python-amazon-sp-api==0.8.0->-r services/etl/requirements.txt (line 5))
2025-08-21T07:13:36.8707442Z   Using cached pycryptodome-3.23.0-cp37-abi3-manylinux_2_17_x86_64.manylinux2014_x86_64.whl.metadata (3.4 kB)
2025-08-21T07:13:36.9078434Z Collecting pytz (from python-amazon-sp-api==0.8.0->-r services/etl/requirements.txt (line 5))
2025-08-21T07:13:36.9091285Z   Using cached pytz-2025.2-py2.py3-none-any.whl.metadata (22 kB)
2025-08-21T07:13:36.9239309Z Collecting confuse~=1.4.0 (from python-amazon-sp-api==0.8.0->-r services/etl/requirements.txt (line 5))
2025-08-21T07:13:36.9251058Z   Using cached confuse-1.4.0-py2.py3-none-any.whl.metadata (3.8 kB)
2025-08-21T07:13:36.9546425Z Collecting python-dotenv>=0.21.0 (from pydantic-settings==2.2.1->-r services/etl/requirements.txt (line 6))
2025-08-21T07:13:36.9558442Z   Using cached python_dotenv-1.1.1-py3-none-any.whl.metadata (24 kB)
2025-08-21T07:13:36.9783085Z Collecting typing-extensions>=4.6 (from psycopg==3.2.9->psycopg[binary]==3.2.9->-r services/etl/requirements.txt (line 11))
2025-08-21T07:13:36.9795561Z   Using cached typing_extensions-4.14.1-py3-none-any.whl.metadata (3.0 kB)
2025-08-21T07:13:37.1241048Z Collecting psycopg-binary==3.2.9 (from psycopg[binary]==3.2.9->-r services/etl/requirements.txt (line 11))
2025-08-21T07:13:37.1254185Z   Using cached psycopg_binary-3.2.9-cp312-cp312-manylinux_2_17_x86_64.manylinux2014_x86_64.whl.metadata (2.9 kB)
2025-08-21T07:13:37.1461501Z Collecting billiard<5.0,>=4.2.0 (from celery==5.3.*->-r services/etl/requirements.txt (line 3))
2025-08-21T07:13:37.1472663Z   Using cached billiard-4.2.1-py3-none-any.whl.metadata (4.4 kB)
2025-08-21T07:13:37.1593232Z Collecting click-didyoumean>=0.3.0 (from celery==5.3.*->-r services/etl/requirements.txt (line 3))
2025-08-21T07:13:37.1604806Z   Using cached click_didyoumean-0.3.1-py3-none-any.whl.metadata (3.9 kB)
2025-08-21T07:13:37.1721027Z Collecting click-plugins>=1.1.1 (from celery==5.3.*->-r services/etl/requirements.txt (line 3))
2025-08-21T07:13:37.1732713Z   Using cached click_plugins-1.1.1.2-py2.py3-none-any.whl.metadata (6.5 kB)
2025-08-21T07:13:37.1858301Z Collecting click-repl>=0.2.0 (from celery==5.3.*->-r services/etl/requirements.txt (line 3))
2025-08-21T07:13:37.1869105Z   Using cached click_repl-0.3.0-py3-none-any.whl.metadata (3.6 kB)
2025-08-21T07:13:37.2083215Z Collecting click<9.0,>=8.1.2 (from celery==5.3.*->-r services/etl/requirements.txt (line 3))
2025-08-21T07:13:37.2094279Z   Using cached click-8.2.1-py3-none-any.whl.metadata (2.5 kB)
2025-08-21T07:13:37.2390837Z Collecting kombu<6.0,>=5.3.4 (from celery==5.3.*->-r services/etl/requirements.txt (line 3))
2025-08-21T07:13:37.2401448Z   Using cached kombu-5.5.4-py3-none-any.whl.metadata (3.5 kB)
2025-08-21T07:13:37.2605702Z Collecting python-dateutil>=2.8.2 (from celery==5.3.*->-r services/etl/requirements.txt (line 3))
2025-08-21T07:13:37.2617053Z   Using cached python_dateutil-2.9.0.post0-py2.py3-none-any.whl.metadata (8.4 kB)
2025-08-21T07:13:37.2773524Z Collecting tzdata>=2022.7 (from celery==5.3.*->-r services/etl/requirements.txt (line 3))
2025-08-21T07:13:37.2784999Z   Using cached tzdata-2025.2-py2.py3-none-any.whl.metadata (1.4 kB)
2025-08-21T07:13:37.2907309Z Collecting vine<6.0,>=5.1.0 (from celery==5.3.*->-r services/etl/requirements.txt (line 3))
2025-08-21T07:13:37.2918385Z   Using cached vine-5.1.0-py3-none-any.whl.metadata (2.7 kB)
2025-08-21T07:13:37.3114258Z Collecting PyJWT>=2.9.0 (from redis==5.*->-r services/etl/requirements.txt (line 4))
2025-08-21T07:13:37.3125861Z   Using cached PyJWT-2.10.1-py3-none-any.whl.metadata (4.0 kB)
2025-08-21T07:13:37.3438081Z Collecting multimethod<=1.10.0 (from pandera==0.19.*->-r services/etl/requirements.txt (line 9))
2025-08-21T07:13:37.3448575Z   Using cached multimethod-1.10-py3-none-any.whl.metadata (8.2 kB)
2025-08-21T07:13:37.3701698Z Collecting packaging>=20.0 (from pandera==0.19.*->-r services/etl/requirements.txt (line 9))
2025-08-21T07:13:37.3712778Z   Using cached packaging-25.0-py3-none-any.whl.metadata (3.3 kB)
2025-08-21T07:13:37.3996697Z Collecting typeguard (from pandera==0.19.*->-r services/etl/requirements.txt (line 9))
2025-08-21T07:13:37.4008164Z   Using cached typeguard-4.4.4-py3-none-any.whl.metadata (3.3 kB)
2025-08-21T07:13:37.4139770Z Collecting typing-inspect>=0.6.0 (from pandera==0.19.*->-r services/etl/requirements.txt (line 9))
2025-08-21T07:13:37.4151181Z   Using cached typing_inspect-0.9.0-py3-none-any.whl.metadata (1.5 kB)
2025-08-21T07:13:37.5147608Z Collecting wrapt (from pandera==0.19.*->-r services/etl/requirements.txt (line 9))
2025-08-21T07:13:37.5161089Z   Using cached wrapt-1.17.3-cp312-cp312-manylinux1_x86_64.manylinux_2_28_x86_64.manylinux_2_5_x86_64.whl.metadata (6.4 kB)
2025-08-21T07:13:37.5286467Z Collecting et-xmlfile (from openpyxl==3.1.*->-r services/etl/requirements.txt (line 10))
2025-08-21T07:13:37.5297927Z   Using cached et_xmlfile-2.0.0-py3-none-any.whl.metadata (2.7 kB)
2025-08-21T07:13:37.9435301Z Collecting botocore<1.41.0,>=1.40.14 (from boto3<2,>=1.16.39->python-amazon-sp-api==0.8.0->-r services/etl/requirements.txt (line 5))
2025-08-21T07:13:37.9449658Z   Using cached botocore-1.40.14-py3-none-any.whl.metadata (5.7 kB)
2025-08-21T07:13:37.9609150Z Collecting jmespath<2.0.0,>=0.7.1 (from boto3<2,>=1.16.39->python-amazon-sp-api==0.8.0->-r services/etl/requirements.txt (line 5))
2025-08-21T07:13:37.9620785Z   Using cached jmespath-1.0.1-py3-none-any.whl.metadata (7.6 kB)
2025-08-21T07:13:37.9821870Z Collecting s3transfer<0.14.0,>=0.13.0 (from boto3<2,>=1.16.39->python-amazon-sp-api==0.8.0->-r services/etl/requirements.txt (line 5))
2025-08-21T07:13:37.9833186Z   Using cached s3transfer-0.13.1-py3-none-any.whl.metadata (1.7 kB)
2025-08-21T07:13:38.0354041Z Collecting pyyaml (from confuse~=1.4.0->python-amazon-sp-api==0.8.0->-r services/etl/requirements.txt (line 5))
2025-08-21T07:13:38.0369836Z   Using cached PyYAML-6.0.2-cp312-cp312-manylinux_2_17_x86_64.manylinux2014_x86_64.whl.metadata (2.1 kB)
2025-08-21T07:13:38.0579905Z Collecting amqp<6.0.0,>=5.1.1 (from kombu<6.0,>=5.3.4->celery==5.3.*->-r services/etl/requirements.txt (line 3))
2025-08-21T07:13:38.0591430Z   Using cached amqp-5.3.1-py3-none-any.whl.metadata (8.9 kB)
2025-08-21T07:13:38.3469181Z Collecting prompt-toolkit>=3.0.36 (from click-repl>=0.2.0->celery==5.3.*->-r services/etl/requirements.txt (line 3))
2025-08-21T07:13:38.3481328Z   Using cached prompt_toolkit-3.0.51-py3-none-any.whl.metadata (6.4 kB)
2025-08-21T07:13:38.3654466Z Collecting wcwidth (from prompt-toolkit>=3.0.36->click-repl>=0.2.0->celery==5.3.*->-r services/etl/requirements.txt (line 3))
2025-08-21T07:13:38.3666435Z   Using cached wcwidth-0.2.13-py2.py3-none-any.whl.metadata (14 kB)
2025-08-21T07:13:38.3808402Z Collecting annotated-types>=0.6.0 (from pydantic->keepa==1.3.14->-r services/etl/requirements.txt (line 1))
2025-08-21T07:13:38.3820032Z   Using cached annotated_types-0.7.0-py3-none-any.whl.metadata (15 kB)
2025-08-21T07:13:39.0493678Z Collecting pydantic-core==2.33.2 (from pydantic->keepa==1.3.14->-r services/etl/requirements.txt (line 1))
2025-08-21T07:13:39.0507737Z   Using cached pydantic_core-2.33.2-cp312-cp312-manylinux_2_17_x86_64.manylinux2014_x86_64.whl.metadata (6.8 kB)
2025-08-21T07:13:39.0665001Z Collecting typing-inspection>=0.4.0 (from pydantic->keepa==1.3.14->-r services/etl/requirements.txt (line 1))
2025-08-21T07:13:39.0677449Z   Using cached typing_inspection-0.4.1-py3-none-any.whl.metadata (2.6 kB)
2025-08-21T07:13:39.1577267Z Collecting charset_normalizer<4,>=2 (from requests>=2.2->keepa==1.3.14->-r services/etl/requirements.txt (line 1))
2025-08-21T07:13:39.1590531Z   Using cached charset_normalizer-3.4.3-cp312-cp312-manylinux2014_x86_64.manylinux_2_17_x86_64.manylinux_2_28_x86_64.whl.metadata (36 kB)
2025-08-21T07:13:39.1768225Z Collecting idna<4,>=2.5 (from requests>=2.2->keepa==1.3.14->-r services/etl/requirements.txt (line 1))
2025-08-21T07:13:39.1780022Z   Using cached idna-3.10-py3-none-any.whl.metadata (10 kB)
2025-08-21T07:13:39.2181415Z Collecting mypy-extensions>=0.3.0 (from typing-inspect>=0.6.0->pandera==0.19.*->-r services/etl/requirements.txt (line 9))
2025-08-21T07:13:39.2193170Z   Using cached mypy_extensions-1.1.0-py3-none-any.whl.metadata (1.1 kB)
2025-08-21T07:13:39.2505922Z Collecting aiohappyeyeballs>=2.5.0 (from aiohttp->keepa==1.3.14->-r services/etl/requirements.txt (line 1))
2025-08-21T07:13:39.2517692Z   Using cached aiohappyeyeballs-2.6.1-py3-none-any.whl.metadata (5.9 kB)
2025-08-21T07:13:39.2635616Z Collecting aiosignal>=1.4.0 (from aiohttp->keepa==1.3.14->-r services/etl/requirements.txt (line 1))
2025-08-21T07:13:39.2647189Z   Using cached aiosignal-1.4.0-py3-none-any.whl.metadata (3.7 kB)
2025-08-21T07:13:39.2813909Z Collecting attrs>=17.3.0 (from aiohttp->keepa==1.3.14->-r services/etl/requirements.txt (line 1))
2025-08-21T07:13:39.2825189Z   Using cached attrs-25.3.0-py3-none-any.whl.metadata (10 kB)
2025-08-21T07:13:39.3527385Z Collecting frozenlist>=1.1.1 (from aiohttp->keepa==1.3.14->-r services/etl/requirements.txt (line 1))
2025-08-21T07:13:39.3540445Z   Using cached frozenlist-1.7.0-cp312-cp312-manylinux_2_5_x86_64.manylinux1_x86_64.manylinux_2_17_x86_64.manylinux2014_x86_64.whl.metadata (18 kB)
2025-08-21T07:13:39.5744138Z Collecting multidict<7.0,>=4.5 (from aiohttp->keepa==1.3.14->-r services/etl/requirements.txt (line 1))
2025-08-21T07:13:39.5758110Z   Using cached multidict-6.6.4-cp312-cp312-manylinux2014_x86_64.manylinux_2_17_x86_64.manylinux_2_28_x86_64.whl.metadata (5.3 kB)
2025-08-21T07:13:39.6922714Z Collecting propcache>=0.2.0 (from aiohttp->keepa==1.3.14->-r services/etl/requirements.txt (line 1))
2025-08-21T07:13:39.6936196Z   Using cached propcache-0.3.2-cp312-cp312-manylinux_2_17_x86_64.manylinux2014_x86_64.whl.metadata (12 kB)
2025-08-21T07:13:39.9343649Z Collecting yarl<2.0,>=1.17.0 (from aiohttp->keepa==1.3.14->-r services/etl/requirements.txt (line 1))
2025-08-21T07:13:39.9357692Z   Using cached yarl-1.20.1-cp312-cp312-manylinux_2_17_x86_64.manylinux2014_x86_64.whl.metadata (73 kB)
2025-08-21T07:13:39.9935521Z Using cached keepa-1.3.14-py3-none-any.whl (33 kB)
2025-08-21T07:13:39.9946878Z Using cached minio-7.1.15-py3-none-any.whl (77 kB)
2025-08-21T07:13:39.9958870Z Using cached python_amazon_sp_api-0.8.0-py3-none-any.whl (93 kB)
2025-08-21T07:13:39.9970682Z Using cached pydantic_settings-2.2.1-py3-none-any.whl (13 kB)
2025-08-21T07:13:39.9982143Z Using cached psycopg-3.2.9-py3-none-any.whl (202 kB)
2025-08-21T07:13:39.9994854Z Using cached psycopg_binary-3.2.9-cp312-cp312-manylinux_2_17_x86_64.manylinux2014_x86_64.whl (4.4 MB)
2025-08-21T07:13:40.0037930Z Using cached celery-5.3.6-py3-none-any.whl (422 kB)
2025-08-21T07:13:40.0051906Z Using cached redis-5.3.1-py3-none-any.whl (272 kB)
2025-08-21T07:13:40.0065516Z Using cached numpy-1.26.4-cp312-cp312-manylinux_2_17_x86_64.manylinux2014_x86_64.whl (18.0 MB)
2025-08-21T07:13:40.0204890Z Using cached pandas-2.2.3-cp312-cp312-manylinux_2_17_x86_64.manylinux2014_x86_64.whl (12.7 MB)
2025-08-21T07:13:40.0304371Z Using cached pandera-0.19.3-py3-none-any.whl (251 kB)
2025-08-21T07:13:40.0317467Z Using cached openpyxl-3.1.5-py2.py3-none-any.whl (250 kB)
2025-08-21T07:13:40.0330866Z Using cached psycopg2_binary-2.9.10-cp312-cp312-manylinux_2_17_x86_64.manylinux2014_x86_64.whl (3.0 MB)
2025-08-21T07:13:40.0365061Z Using cached billiard-4.2.1-py3-none-any.whl (86 kB)
2025-08-21T07:13:40.0376864Z Using cached boto3-1.40.14-py3-none-any.whl (140 kB)
2025-08-21T07:13:40.0389151Z Using cached botocore-1.40.14-py3-none-any.whl (14.0 MB)
2025-08-21T07:13:40.0502711Z Using cached cachetools-4.2.4-py3-none-any.whl (10 kB)
2025-08-21T07:13:40.0513885Z Using cached click-8.2.1-py3-none-any.whl (102 kB)
2025-08-21T07:13:40.0525854Z Using cached confuse-1.4.0-py2.py3-none-any.whl (21 kB)
2025-08-21T07:13:40.0537087Z Using cached jmespath-1.0.1-py3-none-any.whl (20 kB)
2025-08-21T07:13:40.0548203Z Using cached kombu-5.5.4-py3-none-any.whl (210 kB)
2025-08-21T07:13:40.0560514Z Using cached vine-5.1.0-py3-none-any.whl (9.6 kB)
2025-08-21T07:13:40.0571654Z Using cached amqp-5.3.1-py3-none-any.whl (50 kB)
2025-08-21T07:13:40.0582990Z Using cached multimethod-1.10-py3-none-any.whl (9.9 kB)
2025-08-21T07:13:40.0594835Z Using cached python_dateutil-2.9.0.post0-py2.py3-none-any.whl (229 kB)
2025-08-21T07:13:40.0607474Z Using cached s3transfer-0.13.1-py3-none-any.whl (85 kB)
2025-08-21T07:13:40.0619512Z Using cached six-1.17.0-py2.py3-none-any.whl (11 kB)
2025-08-21T07:13:40.0630652Z Using cached urllib3-2.5.0-py3-none-any.whl (129 kB)
2025-08-21T07:13:40.0642734Z Using cached click_didyoumean-0.3.1-py3-none-any.whl (3.6 kB)
2025-08-21T07:13:40.0653972Z Using cached click_plugins-1.1.1.2-py2.py3-none-any.whl (11 kB)
2025-08-21T07:13:40.0665225Z Using cached click_repl-0.3.0-py3-none-any.whl (10 kB)
2025-08-21T07:13:40.0676657Z Using cached packaging-25.0-py3-none-any.whl (66 kB)
2025-08-21T07:13:40.0688441Z Using cached prompt_toolkit-3.0.51-py3-none-any.whl (387 kB)
2025-08-21T07:13:40.0702381Z Using cached pydantic-2.11.7-py3-none-any.whl (444 kB)
2025-08-21T07:13:40.0717438Z Using cached pydantic_core-2.33.2-cp312-cp312-manylinux_2_17_x86_64.manylinux2014_x86_64.whl (2.0 MB)
2025-08-21T07:13:40.0743477Z Using cached annotated_types-0.7.0-py3-none-any.whl (13 kB)
2025-08-21T07:13:40.0755110Z Using cached PyJWT-2.10.1-py3-none-any.whl (22 kB)
2025-08-21T07:13:40.0766749Z Using cached python_dotenv-1.1.1-py3-none-any.whl (20 kB)
2025-08-21T07:13:40.0778136Z Using cached pytz-2025.2-py2.py3-none-any.whl (509 kB)
2025-08-21T07:13:40.0792842Z Using cached requests-2.32.5-py3-none-any.whl (64 kB)
2025-08-21T07:13:40.0805467Z Using cached charset_normalizer-3.4.3-cp312-cp312-manylinux2014_x86_64.manylinux_2_17_x86_64.manylinux_2_28_x86_64.whl (151 kB)
2025-08-21T07:13:40.0817368Z Using cached idna-3.10-py3-none-any.whl (70 kB)
2025-08-21T07:13:40.0829255Z Using cached certifi-2025.8.3-py3-none-any.whl (161 kB)
2025-08-21T07:13:40.0841613Z Using cached typing_extensions-4.14.1-py3-none-any.whl (43 kB)
2025-08-21T07:13:40.0853163Z Using cached typing_inspect-0.9.0-py3-none-any.whl (8.8 kB)
2025-08-21T07:13:40.0864808Z Using cached mypy_extensions-1.1.0-py3-none-any.whl (5.0 kB)
2025-08-21T07:13:40.0876211Z Using cached typing_inspection-0.4.1-py3-none-any.whl (14 kB)
2025-08-21T07:13:40.0887559Z Using cached tzdata-2025.2-py2.py3-none-any.whl (347 kB)
2025-08-21T07:13:40.0909507Z Using cached aiohttp-3.12.15-cp312-cp312-manylinux_2_17_x86_64.manylinux2014_x86_64.whl (1.7 MB)
2025-08-21T07:13:40.0931314Z Using cached multidict-6.6.4-cp312-cp312-manylinux2014_x86_64.manylinux_2_17_x86_64.manylinux_2_28_x86_64.whl (256 kB)
2025-08-21T07:13:40.0944210Z Using cached yarl-1.20.1-cp312-cp312-manylinux_2_17_x86_64.manylinux2014_x86_64.whl (355 kB)
2025-08-21T07:13:40.0958119Z Using cached aiohappyeyeballs-2.6.1-py3-none-any.whl (15 kB)
2025-08-21T07:13:40.0969380Z Using cached aiosignal-1.4.0-py3-none-any.whl (7.5 kB)
2025-08-21T07:13:40.0980607Z Using cached attrs-25.3.0-py3-none-any.whl (63 kB)
2025-08-21T07:13:40.0992935Z Using cached frozenlist-1.7.0-cp312-cp312-manylinux_2_5_x86_64.manylinux1_x86_64.manylinux_2_17_x86_64.manylinux2014_x86_64.whl (241 kB)
2025-08-21T07:13:40.1006349Z Using cached propcache-0.3.2-cp312-cp312-manylinux_2_17_x86_64.manylinux2014_x86_64.whl (224 kB)
2025-08-21T07:13:40.1019165Z Using cached et_xmlfile-2.0.0-py3-none-any.whl (18 kB)
2025-08-21T07:13:40.1031124Z Using cached pycryptodome-3.23.0-cp37-abi3-manylinux_2_17_x86_64.manylinux2014_x86_64.whl (2.3 MB)
2025-08-21T07:13:40.1059032Z Using cached PyYAML-6.0.2-cp312-cp312-manylinux_2_17_x86_64.manylinux2014_x86_64.whl (767 kB)
2025-08-21T07:13:40.1075244Z Using cached tqdm-4.67.1-py3-none-any.whl (78 kB)
2025-08-21T07:13:40.1086899Z Using cached typeguard-4.4.4-py3-none-any.whl (34 kB)
2025-08-21T07:13:40.1098587Z Using cached wcwidth-0.2.13-py2.py3-none-any.whl (34 kB)
2025-08-21T07:13:40.1110580Z Using cached wrapt-1.17.3-cp312-cp312-manylinux1_x86_64.manylinux_2_28_x86_64.manylinux_2_5_x86_64.whl (88 kB)
2025-08-21T07:13:40.3839932Z Installing collected packages: wcwidth, pytz, wrapt, vine, urllib3, tzdata, typing-extensions, tqdm, six, pyyaml, python-dotenv, PyJWT, pycryptodome, psycopg2-binary, psycopg-binary, propcache, prompt-toolkit, packaging, numpy, mypy-extensions, multimethod, multidict, jmespath, idna, frozenlist, et-xmlfile, click, charset_normalizer, certifi, cachetools, billiard, attrs, annotated-types, aiohappyeyeballs, yarl, typing-inspection, typing-inspect, typeguard, requests, redis, python-dateutil, pydantic-core, psycopg, openpyxl, minio, confuse, click-repl, click-plugins, click-didyoumean, amqp, aiosignal, pydantic, pandas, kombu, botocore, aiohttp, s3transfer, pydantic-settings, pandera, keepa, celery, boto3, python-amazon-sp-api
2025-08-21T07:13:51.5216221Z 
2025-08-21T07:13:51.5279929Z Successfully installed PyJWT-2.10.1 aiohappyeyeballs-2.6.1 aiohttp-3.12.15 aiosignal-1.4.0 amqp-5.3.1 annotated-types-0.7.0 attrs-25.3.0 billiard-4.2.1 boto3-1.40.14 botocore-1.40.14 cachetools-4.2.4 celery-5.3.6 certifi-2025.8.3 charset_normalizer-3.4.3 click-8.2.1 click-didyoumean-0.3.1 click-plugins-1.1.1.2 click-repl-0.3.0 confuse-1.4.0 et-xmlfile-2.0.0 frozenlist-1.7.0 idna-3.10 jmespath-1.0.1 keepa-1.3.14 kombu-5.5.4 minio-7.1.15 multidict-6.6.4 multimethod-1.10 mypy-extensions-1.1.0 numpy-1.26.4 openpyxl-3.1.5 packaging-25.0 pandas-2.2.3 pandera-0.19.3 prompt-toolkit-3.0.51 propcache-0.3.2 psycopg-3.2.9 psycopg-binary-3.2.9 psycopg2-binary-2.9.10 pycryptodome-3.23.0 pydantic-2.11.7 pydantic-core-2.33.2 pydantic-settings-2.2.1 python-amazon-sp-api-0.8.0 python-dateutil-2.9.0.post0 python-dotenv-1.1.1 pytz-2025.2 pyyaml-6.0.2 redis-5.3.1 requests-2.32.5 s3transfer-0.13.1 six-1.17.0 tqdm-4.67.1 typeguard-4.4.4 typing-extensions-4.14.1 typing-inspect-0.9.0 typing-inspection-0.4.1 tzdata-2025.2 urllib3-2.5.0 vine-5.1.0 wcwidth-0.2.13 wrapt-1.17.3 yarl-1.20.1
2025-08-21T07:13:52.9995073Z Collecting uvicorn==0.29.0 (from -r services/api/requirements.txt (line 1))
2025-08-21T07:13:53.0008406Z   Using cached uvicorn-0.29.0-py3-none-any.whl.metadata (6.3 kB)
2025-08-21T07:13:53.0044917Z Requirement already satisfied: pydantic-settings==2.2.1 in /opt/hostedtoolcache/Python/3.12.11/x64/lib/python3.12/site-packages (from -r services/api/requirements.txt (line 2)) (2.2.1)
2025-08-21T07:13:53.0459941Z Collecting fastapi==0.111.0 (from -r services/api/requirements.txt (line 3))
2025-08-21T07:13:53.0471941Z   Using cached fastapi-0.111.0-py3-none-any.whl.metadata (25 kB)
2025-08-21T07:13:53.3171381Z Collecting sqlalchemy==2.0.29 (from -r services/api/requirements.txt (line 4))
2025-08-21T07:13:53.3185293Z   Using cached SQLAlchemy-2.0.29-cp312-cp312-manylinux_2_17_x86_64.manylinux2014_x86_64.whl.metadata (9.6 kB)
2025-08-21T07:13:53.3489826Z Collecting alembic==1.13.1 (from -r services/api/requirements.txt (line 5))
2025-08-21T07:13:53.3501348Z   Using cached alembic-1.13.1-py3-none-any.whl.metadata (7.4 kB)
2025-08-21T07:13:53.3526018Z Requirement already satisfied: psycopg==3.2.9 in /opt/hostedtoolcache/Python/3.12.11/x64/lib/python3.12/site-packages (from psycopg[binary]==3.2.9->-r services/api/requirements.txt (line 6)) (3.2.9)
2025-08-21T07:13:53.3718343Z Collecting httpx==0.27.2 (from -r services/api/requirements.txt (line 7))
2025-08-21T07:13:53.3732175Z   Using cached httpx-0.27.2-py3-none-any.whl.metadata (7.1 kB)
2025-08-21T07:13:53.4159156Z Collecting asyncpg==0.29.0 (from -r services/api/requirements.txt (line 8))
2025-08-21T07:13:53.4172085Z   Using cached asyncpg-0.29.0-cp312-cp312-manylinux_2_17_x86_64.manylinux2014_x86_64.whl.metadata (4.4 kB)
2025-08-21T07:13:53.6803718Z Collecting boto3==1.34.162 (from -r services/api/requirements.txt (line 9))
2025-08-21T07:13:53.6816618Z   Using cached boto3-1.34.162-py3-none-any.whl.metadata (6.6 kB)
2025-08-21T07:13:53.6995246Z Collecting Jinja2==3.1.5 (from -r services/api/requirements.txt (line 10))
2025-08-21T07:13:53.7006348Z   Using cached jinja2-3.1.5-py3-none-any.whl.metadata (2.6 kB)
2025-08-21T07:13:53.7024278Z Requirement already satisfied: celery==5.3.* in /opt/hostedtoolcache/Python/3.12.11/x64/lib/python3.12/site-packages (from -r services/api/requirements.txt (line 11)) (5.3.6)
2025-08-21T07:13:53.7172179Z Collecting structlog==24.1.0 (from -r services/api/requirements.txt (line 12))
2025-08-21T07:13:53.7183519Z   Using cached structlog-24.1.0-py3-none-any.whl.metadata (6.9 kB)
2025-08-21T07:13:53.7356956Z Collecting asgi-correlation-id==4.3.1 (from -r services/api/requirements.txt (line 13))
2025-08-21T07:13:53.7368382Z   Using cached asgi_correlation_id-4.3.1-py3-none-any.whl.metadata (28 kB)
2025-08-21T07:13:53.7514367Z Collecting fastapi-limiter==0.1.6 (from -r services/api/requirements.txt (line 14))
2025-08-21T07:13:53.7525802Z   Using cached fastapi_limiter-0.1.6-py3-none-any.whl.metadata (5.3 kB)
2025-08-21T07:13:53.7802299Z Collecting redis==5.0.8 (from -r services/api/requirements.txt (line 15))
2025-08-21T07:13:53.7813985Z   Using cached redis-5.0.8-py3-none-any.whl.metadata (9.2 kB)
2025-08-21T07:13:53.8496087Z Collecting sentry-sdk==2.9.0 (from sentry-sdk[celery,fastapi,sqlalchemy]==2.9.0->-r services/api/requirements.txt (line 16))
2025-08-21T07:13:53.8509044Z   Using cached sentry_sdk-2.9.0-py2.py3-none-any.whl.metadata (14 kB)
2025-08-21T07:13:53.8790785Z Requirement already satisfied: click>=7.0 in /opt/hostedtoolcache/Python/3.12.11/x64/lib/python3.12/site-packages (from uvicorn==0.29.0->-r services/api/requirements.txt (line 1)) (8.2.1)
2025-08-21T07:13:53.8913805Z Collecting h11>=0.8 (from uvicorn==0.29.0->-r services/api/requirements.txt (line 1))
2025-08-21T07:13:53.8925039Z   Using cached h11-0.16.0-py3-none-any.whl.metadata (8.3 kB)
2025-08-21T07:13:53.8953540Z Requirement already satisfied: pydantic>=2.3.0 in /opt/hostedtoolcache/Python/3.12.11/x64/lib/python3.12/site-packages (from pydantic-settings==2.2.1->-r services/api/requirements.txt (line 2)) (2.11.7)
2025-08-21T07:13:53.8958943Z Requirement already satisfied: python-dotenv>=0.21.0 in /opt/hostedtoolcache/Python/3.12.11/x64/lib/python3.12/site-packages (from pydantic-settings==2.2.1->-r services/api/requirements.txt (line 2)) (1.1.1)
2025-08-21T07:13:53.9247957Z Collecting starlette<0.38.0,>=0.37.2 (from fastapi==0.111.0->-r services/api/requirements.txt (line 3))
2025-08-21T07:13:53.9259645Z   Using cached starlette-0.37.2-py3-none-any.whl.metadata (5.9 kB)
2025-08-21T07:13:53.9289280Z Requirement already satisfied: typing-extensions>=4.8.0 in /opt/hostedtoolcache/Python/3.12.11/x64/lib/python3.12/site-packages (from fastapi==0.111.0->-r services/api/requirements.txt (line 3)) (4.14.1)
2025-08-21T07:13:53.9402016Z Collecting fastapi-cli>=0.0.2 (from fastapi==0.111.0->-r services/api/requirements.txt (line 3))
2025-08-21T07:13:53.9413571Z   Using cached fastapi_cli-0.0.8-py3-none-any.whl.metadata (6.3 kB)
2025-08-21T07:13:53.9626882Z Collecting python-multipart>=0.0.7 (from fastapi==0.111.0->-r services/api/requirements.txt (line 3))
2025-08-21T07:13:53.9639531Z   Using cached python_multipart-0.0.20-py3-none-any.whl.metadata (1.8 kB)
2025-08-21T07:13:54.0279892Z Collecting ujson!=4.0.2,!=4.1.0,!=4.2.0,!=4.3.0,!=5.0.0,!=5.1.0,>=4.0.1 (from fastapi==0.111.0->-r services/api/requirements.txt (line 3))
2025-08-21T07:13:54.0293477Z   Using cached ujson-5.11.0-cp312-cp312-manylinux_2_24_x86_64.manylinux_2_28_x86_64.whl.metadata (9.4 kB)
2025-08-21T07:13:54.2596323Z Collecting orjson>=3.2.1 (from fastapi==0.111.0->-r services/api/requirements.txt (line 3))
2025-08-21T07:13:54.2609383Z   Using cached orjson-3.11.2-cp312-cp312-manylinux_2_17_x86_64.manylinux2014_x86_64.whl.metadata (1.2 kB)
2025-08-21T07:13:54.2762341Z Collecting email_validator>=2.0.0 (from fastapi==0.111.0->-r services/api/requirements.txt (line 3))
2025-08-21T07:13:54.2773084Z   Using cached email_validator-2.2.0-py3-none-any.whl.metadata (25 kB)
2025-08-21T07:13:54.4037885Z Collecting greenlet!=0.4.17 (from sqlalchemy==2.0.29->-r services/api/requirements.txt (line 4))
2025-08-21T07:13:54.4051533Z   Using cached greenlet-3.2.4-cp312-cp312-manylinux_2_24_x86_64.manylinux_2_28_x86_64.whl.metadata (4.1 kB)
2025-08-21T07:13:54.4333630Z Collecting Mako (from alembic==1.13.1->-r services/api/requirements.txt (line 5))
2025-08-21T07:13:54.4345050Z   Using cached mako-1.3.10-py3-none-any.whl.metadata (2.9 kB)
2025-08-21T07:13:54.4602856Z Collecting anyio (from httpx==0.27.2->-r services/api/requirements.txt (line 7))
2025-08-21T07:13:54.4614404Z   Using cached anyio-4.10.0-py3-none-any.whl.metadata (4.0 kB)
2025-08-21T07:13:54.4637546Z Requirement already satisfied: certifi in /opt/hostedtoolcache/Python/3.12.11/x64/lib/python3.12/site-packages (from httpx==0.27.2->-r services/api/requirements.txt (line 7)) (2025.8.3)
2025-08-21T07:13:54.4837362Z Collecting httpcore==1.* (from httpx==0.27.2->-r services/api/requirements.txt (line 7))
2025-08-21T07:13:54.4848760Z   Using cached httpcore-1.0.9-py3-none-any.whl.metadata (21 kB)
2025-08-21T07:13:54.4882145Z Requirement already satisfied: idna in /opt/hostedtoolcache/Python/3.12.11/x64/lib/python3.12/site-packages (from httpx==0.27.2->-r services/api/requirements.txt (line 7)) (3.10)
2025-08-21T07:13:54.4983679Z Collecting sniffio (from httpx==0.27.2->-r services/api/requirements.txt (line 7))
2025-08-21T07:13:54.4995733Z   Using cached sniffio-1.3.1-py3-none-any.whl.metadata (3.9 kB)
2025-08-21T07:13:54.8885914Z Collecting botocore<1.35.0,>=1.34.162 (from boto3==1.34.162->-r services/api/requirements.txt (line 9))
2025-08-21T07:13:54.8899778Z   Using cached botocore-1.34.162-py3-none-any.whl.metadata (5.7 kB)
2025-08-21T07:13:54.8927452Z Requirement already satisfied: jmespath<2.0.0,>=0.7.1 in /opt/hostedtoolcache/Python/3.12.11/x64/lib/python3.12/site-packages (from boto3==1.34.162->-r services/api/requirements.txt (line 9)) (1.0.1)
2025-08-21T07:13:54.9105277Z Collecting s3transfer<0.11.0,>=0.10.0 (from boto3==1.34.162->-r services/api/requirements.txt (line 9))
2025-08-21T07:13:54.9116932Z   Using cached s3transfer-0.10.4-py3-none-any.whl.metadata (1.7 kB)
2025-08-21T07:13:54.9628427Z Collecting MarkupSafe>=2.0 (from Jinja2==3.1.5->-r services/api/requirements.txt (line 10))
2025-08-21T07:13:54.9640404Z   Using cached MarkupSafe-3.0.2-cp312-cp312-manylinux_2_17_x86_64.manylinux2014_x86_64.whl.metadata (4.0 kB)
2025-08-21T07:13:54.9876357Z Requirement already satisfied: urllib3>=1.26.11 in /opt/hostedtoolcache/Python/3.12.11/x64/lib/python3.12/site-packages (from sentry-sdk==2.9.0->sentry-sdk[celery,fastapi,sqlalchemy]==2.9.0->-r services/api/requirements.txt (line 16)) (2.5.0)
2025-08-21T07:13:54.9900810Z Requirement already satisfied: psycopg-binary==3.2.9 in /opt/hostedtoolcache/Python/3.12.11/x64/lib/python3.12/site-packages (from psycopg[binary]==3.2.9->-r services/api/requirements.txt (line 6)) (3.2.9)
2025-08-21T07:13:55.0219362Z Requirement already satisfied: billiard<5.0,>=4.2.0 in /opt/hostedtoolcache/Python/3.12.11/x64/lib/python3.12/site-packages (from celery==5.3.*->-r services/api/requirements.txt (line 11)) (4.2.1)
2025-08-21T07:13:55.0225303Z Requirement already satisfied: click-didyoumean>=0.3.0 in /opt/hostedtoolcache/Python/3.12.11/x64/lib/python3.12/site-packages (from celery==5.3.*->-r services/api/requirements.txt (line 11)) (0.3.1)
2025-08-21T07:13:55.0231055Z Requirement already satisfied: click-plugins>=1.1.1 in /opt/hostedtoolcache/Python/3.12.11/x64/lib/python3.12/site-packages (from celery==5.3.*->-r services/api/requirements.txt (line 11)) (1.1.1.2)
2025-08-21T07:13:55.0236992Z Requirement already satisfied: click-repl>=0.2.0 in /opt/hostedtoolcache/Python/3.12.11/x64/lib/python3.12/site-packages (from celery==5.3.*->-r services/api/requirements.txt (line 11)) (0.3.0)
2025-08-21T07:13:55.0246685Z Requirement already satisfied: kombu<6.0,>=5.3.4 in /opt/hostedtoolcache/Python/3.12.11/x64/lib/python3.12/site-packages (from celery==5.3.*->-r services/api/requirements.txt (line 11)) (5.5.4)
2025-08-21T07:13:55.0252355Z Requirement already satisfied: python-dateutil>=2.8.2 in /opt/hostedtoolcache/Python/3.12.11/x64/lib/python3.12/site-packages (from celery==5.3.*->-r services/api/requirements.txt (line 11)) (2.9.0.post0)
2025-08-21T07:13:55.0258029Z Requirement already satisfied: tzdata>=2022.7 in /opt/hostedtoolcache/Python/3.12.11/x64/lib/python3.12/site-packages (from celery==5.3.*->-r services/api/requirements.txt (line 11)) (2025.2)
2025-08-21T07:13:55.0264340Z Requirement already satisfied: vine<6.0,>=5.1.0 in /opt/hostedtoolcache/Python/3.12.11/x64/lib/python3.12/site-packages (from celery==5.3.*->-r services/api/requirements.txt (line 11)) (5.1.0)
2025-08-21T07:13:55.0400903Z Requirement already satisfied: amqp<6.0.0,>=5.1.1 in /opt/hostedtoolcache/Python/3.12.11/x64/lib/python3.12/site-packages (from kombu<6.0,>=5.3.4->celery==5.3.*->-r services/api/requirements.txt (line 11)) (5.3.1)
2025-08-21T07:13:55.0410769Z Requirement already satisfied: packaging in /opt/hostedtoolcache/Python/3.12.11/x64/lib/python3.12/site-packages (from kombu<6.0,>=5.3.4->celery==5.3.*->-r services/api/requirements.txt (line 11)) (25.0)
2025-08-21T07:13:55.0476925Z Requirement already satisfied: annotated-types>=0.6.0 in /opt/hostedtoolcache/Python/3.12.11/x64/lib/python3.12/site-packages (from pydantic>=2.3.0->pydantic-settings==2.2.1->-r services/api/requirements.txt (line 2)) (0.7.0)
2025-08-21T07:13:55.0482340Z Requirement already satisfied: pydantic-core==2.33.2 in /opt/hostedtoolcache/Python/3.12.11/x64/lib/python3.12/site-packages (from pydantic>=2.3.0->pydantic-settings==2.2.1->-r services/api/requirements.txt (line 2)) (2.33.2)
2025-08-21T07:13:55.0490377Z Requirement already satisfied: typing-inspection>=0.4.0 in /opt/hostedtoolcache/Python/3.12.11/x64/lib/python3.12/site-packages (from pydantic>=2.3.0->pydantic-settings==2.2.1->-r services/api/requirements.txt (line 2)) (0.4.1)
2025-08-21T07:13:55.0525728Z Requirement already satisfied: six>=1.5 in /opt/hostedtoolcache/Python/3.12.11/x64/lib/python3.12/site-packages (from python-dateutil>=2.8.2->celery==5.3.*->-r services/api/requirements.txt (line 11)) (1.17.0)
2025-08-21T07:13:55.2838359Z Requirement already satisfied: prompt-toolkit>=3.0.36 in /opt/hostedtoolcache/Python/3.12.11/x64/lib/python3.12/site-packages (from click-repl>=0.2.0->celery==5.3.*->-r services/api/requirements.txt (line 11)) (3.0.51)
2025-08-21T07:13:55.2992352Z Collecting dnspython>=2.0.0 (from email_validator>=2.0.0->fastapi==0.111.0->-r services/api/requirements.txt (line 3))
2025-08-21T07:13:55.3005400Z   Using cached dnspython-2.7.0-py3-none-any.whl.metadata (5.8 kB)
2025-08-21T07:13:55.3272934Z Collecting typer>=0.15.1 (from fastapi-cli>=0.0.2->fastapi==0.111.0->-r services/api/requirements.txt (line 3))
2025-08-21T07:13:55.3284484Z   Using cached typer-0.16.1-py3-none-any.whl.metadata (15 kB)
2025-08-21T07:13:55.3523765Z Collecting rich-toolkit>=0.14.8 (from fastapi-cli>=0.0.2->fastapi==0.111.0->-r services/api/requirements.txt (line 3))
2025-08-21T07:13:55.3535230Z   Using cached rich_toolkit-0.15.0-py3-none-any.whl.metadata (1.0 kB)
2025-08-21T07:13:55.3627391Z Requirement already satisfied: wcwidth in /opt/hostedtoolcache/Python/3.12.11/x64/lib/python3.12/site-packages (from prompt-toolkit>=3.0.36->click-repl>=0.2.0->celery==5.3.*->-r services/api/requirements.txt (line 11)) (0.2.13)
2025-08-21T07:13:55.4042930Z Collecting rich>=13.7.1 (from rich-toolkit>=0.14.8->fastapi-cli>=0.0.2->fastapi==0.111.0->-r services/api/requirements.txt (line 3))
2025-08-21T07:13:55.4054218Z   Using cached rich-14.1.0-py3-none-any.whl.metadata (18 kB)
2025-08-21T07:13:55.4255795Z Collecting markdown-it-py>=2.2.0 (from rich>=13.7.1->rich-toolkit>=0.14.8->fastapi-cli>=0.0.2->fastapi==0.111.0->-r services/api/requirements.txt (line 3))
2025-08-21T07:13:55.4268028Z   Using cached markdown_it_py-4.0.0-py3-none-any.whl.metadata (7.3 kB)
2025-08-21T07:13:55.4537934Z Collecting pygments<3.0.0,>=2.13.0 (from rich>=13.7.1->rich-toolkit>=0.14.8->fastapi-cli>=0.0.2->fastapi==0.111.0->-r services/api/requirements.txt (line 3))
2025-08-21T07:13:55.4550330Z   Using cached pygments-2.19.2-py3-none-any.whl.metadata (2.5 kB)
2025-08-21T07:13:55.4698472Z Collecting mdurl~=0.1 (from markdown-it-py>=2.2.0->rich>=13.7.1->rich-toolkit>=0.14.8->fastapi-cli>=0.0.2->fastapi==0.111.0->-r services/api/requirements.txt (line 3))
2025-08-21T07:13:55.4710083Z   Using cached mdurl-0.1.2-py3-none-any.whl.metadata (1.6 kB)
2025-08-21T07:13:55.4967786Z Collecting shellingham>=1.3.0 (from typer>=0.15.1->fastapi-cli>=0.0.2->fastapi==0.111.0->-r services/api/requirements.txt (line 3))
2025-08-21T07:13:55.4982716Z   Using cached shellingham-1.5.4-py2.py3-none-any.whl.metadata (3.5 kB)
2025-08-21T07:13:55.5540115Z Collecting httptools>=0.5.0 (from uvicorn[standard]>=0.12.0->fastapi==0.111.0->-r services/api/requirements.txt (line 3))
2025-08-21T07:13:55.5553830Z   Using cached httptools-0.6.4-cp312-cp312-manylinux_2_5_x86_64.manylinux1_x86_64.manylinux_2_17_x86_64.manylinux2014_x86_64.whl.metadata (3.6 kB)
2025-08-21T07:13:55.5580480Z Requirement already satisfied: pyyaml>=5.1 in /opt/hostedtoolcache/Python/3.12.11/x64/lib/python3.12/site-packages (from uvicorn[standard]>=0.12.0->fastapi==0.111.0->-r services/api/requirements.txt (line 3)) (6.0.2)
2025-08-21T07:13:55.6000597Z Collecting uvloop!=0.15.0,!=0.15.1,>=0.14.0 (from uvicorn[standard]>=0.12.0->fastapi==0.111.0->-r services/api/requirements.txt (line 3))
2025-08-21T07:13:55.6014257Z   Using cached uvloop-0.21.0-cp312-cp312-manylinux_2_17_x86_64.manylinux2014_x86_64.whl.metadata (4.9 kB)
2025-08-21T07:13:55.6734976Z Collecting watchfiles>=0.13 (from uvicorn[standard]>=0.12.0->fastapi==0.111.0->-r services/api/requirements.txt (line 3))
2025-08-21T07:13:55.6748065Z   Using cached watchfiles-1.1.0-cp312-cp312-manylinux_2_17_x86_64.manylinux2014_x86_64.whl.metadata (4.9 kB)
2025-08-21T07:13:55.8016128Z Collecting websockets>=10.4 (from uvicorn[standard]>=0.12.0->fastapi==0.111.0->-r services/api/requirements.txt (line 3))
2025-08-21T07:13:55.8030172Z   Using cached websockets-15.0.1-cp312-cp312-manylinux_2_5_x86_64.manylinux1_x86_64.manylinux_2_17_x86_64.manylinux2014_x86_64.whl.metadata (6.8 kB)
2025-08-21T07:13:55.8303441Z Using cached uvicorn-0.29.0-py3-none-any.whl (60 kB)
2025-08-21T07:13:55.8315279Z Using cached fastapi-0.111.0-py3-none-any.whl (91 kB)
2025-08-21T07:13:55.8327298Z Using cached SQLAlchemy-2.0.29-cp312-cp312-manylinux_2_17_x86_64.manylinux2014_x86_64.whl (3.2 MB)
2025-08-21T07:13:55.8361675Z Using cached alembic-1.13.1-py3-none-any.whl (233 kB)
2025-08-21T07:13:55.8374312Z Using cached httpx-0.27.2-py3-none-any.whl (76 kB)
2025-08-21T07:13:55.8386363Z Using cached asyncpg-0.29.0-cp312-cp312-manylinux_2_17_x86_64.manylinux2014_x86_64.whl (3.3 MB)
2025-08-21T07:13:55.8421487Z Using cached boto3-1.34.162-py3-none-any.whl (139 kB)
2025-08-21T07:13:55.8433531Z Using cached jinja2-3.1.5-py3-none-any.whl (134 kB)
2025-08-21T07:13:55.8445320Z Using cached structlog-24.1.0-py3-none-any.whl (65 kB)
2025-08-21T07:13:55.8457022Z Using cached asgi_correlation_id-4.3.1-py3-none-any.whl (15 kB)
2025-08-21T07:13:55.8468094Z Using cached fastapi_limiter-0.1.6-py3-none-any.whl (15 kB)
2025-08-21T07:13:55.8479085Z Using cached redis-5.0.8-py3-none-any.whl (255 kB)
2025-08-21T07:13:55.8491811Z Using cached sentry_sdk-2.9.0-py2.py3-none-any.whl (301 kB)
2025-08-21T07:13:55.8505245Z Using cached botocore-1.34.162-py3-none-any.whl (12.5 MB)
2025-08-21T07:13:55.8605821Z Using cached httpcore-1.0.9-py3-none-any.whl (78 kB)
2025-08-21T07:13:55.8617363Z Using cached s3transfer-0.10.4-py3-none-any.whl (83 kB)
2025-08-21T07:13:55.8628891Z Using cached starlette-0.37.2-py3-none-any.whl (71 kB)
2025-08-21T07:13:55.8640310Z Using cached anyio-4.10.0-py3-none-any.whl (107 kB)
2025-08-21T07:13:55.8651947Z Using cached email_validator-2.2.0-py3-none-any.whl (33 kB)
2025-08-21T07:13:55.8663097Z Using cached dnspython-2.7.0-py3-none-any.whl (313 kB)
2025-08-21T07:13:55.8676431Z Using cached fastapi_cli-0.0.8-py3-none-any.whl (10 kB)
2025-08-21T07:13:55.8687962Z Using cached greenlet-3.2.4-cp312-cp312-manylinux_2_24_x86_64.manylinux_2_28_x86_64.whl (607 kB)
2025-08-21T07:13:55.8703179Z Using cached h11-0.16.0-py3-none-any.whl (37 kB)
2025-08-21T07:13:55.8715039Z Using cached MarkupSafe-3.0.2-cp312-cp312-manylinux_2_17_x86_64.manylinux2014_x86_64.whl (23 kB)
2025-08-21T07:13:55.8726431Z Using cached orjson-3.11.2-cp312-cp312-manylinux_2_17_x86_64.manylinux2014_x86_64.whl (121 kB)
2025-08-21T07:13:55.8738234Z Using cached python_multipart-0.0.20-py3-none-any.whl (24 kB)
2025-08-21T07:13:55.8749296Z Using cached rich_toolkit-0.15.0-py3-none-any.whl (29 kB)
2025-08-21T07:13:55.8761859Z Using cached rich-14.1.0-py3-none-any.whl (243 kB)
2025-08-21T07:13:55.8774772Z Using cached pygments-2.19.2-py3-none-any.whl (1.2 MB)
2025-08-21T07:13:55.8795308Z Using cached markdown_it_py-4.0.0-py3-none-any.whl (87 kB)
2025-08-21T07:13:55.8806922Z Using cached mdurl-0.1.2-py3-none-any.whl (10.0 kB)
2025-08-21T07:13:55.8817994Z Using cached sniffio-1.3.1-py3-none-any.whl (10 kB)
2025-08-21T07:13:55.8828964Z Using cached typer-0.16.1-py3-none-any.whl (46 kB)
2025-08-21T07:13:55.8840322Z Using cached shellingham-1.5.4-py2.py3-none-any.whl (9.8 kB)
2025-08-21T07:13:55.8851653Z Using cached ujson-5.11.0-cp312-cp312-manylinux_2_24_x86_64.manylinux_2_28_x86_64.whl (57 kB)
2025-08-21T07:13:55.8863654Z Using cached httptools-0.6.4-cp312-cp312-manylinux_2_5_x86_64.manylinux1_x86_64.manylinux_2_17_x86_64.manylinux2014_x86_64.whl (510 kB)
2025-08-21T07:13:55.8878492Z Using cached uvloop-0.21.0-cp312-cp312-manylinux_2_17_x86_64.manylinux2014_x86_64.whl (4.7 MB)
2025-08-21T07:13:55.8923440Z Using cached watchfiles-1.1.0-cp312-cp312-manylinux_2_17_x86_64.manylinux2014_x86_64.whl (452 kB)
2025-08-21T07:13:55.8938334Z Using cached websockets-15.0.1-cp312-cp312-manylinux_2_5_x86_64.manylinux1_x86_64.manylinux_2_17_x86_64.manylinux2014_x86_64.whl (182 kB)
2025-08-21T07:13:55.8950332Z Using cached mako-1.3.10-py3-none-any.whl (78 kB)
2025-08-21T07:13:56.0897849Z Installing collected packages: websockets, uvloop, ujson, structlog, sniffio, shellingham, sentry-sdk, redis, python-multipart, pygments, orjson, mdurl, MarkupSafe, httptools, h11, greenlet, dnspython, asyncpg, uvicorn, sqlalchemy, markdown-it-py, Mako, Jinja2, httpcore, email_validator, botocore, anyio, watchfiles, starlette, s3transfer, rich, httpx, alembic, typer, rich-toolkit, boto3, asgi-correlation-id, fastapi-cli, fastapi, fastapi-limiter
2025-08-21T07:13:56.5344906Z   Attempting uninstall: redis
2025-08-21T07:13:56.5376045Z     Found existing installation: redis 5.3.1
2025-08-21T07:13:56.5456562Z     Uninstalling redis-5.3.1:
2025-08-21T07:13:56.5473661Z       Successfully uninstalled redis-5.3.1
2025-08-21T07:13:59.3397550Z   Attempting uninstall: botocore
2025-08-21T07:13:59.3437182Z     Found existing installation: botocore 1.40.14
2025-08-21T07:13:59.4078231Z     Uninstalling botocore-1.40.14:
2025-08-21T07:13:59.4334288Z       Successfully uninstalled botocore-1.40.14
2025-08-21T07:14:00.2063324Z   Attempting uninstall: s3transfer
2025-08-21T07:14:00.2109758Z     Found existing installation: s3transfer 0.13.1
2025-08-21T07:14:00.2136681Z     Uninstalling s3transfer-0.13.1:
2025-08-21T07:14:00.2145132Z       Successfully uninstalled s3transfer-0.13.1
2025-08-21T07:14:00.7395856Z   Attempting uninstall: boto3
2025-08-21T07:14:00.7433921Z     Found existing installation: boto3 1.40.14
2025-08-21T07:14:00.7494890Z     Uninstalling boto3-1.40.14:
2025-08-21T07:14:00.7513478Z       Successfully uninstalled boto3-1.40.14
2025-08-21T07:14:00.9095990Z 
2025-08-21T07:14:00.9179209Z Successfully installed Jinja2-3.1.5 Mako-1.3.10 MarkupSafe-3.0.2 alembic-1.13.1 anyio-4.10.0 asgi-correlation-id-4.3.1 asyncpg-0.29.0 boto3-1.34.162 botocore-1.34.162 dnspython-2.7.0 email_validator-2.2.0 fastapi-0.111.0 fastapi-cli-0.0.8 fastapi-limiter-0.1.6 greenlet-3.2.4 h11-0.16.0 httpcore-1.0.9 httptools-0.6.4 httpx-0.27.2 markdown-it-py-4.0.0 mdurl-0.1.2 orjson-3.11.2 pygments-2.19.2 python-multipart-0.0.20 redis-5.0.8 rich-14.1.0 rich-toolkit-0.15.0 s3transfer-0.10.4 sentry-sdk-2.9.0 shellingham-1.5.4 sniffio-1.3.1 sqlalchemy-2.0.29 starlette-0.37.2 structlog-24.1.0 typer-0.16.1 ujson-5.11.0 uvicorn-0.29.0 uvloop-0.21.0 watchfiles-1.1.0 websockets-15.0.1
2025-08-21T07:14:01.9130773Z Requirement already satisfied: uvicorn==0.29.0 in /opt/hostedtoolcache/Python/3.12.11/x64/lib/python3.12/site-packages (from -r services/repricer/requirements.txt (line 1)) (0.29.0)
2025-08-21T07:14:01.9135443Z Requirement already satisfied: pydantic-settings==2.2.1 in /opt/hostedtoolcache/Python/3.12.11/x64/lib/python3.12/site-packages (from -r services/repricer/requirements.txt (line 2)) (2.2.1)
2025-08-21T07:14:01.9139435Z Requirement already satisfied: python-amazon-sp-api==0.8.0 in /opt/hostedtoolcache/Python/3.12.11/x64/lib/python3.12/site-packages (from -r services/repricer/requirements.txt (line 3)) (0.8.0)
2025-08-21T07:14:01.9143472Z Requirement already satisfied: fastapi==0.111.0 in /opt/hostedtoolcache/Python/3.12.11/x64/lib/python3.12/site-packages (from -r services/repricer/requirements.txt (line 4)) (0.111.0)
2025-08-21T07:14:01.9147818Z Requirement already satisfied: sqlalchemy==2.0.29 in /opt/hostedtoolcache/Python/3.12.11/x64/lib/python3.12/site-packages (from -r services/repricer/requirements.txt (line 5)) (2.0.29)
2025-08-21T07:14:01.9159318Z Requirement already satisfied: click>=7.0 in /opt/hostedtoolcache/Python/3.12.11/x64/lib/python3.12/site-packages (from uvicorn==0.29.0->-r services/repricer/requirements.txt (line 1)) (8.2.1)
2025-08-21T07:14:01.9165349Z Requirement already satisfied: h11>=0.8 in /opt/hostedtoolcache/Python/3.12.11/x64/lib/python3.12/site-packages (from uvicorn==0.29.0->-r services/repricer/requirements.txt (line 1)) (0.16.0)
2025-08-21T07:14:01.9188753Z Requirement already satisfied: pydantic>=2.3.0 in /opt/hostedtoolcache/Python/3.12.11/x64/lib/python3.12/site-packages (from pydantic-settings==2.2.1->-r services/repricer/requirements.txt (line 2)) (2.11.7)
2025-08-21T07:14:01.9193857Z Requirement already satisfied: python-dotenv>=0.21.0 in /opt/hostedtoolcache/Python/3.12.11/x64/lib/python3.12/site-packages (from pydantic-settings==2.2.1->-r services/repricer/requirements.txt (line 2)) (1.1.1)
2025-08-21T07:14:01.9205189Z Requirement already satisfied: requests in /opt/hostedtoolcache/Python/3.12.11/x64/lib/python3.12/site-packages (from python-amazon-sp-api==0.8.0->-r services/repricer/requirements.txt (line 3)) (2.32.5)
2025-08-21T07:14:01.9212011Z Requirement already satisfied: six<2,>=1.15 in /opt/hostedtoolcache/Python/3.12.11/x64/lib/python3.12/site-packages (from python-amazon-sp-api==0.8.0->-r services/repricer/requirements.txt (line 3)) (1.17.0)
2025-08-21T07:14:01.9219541Z Requirement already satisfied: boto3<2,>=1.16.39 in /opt/hostedtoolcache/Python/3.12.11/x64/lib/python3.12/site-packages (from python-amazon-sp-api==0.8.0->-r services/repricer/requirements.txt (line 3)) (1.34.162)
2025-08-21T07:14:01.9225887Z Requirement already satisfied: cachetools~=4.2.0 in /opt/hostedtoolcache/Python/3.12.11/x64/lib/python3.12/site-packages (from python-amazon-sp-api==0.8.0->-r services/repricer/requirements.txt (line 3)) (4.2.4)
2025-08-21T07:14:01.9229900Z Requirement already satisfied: pycryptodome in /opt/hostedtoolcache/Python/3.12.11/x64/lib/python3.12/site-packages (from python-amazon-sp-api==0.8.0->-r services/repricer/requirements.txt (line 3)) (3.23.0)
2025-08-21T07:14:01.9233666Z Requirement already satisfied: pytz in /opt/hostedtoolcache/Python/3.12.11/x64/lib/python3.12/site-packages (from python-amazon-sp-api==0.8.0->-r services/repricer/requirements.txt (line 3)) (2025.2)
2025-08-21T07:14:01.9240031Z Requirement already satisfied: confuse~=1.4.0 in /opt/hostedtoolcache/Python/3.12.11/x64/lib/python3.12/site-packages (from python-amazon-sp-api==0.8.0->-r services/repricer/requirements.txt (line 3)) (1.4.0)
2025-08-21T07:14:01.9255599Z Requirement already satisfied: starlette<0.38.0,>=0.37.2 in /opt/hostedtoolcache/Python/3.12.11/x64/lib/python3.12/site-packages (from fastapi==0.111.0->-r services/repricer/requirements.txt (line 4)) (0.37.2)
2025-08-21T07:14:01.9265473Z Requirement already satisfied: typing-extensions>=4.8.0 in /opt/hostedtoolcache/Python/3.12.11/x64/lib/python3.12/site-packages (from fastapi==0.111.0->-r services/repricer/requirements.txt (line 4)) (4.14.1)
2025-08-21T07:14:01.9270568Z Requirement already satisfied: fastapi-cli>=0.0.2 in /opt/hostedtoolcache/Python/3.12.11/x64/lib/python3.12/site-packages (from fastapi==0.111.0->-r services/repricer/requirements.txt (line 4)) (0.0.8)
2025-08-21T07:14:01.9275635Z Requirement already satisfied: httpx>=0.23.0 in /opt/hostedtoolcache/Python/3.12.11/x64/lib/python3.12/site-packages (from fastapi==0.111.0->-r services/repricer/requirements.txt (line 4)) (0.27.2)
2025-08-21T07:14:01.9281293Z Requirement already satisfied: jinja2>=2.11.2 in /opt/hostedtoolcache/Python/3.12.11/x64/lib/python3.12/site-packages (from fastapi==0.111.0->-r services/repricer/requirements.txt (line 4)) (3.1.5)
2025-08-21T07:14:01.9286460Z Requirement already satisfied: python-multipart>=0.0.7 in /opt/hostedtoolcache/Python/3.12.11/x64/lib/python3.12/site-packages (from fastapi==0.111.0->-r services/repricer/requirements.txt (line 4)) (0.0.20)
2025-08-21T07:14:01.9294279Z Requirement already satisfied: ujson!=4.0.2,!=4.1.0,!=4.2.0,!=4.3.0,!=5.0.0,!=5.1.0,>=4.0.1 in /opt/hostedtoolcache/Python/3.12.11/x64/lib/python3.12/site-packages (from fastapi==0.111.0->-r services/repricer/requirements.txt (line 4)) (5.11.0)
2025-08-21T07:14:01.9299394Z Requirement already satisfied: orjson>=3.2.1 in /opt/hostedtoolcache/Python/3.12.11/x64/lib/python3.12/site-packages (from fastapi==0.111.0->-r services/repricer/requirements.txt (line 4)) (3.11.2)
2025-08-21T07:14:01.9304390Z Requirement already satisfied: email_validator>=2.0.0 in /opt/hostedtoolcache/Python/3.12.11/x64/lib/python3.12/site-packages (from fastapi==0.111.0->-r services/repricer/requirements.txt (line 4)) (2.2.0)
2025-08-21T07:14:01.9352149Z Requirement already satisfied: greenlet!=0.4.17 in /opt/hostedtoolcache/Python/3.12.11/x64/lib/python3.12/site-packages (from sqlalchemy==2.0.29->-r services/repricer/requirements.txt (line 5)) (3.2.4)
2025-08-21T07:14:01.9397521Z Requirement already satisfied: botocore<1.35.0,>=1.34.162 in /opt/hostedtoolcache/Python/3.12.11/x64/lib/python3.12/site-packages (from boto3<2,>=1.16.39->python-amazon-sp-api==0.8.0->-r services/repricer/requirements.txt (line 3)) (1.34.162)
2025-08-21T07:14:01.9404305Z Requirement already satisfied: jmespath<2.0.0,>=0.7.1 in /opt/hostedtoolcache/Python/3.12.11/x64/lib/python3.12/site-packages (from boto3<2,>=1.16.39->python-amazon-sp-api==0.8.0->-r services/repricer/requirements.txt (line 3)) (1.0.1)
2025-08-21T07:14:01.9411088Z Requirement already satisfied: s3transfer<0.11.0,>=0.10.0 in /opt/hostedtoolcache/Python/3.12.11/x64/lib/python3.12/site-packages (from boto3<2,>=1.16.39->python-amazon-sp-api==0.8.0->-r services/repricer/requirements.txt (line 3)) (0.10.4)
2025-08-21T07:14:01.9428591Z Requirement already satisfied: python-dateutil<3.0.0,>=2.1 in /opt/hostedtoolcache/Python/3.12.11/x64/lib/python3.12/site-packages (from botocore<1.35.0,>=1.34.162->boto3<2,>=1.16.39->python-amazon-sp-api==0.8.0->-r services/repricer/requirements.txt (line 3)) (2.9.0.post0)
2025-08-21T07:14:01.9441470Z Requirement already satisfied: urllib3!=2.2.0,<3,>=1.25.4 in /opt/hostedtoolcache/Python/3.12.11/x64/lib/python3.12/site-packages (from botocore<1.35.0,>=1.34.162->boto3<2,>=1.16.39->python-amazon-sp-api==0.8.0->-r services/repricer/requirements.txt (line 3)) (2.5.0)
2025-08-21T07:14:01.9460679Z Requirement already satisfied: pyyaml in /opt/hostedtoolcache/Python/3.12.11/x64/lib/python3.12/site-packages (from confuse~=1.4.0->python-amazon-sp-api==0.8.0->-r services/repricer/requirements.txt (line 3)) (6.0.2)
2025-08-21T07:14:01.9494294Z Requirement already satisfied: annotated-types>=0.6.0 in /opt/hostedtoolcache/Python/3.12.11/x64/lib/python3.12/site-packages (from pydantic>=2.3.0->pydantic-settings==2.2.1->-r services/repricer/requirements.txt (line 2)) (0.7.0)
2025-08-21T07:14:01.9499893Z Requirement already satisfied: pydantic-core==2.33.2 in /opt/hostedtoolcache/Python/3.12.11/x64/lib/python3.12/site-packages (from pydantic>=2.3.0->pydantic-settings==2.2.1->-r services/repricer/requirements.txt (line 2)) (2.33.2)
2025-08-21T07:14:01.9507304Z Requirement already satisfied: typing-inspection>=0.4.0 in /opt/hostedtoolcache/Python/3.12.11/x64/lib/python3.12/site-packages (from pydantic>=2.3.0->pydantic-settings==2.2.1->-r services/repricer/requirements.txt (line 2)) (0.4.1)
2025-08-21T07:14:01.9569118Z Requirement already satisfied: anyio<5,>=3.4.0 in /opt/hostedtoolcache/Python/3.12.11/x64/lib/python3.12/site-packages (from starlette<0.38.0,>=0.37.2->fastapi==0.111.0->-r services/repricer/requirements.txt (line 4)) (4.10.0)
2025-08-21T07:14:01.9589660Z Requirement already satisfied: idna>=2.8 in /opt/hostedtoolcache/Python/3.12.11/x64/lib/python3.12/site-packages (from anyio<5,>=3.4.0->starlette<0.38.0,>=0.37.2->fastapi==0.111.0->-r services/repricer/requirements.txt (line 4)) (3.10)
2025-08-21T07:14:01.9595153Z Requirement already satisfied: sniffio>=1.1 in /opt/hostedtoolcache/Python/3.12.11/x64/lib/python3.12/site-packages (from anyio<5,>=3.4.0->starlette<0.38.0,>=0.37.2->fastapi==0.111.0->-r services/repricer/requirements.txt (line 4)) (1.3.1)
2025-08-21T07:14:01.9651938Z Requirement already satisfied: dnspython>=2.0.0 in /opt/hostedtoolcache/Python/3.12.11/x64/lib/python3.12/site-packages (from email_validator>=2.0.0->fastapi==0.111.0->-r services/repricer/requirements.txt (line 4)) (2.7.0)
2025-08-21T07:14:01.9701405Z Requirement already satisfied: typer>=0.15.1 in /opt/hostedtoolcache/Python/3.12.11/x64/lib/python3.12/site-packages (from fastapi-cli>=0.0.2->fastapi==0.111.0->-r services/repricer/requirements.txt (line 4)) (0.16.1)
2025-08-21T07:14:01.9712034Z Requirement already satisfied: rich-toolkit>=0.14.8 in /opt/hostedtoolcache/Python/3.12.11/x64/lib/python3.12/site-packages (from fastapi-cli>=0.0.2->fastapi==0.111.0->-r services/repricer/requirements.txt (line 4)) (0.15.0)
2025-08-21T07:14:01.9753242Z Requirement already satisfied: certifi in /opt/hostedtoolcache/Python/3.12.11/x64/lib/python3.12/site-packages (from httpx>=0.23.0->fastapi==0.111.0->-r services/repricer/requirements.txt (line 4)) (2025.8.3)
2025-08-21T07:14:01.9758908Z Requirement already satisfied: httpcore==1.* in /opt/hostedtoolcache/Python/3.12.11/x64/lib/python3.12/site-packages (from httpx>=0.23.0->fastapi==0.111.0->-r services/repricer/requirements.txt (line 4)) (1.0.9)
2025-08-21T07:14:01.9816808Z Requirement already satisfied: MarkupSafe>=2.0 in /opt/hostedtoolcache/Python/3.12.11/x64/lib/python3.12/site-packages (from jinja2>=2.11.2->fastapi==0.111.0->-r services/repricer/requirements.txt (line 4)) (3.0.2)
2025-08-21T07:14:01.9874789Z Requirement already satisfied: rich>=13.7.1 in /opt/hostedtoolcache/Python/3.12.11/x64/lib/python3.12/site-packages (from rich-toolkit>=0.14.8->fastapi-cli>=0.0.2->fastapi==0.111.0->-r services/repricer/requirements.txt (line 4)) (14.1.0)
2025-08-21T07:14:01.9897720Z Requirement already satisfied: markdown-it-py>=2.2.0 in /opt/hostedtoolcache/Python/3.12.11/x64/lib/python3.12/site-packages (from rich>=13.7.1->rich-toolkit>=0.14.8->fastapi-cli>=0.0.2->fastapi==0.111.0->-r services/repricer/requirements.txt (line 4)) (4.0.0)
2025-08-21T07:14:01.9904864Z Requirement already satisfied: pygments<3.0.0,>=2.13.0 in /opt/hostedtoolcache/Python/3.12.11/x64/lib/python3.12/site-packages (from rich>=13.7.1->rich-toolkit>=0.14.8->fastapi-cli>=0.0.2->fastapi==0.111.0->-r services/repricer/requirements.txt (line 4)) (2.19.2)
2025-08-21T07:14:01.9931983Z Requirement already satisfied: mdurl~=0.1 in /opt/hostedtoolcache/Python/3.12.11/x64/lib/python3.12/site-packages (from markdown-it-py>=2.2.0->rich>=13.7.1->rich-toolkit>=0.14.8->fastapi-cli>=0.0.2->fastapi==0.111.0->-r services/repricer/requirements.txt (line 4)) (0.1.2)
2025-08-21T07:14:01.9997557Z Requirement already satisfied: shellingham>=1.3.0 in /opt/hostedtoolcache/Python/3.12.11/x64/lib/python3.12/site-packages (from typer>=0.15.1->fastapi-cli>=0.0.2->fastapi==0.111.0->-r services/repricer/requirements.txt (line 4)) (1.5.4)
2025-08-21T07:14:02.0069889Z Requirement already satisfied: httptools>=0.5.0 in /opt/hostedtoolcache/Python/3.12.11/x64/lib/python3.12/site-packages (from uvicorn[standard]>=0.12.0->fastapi==0.111.0->-r services/repricer/requirements.txt (line 4)) (0.6.4)
2025-08-21T07:14:02.0086495Z Requirement already satisfied: uvloop!=0.15.0,!=0.15.1,>=0.14.0 in /opt/hostedtoolcache/Python/3.12.11/x64/lib/python3.12/site-packages (from uvicorn[standard]>=0.12.0->fastapi==0.111.0->-r services/repricer/requirements.txt (line 4)) (0.21.0)
2025-08-21T07:14:02.0094499Z Requirement already satisfied: watchfiles>=0.13 in /opt/hostedtoolcache/Python/3.12.11/x64/lib/python3.12/site-packages (from uvicorn[standard]>=0.12.0->fastapi==0.111.0->-r services/repricer/requirements.txt (line 4)) (1.1.0)
2025-08-21T07:14:02.0101921Z Requirement already satisfied: websockets>=10.4 in /opt/hostedtoolcache/Python/3.12.11/x64/lib/python3.12/site-packages (from uvicorn[standard]>=0.12.0->fastapi==0.111.0->-r services/repricer/requirements.txt (line 4)) (15.0.1)
2025-08-21T07:14:02.0232467Z Requirement already satisfied: charset_normalizer<4,>=2 in /opt/hostedtoolcache/Python/3.12.11/x64/lib/python3.12/site-packages (from requests->python-amazon-sp-api==0.8.0->-r services/repricer/requirements.txt (line 3)) (3.4.3)
2025-08-21T07:14:02.6546130Z Collecting celery==5.4.* (from celery[redis]==5.4.*->-r services/fees_h10/requirements.txt (line 1))
2025-08-21T07:14:02.6559651Z   Using cached celery-5.4.0-py3-none-any.whl.metadata (21 kB)
2025-08-21T07:14:02.6772207Z Requirement already satisfied: asyncpg in /opt/hostedtoolcache/Python/3.12.11/x64/lib/python3.12/site-packages (from -r services/fees_h10/requirements.txt (line 2)) (0.29.0)
2025-08-21T07:14:02.6775676Z Requirement already satisfied: httpx in /opt/hostedtoolcache/Python/3.12.11/x64/lib/python3.12/site-packages (from -r services/fees_h10/requirements.txt (line 3)) (0.27.2)
2025-08-21T07:14:02.6779147Z Requirement already satisfied: sqlalchemy in /opt/hostedtoolcache/Python/3.12.11/x64/lib/python3.12/site-packages (from -r services/fees_h10/requirements.txt (line 4)) (2.0.29)
2025-08-21T07:14:02.6791460Z Requirement already satisfied: billiard<5.0,>=4.2.0 in /opt/hostedtoolcache/Python/3.12.11/x64/lib/python3.12/site-packages (from celery==5.4.*->celery[redis]==5.4.*->-r services/fees_h10/requirements.txt (line 1)) (4.2.1)
2025-08-21T07:14:02.6797165Z Requirement already satisfied: kombu<6.0,>=5.3.4 in /opt/hostedtoolcache/Python/3.12.11/x64/lib/python3.12/site-packages (from celery==5.4.*->celery[redis]==5.4.*->-r services/fees_h10/requirements.txt (line 1)) (5.5.4)
2025-08-21T07:14:02.6802453Z Requirement already satisfied: vine<6.0,>=5.1.0 in /opt/hostedtoolcache/Python/3.12.11/x64/lib/python3.12/site-packages (from celery==5.4.*->celery[redis]==5.4.*->-r services/fees_h10/requirements.txt (line 1)) (5.1.0)
2025-08-21T07:14:02.6808000Z Requirement already satisfied: click<9.0,>=8.1.2 in /opt/hostedtoolcache/Python/3.12.11/x64/lib/python3.12/site-packages (from celery==5.4.*->celery[redis]==5.4.*->-r services/fees_h10/requirements.txt (line 1)) (8.2.1)
2025-08-21T07:14:02.6812876Z Requirement already satisfied: click-didyoumean>=0.3.0 in /opt/hostedtoolcache/Python/3.12.11/x64/lib/python3.12/site-packages (from celery==5.4.*->celery[redis]==5.4.*->-r services/fees_h10/requirements.txt (line 1)) (0.3.1)
2025-08-21T07:14:02.6817969Z Requirement already satisfied: click-repl>=0.2.0 in /opt/hostedtoolcache/Python/3.12.11/x64/lib/python3.12/site-packages (from celery==5.4.*->celery[redis]==5.4.*->-r services/fees_h10/requirements.txt (line 1)) (0.3.0)
2025-08-21T07:14:02.6822791Z Requirement already satisfied: click-plugins>=1.1.1 in /opt/hostedtoolcache/Python/3.12.11/x64/lib/python3.12/site-packages (from celery==5.4.*->celery[redis]==5.4.*->-r services/fees_h10/requirements.txt (line 1)) (1.1.1.2)
2025-08-21T07:14:02.6827613Z Requirement already satisfied: tzdata>=2022.7 in /opt/hostedtoolcache/Python/3.12.11/x64/lib/python3.12/site-packages (from celery==5.4.*->celery[redis]==5.4.*->-r services/fees_h10/requirements.txt (line 1)) (2025.2)
2025-08-21T07:14:02.6832540Z Requirement already satisfied: python-dateutil>=2.8.2 in /opt/hostedtoolcache/Python/3.12.11/x64/lib/python3.12/site-packages (from celery==5.4.*->celery[redis]==5.4.*->-r services/fees_h10/requirements.txt (line 1)) (2.9.0.post0)
2025-08-21T07:14:02.6871947Z Requirement already satisfied: redis!=4.5.5,<6.0.0,>=4.5.2 in /opt/hostedtoolcache/Python/3.12.11/x64/lib/python3.12/site-packages (from celery[redis]==5.4.*->-r services/fees_h10/requirements.txt (line 1)) (5.0.8)
2025-08-21T07:14:02.6893027Z Requirement already satisfied: amqp<6.0.0,>=5.1.1 in /opt/hostedtoolcache/Python/3.12.11/x64/lib/python3.12/site-packages (from kombu<6.0,>=5.3.4->celery==5.4.*->celery[redis]==5.4.*->-r services/fees_h10/requirements.txt (line 1)) (5.3.1)
2025-08-21T07:14:02.6903596Z Requirement already satisfied: packaging in /opt/hostedtoolcache/Python/3.12.11/x64/lib/python3.12/site-packages (from kombu<6.0,>=5.3.4->celery==5.4.*->celery[redis]==5.4.*->-r services/fees_h10/requirements.txt (line 1)) (25.0)
2025-08-21T07:14:02.6987747Z Requirement already satisfied: anyio in /opt/hostedtoolcache/Python/3.12.11/x64/lib/python3.12/site-packages (from httpx->-r services/fees_h10/requirements.txt (line 3)) (4.10.0)
2025-08-21T07:14:02.6991310Z Requirement already satisfied: certifi in /opt/hostedtoolcache/Python/3.12.11/x64/lib/python3.12/site-packages (from httpx->-r services/fees_h10/requirements.txt (line 3)) (2025.8.3)
2025-08-21T07:14:02.6996689Z Requirement already satisfied: httpcore==1.* in /opt/hostedtoolcache/Python/3.12.11/x64/lib/python3.12/site-packages (from httpx->-r services/fees_h10/requirements.txt (line 3)) (1.0.9)
2025-08-21T07:14:02.7000181Z Requirement already satisfied: idna in /opt/hostedtoolcache/Python/3.12.11/x64/lib/python3.12/site-packages (from httpx->-r services/fees_h10/requirements.txt (line 3)) (3.10)
2025-08-21T07:14:02.7003756Z Requirement already satisfied: sniffio in /opt/hostedtoolcache/Python/3.12.11/x64/lib/python3.12/site-packages (from httpx->-r services/fees_h10/requirements.txt (line 3)) (1.3.1)
2025-08-21T07:14:02.7027372Z Requirement already satisfied: h11>=0.16 in /opt/hostedtoolcache/Python/3.12.11/x64/lib/python3.12/site-packages (from httpcore==1.*->httpx->-r services/fees_h10/requirements.txt (line 3)) (0.16.0)
2025-08-21T07:14:02.7045667Z Requirement already satisfied: typing-extensions>=4.6.0 in /opt/hostedtoolcache/Python/3.12.11/x64/lib/python3.12/site-packages (from sqlalchemy->-r services/fees_h10/requirements.txt (line 4)) (4.14.1)
2025-08-21T07:14:02.7059163Z Requirement already satisfied: greenlet!=0.4.17 in /opt/hostedtoolcache/Python/3.12.11/x64/lib/python3.12/site-packages (from sqlalchemy->-r services/fees_h10/requirements.txt (line 4)) (3.2.4)
2025-08-21T07:14:02.7129949Z Requirement already satisfied: prompt-toolkit>=3.0.36 in /opt/hostedtoolcache/Python/3.12.11/x64/lib/python3.12/site-packages (from click-repl>=0.2.0->celery==5.4.*->celery[redis]==5.4.*->-r services/fees_h10/requirements.txt (line 1)) (3.0.51)
2025-08-21T07:14:02.7165876Z Requirement already satisfied: wcwidth in /opt/hostedtoolcache/Python/3.12.11/x64/lib/python3.12/site-packages (from prompt-toolkit>=3.0.36->click-repl>=0.2.0->celery==5.4.*->celery[redis]==5.4.*->-r services/fees_h10/requirements.txt (line 1)) (0.2.13)
2025-08-21T07:14:02.7180049Z Requirement already satisfied: six>=1.5 in /opt/hostedtoolcache/Python/3.12.11/x64/lib/python3.12/site-packages (from python-dateutil>=2.8.2->celery==5.4.*->celery[redis]==5.4.*->-r services/fees_h10/requirements.txt (line 1)) (1.17.0)
2025-08-21T07:14:02.7291067Z Using cached celery-5.4.0-py3-none-any.whl (425 kB)
2025-08-21T07:14:02.8595189Z Installing collected packages: celery
2025-08-21T07:14:02.8595914Z   Attempting uninstall: celery
2025-08-21T07:14:02.8641575Z     Found existing installation: celery 5.3.6
2025-08-21T07:14:02.8788091Z     Uninstalling celery-5.3.6:
2025-08-21T07:14:02.8816146Z       Successfully uninstalled celery-5.3.6
2025-08-21T07:14:03.2060376Z Successfully installed celery-5.4.0
2025-08-21T07:14:03.7143235Z Collecting python-telegram-bot==20.8 (from -r services/alert_bot/requirements.txt (line 1))
2025-08-21T07:14:03.7155873Z   Using cached python_telegram_bot-20.8-py3-none-any.whl.metadata (15 kB)
2025-08-21T07:14:03.7381700Z Collecting APScheduler==3.10.4 (from -r services/alert_bot/requirements.txt (line 2))
2025-08-21T07:14:03.7392679Z   Using cached APScheduler-3.10.4-py3-none-any.whl.metadata (5.7 kB)
2025-08-21T07:14:03.7435923Z Requirement already satisfied: asyncpg in /opt/hostedtoolcache/Python/3.12.11/x64/lib/python3.12/site-packages (from -r services/alert_bot/requirements.txt (line 3)) (0.29.0)
2025-08-21T07:14:03.7639455Z Collecting httpx~=0.26.0 (from python-telegram-bot==20.8->-r services/alert_bot/requirements.txt (line 1))
2025-08-21T07:14:03.7650585Z   Using cached httpx-0.26.0-py3-none-any.whl.metadata (7.6 kB)
2025-08-21T07:14:03.7690383Z Requirement already satisfied: six>=1.4.0 in /opt/hostedtoolcache/Python/3.12.11/x64/lib/python3.12/site-packages (from APScheduler==3.10.4->-r services/alert_bot/requirements.txt (line 2)) (1.17.0)
2025-08-21T07:14:03.7693894Z Requirement already satisfied: pytz in /opt/hostedtoolcache/Python/3.12.11/x64/lib/python3.12/site-packages (from APScheduler==3.10.4->-r services/alert_bot/requirements.txt (line 2)) (2025.2)
2025-08-21T07:14:03.7870330Z Collecting tzlocal!=3.*,>=2.0 (from APScheduler==3.10.4->-r services/alert_bot/requirements.txt (line 2))
2025-08-21T07:14:03.7882457Z   Using cached tzlocal-5.3.1-py3-none-any.whl.metadata (7.6 kB)
2025-08-21T07:14:03.7915917Z Requirement already satisfied: anyio in /opt/hostedtoolcache/Python/3.12.11/x64/lib/python3.12/site-packages (from httpx~=0.26.0->python-telegram-bot==20.8->-r services/alert_bot/requirements.txt (line 1)) (4.10.0)
2025-08-21T07:14:03.7919352Z Requirement already satisfied: certifi in /opt/hostedtoolcache/Python/3.12.11/x64/lib/python3.12/site-packages (from httpx~=0.26.0->python-telegram-bot==20.8->-r services/alert_bot/requirements.txt (line 1)) (2025.8.3)
2025-08-21T07:14:03.7923999Z Requirement already satisfied: httpcore==1.* in /opt/hostedtoolcache/Python/3.12.11/x64/lib/python3.12/site-packages (from httpx~=0.26.0->python-telegram-bot==20.8->-r services/alert_bot/requirements.txt (line 1)) (1.0.9)
2025-08-21T07:14:03.7928409Z Requirement already satisfied: idna in /opt/hostedtoolcache/Python/3.12.11/x64/lib/python3.12/site-packages (from httpx~=0.26.0->python-telegram-bot==20.8->-r services/alert_bot/requirements.txt (line 1)) (3.10)
2025-08-21T07:14:03.7931721Z Requirement already satisfied: sniffio in /opt/hostedtoolcache/Python/3.12.11/x64/lib/python3.12/site-packages (from httpx~=0.26.0->python-telegram-bot==20.8->-r services/alert_bot/requirements.txt (line 1)) (1.3.1)
2025-08-21T07:14:03.7946479Z Requirement already satisfied: h11>=0.16 in /opt/hostedtoolcache/Python/3.12.11/x64/lib/python3.12/site-packages (from httpcore==1.*->httpx~=0.26.0->python-telegram-bot==20.8->-r services/alert_bot/requirements.txt (line 1)) (0.16.0)
2025-08-21T07:14:03.7996632Z Requirement already satisfied: typing_extensions>=4.5 in /opt/hostedtoolcache/Python/3.12.11/x64/lib/python3.12/site-packages (from anyio->httpx~=0.26.0->python-telegram-bot==20.8->-r services/alert_bot/requirements.txt (line 1)) (4.14.1)
2025-08-21T07:14:03.8048926Z Using cached python_telegram_bot-20.8-py3-none-any.whl (604 kB)
2025-08-21T07:14:03.8065162Z Using cached APScheduler-3.10.4-py3-none-any.whl (59 kB)
2025-08-21T07:14:03.8077117Z Using cached httpx-0.26.0-py3-none-any.whl (75 kB)
2025-08-21T07:14:03.8088103Z Using cached tzlocal-5.3.1-py3-none-any.whl (18 kB)
2025-08-21T07:14:03.9583932Z Installing collected packages: tzlocal, httpx, APScheduler, python-telegram-bot
2025-08-21T07:14:03.9712774Z   Attempting uninstall: httpx
2025-08-21T07:14:03.9743978Z     Found existing installation: httpx 0.27.2
2025-08-21T07:14:03.9781920Z     Uninstalling httpx-0.27.2:
2025-08-21T07:14:03.9794828Z       Successfully uninstalled httpx-0.27.2
2025-08-21T07:14:04.3976038Z 
2025-08-21T07:14:04.4057313Z Successfully installed APScheduler-3.10.4 httpx-0.26.0 python-telegram-bot-20.8 tzlocal-5.3.1
2025-08-21T07:14:04.9141501Z Collecting Jinja2==3.1.6 (from -r requirements-dev.txt (line 2))
2025-08-21T07:14:04.9156640Z   Using cached jinja2-3.1.6-py3-none-any.whl.metadata (2.9 kB)
2025-08-21T07:14:04.9408830Z Collecting alembic==1.16.4 (from -r requirements-dev.txt (line 3))
2025-08-21T07:14:04.9422122Z   Using cached alembic-1.16.4-py3-none-any.whl.metadata (7.3 kB)
2025-08-21T07:14:04.9446928Z Requirement already satisfied: apscheduler==3.10.4 in /opt/hostedtoolcache/Python/3.12.11/x64/lib/python3.12/site-packages (from -r requirements-dev.txt (line 4)) (3.10.4)
2025-08-21T07:14:04.9451473Z Requirement already satisfied: asgi-correlation-id==4.3.1 in /opt/hostedtoolcache/Python/3.12.11/x64/lib/python3.12/site-packages (from -r requirements-dev.txt (line 5)) (4.3.1)
2025-08-21T07:14:04.9870015Z Collecting asyncpg==0.30.0 (from -r requirements-dev.txt (line 6))
2025-08-21T07:14:04.9883410Z   Using cached asyncpg-0.30.0-cp312-cp312-manylinux_2_17_x86_64.manylinux2014_x86_64.whl.metadata (5.0 kB)
2025-08-21T07:14:05.0373460Z Collecting black==25.1.0 (from -r requirements-dev.txt (line 7))
2025-08-21T07:14:05.0386245Z   Using cached black-25.1.0-cp312-cp312-manylinux_2_17_x86_64.manylinux2014_x86_64.manylinux_2_28_x86_64.whl.metadata (81 kB)
2025-08-21T07:14:05.0471492Z Requirement already satisfied: boto3 in /opt/hostedtoolcache/Python/3.12.11/x64/lib/python3.12/site-packages (from -r requirements-dev.txt (line 8)) (1.34.162)
2025-08-21T07:14:05.0897310Z Collecting redis==6.* (from -r requirements-dev.txt (line 9))
2025-08-21T07:14:05.0910026Z   Using cached redis-6.4.0-py3-none-any.whl.metadata (10 kB)
2025-08-21T07:14:05.0941902Z Requirement already satisfied: minio==7.* in /opt/hostedtoolcache/Python/3.12.11/x64/lib/python3.12/site-packages (from -r requirements-dev.txt (line 10)) (7.1.15)
2025-08-21T07:14:05.1092857Z Collecting vulture==2.10 (from -r requirements-dev.txt (line 11))
2025-08-21T07:14:05.1103990Z   Using cached vulture-2.10-py2.py3-none-any.whl.metadata (23 kB)
2025-08-21T07:14:05.1442173Z Collecting celery==5.5.3 (from -r requirements-dev.txt (line 12))
2025-08-21T07:14:05.1454028Z   Using cached celery-5.5.3-py3-none-any.whl.metadata (22 kB)
2025-08-21T07:14:05.2060606Z Collecting fastapi==0.116.1 (from -r requirements-dev.txt (line 13))
2025-08-21T07:14:05.2072752Z   Using cached fastapi-0.116.1-py3-none-any.whl.metadata (28 kB)
2025-08-21T07:14:05.2142941Z Requirement already satisfied: fastapi-limiter==0.1.6 in /opt/hostedtoolcache/Python/3.12.11/x64/lib/python3.12/site-packages (from -r requirements-dev.txt (line 15)) (0.1.6)
2025-08-21T07:14:05.2345582Z Collecting httpx<0.29,>=0.27 (from -r requirements-dev.txt (line 16))
2025-08-21T07:14:05.2357402Z   Using cached httpx-0.28.1-py3-none-any.whl.metadata (7.1 kB)
2025-08-21T07:14:05.2501166Z Collecting imapclient==3.0.1 (from -r requirements-dev.txt (line 17))
2025-08-21T07:14:05.2512563Z   Using cached IMAPClient-3.0.1-py2.py3-none-any.whl.metadata (1.7 kB)
2025-08-21T07:14:05.2637549Z Collecting itsdangerous (from -r requirements-dev.txt (line 18))
2025-08-21T07:14:05.2648938Z   Using cached itsdangerous-2.2.0-py3-none-any.whl.metadata (1.9 kB)
2025-08-21T07:14:05.3657733Z Collecting mypy==1.* (from -r requirements-dev.txt (line 19))
2025-08-21T07:14:05.3672486Z   Using cached mypy-1.17.1-cp312-cp312-manylinux2014_x86_64.manylinux_2_17_x86_64.manylinux_2_28_x86_64.whl.metadata (2.2 kB)
2025-08-21T07:14:05.3701973Z Requirement already satisfied: mypy-extensions==1.1.0 in /opt/hostedtoolcache/Python/3.12.11/x64/lib/python3.12/site-packages (from -r requirements-dev.txt (line 20)) (1.1.0)
2025-08-21T07:14:05.3706961Z Requirement already satisfied: numpy<2 in /opt/hostedtoolcache/Python/3.12.11/x64/lib/python3.12/site-packages (from -r requirements-dev.txt (line 21)) (1.26.4)
2025-08-21T07:14:05.3711704Z Requirement already satisfied: openpyxl==3.1.5 in /opt/hostedtoolcache/Python/3.12.11/x64/lib/python3.12/site-packages (from -r requirements-dev.txt (line 22)) (3.1.5)
2025-08-21T07:14:05.3716587Z Requirement already satisfied: pandas==2.2.* in /opt/hostedtoolcache/Python/3.12.11/x64/lib/python3.12/site-packages (from -r requirements-dev.txt (line 23)) (2.2.3)
2025-08-21T07:14:05.3721328Z Requirement already satisfied: psycopg2-binary==2.9.10 in /opt/hostedtoolcache/Python/3.12.11/x64/lib/python3.12/site-packages (from -r requirements-dev.txt (line 24)) (2.9.10)
2025-08-21T07:14:05.3727309Z Requirement already satisfied: psycopg==3.2.9 in /opt/hostedtoolcache/Python/3.12.11/x64/lib/python3.12/site-packages (from psycopg[binary]==3.2.9->-r requirements-dev.txt (line 25)) (3.2.9)
2025-08-21T07:14:05.3731852Z Requirement already satisfied: pydantic==2.11.7 in /opt/hostedtoolcache/Python/3.12.11/x64/lib/python3.12/site-packages (from -r requirements-dev.txt (line 26)) (2.11.7)
2025-08-21T07:14:05.4969659Z Collecting setuptools (from -r requirements-dev.txt (line 27))
2025-08-21T07:14:05.4982910Z   Using cached setuptools-80.9.0-py3-none-any.whl.metadata (6.6 kB)
2025-08-21T07:14:05.5270501Z Collecting pytest-asyncio==1.1.0 (from -r requirements-dev.txt (line 28))
2025-08-21T07:14:05.5283102Z   Using cached pytest_asyncio-1.1.0-py3-none-any.whl.metadata (4.1 kB)
2025-08-21T07:14:05.5456608Z Collecting pytest-cov==6.2.1 (from -r requirements-dev.txt (line 29))
2025-08-21T07:14:05.5467577Z   Using cached pytest_cov-6.2.1-py3-none-any.whl.metadata (30 kB)
2025-08-21T07:14:05.5645797Z Collecting pytest-postgresql==7.0.2 (from -r requirements-dev.txt (line 30))
2025-08-21T07:14:05.5656788Z   Using cached pytest_postgresql-7.0.2-py3-none-any.whl.metadata (18 kB)
2025-08-21T07:14:05.5686792Z Requirement already satisfied: python-dotenv in /opt/hostedtoolcache/Python/3.12.11/x64/lib/python3.12/site-packages (from -r requirements-dev.txt (line 31)) (1.1.1)
2025-08-21T07:14:05.5690118Z Requirement already satisfied: python-multipart in /opt/hostedtoolcache/Python/3.12.11/x64/lib/python3.12/site-packages (from -r requirements-dev.txt (line 32)) (0.0.20)
2025-08-21T07:14:05.5987071Z Collecting python-telegram-bot==22.3 (from -r requirements-dev.txt (line 33))
2025-08-21T07:14:05.5997661Z   Using cached python_telegram_bot-22.3-py3-none-any.whl.metadata (17 kB)
2025-08-21T07:14:05.6350782Z Collecting requests==2.32.4 (from -r requirements-dev.txt (line 34))
2025-08-21T07:14:05.6365460Z   Using cached requests-2.32.4-py3-none-any.whl.metadata (4.9 kB)
2025-08-21T07:14:05.6663766Z Collecting respx==0.22.0 (from -r requirements-dev.txt (line 35))
2025-08-21T07:14:05.6681519Z   Using cached respx-0.22.0-py2.py3-none-any.whl.metadata (4.1 kB)
2025-08-21T07:14:06.0203566Z Collecting ruff==0.9.9 (from -r requirements-dev.txt (line 36))
2025-08-21T07:14:06.0217096Z   Using cached ruff-0.9.9-py3-none-manylinux_2_17_x86_64.manylinux2014_x86_64.whl.metadata (25 kB)
2025-08-21T07:14:06.2803297Z Collecting sqlalchemy==2.0.43 (from -r requirements-dev.txt (line 37))
2025-08-21T07:14:06.2817102Z   Using cached sqlalchemy-2.0.43-cp312-cp312-manylinux_2_17_x86_64.manylinux2014_x86_64.whl.metadata (9.6 kB)
2025-08-21T07:14:06.2919585Z Requirement already satisfied: structlog==24.1.0 in /opt/hostedtoolcache/Python/3.12.11/x64/lib/python3.12/site-packages (from -r requirements-dev.txt (line 38)) (24.1.0)
2025-08-21T07:14:06.3089532Z Collecting testcontainers==4.12.0 (from testcontainers[postgres]==4.12.0->-r requirements-dev.txt (line 39))
2025-08-21T07:14:06.3101685Z   Using cached testcontainers-4.12.0-py3-none-any.whl.metadata (8.3 kB)
2025-08-21T07:14:06.3505689Z Collecting types-requests==2.32.4.20250809 (from -r requirements-dev.txt (line 40))
2025-08-21T07:14:06.3517625Z   Using cached types_requests-2.32.4.20250809-py3-none-any.whl.metadata (2.0 kB)
2025-08-21T07:14:06.3656368Z Collecting docspec-python==2.2.2 (from -r requirements-dev.txt (line 41))
2025-08-21T07:14:06.3668120Z   Using cached docspec_python-2.2.2-py3-none-any.whl.metadata (1.0 kB)
2025-08-21T07:14:06.3854825Z Collecting pydoc-markdown==4.8.2 (from -r requirements-dev.txt (line 42))
2025-08-21T07:14:06.3866746Z   Using cached pydoc_markdown-4.8.2-py3-none-any.whl.metadata (5.9 kB)
2025-08-21T07:14:06.3901569Z Requirement already satisfied: pandera==0.19.* in /opt/hostedtoolcache/Python/3.12.11/x64/lib/python3.12/site-packages (from -r requirements-dev.txt (line 43)) (0.19.3)
2025-08-21T07:14:06.3919634Z Requirement already satisfied: MarkupSafe>=2.0 in /opt/hostedtoolcache/Python/3.12.11/x64/lib/python3.12/site-packages (from Jinja2==3.1.6->-r requirements-dev.txt (line 2)) (3.0.2)
2025-08-21T07:14:06.4061670Z Requirement already satisfied: Mako in /opt/hostedtoolcache/Python/3.12.11/x64/lib/python3.12/site-packages (from alembic==1.16.4->-r requirements-dev.txt (line 3)) (1.3.10)
2025-08-21T07:14:06.4066400Z Requirement already satisfied: typing-extensions>=4.12 in /opt/hostedtoolcache/Python/3.12.11/x64/lib/python3.12/site-packages (from alembic==1.16.4->-r requirements-dev.txt (line 3)) (4.14.1)
2025-08-21T07:14:06.4081944Z Requirement already satisfied: six>=1.4.0 in /opt/hostedtoolcache/Python/3.12.11/x64/lib/python3.12/site-packages (from apscheduler==3.10.4->-r requirements-dev.txt (line 4)) (1.17.0)
2025-08-21T07:14:06.4086493Z Requirement already satisfied: pytz in /opt/hostedtoolcache/Python/3.12.11/x64/lib/python3.12/site-packages (from apscheduler==3.10.4->-r requirements-dev.txt (line 4)) (2025.2)
2025-08-21T07:14:06.4093913Z Requirement already satisfied: tzlocal!=3.*,>=2.0 in /opt/hostedtoolcache/Python/3.12.11/x64/lib/python3.12/site-packages (from apscheduler==3.10.4->-r requirements-dev.txt (line 4)) (5.3.1)
2025-08-21T07:14:06.4134993Z Requirement already satisfied: starlette>=0.18 in /opt/hostedtoolcache/Python/3.12.11/x64/lib/python3.12/site-packages (from asgi-correlation-id==4.3.1->-r requirements-dev.txt (line 5)) (0.37.2)
2025-08-21T07:14:06.4156179Z Requirement already satisfied: click>=8.0.0 in /opt/hostedtoolcache/Python/3.12.11/x64/lib/python3.12/site-packages (from black==25.1.0->-r requirements-dev.txt (line 7)) (8.2.1)
2025-08-21T07:14:06.4162017Z Requirement already satisfied: packaging>=22.0 in /opt/hostedtoolcache/Python/3.12.11/x64/lib/python3.12/site-packages (from black==25.1.0->-r requirements-dev.txt (line 7)) (25.0)
2025-08-21T07:14:06.4292664Z Collecting pathspec>=0.9.0 (from black==25.1.0->-r requirements-dev.txt (line 7))
2025-08-21T07:14:06.4304546Z   Using cached pathspec-0.12.1-py3-none-any.whl.metadata (21 kB)
2025-08-21T07:14:06.4519241Z Collecting platformdirs>=2 (from black==25.1.0->-r requirements-dev.txt (line 7))
2025-08-21T07:14:06.4530876Z   Using cached platformdirs-4.3.8-py3-none-any.whl.metadata (12 kB)
2025-08-21T07:14:06.4678254Z Collecting toml (from vulture==2.10->-r requirements-dev.txt (line 11))
2025-08-21T07:14:06.4689834Z   Using cached toml-0.10.2-py2.py3-none-any.whl.metadata (7.1 kB)
2025-08-21T07:14:06.4718885Z Requirement already satisfied: billiard<5.0,>=4.2.1 in /opt/hostedtoolcache/Python/3.12.11/x64/lib/python3.12/site-packages (from celery==5.5.3->-r requirements-dev.txt (line 12)) (4.2.1)
2025-08-21T07:14:06.4724029Z Requirement already satisfied: kombu<5.6,>=5.5.2 in /opt/hostedtoolcache/Python/3.12.11/x64/lib/python3.12/site-packages (from celery==5.5.3->-r requirements-dev.txt (line 12)) (5.5.4)
2025-08-21T07:14:06.4729352Z Requirement already satisfied: vine<6.0,>=5.1.0 in /opt/hostedtoolcache/Python/3.12.11/x64/lib/python3.12/site-packages (from celery==5.5.3->-r requirements-dev.txt (line 12)) (5.1.0)
2025-08-21T07:14:06.4735941Z Requirement already satisfied: click-didyoumean>=0.3.0 in /opt/hostedtoolcache/Python/3.12.11/x64/lib/python3.12/site-packages (from celery==5.5.3->-r requirements-dev.txt (line 12)) (0.3.1)
2025-08-21T07:14:06.4740795Z Requirement already satisfied: click-repl>=0.2.0 in /opt/hostedtoolcache/Python/3.12.11/x64/lib/python3.12/site-packages (from celery==5.5.3->-r requirements-dev.txt (line 12)) (0.3.0)
2025-08-21T07:14:06.4745791Z Requirement already satisfied: click-plugins>=1.1.1 in /opt/hostedtoolcache/Python/3.12.11/x64/lib/python3.12/site-packages (from celery==5.5.3->-r requirements-dev.txt (line 12)) (1.1.1.2)
2025-08-21T07:14:06.4751289Z Requirement already satisfied: python-dateutil>=2.8.2 in /opt/hostedtoolcache/Python/3.12.11/x64/lib/python3.12/site-packages (from celery==5.5.3->-r requirements-dev.txt (line 12)) (2.9.0.post0)
2025-08-21T07:14:06.5067142Z Collecting starlette>=0.18 (from asgi-correlation-id==4.3.1->-r requirements-dev.txt (line 5))
2025-08-21T07:14:06.5079313Z   Using cached starlette-0.47.2-py3-none-any.whl.metadata (6.2 kB)
2025-08-21T07:14:06.5127095Z Requirement already satisfied: annotated-types>=0.6.0 in /opt/hostedtoolcache/Python/3.12.11/x64/lib/python3.12/site-packages (from pydantic==2.11.7->-r requirements-dev.txt (line 26)) (0.7.0)
2025-08-21T07:14:06.5133077Z Requirement already satisfied: pydantic-core==2.33.2 in /opt/hostedtoolcache/Python/3.12.11/x64/lib/python3.12/site-packages (from pydantic==2.11.7->-r requirements-dev.txt (line 26)) (2.33.2)
2025-08-21T07:14:06.5141295Z Requirement already satisfied: typing-inspection>=0.4.0 in /opt/hostedtoolcache/Python/3.12.11/x64/lib/python3.12/site-packages (from pydantic==2.11.7->-r requirements-dev.txt (line 26)) (0.4.1)
2025-08-21T07:14:06.5301214Z Requirement already satisfied: et-xmlfile in /opt/hostedtoolcache/Python/3.12.11/x64/lib/python3.12/site-packages (from openpyxl==3.1.5->-r requirements-dev.txt (line 22)) (2.0.0)
2025-08-21T07:14:06.5701426Z Collecting pytest<9,>=8.2 (from pytest-asyncio==1.1.0->-r requirements-dev.txt (line 28))
2025-08-21T07:14:06.5713936Z   Using cached pytest-8.4.1-py3-none-any.whl.metadata (7.7 kB)
2025-08-21T07:14:06.9203559Z Collecting coverage>=7.5 (from coverage[toml]>=7.5->pytest-cov==6.2.1->-r requirements-dev.txt (line 29))
2025-08-21T07:14:06.9217824Z   Using cached coverage-7.10.4-cp312-cp312-manylinux1_x86_64.manylinux_2_28_x86_64.manylinux_2_5_x86_64.whl.metadata (8.9 kB)
2025-08-21T07:14:06.9380071Z Collecting pluggy>=1.2 (from pytest-cov==6.2.1->-r requirements-dev.txt (line 29))
2025-08-21T07:14:06.9391736Z   Using cached pluggy-1.6.0-py3-none-any.whl.metadata (4.8 kB)
2025-08-21T07:14:06.9626435Z Collecting port-for>=0.7.3 (from pytest-postgresql==7.0.2->-r requirements-dev.txt (line 30))
2025-08-21T07:14:06.9637864Z   Using cached port_for-0.7.4-py3-none-any.whl.metadata (7.1 kB)
2025-08-21T07:14:06.9798486Z Collecting mirakuru>=2.6.0 (from pytest-postgresql==7.0.2->-r requirements-dev.txt (line 30))
2025-08-21T07:14:06.9809991Z   Using cached mirakuru-2.6.1-py3-none-any.whl.metadata (10 kB)
2025-08-21T07:14:06.9862174Z Requirement already satisfied: charset_normalizer<4,>=2 in /opt/hostedtoolcache/Python/3.12.11/x64/lib/python3.12/site-packages (from requests==2.32.4->-r requirements-dev.txt (line 34)) (3.4.3)
2025-08-21T07:14:06.9867141Z Requirement already satisfied: idna<4,>=2.5 in /opt/hostedtoolcache/Python/3.12.11/x64/lib/python3.12/site-packages (from requests==2.32.4->-r requirements-dev.txt (line 34)) (3.10)
2025-08-21T07:14:06.9871784Z Requirement already satisfied: urllib3<3,>=1.21.1 in /opt/hostedtoolcache/Python/3.12.11/x64/lib/python3.12/site-packages (from requests==2.32.4->-r requirements-dev.txt (line 34)) (2.5.0)
2025-08-21T07:14:06.9876970Z Requirement already satisfied: certifi>=2017.4.17 in /opt/hostedtoolcache/Python/3.12.11/x64/lib/python3.12/site-packages (from requests==2.32.4->-r requirements-dev.txt (line 34)) (2025.8.3)
2025-08-21T07:14:06.9962763Z Requirement already satisfied: greenlet>=1 in /opt/hostedtoolcache/Python/3.12.11/x64/lib/python3.12/site-packages (from sqlalchemy==2.0.43->-r requirements-dev.txt (line 37)) (3.2.4)
2025-08-21T07:14:07.0204766Z Collecting docker (from testcontainers==4.12.0->testcontainers[postgres]==4.12.0->-r requirements-dev.txt (line 39))
2025-08-21T07:14:07.0216280Z   Using cached docker-7.1.0-py3-none-any.whl.metadata (3.8 kB)
2025-08-21T07:14:07.0256664Z Requirement already satisfied: wrapt in /opt/hostedtoolcache/Python/3.12.11/x64/lib/python3.12/site-packages (from testcontainers==4.12.0->testcontainers[postgres]==4.12.0->-r requirements-dev.txt (line 39)) (1.17.3)
2025-08-21T07:14:07.0424922Z Collecting docspec==2.2.1 (from docspec-python==2.2.2->-r requirements-dev.txt (line 41))
2025-08-21T07:14:07.0437129Z   Using cached docspec-2.2.1-py3-none-any.whl.metadata (1.5 kB)
2025-08-21T07:14:07.0609810Z Collecting nr-util>=0.8.12 (from docspec-python==2.2.2->-r requirements-dev.txt (line 41))
2025-08-21T07:14:07.0621229Z   Using cached nr.util-0.8.12-py3-none-any.whl.metadata (813 bytes)
2025-08-21T07:14:07.0652782Z Requirement already satisfied: PyYAML<7.0,>=5.0 in /opt/hostedtoolcache/Python/3.12.11/x64/lib/python3.12/site-packages (from pydoc-markdown==4.8.2->-r requirements-dev.txt (line 42)) (6.0.2)
2025-08-21T07:14:07.0885771Z Collecting databind.core<5.0.0,>=4.4.0 (from pydoc-markdown==4.8.2->-r requirements-dev.txt (line 42))
2025-08-21T07:14:07.0897401Z   Using cached databind.core-4.5.2-py3-none-any.whl.metadata (1.1 kB)
2025-08-21T07:14:07.1130062Z Collecting databind.json<5.0.0,>=4.4.0 (from pydoc-markdown==4.8.2->-r requirements-dev.txt (line 42))
2025-08-21T07:14:07.1141833Z   Using cached databind.json-4.5.2-py3-none-any.whl.metadata (1.1 kB)
2025-08-21T07:14:07.1312039Z Collecting docstring-parser<0.12,>=0.11 (from pydoc-markdown==4.8.2->-r requirements-dev.txt (line 42))
2025-08-21T07:14:07.1313224Z   Using cached docstring_parser-0.11-py3-none-any.whl
2025-08-21T07:14:07.1651112Z Collecting tomli<3.0.0,>=2.0.0 (from pydoc-markdown==4.8.2->-r requirements-dev.txt (line 42))
2025-08-21T07:14:07.1663027Z   Using cached tomli-2.2.1-cp312-cp312-manylinux_2_17_x86_64.manylinux2014_x86_64.whl.metadata (11 kB)
2025-08-21T07:14:07.1797176Z Collecting tomli_w<2.0.0,>=1.0.0 (from pydoc-markdown==4.8.2->-r requirements-dev.txt (line 42))
2025-08-21T07:14:07.1808770Z   Using cached tomli_w-1.2.0-py3-none-any.whl.metadata (5.7 kB)
2025-08-21T07:14:07.2277373Z Collecting watchdog (from pydoc-markdown==4.8.2->-r requirements-dev.txt (line 42))
2025-08-21T07:14:07.2289129Z   Using cached watchdog-6.0.0-py3-none-manylinux2014_x86_64.whl.metadata (44 kB)
2025-08-21T07:14:07.2520218Z Collecting yapf>=0.30.0 (from pydoc-markdown==4.8.2->-r requirements-dev.txt (line 42))
2025-08-21T07:14:07.2531546Z   Using cached yapf-0.43.0-py3-none-any.whl.metadata (46 kB)
2025-08-21T07:14:07.2747352Z Collecting Deprecated<2.0.0,>=1.2.12 (from docspec==2.2.1->docspec-python==2.2.2->-r requirements-dev.txt (line 41))
2025-08-21T07:14:07.2758879Z   Using cached Deprecated-1.2.18-py2.py3-none-any.whl.metadata (5.7 kB)
2025-08-21T07:14:07.2931731Z Requirement already satisfied: psycopg-binary==3.2.9 in /opt/hostedtoolcache/Python/3.12.11/x64/lib/python3.12/site-packages (from psycopg[binary]==3.2.9->-r requirements-dev.txt (line 25)) (3.2.9)
2025-08-21T07:14:07.3031935Z Requirement already satisfied: anyio in /opt/hostedtoolcache/Python/3.12.11/x64/lib/python3.12/site-packages (from httpx<0.29,>=0.27->-r requirements-dev.txt (line 16)) (4.10.0)
2025-08-21T07:14:07.3038418Z Requirement already satisfied: httpcore==1.* in /opt/hostedtoolcache/Python/3.12.11/x64/lib/python3.12/site-packages (from httpx<0.29,>=0.27->-r requirements-dev.txt (line 16)) (1.0.9)
2025-08-21T07:14:07.3169110Z Requirement already satisfied: tzdata>=2022.7 in /opt/hostedtoolcache/Python/3.12.11/x64/lib/python3.12/site-packages (from pandas==2.2.*->-r requirements-dev.txt (line 23)) (2025.2)
2025-08-21T07:14:07.3286561Z Requirement already satisfied: multimethod<=1.10.0 in /opt/hostedtoolcache/Python/3.12.11/x64/lib/python3.12/site-packages (from pandera==0.19.*->-r requirements-dev.txt (line 43)) (1.10)
2025-08-21T07:14:07.3300416Z Requirement already satisfied: typeguard in /opt/hostedtoolcache/Python/3.12.11/x64/lib/python3.12/site-packages (from pandera==0.19.*->-r requirements-dev.txt (line 43)) (4.4.4)
2025-08-21T07:14:07.3311814Z Requirement already satisfied: typing-inspect>=0.6.0 in /opt/hostedtoolcache/Python/3.12.11/x64/lib/python3.12/site-packages (from pandera==0.19.*->-r requirements-dev.txt (line 43)) (0.9.0)
2025-08-21T07:14:07.3603839Z Collecting databind<5.0.0,>=4.5.2 (from databind.core<5.0.0,>=4.4.0->pydoc-markdown==4.8.2->-r requirements-dev.txt (line 42))
2025-08-21T07:14:07.3615566Z   Using cached databind-4.5.2-py3-none-any.whl.metadata (4.3 kB)
2025-08-21T07:14:07.3801362Z Collecting nr-date<3.0.0,>=2.0.0 (from databind<5.0.0,>=4.5.2->databind.core<5.0.0,>=4.4.0->pydoc-markdown==4.8.2->-r requirements-dev.txt (line 42))
2025-08-21T07:14:07.3812280Z   Using cached nr_date-2.1.0-py3-none-any.whl.metadata (746 bytes)
2025-08-21T07:14:07.3950992Z Collecting nr-stream<2.0.0,>=1.0.0 (from databind<5.0.0,>=4.5.2->databind.core<5.0.0,>=4.4.0->pydoc-markdown==4.8.2->-r requirements-dev.txt (line 42))
2025-08-21T07:14:07.3961780Z   Using cached nr_stream-1.1.5-py3-none-any.whl.metadata (3.6 kB)
2025-08-21T07:14:07.4152841Z Collecting typeapi<3,>=2.0.1 (from databind<5.0.0,>=4.5.2->databind.core<5.0.0,>=4.4.0->pydoc-markdown==4.8.2->-r requirements-dev.txt (line 42))
2025-08-21T07:14:07.4164308Z   Using cached typeapi-2.2.4-py3-none-any.whl.metadata (1.5 kB)
2025-08-21T07:14:07.4262742Z Requirement already satisfied: h11>=0.16 in /opt/hostedtoolcache/Python/3.12.11/x64/lib/python3.12/site-packages (from httpcore==1.*->httpx<0.29,>=0.27->-r requirements-dev.txt (line 16)) (0.16.0)
2025-08-21T07:14:07.4305576Z Requirement already satisfied: amqp<6.0.0,>=5.1.1 in /opt/hostedtoolcache/Python/3.12.11/x64/lib/python3.12/site-packages (from kombu<5.6,>=5.5.2->celery==5.5.3->-r requirements-dev.txt (line 12)) (5.3.1)
2025-08-21T07:14:07.4601106Z Collecting iniconfig>=1 (from pytest<9,>=8.2->pytest-asyncio==1.1.0->-r requirements-dev.txt (line 28))
2025-08-21T07:14:07.4611856Z   Using cached iniconfig-2.1.0-py3-none-any.whl.metadata (2.7 kB)
2025-08-21T07:14:07.4652633Z Requirement already satisfied: pygments>=2.7.2 in /opt/hostedtoolcache/Python/3.12.11/x64/lib/python3.12/site-packages (from pytest<9,>=8.2->pytest-asyncio==1.1.0->-r requirements-dev.txt (line 28)) (2.19.2)
2025-08-21T07:14:07.4737255Z Requirement already satisfied: sniffio>=1.1 in /opt/hostedtoolcache/Python/3.12.11/x64/lib/python3.12/site-packages (from anyio->httpx<0.29,>=0.27->-r requirements-dev.txt (line 16)) (1.3.1)
2025-08-21T07:14:07.4888930Z Requirement already satisfied: botocore<1.35.0,>=1.34.162 in /opt/hostedtoolcache/Python/3.12.11/x64/lib/python3.12/site-packages (from boto3->-r requirements-dev.txt (line 8)) (1.34.162)
2025-08-21T07:14:07.4896614Z Requirement already satisfied: jmespath<2.0.0,>=0.7.1 in /opt/hostedtoolcache/Python/3.12.11/x64/lib/python3.12/site-packages (from boto3->-r requirements-dev.txt (line 8)) (1.0.1)
2025-08-21T07:14:07.4905701Z Requirement already satisfied: s3transfer<0.11.0,>=0.10.0 in /opt/hostedtoolcache/Python/3.12.11/x64/lib/python3.12/site-packages (from boto3->-r requirements-dev.txt (line 8)) (0.10.4)
2025-08-21T07:14:07.5033044Z Requirement already satisfied: fastapi-cli>=0.0.8 in /opt/hostedtoolcache/Python/3.12.11/x64/lib/python3.12/site-packages (from fastapi-cli[standard]>=0.0.8; extra == "all"->fastapi[all]->-r requirements-dev.txt (line 14)) (0.0.8)
2025-08-21T07:14:07.5143292Z Requirement already satisfied: ujson!=4.0.2,!=4.1.0,!=4.2.0,!=4.3.0,!=5.0.0,!=5.1.0,>=4.0.1 in /opt/hostedtoolcache/Python/3.12.11/x64/lib/python3.12/site-packages (from fastapi[all]->-r requirements-dev.txt (line 14)) (5.11.0)
2025-08-21T07:14:07.5150075Z Requirement already satisfied: orjson>=3.2.1 in /opt/hostedtoolcache/Python/3.12.11/x64/lib/python3.12/site-packages (from fastapi[all]->-r requirements-dev.txt (line 14)) (3.11.2)
2025-08-21T07:14:07.5157340Z Requirement already satisfied: email-validator>=2.0.0 in /opt/hostedtoolcache/Python/3.12.11/x64/lib/python3.12/site-packages (from fastapi[all]->-r requirements-dev.txt (line 14)) (2.2.0)
2025-08-21T07:14:07.5166017Z Requirement already satisfied: uvicorn>=0.12.0 in /opt/hostedtoolcache/Python/3.12.11/x64/lib/python3.12/site-packages (from uvicorn[standard]>=0.12.0; extra == "all"->fastapi[all]->-r requirements-dev.txt (line 14)) (0.29.0)
2025-08-21T07:14:07.5174918Z Requirement already satisfied: pydantic-settings>=2.0.0 in /opt/hostedtoolcache/Python/3.12.11/x64/lib/python3.12/site-packages (from fastapi[all]->-r requirements-dev.txt (line 14)) (2.2.1)
2025-08-21T07:14:07.5366521Z Collecting pydantic-extra-types>=2.0.0 (from fastapi[all]->-r requirements-dev.txt (line 14))
2025-08-21T07:14:07.5378248Z   Using cached pydantic_extra_types-2.10.5-py3-none-any.whl.metadata (3.9 kB)
2025-08-21T07:14:07.5628162Z Requirement already satisfied: prompt-toolkit>=3.0.36 in /opt/hostedtoolcache/Python/3.12.11/x64/lib/python3.12/site-packages (from click-repl>=0.2.0->celery==5.5.3->-r requirements-dev.txt (line 12)) (3.0.51)
2025-08-21T07:14:07.5701965Z Requirement already satisfied: dnspython>=2.0.0 in /opt/hostedtoolcache/Python/3.12.11/x64/lib/python3.12/site-packages (from email-validator>=2.0.0->fastapi[all]->-r requirements-dev.txt (line 14)) (2.7.0)
2025-08-21T07:14:07.5771882Z Requirement already satisfied: typer>=0.15.1 in /opt/hostedtoolcache/Python/3.12.11/x64/lib/python3.12/site-packages (from fastapi-cli>=0.0.8->fastapi-cli[standard]>=0.0.8; extra == "all"->fastapi[all]->-r requirements-dev.txt (line 14)) (0.16.1)
2025-08-21T07:14:07.5783222Z Requirement already satisfied: rich-toolkit>=0.14.8 in /opt/hostedtoolcache/Python/3.12.11/x64/lib/python3.12/site-packages (from fastapi-cli>=0.0.8->fastapi-cli[standard]>=0.0.8; extra == "all"->fastapi[all]->-r requirements-dev.txt (line 14)) (0.15.0)
2025-08-21T07:14:07.5922632Z Collecting fastapi-cloud-cli>=0.1.1 (from fastapi-cli[standard]>=0.0.8; extra == "all"->fastapi[all]->-r requirements-dev.txt (line 14))
2025-08-21T07:14:07.5934306Z   Using cached fastapi_cloud_cli-0.1.5-py3-none-any.whl.metadata (3.2 kB)
2025-08-21T07:14:07.6696750Z Collecting rignore>=0.5.1 (from fastapi-cloud-cli>=0.1.1->fastapi-cli[standard]>=0.0.8; extra == "all"->fastapi[all]->-r requirements-dev.txt (line 14))
2025-08-21T07:14:07.6709326Z   Using cached rignore-0.6.4-cp312-cp312-manylinux_2_17_x86_64.manylinux2014_x86_64.whl.metadata (3.8 kB)
2025-08-21T07:14:07.7249397Z Collecting sentry-sdk>=2.20.0 (from fastapi-cloud-cli>=0.1.1->fastapi-cli[standard]>=0.0.8; extra == "all"->fastapi[all]->-r requirements-dev.txt (line 14))
2025-08-21T07:14:07.7261977Z   Using cached sentry_sdk-2.35.0-py2.py3-none-any.whl.metadata (10 kB)
2025-08-21T07:14:07.8761946Z Collecting psutil>=4.0.0 (from mirakuru>=2.6.0->pytest-postgresql==7.0.2->-r requirements-dev.txt (line 30))
2025-08-21T07:14:07.8775614Z   Using cached psutil-7.0.0-cp36-abi3-manylinux_2_12_x86_64.manylinux2010_x86_64.manylinux_2_17_x86_64.manylinux2014_x86_64.whl.metadata (22 kB)
2025-08-21T07:14:07.8970688Z Requirement already satisfied: wcwidth in /opt/hostedtoolcache/Python/3.12.11/x64/lib/python3.12/site-packages (from prompt-toolkit>=3.0.36->click-repl>=0.2.0->celery==5.5.3->-r requirements-dev.txt (line 12)) (0.2.13)
2025-08-21T07:14:07.9177230Z Requirement already satisfied: rich>=13.7.1 in /opt/hostedtoolcache/Python/3.12.11/x64/lib/python3.12/site-packages (from rich-toolkit>=0.14.8->fastapi-cli>=0.0.8->fastapi-cli[standard]>=0.0.8; extra == "all"->fastapi[all]->-r requirements-dev.txt (line 14)) (14.1.0)
2025-08-21T07:14:07.9213865Z Requirement already satisfied: markdown-it-py>=2.2.0 in /opt/hostedtoolcache/Python/3.12.11/x64/lib/python3.12/site-packages (from rich>=13.7.1->rich-toolkit>=0.14.8->fastapi-cli>=0.0.8->fastapi-cli[standard]>=0.0.8; extra == "all"->fastapi[all]->-r requirements-dev.txt (line 14)) (4.0.0)
2025-08-21T07:14:07.9246142Z Requirement already satisfied: mdurl~=0.1 in /opt/hostedtoolcache/Python/3.12.11/x64/lib/python3.12/site-packages (from markdown-it-py>=2.2.0->rich>=13.7.1->rich-toolkit>=0.14.8->fastapi-cli>=0.0.8->fastapi-cli[standard]>=0.0.8; extra == "all"->fastapi[all]->-r requirements-dev.txt (line 14)) (0.1.2)
2025-08-21T07:14:07.9442395Z Requirement already satisfied: shellingham>=1.3.0 in /opt/hostedtoolcache/Python/3.12.11/x64/lib/python3.12/site-packages (from typer>=0.15.1->fastapi-cli>=0.0.8->fastapi-cli[standard]>=0.0.8; extra == "all"->fastapi[all]->-r requirements-dev.txt (line 14)) (1.5.4)
2025-08-21T07:14:07.9680236Z Requirement already satisfied: httptools>=0.5.0 in /opt/hostedtoolcache/Python/3.12.11/x64/lib/python3.12/site-packages (from uvicorn[standard]>=0.12.0; extra == "all"->fastapi[all]->-r requirements-dev.txt (line 14)) (0.6.4)
2025-08-21T07:14:07.9697424Z Requirement already satisfied: uvloop!=0.15.0,!=0.15.1,>=0.14.0 in /opt/hostedtoolcache/Python/3.12.11/x64/lib/python3.12/site-packages (from uvicorn[standard]>=0.12.0; extra == "all"->fastapi[all]->-r requirements-dev.txt (line 14)) (0.21.0)
2025-08-21T07:14:07.9705319Z Requirement already satisfied: watchfiles>=0.13 in /opt/hostedtoolcache/Python/3.12.11/x64/lib/python3.12/site-packages (from uvicorn[standard]>=0.12.0; extra == "all"->fastapi[all]->-r requirements-dev.txt (line 14)) (1.1.0)
2025-08-21T07:14:07.9712354Z Requirement already satisfied: websockets>=10.4 in /opt/hostedtoolcache/Python/3.12.11/x64/lib/python3.12/site-packages (from uvicorn[standard]>=0.12.0; extra == "all"->fastapi[all]->-r requirements-dev.txt (line 14)) (15.0.1)
2025-08-21T07:14:08.0260426Z Using cached jinja2-3.1.6-py3-none-any.whl (134 kB)
2025-08-21T07:14:08.0272022Z Using cached alembic-1.16.4-py3-none-any.whl (247 kB)
2025-08-21T07:14:08.0285118Z Using cached asyncpg-0.30.0-cp312-cp312-manylinux_2_17_x86_64.manylinux2014_x86_64.whl (3.6 MB)
2025-08-21T07:14:08.0322328Z Using cached black-25.1.0-cp312-cp312-manylinux_2_17_x86_64.manylinux2014_x86_64.manylinux_2_28_x86_64.whl (1.8 MB)
2025-08-21T07:14:08.0346279Z Using cached vulture-2.10-py2.py3-none-any.whl (27 kB)
2025-08-21T07:14:08.0356910Z Using cached celery-5.5.3-py3-none-any.whl (438 kB)
2025-08-21T07:14:08.0370580Z Using cached fastapi-0.116.1-py3-none-any.whl (95 kB)
2025-08-21T07:14:08.0381905Z Using cached IMAPClient-3.0.1-py2.py3-none-any.whl (182 kB)
2025-08-21T07:14:08.0393913Z Using cached pytest_asyncio-1.1.0-py3-none-any.whl (15 kB)
2025-08-21T07:14:08.0404345Z Using cached pytest_cov-6.2.1-py3-none-any.whl (24 kB)
2025-08-21T07:14:08.0415179Z Using cached pytest_postgresql-7.0.2-py3-none-any.whl (41 kB)
2025-08-21T07:14:08.0426245Z Using cached python_telegram_bot-22.3-py3-none-any.whl (717 kB)
2025-08-21T07:14:08.0442021Z Using cached requests-2.32.4-py3-none-any.whl (64 kB)
2025-08-21T07:14:08.0452984Z Using cached respx-0.22.0-py2.py3-none-any.whl (25 kB)
2025-08-21T07:14:08.0464066Z Using cached ruff-0.9.9-py3-none-manylinux_2_17_x86_64.manylinux2014_x86_64.whl (11.2 MB)
2025-08-21T07:14:08.0560648Z Using cached sqlalchemy-2.0.43-cp312-cp312-manylinux_2_17_x86_64.manylinux2014_x86_64.whl (3.3 MB)
2025-08-21T07:14:08.0595798Z Using cached testcontainers-4.12.0-py3-none-any.whl (111 kB)
2025-08-21T07:14:08.0607989Z Using cached types_requests-2.32.4.20250809-py3-none-any.whl (20 kB)
2025-08-21T07:14:08.0618912Z Using cached docspec_python-2.2.2-py3-none-any.whl (15 kB)
2025-08-21T07:14:08.0629647Z Using cached pydoc_markdown-4.8.2-py3-none-any.whl (67 kB)
2025-08-21T07:14:08.0642747Z Using cached docspec-2.2.1-py3-none-any.whl (9.8 kB)
2025-08-21T07:14:08.0653987Z Using cached redis-6.4.0-py3-none-any.whl (279 kB)
2025-08-21T07:14:08.0667986Z Using cached httpx-0.28.1-py3-none-any.whl (73 kB)
2025-08-21T07:14:08.0680579Z Using cached mypy-1.17.1-cp312-cp312-manylinux2014_x86_64.manylinux_2_17_x86_64.manylinux_2_28_x86_64.whl (12.7 MB)
2025-08-21T07:14:08.0786729Z Using cached databind.core-4.5.2-py3-none-any.whl (1.5 kB)
2025-08-21T07:14:08.0797645Z Using cached databind-4.5.2-py3-none-any.whl (49 kB)
2025-08-21T07:14:08.0809167Z Using cached databind.json-4.5.2-py3-none-any.whl (1.5 kB)
2025-08-21T07:14:08.0820670Z Using cached Deprecated-1.2.18-py2.py3-none-any.whl (10.0 kB)
2025-08-21T07:14:08.0831824Z Using cached nr_date-2.1.0-py3-none-any.whl (10 kB)
2025-08-21T07:14:08.0843059Z Using cached nr_stream-1.1.5-py3-none-any.whl (10 kB)
2025-08-21T07:14:08.0854249Z Using cached nr.util-0.8.12-py3-none-any.whl (90 kB)
2025-08-21T07:14:08.0866323Z Using cached pytest-8.4.1-py3-none-any.whl (365 kB)
2025-08-21T07:14:08.0880203Z Using cached pluggy-1.6.0-py3-none-any.whl (20 kB)
2025-08-21T07:14:08.0891838Z Using cached starlette-0.47.2-py3-none-any.whl (72 kB)
2025-08-21T07:14:08.0903626Z Using cached tomli-2.2.1-cp312-cp312-manylinux_2_17_x86_64.manylinux2014_x86_64.whl (242 kB)
2025-08-21T07:14:08.0916980Z Using cached tomli_w-1.2.0-py3-none-any.whl (6.7 kB)
2025-08-21T07:14:08.0928168Z Using cached typeapi-2.2.4-py3-none-any.whl (26 kB)
2025-08-21T07:14:08.0939604Z Using cached itsdangerous-2.2.0-py3-none-any.whl (16 kB)
2025-08-21T07:14:08.0951046Z Using cached setuptools-80.9.0-py3-none-any.whl (1.2 MB)
2025-08-21T07:14:08.0971642Z Using cached coverage-7.10.4-cp312-cp312-manylinux1_x86_64.manylinux_2_28_x86_64.manylinux_2_5_x86_64.whl (251 kB)
2025-08-21T07:14:08.0984188Z Using cached fastapi_cloud_cli-0.1.5-py3-none-any.whl (18 kB)
2025-08-21T07:14:08.0995432Z Using cached iniconfig-2.1.0-py3-none-any.whl (6.0 kB)
2025-08-21T07:14:08.1006820Z Using cached mirakuru-2.6.1-py3-none-any.whl (26 kB)
2025-08-21T07:14:08.1018150Z Using cached pathspec-0.12.1-py3-none-any.whl (31 kB)
2025-08-21T07:14:08.1029497Z Using cached platformdirs-4.3.8-py3-none-any.whl (18 kB)
2025-08-21T07:14:08.1040583Z Using cached port_for-0.7.4-py3-none-any.whl (21 kB)
2025-08-21T07:14:08.1052519Z Using cached psutil-7.0.0-cp36-abi3-manylinux_2_12_x86_64.manylinux2010_x86_64.manylinux_2_17_x86_64.manylinux2014_x86_64.whl (277 kB)
2025-08-21T07:14:08.1065387Z Using cached pydantic_extra_types-2.10.5-py3-none-any.whl (38 kB)
2025-08-21T07:14:08.1077367Z Using cached rignore-0.6.4-cp312-cp312-manylinux_2_17_x86_64.manylinux2014_x86_64.whl (949 kB)
2025-08-21T07:14:08.1095313Z Using cached sentry_sdk-2.35.0-py2.py3-none-any.whl (363 kB)
2025-08-21T07:14:08.1109112Z Using cached yapf-0.43.0-py3-none-any.whl (256 kB)
2025-08-21T07:14:08.1121897Z Using cached docker-7.1.0-py3-none-any.whl (147 kB)
2025-08-21T07:14:08.1134362Z Using cached toml-0.10.2-py2.py3-none-any.whl (16 kB)
2025-08-21T07:14:08.1145945Z Using cached watchdog-6.0.0-py3-none-manylinux2014_x86_64.whl (79 kB)
2025-08-21T07:14:08.3895752Z Installing collected packages: watchdog, types-requests, typeapi, tomli_w, tomli, toml, sqlalchemy, setuptools, sentry-sdk, ruff, rignore, requests, redis, psutil, port-for, pluggy, platformdirs, pathspec, nr-stream, nr-date, Jinja2, itsdangerous, iniconfig, imapclient, docstring-parser, Deprecated, coverage, asyncpg, yapf, vulture, starlette, pytest, nr-util, mypy, mirakuru, httpx, docker, databind, black, alembic, testcontainers, respx, python-telegram-bot, pytest-postgresql, pytest-cov, pytest-asyncio, pydantic-extra-types, fastapi, databind.json, databind.core, celery, fastapi-cloud-cli, docspec, docspec-python, pydoc-markdown
2025-08-21T07:14:08.5080103Z   Attempting uninstall: sqlalchemy
2025-08-21T07:14:08.5113067Z     Found existing installation: SQLAlchemy 2.0.29
2025-08-21T07:14:08.5328111Z     Uninstalling SQLAlchemy-2.0.29:
2025-08-21T07:14:08.5361336Z       Successfully uninstalled SQLAlchemy-2.0.29
2025-08-21T07:14:10.4266210Z   Attempting uninstall: sentry-sdk
2025-08-21T07:14:10.4298555Z     Found existing installation: sentry-sdk 2.9.0
2025-08-21T07:14:10.4424991Z     Uninstalling sentry-sdk-2.9.0:
2025-08-21T07:14:10.4446668Z       Successfully uninstalled sentry-sdk-2.9.0
2025-08-21T07:14:10.8569587Z   Attempting uninstall: requests
2025-08-21T07:14:10.8614456Z     Found existing installation: requests 2.32.5
2025-08-21T07:14:10.8644155Z     Uninstalling requests-2.32.5:
2025-08-21T07:14:10.8653281Z       Successfully uninstalled requests-2.32.5
2025-08-21T07:14:10.9033081Z   Attempting uninstall: redis
2025-08-21T07:14:10.9065160Z     Found existing installation: redis 5.0.8
2025-08-21T07:14:10.9137917Z     Uninstalling redis-5.0.8:
2025-08-21T07:14:10.9152977Z       Successfully uninstalled redis-5.0.8
2025-08-21T07:14:11.3720624Z   Attempting uninstall: Jinja2
2025-08-21T07:14:11.3770016Z     Found existing installation: Jinja2 3.1.5
2025-08-21T07:14:11.3803552Z     Uninstalling Jinja2-3.1.5:
2025-08-21T07:14:11.3812724Z       Successfully uninstalled Jinja2-3.1.5
2025-08-21T07:14:11.7219861Z   Attempting uninstall: asyncpg
2025-08-21T07:14:11.7274120Z     Found existing installation: asyncpg 0.29.0
2025-08-21T07:14:11.7322113Z     Uninstalling asyncpg-0.29.0:
2025-08-21T07:14:11.7335980Z       Successfully uninstalled asyncpg-0.29.0
2025-08-21T07:14:12.0247260Z   Attempting uninstall: starlette
2025-08-21T07:14:12.0298216Z     Found existing installation: starlette 0.37.2
2025-08-21T07:14:12.0340385Z     Uninstalling starlette-0.37.2:
2025-08-21T07:14:12.0351119Z       Successfully uninstalled starlette-0.37.2
2025-08-21T07:14:13.8425803Z   Attempting uninstall: httpx
2025-08-21T07:14:13.8477911Z     Found existing installation: httpx 0.26.0
2025-08-21T07:14:13.8514157Z     Uninstalling httpx-0.26.0:
2025-08-21T07:14:13.8527612Z       Successfully uninstalled httpx-0.26.0
2025-08-21T07:14:14.1893948Z   Attempting uninstall: alembic
2025-08-21T07:14:14.1929908Z     Found existing installation: alembic 1.13.1
2025-08-21T07:14:14.2005839Z     Uninstalling alembic-1.13.1:
2025-08-21T07:14:14.2026721Z       Successfully uninstalled alembic-1.13.1
2025-08-21T07:14:14.4718807Z   Attempting uninstall: python-telegram-bot
2025-08-21T07:14:14.4767483Z     Found existing installation: python-telegram-bot 20.8
2025-08-21T07:14:14.4923033Z     Uninstalling python-telegram-bot-20.8:
2025-08-21T07:14:14.4946526Z       Successfully uninstalled python-telegram-bot-20.8
2025-08-21T07:14:14.9367748Z   Attempting uninstall: fastapi
2025-08-21T07:14:14.9414064Z     Found existing installation: fastapi 0.111.0
2025-08-21T07:14:14.9466956Z     Uninstalling fastapi-0.111.0:
2025-08-21T07:14:14.9479324Z       Successfully uninstalled fastapi-0.111.0
2025-08-21T07:14:15.0338401Z   Attempting uninstall: celery
2025-08-21T07:14:15.0381657Z     Found existing installation: celery 5.4.0
2025-08-21T07:14:15.0526495Z     Uninstalling celery-5.4.0:
2025-08-21T07:14:15.0555063Z       Successfully uninstalled celery-5.4.0
2025-08-21T07:14:15.4628526Z 
2025-08-21T07:14:15.4747196Z Successfully installed Deprecated-1.2.18 Jinja2-3.1.6 alembic-1.16.4 asyncpg-0.30.0 black-25.1.0 celery-5.5.3 coverage-7.10.4 databind-4.5.2 databind.core-4.5.2 databind.json-4.5.2 docker-7.1.0 docspec-2.2.1 docspec-python-2.2.2 docstring-parser-0.11 fastapi-0.116.1 fastapi-cloud-cli-0.1.5 httpx-0.28.1 imapclient-3.0.1 iniconfig-2.1.0 itsdangerous-2.2.0 mirakuru-2.6.1 mypy-1.17.1 nr-date-2.1.0 nr-stream-1.1.5 nr-util-0.8.12 pathspec-0.12.1 platformdirs-4.3.8 pluggy-1.6.0 port-for-0.7.4 psutil-7.0.0 pydantic-extra-types-2.10.5 pydoc-markdown-4.8.2 pytest-8.4.1 pytest-asyncio-1.1.0 pytest-cov-6.2.1 pytest-postgresql-7.0.2 python-telegram-bot-22.3 redis-6.4.0 requests-2.32.4 respx-0.22.0 rignore-0.6.4 ruff-0.9.9 sentry-sdk-2.35.0 setuptools-80.9.0 sqlalchemy-2.0.43 starlette-0.47.2 testcontainers-4.12.0 toml-0.10.2 tomli-2.2.1 tomli_w-1.2.0 typeapi-2.2.4 types-requests-2.32.4.20250809 vulture-2.10 watchdog-6.0.0 yapf-0.43.0
2025-08-21T07:14:16.1674803Z Requirement already satisfied: asyncpg in /opt/hostedtoolcache/Python/3.12.11/x64/lib/python3.12/site-packages (0.30.0)
2025-08-21T07:14:16.7826860Z Requirement already satisfied: pytest in /opt/hostedtoolcache/Python/3.12.11/x64/lib/python3.12/site-packages (8.4.1)
2025-08-21T07:14:16.7841350Z Requirement already satisfied: iniconfig>=1 in /opt/hostedtoolcache/Python/3.12.11/x64/lib/python3.12/site-packages (from pytest) (2.1.0)
2025-08-21T07:14:16.7847454Z Requirement already satisfied: packaging>=20 in /opt/hostedtoolcache/Python/3.12.11/x64/lib/python3.12/site-packages (from pytest) (25.0)
2025-08-21T07:14:16.7853119Z Requirement already satisfied: pluggy<2,>=1.5 in /opt/hostedtoolcache/Python/3.12.11/x64/lib/python3.12/site-packages (from pytest) (1.6.0)
2025-08-21T07:14:16.7858331Z Requirement already satisfied: pygments>=2.7.2 in /opt/hostedtoolcache/Python/3.12.11/x64/lib/python3.12/site-packages (from pytest) (2.19.2)
2025-08-21T07:14:17.4573410Z Collecting keepa==1.3.15
2025-08-21T07:14:17.4586643Z   Using cached keepa-1.3.15-py3-none-any.whl.metadata (11 kB)
2025-08-21T07:14:17.4625238Z Requirement already satisfied: minio==7.1.15 in /opt/hostedtoolcache/Python/3.12.11/x64/lib/python3.12/site-packages (7.1.15)
2025-08-21T07:14:17.4633670Z Requirement already satisfied: numpy>=1.9.3 in /opt/hostedtoolcache/Python/3.12.11/x64/lib/python3.12/site-packages (from keepa==1.3.15) (1.26.4)
2025-08-21T07:14:17.4638953Z Requirement already satisfied: requests>=2.2 in /opt/hostedtoolcache/Python/3.12.11/x64/lib/python3.12/site-packages (from keepa==1.3.15) (2.32.4)
2025-08-21T07:14:17.4642575Z Requirement already satisfied: tqdm in /opt/hostedtoolcache/Python/3.12.11/x64/lib/python3.12/site-packages (from keepa==1.3.15) (4.67.1)
2025-08-21T07:14:17.4646349Z Requirement already satisfied: aiohttp in /opt/hostedtoolcache/Python/3.12.11/x64/lib/python3.12/site-packages (from keepa==1.3.15) (3.12.15)
2025-08-21T07:14:17.4651447Z Requirement already satisfied: pandas<=3.0 in /opt/hostedtoolcache/Python/3.12.11/x64/lib/python3.12/site-packages (from keepa==1.3.15) (2.2.3)
2025-08-21T07:14:17.4655114Z Requirement already satisfied: pydantic in /opt/hostedtoolcache/Python/3.12.11/x64/lib/python3.12/site-packages (from keepa==1.3.15) (2.11.7)
2025-08-21T07:14:17.4665238Z Requirement already satisfied: certifi in /opt/hostedtoolcache/Python/3.12.11/x64/lib/python3.12/site-packages (from minio==7.1.15) (2025.8.3)
2025-08-21T07:14:17.4669297Z Requirement already satisfied: urllib3 in /opt/hostedtoolcache/Python/3.12.11/x64/lib/python3.12/site-packages (from minio==7.1.15) (2.5.0)
2025-08-21T07:14:17.4725266Z Requirement already satisfied: python-dateutil>=2.8.2 in /opt/hostedtoolcache/Python/3.12.11/x64/lib/python3.12/site-packages (from pandas<=3.0->keepa==1.3.15) (2.9.0.post0)
2025-08-21T07:14:17.4730513Z Requirement already satisfied: pytz>=2020.1 in /opt/hostedtoolcache/Python/3.12.11/x64/lib/python3.12/site-packages (from pandas<=3.0->keepa==1.3.15) (2025.2)
2025-08-21T07:14:17.4735565Z Requirement already satisfied: tzdata>=2022.7 in /opt/hostedtoolcache/Python/3.12.11/x64/lib/python3.12/site-packages (from pandas<=3.0->keepa==1.3.15) (2025.2)
2025-08-21T07:14:17.4870318Z Requirement already satisfied: six>=1.5 in /opt/hostedtoolcache/Python/3.12.11/x64/lib/python3.12/site-packages (from python-dateutil>=2.8.2->pandas<=3.0->keepa==1.3.15) (1.17.0)
2025-08-21T07:14:17.4889613Z Requirement already satisfied: charset_normalizer<4,>=2 in /opt/hostedtoolcache/Python/3.12.11/x64/lib/python3.12/site-packages (from requests>=2.2->keepa==1.3.15) (3.4.3)
2025-08-21T07:14:17.4895403Z Requirement already satisfied: idna<4,>=2.5 in /opt/hostedtoolcache/Python/3.12.11/x64/lib/python3.12/site-packages (from requests>=2.2->keepa==1.3.15) (3.10)
2025-08-21T07:14:17.4964934Z Requirement already satisfied: aiohappyeyeballs>=2.5.0 in /opt/hostedtoolcache/Python/3.12.11/x64/lib/python3.12/site-packages (from aiohttp->keepa==1.3.15) (2.6.1)
2025-08-21T07:14:17.4969993Z Requirement already satisfied: aiosignal>=1.4.0 in /opt/hostedtoolcache/Python/3.12.11/x64/lib/python3.12/site-packages (from aiohttp->keepa==1.3.15) (1.4.0)
2025-08-21T07:14:17.4977118Z Requirement already satisfied: attrs>=17.3.0 in /opt/hostedtoolcache/Python/3.12.11/x64/lib/python3.12/site-packages (from aiohttp->keepa==1.3.15) (25.3.0)
2025-08-21T07:14:17.4982074Z Requirement already satisfied: frozenlist>=1.1.1 in /opt/hostedtoolcache/Python/3.12.11/x64/lib/python3.12/site-packages (from aiohttp->keepa==1.3.15) (1.7.0)
2025-08-21T07:14:17.4997416Z Requirement already satisfied: multidict<7.0,>=4.5 in /opt/hostedtoolcache/Python/3.12.11/x64/lib/python3.12/site-packages (from aiohttp->keepa==1.3.15) (6.6.4)
2025-08-21T07:14:17.4999477Z Requirement already satisfied: propcache>=0.2.0 in /opt/hostedtoolcache/Python/3.12.11/x64/lib/python3.12/site-packages (from aiohttp->keepa==1.3.15) (0.3.2)
2025-08-21T07:14:17.5000841Z Requirement already satisfied: yarl<2.0,>=1.17.0 in /opt/hostedtoolcache/Python/3.12.11/x64/lib/python3.12/site-packages (from aiohttp->keepa==1.3.15) (1.20.1)
2025-08-21T07:14:17.5061817Z Requirement already satisfied: typing-extensions>=4.2 in /opt/hostedtoolcache/Python/3.12.11/x64/lib/python3.12/site-packages (from aiosignal>=1.4.0->aiohttp->keepa==1.3.15) (4.14.1)
2025-08-21T07:14:17.5156954Z Requirement already satisfied: annotated-types>=0.6.0 in /opt/hostedtoolcache/Python/3.12.11/x64/lib/python3.12/site-packages (from pydantic->keepa==1.3.15) (0.7.0)
2025-08-21T07:14:17.5162168Z Requirement already satisfied: pydantic-core==2.33.2 in /opt/hostedtoolcache/Python/3.12.11/x64/lib/python3.12/site-packages (from pydantic->keepa==1.3.15) (2.33.2)
2025-08-21T07:14:17.5169904Z Requirement already satisfied: typing-inspection>=0.4.0 in /opt/hostedtoolcache/Python/3.12.11/x64/lib/python3.12/site-packages (from pydantic->keepa==1.3.15) (0.4.1)
2025-08-21T07:14:17.5251258Z Using cached keepa-1.3.15-py3-none-any.whl (38 kB)
2025-08-21T07:14:17.6972864Z Installing collected packages: keepa
2025-08-21T07:14:17.6973644Z   Attempting uninstall: keepa
2025-08-21T07:14:17.7007972Z     Found existing installation: keepa 1.3.14
2025-08-21T07:14:17.7030254Z     Uninstalling keepa-1.3.14:
2025-08-21T07:14:17.7038799Z       Successfully uninstalled keepa-1.3.14
2025-08-21T07:14:17.7462217Z Successfully installed keepa-1.3.15
2025-08-21T07:14:17.8061018Z ##[group]Run actions/setup-node@v4
2025-08-21T07:14:17.8061294Z with:
2025-08-21T07:14:17.8061472Z   node-version: 20.19.0
2025-08-21T07:14:17.8061684Z   always-auth: false
2025-08-21T07:14:17.8061888Z   check-latest: false
2025-08-21T07:14:17.8062188Z   token: ***
2025-08-21T07:14:17.8062367Z env:
2025-08-21T07:14:17.8062565Z   REDIS_URL: redis://localhost:6379/0
2025-08-21T07:14:17.8062851Z   RATE_LIMIT_DEFAULT: 100/minute
2025-08-21T07:14:17.8063077Z   TRUST_X_FORWARDED: 1
2025-08-21T07:14:17.8063282Z   PG_USER: postgres
2025-08-21T07:14:17.8063493Z   PG_PASSWORD: pass
2025-08-21T07:14:17.8063687Z   PG_DATABASE: awa
2025-08-21T07:14:17.8063877Z   PG_HOST: localhost
2025-08-21T07:14:17.8064069Z   PG_PORT: 5432
2025-08-21T07:14:17.8064454Z   PG_SYNC_DSN: ***localhost:5432/awa
2025-08-21T07:14:17.8065081Z   PG_ASYNC_DSN: ***localhost:5432/awa
2025-08-21T07:14:17.8065492Z   DATABASE_URL: ***localhost:5432/awa
2025-08-21T07:14:17.8065743Z   DATA_DIR: /tmp/awa-data
2025-08-21T07:14:17.8065987Z   ENABLE_LIVE: 0
2025-08-21T07:14:17.8066175Z   TESTING: 1
2025-08-21T07:14:17.8066429Z   pythonLocation: /opt/hostedtoolcache/Python/3.12.11/x64
2025-08-21T07:14:17.8066841Z   PKG_CONFIG_PATH: /opt/hostedtoolcache/Python/3.12.11/x64/lib/pkgconfig
2025-08-21T07:14:17.8067241Z   Python_ROOT_DIR: /opt/hostedtoolcache/Python/3.12.11/x64
2025-08-21T07:14:17.8067601Z   Python2_ROOT_DIR: /opt/hostedtoolcache/Python/3.12.11/x64
2025-08-21T07:14:17.8067968Z   Python3_ROOT_DIR: /opt/hostedtoolcache/Python/3.12.11/x64
2025-08-21T07:14:17.8068328Z   LD_LIBRARY_PATH: /opt/hostedtoolcache/Python/3.12.11/x64/lib
2025-08-21T07:14:17.8068621Z ##[endgroup]
2025-08-21T07:14:17.9777253Z Attempting to download 20.19.0...
2025-08-21T07:14:18.3662080Z Acquiring 20.19.0 - x64 from https://github.com/actions/node-versions/releases/download/20.19.0-13838090974/node-20.19.0-linux-x64.tar.gz
2025-08-21T07:14:18.7441825Z Extracting ...
2025-08-21T07:14:18.7551080Z [command]/usr/bin/tar xz --strip 1 --warning=no-unknown-keyword --overwrite -C /home/runner/work/_temp/4960d8c8-01ce-4455-b493-b642baa8ca54 -f /home/runner/work/_temp/9689ffb0-38f3-49f9-a580-cc01d1944c89
2025-08-21T07:14:19.7480717Z Adding to the cache ...
2025-08-21T07:14:21.3974983Z ##[group]Environment details
2025-08-21T07:14:21.6191299Z node: v20.19.0
2025-08-21T07:14:21.6191689Z npm: 10.8.2
2025-08-21T07:14:21.6191981Z yarn: 1.22.22
2025-08-21T07:14:21.6193019Z ##[endgroup]
2025-08-21T07:14:21.6325810Z ##[group]Run npm ci
2025-08-21T07:14:21.6326067Z [36;1mnpm ci[0m
2025-08-21T07:14:21.6366917Z shell: /usr/bin/bash -e {0}
2025-08-21T07:14:21.6367153Z env:
2025-08-21T07:14:21.6367365Z   REDIS_URL: redis://localhost:6379/0
2025-08-21T07:14:21.6367642Z   RATE_LIMIT_DEFAULT: 100/minute
2025-08-21T07:14:21.6367877Z   TRUST_X_FORWARDED: 1
2025-08-21T07:14:21.6368076Z   PG_USER: postgres
2025-08-21T07:14:21.6368278Z   PG_PASSWORD: pass
2025-08-21T07:14:21.6368471Z   PG_DATABASE: awa
2025-08-21T07:14:21.6368661Z   PG_HOST: localhost
2025-08-21T07:14:21.6368854Z   PG_PORT: 5432
2025-08-21T07:14:21.6369275Z   PG_SYNC_DSN: ***localhost:5432/awa
2025-08-21T07:14:21.6369687Z   PG_ASYNC_DSN: ***localhost:5432/awa
2025-08-21T07:14:21.6370076Z   DATABASE_URL: ***localhost:5432/awa
2025-08-21T07:14:21.6370318Z   DATA_DIR: /tmp/awa-data
2025-08-21T07:14:21.6370528Z   ENABLE_LIVE: 0
2025-08-21T07:14:21.6370705Z   TESTING: 1
2025-08-21T07:14:21.6370997Z   pythonLocation: /opt/hostedtoolcache/Python/3.12.11/x64
2025-08-21T07:14:21.6371416Z   PKG_CONFIG_PATH: /opt/hostedtoolcache/Python/3.12.11/x64/lib/pkgconfig
2025-08-21T07:14:21.6371803Z   Python_ROOT_DIR: /opt/hostedtoolcache/Python/3.12.11/x64
2025-08-21T07:14:21.6372155Z   Python2_ROOT_DIR: /opt/hostedtoolcache/Python/3.12.11/x64
2025-08-21T07:14:21.6372513Z   Python3_ROOT_DIR: /opt/hostedtoolcache/Python/3.12.11/x64
2025-08-21T07:14:21.6372872Z   LD_LIBRARY_PATH: /opt/hostedtoolcache/Python/3.12.11/x64/lib
2025-08-21T07:14:21.6373170Z ##[endgroup]
2025-08-21T07:14:24.5870905Z npm warn deprecated node-domexception@1.0.0: Use your platform's native DOMException instead
2025-08-21T07:14:27.6522907Z 
2025-08-21T07:14:27.6523624Z added 432 packages, and audited 433 packages in 6s
2025-08-21T07:14:27.6524073Z 
2025-08-21T07:14:27.6524338Z 112 packages are looking for funding
2025-08-21T07:14:27.6525021Z   run `npm fund` for details
2025-08-21T07:14:27.6549524Z 
2025-08-21T07:14:27.6549997Z 2 vulnerabilities (1 low, 1 critical)
2025-08-21T07:14:27.6550453Z 
2025-08-21T07:14:27.6550880Z To address all issues, run:
2025-08-21T07:14:27.6551368Z   npm audit fix
2025-08-21T07:14:27.6551623Z 
2025-08-21T07:14:27.6551863Z Run `npm audit` for details.
2025-08-21T07:14:27.6860745Z ##[group]Run npm run build --if-present
2025-08-21T07:14:27.6861085Z [36;1mnpm run build --if-present[0m
2025-08-21T07:14:27.6903098Z shell: /usr/bin/bash -e {0}
2025-08-21T07:14:27.6903337Z env:
2025-08-21T07:14:27.6903547Z   REDIS_URL: redis://localhost:6379/0
2025-08-21T07:14:27.6903830Z   RATE_LIMIT_DEFAULT: 100/minute
2025-08-21T07:14:27.6904063Z   TRUST_X_FORWARDED: 1
2025-08-21T07:14:27.6904261Z   PG_USER: postgres
2025-08-21T07:14:27.6904460Z   PG_PASSWORD: pass
2025-08-21T07:14:27.6904848Z   PG_DATABASE: awa
2025-08-21T07:14:27.6905045Z   PG_HOST: localhost
2025-08-21T07:14:27.6905239Z   PG_PORT: 5432
2025-08-21T07:14:27.6905676Z   PG_SYNC_DSN: ***localhost:5432/awa
2025-08-21T07:14:27.6906100Z   PG_ASYNC_DSN: ***localhost:5432/awa
2025-08-21T07:14:27.6906489Z   DATABASE_URL: ***localhost:5432/awa
2025-08-21T07:14:27.6906750Z   DATA_DIR: /tmp/awa-data
2025-08-21T07:14:27.6906964Z   ENABLE_LIVE: 0
2025-08-21T07:14:27.6907140Z   TESTING: 1
2025-08-21T07:14:27.6907419Z   pythonLocation: /opt/hostedtoolcache/Python/3.12.11/x64
2025-08-21T07:14:27.6907827Z   PKG_CONFIG_PATH: /opt/hostedtoolcache/Python/3.12.11/x64/lib/pkgconfig
2025-08-21T07:14:27.6908291Z   Python_ROOT_DIR: /opt/hostedtoolcache/Python/3.12.11/x64
2025-08-21T07:14:27.6908727Z   Python2_ROOT_DIR: /opt/hostedtoolcache/Python/3.12.11/x64
2025-08-21T07:14:27.6909153Z   Python3_ROOT_DIR: /opt/hostedtoolcache/Python/3.12.11/x64
2025-08-21T07:14:27.6909512Z   LD_LIBRARY_PATH: /opt/hostedtoolcache/Python/3.12.11/x64/lib
2025-08-21T07:14:27.6909812Z ##[endgroup]
2025-08-21T07:14:27.7983586Z 
2025-08-21T07:14:27.7984148Z > web@0.0.0 build
2025-08-21T07:14:27.7984904Z > tsc -b && vite build
2025-08-21T07:14:27.7985219Z 
2025-08-21T07:14:30.2334030Z [36mvite v7.0.4 [32mbuilding for production...[36m[39m
2025-08-21T07:14:30.4129315Z transforming...
2025-08-21T07:14:33.5626910Z [32m✓[39m 687 modules transformed.
2025-08-21T07:14:33.9346920Z rendering chunks...
2025-08-21T07:14:33.9430174Z computing gzip size...
2025-08-21T07:14:33.9624854Z [2mdist/[22m[32mindex.html                 [39m[1m[2m  0.46 kB[22m[1m[22m[2m │ gzip:   0.30 kB[22m
2025-08-21T07:14:33.9626948Z [33m
2025-08-21T07:14:33.9627665Z (!) Some chunks are larger than 500 kB after minification. Consider:
2025-08-21T07:14:33.9628527Z - Using dynamic import() to code-split the application
2025-08-21T07:14:33.9630193Z - Use build.rollupOptions.output.manualChunks to improve chunking: https://rollupjs.org/configuration-options/#output-manualchunks
2025-08-21T07:14:33.9632241Z - Adjust chunk size limit for this warning via build.chunkSizeWarningLimit.[39m
2025-08-21T07:14:33.9633669Z [2mdist/[22m[2massets/[22m[35mindex-5IA1gRGW.css  [39m[1m[2m  0.84 kB[22m[1m[22m[2m │ gzip:   0.45 kB[22m
2025-08-21T07:14:33.9635324Z [2mdist/[22m[2massets/[22m[36mindex-CIqpArhq.js   [39m[1m[33m613.66 kB[39m[22m[2m │ gzip: 193.69 kB[22m
2025-08-21T07:14:33.9636271Z [32m✓ built in 3.71s[39m
2025-08-21T07:14:34.0089521Z ##[group]Run sudo apt-get update
2025-08-21T07:14:34.0089823Z [36;1msudo apt-get update[0m
2025-08-21T07:14:34.0090088Z [36;1msudo apt-get install -y postgresql[0m
2025-08-21T07:14:34.0090589Z [36;1mecho "/usr/lib/postgresql/$(pg_config --version | cut -d' ' -f2 | cut -d'.' -f1,2)/bin" >> $GITHUB_PATH[0m
2025-08-21T07:14:34.0131790Z shell: /usr/bin/bash -e {0}
2025-08-21T07:14:34.0132061Z env:
2025-08-21T07:14:34.0132277Z   REDIS_URL: redis://localhost:6379/0
2025-08-21T07:14:34.0132555Z   RATE_LIMIT_DEFAULT: 100/minute
2025-08-21T07:14:34.0132785Z   TRUST_X_FORWARDED: 1
2025-08-21T07:14:34.0132991Z   PG_USER: postgres
2025-08-21T07:14:34.0133187Z   PG_PASSWORD: pass
2025-08-21T07:14:34.0133371Z   PG_DATABASE: awa
2025-08-21T07:14:34.0133554Z   PG_HOST: localhost
2025-08-21T07:14:34.0133741Z   PG_PORT: 5432
2025-08-21T07:14:34.0134188Z   PG_SYNC_DSN: ***localhost:5432/awa
2025-08-21T07:14:34.0134865Z   PG_ASYNC_DSN: ***localhost:5432/awa
2025-08-21T07:14:34.0135463Z   DATABASE_URL: ***localhost:5432/awa
2025-08-21T07:14:34.0135728Z   DATA_DIR: /tmp/awa-data
2025-08-21T07:14:34.0135941Z   ENABLE_LIVE: 0
2025-08-21T07:14:34.0136124Z   TESTING: 1
2025-08-21T07:14:34.0136374Z   pythonLocation: /opt/hostedtoolcache/Python/3.12.11/x64
2025-08-21T07:14:34.0136784Z   PKG_CONFIG_PATH: /opt/hostedtoolcache/Python/3.12.11/x64/lib/pkgconfig
2025-08-21T07:14:34.0137180Z   Python_ROOT_DIR: /opt/hostedtoolcache/Python/3.12.11/x64
2025-08-21T07:14:34.0137526Z   Python2_ROOT_DIR: /opt/hostedtoolcache/Python/3.12.11/x64
2025-08-21T07:14:34.0137888Z   Python3_ROOT_DIR: /opt/hostedtoolcache/Python/3.12.11/x64
2025-08-21T07:14:34.0138247Z   LD_LIBRARY_PATH: /opt/hostedtoolcache/Python/3.12.11/x64/lib
2025-08-21T07:14:34.0138544Z ##[endgroup]
2025-08-21T07:14:34.1181289Z Get:1 file:/etc/apt/apt-mirrors.txt Mirrorlist [144 B]
2025-08-21T07:14:34.1567424Z Hit:2 http://azure.archive.ubuntu.com/ubuntu noble InRelease
2025-08-21T07:14:34.1576393Z Hit:6 https://packages.microsoft.com/repos/azure-cli noble InRelease
2025-08-21T07:14:34.1577436Z Get:7 https://packages.microsoft.com/ubuntu/24.04/prod noble InRelease [3600 B]
2025-08-21T07:14:34.1633939Z Get:3 http://azure.archive.ubuntu.com/ubuntu noble-updates InRelease [126 kB]
2025-08-21T07:14:34.1693703Z Get:4 http://azure.archive.ubuntu.com/ubuntu noble-backports InRelease [126 kB]
2025-08-21T07:14:34.1747103Z Get:5 http://azure.archive.ubuntu.com/ubuntu noble-security InRelease [126 kB]
2025-08-21T07:14:34.3601953Z Get:8 https://packages.microsoft.com/ubuntu/24.04/prod noble/main arm64 Packages [33.2 kB]
2025-08-21T07:14:34.3692507Z Get:9 https://packages.microsoft.com/ubuntu/24.04/prod noble/main amd64 Packages [48.0 kB]
2025-08-21T07:14:34.3754224Z Get:10 https://packages.microsoft.com/ubuntu/24.04/prod noble/main armhf Packages [9870 B]
2025-08-21T07:14:34.4072163Z Get:11 http://azure.archive.ubuntu.com/ubuntu noble-updates/main amd64 Packages [1350 kB]
2025-08-21T07:14:34.4162616Z Get:12 http://azure.archive.ubuntu.com/ubuntu noble-updates/main Translation-en [268 kB]
2025-08-21T07:14:34.4186889Z Get:13 http://azure.archive.ubuntu.com/ubuntu noble-updates/main amd64 Components [175 kB]
2025-08-21T07:14:34.4206648Z Get:14 http://azure.archive.ubuntu.com/ubuntu noble-updates/universe amd64 Packages [1124 kB]
2025-08-21T07:14:34.4273212Z Get:15 http://azure.archive.ubuntu.com/ubuntu noble-updates/universe Translation-en [288 kB]
2025-08-21T07:14:34.4300033Z Get:16 http://azure.archive.ubuntu.com/ubuntu noble-updates/universe amd64 Components [377 kB]
2025-08-21T07:14:34.4330020Z Get:17 http://azure.archive.ubuntu.com/ubuntu noble-updates/restricted amd64 Packages [1728 kB]
2025-08-21T07:14:34.4427950Z Get:18 http://azure.archive.ubuntu.com/ubuntu noble-updates/restricted Translation-en [382 kB]
2025-08-21T07:14:34.4458283Z Get:19 http://azure.archive.ubuntu.com/ubuntu noble-updates/restricted amd64 Components [212 B]
2025-08-21T07:14:34.4467466Z Get:20 http://azure.archive.ubuntu.com/ubuntu noble-updates/multiverse amd64 Components [940 B]
2025-08-21T07:14:34.5022343Z Get:21 http://azure.archive.ubuntu.com/ubuntu noble-backports/main amd64 Components [7076 B]
2025-08-21T07:14:34.5040759Z Get:22 http://azure.archive.ubuntu.com/ubuntu noble-backports/universe amd64 Components [19.2 kB]
2025-08-21T07:14:34.5090402Z Get:23 http://azure.archive.ubuntu.com/ubuntu noble-backports/restricted amd64 Components [216 B]
2025-08-21T07:14:34.5092045Z Get:24 http://azure.archive.ubuntu.com/ubuntu noble-backports/multiverse amd64 Components [212 B]
2025-08-21T07:14:34.5106578Z Get:25 http://azure.archive.ubuntu.com/ubuntu noble-security/main amd64 Packages [1083 kB]
2025-08-21T07:14:34.5168677Z Get:26 http://azure.archive.ubuntu.com/ubuntu noble-security/main Translation-en [187 kB]
2025-08-21T07:14:34.5188330Z Get:27 http://azure.archive.ubuntu.com/ubuntu noble-security/main amd64 Components [21.6 kB]
2025-08-21T07:14:34.5195893Z Get:28 http://azure.archive.ubuntu.com/ubuntu noble-security/universe amd64 Packages [881 kB]
2025-08-21T07:14:34.5243929Z Get:29 http://azure.archive.ubuntu.com/ubuntu noble-security/universe Translation-en [195 kB]
2025-08-21T07:14:34.5261091Z Get:30 http://azure.archive.ubuntu.com/ubuntu noble-security/universe amd64 Components [52.3 kB]
2025-08-21T07:14:34.5275423Z Get:31 http://azure.archive.ubuntu.com/ubuntu noble-security/restricted amd64 Packages [1631 kB]
2025-08-21T07:14:34.5365746Z Get:32 http://azure.archive.ubuntu.com/ubuntu noble-security/restricted Translation-en [361 kB]
2025-08-21T07:14:34.5395511Z Get:33 http://azure.archive.ubuntu.com/ubuntu noble-security/restricted amd64 Components [212 B]
2025-08-21T07:14:34.5407975Z Get:34 http://azure.archive.ubuntu.com/ubuntu noble-security/multiverse amd64 Components [208 B]
2025-08-21T07:14:40.5551596Z Fetched 10.6 MB in 1s (7813 kB/s)
2025-08-21T07:14:41.2781108Z Reading package lists...
2025-08-21T07:14:41.3109123Z Reading package lists...
2025-08-21T07:14:41.4836690Z Building dependency tree...
2025-08-21T07:14:41.4844464Z Reading state information...
2025-08-21T07:14:41.6302991Z Suggested packages:
2025-08-21T07:14:41.6303319Z   postgresql-doc
2025-08-21T07:14:41.6593143Z The following NEW packages will be installed:
2025-08-21T07:14:41.6593728Z   postgresql
2025-08-21T07:14:41.6771495Z 0 upgraded, 1 newly installed, 0 to remove and 21 not upgraded.
2025-08-21T07:14:41.6772190Z Need to get 11.6 kB of archives.
2025-08-21T07:14:41.6772628Z After this operation, 17.4 kB of additional disk space will be used.
2025-08-21T07:14:41.6773112Z Get:1 file:/etc/apt/apt-mirrors.txt Mirrorlist [144 B]
2025-08-21T07:14:41.7113196Z Get:2 http://azure.archive.ubuntu.com/ubuntu noble-updates/main amd64 postgresql all 16+257build1.1 [11.6 kB]
2025-08-21T07:14:41.9603785Z Fetched 11.6 kB in 0s (257 kB/s)
2025-08-21T07:14:41.9945461Z Selecting previously unselected package postgresql.
2025-08-21T07:14:42.0471535Z (Reading database ... 
2025-08-21T07:14:42.0472543Z (Reading database ... 5%
2025-08-21T07:14:42.0472961Z (Reading database ... 10%
2025-08-21T07:14:42.0473348Z (Reading database ... 15%
2025-08-21T07:14:42.0473608Z (Reading database ... 20%
2025-08-21T07:14:42.0473849Z (Reading database ... 25%
2025-08-21T07:14:42.0474079Z (Reading database ... 30%
2025-08-21T07:14:42.0474311Z (Reading database ... 35%
2025-08-21T07:14:42.0474543Z (Reading database ... 40%
2025-08-21T07:14:42.0474981Z (Reading database ... 45%
2025-08-21T07:14:42.0475204Z (Reading database ... 50%
2025-08-21T07:14:42.1270505Z (Reading database ... 55%
2025-08-21T07:14:42.2349955Z (Reading database ... 60%
2025-08-21T07:14:42.4001284Z (Reading database ... 65%
2025-08-21T07:14:42.5098487Z (Reading database ... 70%
2025-08-21T07:14:42.6698555Z (Reading database ... 75%
2025-08-21T07:14:42.9683319Z (Reading database ... 80%
2025-08-21T07:14:43.5446223Z (Reading database ... 85%
2025-08-21T07:14:44.1269727Z (Reading database ... 90%
2025-08-21T07:14:44.7309123Z (Reading database ... 95%
2025-08-21T07:14:44.7309783Z (Reading database ... 100%
2025-08-21T07:14:44.7310656Z (Reading database ... 219830 files and directories currently installed.)
2025-08-21T07:14:44.7356411Z Preparing to unpack .../postgresql_16+257build1.1_all.deb ...
2025-08-21T07:14:44.7388035Z Unpacking postgresql (16+257build1.1) ...
2025-08-21T07:14:44.7757109Z Setting up postgresql (16+257build1.1) ...
2025-08-21T07:14:45.8050799Z 
2025-08-21T07:14:45.8051502Z Running kernel seems to be up-to-date.
2025-08-21T07:14:45.8051801Z 
2025-08-21T07:14:45.8051927Z Restarting services...
2025-08-21T07:14:45.8126047Z 
2025-08-21T07:14:45.8126614Z Service restarts being deferred:
2025-08-21T07:14:45.8128195Z  systemctl restart hosted-compute-agent.service
2025-08-21T07:14:45.8128619Z 
2025-08-21T07:14:45.8128950Z No containers need to be restarted.
2025-08-21T07:14:45.8129248Z 
2025-08-21T07:14:45.8129550Z No user sessions are running outdated binaries.
2025-08-21T07:14:45.8129885Z 
2025-08-21T07:14:45.8130257Z No VM guests are running outdated hypervisor (qemu) binaries on this host.
2025-08-21T07:14:46.7296609Z ##[group]Run for i in {1..30}; do pg_isready -h localhost -p 5432 -U postgres -d awa && break; sleep 1; done
2025-08-21T07:14:46.7297297Z [36;1mfor i in {1..30}; do pg_isready -h localhost -p 5432 -U postgres -d awa && break; sleep 1; done[0m
2025-08-21T07:14:46.7338634Z shell: /usr/bin/bash -e {0}
2025-08-21T07:14:46.7338871Z env:
2025-08-21T07:14:46.7339081Z   REDIS_URL: redis://localhost:6379/0
2025-08-21T07:14:46.7339354Z   RATE_LIMIT_DEFAULT: 100/minute
2025-08-21T07:14:46.7339583Z   TRUST_X_FORWARDED: 1
2025-08-21T07:14:46.7339781Z   PG_USER: postgres
2025-08-21T07:14:46.7339975Z   PG_PASSWORD: pass
2025-08-21T07:14:46.7340159Z   PG_DATABASE: awa
2025-08-21T07:14:46.7340346Z   PG_HOST: localhost
2025-08-21T07:14:46.7340542Z   PG_PORT: 5432
2025-08-21T07:14:46.7340951Z   PG_SYNC_DSN: ***localhost:5432/awa
2025-08-21T07:14:46.7341350Z   PG_ASYNC_DSN: ***localhost:5432/awa
2025-08-21T07:14:46.7341742Z   DATABASE_URL: ***localhost:5432/awa
2025-08-21T07:14:46.7342019Z   DATA_DIR: /tmp/awa-data
2025-08-21T07:14:46.7342228Z   ENABLE_LIVE: 0
2025-08-21T07:14:46.7342406Z   TESTING: 1
2025-08-21T07:14:46.7342646Z   pythonLocation: /opt/hostedtoolcache/Python/3.12.11/x64
2025-08-21T07:14:46.7343049Z   PKG_CONFIG_PATH: /opt/hostedtoolcache/Python/3.12.11/x64/lib/pkgconfig
2025-08-21T07:14:46.7343444Z   Python_ROOT_DIR: /opt/hostedtoolcache/Python/3.12.11/x64
2025-08-21T07:14:46.7343799Z   Python2_ROOT_DIR: /opt/hostedtoolcache/Python/3.12.11/x64
2025-08-21T07:14:46.7344163Z   Python3_ROOT_DIR: /opt/hostedtoolcache/Python/3.12.11/x64
2025-08-21T07:14:46.7344520Z   LD_LIBRARY_PATH: /opt/hostedtoolcache/Python/3.12.11/x64/lib
2025-08-21T07:14:46.7345083Z ##[endgroup]
2025-08-21T07:14:46.7879296Z localhost:5432 - accepting connections
2025-08-21T07:14:46.7912210Z ##[group]Run alembic -c services/api/alembic.ini upgrade head
2025-08-21T07:14:46.7912641Z [36;1malembic -c services/api/alembic.ini upgrade head[0m
2025-08-21T07:14:46.7953004Z shell: /usr/bin/bash -e {0}
2025-08-21T07:14:46.7953429Z env:
2025-08-21T07:14:46.7953637Z   REDIS_URL: redis://localhost:6379/0
2025-08-21T07:14:46.7953904Z   RATE_LIMIT_DEFAULT: 100/minute
2025-08-21T07:14:46.7954133Z   TRUST_X_FORWARDED: 1
2025-08-21T07:14:46.7954333Z   PG_USER: postgres
2025-08-21T07:14:46.7954525Z   PG_PASSWORD: pass
2025-08-21T07:14:46.7954978Z   PG_DATABASE: awa
2025-08-21T07:14:46.7955168Z   PG_HOST: localhost
2025-08-21T07:14:46.7955358Z   PG_PORT: 5432
2025-08-21T07:14:46.7955772Z   PG_SYNC_DSN: ***localhost:5432/awa
2025-08-21T07:14:46.7956176Z   PG_ASYNC_DSN: ***localhost:5432/awa
2025-08-21T07:14:46.7956556Z   DATABASE_URL: ***localhost:5432/awa
2025-08-21T07:14:46.7956794Z   DATA_DIR: /tmp/awa-data
2025-08-21T07:14:46.7957009Z   ENABLE_LIVE: 0
2025-08-21T07:14:46.7957215Z   TESTING: 1
2025-08-21T07:14:46.7957461Z   pythonLocation: /opt/hostedtoolcache/Python/3.12.11/x64
2025-08-21T07:14:46.7957865Z   PKG_CONFIG_PATH: /opt/hostedtoolcache/Python/3.12.11/x64/lib/pkgconfig
2025-08-21T07:14:46.7958295Z   Python_ROOT_DIR: /opt/hostedtoolcache/Python/3.12.11/x64
2025-08-21T07:14:46.7958653Z   Python2_ROOT_DIR: /opt/hostedtoolcache/Python/3.12.11/x64
2025-08-21T07:14:46.7959007Z   Python3_ROOT_DIR: /opt/hostedtoolcache/Python/3.12.11/x64
2025-08-21T07:14:46.7959364Z   LD_LIBRARY_PATH: /opt/hostedtoolcache/Python/3.12.11/x64/lib
2025-08-21T07:14:46.7959673Z   POSTGRES_USER: postgres
2025-08-21T07:14:46.7959895Z   POSTGRES_PASSWORD: pass
2025-08-21T07:14:46.7960107Z   POSTGRES_DB: awa
2025-08-21T07:14:46.7960292Z ##[endgroup]
2025-08-21T07:14:47.8312116Z INFO  [alembic.runtime.migration] Context impl PostgresqlImpl.
2025-08-21T07:14:47.8312752Z INFO  [alembic.runtime.migration] Will assume transactional DDL.
2025-08-21T07:14:47.8502890Z INFO  [alembic.runtime.migration] Running upgrade  -> 0001_baseline
2025-08-21T07:14:47.8661417Z INFO  [alembic.runtime.migration] Running upgrade 0001_baseline -> 0002_create_roi_view
2025-08-21T07:14:47.8688541Z INFO  [alembic.runtime.migration] Running upgrade 0002_create_roi_view -> 3e9d5c5aff2c
2025-08-21T07:14:47.8855966Z INFO  [alembic.runtime.migration] Running upgrade 3e9d5c5aff2c -> 0003_vendor_prices
2025-08-21T07:14:47.9004446Z INFO  [alembic.runtime.migration] Running upgrade 0003_vendor_prices -> 0004_fee_cron
2025-08-21T07:14:47.9078748Z INFO  [alembic.runtime.migration] Running upgrade 0004_fee_cron -> 0006_fix_roi_views
2025-08-21T07:14:47.9111248Z INFO  [alembic.runtime.migration] Running upgrade 0006_fix_roi_views -> 0020_unified_schema
2025-08-21T07:14:47.9246471Z INFO  [alembic.runtime.migration] Running upgrade 0020_unified_schema -> 0022_fix_roi_view
2025-08-21T07:14:47.9332054Z INFO  [alembic.runtime.migration] Running upgrade 0022_fix_roi_view -> 0023_add_storage_fee
2025-08-21T07:14:47.9381703Z INFO  [alembic.runtime.migration] Running upgrade 0023_add_storage_fee -> 0024_create_buybox
2025-08-21T07:14:47.9408450Z INFO  [alembic.runtime.migration] Running upgrade 0024_create_buybox -> 0025_pr4_indexes_loadlog
2025-08-21T07:14:47.9672406Z INFO  [alembic.runtime.migration] Running upgrade 0025_pr4_indexes_loadlog -> 0026_amazon_new_reports
2025-08-21T07:14:48.0673467Z ##[group]Run pytest -q --cov=services --cov-report=xml
2025-08-21T07:14:48.0674158Z [36;1mpytest -q --cov=services --cov-report=xml[0m
2025-08-21T07:14:48.0724386Z shell: /usr/bin/bash -e {0}
2025-08-21T07:14:48.0724841Z env:
2025-08-21T07:14:48.0725056Z   REDIS_URL: redis://localhost:6379/0
2025-08-21T07:14:48.0725344Z   RATE_LIMIT_DEFAULT: 100/minute
2025-08-21T07:14:48.0725720Z   TRUST_X_FORWARDED: 1
2025-08-21T07:14:48.0726029Z   PG_USER: postgres
2025-08-21T07:14:48.0726230Z   PG_PASSWORD: pass
2025-08-21T07:14:48.0726415Z   PG_DATABASE: awa
2025-08-21T07:14:48.0726603Z   PG_HOST: localhost
2025-08-21T07:14:48.0726794Z   PG_PORT: 5432
2025-08-21T07:14:48.0727225Z   PG_SYNC_DSN: ***localhost:5432/awa
2025-08-21T07:14:48.0727628Z   PG_ASYNC_DSN: ***localhost:5432/awa
2025-08-21T07:14:48.0728150Z   DATABASE_URL: ***localhost:5432/awa
2025-08-21T07:14:48.0728627Z   DATA_DIR: /home/runner/work/_temp/awa-data
2025-08-21T07:14:48.0729393Z   ENABLE_LIVE: 0
2025-08-21T07:14:48.0729780Z   TESTING: 1
2025-08-21T07:14:48.0730242Z   pythonLocation: /opt/hostedtoolcache/Python/3.12.11/x64
2025-08-21T07:14:48.0731003Z   PKG_CONFIG_PATH: /opt/hostedtoolcache/Python/3.12.11/x64/lib/pkgconfig
2025-08-21T07:14:48.0731769Z   Python_ROOT_DIR: /opt/hostedtoolcache/Python/3.12.11/x64
2025-08-21T07:14:48.0732413Z   Python2_ROOT_DIR: /opt/hostedtoolcache/Python/3.12.11/x64
2025-08-21T07:14:48.0733095Z   Python3_ROOT_DIR: /opt/hostedtoolcache/Python/3.12.11/x64
2025-08-21T07:14:48.0733775Z   LD_LIBRARY_PATH: /opt/hostedtoolcache/Python/3.12.11/x64/lib
2025-08-21T07:14:48.0734364Z   POSTGRES_USER: postgres
2025-08-21T07:14:48.0734970Z   POSTGRES_PASSWORD: pass
2025-08-21T07:14:48.0735351Z   POSTGRES_DB: awa
2025-08-21T07:14:48.0735690Z   LLM_PROVIDER: lan
2025-08-21T07:14:48.0736076Z   LLM_BASE_URL: http://localhost:8000
2025-08-21T07:14:48.0736519Z ##[endgroup]
2025-08-21T07:15:19.7099975Z ........s.............................sssssss........................... [ 41%]
2025-08-21T07:15:51.6380166Z ........................................................................ [ 83%]
2025-08-21T07:15:52.9031694Z .............................                                            [100%]
2025-08-21T07:15:52.9032673Z =============================== warnings summary ===============================
2025-08-21T07:15:52.9033800Z ../../../../../opt/hostedtoolcache/Python/3.12.11/x64/lib/python3.12/site-packages/pydantic/fields.py:1093
2025-08-21T07:15:52.9037059Z   /opt/hostedtoolcache/Python/3.12.11/x64/lib/python3.12/site-packages/pydantic/fields.py:1093: PydanticDeprecatedSince20: Using extra keyword arguments on `Field` is deprecated and will be removed. Use `json_schema_extra` instead. (Extra keys: 'strip_whitespace'). Deprecated in Pydantic V2.0 to be removed in V3.0. See Pydantic V2 Migration Guide at https://errors.pydantic.dev/2.11/migration/
2025-08-21T07:15:52.9039263Z     warn(
2025-08-21T07:15:52.9039450Z 
2025-08-21T07:15:52.9039762Z services/alert_bot/tests/test_smoke.py:5
2025-08-21T07:15:52.9042124Z   /home/runner/work/AWA-App/AWA-App/services/alert_bot/tests/test_smoke.py:5: UserWarning: pkg_resources is deprecated as an API. See https://setuptools.pypa.io/en/latest/pkg_resources.html. The pkg_resources package is slated for removal as early as 2025-11-30. Refrain from using this package or pin to Setuptools<81.
2025-08-21T07:15:52.9044198Z     import pkg_resources  # noqa: F401
2025-08-21T07:15:52.9044513Z 
2025-08-21T07:15:52.9045013Z tests/api/test_ingest_endpoints.py: 12 warnings
2025-08-21T07:15:52.9045651Z tests/ingest/test_tasks_eager.py: 3 warnings
2025-08-21T07:15:52.9046205Z tests/test_api_fast.py: 1 warning
2025-08-21T07:15:52.9046745Z tests/test_health.py: 5 warnings
2025-08-21T07:15:52.9047223Z tests/test_smoke.py: 5 warnings
2025-08-21T07:15:52.9047739Z services/api/tests/test_cors.py: 1 warning
2025-08-21T07:15:52.9048355Z services/api/tests/test_errors_json.py: 2 warnings
2025-08-21T07:15:52.9048995Z services/api/tests/test_health.py: 1 warning
2025-08-21T07:15:52.9050009Z services/api/tests/test_rate_limit.py: 122 warnings
2025-08-21T07:15:52.9050716Z services/api/tests/test_roi_basic_auth.py: 4 warnings
2025-08-21T07:15:52.9051426Z services/api/tests/test_sentry_event.py: 1 warning
2025-08-21T07:15:52.9052168Z services/api/tests/test_stats_contracts.py: 3 warnings
2025-08-21T07:15:52.9053001Z services/api/tests/test_stats_future_contracts.py: 3 warnings
2025-08-21T07:15:52.9055988Z   /opt/hostedtoolcache/Python/3.12.11/x64/lib/python3.12/site-packages/asgi_correlation_id/extensions/sentry.py:27: DeprecationWarning: sentry_sdk.configure_scope is deprecated and will be removed in the next major version. Please consult our migration guide to learn how to migrate to the new API: https://docs.sentry.io/platforms/python/migration/1.x-to-2.x#scope-configuring
2025-08-21T07:15:52.9058206Z     with configure_scope() as scope:
2025-08-21T07:15:52.9058522Z 
2025-08-21T07:15:52.9058833Z tests/api/test_ingest_endpoints.py: 3 warnings
2025-08-21T07:15:52.9059695Z tests/test_api_fast.py: 1 warning
2025-08-21T07:15:52.9060197Z tests/test_health.py: 5 warnings
2025-08-21T07:15:52.9060680Z tests/test_smoke.py: 5 warnings
2025-08-21T07:15:52.9061203Z services/api/tests/test_cors.py: 3 warnings
2025-08-21T07:15:52.9061855Z services/api/tests/test_errors_json.py: 2 warnings
2025-08-21T07:15:52.9062508Z services/api/tests/test_health.py: 1 warning
2025-08-21T07:15:52.9063143Z services/api/tests/test_rate_limit.py: 2 warnings
2025-08-21T07:15:52.9063857Z services/api/tests/test_sentry_event.py: 1 warning
2025-08-21T07:15:52.9064813Z services/api/tests/test_stats_contracts.py: 3 warnings
2025-08-21T07:15:52.9065672Z services/api/tests/test_stats_future_contracts.py: 1 warning
2025-08-21T07:15:52.9067511Z   /opt/hostedtoolcache/Python/3.12.11/x64/lib/python3.12/site-packages/fastapi_limiter/__init__.py:89: DeprecationWarning: Call to deprecated close. (Use aclose() instead) -- Deprecated since version 5.0.1.
2025-08-21T07:15:52.9069052Z     await cls.redis.close()
2025-08-21T07:15:52.9069337Z 
2025-08-21T07:15:52.9069704Z tests/test_api_fast.py::test_health_endpoint
2025-08-21T07:15:52.9071894Z   /home/runner/work/AWA-App/AWA-App/tests/test_api_fast.py:13: DeprecationWarning: datetime.datetime.utcnow() is deprecated and scheduled for removal in a future version. Use timezone-aware objects to represent datetimes in UTC: datetime.datetime.now(datetime.UTC).
2025-08-21T07:15:52.9073817Z     return datetime.datetime.utcnow()
2025-08-21T07:15:52.9074159Z 
2025-08-21T07:15:52.9074418Z tests/test_api_fast.py: 1 warning
2025-08-21T07:15:52.9075164Z tests/test_health.py: 5 warnings
2025-08-21T07:15:52.9075704Z tests/test_smoke.py: 5 warnings
2025-08-21T07:15:52.9076271Z services/api/tests/test_cors.py: 1 warning
2025-08-21T07:15:52.9077020Z Sentry is attempting to send 0 pending events
2025-08-21T07:15:52.9077600Z Waiting up to True seconds
2025-08-21T07:15:52.9078054Z Press Ctrl-C to quit
2025-08-21T07:15:52.9078591Z services/api/tests/test_health.py: 1 warning
2025-08-21T07:15:52.9079310Z services/api/tests/test_rate_limit.py: 102 warnings
2025-08-21T07:15:52.9081559Z   /home/runner/work/AWA-App/AWA-App/services/api/routes/health.py:24: DeprecationWarning: datetime.datetime.utcnow() is deprecated and scheduled for removal in a future version. Use timezone-aware objects to represent datetimes in UTC: datetime.datetime.now(datetime.UTC).
2025-08-21T07:15:52.9083651Z     app_now = datetime.utcnow().replace(tzinfo=timezone.utc)
2025-08-21T07:15:52.9084082Z 
2025-08-21T07:15:52.9084375Z tests/test_health.py::test_health[0]
2025-08-21T07:15:52.9085142Z tests/test_health.py::test_health[1]
2025-08-21T07:15:52.9085726Z tests/test_health.py::test_health[2]
2025-08-21T07:15:52.9086311Z tests/test_health.py::test_health[3]
2025-08-21T07:15:52.9086879Z tests/test_health.py::test_health[4]
2025-08-21T07:15:52.9089222Z   /home/runner/work/AWA-App/AWA-App/tests/test_health.py:22: DeprecationWarning: datetime.datetime.utcnow() is deprecated and scheduled for removal in a future version. Use timezone-aware objects to represent datetimes in UTC: datetime.datetime.now(datetime.UTC).
2025-08-21T07:15:52.9091159Z     return datetime.datetime.utcnow()
2025-08-21T07:15:52.9091502Z 
2025-08-21T07:15:52.9091768Z tests/test_smoke.py::test_health[0]
2025-08-21T07:15:52.9092340Z tests/test_smoke.py::test_health[1]
2025-08-21T07:15:52.9092899Z tests/test_smoke.py::test_health[2]
2025-08-21T07:15:52.9093447Z tests/test_smoke.py::test_health[3]
2025-08-21T07:15:52.9094003Z tests/test_smoke.py::test_health[4]
2025-08-21T07:15:52.9096295Z   /home/runner/work/AWA-App/AWA-App/tests/test_smoke.py:32: DeprecationWarning: datetime.datetime.utcnow() is deprecated and scheduled for removal in a future version. Use timezone-aware objects to represent datetimes in UTC: datetime.datetime.now(datetime.UTC).
2025-08-21T07:15:52.9098200Z     return datetime.datetime.utcnow()
2025-08-21T07:15:52.9098534Z 
2025-08-21T07:15:52.9098999Z services/api/tests/test_cors.py::test_cors_simple_get_allowed
2025-08-21T07:15:52.9101579Z   /home/runner/work/AWA-App/AWA-App/services/api/tests/test_cors.py:27: DeprecationWarning: datetime.datetime.utcnow() is deprecated and scheduled for removal in a future version. Use timezone-aware objects to represent datetimes in UTC: datetime.datetime.now(datetime.UTC).
2025-08-21T07:15:52.9103566Z     return datetime.datetime.utcnow()
2025-08-21T07:15:52.9103899Z 
2025-08-21T07:15:52.9104285Z services/api/tests/test_health.py::test_health_route
2025-08-21T07:15:52.9106738Z   /home/runner/work/AWA-App/AWA-App/services/api/tests/test_health.py:14: DeprecationWarning: datetime.datetime.utcnow() is deprecated and scheduled for removal in a future version. Use timezone-aware objects to represent datetimes in UTC: datetime.datetime.now(datetime.UTC).
2025-08-21T07:15:52.9108764Z     return datetime.datetime.utcnow()
2025-08-21T07:15:52.9109099Z 
2025-08-21T07:15:52.9109453Z services/api/tests/test_rate_limit.py: 102 warnings
2025-08-21T07:15:52.9111746Z   /home/runner/work/AWA-App/AWA-App/services/api/tests/test_rate_limit.py:33: DeprecationWarning: datetime.datetime.utcnow() is deprecated and scheduled for removal in a future version. Use timezone-aware objects to represent datetimes in UTC: datetime.datetime.now(datetime.UTC).
2025-08-21T07:15:52.9113774Z     return datetime.datetime.utcnow()
2025-08-21T07:15:52.9114105Z 
2025-08-21T07:15:52.9114979Z services/api/tests/test_sentry_event.py::test_unhandled_exception_is_captured_and_tagged
2025-08-21T07:15:52.9117868Z   /home/runner/work/AWA-App/AWA-App/services/api/tests/test_sentry_event.py:47: SentryHubDeprecationWarning: `sentry_sdk.Hub` is deprecated and will be removed in a future major release. Please consult our 1.x to 2.x migration guide for details on how to migrate `Hub` usage to the new API: https://docs.sentry.io/platforms/python/migration/1.x-to-2.x
2025-08-21T07:15:52.9120179Z     hub = sentry_sdk.Hub.current
2025-08-21T07:15:52.9120489Z 
2025-08-21T07:15:52.9121008Z -- Docs: https://docs.pytest.org/en/stable/how-to/capture-warnings.html
2025-08-21T07:15:52.9121941Z ================================ tests coverage ================================
2025-08-21T07:15:52.9122831Z _______________ coverage: platform linux, python 3.12.11-final-0 _______________
2025-08-21T07:15:52.9123323Z 
2025-08-21T07:15:52.9123626Z Coverage XML written to file coverage.xml
2025-08-21T07:15:53.3659509Z ##[group]Run echo "::group::postgres container logs"
2025-08-21T07:15:53.3659902Z [36;1mecho "::group::postgres container logs"[0m
2025-08-21T07:15:53.3660376Z [36;1mdocker logs fb49879e16fcc054ad8fa3dbf2ec6777675c5ed510f9412d5e2bfe62596501cc --tail 200[0m
2025-08-21T07:15:53.3660833Z [36;1mecho "::endgroup::"[0m
2025-08-21T07:15:53.3701606Z shell: /usr/bin/bash -e {0}
2025-08-21T07:15:53.3701838Z env:
2025-08-21T07:15:53.3702046Z   REDIS_URL: redis://localhost:6379/0
2025-08-21T07:15:53.3702314Z   RATE_LIMIT_DEFAULT: 100/minute
2025-08-21T07:15:53.3702549Z   TRUST_X_FORWARDED: 1
2025-08-21T07:15:53.3702756Z   PG_USER: postgres
2025-08-21T07:15:53.3702969Z   PG_PASSWORD: pass
2025-08-21T07:15:53.3703162Z   PG_DATABASE: awa
2025-08-21T07:15:53.3703347Z   PG_HOST: localhost
2025-08-21T07:15:53.3703539Z   PG_PORT: 5432
2025-08-21T07:15:53.3703941Z   PG_SYNC_DSN: ***localhost:5432/awa
2025-08-21T07:15:53.3704341Z   PG_ASYNC_DSN: ***localhost:5432/awa
2025-08-21T07:15:53.3704888Z   DATABASE_URL: ***localhost:5432/awa
2025-08-21T07:15:53.3705135Z   DATA_DIR: /tmp/awa-data
2025-08-21T07:15:53.3705337Z   ENABLE_LIVE: 0
2025-08-21T07:15:53.3705517Z   TESTING: 1
2025-08-21T07:15:53.3705761Z   pythonLocation: /opt/hostedtoolcache/Python/3.12.11/x64
2025-08-21T07:15:53.3706159Z   PKG_CONFIG_PATH: /opt/hostedtoolcache/Python/3.12.11/x64/lib/pkgconfig
2025-08-21T07:15:53.3706548Z   Python_ROOT_DIR: /opt/hostedtoolcache/Python/3.12.11/x64
2025-08-21T07:15:53.3706901Z   Python2_ROOT_DIR: /opt/hostedtoolcache/Python/3.12.11/x64
2025-08-21T07:15:53.3707256Z   Python3_ROOT_DIR: /opt/hostedtoolcache/Python/3.12.11/x64
2025-08-21T07:15:53.3707607Z   LD_LIBRARY_PATH: /opt/hostedtoolcache/Python/3.12.11/x64/lib
2025-08-21T07:15:53.3708082Z ##[endgroup]
2025-08-21T07:15:53.3766165Z ##[group]postgres container logs
2025-08-21T07:15:53.3881824Z The files belonging to this database system will be owned by user "postgres".
2025-08-21T07:15:53.3882919Z initdb: warning: enabling "trust" authentication for local connections
2025-08-21T07:15:53.3884308Z initdb: hint: You can change this by editing pg_hba.conf or using the option -A, or --auth-local and --auth-host, the next time you run initdb.
2025-08-21T07:15:53.3885664Z This user must also own the server process.
2025-08-21T07:15:53.3885993Z 
2025-08-21T07:15:53.3886432Z The database cluster will be initialized with locale "en_US.utf8".
2025-08-21T07:15:53.3887282Z The default database encoding has accordingly been set to "UTF8".
2025-08-21T07:15:53.3887883Z The default text search configuration will be set to "english".
2025-08-21T07:15:53.3888133Z 
2025-08-21T07:15:53.3888277Z Data page checksums are disabled.
2025-08-21T07:15:53.3888451Z 
2025-08-21T07:15:53.3888726Z fixing permissions on existing directory /var/lib/postgresql/data ... ok
2025-08-21T07:15:53.3889136Z creating subdirectories ... ok
2025-08-21T07:15:53.3889512Z selecting dynamic shared memory implementation ... posix
2025-08-21T07:15:53.3889895Z selecting default max_connections ... 100
2025-08-21T07:15:53.3890240Z selecting default shared_buffers ... 128MB
2025-08-21T07:15:53.3890560Z selecting default time zone ... Etc/UTC
2025-08-21T07:15:53.3890859Z creating configuration files ... ok
2025-08-21T07:15:53.3891152Z running bootstrap script ... ok
2025-08-21T07:15:53.3891481Z performing post-bootstrap initialization ... ok
2025-08-21T07:15:53.3891784Z syncing data to disk ... ok
2025-08-21T07:15:53.3891925Z 
2025-08-21T07:15:53.3891931Z 
2025-08-21T07:15:53.3892129Z Success. You can now start the database server using:
2025-08-21T07:15:53.3892347Z 
2025-08-21T07:15:53.3892520Z     pg_ctl -D /var/lib/postgresql/data -l logfile start
2025-08-21T07:15:53.3893324Z 2025-08-21 07:13:15.947 UTC [1] LOG:  starting PostgreSQL 15.14 (Debian 15.14-1.pgdg13+1) on x86_64-pc-linux-gnu, compiled by gcc (Debian 14.2.0-19) 14.2.0, 64-bit
2025-08-21T07:15:53.3894050Z 2025-08-21 07:13:15.947 UTC [1] LOG:  listening on IPv4 address "0.0.0.0", port 5432
2025-08-21T07:15:53.3895110Z 2025-08-21 07:13:15.947 UTC [1] LOG:  listening on IPv6 address "::", port 5432
2025-08-21T07:15:53.3895877Z 2025-08-21 07:13:15.948 UTC [1] LOG:  listening on Unix socket "/var/run/postgresql/.s.PGSQL.5432"
2025-08-21T07:15:53.3896628Z 2025-08-21 07:13:15.952 UTC [62] LOG:  database system was shut down at 2025-08-21 07:13:15 UTC
2025-08-21T07:15:53.3897603Z 2025-08-21 07:13:15.956 UTC [1] LOG:  database system is ready to accept connections
2025-08-21T07:15:53.3897881Z 
2025-08-21T07:15:53.3898565Z waiting for server to start....2025-08-21 07:13:15.604 UTC [46] LOG:  starting PostgreSQL 15.14 (Debian 15.14-1.pgdg13+1) on x86_64-pc-linux-gnu, compiled by gcc (Debian 14.2.0-19) 14.2.0, 64-bit
2025-08-21T07:15:53.3900107Z 2025-08-21 07:13:15.605 UTC [46] LOG:  listening on Unix socket "/var/run/postgresql/.s.PGSQL.5432"
2025-08-21T07:15:53.3900908Z 2025-08-21 07:13:15.608 UTC [49] LOG:  database system was shut down at 2025-08-21 07:13:15 UTC
2025-08-21T07:15:53.3901461Z 2025-08-21 07:13:15.612 UTC [46] LOG:  database system is ready to accept connections
2025-08-21T07:15:53.3901800Z  done
2025-08-21T07:15:53.3901975Z server started
2025-08-21T07:15:53.3902168Z CREATE DATABASE
2025-08-21T07:15:53.3902288Z 
2025-08-21T07:15:53.3902295Z 
2025-08-21T07:15:53.3902595Z /usr/local/bin/docker-entrypoint.sh: ignoring /docker-entrypoint-initdb.d/*
2025-08-21T07:15:53.3902904Z 
2025-08-21T07:15:53.3903246Z waiting for server to shut down...2025-08-21 07:13:15.824 UTC [46] LOG:  received fast shutdown request
2025-08-21T07:15:53.3903797Z .2025-08-21 07:13:15.825 UTC [46] LOG:  aborting any active transactions
2025-08-21T07:15:53.3904466Z 2025-08-21 07:13:15.826 UTC [46] LOG:  background worker "logical replication launcher" (PID 52) exited with exit code 1
2025-08-21T07:15:53.3905385Z 2025-08-21 07:13:15.827 UTC [47] LOG:  shutting down
2025-08-21T07:15:53.3905835Z 2025-08-21 07:13:15.827 UTC [47] LOG:  checkpoint starting: shutdown immediate
2025-08-21T07:15:53.3906939Z 2025-08-21 07:13:15.851 UTC [47] LOG:  checkpoint complete: wrote 922 buffers (5.6%); 0 WAL file(s) added, 0 removed, 0 recycled; write=0.020 s, sync=0.002 s, total=0.025 s; sync files=301, longest=0.001 s, average=0.001 s; distance=4239 kB, estimate=4239 kB
2025-08-21T07:15:53.3907832Z 2025-08-21 07:13:15.860 UTC [46] LOG:  database system is shut down
2025-08-21T07:15:53.3908126Z  done
2025-08-21T07:15:53.3908292Z server stopped
2025-08-21T07:15:53.3908402Z 
2025-08-21T07:15:53.3908599Z PostgreSQL init process complete; ready for start up.
2025-08-21T07:15:53.3908813Z 
2025-08-21T07:15:53.3909103Z ##[endgroup]
2025-08-21T07:15:53.3947943Z Post job cleanup.
2025-08-21T07:15:53.6152547Z Post job cleanup.
2025-08-21T07:15:53.7503138Z Cache hit occurred on the primary key Linux-test-cc13ccef493b9f3a93ad5651164d9fb09282c1111f6f72ce20e0657de16de6b4, not saving cache.
2025-08-21T07:15:53.7587456Z Post job cleanup.
2025-08-21T07:15:53.9090594Z Cache hit occurred on the primary key setup-python-Linux-x64-24.04-Ubuntu-python-3.12.11-pip-0329c9ccfd4f0973bd4f6b9c504597c603fcc08cd4b2c03b12352e92f714a83c, not saving cache.
2025-08-21T07:15:53.9185061Z Post job cleanup.
2025-08-21T07:15:53.9948278Z [command]/usr/bin/git version
2025-08-21T07:15:53.9983041Z git version 2.51.0
2025-08-21T07:15:54.0019960Z Temporarily overriding HOME='/home/runner/work/_temp/0054de08-b4c2-48bf-86d4-2c1823d448b5' before making global git config changes
2025-08-21T07:15:54.0021489Z Adding repository directory to the temporary git global config as a safe directory
2025-08-21T07:15:54.0026014Z [command]/usr/bin/git config --global --add safe.directory /home/runner/work/AWA-App/AWA-App
2025-08-21T07:15:54.0061353Z [command]/usr/bin/git config --local --name-only --get-regexp core\.sshCommand
2025-08-21T07:15:54.0093625Z [command]/usr/bin/git submodule foreach --recursive sh -c "git config --local --name-only --get-regexp 'core\.sshCommand' && git config --local --unset-all 'core.sshCommand' || :"
2025-08-21T07:15:54.0319818Z [command]/usr/bin/git config --local --name-only --get-regexp http\.https\:\/\/github\.com\/\.extraheader
2025-08-21T07:15:54.0341221Z http.https://github.com/.extraheader
2025-08-21T07:15:54.0351837Z [command]/usr/bin/git config --local --unset-all http.https://github.com/.extraheader
2025-08-21T07:15:54.0382568Z [command]/usr/bin/git submodule foreach --recursive sh -c "git config --local --name-only --get-regexp 'http\.https\:\/\/github\.com\/\.extraheader' && git config --local --unset-all 'http.https://github.com/.extraheader' || :"
2025-08-21T07:15:54.0692753Z Print service container logs: e271c46287674260bdd229e0ecd20b28_postgres15_874083
2025-08-21T07:15:54.0697852Z ##[command]/usr/bin/docker logs --details fb49879e16fcc054ad8fa3dbf2ec6777675c5ed510f9412d5e2bfe62596501cc
2025-08-21T07:15:54.0815291Z  The files belonging to this database system will be owned by user "postgres".
2025-08-21T07:15:54.0817754Z  initdb: warning: enabling "trust" authentication for local connections
2025-08-21T07:15:54.0818919Z  initdb: hint: You can change this by editing pg_hba.conf or using the option -A, or --auth-local and --auth-host, the next time you run initdb.
2025-08-21T07:15:54.0820391Z  2025-08-21 07:13:15.947 UTC [1] LOG:  starting PostgreSQL 15.14 (Debian 15.14-1.pgdg13+1) on x86_64-pc-linux-gnu, compiled by gcc (Debian 14.2.0-19) 14.2.0, 64-bit
2025-08-21T07:15:54.0821519Z  2025-08-21 07:13:15.947 UTC [1] LOG:  listening on IPv4 address "0.0.0.0", port 5432
2025-08-21T07:15:54.0822306Z  2025-08-21 07:13:15.947 UTC [1] LOG:  listening on IPv6 address "::", port 5432
2025-08-21T07:15:54.0823118Z  2025-08-21 07:13:15.948 UTC [1] LOG:  listening on Unix socket "/var/run/postgresql/.s.PGSQL.5432"
2025-08-21T07:15:54.0823996Z  2025-08-21 07:13:15.952 UTC [62] LOG:  database system was shut down at 2025-08-21 07:13:15 UTC
2025-08-21T07:15:54.0825328Z  2025-08-21 07:13:15.956 UTC [1] LOG:  database system is ready to accept connections
2025-08-21T07:15:54.0825952Z  This user must also own the server process.
2025-08-21T07:15:54.0826391Z  
2025-08-21T07:15:54.0826836Z  The database cluster will be initialized with locale "en_US.utf8".
2025-08-21T07:15:54.0827553Z  The default database encoding has accordingly been set to "UTF8".
2025-08-21T07:15:54.0828246Z  The default text search configuration will be set to "english".
2025-08-21T07:15:54.0828766Z  
2025-08-21T07:15:54.0829055Z  Data page checksums are disabled.
2025-08-21T07:15:54.0829444Z  
2025-08-21T07:15:54.0829923Z  fixing permissions on existing directory /var/lib/postgresql/data ... ok
2025-08-21T07:15:54.0830574Z  creating subdirectories ... ok
2025-08-21T07:15:54.0831087Z  selecting dynamic shared memory implementation ... posix
2025-08-21T07:15:54.0831660Z  selecting default max_connections ... 100
2025-08-21T07:15:54.0832142Z  selecting default shared_buffers ... 128MB
2025-08-21T07:15:54.0832612Z  selecting default time zone ... Etc/UTC
2025-08-21T07:15:54.0833061Z  creating configuration files ... ok
2025-08-21T07:15:54.0833694Z  running bootstrap script ... ok
2025-08-21T07:15:54.0834169Z  performing post-bootstrap initialization ... ok
2025-08-21T07:15:54.0834800Z  syncing data to disk ... ok
2025-08-21T07:15:54.0835120Z  
2025-08-21T07:15:54.0835271Z  
2025-08-21T07:15:54.0835494Z  Success. You can now start the database server using:
2025-08-21T07:15:54.0835776Z  
2025-08-21T07:15:54.0835995Z      pg_ctl -D /var/lib/postgresql/data -l logfile start
2025-08-21T07:15:54.0836272Z  
2025-08-21T07:15:54.0836827Z  waiting for server to start....2025-08-21 07:13:15.604 UTC [46] LOG:  starting PostgreSQL 15.14 (Debian 15.14-1.pgdg13+1) on x86_64-pc-linux-gnu, compiled by gcc (Debian 14.2.0-19) 14.2.0, 64-bit
2025-08-21T07:15:54.0837576Z  2025-08-21 07:13:15.605 UTC [46] LOG:  listening on Unix socket "/var/run/postgresql/.s.PGSQL.5432"
2025-08-21T07:15:54.0838072Z  2025-08-21 07:13:15.608 UTC [49] LOG:  database system was shut down at 2025-08-21 07:13:15 UTC
2025-08-21T07:15:54.0838521Z  2025-08-21 07:13:15.612 UTC [46] LOG:  database system is ready to accept connections
2025-08-21T07:15:54.0838852Z   done
2025-08-21T07:15:54.0839020Z  server started
2025-08-21T07:15:54.0839203Z  CREATE DATABASE
2025-08-21T07:15:54.0839375Z  
2025-08-21T07:15:54.0839515Z  
2025-08-21T07:15:54.0839817Z  /usr/local/bin/docker-entrypoint.sh: ignoring /docker-entrypoint-initdb.d/*
2025-08-21T07:15:54.0840200Z  
2025-08-21T07:15:54.0840515Z  waiting for server to shut down...2025-08-21 07:13:15.824 UTC [46] LOG:  received fast shutdown request
2025-08-21T07:15:54.0841206Z  .2025-08-21 07:13:15.825 UTC [46] LOG:  aborting any active transactions
2025-08-21T07:15:54.0841719Z  2025-08-21 07:13:15.826 UTC [46] LOG:  background worker "logical replication launcher" (PID 52) exited with exit code 1
2025-08-21T07:15:54.0842191Z  2025-08-21 07:13:15.827 UTC [47] LOG:  shutting down
2025-08-21T07:15:54.0842536Z  2025-08-21 07:13:15.827 UTC [47] LOG:  checkpoint starting: shutdown immediate
2025-08-21T07:15:54.0843347Z  2025-08-21 07:13:15.851 UTC [47] LOG:  checkpoint complete: wrote 922 buffers (5.6%); 0 WAL file(s) added, 0 removed, 0 recycled; write=0.020 s, sync=0.002 s, total=0.025 s; sync files=301, longest=0.001 s, average=0.001 s; distance=4239 kB, estimate=4239 kB
2025-08-21T07:15:54.0844148Z  2025-08-21 07:13:15.860 UTC [46] LOG:  database system is shut down
2025-08-21T07:15:54.0844435Z   done
2025-08-21T07:15:54.0844793Z  server stopped
2025-08-21T07:15:54.0844978Z  
2025-08-21T07:15:54.0845196Z  PostgreSQL init process complete; ready for start up.
2025-08-21T07:15:54.0845469Z  
2025-08-21T07:15:54.0851249Z Stop and remove container: e271c46287674260bdd229e0ecd20b28_postgres15_874083
2025-08-21T07:15:54.0856255Z ##[command]/usr/bin/docker rm --force fb49879e16fcc054ad8fa3dbf2ec6777675c5ed510f9412d5e2bfe62596501cc
2025-08-21T07:15:54.2087828Z fb49879e16fcc054ad8fa3dbf2ec6777675c5ed510f9412d5e2bfe62596501cc
2025-08-21T07:15:54.2108994Z Print service container logs: f46af7f58aba4ed98b1f2d470fc32ddc_redis7alpine_ab9003
2025-08-21T07:15:54.2110133Z ##[command]/usr/bin/docker logs --details c73c1e2e66deaf40d895175835681fcacaa68d257195d5062e4af654ea83b759
2025-08-21T07:15:54.2230914Z  1:C 21 Aug 2025 07:13:16.090 # WARNING Memory overcommit must be enabled! Without it, a background save or replication may fail under low memory condition. Being disabled, it can also cause failures without low memory condition, see https://github.com/jemalloc/jemalloc/issues/1328. To fix this issue add 'vm.overcommit_memory = 1' to /etc/sysctl.conf and then reboot or run the command 'sysctl vm.overcommit_memory=1' for this to take effect.
2025-08-21T07:15:54.2233094Z  1:C 21 Aug 2025 07:13:16.090 * oO0OoO0OoO0Oo Redis is starting oO0OoO0OoO0Oo
2025-08-21T07:15:54.2233595Z  1:C 21 Aug 2025 07:13:16.090 * Redis version=7.4.5, bits=64, commit=00000000, modified=0, pid=1, just started
2025-08-21T07:15:54.2234322Z  1:C 21 Aug 2025 07:13:16.090 # Warning: no config file specified, using the default config. In order to specify a config file use redis-server /path/to/redis.conf
2025-08-21T07:15:54.2235177Z  1:M 21 Aug 2025 07:13:16.090 * monotonic clock: POSIX clock_gettime
2025-08-21T07:15:54.2235533Z  1:M 21 Aug 2025 07:13:16.091 * Running mode=standalone, port=6379.
2025-08-21T07:15:54.2235854Z  1:M 21 Aug 2025 07:13:16.091 * Server initialized
2025-08-21T07:15:54.2236167Z  1:M 21 Aug 2025 07:13:16.091 * Ready to accept connections tcp
2025-08-21T07:15:54.2243373Z Stop and remove container: f46af7f58aba4ed98b1f2d470fc32ddc_redis7alpine_ab9003
2025-08-21T07:15:54.2244083Z ##[command]/usr/bin/docker rm --force c73c1e2e66deaf40d895175835681fcacaa68d257195d5062e4af654ea83b759
2025-08-21T07:15:54.3359011Z c73c1e2e66deaf40d895175835681fcacaa68d257195d5062e4af654ea83b759
2025-08-21T07:15:54.3385040Z Remove container network: github_network_91363a5e3f834230bb933e24cfab7b53
2025-08-21T07:15:54.3389402Z ##[command]/usr/bin/docker network rm github_network_91363a5e3f834230bb933e24cfab7b53
2025-08-21T07:15:54.4474011Z github_network_91363a5e3f834230bb933e24cfab7b53
2025-08-21T07:15:54.4533969Z Cleaning up orphan processes
