2025-08-21T22:11:00.5931456Z Current runner version: '2.328.0'
2025-08-21T22:11:00.5963066Z ##[group]Runner Image Provisioner
2025-08-21T22:11:00.5964595Z Hosted Compute Agent
2025-08-21T22:11:00.5965437Z Version: 20250818.377
2025-08-21T22:11:00.5966520Z Commit: 3c593e9f75fe0b87e893bca80d6e12ba089c61fc
2025-08-21T22:11:00.5967585Z Build Date: 2025-08-18T14:52:18Z
2025-08-21T22:11:00.5968499Z ##[endgroup]
2025-08-21T22:11:00.5969429Z ##[group]Operating System
2025-08-21T22:11:00.5970362Z Ubuntu
2025-08-21T22:11:00.5971058Z 24.04.2
2025-08-21T22:11:00.5971842Z LTS
2025-08-21T22:11:00.5972588Z ##[endgroup]
2025-08-21T22:11:00.5973430Z ##[group]Runner Image
2025-08-21T22:11:00.5974644Z Image: ubuntu-24.04
2025-08-21T22:11:00.5975419Z Version: 20250818.1.0
2025-08-21T22:11:00.5977122Z Included Software: https://github.com/actions/runner-images/blob/ubuntu24/20250818.1/images/ubuntu/Ubuntu2404-Readme.md
2025-08-21T22:11:00.5979758Z Image Release: https://github.com/actions/runner-images/releases/tag/ubuntu24%2F20250818.1
2025-08-21T22:11:00.5981430Z ##[endgroup]
2025-08-21T22:11:00.5985739Z ##[group]GITHUB_TOKEN Permissions
2025-08-21T22:11:00.5988368Z Actions: write
2025-08-21T22:11:00.5989395Z Attestations: write
2025-08-21T22:11:00.5990249Z Checks: write
2025-08-21T22:11:00.5990973Z Contents: write
2025-08-21T22:11:00.5991929Z Deployments: write
2025-08-21T22:11:00.5992751Z Discussions: write
2025-08-21T22:11:00.5993669Z Issues: write
2025-08-21T22:11:00.5994701Z Metadata: read
2025-08-21T22:11:00.5995472Z Models: read
2025-08-21T22:11:00.5996261Z Packages: write
2025-08-21T22:11:00.5997201Z Pages: write
2025-08-21T22:11:00.5997994Z PullRequests: write
2025-08-21T22:11:00.5998790Z RepositoryProjects: write
2025-08-21T22:11:00.5999837Z SecurityEvents: write
2025-08-21T22:11:00.6000773Z Statuses: write
2025-08-21T22:11:00.6001547Z ##[endgroup]
2025-08-21T22:11:00.6004650Z Secret source: Actions
2025-08-21T22:11:00.6005694Z Prepare workflow directory
2025-08-21T22:11:00.6608895Z Prepare all required actions
2025-08-21T22:11:00.6663561Z Getting action download info
2025-08-21T22:11:01.0082362Z Download action repository 'actions/checkout@v5' (SHA:08c6903cd8c0fde910a37f88322edcfb5dd907a8)
2025-08-21T22:11:01.1036665Z Download action repository 'actions/setup-python@v5' (SHA:a26af69be951a213d495a4c3e4e4022e16d87065)
2025-08-21T22:11:01.1845249Z Download action repository 'actions/cache@v4' (SHA:0400d5f644dc74513175e3cd8d07132dd4860809)
2025-08-21T22:11:01.2815354Z Download action repository 'actions/setup-node@v4' (SHA:49933ea5288caeca8642d1e84afbd3f7d6820020)
2025-08-21T22:11:01.4067658Z Download action repository 'codecov/codecov-action@v5' (SHA:fdcc8476540edceab3de004e990f80d881c6cc00)
2025-08-21T22:11:01.7017155Z Getting action download info
2025-08-21T22:11:01.8017229Z Download action repository 'actions/github-script@60a0d83039c74a4aee543508d2ffcb1c3799cdea' (SHA:60a0d83039c74a4aee543508d2ffcb1c3799cdea)
2025-08-21T22:11:02.0748729Z Complete job name: test
2025-08-21T22:11:02.1399045Z ##[group]Checking docker version
2025-08-21T22:11:02.1412619Z ##[command]/usr/bin/docker version --format '{{.Server.APIVersion}}'
2025-08-21T22:11:02.2111102Z '1.48'
2025-08-21T22:11:02.2126080Z Docker daemon API version: '1.48'
2025-08-21T22:11:02.2127469Z ##[command]/usr/bin/docker version --format '{{.Client.APIVersion}}'
2025-08-21T22:11:02.2281540Z '1.48'
2025-08-21T22:11:02.2295902Z Docker client API version: '1.48'
2025-08-21T22:11:02.2301645Z ##[endgroup]
2025-08-21T22:11:02.2305186Z ##[group]Clean up resources from previous jobs
2025-08-21T22:11:02.2311386Z ##[command]/usr/bin/docker ps --all --quiet --no-trunc --filter "label=823d48"
2025-08-21T22:11:02.2447780Z ##[command]/usr/bin/docker network prune --force --filter "label=823d48"
2025-08-21T22:11:02.2574761Z ##[endgroup]
2025-08-21T22:11:02.2575669Z ##[group]Create local container network
2025-08-21T22:11:02.2586499Z ##[command]/usr/bin/docker network create --label 823d48 github_network_4c06c25f35b04cc7921eed161b40af3b
2025-08-21T22:11:02.3062052Z 97af7b6ded4d7cdff28326c03e66d89dcc27016965c02aafcd90ceb2f47db336
2025-08-21T22:11:02.3080740Z ##[endgroup]
2025-08-21T22:11:02.3107994Z ##[group]Starting postgres service container
2025-08-21T22:11:02.3127409Z ##[command]/usr/bin/docker pull postgres:15
2025-08-21T22:11:02.5885368Z 15: Pulling from library/postgres
2025-08-21T22:11:02.6650855Z 396b1da7636e: Pulling fs layer
2025-08-21T22:11:02.6652369Z fca2566eba32: Pulling fs layer
2025-08-21T22:11:02.6653773Z 631fe8c6d606: Pulling fs layer
2025-08-21T22:11:02.6655001Z 77c7671c4414: Pulling fs layer
2025-08-21T22:11:02.6655902Z 2d9e29180a27: Pulling fs layer
2025-08-21T22:11:02.6656798Z c6bcc2c9a041: Pulling fs layer
2025-08-21T22:11:02.6657718Z ac4b721eb66f: Pulling fs layer
2025-08-21T22:11:02.6658612Z 606bd164980e: Pulling fs layer
2025-08-21T22:11:02.6659521Z f5dfd246bc6e: Pulling fs layer
2025-08-21T22:11:02.6660419Z ba7036bb0a60: Pulling fs layer
2025-08-21T22:11:02.6661392Z 799f859abbbd: Pulling fs layer
2025-08-21T22:11:02.6662317Z d903e777080c: Pulling fs layer
2025-08-21T22:11:02.6663201Z 04adcb462801: Pulling fs layer
2025-08-21T22:11:02.6664114Z 5c10925b29ff: Pulling fs layer
2025-08-21T22:11:02.6665172Z 77c7671c4414: Waiting
2025-08-21T22:11:02.6665961Z 2d9e29180a27: Waiting
2025-08-21T22:11:02.6666732Z c6bcc2c9a041: Waiting
2025-08-21T22:11:02.6667501Z 606bd164980e: Waiting
2025-08-21T22:11:02.6668267Z ac4b721eb66f: Waiting
2025-08-21T22:11:02.6669047Z f5dfd246bc6e: Waiting
2025-08-21T22:11:02.6669821Z 799f859abbbd: Waiting
2025-08-21T22:11:02.6670614Z ba7036bb0a60: Waiting
2025-08-21T22:11:02.6671381Z 04adcb462801: Waiting
2025-08-21T22:11:02.6672148Z d903e777080c: Waiting
2025-08-21T22:11:02.7370974Z fca2566eba32: Verifying Checksum
2025-08-21T22:11:02.7373156Z fca2566eba32: Download complete
2025-08-21T22:11:02.8413712Z 77c7671c4414: Verifying Checksum
2025-08-21T22:11:02.8415517Z 77c7671c4414: Download complete
2025-08-21T22:11:02.8568617Z 631fe8c6d606: Verifying Checksum
2025-08-21T22:11:02.8570092Z 631fe8c6d606: Download complete
2025-08-21T22:11:02.9823972Z c6bcc2c9a041: Verifying Checksum
2025-08-21T22:11:02.9826502Z c6bcc2c9a041: Download complete
2025-08-21T22:11:03.0692215Z ac4b721eb66f: Verifying Checksum
2025-08-21T22:11:03.0694473Z ac4b721eb66f: Download complete
2025-08-21T22:11:03.1929913Z 606bd164980e: Download complete
2025-08-21T22:11:03.2195342Z 396b1da7636e: Verifying Checksum
2025-08-21T22:11:03.2196753Z 396b1da7636e: Download complete
2025-08-21T22:11:03.2931777Z ba7036bb0a60: Verifying Checksum
2025-08-21T22:11:03.2933377Z ba7036bb0a60: Download complete
2025-08-21T22:11:03.3007086Z 2d9e29180a27: Verifying Checksum
2025-08-21T22:11:03.3008507Z 2d9e29180a27: Download complete
2025-08-21T22:11:03.4342316Z 799f859abbbd: Verifying Checksum
2025-08-21T22:11:03.4345478Z 799f859abbbd: Download complete
2025-08-21T22:11:03.4492371Z d903e777080c: Verifying Checksum
2025-08-21T22:11:03.4498652Z d903e777080c: Download complete
2025-08-21T22:11:03.5826979Z 5c10925b29ff: Verifying Checksum
2025-08-21T22:11:03.5831466Z 5c10925b29ff: Download complete
2025-08-21T22:11:03.5908745Z 04adcb462801: Verifying Checksum
2025-08-21T22:11:03.5910347Z 04adcb462801: Download complete
2025-08-21T22:11:04.3378549Z 396b1da7636e: Pull complete
2025-08-21T22:11:04.4596469Z f5dfd246bc6e: Verifying Checksum
2025-08-21T22:11:04.4597048Z f5dfd246bc6e: Download complete
2025-08-21T22:11:04.6278683Z fca2566eba32: Pull complete
2025-08-21T22:11:04.7965850Z 631fe8c6d606: Pull complete
2025-08-21T22:11:04.8500427Z 77c7671c4414: Pull complete
2025-08-21T22:11:05.1463296Z 2d9e29180a27: Pull complete
2025-08-21T22:11:05.2300662Z c6bcc2c9a041: Pull complete
2025-08-21T22:11:05.2395598Z ac4b721eb66f: Pull complete
2025-08-21T22:11:05.2519295Z 606bd164980e: Pull complete
2025-08-21T22:11:08.1406057Z f5dfd246bc6e: Pull complete
2025-08-21T22:11:08.1564019Z ba7036bb0a60: Pull complete
2025-08-21T22:11:08.1673097Z 799f859abbbd: Pull complete
2025-08-21T22:11:08.1796799Z d903e777080c: Pull complete
2025-08-21T22:11:08.1922462Z 04adcb462801: Pull complete
2025-08-21T22:11:08.2052455Z 5c10925b29ff: Pull complete
2025-08-21T22:11:08.2090910Z Digest: sha256:bc51cf4f1fe02cce7ed2370b20128a9b00b4eb804573a77d2a0d877aaa9c82b1
2025-08-21T22:11:08.2109374Z Status: Downloaded newer image for postgres:15
2025-08-21T22:11:08.2121426Z docker.io/library/postgres:15
2025-08-21T22:11:08.2181691Z ##[command]/usr/bin/docker create --name 43df4f4eb3eb4dfcb64517b2517b8ec3_postgres15_f4bb87 --label 823d48 --network github_network_4c06c25f35b04cc7921eed161b40af3b --network-alias postgres -p 5432:5432 --health-cmd="pg_isready -U postgres -d awa" --health-interval=5s --health-timeout=5s --health-retries=10 -e "POSTGRES_USER=postgres" -e "POSTGRES_PASSWORD=pass" -e "POSTGRES_DB=awa" -e GITHUB_ACTIONS=true -e CI=true postgres:15
2025-08-21T22:11:08.2438559Z d90f01c93eb2ead07316542b97fd1ea98443c1c7bf249ec21bb4987a57ecc958
2025-08-21T22:11:08.2459424Z ##[command]/usr/bin/docker start d90f01c93eb2ead07316542b97fd1ea98443c1c7bf249ec21bb4987a57ecc958
2025-08-21T22:11:08.4349574Z d90f01c93eb2ead07316542b97fd1ea98443c1c7bf249ec21bb4987a57ecc958
2025-08-21T22:11:08.4370849Z ##[command]/usr/bin/docker ps --all --filter id=d90f01c93eb2ead07316542b97fd1ea98443c1c7bf249ec21bb4987a57ecc958 --filter status=running --no-trunc --format "{{.ID}} {{.Status}}"
2025-08-21T22:11:08.4498206Z d90f01c93eb2ead07316542b97fd1ea98443c1c7bf249ec21bb4987a57ecc958 Up Less than a second (health: starting)
2025-08-21T22:11:08.4518615Z ##[command]/usr/bin/docker port d90f01c93eb2ead07316542b97fd1ea98443c1c7bf249ec21bb4987a57ecc958
2025-08-21T22:11:08.4644678Z 5432/tcp -> 0.0.0.0:5432
2025-08-21T22:11:08.4645411Z 5432/tcp -> [::]:5432
2025-08-21T22:11:08.4691271Z ##[endgroup]
2025-08-21T22:11:08.4692161Z ##[group]Starting redis service container
2025-08-21T22:11:08.4693455Z ##[command]/usr/bin/docker pull redis:7-alpine
2025-08-21T22:11:08.7633239Z 7-alpine: Pulling from library/redis
2025-08-21T22:11:08.8317786Z 0368fd46e3c6: Pulling fs layer
2025-08-21T22:11:08.8319608Z 4c55286bbede: Pulling fs layer
2025-08-21T22:11:08.8320054Z 5e28347af205: Pulling fs layer
2025-08-21T22:11:08.8325637Z 311eca34042e: Pulling fs layer
2025-08-21T22:11:08.8326116Z e6fe6f07e192: Pulling fs layer
2025-08-21T22:11:08.8326517Z a2cadbfeca72: Pulling fs layer
2025-08-21T22:11:08.8326886Z 4f4fb700ef54: Pulling fs layer
2025-08-21T22:11:08.8327255Z a976ed7e7808: Pulling fs layer
2025-08-21T22:11:08.8327620Z a2cadbfeca72: Waiting
2025-08-21T22:11:08.8327959Z 4f4fb700ef54: Waiting
2025-08-21T22:11:08.8328272Z a976ed7e7808: Waiting
2025-08-21T22:11:08.8328573Z 311eca34042e: Waiting
2025-08-21T22:11:08.8328873Z e6fe6f07e192: Waiting
2025-08-21T22:11:08.9161486Z 4c55286bbede: Download complete
2025-08-21T22:11:08.9599704Z 5e28347af205: Verifying Checksum
2025-08-21T22:11:08.9600350Z 5e28347af205: Download complete
2025-08-21T22:11:09.0237062Z 0368fd46e3c6: Verifying Checksum
2025-08-21T22:11:09.0237550Z 0368fd46e3c6: Download complete
2025-08-21T22:11:09.1068461Z e6fe6f07e192: Verifying Checksum
2025-08-21T22:11:09.1071881Z e6fe6f07e192: Download complete
2025-08-21T22:11:09.1314507Z a2cadbfeca72: Verifying Checksum
2025-08-21T22:11:09.1318203Z a2cadbfeca72: Download complete
2025-08-21T22:11:09.1521043Z 0368fd46e3c6: Pull complete
2025-08-21T22:11:09.1746757Z 4c55286bbede: Pull complete
2025-08-21T22:11:09.1930006Z 4f4fb700ef54: Verifying Checksum
2025-08-21T22:11:09.1931126Z 4f4fb700ef54: Download complete
2025-08-21T22:11:09.2048894Z 311eca34042e: Verifying Checksum
2025-08-21T22:11:09.2054325Z 311eca34042e: Download complete
2025-08-21T22:11:09.2780719Z a976ed7e7808: Verifying Checksum
2025-08-21T22:11:09.2781209Z a976ed7e7808: Download complete
2025-08-21T22:11:09.3300588Z 5e28347af205: Pull complete
2025-08-21T22:11:09.3617919Z 311eca34042e: Pull complete
2025-08-21T22:11:09.5428470Z e6fe6f07e192: Pull complete
2025-08-21T22:11:09.5505976Z a2cadbfeca72: Pull complete
2025-08-21T22:11:09.5591156Z 4f4fb700ef54: Pull complete
2025-08-21T22:11:09.5700601Z a976ed7e7808: Pull complete
2025-08-21T22:11:09.5739263Z Digest: sha256:bb186d083732f669da90be8b0f975a37812b15e913465bb14d845db72a4e3e08
2025-08-21T22:11:09.5750052Z Status: Downloaded newer image for redis:7-alpine
2025-08-21T22:11:09.5758011Z docker.io/library/redis:7-alpine
2025-08-21T22:11:09.5774591Z ##[command]/usr/bin/docker create --name 727f0168c2e24f1194cd2922adcb8fd8_redis7alpine_3f4c92 --label 823d48 --network github_network_4c06c25f35b04cc7921eed161b40af3b --network-alias redis -p 6379:6379  -e GITHUB_ACTIONS=true -e CI=true redis:7-alpine
2025-08-21T22:11:09.6003092Z eb8ac629272401fad1fc1f7189122297141efc2724c0dce1304188007fce49a4
2025-08-21T22:11:09.6016620Z ##[command]/usr/bin/docker start eb8ac629272401fad1fc1f7189122297141efc2724c0dce1304188007fce49a4
2025-08-21T22:11:09.7365316Z eb8ac629272401fad1fc1f7189122297141efc2724c0dce1304188007fce49a4
2025-08-21T22:11:09.7383419Z ##[command]/usr/bin/docker ps --all --filter id=eb8ac629272401fad1fc1f7189122297141efc2724c0dce1304188007fce49a4 --filter status=running --no-trunc --format "{{.ID}} {{.Status}}"
2025-08-21T22:11:09.7506470Z eb8ac629272401fad1fc1f7189122297141efc2724c0dce1304188007fce49a4 Up Less than a second
2025-08-21T22:11:09.7520887Z ##[command]/usr/bin/docker port eb8ac629272401fad1fc1f7189122297141efc2724c0dce1304188007fce49a4
2025-08-21T22:11:09.7631757Z 6379/tcp -> 0.0.0.0:6379
2025-08-21T22:11:09.7632141Z 6379/tcp -> [::]:6379
2025-08-21T22:11:09.7645264Z ##[endgroup]
2025-08-21T22:11:09.7655070Z ##[group]Waiting for all services to be ready
2025-08-21T22:11:09.7667731Z ##[command]/usr/bin/docker inspect --format="{{if .Config.Healthcheck}}{{print .State.Health.Status}}{{end}}" d90f01c93eb2ead07316542b97fd1ea98443c1c7bf249ec21bb4987a57ecc958
2025-08-21T22:11:09.7777282Z starting
2025-08-21T22:11:09.7796910Z postgres service is starting, waiting 2 seconds before checking again.
2025-08-21T22:11:11.7799894Z ##[command]/usr/bin/docker inspect --format="{{if .Config.Healthcheck}}{{print .State.Health.Status}}{{end}}" d90f01c93eb2ead07316542b97fd1ea98443c1c7bf249ec21bb4987a57ecc958
2025-08-21T22:11:11.7917327Z starting
2025-08-21T22:11:11.7930704Z postgres service is starting, waiting 3 seconds before checking again.
2025-08-21T22:11:15.7448886Z ##[command]/usr/bin/docker inspect --format="{{if .Config.Healthcheck}}{{print .State.Health.Status}}{{end}}" d90f01c93eb2ead07316542b97fd1ea98443c1c7bf249ec21bb4987a57ecc958
2025-08-21T22:11:15.7567488Z healthy
2025-08-21T22:11:15.7583298Z postgres service is healthy.
2025-08-21T22:11:15.7584039Z ##[command]/usr/bin/docker inspect --format="{{if .Config.Healthcheck}}{{print .State.Health.Status}}{{end}}" eb8ac629272401fad1fc1f7189122297141efc2724c0dce1304188007fce49a4
2025-08-21T22:11:15.7709049Z redis service is healthy.
2025-08-21T22:11:15.7709368Z ##[endgroup]
2025-08-21T22:11:15.7955933Z ##[group]Run actions/checkout@v5
2025-08-21T22:11:15.7956449Z with:
2025-08-21T22:11:15.7956624Z   fetch-depth: 0
2025-08-21T22:11:15.7956828Z   repository: AlexBomber12/AWA-App
2025-08-21T22:11:15.7957181Z   token: ***
2025-08-21T22:11:15.7957354Z   ssh-strict: true
2025-08-21T22:11:15.7957529Z   ssh-user: git
2025-08-21T22:11:15.7957705Z   persist-credentials: true
2025-08-21T22:11:15.7957909Z   clean: true
2025-08-21T22:11:15.7958100Z   sparse-checkout-cone-mode: true
2025-08-21T22:11:15.7958320Z   fetch-tags: false
2025-08-21T22:11:15.7958489Z   show-progress: true
2025-08-21T22:11:15.7958664Z   lfs: false
2025-08-21T22:11:15.7958816Z   submodules: false
2025-08-21T22:11:15.7958992Z   set-safe-directory: true
2025-08-21T22:11:15.7959348Z env:
2025-08-21T22:11:15.7959570Z   REDIS_URL: redis://localhost:6379/0
2025-08-21T22:11:15.7959820Z   RATE_LIMIT_DEFAULT: 100/minute
2025-08-21T22:11:15.7960025Z   TRUST_X_FORWARDED: 1
2025-08-21T22:11:15.7960209Z ##[endgroup]
2025-08-21T22:11:15.8882231Z Syncing repository: AlexBomber12/AWA-App
2025-08-21T22:11:15.8883440Z ##[group]Getting Git version info
2025-08-21T22:11:15.8883802Z Working directory is '/home/runner/work/AWA-App/AWA-App'
2025-08-21T22:11:15.8884533Z [command]/usr/bin/git version
2025-08-21T22:11:15.9107395Z git version 2.51.0
2025-08-21T22:11:15.9127151Z ##[endgroup]
2025-08-21T22:11:15.9140637Z Temporarily overriding HOME='/home/runner/work/_temp/46a20778-aae1-403c-8247-7e99d156ee99' before making global git config changes
2025-08-21T22:11:15.9142217Z Adding repository directory to the temporary git global config as a safe directory
2025-08-21T22:11:15.9145335Z [command]/usr/bin/git config --global --add safe.directory /home/runner/work/AWA-App/AWA-App
2025-08-21T22:11:15.9180311Z Deleting the contents of '/home/runner/work/AWA-App/AWA-App'
2025-08-21T22:11:15.9183513Z ##[group]Initializing the repository
2025-08-21T22:11:15.9188052Z [command]/usr/bin/git init /home/runner/work/AWA-App/AWA-App
2025-08-21T22:11:15.9280116Z hint: Using 'master' as the name for the initial branch. This default branch name
2025-08-21T22:11:15.9280943Z hint: is subject to change. To configure the initial branch name to use in all
2025-08-21T22:11:15.9281501Z hint: of your new repositories, which will suppress this warning, call:
2025-08-21T22:11:15.9281899Z hint:
2025-08-21T22:11:15.9282187Z hint: 	git config --global init.defaultBranch <name>
2025-08-21T22:11:15.9282542Z hint:
2025-08-21T22:11:15.9282865Z hint: Names commonly chosen instead of 'master' are 'main', 'trunk' and
2025-08-21T22:11:15.9283429Z hint: 'development'. The just-created branch can be renamed via this command:
2025-08-21T22:11:15.9283854Z hint:
2025-08-21T22:11:15.9284107Z hint: 	git branch -m <name>
2025-08-21T22:11:15.9284645Z hint:
2025-08-21T22:11:15.9285187Z hint: Disable this message with "git config set advice.defaultBranchName false"
2025-08-21T22:11:15.9286118Z Initialized empty Git repository in /home/runner/work/AWA-App/AWA-App/.git/
2025-08-21T22:11:15.9294899Z [command]/usr/bin/git remote add origin https://github.com/AlexBomber12/AWA-App
2025-08-21T22:11:15.9329913Z ##[endgroup]
2025-08-21T22:11:15.9330494Z ##[group]Disabling automatic garbage collection
2025-08-21T22:11:15.9333737Z [command]/usr/bin/git config --local gc.auto 0
2025-08-21T22:11:15.9360406Z ##[endgroup]
2025-08-21T22:11:15.9360750Z ##[group]Setting up auth
2025-08-21T22:11:15.9367042Z [command]/usr/bin/git config --local --name-only --get-regexp core\.sshCommand
2025-08-21T22:11:15.9396950Z [command]/usr/bin/git submodule foreach --recursive sh -c "git config --local --name-only --get-regexp 'core\.sshCommand' && git config --local --unset-all 'core.sshCommand' || :"
2025-08-21T22:11:15.9709996Z [command]/usr/bin/git config --local --name-only --get-regexp http\.https\:\/\/github\.com\/\.extraheader
2025-08-21T22:11:15.9740268Z [command]/usr/bin/git submodule foreach --recursive sh -c "git config --local --name-only --get-regexp 'http\.https\:\/\/github\.com\/\.extraheader' && git config --local --unset-all 'http.https://github.com/.extraheader' || :"
2025-08-21T22:11:15.9957788Z [command]/usr/bin/git config --local http.https://github.com/.extraheader AUTHORIZATION: basic ***
2025-08-21T22:11:15.9991502Z ##[endgroup]
2025-08-21T22:11:16.0001263Z ##[group]Fetching the repository
2025-08-21T22:11:16.0002964Z [command]/usr/bin/git -c protocol.version=2 fetch --prune --no-recurse-submodules origin +refs/heads/*:refs/remotes/origin/* +refs/tags/*:refs/tags/* +7174ccffaa581f318dba3b35b302a0ed2df1d891:refs/remotes/pull/343/merge
2025-08-21T22:11:18.6367159Z From https://github.com/AlexBomber12/AWA-App
2025-08-21T22:11:18.6368146Z  * [new branch]        codex/analyze-ci-logs-and-fix-failures   -> origin/codex/analyze-ci-logs-and-fix-failures
2025-08-21T22:11:18.6369564Z  * [new branch]        codex/implement-targeted-fixes-for-ci-workflows -> origin/codex/implement-targeted-fixes-for-ci-workflows
2025-08-21T22:11:18.6370668Z  * [new branch]        main                                     -> origin/main
2025-08-21T22:11:18.6371224Z  * [new tag]           0.3.0                                    -> 0.3.0
2025-08-21T22:11:18.6371692Z  * [new ref]           7174ccffaa581f318dba3b35b302a0ed2df1d891 -> pull/343/merge
2025-08-21T22:11:18.6409021Z ##[endgroup]
2025-08-21T22:11:18.6409467Z ##[group]Determining the checkout info
2025-08-21T22:11:18.6410401Z ##[endgroup]
2025-08-21T22:11:18.6415746Z [command]/usr/bin/git sparse-checkout disable
2025-08-21T22:11:18.6456229Z [command]/usr/bin/git config --local --unset-all extensions.worktreeConfig
2025-08-21T22:11:18.6480999Z ##[group]Checking out the ref
2025-08-21T22:11:18.6485033Z [command]/usr/bin/git checkout --progress --force refs/remotes/pull/343/merge
2025-08-21T22:11:18.6776416Z Note: switching to 'refs/remotes/pull/343/merge'.
2025-08-21T22:11:18.6776842Z 
2025-08-21T22:11:18.6777172Z You are in 'detached HEAD' state. You can look around, make experimental
2025-08-21T22:11:18.6777960Z changes and commit them, and you can discard any commits you make in this
2025-08-21T22:11:18.6778727Z state without impacting any branches by switching back to a branch.
2025-08-21T22:11:18.6779182Z 
2025-08-21T22:11:18.6779462Z If you want to create a new branch to retain commits you create, you may
2025-08-21T22:11:18.6780133Z do so (now or later) by using -c with the switch command. Example:
2025-08-21T22:11:18.6780537Z 
2025-08-21T22:11:18.6780689Z   git switch -c <new-branch-name>
2025-08-21T22:11:18.6781119Z 
2025-08-21T22:11:18.6781277Z Or undo this operation with:
2025-08-21T22:11:18.6781528Z 
2025-08-21T22:11:18.6781652Z   git switch -
2025-08-21T22:11:18.6781834Z 
2025-08-21T22:11:18.6782160Z Turn off this advice by setting config variable advice.detachedHead to false
2025-08-21T22:11:18.6782641Z 
2025-08-21T22:11:18.6783201Z HEAD is now at 7174ccff Merge 502cfd92a16ebae47492393dfb1fceb5ce712606 into 914fb26b0c0e4d3b688aeb6710da1356b43b6a19
2025-08-21T22:11:18.6789511Z ##[endgroup]
2025-08-21T22:11:18.6825399Z [command]/usr/bin/git log -1 --format=%H
2025-08-21T22:11:18.6847282Z 7174ccffaa581f318dba3b35b302a0ed2df1d891
2025-08-21T22:11:18.7008752Z ##[group]Run cat .env.ci >> "$GITHUB_ENV"
2025-08-21T22:11:18.7033778Z [36;1mcat .env.ci >> "$GITHUB_ENV"[0m
2025-08-21T22:11:18.7035012Z [36;1mecho "DATABASE_URL=***localhost:5432/awa" >> "$GITHUB_ENV"[0m
2025-08-21T22:11:18.7035604Z [36;1mecho "PG_HOST=localhost" >> "$GITHUB_ENV"[0m
2025-08-21T22:11:18.7036083Z [36;1mecho "PG_PORT=5432" >> "$GITHUB_ENV"[0m
2025-08-21T22:11:18.7036542Z [36;1mecho "PG_USER=postgres" >> "$GITHUB_ENV"[0m
2025-08-21T22:11:18.7037009Z [36;1mecho "PG_PASSWORD=pass" >> "$GITHUB_ENV"[0m
2025-08-21T22:11:18.7037511Z [36;1mecho "PG_DATABASE=awa" >> "$GITHUB_ENV"[0m
2025-08-21T22:11:18.7037998Z [36;1mecho "TESTING=1" >> "$GITHUB_ENV"[0m
2025-08-21T22:11:18.7084864Z shell: /usr/bin/bash -e {0}
2025-08-21T22:11:18.7085096Z env:
2025-08-21T22:11:18.7085303Z   REDIS_URL: redis://localhost:6379/0
2025-08-21T22:11:18.7085572Z   RATE_LIMIT_DEFAULT: 100/minute
2025-08-21T22:11:18.7085789Z   TRUST_X_FORWARDED: 1
2025-08-21T22:11:18.7086016Z ##[endgroup]
2025-08-21T22:11:18.7238894Z ##[group]Run actions/setup-python@v5
2025-08-21T22:11:18.7239166Z with:
2025-08-21T22:11:18.7239349Z   python-version: 3.12
2025-08-21T22:11:18.7239541Z   cache: pip
2025-08-21T22:11:18.7240318Z   cache-dependency-path: requirements-dev.txt
services/etl/requirements.txt
services/api/requirements.txt
services/repricer/requirements.txt
services/fees_h10/requirements.txt
services/alert_bot/requirements.txt

2025-08-21T22:11:18.7241138Z   check-latest: false
2025-08-21T22:11:18.7241478Z   token: ***
2025-08-21T22:11:18.7241666Z   update-environment: true
2025-08-21T22:11:18.7241873Z   allow-prereleases: false
2025-08-21T22:11:18.7242071Z   freethreaded: false
2025-08-21T22:11:18.7242241Z env:
2025-08-21T22:11:18.7242420Z   REDIS_URL: redis://localhost:6379/0
2025-08-21T22:11:18.7242660Z   RATE_LIMIT_DEFAULT: 100/minute
2025-08-21T22:11:18.7242866Z   TRUST_X_FORWARDED: 1
2025-08-21T22:11:18.7243044Z   PG_USER: postgres
2025-08-21T22:11:18.7243226Z   PG_PASSWORD: pass
2025-08-21T22:11:18.7243431Z   PG_DATABASE: awa
2025-08-21T22:11:18.7243654Z   PG_HOST: localhost
2025-08-21T22:11:18.7243828Z   PG_PORT: 5432
2025-08-21T22:11:18.7244386Z   PG_SYNC_DSN: ***localhost:5432/awa
2025-08-21T22:11:18.7244799Z   PG_ASYNC_DSN: ***localhost:5432/awa
2025-08-21T22:11:18.7245177Z   DATABASE_URL: ***localhost:5432/awa
2025-08-21T22:11:18.7245406Z   DATA_DIR: /tmp/awa-data
2025-08-21T22:11:18.7245868Z   ENABLE_LIVE: 0
2025-08-21T22:11:18.7246054Z   TESTING: 1
2025-08-21T22:11:18.7246213Z ##[endgroup]
2025-08-21T22:11:18.8859314Z ##[group]Installed versions
2025-08-21T22:11:18.8958475Z Successfully set up CPython (3.12.11)
2025-08-21T22:11:18.8959271Z ##[endgroup]
2025-08-21T22:11:18.9306369Z [command]/opt/hostedtoolcache/Python/3.12.11/x64/bin/pip cache dir
2025-08-21T22:11:19.2023692Z /home/runner/.cache/pip
2025-08-21T22:11:19.3129924Z Cache hit for: setup-python-Linux-x64-24.04-Ubuntu-python-3.12.11-pip-811b81ed6ebfbfffa596cc763769fd73f8be2333e1ac798acb7aae17a56fccd5
2025-08-21T22:11:20.3505576Z Received 205520896 of 376041141 (54.7%), 194.6 MBs/sec
2025-08-21T22:11:21.0991265Z Received 376041141 of 376041141 (100.0%), 204.3 MBs/sec
2025-08-21T22:11:21.0993155Z Cache Size: ~359 MB (376041141 B)
2025-08-21T22:11:21.1031615Z [command]/usr/bin/tar -xf /home/runner/work/_temp/5639c62e-6532-44cb-9916-f2c3f26f40e3/cache.tzst -P -C /home/runner/work/AWA-App/AWA-App --use-compress-program unzstd
2025-08-21T22:11:21.7290691Z Cache restored successfully
2025-08-21T22:11:21.8010919Z Cache restored from key: setup-python-Linux-x64-24.04-Ubuntu-python-3.12.11-pip-811b81ed6ebfbfffa596cc763769fd73f8be2333e1ac798acb7aae17a56fccd5
2025-08-21T22:11:21.8723784Z ##[group]Run actions/cache@v4
2025-08-21T22:11:21.8724037Z with:
2025-08-21T22:11:21.8724483Z   path: ~/.cache/pip
.pytest_cache
~/.ruff_cache

2025-08-21T22:11:21.8724930Z   key: Linux-test-cc13ccef493b9f3a93ad5651164d9fb09282c1111f6f72ce20e0657de16de6b4
2025-08-21T22:11:21.8725350Z   restore-keys: Linux-test-
2025-08-21T22:11:21.8725577Z   enableCrossOsArchive: false
2025-08-21T22:11:21.8725804Z   fail-on-cache-miss: false
2025-08-21T22:11:21.8726012Z   lookup-only: false
2025-08-21T22:11:21.8726195Z   save-always: false
2025-08-21T22:11:21.8726370Z env:
2025-08-21T22:11:21.8726570Z   REDIS_URL: redis://localhost:6379/0
2025-08-21T22:11:21.8726830Z   RATE_LIMIT_DEFAULT: 100/minute
2025-08-21T22:11:21.8727045Z   TRUST_X_FORWARDED: 1
2025-08-21T22:11:21.8727255Z   PG_USER: postgres
2025-08-21T22:11:21.8727432Z   PG_PASSWORD: pass
2025-08-21T22:11:21.8727610Z   PG_DATABASE: awa
2025-08-21T22:11:21.8727788Z   PG_HOST: localhost
2025-08-21T22:11:21.8727960Z   PG_PORT: 5432
2025-08-21T22:11:21.8728608Z   PG_SYNC_DSN: ***localhost:5432/awa
2025-08-21T22:11:21.8729045Z   PG_ASYNC_DSN: ***localhost:5432/awa
2025-08-21T22:11:21.8729523Z   DATABASE_URL: ***localhost:5432/awa
2025-08-21T22:11:21.8729769Z   DATA_DIR: /tmp/awa-data
2025-08-21T22:11:21.8729963Z   ENABLE_LIVE: 0
2025-08-21T22:11:21.8730137Z   TESTING: 1
2025-08-21T22:11:21.8730373Z   pythonLocation: /opt/hostedtoolcache/Python/3.12.11/x64
2025-08-21T22:11:21.8730767Z   PKG_CONFIG_PATH: /opt/hostedtoolcache/Python/3.12.11/x64/lib/pkgconfig
2025-08-21T22:11:21.8731152Z   Python_ROOT_DIR: /opt/hostedtoolcache/Python/3.12.11/x64
2025-08-21T22:11:21.8731498Z   Python2_ROOT_DIR: /opt/hostedtoolcache/Python/3.12.11/x64
2025-08-21T22:11:21.8731844Z   Python3_ROOT_DIR: /opt/hostedtoolcache/Python/3.12.11/x64
2025-08-21T22:11:21.8732191Z   LD_LIBRARY_PATH: /opt/hostedtoolcache/Python/3.12.11/x64/lib
2025-08-21T22:11:21.8732477Z ##[endgroup]
2025-08-21T22:11:22.1097625Z Cache hit for: Linux-test-cc13ccef493b9f3a93ad5651164d9fb09282c1111f6f72ce20e0657de16de6b4
2025-08-21T22:11:23.1499408Z Received 218103808 of 376058925 (58.0%), 206.8 MBs/sec
2025-08-21T22:11:23.9294876Z Received 376058925 of 376058925 (100.0%), 200.8 MBs/sec
2025-08-21T22:11:23.9297800Z Cache Size: ~359 MB (376058925 B)
2025-08-21T22:11:23.9401996Z [command]/usr/bin/tar -xf /home/runner/work/_temp/bbd9ac7f-558f-40cb-a973-433281a49618/cache.tzst -P -C /home/runner/work/AWA-App/AWA-App --use-compress-program unzstd
2025-08-21T22:11:24.5889482Z Cache restored successfully
2025-08-21T22:11:24.6676353Z Cache restored from key: Linux-test-cc13ccef493b9f3a93ad5651164d9fb09282c1111f6f72ce20e0657de16de6b4
2025-08-21T22:11:24.6790274Z ##[group]Run pip install --break-system-packages -r services/etl/requirements.txt
2025-08-21T22:11:24.6790865Z [36;1mpip install --break-system-packages -r services/etl/requirements.txt[0m
2025-08-21T22:11:24.6791552Z [36;1mpip install --break-system-packages -r services/api/requirements.txt[0m
2025-08-21T22:11:24.6792074Z [36;1mpip install --break-system-packages -r services/repricer/requirements.txt[0m
2025-08-21T22:11:24.6792614Z [36;1mpip install --break-system-packages -r services/fees_h10/requirements.txt[0m
2025-08-21T22:11:24.6793171Z [36;1mpip install --break-system-packages -r services/alert_bot/requirements.txt[0m
2025-08-21T22:11:24.6793643Z [36;1mpip install --break-system-packages -r requirements-dev.txt[0m
2025-08-21T22:11:24.6794022Z [36;1mpip install --break-system-packages asyncpg[0m
2025-08-21T22:11:24.6794818Z [36;1mpip install --break-system-packages pytest[0m
2025-08-21T22:11:24.6795264Z [36;1mpip install --break-system-packages keepa==1.3.15 minio==7.1.15[0m
2025-08-21T22:11:24.6836612Z shell: /usr/bin/bash -e {0}
2025-08-21T22:11:24.6836847Z env:
2025-08-21T22:11:24.6837055Z   REDIS_URL: redis://localhost:6379/0
2025-08-21T22:11:24.6837362Z   RATE_LIMIT_DEFAULT: 100/minute
2025-08-21T22:11:24.6837606Z   TRUST_X_FORWARDED: 1
2025-08-21T22:11:24.6837813Z   PG_USER: postgres
2025-08-21T22:11:24.6838015Z   PG_PASSWORD: pass
2025-08-21T22:11:24.6838201Z   PG_DATABASE: awa
2025-08-21T22:11:24.6838386Z   PG_HOST: localhost
2025-08-21T22:11:24.6838574Z   PG_PORT: 5432
2025-08-21T22:11:24.6839006Z   PG_SYNC_DSN: ***localhost:5432/awa
2025-08-21T22:11:24.6839424Z   PG_ASYNC_DSN: ***localhost:5432/awa
2025-08-21T22:11:24.6839807Z   DATABASE_URL: ***localhost:5432/awa
2025-08-21T22:11:24.6840043Z   DATA_DIR: /tmp/awa-data
2025-08-21T22:11:24.6840248Z   ENABLE_LIVE: 0
2025-08-21T22:11:24.6840422Z   TESTING: 1
2025-08-21T22:11:24.6840663Z   pythonLocation: /opt/hostedtoolcache/Python/3.12.11/x64
2025-08-21T22:11:24.6841084Z   PKG_CONFIG_PATH: /opt/hostedtoolcache/Python/3.12.11/x64/lib/pkgconfig
2025-08-21T22:11:24.6841487Z   Python_ROOT_DIR: /opt/hostedtoolcache/Python/3.12.11/x64
2025-08-21T22:11:24.6841848Z   Python2_ROOT_DIR: /opt/hostedtoolcache/Python/3.12.11/x64
2025-08-21T22:11:24.6842211Z   Python3_ROOT_DIR: /opt/hostedtoolcache/Python/3.12.11/x64
2025-08-21T22:11:24.6842572Z   LD_LIBRARY_PATH: /opt/hostedtoolcache/Python/3.12.11/x64/lib
2025-08-21T22:11:24.6842869Z ##[endgroup]
2025-08-21T22:11:25.6174088Z Collecting keepa==1.3.14 (from -r services/etl/requirements.txt (line 1))
2025-08-21T22:11:25.6187078Z   Using cached keepa-1.3.14-py3-none-any.whl.metadata (10 kB)
2025-08-21T22:11:25.6486708Z Collecting minio==7.1.15 (from -r services/etl/requirements.txt (line 2))
2025-08-21T22:11:25.6498629Z   Using cached minio-7.1.15-py3-none-any.whl.metadata (4.2 kB)
2025-08-21T22:11:25.6912169Z Collecting celery==5.3.* (from -r services/etl/requirements.txt (line 3))
2025-08-21T22:11:25.6923197Z   Using cached celery-5.3.6-py3-none-any.whl.metadata (21 kB)
2025-08-21T22:11:25.7426378Z Collecting redis==5.* (from -r services/etl/requirements.txt (line 4))
2025-08-21T22:11:25.7437300Z   Using cached redis-5.3.1-py3-none-any.whl.metadata (9.2 kB)
2025-08-21T22:11:25.8010583Z Collecting python-amazon-sp-api==0.8.0 (from -r services/etl/requirements.txt (line 5))
2025-08-21T22:11:25.8022111Z   Using cached python_amazon_sp_api-0.8.0-py3-none-any.whl.metadata (3.2 kB)
2025-08-21T22:11:25.8269000Z Collecting pydantic-settings==2.2.1 (from -r services/etl/requirements.txt (line 6))
2025-08-21T22:11:25.8281284Z   Using cached pydantic_settings-2.2.1-py3-none-any.whl.metadata (3.1 kB)
2025-08-21T22:11:25.9930123Z Collecting numpy<2 (from -r services/etl/requirements.txt (line 7))
2025-08-21T22:11:25.9942424Z   Using cached numpy-1.26.4-cp312-cp312-manylinux_2_17_x86_64.manylinux2014_x86_64.whl.metadata (61 kB)
2025-08-21T22:11:26.1368359Z Collecting pandas==2.2.* (from -r services/etl/requirements.txt (line 8))
2025-08-21T22:11:26.1380436Z   Using cached pandas-2.2.3-cp312-cp312-manylinux_2_17_x86_64.manylinux2014_x86_64.whl.metadata (89 kB)
2025-08-21T22:11:26.2002637Z Collecting pandera==0.19.* (from -r services/etl/requirements.txt (line 9))
2025-08-21T22:11:26.2013825Z   Using cached pandera-0.19.3-py3-none-any.whl.metadata (15 kB)
2025-08-21T22:11:26.2271594Z Collecting openpyxl==3.1.* (from -r services/etl/requirements.txt (line 10))
2025-08-21T22:11:26.2283072Z   Using cached openpyxl-3.1.5-py2.py3-none-any.whl.metadata (2.5 kB)
2025-08-21T22:11:26.2458305Z Collecting psycopg==3.2.9 (from psycopg[binary]==3.2.9->-r services/etl/requirements.txt (line 11))
2025-08-21T22:11:26.2469390Z   Using cached psycopg-3.2.9-py3-none-any.whl.metadata (4.5 kB)
2025-08-21T22:11:26.3108319Z Collecting psycopg2-binary==2.9.* (from -r services/etl/requirements.txt (line 12))
2025-08-21T22:11:26.3120535Z   Using cached psycopg2_binary-2.9.10-cp312-cp312-manylinux_2_17_x86_64.manylinux2014_x86_64.whl.metadata (4.9 kB)
2025-08-21T22:11:26.3626312Z Collecting sentry-sdk==2.9.0 (from -r services/etl/requirements.txt (line 13))
2025-08-21T22:11:26.3637913Z   Using cached sentry_sdk-2.9.0-py2.py3-none-any.whl.metadata (14 kB)
2025-08-21T22:11:26.4264750Z Collecting requests>=2.2 (from keepa==1.3.14->-r services/etl/requirements.txt (line 1))
2025-08-21T22:11:26.4276516Z   Using cached requests-2.32.5-py3-none-any.whl.metadata (4.9 kB)
2025-08-21T22:11:26.4643821Z Collecting tqdm (from keepa==1.3.14->-r services/etl/requirements.txt (line 1))
2025-08-21T22:11:26.4655465Z   Using cached tqdm-4.67.1-py3-none-any.whl.metadata (57 kB)
2025-08-21T22:11:26.9526681Z Collecting aiohttp (from keepa==1.3.14->-r services/etl/requirements.txt (line 1))
2025-08-21T22:11:26.9539616Z   Using cached aiohttp-3.12.15-cp312-cp312-manylinux_2_17_x86_64.manylinux2014_x86_64.whl.metadata (7.7 kB)
2025-08-21T22:11:27.0680883Z Collecting pydantic (from keepa==1.3.14->-r services/etl/requirements.txt (line 1))
2025-08-21T22:11:27.0692488Z   Using cached pydantic-2.11.7-py3-none-any.whl.metadata (67 kB)
2025-08-21T22:11:27.0934793Z Collecting certifi (from minio==7.1.15->-r services/etl/requirements.txt (line 2))
2025-08-21T22:11:27.0945682Z   Using cached certifi-2025.8.3-py3-none-any.whl.metadata (2.4 kB)
2025-08-21T22:11:27.1206568Z Collecting urllib3 (from minio==7.1.15->-r services/etl/requirements.txt (line 2))
2025-08-21T22:11:27.1217195Z   Using cached urllib3-2.5.0-py3-none-any.whl.metadata (6.5 kB)
2025-08-21T22:11:27.1385452Z Collecting six<2,>=1.15 (from python-amazon-sp-api==0.8.0->-r services/etl/requirements.txt (line 5))
2025-08-21T22:11:27.1396272Z   Using cached six-1.17.0-py2.py3-none-any.whl.metadata (1.7 kB)
2025-08-21T22:11:27.5729772Z Collecting boto3<2,>=1.16.39 (from python-amazon-sp-api==0.8.0->-r services/etl/requirements.txt (line 5))
2025-08-21T22:11:27.6181696Z   Downloading boto3-1.40.15-py3-none-any.whl.metadata (6.7 kB)
2025-08-21T22:11:27.6406842Z Collecting cachetools~=4.2.0 (from python-amazon-sp-api==0.8.0->-r services/etl/requirements.txt (line 5))
2025-08-21T22:11:27.6418308Z   Using cached cachetools-4.2.4-py3-none-any.whl.metadata (4.8 kB)
2025-08-21T22:11:27.7223559Z Collecting pycryptodome (from python-amazon-sp-api==0.8.0->-r services/etl/requirements.txt (line 5))
2025-08-21T22:11:27.7235667Z   Using cached pycryptodome-3.23.0-cp37-abi3-manylinux_2_17_x86_64.manylinux2014_x86_64.whl.metadata (3.4 kB)
2025-08-21T22:11:27.7601920Z Collecting pytz (from python-amazon-sp-api==0.8.0->-r services/etl/requirements.txt (line 5))
2025-08-21T22:11:27.7613621Z   Using cached pytz-2025.2-py2.py3-none-any.whl.metadata (22 kB)
2025-08-21T22:11:27.7750377Z Collecting confuse~=1.4.0 (from python-amazon-sp-api==0.8.0->-r services/etl/requirements.txt (line 5))
2025-08-21T22:11:27.7761882Z   Using cached confuse-1.4.0-py2.py3-none-any.whl.metadata (3.8 kB)
2025-08-21T22:11:27.8044518Z Collecting python-dotenv>=0.21.0 (from pydantic-settings==2.2.1->-r services/etl/requirements.txt (line 6))
2025-08-21T22:11:27.8055839Z   Using cached python_dotenv-1.1.1-py3-none-any.whl.metadata (24 kB)
2025-08-21T22:11:27.8267756Z Collecting typing-extensions>=4.6 (from psycopg==3.2.9->psycopg[binary]==3.2.9->-r services/etl/requirements.txt (line 11))
2025-08-21T22:11:27.8279507Z   Using cached typing_extensions-4.14.1-py3-none-any.whl.metadata (3.0 kB)
2025-08-21T22:11:27.9782166Z Collecting psycopg-binary==3.2.9 (from psycopg[binary]==3.2.9->-r services/etl/requirements.txt (line 11))
2025-08-21T22:11:27.9795179Z   Using cached psycopg_binary-3.2.9-cp312-cp312-manylinux_2_17_x86_64.manylinux2014_x86_64.whl.metadata (2.9 kB)
2025-08-21T22:11:28.0004569Z Collecting billiard<5.0,>=4.2.0 (from celery==5.3.*->-r services/etl/requirements.txt (line 3))
2025-08-21T22:11:28.0016083Z   Using cached billiard-4.2.1-py3-none-any.whl.metadata (4.4 kB)
2025-08-21T22:11:28.0133656Z Collecting click-didyoumean>=0.3.0 (from celery==5.3.*->-r services/etl/requirements.txt (line 3))
2025-08-21T22:11:28.0145184Z   Using cached click_didyoumean-0.3.1-py3-none-any.whl.metadata (3.9 kB)
2025-08-21T22:11:28.0263011Z Collecting click-plugins>=1.1.1 (from celery==5.3.*->-r services/etl/requirements.txt (line 3))
2025-08-21T22:11:28.0275342Z   Using cached click_plugins-1.1.1.2-py2.py3-none-any.whl.metadata (6.5 kB)
2025-08-21T22:11:28.0399367Z Collecting click-repl>=0.2.0 (from celery==5.3.*->-r services/etl/requirements.txt (line 3))
2025-08-21T22:11:28.0412220Z   Using cached click_repl-0.3.0-py3-none-any.whl.metadata (3.6 kB)
2025-08-21T22:11:28.0614638Z Collecting click<9.0,>=8.1.2 (from celery==5.3.*->-r services/etl/requirements.txt (line 3))
2025-08-21T22:11:28.0626105Z   Using cached click-8.2.1-py3-none-any.whl.metadata (2.5 kB)
2025-08-21T22:11:28.0953627Z Collecting kombu<6.0,>=5.3.4 (from celery==5.3.*->-r services/etl/requirements.txt (line 3))
2025-08-21T22:11:28.0964844Z   Using cached kombu-5.5.4-py3-none-any.whl.metadata (3.5 kB)
2025-08-21T22:11:28.1165903Z Collecting python-dateutil>=2.8.2 (from celery==5.3.*->-r services/etl/requirements.txt (line 3))
2025-08-21T22:11:28.1176770Z   Using cached python_dateutil-2.9.0.post0-py2.py3-none-any.whl.metadata (8.4 kB)
2025-08-21T22:11:28.1333165Z Collecting tzdata>=2022.7 (from celery==5.3.*->-r services/etl/requirements.txt (line 3))
2025-08-21T22:11:28.1343997Z   Using cached tzdata-2025.2-py2.py3-none-any.whl.metadata (1.4 kB)
2025-08-21T22:11:28.1471552Z Collecting vine<6.0,>=5.1.0 (from celery==5.3.*->-r services/etl/requirements.txt (line 3))
2025-08-21T22:11:28.1482351Z   Using cached vine-5.1.0-py3-none-any.whl.metadata (2.7 kB)
2025-08-21T22:11:28.1672057Z Collecting PyJWT>=2.9.0 (from redis==5.*->-r services/etl/requirements.txt (line 4))
2025-08-21T22:11:28.1683045Z   Using cached PyJWT-2.10.1-py3-none-any.whl.metadata (4.0 kB)
2025-08-21T22:11:28.1995380Z Collecting multimethod<=1.10.0 (from pandera==0.19.*->-r services/etl/requirements.txt (line 9))
2025-08-21T22:11:28.2006884Z   Using cached multimethod-1.10-py3-none-any.whl.metadata (8.2 kB)
2025-08-21T22:11:28.2252130Z Collecting packaging>=20.0 (from pandera==0.19.*->-r services/etl/requirements.txt (line 9))
2025-08-21T22:11:28.2263140Z   Using cached packaging-25.0-py3-none-any.whl.metadata (3.3 kB)
2025-08-21T22:11:28.2556816Z Collecting typeguard (from pandera==0.19.*->-r services/etl/requirements.txt (line 9))
2025-08-21T22:11:28.2567578Z   Using cached typeguard-4.4.4-py3-none-any.whl.metadata (3.3 kB)
2025-08-21T22:11:28.2715836Z Collecting typing-inspect>=0.6.0 (from pandera==0.19.*->-r services/etl/requirements.txt (line 9))
2025-08-21T22:11:28.2726463Z   Using cached typing_inspect-0.9.0-py3-none-any.whl.metadata (1.5 kB)
2025-08-21T22:11:28.3692483Z Collecting wrapt (from pandera==0.19.*->-r services/etl/requirements.txt (line 9))
2025-08-21T22:11:28.3704459Z   Using cached wrapt-1.17.3-cp312-cp312-manylinux1_x86_64.manylinux_2_28_x86_64.manylinux_2_5_x86_64.whl.metadata (6.4 kB)
2025-08-21T22:11:28.3828627Z Collecting et-xmlfile (from openpyxl==3.1.*->-r services/etl/requirements.txt (line 10))
2025-08-21T22:11:28.3839574Z   Using cached et_xmlfile-2.0.0-py3-none-any.whl.metadata (2.7 kB)
2025-08-21T22:11:28.7768569Z Collecting botocore<1.41.0,>=1.40.15 (from boto3<2,>=1.16.39->python-amazon-sp-api==0.8.0->-r services/etl/requirements.txt (line 5))
2025-08-21T22:11:28.7896070Z   Downloading botocore-1.40.15-py3-none-any.whl.metadata (5.7 kB)
2025-08-21T22:11:28.8075068Z Collecting jmespath<2.0.0,>=0.7.1 (from boto3<2,>=1.16.39->python-amazon-sp-api==0.8.0->-r services/etl/requirements.txt (line 5))
2025-08-21T22:11:28.8086674Z   Using cached jmespath-1.0.1-py3-none-any.whl.metadata (7.6 kB)
2025-08-21T22:11:28.8325431Z Collecting s3transfer<0.14.0,>=0.13.0 (from boto3<2,>=1.16.39->python-amazon-sp-api==0.8.0->-r services/etl/requirements.txt (line 5))
2025-08-21T22:11:28.8337085Z   Using cached s3transfer-0.13.1-py3-none-any.whl.metadata (1.7 kB)
2025-08-21T22:11:28.8897949Z Collecting pyyaml (from confuse~=1.4.0->python-amazon-sp-api==0.8.0->-r services/etl/requirements.txt (line 5))
2025-08-21T22:11:28.8910589Z   Using cached PyYAML-6.0.2-cp312-cp312-manylinux_2_17_x86_64.manylinux2014_x86_64.whl.metadata (2.1 kB)
2025-08-21T22:11:28.9137399Z Collecting amqp<6.0.0,>=5.1.1 (from kombu<6.0,>=5.3.4->celery==5.3.*->-r services/etl/requirements.txt (line 3))
2025-08-21T22:11:28.9148906Z   Using cached amqp-5.3.1-py3-none-any.whl.metadata (8.9 kB)
2025-08-21T22:11:29.0739663Z Collecting prompt-toolkit>=3.0.36 (from click-repl>=0.2.0->celery==5.3.*->-r services/etl/requirements.txt (line 3))
2025-08-21T22:11:29.0751272Z   Using cached prompt_toolkit-3.0.51-py3-none-any.whl.metadata (6.4 kB)
2025-08-21T22:11:29.0924658Z Collecting wcwidth (from prompt-toolkit>=3.0.36->click-repl>=0.2.0->celery==5.3.*->-r services/etl/requirements.txt (line 3))
2025-08-21T22:11:29.0936243Z   Using cached wcwidth-0.2.13-py2.py3-none-any.whl.metadata (14 kB)
2025-08-21T22:11:29.1083627Z Collecting annotated-types>=0.6.0 (from pydantic->keepa==1.3.14->-r services/etl/requirements.txt (line 1))
2025-08-21T22:11:29.1095058Z   Using cached annotated_types-0.7.0-py3-none-any.whl.metadata (15 kB)
2025-08-21T22:11:29.7618781Z Collecting pydantic-core==2.33.2 (from pydantic->keepa==1.3.14->-r services/etl/requirements.txt (line 1))
2025-08-21T22:11:29.7631655Z   Using cached pydantic_core-2.33.2-cp312-cp312-manylinux_2_17_x86_64.manylinux2014_x86_64.whl.metadata (6.8 kB)
2025-08-21T22:11:29.7781096Z Collecting typing-inspection>=0.4.0 (from pydantic->keepa==1.3.14->-r services/etl/requirements.txt (line 1))
2025-08-21T22:11:29.7792307Z   Using cached typing_inspection-0.4.1-py3-none-any.whl.metadata (2.6 kB)
2025-08-21T22:11:29.8679735Z Collecting charset_normalizer<4,>=2 (from requests>=2.2->keepa==1.3.14->-r services/etl/requirements.txt (line 1))
2025-08-21T22:11:29.8691574Z   Using cached charset_normalizer-3.4.3-cp312-cp312-manylinux2014_x86_64.manylinux_2_17_x86_64.manylinux_2_28_x86_64.whl.metadata (36 kB)
2025-08-21T22:11:29.8878023Z Collecting idna<4,>=2.5 (from requests>=2.2->keepa==1.3.14->-r services/etl/requirements.txt (line 1))
2025-08-21T22:11:29.8888744Z   Using cached idna-3.10-py3-none-any.whl.metadata (10 kB)
2025-08-21T22:11:29.9263264Z Collecting mypy-extensions>=0.3.0 (from typing-inspect>=0.6.0->pandera==0.19.*->-r services/etl/requirements.txt (line 9))
2025-08-21T22:11:29.9274764Z   Using cached mypy_extensions-1.1.0-py3-none-any.whl.metadata (1.1 kB)
2025-08-21T22:11:29.9605778Z Collecting aiohappyeyeballs>=2.5.0 (from aiohttp->keepa==1.3.14->-r services/etl/requirements.txt (line 1))
2025-08-21T22:11:29.9617002Z   Using cached aiohappyeyeballs-2.6.1-py3-none-any.whl.metadata (5.9 kB)
2025-08-21T22:11:29.9738068Z Collecting aiosignal>=1.4.0 (from aiohttp->keepa==1.3.14->-r services/etl/requirements.txt (line 1))
2025-08-21T22:11:29.9749118Z   Using cached aiosignal-1.4.0-py3-none-any.whl.metadata (3.7 kB)
2025-08-21T22:11:29.9916236Z Collecting attrs>=17.3.0 (from aiohttp->keepa==1.3.14->-r services/etl/requirements.txt (line 1))
2025-08-21T22:11:29.9927274Z   Using cached attrs-25.3.0-py3-none-any.whl.metadata (10 kB)
2025-08-21T22:11:30.0614484Z Collecting frozenlist>=1.1.1 (from aiohttp->keepa==1.3.14->-r services/etl/requirements.txt (line 1))
2025-08-21T22:11:30.0625915Z   Using cached frozenlist-1.7.0-cp312-cp312-manylinux_2_5_x86_64.manylinux1_x86_64.manylinux_2_17_x86_64.manylinux2014_x86_64.whl.metadata (18 kB)
2025-08-21T22:11:30.3540061Z Collecting multidict<7.0,>=4.5 (from aiohttp->keepa==1.3.14->-r services/etl/requirements.txt (line 1))
2025-08-21T22:11:30.3554026Z   Using cached multidict-6.6.4-cp312-cp312-manylinux2014_x86_64.manylinux_2_17_x86_64.manylinux_2_28_x86_64.whl.metadata (5.3 kB)
2025-08-21T22:11:30.3997767Z Collecting propcache>=0.2.0 (from aiohttp->keepa==1.3.14->-r services/etl/requirements.txt (line 1))
2025-08-21T22:11:30.4010061Z   Using cached propcache-0.3.2-cp312-cp312-manylinux_2_17_x86_64.manylinux2014_x86_64.whl.metadata (12 kB)
2025-08-21T22:11:30.6378032Z Collecting yarl<2.0,>=1.17.0 (from aiohttp->keepa==1.3.14->-r services/etl/requirements.txt (line 1))
2025-08-21T22:11:30.6393572Z   Using cached yarl-1.20.1-cp312-cp312-manylinux_2_17_x86_64.manylinux2014_x86_64.whl.metadata (73 kB)
2025-08-21T22:11:30.7011276Z Using cached keepa-1.3.14-py3-none-any.whl (33 kB)
2025-08-21T22:11:30.7022242Z Using cached minio-7.1.15-py3-none-any.whl (77 kB)
2025-08-21T22:11:30.7033826Z Using cached python_amazon_sp_api-0.8.0-py3-none-any.whl (93 kB)
2025-08-21T22:11:30.7045604Z Using cached pydantic_settings-2.2.1-py3-none-any.whl (13 kB)
2025-08-21T22:11:30.7056536Z Using cached psycopg-3.2.9-py3-none-any.whl (202 kB)
2025-08-21T22:11:30.7068981Z Using cached sentry_sdk-2.9.0-py2.py3-none-any.whl (301 kB)
2025-08-21T22:11:30.7082849Z Using cached psycopg_binary-3.2.9-cp312-cp312-manylinux_2_17_x86_64.manylinux2014_x86_64.whl (4.4 MB)
2025-08-21T22:11:30.7126540Z Using cached celery-5.3.6-py3-none-any.whl (422 kB)
2025-08-21T22:11:30.7141160Z Using cached redis-5.3.1-py3-none-any.whl (272 kB)
2025-08-21T22:11:30.7154729Z Using cached numpy-1.26.4-cp312-cp312-manylinux_2_17_x86_64.manylinux2014_x86_64.whl (18.0 MB)
2025-08-21T22:11:30.7293917Z Using cached pandas-2.2.3-cp312-cp312-manylinux_2_17_x86_64.manylinux2014_x86_64.whl (12.7 MB)
2025-08-21T22:11:30.7396208Z Using cached pandera-0.19.3-py3-none-any.whl (251 kB)
2025-08-21T22:11:30.7408995Z Using cached openpyxl-3.1.5-py2.py3-none-any.whl (250 kB)
2025-08-21T22:11:30.7422315Z Using cached psycopg2_binary-2.9.10-cp312-cp312-manylinux_2_17_x86_64.manylinux2014_x86_64.whl (3.0 MB)
2025-08-21T22:11:30.7455519Z Using cached billiard-4.2.1-py3-none-any.whl (86 kB)
2025-08-21T22:11:30.7529287Z Downloading boto3-1.40.15-py3-none-any.whl (140 kB)
2025-08-21T22:11:30.7767625Z Downloading botocore-1.40.15-py3-none-any.whl (14.0 MB)
2025-08-21T22:11:30.8510936Z    ━━━━━━━━━━━━━━━━━━━━━━━━━━━━━━━━━━━━━━━━ 14.0/14.0 MB 204.0 MB/s  0:00:00
2025-08-21T22:11:30.8523177Z Using cached cachetools-4.2.4-py3-none-any.whl (10 kB)
2025-08-21T22:11:30.8534928Z Using cached click-8.2.1-py3-none-any.whl (102 kB)
2025-08-21T22:11:30.8547454Z Using cached confuse-1.4.0-py2.py3-none-any.whl (21 kB)
2025-08-21T22:11:30.8560661Z Using cached jmespath-1.0.1-py3-none-any.whl (20 kB)
2025-08-21T22:11:30.8572028Z Using cached kombu-5.5.4-py3-none-any.whl (210 kB)
2025-08-21T22:11:30.8584595Z Using cached vine-5.1.0-py3-none-any.whl (9.6 kB)
2025-08-21T22:11:30.8595693Z Using cached amqp-5.3.1-py3-none-any.whl (50 kB)
2025-08-21T22:11:30.8607000Z Using cached multimethod-1.10-py3-none-any.whl (9.9 kB)
2025-08-21T22:11:30.8618522Z Using cached python_dateutil-2.9.0.post0-py2.py3-none-any.whl (229 kB)
2025-08-21T22:11:30.8631223Z Using cached s3transfer-0.13.1-py3-none-any.whl (85 kB)
2025-08-21T22:11:30.8642939Z Using cached six-1.17.0-py2.py3-none-any.whl (11 kB)
2025-08-21T22:11:30.8654320Z Using cached urllib3-2.5.0-py3-none-any.whl (129 kB)
2025-08-21T22:11:30.8666353Z Using cached click_didyoumean-0.3.1-py3-none-any.whl (3.6 kB)
2025-08-21T22:11:30.8677434Z Using cached click_plugins-1.1.1.2-py2.py3-none-any.whl (11 kB)
2025-08-21T22:11:30.8688424Z Using cached click_repl-0.3.0-py3-none-any.whl (10 kB)
2025-08-21T22:11:30.8699558Z Using cached packaging-25.0-py3-none-any.whl (66 kB)
2025-08-21T22:11:30.8711579Z Using cached prompt_toolkit-3.0.51-py3-none-any.whl (387 kB)
2025-08-21T22:11:30.8725424Z Using cached pydantic-2.11.7-py3-none-any.whl (444 kB)
2025-08-21T22:11:30.8740031Z Using cached pydantic_core-2.33.2-cp312-cp312-manylinux_2_17_x86_64.manylinux2014_x86_64.whl (2.0 MB)
2025-08-21T22:11:30.8765590Z Using cached annotated_types-0.7.0-py3-none-any.whl (13 kB)
2025-08-21T22:11:30.8776714Z Using cached PyJWT-2.10.1-py3-none-any.whl (22 kB)
2025-08-21T22:11:30.8787965Z Using cached python_dotenv-1.1.1-py3-none-any.whl (20 kB)
2025-08-21T22:11:30.8799298Z Using cached pytz-2025.2-py2.py3-none-any.whl (509 kB)
2025-08-21T22:11:30.8814090Z Using cached requests-2.32.5-py3-none-any.whl (64 kB)
2025-08-21T22:11:30.8826489Z Using cached charset_normalizer-3.4.3-cp312-cp312-manylinux2014_x86_64.manylinux_2_17_x86_64.manylinux_2_28_x86_64.whl (151 kB)
2025-08-21T22:11:30.8838737Z Using cached idna-3.10-py3-none-any.whl (70 kB)
2025-08-21T22:11:30.8850547Z Using cached certifi-2025.8.3-py3-none-any.whl (161 kB)
2025-08-21T22:11:30.8862961Z Using cached typing_extensions-4.14.1-py3-none-any.whl (43 kB)
2025-08-21T22:11:30.8874521Z Using cached typing_inspect-0.9.0-py3-none-any.whl (8.8 kB)
2025-08-21T22:11:30.8885793Z Using cached mypy_extensions-1.1.0-py3-none-any.whl (5.0 kB)
2025-08-21T22:11:30.8897194Z Using cached typing_inspection-0.4.1-py3-none-any.whl (14 kB)
2025-08-21T22:11:30.8908573Z Using cached tzdata-2025.2-py2.py3-none-any.whl (347 kB)
2025-08-21T22:11:30.8922694Z Using cached aiohttp-3.12.15-cp312-cp312-manylinux_2_17_x86_64.manylinux2014_x86_64.whl (1.7 MB)
2025-08-21T22:11:30.8946999Z Using cached multidict-6.6.4-cp312-cp312-manylinux2014_x86_64.manylinux_2_17_x86_64.manylinux_2_28_x86_64.whl (256 kB)
2025-08-21T22:11:30.8959885Z Using cached yarl-1.20.1-cp312-cp312-manylinux_2_17_x86_64.manylinux2014_x86_64.whl (355 kB)
2025-08-21T22:11:30.8973563Z Using cached aiohappyeyeballs-2.6.1-py3-none-any.whl (15 kB)
2025-08-21T22:11:30.8985045Z Using cached aiosignal-1.4.0-py3-none-any.whl (7.5 kB)
2025-08-21T22:11:30.8996388Z Using cached attrs-25.3.0-py3-none-any.whl (63 kB)
2025-08-21T22:11:30.9008723Z Using cached frozenlist-1.7.0-cp312-cp312-manylinux_2_5_x86_64.manylinux1_x86_64.manylinux_2_17_x86_64.manylinux2014_x86_64.whl (241 kB)
2025-08-21T22:11:30.9021690Z Using cached propcache-0.3.2-cp312-cp312-manylinux_2_17_x86_64.manylinux2014_x86_64.whl (224 kB)
2025-08-21T22:11:30.9034388Z Using cached et_xmlfile-2.0.0-py3-none-any.whl (18 kB)
2025-08-21T22:11:30.9067431Z Using cached pycryptodome-3.23.0-cp37-abi3-manylinux_2_17_x86_64.manylinux2014_x86_64.whl (2.3 MB)
2025-08-21T22:11:30.9079463Z Using cached PyYAML-6.0.2-cp312-cp312-manylinux_2_17_x86_64.manylinux2014_x86_64.whl (767 kB)
2025-08-21T22:11:30.9096257Z Using cached tqdm-4.67.1-py3-none-any.whl (78 kB)
2025-08-21T22:11:30.9108034Z Using cached typeguard-4.4.4-py3-none-any.whl (34 kB)
2025-08-21T22:11:30.9119547Z Using cached wcwidth-0.2.13-py2.py3-none-any.whl (34 kB)
2025-08-21T22:11:30.9131478Z Using cached wrapt-1.17.3-cp312-cp312-manylinux1_x86_64.manylinux_2_28_x86_64.manylinux_2_5_x86_64.whl (88 kB)
2025-08-21T22:11:31.1806757Z Installing collected packages: wcwidth, pytz, wrapt, vine, urllib3, tzdata, typing-extensions, tqdm, six, pyyaml, python-dotenv, PyJWT, pycryptodome, psycopg2-binary, psycopg-binary, propcache, prompt-toolkit, packaging, numpy, mypy-extensions, multimethod, multidict, jmespath, idna, frozenlist, et-xmlfile, click, charset_normalizer, certifi, cachetools, billiard, attrs, annotated-types, aiohappyeyeballs, yarl, typing-inspection, typing-inspect, typeguard, sentry-sdk, requests, redis, python-dateutil, pydantic-core, psycopg, openpyxl, minio, confuse, click-repl, click-plugins, click-didyoumean, amqp, aiosignal, pydantic, pandas, kombu, botocore, aiohttp, s3transfer, pydantic-settings, pandera, keepa, celery, boto3, python-amazon-sp-api
2025-08-21T22:11:42.3617898Z 
2025-08-21T22:11:42.3678695Z Successfully installed PyJWT-2.10.1 aiohappyeyeballs-2.6.1 aiohttp-3.12.15 aiosignal-1.4.0 amqp-5.3.1 annotated-types-0.7.0 attrs-25.3.0 billiard-4.2.1 boto3-1.40.15 botocore-1.40.15 cachetools-4.2.4 celery-5.3.6 certifi-2025.8.3 charset_normalizer-3.4.3 click-8.2.1 click-didyoumean-0.3.1 click-plugins-1.1.1.2 click-repl-0.3.0 confuse-1.4.0 et-xmlfile-2.0.0 frozenlist-1.7.0 idna-3.10 jmespath-1.0.1 keepa-1.3.14 kombu-5.5.4 minio-7.1.15 multidict-6.6.4 multimethod-1.10 mypy-extensions-1.1.0 numpy-1.26.4 openpyxl-3.1.5 packaging-25.0 pandas-2.2.3 pandera-0.19.3 prompt-toolkit-3.0.51 propcache-0.3.2 psycopg-3.2.9 psycopg-binary-3.2.9 psycopg2-binary-2.9.10 pycryptodome-3.23.0 pydantic-2.11.7 pydantic-core-2.33.2 pydantic-settings-2.2.1 python-amazon-sp-api-0.8.0 python-dateutil-2.9.0.post0 python-dotenv-1.1.1 pytz-2025.2 pyyaml-6.0.2 redis-5.3.1 requests-2.32.5 s3transfer-0.13.1 sentry-sdk-2.9.0 six-1.17.0 tqdm-4.67.1 typeguard-4.4.4 typing-extensions-4.14.1 typing-inspect-0.9.0 typing-inspection-0.4.1 tzdata-2025.2 urllib3-2.5.0 vine-5.1.0 wcwidth-0.2.13 wrapt-1.17.3 yarl-1.20.1
2025-08-21T22:11:43.7642918Z Collecting uvicorn==0.29.0 (from -r services/api/requirements.txt (line 1))
2025-08-21T22:11:43.7655850Z   Using cached uvicorn-0.29.0-py3-none-any.whl.metadata (6.3 kB)
2025-08-21T22:11:43.7691557Z Requirement already satisfied: pydantic-settings==2.2.1 in /opt/hostedtoolcache/Python/3.12.11/x64/lib/python3.12/site-packages (from -r services/api/requirements.txt (line 2)) (2.2.1)
2025-08-21T22:11:43.8097077Z Collecting fastapi==0.111.0 (from -r services/api/requirements.txt (line 3))
2025-08-21T22:11:43.8108947Z   Using cached fastapi-0.111.0-py3-none-any.whl.metadata (25 kB)
2025-08-21T22:11:44.0932502Z Collecting sqlalchemy==2.0.29 (from -r services/api/requirements.txt (line 4))
2025-08-21T22:11:44.0946110Z   Using cached SQLAlchemy-2.0.29-cp312-cp312-manylinux_2_17_x86_64.manylinux2014_x86_64.whl.metadata (9.6 kB)
2025-08-21T22:11:44.1248014Z Collecting alembic==1.13.1 (from -r services/api/requirements.txt (line 5))
2025-08-21T22:11:44.1259261Z   Using cached alembic-1.13.1-py3-none-any.whl.metadata (7.4 kB)
2025-08-21T22:11:44.1284496Z Requirement already satisfied: psycopg==3.2.9 in /opt/hostedtoolcache/Python/3.12.11/x64/lib/python3.12/site-packages (from psycopg[binary]==3.2.9->-r services/api/requirements.txt (line 6)) (3.2.9)
2025-08-21T22:11:44.1471248Z Collecting httpx==0.27.2 (from -r services/api/requirements.txt (line 7))
2025-08-21T22:11:44.1483104Z   Using cached httpx-0.27.2-py3-none-any.whl.metadata (7.1 kB)
2025-08-21T22:11:44.1903440Z Collecting asyncpg==0.29.0 (from -r services/api/requirements.txt (line 8))
2025-08-21T22:11:44.1915101Z   Using cached asyncpg-0.29.0-cp312-cp312-manylinux_2_17_x86_64.manylinux2014_x86_64.whl.metadata (4.4 kB)
2025-08-21T22:11:44.4535355Z Collecting boto3==1.34.162 (from -r services/api/requirements.txt (line 9))
2025-08-21T22:11:44.4548722Z   Using cached boto3-1.34.162-py3-none-any.whl.metadata (6.6 kB)
2025-08-21T22:11:44.4727562Z Collecting Jinja2==3.1.5 (from -r services/api/requirements.txt (line 10))
2025-08-21T22:11:44.4738797Z   Using cached jinja2-3.1.5-py3-none-any.whl.metadata (2.6 kB)
2025-08-21T22:11:44.4757354Z Requirement already satisfied: celery==5.3.* in /opt/hostedtoolcache/Python/3.12.11/x64/lib/python3.12/site-packages (from -r services/api/requirements.txt (line 11)) (5.3.6)
2025-08-21T22:11:44.4907188Z Collecting structlog==24.1.0 (from -r services/api/requirements.txt (line 12))
2025-08-21T22:11:44.4918599Z   Using cached structlog-24.1.0-py3-none-any.whl.metadata (6.9 kB)
2025-08-21T22:11:44.5087830Z Collecting asgi-correlation-id==4.3.1 (from -r services/api/requirements.txt (line 13))
2025-08-21T22:11:44.5099283Z   Using cached asgi_correlation_id-4.3.1-py3-none-any.whl.metadata (28 kB)
2025-08-21T22:11:44.5251676Z Collecting fastapi-limiter==0.1.6 (from -r services/api/requirements.txt (line 14))
2025-08-21T22:11:44.5262984Z   Using cached fastapi_limiter-0.1.6-py3-none-any.whl.metadata (5.3 kB)
2025-08-21T22:11:44.5536546Z Collecting redis==5.0.8 (from -r services/api/requirements.txt (line 15))
2025-08-21T22:11:44.5548334Z   Using cached redis-5.0.8-py3-none-any.whl.metadata (9.2 kB)
2025-08-21T22:11:44.5580369Z Requirement already satisfied: sentry-sdk==2.9.0 in /opt/hostedtoolcache/Python/3.12.11/x64/lib/python3.12/site-packages (from sentry-sdk[celery,fastapi,sqlalchemy]==2.9.0->-r services/api/requirements.txt (line 16)) (2.9.0)
2025-08-21T22:11:44.5594564Z Requirement already satisfied: click>=7.0 in /opt/hostedtoolcache/Python/3.12.11/x64/lib/python3.12/site-packages (from uvicorn==0.29.0->-r services/api/requirements.txt (line 1)) (8.2.1)
2025-08-21T22:11:44.5877136Z Collecting h11>=0.8 (from uvicorn==0.29.0->-r services/api/requirements.txt (line 1))
2025-08-21T22:11:44.5888853Z   Using cached h11-0.16.0-py3-none-any.whl.metadata (8.3 kB)
2025-08-21T22:11:44.5918023Z Requirement already satisfied: pydantic>=2.3.0 in /opt/hostedtoolcache/Python/3.12.11/x64/lib/python3.12/site-packages (from pydantic-settings==2.2.1->-r services/api/requirements.txt (line 2)) (2.11.7)
2025-08-21T22:11:44.5923798Z Requirement already satisfied: python-dotenv>=0.21.0 in /opt/hostedtoolcache/Python/3.12.11/x64/lib/python3.12/site-packages (from pydantic-settings==2.2.1->-r services/api/requirements.txt (line 2)) (1.1.1)
2025-08-21T22:11:44.6218655Z Collecting starlette<0.38.0,>=0.37.2 (from fastapi==0.111.0->-r services/api/requirements.txt (line 3))
2025-08-21T22:11:44.6230190Z   Using cached starlette-0.37.2-py3-none-any.whl.metadata (5.9 kB)
2025-08-21T22:11:44.6261340Z Requirement already satisfied: typing-extensions>=4.8.0 in /opt/hostedtoolcache/Python/3.12.11/x64/lib/python3.12/site-packages (from fastapi==0.111.0->-r services/api/requirements.txt (line 3)) (4.14.1)
2025-08-21T22:11:44.6373175Z Collecting fastapi-cli>=0.0.2 (from fastapi==0.111.0->-r services/api/requirements.txt (line 3))
2025-08-21T22:11:44.6384881Z   Using cached fastapi_cli-0.0.8-py3-none-any.whl.metadata (6.3 kB)
2025-08-21T22:11:44.6599272Z Collecting python-multipart>=0.0.7 (from fastapi==0.111.0->-r services/api/requirements.txt (line 3))
2025-08-21T22:11:44.6610829Z   Using cached python_multipart-0.0.20-py3-none-any.whl.metadata (1.8 kB)
2025-08-21T22:11:44.7236599Z Collecting ujson!=4.0.2,!=4.1.0,!=4.2.0,!=4.3.0,!=5.0.0,!=5.1.0,>=4.0.1 (from fastapi==0.111.0->-r services/api/requirements.txt (line 3))
2025-08-21T22:11:44.7248319Z   Using cached ujson-5.11.0-cp312-cp312-manylinux_2_24_x86_64.manylinux_2_28_x86_64.whl.metadata (9.4 kB)
2025-08-21T22:11:44.9533498Z Collecting orjson>=3.2.1 (from fastapi==0.111.0->-r services/api/requirements.txt (line 3))
2025-08-21T22:11:44.9547379Z   Using cached orjson-3.11.2-cp312-cp312-manylinux_2_17_x86_64.manylinux2014_x86_64.whl.metadata (1.2 kB)
2025-08-21T22:11:44.9697218Z Collecting email_validator>=2.0.0 (from fastapi==0.111.0->-r services/api/requirements.txt (line 3))
2025-08-21T22:11:44.9708526Z   Using cached email_validator-2.2.0-py3-none-any.whl.metadata (25 kB)
2025-08-21T22:11:45.0967493Z Collecting greenlet!=0.4.17 (from sqlalchemy==2.0.29->-r services/api/requirements.txt (line 4))
2025-08-21T22:11:45.0980601Z   Using cached greenlet-3.2.4-cp312-cp312-manylinux_2_24_x86_64.manylinux_2_28_x86_64.whl.metadata (4.1 kB)
2025-08-21T22:11:45.1309047Z Collecting Mako (from alembic==1.13.1->-r services/api/requirements.txt (line 5))
2025-08-21T22:11:45.1320664Z   Using cached mako-1.3.10-py3-none-any.whl.metadata (2.9 kB)
2025-08-21T22:11:45.1585232Z Collecting anyio (from httpx==0.27.2->-r services/api/requirements.txt (line 7))
2025-08-21T22:11:45.1596914Z   Using cached anyio-4.10.0-py3-none-any.whl.metadata (4.0 kB)
2025-08-21T22:11:45.1619325Z Requirement already satisfied: certifi in /opt/hostedtoolcache/Python/3.12.11/x64/lib/python3.12/site-packages (from httpx==0.27.2->-r services/api/requirements.txt (line 7)) (2025.8.3)
2025-08-21T22:11:45.1817325Z Collecting httpcore==1.* (from httpx==0.27.2->-r services/api/requirements.txt (line 7))
2025-08-21T22:11:45.1828754Z   Using cached httpcore-1.0.9-py3-none-any.whl.metadata (21 kB)
2025-08-21T22:11:45.1862826Z Requirement already satisfied: idna in /opt/hostedtoolcache/Python/3.12.11/x64/lib/python3.12/site-packages (from httpx==0.27.2->-r services/api/requirements.txt (line 7)) (3.10)
2025-08-21T22:11:45.1966533Z Collecting sniffio (from httpx==0.27.2->-r services/api/requirements.txt (line 7))
2025-08-21T22:11:45.1978960Z   Using cached sniffio-1.3.1-py3-none-any.whl.metadata (3.9 kB)
2025-08-21T22:11:45.5814520Z Collecting botocore<1.35.0,>=1.34.162 (from boto3==1.34.162->-r services/api/requirements.txt (line 9))
2025-08-21T22:11:45.5827881Z   Using cached botocore-1.34.162-py3-none-any.whl.metadata (5.7 kB)
2025-08-21T22:11:45.5855504Z Requirement already satisfied: jmespath<2.0.0,>=0.7.1 in /opt/hostedtoolcache/Python/3.12.11/x64/lib/python3.12/site-packages (from boto3==1.34.162->-r services/api/requirements.txt (line 9)) (1.0.1)
2025-08-21T22:11:45.6036200Z Collecting s3transfer<0.11.0,>=0.10.0 (from boto3==1.34.162->-r services/api/requirements.txt (line 9))
2025-08-21T22:11:45.6047614Z   Using cached s3transfer-0.10.4-py3-none-any.whl.metadata (1.7 kB)
2025-08-21T22:11:45.6537994Z Collecting MarkupSafe>=2.0 (from Jinja2==3.1.5->-r services/api/requirements.txt (line 10))
2025-08-21T22:11:45.6550109Z   Using cached MarkupSafe-3.0.2-cp312-cp312-manylinux_2_17_x86_64.manylinux2014_x86_64.whl.metadata (4.0 kB)
2025-08-21T22:11:45.6881624Z Requirement already satisfied: urllib3>=1.26.11 in /opt/hostedtoolcache/Python/3.12.11/x64/lib/python3.12/site-packages (from sentry-sdk==2.9.0->sentry-sdk[celery,fastapi,sqlalchemy]==2.9.0->-r services/api/requirements.txt (line 16)) (2.5.0)
2025-08-21T22:11:45.7052639Z Requirement already satisfied: psycopg-binary==3.2.9 in /opt/hostedtoolcache/Python/3.12.11/x64/lib/python3.12/site-packages (from psycopg[binary]==3.2.9->-r services/api/requirements.txt (line 6)) (3.2.9)
2025-08-21T22:11:45.7415178Z Requirement already satisfied: billiard<5.0,>=4.2.0 in /opt/hostedtoolcache/Python/3.12.11/x64/lib/python3.12/site-packages (from celery==5.3.*->-r services/api/requirements.txt (line 11)) (4.2.1)
2025-08-21T22:11:45.7425979Z Requirement already satisfied: click-didyoumean>=0.3.0 in /opt/hostedtoolcache/Python/3.12.11/x64/lib/python3.12/site-packages (from celery==5.3.*->-r services/api/requirements.txt (line 11)) (0.3.1)
2025-08-21T22:11:45.7428134Z Requirement already satisfied: click-plugins>=1.1.1 in /opt/hostedtoolcache/Python/3.12.11/x64/lib/python3.12/site-packages (from celery==5.3.*->-r services/api/requirements.txt (line 11)) (1.1.1.2)
2025-08-21T22:11:45.7434115Z Requirement already satisfied: click-repl>=0.2.0 in /opt/hostedtoolcache/Python/3.12.11/x64/lib/python3.12/site-packages (from celery==5.3.*->-r services/api/requirements.txt (line 11)) (0.3.0)
2025-08-21T22:11:45.7449491Z Requirement already satisfied: kombu<6.0,>=5.3.4 in /opt/hostedtoolcache/Python/3.12.11/x64/lib/python3.12/site-packages (from celery==5.3.*->-r services/api/requirements.txt (line 11)) (5.5.4)
2025-08-21T22:11:45.7457854Z Requirement already satisfied: python-dateutil>=2.8.2 in /opt/hostedtoolcache/Python/3.12.11/x64/lib/python3.12/site-packages (from celery==5.3.*->-r services/api/requirements.txt (line 11)) (2.9.0.post0)
2025-08-21T22:11:45.7465192Z Requirement already satisfied: tzdata>=2022.7 in /opt/hostedtoolcache/Python/3.12.11/x64/lib/python3.12/site-packages (from celery==5.3.*->-r services/api/requirements.txt (line 11)) (2025.2)
2025-08-21T22:11:45.7474905Z Requirement already satisfied: vine<6.0,>=5.1.0 in /opt/hostedtoolcache/Python/3.12.11/x64/lib/python3.12/site-packages (from celery==5.3.*->-r services/api/requirements.txt (line 11)) (5.1.0)
2025-08-21T22:11:45.7656535Z Requirement already satisfied: amqp<6.0.0,>=5.1.1 in /opt/hostedtoolcache/Python/3.12.11/x64/lib/python3.12/site-packages (from kombu<6.0,>=5.3.4->celery==5.3.*->-r services/api/requirements.txt (line 11)) (5.3.1)
2025-08-21T22:11:45.7670727Z Requirement already satisfied: packaging in /opt/hostedtoolcache/Python/3.12.11/x64/lib/python3.12/site-packages (from kombu<6.0,>=5.3.4->celery==5.3.*->-r services/api/requirements.txt (line 11)) (25.0)
2025-08-21T22:11:45.7760362Z Requirement already satisfied: annotated-types>=0.6.0 in /opt/hostedtoolcache/Python/3.12.11/x64/lib/python3.12/site-packages (from pydantic>=2.3.0->pydantic-settings==2.2.1->-r services/api/requirements.txt (line 2)) (0.7.0)
2025-08-21T22:11:45.7766423Z Requirement already satisfied: pydantic-core==2.33.2 in /opt/hostedtoolcache/Python/3.12.11/x64/lib/python3.12/site-packages (from pydantic>=2.3.0->pydantic-settings==2.2.1->-r services/api/requirements.txt (line 2)) (2.33.2)
2025-08-21T22:11:45.7777237Z Requirement already satisfied: typing-inspection>=0.4.0 in /opt/hostedtoolcache/Python/3.12.11/x64/lib/python3.12/site-packages (from pydantic>=2.3.0->pydantic-settings==2.2.1->-r services/api/requirements.txt (line 2)) (0.4.1)
2025-08-21T22:11:45.7813437Z Requirement already satisfied: six>=1.5 in /opt/hostedtoolcache/Python/3.12.11/x64/lib/python3.12/site-packages (from python-dateutil>=2.8.2->celery==5.3.*->-r services/api/requirements.txt (line 11)) (1.17.0)
2025-08-21T22:11:45.9712386Z Requirement already satisfied: prompt-toolkit>=3.0.36 in /opt/hostedtoolcache/Python/3.12.11/x64/lib/python3.12/site-packages (from click-repl>=0.2.0->celery==5.3.*->-r services/api/requirements.txt (line 11)) (3.0.51)
2025-08-21T22:11:46.2882018Z Collecting dnspython>=2.0.0 (from email_validator>=2.0.0->fastapi==0.111.0->-r services/api/requirements.txt (line 3))
2025-08-21T22:11:46.2894626Z   Using cached dnspython-2.7.0-py3-none-any.whl.metadata (5.8 kB)
2025-08-21T22:11:46.3140918Z Collecting typer>=0.15.1 (from fastapi-cli>=0.0.2->fastapi==0.111.0->-r services/api/requirements.txt (line 3))
2025-08-21T22:11:46.3153076Z   Using cached typer-0.16.1-py3-none-any.whl.metadata (15 kB)
2025-08-21T22:11:46.3411841Z Collecting rich-toolkit>=0.14.8 (from fastapi-cli>=0.0.2->fastapi==0.111.0->-r services/api/requirements.txt (line 3))
2025-08-21T22:11:46.3423209Z   Using cached rich_toolkit-0.15.0-py3-none-any.whl.metadata (1.0 kB)
2025-08-21T22:11:46.3516883Z Requirement already satisfied: wcwidth in /opt/hostedtoolcache/Python/3.12.11/x64/lib/python3.12/site-packages (from prompt-toolkit>=3.0.36->click-repl>=0.2.0->celery==5.3.*->-r services/api/requirements.txt (line 11)) (0.2.13)
2025-08-21T22:11:46.3946876Z Collecting rich>=13.7.1 (from rich-toolkit>=0.14.8->fastapi-cli>=0.0.2->fastapi==0.111.0->-r services/api/requirements.txt (line 3))
2025-08-21T22:11:46.3958485Z   Using cached rich-14.1.0-py3-none-any.whl.metadata (18 kB)
2025-08-21T22:11:46.4157463Z Collecting markdown-it-py>=2.2.0 (from rich>=13.7.1->rich-toolkit>=0.14.8->fastapi-cli>=0.0.2->fastapi==0.111.0->-r services/api/requirements.txt (line 3))
2025-08-21T22:11:46.4168974Z   Using cached markdown_it_py-4.0.0-py3-none-any.whl.metadata (7.3 kB)
2025-08-21T22:11:46.4417155Z Collecting pygments<3.0.0,>=2.13.0 (from rich>=13.7.1->rich-toolkit>=0.14.8->fastapi-cli>=0.0.2->fastapi==0.111.0->-r services/api/requirements.txt (line 3))
2025-08-21T22:11:46.4428584Z   Using cached pygments-2.19.2-py3-none-any.whl.metadata (2.5 kB)
2025-08-21T22:11:46.4570424Z Collecting mdurl~=0.1 (from markdown-it-py>=2.2.0->rich>=13.7.1->rich-toolkit>=0.14.8->fastapi-cli>=0.0.2->fastapi==0.111.0->-r services/api/requirements.txt (line 3))
2025-08-21T22:11:46.4581723Z   Using cached mdurl-0.1.2-py3-none-any.whl.metadata (1.6 kB)
2025-08-21T22:11:46.4801158Z Collecting shellingham>=1.3.0 (from typer>=0.15.1->fastapi-cli>=0.0.2->fastapi==0.111.0->-r services/api/requirements.txt (line 3))
2025-08-21T22:11:46.4812722Z   Using cached shellingham-1.5.4-py2.py3-none-any.whl.metadata (3.5 kB)
2025-08-21T22:11:46.5298315Z Collecting httptools>=0.5.0 (from uvicorn[standard]>=0.12.0->fastapi==0.111.0->-r services/api/requirements.txt (line 3))
2025-08-21T22:11:46.5310766Z   Using cached httptools-0.6.4-cp312-cp312-manylinux_2_5_x86_64.manylinux1_x86_64.manylinux_2_17_x86_64.manylinux2014_x86_64.whl.metadata (3.6 kB)
2025-08-21T22:11:46.5335958Z Requirement already satisfied: pyyaml>=5.1 in /opt/hostedtoolcache/Python/3.12.11/x64/lib/python3.12/site-packages (from uvicorn[standard]>=0.12.0->fastapi==0.111.0->-r services/api/requirements.txt (line 3)) (6.0.2)
2025-08-21T22:11:46.5740117Z Collecting uvloop!=0.15.0,!=0.15.1,>=0.14.0 (from uvicorn[standard]>=0.12.0->fastapi==0.111.0->-r services/api/requirements.txt (line 3))
2025-08-21T22:11:46.5752121Z   Using cached uvloop-0.21.0-cp312-cp312-manylinux_2_17_x86_64.manylinux2014_x86_64.whl.metadata (4.9 kB)
2025-08-21T22:11:46.6471247Z Collecting watchfiles>=0.13 (from uvicorn[standard]>=0.12.0->fastapi==0.111.0->-r services/api/requirements.txt (line 3))
2025-08-21T22:11:46.6483025Z   Using cached watchfiles-1.1.0-cp312-cp312-manylinux_2_17_x86_64.manylinux2014_x86_64.whl.metadata (4.9 kB)
2025-08-21T22:11:46.7342092Z Collecting websockets>=10.4 (from uvicorn[standard]>=0.12.0->fastapi==0.111.0->-r services/api/requirements.txt (line 3))
2025-08-21T22:11:46.7354607Z   Using cached websockets-15.0.1-cp312-cp312-manylinux_2_5_x86_64.manylinux1_x86_64.manylinux_2_17_x86_64.manylinux2014_x86_64.whl.metadata (6.8 kB)
2025-08-21T22:11:46.8008197Z Using cached uvicorn-0.29.0-py3-none-any.whl (60 kB)
2025-08-21T22:11:46.8019643Z Using cached fastapi-0.111.0-py3-none-any.whl (91 kB)
2025-08-21T22:11:46.8031786Z Using cached SQLAlchemy-2.0.29-cp312-cp312-manylinux_2_17_x86_64.manylinux2014_x86_64.whl (3.2 MB)
2025-08-21T22:11:46.8066787Z Using cached alembic-1.13.1-py3-none-any.whl (233 kB)
2025-08-21T22:11:46.8079340Z Using cached httpx-0.27.2-py3-none-any.whl (76 kB)
2025-08-21T22:11:46.8091324Z Using cached asyncpg-0.29.0-cp312-cp312-manylinux_2_17_x86_64.manylinux2014_x86_64.whl (3.3 MB)
2025-08-21T22:11:46.8126697Z Using cached boto3-1.34.162-py3-none-any.whl (139 kB)
2025-08-21T22:11:46.8139214Z Using cached jinja2-3.1.5-py3-none-any.whl (134 kB)
2025-08-21T22:11:46.8150761Z Using cached structlog-24.1.0-py3-none-any.whl (65 kB)
2025-08-21T22:11:46.8161992Z Using cached asgi_correlation_id-4.3.1-py3-none-any.whl (15 kB)
2025-08-21T22:11:46.8172942Z Using cached fastapi_limiter-0.1.6-py3-none-any.whl (15 kB)
2025-08-21T22:11:46.8183891Z Using cached redis-5.0.8-py3-none-any.whl (255 kB)
2025-08-21T22:11:46.8196883Z Using cached botocore-1.34.162-py3-none-any.whl (12.5 MB)
2025-08-21T22:11:46.8299029Z Using cached httpcore-1.0.9-py3-none-any.whl (78 kB)
2025-08-21T22:11:46.8310711Z Using cached s3transfer-0.10.4-py3-none-any.whl (83 kB)
2025-08-21T22:11:46.8322090Z Using cached starlette-0.37.2-py3-none-any.whl (71 kB)
2025-08-21T22:11:46.8333515Z Using cached anyio-4.10.0-py3-none-any.whl (107 kB)
2025-08-21T22:11:46.8345402Z Using cached email_validator-2.2.0-py3-none-any.whl (33 kB)
2025-08-21T22:11:46.8356589Z Using cached dnspython-2.7.0-py3-none-any.whl (313 kB)
2025-08-21T22:11:46.8369602Z Using cached fastapi_cli-0.0.8-py3-none-any.whl (10 kB)
2025-08-21T22:11:46.8380732Z Using cached greenlet-3.2.4-cp312-cp312-manylinux_2_24_x86_64.manylinux_2_28_x86_64.whl (607 kB)
2025-08-21T22:11:46.8395418Z Using cached h11-0.16.0-py3-none-any.whl (37 kB)
2025-08-21T22:11:46.8406629Z Using cached MarkupSafe-3.0.2-cp312-cp312-manylinux_2_17_x86_64.manylinux2014_x86_64.whl (23 kB)
2025-08-21T22:11:46.8417213Z Using cached orjson-3.11.2-cp312-cp312-manylinux_2_17_x86_64.manylinux2014_x86_64.whl (121 kB)
2025-08-21T22:11:46.8428345Z Using cached python_multipart-0.0.20-py3-none-any.whl (24 kB)
2025-08-21T22:11:46.8438771Z Using cached rich_toolkit-0.15.0-py3-none-any.whl (29 kB)
2025-08-21T22:11:46.8449290Z Using cached rich-14.1.0-py3-none-any.whl (243 kB)
2025-08-21T22:11:46.8461352Z Using cached pygments-2.19.2-py3-none-any.whl (1.2 MB)
2025-08-21T22:11:46.8480669Z Using cached markdown_it_py-4.0.0-py3-none-any.whl (87 kB)
2025-08-21T22:11:46.8491676Z Using cached mdurl-0.1.2-py3-none-any.whl (10.0 kB)
2025-08-21T22:11:46.8502102Z Using cached sniffio-1.3.1-py3-none-any.whl (10 kB)
2025-08-21T22:11:46.8512406Z Using cached typer-0.16.1-py3-none-any.whl (46 kB)
2025-08-21T22:11:46.8523145Z Using cached shellingham-1.5.4-py2.py3-none-any.whl (9.8 kB)
2025-08-21T22:11:46.8534292Z Using cached ujson-5.11.0-cp312-cp312-manylinux_2_24_x86_64.manylinux_2_28_x86_64.whl (57 kB)
2025-08-21T22:11:46.8546043Z Using cached httptools-0.6.4-cp312-cp312-manylinux_2_5_x86_64.manylinux1_x86_64.manylinux_2_17_x86_64.manylinux2014_x86_64.whl (510 kB)
2025-08-21T22:11:46.8559782Z Using cached uvloop-0.21.0-cp312-cp312-manylinux_2_17_x86_64.manylinux2014_x86_64.whl (4.7 MB)
2025-08-21T22:11:46.8604638Z Using cached watchfiles-1.1.0-cp312-cp312-manylinux_2_17_x86_64.manylinux2014_x86_64.whl (452 kB)
2025-08-21T22:11:46.8618874Z Using cached websockets-15.0.1-cp312-cp312-manylinux_2_5_x86_64.manylinux1_x86_64.manylinux_2_17_x86_64.manylinux2014_x86_64.whl (182 kB)
2025-08-21T22:11:46.8630146Z Using cached mako-1.3.10-py3-none-any.whl (78 kB)
2025-08-21T22:11:47.0548906Z Installing collected packages: websockets, uvloop, ujson, structlog, sniffio, shellingham, redis, python-multipart, pygments, orjson, mdurl, MarkupSafe, httptools, h11, greenlet, dnspython, asyncpg, uvicorn, sqlalchemy, markdown-it-py, Mako, Jinja2, httpcore, email_validator, botocore, anyio, watchfiles, starlette, s3transfer, rich, httpx, alembic, typer, rich-toolkit, boto3, asgi-correlation-id, fastapi-cli, fastapi, fastapi-limiter
2025-08-21T22:11:47.2850683Z   Attempting uninstall: redis
2025-08-21T22:11:47.2882050Z     Found existing installation: redis 5.3.1
2025-08-21T22:11:47.2959424Z     Uninstalling redis-5.3.1:
2025-08-21T22:11:47.2976917Z       Successfully uninstalled redis-5.3.1
2025-08-21T22:11:50.0607965Z   Attempting uninstall: botocore
2025-08-21T22:11:50.0635296Z     Found existing installation: botocore 1.40.15
2025-08-21T22:11:50.1266890Z     Uninstalling botocore-1.40.15:
2025-08-21T22:11:50.1505871Z       Successfully uninstalled botocore-1.40.15
2025-08-21T22:11:50.9158367Z   Attempting uninstall: s3transfer
2025-08-21T22:11:50.9203933Z     Found existing installation: s3transfer 0.13.1
2025-08-21T22:11:50.9230327Z     Uninstalling s3transfer-0.13.1:
2025-08-21T22:11:50.9238819Z       Successfully uninstalled s3transfer-0.13.1
2025-08-21T22:11:51.4310365Z   Attempting uninstall: boto3
2025-08-21T22:11:51.4351674Z     Found existing installation: boto3 1.40.15
2025-08-21T22:11:51.4412264Z     Uninstalling boto3-1.40.15:
2025-08-21T22:11:51.4430547Z       Successfully uninstalled boto3-1.40.15
2025-08-21T22:11:51.6002911Z 
2025-08-21T22:11:51.6084880Z Successfully installed Jinja2-3.1.5 Mako-1.3.10 MarkupSafe-3.0.2 alembic-1.13.1 anyio-4.10.0 asgi-correlation-id-4.3.1 asyncpg-0.29.0 boto3-1.34.162 botocore-1.34.162 dnspython-2.7.0 email_validator-2.2.0 fastapi-0.111.0 fastapi-cli-0.0.8 fastapi-limiter-0.1.6 greenlet-3.2.4 h11-0.16.0 httpcore-1.0.9 httptools-0.6.4 httpx-0.27.2 markdown-it-py-4.0.0 mdurl-0.1.2 orjson-3.11.2 pygments-2.19.2 python-multipart-0.0.20 redis-5.0.8 rich-14.1.0 rich-toolkit-0.15.0 s3transfer-0.10.4 shellingham-1.5.4 sniffio-1.3.1 sqlalchemy-2.0.29 starlette-0.37.2 structlog-24.1.0 typer-0.16.1 ujson-5.11.0 uvicorn-0.29.0 uvloop-0.21.0 watchfiles-1.1.0 websockets-15.0.1
2025-08-21T22:11:52.3188562Z Requirement already satisfied: uvicorn==0.29.0 in /opt/hostedtoolcache/Python/3.12.11/x64/lib/python3.12/site-packages (from -r services/repricer/requirements.txt (line 1)) (0.29.0)
2025-08-21T22:11:52.3192869Z Requirement already satisfied: pydantic-settings==2.2.1 in /opt/hostedtoolcache/Python/3.12.11/x64/lib/python3.12/site-packages (from -r services/repricer/requirements.txt (line 2)) (2.2.1)
2025-08-21T22:11:52.3197434Z Requirement already satisfied: python-amazon-sp-api==0.8.0 in /opt/hostedtoolcache/Python/3.12.11/x64/lib/python3.12/site-packages (from -r services/repricer/requirements.txt (line 3)) (0.8.0)
2025-08-21T22:11:52.3201256Z Requirement already satisfied: fastapi==0.111.0 in /opt/hostedtoolcache/Python/3.12.11/x64/lib/python3.12/site-packages (from -r services/repricer/requirements.txt (line 4)) (0.111.0)
2025-08-21T22:11:52.3205647Z Requirement already satisfied: sqlalchemy==2.0.29 in /opt/hostedtoolcache/Python/3.12.11/x64/lib/python3.12/site-packages (from -r services/repricer/requirements.txt (line 5)) (2.0.29)
2025-08-21T22:11:52.3216722Z Requirement already satisfied: click>=7.0 in /opt/hostedtoolcache/Python/3.12.11/x64/lib/python3.12/site-packages (from uvicorn==0.29.0->-r services/repricer/requirements.txt (line 1)) (8.2.1)
2025-08-21T22:11:52.3222247Z Requirement already satisfied: h11>=0.8 in /opt/hostedtoolcache/Python/3.12.11/x64/lib/python3.12/site-packages (from uvicorn==0.29.0->-r services/repricer/requirements.txt (line 1)) (0.16.0)
2025-08-21T22:11:52.3245325Z Requirement already satisfied: pydantic>=2.3.0 in /opt/hostedtoolcache/Python/3.12.11/x64/lib/python3.12/site-packages (from pydantic-settings==2.2.1->-r services/repricer/requirements.txt (line 2)) (2.11.7)
2025-08-21T22:11:52.3250645Z Requirement already satisfied: python-dotenv>=0.21.0 in /opt/hostedtoolcache/Python/3.12.11/x64/lib/python3.12/site-packages (from pydantic-settings==2.2.1->-r services/repricer/requirements.txt (line 2)) (1.1.1)
2025-08-21T22:11:52.3261765Z Requirement already satisfied: requests in /opt/hostedtoolcache/Python/3.12.11/x64/lib/python3.12/site-packages (from python-amazon-sp-api==0.8.0->-r services/repricer/requirements.txt (line 3)) (2.32.5)
2025-08-21T22:11:52.3268710Z Requirement already satisfied: six<2,>=1.15 in /opt/hostedtoolcache/Python/3.12.11/x64/lib/python3.12/site-packages (from python-amazon-sp-api==0.8.0->-r services/repricer/requirements.txt (line 3)) (1.17.0)
2025-08-21T22:11:52.3276071Z Requirement already satisfied: boto3<2,>=1.16.39 in /opt/hostedtoolcache/Python/3.12.11/x64/lib/python3.12/site-packages (from python-amazon-sp-api==0.8.0->-r services/repricer/requirements.txt (line 3)) (1.34.162)
2025-08-21T22:11:52.3282358Z Requirement already satisfied: cachetools~=4.2.0 in /opt/hostedtoolcache/Python/3.12.11/x64/lib/python3.12/site-packages (from python-amazon-sp-api==0.8.0->-r services/repricer/requirements.txt (line 3)) (4.2.4)
2025-08-21T22:11:52.3286482Z Requirement already satisfied: pycryptodome in /opt/hostedtoolcache/Python/3.12.11/x64/lib/python3.12/site-packages (from python-amazon-sp-api==0.8.0->-r services/repricer/requirements.txt (line 3)) (3.23.0)
2025-08-21T22:11:52.3290330Z Requirement already satisfied: pytz in /opt/hostedtoolcache/Python/3.12.11/x64/lib/python3.12/site-packages (from python-amazon-sp-api==0.8.0->-r services/repricer/requirements.txt (line 3)) (2025.2)
2025-08-21T22:11:52.3296523Z Requirement already satisfied: confuse~=1.4.0 in /opt/hostedtoolcache/Python/3.12.11/x64/lib/python3.12/site-packages (from python-amazon-sp-api==0.8.0->-r services/repricer/requirements.txt (line 3)) (1.4.0)
2025-08-21T22:11:52.3311955Z Requirement already satisfied: starlette<0.38.0,>=0.37.2 in /opt/hostedtoolcache/Python/3.12.11/x64/lib/python3.12/site-packages (from fastapi==0.111.0->-r services/repricer/requirements.txt (line 4)) (0.37.2)
2025-08-21T22:11:52.3321941Z Requirement already satisfied: typing-extensions>=4.8.0 in /opt/hostedtoolcache/Python/3.12.11/x64/lib/python3.12/site-packages (from fastapi==0.111.0->-r services/repricer/requirements.txt (line 4)) (4.14.1)
2025-08-21T22:11:52.3327109Z Requirement already satisfied: fastapi-cli>=0.0.2 in /opt/hostedtoolcache/Python/3.12.11/x64/lib/python3.12/site-packages (from fastapi==0.111.0->-r services/repricer/requirements.txt (line 4)) (0.0.8)
2025-08-21T22:11:52.3332038Z Requirement already satisfied: httpx>=0.23.0 in /opt/hostedtoolcache/Python/3.12.11/x64/lib/python3.12/site-packages (from fastapi==0.111.0->-r services/repricer/requirements.txt (line 4)) (0.27.2)
2025-08-21T22:11:52.3337682Z Requirement already satisfied: jinja2>=2.11.2 in /opt/hostedtoolcache/Python/3.12.11/x64/lib/python3.12/site-packages (from fastapi==0.111.0->-r services/repricer/requirements.txt (line 4)) (3.1.5)
2025-08-21T22:11:52.3342661Z Requirement already satisfied: python-multipart>=0.0.7 in /opt/hostedtoolcache/Python/3.12.11/x64/lib/python3.12/site-packages (from fastapi==0.111.0->-r services/repricer/requirements.txt (line 4)) (0.0.20)
2025-08-21T22:11:52.3350850Z Requirement already satisfied: ujson!=4.0.2,!=4.1.0,!=4.2.0,!=4.3.0,!=5.0.0,!=5.1.0,>=4.0.1 in /opt/hostedtoolcache/Python/3.12.11/x64/lib/python3.12/site-packages (from fastapi==0.111.0->-r services/repricer/requirements.txt (line 4)) (5.11.0)
2025-08-21T22:11:52.3355699Z Requirement already satisfied: orjson>=3.2.1 in /opt/hostedtoolcache/Python/3.12.11/x64/lib/python3.12/site-packages (from fastapi==0.111.0->-r services/repricer/requirements.txt (line 4)) (3.11.2)
2025-08-21T22:11:52.3360536Z Requirement already satisfied: email_validator>=2.0.0 in /opt/hostedtoolcache/Python/3.12.11/x64/lib/python3.12/site-packages (from fastapi==0.111.0->-r services/repricer/requirements.txt (line 4)) (2.2.0)
2025-08-21T22:11:52.3407489Z Requirement already satisfied: greenlet!=0.4.17 in /opt/hostedtoolcache/Python/3.12.11/x64/lib/python3.12/site-packages (from sqlalchemy==2.0.29->-r services/repricer/requirements.txt (line 5)) (3.2.4)
2025-08-21T22:11:52.3452915Z Requirement already satisfied: botocore<1.35.0,>=1.34.162 in /opt/hostedtoolcache/Python/3.12.11/x64/lib/python3.12/site-packages (from boto3<2,>=1.16.39->python-amazon-sp-api==0.8.0->-r services/repricer/requirements.txt (line 3)) (1.34.162)
2025-08-21T22:11:52.3459764Z Requirement already satisfied: jmespath<2.0.0,>=0.7.1 in /opt/hostedtoolcache/Python/3.12.11/x64/lib/python3.12/site-packages (from boto3<2,>=1.16.39->python-amazon-sp-api==0.8.0->-r services/repricer/requirements.txt (line 3)) (1.0.1)
2025-08-21T22:11:52.3466667Z Requirement already satisfied: s3transfer<0.11.0,>=0.10.0 in /opt/hostedtoolcache/Python/3.12.11/x64/lib/python3.12/site-packages (from boto3<2,>=1.16.39->python-amazon-sp-api==0.8.0->-r services/repricer/requirements.txt (line 3)) (0.10.4)
2025-08-21T22:11:52.3483877Z Requirement already satisfied: python-dateutil<3.0.0,>=2.1 in /opt/hostedtoolcache/Python/3.12.11/x64/lib/python3.12/site-packages (from botocore<1.35.0,>=1.34.162->boto3<2,>=1.16.39->python-amazon-sp-api==0.8.0->-r services/repricer/requirements.txt (line 3)) (2.9.0.post0)
2025-08-21T22:11:52.3496946Z Requirement already satisfied: urllib3!=2.2.0,<3,>=1.25.4 in /opt/hostedtoolcache/Python/3.12.11/x64/lib/python3.12/site-packages (from botocore<1.35.0,>=1.34.162->boto3<2,>=1.16.39->python-amazon-sp-api==0.8.0->-r services/repricer/requirements.txt (line 3)) (2.5.0)
2025-08-21T22:11:52.3516045Z Requirement already satisfied: pyyaml in /opt/hostedtoolcache/Python/3.12.11/x64/lib/python3.12/site-packages (from confuse~=1.4.0->python-amazon-sp-api==0.8.0->-r services/repricer/requirements.txt (line 3)) (6.0.2)
2025-08-21T22:11:52.3548679Z Requirement already satisfied: annotated-types>=0.6.0 in /opt/hostedtoolcache/Python/3.12.11/x64/lib/python3.12/site-packages (from pydantic>=2.3.0->pydantic-settings==2.2.1->-r services/repricer/requirements.txt (line 2)) (0.7.0)
2025-08-21T22:11:52.3553947Z Requirement already satisfied: pydantic-core==2.33.2 in /opt/hostedtoolcache/Python/3.12.11/x64/lib/python3.12/site-packages (from pydantic>=2.3.0->pydantic-settings==2.2.1->-r services/repricer/requirements.txt (line 2)) (2.33.2)
2025-08-21T22:11:52.3561276Z Requirement already satisfied: typing-inspection>=0.4.0 in /opt/hostedtoolcache/Python/3.12.11/x64/lib/python3.12/site-packages (from pydantic>=2.3.0->pydantic-settings==2.2.1->-r services/repricer/requirements.txt (line 2)) (0.4.1)
2025-08-21T22:11:52.3623061Z Requirement already satisfied: anyio<5,>=3.4.0 in /opt/hostedtoolcache/Python/3.12.11/x64/lib/python3.12/site-packages (from starlette<0.38.0,>=0.37.2->fastapi==0.111.0->-r services/repricer/requirements.txt (line 4)) (4.10.0)
2025-08-21T22:11:52.3643282Z Requirement already satisfied: idna>=2.8 in /opt/hostedtoolcache/Python/3.12.11/x64/lib/python3.12/site-packages (from anyio<5,>=3.4.0->starlette<0.38.0,>=0.37.2->fastapi==0.111.0->-r services/repricer/requirements.txt (line 4)) (3.10)
2025-08-21T22:11:52.3648623Z Requirement already satisfied: sniffio>=1.1 in /opt/hostedtoolcache/Python/3.12.11/x64/lib/python3.12/site-packages (from anyio<5,>=3.4.0->starlette<0.38.0,>=0.37.2->fastapi==0.111.0->-r services/repricer/requirements.txt (line 4)) (1.3.1)
2025-08-21T22:11:52.3705769Z Requirement already satisfied: dnspython>=2.0.0 in /opt/hostedtoolcache/Python/3.12.11/x64/lib/python3.12/site-packages (from email_validator>=2.0.0->fastapi==0.111.0->-r services/repricer/requirements.txt (line 4)) (2.7.0)
2025-08-21T22:11:52.3755149Z Requirement already satisfied: typer>=0.15.1 in /opt/hostedtoolcache/Python/3.12.11/x64/lib/python3.12/site-packages (from fastapi-cli>=0.0.2->fastapi==0.111.0->-r services/repricer/requirements.txt (line 4)) (0.16.1)
2025-08-21T22:11:52.3766034Z Requirement already satisfied: rich-toolkit>=0.14.8 in /opt/hostedtoolcache/Python/3.12.11/x64/lib/python3.12/site-packages (from fastapi-cli>=0.0.2->fastapi==0.111.0->-r services/repricer/requirements.txt (line 4)) (0.15.0)
2025-08-21T22:11:52.3806983Z Requirement already satisfied: certifi in /opt/hostedtoolcache/Python/3.12.11/x64/lib/python3.12/site-packages (from httpx>=0.23.0->fastapi==0.111.0->-r services/repricer/requirements.txt (line 4)) (2025.8.3)
2025-08-21T22:11:52.3812129Z Requirement already satisfied: httpcore==1.* in /opt/hostedtoolcache/Python/3.12.11/x64/lib/python3.12/site-packages (from httpx>=0.23.0->fastapi==0.111.0->-r services/repricer/requirements.txt (line 4)) (1.0.9)
2025-08-21T22:11:52.3869485Z Requirement already satisfied: MarkupSafe>=2.0 in /opt/hostedtoolcache/Python/3.12.11/x64/lib/python3.12/site-packages (from jinja2>=2.11.2->fastapi==0.111.0->-r services/repricer/requirements.txt (line 4)) (3.0.2)
2025-08-21T22:11:52.3926798Z Requirement already satisfied: rich>=13.7.1 in /opt/hostedtoolcache/Python/3.12.11/x64/lib/python3.12/site-packages (from rich-toolkit>=0.14.8->fastapi-cli>=0.0.2->fastapi==0.111.0->-r services/repricer/requirements.txt (line 4)) (14.1.0)
2025-08-21T22:11:52.3949590Z Requirement already satisfied: markdown-it-py>=2.2.0 in /opt/hostedtoolcache/Python/3.12.11/x64/lib/python3.12/site-packages (from rich>=13.7.1->rich-toolkit>=0.14.8->fastapi-cli>=0.0.2->fastapi==0.111.0->-r services/repricer/requirements.txt (line 4)) (4.0.0)
2025-08-21T22:11:52.3956490Z Requirement already satisfied: pygments<3.0.0,>=2.13.0 in /opt/hostedtoolcache/Python/3.12.11/x64/lib/python3.12/site-packages (from rich>=13.7.1->rich-toolkit>=0.14.8->fastapi-cli>=0.0.2->fastapi==0.111.0->-r services/repricer/requirements.txt (line 4)) (2.19.2)
2025-08-21T22:11:52.3983136Z Requirement already satisfied: mdurl~=0.1 in /opt/hostedtoolcache/Python/3.12.11/x64/lib/python3.12/site-packages (from markdown-it-py>=2.2.0->rich>=13.7.1->rich-toolkit>=0.14.8->fastapi-cli>=0.0.2->fastapi==0.111.0->-r services/repricer/requirements.txt (line 4)) (0.1.2)
2025-08-21T22:11:52.4048344Z Requirement already satisfied: shellingham>=1.3.0 in /opt/hostedtoolcache/Python/3.12.11/x64/lib/python3.12/site-packages (from typer>=0.15.1->fastapi-cli>=0.0.2->fastapi==0.111.0->-r services/repricer/requirements.txt (line 4)) (1.5.4)
2025-08-21T22:11:52.4120673Z Requirement already satisfied: httptools>=0.5.0 in /opt/hostedtoolcache/Python/3.12.11/x64/lib/python3.12/site-packages (from uvicorn[standard]>=0.12.0->fastapi==0.111.0->-r services/repricer/requirements.txt (line 4)) (0.6.4)
2025-08-21T22:11:52.4136822Z Requirement already satisfied: uvloop!=0.15.0,!=0.15.1,>=0.14.0 in /opt/hostedtoolcache/Python/3.12.11/x64/lib/python3.12/site-packages (from uvicorn[standard]>=0.12.0->fastapi==0.111.0->-r services/repricer/requirements.txt (line 4)) (0.21.0)
2025-08-21T22:11:52.4145097Z Requirement already satisfied: watchfiles>=0.13 in /opt/hostedtoolcache/Python/3.12.11/x64/lib/python3.12/site-packages (from uvicorn[standard]>=0.12.0->fastapi==0.111.0->-r services/repricer/requirements.txt (line 4)) (1.1.0)
2025-08-21T22:11:52.4152131Z Requirement already satisfied: websockets>=10.4 in /opt/hostedtoolcache/Python/3.12.11/x64/lib/python3.12/site-packages (from uvicorn[standard]>=0.12.0->fastapi==0.111.0->-r services/repricer/requirements.txt (line 4)) (15.0.1)
2025-08-21T22:11:52.4282389Z Requirement already satisfied: charset_normalizer<4,>=2 in /opt/hostedtoolcache/Python/3.12.11/x64/lib/python3.12/site-packages (from requests->python-amazon-sp-api==0.8.0->-r services/repricer/requirements.txt (line 3)) (3.4.3)
2025-08-21T22:11:53.0694095Z Collecting celery==5.4.* (from celery[redis]==5.4.*->-r services/fees_h10/requirements.txt (line 1))
2025-08-21T22:11:53.0706259Z   Using cached celery-5.4.0-py3-none-any.whl.metadata (21 kB)
2025-08-21T22:11:53.0914707Z Requirement already satisfied: asyncpg in /opt/hostedtoolcache/Python/3.12.11/x64/lib/python3.12/site-packages (from -r services/fees_h10/requirements.txt (line 2)) (0.29.0)
2025-08-21T22:11:53.0918309Z Requirement already satisfied: httpx in /opt/hostedtoolcache/Python/3.12.11/x64/lib/python3.12/site-packages (from -r services/fees_h10/requirements.txt (line 3)) (0.27.2)
2025-08-21T22:11:53.0921880Z Requirement already satisfied: sqlalchemy in /opt/hostedtoolcache/Python/3.12.11/x64/lib/python3.12/site-packages (from -r services/fees_h10/requirements.txt (line 4)) (2.0.29)
2025-08-21T22:11:53.0934000Z Requirement already satisfied: billiard<5.0,>=4.2.0 in /opt/hostedtoolcache/Python/3.12.11/x64/lib/python3.12/site-packages (from celery==5.4.*->celery[redis]==5.4.*->-r services/fees_h10/requirements.txt (line 1)) (4.2.1)
2025-08-21T22:11:53.0939845Z Requirement already satisfied: kombu<6.0,>=5.3.4 in /opt/hostedtoolcache/Python/3.12.11/x64/lib/python3.12/site-packages (from celery==5.4.*->celery[redis]==5.4.*->-r services/fees_h10/requirements.txt (line 1)) (5.5.4)
2025-08-21T22:11:53.0945379Z Requirement already satisfied: vine<6.0,>=5.1.0 in /opt/hostedtoolcache/Python/3.12.11/x64/lib/python3.12/site-packages (from celery==5.4.*->celery[redis]==5.4.*->-r services/fees_h10/requirements.txt (line 1)) (5.1.0)
2025-08-21T22:11:53.0950889Z Requirement already satisfied: click<9.0,>=8.1.2 in /opt/hostedtoolcache/Python/3.12.11/x64/lib/python3.12/site-packages (from celery==5.4.*->celery[redis]==5.4.*->-r services/fees_h10/requirements.txt (line 1)) (8.2.1)
2025-08-21T22:11:53.0956226Z Requirement already satisfied: click-didyoumean>=0.3.0 in /opt/hostedtoolcache/Python/3.12.11/x64/lib/python3.12/site-packages (from celery==5.4.*->celery[redis]==5.4.*->-r services/fees_h10/requirements.txt (line 1)) (0.3.1)
2025-08-21T22:11:53.0961177Z Requirement already satisfied: click-repl>=0.2.0 in /opt/hostedtoolcache/Python/3.12.11/x64/lib/python3.12/site-packages (from celery==5.4.*->celery[redis]==5.4.*->-r services/fees_h10/requirements.txt (line 1)) (0.3.0)
2025-08-21T22:11:53.0966455Z Requirement already satisfied: click-plugins>=1.1.1 in /opt/hostedtoolcache/Python/3.12.11/x64/lib/python3.12/site-packages (from celery==5.4.*->celery[redis]==5.4.*->-r services/fees_h10/requirements.txt (line 1)) (1.1.1.2)
2025-08-21T22:11:53.0971365Z Requirement already satisfied: tzdata>=2022.7 in /opt/hostedtoolcache/Python/3.12.11/x64/lib/python3.12/site-packages (from celery==5.4.*->celery[redis]==5.4.*->-r services/fees_h10/requirements.txt (line 1)) (2025.2)
2025-08-21T22:11:53.0976648Z Requirement already satisfied: python-dateutil>=2.8.2 in /opt/hostedtoolcache/Python/3.12.11/x64/lib/python3.12/site-packages (from celery==5.4.*->celery[redis]==5.4.*->-r services/fees_h10/requirements.txt (line 1)) (2.9.0.post0)
2025-08-21T22:11:53.1015675Z Requirement already satisfied: redis!=4.5.5,<6.0.0,>=4.5.2 in /opt/hostedtoolcache/Python/3.12.11/x64/lib/python3.12/site-packages (from celery[redis]==5.4.*->-r services/fees_h10/requirements.txt (line 1)) (5.0.8)
2025-08-21T22:11:53.1037024Z Requirement already satisfied: amqp<6.0.0,>=5.1.1 in /opt/hostedtoolcache/Python/3.12.11/x64/lib/python3.12/site-packages (from kombu<6.0,>=5.3.4->celery==5.4.*->celery[redis]==5.4.*->-r services/fees_h10/requirements.txt (line 1)) (5.3.1)
2025-08-21T22:11:53.1047618Z Requirement already satisfied: packaging in /opt/hostedtoolcache/Python/3.12.11/x64/lib/python3.12/site-packages (from kombu<6.0,>=5.3.4->celery==5.4.*->celery[redis]==5.4.*->-r services/fees_h10/requirements.txt (line 1)) (25.0)
2025-08-21T22:11:53.1130884Z Requirement already satisfied: anyio in /opt/hostedtoolcache/Python/3.12.11/x64/lib/python3.12/site-packages (from httpx->-r services/fees_h10/requirements.txt (line 3)) (4.10.0)
2025-08-21T22:11:53.1135276Z Requirement already satisfied: certifi in /opt/hostedtoolcache/Python/3.12.11/x64/lib/python3.12/site-packages (from httpx->-r services/fees_h10/requirements.txt (line 3)) (2025.8.3)
2025-08-21T22:11:53.1140181Z Requirement already satisfied: httpcore==1.* in /opt/hostedtoolcache/Python/3.12.11/x64/lib/python3.12/site-packages (from httpx->-r services/fees_h10/requirements.txt (line 3)) (1.0.9)
2025-08-21T22:11:53.1143740Z Requirement already satisfied: idna in /opt/hostedtoolcache/Python/3.12.11/x64/lib/python3.12/site-packages (from httpx->-r services/fees_h10/requirements.txt (line 3)) (3.10)
2025-08-21T22:11:53.1147700Z Requirement already satisfied: sniffio in /opt/hostedtoolcache/Python/3.12.11/x64/lib/python3.12/site-packages (from httpx->-r services/fees_h10/requirements.txt (line 3)) (1.3.1)
2025-08-21T22:11:53.1171439Z Requirement already satisfied: h11>=0.16 in /opt/hostedtoolcache/Python/3.12.11/x64/lib/python3.12/site-packages (from httpcore==1.*->httpx->-r services/fees_h10/requirements.txt (line 3)) (0.16.0)
2025-08-21T22:11:53.1190146Z Requirement already satisfied: typing-extensions>=4.6.0 in /opt/hostedtoolcache/Python/3.12.11/x64/lib/python3.12/site-packages (from sqlalchemy->-r services/fees_h10/requirements.txt (line 4)) (4.14.1)
2025-08-21T22:11:53.1203815Z Requirement already satisfied: greenlet!=0.4.17 in /opt/hostedtoolcache/Python/3.12.11/x64/lib/python3.12/site-packages (from sqlalchemy->-r services/fees_h10/requirements.txt (line 4)) (3.2.4)
2025-08-21T22:11:53.1276152Z Requirement already satisfied: prompt-toolkit>=3.0.36 in /opt/hostedtoolcache/Python/3.12.11/x64/lib/python3.12/site-packages (from click-repl>=0.2.0->celery==5.4.*->celery[redis]==5.4.*->-r services/fees_h10/requirements.txt (line 1)) (3.0.51)
2025-08-21T22:11:53.1311965Z Requirement already satisfied: wcwidth in /opt/hostedtoolcache/Python/3.12.11/x64/lib/python3.12/site-packages (from prompt-toolkit>=3.0.36->click-repl>=0.2.0->celery==5.4.*->celery[redis]==5.4.*->-r services/fees_h10/requirements.txt (line 1)) (0.2.13)
2025-08-21T22:11:53.1325894Z Requirement already satisfied: six>=1.5 in /opt/hostedtoolcache/Python/3.12.11/x64/lib/python3.12/site-packages (from python-dateutil>=2.8.2->celery==5.4.*->celery[redis]==5.4.*->-r services/fees_h10/requirements.txt (line 1)) (1.17.0)
2025-08-21T22:11:53.1436638Z Using cached celery-5.4.0-py3-none-any.whl (425 kB)
2025-08-21T22:11:53.2722779Z Installing collected packages: celery
2025-08-21T22:11:53.2723882Z   Attempting uninstall: celery
2025-08-21T22:11:53.2769815Z     Found existing installation: celery 5.3.6
2025-08-21T22:11:53.2914773Z     Uninstalling celery-5.3.6:
2025-08-21T22:11:53.2942373Z       Successfully uninstalled celery-5.3.6
2025-08-21T22:11:53.6164433Z Successfully installed celery-5.4.0
2025-08-21T22:11:54.1256679Z Collecting python-telegram-bot==20.8 (from -r services/alert_bot/requirements.txt (line 1))
2025-08-21T22:11:54.1269358Z   Using cached python_telegram_bot-20.8-py3-none-any.whl.metadata (15 kB)
2025-08-21T22:11:54.1493073Z Collecting APScheduler==3.10.4 (from -r services/alert_bot/requirements.txt (line 2))
2025-08-21T22:11:54.1504396Z   Using cached APScheduler-3.10.4-py3-none-any.whl.metadata (5.7 kB)
2025-08-21T22:11:54.1547819Z Requirement already satisfied: asyncpg in /opt/hostedtoolcache/Python/3.12.11/x64/lib/python3.12/site-packages (from -r services/alert_bot/requirements.txt (line 3)) (0.29.0)
2025-08-21T22:11:54.1751857Z Collecting httpx~=0.26.0 (from python-telegram-bot==20.8->-r services/alert_bot/requirements.txt (line 1))
2025-08-21T22:11:54.1762822Z   Using cached httpx-0.26.0-py3-none-any.whl.metadata (7.6 kB)
2025-08-21T22:11:54.1802418Z Requirement already satisfied: six>=1.4.0 in /opt/hostedtoolcache/Python/3.12.11/x64/lib/python3.12/site-packages (from APScheduler==3.10.4->-r services/alert_bot/requirements.txt (line 2)) (1.17.0)
2025-08-21T22:11:54.1806101Z Requirement already satisfied: pytz in /opt/hostedtoolcache/Python/3.12.11/x64/lib/python3.12/site-packages (from APScheduler==3.10.4->-r services/alert_bot/requirements.txt (line 2)) (2025.2)
2025-08-21T22:11:54.1970661Z Collecting tzlocal!=3.*,>=2.0 (from APScheduler==3.10.4->-r services/alert_bot/requirements.txt (line 2))
2025-08-21T22:11:54.1981062Z   Using cached tzlocal-5.3.1-py3-none-any.whl.metadata (7.6 kB)
2025-08-21T22:11:54.2011784Z Requirement already satisfied: anyio in /opt/hostedtoolcache/Python/3.12.11/x64/lib/python3.12/site-packages (from httpx~=0.26.0->python-telegram-bot==20.8->-r services/alert_bot/requirements.txt (line 1)) (4.10.0)
2025-08-21T22:11:54.2015465Z Requirement already satisfied: certifi in /opt/hostedtoolcache/Python/3.12.11/x64/lib/python3.12/site-packages (from httpx~=0.26.0->python-telegram-bot==20.8->-r services/alert_bot/requirements.txt (line 1)) (2025.8.3)
2025-08-21T22:11:54.2020091Z Requirement already satisfied: httpcore==1.* in /opt/hostedtoolcache/Python/3.12.11/x64/lib/python3.12/site-packages (from httpx~=0.26.0->python-telegram-bot==20.8->-r services/alert_bot/requirements.txt (line 1)) (1.0.9)
2025-08-21T22:11:54.2023315Z Requirement already satisfied: idna in /opt/hostedtoolcache/Python/3.12.11/x64/lib/python3.12/site-packages (from httpx~=0.26.0->python-telegram-bot==20.8->-r services/alert_bot/requirements.txt (line 1)) (3.10)
2025-08-21T22:11:54.2026795Z Requirement already satisfied: sniffio in /opt/hostedtoolcache/Python/3.12.11/x64/lib/python3.12/site-packages (from httpx~=0.26.0->python-telegram-bot==20.8->-r services/alert_bot/requirements.txt (line 1)) (1.3.1)
2025-08-21T22:11:54.2041529Z Requirement already satisfied: h11>=0.16 in /opt/hostedtoolcache/Python/3.12.11/x64/lib/python3.12/site-packages (from httpcore==1.*->httpx~=0.26.0->python-telegram-bot==20.8->-r services/alert_bot/requirements.txt (line 1)) (0.16.0)
2025-08-21T22:11:54.2091299Z Requirement already satisfied: typing_extensions>=4.5 in /opt/hostedtoolcache/Python/3.12.11/x64/lib/python3.12/site-packages (from anyio->httpx~=0.26.0->python-telegram-bot==20.8->-r services/alert_bot/requirements.txt (line 1)) (4.14.1)
2025-08-21T22:11:54.2141182Z Using cached python_telegram_bot-20.8-py3-none-any.whl (604 kB)
2025-08-21T22:11:54.2157406Z Using cached APScheduler-3.10.4-py3-none-any.whl (59 kB)
2025-08-21T22:11:54.2168126Z Using cached httpx-0.26.0-py3-none-any.whl (75 kB)
2025-08-21T22:11:54.2179151Z Using cached tzlocal-5.3.1-py3-none-any.whl (18 kB)
2025-08-21T22:11:54.3623432Z Installing collected packages: tzlocal, httpx, APScheduler, python-telegram-bot
2025-08-21T22:11:54.3746626Z   Attempting uninstall: httpx
2025-08-21T22:11:54.3778091Z     Found existing installation: httpx 0.27.2
2025-08-21T22:11:54.3816812Z     Uninstalling httpx-0.27.2:
2025-08-21T22:11:54.3830239Z       Successfully uninstalled httpx-0.27.2
2025-08-21T22:11:54.7986140Z 
2025-08-21T22:11:54.8069141Z Successfully installed APScheduler-3.10.4 httpx-0.26.0 python-telegram-bot-20.8 tzlocal-5.3.1
2025-08-21T22:11:55.3077115Z Collecting Jinja2==3.1.6 (from -r requirements-dev.txt (line 2))
2025-08-21T22:11:55.3090144Z   Using cached jinja2-3.1.6-py3-none-any.whl.metadata (2.9 kB)
2025-08-21T22:11:55.3357792Z Collecting alembic==1.16.4 (from -r requirements-dev.txt (line 3))
2025-08-21T22:11:55.3369083Z   Using cached alembic-1.16.4-py3-none-any.whl.metadata (7.3 kB)
2025-08-21T22:11:55.3391736Z Requirement already satisfied: apscheduler==3.10.4 in /opt/hostedtoolcache/Python/3.12.11/x64/lib/python3.12/site-packages (from -r requirements-dev.txt (line 4)) (3.10.4)
2025-08-21T22:11:55.3396517Z Requirement already satisfied: asgi-correlation-id==4.3.1 in /opt/hostedtoolcache/Python/3.12.11/x64/lib/python3.12/site-packages (from -r requirements-dev.txt (line 5)) (4.3.1)
2025-08-21T22:11:55.3798031Z Collecting asyncpg==0.30.0 (from -r requirements-dev.txt (line 6))
2025-08-21T22:11:55.3809386Z   Using cached asyncpg-0.30.0-cp312-cp312-manylinux_2_17_x86_64.manylinux2014_x86_64.whl.metadata (5.0 kB)
2025-08-21T22:11:55.4270823Z Collecting black==25.1.0 (from -r requirements-dev.txt (line 7))
2025-08-21T22:11:55.4282308Z   Using cached black-25.1.0-cp312-cp312-manylinux_2_17_x86_64.manylinux2014_x86_64.manylinux_2_28_x86_64.whl.metadata (81 kB)
2025-08-21T22:11:55.4365369Z Requirement already satisfied: boto3 in /opt/hostedtoolcache/Python/3.12.11/x64/lib/python3.12/site-packages (from -r requirements-dev.txt (line 8)) (1.34.162)
2025-08-21T22:11:55.4746395Z Collecting redis==6.* (from -r requirements-dev.txt (line 9))
2025-08-21T22:11:55.4757773Z   Using cached redis-6.4.0-py3-none-any.whl.metadata (10 kB)
2025-08-21T22:11:55.4788972Z Requirement already satisfied: minio==7.* in /opt/hostedtoolcache/Python/3.12.11/x64/lib/python3.12/site-packages (from -r requirements-dev.txt (line 10)) (7.1.15)
2025-08-21T22:11:55.4938865Z Collecting vulture==2.10 (from -r requirements-dev.txt (line 11))
2025-08-21T22:11:55.4950208Z   Using cached vulture-2.10-py2.py3-none-any.whl.metadata (23 kB)
2025-08-21T22:11:55.5288733Z Collecting celery==5.5.3 (from -r requirements-dev.txt (line 12))
2025-08-21T22:11:55.5299866Z   Using cached celery-5.5.3-py3-none-any.whl.metadata (22 kB)
2025-08-21T22:11:55.5899303Z Collecting fastapi==0.116.1 (from -r requirements-dev.txt (line 13))
2025-08-21T22:11:55.5910563Z   Using cached fastapi-0.116.1-py3-none-any.whl.metadata (28 kB)
2025-08-21T22:11:55.5980912Z Requirement already satisfied: fastapi-limiter==0.1.6 in /opt/hostedtoolcache/Python/3.12.11/x64/lib/python3.12/site-packages (from -r requirements-dev.txt (line 15)) (0.1.6)
2025-08-21T22:11:55.6174352Z Collecting httpx<0.29,>=0.27 (from -r requirements-dev.txt (line 16))
2025-08-21T22:11:55.6186035Z   Using cached httpx-0.28.1-py3-none-any.whl.metadata (7.1 kB)
2025-08-21T22:11:55.6408952Z Collecting imapclient==3.0.1 (from -r requirements-dev.txt (line 17))
2025-08-21T22:11:55.6420815Z   Using cached IMAPClient-3.0.1-py2.py3-none-any.whl.metadata (1.7 kB)
2025-08-21T22:11:55.6552245Z Collecting itsdangerous (from -r requirements-dev.txt (line 18))
2025-08-21T22:11:55.6563893Z   Using cached itsdangerous-2.2.0-py3-none-any.whl.metadata (1.9 kB)
2025-08-21T22:11:55.7576414Z Collecting mypy==1.* (from -r requirements-dev.txt (line 19))
2025-08-21T22:11:55.7589084Z   Using cached mypy-1.17.1-cp312-cp312-manylinux2014_x86_64.manylinux_2_17_x86_64.manylinux_2_28_x86_64.whl.metadata (2.2 kB)
2025-08-21T22:11:55.7617516Z Requirement already satisfied: mypy-extensions==1.1.0 in /opt/hostedtoolcache/Python/3.12.11/x64/lib/python3.12/site-packages (from -r requirements-dev.txt (line 20)) (1.1.0)
2025-08-21T22:11:55.7622232Z Requirement already satisfied: numpy<2 in /opt/hostedtoolcache/Python/3.12.11/x64/lib/python3.12/site-packages (from -r requirements-dev.txt (line 21)) (1.26.4)
2025-08-21T22:11:55.7627218Z Requirement already satisfied: openpyxl==3.1.5 in /opt/hostedtoolcache/Python/3.12.11/x64/lib/python3.12/site-packages (from -r requirements-dev.txt (line 22)) (3.1.5)
2025-08-21T22:11:55.7632131Z Requirement already satisfied: pandas==2.2.* in /opt/hostedtoolcache/Python/3.12.11/x64/lib/python3.12/site-packages (from -r requirements-dev.txt (line 23)) (2.2.3)
2025-08-21T22:11:55.7637202Z Requirement already satisfied: psycopg2-binary==2.9.10 in /opt/hostedtoolcache/Python/3.12.11/x64/lib/python3.12/site-packages (from -r requirements-dev.txt (line 24)) (2.9.10)
2025-08-21T22:11:55.7642994Z Requirement already satisfied: psycopg==3.2.9 in /opt/hostedtoolcache/Python/3.12.11/x64/lib/python3.12/site-packages (from psycopg[binary]==3.2.9->-r requirements-dev.txt (line 25)) (3.2.9)
2025-08-21T22:11:55.7647878Z Requirement already satisfied: pydantic==2.11.7 in /opt/hostedtoolcache/Python/3.12.11/x64/lib/python3.12/site-packages (from -r requirements-dev.txt (line 26)) (2.11.7)
2025-08-21T22:11:55.8850596Z Collecting setuptools (from -r requirements-dev.txt (line 27))
2025-08-21T22:11:55.8862518Z   Using cached setuptools-80.9.0-py3-none-any.whl.metadata (6.6 kB)
2025-08-21T22:11:55.9165347Z Collecting pytest-asyncio==1.1.0 (from -r requirements-dev.txt (line 28))
2025-08-21T22:11:55.9178352Z   Using cached pytest_asyncio-1.1.0-py3-none-any.whl.metadata (4.1 kB)
2025-08-21T22:11:55.9353650Z Collecting pytest-cov==6.2.1 (from -r requirements-dev.txt (line 29))
2025-08-21T22:11:55.9365680Z   Using cached pytest_cov-6.2.1-py3-none-any.whl.metadata (30 kB)
2025-08-21T22:11:55.9545172Z Collecting pytest-postgresql==7.0.2 (from -r requirements-dev.txt (line 30))
2025-08-21T22:11:55.9556807Z   Using cached pytest_postgresql-7.0.2-py3-none-any.whl.metadata (18 kB)
2025-08-21T22:11:55.9586595Z Requirement already satisfied: python-dotenv in /opt/hostedtoolcache/Python/3.12.11/x64/lib/python3.12/site-packages (from -r requirements-dev.txt (line 31)) (1.1.1)
2025-08-21T22:11:55.9590729Z Requirement already satisfied: python-multipart in /opt/hostedtoolcache/Python/3.12.11/x64/lib/python3.12/site-packages (from -r requirements-dev.txt (line 32)) (0.0.20)
2025-08-21T22:11:55.9900993Z Collecting python-telegram-bot==22.3 (from -r requirements-dev.txt (line 33))
2025-08-21T22:11:55.9912517Z   Using cached python_telegram_bot-22.3-py3-none-any.whl.metadata (17 kB)
2025-08-21T22:11:56.0219422Z Collecting requests==2.32.4 (from -r requirements-dev.txt (line 34))
2025-08-21T22:11:56.0231194Z   Using cached requests-2.32.4-py3-none-any.whl.metadata (4.9 kB)
2025-08-21T22:11:56.0411076Z Collecting respx==0.22.0 (from -r requirements-dev.txt (line 35))
2025-08-21T22:11:56.0422309Z   Using cached respx-0.22.0-py2.py3-none-any.whl.metadata (4.1 kB)
2025-08-21T22:11:56.4358316Z Collecting ruff==0.9.9 (from -r requirements-dev.txt (line 36))
2025-08-21T22:11:56.4370975Z   Using cached ruff-0.9.9-py3-none-manylinux_2_17_x86_64.manylinux2014_x86_64.whl.metadata (25 kB)
2025-08-21T22:11:56.6875257Z Collecting sqlalchemy==2.0.43 (from -r requirements-dev.txt (line 37))
2025-08-21T22:11:56.6888522Z   Using cached sqlalchemy-2.0.43-cp312-cp312-manylinux_2_17_x86_64.manylinux2014_x86_64.whl.metadata (9.6 kB)
2025-08-21T22:11:56.6988985Z Requirement already satisfied: structlog==24.1.0 in /opt/hostedtoolcache/Python/3.12.11/x64/lib/python3.12/site-packages (from -r requirements-dev.txt (line 38)) (24.1.0)
2025-08-21T22:11:56.7158678Z Collecting testcontainers==4.12.0 (from testcontainers[postgres]==4.12.0->-r requirements-dev.txt (line 39))
2025-08-21T22:11:56.7169532Z   Using cached testcontainers-4.12.0-py3-none-any.whl.metadata (8.3 kB)
2025-08-21T22:11:56.7569137Z Collecting types-requests==2.32.4.20250809 (from -r requirements-dev.txt (line 40))
2025-08-21T22:11:56.7580519Z   Using cached types_requests-2.32.4.20250809-py3-none-any.whl.metadata (2.0 kB)
2025-08-21T22:11:56.7737497Z Collecting docspec-python==2.2.2 (from -r requirements-dev.txt (line 41))
2025-08-21T22:11:56.7748750Z   Using cached docspec_python-2.2.2-py3-none-any.whl.metadata (1.0 kB)
2025-08-21T22:11:56.7972765Z Collecting pydoc-markdown==4.8.2 (from -r requirements-dev.txt (line 42))
2025-08-21T22:11:56.7983248Z   Using cached pydoc_markdown-4.8.2-py3-none-any.whl.metadata (5.9 kB)
2025-08-21T22:11:56.8014960Z Requirement already satisfied: pandera==0.19.* in /opt/hostedtoolcache/Python/3.12.11/x64/lib/python3.12/site-packages (from -r requirements-dev.txt (line 43)) (0.19.3)
2025-08-21T22:11:56.8031975Z Requirement already satisfied: MarkupSafe>=2.0 in /opt/hostedtoolcache/Python/3.12.11/x64/lib/python3.12/site-packages (from Jinja2==3.1.6->-r requirements-dev.txt (line 2)) (3.0.2)
2025-08-21T22:11:56.8169809Z Requirement already satisfied: Mako in /opt/hostedtoolcache/Python/3.12.11/x64/lib/python3.12/site-packages (from alembic==1.16.4->-r requirements-dev.txt (line 3)) (1.3.10)
2025-08-21T22:11:56.8173837Z Requirement already satisfied: typing-extensions>=4.12 in /opt/hostedtoolcache/Python/3.12.11/x64/lib/python3.12/site-packages (from alembic==1.16.4->-r requirements-dev.txt (line 3)) (4.14.1)
2025-08-21T22:11:56.8188165Z Requirement already satisfied: six>=1.4.0 in /opt/hostedtoolcache/Python/3.12.11/x64/lib/python3.12/site-packages (from apscheduler==3.10.4->-r requirements-dev.txt (line 4)) (1.17.0)
2025-08-21T22:11:56.8192058Z Requirement already satisfied: pytz in /opt/hostedtoolcache/Python/3.12.11/x64/lib/python3.12/site-packages (from apscheduler==3.10.4->-r requirements-dev.txt (line 4)) (2025.2)
2025-08-21T22:11:56.8198868Z Requirement already satisfied: tzlocal!=3.*,>=2.0 in /opt/hostedtoolcache/Python/3.12.11/x64/lib/python3.12/site-packages (from apscheduler==3.10.4->-r requirements-dev.txt (line 4)) (5.3.1)
2025-08-21T22:11:56.8234677Z Requirement already satisfied: starlette>=0.18 in /opt/hostedtoolcache/Python/3.12.11/x64/lib/python3.12/site-packages (from asgi-correlation-id==4.3.1->-r requirements-dev.txt (line 5)) (0.37.2)
2025-08-21T22:11:56.8255058Z Requirement already satisfied: click>=8.0.0 in /opt/hostedtoolcache/Python/3.12.11/x64/lib/python3.12/site-packages (from black==25.1.0->-r requirements-dev.txt (line 7)) (8.2.1)
2025-08-21T22:11:56.8260044Z Requirement already satisfied: packaging>=22.0 in /opt/hostedtoolcache/Python/3.12.11/x64/lib/python3.12/site-packages (from black==25.1.0->-r requirements-dev.txt (line 7)) (25.0)
2025-08-21T22:11:56.8386854Z Collecting pathspec>=0.9.0 (from black==25.1.0->-r requirements-dev.txt (line 7))
2025-08-21T22:11:56.8397710Z   Using cached pathspec-0.12.1-py3-none-any.whl.metadata (21 kB)
2025-08-21T22:11:56.8607313Z Collecting platformdirs>=2 (from black==25.1.0->-r requirements-dev.txt (line 7))
2025-08-21T22:11:56.8618206Z   Using cached platformdirs-4.3.8-py3-none-any.whl.metadata (12 kB)
2025-08-21T22:11:56.8791595Z Collecting toml (from vulture==2.10->-r requirements-dev.txt (line 11))
2025-08-21T22:11:56.8802583Z   Using cached toml-0.10.2-py2.py3-none-any.whl.metadata (7.1 kB)
2025-08-21T22:11:56.8831376Z Requirement already satisfied: billiard<5.0,>=4.2.1 in /opt/hostedtoolcache/Python/3.12.11/x64/lib/python3.12/site-packages (from celery==5.5.3->-r requirements-dev.txt (line 12)) (4.2.1)
2025-08-21T22:11:56.8836072Z Requirement already satisfied: kombu<5.6,>=5.5.2 in /opt/hostedtoolcache/Python/3.12.11/x64/lib/python3.12/site-packages (from celery==5.5.3->-r requirements-dev.txt (line 12)) (5.5.4)
2025-08-21T22:11:56.8840433Z Requirement already satisfied: vine<6.0,>=5.1.0 in /opt/hostedtoolcache/Python/3.12.11/x64/lib/python3.12/site-packages (from celery==5.5.3->-r requirements-dev.txt (line 12)) (5.1.0)
2025-08-21T22:11:56.8845838Z Requirement already satisfied: click-didyoumean>=0.3.0 in /opt/hostedtoolcache/Python/3.12.11/x64/lib/python3.12/site-packages (from celery==5.5.3->-r requirements-dev.txt (line 12)) (0.3.1)
2025-08-21T22:11:56.8849882Z Requirement already satisfied: click-repl>=0.2.0 in /opt/hostedtoolcache/Python/3.12.11/x64/lib/python3.12/site-packages (from celery==5.5.3->-r requirements-dev.txt (line 12)) (0.3.0)
2025-08-21T22:11:56.8854950Z Requirement already satisfied: click-plugins>=1.1.1 in /opt/hostedtoolcache/Python/3.12.11/x64/lib/python3.12/site-packages (from celery==5.5.3->-r requirements-dev.txt (line 12)) (1.1.1.2)
2025-08-21T22:11:56.8860122Z Requirement already satisfied: python-dateutil>=2.8.2 in /opt/hostedtoolcache/Python/3.12.11/x64/lib/python3.12/site-packages (from celery==5.5.3->-r requirements-dev.txt (line 12)) (2.9.0.post0)
2025-08-21T22:11:56.9184483Z Collecting starlette>=0.18 (from asgi-correlation-id==4.3.1->-r requirements-dev.txt (line 5))
2025-08-21T22:11:56.9195133Z   Using cached starlette-0.47.2-py3-none-any.whl.metadata (6.2 kB)
2025-08-21T22:11:56.9240142Z Requirement already satisfied: annotated-types>=0.6.0 in /opt/hostedtoolcache/Python/3.12.11/x64/lib/python3.12/site-packages (from pydantic==2.11.7->-r requirements-dev.txt (line 26)) (0.7.0)
2025-08-21T22:11:56.9245114Z Requirement already satisfied: pydantic-core==2.33.2 in /opt/hostedtoolcache/Python/3.12.11/x64/lib/python3.12/site-packages (from pydantic==2.11.7->-r requirements-dev.txt (line 26)) (2.33.2)
2025-08-21T22:11:56.9252121Z Requirement already satisfied: typing-inspection>=0.4.0 in /opt/hostedtoolcache/Python/3.12.11/x64/lib/python3.12/site-packages (from pydantic==2.11.7->-r requirements-dev.txt (line 26)) (0.4.1)
2025-08-21T22:11:56.9426368Z Requirement already satisfied: et-xmlfile in /opt/hostedtoolcache/Python/3.12.11/x64/lib/python3.12/site-packages (from openpyxl==3.1.5->-r requirements-dev.txt (line 22)) (2.0.0)
2025-08-21T22:11:56.9815122Z Collecting pytest<9,>=8.2 (from pytest-asyncio==1.1.0->-r requirements-dev.txt (line 28))
2025-08-21T22:11:56.9826304Z   Using cached pytest-8.4.1-py3-none-any.whl.metadata (7.7 kB)
2025-08-21T22:11:57.3208914Z Collecting coverage>=7.5 (from coverage[toml]>=7.5->pytest-cov==6.2.1->-r requirements-dev.txt (line 29))
2025-08-21T22:11:57.3222662Z   Using cached coverage-7.10.4-cp312-cp312-manylinux1_x86_64.manylinux_2_28_x86_64.manylinux_2_5_x86_64.whl.metadata (8.9 kB)
2025-08-21T22:11:57.3380782Z Collecting pluggy>=1.2 (from pytest-cov==6.2.1->-r requirements-dev.txt (line 29))
2025-08-21T22:11:57.3392412Z   Using cached pluggy-1.6.0-py3-none-any.whl.metadata (4.8 kB)
2025-08-21T22:11:57.3636065Z Collecting port-for>=0.7.3 (from pytest-postgresql==7.0.2->-r requirements-dev.txt (line 30))
2025-08-21T22:11:57.3647397Z   Using cached port_for-0.7.4-py3-none-any.whl.metadata (7.1 kB)
2025-08-21T22:11:57.3816703Z Collecting mirakuru>=2.6.0 (from pytest-postgresql==7.0.2->-r requirements-dev.txt (line 30))
2025-08-21T22:11:57.3828291Z   Using cached mirakuru-2.6.1-py3-none-any.whl.metadata (10 kB)
2025-08-21T22:11:57.3879851Z Requirement already satisfied: charset_normalizer<4,>=2 in /opt/hostedtoolcache/Python/3.12.11/x64/lib/python3.12/site-packages (from requests==2.32.4->-r requirements-dev.txt (line 34)) (3.4.3)
2025-08-21T22:11:57.3885032Z Requirement already satisfied: idna<4,>=2.5 in /opt/hostedtoolcache/Python/3.12.11/x64/lib/python3.12/site-packages (from requests==2.32.4->-r requirements-dev.txt (line 34)) (3.10)
2025-08-21T22:11:57.3889691Z Requirement already satisfied: urllib3<3,>=1.21.1 in /opt/hostedtoolcache/Python/3.12.11/x64/lib/python3.12/site-packages (from requests==2.32.4->-r requirements-dev.txt (line 34)) (2.5.0)
2025-08-21T22:11:57.3894858Z Requirement already satisfied: certifi>=2017.4.17 in /opt/hostedtoolcache/Python/3.12.11/x64/lib/python3.12/site-packages (from requests==2.32.4->-r requirements-dev.txt (line 34)) (2025.8.3)
2025-08-21T22:11:57.3979749Z Requirement already satisfied: greenlet>=1 in /opt/hostedtoolcache/Python/3.12.11/x64/lib/python3.12/site-packages (from sqlalchemy==2.0.43->-r requirements-dev.txt (line 37)) (3.2.4)
2025-08-21T22:11:57.4228532Z Collecting docker (from testcontainers==4.12.0->testcontainers[postgres]==4.12.0->-r requirements-dev.txt (line 39))
2025-08-21T22:11:57.4240026Z   Using cached docker-7.1.0-py3-none-any.whl.metadata (3.8 kB)
2025-08-21T22:11:57.4280596Z Requirement already satisfied: wrapt in /opt/hostedtoolcache/Python/3.12.11/x64/lib/python3.12/site-packages (from testcontainers==4.12.0->testcontainers[postgres]==4.12.0->-r requirements-dev.txt (line 39)) (1.17.3)
2025-08-21T22:11:57.4472103Z Collecting docspec==2.2.1 (from docspec-python==2.2.2->-r requirements-dev.txt (line 41))
2025-08-21T22:11:57.4483366Z   Using cached docspec-2.2.1-py3-none-any.whl.metadata (1.5 kB)
2025-08-21T22:11:57.4670066Z Collecting nr-util>=0.8.12 (from docspec-python==2.2.2->-r requirements-dev.txt (line 41))
2025-08-21T22:11:57.4681419Z   Using cached nr.util-0.8.12-py3-none-any.whl.metadata (813 bytes)
2025-08-21T22:11:57.4716867Z Requirement already satisfied: PyYAML<7.0,>=5.0 in /opt/hostedtoolcache/Python/3.12.11/x64/lib/python3.12/site-packages (from pydoc-markdown==4.8.2->-r requirements-dev.txt (line 42)) (6.0.2)
2025-08-21T22:11:57.4945603Z Collecting databind.core<5.0.0,>=4.4.0 (from pydoc-markdown==4.8.2->-r requirements-dev.txt (line 42))
2025-08-21T22:11:57.4956996Z   Using cached databind.core-4.5.2-py3-none-any.whl.metadata (1.1 kB)
2025-08-21T22:11:57.5192039Z Collecting databind.json<5.0.0,>=4.4.0 (from pydoc-markdown==4.8.2->-r requirements-dev.txt (line 42))
2025-08-21T22:11:57.5203494Z   Using cached databind.json-4.5.2-py3-none-any.whl.metadata (1.1 kB)
2025-08-21T22:11:57.5376942Z Collecting docstring-parser<0.12,>=0.11 (from pydoc-markdown==4.8.2->-r requirements-dev.txt (line 42))
2025-08-21T22:11:57.5378425Z   Using cached docstring_parser-0.11-py3-none-any.whl
2025-08-21T22:11:57.5726256Z Collecting tomli<3.0.0,>=2.0.0 (from pydoc-markdown==4.8.2->-r requirements-dev.txt (line 42))
2025-08-21T22:11:57.5737999Z   Using cached tomli-2.2.1-cp312-cp312-manylinux_2_17_x86_64.manylinux2014_x86_64.whl.metadata (11 kB)
2025-08-21T22:11:57.5866464Z Collecting tomli_w<2.0.0,>=1.0.0 (from pydoc-markdown==4.8.2->-r requirements-dev.txt (line 42))
2025-08-21T22:11:57.5877761Z   Using cached tomli_w-1.2.0-py3-none-any.whl.metadata (5.7 kB)
2025-08-21T22:11:57.6341977Z Collecting watchdog (from pydoc-markdown==4.8.2->-r requirements-dev.txt (line 42))
2025-08-21T22:11:57.6353632Z   Using cached watchdog-6.0.0-py3-none-manylinux2014_x86_64.whl.metadata (44 kB)
2025-08-21T22:11:57.6600909Z Collecting yapf>=0.30.0 (from pydoc-markdown==4.8.2->-r requirements-dev.txt (line 42))
2025-08-21T22:11:57.6611527Z   Using cached yapf-0.43.0-py3-none-any.whl.metadata (46 kB)
2025-08-21T22:11:57.6823133Z Collecting Deprecated<2.0.0,>=1.2.12 (from docspec==2.2.1->docspec-python==2.2.2->-r requirements-dev.txt (line 41))
2025-08-21T22:11:57.6834063Z   Using cached Deprecated-1.2.18-py2.py3-none-any.whl.metadata (5.7 kB)
2025-08-21T22:11:57.6973045Z Requirement already satisfied: psycopg-binary==3.2.9 in /opt/hostedtoolcache/Python/3.12.11/x64/lib/python3.12/site-packages (from psycopg[binary]==3.2.9->-r requirements-dev.txt (line 25)) (3.2.9)
2025-08-21T22:11:57.7071844Z Requirement already satisfied: anyio in /opt/hostedtoolcache/Python/3.12.11/x64/lib/python3.12/site-packages (from httpx<0.29,>=0.27->-r requirements-dev.txt (line 16)) (4.10.0)
2025-08-21T22:11:57.7077175Z Requirement already satisfied: httpcore==1.* in /opt/hostedtoolcache/Python/3.12.11/x64/lib/python3.12/site-packages (from httpx<0.29,>=0.27->-r requirements-dev.txt (line 16)) (1.0.9)
2025-08-21T22:11:57.7195456Z Requirement already satisfied: tzdata>=2022.7 in /opt/hostedtoolcache/Python/3.12.11/x64/lib/python3.12/site-packages (from pandas==2.2.*->-r requirements-dev.txt (line 23)) (2025.2)
2025-08-21T22:11:57.7304125Z Requirement already satisfied: multimethod<=1.10.0 in /opt/hostedtoolcache/Python/3.12.11/x64/lib/python3.12/site-packages (from pandera==0.19.*->-r requirements-dev.txt (line 43)) (1.10)
2025-08-21T22:11:57.7317888Z Requirement already satisfied: typeguard in /opt/hostedtoolcache/Python/3.12.11/x64/lib/python3.12/site-packages (from pandera==0.19.*->-r requirements-dev.txt (line 43)) (4.4.4)
2025-08-21T22:11:57.7324511Z Requirement already satisfied: typing-inspect>=0.6.0 in /opt/hostedtoolcache/Python/3.12.11/x64/lib/python3.12/site-packages (from pandera==0.19.*->-r requirements-dev.txt (line 43)) (0.9.0)
2025-08-21T22:11:57.7605840Z Collecting databind<5.0.0,>=4.5.2 (from databind.core<5.0.0,>=4.4.0->pydoc-markdown==4.8.2->-r requirements-dev.txt (line 42))
2025-08-21T22:11:57.7616749Z   Using cached databind-4.5.2-py3-none-any.whl.metadata (4.3 kB)
2025-08-21T22:11:57.7773542Z Collecting nr-date<3.0.0,>=2.0.0 (from databind<5.0.0,>=4.5.2->databind.core<5.0.0,>=4.4.0->pydoc-markdown==4.8.2->-r requirements-dev.txt (line 42))
2025-08-21T22:11:57.7784540Z   Using cached nr_date-2.1.0-py3-none-any.whl.metadata (746 bytes)
2025-08-21T22:11:57.7979222Z Collecting nr-stream<2.0.0,>=1.0.0 (from databind<5.0.0,>=4.5.2->databind.core<5.0.0,>=4.4.0->pydoc-markdown==4.8.2->-r requirements-dev.txt (line 42))
2025-08-21T22:11:57.7989956Z   Using cached nr_stream-1.1.5-py3-none-any.whl.metadata (3.6 kB)
2025-08-21T22:11:57.8183119Z Collecting typeapi<3,>=2.0.1 (from databind<5.0.0,>=4.5.2->databind.core<5.0.0,>=4.4.0->pydoc-markdown==4.8.2->-r requirements-dev.txt (line 42))
2025-08-21T22:11:57.8194535Z   Using cached typeapi-2.2.4-py3-none-any.whl.metadata (1.5 kB)
2025-08-21T22:11:57.8291193Z Requirement already satisfied: h11>=0.16 in /opt/hostedtoolcache/Python/3.12.11/x64/lib/python3.12/site-packages (from httpcore==1.*->httpx<0.29,>=0.27->-r requirements-dev.txt (line 16)) (0.16.0)
2025-08-21T22:11:57.8331932Z Requirement already satisfied: amqp<6.0.0,>=5.1.1 in /opt/hostedtoolcache/Python/3.12.11/x64/lib/python3.12/site-packages (from kombu<5.6,>=5.5.2->celery==5.5.3->-r requirements-dev.txt (line 12)) (5.3.1)
2025-08-21T22:11:57.8617176Z Collecting iniconfig>=1 (from pytest<9,>=8.2->pytest-asyncio==1.1.0->-r requirements-dev.txt (line 28))
2025-08-21T22:11:57.8627717Z   Using cached iniconfig-2.1.0-py3-none-any.whl.metadata (2.7 kB)
2025-08-21T22:11:57.8668178Z Requirement already satisfied: pygments>=2.7.2 in /opt/hostedtoolcache/Python/3.12.11/x64/lib/python3.12/site-packages (from pytest<9,>=8.2->pytest-asyncio==1.1.0->-r requirements-dev.txt (line 28)) (2.19.2)
2025-08-21T22:11:57.8752534Z Requirement already satisfied: sniffio>=1.1 in /opt/hostedtoolcache/Python/3.12.11/x64/lib/python3.12/site-packages (from anyio->httpx<0.29,>=0.27->-r requirements-dev.txt (line 16)) (1.3.1)
2025-08-21T22:11:57.8906774Z Requirement already satisfied: botocore<1.35.0,>=1.34.162 in /opt/hostedtoolcache/Python/3.12.11/x64/lib/python3.12/site-packages (from boto3->-r requirements-dev.txt (line 8)) (1.34.162)
2025-08-21T22:11:57.8913201Z Requirement already satisfied: jmespath<2.0.0,>=0.7.1 in /opt/hostedtoolcache/Python/3.12.11/x64/lib/python3.12/site-packages (from boto3->-r requirements-dev.txt (line 8)) (1.0.1)
2025-08-21T22:11:57.8920068Z Requirement already satisfied: s3transfer<0.11.0,>=0.10.0 in /opt/hostedtoolcache/Python/3.12.11/x64/lib/python3.12/site-packages (from boto3->-r requirements-dev.txt (line 8)) (0.10.4)
2025-08-21T22:11:57.9039374Z Requirement already satisfied: fastapi-cli>=0.0.8 in /opt/hostedtoolcache/Python/3.12.11/x64/lib/python3.12/site-packages (from fastapi-cli[standard]>=0.0.8; extra == "all"->fastapi[all]->-r requirements-dev.txt (line 14)) (0.0.8)
2025-08-21T22:11:57.9142941Z Requirement already satisfied: ujson!=4.0.2,!=4.1.0,!=4.2.0,!=4.3.0,!=5.0.0,!=5.1.0,>=4.0.1 in /opt/hostedtoolcache/Python/3.12.11/x64/lib/python3.12/site-packages (from fastapi[all]->-r requirements-dev.txt (line 14)) (5.11.0)
2025-08-21T22:11:57.9149495Z Requirement already satisfied: orjson>=3.2.1 in /opt/hostedtoolcache/Python/3.12.11/x64/lib/python3.12/site-packages (from fastapi[all]->-r requirements-dev.txt (line 14)) (3.11.2)
2025-08-21T22:11:57.9155456Z Requirement already satisfied: email-validator>=2.0.0 in /opt/hostedtoolcache/Python/3.12.11/x64/lib/python3.12/site-packages (from fastapi[all]->-r requirements-dev.txt (line 14)) (2.2.0)
2025-08-21T22:11:57.9162917Z Requirement already satisfied: uvicorn>=0.12.0 in /opt/hostedtoolcache/Python/3.12.11/x64/lib/python3.12/site-packages (from uvicorn[standard]>=0.12.0; extra == "all"->fastapi[all]->-r requirements-dev.txt (line 14)) (0.29.0)
2025-08-21T22:11:57.9170929Z Requirement already satisfied: pydantic-settings>=2.0.0 in /opt/hostedtoolcache/Python/3.12.11/x64/lib/python3.12/site-packages (from fastapi[all]->-r requirements-dev.txt (line 14)) (2.2.1)
2025-08-21T22:11:57.9306564Z Collecting pydantic-extra-types>=2.0.0 (from fastapi[all]->-r requirements-dev.txt (line 14))
2025-08-21T22:11:57.9317833Z   Using cached pydantic_extra_types-2.10.5-py3-none-any.whl.metadata (3.9 kB)
2025-08-21T22:11:57.9564029Z Requirement already satisfied: prompt-toolkit>=3.0.36 in /opt/hostedtoolcache/Python/3.12.11/x64/lib/python3.12/site-packages (from click-repl>=0.2.0->celery==5.5.3->-r requirements-dev.txt (line 12)) (3.0.51)
2025-08-21T22:11:57.9636697Z Requirement already satisfied: dnspython>=2.0.0 in /opt/hostedtoolcache/Python/3.12.11/x64/lib/python3.12/site-packages (from email-validator>=2.0.0->fastapi[all]->-r requirements-dev.txt (line 14)) (2.7.0)
2025-08-21T22:11:57.9704891Z Requirement already satisfied: typer>=0.15.1 in /opt/hostedtoolcache/Python/3.12.11/x64/lib/python3.12/site-packages (from fastapi-cli>=0.0.8->fastapi-cli[standard]>=0.0.8; extra == "all"->fastapi[all]->-r requirements-dev.txt (line 14)) (0.16.1)
2025-08-21T22:11:57.9715041Z Requirement already satisfied: rich-toolkit>=0.14.8 in /opt/hostedtoolcache/Python/3.12.11/x64/lib/python3.12/site-packages (from fastapi-cli>=0.0.8->fastapi-cli[standard]>=0.0.8; extra == "all"->fastapi[all]->-r requirements-dev.txt (line 14)) (0.15.0)
2025-08-21T22:11:57.9862354Z Collecting fastapi-cloud-cli>=0.1.1 (from fastapi-cli[standard]>=0.0.8; extra == "all"->fastapi[all]->-r requirements-dev.txt (line 14))
2025-08-21T22:11:57.9873292Z   Using cached fastapi_cloud_cli-0.1.5-py3-none-any.whl.metadata (3.2 kB)
2025-08-21T22:11:58.0596251Z Collecting rignore>=0.5.1 (from fastapi-cloud-cli>=0.1.1->fastapi-cli[standard]>=0.0.8; extra == "all"->fastapi[all]->-r requirements-dev.txt (line 14))
2025-08-21T22:11:58.0608372Z   Using cached rignore-0.6.4-cp312-cp312-manylinux_2_17_x86_64.manylinux2014_x86_64.whl.metadata (3.8 kB)
2025-08-21T22:11:58.1134706Z Collecting sentry-sdk>=2.20.0 (from fastapi-cloud-cli>=0.1.1->fastapi-cli[standard]>=0.0.8; extra == "all"->fastapi[all]->-r requirements-dev.txt (line 14))
2025-08-21T22:11:58.1146110Z   Using cached sentry_sdk-2.35.0-py2.py3-none-any.whl.metadata (10 kB)
2025-08-21T22:11:58.2536112Z Collecting psutil>=4.0.0 (from mirakuru>=2.6.0->pytest-postgresql==7.0.2->-r requirements-dev.txt (line 30))
2025-08-21T22:11:58.2549193Z   Using cached psutil-7.0.0-cp36-abi3-manylinux_2_12_x86_64.manylinux2010_x86_64.manylinux_2_17_x86_64.manylinux2014_x86_64.whl.metadata (22 kB)
2025-08-21T22:11:58.2738532Z Requirement already satisfied: wcwidth in /opt/hostedtoolcache/Python/3.12.11/x64/lib/python3.12/site-packages (from prompt-toolkit>=3.0.36->click-repl>=0.2.0->celery==5.5.3->-r requirements-dev.txt (line 12)) (0.2.13)
2025-08-21T22:11:58.2940049Z Requirement already satisfied: rich>=13.7.1 in /opt/hostedtoolcache/Python/3.12.11/x64/lib/python3.12/site-packages (from rich-toolkit>=0.14.8->fastapi-cli>=0.0.8->fastapi-cli[standard]>=0.0.8; extra == "all"->fastapi[all]->-r requirements-dev.txt (line 14)) (14.1.0)
2025-08-21T22:11:58.2976443Z Requirement already satisfied: markdown-it-py>=2.2.0 in /opt/hostedtoolcache/Python/3.12.11/x64/lib/python3.12/site-packages (from rich>=13.7.1->rich-toolkit>=0.14.8->fastapi-cli>=0.0.8->fastapi-cli[standard]>=0.0.8; extra == "all"->fastapi[all]->-r requirements-dev.txt (line 14)) (4.0.0)
2025-08-21T22:11:58.3008117Z Requirement already satisfied: mdurl~=0.1 in /opt/hostedtoolcache/Python/3.12.11/x64/lib/python3.12/site-packages (from markdown-it-py>=2.2.0->rich>=13.7.1->rich-toolkit>=0.14.8->fastapi-cli>=0.0.8->fastapi-cli[standard]>=0.0.8; extra == "all"->fastapi[all]->-r requirements-dev.txt (line 14)) (0.1.2)
2025-08-21T22:11:58.3201574Z Requirement already satisfied: shellingham>=1.3.0 in /opt/hostedtoolcache/Python/3.12.11/x64/lib/python3.12/site-packages (from typer>=0.15.1->fastapi-cli>=0.0.8->fastapi-cli[standard]>=0.0.8; extra == "all"->fastapi[all]->-r requirements-dev.txt (line 14)) (1.5.4)
2025-08-21T22:11:58.3435395Z Requirement already satisfied: httptools>=0.5.0 in /opt/hostedtoolcache/Python/3.12.11/x64/lib/python3.12/site-packages (from uvicorn[standard]>=0.12.0; extra == "all"->fastapi[all]->-r requirements-dev.txt (line 14)) (0.6.4)
2025-08-21T22:11:58.3452539Z Requirement already satisfied: uvloop!=0.15.0,!=0.15.1,>=0.14.0 in /opt/hostedtoolcache/Python/3.12.11/x64/lib/python3.12/site-packages (from uvicorn[standard]>=0.12.0; extra == "all"->fastapi[all]->-r requirements-dev.txt (line 14)) (0.21.0)
2025-08-21T22:11:58.3460031Z Requirement already satisfied: watchfiles>=0.13 in /opt/hostedtoolcache/Python/3.12.11/x64/lib/python3.12/site-packages (from uvicorn[standard]>=0.12.0; extra == "all"->fastapi[all]->-r requirements-dev.txt (line 14)) (1.1.0)
2025-08-21T22:11:58.3467687Z Requirement already satisfied: websockets>=10.4 in /opt/hostedtoolcache/Python/3.12.11/x64/lib/python3.12/site-packages (from uvicorn[standard]>=0.12.0; extra == "all"->fastapi[all]->-r requirements-dev.txt (line 14)) (15.0.1)
2025-08-21T22:11:58.4011366Z Using cached jinja2-3.1.6-py3-none-any.whl (134 kB)
2025-08-21T22:11:58.4023184Z Using cached alembic-1.16.4-py3-none-any.whl (247 kB)
2025-08-21T22:11:58.4036724Z Using cached asyncpg-0.30.0-cp312-cp312-manylinux_2_17_x86_64.manylinux2014_x86_64.whl (3.6 MB)
2025-08-21T22:11:58.4074545Z Using cached black-25.1.0-cp312-cp312-manylinux_2_17_x86_64.manylinux2014_x86_64.manylinux_2_28_x86_64.whl (1.8 MB)
2025-08-21T22:11:58.4098496Z Using cached vulture-2.10-py2.py3-none-any.whl (27 kB)
2025-08-21T22:11:58.4109020Z Using cached celery-5.5.3-py3-none-any.whl (438 kB)
2025-08-21T22:11:58.4122422Z Using cached fastapi-0.116.1-py3-none-any.whl (95 kB)
2025-08-21T22:11:58.4133779Z Using cached IMAPClient-3.0.1-py2.py3-none-any.whl (182 kB)
2025-08-21T22:11:58.4145770Z Using cached pytest_asyncio-1.1.0-py3-none-any.whl (15 kB)
2025-08-21T22:11:58.4157141Z Using cached pytest_cov-6.2.1-py3-none-any.whl (24 kB)
2025-08-21T22:11:58.4168015Z Using cached pytest_postgresql-7.0.2-py3-none-any.whl (41 kB)
2025-08-21T22:11:58.4178895Z Using cached python_telegram_bot-22.3-py3-none-any.whl (717 kB)
2025-08-21T22:11:58.4195674Z Using cached requests-2.32.4-py3-none-any.whl (64 kB)
2025-08-21T22:11:58.4206663Z Using cached respx-0.22.0-py2.py3-none-any.whl (25 kB)
2025-08-21T22:11:58.4217594Z Using cached ruff-0.9.9-py3-none-manylinux_2_17_x86_64.manylinux2014_x86_64.whl (11.2 MB)
2025-08-21T22:11:58.4309870Z Using cached sqlalchemy-2.0.43-cp312-cp312-manylinux_2_17_x86_64.manylinux2014_x86_64.whl (3.3 MB)
2025-08-21T22:11:58.4344043Z Using cached testcontainers-4.12.0-py3-none-any.whl (111 kB)
2025-08-21T22:11:58.4355875Z Using cached types_requests-2.32.4.20250809-py3-none-any.whl (20 kB)
2025-08-21T22:11:58.4366696Z Using cached docspec_python-2.2.2-py3-none-any.whl (15 kB)
2025-08-21T22:11:58.4377478Z Using cached pydoc_markdown-4.8.2-py3-none-any.whl (67 kB)
2025-08-21T22:11:58.4388482Z Using cached docspec-2.2.1-py3-none-any.whl (9.8 kB)
2025-08-21T22:11:58.4399168Z Using cached redis-6.4.0-py3-none-any.whl (279 kB)
2025-08-21T22:11:58.4411870Z Using cached httpx-0.28.1-py3-none-any.whl (73 kB)
2025-08-21T22:11:58.4423361Z Using cached mypy-1.17.1-cp312-cp312-manylinux2014_x86_64.manylinux_2_17_x86_64.manylinux_2_28_x86_64.whl (12.7 MB)
2025-08-21T22:11:58.4523858Z Using cached databind.core-4.5.2-py3-none-any.whl (1.5 kB)
2025-08-21T22:11:58.4534606Z Using cached databind-4.5.2-py3-none-any.whl (49 kB)
2025-08-21T22:11:58.4545861Z Using cached databind.json-4.5.2-py3-none-any.whl (1.5 kB)
2025-08-21T22:11:58.4556563Z Using cached Deprecated-1.2.18-py2.py3-none-any.whl (10.0 kB)
2025-08-21T22:11:58.4567147Z Using cached nr_date-2.1.0-py3-none-any.whl (10 kB)
2025-08-21T22:11:58.4577859Z Using cached nr_stream-1.1.5-py3-none-any.whl (10 kB)
2025-08-21T22:11:58.4588572Z Using cached nr.util-0.8.12-py3-none-any.whl (90 kB)
2025-08-21T22:11:58.4599938Z Using cached pytest-8.4.1-py3-none-any.whl (365 kB)
2025-08-21T22:11:58.4613480Z Using cached pluggy-1.6.0-py3-none-any.whl (20 kB)
2025-08-21T22:11:58.4624446Z Using cached starlette-0.47.2-py3-none-any.whl (72 kB)
2025-08-21T22:11:58.4636016Z Using cached tomli-2.2.1-cp312-cp312-manylinux_2_17_x86_64.manylinux2014_x86_64.whl (242 kB)
2025-08-21T22:11:58.4648254Z Using cached tomli_w-1.2.0-py3-none-any.whl (6.7 kB)
2025-08-21T22:11:58.4658804Z Using cached typeapi-2.2.4-py3-none-any.whl (26 kB)
2025-08-21T22:11:58.4669790Z Using cached itsdangerous-2.2.0-py3-none-any.whl (16 kB)
2025-08-21T22:11:58.4680652Z Using cached setuptools-80.9.0-py3-none-any.whl (1.2 MB)
2025-08-21T22:11:58.4700349Z Using cached coverage-7.10.4-cp312-cp312-manylinux1_x86_64.manylinux_2_28_x86_64.manylinux_2_5_x86_64.whl (251 kB)
2025-08-21T22:11:58.4712541Z Using cached fastapi_cloud_cli-0.1.5-py3-none-any.whl (18 kB)
2025-08-21T22:11:58.4723217Z Using cached iniconfig-2.1.0-py3-none-any.whl (6.0 kB)
2025-08-21T22:11:58.4733909Z Using cached mirakuru-2.6.1-py3-none-any.whl (26 kB)
2025-08-21T22:11:58.4745102Z Using cached pathspec-0.12.1-py3-none-any.whl (31 kB)
2025-08-21T22:11:58.4755987Z Using cached platformdirs-4.3.8-py3-none-any.whl (18 kB)
2025-08-21T22:11:58.4766599Z Using cached port_for-0.7.4-py3-none-any.whl (21 kB)
2025-08-21T22:11:58.4778197Z Using cached psutil-7.0.0-cp36-abi3-manylinux_2_12_x86_64.manylinux2010_x86_64.manylinux_2_17_x86_64.manylinux2014_x86_64.whl (277 kB)
2025-08-21T22:11:58.4790568Z Using cached pydantic_extra_types-2.10.5-py3-none-any.whl (38 kB)
2025-08-21T22:11:58.4802060Z Using cached rignore-0.6.4-cp312-cp312-manylinux_2_17_x86_64.manylinux2014_x86_64.whl (949 kB)
2025-08-21T22:11:58.4819469Z Using cached sentry_sdk-2.35.0-py2.py3-none-any.whl (363 kB)
2025-08-21T22:11:58.4832596Z Using cached yapf-0.43.0-py3-none-any.whl (256 kB)
2025-08-21T22:11:58.4845687Z Using cached docker-7.1.0-py3-none-any.whl (147 kB)
2025-08-21T22:11:58.4857440Z Using cached toml-0.10.2-py2.py3-none-any.whl (16 kB)
2025-08-21T22:11:58.4868351Z Using cached watchdog-6.0.0-py3-none-manylinux2014_x86_64.whl (79 kB)
2025-08-21T22:11:58.7578265Z Installing collected packages: watchdog, types-requests, typeapi, tomli_w, tomli, toml, sqlalchemy, setuptools, sentry-sdk, ruff, rignore, requests, redis, psutil, port-for, pluggy, platformdirs, pathspec, nr-stream, nr-date, Jinja2, itsdangerous, iniconfig, imapclient, docstring-parser, Deprecated, coverage, asyncpg, yapf, vulture, starlette, pytest, nr-util, mypy, mirakuru, httpx, docker, databind, black, alembic, testcontainers, respx, python-telegram-bot, pytest-postgresql, pytest-cov, pytest-asyncio, pydantic-extra-types, fastapi, databind.json, databind.core, celery, fastapi-cloud-cli, docspec, docspec-python, pydoc-markdown
2025-08-21T22:11:58.8731757Z   Attempting uninstall: sqlalchemy
2025-08-21T22:11:58.8763687Z     Found existing installation: SQLAlchemy 2.0.29
2025-08-21T22:11:58.8979079Z     Uninstalling SQLAlchemy-2.0.29:
2025-08-21T22:11:58.9012170Z       Successfully uninstalled SQLAlchemy-2.0.29
2025-08-21T22:12:00.7754972Z   Attempting uninstall: sentry-sdk
2025-08-21T22:12:00.7787604Z     Found existing installation: sentry-sdk 2.9.0
2025-08-21T22:12:00.7913588Z     Uninstalling sentry-sdk-2.9.0:
2025-08-21T22:12:00.7936002Z       Successfully uninstalled sentry-sdk-2.9.0
2025-08-21T22:12:01.1998455Z   Attempting uninstall: requests
2025-08-21T22:12:01.2042104Z     Found existing installation: requests 2.32.5
2025-08-21T22:12:01.2072721Z     Uninstalling requests-2.32.5:
2025-08-21T22:12:01.2081403Z       Successfully uninstalled requests-2.32.5
2025-08-21T22:12:01.2453712Z   Attempting uninstall: redis
2025-08-21T22:12:01.2486462Z     Found existing installation: redis 5.0.8
2025-08-21T22:12:01.2557509Z     Uninstalling redis-5.0.8:
2025-08-21T22:12:01.2572111Z       Successfully uninstalled redis-5.0.8
2025-08-21T22:12:01.7125355Z   Attempting uninstall: Jinja2
2025-08-21T22:12:01.7176091Z     Found existing installation: Jinja2 3.1.5
2025-08-21T22:12:01.7209196Z     Uninstalling Jinja2-3.1.5:
2025-08-21T22:12:01.7217992Z       Successfully uninstalled Jinja2-3.1.5
2025-08-21T22:12:02.0591333Z   Attempting uninstall: asyncpg
2025-08-21T22:12:02.0646089Z     Found existing installation: asyncpg 0.29.0
2025-08-21T22:12:02.0694655Z     Uninstalling asyncpg-0.29.0:
2025-08-21T22:12:02.0707823Z       Successfully uninstalled asyncpg-0.29.0
2025-08-21T22:12:02.3649605Z   Attempting uninstall: starlette
2025-08-21T22:12:02.3701559Z     Found existing installation: starlette 0.37.2
2025-08-21T22:12:02.3743091Z     Uninstalling starlette-0.37.2:
2025-08-21T22:12:02.3753281Z       Successfully uninstalled starlette-0.37.2
2025-08-21T22:12:04.1453254Z   Attempting uninstall: httpx
2025-08-21T22:12:04.1526913Z     Found existing installation: httpx 0.26.0
2025-08-21T22:12:04.1573977Z     Uninstalling httpx-0.26.0:
2025-08-21T22:12:04.1588126Z       Successfully uninstalled httpx-0.26.0
2025-08-21T22:12:04.4938632Z   Attempting uninstall: alembic
2025-08-21T22:12:04.4972775Z     Found existing installation: alembic 1.13.1
2025-08-21T22:12:04.5049280Z     Uninstalling alembic-1.13.1:
2025-08-21T22:12:04.5070132Z       Successfully uninstalled alembic-1.13.1
2025-08-21T22:12:04.7743836Z   Attempting uninstall: python-telegram-bot
2025-08-21T22:12:04.7792883Z     Found existing installation: python-telegram-bot 20.8
2025-08-21T22:12:04.7948345Z     Uninstalling python-telegram-bot-20.8:
2025-08-21T22:12:04.7971736Z       Successfully uninstalled python-telegram-bot-20.8
2025-08-21T22:12:05.2393632Z   Attempting uninstall: fastapi
2025-08-21T22:12:05.2439547Z     Found existing installation: fastapi 0.111.0
2025-08-21T22:12:05.2491911Z     Uninstalling fastapi-0.111.0:
2025-08-21T22:12:05.2504063Z       Successfully uninstalled fastapi-0.111.0
2025-08-21T22:12:05.3351660Z   Attempting uninstall: celery
2025-08-21T22:12:05.3394631Z     Found existing installation: celery 5.4.0
2025-08-21T22:12:05.3542149Z     Uninstalling celery-5.4.0:
2025-08-21T22:12:05.3570325Z       Successfully uninstalled celery-5.4.0
2025-08-21T22:12:05.7611861Z 
2025-08-21T22:12:05.7732623Z Successfully installed Deprecated-1.2.18 Jinja2-3.1.6 alembic-1.16.4 asyncpg-0.30.0 black-25.1.0 celery-5.5.3 coverage-7.10.4 databind-4.5.2 databind.core-4.5.2 databind.json-4.5.2 docker-7.1.0 docspec-2.2.1 docspec-python-2.2.2 docstring-parser-0.11 fastapi-0.116.1 fastapi-cloud-cli-0.1.5 httpx-0.28.1 imapclient-3.0.1 iniconfig-2.1.0 itsdangerous-2.2.0 mirakuru-2.6.1 mypy-1.17.1 nr-date-2.1.0 nr-stream-1.1.5 nr-util-0.8.12 pathspec-0.12.1 platformdirs-4.3.8 pluggy-1.6.0 port-for-0.7.4 psutil-7.0.0 pydantic-extra-types-2.10.5 pydoc-markdown-4.8.2 pytest-8.4.1 pytest-asyncio-1.1.0 pytest-cov-6.2.1 pytest-postgresql-7.0.2 python-telegram-bot-22.3 redis-6.4.0 requests-2.32.4 respx-0.22.0 rignore-0.6.4 ruff-0.9.9 sentry-sdk-2.35.0 setuptools-80.9.0 sqlalchemy-2.0.43 starlette-0.47.2 testcontainers-4.12.0 toml-0.10.2 tomli-2.2.1 tomli_w-1.2.0 typeapi-2.2.4 types-requests-2.32.4.20250809 vulture-2.10 watchdog-6.0.0 yapf-0.43.0
2025-08-21T22:12:06.4153002Z Requirement already satisfied: asyncpg in /opt/hostedtoolcache/Python/3.12.11/x64/lib/python3.12/site-packages (0.30.0)
2025-08-21T22:12:07.0192539Z Requirement already satisfied: pytest in /opt/hostedtoolcache/Python/3.12.11/x64/lib/python3.12/site-packages (8.4.1)
2025-08-21T22:12:07.0206800Z Requirement already satisfied: iniconfig>=1 in /opt/hostedtoolcache/Python/3.12.11/x64/lib/python3.12/site-packages (from pytest) (2.1.0)
2025-08-21T22:12:07.0212711Z Requirement already satisfied: packaging>=20 in /opt/hostedtoolcache/Python/3.12.11/x64/lib/python3.12/site-packages (from pytest) (25.0)
2025-08-21T22:12:07.0218606Z Requirement already satisfied: pluggy<2,>=1.5 in /opt/hostedtoolcache/Python/3.12.11/x64/lib/python3.12/site-packages (from pytest) (1.6.0)
2025-08-21T22:12:07.0223601Z Requirement already satisfied: pygments>=2.7.2 in /opt/hostedtoolcache/Python/3.12.11/x64/lib/python3.12/site-packages (from pytest) (2.19.2)
2025-08-21T22:12:07.6869463Z Collecting keepa==1.3.15
2025-08-21T22:12:07.6881747Z   Using cached keepa-1.3.15-py3-none-any.whl.metadata (11 kB)
2025-08-21T22:12:07.6919047Z Requirement already satisfied: minio==7.1.15 in /opt/hostedtoolcache/Python/3.12.11/x64/lib/python3.12/site-packages (7.1.15)
2025-08-21T22:12:07.6927255Z Requirement already satisfied: numpy>=1.9.3 in /opt/hostedtoolcache/Python/3.12.11/x64/lib/python3.12/site-packages (from keepa==1.3.15) (1.26.4)
2025-08-21T22:12:07.6932163Z Requirement already satisfied: requests>=2.2 in /opt/hostedtoolcache/Python/3.12.11/x64/lib/python3.12/site-packages (from keepa==1.3.15) (2.32.4)
2025-08-21T22:12:07.6935760Z Requirement already satisfied: tqdm in /opt/hostedtoolcache/Python/3.12.11/x64/lib/python3.12/site-packages (from keepa==1.3.15) (4.67.1)
2025-08-21T22:12:07.6939023Z Requirement already satisfied: aiohttp in /opt/hostedtoolcache/Python/3.12.11/x64/lib/python3.12/site-packages (from keepa==1.3.15) (3.12.15)
2025-08-21T22:12:07.6943777Z Requirement already satisfied: pandas<=3.0 in /opt/hostedtoolcache/Python/3.12.11/x64/lib/python3.12/site-packages (from keepa==1.3.15) (2.2.3)
2025-08-21T22:12:07.6947512Z Requirement already satisfied: pydantic in /opt/hostedtoolcache/Python/3.12.11/x64/lib/python3.12/site-packages (from keepa==1.3.15) (2.11.7)
2025-08-21T22:12:07.6957351Z Requirement already satisfied: certifi in /opt/hostedtoolcache/Python/3.12.11/x64/lib/python3.12/site-packages (from minio==7.1.15) (2025.8.3)
2025-08-21T22:12:07.6961161Z Requirement already satisfied: urllib3 in /opt/hostedtoolcache/Python/3.12.11/x64/lib/python3.12/site-packages (from minio==7.1.15) (2.5.0)
2025-08-21T22:12:07.7015617Z Requirement already satisfied: python-dateutil>=2.8.2 in /opt/hostedtoolcache/Python/3.12.11/x64/lib/python3.12/site-packages (from pandas<=3.0->keepa==1.3.15) (2.9.0.post0)
2025-08-21T22:12:07.7020474Z Requirement already satisfied: pytz>=2020.1 in /opt/hostedtoolcache/Python/3.12.11/x64/lib/python3.12/site-packages (from pandas<=3.0->keepa==1.3.15) (2025.2)
2025-08-21T22:12:07.7025427Z Requirement already satisfied: tzdata>=2022.7 in /opt/hostedtoolcache/Python/3.12.11/x64/lib/python3.12/site-packages (from pandas<=3.0->keepa==1.3.15) (2025.2)
2025-08-21T22:12:07.7158303Z Requirement already satisfied: six>=1.5 in /opt/hostedtoolcache/Python/3.12.11/x64/lib/python3.12/site-packages (from python-dateutil>=2.8.2->pandas<=3.0->keepa==1.3.15) (1.17.0)
2025-08-21T22:12:07.7177000Z Requirement already satisfied: charset_normalizer<4,>=2 in /opt/hostedtoolcache/Python/3.12.11/x64/lib/python3.12/site-packages (from requests>=2.2->keepa==1.3.15) (3.4.3)
2025-08-21T22:12:07.7183851Z Requirement already satisfied: idna<4,>=2.5 in /opt/hostedtoolcache/Python/3.12.11/x64/lib/python3.12/site-packages (from requests>=2.2->keepa==1.3.15) (3.10)
2025-08-21T22:12:07.7252841Z Requirement already satisfied: aiohappyeyeballs>=2.5.0 in /opt/hostedtoolcache/Python/3.12.11/x64/lib/python3.12/site-packages (from aiohttp->keepa==1.3.15) (2.6.1)
2025-08-21T22:12:07.7257857Z Requirement already satisfied: aiosignal>=1.4.0 in /opt/hostedtoolcache/Python/3.12.11/x64/lib/python3.12/site-packages (from aiohttp->keepa==1.3.15) (1.4.0)
2025-08-21T22:12:07.7264463Z Requirement already satisfied: attrs>=17.3.0 in /opt/hostedtoolcache/Python/3.12.11/x64/lib/python3.12/site-packages (from aiohttp->keepa==1.3.15) (25.3.0)
2025-08-21T22:12:07.7269413Z Requirement already satisfied: frozenlist>=1.1.1 in /opt/hostedtoolcache/Python/3.12.11/x64/lib/python3.12/site-packages (from aiohttp->keepa==1.3.15) (1.7.0)
2025-08-21T22:12:07.7274662Z Requirement already satisfied: multidict<7.0,>=4.5 in /opt/hostedtoolcache/Python/3.12.11/x64/lib/python3.12/site-packages (from aiohttp->keepa==1.3.15) (6.6.4)
2025-08-21T22:12:07.7280233Z Requirement already satisfied: propcache>=0.2.0 in /opt/hostedtoolcache/Python/3.12.11/x64/lib/python3.12/site-packages (from aiohttp->keepa==1.3.15) (0.3.2)
2025-08-21T22:12:07.7285393Z Requirement already satisfied: yarl<2.0,>=1.17.0 in /opt/hostedtoolcache/Python/3.12.11/x64/lib/python3.12/site-packages (from aiohttp->keepa==1.3.15) (1.20.1)
2025-08-21T22:12:07.7344401Z Requirement already satisfied: typing-extensions>=4.2 in /opt/hostedtoolcache/Python/3.12.11/x64/lib/python3.12/site-packages (from aiosignal>=1.4.0->aiohttp->keepa==1.3.15) (4.14.1)
2025-08-21T22:12:07.7437466Z Requirement already satisfied: annotated-types>=0.6.0 in /opt/hostedtoolcache/Python/3.12.11/x64/lib/python3.12/site-packages (from pydantic->keepa==1.3.15) (0.7.0)
2025-08-21T22:12:07.7442445Z Requirement already satisfied: pydantic-core==2.33.2 in /opt/hostedtoolcache/Python/3.12.11/x64/lib/python3.12/site-packages (from pydantic->keepa==1.3.15) (2.33.2)
2025-08-21T22:12:07.7450590Z Requirement already satisfied: typing-inspection>=0.4.0 in /opt/hostedtoolcache/Python/3.12.11/x64/lib/python3.12/site-packages (from pydantic->keepa==1.3.15) (0.4.1)
2025-08-21T22:12:07.7544441Z Using cached keepa-1.3.15-py3-none-any.whl (38 kB)
2025-08-21T22:12:07.9180186Z Installing collected packages: keepa
2025-08-21T22:12:07.9181032Z   Attempting uninstall: keepa
2025-08-21T22:12:07.9213457Z     Found existing installation: keepa 1.3.14
2025-08-21T22:12:07.9235686Z     Uninstalling keepa-1.3.14:
2025-08-21T22:12:07.9243574Z       Successfully uninstalled keepa-1.3.14
2025-08-21T22:12:07.9660851Z Successfully installed keepa-1.3.15
2025-08-21T22:12:08.0213075Z ##[group]Run actions/setup-node@v4
2025-08-21T22:12:08.0213355Z with:
2025-08-21T22:12:08.0213534Z   node-version: 20.19.0
2025-08-21T22:12:08.0213737Z   always-auth: false
2025-08-21T22:12:08.0213936Z   check-latest: false
2025-08-21T22:12:08.0214474Z   token: ***
2025-08-21T22:12:08.0214668Z env:
2025-08-21T22:12:08.0214865Z   REDIS_URL: redis://localhost:6379/0
2025-08-21T22:12:08.0215128Z   RATE_LIMIT_DEFAULT: 100/minute
2025-08-21T22:12:08.0215354Z   TRUST_X_FORWARDED: 1
2025-08-21T22:12:08.0215549Z   PG_USER: postgres
2025-08-21T22:12:08.0215956Z   PG_PASSWORD: pass
2025-08-21T22:12:08.0216150Z   PG_DATABASE: awa
2025-08-21T22:12:08.0216336Z   PG_HOST: localhost
2025-08-21T22:12:08.0216530Z   PG_PORT: 5432
2025-08-21T22:12:08.0216909Z   PG_SYNC_DSN: ***localhost:5432/awa
2025-08-21T22:12:08.0217314Z   PG_ASYNC_DSN: ***localhost:5432/awa
2025-08-21T22:12:08.0217724Z   DATABASE_URL: ***localhost:5432/awa
2025-08-21T22:12:08.0217969Z   DATA_DIR: /tmp/awa-data
2025-08-21T22:12:08.0218202Z   ENABLE_LIVE: 0
2025-08-21T22:12:08.0218384Z   TESTING: 1
2025-08-21T22:12:08.0218619Z   pythonLocation: /opt/hostedtoolcache/Python/3.12.11/x64
2025-08-21T22:12:08.0219028Z   PKG_CONFIG_PATH: /opt/hostedtoolcache/Python/3.12.11/x64/lib/pkgconfig
2025-08-21T22:12:08.0219422Z   Python_ROOT_DIR: /opt/hostedtoolcache/Python/3.12.11/x64
2025-08-21T22:12:08.0219772Z   Python2_ROOT_DIR: /opt/hostedtoolcache/Python/3.12.11/x64
2025-08-21T22:12:08.0220134Z   Python3_ROOT_DIR: /opt/hostedtoolcache/Python/3.12.11/x64
2025-08-21T22:12:08.0220496Z   LD_LIBRARY_PATH: /opt/hostedtoolcache/Python/3.12.11/x64/lib
2025-08-21T22:12:08.0220800Z ##[endgroup]
2025-08-21T22:12:08.1945750Z Attempting to download 20.19.0...
2025-08-21T22:12:08.5744965Z Acquiring 20.19.0 - x64 from https://github.com/actions/node-versions/releases/download/20.19.0-13838090974/node-20.19.0-linux-x64.tar.gz
2025-08-21T22:12:08.9799927Z Extracting ...
2025-08-21T22:12:08.9908366Z [command]/usr/bin/tar xz --strip 1 --warning=no-unknown-keyword --overwrite -C /home/runner/work/_temp/29230858-47f1-46f8-868f-54e7e6fbe43e -f /home/runner/work/_temp/e282f8dc-2186-4d96-b84d-c1718358c708
2025-08-21T22:12:09.9815125Z Adding to the cache ...
2025-08-21T22:12:11.5906701Z ##[group]Environment details
2025-08-21T22:12:11.9079237Z node: v20.19.0
2025-08-21T22:12:11.9079642Z npm: 10.8.2
2025-08-21T22:12:11.9079946Z yarn: 1.22.22
2025-08-21T22:12:11.9080668Z ##[endgroup]
2025-08-21T22:12:11.9221878Z ##[group]Run npm ci
2025-08-21T22:12:11.9222115Z [36;1mnpm ci[0m
2025-08-21T22:12:11.9263173Z shell: /usr/bin/bash -e {0}
2025-08-21T22:12:11.9263440Z env:
2025-08-21T22:12:11.9263662Z   REDIS_URL: redis://localhost:6379/0
2025-08-21T22:12:11.9263949Z   RATE_LIMIT_DEFAULT: 100/minute
2025-08-21T22:12:11.9264299Z   TRUST_X_FORWARDED: 1
2025-08-21T22:12:11.9264505Z   PG_USER: postgres
2025-08-21T22:12:11.9264699Z   PG_PASSWORD: pass
2025-08-21T22:12:11.9264883Z   PG_DATABASE: awa
2025-08-21T22:12:11.9265064Z   PG_HOST: localhost
2025-08-21T22:12:11.9265251Z   PG_PORT: 5432
2025-08-21T22:12:11.9265672Z   PG_SYNC_DSN: ***localhost:5432/awa
2025-08-21T22:12:11.9266084Z   PG_ASYNC_DSN: ***localhost:5432/awa
2025-08-21T22:12:11.9266469Z   DATABASE_URL: ***localhost:5432/awa
2025-08-21T22:12:11.9266709Z   DATA_DIR: /tmp/awa-data
2025-08-21T22:12:11.9266916Z   ENABLE_LIVE: 0
2025-08-21T22:12:11.9267089Z   TESTING: 1
2025-08-21T22:12:11.9267372Z   pythonLocation: /opt/hostedtoolcache/Python/3.12.11/x64
2025-08-21T22:12:11.9267784Z   PKG_CONFIG_PATH: /opt/hostedtoolcache/Python/3.12.11/x64/lib/pkgconfig
2025-08-21T22:12:11.9268181Z   Python_ROOT_DIR: /opt/hostedtoolcache/Python/3.12.11/x64
2025-08-21T22:12:11.9268531Z   Python2_ROOT_DIR: /opt/hostedtoolcache/Python/3.12.11/x64
2025-08-21T22:12:11.9268879Z   Python3_ROOT_DIR: /opt/hostedtoolcache/Python/3.12.11/x64
2025-08-21T22:12:11.9269231Z   LD_LIBRARY_PATH: /opt/hostedtoolcache/Python/3.12.11/x64/lib
2025-08-21T22:12:11.9269529Z ##[endgroup]
2025-08-21T22:12:14.4336784Z npm warn deprecated node-domexception@1.0.0: Use your platform's native DOMException instead
2025-08-21T22:12:17.8410619Z 
2025-08-21T22:12:17.8411616Z added 432 packages, and audited 433 packages in 6s
2025-08-21T22:12:17.8415601Z 
2025-08-21T22:12:17.8418786Z 112 packages are looking for funding
2025-08-21T22:12:17.8419275Z   run `npm fund` for details
2025-08-21T22:12:17.8433373Z 
2025-08-21T22:12:17.8433920Z 2 vulnerabilities (1 low, 1 critical)
2025-08-21T22:12:17.8434506Z 
2025-08-21T22:12:17.8434906Z To address all issues, run:
2025-08-21T22:12:17.8435357Z   npm audit fix
2025-08-21T22:12:17.8435933Z 
2025-08-21T22:12:17.8436174Z Run `npm audit` for details.
2025-08-21T22:12:17.8717802Z ##[group]Run npm run build --if-present
2025-08-21T22:12:17.8718316Z [36;1mnpm run build --if-present[0m
2025-08-21T22:12:17.8771445Z shell: /usr/bin/bash -e {0}
2025-08-21T22:12:17.8771812Z env:
2025-08-21T22:12:17.8772141Z   REDIS_URL: redis://localhost:6379/0
2025-08-21T22:12:17.8772583Z   RATE_LIMIT_DEFAULT: 100/minute
2025-08-21T22:12:17.8772968Z   TRUST_X_FORWARDED: 1
2025-08-21T22:12:17.8773293Z   PG_USER: postgres
2025-08-21T22:12:17.8773609Z   PG_PASSWORD: pass
2025-08-21T22:12:17.8773925Z   PG_DATABASE: awa
2025-08-21T22:12:17.8774416Z   PG_HOST: localhost
2025-08-21T22:12:17.8774737Z   PG_PORT: 5432
2025-08-21T22:12:17.8775387Z   PG_SYNC_DSN: ***localhost:5432/awa
2025-08-21T22:12:17.8776062Z   PG_ASYNC_DSN: ***localhost:5432/awa
2025-08-21T22:12:17.8776712Z   DATABASE_URL: ***localhost:5432/awa
2025-08-21T22:12:17.8777115Z   DATA_DIR: /tmp/awa-data
2025-08-21T22:12:17.8777454Z   ENABLE_LIVE: 0
2025-08-21T22:12:17.8777759Z   TESTING: 1
2025-08-21T22:12:17.8778196Z   pythonLocation: /opt/hostedtoolcache/Python/3.12.11/x64
2025-08-21T22:12:17.8778877Z   PKG_CONFIG_PATH: /opt/hostedtoolcache/Python/3.12.11/x64/lib/pkgconfig
2025-08-21T22:12:17.8779534Z   Python_ROOT_DIR: /opt/hostedtoolcache/Python/3.12.11/x64
2025-08-21T22:12:17.8780132Z   Python2_ROOT_DIR: /opt/hostedtoolcache/Python/3.12.11/x64
2025-08-21T22:12:17.8780750Z   Python3_ROOT_DIR: /opt/hostedtoolcache/Python/3.12.11/x64
2025-08-21T22:12:17.8781353Z   LD_LIBRARY_PATH: /opt/hostedtoolcache/Python/3.12.11/x64/lib
2025-08-21T22:12:17.8781854Z ##[endgroup]
2025-08-21T22:12:17.9947317Z 
2025-08-21T22:12:17.9950716Z > web@0.0.0 build
2025-08-21T22:12:17.9951162Z > tsc -b && vite build
2025-08-21T22:12:17.9951400Z 
2025-08-21T22:12:20.5506054Z [36mvite v7.0.4 [32mbuilding for production...[36m[39m
2025-08-21T22:12:20.7182571Z transforming...
2025-08-21T22:12:23.7290189Z [32m✓[39m 687 modules transformed.
2025-08-21T22:12:24.0831795Z rendering chunks...
2025-08-21T22:12:24.0918375Z computing gzip size...
2025-08-21T22:12:24.1104813Z [2mdist/[22m[32mindex.html                 [39m[1m[2m  0.46 kB[22m[1m[22m[2m │ gzip:   0.30 kB[22m
2025-08-21T22:12:24.1105782Z [2mdist/[22m[2massets/[22m[35mindex-5IA1gRGW.css  [39m[1m[2m  0.84 kB[22m[1m[22m[2m │ gzip:   0.45 kB[22m
2025-08-21T22:12:24.1106842Z [2mdist/[22m[2massets/[22m[36mindex-CIqpArhq.js   [39m[1m[33m613.66 kB[39m[22m[2m │ gzip: 193.69 kB[22m
2025-08-21T22:12:24.1107408Z [33m
2025-08-21T22:12:24.1107800Z (!) Some chunks are larger than 500 kB after minification. Consider:
2025-08-21T22:12:24.1108266Z - Using dynamic import() to code-split the application
2025-08-21T22:12:24.1109058Z - Use build.rollupOptions.output.manualChunks to improve chunking: https://rollupjs.org/configuration-options/#output-manualchunks
2025-08-21T22:12:24.1110083Z - Adjust chunk size limit for this warning via build.chunkSizeWarningLimit.[39m
2025-08-21T22:12:24.1110555Z [32m✓ built in 3.54s[39m
2025-08-21T22:12:24.1567515Z ##[group]Run sudo apt-get update
2025-08-21T22:12:24.1567812Z [36;1msudo apt-get update[0m
2025-08-21T22:12:24.1568064Z [36;1msudo apt-get install -y postgresql[0m
2025-08-21T22:12:24.1568546Z [36;1mecho "/usr/lib/postgresql/$(pg_config --version | cut -d' ' -f2 | cut -d'.' -f1,2)/bin" >> $GITHUB_PATH[0m
2025-08-21T22:12:24.1610198Z shell: /usr/bin/bash -e {0}
2025-08-21T22:12:24.1610439Z env:
2025-08-21T22:12:24.1610644Z   REDIS_URL: redis://localhost:6379/0
2025-08-21T22:12:24.1610919Z   RATE_LIMIT_DEFAULT: 100/minute
2025-08-21T22:12:24.1611145Z   TRUST_X_FORWARDED: 1
2025-08-21T22:12:24.1611348Z   PG_USER: postgres
2025-08-21T22:12:24.1611544Z   PG_PASSWORD: pass
2025-08-21T22:12:24.1611733Z   PG_DATABASE: awa
2025-08-21T22:12:24.1611911Z   PG_HOST: localhost
2025-08-21T22:12:24.1612097Z   PG_PORT: 5432
2025-08-21T22:12:24.1612512Z   PG_SYNC_DSN: ***localhost:5432/awa
2025-08-21T22:12:24.1612927Z   PG_ASYNC_DSN: ***localhost:5432/awa
2025-08-21T22:12:24.1613334Z   DATABASE_URL: ***localhost:5432/awa
2025-08-21T22:12:24.1613771Z   DATA_DIR: /tmp/awa-data
2025-08-21T22:12:24.1613974Z   ENABLE_LIVE: 0
2025-08-21T22:12:24.1614381Z   TESTING: 1
2025-08-21T22:12:24.1614659Z   pythonLocation: /opt/hostedtoolcache/Python/3.12.11/x64
2025-08-21T22:12:24.1615074Z   PKG_CONFIG_PATH: /opt/hostedtoolcache/Python/3.12.11/x64/lib/pkgconfig
2025-08-21T22:12:24.1615467Z   Python_ROOT_DIR: /opt/hostedtoolcache/Python/3.12.11/x64
2025-08-21T22:12:24.1615828Z   Python2_ROOT_DIR: /opt/hostedtoolcache/Python/3.12.11/x64
2025-08-21T22:12:24.1616184Z   Python3_ROOT_DIR: /opt/hostedtoolcache/Python/3.12.11/x64
2025-08-21T22:12:24.1616532Z   LD_LIBRARY_PATH: /opt/hostedtoolcache/Python/3.12.11/x64/lib
2025-08-21T22:12:24.1616829Z ##[endgroup]
2025-08-21T22:12:24.2322321Z Get:1 file:/etc/apt/apt-mirrors.txt Mirrorlist [144 B]
2025-08-21T22:12:24.2675261Z Hit:2 http://azure.archive.ubuntu.com/ubuntu noble InRelease
2025-08-21T22:12:24.2679147Z Hit:6 https://packages.microsoft.com/repos/azure-cli noble InRelease
2025-08-21T22:12:24.2693032Z Get:3 http://azure.archive.ubuntu.com/ubuntu noble-updates InRelease [126 kB]
2025-08-21T22:12:24.2744789Z Get:4 http://azure.archive.ubuntu.com/ubuntu noble-backports InRelease [126 kB]
2025-08-21T22:12:24.2759829Z Get:7 https://packages.microsoft.com/ubuntu/24.04/prod noble InRelease [3600 B]
2025-08-21T22:12:24.2777734Z Get:5 http://azure.archive.ubuntu.com/ubuntu noble-security InRelease [126 kB]
2025-08-21T22:12:24.4523206Z Get:8 http://azure.archive.ubuntu.com/ubuntu noble-updates/main amd64 Packages [1350 kB]
2025-08-21T22:12:24.4689254Z Get:9 http://azure.archive.ubuntu.com/ubuntu noble-updates/main Translation-en [269 kB]
2025-08-21T22:12:24.4719323Z Get:10 http://azure.archive.ubuntu.com/ubuntu noble-updates/main amd64 Components [175 kB]
2025-08-21T22:12:24.4744324Z Get:11 http://azure.archive.ubuntu.com/ubuntu noble-updates/universe amd64 Packages [1123 kB]
2025-08-21T22:12:24.4831892Z Get:12 http://azure.archive.ubuntu.com/ubuntu noble-updates/universe Translation-en [288 kB]
2025-08-21T22:12:24.4857762Z Get:13 http://azure.archive.ubuntu.com/ubuntu noble-updates/universe amd64 Components [377 kB]
2025-08-21T22:12:24.4937565Z Get:14 http://azure.archive.ubuntu.com/ubuntu noble-updates/restricted amd64 Packages [1723 kB]
2025-08-21T22:12:24.5039569Z Get:15 http://azure.archive.ubuntu.com/ubuntu noble-updates/restricted Translation-en [383 kB]
2025-08-21T22:12:24.5082325Z Get:16 http://azure.archive.ubuntu.com/ubuntu noble-updates/restricted amd64 Components [212 B]
2025-08-21T22:12:24.5093071Z Get:17 http://azure.archive.ubuntu.com/ubuntu noble-updates/multiverse amd64 Components [940 B]
2025-08-21T22:12:24.5678106Z Get:18 http://azure.archive.ubuntu.com/ubuntu noble-backports/main amd64 Components [7080 B]
2025-08-21T22:12:24.5726414Z Get:19 http://azure.archive.ubuntu.com/ubuntu noble-backports/universe amd64 Components [19.2 kB]
2025-08-21T22:12:24.5733772Z Get:20 http://azure.archive.ubuntu.com/ubuntu noble-backports/restricted amd64 Components [216 B]
2025-08-21T22:12:24.5745304Z Get:21 http://azure.archive.ubuntu.com/ubuntu noble-backports/multiverse amd64 Components [212 B]
2025-08-21T22:12:24.5809209Z Get:22 https://packages.microsoft.com/ubuntu/24.04/prod noble/main arm64 Packages [33.2 kB]
2025-08-21T22:12:24.5840865Z Get:23 https://packages.microsoft.com/ubuntu/24.04/prod noble/main armhf Packages [9870 B]
2025-08-21T22:12:24.5862787Z Get:24 https://packages.microsoft.com/ubuntu/24.04/prod noble/main amd64 Packages [48.6 kB]
2025-08-21T22:12:24.6364866Z Get:25 http://azure.archive.ubuntu.com/ubuntu noble-security/main amd64 Packages [1083 kB]
2025-08-21T22:12:24.6436856Z Get:26 http://azure.archive.ubuntu.com/ubuntu noble-security/main Translation-en [187 kB]
2025-08-21T22:12:24.6466390Z Get:27 http://azure.archive.ubuntu.com/ubuntu noble-security/main amd64 Components [21.6 kB]
2025-08-21T22:12:24.6476436Z Get:28 http://azure.archive.ubuntu.com/ubuntu noble-security/universe amd64 Packages [881 kB]
2025-08-21T22:12:24.6528190Z Get:29 http://azure.archive.ubuntu.com/ubuntu noble-security/universe Translation-en [195 kB]
2025-08-21T22:12:24.6557073Z Get:30 http://azure.archive.ubuntu.com/ubuntu noble-security/universe amd64 Components [52.2 kB]
2025-08-21T22:12:24.6566951Z Get:31 http://azure.archive.ubuntu.com/ubuntu noble-security/restricted amd64 Packages [1631 kB]
2025-08-21T22:12:24.6669098Z Get:32 http://azure.archive.ubuntu.com/ubuntu noble-security/restricted Translation-en [361 kB]
2025-08-21T22:12:24.6697389Z Get:33 http://azure.archive.ubuntu.com/ubuntu noble-security/restricted amd64 Components [212 B]
2025-08-21T22:12:24.6707004Z Get:34 http://azure.archive.ubuntu.com/ubuntu noble-security/multiverse amd64 Components [212 B]
2025-08-21T22:12:28.4738327Z Fetched 10.6 MB in 1s (8146 kB/s)
2025-08-21T22:12:29.1495084Z Reading package lists...
2025-08-21T22:12:29.1817028Z Reading package lists...
2025-08-21T22:12:29.3274567Z Building dependency tree...
2025-08-21T22:12:29.3281448Z Reading state information...
2025-08-21T22:12:29.4736638Z Suggested packages:
2025-08-21T22:12:29.4737190Z   postgresql-doc
2025-08-21T22:12:29.4879211Z The following NEW packages will be installed:
2025-08-21T22:12:29.4879735Z   postgresql
2025-08-21T22:12:29.5044767Z 0 upgraded, 1 newly installed, 0 to remove and 17 not upgraded.
2025-08-21T22:12:29.5045335Z Need to get 11.6 kB of archives.
2025-08-21T22:12:29.5045760Z After this operation, 17.4 kB of additional disk space will be used.
2025-08-21T22:12:29.5046211Z Get:1 file:/etc/apt/apt-mirrors.txt Mirrorlist [144 B]
2025-08-21T22:12:29.5371007Z Get:2 http://azure.archive.ubuntu.com/ubuntu noble-updates/main amd64 postgresql all 16+257build1.1 [11.6 kB]
2025-08-21T22:12:29.7870139Z Fetched 11.6 kB in 0s (272 kB/s)
2025-08-21T22:12:29.8078631Z Selecting previously unselected package postgresql.
2025-08-21T22:12:29.8281625Z (Reading database ... 
2025-08-21T22:12:29.8282092Z (Reading database ... 5%
2025-08-21T22:12:29.8282518Z (Reading database ... 10%
2025-08-21T22:12:29.8282928Z (Reading database ... 15%
2025-08-21T22:12:29.8283416Z (Reading database ... 20%
2025-08-21T22:12:29.8283685Z (Reading database ... 25%
2025-08-21T22:12:29.8283943Z (Reading database ... 30%
2025-08-21T22:12:29.8284406Z (Reading database ... 35%
2025-08-21T22:12:29.8284681Z (Reading database ... 40%
2025-08-21T22:12:29.8285094Z (Reading database ... 45%
2025-08-21T22:12:29.8285507Z (Reading database ... 50%
2025-08-21T22:12:29.8421291Z (Reading database ... 55%
2025-08-21T22:12:29.8724581Z (Reading database ... 60%
2025-08-21T22:12:29.8975522Z (Reading database ... 65%
2025-08-21T22:12:29.9174846Z (Reading database ... 70%
2025-08-21T22:12:29.9365428Z (Reading database ... 75%
2025-08-21T22:12:29.9651503Z (Reading database ... 80%
2025-08-21T22:12:30.0120991Z (Reading database ... 85%
2025-08-21T22:12:30.0528479Z (Reading database ... 90%
2025-08-21T22:12:30.1107991Z (Reading database ... 95%
2025-08-21T22:12:30.1108421Z (Reading database ... 100%
2025-08-21T22:12:30.1108987Z (Reading database ... 219830 files and directories currently installed.)
2025-08-21T22:12:30.1149555Z Preparing to unpack .../postgresql_16+257build1.1_all.deb ...
2025-08-21T22:12:30.1169805Z Unpacking postgresql (16+257build1.1) ...
2025-08-21T22:12:30.1529942Z Setting up postgresql (16+257build1.1) ...
2025-08-21T22:12:30.7588157Z 
2025-08-21T22:12:30.7588733Z Running kernel seems to be up-to-date.
2025-08-21T22:12:30.7589114Z 
2025-08-21T22:12:30.7589298Z Restarting services...
2025-08-21T22:12:30.7655775Z 
2025-08-21T22:12:30.7656178Z Service restarts being deferred:
2025-08-21T22:12:30.7657778Z  systemctl restart hosted-compute-agent.service
2025-08-21T22:12:30.7658180Z 
2025-08-21T22:12:30.7658438Z No containers need to be restarted.
2025-08-21T22:12:30.7658737Z 
2025-08-21T22:12:30.7659026Z No user sessions are running outdated binaries.
2025-08-21T22:12:30.7659369Z 
2025-08-21T22:12:30.7659838Z No VM guests are running outdated hypervisor (qemu) binaries on this host.
2025-08-21T22:12:31.5717573Z ##[group]Run for i in {1..30}; do pg_isready -h localhost -p 5432 -U postgres -d awa && break; sleep 1; done
2025-08-21T22:12:31.5718388Z [36;1mfor i in {1..30}; do pg_isready -h localhost -p 5432 -U postgres -d awa && break; sleep 1; done[0m
2025-08-21T22:12:31.5759123Z shell: /usr/bin/bash -e {0}
2025-08-21T22:12:31.5759536Z env:
2025-08-21T22:12:31.5759908Z   REDIS_URL: redis://localhost:6379/0
2025-08-21T22:12:31.5760398Z   RATE_LIMIT_DEFAULT: 100/minute
2025-08-21T22:12:31.5760822Z   TRUST_X_FORWARDED: 1
2025-08-21T22:12:31.5761192Z   PG_USER: postgres
2025-08-21T22:12:31.5761526Z   PG_PASSWORD: pass
2025-08-21T22:12:31.5762019Z   PG_DATABASE: awa
2025-08-21T22:12:31.5779869Z   PG_HOST: localhost
2025-08-21T22:12:31.5780287Z   PG_PORT: 5432
2025-08-21T22:12:31.5780892Z   PG_SYNC_DSN: ***localhost:5432/awa
2025-08-21T22:12:31.5781338Z   PG_ASYNC_DSN: ***localhost:5432/awa
2025-08-21T22:12:31.5781745Z   DATABASE_URL: ***localhost:5432/awa
2025-08-21T22:12:31.5782030Z   DATA_DIR: /tmp/awa-data
2025-08-21T22:12:31.5782245Z   ENABLE_LIVE: 0
2025-08-21T22:12:31.5782420Z   TESTING: 1
2025-08-21T22:12:31.5782673Z   pythonLocation: /opt/hostedtoolcache/Python/3.12.11/x64
2025-08-21T22:12:31.5783088Z   PKG_CONFIG_PATH: /opt/hostedtoolcache/Python/3.12.11/x64/lib/pkgconfig
2025-08-21T22:12:31.5783488Z   Python_ROOT_DIR: /opt/hostedtoolcache/Python/3.12.11/x64
2025-08-21T22:12:31.5783850Z   Python2_ROOT_DIR: /opt/hostedtoolcache/Python/3.12.11/x64
2025-08-21T22:12:31.5784428Z   Python3_ROOT_DIR: /opt/hostedtoolcache/Python/3.12.11/x64
2025-08-21T22:12:31.5784796Z   LD_LIBRARY_PATH: /opt/hostedtoolcache/Python/3.12.11/x64/lib
2025-08-21T22:12:31.5785095Z ##[endgroup]
2025-08-21T22:12:31.6520891Z localhost:5432 - accepting connections
2025-08-21T22:12:31.6551837Z ##[group]Run alembic -c services/api/alembic.ini upgrade head
2025-08-21T22:12:31.6552267Z [36;1malembic -c services/api/alembic.ini upgrade head[0m
2025-08-21T22:12:31.6591052Z shell: /usr/bin/bash -e {0}
2025-08-21T22:12:31.6591287Z env:
2025-08-21T22:12:31.6591498Z   REDIS_URL: redis://localhost:6379/0
2025-08-21T22:12:31.6591776Z   RATE_LIMIT_DEFAULT: 100/minute
2025-08-21T22:12:31.6592000Z   TRUST_X_FORWARDED: 1
2025-08-21T22:12:31.6592199Z   PG_USER: postgres
2025-08-21T22:12:31.6592384Z   PG_PASSWORD: pass
2025-08-21T22:12:31.6592565Z   PG_DATABASE: awa
2025-08-21T22:12:31.6592757Z   PG_HOST: localhost
2025-08-21T22:12:31.6592952Z   PG_PORT: 5432
2025-08-21T22:12:31.6593371Z   PG_SYNC_DSN: ***localhost:5432/awa
2025-08-21T22:12:31.6593767Z   PG_ASYNC_DSN: ***localhost:5432/awa
2025-08-21T22:12:31.6594360Z   DATABASE_URL: ***localhost:5432/awa
2025-08-21T22:12:31.6594625Z   DATA_DIR: /tmp/awa-data
2025-08-21T22:12:31.6594835Z   ENABLE_LIVE: 0
2025-08-21T22:12:31.6595038Z   TESTING: 1
2025-08-21T22:12:31.6595281Z   pythonLocation: /opt/hostedtoolcache/Python/3.12.11/x64
2025-08-21T22:12:31.6595680Z   PKG_CONFIG_PATH: /opt/hostedtoolcache/Python/3.12.11/x64/lib/pkgconfig
2025-08-21T22:12:31.6596063Z   Python_ROOT_DIR: /opt/hostedtoolcache/Python/3.12.11/x64
2025-08-21T22:12:31.6596411Z   Python2_ROOT_DIR: /opt/hostedtoolcache/Python/3.12.11/x64
2025-08-21T22:12:31.6596769Z   Python3_ROOT_DIR: /opt/hostedtoolcache/Python/3.12.11/x64
2025-08-21T22:12:31.6597122Z   LD_LIBRARY_PATH: /opt/hostedtoolcache/Python/3.12.11/x64/lib
2025-08-21T22:12:31.6597423Z   POSTGRES_USER: postgres
2025-08-21T22:12:31.6597635Z   POSTGRES_PASSWORD: pass
2025-08-21T22:12:31.6597833Z   POSTGRES_DB: awa
2025-08-21T22:12:31.6598011Z ##[endgroup]
2025-08-21T22:12:32.4688609Z INFO  [alembic.runtime.migration] Context impl PostgresqlImpl.
2025-08-21T22:12:32.4689537Z INFO  [alembic.runtime.migration] Will assume transactional DDL.
2025-08-21T22:12:32.4901801Z INFO  [alembic.runtime.migration] Running upgrade  -> 0001_baseline
2025-08-21T22:12:32.5048229Z INFO  [alembic.runtime.migration] Running upgrade 0001_baseline -> 0002_create_roi_view
2025-08-21T22:12:32.5074562Z INFO  [alembic.runtime.migration] Running upgrade 0002_create_roi_view -> 3e9d5c5aff2c
2025-08-21T22:12:32.5239549Z INFO  [alembic.runtime.migration] Running upgrade 3e9d5c5aff2c -> 0003_vendor_prices
2025-08-21T22:12:32.5381078Z INFO  [alembic.runtime.migration] Running upgrade 0003_vendor_prices -> 0004_fee_cron
2025-08-21T22:12:32.5453998Z INFO  [alembic.runtime.migration] Running upgrade 0004_fee_cron -> 0006_fix_roi_views
2025-08-21T22:12:32.5486559Z INFO  [alembic.runtime.migration] Running upgrade 0006_fix_roi_views -> 0020_unified_schema
2025-08-21T22:12:32.5592080Z INFO  [alembic.runtime.migration] Running upgrade 0020_unified_schema -> 0022_fix_roi_view
2025-08-21T22:12:32.5666306Z INFO  [alembic.runtime.migration] Running upgrade 0022_fix_roi_view -> 0023_add_storage_fee
2025-08-21T22:12:32.5701593Z INFO  [alembic.runtime.migration] Running upgrade 0023_add_storage_fee -> 0024_create_buybox
2025-08-21T22:12:32.5728804Z INFO  [alembic.runtime.migration] Running upgrade 0024_create_buybox -> 0025_pr4_indexes_loadlog
2025-08-21T22:12:32.5936176Z INFO  [alembic.runtime.migration] Running upgrade 0025_pr4_indexes_loadlog -> 0026_fix_refund_views
2025-08-21T22:12:32.5993020Z INFO  [alembic.runtime.migration] Running upgrade 0025_pr4_indexes_loadlog -> 0026_amazon_new_reports
2025-08-21T22:12:32.6182636Z INFO  [alembic.runtime.migration] Running upgrade 0026_amazon_new_reports, 0026_fix_refund_views -> 0027_merge_reports_refund_heads
2025-08-21T22:12:32.6918496Z ##[group]Run pytest -q --cov=services --cov-report=xml
2025-08-21T22:12:32.6919196Z [36;1mpytest -q --cov=services --cov-report=xml[0m
2025-08-21T22:12:32.6968978Z shell: /usr/bin/bash -e {0}
2025-08-21T22:12:32.6969213Z env:
2025-08-21T22:12:32.6969425Z   REDIS_URL: redis://localhost:6379/0
2025-08-21T22:12:32.6969704Z   RATE_LIMIT_DEFAULT: 100/minute
2025-08-21T22:12:32.6969941Z   TRUST_X_FORWARDED: 1
2025-08-21T22:12:32.6970143Z   PG_USER: postgres
2025-08-21T22:12:32.6970333Z   PG_PASSWORD: pass
2025-08-21T22:12:32.6970511Z   PG_DATABASE: awa
2025-08-21T22:12:32.6970694Z   PG_HOST: localhost
2025-08-21T22:12:32.6970877Z   PG_PORT: 5432
2025-08-21T22:12:32.6971299Z   PG_SYNC_DSN: ***localhost:5432/awa
2025-08-21T22:12:32.6971710Z   PG_ASYNC_DSN: ***localhost:5432/awa
2025-08-21T22:12:32.6972266Z   DATABASE_URL: ***localhost:5432/awa
2025-08-21T22:12:32.6972723Z   DATA_DIR: /home/runner/work/_temp/awa-data
2025-08-21T22:12:32.6973164Z   ENABLE_LIVE: 0
2025-08-21T22:12:32.6973521Z   TESTING: 1
2025-08-21T22:12:32.6973964Z   pythonLocation: /opt/hostedtoolcache/Python/3.12.11/x64
2025-08-21T22:12:32.6974932Z   PKG_CONFIG_PATH: /opt/hostedtoolcache/Python/3.12.11/x64/lib/pkgconfig
2025-08-21T22:12:32.6975654Z   Python_ROOT_DIR: /opt/hostedtoolcache/Python/3.12.11/x64
2025-08-21T22:12:32.6976307Z   Python2_ROOT_DIR: /opt/hostedtoolcache/Python/3.12.11/x64
2025-08-21T22:12:32.6976930Z   Python3_ROOT_DIR: /opt/hostedtoolcache/Python/3.12.11/x64
2025-08-21T22:12:32.6977587Z   LD_LIBRARY_PATH: /opt/hostedtoolcache/Python/3.12.11/x64/lib
2025-08-21T22:12:32.6978149Z   POSTGRES_USER: postgres
2025-08-21T22:12:32.6978547Z   POSTGRES_PASSWORD: pass
2025-08-21T22:12:32.6978916Z   POSTGRES_DB: awa
2025-08-21T22:12:32.6979246Z   LLM_PROVIDER: lan
2025-08-21T22:12:32.6979646Z   LLM_BASE_URL: http://localhost:8000
2025-08-21T22:12:32.6980099Z ##[endgroup]
2025-08-21T22:13:04.3714596Z ........s.............................sssssss........................... [ 41%]
2025-08-21T22:13:36.3062100Z ........................................................................ [ 83%]
2025-08-21T22:13:37.4929911Z .............................                                            [100%]
2025-08-21T22:13:37.4932013Z =============================== warnings summary ===============================
2025-08-21T22:13:37.4932755Z Sentry is attempting to send 0 pending events
2025-08-21T22:13:37.4933268Z Waiting up to True seconds
2025-08-21T22:13:37.4933676Z Press Ctrl-C to quit
2025-08-21T22:13:37.4934976Z ../../../../../opt/hostedtoolcache/Python/3.12.11/x64/lib/python3.12/site-packages/pydantic/fields.py:1093
2025-08-21T22:13:37.4937820Z   /opt/hostedtoolcache/Python/3.12.11/x64/lib/python3.12/site-packages/pydantic/fields.py:1093: PydanticDeprecatedSince20: Using extra keyword arguments on `Field` is deprecated and will be removed. Use `json_schema_extra` instead. (Extra keys: 'strip_whitespace'). Deprecated in Pydantic V2.0 to be removed in V3.0. See Pydantic V2 Migration Guide at https://errors.pydantic.dev/2.11/migration/
2025-08-21T22:13:37.4940881Z     warn(
2025-08-21T22:13:37.4941070Z 
2025-08-21T22:13:37.4941374Z services/alert_bot/tests/test_smoke.py:5
2025-08-21T22:13:37.4943933Z   /home/runner/work/AWA-App/AWA-App/services/alert_bot/tests/test_smoke.py:5: UserWarning: pkg_resources is deprecated as an API. See https://setuptools.pypa.io/en/latest/pkg_resources.html. The pkg_resources package is slated for removal as early as 2025-11-30. Refrain from using this package or pin to Setuptools<81.
2025-08-21T22:13:37.4946365Z     import pkg_resources  # noqa: F401
2025-08-21T22:13:37.4946674Z 
2025-08-21T22:13:37.4946984Z tests/api/test_ingest_endpoints.py: 12 warnings
2025-08-21T22:13:37.4947629Z tests/ingest/test_tasks_eager.py: 3 warnings
2025-08-21T22:13:37.4948165Z tests/test_api_fast.py: 1 warning
2025-08-21T22:13:37.4948671Z tests/test_health.py: 5 warnings
2025-08-21T22:13:37.4949167Z tests/test_smoke.py: 5 warnings
2025-08-21T22:13:37.4949716Z services/api/tests/test_cors.py: 1 warning
2025-08-21T22:13:37.4950694Z services/api/tests/test_errors_json.py: 2 warnings
2025-08-21T22:13:37.4951405Z services/api/tests/test_health.py: 1 warning
2025-08-21T22:13:37.4952078Z services/api/tests/test_rate_limit.py: 122 warnings
2025-08-21T22:13:37.4952770Z services/api/tests/test_roi_basic_auth.py: 4 warnings
2025-08-21T22:13:37.4953441Z services/api/tests/test_sentry_event.py: 1 warning
2025-08-21T22:13:37.4954068Z services/api/tests/test_stats_contracts.py: 3 warnings
2025-08-21T22:13:37.4954958Z services/api/tests/test_stats_future_contracts.py: 3 warnings
2025-08-21T22:13:37.4957714Z   /opt/hostedtoolcache/Python/3.12.11/x64/lib/python3.12/site-packages/asgi_correlation_id/extensions/sentry.py:27: DeprecationWarning: sentry_sdk.configure_scope is deprecated and will be removed in the next major version. Please consult our migration guide to learn how to migrate to the new API: https://docs.sentry.io/platforms/python/migration/1.x-to-2.x#scope-configuring
2025-08-21T22:13:37.4960088Z     with configure_scope() as scope:
2025-08-21T22:13:37.4960387Z 
2025-08-21T22:13:37.4960694Z tests/api/test_ingest_endpoints.py: 3 warnings
2025-08-21T22:13:37.4961296Z tests/test_api_fast.py: 1 warning
2025-08-21T22:13:37.4961828Z tests/test_health.py: 5 warnings
2025-08-21T22:13:37.4962348Z tests/test_smoke.py: 5 warnings
2025-08-21T22:13:37.4962914Z services/api/tests/test_cors.py: 3 warnings
2025-08-21T22:13:37.4963594Z services/api/tests/test_errors_json.py: 2 warnings
2025-08-21T22:13:37.4964467Z services/api/tests/test_health.py: 1 warning
2025-08-21T22:13:37.4965158Z services/api/tests/test_rate_limit.py: 2 warnings
2025-08-21T22:13:37.4965882Z services/api/tests/test_sentry_event.py: 1 warning
2025-08-21T22:13:37.4966629Z services/api/tests/test_stats_contracts.py: 3 warnings
2025-08-21T22:13:37.4967467Z services/api/tests/test_stats_future_contracts.py: 1 warning
2025-08-21T22:13:37.4969289Z   /opt/hostedtoolcache/Python/3.12.11/x64/lib/python3.12/site-packages/fastapi_limiter/__init__.py:89: DeprecationWarning: Call to deprecated close. (Use aclose() instead) -- Deprecated since version 5.0.1.
2025-08-21T22:13:37.4970765Z     await cls.redis.close()
2025-08-21T22:13:37.4971041Z 
2025-08-21T22:13:37.4971394Z tests/test_api_fast.py::test_health_endpoint
2025-08-21T22:13:37.4973511Z   /home/runner/work/AWA-App/AWA-App/tests/test_api_fast.py:13: DeprecationWarning: datetime.datetime.utcnow() is deprecated and scheduled for removal in a future version. Use timezone-aware objects to represent datetimes in UTC: datetime.datetime.now(datetime.UTC).
2025-08-21T22:13:37.4975604Z     return datetime.datetime.utcnow()
2025-08-21T22:13:37.4975943Z 
2025-08-21T22:13:37.4976202Z tests/test_api_fast.py: 1 warning
2025-08-21T22:13:37.4976740Z tests/test_health.py: 5 warnings
2025-08-21T22:13:37.4977253Z tests/test_smoke.py: 5 warnings
2025-08-21T22:13:37.4978098Z services/api/tests/test_cors.py: 1 warning
2025-08-21T22:13:37.4978747Z services/api/tests/test_health.py: 1 warning
2025-08-21T22:13:37.4979445Z services/api/tests/test_rate_limit.py: 102 warnings
2025-08-21T22:13:37.4981652Z   /home/runner/work/AWA-App/AWA-App/services/api/routes/health.py:24: DeprecationWarning: datetime.datetime.utcnow() is deprecated and scheduled for removal in a future version. Use timezone-aware objects to represent datetimes in UTC: datetime.datetime.now(datetime.UTC).
2025-08-21T22:13:37.4983724Z     app_now = datetime.utcnow().replace(tzinfo=timezone.utc)
2025-08-21T22:13:37.4984398Z 
2025-08-21T22:13:37.4984685Z tests/test_health.py::test_health[0]
2025-08-21T22:13:37.4985274Z tests/test_health.py::test_health[1]
2025-08-21T22:13:37.4985845Z tests/test_health.py::test_health[2]
2025-08-21T22:13:37.4986413Z tests/test_health.py::test_health[3]
2025-08-21T22:13:37.4986967Z tests/test_health.py::test_health[4]
2025-08-21T22:13:37.4989282Z   /home/runner/work/AWA-App/AWA-App/tests/test_health.py:22: DeprecationWarning: datetime.datetime.utcnow() is deprecated and scheduled for removal in a future version. Use timezone-aware objects to represent datetimes in UTC: datetime.datetime.now(datetime.UTC).
2025-08-21T22:13:37.4991182Z     return datetime.datetime.utcnow()
2025-08-21T22:13:37.4991519Z 
2025-08-21T22:13:37.4991794Z tests/test_smoke.py::test_health[0]
2025-08-21T22:13:37.4992361Z tests/test_smoke.py::test_health[1]
2025-08-21T22:13:37.4992922Z tests/test_smoke.py::test_health[2]
2025-08-21T22:13:37.4993475Z tests/test_smoke.py::test_health[3]
2025-08-21T22:13:37.4994018Z tests/test_smoke.py::test_health[4]
2025-08-21T22:13:37.4996248Z   /home/runner/work/AWA-App/AWA-App/tests/test_smoke.py:32: DeprecationWarning: datetime.datetime.utcnow() is deprecated and scheduled for removal in a future version. Use timezone-aware objects to represent datetimes in UTC: datetime.datetime.now(datetime.UTC).
2025-08-21T22:13:37.4998128Z     return datetime.datetime.utcnow()
2025-08-21T22:13:37.4998490Z 
2025-08-21T22:13:37.4998937Z services/api/tests/test_cors.py::test_cors_simple_get_allowed
2025-08-21T22:13:37.5001242Z   /home/runner/work/AWA-App/AWA-App/services/api/tests/test_cors.py:27: DeprecationWarning: datetime.datetime.utcnow() is deprecated and scheduled for removal in a future version. Use timezone-aware objects to represent datetimes in UTC: datetime.datetime.now(datetime.UTC).
2025-08-21T22:13:37.5003212Z     return datetime.datetime.utcnow()
2025-08-21T22:13:37.5003542Z 
2025-08-21T22:13:37.5003911Z services/api/tests/test_health.py::test_health_route
2025-08-21T22:13:37.5006344Z   /home/runner/work/AWA-App/AWA-App/services/api/tests/test_health.py:14: DeprecationWarning: datetime.datetime.utcnow() is deprecated and scheduled for removal in a future version. Use timezone-aware objects to represent datetimes in UTC: datetime.datetime.now(datetime.UTC).
2025-08-21T22:13:37.5008306Z     return datetime.datetime.utcnow()
2025-08-21T22:13:37.5008654Z 
2025-08-21T22:13:37.5009005Z services/api/tests/test_rate_limit.py: 102 warnings
2025-08-21T22:13:37.5011249Z   /home/runner/work/AWA-App/AWA-App/services/api/tests/test_rate_limit.py:33: DeprecationWarning: datetime.datetime.utcnow() is deprecated and scheduled for removal in a future version. Use timezone-aware objects to represent datetimes in UTC: datetime.datetime.now(datetime.UTC).
2025-08-21T22:13:37.5013217Z     return datetime.datetime.utcnow()
2025-08-21T22:13:37.5013555Z 
2025-08-21T22:13:37.5014373Z services/api/tests/test_sentry_event.py::test_unhandled_exception_is_captured_and_tagged
2025-08-21T22:13:37.5017237Z   /home/runner/work/AWA-App/AWA-App/services/api/tests/test_sentry_event.py:47: SentryHubDeprecationWarning: `sentry_sdk.Hub` is deprecated and will be removed in a future major release. Please consult our 1.x to 2.x migration guide for details on how to migrate `Hub` usage to the new API: https://docs.sentry.io/platforms/python/migration/1.x-to-2.x
2025-08-21T22:13:37.5019495Z     hub = sentry_sdk.Hub.current
2025-08-21T22:13:37.5020041Z 
2025-08-21T22:13:37.5020564Z -- Docs: https://docs.pytest.org/en/stable/how-to/capture-warnings.html
2025-08-21T22:13:37.5021487Z ================================ tests coverage ================================
2025-08-21T22:13:37.5022379Z _______________ coverage: platform linux, python 3.12.11-final-0 _______________
2025-08-21T22:13:37.5022892Z 
2025-08-21T22:13:37.5023189Z Coverage XML written to file coverage.xml
2025-08-21T22:13:37.9207934Z ##[group]Run echo "::group::postgres container logs"
2025-08-21T22:13:37.9208314Z [36;1mecho "::group::postgres container logs"[0m
2025-08-21T22:13:37.9208790Z [36;1mdocker logs d90f01c93eb2ead07316542b97fd1ea98443c1c7bf249ec21bb4987a57ecc958 --tail 200[0m
2025-08-21T22:13:37.9209235Z [36;1mecho "::endgroup::"[0m
2025-08-21T22:13:37.9249955Z shell: /usr/bin/bash -e {0}
2025-08-21T22:13:37.9250184Z env:
2025-08-21T22:13:37.9250390Z   REDIS_URL: redis://localhost:6379/0
2025-08-21T22:13:37.9250654Z   RATE_LIMIT_DEFAULT: 100/minute
2025-08-21T22:13:37.9250901Z   TRUST_X_FORWARDED: 1
2025-08-21T22:13:37.9251098Z   PG_USER: postgres
2025-08-21T22:13:37.9251288Z   PG_PASSWORD: pass
2025-08-21T22:13:37.9251470Z   PG_DATABASE: awa
2025-08-21T22:13:37.9251644Z   PG_HOST: localhost
2025-08-21T22:13:37.9251825Z   PG_PORT: 5432
2025-08-21T22:13:37.9252215Z   PG_SYNC_DSN: ***localhost:5432/awa
2025-08-21T22:13:37.9252613Z   PG_ASYNC_DSN: ***localhost:5432/awa
2025-08-21T22:13:37.9253012Z   DATABASE_URL: ***localhost:5432/awa
2025-08-21T22:13:37.9253249Z   DATA_DIR: /tmp/awa-data
2025-08-21T22:13:37.9253447Z   ENABLE_LIVE: 0
2025-08-21T22:13:37.9253619Z   TESTING: 1
2025-08-21T22:13:37.9253856Z   pythonLocation: /opt/hostedtoolcache/Python/3.12.11/x64
2025-08-21T22:13:37.9254483Z   PKG_CONFIG_PATH: /opt/hostedtoolcache/Python/3.12.11/x64/lib/pkgconfig
2025-08-21T22:13:37.9254874Z   Python_ROOT_DIR: /opt/hostedtoolcache/Python/3.12.11/x64
2025-08-21T22:13:37.9255217Z   Python2_ROOT_DIR: /opt/hostedtoolcache/Python/3.12.11/x64
2025-08-21T22:13:37.9255587Z   Python3_ROOT_DIR: /opt/hostedtoolcache/Python/3.12.11/x64
2025-08-21T22:13:37.9255943Z   LD_LIBRARY_PATH: /opt/hostedtoolcache/Python/3.12.11/x64/lib
2025-08-21T22:13:37.9256237Z ##[endgroup]
2025-08-21T22:13:37.9313576Z ##[group]postgres container logs
2025-08-21T22:13:37.9427985Z The files belonging to this database system will be owned by user "postgres".
2025-08-21T22:13:37.9429628Z initdb: warning: enabling "trust" authentication for local connections
2025-08-21T22:13:37.9430904Z initdb: hint: You can change this by editing pg_hba.conf or using the option -A, or --auth-local and --auth-host, the next time you run initdb.
2025-08-21T22:13:37.9431547Z This user must also own the server process.
2025-08-21T22:13:37.9431741Z 
2025-08-21T22:13:37.9431988Z The database cluster will be initialized with locale "en_US.utf8".
2025-08-21T22:13:37.9432468Z The default database encoding has accordingly been set to "UTF8".
2025-08-21T22:13:37.9432924Z The default text search configuration will be set to "english".
2025-08-21T22:13:37.9433175Z 
2025-08-21T22:13:37.9433313Z Data page checksums are disabled.
2025-08-21T22:13:37.9433475Z 
2025-08-21T22:13:37.9433745Z fixing permissions on existing directory /var/lib/postgresql/data ... ok
2025-08-21T22:13:37.9434350Z creating subdirectories ... ok
2025-08-21T22:13:37.9434751Z selecting dynamic shared memory implementation ... posix
2025-08-21T22:13:37.9435121Z selecting default max_connections ... 100
2025-08-21T22:13:37.9435444Z selecting default shared_buffers ... 128MB
2025-08-21T22:13:37.9435747Z selecting default time zone ... Etc/UTC
2025-08-21T22:13:37.9436039Z creating configuration files ... ok
2025-08-21T22:13:37.9436322Z running bootstrap script ... ok
2025-08-21T22:13:37.9436638Z performing post-bootstrap initialization ... ok
2025-08-21T22:13:37.9436940Z syncing data to disk ... ok
2025-08-21T22:13:37.9437085Z 
2025-08-21T22:13:37.9437091Z 
2025-08-21T22:13:37.9437272Z Success. You can now start the database server using:
2025-08-21T22:13:37.9437719Z 
2025-08-21T22:13:37.9437881Z     pg_ctl -D /var/lib/postgresql/data -l logfile start
2025-08-21T22:13:37.9438086Z 
2025-08-21T22:13:37.9438675Z 2025-08-21 22:11:09.452 UTC [1] LOG:  starting PostgreSQL 15.14 (Debian 15.14-1.pgdg13+1) on x86_64-pc-linux-gnu, compiled by gcc (Debian 14.2.0-19) 14.2.0, 64-bit
2025-08-21T22:13:37.9439379Z 2025-08-21 22:11:09.452 UTC [1] LOG:  listening on IPv4 address "0.0.0.0", port 5432
2025-08-21T22:13:37.9440070Z 2025-08-21 22:11:09.452 UTC [1] LOG:  listening on IPv6 address "::", port 5432
2025-08-21T22:13:37.9440924Z 2025-08-21 22:11:09.453 UTC [1] LOG:  listening on Unix socket "/var/run/postgresql/.s.PGSQL.5432"
2025-08-21T22:13:37.9442046Z 2025-08-21 22:11:09.457 UTC [64] LOG:  database system was shut down at 2025-08-21 22:11:09 UTC
2025-08-21T22:13:37.9443018Z 2025-08-21 22:11:09.461 UTC [1] LOG:  database system is ready to accept connections
2025-08-21T22:13:37.9444847Z waiting for server to start....2025-08-21 22:11:09.118 UTC [48] LOG:  starting PostgreSQL 15.14 (Debian 15.14-1.pgdg13+1) on x86_64-pc-linux-gnu, compiled by gcc (Debian 14.2.0-19) 14.2.0, 64-bit
2025-08-21T22:13:37.9445748Z 2025-08-21 22:11:09.119 UTC [48] LOG:  listening on Unix socket "/var/run/postgresql/.s.PGSQL.5432"
2025-08-21T22:13:37.9446353Z 2025-08-21 22:11:09.122 UTC [51] LOG:  database system was shut down at 2025-08-21 22:11:09 UTC
2025-08-21T22:13:37.9446903Z 2025-08-21 22:11:09.127 UTC [48] LOG:  database system is ready to accept connections
2025-08-21T22:13:37.9447238Z  done
2025-08-21T22:13:37.9447407Z server started
2025-08-21T22:13:37.9447589Z CREATE DATABASE
2025-08-21T22:13:37.9447697Z 
2025-08-21T22:13:37.9447704Z 
2025-08-21T22:13:37.9448001Z /usr/local/bin/docker-entrypoint.sh: ignoring /docker-entrypoint-initdb.d/*
2025-08-21T22:13:37.9448299Z 
2025-08-21T22:13:37.9448642Z waiting for server to shut down....2025-08-21 22:11:09.327 UTC [48] LOG:  received fast shutdown request
2025-08-21T22:13:37.9449185Z 2025-08-21 22:11:09.327 UTC [48] LOG:  aborting any active transactions
2025-08-21T22:13:37.9449811Z 2025-08-21 22:11:09.329 UTC [48] LOG:  background worker "logical replication launcher" (PID 54) exited with exit code 1
2025-08-21T22:13:37.9450334Z 2025-08-21 22:11:09.330 UTC [49] LOG:  shutting down
2025-08-21T22:13:37.9450765Z 2025-08-21 22:11:09.330 UTC [49] LOG:  checkpoint starting: shutdown immediate
2025-08-21T22:13:37.9451860Z 2025-08-21 22:11:09.353 UTC [49] LOG:  checkpoint complete: wrote 922 buffers (5.6%); 0 WAL file(s) added, 0 removed, 0 recycled; write=0.019 s, sync=0.002 s, total=0.024 s; sync files=301, longest=0.001 s, average=0.001 s; distance=4239 kB, estimate=4239 kB
2025-08-21T22:13:37.9452732Z 2025-08-21 22:11:09.361 UTC [48] LOG:  database system is shut down
2025-08-21T22:13:37.9453018Z  done
2025-08-21T22:13:37.9453190Z server stopped
2025-08-21T22:13:37.9453302Z 
2025-08-21T22:13:37.9453487Z PostgreSQL init process complete; ready for start up.
2025-08-21T22:13:37.9453698Z 
2025-08-21T22:13:37.9453949Z ##[endgroup]
2025-08-21T22:13:37.9491390Z Post job cleanup.
2025-08-21T22:13:38.1658886Z Post job cleanup.
2025-08-21T22:13:38.2927323Z Cache hit occurred on the primary key Linux-test-cc13ccef493b9f3a93ad5651164d9fb09282c1111f6f72ce20e0657de16de6b4, not saving cache.
2025-08-21T22:13:38.3011086Z Post job cleanup.
2025-08-21T22:13:38.4490800Z Cache hit occurred on the primary key setup-python-Linux-x64-24.04-Ubuntu-python-3.12.11-pip-811b81ed6ebfbfffa596cc763769fd73f8be2333e1ac798acb7aae17a56fccd5, not saving cache.
2025-08-21T22:13:38.4590555Z Post job cleanup.
2025-08-21T22:13:38.5352439Z [command]/usr/bin/git version
2025-08-21T22:13:38.5388305Z git version 2.51.0
2025-08-21T22:13:38.5423818Z Temporarily overriding HOME='/home/runner/work/_temp/7db99e18-afb1-4ac5-bfb6-27f5b7cbb6b3' before making global git config changes
2025-08-21T22:13:38.5425405Z Adding repository directory to the temporary git global config as a safe directory
2025-08-21T22:13:38.5429628Z [command]/usr/bin/git config --global --add safe.directory /home/runner/work/AWA-App/AWA-App
2025-08-21T22:13:38.5464012Z [command]/usr/bin/git config --local --name-only --get-regexp core\.sshCommand
2025-08-21T22:13:38.5496017Z [command]/usr/bin/git submodule foreach --recursive sh -c "git config --local --name-only --get-regexp 'core\.sshCommand' && git config --local --unset-all 'core.sshCommand' || :"
2025-08-21T22:13:38.5725863Z [command]/usr/bin/git config --local --name-only --get-regexp http\.https\:\/\/github\.com\/\.extraheader
2025-08-21T22:13:38.5747214Z http.https://github.com/.extraheader
2025-08-21T22:13:38.5757165Z [command]/usr/bin/git config --local --unset-all http.https://github.com/.extraheader
2025-08-21T22:13:38.5787645Z [command]/usr/bin/git submodule foreach --recursive sh -c "git config --local --name-only --get-regexp 'http\.https\:\/\/github\.com\/\.extraheader' && git config --local --unset-all 'http.https://github.com/.extraheader' || :"
2025-08-21T22:13:38.6098887Z Print service container logs: 43df4f4eb3eb4dfcb64517b2517b8ec3_postgres15_f4bb87
2025-08-21T22:13:38.6103204Z ##[command]/usr/bin/docker logs --details d90f01c93eb2ead07316542b97fd1ea98443c1c7bf249ec21bb4987a57ecc958
2025-08-21T22:13:38.6220407Z  The files belonging to this database system will be owned by user "postgres".
2025-08-21T22:13:38.6221153Z  This user must also own the server process.
2025-08-21T22:13:38.6221616Z  
2025-08-21T22:13:38.6222093Z  The database cluster will be initialized with locale "en_US.utf8".
2025-08-21T22:13:38.6222868Z  The default database encoding has accordingly been set to "UTF8".
2025-08-21T22:13:38.6223608Z  The default text search configuration will be set to "english".
2025-08-21T22:13:38.6223980Z  
2025-08-21T22:13:38.6224344Z  Data page checksums are disabled.
2025-08-21T22:13:38.6224654Z  
2025-08-21T22:13:38.6224940Z  fixing permissions on existing directory /var/lib/postgresql/data ... ok
2025-08-21T22:13:38.6225353Z  creating subdirectories ... ok
2025-08-21T22:13:38.6225652Z  selecting dynamic shared memory implementation ... posix
2025-08-21T22:13:38.6225986Z  selecting default max_connections ... 100
2025-08-21T22:13:38.6226256Z  selecting default shared_buffers ... 128MB
2025-08-21T22:13:38.6226513Z  selecting default time zone ... Etc/UTC
2025-08-21T22:13:38.6226768Z  creating configuration files ... ok
2025-08-21T22:13:38.6227019Z  running bootstrap script ... ok
2025-08-21T22:13:38.6227287Z  performing post-bootstrap initialization ... ok
2025-08-21T22:13:38.6227563Z  syncing data to disk ... ok
2025-08-21T22:13:38.6227766Z  
2025-08-21T22:13:38.6227913Z  
2025-08-21T22:13:38.6228117Z  Success. You can now start the database server using:
2025-08-21T22:13:38.6228381Z  
2025-08-21T22:13:38.6229327Z  initdb: warning: enabling "trust" authentication for local connections
2025-08-21T22:13:38.6229981Z  initdb: hint: You can change this by editing pg_hba.conf or using the option -A, or --auth-local and --auth-host, the next time you run initdb.
2025-08-21T22:13:38.6230785Z  2025-08-21 22:11:09.452 UTC [1] LOG:  starting PostgreSQL 15.14 (Debian 15.14-1.pgdg13+1) on x86_64-pc-linux-gnu, compiled by gcc (Debian 14.2.0-19) 14.2.0, 64-bit
2025-08-21T22:13:38.6231427Z  2025-08-21 22:11:09.452 UTC [1] LOG:  listening on IPv4 address "0.0.0.0", port 5432
2025-08-21T22:13:38.6231836Z  2025-08-21 22:11:09.452 UTC [1] LOG:  listening on IPv6 address "::", port 5432
2025-08-21T22:13:38.6232299Z  2025-08-21 22:11:09.453 UTC [1] LOG:  listening on Unix socket "/var/run/postgresql/.s.PGSQL.5432"
2025-08-21T22:13:38.6232794Z  2025-08-21 22:11:09.457 UTC [64] LOG:  database system was shut down at 2025-08-21 22:11:09 UTC
2025-08-21T22:13:38.6233233Z  2025-08-21 22:11:09.461 UTC [1] LOG:  database system is ready to accept connections
2025-08-21T22:13:38.6233612Z      pg_ctl -D /var/lib/postgresql/data -l logfile start
2025-08-21T22:13:38.6233875Z  
2025-08-21T22:13:38.6235036Z  waiting for server to start....2025-08-21 22:11:09.118 UTC [48] LOG:  starting PostgreSQL 15.14 (Debian 15.14-1.pgdg13+1) on x86_64-pc-linux-gnu, compiled by gcc (Debian 14.2.0-19) 14.2.0, 64-bit
2025-08-21T22:13:38.6236334Z  2025-08-21 22:11:09.119 UTC [48] LOG:  listening on Unix socket "/var/run/postgresql/.s.PGSQL.5432"
2025-08-21T22:13:38.6236846Z  2025-08-21 22:11:09.122 UTC [51] LOG:  database system was shut down at 2025-08-21 22:11:09 UTC
2025-08-21T22:13:38.6237293Z  2025-08-21 22:11:09.127 UTC [48] LOG:  database system is ready to accept connections
2025-08-21T22:13:38.6237618Z   done
2025-08-21T22:13:38.6237785Z  server started
2025-08-21T22:13:38.6237974Z  CREATE DATABASE
2025-08-21T22:13:38.6238146Z  
2025-08-21T22:13:38.6238295Z  
2025-08-21T22:13:38.6238593Z  /usr/local/bin/docker-entrypoint.sh: ignoring /docker-entrypoint-initdb.d/*
2025-08-21T22:13:38.6238962Z  
2025-08-21T22:13:38.6239277Z  waiting for server to shut down....2025-08-21 22:11:09.327 UTC [48] LOG:  received fast shutdown request
2025-08-21T22:13:38.6239942Z  2025-08-21 22:11:09.327 UTC [48] LOG:  aborting any active transactions
2025-08-21T22:13:38.6240452Z  2025-08-21 22:11:09.329 UTC [48] LOG:  background worker "logical replication launcher" (PID 54) exited with exit code 1
2025-08-21T22:13:38.6240918Z  2025-08-21 22:11:09.330 UTC [49] LOG:  shutting down
2025-08-21T22:13:38.6241255Z  2025-08-21 22:11:09.330 UTC [49] LOG:  checkpoint starting: shutdown immediate
2025-08-21T22:13:38.6242065Z  2025-08-21 22:11:09.353 UTC [49] LOG:  checkpoint complete: wrote 922 buffers (5.6%); 0 WAL file(s) added, 0 removed, 0 recycled; write=0.019 s, sync=0.002 s, total=0.024 s; sync files=301, longest=0.001 s, average=0.001 s; distance=4239 kB, estimate=4239 kB
2025-08-21T22:13:38.6242848Z  2025-08-21 22:11:09.361 UTC [48] LOG:  database system is shut down
2025-08-21T22:13:38.6243132Z   done
2025-08-21T22:13:38.6243298Z  server stopped
2025-08-21T22:13:38.6243470Z  
2025-08-21T22:13:38.6243684Z  PostgreSQL init process complete; ready for start up.
2025-08-21T22:13:38.6243956Z  
2025-08-21T22:13:38.6249448Z Stop and remove container: 43df4f4eb3eb4dfcb64517b2517b8ec3_postgres15_f4bb87
2025-08-21T22:13:38.6253837Z ##[command]/usr/bin/docker rm --force d90f01c93eb2ead07316542b97fd1ea98443c1c7bf249ec21bb4987a57ecc958
2025-08-21T22:13:38.7367800Z d90f01c93eb2ead07316542b97fd1ea98443c1c7bf249ec21bb4987a57ecc958
2025-08-21T22:13:38.7389564Z Print service container logs: 727f0168c2e24f1194cd2922adcb8fd8_redis7alpine_3f4c92
2025-08-21T22:13:38.7390678Z ##[command]/usr/bin/docker logs --details eb8ac629272401fad1fc1f7189122297141efc2724c0dce1304188007fce49a4
2025-08-21T22:13:38.7508468Z  1:C 21 Aug 2025 22:11:09.743 # WARNING Memory overcommit must be enabled! Without it, a background save or replication may fail under low memory condition. Being disabled, it can also cause failures without low memory condition, see https://github.com/jemalloc/jemalloc/issues/1328. To fix this issue add 'vm.overcommit_memory = 1' to /etc/sysctl.conf and then reboot or run the command 'sysctl vm.overcommit_memory=1' for this to take effect.
2025-08-21T22:13:38.7510493Z  1:C 21 Aug 2025 22:11:09.743 * oO0OoO0OoO0Oo Redis is starting oO0OoO0OoO0Oo
2025-08-21T22:13:38.7511003Z  1:C 21 Aug 2025 22:11:09.743 * Redis version=7.4.5, bits=64, commit=00000000, modified=0, pid=1, just started
2025-08-21T22:13:38.7511716Z  1:C 21 Aug 2025 22:11:09.743 # Warning: no config file specified, using the default config. In order to specify a config file use redis-server /path/to/redis.conf
2025-08-21T22:13:38.7512332Z  1:M 21 Aug 2025 22:11:09.743 * monotonic clock: POSIX clock_gettime
2025-08-21T22:13:38.7512723Z  1:M 21 Aug 2025 22:11:09.744 * Running mode=standalone, port=6379.
2025-08-21T22:13:38.7513041Z  1:M 21 Aug 2025 22:11:09.744 * Server initialized
2025-08-21T22:13:38.7513360Z  1:M 21 Aug 2025 22:11:09.744 * Ready to accept connections tcp
2025-08-21T22:13:38.7520215Z Stop and remove container: 727f0168c2e24f1194cd2922adcb8fd8_redis7alpine_3f4c92
2025-08-21T22:13:38.7520922Z ##[command]/usr/bin/docker rm --force eb8ac629272401fad1fc1f7189122297141efc2724c0dce1304188007fce49a4
2025-08-21T22:13:38.8734982Z eb8ac629272401fad1fc1f7189122297141efc2724c0dce1304188007fce49a4
2025-08-21T22:13:38.8757746Z Remove container network: github_network_4c06c25f35b04cc7921eed161b40af3b
2025-08-21T22:13:38.8762113Z ##[command]/usr/bin/docker network rm github_network_4c06c25f35b04cc7921eed161b40af3b
2025-08-21T22:13:38.9806117Z github_network_4c06c25f35b04cc7921eed161b40af3b
2025-08-21T22:13:38.9863005Z Cleaning up orphan processes
