2025-08-18T18:10:17.7130949Z Current runner version: '2.327.1'
2025-08-18T18:10:17.7164515Z ##[group]Runner Image Provisioner
2025-08-18T18:10:17.7165765Z Hosted Compute Agent
2025-08-18T18:10:17.7166926Z Version: 20250818.377
2025-08-18T18:10:17.7168068Z Commit: 3c593e9f75fe0b87e893bca80d6e12ba089c61fc
2025-08-18T18:10:17.7169331Z Build Date: 2025-08-18T14:52:18Z
2025-08-18T18:10:17.7170303Z ##[endgroup]
2025-08-18T18:10:17.7171281Z ##[group]Operating System
2025-08-18T18:10:17.7172148Z Ubuntu
2025-08-18T18:10:17.7172944Z 24.04.2
2025-08-18T18:10:17.7173783Z LTS
2025-08-18T18:10:17.7174617Z ##[endgroup]
2025-08-18T18:10:17.7175474Z ##[group]Runner Image
2025-08-18T18:10:17.7176742Z Image: ubuntu-24.04
2025-08-18T18:10:17.7177647Z Version: 20250810.1.0
2025-08-18T18:10:17.7179410Z Included Software: https://github.com/actions/runner-images/blob/ubuntu24/20250810.1/images/ubuntu/Ubuntu2404-Readme.md
2025-08-18T18:10:17.7182402Z Image Release: https://github.com/actions/runner-images/releases/tag/ubuntu24%2F20250810.1
2025-08-18T18:10:17.7184375Z ##[endgroup]
2025-08-18T18:10:17.7188990Z ##[group]GITHUB_TOKEN Permissions
2025-08-18T18:10:17.7192085Z Actions: write
2025-08-18T18:10:17.7193120Z Attestations: write
2025-08-18T18:10:17.7194001Z Checks: write
2025-08-18T18:10:17.7195010Z Contents: write
2025-08-18T18:10:17.7195886Z Deployments: write
2025-08-18T18:10:17.7197027Z Discussions: write
2025-08-18T18:10:17.7198081Z Issues: write
2025-08-18T18:10:17.7198945Z Metadata: read
2025-08-18T18:10:17.7199719Z Models: read
2025-08-18T18:10:17.7200658Z Packages: write
2025-08-18T18:10:17.7201502Z Pages: write
2025-08-18T18:10:17.7202298Z PullRequests: write
2025-08-18T18:10:17.7203386Z RepositoryProjects: write
2025-08-18T18:10:17.7204309Z SecurityEvents: write
2025-08-18T18:10:17.7205309Z Statuses: write
2025-08-18T18:10:17.7206405Z ##[endgroup]
2025-08-18T18:10:17.7209397Z Secret source: Actions
2025-08-18T18:10:17.7210647Z Prepare workflow directory
2025-08-18T18:10:17.7840884Z Prepare all required actions
2025-08-18T18:10:17.7899467Z Getting action download info
2025-08-18T18:10:18.1105328Z Download action repository 'actions/checkout@v4' (SHA:08eba0b27e820071cde6df949e0beb9ba4906955)
2025-08-18T18:10:18.4944423Z Download action repository 'actions/setup-python@v5' (SHA:a26af69be951a213d495a4c3e4e4022e16d87065)
2025-08-18T18:10:18.8970717Z Download action repository 'actions/cache@v4' (SHA:0400d5f644dc74513175e3cd8d07132dd4860809)
2025-08-18T18:10:19.3196395Z Download action repository 'actions/setup-node@v4' (SHA:49933ea5288caeca8642d1e84afbd3f7d6820020)
2025-08-18T18:10:19.4622548Z Download action repository 'codecov/codecov-action@v4' (SHA:b9fd7d16f6d7d1b5d2bec1a2887e65ceed900238)
2025-08-18T18:10:19.8995770Z Complete job name: test
2025-08-18T18:10:19.9577293Z ##[group]Checking docker version
2025-08-18T18:10:19.9591389Z ##[command]/usr/bin/docker version --format '{{.Server.APIVersion}}'
2025-08-18T18:10:20.0150159Z '1.48'
2025-08-18T18:10:20.0163460Z Docker daemon API version: '1.48'
2025-08-18T18:10:20.0164902Z ##[command]/usr/bin/docker version --format '{{.Client.APIVersion}}'
2025-08-18T18:10:20.0376666Z '1.48'
2025-08-18T18:10:20.0390414Z Docker client API version: '1.48'
2025-08-18T18:10:20.0395849Z ##[endgroup]
2025-08-18T18:10:20.0399871Z ##[group]Clean up resources from previous jobs
2025-08-18T18:10:20.0405888Z ##[command]/usr/bin/docker ps --all --quiet --no-trunc --filter "label=a042b3"
2025-08-18T18:10:20.0548013Z ##[command]/usr/bin/docker network prune --force --filter "label=a042b3"
2025-08-18T18:10:20.0679883Z ##[endgroup]
2025-08-18T18:10:20.0680727Z ##[group]Create local container network
2025-08-18T18:10:20.0692125Z ##[command]/usr/bin/docker network create --label a042b3 github_network_9c1a8c65ac1d4056b8bb3e3a13377afc
2025-08-18T18:10:20.1200204Z 46e619602fbc7161965387d7359e1b56e9cff7577e462c2e3ebd9f06a696a0bb
2025-08-18T18:10:20.1217743Z ##[endgroup]
2025-08-18T18:10:20.1243265Z ##[group]Starting postgres service container
2025-08-18T18:10:20.1263530Z ##[command]/usr/bin/docker pull postgres:15
2025-08-18T18:10:20.5212801Z 15: Pulling from library/postgres
2025-08-18T18:10:20.6345344Z 396b1da7636e: Pulling fs layer
2025-08-18T18:10:20.6347201Z fca2566eba32: Pulling fs layer
2025-08-18T18:10:20.6348777Z 631fe8c6d606: Pulling fs layer
2025-08-18T18:10:20.6350268Z 77c7671c4414: Pulling fs layer
2025-08-18T18:10:20.6351852Z 2d9e29180a27: Pulling fs layer
2025-08-18T18:10:20.6353023Z c6bcc2c9a041: Pulling fs layer
2025-08-18T18:10:20.6353946Z ac4b721eb66f: Pulling fs layer
2025-08-18T18:10:20.6354862Z 606bd164980e: Pulling fs layer
2025-08-18T18:10:20.6355784Z f5dfd246bc6e: Pulling fs layer
2025-08-18T18:10:20.6356995Z ba7036bb0a60: Pulling fs layer
2025-08-18T18:10:20.6357953Z 799f859abbbd: Pulling fs layer
2025-08-18T18:10:20.6358876Z d903e777080c: Pulling fs layer
2025-08-18T18:10:20.6359766Z 04adcb462801: Pulling fs layer
2025-08-18T18:10:20.6360655Z 5c10925b29ff: Pulling fs layer
2025-08-18T18:10:20.6361577Z c6bcc2c9a041: Waiting
2025-08-18T18:10:20.6362338Z 77c7671c4414: Waiting
2025-08-18T18:10:20.6363110Z ac4b721eb66f: Waiting
2025-08-18T18:10:20.6363885Z 2d9e29180a27: Waiting
2025-08-18T18:10:20.6364651Z 606bd164980e: Waiting
2025-08-18T18:10:20.6365416Z f5dfd246bc6e: Waiting
2025-08-18T18:10:20.6366361Z ba7036bb0a60: Waiting
2025-08-18T18:10:20.6367134Z 799f859abbbd: Waiting
2025-08-18T18:10:20.6367910Z d903e777080c: Waiting
2025-08-18T18:10:20.6368691Z 04adcb462801: Waiting
2025-08-18T18:10:20.6369447Z 5c10925b29ff: Waiting
2025-08-18T18:10:20.7476900Z fca2566eba32: Download complete
2025-08-18T18:10:20.8954689Z 77c7671c4414: Verifying Checksum
2025-08-18T18:10:20.8956855Z 77c7671c4414: Download complete
2025-08-18T18:10:20.9374911Z 396b1da7636e: Verifying Checksum
2025-08-18T18:10:20.9377222Z 396b1da7636e: Download complete
2025-08-18T18:10:21.0818591Z 2d9e29180a27: Verifying Checksum
2025-08-18T18:10:21.0826452Z 2d9e29180a27: Download complete
2025-08-18T18:10:21.2086414Z ac4b721eb66f: Verifying Checksum
2025-08-18T18:10:21.2088366Z ac4b721eb66f: Download complete
2025-08-18T18:10:21.7278939Z 606bd164980e: Verifying Checksum
2025-08-18T18:10:21.7279605Z 606bd164980e: Download complete
2025-08-18T18:10:21.8925681Z 631fe8c6d606: Verifying Checksum
2025-08-18T18:10:21.8929121Z 631fe8c6d606: Download complete
2025-08-18T18:10:21.9370060Z c6bcc2c9a041: Download complete
2025-08-18T18:10:21.9652366Z 396b1da7636e: Pull complete
2025-08-18T18:10:22.0171654Z ba7036bb0a60: Verifying Checksum
2025-08-18T18:10:22.0172189Z ba7036bb0a60: Download complete
2025-08-18T18:10:22.0481721Z 799f859abbbd: Verifying Checksum
2025-08-18T18:10:22.0482473Z 799f859abbbd: Download complete
2025-08-18T18:10:22.1445485Z d903e777080c: Verifying Checksum
2025-08-18T18:10:22.1446417Z d903e777080c: Download complete
2025-08-18T18:10:22.1990002Z 04adcb462801: Verifying Checksum
2025-08-18T18:10:22.1990485Z 04adcb462801: Download complete
2025-08-18T18:10:22.2535340Z 5c10925b29ff: Verifying Checksum
2025-08-18T18:10:22.2536348Z 5c10925b29ff: Download complete
2025-08-18T18:10:22.4724348Z fca2566eba32: Pull complete
2025-08-18T18:10:22.6801066Z 631fe8c6d606: Pull complete
2025-08-18T18:10:22.7341687Z 77c7671c4414: Pull complete
2025-08-18T18:10:23.0509829Z 2d9e29180a27: Pull complete
2025-08-18T18:10:23.1554132Z c6bcc2c9a041: Pull complete
2025-08-18T18:10:23.1660402Z ac4b721eb66f: Pull complete
2025-08-18T18:10:23.1814425Z 606bd164980e: Pull complete
2025-08-18T18:10:23.2209738Z f5dfd246bc6e: Verifying Checksum
2025-08-18T18:10:23.2210257Z f5dfd246bc6e: Download complete
2025-08-18T18:10:26.1321159Z f5dfd246bc6e: Pull complete
2025-08-18T18:10:26.1492222Z ba7036bb0a60: Pull complete
2025-08-18T18:10:26.1612241Z 799f859abbbd: Pull complete
2025-08-18T18:10:26.1789338Z d903e777080c: Pull complete
2025-08-18T18:10:26.1949053Z 04adcb462801: Pull complete
2025-08-18T18:10:26.2078631Z 5c10925b29ff: Pull complete
2025-08-18T18:10:26.2121505Z Digest: sha256:bc51cf4f1fe02cce7ed2370b20128a9b00b4eb804573a77d2a0d877aaa9c82b1
2025-08-18T18:10:26.2135892Z Status: Downloaded newer image for postgres:15
2025-08-18T18:10:26.2146435Z docker.io/library/postgres:15
2025-08-18T18:10:26.2208867Z ##[command]/usr/bin/docker create --name c832104c066d4bd4911b1a0824e193d2_postgres15_829ad5 --label a042b3 --network github_network_9c1a8c65ac1d4056b8bb3e3a13377afc --network-alias postgres -p 5432:5432 --health-cmd="pg_isready -U postgres -d awa" --health-interval=5s --health-timeout=5s --health-retries=10 -e "POSTGRES_USER=postgres" -e "POSTGRES_PASSWORD=pass" -e "POSTGRES_DB=awa" -e GITHUB_ACTIONS=true -e CI=true postgres:15
2025-08-18T18:10:26.2484242Z 8995d5c9efa3e5171f1b856422aadd630726b843416b99e20977f7d7ca067707
2025-08-18T18:10:26.2507156Z ##[command]/usr/bin/docker start 8995d5c9efa3e5171f1b856422aadd630726b843416b99e20977f7d7ca067707
2025-08-18T18:10:26.6888616Z 8995d5c9efa3e5171f1b856422aadd630726b843416b99e20977f7d7ca067707
2025-08-18T18:10:26.6909867Z ##[command]/usr/bin/docker ps --all --filter id=8995d5c9efa3e5171f1b856422aadd630726b843416b99e20977f7d7ca067707 --filter status=running --no-trunc --format "{{.ID}} {{.Status}}"
2025-08-18T18:10:26.7038580Z 8995d5c9efa3e5171f1b856422aadd630726b843416b99e20977f7d7ca067707 Up Less than a second (health: starting)
2025-08-18T18:10:26.7057322Z ##[command]/usr/bin/docker port 8995d5c9efa3e5171f1b856422aadd630726b843416b99e20977f7d7ca067707
2025-08-18T18:10:26.7205786Z 5432/tcp -> 0.0.0.0:5432
2025-08-18T18:10:26.7206402Z 5432/tcp -> [::]:5432
2025-08-18T18:10:26.7252957Z ##[endgroup]
2025-08-18T18:10:26.7253800Z ##[group]Starting redis service container
2025-08-18T18:10:26.7254997Z ##[command]/usr/bin/docker pull redis:7-alpine
2025-08-18T18:10:27.1458309Z 7-alpine: Pulling from library/redis
2025-08-18T18:10:27.2569372Z 0368fd46e3c6: Pulling fs layer
2025-08-18T18:10:27.2569819Z 4c55286bbede: Pulling fs layer
2025-08-18T18:10:27.2570228Z 5e28347af205: Pulling fs layer
2025-08-18T18:10:27.2570576Z 311eca34042e: Pulling fs layer
2025-08-18T18:10:27.2570911Z e6fe6f07e192: Pulling fs layer
2025-08-18T18:10:27.2571259Z a2cadbfeca72: Pulling fs layer
2025-08-18T18:10:27.2571596Z 4f4fb700ef54: Pulling fs layer
2025-08-18T18:10:27.2571935Z a976ed7e7808: Pulling fs layer
2025-08-18T18:10:27.2572273Z e6fe6f07e192: Waiting
2025-08-18T18:10:27.2572781Z a2cadbfeca72: Waiting
2025-08-18T18:10:27.2573092Z 4f4fb700ef54: Waiting
2025-08-18T18:10:27.2573532Z a976ed7e7808: Waiting
2025-08-18T18:10:27.2573836Z 311eca34042e: Waiting
2025-08-18T18:10:27.3779308Z 4c55286bbede: Verifying Checksum
2025-08-18T18:10:27.3779908Z 4c55286bbede: Download complete
2025-08-18T18:10:27.3860990Z 5e28347af205: Verifying Checksum
2025-08-18T18:10:27.3861489Z 5e28347af205: Download complete
2025-08-18T18:10:27.4083789Z 0368fd46e3c6: Verifying Checksum
2025-08-18T18:10:27.4084316Z 0368fd46e3c6: Download complete
2025-08-18T18:10:27.5067476Z 311eca34042e: Verifying Checksum
2025-08-18T18:10:27.5068300Z 311eca34042e: Download complete
2025-08-18T18:10:27.5539464Z 0368fd46e3c6: Pull complete
2025-08-18T18:10:27.5841591Z 4c55286bbede: Pull complete
2025-08-18T18:10:27.6129044Z 4f4fb700ef54: Verifying Checksum
2025-08-18T18:10:27.6129484Z 4f4fb700ef54: Download complete
2025-08-18T18:10:27.6952979Z e6fe6f07e192: Verifying Checksum
2025-08-18T18:10:27.6953443Z e6fe6f07e192: Download complete
2025-08-18T18:10:27.7391383Z 5e28347af205: Pull complete
2025-08-18T18:10:27.7392096Z a976ed7e7808: Verifying Checksum
2025-08-18T18:10:27.7392566Z a976ed7e7808: Download complete
2025-08-18T18:10:27.7681489Z 311eca34042e: Pull complete
2025-08-18T18:10:27.9120933Z a2cadbfeca72: Verifying Checksum
2025-08-18T18:10:27.9121396Z a2cadbfeca72: Download complete
2025-08-18T18:10:27.9521542Z e6fe6f07e192: Pull complete
2025-08-18T18:10:27.9609380Z a2cadbfeca72: Pull complete
2025-08-18T18:10:27.9687082Z 4f4fb700ef54: Pull complete
2025-08-18T18:10:27.9785719Z a976ed7e7808: Pull complete
2025-08-18T18:10:27.9850287Z Digest: sha256:bb186d083732f669da90be8b0f975a37812b15e913465bb14d845db72a4e3e08
2025-08-18T18:10:27.9861421Z Status: Downloaded newer image for redis:7-alpine
2025-08-18T18:10:27.9868697Z docker.io/library/redis:7-alpine
2025-08-18T18:10:27.9885212Z ##[command]/usr/bin/docker create --name c5e8751c153045c7a61437a119f4d061_redis7alpine_5d4d04 --label a042b3 --network github_network_9c1a8c65ac1d4056b8bb3e3a13377afc --network-alias redis -p 6379:6379  -e GITHUB_ACTIONS=true -e CI=true redis:7-alpine
2025-08-18T18:10:28.0124001Z b84ae11e12c346e41db181fb20a00177f82edb24e29af235e64d284f33812ac9
2025-08-18T18:10:28.0136675Z ##[command]/usr/bin/docker start b84ae11e12c346e41db181fb20a00177f82edb24e29af235e64d284f33812ac9
2025-08-18T18:10:28.1478220Z b84ae11e12c346e41db181fb20a00177f82edb24e29af235e64d284f33812ac9
2025-08-18T18:10:28.1495011Z ##[command]/usr/bin/docker ps --all --filter id=b84ae11e12c346e41db181fb20a00177f82edb24e29af235e64d284f33812ac9 --filter status=running --no-trunc --format "{{.ID}} {{.Status}}"
2025-08-18T18:10:28.1616845Z b84ae11e12c346e41db181fb20a00177f82edb24e29af235e64d284f33812ac9 Up Less than a second
2025-08-18T18:10:28.1629573Z ##[command]/usr/bin/docker port b84ae11e12c346e41db181fb20a00177f82edb24e29af235e64d284f33812ac9
2025-08-18T18:10:28.1737128Z 6379/tcp -> 0.0.0.0:6379
2025-08-18T18:10:28.1737514Z 6379/tcp -> [::]:6379
2025-08-18T18:10:28.1749966Z ##[endgroup]
2025-08-18T18:10:28.1761408Z ##[group]Waiting for all services to be ready
2025-08-18T18:10:28.1774593Z ##[command]/usr/bin/docker inspect --format="{{if .Config.Healthcheck}}{{print .State.Health.Status}}{{end}}" 8995d5c9efa3e5171f1b856422aadd630726b843416b99e20977f7d7ca067707
2025-08-18T18:10:28.1888310Z starting
2025-08-18T18:10:28.1908377Z postgres service is starting, waiting 2 seconds before checking again.
2025-08-18T18:10:30.1905097Z ##[command]/usr/bin/docker inspect --format="{{if .Config.Healthcheck}}{{print .State.Health.Status}}{{end}}" 8995d5c9efa3e5171f1b856422aadd630726b843416b99e20977f7d7ca067707
2025-08-18T18:10:30.2022728Z starting
2025-08-18T18:10:30.2036367Z postgres service is starting, waiting 4 seconds before checking again.
2025-08-18T18:10:34.5869306Z ##[command]/usr/bin/docker inspect --format="{{if .Config.Healthcheck}}{{print .State.Health.Status}}{{end}}" 8995d5c9efa3e5171f1b856422aadd630726b843416b99e20977f7d7ca067707
2025-08-18T18:10:34.5990357Z healthy
2025-08-18T18:10:34.6007672Z postgres service is healthy.
2025-08-18T18:10:34.6008447Z ##[command]/usr/bin/docker inspect --format="{{if .Config.Healthcheck}}{{print .State.Health.Status}}{{end}}" b84ae11e12c346e41db181fb20a00177f82edb24e29af235e64d284f33812ac9
2025-08-18T18:10:34.6130517Z redis service is healthy.
2025-08-18T18:10:34.6131143Z ##[endgroup]
2025-08-18T18:10:34.6375297Z ##[group]Run actions/checkout@v4
2025-08-18T18:10:34.6375809Z with:
2025-08-18T18:10:34.6376204Z   fetch-depth: 0
2025-08-18T18:10:34.6376409Z   repository: AlexBomber12/AWA-App
2025-08-18T18:10:34.6376764Z   token: ***
2025-08-18T18:10:34.6376944Z   ssh-strict: true
2025-08-18T18:10:34.6377117Z   ssh-user: git
2025-08-18T18:10:34.6377297Z   persist-credentials: true
2025-08-18T18:10:34.6377510Z   clean: true
2025-08-18T18:10:34.6377687Z   sparse-checkout-cone-mode: true
2025-08-18T18:10:34.6377912Z   fetch-tags: false
2025-08-18T18:10:34.6378085Z   show-progress: true
2025-08-18T18:10:34.6378282Z   lfs: false
2025-08-18T18:10:34.6378441Z   submodules: false
2025-08-18T18:10:34.6378622Z   set-safe-directory: true
2025-08-18T18:10:34.6379030Z env:
2025-08-18T18:10:34.6379258Z   REDIS_URL: redis://localhost:6379/0
2025-08-18T18:10:34.6379515Z   RATE_LIMIT_DEFAULT: 100/minute
2025-08-18T18:10:34.6379719Z   TRUST_X_FORWARDED: 1
2025-08-18T18:10:34.6379899Z ##[endgroup]
2025-08-18T18:10:34.7416225Z Syncing repository: AlexBomber12/AWA-App
2025-08-18T18:10:34.7417583Z ##[group]Getting Git version info
2025-08-18T18:10:34.7417948Z Working directory is '/home/runner/work/AWA-App/AWA-App'
2025-08-18T18:10:34.7418431Z [command]/usr/bin/git version
2025-08-18T18:10:34.7461058Z git version 2.50.1
2025-08-18T18:10:34.7487335Z ##[endgroup]
2025-08-18T18:10:34.7500958Z Temporarily overriding HOME='/home/runner/work/_temp/89a0d46f-dc93-416a-b37f-0f6d21ad215c' before making global git config changes
2025-08-18T18:10:34.7501690Z Adding repository directory to the temporary git global config as a safe directory
2025-08-18T18:10:34.7513393Z [command]/usr/bin/git config --global --add safe.directory /home/runner/work/AWA-App/AWA-App
2025-08-18T18:10:34.7545193Z Deleting the contents of '/home/runner/work/AWA-App/AWA-App'
2025-08-18T18:10:34.7548621Z ##[group]Initializing the repository
2025-08-18T18:10:34.7552621Z [command]/usr/bin/git init /home/runner/work/AWA-App/AWA-App
2025-08-18T18:10:34.7607489Z hint: Using 'master' as the name for the initial branch. This default branch name
2025-08-18T18:10:34.7608363Z hint: is subject to change. To configure the initial branch name to use in all
2025-08-18T18:10:34.7609158Z hint: of your new repositories, which will suppress this warning, call:
2025-08-18T18:10:34.7609714Z hint:
2025-08-18T18:10:34.7610145Z hint: 	git config --global init.defaultBranch <name>
2025-08-18T18:10:34.7610606Z hint:
2025-08-18T18:10:34.7611044Z hint: Names commonly chosen instead of 'master' are 'main', 'trunk' and
2025-08-18T18:10:34.7611819Z hint: 'development'. The just-created branch can be renamed via this command:
2025-08-18T18:10:34.7612371Z hint:
2025-08-18T18:10:34.7612580Z hint: 	git branch -m <name>
2025-08-18T18:10:34.7612788Z hint:
2025-08-18T18:10:34.7613098Z hint: Disable this message with "git config set advice.defaultBranchName false"
2025-08-18T18:10:34.7613608Z Initialized empty Git repository in /home/runner/work/AWA-App/AWA-App/.git/
2025-08-18T18:10:34.7621752Z [command]/usr/bin/git remote add origin https://github.com/AlexBomber12/AWA-App
2025-08-18T18:10:34.7650869Z ##[endgroup]
2025-08-18T18:10:34.7651256Z ##[group]Disabling automatic garbage collection
2025-08-18T18:10:34.7654821Z [command]/usr/bin/git config --local gc.auto 0
2025-08-18T18:10:34.7681289Z ##[endgroup]
2025-08-18T18:10:34.7681730Z ##[group]Setting up auth
2025-08-18T18:10:34.7688321Z [command]/usr/bin/git config --local --name-only --get-regexp core\.sshCommand
2025-08-18T18:10:34.7719082Z [command]/usr/bin/git submodule foreach --recursive sh -c "git config --local --name-only --get-regexp 'core\.sshCommand' && git config --local --unset-all 'core.sshCommand' || :"
2025-08-18T18:10:34.7979634Z [command]/usr/bin/git config --local --name-only --get-regexp http\.https\:\/\/github\.com\/\.extraheader
2025-08-18T18:10:34.8008880Z [command]/usr/bin/git submodule foreach --recursive sh -c "git config --local --name-only --get-regexp 'http\.https\:\/\/github\.com\/\.extraheader' && git config --local --unset-all 'http.https://github.com/.extraheader' || :"
2025-08-18T18:10:34.8226931Z [command]/usr/bin/git config --local http.https://github.com/.extraheader AUTHORIZATION: basic ***
2025-08-18T18:10:34.8327024Z ##[endgroup]
2025-08-18T18:10:34.8327683Z ##[group]Fetching the repository
2025-08-18T18:10:34.8349201Z [command]/usr/bin/git -c protocol.version=2 fetch --prune --no-recurse-submodules origin +refs/heads/*:refs/remotes/origin/* +refs/tags/*:refs/tags/*
2025-08-18T18:10:36.2440201Z From https://github.com/AlexBomber12/AWA-App
2025-08-18T18:10:36.2441069Z  * [new branch]      codex/add-cors-support-to-api -> origin/codex/add-cors-support-to-api
2025-08-18T18:10:36.2442357Z  * [new branch]      codex/analyze-ci-logs-and-implement-fixes -> origin/codex/analyze-ci-logs-and-implement-fixes
2025-08-18T18:10:36.2443929Z  * [new branch]      codex/analyze-ci-logs-and-implement-targeted-fixes -> origin/codex/analyze-ci-logs-and-implement-targeted-fixes
2025-08-18T18:10:36.2445614Z  * [new branch]      codex/fix-ci-workflows-based-on-log-analysis -> origin/codex/fix-ci-workflows-based-on-log-analysis
2025-08-18T18:10:36.2447236Z  * [new branch]      codex/fix-ci-workflows-by-analyzing-logs -> origin/codex/fix-ci-workflows-by-analyzing-logs
2025-08-18T18:10:36.2448921Z  * [new branch]      codex/fix-ci-workflows-by-analyzing-logs-uv2onj -> origin/codex/fix-ci-workflows-by-analyzing-logs-uv2onj
2025-08-18T18:10:36.2450814Z  * [new branch]      codex/fix-ci-workflows-until-green -> origin/codex/fix-ci-workflows-until-green
2025-08-18T18:10:36.2453411Z  * [new branch]      codex/implement-redis-backed-rate-limiting -> origin/codex/implement-redis-backed-rate-limiting
2025-08-18T18:10:36.2455568Z  * [new branch]      codex/implement-structured-json-logging-and-error-handling -> origin/codex/implement-structured-json-logging-and-error-handling
2025-08-18T18:10:36.2457692Z  * [new branch]      codex/implement-targeted-ci-workflow-fixes -> origin/codex/implement-targeted-ci-workflow-fixes
2025-08-18T18:10:36.2459671Z  * [new branch]      codex/update-log-persistence-to-default-branch -> origin/codex/update-log-persistence-to-default-branch
2025-08-18T18:10:36.2461200Z  * [new branch]      gh-pages   -> origin/gh-pages
2025-08-18T18:10:36.2463436Z  * [new branch]      main       -> origin/main
2025-08-18T18:10:36.2464623Z  * [new tag]         0.3.0      -> 0.3.0
2025-08-18T18:10:36.2499453Z [command]/usr/bin/git branch --list --remote origin/main
2025-08-18T18:10:36.2522308Z   origin/main
2025-08-18T18:10:36.2531114Z [command]/usr/bin/git rev-parse refs/remotes/origin/main
2025-08-18T18:10:36.2550565Z 5bf166928a19668f7efba84639ccdfd87a2f40a4
2025-08-18T18:10:36.2557018Z ##[endgroup]
2025-08-18T18:10:36.2557540Z ##[group]Determining the checkout info
2025-08-18T18:10:36.2558485Z ##[endgroup]
2025-08-18T18:10:36.2563012Z [command]/usr/bin/git sparse-checkout disable
2025-08-18T18:10:36.2599098Z [command]/usr/bin/git config --local --unset-all extensions.worktreeConfig
2025-08-18T18:10:36.2624161Z ##[group]Checking out the ref
2025-08-18T18:10:36.2628761Z [command]/usr/bin/git checkout --progress --force -B main refs/remotes/origin/main
2025-08-18T18:10:36.3028508Z Switched to a new branch 'main'
2025-08-18T18:10:36.3030913Z branch 'main' set up to track 'origin/main'.
2025-08-18T18:10:36.3041430Z ##[endgroup]
2025-08-18T18:10:36.3077762Z [command]/usr/bin/git log -1 --format=%H
2025-08-18T18:10:36.3099159Z 5bf166928a19668f7efba84639ccdfd87a2f40a4
2025-08-18T18:10:36.3254239Z ##[group]Run cat .env.ci >> "$GITHUB_ENV"
2025-08-18T18:10:36.3254599Z [36;1mcat .env.ci >> "$GITHUB_ENV"[0m
2025-08-18T18:10:36.3255297Z [36;1mecho "DATABASE_URL=***localhost:5432/awa" >> "$GITHUB_ENV"[0m
2025-08-18T18:10:36.3255670Z [36;1mecho "PG_HOST=localhost" >> "$GITHUB_ENV"[0m
2025-08-18T18:10:36.3256194Z [36;1mecho "PG_PORT=5432" >> "$GITHUB_ENV"[0m
2025-08-18T18:10:36.3256518Z [36;1mecho "PG_USER=postgres" >> "$GITHUB_ENV"[0m
2025-08-18T18:10:36.3256798Z [36;1mecho "PG_PASSWORD=pass" >> "$GITHUB_ENV"[0m
2025-08-18T18:10:36.3257096Z [36;1mecho "PG_DATABASE=awa" >> "$GITHUB_ENV"[0m
2025-08-18T18:10:36.3301419Z shell: /usr/bin/bash -e {0}
2025-08-18T18:10:36.3301643Z env:
2025-08-18T18:10:36.3301844Z   REDIS_URL: redis://localhost:6379/0
2025-08-18T18:10:36.3302110Z   RATE_LIMIT_DEFAULT: 100/minute
2025-08-18T18:10:36.3302345Z   TRUST_X_FORWARDED: 1
2025-08-18T18:10:36.3302541Z ##[endgroup]
2025-08-18T18:10:36.3467028Z ##[group]Run actions/setup-python@v5
2025-08-18T18:10:36.3467289Z with:
2025-08-18T18:10:36.3467466Z   python-version: 3.12
2025-08-18T18:10:36.3467664Z   cache: pip
2025-08-18T18:10:36.3468431Z   cache-dependency-path: requirements-dev.txt
services/etl/requirements.txt
services/api/requirements.txt
services/repricer/requirements.txt
services/fees_h10/requirements.txt
services/alert_bot/requirements.txt

2025-08-18T18:10:36.3469274Z   check-latest: false
2025-08-18T18:10:36.3469576Z   token: ***
2025-08-18T18:10:36.3469758Z   update-environment: true
2025-08-18T18:10:36.3469968Z   allow-prereleases: false
2025-08-18T18:10:36.3470158Z   freethreaded: false
2025-08-18T18:10:36.3470337Z env:
2025-08-18T18:10:36.3470515Z   REDIS_URL: redis://localhost:6379/0
2025-08-18T18:10:36.3470763Z   RATE_LIMIT_DEFAULT: 100/minute
2025-08-18T18:10:36.3470966Z   TRUST_X_FORWARDED: 1
2025-08-18T18:10:36.3471149Z   PG_USER: postgres
2025-08-18T18:10:36.3471322Z   PG_PASSWORD: pass
2025-08-18T18:10:36.3471533Z   PG_DATABASE: awa
2025-08-18T18:10:36.3471704Z   PG_HOST: localhost
2025-08-18T18:10:36.3471879Z   PG_PORT: 5432
2025-08-18T18:10:36.3472231Z   PG_SYNC_DSN: ***localhost:5432/awa
2025-08-18T18:10:36.3472715Z   PG_ASYNC_DSN: ***localhost:5432/awa
2025-08-18T18:10:36.3473307Z   DATABASE_URL: ***localhost:5432/awa
2025-08-18T18:10:36.3473584Z   DATA_DIR: /tmp/awa-data
2025-08-18T18:10:36.3473774Z   ENABLE_LIVE: 0
2025-08-18T18:10:36.3473941Z   TESTING: 1
2025-08-18T18:10:36.3474102Z ##[endgroup]
2025-08-18T18:10:36.5105538Z ##[group]Installed versions
2025-08-18T18:10:36.5842859Z Successfully set up CPython (3.12.11)
2025-08-18T18:10:36.5843642Z ##[endgroup]
2025-08-18T18:10:36.6423116Z [command]/opt/hostedtoolcache/Python/3.12.11/x64/bin/pip cache dir
2025-08-18T18:10:40.3510040Z /home/runner/.cache/pip
2025-08-18T18:10:40.5536551Z Cache hit for: setup-python-Linux-x64-24.04-Ubuntu-python-3.12.11-pip-c2dab1de5897f9bdacc57d37f049e4f17933a694937b619ffbecdbf3c5ea87ef
2025-08-18T18:10:41.7089534Z Received 83886080 of 318195701 (26.4%), 79.9 MBs/sec
2025-08-18T18:10:42.7108098Z Received 260046848 of 318195701 (81.7%), 123.8 MBs/sec
2025-08-18T18:10:43.1280178Z Received 318195701 of 318195701 (100.0%), 125.4 MBs/sec
2025-08-18T18:10:43.1281542Z Cache Size: ~303 MB (318195701 B)
2025-08-18T18:10:43.1320518Z [command]/usr/bin/tar -xf /home/runner/work/_temp/f134d03c-fa40-456c-89ea-e17b8c43939a/cache.tzst -P -C /home/runner/work/AWA-App/AWA-App --use-compress-program unzstd
2025-08-18T18:10:43.6606186Z Cache restored successfully
2025-08-18T18:10:43.7212351Z Cache restored from key: setup-python-Linux-x64-24.04-Ubuntu-python-3.12.11-pip-d330addc54e896615ed78c47d06768542332bc830ea51b9be109dd3a6eeca014
2025-08-18T18:10:43.7948541Z ##[group]Run actions/cache@v4
2025-08-18T18:10:43.7948802Z with:
2025-08-18T18:10:43.7949024Z   path: ~/.cache/pip
.pytest_cache
~/.ruff_cache

2025-08-18T18:10:43.7949472Z   key: Linux-test-5e718741e550cec7917fae13efe91a31293d04a98c3c0932315e8f58598cbd2c
2025-08-18T18:10:43.7949887Z   restore-keys: Linux-test-
2025-08-18T18:10:43.7950127Z   enableCrossOsArchive: false
2025-08-18T18:10:43.7950359Z   fail-on-cache-miss: false
2025-08-18T18:10:43.7950567Z   lookup-only: false
2025-08-18T18:10:43.7950763Z   save-always: false
2025-08-18T18:10:43.7950962Z env:
2025-08-18T18:10:43.7951159Z   REDIS_URL: redis://localhost:6379/0
2025-08-18T18:10:43.7951431Z   RATE_LIMIT_DEFAULT: 100/minute
2025-08-18T18:10:43.7951660Z   TRUST_X_FORWARDED: 1
2025-08-18T18:10:43.7951854Z   PG_USER: postgres
2025-08-18T18:10:43.7952048Z   PG_PASSWORD: pass
2025-08-18T18:10:43.7952242Z   PG_DATABASE: awa
2025-08-18T18:10:43.7952430Z   PG_HOST: localhost
2025-08-18T18:10:43.7952624Z   PG_PORT: 5432
2025-08-18T18:10:43.7953283Z   PG_SYNC_DSN: ***localhost:5432/awa
2025-08-18T18:10:43.7953728Z   PG_ASYNC_DSN: ***localhost:5432/awa
2025-08-18T18:10:43.7954125Z   DATABASE_URL: ***localhost:5432/awa
2025-08-18T18:10:43.7954356Z   DATA_DIR: /tmp/awa-data
2025-08-18T18:10:43.7954557Z   ENABLE_LIVE: 0
2025-08-18T18:10:43.7954734Z   TESTING: 1
2025-08-18T18:10:43.7954962Z   pythonLocation: /opt/hostedtoolcache/Python/3.12.11/x64
2025-08-18T18:10:43.7955367Z   PKG_CONFIG_PATH: /opt/hostedtoolcache/Python/3.12.11/x64/lib/pkgconfig
2025-08-18T18:10:43.7955758Z   Python_ROOT_DIR: /opt/hostedtoolcache/Python/3.12.11/x64
2025-08-18T18:10:43.7956272Z   Python2_ROOT_DIR: /opt/hostedtoolcache/Python/3.12.11/x64
2025-08-18T18:10:43.7956613Z   Python3_ROOT_DIR: /opt/hostedtoolcache/Python/3.12.11/x64
2025-08-18T18:10:43.7956959Z   LD_LIBRARY_PATH: /opt/hostedtoolcache/Python/3.12.11/x64/lib
2025-08-18T18:10:43.7957245Z ##[endgroup]
2025-08-18T18:10:44.0418512Z Cache hit for restore-key: Linux-test-87c671a71f6cec0caac58cf8e7de3a48dffcfae03ca98977ed979978061baaea
2025-08-18T18:10:45.2651543Z Received 100663296 of 318205788 (31.6%), 96.0 MBs/sec
2025-08-18T18:10:46.3538957Z Received 268435456 of 318205788 (84.4%), 122.5 MBs/sec
2025-08-18T18:10:46.7228209Z Received 318205788 of 318205788 (100.0%), 123.5 MBs/sec
2025-08-18T18:10:46.7231406Z Cache Size: ~303 MB (318205788 B)
2025-08-18T18:10:46.7272676Z [command]/usr/bin/tar -xf /home/runner/work/_temp/3ab81916-3bcd-43de-8e7a-bf3f6c76d953/cache.tzst -P -C /home/runner/work/AWA-App/AWA-App --use-compress-program unzstd
2025-08-18T18:10:47.2953419Z Cache restored successfully
2025-08-18T18:10:47.3628859Z Cache restored from key: Linux-test-87c671a71f6cec0caac58cf8e7de3a48dffcfae03ca98977ed979978061baaea
2025-08-18T18:10:47.3745265Z ##[group]Run pip install -r services/etl/requirements.txt
2025-08-18T18:10:47.3745704Z [36;1mpip install -r services/etl/requirements.txt[0m
2025-08-18T18:10:47.3746267Z [36;1mpip install -r services/api/requirements.txt[0m
2025-08-18T18:10:47.3746616Z [36;1mpip install -r services/repricer/requirements.txt[0m
2025-08-18T18:10:47.3747002Z [36;1mpip install -r services/fees_h10/requirements.txt[0m
2025-08-18T18:10:47.3747374Z [36;1mpip install -r services/alert_bot/requirements.txt[0m
2025-08-18T18:10:47.3747707Z [36;1mpip install -r requirements-dev.txt[0m
2025-08-18T18:10:47.3747985Z [36;1mpip install asyncpg[0m
2025-08-18T18:10:47.3748213Z [36;1mpip install pytest[0m
2025-08-18T18:10:47.3748457Z [36;1mpip install keepa==1.3.15 minio==7.1.15[0m
2025-08-18T18:10:47.3789299Z shell: /usr/bin/bash -e {0}
2025-08-18T18:10:47.3789544Z env:
2025-08-18T18:10:47.3789757Z   REDIS_URL: redis://localhost:6379/0
2025-08-18T18:10:47.3790024Z   RATE_LIMIT_DEFAULT: 100/minute
2025-08-18T18:10:47.3790284Z   TRUST_X_FORWARDED: 1
2025-08-18T18:10:47.3790487Z   PG_USER: postgres
2025-08-18T18:10:47.3790678Z   PG_PASSWORD: pass
2025-08-18T18:10:47.3790863Z   PG_DATABASE: awa
2025-08-18T18:10:47.3791051Z   PG_HOST: localhost
2025-08-18T18:10:47.3791239Z   PG_PORT: 5432
2025-08-18T18:10:47.3791659Z   PG_SYNC_DSN: ***localhost:5432/awa
2025-08-18T18:10:47.3792078Z   PG_ASYNC_DSN: ***localhost:5432/awa
2025-08-18T18:10:47.3792476Z   DATABASE_URL: ***localhost:5432/awa
2025-08-18T18:10:47.3792729Z   DATA_DIR: /tmp/awa-data
2025-08-18T18:10:47.3792947Z   ENABLE_LIVE: 0
2025-08-18T18:10:47.3793127Z   TESTING: 1
2025-08-18T18:10:47.3793376Z   pythonLocation: /opt/hostedtoolcache/Python/3.12.11/x64
2025-08-18T18:10:47.3793796Z   PKG_CONFIG_PATH: /opt/hostedtoolcache/Python/3.12.11/x64/lib/pkgconfig
2025-08-18T18:10:47.3794197Z   Python_ROOT_DIR: /opt/hostedtoolcache/Python/3.12.11/x64
2025-08-18T18:10:47.3794572Z   Python2_ROOT_DIR: /opt/hostedtoolcache/Python/3.12.11/x64
2025-08-18T18:10:47.3794934Z   Python3_ROOT_DIR: /opt/hostedtoolcache/Python/3.12.11/x64
2025-08-18T18:10:47.3795293Z   LD_LIBRARY_PATH: /opt/hostedtoolcache/Python/3.12.11/x64/lib
2025-08-18T18:10:47.3795592Z ##[endgroup]
2025-08-18T18:10:49.2505229Z Collecting keepa==1.3.14 (from -r services/etl/requirements.txt (line 1))
2025-08-18T18:10:49.2519081Z   Using cached keepa-1.3.14-py3-none-any.whl.metadata (10 kB)
2025-08-18T18:10:49.2819624Z Collecting minio==7.1.15 (from -r services/etl/requirements.txt (line 2))
2025-08-18T18:10:49.2831346Z   Using cached minio-7.1.15-py3-none-any.whl.metadata (4.2 kB)
2025-08-18T18:10:49.3202225Z Collecting celery==5.3.* (from -r services/etl/requirements.txt (line 3))
2025-08-18T18:10:49.3213579Z   Using cached celery-5.3.6-py3-none-any.whl.metadata (21 kB)
2025-08-18T18:10:49.3677040Z Collecting redis==5.* (from -r services/etl/requirements.txt (line 4))
2025-08-18T18:10:49.3688764Z   Using cached redis-5.3.1-py3-none-any.whl.metadata (9.2 kB)
2025-08-18T18:10:49.4226132Z Collecting python-amazon-sp-api==0.8.0 (from -r services/etl/requirements.txt (line 5))
2025-08-18T18:10:49.4238435Z   Using cached python_amazon_sp_api-0.8.0-py3-none-any.whl.metadata (3.2 kB)
2025-08-18T18:10:49.4473135Z Collecting pydantic-settings==2.2.1 (from -r services/etl/requirements.txt (line 6))
2025-08-18T18:10:49.4484815Z   Using cached pydantic_settings-2.2.1-py3-none-any.whl.metadata (3.1 kB)
2025-08-18T18:10:49.6205018Z Collecting numpy<2 (from -r services/etl/requirements.txt (line 7))
2025-08-18T18:10:49.6218406Z   Using cached numpy-1.26.4-cp312-cp312-manylinux_2_17_x86_64.manylinux2014_x86_64.whl.metadata (61 kB)
2025-08-18T18:10:49.7371241Z Collecting pandas==2.2.* (from -r services/etl/requirements.txt (line 8))
2025-08-18T18:10:49.7383696Z   Using cached pandas-2.2.3-cp312-cp312-manylinux_2_17_x86_64.manylinux2014_x86_64.whl.metadata (89 kB)
2025-08-18T18:10:49.8002271Z Collecting pandera==0.19.* (from -r services/etl/requirements.txt (line 9))
2025-08-18T18:10:49.8014265Z   Using cached pandera-0.19.3-py3-none-any.whl.metadata (15 kB)
2025-08-18T18:10:49.8246279Z Collecting openpyxl==3.1.* (from -r services/etl/requirements.txt (line 10))
2025-08-18T18:10:49.8257854Z   Using cached openpyxl-3.1.5-py2.py3-none-any.whl.metadata (2.5 kB)
2025-08-18T18:10:49.8826368Z Collecting psycopg2-binary==2.9.* (from -r services/etl/requirements.txt (line 11))
2025-08-18T18:10:49.8838777Z   Using cached psycopg2_binary-2.9.10-cp312-cp312-manylinux_2_17_x86_64.manylinux2014_x86_64.whl.metadata (4.9 kB)
2025-08-18T18:10:49.9183797Z Collecting requests>=2.2 (from keepa==1.3.14->-r services/etl/requirements.txt (line 1))
2025-08-18T18:10:49.9195242Z   Using cached requests-2.32.4-py3-none-any.whl.metadata (4.9 kB)
2025-08-18T18:10:49.9564197Z Collecting tqdm (from keepa==1.3.14->-r services/etl/requirements.txt (line 1))
2025-08-18T18:10:49.9575760Z   Using cached tqdm-4.67.1-py3-none-any.whl.metadata (57 kB)
2025-08-18T18:10:50.4436373Z Collecting aiohttp (from keepa==1.3.14->-r services/etl/requirements.txt (line 1))
2025-08-18T18:10:50.4450422Z   Using cached aiohttp-3.12.15-cp312-cp312-manylinux_2_17_x86_64.manylinux2014_x86_64.whl.metadata (7.7 kB)
2025-08-18T18:10:50.5585212Z Collecting pydantic (from keepa==1.3.14->-r services/etl/requirements.txt (line 1))
2025-08-18T18:10:50.5597179Z   Using cached pydantic-2.11.7-py3-none-any.whl.metadata (67 kB)
2025-08-18T18:10:50.5810074Z Collecting certifi (from minio==7.1.15->-r services/etl/requirements.txt (line 2))
2025-08-18T18:10:50.5821087Z   Using cached certifi-2025.8.3-py3-none-any.whl.metadata (2.4 kB)
2025-08-18T18:10:50.6058797Z Collecting urllib3 (from minio==7.1.15->-r services/etl/requirements.txt (line 2))
2025-08-18T18:10:50.6069873Z   Using cached urllib3-2.5.0-py3-none-any.whl.metadata (6.5 kB)
2025-08-18T18:10:50.6214568Z Collecting six<2,>=1.15 (from python-amazon-sp-api==0.8.0->-r services/etl/requirements.txt (line 5))
2025-08-18T18:10:50.6225608Z   Using cached six-1.17.0-py2.py3-none-any.whl.metadata (1.7 kB)
2025-08-18T18:10:51.0164719Z Collecting boto3<2,>=1.16.39 (from python-amazon-sp-api==0.8.0->-r services/etl/requirements.txt (line 5))
2025-08-18T18:10:51.0178676Z   Using cached boto3-1.40.11-py3-none-any.whl.metadata (6.7 kB)
2025-08-18T18:10:51.0368818Z Collecting cachetools~=4.2.0 (from python-amazon-sp-api==0.8.0->-r services/etl/requirements.txt (line 5))
2025-08-18T18:10:51.0380501Z   Using cached cachetools-4.2.4-py3-none-any.whl.metadata (4.8 kB)
2025-08-18T18:10:51.1190544Z Collecting pycryptodome (from python-amazon-sp-api==0.8.0->-r services/etl/requirements.txt (line 5))
2025-08-18T18:10:51.1203302Z   Using cached pycryptodome-3.23.0-cp37-abi3-manylinux_2_17_x86_64.manylinux2014_x86_64.whl.metadata (3.4 kB)
2025-08-18T18:10:51.1623387Z Collecting pytz (from python-amazon-sp-api==0.8.0->-r services/etl/requirements.txt (line 5))
2025-08-18T18:10:51.1634831Z   Using cached pytz-2025.2-py2.py3-none-any.whl.metadata (22 kB)
2025-08-18T18:10:51.1799416Z Collecting confuse~=1.4.0 (from python-amazon-sp-api==0.8.0->-r services/etl/requirements.txt (line 5))
2025-08-18T18:10:51.1810808Z   Using cached confuse-1.4.0-py2.py3-none-any.whl.metadata (3.8 kB)
2025-08-18T18:10:51.2060734Z Collecting python-dotenv>=0.21.0 (from pydantic-settings==2.2.1->-r services/etl/requirements.txt (line 6))
2025-08-18T18:10:51.2072325Z   Using cached python_dotenv-1.1.1-py3-none-any.whl.metadata (24 kB)
2025-08-18T18:10:51.2268547Z Collecting billiard<5.0,>=4.2.0 (from celery==5.3.*->-r services/etl/requirements.txt (line 3))
2025-08-18T18:10:51.2279961Z   Using cached billiard-4.2.1-py3-none-any.whl.metadata (4.4 kB)
2025-08-18T18:10:51.2378818Z Collecting click-didyoumean>=0.3.0 (from celery==5.3.*->-r services/etl/requirements.txt (line 3))
2025-08-18T18:10:51.2390419Z   Using cached click_didyoumean-0.3.1-py3-none-any.whl.metadata (3.9 kB)
2025-08-18T18:10:51.2477584Z Collecting click-plugins>=1.1.1 (from celery==5.3.*->-r services/etl/requirements.txt (line 3))
2025-08-18T18:10:51.2489088Z   Using cached click_plugins-1.1.1.2-py2.py3-none-any.whl.metadata (6.5 kB)
2025-08-18T18:10:51.2614218Z Collecting click-repl>=0.2.0 (from celery==5.3.*->-r services/etl/requirements.txt (line 3))
2025-08-18T18:10:51.2625420Z   Using cached click_repl-0.3.0-py3-none-any.whl.metadata (3.6 kB)
2025-08-18T18:10:51.2793720Z Collecting click<9.0,>=8.1.2 (from celery==5.3.*->-r services/etl/requirements.txt (line 3))
2025-08-18T18:10:51.2805445Z   Using cached click-8.2.1-py3-none-any.whl.metadata (2.5 kB)
2025-08-18T18:10:51.3172355Z Collecting kombu<6.0,>=5.3.4 (from celery==5.3.*->-r services/etl/requirements.txt (line 3))
2025-08-18T18:10:51.3183959Z   Using cached kombu-5.5.4-py3-none-any.whl.metadata (3.5 kB)
2025-08-18T18:10:51.3361819Z Collecting python-dateutil>=2.8.2 (from celery==5.3.*->-r services/etl/requirements.txt (line 3))
2025-08-18T18:10:51.3373347Z   Using cached python_dateutil-2.9.0.post0-py2.py3-none-any.whl.metadata (8.4 kB)
2025-08-18T18:10:51.3499184Z Collecting tzdata>=2022.7 (from celery==5.3.*->-r services/etl/requirements.txt (line 3))
2025-08-18T18:10:51.3510972Z   Using cached tzdata-2025.2-py2.py3-none-any.whl.metadata (1.4 kB)
2025-08-18T18:10:51.3616643Z Collecting vine<6.0,>=5.1.0 (from celery==5.3.*->-r services/etl/requirements.txt (line 3))
2025-08-18T18:10:51.3628104Z   Using cached vine-5.1.0-py3-none-any.whl.metadata (2.7 kB)
2025-08-18T18:10:51.3799052Z Collecting PyJWT>=2.9.0 (from redis==5.*->-r services/etl/requirements.txt (line 4))
2025-08-18T18:10:51.3810661Z   Using cached PyJWT-2.10.1-py3-none-any.whl.metadata (4.0 kB)
2025-08-18T18:10:51.4145080Z Collecting multimethod<=1.10.0 (from pandera==0.19.*->-r services/etl/requirements.txt (line 9))
2025-08-18T18:10:51.4157425Z   Using cached multimethod-1.10-py3-none-any.whl.metadata (8.2 kB)
2025-08-18T18:10:51.4403898Z Collecting packaging>=20.0 (from pandera==0.19.*->-r services/etl/requirements.txt (line 9))
2025-08-18T18:10:51.4415375Z   Using cached packaging-25.0-py3-none-any.whl.metadata (3.3 kB)
2025-08-18T18:10:51.4674467Z Collecting typeguard (from pandera==0.19.*->-r services/etl/requirements.txt (line 9))
2025-08-18T18:10:51.4686829Z   Using cached typeguard-4.4.4-py3-none-any.whl.metadata (3.3 kB)
2025-08-18T18:10:51.4802643Z Collecting typing-inspect>=0.6.0 (from pandera==0.19.*->-r services/etl/requirements.txt (line 9))
2025-08-18T18:10:51.4813646Z   Using cached typing_inspect-0.9.0-py3-none-any.whl.metadata (1.5 kB)
2025-08-18T18:10:51.5726487Z Collecting wrapt (from pandera==0.19.*->-r services/etl/requirements.txt (line 9))
2025-08-18T18:10:51.5738203Z   Using cached wrapt-1.17.3-cp312-cp312-manylinux1_x86_64.manylinux_2_28_x86_64.manylinux_2_5_x86_64.whl.metadata (6.4 kB)
2025-08-18T18:10:51.5841996Z Collecting et-xmlfile (from openpyxl==3.1.*->-r services/etl/requirements.txt (line 10))
2025-08-18T18:10:51.5853148Z   Using cached et_xmlfile-2.0.0-py3-none-any.whl.metadata (2.7 kB)
2025-08-18T18:10:51.9991437Z Collecting botocore<1.41.0,>=1.40.11 (from boto3<2,>=1.16.39->python-amazon-sp-api==0.8.0->-r services/etl/requirements.txt (line 5))
2025-08-18T18:10:52.0005172Z   Using cached botocore-1.40.11-py3-none-any.whl.metadata (5.7 kB)
2025-08-18T18:10:52.0149770Z Collecting jmespath<2.0.0,>=0.7.1 (from boto3<2,>=1.16.39->python-amazon-sp-api==0.8.0->-r services/etl/requirements.txt (line 5))
2025-08-18T18:10:52.0161526Z   Using cached jmespath-1.0.1-py3-none-any.whl.metadata (7.6 kB)
2025-08-18T18:10:52.0364106Z Collecting s3transfer<0.14.0,>=0.13.0 (from boto3<2,>=1.16.39->python-amazon-sp-api==0.8.0->-r services/etl/requirements.txt (line 5))
2025-08-18T18:10:52.0375214Z   Using cached s3transfer-0.13.1-py3-none-any.whl.metadata (1.7 kB)
2025-08-18T18:10:52.0912223Z Collecting pyyaml (from confuse~=1.4.0->python-amazon-sp-api==0.8.0->-r services/etl/requirements.txt (line 5))
2025-08-18T18:10:52.0925802Z   Using cached PyYAML-6.0.2-cp312-cp312-manylinux_2_17_x86_64.manylinux2014_x86_64.whl.metadata (2.1 kB)
2025-08-18T18:10:52.1154770Z Collecting amqp<6.0.0,>=5.1.1 (from kombu<6.0,>=5.3.4->celery==5.3.*->-r services/etl/requirements.txt (line 3))
2025-08-18T18:10:52.1168062Z   Using cached amqp-5.3.1-py3-none-any.whl.metadata (8.9 kB)
2025-08-18T18:10:52.3316790Z Collecting prompt-toolkit>=3.0.36 (from click-repl>=0.2.0->celery==5.3.*->-r services/etl/requirements.txt (line 3))
2025-08-18T18:10:52.3328968Z   Using cached prompt_toolkit-3.0.51-py3-none-any.whl.metadata (6.4 kB)
2025-08-18T18:10:52.3506587Z Collecting wcwidth (from prompt-toolkit>=3.0.36->click-repl>=0.2.0->celery==5.3.*->-r services/etl/requirements.txt (line 3))
2025-08-18T18:10:52.3518105Z   Using cached wcwidth-0.2.13-py2.py3-none-any.whl.metadata (14 kB)
2025-08-18T18:10:52.3628360Z Collecting annotated-types>=0.6.0 (from pydantic->keepa==1.3.14->-r services/etl/requirements.txt (line 1))
2025-08-18T18:10:52.3639939Z   Using cached annotated_types-0.7.0-py3-none-any.whl.metadata (15 kB)
2025-08-18T18:10:53.0236933Z Collecting pydantic-core==2.33.2 (from pydantic->keepa==1.3.14->-r services/etl/requirements.txt (line 1))
2025-08-18T18:10:53.0251247Z   Using cached pydantic_core-2.33.2-cp312-cp312-manylinux_2_17_x86_64.manylinux2014_x86_64.whl.metadata (6.8 kB)
2025-08-18T18:10:53.0446306Z Collecting typing-extensions>=4.12.2 (from pydantic->keepa==1.3.14->-r services/etl/requirements.txt (line 1))
2025-08-18T18:10:53.0458342Z   Using cached typing_extensions-4.14.1-py3-none-any.whl.metadata (3.0 kB)
2025-08-18T18:10:53.0569894Z Collecting typing-inspection>=0.4.0 (from pydantic->keepa==1.3.14->-r services/etl/requirements.txt (line 1))
2025-08-18T18:10:53.0581586Z   Using cached typing_inspection-0.4.1-py3-none-any.whl.metadata (2.6 kB)
2025-08-18T18:10:53.1449533Z Collecting charset_normalizer<4,>=2 (from requests>=2.2->keepa==1.3.14->-r services/etl/requirements.txt (line 1))
2025-08-18T18:10:53.1462053Z   Using cached charset_normalizer-3.4.3-cp312-cp312-manylinux2014_x86_64.manylinux_2_17_x86_64.manylinux_2_28_x86_64.whl.metadata (36 kB)
2025-08-18T18:10:53.1609954Z Collecting idna<4,>=2.5 (from requests>=2.2->keepa==1.3.14->-r services/etl/requirements.txt (line 1))
2025-08-18T18:10:53.1621089Z   Using cached idna-3.10-py3-none-any.whl.metadata (10 kB)
2025-08-18T18:10:53.2000310Z Collecting mypy-extensions>=0.3.0 (from typing-inspect>=0.6.0->pandera==0.19.*->-r services/etl/requirements.txt (line 9))
2025-08-18T18:10:53.2010936Z   Using cached mypy_extensions-1.1.0-py3-none-any.whl.metadata (1.1 kB)
2025-08-18T18:10:53.2330971Z Collecting aiohappyeyeballs>=2.5.0 (from aiohttp->keepa==1.3.14->-r services/etl/requirements.txt (line 1))
2025-08-18T18:10:53.2341728Z   Using cached aiohappyeyeballs-2.6.1-py3-none-any.whl.metadata (5.9 kB)
2025-08-18T18:10:53.2429050Z Collecting aiosignal>=1.4.0 (from aiohttp->keepa==1.3.14->-r services/etl/requirements.txt (line 1))
2025-08-18T18:10:53.2439873Z   Using cached aiosignal-1.4.0-py3-none-any.whl.metadata (3.7 kB)
2025-08-18T18:10:53.2583141Z Collecting attrs>=17.3.0 (from aiohttp->keepa==1.3.14->-r services/etl/requirements.txt (line 1))
2025-08-18T18:10:53.2593845Z   Using cached attrs-25.3.0-py3-none-any.whl.metadata (10 kB)
2025-08-18T18:10:53.3241540Z Collecting frozenlist>=1.1.1 (from aiohttp->keepa==1.3.14->-r services/etl/requirements.txt (line 1))
2025-08-18T18:10:53.3253079Z   Using cached frozenlist-1.7.0-cp312-cp312-manylinux_2_5_x86_64.manylinux1_x86_64.manylinux_2_17_x86_64.manylinux2014_x86_64.whl.metadata (18 kB)
2025-08-18T18:10:53.5448793Z Collecting multidict<7.0,>=4.5 (from aiohttp->keepa==1.3.14->-r services/etl/requirements.txt (line 1))
2025-08-18T18:10:53.5461923Z   Using cached multidict-6.6.4-cp312-cp312-manylinux2014_x86_64.manylinux_2_17_x86_64.manylinux_2_28_x86_64.whl.metadata (5.3 kB)
2025-08-18T18:10:53.5872076Z Collecting propcache>=0.2.0 (from aiohttp->keepa==1.3.14->-r services/etl/requirements.txt (line 1))
2025-08-18T18:10:53.5883855Z   Using cached propcache-0.3.2-cp312-cp312-manylinux_2_17_x86_64.manylinux2014_x86_64.whl.metadata (12 kB)
2025-08-18T18:10:53.8991104Z Collecting yarl<2.0,>=1.17.0 (from aiohttp->keepa==1.3.14->-r services/etl/requirements.txt (line 1))
2025-08-18T18:10:53.9004364Z   Using cached yarl-1.20.1-cp312-cp312-manylinux_2_17_x86_64.manylinux2014_x86_64.whl.metadata (73 kB)
2025-08-18T18:10:53.9624861Z Using cached keepa-1.3.14-py3-none-any.whl (33 kB)
2025-08-18T18:10:53.9636267Z Using cached minio-7.1.15-py3-none-any.whl (77 kB)
2025-08-18T18:10:53.9647871Z Using cached python_amazon_sp_api-0.8.0-py3-none-any.whl (93 kB)
2025-08-18T18:10:53.9659378Z Using cached pydantic_settings-2.2.1-py3-none-any.whl (13 kB)
2025-08-18T18:10:53.9670240Z Using cached celery-5.3.6-py3-none-any.whl (422 kB)
2025-08-18T18:10:53.9683505Z Using cached redis-5.3.1-py3-none-any.whl (272 kB)
2025-08-18T18:10:53.9696441Z Using cached numpy-1.26.4-cp312-cp312-manylinux_2_17_x86_64.manylinux2014_x86_64.whl (18.0 MB)
2025-08-18T18:10:53.9843362Z Using cached pandas-2.2.3-cp312-cp312-manylinux_2_17_x86_64.manylinux2014_x86_64.whl (12.7 MB)
2025-08-18T18:10:53.9947450Z Using cached pandera-0.19.3-py3-none-any.whl (251 kB)
2025-08-18T18:10:53.9959890Z Using cached openpyxl-3.1.5-py2.py3-none-any.whl (250 kB)
2025-08-18T18:10:53.9972623Z Using cached psycopg2_binary-2.9.10-cp312-cp312-manylinux_2_17_x86_64.manylinux2014_x86_64.whl (3.0 MB)
2025-08-18T18:10:54.0004561Z Using cached billiard-4.2.1-py3-none-any.whl (86 kB)
2025-08-18T18:10:54.0015717Z Using cached boto3-1.40.11-py3-none-any.whl (140 kB)
2025-08-18T18:10:54.0027681Z Using cached botocore-1.40.11-py3-none-any.whl (14.0 MB)
2025-08-18T18:10:54.0139534Z Using cached cachetools-4.2.4-py3-none-any.whl (10 kB)
2025-08-18T18:10:54.0150013Z Using cached click-8.2.1-py3-none-any.whl (102 kB)
2025-08-18T18:10:54.0161324Z Using cached confuse-1.4.0-py2.py3-none-any.whl (21 kB)
2025-08-18T18:10:54.0172002Z Using cached jmespath-1.0.1-py3-none-any.whl (20 kB)
2025-08-18T18:10:54.0182522Z Using cached kombu-5.5.4-py3-none-any.whl (210 kB)
2025-08-18T18:10:54.0194172Z Using cached vine-5.1.0-py3-none-any.whl (9.6 kB)
2025-08-18T18:10:54.0204593Z Using cached amqp-5.3.1-py3-none-any.whl (50 kB)
2025-08-18T18:10:54.0215240Z Using cached multimethod-1.10-py3-none-any.whl (9.9 kB)
2025-08-18T18:10:54.0226175Z Using cached python_dateutil-2.9.0.post0-py2.py3-none-any.whl (229 kB)
2025-08-18T18:10:54.0238270Z Using cached s3transfer-0.13.1-py3-none-any.whl (85 kB)
2025-08-18T18:10:54.0249374Z Using cached six-1.17.0-py2.py3-none-any.whl (11 kB)
2025-08-18T18:10:54.0260198Z Using cached urllib3-2.5.0-py3-none-any.whl (129 kB)
2025-08-18T18:10:54.0271689Z Using cached click_didyoumean-0.3.1-py3-none-any.whl (3.6 kB)
2025-08-18T18:10:54.0282120Z Using cached click_plugins-1.1.1.2-py2.py3-none-any.whl (11 kB)
2025-08-18T18:10:54.0292377Z Using cached click_repl-0.3.0-py3-none-any.whl (10 kB)
2025-08-18T18:10:54.0302860Z Using cached packaging-25.0-py3-none-any.whl (66 kB)
2025-08-18T18:10:54.0313871Z Using cached prompt_toolkit-3.0.51-py3-none-any.whl (387 kB)
2025-08-18T18:10:54.0327168Z Using cached pydantic-2.11.7-py3-none-any.whl (444 kB)
2025-08-18T18:10:54.0341133Z Using cached pydantic_core-2.33.2-cp312-cp312-manylinux_2_17_x86_64.manylinux2014_x86_64.whl (2.0 MB)
2025-08-18T18:10:54.0367671Z Using cached annotated_types-0.7.0-py3-none-any.whl (13 kB)
2025-08-18T18:10:54.0378338Z Using cached PyJWT-2.10.1-py3-none-any.whl (22 kB)
2025-08-18T18:10:54.0389122Z Using cached python_dotenv-1.1.1-py3-none-any.whl (20 kB)
2025-08-18T18:10:54.0399779Z Using cached pytz-2025.2-py2.py3-none-any.whl (509 kB)
2025-08-18T18:10:54.0414022Z Using cached requests-2.32.4-py3-none-any.whl (64 kB)
2025-08-18T18:10:54.0425834Z Using cached charset_normalizer-3.4.3-cp312-cp312-manylinux2014_x86_64.manylinux_2_17_x86_64.manylinux_2_28_x86_64.whl (151 kB)
2025-08-18T18:10:54.0437290Z Using cached idna-3.10-py3-none-any.whl (70 kB)
2025-08-18T18:10:54.0448452Z Using cached certifi-2025.8.3-py3-none-any.whl (161 kB)
2025-08-18T18:10:54.0460327Z Using cached typing_extensions-4.14.1-py3-none-any.whl (43 kB)
2025-08-18T18:10:54.0470919Z Using cached typing_inspect-0.9.0-py3-none-any.whl (8.8 kB)
2025-08-18T18:10:54.0481777Z Using cached mypy_extensions-1.1.0-py3-none-any.whl (5.0 kB)
2025-08-18T18:10:54.0492501Z Using cached typing_inspection-0.4.1-py3-none-any.whl (14 kB)
2025-08-18T18:10:54.0502925Z Using cached tzdata-2025.2-py2.py3-none-any.whl (347 kB)
2025-08-18T18:10:54.0516329Z Using cached aiohttp-3.12.15-cp312-cp312-manylinux_2_17_x86_64.manylinux2014_x86_64.whl (1.7 MB)
2025-08-18T18:10:54.0540687Z Using cached multidict-6.6.4-cp312-cp312-manylinux2014_x86_64.manylinux_2_17_x86_64.manylinux_2_28_x86_64.whl (256 kB)
2025-08-18T18:10:54.0552804Z Using cached yarl-1.20.1-cp312-cp312-manylinux_2_17_x86_64.manylinux2014_x86_64.whl (355 kB)
2025-08-18T18:10:54.0566080Z Using cached aiohappyeyeballs-2.6.1-py3-none-any.whl (15 kB)
2025-08-18T18:10:54.0576927Z Using cached aiosignal-1.4.0-py3-none-any.whl (7.5 kB)
2025-08-18T18:10:54.0587507Z Using cached attrs-25.3.0-py3-none-any.whl (63 kB)
2025-08-18T18:10:54.0599287Z Using cached frozenlist-1.7.0-cp312-cp312-manylinux_2_5_x86_64.manylinux1_x86_64.manylinux_2_17_x86_64.manylinux2014_x86_64.whl (241 kB)
2025-08-18T18:10:54.0611294Z Using cached propcache-0.3.2-cp312-cp312-manylinux_2_17_x86_64.manylinux2014_x86_64.whl (224 kB)
2025-08-18T18:10:54.0622911Z Using cached et_xmlfile-2.0.0-py3-none-any.whl (18 kB)
2025-08-18T18:10:54.0634063Z Using cached pycryptodome-3.23.0-cp37-abi3-manylinux_2_17_x86_64.manylinux2014_x86_64.whl (2.3 MB)
2025-08-18T18:10:54.0660831Z Using cached PyYAML-6.0.2-cp312-cp312-manylinux_2_17_x86_64.manylinux2014_x86_64.whl (767 kB)
2025-08-18T18:10:54.0676462Z Using cached tqdm-4.67.1-py3-none-any.whl (78 kB)
2025-08-18T18:10:54.0687578Z Using cached typeguard-4.4.4-py3-none-any.whl (34 kB)
2025-08-18T18:10:54.0698313Z Using cached wcwidth-0.2.13-py2.py3-none-any.whl (34 kB)
2025-08-18T18:10:54.0709523Z Using cached wrapt-1.17.3-cp312-cp312-manylinux1_x86_64.manylinux_2_28_x86_64.manylinux_2_5_x86_64.whl (88 kB)
2025-08-18T18:10:54.3355488Z Installing collected packages: wcwidth, pytz, wrapt, vine, urllib3, tzdata, typing-extensions, tqdm, six, pyyaml, python-dotenv, PyJWT, pycryptodome, psycopg2-binary, propcache, prompt-toolkit, packaging, numpy, mypy-extensions, multimethod, multidict, jmespath, idna, frozenlist, et-xmlfile, click, charset_normalizer, certifi, cachetools, billiard, attrs, annotated-types, aiohappyeyeballs, yarl, typing-inspection, typing-inspect, typeguard, requests, redis, python-dateutil, pydantic-core, openpyxl, minio, confuse, click-repl, click-plugins, click-didyoumean, amqp, aiosignal, pydantic, pandas, kombu, botocore, aiohttp, s3transfer, pydantic-settings, pandera, keepa, celery, boto3, python-amazon-sp-api
2025-08-18T18:11:05.4485224Z 
2025-08-18T18:11:05.4545476Z Successfully installed PyJWT-2.10.1 aiohappyeyeballs-2.6.1 aiohttp-3.12.15 aiosignal-1.4.0 amqp-5.3.1 annotated-types-0.7.0 attrs-25.3.0 billiard-4.2.1 boto3-1.40.11 botocore-1.40.11 cachetools-4.2.4 celery-5.3.6 certifi-2025.8.3 charset_normalizer-3.4.3 click-8.2.1 click-didyoumean-0.3.1 click-plugins-1.1.1.2 click-repl-0.3.0 confuse-1.4.0 et-xmlfile-2.0.0 frozenlist-1.7.0 idna-3.10 jmespath-1.0.1 keepa-1.3.14 kombu-5.5.4 minio-7.1.15 multidict-6.6.4 multimethod-1.10 mypy-extensions-1.1.0 numpy-1.26.4 openpyxl-3.1.5 packaging-25.0 pandas-2.2.3 pandera-0.19.3 prompt-toolkit-3.0.51 propcache-0.3.2 psycopg2-binary-2.9.10 pycryptodome-3.23.0 pydantic-2.11.7 pydantic-core-2.33.2 pydantic-settings-2.2.1 python-amazon-sp-api-0.8.0 python-dateutil-2.9.0.post0 python-dotenv-1.1.1 pytz-2025.2 pyyaml-6.0.2 redis-5.3.1 requests-2.32.4 s3transfer-0.13.1 six-1.17.0 tqdm-4.67.1 typeguard-4.4.4 typing-extensions-4.14.1 typing-inspect-0.9.0 typing-inspection-0.4.1 tzdata-2025.2 urllib3-2.5.0 vine-5.1.0 wcwidth-0.2.13 wrapt-1.17.3 yarl-1.20.1
2025-08-18T18:11:06.8290849Z Collecting uvicorn==0.29.0 (from -r services/api/requirements.txt (line 1))
2025-08-18T18:11:06.8303266Z   Using cached uvicorn-0.29.0-py3-none-any.whl.metadata (6.3 kB)
2025-08-18T18:11:06.8339526Z Requirement already satisfied: pydantic-settings==2.2.1 in /opt/hostedtoolcache/Python/3.12.11/x64/lib/python3.12/site-packages (from -r services/api/requirements.txt (line 2)) (2.2.1)
2025-08-18T18:11:06.8722420Z Collecting fastapi==0.111.0 (from -r services/api/requirements.txt (line 3))
2025-08-18T18:11:06.8733220Z   Using cached fastapi-0.111.0-py3-none-any.whl.metadata (25 kB)
2025-08-18T18:11:07.1439933Z Collecting sqlalchemy==2.0.29 (from -r services/api/requirements.txt (line 4))
2025-08-18T18:11:07.1453673Z   Using cached SQLAlchemy-2.0.29-cp312-cp312-manylinux_2_17_x86_64.manylinux2014_x86_64.whl.metadata (9.6 kB)
2025-08-18T18:11:07.1735785Z Collecting alembic==1.13.1 (from -r services/api/requirements.txt (line 5))
2025-08-18T18:11:07.1747626Z   Using cached alembic-1.13.1-py3-none-any.whl.metadata (7.4 kB)
2025-08-18T18:11:07.1913437Z Collecting psycopg==3.2.9 (from psycopg[binary]==3.2.9->-r services/api/requirements.txt (line 6))
2025-08-18T18:11:07.1925026Z   Using cached psycopg-3.2.9-py3-none-any.whl.metadata (4.5 kB)
2025-08-18T18:11:07.2146497Z Collecting httpx==0.27.2 (from -r services/api/requirements.txt (line 7))
2025-08-18T18:11:07.2158409Z   Using cached httpx-0.27.2-py3-none-any.whl.metadata (7.1 kB)
2025-08-18T18:11:07.2693170Z Collecting asyncpg==0.29.0 (from -r services/api/requirements.txt (line 8))
2025-08-18T18:11:07.2706313Z   Using cached asyncpg-0.29.0-cp312-cp312-manylinux_2_17_x86_64.manylinux2014_x86_64.whl.metadata (4.4 kB)
2025-08-18T18:11:07.5492241Z Collecting boto3==1.34.162 (from -r services/api/requirements.txt (line 9))
2025-08-18T18:11:07.5505312Z   Using cached boto3-1.34.162-py3-none-any.whl.metadata (6.6 kB)
2025-08-18T18:11:07.5659284Z Collecting Jinja2==3.1.5 (from -r services/api/requirements.txt (line 10))
2025-08-18T18:11:07.5670614Z   Using cached jinja2-3.1.5-py3-none-any.whl.metadata (2.6 kB)
2025-08-18T18:11:07.5689316Z Requirement already satisfied: celery==5.3.* in /opt/hostedtoolcache/Python/3.12.11/x64/lib/python3.12/site-packages (from -r services/api/requirements.txt (line 11)) (5.3.6)
2025-08-18T18:11:07.5813035Z Collecting structlog==24.1.0 (from -r services/api/requirements.txt (line 12))
2025-08-18T18:11:07.5824091Z   Using cached structlog-24.1.0-py3-none-any.whl.metadata (6.9 kB)
2025-08-18T18:11:07.5989700Z Collecting asgi-correlation-id==4.3.1 (from -r services/api/requirements.txt (line 13))
2025-08-18T18:11:07.6000758Z   Using cached asgi_correlation_id-4.3.1-py3-none-any.whl.metadata (28 kB)
2025-08-18T18:11:07.6133991Z Collecting fastapi-limiter==0.1.6 (from -r services/api/requirements.txt (line 14))
2025-08-18T18:11:07.6890688Z   Downloading fastapi_limiter-0.1.6-py3-none-any.whl.metadata (5.3 kB)
2025-08-18T18:11:07.7359044Z Collecting redis==5.0.8 (from -r services/api/requirements.txt (line 15))
2025-08-18T18:11:07.7507116Z   Downloading redis-5.0.8-py3-none-any.whl.metadata (9.2 kB)
2025-08-18T18:11:07.7575757Z Requirement already satisfied: click>=7.0 in /opt/hostedtoolcache/Python/3.12.11/x64/lib/python3.12/site-packages (from uvicorn==0.29.0->-r services/api/requirements.txt (line 1)) (8.2.1)
2025-08-18T18:11:07.7662046Z Collecting h11>=0.8 (from uvicorn==0.29.0->-r services/api/requirements.txt (line 1))
2025-08-18T18:11:07.7673572Z   Using cached h11-0.16.0-py3-none-any.whl.metadata (8.3 kB)
2025-08-18T18:11:07.7701691Z Requirement already satisfied: pydantic>=2.3.0 in /opt/hostedtoolcache/Python/3.12.11/x64/lib/python3.12/site-packages (from pydantic-settings==2.2.1->-r services/api/requirements.txt (line 2)) (2.11.7)
2025-08-18T18:11:07.7707100Z Requirement already satisfied: python-dotenv>=0.21.0 in /opt/hostedtoolcache/Python/3.12.11/x64/lib/python3.12/site-packages (from pydantic-settings==2.2.1->-r services/api/requirements.txt (line 2)) (1.1.1)
2025-08-18T18:11:07.7963238Z Collecting starlette<0.38.0,>=0.37.2 (from fastapi==0.111.0->-r services/api/requirements.txt (line 3))
2025-08-18T18:11:07.7974131Z   Using cached starlette-0.37.2-py3-none-any.whl.metadata (5.9 kB)
2025-08-18T18:11:07.8003004Z Requirement already satisfied: typing-extensions>=4.8.0 in /opt/hostedtoolcache/Python/3.12.11/x64/lib/python3.12/site-packages (from fastapi==0.111.0->-r services/api/requirements.txt (line 3)) (4.14.1)
2025-08-18T18:11:07.8077710Z Collecting fastapi-cli>=0.0.2 (from fastapi==0.111.0->-r services/api/requirements.txt (line 3))
2025-08-18T18:11:07.8088599Z   Using cached fastapi_cli-0.0.8-py3-none-any.whl.metadata (6.3 kB)
2025-08-18T18:11:07.8276634Z Collecting python-multipart>=0.0.7 (from fastapi==0.111.0->-r services/api/requirements.txt (line 3))
2025-08-18T18:11:07.8287501Z   Using cached python_multipart-0.0.20-py3-none-any.whl.metadata (1.8 kB)
2025-08-18T18:11:07.8879875Z Collecting ujson!=4.0.2,!=4.1.0,!=4.2.0,!=4.3.0,!=5.0.0,!=5.1.0,>=4.0.1 (from fastapi==0.111.0->-r services/api/requirements.txt (line 3))
2025-08-18T18:11:07.8891668Z   Using cached ujson-5.10.0-cp312-cp312-manylinux_2_17_x86_64.manylinux2014_x86_64.whl.metadata (9.3 kB)
2025-08-18T18:11:08.1212461Z Collecting orjson>=3.2.1 (from fastapi==0.111.0->-r services/api/requirements.txt (line 3))
2025-08-18T18:11:08.1226590Z   Using cached orjson-3.11.2-cp312-cp312-manylinux_2_17_x86_64.manylinux2014_x86_64.whl.metadata (1.2 kB)
2025-08-18T18:11:08.1351255Z Collecting email_validator>=2.0.0 (from fastapi==0.111.0->-r services/api/requirements.txt (line 3))
2025-08-18T18:11:08.1363178Z   Using cached email_validator-2.2.0-py3-none-any.whl.metadata (25 kB)
2025-08-18T18:11:08.2647007Z Collecting greenlet!=0.4.17 (from sqlalchemy==2.0.29->-r services/api/requirements.txt (line 4))
2025-08-18T18:11:08.2659345Z   Using cached greenlet-3.2.4-cp312-cp312-manylinux_2_24_x86_64.manylinux_2_28_x86_64.whl.metadata (4.1 kB)
2025-08-18T18:11:08.2914510Z Collecting Mako (from alembic==1.13.1->-r services/api/requirements.txt (line 5))
2025-08-18T18:11:08.2926149Z   Using cached mako-1.3.10-py3-none-any.whl.metadata (2.9 kB)
2025-08-18T18:11:08.3124756Z Collecting anyio (from httpx==0.27.2->-r services/api/requirements.txt (line 7))
2025-08-18T18:11:08.3136550Z   Using cached anyio-4.10.0-py3-none-any.whl.metadata (4.0 kB)
2025-08-18T18:11:08.3159422Z Requirement already satisfied: certifi in /opt/hostedtoolcache/Python/3.12.11/x64/lib/python3.12/site-packages (from httpx==0.27.2->-r services/api/requirements.txt (line 7)) (2025.8.3)
2025-08-18T18:11:08.3335103Z Collecting httpcore==1.* (from httpx==0.27.2->-r services/api/requirements.txt (line 7))
2025-08-18T18:11:08.3346953Z   Using cached httpcore-1.0.9-py3-none-any.whl.metadata (21 kB)
2025-08-18T18:11:08.3380901Z Requirement already satisfied: idna in /opt/hostedtoolcache/Python/3.12.11/x64/lib/python3.12/site-packages (from httpx==0.27.2->-r services/api/requirements.txt (line 7)) (3.10)
2025-08-18T18:11:08.3478380Z Collecting sniffio (from httpx==0.27.2->-r services/api/requirements.txt (line 7))
2025-08-18T18:11:08.3489921Z   Using cached sniffio-1.3.1-py3-none-any.whl.metadata (3.9 kB)
2025-08-18T18:11:08.7350400Z Collecting botocore<1.35.0,>=1.34.162 (from boto3==1.34.162->-r services/api/requirements.txt (line 9))
2025-08-18T18:11:08.7363379Z   Using cached botocore-1.34.162-py3-none-any.whl.metadata (5.7 kB)
2025-08-18T18:11:08.7391926Z Requirement already satisfied: jmespath<2.0.0,>=0.7.1 in /opt/hostedtoolcache/Python/3.12.11/x64/lib/python3.12/site-packages (from boto3==1.34.162->-r services/api/requirements.txt (line 9)) (1.0.1)
2025-08-18T18:11:08.7547142Z Collecting s3transfer<0.11.0,>=0.10.0 (from boto3==1.34.162->-r services/api/requirements.txt (line 9))
2025-08-18T18:11:08.7558664Z   Using cached s3transfer-0.10.4-py3-none-any.whl.metadata (1.7 kB)
2025-08-18T18:11:08.8026402Z Collecting MarkupSafe>=2.0 (from Jinja2==3.1.5->-r services/api/requirements.txt (line 10))
2025-08-18T18:11:08.8037676Z   Using cached MarkupSafe-3.0.2-cp312-cp312-manylinux_2_17_x86_64.manylinux2014_x86_64.whl.metadata (4.0 kB)
2025-08-18T18:11:08.9662194Z Collecting psycopg-binary==3.2.9 (from psycopg[binary]==3.2.9->-r services/api/requirements.txt (line 6))
2025-08-18T18:11:08.9674835Z   Using cached psycopg_binary-3.2.9-cp312-cp312-manylinux_2_17_x86_64.manylinux2014_x86_64.whl.metadata (2.9 kB)
2025-08-18T18:11:08.9717500Z Requirement already satisfied: billiard<5.0,>=4.2.0 in /opt/hostedtoolcache/Python/3.12.11/x64/lib/python3.12/site-packages (from celery==5.3.*->-r services/api/requirements.txt (line 11)) (4.2.1)
2025-08-18T18:11:08.9723064Z Requirement already satisfied: click-didyoumean>=0.3.0 in /opt/hostedtoolcache/Python/3.12.11/x64/lib/python3.12/site-packages (from celery==5.3.*->-r services/api/requirements.txt (line 11)) (0.3.1)
2025-08-18T18:11:08.9729117Z Requirement already satisfied: click-plugins>=1.1.1 in /opt/hostedtoolcache/Python/3.12.11/x64/lib/python3.12/site-packages (from celery==5.3.*->-r services/api/requirements.txt (line 11)) (1.1.1.2)
2025-08-18T18:11:08.9734803Z Requirement already satisfied: click-repl>=0.2.0 in /opt/hostedtoolcache/Python/3.12.11/x64/lib/python3.12/site-packages (from celery==5.3.*->-r services/api/requirements.txt (line 11)) (0.3.0)
2025-08-18T18:11:08.9744692Z Requirement already satisfied: kombu<6.0,>=5.3.4 in /opt/hostedtoolcache/Python/3.12.11/x64/lib/python3.12/site-packages (from celery==5.3.*->-r services/api/requirements.txt (line 11)) (5.5.4)
2025-08-18T18:11:08.9751430Z Requirement already satisfied: python-dateutil>=2.8.2 in /opt/hostedtoolcache/Python/3.12.11/x64/lib/python3.12/site-packages (from celery==5.3.*->-r services/api/requirements.txt (line 11)) (2.9.0.post0)
2025-08-18T18:11:08.9757291Z Requirement already satisfied: tzdata>=2022.7 in /opt/hostedtoolcache/Python/3.12.11/x64/lib/python3.12/site-packages (from celery==5.3.*->-r services/api/requirements.txt (line 11)) (2025.2)
2025-08-18T18:11:08.9763626Z Requirement already satisfied: vine<6.0,>=5.1.0 in /opt/hostedtoolcache/Python/3.12.11/x64/lib/python3.12/site-packages (from celery==5.3.*->-r services/api/requirements.txt (line 11)) (5.1.0)
2025-08-18T18:11:08.9846515Z Requirement already satisfied: urllib3!=2.2.0,<3,>=1.25.4 in /opt/hostedtoolcache/Python/3.12.11/x64/lib/python3.12/site-packages (from botocore<1.35.0,>=1.34.162->boto3==1.34.162->-r services/api/requirements.txt (line 9)) (2.5.0)
2025-08-18T18:11:08.9903413Z Requirement already satisfied: amqp<6.0.0,>=5.1.1 in /opt/hostedtoolcache/Python/3.12.11/x64/lib/python3.12/site-packages (from kombu<6.0,>=5.3.4->celery==5.3.*->-r services/api/requirements.txt (line 11)) (5.3.1)
2025-08-18T18:11:08.9914144Z Requirement already satisfied: packaging in /opt/hostedtoolcache/Python/3.12.11/x64/lib/python3.12/site-packages (from kombu<6.0,>=5.3.4->celery==5.3.*->-r services/api/requirements.txt (line 11)) (25.0)
2025-08-18T18:11:08.9980626Z Requirement already satisfied: annotated-types>=0.6.0 in /opt/hostedtoolcache/Python/3.12.11/x64/lib/python3.12/site-packages (from pydantic>=2.3.0->pydantic-settings==2.2.1->-r services/api/requirements.txt (line 2)) (0.7.0)
2025-08-18T18:11:08.9985741Z Requirement already satisfied: pydantic-core==2.33.2 in /opt/hostedtoolcache/Python/3.12.11/x64/lib/python3.12/site-packages (from pydantic>=2.3.0->pydantic-settings==2.2.1->-r services/api/requirements.txt (line 2)) (2.33.2)
2025-08-18T18:11:08.9995004Z Requirement already satisfied: typing-inspection>=0.4.0 in /opt/hostedtoolcache/Python/3.12.11/x64/lib/python3.12/site-packages (from pydantic>=2.3.0->pydantic-settings==2.2.1->-r services/api/requirements.txt (line 2)) (0.4.1)
2025-08-18T18:11:09.0028783Z Requirement already satisfied: six>=1.5 in /opt/hostedtoolcache/Python/3.12.11/x64/lib/python3.12/site-packages (from python-dateutil>=2.8.2->celery==5.3.*->-r services/api/requirements.txt (line 11)) (1.17.0)
2025-08-18T18:11:09.2339983Z Requirement already satisfied: prompt-toolkit>=3.0.36 in /opt/hostedtoolcache/Python/3.12.11/x64/lib/python3.12/site-packages (from click-repl>=0.2.0->celery==5.3.*->-r services/api/requirements.txt (line 11)) (3.0.51)
2025-08-18T18:11:09.2466874Z Collecting dnspython>=2.0.0 (from email_validator>=2.0.0->fastapi==0.111.0->-r services/api/requirements.txt (line 3))
2025-08-18T18:11:09.2478243Z   Using cached dnspython-2.7.0-py3-none-any.whl.metadata (5.8 kB)
2025-08-18T18:11:09.2683406Z Collecting typer>=0.15.1 (from fastapi-cli>=0.0.2->fastapi==0.111.0->-r services/api/requirements.txt (line 3))
2025-08-18T18:11:09.2694515Z   Using cached typer-0.16.0-py3-none-any.whl.metadata (15 kB)
2025-08-18T18:11:09.2931689Z Collecting rich-toolkit>=0.14.8 (from fastapi-cli>=0.0.2->fastapi==0.111.0->-r services/api/requirements.txt (line 3))
2025-08-18T18:11:09.2942446Z   Using cached rich_toolkit-0.15.0-py3-none-any.whl.metadata (1.0 kB)
2025-08-18T18:11:09.3031962Z Requirement already satisfied: wcwidth in /opt/hostedtoolcache/Python/3.12.11/x64/lib/python3.12/site-packages (from prompt-toolkit>=3.0.36->click-repl>=0.2.0->celery==5.3.*->-r services/api/requirements.txt (line 11)) (0.2.13)
2025-08-18T18:11:09.3443248Z Collecting rich>=13.7.1 (from rich-toolkit>=0.14.8->fastapi-cli>=0.0.2->fastapi==0.111.0->-r services/api/requirements.txt (line 3))
2025-08-18T18:11:09.3454324Z   Using cached rich-14.1.0-py3-none-any.whl.metadata (18 kB)
2025-08-18T18:11:09.3620894Z Collecting markdown-it-py>=2.2.0 (from rich>=13.7.1->rich-toolkit>=0.14.8->fastapi-cli>=0.0.2->fastapi==0.111.0->-r services/api/requirements.txt (line 3))
2025-08-18T18:11:09.3631581Z   Using cached markdown_it_py-4.0.0-py3-none-any.whl.metadata (7.3 kB)
2025-08-18T18:11:09.3851718Z Collecting pygments<3.0.0,>=2.13.0 (from rich>=13.7.1->rich-toolkit>=0.14.8->fastapi-cli>=0.0.2->fastapi==0.111.0->-r services/api/requirements.txt (line 3))
2025-08-18T18:11:09.3862998Z   Using cached pygments-2.19.2-py3-none-any.whl.metadata (2.5 kB)
2025-08-18T18:11:09.3980147Z Collecting mdurl~=0.1 (from markdown-it-py>=2.2.0->rich>=13.7.1->rich-toolkit>=0.14.8->fastapi-cli>=0.0.2->fastapi==0.111.0->-r services/api/requirements.txt (line 3))
2025-08-18T18:11:09.3991053Z   Using cached mdurl-0.1.2-py3-none-any.whl.metadata (1.6 kB)
2025-08-18T18:11:09.4169318Z Collecting shellingham>=1.3.0 (from typer>=0.15.1->fastapi-cli>=0.0.2->fastapi==0.111.0->-r services/api/requirements.txt (line 3))
2025-08-18T18:11:09.4180503Z   Using cached shellingham-1.5.4-py2.py3-none-any.whl.metadata (3.5 kB)
2025-08-18T18:11:09.4649908Z Collecting httptools>=0.5.0 (from uvicorn[standard]>=0.12.0->fastapi==0.111.0->-r services/api/requirements.txt (line 3))
2025-08-18T18:11:09.4662652Z   Using cached httptools-0.6.4-cp312-cp312-manylinux_2_5_x86_64.manylinux1_x86_64.manylinux_2_17_x86_64.manylinux2014_x86_64.whl.metadata (3.6 kB)
2025-08-18T18:11:09.4688379Z Requirement already satisfied: pyyaml>=5.1 in /opt/hostedtoolcache/Python/3.12.11/x64/lib/python3.12/site-packages (from uvicorn[standard]>=0.12.0->fastapi==0.111.0->-r services/api/requirements.txt (line 3)) (6.0.2)
2025-08-18T18:11:09.5047266Z Collecting uvloop!=0.15.0,!=0.15.1,>=0.14.0 (from uvicorn[standard]>=0.12.0->fastapi==0.111.0->-r services/api/requirements.txt (line 3))
2025-08-18T18:11:09.5059031Z   Using cached uvloop-0.21.0-cp312-cp312-manylinux_2_17_x86_64.manylinux2014_x86_64.whl.metadata (4.9 kB)
2025-08-18T18:11:09.6229380Z Collecting watchfiles>=0.13 (from uvicorn[standard]>=0.12.0->fastapi==0.111.0->-r services/api/requirements.txt (line 3))
2025-08-18T18:11:09.6243362Z   Using cached watchfiles-1.1.0-cp312-cp312-manylinux_2_17_x86_64.manylinux2014_x86_64.whl.metadata (4.9 kB)
2025-08-18T18:11:09.7223624Z Collecting websockets>=10.4 (from uvicorn[standard]>=0.12.0->fastapi==0.111.0->-r services/api/requirements.txt (line 3))
2025-08-18T18:11:09.7238051Z   Using cached websockets-15.0.1-cp312-cp312-manylinux_2_5_x86_64.manylinux1_x86_64.manylinux_2_17_x86_64.manylinux2014_x86_64.whl.metadata (6.8 kB)
2025-08-18T18:11:09.7501131Z Using cached uvicorn-0.29.0-py3-none-any.whl (60 kB)
2025-08-18T18:11:09.7512357Z Using cached fastapi-0.111.0-py3-none-any.whl (91 kB)
2025-08-18T18:11:09.7523946Z Using cached SQLAlchemy-2.0.29-cp312-cp312-manylinux_2_17_x86_64.manylinux2014_x86_64.whl (3.2 MB)
2025-08-18T18:11:09.7559216Z Using cached alembic-1.13.1-py3-none-any.whl (233 kB)
2025-08-18T18:11:09.7571132Z Using cached psycopg-3.2.9-py3-none-any.whl (202 kB)
2025-08-18T18:11:09.7582791Z Using cached httpx-0.27.2-py3-none-any.whl (76 kB)
2025-08-18T18:11:09.7594055Z Using cached asyncpg-0.29.0-cp312-cp312-manylinux_2_17_x86_64.manylinux2014_x86_64.whl (3.3 MB)
2025-08-18T18:11:09.7629993Z Using cached boto3-1.34.162-py3-none-any.whl (139 kB)
2025-08-18T18:11:09.7643560Z Using cached jinja2-3.1.5-py3-none-any.whl (134 kB)
2025-08-18T18:11:09.7656072Z Using cached structlog-24.1.0-py3-none-any.whl (65 kB)
2025-08-18T18:11:09.7669772Z Using cached asgi_correlation_id-4.3.1-py3-none-any.whl (15 kB)
2025-08-18T18:11:09.7813211Z Downloading fastapi_limiter-0.1.6-py3-none-any.whl (15 kB)
2025-08-18T18:11:09.8958063Z Downloading redis-5.0.8-py3-none-any.whl (255 kB)
2025-08-18T18:11:10.0711745Z Using cached psycopg_binary-3.2.9-cp312-cp312-manylinux_2_17_x86_64.manylinux2014_x86_64.whl (4.4 MB)
2025-08-18T18:11:10.0755593Z Using cached botocore-1.34.162-py3-none-any.whl (12.5 MB)
2025-08-18T18:11:10.0857420Z Using cached httpcore-1.0.9-py3-none-any.whl (78 kB)
2025-08-18T18:11:10.0868501Z Using cached s3transfer-0.10.4-py3-none-any.whl (83 kB)
2025-08-18T18:11:10.0879575Z Using cached starlette-0.37.2-py3-none-any.whl (71 kB)
2025-08-18T18:11:10.0891068Z Using cached anyio-4.10.0-py3-none-any.whl (107 kB)
2025-08-18T18:11:10.0902246Z Using cached email_validator-2.2.0-py3-none-any.whl (33 kB)
2025-08-18T18:11:10.0912957Z Using cached dnspython-2.7.0-py3-none-any.whl (313 kB)
2025-08-18T18:11:10.0926320Z Using cached fastapi_cli-0.0.8-py3-none-any.whl (10 kB)
2025-08-18T18:11:10.0937570Z Using cached greenlet-3.2.4-cp312-cp312-manylinux_2_24_x86_64.manylinux_2_28_x86_64.whl (607 kB)
2025-08-18T18:11:10.0952105Z Using cached h11-0.16.0-py3-none-any.whl (37 kB)
2025-08-18T18:11:10.0963341Z Using cached MarkupSafe-3.0.2-cp312-cp312-manylinux_2_17_x86_64.manylinux2014_x86_64.whl (23 kB)
2025-08-18T18:11:10.0974075Z Using cached orjson-3.11.2-cp312-cp312-manylinux_2_17_x86_64.manylinux2014_x86_64.whl (121 kB)
2025-08-18T18:11:10.0985180Z Using cached python_multipart-0.0.20-py3-none-any.whl (24 kB)
2025-08-18T18:11:10.0995679Z Using cached rich_toolkit-0.15.0-py3-none-any.whl (29 kB)
2025-08-18T18:11:10.1006461Z Using cached rich-14.1.0-py3-none-any.whl (243 kB)
2025-08-18T18:11:10.1018561Z Using cached pygments-2.19.2-py3-none-any.whl (1.2 MB)
2025-08-18T18:11:10.1038270Z Using cached markdown_it_py-4.0.0-py3-none-any.whl (87 kB)
2025-08-18T18:11:10.1049211Z Using cached mdurl-0.1.2-py3-none-any.whl (10.0 kB)
2025-08-18T18:11:10.1059769Z Using cached sniffio-1.3.1-py3-none-any.whl (10 kB)
2025-08-18T18:11:10.1070445Z Using cached typer-0.16.0-py3-none-any.whl (46 kB)
2025-08-18T18:11:10.1081286Z Using cached shellingham-1.5.4-py2.py3-none-any.whl (9.8 kB)
2025-08-18T18:11:10.1092139Z Using cached ujson-5.10.0-cp312-cp312-manylinux_2_17_x86_64.manylinux2014_x86_64.whl (53 kB)
2025-08-18T18:11:10.1103572Z Using cached httptools-0.6.4-cp312-cp312-manylinux_2_5_x86_64.manylinux1_x86_64.manylinux_2_17_x86_64.manylinux2014_x86_64.whl (510 kB)
2025-08-18T18:11:10.1117701Z Using cached uvloop-0.21.0-cp312-cp312-manylinux_2_17_x86_64.manylinux2014_x86_64.whl (4.7 MB)
2025-08-18T18:11:10.1162301Z Using cached watchfiles-1.1.0-cp312-cp312-manylinux_2_17_x86_64.manylinux2014_x86_64.whl (452 kB)
2025-08-18T18:11:10.1177369Z Using cached websockets-15.0.1-cp312-cp312-manylinux_2_5_x86_64.manylinux1_x86_64.manylinux_2_17_x86_64.manylinux2014_x86_64.whl (182 kB)
2025-08-18T18:11:10.1188873Z Using cached mako-1.3.10-py3-none-any.whl (78 kB)
2025-08-18T18:11:10.3171109Z Installing collected packages: websockets, uvloop, ujson, structlog, sniffio, shellingham, redis, python-multipart, pygments, psycopg-binary, psycopg, orjson, mdurl, MarkupSafe, httptools, h11, greenlet, dnspython, asyncpg, uvicorn, sqlalchemy, markdown-it-py, Mako, Jinja2, httpcore, email_validator, botocore, anyio, watchfiles, starlette, s3transfer, rich, httpx, alembic, typer, rich-toolkit, boto3, asgi-correlation-id, fastapi-cli, fastapi, fastapi-limiter
2025-08-18T18:11:10.5493026Z   Attempting uninstall: redis
2025-08-18T18:11:10.5523841Z     Found existing installation: redis 5.3.1
2025-08-18T18:11:10.5604570Z     Uninstalling redis-5.3.1:
2025-08-18T18:11:10.5621649Z       Successfully uninstalled redis-5.3.1
2025-08-18T18:11:13.5870017Z   Attempting uninstall: botocore
2025-08-18T18:11:13.5917692Z     Found existing installation: botocore 1.40.11
2025-08-18T18:11:13.6538619Z     Uninstalling botocore-1.40.11:
2025-08-18T18:11:13.6780094Z       Successfully uninstalled botocore-1.40.11
2025-08-18T18:11:14.4640958Z   Attempting uninstall: s3transfer
2025-08-18T18:11:14.4686556Z     Found existing installation: s3transfer 0.13.1
2025-08-18T18:11:14.4713668Z     Uninstalling s3transfer-0.13.1:
2025-08-18T18:11:14.4722279Z       Successfully uninstalled s3transfer-0.13.1
2025-08-18T18:11:14.9821839Z   Attempting uninstall: boto3
2025-08-18T18:11:14.9857382Z     Found existing installation: boto3 1.40.11
2025-08-18T18:11:14.9917504Z     Uninstalling boto3-1.40.11:
2025-08-18T18:11:14.9935394Z       Successfully uninstalled boto3-1.40.11
2025-08-18T18:11:15.1535847Z 
2025-08-18T18:11:15.1622625Z Successfully installed Jinja2-3.1.5 Mako-1.3.10 MarkupSafe-3.0.2 alembic-1.13.1 anyio-4.10.0 asgi-correlation-id-4.3.1 asyncpg-0.29.0 boto3-1.34.162 botocore-1.34.162 dnspython-2.7.0 email_validator-2.2.0 fastapi-0.111.0 fastapi-cli-0.0.8 fastapi-limiter-0.1.6 greenlet-3.2.4 h11-0.16.0 httpcore-1.0.9 httptools-0.6.4 httpx-0.27.2 markdown-it-py-4.0.0 mdurl-0.1.2 orjson-3.11.2 psycopg-3.2.9 psycopg-binary-3.2.9 pygments-2.19.2 python-multipart-0.0.20 redis-5.0.8 rich-14.1.0 rich-toolkit-0.15.0 s3transfer-0.10.4 shellingham-1.5.4 sniffio-1.3.1 sqlalchemy-2.0.29 starlette-0.37.2 structlog-24.1.0 typer-0.16.0 ujson-5.10.0 uvicorn-0.29.0 uvloop-0.21.0 watchfiles-1.1.0 websockets-15.0.1
2025-08-18T18:11:16.2464184Z Requirement already satisfied: uvicorn==0.29.0 in /opt/hostedtoolcache/Python/3.12.11/x64/lib/python3.12/site-packages (from -r services/repricer/requirements.txt (line 1)) (0.29.0)
2025-08-18T18:11:16.2469578Z Requirement already satisfied: pydantic-settings==2.2.1 in /opt/hostedtoolcache/Python/3.12.11/x64/lib/python3.12/site-packages (from -r services/repricer/requirements.txt (line 2)) (2.2.1)
2025-08-18T18:11:16.2474609Z Requirement already satisfied: python-amazon-sp-api==0.8.0 in /opt/hostedtoolcache/Python/3.12.11/x64/lib/python3.12/site-packages (from -r services/repricer/requirements.txt (line 3)) (0.8.0)
2025-08-18T18:11:16.2479663Z Requirement already satisfied: fastapi==0.111.0 in /opt/hostedtoolcache/Python/3.12.11/x64/lib/python3.12/site-packages (from -r services/repricer/requirements.txt (line 4)) (0.111.0)
2025-08-18T18:11:16.2484428Z Requirement already satisfied: sqlalchemy==2.0.29 in /opt/hostedtoolcache/Python/3.12.11/x64/lib/python3.12/site-packages (from -r services/repricer/requirements.txt (line 5)) (2.0.29)
2025-08-18T18:11:16.2496260Z Requirement already satisfied: click>=7.0 in /opt/hostedtoolcache/Python/3.12.11/x64/lib/python3.12/site-packages (from uvicorn==0.29.0->-r services/repricer/requirements.txt (line 1)) (8.2.1)
2025-08-18T18:11:16.2502213Z Requirement already satisfied: h11>=0.8 in /opt/hostedtoolcache/Python/3.12.11/x64/lib/python3.12/site-packages (from uvicorn==0.29.0->-r services/repricer/requirements.txt (line 1)) (0.16.0)
2025-08-18T18:11:16.2526580Z Requirement already satisfied: pydantic>=2.3.0 in /opt/hostedtoolcache/Python/3.12.11/x64/lib/python3.12/site-packages (from pydantic-settings==2.2.1->-r services/repricer/requirements.txt (line 2)) (2.11.7)
2025-08-18T18:11:16.2532604Z Requirement already satisfied: python-dotenv>=0.21.0 in /opt/hostedtoolcache/Python/3.12.11/x64/lib/python3.12/site-packages (from pydantic-settings==2.2.1->-r services/repricer/requirements.txt (line 2)) (1.1.1)
2025-08-18T18:11:16.2544941Z Requirement already satisfied: requests in /opt/hostedtoolcache/Python/3.12.11/x64/lib/python3.12/site-packages (from python-amazon-sp-api==0.8.0->-r services/repricer/requirements.txt (line 3)) (2.32.4)
2025-08-18T18:11:16.2552836Z Requirement already satisfied: six<2,>=1.15 in /opt/hostedtoolcache/Python/3.12.11/x64/lib/python3.12/site-packages (from python-amazon-sp-api==0.8.0->-r services/repricer/requirements.txt (line 3)) (1.17.0)
2025-08-18T18:11:16.2561154Z Requirement already satisfied: boto3<2,>=1.16.39 in /opt/hostedtoolcache/Python/3.12.11/x64/lib/python3.12/site-packages (from python-amazon-sp-api==0.8.0->-r services/repricer/requirements.txt (line 3)) (1.34.162)
2025-08-18T18:11:16.2568880Z Requirement already satisfied: cachetools~=4.2.0 in /opt/hostedtoolcache/Python/3.12.11/x64/lib/python3.12/site-packages (from python-amazon-sp-api==0.8.0->-r services/repricer/requirements.txt (line 3)) (4.2.4)
2025-08-18T18:11:16.2573703Z Requirement already satisfied: pycryptodome in /opt/hostedtoolcache/Python/3.12.11/x64/lib/python3.12/site-packages (from python-amazon-sp-api==0.8.0->-r services/repricer/requirements.txt (line 3)) (3.23.0)
2025-08-18T18:11:16.2578543Z Requirement already satisfied: pytz in /opt/hostedtoolcache/Python/3.12.11/x64/lib/python3.12/site-packages (from python-amazon-sp-api==0.8.0->-r services/repricer/requirements.txt (line 3)) (2025.2)
2025-08-18T18:11:16.2585580Z Requirement already satisfied: confuse~=1.4.0 in /opt/hostedtoolcache/Python/3.12.11/x64/lib/python3.12/site-packages (from python-amazon-sp-api==0.8.0->-r services/repricer/requirements.txt (line 3)) (1.4.0)
2025-08-18T18:11:16.2602261Z Requirement already satisfied: starlette<0.38.0,>=0.37.2 in /opt/hostedtoolcache/Python/3.12.11/x64/lib/python3.12/site-packages (from fastapi==0.111.0->-r services/repricer/requirements.txt (line 4)) (0.37.2)
2025-08-18T18:11:16.2613230Z Requirement already satisfied: typing-extensions>=4.8.0 in /opt/hostedtoolcache/Python/3.12.11/x64/lib/python3.12/site-packages (from fastapi==0.111.0->-r services/repricer/requirements.txt (line 4)) (4.14.1)
2025-08-18T18:11:16.2619312Z Requirement already satisfied: fastapi-cli>=0.0.2 in /opt/hostedtoolcache/Python/3.12.11/x64/lib/python3.12/site-packages (from fastapi==0.111.0->-r services/repricer/requirements.txt (line 4)) (0.0.8)
2025-08-18T18:11:16.2625079Z Requirement already satisfied: httpx>=0.23.0 in /opt/hostedtoolcache/Python/3.12.11/x64/lib/python3.12/site-packages (from fastapi==0.111.0->-r services/repricer/requirements.txt (line 4)) (0.27.2)
2025-08-18T18:11:16.2630404Z Requirement already satisfied: jinja2>=2.11.2 in /opt/hostedtoolcache/Python/3.12.11/x64/lib/python3.12/site-packages (from fastapi==0.111.0->-r services/repricer/requirements.txt (line 4)) (3.1.5)
2025-08-18T18:11:16.2635786Z Requirement already satisfied: python-multipart>=0.0.7 in /opt/hostedtoolcache/Python/3.12.11/x64/lib/python3.12/site-packages (from fastapi==0.111.0->-r services/repricer/requirements.txt (line 4)) (0.0.20)
2025-08-18T18:11:16.2643920Z Requirement already satisfied: ujson!=4.0.2,!=4.1.0,!=4.2.0,!=4.3.0,!=5.0.0,!=5.1.0,>=4.0.1 in /opt/hostedtoolcache/Python/3.12.11/x64/lib/python3.12/site-packages (from fastapi==0.111.0->-r services/repricer/requirements.txt (line 4)) (5.10.0)
2025-08-18T18:11:16.2649159Z Requirement already satisfied: orjson>=3.2.1 in /opt/hostedtoolcache/Python/3.12.11/x64/lib/python3.12/site-packages (from fastapi==0.111.0->-r services/repricer/requirements.txt (line 4)) (3.11.2)
2025-08-18T18:11:16.2654042Z Requirement already satisfied: email_validator>=2.0.0 in /opt/hostedtoolcache/Python/3.12.11/x64/lib/python3.12/site-packages (from fastapi==0.111.0->-r services/repricer/requirements.txt (line 4)) (2.2.0)
2025-08-18T18:11:16.2700947Z Requirement already satisfied: greenlet!=0.4.17 in /opt/hostedtoolcache/Python/3.12.11/x64/lib/python3.12/site-packages (from sqlalchemy==2.0.29->-r services/repricer/requirements.txt (line 5)) (3.2.4)
2025-08-18T18:11:16.2746297Z Requirement already satisfied: botocore<1.35.0,>=1.34.162 in /opt/hostedtoolcache/Python/3.12.11/x64/lib/python3.12/site-packages (from boto3<2,>=1.16.39->python-amazon-sp-api==0.8.0->-r services/repricer/requirements.txt (line 3)) (1.34.162)
2025-08-18T18:11:16.2752978Z Requirement already satisfied: jmespath<2.0.0,>=0.7.1 in /opt/hostedtoolcache/Python/3.12.11/x64/lib/python3.12/site-packages (from boto3<2,>=1.16.39->python-amazon-sp-api==0.8.0->-r services/repricer/requirements.txt (line 3)) (1.0.1)
2025-08-18T18:11:16.2760208Z Requirement already satisfied: s3transfer<0.11.0,>=0.10.0 in /opt/hostedtoolcache/Python/3.12.11/x64/lib/python3.12/site-packages (from boto3<2,>=1.16.39->python-amazon-sp-api==0.8.0->-r services/repricer/requirements.txt (line 3)) (0.10.4)
2025-08-18T18:11:16.2777261Z Requirement already satisfied: python-dateutil<3.0.0,>=2.1 in /opt/hostedtoolcache/Python/3.12.11/x64/lib/python3.12/site-packages (from botocore<1.35.0,>=1.34.162->boto3<2,>=1.16.39->python-amazon-sp-api==0.8.0->-r services/repricer/requirements.txt (line 3)) (2.9.0.post0)
2025-08-18T18:11:16.2790238Z Requirement already satisfied: urllib3!=2.2.0,<3,>=1.25.4 in /opt/hostedtoolcache/Python/3.12.11/x64/lib/python3.12/site-packages (from botocore<1.35.0,>=1.34.162->boto3<2,>=1.16.39->python-amazon-sp-api==0.8.0->-r services/repricer/requirements.txt (line 3)) (2.5.0)
2025-08-18T18:11:16.2809092Z Requirement already satisfied: pyyaml in /opt/hostedtoolcache/Python/3.12.11/x64/lib/python3.12/site-packages (from confuse~=1.4.0->python-amazon-sp-api==0.8.0->-r services/repricer/requirements.txt (line 3)) (6.0.2)
2025-08-18T18:11:16.2837104Z Requirement already satisfied: annotated-types>=0.6.0 in /opt/hostedtoolcache/Python/3.12.11/x64/lib/python3.12/site-packages (from pydantic>=2.3.0->pydantic-settings==2.2.1->-r services/repricer/requirements.txt (line 2)) (0.7.0)
2025-08-18T18:11:16.2847030Z Requirement already satisfied: pydantic-core==2.33.2 in /opt/hostedtoolcache/Python/3.12.11/x64/lib/python3.12/site-packages (from pydantic>=2.3.0->pydantic-settings==2.2.1->-r services/repricer/requirements.txt (line 2)) (2.33.2)
2025-08-18T18:11:16.2854475Z Requirement already satisfied: typing-inspection>=0.4.0 in /opt/hostedtoolcache/Python/3.12.11/x64/lib/python3.12/site-packages (from pydantic>=2.3.0->pydantic-settings==2.2.1->-r services/repricer/requirements.txt (line 2)) (0.4.1)
2025-08-18T18:11:16.2915780Z Requirement already satisfied: anyio<5,>=3.4.0 in /opt/hostedtoolcache/Python/3.12.11/x64/lib/python3.12/site-packages (from starlette<0.38.0,>=0.37.2->fastapi==0.111.0->-r services/repricer/requirements.txt (line 4)) (4.10.0)
2025-08-18T18:11:16.2936169Z Requirement already satisfied: idna>=2.8 in /opt/hostedtoolcache/Python/3.12.11/x64/lib/python3.12/site-packages (from anyio<5,>=3.4.0->starlette<0.38.0,>=0.37.2->fastapi==0.111.0->-r services/repricer/requirements.txt (line 4)) (3.10)
2025-08-18T18:11:16.2941283Z Requirement already satisfied: sniffio>=1.1 in /opt/hostedtoolcache/Python/3.12.11/x64/lib/python3.12/site-packages (from anyio<5,>=3.4.0->starlette<0.38.0,>=0.37.2->fastapi==0.111.0->-r services/repricer/requirements.txt (line 4)) (1.3.1)
2025-08-18T18:11:16.2997689Z Requirement already satisfied: dnspython>=2.0.0 in /opt/hostedtoolcache/Python/3.12.11/x64/lib/python3.12/site-packages (from email_validator>=2.0.0->fastapi==0.111.0->-r services/repricer/requirements.txt (line 4)) (2.7.0)
2025-08-18T18:11:16.3046760Z Requirement already satisfied: typer>=0.15.1 in /opt/hostedtoolcache/Python/3.12.11/x64/lib/python3.12/site-packages (from fastapi-cli>=0.0.2->fastapi==0.111.0->-r services/repricer/requirements.txt (line 4)) (0.16.0)
2025-08-18T18:11:16.3057525Z Requirement already satisfied: rich-toolkit>=0.14.8 in /opt/hostedtoolcache/Python/3.12.11/x64/lib/python3.12/site-packages (from fastapi-cli>=0.0.2->fastapi==0.111.0->-r services/repricer/requirements.txt (line 4)) (0.15.0)
2025-08-18T18:11:16.3098514Z Requirement already satisfied: certifi in /opt/hostedtoolcache/Python/3.12.11/x64/lib/python3.12/site-packages (from httpx>=0.23.0->fastapi==0.111.0->-r services/repricer/requirements.txt (line 4)) (2025.8.3)
2025-08-18T18:11:16.3103606Z Requirement already satisfied: httpcore==1.* in /opt/hostedtoolcache/Python/3.12.11/x64/lib/python3.12/site-packages (from httpx>=0.23.0->fastapi==0.111.0->-r services/repricer/requirements.txt (line 4)) (1.0.9)
2025-08-18T18:11:16.3161073Z Requirement already satisfied: MarkupSafe>=2.0 in /opt/hostedtoolcache/Python/3.12.11/x64/lib/python3.12/site-packages (from jinja2>=2.11.2->fastapi==0.111.0->-r services/repricer/requirements.txt (line 4)) (3.0.2)
2025-08-18T18:11:16.3219335Z Requirement already satisfied: rich>=13.7.1 in /opt/hostedtoolcache/Python/3.12.11/x64/lib/python3.12/site-packages (from rich-toolkit>=0.14.8->fastapi-cli>=0.0.2->fastapi==0.111.0->-r services/repricer/requirements.txt (line 4)) (14.1.0)
2025-08-18T18:11:16.3241535Z Requirement already satisfied: markdown-it-py>=2.2.0 in /opt/hostedtoolcache/Python/3.12.11/x64/lib/python3.12/site-packages (from rich>=13.7.1->rich-toolkit>=0.14.8->fastapi-cli>=0.0.2->fastapi==0.111.0->-r services/repricer/requirements.txt (line 4)) (4.0.0)
2025-08-18T18:11:16.3248744Z Requirement already satisfied: pygments<3.0.0,>=2.13.0 in /opt/hostedtoolcache/Python/3.12.11/x64/lib/python3.12/site-packages (from rich>=13.7.1->rich-toolkit>=0.14.8->fastapi-cli>=0.0.2->fastapi==0.111.0->-r services/repricer/requirements.txt (line 4)) (2.19.2)
2025-08-18T18:11:16.3276665Z Requirement already satisfied: mdurl~=0.1 in /opt/hostedtoolcache/Python/3.12.11/x64/lib/python3.12/site-packages (from markdown-it-py>=2.2.0->rich>=13.7.1->rich-toolkit>=0.14.8->fastapi-cli>=0.0.2->fastapi==0.111.0->-r services/repricer/requirements.txt (line 4)) (0.1.2)
2025-08-18T18:11:16.3342897Z Requirement already satisfied: shellingham>=1.3.0 in /opt/hostedtoolcache/Python/3.12.11/x64/lib/python3.12/site-packages (from typer>=0.15.1->fastapi-cli>=0.0.2->fastapi==0.111.0->-r services/repricer/requirements.txt (line 4)) (1.5.4)
2025-08-18T18:11:16.3414952Z Requirement already satisfied: httptools>=0.5.0 in /opt/hostedtoolcache/Python/3.12.11/x64/lib/python3.12/site-packages (from uvicorn[standard]>=0.12.0->fastapi==0.111.0->-r services/repricer/requirements.txt (line 4)) (0.6.4)
2025-08-18T18:11:16.3441944Z Requirement already satisfied: uvloop!=0.15.0,!=0.15.1,>=0.14.0 in /opt/hostedtoolcache/Python/3.12.11/x64/lib/python3.12/site-packages (from uvicorn[standard]>=0.12.0->fastapi==0.111.0->-r services/repricer/requirements.txt (line 4)) (0.21.0)
2025-08-18T18:11:16.3444973Z Requirement already satisfied: watchfiles>=0.13 in /opt/hostedtoolcache/Python/3.12.11/x64/lib/python3.12/site-packages (from uvicorn[standard]>=0.12.0->fastapi==0.111.0->-r services/repricer/requirements.txt (line 4)) (1.1.0)
2025-08-18T18:11:16.3447528Z Requirement already satisfied: websockets>=10.4 in /opt/hostedtoolcache/Python/3.12.11/x64/lib/python3.12/site-packages (from uvicorn[standard]>=0.12.0->fastapi==0.111.0->-r services/repricer/requirements.txt (line 4)) (15.0.1)
2025-08-18T18:11:16.3579458Z Requirement already satisfied: charset_normalizer<4,>=2 in /opt/hostedtoolcache/Python/3.12.11/x64/lib/python3.12/site-packages (from requests->python-amazon-sp-api==0.8.0->-r services/repricer/requirements.txt (line 3)) (3.4.3)
2025-08-18T18:11:17.4122594Z Collecting celery==5.4.* (from celery[redis]==5.4.*->-r services/fees_h10/requirements.txt (line 1))
2025-08-18T18:11:17.4136655Z   Using cached celery-5.4.0-py3-none-any.whl.metadata (21 kB)
2025-08-18T18:11:17.4364088Z Requirement already satisfied: asyncpg in /opt/hostedtoolcache/Python/3.12.11/x64/lib/python3.12/site-packages (from -r services/fees_h10/requirements.txt (line 2)) (0.29.0)
2025-08-18T18:11:17.4367659Z Requirement already satisfied: httpx in /opt/hostedtoolcache/Python/3.12.11/x64/lib/python3.12/site-packages (from -r services/fees_h10/requirements.txt (line 3)) (0.27.2)
2025-08-18T18:11:17.4370973Z Requirement already satisfied: sqlalchemy in /opt/hostedtoolcache/Python/3.12.11/x64/lib/python3.12/site-packages (from -r services/fees_h10/requirements.txt (line 4)) (2.0.29)
2025-08-18T18:11:17.4383689Z Requirement already satisfied: billiard<5.0,>=4.2.0 in /opt/hostedtoolcache/Python/3.12.11/x64/lib/python3.12/site-packages (from celery==5.4.*->celery[redis]==5.4.*->-r services/fees_h10/requirements.txt (line 1)) (4.2.1)
2025-08-18T18:11:17.4389360Z Requirement already satisfied: kombu<6.0,>=5.3.4 in /opt/hostedtoolcache/Python/3.12.11/x64/lib/python3.12/site-packages (from celery==5.4.*->celery[redis]==5.4.*->-r services/fees_h10/requirements.txt (line 1)) (5.5.4)
2025-08-18T18:11:17.4394759Z Requirement already satisfied: vine<6.0,>=5.1.0 in /opt/hostedtoolcache/Python/3.12.11/x64/lib/python3.12/site-packages (from celery==5.4.*->celery[redis]==5.4.*->-r services/fees_h10/requirements.txt (line 1)) (5.1.0)
2025-08-18T18:11:17.4400027Z Requirement already satisfied: click<9.0,>=8.1.2 in /opt/hostedtoolcache/Python/3.12.11/x64/lib/python3.12/site-packages (from celery==5.4.*->celery[redis]==5.4.*->-r services/fees_h10/requirements.txt (line 1)) (8.2.1)
2025-08-18T18:11:17.4404831Z Requirement already satisfied: click-didyoumean>=0.3.0 in /opt/hostedtoolcache/Python/3.12.11/x64/lib/python3.12/site-packages (from celery==5.4.*->celery[redis]==5.4.*->-r services/fees_h10/requirements.txt (line 1)) (0.3.1)
2025-08-18T18:11:17.4409900Z Requirement already satisfied: click-repl>=0.2.0 in /opt/hostedtoolcache/Python/3.12.11/x64/lib/python3.12/site-packages (from celery==5.4.*->celery[redis]==5.4.*->-r services/fees_h10/requirements.txt (line 1)) (0.3.0)
2025-08-18T18:11:17.4414587Z Requirement already satisfied: click-plugins>=1.1.1 in /opt/hostedtoolcache/Python/3.12.11/x64/lib/python3.12/site-packages (from celery==5.4.*->celery[redis]==5.4.*->-r services/fees_h10/requirements.txt (line 1)) (1.1.1.2)
2025-08-18T18:11:17.4419767Z Requirement already satisfied: tzdata>=2022.7 in /opt/hostedtoolcache/Python/3.12.11/x64/lib/python3.12/site-packages (from celery==5.4.*->celery[redis]==5.4.*->-r services/fees_h10/requirements.txt (line 1)) (2025.2)
2025-08-18T18:11:17.4424590Z Requirement already satisfied: python-dateutil>=2.8.2 in /opt/hostedtoolcache/Python/3.12.11/x64/lib/python3.12/site-packages (from celery==5.4.*->celery[redis]==5.4.*->-r services/fees_h10/requirements.txt (line 1)) (2.9.0.post0)
2025-08-18T18:11:17.4464150Z Requirement already satisfied: redis!=4.5.5,<6.0.0,>=4.5.2 in /opt/hostedtoolcache/Python/3.12.11/x64/lib/python3.12/site-packages (from celery[redis]==5.4.*->-r services/fees_h10/requirements.txt (line 1)) (5.0.8)
2025-08-18T18:11:17.4485144Z Requirement already satisfied: amqp<6.0.0,>=5.1.1 in /opt/hostedtoolcache/Python/3.12.11/x64/lib/python3.12/site-packages (from kombu<6.0,>=5.3.4->celery==5.4.*->celery[redis]==5.4.*->-r services/fees_h10/requirements.txt (line 1)) (5.3.1)
2025-08-18T18:11:17.4496000Z Requirement already satisfied: packaging in /opt/hostedtoolcache/Python/3.12.11/x64/lib/python3.12/site-packages (from kombu<6.0,>=5.3.4->celery==5.4.*->celery[redis]==5.4.*->-r services/fees_h10/requirements.txt (line 1)) (25.0)
2025-08-18T18:11:17.4580197Z Requirement already satisfied: anyio in /opt/hostedtoolcache/Python/3.12.11/x64/lib/python3.12/site-packages (from httpx->-r services/fees_h10/requirements.txt (line 3)) (4.10.0)
2025-08-18T18:11:17.4583899Z Requirement already satisfied: certifi in /opt/hostedtoolcache/Python/3.12.11/x64/lib/python3.12/site-packages (from httpx->-r services/fees_h10/requirements.txt (line 3)) (2025.8.3)
2025-08-18T18:11:17.4588997Z Requirement already satisfied: httpcore==1.* in /opt/hostedtoolcache/Python/3.12.11/x64/lib/python3.12/site-packages (from httpx->-r services/fees_h10/requirements.txt (line 3)) (1.0.9)
2025-08-18T18:11:17.4592714Z Requirement already satisfied: idna in /opt/hostedtoolcache/Python/3.12.11/x64/lib/python3.12/site-packages (from httpx->-r services/fees_h10/requirements.txt (line 3)) (3.10)
2025-08-18T18:11:17.4596235Z Requirement already satisfied: sniffio in /opt/hostedtoolcache/Python/3.12.11/x64/lib/python3.12/site-packages (from httpx->-r services/fees_h10/requirements.txt (line 3)) (1.3.1)
2025-08-18T18:11:17.4620583Z Requirement already satisfied: h11>=0.16 in /opt/hostedtoolcache/Python/3.12.11/x64/lib/python3.12/site-packages (from httpcore==1.*->httpx->-r services/fees_h10/requirements.txt (line 3)) (0.16.0)
2025-08-18T18:11:17.4638953Z Requirement already satisfied: typing-extensions>=4.6.0 in /opt/hostedtoolcache/Python/3.12.11/x64/lib/python3.12/site-packages (from sqlalchemy->-r services/fees_h10/requirements.txt (line 4)) (4.14.1)
2025-08-18T18:11:17.4652738Z Requirement already satisfied: greenlet!=0.4.17 in /opt/hostedtoolcache/Python/3.12.11/x64/lib/python3.12/site-packages (from sqlalchemy->-r services/fees_h10/requirements.txt (line 4)) (3.2.4)
2025-08-18T18:11:17.4723220Z Requirement already satisfied: prompt-toolkit>=3.0.36 in /opt/hostedtoolcache/Python/3.12.11/x64/lib/python3.12/site-packages (from click-repl>=0.2.0->celery==5.4.*->celery[redis]==5.4.*->-r services/fees_h10/requirements.txt (line 1)) (3.0.51)
2025-08-18T18:11:17.4759317Z Requirement already satisfied: wcwidth in /opt/hostedtoolcache/Python/3.12.11/x64/lib/python3.12/site-packages (from prompt-toolkit>=3.0.36->click-repl>=0.2.0->celery==5.4.*->celery[redis]==5.4.*->-r services/fees_h10/requirements.txt (line 1)) (0.2.13)
2025-08-18T18:11:17.4773035Z Requirement already satisfied: six>=1.5 in /opt/hostedtoolcache/Python/3.12.11/x64/lib/python3.12/site-packages (from python-dateutil>=2.8.2->celery==5.4.*->celery[redis]==5.4.*->-r services/fees_h10/requirements.txt (line 1)) (1.17.0)
2025-08-18T18:11:17.4887122Z Using cached celery-5.4.0-py3-none-any.whl (425 kB)
2025-08-18T18:11:17.6330041Z Installing collected packages: celery
2025-08-18T18:11:17.6331232Z   Attempting uninstall: celery
2025-08-18T18:11:17.6375535Z     Found existing installation: celery 5.3.6
2025-08-18T18:11:17.6522954Z     Uninstalling celery-5.3.6:
2025-08-18T18:11:17.6550668Z       Successfully uninstalled celery-5.3.6
2025-08-18T18:11:17.9814342Z Successfully installed celery-5.4.0
2025-08-18T18:11:18.9318977Z Collecting python-telegram-bot==20.8 (from -r services/alert_bot/requirements.txt (line 1))
2025-08-18T18:11:18.9332159Z   Using cached python_telegram_bot-20.8-py3-none-any.whl.metadata (15 kB)
2025-08-18T18:11:18.9532172Z Collecting APScheduler==3.10.4 (from -r services/alert_bot/requirements.txt (line 2))
2025-08-18T18:11:18.9544157Z   Using cached APScheduler-3.10.4-py3-none-any.whl.metadata (5.7 kB)
2025-08-18T18:11:18.9588436Z Requirement already satisfied: asyncpg in /opt/hostedtoolcache/Python/3.12.11/x64/lib/python3.12/site-packages (from -r services/alert_bot/requirements.txt (line 3)) (0.29.0)
2025-08-18T18:11:18.9758752Z Collecting httpx~=0.26.0 (from python-telegram-bot==20.8->-r services/alert_bot/requirements.txt (line 1))
2025-08-18T18:11:18.9770531Z   Using cached httpx-0.26.0-py3-none-any.whl.metadata (7.6 kB)
2025-08-18T18:11:18.9810319Z Requirement already satisfied: six>=1.4.0 in /opt/hostedtoolcache/Python/3.12.11/x64/lib/python3.12/site-packages (from APScheduler==3.10.4->-r services/alert_bot/requirements.txt (line 2)) (1.17.0)
2025-08-18T18:11:18.9814644Z Requirement already satisfied: pytz in /opt/hostedtoolcache/Python/3.12.11/x64/lib/python3.12/site-packages (from APScheduler==3.10.4->-r services/alert_bot/requirements.txt (line 2)) (2025.2)
2025-08-18T18:11:18.9950439Z Collecting tzlocal!=3.*,>=2.0 (from APScheduler==3.10.4->-r services/alert_bot/requirements.txt (line 2))
2025-08-18T18:11:18.9961877Z   Using cached tzlocal-5.3.1-py3-none-any.whl.metadata (7.6 kB)
2025-08-18T18:11:18.9993241Z Requirement already satisfied: anyio in /opt/hostedtoolcache/Python/3.12.11/x64/lib/python3.12/site-packages (from httpx~=0.26.0->python-telegram-bot==20.8->-r services/alert_bot/requirements.txt (line 1)) (4.10.0)
2025-08-18T18:11:18.9997673Z Requirement already satisfied: certifi in /opt/hostedtoolcache/Python/3.12.11/x64/lib/python3.12/site-packages (from httpx~=0.26.0->python-telegram-bot==20.8->-r services/alert_bot/requirements.txt (line 1)) (2025.8.3)
2025-08-18T18:11:19.0003176Z Requirement already satisfied: httpcore==1.* in /opt/hostedtoolcache/Python/3.12.11/x64/lib/python3.12/site-packages (from httpx~=0.26.0->python-telegram-bot==20.8->-r services/alert_bot/requirements.txt (line 1)) (1.0.9)
2025-08-18T18:11:19.0007339Z Requirement already satisfied: idna in /opt/hostedtoolcache/Python/3.12.11/x64/lib/python3.12/site-packages (from httpx~=0.26.0->python-telegram-bot==20.8->-r services/alert_bot/requirements.txt (line 1)) (3.10)
2025-08-18T18:11:19.0012113Z Requirement already satisfied: sniffio in /opt/hostedtoolcache/Python/3.12.11/x64/lib/python3.12/site-packages (from httpx~=0.26.0->python-telegram-bot==20.8->-r services/alert_bot/requirements.txt (line 1)) (1.3.1)
2025-08-18T18:11:19.0027946Z Requirement already satisfied: h11>=0.16 in /opt/hostedtoolcache/Python/3.12.11/x64/lib/python3.12/site-packages (from httpcore==1.*->httpx~=0.26.0->python-telegram-bot==20.8->-r services/alert_bot/requirements.txt (line 1)) (0.16.0)
2025-08-18T18:11:19.0078071Z Requirement already satisfied: typing_extensions>=4.5 in /opt/hostedtoolcache/Python/3.12.11/x64/lib/python3.12/site-packages (from anyio->httpx~=0.26.0->python-telegram-bot==20.8->-r services/alert_bot/requirements.txt (line 1)) (4.14.1)
2025-08-18T18:11:19.0129145Z Using cached python_telegram_bot-20.8-py3-none-any.whl (604 kB)
2025-08-18T18:11:19.0145627Z Using cached APScheduler-3.10.4-py3-none-any.whl (59 kB)
2025-08-18T18:11:19.0156737Z Using cached httpx-0.26.0-py3-none-any.whl (75 kB)
2025-08-18T18:11:19.0168298Z Using cached tzlocal-5.3.1-py3-none-any.whl (18 kB)
2025-08-18T18:11:19.1537056Z Installing collected packages: tzlocal, httpx, APScheduler, python-telegram-bot
2025-08-18T18:11:19.1661161Z   Attempting uninstall: httpx
2025-08-18T18:11:19.1692322Z     Found existing installation: httpx 0.27.2
2025-08-18T18:11:19.1730262Z     Uninstalling httpx-0.27.2:
2025-08-18T18:11:19.1743384Z       Successfully uninstalled httpx-0.27.2
2025-08-18T18:11:19.5939268Z 
2025-08-18T18:11:19.6021201Z Successfully installed APScheduler-3.10.4 httpx-0.26.0 python-telegram-bot-20.8 tzlocal-5.3.1
2025-08-18T18:11:20.5460042Z Collecting Jinja2==3.1.6 (from -r requirements-dev.txt (line 2))
2025-08-18T18:11:20.5472526Z   Using cached jinja2-3.1.6-py3-none-any.whl.metadata (2.9 kB)
2025-08-18T18:11:20.5493503Z Requirement already satisfied: alembic==1.13.1 in /opt/hostedtoolcache/Python/3.12.11/x64/lib/python3.12/site-packages (from -r requirements-dev.txt (line 3)) (1.13.1)
2025-08-18T18:11:20.5498150Z Requirement already satisfied: apscheduler==3.10.4 in /opt/hostedtoolcache/Python/3.12.11/x64/lib/python3.12/site-packages (from -r requirements-dev.txt (line 4)) (3.10.4)
2025-08-18T18:11:20.5502444Z Requirement already satisfied: asgi-correlation-id==4.3.1 in /opt/hostedtoolcache/Python/3.12.11/x64/lib/python3.12/site-packages (from -r requirements-dev.txt (line 5)) (4.3.1)
2025-08-18T18:11:20.5866665Z Collecting asyncpg==0.30.0 (from -r requirements-dev.txt (line 6))
2025-08-18T18:11:20.5878100Z   Using cached asyncpg-0.30.0-cp312-cp312-manylinux_2_17_x86_64.manylinux2014_x86_64.whl.metadata (5.0 kB)
2025-08-18T18:11:20.6314227Z Collecting black==25.1.0 (from -r requirements-dev.txt (line 7))
2025-08-18T18:11:20.6325620Z   Using cached black-25.1.0-cp312-cp312-manylinux_2_17_x86_64.manylinux2014_x86_64.manylinux_2_28_x86_64.whl.metadata (81 kB)
2025-08-18T18:11:20.6405445Z Requirement already satisfied: boto3 in /opt/hostedtoolcache/Python/3.12.11/x64/lib/python3.12/site-packages (from -r requirements-dev.txt (line 8)) (1.34.162)
2025-08-18T18:11:20.6410114Z Requirement already satisfied: redis==5.* in /opt/hostedtoolcache/Python/3.12.11/x64/lib/python3.12/site-packages (from -r requirements-dev.txt (line 9)) (5.0.8)
2025-08-18T18:11:20.6414434Z Requirement already satisfied: minio==7.* in /opt/hostedtoolcache/Python/3.12.11/x64/lib/python3.12/site-packages (from -r requirements-dev.txt (line 10)) (7.1.15)
2025-08-18T18:11:20.6418579Z Requirement already satisfied: celery==5.4.0 in /opt/hostedtoolcache/Python/3.12.11/x64/lib/python3.12/site-packages (from -r requirements-dev.txt (line 11)) (5.4.0)
2025-08-18T18:11:20.6902477Z Collecting fastapi==0.116.1 (from -r requirements-dev.txt (line 12))
2025-08-18T18:11:20.6914662Z   Using cached fastapi-0.116.1-py3-none-any.whl.metadata (28 kB)
2025-08-18T18:11:20.6984595Z Requirement already satisfied: fastapi-limiter==0.1.6 in /opt/hostedtoolcache/Python/3.12.11/x64/lib/python3.12/site-packages (from -r requirements-dev.txt (line 14)) (0.1.6)
2025-08-18T18:11:20.7146670Z Collecting httpx<0.29,>=0.27 (from -r requirements-dev.txt (line 15))
2025-08-18T18:11:20.7158429Z   Using cached httpx-0.28.1-py3-none-any.whl.metadata (7.1 kB)
2025-08-18T18:11:20.7279772Z Collecting imapclient==3.0.1 (from -r requirements-dev.txt (line 16))
2025-08-18T18:11:20.7291129Z   Using cached IMAPClient-3.0.1-py2.py3-none-any.whl.metadata (1.7 kB)
2025-08-18T18:11:20.7387004Z Collecting itsdangerous (from -r requirements-dev.txt (line 17))
2025-08-18T18:11:20.7398547Z   Using cached itsdangerous-2.2.0-py3-none-any.whl.metadata (1.9 kB)
2025-08-18T18:11:20.8376474Z Collecting mypy==1.* (from -r requirements-dev.txt (line 18))
2025-08-18T18:11:20.8389140Z   Using cached mypy-1.17.1-cp312-cp312-manylinux2014_x86_64.manylinux_2_17_x86_64.manylinux_2_28_x86_64.whl.metadata (2.2 kB)
2025-08-18T18:11:20.8417157Z Requirement already satisfied: mypy-extensions==1.1.0 in /opt/hostedtoolcache/Python/3.12.11/x64/lib/python3.12/site-packages (from -r requirements-dev.txt (line 19)) (1.1.0)
2025-08-18T18:11:20.8421789Z Requirement already satisfied: numpy<2 in /opt/hostedtoolcache/Python/3.12.11/x64/lib/python3.12/site-packages (from -r requirements-dev.txt (line 20)) (1.26.4)
2025-08-18T18:11:20.8426794Z Requirement already satisfied: openpyxl==3.1.5 in /opt/hostedtoolcache/Python/3.12.11/x64/lib/python3.12/site-packages (from -r requirements-dev.txt (line 21)) (3.1.5)
2025-08-18T18:11:20.8431687Z Requirement already satisfied: pandas==2.2.* in /opt/hostedtoolcache/Python/3.12.11/x64/lib/python3.12/site-packages (from -r requirements-dev.txt (line 22)) (2.2.3)
2025-08-18T18:11:20.9008592Z Collecting psycopg2-binary==2.9.9 (from -r requirements-dev.txt (line 23))
2025-08-18T18:11:20.9020022Z   Using cached psycopg2_binary-2.9.9-cp312-cp312-manylinux_2_17_x86_64.manylinux2014_x86_64.whl.metadata (4.4 kB)
2025-08-18T18:11:20.9039095Z Requirement already satisfied: psycopg==3.2.9 in /opt/hostedtoolcache/Python/3.12.11/x64/lib/python3.12/site-packages (from psycopg[binary]==3.2.9->-r requirements-dev.txt (line 24)) (3.2.9)
2025-08-18T18:11:20.9042905Z Requirement already satisfied: pydantic==2.11.7 in /opt/hostedtoolcache/Python/3.12.11/x64/lib/python3.12/site-packages (from -r requirements-dev.txt (line 25)) (2.11.7)
2025-08-18T18:11:21.0192782Z Collecting setuptools (from -r requirements-dev.txt (line 26))
2025-08-18T18:11:21.0204336Z   Using cached setuptools-80.9.0-py3-none-any.whl.metadata (6.6 kB)
2025-08-18T18:11:21.0457618Z Collecting pytest-asyncio==0.23.6 (from -r requirements-dev.txt (line 27))
2025-08-18T18:11:21.0468357Z   Using cached pytest_asyncio-0.23.6-py3-none-any.whl.metadata (3.9 kB)
2025-08-18T18:11:21.0605489Z Collecting pytest-cov==6.2.1 (from -r requirements-dev.txt (line 28))
2025-08-18T18:11:21.0616692Z   Using cached pytest_cov-6.2.1-py3-none-any.whl.metadata (30 kB)
2025-08-18T18:11:21.0789861Z Collecting pytest-postgresql==7.0.2 (from -r requirements-dev.txt (line 29))
2025-08-18T18:11:21.0800523Z   Using cached pytest_postgresql-7.0.2-py3-none-any.whl.metadata (18 kB)
2025-08-18T18:11:21.0830368Z Requirement already satisfied: python-dotenv in /opt/hostedtoolcache/Python/3.12.11/x64/lib/python3.12/site-packages (from -r requirements-dev.txt (line 30)) (1.1.1)
2025-08-18T18:11:21.0833805Z Requirement already satisfied: python-multipart in /opt/hostedtoolcache/Python/3.12.11/x64/lib/python3.12/site-packages (from -r requirements-dev.txt (line 31)) (0.0.20)
2025-08-18T18:11:21.1111560Z Collecting python-telegram-bot==22.2 (from -r requirements-dev.txt (line 32))
2025-08-18T18:11:21.1122313Z   Using cached python_telegram_bot-22.2-py3-none-any.whl.metadata (17 kB)
2025-08-18T18:11:21.1183754Z Requirement already satisfied: requests==2.32.4 in /opt/hostedtoolcache/Python/3.12.11/x64/lib/python3.12/site-packages (from -r requirements-dev.txt (line 33)) (2.32.4)
2025-08-18T18:11:21.1338648Z Collecting respx==0.22.0 (from -r requirements-dev.txt (line 34))
2025-08-18T18:11:21.1349814Z   Using cached respx-0.22.0-py2.py3-none-any.whl.metadata (4.1 kB)
2025-08-18T18:11:21.4752678Z Collecting ruff==0.4.4 (from -r requirements-dev.txt (line 35))
2025-08-18T18:11:21.4766129Z   Using cached ruff-0.4.4-py3-none-manylinux_2_17_x86_64.manylinux2014_x86_64.whl.metadata (23 kB)
2025-08-18T18:11:21.4798297Z Requirement already satisfied: sqlalchemy==2.0.29 in /opt/hostedtoolcache/Python/3.12.11/x64/lib/python3.12/site-packages (from -r requirements-dev.txt (line 36)) (2.0.29)
2025-08-18T18:11:21.4802054Z Requirement already satisfied: structlog==24.1.0 in /opt/hostedtoolcache/Python/3.12.11/x64/lib/python3.12/site-packages (from -r requirements-dev.txt (line 37)) (24.1.0)
2025-08-18T18:11:21.4939000Z Collecting testcontainers==4.10.0 (from testcontainers[postgres]==4.10.0->-r requirements-dev.txt (line 38))
2025-08-18T18:11:21.4950504Z   Using cached testcontainers-4.10.0-py3-none-any.whl.metadata (7.8 kB)
2025-08-18T18:11:21.5319475Z Collecting types-requests==2.32.0.20240602 (from -r requirements-dev.txt (line 39))
2025-08-18T18:11:21.5330947Z   Using cached types_requests-2.32.0.20240602-py3-none-any.whl.metadata (1.8 kB)
2025-08-18T18:11:21.5639234Z Collecting docspec-python==2.2.2 (from -r requirements-dev.txt (line 40))
2025-08-18T18:11:21.5650296Z   Using cached docspec_python-2.2.2-py3-none-any.whl.metadata (1.0 kB)
2025-08-18T18:11:21.6007965Z Collecting pydoc-markdown==4.8.2 (from -r requirements-dev.txt (line 41))
2025-08-18T18:11:21.6019321Z   Using cached pydoc_markdown-4.8.2-py3-none-any.whl.metadata (5.9 kB)
2025-08-18T18:11:21.6051319Z Requirement already satisfied: pandera==0.19.* in /opt/hostedtoolcache/Python/3.12.11/x64/lib/python3.12/site-packages (from -r requirements-dev.txt (line 42)) (0.19.3)
2025-08-18T18:11:21.6068097Z Requirement already satisfied: MarkupSafe>=2.0 in /opt/hostedtoolcache/Python/3.12.11/x64/lib/python3.12/site-packages (from Jinja2==3.1.6->-r requirements-dev.txt (line 2)) (3.0.2)
2025-08-18T18:11:21.6083889Z Requirement already satisfied: Mako in /opt/hostedtoolcache/Python/3.12.11/x64/lib/python3.12/site-packages (from alembic==1.13.1->-r requirements-dev.txt (line 3)) (1.3.10)
2025-08-18T18:11:21.6089641Z Requirement already satisfied: typing-extensions>=4 in /opt/hostedtoolcache/Python/3.12.11/x64/lib/python3.12/site-packages (from alembic==1.13.1->-r requirements-dev.txt (line 3)) (4.14.1)
2025-08-18T18:11:21.6106795Z Requirement already satisfied: six>=1.4.0 in /opt/hostedtoolcache/Python/3.12.11/x64/lib/python3.12/site-packages (from apscheduler==3.10.4->-r requirements-dev.txt (line 4)) (1.17.0)
2025-08-18T18:11:21.6110508Z Requirement already satisfied: pytz in /opt/hostedtoolcache/Python/3.12.11/x64/lib/python3.12/site-packages (from apscheduler==3.10.4->-r requirements-dev.txt (line 4)) (2025.2)
2025-08-18T18:11:21.6116897Z Requirement already satisfied: tzlocal!=3.*,>=2.0 in /opt/hostedtoolcache/Python/3.12.11/x64/lib/python3.12/site-packages (from apscheduler==3.10.4->-r requirements-dev.txt (line 4)) (5.3.1)
2025-08-18T18:11:21.6148715Z Requirement already satisfied: starlette>=0.18 in /opt/hostedtoolcache/Python/3.12.11/x64/lib/python3.12/site-packages (from asgi-correlation-id==4.3.1->-r requirements-dev.txt (line 5)) (0.37.2)
2025-08-18T18:11:21.6168758Z Requirement already satisfied: click>=8.0.0 in /opt/hostedtoolcache/Python/3.12.11/x64/lib/python3.12/site-packages (from black==25.1.0->-r requirements-dev.txt (line 7)) (8.2.1)
2025-08-18T18:11:21.6173704Z Requirement already satisfied: packaging>=22.0 in /opt/hostedtoolcache/Python/3.12.11/x64/lib/python3.12/site-packages (from black==25.1.0->-r requirements-dev.txt (line 7)) (25.0)
2025-08-18T18:11:21.6270897Z Collecting pathspec>=0.9.0 (from black==25.1.0->-r requirements-dev.txt (line 7))
2025-08-18T18:11:21.6282316Z   Using cached pathspec-0.12.1-py3-none-any.whl.metadata (21 kB)
2025-08-18T18:11:21.6460914Z Collecting platformdirs>=2 (from black==25.1.0->-r requirements-dev.txt (line 7))
2025-08-18T18:11:21.6471988Z   Using cached platformdirs-4.3.8-py3-none-any.whl.metadata (12 kB)
2025-08-18T18:11:21.6523370Z Requirement already satisfied: billiard<5.0,>=4.2.0 in /opt/hostedtoolcache/Python/3.12.11/x64/lib/python3.12/site-packages (from celery==5.4.0->-r requirements-dev.txt (line 11)) (4.2.1)
2025-08-18T18:11:21.6530308Z Requirement already satisfied: kombu<6.0,>=5.3.4 in /opt/hostedtoolcache/Python/3.12.11/x64/lib/python3.12/site-packages (from celery==5.4.0->-r requirements-dev.txt (line 11)) (5.5.4)
2025-08-18T18:11:21.6536389Z Requirement already satisfied: vine<6.0,>=5.1.0 in /opt/hostedtoolcache/Python/3.12.11/x64/lib/python3.12/site-packages (from celery==5.4.0->-r requirements-dev.txt (line 11)) (5.1.0)
2025-08-18T18:11:21.6545119Z Requirement already satisfied: click-didyoumean>=0.3.0 in /opt/hostedtoolcache/Python/3.12.11/x64/lib/python3.12/site-packages (from celery==5.4.0->-r requirements-dev.txt (line 11)) (0.3.1)
2025-08-18T18:11:21.6550873Z Requirement already satisfied: click-repl>=0.2.0 in /opt/hostedtoolcache/Python/3.12.11/x64/lib/python3.12/site-packages (from celery==5.4.0->-r requirements-dev.txt (line 11)) (0.3.0)
2025-08-18T18:11:21.6556584Z Requirement already satisfied: click-plugins>=1.1.1 in /opt/hostedtoolcache/Python/3.12.11/x64/lib/python3.12/site-packages (from celery==5.4.0->-r requirements-dev.txt (line 11)) (1.1.1.2)
2025-08-18T18:11:21.6562248Z Requirement already satisfied: tzdata>=2022.7 in /opt/hostedtoolcache/Python/3.12.11/x64/lib/python3.12/site-packages (from celery==5.4.0->-r requirements-dev.txt (line 11)) (2025.2)
2025-08-18T18:11:21.6568923Z Requirement already satisfied: python-dateutil>=2.8.2 in /opt/hostedtoolcache/Python/3.12.11/x64/lib/python3.12/site-packages (from celery==5.4.0->-r requirements-dev.txt (line 11)) (2.9.0.post0)
2025-08-18T18:11:21.6910995Z Collecting starlette>=0.18 (from asgi-correlation-id==4.3.1->-r requirements-dev.txt (line 5))
2025-08-18T18:11:21.6922536Z   Using cached starlette-0.47.2-py3-none-any.whl.metadata (6.2 kB)
2025-08-18T18:11:21.6968474Z Requirement already satisfied: annotated-types>=0.6.0 in /opt/hostedtoolcache/Python/3.12.11/x64/lib/python3.12/site-packages (from pydantic==2.11.7->-r requirements-dev.txt (line 25)) (0.7.0)
2025-08-18T18:11:21.6974240Z Requirement already satisfied: pydantic-core==2.33.2 in /opt/hostedtoolcache/Python/3.12.11/x64/lib/python3.12/site-packages (from pydantic==2.11.7->-r requirements-dev.txt (line 25)) (2.33.2)
2025-08-18T18:11:21.6982381Z Requirement already satisfied: typing-inspection>=0.4.0 in /opt/hostedtoolcache/Python/3.12.11/x64/lib/python3.12/site-packages (from pydantic==2.11.7->-r requirements-dev.txt (line 25)) (0.4.1)
2025-08-18T18:11:21.7031563Z Requirement already satisfied: et-xmlfile in /opt/hostedtoolcache/Python/3.12.11/x64/lib/python3.12/site-packages (from openpyxl==3.1.5->-r requirements-dev.txt (line 21)) (2.0.0)
2025-08-18T18:11:21.7411190Z Collecting pytest<9,>=7.0.0 (from pytest-asyncio==0.23.6->-r requirements-dev.txt (line 27))
2025-08-18T18:11:21.7422825Z   Using cached pytest-8.4.1-py3-none-any.whl.metadata (7.7 kB)
2025-08-18T18:11:22.0534722Z Collecting coverage>=7.5 (from coverage[toml]>=7.5->pytest-cov==6.2.1->-r requirements-dev.txt (line 28))
2025-08-18T18:11:22.0549047Z   Using cached coverage-7.10.4-cp312-cp312-manylinux1_x86_64.manylinux_2_28_x86_64.manylinux_2_5_x86_64.whl.metadata (8.9 kB)
2025-08-18T18:11:22.0672476Z Collecting pluggy>=1.2 (from pytest-cov==6.2.1->-r requirements-dev.txt (line 28))
2025-08-18T18:11:22.0684104Z   Using cached pluggy-1.6.0-py3-none-any.whl.metadata (4.8 kB)
2025-08-18T18:11:22.0936417Z Collecting port-for>=0.7.3 (from pytest-postgresql==7.0.2->-r requirements-dev.txt (line 29))
2025-08-18T18:11:22.0947681Z   Using cached port_for-0.7.4-py3-none-any.whl.metadata (7.1 kB)
2025-08-18T18:11:22.1086735Z Collecting mirakuru>=2.6.0 (from pytest-postgresql==7.0.2->-r requirements-dev.txt (line 29))
2025-08-18T18:11:22.1098142Z   Using cached mirakuru-2.6.1-py3-none-any.whl.metadata (10 kB)
2025-08-18T18:11:22.1151003Z Requirement already satisfied: charset_normalizer<4,>=2 in /opt/hostedtoolcache/Python/3.12.11/x64/lib/python3.12/site-packages (from requests==2.32.4->-r requirements-dev.txt (line 33)) (3.4.3)
2025-08-18T18:11:22.1157006Z Requirement already satisfied: idna<4,>=2.5 in /opt/hostedtoolcache/Python/3.12.11/x64/lib/python3.12/site-packages (from requests==2.32.4->-r requirements-dev.txt (line 33)) (3.10)
2025-08-18T18:11:22.1163384Z Requirement already satisfied: urllib3<3,>=1.21.1 in /opt/hostedtoolcache/Python/3.12.11/x64/lib/python3.12/site-packages (from requests==2.32.4->-r requirements-dev.txt (line 33)) (2.5.0)
2025-08-18T18:11:22.1168725Z Requirement already satisfied: certifi>=2017.4.17 in /opt/hostedtoolcache/Python/3.12.11/x64/lib/python3.12/site-packages (from requests==2.32.4->-r requirements-dev.txt (line 33)) (2025.8.3)
2025-08-18T18:11:22.1263222Z Requirement already satisfied: greenlet!=0.4.17 in /opt/hostedtoolcache/Python/3.12.11/x64/lib/python3.12/site-packages (from sqlalchemy==2.0.29->-r requirements-dev.txt (line 36)) (3.2.4)
2025-08-18T18:11:22.1518394Z Collecting docker (from testcontainers==4.10.0->testcontainers[postgres]==4.10.0->-r requirements-dev.txt (line 38))
2025-08-18T18:11:22.1529957Z   Using cached docker-7.1.0-py3-none-any.whl.metadata (3.8 kB)
2025-08-18T18:11:22.1569201Z Requirement already satisfied: wrapt in /opt/hostedtoolcache/Python/3.12.11/x64/lib/python3.12/site-packages (from testcontainers==4.10.0->testcontainers[postgres]==4.10.0->-r requirements-dev.txt (line 38)) (1.17.3)
2025-08-18T18:11:22.1914035Z Collecting docspec==2.2.1 (from docspec-python==2.2.2->-r requirements-dev.txt (line 40))
2025-08-18T18:11:22.1926230Z   Using cached docspec-2.2.1-py3-none-any.whl.metadata (1.5 kB)
2025-08-18T18:11:22.2295520Z Collecting nr-util>=0.8.12 (from docspec-python==2.2.2->-r requirements-dev.txt (line 40))
2025-08-18T18:11:22.2306628Z   Using cached nr.util-0.8.12-py3-none-any.whl.metadata (813 bytes)
2025-08-18T18:11:22.2337408Z Requirement already satisfied: PyYAML<7.0,>=5.0 in /opt/hostedtoolcache/Python/3.12.11/x64/lib/python3.12/site-packages (from pydoc-markdown==4.8.2->-r requirements-dev.txt (line 41)) (6.0.2)
2025-08-18T18:11:22.2813139Z Collecting databind.core<5.0.0,>=4.4.0 (from pydoc-markdown==4.8.2->-r requirements-dev.txt (line 41))
2025-08-18T18:11:22.2824848Z   Using cached databind.core-4.5.2-py3-none-any.whl.metadata (1.1 kB)
2025-08-18T18:11:22.3233779Z Collecting databind.json<5.0.0,>=4.4.0 (from pydoc-markdown==4.8.2->-r requirements-dev.txt (line 41))
2025-08-18T18:11:22.3245335Z   Using cached databind.json-4.5.2-py3-none-any.whl.metadata (1.1 kB)
2025-08-18T18:11:22.3388113Z Collecting docstring-parser<0.12,>=0.11 (from pydoc-markdown==4.8.2->-r requirements-dev.txt (line 41))
2025-08-18T18:11:22.3389300Z   Using cached docstring_parser-0.11-py3-none-any.whl
2025-08-18T18:11:22.3614842Z Collecting tomli<3.0.0,>=2.0.0 (from pydoc-markdown==4.8.2->-r requirements-dev.txt (line 41))
2025-08-18T18:11:22.3626788Z   Using cached tomli-2.2.1-cp312-cp312-manylinux_2_17_x86_64.manylinux2014_x86_64.whl.metadata (11 kB)
2025-08-18T18:11:22.3785792Z Collecting tomli_w<2.0.0,>=1.0.0 (from pydoc-markdown==4.8.2->-r requirements-dev.txt (line 41))
2025-08-18T18:11:22.3797325Z   Using cached tomli_w-1.2.0-py3-none-any.whl.metadata (5.7 kB)
2025-08-18T18:11:22.4606903Z Collecting watchdog (from pydoc-markdown==4.8.2->-r requirements-dev.txt (line 41))
2025-08-18T18:11:22.4620153Z   Using cached watchdog-6.0.0-py3-none-manylinux2014_x86_64.whl.metadata (44 kB)
2025-08-18T18:11:22.4931578Z Collecting yapf>=0.30.0 (from pydoc-markdown==4.8.2->-r requirements-dev.txt (line 41))
2025-08-18T18:11:22.4943144Z   Using cached yapf-0.43.0-py3-none-any.whl.metadata (46 kB)
2025-08-18T18:11:22.5130644Z Collecting Deprecated<2.0.0,>=1.2.12 (from docspec==2.2.1->docspec-python==2.2.2->-r requirements-dev.txt (line 40))
2025-08-18T18:11:22.5141633Z   Using cached Deprecated-1.2.18-py2.py3-none-any.whl.metadata (5.7 kB)
2025-08-18T18:11:22.5279481Z Requirement already satisfied: psycopg-binary==3.2.9 in /opt/hostedtoolcache/Python/3.12.11/x64/lib/python3.12/site-packages (from psycopg[binary]==3.2.9->-r requirements-dev.txt (line 24)) (3.2.9)
2025-08-18T18:11:22.5385051Z Requirement already satisfied: anyio in /opt/hostedtoolcache/Python/3.12.11/x64/lib/python3.12/site-packages (from httpx<0.29,>=0.27->-r requirements-dev.txt (line 15)) (4.10.0)
2025-08-18T18:11:22.5390832Z Requirement already satisfied: httpcore==1.* in /opt/hostedtoolcache/Python/3.12.11/x64/lib/python3.12/site-packages (from httpx<0.29,>=0.27->-r requirements-dev.txt (line 15)) (1.0.9)
2025-08-18T18:11:22.5609956Z Requirement already satisfied: multimethod<=1.10.0 in /opt/hostedtoolcache/Python/3.12.11/x64/lib/python3.12/site-packages (from pandera==0.19.*->-r requirements-dev.txt (line 42)) (1.10)
2025-08-18T18:11:22.5623450Z Requirement already satisfied: typeguard in /opt/hostedtoolcache/Python/3.12.11/x64/lib/python3.12/site-packages (from pandera==0.19.*->-r requirements-dev.txt (line 42)) (4.4.4)
2025-08-18T18:11:22.5629311Z Requirement already satisfied: typing-inspect>=0.6.0 in /opt/hostedtoolcache/Python/3.12.11/x64/lib/python3.12/site-packages (from pandera==0.19.*->-r requirements-dev.txt (line 42)) (0.9.0)
2025-08-18T18:11:22.5880304Z Collecting databind<5.0.0,>=4.5.2 (from databind.core<5.0.0,>=4.4.0->pydoc-markdown==4.8.2->-r requirements-dev.txt (line 41))
2025-08-18T18:11:22.5890988Z   Using cached databind-4.5.2-py3-none-any.whl.metadata (4.3 kB)
2025-08-18T18:11:22.6020767Z Collecting nr-date<3.0.0,>=2.0.0 (from databind<5.0.0,>=4.5.2->databind.core<5.0.0,>=4.4.0->pydoc-markdown==4.8.2->-r requirements-dev.txt (line 41))
2025-08-18T18:11:22.6031591Z   Using cached nr_date-2.1.0-py3-none-any.whl.metadata (746 bytes)
2025-08-18T18:11:22.6146971Z Collecting nr-stream<2.0.0,>=1.0.0 (from databind<5.0.0,>=4.5.2->databind.core<5.0.0,>=4.4.0->pydoc-markdown==4.8.2->-r requirements-dev.txt (line 41))
2025-08-18T18:11:22.6158669Z   Using cached nr_stream-1.1.5-py3-none-any.whl.metadata (3.6 kB)
2025-08-18T18:11:22.6315144Z Collecting typeapi<3,>=2.0.1 (from databind<5.0.0,>=4.5.2->databind.core<5.0.0,>=4.4.0->pydoc-markdown==4.8.2->-r requirements-dev.txt (line 41))
2025-08-18T18:11:22.6326044Z   Using cached typeapi-2.2.4-py3-none-any.whl.metadata (1.5 kB)
2025-08-18T18:11:22.6422020Z Requirement already satisfied: h11>=0.16 in /opt/hostedtoolcache/Python/3.12.11/x64/lib/python3.12/site-packages (from httpcore==1.*->httpx<0.29,>=0.27->-r requirements-dev.txt (line 15)) (0.16.0)
2025-08-18T18:11:22.6464291Z Requirement already satisfied: amqp<6.0.0,>=5.1.1 in /opt/hostedtoolcache/Python/3.12.11/x64/lib/python3.12/site-packages (from kombu<6.0,>=5.3.4->celery==5.4.0->-r requirements-dev.txt (line 11)) (5.3.1)
2025-08-18T18:11:22.6728513Z Collecting iniconfig>=1 (from pytest<9,>=7.0.0->pytest-asyncio==0.23.6->-r requirements-dev.txt (line 27))
2025-08-18T18:11:22.6739984Z   Using cached iniconfig-2.1.0-py3-none-any.whl.metadata (2.7 kB)
2025-08-18T18:11:22.6775236Z Requirement already satisfied: pygments>=2.7.2 in /opt/hostedtoolcache/Python/3.12.11/x64/lib/python3.12/site-packages (from pytest<9,>=7.0.0->pytest-asyncio==0.23.6->-r requirements-dev.txt (line 27)) (2.19.2)
2025-08-18T18:11:22.6859545Z Requirement already satisfied: sniffio>=1.1 in /opt/hostedtoolcache/Python/3.12.11/x64/lib/python3.12/site-packages (from anyio->httpx<0.29,>=0.27->-r requirements-dev.txt (line 15)) (1.3.1)
2025-08-18T18:11:22.7006808Z Requirement already satisfied: botocore<1.35.0,>=1.34.162 in /opt/hostedtoolcache/Python/3.12.11/x64/lib/python3.12/site-packages (from boto3->-r requirements-dev.txt (line 8)) (1.34.162)
2025-08-18T18:11:22.7013201Z Requirement already satisfied: jmespath<2.0.0,>=0.7.1 in /opt/hostedtoolcache/Python/3.12.11/x64/lib/python3.12/site-packages (from boto3->-r requirements-dev.txt (line 8)) (1.0.1)
2025-08-18T18:11:22.7019923Z Requirement already satisfied: s3transfer<0.11.0,>=0.10.0 in /opt/hostedtoolcache/Python/3.12.11/x64/lib/python3.12/site-packages (from boto3->-r requirements-dev.txt (line 8)) (0.10.4)
2025-08-18T18:11:22.7139542Z Requirement already satisfied: fastapi-cli>=0.0.8 in /opt/hostedtoolcache/Python/3.12.11/x64/lib/python3.12/site-packages (from fastapi-cli[standard]>=0.0.8; extra == "all"->fastapi[all]->-r requirements-dev.txt (line 13)) (0.0.8)
2025-08-18T18:11:22.7241609Z Requirement already satisfied: ujson!=4.0.2,!=4.1.0,!=4.2.0,!=4.3.0,!=5.0.0,!=5.1.0,>=4.0.1 in /opt/hostedtoolcache/Python/3.12.11/x64/lib/python3.12/site-packages (from fastapi[all]->-r requirements-dev.txt (line 13)) (5.10.0)
2025-08-18T18:11:22.7247395Z Requirement already satisfied: orjson>=3.2.1 in /opt/hostedtoolcache/Python/3.12.11/x64/lib/python3.12/site-packages (from fastapi[all]->-r requirements-dev.txt (line 13)) (3.11.2)
2025-08-18T18:11:22.7253392Z Requirement already satisfied: email-validator>=2.0.0 in /opt/hostedtoolcache/Python/3.12.11/x64/lib/python3.12/site-packages (from fastapi[all]->-r requirements-dev.txt (line 13)) (2.2.0)
2025-08-18T18:11:22.7260952Z Requirement already satisfied: uvicorn>=0.12.0 in /opt/hostedtoolcache/Python/3.12.11/x64/lib/python3.12/site-packages (from uvicorn[standard]>=0.12.0; extra == "all"->fastapi[all]->-r requirements-dev.txt (line 13)) (0.29.0)
2025-08-18T18:11:22.7268850Z Requirement already satisfied: pydantic-settings>=2.0.0 in /opt/hostedtoolcache/Python/3.12.11/x64/lib/python3.12/site-packages (from fastapi[all]->-r requirements-dev.txt (line 13)) (2.2.1)
2025-08-18T18:11:22.7400582Z Collecting pydantic-extra-types>=2.0.0 (from fastapi[all]->-r requirements-dev.txt (line 13))
2025-08-18T18:11:22.7411786Z   Using cached pydantic_extra_types-2.10.5-py3-none-any.whl.metadata (3.9 kB)
2025-08-18T18:11:22.7657612Z Requirement already satisfied: prompt-toolkit>=3.0.36 in /opt/hostedtoolcache/Python/3.12.11/x64/lib/python3.12/site-packages (from click-repl>=0.2.0->celery==5.4.0->-r requirements-dev.txt (line 11)) (3.0.51)
2025-08-18T18:11:22.7729947Z Requirement already satisfied: dnspython>=2.0.0 in /opt/hostedtoolcache/Python/3.12.11/x64/lib/python3.12/site-packages (from email-validator>=2.0.0->fastapi[all]->-r requirements-dev.txt (line 13)) (2.7.0)
2025-08-18T18:11:22.7798866Z Requirement already satisfied: typer>=0.15.1 in /opt/hostedtoolcache/Python/3.12.11/x64/lib/python3.12/site-packages (from fastapi-cli>=0.0.8->fastapi-cli[standard]>=0.0.8; extra == "all"->fastapi[all]->-r requirements-dev.txt (line 13)) (0.16.0)
2025-08-18T18:11:22.7808998Z Requirement already satisfied: rich-toolkit>=0.14.8 in /opt/hostedtoolcache/Python/3.12.11/x64/lib/python3.12/site-packages (from fastapi-cli>=0.0.8->fastapi-cli[standard]>=0.0.8; extra == "all"->fastapi[all]->-r requirements-dev.txt (line 13)) (0.15.0)
2025-08-18T18:11:22.7949549Z Collecting fastapi-cloud-cli>=0.1.1 (from fastapi-cli[standard]>=0.0.8; extra == "all"->fastapi[all]->-r requirements-dev.txt (line 13))
2025-08-18T18:11:22.7960378Z   Using cached fastapi_cloud_cli-0.1.5-py3-none-any.whl.metadata (3.2 kB)
2025-08-18T18:11:22.8667831Z Collecting rignore>=0.5.1 (from fastapi-cloud-cli>=0.1.1->fastapi-cli[standard]>=0.0.8; extra == "all"->fastapi[all]->-r requirements-dev.txt (line 13))
2025-08-18T18:11:22.8679653Z   Using cached rignore-0.6.4-cp312-cp312-manylinux_2_17_x86_64.manylinux2014_x86_64.whl.metadata (3.8 kB)
2025-08-18T18:11:22.9279078Z Collecting sentry-sdk>=2.20.0 (from fastapi-cloud-cli>=0.1.1->fastapi-cli[standard]>=0.0.8; extra == "all"->fastapi[all]->-r requirements-dev.txt (line 13))
2025-08-18T18:11:22.9291222Z   Using cached sentry_sdk-2.35.0-py2.py3-none-any.whl.metadata (10 kB)
2025-08-18T18:11:23.0218492Z Collecting psutil>=4.0.0 (from mirakuru>=2.6.0->pytest-postgresql==7.0.2->-r requirements-dev.txt (line 29))
2025-08-18T18:11:23.0231186Z   Using cached psutil-7.0.0-cp36-abi3-manylinux_2_12_x86_64.manylinux2010_x86_64.manylinux_2_17_x86_64.manylinux2014_x86_64.whl.metadata (22 kB)
2025-08-18T18:11:23.0418543Z Requirement already satisfied: wcwidth in /opt/hostedtoolcache/Python/3.12.11/x64/lib/python3.12/site-packages (from prompt-toolkit>=3.0.36->click-repl>=0.2.0->celery==5.4.0->-r requirements-dev.txt (line 11)) (0.2.13)
2025-08-18T18:11:23.0616586Z Requirement already satisfied: rich>=13.7.1 in /opt/hostedtoolcache/Python/3.12.11/x64/lib/python3.12/site-packages (from rich-toolkit>=0.14.8->fastapi-cli>=0.0.8->fastapi-cli[standard]>=0.0.8; extra == "all"->fastapi[all]->-r requirements-dev.txt (line 13)) (14.1.0)
2025-08-18T18:11:23.0653025Z Requirement already satisfied: markdown-it-py>=2.2.0 in /opt/hostedtoolcache/Python/3.12.11/x64/lib/python3.12/site-packages (from rich>=13.7.1->rich-toolkit>=0.14.8->fastapi-cli>=0.0.8->fastapi-cli[standard]>=0.0.8; extra == "all"->fastapi[all]->-r requirements-dev.txt (line 13)) (4.0.0)
2025-08-18T18:11:23.0684445Z Requirement already satisfied: mdurl~=0.1 in /opt/hostedtoolcache/Python/3.12.11/x64/lib/python3.12/site-packages (from markdown-it-py>=2.2.0->rich>=13.7.1->rich-toolkit>=0.14.8->fastapi-cli>=0.0.8->fastapi-cli[standard]>=0.0.8; extra == "all"->fastapi[all]->-r requirements-dev.txt (line 13)) (0.1.2)
2025-08-18T18:11:23.0869907Z Requirement already satisfied: shellingham>=1.3.0 in /opt/hostedtoolcache/Python/3.12.11/x64/lib/python3.12/site-packages (from typer>=0.15.1->fastapi-cli>=0.0.8->fastapi-cli[standard]>=0.0.8; extra == "all"->fastapi[all]->-r requirements-dev.txt (line 13)) (1.5.4)
2025-08-18T18:11:23.1109431Z Requirement already satisfied: httptools>=0.5.0 in /opt/hostedtoolcache/Python/3.12.11/x64/lib/python3.12/site-packages (from uvicorn[standard]>=0.12.0; extra == "all"->fastapi[all]->-r requirements-dev.txt (line 13)) (0.6.4)
2025-08-18T18:11:23.1125835Z Requirement already satisfied: uvloop!=0.15.0,!=0.15.1,>=0.14.0 in /opt/hostedtoolcache/Python/3.12.11/x64/lib/python3.12/site-packages (from uvicorn[standard]>=0.12.0; extra == "all"->fastapi[all]->-r requirements-dev.txt (line 13)) (0.21.0)
2025-08-18T18:11:23.1133413Z Requirement already satisfied: watchfiles>=0.13 in /opt/hostedtoolcache/Python/3.12.11/x64/lib/python3.12/site-packages (from uvicorn[standard]>=0.12.0; extra == "all"->fastapi[all]->-r requirements-dev.txt (line 13)) (1.1.0)
2025-08-18T18:11:23.1141033Z Requirement already satisfied: websockets>=10.4 in /opt/hostedtoolcache/Python/3.12.11/x64/lib/python3.12/site-packages (from uvicorn[standard]>=0.12.0; extra == "all"->fastapi[all]->-r requirements-dev.txt (line 13)) (15.0.1)
2025-08-18T18:11:23.1577515Z Using cached jinja2-3.1.6-py3-none-any.whl (134 kB)
2025-08-18T18:11:23.1589898Z Using cached asyncpg-0.30.0-cp312-cp312-manylinux_2_17_x86_64.manylinux2014_x86_64.whl (3.6 MB)
2025-08-18T18:11:23.1627265Z Using cached black-25.1.0-cp312-cp312-manylinux_2_17_x86_64.manylinux2014_x86_64.manylinux_2_28_x86_64.whl (1.8 MB)
2025-08-18T18:11:23.1651143Z Using cached fastapi-0.116.1-py3-none-any.whl (95 kB)
2025-08-18T18:11:23.1662700Z Using cached IMAPClient-3.0.1-py2.py3-none-any.whl (182 kB)
2025-08-18T18:11:23.1674929Z Using cached psycopg2_binary-2.9.9-cp312-cp312-manylinux_2_17_x86_64.manylinux2014_x86_64.whl (3.0 MB)
2025-08-18T18:11:23.1707706Z Using cached pytest_asyncio-0.23.6-py3-none-any.whl (17 kB)
2025-08-18T18:11:23.1717966Z Using cached pytest_cov-6.2.1-py3-none-any.whl (24 kB)
2025-08-18T18:11:23.1728815Z Using cached pytest_postgresql-7.0.2-py3-none-any.whl (41 kB)
2025-08-18T18:11:23.1739898Z Using cached python_telegram_bot-22.2-py3-none-any.whl (708 kB)
2025-08-18T18:11:23.1756790Z Using cached respx-0.22.0-py2.py3-none-any.whl (25 kB)
2025-08-18T18:11:23.1767746Z Using cached ruff-0.4.4-py3-none-manylinux_2_17_x86_64.manylinux2014_x86_64.whl (8.7 MB)
2025-08-18T18:11:23.1842504Z Using cached testcontainers-4.10.0-py3-none-any.whl (107 kB)
2025-08-18T18:11:23.1854015Z Using cached types_requests-2.32.0.20240602-py3-none-any.whl (15 kB)
2025-08-18T18:11:23.1864798Z Using cached docspec_python-2.2.2-py3-none-any.whl (15 kB)
2025-08-18T18:11:23.1875379Z Using cached pydoc_markdown-4.8.2-py3-none-any.whl (67 kB)
2025-08-18T18:11:23.1886444Z Using cached docspec-2.2.1-py3-none-any.whl (9.8 kB)
2025-08-18T18:11:23.1897417Z Using cached httpx-0.28.1-py3-none-any.whl (73 kB)
2025-08-18T18:11:23.1909216Z Using cached mypy-1.17.1-cp312-cp312-manylinux2014_x86_64.manylinux_2_17_x86_64.manylinux_2_28_x86_64.whl (12.7 MB)
2025-08-18T18:11:23.2010268Z Using cached databind.core-4.5.2-py3-none-any.whl (1.5 kB)
2025-08-18T18:11:23.2020833Z Using cached databind-4.5.2-py3-none-any.whl (49 kB)
2025-08-18T18:11:23.2031642Z Using cached databind.json-4.5.2-py3-none-any.whl (1.5 kB)
2025-08-18T18:11:23.2042358Z Using cached Deprecated-1.2.18-py2.py3-none-any.whl (10.0 kB)
2025-08-18T18:11:23.2053322Z Using cached nr_date-2.1.0-py3-none-any.whl (10 kB)
2025-08-18T18:11:23.2063972Z Using cached nr_stream-1.1.5-py3-none-any.whl (10 kB)
2025-08-18T18:11:23.2074668Z Using cached nr.util-0.8.12-py3-none-any.whl (90 kB)
2025-08-18T18:11:23.2086213Z Using cached pytest-8.4.1-py3-none-any.whl (365 kB)
2025-08-18T18:11:23.2099686Z Using cached pluggy-1.6.0-py3-none-any.whl (20 kB)
2025-08-18T18:11:23.2110775Z Using cached starlette-0.47.2-py3-none-any.whl (72 kB)
2025-08-18T18:11:23.2122043Z Using cached tomli-2.2.1-cp312-cp312-manylinux_2_17_x86_64.manylinux2014_x86_64.whl (242 kB)
2025-08-18T18:11:23.2134238Z Using cached tomli_w-1.2.0-py3-none-any.whl (6.7 kB)
2025-08-18T18:11:23.2144782Z Using cached typeapi-2.2.4-py3-none-any.whl (26 kB)
2025-08-18T18:11:23.2155558Z Using cached itsdangerous-2.2.0-py3-none-any.whl (16 kB)
2025-08-18T18:11:23.2166503Z Using cached setuptools-80.9.0-py3-none-any.whl (1.2 MB)
2025-08-18T18:11:23.2186703Z Using cached coverage-7.10.4-cp312-cp312-manylinux1_x86_64.manylinux_2_28_x86_64.manylinux_2_5_x86_64.whl (251 kB)
2025-08-18T18:11:23.2198795Z Using cached fastapi_cloud_cli-0.1.5-py3-none-any.whl (18 kB)
2025-08-18T18:11:23.2209613Z Using cached iniconfig-2.1.0-py3-none-any.whl (6.0 kB)
2025-08-18T18:11:23.2220383Z Using cached mirakuru-2.6.1-py3-none-any.whl (26 kB)
2025-08-18T18:11:23.2231321Z Using cached pathspec-0.12.1-py3-none-any.whl (31 kB)
2025-08-18T18:11:23.2242272Z Using cached platformdirs-4.3.8-py3-none-any.whl (18 kB)
2025-08-18T18:11:23.2253039Z Using cached port_for-0.7.4-py3-none-any.whl (21 kB)
2025-08-18T18:11:23.2264418Z Using cached psutil-7.0.0-cp36-abi3-manylinux_2_12_x86_64.manylinux2010_x86_64.manylinux_2_17_x86_64.manylinux2014_x86_64.whl (277 kB)
2025-08-18T18:11:23.2277708Z Using cached pydantic_extra_types-2.10.5-py3-none-any.whl (38 kB)
2025-08-18T18:11:23.2288804Z Using cached rignore-0.6.4-cp312-cp312-manylinux_2_17_x86_64.manylinux2014_x86_64.whl (949 kB)
2025-08-18T18:11:23.2306311Z Using cached sentry_sdk-2.35.0-py2.py3-none-any.whl (363 kB)
2025-08-18T18:11:23.2319530Z Using cached yapf-0.43.0-py3-none-any.whl (256 kB)
2025-08-18T18:11:23.2331977Z Using cached docker-7.1.0-py3-none-any.whl (147 kB)
2025-08-18T18:11:23.2343645Z Using cached watchdog-6.0.0-py3-none-manylinux2014_x86_64.whl (79 kB)
2025-08-18T18:11:23.4601555Z Installing collected packages: watchdog, types-requests, typeapi, tomli_w, tomli, setuptools, sentry-sdk, ruff, rignore, psycopg2-binary, psutil, port-for, pluggy, platformdirs, pathspec, nr-stream, nr-date, Jinja2, itsdangerous, iniconfig, imapclient, docstring-parser, Deprecated, coverage, asyncpg, yapf, starlette, pytest, nr-util, mypy, mirakuru, httpx, docker, databind, black, testcontainers, respx, python-telegram-bot, pytest-postgresql, pytest-cov, pytest-asyncio, pydantic-extra-types, fastapi, databind.json, databind.core, fastapi-cloud-cli, docspec, docspec-python, pydoc-markdown
2025-08-18T18:11:24.6688538Z   Attempting uninstall: psycopg2-binary
2025-08-18T18:11:24.6748921Z     Found existing installation: psycopg2-binary 2.9.10
2025-08-18T18:11:24.6777600Z     Uninstalling psycopg2-binary-2.9.10:
2025-08-18T18:11:24.6789166Z       Successfully uninstalled psycopg2-binary-2.9.10
2025-08-18T18:11:24.9897681Z   Attempting uninstall: Jinja2
2025-08-18T18:11:24.9947336Z     Found existing installation: Jinja2 3.1.5
2025-08-18T18:11:24.9980334Z     Uninstalling Jinja2-3.1.5:
2025-08-18T18:11:24.9989153Z       Successfully uninstalled Jinja2-3.1.5
2025-08-18T18:11:25.3343529Z   Attempting uninstall: asyncpg
2025-08-18T18:11:25.3399427Z     Found existing installation: asyncpg 0.29.0
2025-08-18T18:11:25.3446943Z     Uninstalling asyncpg-0.29.0:
2025-08-18T18:11:25.3460032Z       Successfully uninstalled asyncpg-0.29.0
2025-08-18T18:11:25.6177475Z   Attempting uninstall: starlette
2025-08-18T18:11:25.6228602Z     Found existing installation: starlette 0.37.2
2025-08-18T18:11:25.6271744Z     Uninstalling starlette-0.37.2:
2025-08-18T18:11:25.6281815Z       Successfully uninstalled starlette-0.37.2
2025-08-18T18:11:27.4519149Z   Attempting uninstall: httpx
2025-08-18T18:11:27.4569374Z     Found existing installation: httpx 0.26.0
2025-08-18T18:11:27.4605332Z     Uninstalling httpx-0.26.0:
2025-08-18T18:11:27.4618181Z       Successfully uninstalled httpx-0.26.0
2025-08-18T18:11:27.8988368Z   Attempting uninstall: python-telegram-bot
2025-08-18T18:11:27.9038040Z     Found existing installation: python-telegram-bot 20.8
2025-08-18T18:11:27.9197165Z     Uninstalling python-telegram-bot-20.8:
2025-08-18T18:11:27.9220340Z       Successfully uninstalled python-telegram-bot-20.8
2025-08-18T18:11:28.3668186Z   Attempting uninstall: fastapi
2025-08-18T18:11:28.3713294Z     Found existing installation: fastapi 0.111.0
2025-08-18T18:11:28.3764874Z     Uninstalling fastapi-0.111.0:
2025-08-18T18:11:28.3776975Z       Successfully uninstalled fastapi-0.111.0
2025-08-18T18:11:28.5449206Z 
2025-08-18T18:11:28.5568181Z Successfully installed Deprecated-1.2.18 Jinja2-3.1.6 asyncpg-0.30.0 black-25.1.0 coverage-7.10.4 databind-4.5.2 databind.core-4.5.2 databind.json-4.5.2 docker-7.1.0 docspec-2.2.1 docspec-python-2.2.2 docstring-parser-0.11 fastapi-0.116.1 fastapi-cloud-cli-0.1.5 httpx-0.28.1 imapclient-3.0.1 iniconfig-2.1.0 itsdangerous-2.2.0 mirakuru-2.6.1 mypy-1.17.1 nr-date-2.1.0 nr-stream-1.1.5 nr-util-0.8.12 pathspec-0.12.1 platformdirs-4.3.8 pluggy-1.6.0 port-for-0.7.4 psutil-7.0.0 psycopg2-binary-2.9.9 pydantic-extra-types-2.10.5 pydoc-markdown-4.8.2 pytest-8.4.1 pytest-asyncio-0.23.6 pytest-cov-6.2.1 pytest-postgresql-7.0.2 python-telegram-bot-22.2 respx-0.22.0 rignore-0.6.4 ruff-0.4.4 sentry-sdk-2.35.0 setuptools-80.9.0 starlette-0.47.2 testcontainers-4.10.0 tomli-2.2.1 tomli_w-1.2.0 typeapi-2.2.4 types-requests-2.32.0.20240602 watchdog-6.0.0 yapf-0.43.0
2025-08-18T18:11:29.6704173Z Requirement already satisfied: asyncpg in /opt/hostedtoolcache/Python/3.12.11/x64/lib/python3.12/site-packages (0.30.0)
2025-08-18T18:11:30.7343691Z Requirement already satisfied: pytest in /opt/hostedtoolcache/Python/3.12.11/x64/lib/python3.12/site-packages (8.4.1)
2025-08-18T18:11:30.7358094Z Requirement already satisfied: iniconfig>=1 in /opt/hostedtoolcache/Python/3.12.11/x64/lib/python3.12/site-packages (from pytest) (2.1.0)
2025-08-18T18:11:30.7364066Z Requirement already satisfied: packaging>=20 in /opt/hostedtoolcache/Python/3.12.11/x64/lib/python3.12/site-packages (from pytest) (25.0)
2025-08-18T18:11:30.7369994Z Requirement already satisfied: pluggy<2,>=1.5 in /opt/hostedtoolcache/Python/3.12.11/x64/lib/python3.12/site-packages (from pytest) (1.6.0)
2025-08-18T18:11:30.7375018Z Requirement already satisfied: pygments>=2.7.2 in /opt/hostedtoolcache/Python/3.12.11/x64/lib/python3.12/site-packages (from pytest) (2.19.2)
2025-08-18T18:11:31.4191105Z Collecting keepa==1.3.15
2025-08-18T18:11:31.4203844Z   Using cached keepa-1.3.15-py3-none-any.whl.metadata (11 kB)
2025-08-18T18:11:31.4242042Z Requirement already satisfied: minio==7.1.15 in /opt/hostedtoolcache/Python/3.12.11/x64/lib/python3.12/site-packages (7.1.15)
2025-08-18T18:11:31.4250467Z Requirement already satisfied: numpy>=1.9.3 in /opt/hostedtoolcache/Python/3.12.11/x64/lib/python3.12/site-packages (from keepa==1.3.15) (1.26.4)
2025-08-18T18:11:31.4255441Z Requirement already satisfied: requests>=2.2 in /opt/hostedtoolcache/Python/3.12.11/x64/lib/python3.12/site-packages (from keepa==1.3.15) (2.32.4)
2025-08-18T18:11:31.4259234Z Requirement already satisfied: tqdm in /opt/hostedtoolcache/Python/3.12.11/x64/lib/python3.12/site-packages (from keepa==1.3.15) (4.67.1)
2025-08-18T18:11:31.4262573Z Requirement already satisfied: aiohttp in /opt/hostedtoolcache/Python/3.12.11/x64/lib/python3.12/site-packages (from keepa==1.3.15) (3.12.15)
2025-08-18T18:11:31.4267562Z Requirement already satisfied: pandas<=3.0 in /opt/hostedtoolcache/Python/3.12.11/x64/lib/python3.12/site-packages (from keepa==1.3.15) (2.2.3)
2025-08-18T18:11:31.4270928Z Requirement already satisfied: pydantic in /opt/hostedtoolcache/Python/3.12.11/x64/lib/python3.12/site-packages (from keepa==1.3.15) (2.11.7)
2025-08-18T18:11:31.4281056Z Requirement already satisfied: certifi in /opt/hostedtoolcache/Python/3.12.11/x64/lib/python3.12/site-packages (from minio==7.1.15) (2025.8.3)
2025-08-18T18:11:31.4284635Z Requirement already satisfied: urllib3 in /opt/hostedtoolcache/Python/3.12.11/x64/lib/python3.12/site-packages (from minio==7.1.15) (2.5.0)
2025-08-18T18:11:31.4339817Z Requirement already satisfied: python-dateutil>=2.8.2 in /opt/hostedtoolcache/Python/3.12.11/x64/lib/python3.12/site-packages (from pandas<=3.0->keepa==1.3.15) (2.9.0.post0)
2025-08-18T18:11:31.4344714Z Requirement already satisfied: pytz>=2020.1 in /opt/hostedtoolcache/Python/3.12.11/x64/lib/python3.12/site-packages (from pandas<=3.0->keepa==1.3.15) (2025.2)
2025-08-18T18:11:31.4349578Z Requirement already satisfied: tzdata>=2022.7 in /opt/hostedtoolcache/Python/3.12.11/x64/lib/python3.12/site-packages (from pandas<=3.0->keepa==1.3.15) (2025.2)
2025-08-18T18:11:31.4482933Z Requirement already satisfied: six>=1.5 in /opt/hostedtoolcache/Python/3.12.11/x64/lib/python3.12/site-packages (from python-dateutil>=2.8.2->pandas<=3.0->keepa==1.3.15) (1.17.0)
2025-08-18T18:11:31.4502004Z Requirement already satisfied: charset_normalizer<4,>=2 in /opt/hostedtoolcache/Python/3.12.11/x64/lib/python3.12/site-packages (from requests>=2.2->keepa==1.3.15) (3.4.3)
2025-08-18T18:11:31.4507322Z Requirement already satisfied: idna<4,>=2.5 in /opt/hostedtoolcache/Python/3.12.11/x64/lib/python3.12/site-packages (from requests>=2.2->keepa==1.3.15) (3.10)
2025-08-18T18:11:31.4576536Z Requirement already satisfied: aiohappyeyeballs>=2.5.0 in /opt/hostedtoolcache/Python/3.12.11/x64/lib/python3.12/site-packages (from aiohttp->keepa==1.3.15) (2.6.1)
2025-08-18T18:11:31.4581490Z Requirement already satisfied: aiosignal>=1.4.0 in /opt/hostedtoolcache/Python/3.12.11/x64/lib/python3.12/site-packages (from aiohttp->keepa==1.3.15) (1.4.0)
2025-08-18T18:11:31.4588025Z Requirement already satisfied: attrs>=17.3.0 in /opt/hostedtoolcache/Python/3.12.11/x64/lib/python3.12/site-packages (from aiohttp->keepa==1.3.15) (25.3.0)
2025-08-18T18:11:31.4592804Z Requirement already satisfied: frozenlist>=1.1.1 in /opt/hostedtoolcache/Python/3.12.11/x64/lib/python3.12/site-packages (from aiohttp->keepa==1.3.15) (1.7.0)
2025-08-18T18:11:31.4598840Z Requirement already satisfied: multidict<7.0,>=4.5 in /opt/hostedtoolcache/Python/3.12.11/x64/lib/python3.12/site-packages (from aiohttp->keepa==1.3.15) (6.6.4)
2025-08-18T18:11:31.4604245Z Requirement already satisfied: propcache>=0.2.0 in /opt/hostedtoolcache/Python/3.12.11/x64/lib/python3.12/site-packages (from aiohttp->keepa==1.3.15) (0.3.2)
2025-08-18T18:11:31.4609666Z Requirement already satisfied: yarl<2.0,>=1.17.0 in /opt/hostedtoolcache/Python/3.12.11/x64/lib/python3.12/site-packages (from aiohttp->keepa==1.3.15) (1.20.1)
2025-08-18T18:11:31.4669506Z Requirement already satisfied: typing-extensions>=4.2 in /opt/hostedtoolcache/Python/3.12.11/x64/lib/python3.12/site-packages (from aiosignal>=1.4.0->aiohttp->keepa==1.3.15) (4.14.1)
2025-08-18T18:11:31.4764079Z Requirement already satisfied: annotated-types>=0.6.0 in /opt/hostedtoolcache/Python/3.12.11/x64/lib/python3.12/site-packages (from pydantic->keepa==1.3.15) (0.7.0)
2025-08-18T18:11:31.4769311Z Requirement already satisfied: pydantic-core==2.33.2 in /opt/hostedtoolcache/Python/3.12.11/x64/lib/python3.12/site-packages (from pydantic->keepa==1.3.15) (2.33.2)
2025-08-18T18:11:31.4776941Z Requirement already satisfied: typing-inspection>=0.4.0 in /opt/hostedtoolcache/Python/3.12.11/x64/lib/python3.12/site-packages (from pydantic->keepa==1.3.15) (0.4.1)
2025-08-18T18:11:31.4855611Z Using cached keepa-1.3.15-py3-none-any.whl (38 kB)
2025-08-18T18:11:31.6534130Z Installing collected packages: keepa
2025-08-18T18:11:31.6535302Z   Attempting uninstall: keepa
2025-08-18T18:11:31.6567850Z     Found existing installation: keepa 1.3.14
2025-08-18T18:11:31.6589927Z     Uninstalling keepa-1.3.14:
2025-08-18T18:11:31.6598526Z       Successfully uninstalled keepa-1.3.14
2025-08-18T18:11:31.7026238Z Successfully installed keepa-1.3.15
2025-08-18T18:11:31.7669469Z ##[group]Run actions/setup-node@v4
2025-08-18T18:11:31.7669744Z with:
2025-08-18T18:11:31.7669931Z   node-version: 20.19.0
2025-08-18T18:11:31.7670148Z   always-auth: false
2025-08-18T18:11:31.7670346Z   check-latest: false
2025-08-18T18:11:31.7670640Z   token: ***
2025-08-18T18:11:31.7670816Z env:
2025-08-18T18:11:31.7671016Z   REDIS_URL: redis://localhost:6379/0
2025-08-18T18:11:31.7671282Z   RATE_LIMIT_DEFAULT: 100/minute
2025-08-18T18:11:31.7671516Z   TRUST_X_FORWARDED: 1
2025-08-18T18:11:31.7671723Z   PG_USER: postgres
2025-08-18T18:11:31.7671912Z   PG_PASSWORD: pass
2025-08-18T18:11:31.7672106Z   PG_DATABASE: awa
2025-08-18T18:11:31.7672295Z   PG_HOST: localhost
2025-08-18T18:11:31.7672491Z   PG_PORT: 5432
2025-08-18T18:11:31.7672863Z   PG_SYNC_DSN: ***localhost:5432/awa
2025-08-18T18:11:31.7673255Z   PG_ASYNC_DSN: ***localhost:5432/awa
2025-08-18T18:11:31.7673662Z   DATABASE_URL: ***localhost:5432/awa
2025-08-18T18:11:31.7673905Z   DATA_DIR: /tmp/awa-data
2025-08-18T18:11:31.7674153Z   ENABLE_LIVE: 0
2025-08-18T18:11:31.7674340Z   TESTING: 1
2025-08-18T18:11:31.7674587Z   pythonLocation: /opt/hostedtoolcache/Python/3.12.11/x64
2025-08-18T18:11:31.7674996Z   PKG_CONFIG_PATH: /opt/hostedtoolcache/Python/3.12.11/x64/lib/pkgconfig
2025-08-18T18:11:31.7675397Z   Python_ROOT_DIR: /opt/hostedtoolcache/Python/3.12.11/x64
2025-08-18T18:11:31.7675751Z   Python2_ROOT_DIR: /opt/hostedtoolcache/Python/3.12.11/x64
2025-08-18T18:11:31.7676334Z   Python3_ROOT_DIR: /opt/hostedtoolcache/Python/3.12.11/x64
2025-08-18T18:11:31.7676687Z   LD_LIBRARY_PATH: /opt/hostedtoolcache/Python/3.12.11/x64/lib
2025-08-18T18:11:31.7676984Z ##[endgroup]
2025-08-18T18:11:31.9374366Z Attempting to download 20.19.0...
2025-08-18T18:11:32.9224783Z Acquiring 20.19.0 - x64 from https://github.com/actions/node-versions/releases/download/20.19.0-13838090974/node-20.19.0-linux-x64.tar.gz
2025-08-18T18:11:33.3480580Z Extracting ...
2025-08-18T18:11:33.3588633Z [command]/usr/bin/tar xz --strip 1 --warning=no-unknown-keyword --overwrite -C /home/runner/work/_temp/c3370dd6-edc2-4445-9ad2-3732138eb82d -f /home/runner/work/_temp/9cad2165-029a-4144-b9e3-9c0bf24ea992
2025-08-18T18:11:34.3497239Z Adding to the cache ...
2025-08-18T18:11:35.9586381Z ##[group]Environment details
2025-08-18T18:11:36.3116827Z node: v20.19.0
2025-08-18T18:11:36.3117199Z npm: 10.8.2
2025-08-18T18:11:36.3117468Z yarn: 1.22.22
2025-08-18T18:11:36.3118132Z ##[endgroup]
2025-08-18T18:11:36.3258526Z ##[group]Run npm ci
2025-08-18T18:11:36.3258765Z [36;1mnpm ci[0m
2025-08-18T18:11:36.3300776Z shell: /usr/bin/bash -e {0}
2025-08-18T18:11:36.3301015Z env:
2025-08-18T18:11:36.3301228Z   REDIS_URL: redis://localhost:6379/0
2025-08-18T18:11:36.3301502Z   RATE_LIMIT_DEFAULT: 100/minute
2025-08-18T18:11:36.3301736Z   TRUST_X_FORWARDED: 1
2025-08-18T18:11:36.3301936Z   PG_USER: postgres
2025-08-18T18:11:36.3302128Z   PG_PASSWORD: pass
2025-08-18T18:11:36.3302332Z   PG_DATABASE: awa
2025-08-18T18:11:36.3302516Z   PG_HOST: localhost
2025-08-18T18:11:36.3302702Z   PG_PORT: 5432
2025-08-18T18:11:36.3303143Z   PG_SYNC_DSN: ***localhost:5432/awa
2025-08-18T18:11:36.3303561Z   PG_ASYNC_DSN: ***localhost:5432/awa
2025-08-18T18:11:36.3303960Z   DATABASE_URL: ***localhost:5432/awa
2025-08-18T18:11:36.3304202Z   DATA_DIR: /tmp/awa-data
2025-08-18T18:11:36.3304405Z   ENABLE_LIVE: 0
2025-08-18T18:11:36.3304581Z   TESTING: 1
2025-08-18T18:11:36.3304871Z   pythonLocation: /opt/hostedtoolcache/Python/3.12.11/x64
2025-08-18T18:11:36.3305274Z   PKG_CONFIG_PATH: /opt/hostedtoolcache/Python/3.12.11/x64/lib/pkgconfig
2025-08-18T18:11:36.3305675Z   Python_ROOT_DIR: /opt/hostedtoolcache/Python/3.12.11/x64
2025-08-18T18:11:36.3306260Z   Python2_ROOT_DIR: /opt/hostedtoolcache/Python/3.12.11/x64
2025-08-18T18:11:36.3306649Z   Python3_ROOT_DIR: /opt/hostedtoolcache/Python/3.12.11/x64
2025-08-18T18:11:36.3307024Z   LD_LIBRARY_PATH: /opt/hostedtoolcache/Python/3.12.11/x64/lib
2025-08-18T18:11:36.3307507Z ##[endgroup]
2025-08-18T18:11:38.9490640Z npm warn deprecated node-domexception@1.0.0: Use your platform's native DOMException instead
2025-08-18T18:11:42.4724958Z 
2025-08-18T18:11:42.4726202Z added 432 packages, and audited 433 packages in 6s
2025-08-18T18:11:42.4726644Z 
2025-08-18T18:11:42.4726911Z 112 packages are looking for funding
2025-08-18T18:11:42.4727342Z   run `npm fund` for details
2025-08-18T18:11:42.4753518Z 
2025-08-18T18:11:42.4754300Z 2 vulnerabilities (1 low, 1 critical)
2025-08-18T18:11:42.4754984Z 
2025-08-18T18:11:42.4755434Z To address all issues, run:
2025-08-18T18:11:42.4766488Z   npm audit fix
2025-08-18T18:11:42.4769972Z 
2025-08-18T18:11:42.4770424Z Run `npm audit` for details.
2025-08-18T18:11:42.5023046Z ##[group]Run npm run build --if-present
2025-08-18T18:11:42.5023390Z [36;1mnpm run build --if-present[0m
2025-08-18T18:11:42.5068581Z shell: /usr/bin/bash -e {0}
2025-08-18T18:11:42.5068816Z env:
2025-08-18T18:11:42.5069021Z   REDIS_URL: redis://localhost:6379/0
2025-08-18T18:11:42.5069313Z   RATE_LIMIT_DEFAULT: 100/minute
2025-08-18T18:11:42.5069544Z   TRUST_X_FORWARDED: 1
2025-08-18T18:11:42.5069744Z   PG_USER: postgres
2025-08-18T18:11:42.5069936Z   PG_PASSWORD: pass
2025-08-18T18:11:42.5070121Z   PG_DATABASE: awa
2025-08-18T18:11:42.5070304Z   PG_HOST: localhost
2025-08-18T18:11:42.5070485Z   PG_PORT: 5432
2025-08-18T18:11:42.5070919Z   PG_SYNC_DSN: ***localhost:5432/awa
2025-08-18T18:11:42.5071341Z   PG_ASYNC_DSN: ***localhost:5432/awa
2025-08-18T18:11:42.5071733Z   DATABASE_URL: ***localhost:5432/awa
2025-08-18T18:11:42.5071977Z   DATA_DIR: /tmp/awa-data
2025-08-18T18:11:42.5072190Z   ENABLE_LIVE: 0
2025-08-18T18:11:42.5072371Z   TESTING: 1
2025-08-18T18:11:42.5072651Z   pythonLocation: /opt/hostedtoolcache/Python/3.12.11/x64
2025-08-18T18:11:42.5073065Z   PKG_CONFIG_PATH: /opt/hostedtoolcache/Python/3.12.11/x64/lib/pkgconfig
2025-08-18T18:11:42.5073464Z   Python_ROOT_DIR: /opt/hostedtoolcache/Python/3.12.11/x64
2025-08-18T18:11:42.5073858Z   Python2_ROOT_DIR: /opt/hostedtoolcache/Python/3.12.11/x64
2025-08-18T18:11:42.5074238Z   Python3_ROOT_DIR: /opt/hostedtoolcache/Python/3.12.11/x64
2025-08-18T18:11:42.5074619Z   LD_LIBRARY_PATH: /opt/hostedtoolcache/Python/3.12.11/x64/lib
2025-08-18T18:11:42.5074935Z ##[endgroup]
2025-08-18T18:11:42.6174828Z 
2025-08-18T18:11:42.6175901Z > web@0.0.0 build
2025-08-18T18:11:42.6176587Z > tsc -b && vite build
2025-08-18T18:11:42.6176844Z 
2025-08-18T18:11:45.0526776Z [36mvite v7.0.4 [32mbuilding for production...[36m[39m
2025-08-18T18:11:45.2289043Z transforming...
2025-08-18T18:11:48.3770557Z [32m✓[39m 687 modules transformed.
2025-08-18T18:11:48.7414724Z rendering chunks...
2025-08-18T18:11:48.7496602Z computing gzip size...
2025-08-18T18:11:48.7677108Z [2mdist/[22m[32mindex.html                 [39m[1m[2m  0.46 kB[22m[1m[22m[2m │ gzip:   0.30 kB[22m
2025-08-18T18:11:48.7678694Z [2mdist/[22m[2massets/[22m[35mindex-5IA1gRGW.css  [39m[1m[2m  0.84 kB[22m[1m[22m[2m │ gzip:   0.45 kB[22m
2025-08-18T18:11:48.7680353Z [2mdist/[22m[2massets/[22m[36mindex-CIqpArhq.js   [39m[1m[33m613.66 kB[39m[22m[2m │ gzip: 193.69 kB[22m
2025-08-18T18:11:48.7681326Z [33m
2025-08-18T18:11:48.7682023Z (!) Some chunks are larger than 500 kB after minification. Consider:
2025-08-18T18:11:48.7682893Z - Using dynamic import() to code-split the application
2025-08-18T18:11:48.7684166Z - Use build.rollupOptions.output.manualChunks to improve chunking: https://rollupjs.org/configuration-options/#output-manualchunks
2025-08-18T18:11:48.7685143Z - Adjust chunk size limit for this warning via build.chunkSizeWarningLimit.[39m
2025-08-18T18:11:48.7685627Z [32m✓ built in 3.69s[39m
2025-08-18T18:11:48.8147099Z ##[group]Run sudo apt-get update
2025-08-18T18:11:48.8147409Z [36;1msudo apt-get update[0m
2025-08-18T18:11:48.8147680Z [36;1msudo apt-get install -y postgresql[0m
2025-08-18T18:11:48.8148170Z [36;1mecho "/usr/lib/postgresql/$(pg_config --version | cut -d' ' -f2 | cut -d'.' -f1,2)/bin" >> $GITHUB_PATH[0m
2025-08-18T18:11:48.8189900Z shell: /usr/bin/bash -e {0}
2025-08-18T18:11:48.8190133Z env:
2025-08-18T18:11:48.8190344Z   REDIS_URL: redis://localhost:6379/0
2025-08-18T18:11:48.8190617Z   RATE_LIMIT_DEFAULT: 100/minute
2025-08-18T18:11:48.8190855Z   TRUST_X_FORWARDED: 1
2025-08-18T18:11:48.8191061Z   PG_USER: postgres
2025-08-18T18:11:48.8191256Z   PG_PASSWORD: pass
2025-08-18T18:11:48.8191439Z   PG_DATABASE: awa
2025-08-18T18:11:48.8191626Z   PG_HOST: localhost
2025-08-18T18:11:48.8191815Z   PG_PORT: 5432
2025-08-18T18:11:48.8192259Z   PG_SYNC_DSN: ***localhost:5432/awa
2025-08-18T18:11:48.8192758Z   PG_ASYNC_DSN: ***localhost:5432/awa
2025-08-18T18:11:48.8193198Z   DATABASE_URL: ***localhost:5432/awa
2025-08-18T18:11:48.8193444Z   DATA_DIR: /tmp/awa-data
2025-08-18T18:11:48.8193649Z   ENABLE_LIVE: 0
2025-08-18T18:11:48.8193833Z   TESTING: 1
2025-08-18T18:11:48.8194077Z   pythonLocation: /opt/hostedtoolcache/Python/3.12.11/x64
2025-08-18T18:11:48.8194487Z   PKG_CONFIG_PATH: /opt/hostedtoolcache/Python/3.12.11/x64/lib/pkgconfig
2025-08-18T18:11:48.8194927Z   Python_ROOT_DIR: /opt/hostedtoolcache/Python/3.12.11/x64
2025-08-18T18:11:48.8195290Z   Python2_ROOT_DIR: /opt/hostedtoolcache/Python/3.12.11/x64
2025-08-18T18:11:48.8195660Z   Python3_ROOT_DIR: /opt/hostedtoolcache/Python/3.12.11/x64
2025-08-18T18:11:48.8196203Z   LD_LIBRARY_PATH: /opt/hostedtoolcache/Python/3.12.11/x64/lib
2025-08-18T18:11:48.8196510Z ##[endgroup]
2025-08-18T18:11:49.0642173Z Get:1 file:/etc/apt/apt-mirrors.txt Mirrorlist [144 B]
2025-08-18T18:11:49.1270509Z Hit:2 http://azure.archive.ubuntu.com/ubuntu noble InRelease
2025-08-18T18:11:49.1287576Z Hit:6 https://packages.microsoft.com/repos/azure-cli noble InRelease
2025-08-18T18:11:49.1288829Z Get:7 https://packages.microsoft.com/ubuntu/24.04/prod noble InRelease [3600 B]
2025-08-18T18:11:49.1615474Z Get:3 http://azure.archive.ubuntu.com/ubuntu noble-updates InRelease [126 kB]
2025-08-18T18:11:49.1777446Z Get:4 http://azure.archive.ubuntu.com/ubuntu noble-backports InRelease [126 kB]
2025-08-18T18:11:49.1869384Z Get:5 http://azure.archive.ubuntu.com/ubuntu noble-security InRelease [126 kB]
2025-08-18T18:11:49.4589556Z Get:8 https://packages.microsoft.com/ubuntu/24.04/prod noble/main amd64 Packages [47.9 kB]
2025-08-18T18:11:49.4763173Z Get:9 https://packages.microsoft.com/ubuntu/24.04/prod noble/main arm64 Packages [33.1 kB]
2025-08-18T18:11:49.5029100Z Get:10 http://azure.archive.ubuntu.com/ubuntu noble-updates/main amd64 Packages [1325 kB]
2025-08-18T18:11:49.5112946Z Get:11 http://azure.archive.ubuntu.com/ubuntu noble-updates/main Translation-en [265 kB]
2025-08-18T18:11:49.5142491Z Get:12 http://azure.archive.ubuntu.com/ubuntu noble-updates/main amd64 Components [175 kB]
2025-08-18T18:11:49.5186826Z Get:13 http://azure.archive.ubuntu.com/ubuntu noble-updates/universe amd64 Packages [1120 kB]
2025-08-18T18:11:49.5255617Z Get:14 http://azure.archive.ubuntu.com/ubuntu noble-updates/universe Translation-en [287 kB]
2025-08-18T18:11:49.5285793Z Get:15 http://azure.archive.ubuntu.com/ubuntu noble-updates/universe amd64 Components [377 kB]
2025-08-18T18:11:49.5327266Z Get:16 http://azure.archive.ubuntu.com/ubuntu noble-updates/restricted amd64 Packages [1672 kB]
2025-08-18T18:11:49.5409926Z Get:17 http://azure.archive.ubuntu.com/ubuntu noble-updates/restricted Translation-en [367 kB]
2025-08-18T18:11:49.5444335Z Get:18 http://azure.archive.ubuntu.com/ubuntu noble-updates/restricted amd64 Components [212 B]
2025-08-18T18:11:49.5454248Z Get:19 http://azure.archive.ubuntu.com/ubuntu noble-updates/multiverse amd64 Components [940 B]
2025-08-18T18:11:49.6039243Z Get:20 http://azure.archive.ubuntu.com/ubuntu noble-backports/main amd64 Components [7076 B]
2025-08-18T18:11:49.6058056Z Get:21 http://azure.archive.ubuntu.com/ubuntu noble-backports/universe amd64 Packages [30.2 kB]
2025-08-18T18:11:49.6070264Z Get:22 http://azure.archive.ubuntu.com/ubuntu noble-backports/universe Translation-en [17.4 kB]
2025-08-18T18:11:49.6083537Z Get:23 http://azure.archive.ubuntu.com/ubuntu noble-backports/universe amd64 Components [19.2 kB]
2025-08-18T18:11:49.6144847Z Get:24 http://azure.archive.ubuntu.com/ubuntu noble-backports/restricted amd64 Components [216 B]
2025-08-18T18:11:49.6146394Z Get:25 http://azure.archive.ubuntu.com/ubuntu noble-backports/multiverse amd64 Components [212 B]
2025-08-18T18:11:49.6163442Z Get:26 http://azure.archive.ubuntu.com/ubuntu noble-security/main amd64 Packages [1065 kB]
2025-08-18T18:11:49.6230449Z Get:27 http://azure.archive.ubuntu.com/ubuntu noble-security/main Translation-en [185 kB]
2025-08-18T18:11:49.6258278Z Get:28 http://azure.archive.ubuntu.com/ubuntu noble-security/main amd64 Components [21.6 kB]
2025-08-18T18:11:49.6271671Z Get:29 http://azure.archive.ubuntu.com/ubuntu noble-security/universe amd64 Packages [879 kB]
2025-08-18T18:11:49.6333305Z Get:30 http://azure.archive.ubuntu.com/ubuntu noble-security/universe Translation-en [194 kB]
2025-08-18T18:11:49.6355410Z Get:31 http://azure.archive.ubuntu.com/ubuntu noble-security/universe amd64 Components [52.3 kB]
2025-08-18T18:11:49.6370379Z Get:32 http://azure.archive.ubuntu.com/ubuntu noble-security/restricted amd64 Packages [1587 kB]
2025-08-18T18:11:49.6457327Z Get:33 http://azure.archive.ubuntu.com/ubuntu noble-security/restricted Translation-en [350 kB]
2025-08-18T18:11:49.6961820Z Get:34 http://azure.archive.ubuntu.com/ubuntu noble-security/restricted amd64 Components [212 B]
2025-08-18T18:11:49.6973296Z Get:35 http://azure.archive.ubuntu.com/ubuntu noble-security/multiverse amd64 Components [212 B]
2025-08-18T18:12:03.4021410Z Fetched 10.5 MB in 1s (6984 kB/s)
2025-08-18T18:12:04.0678162Z Reading package lists...
2025-08-18T18:12:04.1002676Z Reading package lists...
2025-08-18T18:12:04.2427654Z Building dependency tree...
2025-08-18T18:12:04.2434775Z Reading state information...
2025-08-18T18:12:04.3870714Z Suggested packages:
2025-08-18T18:12:04.3871268Z   postgresql-doc
2025-08-18T18:12:04.4965646Z The following NEW packages will be installed:
2025-08-18T18:12:04.4966772Z   postgresql
2025-08-18T18:12:04.5133549Z 0 upgraded, 1 newly installed, 0 to remove and 36 not upgraded.
2025-08-18T18:12:04.5134017Z Need to get 11.6 kB of archives.
2025-08-18T18:12:04.5134425Z After this operation, 17.4 kB of additional disk space will be used.
2025-08-18T18:12:04.5135205Z Get:1 file:/etc/apt/apt-mirrors.txt Mirrorlist [144 B]
2025-08-18T18:12:04.5603930Z Get:2 http://azure.archive.ubuntu.com/ubuntu noble-updates/main amd64 postgresql all 16+257build1.1 [11.6 kB]
2025-08-18T18:12:04.8481858Z Fetched 11.6 kB in 0s (202 kB/s)
2025-08-18T18:12:04.9400511Z Selecting previously unselected package postgresql.
2025-08-18T18:12:05.1586305Z (Reading database ... 
2025-08-18T18:12:05.1586766Z (Reading database ... 5%
2025-08-18T18:12:05.1587108Z (Reading database ... 10%
2025-08-18T18:12:05.1587356Z (Reading database ... 15%
2025-08-18T18:12:05.1587596Z (Reading database ... 20%
2025-08-18T18:12:05.1587828Z (Reading database ... 25%
2025-08-18T18:12:05.1588051Z (Reading database ... 30%
2025-08-18T18:12:05.1588279Z (Reading database ... 35%
2025-08-18T18:12:05.1588511Z (Reading database ... 40%
2025-08-18T18:12:05.1588793Z (Reading database ... 45%
2025-08-18T18:12:05.1589028Z (Reading database ... 50%
2025-08-18T18:12:05.4533147Z (Reading database ... 55%
2025-08-18T18:12:05.6911639Z (Reading database ... 60%
2025-08-18T18:12:06.1956277Z (Reading database ... 65%
2025-08-18T18:12:06.3594985Z (Reading database ... 70%
2025-08-18T18:12:06.4736547Z (Reading database ... 75%
2025-08-18T18:12:07.4467438Z (Reading database ... 80%
2025-08-18T18:12:09.2837592Z (Reading database ... 85%
2025-08-18T18:12:10.9953238Z (Reading database ... 90%
2025-08-18T18:12:12.7692642Z (Reading database ... 95%
2025-08-18T18:12:12.7693489Z (Reading database ... 100%
2025-08-18T18:12:12.7694287Z (Reading database ... 219881 files and directories currently installed.)
2025-08-18T18:12:12.7740531Z Preparing to unpack .../postgresql_16+257build1.1_all.deb ...
2025-08-18T18:12:12.7812156Z Unpacking postgresql (16+257build1.1) ...
2025-08-18T18:12:12.8172174Z Setting up postgresql (16+257build1.1) ...
2025-08-18T18:12:14.2585713Z 
2025-08-18T18:12:14.2587754Z Running kernel seems to be up-to-date.
2025-08-18T18:12:14.2588140Z 
2025-08-18T18:12:14.2588337Z Restarting services...
2025-08-18T18:12:14.2655445Z 
2025-08-18T18:12:14.2656085Z Service restarts being deferred:
2025-08-18T18:12:14.2659011Z  systemctl restart hosted-compute-agent.service
2025-08-18T18:12:14.2659381Z 
2025-08-18T18:12:14.2659673Z No containers need to be restarted.
2025-08-18T18:12:14.2659961Z 
2025-08-18T18:12:14.2660247Z No user sessions are running outdated binaries.
2025-08-18T18:12:14.2660522Z 
2025-08-18T18:12:14.2660831Z No VM guests are running outdated hypervisor (qemu) binaries on this host.
2025-08-18T18:12:15.0699151Z ##[group]Run for i in {1..30}; do pg_isready -h localhost -p 5432 -U postgres -d awa && break; sleep 1; done
2025-08-18T18:12:15.0699786Z [36;1mfor i in {1..30}; do pg_isready -h localhost -p 5432 -U postgres -d awa && break; sleep 1; done[0m
2025-08-18T18:12:15.0740361Z shell: /usr/bin/bash -e {0}
2025-08-18T18:12:15.0740777Z env:
2025-08-18T18:12:15.0741130Z   REDIS_URL: redis://localhost:6379/0
2025-08-18T18:12:15.0741604Z   RATE_LIMIT_DEFAULT: 100/minute
2025-08-18T18:12:15.0742017Z   TRUST_X_FORWARDED: 1
2025-08-18T18:12:15.0742381Z   PG_USER: postgres
2025-08-18T18:12:15.0742718Z   PG_PASSWORD: pass
2025-08-18T18:12:15.0743050Z   PG_DATABASE: awa
2025-08-18T18:12:15.0743375Z   PG_HOST: localhost
2025-08-18T18:12:15.0743700Z   PG_PORT: 5432
2025-08-18T18:12:15.0744380Z   PG_SYNC_DSN: ***localhost:5432/awa
2025-08-18T18:12:15.0745069Z   PG_ASYNC_DSN: ***localhost:5432/awa
2025-08-18T18:12:15.0745779Z   DATABASE_URL: ***localhost:5432/awa
2025-08-18T18:12:15.0746527Z   DATA_DIR: /tmp/awa-data
2025-08-18T18:12:15.0746889Z   ENABLE_LIVE: 0
2025-08-18T18:12:15.0747214Z   TESTING: 1
2025-08-18T18:12:15.0747649Z   pythonLocation: /opt/hostedtoolcache/Python/3.12.11/x64
2025-08-18T18:12:15.0748365Z   PKG_CONFIG_PATH: /opt/hostedtoolcache/Python/3.12.11/x64/lib/pkgconfig
2025-08-18T18:12:15.0749081Z   Python_ROOT_DIR: /opt/hostedtoolcache/Python/3.12.11/x64
2025-08-18T18:12:15.0749692Z   Python2_ROOT_DIR: /opt/hostedtoolcache/Python/3.12.11/x64
2025-08-18T18:12:15.0750326Z   Python3_ROOT_DIR: /opt/hostedtoolcache/Python/3.12.11/x64
2025-08-18T18:12:15.0751003Z   LD_LIBRARY_PATH: /opt/hostedtoolcache/Python/3.12.11/x64/lib
2025-08-18T18:12:15.0751549Z ##[endgroup]
2025-08-18T18:12:15.1712856Z localhost:5432 - accepting connections
2025-08-18T18:12:15.1745185Z ##[group]Run alembic -c services/api/alembic.ini upgrade head
2025-08-18T18:12:15.1745617Z [36;1malembic -c services/api/alembic.ini upgrade head[0m
2025-08-18T18:12:15.1785654Z shell: /usr/bin/bash -e {0}
2025-08-18T18:12:15.1785896Z env:
2025-08-18T18:12:15.1786376Z   REDIS_URL: redis://localhost:6379/0
2025-08-18T18:12:15.1786659Z   RATE_LIMIT_DEFAULT: 100/minute
2025-08-18T18:12:15.1786888Z   TRUST_X_FORWARDED: 1
2025-08-18T18:12:15.1787082Z   PG_USER: postgres
2025-08-18T18:12:15.1787274Z   PG_PASSWORD: pass
2025-08-18T18:12:15.1787472Z   PG_DATABASE: awa
2025-08-18T18:12:15.1787657Z   PG_HOST: localhost
2025-08-18T18:12:15.1787842Z   PG_PORT: 5432
2025-08-18T18:12:15.1788250Z   PG_SYNC_DSN: ***localhost:5432/awa
2025-08-18T18:12:15.1788671Z   PG_ASYNC_DSN: ***localhost:5432/awa
2025-08-18T18:12:15.1789076Z   DATABASE_URL: ***localhost:5432/awa
2025-08-18T18:12:15.1789316Z   DATA_DIR: /tmp/awa-data
2025-08-18T18:12:15.1789523Z   ENABLE_LIVE: 0
2025-08-18T18:12:15.1789729Z   TESTING: 1
2025-08-18T18:12:15.1789976Z   pythonLocation: /opt/hostedtoolcache/Python/3.12.11/x64
2025-08-18T18:12:15.1790370Z   PKG_CONFIG_PATH: /opt/hostedtoolcache/Python/3.12.11/x64/lib/pkgconfig
2025-08-18T18:12:15.1790758Z   Python_ROOT_DIR: /opt/hostedtoolcache/Python/3.12.11/x64
2025-08-18T18:12:15.1791102Z   Python2_ROOT_DIR: /opt/hostedtoolcache/Python/3.12.11/x64
2025-08-18T18:12:15.1791455Z   Python3_ROOT_DIR: /opt/hostedtoolcache/Python/3.12.11/x64
2025-08-18T18:12:15.1791807Z   LD_LIBRARY_PATH: /opt/hostedtoolcache/Python/3.12.11/x64/lib
2025-08-18T18:12:15.1792294Z   POSTGRES_USER: postgres
2025-08-18T18:12:15.1792511Z   POSTGRES_PASSWORD: pass
2025-08-18T18:12:15.1792708Z   POSTGRES_DB: awa
2025-08-18T18:12:15.1792893Z ##[endgroup]
2025-08-18T18:12:16.6311047Z INFO  [alembic.runtime.migration] Context impl PostgresqlImpl.
2025-08-18T18:12:16.6311631Z INFO  [alembic.runtime.migration] Will assume transactional DDL.
2025-08-18T18:12:16.6484601Z INFO  [alembic.runtime.migration] Running upgrade  -> 0001_baseline
2025-08-18T18:12:16.6634065Z INFO  [alembic.runtime.migration] Running upgrade 0001_baseline -> 0002_create_roi_view
2025-08-18T18:12:16.6660410Z INFO  [alembic.runtime.migration] Running upgrade 0002_create_roi_view -> 3e9d5c5aff2c
2025-08-18T18:12:16.6823264Z INFO  [alembic.runtime.migration] Running upgrade 3e9d5c5aff2c -> 0003_vendor_prices
2025-08-18T18:12:16.6962167Z INFO  [alembic.runtime.migration] Running upgrade 0003_vendor_prices -> 0004_fee_cron
2025-08-18T18:12:16.7032247Z INFO  [alembic.runtime.migration] Running upgrade 0004_fee_cron -> 0006_fix_roi_views
2025-08-18T18:12:16.7065078Z INFO  [alembic.runtime.migration] Running upgrade 0006_fix_roi_views -> 0020_unified_schema
2025-08-18T18:12:16.7177463Z INFO  [alembic.runtime.migration] Running upgrade 0020_unified_schema -> 0022_fix_roi_view
2025-08-18T18:12:16.7246268Z INFO  [alembic.runtime.migration] Running upgrade 0022_fix_roi_view -> 0023_add_storage_fee
2025-08-18T18:12:16.7281965Z INFO  [alembic.runtime.migration] Running upgrade 0023_add_storage_fee -> 0024_create_buybox
2025-08-18T18:12:16.7304507Z INFO  [alembic.runtime.migration] Running upgrade 0024_create_buybox -> 0025_pr4_indexes_loadlog
2025-08-18T18:12:16.7506632Z INFO  [alembic.runtime.migration] Running upgrade 0025_pr4_indexes_loadlog -> 0026_amazon_new_reports
2025-08-18T18:12:16.8482782Z ##[group]Run pytest -q --cov=services
2025-08-18T18:12:16.8483115Z [36;1mpytest -q --cov=services[0m
2025-08-18T18:12:16.8523204Z shell: /usr/bin/bash -e {0}
2025-08-18T18:12:16.8523441Z env:
2025-08-18T18:12:16.8523642Z   REDIS_URL: redis://localhost:6379/0
2025-08-18T18:12:16.8523926Z   RATE_LIMIT_DEFAULT: 100/minute
2025-08-18T18:12:16.8524152Z   TRUST_X_FORWARDED: 1
2025-08-18T18:12:16.8524349Z   PG_USER: postgres
2025-08-18T18:12:16.8524536Z   PG_PASSWORD: pass
2025-08-18T18:12:16.8524719Z   PG_DATABASE: awa
2025-08-18T18:12:16.8524895Z   PG_HOST: localhost
2025-08-18T18:12:16.8525079Z   PG_PORT: 5432
2025-08-18T18:12:16.8525501Z   PG_SYNC_DSN: ***localhost:5432/awa
2025-08-18T18:12:16.8526090Z   PG_ASYNC_DSN: ***localhost:5432/awa
2025-08-18T18:12:16.8526651Z   DATABASE_URL: ***localhost:5432/awa
2025-08-18T18:12:16.8526918Z   DATA_DIR: /home/runner/work/_temp/awa-data
2025-08-18T18:12:16.8527166Z   ENABLE_LIVE: 0
2025-08-18T18:12:16.8527345Z   TESTING: 1
2025-08-18T18:12:16.8527615Z   pythonLocation: /opt/hostedtoolcache/Python/3.12.11/x64
2025-08-18T18:12:16.8528013Z   PKG_CONFIG_PATH: /opt/hostedtoolcache/Python/3.12.11/x64/lib/pkgconfig
2025-08-18T18:12:16.8528405Z   Python_ROOT_DIR: /opt/hostedtoolcache/Python/3.12.11/x64
2025-08-18T18:12:16.8528769Z   Python2_ROOT_DIR: /opt/hostedtoolcache/Python/3.12.11/x64
2025-08-18T18:12:16.8529122Z   Python3_ROOT_DIR: /opt/hostedtoolcache/Python/3.12.11/x64
2025-08-18T18:12:16.8529475Z   LD_LIBRARY_PATH: /opt/hostedtoolcache/Python/3.12.11/x64/lib
2025-08-18T18:12:16.8529778Z   POSTGRES_USER: postgres
2025-08-18T18:12:16.8529986Z   POSTGRES_PASSWORD: pass
2025-08-18T18:12:16.8530191Z   POSTGRES_DB: awa
2025-08-18T18:12:16.8530377Z   LLM_PROVIDER: lan
2025-08-18T18:12:16.8530588Z   LLM_BASE_URL: http://localhost:8000
2025-08-18T18:12:16.8530831Z ##[endgroup]
2025-08-18T18:12:48.8491702Z ........s.............................sssssss........................... [ 47%]
2025-08-18T18:13:20.0498411Z ........................................................................ [ 94%]
2025-08-18T18:13:20.8888037Z ........                                                                 [100%]
2025-08-18T18:13:20.8889157Z =============================== warnings summary ===============================
2025-08-18T18:13:20.8890433Z services/alert_bot/tests/test_smoke.py:5
2025-08-18T18:13:20.8893243Z   /home/runner/work/AWA-App/AWA-App/services/alert_bot/tests/test_smoke.py:5: UserWarning: pkg_resources is deprecated as an API. See https://setuptools.pypa.io/en/latest/pkg_resources.html. The pkg_resources package is slated for removal as early as 2025-11-30. Refrain from using this package or pin to Setuptools<81.
2025-08-18T18:13:20.8895375Z     import pkg_resources  # noqa: F401
2025-08-18T18:13:20.8895683Z 
2025-08-18T18:13:20.8896277Z tests/api/test_ingest_endpoints.py: 12 warnings
2025-08-18T18:13:20.8897124Z tests/ingest/test_tasks_eager.py: 3 warnings
2025-08-18T18:13:20.8897854Z tests/test_api_fast.py: 1 warning
2025-08-18T18:13:20.8898479Z tests/test_health.py: 5 warnings
2025-08-18T18:13:20.8899001Z tests/test_smoke.py: 5 warnings
2025-08-18T18:13:20.8899589Z services/api/tests/test_cors.py: 1 warning
2025-08-18T18:13:20.8900340Z services/api/tests/test_errors_json.py: 2 warnings
2025-08-18T18:13:20.8901103Z services/api/tests/test_health.py: 1 warning
2025-08-18T18:13:20.8901779Z services/api/tests/test_rate_limit.py: 122 warnings
2025-08-18T18:13:20.8904652Z   /opt/hostedtoolcache/Python/3.12.11/x64/lib/python3.12/site-packages/asgi_correlation_id/extensions/sentry.py:27: DeprecationWarning: sentry_sdk.configure_scope is deprecated and will be removed in the next major version. Please consult our migration guide to learn how to migrate to the new API: https://docs.sentry.io/platforms/python/migration/1.x-to-2.x#scope-configuring
2025-08-18T18:13:20.8907388Z     with configure_scope() as scope:
2025-08-18T18:13:20.8907720Z 
2025-08-18T18:13:20.8908044Z tests/api/test_ingest_endpoints.py: 2 warnings
2025-08-18T18:13:20.8909047Z tests/test_api_fast.py: 1 warning
2025-08-18T18:13:20.8909665Z tests/test_health.py: 5 warnings
2025-08-18T18:13:20.8910204Z tests/test_smoke.py: 5 warnings
2025-08-18T18:13:20.8910784Z services/api/tests/test_cors.py: 3 warnings
2025-08-18T18:13:20.8911515Z services/api/tests/test_errors_json.py: 2 warnings
2025-08-18T18:13:20.8912292Z services/api/tests/test_health.py: 1 warning
2025-08-18T18:13:20.8912960Z services/api/tests/test_rate_limit.py: 2 warnings
2025-08-18T18:13:20.8914856Z   /opt/hostedtoolcache/Python/3.12.11/x64/lib/python3.12/site-packages/_pytest/unraisableexception.py:67: PytestUnraisableExceptionWarning: Exception ignored in: <function AbstractConnection.__del__ at 0x7f0fb6a98720>
2025-08-18T18:13:20.8916637Z   
2025-08-18T18:13:20.8917035Z   Traceback (most recent call last):
2025-08-18T18:13:20.8918231Z     File "/opt/hostedtoolcache/Python/3.12.11/x64/lib/python3.12/site-packages/redis/asyncio/connection.py", line 218, in __del__
2025-08-18T18:13:20.8919288Z       self._close()
2025-08-18T18:13:20.8920383Z     File "/opt/hostedtoolcache/Python/3.12.11/x64/lib/python3.12/site-packages/redis/asyncio/connection.py", line 225, in _close
2025-08-18T18:13:20.8921427Z       self._writer.close()
2025-08-18T18:13:20.8922375Z     File "/opt/hostedtoolcache/Python/3.12.11/x64/lib/python3.12/asyncio/streams.py", line 358, in close
2025-08-18T18:13:20.8923344Z       return self._transport.close()
2025-08-18T18:13:20.8923856Z              ^^^^^^^^^^^^^^^^^^^^^^^
2025-08-18T18:13:20.8924864Z     File "/opt/hostedtoolcache/Python/3.12.11/x64/lib/python3.12/asyncio/selector_events.py", line 1213, in close
2025-08-18T18:13:20.8925775Z       super().close()
2025-08-18T18:13:20.8926915Z     File "/opt/hostedtoolcache/Python/3.12.11/x64/lib/python3.12/asyncio/selector_events.py", line 875, in close
2025-08-18T18:13:20.8927971Z       self._loop.call_soon(self._call_connection_lost, None)
2025-08-18T18:13:20.8929113Z     File "/opt/hostedtoolcache/Python/3.12.11/x64/lib/python3.12/asyncio/base_events.py", line 799, in call_soon
2025-08-18T18:13:20.8944510Z       self._check_closed()
2025-08-18T18:13:20.8945564Z     File "/opt/hostedtoolcache/Python/3.12.11/x64/lib/python3.12/asyncio/base_events.py", line 545, in _check_closed
2025-08-18T18:13:20.8977740Z ##[error]      raise RuntimeError('Event loop is closed')
2025-08-18T18:13:20.8989300Z   RuntimeError: Event loop is closed
2025-08-18T18:13:20.8989784Z   
2025-08-18T18:13:20.8990370Z   Enable tracemalloc to get traceback where the object was allocated.
2025-08-18T18:13:20.8991532Z   See https://docs.pytest.org/en/stable/how-to/capture-warnings.html#resource-warnings for more info.
2025-08-18T18:13:20.8992671Z     warnings.warn(pytest.PytestUnraisableExceptionWarning(msg))
2025-08-18T18:13:20.8993164Z 
2025-08-18T18:13:20.8993516Z tests/test_api_fast.py::test_health_endpoint
2025-08-18T18:13:20.8995635Z   /home/runner/work/AWA-App/AWA-App/tests/test_api_fast.py:13: DeprecationWarning: datetime.datetime.utcnow() is deprecated and scheduled for removal in a future version. Use timezone-aware objects to represent datetimes in UTC: datetime.datetime.now(datetime.UTC).
2025-08-18T18:13:20.8997740Z     return datetime.datetime.utcnow()
2025-08-18T18:13:20.8998064Z 
2025-08-18T18:13:20.8998328Z tests/test_api_fast.py: 1 warning
2025-08-18T18:13:20.8998877Z tests/test_health.py: 5 warnings
2025-08-18T18:13:20.8999405Z tests/test_smoke.py: 5 warnings
2025-08-18T18:13:20.8999971Z services/api/tests/test_cors.py: 1 warning
2025-08-18T18:13:20.9000610Z services/api/tests/test_health.py: 1 warning
2025-08-18T18:13:20.9001318Z services/api/tests/test_rate_limit.py: 102 warnings
2025-08-18T18:13:20.9003583Z   /home/runner/work/AWA-App/AWA-App/services/api/routes/health.py:24: DeprecationWarning: datetime.datetime.utcnow() is deprecated and scheduled for removal in a future version. Use timezone-aware objects to represent datetimes in UTC: datetime.datetime.now(datetime.UTC).
2025-08-18T18:13:20.9005647Z     app_now = datetime.utcnow().replace(tzinfo=timezone.utc)
2025-08-18T18:13:20.9006269Z 
2025-08-18T18:13:20.9006799Z tests/test_health.py::test_health[0]
2025-08-18T18:13:20.9007422Z tests/test_health.py::test_health[1]
2025-08-18T18:13:20.9007997Z tests/test_health.py::test_health[2]
2025-08-18T18:13:20.9008528Z tests/test_health.py::test_health[3]
2025-08-18T18:13:20.9009075Z tests/test_health.py::test_health[4]
2025-08-18T18:13:20.9011114Z   /home/runner/work/AWA-App/AWA-App/tests/test_health.py:22: DeprecationWarning: datetime.datetime.utcnow() is deprecated and scheduled for removal in a future version. Use timezone-aware objects to represent datetimes in UTC: datetime.datetime.now(datetime.UTC).
2025-08-18T18:13:20.9012997Z     return datetime.datetime.utcnow()
2025-08-18T18:13:20.9013328Z 
2025-08-18T18:13:20.9013609Z tests/test_smoke.py::test_health[0]
2025-08-18T18:13:20.9014178Z tests/test_smoke.py::test_health[1]
2025-08-18T18:13:20.9014723Z tests/test_smoke.py::test_health[2]
2025-08-18T18:13:20.9015256Z tests/test_smoke.py::test_health[3]
2025-08-18T18:13:20.9015808Z tests/test_smoke.py::test_health[4]
2025-08-18T18:13:20.9018042Z   /home/runner/work/AWA-App/AWA-App/tests/test_smoke.py:32: DeprecationWarning: datetime.datetime.utcnow() is deprecated and scheduled for removal in a future version. Use timezone-aware objects to represent datetimes in UTC: datetime.datetime.now(datetime.UTC).
2025-08-18T18:13:20.9019908Z     return datetime.datetime.utcnow()
2025-08-18T18:13:20.9020257Z 
2025-08-18T18:13:20.9020702Z services/api/tests/test_cors.py::test_cors_simple_get_allowed
2025-08-18T18:13:20.9022978Z   /home/runner/work/AWA-App/AWA-App/services/api/tests/test_cors.py:27: DeprecationWarning: datetime.datetime.utcnow() is deprecated and scheduled for removal in a future version. Use timezone-aware objects to represent datetimes in UTC: datetime.datetime.now(datetime.UTC).
2025-08-18T18:13:20.9024928Z     return datetime.datetime.utcnow()
2025-08-18T18:13:20.9025263Z 
2025-08-18T18:13:20.9025629Z services/api/tests/test_health.py::test_health_route
2025-08-18T18:13:20.9028054Z   /home/runner/work/AWA-App/AWA-App/services/api/tests/test_health.py:14: DeprecationWarning: datetime.datetime.utcnow() is deprecated and scheduled for removal in a future version. Use timezone-aware objects to represent datetimes in UTC: datetime.datetime.now(datetime.UTC).
2025-08-18T18:13:20.9030248Z     return datetime.datetime.utcnow()
2025-08-18T18:13:20.9030568Z 
2025-08-18T18:13:20.9030897Z services/api/tests/test_rate_limit.py: 102 warnings
2025-08-18T18:13:20.9033116Z   /home/runner/work/AWA-App/AWA-App/services/api/tests/test_rate_limit.py:33: DeprecationWarning: datetime.datetime.utcnow() is deprecated and scheduled for removal in a future version. Use timezone-aware objects to represent datetimes in UTC: datetime.datetime.now(datetime.UTC).
2025-08-18T18:13:20.9035079Z     return datetime.datetime.utcnow()
2025-08-18T18:13:20.9035413Z 
2025-08-18T18:13:20.9035900Z -- Docs: https://docs.pytest.org/en/stable/how-to/capture-warnings.html
2025-08-18T18:13:20.9037013Z ================================ tests coverage ================================
2025-08-18T18:13:20.9037909Z _______________ coverage: platform linux, python 3.12.11-final-0 _______________
2025-08-18T18:13:20.9038408Z 
2025-08-18T18:13:20.9038695Z Coverage XML written to file coverage.xml
2025-08-18T18:13:20.9039463Z Required test coverage of 45% reached. Total coverage: 62.78%
2025-08-18T18:13:21.2561521Z ##[group]Run echo "::group::postgres container logs"
2025-08-18T18:13:21.2561915Z [36;1mecho "::group::postgres container logs"[0m
2025-08-18T18:13:21.2562372Z [36;1mdocker logs 8995d5c9efa3e5171f1b856422aadd630726b843416b99e20977f7d7ca067707 --tail 200[0m
2025-08-18T18:13:21.2562798Z [36;1mecho "::endgroup::"[0m
2025-08-18T18:13:21.2602976Z shell: /usr/bin/bash -e {0}
2025-08-18T18:13:21.2603207Z env:
2025-08-18T18:13:21.2603412Z   REDIS_URL: redis://localhost:6379/0
2025-08-18T18:13:21.2603676Z   RATE_LIMIT_DEFAULT: 100/minute
2025-08-18T18:13:21.2603894Z   TRUST_X_FORWARDED: 1
2025-08-18T18:13:21.2604091Z   PG_USER: postgres
2025-08-18T18:13:21.2604283Z   PG_PASSWORD: pass
2025-08-18T18:13:21.2604464Z   PG_DATABASE: awa
2025-08-18T18:13:21.2604649Z   PG_HOST: localhost
2025-08-18T18:13:21.2604834Z   PG_PORT: 5432
2025-08-18T18:13:21.2605216Z   PG_SYNC_DSN: ***localhost:5432/awa
2025-08-18T18:13:21.2605628Z   PG_ASYNC_DSN: ***localhost:5432/awa
2025-08-18T18:13:21.2606288Z   DATABASE_URL: ***localhost:5432/awa
2025-08-18T18:13:21.2606540Z   DATA_DIR: /tmp/awa-data
2025-08-18T18:13:21.2606748Z   ENABLE_LIVE: 0
2025-08-18T18:13:21.2606927Z   TESTING: 1
2025-08-18T18:13:21.2607170Z   pythonLocation: /opt/hostedtoolcache/Python/3.12.11/x64
2025-08-18T18:13:21.2607568Z   PKG_CONFIG_PATH: /opt/hostedtoolcache/Python/3.12.11/x64/lib/pkgconfig
2025-08-18T18:13:21.2607952Z   Python_ROOT_DIR: /opt/hostedtoolcache/Python/3.12.11/x64
2025-08-18T18:13:21.2608294Z   Python2_ROOT_DIR: /opt/hostedtoolcache/Python/3.12.11/x64
2025-08-18T18:13:21.2608642Z   Python3_ROOT_DIR: /opt/hostedtoolcache/Python/3.12.11/x64
2025-08-18T18:13:21.2608993Z   LD_LIBRARY_PATH: /opt/hostedtoolcache/Python/3.12.11/x64/lib
2025-08-18T18:13:21.2609282Z ##[endgroup]
2025-08-18T18:13:21.2668559Z ##[group]postgres container logs
2025-08-18T18:13:21.2790959Z initdb: warning: enabling "trust" authentication for local connections
2025-08-18T18:13:21.2792125Z The files belonging to this database system will be owned by user "postgres".
2025-08-18T18:13:21.2792983Z initdb: hint: You can change this by editing pg_hba.conf or using the option -A, or --auth-local and --auth-host, the next time you run initdb.
2025-08-18T18:13:21.2794020Z 2025-08-18 18:10:27.697 UTC [1] LOG:  starting PostgreSQL 15.14 (Debian 15.14-1.pgdg13+1) on x86_64-pc-linux-gnu, compiled by gcc (Debian 14.2.0-19) 14.2.0, 64-bit
2025-08-18T18:13:21.2794764Z 2025-08-18 18:10:27.697 UTC [1] LOG:  listening on IPv4 address "0.0.0.0", port 5432
2025-08-18T18:13:21.2795301Z 2025-08-18 18:10:27.698 UTC [1] LOG:  listening on IPv6 address "::", port 5432
2025-08-18T18:13:21.2795868Z 2025-08-18 18:10:27.699 UTC [1] LOG:  listening on Unix socket "/var/run/postgresql/.s.PGSQL.5432"
2025-08-18T18:13:21.2796719Z 2025-08-18 18:10:27.702 UTC [64] LOG:  database system was shut down at 2025-08-18 18:10:27 UTC
2025-08-18T18:13:21.2797263Z 2025-08-18 18:10:27.706 UTC [1] LOG:  database system is ready to accept connections
2025-08-18T18:13:21.2797926Z This user must also own the server process.
2025-08-18T18:13:21.2798114Z 
2025-08-18T18:13:21.2798360Z The database cluster will be initialized with locale "en_US.utf8".
2025-08-18T18:13:21.2798841Z The default database encoding has accordingly been set to "UTF8".
2025-08-18T18:13:21.2799299Z The default text search configuration will be set to "english".
2025-08-18T18:13:21.2799537Z 
2025-08-18T18:13:21.2799676Z Data page checksums are disabled.
2025-08-18T18:13:21.2799835Z 
2025-08-18T18:13:21.2800102Z fixing permissions on existing directory /var/lib/postgresql/data ... ok
2025-08-18T18:13:21.2800498Z creating subdirectories ... ok
2025-08-18T18:13:21.2800846Z selecting dynamic shared memory implementation ... posix
2025-08-18T18:13:21.2801212Z selecting default max_connections ... 100
2025-08-18T18:13:21.2801572Z selecting default shared_buffers ... 128MB
2025-08-18T18:13:21.2802156Z selecting default time zone ... Etc/UTC
2025-08-18T18:13:21.2802471Z creating configuration files ... ok
2025-08-18T18:13:21.2803226Z running bootstrap script ... ok
2025-08-18T18:13:21.2803673Z performing post-bootstrap initialization ... ok
2025-08-18T18:13:21.2803976Z syncing data to disk ... ok
2025-08-18T18:13:21.2804115Z 
2025-08-18T18:13:21.2804122Z 
2025-08-18T18:13:21.2804447Z Success. You can now start the database server using:
2025-08-18T18:13:21.2804812Z 
2025-08-18T18:13:21.2805091Z     pg_ctl -D /var/lib/postgresql/data -l logfile start
2025-08-18T18:13:21.2805379Z 
2025-08-18T18:13:21.2806327Z waiting for server to start....2025-08-18 18:10:27.324 UTC [48] LOG:  starting PostgreSQL 15.14 (Debian 15.14-1.pgdg13+1) on x86_64-pc-linux-gnu, compiled by gcc (Debian 14.2.0-19) 14.2.0, 64-bit
2025-08-18T18:13:21.2807208Z 2025-08-18 18:10:27.324 UTC [48] LOG:  listening on Unix socket "/var/run/postgresql/.s.PGSQL.5432"
2025-08-18T18:13:21.2807827Z 2025-08-18 18:10:27.327 UTC [51] LOG:  database system was shut down at 2025-08-18 18:10:27 UTC
2025-08-18T18:13:21.2808375Z 2025-08-18 18:10:27.331 UTC [48] LOG:  database system is ready to accept connections
2025-08-18T18:13:21.2808710Z  done
2025-08-18T18:13:21.2808880Z server started
2025-08-18T18:13:21.2809066Z CREATE DATABASE
2025-08-18T18:13:21.2809175Z 
2025-08-18T18:13:21.2809181Z 
2025-08-18T18:13:21.2809483Z /usr/local/bin/docker-entrypoint.sh: ignoring /docker-entrypoint-initdb.d/*
2025-08-18T18:13:21.2809786Z 
2025-08-18T18:13:21.2810017Z 2025-08-18 18:10:27.571 UTC [48] LOG:  received fast shutdown request
2025-08-18T18:13:21.2810591Z waiting for server to shut down....2025-08-18 18:10:27.577 UTC [48] LOG:  aborting any active transactions
2025-08-18T18:13:21.2811311Z 2025-08-18 18:10:27.579 UTC [48] LOG:  background worker "logical replication launcher" (PID 54) exited with exit code 1
2025-08-18T18:13:21.2811840Z 2025-08-18 18:10:27.580 UTC [49] LOG:  shutting down
2025-08-18T18:13:21.2812281Z 2025-08-18 18:10:27.581 UTC [49] LOG:  checkpoint starting: shutdown immediate
2025-08-18T18:13:21.2813379Z 2025-08-18 18:10:27.605 UTC [49] LOG:  checkpoint complete: wrote 922 buffers (5.6%); 0 WAL file(s) added, 0 removed, 0 recycled; write=0.021 s, sync=0.002 s, total=0.025 s; sync files=301, longest=0.001 s, average=0.001 s; distance=4239 kB, estimate=4239 kB
2025-08-18T18:13:21.2814269Z 2025-08-18 18:10:27.613 UTC [48] LOG:  database system is shut down
2025-08-18T18:13:21.2814560Z  done
2025-08-18T18:13:21.2814727Z server stopped
2025-08-18T18:13:21.2814840Z 
2025-08-18T18:13:21.2815030Z PostgreSQL init process complete; ready for start up.
2025-08-18T18:13:21.2815742Z 
2025-08-18T18:13:21.2816259Z ##[endgroup]
2025-08-18T18:13:21.2852127Z Post job cleanup.
2025-08-18T18:13:21.5016984Z Post job cleanup.
2025-08-18T18:13:21.6483154Z [command]/usr/bin/tar --posix -cf cache.tzst --exclude cache.tzst -P -C /home/runner/work/AWA-App/AWA-App --files-from manifest.txt --use-compress-program zstdmt
2025-08-18T18:13:23.3672705Z Sent 0 of 318449380 (0.0%), 0.0 MBs/sec
2025-08-18T18:13:23.8862961Z Sent 318449380 of 318449380 (100.0%), 199.9 MBs/sec
2025-08-18T18:13:24.0441492Z Cache saved with key: Linux-test-5e718741e550cec7917fae13efe91a31293d04a98c3c0932315e8f58598cbd2c
2025-08-18T18:13:24.0557312Z Post job cleanup.
2025-08-18T18:13:24.2275839Z [command]/usr/bin/tar --posix -cf cache.tzst --exclude cache.tzst -P -C /home/runner/work/AWA-App/AWA-App --files-from manifest.txt --use-compress-program zstdmt
2025-08-18T18:13:25.8935737Z Sent 0 of 318443952 (0.0%), 0.0 MBs/sec
2025-08-18T18:13:26.8938063Z Sent 251335088 of 318443952 (78.9%), 119.8 MBs/sec
2025-08-18T18:13:27.8654775Z Sent 318443952 of 318443952 (100.0%), 102.2 MBs/sec
2025-08-18T18:13:28.0175663Z Cache saved with the key: setup-python-Linux-x64-24.04-Ubuntu-python-3.12.11-pip-c2dab1de5897f9bdacc57d37f049e4f17933a694937b619ffbecdbf3c5ea87ef
2025-08-18T18:13:28.0304325Z Post job cleanup.
2025-08-18T18:13:28.1237664Z [command]/usr/bin/git version
2025-08-18T18:13:28.1274433Z git version 2.50.1
2025-08-18T18:13:28.1319609Z Temporarily overriding HOME='/home/runner/work/_temp/d3ce42f3-2f4e-469a-9153-c384b0e7edb6' before making global git config changes
2025-08-18T18:13:28.1321239Z Adding repository directory to the temporary git global config as a safe directory
2025-08-18T18:13:28.1335651Z [command]/usr/bin/git config --global --add safe.directory /home/runner/work/AWA-App/AWA-App
2025-08-18T18:13:28.1373032Z [command]/usr/bin/git config --local --name-only --get-regexp core\.sshCommand
2025-08-18T18:13:28.1408095Z [command]/usr/bin/git submodule foreach --recursive sh -c "git config --local --name-only --get-regexp 'core\.sshCommand' && git config --local --unset-all 'core.sshCommand' || :"
2025-08-18T18:13:28.1637845Z [command]/usr/bin/git config --local --name-only --get-regexp http\.https\:\/\/github\.com\/\.extraheader
2025-08-18T18:13:28.1657009Z http.https://github.com/.extraheader
2025-08-18T18:13:28.1672360Z [command]/usr/bin/git config --local --unset-all http.https://github.com/.extraheader
2025-08-18T18:13:28.1705005Z [command]/usr/bin/git submodule foreach --recursive sh -c "git config --local --name-only --get-regexp 'http\.https\:\/\/github\.com\/\.extraheader' && git config --local --unset-all 'http.https://github.com/.extraheader' || :"
2025-08-18T18:13:28.2019592Z Print service container logs: c832104c066d4bd4911b1a0824e193d2_postgres15_829ad5
2025-08-18T18:13:28.2024011Z ##[command]/usr/bin/docker logs --details 8995d5c9efa3e5171f1b856422aadd630726b843416b99e20977f7d7ca067707
2025-08-18T18:13:28.2146338Z  The files belonging to this database system will be owned by user "postgres".
2025-08-18T18:13:28.2148603Z  initdb: warning: enabling "trust" authentication for local connections
2025-08-18T18:13:28.2149398Z  This user must also own the server process.
2025-08-18T18:13:28.2149900Z  
2025-08-18T18:13:28.2150404Z  The database cluster will be initialized with locale "en_US.utf8".
2025-08-18T18:13:28.2151183Z  The default database encoding has accordingly been set to "UTF8".
2025-08-18T18:13:28.2151928Z  The default text search configuration will be set to "english".
2025-08-18T18:13:28.2152558Z  
2025-08-18T18:13:28.2152899Z  Data page checksums are disabled.
2025-08-18T18:13:28.2153336Z  
2025-08-18T18:13:28.2153914Z  fixing permissions on existing directory /var/lib/postgresql/data ... ok
2025-08-18T18:13:28.2154630Z  creating subdirectories ... ok
2025-08-18T18:13:28.2155185Z  selecting dynamic shared memory implementation ... posix
2025-08-18T18:13:28.2155813Z  selecting default max_connections ... 100
2025-08-18T18:13:28.2156580Z  selecting default shared_buffers ... 128MB
2025-08-18T18:13:28.2157110Z  selecting default time zone ... Etc/UTC
2025-08-18T18:13:28.2157618Z  creating configuration files ... ok
2025-08-18T18:13:28.2158089Z  running bootstrap script ... ok
2025-08-18T18:13:28.2158569Z  performing post-bootstrap initialization ... ok
2025-08-18T18:13:28.2159047Z  syncing data to disk ... ok
2025-08-18T18:13:28.2159934Z  initdb: hint: You can change this by editing pg_hba.conf or using the option -A, or --auth-local and --auth-host, the next time you run initdb.
2025-08-18T18:13:28.2161702Z  2025-08-18 18:10:27.697 UTC [1] LOG:  starting PostgreSQL 15.14 (Debian 15.14-1.pgdg13+1) on x86_64-pc-linux-gnu, compiled by gcc (Debian 14.2.0-19) 14.2.0, 64-bit
2025-08-18T18:13:28.2162794Z  2025-08-18 18:10:27.697 UTC [1] LOG:  listening on IPv4 address "0.0.0.0", port 5432
2025-08-18T18:13:28.2163512Z  2025-08-18 18:10:27.698 UTC [1] LOG:  listening on IPv6 address "::", port 5432
2025-08-18T18:13:28.2164239Z  2025-08-18 18:10:27.699 UTC [1] LOG:  listening on Unix socket "/var/run/postgresql/.s.PGSQL.5432"
2025-08-18T18:13:28.2165112Z  2025-08-18 18:10:27.702 UTC [64] LOG:  database system was shut down at 2025-08-18 18:10:27 UTC
2025-08-18T18:13:28.2165817Z  2025-08-18 18:10:27.706 UTC [1] LOG:  database system is ready to accept connections
2025-08-18T18:13:28.2166523Z  
2025-08-18T18:13:28.2166769Z  
2025-08-18T18:13:28.2167104Z  Success. You can now start the database server using:
2025-08-18T18:13:28.2167562Z  
2025-08-18T18:13:28.2167926Z      pg_ctl -D /var/lib/postgresql/data -l logfile start
2025-08-18T18:13:28.2168405Z  
2025-08-18T18:13:28.2169361Z  waiting for server to start....2025-08-18 18:10:27.324 UTC [48] LOG:  starting PostgreSQL 15.14 (Debian 15.14-1.pgdg13+1) on x86_64-pc-linux-gnu, compiled by gcc (Debian 14.2.0-19) 14.2.0, 64-bit
2025-08-18T18:13:28.2171358Z  2025-08-18 18:10:27.324 UTC [48] LOG:  listening on Unix socket "/var/run/postgresql/.s.PGSQL.5432"
2025-08-18T18:13:28.2172139Z  2025-08-18 18:10:27.327 UTC [51] LOG:  database system was shut down at 2025-08-18 18:10:27 UTC
2025-08-18T18:13:28.2172642Z  2025-08-18 18:10:27.331 UTC [48] LOG:  database system is ready to accept connections
2025-08-18T18:13:28.2172985Z   done
2025-08-18T18:13:28.2173168Z  server started
2025-08-18T18:13:28.2173363Z  CREATE DATABASE
2025-08-18T18:13:28.2173563Z  
2025-08-18T18:13:28.2173723Z  
2025-08-18T18:13:28.2174032Z  /usr/local/bin/docker-entrypoint.sh: ignoring /docker-entrypoint-initdb.d/*
2025-08-18T18:13:28.2174403Z  
2025-08-18T18:13:28.2174641Z  2025-08-18 18:10:27.571 UTC [48] LOG:  received fast shutdown request
2025-08-18T18:13:28.2175378Z  waiting for server to shut down....2025-08-18 18:10:27.577 UTC [48] LOG:  aborting any active transactions
2025-08-18T18:13:28.2176222Z  2025-08-18 18:10:27.579 UTC [48] LOG:  background worker "logical replication launcher" (PID 54) exited with exit code 1
2025-08-18T18:13:28.2176718Z  2025-08-18 18:10:27.580 UTC [49] LOG:  shutting down
2025-08-18T18:13:28.2177076Z  2025-08-18 18:10:27.581 UTC [49] LOG:  checkpoint starting: shutdown immediate
2025-08-18T18:13:28.2177900Z  2025-08-18 18:10:27.605 UTC [49] LOG:  checkpoint complete: wrote 922 buffers (5.6%); 0 WAL file(s) added, 0 removed, 0 recycled; write=0.021 s, sync=0.002 s, total=0.025 s; sync files=301, longest=0.001 s, average=0.001 s; distance=4239 kB, estimate=4239 kB
2025-08-18T18:13:28.2178714Z  2025-08-18 18:10:27.613 UTC [48] LOG:  database system is shut down
2025-08-18T18:13:28.2179014Z   done
2025-08-18T18:13:28.2179190Z  server stopped
2025-08-18T18:13:28.2179382Z  
2025-08-18T18:13:28.2179609Z  PostgreSQL init process complete; ready for start up.
2025-08-18T18:13:28.2179899Z  
2025-08-18T18:13:28.2186369Z Stop and remove container: c832104c066d4bd4911b1a0824e193d2_postgres15_829ad5
2025-08-18T18:13:28.2191129Z ##[command]/usr/bin/docker rm --force 8995d5c9efa3e5171f1b856422aadd630726b843416b99e20977f7d7ca067707
2025-08-18T18:13:28.3409885Z 8995d5c9efa3e5171f1b856422aadd630726b843416b99e20977f7d7ca067707
2025-08-18T18:13:28.3431248Z Print service container logs: c5e8751c153045c7a61437a119f4d061_redis7alpine_5d4d04
2025-08-18T18:13:28.3432432Z ##[command]/usr/bin/docker logs --details b84ae11e12c346e41db181fb20a00177f82edb24e29af235e64d284f33812ac9
2025-08-18T18:13:28.3552527Z  1:C 18 Aug 2025 18:10:28.155 # WARNING Memory overcommit must be enabled! Without it, a background save or replication may fail under low memory condition. Being disabled, it can also cause failures without low memory condition, see https://github.com/jemalloc/jemalloc/issues/1328. To fix this issue add 'vm.overcommit_memory = 1' to /etc/sysctl.conf and then reboot or run the command 'sysctl vm.overcommit_memory=1' for this to take effect.
2025-08-18T18:13:28.3555673Z  1:C 18 Aug 2025 18:10:28.155 * oO0OoO0OoO0Oo Redis is starting oO0OoO0OoO0Oo
2025-08-18T18:13:28.3556728Z  1:C 18 Aug 2025 18:10:28.155 * Redis version=7.4.5, bits=64, commit=00000000, modified=0, pid=1, just started
2025-08-18T18:13:28.3557978Z  1:C 18 Aug 2025 18:10:28.155 # Warning: no config file specified, using the default config. In order to specify a config file use redis-server /path/to/redis.conf
2025-08-18T18:13:28.3558998Z  1:M 18 Aug 2025 18:10:28.155 * monotonic clock: POSIX clock_gettime
2025-08-18T18:13:28.3559638Z  1:M 18 Aug 2025 18:10:28.156 * Running mode=standalone, port=6379.
2025-08-18T18:13:28.3560220Z  1:M 18 Aug 2025 18:10:28.156 * Server initialized
2025-08-18T18:13:28.3560774Z  1:M 18 Aug 2025 18:10:28.156 * Ready to accept connections tcp
2025-08-18T18:13:28.3569021Z Stop and remove container: c5e8751c153045c7a61437a119f4d061_redis7alpine_5d4d04
2025-08-18T18:13:28.3569823Z ##[command]/usr/bin/docker rm --force b84ae11e12c346e41db181fb20a00177f82edb24e29af235e64d284f33812ac9
2025-08-18T18:13:28.4731831Z b84ae11e12c346e41db181fb20a00177f82edb24e29af235e64d284f33812ac9
2025-08-18T18:13:28.4754228Z Remove container network: github_network_9c1a8c65ac1d4056b8bb3e3a13377afc
2025-08-18T18:13:28.4758826Z ##[command]/usr/bin/docker network rm github_network_9c1a8c65ac1d4056b8bb3e3a13377afc
2025-08-18T18:13:28.5885546Z github_network_9c1a8c65ac1d4056b8bb3e3a13377afc
2025-08-18T18:13:28.5947146Z Cleaning up orphan processes
