2025-08-18T10:32:38.8815394Z Current runner version: '2.327.1'
2025-08-18T10:32:38.8839434Z ##[group]Runner Image Provisioner
2025-08-18T10:32:38.8840350Z Hosted Compute Agent
2025-08-18T10:32:38.8840854Z Version: 20250812.370
2025-08-18T10:32:38.8841796Z Commit: 4a2b2bf7520004e3e907c2150c8cabe342a3da32
2025-08-18T10:32:38.8842530Z Build Date: 2025-08-12T16:08:14Z
2025-08-18T10:32:38.8843113Z ##[endgroup]
2025-08-18T10:32:38.8843610Z ##[group]Operating System
2025-08-18T10:32:38.8844350Z Ubuntu
2025-08-18T10:32:38.8844781Z 24.04.2
2025-08-18T10:32:38.8845232Z LTS
2025-08-18T10:32:38.8845716Z ##[endgroup]
2025-08-18T10:32:38.8846192Z ##[group]Runner Image
2025-08-18T10:32:38.8846811Z Image: ubuntu-24.04
2025-08-18T10:32:38.8847331Z Version: 20250810.1.0
2025-08-18T10:32:38.8848342Z Included Software: https://github.com/actions/runner-images/blob/ubuntu24/20250810.1/images/ubuntu/Ubuntu2404-Readme.md
2025-08-18T10:32:38.8849926Z Image Release: https://github.com/actions/runner-images/releases/tag/ubuntu24%2F20250810.1
2025-08-18T10:32:38.8850880Z ##[endgroup]
2025-08-18T10:32:38.8853494Z ##[group]GITHUB_TOKEN Permissions
2025-08-18T10:32:38.8855650Z Actions: write
2025-08-18T10:32:38.8856176Z Attestations: write
2025-08-18T10:32:38.8856779Z Checks: write
2025-08-18T10:32:38.8857229Z Contents: write
2025-08-18T10:32:38.8857708Z Deployments: write
2025-08-18T10:32:38.8858246Z Discussions: write
2025-08-18T10:32:38.8858769Z Issues: write
2025-08-18T10:32:38.8859200Z Metadata: read
2025-08-18T10:32:38.8859725Z Models: read
2025-08-18T10:32:38.8860165Z Packages: write
2025-08-18T10:32:38.8860657Z Pages: write
2025-08-18T10:32:38.8861131Z PullRequests: write
2025-08-18T10:32:38.8861858Z RepositoryProjects: write
2025-08-18T10:32:38.8862396Z SecurityEvents: write
2025-08-18T10:32:38.8863050Z Statuses: write
2025-08-18T10:32:38.8863543Z ##[endgroup]
2025-08-18T10:32:38.8865818Z Secret source: Actions
2025-08-18T10:32:38.8866929Z Prepare workflow directory
2025-08-18T10:32:38.9285218Z Prepare all required actions
2025-08-18T10:32:38.9322996Z Getting action download info
2025-08-18T10:32:39.2664182Z Download action repository 'actions/checkout@v4' (SHA:08eba0b27e820071cde6df949e0beb9ba4906955)
2025-08-18T10:32:39.5506868Z Download action repository 'actions/setup-python@v5' (SHA:a26af69be951a213d495a4c3e4e4022e16d87065)
2025-08-18T10:32:39.7715209Z Download action repository 'actions/cache@v4' (SHA:0400d5f644dc74513175e3cd8d07132dd4860809)
2025-08-18T10:32:40.0209420Z Download action repository 'actions/setup-node@v4' (SHA:49933ea5288caeca8642d1e84afbd3f7d6820020)
2025-08-18T10:32:40.1072033Z Download action repository 'codecov/codecov-action@v4' (SHA:b9fd7d16f6d7d1b5d2bec1a2887e65ceed900238)
2025-08-18T10:32:40.4769345Z Complete job name: test
2025-08-18T10:32:40.5361253Z ##[group]Checking docker version
2025-08-18T10:32:40.5375122Z ##[command]/usr/bin/docker version --format '{{.Server.APIVersion}}'
2025-08-18T10:32:41.7413746Z '1.48'
2025-08-18T10:32:41.7427925Z Docker daemon API version: '1.48'
2025-08-18T10:32:41.7428403Z ##[command]/usr/bin/docker version --format '{{.Client.APIVersion}}'
2025-08-18T10:32:41.7585443Z '1.48'
2025-08-18T10:32:41.7598553Z Docker client API version: '1.48'
2025-08-18T10:32:41.7604656Z ##[endgroup]
2025-08-18T10:32:41.7607241Z ##[group]Clean up resources from previous jobs
2025-08-18T10:32:41.7612726Z ##[command]/usr/bin/docker ps --all --quiet --no-trunc --filter "label=a686ff"
2025-08-18T10:32:41.7841058Z ##[command]/usr/bin/docker network prune --force --filter "label=a686ff"
2025-08-18T10:32:41.8021087Z ##[endgroup]
2025-08-18T10:32:41.8021750Z ##[group]Create local container network
2025-08-18T10:32:41.8031176Z ##[command]/usr/bin/docker network create --label a686ff github_network_214d7891c09b4a45a280c59a270f4320
2025-08-18T10:32:41.8517923Z 2796ae5b0f5de73deae54e2318227d86e46d9c7116a2357b8c5a2b67f83fa8fb
2025-08-18T10:32:41.8538885Z ##[endgroup]
2025-08-18T10:32:41.8562798Z ##[group]Starting postgres service container
2025-08-18T10:32:41.8580982Z ##[command]/usr/bin/docker pull postgres:15
2025-08-18T10:32:42.0676386Z 15: Pulling from library/postgres
2025-08-18T10:32:42.1373479Z 396b1da7636e: Pulling fs layer
2025-08-18T10:32:42.1374143Z fca2566eba32: Pulling fs layer
2025-08-18T10:32:42.1374564Z 631fe8c6d606: Pulling fs layer
2025-08-18T10:32:42.1374946Z 77c7671c4414: Pulling fs layer
2025-08-18T10:32:42.1375391Z 2d9e29180a27: Pulling fs layer
2025-08-18T10:32:42.1375842Z c6bcc2c9a041: Pulling fs layer
2025-08-18T10:32:42.1376243Z ac4b721eb66f: Pulling fs layer
2025-08-18T10:32:42.1376638Z 606bd164980e: Pulling fs layer
2025-08-18T10:32:42.1377039Z f5dfd246bc6e: Pulling fs layer
2025-08-18T10:32:42.1377431Z ba7036bb0a60: Pulling fs layer
2025-08-18T10:32:42.1377957Z 799f859abbbd: Pulling fs layer
2025-08-18T10:32:42.1378441Z d903e777080c: Pulling fs layer
2025-08-18T10:32:42.1378933Z 04adcb462801: Pulling fs layer
2025-08-18T10:32:42.1379350Z 5c10925b29ff: Pulling fs layer
2025-08-18T10:32:42.1379658Z ac4b721eb66f: Waiting
2025-08-18T10:32:42.1379860Z 606bd164980e: Waiting
2025-08-18T10:32:42.1380033Z f5dfd246bc6e: Waiting
2025-08-18T10:32:42.1380224Z ba7036bb0a60: Waiting
2025-08-18T10:32:42.1380397Z 799f859abbbd: Waiting
2025-08-18T10:32:42.1380574Z d903e777080c: Waiting
2025-08-18T10:32:42.1380735Z 04adcb462801: Waiting
2025-08-18T10:32:42.1380906Z 5c10925b29ff: Waiting
2025-08-18T10:32:42.1381116Z 77c7671c4414: Waiting
2025-08-18T10:32:42.1381544Z c6bcc2c9a041: Waiting
2025-08-18T10:32:42.1890632Z fca2566eba32: Verifying Checksum
2025-08-18T10:32:42.1891169Z fca2566eba32: Download complete
2025-08-18T10:32:42.2316376Z 631fe8c6d606: Verifying Checksum
2025-08-18T10:32:42.2316939Z 631fe8c6d606: Download complete
2025-08-18T10:32:42.2587562Z 77c7671c4414: Verifying Checksum
2025-08-18T10:32:42.2588526Z 77c7671c4414: Download complete
2025-08-18T10:32:42.3321160Z c6bcc2c9a041: Verifying Checksum
2025-08-18T10:32:42.3322348Z c6bcc2c9a041: Download complete
2025-08-18T10:32:42.3459713Z 2d9e29180a27: Verifying Checksum
2025-08-18T10:32:42.3460208Z 2d9e29180a27: Download complete
2025-08-18T10:32:42.3572854Z 396b1da7636e: Verifying Checksum
2025-08-18T10:32:42.3573939Z 396b1da7636e: Download complete
2025-08-18T10:32:42.3890986Z ac4b721eb66f: Verifying Checksum
2025-08-18T10:32:42.3892883Z ac4b721eb66f: Download complete
2025-08-18T10:32:42.4077018Z 606bd164980e: Download complete
2025-08-18T10:32:42.4357742Z ba7036bb0a60: Verifying Checksum
2025-08-18T10:32:42.4359845Z ba7036bb0a60: Download complete
2025-08-18T10:32:42.4782577Z 799f859abbbd: Verifying Checksum
2025-08-18T10:32:42.4783728Z 799f859abbbd: Download complete
2025-08-18T10:32:42.5193951Z d903e777080c: Verifying Checksum
2025-08-18T10:32:42.5194604Z d903e777080c: Download complete
2025-08-18T10:32:42.5410650Z 04adcb462801: Verifying Checksum
2025-08-18T10:32:42.5411703Z 04adcb462801: Download complete
2025-08-18T10:32:42.5698496Z 5c10925b29ff: Verifying Checksum
2025-08-18T10:32:42.5698985Z 5c10925b29ff: Download complete
2025-08-18T10:32:43.0133960Z f5dfd246bc6e: Verifying Checksum
2025-08-18T10:32:43.0134456Z f5dfd246bc6e: Download complete
2025-08-18T10:32:43.3505251Z 396b1da7636e: Pull complete
2025-08-18T10:32:43.6521776Z fca2566eba32: Pull complete
2025-08-18T10:32:43.8204534Z 631fe8c6d606: Pull complete
2025-08-18T10:32:43.8649629Z 77c7671c4414: Pull complete
2025-08-18T10:32:44.1746655Z 2d9e29180a27: Pull complete
2025-08-18T10:32:44.2600053Z c6bcc2c9a041: Pull complete
2025-08-18T10:32:44.2692820Z ac4b721eb66f: Pull complete
2025-08-18T10:32:44.2802502Z 606bd164980e: Pull complete
2025-08-18T10:32:47.2054436Z f5dfd246bc6e: Pull complete
2025-08-18T10:32:47.2259246Z ba7036bb0a60: Pull complete
2025-08-18T10:32:47.2385135Z 799f859abbbd: Pull complete
2025-08-18T10:32:47.2489185Z d903e777080c: Pull complete
2025-08-18T10:32:47.2610081Z 04adcb462801: Pull complete
2025-08-18T10:32:47.2720444Z 5c10925b29ff: Pull complete
2025-08-18T10:32:47.2762915Z Digest: sha256:bc51cf4f1fe02cce7ed2370b20128a9b00b4eb804573a77d2a0d877aaa9c82b1
2025-08-18T10:32:47.2776906Z Status: Downloaded newer image for postgres:15
2025-08-18T10:32:47.2786267Z docker.io/library/postgres:15
2025-08-18T10:32:47.2847517Z ##[command]/usr/bin/docker create --name 72812986822946d2bd9385f2266e2e6a_postgres15_f7b54b --label a686ff --network github_network_214d7891c09b4a45a280c59a270f4320 --network-alias postgres -p 5432:5432 --health-cmd="pg_isready -U postgres -d awa" --health-interval=5s --health-timeout=5s --health-retries=10 -e "POSTGRES_USER=postgres" -e "POSTGRES_PASSWORD=pass" -e "POSTGRES_DB=awa" -e GITHUB_ACTIONS=true -e CI=true postgres:15
2025-08-18T10:32:47.3114378Z b46bef785517d46ae9ca70b060fa313ad87dc20edfcb574b7fa16f9dab2ba437
2025-08-18T10:32:47.3139218Z ##[command]/usr/bin/docker start b46bef785517d46ae9ca70b060fa313ad87dc20edfcb574b7fa16f9dab2ba437
2025-08-18T10:32:47.6238830Z b46bef785517d46ae9ca70b060fa313ad87dc20edfcb574b7fa16f9dab2ba437
2025-08-18T10:32:47.6292508Z ##[command]/usr/bin/docker ps --all --filter id=b46bef785517d46ae9ca70b060fa313ad87dc20edfcb574b7fa16f9dab2ba437 --filter status=running --no-trunc --format "{{.ID}} {{.Status}}"
2025-08-18T10:32:47.6437001Z b46bef785517d46ae9ca70b060fa313ad87dc20edfcb574b7fa16f9dab2ba437 Up Less than a second (health: starting)
2025-08-18T10:32:47.6456162Z ##[command]/usr/bin/docker port b46bef785517d46ae9ca70b060fa313ad87dc20edfcb574b7fa16f9dab2ba437
2025-08-18T10:32:47.6583127Z 5432/tcp -> 0.0.0.0:5432
2025-08-18T10:32:47.6583695Z 5432/tcp -> [::]:5432
2025-08-18T10:32:47.6630362Z ##[endgroup]
2025-08-18T10:32:47.6638402Z ##[group]Waiting for all services to be ready
2025-08-18T10:32:47.6652887Z ##[command]/usr/bin/docker inspect --format="{{if .Config.Healthcheck}}{{print .State.Health.Status}}{{end}}" b46bef785517d46ae9ca70b060fa313ad87dc20edfcb574b7fa16f9dab2ba437
2025-08-18T10:32:47.6787304Z starting
2025-08-18T10:32:47.6813369Z postgres service is starting, waiting 2 seconds before checking again.
2025-08-18T10:32:49.6816206Z ##[command]/usr/bin/docker inspect --format="{{if .Config.Healthcheck}}{{print .State.Health.Status}}{{end}}" b46bef785517d46ae9ca70b060fa313ad87dc20edfcb574b7fa16f9dab2ba437
2025-08-18T10:32:49.6936318Z starting
2025-08-18T10:32:49.6949859Z postgres service is starting, waiting 3 seconds before checking again.
2025-08-18T10:32:53.3853157Z ##[command]/usr/bin/docker inspect --format="{{if .Config.Healthcheck}}{{print .State.Health.Status}}{{end}}" b46bef785517d46ae9ca70b060fa313ad87dc20edfcb574b7fa16f9dab2ba437
2025-08-18T10:32:53.3977442Z healthy
2025-08-18T10:32:53.3995989Z postgres service is healthy.
2025-08-18T10:32:53.3996921Z ##[endgroup]
2025-08-18T10:32:53.4241199Z ##[group]Run actions/checkout@v4
2025-08-18T10:32:53.4241913Z with:
2025-08-18T10:32:53.4242104Z   fetch-depth: 0
2025-08-18T10:32:53.4242308Z   repository: AlexBomber12/AWA-App
2025-08-18T10:32:53.4242699Z   token: ***
2025-08-18T10:32:53.4242880Z   ssh-strict: true
2025-08-18T10:32:53.4243067Z   ssh-user: git
2025-08-18T10:32:53.4243256Z   persist-credentials: true
2025-08-18T10:32:53.4243477Z   clean: true
2025-08-18T10:32:53.4243668Z   sparse-checkout-cone-mode: true
2025-08-18T10:32:53.4243891Z   fetch-tags: false
2025-08-18T10:32:53.4244078Z   show-progress: true
2025-08-18T10:32:53.4244275Z   lfs: false
2025-08-18T10:32:53.4244444Z   submodules: false
2025-08-18T10:32:53.4244622Z   set-safe-directory: true
2025-08-18T10:32:53.4245035Z ##[endgroup]
2025-08-18T10:32:53.5299748Z Syncing repository: AlexBomber12/AWA-App
2025-08-18T10:32:53.5300921Z ##[group]Getting Git version info
2025-08-18T10:32:53.5301272Z Working directory is '/home/runner/work/AWA-App/AWA-App'
2025-08-18T10:32:53.5301984Z [command]/usr/bin/git version
2025-08-18T10:32:53.5343807Z git version 2.50.1
2025-08-18T10:32:53.5369961Z ##[endgroup]
2025-08-18T10:32:53.5384508Z Temporarily overriding HOME='/home/runner/work/_temp/2080dc7a-8465-4e74-9ad7-7b890c9534ed' before making global git config changes
2025-08-18T10:32:53.5385667Z Adding repository directory to the temporary git global config as a safe directory
2025-08-18T10:32:53.5389995Z [command]/usr/bin/git config --global --add safe.directory /home/runner/work/AWA-App/AWA-App
2025-08-18T10:32:53.5426067Z Deleting the contents of '/home/runner/work/AWA-App/AWA-App'
2025-08-18T10:32:53.5429754Z ##[group]Initializing the repository
2025-08-18T10:32:53.5433992Z [command]/usr/bin/git init /home/runner/work/AWA-App/AWA-App
2025-08-18T10:32:53.5491610Z hint: Using 'master' as the name for the initial branch. This default branch name
2025-08-18T10:32:53.5492457Z hint: is subject to change. To configure the initial branch name to use in all
2025-08-18T10:32:53.5493238Z hint: of your new repositories, which will suppress this warning, call:
2025-08-18T10:32:53.5493773Z hint:
2025-08-18T10:32:53.5494165Z hint: 	git config --global init.defaultBranch <name>
2025-08-18T10:32:53.5494620Z hint:
2025-08-18T10:32:53.5495073Z hint: Names commonly chosen instead of 'master' are 'main', 'trunk' and
2025-08-18T10:32:53.5495818Z hint: 'development'. The just-created branch can be renamed via this command:
2025-08-18T10:32:53.5496171Z hint:
2025-08-18T10:32:53.5496351Z hint: 	git branch -m <name>
2025-08-18T10:32:53.5496557Z hint:
2025-08-18T10:32:53.5496860Z hint: Disable this message with "git config set advice.defaultBranchName false"
2025-08-18T10:32:53.5497356Z Initialized empty Git repository in /home/runner/work/AWA-App/AWA-App/.git/
2025-08-18T10:32:53.5505380Z [command]/usr/bin/git remote add origin https://github.com/AlexBomber12/AWA-App
2025-08-18T10:32:53.5535470Z ##[endgroup]
2025-08-18T10:32:53.5535843Z ##[group]Disabling automatic garbage collection
2025-08-18T10:32:53.5539530Z [command]/usr/bin/git config --local gc.auto 0
2025-08-18T10:32:53.5566386Z ##[endgroup]
2025-08-18T10:32:53.5566916Z ##[group]Setting up auth
2025-08-18T10:32:53.5574412Z [command]/usr/bin/git config --local --name-only --get-regexp core\.sshCommand
2025-08-18T10:32:53.5602254Z [command]/usr/bin/git submodule foreach --recursive sh -c "git config --local --name-only --get-regexp 'core\.sshCommand' && git config --local --unset-all 'core.sshCommand' || :"
2025-08-18T10:32:53.5891966Z [command]/usr/bin/git config --local --name-only --get-regexp http\.https\:\/\/github\.com\/\.extraheader
2025-08-18T10:32:53.5920771Z [command]/usr/bin/git submodule foreach --recursive sh -c "git config --local --name-only --get-regexp 'http\.https\:\/\/github\.com\/\.extraheader' && git config --local --unset-all 'http.https://github.com/.extraheader' || :"
2025-08-18T10:32:53.6138771Z [command]/usr/bin/git config --local http.https://github.com/.extraheader AUTHORIZATION: basic ***
2025-08-18T10:32:53.6175315Z ##[endgroup]
2025-08-18T10:32:53.6175995Z ##[group]Fetching the repository
2025-08-18T10:32:53.6184972Z [command]/usr/bin/git -c protocol.version=2 fetch --prune --no-recurse-submodules origin +refs/heads/*:refs/remotes/origin/* +refs/tags/*:refs/tags/* +a80e64de3dcd5f6e8c80ae785220353c601d1109:refs/remotes/pull/242/merge
2025-08-18T10:32:54.7558837Z From https://github.com/AlexBomber12/AWA-App
2025-08-18T10:32:54.7559858Z  * [new branch]      codex/fix-ci-workflows-by-analyzing-logs -> origin/codex/fix-ci-workflows-by-analyzing-logs
2025-08-18T10:32:54.7561543Z  * [new branch]      codex/fix-ci-workflows-by-analyzing-logs-uv2onj -> origin/codex/fix-ci-workflows-by-analyzing-logs-uv2onj
2025-08-18T10:32:54.7563190Z  * [new branch]      codex/implement-structured-json-logging-and-error-handling -> origin/codex/implement-structured-json-logging-and-error-handling
2025-08-18T10:32:54.7564766Z  * [new branch]      codex/update-log-persistence-to-default-branch -> origin/codex/update-log-persistence-to-default-branch
2025-08-18T10:32:54.7565833Z  * [new branch]      gh-pages                                 -> origin/gh-pages
2025-08-18T10:32:54.7567344Z  * [new branch]      main                                     -> origin/main
2025-08-18T10:32:54.7569162Z  * [new tag]         0.3.0                                    -> 0.3.0
2025-08-18T10:32:54.7572808Z  * [new ref]         a80e64de3dcd5f6e8c80ae785220353c601d1109 -> pull/242/merge
2025-08-18T10:32:54.7605132Z ##[endgroup]
2025-08-18T10:32:54.7605698Z ##[group]Determining the checkout info
2025-08-18T10:32:54.7606413Z ##[endgroup]
2025-08-18T10:32:54.7611276Z [command]/usr/bin/git sparse-checkout disable
2025-08-18T10:32:54.7650128Z [command]/usr/bin/git config --local --unset-all extensions.worktreeConfig
2025-08-18T10:32:54.7676162Z ##[group]Checking out the ref
2025-08-18T10:32:54.7679646Z [command]/usr/bin/git checkout --progress --force refs/remotes/pull/242/merge
2025-08-18T10:32:54.7898287Z Note: switching to 'refs/remotes/pull/242/merge'.
2025-08-18T10:32:54.7898720Z 
2025-08-18T10:32:54.7899027Z You are in 'detached HEAD' state. You can look around, make experimental
2025-08-18T10:32:54.7899716Z changes and commit them, and you can discard any commits you make in this
2025-08-18T10:32:54.7900442Z state without impacting any branches by switching back to a branch.
2025-08-18T10:32:54.7900844Z 
2025-08-18T10:32:54.7901100Z If you want to create a new branch to retain commits you create, you may
2025-08-18T10:32:54.7902242Z do so (now or later) by using -c with the switch command. Example:
2025-08-18T10:32:54.7902614Z 
2025-08-18T10:32:54.7902781Z   git switch -c <new-branch-name>
2025-08-18T10:32:54.7903050Z 
2025-08-18T10:32:54.7903190Z Or undo this operation with:
2025-08-18T10:32:54.7903428Z 
2025-08-18T10:32:54.7903546Z   git switch -
2025-08-18T10:32:54.7903732Z 
2025-08-18T10:32:54.7904037Z Turn off this advice by setting config variable advice.detachedHead to false
2025-08-18T10:32:54.7904499Z 
2025-08-18T10:32:54.7904902Z HEAD is now at a80e64d Merge 3a46b6129f32fd41abde54501a18973d85ad8c99 into 1f9f11151eff9e05019fdf93efc147e18a69e7f9
2025-08-18T10:32:54.7910219Z ##[endgroup]
2025-08-18T10:32:54.7952859Z [command]/usr/bin/git log -1 --format=%H
2025-08-18T10:32:54.7974788Z a80e64de3dcd5f6e8c80ae785220353c601d1109
2025-08-18T10:32:54.8136549Z ##[group]Run cat .env.ci >> "$GITHUB_ENV"
2025-08-18T10:32:54.8136905Z [36;1mcat .env.ci >> "$GITHUB_ENV"[0m
2025-08-18T10:32:54.8137604Z [36;1mecho "DATABASE_URL=***localhost:5432/awa" >> "$GITHUB_ENV"[0m
2025-08-18T10:32:54.8137942Z [36;1mecho "PG_HOST=localhost" >> "$GITHUB_ENV"[0m
2025-08-18T10:32:54.8138259Z [36;1mecho "PG_PORT=5432" >> "$GITHUB_ENV"[0m
2025-08-18T10:32:54.8138527Z [36;1mecho "PG_USER=postgres" >> "$GITHUB_ENV"[0m
2025-08-18T10:32:54.8138800Z [36;1mecho "PG_PASSWORD=pass" >> "$GITHUB_ENV"[0m
2025-08-18T10:32:54.8139069Z [36;1mecho "PG_DATABASE=awa" >> "$GITHUB_ENV"[0m
2025-08-18T10:32:54.8184333Z shell: /usr/bin/bash -e {0}
2025-08-18T10:32:54.8184573Z ##[endgroup]
2025-08-18T10:32:54.8359508Z ##[group]Run actions/setup-python@v5
2025-08-18T10:32:54.8359761Z with:
2025-08-18T10:32:54.8359935Z   python-version: 3.12
2025-08-18T10:32:54.8360138Z   cache: pip
2025-08-18T10:32:54.8360898Z   cache-dependency-path: requirements-dev.txt
services/etl/requirements.txt
services/api/requirements.txt
services/repricer/requirements.txt
services/fees_h10/requirements.txt
services/alert_bot/requirements.txt

2025-08-18T10:32:54.8361953Z   check-latest: false
2025-08-18T10:32:54.8362293Z   token: ***
2025-08-18T10:32:54.8362484Z   update-environment: true
2025-08-18T10:32:54.8362705Z   allow-prereleases: false
2025-08-18T10:32:54.8362918Z   freethreaded: false
2025-08-18T10:32:54.8363099Z env:
2025-08-18T10:32:54.8363252Z   PG_USER: postgres
2025-08-18T10:32:54.8363435Z   PG_PASSWORD: pass
2025-08-18T10:32:54.8363609Z   PG_DATABASE: awa
2025-08-18T10:32:54.8363785Z   PG_HOST: localhost
2025-08-18T10:32:54.8363965Z   PG_PORT: 5432
2025-08-18T10:32:54.8364381Z   PG_SYNC_DSN: ***localhost:5432/awa
2025-08-18T10:32:54.8364796Z   PG_ASYNC_DSN: ***localhost:5432/awa
2025-08-18T10:32:54.8365164Z   DATABASE_URL: ***localhost:5432/awa
2025-08-18T10:32:54.8365393Z   DATA_DIR: /tmp/awa-data
2025-08-18T10:32:54.8365588Z   ENABLE_LIVE: 0
2025-08-18T10:32:54.8365756Z   TESTING: 1
2025-08-18T10:32:54.8365920Z ##[endgroup]
2025-08-18T10:32:55.0020650Z ##[group]Installed versions
2025-08-18T10:32:55.0632711Z Successfully set up CPython (3.12.11)
2025-08-18T10:32:55.0633506Z ##[endgroup]
2025-08-18T10:32:55.1055165Z [command]/opt/hostedtoolcache/Python/3.12.11/x64/bin/pip cache dir
2025-08-18T10:32:56.5574634Z /home/runner/.cache/pip
2025-08-18T10:32:56.6533251Z Cache hit for: setup-python-Linux-x64-24.04-Ubuntu-python-3.12.11-pip-a46276b49878943237131d53280f1075a94d2a906d129a0f60e705f79de8916d
2025-08-18T10:32:57.7126737Z Received 230686720 of 318202112 (72.5%), 219.6 MBs/sec
2025-08-18T10:32:58.1602176Z Received 318202112 of 318202112 (100.0%), 209.3 MBs/sec
2025-08-18T10:32:58.1604452Z Cache Size: ~303 MB (318202112 B)
2025-08-18T10:32:58.1643027Z [command]/usr/bin/tar -xf /home/runner/work/_temp/bec2f4d7-9df8-46ad-a7c4-fc1e7e0fa2b0/cache.tzst -P -C /home/runner/work/AWA-App/AWA-App --use-compress-program unzstd
2025-08-18T10:32:58.6570065Z Cache restored successfully
2025-08-18T10:32:58.7188800Z Cache restored from key: setup-python-Linux-x64-24.04-Ubuntu-python-3.12.11-pip-a46276b49878943237131d53280f1075a94d2a906d129a0f60e705f79de8916d
2025-08-18T10:32:58.7908803Z ##[group]Run actions/cache@v4
2025-08-18T10:32:58.7909059Z with:
2025-08-18T10:32:58.7909280Z   path: ~/.cache/pip
.pytest_cache
~/.ruff_cache

2025-08-18T10:32:58.7909721Z   key: Linux-test-842a859a37b6f31d35b1262d499b1acd0270bca26490137bed88679f7bc0eea4
2025-08-18T10:32:58.7910123Z   restore-keys: Linux-test-
2025-08-18T10:32:58.7910347Z   enableCrossOsArchive: false
2025-08-18T10:32:58.7910572Z   fail-on-cache-miss: false
2025-08-18T10:32:58.7910782Z   lookup-only: false
2025-08-18T10:32:58.7910975Z   save-always: false
2025-08-18T10:32:58.7911146Z env:
2025-08-18T10:32:58.7911307Z   PG_USER: postgres
2025-08-18T10:32:58.7911988Z   PG_PASSWORD: pass
2025-08-18T10:32:58.7912172Z   PG_DATABASE: awa
2025-08-18T10:32:58.7912358Z   PG_HOST: localhost
2025-08-18T10:32:58.7912542Z   PG_PORT: 5432
2025-08-18T10:32:58.7913399Z   PG_SYNC_DSN: ***localhost:5432/awa
2025-08-18T10:32:58.7913885Z   PG_ASYNC_DSN: ***localhost:5432/awa
2025-08-18T10:32:58.7914310Z   DATABASE_URL: ***localhost:5432/awa
2025-08-18T10:32:58.7914541Z   DATA_DIR: /tmp/awa-data
2025-08-18T10:32:58.7914740Z   ENABLE_LIVE: 0
2025-08-18T10:32:58.7914912Z   TESTING: 1
2025-08-18T10:32:58.7915156Z   pythonLocation: /opt/hostedtoolcache/Python/3.12.11/x64
2025-08-18T10:32:58.7915543Z   PKG_CONFIG_PATH: /opt/hostedtoolcache/Python/3.12.11/x64/lib/pkgconfig
2025-08-18T10:32:58.7915925Z   Python_ROOT_DIR: /opt/hostedtoolcache/Python/3.12.11/x64
2025-08-18T10:32:58.7916266Z   Python2_ROOT_DIR: /opt/hostedtoolcache/Python/3.12.11/x64
2025-08-18T10:32:58.7916600Z   Python3_ROOT_DIR: /opt/hostedtoolcache/Python/3.12.11/x64
2025-08-18T10:32:58.7916943Z   LD_LIBRARY_PATH: /opt/hostedtoolcache/Python/3.12.11/x64/lib
2025-08-18T10:32:58.7917233Z ##[endgroup]
2025-08-18T10:32:59.0036968Z Cache hit for: Linux-test-842a859a37b6f31d35b1262d499b1acd0270bca26490137bed88679f7bc0eea4
2025-08-18T10:33:00.0496850Z Received 192937984 of 317052977 (60.9%), 182.5 MBs/sec
2025-08-18T10:33:00.5818366Z Received 317052977 of 317052977 (100.0%), 196.3 MBs/sec
2025-08-18T10:33:00.5821059Z Cache Size: ~302 MB (317052977 B)
2025-08-18T10:33:00.5862273Z [command]/usr/bin/tar -xf /home/runner/work/_temp/2e578c2e-b743-42c6-9ae3-5dca7808b287/cache.tzst -P -C /home/runner/work/AWA-App/AWA-App --use-compress-program unzstd
2025-08-18T10:33:01.1986159Z Cache restored successfully
2025-08-18T10:33:01.2660971Z Cache restored from key: Linux-test-842a859a37b6f31d35b1262d499b1acd0270bca26490137bed88679f7bc0eea4
2025-08-18T10:33:01.2798883Z ##[group]Run pip install -r services/etl/requirements.txt
2025-08-18T10:33:01.2799374Z [36;1mpip install -r services/etl/requirements.txt[0m
2025-08-18T10:33:01.2799728Z [36;1mpip install -r services/api/requirements.txt[0m
2025-08-18T10:33:01.2800069Z [36;1mpip install -r services/repricer/requirements.txt[0m
2025-08-18T10:33:01.2800425Z [36;1mpip install -r services/fees_h10/requirements.txt[0m
2025-08-18T10:33:01.2800774Z [36;1mpip install -r services/alert_bot/requirements.txt[0m
2025-08-18T10:33:01.2801099Z [36;1mpip install -r requirements-dev.txt[0m
2025-08-18T10:33:01.2801582Z [36;1mpip install asyncpg[0m
2025-08-18T10:33:01.2801832Z [36;1mpip install pytest[0m
2025-08-18T10:33:01.2802312Z [36;1mpip install keepa==1.3.15 minio==7.1.15[0m
2025-08-18T10:33:01.2844348Z shell: /usr/bin/bash -e {0}
2025-08-18T10:33:01.2844585Z env:
2025-08-18T10:33:01.2844763Z   PG_USER: postgres
2025-08-18T10:33:01.2844971Z   PG_PASSWORD: pass
2025-08-18T10:33:01.2845205Z   PG_DATABASE: awa
2025-08-18T10:33:01.2845395Z   PG_HOST: localhost
2025-08-18T10:33:01.2845582Z   PG_PORT: 5432
2025-08-18T10:33:01.2846069Z   PG_SYNC_DSN: ***localhost:5432/awa
2025-08-18T10:33:01.2846481Z   PG_ASYNC_DSN: ***localhost:5432/awa
2025-08-18T10:33:01.2846868Z   DATABASE_URL: ***localhost:5432/awa
2025-08-18T10:33:01.2847102Z   DATA_DIR: /tmp/awa-data
2025-08-18T10:33:01.2847308Z   ENABLE_LIVE: 0
2025-08-18T10:33:01.2847488Z   TESTING: 1
2025-08-18T10:33:01.2847728Z   pythonLocation: /opt/hostedtoolcache/Python/3.12.11/x64
2025-08-18T10:33:01.2848125Z   PKG_CONFIG_PATH: /opt/hostedtoolcache/Python/3.12.11/x64/lib/pkgconfig
2025-08-18T10:33:01.2848509Z   Python_ROOT_DIR: /opt/hostedtoolcache/Python/3.12.11/x64
2025-08-18T10:33:01.2848860Z   Python2_ROOT_DIR: /opt/hostedtoolcache/Python/3.12.11/x64
2025-08-18T10:33:01.2849205Z   Python3_ROOT_DIR: /opt/hostedtoolcache/Python/3.12.11/x64
2025-08-18T10:33:01.2849562Z   LD_LIBRARY_PATH: /opt/hostedtoolcache/Python/3.12.11/x64/lib
2025-08-18T10:33:01.2849857Z ##[endgroup]
2025-08-18T10:33:02.7090137Z Collecting keepa==1.3.14 (from -r services/etl/requirements.txt (line 1))
2025-08-18T10:33:02.7110234Z   Using cached keepa-1.3.14-py3-none-any.whl.metadata (10 kB)
2025-08-18T10:33:02.7376807Z Collecting minio==7.1.15 (from -r services/etl/requirements.txt (line 2))
2025-08-18T10:33:02.7389905Z   Using cached minio-7.1.15-py3-none-any.whl.metadata (4.2 kB)
2025-08-18T10:33:02.7729413Z Collecting celery==5.3.* (from -r services/etl/requirements.txt (line 3))
2025-08-18T10:33:02.7741901Z   Using cached celery-5.3.6-py3-none-any.whl.metadata (21 kB)
2025-08-18T10:33:02.8275872Z Collecting redis==5.* (from -r services/etl/requirements.txt (line 4))
2025-08-18T10:33:02.8288847Z   Using cached redis-5.3.1-py3-none-any.whl.metadata (9.2 kB)
2025-08-18T10:33:02.8849378Z Collecting python-amazon-sp-api==0.8.0 (from -r services/etl/requirements.txt (line 5))
2025-08-18T10:33:02.8866986Z   Using cached python_amazon_sp_api-0.8.0-py3-none-any.whl.metadata (3.2 kB)
2025-08-18T10:33:02.9133882Z Collecting pydantic-settings==2.2.1 (from -r services/etl/requirements.txt (line 6))
2025-08-18T10:33:02.9146921Z   Using cached pydantic_settings-2.2.1-py3-none-any.whl.metadata (3.1 kB)
2025-08-18T10:33:03.0796123Z Collecting numpy<2 (from -r services/etl/requirements.txt (line 7))
2025-08-18T10:33:03.0810159Z   Using cached numpy-1.26.4-cp312-cp312-manylinux_2_17_x86_64.manylinux2014_x86_64.whl.metadata (61 kB)
2025-08-18T10:33:03.1954928Z Collecting pandas==2.2.* (from -r services/etl/requirements.txt (line 8))
2025-08-18T10:33:03.1968550Z   Using cached pandas-2.2.3-cp312-cp312-manylinux_2_17_x86_64.manylinux2014_x86_64.whl.metadata (89 kB)
2025-08-18T10:33:03.2566267Z Collecting pandera==0.19.* (from -r services/etl/requirements.txt (line 9))
2025-08-18T10:33:03.2578857Z   Using cached pandera-0.19.3-py3-none-any.whl.metadata (15 kB)
2025-08-18T10:33:03.2805897Z Collecting openpyxl==3.1.* (from -r services/etl/requirements.txt (line 10))
2025-08-18T10:33:03.2818191Z   Using cached openpyxl-3.1.5-py2.py3-none-any.whl.metadata (2.5 kB)
2025-08-18T10:33:03.3385268Z Collecting psycopg2-binary==2.9.* (from -r services/etl/requirements.txt (line 11))
2025-08-18T10:33:03.3399268Z   Using cached psycopg2_binary-2.9.10-cp312-cp312-manylinux_2_17_x86_64.manylinux2014_x86_64.whl.metadata (4.9 kB)
2025-08-18T10:33:03.3756620Z Collecting requests>=2.2 (from keepa==1.3.14->-r services/etl/requirements.txt (line 1))
2025-08-18T10:33:03.3768989Z   Using cached requests-2.32.4-py3-none-any.whl.metadata (4.9 kB)
2025-08-18T10:33:03.4107235Z Collecting tqdm (from keepa==1.3.14->-r services/etl/requirements.txt (line 1))
2025-08-18T10:33:03.4120040Z   Using cached tqdm-4.67.1-py3-none-any.whl.metadata (57 kB)
2025-08-18T10:33:03.9014159Z Collecting aiohttp (from keepa==1.3.14->-r services/etl/requirements.txt (line 1))
2025-08-18T10:33:03.9028250Z   Using cached aiohttp-3.12.15-cp312-cp312-manylinux_2_17_x86_64.manylinux2014_x86_64.whl.metadata (7.7 kB)
2025-08-18T10:33:04.0170614Z Collecting pydantic (from keepa==1.3.14->-r services/etl/requirements.txt (line 1))
2025-08-18T10:33:04.0184591Z   Using cached pydantic-2.11.7-py3-none-any.whl.metadata (67 kB)
2025-08-18T10:33:04.0393588Z Collecting certifi (from minio==7.1.15->-r services/etl/requirements.txt (line 2))
2025-08-18T10:33:04.0406673Z   Using cached certifi-2025.8.3-py3-none-any.whl.metadata (2.4 kB)
2025-08-18T10:33:04.0631991Z Collecting urllib3 (from minio==7.1.15->-r services/etl/requirements.txt (line 2))
2025-08-18T10:33:04.0645811Z   Using cached urllib3-2.5.0-py3-none-any.whl.metadata (6.5 kB)
2025-08-18T10:33:04.0787475Z Collecting six<2,>=1.15 (from python-amazon-sp-api==0.8.0->-r services/etl/requirements.txt (line 5))
2025-08-18T10:33:04.0799158Z   Using cached six-1.17.0-py2.py3-none-any.whl.metadata (1.7 kB)
2025-08-18T10:33:04.4583147Z Collecting boto3<2,>=1.16.39 (from python-amazon-sp-api==0.8.0->-r services/etl/requirements.txt (line 5))
2025-08-18T10:33:04.4596062Z   Using cached boto3-1.40.11-py3-none-any.whl.metadata (6.7 kB)
2025-08-18T10:33:04.4768108Z Collecting cachetools~=4.2.0 (from python-amazon-sp-api==0.8.0->-r services/etl/requirements.txt (line 5))
2025-08-18T10:33:04.4779297Z   Using cached cachetools-4.2.4-py3-none-any.whl.metadata (4.8 kB)
2025-08-18T10:33:04.5561685Z Collecting pycryptodome (from python-amazon-sp-api==0.8.0->-r services/etl/requirements.txt (line 5))
2025-08-18T10:33:04.5575668Z   Using cached pycryptodome-3.23.0-cp37-abi3-manylinux_2_17_x86_64.manylinux2014_x86_64.whl.metadata (3.4 kB)
2025-08-18T10:33:04.5909330Z Collecting pytz (from python-amazon-sp-api==0.8.0->-r services/etl/requirements.txt (line 5))
2025-08-18T10:33:04.5922310Z   Using cached pytz-2025.2-py2.py3-none-any.whl.metadata (22 kB)
2025-08-18T10:33:04.6050926Z Collecting confuse~=1.4.0 (from python-amazon-sp-api==0.8.0->-r services/etl/requirements.txt (line 5))
2025-08-18T10:33:04.6063734Z   Using cached confuse-1.4.0-py2.py3-none-any.whl.metadata (3.8 kB)
2025-08-18T10:33:04.6317050Z Collecting python-dotenv>=0.21.0 (from pydantic-settings==2.2.1->-r services/etl/requirements.txt (line 6))
2025-08-18T10:33:04.6328384Z   Using cached python_dotenv-1.1.1-py3-none-any.whl.metadata (24 kB)
2025-08-18T10:33:04.6514006Z Collecting billiard<5.0,>=4.2.0 (from celery==5.3.*->-r services/etl/requirements.txt (line 3))
2025-08-18T10:33:04.6525026Z   Using cached billiard-4.2.1-py3-none-any.whl.metadata (4.4 kB)
2025-08-18T10:33:04.6609876Z Collecting click-didyoumean>=0.3.0 (from celery==5.3.*->-r services/etl/requirements.txt (line 3))
2025-08-18T10:33:04.6621128Z   Using cached click_didyoumean-0.3.1-py3-none-any.whl.metadata (3.9 kB)
2025-08-18T10:33:04.6717906Z Collecting click-plugins>=1.1.1 (from celery==5.3.*->-r services/etl/requirements.txt (line 3))
2025-08-18T10:33:04.6728879Z   Using cached click_plugins-1.1.1.2-py2.py3-none-any.whl.metadata (6.5 kB)
2025-08-18T10:33:04.6823406Z Collecting click-repl>=0.2.0 (from celery==5.3.*->-r services/etl/requirements.txt (line 3))
2025-08-18T10:33:04.6834880Z   Using cached click_repl-0.3.0-py3-none-any.whl.metadata (3.6 kB)
2025-08-18T10:33:04.7013474Z Collecting click<9.0,>=8.1.2 (from celery==5.3.*->-r services/etl/requirements.txt (line 3))
2025-08-18T10:33:04.7024798Z   Using cached click-8.2.1-py3-none-any.whl.metadata (2.5 kB)
2025-08-18T10:33:04.7291989Z Collecting kombu<6.0,>=5.3.4 (from celery==5.3.*->-r services/etl/requirements.txt (line 3))
2025-08-18T10:33:04.7304205Z   Using cached kombu-5.5.4-py3-none-any.whl.metadata (3.5 kB)
2025-08-18T10:33:04.7474601Z Collecting python-dateutil>=2.8.2 (from celery==5.3.*->-r services/etl/requirements.txt (line 3))
2025-08-18T10:33:04.7485598Z   Using cached python_dateutil-2.9.0.post0-py2.py3-none-any.whl.metadata (8.4 kB)
2025-08-18T10:33:04.7605124Z Collecting tzdata>=2022.7 (from celery==5.3.*->-r services/etl/requirements.txt (line 3))
2025-08-18T10:33:04.7616412Z   Using cached tzdata-2025.2-py2.py3-none-any.whl.metadata (1.4 kB)
2025-08-18T10:33:04.7764153Z Collecting vine<6.0,>=5.1.0 (from celery==5.3.*->-r services/etl/requirements.txt (line 3))
2025-08-18T10:33:04.7774945Z   Using cached vine-5.1.0-py3-none-any.whl.metadata (2.7 kB)
2025-08-18T10:33:04.7932822Z Collecting PyJWT>=2.9.0 (from redis==5.*->-r services/etl/requirements.txt (line 4))
2025-08-18T10:33:04.7944272Z   Using cached PyJWT-2.10.1-py3-none-any.whl.metadata (4.0 kB)
2025-08-18T10:33:04.8268749Z Collecting multimethod<=1.10.0 (from pandera==0.19.*->-r services/etl/requirements.txt (line 9))
2025-08-18T10:33:04.8279832Z   Using cached multimethod-1.10-py3-none-any.whl.metadata (8.2 kB)
2025-08-18T10:33:04.8515471Z Collecting packaging>=20.0 (from pandera==0.19.*->-r services/etl/requirements.txt (line 9))
2025-08-18T10:33:04.8526504Z   Using cached packaging-25.0-py3-none-any.whl.metadata (3.3 kB)
2025-08-18T10:33:04.8780951Z Collecting typeguard (from pandera==0.19.*->-r services/etl/requirements.txt (line 9))
2025-08-18T10:33:04.8793113Z   Using cached typeguard-4.4.4-py3-none-any.whl.metadata (3.3 kB)
2025-08-18T10:33:04.8887548Z Collecting typing-inspect>=0.6.0 (from pandera==0.19.*->-r services/etl/requirements.txt (line 9))
2025-08-18T10:33:04.8900756Z   Using cached typing_inspect-0.9.0-py3-none-any.whl.metadata (1.5 kB)
2025-08-18T10:33:04.9797737Z Collecting wrapt (from pandera==0.19.*->-r services/etl/requirements.txt (line 9))
2025-08-18T10:33:04.9811992Z   Using cached wrapt-1.17.3-cp312-cp312-manylinux1_x86_64.manylinux_2_28_x86_64.manylinux_2_5_x86_64.whl.metadata (6.4 kB)
2025-08-18T10:33:04.9903655Z Collecting et-xmlfile (from openpyxl==3.1.*->-r services/etl/requirements.txt (line 10))
2025-08-18T10:33:04.9915540Z   Using cached et_xmlfile-2.0.0-py3-none-any.whl.metadata (2.7 kB)
2025-08-18T10:33:05.3507575Z Collecting botocore<1.41.0,>=1.40.11 (from boto3<2,>=1.16.39->python-amazon-sp-api==0.8.0->-r services/etl/requirements.txt (line 5))
2025-08-18T10:33:05.3522019Z   Using cached botocore-1.40.11-py3-none-any.whl.metadata (5.7 kB)
2025-08-18T10:33:05.3647925Z Collecting jmespath<2.0.0,>=0.7.1 (from boto3<2,>=1.16.39->python-amazon-sp-api==0.8.0->-r services/etl/requirements.txt (line 5))
2025-08-18T10:33:05.3660200Z   Using cached jmespath-1.0.1-py3-none-any.whl.metadata (7.6 kB)
2025-08-18T10:33:05.3812712Z Collecting s3transfer<0.14.0,>=0.13.0 (from boto3<2,>=1.16.39->python-amazon-sp-api==0.8.0->-r services/etl/requirements.txt (line 5))
2025-08-18T10:33:05.3825286Z   Using cached s3transfer-0.13.1-py3-none-any.whl.metadata (1.7 kB)
2025-08-18T10:33:05.4326929Z Collecting pyyaml (from confuse~=1.4.0->python-amazon-sp-api==0.8.0->-r services/etl/requirements.txt (line 5))
2025-08-18T10:33:05.4343763Z   Using cached PyYAML-6.0.2-cp312-cp312-manylinux_2_17_x86_64.manylinux2014_x86_64.whl.metadata (2.1 kB)
2025-08-18T10:33:05.4520258Z Collecting amqp<6.0.0,>=5.1.1 (from kombu<6.0,>=5.3.4->celery==5.3.*->-r services/etl/requirements.txt (line 3))
2025-08-18T10:33:05.4532063Z   Using cached amqp-5.3.1-py3-none-any.whl.metadata (8.9 kB)
2025-08-18T10:33:05.6132814Z Collecting prompt-toolkit>=3.0.36 (from click-repl>=0.2.0->celery==5.3.*->-r services/etl/requirements.txt (line 3))
2025-08-18T10:33:05.6144963Z   Using cached prompt_toolkit-3.0.51-py3-none-any.whl.metadata (6.4 kB)
2025-08-18T10:33:05.6286808Z Collecting wcwidth (from prompt-toolkit>=3.0.36->click-repl>=0.2.0->celery==5.3.*->-r services/etl/requirements.txt (line 3))
2025-08-18T10:33:05.6298164Z   Using cached wcwidth-0.2.13-py2.py3-none-any.whl.metadata (14 kB)
2025-08-18T10:33:05.6411817Z Collecting annotated-types>=0.6.0 (from pydantic->keepa==1.3.14->-r services/etl/requirements.txt (line 1))
2025-08-18T10:33:05.6423435Z   Using cached annotated_types-0.7.0-py3-none-any.whl.metadata (15 kB)
2025-08-18T10:33:06.3083113Z Collecting pydantic-core==2.33.2 (from pydantic->keepa==1.3.14->-r services/etl/requirements.txt (line 1))
2025-08-18T10:33:06.3095991Z   Using cached pydantic_core-2.33.2-cp312-cp312-manylinux_2_17_x86_64.manylinux2014_x86_64.whl.metadata (6.8 kB)
2025-08-18T10:33:06.3252307Z Collecting typing-extensions>=4.12.2 (from pydantic->keepa==1.3.14->-r services/etl/requirements.txt (line 1))
2025-08-18T10:33:06.3264430Z   Using cached typing_extensions-4.14.1-py3-none-any.whl.metadata (3.0 kB)
2025-08-18T10:33:06.3346994Z Collecting typing-inspection>=0.4.0 (from pydantic->keepa==1.3.14->-r services/etl/requirements.txt (line 1))
2025-08-18T10:33:06.3358475Z   Using cached typing_inspection-0.4.1-py3-none-any.whl.metadata (2.6 kB)
2025-08-18T10:33:06.4224267Z Collecting charset_normalizer<4,>=2 (from requests>=2.2->keepa==1.3.14->-r services/etl/requirements.txt (line 1))
2025-08-18T10:33:06.4237852Z   Using cached charset_normalizer-3.4.3-cp312-cp312-manylinux2014_x86_64.manylinux_2_17_x86_64.manylinux_2_28_x86_64.whl.metadata (36 kB)
2025-08-18T10:33:06.4385811Z Collecting idna<4,>=2.5 (from requests>=2.2->keepa==1.3.14->-r services/etl/requirements.txt (line 1))
2025-08-18T10:33:06.4397329Z   Using cached idna-3.10-py3-none-any.whl.metadata (10 kB)
2025-08-18T10:33:06.4775081Z Collecting mypy-extensions>=0.3.0 (from typing-inspect>=0.6.0->pandera==0.19.*->-r services/etl/requirements.txt (line 9))
2025-08-18T10:33:06.4786009Z   Using cached mypy_extensions-1.1.0-py3-none-any.whl.metadata (1.1 kB)
2025-08-18T10:33:06.5071183Z Collecting aiohappyeyeballs>=2.5.0 (from aiohttp->keepa==1.3.14->-r services/etl/requirements.txt (line 1))
2025-08-18T10:33:06.5082741Z   Using cached aiohappyeyeballs-2.6.1-py3-none-any.whl.metadata (5.9 kB)
2025-08-18T10:33:06.5168676Z Collecting aiosignal>=1.4.0 (from aiohttp->keepa==1.3.14->-r services/etl/requirements.txt (line 1))
2025-08-18T10:33:06.5179655Z   Using cached aiosignal-1.4.0-py3-none-any.whl.metadata (3.7 kB)
2025-08-18T10:33:06.5316835Z Collecting attrs>=17.3.0 (from aiohttp->keepa==1.3.14->-r services/etl/requirements.txt (line 1))
2025-08-18T10:33:06.5328279Z   Using cached attrs-25.3.0-py3-none-any.whl.metadata (10 kB)
2025-08-18T10:33:06.5981977Z Collecting frozenlist>=1.1.1 (from aiohttp->keepa==1.3.14->-r services/etl/requirements.txt (line 1))
2025-08-18T10:33:06.5996438Z   Using cached frozenlist-1.7.0-cp312-cp312-manylinux_2_5_x86_64.manylinux1_x86_64.manylinux_2_17_x86_64.manylinux2014_x86_64.whl.metadata (18 kB)
2025-08-18T10:33:06.8194803Z Collecting multidict<7.0,>=4.5 (from aiohttp->keepa==1.3.14->-r services/etl/requirements.txt (line 1))
2025-08-18T10:33:06.8208804Z   Using cached multidict-6.6.4-cp312-cp312-manylinux2014_x86_64.manylinux_2_17_x86_64.manylinux_2_28_x86_64.whl.metadata (5.3 kB)
2025-08-18T10:33:06.8615741Z Collecting propcache>=0.2.0 (from aiohttp->keepa==1.3.14->-r services/etl/requirements.txt (line 1))
2025-08-18T10:33:06.8628468Z   Using cached propcache-0.3.2-cp312-cp312-manylinux_2_17_x86_64.manylinux2014_x86_64.whl.metadata (12 kB)
2025-08-18T10:33:07.1700433Z Collecting yarl<2.0,>=1.17.0 (from aiohttp->keepa==1.3.14->-r services/etl/requirements.txt (line 1))
2025-08-18T10:33:07.1714344Z   Using cached yarl-1.20.1-cp312-cp312-manylinux_2_17_x86_64.manylinux2014_x86_64.whl.metadata (73 kB)
2025-08-18T10:33:07.2326785Z Using cached keepa-1.3.14-py3-none-any.whl (33 kB)
2025-08-18T10:33:07.2337701Z Using cached minio-7.1.15-py3-none-any.whl (77 kB)
2025-08-18T10:33:07.2349155Z Using cached python_amazon_sp_api-0.8.0-py3-none-any.whl (93 kB)
2025-08-18T10:33:07.2360537Z Using cached pydantic_settings-2.2.1-py3-none-any.whl (13 kB)
2025-08-18T10:33:07.2371667Z Using cached celery-5.3.6-py3-none-any.whl (422 kB)
2025-08-18T10:33:07.2385495Z Using cached redis-5.3.1-py3-none-any.whl (272 kB)
2025-08-18T10:33:07.2398271Z Using cached numpy-1.26.4-cp312-cp312-manylinux_2_17_x86_64.manylinux2014_x86_64.whl (18.0 MB)
2025-08-18T10:33:07.2546510Z Using cached pandas-2.2.3-cp312-cp312-manylinux_2_17_x86_64.manylinux2014_x86_64.whl (12.7 MB)
2025-08-18T10:33:07.2650818Z Using cached pandera-0.19.3-py3-none-any.whl (251 kB)
2025-08-18T10:33:07.2662649Z Using cached openpyxl-3.1.5-py2.py3-none-any.whl (250 kB)
2025-08-18T10:33:07.2675563Z Using cached psycopg2_binary-2.9.10-cp312-cp312-manylinux_2_17_x86_64.manylinux2014_x86_64.whl (3.0 MB)
2025-08-18T10:33:07.2707552Z Using cached billiard-4.2.1-py3-none-any.whl (86 kB)
2025-08-18T10:33:07.2718646Z Using cached boto3-1.40.11-py3-none-any.whl (140 kB)
2025-08-18T10:33:07.2730352Z Using cached botocore-1.40.11-py3-none-any.whl (14.0 MB)
2025-08-18T10:33:07.2841699Z Using cached cachetools-4.2.4-py3-none-any.whl (10 kB)
2025-08-18T10:33:07.2852745Z Using cached click-8.2.1-py3-none-any.whl (102 kB)
2025-08-18T10:33:07.2864367Z Using cached confuse-1.4.0-py2.py3-none-any.whl (21 kB)
2025-08-18T10:33:07.2875510Z Using cached jmespath-1.0.1-py3-none-any.whl (20 kB)
2025-08-18T10:33:07.2886568Z Using cached kombu-5.5.4-py3-none-any.whl (210 kB)
2025-08-18T10:33:07.2898467Z Using cached vine-5.1.0-py3-none-any.whl (9.6 kB)
2025-08-18T10:33:07.2909113Z Using cached amqp-5.3.1-py3-none-any.whl (50 kB)
2025-08-18T10:33:07.2919918Z Using cached multimethod-1.10-py3-none-any.whl (9.9 kB)
2025-08-18T10:33:07.2930785Z Using cached python_dateutil-2.9.0.post0-py2.py3-none-any.whl (229 kB)
2025-08-18T10:33:07.2943137Z Using cached s3transfer-0.13.1-py3-none-any.whl (85 kB)
2025-08-18T10:33:07.2954242Z Using cached six-1.17.0-py2.py3-none-any.whl (11 kB)
2025-08-18T10:33:07.2964724Z Using cached urllib3-2.5.0-py3-none-any.whl (129 kB)
2025-08-18T10:33:07.2977195Z Using cached click_didyoumean-0.3.1-py3-none-any.whl (3.6 kB)
2025-08-18T10:33:07.2987585Z Using cached click_plugins-1.1.1.2-py2.py3-none-any.whl (11 kB)
2025-08-18T10:33:07.2998366Z Using cached click_repl-0.3.0-py3-none-any.whl (10 kB)
2025-08-18T10:33:07.3008932Z Using cached packaging-25.0-py3-none-any.whl (66 kB)
2025-08-18T10:33:07.3020067Z Using cached prompt_toolkit-3.0.51-py3-none-any.whl (387 kB)
2025-08-18T10:33:07.3033691Z Using cached pydantic-2.11.7-py3-none-any.whl (444 kB)
2025-08-18T10:33:07.3047685Z Using cached pydantic_core-2.33.2-cp312-cp312-manylinux_2_17_x86_64.manylinux2014_x86_64.whl (2.0 MB)
2025-08-18T10:33:07.3073477Z Using cached annotated_types-0.7.0-py3-none-any.whl (13 kB)
2025-08-18T10:33:07.3084251Z Using cached PyJWT-2.10.1-py3-none-any.whl (22 kB)
2025-08-18T10:33:07.3095056Z Using cached python_dotenv-1.1.1-py3-none-any.whl (20 kB)
2025-08-18T10:33:07.3105766Z Using cached pytz-2025.2-py2.py3-none-any.whl (509 kB)
2025-08-18T10:33:07.3119865Z Using cached requests-2.32.4-py3-none-any.whl (64 kB)
2025-08-18T10:33:07.3131746Z Using cached charset_normalizer-3.4.3-cp312-cp312-manylinux2014_x86_64.manylinux_2_17_x86_64.manylinux_2_28_x86_64.whl (151 kB)
2025-08-18T10:33:07.3143082Z Using cached idna-3.10-py3-none-any.whl (70 kB)
2025-08-18T10:33:07.3154291Z Using cached certifi-2025.8.3-py3-none-any.whl (161 kB)
2025-08-18T10:33:07.3166168Z Using cached typing_extensions-4.14.1-py3-none-any.whl (43 kB)
2025-08-18T10:33:07.3176864Z Using cached typing_inspect-0.9.0-py3-none-any.whl (8.8 kB)
2025-08-18T10:33:07.3187584Z Using cached mypy_extensions-1.1.0-py3-none-any.whl (5.0 kB)
2025-08-18T10:33:07.3198332Z Using cached typing_inspection-0.4.1-py3-none-any.whl (14 kB)
2025-08-18T10:33:07.3209033Z Using cached tzdata-2025.2-py2.py3-none-any.whl (347 kB)
2025-08-18T10:33:07.3223098Z Using cached aiohttp-3.12.15-cp312-cp312-manylinux_2_17_x86_64.manylinux2014_x86_64.whl (1.7 MB)
2025-08-18T10:33:07.3246001Z Using cached multidict-6.6.4-cp312-cp312-manylinux2014_x86_64.manylinux_2_17_x86_64.manylinux_2_28_x86_64.whl (256 kB)
2025-08-18T10:33:07.3258234Z Using cached yarl-1.20.1-cp312-cp312-manylinux_2_17_x86_64.manylinux2014_x86_64.whl (355 kB)
2025-08-18T10:33:07.3271506Z Using cached aiohappyeyeballs-2.6.1-py3-none-any.whl (15 kB)
2025-08-18T10:33:07.3282222Z Using cached aiosignal-1.4.0-py3-none-any.whl (7.5 kB)
2025-08-18T10:33:07.3292788Z Using cached attrs-25.3.0-py3-none-any.whl (63 kB)
2025-08-18T10:33:07.3304426Z Using cached frozenlist-1.7.0-cp312-cp312-manylinux_2_5_x86_64.manylinux1_x86_64.manylinux_2_17_x86_64.manylinux2014_x86_64.whl (241 kB)
2025-08-18T10:33:07.3316813Z Using cached propcache-0.3.2-cp312-cp312-manylinux_2_17_x86_64.manylinux2014_x86_64.whl (224 kB)
2025-08-18T10:33:07.3328821Z Using cached et_xmlfile-2.0.0-py3-none-any.whl (18 kB)
2025-08-18T10:33:07.3339986Z Using cached pycryptodome-3.23.0-cp37-abi3-manylinux_2_17_x86_64.manylinux2014_x86_64.whl (2.3 MB)
2025-08-18T10:33:07.3366669Z Using cached PyYAML-6.0.2-cp312-cp312-manylinux_2_17_x86_64.manylinux2014_x86_64.whl (767 kB)
2025-08-18T10:33:07.3382662Z Using cached tqdm-4.67.1-py3-none-any.whl (78 kB)
2025-08-18T10:33:07.3393854Z Using cached typeguard-4.4.4-py3-none-any.whl (34 kB)
2025-08-18T10:33:07.3404779Z Using cached wcwidth-0.2.13-py2.py3-none-any.whl (34 kB)
2025-08-18T10:33:07.3415946Z Using cached wrapt-1.17.3-cp312-cp312-manylinux1_x86_64.manylinux_2_28_x86_64.manylinux_2_5_x86_64.whl (88 kB)
2025-08-18T10:33:07.6096320Z Installing collected packages: wcwidth, pytz, wrapt, vine, urllib3, tzdata, typing-extensions, tqdm, six, pyyaml, python-dotenv, PyJWT, pycryptodome, psycopg2-binary, propcache, prompt-toolkit, packaging, numpy, mypy-extensions, multimethod, multidict, jmespath, idna, frozenlist, et-xmlfile, click, charset_normalizer, certifi, cachetools, billiard, attrs, annotated-types, aiohappyeyeballs, yarl, typing-inspection, typing-inspect, typeguard, requests, redis, python-dateutil, pydantic-core, openpyxl, minio, confuse, click-repl, click-plugins, click-didyoumean, amqp, aiosignal, pydantic, pandas, kombu, botocore, aiohttp, s3transfer, pydantic-settings, pandera, keepa, celery, boto3, python-amazon-sp-api
2025-08-18T10:33:18.7684692Z 
2025-08-18T10:33:18.7744986Z Successfully installed PyJWT-2.10.1 aiohappyeyeballs-2.6.1 aiohttp-3.12.15 aiosignal-1.4.0 amqp-5.3.1 annotated-types-0.7.0 attrs-25.3.0 billiard-4.2.1 boto3-1.40.11 botocore-1.40.11 cachetools-4.2.4 celery-5.3.6 certifi-2025.8.3 charset_normalizer-3.4.3 click-8.2.1 click-didyoumean-0.3.1 click-plugins-1.1.1.2 click-repl-0.3.0 confuse-1.4.0 et-xmlfile-2.0.0 frozenlist-1.7.0 idna-3.10 jmespath-1.0.1 keepa-1.3.14 kombu-5.5.4 minio-7.1.15 multidict-6.6.4 multimethod-1.10 mypy-extensions-1.1.0 numpy-1.26.4 openpyxl-3.1.5 packaging-25.0 pandas-2.2.3 pandera-0.19.3 prompt-toolkit-3.0.51 propcache-0.3.2 psycopg2-binary-2.9.10 pycryptodome-3.23.0 pydantic-2.11.7 pydantic-core-2.33.2 pydantic-settings-2.2.1 python-amazon-sp-api-0.8.0 python-dateutil-2.9.0.post0 python-dotenv-1.1.1 pytz-2025.2 pyyaml-6.0.2 redis-5.3.1 requests-2.32.4 s3transfer-0.13.1 six-1.17.0 tqdm-4.67.1 typeguard-4.4.4 typing-extensions-4.14.1 typing-inspect-0.9.0 typing-inspection-0.4.1 tzdata-2025.2 urllib3-2.5.0 vine-5.1.0 wcwidth-0.2.13 wrapt-1.17.3 yarl-1.20.1
2025-08-18T10:33:20.3467404Z Collecting uvicorn==0.29.0 (from -r services/api/requirements.txt (line 1))
2025-08-18T10:33:20.3481620Z   Using cached uvicorn-0.29.0-py3-none-any.whl.metadata (6.3 kB)
2025-08-18T10:33:20.3518532Z Requirement already satisfied: pydantic-settings==2.2.1 in /opt/hostedtoolcache/Python/3.12.11/x64/lib/python3.12/site-packages (from -r services/api/requirements.txt (line 2)) (2.2.1)
2025-08-18T10:33:20.3895631Z Collecting fastapi==0.111.0 (from -r services/api/requirements.txt (line 3))
2025-08-18T10:33:20.3907855Z   Using cached fastapi-0.111.0-py3-none-any.whl.metadata (25 kB)
2025-08-18T10:33:20.6643368Z Collecting sqlalchemy==2.0.29 (from -r services/api/requirements.txt (line 4))
2025-08-18T10:33:20.6656833Z   Using cached SQLAlchemy-2.0.29-cp312-cp312-manylinux_2_17_x86_64.manylinux2014_x86_64.whl.metadata (9.6 kB)
2025-08-18T10:33:20.6928483Z Collecting alembic==1.13.1 (from -r services/api/requirements.txt (line 5))
2025-08-18T10:33:20.6940363Z   Using cached alembic-1.13.1-py3-none-any.whl.metadata (7.4 kB)
2025-08-18T10:33:20.7091660Z Collecting psycopg==3.2.9 (from psycopg[binary]==3.2.9->-r services/api/requirements.txt (line 6))
2025-08-18T10:33:20.7102810Z   Using cached psycopg-3.2.9-py3-none-any.whl.metadata (4.5 kB)
2025-08-18T10:33:20.7312441Z Collecting httpx==0.27.2 (from -r services/api/requirements.txt (line 7))
2025-08-18T10:33:20.7325212Z   Using cached httpx-0.27.2-py3-none-any.whl.metadata (7.1 kB)
2025-08-18T10:33:20.7720230Z Collecting asyncpg==0.29.0 (from -r services/api/requirements.txt (line 8))
2025-08-18T10:33:20.7733760Z   Using cached asyncpg-0.29.0-cp312-cp312-manylinux_2_17_x86_64.manylinux2014_x86_64.whl.metadata (4.4 kB)
2025-08-18T10:33:21.0363311Z Collecting boto3==1.34.162 (from -r services/api/requirements.txt (line 9))
2025-08-18T10:33:21.0376582Z   Using cached boto3-1.34.162-py3-none-any.whl.metadata (6.6 kB)
2025-08-18T10:33:21.0537580Z Collecting Jinja2==3.1.5 (from -r services/api/requirements.txt (line 10))
2025-08-18T10:33:21.0550023Z   Using cached jinja2-3.1.5-py3-none-any.whl.metadata (2.6 kB)
2025-08-18T10:33:21.0569194Z Requirement already satisfied: celery==5.3.* in /opt/hostedtoolcache/Python/3.12.11/x64/lib/python3.12/site-packages (from -r services/api/requirements.txt (line 11)) (5.3.6)
2025-08-18T10:33:21.0574430Z Requirement already satisfied: redis==5.* in /opt/hostedtoolcache/Python/3.12.11/x64/lib/python3.12/site-packages (from -r services/api/requirements.txt (line 12)) (5.3.1)
2025-08-18T10:33:21.0694449Z Collecting structlog==24.1.0 (from -r services/api/requirements.txt (line 13))
2025-08-18T10:33:21.0706404Z   Using cached structlog-24.1.0-py3-none-any.whl.metadata (6.9 kB)
2025-08-18T10:33:21.0848795Z Collecting asgi-correlation-id==4.3.1 (from -r services/api/requirements.txt (line 14))
2025-08-18T10:33:21.0860738Z   Using cached asgi_correlation_id-4.3.1-py3-none-any.whl.metadata (28 kB)
2025-08-18T10:33:21.0904548Z Requirement already satisfied: click>=7.0 in /opt/hostedtoolcache/Python/3.12.11/x64/lib/python3.12/site-packages (from uvicorn==0.29.0->-r services/api/requirements.txt (line 1)) (8.2.1)
2025-08-18T10:33:21.0990081Z Collecting h11>=0.8 (from uvicorn==0.29.0->-r services/api/requirements.txt (line 1))
2025-08-18T10:33:21.1001768Z   Using cached h11-0.16.0-py3-none-any.whl.metadata (8.3 kB)
2025-08-18T10:33:21.1031867Z Requirement already satisfied: pydantic>=2.3.0 in /opt/hostedtoolcache/Python/3.12.11/x64/lib/python3.12/site-packages (from pydantic-settings==2.2.1->-r services/api/requirements.txt (line 2)) (2.11.7)
2025-08-18T10:33:21.1037108Z Requirement already satisfied: python-dotenv>=0.21.0 in /opt/hostedtoolcache/Python/3.12.11/x64/lib/python3.12/site-packages (from pydantic-settings==2.2.1->-r services/api/requirements.txt (line 2)) (1.1.1)
2025-08-18T10:33:21.1518373Z Collecting starlette<0.38.0,>=0.37.2 (from fastapi==0.111.0->-r services/api/requirements.txt (line 3))
2025-08-18T10:33:21.1530478Z   Using cached starlette-0.37.2-py3-none-any.whl.metadata (5.9 kB)
2025-08-18T10:33:21.1561812Z Requirement already satisfied: typing-extensions>=4.8.0 in /opt/hostedtoolcache/Python/3.12.11/x64/lib/python3.12/site-packages (from fastapi==0.111.0->-r services/api/requirements.txt (line 3)) (4.14.1)
2025-08-18T10:33:21.1639424Z Collecting fastapi-cli>=0.0.2 (from fastapi==0.111.0->-r services/api/requirements.txt (line 3))
2025-08-18T10:33:21.1650532Z   Using cached fastapi_cli-0.0.8-py3-none-any.whl.metadata (6.3 kB)
2025-08-18T10:33:21.1833033Z Collecting python-multipart>=0.0.7 (from fastapi==0.111.0->-r services/api/requirements.txt (line 3))
2025-08-18T10:33:21.1843974Z   Using cached python_multipart-0.0.20-py3-none-any.whl.metadata (1.8 kB)
2025-08-18T10:33:21.2395896Z Collecting ujson!=4.0.2,!=4.1.0,!=4.2.0,!=4.3.0,!=5.0.0,!=5.1.0,>=4.0.1 (from fastapi==0.111.0->-r services/api/requirements.txt (line 3))
2025-08-18T10:33:21.2409211Z   Using cached ujson-5.10.0-cp312-cp312-manylinux_2_17_x86_64.manylinux2014_x86_64.whl.metadata (9.3 kB)
2025-08-18T10:33:21.4722508Z Collecting orjson>=3.2.1 (from fastapi==0.111.0->-r services/api/requirements.txt (line 3))
2025-08-18T10:33:21.4737220Z   Using cached orjson-3.11.2-cp312-cp312-manylinux_2_17_x86_64.manylinux2014_x86_64.whl.metadata (1.2 kB)
2025-08-18T10:33:21.4855633Z Collecting email_validator>=2.0.0 (from fastapi==0.111.0->-r services/api/requirements.txt (line 3))
2025-08-18T10:33:21.4867542Z   Using cached email_validator-2.2.0-py3-none-any.whl.metadata (25 kB)
2025-08-18T10:33:21.6134943Z Collecting greenlet!=0.4.17 (from sqlalchemy==2.0.29->-r services/api/requirements.txt (line 4))
2025-08-18T10:33:21.6149223Z   Using cached greenlet-3.2.4-cp312-cp312-manylinux_2_24_x86_64.manylinux_2_28_x86_64.whl.metadata (4.1 kB)
2025-08-18T10:33:21.6401101Z Collecting Mako (from alembic==1.13.1->-r services/api/requirements.txt (line 5))
2025-08-18T10:33:21.6413282Z   Using cached mako-1.3.10-py3-none-any.whl.metadata (2.9 kB)
2025-08-18T10:33:21.6608973Z Collecting anyio (from httpx==0.27.2->-r services/api/requirements.txt (line 7))
2025-08-18T10:33:21.6621019Z   Using cached anyio-4.10.0-py3-none-any.whl.metadata (4.0 kB)
2025-08-18T10:33:21.6644554Z Requirement already satisfied: certifi in /opt/hostedtoolcache/Python/3.12.11/x64/lib/python3.12/site-packages (from httpx==0.27.2->-r services/api/requirements.txt (line 7)) (2025.8.3)
2025-08-18T10:33:21.6810408Z Collecting httpcore==1.* (from httpx==0.27.2->-r services/api/requirements.txt (line 7))
2025-08-18T10:33:21.6822018Z   Using cached httpcore-1.0.9-py3-none-any.whl.metadata (21 kB)
2025-08-18T10:33:21.6855586Z Requirement already satisfied: idna in /opt/hostedtoolcache/Python/3.12.11/x64/lib/python3.12/site-packages (from httpx==0.27.2->-r services/api/requirements.txt (line 7)) (3.10)
2025-08-18T10:33:21.6921091Z Collecting sniffio (from httpx==0.27.2->-r services/api/requirements.txt (line 7))
2025-08-18T10:33:21.6933114Z   Using cached sniffio-1.3.1-py3-none-any.whl.metadata (3.9 kB)
2025-08-18T10:33:22.0780309Z Collecting botocore<1.35.0,>=1.34.162 (from boto3==1.34.162->-r services/api/requirements.txt (line 9))
2025-08-18T10:33:22.0793753Z   Using cached botocore-1.34.162-py3-none-any.whl.metadata (5.7 kB)
2025-08-18T10:33:22.0822335Z Requirement already satisfied: jmespath<2.0.0,>=0.7.1 in /opt/hostedtoolcache/Python/3.12.11/x64/lib/python3.12/site-packages (from boto3==1.34.162->-r services/api/requirements.txt (line 9)) (1.0.1)
2025-08-18T10:33:22.0965169Z Collecting s3transfer<0.11.0,>=0.10.0 (from boto3==1.34.162->-r services/api/requirements.txt (line 9))
2025-08-18T10:33:22.0977100Z   Using cached s3transfer-0.10.4-py3-none-any.whl.metadata (1.7 kB)
2025-08-18T10:33:22.1455263Z Collecting MarkupSafe>=2.0 (from Jinja2==3.1.5->-r services/api/requirements.txt (line 10))
2025-08-18T10:33:22.1469247Z   Using cached MarkupSafe-3.0.2-cp312-cp312-manylinux_2_17_x86_64.manylinux2014_x86_64.whl.metadata (4.0 kB)
2025-08-18T10:33:22.2992920Z Collecting psycopg-binary==3.2.9 (from psycopg[binary]==3.2.9->-r services/api/requirements.txt (line 6))
2025-08-18T10:33:22.3006938Z   Using cached psycopg_binary-3.2.9-cp312-cp312-manylinux_2_17_x86_64.manylinux2014_x86_64.whl.metadata (2.9 kB)
2025-08-18T10:33:22.3052064Z Requirement already satisfied: billiard<5.0,>=4.2.0 in /opt/hostedtoolcache/Python/3.12.11/x64/lib/python3.12/site-packages (from celery==5.3.*->-r services/api/requirements.txt (line 11)) (4.2.1)
2025-08-18T10:33:22.3059181Z Requirement already satisfied: click-didyoumean>=0.3.0 in /opt/hostedtoolcache/Python/3.12.11/x64/lib/python3.12/site-packages (from celery==5.3.*->-r services/api/requirements.txt (line 11)) (0.3.1)
2025-08-18T10:33:22.3066151Z Requirement already satisfied: click-plugins>=1.1.1 in /opt/hostedtoolcache/Python/3.12.11/x64/lib/python3.12/site-packages (from celery==5.3.*->-r services/api/requirements.txt (line 11)) (1.1.1.2)
2025-08-18T10:33:22.3072685Z Requirement already satisfied: click-repl>=0.2.0 in /opt/hostedtoolcache/Python/3.12.11/x64/lib/python3.12/site-packages (from celery==5.3.*->-r services/api/requirements.txt (line 11)) (0.3.0)
2025-08-18T10:33:22.3083462Z Requirement already satisfied: kombu<6.0,>=5.3.4 in /opt/hostedtoolcache/Python/3.12.11/x64/lib/python3.12/site-packages (from celery==5.3.*->-r services/api/requirements.txt (line 11)) (5.5.4)
2025-08-18T10:33:22.3091072Z Requirement already satisfied: python-dateutil>=2.8.2 in /opt/hostedtoolcache/Python/3.12.11/x64/lib/python3.12/site-packages (from celery==5.3.*->-r services/api/requirements.txt (line 11)) (2.9.0.post0)
2025-08-18T10:33:22.3098027Z Requirement already satisfied: tzdata>=2022.7 in /opt/hostedtoolcache/Python/3.12.11/x64/lib/python3.12/site-packages (from celery==5.3.*->-r services/api/requirements.txt (line 11)) (2025.2)
2025-08-18T10:33:22.3105454Z Requirement already satisfied: vine<6.0,>=5.1.0 in /opt/hostedtoolcache/Python/3.12.11/x64/lib/python3.12/site-packages (from celery==5.3.*->-r services/api/requirements.txt (line 11)) (5.1.0)
2025-08-18T10:33:22.3173817Z Requirement already satisfied: PyJWT>=2.9.0 in /opt/hostedtoolcache/Python/3.12.11/x64/lib/python3.12/site-packages (from redis==5.*->-r services/api/requirements.txt (line 12)) (2.10.1)
2025-08-18T10:33:22.3212589Z Requirement already satisfied: urllib3!=2.2.0,<3,>=1.25.4 in /opt/hostedtoolcache/Python/3.12.11/x64/lib/python3.12/site-packages (from botocore<1.35.0,>=1.34.162->boto3==1.34.162->-r services/api/requirements.txt (line 9)) (2.5.0)
2025-08-18T10:33:22.3265681Z Requirement already satisfied: amqp<6.0.0,>=5.1.1 in /opt/hostedtoolcache/Python/3.12.11/x64/lib/python3.12/site-packages (from kombu<6.0,>=5.3.4->celery==5.3.*->-r services/api/requirements.txt (line 11)) (5.3.1)
2025-08-18T10:33:22.3277860Z Requirement already satisfied: packaging in /opt/hostedtoolcache/Python/3.12.11/x64/lib/python3.12/site-packages (from kombu<6.0,>=5.3.4->celery==5.3.*->-r services/api/requirements.txt (line 11)) (25.0)
2025-08-18T10:33:22.3348253Z Requirement already satisfied: annotated-types>=0.6.0 in /opt/hostedtoolcache/Python/3.12.11/x64/lib/python3.12/site-packages (from pydantic>=2.3.0->pydantic-settings==2.2.1->-r services/api/requirements.txt (line 2)) (0.7.0)
2025-08-18T10:33:22.3354547Z Requirement already satisfied: pydantic-core==2.33.2 in /opt/hostedtoolcache/Python/3.12.11/x64/lib/python3.12/site-packages (from pydantic>=2.3.0->pydantic-settings==2.2.1->-r services/api/requirements.txt (line 2)) (2.33.2)
2025-08-18T10:33:22.3364125Z Requirement already satisfied: typing-inspection>=0.4.0 in /opt/hostedtoolcache/Python/3.12.11/x64/lib/python3.12/site-packages (from pydantic>=2.3.0->pydantic-settings==2.2.1->-r services/api/requirements.txt (line 2)) (0.4.1)
2025-08-18T10:33:22.3398473Z Requirement already satisfied: six>=1.5 in /opt/hostedtoolcache/Python/3.12.11/x64/lib/python3.12/site-packages (from python-dateutil>=2.8.2->celery==5.3.*->-r services/api/requirements.txt (line 11)) (1.17.0)
2025-08-18T10:33:22.4884829Z Requirement already satisfied: prompt-toolkit>=3.0.36 in /opt/hostedtoolcache/Python/3.12.11/x64/lib/python3.12/site-packages (from click-repl>=0.2.0->celery==5.3.*->-r services/api/requirements.txt (line 11)) (3.0.51)
2025-08-18T10:33:22.5009051Z Collecting dnspython>=2.0.0 (from email_validator>=2.0.0->fastapi==0.111.0->-r services/api/requirements.txt (line 3))
2025-08-18T10:33:22.5020968Z   Using cached dnspython-2.7.0-py3-none-any.whl.metadata (5.8 kB)
2025-08-18T10:33:22.5224987Z Collecting typer>=0.15.1 (from fastapi-cli>=0.0.2->fastapi==0.111.0->-r services/api/requirements.txt (line 3))
2025-08-18T10:33:22.5236694Z   Using cached typer-0.16.0-py3-none-any.whl.metadata (15 kB)
2025-08-18T10:33:22.5445973Z Collecting rich-toolkit>=0.14.8 (from fastapi-cli>=0.0.2->fastapi==0.111.0->-r services/api/requirements.txt (line 3))
2025-08-18T10:33:22.5458041Z   Using cached rich_toolkit-0.15.0-py3-none-any.whl.metadata (1.0 kB)
2025-08-18T10:33:22.5548739Z Requirement already satisfied: wcwidth in /opt/hostedtoolcache/Python/3.12.11/x64/lib/python3.12/site-packages (from prompt-toolkit>=3.0.36->click-repl>=0.2.0->celery==5.3.*->-r services/api/requirements.txt (line 11)) (0.2.13)
2025-08-18T10:33:22.6135258Z Collecting rich>=13.7.1 (from rich-toolkit>=0.14.8->fastapi-cli>=0.0.2->fastapi==0.111.0->-r services/api/requirements.txt (line 3))
2025-08-18T10:33:22.6147485Z   Using cached rich-14.1.0-py3-none-any.whl.metadata (18 kB)
2025-08-18T10:33:22.6312599Z Collecting markdown-it-py>=2.2.0 (from rich>=13.7.1->rich-toolkit>=0.14.8->fastapi-cli>=0.0.2->fastapi==0.111.0->-r services/api/requirements.txt (line 3))
2025-08-18T10:33:22.6324254Z   Using cached markdown_it_py-4.0.0-py3-none-any.whl.metadata (7.3 kB)
2025-08-18T10:33:22.6540021Z Collecting pygments<3.0.0,>=2.13.0 (from rich>=13.7.1->rich-toolkit>=0.14.8->fastapi-cli>=0.0.2->fastapi==0.111.0->-r services/api/requirements.txt (line 3))
2025-08-18T10:33:22.6551985Z   Using cached pygments-2.19.2-py3-none-any.whl.metadata (2.5 kB)
2025-08-18T10:33:22.6662476Z Collecting mdurl~=0.1 (from markdown-it-py>=2.2.0->rich>=13.7.1->rich-toolkit>=0.14.8->fastapi-cli>=0.0.2->fastapi==0.111.0->-r services/api/requirements.txt (line 3))
2025-08-18T10:33:22.6673562Z   Using cached mdurl-0.1.2-py3-none-any.whl.metadata (1.6 kB)
2025-08-18T10:33:22.6845050Z Collecting shellingham>=1.3.0 (from typer>=0.15.1->fastapi-cli>=0.0.2->fastapi==0.111.0->-r services/api/requirements.txt (line 3))
2025-08-18T10:33:22.6857027Z   Using cached shellingham-1.5.4-py2.py3-none-any.whl.metadata (3.5 kB)
2025-08-18T10:33:22.7330839Z Collecting httptools>=0.5.0 (from uvicorn[standard]>=0.12.0->fastapi==0.111.0->-r services/api/requirements.txt (line 3))
2025-08-18T10:33:22.7344761Z   Using cached httptools-0.6.4-cp312-cp312-manylinux_2_5_x86_64.manylinux1_x86_64.manylinux_2_17_x86_64.manylinux2014_x86_64.whl.metadata (3.6 kB)
2025-08-18T10:33:22.7372329Z Requirement already satisfied: pyyaml>=5.1 in /opt/hostedtoolcache/Python/3.12.11/x64/lib/python3.12/site-packages (from uvicorn[standard]>=0.12.0->fastapi==0.111.0->-r services/api/requirements.txt (line 3)) (6.0.2)
2025-08-18T10:33:22.7759741Z Collecting uvloop!=0.15.0,!=0.15.1,>=0.14.0 (from uvicorn[standard]>=0.12.0->fastapi==0.111.0->-r services/api/requirements.txt (line 3))
2025-08-18T10:33:22.7773430Z   Using cached uvloop-0.21.0-cp312-cp312-manylinux_2_17_x86_64.manylinux2014_x86_64.whl.metadata (4.9 kB)
2025-08-18T10:33:22.9018135Z Collecting watchfiles>=0.13 (from uvicorn[standard]>=0.12.0->fastapi==0.111.0->-r services/api/requirements.txt (line 3))
2025-08-18T10:33:22.9031887Z   Using cached watchfiles-1.1.0-cp312-cp312-manylinux_2_17_x86_64.manylinux2014_x86_64.whl.metadata (4.9 kB)
2025-08-18T10:33:22.9878833Z Collecting websockets>=10.4 (from uvicorn[standard]>=0.12.0->fastapi==0.111.0->-r services/api/requirements.txt (line 3))
2025-08-18T10:33:22.9892701Z   Using cached websockets-15.0.1-cp312-cp312-manylinux_2_5_x86_64.manylinux1_x86_64.manylinux_2_17_x86_64.manylinux2014_x86_64.whl.metadata (6.8 kB)
2025-08-18T10:33:23.0152647Z Using cached uvicorn-0.29.0-py3-none-any.whl (60 kB)
2025-08-18T10:33:23.0164384Z Using cached fastapi-0.111.0-py3-none-any.whl (91 kB)
2025-08-18T10:33:23.0175908Z Using cached SQLAlchemy-2.0.29-cp312-cp312-manylinux_2_17_x86_64.manylinux2014_x86_64.whl (3.2 MB)
2025-08-18T10:33:23.0210296Z Using cached alembic-1.13.1-py3-none-any.whl (233 kB)
2025-08-18T10:33:23.0222571Z Using cached psycopg-3.2.9-py3-none-any.whl (202 kB)
2025-08-18T10:33:23.0234356Z Using cached httpx-0.27.2-py3-none-any.whl (76 kB)
2025-08-18T10:33:23.0245760Z Using cached asyncpg-0.29.0-cp312-cp312-manylinux_2_17_x86_64.manylinux2014_x86_64.whl (3.3 MB)
2025-08-18T10:33:23.0280592Z Using cached boto3-1.34.162-py3-none-any.whl (139 kB)
2025-08-18T10:33:23.0292289Z Using cached jinja2-3.1.5-py3-none-any.whl (134 kB)
2025-08-18T10:33:23.0303618Z Using cached structlog-24.1.0-py3-none-any.whl (65 kB)
2025-08-18T10:33:23.0314960Z Using cached asgi_correlation_id-4.3.1-py3-none-any.whl (15 kB)
2025-08-18T10:33:23.0325604Z Using cached psycopg_binary-3.2.9-cp312-cp312-manylinux_2_17_x86_64.manylinux2014_x86_64.whl (4.4 MB)
2025-08-18T10:33:23.0370198Z Using cached botocore-1.34.162-py3-none-any.whl (12.5 MB)
2025-08-18T10:33:23.0470378Z Using cached httpcore-1.0.9-py3-none-any.whl (78 kB)
2025-08-18T10:33:23.0481840Z Using cached s3transfer-0.10.4-py3-none-any.whl (83 kB)
2025-08-18T10:33:23.0493209Z Using cached starlette-0.37.2-py3-none-any.whl (71 kB)
2025-08-18T10:33:23.0504683Z Using cached anyio-4.10.0-py3-none-any.whl (107 kB)
2025-08-18T10:33:23.0516253Z Using cached email_validator-2.2.0-py3-none-any.whl (33 kB)
2025-08-18T10:33:23.0527368Z Using cached dnspython-2.7.0-py3-none-any.whl (313 kB)
2025-08-18T10:33:23.0540472Z Using cached fastapi_cli-0.0.8-py3-none-any.whl (10 kB)
2025-08-18T10:33:23.0551997Z Using cached greenlet-3.2.4-cp312-cp312-manylinux_2_24_x86_64.manylinux_2_28_x86_64.whl (607 kB)
2025-08-18T10:33:23.0567131Z Using cached h11-0.16.0-py3-none-any.whl (37 kB)
2025-08-18T10:33:23.0578787Z Using cached MarkupSafe-3.0.2-cp312-cp312-manylinux_2_17_x86_64.manylinux2014_x86_64.whl (23 kB)
2025-08-18T10:33:23.0590002Z Using cached orjson-3.11.2-cp312-cp312-manylinux_2_17_x86_64.manylinux2014_x86_64.whl (121 kB)
2025-08-18T10:33:23.0602904Z Using cached python_multipart-0.0.20-py3-none-any.whl (24 kB)
2025-08-18T10:33:23.0613736Z Using cached rich_toolkit-0.15.0-py3-none-any.whl (29 kB)
2025-08-18T10:33:23.0624504Z Using cached rich-14.1.0-py3-none-any.whl (243 kB)
2025-08-18T10:33:23.0636805Z Using cached pygments-2.19.2-py3-none-any.whl (1.2 MB)
2025-08-18T10:33:23.0656541Z Using cached markdown_it_py-4.0.0-py3-none-any.whl (87 kB)
2025-08-18T10:33:23.0670204Z Using cached mdurl-0.1.2-py3-none-any.whl (10.0 kB)
2025-08-18T10:33:23.0683353Z Using cached sniffio-1.3.1-py3-none-any.whl (10 kB)
2025-08-18T10:33:23.0698094Z Using cached typer-0.16.0-py3-none-any.whl (46 kB)
2025-08-18T10:33:23.0711439Z Using cached shellingham-1.5.4-py2.py3-none-any.whl (9.8 kB)
2025-08-18T10:33:23.0725932Z Using cached ujson-5.10.0-cp312-cp312-manylinux_2_17_x86_64.manylinux2014_x86_64.whl (53 kB)
2025-08-18T10:33:23.0743103Z Using cached httptools-0.6.4-cp312-cp312-manylinux_2_5_x86_64.manylinux1_x86_64.manylinux_2_17_x86_64.manylinux2014_x86_64.whl (510 kB)
2025-08-18T10:33:23.0764381Z Using cached uvloop-0.21.0-cp312-cp312-manylinux_2_17_x86_64.manylinux2014_x86_64.whl (4.7 MB)
2025-08-18T10:33:23.0816173Z Using cached watchfiles-1.1.0-cp312-cp312-manylinux_2_17_x86_64.manylinux2014_x86_64.whl (452 kB)
2025-08-18T10:33:23.0831209Z Using cached websockets-15.0.1-cp312-cp312-manylinux_2_5_x86_64.manylinux1_x86_64.manylinux_2_17_x86_64.manylinux2014_x86_64.whl (182 kB)
2025-08-18T10:33:23.0843073Z Using cached mako-1.3.10-py3-none-any.whl (78 kB)
2025-08-18T10:33:23.2852138Z Installing collected packages: websockets, uvloop, ujson, structlog, sniffio, shellingham, python-multipart, pygments, psycopg-binary, psycopg, orjson, mdurl, MarkupSafe, httptools, h11, greenlet, dnspython, asyncpg, uvicorn, sqlalchemy, markdown-it-py, Mako, Jinja2, httpcore, email_validator, botocore, anyio, watchfiles, starlette, s3transfer, rich, httpx, alembic, typer, rich-toolkit, boto3, asgi-correlation-id, fastapi-cli, fastapi
2025-08-18T10:33:26.3796760Z   Attempting uninstall: botocore
2025-08-18T10:33:26.3845701Z     Found existing installation: botocore 1.40.11
2025-08-18T10:33:26.4482286Z     Uninstalling botocore-1.40.11:
2025-08-18T10:33:26.4734620Z       Successfully uninstalled botocore-1.40.11
2025-08-18T10:33:27.2486581Z   Attempting uninstall: s3transfer
2025-08-18T10:33:27.2532508Z     Found existing installation: s3transfer 0.13.1
2025-08-18T10:33:27.2558821Z     Uninstalling s3transfer-0.13.1:
2025-08-18T10:33:27.2567283Z       Successfully uninstalled s3transfer-0.13.1
2025-08-18T10:33:27.7690387Z   Attempting uninstall: boto3
2025-08-18T10:33:27.7725945Z     Found existing installation: boto3 1.40.11
2025-08-18T10:33:27.7786029Z     Uninstalling boto3-1.40.11:
2025-08-18T10:33:27.7803842Z       Successfully uninstalled boto3-1.40.11
2025-08-18T10:33:27.9337401Z 
2025-08-18T10:33:27.9420511Z Successfully installed Jinja2-3.1.5 Mako-1.3.10 MarkupSafe-3.0.2 alembic-1.13.1 anyio-4.10.0 asgi-correlation-id-4.3.1 asyncpg-0.29.0 boto3-1.34.162 botocore-1.34.162 dnspython-2.7.0 email_validator-2.2.0 fastapi-0.111.0 fastapi-cli-0.0.8 greenlet-3.2.4 h11-0.16.0 httpcore-1.0.9 httptools-0.6.4 httpx-0.27.2 markdown-it-py-4.0.0 mdurl-0.1.2 orjson-3.11.2 psycopg-3.2.9 psycopg-binary-3.2.9 pygments-2.19.2 python-multipart-0.0.20 rich-14.1.0 rich-toolkit-0.15.0 s3transfer-0.10.4 shellingham-1.5.4 sniffio-1.3.1 sqlalchemy-2.0.29 starlette-0.37.2 structlog-24.1.0 typer-0.16.0 ujson-5.10.0 uvicorn-0.29.0 uvloop-0.21.0 watchfiles-1.1.0 websockets-15.0.1
2025-08-18T10:33:29.0856857Z Requirement already satisfied: uvicorn==0.29.0 in /opt/hostedtoolcache/Python/3.12.11/x64/lib/python3.12/site-packages (from -r services/repricer/requirements.txt (line 1)) (0.29.0)
2025-08-18T10:33:29.0860688Z Requirement already satisfied: pydantic-settings==2.2.1 in /opt/hostedtoolcache/Python/3.12.11/x64/lib/python3.12/site-packages (from -r services/repricer/requirements.txt (line 2)) (2.2.1)
2025-08-18T10:33:29.0865502Z Requirement already satisfied: python-amazon-sp-api==0.8.0 in /opt/hostedtoolcache/Python/3.12.11/x64/lib/python3.12/site-packages (from -r services/repricer/requirements.txt (line 3)) (0.8.0)
2025-08-18T10:33:29.0869636Z Requirement already satisfied: fastapi==0.111.0 in /opt/hostedtoolcache/Python/3.12.11/x64/lib/python3.12/site-packages (from -r services/repricer/requirements.txt (line 4)) (0.111.0)
2025-08-18T10:33:29.0873696Z Requirement already satisfied: sqlalchemy==2.0.29 in /opt/hostedtoolcache/Python/3.12.11/x64/lib/python3.12/site-packages (from -r services/repricer/requirements.txt (line 5)) (2.0.29)
2025-08-18T10:33:29.0885097Z Requirement already satisfied: click>=7.0 in /opt/hostedtoolcache/Python/3.12.11/x64/lib/python3.12/site-packages (from uvicorn==0.29.0->-r services/repricer/requirements.txt (line 1)) (8.2.1)
2025-08-18T10:33:29.0890179Z Requirement already satisfied: h11>=0.8 in /opt/hostedtoolcache/Python/3.12.11/x64/lib/python3.12/site-packages (from uvicorn==0.29.0->-r services/repricer/requirements.txt (line 1)) (0.16.0)
2025-08-18T10:33:29.0913911Z Requirement already satisfied: pydantic>=2.3.0 in /opt/hostedtoolcache/Python/3.12.11/x64/lib/python3.12/site-packages (from pydantic-settings==2.2.1->-r services/repricer/requirements.txt (line 2)) (2.11.7)
2025-08-18T10:33:29.0920235Z Requirement already satisfied: python-dotenv>=0.21.0 in /opt/hostedtoolcache/Python/3.12.11/x64/lib/python3.12/site-packages (from pydantic-settings==2.2.1->-r services/repricer/requirements.txt (line 2)) (1.1.1)
2025-08-18T10:33:29.0931626Z Requirement already satisfied: requests in /opt/hostedtoolcache/Python/3.12.11/x64/lib/python3.12/site-packages (from python-amazon-sp-api==0.8.0->-r services/repricer/requirements.txt (line 3)) (2.32.4)
2025-08-18T10:33:29.0939323Z Requirement already satisfied: six<2,>=1.15 in /opt/hostedtoolcache/Python/3.12.11/x64/lib/python3.12/site-packages (from python-amazon-sp-api==0.8.0->-r services/repricer/requirements.txt (line 3)) (1.17.0)
2025-08-18T10:33:29.0946929Z Requirement already satisfied: boto3<2,>=1.16.39 in /opt/hostedtoolcache/Python/3.12.11/x64/lib/python3.12/site-packages (from python-amazon-sp-api==0.8.0->-r services/repricer/requirements.txt (line 3)) (1.34.162)
2025-08-18T10:33:29.0955034Z Requirement already satisfied: cachetools~=4.2.0 in /opt/hostedtoolcache/Python/3.12.11/x64/lib/python3.12/site-packages (from python-amazon-sp-api==0.8.0->-r services/repricer/requirements.txt (line 3)) (4.2.4)
2025-08-18T10:33:29.0959613Z Requirement already satisfied: pycryptodome in /opt/hostedtoolcache/Python/3.12.11/x64/lib/python3.12/site-packages (from python-amazon-sp-api==0.8.0->-r services/repricer/requirements.txt (line 3)) (3.23.0)
2025-08-18T10:33:29.0965008Z Requirement already satisfied: pytz in /opt/hostedtoolcache/Python/3.12.11/x64/lib/python3.12/site-packages (from python-amazon-sp-api==0.8.0->-r services/repricer/requirements.txt (line 3)) (2025.2)
2025-08-18T10:33:29.0972091Z Requirement already satisfied: confuse~=1.4.0 in /opt/hostedtoolcache/Python/3.12.11/x64/lib/python3.12/site-packages (from python-amazon-sp-api==0.8.0->-r services/repricer/requirements.txt (line 3)) (1.4.0)
2025-08-18T10:33:29.0989293Z Requirement already satisfied: starlette<0.38.0,>=0.37.2 in /opt/hostedtoolcache/Python/3.12.11/x64/lib/python3.12/site-packages (from fastapi==0.111.0->-r services/repricer/requirements.txt (line 4)) (0.37.2)
2025-08-18T10:33:29.1000247Z Requirement already satisfied: typing-extensions>=4.8.0 in /opt/hostedtoolcache/Python/3.12.11/x64/lib/python3.12/site-packages (from fastapi==0.111.0->-r services/repricer/requirements.txt (line 4)) (4.14.1)
2025-08-18T10:33:29.1006403Z Requirement already satisfied: fastapi-cli>=0.0.2 in /opt/hostedtoolcache/Python/3.12.11/x64/lib/python3.12/site-packages (from fastapi==0.111.0->-r services/repricer/requirements.txt (line 4)) (0.0.8)
2025-08-18T10:33:29.1012296Z Requirement already satisfied: httpx>=0.23.0 in /opt/hostedtoolcache/Python/3.12.11/x64/lib/python3.12/site-packages (from fastapi==0.111.0->-r services/repricer/requirements.txt (line 4)) (0.27.2)
2025-08-18T10:33:29.1018024Z Requirement already satisfied: jinja2>=2.11.2 in /opt/hostedtoolcache/Python/3.12.11/x64/lib/python3.12/site-packages (from fastapi==0.111.0->-r services/repricer/requirements.txt (line 4)) (3.1.5)
2025-08-18T10:33:29.1024735Z Requirement already satisfied: python-multipart>=0.0.7 in /opt/hostedtoolcache/Python/3.12.11/x64/lib/python3.12/site-packages (from fastapi==0.111.0->-r services/repricer/requirements.txt (line 4)) (0.0.20)
2025-08-18T10:33:29.1033858Z Requirement already satisfied: ujson!=4.0.2,!=4.1.0,!=4.2.0,!=4.3.0,!=5.0.0,!=5.1.0,>=4.0.1 in /opt/hostedtoolcache/Python/3.12.11/x64/lib/python3.12/site-packages (from fastapi==0.111.0->-r services/repricer/requirements.txt (line 4)) (5.10.0)
2025-08-18T10:33:29.1039615Z Requirement already satisfied: orjson>=3.2.1 in /opt/hostedtoolcache/Python/3.12.11/x64/lib/python3.12/site-packages (from fastapi==0.111.0->-r services/repricer/requirements.txt (line 4)) (3.11.2)
2025-08-18T10:33:29.1045534Z Requirement already satisfied: email_validator>=2.0.0 in /opt/hostedtoolcache/Python/3.12.11/x64/lib/python3.12/site-packages (from fastapi==0.111.0->-r services/repricer/requirements.txt (line 4)) (2.2.0)
2025-08-18T10:33:29.1094381Z Requirement already satisfied: greenlet!=0.4.17 in /opt/hostedtoolcache/Python/3.12.11/x64/lib/python3.12/site-packages (from sqlalchemy==2.0.29->-r services/repricer/requirements.txt (line 5)) (3.2.4)
2025-08-18T10:33:29.1140278Z Requirement already satisfied: botocore<1.35.0,>=1.34.162 in /opt/hostedtoolcache/Python/3.12.11/x64/lib/python3.12/site-packages (from boto3<2,>=1.16.39->python-amazon-sp-api==0.8.0->-r services/repricer/requirements.txt (line 3)) (1.34.162)
2025-08-18T10:33:29.1148169Z Requirement already satisfied: jmespath<2.0.0,>=0.7.1 in /opt/hostedtoolcache/Python/3.12.11/x64/lib/python3.12/site-packages (from boto3<2,>=1.16.39->python-amazon-sp-api==0.8.0->-r services/repricer/requirements.txt (line 3)) (1.0.1)
2025-08-18T10:33:29.1156292Z Requirement already satisfied: s3transfer<0.11.0,>=0.10.0 in /opt/hostedtoolcache/Python/3.12.11/x64/lib/python3.12/site-packages (from boto3<2,>=1.16.39->python-amazon-sp-api==0.8.0->-r services/repricer/requirements.txt (line 3)) (0.10.4)
2025-08-18T10:33:29.1174575Z Requirement already satisfied: python-dateutil<3.0.0,>=2.1 in /opt/hostedtoolcache/Python/3.12.11/x64/lib/python3.12/site-packages (from botocore<1.35.0,>=1.34.162->boto3<2,>=1.16.39->python-amazon-sp-api==0.8.0->-r services/repricer/requirements.txt (line 3)) (2.9.0.post0)
2025-08-18T10:33:29.1189061Z Requirement already satisfied: urllib3!=2.2.0,<3,>=1.25.4 in /opt/hostedtoolcache/Python/3.12.11/x64/lib/python3.12/site-packages (from botocore<1.35.0,>=1.34.162->boto3<2,>=1.16.39->python-amazon-sp-api==0.8.0->-r services/repricer/requirements.txt (line 3)) (2.5.0)
2025-08-18T10:33:29.1209392Z Requirement already satisfied: pyyaml in /opt/hostedtoolcache/Python/3.12.11/x64/lib/python3.12/site-packages (from confuse~=1.4.0->python-amazon-sp-api==0.8.0->-r services/repricer/requirements.txt (line 3)) (6.0.2)
2025-08-18T10:33:29.1238684Z Requirement already satisfied: annotated-types>=0.6.0 in /opt/hostedtoolcache/Python/3.12.11/x64/lib/python3.12/site-packages (from pydantic>=2.3.0->pydantic-settings==2.2.1->-r services/repricer/requirements.txt (line 2)) (0.7.0)
2025-08-18T10:33:29.1251065Z Requirement already satisfied: pydantic-core==2.33.2 in /opt/hostedtoolcache/Python/3.12.11/x64/lib/python3.12/site-packages (from pydantic>=2.3.0->pydantic-settings==2.2.1->-r services/repricer/requirements.txt (line 2)) (2.33.2)
2025-08-18T10:33:29.1259653Z Requirement already satisfied: typing-inspection>=0.4.0 in /opt/hostedtoolcache/Python/3.12.11/x64/lib/python3.12/site-packages (from pydantic>=2.3.0->pydantic-settings==2.2.1->-r services/repricer/requirements.txt (line 2)) (0.4.1)
2025-08-18T10:33:29.1322165Z Requirement already satisfied: anyio<5,>=3.4.0 in /opt/hostedtoolcache/Python/3.12.11/x64/lib/python3.12/site-packages (from starlette<0.38.0,>=0.37.2->fastapi==0.111.0->-r services/repricer/requirements.txt (line 4)) (4.10.0)
2025-08-18T10:33:29.1343163Z Requirement already satisfied: idna>=2.8 in /opt/hostedtoolcache/Python/3.12.11/x64/lib/python3.12/site-packages (from anyio<5,>=3.4.0->starlette<0.38.0,>=0.37.2->fastapi==0.111.0->-r services/repricer/requirements.txt (line 4)) (3.10)
2025-08-18T10:33:29.1349532Z Requirement already satisfied: sniffio>=1.1 in /opt/hostedtoolcache/Python/3.12.11/x64/lib/python3.12/site-packages (from anyio<5,>=3.4.0->starlette<0.38.0,>=0.37.2->fastapi==0.111.0->-r services/repricer/requirements.txt (line 4)) (1.3.1)
2025-08-18T10:33:29.1407985Z Requirement already satisfied: dnspython>=2.0.0 in /opt/hostedtoolcache/Python/3.12.11/x64/lib/python3.12/site-packages (from email_validator>=2.0.0->fastapi==0.111.0->-r services/repricer/requirements.txt (line 4)) (2.7.0)
2025-08-18T10:33:29.1457664Z Requirement already satisfied: typer>=0.15.1 in /opt/hostedtoolcache/Python/3.12.11/x64/lib/python3.12/site-packages (from fastapi-cli>=0.0.2->fastapi==0.111.0->-r services/repricer/requirements.txt (line 4)) (0.16.0)
2025-08-18T10:33:29.1469396Z Requirement already satisfied: rich-toolkit>=0.14.8 in /opt/hostedtoolcache/Python/3.12.11/x64/lib/python3.12/site-packages (from fastapi-cli>=0.0.2->fastapi==0.111.0->-r services/repricer/requirements.txt (line 4)) (0.15.0)
2025-08-18T10:33:29.1511171Z Requirement already satisfied: certifi in /opt/hostedtoolcache/Python/3.12.11/x64/lib/python3.12/site-packages (from httpx>=0.23.0->fastapi==0.111.0->-r services/repricer/requirements.txt (line 4)) (2025.8.3)
2025-08-18T10:33:29.1517457Z Requirement already satisfied: httpcore==1.* in /opt/hostedtoolcache/Python/3.12.11/x64/lib/python3.12/site-packages (from httpx>=0.23.0->fastapi==0.111.0->-r services/repricer/requirements.txt (line 4)) (1.0.9)
2025-08-18T10:33:29.1575863Z Requirement already satisfied: MarkupSafe>=2.0 in /opt/hostedtoolcache/Python/3.12.11/x64/lib/python3.12/site-packages (from jinja2>=2.11.2->fastapi==0.111.0->-r services/repricer/requirements.txt (line 4)) (3.0.2)
2025-08-18T10:33:29.1635870Z Requirement already satisfied: rich>=13.7.1 in /opt/hostedtoolcache/Python/3.12.11/x64/lib/python3.12/site-packages (from rich-toolkit>=0.14.8->fastapi-cli>=0.0.2->fastapi==0.111.0->-r services/repricer/requirements.txt (line 4)) (14.1.0)
2025-08-18T10:33:29.1659504Z Requirement already satisfied: markdown-it-py>=2.2.0 in /opt/hostedtoolcache/Python/3.12.11/x64/lib/python3.12/site-packages (from rich>=13.7.1->rich-toolkit>=0.14.8->fastapi-cli>=0.0.2->fastapi==0.111.0->-r services/repricer/requirements.txt (line 4)) (4.0.0)
2025-08-18T10:33:29.1666718Z Requirement already satisfied: pygments<3.0.0,>=2.13.0 in /opt/hostedtoolcache/Python/3.12.11/x64/lib/python3.12/site-packages (from rich>=13.7.1->rich-toolkit>=0.14.8->fastapi-cli>=0.0.2->fastapi==0.111.0->-r services/repricer/requirements.txt (line 4)) (2.19.2)
2025-08-18T10:33:29.1693421Z Requirement already satisfied: mdurl~=0.1 in /opt/hostedtoolcache/Python/3.12.11/x64/lib/python3.12/site-packages (from markdown-it-py>=2.2.0->rich>=13.7.1->rich-toolkit>=0.14.8->fastapi-cli>=0.0.2->fastapi==0.111.0->-r services/repricer/requirements.txt (line 4)) (0.1.2)
2025-08-18T10:33:29.1758578Z Requirement already satisfied: shellingham>=1.3.0 in /opt/hostedtoolcache/Python/3.12.11/x64/lib/python3.12/site-packages (from typer>=0.15.1->fastapi-cli>=0.0.2->fastapi==0.111.0->-r services/repricer/requirements.txt (line 4)) (1.5.4)
2025-08-18T10:33:29.1832358Z Requirement already satisfied: httptools>=0.5.0 in /opt/hostedtoolcache/Python/3.12.11/x64/lib/python3.12/site-packages (from uvicorn[standard]>=0.12.0->fastapi==0.111.0->-r services/repricer/requirements.txt (line 4)) (0.6.4)
2025-08-18T10:33:29.1848528Z Requirement already satisfied: uvloop!=0.15.0,!=0.15.1,>=0.14.0 in /opt/hostedtoolcache/Python/3.12.11/x64/lib/python3.12/site-packages (from uvicorn[standard]>=0.12.0->fastapi==0.111.0->-r services/repricer/requirements.txt (line 4)) (0.21.0)
2025-08-18T10:33:29.1856034Z Requirement already satisfied: watchfiles>=0.13 in /opt/hostedtoolcache/Python/3.12.11/x64/lib/python3.12/site-packages (from uvicorn[standard]>=0.12.0->fastapi==0.111.0->-r services/repricer/requirements.txt (line 4)) (1.1.0)
2025-08-18T10:33:29.1864164Z Requirement already satisfied: websockets>=10.4 in /opt/hostedtoolcache/Python/3.12.11/x64/lib/python3.12/site-packages (from uvicorn[standard]>=0.12.0->fastapi==0.111.0->-r services/repricer/requirements.txt (line 4)) (15.0.1)
2025-08-18T10:33:29.1996750Z Requirement already satisfied: charset_normalizer<4,>=2 in /opt/hostedtoolcache/Python/3.12.11/x64/lib/python3.12/site-packages (from requests->python-amazon-sp-api==0.8.0->-r services/repricer/requirements.txt (line 3)) (3.4.3)
2025-08-18T10:33:30.2144438Z Collecting celery==5.4.* (from celery[redis]==5.4.*->-r services/fees_h10/requirements.txt (line 1))
2025-08-18T10:33:30.2158667Z   Using cached celery-5.4.0-py3-none-any.whl.metadata (21 kB)
2025-08-18T10:33:30.2371868Z Requirement already satisfied: asyncpg in /opt/hostedtoolcache/Python/3.12.11/x64/lib/python3.12/site-packages (from -r services/fees_h10/requirements.txt (line 2)) (0.29.0)
2025-08-18T10:33:30.2374960Z Requirement already satisfied: httpx in /opt/hostedtoolcache/Python/3.12.11/x64/lib/python3.12/site-packages (from -r services/fees_h10/requirements.txt (line 3)) (0.27.2)
2025-08-18T10:33:30.2379399Z Requirement already satisfied: sqlalchemy in /opt/hostedtoolcache/Python/3.12.11/x64/lib/python3.12/site-packages (from -r services/fees_h10/requirements.txt (line 4)) (2.0.29)
2025-08-18T10:33:30.2393347Z Requirement already satisfied: billiard<5.0,>=4.2.0 in /opt/hostedtoolcache/Python/3.12.11/x64/lib/python3.12/site-packages (from celery==5.4.*->celery[redis]==5.4.*->-r services/fees_h10/requirements.txt (line 1)) (4.2.1)
2025-08-18T10:33:30.2399761Z Requirement already satisfied: kombu<6.0,>=5.3.4 in /opt/hostedtoolcache/Python/3.12.11/x64/lib/python3.12/site-packages (from celery==5.4.*->celery[redis]==5.4.*->-r services/fees_h10/requirements.txt (line 1)) (5.5.4)
2025-08-18T10:33:30.2406240Z Requirement already satisfied: vine<6.0,>=5.1.0 in /opt/hostedtoolcache/Python/3.12.11/x64/lib/python3.12/site-packages (from celery==5.4.*->celery[redis]==5.4.*->-r services/fees_h10/requirements.txt (line 1)) (5.1.0)
2025-08-18T10:33:30.2412698Z Requirement already satisfied: click<9.0,>=8.1.2 in /opt/hostedtoolcache/Python/3.12.11/x64/lib/python3.12/site-packages (from celery==5.4.*->celery[redis]==5.4.*->-r services/fees_h10/requirements.txt (line 1)) (8.2.1)
2025-08-18T10:33:30.2418624Z Requirement already satisfied: click-didyoumean>=0.3.0 in /opt/hostedtoolcache/Python/3.12.11/x64/lib/python3.12/site-packages (from celery==5.4.*->celery[redis]==5.4.*->-r services/fees_h10/requirements.txt (line 1)) (0.3.1)
2025-08-18T10:33:30.2425178Z Requirement already satisfied: click-repl>=0.2.0 in /opt/hostedtoolcache/Python/3.12.11/x64/lib/python3.12/site-packages (from celery==5.4.*->celery[redis]==5.4.*->-r services/fees_h10/requirements.txt (line 1)) (0.3.0)
2025-08-18T10:33:30.2430787Z Requirement already satisfied: click-plugins>=1.1.1 in /opt/hostedtoolcache/Python/3.12.11/x64/lib/python3.12/site-packages (from celery==5.4.*->celery[redis]==5.4.*->-r services/fees_h10/requirements.txt (line 1)) (1.1.1.2)
2025-08-18T10:33:30.2436970Z Requirement already satisfied: tzdata>=2022.7 in /opt/hostedtoolcache/Python/3.12.11/x64/lib/python3.12/site-packages (from celery==5.4.*->celery[redis]==5.4.*->-r services/fees_h10/requirements.txt (line 1)) (2025.2)
2025-08-18T10:33:30.2443088Z Requirement already satisfied: python-dateutil>=2.8.2 in /opt/hostedtoolcache/Python/3.12.11/x64/lib/python3.12/site-packages (from celery==5.4.*->celery[redis]==5.4.*->-r services/fees_h10/requirements.txt (line 1)) (2.9.0.post0)
2025-08-18T10:33:30.2484638Z Requirement already satisfied: redis!=4.5.5,<6.0.0,>=4.5.2 in /opt/hostedtoolcache/Python/3.12.11/x64/lib/python3.12/site-packages (from celery[redis]==5.4.*->-r services/fees_h10/requirements.txt (line 1)) (5.3.1)
2025-08-18T10:33:30.2507064Z Requirement already satisfied: amqp<6.0.0,>=5.1.1 in /opt/hostedtoolcache/Python/3.12.11/x64/lib/python3.12/site-packages (from kombu<6.0,>=5.3.4->celery==5.4.*->celery[redis]==5.4.*->-r services/fees_h10/requirements.txt (line 1)) (5.3.1)
2025-08-18T10:33:30.2518807Z Requirement already satisfied: packaging in /opt/hostedtoolcache/Python/3.12.11/x64/lib/python3.12/site-packages (from kombu<6.0,>=5.3.4->celery==5.4.*->celery[redis]==5.4.*->-r services/fees_h10/requirements.txt (line 1)) (25.0)
2025-08-18T10:33:30.2577971Z Requirement already satisfied: PyJWT>=2.9.0 in /opt/hostedtoolcache/Python/3.12.11/x64/lib/python3.12/site-packages (from redis!=4.5.5,<6.0.0,>=4.5.2->celery[redis]==5.4.*->-r services/fees_h10/requirements.txt (line 1)) (2.10.1)
2025-08-18T10:33:30.2609736Z Requirement already satisfied: anyio in /opt/hostedtoolcache/Python/3.12.11/x64/lib/python3.12/site-packages (from httpx->-r services/fees_h10/requirements.txt (line 3)) (4.10.0)
2025-08-18T10:33:30.2614573Z Requirement already satisfied: certifi in /opt/hostedtoolcache/Python/3.12.11/x64/lib/python3.12/site-packages (from httpx->-r services/fees_h10/requirements.txt (line 3)) (2025.8.3)
2025-08-18T10:33:30.2620367Z Requirement already satisfied: httpcore==1.* in /opt/hostedtoolcache/Python/3.12.11/x64/lib/python3.12/site-packages (from httpx->-r services/fees_h10/requirements.txt (line 3)) (1.0.9)
2025-08-18T10:33:30.2625106Z Requirement already satisfied: idna in /opt/hostedtoolcache/Python/3.12.11/x64/lib/python3.12/site-packages (from httpx->-r services/fees_h10/requirements.txt (line 3)) (3.10)
2025-08-18T10:33:30.2629627Z Requirement already satisfied: sniffio in /opt/hostedtoolcache/Python/3.12.11/x64/lib/python3.12/site-packages (from httpx->-r services/fees_h10/requirements.txt (line 3)) (1.3.1)
2025-08-18T10:33:30.2654483Z Requirement already satisfied: h11>=0.16 in /opt/hostedtoolcache/Python/3.12.11/x64/lib/python3.12/site-packages (from httpcore==1.*->httpx->-r services/fees_h10/requirements.txt (line 3)) (0.16.0)
2025-08-18T10:33:30.2673913Z Requirement already satisfied: typing-extensions>=4.6.0 in /opt/hostedtoolcache/Python/3.12.11/x64/lib/python3.12/site-packages (from sqlalchemy->-r services/fees_h10/requirements.txt (line 4)) (4.14.1)
2025-08-18T10:33:30.2688554Z Requirement already satisfied: greenlet!=0.4.17 in /opt/hostedtoolcache/Python/3.12.11/x64/lib/python3.12/site-packages (from sqlalchemy->-r services/fees_h10/requirements.txt (line 4)) (3.2.4)
2025-08-18T10:33:30.2759991Z Requirement already satisfied: prompt-toolkit>=3.0.36 in /opt/hostedtoolcache/Python/3.12.11/x64/lib/python3.12/site-packages (from click-repl>=0.2.0->celery==5.4.*->celery[redis]==5.4.*->-r services/fees_h10/requirements.txt (line 1)) (3.0.51)
2025-08-18T10:33:30.2800230Z Requirement already satisfied: wcwidth in /opt/hostedtoolcache/Python/3.12.11/x64/lib/python3.12/site-packages (from prompt-toolkit>=3.0.36->click-repl>=0.2.0->celery==5.4.*->celery[redis]==5.4.*->-r services/fees_h10/requirements.txt (line 1)) (0.2.13)
2025-08-18T10:33:30.2834546Z Requirement already satisfied: six>=1.5 in /opt/hostedtoolcache/Python/3.12.11/x64/lib/python3.12/site-packages (from python-dateutil>=2.8.2->celery==5.4.*->celery[redis]==5.4.*->-r services/fees_h10/requirements.txt (line 1)) (1.17.0)
2025-08-18T10:33:30.2973179Z Using cached celery-5.4.0-py3-none-any.whl (425 kB)
2025-08-18T10:33:30.4218715Z Installing collected packages: celery
2025-08-18T10:33:30.4219991Z   Attempting uninstall: celery
2025-08-18T10:33:30.4265928Z     Found existing installation: celery 5.3.6
2025-08-18T10:33:30.4414041Z     Uninstalling celery-5.3.6:
2025-08-18T10:33:30.4442679Z       Successfully uninstalled celery-5.3.6
2025-08-18T10:33:30.7772607Z Successfully installed celery-5.4.0
2025-08-18T10:33:31.2952289Z Collecting python-telegram-bot==20.8 (from -r services/alert_bot/requirements.txt (line 1))
2025-08-18T10:33:31.2966292Z   Using cached python_telegram_bot-20.8-py3-none-any.whl.metadata (15 kB)
2025-08-18T10:33:31.3158016Z Collecting APScheduler==3.10.4 (from -r services/alert_bot/requirements.txt (line 2))
2025-08-18T10:33:31.3169621Z   Using cached APScheduler-3.10.4-py3-none-any.whl.metadata (5.7 kB)
2025-08-18T10:33:31.3214035Z Requirement already satisfied: asyncpg in /opt/hostedtoolcache/Python/3.12.11/x64/lib/python3.12/site-packages (from -r services/alert_bot/requirements.txt (line 3)) (0.29.0)
2025-08-18T10:33:31.3394994Z Collecting httpx~=0.26.0 (from python-telegram-bot==20.8->-r services/alert_bot/requirements.txt (line 1))
2025-08-18T10:33:31.3407175Z   Using cached httpx-0.26.0-py3-none-any.whl.metadata (7.6 kB)
2025-08-18T10:33:31.3448318Z Requirement already satisfied: six>=1.4.0 in /opt/hostedtoolcache/Python/3.12.11/x64/lib/python3.12/site-packages (from APScheduler==3.10.4->-r services/alert_bot/requirements.txt (line 2)) (1.17.0)
2025-08-18T10:33:31.3452054Z Requirement already satisfied: pytz in /opt/hostedtoolcache/Python/3.12.11/x64/lib/python3.12/site-packages (from APScheduler==3.10.4->-r services/alert_bot/requirements.txt (line 2)) (2025.2)
2025-08-18T10:33:31.3592076Z Collecting tzlocal!=3.*,>=2.0 (from APScheduler==3.10.4->-r services/alert_bot/requirements.txt (line 2))
2025-08-18T10:33:31.3603058Z   Using cached tzlocal-5.3.1-py3-none-any.whl.metadata (7.6 kB)
2025-08-18T10:33:31.3634734Z Requirement already satisfied: anyio in /opt/hostedtoolcache/Python/3.12.11/x64/lib/python3.12/site-packages (from httpx~=0.26.0->python-telegram-bot==20.8->-r services/alert_bot/requirements.txt (line 1)) (4.10.0)
2025-08-18T10:33:31.3638049Z Requirement already satisfied: certifi in /opt/hostedtoolcache/Python/3.12.11/x64/lib/python3.12/site-packages (from httpx~=0.26.0->python-telegram-bot==20.8->-r services/alert_bot/requirements.txt (line 1)) (2025.8.3)
2025-08-18T10:33:31.3642673Z Requirement already satisfied: httpcore==1.* in /opt/hostedtoolcache/Python/3.12.11/x64/lib/python3.12/site-packages (from httpx~=0.26.0->python-telegram-bot==20.8->-r services/alert_bot/requirements.txt (line 1)) (1.0.9)
2025-08-18T10:33:31.3645860Z Requirement already satisfied: idna in /opt/hostedtoolcache/Python/3.12.11/x64/lib/python3.12/site-packages (from httpx~=0.26.0->python-telegram-bot==20.8->-r services/alert_bot/requirements.txt (line 1)) (3.10)
2025-08-18T10:33:31.3649151Z Requirement already satisfied: sniffio in /opt/hostedtoolcache/Python/3.12.11/x64/lib/python3.12/site-packages (from httpx~=0.26.0->python-telegram-bot==20.8->-r services/alert_bot/requirements.txt (line 1)) (1.3.1)
2025-08-18T10:33:31.3663687Z Requirement already satisfied: h11>=0.16 in /opt/hostedtoolcache/Python/3.12.11/x64/lib/python3.12/site-packages (from httpcore==1.*->httpx~=0.26.0->python-telegram-bot==20.8->-r services/alert_bot/requirements.txt (line 1)) (0.16.0)
2025-08-18T10:33:31.3713142Z Requirement already satisfied: typing_extensions>=4.5 in /opt/hostedtoolcache/Python/3.12.11/x64/lib/python3.12/site-packages (from anyio->httpx~=0.26.0->python-telegram-bot==20.8->-r services/alert_bot/requirements.txt (line 1)) (4.14.1)
2025-08-18T10:33:31.3763789Z Using cached python_telegram_bot-20.8-py3-none-any.whl (604 kB)
2025-08-18T10:33:31.3780205Z Using cached APScheduler-3.10.4-py3-none-any.whl (59 kB)
2025-08-18T10:33:31.3791069Z Using cached httpx-0.26.0-py3-none-any.whl (75 kB)
2025-08-18T10:33:31.3802077Z Using cached tzlocal-5.3.1-py3-none-any.whl (18 kB)
2025-08-18T10:33:31.5168712Z Installing collected packages: tzlocal, httpx, APScheduler, python-telegram-bot
2025-08-18T10:33:31.5294868Z   Attempting uninstall: httpx
2025-08-18T10:33:31.5325547Z     Found existing installation: httpx 0.27.2
2025-08-18T10:33:31.5365508Z     Uninstalling httpx-0.27.2:
2025-08-18T10:33:31.5378866Z       Successfully uninstalled httpx-0.27.2
2025-08-18T10:33:31.9562189Z 
2025-08-18T10:33:31.9644998Z Successfully installed APScheduler-3.10.4 httpx-0.26.0 python-telegram-bot-20.8 tzlocal-5.3.1
2025-08-18T10:33:32.4659239Z Collecting Jinja2==3.1.6 (from -r requirements-dev.txt (line 2))
2025-08-18T10:33:32.4672383Z   Using cached jinja2-3.1.6-py3-none-any.whl.metadata (2.9 kB)
2025-08-18T10:33:32.4693550Z Requirement already satisfied: alembic==1.13.1 in /opt/hostedtoolcache/Python/3.12.11/x64/lib/python3.12/site-packages (from -r requirements-dev.txt (line 3)) (1.13.1)
2025-08-18T10:33:32.4697922Z Requirement already satisfied: apscheduler==3.10.4 in /opt/hostedtoolcache/Python/3.12.11/x64/lib/python3.12/site-packages (from -r requirements-dev.txt (line 4)) (3.10.4)
2025-08-18T10:33:32.5077596Z Collecting asyncpg==0.30.0 (from -r requirements-dev.txt (line 5))
2025-08-18T10:33:32.5090408Z   Using cached asyncpg-0.30.0-cp312-cp312-manylinux_2_17_x86_64.manylinux2014_x86_64.whl.metadata (5.0 kB)
2025-08-18T10:33:32.5525460Z Collecting black==25.1.0 (from -r requirements-dev.txt (line 6))
2025-08-18T10:33:32.5538348Z   Using cached black-25.1.0-cp312-cp312-manylinux_2_17_x86_64.manylinux2014_x86_64.manylinux_2_28_x86_64.whl.metadata (81 kB)
2025-08-18T10:33:32.5619864Z Requirement already satisfied: boto3 in /opt/hostedtoolcache/Python/3.12.11/x64/lib/python3.12/site-packages (from -r requirements-dev.txt (line 7)) (1.34.162)
2025-08-18T10:33:32.5624738Z Requirement already satisfied: redis==5.* in /opt/hostedtoolcache/Python/3.12.11/x64/lib/python3.12/site-packages (from -r requirements-dev.txt (line 8)) (5.3.1)
2025-08-18T10:33:32.5628841Z Requirement already satisfied: minio==7.* in /opt/hostedtoolcache/Python/3.12.11/x64/lib/python3.12/site-packages (from -r requirements-dev.txt (line 9)) (7.1.15)
2025-08-18T10:33:32.5633274Z Requirement already satisfied: celery==5.4.0 in /opt/hostedtoolcache/Python/3.12.11/x64/lib/python3.12/site-packages (from -r requirements-dev.txt (line 10)) (5.4.0)
2025-08-18T10:33:32.6111092Z Collecting fastapi==0.116.1 (from -r requirements-dev.txt (line 11))
2025-08-18T10:33:32.6123637Z   Using cached fastapi-0.116.1-py3-none-any.whl.metadata (28 kB)
2025-08-18T10:33:32.6367153Z Collecting httpx<0.29,>=0.27 (from -r requirements-dev.txt (line 13))
2025-08-18T10:33:32.6378802Z   Using cached httpx-0.28.1-py3-none-any.whl.metadata (7.1 kB)
2025-08-18T10:33:32.6490192Z Collecting imapclient==3.0.1 (from -r requirements-dev.txt (line 14))
2025-08-18T10:33:32.6501310Z   Using cached IMAPClient-3.0.1-py2.py3-none-any.whl.metadata (1.7 kB)
2025-08-18T10:33:32.6594260Z Collecting itsdangerous (from -r requirements-dev.txt (line 15))
2025-08-18T10:33:32.6605561Z   Using cached itsdangerous-2.2.0-py3-none-any.whl.metadata (1.9 kB)
2025-08-18T10:33:32.7576513Z Collecting mypy==1.* (from -r requirements-dev.txt (line 16))
2025-08-18T10:33:32.7589566Z   Using cached mypy-1.17.1-cp312-cp312-manylinux2014_x86_64.manylinux_2_17_x86_64.manylinux_2_28_x86_64.whl.metadata (2.2 kB)
2025-08-18T10:33:32.7617961Z Requirement already satisfied: mypy-extensions==1.1.0 in /opt/hostedtoolcache/Python/3.12.11/x64/lib/python3.12/site-packages (from -r requirements-dev.txt (line 17)) (1.1.0)
2025-08-18T10:33:32.7622483Z Requirement already satisfied: numpy<2 in /opt/hostedtoolcache/Python/3.12.11/x64/lib/python3.12/site-packages (from -r requirements-dev.txt (line 18)) (1.26.4)
2025-08-18T10:33:32.7626418Z Requirement already satisfied: openpyxl==3.1.5 in /opt/hostedtoolcache/Python/3.12.11/x64/lib/python3.12/site-packages (from -r requirements-dev.txt (line 19)) (3.1.5)
2025-08-18T10:33:32.7630456Z Requirement already satisfied: pandas==2.2.* in /opt/hostedtoolcache/Python/3.12.11/x64/lib/python3.12/site-packages (from -r requirements-dev.txt (line 20)) (2.2.3)
2025-08-18T10:33:32.8196510Z Collecting psycopg2-binary==2.9.9 (from -r requirements-dev.txt (line 21))
2025-08-18T10:33:32.8209529Z   Using cached psycopg2_binary-2.9.9-cp312-cp312-manylinux_2_17_x86_64.manylinux2014_x86_64.whl.metadata (4.4 kB)
2025-08-18T10:33:32.8229697Z Requirement already satisfied: psycopg==3.2.9 in /opt/hostedtoolcache/Python/3.12.11/x64/lib/python3.12/site-packages (from psycopg[binary]==3.2.9->-r requirements-dev.txt (line 22)) (3.2.9)
2025-08-18T10:33:32.8234492Z Requirement already satisfied: pydantic==2.11.7 in /opt/hostedtoolcache/Python/3.12.11/x64/lib/python3.12/site-packages (from -r requirements-dev.txt (line 23)) (2.11.7)
2025-08-18T10:33:32.9407123Z Collecting setuptools (from -r requirements-dev.txt (line 24))
2025-08-18T10:33:32.9420882Z   Using cached setuptools-80.9.0-py3-none-any.whl.metadata (6.6 kB)
2025-08-18T10:33:32.9670635Z Collecting pytest-asyncio==0.23.6 (from -r requirements-dev.txt (line 25))
2025-08-18T10:33:32.9682264Z   Using cached pytest_asyncio-0.23.6-py3-none-any.whl.metadata (3.9 kB)
2025-08-18T10:33:32.9815265Z Collecting pytest-cov==6.2.1 (from -r requirements-dev.txt (line 26))
2025-08-18T10:33:32.9826897Z   Using cached pytest_cov-6.2.1-py3-none-any.whl.metadata (30 kB)
2025-08-18T10:33:32.9974917Z Collecting pytest-postgresql==7.0.2 (from -r requirements-dev.txt (line 27))
2025-08-18T10:33:32.9986490Z   Using cached pytest_postgresql-7.0.2-py3-none-any.whl.metadata (18 kB)
2025-08-18T10:33:33.0017111Z Requirement already satisfied: python-dotenv in /opt/hostedtoolcache/Python/3.12.11/x64/lib/python3.12/site-packages (from -r requirements-dev.txt (line 28)) (1.1.1)
2025-08-18T10:33:33.0021276Z Requirement already satisfied: python-multipart in /opt/hostedtoolcache/Python/3.12.11/x64/lib/python3.12/site-packages (from -r requirements-dev.txt (line 29)) (0.0.20)
2025-08-18T10:33:33.0286668Z Collecting python-telegram-bot==22.2 (from -r requirements-dev.txt (line 30))
2025-08-18T10:33:33.0298540Z   Using cached python_telegram_bot-22.2-py3-none-any.whl.metadata (17 kB)
2025-08-18T10:33:33.0362236Z Requirement already satisfied: requests==2.32.4 in /opt/hostedtoolcache/Python/3.12.11/x64/lib/python3.12/site-packages (from -r requirements-dev.txt (line 31)) (2.32.4)
2025-08-18T10:33:33.0486308Z Collecting respx==0.22.0 (from -r requirements-dev.txt (line 32))
2025-08-18T10:33:33.0497572Z   Using cached respx-0.22.0-py2.py3-none-any.whl.metadata (4.1 kB)
2025-08-18T10:33:33.4033796Z Collecting ruff==0.4.4 (from -r requirements-dev.txt (line 33))
2025-08-18T10:33:33.4047443Z   Using cached ruff-0.4.4-py3-none-manylinux_2_17_x86_64.manylinux2014_x86_64.whl.metadata (23 kB)
2025-08-18T10:33:33.4079350Z Requirement already satisfied: sqlalchemy==2.0.29 in /opt/hostedtoolcache/Python/3.12.11/x64/lib/python3.12/site-packages (from -r requirements-dev.txt (line 34)) (2.0.29)
2025-08-18T10:33:33.4218040Z Collecting testcontainers==4.10.0 (from testcontainers[postgres]==4.10.0->-r requirements-dev.txt (line 35))
2025-08-18T10:33:33.4229687Z   Using cached testcontainers-4.10.0-py3-none-any.whl.metadata (7.8 kB)
2025-08-18T10:33:33.4577693Z Collecting types-requests==2.32.0.20240602 (from -r requirements-dev.txt (line 36))
2025-08-18T10:33:33.4590730Z   Using cached types_requests-2.32.0.20240602-py3-none-any.whl.metadata (1.8 kB)
2025-08-18T10:33:33.4704873Z Collecting docspec-python==2.2.2 (from -r requirements-dev.txt (line 37))
2025-08-18T10:33:33.4716768Z   Using cached docspec_python-2.2.2-py3-none-any.whl.metadata (1.0 kB)
2025-08-18T10:33:33.4860895Z Collecting pydoc-markdown==4.8.2 (from -r requirements-dev.txt (line 38))
2025-08-18T10:33:33.4872303Z   Using cached pydoc_markdown-4.8.2-py3-none-any.whl.metadata (5.9 kB)
2025-08-18T10:33:33.4904928Z Requirement already satisfied: pandera==0.19.* in /opt/hostedtoolcache/Python/3.12.11/x64/lib/python3.12/site-packages (from -r requirements-dev.txt (line 39)) (0.19.3)
2025-08-18T10:33:33.4923149Z Requirement already satisfied: MarkupSafe>=2.0 in /opt/hostedtoolcache/Python/3.12.11/x64/lib/python3.12/site-packages (from Jinja2==3.1.6->-r requirements-dev.txt (line 2)) (3.0.2)
2025-08-18T10:33:33.4938877Z Requirement already satisfied: Mako in /opt/hostedtoolcache/Python/3.12.11/x64/lib/python3.12/site-packages (from alembic==1.13.1->-r requirements-dev.txt (line 3)) (1.3.10)
2025-08-18T10:33:33.4944795Z Requirement already satisfied: typing-extensions>=4 in /opt/hostedtoolcache/Python/3.12.11/x64/lib/python3.12/site-packages (from alembic==1.13.1->-r requirements-dev.txt (line 3)) (4.14.1)
2025-08-18T10:33:33.4962049Z Requirement already satisfied: six>=1.4.0 in /opt/hostedtoolcache/Python/3.12.11/x64/lib/python3.12/site-packages (from apscheduler==3.10.4->-r requirements-dev.txt (line 4)) (1.17.0)
2025-08-18T10:33:33.4966200Z Requirement already satisfied: pytz in /opt/hostedtoolcache/Python/3.12.11/x64/lib/python3.12/site-packages (from apscheduler==3.10.4->-r requirements-dev.txt (line 4)) (2025.2)
2025-08-18T10:33:33.4972813Z Requirement already satisfied: tzlocal!=3.*,>=2.0 in /opt/hostedtoolcache/Python/3.12.11/x64/lib/python3.12/site-packages (from apscheduler==3.10.4->-r requirements-dev.txt (line 4)) (5.3.1)
2025-08-18T10:33:33.5006495Z Requirement already satisfied: click>=8.0.0 in /opt/hostedtoolcache/Python/3.12.11/x64/lib/python3.12/site-packages (from black==25.1.0->-r requirements-dev.txt (line 6)) (8.2.1)
2025-08-18T10:33:33.5011250Z Requirement already satisfied: packaging>=22.0 in /opt/hostedtoolcache/Python/3.12.11/x64/lib/python3.12/site-packages (from black==25.1.0->-r requirements-dev.txt (line 6)) (25.0)
2025-08-18T10:33:33.5102615Z Collecting pathspec>=0.9.0 (from black==25.1.0->-r requirements-dev.txt (line 6))
2025-08-18T10:33:33.5114011Z   Using cached pathspec-0.12.1-py3-none-any.whl.metadata (21 kB)
2025-08-18T10:33:33.5288147Z Collecting platformdirs>=2 (from black==25.1.0->-r requirements-dev.txt (line 6))
2025-08-18T10:33:33.5298899Z   Using cached platformdirs-4.3.8-py3-none-any.whl.metadata (12 kB)
2025-08-18T10:33:33.5353107Z Requirement already satisfied: billiard<5.0,>=4.2.0 in /opt/hostedtoolcache/Python/3.12.11/x64/lib/python3.12/site-packages (from celery==5.4.0->-r requirements-dev.txt (line 10)) (4.2.1)
2025-08-18T10:33:33.5359664Z Requirement already satisfied: kombu<6.0,>=5.3.4 in /opt/hostedtoolcache/Python/3.12.11/x64/lib/python3.12/site-packages (from celery==5.4.0->-r requirements-dev.txt (line 10)) (5.5.4)
2025-08-18T10:33:33.5366051Z Requirement already satisfied: vine<6.0,>=5.1.0 in /opt/hostedtoolcache/Python/3.12.11/x64/lib/python3.12/site-packages (from celery==5.4.0->-r requirements-dev.txt (line 10)) (5.1.0)
2025-08-18T10:33:33.5374761Z Requirement already satisfied: click-didyoumean>=0.3.0 in /opt/hostedtoolcache/Python/3.12.11/x64/lib/python3.12/site-packages (from celery==5.4.0->-r requirements-dev.txt (line 10)) (0.3.1)
2025-08-18T10:33:33.5379935Z Requirement already satisfied: click-repl>=0.2.0 in /opt/hostedtoolcache/Python/3.12.11/x64/lib/python3.12/site-packages (from celery==5.4.0->-r requirements-dev.txt (line 10)) (0.3.0)
2025-08-18T10:33:33.5385831Z Requirement already satisfied: click-plugins>=1.1.1 in /opt/hostedtoolcache/Python/3.12.11/x64/lib/python3.12/site-packages (from celery==5.4.0->-r requirements-dev.txt (line 10)) (1.1.1.2)
2025-08-18T10:33:33.5391045Z Requirement already satisfied: tzdata>=2022.7 in /opt/hostedtoolcache/Python/3.12.11/x64/lib/python3.12/site-packages (from celery==5.4.0->-r requirements-dev.txt (line 10)) (2025.2)
2025-08-18T10:33:33.5397280Z Requirement already satisfied: python-dateutil>=2.8.2 in /opt/hostedtoolcache/Python/3.12.11/x64/lib/python3.12/site-packages (from celery==5.4.0->-r requirements-dev.txt (line 10)) (2.9.0.post0)
2025-08-18T10:33:33.5738477Z Collecting starlette<0.48.0,>=0.40.0 (from fastapi==0.116.1->-r requirements-dev.txt (line 11))
2025-08-18T10:33:33.5750619Z   Using cached starlette-0.47.2-py3-none-any.whl.metadata (6.2 kB)
2025-08-18T10:33:33.5800066Z Requirement already satisfied: annotated-types>=0.6.0 in /opt/hostedtoolcache/Python/3.12.11/x64/lib/python3.12/site-packages (from pydantic==2.11.7->-r requirements-dev.txt (line 23)) (0.7.0)
2025-08-18T10:33:33.5805322Z Requirement already satisfied: pydantic-core==2.33.2 in /opt/hostedtoolcache/Python/3.12.11/x64/lib/python3.12/site-packages (from pydantic==2.11.7->-r requirements-dev.txt (line 23)) (2.33.2)
2025-08-18T10:33:33.5812126Z Requirement already satisfied: typing-inspection>=0.4.0 in /opt/hostedtoolcache/Python/3.12.11/x64/lib/python3.12/site-packages (from pydantic==2.11.7->-r requirements-dev.txt (line 23)) (0.4.1)
2025-08-18T10:33:33.5845961Z Requirement already satisfied: et-xmlfile in /opt/hostedtoolcache/Python/3.12.11/x64/lib/python3.12/site-packages (from openpyxl==3.1.5->-r requirements-dev.txt (line 19)) (2.0.0)
2025-08-18T10:33:33.6257798Z Collecting pytest<9,>=7.0.0 (from pytest-asyncio==0.23.6->-r requirements-dev.txt (line 25))
2025-08-18T10:33:33.6270119Z   Using cached pytest-8.4.1-py3-none-any.whl.metadata (7.7 kB)
2025-08-18T10:33:33.9525333Z Collecting coverage>=7.5 (from coverage[toml]>=7.5->pytest-cov==6.2.1->-r requirements-dev.txt (line 26))
2025-08-18T10:33:33.9538347Z   Using cached coverage-7.10.4-cp312-cp312-manylinux1_x86_64.manylinux_2_28_x86_64.manylinux_2_5_x86_64.whl.metadata (8.9 kB)
2025-08-18T10:33:33.9656655Z Collecting pluggy>=1.2 (from pytest-cov==6.2.1->-r requirements-dev.txt (line 26))
2025-08-18T10:33:33.9668001Z   Using cached pluggy-1.6.0-py3-none-any.whl.metadata (4.8 kB)
2025-08-18T10:33:33.9967468Z Collecting port-for>=0.7.3 (from pytest-postgresql==7.0.2->-r requirements-dev.txt (line 27))
2025-08-18T10:33:33.9978822Z   Using cached port_for-0.7.4-py3-none-any.whl.metadata (7.1 kB)
2025-08-18T10:33:34.0127057Z Collecting mirakuru>=2.6.0 (from pytest-postgresql==7.0.2->-r requirements-dev.txt (line 27))
2025-08-18T10:33:34.0138452Z   Using cached mirakuru-2.6.1-py3-none-any.whl.metadata (10 kB)
2025-08-18T10:33:34.0193459Z Requirement already satisfied: charset_normalizer<4,>=2 in /opt/hostedtoolcache/Python/3.12.11/x64/lib/python3.12/site-packages (from requests==2.32.4->-r requirements-dev.txt (line 31)) (3.4.3)
2025-08-18T10:33:34.0198731Z Requirement already satisfied: idna<4,>=2.5 in /opt/hostedtoolcache/Python/3.12.11/x64/lib/python3.12/site-packages (from requests==2.32.4->-r requirements-dev.txt (line 31)) (3.10)
2025-08-18T10:33:34.0204176Z Requirement already satisfied: urllib3<3,>=1.21.1 in /opt/hostedtoolcache/Python/3.12.11/x64/lib/python3.12/site-packages (from requests==2.32.4->-r requirements-dev.txt (line 31)) (2.5.0)
2025-08-18T10:33:34.0208717Z Requirement already satisfied: certifi>=2017.4.17 in /opt/hostedtoolcache/Python/3.12.11/x64/lib/python3.12/site-packages (from requests==2.32.4->-r requirements-dev.txt (line 31)) (2025.8.3)
2025-08-18T10:33:34.0321773Z Requirement already satisfied: greenlet!=0.4.17 in /opt/hostedtoolcache/Python/3.12.11/x64/lib/python3.12/site-packages (from sqlalchemy==2.0.29->-r requirements-dev.txt (line 34)) (3.2.4)
2025-08-18T10:33:34.0545203Z Collecting docker (from testcontainers==4.10.0->testcontainers[postgres]==4.10.0->-r requirements-dev.txt (line 35))
2025-08-18T10:33:34.0557605Z   Using cached docker-7.1.0-py3-none-any.whl.metadata (3.8 kB)
2025-08-18T10:33:34.0599048Z Requirement already satisfied: wrapt in /opt/hostedtoolcache/Python/3.12.11/x64/lib/python3.12/site-packages (from testcontainers==4.10.0->testcontainers[postgres]==4.10.0->-r requirements-dev.txt (line 35)) (1.17.3)
2025-08-18T10:33:34.0742633Z Collecting docspec==2.2.1 (from docspec-python==2.2.2->-r requirements-dev.txt (line 37))
2025-08-18T10:33:34.0754377Z   Using cached docspec-2.2.1-py3-none-any.whl.metadata (1.5 kB)
2025-08-18T10:33:34.0895479Z Collecting nr-util>=0.8.12 (from docspec-python==2.2.2->-r requirements-dev.txt (line 37))
2025-08-18T10:33:34.0908032Z   Using cached nr.util-0.8.12-py3-none-any.whl.metadata (813 bytes)
2025-08-18T10:33:34.0960537Z Requirement already satisfied: PyYAML<7.0,>=5.0 in /opt/hostedtoolcache/Python/3.12.11/x64/lib/python3.12/site-packages (from pydoc-markdown==4.8.2->-r requirements-dev.txt (line 38)) (6.0.2)
2025-08-18T10:33:34.1146589Z Collecting databind.core<5.0.0,>=4.4.0 (from pydoc-markdown==4.8.2->-r requirements-dev.txt (line 38))
2025-08-18T10:33:34.1160458Z   Using cached databind.core-4.5.2-py3-none-any.whl.metadata (1.1 kB)
2025-08-18T10:33:34.1352612Z Collecting databind.json<5.0.0,>=4.4.0 (from pydoc-markdown==4.8.2->-r requirements-dev.txt (line 38))
2025-08-18T10:33:34.1365248Z   Using cached databind.json-4.5.2-py3-none-any.whl.metadata (1.1 kB)
2025-08-18T10:33:34.1505263Z Collecting docstring-parser<0.12,>=0.11 (from pydoc-markdown==4.8.2->-r requirements-dev.txt (line 38))
2025-08-18T10:33:34.1507461Z   Using cached docstring_parser-0.11-py3-none-any.whl
2025-08-18T10:33:34.1754348Z Collecting tomli<3.0.0,>=2.0.0 (from pydoc-markdown==4.8.2->-r requirements-dev.txt (line 38))
2025-08-18T10:33:34.1767129Z   Using cached tomli-2.2.1-cp312-cp312-manylinux_2_17_x86_64.manylinux2014_x86_64.whl.metadata (11 kB)
2025-08-18T10:33:34.1889616Z Collecting tomli_w<2.0.0,>=1.0.0 (from pydoc-markdown==4.8.2->-r requirements-dev.txt (line 38))
2025-08-18T10:33:34.1901127Z   Using cached tomli_w-1.2.0-py3-none-any.whl.metadata (5.7 kB)
2025-08-18T10:33:34.2794358Z Collecting watchdog (from pydoc-markdown==4.8.2->-r requirements-dev.txt (line 38))
2025-08-18T10:33:34.2807364Z   Using cached watchdog-6.0.0-py3-none-manylinux2014_x86_64.whl.metadata (44 kB)
2025-08-18T10:33:34.3037881Z Collecting yapf>=0.30.0 (from pydoc-markdown==4.8.2->-r requirements-dev.txt (line 38))
2025-08-18T10:33:34.3053463Z   Using cached yapf-0.43.0-py3-none-any.whl.metadata (46 kB)
2025-08-18T10:33:34.3239190Z Collecting Deprecated<2.0.0,>=1.2.12 (from docspec==2.2.1->docspec-python==2.2.2->-r requirements-dev.txt (line 37))
2025-08-18T10:33:34.3251019Z   Using cached Deprecated-1.2.18-py2.py3-none-any.whl.metadata (5.7 kB)
2025-08-18T10:33:34.3398112Z Requirement already satisfied: psycopg-binary==3.2.9 in /opt/hostedtoolcache/Python/3.12.11/x64/lib/python3.12/site-packages (from psycopg[binary]==3.2.9->-r requirements-dev.txt (line 22)) (3.2.9)
2025-08-18T10:33:34.3466661Z Requirement already satisfied: PyJWT>=2.9.0 in /opt/hostedtoolcache/Python/3.12.11/x64/lib/python3.12/site-packages (from redis==5.*->-r requirements-dev.txt (line 8)) (2.10.1)
2025-08-18T10:33:34.3504534Z Requirement already satisfied: anyio in /opt/hostedtoolcache/Python/3.12.11/x64/lib/python3.12/site-packages (from httpx<0.29,>=0.27->-r requirements-dev.txt (line 13)) (4.10.0)
2025-08-18T10:33:34.3510141Z Requirement already satisfied: httpcore==1.* in /opt/hostedtoolcache/Python/3.12.11/x64/lib/python3.12/site-packages (from httpx<0.29,>=0.27->-r requirements-dev.txt (line 13)) (1.0.9)
2025-08-18T10:33:34.3732846Z Requirement already satisfied: multimethod<=1.10.0 in /opt/hostedtoolcache/Python/3.12.11/x64/lib/python3.12/site-packages (from pandera==0.19.*->-r requirements-dev.txt (line 39)) (1.10)
2025-08-18T10:33:34.3746785Z Requirement already satisfied: typeguard in /opt/hostedtoolcache/Python/3.12.11/x64/lib/python3.12/site-packages (from pandera==0.19.*->-r requirements-dev.txt (line 39)) (4.4.4)
2025-08-18T10:33:34.3752275Z Requirement already satisfied: typing-inspect>=0.6.0 in /opt/hostedtoolcache/Python/3.12.11/x64/lib/python3.12/site-packages (from pandera==0.19.*->-r requirements-dev.txt (line 39)) (0.9.0)
2025-08-18T10:33:34.4014527Z Collecting databind<5.0.0,>=4.5.2 (from databind.core<5.0.0,>=4.4.0->pydoc-markdown==4.8.2->-r requirements-dev.txt (line 38))
2025-08-18T10:33:34.4026027Z   Using cached databind-4.5.2-py3-none-any.whl.metadata (4.3 kB)
2025-08-18T10:33:34.4133411Z Collecting nr-date<3.0.0,>=2.0.0 (from databind<5.0.0,>=4.5.2->databind.core<5.0.0,>=4.4.0->pydoc-markdown==4.8.2->-r requirements-dev.txt (line 38))
2025-08-18T10:33:34.4144914Z   Using cached nr_date-2.1.0-py3-none-any.whl.metadata (746 bytes)
2025-08-18T10:33:34.4249516Z Collecting nr-stream<2.0.0,>=1.0.0 (from databind<5.0.0,>=4.5.2->databind.core<5.0.0,>=4.4.0->pydoc-markdown==4.8.2->-r requirements-dev.txt (line 38))
2025-08-18T10:33:34.4266765Z   Using cached nr_stream-1.1.5-py3-none-any.whl.metadata (3.6 kB)
2025-08-18T10:33:34.4409472Z Collecting typeapi<3,>=2.0.1 (from databind<5.0.0,>=4.5.2->databind.core<5.0.0,>=4.4.0->pydoc-markdown==4.8.2->-r requirements-dev.txt (line 38))
2025-08-18T10:33:34.4421867Z   Using cached typeapi-2.2.4-py3-none-any.whl.metadata (1.5 kB)
2025-08-18T10:33:34.4522263Z Requirement already satisfied: h11>=0.16 in /opt/hostedtoolcache/Python/3.12.11/x64/lib/python3.12/site-packages (from httpcore==1.*->httpx<0.29,>=0.27->-r requirements-dev.txt (line 13)) (0.16.0)
2025-08-18T10:33:34.4563835Z Requirement already satisfied: amqp<6.0.0,>=5.1.1 in /opt/hostedtoolcache/Python/3.12.11/x64/lib/python3.12/site-packages (from kombu<6.0,>=5.3.4->celery==5.4.0->-r requirements-dev.txt (line 10)) (5.3.1)
2025-08-18T10:33:34.4820813Z Collecting iniconfig>=1 (from pytest<9,>=7.0.0->pytest-asyncio==0.23.6->-r requirements-dev.txt (line 25))
2025-08-18T10:33:34.4833026Z   Using cached iniconfig-2.1.0-py3-none-any.whl.metadata (2.7 kB)
2025-08-18T10:33:34.4869374Z Requirement already satisfied: pygments>=2.7.2 in /opt/hostedtoolcache/Python/3.12.11/x64/lib/python3.12/site-packages (from pytest<9,>=7.0.0->pytest-asyncio==0.23.6->-r requirements-dev.txt (line 25)) (2.19.2)
2025-08-18T10:33:34.4980303Z Requirement already satisfied: sniffio>=1.1 in /opt/hostedtoolcache/Python/3.12.11/x64/lib/python3.12/site-packages (from anyio->httpx<0.29,>=0.27->-r requirements-dev.txt (line 13)) (1.3.1)
2025-08-18T10:33:34.5129145Z Requirement already satisfied: botocore<1.35.0,>=1.34.162 in /opt/hostedtoolcache/Python/3.12.11/x64/lib/python3.12/site-packages (from boto3->-r requirements-dev.txt (line 7)) (1.34.162)
2025-08-18T10:33:34.5135416Z Requirement already satisfied: jmespath<2.0.0,>=0.7.1 in /opt/hostedtoolcache/Python/3.12.11/x64/lib/python3.12/site-packages (from boto3->-r requirements-dev.txt (line 7)) (1.0.1)
2025-08-18T10:33:34.5142506Z Requirement already satisfied: s3transfer<0.11.0,>=0.10.0 in /opt/hostedtoolcache/Python/3.12.11/x64/lib/python3.12/site-packages (from boto3->-r requirements-dev.txt (line 7)) (0.10.4)
2025-08-18T10:33:34.5263200Z Requirement already satisfied: fastapi-cli>=0.0.8 in /opt/hostedtoolcache/Python/3.12.11/x64/lib/python3.12/site-packages (from fastapi-cli[standard]>=0.0.8; extra == "all"->fastapi[all]->-r requirements-dev.txt (line 12)) (0.0.8)
2025-08-18T10:33:34.5383225Z Requirement already satisfied: ujson!=4.0.2,!=4.1.0,!=4.2.0,!=4.3.0,!=5.0.0,!=5.1.0,>=4.0.1 in /opt/hostedtoolcache/Python/3.12.11/x64/lib/python3.12/site-packages (from fastapi[all]->-r requirements-dev.txt (line 12)) (5.10.0)
2025-08-18T10:33:34.5389013Z Requirement already satisfied: orjson>=3.2.1 in /opt/hostedtoolcache/Python/3.12.11/x64/lib/python3.12/site-packages (from fastapi[all]->-r requirements-dev.txt (line 12)) (3.11.2)
2025-08-18T10:33:34.5395280Z Requirement already satisfied: email-validator>=2.0.0 in /opt/hostedtoolcache/Python/3.12.11/x64/lib/python3.12/site-packages (from fastapi[all]->-r requirements-dev.txt (line 12)) (2.2.0)
2025-08-18T10:33:34.5402978Z Requirement already satisfied: uvicorn>=0.12.0 in /opt/hostedtoolcache/Python/3.12.11/x64/lib/python3.12/site-packages (from uvicorn[standard]>=0.12.0; extra == "all"->fastapi[all]->-r requirements-dev.txt (line 12)) (0.29.0)
2025-08-18T10:33:34.5411064Z Requirement already satisfied: pydantic-settings>=2.0.0 in /opt/hostedtoolcache/Python/3.12.11/x64/lib/python3.12/site-packages (from fastapi[all]->-r requirements-dev.txt (line 12)) (2.2.1)
2025-08-18T10:33:34.5533640Z Collecting pydantic-extra-types>=2.0.0 (from fastapi[all]->-r requirements-dev.txt (line 12))
2025-08-18T10:33:34.5545105Z   Using cached pydantic_extra_types-2.10.5-py3-none-any.whl.metadata (3.9 kB)
2025-08-18T10:33:34.5798831Z Requirement already satisfied: prompt-toolkit>=3.0.36 in /opt/hostedtoolcache/Python/3.12.11/x64/lib/python3.12/site-packages (from click-repl>=0.2.0->celery==5.4.0->-r requirements-dev.txt (line 10)) (3.0.51)
2025-08-18T10:33:34.5869580Z Requirement already satisfied: dnspython>=2.0.0 in /opt/hostedtoolcache/Python/3.12.11/x64/lib/python3.12/site-packages (from email-validator>=2.0.0->fastapi[all]->-r requirements-dev.txt (line 12)) (2.7.0)
2025-08-18T10:33:34.5948632Z Requirement already satisfied: typer>=0.15.1 in /opt/hostedtoolcache/Python/3.12.11/x64/lib/python3.12/site-packages (from fastapi-cli>=0.0.8->fastapi-cli[standard]>=0.0.8; extra == "all"->fastapi[all]->-r requirements-dev.txt (line 12)) (0.16.0)
2025-08-18T10:33:34.5965861Z Requirement already satisfied: rich-toolkit>=0.14.8 in /opt/hostedtoolcache/Python/3.12.11/x64/lib/python3.12/site-packages (from fastapi-cli>=0.0.8->fastapi-cli[standard]>=0.0.8; extra == "all"->fastapi[all]->-r requirements-dev.txt (line 12)) (0.15.0)
2025-08-18T10:33:34.6074268Z Collecting fastapi-cloud-cli>=0.1.1 (from fastapi-cli[standard]>=0.0.8; extra == "all"->fastapi[all]->-r requirements-dev.txt (line 12))
2025-08-18T10:33:34.6085616Z   Using cached fastapi_cloud_cli-0.1.5-py3-none-any.whl.metadata (3.2 kB)
2025-08-18T10:33:34.6763276Z Collecting rignore>=0.5.1 (from fastapi-cloud-cli>=0.1.1->fastapi-cli[standard]>=0.0.8; extra == "all"->fastapi[all]->-r requirements-dev.txt (line 12))
2025-08-18T10:33:34.6776640Z   Using cached rignore-0.6.4-cp312-cp312-manylinux_2_17_x86_64.manylinux2014_x86_64.whl.metadata (3.8 kB)
2025-08-18T10:33:34.7304956Z Collecting sentry-sdk>=2.20.0 (from fastapi-cloud-cli>=0.1.1->fastapi-cli[standard]>=0.0.8; extra == "all"->fastapi[all]->-r requirements-dev.txt (line 12))
2025-08-18T10:33:34.7317730Z   Using cached sentry_sdk-2.35.0-py2.py3-none-any.whl.metadata (10 kB)
2025-08-18T10:33:34.8229611Z Collecting psutil>=4.0.0 (from mirakuru>=2.6.0->pytest-postgresql==7.0.2->-r requirements-dev.txt (line 27))
2025-08-18T10:33:34.8242469Z   Using cached psutil-7.0.0-cp36-abi3-manylinux_2_12_x86_64.manylinux2010_x86_64.manylinux_2_17_x86_64.manylinux2014_x86_64.whl.metadata (22 kB)
2025-08-18T10:33:34.8430054Z Requirement already satisfied: wcwidth in /opt/hostedtoolcache/Python/3.12.11/x64/lib/python3.12/site-packages (from prompt-toolkit>=3.0.36->click-repl>=0.2.0->celery==5.4.0->-r requirements-dev.txt (line 10)) (0.2.13)
2025-08-18T10:33:34.8657926Z Requirement already satisfied: rich>=13.7.1 in /opt/hostedtoolcache/Python/3.12.11/x64/lib/python3.12/site-packages (from rich-toolkit>=0.14.8->fastapi-cli>=0.0.8->fastapi-cli[standard]>=0.0.8; extra == "all"->fastapi[all]->-r requirements-dev.txt (line 12)) (14.1.0)
2025-08-18T10:33:34.8695433Z Requirement already satisfied: markdown-it-py>=2.2.0 in /opt/hostedtoolcache/Python/3.12.11/x64/lib/python3.12/site-packages (from rich>=13.7.1->rich-toolkit>=0.14.8->fastapi-cli>=0.0.8->fastapi-cli[standard]>=0.0.8; extra == "all"->fastapi[all]->-r requirements-dev.txt (line 12)) (4.0.0)
2025-08-18T10:33:34.8728125Z Requirement already satisfied: mdurl~=0.1 in /opt/hostedtoolcache/Python/3.12.11/x64/lib/python3.12/site-packages (from markdown-it-py>=2.2.0->rich>=13.7.1->rich-toolkit>=0.14.8->fastapi-cli>=0.0.8->fastapi-cli[standard]>=0.0.8; extra == "all"->fastapi[all]->-r requirements-dev.txt (line 12)) (0.1.2)
2025-08-18T10:33:34.8919644Z Requirement already satisfied: shellingham>=1.3.0 in /opt/hostedtoolcache/Python/3.12.11/x64/lib/python3.12/site-packages (from typer>=0.15.1->fastapi-cli>=0.0.8->fastapi-cli[standard]>=0.0.8; extra == "all"->fastapi[all]->-r requirements-dev.txt (line 12)) (1.5.4)
2025-08-18T10:33:34.9173382Z Requirement already satisfied: httptools>=0.5.0 in /opt/hostedtoolcache/Python/3.12.11/x64/lib/python3.12/site-packages (from uvicorn[standard]>=0.12.0; extra == "all"->fastapi[all]->-r requirements-dev.txt (line 12)) (0.6.4)
2025-08-18T10:33:34.9189042Z Requirement already satisfied: uvloop!=0.15.0,!=0.15.1,>=0.14.0 in /opt/hostedtoolcache/Python/3.12.11/x64/lib/python3.12/site-packages (from uvicorn[standard]>=0.12.0; extra == "all"->fastapi[all]->-r requirements-dev.txt (line 12)) (0.21.0)
2025-08-18T10:33:34.9198356Z Requirement already satisfied: watchfiles>=0.13 in /opt/hostedtoolcache/Python/3.12.11/x64/lib/python3.12/site-packages (from uvicorn[standard]>=0.12.0; extra == "all"->fastapi[all]->-r requirements-dev.txt (line 12)) (1.1.0)
2025-08-18T10:33:34.9206363Z Requirement already satisfied: websockets>=10.4 in /opt/hostedtoolcache/Python/3.12.11/x64/lib/python3.12/site-packages (from uvicorn[standard]>=0.12.0; extra == "all"->fastapi[all]->-r requirements-dev.txt (line 12)) (15.0.1)
2025-08-18T10:33:34.9641673Z Using cached jinja2-3.1.6-py3-none-any.whl (134 kB)
2025-08-18T10:33:34.9653879Z Using cached asyncpg-0.30.0-cp312-cp312-manylinux_2_17_x86_64.manylinux2014_x86_64.whl (3.6 MB)
2025-08-18T10:33:34.9692298Z Using cached black-25.1.0-cp312-cp312-manylinux_2_17_x86_64.manylinux2014_x86_64.manylinux_2_28_x86_64.whl (1.8 MB)
2025-08-18T10:33:34.9716042Z Using cached fastapi-0.116.1-py3-none-any.whl (95 kB)
2025-08-18T10:33:34.9727618Z Using cached IMAPClient-3.0.1-py2.py3-none-any.whl (182 kB)
2025-08-18T10:33:34.9740200Z Using cached psycopg2_binary-2.9.9-cp312-cp312-manylinux_2_17_x86_64.manylinux2014_x86_64.whl (3.0 MB)
2025-08-18T10:33:34.9773777Z Using cached pytest_asyncio-0.23.6-py3-none-any.whl (17 kB)
2025-08-18T10:33:34.9784817Z Using cached pytest_cov-6.2.1-py3-none-any.whl (24 kB)
2025-08-18T10:33:34.9795967Z Using cached pytest_postgresql-7.0.2-py3-none-any.whl (41 kB)
2025-08-18T10:33:34.9807245Z Using cached python_telegram_bot-22.2-py3-none-any.whl (708 kB)
2025-08-18T10:33:34.9823765Z Using cached respx-0.22.0-py2.py3-none-any.whl (25 kB)
2025-08-18T10:33:34.9835139Z Using cached ruff-0.4.4-py3-none-manylinux_2_17_x86_64.manylinux2014_x86_64.whl (8.7 MB)
2025-08-18T10:33:34.9911659Z Using cached testcontainers-4.10.0-py3-none-any.whl (107 kB)
2025-08-18T10:33:34.9927557Z Using cached types_requests-2.32.0.20240602-py3-none-any.whl (15 kB)
2025-08-18T10:33:34.9943308Z Using cached docspec_python-2.2.2-py3-none-any.whl (15 kB)
2025-08-18T10:33:34.9959551Z Using cached pydoc_markdown-4.8.2-py3-none-any.whl (67 kB)
2025-08-18T10:33:34.9971154Z Using cached docspec-2.2.1-py3-none-any.whl (9.8 kB)
2025-08-18T10:33:34.9982177Z Using cached httpx-0.28.1-py3-none-any.whl (73 kB)
2025-08-18T10:33:34.9993789Z Using cached mypy-1.17.1-cp312-cp312-manylinux2014_x86_64.manylinux_2_17_x86_64.manylinux_2_28_x86_64.whl (12.7 MB)
2025-08-18T10:33:35.0096380Z Using cached databind.core-4.5.2-py3-none-any.whl (1.5 kB)
2025-08-18T10:33:35.0106965Z Using cached databind-4.5.2-py3-none-any.whl (49 kB)
2025-08-18T10:33:35.0117946Z Using cached databind.json-4.5.2-py3-none-any.whl (1.5 kB)
2025-08-18T10:33:35.0128694Z Using cached Deprecated-1.2.18-py2.py3-none-any.whl (10.0 kB)
2025-08-18T10:33:35.0139208Z Using cached nr_date-2.1.0-py3-none-any.whl (10 kB)
2025-08-18T10:33:35.0149951Z Using cached nr_stream-1.1.5-py3-none-any.whl (10 kB)
2025-08-18T10:33:35.0160702Z Using cached nr.util-0.8.12-py3-none-any.whl (90 kB)
2025-08-18T10:33:35.0172429Z Using cached pytest-8.4.1-py3-none-any.whl (365 kB)
2025-08-18T10:33:35.0185679Z Using cached pluggy-1.6.0-py3-none-any.whl (20 kB)
2025-08-18T10:33:35.0196600Z Using cached starlette-0.47.2-py3-none-any.whl (72 kB)
2025-08-18T10:33:35.0207910Z Using cached tomli-2.2.1-cp312-cp312-manylinux_2_17_x86_64.manylinux2014_x86_64.whl (242 kB)
2025-08-18T10:33:35.0220089Z Using cached tomli_w-1.2.0-py3-none-any.whl (6.7 kB)
2025-08-18T10:33:35.0230785Z Using cached typeapi-2.2.4-py3-none-any.whl (26 kB)
2025-08-18T10:33:35.0241751Z Using cached itsdangerous-2.2.0-py3-none-any.whl (16 kB)
2025-08-18T10:33:35.0252539Z Using cached setuptools-80.9.0-py3-none-any.whl (1.2 MB)
2025-08-18T10:33:35.0273159Z Using cached coverage-7.10.4-cp312-cp312-manylinux1_x86_64.manylinux_2_28_x86_64.manylinux_2_5_x86_64.whl (251 kB)
2025-08-18T10:33:35.0285172Z Using cached fastapi_cloud_cli-0.1.5-py3-none-any.whl (18 kB)
2025-08-18T10:33:35.0295964Z Using cached iniconfig-2.1.0-py3-none-any.whl (6.0 kB)
2025-08-18T10:33:35.0306820Z Using cached mirakuru-2.6.1-py3-none-any.whl (26 kB)
2025-08-18T10:33:35.0318097Z Using cached pathspec-0.12.1-py3-none-any.whl (31 kB)
2025-08-18T10:33:35.0329139Z Using cached platformdirs-4.3.8-py3-none-any.whl (18 kB)
2025-08-18T10:33:35.0339839Z Using cached port_for-0.7.4-py3-none-any.whl (21 kB)
2025-08-18T10:33:35.0351163Z Using cached psutil-7.0.0-cp36-abi3-manylinux_2_12_x86_64.manylinux2010_x86_64.manylinux_2_17_x86_64.manylinux2014_x86_64.whl (277 kB)
2025-08-18T10:33:35.0363991Z Using cached pydantic_extra_types-2.10.5-py3-none-any.whl (38 kB)
2025-08-18T10:33:35.0375411Z Using cached rignore-0.6.4-cp312-cp312-manylinux_2_17_x86_64.manylinux2014_x86_64.whl (949 kB)
2025-08-18T10:33:35.0392768Z Using cached sentry_sdk-2.35.0-py2.py3-none-any.whl (363 kB)
2025-08-18T10:33:35.0405936Z Using cached yapf-0.43.0-py3-none-any.whl (256 kB)
2025-08-18T10:33:35.0418289Z Using cached docker-7.1.0-py3-none-any.whl (147 kB)
2025-08-18T10:33:35.0429988Z Using cached watchdog-6.0.0-py3-none-manylinux2014_x86_64.whl (79 kB)
2025-08-18T10:33:35.2759787Z Installing collected packages: watchdog, types-requests, typeapi, tomli_w, tomli, setuptools, sentry-sdk, ruff, rignore, psycopg2-binary, psutil, port-for, pluggy, platformdirs, pathspec, nr-stream, nr-date, Jinja2, itsdangerous, iniconfig, imapclient, docstring-parser, Deprecated, coverage, asyncpg, yapf, starlette, pytest, nr-util, mypy, mirakuru, httpx, docker, databind, black, testcontainers, respx, python-telegram-bot, pytest-postgresql, pytest-cov, pytest-asyncio, pydantic-extra-types, fastapi, databind.json, databind.core, fastapi-cloud-cli, docspec, docspec-python, pydoc-markdown
2025-08-18T10:33:36.5083044Z   Attempting uninstall: psycopg2-binary
2025-08-18T10:33:36.5142239Z     Found existing installation: psycopg2-binary 2.9.10
2025-08-18T10:33:36.5170628Z     Uninstalling psycopg2-binary-2.9.10:
2025-08-18T10:33:36.5181927Z       Successfully uninstalled psycopg2-binary-2.9.10
2025-08-18T10:33:36.8296318Z   Attempting uninstall: Jinja2
2025-08-18T10:33:36.8346160Z     Found existing installation: Jinja2 3.1.5
2025-08-18T10:33:36.8379371Z     Uninstalling Jinja2-3.1.5:
2025-08-18T10:33:36.8388957Z       Successfully uninstalled Jinja2-3.1.5
2025-08-18T10:33:37.1760357Z   Attempting uninstall: asyncpg
2025-08-18T10:33:37.1814702Z     Found existing installation: asyncpg 0.29.0
2025-08-18T10:33:37.1862653Z     Uninstalling asyncpg-0.29.0:
2025-08-18T10:33:37.1876352Z       Successfully uninstalled asyncpg-0.29.0
2025-08-18T10:33:37.4595392Z   Attempting uninstall: starlette
2025-08-18T10:33:37.4646940Z     Found existing installation: starlette 0.37.2
2025-08-18T10:33:37.4688888Z     Uninstalling starlette-0.37.2:
2025-08-18T10:33:37.4699679Z       Successfully uninstalled starlette-0.37.2
2025-08-18T10:33:39.3441111Z   Attempting uninstall: httpx
2025-08-18T10:33:39.3491796Z     Found existing installation: httpx 0.26.0
2025-08-18T10:33:39.3528395Z     Uninstalling httpx-0.26.0:
2025-08-18T10:33:39.3541679Z       Successfully uninstalled httpx-0.26.0
2025-08-18T10:33:39.7994523Z   Attempting uninstall: python-telegram-bot
2025-08-18T10:33:39.8043390Z     Found existing installation: python-telegram-bot 20.8
2025-08-18T10:33:39.8200058Z     Uninstalling python-telegram-bot-20.8:
2025-08-18T10:33:39.8224233Z       Successfully uninstalled python-telegram-bot-20.8
2025-08-18T10:33:40.2685656Z   Attempting uninstall: fastapi
2025-08-18T10:33:40.2729917Z     Found existing installation: fastapi 0.111.0
2025-08-18T10:33:40.2781814Z     Uninstalling fastapi-0.111.0:
2025-08-18T10:33:40.2793996Z       Successfully uninstalled fastapi-0.111.0
2025-08-18T10:33:40.4462671Z 
2025-08-18T10:33:40.4580862Z Successfully installed Deprecated-1.2.18 Jinja2-3.1.6 asyncpg-0.30.0 black-25.1.0 coverage-7.10.4 databind-4.5.2 databind.core-4.5.2 databind.json-4.5.2 docker-7.1.0 docspec-2.2.1 docspec-python-2.2.2 docstring-parser-0.11 fastapi-0.116.1 fastapi-cloud-cli-0.1.5 httpx-0.28.1 imapclient-3.0.1 iniconfig-2.1.0 itsdangerous-2.2.0 mirakuru-2.6.1 mypy-1.17.1 nr-date-2.1.0 nr-stream-1.1.5 nr-util-0.8.12 pathspec-0.12.1 platformdirs-4.3.8 pluggy-1.6.0 port-for-0.7.4 psutil-7.0.0 psycopg2-binary-2.9.9 pydantic-extra-types-2.10.5 pydoc-markdown-4.8.2 pytest-8.4.1 pytest-asyncio-0.23.6 pytest-cov-6.2.1 pytest-postgresql-7.0.2 python-telegram-bot-22.2 respx-0.22.0 rignore-0.6.4 ruff-0.4.4 sentry-sdk-2.35.0 setuptools-80.9.0 starlette-0.47.2 testcontainers-4.10.0 tomli-2.2.1 tomli_w-1.2.0 typeapi-2.2.4 types-requests-2.32.0.20240602 watchdog-6.0.0 yapf-0.43.0
2025-08-18T10:33:41.1235477Z Requirement already satisfied: asyncpg in /opt/hostedtoolcache/Python/3.12.11/x64/lib/python3.12/site-packages (0.30.0)
2025-08-18T10:33:41.7417284Z Requirement already satisfied: pytest in /opt/hostedtoolcache/Python/3.12.11/x64/lib/python3.12/site-packages (8.4.1)
2025-08-18T10:33:41.7431201Z Requirement already satisfied: iniconfig>=1 in /opt/hostedtoolcache/Python/3.12.11/x64/lib/python3.12/site-packages (from pytest) (2.1.0)
2025-08-18T10:33:41.7436476Z Requirement already satisfied: packaging>=20 in /opt/hostedtoolcache/Python/3.12.11/x64/lib/python3.12/site-packages (from pytest) (25.0)
2025-08-18T10:33:41.7442759Z Requirement already satisfied: pluggy<2,>=1.5 in /opt/hostedtoolcache/Python/3.12.11/x64/lib/python3.12/site-packages (from pytest) (1.6.0)
2025-08-18T10:33:41.7447886Z Requirement already satisfied: pygments>=2.7.2 in /opt/hostedtoolcache/Python/3.12.11/x64/lib/python3.12/site-packages (from pytest) (2.19.2)
2025-08-18T10:33:42.4223873Z Collecting keepa==1.3.15
2025-08-18T10:33:42.4237380Z   Using cached keepa-1.3.15-py3-none-any.whl.metadata (11 kB)
2025-08-18T10:33:42.4276730Z Requirement already satisfied: minio==7.1.15 in /opt/hostedtoolcache/Python/3.12.11/x64/lib/python3.12/site-packages (7.1.15)
2025-08-18T10:33:42.4286052Z Requirement already satisfied: numpy>=1.9.3 in /opt/hostedtoolcache/Python/3.12.11/x64/lib/python3.12/site-packages (from keepa==1.3.15) (1.26.4)
2025-08-18T10:33:42.4290967Z Requirement already satisfied: requests>=2.2 in /opt/hostedtoolcache/Python/3.12.11/x64/lib/python3.12/site-packages (from keepa==1.3.15) (2.32.4)
2025-08-18T10:33:42.4294717Z Requirement already satisfied: tqdm in /opt/hostedtoolcache/Python/3.12.11/x64/lib/python3.12/site-packages (from keepa==1.3.15) (4.67.1)
2025-08-18T10:33:42.4298083Z Requirement already satisfied: aiohttp in /opt/hostedtoolcache/Python/3.12.11/x64/lib/python3.12/site-packages (from keepa==1.3.15) (3.12.15)
2025-08-18T10:33:42.4303748Z Requirement already satisfied: pandas<=3.0 in /opt/hostedtoolcache/Python/3.12.11/x64/lib/python3.12/site-packages (from keepa==1.3.15) (2.2.3)
2025-08-18T10:33:42.4307107Z Requirement already satisfied: pydantic in /opt/hostedtoolcache/Python/3.12.11/x64/lib/python3.12/site-packages (from keepa==1.3.15) (2.11.7)
2025-08-18T10:33:42.4317225Z Requirement already satisfied: certifi in /opt/hostedtoolcache/Python/3.12.11/x64/lib/python3.12/site-packages (from minio==7.1.15) (2025.8.3)
2025-08-18T10:33:42.4321037Z Requirement already satisfied: urllib3 in /opt/hostedtoolcache/Python/3.12.11/x64/lib/python3.12/site-packages (from minio==7.1.15) (2.5.0)
2025-08-18T10:33:42.4376355Z Requirement already satisfied: python-dateutil>=2.8.2 in /opt/hostedtoolcache/Python/3.12.11/x64/lib/python3.12/site-packages (from pandas<=3.0->keepa==1.3.15) (2.9.0.post0)
2025-08-18T10:33:42.4381200Z Requirement already satisfied: pytz>=2020.1 in /opt/hostedtoolcache/Python/3.12.11/x64/lib/python3.12/site-packages (from pandas<=3.0->keepa==1.3.15) (2025.2)
2025-08-18T10:33:42.4386390Z Requirement already satisfied: tzdata>=2022.7 in /opt/hostedtoolcache/Python/3.12.11/x64/lib/python3.12/site-packages (from pandas<=3.0->keepa==1.3.15) (2025.2)
2025-08-18T10:33:42.4525550Z Requirement already satisfied: six>=1.5 in /opt/hostedtoolcache/Python/3.12.11/x64/lib/python3.12/site-packages (from python-dateutil>=2.8.2->pandas<=3.0->keepa==1.3.15) (1.17.0)
2025-08-18T10:33:42.4544010Z Requirement already satisfied: charset_normalizer<4,>=2 in /opt/hostedtoolcache/Python/3.12.11/x64/lib/python3.12/site-packages (from requests>=2.2->keepa==1.3.15) (3.4.3)
2025-08-18T10:33:42.4549242Z Requirement already satisfied: idna<4,>=2.5 in /opt/hostedtoolcache/Python/3.12.11/x64/lib/python3.12/site-packages (from requests>=2.2->keepa==1.3.15) (3.10)
2025-08-18T10:33:42.4618319Z Requirement already satisfied: aiohappyeyeballs>=2.5.0 in /opt/hostedtoolcache/Python/3.12.11/x64/lib/python3.12/site-packages (from aiohttp->keepa==1.3.15) (2.6.1)
2025-08-18T10:33:42.4623328Z Requirement already satisfied: aiosignal>=1.4.0 in /opt/hostedtoolcache/Python/3.12.11/x64/lib/python3.12/site-packages (from aiohttp->keepa==1.3.15) (1.4.0)
2025-08-18T10:33:42.4629691Z Requirement already satisfied: attrs>=17.3.0 in /opt/hostedtoolcache/Python/3.12.11/x64/lib/python3.12/site-packages (from aiohttp->keepa==1.3.15) (25.3.0)
2025-08-18T10:33:42.4634602Z Requirement already satisfied: frozenlist>=1.1.1 in /opt/hostedtoolcache/Python/3.12.11/x64/lib/python3.12/site-packages (from aiohttp->keepa==1.3.15) (1.7.0)
2025-08-18T10:33:42.4639757Z Requirement already satisfied: multidict<7.0,>=4.5 in /opt/hostedtoolcache/Python/3.12.11/x64/lib/python3.12/site-packages (from aiohttp->keepa==1.3.15) (6.6.4)
2025-08-18T10:33:42.4645319Z Requirement already satisfied: propcache>=0.2.0 in /opt/hostedtoolcache/Python/3.12.11/x64/lib/python3.12/site-packages (from aiohttp->keepa==1.3.15) (0.3.2)
2025-08-18T10:33:42.4650486Z Requirement already satisfied: yarl<2.0,>=1.17.0 in /opt/hostedtoolcache/Python/3.12.11/x64/lib/python3.12/site-packages (from aiohttp->keepa==1.3.15) (1.20.1)
2025-08-18T10:33:42.4711152Z Requirement already satisfied: typing-extensions>=4.2 in /opt/hostedtoolcache/Python/3.12.11/x64/lib/python3.12/site-packages (from aiosignal>=1.4.0->aiohttp->keepa==1.3.15) (4.14.1)
2025-08-18T10:33:42.4808161Z Requirement already satisfied: annotated-types>=0.6.0 in /opt/hostedtoolcache/Python/3.12.11/x64/lib/python3.12/site-packages (from pydantic->keepa==1.3.15) (0.7.0)
2025-08-18T10:33:42.4813203Z Requirement already satisfied: pydantic-core==2.33.2 in /opt/hostedtoolcache/Python/3.12.11/x64/lib/python3.12/site-packages (from pydantic->keepa==1.3.15) (2.33.2)
2025-08-18T10:33:42.4820535Z Requirement already satisfied: typing-inspection>=0.4.0 in /opt/hostedtoolcache/Python/3.12.11/x64/lib/python3.12/site-packages (from pydantic->keepa==1.3.15) (0.4.1)
2025-08-18T10:33:42.4902091Z Using cached keepa-1.3.15-py3-none-any.whl (38 kB)
2025-08-18T10:33:42.6583029Z Installing collected packages: keepa
2025-08-18T10:33:42.6583949Z   Attempting uninstall: keepa
2025-08-18T10:33:42.6617307Z     Found existing installation: keepa 1.3.14
2025-08-18T10:33:42.6639904Z     Uninstalling keepa-1.3.14:
2025-08-18T10:33:42.6648408Z       Successfully uninstalled keepa-1.3.14
2025-08-18T10:33:42.7070452Z Successfully installed keepa-1.3.15
2025-08-18T10:33:42.7665769Z ##[group]Run actions/setup-node@v4
2025-08-18T10:33:42.7666060Z with:
2025-08-18T10:33:42.7666242Z   node-version: 20.19.0
2025-08-18T10:33:42.7666448Z   always-auth: false
2025-08-18T10:33:42.7666642Z   check-latest: false
2025-08-18T10:33:42.7666937Z   token: ***
2025-08-18T10:33:42.7667114Z env:
2025-08-18T10:33:42.7667281Z   PG_USER: postgres
2025-08-18T10:33:42.7667481Z   PG_PASSWORD: pass
2025-08-18T10:33:42.7667672Z   PG_DATABASE: awa
2025-08-18T10:33:42.7667850Z   PG_HOST: localhost
2025-08-18T10:33:42.7668042Z   PG_PORT: 5432
2025-08-18T10:33:42.7668409Z   PG_SYNC_DSN: ***localhost:5432/awa
2025-08-18T10:33:42.7668806Z   PG_ASYNC_DSN: ***localhost:5432/awa
2025-08-18T10:33:42.7669192Z   DATABASE_URL: ***localhost:5432/awa
2025-08-18T10:33:42.7669450Z   DATA_DIR: /tmp/awa-data
2025-08-18T10:33:42.7669654Z   ENABLE_LIVE: 0
2025-08-18T10:33:42.7669832Z   TESTING: 1
2025-08-18T10:33:42.7670073Z   pythonLocation: /opt/hostedtoolcache/Python/3.12.11/x64
2025-08-18T10:33:42.7670489Z   PKG_CONFIG_PATH: /opt/hostedtoolcache/Python/3.12.11/x64/lib/pkgconfig
2025-08-18T10:33:42.7670872Z   Python_ROOT_DIR: /opt/hostedtoolcache/Python/3.12.11/x64
2025-08-18T10:33:42.7671214Z   Python2_ROOT_DIR: /opt/hostedtoolcache/Python/3.12.11/x64
2025-08-18T10:33:42.7671717Z   Python3_ROOT_DIR: /opt/hostedtoolcache/Python/3.12.11/x64
2025-08-18T10:33:42.7672065Z   LD_LIBRARY_PATH: /opt/hostedtoolcache/Python/3.12.11/x64/lib
2025-08-18T10:33:42.7672384Z ##[endgroup]
2025-08-18T10:33:42.9511984Z Attempting to download 20.19.0...
2025-08-18T10:33:43.4113911Z Acquiring 20.19.0 - x64 from https://github.com/actions/node-versions/releases/download/20.19.0-13838090974/node-20.19.0-linux-x64.tar.gz
2025-08-18T10:33:44.2824952Z Extracting ...
2025-08-18T10:33:44.2959448Z [command]/usr/bin/tar xz --strip 1 --warning=no-unknown-keyword --overwrite -C /home/runner/work/_temp/276774b3-26e8-4020-afc3-05aa7c805d00 -f /home/runner/work/_temp/2777c28d-3bb8-40a6-b1fb-4de4fae77ee3
2025-08-18T10:33:45.2884618Z Adding to the cache ...
2025-08-18T10:33:46.9190438Z ##[group]Environment details
2025-08-18T10:33:47.1414908Z node: v20.19.0
2025-08-18T10:33:47.1415293Z npm: 10.8.2
2025-08-18T10:33:47.1415563Z yarn: 1.22.22
2025-08-18T10:33:47.1416242Z ##[endgroup]
2025-08-18T10:33:47.1553409Z ##[group]Run npm ci
2025-08-18T10:33:47.1553642Z [36;1mnpm ci[0m
2025-08-18T10:33:47.1595030Z shell: /usr/bin/bash -e {0}
2025-08-18T10:33:47.1595266Z env:
2025-08-18T10:33:47.1595444Z   PG_USER: postgres
2025-08-18T10:33:47.1595641Z   PG_PASSWORD: pass
2025-08-18T10:33:47.1595822Z   PG_DATABASE: awa
2025-08-18T10:33:47.1596012Z   PG_HOST: localhost
2025-08-18T10:33:47.1596202Z   PG_PORT: 5432
2025-08-18T10:33:47.1596638Z   PG_SYNC_DSN: ***localhost:5432/awa
2025-08-18T10:33:47.1597058Z   PG_ASYNC_DSN: ***localhost:5432/awa
2025-08-18T10:33:47.1597457Z   DATABASE_URL: ***localhost:5432/awa
2025-08-18T10:33:47.1597696Z   DATA_DIR: /tmp/awa-data
2025-08-18T10:33:47.1597902Z   ENABLE_LIVE: 0
2025-08-18T10:33:47.1598080Z   TESTING: 1
2025-08-18T10:33:47.1598316Z   pythonLocation: /opt/hostedtoolcache/Python/3.12.11/x64
2025-08-18T10:33:47.1598705Z   PKG_CONFIG_PATH: /opt/hostedtoolcache/Python/3.12.11/x64/lib/pkgconfig
2025-08-18T10:33:47.1599145Z   Python_ROOT_DIR: /opt/hostedtoolcache/Python/3.12.11/x64
2025-08-18T10:33:47.1599493Z   Python2_ROOT_DIR: /opt/hostedtoolcache/Python/3.12.11/x64
2025-08-18T10:33:47.1599838Z   Python3_ROOT_DIR: /opt/hostedtoolcache/Python/3.12.11/x64
2025-08-18T10:33:47.1600189Z   LD_LIBRARY_PATH: /opt/hostedtoolcache/Python/3.12.11/x64/lib
2025-08-18T10:33:47.1600480Z ##[endgroup]
2025-08-18T10:33:50.1585689Z npm warn deprecated node-domexception@1.0.0: Use your platform's native DOMException instead
2025-08-18T10:33:53.2355274Z 
2025-08-18T10:33:53.2356011Z added 432 packages, and audited 433 packages in 6s
2025-08-18T10:33:53.2356488Z 
2025-08-18T10:33:53.2356762Z 112 packages are looking for funding
2025-08-18T10:33:53.2357260Z   run `npm fund` for details
2025-08-18T10:33:53.2375320Z 
2025-08-18T10:33:53.2375625Z 2 vulnerabilities (1 low, 1 critical)
2025-08-18T10:33:53.2375942Z 
2025-08-18T10:33:53.2376262Z To address all issues, run:
2025-08-18T10:33:53.2376628Z   npm audit fix
2025-08-18T10:33:53.2376779Z 
2025-08-18T10:33:53.2376960Z Run `npm audit` for details.
2025-08-18T10:33:53.2664039Z ##[group]Run npm run build --if-present
2025-08-18T10:33:53.2664607Z [36;1mnpm run build --if-present[0m
2025-08-18T10:33:53.2705333Z shell: /usr/bin/bash -e {0}
2025-08-18T10:33:53.2705560Z env:
2025-08-18T10:33:53.2705735Z   PG_USER: postgres
2025-08-18T10:33:53.2705935Z   PG_PASSWORD: pass
2025-08-18T10:33:53.2706114Z   PG_DATABASE: awa
2025-08-18T10:33:53.2706296Z   PG_HOST: localhost
2025-08-18T10:33:53.2706490Z   PG_PORT: 5432
2025-08-18T10:33:53.2706940Z   PG_SYNC_DSN: ***localhost:5432/awa
2025-08-18T10:33:53.2707367Z   PG_ASYNC_DSN: ***localhost:5432/awa
2025-08-18T10:33:53.2707740Z   DATABASE_URL: ***localhost:5432/awa
2025-08-18T10:33:53.2707977Z   DATA_DIR: /tmp/awa-data
2025-08-18T10:33:53.2708180Z   ENABLE_LIVE: 0
2025-08-18T10:33:53.2708358Z   TESTING: 1
2025-08-18T10:33:53.2708601Z   pythonLocation: /opt/hostedtoolcache/Python/3.12.11/x64
2025-08-18T10:33:53.2708985Z   PKG_CONFIG_PATH: /opt/hostedtoolcache/Python/3.12.11/x64/lib/pkgconfig
2025-08-18T10:33:53.2709387Z   Python_ROOT_DIR: /opt/hostedtoolcache/Python/3.12.11/x64
2025-08-18T10:33:53.2709752Z   Python2_ROOT_DIR: /opt/hostedtoolcache/Python/3.12.11/x64
2025-08-18T10:33:53.2710093Z   Python3_ROOT_DIR: /opt/hostedtoolcache/Python/3.12.11/x64
2025-08-18T10:33:53.2710448Z   LD_LIBRARY_PATH: /opt/hostedtoolcache/Python/3.12.11/x64/lib
2025-08-18T10:33:53.2710739Z ##[endgroup]
2025-08-18T10:33:53.3832227Z 
2025-08-18T10:33:53.3832760Z > web@0.0.0 build
2025-08-18T10:33:53.3833174Z > tsc -b && vite build
2025-08-18T10:33:53.3833628Z 
2025-08-18T10:33:56.0507964Z [36mvite v7.0.4 [32mbuilding for production...[36m[39m
2025-08-18T10:33:56.1240971Z transforming...
2025-08-18T10:33:59.5649520Z [32m✓[39m 687 modules transformed.
2025-08-18T10:34:00.0123702Z rendering chunks...
2025-08-18T10:34:00.0216544Z computing gzip size...
2025-08-18T10:34:00.0399646Z [2mdist/[22m[32mindex.html                 [39m[1m[2m  0.46 kB[22m[1m[22m[2m │ gzip:   0.30 kB[22m
2025-08-18T10:34:00.0400812Z [2mdist/[22m[2massets/[22m[35mindex-5IA1gRGW.css  [39m[1m[2m  0.84 kB[22m[1m[22m[2m │ gzip:   0.45 kB[22m
2025-08-18T10:34:00.0402472Z [2mdist/[22m[2massets/[22m[36mindex-CIqpArhq.js   [39m[1m[33m613.66 kB[39m[22m[2m │ gzip: 193.69 kB[22m
2025-08-18T10:34:00.0403044Z [33m
2025-08-18T10:34:00.0403411Z (!) Some chunks are larger than 500 kB after minification. Consider:
2025-08-18T10:34:00.0403867Z - Using dynamic import() to code-split the application
2025-08-18T10:34:00.0404881Z - Use build.rollupOptions.output.manualChunks to improve chunking: https://rollupjs.org/configuration-options/#output-manualchunks
2025-08-18T10:34:00.0405746Z - Adjust chunk size limit for this warning via build.chunkSizeWarningLimit.[39m
2025-08-18T10:34:00.0406219Z [32m✓ built in 3.97s[39m
2025-08-18T10:34:00.0869229Z ##[group]Run sudo apt-get update
2025-08-18T10:34:00.0869533Z [36;1msudo apt-get update[0m
2025-08-18T10:34:00.0869792Z [36;1msudo apt-get install -y postgresql[0m
2025-08-18T10:34:00.0870261Z [36;1mecho "/usr/lib/postgresql/$(pg_config --version | cut -d' ' -f2 | cut -d'.' -f1,2)/bin" >> $GITHUB_PATH[0m
2025-08-18T10:34:00.0911053Z shell: /usr/bin/bash -e {0}
2025-08-18T10:34:00.0911281Z env:
2025-08-18T10:34:00.0911645Z   PG_USER: postgres
2025-08-18T10:34:00.0911848Z   PG_PASSWORD: pass
2025-08-18T10:34:00.0912035Z   PG_DATABASE: awa
2025-08-18T10:34:00.0912229Z   PG_HOST: localhost
2025-08-18T10:34:00.0912420Z   PG_PORT: 5432
2025-08-18T10:34:00.0912838Z   PG_SYNC_DSN: ***localhost:5432/awa
2025-08-18T10:34:00.0913336Z   PG_ASYNC_DSN: ***localhost:5432/awa
2025-08-18T10:34:00.0913728Z   DATABASE_URL: ***localhost:5432/awa
2025-08-18T10:34:00.0913964Z   DATA_DIR: /tmp/awa-data
2025-08-18T10:34:00.0914170Z   ENABLE_LIVE: 0
2025-08-18T10:34:00.0914349Z   TESTING: 1
2025-08-18T10:34:00.0914614Z   pythonLocation: /opt/hostedtoolcache/Python/3.12.11/x64
2025-08-18T10:34:00.0915012Z   PKG_CONFIG_PATH: /opt/hostedtoolcache/Python/3.12.11/x64/lib/pkgconfig
2025-08-18T10:34:00.0915407Z   Python_ROOT_DIR: /opt/hostedtoolcache/Python/3.12.11/x64
2025-08-18T10:34:00.0915756Z   Python2_ROOT_DIR: /opt/hostedtoolcache/Python/3.12.11/x64
2025-08-18T10:34:00.0916105Z   Python3_ROOT_DIR: /opt/hostedtoolcache/Python/3.12.11/x64
2025-08-18T10:34:00.0916449Z   LD_LIBRARY_PATH: /opt/hostedtoolcache/Python/3.12.11/x64/lib
2025-08-18T10:34:00.0916742Z ##[endgroup]
2025-08-18T10:34:00.1611194Z Get:1 file:/etc/apt/apt-mirrors.txt Mirrorlist [144 B]
2025-08-18T10:34:00.2041088Z Hit:6 https://packages.microsoft.com/repos/azure-cli noble InRelease
2025-08-18T10:34:00.2043222Z Get:7 https://packages.microsoft.com/ubuntu/24.04/prod noble InRelease [3600 B]
2025-08-18T10:34:00.2613481Z Hit:2 http://azure.archive.ubuntu.com/ubuntu noble InRelease
2025-08-18T10:34:00.2638375Z Get:3 http://azure.archive.ubuntu.com/ubuntu noble-updates InRelease [126 kB]
2025-08-18T10:34:00.2703820Z Get:4 http://azure.archive.ubuntu.com/ubuntu noble-backports InRelease [126 kB]
2025-08-18T10:34:00.2724721Z Get:5 http://azure.archive.ubuntu.com/ubuntu noble-security InRelease [126 kB]
2025-08-18T10:34:00.3262509Z Get:8 https://packages.microsoft.com/ubuntu/24.04/prod noble/main amd64 Packages [47.9 kB]
2025-08-18T10:34:00.3424908Z Get:9 https://packages.microsoft.com/ubuntu/24.04/prod noble/main arm64 Packages [33.0 kB]
2025-08-18T10:34:00.4178698Z Get:10 http://azure.archive.ubuntu.com/ubuntu noble-updates/main amd64 Packages [1325 kB]
2025-08-18T10:34:00.4268647Z Get:11 http://azure.archive.ubuntu.com/ubuntu noble-updates/main Translation-en [265 kB]
2025-08-18T10:34:00.4302875Z Get:12 http://azure.archive.ubuntu.com/ubuntu noble-updates/main amd64 Components [174 kB]
2025-08-18T10:34:00.4330385Z Get:13 http://azure.archive.ubuntu.com/ubuntu noble-updates/universe amd64 Packages [1120 kB]
2025-08-18T10:34:00.4415636Z Get:14 http://azure.archive.ubuntu.com/ubuntu noble-updates/universe Translation-en [287 kB]
2025-08-18T10:34:00.4455476Z Get:15 http://azure.archive.ubuntu.com/ubuntu noble-updates/universe amd64 Components [377 kB]
2025-08-18T10:34:00.4497891Z Get:16 http://azure.archive.ubuntu.com/ubuntu noble-updates/restricted amd64 Packages [1672 kB]
2025-08-18T10:34:00.4603919Z Get:17 http://azure.archive.ubuntu.com/ubuntu noble-updates/restricted Translation-en [367 kB]
2025-08-18T10:34:00.4651263Z Get:18 http://azure.archive.ubuntu.com/ubuntu noble-updates/restricted amd64 Components [212 B]
2025-08-18T10:34:00.4674331Z Get:19 http://azure.archive.ubuntu.com/ubuntu noble-updates/multiverse amd64 Components [940 B]
2025-08-18T10:34:00.5316585Z Get:20 http://azure.archive.ubuntu.com/ubuntu noble-backports/main amd64 Components [7056 B]
2025-08-18T10:34:00.5336456Z Get:21 http://azure.archive.ubuntu.com/ubuntu noble-backports/universe amd64 Packages [30.2 kB]
2025-08-18T10:34:00.5352790Z Get:22 http://azure.archive.ubuntu.com/ubuntu noble-backports/universe Translation-en [17.4 kB]
2025-08-18T10:34:00.5369972Z Get:23 http://azure.archive.ubuntu.com/ubuntu noble-backports/universe amd64 Components [19.2 kB]
2025-08-18T10:34:00.5381157Z Get:24 http://azure.archive.ubuntu.com/ubuntu noble-backports/restricted amd64 Components [216 B]
2025-08-18T10:34:00.5395900Z Get:25 http://azure.archive.ubuntu.com/ubuntu noble-backports/multiverse amd64 Components [212 B]
2025-08-18T10:34:00.5500186Z Get:26 http://azure.archive.ubuntu.com/ubuntu noble-security/main amd64 Packages [1060 kB]
2025-08-18T10:34:00.5571601Z Get:27 http://azure.archive.ubuntu.com/ubuntu noble-security/main Translation-en [184 kB]
2025-08-18T10:34:00.5597407Z Get:28 http://azure.archive.ubuntu.com/ubuntu noble-security/main amd64 Components [21.5 kB]
2025-08-18T10:34:00.5612648Z Get:29 http://azure.archive.ubuntu.com/ubuntu noble-security/universe amd64 Packages [879 kB]
2025-08-18T10:34:00.5671315Z Get:30 http://azure.archive.ubuntu.com/ubuntu noble-security/universe Translation-en [194 kB]
2025-08-18T10:34:00.5698604Z Get:31 http://azure.archive.ubuntu.com/ubuntu noble-security/universe amd64 Components [52.3 kB]
2025-08-18T10:34:00.5717281Z Get:32 http://azure.archive.ubuntu.com/ubuntu noble-security/restricted amd64 Packages [1572 kB]
2025-08-18T10:34:00.5811727Z Get:33 http://azure.archive.ubuntu.com/ubuntu noble-security/restricted Translation-en [346 kB]
2025-08-18T10:34:00.6275767Z Get:34 http://azure.archive.ubuntu.com/ubuntu noble-security/restricted amd64 Components [212 B]
2025-08-18T10:34:00.6289465Z Get:35 http://azure.archive.ubuntu.com/ubuntu noble-security/multiverse amd64 Components [208 B]
2025-08-18T10:34:07.5441964Z Fetched 10.4 MB in 1s (7916 kB/s)
2025-08-18T10:34:08.2564634Z Reading package lists...
2025-08-18T10:34:08.2885715Z Reading package lists...
2025-08-18T10:34:08.4769625Z Building dependency tree...
2025-08-18T10:34:08.4777576Z Reading state information...
2025-08-18T10:34:08.6415698Z Suggested packages:
2025-08-18T10:34:08.6416034Z   postgresql-doc
2025-08-18T10:34:08.6575843Z The following NEW packages will be installed:
2025-08-18T10:34:08.6576195Z   postgresql
2025-08-18T10:34:08.6759496Z 0 upgraded, 1 newly installed, 0 to remove and 36 not upgraded.
2025-08-18T10:34:08.6760205Z Need to get 11.6 kB of archives.
2025-08-18T10:34:08.6760637Z After this operation, 17.4 kB of additional disk space will be used.
2025-08-18T10:34:08.6761099Z Get:1 file:/etc/apt/apt-mirrors.txt Mirrorlist [144 B]
2025-08-18T10:34:08.7166444Z Get:2 http://azure.archive.ubuntu.com/ubuntu noble-updates/main amd64 postgresql all 16+257build1.1 [11.6 kB]
2025-08-18T10:34:08.9823112Z Fetched 11.6 kB in 0s (226 kB/s)
2025-08-18T10:34:09.0026676Z Selecting previously unselected package postgresql.
2025-08-18T10:34:09.0248831Z (Reading database ... 
2025-08-18T10:34:09.0249414Z (Reading database ... 5%
2025-08-18T10:34:09.0249921Z (Reading database ... 10%
2025-08-18T10:34:09.0250440Z (Reading database ... 15%
2025-08-18T10:34:09.0250870Z (Reading database ... 20%
2025-08-18T10:34:09.0251208Z (Reading database ... 25%
2025-08-18T10:34:09.0251740Z (Reading database ... 30%
2025-08-18T10:34:09.0252053Z (Reading database ... 35%
2025-08-18T10:34:09.0252356Z (Reading database ... 40%
2025-08-18T10:34:09.0252672Z (Reading database ... 45%
2025-08-18T10:34:09.0252987Z (Reading database ... 50%
2025-08-18T10:34:09.0459740Z (Reading database ... 55%
2025-08-18T10:34:09.0666433Z (Reading database ... 60%
2025-08-18T10:34:09.0893640Z (Reading database ... 65%
2025-08-18T10:34:09.1128795Z (Reading database ... 70%
2025-08-18T10:34:09.1379709Z (Reading database ... 75%
2025-08-18T10:34:09.1651100Z (Reading database ... 80%
2025-08-18T10:34:09.2134541Z (Reading database ... 85%
2025-08-18T10:34:09.2769440Z (Reading database ... 90%
2025-08-18T10:34:09.3123255Z (Reading database ... 95%
2025-08-18T10:34:09.3123654Z (Reading database ... 100%
2025-08-18T10:34:09.3124180Z (Reading database ... 219881 files and directories currently installed.)
2025-08-18T10:34:09.3169930Z Preparing to unpack .../postgresql_16+257build1.1_all.deb ...
2025-08-18T10:34:09.3191786Z Unpacking postgresql (16+257build1.1) ...
2025-08-18T10:34:09.3566575Z Setting up postgresql (16+257build1.1) ...
2025-08-18T10:34:10.0608729Z 
2025-08-18T10:34:10.0609350Z Running kernel seems to be up-to-date.
2025-08-18T10:34:10.0609724Z 
2025-08-18T10:34:10.0609951Z Restarting services...
2025-08-18T10:34:10.0683157Z 
2025-08-18T10:34:10.0683768Z Service restarts being deferred:
2025-08-18T10:34:10.0684946Z  systemctl restart hosted-compute-agent.service
2025-08-18T10:34:10.0685232Z 
2025-08-18T10:34:10.0685757Z No containers need to be restarted.
2025-08-18T10:34:10.0686049Z 
2025-08-18T10:34:10.0686824Z No user sessions are running outdated binaries.
2025-08-18T10:34:10.0687064Z 
2025-08-18T10:34:10.0687360Z No VM guests are running outdated hypervisor (qemu) binaries on this host.
2025-08-18T10:34:11.0808726Z ##[group]Run for i in {1..30}; do pg_isready -h localhost -p 5432 -U postgres -d awa && break; sleep 1; done
2025-08-18T10:34:11.0809341Z [36;1mfor i in {1..30}; do pg_isready -h localhost -p 5432 -U postgres -d awa && break; sleep 1; done[0m
2025-08-18T10:34:11.0849867Z shell: /usr/bin/bash -e {0}
2025-08-18T10:34:11.0850094Z env:
2025-08-18T10:34:11.0850262Z   PG_USER: postgres
2025-08-18T10:34:11.0850469Z   PG_PASSWORD: pass
2025-08-18T10:34:11.0850652Z   PG_DATABASE: awa
2025-08-18T10:34:11.0850835Z   PG_HOST: localhost
2025-08-18T10:34:11.0851017Z   PG_PORT: 5432
2025-08-18T10:34:11.0851623Z   PG_SYNC_DSN: ***localhost:5432/awa
2025-08-18T10:34:11.0852030Z   PG_ASYNC_DSN: ***localhost:5432/awa
2025-08-18T10:34:11.0852429Z   DATABASE_URL: ***localhost:5432/awa
2025-08-18T10:34:11.0852673Z   DATA_DIR: /tmp/awa-data
2025-08-18T10:34:11.0852878Z   ENABLE_LIVE: 0
2025-08-18T10:34:11.0853065Z   TESTING: 1
2025-08-18T10:34:11.0853327Z   pythonLocation: /opt/hostedtoolcache/Python/3.12.11/x64
2025-08-18T10:34:11.0853720Z   PKG_CONFIG_PATH: /opt/hostedtoolcache/Python/3.12.11/x64/lib/pkgconfig
2025-08-18T10:34:11.0854092Z   Python_ROOT_DIR: /opt/hostedtoolcache/Python/3.12.11/x64
2025-08-18T10:34:11.0854434Z   Python2_ROOT_DIR: /opt/hostedtoolcache/Python/3.12.11/x64
2025-08-18T10:34:11.0854777Z   Python3_ROOT_DIR: /opt/hostedtoolcache/Python/3.12.11/x64
2025-08-18T10:34:11.0855118Z   LD_LIBRARY_PATH: /opt/hostedtoolcache/Python/3.12.11/x64/lib
2025-08-18T10:34:11.0855406Z ##[endgroup]
2025-08-18T10:34:11.1641248Z localhost:5432 - accepting connections
2025-08-18T10:34:11.1678352Z ##[group]Run alembic -c services/api/alembic.ini upgrade head
2025-08-18T10:34:11.1678782Z [36;1malembic -c services/api/alembic.ini upgrade head[0m
2025-08-18T10:34:11.1719155Z shell: /usr/bin/bash -e {0}
2025-08-18T10:34:11.1719383Z env:
2025-08-18T10:34:11.1719559Z   PG_USER: postgres
2025-08-18T10:34:11.1719929Z   PG_PASSWORD: pass
2025-08-18T10:34:11.1720110Z   PG_DATABASE: awa
2025-08-18T10:34:11.1720292Z   PG_HOST: localhost
2025-08-18T10:34:11.1720482Z   PG_PORT: 5432
2025-08-18T10:34:11.1720902Z   PG_SYNC_DSN: ***localhost:5432/awa
2025-08-18T10:34:11.1721305Z   PG_ASYNC_DSN: ***localhost:5432/awa
2025-08-18T10:34:11.1722002Z   DATABASE_URL: ***localhost:5432/awa
2025-08-18T10:34:11.1722243Z   DATA_DIR: /tmp/awa-data
2025-08-18T10:34:11.1722448Z   ENABLE_LIVE: 0
2025-08-18T10:34:11.1722625Z   TESTING: 1
2025-08-18T10:34:11.1722863Z   pythonLocation: /opt/hostedtoolcache/Python/3.12.11/x64
2025-08-18T10:34:11.1723275Z   PKG_CONFIG_PATH: /opt/hostedtoolcache/Python/3.12.11/x64/lib/pkgconfig
2025-08-18T10:34:11.1723661Z   Python_ROOT_DIR: /opt/hostedtoolcache/Python/3.12.11/x64
2025-08-18T10:34:11.1724002Z   Python2_ROOT_DIR: /opt/hostedtoolcache/Python/3.12.11/x64
2025-08-18T10:34:11.1724345Z   Python3_ROOT_DIR: /opt/hostedtoolcache/Python/3.12.11/x64
2025-08-18T10:34:11.1724692Z   LD_LIBRARY_PATH: /opt/hostedtoolcache/Python/3.12.11/x64/lib
2025-08-18T10:34:11.1724995Z   POSTGRES_USER: postgres
2025-08-18T10:34:11.1725208Z   POSTGRES_PASSWORD: pass
2025-08-18T10:34:11.1725406Z   POSTGRES_DB: awa
2025-08-18T10:34:11.1725592Z ##[endgroup]
2025-08-18T10:34:12.0653386Z INFO  [alembic.runtime.migration] Context impl PostgresqlImpl.
2025-08-18T10:34:12.0654352Z INFO  [alembic.runtime.migration] Will assume transactional DDL.
2025-08-18T10:34:12.0839116Z INFO  [alembic.runtime.migration] Running upgrade  -> 0001_baseline
2025-08-18T10:34:12.0989174Z INFO  [alembic.runtime.migration] Running upgrade 0001_baseline -> 0002_create_roi_view
2025-08-18T10:34:12.1016110Z INFO  [alembic.runtime.migration] Running upgrade 0002_create_roi_view -> 3e9d5c5aff2c
2025-08-18T10:34:12.1186435Z INFO  [alembic.runtime.migration] Running upgrade 3e9d5c5aff2c -> 0003_vendor_prices
2025-08-18T10:34:12.1347081Z INFO  [alembic.runtime.migration] Running upgrade 0003_vendor_prices -> 0004_fee_cron
2025-08-18T10:34:12.1424304Z INFO  [alembic.runtime.migration] Running upgrade 0004_fee_cron -> 0006_fix_roi_views
2025-08-18T10:34:12.1456096Z INFO  [alembic.runtime.migration] Running upgrade 0006_fix_roi_views -> 0020_unified_schema
2025-08-18T10:34:12.1588909Z INFO  [alembic.runtime.migration] Running upgrade 0020_unified_schema -> 0022_fix_roi_view
2025-08-18T10:34:12.1658133Z INFO  [alembic.runtime.migration] Running upgrade 0022_fix_roi_view -> 0023_add_storage_fee
2025-08-18T10:34:12.1697201Z INFO  [alembic.runtime.migration] Running upgrade 0023_add_storage_fee -> 0024_create_buybox
2025-08-18T10:34:12.1723605Z INFO  [alembic.runtime.migration] Running upgrade 0024_create_buybox -> 0025_pr4_indexes_loadlog
2025-08-18T10:34:12.1933121Z INFO  [alembic.runtime.migration] Running upgrade 0025_pr4_indexes_loadlog -> 0026_amazon_new_reports
2025-08-18T10:34:12.2981577Z ##[group]Run pytest -q --cov=services
2025-08-18T10:34:12.2982112Z [36;1mpytest -q --cov=services[0m
2025-08-18T10:34:12.3041610Z shell: /usr/bin/bash -e {0}
2025-08-18T10:34:12.3042022Z env:
2025-08-18T10:34:12.3042323Z   PG_USER: postgres
2025-08-18T10:34:12.3042661Z   PG_PASSWORD: pass
2025-08-18T10:34:12.3042996Z   PG_DATABASE: awa
2025-08-18T10:34:12.3043323Z   PG_HOST: localhost
2025-08-18T10:34:12.3043664Z   PG_PORT: 5432
2025-08-18T10:34:12.3044418Z   PG_SYNC_DSN: ***localhost:5432/awa
2025-08-18T10:34:12.3045141Z   PG_ASYNC_DSN: ***localhost:5432/awa
2025-08-18T10:34:12.3045897Z   DATABASE_URL: ***localhost:5432/awa
2025-08-18T10:34:12.3046378Z   DATA_DIR: /home/runner/work/_temp/awa-data
2025-08-18T10:34:12.3046842Z   ENABLE_LIVE: 0
2025-08-18T10:34:12.3047196Z   TESTING: 1
2025-08-18T10:34:12.3047632Z   pythonLocation: /opt/hostedtoolcache/Python/3.12.11/x64
2025-08-18T10:34:12.3048359Z   PKG_CONFIG_PATH: /opt/hostedtoolcache/Python/3.12.11/x64/lib/pkgconfig
2025-08-18T10:34:12.3049100Z   Python_ROOT_DIR: /opt/hostedtoolcache/Python/3.12.11/x64
2025-08-18T10:34:12.3049754Z   Python2_ROOT_DIR: /opt/hostedtoolcache/Python/3.12.11/x64
2025-08-18T10:34:12.3050382Z   Python3_ROOT_DIR: /opt/hostedtoolcache/Python/3.12.11/x64
2025-08-18T10:34:12.3051814Z   LD_LIBRARY_PATH: /opt/hostedtoolcache/Python/3.12.11/x64/lib
2025-08-18T10:34:12.3052389Z   POSTGRES_USER: postgres
2025-08-18T10:34:12.3052790Z   POSTGRES_PASSWORD: pass
2025-08-18T10:34:12.3053160Z   POSTGRES_DB: awa
2025-08-18T10:34:12.3053495Z   LLM_PROVIDER: lan
2025-08-18T10:34:12.3053889Z   LLM_BASE_URL: http://localhost:8000
2025-08-18T10:34:12.3054334Z ##[endgroup]
2025-08-18T10:34:42.2130239Z ........s.............................sssssss........................... [ 48%]
2025-08-18T10:35:13.1585411Z ........................................................................ [ 97%]
2025-08-18T10:35:13.9290639Z ...                                                                      [100%]
2025-08-18T10:35:13.9291743Z =============================== warnings summary ===============================
2025-08-18T10:35:13.9292455Z services/alert_bot/tests/test_smoke.py:5
2025-08-18T10:35:13.9294855Z   /home/runner/work/AWA-App/AWA-App/services/alert_bot/tests/test_smoke.py:5: UserWarning: pkg_resources is deprecated as an API. See https://setuptools.pypa.io/en/latest/pkg_resources.html. The pkg_resources package is slated for removal as early as 2025-11-30. Refrain from using this package or pin to Setuptools<81.
2025-08-18T10:35:13.9296793Z     import pkg_resources  # noqa: F401
2025-08-18T10:35:13.9297058Z 
2025-08-18T10:35:13.9297386Z tests/api/test_ingest_endpoints.py: 12 warnings
2025-08-18T10:35:13.9297919Z tests/ingest/test_tasks_eager.py: 3 warnings
2025-08-18T10:35:13.9298390Z tests/test_api_fast.py: 1 warning
2025-08-18T10:35:13.9298907Z tests/test_health.py: 5 warnings
2025-08-18T10:35:13.9299484Z tests/test_smoke.py: 5 warnings
2025-08-18T10:35:13.9300072Z services/api/tests/test_errors_json.py: 2 warnings
2025-08-18T10:35:13.9300724Z services/api/tests/test_health.py: 1 warning
2025-08-18T10:35:13.9303626Z   /opt/hostedtoolcache/Python/3.12.11/x64/lib/python3.12/site-packages/asgi_correlation_id/extensions/sentry.py:27: DeprecationWarning: sentry_sdk.configure_scope is deprecated and will be removed in the next major version. Please consult our migration guide to learn how to migrate to the new API: https://docs.sentry.io/platforms/python/migration/1.x-to-2.x#scope-configuring
2025-08-18T10:35:13.9306241Z     with configure_scope() as scope:
2025-08-18T10:35:13.9306569Z 
2025-08-18T10:35:13.9306924Z tests/test_api_fast.py::test_health_endpoint
2025-08-18T10:35:13.9308959Z   /home/runner/work/AWA-App/AWA-App/tests/test_api_fast.py:13: DeprecationWarning: datetime.datetime.utcnow() is deprecated and scheduled for removal in a future version. Use timezone-aware objects to represent datetimes in UTC: datetime.datetime.now(datetime.UTC).
2025-08-18T10:35:13.9310816Z     return datetime.datetime.utcnow()
2025-08-18T10:35:13.9311786Z 
2025-08-18T10:35:13.9312091Z tests/test_api_fast.py: 1 warning
2025-08-18T10:35:13.9312659Z tests/test_health.py: 5 warnings
2025-08-18T10:35:13.9313179Z tests/test_smoke.py: 5 warnings
2025-08-18T10:35:13.9313762Z services/api/tests/test_health.py: 1 warning
2025-08-18T10:35:13.9315889Z   /home/runner/work/AWA-App/AWA-App/services/api/routes/health.py:24: DeprecationWarning: datetime.datetime.utcnow() is deprecated and scheduled for removal in a future version. Use timezone-aware objects to represent datetimes in UTC: datetime.datetime.now(datetime.UTC).
2025-08-18T10:35:13.9317973Z     app_now = datetime.utcnow().replace(tzinfo=timezone.utc)
2025-08-18T10:35:13.9318395Z 
2025-08-18T10:35:13.9318685Z tests/test_health.py::test_health[0]
2025-08-18T10:35:13.9319258Z tests/test_health.py::test_health[1]
2025-08-18T10:35:13.9319812Z tests/test_health.py::test_health[2]
2025-08-18T10:35:13.9320360Z tests/test_health.py::test_health[3]
2025-08-18T10:35:13.9320902Z tests/test_health.py::test_health[4]
2025-08-18T10:35:13.9323142Z   /home/runner/work/AWA-App/AWA-App/tests/test_health.py:22: DeprecationWarning: datetime.datetime.utcnow() is deprecated and scheduled for removal in a future version. Use timezone-aware objects to represent datetimes in UTC: datetime.datetime.now(datetime.UTC).
2025-08-18T10:35:13.9325279Z     return datetime.datetime.utcnow()
2025-08-18T10:35:13.9325608Z 
2025-08-18T10:35:13.9325880Z tests/test_smoke.py::test_health[0]
2025-08-18T10:35:13.9326449Z tests/test_smoke.py::test_health[1]
2025-08-18T10:35:13.9326990Z tests/test_smoke.py::test_health[2]
2025-08-18T10:35:13.9327522Z tests/test_smoke.py::test_health[3]
2025-08-18T10:35:13.9328068Z tests/test_smoke.py::test_health[4]
2025-08-18T10:35:13.9330015Z   /home/runner/work/AWA-App/AWA-App/tests/test_smoke.py:32: DeprecationWarning: datetime.datetime.utcnow() is deprecated and scheduled for removal in a future version. Use timezone-aware objects to represent datetimes in UTC: datetime.datetime.now(datetime.UTC).
2025-08-18T10:35:13.9332016Z     return datetime.datetime.utcnow()
2025-08-18T10:35:13.9332354Z 
2025-08-18T10:35:13.9332733Z services/api/tests/test_health.py::test_health_route
2025-08-18T10:35:13.9334910Z   /home/runner/work/AWA-App/AWA-App/services/api/tests/test_health.py:14: DeprecationWarning: datetime.datetime.utcnow() is deprecated and scheduled for removal in a future version. Use timezone-aware objects to represent datetimes in UTC: datetime.datetime.now(datetime.UTC).
2025-08-18T10:35:13.9336821Z     return datetime.datetime.utcnow()
2025-08-18T10:35:13.9337157Z 
2025-08-18T10:35:13.9337659Z -- Docs: https://docs.pytest.org/en/stable/how-to/capture-warnings.html
2025-08-18T10:35:13.9338538Z ================================ tests coverage ================================
2025-08-18T10:35:13.9339413Z _______________ coverage: platform linux, python 3.12.11-final-0 _______________
2025-08-18T10:35:13.9339902Z 
2025-08-18T10:35:13.9340192Z Coverage XML written to file coverage.xml
2025-08-18T10:35:13.9340954Z Required test coverage of 45% reached. Total coverage: 61.34%
2025-08-18T10:35:14.4203626Z ##[group]Run echo "::group::postgres container logs"
2025-08-18T10:35:14.4204014Z [36;1mecho "::group::postgres container logs"[0m
2025-08-18T10:35:14.4204495Z [36;1mdocker logs b46bef785517d46ae9ca70b060fa313ad87dc20edfcb574b7fa16f9dab2ba437 --tail 200[0m
2025-08-18T10:35:14.4204939Z [36;1mecho "::endgroup::"[0m
2025-08-18T10:35:14.4256326Z shell: /usr/bin/bash -e {0}
2025-08-18T10:35:14.4256553Z env:
2025-08-18T10:35:14.4256727Z   PG_USER: postgres
2025-08-18T10:35:14.4256928Z   PG_PASSWORD: pass
2025-08-18T10:35:14.4257111Z   PG_DATABASE: awa
2025-08-18T10:35:14.4257292Z   PG_HOST: localhost
2025-08-18T10:35:14.4257474Z   PG_PORT: 5432
2025-08-18T10:35:14.4257889Z   PG_SYNC_DSN: ***localhost:5432/awa
2025-08-18T10:35:14.4258291Z   PG_ASYNC_DSN: ***localhost:5432/awa
2025-08-18T10:35:14.4258657Z   DATABASE_URL: ***localhost:5432/awa
2025-08-18T10:35:14.4258891Z   DATA_DIR: /tmp/awa-data
2025-08-18T10:35:14.4259098Z   ENABLE_LIVE: 0
2025-08-18T10:35:14.4259304Z   TESTING: 1
2025-08-18T10:35:14.4259553Z   pythonLocation: /opt/hostedtoolcache/Python/3.12.11/x64
2025-08-18T10:35:14.4259949Z   PKG_CONFIG_PATH: /opt/hostedtoolcache/Python/3.12.11/x64/lib/pkgconfig
2025-08-18T10:35:14.4260342Z   Python_ROOT_DIR: /opt/hostedtoolcache/Python/3.12.11/x64
2025-08-18T10:35:14.4260683Z   Python2_ROOT_DIR: /opt/hostedtoolcache/Python/3.12.11/x64
2025-08-18T10:35:14.4261026Z   Python3_ROOT_DIR: /opt/hostedtoolcache/Python/3.12.11/x64
2025-08-18T10:35:14.4261545Z   LD_LIBRARY_PATH: /opt/hostedtoolcache/Python/3.12.11/x64/lib
2025-08-18T10:35:14.4261845Z ##[endgroup]
2025-08-18T10:35:14.4322745Z ##[group]postgres container logs
2025-08-18T10:35:14.4444776Z The files belonging to this database system will be owned by user "postgres".
2025-08-18T10:35:14.4445675Z This user must also own the server process.
2025-08-18T10:35:14.4446008Z 
2025-08-18T10:35:14.4446433Z The database cluster will be initialized with locale "en_US.utf8".
2025-08-18T10:35:14.4447304Z The default database encoding has accordingly been set to "UTF8".
2025-08-18T10:35:14.4447908Z The default text search configuration will be set to "english".
2025-08-18T10:35:14.4448142Z 
2025-08-18T10:35:14.4448590Z Data page checksums are disabled.
2025-08-18T10:35:14.4448753Z 
2025-08-18T10:35:14.4449022Z fixing permissions on existing directory /var/lib/postgresql/data ... ok
2025-08-18T10:35:14.4449442Z creating subdirectories ... ok
2025-08-18T10:35:14.4449806Z selecting dynamic shared memory implementation ... posix
2025-08-18T10:35:14.4450177Z selecting default max_connections ... 100
2025-08-18T10:35:14.4450498Z selecting default shared_buffers ... 128MB
2025-08-18T10:35:14.4450809Z selecting default time zone ... Etc/UTC
2025-08-18T10:35:14.4451106Z creating configuration files ... ok
2025-08-18T10:35:14.4451621Z running bootstrap script ... ok
2025-08-18T10:35:14.4451986Z performing post-bootstrap initialization ... ok
2025-08-18T10:35:14.4452290Z syncing data to disk ... ok
2025-08-18T10:35:14.4452430Z 
2025-08-18T10:35:14.4452447Z 
2025-08-18T10:35:14.4452646Z Success. You can now start the database server using:
2025-08-18T10:35:14.4452861Z 
2025-08-18T10:35:14.4453035Z     pg_ctl -D /var/lib/postgresql/data -l logfile start
2025-08-18T10:35:14.4453248Z 
2025-08-18T10:35:14.4453933Z waiting for server to start....2025-08-18 10:32:48.247 UTC [48] LOG:  starting PostgreSQL 15.14 (Debian 15.14-1.pgdg13+1) on x86_64-pc-linux-gnu, compiled by gcc (Debian 14.2.0-19) 14.2.0, 64-bit
2025-08-18T10:35:14.4454779Z 2025-08-18 10:32:48.248 UTC [48] LOG:  listening on Unix socket "/var/run/postgresql/.s.PGSQL.5432"
2025-08-18T10:35:14.4455372Z 2025-08-18 10:32:48.251 UTC [51] LOG:  database system was shut down at 2025-08-18 10:32:48 UTC
2025-08-18T10:35:14.4455904Z 2025-08-18 10:32:48.255 UTC [48] LOG:  database system is ready to accept connections
2025-08-18T10:35:14.4456230Z  done
2025-08-18T10:35:14.4456400Z server started
2025-08-18T10:35:14.4456577Z CREATE DATABASE
2025-08-18T10:35:14.4456691Z 
2025-08-18T10:35:14.4456698Z 
2025-08-18T10:35:14.4457203Z /usr/local/bin/docker-entrypoint.sh: ignoring /docker-entrypoint-initdb.d/*
2025-08-18T10:35:14.4457519Z 
2025-08-18T10:35:14.4457745Z 2025-08-18 10:32:48.434 UTC [48] LOG:  received fast shutdown request
2025-08-18T10:35:14.4458315Z waiting for server to shut down....2025-08-18 10:32:48.435 UTC [48] LOG:  aborting any active transactions
2025-08-18T10:35:14.4459092Z initdb: warning: enabling "trust" authentication for local connections
2025-08-18T10:35:14.4460117Z initdb: hint: You can change this by editing pg_hba.conf or using the option -A, or --auth-local and --auth-host, the next time you run initdb.
2025-08-18T10:35:14.4461125Z 2025-08-18 10:32:48.553 UTC [1] LOG:  starting PostgreSQL 15.14 (Debian 15.14-1.pgdg13+1) on x86_64-pc-linux-gnu, compiled by gcc (Debian 14.2.0-19) 14.2.0, 64-bit
2025-08-18T10:35:14.4462021Z 2025-08-18 10:32:48.554 UTC [1] LOG:  listening on IPv4 address "0.0.0.0", port 5432
2025-08-18T10:35:14.4463111Z 2025-08-18 10:32:48.554 UTC [1] LOG:  listening on IPv6 address "::", port 5432
2025-08-18T10:35:14.4464066Z 2025-08-18 10:32:48.555 UTC [1] LOG:  listening on Unix socket "/var/run/postgresql/.s.PGSQL.5432"
2025-08-18T10:35:14.4464817Z 2025-08-18 10:32:48.559 UTC [64] LOG:  database system was shut down at 2025-08-18 10:32:48 UTC
2025-08-18T10:35:14.4465352Z 2025-08-18 10:32:48.563 UTC [1] LOG:  database system is ready to accept connections
2025-08-18T10:35:14.4466002Z 2025-08-18 10:32:48.436 UTC [48] LOG:  background worker "logical replication launcher" (PID 54) exited with exit code 1
2025-08-18T10:35:14.4466523Z 2025-08-18 10:32:48.437 UTC [49] LOG:  shutting down
2025-08-18T10:35:14.4466957Z 2025-08-18 10:32:48.437 UTC [49] LOG:  checkpoint starting: shutdown immediate
2025-08-18T10:35:14.4468023Z 2025-08-18 10:32:48.454 UTC [49] LOG:  checkpoint complete: wrote 922 buffers (5.6%); 0 WAL file(s) added, 0 removed, 0 recycled; write=0.014 s, sync=0.002 s, total=0.018 s; sync files=301, longest=0.001 s, average=0.001 s; distance=4239 kB, estimate=4239 kB
2025-08-18T10:35:14.4469031Z 2025-08-18 10:32:48.460 UTC [48] LOG:  database system is shut down
2025-08-18T10:35:14.4469351Z  done
2025-08-18T10:35:14.4469520Z server stopped
2025-08-18T10:35:14.4469787Z 
2025-08-18T10:35:14.4469985Z PostgreSQL init process complete; ready for start up.
2025-08-18T10:35:14.4470196Z 
2025-08-18T10:35:14.4470523Z ##[endgroup]
2025-08-18T10:35:14.4510828Z Post job cleanup.
2025-08-18T10:35:14.6765536Z Post job cleanup.
2025-08-18T10:35:14.8245924Z Cache hit occurred on the primary key Linux-test-842a859a37b6f31d35b1262d499b1acd0270bca26490137bed88679f7bc0eea4, not saving cache.
2025-08-18T10:35:14.8333835Z Post job cleanup.
2025-08-18T10:35:14.9852420Z Cache hit occurred on the primary key setup-python-Linux-x64-24.04-Ubuntu-python-3.12.11-pip-a46276b49878943237131d53280f1075a94d2a906d129a0f60e705f79de8916d, not saving cache.
2025-08-18T10:35:14.9949284Z Post job cleanup.
2025-08-18T10:35:15.0888246Z [command]/usr/bin/git version
2025-08-18T10:35:15.0925898Z git version 2.50.1
2025-08-18T10:35:15.0978393Z Temporarily overriding HOME='/home/runner/work/_temp/0290ed78-1e54-4c91-978e-4601482d7d44' before making global git config changes
2025-08-18T10:35:15.0979906Z Adding repository directory to the temporary git global config as a safe directory
2025-08-18T10:35:15.0984957Z [command]/usr/bin/git config --global --add safe.directory /home/runner/work/AWA-App/AWA-App
2025-08-18T10:35:15.1023558Z [command]/usr/bin/git config --local --name-only --get-regexp core\.sshCommand
2025-08-18T10:35:15.1056569Z [command]/usr/bin/git submodule foreach --recursive sh -c "git config --local --name-only --get-regexp 'core\.sshCommand' && git config --local --unset-all 'core.sshCommand' || :"
2025-08-18T10:35:15.1298883Z [command]/usr/bin/git config --local --name-only --get-regexp http\.https\:\/\/github\.com\/\.extraheader
2025-08-18T10:35:15.1321748Z http.https://github.com/.extraheader
2025-08-18T10:35:15.1333766Z [command]/usr/bin/git config --local --unset-all http.https://github.com/.extraheader
2025-08-18T10:35:15.1364397Z [command]/usr/bin/git submodule foreach --recursive sh -c "git config --local --name-only --get-regexp 'http\.https\:\/\/github\.com\/\.extraheader' && git config --local --unset-all 'http.https://github.com/.extraheader' || :"
2025-08-18T10:35:15.1689421Z Print service container logs: 72812986822946d2bd9385f2266e2e6a_postgres15_f7b54b
2025-08-18T10:35:15.1694268Z ##[command]/usr/bin/docker logs --details b46bef785517d46ae9ca70b060fa313ad87dc20edfcb574b7fa16f9dab2ba437
2025-08-18T10:35:15.1815543Z  The files belonging to this database system will be owned by user "postgres".
2025-08-18T10:35:15.1816283Z  This user must also own the server process.
2025-08-18T10:35:15.1816744Z  
2025-08-18T10:35:15.1817194Z  The database cluster will be initialized with locale "en_US.utf8".
2025-08-18T10:35:15.1817915Z  The default database encoding has accordingly been set to "UTF8".
2025-08-18T10:35:15.1818600Z  The default text search configuration will be set to "english".
2025-08-18T10:35:15.1819106Z  
2025-08-18T10:35:15.1819414Z  Data page checksums are disabled.
2025-08-18T10:35:15.1819807Z  
2025-08-18T10:35:15.1820228Z  fixing permissions on existing directory /var/lib/postgresql/data ... ok
2025-08-18T10:35:15.1820633Z  creating subdirectories ... ok
2025-08-18T10:35:15.1820925Z  selecting dynamic shared memory implementation ... posix
2025-08-18T10:35:15.1821242Z  selecting default max_connections ... 100
2025-08-18T10:35:15.1821732Z  selecting default shared_buffers ... 128MB
2025-08-18T10:35:15.1822014Z  selecting default time zone ... Etc/UTC
2025-08-18T10:35:15.1822287Z  creating configuration files ... ok
2025-08-18T10:35:15.1822548Z  running bootstrap script ... ok
2025-08-18T10:35:15.1822852Z  performing post-bootstrap initialization ... ok
2025-08-18T10:35:15.1823137Z  syncing data to disk ... ok
2025-08-18T10:35:15.1823346Z  
2025-08-18T10:35:15.1823496Z  
2025-08-18T10:35:15.1823705Z  Success. You can now start the database server using:
2025-08-18T10:35:15.1824794Z  initdb: warning: enabling "trust" authentication for local connections
2025-08-18T10:35:15.1825409Z  initdb: hint: You can change this by editing pg_hba.conf or using the option -A, or --auth-local and --auth-host, the next time you run initdb.
2025-08-18T10:35:15.1826457Z  2025-08-18 10:32:48.553 UTC [1] LOG:  starting PostgreSQL 15.14 (Debian 15.14-1.pgdg13+1) on x86_64-pc-linux-gnu, compiled by gcc (Debian 14.2.0-19) 14.2.0, 64-bit
2025-08-18T10:35:15.1827059Z  2025-08-18 10:32:48.554 UTC [1] LOG:  listening on IPv4 address "0.0.0.0", port 5432
2025-08-18T10:35:15.1827466Z  2025-08-18 10:32:48.554 UTC [1] LOG:  listening on IPv6 address "::", port 5432
2025-08-18T10:35:15.1827910Z  2025-08-18 10:32:48.555 UTC [1] LOG:  listening on Unix socket "/var/run/postgresql/.s.PGSQL.5432"
2025-08-18T10:35:15.1828391Z  2025-08-18 10:32:48.559 UTC [64] LOG:  database system was shut down at 2025-08-18 10:32:48 UTC
2025-08-18T10:35:15.1828823Z  2025-08-18 10:32:48.563 UTC [1] LOG:  database system is ready to accept connections
2025-08-18T10:35:15.1829135Z  
2025-08-18T10:35:15.1829355Z      pg_ctl -D /var/lib/postgresql/data -l logfile start
2025-08-18T10:35:15.1829622Z  
2025-08-18T10:35:15.1830149Z  waiting for server to start....2025-08-18 10:32:48.247 UTC [48] LOG:  starting PostgreSQL 15.14 (Debian 15.14-1.pgdg13+1) on x86_64-pc-linux-gnu, compiled by gcc (Debian 14.2.0-19) 14.2.0, 64-bit
2025-08-18T10:35:15.1831650Z  2025-08-18 10:32:48.248 UTC [48] LOG:  listening on Unix socket "/var/run/postgresql/.s.PGSQL.5432"
2025-08-18T10:35:15.1832368Z  2025-08-18 10:32:48.251 UTC [51] LOG:  database system was shut down at 2025-08-18 10:32:48 UTC
2025-08-18T10:35:15.1833101Z  2025-08-18 10:32:48.255 UTC [48] LOG:  database system is ready to accept connections
2025-08-18T10:35:15.1833425Z   done
2025-08-18T10:35:15.1833587Z  server started
2025-08-18T10:35:15.1833768Z  CREATE DATABASE
2025-08-18T10:35:15.1833941Z  
2025-08-18T10:35:15.1834090Z  
2025-08-18T10:35:15.1834385Z  /usr/local/bin/docker-entrypoint.sh: ignoring /docker-entrypoint-initdb.d/*
2025-08-18T10:35:15.1834738Z  
2025-08-18T10:35:15.1834963Z  2025-08-18 10:32:48.434 UTC [48] LOG:  received fast shutdown request
2025-08-18T10:35:15.1835630Z  waiting for server to shut down....2025-08-18 10:32:48.435 UTC [48] LOG:  aborting any active transactions
2025-08-18T10:35:15.1836216Z  2025-08-18 10:32:48.436 UTC [48] LOG:  background worker "logical replication launcher" (PID 54) exited with exit code 1
2025-08-18T10:35:15.1836674Z  2025-08-18 10:32:48.437 UTC [49] LOG:  shutting down
2025-08-18T10:35:15.1837002Z  2025-08-18 10:32:48.437 UTC [49] LOG:  checkpoint starting: shutdown immediate
2025-08-18T10:35:15.1837788Z  2025-08-18 10:32:48.454 UTC [49] LOG:  checkpoint complete: wrote 922 buffers (5.6%); 0 WAL file(s) added, 0 removed, 0 recycled; write=0.014 s, sync=0.002 s, total=0.018 s; sync files=301, longest=0.001 s, average=0.001 s; distance=4239 kB, estimate=4239 kB
2025-08-18T10:35:15.1838556Z  2025-08-18 10:32:48.460 UTC [48] LOG:  database system is shut down
2025-08-18T10:35:15.1838833Z   done
2025-08-18T10:35:15.1838993Z  server stopped
2025-08-18T10:35:15.1839165Z  
2025-08-18T10:35:15.1839374Z  PostgreSQL init process complete; ready for start up.
2025-08-18T10:35:15.1839651Z  
2025-08-18T10:35:15.1845812Z Stop and remove container: 72812986822946d2bd9385f2266e2e6a_postgres15_f7b54b
2025-08-18T10:35:15.1850221Z ##[command]/usr/bin/docker rm --force b46bef785517d46ae9ca70b060fa313ad87dc20edfcb574b7fa16f9dab2ba437
2025-08-18T10:35:15.3047450Z b46bef785517d46ae9ca70b060fa313ad87dc20edfcb574b7fa16f9dab2ba437
2025-08-18T10:35:15.3075902Z Remove container network: github_network_214d7891c09b4a45a280c59a270f4320
2025-08-18T10:35:15.3080036Z ##[command]/usr/bin/docker network rm github_network_214d7891c09b4a45a280c59a270f4320
2025-08-18T10:35:15.4278201Z github_network_214d7891c09b4a45a280c59a270f4320
2025-08-18T10:35:15.4336761Z Cleaning up orphan processes
