2025-08-18T23:00:26.6297574Z Current runner version: '2.327.1'
2025-08-18T23:00:26.6328442Z ##[group]Runner Image Provisioner
2025-08-18T23:00:26.6329770Z Hosted Compute Agent
2025-08-18T23:00:26.6330563Z Version: 20250818.377
2025-08-18T23:00:26.6331146Z Commit: 3c593e9f75fe0b87e893bca80d6e12ba089c61fc
2025-08-18T23:00:26.6331933Z Build Date: 2025-08-18T14:52:18Z
2025-08-18T23:00:26.6332498Z ##[endgroup]
2025-08-18T23:00:26.6333055Z ##[group]Operating System
2025-08-18T23:00:26.6333631Z Ubuntu
2025-08-18T23:00:26.6334124Z 24.04.2
2025-08-18T23:00:26.6334559Z LTS
2025-08-18T23:00:26.6335102Z ##[endgroup]
2025-08-18T23:00:26.6335601Z ##[group]Runner Image
2025-08-18T23:00:26.6336184Z Image: ubuntu-24.04
2025-08-18T23:00:26.6336721Z Version: 20250810.1.0
2025-08-18T23:00:26.6338063Z Included Software: https://github.com/actions/runner-images/blob/ubuntu24/20250810.1/images/ubuntu/Ubuntu2404-Readme.md
2025-08-18T23:00:26.6339638Z Image Release: https://github.com/actions/runner-images/releases/tag/ubuntu24%2F20250810.1
2025-08-18T23:00:26.6340702Z ##[endgroup]
2025-08-18T23:00:26.6343173Z ##[group]GITHUB_TOKEN Permissions
2025-08-18T23:00:26.6345545Z Actions: write
2025-08-18T23:00:26.6346076Z Attestations: write
2025-08-18T23:00:26.6346575Z Checks: write
2025-08-18T23:00:26.6347446Z Contents: write
2025-08-18T23:00:26.6347937Z Deployments: write
2025-08-18T23:00:26.6348438Z Discussions: write
2025-08-18T23:00:26.6349022Z Issues: write
2025-08-18T23:00:26.6349499Z Metadata: read
2025-08-18T23:00:26.6349944Z Models: read
2025-08-18T23:00:26.6350485Z Packages: write
2025-08-18T23:00:26.6350951Z Pages: write
2025-08-18T23:00:26.6351446Z PullRequests: write
2025-08-18T23:00:26.6352069Z RepositoryProjects: write
2025-08-18T23:00:26.6352592Z SecurityEvents: write
2025-08-18T23:00:26.6353211Z Statuses: write
2025-08-18T23:00:26.6353746Z ##[endgroup]
2025-08-18T23:00:26.6356213Z Secret source: Actions
2025-08-18T23:00:26.6357185Z Prepare workflow directory
2025-08-18T23:00:26.6805047Z Prepare all required actions
2025-08-18T23:00:26.6842759Z Getting action download info
2025-08-18T23:00:27.0321764Z Download action repository 'actions/checkout@v4' (SHA:08eba0b27e820071cde6df949e0beb9ba4906955)
2025-08-18T23:00:27.2814429Z Download action repository 'actions/setup-python@v5' (SHA:a26af69be951a213d495a4c3e4e4022e16d87065)
2025-08-18T23:00:27.5326019Z Download action repository 'actions/cache@v4' (SHA:0400d5f644dc74513175e3cd8d07132dd4860809)
2025-08-18T23:00:27.8685973Z Download action repository 'actions/setup-node@v4' (SHA:49933ea5288caeca8642d1e84afbd3f7d6820020)
2025-08-18T23:00:27.9630636Z Download action repository 'codecov/codecov-action@v4' (SHA:b9fd7d16f6d7d1b5d2bec1a2887e65ceed900238)
2025-08-18T23:00:28.4296989Z Complete job name: test
2025-08-18T23:00:28.4887551Z ##[group]Checking docker version
2025-08-18T23:00:28.4901132Z ##[command]/usr/bin/docker version --format '{{.Server.APIVersion}}'
2025-08-18T23:00:28.5932088Z '1.48'
2025-08-18T23:00:28.5945648Z Docker daemon API version: '1.48'
2025-08-18T23:00:28.5947461Z ##[command]/usr/bin/docker version --format '{{.Client.APIVersion}}'
2025-08-18T23:00:28.6251126Z '1.48'
2025-08-18T23:00:28.6270448Z Docker client API version: '1.48'
2025-08-18T23:00:28.6276383Z ##[endgroup]
2025-08-18T23:00:28.6280136Z ##[group]Clean up resources from previous jobs
2025-08-18T23:00:28.6286529Z ##[command]/usr/bin/docker ps --all --quiet --no-trunc --filter "label=47a098"
2025-08-18T23:00:28.6465335Z ##[command]/usr/bin/docker network prune --force --filter "label=47a098"
2025-08-18T23:00:28.6620431Z ##[endgroup]
2025-08-18T23:00:28.6621282Z ##[group]Create local container network
2025-08-18T23:00:28.6633424Z ##[command]/usr/bin/docker network create --label 47a098 github_network_004f0ee9f9ec4480a57cb2acd780e6c2
2025-08-18T23:00:28.7178368Z 818e3a26e4c86a1e0fe6e8cec6f97d7ad09178487825bbaf8496285e5722b1cd
2025-08-18T23:00:28.7196305Z ##[endgroup]
2025-08-18T23:00:28.7228085Z ##[group]Starting postgres service container
2025-08-18T23:00:28.7252662Z ##[command]/usr/bin/docker pull postgres:15
2025-08-18T23:00:29.0191408Z 15: Pulling from library/postgres
2025-08-18T23:00:29.0711761Z 396b1da7636e: Pulling fs layer
2025-08-18T23:00:29.0713431Z fca2566eba32: Pulling fs layer
2025-08-18T23:00:29.0720131Z 631fe8c6d606: Pulling fs layer
2025-08-18T23:00:29.0721253Z 77c7671c4414: Pulling fs layer
2025-08-18T23:00:29.0722179Z 2d9e29180a27: Pulling fs layer
2025-08-18T23:00:29.0723106Z c6bcc2c9a041: Pulling fs layer
2025-08-18T23:00:29.0724022Z ac4b721eb66f: Pulling fs layer
2025-08-18T23:00:29.0724925Z 606bd164980e: Pulling fs layer
2025-08-18T23:00:29.0725815Z f5dfd246bc6e: Pulling fs layer
2025-08-18T23:00:29.0726721Z ba7036bb0a60: Pulling fs layer
2025-08-18T23:00:29.0727864Z 799f859abbbd: Pulling fs layer
2025-08-18T23:00:29.0728800Z d903e777080c: Pulling fs layer
2025-08-18T23:00:29.0729705Z 04adcb462801: Pulling fs layer
2025-08-18T23:00:29.0730595Z 5c10925b29ff: Pulling fs layer
2025-08-18T23:00:29.0731490Z ac4b721eb66f: Waiting
2025-08-18T23:00:29.0732269Z 606bd164980e: Waiting
2025-08-18T23:00:29.0733045Z f5dfd246bc6e: Waiting
2025-08-18T23:00:29.0733828Z ba7036bb0a60: Waiting
2025-08-18T23:00:29.0734601Z 799f859abbbd: Waiting
2025-08-18T23:00:29.0735369Z d903e777080c: Waiting
2025-08-18T23:00:29.0736136Z 04adcb462801: Waiting
2025-08-18T23:00:29.0737043Z 5c10925b29ff: Waiting
2025-08-18T23:00:29.0737800Z 77c7671c4414: Waiting
2025-08-18T23:00:29.0738550Z 2d9e29180a27: Waiting
2025-08-18T23:00:29.0739312Z c6bcc2c9a041: Waiting
2025-08-18T23:00:29.1557352Z fca2566eba32: Verifying Checksum
2025-08-18T23:00:29.1558872Z fca2566eba32: Download complete
2025-08-18T23:00:29.2491686Z 77c7671c4414: Verifying Checksum
2025-08-18T23:00:29.2494369Z 77c7671c4414: Download complete
2025-08-18T23:00:29.2995557Z 631fe8c6d606: Verifying Checksum
2025-08-18T23:00:29.2997469Z 631fe8c6d606: Download complete
2025-08-18T23:00:29.3613072Z c6bcc2c9a041: Verifying Checksum
2025-08-18T23:00:29.3615921Z c6bcc2c9a041: Download complete
2025-08-18T23:00:29.4166097Z 2d9e29180a27: Verifying Checksum
2025-08-18T23:00:29.4168125Z 2d9e29180a27: Download complete
2025-08-18T23:00:29.4190131Z ac4b721eb66f: Download complete
2025-08-18T23:00:29.4636429Z 396b1da7636e: Verifying Checksum
2025-08-18T23:00:29.4638585Z 396b1da7636e: Download complete
2025-08-18T23:00:29.5400474Z 606bd164980e: Verifying Checksum
2025-08-18T23:00:29.5403105Z 606bd164980e: Download complete
2025-08-18T23:00:29.5412853Z ba7036bb0a60: Verifying Checksum
2025-08-18T23:00:29.5415098Z ba7036bb0a60: Download complete
2025-08-18T23:00:29.6089180Z 799f859abbbd: Verifying Checksum
2025-08-18T23:00:29.6096131Z 799f859abbbd: Download complete
2025-08-18T23:00:29.6168283Z d903e777080c: Verifying Checksum
2025-08-18T23:00:29.6170520Z d903e777080c: Download complete
2025-08-18T23:00:29.6839510Z 5c10925b29ff: Verifying Checksum
2025-08-18T23:00:29.6841167Z 5c10925b29ff: Download complete
2025-08-18T23:00:29.7207315Z 04adcb462801: Verifying Checksum
2025-08-18T23:00:29.7208617Z 04adcb462801: Download complete
2025-08-18T23:00:30.5392036Z 396b1da7636e: Pull complete
2025-08-18T23:00:30.7431320Z fca2566eba32: Pull complete
2025-08-18T23:00:30.9253542Z 631fe8c6d606: Pull complete
2025-08-18T23:00:30.9733762Z 77c7671c4414: Pull complete
2025-08-18T23:00:31.1390296Z f5dfd246bc6e: Verifying Checksum
2025-08-18T23:00:31.1390803Z f5dfd246bc6e: Download complete
2025-08-18T23:00:31.2994070Z 2d9e29180a27: Pull complete
2025-08-18T23:00:31.3939532Z c6bcc2c9a041: Pull complete
2025-08-18T23:00:31.4067222Z ac4b721eb66f: Pull complete
2025-08-18T23:00:31.4169557Z 606bd164980e: Pull complete
2025-08-18T23:00:34.3453284Z f5dfd246bc6e: Pull complete
2025-08-18T23:00:34.3610785Z ba7036bb0a60: Pull complete
2025-08-18T23:00:34.3728099Z 799f859abbbd: Pull complete
2025-08-18T23:00:34.3866998Z d903e777080c: Pull complete
2025-08-18T23:00:34.3991379Z 04adcb462801: Pull complete
2025-08-18T23:00:34.4119790Z 5c10925b29ff: Pull complete
2025-08-18T23:00:34.4167681Z Digest: sha256:bc51cf4f1fe02cce7ed2370b20128a9b00b4eb804573a77d2a0d877aaa9c82b1
2025-08-18T23:00:34.4182298Z Status: Downloaded newer image for postgres:15
2025-08-18T23:00:34.4195589Z docker.io/library/postgres:15
2025-08-18T23:00:34.4255836Z ##[command]/usr/bin/docker create --name eea8f613447944f3a92415c053054ce6_postgres15_592c0a --label 47a098 --network github_network_004f0ee9f9ec4480a57cb2acd780e6c2 --network-alias postgres -p 5432:5432 --health-cmd="pg_isready -U postgres -d awa" --health-interval=5s --health-timeout=5s --health-retries=10 -e "POSTGRES_USER=postgres" -e "POSTGRES_PASSWORD=pass" -e "POSTGRES_DB=awa" -e GITHUB_ACTIONS=true -e CI=true postgres:15
2025-08-18T23:00:34.4535568Z 57804e863b245faa9f59b26d452424f8bd9497f7a8cb2407fa30399cdba9ec49
2025-08-18T23:00:34.4560521Z ##[command]/usr/bin/docker start 57804e863b245faa9f59b26d452424f8bd9497f7a8cb2407fa30399cdba9ec49
2025-08-18T23:00:34.7737589Z 57804e863b245faa9f59b26d452424f8bd9497f7a8cb2407fa30399cdba9ec49
2025-08-18T23:00:34.7757383Z ##[command]/usr/bin/docker ps --all --filter id=57804e863b245faa9f59b26d452424f8bd9497f7a8cb2407fa30399cdba9ec49 --filter status=running --no-trunc --format "{{.ID}} {{.Status}}"
2025-08-18T23:00:34.7879207Z 57804e863b245faa9f59b26d452424f8bd9497f7a8cb2407fa30399cdba9ec49 Up Less than a second (health: starting)
2025-08-18T23:00:34.7899779Z ##[command]/usr/bin/docker port 57804e863b245faa9f59b26d452424f8bd9497f7a8cb2407fa30399cdba9ec49
2025-08-18T23:00:34.8043719Z 5432/tcp -> 0.0.0.0:5432
2025-08-18T23:00:34.8044414Z 5432/tcp -> [::]:5432
2025-08-18T23:00:34.8091230Z ##[endgroup]
2025-08-18T23:00:34.8092212Z ##[group]Starting redis service container
2025-08-18T23:00:34.8094164Z ##[command]/usr/bin/docker pull redis:7-alpine
2025-08-18T23:00:34.9955492Z 7-alpine: Pulling from library/redis
2025-08-18T23:00:35.0539666Z 0368fd46e3c6: Pulling fs layer
2025-08-18T23:00:35.0540834Z 4c55286bbede: Pulling fs layer
2025-08-18T23:00:35.0541568Z 5e28347af205: Pulling fs layer
2025-08-18T23:00:35.0542592Z 311eca34042e: Pulling fs layer
2025-08-18T23:00:35.0543147Z e6fe6f07e192: Pulling fs layer
2025-08-18T23:00:35.0543575Z a2cadbfeca72: Pulling fs layer
2025-08-18T23:00:35.0543964Z 4f4fb700ef54: Pulling fs layer
2025-08-18T23:00:35.0544394Z a976ed7e7808: Pulling fs layer
2025-08-18T23:00:35.0544770Z e6fe6f07e192: Waiting
2025-08-18T23:00:35.0545138Z a2cadbfeca72: Waiting
2025-08-18T23:00:35.0545453Z 4f4fb700ef54: Waiting
2025-08-18T23:00:35.0545760Z a976ed7e7808: Waiting
2025-08-18T23:00:35.0546057Z 311eca34042e: Waiting
2025-08-18T23:00:35.1198516Z 4c55286bbede: Verifying Checksum
2025-08-18T23:00:35.1199431Z 4c55286bbede: Download complete
2025-08-18T23:00:35.1296101Z 0368fd46e3c6: Verifying Checksum
2025-08-18T23:00:35.1296925Z 0368fd46e3c6: Download complete
2025-08-18T23:00:35.1297532Z 5e28347af205: Verifying Checksum
2025-08-18T23:00:35.1297891Z 5e28347af205: Download complete
2025-08-18T23:00:35.1982786Z a2cadbfeca72: Verifying Checksum
2025-08-18T23:00:35.1984549Z a2cadbfeca72: Download complete
2025-08-18T23:00:35.2309015Z 311eca34042e: Verifying Checksum
2025-08-18T23:00:35.2309514Z 311eca34042e: Download complete
2025-08-18T23:00:35.2624368Z 0368fd46e3c6: Pull complete
2025-08-18T23:00:35.2655918Z 4f4fb700ef54: Verifying Checksum
2025-08-18T23:00:35.2656493Z 4f4fb700ef54: Download complete
2025-08-18T23:00:35.2920814Z a976ed7e7808: Verifying Checksum
2025-08-18T23:00:35.2921312Z a976ed7e7808: Download complete
2025-08-18T23:00:35.2951157Z 4c55286bbede: Pull complete
2025-08-18T23:00:35.3926646Z e6fe6f07e192: Verifying Checksum
2025-08-18T23:00:35.3927325Z e6fe6f07e192: Download complete
2025-08-18T23:00:35.4586043Z 5e28347af205: Pull complete
2025-08-18T23:00:35.4912954Z 311eca34042e: Pull complete
2025-08-18T23:00:35.7433541Z e6fe6f07e192: Pull complete
2025-08-18T23:00:35.7558146Z a2cadbfeca72: Pull complete
2025-08-18T23:00:35.7849919Z 4f4fb700ef54: Pull complete
2025-08-18T23:00:35.7979774Z a976ed7e7808: Pull complete
2025-08-18T23:00:35.8024198Z Digest: sha256:bb186d083732f669da90be8b0f975a37812b15e913465bb14d845db72a4e3e08
2025-08-18T23:00:35.8036710Z Status: Downloaded newer image for redis:7-alpine
2025-08-18T23:00:35.8045614Z docker.io/library/redis:7-alpine
2025-08-18T23:00:35.8062608Z ##[command]/usr/bin/docker create --name 5f95ffaedb32457eb13e2cdab098fb1e_redis7alpine_cf2518 --label 47a098 --network github_network_004f0ee9f9ec4480a57cb2acd780e6c2 --network-alias redis -p 6379:6379  -e GITHUB_ACTIONS=true -e CI=true redis:7-alpine
2025-08-18T23:00:35.8322342Z 3a10ef4859f6d4f2b054b9c13a1a4d1983b4953a610d3bace980c27ca32e9120
2025-08-18T23:00:35.8337373Z ##[command]/usr/bin/docker start 3a10ef4859f6d4f2b054b9c13a1a4d1983b4953a610d3bace980c27ca32e9120
2025-08-18T23:00:35.9715219Z 3a10ef4859f6d4f2b054b9c13a1a4d1983b4953a610d3bace980c27ca32e9120
2025-08-18T23:00:35.9731891Z ##[command]/usr/bin/docker ps --all --filter id=3a10ef4859f6d4f2b054b9c13a1a4d1983b4953a610d3bace980c27ca32e9120 --filter status=running --no-trunc --format "{{.ID}} {{.Status}}"
2025-08-18T23:00:35.9851240Z 3a10ef4859f6d4f2b054b9c13a1a4d1983b4953a610d3bace980c27ca32e9120 Up Less than a second
2025-08-18T23:00:35.9864886Z ##[command]/usr/bin/docker port 3a10ef4859f6d4f2b054b9c13a1a4d1983b4953a610d3bace980c27ca32e9120
2025-08-18T23:00:35.9984906Z 6379/tcp -> 0.0.0.0:6379
2025-08-18T23:00:35.9985516Z 6379/tcp -> [::]:6379
2025-08-18T23:00:35.9999301Z ##[endgroup]
2025-08-18T23:00:36.0010585Z ##[group]Waiting for all services to be ready
2025-08-18T23:00:36.0023577Z ##[command]/usr/bin/docker inspect --format="{{if .Config.Healthcheck}}{{print .State.Health.Status}}{{end}}" 57804e863b245faa9f59b26d452424f8bd9497f7a8cb2407fa30399cdba9ec49
2025-08-18T23:00:36.0139926Z starting
2025-08-18T23:00:36.0162175Z postgres service is starting, waiting 2 seconds before checking again.
2025-08-18T23:00:38.0164811Z ##[command]/usr/bin/docker inspect --format="{{if .Config.Healthcheck}}{{print .State.Health.Status}}{{end}}" 57804e863b245faa9f59b26d452424f8bd9497f7a8cb2407fa30399cdba9ec49
2025-08-18T23:00:38.0282458Z starting
2025-08-18T23:00:38.0295839Z postgres service is starting, waiting 3 seconds before checking again.
2025-08-18T23:00:41.6867225Z ##[command]/usr/bin/docker inspect --format="{{if .Config.Healthcheck}}{{print .State.Health.Status}}{{end}}" 57804e863b245faa9f59b26d452424f8bd9497f7a8cb2407fa30399cdba9ec49
2025-08-18T23:00:41.6988225Z healthy
2025-08-18T23:00:41.7005529Z postgres service is healthy.
2025-08-18T23:00:41.7006445Z ##[command]/usr/bin/docker inspect --format="{{if .Config.Healthcheck}}{{print .State.Health.Status}}{{end}}" 3a10ef4859f6d4f2b054b9c13a1a4d1983b4953a610d3bace980c27ca32e9120
2025-08-18T23:00:41.7138366Z redis service is healthy.
2025-08-18T23:00:41.7139041Z ##[endgroup]
2025-08-18T23:00:41.7385173Z ##[group]Run actions/checkout@v4
2025-08-18T23:00:41.7385707Z with:
2025-08-18T23:00:41.7385880Z   fetch-depth: 0
2025-08-18T23:00:41.7386089Z   repository: AlexBomber12/AWA-App
2025-08-18T23:00:41.7386483Z   token: ***
2025-08-18T23:00:41.7386665Z   ssh-strict: true
2025-08-18T23:00:41.7387017Z   ssh-user: git
2025-08-18T23:00:41.7387201Z   persist-credentials: true
2025-08-18T23:00:41.7387411Z   clean: true
2025-08-18T23:00:41.7387594Z   sparse-checkout-cone-mode: true
2025-08-18T23:00:41.7387821Z   fetch-tags: false
2025-08-18T23:00:41.7388016Z   show-progress: true
2025-08-18T23:00:41.7388198Z   lfs: false
2025-08-18T23:00:41.7388359Z   submodules: false
2025-08-18T23:00:41.7388544Z   set-safe-directory: true
2025-08-18T23:00:41.7388991Z env:
2025-08-18T23:00:41.7389222Z   REDIS_URL: redis://localhost:6379/0
2025-08-18T23:00:41.7389486Z   RATE_LIMIT_DEFAULT: 100/minute
2025-08-18T23:00:41.7389704Z   TRUST_X_FORWARDED: 1
2025-08-18T23:00:41.7389890Z ##[endgroup]
2025-08-18T23:00:41.8486237Z Syncing repository: AlexBomber12/AWA-App
2025-08-18T23:00:41.8488394Z ##[group]Getting Git version info
2025-08-18T23:00:41.8489033Z Working directory is '/home/runner/work/AWA-App/AWA-App'
2025-08-18T23:00:41.8489932Z [command]/usr/bin/git version
2025-08-18T23:00:41.8530472Z git version 2.50.1
2025-08-18T23:00:41.8556577Z ##[endgroup]
2025-08-18T23:00:41.8569942Z Temporarily overriding HOME='/home/runner/work/_temp/ab9174f0-87e2-4ee4-bfce-6ac544d4a94c' before making global git config changes
2025-08-18T23:00:41.8570840Z Adding repository directory to the temporary git global config as a safe directory
2025-08-18T23:00:41.8574852Z [command]/usr/bin/git config --global --add safe.directory /home/runner/work/AWA-App/AWA-App
2025-08-18T23:00:41.8609573Z Deleting the contents of '/home/runner/work/AWA-App/AWA-App'
2025-08-18T23:00:41.8613093Z ##[group]Initializing the repository
2025-08-18T23:00:41.8617849Z [command]/usr/bin/git init /home/runner/work/AWA-App/AWA-App
2025-08-18T23:00:41.8687728Z hint: Using 'master' as the name for the initial branch. This default branch name
2025-08-18T23:00:41.8688605Z hint: is subject to change. To configure the initial branch name to use in all
2025-08-18T23:00:41.8689456Z hint: of your new repositories, which will suppress this warning, call:
2025-08-18T23:00:41.8690030Z hint:
2025-08-18T23:00:41.8690471Z hint: 	git config --global init.defaultBranch <name>
2025-08-18T23:00:41.8690955Z hint:
2025-08-18T23:00:41.8691425Z hint: Names commonly chosen instead of 'master' are 'main', 'trunk' and
2025-08-18T23:00:41.8692296Z hint: 'development'. The just-created branch can be renamed via this command:
2025-08-18T23:00:41.8692882Z hint:
2025-08-18T23:00:41.8693170Z hint: 	git branch -m <name>
2025-08-18T23:00:41.8693506Z hint:
2025-08-18T23:00:41.8693998Z hint: Disable this message with "git config set advice.defaultBranchName false"
2025-08-18T23:00:41.8694733Z Initialized empty Git repository in /home/runner/work/AWA-App/AWA-App/.git/
2025-08-18T23:00:41.8704318Z [command]/usr/bin/git remote add origin https://github.com/AlexBomber12/AWA-App
2025-08-18T23:00:41.8735183Z ##[endgroup]
2025-08-18T23:00:41.8735623Z ##[group]Disabling automatic garbage collection
2025-08-18T23:00:41.8739655Z [command]/usr/bin/git config --local gc.auto 0
2025-08-18T23:00:41.8766620Z ##[endgroup]
2025-08-18T23:00:41.8767252Z ##[group]Setting up auth
2025-08-18T23:00:41.8773933Z [command]/usr/bin/git config --local --name-only --get-regexp core\.sshCommand
2025-08-18T23:00:41.8805587Z [command]/usr/bin/git submodule foreach --recursive sh -c "git config --local --name-only --get-regexp 'core\.sshCommand' && git config --local --unset-all 'core.sshCommand' || :"
2025-08-18T23:00:41.9083502Z [command]/usr/bin/git config --local --name-only --get-regexp http\.https\:\/\/github\.com\/\.extraheader
2025-08-18T23:00:41.9114061Z [command]/usr/bin/git submodule foreach --recursive sh -c "git config --local --name-only --get-regexp 'http\.https\:\/\/github\.com\/\.extraheader' && git config --local --unset-all 'http.https://github.com/.extraheader' || :"
2025-08-18T23:00:41.9332730Z [command]/usr/bin/git config --local http.https://github.com/.extraheader AUTHORIZATION: basic ***
2025-08-18T23:00:41.9374971Z ##[endgroup]
2025-08-18T23:00:41.9375568Z ##[group]Fetching the repository
2025-08-18T23:00:41.9384217Z [command]/usr/bin/git -c protocol.version=2 fetch --prune --no-recurse-submodules origin +refs/heads/*:refs/remotes/origin/* +refs/tags/*:refs/tags/* +bc4c335adadd363b25ab3d0e62d9bfd65ea628aa:refs/remotes/pull/262/merge
2025-08-18T23:00:43.2820115Z From https://github.com/AlexBomber12/AWA-App
2025-08-18T23:00:43.2821215Z  * [new branch]        codex/analyze-ci-logs-and-implement-targeted-fixes -> origin/codex/analyze-ci-logs-and-implement-targeted-fixes
2025-08-18T23:00:43.2822578Z  * [new branch]        codex/fix-ci-workflow-failures-from-logs -> origin/codex/fix-ci-workflow-failures-from-logs
2025-08-18T23:00:43.2823599Z  * [new branch]        codex/fix-ci-workflows-based-on-logs     -> origin/codex/fix-ci-workflows-based-on-logs
2025-08-18T23:00:43.2825031Z  * [new branch]        codex/fix-ci-workflows-based-on-logs-nflit3 -> origin/codex/fix-ci-workflows-based-on-logs-nflit3
2025-08-18T23:00:43.2827159Z  * [new branch]        codex/fix-ci-workflows-to-pass           -> origin/codex/fix-ci-workflows-to-pass
2025-08-18T23:00:43.2829511Z  * [new branch]        codex/fix-ci-workflows-to-pass-q5lnht    -> origin/codex/fix-ci-workflows-to-pass-q5lnht
2025-08-18T23:00:43.2831422Z  * [new branch]        codex/fix-ci-workflows-until-all-pass    -> origin/codex/fix-ci-workflows-until-all-pass
2025-08-18T23:00:43.2833740Z  * [new branch]        codex/implement-ci-workflow-fixes-based-on-logs -> origin/codex/implement-ci-workflow-fixes-based-on-logs
2025-08-18T23:00:43.2835724Z  * [new branch]        gh-pages                                 -> origin/gh-pages
2025-08-18T23:00:43.2838490Z  * [new branch]        main                                     -> origin/main
2025-08-18T23:00:43.2840282Z  * [new tag]           0.3.0                                    -> 0.3.0
2025-08-18T23:00:43.2843528Z  * [new ref]           bc4c335adadd363b25ab3d0e62d9bfd65ea628aa -> pull/262/merge
2025-08-18T23:00:43.2876938Z ##[endgroup]
2025-08-18T23:00:43.2877571Z ##[group]Determining the checkout info
2025-08-18T23:00:43.2878324Z ##[endgroup]
2025-08-18T23:00:43.2883523Z [command]/usr/bin/git sparse-checkout disable
2025-08-18T23:00:43.2928218Z [command]/usr/bin/git config --local --unset-all extensions.worktreeConfig
2025-08-18T23:00:43.2953945Z ##[group]Checking out the ref
2025-08-18T23:00:43.2958117Z [command]/usr/bin/git checkout --progress --force refs/remotes/pull/262/merge
2025-08-18T23:00:43.3322752Z Note: switching to 'refs/remotes/pull/262/merge'.
2025-08-18T23:00:43.3323191Z 
2025-08-18T23:00:43.3323501Z You are in 'detached HEAD' state. You can look around, make experimental
2025-08-18T23:00:43.3324356Z changes and commit them, and you can discard any commits you make in this
2025-08-18T23:00:43.3325094Z state without impacting any branches by switching back to a branch.
2025-08-18T23:00:43.3325529Z 
2025-08-18T23:00:43.3325814Z If you want to create a new branch to retain commits you create, you may
2025-08-18T23:00:43.3326476Z do so (now or later) by using -c with the switch command. Example:
2025-08-18T23:00:43.3327081Z 
2025-08-18T23:00:43.3327229Z   git switch -c <new-branch-name>
2025-08-18T23:00:43.3327493Z 
2025-08-18T23:00:43.3327638Z Or undo this operation with:
2025-08-18T23:00:43.3327868Z 
2025-08-18T23:00:43.3328047Z   git switch -
2025-08-18T23:00:43.3328230Z 
2025-08-18T23:00:43.3328541Z Turn off this advice by setting config variable advice.detachedHead to false
2025-08-18T23:00:43.3329014Z 
2025-08-18T23:00:43.3329574Z HEAD is now at bc4c335a Merge e6968ebcfcba67e50e8f0d9dd351ffe738d71290 into 0b66fc4a51a41447ef91b458157d0ed2dbde26d6
2025-08-18T23:00:43.3337493Z ##[endgroup]
2025-08-18T23:00:43.3382254Z [command]/usr/bin/git log -1 --format=%H
2025-08-18T23:00:43.3405577Z bc4c335adadd363b25ab3d0e62d9bfd65ea628aa
2025-08-18T23:00:43.3570753Z ##[group]Run cat .env.ci >> "$GITHUB_ENV"
2025-08-18T23:00:43.3571117Z [36;1mcat .env.ci >> "$GITHUB_ENV"[0m
2025-08-18T23:00:43.3571848Z [36;1mecho "DATABASE_URL=***localhost:5432/awa" >> "$GITHUB_ENV"[0m
2025-08-18T23:00:43.3572204Z [36;1mecho "PG_HOST=localhost" >> "$GITHUB_ENV"[0m
2025-08-18T23:00:43.3572491Z [36;1mecho "PG_PORT=5432" >> "$GITHUB_ENV"[0m
2025-08-18T23:00:43.3572769Z [36;1mecho "PG_USER=postgres" >> "$GITHUB_ENV"[0m
2025-08-18T23:00:43.3573046Z [36;1mecho "PG_PASSWORD=pass" >> "$GITHUB_ENV"[0m
2025-08-18T23:00:43.3573337Z [36;1mecho "PG_DATABASE=awa" >> "$GITHUB_ENV"[0m
2025-08-18T23:00:43.3618384Z shell: /usr/bin/bash -e {0}
2025-08-18T23:00:43.3618618Z env:
2025-08-18T23:00:43.3618824Z   REDIS_URL: redis://localhost:6379/0
2025-08-18T23:00:43.3619087Z   RATE_LIMIT_DEFAULT: 100/minute
2025-08-18T23:00:43.3619308Z   TRUST_X_FORWARDED: 1
2025-08-18T23:00:43.3619495Z ##[endgroup]
2025-08-18T23:00:43.3790956Z ##[group]Run actions/setup-python@v5
2025-08-18T23:00:43.3791221Z with:
2025-08-18T23:00:43.3791398Z   python-version: 3.12
2025-08-18T23:00:43.3791595Z   cache: pip
2025-08-18T23:00:43.3792378Z   cache-dependency-path: requirements-dev.txt
services/etl/requirements.txt
services/api/requirements.txt
services/repricer/requirements.txt
services/fees_h10/requirements.txt
services/alert_bot/requirements.txt

2025-08-18T23:00:43.3793226Z   check-latest: false
2025-08-18T23:00:43.3793548Z   token: ***
2025-08-18T23:00:43.3793741Z   update-environment: true
2025-08-18T23:00:43.3793958Z   allow-prereleases: false
2025-08-18T23:00:43.3794347Z   freethreaded: false
2025-08-18T23:00:43.3794525Z env:
2025-08-18T23:00:43.3794710Z   REDIS_URL: redis://localhost:6379/0
2025-08-18T23:00:43.3794958Z   RATE_LIMIT_DEFAULT: 100/minute
2025-08-18T23:00:43.3795176Z   TRUST_X_FORWARDED: 1
2025-08-18T23:00:43.3795364Z   PG_USER: postgres
2025-08-18T23:00:43.3795550Z   PG_PASSWORD: pass
2025-08-18T23:00:43.3795764Z   PG_DATABASE: awa
2025-08-18T23:00:43.3796009Z   PG_HOST: localhost
2025-08-18T23:00:43.3796214Z   PG_PORT: 5432
2025-08-18T23:00:43.3796595Z   PG_SYNC_DSN: ***localhost:5432/awa
2025-08-18T23:00:43.3797230Z   PG_ASYNC_DSN: ***localhost:5432/awa
2025-08-18T23:00:43.3797623Z   DATABASE_URL: ***localhost:5432/awa
2025-08-18T23:00:43.3797853Z   DATA_DIR: /tmp/awa-data
2025-08-18T23:00:43.3798052Z   ENABLE_LIVE: 0
2025-08-18T23:00:43.3798217Z   TESTING: 1
2025-08-18T23:00:43.3798383Z ##[endgroup]
2025-08-18T23:00:43.5447565Z ##[group]Installed versions
2025-08-18T23:00:43.5530378Z Successfully set up CPython (3.12.11)
2025-08-18T23:00:43.5531094Z ##[endgroup]
2025-08-18T23:00:43.5932397Z [command]/opt/hostedtoolcache/Python/3.12.11/x64/bin/pip cache dir
2025-08-18T23:00:45.0542576Z /home/runner/.cache/pip
2025-08-18T23:00:45.1555533Z Cache hit for: setup-python-Linux-x64-24.04-Ubuntu-python-3.12.11-pip-c172802cd17d95f4a21a1dfb3b09a2f596596a7a71e9a723868dcbd7ca2b709e
2025-08-18T23:00:46.2278567Z Received 201326592 of 332576824 (60.5%), 190.9 MBs/sec
2025-08-18T23:00:46.8301695Z Received 332576824 of 332576824 (100.0%), 197.2 MBs/sec
2025-08-18T23:00:46.8304392Z Cache Size: ~317 MB (332576824 B)
2025-08-18T23:00:46.8425168Z [command]/usr/bin/tar -xf /home/runner/work/_temp/a4a490a6-23a9-464a-9e9c-f50aa39eac37/cache.tzst -P -C /home/runner/work/AWA-App/AWA-App --use-compress-program unzstd
2025-08-18T23:00:47.3672665Z Cache restored successfully
2025-08-18T23:00:47.4303017Z Cache restored from key: setup-python-Linux-x64-24.04-Ubuntu-python-3.12.11-pip-c172802cd17d95f4a21a1dfb3b09a2f596596a7a71e9a723868dcbd7ca2b709e
2025-08-18T23:00:47.4994749Z ##[group]Run actions/cache@v4
2025-08-18T23:00:47.4995018Z with:
2025-08-18T23:00:47.4995248Z   path: ~/.cache/pip
.pytest_cache
~/.ruff_cache

2025-08-18T23:00:47.4995681Z   key: Linux-test-5e718741e550cec7917fae13efe91a31293d04a98c3c0932315e8f58598cbd2c
2025-08-18T23:00:47.4996088Z   restore-keys: Linux-test-
2025-08-18T23:00:47.4996329Z   enableCrossOsArchive: false
2025-08-18T23:00:47.4996563Z   fail-on-cache-miss: false
2025-08-18T23:00:47.4997035Z   lookup-only: false
2025-08-18T23:00:47.4997253Z   save-always: false
2025-08-18T23:00:47.4997449Z env:
2025-08-18T23:00:47.4997661Z   REDIS_URL: redis://localhost:6379/0
2025-08-18T23:00:47.4997929Z   RATE_LIMIT_DEFAULT: 100/minute
2025-08-18T23:00:47.4998160Z   TRUST_X_FORWARDED: 1
2025-08-18T23:00:47.4998367Z   PG_USER: postgres
2025-08-18T23:00:47.4998571Z   PG_PASSWORD: pass
2025-08-18T23:00:47.4998767Z   PG_DATABASE: awa
2025-08-18T23:00:47.4998952Z   PG_HOST: localhost
2025-08-18T23:00:47.4999156Z   PG_PORT: 5432
2025-08-18T23:00:47.4999938Z   PG_SYNC_DSN: ***localhost:5432/awa
2025-08-18T23:00:47.5000409Z   PG_ASYNC_DSN: ***localhost:5432/awa
2025-08-18T23:00:47.5000801Z   DATABASE_URL: ***localhost:5432/awa
2025-08-18T23:00:47.5001050Z   DATA_DIR: /tmp/awa-data
2025-08-18T23:00:47.5001259Z   ENABLE_LIVE: 0
2025-08-18T23:00:47.5001439Z   TESTING: 1
2025-08-18T23:00:47.5001677Z   pythonLocation: /opt/hostedtoolcache/Python/3.12.11/x64
2025-08-18T23:00:47.5002083Z   PKG_CONFIG_PATH: /opt/hostedtoolcache/Python/3.12.11/x64/lib/pkgconfig
2025-08-18T23:00:47.5002472Z   Python_ROOT_DIR: /opt/hostedtoolcache/Python/3.12.11/x64
2025-08-18T23:00:47.5002829Z   Python2_ROOT_DIR: /opt/hostedtoolcache/Python/3.12.11/x64
2025-08-18T23:00:47.5003178Z   Python3_ROOT_DIR: /opt/hostedtoolcache/Python/3.12.11/x64
2025-08-18T23:00:47.5003537Z   LD_LIBRARY_PATH: /opt/hostedtoolcache/Python/3.12.11/x64/lib
2025-08-18T23:00:47.5003831Z ##[endgroup]
2025-08-18T23:00:47.7054846Z Cache hit for: Linux-test-5e718741e550cec7917fae13efe91a31293d04a98c3c0932315e8f58598cbd2c
2025-08-18T23:00:48.7417972Z Received 226492416 of 318449380 (71.1%), 215.8 MBs/sec
2025-08-18T23:00:49.2704773Z Received 318449380 of 318449380 (100.0%), 197.8 MBs/sec
2025-08-18T23:00:49.2707143Z Cache Size: ~304 MB (318449380 B)
2025-08-18T23:00:49.2745779Z [command]/usr/bin/tar -xf /home/runner/work/_temp/3e0d0fe3-b292-4205-833a-012130722a53/cache.tzst -P -C /home/runner/work/AWA-App/AWA-App --use-compress-program unzstd
2025-08-18T23:00:49.8462220Z Cache restored successfully
2025-08-18T23:00:49.9187999Z Cache restored from key: Linux-test-5e718741e550cec7917fae13efe91a31293d04a98c3c0932315e8f58598cbd2c
2025-08-18T23:00:49.9335368Z ##[group]Run pip install -r services/etl/requirements.txt
2025-08-18T23:00:49.9335810Z [36;1mpip install -r services/etl/requirements.txt[0m
2025-08-18T23:00:49.9336156Z [36;1mpip install -r services/api/requirements.txt[0m
2025-08-18T23:00:49.9336500Z [36;1mpip install -r services/repricer/requirements.txt[0m
2025-08-18T23:00:49.9337071Z [36;1mpip install -r services/fees_h10/requirements.txt[0m
2025-08-18T23:00:49.9337443Z [36;1mpip install -r services/alert_bot/requirements.txt[0m
2025-08-18T23:00:49.9337788Z [36;1mpip install -r requirements-dev.txt[0m
2025-08-18T23:00:49.9338060Z [36;1mpip install asyncpg[0m
2025-08-18T23:00:49.9338292Z [36;1mpip install pytest[0m
2025-08-18T23:00:49.9338540Z [36;1mpip install keepa==1.3.15 minio==7.1.15[0m
2025-08-18T23:00:49.9382074Z shell: /usr/bin/bash -e {0}
2025-08-18T23:00:49.9382312Z env:
2025-08-18T23:00:49.9382523Z   REDIS_URL: redis://localhost:6379/0
2025-08-18T23:00:49.9382805Z   RATE_LIMIT_DEFAULT: 100/minute
2025-08-18T23:00:49.9383082Z   TRUST_X_FORWARDED: 1
2025-08-18T23:00:49.9383295Z   PG_USER: postgres
2025-08-18T23:00:49.9383490Z   PG_PASSWORD: pass
2025-08-18T23:00:49.9383684Z   PG_DATABASE: awa
2025-08-18T23:00:49.9383874Z   PG_HOST: localhost
2025-08-18T23:00:49.9384064Z   PG_PORT: 5432
2025-08-18T23:00:49.9384500Z   PG_SYNC_DSN: ***localhost:5432/awa
2025-08-18T23:00:49.9384919Z   PG_ASYNC_DSN: ***localhost:5432/awa
2025-08-18T23:00:49.9385320Z   DATABASE_URL: ***localhost:5432/awa
2025-08-18T23:00:49.9385571Z   DATA_DIR: /tmp/awa-data
2025-08-18T23:00:49.9385778Z   ENABLE_LIVE: 0
2025-08-18T23:00:49.9385960Z   TESTING: 1
2025-08-18T23:00:49.9386204Z   pythonLocation: /opt/hostedtoolcache/Python/3.12.11/x64
2025-08-18T23:00:49.9386610Z   PKG_CONFIG_PATH: /opt/hostedtoolcache/Python/3.12.11/x64/lib/pkgconfig
2025-08-18T23:00:49.9387267Z   Python_ROOT_DIR: /opt/hostedtoolcache/Python/3.12.11/x64
2025-08-18T23:00:49.9387638Z   Python2_ROOT_DIR: /opt/hostedtoolcache/Python/3.12.11/x64
2025-08-18T23:00:49.9388006Z   Python3_ROOT_DIR: /opt/hostedtoolcache/Python/3.12.11/x64
2025-08-18T23:00:49.9388361Z   LD_LIBRARY_PATH: /opt/hostedtoolcache/Python/3.12.11/x64/lib
2025-08-18T23:00:49.9388662Z ##[endgroup]
2025-08-18T23:00:51.3629586Z Collecting keepa==1.3.14 (from -r services/etl/requirements.txt (line 1))
2025-08-18T23:00:51.3643929Z   Using cached keepa-1.3.14-py3-none-any.whl.metadata (10 kB)
2025-08-18T23:00:51.3913050Z Collecting minio==7.1.15 (from -r services/etl/requirements.txt (line 2))
2025-08-18T23:00:51.3925304Z   Using cached minio-7.1.15-py3-none-any.whl.metadata (4.2 kB)
2025-08-18T23:00:51.4282342Z Collecting celery==5.3.* (from -r services/etl/requirements.txt (line 3))
2025-08-18T23:00:51.4323739Z   Using cached celery-5.3.6-py3-none-any.whl.metadata (21 kB)
2025-08-18T23:00:51.5535093Z Collecting redis==5.* (from -r services/etl/requirements.txt (line 4))
2025-08-18T23:00:51.5548142Z   Using cached redis-5.3.1-py3-none-any.whl.metadata (9.2 kB)
2025-08-18T23:00:51.6098500Z Collecting python-amazon-sp-api==0.8.0 (from -r services/etl/requirements.txt (line 5))
2025-08-18T23:00:51.6110735Z   Using cached python_amazon_sp_api-0.8.0-py3-none-any.whl.metadata (3.2 kB)
2025-08-18T23:00:51.6359510Z Collecting pydantic-settings==2.2.1 (from -r services/etl/requirements.txt (line 6))
2025-08-18T23:00:51.6370945Z   Using cached pydantic_settings-2.2.1-py3-none-any.whl.metadata (3.1 kB)
2025-08-18T23:00:51.8018349Z Collecting numpy<2 (from -r services/etl/requirements.txt (line 7))
2025-08-18T23:00:51.8032058Z   Using cached numpy-1.26.4-cp312-cp312-manylinux_2_17_x86_64.manylinux2014_x86_64.whl.metadata (61 kB)
2025-08-18T23:00:51.9168751Z Collecting pandas==2.2.* (from -r services/etl/requirements.txt (line 8))
2025-08-18T23:00:51.9182746Z   Using cached pandas-2.2.3-cp312-cp312-manylinux_2_17_x86_64.manylinux2014_x86_64.whl.metadata (89 kB)
2025-08-18T23:00:51.9790050Z Collecting pandera==0.19.* (from -r services/etl/requirements.txt (line 9))
2025-08-18T23:00:51.9802176Z   Using cached pandera-0.19.3-py3-none-any.whl.metadata (15 kB)
2025-08-18T23:00:52.0027503Z Collecting openpyxl==3.1.* (from -r services/etl/requirements.txt (line 10))
2025-08-18T23:00:52.0039169Z   Using cached openpyxl-3.1.5-py2.py3-none-any.whl.metadata (2.5 kB)
2025-08-18T23:00:52.0663013Z Collecting psycopg2-binary==2.9.* (from -r services/etl/requirements.txt (line 11))
2025-08-18T23:00:52.0676608Z   Using cached psycopg2_binary-2.9.10-cp312-cp312-manylinux_2_17_x86_64.manylinux2014_x86_64.whl.metadata (4.9 kB)
2025-08-18T23:00:52.1060069Z Collecting requests>=2.2 (from keepa==1.3.14->-r services/etl/requirements.txt (line 1))
2025-08-18T23:00:52.1071901Z   Using cached requests-2.32.5-py3-none-any.whl.metadata (4.9 kB)
2025-08-18T23:00:52.1410328Z Collecting tqdm (from keepa==1.3.14->-r services/etl/requirements.txt (line 1))
2025-08-18T23:00:52.1421725Z   Using cached tqdm-4.67.1-py3-none-any.whl.metadata (57 kB)
2025-08-18T23:00:52.6339581Z Collecting aiohttp (from keepa==1.3.14->-r services/etl/requirements.txt (line 1))
2025-08-18T23:00:52.6353940Z   Using cached aiohttp-3.12.15-cp312-cp312-manylinux_2_17_x86_64.manylinux2014_x86_64.whl.metadata (7.7 kB)
2025-08-18T23:00:52.7499471Z Collecting pydantic (from keepa==1.3.14->-r services/etl/requirements.txt (line 1))
2025-08-18T23:00:52.7513270Z   Using cached pydantic-2.11.7-py3-none-any.whl.metadata (67 kB)
2025-08-18T23:00:52.7718715Z Collecting certifi (from minio==7.1.15->-r services/etl/requirements.txt (line 2))
2025-08-18T23:00:52.7731112Z   Using cached certifi-2025.8.3-py3-none-any.whl.metadata (2.4 kB)
2025-08-18T23:00:52.7984817Z Collecting urllib3 (from minio==7.1.15->-r services/etl/requirements.txt (line 2))
2025-08-18T23:00:52.7997398Z   Using cached urllib3-2.5.0-py3-none-any.whl.metadata (6.5 kB)
2025-08-18T23:00:52.8134079Z Collecting six<2,>=1.15 (from python-amazon-sp-api==0.8.0->-r services/etl/requirements.txt (line 5))
2025-08-18T23:00:52.8145903Z   Using cached six-1.17.0-py2.py3-none-any.whl.metadata (1.7 kB)
2025-08-18T23:00:53.2032316Z Collecting boto3<2,>=1.16.39 (from python-amazon-sp-api==0.8.0->-r services/etl/requirements.txt (line 5))
2025-08-18T23:00:53.2044985Z   Using cached boto3-1.40.12-py3-none-any.whl.metadata (6.7 kB)
2025-08-18T23:00:53.2342007Z Collecting cachetools~=4.2.0 (from python-amazon-sp-api==0.8.0->-r services/etl/requirements.txt (line 5))
2025-08-18T23:00:53.2353223Z   Using cached cachetools-4.2.4-py3-none-any.whl.metadata (4.8 kB)
2025-08-18T23:00:53.3128543Z Collecting pycryptodome (from python-amazon-sp-api==0.8.0->-r services/etl/requirements.txt (line 5))
2025-08-18T23:00:53.3142003Z   Using cached pycryptodome-3.23.0-cp37-abi3-manylinux_2_17_x86_64.manylinux2014_x86_64.whl.metadata (3.4 kB)
2025-08-18T23:00:53.3488272Z Collecting pytz (from python-amazon-sp-api==0.8.0->-r services/etl/requirements.txt (line 5))
2025-08-18T23:00:53.3500817Z   Using cached pytz-2025.2-py2.py3-none-any.whl.metadata (22 kB)
2025-08-18T23:00:53.3610701Z Collecting confuse~=1.4.0 (from python-amazon-sp-api==0.8.0->-r services/etl/requirements.txt (line 5))
2025-08-18T23:00:53.3622716Z   Using cached confuse-1.4.0-py2.py3-none-any.whl.metadata (3.8 kB)
2025-08-18T23:00:53.3876294Z Collecting python-dotenv>=0.21.0 (from pydantic-settings==2.2.1->-r services/etl/requirements.txt (line 6))
2025-08-18T23:00:53.3887853Z   Using cached python_dotenv-1.1.1-py3-none-any.whl.metadata (24 kB)
2025-08-18T23:00:53.4149749Z Collecting billiard<5.0,>=4.2.0 (from celery==5.3.*->-r services/etl/requirements.txt (line 3))
2025-08-18T23:00:53.4162670Z   Using cached billiard-4.2.1-py3-none-any.whl.metadata (4.4 kB)
2025-08-18T23:00:53.4254769Z Collecting click-didyoumean>=0.3.0 (from celery==5.3.*->-r services/etl/requirements.txt (line 3))
2025-08-18T23:00:53.4266252Z   Using cached click_didyoumean-0.3.1-py3-none-any.whl.metadata (3.9 kB)
2025-08-18T23:00:53.4369623Z Collecting click-plugins>=1.1.1 (from celery==5.3.*->-r services/etl/requirements.txt (line 3))
2025-08-18T23:00:53.4380841Z   Using cached click_plugins-1.1.1.2-py2.py3-none-any.whl.metadata (6.5 kB)
2025-08-18T23:00:53.4471521Z Collecting click-repl>=0.2.0 (from celery==5.3.*->-r services/etl/requirements.txt (line 3))
2025-08-18T23:00:53.4482555Z   Using cached click_repl-0.3.0-py3-none-any.whl.metadata (3.6 kB)
2025-08-18T23:00:53.4660071Z Collecting click<9.0,>=8.1.2 (from celery==5.3.*->-r services/etl/requirements.txt (line 3))
2025-08-18T23:00:53.4671502Z   Using cached click-8.2.1-py3-none-any.whl.metadata (2.5 kB)
2025-08-18T23:00:53.4938753Z Collecting kombu<6.0,>=5.3.4 (from celery==5.3.*->-r services/etl/requirements.txt (line 3))
2025-08-18T23:00:53.4949840Z   Using cached kombu-5.5.4-py3-none-any.whl.metadata (3.5 kB)
2025-08-18T23:00:53.5118150Z Collecting python-dateutil>=2.8.2 (from celery==5.3.*->-r services/etl/requirements.txt (line 3))
2025-08-18T23:00:53.5129262Z   Using cached python_dateutil-2.9.0.post0-py2.py3-none-any.whl.metadata (8.4 kB)
2025-08-18T23:00:53.5250512Z Collecting tzdata>=2022.7 (from celery==5.3.*->-r services/etl/requirements.txt (line 3))
2025-08-18T23:00:53.5261998Z   Using cached tzdata-2025.2-py2.py3-none-any.whl.metadata (1.4 kB)
2025-08-18T23:00:53.5355443Z Collecting vine<6.0,>=5.1.0 (from celery==5.3.*->-r services/etl/requirements.txt (line 3))
2025-08-18T23:00:53.5366433Z   Using cached vine-5.1.0-py3-none-any.whl.metadata (2.7 kB)
2025-08-18T23:00:53.5551842Z Collecting PyJWT>=2.9.0 (from redis==5.*->-r services/etl/requirements.txt (line 4))
2025-08-18T23:00:53.5563146Z   Using cached PyJWT-2.10.1-py3-none-any.whl.metadata (4.0 kB)
2025-08-18T23:00:53.5841213Z Collecting multimethod<=1.10.0 (from pandera==0.19.*->-r services/etl/requirements.txt (line 9))
2025-08-18T23:00:53.5852319Z   Using cached multimethod-1.10-py3-none-any.whl.metadata (8.2 kB)
2025-08-18T23:00:53.6073015Z Collecting packaging>=20.0 (from pandera==0.19.*->-r services/etl/requirements.txt (line 9))
2025-08-18T23:00:53.6084401Z   Using cached packaging-25.0-py3-none-any.whl.metadata (3.3 kB)
2025-08-18T23:00:53.6337413Z Collecting typeguard (from pandera==0.19.*->-r services/etl/requirements.txt (line 9))
2025-08-18T23:00:53.6348864Z   Using cached typeguard-4.4.4-py3-none-any.whl.metadata (3.3 kB)
2025-08-18T23:00:53.6445652Z Collecting typing-inspect>=0.6.0 (from pandera==0.19.*->-r services/etl/requirements.txt (line 9))
2025-08-18T23:00:53.6457010Z   Using cached typing_inspect-0.9.0-py3-none-any.whl.metadata (1.5 kB)
2025-08-18T23:00:53.7371735Z Collecting wrapt (from pandera==0.19.*->-r services/etl/requirements.txt (line 9))
2025-08-18T23:00:53.7385499Z   Using cached wrapt-1.17.3-cp312-cp312-manylinux1_x86_64.manylinux_2_28_x86_64.manylinux_2_5_x86_64.whl.metadata (6.4 kB)
2025-08-18T23:00:53.7500398Z Collecting et-xmlfile (from openpyxl==3.1.*->-r services/etl/requirements.txt (line 10))
2025-08-18T23:00:53.7517025Z   Using cached et_xmlfile-2.0.0-py3-none-any.whl.metadata (2.7 kB)
2025-08-18T23:00:54.1752606Z Collecting botocore<1.41.0,>=1.40.12 (from boto3<2,>=1.16.39->python-amazon-sp-api==0.8.0->-r services/etl/requirements.txt (line 5))
2025-08-18T23:00:54.1767844Z   Using cached botocore-1.40.12-py3-none-any.whl.metadata (5.7 kB)
2025-08-18T23:00:54.1894240Z Collecting jmespath<2.0.0,>=0.7.1 (from boto3<2,>=1.16.39->python-amazon-sp-api==0.8.0->-r services/etl/requirements.txt (line 5))
2025-08-18T23:00:54.1905984Z   Using cached jmespath-1.0.1-py3-none-any.whl.metadata (7.6 kB)
2025-08-18T23:00:54.2059804Z Collecting s3transfer<0.14.0,>=0.13.0 (from boto3<2,>=1.16.39->python-amazon-sp-api==0.8.0->-r services/etl/requirements.txt (line 5))
2025-08-18T23:00:54.2071378Z   Using cached s3transfer-0.13.1-py3-none-any.whl.metadata (1.7 kB)
2025-08-18T23:00:54.2575627Z Collecting pyyaml (from confuse~=1.4.0->python-amazon-sp-api==0.8.0->-r services/etl/requirements.txt (line 5))
2025-08-18T23:00:54.2590124Z   Using cached PyYAML-6.0.2-cp312-cp312-manylinux_2_17_x86_64.manylinux2014_x86_64.whl.metadata (2.1 kB)
2025-08-18T23:00:54.2799708Z Collecting amqp<6.0.0,>=5.1.1 (from kombu<6.0,>=5.3.4->celery==5.3.*->-r services/etl/requirements.txt (line 3))
2025-08-18T23:00:54.2812519Z   Using cached amqp-5.3.1-py3-none-any.whl.metadata (8.9 kB)
2025-08-18T23:00:54.5036646Z Collecting prompt-toolkit>=3.0.36 (from click-repl>=0.2.0->celery==5.3.*->-r services/etl/requirements.txt (line 3))
2025-08-18T23:00:54.5050900Z   Using cached prompt_toolkit-3.0.51-py3-none-any.whl.metadata (6.4 kB)
2025-08-18T23:00:54.5196137Z Collecting wcwidth (from prompt-toolkit>=3.0.36->click-repl>=0.2.0->celery==5.3.*->-r services/etl/requirements.txt (line 3))
2025-08-18T23:00:54.5208095Z   Using cached wcwidth-0.2.13-py2.py3-none-any.whl.metadata (14 kB)
2025-08-18T23:00:54.5322207Z Collecting annotated-types>=0.6.0 (from pydantic->keepa==1.3.14->-r services/etl/requirements.txt (line 1))
2025-08-18T23:00:54.5333785Z   Using cached annotated_types-0.7.0-py3-none-any.whl.metadata (15 kB)
2025-08-18T23:00:55.2202333Z Collecting pydantic-core==2.33.2 (from pydantic->keepa==1.3.14->-r services/etl/requirements.txt (line 1))
2025-08-18T23:00:55.2215951Z   Using cached pydantic_core-2.33.2-cp312-cp312-manylinux_2_17_x86_64.manylinux2014_x86_64.whl.metadata (6.8 kB)
2025-08-18T23:00:55.2373787Z Collecting typing-extensions>=4.12.2 (from pydantic->keepa==1.3.14->-r services/etl/requirements.txt (line 1))
2025-08-18T23:00:55.2386097Z   Using cached typing_extensions-4.14.1-py3-none-any.whl.metadata (3.0 kB)
2025-08-18T23:00:55.2475752Z Collecting typing-inspection>=0.4.0 (from pydantic->keepa==1.3.14->-r services/etl/requirements.txt (line 1))
2025-08-18T23:00:55.2488616Z   Using cached typing_inspection-0.4.1-py3-none-any.whl.metadata (2.6 kB)
2025-08-18T23:00:55.3373218Z Collecting charset_normalizer<4,>=2 (from requests>=2.2->keepa==1.3.14->-r services/etl/requirements.txt (line 1))
2025-08-18T23:00:55.3388274Z   Using cached charset_normalizer-3.4.3-cp312-cp312-manylinux2014_x86_64.manylinux_2_17_x86_64.manylinux_2_28_x86_64.whl.metadata (36 kB)
2025-08-18T23:00:55.3543260Z Collecting idna<4,>=2.5 (from requests>=2.2->keepa==1.3.14->-r services/etl/requirements.txt (line 1))
2025-08-18T23:00:55.3556417Z   Using cached idna-3.10-py3-none-any.whl.metadata (10 kB)
2025-08-18T23:00:55.3921644Z Collecting mypy-extensions>=0.3.0 (from typing-inspect>=0.6.0->pandera==0.19.*->-r services/etl/requirements.txt (line 9))
2025-08-18T23:00:55.3934293Z   Using cached mypy_extensions-1.1.0-py3-none-any.whl.metadata (1.1 kB)
2025-08-18T23:00:55.4223437Z Collecting aiohappyeyeballs>=2.5.0 (from aiohttp->keepa==1.3.14->-r services/etl/requirements.txt (line 1))
2025-08-18T23:00:55.4237141Z   Using cached aiohappyeyeballs-2.6.1-py3-none-any.whl.metadata (5.9 kB)
2025-08-18T23:00:55.4328202Z Collecting aiosignal>=1.4.0 (from aiohttp->keepa==1.3.14->-r services/etl/requirements.txt (line 1))
2025-08-18T23:00:55.4341067Z   Using cached aiosignal-1.4.0-py3-none-any.whl.metadata (3.7 kB)
2025-08-18T23:00:55.4482735Z Collecting attrs>=17.3.0 (from aiohttp->keepa==1.3.14->-r services/etl/requirements.txt (line 1))
2025-08-18T23:00:55.4496157Z   Using cached attrs-25.3.0-py3-none-any.whl.metadata (10 kB)
2025-08-18T23:00:55.5172587Z Collecting frozenlist>=1.1.1 (from aiohttp->keepa==1.3.14->-r services/etl/requirements.txt (line 1))
2025-08-18T23:00:55.5187966Z   Using cached frozenlist-1.7.0-cp312-cp312-manylinux_2_5_x86_64.manylinux1_x86_64.manylinux_2_17_x86_64.manylinux2014_x86_64.whl.metadata (18 kB)
2025-08-18T23:00:55.7410273Z Collecting multidict<7.0,>=4.5 (from aiohttp->keepa==1.3.14->-r services/etl/requirements.txt (line 1))
2025-08-18T23:00:55.7425143Z   Using cached multidict-6.6.4-cp312-cp312-manylinux2014_x86_64.manylinux_2_17_x86_64.manylinux_2_28_x86_64.whl.metadata (5.3 kB)
2025-08-18T23:00:55.7855207Z Collecting propcache>=0.2.0 (from aiohttp->keepa==1.3.14->-r services/etl/requirements.txt (line 1))
2025-08-18T23:00:55.7869308Z   Using cached propcache-0.3.2-cp312-cp312-manylinux_2_17_x86_64.manylinux2014_x86_64.whl.metadata (12 kB)
2025-08-18T23:00:56.1082964Z Collecting yarl<2.0,>=1.17.0 (from aiohttp->keepa==1.3.14->-r services/etl/requirements.txt (line 1))
2025-08-18T23:00:56.1098207Z   Using cached yarl-1.20.1-cp312-cp312-manylinux_2_17_x86_64.manylinux2014_x86_64.whl.metadata (73 kB)
2025-08-18T23:00:56.1689013Z Using cached keepa-1.3.14-py3-none-any.whl (33 kB)
2025-08-18T23:00:56.1701575Z Using cached minio-7.1.15-py3-none-any.whl (77 kB)
2025-08-18T23:00:56.1714355Z Using cached python_amazon_sp_api-0.8.0-py3-none-any.whl (93 kB)
2025-08-18T23:00:56.1727018Z Using cached pydantic_settings-2.2.1-py3-none-any.whl (13 kB)
2025-08-18T23:00:56.1739258Z Using cached celery-5.3.6-py3-none-any.whl (422 kB)
2025-08-18T23:00:56.1753659Z Using cached redis-5.3.1-py3-none-any.whl (272 kB)
2025-08-18T23:00:56.1767561Z Using cached numpy-1.26.4-cp312-cp312-manylinux_2_17_x86_64.manylinux2014_x86_64.whl (18.0 MB)
2025-08-18T23:00:56.1913581Z Using cached pandas-2.2.3-cp312-cp312-manylinux_2_17_x86_64.manylinux2014_x86_64.whl (12.7 MB)
2025-08-18T23:00:56.2017600Z Using cached pandera-0.19.3-py3-none-any.whl (251 kB)
2025-08-18T23:00:56.2031936Z Using cached openpyxl-3.1.5-py2.py3-none-any.whl (250 kB)
2025-08-18T23:00:56.2045940Z Using cached psycopg2_binary-2.9.10-cp312-cp312-manylinux_2_17_x86_64.manylinux2014_x86_64.whl (3.0 MB)
2025-08-18T23:00:56.2079433Z Using cached billiard-4.2.1-py3-none-any.whl (86 kB)
2025-08-18T23:00:56.2091757Z Using cached boto3-1.40.12-py3-none-any.whl (140 kB)
2025-08-18T23:00:56.2104126Z Using cached botocore-1.40.12-py3-none-any.whl (14.0 MB)
2025-08-18T23:00:56.2215798Z Using cached cachetools-4.2.4-py3-none-any.whl (10 kB)
2025-08-18T23:00:56.2227508Z Using cached click-8.2.1-py3-none-any.whl (102 kB)
2025-08-18T23:00:56.2240022Z Using cached confuse-1.4.0-py2.py3-none-any.whl (21 kB)
2025-08-18T23:00:56.2251532Z Using cached jmespath-1.0.1-py3-none-any.whl (20 kB)
2025-08-18T23:00:56.2262984Z Using cached kombu-5.5.4-py3-none-any.whl (210 kB)
2025-08-18T23:00:56.2275476Z Using cached vine-5.1.0-py3-none-any.whl (9.6 kB)
2025-08-18T23:00:56.2286643Z Using cached amqp-5.3.1-py3-none-any.whl (50 kB)
2025-08-18T23:00:56.2298204Z Using cached multimethod-1.10-py3-none-any.whl (9.9 kB)
2025-08-18T23:00:56.2309612Z Using cached python_dateutil-2.9.0.post0-py2.py3-none-any.whl (229 kB)
2025-08-18T23:00:56.2322435Z Using cached s3transfer-0.13.1-py3-none-any.whl (85 kB)
2025-08-18T23:00:56.2334010Z Using cached six-1.17.0-py2.py3-none-any.whl (11 kB)
2025-08-18T23:00:56.2345140Z Using cached urllib3-2.5.0-py3-none-any.whl (129 kB)
2025-08-18T23:00:56.2357295Z Using cached click_didyoumean-0.3.1-py3-none-any.whl (3.6 kB)
2025-08-18T23:00:56.2368422Z Using cached click_plugins-1.1.1.2-py2.py3-none-any.whl (11 kB)
2025-08-18T23:00:56.2379514Z Using cached click_repl-0.3.0-py3-none-any.whl (10 kB)
2025-08-18T23:00:56.2390613Z Using cached packaging-25.0-py3-none-any.whl (66 kB)
2025-08-18T23:00:56.2402400Z Using cached prompt_toolkit-3.0.51-py3-none-any.whl (387 kB)
2025-08-18T23:00:56.2416316Z Using cached pydantic-2.11.7-py3-none-any.whl (444 kB)
2025-08-18T23:00:56.2431608Z Using cached pydantic_core-2.33.2-cp312-cp312-manylinux_2_17_x86_64.manylinux2014_x86_64.whl (2.0 MB)
2025-08-18T23:00:56.2457264Z Using cached annotated_types-0.7.0-py3-none-any.whl (13 kB)
2025-08-18T23:00:56.2469142Z Using cached PyJWT-2.10.1-py3-none-any.whl (22 kB)
2025-08-18T23:00:56.2480658Z Using cached python_dotenv-1.1.1-py3-none-any.whl (20 kB)
2025-08-18T23:00:56.2492075Z Using cached pytz-2025.2-py2.py3-none-any.whl (509 kB)
2025-08-18T23:00:56.2506673Z Using cached requests-2.32.5-py3-none-any.whl (64 kB)
2025-08-18T23:00:56.2519615Z Using cached charset_normalizer-3.4.3-cp312-cp312-manylinux2014_x86_64.manylinux_2_17_x86_64.manylinux_2_28_x86_64.whl (151 kB)
2025-08-18T23:00:56.2531557Z Using cached idna-3.10-py3-none-any.whl (70 kB)
2025-08-18T23:00:56.2543245Z Using cached certifi-2025.8.3-py3-none-any.whl (161 kB)
2025-08-18T23:00:56.2555483Z Using cached typing_extensions-4.14.1-py3-none-any.whl (43 kB)
2025-08-18T23:00:56.2566954Z Using cached typing_inspect-0.9.0-py3-none-any.whl (8.8 kB)
2025-08-18T23:00:56.2578266Z Using cached mypy_extensions-1.1.0-py3-none-any.whl (5.0 kB)
2025-08-18T23:00:56.2589852Z Using cached typing_inspection-0.4.1-py3-none-any.whl (14 kB)
2025-08-18T23:00:56.2601174Z Using cached tzdata-2025.2-py2.py3-none-any.whl (347 kB)
2025-08-18T23:00:56.2615217Z Using cached aiohttp-3.12.15-cp312-cp312-manylinux_2_17_x86_64.manylinux2014_x86_64.whl (1.7 MB)
2025-08-18T23:00:56.2640072Z Using cached multidict-6.6.4-cp312-cp312-manylinux2014_x86_64.manylinux_2_17_x86_64.manylinux_2_28_x86_64.whl (256 kB)
2025-08-18T23:00:56.2652958Z Using cached yarl-1.20.1-cp312-cp312-manylinux_2_17_x86_64.manylinux2014_x86_64.whl (355 kB)
2025-08-18T23:00:56.2666707Z Using cached aiohappyeyeballs-2.6.1-py3-none-any.whl (15 kB)
2025-08-18T23:00:56.2678408Z Using cached aiosignal-1.4.0-py3-none-any.whl (7.5 kB)
2025-08-18T23:00:56.2689734Z Using cached attrs-25.3.0-py3-none-any.whl (63 kB)
2025-08-18T23:00:56.2702007Z Using cached frozenlist-1.7.0-cp312-cp312-manylinux_2_5_x86_64.manylinux1_x86_64.manylinux_2_17_x86_64.manylinux2014_x86_64.whl (241 kB)
2025-08-18T23:00:56.2715101Z Using cached propcache-0.3.2-cp312-cp312-manylinux_2_17_x86_64.manylinux2014_x86_64.whl (224 kB)
2025-08-18T23:00:56.2727400Z Using cached et_xmlfile-2.0.0-py3-none-any.whl (18 kB)
2025-08-18T23:00:56.2739337Z Using cached pycryptodome-3.23.0-cp37-abi3-manylinux_2_17_x86_64.manylinux2014_x86_64.whl (2.3 MB)
2025-08-18T23:00:56.2767257Z Using cached PyYAML-6.0.2-cp312-cp312-manylinux_2_17_x86_64.manylinux2014_x86_64.whl (767 kB)
2025-08-18T23:00:56.2784407Z Using cached tqdm-4.67.1-py3-none-any.whl (78 kB)
2025-08-18T23:00:56.2795834Z Using cached typeguard-4.4.4-py3-none-any.whl (34 kB)
2025-08-18T23:00:56.2807428Z Using cached wcwidth-0.2.13-py2.py3-none-any.whl (34 kB)
2025-08-18T23:00:56.2819368Z Using cached wrapt-1.17.3-cp312-cp312-manylinux1_x86_64.manylinux_2_28_x86_64.manylinux_2_5_x86_64.whl (88 kB)
2025-08-18T23:00:56.5433768Z Installing collected packages: wcwidth, pytz, wrapt, vine, urllib3, tzdata, typing-extensions, tqdm, six, pyyaml, python-dotenv, PyJWT, pycryptodome, psycopg2-binary, propcache, prompt-toolkit, packaging, numpy, mypy-extensions, multimethod, multidict, jmespath, idna, frozenlist, et-xmlfile, click, charset_normalizer, certifi, cachetools, billiard, attrs, annotated-types, aiohappyeyeballs, yarl, typing-inspection, typing-inspect, typeguard, requests, redis, python-dateutil, pydantic-core, openpyxl, minio, confuse, click-repl, click-plugins, click-didyoumean, amqp, aiosignal, pydantic, pandas, kombu, botocore, aiohttp, s3transfer, pydantic-settings, pandera, keepa, celery, boto3, python-amazon-sp-api
2025-08-18T23:01:08.2317108Z 
2025-08-18T23:01:08.2378665Z Successfully installed PyJWT-2.10.1 aiohappyeyeballs-2.6.1 aiohttp-3.12.15 aiosignal-1.4.0 amqp-5.3.1 annotated-types-0.7.0 attrs-25.3.0 billiard-4.2.1 boto3-1.40.12 botocore-1.40.12 cachetools-4.2.4 celery-5.3.6 certifi-2025.8.3 charset_normalizer-3.4.3 click-8.2.1 click-didyoumean-0.3.1 click-plugins-1.1.1.2 click-repl-0.3.0 confuse-1.4.0 et-xmlfile-2.0.0 frozenlist-1.7.0 idna-3.10 jmespath-1.0.1 keepa-1.3.14 kombu-5.5.4 minio-7.1.15 multidict-6.6.4 multimethod-1.10 mypy-extensions-1.1.0 numpy-1.26.4 openpyxl-3.1.5 packaging-25.0 pandas-2.2.3 pandera-0.19.3 prompt-toolkit-3.0.51 propcache-0.3.2 psycopg2-binary-2.9.10 pycryptodome-3.23.0 pydantic-2.11.7 pydantic-core-2.33.2 pydantic-settings-2.2.1 python-amazon-sp-api-0.8.0 python-dateutil-2.9.0.post0 python-dotenv-1.1.1 pytz-2025.2 pyyaml-6.0.2 redis-5.3.1 requests-2.32.5 s3transfer-0.13.1 six-1.17.0 tqdm-4.67.1 typeguard-4.4.4 typing-extensions-4.14.1 typing-inspect-0.9.0 typing-inspection-0.4.1 tzdata-2025.2 urllib3-2.5.0 vine-5.1.0 wcwidth-0.2.13 wrapt-1.17.3 yarl-1.20.1
2025-08-18T23:01:09.7167781Z Collecting uvicorn==0.29.0 (from -r services/api/requirements.txt (line 1))
2025-08-18T23:01:09.7182071Z   Using cached uvicorn-0.29.0-py3-none-any.whl.metadata (6.3 kB)
2025-08-18T23:01:09.7219112Z Requirement already satisfied: pydantic-settings==2.2.1 in /opt/hostedtoolcache/Python/3.12.11/x64/lib/python3.12/site-packages (from -r services/api/requirements.txt (line 2)) (2.2.1)
2025-08-18T23:01:09.7596272Z Collecting fastapi==0.111.0 (from -r services/api/requirements.txt (line 3))
2025-08-18T23:01:09.7609795Z   Using cached fastapi-0.111.0-py3-none-any.whl.metadata (25 kB)
2025-08-18T23:01:10.0291739Z Collecting sqlalchemy==2.0.29 (from -r services/api/requirements.txt (line 4))
2025-08-18T23:01:10.0305352Z   Using cached SQLAlchemy-2.0.29-cp312-cp312-manylinux_2_17_x86_64.manylinux2014_x86_64.whl.metadata (9.6 kB)
2025-08-18T23:01:10.0576716Z Collecting alembic==1.13.1 (from -r services/api/requirements.txt (line 5))
2025-08-18T23:01:10.0589342Z   Using cached alembic-1.13.1-py3-none-any.whl.metadata (7.4 kB)
2025-08-18T23:01:10.0752982Z Collecting psycopg==3.2.9 (from psycopg[binary]==3.2.9->-r services/api/requirements.txt (line 6))
2025-08-18T23:01:10.0764865Z   Using cached psycopg-3.2.9-py3-none-any.whl.metadata (4.5 kB)
2025-08-18T23:01:10.0977828Z Collecting httpx==0.27.2 (from -r services/api/requirements.txt (line 7))
2025-08-18T23:01:10.0989500Z   Using cached httpx-0.27.2-py3-none-any.whl.metadata (7.1 kB)
2025-08-18T23:01:10.1387243Z Collecting asyncpg==0.29.0 (from -r services/api/requirements.txt (line 8))
2025-08-18T23:01:10.1400292Z   Using cached asyncpg-0.29.0-cp312-cp312-manylinux_2_17_x86_64.manylinux2014_x86_64.whl.metadata (4.4 kB)
2025-08-18T23:01:10.4091442Z Collecting boto3==1.34.162 (from -r services/api/requirements.txt (line 9))
2025-08-18T23:01:10.4104726Z   Using cached boto3-1.34.162-py3-none-any.whl.metadata (6.6 kB)
2025-08-18T23:01:10.4246093Z Collecting Jinja2==3.1.5 (from -r services/api/requirements.txt (line 10))
2025-08-18T23:01:10.4257645Z   Using cached jinja2-3.1.5-py3-none-any.whl.metadata (2.6 kB)
2025-08-18T23:01:10.4277024Z Requirement already satisfied: celery==5.3.* in /opt/hostedtoolcache/Python/3.12.11/x64/lib/python3.12/site-packages (from -r services/api/requirements.txt (line 11)) (5.3.6)
2025-08-18T23:01:10.4390832Z Collecting structlog==24.1.0 (from -r services/api/requirements.txt (line 12))
2025-08-18T23:01:10.4402356Z   Using cached structlog-24.1.0-py3-none-any.whl.metadata (6.9 kB)
2025-08-18T23:01:10.4547607Z Collecting asgi-correlation-id==4.3.1 (from -r services/api/requirements.txt (line 13))
2025-08-18T23:01:10.4559148Z   Using cached asgi_correlation_id-4.3.1-py3-none-any.whl.metadata (28 kB)
2025-08-18T23:01:10.4728756Z Collecting fastapi-limiter==0.1.6 (from -r services/api/requirements.txt (line 14))
2025-08-18T23:01:10.4740102Z   Using cached fastapi_limiter-0.1.6-py3-none-any.whl.metadata (5.3 kB)
2025-08-18T23:01:10.5176016Z Collecting redis==5.0.8 (from -r services/api/requirements.txt (line 15))
2025-08-18T23:01:10.5189272Z   Using cached redis-5.0.8-py3-none-any.whl.metadata (9.2 kB)
2025-08-18T23:01:10.5678219Z Collecting sentry-sdk==2.9.0 (from sentry-sdk[celery,fastapi,sqlalchemy]==2.9.0->-r services/api/requirements.txt (line 16))
2025-08-18T23:01:10.5690997Z   Using cached sentry_sdk-2.9.0-py2.py3-none-any.whl.metadata (14 kB)
2025-08-18T23:01:10.5974593Z Requirement already satisfied: click>=7.0 in /opt/hostedtoolcache/Python/3.12.11/x64/lib/python3.12/site-packages (from uvicorn==0.29.0->-r services/api/requirements.txt (line 1)) (8.2.1)
2025-08-18T23:01:10.6074083Z Collecting h11>=0.8 (from uvicorn==0.29.0->-r services/api/requirements.txt (line 1))
2025-08-18T23:01:10.6085972Z   Using cached h11-0.16.0-py3-none-any.whl.metadata (8.3 kB)
2025-08-18T23:01:10.6115254Z Requirement already satisfied: pydantic>=2.3.0 in /opt/hostedtoolcache/Python/3.12.11/x64/lib/python3.12/site-packages (from pydantic-settings==2.2.1->-r services/api/requirements.txt (line 2)) (2.11.7)
2025-08-18T23:01:10.6120931Z Requirement already satisfied: python-dotenv>=0.21.0 in /opt/hostedtoolcache/Python/3.12.11/x64/lib/python3.12/site-packages (from pydantic-settings==2.2.1->-r services/api/requirements.txt (line 2)) (1.1.1)
2025-08-18T23:01:10.6408818Z Collecting starlette<0.38.0,>=0.37.2 (from fastapi==0.111.0->-r services/api/requirements.txt (line 3))
2025-08-18T23:01:10.6420287Z   Using cached starlette-0.37.2-py3-none-any.whl.metadata (5.9 kB)
2025-08-18T23:01:10.6450488Z Requirement already satisfied: typing-extensions>=4.8.0 in /opt/hostedtoolcache/Python/3.12.11/x64/lib/python3.12/site-packages (from fastapi==0.111.0->-r services/api/requirements.txt (line 3)) (4.14.1)
2025-08-18T23:01:10.6530031Z Collecting fastapi-cli>=0.0.2 (from fastapi==0.111.0->-r services/api/requirements.txt (line 3))
2025-08-18T23:01:10.6541515Z   Using cached fastapi_cli-0.0.8-py3-none-any.whl.metadata (6.3 kB)
2025-08-18T23:01:10.6720906Z Collecting python-multipart>=0.0.7 (from fastapi==0.111.0->-r services/api/requirements.txt (line 3))
2025-08-18T23:01:10.6732152Z   Using cached python_multipart-0.0.20-py3-none-any.whl.metadata (1.8 kB)
2025-08-18T23:01:10.7283543Z Collecting ujson!=4.0.2,!=4.1.0,!=4.2.0,!=4.3.0,!=5.0.0,!=5.1.0,>=4.0.1 (from fastapi==0.111.0->-r services/api/requirements.txt (line 3))
2025-08-18T23:01:10.7297100Z   Using cached ujson-5.10.0-cp312-cp312-manylinux_2_17_x86_64.manylinux2014_x86_64.whl.metadata (9.3 kB)
2025-08-18T23:01:10.9581922Z Collecting orjson>=3.2.1 (from fastapi==0.111.0->-r services/api/requirements.txt (line 3))
2025-08-18T23:01:10.9595540Z   Using cached orjson-3.11.2-cp312-cp312-manylinux_2_17_x86_64.manylinux2014_x86_64.whl.metadata (1.2 kB)
2025-08-18T23:01:10.9709427Z Collecting email_validator>=2.0.0 (from fastapi==0.111.0->-r services/api/requirements.txt (line 3))
2025-08-18T23:01:10.9720951Z   Using cached email_validator-2.2.0-py3-none-any.whl.metadata (25 kB)
2025-08-18T23:01:11.0986484Z Collecting greenlet!=0.4.17 (from sqlalchemy==2.0.29->-r services/api/requirements.txt (line 4))
2025-08-18T23:01:11.0999980Z   Using cached greenlet-3.2.4-cp312-cp312-manylinux_2_24_x86_64.manylinux_2_28_x86_64.whl.metadata (4.1 kB)
2025-08-18T23:01:11.1296595Z Collecting Mako (from alembic==1.13.1->-r services/api/requirements.txt (line 5))
2025-08-18T23:01:11.1308785Z   Using cached mako-1.3.10-py3-none-any.whl.metadata (2.9 kB)
2025-08-18T23:01:11.1508916Z Collecting anyio (from httpx==0.27.2->-r services/api/requirements.txt (line 7))
2025-08-18T23:01:11.1521143Z   Using cached anyio-4.10.0-py3-none-any.whl.metadata (4.0 kB)
2025-08-18T23:01:11.1544775Z Requirement already satisfied: certifi in /opt/hostedtoolcache/Python/3.12.11/x64/lib/python3.12/site-packages (from httpx==0.27.2->-r services/api/requirements.txt (line 7)) (2025.8.3)
2025-08-18T23:01:11.1723581Z Collecting httpcore==1.* (from httpx==0.27.2->-r services/api/requirements.txt (line 7))
2025-08-18T23:01:11.1735138Z   Using cached httpcore-1.0.9-py3-none-any.whl.metadata (21 kB)
2025-08-18T23:01:11.1768344Z Requirement already satisfied: idna in /opt/hostedtoolcache/Python/3.12.11/x64/lib/python3.12/site-packages (from httpx==0.27.2->-r services/api/requirements.txt (line 7)) (3.10)
2025-08-18T23:01:11.1887609Z Collecting sniffio (from httpx==0.27.2->-r services/api/requirements.txt (line 7))
2025-08-18T23:01:11.1899366Z   Using cached sniffio-1.3.1-py3-none-any.whl.metadata (3.9 kB)
2025-08-18T23:01:11.5817830Z Collecting botocore<1.35.0,>=1.34.162 (from boto3==1.34.162->-r services/api/requirements.txt (line 9))
2025-08-18T23:01:11.5831081Z   Using cached botocore-1.34.162-py3-none-any.whl.metadata (5.7 kB)
2025-08-18T23:01:11.5858723Z Requirement already satisfied: jmespath<2.0.0,>=0.7.1 in /opt/hostedtoolcache/Python/3.12.11/x64/lib/python3.12/site-packages (from boto3==1.34.162->-r services/api/requirements.txt (line 9)) (1.0.1)
2025-08-18T23:01:11.6019457Z Collecting s3transfer<0.11.0,>=0.10.0 (from boto3==1.34.162->-r services/api/requirements.txt (line 9))
2025-08-18T23:01:11.6031344Z   Using cached s3transfer-0.10.4-py3-none-any.whl.metadata (1.7 kB)
2025-08-18T23:01:11.6493992Z Collecting MarkupSafe>=2.0 (from Jinja2==3.1.5->-r services/api/requirements.txt (line 10))
2025-08-18T23:01:11.6507414Z   Using cached MarkupSafe-3.0.2-cp312-cp312-manylinux_2_17_x86_64.manylinux2014_x86_64.whl.metadata (4.0 kB)
2025-08-18T23:01:11.6742101Z Requirement already satisfied: urllib3>=1.26.11 in /opt/hostedtoolcache/Python/3.12.11/x64/lib/python3.12/site-packages (from sentry-sdk==2.9.0->sentry-sdk[celery,fastapi,sqlalchemy]==2.9.0->-r services/api/requirements.txt (line 16)) (2.5.0)
2025-08-18T23:01:11.8098482Z Collecting psycopg-binary==3.2.9 (from psycopg[binary]==3.2.9->-r services/api/requirements.txt (line 6))
2025-08-18T23:01:11.8111943Z   Using cached psycopg_binary-3.2.9-cp312-cp312-manylinux_2_17_x86_64.manylinux2014_x86_64.whl.metadata (2.9 kB)
2025-08-18T23:01:11.8515127Z Requirement already satisfied: billiard<5.0,>=4.2.0 in /opt/hostedtoolcache/Python/3.12.11/x64/lib/python3.12/site-packages (from celery==5.3.*->-r services/api/requirements.txt (line 11)) (4.2.1)
2025-08-18T23:01:11.8521817Z Requirement already satisfied: click-didyoumean>=0.3.0 in /opt/hostedtoolcache/Python/3.12.11/x64/lib/python3.12/site-packages (from celery==5.3.*->-r services/api/requirements.txt (line 11)) (0.3.1)
2025-08-18T23:01:11.8528341Z Requirement already satisfied: click-plugins>=1.1.1 in /opt/hostedtoolcache/Python/3.12.11/x64/lib/python3.12/site-packages (from celery==5.3.*->-r services/api/requirements.txt (line 11)) (1.1.1.2)
2025-08-18T23:01:11.8535549Z Requirement already satisfied: click-repl>=0.2.0 in /opt/hostedtoolcache/Python/3.12.11/x64/lib/python3.12/site-packages (from celery==5.3.*->-r services/api/requirements.txt (line 11)) (0.3.0)
2025-08-18T23:01:11.8546107Z Requirement already satisfied: kombu<6.0,>=5.3.4 in /opt/hostedtoolcache/Python/3.12.11/x64/lib/python3.12/site-packages (from celery==5.3.*->-r services/api/requirements.txt (line 11)) (5.5.4)
2025-08-18T23:01:11.8553003Z Requirement already satisfied: python-dateutil>=2.8.2 in /opt/hostedtoolcache/Python/3.12.11/x64/lib/python3.12/site-packages (from celery==5.3.*->-r services/api/requirements.txt (line 11)) (2.9.0.post0)
2025-08-18T23:01:11.8559672Z Requirement already satisfied: tzdata>=2022.7 in /opt/hostedtoolcache/Python/3.12.11/x64/lib/python3.12/site-packages (from celery==5.3.*->-r services/api/requirements.txt (line 11)) (2025.2)
2025-08-18T23:01:11.8567074Z Requirement already satisfied: vine<6.0,>=5.1.0 in /opt/hostedtoolcache/Python/3.12.11/x64/lib/python3.12/site-packages (from celery==5.3.*->-r services/api/requirements.txt (line 11)) (5.1.0)
2025-08-18T23:01:11.8698085Z Requirement already satisfied: amqp<6.0.0,>=5.1.1 in /opt/hostedtoolcache/Python/3.12.11/x64/lib/python3.12/site-packages (from kombu<6.0,>=5.3.4->celery==5.3.*->-r services/api/requirements.txt (line 11)) (5.3.1)
2025-08-18T23:01:11.8709629Z Requirement already satisfied: packaging in /opt/hostedtoolcache/Python/3.12.11/x64/lib/python3.12/site-packages (from kombu<6.0,>=5.3.4->celery==5.3.*->-r services/api/requirements.txt (line 11)) (25.0)
2025-08-18T23:01:11.8775440Z Requirement already satisfied: annotated-types>=0.6.0 in /opt/hostedtoolcache/Python/3.12.11/x64/lib/python3.12/site-packages (from pydantic>=2.3.0->pydantic-settings==2.2.1->-r services/api/requirements.txt (line 2)) (0.7.0)
2025-08-18T23:01:11.8781587Z Requirement already satisfied: pydantic-core==2.33.2 in /opt/hostedtoolcache/Python/3.12.11/x64/lib/python3.12/site-packages (from pydantic>=2.3.0->pydantic-settings==2.2.1->-r services/api/requirements.txt (line 2)) (2.33.2)
2025-08-18T23:01:11.8791965Z Requirement already satisfied: typing-inspection>=0.4.0 in /opt/hostedtoolcache/Python/3.12.11/x64/lib/python3.12/site-packages (from pydantic>=2.3.0->pydantic-settings==2.2.1->-r services/api/requirements.txt (line 2)) (0.4.1)
2025-08-18T23:01:11.8826654Z Requirement already satisfied: six>=1.5 in /opt/hostedtoolcache/Python/3.12.11/x64/lib/python3.12/site-packages (from python-dateutil>=2.8.2->celery==5.3.*->-r services/api/requirements.txt (line 11)) (1.17.0)
2025-08-18T23:01:12.0241203Z Requirement already satisfied: prompt-toolkit>=3.0.36 in /opt/hostedtoolcache/Python/3.12.11/x64/lib/python3.12/site-packages (from click-repl>=0.2.0->celery==5.3.*->-r services/api/requirements.txt (line 11)) (3.0.51)
2025-08-18T23:01:12.0361444Z Collecting dnspython>=2.0.0 (from email_validator>=2.0.0->fastapi==0.111.0->-r services/api/requirements.txt (line 3))
2025-08-18T23:01:12.0372952Z   Using cached dnspython-2.7.0-py3-none-any.whl.metadata (5.8 kB)
2025-08-18T23:01:12.0605002Z Collecting typer>=0.15.1 (from fastapi-cli>=0.0.2->fastapi==0.111.0->-r services/api/requirements.txt (line 3))
2025-08-18T23:01:12.0616263Z   Using cached typer-0.16.1-py3-none-any.whl.metadata (15 kB)
2025-08-18T23:01:12.0870044Z Collecting rich-toolkit>=0.14.8 (from fastapi-cli>=0.0.2->fastapi==0.111.0->-r services/api/requirements.txt (line 3))
2025-08-18T23:01:12.0880750Z   Using cached rich_toolkit-0.15.0-py3-none-any.whl.metadata (1.0 kB)
2025-08-18T23:01:12.0975132Z Requirement already satisfied: wcwidth in /opt/hostedtoolcache/Python/3.12.11/x64/lib/python3.12/site-packages (from prompt-toolkit>=3.0.36->click-repl>=0.2.0->celery==5.3.*->-r services/api/requirements.txt (line 11)) (0.2.13)
2025-08-18T23:01:12.1358865Z Collecting rich>=13.7.1 (from rich-toolkit>=0.14.8->fastapi-cli>=0.0.2->fastapi==0.111.0->-r services/api/requirements.txt (line 3))
2025-08-18T23:01:12.1371126Z   Using cached rich-14.1.0-py3-none-any.whl.metadata (18 kB)
2025-08-18T23:01:12.1535856Z Collecting markdown-it-py>=2.2.0 (from rich>=13.7.1->rich-toolkit>=0.14.8->fastapi-cli>=0.0.2->fastapi==0.111.0->-r services/api/requirements.txt (line 3))
2025-08-18T23:01:12.1547730Z   Using cached markdown_it_py-4.0.0-py3-none-any.whl.metadata (7.3 kB)
2025-08-18T23:01:12.1773773Z Collecting pygments<3.0.0,>=2.13.0 (from rich>=13.7.1->rich-toolkit>=0.14.8->fastapi-cli>=0.0.2->fastapi==0.111.0->-r services/api/requirements.txt (line 3))
2025-08-18T23:01:12.1785676Z   Using cached pygments-2.19.2-py3-none-any.whl.metadata (2.5 kB)
2025-08-18T23:01:12.1905244Z Collecting mdurl~=0.1 (from markdown-it-py>=2.2.0->rich>=13.7.1->rich-toolkit>=0.14.8->fastapi-cli>=0.0.2->fastapi==0.111.0->-r services/api/requirements.txt (line 3))
2025-08-18T23:01:12.1916714Z   Using cached mdurl-0.1.2-py3-none-any.whl.metadata (1.6 kB)
2025-08-18T23:01:12.2097480Z Collecting shellingham>=1.3.0 (from typer>=0.15.1->fastapi-cli>=0.0.2->fastapi==0.111.0->-r services/api/requirements.txt (line 3))
2025-08-18T23:01:12.2109504Z   Using cached shellingham-1.5.4-py2.py3-none-any.whl.metadata (3.5 kB)
2025-08-18T23:01:12.2558871Z Collecting httptools>=0.5.0 (from uvicorn[standard]>=0.12.0->fastapi==0.111.0->-r services/api/requirements.txt (line 3))
2025-08-18T23:01:12.2572162Z   Using cached httptools-0.6.4-cp312-cp312-manylinux_2_5_x86_64.manylinux1_x86_64.manylinux_2_17_x86_64.manylinux2014_x86_64.whl.metadata (3.6 kB)
2025-08-18T23:01:12.2598360Z Requirement already satisfied: pyyaml>=5.1 in /opt/hostedtoolcache/Python/3.12.11/x64/lib/python3.12/site-packages (from uvicorn[standard]>=0.12.0->fastapi==0.111.0->-r services/api/requirements.txt (line 3)) (6.0.2)
2025-08-18T23:01:12.3438206Z Collecting uvloop!=0.15.0,!=0.15.1,>=0.14.0 (from uvicorn[standard]>=0.12.0->fastapi==0.111.0->-r services/api/requirements.txt (line 3))
2025-08-18T23:01:12.3451716Z   Using cached uvloop-0.21.0-cp312-cp312-manylinux_2_17_x86_64.manylinux2014_x86_64.whl.metadata (4.9 kB)
2025-08-18T23:01:12.4139863Z Collecting watchfiles>=0.13 (from uvicorn[standard]>=0.12.0->fastapi==0.111.0->-r services/api/requirements.txt (line 3))
2025-08-18T23:01:12.4154226Z   Using cached watchfiles-1.1.0-cp312-cp312-manylinux_2_17_x86_64.manylinux2014_x86_64.whl.metadata (4.9 kB)
2025-08-18T23:01:12.5008262Z Collecting websockets>=10.4 (from uvicorn[standard]>=0.12.0->fastapi==0.111.0->-r services/api/requirements.txt (line 3))
2025-08-18T23:01:12.5022554Z   Using cached websockets-15.0.1-cp312-cp312-manylinux_2_5_x86_64.manylinux1_x86_64.manylinux_2_17_x86_64.manylinux2014_x86_64.whl.metadata (6.8 kB)
2025-08-18T23:01:12.5299237Z Using cached uvicorn-0.29.0-py3-none-any.whl (60 kB)
2025-08-18T23:01:12.5310611Z Using cached fastapi-0.111.0-py3-none-any.whl (91 kB)
2025-08-18T23:01:12.5322735Z Using cached SQLAlchemy-2.0.29-cp312-cp312-manylinux_2_17_x86_64.manylinux2014_x86_64.whl (3.2 MB)
2025-08-18T23:01:12.5358253Z Using cached alembic-1.13.1-py3-none-any.whl (233 kB)
2025-08-18T23:01:12.5370916Z Using cached psycopg-3.2.9-py3-none-any.whl (202 kB)
2025-08-18T23:01:12.5383489Z Using cached httpx-0.27.2-py3-none-any.whl (76 kB)
2025-08-18T23:01:12.5395205Z Using cached asyncpg-0.29.0-cp312-cp312-manylinux_2_17_x86_64.manylinux2014_x86_64.whl (3.3 MB)
2025-08-18T23:01:12.5430486Z Using cached boto3-1.34.162-py3-none-any.whl (139 kB)
2025-08-18T23:01:12.5442436Z Using cached jinja2-3.1.5-py3-none-any.whl (134 kB)
2025-08-18T23:01:12.5454280Z Using cached structlog-24.1.0-py3-none-any.whl (65 kB)
2025-08-18T23:01:12.5465719Z Using cached asgi_correlation_id-4.3.1-py3-none-any.whl (15 kB)
2025-08-18T23:01:12.5477045Z Using cached fastapi_limiter-0.1.6-py3-none-any.whl (15 kB)
2025-08-18T23:01:12.5488063Z Using cached redis-5.0.8-py3-none-any.whl (255 kB)
2025-08-18T23:01:12.5500830Z Using cached sentry_sdk-2.9.0-py2.py3-none-any.whl (301 kB)
2025-08-18T23:01:12.5514310Z Using cached psycopg_binary-3.2.9-cp312-cp312-manylinux_2_17_x86_64.manylinux2014_x86_64.whl (4.4 MB)
2025-08-18T23:01:12.5558512Z Using cached botocore-1.34.162-py3-none-any.whl (12.5 MB)
2025-08-18T23:01:12.5659229Z Using cached httpcore-1.0.9-py3-none-any.whl (78 kB)
2025-08-18T23:01:12.5670960Z Using cached s3transfer-0.10.4-py3-none-any.whl (83 kB)
2025-08-18T23:01:12.5682651Z Using cached starlette-0.37.2-py3-none-any.whl (71 kB)
2025-08-18T23:01:12.5694101Z Using cached anyio-4.10.0-py3-none-any.whl (107 kB)
2025-08-18T23:01:12.5705951Z Using cached email_validator-2.2.0-py3-none-any.whl (33 kB)
2025-08-18T23:01:12.5717414Z Using cached dnspython-2.7.0-py3-none-any.whl (313 kB)
2025-08-18T23:01:12.5730850Z Using cached fastapi_cli-0.0.8-py3-none-any.whl (10 kB)
2025-08-18T23:01:12.5742614Z Using cached greenlet-3.2.4-cp312-cp312-manylinux_2_24_x86_64.manylinux_2_28_x86_64.whl (607 kB)
2025-08-18T23:01:12.5758898Z Using cached h11-0.16.0-py3-none-any.whl (37 kB)
2025-08-18T23:01:12.5770768Z Using cached MarkupSafe-3.0.2-cp312-cp312-manylinux_2_17_x86_64.manylinux2014_x86_64.whl (23 kB)
2025-08-18T23:01:12.5782321Z Using cached orjson-3.11.2-cp312-cp312-manylinux_2_17_x86_64.manylinux2014_x86_64.whl (121 kB)
2025-08-18T23:01:12.5794096Z Using cached python_multipart-0.0.20-py3-none-any.whl (24 kB)
2025-08-18T23:01:12.5805170Z Using cached rich_toolkit-0.15.0-py3-none-any.whl (29 kB)
2025-08-18T23:01:12.5816484Z Using cached rich-14.1.0-py3-none-any.whl (243 kB)
2025-08-18T23:01:12.5829557Z Using cached pygments-2.19.2-py3-none-any.whl (1.2 MB)
2025-08-18T23:01:12.5849543Z Using cached markdown_it_py-4.0.0-py3-none-any.whl (87 kB)
2025-08-18T23:01:12.5861359Z Using cached mdurl-0.1.2-py3-none-any.whl (10.0 kB)
2025-08-18T23:01:12.5872537Z Using cached sniffio-1.3.1-py3-none-any.whl (10 kB)
2025-08-18T23:01:12.5883688Z Using cached typer-0.16.1-py3-none-any.whl (46 kB)
2025-08-18T23:01:12.5894966Z Using cached shellingham-1.5.4-py2.py3-none-any.whl (9.8 kB)
2025-08-18T23:01:12.5906989Z Using cached ujson-5.10.0-cp312-cp312-manylinux_2_17_x86_64.manylinux2014_x86_64.whl (53 kB)
2025-08-18T23:01:12.5918199Z Using cached httptools-0.6.4-cp312-cp312-manylinux_2_5_x86_64.manylinux1_x86_64.manylinux_2_17_x86_64.manylinux2014_x86_64.whl (510 kB)
2025-08-18T23:01:12.5932399Z Using cached uvloop-0.21.0-cp312-cp312-manylinux_2_17_x86_64.manylinux2014_x86_64.whl (4.7 MB)
2025-08-18T23:01:12.5976732Z Using cached watchfiles-1.1.0-cp312-cp312-manylinux_2_17_x86_64.manylinux2014_x86_64.whl (452 kB)
2025-08-18T23:01:12.5991209Z Using cached websockets-15.0.1-cp312-cp312-manylinux_2_5_x86_64.manylinux1_x86_64.manylinux_2_17_x86_64.manylinux2014_x86_64.whl (182 kB)
2025-08-18T23:01:12.6003750Z Using cached mako-1.3.10-py3-none-any.whl (78 kB)
2025-08-18T23:01:12.8036204Z Installing collected packages: websockets, uvloop, ujson, structlog, sniffio, shellingham, sentry-sdk, redis, python-multipart, pygments, psycopg-binary, psycopg, orjson, mdurl, MarkupSafe, httptools, h11, greenlet, dnspython, asyncpg, uvicorn, sqlalchemy, markdown-it-py, Mako, Jinja2, httpcore, email_validator, botocore, anyio, watchfiles, starlette, s3transfer, rich, httpx, alembic, typer, rich-toolkit, boto3, asgi-correlation-id, fastapi-cli, fastapi, fastapi-limiter
2025-08-18T23:01:13.2541084Z   Attempting uninstall: redis
2025-08-18T23:01:13.2572398Z     Found existing installation: redis 5.3.1
2025-08-18T23:01:13.2651218Z     Uninstalling redis-5.3.1:
2025-08-18T23:01:13.2668568Z       Successfully uninstalled redis-5.3.1
2025-08-18T23:01:16.3654143Z   Attempting uninstall: botocore
2025-08-18T23:01:16.3698356Z     Found existing installation: botocore 1.40.12
2025-08-18T23:01:16.4323061Z     Uninstalling botocore-1.40.12:
2025-08-18T23:01:16.4573296Z       Successfully uninstalled botocore-1.40.12
2025-08-18T23:01:17.2317043Z   Attempting uninstall: s3transfer
2025-08-18T23:01:17.2362715Z     Found existing installation: s3transfer 0.13.1
2025-08-18T23:01:17.2389143Z     Uninstalling s3transfer-0.13.1:
2025-08-18T23:01:17.2397258Z       Successfully uninstalled s3transfer-0.13.1
2025-08-18T23:01:17.7640427Z   Attempting uninstall: boto3
2025-08-18T23:01:17.7671518Z     Found existing installation: boto3 1.40.12
2025-08-18T23:01:17.7732728Z     Uninstalling boto3-1.40.12:
2025-08-18T23:01:17.7751442Z       Successfully uninstalled boto3-1.40.12
2025-08-18T23:01:17.9392353Z 
2025-08-18T23:01:17.9479110Z Successfully installed Jinja2-3.1.5 Mako-1.3.10 MarkupSafe-3.0.2 alembic-1.13.1 anyio-4.10.0 asgi-correlation-id-4.3.1 asyncpg-0.29.0 boto3-1.34.162 botocore-1.34.162 dnspython-2.7.0 email_validator-2.2.0 fastapi-0.111.0 fastapi-cli-0.0.8 fastapi-limiter-0.1.6 greenlet-3.2.4 h11-0.16.0 httpcore-1.0.9 httptools-0.6.4 httpx-0.27.2 markdown-it-py-4.0.0 mdurl-0.1.2 orjson-3.11.2 psycopg-3.2.9 psycopg-binary-3.2.9 pygments-2.19.2 python-multipart-0.0.20 redis-5.0.8 rich-14.1.0 rich-toolkit-0.15.0 s3transfer-0.10.4 sentry-sdk-2.9.0 shellingham-1.5.4 sniffio-1.3.1 sqlalchemy-2.0.29 starlette-0.37.2 structlog-24.1.0 typer-0.16.1 ujson-5.10.0 uvicorn-0.29.0 uvloop-0.21.0 watchfiles-1.1.0 websockets-15.0.1
2025-08-18T23:01:18.9753956Z Requirement already satisfied: uvicorn==0.29.0 in /opt/hostedtoolcache/Python/3.12.11/x64/lib/python3.12/site-packages (from -r services/repricer/requirements.txt (line 1)) (0.29.0)
2025-08-18T23:01:18.9760109Z Requirement already satisfied: pydantic-settings==2.2.1 in /opt/hostedtoolcache/Python/3.12.11/x64/lib/python3.12/site-packages (from -r services/repricer/requirements.txt (line 2)) (2.2.1)
2025-08-18T23:01:18.9764538Z Requirement already satisfied: python-amazon-sp-api==0.8.0 in /opt/hostedtoolcache/Python/3.12.11/x64/lib/python3.12/site-packages (from -r services/repricer/requirements.txt (line 3)) (0.8.0)
2025-08-18T23:01:18.9768419Z Requirement already satisfied: fastapi==0.111.0 in /opt/hostedtoolcache/Python/3.12.11/x64/lib/python3.12/site-packages (from -r services/repricer/requirements.txt (line 4)) (0.111.0)
2025-08-18T23:01:18.9772369Z Requirement already satisfied: sqlalchemy==2.0.29 in /opt/hostedtoolcache/Python/3.12.11/x64/lib/python3.12/site-packages (from -r services/repricer/requirements.txt (line 5)) (2.0.29)
2025-08-18T23:01:18.9783399Z Requirement already satisfied: click>=7.0 in /opt/hostedtoolcache/Python/3.12.11/x64/lib/python3.12/site-packages (from uvicorn==0.29.0->-r services/repricer/requirements.txt (line 1)) (8.2.1)
2025-08-18T23:01:18.9789329Z Requirement already satisfied: h11>=0.8 in /opt/hostedtoolcache/Python/3.12.11/x64/lib/python3.12/site-packages (from uvicorn==0.29.0->-r services/repricer/requirements.txt (line 1)) (0.16.0)
2025-08-18T23:01:18.9811719Z Requirement already satisfied: pydantic>=2.3.0 in /opt/hostedtoolcache/Python/3.12.11/x64/lib/python3.12/site-packages (from pydantic-settings==2.2.1->-r services/repricer/requirements.txt (line 2)) (2.11.7)
2025-08-18T23:01:18.9817243Z Requirement already satisfied: python-dotenv>=0.21.0 in /opt/hostedtoolcache/Python/3.12.11/x64/lib/python3.12/site-packages (from pydantic-settings==2.2.1->-r services/repricer/requirements.txt (line 2)) (1.1.1)
2025-08-18T23:01:18.9828227Z Requirement already satisfied: requests in /opt/hostedtoolcache/Python/3.12.11/x64/lib/python3.12/site-packages (from python-amazon-sp-api==0.8.0->-r services/repricer/requirements.txt (line 3)) (2.32.5)
2025-08-18T23:01:18.9834985Z Requirement already satisfied: six<2,>=1.15 in /opt/hostedtoolcache/Python/3.12.11/x64/lib/python3.12/site-packages (from python-amazon-sp-api==0.8.0->-r services/repricer/requirements.txt (line 3)) (1.17.0)
2025-08-18T23:01:18.9842158Z Requirement already satisfied: boto3<2,>=1.16.39 in /opt/hostedtoolcache/Python/3.12.11/x64/lib/python3.12/site-packages (from python-amazon-sp-api==0.8.0->-r services/repricer/requirements.txt (line 3)) (1.34.162)
2025-08-18T23:01:18.9848390Z Requirement already satisfied: cachetools~=4.2.0 in /opt/hostedtoolcache/Python/3.12.11/x64/lib/python3.12/site-packages (from python-amazon-sp-api==0.8.0->-r services/repricer/requirements.txt (line 3)) (4.2.4)
2025-08-18T23:01:18.9852473Z Requirement already satisfied: pycryptodome in /opt/hostedtoolcache/Python/3.12.11/x64/lib/python3.12/site-packages (from python-amazon-sp-api==0.8.0->-r services/repricer/requirements.txt (line 3)) (3.23.0)
2025-08-18T23:01:18.9856230Z Requirement already satisfied: pytz in /opt/hostedtoolcache/Python/3.12.11/x64/lib/python3.12/site-packages (from python-amazon-sp-api==0.8.0->-r services/repricer/requirements.txt (line 3)) (2025.2)
2025-08-18T23:01:18.9862365Z Requirement already satisfied: confuse~=1.4.0 in /opt/hostedtoolcache/Python/3.12.11/x64/lib/python3.12/site-packages (from python-amazon-sp-api==0.8.0->-r services/repricer/requirements.txt (line 3)) (1.4.0)
2025-08-18T23:01:18.9877738Z Requirement already satisfied: starlette<0.38.0,>=0.37.2 in /opt/hostedtoolcache/Python/3.12.11/x64/lib/python3.12/site-packages (from fastapi==0.111.0->-r services/repricer/requirements.txt (line 4)) (0.37.2)
2025-08-18T23:01:18.9887619Z Requirement already satisfied: typing-extensions>=4.8.0 in /opt/hostedtoolcache/Python/3.12.11/x64/lib/python3.12/site-packages (from fastapi==0.111.0->-r services/repricer/requirements.txt (line 4)) (4.14.1)
2025-08-18T23:01:18.9892585Z Requirement already satisfied: fastapi-cli>=0.0.2 in /opt/hostedtoolcache/Python/3.12.11/x64/lib/python3.12/site-packages (from fastapi==0.111.0->-r services/repricer/requirements.txt (line 4)) (0.0.8)
2025-08-18T23:01:18.9897500Z Requirement already satisfied: httpx>=0.23.0 in /opt/hostedtoolcache/Python/3.12.11/x64/lib/python3.12/site-packages (from fastapi==0.111.0->-r services/repricer/requirements.txt (line 4)) (0.27.2)
2025-08-18T23:01:18.9902982Z Requirement already satisfied: jinja2>=2.11.2 in /opt/hostedtoolcache/Python/3.12.11/x64/lib/python3.12/site-packages (from fastapi==0.111.0->-r services/repricer/requirements.txt (line 4)) (3.1.5)
2025-08-18T23:01:18.9907872Z Requirement already satisfied: python-multipart>=0.0.7 in /opt/hostedtoolcache/Python/3.12.11/x64/lib/python3.12/site-packages (from fastapi==0.111.0->-r services/repricer/requirements.txt (line 4)) (0.0.20)
2025-08-18T23:01:18.9915754Z Requirement already satisfied: ujson!=4.0.2,!=4.1.0,!=4.2.0,!=4.3.0,!=5.0.0,!=5.1.0,>=4.0.1 in /opt/hostedtoolcache/Python/3.12.11/x64/lib/python3.12/site-packages (from fastapi==0.111.0->-r services/repricer/requirements.txt (line 4)) (5.10.0)
2025-08-18T23:01:18.9920695Z Requirement already satisfied: orjson>=3.2.1 in /opt/hostedtoolcache/Python/3.12.11/x64/lib/python3.12/site-packages (from fastapi==0.111.0->-r services/repricer/requirements.txt (line 4)) (3.11.2)
2025-08-18T23:01:18.9925493Z Requirement already satisfied: email_validator>=2.0.0 in /opt/hostedtoolcache/Python/3.12.11/x64/lib/python3.12/site-packages (from fastapi==0.111.0->-r services/repricer/requirements.txt (line 4)) (2.2.0)
2025-08-18T23:01:18.9971956Z Requirement already satisfied: greenlet!=0.4.17 in /opt/hostedtoolcache/Python/3.12.11/x64/lib/python3.12/site-packages (from sqlalchemy==2.0.29->-r services/repricer/requirements.txt (line 5)) (3.2.4)
2025-08-18T23:01:19.0016516Z Requirement already satisfied: botocore<1.35.0,>=1.34.162 in /opt/hostedtoolcache/Python/3.12.11/x64/lib/python3.12/site-packages (from boto3<2,>=1.16.39->python-amazon-sp-api==0.8.0->-r services/repricer/requirements.txt (line 3)) (1.34.162)
2025-08-18T23:01:19.0023299Z Requirement already satisfied: jmespath<2.0.0,>=0.7.1 in /opt/hostedtoolcache/Python/3.12.11/x64/lib/python3.12/site-packages (from boto3<2,>=1.16.39->python-amazon-sp-api==0.8.0->-r services/repricer/requirements.txt (line 3)) (1.0.1)
2025-08-18T23:01:19.0030229Z Requirement already satisfied: s3transfer<0.11.0,>=0.10.0 in /opt/hostedtoolcache/Python/3.12.11/x64/lib/python3.12/site-packages (from boto3<2,>=1.16.39->python-amazon-sp-api==0.8.0->-r services/repricer/requirements.txt (line 3)) (0.10.4)
2025-08-18T23:01:19.0047382Z Requirement already satisfied: python-dateutil<3.0.0,>=2.1 in /opt/hostedtoolcache/Python/3.12.11/x64/lib/python3.12/site-packages (from botocore<1.35.0,>=1.34.162->boto3<2,>=1.16.39->python-amazon-sp-api==0.8.0->-r services/repricer/requirements.txt (line 3)) (2.9.0.post0)
2025-08-18T23:01:19.0061008Z Requirement already satisfied: urllib3!=2.2.0,<3,>=1.25.4 in /opt/hostedtoolcache/Python/3.12.11/x64/lib/python3.12/site-packages (from botocore<1.35.0,>=1.34.162->boto3<2,>=1.16.39->python-amazon-sp-api==0.8.0->-r services/repricer/requirements.txt (line 3)) (2.5.0)
2025-08-18T23:01:19.0080736Z Requirement already satisfied: pyyaml in /opt/hostedtoolcache/Python/3.12.11/x64/lib/python3.12/site-packages (from confuse~=1.4.0->python-amazon-sp-api==0.8.0->-r services/repricer/requirements.txt (line 3)) (6.0.2)
2025-08-18T23:01:19.0114406Z Requirement already satisfied: annotated-types>=0.6.0 in /opt/hostedtoolcache/Python/3.12.11/x64/lib/python3.12/site-packages (from pydantic>=2.3.0->pydantic-settings==2.2.1->-r services/repricer/requirements.txt (line 2)) (0.7.0)
2025-08-18T23:01:19.0120620Z Requirement already satisfied: pydantic-core==2.33.2 in /opt/hostedtoolcache/Python/3.12.11/x64/lib/python3.12/site-packages (from pydantic>=2.3.0->pydantic-settings==2.2.1->-r services/repricer/requirements.txt (line 2)) (2.33.2)
2025-08-18T23:01:19.0128653Z Requirement already satisfied: typing-inspection>=0.4.0 in /opt/hostedtoolcache/Python/3.12.11/x64/lib/python3.12/site-packages (from pydantic>=2.3.0->pydantic-settings==2.2.1->-r services/repricer/requirements.txt (line 2)) (0.4.1)
2025-08-18T23:01:19.0190485Z Requirement already satisfied: anyio<5,>=3.4.0 in /opt/hostedtoolcache/Python/3.12.11/x64/lib/python3.12/site-packages (from starlette<0.38.0,>=0.37.2->fastapi==0.111.0->-r services/repricer/requirements.txt (line 4)) (4.10.0)
2025-08-18T23:01:19.0211635Z Requirement already satisfied: idna>=2.8 in /opt/hostedtoolcache/Python/3.12.11/x64/lib/python3.12/site-packages (from anyio<5,>=3.4.0->starlette<0.38.0,>=0.37.2->fastapi==0.111.0->-r services/repricer/requirements.txt (line 4)) (3.10)
2025-08-18T23:01:19.0218014Z Requirement already satisfied: sniffio>=1.1 in /opt/hostedtoolcache/Python/3.12.11/x64/lib/python3.12/site-packages (from anyio<5,>=3.4.0->starlette<0.38.0,>=0.37.2->fastapi==0.111.0->-r services/repricer/requirements.txt (line 4)) (1.3.1)
2025-08-18T23:01:19.0275435Z Requirement already satisfied: dnspython>=2.0.0 in /opt/hostedtoolcache/Python/3.12.11/x64/lib/python3.12/site-packages (from email_validator>=2.0.0->fastapi==0.111.0->-r services/repricer/requirements.txt (line 4)) (2.7.0)
2025-08-18T23:01:19.0324813Z Requirement already satisfied: typer>=0.15.1 in /opt/hostedtoolcache/Python/3.12.11/x64/lib/python3.12/site-packages (from fastapi-cli>=0.0.2->fastapi==0.111.0->-r services/repricer/requirements.txt (line 4)) (0.16.1)
2025-08-18T23:01:19.0336602Z Requirement already satisfied: rich-toolkit>=0.14.8 in /opt/hostedtoolcache/Python/3.12.11/x64/lib/python3.12/site-packages (from fastapi-cli>=0.0.2->fastapi==0.111.0->-r services/repricer/requirements.txt (line 4)) (0.15.0)
2025-08-18T23:01:19.0378985Z Requirement already satisfied: certifi in /opt/hostedtoolcache/Python/3.12.11/x64/lib/python3.12/site-packages (from httpx>=0.23.0->fastapi==0.111.0->-r services/repricer/requirements.txt (line 4)) (2025.8.3)
2025-08-18T23:01:19.0385147Z Requirement already satisfied: httpcore==1.* in /opt/hostedtoolcache/Python/3.12.11/x64/lib/python3.12/site-packages (from httpx>=0.23.0->fastapi==0.111.0->-r services/repricer/requirements.txt (line 4)) (1.0.9)
2025-08-18T23:01:19.0443193Z Requirement already satisfied: MarkupSafe>=2.0 in /opt/hostedtoolcache/Python/3.12.11/x64/lib/python3.12/site-packages (from jinja2>=2.11.2->fastapi==0.111.0->-r services/repricer/requirements.txt (line 4)) (3.0.2)
2025-08-18T23:01:19.0501685Z Requirement already satisfied: rich>=13.7.1 in /opt/hostedtoolcache/Python/3.12.11/x64/lib/python3.12/site-packages (from rich-toolkit>=0.14.8->fastapi-cli>=0.0.2->fastapi==0.111.0->-r services/repricer/requirements.txt (line 4)) (14.1.0)
2025-08-18T23:01:19.0525304Z Requirement already satisfied: markdown-it-py>=2.2.0 in /opt/hostedtoolcache/Python/3.12.11/x64/lib/python3.12/site-packages (from rich>=13.7.1->rich-toolkit>=0.14.8->fastapi-cli>=0.0.2->fastapi==0.111.0->-r services/repricer/requirements.txt (line 4)) (4.0.0)
2025-08-18T23:01:19.0534633Z Requirement already satisfied: pygments<3.0.0,>=2.13.0 in /opt/hostedtoolcache/Python/3.12.11/x64/lib/python3.12/site-packages (from rich>=13.7.1->rich-toolkit>=0.14.8->fastapi-cli>=0.0.2->fastapi==0.111.0->-r services/repricer/requirements.txt (line 4)) (2.19.2)
2025-08-18T23:01:19.0562562Z Requirement already satisfied: mdurl~=0.1 in /opt/hostedtoolcache/Python/3.12.11/x64/lib/python3.12/site-packages (from markdown-it-py>=2.2.0->rich>=13.7.1->rich-toolkit>=0.14.8->fastapi-cli>=0.0.2->fastapi==0.111.0->-r services/repricer/requirements.txt (line 4)) (0.1.2)
2025-08-18T23:01:19.0626441Z Requirement already satisfied: shellingham>=1.3.0 in /opt/hostedtoolcache/Python/3.12.11/x64/lib/python3.12/site-packages (from typer>=0.15.1->fastapi-cli>=0.0.2->fastapi==0.111.0->-r services/repricer/requirements.txt (line 4)) (1.5.4)
2025-08-18T23:01:19.0698172Z Requirement already satisfied: httptools>=0.5.0 in /opt/hostedtoolcache/Python/3.12.11/x64/lib/python3.12/site-packages (from uvicorn[standard]>=0.12.0->fastapi==0.111.0->-r services/repricer/requirements.txt (line 4)) (0.6.4)
2025-08-18T23:01:19.0713924Z Requirement already satisfied: uvloop!=0.15.0,!=0.15.1,>=0.14.0 in /opt/hostedtoolcache/Python/3.12.11/x64/lib/python3.12/site-packages (from uvicorn[standard]>=0.12.0->fastapi==0.111.0->-r services/repricer/requirements.txt (line 4)) (0.21.0)
2025-08-18T23:01:19.0721680Z Requirement already satisfied: watchfiles>=0.13 in /opt/hostedtoolcache/Python/3.12.11/x64/lib/python3.12/site-packages (from uvicorn[standard]>=0.12.0->fastapi==0.111.0->-r services/repricer/requirements.txt (line 4)) (1.1.0)
2025-08-18T23:01:19.0728518Z Requirement already satisfied: websockets>=10.4 in /opt/hostedtoolcache/Python/3.12.11/x64/lib/python3.12/site-packages (from uvicorn[standard]>=0.12.0->fastapi==0.111.0->-r services/repricer/requirements.txt (line 4)) (15.0.1)
2025-08-18T23:01:19.0857942Z Requirement already satisfied: charset_normalizer<4,>=2 in /opt/hostedtoolcache/Python/3.12.11/x64/lib/python3.12/site-packages (from requests->python-amazon-sp-api==0.8.0->-r services/repricer/requirements.txt (line 3)) (3.4.3)
2025-08-18T23:01:19.7015085Z Collecting celery==5.4.* (from celery[redis]==5.4.*->-r services/fees_h10/requirements.txt (line 1))
2025-08-18T23:01:19.7029445Z   Using cached celery-5.4.0-py3-none-any.whl.metadata (21 kB)
2025-08-18T23:01:19.7239981Z Requirement already satisfied: asyncpg in /opt/hostedtoolcache/Python/3.12.11/x64/lib/python3.12/site-packages (from -r services/fees_h10/requirements.txt (line 2)) (0.29.0)
2025-08-18T23:01:19.7243731Z Requirement already satisfied: httpx in /opt/hostedtoolcache/Python/3.12.11/x64/lib/python3.12/site-packages (from -r services/fees_h10/requirements.txt (line 3)) (0.27.2)
2025-08-18T23:01:19.7247395Z Requirement already satisfied: sqlalchemy in /opt/hostedtoolcache/Python/3.12.11/x64/lib/python3.12/site-packages (from -r services/fees_h10/requirements.txt (line 4)) (2.0.29)
2025-08-18T23:01:19.7259750Z Requirement already satisfied: billiard<5.0,>=4.2.0 in /opt/hostedtoolcache/Python/3.12.11/x64/lib/python3.12/site-packages (from celery==5.4.*->celery[redis]==5.4.*->-r services/fees_h10/requirements.txt (line 1)) (4.2.1)
2025-08-18T23:01:19.7265547Z Requirement already satisfied: kombu<6.0,>=5.3.4 in /opt/hostedtoolcache/Python/3.12.11/x64/lib/python3.12/site-packages (from celery==5.4.*->celery[redis]==5.4.*->-r services/fees_h10/requirements.txt (line 1)) (5.5.4)
2025-08-18T23:01:19.7271042Z Requirement already satisfied: vine<6.0,>=5.1.0 in /opt/hostedtoolcache/Python/3.12.11/x64/lib/python3.12/site-packages (from celery==5.4.*->celery[redis]==5.4.*->-r services/fees_h10/requirements.txt (line 1)) (5.1.0)
2025-08-18T23:01:19.7276481Z Requirement already satisfied: click<9.0,>=8.1.2 in /opt/hostedtoolcache/Python/3.12.11/x64/lib/python3.12/site-packages (from celery==5.4.*->celery[redis]==5.4.*->-r services/fees_h10/requirements.txt (line 1)) (8.2.1)
2025-08-18T23:01:19.7281803Z Requirement already satisfied: click-didyoumean>=0.3.0 in /opt/hostedtoolcache/Python/3.12.11/x64/lib/python3.12/site-packages (from celery==5.4.*->celery[redis]==5.4.*->-r services/fees_h10/requirements.txt (line 1)) (0.3.1)
2025-08-18T23:01:19.7286967Z Requirement already satisfied: click-repl>=0.2.0 in /opt/hostedtoolcache/Python/3.12.11/x64/lib/python3.12/site-packages (from celery==5.4.*->celery[redis]==5.4.*->-r services/fees_h10/requirements.txt (line 1)) (0.3.0)
2025-08-18T23:01:19.7292095Z Requirement already satisfied: click-plugins>=1.1.1 in /opt/hostedtoolcache/Python/3.12.11/x64/lib/python3.12/site-packages (from celery==5.4.*->celery[redis]==5.4.*->-r services/fees_h10/requirements.txt (line 1)) (1.1.1.2)
2025-08-18T23:01:19.7297167Z Requirement already satisfied: tzdata>=2022.7 in /opt/hostedtoolcache/Python/3.12.11/x64/lib/python3.12/site-packages (from celery==5.4.*->celery[redis]==5.4.*->-r services/fees_h10/requirements.txt (line 1)) (2025.2)
2025-08-18T23:01:19.7302325Z Requirement already satisfied: python-dateutil>=2.8.2 in /opt/hostedtoolcache/Python/3.12.11/x64/lib/python3.12/site-packages (from celery==5.4.*->celery[redis]==5.4.*->-r services/fees_h10/requirements.txt (line 1)) (2.9.0.post0)
2025-08-18T23:01:19.7341558Z Requirement already satisfied: redis!=4.5.5,<6.0.0,>=4.5.2 in /opt/hostedtoolcache/Python/3.12.11/x64/lib/python3.12/site-packages (from celery[redis]==5.4.*->-r services/fees_h10/requirements.txt (line 1)) (5.0.8)
2025-08-18T23:01:19.7362867Z Requirement already satisfied: amqp<6.0.0,>=5.1.1 in /opt/hostedtoolcache/Python/3.12.11/x64/lib/python3.12/site-packages (from kombu<6.0,>=5.3.4->celery==5.4.*->celery[redis]==5.4.*->-r services/fees_h10/requirements.txt (line 1)) (5.3.1)
2025-08-18T23:01:19.7373752Z Requirement already satisfied: packaging in /opt/hostedtoolcache/Python/3.12.11/x64/lib/python3.12/site-packages (from kombu<6.0,>=5.3.4->celery==5.4.*->celery[redis]==5.4.*->-r services/fees_h10/requirements.txt (line 1)) (25.0)
2025-08-18T23:01:19.7457145Z Requirement already satisfied: anyio in /opt/hostedtoolcache/Python/3.12.11/x64/lib/python3.12/site-packages (from httpx->-r services/fees_h10/requirements.txt (line 3)) (4.10.0)
2025-08-18T23:01:19.7461104Z Requirement already satisfied: certifi in /opt/hostedtoolcache/Python/3.12.11/x64/lib/python3.12/site-packages (from httpx->-r services/fees_h10/requirements.txt (line 3)) (2025.8.3)
2025-08-18T23:01:19.7466179Z Requirement already satisfied: httpcore==1.* in /opt/hostedtoolcache/Python/3.12.11/x64/lib/python3.12/site-packages (from httpx->-r services/fees_h10/requirements.txt (line 3)) (1.0.9)
2025-08-18T23:01:19.7470202Z Requirement already satisfied: idna in /opt/hostedtoolcache/Python/3.12.11/x64/lib/python3.12/site-packages (from httpx->-r services/fees_h10/requirements.txt (line 3)) (3.10)
2025-08-18T23:01:19.7474081Z Requirement already satisfied: sniffio in /opt/hostedtoolcache/Python/3.12.11/x64/lib/python3.12/site-packages (from httpx->-r services/fees_h10/requirements.txt (line 3)) (1.3.1)
2025-08-18T23:01:19.7497961Z Requirement already satisfied: h11>=0.16 in /opt/hostedtoolcache/Python/3.12.11/x64/lib/python3.12/site-packages (from httpcore==1.*->httpx->-r services/fees_h10/requirements.txt (line 3)) (0.16.0)
2025-08-18T23:01:19.7516514Z Requirement already satisfied: typing-extensions>=4.6.0 in /opt/hostedtoolcache/Python/3.12.11/x64/lib/python3.12/site-packages (from sqlalchemy->-r services/fees_h10/requirements.txt (line 4)) (4.14.1)
2025-08-18T23:01:19.7530246Z Requirement already satisfied: greenlet!=0.4.17 in /opt/hostedtoolcache/Python/3.12.11/x64/lib/python3.12/site-packages (from sqlalchemy->-r services/fees_h10/requirements.txt (line 4)) (3.2.4)
2025-08-18T23:01:19.7601244Z Requirement already satisfied: prompt-toolkit>=3.0.36 in /opt/hostedtoolcache/Python/3.12.11/x64/lib/python3.12/site-packages (from click-repl>=0.2.0->celery==5.4.*->celery[redis]==5.4.*->-r services/fees_h10/requirements.txt (line 1)) (3.0.51)
2025-08-18T23:01:19.7637603Z Requirement already satisfied: wcwidth in /opt/hostedtoolcache/Python/3.12.11/x64/lib/python3.12/site-packages (from prompt-toolkit>=3.0.36->click-repl>=0.2.0->celery==5.4.*->celery[redis]==5.4.*->-r services/fees_h10/requirements.txt (line 1)) (0.2.13)
2025-08-18T23:01:19.7651384Z Requirement already satisfied: six>=1.5 in /opt/hostedtoolcache/Python/3.12.11/x64/lib/python3.12/site-packages (from python-dateutil>=2.8.2->celery==5.4.*->celery[redis]==5.4.*->-r services/fees_h10/requirements.txt (line 1)) (1.17.0)
2025-08-18T23:01:19.7767155Z Using cached celery-5.4.0-py3-none-any.whl (425 kB)
2025-08-18T23:01:19.9090131Z Installing collected packages: celery
2025-08-18T23:01:19.9091162Z   Attempting uninstall: celery
2025-08-18T23:01:19.9136235Z     Found existing installation: celery 5.3.6
2025-08-18T23:01:19.9283662Z     Uninstalling celery-5.3.6:
2025-08-18T23:01:19.9311640Z       Successfully uninstalled celery-5.3.6
2025-08-18T23:01:20.2597317Z Successfully installed celery-5.4.0
2025-08-18T23:01:20.7692013Z Collecting python-telegram-bot==20.8 (from -r services/alert_bot/requirements.txt (line 1))
2025-08-18T23:01:20.7706528Z   Using cached python_telegram_bot-20.8-py3-none-any.whl.metadata (15 kB)
2025-08-18T23:01:20.7909759Z Collecting APScheduler==3.10.4 (from -r services/alert_bot/requirements.txt (line 2))
2025-08-18T23:01:20.7921917Z   Using cached APScheduler-3.10.4-py3-none-any.whl.metadata (5.7 kB)
2025-08-18T23:01:20.7966085Z Requirement already satisfied: asyncpg in /opt/hostedtoolcache/Python/3.12.11/x64/lib/python3.12/site-packages (from -r services/alert_bot/requirements.txt (line 3)) (0.29.0)
2025-08-18T23:01:20.8134551Z Collecting httpx~=0.26.0 (from python-telegram-bot==20.8->-r services/alert_bot/requirements.txt (line 1))
2025-08-18T23:01:20.8146427Z   Using cached httpx-0.26.0-py3-none-any.whl.metadata (7.6 kB)
2025-08-18T23:01:20.8186334Z Requirement already satisfied: six>=1.4.0 in /opt/hostedtoolcache/Python/3.12.11/x64/lib/python3.12/site-packages (from APScheduler==3.10.4->-r services/alert_bot/requirements.txt (line 2)) (1.17.0)
2025-08-18T23:01:20.8190996Z Requirement already satisfied: pytz in /opt/hostedtoolcache/Python/3.12.11/x64/lib/python3.12/site-packages (from APScheduler==3.10.4->-r services/alert_bot/requirements.txt (line 2)) (2025.2)
2025-08-18T23:01:20.8323495Z Collecting tzlocal!=3.*,>=2.0 (from APScheduler==3.10.4->-r services/alert_bot/requirements.txt (line 2))
2025-08-18T23:01:20.8334793Z   Using cached tzlocal-5.3.1-py3-none-any.whl.metadata (7.6 kB)
2025-08-18T23:01:20.8366115Z Requirement already satisfied: anyio in /opt/hostedtoolcache/Python/3.12.11/x64/lib/python3.12/site-packages (from httpx~=0.26.0->python-telegram-bot==20.8->-r services/alert_bot/requirements.txt (line 1)) (4.10.0)
2025-08-18T23:01:20.8370595Z Requirement already satisfied: certifi in /opt/hostedtoolcache/Python/3.12.11/x64/lib/python3.12/site-packages (from httpx~=0.26.0->python-telegram-bot==20.8->-r services/alert_bot/requirements.txt (line 1)) (2025.8.3)
2025-08-18T23:01:20.8376307Z Requirement already satisfied: httpcore==1.* in /opt/hostedtoolcache/Python/3.12.11/x64/lib/python3.12/site-packages (from httpx~=0.26.0->python-telegram-bot==20.8->-r services/alert_bot/requirements.txt (line 1)) (1.0.9)
2025-08-18T23:01:20.8380948Z Requirement already satisfied: idna in /opt/hostedtoolcache/Python/3.12.11/x64/lib/python3.12/site-packages (from httpx~=0.26.0->python-telegram-bot==20.8->-r services/alert_bot/requirements.txt (line 1)) (3.10)
2025-08-18T23:01:20.8385121Z Requirement already satisfied: sniffio in /opt/hostedtoolcache/Python/3.12.11/x64/lib/python3.12/site-packages (from httpx~=0.26.0->python-telegram-bot==20.8->-r services/alert_bot/requirements.txt (line 1)) (1.3.1)
2025-08-18T23:01:20.8401027Z Requirement already satisfied: h11>=0.16 in /opt/hostedtoolcache/Python/3.12.11/x64/lib/python3.12/site-packages (from httpcore==1.*->httpx~=0.26.0->python-telegram-bot==20.8->-r services/alert_bot/requirements.txt (line 1)) (0.16.0)
2025-08-18T23:01:20.8453510Z Requirement already satisfied: typing_extensions>=4.5 in /opt/hostedtoolcache/Python/3.12.11/x64/lib/python3.12/site-packages (from anyio->httpx~=0.26.0->python-telegram-bot==20.8->-r services/alert_bot/requirements.txt (line 1)) (4.14.1)
2025-08-18T23:01:20.8505340Z Using cached python_telegram_bot-20.8-py3-none-any.whl (604 kB)
2025-08-18T23:01:20.8522084Z Using cached APScheduler-3.10.4-py3-none-any.whl (59 kB)
2025-08-18T23:01:20.8533304Z Using cached httpx-0.26.0-py3-none-any.whl (75 kB)
2025-08-18T23:01:20.8544989Z Using cached tzlocal-5.3.1-py3-none-any.whl (18 kB)
2025-08-18T23:01:21.0059308Z Installing collected packages: tzlocal, httpx, APScheduler, python-telegram-bot
2025-08-18T23:01:21.0207358Z   Attempting uninstall: httpx
2025-08-18T23:01:21.0239739Z     Found existing installation: httpx 0.27.2
2025-08-18T23:01:21.0279283Z     Uninstalling httpx-0.27.2:
2025-08-18T23:01:21.0292750Z       Successfully uninstalled httpx-0.27.2
2025-08-18T23:01:21.4594258Z 
2025-08-18T23:01:21.4674931Z Successfully installed APScheduler-3.10.4 httpx-0.26.0 python-telegram-bot-20.8 tzlocal-5.3.1
2025-08-18T23:01:21.9729260Z Collecting Jinja2==3.1.6 (from -r requirements-dev.txt (line 2))
2025-08-18T23:01:21.9742270Z   Using cached jinja2-3.1.6-py3-none-any.whl.metadata (2.9 kB)
2025-08-18T23:01:21.9764452Z Requirement already satisfied: alembic==1.13.1 in /opt/hostedtoolcache/Python/3.12.11/x64/lib/python3.12/site-packages (from -r requirements-dev.txt (line 3)) (1.13.1)
2025-08-18T23:01:21.9768815Z Requirement already satisfied: apscheduler==3.10.4 in /opt/hostedtoolcache/Python/3.12.11/x64/lib/python3.12/site-packages (from -r requirements-dev.txt (line 4)) (3.10.4)
2025-08-18T23:01:21.9772776Z Requirement already satisfied: asgi-correlation-id==4.3.1 in /opt/hostedtoolcache/Python/3.12.11/x64/lib/python3.12/site-packages (from -r requirements-dev.txt (line 5)) (4.3.1)
2025-08-18T23:01:22.0149314Z Collecting asyncpg==0.30.0 (from -r requirements-dev.txt (line 6))
2025-08-18T23:01:22.0162814Z   Using cached asyncpg-0.30.0-cp312-cp312-manylinux_2_17_x86_64.manylinux2014_x86_64.whl.metadata (5.0 kB)
2025-08-18T23:01:22.0622191Z Collecting black==25.1.0 (from -r requirements-dev.txt (line 7))
2025-08-18T23:01:22.0635260Z   Using cached black-25.1.0-cp312-cp312-manylinux_2_17_x86_64.manylinux2014_x86_64.manylinux_2_28_x86_64.whl.metadata (81 kB)
2025-08-18T23:01:22.0717375Z Requirement already satisfied: boto3 in /opt/hostedtoolcache/Python/3.12.11/x64/lib/python3.12/site-packages (from -r requirements-dev.txt (line 8)) (1.34.162)
2025-08-18T23:01:22.0722502Z Requirement already satisfied: redis==5.* in /opt/hostedtoolcache/Python/3.12.11/x64/lib/python3.12/site-packages (from -r requirements-dev.txt (line 9)) (5.0.8)
2025-08-18T23:01:22.0727880Z Requirement already satisfied: minio==7.* in /opt/hostedtoolcache/Python/3.12.11/x64/lib/python3.12/site-packages (from -r requirements-dev.txt (line 10)) (7.1.15)
2025-08-18T23:01:22.0732599Z Requirement already satisfied: celery==5.4.0 in /opt/hostedtoolcache/Python/3.12.11/x64/lib/python3.12/site-packages (from -r requirements-dev.txt (line 11)) (5.4.0)
2025-08-18T23:01:22.1251838Z Collecting fastapi==0.116.1 (from -r requirements-dev.txt (line 12))
2025-08-18T23:01:22.1264248Z   Using cached fastapi-0.116.1-py3-none-any.whl.metadata (28 kB)
2025-08-18T23:01:22.1335358Z Requirement already satisfied: fastapi-limiter==0.1.6 in /opt/hostedtoolcache/Python/3.12.11/x64/lib/python3.12/site-packages (from -r requirements-dev.txt (line 14)) (0.1.6)
2025-08-18T23:01:22.1530994Z Collecting httpx<0.29,>=0.27 (from -r requirements-dev.txt (line 15))
2025-08-18T23:01:22.1542862Z   Using cached httpx-0.28.1-py3-none-any.whl.metadata (7.1 kB)
2025-08-18T23:01:22.1662132Z Collecting imapclient==3.0.1 (from -r requirements-dev.txt (line 16))
2025-08-18T23:01:22.1673645Z   Using cached IMAPClient-3.0.1-py2.py3-none-any.whl.metadata (1.7 kB)
2025-08-18T23:01:22.1774124Z Collecting itsdangerous (from -r requirements-dev.txt (line 17))
2025-08-18T23:01:22.1785637Z   Using cached itsdangerous-2.2.0-py3-none-any.whl.metadata (1.9 kB)
2025-08-18T23:01:22.2765370Z Collecting mypy==1.* (from -r requirements-dev.txt (line 18))
2025-08-18T23:01:22.2779554Z   Using cached mypy-1.17.1-cp312-cp312-manylinux2014_x86_64.manylinux_2_17_x86_64.manylinux_2_28_x86_64.whl.metadata (2.2 kB)
2025-08-18T23:01:22.2808497Z Requirement already satisfied: mypy-extensions==1.1.0 in /opt/hostedtoolcache/Python/3.12.11/x64/lib/python3.12/site-packages (from -r requirements-dev.txt (line 19)) (1.1.0)
2025-08-18T23:01:22.2813456Z Requirement already satisfied: numpy<2 in /opt/hostedtoolcache/Python/3.12.11/x64/lib/python3.12/site-packages (from -r requirements-dev.txt (line 20)) (1.26.4)
2025-08-18T23:01:22.2818378Z Requirement already satisfied: openpyxl==3.1.5 in /opt/hostedtoolcache/Python/3.12.11/x64/lib/python3.12/site-packages (from -r requirements-dev.txt (line 21)) (3.1.5)
2025-08-18T23:01:22.2823157Z Requirement already satisfied: pandas==2.2.* in /opt/hostedtoolcache/Python/3.12.11/x64/lib/python3.12/site-packages (from -r requirements-dev.txt (line 22)) (2.2.3)
2025-08-18T23:01:22.3394520Z Collecting psycopg2-binary==2.9.9 (from -r requirements-dev.txt (line 23))
2025-08-18T23:01:22.3407838Z   Using cached psycopg2_binary-2.9.9-cp312-cp312-manylinux_2_17_x86_64.manylinux2014_x86_64.whl.metadata (4.4 kB)
2025-08-18T23:01:22.3428739Z Requirement already satisfied: psycopg==3.2.9 in /opt/hostedtoolcache/Python/3.12.11/x64/lib/python3.12/site-packages (from psycopg[binary]==3.2.9->-r requirements-dev.txt (line 24)) (3.2.9)
2025-08-18T23:01:22.3433552Z Requirement already satisfied: pydantic==2.11.7 in /opt/hostedtoolcache/Python/3.12.11/x64/lib/python3.12/site-packages (from -r requirements-dev.txt (line 25)) (2.11.7)
2025-08-18T23:01:22.4618608Z Collecting setuptools (from -r requirements-dev.txt (line 26))
2025-08-18T23:01:22.4632275Z   Using cached setuptools-80.9.0-py3-none-any.whl.metadata (6.6 kB)
2025-08-18T23:01:22.4915185Z Collecting pytest-asyncio==0.23.6 (from -r requirements-dev.txt (line 27))
2025-08-18T23:01:22.4926979Z   Using cached pytest_asyncio-0.23.6-py3-none-any.whl.metadata (3.9 kB)
2025-08-18T23:01:22.5071943Z Collecting pytest-cov==6.2.1 (from -r requirements-dev.txt (line 28))
2025-08-18T23:01:22.5083764Z   Using cached pytest_cov-6.2.1-py3-none-any.whl.metadata (30 kB)
2025-08-18T23:01:22.5235900Z Collecting pytest-postgresql==7.0.2 (from -r requirements-dev.txt (line 29))
2025-08-18T23:01:22.5247699Z   Using cached pytest_postgresql-7.0.2-py3-none-any.whl.metadata (18 kB)
2025-08-18T23:01:22.5278629Z Requirement already satisfied: python-dotenv in /opt/hostedtoolcache/Python/3.12.11/x64/lib/python3.12/site-packages (from -r requirements-dev.txt (line 30)) (1.1.1)
2025-08-18T23:01:22.5282973Z Requirement already satisfied: python-multipart in /opt/hostedtoolcache/Python/3.12.11/x64/lib/python3.12/site-packages (from -r requirements-dev.txt (line 31)) (0.0.20)
2025-08-18T23:01:22.5551052Z Collecting python-telegram-bot==22.2 (from -r requirements-dev.txt (line 32))
2025-08-18T23:01:22.5563265Z   Using cached python_telegram_bot-22.2-py3-none-any.whl.metadata (17 kB)
2025-08-18T23:01:22.5850828Z Collecting requests==2.32.4 (from -r requirements-dev.txt (line 33))
2025-08-18T23:01:22.5862900Z   Using cached requests-2.32.4-py3-none-any.whl.metadata (4.9 kB)
2025-08-18T23:01:22.6012573Z Collecting respx==0.22.0 (from -r requirements-dev.txt (line 34))
2025-08-18T23:01:22.6024867Z   Using cached respx-0.22.0-py2.py3-none-any.whl.metadata (4.1 kB)
2025-08-18T23:01:22.9530120Z Collecting ruff==0.4.4 (from -r requirements-dev.txt (line 35))
2025-08-18T23:01:22.9543234Z   Using cached ruff-0.4.4-py3-none-manylinux_2_17_x86_64.manylinux2014_x86_64.whl.metadata (23 kB)
2025-08-18T23:01:22.9574677Z Requirement already satisfied: sqlalchemy==2.0.29 in /opt/hostedtoolcache/Python/3.12.11/x64/lib/python3.12/site-packages (from -r requirements-dev.txt (line 36)) (2.0.29)
2025-08-18T23:01:22.9579350Z Requirement already satisfied: structlog==24.1.0 in /opt/hostedtoolcache/Python/3.12.11/x64/lib/python3.12/site-packages (from -r requirements-dev.txt (line 37)) (24.1.0)
2025-08-18T23:01:22.9715611Z Collecting testcontainers==4.10.0 (from testcontainers[postgres]==4.10.0->-r requirements-dev.txt (line 38))
2025-08-18T23:01:22.9727201Z   Using cached testcontainers-4.10.0-py3-none-any.whl.metadata (7.8 kB)
2025-08-18T23:01:23.0092444Z Collecting types-requests==2.32.0.20240602 (from -r requirements-dev.txt (line 39))
2025-08-18T23:01:23.0104507Z   Using cached types_requests-2.32.0.20240602-py3-none-any.whl.metadata (1.8 kB)
2025-08-18T23:01:23.0226324Z Collecting docspec-python==2.2.2 (from -r requirements-dev.txt (line 40))
2025-08-18T23:01:23.0237873Z   Using cached docspec_python-2.2.2-py3-none-any.whl.metadata (1.0 kB)
2025-08-18T23:01:23.0382826Z Collecting pydoc-markdown==4.8.2 (from -r requirements-dev.txt (line 41))
2025-08-18T23:01:23.0394612Z   Using cached pydoc_markdown-4.8.2-py3-none-any.whl.metadata (5.9 kB)
2025-08-18T23:01:23.0427471Z Requirement already satisfied: pandera==0.19.* in /opt/hostedtoolcache/Python/3.12.11/x64/lib/python3.12/site-packages (from -r requirements-dev.txt (line 42)) (0.19.3)
2025-08-18T23:01:23.0445148Z Requirement already satisfied: MarkupSafe>=2.0 in /opt/hostedtoolcache/Python/3.12.11/x64/lib/python3.12/site-packages (from Jinja2==3.1.6->-r requirements-dev.txt (line 2)) (3.0.2)
2025-08-18T23:01:23.0462145Z Requirement already satisfied: Mako in /opt/hostedtoolcache/Python/3.12.11/x64/lib/python3.12/site-packages (from alembic==1.13.1->-r requirements-dev.txt (line 3)) (1.3.10)
2025-08-18T23:01:23.0468320Z Requirement already satisfied: typing-extensions>=4 in /opt/hostedtoolcache/Python/3.12.11/x64/lib/python3.12/site-packages (from alembic==1.13.1->-r requirements-dev.txt (line 3)) (4.14.1)
2025-08-18T23:01:23.0486309Z Requirement already satisfied: six>=1.4.0 in /opt/hostedtoolcache/Python/3.12.11/x64/lib/python3.12/site-packages (from apscheduler==3.10.4->-r requirements-dev.txt (line 4)) (1.17.0)
2025-08-18T23:01:23.0491114Z Requirement already satisfied: pytz in /opt/hostedtoolcache/Python/3.12.11/x64/lib/python3.12/site-packages (from apscheduler==3.10.4->-r requirements-dev.txt (line 4)) (2025.2)
2025-08-18T23:01:23.0498611Z Requirement already satisfied: tzlocal!=3.*,>=2.0 in /opt/hostedtoolcache/Python/3.12.11/x64/lib/python3.12/site-packages (from apscheduler==3.10.4->-r requirements-dev.txt (line 4)) (5.3.1)
2025-08-18T23:01:23.0531074Z Requirement already satisfied: starlette>=0.18 in /opt/hostedtoolcache/Python/3.12.11/x64/lib/python3.12/site-packages (from asgi-correlation-id==4.3.1->-r requirements-dev.txt (line 5)) (0.37.2)
2025-08-18T23:01:23.0552403Z Requirement already satisfied: click>=8.0.0 in /opt/hostedtoolcache/Python/3.12.11/x64/lib/python3.12/site-packages (from black==25.1.0->-r requirements-dev.txt (line 7)) (8.2.1)
2025-08-18T23:01:23.0558115Z Requirement already satisfied: packaging>=22.0 in /opt/hostedtoolcache/Python/3.12.11/x64/lib/python3.12/site-packages (from black==25.1.0->-r requirements-dev.txt (line 7)) (25.0)
2025-08-18T23:01:23.0665539Z Collecting pathspec>=0.9.0 (from black==25.1.0->-r requirements-dev.txt (line 7))
2025-08-18T23:01:23.0677562Z   Using cached pathspec-0.12.1-py3-none-any.whl.metadata (21 kB)
2025-08-18T23:01:23.0857670Z Collecting platformdirs>=2 (from black==25.1.0->-r requirements-dev.txt (line 7))
2025-08-18T23:01:23.0869444Z   Using cached platformdirs-4.3.8-py3-none-any.whl.metadata (12 kB)
2025-08-18T23:01:23.0923506Z Requirement already satisfied: billiard<5.0,>=4.2.0 in /opt/hostedtoolcache/Python/3.12.11/x64/lib/python3.12/site-packages (from celery==5.4.0->-r requirements-dev.txt (line 11)) (4.2.1)
2025-08-18T23:01:23.0931069Z Requirement already satisfied: kombu<6.0,>=5.3.4 in /opt/hostedtoolcache/Python/3.12.11/x64/lib/python3.12/site-packages (from celery==5.4.0->-r requirements-dev.txt (line 11)) (5.5.4)
2025-08-18T23:01:23.0938532Z Requirement already satisfied: vine<6.0,>=5.1.0 in /opt/hostedtoolcache/Python/3.12.11/x64/lib/python3.12/site-packages (from celery==5.4.0->-r requirements-dev.txt (line 11)) (5.1.0)
2025-08-18T23:01:23.0948335Z Requirement already satisfied: click-didyoumean>=0.3.0 in /opt/hostedtoolcache/Python/3.12.11/x64/lib/python3.12/site-packages (from celery==5.4.0->-r requirements-dev.txt (line 11)) (0.3.1)
2025-08-18T23:01:23.0954931Z Requirement already satisfied: click-repl>=0.2.0 in /opt/hostedtoolcache/Python/3.12.11/x64/lib/python3.12/site-packages (from celery==5.4.0->-r requirements-dev.txt (line 11)) (0.3.0)
2025-08-18T23:01:23.0961657Z Requirement already satisfied: click-plugins>=1.1.1 in /opt/hostedtoolcache/Python/3.12.11/x64/lib/python3.12/site-packages (from celery==5.4.0->-r requirements-dev.txt (line 11)) (1.1.1.2)
2025-08-18T23:01:23.0968165Z Requirement already satisfied: tzdata>=2022.7 in /opt/hostedtoolcache/Python/3.12.11/x64/lib/python3.12/site-packages (from celery==5.4.0->-r requirements-dev.txt (line 11)) (2025.2)
2025-08-18T23:01:23.0975400Z Requirement already satisfied: python-dateutil>=2.8.2 in /opt/hostedtoolcache/Python/3.12.11/x64/lib/python3.12/site-packages (from celery==5.4.0->-r requirements-dev.txt (line 11)) (2.9.0.post0)
2025-08-18T23:01:23.1286065Z Collecting starlette>=0.18 (from asgi-correlation-id==4.3.1->-r requirements-dev.txt (line 5))
2025-08-18T23:01:23.1298653Z   Using cached starlette-0.47.2-py3-none-any.whl.metadata (6.2 kB)
2025-08-18T23:01:23.1348622Z Requirement already satisfied: annotated-types>=0.6.0 in /opt/hostedtoolcache/Python/3.12.11/x64/lib/python3.12/site-packages (from pydantic==2.11.7->-r requirements-dev.txt (line 25)) (0.7.0)
2025-08-18T23:01:23.1354608Z Requirement already satisfied: pydantic-core==2.33.2 in /opt/hostedtoolcache/Python/3.12.11/x64/lib/python3.12/site-packages (from pydantic==2.11.7->-r requirements-dev.txt (line 25)) (2.33.2)
2025-08-18T23:01:23.1362881Z Requirement already satisfied: typing-inspection>=0.4.0 in /opt/hostedtoolcache/Python/3.12.11/x64/lib/python3.12/site-packages (from pydantic==2.11.7->-r requirements-dev.txt (line 25)) (0.4.1)
2025-08-18T23:01:23.1413139Z Requirement already satisfied: et-xmlfile in /opt/hostedtoolcache/Python/3.12.11/x64/lib/python3.12/site-packages (from openpyxl==3.1.5->-r requirements-dev.txt (line 21)) (2.0.0)
2025-08-18T23:01:23.1842771Z Collecting pytest<9,>=7.0.0 (from pytest-asyncio==0.23.6->-r requirements-dev.txt (line 27))
2025-08-18T23:01:23.1855993Z   Using cached pytest-8.4.1-py3-none-any.whl.metadata (7.7 kB)
2025-08-18T23:01:23.5023607Z Collecting coverage>=7.5 (from coverage[toml]>=7.5->pytest-cov==6.2.1->-r requirements-dev.txt (line 28))
2025-08-18T23:01:23.5037406Z   Using cached coverage-7.10.4-cp312-cp312-manylinux1_x86_64.manylinux_2_28_x86_64.manylinux_2_5_x86_64.whl.metadata (8.9 kB)
2025-08-18T23:01:23.5159109Z Collecting pluggy>=1.2 (from pytest-cov==6.2.1->-r requirements-dev.txt (line 28))
2025-08-18T23:01:23.5170801Z   Using cached pluggy-1.6.0-py3-none-any.whl.metadata (4.8 kB)
2025-08-18T23:01:23.5431612Z Collecting port-for>=0.7.3 (from pytest-postgresql==7.0.2->-r requirements-dev.txt (line 29))
2025-08-18T23:01:23.5443080Z   Using cached port_for-0.7.4-py3-none-any.whl.metadata (7.1 kB)
2025-08-18T23:01:23.5585102Z Collecting mirakuru>=2.6.0 (from pytest-postgresql==7.0.2->-r requirements-dev.txt (line 29))
2025-08-18T23:01:23.5596511Z   Using cached mirakuru-2.6.1-py3-none-any.whl.metadata (10 kB)
2025-08-18T23:01:23.5649759Z Requirement already satisfied: charset_normalizer<4,>=2 in /opt/hostedtoolcache/Python/3.12.11/x64/lib/python3.12/site-packages (from requests==2.32.4->-r requirements-dev.txt (line 33)) (3.4.3)
2025-08-18T23:01:23.5654207Z Requirement already satisfied: idna<4,>=2.5 in /opt/hostedtoolcache/Python/3.12.11/x64/lib/python3.12/site-packages (from requests==2.32.4->-r requirements-dev.txt (line 33)) (3.10)
2025-08-18T23:01:23.5658986Z Requirement already satisfied: urllib3<3,>=1.21.1 in /opt/hostedtoolcache/Python/3.12.11/x64/lib/python3.12/site-packages (from requests==2.32.4->-r requirements-dev.txt (line 33)) (2.5.0)
2025-08-18T23:01:23.5663482Z Requirement already satisfied: certifi>=2017.4.17 in /opt/hostedtoolcache/Python/3.12.11/x64/lib/python3.12/site-packages (from requests==2.32.4->-r requirements-dev.txt (line 33)) (2025.8.3)
2025-08-18T23:01:23.5755859Z Requirement already satisfied: greenlet!=0.4.17 in /opt/hostedtoolcache/Python/3.12.11/x64/lib/python3.12/site-packages (from sqlalchemy==2.0.29->-r requirements-dev.txt (line 36)) (3.2.4)
2025-08-18T23:01:23.5994548Z Collecting docker (from testcontainers==4.10.0->testcontainers[postgres]==4.10.0->-r requirements-dev.txt (line 38))
2025-08-18T23:01:23.6007004Z   Using cached docker-7.1.0-py3-none-any.whl.metadata (3.8 kB)
2025-08-18T23:01:23.6047948Z Requirement already satisfied: wrapt in /opt/hostedtoolcache/Python/3.12.11/x64/lib/python3.12/site-packages (from testcontainers==4.10.0->testcontainers[postgres]==4.10.0->-r requirements-dev.txt (line 38)) (1.17.3)
2025-08-18T23:01:23.6190806Z Collecting docspec==2.2.1 (from docspec-python==2.2.2->-r requirements-dev.txt (line 40))
2025-08-18T23:01:23.6203425Z   Using cached docspec-2.2.1-py3-none-any.whl.metadata (1.5 kB)
2025-08-18T23:01:23.6375651Z Collecting nr-util>=0.8.12 (from docspec-python==2.2.2->-r requirements-dev.txt (line 40))
2025-08-18T23:01:23.6387572Z   Using cached nr.util-0.8.12-py3-none-any.whl.metadata (813 bytes)
2025-08-18T23:01:23.6420127Z Requirement already satisfied: PyYAML<7.0,>=5.0 in /opt/hostedtoolcache/Python/3.12.11/x64/lib/python3.12/site-packages (from pydoc-markdown==4.8.2->-r requirements-dev.txt (line 41)) (6.0.2)
2025-08-18T23:01:23.6606002Z Collecting databind.core<5.0.0,>=4.4.0 (from pydoc-markdown==4.8.2->-r requirements-dev.txt (line 41))
2025-08-18T23:01:23.6617591Z   Using cached databind.core-4.5.2-py3-none-any.whl.metadata (1.1 kB)
2025-08-18T23:01:23.7254764Z Collecting databind.json<5.0.0,>=4.4.0 (from pydoc-markdown==4.8.2->-r requirements-dev.txt (line 41))
2025-08-18T23:01:23.7268483Z   Using cached databind.json-4.5.2-py3-none-any.whl.metadata (1.1 kB)
2025-08-18T23:01:23.7406278Z Collecting docstring-parser<0.12,>=0.11 (from pydoc-markdown==4.8.2->-r requirements-dev.txt (line 41))
2025-08-18T23:01:23.7407847Z   Using cached docstring_parser-0.11-py3-none-any.whl
2025-08-18T23:01:23.7715305Z Collecting tomli<3.0.0,>=2.0.0 (from pydoc-markdown==4.8.2->-r requirements-dev.txt (line 41))
2025-08-18T23:01:23.7727729Z   Using cached tomli-2.2.1-cp312-cp312-manylinux_2_17_x86_64.manylinux2014_x86_64.whl.metadata (11 kB)
2025-08-18T23:01:23.7876606Z Collecting tomli_w<2.0.0,>=1.0.0 (from pydoc-markdown==4.8.2->-r requirements-dev.txt (line 41))
2025-08-18T23:01:23.7888403Z   Using cached tomli_w-1.2.0-py3-none-any.whl.metadata (5.7 kB)
2025-08-18T23:01:23.8335163Z Collecting watchdog (from pydoc-markdown==4.8.2->-r requirements-dev.txt (line 41))
2025-08-18T23:01:23.8348956Z   Using cached watchdog-6.0.0-py3-none-manylinux2014_x86_64.whl.metadata (44 kB)
2025-08-18T23:01:23.8560837Z Collecting yapf>=0.30.0 (from pydoc-markdown==4.8.2->-r requirements-dev.txt (line 41))
2025-08-18T23:01:23.8572731Z   Using cached yapf-0.43.0-py3-none-any.whl.metadata (46 kB)
2025-08-18T23:01:23.8758369Z Collecting Deprecated<2.0.0,>=1.2.12 (from docspec==2.2.1->docspec-python==2.2.2->-r requirements-dev.txt (line 40))
2025-08-18T23:01:23.8770552Z   Using cached Deprecated-1.2.18-py2.py3-none-any.whl.metadata (5.7 kB)
2025-08-18T23:01:23.8912378Z Requirement already satisfied: psycopg-binary==3.2.9 in /opt/hostedtoolcache/Python/3.12.11/x64/lib/python3.12/site-packages (from psycopg[binary]==3.2.9->-r requirements-dev.txt (line 24)) (3.2.9)
2025-08-18T23:01:23.9019715Z Requirement already satisfied: anyio in /opt/hostedtoolcache/Python/3.12.11/x64/lib/python3.12/site-packages (from httpx<0.29,>=0.27->-r requirements-dev.txt (line 15)) (4.10.0)
2025-08-18T23:01:23.9025896Z Requirement already satisfied: httpcore==1.* in /opt/hostedtoolcache/Python/3.12.11/x64/lib/python3.12/site-packages (from httpx<0.29,>=0.27->-r requirements-dev.txt (line 15)) (1.0.9)
2025-08-18T23:01:23.9257207Z Requirement already satisfied: multimethod<=1.10.0 in /opt/hostedtoolcache/Python/3.12.11/x64/lib/python3.12/site-packages (from pandera==0.19.*->-r requirements-dev.txt (line 42)) (1.10)
2025-08-18T23:01:23.9272138Z Requirement already satisfied: typeguard in /opt/hostedtoolcache/Python/3.12.11/x64/lib/python3.12/site-packages (from pandera==0.19.*->-r requirements-dev.txt (line 42)) (4.4.4)
2025-08-18T23:01:23.9279080Z Requirement already satisfied: typing-inspect>=0.6.0 in /opt/hostedtoolcache/Python/3.12.11/x64/lib/python3.12/site-packages (from pandera==0.19.*->-r requirements-dev.txt (line 42)) (0.9.0)
2025-08-18T23:01:23.9538253Z Collecting databind<5.0.0,>=4.5.2 (from databind.core<5.0.0,>=4.4.0->pydoc-markdown==4.8.2->-r requirements-dev.txt (line 41))
2025-08-18T23:01:23.9550944Z   Using cached databind-4.5.2-py3-none-any.whl.metadata (4.3 kB)
2025-08-18T23:01:23.9657261Z Collecting nr-date<3.0.0,>=2.0.0 (from databind<5.0.0,>=4.5.2->databind.core<5.0.0,>=4.4.0->pydoc-markdown==4.8.2->-r requirements-dev.txt (line 41))
2025-08-18T23:01:23.9669259Z   Using cached nr_date-2.1.0-py3-none-any.whl.metadata (746 bytes)
2025-08-18T23:01:23.9781776Z Collecting nr-stream<2.0.0,>=1.0.0 (from databind<5.0.0,>=4.5.2->databind.core<5.0.0,>=4.4.0->pydoc-markdown==4.8.2->-r requirements-dev.txt (line 41))
2025-08-18T23:01:23.9794533Z   Using cached nr_stream-1.1.5-py3-none-any.whl.metadata (3.6 kB)
2025-08-18T23:01:23.9941759Z Collecting typeapi<3,>=2.0.1 (from databind<5.0.0,>=4.5.2->databind.core<5.0.0,>=4.4.0->pydoc-markdown==4.8.2->-r requirements-dev.txt (line 41))
2025-08-18T23:01:23.9954197Z   Using cached typeapi-2.2.4-py3-none-any.whl.metadata (1.5 kB)
2025-08-18T23:01:24.0055305Z Requirement already satisfied: h11>=0.16 in /opt/hostedtoolcache/Python/3.12.11/x64/lib/python3.12/site-packages (from httpcore==1.*->httpx<0.29,>=0.27->-r requirements-dev.txt (line 15)) (0.16.0)
2025-08-18T23:01:24.0099241Z Requirement already satisfied: amqp<6.0.0,>=5.1.1 in /opt/hostedtoolcache/Python/3.12.11/x64/lib/python3.12/site-packages (from kombu<6.0,>=5.3.4->celery==5.4.0->-r requirements-dev.txt (line 11)) (5.3.1)
2025-08-18T23:01:24.0372628Z Collecting iniconfig>=1 (from pytest<9,>=7.0.0->pytest-asyncio==0.23.6->-r requirements-dev.txt (line 27))
2025-08-18T23:01:24.0384740Z   Using cached iniconfig-2.1.0-py3-none-any.whl.metadata (2.7 kB)
2025-08-18T23:01:24.0421056Z Requirement already satisfied: pygments>=2.7.2 in /opt/hostedtoolcache/Python/3.12.11/x64/lib/python3.12/site-packages (from pytest<9,>=7.0.0->pytest-asyncio==0.23.6->-r requirements-dev.txt (line 27)) (2.19.2)
2025-08-18T23:01:24.0506598Z Requirement already satisfied: sniffio>=1.1 in /opt/hostedtoolcache/Python/3.12.11/x64/lib/python3.12/site-packages (from anyio->httpx<0.29,>=0.27->-r requirements-dev.txt (line 15)) (1.3.1)
2025-08-18T23:01:24.0655389Z Requirement already satisfied: botocore<1.35.0,>=1.34.162 in /opt/hostedtoolcache/Python/3.12.11/x64/lib/python3.12/site-packages (from boto3->-r requirements-dev.txt (line 8)) (1.34.162)
2025-08-18T23:01:24.0663084Z Requirement already satisfied: jmespath<2.0.0,>=0.7.1 in /opt/hostedtoolcache/Python/3.12.11/x64/lib/python3.12/site-packages (from boto3->-r requirements-dev.txt (line 8)) (1.0.1)
2025-08-18T23:01:24.0670785Z Requirement already satisfied: s3transfer<0.11.0,>=0.10.0 in /opt/hostedtoolcache/Python/3.12.11/x64/lib/python3.12/site-packages (from boto3->-r requirements-dev.txt (line 8)) (0.10.4)
2025-08-18T23:01:24.0791938Z Requirement already satisfied: fastapi-cli>=0.0.8 in /opt/hostedtoolcache/Python/3.12.11/x64/lib/python3.12/site-packages (from fastapi-cli[standard]>=0.0.8; extra == "all"->fastapi[all]->-r requirements-dev.txt (line 13)) (0.0.8)
2025-08-18T23:01:24.0892953Z Requirement already satisfied: ujson!=4.0.2,!=4.1.0,!=4.2.0,!=4.3.0,!=5.0.0,!=5.1.0,>=4.0.1 in /opt/hostedtoolcache/Python/3.12.11/x64/lib/python3.12/site-packages (from fastapi[all]->-r requirements-dev.txt (line 13)) (5.10.0)
2025-08-18T23:01:24.0899976Z Requirement already satisfied: orjson>=3.2.1 in /opt/hostedtoolcache/Python/3.12.11/x64/lib/python3.12/site-packages (from fastapi[all]->-r requirements-dev.txt (line 13)) (3.11.2)
2025-08-18T23:01:24.0907135Z Requirement already satisfied: email-validator>=2.0.0 in /opt/hostedtoolcache/Python/3.12.11/x64/lib/python3.12/site-packages (from fastapi[all]->-r requirements-dev.txt (line 13)) (2.2.0)
2025-08-18T23:01:24.0915664Z Requirement already satisfied: uvicorn>=0.12.0 in /opt/hostedtoolcache/Python/3.12.11/x64/lib/python3.12/site-packages (from uvicorn[standard]>=0.12.0; extra == "all"->fastapi[all]->-r requirements-dev.txt (line 13)) (0.29.0)
2025-08-18T23:01:24.0924563Z Requirement already satisfied: pydantic-settings>=2.0.0 in /opt/hostedtoolcache/Python/3.12.11/x64/lib/python3.12/site-packages (from fastapi[all]->-r requirements-dev.txt (line 13)) (2.2.1)
2025-08-18T23:01:24.1051408Z Collecting pydantic-extra-types>=2.0.0 (from fastapi[all]->-r requirements-dev.txt (line 13))
2025-08-18T23:01:24.1063882Z   Using cached pydantic_extra_types-2.10.5-py3-none-any.whl.metadata (3.9 kB)
2025-08-18T23:01:24.1317620Z Requirement already satisfied: prompt-toolkit>=3.0.36 in /opt/hostedtoolcache/Python/3.12.11/x64/lib/python3.12/site-packages (from click-repl>=0.2.0->celery==5.4.0->-r requirements-dev.txt (line 11)) (3.0.51)
2025-08-18T23:01:24.1390510Z Requirement already satisfied: dnspython>=2.0.0 in /opt/hostedtoolcache/Python/3.12.11/x64/lib/python3.12/site-packages (from email-validator>=2.0.0->fastapi[all]->-r requirements-dev.txt (line 13)) (2.7.0)
2025-08-18T23:01:24.1460639Z Requirement already satisfied: typer>=0.15.1 in /opt/hostedtoolcache/Python/3.12.11/x64/lib/python3.12/site-packages (from fastapi-cli>=0.0.8->fastapi-cli[standard]>=0.0.8; extra == "all"->fastapi[all]->-r requirements-dev.txt (line 13)) (0.16.1)
2025-08-18T23:01:24.1472085Z Requirement already satisfied: rich-toolkit>=0.14.8 in /opt/hostedtoolcache/Python/3.12.11/x64/lib/python3.12/site-packages (from fastapi-cli>=0.0.8->fastapi-cli[standard]>=0.0.8; extra == "all"->fastapi[all]->-r requirements-dev.txt (line 13)) (0.15.0)
2025-08-18T23:01:24.1612384Z Collecting fastapi-cloud-cli>=0.1.1 (from fastapi-cli[standard]>=0.0.8; extra == "all"->fastapi[all]->-r requirements-dev.txt (line 13))
2025-08-18T23:01:24.1624691Z   Using cached fastapi_cloud_cli-0.1.5-py3-none-any.whl.metadata (3.2 kB)
2025-08-18T23:01:24.2337366Z Collecting rignore>=0.5.1 (from fastapi-cloud-cli>=0.1.1->fastapi-cli[standard]>=0.0.8; extra == "all"->fastapi[all]->-r requirements-dev.txt (line 13))
2025-08-18T23:01:24.2352843Z   Using cached rignore-0.6.4-cp312-cp312-manylinux_2_17_x86_64.manylinux2014_x86_64.whl.metadata (3.8 kB)
2025-08-18T23:01:24.2866626Z Collecting sentry-sdk>=2.20.0 (from fastapi-cloud-cli>=0.1.1->fastapi-cli[standard]>=0.0.8; extra == "all"->fastapi[all]->-r requirements-dev.txt (line 13))
2025-08-18T23:01:24.2880970Z   Using cached sentry_sdk-2.35.0-py2.py3-none-any.whl.metadata (10 kB)
2025-08-18T23:01:24.3806680Z Collecting psutil>=4.0.0 (from mirakuru>=2.6.0->pytest-postgresql==7.0.2->-r requirements-dev.txt (line 29))
2025-08-18T23:01:24.3820754Z   Using cached psutil-7.0.0-cp36-abi3-manylinux_2_12_x86_64.manylinux2010_x86_64.manylinux_2_17_x86_64.manylinux2014_x86_64.whl.metadata (22 kB)
2025-08-18T23:01:24.4020109Z Requirement already satisfied: wcwidth in /opt/hostedtoolcache/Python/3.12.11/x64/lib/python3.12/site-packages (from prompt-toolkit>=3.0.36->click-repl>=0.2.0->celery==5.4.0->-r requirements-dev.txt (line 11)) (0.2.13)
2025-08-18T23:01:24.4222108Z Requirement already satisfied: rich>=13.7.1 in /opt/hostedtoolcache/Python/3.12.11/x64/lib/python3.12/site-packages (from rich-toolkit>=0.14.8->fastapi-cli>=0.0.8->fastapi-cli[standard]>=0.0.8; extra == "all"->fastapi[all]->-r requirements-dev.txt (line 13)) (14.1.0)
2025-08-18T23:01:24.4262566Z Requirement already satisfied: markdown-it-py>=2.2.0 in /opt/hostedtoolcache/Python/3.12.11/x64/lib/python3.12/site-packages (from rich>=13.7.1->rich-toolkit>=0.14.8->fastapi-cli>=0.0.8->fastapi-cli[standard]>=0.0.8; extra == "all"->fastapi[all]->-r requirements-dev.txt (line 13)) (4.0.0)
2025-08-18T23:01:24.4295721Z Requirement already satisfied: mdurl~=0.1 in /opt/hostedtoolcache/Python/3.12.11/x64/lib/python3.12/site-packages (from markdown-it-py>=2.2.0->rich>=13.7.1->rich-toolkit>=0.14.8->fastapi-cli>=0.0.8->fastapi-cli[standard]>=0.0.8; extra == "all"->fastapi[all]->-r requirements-dev.txt (line 13)) (0.1.2)
2025-08-18T23:01:24.4488294Z Requirement already satisfied: shellingham>=1.3.0 in /opt/hostedtoolcache/Python/3.12.11/x64/lib/python3.12/site-packages (from typer>=0.15.1->fastapi-cli>=0.0.8->fastapi-cli[standard]>=0.0.8; extra == "all"->fastapi[all]->-r requirements-dev.txt (line 13)) (1.5.4)
2025-08-18T23:01:24.4729566Z Requirement already satisfied: httptools>=0.5.0 in /opt/hostedtoolcache/Python/3.12.11/x64/lib/python3.12/site-packages (from uvicorn[standard]>=0.12.0; extra == "all"->fastapi[all]->-r requirements-dev.txt (line 13)) (0.6.4)
2025-08-18T23:01:24.4747603Z Requirement already satisfied: uvloop!=0.15.0,!=0.15.1,>=0.14.0 in /opt/hostedtoolcache/Python/3.12.11/x64/lib/python3.12/site-packages (from uvicorn[standard]>=0.12.0; extra == "all"->fastapi[all]->-r requirements-dev.txt (line 13)) (0.21.0)
2025-08-18T23:01:24.4755819Z Requirement already satisfied: watchfiles>=0.13 in /opt/hostedtoolcache/Python/3.12.11/x64/lib/python3.12/site-packages (from uvicorn[standard]>=0.12.0; extra == "all"->fastapi[all]->-r requirements-dev.txt (line 13)) (1.1.0)
2025-08-18T23:01:24.4764373Z Requirement already satisfied: websockets>=10.4 in /opt/hostedtoolcache/Python/3.12.11/x64/lib/python3.12/site-packages (from uvicorn[standard]>=0.12.0; extra == "all"->fastapi[all]->-r requirements-dev.txt (line 13)) (15.0.1)
2025-08-18T23:01:24.5291229Z Using cached jinja2-3.1.6-py3-none-any.whl (134 kB)
2025-08-18T23:01:24.5304612Z Using cached asyncpg-0.30.0-cp312-cp312-manylinux_2_17_x86_64.manylinux2014_x86_64.whl (3.6 MB)
2025-08-18T23:01:24.5343710Z Using cached black-25.1.0-cp312-cp312-manylinux_2_17_x86_64.manylinux2014_x86_64.manylinux_2_28_x86_64.whl (1.8 MB)
2025-08-18T23:01:24.5368857Z Using cached fastapi-0.116.1-py3-none-any.whl (95 kB)
2025-08-18T23:01:24.5380834Z Using cached IMAPClient-3.0.1-py2.py3-none-any.whl (182 kB)
2025-08-18T23:01:24.5394075Z Using cached psycopg2_binary-2.9.9-cp312-cp312-manylinux_2_17_x86_64.manylinux2014_x86_64.whl (3.0 MB)
2025-08-18T23:01:24.5427813Z Using cached pytest_asyncio-0.23.6-py3-none-any.whl (17 kB)
2025-08-18T23:01:24.5438990Z Using cached pytest_cov-6.2.1-py3-none-any.whl (24 kB)
2025-08-18T23:01:24.5450459Z Using cached pytest_postgresql-7.0.2-py3-none-any.whl (41 kB)
2025-08-18T23:01:24.5461998Z Using cached python_telegram_bot-22.2-py3-none-any.whl (708 kB)
2025-08-18T23:01:24.5479474Z Using cached requests-2.32.4-py3-none-any.whl (64 kB)
2025-08-18T23:01:24.5491567Z Using cached respx-0.22.0-py2.py3-none-any.whl (25 kB)
2025-08-18T23:01:24.5503177Z Using cached ruff-0.4.4-py3-none-manylinux_2_17_x86_64.manylinux2014_x86_64.whl (8.7 MB)
2025-08-18T23:01:24.5578557Z Using cached testcontainers-4.10.0-py3-none-any.whl (107 kB)
2025-08-18T23:01:24.5590837Z Using cached types_requests-2.32.0.20240602-py3-none-any.whl (15 kB)
2025-08-18T23:01:24.5602074Z Using cached docspec_python-2.2.2-py3-none-any.whl (15 kB)
2025-08-18T23:01:24.5613141Z Using cached pydoc_markdown-4.8.2-py3-none-any.whl (67 kB)
2025-08-18T23:01:24.5624555Z Using cached docspec-2.2.1-py3-none-any.whl (9.8 kB)
2025-08-18T23:01:24.5635730Z Using cached httpx-0.28.1-py3-none-any.whl (73 kB)
2025-08-18T23:01:24.5647977Z Using cached mypy-1.17.1-cp312-cp312-manylinux2014_x86_64.manylinux_2_17_x86_64.manylinux_2_28_x86_64.whl (12.7 MB)
2025-08-18T23:01:24.5750626Z Using cached databind.core-4.5.2-py3-none-any.whl (1.5 kB)
2025-08-18T23:01:24.5761767Z Using cached databind-4.5.2-py3-none-any.whl (49 kB)
2025-08-18T23:01:24.5773215Z Using cached databind.json-4.5.2-py3-none-any.whl (1.5 kB)
2025-08-18T23:01:24.5784377Z Using cached Deprecated-1.2.18-py2.py3-none-any.whl (10.0 kB)
2025-08-18T23:01:24.5795360Z Using cached nr_date-2.1.0-py3-none-any.whl (10 kB)
2025-08-18T23:01:24.5806456Z Using cached nr_stream-1.1.5-py3-none-any.whl (10 kB)
2025-08-18T23:01:24.5817652Z Using cached nr.util-0.8.12-py3-none-any.whl (90 kB)
2025-08-18T23:01:24.5829346Z Using cached pytest-8.4.1-py3-none-any.whl (365 kB)
2025-08-18T23:01:24.5843028Z Using cached pluggy-1.6.0-py3-none-any.whl (20 kB)
2025-08-18T23:01:24.5854161Z Using cached starlette-0.47.2-py3-none-any.whl (72 kB)
2025-08-18T23:01:24.5866275Z Using cached tomli-2.2.1-cp312-cp312-manylinux_2_17_x86_64.manylinux2014_x86_64.whl (242 kB)
2025-08-18T23:01:24.5879017Z Using cached tomli_w-1.2.0-py3-none-any.whl (6.7 kB)
2025-08-18T23:01:24.5890180Z Using cached typeapi-2.2.4-py3-none-any.whl (26 kB)
2025-08-18T23:01:24.5901532Z Using cached itsdangerous-2.2.0-py3-none-any.whl (16 kB)
2025-08-18T23:01:24.5912847Z Using cached setuptools-80.9.0-py3-none-any.whl (1.2 MB)
2025-08-18T23:01:24.5934572Z Using cached coverage-7.10.4-cp312-cp312-manylinux1_x86_64.manylinux_2_28_x86_64.manylinux_2_5_x86_64.whl (251 kB)
2025-08-18T23:01:24.5947246Z Using cached fastapi_cloud_cli-0.1.5-py3-none-any.whl (18 kB)
2025-08-18T23:01:24.5979760Z Using cached iniconfig-2.1.0-py3-none-any.whl (6.0 kB)
2025-08-18T23:01:24.5980461Z Using cached mirakuru-2.6.1-py3-none-any.whl (26 kB)
2025-08-18T23:01:24.5981123Z Using cached pathspec-0.12.1-py3-none-any.whl (31 kB)
2025-08-18T23:01:24.5991183Z Using cached platformdirs-4.3.8-py3-none-any.whl (18 kB)
2025-08-18T23:01:24.6001712Z Using cached port_for-0.7.4-py3-none-any.whl (21 kB)
2025-08-18T23:01:24.6013104Z Using cached psutil-7.0.0-cp36-abi3-manylinux_2_12_x86_64.manylinux2010_x86_64.manylinux_2_17_x86_64.manylinux2014_x86_64.whl (277 kB)
2025-08-18T23:01:24.6025780Z Using cached pydantic_extra_types-2.10.5-py3-none-any.whl (38 kB)
2025-08-18T23:01:24.6037240Z Using cached rignore-0.6.4-cp312-cp312-manylinux_2_17_x86_64.manylinux2014_x86_64.whl (949 kB)
2025-08-18T23:01:24.6054921Z Using cached sentry_sdk-2.35.0-py2.py3-none-any.whl (363 kB)
2025-08-18T23:01:24.6068295Z Using cached yapf-0.43.0-py3-none-any.whl (256 kB)
2025-08-18T23:01:24.6080862Z Using cached docker-7.1.0-py3-none-any.whl (147 kB)
2025-08-18T23:01:24.6092854Z Using cached watchdog-6.0.0-py3-none-manylinux2014_x86_64.whl (79 kB)
2025-08-18T23:01:24.8510405Z Installing collected packages: watchdog, types-requests, typeapi, tomli_w, tomli, setuptools, sentry-sdk, ruff, rignore, requests, psycopg2-binary, psutil, port-for, pluggy, platformdirs, pathspec, nr-stream, nr-date, Jinja2, itsdangerous, iniconfig, imapclient, docstring-parser, Deprecated, coverage, asyncpg, yapf, starlette, pytest, nr-util, mypy, mirakuru, httpx, docker, databind, black, testcontainers, respx, python-telegram-bot, pytest-postgresql, pytest-cov, pytest-asyncio, pydantic-extra-types, fastapi, databind.json, databind.core, fastapi-cloud-cli, docspec, docspec-python, pydoc-markdown
2025-08-18T23:01:25.7179341Z   Attempting uninstall: sentry-sdk
2025-08-18T23:01:25.7212849Z     Found existing installation: sentry-sdk 2.9.0
2025-08-18T23:01:25.7341795Z     Uninstalling sentry-sdk-2.9.0:
2025-08-18T23:01:25.7364051Z       Successfully uninstalled sentry-sdk-2.9.0
2025-08-18T23:01:26.1202841Z   Attempting uninstall: requests
2025-08-18T23:01:26.1248847Z     Found existing installation: requests 2.32.5
2025-08-18T23:01:26.1277346Z     Uninstalling requests-2.32.5:
2025-08-18T23:01:26.1285781Z       Successfully uninstalled requests-2.32.5
2025-08-18T23:01:26.1669338Z   Attempting uninstall: psycopg2-binary
2025-08-18T23:01:26.1728066Z     Found existing installation: psycopg2-binary 2.9.10
2025-08-18T23:01:26.1753603Z     Uninstalling psycopg2-binary-2.9.10:
2025-08-18T23:01:26.1763705Z       Successfully uninstalled psycopg2-binary-2.9.10
2025-08-18T23:01:26.4934839Z   Attempting uninstall: Jinja2
2025-08-18T23:01:26.4984906Z     Found existing installation: Jinja2 3.1.5
2025-08-18T23:01:26.5018264Z     Uninstalling Jinja2-3.1.5:
2025-08-18T23:01:26.5027020Z       Successfully uninstalled Jinja2-3.1.5
2025-08-18T23:01:26.8466996Z   Attempting uninstall: asyncpg
2025-08-18T23:01:26.8525571Z     Found existing installation: asyncpg 0.29.0
2025-08-18T23:01:26.8574364Z     Uninstalling asyncpg-0.29.0:
2025-08-18T23:01:26.8587425Z       Successfully uninstalled asyncpg-0.29.0
2025-08-18T23:01:27.1331650Z   Attempting uninstall: starlette
2025-08-18T23:01:27.1383900Z     Found existing installation: starlette 0.37.2
2025-08-18T23:01:27.1425326Z     Uninstalling starlette-0.37.2:
2025-08-18T23:01:27.1436358Z       Successfully uninstalled starlette-0.37.2
2025-08-18T23:01:29.0181717Z   Attempting uninstall: httpx
2025-08-18T23:01:29.0233433Z     Found existing installation: httpx 0.26.0
2025-08-18T23:01:29.0270248Z     Uninstalling httpx-0.26.0:
2025-08-18T23:01:29.0282928Z       Successfully uninstalled httpx-0.26.0
2025-08-18T23:01:29.4715342Z   Attempting uninstall: python-telegram-bot
2025-08-18T23:01:29.4764526Z     Found existing installation: python-telegram-bot 20.8
2025-08-18T23:01:29.4921198Z     Uninstalling python-telegram-bot-20.8:
2025-08-18T23:01:29.4944846Z       Successfully uninstalled python-telegram-bot-20.8
2025-08-18T23:01:29.9491068Z   Attempting uninstall: fastapi
2025-08-18T23:01:29.9536009Z     Found existing installation: fastapi 0.111.0
2025-08-18T23:01:29.9588262Z     Uninstalling fastapi-0.111.0:
2025-08-18T23:01:29.9600507Z       Successfully uninstalled fastapi-0.111.0
2025-08-18T23:01:30.1411352Z 
2025-08-18T23:01:30.1534571Z Successfully installed Deprecated-1.2.18 Jinja2-3.1.6 asyncpg-0.30.0 black-25.1.0 coverage-7.10.4 databind-4.5.2 databind.core-4.5.2 databind.json-4.5.2 docker-7.1.0 docspec-2.2.1 docspec-python-2.2.2 docstring-parser-0.11 fastapi-0.116.1 fastapi-cloud-cli-0.1.5 httpx-0.28.1 imapclient-3.0.1 iniconfig-2.1.0 itsdangerous-2.2.0 mirakuru-2.6.1 mypy-1.17.1 nr-date-2.1.0 nr-stream-1.1.5 nr-util-0.8.12 pathspec-0.12.1 platformdirs-4.3.8 pluggy-1.6.0 port-for-0.7.4 psutil-7.0.0 psycopg2-binary-2.9.9 pydantic-extra-types-2.10.5 pydoc-markdown-4.8.2 pytest-8.4.1 pytest-asyncio-0.23.6 pytest-cov-6.2.1 pytest-postgresql-7.0.2 python-telegram-bot-22.2 requests-2.32.4 respx-0.22.0 rignore-0.6.4 ruff-0.4.4 sentry-sdk-2.35.0 setuptools-80.9.0 starlette-0.47.2 testcontainers-4.10.0 tomli-2.2.1 tomli_w-1.2.0 typeapi-2.2.4 types-requests-2.32.0.20240602 watchdog-6.0.0 yapf-0.43.0
2025-08-18T23:01:30.8576696Z Requirement already satisfied: asyncpg in /opt/hostedtoolcache/Python/3.12.11/x64/lib/python3.12/site-packages (0.30.0)
2025-08-18T23:01:31.4849444Z Requirement already satisfied: pytest in /opt/hostedtoolcache/Python/3.12.11/x64/lib/python3.12/site-packages (8.4.1)
2025-08-18T23:01:31.4863506Z Requirement already satisfied: iniconfig>=1 in /opt/hostedtoolcache/Python/3.12.11/x64/lib/python3.12/site-packages (from pytest) (2.1.0)
2025-08-18T23:01:31.4869433Z Requirement already satisfied: packaging>=20 in /opt/hostedtoolcache/Python/3.12.11/x64/lib/python3.12/site-packages (from pytest) (25.0)
2025-08-18T23:01:31.4874987Z Requirement already satisfied: pluggy<2,>=1.5 in /opt/hostedtoolcache/Python/3.12.11/x64/lib/python3.12/site-packages (from pytest) (1.6.0)
2025-08-18T23:01:31.4880104Z Requirement already satisfied: pygments>=2.7.2 in /opt/hostedtoolcache/Python/3.12.11/x64/lib/python3.12/site-packages (from pytest) (2.19.2)
2025-08-18T23:01:32.1639629Z Collecting keepa==1.3.15
2025-08-18T23:01:32.1653321Z   Using cached keepa-1.3.15-py3-none-any.whl.metadata (11 kB)
2025-08-18T23:01:32.1692909Z Requirement already satisfied: minio==7.1.15 in /opt/hostedtoolcache/Python/3.12.11/x64/lib/python3.12/site-packages (7.1.15)
2025-08-18T23:01:32.1704244Z Requirement already satisfied: numpy>=1.9.3 in /opt/hostedtoolcache/Python/3.12.11/x64/lib/python3.12/site-packages (from keepa==1.3.15) (1.26.4)
2025-08-18T23:01:32.1710214Z Requirement already satisfied: requests>=2.2 in /opt/hostedtoolcache/Python/3.12.11/x64/lib/python3.12/site-packages (from keepa==1.3.15) (2.32.4)
2025-08-18T23:01:32.1714256Z Requirement already satisfied: tqdm in /opt/hostedtoolcache/Python/3.12.11/x64/lib/python3.12/site-packages (from keepa==1.3.15) (4.67.1)
2025-08-18T23:01:32.1718826Z Requirement already satisfied: aiohttp in /opt/hostedtoolcache/Python/3.12.11/x64/lib/python3.12/site-packages (from keepa==1.3.15) (3.12.15)
2025-08-18T23:01:32.1724453Z Requirement already satisfied: pandas<=3.0 in /opt/hostedtoolcache/Python/3.12.11/x64/lib/python3.12/site-packages (from keepa==1.3.15) (2.2.3)
2025-08-18T23:01:32.1728662Z Requirement already satisfied: pydantic in /opt/hostedtoolcache/Python/3.12.11/x64/lib/python3.12/site-packages (from keepa==1.3.15) (2.11.7)
2025-08-18T23:01:32.1739694Z Requirement already satisfied: certifi in /opt/hostedtoolcache/Python/3.12.11/x64/lib/python3.12/site-packages (from minio==7.1.15) (2025.8.3)
2025-08-18T23:01:32.1744427Z Requirement already satisfied: urllib3 in /opt/hostedtoolcache/Python/3.12.11/x64/lib/python3.12/site-packages (from minio==7.1.15) (2.5.0)
2025-08-18T23:01:32.1801207Z Requirement already satisfied: python-dateutil>=2.8.2 in /opt/hostedtoolcache/Python/3.12.11/x64/lib/python3.12/site-packages (from pandas<=3.0->keepa==1.3.15) (2.9.0.post0)
2025-08-18T23:01:32.1807047Z Requirement already satisfied: pytz>=2020.1 in /opt/hostedtoolcache/Python/3.12.11/x64/lib/python3.12/site-packages (from pandas<=3.0->keepa==1.3.15) (2025.2)
2025-08-18T23:01:32.1813469Z Requirement already satisfied: tzdata>=2022.7 in /opt/hostedtoolcache/Python/3.12.11/x64/lib/python3.12/site-packages (from pandas<=3.0->keepa==1.3.15) (2025.2)
2025-08-18T23:01:32.1946384Z Requirement already satisfied: six>=1.5 in /opt/hostedtoolcache/Python/3.12.11/x64/lib/python3.12/site-packages (from python-dateutil>=2.8.2->pandas<=3.0->keepa==1.3.15) (1.17.0)
2025-08-18T23:01:32.1965702Z Requirement already satisfied: charset_normalizer<4,>=2 in /opt/hostedtoolcache/Python/3.12.11/x64/lib/python3.12/site-packages (from requests>=2.2->keepa==1.3.15) (3.4.3)
2025-08-18T23:01:32.1971451Z Requirement already satisfied: idna<4,>=2.5 in /opt/hostedtoolcache/Python/3.12.11/x64/lib/python3.12/site-packages (from requests>=2.2->keepa==1.3.15) (3.10)
2025-08-18T23:01:32.2040746Z Requirement already satisfied: aiohappyeyeballs>=2.5.0 in /opt/hostedtoolcache/Python/3.12.11/x64/lib/python3.12/site-packages (from aiohttp->keepa==1.3.15) (2.6.1)
2025-08-18T23:01:32.2045748Z Requirement already satisfied: aiosignal>=1.4.0 in /opt/hostedtoolcache/Python/3.12.11/x64/lib/python3.12/site-packages (from aiohttp->keepa==1.3.15) (1.4.0)
2025-08-18T23:01:32.2052777Z Requirement already satisfied: attrs>=17.3.0 in /opt/hostedtoolcache/Python/3.12.11/x64/lib/python3.12/site-packages (from aiohttp->keepa==1.3.15) (25.3.0)
2025-08-18T23:01:32.2057676Z Requirement already satisfied: frozenlist>=1.1.1 in /opt/hostedtoolcache/Python/3.12.11/x64/lib/python3.12/site-packages (from aiohttp->keepa==1.3.15) (1.7.0)
2025-08-18T23:01:32.2063407Z Requirement already satisfied: multidict<7.0,>=4.5 in /opt/hostedtoolcache/Python/3.12.11/x64/lib/python3.12/site-packages (from aiohttp->keepa==1.3.15) (6.6.4)
2025-08-18T23:01:32.2069312Z Requirement already satisfied: propcache>=0.2.0 in /opt/hostedtoolcache/Python/3.12.11/x64/lib/python3.12/site-packages (from aiohttp->keepa==1.3.15) (0.3.2)
2025-08-18T23:01:32.2074686Z Requirement already satisfied: yarl<2.0,>=1.17.0 in /opt/hostedtoolcache/Python/3.12.11/x64/lib/python3.12/site-packages (from aiohttp->keepa==1.3.15) (1.20.1)
2025-08-18T23:01:32.2134134Z Requirement already satisfied: typing-extensions>=4.2 in /opt/hostedtoolcache/Python/3.12.11/x64/lib/python3.12/site-packages (from aiosignal>=1.4.0->aiohttp->keepa==1.3.15) (4.14.1)
2025-08-18T23:01:32.2227791Z Requirement already satisfied: annotated-types>=0.6.0 in /opt/hostedtoolcache/Python/3.12.11/x64/lib/python3.12/site-packages (from pydantic->keepa==1.3.15) (0.7.0)
2025-08-18T23:01:32.2232548Z Requirement already satisfied: pydantic-core==2.33.2 in /opt/hostedtoolcache/Python/3.12.11/x64/lib/python3.12/site-packages (from pydantic->keepa==1.3.15) (2.33.2)
2025-08-18T23:01:32.2240386Z Requirement already satisfied: typing-inspection>=0.4.0 in /opt/hostedtoolcache/Python/3.12.11/x64/lib/python3.12/site-packages (from pydantic->keepa==1.3.15) (0.4.1)
2025-08-18T23:01:32.2321164Z Using cached keepa-1.3.15-py3-none-any.whl (38 kB)
2025-08-18T23:01:32.4009797Z Installing collected packages: keepa
2025-08-18T23:01:32.4010526Z   Attempting uninstall: keepa
2025-08-18T23:01:32.4043418Z     Found existing installation: keepa 1.3.14
2025-08-18T23:01:32.4066102Z     Uninstalling keepa-1.3.14:
2025-08-18T23:01:32.4075022Z       Successfully uninstalled keepa-1.3.14
2025-08-18T23:01:32.4514803Z Successfully installed keepa-1.3.15
2025-08-18T23:01:32.5119411Z ##[group]Run actions/setup-node@v4
2025-08-18T23:01:32.5119686Z with:
2025-08-18T23:01:32.5119870Z   node-version: 20.19.0
2025-08-18T23:01:32.5120077Z   always-auth: false
2025-08-18T23:01:32.5120271Z   check-latest: false
2025-08-18T23:01:32.5120571Z   token: ***
2025-08-18T23:01:32.5120747Z env:
2025-08-18T23:01:32.5120943Z   REDIS_URL: redis://localhost:6379/0
2025-08-18T23:01:32.5121232Z   RATE_LIMIT_DEFAULT: 100/minute
2025-08-18T23:01:32.5121458Z   TRUST_X_FORWARDED: 1
2025-08-18T23:01:32.5121665Z   PG_USER: postgres
2025-08-18T23:01:32.5121857Z   PG_PASSWORD: pass
2025-08-18T23:01:32.5122055Z   PG_DATABASE: awa
2025-08-18T23:01:32.5122248Z   PG_HOST: localhost
2025-08-18T23:01:32.5122442Z   PG_PORT: 5432
2025-08-18T23:01:32.5122810Z   PG_SYNC_DSN: ***localhost:5432/awa
2025-08-18T23:01:32.5123200Z   PG_ASYNC_DSN: ***localhost:5432/awa
2025-08-18T23:01:32.5123585Z   DATABASE_URL: ***localhost:5432/awa
2025-08-18T23:01:32.5123827Z   DATA_DIR: /tmp/awa-data
2025-08-18T23:01:32.5124067Z   ENABLE_LIVE: 0
2025-08-18T23:01:32.5124250Z   TESTING: 1
2025-08-18T23:01:32.5124495Z   pythonLocation: /opt/hostedtoolcache/Python/3.12.11/x64
2025-08-18T23:01:32.5124903Z   PKG_CONFIG_PATH: /opt/hostedtoolcache/Python/3.12.11/x64/lib/pkgconfig
2025-08-18T23:01:32.5125302Z   Python_ROOT_DIR: /opt/hostedtoolcache/Python/3.12.11/x64
2025-08-18T23:01:32.5125661Z   Python2_ROOT_DIR: /opt/hostedtoolcache/Python/3.12.11/x64
2025-08-18T23:01:32.5126013Z   Python3_ROOT_DIR: /opt/hostedtoolcache/Python/3.12.11/x64
2025-08-18T23:01:32.5126378Z   LD_LIBRARY_PATH: /opt/hostedtoolcache/Python/3.12.11/x64/lib
2025-08-18T23:01:32.5126688Z ##[endgroup]
2025-08-18T23:01:32.6830263Z Attempting to download 20.19.0...
2025-08-18T23:01:33.0434698Z Acquiring 20.19.0 - x64 from https://github.com/actions/node-versions/releases/download/20.19.0-13838090974/node-20.19.0-linux-x64.tar.gz
2025-08-18T23:01:33.4265774Z Extracting ...
2025-08-18T23:01:33.4372158Z [command]/usr/bin/tar xz --strip 1 --warning=no-unknown-keyword --overwrite -C /home/runner/work/_temp/2ea39475-65d2-4fba-abec-9690a8095865 -f /home/runner/work/_temp/7221afa5-e6e3-4767-a7e6-0b7e29a9b551
2025-08-18T23:01:34.4169103Z Adding to the cache ...
2025-08-18T23:01:36.0276558Z ##[group]Environment details
2025-08-18T23:01:36.2435679Z node: v20.19.0
2025-08-18T23:01:36.2436041Z npm: 10.8.2
2025-08-18T23:01:36.2436254Z yarn: 1.22.22
2025-08-18T23:01:36.2437391Z ##[endgroup]
2025-08-18T23:01:36.2583392Z ##[group]Run npm ci
2025-08-18T23:01:36.2583633Z [36;1mnpm ci[0m
2025-08-18T23:01:36.2624382Z shell: /usr/bin/bash -e {0}
2025-08-18T23:01:36.2624608Z env:
2025-08-18T23:01:36.2624820Z   REDIS_URL: redis://localhost:6379/0
2025-08-18T23:01:36.2625088Z   RATE_LIMIT_DEFAULT: 100/minute
2025-08-18T23:01:36.2625318Z   TRUST_X_FORWARDED: 1
2025-08-18T23:01:36.2625532Z   PG_USER: postgres
2025-08-18T23:01:36.2625739Z   PG_PASSWORD: pass
2025-08-18T23:01:36.2625928Z   PG_DATABASE: awa
2025-08-18T23:01:36.2626114Z   PG_HOST: localhost
2025-08-18T23:01:36.2626307Z   PG_PORT: 5432
2025-08-18T23:01:36.2626738Z   PG_SYNC_DSN: ***localhost:5432/awa
2025-08-18T23:01:36.2627390Z   PG_ASYNC_DSN: ***localhost:5432/awa
2025-08-18T23:01:36.2627783Z   DATABASE_URL: ***localhost:5432/awa
2025-08-18T23:01:36.2628029Z   DATA_DIR: /tmp/awa-data
2025-08-18T23:01:36.2628238Z   ENABLE_LIVE: 0
2025-08-18T23:01:36.2628423Z   TESTING: 1
2025-08-18T23:01:36.2628723Z   pythonLocation: /opt/hostedtoolcache/Python/3.12.11/x64
2025-08-18T23:01:36.2629127Z   PKG_CONFIG_PATH: /opt/hostedtoolcache/Python/3.12.11/x64/lib/pkgconfig
2025-08-18T23:01:36.2629528Z   Python_ROOT_DIR: /opt/hostedtoolcache/Python/3.12.11/x64
2025-08-18T23:01:36.2629905Z   Python2_ROOT_DIR: /opt/hostedtoolcache/Python/3.12.11/x64
2025-08-18T23:01:36.2630271Z   Python3_ROOT_DIR: /opt/hostedtoolcache/Python/3.12.11/x64
2025-08-18T23:01:36.2630658Z   LD_LIBRARY_PATH: /opt/hostedtoolcache/Python/3.12.11/x64/lib
2025-08-18T23:01:36.2630956Z ##[endgroup]
2025-08-18T23:01:39.0753897Z npm warn deprecated node-domexception@1.0.0: Use your platform's native DOMException instead
2025-08-18T23:01:42.4399667Z 
2025-08-18T23:01:42.4403982Z added 432 packages, and audited 433 packages in 6s
2025-08-18T23:01:42.4404667Z 
2025-08-18T23:01:42.4405029Z 112 packages are looking for funding
2025-08-18T23:01:42.4407185Z   run `npm fund` for details
2025-08-18T23:01:42.4422826Z 
2025-08-18T23:01:42.4423511Z 2 vulnerabilities (1 low, 1 critical)
2025-08-18T23:01:42.4423906Z 
2025-08-18T23:01:42.4424175Z To address all issues, run:
2025-08-18T23:01:42.4424612Z   npm audit fix
2025-08-18T23:01:42.4424825Z 
2025-08-18T23:01:42.4425042Z Run `npm audit` for details.
2025-08-18T23:01:42.4700780Z ##[group]Run npm run build --if-present
2025-08-18T23:01:42.4701136Z [36;1mnpm run build --if-present[0m
2025-08-18T23:01:42.4743649Z shell: /usr/bin/bash -e {0}
2025-08-18T23:01:42.4743884Z env:
2025-08-18T23:01:42.4744095Z   REDIS_URL: redis://localhost:6379/0
2025-08-18T23:01:42.4744373Z   RATE_LIMIT_DEFAULT: 100/minute
2025-08-18T23:01:42.4744607Z   TRUST_X_FORWARDED: 1
2025-08-18T23:01:42.4744810Z   PG_USER: postgres
2025-08-18T23:01:42.4745013Z   PG_PASSWORD: pass
2025-08-18T23:01:42.4745201Z   PG_DATABASE: awa
2025-08-18T23:01:42.4745382Z   PG_HOST: localhost
2025-08-18T23:01:42.4745576Z   PG_PORT: 5432
2025-08-18T23:01:42.4746011Z   PG_SYNC_DSN: ***localhost:5432/awa
2025-08-18T23:01:42.4746448Z   PG_ASYNC_DSN: ***localhost:5432/awa
2025-08-18T23:01:42.4747021Z   DATABASE_URL: ***localhost:5432/awa
2025-08-18T23:01:42.4747270Z   DATA_DIR: /tmp/awa-data
2025-08-18T23:01:42.4747480Z   ENABLE_LIVE: 0
2025-08-18T23:01:42.4747664Z   TESTING: 1
2025-08-18T23:01:42.4747956Z   pythonLocation: /opt/hostedtoolcache/Python/3.12.11/x64
2025-08-18T23:01:42.4748366Z   PKG_CONFIG_PATH: /opt/hostedtoolcache/Python/3.12.11/x64/lib/pkgconfig
2025-08-18T23:01:42.4748762Z   Python_ROOT_DIR: /opt/hostedtoolcache/Python/3.12.11/x64
2025-08-18T23:01:42.4749124Z   Python2_ROOT_DIR: /opt/hostedtoolcache/Python/3.12.11/x64
2025-08-18T23:01:42.4749487Z   Python3_ROOT_DIR: /opt/hostedtoolcache/Python/3.12.11/x64
2025-08-18T23:01:42.4749858Z   LD_LIBRARY_PATH: /opt/hostedtoolcache/Python/3.12.11/x64/lib
2025-08-18T23:01:42.4750167Z ##[endgroup]
2025-08-18T23:01:42.5859902Z 
2025-08-18T23:01:42.5860591Z > web@0.0.0 build
2025-08-18T23:01:42.5861057Z > tsc -b && vite build
2025-08-18T23:01:42.5861302Z 
2025-08-18T23:01:45.3882630Z [36mvite v7.0.4 [32mbuilding for production...[36m[39m
2025-08-18T23:01:45.5662974Z transforming...
2025-08-18T23:01:48.6912995Z [32m✓[39m 687 modules transformed.
2025-08-18T23:01:49.1441764Z rendering chunks...
2025-08-18T23:01:49.1533153Z computing gzip size...
2025-08-18T23:01:49.1718391Z [2mdist/[22m[32mindex.html                 [39m[1m[2m  0.46 kB[22m[1m[22m[2m │ gzip:   0.30 kB[22m
2025-08-18T23:01:49.1720003Z [2mdist/[22m[2massets/[22m[35mindex-5IA1gRGW.css  [39m[1m[2m  0.84 kB[22m[1m[22m[2m │ gzip:   0.45 kB[22m
2025-08-18T23:01:49.1721644Z [2mdist/[22m[2massets/[22m[36mindex-CIqpArhq.js   [39m[1m[33m613.66 kB[39m[22m[2m │ gzip: 193.69 kB[22m
2025-08-18T23:01:49.1722602Z [33m
2025-08-18T23:01:49.1723300Z (!) Some chunks are larger than 500 kB after minification. Consider:
2025-08-18T23:01:49.1724145Z - Using dynamic import() to code-split the application
2025-08-18T23:01:49.1725533Z - Use build.rollupOptions.output.manualChunks to improve chunking: https://rollupjs.org/configuration-options/#output-manualchunks
2025-08-18T23:01:49.1726509Z - Adjust chunk size limit for this warning via build.chunkSizeWarningLimit.[39m
2025-08-18T23:01:49.1727191Z [32m✓ built in 3.76s[39m
2025-08-18T23:01:49.2203869Z ##[group]Run sudo apt-get update
2025-08-18T23:01:49.2204178Z [36;1msudo apt-get update[0m
2025-08-18T23:01:49.2204437Z [36;1msudo apt-get install -y postgresql[0m
2025-08-18T23:01:49.2204933Z [36;1mecho "/usr/lib/postgresql/$(pg_config --version | cut -d' ' -f2 | cut -d'.' -f1,2)/bin" >> $GITHUB_PATH[0m
2025-08-18T23:01:49.2246294Z shell: /usr/bin/bash -e {0}
2025-08-18T23:01:49.2246537Z env:
2025-08-18T23:01:49.2246853Z   REDIS_URL: redis://localhost:6379/0
2025-08-18T23:01:49.2247139Z   RATE_LIMIT_DEFAULT: 100/minute
2025-08-18T23:01:49.2247372Z   TRUST_X_FORWARDED: 1
2025-08-18T23:01:49.2247581Z   PG_USER: postgres
2025-08-18T23:01:49.2247782Z   PG_PASSWORD: pass
2025-08-18T23:01:49.2247971Z   PG_DATABASE: awa
2025-08-18T23:01:49.2248159Z   PG_HOST: localhost
2025-08-18T23:01:49.2248371Z   PG_PORT: 5432
2025-08-18T23:01:49.2248808Z   PG_SYNC_DSN: ***localhost:5432/awa
2025-08-18T23:01:49.2249304Z   PG_ASYNC_DSN: ***localhost:5432/awa
2025-08-18T23:01:49.2249740Z   DATABASE_URL: ***localhost:5432/awa
2025-08-18T23:01:49.2249990Z   DATA_DIR: /tmp/awa-data
2025-08-18T23:01:49.2250202Z   ENABLE_LIVE: 0
2025-08-18T23:01:49.2250383Z   TESTING: 1
2025-08-18T23:01:49.2250628Z   pythonLocation: /opt/hostedtoolcache/Python/3.12.11/x64
2025-08-18T23:01:49.2251032Z   PKG_CONFIG_PATH: /opt/hostedtoolcache/Python/3.12.11/x64/lib/pkgconfig
2025-08-18T23:01:49.2251420Z   Python_ROOT_DIR: /opt/hostedtoolcache/Python/3.12.11/x64
2025-08-18T23:01:49.2251777Z   Python2_ROOT_DIR: /opt/hostedtoolcache/Python/3.12.11/x64
2025-08-18T23:01:49.2252144Z   Python3_ROOT_DIR: /opt/hostedtoolcache/Python/3.12.11/x64
2025-08-18T23:01:49.2252506Z   LD_LIBRARY_PATH: /opt/hostedtoolcache/Python/3.12.11/x64/lib
2025-08-18T23:01:49.2252806Z ##[endgroup]
2025-08-18T23:01:49.3003300Z Get:1 file:/etc/apt/apt-mirrors.txt Mirrorlist [144 B]
2025-08-18T23:01:49.3337791Z Hit:2 http://azure.archive.ubuntu.com/ubuntu noble InRelease
2025-08-18T23:01:49.3365186Z Get:3 http://azure.archive.ubuntu.com/ubuntu noble-updates InRelease [126 kB]
2025-08-18T23:01:49.3374784Z Hit:6 https://packages.microsoft.com/repos/azure-cli noble InRelease
2025-08-18T23:01:49.3400632Z Get:4 http://azure.archive.ubuntu.com/ubuntu noble-backports InRelease [126 kB]
2025-08-18T23:01:49.3427880Z Get:5 http://azure.archive.ubuntu.com/ubuntu noble-security InRelease [126 kB]
2025-08-18T23:01:49.3438505Z Get:7 https://packages.microsoft.com/ubuntu/24.04/prod noble InRelease [3600 B]
2025-08-18T23:01:49.5056131Z Get:8 http://azure.archive.ubuntu.com/ubuntu noble-updates/main amd64 Packages [1335 kB]
2025-08-18T23:01:49.5190253Z Get:9 http://azure.archive.ubuntu.com/ubuntu noble-updates/main Translation-en [267 kB]
2025-08-18T23:01:49.5214277Z Get:10 http://azure.archive.ubuntu.com/ubuntu noble-updates/main amd64 Components [175 kB]
2025-08-18T23:01:49.5231688Z Get:11 http://azure.archive.ubuntu.com/ubuntu noble-updates/universe amd64 Packages [1121 kB]
2025-08-18T23:01:49.5295971Z Get:12 http://azure.archive.ubuntu.com/ubuntu noble-updates/universe Translation-en [288 kB]
2025-08-18T23:01:49.5325584Z Get:13 http://azure.archive.ubuntu.com/ubuntu noble-updates/universe amd64 Components [377 kB]
2025-08-18T23:01:49.5355308Z Get:14 http://azure.archive.ubuntu.com/ubuntu noble-updates/restricted amd64 Packages [1694 kB]
2025-08-18T23:01:49.5557270Z Get:15 http://azure.archive.ubuntu.com/ubuntu noble-updates/restricted Translation-en [374 kB]
2025-08-18T23:01:49.5588101Z Get:16 http://azure.archive.ubuntu.com/ubuntu noble-updates/restricted amd64 Components [212 B]
2025-08-18T23:01:49.5600639Z Get:17 http://azure.archive.ubuntu.com/ubuntu noble-updates/multiverse amd64 Components [940 B]
2025-08-18T23:01:49.6158690Z Get:18 http://azure.archive.ubuntu.com/ubuntu noble-backports/main amd64 Components [7068 B]
2025-08-18T23:01:49.6172594Z Get:19 http://azure.archive.ubuntu.com/ubuntu noble-backports/universe amd64 Packages [30.2 kB]
2025-08-18T23:01:49.6246982Z Get:20 http://azure.archive.ubuntu.com/ubuntu noble-backports/universe Translation-en [17.4 kB]
2025-08-18T23:01:49.6251882Z Get:21 http://azure.archive.ubuntu.com/ubuntu noble-backports/universe amd64 Components [19.2 kB]
2025-08-18T23:01:49.6255130Z Get:22 http://azure.archive.ubuntu.com/ubuntu noble-backports/restricted amd64 Components [212 B]
2025-08-18T23:01:49.6256579Z Get:23 http://azure.archive.ubuntu.com/ubuntu noble-backports/multiverse amd64 Components [212 B]
2025-08-18T23:01:49.6283389Z Get:24 http://azure.archive.ubuntu.com/ubuntu noble-security/main amd64 Packages [1065 kB]
2025-08-18T23:01:49.6359539Z Get:25 http://azure.archive.ubuntu.com/ubuntu noble-security/main Translation-en [185 kB]
2025-08-18T23:01:49.6384235Z Get:26 http://azure.archive.ubuntu.com/ubuntu noble-security/main amd64 Components [21.6 kB]
2025-08-18T23:01:49.6393943Z Get:27 http://azure.archive.ubuntu.com/ubuntu noble-security/universe amd64 Packages [879 kB]
2025-08-18T23:01:49.6459464Z Get:28 http://azure.archive.ubuntu.com/ubuntu noble-security/universe Translation-en [194 kB]
2025-08-18T23:01:49.6491649Z Get:29 http://azure.archive.ubuntu.com/ubuntu noble-security/universe amd64 Components [52.2 kB]
2025-08-18T23:01:49.6519462Z Get:30 http://azure.archive.ubuntu.com/ubuntu noble-security/restricted amd64 Packages [1587 kB]
2025-08-18T23:01:49.6629257Z Get:31 http://azure.archive.ubuntu.com/ubuntu noble-security/restricted Translation-en [350 kB]
2025-08-18T23:01:49.6901398Z Get:34 https://packages.microsoft.com/ubuntu/24.04/prod noble/main amd64 Packages [47.9 kB]
2025-08-18T23:01:49.6962345Z Get:35 https://packages.microsoft.com/ubuntu/24.04/prod noble/main arm64 Packages [33.1 kB]
2025-08-18T23:01:49.7077082Z Get:32 http://azure.archive.ubuntu.com/ubuntu noble-security/restricted amd64 Components [212 B]
2025-08-18T23:01:49.7083177Z Get:33 http://azure.archive.ubuntu.com/ubuntu noble-security/multiverse amd64 Components [212 B]
2025-08-18T23:01:53.6929831Z Fetched 10.5 MB in 1s (8179 kB/s)
2025-08-18T23:01:54.4274326Z Reading package lists...
2025-08-18T23:01:54.4605116Z Reading package lists...
2025-08-18T23:01:54.6292479Z Building dependency tree...
2025-08-18T23:01:54.6299862Z Reading state information...
2025-08-18T23:01:54.7815922Z Suggested packages:
2025-08-18T23:01:54.7816317Z   postgresql-doc
2025-08-18T23:01:54.8004337Z The following NEW packages will be installed:
2025-08-18T23:01:54.8004857Z   postgresql
2025-08-18T23:01:54.8178059Z 0 upgraded, 1 newly installed, 0 to remove and 39 not upgraded.
2025-08-18T23:01:54.8178800Z Need to get 11.6 kB of archives.
2025-08-18T23:01:54.8179311Z After this operation, 17.4 kB of additional disk space will be used.
2025-08-18T23:01:54.8179806Z Get:1 file:/etc/apt/apt-mirrors.txt Mirrorlist [144 B]
2025-08-18T23:01:54.8544537Z Get:2 http://azure.archive.ubuntu.com/ubuntu noble-updates/main amd64 postgresql all 16+257build1.1 [11.6 kB]
2025-08-18T23:01:55.1262487Z Fetched 11.6 kB in 0s (245 kB/s)
2025-08-18T23:01:55.1637971Z Selecting previously unselected package postgresql.
2025-08-18T23:01:55.2516236Z (Reading database ... 
2025-08-18T23:01:55.2516925Z (Reading database ... 5%
2025-08-18T23:01:55.2517411Z (Reading database ... 10%
2025-08-18T23:01:55.2517766Z (Reading database ... 15%
2025-08-18T23:01:55.2518049Z (Reading database ... 20%
2025-08-18T23:01:55.2518320Z (Reading database ... 25%
2025-08-18T23:01:55.2518588Z (Reading database ... 30%
2025-08-18T23:01:55.2518850Z (Reading database ... 35%
2025-08-18T23:01:55.2519128Z (Reading database ... 40%
2025-08-18T23:01:55.2519399Z (Reading database ... 45%
2025-08-18T23:01:55.2519668Z (Reading database ... 50%
2025-08-18T23:01:55.3668590Z (Reading database ... 55%
2025-08-18T23:01:55.5895650Z (Reading database ... 60%
2025-08-18T23:01:55.9203016Z (Reading database ... 65%
2025-08-18T23:01:56.0844737Z (Reading database ... 70%
2025-08-18T23:01:56.1979682Z (Reading database ... 75%
2025-08-18T23:01:56.7280419Z (Reading database ... 80%
2025-08-18T23:01:57.4704735Z (Reading database ... 85%
2025-08-18T23:01:58.3163931Z (Reading database ... 90%
2025-08-18T23:01:58.9768023Z (Reading database ... 95%
2025-08-18T23:01:58.9769159Z (Reading database ... 100%
2025-08-18T23:01:58.9770045Z (Reading database ... 219881 files and directories currently installed.)
2025-08-18T23:01:58.9816489Z Preparing to unpack .../postgresql_16+257build1.1_all.deb ...
2025-08-18T23:01:58.9852587Z Unpacking postgresql (16+257build1.1) ...
2025-08-18T23:01:59.0341648Z Setting up postgresql (16+257build1.1) ...
2025-08-18T23:02:00.1762689Z 
2025-08-18T23:02:00.1763300Z Running kernel seems to be up-to-date.
2025-08-18T23:02:00.1763678Z 
2025-08-18T23:02:00.1763870Z Restarting services...
2025-08-18T23:02:00.1842736Z 
2025-08-18T23:02:00.1843289Z Service restarts being deferred:
2025-08-18T23:02:00.1847543Z  systemctl restart hosted-compute-agent.service
2025-08-18T23:02:00.1847916Z 
2025-08-18T23:02:00.1848341Z No containers need to be restarted.
2025-08-18T23:02:00.1848648Z 
2025-08-18T23:02:00.1848977Z No user sessions are running outdated binaries.
2025-08-18T23:02:00.1849320Z 
2025-08-18T23:02:00.1849801Z No VM guests are running outdated hypervisor (qemu) binaries on this host.
2025-08-18T23:02:01.2678782Z ##[group]Run for i in {1..30}; do pg_isready -h localhost -p 5432 -U postgres -d awa && break; sleep 1; done
2025-08-18T23:02:01.2679423Z [36;1mfor i in {1..30}; do pg_isready -h localhost -p 5432 -U postgres -d awa && break; sleep 1; done[0m
2025-08-18T23:02:01.2720534Z shell: /usr/bin/bash -e {0}
2025-08-18T23:02:01.2720775Z env:
2025-08-18T23:02:01.2720988Z   REDIS_URL: redis://localhost:6379/0
2025-08-18T23:02:01.2721258Z   RATE_LIMIT_DEFAULT: 100/minute
2025-08-18T23:02:01.2721494Z   TRUST_X_FORWARDED: 1
2025-08-18T23:02:01.2721698Z   PG_USER: postgres
2025-08-18T23:02:01.2721891Z   PG_PASSWORD: pass
2025-08-18T23:02:01.2722078Z   PG_DATABASE: awa
2025-08-18T23:02:01.2722265Z   PG_HOST: localhost
2025-08-18T23:02:01.2722462Z   PG_PORT: 5432
2025-08-18T23:02:01.2722897Z   PG_SYNC_DSN: ***localhost:5432/awa
2025-08-18T23:02:01.2723306Z   PG_ASYNC_DSN: ***localhost:5432/awa
2025-08-18T23:02:01.2723698Z   DATABASE_URL: ***localhost:5432/awa
2025-08-18T23:02:01.2723973Z   DATA_DIR: /tmp/awa-data
2025-08-18T23:02:01.2724178Z   ENABLE_LIVE: 0
2025-08-18T23:02:01.2724358Z   TESTING: 1
2025-08-18T23:02:01.2724601Z   pythonLocation: /opt/hostedtoolcache/Python/3.12.11/x64
2025-08-18T23:02:01.2725004Z   PKG_CONFIG_PATH: /opt/hostedtoolcache/Python/3.12.11/x64/lib/pkgconfig
2025-08-18T23:02:01.2725399Z   Python_ROOT_DIR: /opt/hostedtoolcache/Python/3.12.11/x64
2025-08-18T23:02:01.2725755Z   Python2_ROOT_DIR: /opt/hostedtoolcache/Python/3.12.11/x64
2025-08-18T23:02:01.2726113Z   Python3_ROOT_DIR: /opt/hostedtoolcache/Python/3.12.11/x64
2025-08-18T23:02:01.2726464Z   LD_LIBRARY_PATH: /opt/hostedtoolcache/Python/3.12.11/x64/lib
2025-08-18T23:02:01.2727005Z ##[endgroup]
2025-08-18T23:02:01.3309518Z localhost:5432 - accepting connections
2025-08-18T23:02:01.3351740Z ##[group]Run alembic -c services/api/alembic.ini upgrade head
2025-08-18T23:02:01.3352365Z [36;1malembic -c services/api/alembic.ini upgrade head[0m
2025-08-18T23:02:01.3394080Z shell: /usr/bin/bash -e {0}
2025-08-18T23:02:01.3394319Z env:
2025-08-18T23:02:01.3394531Z   REDIS_URL: redis://localhost:6379/0
2025-08-18T23:02:01.3394811Z   RATE_LIMIT_DEFAULT: 100/minute
2025-08-18T23:02:01.3395046Z   TRUST_X_FORWARDED: 1
2025-08-18T23:02:01.3395244Z   PG_USER: postgres
2025-08-18T23:02:01.3395447Z   PG_PASSWORD: pass
2025-08-18T23:02:01.3395637Z   PG_DATABASE: awa
2025-08-18T23:02:01.3395821Z   PG_HOST: localhost
2025-08-18T23:02:01.3396023Z   PG_PORT: 5432
2025-08-18T23:02:01.3396467Z   PG_SYNC_DSN: ***localhost:5432/awa
2025-08-18T23:02:01.3397107Z   PG_ASYNC_DSN: ***localhost:5432/awa
2025-08-18T23:02:01.3397515Z   DATABASE_URL: ***localhost:5432/awa
2025-08-18T23:02:01.3397764Z   DATA_DIR: /tmp/awa-data
2025-08-18T23:02:01.3397978Z   ENABLE_LIVE: 0
2025-08-18T23:02:01.3398203Z   TESTING: 1
2025-08-18T23:02:01.3398455Z   pythonLocation: /opt/hostedtoolcache/Python/3.12.11/x64
2025-08-18T23:02:01.3398876Z   PKG_CONFIG_PATH: /opt/hostedtoolcache/Python/3.12.11/x64/lib/pkgconfig
2025-08-18T23:02:01.3399270Z   Python_ROOT_DIR: /opt/hostedtoolcache/Python/3.12.11/x64
2025-08-18T23:02:01.3399625Z   Python2_ROOT_DIR: /opt/hostedtoolcache/Python/3.12.11/x64
2025-08-18T23:02:01.3399982Z   Python3_ROOT_DIR: /opt/hostedtoolcache/Python/3.12.11/x64
2025-08-18T23:02:01.3400339Z   LD_LIBRARY_PATH: /opt/hostedtoolcache/Python/3.12.11/x64/lib
2025-08-18T23:02:01.3400655Z   POSTGRES_USER: postgres
2025-08-18T23:02:01.3400872Z   POSTGRES_PASSWORD: pass
2025-08-18T23:02:01.3401067Z   POSTGRES_DB: awa
2025-08-18T23:02:01.3401257Z ##[endgroup]
2025-08-18T23:02:02.2650949Z INFO  [alembic.runtime.migration] Context impl PostgresqlImpl.
2025-08-18T23:02:02.2651903Z INFO  [alembic.runtime.migration] Will assume transactional DDL.
2025-08-18T23:02:02.2831727Z INFO  [alembic.runtime.migration] Running upgrade  -> 0001_baseline
2025-08-18T23:02:02.2986649Z INFO  [alembic.runtime.migration] Running upgrade 0001_baseline -> 0002_create_roi_view
2025-08-18T23:02:02.3013295Z INFO  [alembic.runtime.migration] Running upgrade 0002_create_roi_view -> 3e9d5c5aff2c
2025-08-18T23:02:02.3185185Z INFO  [alembic.runtime.migration] Running upgrade 3e9d5c5aff2c -> 0003_vendor_prices
2025-08-18T23:02:02.3359017Z INFO  [alembic.runtime.migration] Running upgrade 0003_vendor_prices -> 0004_fee_cron
2025-08-18T23:02:02.3434641Z INFO  [alembic.runtime.migration] Running upgrade 0004_fee_cron -> 0006_fix_roi_views
2025-08-18T23:02:02.3467463Z INFO  [alembic.runtime.migration] Running upgrade 0006_fix_roi_views -> 0020_unified_schema
2025-08-18T23:02:02.3589515Z INFO  [alembic.runtime.migration] Running upgrade 0020_unified_schema -> 0022_fix_roi_view
2025-08-18T23:02:02.3749292Z INFO  [alembic.runtime.migration] Running upgrade 0022_fix_roi_view -> 0023_add_storage_fee
2025-08-18T23:02:02.3793493Z INFO  [alembic.runtime.migration] Running upgrade 0023_add_storage_fee -> 0024_create_buybox
2025-08-18T23:02:02.3822491Z INFO  [alembic.runtime.migration] Running upgrade 0024_create_buybox -> 0025_pr4_indexes_loadlog
2025-08-18T23:02:02.4045516Z INFO  [alembic.runtime.migration] Running upgrade 0025_pr4_indexes_loadlog -> 0026_amazon_new_reports
2025-08-18T23:02:02.5159186Z ##[group]Run pytest -q --cov=services
2025-08-18T23:02:02.5159781Z [36;1mpytest -q --cov=services[0m
2025-08-18T23:02:02.5211763Z shell: /usr/bin/bash -e {0}
2025-08-18T23:02:02.5212027Z env:
2025-08-18T23:02:02.5212253Z   REDIS_URL: redis://localhost:6379/0
2025-08-18T23:02:02.5212536Z   RATE_LIMIT_DEFAULT: 100/minute
2025-08-18T23:02:02.5212785Z   TRUST_X_FORWARDED: 1
2025-08-18T23:02:02.5213037Z   PG_USER: postgres
2025-08-18T23:02:02.5213477Z   PG_PASSWORD: pass
2025-08-18T23:02:02.5213766Z   PG_DATABASE: awa
2025-08-18T23:02:02.5214013Z   PG_HOST: localhost
2025-08-18T23:02:02.5214398Z   PG_PORT: 5432
2025-08-18T23:02:02.5214968Z   PG_SYNC_DSN: ***localhost:5432/awa
2025-08-18T23:02:02.5215546Z   PG_ASYNC_DSN: ***localhost:5432/awa
2025-08-18T23:02:02.5228252Z   DATABASE_URL: ***localhost:5432/awa
2025-08-18T23:02:02.5228754Z   DATA_DIR: /home/runner/work/_temp/awa-data
2025-08-18T23:02:02.5229223Z   ENABLE_LIVE: 0
2025-08-18T23:02:02.5229558Z   TESTING: 1
2025-08-18T23:02:02.5230066Z   pythonLocation: /opt/hostedtoolcache/Python/3.12.11/x64
2025-08-18T23:02:02.5230831Z   PKG_CONFIG_PATH: /opt/hostedtoolcache/Python/3.12.11/x64/lib/pkgconfig
2025-08-18T23:02:02.5231591Z   Python_ROOT_DIR: /opt/hostedtoolcache/Python/3.12.11/x64
2025-08-18T23:02:02.5232249Z   Python2_ROOT_DIR: /opt/hostedtoolcache/Python/3.12.11/x64
2025-08-18T23:02:02.5232942Z   Python3_ROOT_DIR: /opt/hostedtoolcache/Python/3.12.11/x64
2025-08-18T23:02:02.5233617Z   LD_LIBRARY_PATH: /opt/hostedtoolcache/Python/3.12.11/x64/lib
2025-08-18T23:02:02.5234189Z   POSTGRES_USER: postgres
2025-08-18T23:02:02.5234604Z   POSTGRES_PASSWORD: pass
2025-08-18T23:02:02.5234983Z   POSTGRES_DB: awa
2025-08-18T23:02:02.5235325Z   LLM_PROVIDER: lan
2025-08-18T23:02:02.5235722Z   LLM_BASE_URL: http://localhost:8000
2025-08-18T23:02:02.5236170Z ##[endgroup]
2025-08-18T23:02:34.2375681Z ........s.............................sssssss........................... [ 46%]
2025-08-18T23:03:06.2893508Z ........................................................................ [ 92%]
2025-08-18T23:03:07.5712676Z ...........                                                              [100%]
2025-08-18T23:03:07.5714724Z =============================== warnings summary ===============================
2025-08-18T23:03:07.5715470Z services/alert_bot/tests/test_smoke.py:5
2025-08-18T23:03:07.5718279Z   /home/runner/work/AWA-App/AWA-App/services/alert_bot/tests/test_smoke.py:5: UserWarning: pkg_resources is deprecated as an API. See https://setuptools.pypa.io/en/latest/pkg_resources.html. The pkg_resources package is slated for removal as early as 2025-11-30. Refrain from using this package or pin to Setuptools<81.
2025-08-18T23:03:07.5720535Z     import pkg_resources  # noqa: F401
2025-08-18T23:03:07.5720916Z 
2025-08-18T23:03:07.5721247Z tests/api/test_ingest_endpoints.py: 12 warnings
2025-08-18T23:03:07.5721918Z tests/ingest/test_tasks_eager.py: 3 warnings
2025-08-18T23:03:07.5722545Z tests/test_api_fast.py: 1 warning
2025-08-18T23:03:07.5723085Z tests/test_health.py: 5 warnings
2025-08-18T23:03:07.5723580Z tests/test_smoke.py: 5 warnings
2025-08-18T23:03:07.5724107Z services/api/tests/test_cors.py: 1 warning
2025-08-18T23:03:07.5724687Z services/api/tests/test_errors_json.py: 2 warnings
2025-08-18T23:03:07.5725274Z services/api/tests/test_health.py: 1 warning
2025-08-18T23:03:07.5725910Z services/api/tests/test_rate_limit.py: 122 warnings
2025-08-18T23:03:07.5726547Z services/api/tests/test_sentry_event.py: 1 warning
2025-08-18T23:03:07.5729382Z   /opt/hostedtoolcache/Python/3.12.11/x64/lib/python3.12/site-packages/asgi_correlation_id/extensions/sentry.py:27: DeprecationWarning: sentry_sdk.configure_scope is deprecated and will be removed in the next major version. Please consult our migration guide to learn how to migrate to the new API: https://docs.sentry.io/platforms/python/migration/1.x-to-2.x#scope-configuring
2025-08-18T23:03:07.5731357Z     with configure_scope() as scope:
2025-08-18T23:03:07.5731548Z 
2025-08-18T23:03:07.5732060Z tests/api/test_ingest_endpoints.py: 3 warnings
2025-08-18T23:03:07.5732434Z tests/test_api_fast.py: 1 warning
2025-08-18T23:03:07.5732733Z tests/test_health.py: 5 warnings
2025-08-18T23:03:07.5733014Z tests/test_smoke.py: 5 warnings
2025-08-18T23:03:07.5733312Z services/api/tests/test_cors.py: 3 warnings
2025-08-18T23:03:07.5733672Z services/api/tests/test_errors_json.py: 2 warnings
2025-08-18T23:03:07.5734027Z services/api/tests/test_health.py: 1 warning
2025-08-18T23:03:07.5734383Z services/api/tests/test_rate_limit.py: 2 warnings
2025-08-18T23:03:07.5734747Z services/api/tests/test_sentry_event.py: 1 warning
2025-08-18T23:03:07.5735677Z   /opt/hostedtoolcache/Python/3.12.11/x64/lib/python3.12/site-packages/fastapi_limiter/__init__.py:89: DeprecationWarning: Call to deprecated close. (Use aclose() instead) -- Deprecated since version 5.0.1.
2025-08-18T23:03:07.5736651Z     await cls.redis.close()
2025-08-18T23:03:07.5737123Z 
2025-08-18T23:03:07.5737351Z tests/test_api_fast.py::test_health_endpoint
2025-08-18T23:03:07.5738541Z   /home/runner/work/AWA-App/AWA-App/tests/test_api_fast.py:13: DeprecationWarning: datetime.datetime.utcnow() is deprecated and scheduled for removal in a future version. Use timezone-aware objects to represent datetimes in UTC: datetime.datetime.now(datetime.UTC).
2025-08-18T23:03:07.5739539Z     return datetime.datetime.utcnow()
2025-08-18T23:03:07.5739717Z 
2025-08-18T23:03:07.5739858Z tests/test_api_fast.py: 1 warning
2025-08-18T23:03:07.5740152Z tests/test_health.py: 5 warnings
2025-08-18T23:03:07.5740427Z tests/test_smoke.py: 5 warnings
2025-08-18T23:03:07.5740715Z services/api/tests/test_cors.py: 1 warning
2025-08-18T23:03:07.5741047Z services/api/tests/test_health.py: 1 warning
2025-08-18T23:03:07.5741406Z services/api/tests/test_rate_limit.py: 102 warnings
2025-08-18T23:03:07.5742585Z   /home/runner/work/AWA-App/AWA-App/services/api/routes/health.py:24: DeprecationWarning: datetime.datetime.utcnow() is deprecated and scheduled for removal in a future version. Use timezone-aware objects to represent datetimes in UTC: datetime.datetime.now(datetime.UTC).
2025-08-18T23:03:07.5743683Z     app_now = datetime.utcnow().replace(tzinfo=timezone.utc)
2025-08-18T23:03:07.5743912Z 
2025-08-18T23:03:07.5744053Z tests/test_health.py::test_health[0]
2025-08-18T23:03:07.5744357Z tests/test_health.py::test_health[1]
2025-08-18T23:03:07.5744646Z tests/test_health.py::test_health[2]
2025-08-18T23:03:07.5744927Z tests/test_health.py::test_health[3]
2025-08-18T23:03:07.5745210Z tests/test_health.py::test_health[4]
2025-08-18T23:03:07.5746278Z   /home/runner/work/AWA-App/AWA-App/tests/test_health.py:22: DeprecationWarning: datetime.datetime.utcnow() is deprecated and scheduled for removal in a future version. Use timezone-aware objects to represent datetimes in UTC: datetime.datetime.now(datetime.UTC).
2025-08-18T23:03:07.5747448Z     return datetime.datetime.utcnow()
2025-08-18T23:03:07.5747624Z 
2025-08-18T23:03:07.5747764Z tests/test_smoke.py::test_health[0]
2025-08-18T23:03:07.5748060Z tests/test_smoke.py::test_health[1]
2025-08-18T23:03:07.5748344Z tests/test_smoke.py::test_health[2]
2025-08-18T23:03:07.5748623Z tests/test_smoke.py::test_health[3]
2025-08-18T23:03:07.5748901Z tests/test_smoke.py::test_health[4]
2025-08-18T23:03:07.5749950Z   /home/runner/work/AWA-App/AWA-App/tests/test_smoke.py:32: DeprecationWarning: datetime.datetime.utcnow() is deprecated and scheduled for removal in a future version. Use timezone-aware objects to represent datetimes in UTC: datetime.datetime.now(datetime.UTC).
2025-08-18T23:03:07.5750916Z     return datetime.datetime.utcnow()
2025-08-18T23:03:07.5751088Z 
2025-08-18T23:03:07.5751329Z services/api/tests/test_cors.py::test_cors_simple_get_allowed
2025-08-18T23:03:07.5752553Z   /home/runner/work/AWA-App/AWA-App/services/api/tests/test_cors.py:27: DeprecationWarning: datetime.datetime.utcnow() is deprecated and scheduled for removal in a future version. Use timezone-aware objects to represent datetimes in UTC: datetime.datetime.now(datetime.UTC).
2025-08-18T23:03:07.5753736Z     return datetime.datetime.utcnow()
2025-08-18T23:03:07.5753926Z 
2025-08-18T23:03:07.5754126Z services/api/tests/test_health.py::test_health_route
2025-08-18T23:03:07.5755340Z   /home/runner/work/AWA-App/AWA-App/services/api/tests/test_health.py:14: DeprecationWarning: datetime.datetime.utcnow() is deprecated and scheduled for removal in a future version. Use timezone-aware objects to represent datetimes in UTC: datetime.datetime.now(datetime.UTC).
2025-08-18T23:03:07.5756375Z     return datetime.datetime.utcnow()
2025-08-18T23:03:07.5756547Z 
2025-08-18T23:03:07.5756731Z services/api/tests/test_rate_limit.py: 102 warnings
2025-08-18T23:03:07.5758082Z   /home/runner/work/AWA-App/AWA-App/services/api/tests/test_rate_limit.py:33: DeprecationWarning: datetime.datetime.utcnow() is deprecated and scheduled for removal in a future version. Use timezone-aware objects to represent datetimes in UTC: datetime.datetime.now(datetime.UTC).
2025-08-18T23:03:07.5759251Z     return datetime.datetime.utcnow()
2025-08-18T23:03:07.5759424Z 
2025-08-18T23:03:07.5759856Z services/api/tests/test_sentry_event.py::test_unhandled_exception_is_captured_and_tagged
2025-08-18T23:03:07.5761351Z   /home/runner/work/AWA-App/AWA-App/services/api/tests/test_sentry_event.py:47: SentryHubDeprecationWarning: `sentry_sdk.Hub` is deprecated and will be removed in a future major release. Please consult our 1.x to 2.x migration guide for details on how to migrate `Hub` usage to the new API: https://docs.sentry.io/platforms/python/migration/1.x-to-2.x
2025-08-18T23:03:07.5762529Z     hub = sentry_sdk.Hub.current
2025-08-18T23:03:07.5762684Z 
2025-08-18T23:03:07.5762921Z Sentry is attempting to send 0 pending events
2025-08-18T23:03:07.5763230Z Waiting up to True seconds
2025-08-18T23:03:07.5763471Z Press Ctrl-C to quit
2025-08-18T23:03:07.5763870Z -- Docs: https://docs.pytest.org/en/stable/how-to/capture-warnings.html
2025-08-18T23:03:07.5764353Z ================================ tests coverage ================================
2025-08-18T23:03:07.5764820Z _______________ coverage: platform linux, python 3.12.11-final-0 _______________
2025-08-18T23:03:07.5765083Z 
2025-08-18T23:03:07.5765231Z Coverage XML written to file coverage.xml
2025-08-18T23:03:07.5765630Z Required test coverage of 45% reached. Total coverage: 64.12%
2025-08-18T23:03:08.0764414Z ##[group]Run echo "::group::postgres container logs"
2025-08-18T23:03:08.0764804Z [36;1mecho "::group::postgres container logs"[0m
2025-08-18T23:03:08.0765270Z [36;1mdocker logs 57804e863b245faa9f59b26d452424f8bd9497f7a8cb2407fa30399cdba9ec49 --tail 200[0m
2025-08-18T23:03:08.0765715Z [36;1mecho "::endgroup::"[0m
2025-08-18T23:03:08.0808119Z shell: /usr/bin/bash -e {0}
2025-08-18T23:03:08.0808356Z env:
2025-08-18T23:03:08.0808574Z   REDIS_URL: redis://localhost:6379/0
2025-08-18T23:03:08.0808879Z   RATE_LIMIT_DEFAULT: 100/minute
2025-08-18T23:03:08.0809112Z   TRUST_X_FORWARDED: 1
2025-08-18T23:03:08.0809316Z   PG_USER: postgres
2025-08-18T23:03:08.0809510Z   PG_PASSWORD: pass
2025-08-18T23:03:08.0809699Z   PG_DATABASE: awa
2025-08-18T23:03:08.0809882Z   PG_HOST: localhost
2025-08-18T23:03:08.0810066Z   PG_PORT: 5432
2025-08-18T23:03:08.0810469Z   PG_SYNC_DSN: ***localhost:5432/awa
2025-08-18T23:03:08.0810876Z   PG_ASYNC_DSN: ***localhost:5432/awa
2025-08-18T23:03:08.0811287Z   DATABASE_URL: ***localhost:5432/awa
2025-08-18T23:03:08.0811527Z   DATA_DIR: /tmp/awa-data
2025-08-18T23:03:08.0811744Z   ENABLE_LIVE: 0
2025-08-18T23:03:08.0811924Z   TESTING: 1
2025-08-18T23:03:08.0812168Z   pythonLocation: /opt/hostedtoolcache/Python/3.12.11/x64
2025-08-18T23:03:08.0812572Z   PKG_CONFIG_PATH: /opt/hostedtoolcache/Python/3.12.11/x64/lib/pkgconfig
2025-08-18T23:03:08.0812963Z   Python_ROOT_DIR: /opt/hostedtoolcache/Python/3.12.11/x64
2025-08-18T23:03:08.0813314Z   Python2_ROOT_DIR: /opt/hostedtoolcache/Python/3.12.11/x64
2025-08-18T23:03:08.0813682Z   Python3_ROOT_DIR: /opt/hostedtoolcache/Python/3.12.11/x64
2025-08-18T23:03:08.0814040Z   LD_LIBRARY_PATH: /opt/hostedtoolcache/Python/3.12.11/x64/lib
2025-08-18T23:03:08.0814337Z ##[endgroup]
2025-08-18T23:03:08.0877105Z ##[group]postgres container logs
2025-08-18T23:03:08.0996219Z initdb: warning: enabling "trust" authentication for local connections
2025-08-18T23:03:08.0997597Z The files belonging to this database system will be owned by user "postgres".
2025-08-18T23:03:08.0999117Z initdb: hint: You can change this by editing pg_hba.conf or using the option -A, or --auth-local and --auth-host, the next time you run initdb.
2025-08-18T23:03:08.1000441Z 2025-08-18 23:00:35.864 UTC [1] LOG:  starting PostgreSQL 15.14 (Debian 15.14-1.pgdg13+1) on x86_64-pc-linux-gnu, compiled by gcc (Debian 14.2.0-19) 14.2.0, 64-bit
2025-08-18T23:03:08.1001204Z 2025-08-18 23:00:35.864 UTC [1] LOG:  listening on IPv4 address "0.0.0.0", port 5432
2025-08-18T23:03:08.1002060Z 2025-08-18 23:00:35.864 UTC [1] LOG:  listening on IPv6 address "::", port 5432
2025-08-18T23:03:08.1002642Z 2025-08-18 23:00:35.865 UTC [1] LOG:  listening on Unix socket "/var/run/postgresql/.s.PGSQL.5432"
2025-08-18T23:03:08.1003249Z 2025-08-18 23:00:35.869 UTC [64] LOG:  database system was shut down at 2025-08-18 23:00:35 UTC
2025-08-18T23:03:08.1003806Z 2025-08-18 23:00:35.873 UTC [1] LOG:  database system is ready to accept connections
2025-08-18T23:03:08.1004236Z This user must also own the server process.
2025-08-18T23:03:08.1004430Z 
2025-08-18T23:03:08.1004680Z The database cluster will be initialized with locale "en_US.utf8".
2025-08-18T23:03:08.1005168Z The default database encoding has accordingly been set to "UTF8".
2025-08-18T23:03:08.1005632Z The default text search configuration will be set to "english".
2025-08-18T23:03:08.1005873Z 
2025-08-18T23:03:08.1006011Z Data page checksums are disabled.
2025-08-18T23:03:08.1006178Z 
2025-08-18T23:03:08.1006446Z fixing permissions on existing directory /var/lib/postgresql/data ... ok
2025-08-18T23:03:08.1007146Z creating subdirectories ... ok
2025-08-18T23:03:08.1007525Z selecting dynamic shared memory implementation ... posix
2025-08-18T23:03:08.1007900Z selecting default max_connections ... 100
2025-08-18T23:03:08.1008226Z selecting default shared_buffers ... 128MB
2025-08-18T23:03:08.1008541Z selecting default time zone ... Etc/UTC
2025-08-18T23:03:08.1008847Z creating configuration files ... ok
2025-08-18T23:03:08.1009360Z running bootstrap script ... ok
2025-08-18T23:03:08.1009952Z performing post-bootstrap initialization ... ok
2025-08-18T23:03:08.1010283Z syncing data to disk ... ok
2025-08-18T23:03:08.1010439Z 
2025-08-18T23:03:08.1010445Z 
2025-08-18T23:03:08.1010642Z Success. You can now start the database server using:
2025-08-18T23:03:08.1010970Z 
2025-08-18T23:03:08.1011239Z     pg_ctl -D /var/lib/postgresql/data -l logfile start
2025-08-18T23:03:08.1011589Z 
2025-08-18T23:03:08.1012363Z waiting for server to start....2025-08-18 23:00:35.555 UTC [48] LOG:  starting PostgreSQL 15.14 (Debian 15.14-1.pgdg13+1) on x86_64-pc-linux-gnu, compiled by gcc (Debian 14.2.0-19) 14.2.0, 64-bit
2025-08-18T23:03:08.1013922Z 2025-08-18 23:00:35.556 UTC [48] LOG:  listening on Unix socket "/var/run/postgresql/.s.PGSQL.5432"
2025-08-18T23:03:08.1014806Z 2025-08-18 23:00:35.559 UTC [51] LOG:  database system was shut down at 2025-08-18 23:00:35 UTC
2025-08-18T23:03:08.1015634Z 2025-08-18 23:00:35.564 UTC [48] LOG:  database system is ready to accept connections
2025-08-18T23:03:08.1015977Z  done
2025-08-18T23:03:08.1016152Z server started
2025-08-18T23:03:08.1016339Z CREATE DATABASE
2025-08-18T23:03:08.1016451Z 
2025-08-18T23:03:08.1016464Z 
2025-08-18T23:03:08.1016946Z /usr/local/bin/docker-entrypoint.sh: ignoring /docker-entrypoint-initdb.d/*
2025-08-18T23:03:08.1017291Z 
2025-08-18T23:03:08.1017538Z 2025-08-18 23:00:35.741 UTC [48] LOG:  received fast shutdown request
2025-08-18T23:03:08.1018124Z waiting for server to shut down....2025-08-18 23:00:35.741 UTC [48] LOG:  aborting any active transactions
2025-08-18T23:03:08.1018864Z 2025-08-18 23:00:35.743 UTC [48] LOG:  background worker "logical replication launcher" (PID 54) exited with exit code 1
2025-08-18T23:03:08.1019408Z 2025-08-18 23:00:35.743 UTC [49] LOG:  shutting down
2025-08-18T23:03:08.1019849Z 2025-08-18 23:00:35.744 UTC [49] LOG:  checkpoint starting: shutdown immediate
2025-08-18T23:03:08.1020950Z 2025-08-18 23:00:35.783 UTC [49] LOG:  checkpoint complete: wrote 922 buffers (5.6%); 0 WAL file(s) added, 0 removed, 0 recycled; write=0.020 s, sync=0.002 s, total=0.041 s; sync files=301, longest=0.001 s, average=0.001 s; distance=4239 kB, estimate=4239 kB
2025-08-18T23:03:08.1021848Z 2025-08-18 23:00:35.791 UTC [48] LOG:  database system is shut down
2025-08-18T23:03:08.1022147Z  done
2025-08-18T23:03:08.1022320Z server stopped
2025-08-18T23:03:08.1022431Z 
2025-08-18T23:03:08.1022630Z PostgreSQL init process complete; ready for start up.
2025-08-18T23:03:08.1022846Z 
2025-08-18T23:03:08.1023319Z ##[endgroup]
2025-08-18T23:03:08.1063120Z Post job cleanup.
2025-08-18T23:03:08.3199019Z Post job cleanup.
2025-08-18T23:03:08.4492997Z Cache hit occurred on the primary key Linux-test-5e718741e550cec7917fae13efe91a31293d04a98c3c0932315e8f58598cbd2c, not saving cache.
2025-08-18T23:03:08.4603759Z Post job cleanup.
2025-08-18T23:03:08.6125539Z Cache hit occurred on the primary key setup-python-Linux-x64-24.04-Ubuntu-python-3.12.11-pip-c172802cd17d95f4a21a1dfb3b09a2f596596a7a71e9a723868dcbd7ca2b709e, not saving cache.
2025-08-18T23:03:08.6223172Z Post job cleanup.
2025-08-18T23:03:08.7180252Z [command]/usr/bin/git version
2025-08-18T23:03:08.7224344Z git version 2.50.1
2025-08-18T23:03:08.7267146Z Temporarily overriding HOME='/home/runner/work/_temp/76adbf16-1fc5-4f6d-8108-cbee93fdd50a' before making global git config changes
2025-08-18T23:03:08.7268555Z Adding repository directory to the temporary git global config as a safe directory
2025-08-18T23:03:08.7272459Z [command]/usr/bin/git config --global --add safe.directory /home/runner/work/AWA-App/AWA-App
2025-08-18T23:03:08.7309843Z [command]/usr/bin/git config --local --name-only --get-regexp core\.sshCommand
2025-08-18T23:03:08.7343170Z [command]/usr/bin/git submodule foreach --recursive sh -c "git config --local --name-only --get-regexp 'core\.sshCommand' && git config --local --unset-all 'core.sshCommand' || :"
2025-08-18T23:03:08.7579720Z [command]/usr/bin/git config --local --name-only --get-regexp http\.https\:\/\/github\.com\/\.extraheader
2025-08-18T23:03:08.7602280Z http.https://github.com/.extraheader
2025-08-18T23:03:08.7614843Z [command]/usr/bin/git config --local --unset-all http.https://github.com/.extraheader
2025-08-18T23:03:08.7646462Z [command]/usr/bin/git submodule foreach --recursive sh -c "git config --local --name-only --get-regexp 'http\.https\:\/\/github\.com\/\.extraheader' && git config --local --unset-all 'http.https://github.com/.extraheader' || :"
2025-08-18T23:03:08.7963532Z Print service container logs: eea8f613447944f3a92415c053054ce6_postgres15_592c0a
2025-08-18T23:03:08.7968368Z ##[command]/usr/bin/docker logs --details 57804e863b245faa9f59b26d452424f8bd9497f7a8cb2407fa30399cdba9ec49
2025-08-18T23:03:08.8152202Z  The files belonging to this database system will be owned by user "postgres".
2025-08-18T23:03:08.8155266Z  initdb: warning: enabling "trust" authentication for local connections
2025-08-18T23:03:08.8156388Z  initdb: hint: You can change this by editing pg_hba.conf or using the option -A, or --auth-local and --auth-host, the next time you run initdb.
2025-08-18T23:03:08.8157742Z  2025-08-18 23:00:35.864 UTC [1] LOG:  starting PostgreSQL 15.14 (Debian 15.14-1.pgdg13+1) on x86_64-pc-linux-gnu, compiled by gcc (Debian 14.2.0-19) 14.2.0, 64-bit
2025-08-18T23:03:08.8158485Z  2025-08-18 23:00:35.864 UTC [1] LOG:  listening on IPv4 address "0.0.0.0", port 5432
2025-08-18T23:03:08.8159024Z  2025-08-18 23:00:35.864 UTC [1] LOG:  listening on IPv6 address "::", port 5432
2025-08-18T23:03:08.8159561Z  2025-08-18 23:00:35.865 UTC [1] LOG:  listening on Unix socket "/var/run/postgresql/.s.PGSQL.5432"
2025-08-18T23:03:08.8160157Z  2025-08-18 23:00:35.869 UTC [64] LOG:  database system was shut down at 2025-08-18 23:00:35 UTC
2025-08-18T23:03:08.8160675Z  2025-08-18 23:00:35.873 UTC [1] LOG:  database system is ready to accept connections
2025-08-18T23:03:08.8161082Z  This user must also own the server process.
2025-08-18T23:03:08.8161369Z  
2025-08-18T23:03:08.8161655Z  The database cluster will be initialized with locale "en_US.utf8".
2025-08-18T23:03:08.8162125Z  The default database encoding has accordingly been set to "UTF8".
2025-08-18T23:03:08.8162584Z  The default text search configuration will be set to "english".
2025-08-18T23:03:08.8162922Z  
2025-08-18T23:03:08.8163114Z  Data page checksums are disabled.
2025-08-18T23:03:08.8163370Z  
2025-08-18T23:03:08.8163677Z  fixing permissions on existing directory /var/lib/postgresql/data ... ok
2025-08-18T23:03:08.8164092Z  creating subdirectories ... ok
2025-08-18T23:03:08.8164745Z  selecting dynamic shared memory implementation ... posix
2025-08-18T23:03:08.8165111Z  selecting default max_connections ... 100
2025-08-18T23:03:08.8165419Z  selecting default shared_buffers ... 128MB
2025-08-18T23:03:08.8165718Z  selecting default time zone ... Etc/UTC
2025-08-18T23:03:08.8166007Z  creating configuration files ... ok
2025-08-18T23:03:08.8166269Z  running bootstrap script ... ok
2025-08-18T23:03:08.8166551Z  performing post-bootstrap initialization ... ok
2025-08-18T23:03:08.8167040Z  syncing data to disk ... ok
2025-08-18T23:03:08.8167259Z  
2025-08-18T23:03:08.8167404Z  
2025-08-18T23:03:08.8167617Z  Success. You can now start the database server using:
2025-08-18T23:03:08.8167890Z  
2025-08-18T23:03:08.8168107Z      pg_ctl -D /var/lib/postgresql/data -l logfile start
2025-08-18T23:03:08.8168816Z  
2025-08-18T23:03:08.8169946Z  waiting for server to start....2025-08-18 23:00:35.555 UTC [48] LOG:  starting PostgreSQL 15.14 (Debian 15.14-1.pgdg13+1) on x86_64-pc-linux-gnu, compiled by gcc (Debian 14.2.0-19) 14.2.0, 64-bit
2025-08-18T23:03:08.8170937Z  2025-08-18 23:00:35.556 UTC [48] LOG:  listening on Unix socket "/var/run/postgresql/.s.PGSQL.5432"
2025-08-18T23:03:08.8171443Z  2025-08-18 23:00:35.559 UTC [51] LOG:  database system was shut down at 2025-08-18 23:00:35 UTC
2025-08-18T23:03:08.8171894Z  2025-08-18 23:00:35.564 UTC [48] LOG:  database system is ready to accept connections
2025-08-18T23:03:08.8172227Z   done
2025-08-18T23:03:08.8172396Z  server started
2025-08-18T23:03:08.8172582Z  CREATE DATABASE
2025-08-18T23:03:08.8172764Z  
2025-08-18T23:03:08.8172918Z  
2025-08-18T23:03:08.8173227Z  /usr/local/bin/docker-entrypoint.sh: ignoring /docker-entrypoint-initdb.d/*
2025-08-18T23:03:08.8173604Z  
2025-08-18T23:03:08.8173843Z  2025-08-18 23:00:35.741 UTC [48] LOG:  received fast shutdown request
2025-08-18T23:03:08.8174542Z  waiting for server to shut down....2025-08-18 23:00:35.741 UTC [48] LOG:  aborting any active transactions
2025-08-18T23:03:08.8175175Z  2025-08-18 23:00:35.743 UTC [48] LOG:  background worker "logical replication launcher" (PID 54) exited with exit code 1
2025-08-18T23:03:08.8175675Z  2025-08-18 23:00:35.743 UTC [49] LOG:  shutting down
2025-08-18T23:03:08.8176035Z  2025-08-18 23:00:35.744 UTC [49] LOG:  checkpoint starting: shutdown immediate
2025-08-18T23:03:08.8177039Z  2025-08-18 23:00:35.783 UTC [49] LOG:  checkpoint complete: wrote 922 buffers (5.6%); 0 WAL file(s) added, 0 removed, 0 recycled; write=0.020 s, sync=0.002 s, total=0.041 s; sync files=301, longest=0.001 s, average=0.001 s; distance=4239 kB, estimate=4239 kB
2025-08-18T23:03:08.8177878Z  2025-08-18 23:00:35.791 UTC [48] LOG:  database system is shut down
2025-08-18T23:03:08.8178164Z   done
2025-08-18T23:03:08.8178332Z  server stopped
2025-08-18T23:03:08.8178509Z  
2025-08-18T23:03:08.8178738Z  PostgreSQL init process complete; ready for start up.
2025-08-18T23:03:08.8179030Z  
2025-08-18T23:03:08.8185179Z Stop and remove container: eea8f613447944f3a92415c053054ce6_postgres15_592c0a
2025-08-18T23:03:08.8190383Z ##[command]/usr/bin/docker rm --force 57804e863b245faa9f59b26d452424f8bd9497f7a8cb2407fa30399cdba9ec49
2025-08-18T23:03:08.9425552Z 57804e863b245faa9f59b26d452424f8bd9497f7a8cb2407fa30399cdba9ec49
2025-08-18T23:03:08.9445443Z Print service container logs: 5f95ffaedb32457eb13e2cdab098fb1e_redis7alpine_cf2518
2025-08-18T23:03:08.9446225Z ##[command]/usr/bin/docker logs --details 3a10ef4859f6d4f2b054b9c13a1a4d1983b4953a610d3bace980c27ca32e9120
2025-08-18T23:03:08.9566929Z  1:C 18 Aug 2025 23:00:35.977 # WARNING Memory overcommit must be enabled! Without it, a background save or replication may fail under low memory condition. Being disabled, it can also cause failures without low memory condition, see https://github.com/jemalloc/jemalloc/issues/1328. To fix this issue add 'vm.overcommit_memory = 1' to /etc/sysctl.conf and then reboot or run the command 'sysctl vm.overcommit_memory=1' for this to take effect.
2025-08-18T23:03:08.9569739Z  1:C 18 Aug 2025 23:00:35.977 * oO0OoO0OoO0Oo Redis is starting oO0OoO0OoO0Oo
2025-08-18T23:03:08.9570896Z  1:C 18 Aug 2025 23:00:35.977 * Redis version=7.4.5, bits=64, commit=00000000, modified=0, pid=1, just started
2025-08-18T23:03:08.9572149Z  1:C 18 Aug 2025 23:00:35.977 # Warning: no config file specified, using the default config. In order to specify a config file use redis-server /path/to/redis.conf
2025-08-18T23:03:08.9573173Z  1:M 18 Aug 2025 23:00:35.978 * monotonic clock: POSIX clock_gettime
2025-08-18T23:03:08.9573764Z  1:M 18 Aug 2025 23:00:35.978 * Running mode=standalone, port=6379.
2025-08-18T23:03:08.9574313Z  1:M 18 Aug 2025 23:00:35.978 * Server initialized
2025-08-18T23:03:08.9574842Z  1:M 18 Aug 2025 23:00:35.978 * Ready to accept connections tcp
2025-08-18T23:03:08.9582112Z Stop and remove container: 5f95ffaedb32457eb13e2cdab098fb1e_redis7alpine_cf2518
2025-08-18T23:03:08.9583351Z ##[command]/usr/bin/docker rm --force 3a10ef4859f6d4f2b054b9c13a1a4d1983b4953a610d3bace980c27ca32e9120
2025-08-18T23:03:09.0690599Z 3a10ef4859f6d4f2b054b9c13a1a4d1983b4953a610d3bace980c27ca32e9120
2025-08-18T23:03:09.0713502Z Remove container network: github_network_004f0ee9f9ec4480a57cb2acd780e6c2
2025-08-18T23:03:09.0718091Z ##[command]/usr/bin/docker network rm github_network_004f0ee9f9ec4480a57cb2acd780e6c2
2025-08-18T23:03:09.1744133Z github_network_004f0ee9f9ec4480a57cb2acd780e6c2
2025-08-18T23:03:09.1800212Z Cleaning up orphan processes
