2025-08-20T16:15:39.5125316Z Current runner version: '2.328.0'
2025-08-20T16:15:39.5148978Z ##[group]Runner Image Provisioner
2025-08-20T16:15:39.5149806Z Hosted Compute Agent
2025-08-20T16:15:39.5150444Z Version: 20250818.377
2025-08-20T16:15:39.5151048Z Commit: 3c593e9f75fe0b87e893bca80d6e12ba089c61fc
2025-08-20T16:15:39.5151686Z Build Date: 2025-08-18T14:52:18Z
2025-08-20T16:15:39.5152325Z ##[endgroup]
2025-08-20T16:15:39.5152843Z ##[group]Operating System
2025-08-20T16:15:39.5153398Z Ubuntu
2025-08-20T16:15:39.5153886Z 24.04.2
2025-08-20T16:15:39.5154369Z LTS
2025-08-20T16:15:39.5154820Z ##[endgroup]
2025-08-20T16:15:39.5155301Z ##[group]Runner Image
2025-08-20T16:15:39.5155887Z Image: ubuntu-24.04
2025-08-20T16:15:39.5156764Z Version: 20250810.1.0
2025-08-20T16:15:39.5157824Z Included Software: https://github.com/actions/runner-images/blob/ubuntu24/20250810.1/images/ubuntu/Ubuntu2404-Readme.md
2025-08-20T16:15:39.5159345Z Image Release: https://github.com/actions/runner-images/releases/tag/ubuntu24%2F20250810.1
2025-08-20T16:15:39.5160377Z ##[endgroup]
2025-08-20T16:15:39.5162780Z ##[group]GITHUB_TOKEN Permissions
2025-08-20T16:15:39.5164871Z Actions: write
2025-08-20T16:15:39.5165403Z Attestations: write
2025-08-20T16:15:39.5165917Z Checks: write
2025-08-20T16:15:39.5166577Z Contents: write
2025-08-20T16:15:39.5167234Z Deployments: write
2025-08-20T16:15:39.5167704Z Discussions: write
2025-08-20T16:15:39.5168181Z Issues: write
2025-08-20T16:15:39.5168691Z Metadata: read
2025-08-20T16:15:39.5169176Z Models: read
2025-08-20T16:15:39.5169614Z Packages: write
2025-08-20T16:15:39.5170187Z Pages: write
2025-08-20T16:15:39.5170673Z PullRequests: write
2025-08-20T16:15:39.5171163Z RepositoryProjects: write
2025-08-20T16:15:39.5171774Z SecurityEvents: write
2025-08-20T16:15:39.5172360Z Statuses: write
2025-08-20T16:15:39.5172856Z ##[endgroup]
2025-08-20T16:15:39.5175053Z Secret source: Actions
2025-08-20T16:15:39.5175940Z Prepare workflow directory
2025-08-20T16:15:39.5646154Z Prepare all required actions
2025-08-20T16:15:39.5704837Z Getting action download info
2025-08-20T16:15:40.0814524Z Download action repository 'actions/checkout@v4' (SHA:08eba0b27e820071cde6df949e0beb9ba4906955)
2025-08-20T16:15:40.6268669Z Download action repository 'actions/setup-python@v5' (SHA:a26af69be951a213d495a4c3e4e4022e16d87065)
2025-08-20T16:15:41.1893918Z Download action repository 'actions/cache@v4' (SHA:0400d5f644dc74513175e3cd8d07132dd4860809)
2025-08-20T16:15:41.7723366Z Download action repository 'actions/setup-node@v4' (SHA:49933ea5288caeca8642d1e84afbd3f7d6820020)
2025-08-20T16:15:41.8572038Z Download action repository 'codecov/codecov-action@v4' (SHA:b9fd7d16f6d7d1b5d2bec1a2887e65ceed900238)
2025-08-20T16:15:42.5251050Z Complete job name: test
2025-08-20T16:15:42.5756171Z ##[group]Checking docker version
2025-08-20T16:15:42.5769222Z ##[command]/usr/bin/docker version --format '{{.Server.APIVersion}}'
2025-08-20T16:15:42.6194307Z '1.48'
2025-08-20T16:15:42.6205733Z Docker daemon API version: '1.48'
2025-08-20T16:15:42.6206250Z ##[command]/usr/bin/docker version --format '{{.Client.APIVersion}}'
2025-08-20T16:15:42.6373814Z '1.48'
2025-08-20T16:15:42.6389848Z Docker client API version: '1.48'
2025-08-20T16:15:42.6395558Z ##[endgroup]
2025-08-20T16:15:42.6399079Z ##[group]Clean up resources from previous jobs
2025-08-20T16:15:42.6404057Z ##[command]/usr/bin/docker ps --all --quiet --no-trunc --filter "label=650836"
2025-08-20T16:15:42.6562466Z ##[command]/usr/bin/docker network prune --force --filter "label=650836"
2025-08-20T16:15:42.6709956Z ##[endgroup]
2025-08-20T16:15:42.6710289Z ##[group]Create local container network
2025-08-20T16:15:42.6721182Z ##[command]/usr/bin/docker network create --label 650836 github_network_493fc830cb9e4f8d9b9d5d197c00c624
2025-08-20T16:15:42.7273042Z d84cf1cd8203bd2750b526ab89b15038d896a2c8f65040b0c46389dd5d13ddbc
2025-08-20T16:15:42.7293043Z ##[endgroup]
2025-08-20T16:15:42.7317343Z ##[group]Starting postgres service container
2025-08-20T16:15:42.7337647Z ##[command]/usr/bin/docker pull postgres:15
2025-08-20T16:15:43.7435846Z 15: Pulling from library/postgres
2025-08-20T16:15:44.1159466Z 396b1da7636e: Pulling fs layer
2025-08-20T16:15:44.1159944Z fca2566eba32: Pulling fs layer
2025-08-20T16:15:44.1160323Z 631fe8c6d606: Pulling fs layer
2025-08-20T16:15:44.1160679Z 77c7671c4414: Pulling fs layer
2025-08-20T16:15:44.1161058Z 2d9e29180a27: Pulling fs layer
2025-08-20T16:15:44.1161425Z c6bcc2c9a041: Pulling fs layer
2025-08-20T16:15:44.1161811Z ac4b721eb66f: Pulling fs layer
2025-08-20T16:15:44.1162187Z 606bd164980e: Pulling fs layer
2025-08-20T16:15:44.1162455Z f5dfd246bc6e: Pulling fs layer
2025-08-20T16:15:44.1162694Z ba7036bb0a60: Pulling fs layer
2025-08-20T16:15:44.1162972Z 799f859abbbd: Pulling fs layer
2025-08-20T16:15:44.1163277Z d903e777080c: Pulling fs layer
2025-08-20T16:15:44.1163517Z 04adcb462801: Pulling fs layer
2025-08-20T16:15:44.1163850Z 5c10925b29ff: Pulling fs layer
2025-08-20T16:15:44.1164263Z f5dfd246bc6e: Waiting
2025-08-20T16:15:44.1164602Z d903e777080c: Waiting
2025-08-20T16:15:44.1164879Z 04adcb462801: Waiting
2025-08-20T16:15:44.1165167Z 5c10925b29ff: Waiting
2025-08-20T16:15:44.1165349Z ba7036bb0a60: Waiting
2025-08-20T16:15:44.1165520Z 77c7671c4414: Waiting
2025-08-20T16:15:44.1165690Z 2d9e29180a27: Waiting
2025-08-20T16:15:44.1165858Z c6bcc2c9a041: Waiting
2025-08-20T16:15:44.1166034Z 799f859abbbd: Waiting
2025-08-20T16:15:44.1166416Z 606bd164980e: Waiting
2025-08-20T16:15:44.3830191Z fca2566eba32: Verifying Checksum
2025-08-20T16:15:44.3832099Z fca2566eba32: Download complete
2025-08-20T16:15:44.4680576Z 631fe8c6d606: Verifying Checksum
2025-08-20T16:15:44.4681480Z 631fe8c6d606: Download complete
2025-08-20T16:15:44.6759556Z 77c7671c4414: Verifying Checksum
2025-08-20T16:15:44.6760259Z 77c7671c4414: Download complete
2025-08-20T16:15:44.8108985Z 396b1da7636e: Verifying Checksum
2025-08-20T16:15:44.8109502Z 396b1da7636e: Download complete
2025-08-20T16:15:44.9383406Z c6bcc2c9a041: Verifying Checksum
2025-08-20T16:15:44.9383906Z c6bcc2c9a041: Download complete
2025-08-20T16:15:45.0091755Z 2d9e29180a27: Verifying Checksum
2025-08-20T16:15:45.0092494Z 2d9e29180a27: Download complete
2025-08-20T16:15:45.0726904Z ac4b721eb66f: Verifying Checksum
2025-08-20T16:15:45.0727443Z ac4b721eb66f: Download complete
2025-08-20T16:15:45.2047477Z 606bd164980e: Verifying Checksum
2025-08-20T16:15:45.2047986Z 606bd164980e: Download complete
2025-08-20T16:15:45.3654715Z ba7036bb0a60: Verifying Checksum
2025-08-20T16:15:45.4681914Z ba7036bb0a60: Download complete
2025-08-20T16:15:45.4682417Z 799f859abbbd: Verifying Checksum
2025-08-20T16:15:45.4683202Z 799f859abbbd: Download complete
2025-08-20T16:15:45.6398809Z d903e777080c: Verifying Checksum
2025-08-20T16:15:45.6399411Z d903e777080c: Download complete
2025-08-20T16:15:45.7321675Z 04adcb462801: Verifying Checksum
2025-08-20T16:15:45.7324520Z 04adcb462801: Download complete
2025-08-20T16:15:45.7575202Z 396b1da7636e: Pull complete
2025-08-20T16:15:45.9123782Z 5c10925b29ff: Download complete
2025-08-20T16:15:46.9083538Z fca2566eba32: Pull complete
2025-08-20T16:15:47.1059085Z 631fe8c6d606: Pull complete
2025-08-20T16:15:47.1532379Z 77c7671c4414: Pull complete
2025-08-20T16:15:47.4820760Z 2d9e29180a27: Pull complete
2025-08-20T16:15:47.5788600Z c6bcc2c9a041: Pull complete
2025-08-20T16:15:47.5893630Z ac4b721eb66f: Pull complete
2025-08-20T16:15:47.6039711Z 606bd164980e: Pull complete
2025-08-20T16:15:48.3333598Z f5dfd246bc6e: Verifying Checksum
2025-08-20T16:15:48.3334192Z f5dfd246bc6e: Download complete
2025-08-20T16:15:51.3613607Z f5dfd246bc6e: Pull complete
2025-08-20T16:15:51.3788783Z ba7036bb0a60: Pull complete
2025-08-20T16:15:51.3920133Z 799f859abbbd: Pull complete
2025-08-20T16:15:51.4078897Z d903e777080c: Pull complete
2025-08-20T16:15:51.4242615Z 04adcb462801: Pull complete
2025-08-20T16:15:51.4369792Z 5c10925b29ff: Pull complete
2025-08-20T16:15:51.4419175Z Digest: sha256:bc51cf4f1fe02cce7ed2370b20128a9b00b4eb804573a77d2a0d877aaa9c82b1
2025-08-20T16:15:51.4430980Z Status: Downloaded newer image for postgres:15
2025-08-20T16:15:51.4460593Z docker.io/library/postgres:15
2025-08-20T16:15:51.4555895Z ##[command]/usr/bin/docker create --name e287fcc9807f4893b2635fb87fc47f7f_postgres15_14324e --label 650836 --network github_network_493fc830cb9e4f8d9b9d5d197c00c624 --network-alias postgres -p 5432:5432 --health-cmd="pg_isready -U postgres -d awa" --health-interval=5s --health-timeout=5s --health-retries=10 -e "POSTGRES_USER=postgres" -e "POSTGRES_PASSWORD=pass" -e "POSTGRES_DB=awa" -e GITHUB_ACTIONS=true -e CI=true postgres:15
2025-08-20T16:15:51.4854506Z abe7b85163e12ca421282b894aaa01a9f395967b0872c7ef9d8fd39baa8513a7
2025-08-20T16:15:51.4881330Z ##[command]/usr/bin/docker start abe7b85163e12ca421282b894aaa01a9f395967b0872c7ef9d8fd39baa8513a7
2025-08-20T16:15:51.6797980Z abe7b85163e12ca421282b894aaa01a9f395967b0872c7ef9d8fd39baa8513a7
2025-08-20T16:15:51.6850362Z ##[command]/usr/bin/docker ps --all --filter id=abe7b85163e12ca421282b894aaa01a9f395967b0872c7ef9d8fd39baa8513a7 --filter status=running --no-trunc --format "{{.ID}} {{.Status}}"
2025-08-20T16:15:51.6988923Z abe7b85163e12ca421282b894aaa01a9f395967b0872c7ef9d8fd39baa8513a7 Up Less than a second (health: starting)
2025-08-20T16:15:51.7010689Z ##[command]/usr/bin/docker port abe7b85163e12ca421282b894aaa01a9f395967b0872c7ef9d8fd39baa8513a7
2025-08-20T16:15:51.7141911Z 5432/tcp -> 0.0.0.0:5432
2025-08-20T16:15:51.7143814Z 5432/tcp -> [::]:5432
2025-08-20T16:15:51.7190455Z ##[endgroup]
2025-08-20T16:15:51.7191373Z ##[group]Starting redis service container
2025-08-20T16:15:51.7192639Z ##[command]/usr/bin/docker pull redis:7-alpine
2025-08-20T16:15:52.7273809Z 7-alpine: Pulling from library/redis
2025-08-20T16:15:52.9883010Z 0368fd46e3c6: Pulling fs layer
2025-08-20T16:15:52.9883506Z 4c55286bbede: Pulling fs layer
2025-08-20T16:15:52.9883927Z 5e28347af205: Pulling fs layer
2025-08-20T16:15:52.9884344Z 311eca34042e: Pulling fs layer
2025-08-20T16:15:52.9884768Z e6fe6f07e192: Pulling fs layer
2025-08-20T16:15:52.9885226Z a2cadbfeca72: Pulling fs layer
2025-08-20T16:15:52.9885627Z 4f4fb700ef54: Pulling fs layer
2025-08-20T16:15:52.9886026Z a976ed7e7808: Pulling fs layer
2025-08-20T16:15:52.9886572Z 311eca34042e: Waiting
2025-08-20T16:15:52.9886918Z e6fe6f07e192: Waiting
2025-08-20T16:15:52.9887587Z a2cadbfeca72: Waiting
2025-08-20T16:15:52.9887943Z 4f4fb700ef54: Waiting
2025-08-20T16:15:52.9888273Z a976ed7e7808: Waiting
2025-08-20T16:15:53.2568540Z 4c55286bbede: Verifying Checksum
2025-08-20T16:15:53.2571161Z 4c55286bbede: Download complete
2025-08-20T16:15:53.2656692Z 5e28347af205: Verifying Checksum
2025-08-20T16:15:53.2657197Z 5e28347af205: Download complete
2025-08-20T16:15:53.2731955Z 0368fd46e3c6: Verifying Checksum
2025-08-20T16:15:53.2732517Z 0368fd46e3c6: Download complete
2025-08-20T16:15:53.3763692Z 0368fd46e3c6: Pull complete
2025-08-20T16:15:53.4006918Z 4c55286bbede: Pull complete
2025-08-20T16:15:53.5333534Z 311eca34042e: Verifying Checksum
2025-08-20T16:15:53.5333828Z 311eca34042e: Download complete
2025-08-20T16:15:53.5368208Z 5e28347af205: Pull complete
2025-08-20T16:15:53.5623706Z a2cadbfeca72: Verifying Checksum
2025-08-20T16:15:53.5624298Z a2cadbfeca72: Download complete
2025-08-20T16:15:53.5738677Z 311eca34042e: Pull complete
2025-08-20T16:15:53.5970265Z e6fe6f07e192: Verifying Checksum
2025-08-20T16:15:53.5970745Z e6fe6f07e192: Download complete
2025-08-20T16:15:53.7828327Z e6fe6f07e192: Pull complete
2025-08-20T16:15:53.7905078Z a2cadbfeca72: Pull complete
2025-08-20T16:15:53.8173636Z a976ed7e7808: Verifying Checksum
2025-08-20T16:15:53.8174339Z a976ed7e7808: Download complete
2025-08-20T16:15:53.8535153Z 4f4fb700ef54: Verifying Checksum
2025-08-20T16:15:53.8535712Z 4f4fb700ef54: Download complete
2025-08-20T16:15:53.8627023Z 4f4fb700ef54: Pull complete
2025-08-20T16:15:53.8740777Z a976ed7e7808: Pull complete
2025-08-20T16:15:53.8818916Z Digest: sha256:bb186d083732f669da90be8b0f975a37812b15e913465bb14d845db72a4e3e08
2025-08-20T16:15:53.8830242Z Status: Downloaded newer image for redis:7-alpine
2025-08-20T16:15:53.8838268Z docker.io/library/redis:7-alpine
2025-08-20T16:15:53.8857829Z ##[command]/usr/bin/docker create --name ff2417701dc641d88d0dd6899c48cc68_redis7alpine_9e37e9 --label 650836 --network github_network_493fc830cb9e4f8d9b9d5d197c00c624 --network-alias redis -p 6379:6379  -e GITHUB_ACTIONS=true -e CI=true redis:7-alpine
2025-08-20T16:15:53.9101359Z 927c4881fa532088640e1b0638f7edf6bf9afc4aa6cf645d82de05d1f1061ce3
2025-08-20T16:15:53.9115814Z ##[command]/usr/bin/docker start 927c4881fa532088640e1b0638f7edf6bf9afc4aa6cf645d82de05d1f1061ce3
2025-08-20T16:15:54.0500252Z 927c4881fa532088640e1b0638f7edf6bf9afc4aa6cf645d82de05d1f1061ce3
2025-08-20T16:15:54.0519574Z ##[command]/usr/bin/docker ps --all --filter id=927c4881fa532088640e1b0638f7edf6bf9afc4aa6cf645d82de05d1f1061ce3 --filter status=running --no-trunc --format "{{.ID}} {{.Status}}"
2025-08-20T16:15:54.0641632Z 927c4881fa532088640e1b0638f7edf6bf9afc4aa6cf645d82de05d1f1061ce3 Up Less than a second
2025-08-20T16:15:54.0656134Z ##[command]/usr/bin/docker port 927c4881fa532088640e1b0638f7edf6bf9afc4aa6cf645d82de05d1f1061ce3
2025-08-20T16:15:54.0775969Z 6379/tcp -> 0.0.0.0:6379
2025-08-20T16:15:54.0776795Z 6379/tcp -> [::]:6379
2025-08-20T16:15:54.0789875Z ##[endgroup]
2025-08-20T16:15:54.0801146Z ##[group]Waiting for all services to be ready
2025-08-20T16:15:54.0815018Z ##[command]/usr/bin/docker inspect --format="{{if .Config.Healthcheck}}{{print .State.Health.Status}}{{end}}" abe7b85163e12ca421282b894aaa01a9f395967b0872c7ef9d8fd39baa8513a7
2025-08-20T16:15:54.0935702Z starting
2025-08-20T16:15:54.0956118Z postgres service is starting, waiting 2 seconds before checking again.
2025-08-20T16:15:56.0963175Z ##[command]/usr/bin/docker inspect --format="{{if .Config.Healthcheck}}{{print .State.Health.Status}}{{end}}" abe7b85163e12ca421282b894aaa01a9f395967b0872c7ef9d8fd39baa8513a7
2025-08-20T16:15:56.1111313Z starting
2025-08-20T16:15:56.1126573Z postgres service is starting, waiting 3 seconds before checking again.
2025-08-20T16:15:59.9963284Z ##[command]/usr/bin/docker inspect --format="{{if .Config.Healthcheck}}{{print .State.Health.Status}}{{end}}" abe7b85163e12ca421282b894aaa01a9f395967b0872c7ef9d8fd39baa8513a7
2025-08-20T16:16:00.0094960Z healthy
2025-08-20T16:16:00.0114105Z postgres service is healthy.
2025-08-20T16:16:00.0115049Z ##[command]/usr/bin/docker inspect --format="{{if .Config.Healthcheck}}{{print .State.Health.Status}}{{end}}" 927c4881fa532088640e1b0638f7edf6bf9afc4aa6cf645d82de05d1f1061ce3
2025-08-20T16:16:00.0259487Z redis service is healthy.
2025-08-20T16:16:00.0260301Z ##[endgroup]
2025-08-20T16:16:00.0521920Z ##[group]Run actions/checkout@v4
2025-08-20T16:16:00.0522451Z with:
2025-08-20T16:16:00.0522642Z   fetch-depth: 0
2025-08-20T16:16:00.0522846Z   repository: AlexBomber12/AWA-App
2025-08-20T16:16:00.0523265Z   token: ***
2025-08-20T16:16:00.0523459Z   ssh-strict: true
2025-08-20T16:16:00.0523641Z   ssh-user: git
2025-08-20T16:16:00.0523840Z   persist-credentials: true
2025-08-20T16:16:00.0524052Z   clean: true
2025-08-20T16:16:00.0524242Z   sparse-checkout-cone-mode: true
2025-08-20T16:16:00.0524471Z   fetch-tags: false
2025-08-20T16:16:00.0524656Z   show-progress: true
2025-08-20T16:16:00.0524864Z   lfs: false
2025-08-20T16:16:00.0525044Z   submodules: false
2025-08-20T16:16:00.0525231Z   set-safe-directory: true
2025-08-20T16:16:00.0525637Z env:
2025-08-20T16:16:00.0525843Z   REDIS_URL: redis://localhost:6379/0
2025-08-20T16:16:00.0526094Z   RATE_LIMIT_DEFAULT: 100/minute
2025-08-20T16:16:00.0526502Z   TRUST_X_FORWARDED: 1
2025-08-20T16:16:00.0526687Z ##[endgroup]
2025-08-20T16:16:00.1667607Z Syncing repository: AlexBomber12/AWA-App
2025-08-20T16:16:00.1669061Z ##[group]Getting Git version info
2025-08-20T16:16:00.1669412Z Working directory is '/home/runner/work/AWA-App/AWA-App'
2025-08-20T16:16:00.1669916Z [command]/usr/bin/git version
2025-08-20T16:16:00.1715032Z git version 2.50.1
2025-08-20T16:16:00.1748102Z ##[endgroup]
2025-08-20T16:16:00.1765046Z Temporarily overriding HOME='/home/runner/work/_temp/6db2c4af-8225-4b66-8e9d-0877db773623' before making global git config changes
2025-08-20T16:16:00.1766638Z Adding repository directory to the temporary git global config as a safe directory
2025-08-20T16:16:00.1772186Z [command]/usr/bin/git config --global --add safe.directory /home/runner/work/AWA-App/AWA-App
2025-08-20T16:16:00.1813432Z Deleting the contents of '/home/runner/work/AWA-App/AWA-App'
2025-08-20T16:16:00.1817819Z ##[group]Initializing the repository
2025-08-20T16:16:00.1822842Z [command]/usr/bin/git init /home/runner/work/AWA-App/AWA-App
2025-08-20T16:16:00.1897578Z hint: Using 'master' as the name for the initial branch. This default branch name
2025-08-20T16:16:00.1898525Z hint: is subject to change. To configure the initial branch name to use in all
2025-08-20T16:16:00.1899370Z hint: of your new repositories, which will suppress this warning, call:
2025-08-20T16:16:00.1899983Z hint:
2025-08-20T16:16:00.1900453Z hint: 	git config --global init.defaultBranch <name>
2025-08-20T16:16:00.1900958Z hint:
2025-08-20T16:16:00.1901426Z hint: Names commonly chosen instead of 'master' are 'main', 'trunk' and
2025-08-20T16:16:00.1902296Z hint: 'development'. The just-created branch can be renamed via this command:
2025-08-20T16:16:00.1902969Z hint:
2025-08-20T16:16:00.1903285Z hint: 	git branch -m <name>
2025-08-20T16:16:00.1903618Z hint:
2025-08-20T16:16:00.1904123Z hint: Disable this message with "git config set advice.defaultBranchName false"
2025-08-20T16:16:00.1905036Z Initialized empty Git repository in /home/runner/work/AWA-App/AWA-App/.git/
2025-08-20T16:16:00.1914027Z [command]/usr/bin/git remote add origin https://github.com/AlexBomber12/AWA-App
2025-08-20T16:16:00.1953146Z ##[endgroup]
2025-08-20T16:16:00.1953744Z ##[group]Disabling automatic garbage collection
2025-08-20T16:16:00.1959283Z [command]/usr/bin/git config --local gc.auto 0
2025-08-20T16:16:00.1993583Z ##[endgroup]
2025-08-20T16:16:00.1994175Z ##[group]Setting up auth
2025-08-20T16:16:00.2002620Z [command]/usr/bin/git config --local --name-only --get-regexp core\.sshCommand
2025-08-20T16:16:00.2038980Z [command]/usr/bin/git submodule foreach --recursive sh -c "git config --local --name-only --get-regexp 'core\.sshCommand' && git config --local --unset-all 'core.sshCommand' || :"
2025-08-20T16:16:00.2330651Z [command]/usr/bin/git config --local --name-only --get-regexp http\.https\:\/\/github\.com\/\.extraheader
2025-08-20T16:16:00.2366905Z [command]/usr/bin/git submodule foreach --recursive sh -c "git config --local --name-only --get-regexp 'http\.https\:\/\/github\.com\/\.extraheader' && git config --local --unset-all 'http.https://github.com/.extraheader' || :"
2025-08-20T16:16:00.2611902Z [command]/usr/bin/git config --local http.https://github.com/.extraheader AUTHORIZATION: basic ***
2025-08-20T16:16:00.2661718Z ##[endgroup]
2025-08-20T16:16:00.2662386Z ##[group]Fetching the repository
2025-08-20T16:16:00.2671491Z [command]/usr/bin/git -c protocol.version=2 fetch --prune --no-recurse-submodules origin +refs/heads/*:refs/remotes/origin/* +refs/tags/*:refs/tags/* +92fc11b24c07a788f0d1104fef59c606ee88b95c:refs/remotes/pull/302/merge
2025-08-20T16:16:02.9707935Z From https://github.com/AlexBomber12/AWA-App
2025-08-20T16:16:02.9709184Z  * [new branch]        codex/analyze-ci-logs-and-implement-fixes -> origin/codex/analyze-ci-logs-and-implement-fixes
2025-08-20T16:16:02.9711061Z  * [new branch]        codex/create-branch-and-enforce-coverage-requirements -> origin/codex/create-branch-and-enforce-coverage-requirements
2025-08-20T16:16:02.9712793Z  * [new branch]        codex/fix-mypy-errors-and-unify-dsn-variables -> origin/codex/fix-mypy-errors-and-unify-dsn-variables
2025-08-20T16:16:02.9714264Z  * [new branch]        codex/implement-targeted-fixes-for-ci-workflows -> origin/codex/implement-targeted-fixes-for-ci-workflows
2025-08-20T16:16:02.9715406Z  * [new branch]        gh-pages                                 -> origin/gh-pages
2025-08-20T16:16:02.9716127Z  * [new branch]        main                                     -> origin/main
2025-08-20T16:16:02.9717560Z  * [new tag]           0.3.0                                    -> 0.3.0
2025-08-20T16:16:02.9721371Z  * [new ref]           92fc11b24c07a788f0d1104fef59c606ee88b95c -> pull/302/merge
2025-08-20T16:16:02.9754562Z ##[endgroup]
2025-08-20T16:16:02.9755173Z ##[group]Determining the checkout info
2025-08-20T16:16:02.9755938Z ##[endgroup]
2025-08-20T16:16:02.9761717Z [command]/usr/bin/git sparse-checkout disable
2025-08-20T16:16:02.9800029Z [command]/usr/bin/git config --local --unset-all extensions.worktreeConfig
2025-08-20T16:16:02.9827067Z ##[group]Checking out the ref
2025-08-20T16:16:02.9831212Z [command]/usr/bin/git checkout --progress --force refs/remotes/pull/302/merge
2025-08-20T16:16:03.0317511Z Note: switching to 'refs/remotes/pull/302/merge'.
2025-08-20T16:16:03.0317939Z 
2025-08-20T16:16:03.0318256Z You are in 'detached HEAD' state. You can look around, make experimental
2025-08-20T16:16:03.0318974Z changes and commit them, and you can discard any commits you make in this
2025-08-20T16:16:03.0319659Z state without impacting any branches by switching back to a branch.
2025-08-20T16:16:03.0320089Z 
2025-08-20T16:16:03.0320361Z If you want to create a new branch to retain commits you create, you may
2025-08-20T16:16:03.0321203Z do so (now or later) by using -c with the switch command. Example:
2025-08-20T16:16:03.0321599Z 
2025-08-20T16:16:03.0321753Z   git switch -c <new-branch-name>
2025-08-20T16:16:03.0322017Z 
2025-08-20T16:16:03.0322165Z Or undo this operation with:
2025-08-20T16:16:03.0322394Z 
2025-08-20T16:16:03.0322509Z   git switch -
2025-08-20T16:16:03.0322706Z 
2025-08-20T16:16:03.0323024Z Turn off this advice by setting config variable advice.detachedHead to false
2025-08-20T16:16:03.0323494Z 
2025-08-20T16:16:03.0324103Z HEAD is now at 92fc11b2 Merge 40705395d520f094dd35afe91bad2baf6db2a71f into 90bcb6076dd8e4fc12fb63ab56d3adc0d287d7b5
2025-08-20T16:16:03.0335097Z ##[endgroup]
2025-08-20T16:16:03.0376480Z [command]/usr/bin/git log -1 --format=%H
2025-08-20T16:16:03.0400569Z 92fc11b24c07a788f0d1104fef59c606ee88b95c
2025-08-20T16:16:03.0564618Z ##[group]Run cat .env.ci >> "$GITHUB_ENV"
2025-08-20T16:16:03.0564974Z [36;1mcat .env.ci >> "$GITHUB_ENV"[0m
2025-08-20T16:16:03.0565711Z [36;1mecho "DATABASE_URL=***localhost:5432/awa" >> "$GITHUB_ENV"[0m
2025-08-20T16:16:03.0566068Z [36;1mecho "PG_HOST=localhost" >> "$GITHUB_ENV"[0m
2025-08-20T16:16:03.0566554Z [36;1mecho "PG_PORT=5432" >> "$GITHUB_ENV"[0m
2025-08-20T16:16:03.0566846Z [36;1mecho "PG_USER=postgres" >> "$GITHUB_ENV"[0m
2025-08-20T16:16:03.0567127Z [36;1mecho "PG_PASSWORD=pass" >> "$GITHUB_ENV"[0m
2025-08-20T16:16:03.0567400Z [36;1mecho "PG_DATABASE=awa" >> "$GITHUB_ENV"[0m
2025-08-20T16:16:03.0567665Z [36;1mecho "TESTING=1" >> "$GITHUB_ENV"[0m
2025-08-20T16:16:03.0610045Z shell: /usr/bin/bash -e {0}
2025-08-20T16:16:03.0610280Z env:
2025-08-20T16:16:03.0610481Z   REDIS_URL: redis://localhost:6379/0
2025-08-20T16:16:03.0610743Z   RATE_LIMIT_DEFAULT: 100/minute
2025-08-20T16:16:03.0610965Z   TRUST_X_FORWARDED: 1
2025-08-20T16:16:03.0611186Z ##[endgroup]
2025-08-20T16:16:03.0781552Z ##[group]Run actions/setup-python@v5
2025-08-20T16:16:03.0781833Z with:
2025-08-20T16:16:03.0782021Z   python-version: 3.12
2025-08-20T16:16:03.0782217Z   cache: pip
2025-08-20T16:16:03.0782996Z   cache-dependency-path: requirements-dev.txt
services/etl/requirements.txt
services/api/requirements.txt
services/repricer/requirements.txt
services/fees_h10/requirements.txt
services/alert_bot/requirements.txt

2025-08-20T16:16:03.0783831Z   check-latest: false
2025-08-20T16:16:03.0784123Z   token: ***
2025-08-20T16:16:03.0784299Z   update-environment: true
2025-08-20T16:16:03.0784515Z   allow-prereleases: false
2025-08-20T16:16:03.0784717Z   freethreaded: false
2025-08-20T16:16:03.0784894Z env:
2025-08-20T16:16:03.0785080Z   REDIS_URL: redis://localhost:6379/0
2025-08-20T16:16:03.0785336Z   RATE_LIMIT_DEFAULT: 100/minute
2025-08-20T16:16:03.0785554Z   TRUST_X_FORWARDED: 1
2025-08-20T16:16:03.0785745Z   PG_USER: postgres
2025-08-20T16:16:03.0785937Z   PG_PASSWORD: pass
2025-08-20T16:16:03.0786157Z   PG_DATABASE: awa
2025-08-20T16:16:03.0786529Z   PG_HOST: localhost
2025-08-20T16:16:03.0786786Z   PG_PORT: 5432
2025-08-20T16:16:03.0787348Z   PG_SYNC_DSN: ***localhost:5432/awa
2025-08-20T16:16:03.0787831Z   PG_ASYNC_DSN: ***localhost:5432/awa
2025-08-20T16:16:03.0788233Z   DATABASE_URL: ***localhost:5432/awa
2025-08-20T16:16:03.0788467Z   DATA_DIR: /tmp/awa-data
2025-08-20T16:16:03.0788673Z   ENABLE_LIVE: 0
2025-08-20T16:16:03.0788842Z   TESTING: 1
2025-08-20T16:16:03.0789006Z ##[endgroup]
2025-08-20T16:16:03.2475904Z ##[group]Installed versions
2025-08-20T16:16:03.2580283Z Successfully set up CPython (3.12.11)
2025-08-20T16:16:03.2580859Z ##[endgroup]
2025-08-20T16:16:03.2958921Z [command]/opt/hostedtoolcache/Python/3.12.11/x64/bin/pip cache dir
2025-08-20T16:16:03.8277965Z /home/runner/.cache/pip
2025-08-20T16:16:04.1802866Z Cache hit for: setup-python-Linux-x64-24.04-Ubuntu-python-3.12.11-pip-edce5793189406e0b5b9cd9ea574e3bf8289359be80b5a6fe61ed71104e9dd3a
2025-08-20T16:16:05.4836015Z Received 0 of 337359228 (0.0%), 0.0 MBs/sec
2025-08-20T16:16:06.4833116Z Received 109051904 of 337359228 (32.3%), 52.0 MBs/sec
2025-08-20T16:16:07.4841754Z Received 234881024 of 337359228 (69.6%), 74.6 MBs/sec
2025-08-20T16:16:08.4995933Z Received 337359228 of 337359228 (100.0%), 80.1 MBs/sec
2025-08-20T16:16:08.4998558Z Cache Size: ~322 MB (337359228 B)
2025-08-20T16:16:08.5121158Z [command]/usr/bin/tar -xf /home/runner/work/_temp/a9a01973-3494-4a09-b3e0-e9a79fda376f/cache.tzst -P -C /home/runner/work/AWA-App/AWA-App --use-compress-program unzstd
2025-08-20T16:16:09.0902842Z Cache restored successfully
2025-08-20T16:16:09.1553056Z Cache restored from key: setup-python-Linux-x64-24.04-Ubuntu-python-3.12.11-pip-edce5793189406e0b5b9cd9ea574e3bf8289359be80b5a6fe61ed71104e9dd3a
2025-08-20T16:16:09.2279012Z ##[group]Run actions/cache@v4
2025-08-20T16:16:09.2279287Z with:
2025-08-20T16:16:09.2279512Z   path: ~/.cache/pip
.pytest_cache
~/.ruff_cache

2025-08-20T16:16:09.2279958Z   key: Linux-test-29fc3204f837bce43d81586a404709764a9accd1f738d0c33a52a32bf7a0c312
2025-08-20T16:16:09.2280377Z   restore-keys: Linux-test-
2025-08-20T16:16:09.2280632Z   enableCrossOsArchive: false
2025-08-20T16:16:09.2280866Z   fail-on-cache-miss: false
2025-08-20T16:16:09.2281084Z   lookup-only: false
2025-08-20T16:16:09.2281288Z   save-always: false
2025-08-20T16:16:09.2281470Z env:
2025-08-20T16:16:09.2281675Z   REDIS_URL: redis://localhost:6379/0
2025-08-20T16:16:09.2281942Z   RATE_LIMIT_DEFAULT: 100/minute
2025-08-20T16:16:09.2282165Z   TRUST_X_FORWARDED: 1
2025-08-20T16:16:09.2282368Z   PG_USER: postgres
2025-08-20T16:16:09.2282610Z   PG_PASSWORD: pass
2025-08-20T16:16:09.2282796Z   PG_DATABASE: awa
2025-08-20T16:16:09.2282990Z   PG_HOST: localhost
2025-08-20T16:16:09.2283183Z   PG_PORT: 5432
2025-08-20T16:16:09.2283704Z   PG_SYNC_DSN: ***localhost:5432/awa
2025-08-20T16:16:09.2284165Z   PG_ASYNC_DSN: ***localhost:5432/awa
2025-08-20T16:16:09.2284571Z   DATABASE_URL: ***localhost:5432/awa
2025-08-20T16:16:09.2284822Z   DATA_DIR: /tmp/awa-data
2025-08-20T16:16:09.2285028Z   ENABLE_LIVE: 0
2025-08-20T16:16:09.2285229Z   TESTING: 1
2025-08-20T16:16:09.2285477Z   pythonLocation: /opt/hostedtoolcache/Python/3.12.11/x64
2025-08-20T16:16:09.2285900Z   PKG_CONFIG_PATH: /opt/hostedtoolcache/Python/3.12.11/x64/lib/pkgconfig
2025-08-20T16:16:09.2286496Z   Python_ROOT_DIR: /opt/hostedtoolcache/Python/3.12.11/x64
2025-08-20T16:16:09.2286892Z   Python2_ROOT_DIR: /opt/hostedtoolcache/Python/3.12.11/x64
2025-08-20T16:16:09.2287253Z   Python3_ROOT_DIR: /opt/hostedtoolcache/Python/3.12.11/x64
2025-08-20T16:16:09.2287624Z   LD_LIBRARY_PATH: /opt/hostedtoolcache/Python/3.12.11/x64/lib
2025-08-20T16:16:09.2287929Z ##[endgroup]
2025-08-20T16:16:09.6447840Z Cache hit for: Linux-test-29fc3204f837bce43d81586a404709764a9accd1f738d0c33a52a32bf7a0c312
2025-08-20T16:16:10.9730813Z Received 4194304 of 337364167 (1.2%), 4.0 MBs/sec
2025-08-20T16:16:11.9802700Z Received 125829120 of 337364167 (37.3%), 60.0 MBs/sec
2025-08-20T16:16:12.9751795Z Received 243269632 of 337364167 (72.1%), 77.3 MBs/sec
2025-08-20T16:16:13.9755485Z Received 264241152 of 337364167 (78.3%), 63.0 MBs/sec
2025-08-20T16:16:14.9760330Z Received 333169863 of 337364167 (98.8%), 63.5 MBs/sec
2025-08-20T16:16:15.2397319Z Received 337364167 of 337364167 (100.0%), 61.1 MBs/sec
2025-08-20T16:16:15.2400557Z Cache Size: ~322 MB (337364167 B)
2025-08-20T16:16:15.2509476Z [command]/usr/bin/tar -xf /home/runner/work/_temp/600f44f8-1ee8-4518-b3ee-5dae0c475c20/cache.tzst -P -C /home/runner/work/AWA-App/AWA-App --use-compress-program unzstd
2025-08-20T16:16:15.8637124Z Cache restored successfully
2025-08-20T16:16:15.9373479Z Cache restored from key: Linux-test-29fc3204f837bce43d81586a404709764a9accd1f738d0c33a52a32bf7a0c312
2025-08-20T16:16:15.9489750Z ##[group]Run pip install -r services/etl/requirements.txt
2025-08-20T16:16:15.9490208Z [36;1mpip install -r services/etl/requirements.txt[0m
2025-08-20T16:16:15.9490551Z [36;1mpip install -r services/api/requirements.txt[0m
2025-08-20T16:16:15.9490896Z [36;1mpip install -r services/repricer/requirements.txt[0m
2025-08-20T16:16:15.9491256Z [36;1mpip install -r services/fees_h10/requirements.txt[0m
2025-08-20T16:16:15.9491628Z [36;1mpip install -r services/alert_bot/requirements.txt[0m
2025-08-20T16:16:15.9491958Z [36;1mpip install -r requirements-dev.txt[0m
2025-08-20T16:16:15.9492230Z [36;1mpip install asyncpg[0m
2025-08-20T16:16:15.9492463Z [36;1mpip install pytest[0m
2025-08-20T16:16:15.9492718Z [36;1mpip install keepa==1.3.15 minio==7.1.15[0m
2025-08-20T16:16:15.9534269Z shell: /usr/bin/bash -e {0}
2025-08-20T16:16:15.9534519Z env:
2025-08-20T16:16:15.9534730Z   REDIS_URL: redis://localhost:6379/0
2025-08-20T16:16:15.9535004Z   RATE_LIMIT_DEFAULT: 100/minute
2025-08-20T16:16:15.9535283Z   TRUST_X_FORWARDED: 1
2025-08-20T16:16:15.9535491Z   PG_USER: postgres
2025-08-20T16:16:15.9535689Z   PG_PASSWORD: pass
2025-08-20T16:16:15.9535886Z   PG_DATABASE: awa
2025-08-20T16:16:15.9536074Z   PG_HOST: localhost
2025-08-20T16:16:15.9536267Z   PG_PORT: 5432
2025-08-20T16:16:15.9537197Z   PG_SYNC_DSN: ***localhost:5432/awa
2025-08-20T16:16:15.9537647Z   PG_ASYNC_DSN: ***localhost:5432/awa
2025-08-20T16:16:15.9538106Z   DATABASE_URL: ***localhost:5432/awa
2025-08-20T16:16:15.9538351Z   DATA_DIR: /tmp/awa-data
2025-08-20T16:16:15.9538562Z   ENABLE_LIVE: 0
2025-08-20T16:16:15.9538746Z   TESTING: 1
2025-08-20T16:16:15.9538989Z   pythonLocation: /opt/hostedtoolcache/Python/3.12.11/x64
2025-08-20T16:16:15.9539400Z   PKG_CONFIG_PATH: /opt/hostedtoolcache/Python/3.12.11/x64/lib/pkgconfig
2025-08-20T16:16:15.9539798Z   Python_ROOT_DIR: /opt/hostedtoolcache/Python/3.12.11/x64
2025-08-20T16:16:15.9540169Z   Python2_ROOT_DIR: /opt/hostedtoolcache/Python/3.12.11/x64
2025-08-20T16:16:15.9540525Z   Python3_ROOT_DIR: /opt/hostedtoolcache/Python/3.12.11/x64
2025-08-20T16:16:15.9540880Z   LD_LIBRARY_PATH: /opt/hostedtoolcache/Python/3.12.11/x64/lib
2025-08-20T16:16:15.9541183Z ##[endgroup]
2025-08-20T16:16:16.7059743Z Collecting keepa==1.3.14 (from -r services/etl/requirements.txt (line 1))
2025-08-20T16:16:16.7075053Z   Using cached keepa-1.3.14-py3-none-any.whl.metadata (10 kB)
2025-08-20T16:16:16.7341226Z Collecting minio==7.1.15 (from -r services/etl/requirements.txt (line 2))
2025-08-20T16:16:16.7355088Z   Using cached minio-7.1.15-py3-none-any.whl.metadata (4.2 kB)
2025-08-20T16:16:16.7702294Z Collecting celery==5.3.* (from -r services/etl/requirements.txt (line 3))
2025-08-20T16:16:16.7715774Z   Using cached celery-5.3.6-py3-none-any.whl.metadata (21 kB)
2025-08-20T16:16:16.8207682Z Collecting redis==5.* (from -r services/etl/requirements.txt (line 4))
2025-08-20T16:16:16.8220772Z   Using cached redis-5.3.1-py3-none-any.whl.metadata (9.2 kB)
2025-08-20T16:16:16.8763658Z Collecting python-amazon-sp-api==0.8.0 (from -r services/etl/requirements.txt (line 5))
2025-08-20T16:16:16.8777001Z   Using cached python_amazon_sp_api-0.8.0-py3-none-any.whl.metadata (3.2 kB)
2025-08-20T16:16:16.9024100Z Collecting pydantic-settings==2.2.1 (from -r services/etl/requirements.txt (line 6))
2025-08-20T16:16:16.9037050Z   Using cached pydantic_settings-2.2.1-py3-none-any.whl.metadata (3.1 kB)
2025-08-20T16:16:17.0803630Z Collecting numpy<2 (from -r services/etl/requirements.txt (line 7))
2025-08-20T16:16:17.0818134Z   Using cached numpy-1.26.4-cp312-cp312-manylinux_2_17_x86_64.manylinux2014_x86_64.whl.metadata (61 kB)
2025-08-20T16:16:17.1993745Z Collecting pandas==2.2.* (from -r services/etl/requirements.txt (line 8))
2025-08-20T16:16:17.2007461Z   Using cached pandas-2.2.3-cp312-cp312-manylinux_2_17_x86_64.manylinux2014_x86_64.whl.metadata (89 kB)
2025-08-20T16:16:17.2615590Z Collecting pandera==0.19.* (from -r services/etl/requirements.txt (line 9))
2025-08-20T16:16:17.2629289Z   Using cached pandera-0.19.3-py3-none-any.whl.metadata (15 kB)
2025-08-20T16:16:17.2852677Z Collecting openpyxl==3.1.* (from -r services/etl/requirements.txt (line 10))
2025-08-20T16:16:17.2865458Z   Using cached openpyxl-3.1.5-py2.py3-none-any.whl.metadata (2.5 kB)
2025-08-20T16:16:17.3446060Z Collecting psycopg2-binary==2.9.* (from -r services/etl/requirements.txt (line 11))
2025-08-20T16:16:17.3461810Z   Using cached psycopg2_binary-2.9.10-cp312-cp312-manylinux_2_17_x86_64.manylinux2014_x86_64.whl.metadata (4.9 kB)
2025-08-20T16:16:17.3832526Z Collecting requests>=2.2 (from keepa==1.3.14->-r services/etl/requirements.txt (line 1))
2025-08-20T16:16:17.3847503Z   Using cached requests-2.32.5-py3-none-any.whl.metadata (4.9 kB)
2025-08-20T16:16:17.4204313Z Collecting tqdm (from keepa==1.3.14->-r services/etl/requirements.txt (line 1))
2025-08-20T16:16:17.4218401Z   Using cached tqdm-4.67.1-py3-none-any.whl.metadata (57 kB)
2025-08-20T16:16:17.9428157Z Collecting aiohttp (from keepa==1.3.14->-r services/etl/requirements.txt (line 1))
2025-08-20T16:16:17.9443616Z   Using cached aiohttp-3.12.15-cp312-cp312-manylinux_2_17_x86_64.manylinux2014_x86_64.whl.metadata (7.7 kB)
2025-08-20T16:16:18.0631215Z Collecting pydantic (from keepa==1.3.14->-r services/etl/requirements.txt (line 1))
2025-08-20T16:16:18.0645544Z   Using cached pydantic-2.11.7-py3-none-any.whl.metadata (67 kB)
2025-08-20T16:16:18.0851919Z Collecting certifi (from minio==7.1.15->-r services/etl/requirements.txt (line 2))
2025-08-20T16:16:18.0865166Z   Using cached certifi-2025.8.3-py3-none-any.whl.metadata (2.4 kB)
2025-08-20T16:16:18.1092904Z Collecting urllib3 (from minio==7.1.15->-r services/etl/requirements.txt (line 2))
2025-08-20T16:16:18.1107572Z   Using cached urllib3-2.5.0-py3-none-any.whl.metadata (6.5 kB)
2025-08-20T16:16:18.1239474Z Collecting six<2,>=1.15 (from python-amazon-sp-api==0.8.0->-r services/etl/requirements.txt (line 5))
2025-08-20T16:16:18.1252811Z   Using cached six-1.17.0-py2.py3-none-any.whl.metadata (1.7 kB)
2025-08-20T16:16:18.5460830Z Collecting boto3<2,>=1.16.39 (from python-amazon-sp-api==0.8.0->-r services/etl/requirements.txt (line 5))
2025-08-20T16:16:18.5798012Z   Downloading boto3-1.40.13-py3-none-any.whl.metadata (6.7 kB)
2025-08-20T16:16:18.6001768Z Collecting cachetools~=4.2.0 (from python-amazon-sp-api==0.8.0->-r services/etl/requirements.txt (line 5))
2025-08-20T16:16:18.6017411Z   Using cached cachetools-4.2.4-py3-none-any.whl.metadata (4.8 kB)
2025-08-20T16:16:18.6838900Z Collecting pycryptodome (from python-amazon-sp-api==0.8.0->-r services/etl/requirements.txt (line 5))
2025-08-20T16:16:18.6854271Z   Using cached pycryptodome-3.23.0-cp37-abi3-manylinux_2_17_x86_64.manylinux2014_x86_64.whl.metadata (3.4 kB)
2025-08-20T16:16:18.7205510Z Collecting pytz (from python-amazon-sp-api==0.8.0->-r services/etl/requirements.txt (line 5))
2025-08-20T16:16:18.7220982Z   Using cached pytz-2025.2-py2.py3-none-any.whl.metadata (22 kB)
2025-08-20T16:16:18.7354992Z Collecting confuse~=1.4.0 (from python-amazon-sp-api==0.8.0->-r services/etl/requirements.txt (line 5))
2025-08-20T16:16:18.7369744Z   Using cached confuse-1.4.0-py2.py3-none-any.whl.metadata (3.8 kB)
2025-08-20T16:16:18.7654488Z Collecting python-dotenv>=0.21.0 (from pydantic-settings==2.2.1->-r services/etl/requirements.txt (line 6))
2025-08-20T16:16:18.7669363Z   Using cached python_dotenv-1.1.1-py3-none-any.whl.metadata (24 kB)
2025-08-20T16:16:18.7880218Z Collecting billiard<5.0,>=4.2.0 (from celery==5.3.*->-r services/etl/requirements.txt (line 3))
2025-08-20T16:16:18.7895377Z   Using cached billiard-4.2.1-py3-none-any.whl.metadata (4.4 kB)
2025-08-20T16:16:18.7986032Z Collecting click-didyoumean>=0.3.0 (from celery==5.3.*->-r services/etl/requirements.txt (line 3))
2025-08-20T16:16:18.8000349Z   Using cached click_didyoumean-0.3.1-py3-none-any.whl.metadata (3.9 kB)
2025-08-20T16:16:18.8086983Z Collecting click-plugins>=1.1.1 (from celery==5.3.*->-r services/etl/requirements.txt (line 3))
2025-08-20T16:16:18.8100383Z   Using cached click_plugins-1.1.1.2-py2.py3-none-any.whl.metadata (6.5 kB)
2025-08-20T16:16:18.8192464Z Collecting click-repl>=0.2.0 (from celery==5.3.*->-r services/etl/requirements.txt (line 3))
2025-08-20T16:16:18.8206947Z   Using cached click_repl-0.3.0-py3-none-any.whl.metadata (3.6 kB)
2025-08-20T16:16:18.8377553Z Collecting click<9.0,>=8.1.2 (from celery==5.3.*->-r services/etl/requirements.txt (line 3))
2025-08-20T16:16:18.8392378Z   Using cached click-8.2.1-py3-none-any.whl.metadata (2.5 kB)
2025-08-20T16:16:18.8700739Z Collecting kombu<6.0,>=5.3.4 (from celery==5.3.*->-r services/etl/requirements.txt (line 3))
2025-08-20T16:16:18.8716745Z   Using cached kombu-5.5.4-py3-none-any.whl.metadata (3.5 kB)
2025-08-20T16:16:18.8894467Z Collecting python-dateutil>=2.8.2 (from celery==5.3.*->-r services/etl/requirements.txt (line 3))
2025-08-20T16:16:18.8909761Z   Using cached python_dateutil-2.9.0.post0-py2.py3-none-any.whl.metadata (8.4 kB)
2025-08-20T16:16:18.9035550Z Collecting tzdata>=2022.7 (from celery==5.3.*->-r services/etl/requirements.txt (line 3))
2025-08-20T16:16:18.9051059Z   Using cached tzdata-2025.2-py2.py3-none-any.whl.metadata (1.4 kB)
2025-08-20T16:16:18.9155150Z Collecting vine<6.0,>=5.1.0 (from celery==5.3.*->-r services/etl/requirements.txt (line 3))
2025-08-20T16:16:18.9169427Z   Using cached vine-5.1.0-py3-none-any.whl.metadata (2.7 kB)
2025-08-20T16:16:18.9330649Z Collecting PyJWT>=2.9.0 (from redis==5.*->-r services/etl/requirements.txt (line 4))
2025-08-20T16:16:18.9345483Z   Using cached PyJWT-2.10.1-py3-none-any.whl.metadata (4.0 kB)
2025-08-20T16:16:18.9664018Z Collecting multimethod<=1.10.0 (from pandera==0.19.*->-r services/etl/requirements.txt (line 9))
2025-08-20T16:16:18.9679492Z   Using cached multimethod-1.10-py3-none-any.whl.metadata (8.2 kB)
2025-08-20T16:16:18.9903716Z Collecting packaging>=20.0 (from pandera==0.19.*->-r services/etl/requirements.txt (line 9))
2025-08-20T16:16:18.9919069Z   Using cached packaging-25.0-py3-none-any.whl.metadata (3.3 kB)
2025-08-20T16:16:19.0197154Z Collecting typeguard (from pandera==0.19.*->-r services/etl/requirements.txt (line 9))
2025-08-20T16:16:19.0212692Z   Using cached typeguard-4.4.4-py3-none-any.whl.metadata (3.3 kB)
2025-08-20T16:16:19.0307785Z Collecting typing-inspect>=0.6.0 (from pandera==0.19.*->-r services/etl/requirements.txt (line 9))
2025-08-20T16:16:19.0321268Z   Using cached typing_inspect-0.9.0-py3-none-any.whl.metadata (1.5 kB)
2025-08-20T16:16:19.1342131Z Collecting wrapt (from pandera==0.19.*->-r services/etl/requirements.txt (line 9))
2025-08-20T16:16:19.1358029Z   Using cached wrapt-1.17.3-cp312-cp312-manylinux1_x86_64.manylinux_2_28_x86_64.manylinux_2_5_x86_64.whl.metadata (6.4 kB)
2025-08-20T16:16:19.1450436Z Collecting et-xmlfile (from openpyxl==3.1.*->-r services/etl/requirements.txt (line 10))
2025-08-20T16:16:19.1464347Z   Using cached et_xmlfile-2.0.0-py3-none-any.whl.metadata (2.7 kB)
2025-08-20T16:16:19.6144244Z Collecting botocore<1.41.0,>=1.40.13 (from boto3<2,>=1.16.39->python-amazon-sp-api==0.8.0->-r services/etl/requirements.txt (line 5))
2025-08-20T16:16:19.6172365Z   Downloading botocore-1.40.13-py3-none-any.whl.metadata (5.7 kB)
2025-08-20T16:16:19.6307610Z Collecting jmespath<2.0.0,>=0.7.1 (from boto3<2,>=1.16.39->python-amazon-sp-api==0.8.0->-r services/etl/requirements.txt (line 5))
2025-08-20T16:16:19.6320854Z   Using cached jmespath-1.0.1-py3-none-any.whl.metadata (7.6 kB)
2025-08-20T16:16:19.6465610Z Collecting s3transfer<0.14.0,>=0.13.0 (from boto3<2,>=1.16.39->python-amazon-sp-api==0.8.0->-r services/etl/requirements.txt (line 5))
2025-08-20T16:16:19.6478757Z   Using cached s3transfer-0.13.1-py3-none-any.whl.metadata (1.7 kB)
2025-08-20T16:16:19.7020721Z Collecting pyyaml (from confuse~=1.4.0->python-amazon-sp-api==0.8.0->-r services/etl/requirements.txt (line 5))
2025-08-20T16:16:19.7037040Z   Using cached PyYAML-6.0.2-cp312-cp312-manylinux_2_17_x86_64.manylinux2014_x86_64.whl.metadata (2.1 kB)
2025-08-20T16:16:19.7257880Z Collecting amqp<6.0.0,>=5.1.1 (from kombu<6.0,>=5.3.4->celery==5.3.*->-r services/etl/requirements.txt (line 3))
2025-08-20T16:16:19.7272594Z   Using cached amqp-5.3.1-py3-none-any.whl.metadata (8.9 kB)
2025-08-20T16:16:20.0166070Z Collecting prompt-toolkit>=3.0.36 (from click-repl>=0.2.0->celery==5.3.*->-r services/etl/requirements.txt (line 3))
2025-08-20T16:16:20.0180397Z   Using cached prompt_toolkit-3.0.51-py3-none-any.whl.metadata (6.4 kB)
2025-08-20T16:16:20.0321609Z Collecting wcwidth (from prompt-toolkit>=3.0.36->click-repl>=0.2.0->celery==5.3.*->-r services/etl/requirements.txt (line 3))
2025-08-20T16:16:20.0335705Z   Using cached wcwidth-0.2.13-py2.py3-none-any.whl.metadata (14 kB)
2025-08-20T16:16:20.0444452Z Collecting annotated-types>=0.6.0 (from pydantic->keepa==1.3.14->-r services/etl/requirements.txt (line 1))
2025-08-20T16:16:20.0457310Z   Using cached annotated_types-0.7.0-py3-none-any.whl.metadata (15 kB)
2025-08-20T16:16:20.7277686Z Collecting pydantic-core==2.33.2 (from pydantic->keepa==1.3.14->-r services/etl/requirements.txt (line 1))
2025-08-20T16:16:20.7293397Z   Using cached pydantic_core-2.33.2-cp312-cp312-manylinux_2_17_x86_64.manylinux2014_x86_64.whl.metadata (6.8 kB)
2025-08-20T16:16:20.7458678Z Collecting typing-extensions>=4.12.2 (from pydantic->keepa==1.3.14->-r services/etl/requirements.txt (line 1))
2025-08-20T16:16:20.7471596Z   Using cached typing_extensions-4.14.1-py3-none-any.whl.metadata (3.0 kB)
2025-08-20T16:16:20.7556270Z Collecting typing-inspection>=0.4.0 (from pydantic->keepa==1.3.14->-r services/etl/requirements.txt (line 1))
2025-08-20T16:16:20.7569234Z   Using cached typing_inspection-0.4.1-py3-none-any.whl.metadata (2.6 kB)
2025-08-20T16:16:20.8461085Z Collecting charset_normalizer<4,>=2 (from requests>=2.2->keepa==1.3.14->-r services/etl/requirements.txt (line 1))
2025-08-20T16:16:20.8475105Z   Using cached charset_normalizer-3.4.3-cp312-cp312-manylinux2014_x86_64.manylinux_2_17_x86_64.manylinux_2_28_x86_64.whl.metadata (36 kB)
2025-08-20T16:16:20.8614221Z Collecting idna<4,>=2.5 (from requests>=2.2->keepa==1.3.14->-r services/etl/requirements.txt (line 1))
2025-08-20T16:16:20.8625939Z   Using cached idna-3.10-py3-none-any.whl.metadata (10 kB)
2025-08-20T16:16:20.8993539Z Collecting mypy-extensions>=0.3.0 (from typing-inspect>=0.6.0->pandera==0.19.*->-r services/etl/requirements.txt (line 9))
2025-08-20T16:16:20.9006981Z   Using cached mypy_extensions-1.1.0-py3-none-any.whl.metadata (1.1 kB)
2025-08-20T16:16:20.9290012Z Collecting aiohappyeyeballs>=2.5.0 (from aiohttp->keepa==1.3.14->-r services/etl/requirements.txt (line 1))
2025-08-20T16:16:20.9301767Z   Using cached aiohappyeyeballs-2.6.1-py3-none-any.whl.metadata (5.9 kB)
2025-08-20T16:16:20.9384597Z Collecting aiosignal>=1.4.0 (from aiohttp->keepa==1.3.14->-r services/etl/requirements.txt (line 1))
2025-08-20T16:16:20.9396027Z   Using cached aiosignal-1.4.0-py3-none-any.whl.metadata (3.7 kB)
2025-08-20T16:16:20.9551150Z Collecting attrs>=17.3.0 (from aiohttp->keepa==1.3.14->-r services/etl/requirements.txt (line 1))
2025-08-20T16:16:20.9562493Z   Using cached attrs-25.3.0-py3-none-any.whl.metadata (10 kB)
2025-08-20T16:16:21.0328302Z Collecting frozenlist>=1.1.1 (from aiohttp->keepa==1.3.14->-r services/etl/requirements.txt (line 1))
2025-08-20T16:16:21.0341929Z   Using cached frozenlist-1.7.0-cp312-cp312-manylinux_2_5_x86_64.manylinux1_x86_64.manylinux_2_17_x86_64.manylinux2014_x86_64.whl.metadata (18 kB)
2025-08-20T16:16:21.2590318Z Collecting multidict<7.0,>=4.5 (from aiohttp->keepa==1.3.14->-r services/etl/requirements.txt (line 1))
2025-08-20T16:16:21.2604564Z   Using cached multidict-6.6.4-cp312-cp312-manylinux2014_x86_64.manylinux_2_17_x86_64.manylinux_2_28_x86_64.whl.metadata (5.3 kB)
2025-08-20T16:16:21.3037800Z Collecting propcache>=0.2.0 (from aiohttp->keepa==1.3.14->-r services/etl/requirements.txt (line 1))
2025-08-20T16:16:21.3051479Z   Using cached propcache-0.3.2-cp312-cp312-manylinux_2_17_x86_64.manylinux2014_x86_64.whl.metadata (12 kB)
2025-08-20T16:16:21.6299408Z Collecting yarl<2.0,>=1.17.0 (from aiohttp->keepa==1.3.14->-r services/etl/requirements.txt (line 1))
2025-08-20T16:16:21.6313662Z   Using cached yarl-1.20.1-cp312-cp312-manylinux_2_17_x86_64.manylinux2014_x86_64.whl.metadata (73 kB)
2025-08-20T16:16:21.6901961Z Using cached keepa-1.3.14-py3-none-any.whl (33 kB)
2025-08-20T16:16:21.6914746Z Using cached minio-7.1.15-py3-none-any.whl (77 kB)
2025-08-20T16:16:21.6927427Z Using cached python_amazon_sp_api-0.8.0-py3-none-any.whl (93 kB)
2025-08-20T16:16:21.6940056Z Using cached pydantic_settings-2.2.1-py3-none-any.whl (13 kB)
2025-08-20T16:16:21.6952389Z Using cached celery-5.3.6-py3-none-any.whl (422 kB)
2025-08-20T16:16:21.6967778Z Using cached redis-5.3.1-py3-none-any.whl (272 kB)
2025-08-20T16:16:21.6982147Z Using cached numpy-1.26.4-cp312-cp312-manylinux_2_17_x86_64.manylinux2014_x86_64.whl (18.0 MB)
2025-08-20T16:16:21.7133794Z Using cached pandas-2.2.3-cp312-cp312-manylinux_2_17_x86_64.manylinux2014_x86_64.whl (12.7 MB)
2025-08-20T16:16:21.7244942Z Using cached pandera-0.19.3-py3-none-any.whl (251 kB)
2025-08-20T16:16:21.7261424Z Using cached openpyxl-3.1.5-py2.py3-none-any.whl (250 kB)
2025-08-20T16:16:21.7277054Z Using cached psycopg2_binary-2.9.10-cp312-cp312-manylinux_2_17_x86_64.manylinux2014_x86_64.whl (3.0 MB)
2025-08-20T16:16:21.7311852Z Using cached billiard-4.2.1-py3-none-any.whl (86 kB)
2025-08-20T16:16:21.7338586Z Downloading boto3-1.40.13-py3-none-any.whl (140 kB)
2025-08-20T16:16:21.7511926Z Downloading botocore-1.40.13-py3-none-any.whl (14.0 MB)
2025-08-20T16:16:21.8352067Z    ━━━━━━━━━━━━━━━━━━━━━━━━━━━━━━━━━━━━━━━━ 14.0/14.0 MB 187.6 MB/s  0:00:00
2025-08-20T16:16:21.8367301Z Using cached cachetools-4.2.4-py3-none-any.whl (10 kB)
2025-08-20T16:16:21.8381115Z Using cached click-8.2.1-py3-none-any.whl (102 kB)
2025-08-20T16:16:21.8394691Z Using cached confuse-1.4.0-py2.py3-none-any.whl (21 kB)
2025-08-20T16:16:21.8407353Z Using cached jmespath-1.0.1-py3-none-any.whl (20 kB)
2025-08-20T16:16:21.8420018Z Using cached kombu-5.5.4-py3-none-any.whl (210 kB)
2025-08-20T16:16:21.8433275Z Using cached vine-5.1.0-py3-none-any.whl (9.6 kB)
2025-08-20T16:16:21.8445167Z Using cached amqp-5.3.1-py3-none-any.whl (50 kB)
2025-08-20T16:16:21.8457662Z Using cached multimethod-1.10-py3-none-any.whl (9.9 kB)
2025-08-20T16:16:21.8469924Z Using cached python_dateutil-2.9.0.post0-py2.py3-none-any.whl (229 kB)
2025-08-20T16:16:21.8483377Z Using cached s3transfer-0.13.1-py3-none-any.whl (85 kB)
2025-08-20T16:16:21.8495797Z Using cached six-1.17.0-py2.py3-none-any.whl (11 kB)
2025-08-20T16:16:21.8507829Z Using cached urllib3-2.5.0-py3-none-any.whl (129 kB)
2025-08-20T16:16:21.8520459Z Using cached click_didyoumean-0.3.1-py3-none-any.whl (3.6 kB)
2025-08-20T16:16:21.8532084Z Using cached click_plugins-1.1.1.2-py2.py3-none-any.whl (11 kB)
2025-08-20T16:16:21.8543601Z Using cached click_repl-0.3.0-py3-none-any.whl (10 kB)
2025-08-20T16:16:21.8555459Z Using cached packaging-25.0-py3-none-any.whl (66 kB)
2025-08-20T16:16:21.8568169Z Using cached prompt_toolkit-3.0.51-py3-none-any.whl (387 kB)
2025-08-20T16:16:21.8582731Z Using cached pydantic-2.11.7-py3-none-any.whl (444 kB)
2025-08-20T16:16:21.8599728Z Using cached pydantic_core-2.33.2-cp312-cp312-manylinux_2_17_x86_64.manylinux2014_x86_64.whl (2.0 MB)
2025-08-20T16:16:21.8628016Z Using cached annotated_types-0.7.0-py3-none-any.whl (13 kB)
2025-08-20T16:16:21.8640989Z Using cached PyJWT-2.10.1-py3-none-any.whl (22 kB)
2025-08-20T16:16:21.8653719Z Using cached python_dotenv-1.1.1-py3-none-any.whl (20 kB)
2025-08-20T16:16:21.8665853Z Using cached pytz-2025.2-py2.py3-none-any.whl (509 kB)
2025-08-20T16:16:21.8682286Z Using cached requests-2.32.5-py3-none-any.whl (64 kB)
2025-08-20T16:16:21.8695261Z Using cached charset_normalizer-3.4.3-cp312-cp312-manylinux2014_x86_64.manylinux_2_17_x86_64.manylinux_2_28_x86_64.whl (151 kB)
2025-08-20T16:16:21.8707619Z Using cached idna-3.10-py3-none-any.whl (70 kB)
2025-08-20T16:16:21.8719689Z Using cached certifi-2025.8.3-py3-none-any.whl (161 kB)
2025-08-20T16:16:21.8732276Z Using cached typing_extensions-4.14.1-py3-none-any.whl (43 kB)
2025-08-20T16:16:21.8743841Z Using cached typing_inspect-0.9.0-py3-none-any.whl (8.8 kB)
2025-08-20T16:16:21.8755557Z Using cached mypy_extensions-1.1.0-py3-none-any.whl (5.0 kB)
2025-08-20T16:16:21.8766916Z Using cached typing_inspection-0.4.1-py3-none-any.whl (14 kB)
2025-08-20T16:16:21.8778569Z Using cached tzdata-2025.2-py2.py3-none-any.whl (347 kB)
2025-08-20T16:16:21.8792840Z Using cached aiohttp-3.12.15-cp312-cp312-manylinux_2_17_x86_64.manylinux2014_x86_64.whl (1.7 MB)
2025-08-20T16:16:21.8817783Z Using cached multidict-6.6.4-cp312-cp312-manylinux2014_x86_64.manylinux_2_17_x86_64.manylinux_2_28_x86_64.whl (256 kB)
2025-08-20T16:16:21.8830686Z Using cached yarl-1.20.1-cp312-cp312-manylinux_2_17_x86_64.manylinux2014_x86_64.whl (355 kB)
2025-08-20T16:16:21.8844428Z Using cached aiohappyeyeballs-2.6.1-py3-none-any.whl (15 kB)
2025-08-20T16:16:21.8855859Z Using cached aiosignal-1.4.0-py3-none-any.whl (7.5 kB)
2025-08-20T16:16:21.8867396Z Using cached attrs-25.3.0-py3-none-any.whl (63 kB)
2025-08-20T16:16:21.8879565Z Using cached frozenlist-1.7.0-cp312-cp312-manylinux_2_5_x86_64.manylinux1_x86_64.manylinux_2_17_x86_64.manylinux2014_x86_64.whl (241 kB)
2025-08-20T16:16:21.8892780Z Using cached propcache-0.3.2-cp312-cp312-manylinux_2_17_x86_64.manylinux2014_x86_64.whl (224 kB)
2025-08-20T16:16:21.8905225Z Using cached et_xmlfile-2.0.0-py3-none-any.whl (18 kB)
2025-08-20T16:16:21.8917161Z Using cached pycryptodome-3.23.0-cp37-abi3-manylinux_2_17_x86_64.manylinux2014_x86_64.whl (2.3 MB)
2025-08-20T16:16:21.8948662Z Using cached PyYAML-6.0.2-cp312-cp312-manylinux_2_17_x86_64.manylinux2014_x86_64.whl (767 kB)
2025-08-20T16:16:21.8966750Z Using cached tqdm-4.67.1-py3-none-any.whl (78 kB)
2025-08-20T16:16:21.8979703Z Using cached typeguard-4.4.4-py3-none-any.whl (34 kB)
2025-08-20T16:16:21.8991768Z Using cached wcwidth-0.2.13-py2.py3-none-any.whl (34 kB)
2025-08-20T16:16:21.9004222Z Using cached wrapt-1.17.3-cp312-cp312-manylinux1_x86_64.manylinux_2_28_x86_64.manylinux_2_5_x86_64.whl (88 kB)
2025-08-20T16:16:22.1740131Z Installing collected packages: wcwidth, pytz, wrapt, vine, urllib3, tzdata, typing-extensions, tqdm, six, pyyaml, python-dotenv, PyJWT, pycryptodome, psycopg2-binary, propcache, prompt-toolkit, packaging, numpy, mypy-extensions, multimethod, multidict, jmespath, idna, frozenlist, et-xmlfile, click, charset_normalizer, certifi, cachetools, billiard, attrs, annotated-types, aiohappyeyeballs, yarl, typing-inspection, typing-inspect, typeguard, requests, redis, python-dateutil, pydantic-core, openpyxl, minio, confuse, click-repl, click-plugins, click-didyoumean, amqp, aiosignal, pydantic, pandas, kombu, botocore, aiohttp, s3transfer, pydantic-settings, pandera, keepa, celery, boto3, python-amazon-sp-api
2025-08-20T16:16:33.6215562Z 
2025-08-20T16:16:33.6277061Z Successfully installed PyJWT-2.10.1 aiohappyeyeballs-2.6.1 aiohttp-3.12.15 aiosignal-1.4.0 amqp-5.3.1 annotated-types-0.7.0 attrs-25.3.0 billiard-4.2.1 boto3-1.40.13 botocore-1.40.13 cachetools-4.2.4 celery-5.3.6 certifi-2025.8.3 charset_normalizer-3.4.3 click-8.2.1 click-didyoumean-0.3.1 click-plugins-1.1.1.2 click-repl-0.3.0 confuse-1.4.0 et-xmlfile-2.0.0 frozenlist-1.7.0 idna-3.10 jmespath-1.0.1 keepa-1.3.14 kombu-5.5.4 minio-7.1.15 multidict-6.6.4 multimethod-1.10 mypy-extensions-1.1.0 numpy-1.26.4 openpyxl-3.1.5 packaging-25.0 pandas-2.2.3 pandera-0.19.3 prompt-toolkit-3.0.51 propcache-0.3.2 psycopg2-binary-2.9.10 pycryptodome-3.23.0 pydantic-2.11.7 pydantic-core-2.33.2 pydantic-settings-2.2.1 python-amazon-sp-api-0.8.0 python-dateutil-2.9.0.post0 python-dotenv-1.1.1 pytz-2025.2 pyyaml-6.0.2 redis-5.3.1 requests-2.32.5 s3transfer-0.13.1 six-1.17.0 tqdm-4.67.1 typeguard-4.4.4 typing-extensions-4.14.1 typing-inspect-0.9.0 typing-inspection-0.4.1 tzdata-2025.2 urllib3-2.5.0 vine-5.1.0 wcwidth-0.2.13 wrapt-1.17.3 yarl-1.20.1
2025-08-20T16:16:34.7371461Z Collecting uvicorn==0.29.0 (from -r services/api/requirements.txt (line 1))
2025-08-20T16:16:34.7386265Z   Using cached uvicorn-0.29.0-py3-none-any.whl.metadata (6.3 kB)
2025-08-20T16:16:34.7426686Z Requirement already satisfied: pydantic-settings==2.2.1 in /opt/hostedtoolcache/Python/3.12.11/x64/lib/python3.12/site-packages (from -r services/api/requirements.txt (line 2)) (2.2.1)
2025-08-20T16:16:34.7832754Z Collecting fastapi==0.111.0 (from -r services/api/requirements.txt (line 3))
2025-08-20T16:16:34.7846641Z   Using cached fastapi-0.111.0-py3-none-any.whl.metadata (25 kB)
2025-08-20T16:16:35.0711757Z Collecting sqlalchemy==2.0.29 (from -r services/api/requirements.txt (line 4))
2025-08-20T16:16:35.0725449Z   Using cached SQLAlchemy-2.0.29-cp312-cp312-manylinux_2_17_x86_64.manylinux2014_x86_64.whl.metadata (9.6 kB)
2025-08-20T16:16:35.1002652Z Collecting alembic==1.13.1 (from -r services/api/requirements.txt (line 5))
2025-08-20T16:16:35.1016564Z   Using cached alembic-1.13.1-py3-none-any.whl.metadata (7.4 kB)
2025-08-20T16:16:35.1166863Z Collecting psycopg==3.2.9 (from psycopg[binary]==3.2.9->-r services/api/requirements.txt (line 6))
2025-08-20T16:16:35.1179066Z   Using cached psycopg-3.2.9-py3-none-any.whl.metadata (4.5 kB)
2025-08-20T16:16:35.1386672Z Collecting httpx==0.27.2 (from -r services/api/requirements.txt (line 7))
2025-08-20T16:16:35.1398939Z   Using cached httpx-0.27.2-py3-none-any.whl.metadata (7.1 kB)
2025-08-20T16:16:35.1799411Z Collecting asyncpg==0.29.0 (from -r services/api/requirements.txt (line 8))
2025-08-20T16:16:35.1812933Z   Using cached asyncpg-0.29.0-cp312-cp312-manylinux_2_17_x86_64.manylinux2014_x86_64.whl.metadata (4.4 kB)
2025-08-20T16:16:35.4690146Z Collecting boto3==1.34.162 (from -r services/api/requirements.txt (line 9))
2025-08-20T16:16:35.4703897Z   Using cached boto3-1.34.162-py3-none-any.whl.metadata (6.6 kB)
2025-08-20T16:16:35.7561440Z Collecting Jinja2==3.1.5 (from -r services/api/requirements.txt (line 10))
2025-08-20T16:16:35.7574015Z   Using cached jinja2-3.1.5-py3-none-any.whl.metadata (2.6 kB)
2025-08-20T16:16:35.7594342Z Requirement already satisfied: celery==5.3.* in /opt/hostedtoolcache/Python/3.12.11/x64/lib/python3.12/site-packages (from -r services/api/requirements.txt (line 11)) (5.3.6)
2025-08-20T16:16:35.7708407Z Collecting structlog==24.1.0 (from -r services/api/requirements.txt (line 12))
2025-08-20T16:16:35.7720713Z   Using cached structlog-24.1.0-py3-none-any.whl.metadata (6.9 kB)
2025-08-20T16:16:35.7866804Z Collecting asgi-correlation-id==4.3.1 (from -r services/api/requirements.txt (line 13))
2025-08-20T16:16:35.7878472Z   Using cached asgi_correlation_id-4.3.1-py3-none-any.whl.metadata (28 kB)
2025-08-20T16:16:35.7980687Z Collecting fastapi-limiter==0.1.6 (from -r services/api/requirements.txt (line 14))
2025-08-20T16:16:35.7991950Z   Using cached fastapi_limiter-0.1.6-py3-none-any.whl.metadata (5.3 kB)
2025-08-20T16:16:35.8509713Z Collecting redis==5.0.8 (from -r services/api/requirements.txt (line 15))
2025-08-20T16:16:35.8523963Z   Using cached redis-5.0.8-py3-none-any.whl.metadata (9.2 kB)
2025-08-20T16:16:35.9018342Z Collecting sentry-sdk==2.9.0 (from sentry-sdk[celery,fastapi,sqlalchemy]==2.9.0->-r services/api/requirements.txt (line 16))
2025-08-20T16:16:35.9030871Z   Using cached sentry_sdk-2.9.0-py2.py3-none-any.whl.metadata (14 kB)
2025-08-20T16:16:35.9315096Z Requirement already satisfied: click>=7.0 in /opt/hostedtoolcache/Python/3.12.11/x64/lib/python3.12/site-packages (from uvicorn==0.29.0->-r services/api/requirements.txt (line 1)) (8.2.1)
2025-08-20T16:16:35.9391264Z Collecting h11>=0.8 (from uvicorn==0.29.0->-r services/api/requirements.txt (line 1))
2025-08-20T16:16:35.9403061Z   Using cached h11-0.16.0-py3-none-any.whl.metadata (8.3 kB)
2025-08-20T16:16:35.9433348Z Requirement already satisfied: pydantic>=2.3.0 in /opt/hostedtoolcache/Python/3.12.11/x64/lib/python3.12/site-packages (from pydantic-settings==2.2.1->-r services/api/requirements.txt (line 2)) (2.11.7)
2025-08-20T16:16:35.9439589Z Requirement already satisfied: python-dotenv>=0.21.0 in /opt/hostedtoolcache/Python/3.12.11/x64/lib/python3.12/site-packages (from pydantic-settings==2.2.1->-r services/api/requirements.txt (line 2)) (1.1.1)
2025-08-20T16:16:35.9685469Z Collecting starlette<0.38.0,>=0.37.2 (from fastapi==0.111.0->-r services/api/requirements.txt (line 3))
2025-08-20T16:16:35.9698432Z   Using cached starlette-0.37.2-py3-none-any.whl.metadata (5.9 kB)
2025-08-20T16:16:35.9728657Z Requirement already satisfied: typing-extensions>=4.8.0 in /opt/hostedtoolcache/Python/3.12.11/x64/lib/python3.12/site-packages (from fastapi==0.111.0->-r services/api/requirements.txt (line 3)) (4.14.1)
2025-08-20T16:16:35.9860306Z Collecting fastapi-cli>=0.0.2 (from fastapi==0.111.0->-r services/api/requirements.txt (line 3))
2025-08-20T16:16:35.9872009Z   Using cached fastapi_cli-0.0.8-py3-none-any.whl.metadata (6.3 kB)
2025-08-20T16:16:36.0045505Z Collecting python-multipart>=0.0.7 (from fastapi==0.111.0->-r services/api/requirements.txt (line 3))
2025-08-20T16:16:36.0057246Z   Using cached python_multipart-0.0.20-py3-none-any.whl.metadata (1.8 kB)
2025-08-20T16:16:36.0751251Z Collecting ujson!=4.0.2,!=4.1.0,!=4.2.0,!=4.3.0,!=5.0.0,!=5.1.0,>=4.0.1 (from fastapi==0.111.0->-r services/api/requirements.txt (line 3))
2025-08-20T16:16:36.1059056Z   Downloading ujson-5.11.0-cp312-cp312-manylinux_2_24_x86_64.manylinux_2_28_x86_64.whl.metadata (9.4 kB)
2025-08-20T16:16:36.3417925Z Collecting orjson>=3.2.1 (from fastapi==0.111.0->-r services/api/requirements.txt (line 3))
2025-08-20T16:16:36.3431117Z   Using cached orjson-3.11.2-cp312-cp312-manylinux_2_17_x86_64.manylinux2014_x86_64.whl.metadata (1.2 kB)
2025-08-20T16:16:36.3538141Z Collecting email_validator>=2.0.0 (from fastapi==0.111.0->-r services/api/requirements.txt (line 3))
2025-08-20T16:16:36.3549191Z   Using cached email_validator-2.2.0-py3-none-any.whl.metadata (25 kB)
2025-08-20T16:16:36.4866916Z Collecting greenlet!=0.4.17 (from sqlalchemy==2.0.29->-r services/api/requirements.txt (line 4))
2025-08-20T16:16:36.4881077Z   Using cached greenlet-3.2.4-cp312-cp312-manylinux_2_24_x86_64.manylinux_2_28_x86_64.whl.metadata (4.1 kB)
2025-08-20T16:16:36.5170366Z Collecting Mako (from alembic==1.13.1->-r services/api/requirements.txt (line 5))
2025-08-20T16:16:36.5183186Z   Using cached mako-1.3.10-py3-none-any.whl.metadata (2.9 kB)
2025-08-20T16:16:36.5380447Z Collecting anyio (from httpx==0.27.2->-r services/api/requirements.txt (line 7))
2025-08-20T16:16:36.5392338Z   Using cached anyio-4.10.0-py3-none-any.whl.metadata (4.0 kB)
2025-08-20T16:16:36.5416701Z Requirement already satisfied: certifi in /opt/hostedtoolcache/Python/3.12.11/x64/lib/python3.12/site-packages (from httpx==0.27.2->-r services/api/requirements.txt (line 7)) (2025.8.3)
2025-08-20T16:16:36.5568583Z Collecting httpcore==1.* (from httpx==0.27.2->-r services/api/requirements.txt (line 7))
2025-08-20T16:16:36.5579878Z   Using cached httpcore-1.0.9-py3-none-any.whl.metadata (21 kB)
2025-08-20T16:16:36.5613841Z Requirement already satisfied: idna in /opt/hostedtoolcache/Python/3.12.11/x64/lib/python3.12/site-packages (from httpx==0.27.2->-r services/api/requirements.txt (line 7)) (3.10)
2025-08-20T16:16:36.5670454Z Collecting sniffio (from httpx==0.27.2->-r services/api/requirements.txt (line 7))
2025-08-20T16:16:36.5681527Z   Using cached sniffio-1.3.1-py3-none-any.whl.metadata (3.9 kB)
2025-08-20T16:16:36.9691767Z Collecting botocore<1.35.0,>=1.34.162 (from boto3==1.34.162->-r services/api/requirements.txt (line 9))
2025-08-20T16:16:36.9705765Z   Using cached botocore-1.34.162-py3-none-any.whl.metadata (5.7 kB)
2025-08-20T16:16:36.9734666Z Requirement already satisfied: jmespath<2.0.0,>=0.7.1 in /opt/hostedtoolcache/Python/3.12.11/x64/lib/python3.12/site-packages (from boto3==1.34.162->-r services/api/requirements.txt (line 9)) (1.0.1)
2025-08-20T16:16:36.9871483Z Collecting s3transfer<0.11.0,>=0.10.0 (from boto3==1.34.162->-r services/api/requirements.txt (line 9))
2025-08-20T16:16:36.9883846Z   Using cached s3transfer-0.10.4-py3-none-any.whl.metadata (1.7 kB)
2025-08-20T16:16:37.0362873Z Collecting MarkupSafe>=2.0 (from Jinja2==3.1.5->-r services/api/requirements.txt (line 10))
2025-08-20T16:16:37.0376554Z   Using cached MarkupSafe-3.0.2-cp312-cp312-manylinux_2_17_x86_64.manylinux2014_x86_64.whl.metadata (4.0 kB)
2025-08-20T16:16:37.0656610Z Requirement already satisfied: urllib3>=1.26.11 in /opt/hostedtoolcache/Python/3.12.11/x64/lib/python3.12/site-packages (from sentry-sdk==2.9.0->sentry-sdk[celery,fastapi,sqlalchemy]==2.9.0->-r services/api/requirements.txt (line 16)) (2.5.0)
2025-08-20T16:16:37.2084057Z Collecting psycopg-binary==3.2.9 (from psycopg[binary]==3.2.9->-r services/api/requirements.txt (line 6))
2025-08-20T16:16:37.2097039Z   Using cached psycopg_binary-3.2.9-cp312-cp312-manylinux_2_17_x86_64.manylinux2014_x86_64.whl.metadata (2.9 kB)
2025-08-20T16:16:37.2431863Z Requirement already satisfied: billiard<5.0,>=4.2.0 in /opt/hostedtoolcache/Python/3.12.11/x64/lib/python3.12/site-packages (from celery==5.3.*->-r services/api/requirements.txt (line 11)) (4.2.1)
2025-08-20T16:16:37.2437894Z Requirement already satisfied: click-didyoumean>=0.3.0 in /opt/hostedtoolcache/Python/3.12.11/x64/lib/python3.12/site-packages (from celery==5.3.*->-r services/api/requirements.txt (line 11)) (0.3.1)
2025-08-20T16:16:37.2444154Z Requirement already satisfied: click-plugins>=1.1.1 in /opt/hostedtoolcache/Python/3.12.11/x64/lib/python3.12/site-packages (from celery==5.3.*->-r services/api/requirements.txt (line 11)) (1.1.1.2)
2025-08-20T16:16:37.2450880Z Requirement already satisfied: click-repl>=0.2.0 in /opt/hostedtoolcache/Python/3.12.11/x64/lib/python3.12/site-packages (from celery==5.3.*->-r services/api/requirements.txt (line 11)) (0.3.0)
2025-08-20T16:16:37.2460278Z Requirement already satisfied: kombu<6.0,>=5.3.4 in /opt/hostedtoolcache/Python/3.12.11/x64/lib/python3.12/site-packages (from celery==5.3.*->-r services/api/requirements.txt (line 11)) (5.5.4)
2025-08-20T16:16:37.2466109Z Requirement already satisfied: python-dateutil>=2.8.2 in /opt/hostedtoolcache/Python/3.12.11/x64/lib/python3.12/site-packages (from celery==5.3.*->-r services/api/requirements.txt (line 11)) (2.9.0.post0)
2025-08-20T16:16:37.2471866Z Requirement already satisfied: tzdata>=2022.7 in /opt/hostedtoolcache/Python/3.12.11/x64/lib/python3.12/site-packages (from celery==5.3.*->-r services/api/requirements.txt (line 11)) (2025.2)
2025-08-20T16:16:37.2478602Z Requirement already satisfied: vine<6.0,>=5.1.0 in /opt/hostedtoolcache/Python/3.12.11/x64/lib/python3.12/site-packages (from celery==5.3.*->-r services/api/requirements.txt (line 11)) (5.1.0)
2025-08-20T16:16:37.2611892Z Requirement already satisfied: amqp<6.0.0,>=5.1.1 in /opt/hostedtoolcache/Python/3.12.11/x64/lib/python3.12/site-packages (from kombu<6.0,>=5.3.4->celery==5.3.*->-r services/api/requirements.txt (line 11)) (5.3.1)
2025-08-20T16:16:37.2622497Z Requirement already satisfied: packaging in /opt/hostedtoolcache/Python/3.12.11/x64/lib/python3.12/site-packages (from kombu<6.0,>=5.3.4->celery==5.3.*->-r services/api/requirements.txt (line 11)) (25.0)
2025-08-20T16:16:37.2687887Z Requirement already satisfied: annotated-types>=0.6.0 in /opt/hostedtoolcache/Python/3.12.11/x64/lib/python3.12/site-packages (from pydantic>=2.3.0->pydantic-settings==2.2.1->-r services/api/requirements.txt (line 2)) (0.7.0)
2025-08-20T16:16:37.2693235Z Requirement already satisfied: pydantic-core==2.33.2 in /opt/hostedtoolcache/Python/3.12.11/x64/lib/python3.12/site-packages (from pydantic>=2.3.0->pydantic-settings==2.2.1->-r services/api/requirements.txt (line 2)) (2.33.2)
2025-08-20T16:16:37.2702334Z Requirement already satisfied: typing-inspection>=0.4.0 in /opt/hostedtoolcache/Python/3.12.11/x64/lib/python3.12/site-packages (from pydantic>=2.3.0->pydantic-settings==2.2.1->-r services/api/requirements.txt (line 2)) (0.4.1)
2025-08-20T16:16:37.2737206Z Requirement already satisfied: six>=1.5 in /opt/hostedtoolcache/Python/3.12.11/x64/lib/python3.12/site-packages (from python-dateutil>=2.8.2->celery==5.3.*->-r services/api/requirements.txt (line 11)) (1.17.0)
2025-08-20T16:16:37.5118180Z Requirement already satisfied: prompt-toolkit>=3.0.36 in /opt/hostedtoolcache/Python/3.12.11/x64/lib/python3.12/site-packages (from click-repl>=0.2.0->celery==5.3.*->-r services/api/requirements.txt (line 11)) (3.0.51)
2025-08-20T16:16:37.5230573Z Collecting dnspython>=2.0.0 (from email_validator>=2.0.0->fastapi==0.111.0->-r services/api/requirements.txt (line 3))
2025-08-20T16:16:37.5242463Z   Using cached dnspython-2.7.0-py3-none-any.whl.metadata (5.8 kB)
2025-08-20T16:16:37.5440081Z Collecting typer>=0.15.1 (from fastapi-cli>=0.0.2->fastapi==0.111.0->-r services/api/requirements.txt (line 3))
2025-08-20T16:16:37.5452004Z   Using cached typer-0.16.1-py3-none-any.whl.metadata (15 kB)
2025-08-20T16:16:37.5673530Z Collecting rich-toolkit>=0.14.8 (from fastapi-cli>=0.0.2->fastapi==0.111.0->-r services/api/requirements.txt (line 3))
2025-08-20T16:16:37.5685161Z   Using cached rich_toolkit-0.15.0-py3-none-any.whl.metadata (1.0 kB)
2025-08-20T16:16:37.5780463Z Requirement already satisfied: wcwidth in /opt/hostedtoolcache/Python/3.12.11/x64/lib/python3.12/site-packages (from prompt-toolkit>=3.0.36->click-repl>=0.2.0->celery==5.3.*->-r services/api/requirements.txt (line 11)) (0.2.13)
2025-08-20T16:16:37.6159879Z Collecting rich>=13.7.1 (from rich-toolkit>=0.14.8->fastapi-cli>=0.0.2->fastapi==0.111.0->-r services/api/requirements.txt (line 3))
2025-08-20T16:16:37.6172554Z   Using cached rich-14.1.0-py3-none-any.whl.metadata (18 kB)
2025-08-20T16:16:37.6333108Z Collecting markdown-it-py>=2.2.0 (from rich>=13.7.1->rich-toolkit>=0.14.8->fastapi-cli>=0.0.2->fastapi==0.111.0->-r services/api/requirements.txt (line 3))
2025-08-20T16:16:37.6345775Z   Using cached markdown_it_py-4.0.0-py3-none-any.whl.metadata (7.3 kB)
2025-08-20T16:16:37.6553164Z Collecting pygments<3.0.0,>=2.13.0 (from rich>=13.7.1->rich-toolkit>=0.14.8->fastapi-cli>=0.0.2->fastapi==0.111.0->-r services/api/requirements.txt (line 3))
2025-08-20T16:16:37.6565027Z   Using cached pygments-2.19.2-py3-none-any.whl.metadata (2.5 kB)
2025-08-20T16:16:37.6666863Z Collecting mdurl~=0.1 (from markdown-it-py>=2.2.0->rich>=13.7.1->rich-toolkit>=0.14.8->fastapi-cli>=0.0.2->fastapi==0.111.0->-r services/api/requirements.txt (line 3))
2025-08-20T16:16:37.6678303Z   Using cached mdurl-0.1.2-py3-none-any.whl.metadata (1.6 kB)
2025-08-20T16:16:37.6850049Z Collecting shellingham>=1.3.0 (from typer>=0.15.1->fastapi-cli>=0.0.2->fastapi==0.111.0->-r services/api/requirements.txt (line 3))
2025-08-20T16:16:37.6863144Z   Using cached shellingham-1.5.4-py2.py3-none-any.whl.metadata (3.5 kB)
2025-08-20T16:16:37.7885165Z Collecting httptools>=0.5.0 (from uvicorn[standard]>=0.12.0->fastapi==0.111.0->-r services/api/requirements.txt (line 3))
2025-08-20T16:16:37.7901726Z   Using cached httptools-0.6.4-cp312-cp312-manylinux_2_5_x86_64.manylinux1_x86_64.manylinux_2_17_x86_64.manylinux2014_x86_64.whl.metadata (3.6 kB)
2025-08-20T16:16:37.7932173Z Requirement already satisfied: pyyaml>=5.1 in /opt/hostedtoolcache/Python/3.12.11/x64/lib/python3.12/site-packages (from uvicorn[standard]>=0.12.0->fastapi==0.111.0->-r services/api/requirements.txt (line 3)) (6.0.2)
2025-08-20T16:16:37.8307089Z Collecting uvloop!=0.15.0,!=0.15.1,>=0.14.0 (from uvicorn[standard]>=0.12.0->fastapi==0.111.0->-r services/api/requirements.txt (line 3))
2025-08-20T16:16:37.8321537Z   Using cached uvloop-0.21.0-cp312-cp312-manylinux_2_17_x86_64.manylinux2014_x86_64.whl.metadata (4.9 kB)
2025-08-20T16:16:37.9038256Z Collecting watchfiles>=0.13 (from uvicorn[standard]>=0.12.0->fastapi==0.111.0->-r services/api/requirements.txt (line 3))
2025-08-20T16:16:37.9051704Z   Using cached watchfiles-1.1.0-cp312-cp312-manylinux_2_17_x86_64.manylinux2014_x86_64.whl.metadata (4.9 kB)
2025-08-20T16:16:37.9903142Z Collecting websockets>=10.4 (from uvicorn[standard]>=0.12.0->fastapi==0.111.0->-r services/api/requirements.txt (line 3))
2025-08-20T16:16:37.9916506Z   Using cached websockets-15.0.1-cp312-cp312-manylinux_2_5_x86_64.manylinux1_x86_64.manylinux_2_17_x86_64.manylinux2014_x86_64.whl.metadata (6.8 kB)
2025-08-20T16:16:38.0199030Z Using cached uvicorn-0.29.0-py3-none-any.whl (60 kB)
2025-08-20T16:16:38.0211232Z Using cached fastapi-0.111.0-py3-none-any.whl (91 kB)
2025-08-20T16:16:38.0223750Z Using cached SQLAlchemy-2.0.29-cp312-cp312-manylinux_2_17_x86_64.manylinux2014_x86_64.whl (3.2 MB)
2025-08-20T16:16:38.0259847Z Using cached alembic-1.13.1-py3-none-any.whl (233 kB)
2025-08-20T16:16:38.0273283Z Using cached psycopg-3.2.9-py3-none-any.whl (202 kB)
2025-08-20T16:16:38.0286110Z Using cached httpx-0.27.2-py3-none-any.whl (76 kB)
2025-08-20T16:16:38.0299075Z Using cached asyncpg-0.29.0-cp312-cp312-manylinux_2_17_x86_64.manylinux2014_x86_64.whl (3.3 MB)
2025-08-20T16:16:38.0333980Z Using cached boto3-1.34.162-py3-none-any.whl (139 kB)
2025-08-20T16:16:38.0345929Z Using cached jinja2-3.1.5-py3-none-any.whl (134 kB)
2025-08-20T16:16:38.0358079Z Using cached structlog-24.1.0-py3-none-any.whl (65 kB)
2025-08-20T16:16:38.0369577Z Using cached asgi_correlation_id-4.3.1-py3-none-any.whl (15 kB)
2025-08-20T16:16:38.0380912Z Using cached fastapi_limiter-0.1.6-py3-none-any.whl (15 kB)
2025-08-20T16:16:38.0392742Z Using cached redis-5.0.8-py3-none-any.whl (255 kB)
2025-08-20T16:16:38.0406101Z Using cached sentry_sdk-2.9.0-py2.py3-none-any.whl (301 kB)
2025-08-20T16:16:38.0419956Z Using cached psycopg_binary-3.2.9-cp312-cp312-manylinux_2_17_x86_64.manylinux2014_x86_64.whl (4.4 MB)
2025-08-20T16:16:38.0462663Z Using cached botocore-1.34.162-py3-none-any.whl (12.5 MB)
2025-08-20T16:16:38.0564371Z Using cached httpcore-1.0.9-py3-none-any.whl (78 kB)
2025-08-20T16:16:38.0576021Z Using cached s3transfer-0.10.4-py3-none-any.whl (83 kB)
2025-08-20T16:16:38.0587880Z Using cached starlette-0.37.2-py3-none-any.whl (71 kB)
2025-08-20T16:16:38.0599544Z Using cached anyio-4.10.0-py3-none-any.whl (107 kB)
2025-08-20T16:16:38.0611336Z Using cached email_validator-2.2.0-py3-none-any.whl (33 kB)
2025-08-20T16:16:38.0622809Z Using cached dnspython-2.7.0-py3-none-any.whl (313 kB)
2025-08-20T16:16:38.0636251Z Using cached fastapi_cli-0.0.8-py3-none-any.whl (10 kB)
2025-08-20T16:16:38.0648033Z Using cached greenlet-3.2.4-cp312-cp312-manylinux_2_24_x86_64.manylinux_2_28_x86_64.whl (607 kB)
2025-08-20T16:16:38.0663361Z Using cached h11-0.16.0-py3-none-any.whl (37 kB)
2025-08-20T16:16:38.0675076Z Using cached MarkupSafe-3.0.2-cp312-cp312-manylinux_2_17_x86_64.manylinux2014_x86_64.whl (23 kB)
2025-08-20T16:16:38.0686785Z Using cached orjson-3.11.2-cp312-cp312-manylinux_2_17_x86_64.manylinux2014_x86_64.whl (121 kB)
2025-08-20T16:16:38.0698812Z Using cached python_multipart-0.0.20-py3-none-any.whl (24 kB)
2025-08-20T16:16:38.0709893Z Using cached rich_toolkit-0.15.0-py3-none-any.whl (29 kB)
2025-08-20T16:16:38.0721168Z Using cached rich-14.1.0-py3-none-any.whl (243 kB)
2025-08-20T16:16:38.0734058Z Using cached pygments-2.19.2-py3-none-any.whl (1.2 MB)
2025-08-20T16:16:38.0754283Z Using cached markdown_it_py-4.0.0-py3-none-any.whl (87 kB)
2025-08-20T16:16:38.0766121Z Using cached mdurl-0.1.2-py3-none-any.whl (10.0 kB)
2025-08-20T16:16:38.0777426Z Using cached sniffio-1.3.1-py3-none-any.whl (10 kB)
2025-08-20T16:16:38.0788578Z Using cached typer-0.16.1-py3-none-any.whl (46 kB)
2025-08-20T16:16:38.0800182Z Using cached shellingham-1.5.4-py2.py3-none-any.whl (9.8 kB)
2025-08-20T16:16:38.0842887Z Downloading ujson-5.11.0-cp312-cp312-manylinux_2_24_x86_64.manylinux_2_28_x86_64.whl (57 kB)
2025-08-20T16:16:38.0942957Z Using cached httptools-0.6.4-cp312-cp312-manylinux_2_5_x86_64.manylinux1_x86_64.manylinux_2_17_x86_64.manylinux2014_x86_64.whl (510 kB)
2025-08-20T16:16:38.0957959Z Using cached uvloop-0.21.0-cp312-cp312-manylinux_2_17_x86_64.manylinux2014_x86_64.whl (4.7 MB)
2025-08-20T16:16:38.1003725Z Using cached watchfiles-1.1.0-cp312-cp312-manylinux_2_17_x86_64.manylinux2014_x86_64.whl (452 kB)
2025-08-20T16:16:38.1018969Z Using cached websockets-15.0.1-cp312-cp312-manylinux_2_5_x86_64.manylinux1_x86_64.manylinux_2_17_x86_64.manylinux2014_x86_64.whl (182 kB)
2025-08-20T16:16:38.1031639Z Using cached mako-1.3.10-py3-none-any.whl (78 kB)
2025-08-20T16:16:38.3118102Z Installing collected packages: websockets, uvloop, ujson, structlog, sniffio, shellingham, sentry-sdk, redis, python-multipart, pygments, psycopg-binary, psycopg, orjson, mdurl, MarkupSafe, httptools, h11, greenlet, dnspython, asyncpg, uvicorn, sqlalchemy, markdown-it-py, Mako, Jinja2, httpcore, email_validator, botocore, anyio, watchfiles, starlette, s3transfer, rich, httpx, alembic, typer, rich-toolkit, boto3, asgi-correlation-id, fastapi-cli, fastapi, fastapi-limiter
2025-08-20T16:16:38.7573325Z   Attempting uninstall: redis
2025-08-20T16:16:38.7605740Z     Found existing installation: redis 5.3.1
2025-08-20T16:16:38.7704920Z     Uninstalling redis-5.3.1:
2025-08-20T16:16:38.7723635Z       Successfully uninstalled redis-5.3.1
2025-08-20T16:16:41.8947150Z   Attempting uninstall: botocore
2025-08-20T16:16:41.8982074Z     Found existing installation: botocore 1.40.13
2025-08-20T16:16:41.9623745Z     Uninstalling botocore-1.40.13:
2025-08-20T16:16:41.9876636Z       Successfully uninstalled botocore-1.40.13
2025-08-20T16:16:42.7950635Z   Attempting uninstall: s3transfer
2025-08-20T16:16:42.7996758Z     Found existing installation: s3transfer 0.13.1
2025-08-20T16:16:42.8038278Z     Uninstalling s3transfer-0.13.1:
2025-08-20T16:16:42.8039295Z       Successfully uninstalled s3transfer-0.13.1
2025-08-20T16:16:43.3220231Z   Attempting uninstall: boto3
2025-08-20T16:16:43.3255882Z     Found existing installation: boto3 1.40.13
2025-08-20T16:16:43.3317064Z     Uninstalling boto3-1.40.13:
2025-08-20T16:16:43.3335097Z       Successfully uninstalled boto3-1.40.13
2025-08-20T16:16:43.4956169Z 
2025-08-20T16:16:43.5045346Z Successfully installed Jinja2-3.1.5 Mako-1.3.10 MarkupSafe-3.0.2 alembic-1.13.1 anyio-4.10.0 asgi-correlation-id-4.3.1 asyncpg-0.29.0 boto3-1.34.162 botocore-1.34.162 dnspython-2.7.0 email_validator-2.2.0 fastapi-0.111.0 fastapi-cli-0.0.8 fastapi-limiter-0.1.6 greenlet-3.2.4 h11-0.16.0 httpcore-1.0.9 httptools-0.6.4 httpx-0.27.2 markdown-it-py-4.0.0 mdurl-0.1.2 orjson-3.11.2 psycopg-3.2.9 psycopg-binary-3.2.9 pygments-2.19.2 python-multipart-0.0.20 redis-5.0.8 rich-14.1.0 rich-toolkit-0.15.0 s3transfer-0.10.4 sentry-sdk-2.9.0 shellingham-1.5.4 sniffio-1.3.1 sqlalchemy-2.0.29 starlette-0.37.2 structlog-24.1.0 typer-0.16.1 ujson-5.11.0 uvicorn-0.29.0 uvloop-0.21.0 watchfiles-1.1.0 websockets-15.0.1
2025-08-20T16:16:44.2394406Z Requirement already satisfied: uvicorn==0.29.0 in /opt/hostedtoolcache/Python/3.12.11/x64/lib/python3.12/site-packages (from -r services/repricer/requirements.txt (line 1)) (0.29.0)
2025-08-20T16:16:44.2398963Z Requirement already satisfied: pydantic-settings==2.2.1 in /opt/hostedtoolcache/Python/3.12.11/x64/lib/python3.12/site-packages (from -r services/repricer/requirements.txt (line 2)) (2.2.1)
2025-08-20T16:16:44.2403176Z Requirement already satisfied: python-amazon-sp-api==0.8.0 in /opt/hostedtoolcache/Python/3.12.11/x64/lib/python3.12/site-packages (from -r services/repricer/requirements.txt (line 3)) (0.8.0)
2025-08-20T16:16:44.2407545Z Requirement already satisfied: fastapi==0.111.0 in /opt/hostedtoolcache/Python/3.12.11/x64/lib/python3.12/site-packages (from -r services/repricer/requirements.txt (line 4)) (0.111.0)
2025-08-20T16:16:44.2411795Z Requirement already satisfied: sqlalchemy==2.0.29 in /opt/hostedtoolcache/Python/3.12.11/x64/lib/python3.12/site-packages (from -r services/repricer/requirements.txt (line 5)) (2.0.29)
2025-08-20T16:16:44.2423757Z Requirement already satisfied: click>=7.0 in /opt/hostedtoolcache/Python/3.12.11/x64/lib/python3.12/site-packages (from uvicorn==0.29.0->-r services/repricer/requirements.txt (line 1)) (8.2.1)
2025-08-20T16:16:44.2430255Z Requirement already satisfied: h11>=0.8 in /opt/hostedtoolcache/Python/3.12.11/x64/lib/python3.12/site-packages (from uvicorn==0.29.0->-r services/repricer/requirements.txt (line 1)) (0.16.0)
2025-08-20T16:16:44.2453447Z Requirement already satisfied: pydantic>=2.3.0 in /opt/hostedtoolcache/Python/3.12.11/x64/lib/python3.12/site-packages (from pydantic-settings==2.2.1->-r services/repricer/requirements.txt (line 2)) (2.11.7)
2025-08-20T16:16:44.2458637Z Requirement already satisfied: python-dotenv>=0.21.0 in /opt/hostedtoolcache/Python/3.12.11/x64/lib/python3.12/site-packages (from pydantic-settings==2.2.1->-r services/repricer/requirements.txt (line 2)) (1.1.1)
2025-08-20T16:16:44.2469832Z Requirement already satisfied: requests in /opt/hostedtoolcache/Python/3.12.11/x64/lib/python3.12/site-packages (from python-amazon-sp-api==0.8.0->-r services/repricer/requirements.txt (line 3)) (2.32.5)
2025-08-20T16:16:44.2476171Z Requirement already satisfied: six<2,>=1.15 in /opt/hostedtoolcache/Python/3.12.11/x64/lib/python3.12/site-packages (from python-amazon-sp-api==0.8.0->-r services/repricer/requirements.txt (line 3)) (1.17.0)
2025-08-20T16:16:44.2483381Z Requirement already satisfied: boto3<2,>=1.16.39 in /opt/hostedtoolcache/Python/3.12.11/x64/lib/python3.12/site-packages (from python-amazon-sp-api==0.8.0->-r services/repricer/requirements.txt (line 3)) (1.34.162)
2025-08-20T16:16:44.2489466Z Requirement already satisfied: cachetools~=4.2.0 in /opt/hostedtoolcache/Python/3.12.11/x64/lib/python3.12/site-packages (from python-amazon-sp-api==0.8.0->-r services/repricer/requirements.txt (line 3)) (4.2.4)
2025-08-20T16:16:44.2493294Z Requirement already satisfied: pycryptodome in /opt/hostedtoolcache/Python/3.12.11/x64/lib/python3.12/site-packages (from python-amazon-sp-api==0.8.0->-r services/repricer/requirements.txt (line 3)) (3.23.0)
2025-08-20T16:16:44.2497037Z Requirement already satisfied: pytz in /opt/hostedtoolcache/Python/3.12.11/x64/lib/python3.12/site-packages (from python-amazon-sp-api==0.8.0->-r services/repricer/requirements.txt (line 3)) (2025.2)
2025-08-20T16:16:44.2502919Z Requirement already satisfied: confuse~=1.4.0 in /opt/hostedtoolcache/Python/3.12.11/x64/lib/python3.12/site-packages (from python-amazon-sp-api==0.8.0->-r services/repricer/requirements.txt (line 3)) (1.4.0)
2025-08-20T16:16:44.2518245Z Requirement already satisfied: starlette<0.38.0,>=0.37.2 in /opt/hostedtoolcache/Python/3.12.11/x64/lib/python3.12/site-packages (from fastapi==0.111.0->-r services/repricer/requirements.txt (line 4)) (0.37.2)
2025-08-20T16:16:44.2527815Z Requirement already satisfied: typing-extensions>=4.8.0 in /opt/hostedtoolcache/Python/3.12.11/x64/lib/python3.12/site-packages (from fastapi==0.111.0->-r services/repricer/requirements.txt (line 4)) (4.14.1)
2025-08-20T16:16:44.2532561Z Requirement already satisfied: fastapi-cli>=0.0.2 in /opt/hostedtoolcache/Python/3.12.11/x64/lib/python3.12/site-packages (from fastapi==0.111.0->-r services/repricer/requirements.txt (line 4)) (0.0.8)
2025-08-20T16:16:44.2537458Z Requirement already satisfied: httpx>=0.23.0 in /opt/hostedtoolcache/Python/3.12.11/x64/lib/python3.12/site-packages (from fastapi==0.111.0->-r services/repricer/requirements.txt (line 4)) (0.27.2)
2025-08-20T16:16:44.2542739Z Requirement already satisfied: jinja2>=2.11.2 in /opt/hostedtoolcache/Python/3.12.11/x64/lib/python3.12/site-packages (from fastapi==0.111.0->-r services/repricer/requirements.txt (line 4)) (3.1.5)
2025-08-20T16:16:44.2547536Z Requirement already satisfied: python-multipart>=0.0.7 in /opt/hostedtoolcache/Python/3.12.11/x64/lib/python3.12/site-packages (from fastapi==0.111.0->-r services/repricer/requirements.txt (line 4)) (0.0.20)
2025-08-20T16:16:44.2555296Z Requirement already satisfied: ujson!=4.0.2,!=4.1.0,!=4.2.0,!=4.3.0,!=5.0.0,!=5.1.0,>=4.0.1 in /opt/hostedtoolcache/Python/3.12.11/x64/lib/python3.12/site-packages (from fastapi==0.111.0->-r services/repricer/requirements.txt (line 4)) (5.11.0)
2025-08-20T16:16:44.2560277Z Requirement already satisfied: orjson>=3.2.1 in /opt/hostedtoolcache/Python/3.12.11/x64/lib/python3.12/site-packages (from fastapi==0.111.0->-r services/repricer/requirements.txt (line 4)) (3.11.2)
2025-08-20T16:16:44.2564909Z Requirement already satisfied: email_validator>=2.0.0 in /opt/hostedtoolcache/Python/3.12.11/x64/lib/python3.12/site-packages (from fastapi==0.111.0->-r services/repricer/requirements.txt (line 4)) (2.2.0)
2025-08-20T16:16:44.2612796Z Requirement already satisfied: greenlet!=0.4.17 in /opt/hostedtoolcache/Python/3.12.11/x64/lib/python3.12/site-packages (from sqlalchemy==2.0.29->-r services/repricer/requirements.txt (line 5)) (3.2.4)
2025-08-20T16:16:44.2657948Z Requirement already satisfied: botocore<1.35.0,>=1.34.162 in /opt/hostedtoolcache/Python/3.12.11/x64/lib/python3.12/site-packages (from boto3<2,>=1.16.39->python-amazon-sp-api==0.8.0->-r services/repricer/requirements.txt (line 3)) (1.34.162)
2025-08-20T16:16:44.2664454Z Requirement already satisfied: jmespath<2.0.0,>=0.7.1 in /opt/hostedtoolcache/Python/3.12.11/x64/lib/python3.12/site-packages (from boto3<2,>=1.16.39->python-amazon-sp-api==0.8.0->-r services/repricer/requirements.txt (line 3)) (1.0.1)
2025-08-20T16:16:44.2671220Z Requirement already satisfied: s3transfer<0.11.0,>=0.10.0 in /opt/hostedtoolcache/Python/3.12.11/x64/lib/python3.12/site-packages (from boto3<2,>=1.16.39->python-amazon-sp-api==0.8.0->-r services/repricer/requirements.txt (line 3)) (0.10.4)
2025-08-20T16:16:44.2688199Z Requirement already satisfied: python-dateutil<3.0.0,>=2.1 in /opt/hostedtoolcache/Python/3.12.11/x64/lib/python3.12/site-packages (from botocore<1.35.0,>=1.34.162->boto3<2,>=1.16.39->python-amazon-sp-api==0.8.0->-r services/repricer/requirements.txt (line 3)) (2.9.0.post0)
2025-08-20T16:16:44.2701118Z Requirement already satisfied: urllib3!=2.2.0,<3,>=1.25.4 in /opt/hostedtoolcache/Python/3.12.11/x64/lib/python3.12/site-packages (from botocore<1.35.0,>=1.34.162->boto3<2,>=1.16.39->python-amazon-sp-api==0.8.0->-r services/repricer/requirements.txt (line 3)) (2.5.0)
2025-08-20T16:16:44.2720169Z Requirement already satisfied: pyyaml in /opt/hostedtoolcache/Python/3.12.11/x64/lib/python3.12/site-packages (from confuse~=1.4.0->python-amazon-sp-api==0.8.0->-r services/repricer/requirements.txt (line 3)) (6.0.2)
2025-08-20T16:16:44.2754011Z Requirement already satisfied: annotated-types>=0.6.0 in /opt/hostedtoolcache/Python/3.12.11/x64/lib/python3.12/site-packages (from pydantic>=2.3.0->pydantic-settings==2.2.1->-r services/repricer/requirements.txt (line 2)) (0.7.0)
2025-08-20T16:16:44.2759257Z Requirement already satisfied: pydantic-core==2.33.2 in /opt/hostedtoolcache/Python/3.12.11/x64/lib/python3.12/site-packages (from pydantic>=2.3.0->pydantic-settings==2.2.1->-r services/repricer/requirements.txt (line 2)) (2.33.2)
2025-08-20T16:16:44.2765946Z Requirement already satisfied: typing-inspection>=0.4.0 in /opt/hostedtoolcache/Python/3.12.11/x64/lib/python3.12/site-packages (from pydantic>=2.3.0->pydantic-settings==2.2.1->-r services/repricer/requirements.txt (line 2)) (0.4.1)
2025-08-20T16:16:44.2828415Z Requirement already satisfied: anyio<5,>=3.4.0 in /opt/hostedtoolcache/Python/3.12.11/x64/lib/python3.12/site-packages (from starlette<0.38.0,>=0.37.2->fastapi==0.111.0->-r services/repricer/requirements.txt (line 4)) (4.10.0)
2025-08-20T16:16:44.2848773Z Requirement already satisfied: idna>=2.8 in /opt/hostedtoolcache/Python/3.12.11/x64/lib/python3.12/site-packages (from anyio<5,>=3.4.0->starlette<0.38.0,>=0.37.2->fastapi==0.111.0->-r services/repricer/requirements.txt (line 4)) (3.10)
2025-08-20T16:16:44.2854013Z Requirement already satisfied: sniffio>=1.1 in /opt/hostedtoolcache/Python/3.12.11/x64/lib/python3.12/site-packages (from anyio<5,>=3.4.0->starlette<0.38.0,>=0.37.2->fastapi==0.111.0->-r services/repricer/requirements.txt (line 4)) (1.3.1)
2025-08-20T16:16:44.2912106Z Requirement already satisfied: dnspython>=2.0.0 in /opt/hostedtoolcache/Python/3.12.11/x64/lib/python3.12/site-packages (from email_validator>=2.0.0->fastapi==0.111.0->-r services/repricer/requirements.txt (line 4)) (2.7.0)
2025-08-20T16:16:44.2961710Z Requirement already satisfied: typer>=0.15.1 in /opt/hostedtoolcache/Python/3.12.11/x64/lib/python3.12/site-packages (from fastapi-cli>=0.0.2->fastapi==0.111.0->-r services/repricer/requirements.txt (line 4)) (0.16.1)
2025-08-20T16:16:44.2972553Z Requirement already satisfied: rich-toolkit>=0.14.8 in /opt/hostedtoolcache/Python/3.12.11/x64/lib/python3.12/site-packages (from fastapi-cli>=0.0.2->fastapi==0.111.0->-r services/repricer/requirements.txt (line 4)) (0.15.0)
2025-08-20T16:16:44.3014808Z Requirement already satisfied: certifi in /opt/hostedtoolcache/Python/3.12.11/x64/lib/python3.12/site-packages (from httpx>=0.23.0->fastapi==0.111.0->-r services/repricer/requirements.txt (line 4)) (2025.8.3)
2025-08-20T16:16:44.3020430Z Requirement already satisfied: httpcore==1.* in /opt/hostedtoolcache/Python/3.12.11/x64/lib/python3.12/site-packages (from httpx>=0.23.0->fastapi==0.111.0->-r services/repricer/requirements.txt (line 4)) (1.0.9)
2025-08-20T16:16:44.3079079Z Requirement already satisfied: MarkupSafe>=2.0 in /opt/hostedtoolcache/Python/3.12.11/x64/lib/python3.12/site-packages (from jinja2>=2.11.2->fastapi==0.111.0->-r services/repricer/requirements.txt (line 4)) (3.0.2)
2025-08-20T16:16:44.3137651Z Requirement already satisfied: rich>=13.7.1 in /opt/hostedtoolcache/Python/3.12.11/x64/lib/python3.12/site-packages (from rich-toolkit>=0.14.8->fastapi-cli>=0.0.2->fastapi==0.111.0->-r services/repricer/requirements.txt (line 4)) (14.1.0)
2025-08-20T16:16:44.3165775Z Requirement already satisfied: markdown-it-py>=2.2.0 in /opt/hostedtoolcache/Python/3.12.11/x64/lib/python3.12/site-packages (from rich>=13.7.1->rich-toolkit>=0.14.8->fastapi-cli>=0.0.2->fastapi==0.111.0->-r services/repricer/requirements.txt (line 4)) (4.0.0)
2025-08-20T16:16:44.3172686Z Requirement already satisfied: pygments<3.0.0,>=2.13.0 in /opt/hostedtoolcache/Python/3.12.11/x64/lib/python3.12/site-packages (from rich>=13.7.1->rich-toolkit>=0.14.8->fastapi-cli>=0.0.2->fastapi==0.111.0->-r services/repricer/requirements.txt (line 4)) (2.19.2)
2025-08-20T16:16:44.3199866Z Requirement already satisfied: mdurl~=0.1 in /opt/hostedtoolcache/Python/3.12.11/x64/lib/python3.12/site-packages (from markdown-it-py>=2.2.0->rich>=13.7.1->rich-toolkit>=0.14.8->fastapi-cli>=0.0.2->fastapi==0.111.0->-r services/repricer/requirements.txt (line 4)) (0.1.2)
2025-08-20T16:16:44.3265583Z Requirement already satisfied: shellingham>=1.3.0 in /opt/hostedtoolcache/Python/3.12.11/x64/lib/python3.12/site-packages (from typer>=0.15.1->fastapi-cli>=0.0.2->fastapi==0.111.0->-r services/repricer/requirements.txt (line 4)) (1.5.4)
2025-08-20T16:16:44.3340109Z Requirement already satisfied: httptools>=0.5.0 in /opt/hostedtoolcache/Python/3.12.11/x64/lib/python3.12/site-packages (from uvicorn[standard]>=0.12.0->fastapi==0.111.0->-r services/repricer/requirements.txt (line 4)) (0.6.4)
2025-08-20T16:16:44.3355750Z Requirement already satisfied: uvloop!=0.15.0,!=0.15.1,>=0.14.0 in /opt/hostedtoolcache/Python/3.12.11/x64/lib/python3.12/site-packages (from uvicorn[standard]>=0.12.0->fastapi==0.111.0->-r services/repricer/requirements.txt (line 4)) (0.21.0)
2025-08-20T16:16:44.3363707Z Requirement already satisfied: watchfiles>=0.13 in /opt/hostedtoolcache/Python/3.12.11/x64/lib/python3.12/site-packages (from uvicorn[standard]>=0.12.0->fastapi==0.111.0->-r services/repricer/requirements.txt (line 4)) (1.1.0)
2025-08-20T16:16:44.3370872Z Requirement already satisfied: websockets>=10.4 in /opt/hostedtoolcache/Python/3.12.11/x64/lib/python3.12/site-packages (from uvicorn[standard]>=0.12.0->fastapi==0.111.0->-r services/repricer/requirements.txt (line 4)) (15.0.1)
2025-08-20T16:16:44.3502605Z Requirement already satisfied: charset_normalizer<4,>=2 in /opt/hostedtoolcache/Python/3.12.11/x64/lib/python3.12/site-packages (from requests->python-amazon-sp-api==0.8.0->-r services/repricer/requirements.txt (line 3)) (3.4.3)
2025-08-20T16:16:44.9810514Z Collecting celery==5.4.* (from celery[redis]==5.4.*->-r services/fees_h10/requirements.txt (line 1))
2025-08-20T16:16:44.9824575Z   Using cached celery-5.4.0-py3-none-any.whl.metadata (21 kB)
2025-08-20T16:16:45.0041116Z Requirement already satisfied: asyncpg in /opt/hostedtoolcache/Python/3.12.11/x64/lib/python3.12/site-packages (from -r services/fees_h10/requirements.txt (line 2)) (0.29.0)
2025-08-20T16:16:45.0045101Z Requirement already satisfied: httpx in /opt/hostedtoolcache/Python/3.12.11/x64/lib/python3.12/site-packages (from -r services/fees_h10/requirements.txt (line 3)) (0.27.2)
2025-08-20T16:16:45.0049691Z Requirement already satisfied: sqlalchemy in /opt/hostedtoolcache/Python/3.12.11/x64/lib/python3.12/site-packages (from -r services/fees_h10/requirements.txt (line 4)) (2.0.29)
2025-08-20T16:16:45.0063960Z Requirement already satisfied: billiard<5.0,>=4.2.0 in /opt/hostedtoolcache/Python/3.12.11/x64/lib/python3.12/site-packages (from celery==5.4.*->celery[redis]==5.4.*->-r services/fees_h10/requirements.txt (line 1)) (4.2.1)
2025-08-20T16:16:45.0070564Z Requirement already satisfied: kombu<6.0,>=5.3.4 in /opt/hostedtoolcache/Python/3.12.11/x64/lib/python3.12/site-packages (from celery==5.4.*->celery[redis]==5.4.*->-r services/fees_h10/requirements.txt (line 1)) (5.5.4)
2025-08-20T16:16:45.0077145Z Requirement already satisfied: vine<6.0,>=5.1.0 in /opt/hostedtoolcache/Python/3.12.11/x64/lib/python3.12/site-packages (from celery==5.4.*->celery[redis]==5.4.*->-r services/fees_h10/requirements.txt (line 1)) (5.1.0)
2025-08-20T16:16:45.0083703Z Requirement already satisfied: click<9.0,>=8.1.2 in /opt/hostedtoolcache/Python/3.12.11/x64/lib/python3.12/site-packages (from celery==5.4.*->celery[redis]==5.4.*->-r services/fees_h10/requirements.txt (line 1)) (8.2.1)
2025-08-20T16:16:45.0089808Z Requirement already satisfied: click-didyoumean>=0.3.0 in /opt/hostedtoolcache/Python/3.12.11/x64/lib/python3.12/site-packages (from celery==5.4.*->celery[redis]==5.4.*->-r services/fees_h10/requirements.txt (line 1)) (0.3.1)
2025-08-20T16:16:45.0095783Z Requirement already satisfied: click-repl>=0.2.0 in /opt/hostedtoolcache/Python/3.12.11/x64/lib/python3.12/site-packages (from celery==5.4.*->celery[redis]==5.4.*->-r services/fees_h10/requirements.txt (line 1)) (0.3.0)
2025-08-20T16:16:45.0102076Z Requirement already satisfied: click-plugins>=1.1.1 in /opt/hostedtoolcache/Python/3.12.11/x64/lib/python3.12/site-packages (from celery==5.4.*->celery[redis]==5.4.*->-r services/fees_h10/requirements.txt (line 1)) (1.1.1.2)
2025-08-20T16:16:45.0107827Z Requirement already satisfied: tzdata>=2022.7 in /opt/hostedtoolcache/Python/3.12.11/x64/lib/python3.12/site-packages (from celery==5.4.*->celery[redis]==5.4.*->-r services/fees_h10/requirements.txt (line 1)) (2025.2)
2025-08-20T16:16:45.0114146Z Requirement already satisfied: python-dateutil>=2.8.2 in /opt/hostedtoolcache/Python/3.12.11/x64/lib/python3.12/site-packages (from celery==5.4.*->celery[redis]==5.4.*->-r services/fees_h10/requirements.txt (line 1)) (2.9.0.post0)
2025-08-20T16:16:45.0156593Z Requirement already satisfied: redis!=4.5.5,<6.0.0,>=4.5.2 in /opt/hostedtoolcache/Python/3.12.11/x64/lib/python3.12/site-packages (from celery[redis]==5.4.*->-r services/fees_h10/requirements.txt (line 1)) (5.0.8)
2025-08-20T16:16:45.0180014Z Requirement already satisfied: amqp<6.0.0,>=5.1.1 in /opt/hostedtoolcache/Python/3.12.11/x64/lib/python3.12/site-packages (from kombu<6.0,>=5.3.4->celery==5.4.*->celery[redis]==5.4.*->-r services/fees_h10/requirements.txt (line 1)) (5.3.1)
2025-08-20T16:16:45.0193155Z Requirement already satisfied: packaging in /opt/hostedtoolcache/Python/3.12.11/x64/lib/python3.12/site-packages (from kombu<6.0,>=5.3.4->celery==5.4.*->celery[redis]==5.4.*->-r services/fees_h10/requirements.txt (line 1)) (25.0)
2025-08-20T16:16:45.0285909Z Requirement already satisfied: anyio in /opt/hostedtoolcache/Python/3.12.11/x64/lib/python3.12/site-packages (from httpx->-r services/fees_h10/requirements.txt (line 3)) (4.10.0)
2025-08-20T16:16:45.0291582Z Requirement already satisfied: certifi in /opt/hostedtoolcache/Python/3.12.11/x64/lib/python3.12/site-packages (from httpx->-r services/fees_h10/requirements.txt (line 3)) (2025.8.3)
2025-08-20T16:16:45.0298840Z Requirement already satisfied: httpcore==1.* in /opt/hostedtoolcache/Python/3.12.11/x64/lib/python3.12/site-packages (from httpx->-r services/fees_h10/requirements.txt (line 3)) (1.0.9)
2025-08-20T16:16:45.0303961Z Requirement already satisfied: idna in /opt/hostedtoolcache/Python/3.12.11/x64/lib/python3.12/site-packages (from httpx->-r services/fees_h10/requirements.txt (line 3)) (3.10)
2025-08-20T16:16:45.0308851Z Requirement already satisfied: sniffio in /opt/hostedtoolcache/Python/3.12.11/x64/lib/python3.12/site-packages (from httpx->-r services/fees_h10/requirements.txt (line 3)) (1.3.1)
2025-08-20T16:16:45.0334325Z Requirement already satisfied: h11>=0.16 in /opt/hostedtoolcache/Python/3.12.11/x64/lib/python3.12/site-packages (from httpcore==1.*->httpx->-r services/fees_h10/requirements.txt (line 3)) (0.16.0)
2025-08-20T16:16:45.0354316Z Requirement already satisfied: typing-extensions>=4.6.0 in /opt/hostedtoolcache/Python/3.12.11/x64/lib/python3.12/site-packages (from sqlalchemy->-r services/fees_h10/requirements.txt (line 4)) (4.14.1)
2025-08-20T16:16:45.0369621Z Requirement already satisfied: greenlet!=0.4.17 in /opt/hostedtoolcache/Python/3.12.11/x64/lib/python3.12/site-packages (from sqlalchemy->-r services/fees_h10/requirements.txt (line 4)) (3.2.4)
2025-08-20T16:16:45.0446988Z Requirement already satisfied: prompt-toolkit>=3.0.36 in /opt/hostedtoolcache/Python/3.12.11/x64/lib/python3.12/site-packages (from click-repl>=0.2.0->celery==5.4.*->celery[redis]==5.4.*->-r services/fees_h10/requirements.txt (line 1)) (3.0.51)
2025-08-20T16:16:45.0487534Z Requirement already satisfied: wcwidth in /opt/hostedtoolcache/Python/3.12.11/x64/lib/python3.12/site-packages (from prompt-toolkit>=3.0.36->click-repl>=0.2.0->celery==5.4.*->celery[redis]==5.4.*->-r services/fees_h10/requirements.txt (line 1)) (0.2.13)
2025-08-20T16:16:45.0501961Z Requirement already satisfied: six>=1.5 in /opt/hostedtoolcache/Python/3.12.11/x64/lib/python3.12/site-packages (from python-dateutil>=2.8.2->celery==5.4.*->celery[redis]==5.4.*->-r services/fees_h10/requirements.txt (line 1)) (1.17.0)
2025-08-20T16:16:45.0626082Z Using cached celery-5.4.0-py3-none-any.whl (425 kB)
2025-08-20T16:16:45.2070243Z Installing collected packages: celery
2025-08-20T16:16:45.2071323Z   Attempting uninstall: celery
2025-08-20T16:16:45.2117673Z     Found existing installation: celery 5.3.6
2025-08-20T16:16:45.2272901Z     Uninstalling celery-5.3.6:
2025-08-20T16:16:45.2302919Z       Successfully uninstalled celery-5.3.6
2025-08-20T16:16:45.5740284Z Successfully installed celery-5.4.0
2025-08-20T16:16:46.1047128Z Collecting python-telegram-bot==20.8 (from -r services/alert_bot/requirements.txt (line 1))
2025-08-20T16:16:46.1061747Z   Using cached python_telegram_bot-20.8-py3-none-any.whl.metadata (15 kB)
2025-08-20T16:16:46.1248117Z Collecting APScheduler==3.10.4 (from -r services/alert_bot/requirements.txt (line 2))
2025-08-20T16:16:46.1260675Z   Using cached APScheduler-3.10.4-py3-none-any.whl.metadata (5.7 kB)
2025-08-20T16:16:46.1306710Z Requirement already satisfied: asyncpg in /opt/hostedtoolcache/Python/3.12.11/x64/lib/python3.12/site-packages (from -r services/alert_bot/requirements.txt (line 3)) (0.29.0)
2025-08-20T16:16:46.1482257Z Collecting httpx~=0.26.0 (from python-telegram-bot==20.8->-r services/alert_bot/requirements.txt (line 1))
2025-08-20T16:16:46.1496601Z   Using cached httpx-0.26.0-py3-none-any.whl.metadata (7.6 kB)
2025-08-20T16:16:46.1544166Z Requirement already satisfied: six>=1.4.0 in /opt/hostedtoolcache/Python/3.12.11/x64/lib/python3.12/site-packages (from APScheduler==3.10.4->-r services/alert_bot/requirements.txt (line 2)) (1.17.0)
2025-08-20T16:16:46.1548512Z Requirement already satisfied: pytz in /opt/hostedtoolcache/Python/3.12.11/x64/lib/python3.12/site-packages (from APScheduler==3.10.4->-r services/alert_bot/requirements.txt (line 2)) (2025.2)
2025-08-20T16:16:46.1702859Z Collecting tzlocal!=3.*,>=2.0 (from APScheduler==3.10.4->-r services/alert_bot/requirements.txt (line 2))
2025-08-20T16:16:46.1716818Z   Using cached tzlocal-5.3.1-py3-none-any.whl.metadata (7.6 kB)
2025-08-20T16:16:46.1753340Z Requirement already satisfied: anyio in /opt/hostedtoolcache/Python/3.12.11/x64/lib/python3.12/site-packages (from httpx~=0.26.0->python-telegram-bot==20.8->-r services/alert_bot/requirements.txt (line 1)) (4.10.0)
2025-08-20T16:16:46.1757848Z Requirement already satisfied: certifi in /opt/hostedtoolcache/Python/3.12.11/x64/lib/python3.12/site-packages (from httpx~=0.26.0->python-telegram-bot==20.8->-r services/alert_bot/requirements.txt (line 1)) (2025.8.3)
2025-08-20T16:16:46.1763035Z Requirement already satisfied: httpcore==1.* in /opt/hostedtoolcache/Python/3.12.11/x64/lib/python3.12/site-packages (from httpx~=0.26.0->python-telegram-bot==20.8->-r services/alert_bot/requirements.txt (line 1)) (1.0.9)
2025-08-20T16:16:46.1766175Z Requirement already satisfied: idna in /opt/hostedtoolcache/Python/3.12.11/x64/lib/python3.12/site-packages (from httpx~=0.26.0->python-telegram-bot==20.8->-r services/alert_bot/requirements.txt (line 1)) (3.10)
2025-08-20T16:16:46.1770164Z Requirement already satisfied: sniffio in /opt/hostedtoolcache/Python/3.12.11/x64/lib/python3.12/site-packages (from httpx~=0.26.0->python-telegram-bot==20.8->-r services/alert_bot/requirements.txt (line 1)) (1.3.1)
2025-08-20T16:16:46.1786690Z Requirement already satisfied: h11>=0.16 in /opt/hostedtoolcache/Python/3.12.11/x64/lib/python3.12/site-packages (from httpcore==1.*->httpx~=0.26.0->python-telegram-bot==20.8->-r services/alert_bot/requirements.txt (line 1)) (0.16.0)
2025-08-20T16:16:46.1839121Z Requirement already satisfied: typing_extensions>=4.5 in /opt/hostedtoolcache/Python/3.12.11/x64/lib/python3.12/site-packages (from anyio->httpx~=0.26.0->python-telegram-bot==20.8->-r services/alert_bot/requirements.txt (line 1)) (4.14.1)
2025-08-20T16:16:46.1893844Z Using cached python_telegram_bot-20.8-py3-none-any.whl (604 kB)
2025-08-20T16:16:46.1912497Z Using cached APScheduler-3.10.4-py3-none-any.whl (59 kB)
2025-08-20T16:16:46.1925057Z Using cached httpx-0.26.0-py3-none-any.whl (75 kB)
2025-08-20T16:16:46.1937843Z Using cached tzlocal-5.3.1-py3-none-any.whl (18 kB)
2025-08-20T16:16:46.3479978Z Installing collected packages: tzlocal, httpx, APScheduler, python-telegram-bot
2025-08-20T16:16:46.3607713Z   Attempting uninstall: httpx
2025-08-20T16:16:46.3640188Z     Found existing installation: httpx 0.27.2
2025-08-20T16:16:46.3679362Z     Uninstalling httpx-0.27.2:
2025-08-20T16:16:46.3692495Z       Successfully uninstalled httpx-0.27.2
2025-08-20T16:16:46.7901628Z 
2025-08-20T16:16:46.7985863Z Successfully installed APScheduler-3.10.4 httpx-0.26.0 python-telegram-bot-20.8 tzlocal-5.3.1
2025-08-20T16:16:47.3247281Z Collecting Jinja2==3.1.6 (from -r requirements-dev.txt (line 2))
2025-08-20T16:16:47.3261100Z   Using cached jinja2-3.1.6-py3-none-any.whl.metadata (2.9 kB)
2025-08-20T16:16:47.3283140Z Requirement already satisfied: alembic==1.13.1 in /opt/hostedtoolcache/Python/3.12.11/x64/lib/python3.12/site-packages (from -r requirements-dev.txt (line 3)) (1.13.1)
2025-08-20T16:16:47.3288451Z Requirement already satisfied: apscheduler==3.10.4 in /opt/hostedtoolcache/Python/3.12.11/x64/lib/python3.12/site-packages (from -r requirements-dev.txt (line 4)) (3.10.4)
2025-08-20T16:16:47.3293519Z Requirement already satisfied: asgi-correlation-id==4.3.1 in /opt/hostedtoolcache/Python/3.12.11/x64/lib/python3.12/site-packages (from -r requirements-dev.txt (line 5)) (4.3.1)
2025-08-20T16:16:47.3660789Z Collecting asyncpg==0.30.0 (from -r requirements-dev.txt (line 6))
2025-08-20T16:16:47.3674312Z   Using cached asyncpg-0.30.0-cp312-cp312-manylinux_2_17_x86_64.manylinux2014_x86_64.whl.metadata (5.0 kB)
2025-08-20T16:16:47.4109543Z Collecting black==25.1.0 (from -r requirements-dev.txt (line 7))
2025-08-20T16:16:47.4122993Z   Using cached black-25.1.0-cp312-cp312-manylinux_2_17_x86_64.manylinux2014_x86_64.manylinux_2_28_x86_64.whl.metadata (81 kB)
2025-08-20T16:16:47.4205170Z Requirement already satisfied: boto3 in /opt/hostedtoolcache/Python/3.12.11/x64/lib/python3.12/site-packages (from -r requirements-dev.txt (line 8)) (1.34.162)
2025-08-20T16:16:47.4704152Z Collecting redis==6.* (from -r requirements-dev.txt (line 9))
2025-08-20T16:16:47.4719637Z   Using cached redis-6.4.0-py3-none-any.whl.metadata (10 kB)
2025-08-20T16:16:47.4755488Z Requirement already satisfied: minio==7.* in /opt/hostedtoolcache/Python/3.12.11/x64/lib/python3.12/site-packages (from -r requirements-dev.txt (line 10)) (7.1.15)
2025-08-20T16:16:47.5052988Z Collecting celery==5.5.3 (from -r requirements-dev.txt (line 11))
2025-08-20T16:16:47.5066018Z   Using cached celery-5.5.3-py3-none-any.whl.metadata (22 kB)
2025-08-20T16:16:47.5651857Z Collecting fastapi==0.116.1 (from -r requirements-dev.txt (line 12))
2025-08-20T16:16:47.5665457Z   Using cached fastapi-0.116.1-py3-none-any.whl.metadata (28 kB)
2025-08-20T16:16:47.5738670Z Requirement already satisfied: fastapi-limiter==0.1.6 in /opt/hostedtoolcache/Python/3.12.11/x64/lib/python3.12/site-packages (from -r requirements-dev.txt (line 14)) (0.1.6)
2025-08-20T16:16:47.5972165Z Collecting httpx<0.29,>=0.27 (from -r requirements-dev.txt (line 15))
2025-08-20T16:16:47.5985079Z   Using cached httpx-0.28.1-py3-none-any.whl.metadata (7.1 kB)
2025-08-20T16:16:47.6519683Z Collecting imapclient==3.0.1 (from -r requirements-dev.txt (line 16))
2025-08-20T16:16:47.6531635Z   Using cached IMAPClient-3.0.1-py2.py3-none-any.whl.metadata (1.7 kB)
2025-08-20T16:16:47.6625413Z Collecting itsdangerous (from -r requirements-dev.txt (line 17))
2025-08-20T16:16:47.6637765Z   Using cached itsdangerous-2.2.0-py3-none-any.whl.metadata (1.9 kB)
2025-08-20T16:16:47.7656018Z Collecting mypy==1.* (from -r requirements-dev.txt (line 18))
2025-08-20T16:16:47.7671744Z   Using cached mypy-1.17.1-cp312-cp312-manylinux2014_x86_64.manylinux_2_17_x86_64.manylinux_2_28_x86_64.whl.metadata (2.2 kB)
2025-08-20T16:16:47.7703626Z Requirement already satisfied: mypy-extensions==1.1.0 in /opt/hostedtoolcache/Python/3.12.11/x64/lib/python3.12/site-packages (from -r requirements-dev.txt (line 19)) (1.1.0)
2025-08-20T16:16:47.7708599Z Requirement already satisfied: numpy<2 in /opt/hostedtoolcache/Python/3.12.11/x64/lib/python3.12/site-packages (from -r requirements-dev.txt (line 20)) (1.26.4)
2025-08-20T16:16:47.7713461Z Requirement already satisfied: openpyxl==3.1.5 in /opt/hostedtoolcache/Python/3.12.11/x64/lib/python3.12/site-packages (from -r requirements-dev.txt (line 21)) (3.1.5)
2025-08-20T16:16:47.7718635Z Requirement already satisfied: pandas==2.2.* in /opt/hostedtoolcache/Python/3.12.11/x64/lib/python3.12/site-packages (from -r requirements-dev.txt (line 22)) (2.2.3)
2025-08-20T16:16:47.7723446Z Requirement already satisfied: psycopg2-binary==2.9.10 in /opt/hostedtoolcache/Python/3.12.11/x64/lib/python3.12/site-packages (from -r requirements-dev.txt (line 23)) (2.9.10)
2025-08-20T16:16:47.7729536Z Requirement already satisfied: psycopg==3.2.9 in /opt/hostedtoolcache/Python/3.12.11/x64/lib/python3.12/site-packages (from psycopg[binary]==3.2.9->-r requirements-dev.txt (line 24)) (3.2.9)
2025-08-20T16:16:47.7734169Z Requirement already satisfied: pydantic==2.11.7 in /opt/hostedtoolcache/Python/3.12.11/x64/lib/python3.12/site-packages (from -r requirements-dev.txt (line 25)) (2.11.7)
2025-08-20T16:16:47.8933642Z Collecting setuptools (from -r requirements-dev.txt (line 26))
2025-08-20T16:16:47.8947135Z   Using cached setuptools-80.9.0-py3-none-any.whl.metadata (6.6 kB)
2025-08-20T16:16:47.9199540Z Collecting pytest-asyncio==0.23.6 (from -r requirements-dev.txt (line 27))
2025-08-20T16:16:47.9212366Z   Using cached pytest_asyncio-0.23.6-py3-none-any.whl.metadata (3.9 kB)
2025-08-20T16:16:48.0271409Z Collecting pytest-cov==6.2.1 (from -r requirements-dev.txt (line 28))
2025-08-20T16:16:48.0284814Z   Using cached pytest_cov-6.2.1-py3-none-any.whl.metadata (30 kB)
2025-08-20T16:16:48.0450900Z Collecting pytest-postgresql==7.0.2 (from -r requirements-dev.txt (line 29))
2025-08-20T16:16:48.0464552Z   Using cached pytest_postgresql-7.0.2-py3-none-any.whl.metadata (18 kB)
2025-08-20T16:16:48.0497920Z Requirement already satisfied: python-dotenv in /opt/hostedtoolcache/Python/3.12.11/x64/lib/python3.12/site-packages (from -r requirements-dev.txt (line 30)) (1.1.1)
2025-08-20T16:16:48.0501993Z Requirement already satisfied: python-multipart in /opt/hostedtoolcache/Python/3.12.11/x64/lib/python3.12/site-packages (from -r requirements-dev.txt (line 31)) (0.0.20)
2025-08-20T16:16:48.0795877Z Collecting python-telegram-bot==22.3 (from -r requirements-dev.txt (line 32))
2025-08-20T16:16:48.0809610Z   Using cached python_telegram_bot-22.3-py3-none-any.whl.metadata (17 kB)
2025-08-20T16:16:48.1096574Z Collecting requests==2.32.4 (from -r requirements-dev.txt (line 33))
2025-08-20T16:16:48.1109696Z   Using cached requests-2.32.4-py3-none-any.whl.metadata (4.9 kB)
2025-08-20T16:16:48.1349447Z Collecting respx==0.22.0 (from -r requirements-dev.txt (line 34))
2025-08-20T16:16:48.1361549Z   Using cached respx-0.22.0-py2.py3-none-any.whl.metadata (4.1 kB)
2025-08-20T16:16:48.4926174Z Collecting ruff==0.4.4 (from -r requirements-dev.txt (line 35))
2025-08-20T16:16:48.4939711Z   Using cached ruff-0.4.4-py3-none-manylinux_2_17_x86_64.manylinux2014_x86_64.whl.metadata (23 kB)
2025-08-20T16:16:48.7661064Z Collecting sqlalchemy==2.0.43 (from -r requirements-dev.txt (line 36))
2025-08-20T16:16:48.7674933Z   Using cached sqlalchemy-2.0.43-cp312-cp312-manylinux_2_17_x86_64.manylinux2014_x86_64.whl.metadata (9.6 kB)
2025-08-20T16:16:48.7774714Z Requirement already satisfied: structlog==24.1.0 in /opt/hostedtoolcache/Python/3.12.11/x64/lib/python3.12/site-packages (from -r requirements-dev.txt (line 37)) (24.1.0)
2025-08-20T16:16:48.7918419Z Collecting testcontainers==4.10.0 (from testcontainers[postgres]==4.10.0->-r requirements-dev.txt (line 38))
2025-08-20T16:16:48.7930514Z   Using cached testcontainers-4.10.0-py3-none-any.whl.metadata (7.8 kB)
2025-08-20T16:16:48.8279938Z Collecting types-requests==2.32.4.20250809 (from -r requirements-dev.txt (line 39))
2025-08-20T16:16:48.8292759Z   Using cached types_requests-2.32.4.20250809-py3-none-any.whl.metadata (2.0 kB)
2025-08-20T16:16:48.9030117Z Collecting docspec-python==2.2.2 (from -r requirements-dev.txt (line 40))
2025-08-20T16:16:48.9042289Z   Using cached docspec_python-2.2.2-py3-none-any.whl.metadata (1.0 kB)
2025-08-20T16:16:48.9858909Z Collecting pydoc-markdown==4.8.2 (from -r requirements-dev.txt (line 41))
2025-08-20T16:16:48.9871607Z   Using cached pydoc_markdown-4.8.2-py3-none-any.whl.metadata (5.9 kB)
2025-08-20T16:16:48.9905373Z Requirement already satisfied: pandera==0.19.* in /opt/hostedtoolcache/Python/3.12.11/x64/lib/python3.12/site-packages (from -r requirements-dev.txt (line 42)) (0.19.3)
2025-08-20T16:16:48.9923717Z Requirement already satisfied: MarkupSafe>=2.0 in /opt/hostedtoolcache/Python/3.12.11/x64/lib/python3.12/site-packages (from Jinja2==3.1.6->-r requirements-dev.txt (line 2)) (3.0.2)
2025-08-20T16:16:49.0077116Z Requirement already satisfied: Mako in /opt/hostedtoolcache/Python/3.12.11/x64/lib/python3.12/site-packages (from alembic==1.13.1->-r requirements-dev.txt (line 3)) (1.3.10)
2025-08-20T16:16:49.0082992Z Requirement already satisfied: typing-extensions>=4 in /opt/hostedtoolcache/Python/3.12.11/x64/lib/python3.12/site-packages (from alembic==1.13.1->-r requirements-dev.txt (line 3)) (4.14.1)
2025-08-20T16:16:49.0102679Z Requirement already satisfied: six>=1.4.0 in /opt/hostedtoolcache/Python/3.12.11/x64/lib/python3.12/site-packages (from apscheduler==3.10.4->-r requirements-dev.txt (line 4)) (1.17.0)
2025-08-20T16:16:49.0107596Z Requirement already satisfied: pytz in /opt/hostedtoolcache/Python/3.12.11/x64/lib/python3.12/site-packages (from apscheduler==3.10.4->-r requirements-dev.txt (line 4)) (2025.2)
2025-08-20T16:16:49.0115202Z Requirement already satisfied: tzlocal!=3.*,>=2.0 in /opt/hostedtoolcache/Python/3.12.11/x64/lib/python3.12/site-packages (from apscheduler==3.10.4->-r requirements-dev.txt (line 4)) (5.3.1)
2025-08-20T16:16:49.0148974Z Requirement already satisfied: starlette>=0.18 in /opt/hostedtoolcache/Python/3.12.11/x64/lib/python3.12/site-packages (from asgi-correlation-id==4.3.1->-r requirements-dev.txt (line 5)) (0.37.2)
2025-08-20T16:16:49.0171753Z Requirement already satisfied: click>=8.0.0 in /opt/hostedtoolcache/Python/3.12.11/x64/lib/python3.12/site-packages (from black==25.1.0->-r requirements-dev.txt (line 7)) (8.2.1)
2025-08-20T16:16:49.0177577Z Requirement already satisfied: packaging>=22.0 in /opt/hostedtoolcache/Python/3.12.11/x64/lib/python3.12/site-packages (from black==25.1.0->-r requirements-dev.txt (line 7)) (25.0)
2025-08-20T16:16:49.0308298Z Collecting pathspec>=0.9.0 (from black==25.1.0->-r requirements-dev.txt (line 7))
2025-08-20T16:16:49.0320684Z   Using cached pathspec-0.12.1-py3-none-any.whl.metadata (21 kB)
2025-08-20T16:16:49.0498077Z Collecting platformdirs>=2 (from black==25.1.0->-r requirements-dev.txt (line 7))
2025-08-20T16:16:49.0510301Z   Using cached platformdirs-4.3.8-py3-none-any.whl.metadata (12 kB)
2025-08-20T16:16:49.0557737Z Requirement already satisfied: billiard<5.0,>=4.2.1 in /opt/hostedtoolcache/Python/3.12.11/x64/lib/python3.12/site-packages (from celery==5.5.3->-r requirements-dev.txt (line 11)) (4.2.1)
2025-08-20T16:16:49.0563032Z Requirement already satisfied: kombu<5.6,>=5.5.2 in /opt/hostedtoolcache/Python/3.12.11/x64/lib/python3.12/site-packages (from celery==5.5.3->-r requirements-dev.txt (line 11)) (5.5.4)
2025-08-20T16:16:49.0568333Z Requirement already satisfied: vine<6.0,>=5.1.0 in /opt/hostedtoolcache/Python/3.12.11/x64/lib/python3.12/site-packages (from celery==5.5.3->-r requirements-dev.txt (line 11)) (5.1.0)
2025-08-20T16:16:49.0574530Z Requirement already satisfied: click-didyoumean>=0.3.0 in /opt/hostedtoolcache/Python/3.12.11/x64/lib/python3.12/site-packages (from celery==5.5.3->-r requirements-dev.txt (line 11)) (0.3.1)
2025-08-20T16:16:49.0579596Z Requirement already satisfied: click-repl>=0.2.0 in /opt/hostedtoolcache/Python/3.12.11/x64/lib/python3.12/site-packages (from celery==5.5.3->-r requirements-dev.txt (line 11)) (0.3.0)
2025-08-20T16:16:49.0584478Z Requirement already satisfied: click-plugins>=1.1.1 in /opt/hostedtoolcache/Python/3.12.11/x64/lib/python3.12/site-packages (from celery==5.5.3->-r requirements-dev.txt (line 11)) (1.1.1.2)
2025-08-20T16:16:49.0590189Z Requirement already satisfied: python-dateutil>=2.8.2 in /opt/hostedtoolcache/Python/3.12.11/x64/lib/python3.12/site-packages (from celery==5.5.3->-r requirements-dev.txt (line 11)) (2.9.0.post0)
2025-08-20T16:16:49.0905539Z Collecting starlette>=0.18 (from asgi-correlation-id==4.3.1->-r requirements-dev.txt (line 5))
2025-08-20T16:16:49.0918721Z   Using cached starlette-0.47.2-py3-none-any.whl.metadata (6.2 kB)
2025-08-20T16:16:49.0967834Z Requirement already satisfied: annotated-types>=0.6.0 in /opt/hostedtoolcache/Python/3.12.11/x64/lib/python3.12/site-packages (from pydantic==2.11.7->-r requirements-dev.txt (line 25)) (0.7.0)
2025-08-20T16:16:49.0973681Z Requirement already satisfied: pydantic-core==2.33.2 in /opt/hostedtoolcache/Python/3.12.11/x64/lib/python3.12/site-packages (from pydantic==2.11.7->-r requirements-dev.txt (line 25)) (2.33.2)
2025-08-20T16:16:49.0981936Z Requirement already satisfied: typing-inspection>=0.4.0 in /opt/hostedtoolcache/Python/3.12.11/x64/lib/python3.12/site-packages (from pydantic==2.11.7->-r requirements-dev.txt (line 25)) (0.4.1)
2025-08-20T16:16:49.1150270Z Requirement already satisfied: et-xmlfile in /opt/hostedtoolcache/Python/3.12.11/x64/lib/python3.12/site-packages (from openpyxl==3.1.5->-r requirements-dev.txt (line 21)) (2.0.0)
2025-08-20T16:16:49.1537496Z Collecting pytest<9,>=7.0.0 (from pytest-asyncio==0.23.6->-r requirements-dev.txt (line 27))
2025-08-20T16:16:49.1551440Z   Using cached pytest-8.4.1-py3-none-any.whl.metadata (7.7 kB)
2025-08-20T16:16:49.5220245Z Collecting coverage>=7.5 (from coverage[toml]>=7.5->pytest-cov==6.2.1->-r requirements-dev.txt (line 28))
2025-08-20T16:16:49.5234603Z   Using cached coverage-7.10.4-cp312-cp312-manylinux1_x86_64.manylinux_2_28_x86_64.manylinux_2_5_x86_64.whl.metadata (8.9 kB)
2025-08-20T16:16:49.5350041Z Collecting pluggy>=1.2 (from pytest-cov==6.2.1->-r requirements-dev.txt (line 28))
2025-08-20T16:16:49.5362351Z   Using cached pluggy-1.6.0-py3-none-any.whl.metadata (4.8 kB)
2025-08-20T16:16:49.5629207Z Collecting port-for>=0.7.3 (from pytest-postgresql==7.0.2->-r requirements-dev.txt (line 29))
2025-08-20T16:16:49.5641009Z   Using cached port_for-0.7.4-py3-none-any.whl.metadata (7.1 kB)
2025-08-20T16:16:49.5778473Z Collecting mirakuru>=2.6.0 (from pytest-postgresql==7.0.2->-r requirements-dev.txt (line 29))
2025-08-20T16:16:49.5790271Z   Using cached mirakuru-2.6.1-py3-none-any.whl.metadata (10 kB)
2025-08-20T16:16:49.5844876Z Requirement already satisfied: charset_normalizer<4,>=2 in /opt/hostedtoolcache/Python/3.12.11/x64/lib/python3.12/site-packages (from requests==2.32.4->-r requirements-dev.txt (line 33)) (3.4.3)
2025-08-20T16:16:49.5850088Z Requirement already satisfied: idna<4,>=2.5 in /opt/hostedtoolcache/Python/3.12.11/x64/lib/python3.12/site-packages (from requests==2.32.4->-r requirements-dev.txt (line 33)) (3.10)
2025-08-20T16:16:49.5854653Z Requirement already satisfied: urllib3<3,>=1.21.1 in /opt/hostedtoolcache/Python/3.12.11/x64/lib/python3.12/site-packages (from requests==2.32.4->-r requirements-dev.txt (line 33)) (2.5.0)
2025-08-20T16:16:49.5859420Z Requirement already satisfied: certifi>=2017.4.17 in /opt/hostedtoolcache/Python/3.12.11/x64/lib/python3.12/site-packages (from requests==2.32.4->-r requirements-dev.txt (line 33)) (2025.8.3)
2025-08-20T16:16:49.5967577Z Requirement already satisfied: greenlet>=1 in /opt/hostedtoolcache/Python/3.12.11/x64/lib/python3.12/site-packages (from sqlalchemy==2.0.43->-r requirements-dev.txt (line 36)) (3.2.4)
2025-08-20T16:16:49.6182975Z Collecting docker (from testcontainers==4.10.0->testcontainers[postgres]==4.10.0->-r requirements-dev.txt (line 38))
2025-08-20T16:16:49.6195207Z   Using cached docker-7.1.0-py3-none-any.whl.metadata (3.8 kB)
2025-08-20T16:16:49.6236504Z Requirement already satisfied: wrapt in /opt/hostedtoolcache/Python/3.12.11/x64/lib/python3.12/site-packages (from testcontainers==4.10.0->testcontainers[postgres]==4.10.0->-r requirements-dev.txt (line 38)) (1.17.3)
2025-08-20T16:16:49.6998979Z Collecting docspec==2.2.1 (from docspec-python==2.2.2->-r requirements-dev.txt (line 40))
2025-08-20T16:16:49.7011924Z   Using cached docspec-2.2.1-py3-none-any.whl.metadata (1.5 kB)
2025-08-20T16:16:49.7924930Z Collecting nr-util>=0.8.12 (from docspec-python==2.2.2->-r requirements-dev.txt (line 40))
2025-08-20T16:16:49.7940279Z   Using cached nr.util-0.8.12-py3-none-any.whl.metadata (813 bytes)
2025-08-20T16:16:49.7985994Z Requirement already satisfied: PyYAML<7.0,>=5.0 in /opt/hostedtoolcache/Python/3.12.11/x64/lib/python3.12/site-packages (from pydoc-markdown==4.8.2->-r requirements-dev.txt (line 41)) (6.0.2)
2025-08-20T16:16:49.8803364Z Collecting databind.core<5.0.0,>=4.4.0 (from pydoc-markdown==4.8.2->-r requirements-dev.txt (line 41))
2025-08-20T16:16:49.8815965Z   Using cached databind.core-4.5.2-py3-none-any.whl.metadata (1.1 kB)
2025-08-20T16:16:49.9727149Z Collecting databind.json<5.0.0,>=4.4.0 (from pydoc-markdown==4.8.2->-r requirements-dev.txt (line 41))
2025-08-20T16:16:49.9738932Z   Using cached databind.json-4.5.2-py3-none-any.whl.metadata (1.1 kB)
2025-08-20T16:16:49.9879098Z Collecting docstring-parser<0.12,>=0.11 (from pydoc-markdown==4.8.2->-r requirements-dev.txt (line 41))
2025-08-20T16:16:49.9880651Z   Using cached docstring_parser-0.11-py3-none-any.whl
2025-08-20T16:16:50.0202386Z Collecting tomli<3.0.0,>=2.0.0 (from pydoc-markdown==4.8.2->-r requirements-dev.txt (line 41))
2025-08-20T16:16:50.0214361Z   Using cached tomli-2.2.1-cp312-cp312-manylinux_2_17_x86_64.manylinux2014_x86_64.whl.metadata (11 kB)
2025-08-20T16:16:50.0319109Z Collecting tomli_w<2.0.0,>=1.0.0 (from pydoc-markdown==4.8.2->-r requirements-dev.txt (line 41))
2025-08-20T16:16:50.0331760Z   Using cached tomli_w-1.2.0-py3-none-any.whl.metadata (5.7 kB)
2025-08-20T16:16:50.0768201Z Collecting watchdog (from pydoc-markdown==4.8.2->-r requirements-dev.txt (line 41))
2025-08-20T16:16:50.0781893Z   Using cached watchdog-6.0.0-py3-none-manylinux2014_x86_64.whl.metadata (44 kB)
2025-08-20T16:16:50.0977176Z Collecting yapf>=0.30.0 (from pydoc-markdown==4.8.2->-r requirements-dev.txt (line 41))
2025-08-20T16:16:50.0989020Z   Using cached yapf-0.43.0-py3-none-any.whl.metadata (46 kB)
2025-08-20T16:16:50.1174598Z Collecting Deprecated<2.0.0,>=1.2.12 (from docspec==2.2.1->docspec-python==2.2.2->-r requirements-dev.txt (line 40))
2025-08-20T16:16:50.1186423Z   Using cached Deprecated-1.2.18-py2.py3-none-any.whl.metadata (5.7 kB)
2025-08-20T16:16:50.1328183Z Requirement already satisfied: psycopg-binary==3.2.9 in /opt/hostedtoolcache/Python/3.12.11/x64/lib/python3.12/site-packages (from psycopg[binary]==3.2.9->-r requirements-dev.txt (line 24)) (3.2.9)
2025-08-20T16:16:50.1431308Z Requirement already satisfied: anyio in /opt/hostedtoolcache/Python/3.12.11/x64/lib/python3.12/site-packages (from httpx<0.29,>=0.27->-r requirements-dev.txt (line 15)) (4.10.0)
2025-08-20T16:16:50.1435682Z Requirement already satisfied: httpcore==1.* in /opt/hostedtoolcache/Python/3.12.11/x64/lib/python3.12/site-packages (from httpx<0.29,>=0.27->-r requirements-dev.txt (line 15)) (1.0.9)
2025-08-20T16:16:50.1557367Z Requirement already satisfied: tzdata>=2022.7 in /opt/hostedtoolcache/Python/3.12.11/x64/lib/python3.12/site-packages (from pandas==2.2.*->-r requirements-dev.txt (line 22)) (2025.2)
2025-08-20T16:16:50.1670865Z Requirement already satisfied: multimethod<=1.10.0 in /opt/hostedtoolcache/Python/3.12.11/x64/lib/python3.12/site-packages (from pandera==0.19.*->-r requirements-dev.txt (line 42)) (1.10)
2025-08-20T16:16:50.1684624Z Requirement already satisfied: typeguard in /opt/hostedtoolcache/Python/3.12.11/x64/lib/python3.12/site-packages (from pandera==0.19.*->-r requirements-dev.txt (line 42)) (4.4.4)
2025-08-20T16:16:50.1690634Z Requirement already satisfied: typing-inspect>=0.6.0 in /opt/hostedtoolcache/Python/3.12.11/x64/lib/python3.12/site-packages (from pandera==0.19.*->-r requirements-dev.txt (line 42)) (0.9.0)
2025-08-20T16:16:50.2685843Z Collecting databind<5.0.0,>=4.5.2 (from databind.core<5.0.0,>=4.4.0->pydoc-markdown==4.8.2->-r requirements-dev.txt (line 41))
2025-08-20T16:16:50.2697858Z   Using cached databind-4.5.2-py3-none-any.whl.metadata (4.3 kB)
2025-08-20T16:16:50.3434804Z Collecting nr-date<3.0.0,>=2.0.0 (from databind<5.0.0,>=4.5.2->databind.core<5.0.0,>=4.4.0->pydoc-markdown==4.8.2->-r requirements-dev.txt (line 41))
2025-08-20T16:16:50.3446974Z   Using cached nr_date-2.1.0-py3-none-any.whl.metadata (746 bytes)
2025-08-20T16:16:50.4285321Z Collecting nr-stream<2.0.0,>=1.0.0 (from databind<5.0.0,>=4.5.2->databind.core<5.0.0,>=4.4.0->pydoc-markdown==4.8.2->-r requirements-dev.txt (line 41))
2025-08-20T16:16:50.4296140Z   Using cached nr_stream-1.1.5-py3-none-any.whl.metadata (3.6 kB)
2025-08-20T16:16:50.5082768Z Collecting typeapi<3,>=2.0.1 (from databind<5.0.0,>=4.5.2->databind.core<5.0.0,>=4.4.0->pydoc-markdown==4.8.2->-r requirements-dev.txt (line 41))
2025-08-20T16:16:50.5094883Z   Using cached typeapi-2.2.4-py3-none-any.whl.metadata (1.5 kB)
2025-08-20T16:16:50.5195869Z Requirement already satisfied: h11>=0.16 in /opt/hostedtoolcache/Python/3.12.11/x64/lib/python3.12/site-packages (from httpcore==1.*->httpx<0.29,>=0.27->-r requirements-dev.txt (line 15)) (0.16.0)
2025-08-20T16:16:50.5238472Z Requirement already satisfied: amqp<6.0.0,>=5.1.1 in /opt/hostedtoolcache/Python/3.12.11/x64/lib/python3.12/site-packages (from kombu<5.6,>=5.5.2->celery==5.5.3->-r requirements-dev.txt (line 11)) (5.3.1)
2025-08-20T16:16:50.5500021Z Collecting iniconfig>=1 (from pytest<9,>=7.0.0->pytest-asyncio==0.23.6->-r requirements-dev.txt (line 27))
2025-08-20T16:16:50.5512064Z   Using cached iniconfig-2.1.0-py3-none-any.whl.metadata (2.7 kB)
2025-08-20T16:16:50.5555856Z Requirement already satisfied: pygments>=2.7.2 in /opt/hostedtoolcache/Python/3.12.11/x64/lib/python3.12/site-packages (from pytest<9,>=7.0.0->pytest-asyncio==0.23.6->-r requirements-dev.txt (line 27)) (2.19.2)
2025-08-20T16:16:50.5644037Z Requirement already satisfied: sniffio>=1.1 in /opt/hostedtoolcache/Python/3.12.11/x64/lib/python3.12/site-packages (from anyio->httpx<0.29,>=0.27->-r requirements-dev.txt (line 15)) (1.3.1)
2025-08-20T16:16:50.5793427Z Requirement already satisfied: botocore<1.35.0,>=1.34.162 in /opt/hostedtoolcache/Python/3.12.11/x64/lib/python3.12/site-packages (from boto3->-r requirements-dev.txt (line 8)) (1.34.162)
2025-08-20T16:16:50.5800870Z Requirement already satisfied: jmespath<2.0.0,>=0.7.1 in /opt/hostedtoolcache/Python/3.12.11/x64/lib/python3.12/site-packages (from boto3->-r requirements-dev.txt (line 8)) (1.0.1)
2025-08-20T16:16:50.5808489Z Requirement already satisfied: s3transfer<0.11.0,>=0.10.0 in /opt/hostedtoolcache/Python/3.12.11/x64/lib/python3.12/site-packages (from boto3->-r requirements-dev.txt (line 8)) (0.10.4)
2025-08-20T16:16:50.5929929Z Requirement already satisfied: fastapi-cli>=0.0.8 in /opt/hostedtoolcache/Python/3.12.11/x64/lib/python3.12/site-packages (from fastapi-cli[standard]>=0.0.8; extra == "all"->fastapi[all]->-r requirements-dev.txt (line 13)) (0.0.8)
2025-08-20T16:16:50.6037461Z Requirement already satisfied: ujson!=4.0.2,!=4.1.0,!=4.2.0,!=4.3.0,!=5.0.0,!=5.1.0,>=4.0.1 in /opt/hostedtoolcache/Python/3.12.11/x64/lib/python3.12/site-packages (from fastapi[all]->-r requirements-dev.txt (line 13)) (5.11.0)
2025-08-20T16:16:50.6043991Z Requirement already satisfied: orjson>=3.2.1 in /opt/hostedtoolcache/Python/3.12.11/x64/lib/python3.12/site-packages (from fastapi[all]->-r requirements-dev.txt (line 13)) (3.11.2)
2025-08-20T16:16:50.6051010Z Requirement already satisfied: email-validator>=2.0.0 in /opt/hostedtoolcache/Python/3.12.11/x64/lib/python3.12/site-packages (from fastapi[all]->-r requirements-dev.txt (line 13)) (2.2.0)
2025-08-20T16:16:50.6059685Z Requirement already satisfied: uvicorn>=0.12.0 in /opt/hostedtoolcache/Python/3.12.11/x64/lib/python3.12/site-packages (from uvicorn[standard]>=0.12.0; extra == "all"->fastapi[all]->-r requirements-dev.txt (line 13)) (0.29.0)
2025-08-20T16:16:50.6068668Z Requirement already satisfied: pydantic-settings>=2.0.0 in /opt/hostedtoolcache/Python/3.12.11/x64/lib/python3.12/site-packages (from fastapi[all]->-r requirements-dev.txt (line 13)) (2.2.1)
2025-08-20T16:16:50.6173712Z Collecting pydantic-extra-types>=2.0.0 (from fastapi[all]->-r requirements-dev.txt (line 13))
2025-08-20T16:16:50.6185833Z   Using cached pydantic_extra_types-2.10.5-py3-none-any.whl.metadata (3.9 kB)
2025-08-20T16:16:50.6439648Z Requirement already satisfied: prompt-toolkit>=3.0.36 in /opt/hostedtoolcache/Python/3.12.11/x64/lib/python3.12/site-packages (from click-repl>=0.2.0->celery==5.5.3->-r requirements-dev.txt (line 11)) (3.0.51)
2025-08-20T16:16:50.6514527Z Requirement already satisfied: dnspython>=2.0.0 in /opt/hostedtoolcache/Python/3.12.11/x64/lib/python3.12/site-packages (from email-validator>=2.0.0->fastapi[all]->-r requirements-dev.txt (line 13)) (2.7.0)
2025-08-20T16:16:50.6584268Z Requirement already satisfied: typer>=0.15.1 in /opt/hostedtoolcache/Python/3.12.11/x64/lib/python3.12/site-packages (from fastapi-cli>=0.0.8->fastapi-cli[standard]>=0.0.8; extra == "all"->fastapi[all]->-r requirements-dev.txt (line 13)) (0.16.1)
2025-08-20T16:16:50.6597034Z Requirement already satisfied: rich-toolkit>=0.14.8 in /opt/hostedtoolcache/Python/3.12.11/x64/lib/python3.12/site-packages (from fastapi-cli>=0.0.8->fastapi-cli[standard]>=0.0.8; extra == "all"->fastapi[all]->-r requirements-dev.txt (line 13)) (0.15.0)
2025-08-20T16:16:50.6699090Z Collecting fastapi-cloud-cli>=0.1.1 (from fastapi-cli[standard]>=0.0.8; extra == "all"->fastapi[all]->-r requirements-dev.txt (line 13))
2025-08-20T16:16:50.6710949Z   Using cached fastapi_cloud_cli-0.1.5-py3-none-any.whl.metadata (3.2 kB)
2025-08-20T16:16:50.7417889Z Collecting rignore>=0.5.1 (from fastapi-cloud-cli>=0.1.1->fastapi-cli[standard]>=0.0.8; extra == "all"->fastapi[all]->-r requirements-dev.txt (line 13))
2025-08-20T16:16:50.7436481Z   Using cached rignore-0.6.4-cp312-cp312-manylinux_2_17_x86_64.manylinux2014_x86_64.whl.metadata (3.8 kB)
2025-08-20T16:16:50.7943180Z Collecting sentry-sdk>=2.20.0 (from fastapi-cloud-cli>=0.1.1->fastapi-cli[standard]>=0.0.8; extra == "all"->fastapi[all]->-r requirements-dev.txt (line 13))
2025-08-20T16:16:50.7956792Z   Using cached sentry_sdk-2.35.0-py2.py3-none-any.whl.metadata (10 kB)
2025-08-20T16:16:50.8871694Z Collecting psutil>=4.0.0 (from mirakuru>=2.6.0->pytest-postgresql==7.0.2->-r requirements-dev.txt (line 29))
2025-08-20T16:16:50.8885204Z   Using cached psutil-7.0.0-cp36-abi3-manylinux_2_12_x86_64.manylinux2010_x86_64.manylinux_2_17_x86_64.manylinux2014_x86_64.whl.metadata (22 kB)
2025-08-20T16:16:50.9630743Z Requirement already satisfied: wcwidth in /opt/hostedtoolcache/Python/3.12.11/x64/lib/python3.12/site-packages (from prompt-toolkit>=3.0.36->click-repl>=0.2.0->celery==5.5.3->-r requirements-dev.txt (line 11)) (0.2.13)
2025-08-20T16:16:50.9836183Z Requirement already satisfied: rich>=13.7.1 in /opt/hostedtoolcache/Python/3.12.11/x64/lib/python3.12/site-packages (from rich-toolkit>=0.14.8->fastapi-cli>=0.0.8->fastapi-cli[standard]>=0.0.8; extra == "all"->fastapi[all]->-r requirements-dev.txt (line 13)) (14.1.0)
2025-08-20T16:16:50.9874989Z Requirement already satisfied: markdown-it-py>=2.2.0 in /opt/hostedtoolcache/Python/3.12.11/x64/lib/python3.12/site-packages (from rich>=13.7.1->rich-toolkit>=0.14.8->fastapi-cli>=0.0.8->fastapi-cli[standard]>=0.0.8; extra == "all"->fastapi[all]->-r requirements-dev.txt (line 13)) (4.0.0)
2025-08-20T16:16:50.9908162Z Requirement already satisfied: mdurl~=0.1 in /opt/hostedtoolcache/Python/3.12.11/x64/lib/python3.12/site-packages (from markdown-it-py>=2.2.0->rich>=13.7.1->rich-toolkit>=0.14.8->fastapi-cli>=0.0.8->fastapi-cli[standard]>=0.0.8; extra == "all"->fastapi[all]->-r requirements-dev.txt (line 13)) (0.1.2)
2025-08-20T16:16:51.0100303Z Requirement already satisfied: shellingham>=1.3.0 in /opt/hostedtoolcache/Python/3.12.11/x64/lib/python3.12/site-packages (from typer>=0.15.1->fastapi-cli>=0.0.8->fastapi-cli[standard]>=0.0.8; extra == "all"->fastapi[all]->-r requirements-dev.txt (line 13)) (1.5.4)
2025-08-20T16:16:51.0374263Z Requirement already satisfied: httptools>=0.5.0 in /opt/hostedtoolcache/Python/3.12.11/x64/lib/python3.12/site-packages (from uvicorn[standard]>=0.12.0; extra == "all"->fastapi[all]->-r requirements-dev.txt (line 13)) (0.6.4)
2025-08-20T16:16:51.0393138Z Requirement already satisfied: uvloop!=0.15.0,!=0.15.1,>=0.14.0 in /opt/hostedtoolcache/Python/3.12.11/x64/lib/python3.12/site-packages (from uvicorn[standard]>=0.12.0; extra == "all"->fastapi[all]->-r requirements-dev.txt (line 13)) (0.21.0)
2025-08-20T16:16:51.0402199Z Requirement already satisfied: watchfiles>=0.13 in /opt/hostedtoolcache/Python/3.12.11/x64/lib/python3.12/site-packages (from uvicorn[standard]>=0.12.0; extra == "all"->fastapi[all]->-r requirements-dev.txt (line 13)) (1.1.0)
2025-08-20T16:16:51.0411874Z Requirement already satisfied: websockets>=10.4 in /opt/hostedtoolcache/Python/3.12.11/x64/lib/python3.12/site-packages (from uvicorn[standard]>=0.12.0; extra == "all"->fastapi[all]->-r requirements-dev.txt (line 13)) (15.0.1)
2025-08-20T16:16:51.0950208Z Using cached jinja2-3.1.6-py3-none-any.whl (134 kB)
2025-08-20T16:16:51.0963374Z Using cached asyncpg-0.30.0-cp312-cp312-manylinux_2_17_x86_64.manylinux2014_x86_64.whl (3.6 MB)
2025-08-20T16:16:51.1002648Z Using cached black-25.1.0-cp312-cp312-manylinux_2_17_x86_64.manylinux2014_x86_64.manylinux_2_28_x86_64.whl (1.8 MB)
2025-08-20T16:16:51.1027821Z Using cached celery-5.5.3-py3-none-any.whl (438 kB)
2025-08-20T16:16:51.1042854Z Using cached fastapi-0.116.1-py3-none-any.whl (95 kB)
2025-08-20T16:16:51.1054515Z Using cached IMAPClient-3.0.1-py2.py3-none-any.whl (182 kB)
2025-08-20T16:16:51.1067339Z Using cached pytest_asyncio-0.23.6-py3-none-any.whl (17 kB)
2025-08-20T16:16:51.1078467Z Using cached pytest_cov-6.2.1-py3-none-any.whl (24 kB)
2025-08-20T16:16:51.1089867Z Using cached pytest_postgresql-7.0.2-py3-none-any.whl (41 kB)
2025-08-20T16:16:51.1101345Z Using cached python_telegram_bot-22.3-py3-none-any.whl (717 kB)
2025-08-20T16:16:51.1117971Z Using cached requests-2.32.4-py3-none-any.whl (64 kB)
2025-08-20T16:16:51.1129544Z Using cached respx-0.22.0-py2.py3-none-any.whl (25 kB)
2025-08-20T16:16:51.1141262Z Using cached ruff-0.4.4-py3-none-manylinux_2_17_x86_64.manylinux2014_x86_64.whl (8.7 MB)
2025-08-20T16:16:51.1217309Z Using cached sqlalchemy-2.0.43-cp312-cp312-manylinux_2_17_x86_64.manylinux2014_x86_64.whl (3.3 MB)
2025-08-20T16:16:51.1255227Z Using cached testcontainers-4.10.0-py3-none-any.whl (107 kB)
2025-08-20T16:16:51.1267678Z Using cached types_requests-2.32.4.20250809-py3-none-any.whl (20 kB)
2025-08-20T16:16:51.1279159Z Using cached docspec_python-2.2.2-py3-none-any.whl (15 kB)
2025-08-20T16:16:51.1290611Z Using cached pydoc_markdown-4.8.2-py3-none-any.whl (67 kB)
2025-08-20T16:16:51.1302340Z Using cached docspec-2.2.1-py3-none-any.whl (9.8 kB)
2025-08-20T16:16:51.1313591Z Using cached redis-6.4.0-py3-none-any.whl (279 kB)
2025-08-20T16:16:51.1327116Z Using cached httpx-0.28.1-py3-none-any.whl (73 kB)
2025-08-20T16:16:51.1339534Z Using cached mypy-1.17.1-cp312-cp312-manylinux2014_x86_64.manylinux_2_17_x86_64.manylinux_2_28_x86_64.whl (12.7 MB)
2025-08-20T16:16:51.1443776Z Using cached databind.core-4.5.2-py3-none-any.whl (1.5 kB)
2025-08-20T16:16:51.1455373Z Using cached databind-4.5.2-py3-none-any.whl (49 kB)
2025-08-20T16:16:51.1467509Z Using cached databind.json-4.5.2-py3-none-any.whl (1.5 kB)
2025-08-20T16:16:51.1478882Z Using cached Deprecated-1.2.18-py2.py3-none-any.whl (10.0 kB)
2025-08-20T16:16:51.1490106Z Using cached nr_date-2.1.0-py3-none-any.whl (10 kB)
2025-08-20T16:16:51.1501374Z Using cached nr_stream-1.1.5-py3-none-any.whl (10 kB)
2025-08-20T16:16:51.1512660Z Using cached nr.util-0.8.12-py3-none-any.whl (90 kB)
2025-08-20T16:16:51.1524451Z Using cached pytest-8.4.1-py3-none-any.whl (365 kB)
2025-08-20T16:16:51.1538678Z Using cached pluggy-1.6.0-py3-none-any.whl (20 kB)
2025-08-20T16:16:51.1550143Z Using cached starlette-0.47.2-py3-none-any.whl (72 kB)
2025-08-20T16:16:51.1562196Z Using cached tomli-2.2.1-cp312-cp312-manylinux_2_17_x86_64.manylinux2014_x86_64.whl (242 kB)
2025-08-20T16:16:51.1574969Z Using cached tomli_w-1.2.0-py3-none-any.whl (6.7 kB)
2025-08-20T16:16:51.1586083Z Using cached typeapi-2.2.4-py3-none-any.whl (26 kB)
2025-08-20T16:16:51.1597637Z Using cached itsdangerous-2.2.0-py3-none-any.whl (16 kB)
2025-08-20T16:16:51.1608916Z Using cached setuptools-80.9.0-py3-none-any.whl (1.2 MB)
2025-08-20T16:16:51.1629452Z Using cached coverage-7.10.4-cp312-cp312-manylinux1_x86_64.manylinux_2_28_x86_64.manylinux_2_5_x86_64.whl (251 kB)
2025-08-20T16:16:51.1642370Z Using cached fastapi_cloud_cli-0.1.5-py3-none-any.whl (18 kB)
2025-08-20T16:16:51.1653740Z Using cached iniconfig-2.1.0-py3-none-any.whl (6.0 kB)
2025-08-20T16:16:51.1664982Z Using cached mirakuru-2.6.1-py3-none-any.whl (26 kB)
2025-08-20T16:16:51.1676583Z Using cached pathspec-0.12.1-py3-none-any.whl (31 kB)
2025-08-20T16:16:51.1688027Z Using cached platformdirs-4.3.8-py3-none-any.whl (18 kB)
2025-08-20T16:16:51.1699233Z Using cached port_for-0.7.4-py3-none-any.whl (21 kB)
2025-08-20T16:16:51.1711345Z Using cached psutil-7.0.0-cp36-abi3-manylinux_2_12_x86_64.manylinux2010_x86_64.manylinux_2_17_x86_64.manylinux2014_x86_64.whl (277 kB)
2025-08-20T16:16:51.1724439Z Using cached pydantic_extra_types-2.10.5-py3-none-any.whl (38 kB)
2025-08-20T16:16:51.1736810Z Using cached rignore-0.6.4-cp312-cp312-manylinux_2_17_x86_64.manylinux2014_x86_64.whl (949 kB)
2025-08-20T16:16:51.1755523Z Using cached sentry_sdk-2.35.0-py2.py3-none-any.whl (363 kB)
2025-08-20T16:16:51.1769829Z Using cached yapf-0.43.0-py3-none-any.whl (256 kB)
2025-08-20T16:16:51.1783100Z Using cached docker-7.1.0-py3-none-any.whl (147 kB)
2025-08-20T16:16:51.1795462Z Using cached watchdog-6.0.0-py3-none-manylinux2014_x86_64.whl (79 kB)
2025-08-20T16:16:51.4458749Z Installing collected packages: watchdog, types-requests, typeapi, tomli_w, tomli, sqlalchemy, setuptools, sentry-sdk, ruff, rignore, requests, redis, psutil, port-for, pluggy, platformdirs, pathspec, nr-stream, nr-date, Jinja2, itsdangerous, iniconfig, imapclient, docstring-parser, Deprecated, coverage, asyncpg, yapf, starlette, pytest, nr-util, mypy, mirakuru, httpx, docker, databind, black, testcontainers, respx, python-telegram-bot, pytest-postgresql, pytest-cov, pytest-asyncio, pydantic-extra-types, fastapi, databind.json, databind.core, celery, fastapi-cloud-cli, docspec, docspec-python, pydoc-markdown
2025-08-20T16:16:51.5522794Z   Attempting uninstall: sqlalchemy
2025-08-20T16:16:51.5557689Z     Found existing installation: SQLAlchemy 2.0.29
2025-08-20T16:16:51.5787966Z     Uninstalling SQLAlchemy-2.0.29:
2025-08-20T16:16:51.5824122Z       Successfully uninstalled SQLAlchemy-2.0.29
2025-08-20T16:16:53.5581785Z   Attempting uninstall: sentry-sdk
2025-08-20T16:16:53.5616171Z     Found existing installation: sentry-sdk 2.9.0
2025-08-20T16:16:53.5753366Z     Uninstalling sentry-sdk-2.9.0:
2025-08-20T16:16:53.5777373Z       Successfully uninstalled sentry-sdk-2.9.0
2025-08-20T16:16:53.9655967Z   Attempting uninstall: requests
2025-08-20T16:16:53.9701353Z     Found existing installation: requests 2.32.5
2025-08-20T16:16:53.9732628Z     Uninstalling requests-2.32.5:
2025-08-20T16:16:53.9741726Z       Successfully uninstalled requests-2.32.5
2025-08-20T16:16:54.0135097Z   Attempting uninstall: redis
2025-08-20T16:16:54.0168068Z     Found existing installation: redis 5.0.8
2025-08-20T16:16:54.0240881Z     Uninstalling redis-5.0.8:
2025-08-20T16:16:54.0259177Z       Successfully uninstalled redis-5.0.8
2025-08-20T16:16:54.4970839Z   Attempting uninstall: Jinja2
2025-08-20T16:16:54.5022131Z     Found existing installation: Jinja2 3.1.5
2025-08-20T16:16:54.5057081Z     Uninstalling Jinja2-3.1.5:
2025-08-20T16:16:54.5066908Z       Successfully uninstalled Jinja2-3.1.5
2025-08-20T16:16:54.8636111Z   Attempting uninstall: asyncpg
2025-08-20T16:16:54.8694289Z     Found existing installation: asyncpg 0.29.0
2025-08-20T16:16:54.8745879Z     Uninstalling asyncpg-0.29.0:
2025-08-20T16:16:54.8761580Z       Successfully uninstalled asyncpg-0.29.0
2025-08-20T16:16:55.1587559Z   Attempting uninstall: starlette
2025-08-20T16:16:55.1639758Z     Found existing installation: starlette 0.37.2
2025-08-20T16:16:55.1683680Z     Uninstalling starlette-0.37.2:
2025-08-20T16:16:55.1694748Z       Successfully uninstalled starlette-0.37.2
2025-08-20T16:16:57.0303780Z   Attempting uninstall: httpx
2025-08-20T16:16:57.0356254Z     Found existing installation: httpx 0.26.0
2025-08-20T16:16:57.0394280Z     Uninstalling httpx-0.26.0:
2025-08-20T16:16:57.0408142Z       Successfully uninstalled httpx-0.26.0
2025-08-20T16:16:57.4879443Z   Attempting uninstall: python-telegram-bot
2025-08-20T16:16:57.4929412Z     Found existing installation: python-telegram-bot 20.8
2025-08-20T16:16:57.5090527Z     Uninstalling python-telegram-bot-20.8:
2025-08-20T16:16:57.5114531Z       Successfully uninstalled python-telegram-bot-20.8
2025-08-20T16:16:57.9728971Z   Attempting uninstall: fastapi
2025-08-20T16:16:57.9774340Z     Found existing installation: fastapi 0.111.0
2025-08-20T16:16:57.9826882Z     Uninstalling fastapi-0.111.0:
2025-08-20T16:16:57.9839158Z       Successfully uninstalled fastapi-0.111.0
2025-08-20T16:16:58.0728855Z   Attempting uninstall: celery
2025-08-20T16:16:58.0776744Z     Found existing installation: celery 5.4.0
2025-08-20T16:16:58.0926868Z     Uninstalling celery-5.4.0:
2025-08-20T16:16:58.0954733Z       Successfully uninstalled celery-5.4.0
2025-08-20T16:16:58.5090757Z 
2025-08-20T16:16:58.5215119Z Successfully installed Deprecated-1.2.18 Jinja2-3.1.6 asyncpg-0.30.0 black-25.1.0 celery-5.5.3 coverage-7.10.4 databind-4.5.2 databind.core-4.5.2 databind.json-4.5.2 docker-7.1.0 docspec-2.2.1 docspec-python-2.2.2 docstring-parser-0.11 fastapi-0.116.1 fastapi-cloud-cli-0.1.5 httpx-0.28.1 imapclient-3.0.1 iniconfig-2.1.0 itsdangerous-2.2.0 mirakuru-2.6.1 mypy-1.17.1 nr-date-2.1.0 nr-stream-1.1.5 nr-util-0.8.12 pathspec-0.12.1 platformdirs-4.3.8 pluggy-1.6.0 port-for-0.7.4 psutil-7.0.0 pydantic-extra-types-2.10.5 pydoc-markdown-4.8.2 pytest-8.4.1 pytest-asyncio-0.23.6 pytest-cov-6.2.1 pytest-postgresql-7.0.2 python-telegram-bot-22.3 redis-6.4.0 requests-2.32.4 respx-0.22.0 rignore-0.6.4 ruff-0.4.4 sentry-sdk-2.35.0 setuptools-80.9.0 sqlalchemy-2.0.43 starlette-0.47.2 testcontainers-4.10.0 tomli-2.2.1 tomli_w-1.2.0 typeapi-2.2.4 types-requests-2.32.4.20250809 watchdog-6.0.0 yapf-0.43.0
2025-08-20T16:16:59.3140478Z Requirement already satisfied: asyncpg in /opt/hostedtoolcache/Python/3.12.11/x64/lib/python3.12/site-packages (0.30.0)
2025-08-20T16:16:59.9563766Z Requirement already satisfied: pytest in /opt/hostedtoolcache/Python/3.12.11/x64/lib/python3.12/site-packages (8.4.1)
2025-08-20T16:16:59.9580044Z Requirement already satisfied: iniconfig>=1 in /opt/hostedtoolcache/Python/3.12.11/x64/lib/python3.12/site-packages (from pytest) (2.1.0)
2025-08-20T16:16:59.9586664Z Requirement already satisfied: packaging>=20 in /opt/hostedtoolcache/Python/3.12.11/x64/lib/python3.12/site-packages (from pytest) (25.0)
2025-08-20T16:16:59.9592270Z Requirement already satisfied: pluggy<2,>=1.5 in /opt/hostedtoolcache/Python/3.12.11/x64/lib/python3.12/site-packages (from pytest) (1.6.0)
2025-08-20T16:16:59.9597604Z Requirement already satisfied: pygments>=2.7.2 in /opt/hostedtoolcache/Python/3.12.11/x64/lib/python3.12/site-packages (from pytest) (2.19.2)
2025-08-20T16:17:00.6416903Z Collecting keepa==1.3.15
2025-08-20T16:17:00.6431589Z   Using cached keepa-1.3.15-py3-none-any.whl.metadata (11 kB)
2025-08-20T16:17:00.6471259Z Requirement already satisfied: minio==7.1.15 in /opt/hostedtoolcache/Python/3.12.11/x64/lib/python3.12/site-packages (7.1.15)
2025-08-20T16:17:00.6480058Z Requirement already satisfied: numpy>=1.9.3 in /opt/hostedtoolcache/Python/3.12.11/x64/lib/python3.12/site-packages (from keepa==1.3.15) (1.26.4)
2025-08-20T16:17:00.6485146Z Requirement already satisfied: requests>=2.2 in /opt/hostedtoolcache/Python/3.12.11/x64/lib/python3.12/site-packages (from keepa==1.3.15) (2.32.4)
2025-08-20T16:17:00.6488705Z Requirement already satisfied: tqdm in /opt/hostedtoolcache/Python/3.12.11/x64/lib/python3.12/site-packages (from keepa==1.3.15) (4.67.1)
2025-08-20T16:17:00.6492014Z Requirement already satisfied: aiohttp in /opt/hostedtoolcache/Python/3.12.11/x64/lib/python3.12/site-packages (from keepa==1.3.15) (3.12.15)
2025-08-20T16:17:00.6496906Z Requirement already satisfied: pandas<=3.0 in /opt/hostedtoolcache/Python/3.12.11/x64/lib/python3.12/site-packages (from keepa==1.3.15) (2.2.3)
2025-08-20T16:17:00.6500275Z Requirement already satisfied: pydantic in /opt/hostedtoolcache/Python/3.12.11/x64/lib/python3.12/site-packages (from keepa==1.3.15) (2.11.7)
2025-08-20T16:17:00.6510658Z Requirement already satisfied: certifi in /opt/hostedtoolcache/Python/3.12.11/x64/lib/python3.12/site-packages (from minio==7.1.15) (2025.8.3)
2025-08-20T16:17:00.6514543Z Requirement already satisfied: urllib3 in /opt/hostedtoolcache/Python/3.12.11/x64/lib/python3.12/site-packages (from minio==7.1.15) (2.5.0)
2025-08-20T16:17:00.6571246Z Requirement already satisfied: python-dateutil>=2.8.2 in /opt/hostedtoolcache/Python/3.12.11/x64/lib/python3.12/site-packages (from pandas<=3.0->keepa==1.3.15) (2.9.0.post0)
2025-08-20T16:17:00.6576148Z Requirement already satisfied: pytz>=2020.1 in /opt/hostedtoolcache/Python/3.12.11/x64/lib/python3.12/site-packages (from pandas<=3.0->keepa==1.3.15) (2025.2)
2025-08-20T16:17:00.6581248Z Requirement already satisfied: tzdata>=2022.7 in /opt/hostedtoolcache/Python/3.12.11/x64/lib/python3.12/site-packages (from pandas<=3.0->keepa==1.3.15) (2025.2)
2025-08-20T16:17:00.6720365Z Requirement already satisfied: six>=1.5 in /opt/hostedtoolcache/Python/3.12.11/x64/lib/python3.12/site-packages (from python-dateutil>=2.8.2->pandas<=3.0->keepa==1.3.15) (1.17.0)
2025-08-20T16:17:00.6739993Z Requirement already satisfied: charset_normalizer<4,>=2 in /opt/hostedtoolcache/Python/3.12.11/x64/lib/python3.12/site-packages (from requests>=2.2->keepa==1.3.15) (3.4.3)
2025-08-20T16:17:00.6745334Z Requirement already satisfied: idna<4,>=2.5 in /opt/hostedtoolcache/Python/3.12.11/x64/lib/python3.12/site-packages (from requests>=2.2->keepa==1.3.15) (3.10)
2025-08-20T16:17:00.6815493Z Requirement already satisfied: aiohappyeyeballs>=2.5.0 in /opt/hostedtoolcache/Python/3.12.11/x64/lib/python3.12/site-packages (from aiohttp->keepa==1.3.15) (2.6.1)
2025-08-20T16:17:00.6820368Z Requirement already satisfied: aiosignal>=1.4.0 in /opt/hostedtoolcache/Python/3.12.11/x64/lib/python3.12/site-packages (from aiohttp->keepa==1.3.15) (1.4.0)
2025-08-20T16:17:00.6827220Z Requirement already satisfied: attrs>=17.3.0 in /opt/hostedtoolcache/Python/3.12.11/x64/lib/python3.12/site-packages (from aiohttp->keepa==1.3.15) (25.3.0)
2025-08-20T16:17:00.6832116Z Requirement already satisfied: frozenlist>=1.1.1 in /opt/hostedtoolcache/Python/3.12.11/x64/lib/python3.12/site-packages (from aiohttp->keepa==1.3.15) (1.7.0)
2025-08-20T16:17:00.6837906Z Requirement already satisfied: multidict<7.0,>=4.5 in /opt/hostedtoolcache/Python/3.12.11/x64/lib/python3.12/site-packages (from aiohttp->keepa==1.3.15) (6.6.4)
2025-08-20T16:17:00.6843178Z Requirement already satisfied: propcache>=0.2.0 in /opt/hostedtoolcache/Python/3.12.11/x64/lib/python3.12/site-packages (from aiohttp->keepa==1.3.15) (0.3.2)
2025-08-20T16:17:00.6848618Z Requirement already satisfied: yarl<2.0,>=1.17.0 in /opt/hostedtoolcache/Python/3.12.11/x64/lib/python3.12/site-packages (from aiohttp->keepa==1.3.15) (1.20.1)
2025-08-20T16:17:00.6908578Z Requirement already satisfied: typing-extensions>=4.2 in /opt/hostedtoolcache/Python/3.12.11/x64/lib/python3.12/site-packages (from aiosignal>=1.4.0->aiohttp->keepa==1.3.15) (4.14.1)
2025-08-20T16:17:00.7006992Z Requirement already satisfied: annotated-types>=0.6.0 in /opt/hostedtoolcache/Python/3.12.11/x64/lib/python3.12/site-packages (from pydantic->keepa==1.3.15) (0.7.0)
2025-08-20T16:17:00.7012111Z Requirement already satisfied: pydantic-core==2.33.2 in /opt/hostedtoolcache/Python/3.12.11/x64/lib/python3.12/site-packages (from pydantic->keepa==1.3.15) (2.33.2)
2025-08-20T16:17:00.7019666Z Requirement already satisfied: typing-inspection>=0.4.0 in /opt/hostedtoolcache/Python/3.12.11/x64/lib/python3.12/site-packages (from pydantic->keepa==1.3.15) (0.4.1)
2025-08-20T16:17:00.7101203Z Using cached keepa-1.3.15-py3-none-any.whl (38 kB)
2025-08-20T16:17:00.8799394Z Installing collected packages: keepa
2025-08-20T16:17:00.8800071Z   Attempting uninstall: keepa
2025-08-20T16:17:00.8834478Z     Found existing installation: keepa 1.3.14
2025-08-20T16:17:00.8857002Z     Uninstalling keepa-1.3.14:
2025-08-20T16:17:00.8865198Z       Successfully uninstalled keepa-1.3.14
2025-08-20T16:17:00.9280714Z Successfully installed keepa-1.3.15
2025-08-20T16:17:00.9998477Z ##[group]Run actions/setup-node@v4
2025-08-20T16:17:00.9998766Z with:
2025-08-20T16:17:00.9998956Z   node-version: 20.19.0
2025-08-20T16:17:00.9999167Z   always-auth: false
2025-08-20T16:17:00.9999372Z   check-latest: false
2025-08-20T16:17:00.9999665Z   token: ***
2025-08-20T16:17:00.9999842Z env:
2025-08-20T16:17:01.0000042Z   REDIS_URL: redis://localhost:6379/0
2025-08-20T16:17:01.0000315Z   RATE_LIMIT_DEFAULT: 100/minute
2025-08-20T16:17:01.0000569Z   TRUST_X_FORWARDED: 1
2025-08-20T16:17:01.0000775Z   PG_USER: postgres
2025-08-20T16:17:01.0000977Z   PG_PASSWORD: pass
2025-08-20T16:17:01.0001167Z   PG_DATABASE: awa
2025-08-20T16:17:01.0001371Z   PG_HOST: localhost
2025-08-20T16:17:01.0001561Z   PG_PORT: 5432
2025-08-20T16:17:01.0001924Z   PG_SYNC_DSN: ***localhost:5432/awa
2025-08-20T16:17:01.0002333Z   PG_ASYNC_DSN: ***localhost:5432/awa
2025-08-20T16:17:01.0002717Z   DATABASE_URL: ***localhost:5432/awa
2025-08-20T16:17:01.0002958Z   DATA_DIR: /tmp/awa-data
2025-08-20T16:17:01.0003185Z   ENABLE_LIVE: 0
2025-08-20T16:17:01.0003368Z   TESTING: 1
2025-08-20T16:17:01.0003607Z   pythonLocation: /opt/hostedtoolcache/Python/3.12.11/x64
2025-08-20T16:17:01.0004009Z   PKG_CONFIG_PATH: /opt/hostedtoolcache/Python/3.12.11/x64/lib/pkgconfig
2025-08-20T16:17:01.0004402Z   Python_ROOT_DIR: /opt/hostedtoolcache/Python/3.12.11/x64
2025-08-20T16:17:01.0004756Z   Python2_ROOT_DIR: /opt/hostedtoolcache/Python/3.12.11/x64
2025-08-20T16:17:01.0005106Z   Python3_ROOT_DIR: /opt/hostedtoolcache/Python/3.12.11/x64
2025-08-20T16:17:01.0005457Z   LD_LIBRARY_PATH: /opt/hostedtoolcache/Python/3.12.11/x64/lib
2025-08-20T16:17:01.0005751Z ##[endgroup]
2025-08-20T16:17:01.1893619Z Attempting to download 20.19.0...
2025-08-20T16:17:01.9681931Z Acquiring 20.19.0 - x64 from https://github.com/actions/node-versions/releases/download/20.19.0-13838090974/node-20.19.0-linux-x64.tar.gz
2025-08-20T16:17:02.4957181Z Extracting ...
2025-08-20T16:17:02.5072136Z [command]/usr/bin/tar xz --strip 1 --warning=no-unknown-keyword --overwrite -C /home/runner/work/_temp/11b5d41c-b5cc-4065-8959-9bfe5cea5d8f -f /home/runner/work/_temp/2c0d2903-46f8-4be3-8dda-7a5f02106cab
2025-08-20T16:17:03.5136162Z Adding to the cache ...
2025-08-20T16:17:05.1610027Z ##[group]Environment details
2025-08-20T16:17:05.3832045Z node: v20.19.0
2025-08-20T16:17:05.3832432Z npm: 10.8.2
2025-08-20T16:17:05.3832730Z yarn: 1.22.22
2025-08-20T16:17:05.3833388Z ##[endgroup]
2025-08-20T16:17:05.3984632Z ##[group]Run npm ci
2025-08-20T16:17:05.3984884Z [36;1mnpm ci[0m
2025-08-20T16:17:05.4026234Z shell: /usr/bin/bash -e {0}
2025-08-20T16:17:05.4026705Z env:
2025-08-20T16:17:05.4026935Z   REDIS_URL: redis://localhost:6379/0
2025-08-20T16:17:05.4027243Z   RATE_LIMIT_DEFAULT: 100/minute
2025-08-20T16:17:05.4027496Z   TRUST_X_FORWARDED: 1
2025-08-20T16:17:05.4027716Z   PG_USER: postgres
2025-08-20T16:17:05.4027925Z   PG_PASSWORD: pass
2025-08-20T16:17:05.4028135Z   PG_DATABASE: awa
2025-08-20T16:17:05.4028342Z   PG_HOST: localhost
2025-08-20T16:17:05.4028555Z   PG_PORT: 5432
2025-08-20T16:17:05.4029115Z   PG_SYNC_DSN: ***localhost:5432/awa
2025-08-20T16:17:05.4029561Z   PG_ASYNC_DSN: ***localhost:5432/awa
2025-08-20T16:17:05.4030003Z   DATABASE_URL: ***localhost:5432/awa
2025-08-20T16:17:05.4030277Z   DATA_DIR: /tmp/awa-data
2025-08-20T16:17:05.4030512Z   ENABLE_LIVE: 0
2025-08-20T16:17:05.4030709Z   TESTING: 1
2025-08-20T16:17:05.4031011Z   pythonLocation: /opt/hostedtoolcache/Python/3.12.11/x64
2025-08-20T16:17:05.4031457Z   PKG_CONFIG_PATH: /opt/hostedtoolcache/Python/3.12.11/x64/lib/pkgconfig
2025-08-20T16:17:05.4031886Z   Python_ROOT_DIR: /opt/hostedtoolcache/Python/3.12.11/x64
2025-08-20T16:17:05.4032276Z   Python2_ROOT_DIR: /opt/hostedtoolcache/Python/3.12.11/x64
2025-08-20T16:17:05.4032677Z   Python3_ROOT_DIR: /opt/hostedtoolcache/Python/3.12.11/x64
2025-08-20T16:17:05.4033078Z   LD_LIBRARY_PATH: /opt/hostedtoolcache/Python/3.12.11/x64/lib
2025-08-20T16:17:05.4033409Z ##[endgroup]
2025-08-20T16:17:08.2757605Z npm warn deprecated node-domexception@1.0.0: Use your platform's native DOMException instead
2025-08-20T16:17:11.8261962Z 
2025-08-20T16:17:11.8262872Z added 432 packages, and audited 433 packages in 6s
2025-08-20T16:17:11.8266964Z 
2025-08-20T16:17:11.8267762Z 112 packages are looking for funding
2025-08-20T16:17:11.8268601Z   run `npm fund` for details
2025-08-20T16:17:11.8290192Z 
2025-08-20T16:17:11.8290659Z 2 vulnerabilities (1 low, 1 critical)
2025-08-20T16:17:11.8291444Z 
2025-08-20T16:17:11.8291869Z To address all issues, run:
2025-08-20T16:17:11.8292280Z   npm audit fix
2025-08-20T16:17:11.8292476Z 
2025-08-20T16:17:11.8292669Z Run `npm audit` for details.
2025-08-20T16:17:11.8587846Z ##[group]Run npm run build --if-present
2025-08-20T16:17:11.8588219Z [36;1mnpm run build --if-present[0m
2025-08-20T16:17:11.8634277Z shell: /usr/bin/bash -e {0}
2025-08-20T16:17:11.8634537Z env:
2025-08-20T16:17:11.8634761Z   REDIS_URL: redis://localhost:6379/0
2025-08-20T16:17:11.8635053Z   RATE_LIMIT_DEFAULT: 100/minute
2025-08-20T16:17:11.8635312Z   TRUST_X_FORWARDED: 1
2025-08-20T16:17:11.8635531Z   PG_USER: postgres
2025-08-20T16:17:11.8635748Z   PG_PASSWORD: pass
2025-08-20T16:17:11.8635952Z   PG_DATABASE: awa
2025-08-20T16:17:11.8636162Z   PG_HOST: localhost
2025-08-20T16:17:11.8636566Z   PG_PORT: 5432
2025-08-20T16:17:11.8637060Z   PG_SYNC_DSN: ***localhost:5432/awa
2025-08-20T16:17:11.8637571Z   PG_ASYNC_DSN: ***localhost:5432/awa
2025-08-20T16:17:11.8638020Z   DATABASE_URL: ***localhost:5432/awa
2025-08-20T16:17:11.8638313Z   DATA_DIR: /tmp/awa-data
2025-08-20T16:17:11.8638559Z   ENABLE_LIVE: 0
2025-08-20T16:17:11.8638769Z   TESTING: 1
2025-08-20T16:17:11.8639084Z   pythonLocation: /opt/hostedtoolcache/Python/3.12.11/x64
2025-08-20T16:17:11.8639782Z   PKG_CONFIG_PATH: /opt/hostedtoolcache/Python/3.12.11/x64/lib/pkgconfig
2025-08-20T16:17:11.8640249Z   Python_ROOT_DIR: /opt/hostedtoolcache/Python/3.12.11/x64
2025-08-20T16:17:11.8640672Z   Python2_ROOT_DIR: /opt/hostedtoolcache/Python/3.12.11/x64
2025-08-20T16:17:11.8641095Z   Python3_ROOT_DIR: /opt/hostedtoolcache/Python/3.12.11/x64
2025-08-20T16:17:11.8641518Z   LD_LIBRARY_PATH: /opt/hostedtoolcache/Python/3.12.11/x64/lib
2025-08-20T16:17:11.8641878Z ##[endgroup]
2025-08-20T16:17:11.9776555Z 
2025-08-20T16:17:11.9777318Z > web@0.0.0 build
2025-08-20T16:17:11.9778099Z > tsc -b && vite build
2025-08-20T16:17:11.9778399Z 
2025-08-20T16:17:14.9017765Z [36mvite v7.0.4 [32mbuilding for production...[36m[39m
2025-08-20T16:17:15.0881104Z transforming...
2025-08-20T16:17:18.2622169Z [32m✓[39m 687 modules transformed.
2025-08-20T16:17:18.6341936Z rendering chunks...
2025-08-20T16:17:18.6431280Z computing gzip size...
2025-08-20T16:17:18.6618960Z [2mdist/[22m[32mindex.html                 [39m[1m[2m  0.46 kB[22m[1m[22m[2m │ gzip:   0.30 kB[22m
2025-08-20T16:17:18.6619914Z [2mdist/[22m[2massets/[22m[35mindex-5IA1gRGW.css  [39m[1m[2m  0.84 kB[22m[1m[22m[2m │ gzip:   0.45 kB[22m
2025-08-20T16:17:18.6621077Z [2mdist/[22m[2massets/[22m[36mindex-CIqpArhq.js   [39m[1m[33m613.66 kB[39m[22m[2m │ gzip: 193.69 kB[22m
2025-08-20T16:17:18.6621641Z [33m
2025-08-20T16:17:18.6622048Z (!) Some chunks are larger than 500 kB after minification. Consider:
2025-08-20T16:17:18.6622542Z - Using dynamic import() to code-split the application
2025-08-20T16:17:18.6623389Z - Use build.rollupOptions.output.manualChunks to improve chunking: https://rollupjs.org/configuration-options/#output-manualchunks
2025-08-20T16:17:18.6624660Z - Adjust chunk size limit for this warning via build.chunkSizeWarningLimit.[39m
2025-08-20T16:17:18.6625179Z [32m✓ built in 3.74s[39m
2025-08-20T16:17:18.7115696Z ##[group]Run sudo apt-get update
2025-08-20T16:17:18.7116054Z [36;1msudo apt-get update[0m
2025-08-20T16:17:18.7116631Z [36;1msudo apt-get install -y postgresql[0m
2025-08-20T16:17:18.7117140Z [36;1mecho "/usr/lib/postgresql/$(pg_config --version | cut -d' ' -f2 | cut -d'.' -f1,2)/bin" >> $GITHUB_PATH[0m
2025-08-20T16:17:18.7158677Z shell: /usr/bin/bash -e {0}
2025-08-20T16:17:18.7158930Z env:
2025-08-20T16:17:18.7159158Z   REDIS_URL: redis://localhost:6379/0
2025-08-20T16:17:18.7159454Z   RATE_LIMIT_DEFAULT: 100/minute
2025-08-20T16:17:18.7159709Z   TRUST_X_FORWARDED: 1
2025-08-20T16:17:18.7159932Z   PG_USER: postgres
2025-08-20T16:17:18.7160149Z   PG_PASSWORD: pass
2025-08-20T16:17:18.7160354Z   PG_DATABASE: awa
2025-08-20T16:17:18.7160560Z   PG_HOST: localhost
2025-08-20T16:17:18.7160771Z   PG_PORT: 5432
2025-08-20T16:17:18.7161253Z   PG_SYNC_DSN: ***localhost:5432/awa
2025-08-20T16:17:18.7161830Z   PG_ASYNC_DSN: ***localhost:5432/awa
2025-08-20T16:17:18.7162329Z   DATABASE_URL: ***localhost:5432/awa
2025-08-20T16:17:18.7162614Z   DATA_DIR: /tmp/awa-data
2025-08-20T16:17:18.7162855Z   ENABLE_LIVE: 0
2025-08-20T16:17:18.7163055Z   TESTING: 1
2025-08-20T16:17:18.7163325Z   pythonLocation: /opt/hostedtoolcache/Python/3.12.11/x64
2025-08-20T16:17:18.7163776Z   PKG_CONFIG_PATH: /opt/hostedtoolcache/Python/3.12.11/x64/lib/pkgconfig
2025-08-20T16:17:18.7164213Z   Python_ROOT_DIR: /opt/hostedtoolcache/Python/3.12.11/x64
2025-08-20T16:17:18.7164607Z   Python2_ROOT_DIR: /opt/hostedtoolcache/Python/3.12.11/x64
2025-08-20T16:17:18.7165011Z   Python3_ROOT_DIR: /opt/hostedtoolcache/Python/3.12.11/x64
2025-08-20T16:17:18.7165412Z   LD_LIBRARY_PATH: /opt/hostedtoolcache/Python/3.12.11/x64/lib
2025-08-20T16:17:18.7165749Z ##[endgroup]
2025-08-20T16:17:18.7953057Z Get:1 file:/etc/apt/apt-mirrors.txt Mirrorlist [144 B]
2025-08-20T16:17:18.8287999Z Hit:2 http://azure.archive.ubuntu.com/ubuntu noble InRelease
2025-08-20T16:17:18.8289784Z Hit:6 https://packages.microsoft.com/repos/azure-cli noble InRelease
2025-08-20T16:17:18.8304811Z Get:7 https://packages.microsoft.com/ubuntu/24.04/prod noble InRelease [3600 B]
2025-08-20T16:17:18.8324238Z Get:3 http://azure.archive.ubuntu.com/ubuntu noble-updates InRelease [126 kB]
2025-08-20T16:17:18.8359663Z Get:4 http://azure.archive.ubuntu.com/ubuntu noble-backports InRelease [126 kB]
2025-08-20T16:17:18.8381225Z Get:5 http://azure.archive.ubuntu.com/ubuntu noble-security InRelease [126 kB]
2025-08-20T16:17:19.0193388Z Get:8 https://packages.microsoft.com/ubuntu/24.04/prod noble/main arm64 Packages [33.1 kB]
2025-08-20T16:17:19.0352628Z Get:9 https://packages.microsoft.com/ubuntu/24.04/prod noble/main amd64 Packages [47.9 kB]
2025-08-20T16:17:19.0738367Z Get:10 http://azure.archive.ubuntu.com/ubuntu noble-updates/main amd64 Packages [1349 kB]
2025-08-20T16:17:19.0847923Z Get:11 http://azure.archive.ubuntu.com/ubuntu noble-updates/main Translation-en [268 kB]
2025-08-20T16:17:19.0872980Z Get:12 http://azure.archive.ubuntu.com/ubuntu noble-updates/main amd64 Components [175 kB]
2025-08-20T16:17:19.0918367Z Get:13 http://azure.archive.ubuntu.com/ubuntu noble-updates/universe amd64 Packages [1124 kB]
2025-08-20T16:17:19.1015645Z Get:14 http://azure.archive.ubuntu.com/ubuntu noble-updates/universe Translation-en [288 kB]
2025-08-20T16:17:19.1024258Z Get:15 http://azure.archive.ubuntu.com/ubuntu noble-updates/universe amd64 Components [377 kB]
2025-08-20T16:17:19.1058086Z Get:16 http://azure.archive.ubuntu.com/ubuntu noble-updates/restricted amd64 Packages [1728 kB]
2025-08-20T16:17:19.1160471Z Get:17 http://azure.archive.ubuntu.com/ubuntu noble-updates/restricted Translation-en [382 kB]
2025-08-20T16:17:19.1188838Z Get:18 http://azure.archive.ubuntu.com/ubuntu noble-updates/restricted amd64 Components [212 B]
2025-08-20T16:17:19.1200338Z Get:19 http://azure.archive.ubuntu.com/ubuntu noble-updates/multiverse amd64 Components [940 B]
2025-08-20T16:17:19.1756142Z Get:20 http://azure.archive.ubuntu.com/ubuntu noble-backports/main amd64 Components [7060 B]
2025-08-20T16:17:19.1774827Z Get:21 http://azure.archive.ubuntu.com/ubuntu noble-backports/universe amd64 Packages [30.2 kB]
2025-08-20T16:17:19.1786185Z Get:22 http://azure.archive.ubuntu.com/ubuntu noble-backports/universe Translation-en [17.4 kB]
2025-08-20T16:17:19.1801738Z Get:23 http://azure.archive.ubuntu.com/ubuntu noble-backports/universe amd64 Components [19.2 kB]
2025-08-20T16:17:19.1848929Z Get:24 http://azure.archive.ubuntu.com/ubuntu noble-backports/restricted amd64 Components [216 B]
2025-08-20T16:17:19.1850385Z Get:25 http://azure.archive.ubuntu.com/ubuntu noble-backports/multiverse amd64 Components [212 B]
2025-08-20T16:17:19.1872725Z Get:26 http://azure.archive.ubuntu.com/ubuntu noble-security/main amd64 Packages [1081 kB]
2025-08-20T16:17:19.1944766Z Get:27 http://azure.archive.ubuntu.com/ubuntu noble-security/main Translation-en [187 kB]
2025-08-20T16:17:19.1963336Z Get:28 http://azure.archive.ubuntu.com/ubuntu noble-security/main amd64 Components [21.6 kB]
2025-08-20T16:17:19.1975000Z Get:29 http://azure.archive.ubuntu.com/ubuntu noble-security/universe amd64 Packages [881 kB]
2025-08-20T16:17:19.2042035Z Get:30 http://azure.archive.ubuntu.com/ubuntu noble-security/universe Translation-en [195 kB]
2025-08-20T16:17:19.2061203Z Get:31 http://azure.archive.ubuntu.com/ubuntu noble-security/universe amd64 Components [52.2 kB]
2025-08-20T16:17:19.2077472Z Get:32 http://azure.archive.ubuntu.com/ubuntu noble-security/restricted amd64 Packages [1625 kB]
2025-08-20T16:17:19.2177442Z Get:33 http://azure.archive.ubuntu.com/ubuntu noble-security/restricted Translation-en [359 kB]
2025-08-20T16:17:19.2634601Z Get:34 http://azure.archive.ubuntu.com/ubuntu noble-security/restricted amd64 Components [212 B]
2025-08-20T16:17:19.2643304Z Get:35 http://azure.archive.ubuntu.com/ubuntu noble-security/multiverse amd64 Components [208 B]
2025-08-20T16:17:23.6224736Z Fetched 10.6 MB in 1s (7818 kB/s)
2025-08-20T16:17:24.4250799Z Reading package lists...
2025-08-20T16:17:24.4584672Z Reading package lists...
2025-08-20T16:17:24.6658715Z Building dependency tree...
2025-08-20T16:17:24.6667172Z Reading state information...
2025-08-20T16:17:24.8869891Z Suggested packages:
2025-08-20T16:17:24.8870203Z   postgresql-doc
2025-08-20T16:17:24.9060495Z The following NEW packages will be installed:
2025-08-20T16:17:24.9061902Z   postgresql
2025-08-20T16:17:24.9243218Z 0 upgraded, 1 newly installed, 0 to remove and 46 not upgraded.
2025-08-20T16:17:24.9243941Z Need to get 11.6 kB of archives.
2025-08-20T16:17:24.9244492Z After this operation, 17.4 kB of additional disk space will be used.
2025-08-20T16:17:24.9244995Z Get:1 file:/etc/apt/apt-mirrors.txt Mirrorlist [144 B]
2025-08-20T16:17:25.0274807Z Get:2 http://azure.archive.ubuntu.com/ubuntu noble-updates/main amd64 postgresql all 16+257build1.1 [11.6 kB]
2025-08-20T16:17:25.3002836Z Fetched 11.6 kB in 0s (102 kB/s)
2025-08-20T16:17:25.3230330Z Selecting previously unselected package postgresql.
2025-08-20T16:17:25.3451190Z (Reading database ... 
2025-08-20T16:17:25.3451658Z (Reading database ... 5%
2025-08-20T16:17:25.3452014Z (Reading database ... 10%
2025-08-20T16:17:25.3452325Z (Reading database ... 15%
2025-08-20T16:17:25.3452630Z (Reading database ... 20%
2025-08-20T16:17:25.3452921Z (Reading database ... 25%
2025-08-20T16:17:25.3453209Z (Reading database ... 30%
2025-08-20T16:17:25.3453573Z (Reading database ... 35%
2025-08-20T16:17:25.3453901Z (Reading database ... 40%
2025-08-20T16:17:25.3454192Z (Reading database ... 45%
2025-08-20T16:17:25.3454490Z (Reading database ... 50%
2025-08-20T16:17:25.3652246Z (Reading database ... 55%
2025-08-20T16:17:25.3986053Z (Reading database ... 60%
2025-08-20T16:17:25.4235276Z (Reading database ... 65%
2025-08-20T16:17:25.4488853Z (Reading database ... 70%
2025-08-20T16:17:25.4753496Z (Reading database ... 75%
2025-08-20T16:17:25.5283566Z (Reading database ... 80%
2025-08-20T16:17:25.5835199Z (Reading database ... 85%
2025-08-20T16:17:25.6522887Z (Reading database ... 90%
2025-08-20T16:17:25.6922397Z (Reading database ... 95%
2025-08-20T16:17:25.6923389Z (Reading database ... 100%
2025-08-20T16:17:25.6924203Z (Reading database ... 219881 files and directories currently installed.)
2025-08-20T16:17:25.6971613Z Preparing to unpack .../postgresql_16+257build1.1_all.deb ...
2025-08-20T16:17:25.6994677Z Unpacking postgresql (16+257build1.1) ...
2025-08-20T16:17:25.7474757Z Setting up postgresql (16+257build1.1) ...
2025-08-20T16:17:26.3829055Z 
2025-08-20T16:17:26.3829685Z Running kernel seems to be up-to-date.
2025-08-20T16:17:26.3830035Z 
2025-08-20T16:17:26.3830206Z Restarting services...
2025-08-20T16:17:26.3903342Z 
2025-08-20T16:17:26.3903996Z Service restarts being deferred:
2025-08-20T16:17:26.3907635Z  systemctl restart hosted-compute-agent.service
2025-08-20T16:17:26.3908066Z 
2025-08-20T16:17:26.3908575Z No containers need to be restarted.
2025-08-20T16:17:26.3908904Z 
2025-08-20T16:17:26.3909225Z No user sessions are running outdated binaries.
2025-08-20T16:17:26.3910136Z 
2025-08-20T16:17:26.3910836Z No VM guests are running outdated hypervisor (qemu) binaries on this host.
2025-08-20T16:17:27.4832420Z ##[group]Run for i in {1..30}; do pg_isready -h localhost -p 5432 -U postgres -d awa && break; sleep 1; done
2025-08-20T16:17:27.4833104Z [36;1mfor i in {1..30}; do pg_isready -h localhost -p 5432 -U postgres -d awa && break; sleep 1; done[0m
2025-08-20T16:17:27.4874106Z shell: /usr/bin/bash -e {0}
2025-08-20T16:17:27.4874353Z env:
2025-08-20T16:17:27.4874575Z   REDIS_URL: redis://localhost:6379/0
2025-08-20T16:17:27.4874849Z   RATE_LIMIT_DEFAULT: 100/minute
2025-08-20T16:17:27.4875081Z   TRUST_X_FORWARDED: 1
2025-08-20T16:17:27.4875286Z   PG_USER: postgres
2025-08-20T16:17:27.4875478Z   PG_PASSWORD: pass
2025-08-20T16:17:27.4875671Z   PG_DATABASE: awa
2025-08-20T16:17:27.4875858Z   PG_HOST: localhost
2025-08-20T16:17:27.4876051Z   PG_PORT: 5432
2025-08-20T16:17:27.4876675Z   PG_SYNC_DSN: ***localhost:5432/awa
2025-08-20T16:17:27.4877080Z   PG_ASYNC_DSN: ***localhost:5432/awa
2025-08-20T16:17:27.4877567Z   DATABASE_URL: ***localhost:5432/awa
2025-08-20T16:17:27.4878041Z   DATA_DIR: /tmp/awa-data
2025-08-20T16:17:27.4878407Z   ENABLE_LIVE: 0
2025-08-20T16:17:27.4879046Z   TESTING: 1
2025-08-20T16:17:27.4879476Z   pythonLocation: /opt/hostedtoolcache/Python/3.12.11/x64
2025-08-20T16:17:27.4880184Z   PKG_CONFIG_PATH: /opt/hostedtoolcache/Python/3.12.11/x64/lib/pkgconfig
2025-08-20T16:17:27.4880903Z   Python_ROOT_DIR: /opt/hostedtoolcache/Python/3.12.11/x64
2025-08-20T16:17:27.4881574Z   Python2_ROOT_DIR: /opt/hostedtoolcache/Python/3.12.11/x64
2025-08-20T16:17:27.4882231Z   Python3_ROOT_DIR: /opt/hostedtoolcache/Python/3.12.11/x64
2025-08-20T16:17:27.4882893Z   LD_LIBRARY_PATH: /opt/hostedtoolcache/Python/3.12.11/x64/lib
2025-08-20T16:17:27.4883434Z ##[endgroup]
2025-08-20T16:17:27.5411115Z localhost:5432 - accepting connections
2025-08-20T16:17:27.5448018Z ##[group]Run alembic -c services/api/alembic.ini upgrade head
2025-08-20T16:17:27.5448526Z [36;1malembic -c services/api/alembic.ini upgrade head[0m
2025-08-20T16:17:27.5489749Z shell: /usr/bin/bash -e {0}
2025-08-20T16:17:27.5490000Z env:
2025-08-20T16:17:27.5490216Z   REDIS_URL: redis://localhost:6379/0
2025-08-20T16:17:27.5490528Z   RATE_LIMIT_DEFAULT: 100/minute
2025-08-20T16:17:27.5490788Z   TRUST_X_FORWARDED: 1
2025-08-20T16:17:27.5491010Z   PG_USER: postgres
2025-08-20T16:17:27.5491221Z   PG_PASSWORD: pass
2025-08-20T16:17:27.5491426Z   PG_DATABASE: awa
2025-08-20T16:17:27.5491624Z   PG_HOST: localhost
2025-08-20T16:17:27.5491835Z   PG_PORT: 5432
2025-08-20T16:17:27.5492292Z   PG_SYNC_DSN: ***localhost:5432/awa
2025-08-20T16:17:27.5492740Z   PG_ASYNC_DSN: ***localhost:5432/awa
2025-08-20T16:17:27.5493166Z   DATABASE_URL: ***localhost:5432/awa
2025-08-20T16:17:27.5493438Z   DATA_DIR: /tmp/awa-data
2025-08-20T16:17:27.5493668Z   ENABLE_LIVE: 0
2025-08-20T16:17:27.5493897Z   TESTING: 1
2025-08-20T16:17:27.5494157Z   pythonLocation: /opt/hostedtoolcache/Python/3.12.11/x64
2025-08-20T16:17:27.5494612Z   PKG_CONFIG_PATH: /opt/hostedtoolcache/Python/3.12.11/x64/lib/pkgconfig
2025-08-20T16:17:27.5495058Z   Python_ROOT_DIR: /opt/hostedtoolcache/Python/3.12.11/x64
2025-08-20T16:17:27.5495455Z   Python2_ROOT_DIR: /opt/hostedtoolcache/Python/3.12.11/x64
2025-08-20T16:17:27.5495865Z   Python3_ROOT_DIR: /opt/hostedtoolcache/Python/3.12.11/x64
2025-08-20T16:17:27.5496266Z   LD_LIBRARY_PATH: /opt/hostedtoolcache/Python/3.12.11/x64/lib
2025-08-20T16:17:27.5496832Z   POSTGRES_USER: postgres
2025-08-20T16:17:27.5497079Z   POSTGRES_PASSWORD: pass
2025-08-20T16:17:27.5497306Z   POSTGRES_DB: awa
2025-08-20T16:17:27.5497512Z ##[endgroup]
2025-08-20T16:17:28.2088975Z INFO  [alembic.runtime.migration] Context impl PostgresqlImpl.
2025-08-20T16:17:28.2089709Z INFO  [alembic.runtime.migration] Will assume transactional DDL.
2025-08-20T16:17:28.2273904Z INFO  [alembic.runtime.migration] Running upgrade  -> 0001_baseline
2025-08-20T16:17:28.2426275Z INFO  [alembic.runtime.migration] Running upgrade 0001_baseline -> 0002_create_roi_view
2025-08-20T16:17:28.2455065Z INFO  [alembic.runtime.migration] Running upgrade 0002_create_roi_view -> 3e9d5c5aff2c
2025-08-20T16:17:28.2644493Z INFO  [alembic.runtime.migration] Running upgrade 3e9d5c5aff2c -> 0003_vendor_prices
2025-08-20T16:17:28.2846154Z INFO  [alembic.runtime.migration] Running upgrade 0003_vendor_prices -> 0004_fee_cron
2025-08-20T16:17:28.2919508Z INFO  [alembic.runtime.migration] Running upgrade 0004_fee_cron -> 0006_fix_roi_views
2025-08-20T16:17:28.2951655Z INFO  [alembic.runtime.migration] Running upgrade 0006_fix_roi_views -> 0020_unified_schema
2025-08-20T16:17:28.3062902Z INFO  [alembic.runtime.migration] Running upgrade 0020_unified_schema -> 0022_fix_roi_view
2025-08-20T16:17:28.3132238Z INFO  [alembic.runtime.migration] Running upgrade 0022_fix_roi_view -> 0023_add_storage_fee
2025-08-20T16:17:28.3171163Z INFO  [alembic.runtime.migration] Running upgrade 0023_add_storage_fee -> 0024_create_buybox
2025-08-20T16:17:28.3193363Z INFO  [alembic.runtime.migration] Running upgrade 0024_create_buybox -> 0025_pr4_indexes_loadlog
2025-08-20T16:17:28.3411577Z INFO  [alembic.runtime.migration] Running upgrade 0025_pr4_indexes_loadlog -> 0026_amazon_new_reports
2025-08-20T16:17:28.4541403Z ##[group]Run pytest -q --cov=services --cov-report=xml
2025-08-20T16:17:28.4542377Z [36;1mpytest -q --cov=services --cov-report=xml[0m
2025-08-20T16:17:28.4589483Z shell: /usr/bin/bash -e {0}
2025-08-20T16:17:28.4589733Z env:
2025-08-20T16:17:28.4589954Z   REDIS_URL: redis://localhost:6379/0
2025-08-20T16:17:28.4590235Z   RATE_LIMIT_DEFAULT: 100/minute
2025-08-20T16:17:28.4590475Z   TRUST_X_FORWARDED: 1
2025-08-20T16:17:28.4590680Z   PG_USER: postgres
2025-08-20T16:17:28.4590881Z   PG_PASSWORD: pass
2025-08-20T16:17:28.4591074Z   PG_DATABASE: awa
2025-08-20T16:17:28.4591266Z   PG_HOST: localhost
2025-08-20T16:17:28.4591463Z   PG_PORT: 5432
2025-08-20T16:17:28.4591897Z   PG_SYNC_DSN: ***localhost:5432/awa
2025-08-20T16:17:28.4592318Z   PG_ASYNC_DSN: ***localhost:5432/awa
2025-08-20T16:17:28.4592708Z   DATABASE_URL: ***localhost:5432/awa
2025-08-20T16:17:28.4592979Z   DATA_DIR: /home/runner/work/_temp/awa-data
2025-08-20T16:17:28.4593239Z   ENABLE_LIVE: 0
2025-08-20T16:17:28.4593456Z   TESTING: 1
2025-08-20T16:17:28.4593710Z   pythonLocation: /opt/hostedtoolcache/Python/3.12.11/x64
2025-08-20T16:17:28.4594120Z   PKG_CONFIG_PATH: /opt/hostedtoolcache/Python/3.12.11/x64/lib/pkgconfig
2025-08-20T16:17:28.4594522Z   Python_ROOT_DIR: /opt/hostedtoolcache/Python/3.12.11/x64
2025-08-20T16:17:28.4594878Z   Python2_ROOT_DIR: /opt/hostedtoolcache/Python/3.12.11/x64
2025-08-20T16:17:28.4595236Z   Python3_ROOT_DIR: /opt/hostedtoolcache/Python/3.12.11/x64
2025-08-20T16:17:28.4595593Z   LD_LIBRARY_PATH: /opt/hostedtoolcache/Python/3.12.11/x64/lib
2025-08-20T16:17:28.4595902Z   POSTGRES_USER: postgres
2025-08-20T16:17:28.4596123Z   POSTGRES_PASSWORD: pass
2025-08-20T16:17:28.4596506Z   POSTGRES_DB: awa
2025-08-20T16:17:28.4596707Z   LLM_PROVIDER: lan
2025-08-20T16:17:28.4596923Z   LLM_BASE_URL: http://localhost:8000
2025-08-20T16:17:28.4597171Z ##[endgroup]
2025-08-20T16:18:01.4401891Z ........s.............................sssssss...............FF.......... [ 41%]
2025-08-20T16:18:33.4855101Z ........................................................................ [ 83%]
2025-08-20T16:18:34.3170928Z .............................                                            [100%]
2025-08-20T16:18:34.3171888Z =================================== FAILURES ===================================
2025-08-20T16:18:34.3172691Z __________________________ test_build_url_from_parts ___________________________
2025-08-20T16:18:34.3173115Z 
2025-08-20T16:18:34.3173584Z monkeypatch = <_pytest.monkeypatch.MonkeyPatch object at 0x7f3d2189f500>
2025-08-20T16:18:34.3174052Z 
2025-08-20T16:18:34.3174276Z     def test_build_url_from_parts(monkeypatch):
2025-08-20T16:18:34.3174851Z         monkeypatch.delenv("DATABASE_URL", raising=False)
2025-08-20T16:18:34.3175375Z         monkeypatch.setenv("PG_USER", "u")
2025-08-20T16:18:34.3175873Z         monkeypatch.setenv("PG_PASSWORD", "p")
2025-08-20T16:18:34.3176599Z         monkeypatch.setenv("PG_HOST", "h")
2025-08-20T16:18:34.3177143Z         monkeypatch.setenv("PG_PORT", "1")
2025-08-20T16:18:34.3177649Z         monkeypatch.setenv("PG_DATABASE", "d")
2025-08-20T16:18:34.3178545Z >       assert build_url() == "***h:1/d"
2025-08-20T16:18:34.3179449Z E       AssertionError: assert 'postgresql+a...host:5432/awa' == '***h:1/d'
2025-08-20T16:18:34.3179973Z E         
2025-08-20T16:18:34.3180468Z E         - ***h:1/d
2025-08-20T16:18:34.3181096Z E         + ***localhost:5432/awa
2025-08-20T16:18:34.3181332Z 
2025-08-20T16:18:34.3181569Z tests/test_db_url.py:11: AssertionError
2025-08-20T16:18:34.3182222Z _____________________ test_build_url_toggles_database_url ______________________
2025-08-20T16:18:34.3182616Z 
2025-08-20T16:18:34.3183049Z monkeypatch = <_pytest.monkeypatch.MonkeyPatch object at 0x7f3d21b77470>
2025-08-20T16:18:34.3183475Z 
2025-08-20T16:18:34.3183728Z     def test_build_url_toggles_database_url(monkeypatch):
2025-08-20T16:18:34.3184441Z         monkeypatch.setenv("DATABASE_URL", "***h:1/d")
2025-08-20T16:18:34.3187755Z >       assert build_url() == "***h:1/d"
2025-08-20T16:18:34.3189205Z E       AssertionError: assert 'postgresql+a...host:5432/awa' == '***h:1/d'
2025-08-20T16:18:34.3190038Z E         
2025-08-20T16:18:34.3190522Z E         - ***h:1/d
2025-08-20T16:18:34.3191176Z E         + ***localhost:5432/awa
2025-08-20T16:18:34.3191410Z 
2025-08-20T16:18:34.3191649Z tests/test_db_url.py:17: AssertionError
2025-08-20T16:18:34.3192244Z =============================== warnings summary ===============================
2025-08-20T16:18:34.3193179Z ../../../../../opt/hostedtoolcache/Python/3.12.11/x64/lib/python3.12/site-packages/pydantic/fields.py:1093
2025-08-20T16:18:34.3195853Z   /opt/hostedtoolcache/Python/3.12.11/x64/lib/python3.12/site-packages/pydantic/fields.py:1093: PydanticDeprecatedSince20: Using extra keyword arguments on `Field` is deprecated and will be removed. Use `json_schema_extra` instead. (Extra keys: 'strip_whitespace'). Deprecated in Pydantic V2.0 to be removed in V3.0. See Pydantic V2 Migration Guide at https://errors.pydantic.dev/2.11/migration/
2025-08-20T16:18:34.3198224Z     warn(
2025-08-20T16:18:34.3198405Z 
2025-08-20T16:18:34.3198648Z services/alert_bot/tests/test_smoke.py:5
2025-08-20T16:18:34.3200676Z   /home/runner/work/AWA-App/AWA-App/services/alert_bot/tests/test_smoke.py:5: UserWarning: pkg_resources is deprecated as an API. See https://setuptools.pypa.io/en/latest/pkg_resources.html. The pkg_resources package is slated for removal as early as 2025-11-30. Refrain from using this package or pin to Setuptools<81.
2025-08-20T16:18:34.3202558Z     import pkg_resources  # noqa: F401
2025-08-20T16:18:34.3202844Z 
2025-08-20T16:18:34.3203124Z tests/api/test_ingest_endpoints.py: 12 warnings
2025-08-20T16:18:34.3203752Z tests/ingest/test_tasks_eager.py: 3 warnings
2025-08-20T16:18:34.3204247Z tests/test_api_fast.py: 1 warning
2025-08-20T16:18:34.3204694Z tests/test_health.py: 5 warnings
2025-08-20T16:18:34.3205143Z tests/test_smoke.py: 5 warnings
2025-08-20T16:18:34.3205623Z services/api/tests/test_cors.py: 1 warning
2025-08-20T16:18:34.3206205Z services/api/tests/test_errors_json.py: 2 warnings
2025-08-20T16:18:34.3207089Z services/api/tests/test_health.py: 1 warning
2025-08-20T16:18:34.3207652Z services/api/tests/test_rate_limit.py: 122 warnings
2025-08-20T16:18:34.3208277Z services/api/tests/test_roi_basic_auth.py: 4 warnings
2025-08-20T16:18:34.3208865Z services/api/tests/test_sentry_event.py: 1 warning
2025-08-20T16:18:34.3209460Z services/api/tests/test_stats_contracts.py: 3 warnings
2025-08-20T16:18:34.3210200Z services/api/tests/test_stats_future_contracts.py: 3 warnings
2025-08-20T16:18:34.3212698Z   /opt/hostedtoolcache/Python/3.12.11/x64/lib/python3.12/site-packages/asgi_correlation_id/extensions/sentry.py:27: DeprecationWarning: sentry_sdk.configure_scope is deprecated and will be removed in the next major version. Please consult our migration guide to learn how to migrate to the new API: https://docs.sentry.io/platforms/python/migration/1.x-to-2.x#scope-configuring
2025-08-20T16:18:34.3214789Z     with configure_scope() as scope:
2025-08-20T16:18:34.3215063Z 
2025-08-20T16:18:34.3215339Z tests/api/test_ingest_endpoints.py: 3 warnings
2025-08-20T16:18:34.3215820Z tests/test_api_fast.py: 1 warning
2025-08-20T16:18:34.3216257Z tests/test_health.py: 5 warnings
2025-08-20T16:18:34.3216952Z tests/test_smoke.py: 5 warnings
2025-08-20T16:18:34.3217424Z services/api/tests/test_cors.py: 3 warnings
2025-08-20T16:18:34.3217987Z services/api/tests/test_errors_json.py: 2 warnings
2025-08-20T16:18:34.3218528Z services/api/tests/test_health.py: 1 warning
2025-08-20T16:18:34.3219091Z services/api/tests/test_rate_limit.py: 2 warnings
2025-08-20T16:18:34.3219655Z services/api/tests/test_sentry_event.py: 1 warning
2025-08-20T16:18:34.3220286Z services/api/tests/test_stats_contracts.py: 3 warnings
2025-08-20T16:18:34.3221004Z services/api/tests/test_stats_future_contracts.py: 1 warning
2025-08-20T16:18:34.3222819Z   /opt/hostedtoolcache/Python/3.12.11/x64/lib/python3.12/site-packages/fastapi_limiter/__init__.py:89: DeprecationWarning: Call to deprecated close. (Use aclose() instead) -- Deprecated since version 5.0.1.
2025-08-20T16:18:34.3224230Z     await cls.redis.close()
2025-08-20T16:18:34.3224453Z 
2025-08-20T16:18:34.3224737Z tests/test_api_fast.py::test_health_endpoint
2025-08-20T16:18:34.3226661Z   /home/runner/work/AWA-App/AWA-App/tests/test_api_fast.py:13: DeprecationWarning: datetime.datetime.utcnow() is deprecated and scheduled for removal in a future version. Use timezone-aware objects to represent datetimes in UTC: datetime.datetime.now(datetime.UTC).
2025-08-20T16:18:34.3228256Z     return datetime.datetime.utcnow()
2025-08-20T16:18:34.3228542Z 
2025-08-20T16:18:34.3228746Z tests/test_api_fast.py: 1 warning
2025-08-20T16:18:34.3229189Z tests/test_health.py: 5 warnings
2025-08-20T16:18:34.3229637Z tests/test_smoke.py: 5 warnings
2025-08-20T16:18:34.3230096Z services/api/tests/test_cors.py: 1 warning
2025-08-20T16:18:34.3230596Z services/api/tests/test_health.py: 1 warning
2025-08-20T16:18:34.3231145Z services/api/tests/test_rate_limit.py: 102 warnings
2025-08-20T16:18:34.3233000Z   /home/runner/work/AWA-App/AWA-App/services/api/routes/health.py:24: DeprecationWarning: datetime.datetime.utcnow() is deprecated and scheduled for removal in a future version. Use timezone-aware objects to represent datetimes in UTC: datetime.datetime.now(datetime.UTC).
2025-08-20T16:18:34.3234743Z     app_now = datetime.utcnow().replace(tzinfo=timezone.utc)
2025-08-20T16:18:34.3235089Z 
2025-08-20T16:18:34.3235314Z tests/test_health.py::test_health[0]
2025-08-20T16:18:34.3235797Z tests/test_health.py::test_health[1]
2025-08-20T16:18:34.3236245Z tests/test_health.py::test_health[2]
2025-08-20T16:18:34.3236942Z tests/test_health.py::test_health[3]
2025-08-20T16:18:34.3237393Z tests/test_health.py::test_health[4]
2025-08-20T16:18:34.3239123Z   /home/runner/work/AWA-App/AWA-App/tests/test_health.py:22: DeprecationWarning: datetime.datetime.utcnow() is deprecated and scheduled for removal in a future version. Use timezone-aware objects to represent datetimes in UTC: datetime.datetime.now(datetime.UTC).
2025-08-20T16:18:34.3240649Z     return datetime.datetime.utcnow()
2025-08-20T16:18:34.3240903Z 
2025-08-20T16:18:34.3241120Z tests/test_smoke.py::test_health[0]
2025-08-20T16:18:34.3241562Z tests/test_smoke.py::test_health[1]
2025-08-20T16:18:34.3242020Z tests/test_smoke.py::test_health[2]
2025-08-20T16:18:34.3242470Z tests/test_smoke.py::test_health[3]
2025-08-20T16:18:34.3242887Z tests/test_smoke.py::test_health[4]
2025-08-20T16:18:34.3244523Z   /home/runner/work/AWA-App/AWA-App/tests/test_smoke.py:32: DeprecationWarning: datetime.datetime.utcnow() is deprecated and scheduled for removal in a future version. Use timezone-aware objects to represent datetimes in UTC: datetime.datetime.now(datetime.UTC).
2025-08-20T16:18:34.3246015Z     return datetime.datetime.utcnow()
2025-08-20T16:18:34.3246421Z 
2025-08-20T16:18:34.3246788Z services/api/tests/test_cors.py::test_cors_simple_get_allowed
2025-08-20T16:18:34.3248688Z   /home/runner/work/AWA-App/AWA-App/services/api/tests/test_cors.py:27: DeprecationWarning: datetime.datetime.utcnow() is deprecated and scheduled for removal in a future version. Use timezone-aware objects to represent datetimes in UTC: datetime.datetime.now(datetime.UTC).
2025-08-20T16:18:34.3250330Z     return datetime.datetime.utcnow()
2025-08-20T16:18:34.3250587Z 
2025-08-20T16:18:34.3250884Z services/api/tests/test_health.py::test_health_route
2025-08-20T16:18:34.3252787Z   /home/runner/work/AWA-App/AWA-App/services/api/tests/test_health.py:14: DeprecationWarning: datetime.datetime.utcnow() is deprecated and scheduled for removal in a future version. Use timezone-aware objects to represent datetimes in UTC: datetime.datetime.now(datetime.UTC).
2025-08-20T16:18:34.3254458Z     return datetime.datetime.utcnow()
2025-08-20T16:18:34.3254726Z 
2025-08-20T16:18:34.3255006Z services/api/tests/test_rate_limit.py: 102 warnings
2025-08-20T16:18:34.3257298Z   /home/runner/work/AWA-App/AWA-App/services/api/tests/test_rate_limit.py:33: DeprecationWarning: datetime.datetime.utcnow() is deprecated and scheduled for removal in a future version. Use timezone-aware objects to represent datetimes in UTC: datetime.datetime.now(datetime.UTC).
2025-08-20T16:18:34.3259171Z     return datetime.datetime.utcnow()
2025-08-20T16:18:34.3259426Z 
2025-08-20T16:18:34.3259948Z services/api/tests/test_sentry_event.py::test_unhandled_exception_is_captured_and_tagged
2025-08-20T16:18:34.3262362Z   /home/runner/work/AWA-App/AWA-App/services/api/tests/test_sentry_event.py:47: SentryHubDeprecationWarning: `sentry_sdk.Hub` is deprecated and will be removed in a future major release. Please consult our 1.x to 2.x migration guide for details on how to migrate `Hub` usage to the new API: https://docs.sentry.io/platforms/python/migration/1.x-to-2.x
2025-08-20T16:18:34.3264273Z     hub = sentry_sdk.Hub.current
2025-08-20T16:18:34.3264513Z 
2025-08-20T16:18:34.3264942Z -- Docs: https://docs.pytest.org/en/stable/how-to/capture-warnings.html
2025-08-20T16:18:34.3265682Z ================================ tests coverage ================================
2025-08-20T16:18:34.3266593Z _______________ coverage: platform linux, python 3.12.11-final-0 _______________
2025-08-20T16:18:34.3267014Z 
2025-08-20T16:18:34.3267255Z Coverage XML written to file coverage.xml
2025-08-20T16:18:34.3267863Z =========================== short test summary info ============================
2025-08-20T16:18:34.3269207Z FAILED tests/test_db_url.py::test_build_url_from_parts - AssertionError: assert 'postgresql+a...host:5432/awa' == '***h:1/d'
2025-08-20T16:18:34.3269972Z   
2025-08-20T16:18:34.3270391Z   - ***h:1/d
2025-08-20T16:18:34.9354447Z   + ***localhost:5432/awa
2025-08-20T16:18:34.9356231Z FAILED tests/test_db_url.py::test_build_url_toggles_database_url - AssertionError: assert 'postgresql+a...host:5432/awa' == '***h:1/d'
2025-08-20T16:18:34.9357546Z   
2025-08-20T16:18:34.9358035Z   - ***h:1/d
2025-08-20T16:18:34.9358657Z   + ***localhost:5432/awa
2025-08-20T16:18:34.9359305Z Sentry is attempting to send 0 pending events
2025-08-20T16:18:34.9359869Z Waiting up to True seconds
2025-08-20T16:18:34.9360197Z Press Ctrl-C to quit
2025-08-20T16:18:35.5382533Z ##[error]Process completed with exit code 1.
2025-08-20T16:18:35.5437949Z ##[group]Run echo "::group::postgres container logs"
2025-08-20T16:18:35.5438330Z [36;1mecho "::group::postgres container logs"[0m
2025-08-20T16:18:35.5438791Z [36;1mdocker logs abe7b85163e12ca421282b894aaa01a9f395967b0872c7ef9d8fd39baa8513a7 --tail 200[0m
2025-08-20T16:18:35.5439238Z [36;1mecho "::endgroup::"[0m
2025-08-20T16:18:35.5480588Z shell: /usr/bin/bash -e {0}
2025-08-20T16:18:35.5480839Z env:
2025-08-20T16:18:35.5481053Z   REDIS_URL: redis://localhost:6379/0
2025-08-20T16:18:35.5481339Z   RATE_LIMIT_DEFAULT: 100/minute
2025-08-20T16:18:35.5481584Z   TRUST_X_FORWARDED: 1
2025-08-20T16:18:35.5481800Z   PG_USER: postgres
2025-08-20T16:18:35.5482002Z   PG_PASSWORD: pass
2025-08-20T16:18:35.5482207Z   PG_DATABASE: awa
2025-08-20T16:18:35.5482399Z   PG_HOST: localhost
2025-08-20T16:18:35.5482598Z   PG_PORT: 5432
2025-08-20T16:18:35.5483018Z   PG_SYNC_DSN: ***localhost:5432/awa
2025-08-20T16:18:35.5483456Z   PG_ASYNC_DSN: ***localhost:5432/awa
2025-08-20T16:18:35.5483927Z   DATABASE_URL: ***localhost:5432/awa
2025-08-20T16:18:35.5484182Z   DATA_DIR: /tmp/awa-data
2025-08-20T16:18:35.5484393Z   ENABLE_LIVE: 0
2025-08-20T16:18:35.5484586Z   TESTING: 1
2025-08-20T16:18:35.5484835Z   pythonLocation: /opt/hostedtoolcache/Python/3.12.11/x64
2025-08-20T16:18:35.5485263Z   PKG_CONFIG_PATH: /opt/hostedtoolcache/Python/3.12.11/x64/lib/pkgconfig
2025-08-20T16:18:35.5485678Z   Python_ROOT_DIR: /opt/hostedtoolcache/Python/3.12.11/x64
2025-08-20T16:18:35.5486048Z   Python2_ROOT_DIR: /opt/hostedtoolcache/Python/3.12.11/x64
2025-08-20T16:18:35.5486649Z   Python3_ROOT_DIR: /opt/hostedtoolcache/Python/3.12.11/x64
2025-08-20T16:18:35.5487045Z   LD_LIBRARY_PATH: /opt/hostedtoolcache/Python/3.12.11/x64/lib
2025-08-20T16:18:35.5487362Z ##[endgroup]
2025-08-20T16:18:35.5553666Z ##[group]postgres container logs
2025-08-20T16:18:35.5681975Z initdb: warning: enabling "trust" authentication for local connections
2025-08-20T16:18:35.5684188Z initdb: hint: You can change this by editing pg_hba.conf or using the option -A, or --auth-local and --auth-host, the next time you run initdb.
2025-08-20T16:18:35.5685546Z The files belonging to this database system will be owned by user "postgres".
2025-08-20T16:18:35.5686685Z This user must also own the server process.
2025-08-20T16:18:35.5687057Z 
2025-08-20T16:18:35.5687530Z The database cluster will be initialized with locale "en_US.utf8".
2025-08-20T16:18:35.5688594Z The default database encoding has accordingly been set to "UTF8".
2025-08-20T16:18:35.5689489Z The default text search configuration will be set to "english".
2025-08-20T16:18:35.5689951Z 
2025-08-20T16:18:35.5690216Z Data page checksums are disabled.
2025-08-20T16:18:35.5690532Z 
2025-08-20T16:18:35.5691066Z fixing permissions on existing directory /var/lib/postgresql/data ... ok
2025-08-20T16:18:35.5691826Z creating subdirectories ... ok
2025-08-20T16:18:35.5692506Z selecting dynamic shared memory implementation ... posix
2025-08-20T16:18:35.5693140Z selecting default max_connections ... 100
2025-08-20T16:18:35.5693689Z selecting default shared_buffers ... 128MB
2025-08-20T16:18:35.5694255Z selecting default time zone ... Etc/UTC
2025-08-20T16:18:35.5694832Z creating configuration files ... ok
2025-08-20T16:18:35.5695327Z running bootstrap script ... ok
2025-08-20T16:18:35.5695876Z performing post-bootstrap initialization ... ok
2025-08-20T16:18:35.5696542Z syncing data to disk ... ok
2025-08-20T16:18:35.5696799Z 
2025-08-20T16:18:35.5696808Z 
2025-08-20T16:18:35.5697147Z Success. You can now start the database server using:
2025-08-20T16:18:35.5697496Z 
2025-08-20T16:18:35.5697754Z     pg_ctl -D /var/lib/postgresql/data -l logfile start
2025-08-20T16:18:35.5698095Z 
2025-08-20T16:18:35.5699297Z waiting for server to start....2025-08-20 16:15:52.337 UTC [48] LOG:  starting PostgreSQL 15.14 (Debian 15.14-1.pgdg13+1) on x86_64-pc-linux-gnu, compiled by gcc (Debian 14.2.0-19) 14.2.0, 64-bit
2025-08-20T16:18:35.5701222Z 2025-08-20 16:15:52.338 UTC [48] LOG:  listening on Unix socket "/var/run/postgresql/.s.PGSQL.5432"
2025-08-20T16:18:35.5702684Z 2025-08-20 16:15:52.645 UTC [1] LOG:  starting PostgreSQL 15.14 (Debian 15.14-1.pgdg13+1) on x86_64-pc-linux-gnu, compiled by gcc (Debian 14.2.0-19) 14.2.0, 64-bit
2025-08-20T16:18:35.5703882Z 2025-08-20 16:15:52.646 UTC [1] LOG:  listening on IPv4 address "0.0.0.0", port 5432
2025-08-20T16:18:35.5704764Z 2025-08-20 16:15:52.646 UTC [1] LOG:  listening on IPv6 address "::", port 5432
2025-08-20T16:18:35.5705652Z 2025-08-20 16:15:52.647 UTC [1] LOG:  listening on Unix socket "/var/run/postgresql/.s.PGSQL.5432"
2025-08-20T16:18:35.5706448Z 2025-08-20 16:15:52.649 UTC [64] LOG:  database system was shut down at 2025-08-20 16:15:52 UTC
2025-08-20T16:18:35.5707371Z 2025-08-20 16:15:52.653 UTC [1] LOG:  database system is ready to accept connections
2025-08-20T16:18:35.5707946Z 2025-08-20 16:15:52.341 UTC [51] LOG:  database system was shut down at 2025-08-20 16:15:52 UTC
2025-08-20T16:18:35.5708506Z 2025-08-20 16:15:52.345 UTC [48] LOG:  database system is ready to accept connections
2025-08-20T16:18:35.5708838Z  done
2025-08-20T16:18:35.5709070Z server started
2025-08-20T16:18:35.5709394Z CREATE DATABASE
2025-08-20T16:18:35.5709601Z 
2025-08-20T16:18:35.5709610Z 
2025-08-20T16:18:35.5710138Z /usr/local/bin/docker-entrypoint.sh: ignoring /docker-entrypoint-initdb.d/*
2025-08-20T16:18:35.5710638Z 
2025-08-20T16:18:35.5711257Z waiting for server to shut down...2025-08-20 16:15:52.525 UTC [48] LOG:  received fast shutdown request
2025-08-20T16:18:35.5711821Z .2025-08-20 16:15:52.526 UTC [48] LOG:  aborting any active transactions
2025-08-20T16:18:35.5712468Z 2025-08-20 16:15:52.528 UTC [48] LOG:  background worker "logical replication launcher" (PID 54) exited with exit code 1
2025-08-20T16:18:35.5713001Z 2025-08-20 16:15:52.528 UTC [49] LOG:  shutting down
2025-08-20T16:18:35.5713444Z 2025-08-20 16:15:52.528 UTC [49] LOG:  checkpoint starting: shutdown immediate
2025-08-20T16:18:35.5714760Z 2025-08-20 16:15:52.552 UTC [49] LOG:  checkpoint complete: wrote 922 buffers (5.6%); 0 WAL file(s) added, 0 removed, 0 recycled; write=0.014 s, sync=0.002 s, total=0.024 s; sync files=301, longest=0.001 s, average=0.001 s; distance=4239 kB, estimate=4239 kB
2025-08-20T16:18:35.5715713Z 2025-08-20 16:15:52.558 UTC [48] LOG:  database system is shut down
2025-08-20T16:18:35.5716017Z  done
2025-08-20T16:18:35.5716198Z server stopped
2025-08-20T16:18:35.5716549Z 
2025-08-20T16:18:35.5716776Z PostgreSQL init process complete; ready for start up.
2025-08-20T16:18:35.5717000Z 
2025-08-20T16:18:35.5717386Z ##[endgroup]
2025-08-20T16:18:35.5777602Z Post job cleanup.
2025-08-20T16:18:35.6752908Z [command]/usr/bin/git version
2025-08-20T16:18:35.6793342Z git version 2.50.1
2025-08-20T16:18:35.6848600Z Temporarily overriding HOME='/home/runner/work/_temp/c3dc5db7-dc32-49c3-9aff-8a53b90f35f4' before making global git config changes
2025-08-20T16:18:35.6850178Z Adding repository directory to the temporary git global config as a safe directory
2025-08-20T16:18:35.6854228Z [command]/usr/bin/git config --global --add safe.directory /home/runner/work/AWA-App/AWA-App
2025-08-20T16:18:35.6895687Z [command]/usr/bin/git config --local --name-only --get-regexp core\.sshCommand
2025-08-20T16:18:35.6934417Z [command]/usr/bin/git submodule foreach --recursive sh -c "git config --local --name-only --get-regexp 'core\.sshCommand' && git config --local --unset-all 'core.sshCommand' || :"
2025-08-20T16:18:35.7181447Z [command]/usr/bin/git config --local --name-only --get-regexp http\.https\:\/\/github\.com\/\.extraheader
2025-08-20T16:18:35.7205506Z http.https://github.com/.extraheader
2025-08-20T16:18:35.7219458Z [command]/usr/bin/git config --local --unset-all http.https://github.com/.extraheader
2025-08-20T16:18:35.7251605Z [command]/usr/bin/git submodule foreach --recursive sh -c "git config --local --name-only --get-regexp 'http\.https\:\/\/github\.com\/\.extraheader' && git config --local --unset-all 'http.https://github.com/.extraheader' || :"
2025-08-20T16:18:35.7586807Z Print service container logs: e287fcc9807f4893b2635fb87fc47f7f_postgres15_14324e
2025-08-20T16:18:35.7591561Z ##[command]/usr/bin/docker logs --details abe7b85163e12ca421282b894aaa01a9f395967b0872c7ef9d8fd39baa8513a7
2025-08-20T16:18:35.7721575Z  initdb: warning: enabling "trust" authentication for local connections
2025-08-20T16:18:35.7722428Z  The files belonging to this database system will be owned by user "postgres".
2025-08-20T16:18:35.7723623Z  initdb: hint: You can change this by editing pg_hba.conf or using the option -A, or --auth-local and --auth-host, the next time you run initdb.
2025-08-20T16:18:35.7725087Z  2025-08-20 16:15:52.645 UTC [1] LOG:  starting PostgreSQL 15.14 (Debian 15.14-1.pgdg13+1) on x86_64-pc-linux-gnu, compiled by gcc (Debian 14.2.0-19) 14.2.0, 64-bit
2025-08-20T16:18:35.7726187Z  2025-08-20 16:15:52.646 UTC [1] LOG:  listening on IPv4 address "0.0.0.0", port 5432
2025-08-20T16:18:35.7727178Z  2025-08-20 16:15:52.646 UTC [1] LOG:  listening on IPv6 address "::", port 5432
2025-08-20T16:18:35.7727993Z  2025-08-20 16:15:52.647 UTC [1] LOG:  listening on Unix socket "/var/run/postgresql/.s.PGSQL.5432"
2025-08-20T16:18:35.7728822Z  2025-08-20 16:15:52.649 UTC [64] LOG:  database system was shut down at 2025-08-20 16:15:52 UTC
2025-08-20T16:18:35.7729520Z  2025-08-20 16:15:52.653 UTC [1] LOG:  database system is ready to accept connections
2025-08-20T16:18:35.7730083Z  This user must also own the server process.
2025-08-20T16:18:35.7730523Z  
2025-08-20T16:18:35.7730964Z  The database cluster will be initialized with locale "en_US.utf8".
2025-08-20T16:18:35.7731663Z  The default database encoding has accordingly been set to "UTF8".
2025-08-20T16:18:35.7732329Z  The default text search configuration will be set to "english".
2025-08-20T16:18:35.7732832Z  
2025-08-20T16:18:35.7733121Z  Data page checksums are disabled.
2025-08-20T16:18:35.7733503Z  
2025-08-20T16:18:35.7733964Z  fixing permissions on existing directory /var/lib/postgresql/data ... ok
2025-08-20T16:18:35.7734898Z  creating subdirectories ... ok
2025-08-20T16:18:35.7735389Z  selecting dynamic shared memory implementation ... posix
2025-08-20T16:18:35.7735929Z  selecting default max_connections ... 100
2025-08-20T16:18:35.7736568Z  selecting default shared_buffers ... 128MB
2025-08-20T16:18:35.7737024Z  selecting default time zone ... Etc/UTC
2025-08-20T16:18:35.7737448Z  creating configuration files ... ok
2025-08-20T16:18:35.7737833Z  running bootstrap script ... ok
2025-08-20T16:18:35.7738240Z  performing post-bootstrap initialization ... ok
2025-08-20T16:18:35.7738664Z  syncing data to disk ... ok
2025-08-20T16:18:35.7738976Z  
2025-08-20T16:18:35.7739213Z  
2025-08-20T16:18:35.7739546Z  Success. You can now start the database server using:
2025-08-20T16:18:35.7740006Z  
2025-08-20T16:18:35.7740362Z      pg_ctl -D /var/lib/postgresql/data -l logfile start
2025-08-20T16:18:35.7740820Z  
2025-08-20T16:18:35.7741704Z  waiting for server to start....2025-08-20 16:15:52.337 UTC [48] LOG:  starting PostgreSQL 15.14 (Debian 15.14-1.pgdg13+1) on x86_64-pc-linux-gnu, compiled by gcc (Debian 14.2.0-19) 14.2.0, 64-bit
2025-08-20T16:18:35.7743180Z  2025-08-20 16:15:52.338 UTC [48] LOG:  listening on Unix socket "/var/run/postgresql/.s.PGSQL.5432"
2025-08-20T16:18:35.7744079Z  2025-08-20 16:15:52.341 UTC [51] LOG:  database system was shut down at 2025-08-20 16:15:52 UTC
2025-08-20T16:18:35.7745250Z  2025-08-20 16:15:52.345 UTC [48] LOG:  database system is ready to accept connections
2025-08-20T16:18:35.7745904Z   done
2025-08-20T16:18:35.7746206Z  server started
2025-08-20T16:18:35.7746772Z  CREATE DATABASE
2025-08-20T16:18:35.7747092Z  
2025-08-20T16:18:35.7747347Z  
2025-08-20T16:18:35.7747829Z  /usr/local/bin/docker-entrypoint.sh: ignoring /docker-entrypoint-initdb.d/*
2025-08-20T16:18:35.7748229Z  
2025-08-20T16:18:35.7748554Z  waiting for server to shut down...2025-08-20 16:15:52.525 UTC [48] LOG:  received fast shutdown request
2025-08-20T16:18:35.7749348Z  .2025-08-20 16:15:52.526 UTC [48] LOG:  aborting any active transactions
2025-08-20T16:18:35.7749928Z  2025-08-20 16:15:52.528 UTC [48] LOG:  background worker "logical replication launcher" (PID 54) exited with exit code 1
2025-08-20T16:18:35.7750402Z  2025-08-20 16:15:52.528 UTC [49] LOG:  shutting down
2025-08-20T16:18:35.7750754Z  2025-08-20 16:15:52.528 UTC [49] LOG:  checkpoint starting: shutdown immediate
2025-08-20T16:18:35.7751574Z  2025-08-20 16:15:52.552 UTC [49] LOG:  checkpoint complete: wrote 922 buffers (5.6%); 0 WAL file(s) added, 0 removed, 0 recycled; write=0.014 s, sync=0.002 s, total=0.024 s; sync files=301, longest=0.001 s, average=0.001 s; distance=4239 kB, estimate=4239 kB
2025-08-20T16:18:35.7752509Z  2025-08-20 16:15:52.558 UTC [48] LOG:  database system is shut down
2025-08-20T16:18:35.7752805Z   done
2025-08-20T16:18:35.7752978Z  server stopped
2025-08-20T16:18:35.7753159Z  
2025-08-20T16:18:35.7753382Z  PostgreSQL init process complete; ready for start up.
2025-08-20T16:18:35.7753661Z  
2025-08-20T16:18:35.7760077Z Stop and remove container: e287fcc9807f4893b2635fb87fc47f7f_postgres15_14324e
2025-08-20T16:18:35.7764883Z ##[command]/usr/bin/docker rm --force abe7b85163e12ca421282b894aaa01a9f395967b0872c7ef9d8fd39baa8513a7
2025-08-20T16:18:35.9062574Z abe7b85163e12ca421282b894aaa01a9f395967b0872c7ef9d8fd39baa8513a7
2025-08-20T16:18:35.9083360Z Print service container logs: ff2417701dc641d88d0dd6899c48cc68_redis7alpine_9e37e9
2025-08-20T16:18:35.9084621Z ##[command]/usr/bin/docker logs --details 927c4881fa532088640e1b0638f7edf6bf9afc4aa6cf645d82de05d1f1061ce3
2025-08-20T16:18:35.9210182Z  1:C 20 Aug 2025 16:15:54.057 # WARNING Memory overcommit must be enabled! Without it, a background save or replication may fail under low memory condition. Being disabled, it can also cause failures without low memory condition, see https://github.com/jemalloc/jemalloc/issues/1328. To fix this issue add 'vm.overcommit_memory = 1' to /etc/sysctl.conf and then reboot or run the command 'sysctl vm.overcommit_memory=1' for this to take effect.
2025-08-20T16:18:35.9212095Z  1:C 20 Aug 2025 16:15:54.057 * oO0OoO0OoO0Oo Redis is starting oO0OoO0OoO0Oo
2025-08-20T16:18:35.9212578Z  1:C 20 Aug 2025 16:15:54.057 * Redis version=7.4.5, bits=64, commit=00000000, modified=0, pid=1, just started
2025-08-20T16:18:35.9213307Z  1:C 20 Aug 2025 16:15:54.057 # Warning: no config file specified, using the default config. In order to specify a config file use redis-server /path/to/redis.conf
2025-08-20T16:18:35.9213949Z  1:M 20 Aug 2025 16:15:54.057 * monotonic clock: POSIX clock_gettime
2025-08-20T16:18:35.9214308Z  1:M 20 Aug 2025 16:15:54.058 * Running mode=standalone, port=6379.
2025-08-20T16:18:35.9214637Z  1:M 20 Aug 2025 16:15:54.058 * Server initialized
2025-08-20T16:18:35.9214962Z  1:M 20 Aug 2025 16:15:54.058 * Ready to accept connections tcp
2025-08-20T16:18:35.9222259Z Stop and remove container: ff2417701dc641d88d0dd6899c48cc68_redis7alpine_9e37e9
2025-08-20T16:18:35.9223121Z ##[command]/usr/bin/docker rm --force 927c4881fa532088640e1b0638f7edf6bf9afc4aa6cf645d82de05d1f1061ce3
2025-08-20T16:18:36.0414426Z 927c4881fa532088640e1b0638f7edf6bf9afc4aa6cf645d82de05d1f1061ce3
2025-08-20T16:18:36.0437487Z Remove container network: github_network_493fc830cb9e4f8d9b9d5d197c00c624
2025-08-20T16:18:36.0441723Z ##[command]/usr/bin/docker network rm github_network_493fc830cb9e4f8d9b9d5d197c00c624
2025-08-20T16:18:36.1633497Z github_network_493fc830cb9e4f8d9b9d5d197c00c624
2025-08-20T16:18:36.1694027Z Cleaning up orphan processes
